[2021-03-18T07:09:11.165+0000][22308][gc,heap] Heap region size: 1M
[2021-03-18T07:09:11.165+0000][22308][gc,heap,coops] Heap address: 0x00000000c0000000, size: 1024 MB, Compressed Oops mode: 32-bit
[2021-03-18T07:09:11.835+0000][22308][gc           ] Using G1
[2021-03-18T07:09:11.857+0000][22308][gc           ] Periodic GC disabled
[2021-03-18T07:09:12.454+0000][22308][safepoint    ] Safepoint "ICBufferFull", Time since last: 607960300 ns, Reaching safepoint: 191300 ns, At safepoint: 61000 ns, Total: 252300 ns
[2021-03-18T07:09:13.144+0000][22308][safepoint    ] Safepoint "ICBufferFull", Time since last: 689672600 ns, Reaching safepoint: 213500 ns, At safepoint: 72400 ns, Total: 285900 ns
[2021-03-18T07:09:13.450+0000][22308][gc,start     ] GC(0) Pause Young (Normal) (G1 Evacuation Pause)
[2021-03-18T07:09:13.451+0000][22308][gc,task      ] GC(0) Using 8 workers of 8 for evacuation
[2021-03-18T07:09:13.451+0000][22308][gc,age       ] GC(0) Desired survivor size 3670016 bytes, new threshold 15 (max threshold 15)
[2021-03-18T07:09:13.456+0000][22308][gc,age       ] GC(0) Age table with threshold 15 (max threshold 15)
[2021-03-18T07:09:13.456+0000][22308][gc,age       ] GC(0) - age   1:    5136280 bytes,    5136280 total
[2021-03-18T07:09:13.456+0000][22308][gc,phases    ] GC(0)   Pre Evacuate Collection Set: 0.1ms
[2021-03-18T07:09:13.456+0000][22308][gc,phases    ] GC(0)   Merge Heap Roots: 0.1ms
[2021-03-18T07:09:13.456+0000][22308][gc,phases    ] GC(0)   Evacuate Collection Set: 3.7ms
[2021-03-18T07:09:13.456+0000][22308][gc,phases    ] GC(0)   Post Evacuate Collection Set: 1.0ms
[2021-03-18T07:09:13.456+0000][22308][gc,phases    ] GC(0)   Other: 1.4ms
[2021-03-18T07:09:13.456+0000][22308][gc,heap      ] GC(0) Eden regions: 51->0(56)
[2021-03-18T07:09:13.456+0000][22308][gc,heap      ] GC(0) Survivor regions: 0->5(7)
[2021-03-18T07:09:13.457+0000][22308][gc,heap      ] GC(0) Old regions: 0->0
[2021-03-18T07:09:13.457+0000][22308][gc,heap      ] GC(0) Archive regions: 0->0
[2021-03-18T07:09:13.457+0000][22308][gc,heap      ] GC(0) Humongous regions: 1->1
[2021-03-18T07:09:13.457+0000][22308][gc,metaspace ] GC(0) Metaspace: 12582K(13312K)->12582K(13312K) NonClass: 11048K(11520K)->11048K(11520K) Class: 1533K(1792K)->1533K(1792K)
[2021-03-18T07:09:13.457+0000][22308][gc           ] GC(0) Pause Young (Normal) (G1 Evacuation Pause) 52M->5M(1024M) 6.488ms
[2021-03-18T07:09:13.457+0000][22308][gc,cpu       ] GC(0) User=0.00s Sys=0.03s Real=0.01s
[2021-03-18T07:09:13.457+0000][22308][safepoint    ] Safepoint "G1CollectForAllocation", Time since last: 306631000 ns, Reaching safepoint: 152600 ns, At safepoint: 6628200 ns, Total: 6780800 ns
[2021-03-18T07:09:13.907+0000][22308][safepoint    ] Safepoint "BulkRevokeBias", Time since last: 450001000 ns, Reaching safepoint: 100500 ns, At safepoint: 98500 ns, Total: 199000 ns
[2021-03-18T07:09:14.190+0000][22308][gc,start     ] GC(1) Pause Young (Normal) (G1 Evacuation Pause)
[2021-03-18T07:09:14.190+0000][22308][gc,task      ] GC(1) Using 8 workers of 8 for evacuation
[2021-03-18T07:09:14.190+0000][22308][gc,age       ] GC(1) Desired survivor size 4194304 bytes, new threshold 1 (max threshold 15)
[2021-03-18T07:09:14.195+0000][22308][gc,age       ] GC(1) Age table with threshold 1 (max threshold 15)
[2021-03-18T07:09:14.195+0000][22308][gc,age       ] GC(1) - age   1:    1103120 bytes,    1103120 total
[2021-03-18T07:09:14.195+0000][22308][gc,phases    ] GC(1)   Pre Evacuate Collection Set: 0.1ms
[2021-03-18T07:09:14.195+0000][22308][gc,phases    ] GC(1)   Merge Heap Roots: 0.0ms
[2021-03-18T07:09:14.195+0000][22308][gc,phases    ] GC(1)   Evacuate Collection Set: 4.4ms
[2021-03-18T07:09:14.195+0000][22308][gc,phases    ] GC(1)   Post Evacuate Collection Set: 0.6ms
[2021-03-18T07:09:14.195+0000][22308][gc,phases    ] GC(1)   Other: 0.3ms
[2021-03-18T07:09:14.195+0000][22308][gc,heap      ] GC(1) Eden regions: 56->0(612)
[2021-03-18T07:09:14.195+0000][22308][gc,heap      ] GC(1) Survivor regions: 5->2(8)
[2021-03-18T07:09:14.195+0000][22308][gc,heap      ] GC(1) Old regions: 0->5
[2021-03-18T07:09:14.196+0000][22308][gc,heap      ] GC(1) Archive regions: 0->0
[2021-03-18T07:09:14.196+0000][22308][gc,heap      ] GC(1) Humongous regions: 1->1
[2021-03-18T07:09:14.196+0000][22308][gc,metaspace ] GC(1) Metaspace: 14465K(15232K)->14465K(15232K) NonClass: 12734K(13312K)->12734K(13312K) Class: 1730K(1920K)->1730K(1920K)
[2021-03-18T07:09:14.196+0000][22308][gc           ] GC(1) Pause Young (Normal) (G1 Evacuation Pause) 61M->7M(1024M) 5.951ms
[2021-03-18T07:09:14.196+0000][22308][gc,cpu       ] GC(1) User=0.00s Sys=0.00s Real=0.01s
[2021-03-18T07:09:14.196+0000][22308][safepoint    ] Safepoint "G1CollectForAllocation", Time since last: 282342900 ns, Reaching safepoint: 144200 ns, At safepoint: 6095900 ns, Total: 6240100 ns
[2021-03-18T07:09:14.196+0000][22308][safepoint    ] Safepoint "BulkRevokeBias", Time since last: 165500 ns, Reaching safepoint: 171600 ns, At safepoint: 98200 ns, Total: 269800 ns
[2021-03-18T07:09:14.809+0000][22308][safepoint    ] Safepoint "ICBufferFull", Time since last: 612084200 ns, Reaching safepoint: 150000 ns, At safepoint: 3000 ns, Total: 153000 ns
[2021-03-18T07:09:15.256+0000][22308][gc,start     ] GC(2) Pause Young (Concurrent Start) (Metadata GC Threshold)
[2021-03-18T07:09:15.256+0000][22308][gc,task      ] GC(2) Using 8 workers of 8 for evacuation
[2021-03-18T07:09:15.256+0000][22308][gc,age       ] GC(2) Desired survivor size 40370176 bytes, new threshold 15 (max threshold 15)
[2021-03-18T07:09:15.261+0000][22308][gc,age       ] GC(2) Age table with threshold 15 (max threshold 15)
[2021-03-18T07:09:15.261+0000][22308][gc,age       ] GC(2) - age   1:    5706936 bytes,    5706936 total
[2021-03-18T07:09:15.261+0000][22308][gc,age       ] GC(2) - age   2:    1087616 bytes,    6794552 total
[2021-03-18T07:09:15.261+0000][22308][gc,phases    ] GC(2)   Pre Evacuate Collection Set: 0.1ms
[2021-03-18T07:09:15.261+0000][22308][gc,phases    ] GC(2)   Merge Heap Roots: 0.1ms
[2021-03-18T07:09:15.261+0000][22308][gc,phases    ] GC(2)   Evacuate Collection Set: 3.4ms
[2021-03-18T07:09:15.261+0000][22308][gc,phases    ] GC(2)   Post Evacuate Collection Set: 1.0ms
[2021-03-18T07:09:15.261+0000][22308][gc,phases    ] GC(2)   Other: 0.6ms
[2021-03-18T07:09:15.261+0000][22308][gc,heap      ] GC(2) Eden regions: 304->0(537)
[2021-03-18T07:09:15.262+0000][22308][gc,heap      ] GC(2) Survivor regions: 2->7(77)
[2021-03-18T07:09:15.262+0000][22308][gc,heap      ] GC(2) Old regions: 5->5
[2021-03-18T07:09:15.262+0000][22308][gc,heap      ] GC(2) Archive regions: 0->0
[2021-03-18T07:09:15.262+0000][22308][gc,heap      ] GC(2) Humongous regions: 1->1
[2021-03-18T07:09:15.262+0000][22308][gc,metaspace ] GC(2) Metaspace: 20233K(21248K)->20233K(21248K) NonClass: 17836K(18432K)->17836K(18432K) Class: 2397K(2816K)->2397K(2816K)
[2021-03-18T07:09:15.262+0000][22308][gc           ] GC(2) Pause Young (Concurrent Start) (Metadata GC Threshold) 311M->12M(1024M) 5.499ms
[2021-03-18T07:09:15.262+0000][22308][gc,cpu       ] GC(2) User=0.00s Sys=0.00s Real=0.01s
[2021-03-18T07:09:15.262+0000][22308][gc           ] GC(3) Concurrent Cycle
[2021-03-18T07:09:15.262+0000][22308][gc,marking   ] GC(3) Concurrent Clear Claimed Marks
[2021-03-18T07:09:15.262+0000][22308][gc,marking   ] GC(3) Concurrent Clear Claimed Marks 0.047ms
[2021-03-18T07:09:15.262+0000][22308][gc,marking   ] GC(3) Concurrent Scan Root Regions
[2021-03-18T07:09:15.262+0000][22308][safepoint    ] Safepoint "CollectForMetadataAllocation", Time since last: 447826200 ns, Reaching safepoint: 81400 ns, At safepoint: 5844200 ns, Total: 5925600 ns
[2021-03-18T07:09:15.263+0000][22308][safepoint    ] Safepoint "BulkRevokeBias", Time since last: 780600 ns, Reaching safepoint: 475100 ns, At safepoint: 181700 ns, Total: 656800 ns
[2021-03-18T07:09:15.264+0000][22308][safepoint    ] Safepoint "BulkRevokeBias", Time since last: 329500 ns, Reaching safepoint: 81400 ns, At safepoint: 272800 ns, Total: 354200 ns
[2021-03-18T07:09:15.265+0000][22308][safepoint    ] Safepoint "BulkRevokeBias", Time since last: 108800 ns, Reaching safepoint: 264600 ns, At safepoint: 142200 ns, Total: 406800 ns
[2021-03-18T07:09:15.266+0000][22308][gc,marking   ] GC(3) Concurrent Scan Root Regions 3.649ms
[2021-03-18T07:09:15.266+0000][22308][gc,marking   ] GC(3) Concurrent Mark (4.133s)
[2021-03-18T07:09:15.266+0000][22308][gc,marking   ] GC(3) Concurrent Mark From Roots
[2021-03-18T07:09:15.266+0000][22308][gc,task      ] GC(3) Using 2 workers of 2 for marking
[2021-03-18T07:09:15.274+0000][22308][gc,marking   ] GC(3) Concurrent Mark From Roots 8.547ms
[2021-03-18T07:09:15.274+0000][22308][gc,marking   ] GC(3) Concurrent Preclean
[2021-03-18T07:09:15.275+0000][22308][gc,marking   ] GC(3) Concurrent Preclean 0.432ms
[2021-03-18T07:09:15.275+0000][22308][gc,marking   ] GC(3) Concurrent Mark (4.133s, 4.142s) 9.171ms
[2021-03-18T07:09:15.275+0000][22308][gc,start     ] GC(3) Pause Remark
[2021-03-18T07:09:15.277+0000][22308][gc           ] GC(3) Pause Remark 14M->14M(1024M) 1.954ms
[2021-03-18T07:09:15.277+0000][22308][gc,cpu       ] GC(3) User=0.00s Sys=0.00s Real=0.00s
[2021-03-18T07:09:15.277+0000][22308][safepoint    ] Safepoint "G1Concurrent", Time since last: 10235000 ns, Reaching safepoint: 76300 ns, At safepoint: 2114900 ns, Total: 2191200 ns
[2021-03-18T07:09:15.277+0000][22308][gc,marking   ] GC(3) Concurrent Rebuild Remembered Sets
[2021-03-18T07:09:15.281+0000][22308][gc,marking   ] GC(3) Concurrent Rebuild Remembered Sets 4.054ms
[2021-03-18T07:09:15.282+0000][22308][gc,start     ] GC(3) Pause Cleanup
[2021-03-18T07:09:15.282+0000][22308][gc           ] GC(3) Pause Cleanup 18M->18M(1024M) 0.201ms
[2021-03-18T07:09:15.282+0000][22308][gc,cpu       ] GC(3) User=0.00s Sys=0.00s Real=0.00s
[2021-03-18T07:09:15.282+0000][22308][safepoint    ] Safepoint "G1Concurrent", Time since last: 4239000 ns, Reaching safepoint: 499400 ns, At safepoint: 306700 ns, Total: 806100 ns
[2021-03-18T07:09:15.282+0000][22308][gc,marking   ] GC(3) Concurrent Cleanup for Next Mark
[2021-03-18T07:09:15.284+0000][22308][gc,marking   ] GC(3) Concurrent Cleanup for Next Mark 1.528ms
[2021-03-18T07:09:15.284+0000][22308][gc           ] GC(3) Concurrent Cycle 22.038ms
[2021-03-18T07:09:16.290+0000][22308][safepoint    ] Safepoint "Cleanup", Time since last: 1007780600 ns, Reaching safepoint: 408300 ns, At safepoint: 6600 ns, Total: 414900 ns
[2021-03-18T07:09:17.291+0000][22308][safepoint    ] Safepoint "Cleanup", Time since last: 1000945200 ns, Reaching safepoint: 204300 ns, At safepoint: 1800 ns, Total: 206100 ns
[2021-03-18T07:09:17.847+0000][22308][gc,start     ] GC(4) Pause Young (Normal) (G1 Evacuation Pause)
[2021-03-18T07:09:17.848+0000][22308][gc,task      ] GC(4) Using 8 workers of 8 for evacuation
[2021-03-18T07:09:17.848+0000][22308][gc,age       ] GC(4) Desired survivor size 38797312 bytes, new threshold 15 (max threshold 15)
[2021-03-18T07:09:17.862+0000][22308][gc,age       ] GC(4) Age table with threshold 15 (max threshold 15)
[2021-03-18T07:09:17.862+0000][22308][gc,age       ] GC(4) - age   1:   11639672 bytes,   11639672 total
[2021-03-18T07:09:17.862+0000][22308][gc,age       ] GC(4) - age   2:    5631128 bytes,   17270800 total
[2021-03-18T07:09:17.862+0000][22308][gc,age       ] GC(4) - age   3:    1054856 bytes,   18325656 total
[2021-03-18T07:09:17.862+0000][22308][gc,phases    ] GC(4)   Pre Evacuate Collection Set: 0.1ms
[2021-03-18T07:09:17.862+0000][22308][gc,phases    ] GC(4)   Merge Heap Roots: 0.1ms
[2021-03-18T07:09:17.862+0000][22308][gc,phases    ] GC(4)   Evacuate Collection Set: 12.0ms
[2021-03-18T07:09:17.862+0000][22308][gc,phases    ] GC(4)   Post Evacuate Collection Set: 2.2ms
[2021-03-18T07:09:17.862+0000][22308][gc,phases    ] GC(4)   Other: 0.6ms
[2021-03-18T07:09:17.863+0000][22308][gc,heap      ] GC(4) Eden regions: 583->0(595)
[2021-03-18T07:09:17.863+0000][22308][gc,heap      ] GC(4) Survivor regions: 7->19(74)
[2021-03-18T07:09:17.863+0000][22308][gc,heap      ] GC(4) Old regions: 5->5
[2021-03-18T07:09:17.863+0000][22308][gc,heap      ] GC(4) Archive regions: 0->0
[2021-03-18T07:09:17.863+0000][22308][gc,heap      ] GC(4) Humongous regions: 2->1
[2021-03-18T07:09:17.863+0000][22308][gc,metaspace ] GC(4) Metaspace: 28456K(30464K)->28456K(30464K) NonClass: 24983K(26368K)->24983K(26368K) Class: 3473K(4096K)->3473K(4096K)
[2021-03-18T07:09:17.863+0000][22308][gc           ] GC(4) Pause Young (Normal) (G1 Evacuation Pause) 596M->24M(1024M) 15.365ms
[2021-03-18T07:09:17.863+0000][22308][gc,cpu       ] GC(4) User=0.13s Sys=0.00s Real=0.02s
[2021-03-18T07:09:17.863+0000][22308][safepoint    ] Safepoint "G1CollectForAllocation", Time since last: 555370500 ns, Reaching safepoint: 170400 ns, At safepoint: 15579400 ns, Total: 15749800 ns
[2021-03-18T07:09:17.867+0000][22308][safepoint    ] Safepoint "BulkRevokeBias", Time since last: 3585600 ns, Reaching safepoint: 68600 ns, At safepoint: 70700 ns, Total: 139300 ns
[2021-03-18T07:09:17.867+0000][22308][safepoint    ] Safepoint "BulkRevokeBias", Time since last: 328400 ns, Reaching safepoint: 55000 ns, At safepoint: 98600 ns, Total: 153600 ns
[2021-03-18T07:09:19.061+0000][22308][safepoint    ] Safepoint "ICBufferFull", Time since last: 1193852000 ns, Reaching safepoint: 155500 ns, At safepoint: 3200 ns, Total: 158700 ns
[2021-03-18T07:09:19.374+0000][22308][gc,start     ] GC(5) Pause Young (Concurrent Start) (Metadata GC Threshold)
[2021-03-18T07:09:19.374+0000][22308][gc,task      ] GC(5) Using 8 workers of 8 for evacuation
[2021-03-18T07:09:19.374+0000][22308][gc,age       ] GC(5) Desired survivor size 40370176 bytes, new threshold 15 (max threshold 15)
[2021-03-18T07:09:19.405+0000][22308][gc,age       ] GC(5) Age table with threshold 15 (max threshold 15)
[2021-03-18T07:09:19.405+0000][22308][gc,age       ] GC(5) - age   1:   28352408 bytes,   28352408 total
[2021-03-18T07:09:19.405+0000][22308][gc,age       ] GC(5) - age   2:   11517928 bytes,   39870336 total
[2021-03-18T07:09:19.405+0000][22308][gc,age       ] GC(5) - age   3:    5598296 bytes,   45468632 total
[2021-03-18T07:09:19.405+0000][22308][gc,age       ] GC(5) - age   4:    1053928 bytes,   46522560 total
[2021-03-18T07:09:19.405+0000][22308][gc,phases    ] GC(5)   Pre Evacuate Collection Set: 0.1ms
[2021-03-18T07:09:19.405+0000][22308][gc,phases    ] GC(5)   Merge Heap Roots: 0.0ms
[2021-03-18T07:09:19.405+0000][22308][gc,phases    ] GC(5)   Evacuate Collection Set: 29.5ms
[2021-03-18T07:09:19.405+0000][22308][gc,phases    ] GC(5)   Post Evacuate Collection Set: 1.3ms
[2021-03-18T07:09:19.405+0000][22308][gc,phases    ] GC(5)   Other: 0.4ms
[2021-03-18T07:09:19.405+0000][22308][gc,heap      ] GC(5) Eden regions: 181->0(496)
[2021-03-18T07:09:19.406+0000][22308][gc,heap      ] GC(5) Survivor regions: 19->46(77)
[2021-03-18T07:09:19.406+0000][22308][gc,heap      ] GC(5) Old regions: 5->5
[2021-03-18T07:09:19.406+0000][22308][gc,heap      ] GC(5) Archive regions: 0->0
[2021-03-18T07:09:19.406+0000][22308][gc,heap      ] GC(5) Humongous regions: 1->1
[2021-03-18T07:09:19.406+0000][22308][gc,metaspace ] GC(5) Metaspace: 33506K(35840K)->33506K(35840K) NonClass: 29239K(30720K)->29239K(30720K) Class: 4267K(5120K)->4267K(5120K)
[2021-03-18T07:09:19.406+0000][22308][gc           ] GC(5) Pause Young (Concurrent Start) (Metadata GC Threshold) 205M->51M(1024M) 31.630ms
[2021-03-18T07:09:19.406+0000][22308][gc,cpu       ] GC(5) User=0.14s Sys=0.02s Real=0.03s
[2021-03-18T07:09:19.406+0000][22308][gc           ] GC(6) Concurrent Cycle
[2021-03-18T07:09:19.406+0000][22308][gc,marking   ] GC(6) Concurrent Clear Claimed Marks
[2021-03-18T07:09:19.406+0000][22308][gc,marking   ] GC(6) Concurrent Clear Claimed Marks 0.086ms
[2021-03-18T07:09:19.406+0000][22308][gc,marking   ] GC(6) Concurrent Scan Root Regions
[2021-03-18T07:09:19.406+0000][22308][safepoint    ] Safepoint "CollectForMetadataAllocation", Time since last: 312570100 ns, Reaching safepoint: 92100 ns, At safepoint: 31928700 ns, Total: 32020800 ns
[2021-03-18T07:09:19.424+0000][22308][gc,marking   ] GC(6) Concurrent Scan Root Regions 18.164ms
[2021-03-18T07:09:19.424+0000][22308][gc,marking   ] GC(6) Concurrent Mark (8.291s)
[2021-03-18T07:09:19.424+0000][22308][gc,marking   ] GC(6) Concurrent Mark From Roots
[2021-03-18T07:09:19.424+0000][22308][gc,task      ] GC(6) Using 2 workers of 2 for marking
[2021-03-18T07:09:19.431+0000][22308][gc,marking   ] GC(6) Concurrent Mark From Roots 7.307ms
[2021-03-18T07:09:19.431+0000][22308][gc,marking   ] GC(6) Concurrent Preclean
[2021-03-18T07:09:19.432+0000][22308][gc,marking   ] GC(6) Concurrent Preclean 0.313ms
[2021-03-18T07:09:19.432+0000][22308][gc,marking   ] GC(6) Concurrent Mark (8.291s, 8.299s) 7.890ms
[2021-03-18T07:09:19.432+0000][22308][gc,start     ] GC(6) Pause Remark
[2021-03-18T07:09:19.433+0000][22308][gc           ] GC(6) Pause Remark 54M->54M(1024M) 1.606ms
[2021-03-18T07:09:19.434+0000][22308][gc,cpu       ] GC(6) User=0.00s Sys=0.00s Real=0.00s
[2021-03-18T07:09:19.434+0000][22308][safepoint    ] Safepoint "G1Concurrent", Time since last: 26219200 ns, Reaching safepoint: 92300 ns, At safepoint: 1713700 ns, Total: 1806000 ns
[2021-03-18T07:09:19.434+0000][22308][gc,marking   ] GC(6) Concurrent Rebuild Remembered Sets
[2021-03-18T07:09:19.437+0000][22308][gc,marking   ] GC(6) Concurrent Rebuild Remembered Sets 3.885ms
[2021-03-18T07:09:19.438+0000][22308][gc,start     ] GC(6) Pause Cleanup
[2021-03-18T07:09:19.438+0000][22308][gc           ] GC(6) Pause Cleanup 57M->57M(1024M) 0.166ms
[2021-03-18T07:09:19.438+0000][22308][gc,cpu       ] GC(6) User=0.00s Sys=0.00s Real=0.00s
[2021-03-18T07:09:19.438+0000][22308][safepoint    ] Safepoint "G1Concurrent", Time since last: 4065800 ns, Reaching safepoint: 279600 ns, At safepoint: 272800 ns, Total: 552400 ns
[2021-03-18T07:09:19.438+0000][22308][gc,marking   ] GC(6) Concurrent Cleanup for Next Mark
[2021-03-18T07:09:19.440+0000][22308][gc,marking   ] GC(6) Concurrent Cleanup for Next Mark 2.060ms
[2021-03-18T07:09:19.440+0000][22308][gc           ] GC(6) Concurrent Cycle 35.061ms
[2021-03-18T07:09:20.351+0000][22308][safepoint    ] Safepoint "ICBufferFull", Time since last: 912362200 ns, Reaching safepoint: 195000 ns, At safepoint: 18500 ns, Total: 213500 ns
[2021-03-18T07:09:20.861+0000][22308][safepoint    ] Safepoint "ICBufferFull", Time since last: 509954000 ns, Reaching safepoint: 138500 ns, At safepoint: 17900 ns, Total: 156400 ns
[2021-03-18T07:09:21.165+0000][22308][safepoint    ] Safepoint "BulkRevokeBias", Time since last: 303835100 ns, Reaching safepoint: 253500 ns, At safepoint: 115500 ns, Total: 369000 ns
[2021-03-18T07:09:21.321+0000][22308][safepoint    ] Safepoint "BulkRevokeBias", Time since last: 155075400 ns, Reaching safepoint: 253300 ns, At safepoint: 320800 ns, Total: 574100 ns
[2021-03-18T07:09:21.336+0000][22308][safepoint    ] Safepoint "BulkRevokeBias", Time since last: 15247300 ns, Reaching safepoint: 181600 ns, At safepoint: 382500 ns, Total: 564100 ns
[2021-03-18T07:09:21.568+0000][22308][safepoint    ] Safepoint "BulkRevokeBias", Time since last: 231194300 ns, Reaching safepoint: 164200 ns, At safepoint: 76000 ns, Total: 240200 ns
[2021-03-18T07:09:22.051+0000][22308][gc,start     ] GC(7) Pause Young (Concurrent Start) (Metadata GC Threshold)
[2021-03-18T07:09:22.051+0000][22308][gc,task      ] GC(7) Using 8 workers of 8 for evacuation
[2021-03-18T07:09:22.051+0000][22308][gc,age       ] GC(7) Desired survivor size 40370176 bytes, new threshold 3 (max threshold 15)
[2021-03-18T07:09:22.086+0000][22308][gc,age       ] GC(7) Age table with threshold 3 (max threshold 15)
[2021-03-18T07:09:22.086+0000][22308][gc,age       ] GC(7) - age   1:    8768896 bytes,    8768896 total
[2021-03-18T07:09:22.086+0000][22308][gc,age       ] GC(7) - age   2:   28147240 bytes,   36916136 total
[2021-03-18T07:09:22.086+0000][22308][gc,age       ] GC(7) - age   3:   11321000 bytes,   48237136 total
[2021-03-18T07:09:22.086+0000][22308][gc,phases    ] GC(7)   Pre Evacuate Collection Set: 0.3ms
[2021-03-18T07:09:22.086+0000][22308][gc,phases    ] GC(7)   Merge Heap Roots: 0.1ms
[2021-03-18T07:09:22.086+0000][22308][gc,phases    ] GC(7)   Evacuate Collection Set: 33.1ms
[2021-03-18T07:09:22.086+0000][22308][gc,phases    ] GC(7)   Post Evacuate Collection Set: 1.8ms
[2021-03-18T07:09:22.086+0000][22308][gc,phases    ] GC(7)   Other: 0.5ms
[2021-03-18T07:09:22.086+0000][22308][gc,heap      ] GC(7) Eden regions: 248->0(211)
[2021-03-18T07:09:22.086+0000][22308][gc,heap      ] GC(7) Survivor regions: 46->48(77)
[2021-03-18T07:09:22.086+0000][22308][gc,heap      ] GC(7) Old regions: 5->12
[2021-03-18T07:09:22.086+0000][22308][gc,heap      ] GC(7) Archive regions: 0->0
[2021-03-18T07:09:22.086+0000][22308][gc,heap      ] GC(7) Humongous regions: 1->1
[2021-03-18T07:09:22.087+0000][22308][gc,metaspace ] GC(7) Metaspace: 56007K(60160K)->56007K(60160K) NonClass: 48350K(50816K)->48350K(50816K) Class: 7656K(9344K)->7656K(9344K)
[2021-03-18T07:09:22.087+0000][22308][gc           ] GC(7) Pause Young (Concurrent Start) (Metadata GC Threshold) 299M->60M(1024M) 36.016ms
[2021-03-18T07:09:22.087+0000][22308][gc,cpu       ] GC(7) User=0.25s Sys=0.00s Real=0.04s
[2021-03-18T07:09:22.087+0000][22308][gc           ] GC(8) Concurrent Cycle
[2021-03-18T07:09:22.087+0000][22308][gc,marking   ] GC(8) Concurrent Clear Claimed Marks
[2021-03-18T07:09:22.087+0000][22308][safepoint    ] Safepoint "CollectForMetadataAllocation", Time since last: 482312700 ns, Reaching safepoint: 379700 ns, At safepoint: 36228700 ns, Total: 36608400 ns
[2021-03-18T07:09:22.087+0000][22308][gc,marking   ] GC(8) Concurrent Clear Claimed Marks 0.220ms
[2021-03-18T07:09:22.087+0000][22308][gc,marking   ] GC(8) Concurrent Scan Root Regions
[2021-03-18T07:09:22.113+0000][22308][gc,marking   ] GC(8) Concurrent Scan Root Regions 26.006ms
[2021-03-18T07:09:22.113+0000][22308][gc,marking   ] GC(8) Concurrent Mark (10.980s)
[2021-03-18T07:09:22.113+0000][22308][gc,marking   ] GC(8) Concurrent Mark From Roots
[2021-03-18T07:09:22.113+0000][22308][gc,task      ] GC(8) Using 2 workers of 2 for marking
[2021-03-18T07:09:22.121+0000][22308][gc,marking   ] GC(8) Concurrent Mark From Roots 7.389ms
[2021-03-18T07:09:22.121+0000][22308][gc,marking   ] GC(8) Concurrent Preclean
[2021-03-18T07:09:22.121+0000][22308][gc,marking   ] GC(8) Concurrent Preclean 0.365ms
[2021-03-18T07:09:22.121+0000][22308][gc,marking   ] GC(8) Concurrent Mark (10.980s, 10.988s) 7.926ms
[2021-03-18T07:09:22.121+0000][22308][gc,start     ] GC(8) Pause Remark
[2021-03-18T07:09:22.123+0000][22308][gc           ] GC(8) Pause Remark 63M->63M(1024M) 2.296ms
[2021-03-18T07:09:22.123+0000][22308][gc,cpu       ] GC(8) User=0.13s Sys=0.00s Real=0.00s
[2021-03-18T07:09:22.124+0000][22308][safepoint    ] Safepoint "G1Concurrent", Time since last: 34294700 ns, Reaching safepoint: 60200 ns, At safepoint: 2453800 ns, Total: 2514000 ns
[2021-03-18T07:09:22.124+0000][22308][gc,marking   ] GC(8) Concurrent Rebuild Remembered Sets
[2021-03-18T07:09:22.130+0000][22308][gc,marking   ] GC(8) Concurrent Rebuild Remembered Sets 6.698ms
[2021-03-18T07:09:22.132+0000][22308][gc,start     ] GC(8) Pause Cleanup
[2021-03-18T07:09:22.132+0000][22308][gc           ] GC(8) Pause Cleanup 63M->63M(1024M) 0.276ms
[2021-03-18T07:09:22.132+0000][22308][gc,cpu       ] GC(8) User=0.00s Sys=0.00s Real=0.00s
[2021-03-18T07:09:22.132+0000][22308][safepoint    ] Safepoint "G1Concurrent", Time since last: 6965500 ns, Reaching safepoint: 1043200 ns, At safepoint: 408800 ns, Total: 1452000 ns
[2021-03-18T07:09:22.132+0000][22308][gc,marking   ] GC(8) Concurrent Cleanup for Next Mark
[2021-03-18T07:09:22.134+0000][22308][gc,marking   ] GC(8) Concurrent Cleanup for Next Mark 1.575ms
[2021-03-18T07:09:22.134+0000][22308][gc           ] GC(8) Concurrent Cycle 47.145ms
[2021-03-18T07:09:22.625+0000][22308][safepoint    ] Safepoint "ICBufferFull", Time since last: 492419300 ns, Reaching safepoint: 563800 ns, At safepoint: 14100 ns, Total: 577900 ns
[2021-03-18T07:09:23.255+0000][22308][safepoint    ] Safepoint "BulkRevokeBias", Time since last: 629278000 ns, Reaching safepoint: 246400 ns, At safepoint: 530600 ns, Total: 777000 ns
[2021-03-18T07:09:24.855+0000][22308][safepoint    ] Safepoint "Cleanup", Time since last: 1599749600 ns, Reaching safepoint: 170100 ns, At safepoint: 61200 ns, Total: 231300 ns
[2021-03-18T07:09:26.257+0000][22308][safepoint    ] Safepoint "Cleanup", Time since last: 1401333800 ns, Reaching safepoint: 339100 ns, At safepoint: 83300 ns, Total: 422400 ns
[2021-03-18T07:09:26.354+0000][22308][safepoint    ] Safepoint "BulkRevokeBias", Time since last: 96376300 ns, Reaching safepoint: 289300 ns, At safepoint: 702100 ns, Total: 991400 ns
[2021-03-18T07:09:26.355+0000][22308][safepoint    ] Safepoint "BulkRevokeBias", Time since last: 300900 ns, Reaching safepoint: 246900 ns, At safepoint: 650900 ns, Total: 897800 ns
[2021-03-18T07:09:26.357+0000][22308][safepoint    ] Safepoint "BulkRevokeBias", Time since last: 231600 ns, Reaching safepoint: 125900 ns, At safepoint: 678500 ns, Total: 804400 ns
[2021-03-18T07:09:26.397+0000][22308][safepoint    ] Safepoint "BulkRevokeBias", Time since last: 40017400 ns, Reaching safepoint: 94300 ns, At safepoint: 718500 ns, Total: 812800 ns
[2021-03-18T07:09:26.492+0000][22308][safepoint    ] Safepoint "BulkRevokeBias", Time since last: 93566100 ns, Reaching safepoint: 122400 ns, At safepoint: 894900 ns, Total: 1017300 ns
[2021-03-18T07:09:26.538+0000][22308][safepoint    ] Safepoint "BulkRevokeBias", Time since last: 44931500 ns, Reaching safepoint: 305500 ns, At safepoint: 796600 ns, Total: 1102100 ns
[2021-03-18T07:09:26.639+0000][22308][safepoint    ] Safepoint "BulkRevokeBias", Time since last: 100080600 ns, Reaching safepoint: 137100 ns, At safepoint: 1000000 ns, Total: 1137100 ns
[2021-03-18T07:09:26.855+0000][22308][safepoint    ] Safepoint "ICBufferFull", Time since last: 215457400 ns, Reaching safepoint: 210600 ns, At safepoint: 6900 ns, Total: 217500 ns
[2021-03-18T07:09:26.931+0000][22308][safepoint    ] Safepoint "BulkRevokeBias", Time since last: 74377800 ns, Reaching safepoint: 228900 ns, At safepoint: 1485400 ns, Total: 1714300 ns
[2021-03-18T07:09:27.155+0000][22308][safepoint    ] Safepoint "BulkRevokeBias", Time since last: 221132900 ns, Reaching safepoint: 146100 ns, At safepoint: 2629200 ns, Total: 2775300 ns
[2021-03-18T07:09:27.345+0000][22308][safepoint    ] Safepoint "BulkRevokeBias", Time since last: 188986800 ns, Reaching safepoint: 151900 ns, At safepoint: 997200 ns, Total: 1149100 ns
[2021-03-18T07:09:27.633+0000][22308][gc,start     ] GC(9) Pause Young (Normal) (G1 Evacuation Pause)
[2021-03-18T07:09:27.633+0000][22308][gc,task      ] GC(9) Using 8 workers of 8 for evacuation
[2021-03-18T07:09:27.633+0000][22308][gc,age       ] GC(9) Desired survivor size 24117248 bytes, new threshold 2 (max threshold 15)
[2021-03-18T07:09:27.677+0000][22308][gc,age       ] GC(9) Age table with threshold 2 (max threshold 15)
[2021-03-18T07:09:27.677+0000][22308][gc,age       ] GC(9) - age   1:   10663952 bytes,   10663952 total
[2021-03-18T07:09:27.677+0000][22308][gc,age       ] GC(9) - age   2:    8223216 bytes,   18887168 total
[2021-03-18T07:09:27.677+0000][22308][gc,phases    ] GC(9)   Pre Evacuate Collection Set: 0.2ms
[2021-03-18T07:09:27.677+0000][22308][gc,phases    ] GC(9)   Merge Heap Roots: 0.1ms
[2021-03-18T07:09:27.677+0000][22308][gc,phases    ] GC(9)   Evacuate Collection Set: 41.7ms
[2021-03-18T07:09:27.677+0000][22308][gc,phases    ] GC(9)   Post Evacuate Collection Set: 1.9ms
[2021-03-18T07:09:27.677+0000][22308][gc,phases    ] GC(9)   Other: 0.4ms
[2021-03-18T07:09:27.677+0000][22308][gc,heap      ] GC(9) Eden regions: 317->0(594)
[2021-03-18T07:09:27.677+0000][22308][gc,heap      ] GC(9) Survivor regions: 48->20(46)
[2021-03-18T07:09:27.677+0000][22308][gc,heap      ] GC(9) Old regions: 12->50
[2021-03-18T07:09:27.677+0000][22308][gc,heap      ] GC(9) Archive regions: 0->0
[2021-03-18T07:09:27.677+0000][22308][gc,heap      ] GC(9) Humongous regions: 1->1
[2021-03-18T07:09:27.677+0000][22308][gc,metaspace ] GC(9) Metaspace: 74064K(79616K)->74064K(79616K) NonClass: 64001K(67328K)->64001K(67328K) Class: 10062K(12288K)->10062K(12288K)
[2021-03-18T07:09:27.677+0000][22308][gc           ] GC(9) Pause Young (Normal) (G1 Evacuation Pause) 377M->70M(1024M) 44.739ms
[2021-03-18T07:09:27.678+0000][22308][gc,cpu       ] GC(9) User=0.38s Sys=0.00s Real=0.05s
[2021-03-18T07:09:27.678+0000][22308][safepoint    ] Safepoint "G1CollectForAllocation", Time since last: 287431000 ns, Reaching safepoint: 193900 ns, At safepoint: 44923200 ns, Total: 45117100 ns
[2021-03-18T07:09:27.859+0000][22308][safepoint    ] Safepoint "BulkRevokeBias", Time since last: 180077200 ns, Reaching safepoint: 145000 ns, At safepoint: 918100 ns, Total: 1063100 ns
[2021-03-18T07:09:27.862+0000][22308][safepoint    ] Safepoint "BulkRevokeBias", Time since last: 2431700 ns, Reaching safepoint: 96000 ns, At safepoint: 924200 ns, Total: 1020200 ns
[2021-03-18T07:09:27.865+0000][22308][safepoint    ] Safepoint "BulkRevokeBias", Time since last: 1622700 ns, Reaching safepoint: 117100 ns, At safepoint: 869600 ns, Total: 986700 ns
[2021-03-18T07:09:28.554+0000][22308][safepoint    ] Safepoint "BulkRevokeBias", Time since last: 688627700 ns, Reaching safepoint: 197800 ns, At safepoint: 707600 ns, Total: 905400 ns
[2021-03-18T07:09:28.555+0000][22308][safepoint    ] Safepoint "BulkRevokeBias", Time since last: 171000 ns, Reaching safepoint: 157400 ns, At safepoint: 512900 ns, Total: 670300 ns
[2021-03-18T07:09:29.780+0000][22308][safepoint    ] Safepoint "Cleanup", Time since last: 1224398500 ns, Reaching safepoint: 135400 ns, At safepoint: 63300 ns, Total: 198700 ns
[2021-03-18T07:09:30.160+0000][22308][safepoint    ] Safepoint "BulkRevokeBias", Time since last: 379537600 ns, Reaching safepoint: 140100 ns, At safepoint: 677700 ns, Total: 817800 ns
[2021-03-18T07:09:32.161+0000][22308][safepoint    ] Safepoint "Cleanup", Time since last: 2000752400 ns, Reaching safepoint: 139000 ns, At safepoint: 5700 ns, Total: 144700 ns
[2021-03-18T07:09:33.161+0000][22308][safepoint    ] Safepoint "Cleanup", Time since last: 1000371900 ns, Reaching safepoint: 450400 ns, At safepoint: 16000 ns, Total: 466400 ns
[2021-03-18T07:09:35.162+0000][22308][safepoint    ] Safepoint "Cleanup", Time since last: 1999673700 ns, Reaching safepoint: 119000 ns, At safepoint: 6300 ns, Total: 125300 ns
[2021-03-18T07:09:36.162+0000][22308][safepoint    ] Safepoint "Cleanup", Time since last: 1000370100 ns, Reaching safepoint: 391600 ns, At safepoint: 87700 ns, Total: 479300 ns
[2021-03-18T07:09:37.164+0000][22308][safepoint    ] Safepoint "Cleanup", Time since last: 1001059200 ns, Reaching safepoint: 225900 ns, At safepoint: 10300 ns, Total: 236200 ns
[2021-03-18T07:09:38.165+0000][22308][safepoint    ] Safepoint "Cleanup", Time since last: 1000730200 ns, Reaching safepoint: 370400 ns, At safepoint: 19300 ns, Total: 389700 ns
[2021-03-18T07:09:39.165+0000][22308][safepoint    ] Safepoint "Cleanup", Time since last: 1000010700 ns, Reaching safepoint: 398500 ns, At safepoint: 123300 ns, Total: 521800 ns
[2021-03-18T07:09:40.166+0000][22308][safepoint    ] Safepoint "Cleanup", Time since last: 1000964500 ns, Reaching safepoint: 117400 ns, At safepoint: 58700 ns, Total: 176100 ns
[2021-03-18T07:09:41.167+0000][22308][safepoint    ] Safepoint "Cleanup", Time since last: 1000226400 ns, Reaching safepoint: 91400 ns, At safepoint: 6300 ns, Total: 97700 ns
[2021-03-18T07:09:42.167+0000][22308][safepoint    ] Safepoint "Cleanup", Time since last: 1000393200 ns, Reaching safepoint: 145400 ns, At safepoint: 6600 ns, Total: 152000 ns
[2021-03-18T07:09:43.167+0000][22308][safepoint    ] Safepoint "Cleanup", Time since last: 1000019400 ns, Reaching safepoint: 269600 ns, At safepoint: 12200 ns, Total: 281800 ns
[2021-03-18T07:09:45.168+0000][22308][safepoint    ] Safepoint "Cleanup", Time since last: 2000723200 ns, Reaching safepoint: 276100 ns, At safepoint: 10800 ns, Total: 286900 ns
[2021-03-18T07:09:47.169+0000][22308][safepoint    ] Safepoint "Cleanup", Time since last: 2000716000 ns, Reaching safepoint: 180600 ns, At safepoint: 6600 ns, Total: 187200 ns
[2021-03-18T07:09:48.170+0000][22308][safepoint    ] Safepoint "Cleanup", Time since last: 1000242500 ns, Reaching safepoint: 101100 ns, At safepoint: 4600 ns, Total: 105700 ns
[2021-03-18T07:09:49.170+0000][22308][safepoint    ] Safepoint "Cleanup", Time since last: 1000346800 ns, Reaching safepoint: 142600 ns, At safepoint: 6800 ns, Total: 149400 ns
[2021-03-18T07:09:50.171+0000][22308][safepoint    ] Safepoint "Cleanup", Time since last: 1000580300 ns, Reaching safepoint: 170700 ns, At safepoint: 9900 ns, Total: 180600 ns
[2021-03-18T07:09:52.172+0000][22308][safepoint    ] Safepoint "Cleanup", Time since last: 2000574500 ns, Reaching safepoint: 94600 ns, At safepoint: 4600 ns, Total: 99200 ns
[2021-03-18T07:09:54.173+0000][22308][safepoint    ] Safepoint "Cleanup", Time since last: 2000776700 ns, Reaching safepoint: 124800 ns, At safepoint: 7000 ns, Total: 131800 ns
[2021-03-18T07:09:55.173+0000][22308][safepoint    ] Safepoint "Cleanup", Time since last: 1000581800 ns, Reaching safepoint: 133700 ns, At safepoint: 11900 ns, Total: 145600 ns
[2021-03-18T07:09:56.174+0000][22308][safepoint    ] Safepoint "Cleanup", Time since last: 1000154500 ns, Reaching safepoint: 156900 ns, At safepoint: 4200 ns, Total: 161100 ns
[2021-03-18T07:09:57.181+0000][22308][safepoint    ] Safepoint "Cleanup", Time since last: 1007120500 ns, Reaching safepoint: 105300 ns, At safepoint: 6400 ns, Total: 111700 ns
[2021-03-18T07:09:57.554+0000][22308][safepoint    ] Safepoint "BulkRevokeBias", Time since last: 371622200 ns, Reaching safepoint: 153000 ns, At safepoint: 2069000 ns, Total: 2222000 ns
[2021-03-18T07:09:58.778+0000][22308][safepoint    ] Safepoint "Cleanup", Time since last: 1223504900 ns, Reaching safepoint: 126000 ns, At safepoint: 4700 ns, Total: 130700 ns
[2021-03-18T07:09:59.779+0000][22308][safepoint    ] Safepoint "Cleanup", Time since last: 1000334900 ns, Reaching safepoint: 96900 ns, At safepoint: 4700 ns, Total: 101600 ns
[2021-03-18T07:10:00.780+0000][22308][safepoint    ] Safepoint "Cleanup", Time since last: 1001142000 ns, Reaching safepoint: 135100 ns, At safepoint: 10000 ns, Total: 145100 ns
[2021-03-18T07:10:01.780+0000][22308][safepoint    ] Safepoint "Cleanup", Time since last: 1000069000 ns, Reaching safepoint: 101900 ns, At safepoint: 4600 ns, Total: 106500 ns
[2021-03-18T07:10:02.781+0000][22308][safepoint    ] Safepoint "Cleanup", Time since last: 1000708200 ns, Reaching safepoint: 134600 ns, At safepoint: 4300 ns, Total: 138900 ns
[2021-03-18T07:10:03.782+0000][22308][safepoint    ] Safepoint "Cleanup", Time since last: 1000463800 ns, Reaching safepoint: 344900 ns, At safepoint: 21300 ns, Total: 366200 ns
[2021-03-18T07:10:05.782+0000][22308][safepoint    ] Safepoint "Cleanup", Time since last: 2000278600 ns, Reaching safepoint: 162100 ns, At safepoint: 6600 ns, Total: 168700 ns
[2021-03-18T07:10:06.783+0000][22308][safepoint    ] Safepoint "Cleanup", Time since last: 1000305900 ns, Reaching safepoint: 114700 ns, At safepoint: 3800 ns, Total: 118500 ns
[2021-03-18T07:10:07.784+0000][22308][safepoint    ] Safepoint "Cleanup", Time since last: 1000763800 ns, Reaching safepoint: 118500 ns, At safepoint: 5700 ns, Total: 124200 ns
[2021-03-18T07:10:09.784+0000][22308][safepoint    ] Safepoint "Cleanup", Time since last: 2000595100 ns, Reaching safepoint: 155800 ns, At safepoint: 4400 ns, Total: 160200 ns
[2021-03-18T07:10:10.785+0000][22308][safepoint    ] Safepoint "Cleanup", Time since last: 1000372800 ns, Reaching safepoint: 163000 ns, At safepoint: 3400 ns, Total: 166400 ns
[2021-03-18T07:10:11.786+0000][22308][safepoint    ] Safepoint "Cleanup", Time since last: 1001062800 ns, Reaching safepoint: 278800 ns, At safepoint: 11000 ns, Total: 289800 ns
[2021-03-18T07:10:13.786+0000][22308][safepoint    ] Safepoint "Cleanup", Time since last: 1999993800 ns, Reaching safepoint: 197400 ns, At safepoint: 10500 ns, Total: 207900 ns
[2021-03-18T07:10:15.787+0000][22308][safepoint    ] Safepoint "Cleanup", Time since last: 2000433400 ns, Reaching safepoint: 200000 ns, At safepoint: 6500 ns, Total: 206500 ns
[2021-03-18T07:10:16.787+0000][22308][safepoint    ] Safepoint "Cleanup", Time since last: 1000127400 ns, Reaching safepoint: 200900 ns, At safepoint: 9400 ns, Total: 210300 ns
[2021-03-18T07:10:17.788+0000][22308][safepoint    ] Safepoint "Cleanup", Time since last: 1000776100 ns, Reaching safepoint: 302800 ns, At safepoint: 21500 ns, Total: 324300 ns
[2021-03-18T07:10:18.789+0000][22308][safepoint    ] Safepoint "Cleanup", Time since last: 1000735200 ns, Reaching safepoint: 376800 ns, At safepoint: 20500 ns, Total: 397300 ns
[2021-03-18T07:10:19.790+0000][22308][safepoint    ] Safepoint "Cleanup", Time since last: 1000758800 ns, Reaching safepoint: 125900 ns, At safepoint: 7200 ns, Total: 133100 ns
[2021-03-18T07:10:20.791+0000][22308][safepoint    ] Safepoint "Cleanup", Time since last: 1000756600 ns, Reaching safepoint: 193200 ns, At safepoint: 5500 ns, Total: 198700 ns
[2021-03-18T07:10:21.792+0000][22308][safepoint    ] Safepoint "Cleanup", Time since last: 1000322700 ns, Reaching safepoint: 397500 ns, At safepoint: 16800 ns, Total: 414300 ns
[2021-03-18T07:10:22.793+0000][22308][safepoint    ] Safepoint "Cleanup", Time since last: 1000563300 ns, Reaching safepoint: 234100 ns, At safepoint: 124200 ns, Total: 358300 ns
[2021-03-18T07:10:23.793+0000][22308][safepoint    ] Safepoint "Cleanup", Time since last: 1000194200 ns, Reaching safepoint: 131600 ns, At safepoint: 4800 ns, Total: 136400 ns
[2021-03-18T07:10:24.794+0000][22308][safepoint    ] Safepoint "Cleanup", Time since last: 1000277000 ns, Reaching safepoint: 147700 ns, At safepoint: 4500 ns, Total: 152200 ns
[2021-03-18T07:10:26.365+0000][22308][safepoint    ] Safepoint "Cleanup", Time since last: 1571199400 ns, Reaching safepoint: 232200 ns, At safepoint: 73800 ns, Total: 306000 ns
[2021-03-18T07:10:26.373+0000][22308][safepoint    ] Safepoint "BulkRevokeBias", Time since last: 5639300 ns, Reaching safepoint: 205400 ns, At safepoint: 1540800 ns, Total: 1746200 ns
[2021-03-18T07:10:27.392+0000][22308][safepoint    ] Safepoint "Cleanup", Time since last: 1019859700 ns, Reaching safepoint: 105400 ns, At safepoint: 3600 ns, Total: 109000 ns
[2021-03-18T07:10:27.561+0000][22308][safepoint    ] Safepoint "BulkRevokeBias", Time since last: 166277000 ns, Reaching safepoint: 294400 ns, At safepoint: 2418900 ns, Total: 2713300 ns
[2021-03-18T07:10:37.568+0000][22308][safepoint    ] Safepoint "Cleanup", Time since last: 10006544200 ns, Reaching safepoint: 322200 ns, At safepoint: 14000 ns, Total: 336200 ns
[2021-03-18T07:10:38.569+0000][22308][safepoint    ] Safepoint "Cleanup", Time since last: 1000208300 ns, Reaching safepoint: 152200 ns, At safepoint: 4400 ns, Total: 156600 ns
[2021-03-18T07:10:40.569+0000][22308][safepoint    ] Safepoint "Cleanup", Time since last: 2000530200 ns, Reaching safepoint: 100000 ns, At safepoint: 7100 ns, Total: 107100 ns
[2021-03-18T07:10:41.570+0000][22308][safepoint    ] Safepoint "Cleanup", Time since last: 1000312400 ns, Reaching safepoint: 378400 ns, At safepoint: 10300 ns, Total: 388700 ns
[2021-03-18T07:10:53.576+0000][22308][safepoint    ] Safepoint "Cleanup", Time since last: 12006555300 ns, Reaching safepoint: 162800 ns, At safepoint: 6100 ns, Total: 168900 ns
[2021-03-18T07:10:54.577+0000][22308][safepoint    ] Safepoint "Cleanup", Time since last: 1000168200 ns, Reaching safepoint: 141400 ns, At safepoint: 7000 ns, Total: 148400 ns
[2021-03-18T07:10:56.379+0000][22308][safepoint    ] Safepoint "Cleanup", Time since last: 1801884500 ns, Reaching safepoint: 178200 ns, At safepoint: 67000 ns, Total: 245200 ns
[2021-03-18T07:10:58.781+0000][22308][safepoint    ] Safepoint "Cleanup", Time since last: 2401957100 ns, Reaching safepoint: 152800 ns, At safepoint: 4900 ns, Total: 157700 ns
[2021-03-18T07:11:03.783+0000][22308][safepoint    ] Safepoint "Cleanup", Time since last: 5002329700 ns, Reaching safepoint: 122100 ns, At safepoint: 6900 ns, Total: 129000 ns
[2021-03-18T07:11:11.788+0000][22308][safepoint    ] Safepoint "Cleanup", Time since last: 8004405100 ns, Reaching safepoint: 228400 ns, At safepoint: 9100 ns, Total: 237500 ns
[2021-03-18T07:11:15.789+0000][22308][safepoint    ] Safepoint "Cleanup", Time since last: 4000998500 ns, Reaching safepoint: 103200 ns, At safepoint: 5900 ns, Total: 109100 ns
[2021-03-18T07:11:26.796+0000][22308][safepoint    ] Safepoint "Cleanup", Time since last: 11007219000 ns, Reaching safepoint: 290800 ns, At safepoint: 24100 ns, Total: 314900 ns
[2021-03-18T07:11:28.796+0000][22308][safepoint    ] Safepoint "Cleanup", Time since last: 2000062500 ns, Reaching safepoint: 379600 ns, At safepoint: 17100 ns, Total: 396700 ns
[2021-03-18T07:11:30.798+0000][22308][safepoint    ] Safepoint "Cleanup", Time since last: 2000618200 ns, Reaching safepoint: 124300 ns, At safepoint: 4600 ns, Total: 128900 ns
[2021-03-18T07:11:33.799+0000][22308][safepoint    ] Safepoint "Cleanup", Time since last: 3001732500 ns, Reaching safepoint: 139400 ns, At safepoint: 6500 ns, Total: 145900 ns
[2021-03-18T07:11:44.715+0000][22308][safepoint    ] Safepoint "Cleanup", Time since last: 10915854700 ns, Reaching safepoint: 160600 ns, At safepoint: 95800 ns, Total: 256400 ns
[2021-03-18T07:11:44.963+0000][22308][safepoint    ] Safepoint "BulkRevokeBias", Time since last: 246694800 ns, Reaching safepoint: 107900 ns, At safepoint: 896800 ns, Total: 1004700 ns
[2021-03-18T07:11:45.963+0000][22308][safepoint    ] Safepoint "Cleanup", Time since last: 1000197500 ns, Reaching safepoint: 173000 ns, At safepoint: 33000 ns, Total: 206000 ns
[2021-03-18T07:11:46.964+0000][22308][safepoint    ] Safepoint "Cleanup", Time since last: 1000123800 ns, Reaching safepoint: 221700 ns, At safepoint: 22500 ns, Total: 244200 ns
[2021-03-18T07:12:00.970+0000][22308][safepoint    ] Safepoint "Cleanup", Time since last: 14006477400 ns, Reaching safepoint: 105300 ns, At safepoint: 4600 ns, Total: 109900 ns
[2021-03-18T07:12:12.976+0000][22308][safepoint    ] Safepoint "Cleanup", Time since last: 12006165200 ns, Reaching safepoint: 92400 ns, At safepoint: 3700 ns, Total: 96100 ns
[2021-03-18T07:12:13.977+0000][22308][safepoint    ] Safepoint "Cleanup", Time since last: 1000835800 ns, Reaching safepoint: 97600 ns, At safepoint: 15400 ns, Total: 113000 ns
[2021-03-18T07:12:26.984+0000][22308][safepoint    ] Safepoint "Cleanup", Time since last: 13006432500 ns, Reaching safepoint: 88400 ns, At safepoint: 54000 ns, Total: 142400 ns
[2021-03-18T07:12:32.986+0000][22308][safepoint    ] Safepoint "Cleanup", Time since last: 6002243200 ns, Reaching safepoint: 176100 ns, At safepoint: 98300 ns, Total: 274400 ns
[2021-03-18T07:12:34.987+0000][22308][safepoint    ] Safepoint "Cleanup", Time since last: 2000745900 ns, Reaching safepoint: 231300 ns, At safepoint: 44100 ns, Total: 275400 ns
[2021-03-18T07:12:36.989+0000][22308][safepoint    ] Safepoint "Cleanup", Time since last: 2001380000 ns, Reaching safepoint: 123300 ns, At safepoint: 61000 ns, Total: 184300 ns
[2021-03-18T07:12:41.992+0000][22308][safepoint    ] Safepoint "Cleanup", Time since last: 5003063200 ns, Reaching safepoint: 180000 ns, At safepoint: 58200 ns, Total: 238200 ns
[2021-03-18T07:12:44.992+0000][22308][safepoint    ] Safepoint "Cleanup", Time since last: 3000477800 ns, Reaching safepoint: 133600 ns, At safepoint: 5700 ns, Total: 139300 ns
[2021-03-18T07:12:46.994+0000][22308][safepoint    ] Safepoint "Cleanup", Time since last: 2001309100 ns, Reaching safepoint: 108600 ns, At safepoint: 4800 ns, Total: 113400 ns
