[2020-08-27T11:14:42.062+0000][21728][gc,heap] Heap region size: 1M
[2020-08-27T11:14:42.062+0000][21728][gc,heap,coops] Heap address: 0x00000000c0000000, size: 1024 MB, Compressed Oops mode: 32-bit
[2020-08-27T11:14:42.475+0000][21728][gc           ] Using G1
[2020-08-27T11:14:42.493+0000][21728][gc           ] Periodic GC disabled
[2020-08-27T11:14:43.327+0000][21728][safepoint    ] Safepoint "ICBufferFull", Time since last: 842269500 ns, Reaching safepoint: 176200 ns, At safepoint: 21700 ns, Total: 197900 ns
[2020-08-27T11:14:44.156+0000][21728][safepoint    ] Safepoint "ICBufferFull", Time since last: 828894300 ns, Reaching safepoint: 140400 ns, At safepoint: 19400 ns, Total: 159800 ns
[2020-08-27T11:14:44.616+0000][21728][gc,start     ] GC(0) Pause Young (Normal) (G1 Evacuation Pause)
[2020-08-27T11:14:44.617+0000][21728][gc,task      ] GC(0) Using 8 workers of 8 for evacuation
[2020-08-27T11:14:44.617+0000][21728][gc,age       ] GC(0) Desired survivor size 3670016 bytes, new threshold 15 (max threshold 15)
[2020-08-27T11:14:44.622+0000][21728][gc,age       ] GC(0) Age table with threshold 15 (max threshold 15)
[2020-08-27T11:14:44.623+0000][21728][gc,age       ] GC(0) - age   1:    5291320 bytes,    5291320 total
[2020-08-27T11:14:44.623+0000][21728][gc,phases    ] GC(0)   Pre Evacuate Collection Set: 0.1ms
[2020-08-27T11:14:44.623+0000][21728][gc,phases    ] GC(0)   Merge Heap Roots: 0.1ms
[2020-08-27T11:14:44.623+0000][21728][gc,phases    ] GC(0)   Evacuate Collection Set: 3.9ms
[2020-08-27T11:14:44.623+0000][21728][gc,phases    ] GC(0)   Post Evacuate Collection Set: 0.9ms
[2020-08-27T11:14:44.623+0000][21728][gc,phases    ] GC(0)   Other: 1.2ms
[2020-08-27T11:14:44.623+0000][21728][gc,heap      ] GC(0) Eden regions: 51->0(56)
[2020-08-27T11:14:44.623+0000][21728][gc,heap      ] GC(0) Survivor regions: 0->6(7)
[2020-08-27T11:14:44.623+0000][21728][gc,heap      ] GC(0) Old regions: 0->0
[2020-08-27T11:14:44.623+0000][21728][gc,heap      ] GC(0) Archive regions: 0->0
[2020-08-27T11:14:44.623+0000][21728][gc,heap      ] GC(0) Humongous regions: 1->1
[2020-08-27T11:14:44.623+0000][21728][gc,metaspace ] GC(0) Metaspace: 12539K(13312K)->12539K(13312K) NonClass: 11007K(11520K)->11007K(11520K) Class: 1531K(1792K)->1531K(1792K)
[2020-08-27T11:14:44.623+0000][21728][gc           ] GC(0) Pause Young (Normal) (G1 Evacuation Pause) 52M->6M(1024M) 6.538ms
[2020-08-27T11:14:44.623+0000][21728][gc,cpu       ] GC(0) User=0.00s Sys=0.00s Real=0.01s
[2020-08-27T11:14:44.623+0000][21728][safepoint    ] Safepoint "G1CollectForAllocation", Time since last: 460552300 ns, Reaching safepoint: 99100 ns, At safepoint: 6673400 ns, Total: 6772500 ns
[2020-08-27T11:14:45.212+0000][21728][safepoint    ] Safepoint "BulkRevokeBias", Time since last: 588330200 ns, Reaching safepoint: 154400 ns, At safepoint: 116800 ns, Total: 271200 ns
[2020-08-27T11:14:45.383+0000][21728][gc,start     ] GC(1) Pause Young (Normal) (G1 Evacuation Pause)
[2020-08-27T11:14:45.383+0000][21728][gc,task      ] GC(1) Using 8 workers of 8 for evacuation
[2020-08-27T11:14:45.383+0000][21728][gc,age       ] GC(1) Desired survivor size 4194304 bytes, new threshold 1 (max threshold 15)
[2020-08-27T11:14:45.389+0000][21728][gc,age       ] GC(1) Age table with threshold 1 (max threshold 15)
[2020-08-27T11:14:45.389+0000][21728][gc,age       ] GC(1) - age   1:    1217472 bytes,    1217472 total
[2020-08-27T11:14:45.389+0000][21728][gc,phases    ] GC(1)   Pre Evacuate Collection Set: 0.1ms
[2020-08-27T11:14:45.389+0000][21728][gc,phases    ] GC(1)   Merge Heap Roots: 0.2ms
[2020-08-27T11:14:45.389+0000][21728][gc,phases    ] GC(1)   Evacuate Collection Set: 5.0ms
[2020-08-27T11:14:45.389+0000][21728][gc,phases    ] GC(1)   Post Evacuate Collection Set: 0.5ms
[2020-08-27T11:14:45.389+0000][21728][gc,phases    ] GC(1)   Other: 0.2ms
[2020-08-27T11:14:45.389+0000][21728][gc,heap      ] GC(1) Eden regions: 56->0(612)
[2020-08-27T11:14:45.389+0000][21728][gc,heap      ] GC(1) Survivor regions: 6->2(8)
[2020-08-27T11:14:45.389+0000][21728][gc,heap      ] GC(1) Old regions: 0->5
[2020-08-27T11:14:45.389+0000][21728][gc,heap      ] GC(1) Archive regions: 0->0
[2020-08-27T11:14:45.389+0000][21728][gc,heap      ] GC(1) Humongous regions: 1->1
[2020-08-27T11:14:45.389+0000][21728][gc,metaspace ] GC(1) Metaspace: 14955K(15616K)->14955K(15616K) NonClass: 13166K(13568K)->13166K(13568K) Class: 1788K(2048K)->1788K(2048K)
[2020-08-27T11:14:45.389+0000][21728][gc           ] GC(1) Pause Young (Normal) (G1 Evacuation Pause) 62M->7M(1024M) 6.274ms
[2020-08-27T11:14:45.389+0000][21728][gc,cpu       ] GC(1) User=0.00s Sys=0.00s Real=0.01s
[2020-08-27T11:14:45.389+0000][21728][safepoint    ] Safepoint "G1CollectForAllocation", Time since last: 171104500 ns, Reaching safepoint: 93700 ns, At safepoint: 6369200 ns, Total: 6462900 ns
[2020-08-27T11:14:45.390+0000][21728][safepoint    ] Safepoint "BulkRevokeBias", Time since last: 227500 ns, Reaching safepoint: 62700 ns, At safepoint: 92400 ns, Total: 155100 ns
[2020-08-27T11:14:45.390+0000][21728][safepoint    ] Safepoint "BulkRevokeBias", Time since last: 509700 ns, Reaching safepoint: 90100 ns, At safepoint: 61900 ns, Total: 152000 ns
[2020-08-27T11:14:45.391+0000][21728][safepoint    ] Safepoint "BulkRevokeBias", Time since last: 69400 ns, Reaching safepoint: 64300 ns, At safepoint: 80600 ns, Total: 144900 ns
[2020-08-27T11:14:46.224+0000][21728][safepoint    ] Safepoint "ICBufferFull", Time since last: 833506000 ns, Reaching safepoint: 140900 ns, At safepoint: 72900 ns, Total: 213800 ns
[2020-08-27T11:14:47.225+0000][21728][safepoint    ] Safepoint "Cleanup", Time since last: 1000302000 ns, Reaching safepoint: 170000 ns, At safepoint: 12400 ns, Total: 182400 ns
[2020-08-27T11:14:47.776+0000][21728][gc,start     ] GC(2) Pause Young (Concurrent Start) (Metadata GC Threshold)
[2020-08-27T11:14:47.776+0000][21728][gc,task      ] GC(2) Using 8 workers of 8 for evacuation
[2020-08-27T11:14:47.777+0000][21728][gc,age       ] GC(2) Desired survivor size 40370176 bytes, new threshold 15 (max threshold 15)
[2020-08-27T11:14:47.781+0000][21728][gc,age       ] GC(2) Age table with threshold 15 (max threshold 15)
[2020-08-27T11:14:47.781+0000][21728][gc,age       ] GC(2) - age   1:    6349800 bytes,    6349800 total
[2020-08-27T11:14:47.781+0000][21728][gc,age       ] GC(2) - age   2:    1187736 bytes,    7537536 total
[2020-08-27T11:14:47.781+0000][21728][gc,phases    ] GC(2)   Pre Evacuate Collection Set: 0.1ms
[2020-08-27T11:14:47.781+0000][21728][gc,phases    ] GC(2)   Merge Heap Roots: 0.1ms
[2020-08-27T11:14:47.782+0000][21728][gc,phases    ] GC(2)   Evacuate Collection Set: 3.6ms
[2020-08-27T11:14:47.782+0000][21728][gc,phases    ] GC(2)   Post Evacuate Collection Set: 0.7ms
[2020-08-27T11:14:47.782+0000][21728][gc,phases    ] GC(2)   Other: 0.5ms
[2020-08-27T11:14:47.782+0000][21728][gc,heap      ] GC(2) Eden regions: 349->0(472)
[2020-08-27T11:14:47.782+0000][21728][gc,heap      ] GC(2) Survivor regions: 2->8(77)
[2020-08-27T11:14:47.782+0000][21728][gc,heap      ] GC(2) Old regions: 5->5
[2020-08-27T11:14:47.782+0000][21728][gc,heap      ] GC(2) Archive regions: 0->0
[2020-08-27T11:14:47.782+0000][21728][gc,heap      ] GC(2) Humongous regions: 1->1
[2020-08-27T11:14:47.782+0000][21728][gc,metaspace ] GC(2) Metaspace: 20249K(21248K)->20249K(21248K) NonClass: 17836K(18432K)->17836K(18432K) Class: 2413K(2816K)->2413K(2816K)
[2020-08-27T11:14:47.782+0000][21728][gc           ] GC(2) Pause Young (Concurrent Start) (Metadata GC Threshold) 356M->13M(1024M) 5.364ms
[2020-08-27T11:14:47.782+0000][21728][gc,cpu       ] GC(2) User=0.02s Sys=0.02s Real=0.01s
[2020-08-27T11:14:47.782+0000][21728][gc           ] GC(3) Concurrent Cycle
[2020-08-27T11:14:47.782+0000][21728][gc,marking   ] GC(3) Concurrent Clear Claimed Marks
[2020-08-27T11:14:47.782+0000][21728][gc,marking   ] GC(3) Concurrent Clear Claimed Marks 0.042ms
[2020-08-27T11:14:47.782+0000][21728][gc,marking   ] GC(3) Concurrent Scan Root Regions
[2020-08-27T11:14:47.782+0000][21728][safepoint    ] Safepoint "CollectForMetadataAllocation", Time since last: 551579300 ns, Reaching safepoint: 78400 ns, At safepoint: 5630600 ns, Total: 5709000 ns
[2020-08-27T11:14:47.783+0000][21728][safepoint    ] Safepoint "BulkRevokeBias", Time since last: 377400 ns, Reaching safepoint: 803300 ns, At safepoint: 94400 ns, Total: 897700 ns
[2020-08-27T11:14:47.785+0000][21728][gc,marking   ] GC(3) Concurrent Scan Root Regions 3.116ms
[2020-08-27T11:14:47.785+0000][21728][gc,marking   ] GC(3) Concurrent Mark (5.741s)
[2020-08-27T11:14:47.785+0000][21728][gc,marking   ] GC(3) Concurrent Mark From Roots
[2020-08-27T11:14:47.785+0000][21728][gc,task      ] GC(3) Using 2 workers of 2 for marking
[2020-08-27T11:14:47.787+0000][21728][safepoint    ] Safepoint "BulkRevokeBias", Time since last: 3626200 ns, Reaching safepoint: 85900 ns, At safepoint: 112600 ns, Total: 198500 ns
[2020-08-27T11:14:47.787+0000][21728][safepoint    ] Safepoint "BulkRevokeBias", Time since last: 103500 ns, Reaching safepoint: 79900 ns, At safepoint: 93800 ns, Total: 173700 ns
[2020-08-27T11:14:47.788+0000][21728][safepoint    ] Safepoint "BulkRevokeBias", Time since last: 844600 ns, Reaching safepoint: 145500 ns, At safepoint: 98600 ns, Total: 244100 ns
[2020-08-27T11:14:47.793+0000][21728][gc,marking   ] GC(3) Concurrent Mark From Roots 7.467ms
[2020-08-27T11:14:47.793+0000][21728][gc,marking   ] GC(3) Concurrent Preclean
[2020-08-27T11:14:47.793+0000][21728][gc,marking   ] GC(3) Concurrent Preclean 0.151ms
[2020-08-27T11:14:47.793+0000][21728][gc,marking   ] GC(3) Concurrent Mark (5.741s, 5.749s) 7.732ms
[2020-08-27T11:14:47.793+0000][21728][gc,start     ] GC(3) Pause Remark
[2020-08-27T11:14:47.794+0000][21728][gc           ] GC(3) Pause Remark 15M->15M(1024M) 1.325ms
[2020-08-27T11:14:47.794+0000][21728][gc,cpu       ] GC(3) User=0.00s Sys=0.00s Real=0.00s
[2020-08-27T11:14:47.794+0000][21728][safepoint    ] Safepoint "G1Concurrent", Time since last: 4498900 ns, Reaching safepoint: 67200 ns, At safepoint: 1426900 ns, Total: 1494100 ns
[2020-08-27T11:14:47.795+0000][21728][gc,marking   ] GC(3) Concurrent Rebuild Remembered Sets
[2020-08-27T11:14:47.798+0000][21728][gc,marking   ] GC(3) Concurrent Rebuild Remembered Sets 3.668ms
[2020-08-27T11:14:47.799+0000][21728][gc,start     ] GC(3) Pause Cleanup
[2020-08-27T11:14:47.799+0000][21728][gc           ] GC(3) Pause Cleanup 15M->15M(1024M) 0.206ms
[2020-08-27T11:14:47.799+0000][21728][gc,cpu       ] GC(3) User=0.00s Sys=0.00s Real=0.00s
[2020-08-27T11:14:47.799+0000][21728][safepoint    ] Safepoint "G1Concurrent", Time since last: 3815400 ns, Reaching safepoint: 388000 ns, At safepoint: 309300 ns, Total: 697300 ns
[2020-08-27T11:14:47.799+0000][21728][gc,marking   ] GC(3) Concurrent Cleanup for Next Mark
[2020-08-27T11:14:47.801+0000][21728][gc,marking   ] GC(3) Concurrent Cleanup for Next Mark 1.729ms
[2020-08-27T11:14:47.801+0000][21728][gc           ] GC(3) Concurrent Cycle 19.010ms
[2020-08-27T11:14:48.800+0000][21728][safepoint    ] Safepoint "Cleanup", Time since last: 1000567900 ns, Reaching safepoint: 101700 ns, At safepoint: 2800 ns, Total: 104500 ns
[2020-08-27T11:14:50.800+0000][21728][safepoint    ] Safepoint "Cleanup", Time since last: 1999927000 ns, Reaching safepoint: 91600 ns, At safepoint: 2300 ns, Total: 93900 ns
[2020-08-27T11:14:51.908+0000][21728][gc,start     ] GC(4) Pause Young (Normal) (G1 Evacuation Pause)
[2020-08-27T11:14:51.908+0000][21728][gc,task      ] GC(4) Using 8 workers of 8 for evacuation
[2020-08-27T11:14:51.908+0000][21728][gc,age       ] GC(4) Desired survivor size 33554432 bytes, new threshold 15 (max threshold 15)
[2020-08-27T11:14:51.914+0000][21728][gc,age       ] GC(4) Age table with threshold 15 (max threshold 15)
[2020-08-27T11:14:51.914+0000][21728][gc,age       ] GC(4) - age   1:    4001176 bytes,    4001176 total
[2020-08-27T11:14:51.914+0000][21728][gc,age       ] GC(4) - age   2:    6236968 bytes,   10238144 total
[2020-08-27T11:14:51.914+0000][21728][gc,age       ] GC(4) - age   3:    1141272 bytes,   11379416 total
[2020-08-27T11:14:51.914+0000][21728][gc,phases    ] GC(4)   Pre Evacuate Collection Set: 0.1ms
[2020-08-27T11:14:51.914+0000][21728][gc,phases    ] GC(4)   Merge Heap Roots: 0.1ms
[2020-08-27T11:14:51.914+0000][21728][gc,phases    ] GC(4)   Evacuate Collection Set: 4.5ms
[2020-08-27T11:14:51.914+0000][21728][gc,phases    ] GC(4)   Post Evacuate Collection Set: 0.9ms
[2020-08-27T11:14:51.914+0000][21728][gc,phases    ] GC(4)   Other: 0.4ms
[2020-08-27T11:14:51.914+0000][21728][gc,heap      ] GC(4) Eden regions: 504->0(602)
[2020-08-27T11:14:51.914+0000][21728][gc,heap      ] GC(4) Survivor regions: 8->12(64)
[2020-08-27T11:14:51.914+0000][21728][gc,heap      ] GC(4) Old regions: 5->5
[2020-08-27T11:14:51.914+0000][21728][gc,heap      ] GC(4) Archive regions: 0->0
[2020-08-27T11:14:51.914+0000][21728][gc,heap      ] GC(4) Humongous regions: 2->1
[2020-08-27T11:14:51.914+0000][21728][gc,metaspace ] GC(4) Metaspace: 26561K(28288K)->26561K(28288K) NonClass: 23342K(24576K)->23342K(24576K) Class: 3218K(3712K)->3218K(3712K)
[2020-08-27T11:14:51.914+0000][21728][gc           ] GC(4) Pause Young (Normal) (G1 Evacuation Pause) 518M->17M(1024M) 6.158ms
[2020-08-27T11:14:51.914+0000][21728][gc,cpu       ] GC(4) User=0.00s Sys=0.00s Real=0.01s
[2020-08-27T11:14:51.914+0000][21728][safepoint    ] Safepoint "G1CollectForAllocation", Time since last: 1108170900 ns, Reaching safepoint: 162100 ns, At safepoint: 6302500 ns, Total: 6464600 ns
[2020-08-27T11:14:53.340+0000][21728][safepoint    ] Safepoint "Cleanup", Time since last: 1424769100 ns, Reaching safepoint: 246500 ns, At safepoint: 24400 ns, Total: 270900 ns
[2020-08-27T11:14:54.126+0000][21728][safepoint    ] Safepoint "ICBufferFull", Time since last: 786717200 ns, Reaching safepoint: 167700 ns, At safepoint: 25600 ns, Total: 193300 ns
[2020-08-27T11:14:54.360+0000][21728][gc,start     ] GC(5) Pause Young (Concurrent Start) (Metadata GC Threshold)
[2020-08-27T11:14:54.361+0000][21728][gc,task      ] GC(5) Using 8 workers of 8 for evacuation
[2020-08-27T11:14:54.361+0000][21728][gc,age       ] GC(5) Desired survivor size 40370176 bytes, new threshold 15 (max threshold 15)
[2020-08-27T11:14:54.391+0000][21728][gc,age       ] GC(5) Age table with threshold 15 (max threshold 15)
[2020-08-27T11:14:54.391+0000][21728][gc,age       ] GC(5) - age   1:   35205656 bytes,   35205656 total
[2020-08-27T11:14:54.391+0000][21728][gc,age       ] GC(5) - age   2:    3915624 bytes,   39121280 total
[2020-08-27T11:14:54.391+0000][21728][gc,age       ] GC(5) - age   3:    6202344 bytes,   45323624 total
[2020-08-27T11:14:54.391+0000][21728][gc,age       ] GC(5) - age   4:    1125160 bytes,   46448784 total
[2020-08-27T11:14:54.392+0000][21728][gc,phases    ] GC(5)   Pre Evacuate Collection Set: 0.2ms
[2020-08-27T11:14:54.392+0000][21728][gc,phases    ] GC(5)   Merge Heap Roots: 0.1ms
[2020-08-27T11:14:54.392+0000][21728][gc,phases    ] GC(5)   Evacuate Collection Set: 28.5ms
[2020-08-27T11:14:54.392+0000][21728][gc,phases    ] GC(5)   Post Evacuate Collection Set: 1.7ms
[2020-08-27T11:14:54.392+0000][21728][gc,phases    ] GC(5)   Other: 0.6ms
[2020-08-27T11:14:54.392+0000][21728][gc,heap      ] GC(5) Eden regions: 208->0(377)
[2020-08-27T11:14:54.392+0000][21728][gc,heap      ] GC(5) Survivor regions: 12->46(77)
[2020-08-27T11:14:54.392+0000][21728][gc,heap      ] GC(5) Old regions: 5->5
[2020-08-27T11:14:54.392+0000][21728][gc,heap      ] GC(5) Archive regions: 0->0
[2020-08-27T11:14:54.392+0000][21728][gc,heap      ] GC(5) Humongous regions: 1->1
[2020-08-27T11:14:54.392+0000][21728][gc,metaspace ] GC(5) Metaspace: 33524K(35840K)->33524K(35840K) NonClass: 29259K(30720K)->29259K(30720K) Class: 4264K(5120K)->4264K(5120K)
[2020-08-27T11:14:54.392+0000][21728][gc           ] GC(5) Pause Young (Concurrent Start) (Metadata GC Threshold) 225M->51M(1024M) 31.489ms
[2020-08-27T11:14:54.392+0000][21728][gc,cpu       ] GC(5) User=0.16s Sys=0.00s Real=0.03s
[2020-08-27T11:14:54.392+0000][21728][gc           ] GC(6) Concurrent Cycle
[2020-08-27T11:14:54.392+0000][21728][gc,marking   ] GC(6) Concurrent Clear Claimed Marks
[2020-08-27T11:14:54.392+0000][21728][gc,marking   ] GC(6) Concurrent Clear Claimed Marks 0.093ms
[2020-08-27T11:14:54.392+0000][21728][safepoint    ] Safepoint "CollectForMetadataAllocation", Time since last: 233915500 ns, Reaching safepoint: 86200 ns, At safepoint: 31820700 ns, Total: 31906900 ns
[2020-08-27T11:14:54.392+0000][21728][gc,marking   ] GC(6) Concurrent Scan Root Regions
[2020-08-27T11:14:54.417+0000][21728][gc,marking   ] GC(6) Concurrent Scan Root Regions 24.758ms
[2020-08-27T11:14:54.417+0000][21728][gc,marking   ] GC(6) Concurrent Mark (12.373s)
[2020-08-27T11:14:54.417+0000][21728][gc,marking   ] GC(6) Concurrent Mark From Roots
[2020-08-27T11:14:54.417+0000][21728][gc,task      ] GC(6) Using 2 workers of 2 for marking
[2020-08-27T11:14:54.425+0000][21728][gc,marking   ] GC(6) Concurrent Mark From Roots 7.893ms
[2020-08-27T11:14:54.425+0000][21728][gc,marking   ] GC(6) Concurrent Preclean
[2020-08-27T11:14:54.425+0000][21728][gc,marking   ] GC(6) Concurrent Preclean 0.221ms
[2020-08-27T11:14:54.425+0000][21728][gc,marking   ] GC(6) Concurrent Mark (12.373s, 12.382s) 8.298ms
[2020-08-27T11:14:54.426+0000][21728][gc,start     ] GC(6) Pause Remark
[2020-08-27T11:14:54.428+0000][21728][gc           ] GC(6) Pause Remark 56M->56M(1024M) 1.926ms
[2020-08-27T11:14:54.428+0000][21728][gc,cpu       ] GC(6) User=0.00s Sys=0.00s Real=0.00s
[2020-08-27T11:14:54.428+0000][21728][safepoint    ] Safepoint "G1Concurrent", Time since last: 33243400 ns, Reaching safepoint: 149100 ns, At safepoint: 2060000 ns, Total: 2209100 ns
[2020-08-27T11:14:54.428+0000][21728][gc,marking   ] GC(6) Concurrent Rebuild Remembered Sets
[2020-08-27T11:14:54.432+0000][21728][gc,marking   ] GC(6) Concurrent Rebuild Remembered Sets 4.597ms
[2020-08-27T11:14:54.433+0000][21728][gc,start     ] GC(6) Pause Cleanup
[2020-08-27T11:14:54.433+0000][21728][gc           ] GC(6) Pause Cleanup 58M->58M(1024M) 0.202ms
[2020-08-27T11:14:54.433+0000][21728][gc,cpu       ] GC(6) User=0.00s Sys=0.00s Real=0.00s
[2020-08-27T11:14:54.433+0000][21728][safepoint    ] Safepoint "G1Concurrent", Time since last: 4776900 ns, Reaching safepoint: 495900 ns, At safepoint: 308800 ns, Total: 804700 ns
[2020-08-27T11:14:54.433+0000][21728][gc,marking   ] GC(6) Concurrent Cleanup for Next Mark
[2020-08-27T11:14:54.435+0000][21728][gc,marking   ] GC(6) Concurrent Cleanup for Next Mark 1.547ms
[2020-08-27T11:14:54.435+0000][21728][gc           ] GC(6) Concurrent Cycle 42.949ms
[2020-08-27T11:14:55.966+0000][21728][safepoint    ] Safepoint "Cleanup", Time since last: 1532281400 ns, Reaching safepoint: 208000 ns, At safepoint: 20900 ns, Total: 228900 ns
[2020-08-27T11:14:56.497+0000][21728][safepoint    ] Safepoint "ICBufferFull", Time since last: 531514800 ns, Reaching safepoint: 181700 ns, At safepoint: 4200 ns, Total: 185900 ns
[2020-08-27T11:14:56.831+0000][21728][safepoint    ] Safepoint "BulkRevokeBias", Time since last: 333651000 ns, Reaching safepoint: 263500 ns, At safepoint: 113000 ns, Total: 376500 ns
[2020-08-27T11:14:56.989+0000][21728][safepoint    ] Safepoint "BulkRevokeBias", Time since last: 156839600 ns, Reaching safepoint: 291200 ns, At safepoint: 147600 ns, Total: 438800 ns
[2020-08-27T11:14:56.993+0000][21728][safepoint    ] Safepoint "BulkRevokeBias", Time since last: 3524400 ns, Reaching safepoint: 86200 ns, At safepoint: 136800 ns, Total: 223000 ns
[2020-08-27T11:14:57.992+0000][21728][gc,start     ] GC(7) Pause Young (Concurrent Start) (Metadata GC Threshold)
[2020-08-27T11:14:57.992+0000][21728][gc,task      ] GC(7) Using 8 workers of 8 for evacuation
[2020-08-27T11:14:57.992+0000][21728][gc,age       ] GC(7) Desired survivor size 30408704 bytes, new threshold 1 (max threshold 15)
[2020-08-27T11:14:58.027+0000][21728][gc,age       ] GC(7) Age table with threshold 1 (max threshold 15)
[2020-08-27T11:14:58.027+0000][21728][gc,age       ] GC(7) - age   1:    8769016 bytes,    8769016 total
[2020-08-27T11:14:58.027+0000][21728][gc,phases    ] GC(7)   Pre Evacuate Collection Set: 0.3ms
[2020-08-27T11:14:58.027+0000][21728][gc,phases    ] GC(7)   Merge Heap Roots: 0.1ms
[2020-08-27T11:14:58.027+0000][21728][gc,phases    ] GC(7)   Evacuate Collection Set: 33.0ms
[2020-08-27T11:14:58.027+0000][21728][gc,phases    ] GC(7)   Post Evacuate Collection Set: 1.7ms
[2020-08-27T11:14:58.027+0000][21728][gc,phases    ] GC(7)   Other: 0.5ms
[2020-08-27T11:14:58.028+0000][21728][gc,heap      ] GC(7) Eden regions: 244->0(509)
[2020-08-27T11:14:58.028+0000][21728][gc,heap      ] GC(7) Survivor regions: 46->10(58)
[2020-08-27T11:14:58.028+0000][21728][gc,heap      ] GC(7) Old regions: 5->50
[2020-08-27T11:14:58.028+0000][21728][gc,heap      ] GC(7) Archive regions: 0->0
[2020-08-27T11:14:58.028+0000][21728][gc,heap      ] GC(7) Humongous regions: 1->1
[2020-08-27T11:14:58.028+0000][21728][gc,metaspace ] GC(7) Metaspace: 55927K(60160K)->55927K(60160K) NonClass: 48271K(50816K)->48271K(50816K) Class: 7656K(9344K)->7656K(9344K)
[2020-08-27T11:14:58.028+0000][21728][gc           ] GC(7) Pause Young (Concurrent Start) (Metadata GC Threshold) 295M->60M(1024M) 35.951ms
[2020-08-27T11:14:58.028+0000][21728][gc,cpu       ] GC(7) User=0.25s Sys=0.00s Real=0.04s
[2020-08-27T11:14:58.028+0000][21728][gc           ] GC(8) Concurrent Cycle
[2020-08-27T11:14:58.028+0000][21728][gc,marking   ] GC(8) Concurrent Clear Claimed Marks
[2020-08-27T11:14:58.028+0000][21728][safepoint    ] Safepoint "CollectForMetadataAllocation", Time since last: 998784900 ns, Reaching safepoint: 396200 ns, At safepoint: 36180100 ns, Total: 36576300 ns
[2020-08-27T11:14:58.028+0000][21728][gc,marking   ] GC(8) Concurrent Clear Claimed Marks 0.244ms
[2020-08-27T11:14:58.028+0000][21728][gc,marking   ] GC(8) Concurrent Scan Root Regions
[2020-08-27T11:14:58.063+0000][21728][gc,marking   ] GC(8) Concurrent Scan Root Regions 34.593ms
[2020-08-27T11:14:58.063+0000][21728][gc,marking   ] GC(8) Concurrent Mark (16.019s)
[2020-08-27T11:14:58.063+0000][21728][gc,marking   ] GC(8) Concurrent Mark From Roots
[2020-08-27T11:14:58.063+0000][21728][gc,task      ] GC(8) Using 2 workers of 2 for marking
[2020-08-27T11:14:58.072+0000][21728][gc,marking   ] GC(8) Concurrent Mark From Roots 9.157ms
[2020-08-27T11:14:58.072+0000][21728][gc,marking   ] GC(8) Concurrent Preclean
[2020-08-27T11:14:58.072+0000][21728][gc,marking   ] GC(8) Concurrent Preclean 0.238ms
[2020-08-27T11:14:58.072+0000][21728][gc,marking   ] GC(8) Concurrent Mark (16.019s, 16.029s) 9.543ms
[2020-08-27T11:14:58.073+0000][21728][gc,start     ] GC(8) Pause Remark
[2020-08-27T11:14:58.075+0000][21728][gc           ] GC(8) Pause Remark 63M->63M(1024M) 2.448ms
[2020-08-27T11:14:58.075+0000][21728][gc,cpu       ] GC(8) User=0.00s Sys=0.00s Real=0.00s
[2020-08-27T11:14:58.075+0000][21728][safepoint    ] Safepoint "G1Concurrent", Time since last: 44554700 ns, Reaching safepoint: 292300 ns, At safepoint: 2604600 ns, Total: 2896900 ns
[2020-08-27T11:14:58.075+0000][21728][gc,marking   ] GC(8) Concurrent Rebuild Remembered Sets
[2020-08-27T11:14:58.115+0000][21728][gc,marking   ] GC(8) Concurrent Rebuild Remembered Sets 39.451ms
[2020-08-27T11:14:58.116+0000][21728][gc,start     ] GC(8) Pause Cleanup
[2020-08-27T11:14:58.116+0000][21728][gc           ] GC(8) Pause Cleanup 64M->64M(1024M) 0.221ms
[2020-08-27T11:14:58.116+0000][21728][gc,cpu       ] GC(8) User=0.00s Sys=0.00s Real=0.00s
[2020-08-27T11:14:58.116+0000][21728][safepoint    ] Safepoint "G1Concurrent", Time since last: 39650700 ns, Reaching safepoint: 741900 ns, At safepoint: 436300 ns, Total: 1178200 ns
[2020-08-27T11:14:58.116+0000][21728][gc,marking   ] GC(8) Concurrent Cleanup for Next Mark
[2020-08-27T11:14:58.118+0000][21728][gc,marking   ] GC(8) Concurrent Cleanup for Next Mark 1.886ms
[2020-08-27T11:14:58.118+0000][21728][gc           ] GC(8) Concurrent Cycle 90.452ms
[2020-08-27T11:14:59.162+0000][21728][safepoint    ] Safepoint "Cleanup", Time since last: 1045264900 ns, Reaching safepoint: 894900 ns, At safepoint: 25800 ns, Total: 920700 ns
[2020-08-27T11:14:59.809+0000][21728][safepoint    ] Safepoint "BulkRevokeBias", Time since last: 645401000 ns, Reaching safepoint: 551200 ns, At safepoint: 580000 ns, Total: 1131200 ns
[2020-08-27T11:15:00.858+0000][21728][safepoint    ] Safepoint "Cleanup", Time since last: 1048654400 ns, Reaching safepoint: 190600 ns, At safepoint: 75600 ns, Total: 266200 ns
[2020-08-27T11:15:01.868+0000][21728][safepoint    ] Safepoint "Cleanup", Time since last: 1009863700 ns, Reaching safepoint: 158000 ns, At safepoint: 4400 ns, Total: 162400 ns
[2020-08-27T11:15:01.870+0000][21728][safepoint    ] Safepoint "BulkRevokeBias", Time since last: 1711300 ns, Reaching safepoint: 99500 ns, At safepoint: 478700 ns, Total: 578200 ns
[2020-08-27T11:15:01.871+0000][21728][safepoint    ] Safepoint "BulkRevokeBias", Time since last: 274400 ns, Reaching safepoint: 72300 ns, At safepoint: 576200 ns, Total: 648500 ns
[2020-08-27T11:15:01.873+0000][21728][safepoint    ] Safepoint "BulkRevokeBias", Time since last: 598000 ns, Reaching safepoint: 136100 ns, At safepoint: 750800 ns, Total: 886900 ns
[2020-08-27T11:15:02.873+0000][21728][safepoint    ] Safepoint "Cleanup", Time since last: 1000366800 ns, Reaching safepoint: 80000 ns, At safepoint: 16600 ns, Total: 96600 ns
[2020-08-27T11:15:02.879+0000][21728][safepoint    ] Safepoint "BulkRevokeBias", Time since last: 1112500 ns, Reaching safepoint: 237000 ns, At safepoint: 4726400 ns, Total: 4963400 ns
[2020-08-27T11:15:02.882+0000][21728][safepoint    ] Safepoint "BulkRevokeBias", Time since last: 245300 ns, Reaching safepoint: 758700 ns, At safepoint: 1421200 ns, Total: 2179900 ns
[2020-08-27T11:15:02.885+0000][21728][safepoint    ] Safepoint "BulkRevokeBias", Time since last: 294700 ns, Reaching safepoint: 155600 ns, At safepoint: 3090700 ns, Total: 3246300 ns
[2020-08-27T11:15:02.886+0000][21728][safepoint    ] Safepoint "BulkRevokeBias", Time since last: 241200 ns, Reaching safepoint: 154300 ns, At safepoint: 722700 ns, Total: 877000 ns
[2020-08-27T11:15:02.941+0000][21728][safepoint    ] Safepoint "BulkRevokeBias", Time since last: 53887600 ns, Reaching safepoint: 105400 ns, At safepoint: 613500 ns, Total: 718900 ns
[2020-08-27T11:15:03.124+0000][21728][safepoint    ] Safepoint "BulkRevokeBias", Time since last: 182332100 ns, Reaching safepoint: 151200 ns, At safepoint: 524600 ns, Total: 675800 ns
[2020-08-27T11:15:03.236+0000][21728][safepoint    ] Safepoint "BulkRevokeBias", Time since last: 110746800 ns, Reaching safepoint: 451800 ns, At safepoint: 1032400 ns, Total: 1484200 ns
[2020-08-27T11:15:03.373+0000][21728][safepoint    ] Safepoint "BulkRevokeBias", Time since last: 135291800 ns, Reaching safepoint: 168700 ns, At safepoint: 1335200 ns, Total: 1503900 ns
[2020-08-27T11:15:04.390+0000][21728][safepoint    ] Safepoint "Cleanup", Time since last: 1016491000 ns, Reaching safepoint: 172700 ns, At safepoint: 4700 ns, Total: 177400 ns
[2020-08-27T11:15:06.391+0000][21728][safepoint    ] Safepoint "Cleanup", Time since last: 2000628000 ns, Reaching safepoint: 109300 ns, At safepoint: 3300 ns, Total: 112600 ns
[2020-08-27T11:15:07.391+0000][21728][safepoint    ] Safepoint "Cleanup", Time since last: 1000066600 ns, Reaching safepoint: 112200 ns, At safepoint: 3900 ns, Total: 116100 ns
[2020-08-27T11:15:08.392+0000][21728][safepoint    ] Safepoint "Cleanup", Time since last: 1000672700 ns, Reaching safepoint: 98300 ns, At safepoint: 4100 ns, Total: 102400 ns
[2020-08-27T11:15:09.392+0000][21728][safepoint    ] Safepoint "Cleanup", Time since last: 1000624400 ns, Reaching safepoint: 82200 ns, At safepoint: 4600 ns, Total: 86800 ns
[2020-08-27T11:15:11.393+0000][21728][safepoint    ] Safepoint "Cleanup", Time since last: 2000716700 ns, Reaching safepoint: 112600 ns, At safepoint: 5300 ns, Total: 117900 ns
[2020-08-27T11:15:12.393+0000][21728][safepoint    ] Safepoint "Cleanup", Time since last: 1000130800 ns, Reaching safepoint: 320000 ns, At safepoint: 13700 ns, Total: 333700 ns
[2020-08-27T11:15:14.395+0000][21728][safepoint    ] Safepoint "Cleanup", Time since last: 2000727500 ns, Reaching safepoint: 167800 ns, At safepoint: 4400 ns, Total: 172200 ns
[2020-08-27T11:15:16.395+0000][21728][safepoint    ] Safepoint "Cleanup", Time since last: 2000326700 ns, Reaching safepoint: 153700 ns, At safepoint: 3700 ns, Total: 157400 ns
[2020-08-27T11:15:16.993+0000][21728][safepoint    ] Safepoint "BulkRevokeBias", Time since last: 596807400 ns, Reaching safepoint: 185900 ns, At safepoint: 1407500 ns, Total: 1593400 ns
[2020-08-27T11:15:17.262+0000][21728][safepoint    ] Safepoint "BulkRevokeBias", Time since last: 268647500 ns, Reaching safepoint: 146100 ns, At safepoint: 495200 ns, Total: 641300 ns
[2020-08-27T11:15:17.778+0000][21728][safepoint    ] Safepoint "BulkRevokeBias", Time since last: 514555700 ns, Reaching safepoint: 221700 ns, At safepoint: 638800 ns, Total: 860500 ns
[2020-08-27T11:15:17.831+0000][21728][safepoint    ] Safepoint "BulkRevokeBias", Time since last: 52516300 ns, Reaching safepoint: 119900 ns, At safepoint: 707300 ns, Total: 827200 ns
[2020-08-27T11:15:17.955+0000][21728][safepoint    ] Safepoint "BulkRevokeBias", Time since last: 122492900 ns, Reaching safepoint: 135200 ns, At safepoint: 525300 ns, Total: 660500 ns
[2020-08-27T11:15:18.115+0000][21728][safepoint    ] Safepoint "BulkRevokeBias", Time since last: 159389500 ns, Reaching safepoint: 127100 ns, At safepoint: 591600 ns, Total: 718700 ns
[2020-08-27T11:15:18.291+0000][21728][safepoint    ] Safepoint "BulkRevokeBias", Time since last: 175472400 ns, Reaching safepoint: 141400 ns, At safepoint: 858700 ns, Total: 1000100 ns
[2020-08-27T11:15:18.325+0000][21728][safepoint    ] Safepoint "BulkRevokeBias", Time since last: 32560200 ns, Reaching safepoint: 144900 ns, At safepoint: 735300 ns, Total: 880200 ns
[2020-08-27T11:15:18.368+0000][21728][safepoint    ] Safepoint "BulkRevokeBias", Time since last: 42155000 ns, Reaching safepoint: 215800 ns, At safepoint: 1082500 ns, Total: 1298300 ns
[2020-08-27T11:15:18.416+0000][21728][safepoint    ] Safepoint "BulkRevokeBias", Time since last: 47109900 ns, Reaching safepoint: 180100 ns, At safepoint: 917200 ns, Total: 1097300 ns
[2020-08-27T11:15:18.559+0000][21728][safepoint    ] Safepoint "BulkRevokeBias", Time since last: 140595000 ns, Reaching safepoint: 306000 ns, At safepoint: 1759700 ns, Total: 2065700 ns
[2020-08-27T11:15:18.746+0000][21728][safepoint    ] Safepoint "BulkRevokeBias", Time since last: 186029100 ns, Reaching safepoint: 141200 ns, At safepoint: 931800 ns, Total: 1073000 ns
[2020-08-27T11:15:18.931+0000][21728][safepoint    ] Safepoint "ICBufferFull", Time since last: 184317900 ns, Reaching safepoint: 315200 ns, At safepoint: 256800 ns, Total: 572000 ns
[2020-08-27T11:15:19.175+0000][21728][safepoint    ] Safepoint "BulkRevokeBias", Time since last: 242927100 ns, Reaching safepoint: 135400 ns, At safepoint: 1149200 ns, Total: 1284600 ns
[2020-08-27T11:15:19.532+0000][21728][safepoint    ] Safepoint "BulkRevokeBias", Time since last: 355997900 ns, Reaching safepoint: 206900 ns, At safepoint: 708600 ns, Total: 915500 ns
[2020-08-27T11:15:19.758+0000][21728][safepoint    ] Safepoint "BulkRevokeBias", Time since last: 225257200 ns, Reaching safepoint: 201300 ns, At safepoint: 885100 ns, Total: 1086400 ns
[2020-08-27T11:15:20.470+0000][21728][safepoint    ] Safepoint "BulkRevokeBias", Time since last: 710053600 ns, Reaching safepoint: 194100 ns, At safepoint: 1089700 ns, Total: 1283800 ns
[2020-08-27T11:15:20.713+0000][21728][gc,start     ] GC(9) Pause Young (Concurrent Start) (G1 Humongous Allocation)
[2020-08-27T11:15:20.713+0000][21728][gc,task      ] GC(9) Using 8 workers of 8 for evacuation
[2020-08-27T11:15:20.713+0000][21728][gc,age       ] GC(9) Desired survivor size 37224448 bytes, new threshold 15 (max threshold 15)
[2020-08-27T11:15:20.730+0000][21728][gc,age       ] GC(9) Age table with threshold 15 (max threshold 15)
[2020-08-27T11:15:20.730+0000][21728][gc,age       ] GC(9) - age   1:   14929680 bytes,   14929680 total
[2020-08-27T11:15:20.730+0000][21728][gc,age       ] GC(9) - age   2:    8334272 bytes,   23263952 total
[2020-08-27T11:15:20.730+0000][21728][gc,phases    ] GC(9)   Pre Evacuate Collection Set: 0.3ms
[2020-08-27T11:15:20.730+0000][21728][gc,phases    ] GC(9)   Merge Heap Roots: 0.1ms
[2020-08-27T11:15:20.731+0000][21728][gc,phases    ] GC(9)   Evacuate Collection Set: 14.0ms
[2020-08-27T11:15:20.731+0000][21728][gc,phases    ] GC(9)   Post Evacuate Collection Set: 2.7ms
[2020-08-27T11:15:20.731+0000][21728][gc,phases    ] GC(9)   Other: 0.5ms
[2020-08-27T11:15:20.731+0000][21728][gc,heap      ] GC(9) Eden regions: 501->0(495)
[2020-08-27T11:15:20.731+0000][21728][gc,heap      ] GC(9) Survivor regions: 10->24(71)
[2020-08-27T11:15:20.731+0000][21728][gc,heap      ] GC(9) Old regions: 50->50
[2020-08-27T11:15:20.731+0000][21728][gc,heap      ] GC(9) Archive regions: 0->0
[2020-08-27T11:15:20.731+0000][21728][gc,heap      ] GC(9) Humongous regions: 257->107
[2020-08-27T11:15:20.731+0000][21728][gc,metaspace ] GC(9) Metaspace: 80612K(86656K)->80612K(86656K) NonClass: 69654K(73216K)->69654K(73216K) Class: 10958K(13440K)->10958K(13440K)
[2020-08-27T11:15:20.731+0000][21728][gc           ] GC(9) Pause Young (Concurrent Start) (G1 Humongous Allocation) 817M->179M(1024M) 18.164ms
[2020-08-27T11:15:20.731+0000][21728][gc,cpu       ] GC(9) User=0.13s Sys=0.00s Real=0.02s
[2020-08-27T11:15:20.731+0000][21728][gc           ] GC(10) Concurrent Cycle
[2020-08-27T11:15:20.731+0000][21728][safepoint    ] Safepoint "G1TryInitiateConcMark", Time since last: 242782300 ns, Reaching safepoint: 212800 ns, At safepoint: 18368400 ns, Total: 18581200 ns
[2020-08-27T11:15:20.731+0000][21728][gc,marking   ] GC(10) Concurrent Clear Claimed Marks
[2020-08-27T11:15:20.731+0000][21728][gc,marking   ] GC(10) Concurrent Clear Claimed Marks 0.365ms
[2020-08-27T11:15:20.731+0000][21728][gc,marking   ] GC(10) Concurrent Scan Root Regions
[2020-08-27T11:15:20.747+0000][21728][gc,marking   ] GC(10) Concurrent Scan Root Regions 15.860ms
[2020-08-27T11:15:20.747+0000][21728][gc,marking   ] GC(10) Concurrent Mark (38.703s)
[2020-08-27T11:15:20.747+0000][21728][gc,marking   ] GC(10) Concurrent Mark From Roots
[2020-08-27T11:15:20.747+0000][21728][gc,task      ] GC(10) Using 2 workers of 2 for marking
[2020-08-27T11:15:20.817+0000][21728][gc,marking   ] GC(10) Concurrent Mark From Roots 70.014ms
[2020-08-27T11:15:20.818+0000][21728][gc,marking   ] GC(10) Concurrent Preclean
[2020-08-27T11:15:20.818+0000][21728][gc,marking   ] GC(10) Concurrent Preclean 0.285ms
[2020-08-27T11:15:20.818+0000][21728][gc,marking   ] GC(10) Concurrent Mark (38.703s, 38.774s) 70.428ms
[2020-08-27T11:15:20.818+0000][21728][gc,start     ] GC(10) Pause Remark
[2020-08-27T11:15:20.821+0000][21728][gc           ] GC(10) Pause Remark 222M->222M(1024M) 3.047ms
[2020-08-27T11:15:20.821+0000][21728][gc,cpu       ] GC(10) User=0.00s Sys=0.00s Real=0.00s
[2020-08-27T11:15:20.821+0000][21728][safepoint    ] Safepoint "G1Concurrent", Time since last: 86834700 ns, Reaching safepoint: 134900 ns, At safepoint: 3218700 ns, Total: 3353600 ns
[2020-08-27T11:15:20.821+0000][21728][gc,marking   ] GC(10) Concurrent Rebuild Remembered Sets
[2020-08-27T11:15:20.860+0000][21728][gc,marking   ] GC(10) Concurrent Rebuild Remembered Sets 39.052ms
[2020-08-27T11:15:20.861+0000][21728][gc,start     ] GC(10) Pause Cleanup
[2020-08-27T11:15:20.861+0000][21728][gc           ] GC(10) Pause Cleanup 223M->223M(1024M) 0.242ms
[2020-08-27T11:15:20.861+0000][21728][gc,cpu       ] GC(10) User=0.00s Sys=0.00s Real=0.00s
[2020-08-27T11:15:20.861+0000][21728][safepoint    ] Safepoint "G1Concurrent", Time since last: 39196000 ns, Reaching safepoint: 645800 ns, At safepoint: 360900 ns, Total: 1006700 ns
[2020-08-27T11:15:20.861+0000][21728][gc,marking   ] GC(10) Concurrent Cleanup for Next Mark
[2020-08-27T11:15:20.863+0000][21728][gc,marking   ] GC(10) Concurrent Cleanup for Next Mark 1.234ms
[2020-08-27T11:15:20.863+0000][21728][gc           ] GC(10) Concurrent Cycle 131.810ms
[2020-08-27T11:15:21.183+0000][21728][safepoint    ] Safepoint "BulkRevokeBias", Time since last: 320344300 ns, Reaching safepoint: 135900 ns, At safepoint: 997100 ns, Total: 1133000 ns
[2020-08-27T11:15:21.195+0000][21728][safepoint    ] Safepoint "BulkRevokeBias", Time since last: 11067500 ns, Reaching safepoint: 174100 ns, At safepoint: 1192000 ns, Total: 1366100 ns
[2020-08-27T11:15:21.452+0000][21728][gc,start     ] GC(11) Pause Young (Concurrent Start) (G1 Humongous Allocation)
[2020-08-27T11:15:21.452+0000][21728][gc,task      ] GC(11) Using 8 workers of 8 for evacuation
[2020-08-27T11:15:21.452+0000][21728][gc,age       ] GC(11) Desired survivor size 34078720 bytes, new threshold 15 (max threshold 15)
[2020-08-27T11:15:21.468+0000][21728][gc,age       ] GC(11) Age table with threshold 15 (max threshold 15)
[2020-08-27T11:15:21.468+0000][21728][gc,age       ] GC(11) - age   1:    2803752 bytes,    2803752 total
[2020-08-27T11:15:21.468+0000][21728][gc,age       ] GC(11) - age   2:   12498408 bytes,   15302160 total
[2020-08-27T11:15:21.468+0000][21728][gc,age       ] GC(11) - age   3:    8324680 bytes,   23626840 total
[2020-08-27T11:15:21.468+0000][21728][gc,phases    ] GC(11)   Pre Evacuate Collection Set: 0.4ms
[2020-08-27T11:15:21.468+0000][21728][gc,phases    ] GC(11)   Merge Heap Roots: 0.1ms
[2020-08-27T11:15:21.468+0000][21728][gc,phases    ] GC(11)   Evacuate Collection Set: 13.7ms
[2020-08-27T11:15:21.468+0000][21728][gc,phases    ] GC(11)   Post Evacuate Collection Set: 1.5ms
[2020-08-27T11:15:21.468+0000][21728][gc,phases    ] GC(11)   Other: 0.7ms
[2020-08-27T11:15:21.468+0000][21728][gc,heap      ] GC(11) Eden regions: 69->0(511)
[2020-08-27T11:15:21.468+0000][21728][gc,heap      ] GC(11) Survivor regions: 24->24(65)
[2020-08-27T11:15:21.468+0000][21728][gc,heap      ] GC(11) Old regions: 50->50
[2020-08-27T11:15:21.468+0000][21728][gc,heap      ] GC(11) Archive regions: 0->0
[2020-08-27T11:15:21.468+0000][21728][gc,heap      ] GC(11) Humongous regions: 257->107
[2020-08-27T11:15:21.468+0000][21728][gc,metaspace ] GC(11) Metaspace: 80940K(86912K)->80940K(86912K) NonClass: 69940K(73472K)->69940K(73472K) Class: 10999K(13440K)->10999K(13440K)
[2020-08-27T11:15:21.469+0000][21728][gc           ] GC(11) Pause Young (Concurrent Start) (G1 Humongous Allocation) 398M->180M(1024M) 16.761ms
[2020-08-27T11:15:21.469+0000][21728][gc,cpu       ] GC(11) User=0.13s Sys=0.00s Real=0.02s
[2020-08-27T11:15:21.469+0000][21728][gc           ] GC(12) Concurrent Cycle
[2020-08-27T11:15:21.469+0000][21728][safepoint    ] Safepoint "G1TryInitiateConcMark", Time since last: 256175400 ns, Reaching safepoint: 209100 ns, At safepoint: 16930400 ns, Total: 17139500 ns
[2020-08-27T11:15:21.469+0000][21728][gc,marking   ] GC(12) Concurrent Clear Claimed Marks
[2020-08-27T11:15:21.469+0000][21728][gc,marking   ] GC(12) Concurrent Clear Claimed Marks 0.410ms
[2020-08-27T11:15:21.469+0000][21728][gc,marking   ] GC(12) Concurrent Scan Root Regions
[2020-08-27T11:15:21.487+0000][21728][gc,marking   ] GC(12) Concurrent Scan Root Regions 17.401ms
[2020-08-27T11:15:21.487+0000][21728][gc,marking   ] GC(12) Concurrent Mark (39.442s)
[2020-08-27T11:15:21.487+0000][21728][gc,marking   ] GC(12) Concurrent Mark From Roots
[2020-08-27T11:15:21.487+0000][21728][gc,task      ] GC(12) Using 2 workers of 2 for marking
[2020-08-27T11:15:21.590+0000][21728][gc,marking   ] GC(12) Concurrent Mark From Roots 103.470ms
[2020-08-27T11:15:21.590+0000][21728][gc,marking   ] GC(12) Concurrent Preclean
[2020-08-27T11:15:21.591+0000][21728][gc,marking   ] GC(12) Concurrent Preclean 0.412ms
[2020-08-27T11:15:21.591+0000][21728][gc,marking   ] GC(12) Concurrent Mark (39.442s, 39.546s) 104.043ms
[2020-08-27T11:15:21.591+0000][21728][gc,start     ] GC(12) Pause Remark
[2020-08-27T11:15:21.594+0000][21728][gc           ] GC(12) Pause Remark 216M->216M(1024M) 3.313ms
[2020-08-27T11:15:21.594+0000][21728][gc,cpu       ] GC(12) User=0.00s Sys=0.00s Real=0.00s
[2020-08-27T11:15:21.594+0000][21728][safepoint    ] Safepoint "G1Concurrent", Time since last: 122073300 ns, Reaching safepoint: 134500 ns, At safepoint: 3496000 ns, Total: 3630500 ns
[2020-08-27T11:15:21.594+0000][21728][gc,marking   ] GC(12) Concurrent Rebuild Remembered Sets
[2020-08-27T11:15:21.639+0000][21728][gc,marking   ] GC(12) Concurrent Rebuild Remembered Sets 44.664ms
[2020-08-27T11:15:21.640+0000][21728][gc,start     ] GC(12) Pause Cleanup
[2020-08-27T11:15:21.640+0000][21728][gc           ] GC(12) Pause Cleanup 219M->219M(1024M) 0.203ms
[2020-08-27T11:15:21.640+0000][21728][gc,cpu       ] GC(12) User=0.00s Sys=0.00s Real=0.00s
[2020-08-27T11:15:21.640+0000][21728][safepoint    ] Safepoint "G1Concurrent", Time since last: 44829300 ns, Reaching safepoint: 387300 ns, At safepoint: 340700 ns, Total: 728000 ns
[2020-08-27T11:15:21.640+0000][21728][gc,marking   ] GC(12) Concurrent Cleanup for Next Mark
[2020-08-27T11:15:21.642+0000][21728][gc,marking   ] GC(12) Concurrent Cleanup for Next Mark 1.718ms
[2020-08-27T11:15:21.642+0000][21728][gc           ] GC(12) Concurrent Cycle 173.179ms
[2020-08-27T11:15:22.302+0000][21728][safepoint    ] Safepoint "BulkRevokeBias", Time since last: 661741400 ns, Reaching safepoint: 125900 ns, At safepoint: 770900 ns, Total: 896800 ns
[2020-08-27T11:15:22.629+0000][21728][gc,start     ] GC(13) Pause Young (Concurrent Start) (G1 Humongous Allocation)
[2020-08-27T11:15:22.629+0000][21728][gc,task      ] GC(13) Using 8 workers of 8 for evacuation
[2020-08-27T11:15:22.629+0000][21728][gc,age       ] GC(13) Desired survivor size 35127296 bytes, new threshold 15 (max threshold 15)
[2020-08-27T11:15:22.642+0000][21728][gc,age       ] GC(13) Age table with threshold 15 (max threshold 15)
[2020-08-27T11:15:22.642+0000][21728][gc,age       ] GC(13) - age   1:    2097880 bytes,    2097880 total
[2020-08-27T11:15:22.642+0000][21728][gc,age       ] GC(13) - age   2:     330656 bytes,    2428536 total
[2020-08-27T11:15:22.642+0000][21728][gc,age       ] GC(13) - age   3:   12465952 bytes,   14894488 total
[2020-08-27T11:15:22.642+0000][21728][gc,age       ] GC(13) - age   4:    8324680 bytes,   23219168 total
[2020-08-27T11:15:22.643+0000][21728][gc,phases    ] GC(13)   Pre Evacuate Collection Set: 0.4ms
[2020-08-27T11:15:22.643+0000][21728][gc,phases    ] GC(13)   Merge Heap Roots: 0.1ms
[2020-08-27T11:15:22.643+0000][21728][gc,phases    ] GC(13)   Evacuate Collection Set: 11.2ms
[2020-08-27T11:15:22.643+0000][21728][gc,phases    ] GC(13)   Post Evacuate Collection Set: 1.7ms
[2020-08-27T11:15:22.643+0000][21728][gc,phases    ] GC(13)   Other: 0.5ms
[2020-08-27T11:15:22.643+0000][21728][gc,heap      ] GC(13) Eden regions: 63->0(525)
[2020-08-27T11:15:22.643+0000][21728][gc,heap      ] GC(13) Survivor regions: 24->24(67)
[2020-08-27T11:15:22.643+0000][21728][gc,heap      ] GC(13) Old regions: 50->50
[2020-08-27T11:15:22.643+0000][21728][gc,heap      ] GC(13) Archive regions: 0->0
[2020-08-27T11:15:22.643+0000][21728][gc,heap      ] GC(13) Humongous regions: 257->107
[2020-08-27T11:15:22.643+0000][21728][gc,metaspace ] GC(13) Metaspace: 81067K(87168K)->81067K(87168K) NonClass: 70067K(73728K)->70067K(73728K) Class: 10999K(13440K)->10999K(13440K)
[2020-08-27T11:15:22.643+0000][21728][gc           ] GC(13) Pause Young (Concurrent Start) (G1 Humongous Allocation) 393M->180M(1024M) 14.062ms
[2020-08-27T11:15:22.643+0000][21728][gc,cpu       ] GC(13) User=0.08s Sys=0.00s Real=0.01s
[2020-08-27T11:15:22.643+0000][21728][safepoint    ] Safepoint "G1TryInitiateConcMark", Time since last: 326680500 ns, Reaching safepoint: 172800 ns, At safepoint: 14244400 ns, Total: 14417200 ns
[2020-08-27T11:15:22.643+0000][21728][gc           ] GC(14) Concurrent Cycle
[2020-08-27T11:15:22.643+0000][21728][gc,marking   ] GC(14) Concurrent Clear Claimed Marks
[2020-08-27T11:15:22.643+0000][21728][gc,marking   ] GC(14) Concurrent Clear Claimed Marks 0.332ms
[2020-08-27T11:15:22.644+0000][21728][gc,marking   ] GC(14) Concurrent Scan Root Regions
[2020-08-27T11:15:22.659+0000][21728][gc,marking   ] GC(14) Concurrent Scan Root Regions 15.104ms
[2020-08-27T11:15:22.659+0000][21728][gc,marking   ] GC(14) Concurrent Mark (40.615s)
[2020-08-27T11:15:22.659+0000][21728][gc,marking   ] GC(14) Concurrent Mark From Roots
[2020-08-27T11:15:22.659+0000][21728][gc,task      ] GC(14) Using 2 workers of 2 for marking
[2020-08-27T11:15:22.746+0000][21728][gc,marking   ] GC(14) Concurrent Mark From Roots 87.646ms
[2020-08-27T11:15:22.746+0000][21728][gc,marking   ] GC(14) Concurrent Preclean
[2020-08-27T11:15:22.747+0000][21728][gc,marking   ] GC(14) Concurrent Preclean 0.485ms
[2020-08-27T11:15:22.747+0000][21728][gc,marking   ] GC(14) Concurrent Mark (40.615s, 40.703s) 88.308ms
[2020-08-27T11:15:22.747+0000][21728][gc,start     ] GC(14) Pause Remark
[2020-08-27T11:15:22.751+0000][21728][gc           ] GC(14) Pause Remark 209M->209M(1024M) 3.351ms
[2020-08-27T11:15:22.751+0000][21728][gc,cpu       ] GC(14) User=0.03s Sys=0.02s Real=0.00s
[2020-08-27T11:15:22.751+0000][21728][safepoint    ] Safepoint "G1Concurrent", Time since last: 104003400 ns, Reaching safepoint: 139100 ns, At safepoint: 3581300 ns, Total: 3720400 ns
[2020-08-27T11:15:22.751+0000][21728][gc,marking   ] GC(14) Concurrent Rebuild Remembered Sets
[2020-08-27T11:15:22.812+0000][21728][gc,marking   ] GC(14) Concurrent Rebuild Remembered Sets 61.108ms
[2020-08-27T11:15:22.812+0000][21728][gc,start     ] GC(14) Pause Cleanup
[2020-08-27T11:15:22.812+0000][21728][gc           ] GC(14) Pause Cleanup 210M->210M(1024M) 0.222ms
[2020-08-27T11:15:22.813+0000][21728][gc,cpu       ] GC(14) User=0.05s Sys=0.02s Real=0.00s
[2020-08-27T11:15:22.813+0000][21728][safepoint    ] Safepoint "G1Concurrent", Time since last: 61272400 ns, Reaching safepoint: 168200 ns, At safepoint: 395400 ns, Total: 563600 ns
[2020-08-27T11:15:22.813+0000][21728][gc,marking   ] GC(14) Concurrent Cleanup for Next Mark
[2020-08-27T11:15:22.814+0000][21728][gc,marking   ] GC(14) Concurrent Cleanup for Next Mark 1.811ms
[2020-08-27T11:15:22.815+0000][21728][gc           ] GC(14) Concurrent Cycle 171.624ms
[2020-08-27T11:15:23.298+0000][21728][gc,start     ] GC(15) Pause Young (Concurrent Start) (G1 Humongous Allocation)
[2020-08-27T11:15:23.298+0000][21728][gc,task      ] GC(15) Using 8 workers of 8 for evacuation
[2020-08-27T11:15:23.298+0000][21728][gc,age       ] GC(15) Desired survivor size 36175872 bytes, new threshold 15 (max threshold 15)
[2020-08-27T11:15:23.313+0000][21728][gc,age       ] GC(15) Age table with threshold 15 (max threshold 15)
[2020-08-27T11:15:23.313+0000][21728][gc,age       ] GC(15) - age   1:    2198544 bytes,    2198544 total
[2020-08-27T11:15:23.313+0000][21728][gc,age       ] GC(15) - age   2:     278568 bytes,    2477112 total
[2020-08-27T11:15:23.313+0000][21728][gc,age       ] GC(15) - age   3:     329496 bytes,    2806608 total
[2020-08-27T11:15:23.313+0000][21728][gc,age       ] GC(15) - age   4:   12462896 bytes,   15269504 total
[2020-08-27T11:15:23.313+0000][21728][gc,age       ] GC(15) - age   5:    8324680 bytes,   23594184 total
[2020-08-27T11:15:23.314+0000][21728][gc,phases    ] GC(15)   Pre Evacuate Collection Set: 0.4ms
[2020-08-27T11:15:23.314+0000][21728][gc,phases    ] GC(15)   Merge Heap Roots: 0.1ms
[2020-08-27T11:15:23.314+0000][21728][gc,phases    ] GC(15)   Evacuate Collection Set: 13.0ms
[2020-08-27T11:15:23.314+0000][21728][gc,phases    ] GC(15)   Post Evacuate Collection Set: 1.6ms
[2020-08-27T11:15:23.314+0000][21728][gc,phases    ] GC(15)   Other: 0.7ms
[2020-08-27T11:15:23.314+0000][21728][gc,heap      ] GC(15) Eden regions: 61->0(536)
[2020-08-27T11:15:23.314+0000][21728][gc,heap      ] GC(15) Survivor regions: 24->25(69)
[2020-08-27T11:15:23.314+0000][21728][gc,heap      ] GC(15) Old regions: 50->50
[2020-08-27T11:15:23.314+0000][21728][gc,heap      ] GC(15) Archive regions: 0->0
[2020-08-27T11:15:23.314+0000][21728][gc,heap      ] GC(15) Humongous regions: 257->107
[2020-08-27T11:15:23.314+0000][21728][gc,metaspace ] GC(15) Metaspace: 81187K(87168K)->81187K(87168K) NonClass: 70188K(73728K)->70188K(73728K) Class: 10999K(13440K)->10999K(13440K)
[2020-08-27T11:15:23.314+0000][21728][gc           ] GC(15) Pause Young (Concurrent Start) (G1 Humongous Allocation) 391M->180M(1024M) 16.096ms
[2020-08-27T11:15:23.314+0000][21728][gc,cpu       ] GC(15) User=0.03s Sys=0.00s Real=0.02s
[2020-08-27T11:15:23.314+0000][21728][gc           ] GC(16) Concurrent Cycle
[2020-08-27T11:15:23.314+0000][21728][safepoint    ] Safepoint "G1TryInitiateConcMark", Time since last: 484519000 ns, Reaching safepoint: 270000 ns, At safepoint: 16309400 ns, Total: 16579400 ns
[2020-08-27T11:15:23.314+0000][21728][gc,marking   ] GC(16) Concurrent Clear Claimed Marks
[2020-08-27T11:15:23.315+0000][21728][gc,marking   ] GC(16) Concurrent Clear Claimed Marks 0.494ms
[2020-08-27T11:15:23.315+0000][21728][gc,marking   ] GC(16) Concurrent Scan Root Regions
[2020-08-27T11:15:23.330+0000][21728][gc,marking   ] GC(16) Concurrent Scan Root Regions 15.787ms
[2020-08-27T11:15:23.330+0000][21728][gc,marking   ] GC(16) Concurrent Mark (41.286s)
[2020-08-27T11:15:23.330+0000][21728][gc,marking   ] GC(16) Concurrent Mark From Roots
[2020-08-27T11:15:23.331+0000][21728][gc,task      ] GC(16) Using 2 workers of 2 for marking
[2020-08-27T11:15:23.406+0000][21728][gc,marking   ] GC(16) Concurrent Mark From Roots 75.634ms
[2020-08-27T11:15:23.406+0000][21728][gc,marking   ] GC(16) Concurrent Preclean
[2020-08-27T11:15:23.407+0000][21728][gc,marking   ] GC(16) Concurrent Preclean 0.375ms
[2020-08-27T11:15:23.407+0000][21728][gc,marking   ] GC(16) Concurrent Mark (41.286s, 41.363s) 76.158ms
[2020-08-27T11:15:23.407+0000][21728][gc,start     ] GC(16) Pause Remark
[2020-08-27T11:15:23.410+0000][21728][gc           ] GC(16) Pause Remark 204M->204M(1024M) 3.617ms
[2020-08-27T11:15:23.411+0000][21728][gc,cpu       ] GC(16) User=0.00s Sys=0.00s Real=0.00s
[2020-08-27T11:15:23.411+0000][21728][safepoint    ] Safepoint "G1Concurrent", Time since last: 92637400 ns, Reaching safepoint: 156300 ns, At safepoint: 3860800 ns, Total: 4017100 ns
[2020-08-27T11:15:23.411+0000][21728][gc,marking   ] GC(16) Concurrent Rebuild Remembered Sets
[2020-08-27T11:15:23.462+0000][21728][gc,marking   ] GC(16) Concurrent Rebuild Remembered Sets 51.094ms
[2020-08-27T11:15:23.462+0000][21728][gc,start     ] GC(16) Pause Cleanup
[2020-08-27T11:15:23.462+0000][21728][gc           ] GC(16) Pause Cleanup 205M->205M(1024M) 0.197ms
[2020-08-27T11:15:23.462+0000][21728][gc,cpu       ] GC(16) User=0.00s Sys=0.00s Real=0.00s
[2020-08-27T11:15:23.462+0000][21728][safepoint    ] Safepoint "G1Concurrent", Time since last: 51250000 ns, Reaching safepoint: 156900 ns, At safepoint: 340000 ns, Total: 496900 ns
[2020-08-27T11:15:23.462+0000][21728][gc,marking   ] GC(16) Concurrent Cleanup for Next Mark
[2020-08-27T11:15:23.464+0000][21728][gc,marking   ] GC(16) Concurrent Cleanup for Next Mark 1.895ms
[2020-08-27T11:15:23.465+0000][21728][gc           ] GC(16) Concurrent Cycle 150.529ms
[2020-08-27T11:15:23.644+0000][21728][safepoint    ] Safepoint "BulkRevokeBias", Time since last: 180157100 ns, Reaching safepoint: 136600 ns, At safepoint: 1016800 ns, Total: 1153400 ns
[2020-08-27T11:15:23.846+0000][21728][gc,start     ] GC(17) Pause Young (Concurrent Start) (G1 Humongous Allocation)
[2020-08-27T11:15:23.846+0000][21728][gc,task      ] GC(17) Using 8 workers of 8 for evacuation
[2020-08-27T11:15:23.846+0000][21728][gc,age       ] GC(17) Desired survivor size 37224448 bytes, new threshold 15 (max threshold 15)
[2020-08-27T11:15:23.861+0000][21728][gc,age       ] GC(17) Age table with threshold 15 (max threshold 15)
[2020-08-27T11:15:23.861+0000][21728][gc,age       ] GC(17) - age   1:    1859448 bytes,    1859448 total
[2020-08-27T11:15:23.861+0000][21728][gc,age       ] GC(17) - age   2:     271600 bytes,    2131048 total
[2020-08-27T11:15:23.861+0000][21728][gc,age       ] GC(17) - age   3:     273304 bytes,    2404352 total
[2020-08-27T11:15:23.861+0000][21728][gc,age       ] GC(17) - age   4:     328984 bytes,    2733336 total
[2020-08-27T11:15:23.861+0000][21728][gc,age       ] GC(17) - age   5:   12451456 bytes,   15184792 total
[2020-08-27T11:15:23.861+0000][21728][gc,age       ] GC(17) - age   6:    8324664 bytes,   23509456 total
[2020-08-27T11:15:23.861+0000][21728][gc,phases    ] GC(17)   Pre Evacuate Collection Set: 0.4ms
[2020-08-27T11:15:23.861+0000][21728][gc,phases    ] GC(17)   Merge Heap Roots: 0.1ms
[2020-08-27T11:15:23.861+0000][21728][gc,phases    ] GC(17)   Evacuate Collection Set: 12.9ms
[2020-08-27T11:15:23.861+0000][21728][gc,phases    ] GC(17)   Post Evacuate Collection Set: 1.6ms
[2020-08-27T11:15:23.861+0000][21728][gc,phases    ] GC(17)   Other: 0.5ms
[2020-08-27T11:15:23.861+0000][21728][gc,heap      ] GC(17) Eden regions: 60->0(546)
[2020-08-27T11:15:23.861+0000][21728][gc,heap      ] GC(17) Survivor regions: 25->24(71)
[2020-08-27T11:15:23.861+0000][21728][gc,heap      ] GC(17) Old regions: 50->50
[2020-08-27T11:15:23.861+0000][21728][gc,heap      ] GC(17) Archive regions: 0->0
[2020-08-27T11:15:23.861+0000][21728][gc,heap      ] GC(17) Humongous regions: 257->107
[2020-08-27T11:15:23.861+0000][21728][gc,metaspace ] GC(17) Metaspace: 81253K(87424K)->81253K(87424K) NonClass: 70253K(73984K)->70253K(73984K) Class: 10999K(13440K)->10999K(13440K)
[2020-08-27T11:15:23.861+0000][21728][gc           ] GC(17) Pause Young (Concurrent Start) (G1 Humongous Allocation) 389M->180M(1024M) 15.746ms
[2020-08-27T11:15:23.861+0000][21728][gc,cpu       ] GC(17) User=0.00s Sys=0.02s Real=0.02s
[2020-08-27T11:15:23.862+0000][21728][safepoint    ] Safepoint "G1TryInitiateConcMark", Time since last: 201639800 ns, Reaching safepoint: 196900 ns, At safepoint: 15929700 ns, Total: 16126600 ns
[2020-08-27T11:15:23.862+0000][21728][gc           ] GC(18) Concurrent Cycle
[2020-08-27T11:15:23.862+0000][21728][gc,marking   ] GC(18) Concurrent Clear Claimed Marks
[2020-08-27T11:15:23.862+0000][21728][gc,marking   ] GC(18) Concurrent Clear Claimed Marks 0.396ms
[2020-08-27T11:15:23.862+0000][21728][gc,marking   ] GC(18) Concurrent Scan Root Regions
[2020-08-27T11:15:23.879+0000][21728][gc,marking   ] GC(18) Concurrent Scan Root Regions 16.730ms
[2020-08-27T11:15:23.879+0000][21728][gc,marking   ] GC(18) Concurrent Mark (41.835s)
[2020-08-27T11:15:23.879+0000][21728][gc,marking   ] GC(18) Concurrent Mark From Roots
[2020-08-27T11:15:23.879+0000][21728][gc,task      ] GC(18) Using 2 workers of 2 for marking
[2020-08-27T11:15:23.976+0000][21728][gc,marking   ] GC(18) Concurrent Mark From Roots 96.673ms
[2020-08-27T11:15:23.976+0000][21728][gc,marking   ] GC(18) Concurrent Preclean
[2020-08-27T11:15:23.976+0000][21728][gc,marking   ] GC(18) Concurrent Preclean 0.308ms
[2020-08-27T11:15:23.976+0000][21728][gc,marking   ] GC(18) Concurrent Mark (41.835s, 41.932s) 97.123ms
[2020-08-27T11:15:23.976+0000][21728][gc,start     ] GC(18) Pause Remark
[2020-08-27T11:15:23.980+0000][21728][gc           ] GC(18) Pause Remark 199M->199M(1024M) 4.009ms
[2020-08-27T11:15:23.980+0000][21728][gc,cpu       ] GC(18) User=0.00s Sys=0.00s Real=0.00s
[2020-08-27T11:15:23.980+0000][21728][safepoint    ] Safepoint "G1Concurrent", Time since last: 114497600 ns, Reaching safepoint: 139000 ns, At safepoint: 4225200 ns, Total: 4364200 ns
[2020-08-27T11:15:23.980+0000][21728][gc,marking   ] GC(18) Concurrent Rebuild Remembered Sets
[2020-08-27T11:15:24.013+0000][21728][safepoint    ] Safepoint "BulkRevokeBias", Time since last: 31014300 ns, Reaching safepoint: 560100 ns, At safepoint: 1126500 ns, Total: 1686600 ns
[2020-08-27T11:15:24.034+0000][21728][gc,marking   ] GC(18) Concurrent Rebuild Remembered Sets 53.764ms
[2020-08-27T11:15:24.034+0000][21728][gc,start     ] GC(18) Pause Cleanup
[2020-08-27T11:15:24.035+0000][21728][gc           ] GC(18) Pause Cleanup 202M->202M(1024M) 0.255ms
[2020-08-27T11:15:24.035+0000][21728][gc,cpu       ] GC(18) User=0.00s Sys=0.00s Real=0.00s
[2020-08-27T11:15:24.035+0000][21728][safepoint    ] Safepoint "G1Concurrent", Time since last: 21240400 ns, Reaching safepoint: 98300 ns, At safepoint: 415100 ns, Total: 513400 ns
[2020-08-27T11:15:24.035+0000][21728][gc,marking   ] GC(18) Concurrent Cleanup for Next Mark
[2020-08-27T11:15:24.036+0000][21728][gc,marking   ] GC(18) Concurrent Cleanup for Next Mark 1.483ms
[2020-08-27T11:15:24.037+0000][21728][gc           ] GC(18) Concurrent Cycle 175.045ms
[2020-08-27T11:15:24.514+0000][21728][safepoint    ] Safepoint "BulkRevokeBias", Time since last: 477939800 ns, Reaching safepoint: 200400 ns, At safepoint: 1112500 ns, Total: 1312900 ns
[2020-08-27T11:15:24.532+0000][21728][gc,start     ] GC(19) Pause Young (Concurrent Start) (G1 Humongous Allocation)
[2020-08-27T11:15:24.532+0000][21728][gc,task      ] GC(19) Using 8 workers of 8 for evacuation
[2020-08-27T11:15:24.532+0000][21728][gc,age       ] GC(19) Desired survivor size 37748736 bytes, new threshold 15 (max threshold 15)
[2020-08-27T11:15:24.548+0000][21728][gc,age       ] GC(19) Age table with threshold 15 (max threshold 15)
[2020-08-27T11:15:24.548+0000][21728][gc,age       ] GC(19) - age   1:    1752864 bytes,    1752864 total
[2020-08-27T11:15:24.548+0000][21728][gc,age       ] GC(19) - age   2:     439416 bytes,    2192280 total
[2020-08-27T11:15:24.548+0000][21728][gc,age       ] GC(19) - age   3:     270392 bytes,    2462672 total
[2020-08-27T11:15:24.548+0000][21728][gc,age       ] GC(19) - age   4:     272544 bytes,    2735216 total
[2020-08-27T11:15:24.548+0000][21728][gc,age       ] GC(19) - age   5:     328600 bytes,    3063816 total
[2020-08-27T11:15:24.548+0000][21728][gc,age       ] GC(19) - age   6:   12448496 bytes,   15512312 total
[2020-08-27T11:15:24.548+0000][21728][gc,age       ] GC(19) - age   7:    8324664 bytes,   23836976 total
[2020-08-27T11:15:24.548+0000][21728][gc,phases    ] GC(19)   Pre Evacuate Collection Set: 0.5ms
[2020-08-27T11:15:24.548+0000][21728][gc,phases    ] GC(19)   Merge Heap Roots: 0.1ms
[2020-08-27T11:15:24.548+0000][21728][gc,phases    ] GC(19)   Evacuate Collection Set: 13.3ms
[2020-08-27T11:15:24.548+0000][21728][gc,phases    ] GC(19)   Post Evacuate Collection Set: 1.8ms
[2020-08-27T11:15:24.548+0000][21728][gc,phases    ] GC(19)   Other: 0.6ms
[2020-08-27T11:15:24.548+0000][21728][gc,heap      ] GC(19) Eden regions: 62->0(554)
[2020-08-27T11:15:24.548+0000][21728][gc,heap      ] GC(19) Survivor regions: 24->24(72)
[2020-08-27T11:15:24.548+0000][21728][gc,heap      ] GC(19) Old regions: 50->50
[2020-08-27T11:15:24.548+0000][21728][gc,heap      ] GC(19) Archive regions: 0->0
[2020-08-27T11:15:24.548+0000][21728][gc,heap      ] GC(19) Humongous regions: 257->106
[2020-08-27T11:15:24.548+0000][21728][gc,metaspace ] GC(19) Metaspace: 81324K(87424K)->81324K(87424K) NonClass: 70324K(73984K)->70324K(73984K) Class: 10999K(13440K)->10999K(13440K)
[2020-08-27T11:15:24.548+0000][21728][gc           ] GC(19) Pause Young (Concurrent Start) (G1 Humongous Allocation) 391M->179M(1024M) 16.536ms
[2020-08-27T11:15:24.548+0000][21728][gc,cpu       ] GC(19) User=0.05s Sys=0.00s Real=0.02s
[2020-08-27T11:15:24.549+0000][21728][safepoint    ] Safepoint "G1TryInitiateConcMark", Time since last: 17550200 ns, Reaching safepoint: 209800 ns, At safepoint: 16683600 ns, Total: 16893400 ns
[2020-08-27T11:15:24.549+0000][21728][gc           ] GC(20) Concurrent Cycle
[2020-08-27T11:15:24.549+0000][21728][gc,marking   ] GC(20) Concurrent Clear Claimed Marks
[2020-08-27T11:15:24.549+0000][21728][gc,marking   ] GC(20) Concurrent Clear Claimed Marks 0.379ms
[2020-08-27T11:15:24.549+0000][21728][gc,marking   ] GC(20) Concurrent Scan Root Regions
[2020-08-27T11:15:24.562+0000][21728][gc,marking   ] GC(20) Concurrent Scan Root Regions 13.288ms
[2020-08-27T11:15:24.562+0000][21728][gc,marking   ] GC(20) Concurrent Mark (42.518s)
[2020-08-27T11:15:24.562+0000][21728][gc,marking   ] GC(20) Concurrent Mark From Roots
[2020-08-27T11:15:24.562+0000][21728][gc,task      ] GC(20) Using 2 workers of 2 for marking
[2020-08-27T11:15:24.628+0000][21728][gc,marking   ] GC(20) Concurrent Mark From Roots 65.928ms
[2020-08-27T11:15:24.628+0000][21728][gc,marking   ] GC(20) Concurrent Preclean
[2020-08-27T11:15:24.629+0000][21728][gc,marking   ] GC(20) Concurrent Preclean 0.288ms
[2020-08-27T11:15:24.629+0000][21728][gc,marking   ] GC(20) Concurrent Mark (42.518s, 42.585s) 66.342ms
[2020-08-27T11:15:24.629+0000][21728][gc,start     ] GC(20) Pause Remark
[2020-08-27T11:15:24.632+0000][21728][gc           ] GC(20) Pause Remark 189M->189M(1024M) 3.214ms
[2020-08-27T11:15:24.632+0000][21728][gc,cpu       ] GC(20) User=0.00s Sys=0.00s Real=0.00s
[2020-08-27T11:15:24.632+0000][21728][safepoint    ] Safepoint "G1Concurrent", Time since last: 80266200 ns, Reaching safepoint: 123300 ns, At safepoint: 3401700 ns, Total: 3525000 ns
[2020-08-27T11:15:24.632+0000][21728][gc,marking   ] GC(20) Concurrent Rebuild Remembered Sets
[2020-08-27T11:15:24.676+0000][21728][gc,marking   ] GC(20) Concurrent Rebuild Remembered Sets 43.572ms
[2020-08-27T11:15:24.676+0000][21728][gc,start     ] GC(20) Pause Cleanup
[2020-08-27T11:15:24.676+0000][21728][gc           ] GC(20) Pause Cleanup 191M->191M(1024M) 0.231ms
[2020-08-27T11:15:24.676+0000][21728][gc,cpu       ] GC(20) User=0.00s Sys=0.00s Real=0.00s
[2020-08-27T11:15:24.677+0000][21728][safepoint    ] Safepoint "G1Concurrent", Time since last: 43705700 ns, Reaching safepoint: 132000 ns, At safepoint: 355800 ns, Total: 487800 ns
[2020-08-27T11:15:24.677+0000][21728][gc,marking   ] GC(20) Concurrent Cleanup for Next Mark
[2020-08-27T11:15:24.678+0000][21728][gc,marking   ] GC(20) Concurrent Cleanup for Next Mark 1.421ms
[2020-08-27T11:15:24.678+0000][21728][gc           ] GC(20) Concurrent Cycle 129.548ms
[2020-08-27T11:15:25.154+0000][21728][gc,start     ] GC(21) Pause Young (Concurrent Start) (G1 Humongous Allocation)
[2020-08-27T11:15:25.154+0000][21728][gc,task      ] GC(21) Using 8 workers of 8 for evacuation
[2020-08-27T11:15:25.154+0000][21728][gc,age       ] GC(21) Desired survivor size 38273024 bytes, new threshold 15 (max threshold 15)
[2020-08-27T11:15:25.170+0000][21728][gc,age       ] GC(21) Age table with threshold 15 (max threshold 15)
[2020-08-27T11:15:25.170+0000][21728][gc,age       ] GC(21) - age   1:    3293584 bytes,    3293584 total
[2020-08-27T11:15:25.170+0000][21728][gc,age       ] GC(21) - age   2:     219048 bytes,    3512632 total
[2020-08-27T11:15:25.170+0000][21728][gc,age       ] GC(21) - age   3:     438232 bytes,    3950864 total
[2020-08-27T11:15:25.170+0000][21728][gc,age       ] GC(21) - age   4:     269824 bytes,    4220688 total
[2020-08-27T11:15:25.170+0000][21728][gc,age       ] GC(21) - age   5:     272544 bytes,    4493232 total
[2020-08-27T11:15:25.170+0000][21728][gc,age       ] GC(21) - age   6:     325336 bytes,    4818568 total
[2020-08-27T11:15:25.170+0000][21728][gc,age       ] GC(21) - age   7:   12448304 bytes,   17266872 total
[2020-08-27T11:15:25.170+0000][21728][gc,age       ] GC(21) - age   8:    8324664 bytes,   25591536 total
[2020-08-27T11:15:25.170+0000][21728][gc,phases    ] GC(21)   Pre Evacuate Collection Set: 0.4ms
[2020-08-27T11:15:25.170+0000][21728][gc,phases    ] GC(21)   Merge Heap Roots: 0.1ms
[2020-08-27T11:15:25.170+0000][21728][gc,phases    ] GC(21)   Evacuate Collection Set: 12.9ms
[2020-08-27T11:15:25.170+0000][21728][gc,phases    ] GC(21)   Post Evacuate Collection Set: 1.8ms
[2020-08-27T11:15:25.170+0000][21728][gc,phases    ] GC(21)   Other: 0.5ms
[2020-08-27T11:15:25.170+0000][21728][gc,heap      ] GC(21) Eden regions: 79->0(556)
[2020-08-27T11:15:25.170+0000][21728][gc,heap      ] GC(21) Survivor regions: 24->27(73)
[2020-08-27T11:15:25.170+0000][21728][gc,heap      ] GC(21) Old regions: 50->50
[2020-08-27T11:15:25.170+0000][21728][gc,heap      ] GC(21) Archive regions: 0->0
[2020-08-27T11:15:25.170+0000][21728][gc,heap      ] GC(21) Humongous regions: 257->106
[2020-08-27T11:15:25.170+0000][21728][gc,metaspace ] GC(21) Metaspace: 81410K(87424K)->81410K(87424K) NonClass: 70411K(73984K)->70411K(73984K) Class: 10999K(13440K)->10999K(13440K)
[2020-08-27T11:15:25.170+0000][21728][gc           ] GC(21) Pause Young (Concurrent Start) (G1 Humongous Allocation) 408M->181M(1024M) 15.868ms
[2020-08-27T11:15:25.170+0000][21728][gc,cpu       ] GC(21) User=0.09s Sys=0.00s Real=0.02s
[2020-08-27T11:15:25.170+0000][21728][safepoint    ] Safepoint "G1TryInitiateConcMark", Time since last: 476935800 ns, Reaching safepoint: 200000 ns, At safepoint: 16011400 ns, Total: 16211400 ns
[2020-08-27T11:15:25.170+0000][21728][gc           ] GC(22) Concurrent Cycle
[2020-08-27T11:15:25.170+0000][21728][gc,marking   ] GC(22) Concurrent Clear Claimed Marks
[2020-08-27T11:15:25.171+0000][21728][gc,marking   ] GC(22) Concurrent Clear Claimed Marks 0.517ms
[2020-08-27T11:15:25.171+0000][21728][gc,marking   ] GC(22) Concurrent Scan Root Regions
[2020-08-27T11:15:25.186+0000][21728][gc,marking   ] GC(22) Concurrent Scan Root Regions 14.733ms
[2020-08-27T11:15:25.186+0000][21728][gc,marking   ] GC(22) Concurrent Mark (43.141s)
[2020-08-27T11:15:25.186+0000][21728][gc,marking   ] GC(22) Concurrent Mark From Roots
[2020-08-27T11:15:25.186+0000][21728][gc,task      ] GC(22) Using 2 workers of 2 for marking
[2020-08-27T11:15:25.257+0000][21728][gc,marking   ] GC(22) Concurrent Mark From Roots 71.412ms
[2020-08-27T11:15:25.257+0000][21728][gc,marking   ] GC(22) Concurrent Preclean
[2020-08-27T11:15:25.258+0000][21728][gc,marking   ] GC(22) Concurrent Preclean 0.412ms
[2020-08-27T11:15:25.258+0000][21728][gc,marking   ] GC(22) Concurrent Mark (43.141s, 43.213s) 71.964ms
[2020-08-27T11:15:25.258+0000][21728][gc,start     ] GC(22) Pause Remark
[2020-08-27T11:15:25.262+0000][21728][gc           ] GC(22) Pause Remark 236M->236M(1024M) 3.813ms
[2020-08-27T11:15:25.262+0000][21728][gc,cpu       ] GC(22) User=0.00s Sys=0.00s Real=0.00s
[2020-08-27T11:15:25.262+0000][21728][safepoint    ] Safepoint "G1Concurrent", Time since last: 87565000 ns, Reaching safepoint: 192100 ns, At safepoint: 4043500 ns, Total: 4235600 ns
[2020-08-27T11:15:25.262+0000][21728][gc,marking   ] GC(22) Concurrent Rebuild Remembered Sets
[2020-08-27T11:15:25.311+0000][21728][gc,marking   ] GC(22) Concurrent Rebuild Remembered Sets 49.487ms
[2020-08-27T11:15:25.311+0000][21728][gc,start     ] GC(22) Pause Cleanup
[2020-08-27T11:15:25.311+0000][21728][gc           ] GC(22) Pause Cleanup 236M->236M(1024M) 0.179ms
[2020-08-27T11:15:25.311+0000][21728][gc,cpu       ] GC(22) User=0.00s Sys=0.00s Real=0.00s
[2020-08-27T11:15:25.311+0000][21728][safepoint    ] Safepoint "G1Concurrent", Time since last: 49647200 ns, Reaching safepoint: 115000 ns, At safepoint: 284500 ns, Total: 399500 ns
[2020-08-27T11:15:25.312+0000][21728][gc,marking   ] GC(22) Concurrent Cleanup for Next Mark
[2020-08-27T11:15:25.313+0000][21728][gc,marking   ] GC(22) Concurrent Cleanup for Next Mark 1.434ms
[2020-08-27T11:15:25.313+0000][21728][gc           ] GC(22) Concurrent Cycle 143.459ms
[2020-08-27T11:15:25.690+0000][21728][gc,start     ] GC(23) Pause Young (Concurrent Start) (G1 Humongous Allocation)
[2020-08-27T11:15:25.690+0000][21728][gc,task      ] GC(23) Using 8 workers of 8 for evacuation
[2020-08-27T11:15:25.690+0000][21728][gc,age       ] GC(23) Desired survivor size 38273024 bytes, new threshold 15 (max threshold 15)
[2020-08-27T11:15:25.706+0000][21728][gc,age       ] GC(23) Age table with threshold 15 (max threshold 15)
[2020-08-27T11:15:25.706+0000][21728][gc,age       ] GC(23) - age   1:    2688760 bytes,    2688760 total
[2020-08-27T11:15:25.706+0000][21728][gc,age       ] GC(23) - age   2:     407016 bytes,    3095776 total
[2020-08-27T11:15:25.706+0000][21728][gc,age       ] GC(23) - age   3:     217304 bytes,    3313080 total
[2020-08-27T11:15:25.706+0000][21728][gc,age       ] GC(23) - age   4:     438008 bytes,    3751088 total
[2020-08-27T11:15:25.706+0000][21728][gc,age       ] GC(23) - age   5:     265696 bytes,    4016784 total
[2020-08-27T11:15:25.706+0000][21728][gc,age       ] GC(23) - age   6:     272192 bytes,    4288976 total
[2020-08-27T11:15:25.706+0000][21728][gc,age       ] GC(23) - age   7:     325304 bytes,    4614280 total
[2020-08-27T11:15:25.706+0000][21728][gc,age       ] GC(23) - age   8:   12448208 bytes,   17062488 total
[2020-08-27T11:15:25.706+0000][21728][gc,age       ] GC(23) - age   9:    8324664 bytes,   25387152 total
[2020-08-27T11:15:25.706+0000][21728][gc,phases    ] GC(23)   Pre Evacuate Collection Set: 0.5ms
[2020-08-27T11:15:25.706+0000][21728][gc,phases    ] GC(23)   Merge Heap Roots: 0.1ms
[2020-08-27T11:15:25.706+0000][21728][gc,phases    ] GC(23)   Evacuate Collection Set: 13.6ms
[2020-08-27T11:15:25.706+0000][21728][gc,phases    ] GC(23)   Post Evacuate Collection Set: 1.4ms
[2020-08-27T11:15:25.706+0000][21728][gc,phases    ] GC(23)   Other: 0.6ms
[2020-08-27T11:15:25.706+0000][21728][gc,heap      ] GC(23) Eden regions: 59->0(558)
[2020-08-27T11:15:25.706+0000][21728][gc,heap      ] GC(23) Survivor regions: 27->27(73)
[2020-08-27T11:15:25.706+0000][21728][gc,heap      ] GC(23) Old regions: 50->50
[2020-08-27T11:15:25.706+0000][21728][gc,heap      ] GC(23) Archive regions: 0->0
[2020-08-27T11:15:25.706+0000][21728][gc,heap      ] GC(23) Humongous regions: 257->106
[2020-08-27T11:15:25.706+0000][21728][gc,metaspace ] GC(23) Metaspace: 81481K(87680K)->81481K(87680K) NonClass: 70482K(74240K)->70482K(74240K) Class: 10999K(13440K)->10999K(13440K)
[2020-08-27T11:15:25.706+0000][21728][gc           ] GC(23) Pause Young (Concurrent Start) (G1 Humongous Allocation) 391M->181M(1024M) 16.414ms
[2020-08-27T11:15:25.706+0000][21728][gc,cpu       ] GC(23) User=0.03s Sys=0.00s Real=0.02s
[2020-08-27T11:15:25.706+0000][21728][safepoint    ] Safepoint "G1TryInitiateConcMark", Time since last: 377684900 ns, Reaching safepoint: 218200 ns, At safepoint: 16615300 ns, Total: 16833500 ns
[2020-08-27T11:15:25.706+0000][21728][gc           ] GC(24) Concurrent Cycle
[2020-08-27T11:15:25.707+0000][21728][gc,marking   ] GC(24) Concurrent Clear Claimed Marks
[2020-08-27T11:15:25.707+0000][21728][gc,marking   ] GC(24) Concurrent Clear Claimed Marks 0.560ms
[2020-08-27T11:15:25.707+0000][21728][gc,marking   ] GC(24) Concurrent Scan Root Regions
[2020-08-27T11:15:25.726+0000][21728][gc,marking   ] GC(24) Concurrent Scan Root Regions 18.958ms
[2020-08-27T11:15:25.726+0000][21728][gc,marking   ] GC(24) Concurrent Mark (43.682s)
[2020-08-27T11:15:25.726+0000][21728][gc,marking   ] GC(24) Concurrent Mark From Roots
[2020-08-27T11:15:25.726+0000][21728][gc,task      ] GC(24) Using 2 workers of 2 for marking
[2020-08-27T11:15:25.811+0000][21728][gc,marking   ] GC(24) Concurrent Mark From Roots 84.253ms
[2020-08-27T11:15:25.811+0000][21728][gc,marking   ] GC(24) Concurrent Preclean
[2020-08-27T11:15:25.811+0000][21728][gc,marking   ] GC(24) Concurrent Preclean 0.336ms
[2020-08-27T11:15:25.811+0000][21728][gc,marking   ] GC(24) Concurrent Mark (43.682s, 43.767s) 84.749ms
[2020-08-27T11:15:25.811+0000][21728][gc,start     ] GC(24) Pause Remark
[2020-08-27T11:15:25.814+0000][21728][gc           ] GC(24) Pause Remark 228M->228M(1024M) 3.250ms
[2020-08-27T11:15:25.815+0000][21728][gc,cpu       ] GC(24) User=0.13s Sys=0.00s Real=0.00s
[2020-08-27T11:15:25.815+0000][21728][safepoint    ] Safepoint "G1Concurrent", Time since last: 104581500 ns, Reaching safepoint: 157900 ns, At safepoint: 3522800 ns, Total: 3680700 ns
[2020-08-27T11:15:25.815+0000][21728][gc,marking   ] GC(24) Concurrent Rebuild Remembered Sets
[2020-08-27T11:15:25.870+0000][21728][gc,marking   ] GC(24) Concurrent Rebuild Remembered Sets 54.942ms
[2020-08-27T11:15:25.870+0000][21728][gc,start     ] GC(24) Pause Cleanup
[2020-08-27T11:15:25.870+0000][21728][gc           ] GC(24) Pause Cleanup 231M->231M(1024M) 0.219ms
[2020-08-27T11:15:25.870+0000][21728][gc,cpu       ] GC(24) User=0.00s Sys=0.00s Real=0.00s
[2020-08-27T11:15:25.870+0000][21728][safepoint    ] Safepoint "G1Concurrent", Time since last: 55122600 ns, Reaching safepoint: 138900 ns, At safepoint: 385700 ns, Total: 524600 ns
[2020-08-27T11:15:25.870+0000][21728][gc,marking   ] GC(24) Concurrent Cleanup for Next Mark
[2020-08-27T11:15:25.872+0000][21728][gc,marking   ] GC(24) Concurrent Cleanup for Next Mark 1.474ms
[2020-08-27T11:15:25.872+0000][21728][gc           ] GC(24) Concurrent Cycle 165.544ms
[2020-08-27T11:15:26.258+0000][21728][gc,start     ] GC(25) Pause Young (Concurrent Start) (G1 Humongous Allocation)
[2020-08-27T11:15:26.258+0000][21728][gc,task      ] GC(25) Using 8 workers of 8 for evacuation
[2020-08-27T11:15:26.258+0000][21728][gc,age       ] GC(25) Desired survivor size 38797312 bytes, new threshold 15 (max threshold 15)
[2020-08-27T11:15:26.275+0000][21728][gc,age       ] GC(25) Age table with threshold 15 (max threshold 15)
[2020-08-27T11:15:26.275+0000][21728][gc,age       ] GC(25) - age   1:    2677552 bytes,    2677552 total
[2020-08-27T11:15:26.275+0000][21728][gc,age       ] GC(25) - age   2:     406712 bytes,    3084264 total
[2020-08-27T11:15:26.275+0000][21728][gc,age       ] GC(25) - age   3:     405648 bytes,    3489912 total
[2020-08-27T11:15:26.275+0000][21728][gc,age       ] GC(25) - age   4:     217144 bytes,    3707056 total
[2020-08-27T11:15:26.275+0000][21728][gc,age       ] GC(25) - age   5:     435448 bytes,    4142504 total
[2020-08-27T11:15:26.275+0000][21728][gc,age       ] GC(25) - age   6:     264304 bytes,    4406808 total
[2020-08-27T11:15:26.275+0000][21728][gc,age       ] GC(25) - age   7:     272160 bytes,    4678968 total
[2020-08-27T11:15:26.275+0000][21728][gc,age       ] GC(25) - age   8:     325144 bytes,    5004112 total
[2020-08-27T11:15:26.275+0000][21728][gc,age       ] GC(25) - age   9:   12448176 bytes,   17452288 total
[2020-08-27T11:15:26.276+0000][21728][gc,age       ] GC(25) - age  10:    8324632 bytes,   25776920 total
[2020-08-27T11:15:26.276+0000][21728][gc,phases    ] GC(25)   Pre Evacuate Collection Set: 0.6ms
[2020-08-27T11:15:26.276+0000][21728][gc,phases    ] GC(25)   Merge Heap Roots: 0.1ms
[2020-08-27T11:15:26.276+0000][21728][gc,phases    ] GC(25)   Evacuate Collection Set: 14.5ms
[2020-08-27T11:15:26.276+0000][21728][gc,phases    ] GC(25)   Post Evacuate Collection Set: 2.0ms
[2020-08-27T11:15:26.276+0000][21728][gc,phases    ] GC(25)   Other: 0.8ms
[2020-08-27T11:15:26.276+0000][21728][gc,heap      ] GC(25) Eden regions: 62->0(558)
[2020-08-27T11:15:26.276+0000][21728][gc,heap      ] GC(25) Survivor regions: 27->27(74)
[2020-08-27T11:15:26.276+0000][21728][gc,heap      ] GC(25) Old regions: 50->50
[2020-08-27T11:15:26.276+0000][21728][gc,heap      ] GC(25) Archive regions: 0->0
[2020-08-27T11:15:26.276+0000][21728][gc,heap      ] GC(25) Humongous regions: 257->106
[2020-08-27T11:15:26.276+0000][21728][gc,metaspace ] GC(25) Metaspace: 81536K(87680K)->81536K(87680K) NonClass: 70536K(74240K)->70536K(74240K) Class: 10999K(13440K)->10999K(13440K)
[2020-08-27T11:15:26.276+0000][21728][gc           ] GC(25) Pause Young (Concurrent Start) (G1 Humongous Allocation) 394M->181M(1024M) 18.166ms
[2020-08-27T11:15:26.276+0000][21728][gc,cpu       ] GC(25) User=0.13s Sys=0.00s Real=0.02s
[2020-08-27T11:15:26.276+0000][21728][gc           ] GC(26) Concurrent Cycle
[2020-08-27T11:15:26.276+0000][21728][safepoint    ] Safepoint "G1TryInitiateConcMark", Time since last: 387179300 ns, Reaching safepoint: 193000 ns, At safepoint: 18346800 ns, Total: 18539800 ns
[2020-08-27T11:15:26.276+0000][21728][gc,marking   ] GC(26) Concurrent Clear Claimed Marks
[2020-08-27T11:15:26.277+0000][21728][gc,marking   ] GC(26) Concurrent Clear Claimed Marks 0.598ms
[2020-08-27T11:15:26.277+0000][21728][gc,marking   ] GC(26) Concurrent Scan Root Regions
[2020-08-27T11:15:26.294+0000][21728][gc,marking   ] GC(26) Concurrent Scan Root Regions 17.247ms
[2020-08-27T11:15:26.294+0000][21728][gc,marking   ] GC(26) Concurrent Mark (44.250s)
[2020-08-27T11:15:26.294+0000][21728][gc,marking   ] GC(26) Concurrent Mark From Roots
[2020-08-27T11:15:26.294+0000][21728][gc,task      ] GC(26) Using 2 workers of 2 for marking
[2020-08-27T11:15:26.388+0000][21728][gc,marking   ] GC(26) Concurrent Mark From Roots 93.714ms
[2020-08-27T11:15:26.388+0000][21728][gc,marking   ] GC(26) Concurrent Preclean
[2020-08-27T11:15:26.388+0000][21728][gc,marking   ] GC(26) Concurrent Preclean 0.299ms
[2020-08-27T11:15:26.388+0000][21728][gc,marking   ] GC(26) Concurrent Mark (44.250s, 44.344s) 94.126ms
[2020-08-27T11:15:26.388+0000][21728][gc,start     ] GC(26) Pause Remark
[2020-08-27T11:15:26.392+0000][21728][gc           ] GC(26) Pause Remark 221M->221M(1024M) 4.046ms
[2020-08-27T11:15:26.393+0000][21728][gc,cpu       ] GC(26) User=0.08s Sys=0.02s Real=0.00s
[2020-08-27T11:15:26.393+0000][21728][safepoint    ] Safepoint "G1Concurrent", Time since last: 112232700 ns, Reaching safepoint: 115800 ns, At safepoint: 4313400 ns, Total: 4429200 ns
[2020-08-27T11:15:26.393+0000][21728][gc,marking   ] GC(26) Concurrent Rebuild Remembered Sets
[2020-08-27T11:15:26.449+0000][21728][gc,marking   ] GC(26) Concurrent Rebuild Remembered Sets 56.114ms
[2020-08-27T11:15:26.449+0000][21728][gc,start     ] GC(26) Pause Cleanup
[2020-08-27T11:15:26.449+0000][21728][gc           ] GC(26) Pause Cleanup 224M->224M(1024M) 0.201ms
[2020-08-27T11:15:26.449+0000][21728][gc,cpu       ] GC(26) User=0.00s Sys=0.00s Real=0.00s
[2020-08-27T11:15:26.449+0000][21728][safepoint    ] Safepoint "G1Concurrent", Time since last: 56310600 ns, Reaching safepoint: 119300 ns, At safepoint: 332800 ns, Total: 452100 ns
[2020-08-27T11:15:26.449+0000][21728][gc,marking   ] GC(26) Concurrent Cleanup for Next Mark
[2020-08-27T11:15:26.451+0000][21728][gc,marking   ] GC(26) Concurrent Cleanup for Next Mark 1.425ms
[2020-08-27T11:15:26.451+0000][21728][gc           ] GC(26) Concurrent Cycle 174.983ms
[2020-08-27T11:15:27.020+0000][21728][safepoint    ] Safepoint "BulkRevokeBias", Time since last: 569713100 ns, Reaching safepoint: 181500 ns, At safepoint: 1099500 ns, Total: 1281000 ns
[2020-08-27T11:15:27.022+0000][21728][safepoint    ] Safepoint "BulkRevokeBias", Time since last: 272400 ns, Reaching safepoint: 93100 ns, At safepoint: 938100 ns, Total: 1031200 ns
[2020-08-27T11:15:27.039+0000][21728][gc,start     ] GC(27) Pause Young (Concurrent Start) (G1 Humongous Allocation)
[2020-08-27T11:15:27.039+0000][21728][gc,task      ] GC(27) Using 8 workers of 8 for evacuation
[2020-08-27T11:15:27.039+0000][21728][gc,age       ] GC(27) Desired survivor size 38797312 bytes, new threshold 15 (max threshold 15)
[2020-08-27T11:15:27.054+0000][21728][gc,age       ] GC(27) Age table with threshold 15 (max threshold 15)
[2020-08-27T11:15:27.055+0000][21728][gc,age       ] GC(27) - age   1:    2274992 bytes,    2274992 total
[2020-08-27T11:15:27.055+0000][21728][gc,age       ] GC(27) - age   2:     204160 bytes,    2479152 total
[2020-08-27T11:15:27.055+0000][21728][gc,age       ] GC(27) - age   3:     404984 bytes,    2884136 total
[2020-08-27T11:15:27.055+0000][21728][gc,age       ] GC(27) - age   4:     401464 bytes,    3285600 total
[2020-08-27T11:15:27.055+0000][21728][gc,age       ] GC(27) - age   5:     217144 bytes,    3502744 total
[2020-08-27T11:15:27.055+0000][21728][gc,age       ] GC(27) - age   6:     434952 bytes,    3937696 total
[2020-08-27T11:15:27.055+0000][21728][gc,age       ] GC(27) - age   7:     264272 bytes,    4201968 total
[2020-08-27T11:15:27.055+0000][21728][gc,age       ] GC(27) - age   8:     272128 bytes,    4474096 total
[2020-08-27T11:15:27.055+0000][21728][gc,age       ] GC(27) - age   9:     325112 bytes,    4799208 total
[2020-08-27T11:15:27.055+0000][21728][gc,age       ] GC(27) - age  10:   12445448 bytes,   17244656 total
[2020-08-27T11:15:27.055+0000][21728][gc,age       ] GC(27) - age  11:    8324632 bytes,   25569288 total
[2020-08-27T11:15:27.055+0000][21728][gc,phases    ] GC(27)   Pre Evacuate Collection Set: 0.4ms
[2020-08-27T11:15:27.055+0000][21728][gc,phases    ] GC(27)   Merge Heap Roots: 0.1ms
[2020-08-27T11:15:27.055+0000][21728][gc,phases    ] GC(27)   Evacuate Collection Set: 12.7ms
[2020-08-27T11:15:27.055+0000][21728][gc,phases    ] GC(27)   Post Evacuate Collection Set: 1.7ms
[2020-08-27T11:15:27.055+0000][21728][gc,phases    ] GC(27)   Other: 0.6ms
[2020-08-27T11:15:27.055+0000][21728][gc,heap      ] GC(27) Eden regions: 63->0(560)
[2020-08-27T11:15:27.055+0000][21728][gc,heap      ] GC(27) Survivor regions: 27->26(74)
[2020-08-27T11:15:27.055+0000][21728][gc,heap      ] GC(27) Old regions: 50->50
[2020-08-27T11:15:27.055+0000][21728][gc,heap      ] GC(27) Archive regions: 0->0
[2020-08-27T11:15:27.055+0000][21728][gc,heap      ] GC(27) Humongous regions: 257->106
[2020-08-27T11:15:27.055+0000][21728][gc,metaspace ] GC(27) Metaspace: 81598K(87680K)->81598K(87680K) NonClass: 70597K(74240K)->70597K(74240K) Class: 11000K(13440K)->11000K(13440K)
[2020-08-27T11:15:27.055+0000][21728][gc           ] GC(27) Pause Young (Concurrent Start) (G1 Humongous Allocation) 395M->181M(1024M) 15.832ms
[2020-08-27T11:15:27.055+0000][21728][gc,cpu       ] GC(27) User=0.13s Sys=0.00s Real=0.02s
[2020-08-27T11:15:27.055+0000][21728][gc           ] GC(28) Concurrent Cycle
[2020-08-27T11:15:27.055+0000][21728][gc,marking   ] GC(28) Concurrent Clear Claimed Marks
[2020-08-27T11:15:27.055+0000][21728][safepoint    ] Safepoint "G1TryInitiateConcMark", Time since last: 17268600 ns, Reaching safepoint: 151100 ns, At safepoint: 16007300 ns, Total: 16158400 ns
[2020-08-27T11:15:27.055+0000][21728][gc,marking   ] GC(28) Concurrent Clear Claimed Marks 0.303ms
[2020-08-27T11:15:27.055+0000][21728][gc,marking   ] GC(28) Concurrent Scan Root Regions
[2020-08-27T11:15:27.072+0000][21728][gc,marking   ] GC(28) Concurrent Scan Root Regions 16.089ms
[2020-08-27T11:15:27.072+0000][21728][gc,marking   ] GC(28) Concurrent Mark (45.027s)
[2020-08-27T11:15:27.072+0000][21728][gc,marking   ] GC(28) Concurrent Mark From Roots
[2020-08-27T11:15:27.072+0000][21728][gc,task      ] GC(28) Using 2 workers of 2 for marking
[2020-08-27T11:15:27.139+0000][21728][gc,marking   ] GC(28) Concurrent Mark From Roots 67.657ms
[2020-08-27T11:15:27.139+0000][21728][gc,marking   ] GC(28) Concurrent Preclean
[2020-08-27T11:15:27.140+0000][21728][gc,marking   ] GC(28) Concurrent Preclean 0.316ms
[2020-08-27T11:15:27.140+0000][21728][gc,marking   ] GC(28) Concurrent Mark (45.027s, 45.095s) 68.084ms
[2020-08-27T11:15:27.140+0000][21728][gc,start     ] GC(28) Pause Remark
[2020-08-27T11:15:27.144+0000][21728][gc           ] GC(28) Pause Remark 213M->213M(1024M) 3.687ms
[2020-08-27T11:15:27.144+0000][21728][gc,cpu       ] GC(28) User=0.09s Sys=0.02s Real=0.00s
[2020-08-27T11:15:27.144+0000][21728][safepoint    ] Safepoint "G1Concurrent", Time since last: 84641700 ns, Reaching safepoint: 173600 ns, At safepoint: 3867000 ns, Total: 4040600 ns
[2020-08-27T11:15:27.144+0000][21728][gc,marking   ] GC(28) Concurrent Rebuild Remembered Sets
[2020-08-27T11:15:27.187+0000][21728][gc,marking   ] GC(28) Concurrent Rebuild Remembered Sets 43.281ms
[2020-08-27T11:15:27.187+0000][21728][gc,start     ] GC(28) Pause Cleanup
[2020-08-27T11:15:27.188+0000][21728][gc           ] GC(28) Pause Cleanup 218M->218M(1024M) 0.209ms
[2020-08-27T11:15:27.188+0000][21728][gc,cpu       ] GC(28) User=0.00s Sys=0.00s Real=0.00s
[2020-08-27T11:15:27.188+0000][21728][safepoint    ] Safepoint "G1Concurrent", Time since last: 43433300 ns, Reaching safepoint: 120200 ns, At safepoint: 345800 ns, Total: 466000 ns
[2020-08-27T11:15:27.188+0000][21728][gc,marking   ] GC(28) Concurrent Cleanup for Next Mark
[2020-08-27T11:15:27.189+0000][21728][gc,marking   ] GC(28) Concurrent Cleanup for Next Mark 1.339ms
[2020-08-27T11:15:27.189+0000][21728][gc           ] GC(28) Concurrent Cycle 134.118ms
[2020-08-27T11:15:27.461+0000][21728][gc,start     ] GC(29) Pause Young (Concurrent Start) (G1 Humongous Allocation)
[2020-08-27T11:15:27.461+0000][21728][gc,task      ] GC(29) Using 8 workers of 8 for evacuation
[2020-08-27T11:15:27.461+0000][21728][gc,age       ] GC(29) Desired survivor size 38797312 bytes, new threshold 15 (max threshold 15)
[2020-08-27T11:15:27.476+0000][21728][gc,age       ] GC(29) Age table with threshold 15 (max threshold 15)
[2020-08-27T11:15:27.476+0000][21728][gc,age       ] GC(29) - age   1:    2128312 bytes,    2128312 total
[2020-08-27T11:15:27.476+0000][21728][gc,age       ] GC(29) - age   2:     409664 bytes,    2537976 total
[2020-08-27T11:15:27.476+0000][21728][gc,age       ] GC(29) - age   3:     203432 bytes,    2741408 total
[2020-08-27T11:15:27.476+0000][21728][gc,age       ] GC(29) - age   4:     400344 bytes,    3141752 total
[2020-08-27T11:15:27.476+0000][21728][gc,age       ] GC(29) - age   5:     401464 bytes,    3543216 total
[2020-08-27T11:15:27.476+0000][21728][gc,age       ] GC(29) - age   6:     216472 bytes,    3759688 total
[2020-08-27T11:15:27.476+0000][21728][gc,age       ] GC(29) - age   7:     434888 bytes,    4194576 total
[2020-08-27T11:15:27.476+0000][21728][gc,age       ] GC(29) - age   8:     264136 bytes,    4458712 total
[2020-08-27T11:15:27.476+0000][21728][gc,age       ] GC(29) - age   9:     272064 bytes,    4730776 total
[2020-08-27T11:15:27.476+0000][21728][gc,age       ] GC(29) - age  10:     325112 bytes,    5055888 total
[2020-08-27T11:15:27.476+0000][21728][gc,age       ] GC(29) - age  11:   12444952 bytes,   17500840 total
[2020-08-27T11:15:27.476+0000][21728][gc,age       ] GC(29) - age  12:    8324632 bytes,   25825472 total
[2020-08-27T11:15:27.476+0000][21728][gc,phases    ] GC(29)   Pre Evacuate Collection Set: 0.3ms
[2020-08-27T11:15:27.477+0000][21728][gc,phases    ] GC(29)   Merge Heap Roots: 0.1ms
[2020-08-27T11:15:27.477+0000][21728][gc,phases    ] GC(29)   Evacuate Collection Set: 12.6ms
[2020-08-27T11:15:27.477+0000][21728][gc,phases    ] GC(29)   Post Evacuate Collection Set: 1.5ms
[2020-08-27T11:15:27.477+0000][21728][gc,phases    ] GC(29)   Other: 0.7ms
[2020-08-27T11:15:27.477+0000][21728][gc,heap      ] GC(29) Eden regions: 59->0(558)
[2020-08-27T11:15:27.477+0000][21728][gc,heap      ] GC(29) Survivor regions: 26->27(74)
[2020-08-27T11:15:27.477+0000][21728][gc,heap      ] GC(29) Old regions: 50->50
[2020-08-27T11:15:27.477+0000][21728][gc,heap      ] GC(29) Archive regions: 0->0
[2020-08-27T11:15:27.477+0000][21728][gc,heap      ] GC(29) Humongous regions: 257->106
[2020-08-27T11:15:27.477+0000][21728][gc,metaspace ] GC(29) Metaspace: 81640K(87680K)->81640K(87680K) NonClass: 70639K(74240K)->70639K(74240K) Class: 11000K(13440K)->11000K(13440K)
[2020-08-27T11:15:27.477+0000][21728][gc           ] GC(29) Pause Young (Concurrent Start) (G1 Humongous Allocation) 391M->182M(1024M) 15.593ms
[2020-08-27T11:15:27.477+0000][21728][gc,cpu       ] GC(29) User=0.13s Sys=0.00s Real=0.02s
[2020-08-27T11:15:27.477+0000][21728][safepoint    ] Safepoint "G1TryInitiateConcMark", Time since last: 273295500 ns, Reaching safepoint: 190200 ns, At safepoint: 15759900 ns, Total: 15950100 ns
[2020-08-27T11:15:27.477+0000][21728][gc           ] GC(30) Concurrent Cycle
[2020-08-27T11:15:27.477+0000][21728][gc,marking   ] GC(30) Concurrent Clear Claimed Marks
[2020-08-27T11:15:27.477+0000][21728][gc,marking   ] GC(30) Concurrent Clear Claimed Marks 0.367ms
[2020-08-27T11:15:27.477+0000][21728][gc,marking   ] GC(30) Concurrent Scan Root Regions
[2020-08-27T11:15:27.493+0000][21728][gc,marking   ] GC(30) Concurrent Scan Root Regions 15.542ms
[2020-08-27T11:15:27.493+0000][21728][gc,marking   ] GC(30) Concurrent Mark (45.449s)
[2020-08-27T11:15:27.493+0000][21728][gc,marking   ] GC(30) Concurrent Mark From Roots
[2020-08-27T11:15:27.493+0000][21728][gc,task      ] GC(30) Using 2 workers of 2 for marking
[2020-08-27T11:15:27.553+0000][21728][gc,marking   ] GC(30) Concurrent Mark From Roots 60.358ms
[2020-08-27T11:15:27.553+0000][21728][gc,marking   ] GC(30) Concurrent Preclean
[2020-08-27T11:15:27.554+0000][21728][gc,marking   ] GC(30) Concurrent Preclean 0.253ms
[2020-08-27T11:15:27.554+0000][21728][gc,marking   ] GC(30) Concurrent Mark (45.449s, 45.509s) 60.709ms
[2020-08-27T11:15:27.554+0000][21728][gc,start     ] GC(30) Pause Remark
[2020-08-27T11:15:27.558+0000][21728][gc           ] GC(30) Pause Remark 206M->206M(1024M) 3.665ms
[2020-08-27T11:15:27.558+0000][21728][gc,cpu       ] GC(30) User=0.00s Sys=0.00s Real=0.00s
[2020-08-27T11:15:27.558+0000][21728][safepoint    ] Safepoint "G1Concurrent", Time since last: 76842600 ns, Reaching safepoint: 123000 ns, At safepoint: 3856500 ns, Total: 3979500 ns
[2020-08-27T11:15:27.558+0000][21728][gc,marking   ] GC(30) Concurrent Rebuild Remembered Sets
[2020-08-27T11:15:27.596+0000][21728][gc,marking   ] GC(30) Concurrent Rebuild Remembered Sets 38.453ms
[2020-08-27T11:15:27.597+0000][21728][gc,start     ] GC(30) Pause Cleanup
[2020-08-27T11:15:27.597+0000][21728][gc           ] GC(30) Pause Cleanup 208M->208M(1024M) 0.219ms
[2020-08-27T11:15:27.597+0000][21728][gc,cpu       ] GC(30) User=0.00s Sys=0.00s Real=0.00s
[2020-08-27T11:15:27.597+0000][21728][safepoint    ] Safepoint "G1Concurrent", Time since last: 38586900 ns, Reaching safepoint: 137100 ns, At safepoint: 366800 ns, Total: 503900 ns
[2020-08-27T11:15:27.597+0000][21728][gc,marking   ] GC(30) Concurrent Cleanup for Next Mark
[2020-08-27T11:15:27.599+0000][21728][gc,marking   ] GC(30) Concurrent Cleanup for Next Mark 1.584ms
[2020-08-27T11:15:27.599+0000][21728][gc           ] GC(30) Concurrent Cycle 121.728ms
[2020-08-27T11:15:27.707+0000][21728][safepoint    ] Safepoint "BulkRevokeBias", Time since last: 108773000 ns, Reaching safepoint: 168600 ns, At safepoint: 1091500 ns, Total: 1260100 ns
[2020-08-27T11:15:29.161+0000][21728][safepoint    ] Safepoint "Cleanup", Time since last: 1454101000 ns, Reaching safepoint: 181400 ns, At safepoint: 7400 ns, Total: 188800 ns
[2020-08-27T11:15:29.168+0000][21728][gc,start     ] GC(31) Pause Young (Concurrent Start) (G1 Humongous Allocation)
[2020-08-27T11:15:29.168+0000][21728][gc,task      ] GC(31) Using 8 workers of 8 for evacuation
[2020-08-27T11:15:29.168+0000][21728][gc,age       ] GC(31) Desired survivor size 38797312 bytes, new threshold 15 (max threshold 15)
[2020-08-27T11:15:29.183+0000][21728][gc,age       ] GC(31) Age table with threshold 15 (max threshold 15)
[2020-08-27T11:15:29.183+0000][21728][gc,age       ] GC(31) - age   1:    1048944 bytes,    1048944 total
[2020-08-27T11:15:29.183+0000][21728][gc,age       ] GC(31) - age   2:       4600 bytes,    1053544 total
[2020-08-27T11:15:29.183+0000][21728][gc,age       ] GC(31) - age   3:     408216 bytes,    1461760 total
[2020-08-27T11:15:29.183+0000][21728][gc,age       ] GC(31) - age   4:     202928 bytes,    1664688 total
[2020-08-27T11:15:29.183+0000][21728][gc,age       ] GC(31) - age   5:       1824 bytes,    1666512 total
[2020-08-27T11:15:29.183+0000][21728][gc,age       ] GC(31) - age   6:     202880 bytes,    1869392 total
[2020-08-27T11:15:29.183+0000][21728][gc,age       ] GC(31) - age   7:     216008 bytes,    2085400 total
[2020-08-27T11:15:29.183+0000][21728][gc,age       ] GC(31) - age   8:     434712 bytes,    2520112 total
[2020-08-27T11:15:29.183+0000][21728][gc,age       ] GC(31) - age   9:     263976 bytes,    2784088 total
[2020-08-27T11:15:29.183+0000][21728][gc,age       ] GC(31) - age  10:     272032 bytes,    3056120 total
[2020-08-27T11:15:29.183+0000][21728][gc,age       ] GC(31) - age  11:     275424 bytes,    3331544 total
[2020-08-27T11:15:29.183+0000][21728][gc,age       ] GC(31) - age  12:   12442832 bytes,   15774376 total
[2020-08-27T11:15:29.183+0000][21728][gc,age       ] GC(31) - age  13:    8324232 bytes,   24098608 total
[2020-08-27T11:15:29.183+0000][21728][gc,phases    ] GC(31)   Pre Evacuate Collection Set: 0.3ms
[2020-08-27T11:15:29.183+0000][21728][gc,phases    ] GC(31)   Merge Heap Roots: 0.1ms
[2020-08-27T11:15:29.183+0000][21728][gc,phases    ] GC(31)   Evacuate Collection Set: 12.1ms
[2020-08-27T11:15:29.183+0000][21728][gc,phases    ] GC(31)   Post Evacuate Collection Set: 1.9ms
[2020-08-27T11:15:29.183+0000][21728][gc,phases    ] GC(31)   Other: 0.6ms
[2020-08-27T11:15:29.183+0000][21728][gc,heap      ] GC(31) Eden regions: 70->0(528)
[2020-08-27T11:15:29.183+0000][21728][gc,heap      ] GC(31) Survivor regions: 27->25(74)
[2020-08-27T11:15:29.183+0000][21728][gc,heap      ] GC(31) Old regions: 50->50
[2020-08-27T11:15:29.183+0000][21728][gc,heap      ] GC(31) Archive regions: 0->0
[2020-08-27T11:15:29.183+0000][21728][gc,heap      ] GC(31) Humongous regions: 252->140
[2020-08-27T11:15:29.183+0000][21728][gc,metaspace ] GC(31) Metaspace: 82437K(88576K)->82437K(88576K) NonClass: 71343K(75008K)->71343K(75008K) Class: 11093K(13568K)->11093K(13568K)
[2020-08-27T11:15:29.183+0000][21728][gc           ] GC(31) Pause Young (Concurrent Start) (G1 Humongous Allocation) 398M->214M(1024M) 15.117ms
[2020-08-27T11:15:29.183+0000][21728][gc,cpu       ] GC(31) User=0.11s Sys=0.00s Real=0.02s
[2020-08-27T11:15:29.183+0000][21728][gc           ] GC(32) Concurrent Cycle
[2020-08-27T11:15:29.183+0000][21728][gc,marking   ] GC(32) Concurrent Clear Claimed Marks
[2020-08-27T11:15:29.183+0000][21728][safepoint    ] Safepoint "G1TryInitiateConcMark", Time since last: 6197500 ns, Reaching safepoint: 295500 ns, At safepoint: 15412600 ns, Total: 15708100 ns
[2020-08-27T11:15:29.184+0000][21728][gc,marking   ] GC(32) Concurrent Clear Claimed Marks 0.396ms
[2020-08-27T11:15:29.184+0000][21728][gc,marking   ] GC(32) Concurrent Scan Root Regions
[2020-08-27T11:15:29.203+0000][21728][gc,marking   ] GC(32) Concurrent Scan Root Regions 19.096ms
[2020-08-27T11:15:29.203+0000][21728][gc,marking   ] GC(32) Concurrent Mark (47.158s)
[2020-08-27T11:15:29.203+0000][21728][gc,marking   ] GC(32) Concurrent Mark From Roots
[2020-08-27T11:15:29.203+0000][21728][gc,task      ] GC(32) Using 2 workers of 2 for marking
[2020-08-27T11:15:29.284+0000][21728][gc,marking   ] GC(32) Concurrent Mark From Roots 81.252ms
[2020-08-27T11:15:29.284+0000][21728][gc,marking   ] GC(32) Concurrent Preclean
[2020-08-27T11:15:29.284+0000][21728][gc,marking   ] GC(32) Concurrent Preclean 0.252ms
[2020-08-27T11:15:29.284+0000][21728][gc,marking   ] GC(32) Concurrent Mark (47.158s, 47.240s) 81.622ms
[2020-08-27T11:15:29.285+0000][21728][gc,start     ] GC(32) Pause Remark
[2020-08-27T11:15:29.288+0000][21728][gc           ] GC(32) Pause Remark 325M->325M(1024M) 3.182ms
[2020-08-27T11:15:29.288+0000][21728][gc,cpu       ] GC(32) User=0.00s Sys=0.00s Real=0.00s
[2020-08-27T11:15:29.288+0000][21728][safepoint    ] Safepoint "G1Concurrent", Time since last: 101248100 ns, Reaching safepoint: 209300 ns, At safepoint: 3351900 ns, Total: 3561200 ns
[2020-08-27T11:15:29.288+0000][21728][gc,marking   ] GC(32) Concurrent Rebuild Remembered Sets
[2020-08-27T11:15:29.335+0000][21728][gc,marking   ] GC(32) Concurrent Rebuild Remembered Sets 47.053ms
[2020-08-27T11:15:29.335+0000][21728][gc,start     ] GC(32) Pause Cleanup
[2020-08-27T11:15:29.336+0000][21728][gc           ] GC(32) Pause Cleanup 326M->326M(1024M) 0.244ms
[2020-08-27T11:15:29.336+0000][21728][gc,cpu       ] GC(32) User=0.00s Sys=0.00s Real=0.00s
[2020-08-27T11:15:29.336+0000][21728][safepoint    ] Safepoint "G1Concurrent", Time since last: 47181000 ns, Reaching safepoint: 108600 ns, At safepoint: 339000 ns, Total: 447600 ns
[2020-08-27T11:15:29.336+0000][21728][gc,marking   ] GC(32) Concurrent Cleanup for Next Mark
[2020-08-27T11:15:29.337+0000][21728][gc,marking   ] GC(32) Concurrent Cleanup for Next Mark 1.554ms
[2020-08-27T11:15:29.337+0000][21728][gc           ] GC(32) Concurrent Cycle 154.247ms
[2020-08-27T11:15:29.440+0000][21728][gc,start     ] GC(33) Pause Young (Concurrent Start) (G1 Humongous Allocation)
[2020-08-27T11:15:29.440+0000][21728][gc,task      ] GC(33) Using 8 workers of 8 for evacuation
[2020-08-27T11:15:29.440+0000][21728][gc,age       ] GC(33) Desired survivor size 36700160 bytes, new threshold 15 (max threshold 15)
[2020-08-27T11:15:29.459+0000][21728][gc,age       ] GC(33) Age table with threshold 15 (max threshold 15)
[2020-08-27T11:15:29.459+0000][21728][gc,age       ] GC(33) - age   1:    3604520 bytes,    3604520 total
[2020-08-27T11:15:29.459+0000][21728][gc,age       ] GC(33) - age   2:     813792 bytes,    4418312 total
[2020-08-27T11:15:29.459+0000][21728][gc,age       ] GC(33) - age   3:       4368 bytes,    4422680 total
[2020-08-27T11:15:29.459+0000][21728][gc,age       ] GC(33) - age   4:       4720 bytes,    4427400 total
[2020-08-27T11:15:29.459+0000][21728][gc,age       ] GC(33) - age   5:       4040 bytes,    4431440 total
[2020-08-27T11:15:29.459+0000][21728][gc,age       ] GC(33) - age   6:       1784 bytes,    4433224 total
[2020-08-27T11:15:29.459+0000][21728][gc,age       ] GC(33) - age   7:       4648 bytes,    4437872 total
[2020-08-27T11:15:29.459+0000][21728][gc,age       ] GC(33) - age   8:      12352 bytes,    4450224 total
[2020-08-27T11:15:29.459+0000][21728][gc,age       ] GC(33) - age   9:      39928 bytes,    4490152 total
[2020-08-27T11:15:29.459+0000][21728][gc,age       ] GC(33) - age  10:      65944 bytes,    4556096 total
[2020-08-27T11:15:29.459+0000][21728][gc,age       ] GC(33) - age  11:      74256 bytes,    4630352 total
[2020-08-27T11:15:29.459+0000][21728][gc,age       ] GC(33) - age  12:     275424 bytes,    4905776 total
[2020-08-27T11:15:29.459+0000][21728][gc,age       ] GC(33) - age  13:   12438840 bytes,   17344616 total
[2020-08-27T11:15:29.459+0000][21728][gc,age       ] GC(33) - age  14:    8324232 bytes,   25668848 total
[2020-08-27T11:15:29.459+0000][21728][gc,phases    ] GC(33)   Pre Evacuate Collection Set: 0.7ms
[2020-08-27T11:15:29.459+0000][21728][gc,phases    ] GC(33)   Merge Heap Roots: 0.1ms
[2020-08-27T11:15:29.459+0000][21728][gc,phases    ] GC(33)   Evacuate Collection Set: 15.5ms
[2020-08-27T11:15:29.459+0000][21728][gc,phases    ] GC(33)   Post Evacuate Collection Set: 1.8ms
[2020-08-27T11:15:29.459+0000][21728][gc,phases    ] GC(33)   Other: 0.8ms
[2020-08-27T11:15:29.459+0000][21728][gc,heap      ] GC(33) Eden regions: 39->0(361)
[2020-08-27T11:15:29.459+0000][21728][gc,heap      ] GC(33) Survivor regions: 25->27(70)
[2020-08-27T11:15:29.459+0000][21728][gc,heap      ] GC(33) Old regions: 50->50
[2020-08-27T11:15:29.459+0000][21728][gc,heap      ] GC(33) Archive regions: 0->0
[2020-08-27T11:15:29.459+0000][21728][gc,heap      ] GC(33) Humongous regions: 257->174
[2020-08-27T11:15:29.459+0000][21728][gc,metaspace ] GC(33) Metaspace: 82488K(88576K)->82488K(88576K) NonClass: 71395K(75008K)->71395K(75008K) Class: 11093K(13568K)->11093K(13568K)
[2020-08-27T11:15:29.459+0000][21728][gc           ] GC(33) Pause Young (Concurrent Start) (G1 Humongous Allocation) 370M->249M(1024M) 19.101ms
[2020-08-27T11:15:29.459+0000][21728][gc,cpu       ] GC(33) User=0.13s Sys=0.00s Real=0.02s
[2020-08-27T11:15:29.459+0000][21728][safepoint    ] Safepoint "G1TryInitiateConcMark", Time since last: 104093600 ns, Reaching safepoint: 229300 ns, At safepoint: 19284800 ns, Total: 19514100 ns
[2020-08-27T11:15:29.459+0000][21728][gc           ] GC(34) Concurrent Cycle
[2020-08-27T11:15:29.459+0000][21728][gc,marking   ] GC(34) Concurrent Clear Claimed Marks
[2020-08-27T11:15:29.460+0000][21728][gc,marking   ] GC(34) Concurrent Clear Claimed Marks 0.554ms
[2020-08-27T11:15:29.460+0000][21728][gc,marking   ] GC(34) Concurrent Scan Root Regions
[2020-08-27T11:15:29.476+0000][21728][gc,marking   ] GC(34) Concurrent Scan Root Regions 16.325ms
[2020-08-27T11:15:29.477+0000][21728][gc,marking   ] GC(34) Concurrent Mark (47.432s)
[2020-08-27T11:15:29.477+0000][21728][gc,marking   ] GC(34) Concurrent Mark From Roots
[2020-08-27T11:15:29.477+0000][21728][gc,task      ] GC(34) Using 2 workers of 2 for marking
[2020-08-27T11:15:29.556+0000][21728][gc,marking   ] GC(34) Concurrent Mark From Roots 79.293ms
[2020-08-27T11:15:29.556+0000][21728][gc,marking   ] GC(34) Concurrent Preclean
[2020-08-27T11:15:29.556+0000][21728][gc,marking   ] GC(34) Concurrent Preclean 0.291ms
[2020-08-27T11:15:29.556+0000][21728][gc,marking   ] GC(34) Concurrent Mark (47.432s, 47.512s) 79.730ms
[2020-08-27T11:15:29.556+0000][21728][gc,start     ] GC(34) Pause Remark
[2020-08-27T11:15:29.560+0000][21728][gc           ] GC(34) Pause Remark 279M->279M(1024M) 3.814ms
[2020-08-27T11:15:29.560+0000][21728][gc,cpu       ] GC(34) User=0.00s Sys=0.00s Real=0.00s
[2020-08-27T11:15:29.560+0000][21728][safepoint    ] Safepoint "G1Concurrent", Time since last: 96911600 ns, Reaching safepoint: 166000 ns, At safepoint: 3988300 ns, Total: 4154300 ns
[2020-08-27T11:15:29.561+0000][21728][gc,marking   ] GC(34) Concurrent Rebuild Remembered Sets
[2020-08-27T11:15:29.613+0000][21728][gc,marking   ] GC(34) Concurrent Rebuild Remembered Sets 52.867ms
[2020-08-27T11:15:29.614+0000][21728][gc,start     ] GC(34) Pause Cleanup
[2020-08-27T11:15:29.614+0000][21728][gc           ] GC(34) Pause Cleanup 281M->281M(1024M) 0.242ms
[2020-08-27T11:15:29.614+0000][21728][gc,cpu       ] GC(34) User=0.00s Sys=0.00s Real=0.00s
[2020-08-27T11:15:29.614+0000][21728][safepoint    ] Safepoint "G1Concurrent", Time since last: 53019800 ns, Reaching safepoint: 138400 ns, At safepoint: 364500 ns, Total: 502900 ns
[2020-08-27T11:15:29.614+0000][21728][gc,marking   ] GC(34) Concurrent Cleanup for Next Mark
[2020-08-27T11:15:29.615+0000][21728][gc,marking   ] GC(34) Concurrent Cleanup for Next Mark 1.461ms
[2020-08-27T11:15:29.616+0000][21728][gc           ] GC(34) Concurrent Cycle 156.252ms
[2020-08-27T11:15:29.779+0000][21728][gc,start     ] GC(35) Pause Young (Concurrent Start) (G1 Humongous Allocation)
[2020-08-27T11:15:29.779+0000][21728][gc,task      ] GC(35) Using 8 workers of 8 for evacuation
[2020-08-27T11:15:29.779+0000][21728][gc,age       ] GC(35) Desired survivor size 25690112 bytes, new threshold 15 (max threshold 15)
[2020-08-27T11:15:29.798+0000][21728][gc,age       ] GC(35) Age table with threshold 15 (max threshold 15)
[2020-08-27T11:15:29.798+0000][21728][gc,age       ] GC(35) - age   1:   10921408 bytes,   10921408 total
[2020-08-27T11:15:29.798+0000][21728][gc,age       ] GC(35) - age   2:    1436520 bytes,   12357928 total
[2020-08-27T11:15:29.798+0000][21728][gc,age       ] GC(35) - age   3:     813480 bytes,   13171408 total
[2020-08-27T11:15:29.798+0000][21728][gc,age       ] GC(35) - age   4:       3960 bytes,   13175368 total
[2020-08-27T11:15:29.798+0000][21728][gc,age       ] GC(35) - age   5:       4264 bytes,   13179632 total
[2020-08-27T11:15:29.798+0000][21728][gc,age       ] GC(35) - age   6:       3552 bytes,   13183184 total
[2020-08-27T11:15:29.798+0000][21728][gc,age       ] GC(35) - age   7:       1784 bytes,   13184968 total
[2020-08-27T11:15:29.799+0000][21728][gc,age       ] GC(35) - age   8:       4360 bytes,   13189328 total
[2020-08-27T11:15:29.799+0000][21728][gc,age       ] GC(35) - age   9:      12168 bytes,   13201496 total
[2020-08-27T11:15:29.799+0000][21728][gc,age       ] GC(35) - age  10:      39776 bytes,   13241272 total
[2020-08-27T11:15:29.799+0000][21728][gc,age       ] GC(35) - age  11:      65944 bytes,   13307216 total
[2020-08-27T11:15:29.799+0000][21728][gc,age       ] GC(35) - age  12:      74224 bytes,   13381440 total
[2020-08-27T11:15:29.799+0000][21728][gc,age       ] GC(35) - age  13:     275424 bytes,   13656864 total
[2020-08-27T11:15:29.799+0000][21728][gc,age       ] GC(35) - age  14:   12437544 bytes,   26094408 total
[2020-08-27T11:15:29.799+0000][21728][gc,age       ] GC(35) - age  15:    8324232 bytes,   34418640 total
[2020-08-27T11:15:29.799+0000][21728][gc,phases    ] GC(35)   Pre Evacuate Collection Set: 0.6ms
[2020-08-27T11:15:29.799+0000][21728][gc,phases    ] GC(35)   Merge Heap Roots: 0.1ms
[2020-08-27T11:15:29.799+0000][21728][gc,phases    ] GC(35)   Evacuate Collection Set: 16.4ms
[2020-08-27T11:15:29.799+0000][21728][gc,phases    ] GC(35)   Post Evacuate Collection Set: 1.6ms
[2020-08-27T11:15:29.799+0000][21728][gc,phases    ] GC(35)   Other: 1.2ms
[2020-08-27T11:15:29.799+0000][21728][gc,heap      ] GC(35) Eden regions: 42->0(373)
[2020-08-27T11:15:29.799+0000][21728][gc,heap      ] GC(35) Survivor regions: 27->36(49)
[2020-08-27T11:15:29.799+0000][21728][gc,heap      ] GC(35) Old regions: 50->50
[2020-08-27T11:15:29.799+0000][21728][gc,heap      ] GC(35) Archive regions: 0->0
[2020-08-27T11:15:29.799+0000][21728][gc,heap      ] GC(35) Humongous regions: 257->174
[2020-08-27T11:15:29.799+0000][21728][gc,metaspace ] GC(35) Metaspace: 82509K(88576K)->82509K(88576K) NonClass: 71416K(75008K)->71416K(75008K) Class: 11093K(13568K)->11093K(13568K)
[2020-08-27T11:15:29.799+0000][21728][gc           ] GC(35) Pause Young (Concurrent Start) (G1 Humongous Allocation) 374M->258M(1024M) 20.319ms
[2020-08-27T11:15:29.799+0000][21728][gc,cpu       ] GC(35) User=0.11s Sys=0.02s Real=0.02s
[2020-08-27T11:15:29.800+0000][21728][gc           ] GC(36) Concurrent Cycle
[2020-08-27T11:15:29.800+0000][21728][safepoint    ] Safepoint "G1TryInitiateConcMark", Time since last: 164865300 ns, Reaching safepoint: 206500 ns, At safepoint: 20559700 ns, Total: 20766200 ns
[2020-08-27T11:15:29.800+0000][21728][gc,marking   ] GC(36) Concurrent Clear Claimed Marks
[2020-08-27T11:15:29.800+0000][21728][gc,marking   ] GC(36) Concurrent Clear Claimed Marks 0.842ms
[2020-08-27T11:15:29.801+0000][21728][gc,marking   ] GC(36) Concurrent Scan Root Regions
[2020-08-27T11:15:29.823+0000][21728][gc,marking   ] GC(36) Concurrent Scan Root Regions 21.895ms
[2020-08-27T11:15:29.823+0000][21728][gc,marking   ] GC(36) Concurrent Mark (47.778s)
[2020-08-27T11:15:29.823+0000][21728][gc,marking   ] GC(36) Concurrent Mark From Roots
[2020-08-27T11:15:29.823+0000][21728][gc,task      ] GC(36) Using 2 workers of 2 for marking
[2020-08-27T11:15:29.933+0000][21728][gc,marking   ] GC(36) Concurrent Mark From Roots 111.002ms
[2020-08-27T11:15:29.933+0000][21728][gc,marking   ] GC(36) Concurrent Preclean
[2020-08-27T11:15:29.934+0000][21728][gc,marking   ] GC(36) Concurrent Preclean 0.449ms
[2020-08-27T11:15:29.934+0000][21728][gc,marking   ] GC(36) Concurrent Mark (47.778s, 47.890s) 111.647ms
[2020-08-27T11:15:29.934+0000][21728][gc,start     ] GC(36) Pause Remark
[2020-08-27T11:15:29.938+0000][21728][gc           ] GC(36) Pause Remark 437M->437M(1024M) 3.836ms
[2020-08-27T11:15:29.938+0000][21728][gc,cpu       ] GC(36) User=0.00s Sys=0.00s Real=0.00s
[2020-08-27T11:15:29.938+0000][21728][safepoint    ] Safepoint "G1Concurrent", Time since last: 134761000 ns, Reaching safepoint: 163100 ns, At safepoint: 4020700 ns, Total: 4183800 ns
[2020-08-27T11:15:29.938+0000][21728][gc,marking   ] GC(36) Concurrent Rebuild Remembered Sets
[2020-08-27T11:15:30.005+0000][21728][gc,marking   ] GC(36) Concurrent Rebuild Remembered Sets 67.345ms
[2020-08-27T11:15:30.006+0000][21728][gc,start     ] GC(36) Pause Cleanup
[2020-08-27T11:15:30.006+0000][21728][gc           ] GC(36) Pause Cleanup 440M->440M(1024M) 0.332ms
[2020-08-27T11:15:30.007+0000][21728][gc,cpu       ] GC(36) User=0.00s Sys=0.00s Real=0.00s
[2020-08-27T11:15:30.007+0000][21728][safepoint    ] Safepoint "G1Concurrent", Time since last: 67534200 ns, Reaching safepoint: 520100 ns, At safepoint: 574000 ns, Total: 1094100 ns
[2020-08-27T11:15:30.007+0000][21728][gc,marking   ] GC(36) Concurrent Cleanup for Next Mark
[2020-08-27T11:15:30.009+0000][21728][gc,marking   ] GC(36) Concurrent Cleanup for Next Mark 1.961ms
[2020-08-27T11:15:30.009+0000][21728][gc           ] GC(36) Concurrent Cycle 209.808ms
[2020-08-27T11:15:30.032+0000][21728][gc,start     ] GC(37) Pause Young (Concurrent Start) (G1 Humongous Allocation)
[2020-08-27T11:15:30.032+0000][21728][gc,task      ] GC(37) Using 8 workers of 8 for evacuation
[2020-08-27T11:15:30.032+0000][21728][gc,age       ] GC(37) Desired survivor size 27262976 bytes, new threshold 15 (max threshold 15)
[2020-08-27T11:15:30.052+0000][21728][gc,age       ] GC(37) Age table with threshold 15 (max threshold 15)
[2020-08-27T11:15:30.052+0000][21728][gc,age       ] GC(37) - age   1:      78080 bytes,      78080 total
[2020-08-27T11:15:30.052+0000][21728][gc,age       ] GC(37) - age   2:    3320792 bytes,    3398872 total
[2020-08-27T11:15:30.052+0000][21728][gc,age       ] GC(37) - age   3:    1435832 bytes,    4834704 total
[2020-08-27T11:15:30.052+0000][21728][gc,age       ] GC(37) - age   4:     812504 bytes,    5647208 total
[2020-08-27T11:15:30.052+0000][21728][gc,age       ] GC(37) - age   5:       3960 bytes,    5651168 total
[2020-08-27T11:15:30.052+0000][21728][gc,age       ] GC(37) - age   6:       4264 bytes,    5655432 total
[2020-08-27T11:15:30.052+0000][21728][gc,age       ] GC(37) - age   7:       3520 bytes,    5658952 total
[2020-08-27T11:15:30.052+0000][21728][gc,age       ] GC(37) - age   8:       1784 bytes,    5660736 total
[2020-08-27T11:15:30.052+0000][21728][gc,age       ] GC(37) - age   9:       4256 bytes,    5664992 total
[2020-08-27T11:15:30.052+0000][21728][gc,age       ] GC(37) - age  10:      12168 bytes,    5677160 total
[2020-08-27T11:15:30.052+0000][21728][gc,age       ] GC(37) - age  11:      39776 bytes,    5716936 total
[2020-08-27T11:15:30.052+0000][21728][gc,age       ] GC(37) - age  12:      65944 bytes,    5782880 total
[2020-08-27T11:15:30.052+0000][21728][gc,age       ] GC(37) - age  13:      74224 bytes,    5857104 total
[2020-08-27T11:15:30.052+0000][21728][gc,age       ] GC(37) - age  14:     275424 bytes,    6132528 total
[2020-08-27T11:15:30.052+0000][21728][gc,age       ] GC(37) - age  15:   12437544 bytes,   18570072 total
[2020-08-27T11:15:30.052+0000][21728][gc,phases    ] GC(37)   Pre Evacuate Collection Set: 0.5ms
[2020-08-27T11:15:30.052+0000][21728][gc,phases    ] GC(37)   Merge Heap Roots: 0.1ms
[2020-08-27T11:15:30.052+0000][21728][gc,phases    ] GC(37)   Evacuate Collection Set: 17.0ms
[2020-08-27T11:15:30.052+0000][21728][gc,phases    ] GC(37)   Post Evacuate Collection Set: 1.6ms
[2020-08-27T11:15:30.052+0000][21728][gc,phases    ] GC(37)   Other: 0.9ms
[2020-08-27T11:15:30.052+0000][21728][gc,heap      ] GC(37) Eden regions: 46->0(403)
[2020-08-27T11:15:30.052+0000][21728][gc,heap      ] GC(37) Survivor regions: 36->20(52)
[2020-08-27T11:15:30.052+0000][21728][gc,heap      ] GC(37) Old regions: 50->58
[2020-08-27T11:15:30.052+0000][21728][gc,heap      ] GC(37) Archive regions: 0->0
[2020-08-27T11:15:30.052+0000][21728][gc,heap      ] GC(37) Humongous regions: 316->174
[2020-08-27T11:15:30.052+0000][21728][gc,metaspace ] GC(37) Metaspace: 82510K(88576K)->82510K(88576K) NonClass: 71417K(75008K)->71417K(75008K) Class: 11093K(13568K)->11093K(13568K)
[2020-08-27T11:15:30.053+0000][21728][gc           ] GC(37) Pause Young (Concurrent Start) (G1 Humongous Allocation) 446M->250M(1024M) 20.422ms
[2020-08-27T11:15:30.053+0000][21728][gc,cpu       ] GC(37) User=0.11s Sys=0.00s Real=0.02s
[2020-08-27T11:15:30.053+0000][21728][gc           ] GC(38) Concurrent Cycle
[2020-08-27T11:15:30.053+0000][21728][gc,marking   ] GC(38) Concurrent Clear Claimed Marks
[2020-08-27T11:15:30.053+0000][21728][safepoint    ] Safepoint "G1TryInitiateConcMark", Time since last: 25239800 ns, Reaching safepoint: 169700 ns, At safepoint: 20799600 ns, Total: 20969300 ns
[2020-08-27T11:15:30.053+0000][21728][gc,marking   ] GC(38) Concurrent Clear Claimed Marks 0.415ms
[2020-08-27T11:15:30.053+0000][21728][gc,marking   ] GC(38) Concurrent Scan Root Regions
[2020-08-27T11:15:30.075+0000][21728][gc,marking   ] GC(38) Concurrent Scan Root Regions 21.322ms
[2020-08-27T11:15:30.075+0000][21728][gc,marking   ] GC(38) Concurrent Mark (48.031s)
[2020-08-27T11:15:30.075+0000][21728][gc,marking   ] GC(38) Concurrent Mark From Roots
[2020-08-27T11:15:30.075+0000][21728][gc,task      ] GC(38) Using 2 workers of 2 for marking
[2020-08-27T11:15:30.179+0000][21728][gc,marking   ] GC(38) Concurrent Mark From Roots 104.806ms
[2020-08-27T11:15:30.180+0000][21728][gc,marking   ] GC(38) Concurrent Preclean
[2020-08-27T11:15:30.180+0000][21728][gc,marking   ] GC(38) Concurrent Preclean 0.459ms
[2020-08-27T11:15:30.180+0000][21728][gc,marking   ] GC(38) Concurrent Mark (48.031s, 48.136s) 105.445ms
[2020-08-27T11:15:30.180+0000][21728][gc,start     ] GC(38) Pause Remark
[2020-08-27T11:15:30.184+0000][21728][gc           ] GC(38) Pause Remark 321M->321M(1024M) 3.756ms
[2020-08-27T11:15:30.184+0000][21728][gc,cpu       ] GC(38) User=0.00s Sys=0.00s Real=0.00s
[2020-08-27T11:15:30.184+0000][21728][safepoint    ] Safepoint "G1Concurrent", Time since last: 127282900 ns, Reaching safepoint: 139500 ns, At safepoint: 3988000 ns, Total: 4127500 ns
[2020-08-27T11:15:30.184+0000][21728][gc,marking   ] GC(38) Concurrent Rebuild Remembered Sets
[2020-08-27T11:15:30.252+0000][21728][gc,marking   ] GC(38) Concurrent Rebuild Remembered Sets 67.315ms
[2020-08-27T11:15:30.252+0000][21728][gc,start     ] GC(38) Pause Cleanup
[2020-08-27T11:15:30.252+0000][21728][gc           ] GC(38) Pause Cleanup 327M->327M(1024M) 0.245ms
[2020-08-27T11:15:30.252+0000][21728][gc,cpu       ] GC(38) User=0.00s Sys=0.00s Real=0.00s
[2020-08-27T11:15:30.252+0000][21728][safepoint    ] Safepoint "G1Concurrent", Time since last: 67511600 ns, Reaching safepoint: 133900 ns, At safepoint: 362800 ns, Total: 496700 ns
[2020-08-27T11:15:30.252+0000][21728][gc,marking   ] GC(38) Concurrent Cleanup for Next Mark
[2020-08-27T11:15:30.254+0000][21728][gc,marking   ] GC(38) Concurrent Cleanup for Next Mark 1.318ms
[2020-08-27T11:15:30.254+0000][21728][gc           ] GC(38) Concurrent Cycle 201.083ms
[2020-08-27T11:15:30.464+0000][21728][gc,start     ] GC(39) Pause Young (Concurrent Start) (G1 Humongous Allocation)
[2020-08-27T11:15:30.464+0000][21728][gc,task      ] GC(39) Using 8 workers of 8 for evacuation
[2020-08-27T11:15:30.464+0000][21728][gc,age       ] GC(39) Desired survivor size 27787264 bytes, new threshold 15 (max threshold 15)
[2020-08-27T11:15:30.476+0000][21728][gc,age       ] GC(39) Age table with threshold 15 (max threshold 15)
[2020-08-27T11:15:30.476+0000][21728][gc,age       ] GC(39) - age   1:    4961504 bytes,    4961504 total
[2020-08-27T11:15:30.476+0000][21728][gc,age       ] GC(39) - age   2:        920 bytes,    4962424 total
[2020-08-27T11:15:30.476+0000][21728][gc,age       ] GC(39) - age   3:      96752 bytes,    5059176 total
[2020-08-27T11:15:30.476+0000][21728][gc,age       ] GC(39) - age   4:    1429696 bytes,    6488872 total
[2020-08-27T11:15:30.476+0000][21728][gc,age       ] GC(39) - age   5:     809744 bytes,    7298616 total
[2020-08-27T11:15:30.476+0000][21728][gc,age       ] GC(39) - age   6:       3928 bytes,    7302544 total
[2020-08-27T11:15:30.477+0000][21728][gc,age       ] GC(39) - age   7:       4200 bytes,    7306744 total
[2020-08-27T11:15:30.477+0000][21728][gc,age       ] GC(39) - age   8:       3424 bytes,    7310168 total
[2020-08-27T11:15:30.477+0000][21728][gc,age       ] GC(39) - age   9:       1784 bytes,    7311952 total
[2020-08-27T11:15:30.477+0000][21728][gc,age       ] GC(39) - age  10:       4224 bytes,    7316176 total
[2020-08-27T11:15:30.477+0000][21728][gc,age       ] GC(39) - age  11:      12168 bytes,    7328344 total
[2020-08-27T11:15:30.477+0000][21728][gc,age       ] GC(39) - age  12:      39712 bytes,    7368056 total
[2020-08-27T11:15:30.477+0000][21728][gc,age       ] GC(39) - age  13:      65912 bytes,    7433968 total
[2020-08-27T11:15:30.477+0000][21728][gc,age       ] GC(39) - age  14:      74224 bytes,    7508192 total
[2020-08-27T11:15:30.477+0000][21728][gc,age       ] GC(39) - age  15:     275200 bytes,    7783392 total
[2020-08-27T11:15:30.477+0000][21728][gc,phases    ] GC(39)   Pre Evacuate Collection Set: 0.5ms
[2020-08-27T11:15:30.477+0000][21728][gc,phases    ] GC(39)   Merge Heap Roots: 0.1ms
[2020-08-27T11:15:30.477+0000][21728][gc,phases    ] GC(39)   Evacuate Collection Set: 10.1ms
[2020-08-27T11:15:30.477+0000][21728][gc,phases    ] GC(39)   Post Evacuate Collection Set: 1.3ms
[2020-08-27T11:15:30.477+0000][21728][gc,phases    ] GC(39)   Other: 1.0ms
[2020-08-27T11:15:30.477+0000][21728][gc,heap      ] GC(39) Eden regions: 44->0(417)
[2020-08-27T11:15:30.477+0000][21728][gc,heap      ] GC(39) Survivor regions: 20->10(53)
[2020-08-27T11:15:30.477+0000][21728][gc,heap      ] GC(39) Old regions: 58->70
[2020-08-27T11:15:30.477+0000][21728][gc,heap      ] GC(39) Archive regions: 0->0
[2020-08-27T11:15:30.477+0000][21728][gc,heap      ] GC(39) Humongous regions: 249->175
[2020-08-27T11:15:30.477+0000][21728][gc,metaspace ] GC(39) Metaspace: 82617K(88832K)->82617K(88832K) NonClass: 71513K(75264K)->71513K(75264K) Class: 11103K(13568K)->11103K(13568K)
[2020-08-27T11:15:30.477+0000][21728][gc           ] GC(39) Pause Young (Concurrent Start) (G1 Humongous Allocation) 369M->254M(1024M) 13.366ms
[2020-08-27T11:15:30.477+0000][21728][gc,cpu       ] GC(39) User=0.13s Sys=0.00s Real=0.01s
[2020-08-27T11:15:30.477+0000][21728][gc           ] GC(40) Concurrent Cycle
[2020-08-27T11:15:30.478+0000][21728][gc,marking   ] GC(40) Concurrent Clear Claimed Marks
[2020-08-27T11:15:30.478+0000][21728][safepoint    ] Safepoint "G1TryInitiateConcMark", Time since last: 211449700 ns, Reaching safepoint: 222900 ns, At safepoint: 13747100 ns, Total: 13970000 ns
[2020-08-27T11:15:30.478+0000][21728][gc,marking   ] GC(40) Concurrent Clear Claimed Marks 0.373ms
[2020-08-27T11:15:30.478+0000][21728][gc,marking   ] GC(40) Concurrent Scan Root Regions
[2020-08-27T11:15:30.497+0000][21728][gc,marking   ] GC(40) Concurrent Scan Root Regions 19.415ms
[2020-08-27T11:15:30.498+0000][21728][gc,marking   ] GC(40) Concurrent Mark (48.454s)
[2020-08-27T11:15:30.498+0000][21728][gc,marking   ] GC(40) Concurrent Mark From Roots
[2020-08-27T11:15:30.498+0000][21728][gc,task      ] GC(40) Using 2 workers of 2 for marking
[2020-08-27T11:15:30.639+0000][21728][gc,marking   ] GC(40) Concurrent Mark From Roots 140.920ms
[2020-08-27T11:15:30.639+0000][21728][gc,marking   ] GC(40) Concurrent Preclean
[2020-08-27T11:15:30.639+0000][21728][gc,marking   ] GC(40) Concurrent Preclean 0.474ms
[2020-08-27T11:15:30.639+0000][21728][gc,marking   ] GC(40) Concurrent Mark (48.454s, 48.595s) 141.599ms
[2020-08-27T11:15:30.639+0000][21728][gc,start     ] GC(40) Pause Remark
[2020-08-27T11:15:30.644+0000][21728][gc           ] GC(40) Pause Remark 484M->484M(1024M) 4.256ms
[2020-08-27T11:15:30.644+0000][21728][gc,cpu       ] GC(40) User=0.11s Sys=0.00s Real=0.01s
[2020-08-27T11:15:30.644+0000][21728][safepoint    ] Safepoint "G1Concurrent", Time since last: 161613100 ns, Reaching safepoint: 154100 ns, At safepoint: 4483700 ns, Total: 4637800 ns
[2020-08-27T11:15:30.644+0000][21728][gc,marking   ] GC(40) Concurrent Rebuild Remembered Sets
[2020-08-27T11:15:30.733+0000][21728][gc,marking   ] GC(40) Concurrent Rebuild Remembered Sets 88.963ms
[2020-08-27T11:15:30.733+0000][21728][gc,start     ] GC(40) Pause Cleanup
[2020-08-27T11:15:30.734+0000][21728][gc           ] GC(40) Pause Cleanup 555M->555M(1024M) 0.351ms
[2020-08-27T11:15:30.734+0000][21728][gc,cpu       ] GC(40) User=0.00s Sys=0.00s Real=0.00s
[2020-08-27T11:15:30.734+0000][21728][safepoint    ] Safepoint "G1Concurrent", Time since last: 89207300 ns, Reaching safepoint: 182400 ns, At safepoint: 974700 ns, Total: 1157100 ns
[2020-08-27T11:15:30.734+0000][21728][gc,marking   ] GC(40) Concurrent Cleanup for Next Mark
[2020-08-27T11:15:30.736+0000][21728][gc,marking   ] GC(40) Concurrent Cleanup for Next Mark 1.884ms
[2020-08-27T11:15:30.736+0000][21728][gc           ] GC(40) Concurrent Cycle 258.943ms
[2020-08-27T11:15:30.892+0000][21728][gc,start     ] GC(41) Pause Young (Concurrent Start) (G1 Humongous Allocation)
[2020-08-27T11:15:30.892+0000][21728][gc,task      ] GC(41) Using 8 workers of 8 for evacuation
[2020-08-27T11:15:30.892+0000][21728][gc,age       ] GC(41) Desired survivor size 28311552 bytes, new threshold 15 (max threshold 15)
[2020-08-27T11:15:30.897+0000][21728][gc,age       ] GC(41) Age table with threshold 15 (max threshold 15)
[2020-08-27T11:15:30.897+0000][21728][gc,age       ] GC(41) - age   1:    3926816 bytes,    3926816 total
[2020-08-27T11:15:30.897+0000][21728][gc,age       ] GC(41) - age   2:      16112 bytes,    3942928 total
[2020-08-27T11:15:30.897+0000][21728][gc,age       ] GC(41) - age   3:        440 bytes,    3943368 total
[2020-08-27T11:15:30.897+0000][21728][gc,age       ] GC(41) - age   4:      95840 bytes,    4039208 total
[2020-08-27T11:15:30.897+0000][21728][gc,age       ] GC(41) - age   5:    1429544 bytes,    5468752 total
[2020-08-27T11:15:30.897+0000][21728][gc,age       ] GC(41) - age   6:     809744 bytes,    6278496 total
[2020-08-27T11:15:30.897+0000][21728][gc,age       ] GC(41) - age   7:       3768 bytes,    6282264 total
[2020-08-27T11:15:30.897+0000][21728][gc,age       ] GC(41) - age   8:       4072 bytes,    6286336 total
[2020-08-27T11:15:30.897+0000][21728][gc,age       ] GC(41) - age   9:       3392 bytes,    6289728 total
[2020-08-27T11:15:30.897+0000][21728][gc,age       ] GC(41) - age  10:       1592 bytes,    6291320 total
[2020-08-27T11:15:30.897+0000][21728][gc,age       ] GC(41) - age  11:       4192 bytes,    6295512 total
[2020-08-27T11:15:30.897+0000][21728][gc,age       ] GC(41) - age  12:      12168 bytes,    6307680 total
[2020-08-27T11:15:30.897+0000][21728][gc,age       ] GC(41) - age  13:      39712 bytes,    6347392 total
[2020-08-27T11:15:30.897+0000][21728][gc,age       ] GC(41) - age  14:      65912 bytes,    6413304 total
[2020-08-27T11:15:30.897+0000][21728][gc,age       ] GC(41) - age  15:      74224 bytes,    6487528 total
[2020-08-27T11:15:30.897+0000][21728][gc,phases    ] GC(41)   Pre Evacuate Collection Set: 0.4ms
[2020-08-27T11:15:30.897+0000][21728][gc,phases    ] GC(41)   Merge Heap Roots: 0.1ms
[2020-08-27T11:15:30.897+0000][21728][gc,phases    ] GC(41)   Evacuate Collection Set: 2.8ms
[2020-08-27T11:15:30.897+0000][21728][gc,phases    ] GC(41)   Post Evacuate Collection Set: 1.0ms
[2020-08-27T11:15:30.897+0000][21728][gc,phases    ] GC(41)   Other: 0.7ms
[2020-08-27T11:15:30.897+0000][21728][gc,heap      ] GC(41) Eden regions: 86->0(433)
[2020-08-27T11:15:30.897+0000][21728][gc,heap      ] GC(41) Survivor regions: 10->8(54)
[2020-08-27T11:15:30.897+0000][21728][gc,heap      ] GC(41) Old regions: 70->72
[2020-08-27T11:15:30.897+0000][21728][gc,heap      ] GC(41) Archive regions: 0->0
[2020-08-27T11:15:30.897+0000][21728][gc,heap      ] GC(41) Humongous regions: 408->174
[2020-08-27T11:15:30.898+0000][21728][gc,metaspace ] GC(41) Metaspace: 82640K(88832K)->82640K(88832K) NonClass: 71536K(75264K)->71536K(75264K) Class: 11103K(13568K)->11103K(13568K)
[2020-08-27T11:15:30.898+0000][21728][gc           ] GC(41) Pause Young (Concurrent Start) (G1 Humongous Allocation) 573M->252M(1024M) 5.233ms
[2020-08-27T11:15:30.898+0000][21728][gc,cpu       ] GC(41) User=0.00s Sys=0.00s Real=0.01s
[2020-08-27T11:15:30.898+0000][21728][gc           ] GC(42) Concurrent Cycle
[2020-08-27T11:15:30.898+0000][21728][safepoint    ] Safepoint "G1TryInitiateConcMark", Time since last: 157823500 ns, Reaching safepoint: 163100 ns, At safepoint: 5437300 ns, Total: 5600400 ns
[2020-08-27T11:15:30.898+0000][21728][gc,marking   ] GC(42) Concurrent Clear Claimed Marks
[2020-08-27T11:15:30.898+0000][21728][gc,marking   ] GC(42) Concurrent Clear Claimed Marks 0.569ms
[2020-08-27T11:15:30.898+0000][21728][gc,marking   ] GC(42) Concurrent Scan Root Regions
[2020-08-27T11:15:30.902+0000][21728][gc,marking   ] GC(42) Concurrent Scan Root Regions 3.481ms
[2020-08-27T11:15:30.902+0000][21728][gc,marking   ] GC(42) Concurrent Mark (48.858s)
[2020-08-27T11:15:30.902+0000][21728][gc,marking   ] GC(42) Concurrent Mark From Roots
[2020-08-27T11:15:30.902+0000][21728][gc,task      ] GC(42) Using 2 workers of 2 for marking
[2020-08-27T11:15:31.006+0000][21728][gc,marking   ] GC(42) Concurrent Mark From Roots 103.995ms
[2020-08-27T11:15:31.006+0000][21728][gc,marking   ] GC(42) Concurrent Preclean
[2020-08-27T11:15:31.007+0000][21728][gc,marking   ] GC(42) Concurrent Preclean 0.601ms
[2020-08-27T11:15:31.007+0000][21728][gc,marking   ] GC(42) Concurrent Mark (48.858s, 48.963s) 104.793ms
[2020-08-27T11:15:31.008+0000][21728][gc,start     ] GC(42) Pause Remark
[2020-08-27T11:15:31.021+0000][21728][gc           ] GC(42) Pause Remark 315M->315M(1024M) 13.627ms
[2020-08-27T11:15:31.021+0000][21728][gc,cpu       ] GC(42) User=0.13s Sys=0.00s Real=0.01s
[2020-08-27T11:15:31.021+0000][21728][safepoint    ] Safepoint "G1Concurrent", Time since last: 109140400 ns, Reaching safepoint: 202500 ns, At safepoint: 13848400 ns, Total: 14050900 ns
[2020-08-27T11:15:31.021+0000][21728][gc,marking   ] GC(42) Concurrent Rebuild Remembered Sets
[2020-08-27T11:15:31.087+0000][21728][safepoint    ] Safepoint "ICBufferFull", Time since last: 64867900 ns, Reaching safepoint: 352000 ns, At safepoint: 30300 ns, Total: 382300 ns
[2020-08-27T11:15:31.102+0000][21728][gc,marking   ] GC(42) Concurrent Rebuild Remembered Sets 80.356ms
[2020-08-27T11:15:31.102+0000][21728][gc,start     ] GC(42) Pause Cleanup
[2020-08-27T11:15:31.102+0000][21728][gc           ] GC(42) Pause Cleanup 352M->352M(1024M) 0.235ms
[2020-08-27T11:15:31.102+0000][21728][gc,cpu       ] GC(42) User=0.00s Sys=0.00s Real=0.00s
[2020-08-27T11:15:31.102+0000][21728][safepoint    ] Safepoint "G1Concurrent", Time since last: 15323200 ns, Reaching safepoint: 230500 ns, At safepoint: 373400 ns, Total: 603900 ns
[2020-08-27T11:15:31.103+0000][21728][gc,marking   ] GC(42) Concurrent Cleanup for Next Mark
[2020-08-27T11:15:31.104+0000][21728][gc,marking   ] GC(42) Concurrent Cleanup for Next Mark 1.803ms
[2020-08-27T11:15:31.104+0000][21728][gc           ] GC(42) Concurrent Cycle 206.385ms
[2020-08-27T11:15:31.105+0000][21728][gc,start     ] GC(43) Pause Young (Concurrent Start) (G1 Humongous Allocation)
[2020-08-27T11:15:31.105+0000][21728][gc,task      ] GC(43) Using 8 workers of 8 for evacuation
[2020-08-27T11:15:31.105+0000][21728][gc,age       ] GC(43) Desired survivor size 29360128 bytes, new threshold 15 (max threshold 15)
[2020-08-27T11:15:31.109+0000][21728][gc,age       ] GC(43) Age table with threshold 15 (max threshold 15)
[2020-08-27T11:15:31.109+0000][21728][gc,age       ] GC(43) - age   1:    1948632 bytes,    1948632 total
[2020-08-27T11:15:31.109+0000][21728][gc,age       ] GC(43) - age   2:     829832 bytes,    2778464 total
[2020-08-27T11:15:31.109+0000][21728][gc,age       ] GC(43) - age   3:      14776 bytes,    2793240 total
[2020-08-27T11:15:31.109+0000][21728][gc,age       ] GC(43) - age   4:        440 bytes,    2793680 total
[2020-08-27T11:15:31.109+0000][21728][gc,age       ] GC(43) - age   5:      95680 bytes,    2889360 total
[2020-08-27T11:15:31.109+0000][21728][gc,age       ] GC(43) - age   6:    1429544 bytes,    4318904 total
[2020-08-27T11:15:31.109+0000][21728][gc,age       ] GC(43) - age   7:     809744 bytes,    5128648 total
[2020-08-27T11:15:31.109+0000][21728][gc,age       ] GC(43) - age   8:       3768 bytes,    5132416 total
[2020-08-27T11:15:31.109+0000][21728][gc,age       ] GC(43) - age   9:       4072 bytes,    5136488 total
[2020-08-27T11:15:31.109+0000][21728][gc,age       ] GC(43) - age  10:       3072 bytes,    5139560 total
[2020-08-27T11:15:31.109+0000][21728][gc,age       ] GC(43) - age  11:       1560 bytes,    5141120 total
[2020-08-27T11:15:31.109+0000][21728][gc,age       ] GC(43) - age  12:       4192 bytes,    5145312 total
[2020-08-27T11:15:31.109+0000][21728][gc,age       ] GC(43) - age  13:      12168 bytes,    5157480 total
[2020-08-27T11:15:31.109+0000][21728][gc,age       ] GC(43) - age  14:      39712 bytes,    5197192 total
[2020-08-27T11:15:31.110+0000][21728][gc,age       ] GC(43) - age  15:      65912 bytes,    5263104 total
[2020-08-27T11:15:31.110+0000][21728][gc,phases    ] GC(43)   Pre Evacuate Collection Set: 0.4ms
[2020-08-27T11:15:31.110+0000][21728][gc,phases    ] GC(43)   Merge Heap Roots: 0.2ms
[2020-08-27T11:15:31.110+0000][21728][gc,phases    ] GC(43)   Evacuate Collection Set: 2.8ms
[2020-08-27T11:15:31.110+0000][21728][gc,phases    ] GC(43)   Post Evacuate Collection Set: 0.7ms
[2020-08-27T11:15:31.110+0000][21728][gc,phases    ] GC(43)   Other: 0.9ms
[2020-08-27T11:15:31.110+0000][21728][gc,heap      ] GC(43) Eden regions: 23->0(448)
[2020-08-27T11:15:31.110+0000][21728][gc,heap      ] GC(43) Survivor regions: 8->6(56)
[2020-08-27T11:15:31.110+0000][21728][gc,heap      ] GC(43) Old regions: 72->73
[2020-08-27T11:15:31.110+0000][21728][gc,heap      ] GC(43) Archive regions: 0->0
[2020-08-27T11:15:31.110+0000][21728][gc,heap      ] GC(43) Humongous regions: 262->174
[2020-08-27T11:15:31.110+0000][21728][gc,metaspace ] GC(43) Metaspace: 81916K(88832K)->81916K(88832K) NonClass: 71062K(75264K)->71062K(75264K) Class: 10854K(13568K)->10854K(13568K)
[2020-08-27T11:15:31.110+0000][21728][gc           ] GC(43) Pause Young (Concurrent Start) (G1 Humongous Allocation) 363M->251M(1024M) 5.142ms
[2020-08-27T11:15:31.110+0000][21728][gc,cpu       ] GC(43) User=0.00s Sys=0.00s Real=0.00s
[2020-08-27T11:15:31.110+0000][21728][safepoint    ] Safepoint "G1TryInitiateConcMark", Time since last: 2046500 ns, Reaching safepoint: 202300 ns, At safepoint: 5296800 ns, Total: 5499100 ns
[2020-08-27T11:15:31.110+0000][21728][gc           ] GC(44) Concurrent Cycle
[2020-08-27T11:15:31.110+0000][21728][gc,marking   ] GC(44) Concurrent Clear Claimed Marks
[2020-08-27T11:15:31.111+0000][21728][gc,marking   ] GC(44) Concurrent Clear Claimed Marks 0.433ms
[2020-08-27T11:15:31.111+0000][21728][gc,marking   ] GC(44) Concurrent Scan Root Regions
[2020-08-27T11:15:31.113+0000][21728][gc,marking   ] GC(44) Concurrent Scan Root Regions 2.777ms
[2020-08-27T11:15:31.113+0000][21728][gc,marking   ] GC(44) Concurrent Mark (49.069s)
[2020-08-27T11:15:31.113+0000][21728][gc,marking   ] GC(44) Concurrent Mark From Roots
[2020-08-27T11:15:31.114+0000][21728][gc,task      ] GC(44) Using 2 workers of 2 for marking
[2020-08-27T11:15:31.221+0000][21728][gc,marking   ] GC(44) Concurrent Mark From Roots 107.060ms
[2020-08-27T11:15:31.221+0000][21728][gc,marking   ] GC(44) Concurrent Preclean
[2020-08-27T11:15:31.221+0000][21728][gc,marking   ] GC(44) Concurrent Preclean 0.417ms
[2020-08-27T11:15:31.221+0000][21728][gc,marking   ] GC(44) Concurrent Mark (49.069s, 49.177s) 107.647ms
[2020-08-27T11:15:31.221+0000][21728][gc,start     ] GC(44) Pause Remark
[2020-08-27T11:15:31.230+0000][21728][gc           ] GC(44) Pause Remark 277M->277M(1024M) 8.835ms
[2020-08-27T11:15:31.230+0000][21728][gc,cpu       ] GC(44) User=0.00s Sys=0.00s Real=0.01s
[2020-08-27T11:15:31.230+0000][21728][safepoint    ] Safepoint "G1Concurrent", Time since last: 111143900 ns, Reaching safepoint: 177100 ns, At safepoint: 9046400 ns, Total: 9223500 ns
[2020-08-27T11:15:31.230+0000][21728][gc,marking   ] GC(44) Concurrent Rebuild Remembered Sets
[2020-08-27T11:15:31.289+0000][21728][safepoint    ] Safepoint "ICBufferFull", Time since last: 58390400 ns, Reaching safepoint: 530500 ns, At safepoint: 36100 ns, Total: 566600 ns
[2020-08-27T11:15:31.310+0000][21728][gc,marking   ] GC(44) Concurrent Rebuild Remembered Sets 79.108ms
[2020-08-27T11:15:31.310+0000][21728][gc,start     ] GC(44) Pause Cleanup
[2020-08-27T11:15:31.310+0000][21728][gc           ] GC(44) Pause Cleanup 344M->344M(1024M) 0.267ms
[2020-08-27T11:15:31.310+0000][21728][gc,cpu       ] GC(44) User=0.00s Sys=0.00s Real=0.00s
[2020-08-27T11:15:31.310+0000][21728][safepoint    ] Safepoint "G1Concurrent", Time since last: 20329800 ns, Reaching safepoint: 228200 ns, At safepoint: 442500 ns, Total: 670700 ns
[2020-08-27T11:15:31.310+0000][21728][gc,marking   ] GC(44) Concurrent Cleanup for Next Mark
[2020-08-27T11:15:31.312+0000][21728][gc,marking   ] GC(44) Concurrent Cleanup for Next Mark 1.460ms
[2020-08-27T11:15:31.312+0000][21728][gc           ] GC(44) Concurrent Cycle 201.913ms
[2020-08-27T11:15:31.483+0000][21728][gc,start     ] GC(45) Pause Young (Concurrent Start) (G1 Humongous Allocation)
[2020-08-27T11:15:31.483+0000][21728][gc,task      ] GC(45) Using 8 workers of 8 for evacuation
[2020-08-27T11:15:31.484+0000][21728][gc,age       ] GC(45) Desired survivor size 29884416 bytes, new threshold 15 (max threshold 15)
[2020-08-27T11:15:31.488+0000][21728][gc,age       ] GC(45) Age table with threshold 15 (max threshold 15)
[2020-08-27T11:15:31.488+0000][21728][gc,age       ] GC(45) - age   1:    3349760 bytes,    3349760 total
[2020-08-27T11:15:31.488+0000][21728][gc,age       ] GC(45) - age   2:     229624 bytes,    3579384 total
[2020-08-27T11:15:31.488+0000][21728][gc,age       ] GC(45) - age   3:     427392 bytes,    4006776 total
[2020-08-27T11:15:31.488+0000][21728][gc,age       ] GC(45) - age   4:      12808 bytes,    4019584 total
[2020-08-27T11:15:31.488+0000][21728][gc,age       ] GC(45) - age   5:        440 bytes,    4020024 total
[2020-08-27T11:15:31.488+0000][21728][gc,age       ] GC(45) - age   6:      95520 bytes,    4115544 total
[2020-08-27T11:15:31.488+0000][21728][gc,age       ] GC(45) - age   7:    1429384 bytes,    5544928 total
[2020-08-27T11:15:31.488+0000][21728][gc,age       ] GC(45) - age   8:     809680 bytes,    6354608 total
[2020-08-27T11:15:31.488+0000][21728][gc,age       ] GC(45) - age   9:       3768 bytes,    6358376 total
[2020-08-27T11:15:31.488+0000][21728][gc,age       ] GC(45) - age  10:       3976 bytes,    6362352 total
[2020-08-27T11:15:31.488+0000][21728][gc,age       ] GC(45) - age  11:       2912 bytes,    6365264 total
[2020-08-27T11:15:31.488+0000][21728][gc,age       ] GC(45) - age  12:       1560 bytes,    6366824 total
[2020-08-27T11:15:31.488+0000][21728][gc,age       ] GC(45) - age  13:       4168 bytes,    6370992 total
[2020-08-27T11:15:31.488+0000][21728][gc,age       ] GC(45) - age  14:      12168 bytes,    6383160 total
[2020-08-27T11:15:31.488+0000][21728][gc,age       ] GC(45) - age  15:      39712 bytes,    6422872 total
[2020-08-27T11:15:31.488+0000][21728][gc,phases    ] GC(45)   Pre Evacuate Collection Set: 0.3ms
[2020-08-27T11:15:31.488+0000][21728][gc,phases    ] GC(45)   Merge Heap Roots: 0.1ms
[2020-08-27T11:15:31.488+0000][21728][gc,phases    ] GC(45)   Evacuate Collection Set: 3.0ms
[2020-08-27T11:15:31.488+0000][21728][gc,phases    ] GC(45)   Post Evacuate Collection Set: 0.7ms
[2020-08-27T11:15:31.489+0000][21728][gc,phases    ] GC(45)   Other: 0.9ms
[2020-08-27T11:15:31.489+0000][21728][gc,heap      ] GC(45) Eden regions: 40->0(458)
[2020-08-27T11:15:31.489+0000][21728][gc,heap      ] GC(45) Survivor regions: 6->7(57)
[2020-08-27T11:15:31.489+0000][21728][gc,heap      ] GC(45) Old regions: 73->73
[2020-08-27T11:15:31.489+0000][21728][gc,heap      ] GC(45) Archive regions: 0->0
[2020-08-27T11:15:31.489+0000][21728][gc,heap      ] GC(45) Humongous regions: 242->174
[2020-08-27T11:15:31.489+0000][21728][gc,metaspace ] GC(45) Metaspace: 81923K(88832K)->81923K(88832K) NonClass: 71073K(75264K)->71073K(75264K) Class: 10849K(13568K)->10849K(13568K)
[2020-08-27T11:15:31.489+0000][21728][gc           ] GC(45) Pause Young (Concurrent Start) (G1 Humongous Allocation) 359M->252M(1024M) 5.399ms
[2020-08-27T11:15:31.489+0000][21728][gc,cpu       ] GC(45) User=0.11s Sys=0.00s Real=0.01s
[2020-08-27T11:15:31.489+0000][21728][gc           ] GC(46) Concurrent Cycle
[2020-08-27T11:15:31.489+0000][21728][safepoint    ] Safepoint "G1TryInitiateConcMark", Time since last: 172772600 ns, Reaching safepoint: 161800 ns, At safepoint: 5619300 ns, Total: 5781100 ns
[2020-08-27T11:15:31.489+0000][21728][gc,marking   ] GC(46) Concurrent Clear Claimed Marks
[2020-08-27T11:15:31.490+0000][21728][gc,marking   ] GC(46) Concurrent Clear Claimed Marks 0.556ms
[2020-08-27T11:15:31.490+0000][21728][gc,marking   ] GC(46) Concurrent Scan Root Regions
[2020-08-27T11:15:31.493+0000][21728][gc,marking   ] GC(46) Concurrent Scan Root Regions 3.177ms
[2020-08-27T11:15:31.493+0000][21728][gc,marking   ] GC(46) Concurrent Mark (49.449s)
[2020-08-27T11:15:31.493+0000][21728][gc,marking   ] GC(46) Concurrent Mark From Roots
[2020-08-27T11:15:31.493+0000][21728][gc,task      ] GC(46) Using 2 workers of 2 for marking
[2020-08-27T11:15:31.637+0000][21728][gc,marking   ] GC(46) Concurrent Mark From Roots 144.056ms
[2020-08-27T11:15:31.637+0000][21728][gc,marking   ] GC(46) Concurrent Preclean
[2020-08-27T11:15:31.637+0000][21728][gc,marking   ] GC(46) Concurrent Preclean 0.428ms
[2020-08-27T11:15:31.638+0000][21728][gc,marking   ] GC(46) Concurrent Mark (49.449s, 49.593s) 144.630ms
[2020-08-27T11:15:31.638+0000][21728][gc,start     ] GC(46) Pause Remark
[2020-08-27T11:15:31.642+0000][21728][gc           ] GC(46) Pause Remark 315M->315M(1024M) 4.085ms
[2020-08-27T11:15:31.642+0000][21728][gc,cpu       ] GC(46) User=0.00s Sys=0.00s Real=0.00s
[2020-08-27T11:15:31.642+0000][21728][safepoint    ] Safepoint "G1Concurrent", Time since last: 148677500 ns, Reaching safepoint: 159400 ns, At safepoint: 4290500 ns, Total: 4449900 ns
[2020-08-27T11:15:31.642+0000][21728][gc,marking   ] GC(46) Concurrent Rebuild Remembered Sets
[2020-08-27T11:15:31.717+0000][21728][gc,marking   ] GC(46) Concurrent Rebuild Remembered Sets 74.418ms
[2020-08-27T11:15:31.717+0000][21728][gc,start     ] GC(46) Pause Cleanup
[2020-08-27T11:15:31.717+0000][21728][gc           ] GC(46) Pause Cleanup 382M->382M(1024M) 0.323ms
[2020-08-27T11:15:31.717+0000][21728][gc,cpu       ] GC(46) User=0.00s Sys=0.00s Real=0.00s
[2020-08-27T11:15:31.717+0000][21728][safepoint    ] Safepoint "G1Concurrent", Time since last: 74611200 ns, Reaching safepoint: 205300 ns, At safepoint: 497300 ns, Total: 702600 ns
[2020-08-27T11:15:31.717+0000][21728][gc,marking   ] GC(46) Concurrent Cleanup for Next Mark
[2020-08-27T11:15:31.719+0000][21728][gc,marking   ] GC(46) Concurrent Cleanup for Next Mark 1.696ms
[2020-08-27T11:15:31.719+0000][21728][gc           ] GC(46) Concurrent Cycle 230.425ms
[2020-08-27T11:15:31.918+0000][21728][safepoint    ] Safepoint "BulkRevokeBias", Time since last: 198498900 ns, Reaching safepoint: 233500 ns, At safepoint: 2316200 ns, Total: 2549700 ns
[2020-08-27T11:15:31.922+0000][21728][safepoint    ] Safepoint "BulkRevokeBias", Time since last: 1010000 ns, Reaching safepoint: 167200 ns, At safepoint: 1932200 ns, Total: 2099400 ns
[2020-08-27T11:15:31.954+0000][21728][gc,start     ] GC(47) Pause Young (Concurrent Start) (G1 Humongous Allocation)
[2020-08-27T11:15:31.954+0000][21728][gc,task      ] GC(47) Using 8 workers of 8 for evacuation
[2020-08-27T11:15:31.954+0000][21728][gc,age       ] GC(47) Desired survivor size 30932992 bytes, new threshold 15 (max threshold 15)
[2020-08-27T11:15:31.958+0000][21728][gc,age       ] GC(47) Age table with threshold 15 (max threshold 15)
[2020-08-27T11:15:31.958+0000][21728][gc,age       ] GC(47) - age   1:    2594504 bytes,    2594504 total
[2020-08-27T11:15:31.958+0000][21728][gc,age       ] GC(47) - age   2:      29056 bytes,    2623560 total
[2020-08-27T11:15:31.958+0000][21728][gc,age       ] GC(47) - age   3:      25840 bytes,    2649400 total
[2020-08-27T11:15:31.958+0000][21728][gc,age       ] GC(47) - age   4:      29008 bytes,    2678408 total
[2020-08-27T11:15:31.958+0000][21728][gc,age       ] GC(47) - age   5:      11568 bytes,    2689976 total
[2020-08-27T11:15:31.958+0000][21728][gc,age       ] GC(47) - age   6:        440 bytes,    2690416 total
[2020-08-27T11:15:31.958+0000][21728][gc,age       ] GC(47) - age   7:      95520 bytes,    2785936 total
[2020-08-27T11:15:31.958+0000][21728][gc,age       ] GC(47) - age   8:    1429344 bytes,    4215280 total
[2020-08-27T11:15:31.958+0000][21728][gc,age       ] GC(47) - age   9:     809160 bytes,    5024440 total
[2020-08-27T11:15:31.958+0000][21728][gc,age       ] GC(47) - age  10:       3608 bytes,    5028048 total
[2020-08-27T11:15:31.958+0000][21728][gc,age       ] GC(47) - age  11:       3912 bytes,    5031960 total
[2020-08-27T11:15:31.958+0000][21728][gc,age       ] GC(47) - age  12:       2784 bytes,    5034744 total
[2020-08-27T11:15:31.958+0000][21728][gc,age       ] GC(47) - age  13:       1560 bytes,    5036304 total
[2020-08-27T11:15:31.958+0000][21728][gc,age       ] GC(47) - age  14:       4072 bytes,    5040376 total
[2020-08-27T11:15:31.958+0000][21728][gc,age       ] GC(47) - age  15:      12168 bytes,    5052544 total
[2020-08-27T11:15:31.958+0000][21728][gc,phases    ] GC(47)   Pre Evacuate Collection Set: 0.3ms
[2020-08-27T11:15:31.958+0000][21728][gc,phases    ] GC(47)   Merge Heap Roots: 0.1ms
[2020-08-27T11:15:31.958+0000][21728][gc,phases    ] GC(47)   Evacuate Collection Set: 2.2ms
[2020-08-27T11:15:31.958+0000][21728][gc,phases    ] GC(47)   Post Evacuate Collection Set: 0.8ms
[2020-08-27T11:15:31.958+0000][21728][gc,phases    ] GC(47)   Other: 0.7ms
[2020-08-27T11:15:31.959+0000][21728][gc,heap      ] GC(47) Eden regions: 47->0(468)
[2020-08-27T11:15:31.959+0000][21728][gc,heap      ] GC(47) Survivor regions: 7->6(59)
[2020-08-27T11:15:31.959+0000][21728][gc,heap      ] GC(47) Old regions: 73->73
[2020-08-27T11:15:31.959+0000][21728][gc,heap      ] GC(47) Archive regions: 0->0
[2020-08-27T11:15:31.959+0000][21728][gc,heap      ] GC(47) Humongous regions: 274->174
[2020-08-27T11:15:31.959+0000][21728][gc,metaspace ] GC(47) Metaspace: 81957K(88832K)->81957K(88832K) NonClass: 71107K(75264K)->71107K(75264K) Class: 10850K(13568K)->10850K(13568K)
[2020-08-27T11:15:31.959+0000][21728][gc           ] GC(47) Pause Young (Concurrent Start) (G1 Humongous Allocation) 399M->251M(1024M) 4.286ms
[2020-08-27T11:15:31.959+0000][21728][gc,cpu       ] GC(47) User=0.00s Sys=0.02s Real=0.01s
[2020-08-27T11:15:31.959+0000][21728][safepoint    ] Safepoint "G1TryInitiateConcMark", Time since last: 32671100 ns, Reaching safepoint: 149800 ns, At safepoint: 4428100 ns, Total: 4577900 ns
[2020-08-27T11:15:31.959+0000][21728][gc           ] GC(48) Concurrent Cycle
[2020-08-27T11:15:31.959+0000][21728][gc,marking   ] GC(48) Concurrent Clear Claimed Marks
[2020-08-27T11:15:31.959+0000][21728][gc,marking   ] GC(48) Concurrent Clear Claimed Marks 0.336ms
[2020-08-27T11:15:31.959+0000][21728][gc,marking   ] GC(48) Concurrent Scan Root Regions
[2020-08-27T11:15:31.961+0000][21728][gc,marking   ] GC(48) Concurrent Scan Root Regions 1.757ms
[2020-08-27T11:15:31.961+0000][21728][gc,marking   ] GC(48) Concurrent Mark (49.917s)
[2020-08-27T11:15:31.961+0000][21728][gc,marking   ] GC(48) Concurrent Mark From Roots
[2020-08-27T11:15:31.961+0000][21728][gc,task      ] GC(48) Using 2 workers of 2 for marking
[2020-08-27T11:15:32.071+0000][21728][gc,marking   ] GC(48) Concurrent Mark From Roots 110.039ms
[2020-08-27T11:15:32.071+0000][21728][gc,marking   ] GC(48) Concurrent Preclean
[2020-08-27T11:15:32.072+0000][21728][gc,marking   ] GC(48) Concurrent Preclean 0.343ms
[2020-08-27T11:15:32.072+0000][21728][gc,marking   ] GC(48) Concurrent Mark (49.917s, 50.027s) 110.514ms
[2020-08-27T11:15:32.072+0000][21728][gc,start     ] GC(48) Pause Remark
[2020-08-27T11:15:32.076+0000][21728][gc           ] GC(48) Pause Remark 310M->310M(1024M) 4.539ms
[2020-08-27T11:15:32.077+0000][21728][gc,cpu       ] GC(48) User=0.00s Sys=0.00s Real=0.00s
[2020-08-27T11:15:32.077+0000][21728][safepoint    ] Safepoint "G1Concurrent", Time since last: 112915400 ns, Reaching safepoint: 135900 ns, At safepoint: 4836800 ns, Total: 4972700 ns
[2020-08-27T11:15:32.077+0000][21728][gc,marking   ] GC(48) Concurrent Rebuild Remembered Sets
[2020-08-27T11:15:32.153+0000][21728][gc,marking   ] GC(48) Concurrent Rebuild Remembered Sets 76.376ms
[2020-08-27T11:15:32.153+0000][21728][gc,start     ] GC(48) Pause Cleanup
[2020-08-27T11:15:32.154+0000][21728][gc           ] GC(48) Pause Cleanup 373M->373M(1024M) 0.327ms
[2020-08-27T11:15:32.154+0000][21728][gc,cpu       ] GC(48) User=0.00s Sys=0.00s Real=0.00s
[2020-08-27T11:15:32.154+0000][21728][safepoint    ] Safepoint "G1Concurrent", Time since last: 76602800 ns, Reaching safepoint: 147700 ns, At safepoint: 494800 ns, Total: 642500 ns
[2020-08-27T11:15:32.154+0000][21728][gc,marking   ] GC(48) Concurrent Cleanup for Next Mark
[2020-08-27T11:15:32.156+0000][21728][gc,marking   ] GC(48) Concurrent Cleanup for Next Mark 1.722ms
[2020-08-27T11:15:32.156+0000][21728][gc           ] GC(48) Concurrent Cycle 197.085ms
[2020-08-27T11:15:32.482+0000][21728][gc,start     ] GC(49) Pause Young (Concurrent Start) (G1 Humongous Allocation)
[2020-08-27T11:15:32.482+0000][21728][gc,task      ] GC(49) Using 8 workers of 8 for evacuation
[2020-08-27T11:15:32.482+0000][21728][gc,age       ] GC(49) Desired survivor size 31457280 bytes, new threshold 15 (max threshold 15)
[2020-08-27T11:15:32.487+0000][21728][gc,age       ] GC(49) Age table with threshold 15 (max threshold 15)
[2020-08-27T11:15:32.487+0000][21728][gc,age       ] GC(49) - age   1:   13671576 bytes,   13671576 total
[2020-08-27T11:15:32.487+0000][21728][gc,age       ] GC(49) - age   2:      12984 bytes,   13684560 total
[2020-08-27T11:15:32.487+0000][21728][gc,age       ] GC(49) - age   3:      27080 bytes,   13711640 total
[2020-08-27T11:15:32.487+0000][21728][gc,age       ] GC(49) - age   4:      25640 bytes,   13737280 total
[2020-08-27T11:15:32.487+0000][21728][gc,age       ] GC(49) - age   5:      28520 bytes,   13765800 total
[2020-08-27T11:15:32.487+0000][21728][gc,age       ] GC(49) - age   6:      11408 bytes,   13777208 total
[2020-08-27T11:15:32.487+0000][21728][gc,age       ] GC(49) - age   7:        440 bytes,   13777648 total
[2020-08-27T11:15:32.487+0000][21728][gc,age       ] GC(49) - age   8:      95336 bytes,   13872984 total
[2020-08-27T11:15:32.487+0000][21728][gc,age       ] GC(49) - age   9:    1426952 bytes,   15299936 total
[2020-08-27T11:15:32.487+0000][21728][gc,age       ] GC(49) - age  10:     809064 bytes,   16109000 total
[2020-08-27T11:15:32.487+0000][21728][gc,age       ] GC(49) - age  11:       3416 bytes,   16112416 total
[2020-08-27T11:15:32.487+0000][21728][gc,age       ] GC(49) - age  12:       3912 bytes,   16116328 total
[2020-08-27T11:15:32.487+0000][21728][gc,age       ] GC(49) - age  13:       2784 bytes,   16119112 total
[2020-08-27T11:15:32.487+0000][21728][gc,age       ] GC(49) - age  14:       1496 bytes,   16120608 total
[2020-08-27T11:15:32.487+0000][21728][gc,age       ] GC(49) - age  15:       3920 bytes,   16124528 total
[2020-08-27T11:15:32.487+0000][21728][gc,phases    ] GC(49)   Pre Evacuate Collection Set: 0.3ms
[2020-08-27T11:15:32.487+0000][21728][gc,phases    ] GC(49)   Merge Heap Roots: 0.1ms
[2020-08-27T11:15:32.487+0000][21728][gc,phases    ] GC(49)   Evacuate Collection Set: 3.8ms
[2020-08-27T11:15:32.487+0000][21728][gc,phases    ] GC(49)   Post Evacuate Collection Set: 0.7ms
[2020-08-27T11:15:32.487+0000][21728][gc,phases    ] GC(49)   Other: 0.6ms
[2020-08-27T11:15:32.487+0000][21728][gc,heap      ] GC(49) Eden regions: 59->0(456)
[2020-08-27T11:15:32.488+0000][21728][gc,heap      ] GC(49) Survivor regions: 6->17(60)
[2020-08-27T11:15:32.488+0000][21728][gc,heap      ] GC(49) Old regions: 73->73
[2020-08-27T11:15:32.488+0000][21728][gc,heap      ] GC(49) Archive regions: 0->0
[2020-08-27T11:15:32.488+0000][21728][gc,heap      ] GC(49) Humongous regions: 270->174
[2020-08-27T11:15:32.488+0000][21728][gc,metaspace ] GC(49) Metaspace: 81998K(88832K)->81998K(88832K) NonClass: 71148K(75264K)->71148K(75264K) Class: 10850K(13568K)->10850K(13568K)
[2020-08-27T11:15:32.488+0000][21728][gc           ] GC(49) Pause Young (Concurrent Start) (G1 Humongous Allocation) 406M->262M(1024M) 5.854ms
[2020-08-27T11:15:32.488+0000][21728][gc,cpu       ] GC(49) User=0.13s Sys=0.00s Real=0.01s
[2020-08-27T11:15:32.488+0000][21728][gc           ] GC(50) Concurrent Cycle
[2020-08-27T11:15:32.488+0000][21728][safepoint    ] Safepoint "G1TryInitiateConcMark", Time since last: 327645200 ns, Reaching safepoint: 178500 ns, At safepoint: 6057600 ns, Total: 6236100 ns
[2020-08-27T11:15:32.488+0000][21728][gc,marking   ] GC(50) Concurrent Clear Claimed Marks
[2020-08-27T11:15:32.489+0000][21728][gc,marking   ] GC(50) Concurrent Clear Claimed Marks 0.905ms
[2020-08-27T11:15:32.489+0000][21728][gc,marking   ] GC(50) Concurrent Scan Root Regions
[2020-08-27T11:15:32.495+0000][21728][gc,marking   ] GC(50) Concurrent Scan Root Regions 6.192ms
[2020-08-27T11:15:32.495+0000][21728][gc,marking   ] GC(50) Concurrent Mark (50.451s)
[2020-08-27T11:15:32.495+0000][21728][gc,marking   ] GC(50) Concurrent Mark From Roots
[2020-08-27T11:15:32.495+0000][21728][gc,task      ] GC(50) Using 2 workers of 2 for marking
[2020-08-27T11:15:32.634+0000][21728][gc,marking   ] GC(50) Concurrent Mark From Roots 138.643ms
[2020-08-27T11:15:32.634+0000][21728][gc,marking   ] GC(50) Concurrent Preclean
[2020-08-27T11:15:32.634+0000][21728][gc,marking   ] GC(50) Concurrent Preclean 0.475ms
[2020-08-27T11:15:32.634+0000][21728][gc,marking   ] GC(50) Concurrent Mark (50.451s, 50.590s) 139.272ms
[2020-08-27T11:15:32.635+0000][21728][gc,start     ] GC(50) Pause Remark
[2020-08-27T11:15:32.638+0000][21728][gc           ] GC(50) Pause Remark 506M->506M(1024M) 3.714ms
[2020-08-27T11:15:32.639+0000][21728][gc,cpu       ] GC(50) User=0.00s Sys=0.00s Real=0.00s
[2020-08-27T11:15:32.639+0000][21728][safepoint    ] Safepoint "G1Concurrent", Time since last: 146740700 ns, Reaching safepoint: 171300 ns, At safepoint: 3977700 ns, Total: 4149000 ns
[2020-08-27T11:15:32.639+0000][21728][gc,marking   ] GC(50) Concurrent Rebuild Remembered Sets
[2020-08-27T11:15:32.724+0000][21728][gc,marking   ] GC(50) Concurrent Rebuild Remembered Sets 85.254ms
[2020-08-27T11:15:32.724+0000][21728][gc,start     ] GC(50) Pause Cleanup
[2020-08-27T11:15:32.725+0000][21728][gc           ] GC(50) Pause Cleanup 508M->508M(1024M) 0.379ms
[2020-08-27T11:15:32.725+0000][21728][gc,cpu       ] GC(50) User=0.00s Sys=0.00s Real=0.00s
[2020-08-27T11:15:32.725+0000][21728][safepoint    ] Safepoint "G1Concurrent", Time since last: 85425400 ns, Reaching safepoint: 222900 ns, At safepoint: 912200 ns, Total: 1135100 ns
[2020-08-27T11:15:32.725+0000][21728][gc,marking   ] GC(50) Concurrent Cleanup for Next Mark
[2020-08-27T11:15:32.727+0000][21728][gc,marking   ] GC(50) Concurrent Cleanup for Next Mark 1.719ms
[2020-08-27T11:15:32.727+0000][21728][gc           ] GC(50) Concurrent Cycle 239.383ms
[2020-08-27T11:15:32.823+0000][21728][gc,start     ] GC(51) Pause Young (Concurrent Start) (G1 Humongous Allocation)
[2020-08-27T11:15:32.823+0000][21728][gc,task      ] GC(51) Using 8 workers of 8 for evacuation
[2020-08-27T11:15:32.823+0000][21728][gc,age       ] GC(51) Desired survivor size 31457280 bytes, new threshold 15 (max threshold 15)
[2020-08-27T11:15:32.827+0000][21728][gc,age       ] GC(51) Age table with threshold 15 (max threshold 15)
[2020-08-27T11:15:32.827+0000][21728][gc,age       ] GC(51) - age   1:     466456 bytes,     466456 total
[2020-08-27T11:15:32.827+0000][21728][gc,age       ] GC(51) - age   2:    3207688 bytes,    3674144 total
[2020-08-27T11:15:32.828+0000][21728][gc,age       ] GC(51) - age   3:       7456 bytes,    3681600 total
[2020-08-27T11:15:32.828+0000][21728][gc,age       ] GC(51) - age   4:      27080 bytes,    3708680 total
[2020-08-27T11:15:32.828+0000][21728][gc,age       ] GC(51) - age   5:      25640 bytes,    3734320 total
[2020-08-27T11:15:32.828+0000][21728][gc,age       ] GC(51) - age   6:      28488 bytes,    3762808 total
[2020-08-27T11:15:32.828+0000][21728][gc,age       ] GC(51) - age   7:      11408 bytes,    3774216 total
[2020-08-27T11:15:32.828+0000][21728][gc,age       ] GC(51) - age   8:        440 bytes,    3774656 total
[2020-08-27T11:15:32.828+0000][21728][gc,age       ] GC(51) - age   9:      95336 bytes,    3869992 total
[2020-08-27T11:15:32.828+0000][21728][gc,age       ] GC(51) - age  10:    1426920 bytes,    5296912 total
[2020-08-27T11:15:32.828+0000][21728][gc,age       ] GC(51) - age  11:     809064 bytes,    6105976 total
[2020-08-27T11:15:32.828+0000][21728][gc,age       ] GC(51) - age  12:       3416 bytes,    6109392 total
[2020-08-27T11:15:32.828+0000][21728][gc,age       ] GC(51) - age  13:       3912 bytes,    6113304 total
[2020-08-27T11:15:32.828+0000][21728][gc,age       ] GC(51) - age  14:       2784 bytes,    6116088 total
[2020-08-27T11:15:32.828+0000][21728][gc,age       ] GC(51) - age  15:       1496 bytes,    6117584 total
[2020-08-27T11:15:32.828+0000][21728][gc,phases    ] GC(51)   Pre Evacuate Collection Set: 0.4ms
[2020-08-27T11:15:32.828+0000][21728][gc,phases    ] GC(51)   Merge Heap Roots: 0.1ms
[2020-08-27T11:15:32.828+0000][21728][gc,phases    ] GC(51)   Evacuate Collection Set: 2.3ms
[2020-08-27T11:15:32.828+0000][21728][gc,phases    ] GC(51)   Post Evacuate Collection Set: 0.9ms
[2020-08-27T11:15:32.828+0000][21728][gc,phases    ] GC(51)   Other: 0.9ms
[2020-08-27T11:15:32.828+0000][21728][gc,heap      ] GC(51) Eden regions: 51->0(474)
[2020-08-27T11:15:32.828+0000][21728][gc,heap      ] GC(51) Survivor regions: 17->7(60)
[2020-08-27T11:15:32.828+0000][21728][gc,heap      ] GC(51) Old regions: 73->73
[2020-08-27T11:15:32.828+0000][21728][gc,heap      ] GC(51) Archive regions: 0->0
[2020-08-27T11:15:32.828+0000][21728][gc,heap      ] GC(51) Humongous regions: 378->174
[2020-08-27T11:15:32.828+0000][21728][gc,metaspace ] GC(51) Metaspace: 82005K(88832K)->82005K(88832K) NonClass: 71155K(75264K)->71155K(75264K) Class: 10850K(13568K)->10850K(13568K)
[2020-08-27T11:15:32.828+0000][21728][gc           ] GC(51) Pause Young (Concurrent Start) (G1 Humongous Allocation) 517M->253M(1024M) 5.130ms
[2020-08-27T11:15:32.829+0000][21728][gc,cpu       ] GC(51) User=0.00s Sys=0.00s Real=0.01s
[2020-08-27T11:15:32.829+0000][21728][gc           ] GC(52) Concurrent Cycle
[2020-08-27T11:15:32.829+0000][21728][safepoint    ] Safepoint "G1TryInitiateConcMark", Time since last: 97864500 ns, Reaching safepoint: 141100 ns, At safepoint: 5359400 ns, Total: 5500500 ns
[2020-08-27T11:15:32.829+0000][21728][gc,marking   ] GC(52) Concurrent Clear Claimed Marks
[2020-08-27T11:15:32.829+0000][21728][gc,marking   ] GC(52) Concurrent Clear Claimed Marks 0.724ms
[2020-08-27T11:15:32.829+0000][21728][gc,marking   ] GC(52) Concurrent Scan Root Regions
[2020-08-27T11:15:32.832+0000][21728][gc,marking   ] GC(52) Concurrent Scan Root Regions 2.282ms
[2020-08-27T11:15:32.832+0000][21728][gc,marking   ] GC(52) Concurrent Mark (50.787s)
[2020-08-27T11:15:32.832+0000][21728][gc,marking   ] GC(52) Concurrent Mark From Roots
[2020-08-27T11:15:32.832+0000][21728][gc,task      ] GC(52) Using 2 workers of 2 for marking
[2020-08-27T11:15:32.994+0000][21728][gc,marking   ] GC(52) Concurrent Mark From Roots 161.788ms
[2020-08-27T11:15:32.994+0000][21728][gc,marking   ] GC(52) Concurrent Preclean
[2020-08-27T11:15:32.994+0000][21728][gc,marking   ] GC(52) Concurrent Preclean 0.601ms
[2020-08-27T11:15:32.994+0000][21728][gc,marking   ] GC(52) Concurrent Mark (50.787s, 50.950s) 162.589ms
[2020-08-27T11:15:32.995+0000][21728][gc,start     ] GC(52) Pause Remark
[2020-08-27T11:15:32.999+0000][21728][gc           ] GC(52) Pause Remark 328M->328M(1024M) 4.380ms
[2020-08-27T11:15:32.999+0000][21728][gc,cpu       ] GC(52) User=0.00s Sys=0.00s Real=0.00s
[2020-08-27T11:15:32.999+0000][21728][safepoint    ] Safepoint "G1Concurrent", Time since last: 165844100 ns, Reaching safepoint: 268800 ns, At safepoint: 4631200 ns, Total: 4900000 ns
[2020-08-27T11:15:32.999+0000][21728][gc,marking   ] GC(52) Concurrent Rebuild Remembered Sets
[2020-08-27T11:15:33.091+0000][21728][gc,marking   ] GC(52) Concurrent Rebuild Remembered Sets 91.570ms
[2020-08-27T11:15:33.091+0000][21728][gc,start     ] GC(52) Pause Cleanup
[2020-08-27T11:15:33.092+0000][21728][gc           ] GC(52) Pause Cleanup 329M->329M(1024M) 0.399ms
[2020-08-27T11:15:33.092+0000][21728][gc,cpu       ] GC(52) User=0.00s Sys=0.00s Real=0.00s
[2020-08-27T11:15:33.092+0000][21728][safepoint    ] Safepoint "G1Concurrent", Time since last: 91860700 ns, Reaching safepoint: 196900 ns, At safepoint: 571300 ns, Total: 768200 ns
[2020-08-27T11:15:33.092+0000][21728][gc,marking   ] GC(52) Concurrent Cleanup for Next Mark
[2020-08-27T11:15:33.094+0000][21728][gc,marking   ] GC(52) Concurrent Cleanup for Next Mark 1.915ms
[2020-08-27T11:15:33.094+0000][21728][gc           ] GC(52) Concurrent Cycle 265.532ms
[2020-08-27T11:15:33.185+0000][21728][gc,start     ] GC(53) Pause Young (Concurrent Start) (G1 Humongous Allocation)
[2020-08-27T11:15:33.185+0000][21728][gc,task      ] GC(53) Using 8 workers of 8 for evacuation
[2020-08-27T11:15:33.185+0000][21728][gc,age       ] GC(53) Desired survivor size 31981568 bytes, new threshold 15 (max threshold 15)
[2020-08-27T11:15:33.189+0000][21728][gc,age       ] GC(53) Age table with threshold 15 (max threshold 15)
[2020-08-27T11:15:33.189+0000][21728][gc,age       ] GC(53) - age   1:    3261248 bytes,    3261248 total
[2020-08-27T11:15:33.189+0000][21728][gc,age       ] GC(53) - age   2:     403552 bytes,    3664800 total
[2020-08-27T11:15:33.189+0000][21728][gc,age       ] GC(53) - age   3:      43808 bytes,    3708608 total
[2020-08-27T11:15:33.189+0000][21728][gc,age       ] GC(53) - age   4:       2280 bytes,    3710888 total
[2020-08-27T11:15:33.189+0000][21728][gc,age       ] GC(53) - age   5:      27048 bytes,    3737936 total
[2020-08-27T11:15:33.189+0000][21728][gc,age       ] GC(53) - age   6:      25640 bytes,    3763576 total
[2020-08-27T11:15:33.189+0000][21728][gc,age       ] GC(53) - age   7:      28232 bytes,    3791808 total
[2020-08-27T11:15:33.189+0000][21728][gc,age       ] GC(53) - age   8:      11312 bytes,    3803120 total
[2020-08-27T11:15:33.189+0000][21728][gc,age       ] GC(53) - age   9:        440 bytes,    3803560 total
[2020-08-27T11:15:33.189+0000][21728][gc,age       ] GC(53) - age  10:      95336 bytes,    3898896 total
[2020-08-27T11:15:33.189+0000][21728][gc,age       ] GC(53) - age  11:    1426888 bytes,    5325784 total
[2020-08-27T11:15:33.189+0000][21728][gc,age       ] GC(53) - age  12:     808584 bytes,    6134368 total
[2020-08-27T11:15:33.189+0000][21728][gc,age       ] GC(53) - age  13:       3384 bytes,    6137752 total
[2020-08-27T11:15:33.189+0000][21728][gc,age       ] GC(53) - age  14:       3912 bytes,    6141664 total
[2020-08-27T11:15:33.189+0000][21728][gc,age       ] GC(53) - age  15:       2784 bytes,    6144448 total
[2020-08-27T11:15:33.190+0000][21728][gc,phases    ] GC(53)   Pre Evacuate Collection Set: 0.4ms
[2020-08-27T11:15:33.190+0000][21728][gc,phases    ] GC(53)   Merge Heap Roots: 0.1ms
[2020-08-27T11:15:33.190+0000][21728][gc,phases    ] GC(53)   Evacuate Collection Set: 2.6ms
[2020-08-27T11:15:33.190+0000][21728][gc,phases    ] GC(53)   Post Evacuate Collection Set: 0.8ms
[2020-08-27T11:15:33.190+0000][21728][gc,phases    ] GC(53)   Other: 0.9ms
[2020-08-27T11:15:33.190+0000][21728][gc,heap      ] GC(53) Eden regions: 38->0(480)
[2020-08-27T11:15:33.190+0000][21728][gc,heap      ] GC(53) Survivor regions: 7->7(61)
[2020-08-27T11:15:33.190+0000][21728][gc,heap      ] GC(53) Old regions: 73->73
[2020-08-27T11:15:33.190+0000][21728][gc,heap      ] GC(53) Archive regions: 0->0
[2020-08-27T11:15:33.190+0000][21728][gc,heap      ] GC(53) Humongous regions: 234->174
[2020-08-27T11:15:33.190+0000][21728][gc,metaspace ] GC(53) Metaspace: 82128K(88832K)->82128K(88832K) NonClass: 71268K(75264K)->71268K(75264K) Class: 10859K(13568K)->10859K(13568K)
[2020-08-27T11:15:33.190+0000][21728][gc           ] GC(53) Pause Young (Concurrent Start) (G1 Humongous Allocation) 350M->253M(1024M) 5.158ms
[2020-08-27T11:15:33.190+0000][21728][gc,cpu       ] GC(53) User=0.05s Sys=0.00s Real=0.01s
[2020-08-27T11:15:33.190+0000][21728][gc           ] GC(54) Concurrent Cycle
[2020-08-27T11:15:33.190+0000][21728][gc,marking   ] GC(54) Concurrent Clear Claimed Marks
[2020-08-27T11:15:33.191+0000][21728][gc,marking   ] GC(54) Concurrent Clear Claimed Marks 0.368ms
[2020-08-27T11:15:33.191+0000][21728][gc,marking   ] GC(54) Concurrent Scan Root Regions
[2020-08-27T11:15:33.191+0000][21728][safepoint    ] Safepoint "G1TryInitiateConcMark", Time since last: 92846200 ns, Reaching safepoint: 169000 ns, At safepoint: 5845000 ns, Total: 6014000 ns
[2020-08-27T11:15:33.194+0000][21728][gc,marking   ] GC(54) Concurrent Scan Root Regions 2.916ms
[2020-08-27T11:15:33.194+0000][21728][gc,marking   ] GC(54) Concurrent Mark (51.149s)
[2020-08-27T11:15:33.194+0000][21728][gc,marking   ] GC(54) Concurrent Mark From Roots
[2020-08-27T11:15:33.194+0000][21728][gc,task      ] GC(54) Using 2 workers of 2 for marking
[2020-08-27T11:15:33.317+0000][21728][gc,marking   ] GC(54) Concurrent Mark From Roots 123.022ms
[2020-08-27T11:15:33.317+0000][21728][gc,marking   ] GC(54) Concurrent Preclean
[2020-08-27T11:15:33.317+0000][21728][gc,marking   ] GC(54) Concurrent Preclean 0.460ms
[2020-08-27T11:15:33.317+0000][21728][gc,marking   ] GC(54) Concurrent Mark (51.149s, 51.273s) 123.639ms
[2020-08-27T11:15:33.317+0000][21728][gc,start     ] GC(54) Pause Remark
[2020-08-27T11:15:33.321+0000][21728][gc           ] GC(54) Pause Remark 309M->309M(1024M) 3.937ms
[2020-08-27T11:15:33.322+0000][21728][gc,cpu       ] GC(54) User=0.00s Sys=0.00s Real=0.01s
[2020-08-27T11:15:33.322+0000][21728][safepoint    ] Safepoint "G1Concurrent", Time since last: 126751900 ns, Reaching safepoint: 142600 ns, At safepoint: 4220800 ns, Total: 4363400 ns
[2020-08-27T11:15:33.322+0000][21728][gc,marking   ] GC(54) Concurrent Rebuild Remembered Sets
[2020-08-27T11:15:33.404+0000][21728][gc,marking   ] GC(54) Concurrent Rebuild Remembered Sets 82.575ms
[2020-08-27T11:15:33.405+0000][21728][gc,start     ] GC(54) Pause Cleanup
[2020-08-27T11:15:33.405+0000][21728][gc           ] GC(54) Pause Cleanup 380M->380M(1024M) 0.296ms
[2020-08-27T11:15:33.405+0000][21728][gc,cpu       ] GC(54) User=0.00s Sys=0.00s Real=0.00s
[2020-08-27T11:15:33.405+0000][21728][safepoint    ] Safepoint "G1Concurrent", Time since last: 82754700 ns, Reaching safepoint: 167900 ns, At safepoint: 453900 ns, Total: 621800 ns
[2020-08-27T11:15:33.405+0000][21728][gc,marking   ] GC(54) Concurrent Cleanup for Next Mark
[2020-08-27T11:15:33.407+0000][21728][gc,marking   ] GC(54) Concurrent Cleanup for Next Mark 1.521ms
[2020-08-27T11:15:33.407+0000][21728][gc           ] GC(54) Concurrent Cycle 216.714ms
[2020-08-27T11:15:33.537+0000][21728][gc,start     ] GC(55) Pause Young (Concurrent Start) (G1 Humongous Allocation)
[2020-08-27T11:15:33.537+0000][21728][gc,task      ] GC(55) Using 8 workers of 8 for evacuation
[2020-08-27T11:15:33.537+0000][21728][gc,age       ] GC(55) Desired survivor size 31981568 bytes, new threshold 15 (max threshold 15)
[2020-08-27T11:15:33.542+0000][21728][gc,age       ] GC(55) Age table with threshold 15 (max threshold 15)
[2020-08-27T11:15:33.542+0000][21728][gc,age       ] GC(55) - age   1:    3309840 bytes,    3309840 total
[2020-08-27T11:15:33.542+0000][21728][gc,age       ] GC(55) - age   2:     414224 bytes,    3724064 total
[2020-08-27T11:15:33.542+0000][21728][gc,age       ] GC(55) - age   3:     203728 bytes,    3927792 total
[2020-08-27T11:15:33.542+0000][21728][gc,age       ] GC(55) - age   4:      39632 bytes,    3967424 total
[2020-08-27T11:15:33.542+0000][21728][gc,age       ] GC(55) - age   5:       2120 bytes,    3969544 total
[2020-08-27T11:15:33.542+0000][21728][gc,age       ] GC(55) - age   6:      26824 bytes,    3996368 total
[2020-08-27T11:15:33.542+0000][21728][gc,age       ] GC(55) - age   7:      25640 bytes,    4022008 total
[2020-08-27T11:15:33.542+0000][21728][gc,age       ] GC(55) - age   8:      28136 bytes,    4050144 total
[2020-08-27T11:15:33.542+0000][21728][gc,age       ] GC(55) - age   9:      11312 bytes,    4061456 total
[2020-08-27T11:15:33.542+0000][21728][gc,age       ] GC(55) - age  10:        440 bytes,    4061896 total
[2020-08-27T11:15:33.542+0000][21728][gc,age       ] GC(55) - age  11:      95336 bytes,    4157232 total
[2020-08-27T11:15:33.543+0000][21728][gc,age       ] GC(55) - age  12:    1426568 bytes,    5583800 total
[2020-08-27T11:15:33.543+0000][21728][gc,age       ] GC(55) - age  13:     808552 bytes,    6392352 total
[2020-08-27T11:15:33.543+0000][21728][gc,age       ] GC(55) - age  14:       3384 bytes,    6395736 total
[2020-08-27T11:15:33.543+0000][21728][gc,age       ] GC(55) - age  15:       3912 bytes,    6399648 total
[2020-08-27T11:15:33.543+0000][21728][gc,phases    ] GC(55)   Pre Evacuate Collection Set: 0.3ms
[2020-08-27T11:15:33.543+0000][21728][gc,phases    ] GC(55)   Merge Heap Roots: 0.1ms
[2020-08-27T11:15:33.543+0000][21728][gc,phases    ] GC(55)   Evacuate Collection Set: 3.8ms
[2020-08-27T11:15:33.543+0000][21728][gc,phases    ] GC(55)   Post Evacuate Collection Set: 0.8ms
[2020-08-27T11:15:33.543+0000][21728][gc,phases    ] GC(55)   Other: 0.9ms
[2020-08-27T11:15:33.543+0000][21728][gc,heap      ] GC(55) Eden regions: 43->0(485)
[2020-08-27T11:15:33.543+0000][21728][gc,heap      ] GC(55) Survivor regions: 7->7(61)
[2020-08-27T11:15:33.543+0000][21728][gc,heap      ] GC(55) Old regions: 73->73
[2020-08-27T11:15:33.543+0000][21728][gc,heap      ] GC(55) Archive regions: 0->0
[2020-08-27T11:15:33.543+0000][21728][gc,heap      ] GC(55) Humongous regions: 270->174
[2020-08-27T11:15:33.543+0000][21728][gc,metaspace ] GC(55) Metaspace: 82166K(89088K)->82166K(89088K) NonClass: 71307K(75520K)->71307K(75520K) Class: 10859K(13568K)->10859K(13568K)
[2020-08-27T11:15:33.543+0000][21728][gc           ] GC(55) Pause Young (Concurrent Start) (G1 Humongous Allocation) 391M->253M(1024M) 6.264ms
[2020-08-27T11:15:33.543+0000][21728][gc,cpu       ] GC(55) User=0.00s Sys=0.00s Real=0.01s
[2020-08-27T11:15:33.543+0000][21728][safepoint    ] Safepoint "G1TryInitiateConcMark", Time since last: 131630100 ns, Reaching safepoint: 163500 ns, At safepoint: 6405300 ns, Total: 6568800 ns
[2020-08-27T11:15:33.543+0000][21728][gc           ] GC(56) Concurrent Cycle
[2020-08-27T11:15:33.543+0000][21728][gc,marking   ] GC(56) Concurrent Clear Claimed Marks
[2020-08-27T11:15:33.544+0000][21728][gc,marking   ] GC(56) Concurrent Clear Claimed Marks 0.349ms
[2020-08-27T11:15:33.544+0000][21728][gc,marking   ] GC(56) Concurrent Scan Root Regions
[2020-08-27T11:15:33.546+0000][21728][gc,marking   ] GC(56) Concurrent Scan Root Regions 2.799ms
[2020-08-27T11:15:33.547+0000][21728][gc,marking   ] GC(56) Concurrent Mark (51.503s)
[2020-08-27T11:15:33.547+0000][21728][gc,marking   ] GC(56) Concurrent Mark From Roots
[2020-08-27T11:15:33.547+0000][21728][gc,task      ] GC(56) Using 2 workers of 2 for marking
[2020-08-27T11:15:33.642+0000][21728][gc,marking   ] GC(56) Concurrent Mark From Roots 94.908ms
[2020-08-27T11:15:33.642+0000][21728][gc,marking   ] GC(56) Concurrent Preclean
[2020-08-27T11:15:33.642+0000][21728][gc,marking   ] GC(56) Concurrent Preclean 0.454ms
[2020-08-27T11:15:33.642+0000][21728][gc,marking   ] GC(56) Concurrent Mark (51.503s, 51.598s) 95.554ms
[2020-08-27T11:15:33.642+0000][21728][gc,start     ] GC(56) Pause Remark
[2020-08-27T11:15:33.646+0000][21728][gc           ] GC(56) Pause Remark 315M->315M(1024M) 3.395ms
[2020-08-27T11:15:33.646+0000][21728][gc,cpu       ] GC(56) User=0.00s Sys=0.00s Real=0.00s
[2020-08-27T11:15:33.646+0000][21728][safepoint    ] Safepoint "G1Concurrent", Time since last: 99114200 ns, Reaching safepoint: 143600 ns, At safepoint: 3579300 ns, Total: 3722900 ns
[2020-08-27T11:15:33.646+0000][21728][gc,marking   ] GC(56) Concurrent Rebuild Remembered Sets
[2020-08-27T11:15:33.708+0000][21728][gc,marking   ] GC(56) Concurrent Rebuild Remembered Sets 62.239ms
[2020-08-27T11:15:33.709+0000][21728][gc,start     ] GC(56) Pause Cleanup
[2020-08-27T11:15:33.709+0000][21728][gc           ] GC(56) Pause Cleanup 380M->380M(1024M) 0.258ms
[2020-08-27T11:15:33.709+0000][21728][gc,cpu       ] GC(56) User=0.00s Sys=0.00s Real=0.00s
[2020-08-27T11:15:33.709+0000][21728][safepoint    ] Safepoint "G1Concurrent", Time since last: 62413100 ns, Reaching safepoint: 202700 ns, At safepoint: 424100 ns, Total: 626800 ns
[2020-08-27T11:15:33.709+0000][21728][gc,marking   ] GC(56) Concurrent Cleanup for Next Mark
[2020-08-27T11:15:33.711+0000][21728][gc,marking   ] GC(56) Concurrent Cleanup for Next Mark 1.846ms
[2020-08-27T11:15:33.711+0000][21728][gc           ] GC(56) Concurrent Cycle 167.835ms
[2020-08-27T11:15:33.854+0000][21728][gc,start     ] GC(57) Pause Young (Concurrent Start) (G1 Humongous Allocation)
[2020-08-27T11:15:33.854+0000][21728][gc,task      ] GC(57) Using 8 workers of 8 for evacuation
[2020-08-27T11:15:33.854+0000][21728][gc,age       ] GC(57) Desired survivor size 32505856 bytes, new threshold 15 (max threshold 15)
[2020-08-27T11:15:33.859+0000][21728][gc,age       ] GC(57) Age table with threshold 15 (max threshold 15)
[2020-08-27T11:15:33.859+0000][21728][gc,age       ] GC(57) - age   1:    3185824 bytes,    3185824 total
[2020-08-27T11:15:33.859+0000][21728][gc,age       ] GC(57) - age   2:     407664 bytes,    3593488 total
[2020-08-27T11:15:33.859+0000][21728][gc,age       ] GC(57) - age   3:     217848 bytes,    3811336 total
[2020-08-27T11:15:33.859+0000][21728][gc,age       ] GC(57) - age   4:       2408 bytes,    3813744 total
[2020-08-27T11:15:33.859+0000][21728][gc,age       ] GC(57) - age   5:      37792 bytes,    3851536 total
[2020-08-27T11:15:33.859+0000][21728][gc,age       ] GC(57) - age   6:       1960 bytes,    3853496 total
[2020-08-27T11:15:33.859+0000][21728][gc,age       ] GC(57) - age   7:      26728 bytes,    3880224 total
[2020-08-27T11:15:33.859+0000][21728][gc,age       ] GC(57) - age   8:      25576 bytes,    3905800 total
[2020-08-27T11:15:33.859+0000][21728][gc,age       ] GC(57) - age   9:      27912 bytes,    3933712 total
[2020-08-27T11:15:33.859+0000][21728][gc,age       ] GC(57) - age  10:      11312 bytes,    3945024 total
[2020-08-27T11:15:33.859+0000][21728][gc,age       ] GC(57) - age  11:        440 bytes,    3945464 total
[2020-08-27T11:15:33.859+0000][21728][gc,age       ] GC(57) - age  12:      95336 bytes,    4040800 total
[2020-08-27T11:15:33.859+0000][21728][gc,age       ] GC(57) - age  13:    1426536 bytes,    5467336 total
[2020-08-27T11:15:33.859+0000][21728][gc,age       ] GC(57) - age  14:     808520 bytes,    6275856 total
[2020-08-27T11:15:33.859+0000][21728][gc,age       ] GC(57) - age  15:       3384 bytes,    6279240 total
[2020-08-27T11:15:33.859+0000][21728][gc,phases    ] GC(57)   Pre Evacuate Collection Set: 0.4ms
[2020-08-27T11:15:33.859+0000][21728][gc,phases    ] GC(57)   Merge Heap Roots: 0.2ms
[2020-08-27T11:15:33.859+0000][21728][gc,phases    ] GC(57)   Evacuate Collection Set: 3.2ms
[2020-08-27T11:15:33.859+0000][21728][gc,phases    ] GC(57)   Post Evacuate Collection Set: 0.7ms
[2020-08-27T11:15:33.859+0000][21728][gc,phases    ] GC(57)   Other: 0.8ms
[2020-08-27T11:15:33.860+0000][21728][gc,heap      ] GC(57) Eden regions: 41->0(489)
[2020-08-27T11:15:33.860+0000][21728][gc,heap      ] GC(57) Survivor regions: 7->7(62)
[2020-08-27T11:15:33.860+0000][21728][gc,heap      ] GC(57) Old regions: 73->73
[2020-08-27T11:15:33.860+0000][21728][gc,heap      ] GC(57) Archive regions: 0->0
[2020-08-27T11:15:33.860+0000][21728][gc,heap      ] GC(57) Humongous regions: 278->174
[2020-08-27T11:15:33.860+0000][21728][gc,metaspace ] GC(57) Metaspace: 82178K(89088K)->82178K(89088K) NonClass: 71319K(75520K)->71319K(75520K) Class: 10859K(13568K)->10859K(13568K)
[2020-08-27T11:15:33.860+0000][21728][gc           ] GC(57) Pause Young (Concurrent Start) (G1 Humongous Allocation) 397M->252M(1024M) 5.681ms
[2020-08-27T11:15:33.860+0000][21728][gc,cpu       ] GC(57) User=0.00s Sys=0.00s Real=0.01s
[2020-08-27T11:15:33.860+0000][21728][safepoint    ] Safepoint "G1TryInitiateConcMark", Time since last: 144793600 ns, Reaching safepoint: 138800 ns, At safepoint: 5844700 ns, Total: 5983500 ns
[2020-08-27T11:15:33.860+0000][21728][gc           ] GC(58) Concurrent Cycle
[2020-08-27T11:15:33.860+0000][21728][gc,marking   ] GC(58) Concurrent Clear Claimed Marks
[2020-08-27T11:15:33.860+0000][21728][gc,marking   ] GC(58) Concurrent Clear Claimed Marks 0.326ms
[2020-08-27T11:15:33.860+0000][21728][gc,marking   ] GC(58) Concurrent Scan Root Regions
[2020-08-27T11:15:33.864+0000][21728][gc,marking   ] GC(58) Concurrent Scan Root Regions 3.765ms
[2020-08-27T11:15:33.864+0000][21728][gc,marking   ] GC(58) Concurrent Mark (51.820s)
[2020-08-27T11:15:33.864+0000][21728][gc,marking   ] GC(58) Concurrent Mark From Roots
[2020-08-27T11:15:33.864+0000][21728][gc,task      ] GC(58) Using 2 workers of 2 for marking
[2020-08-27T11:15:34.000+0000][21728][gc,marking   ] GC(58) Concurrent Mark From Roots 135.919ms
[2020-08-27T11:15:34.000+0000][21728][gc,marking   ] GC(58) Concurrent Preclean
[2020-08-27T11:15:34.001+0000][21728][gc,marking   ] GC(58) Concurrent Preclean 0.504ms
[2020-08-27T11:15:34.001+0000][21728][gc,marking   ] GC(58) Concurrent Mark (51.820s, 51.957s) 136.592ms
[2020-08-27T11:15:34.001+0000][21728][gc,start     ] GC(58) Pause Remark
[2020-08-27T11:15:34.005+0000][21728][gc           ] GC(58) Pause Remark 314M->314M(1024M) 3.662ms
[2020-08-27T11:15:34.005+0000][21728][gc,cpu       ] GC(58) User=0.00s Sys=0.00s Real=0.00s
[2020-08-27T11:15:34.005+0000][21728][safepoint    ] Safepoint "G1Concurrent", Time since last: 141017900 ns, Reaching safepoint: 122900 ns, At safepoint: 3866600 ns, Total: 3989500 ns
[2020-08-27T11:15:34.005+0000][21728][gc,marking   ] GC(58) Concurrent Rebuild Remembered Sets
[2020-08-27T11:15:34.088+0000][21728][gc,marking   ] GC(58) Concurrent Rebuild Remembered Sets 83.053ms
[2020-08-27T11:15:34.088+0000][21728][gc,start     ] GC(58) Pause Cleanup
[2020-08-27T11:15:34.089+0000][21728][gc           ] GC(58) Pause Cleanup 375M->375M(1024M) 0.381ms
[2020-08-27T11:15:34.089+0000][21728][gc,cpu       ] GC(58) User=0.00s Sys=0.00s Real=0.00s
[2020-08-27T11:15:34.093+0000][21728][safepoint    ] Safepoint "G1Concurrent", Time since last: 83330800 ns, Reaching safepoint: 289100 ns, At safepoint: 4121700 ns, Total: 4410800 ns
[2020-08-27T11:15:34.093+0000][21728][gc,marking   ] GC(58) Concurrent Cleanup for Next Mark
[2020-08-27T11:15:34.095+0000][21728][gc,marking   ] GC(58) Concurrent Cleanup for Next Mark 1.925ms
[2020-08-27T11:15:34.095+0000][21728][gc           ] GC(58) Concurrent Cycle 235.047ms
[2020-08-27T11:15:34.096+0000][21728][gc,start     ] GC(59) Pause Young (Concurrent Start) (G1 Humongous Allocation)
[2020-08-27T11:15:34.096+0000][21728][gc,task      ] GC(59) Using 8 workers of 8 for evacuation
[2020-08-27T11:15:34.096+0000][21728][gc,age       ] GC(59) Desired survivor size 32505856 bytes, new threshold 15 (max threshold 15)
[2020-08-27T11:15:34.100+0000][21728][gc,age       ] GC(59) Age table with threshold 15 (max threshold 15)
[2020-08-27T11:15:34.100+0000][21728][gc,age       ] GC(59) - age   1:    4307424 bytes,    4307424 total
[2020-08-27T11:15:34.100+0000][21728][gc,age       ] GC(59) - age   2:       3448 bytes,    4310872 total
[2020-08-27T11:15:34.100+0000][21728][gc,age       ] GC(59) - age   3:       2992 bytes,    4313864 total
[2020-08-27T11:15:34.100+0000][21728][gc,age       ] GC(59) - age   4:      19704 bytes,    4333568 total
[2020-08-27T11:15:34.100+0000][21728][gc,age       ] GC(59) - age   5:        808 bytes,    4334376 total
[2020-08-27T11:15:34.101+0000][21728][gc,age       ] GC(59) - age   6:      36296 bytes,    4370672 total
[2020-08-27T11:15:34.101+0000][21728][gc,age       ] GC(59) - age   7:       1776 bytes,    4372448 total
[2020-08-27T11:15:34.101+0000][21728][gc,age       ] GC(59) - age   8:      26728 bytes,    4399176 total
[2020-08-27T11:15:34.101+0000][21728][gc,age       ] GC(59) - age   9:      25576 bytes,    4424752 total
[2020-08-27T11:15:34.101+0000][21728][gc,age       ] GC(59) - age  10:      27880 bytes,    4452632 total
[2020-08-27T11:15:34.101+0000][21728][gc,age       ] GC(59) - age  11:      11312 bytes,    4463944 total
[2020-08-27T11:15:34.101+0000][21728][gc,age       ] GC(59) - age  12:        440 bytes,    4464384 total
[2020-08-27T11:15:34.101+0000][21728][gc,age       ] GC(59) - age  13:      95336 bytes,    4559720 total
[2020-08-27T11:15:34.101+0000][21728][gc,age       ] GC(59) - age  14:    1426536 bytes,    5986256 total
[2020-08-27T11:15:34.101+0000][21728][gc,age       ] GC(59) - age  15:     808520 bytes,    6794776 total
[2020-08-27T11:15:34.101+0000][21728][gc,phases    ] GC(59)   Pre Evacuate Collection Set: 0.4ms
[2020-08-27T11:15:34.101+0000][21728][gc,phases    ] GC(59)   Merge Heap Roots: 0.1ms
[2020-08-27T11:15:34.101+0000][21728][gc,phases    ] GC(59)   Evacuate Collection Set: 2.7ms
[2020-08-27T11:15:34.101+0000][21728][gc,phases    ] GC(59)   Post Evacuate Collection Set: 0.9ms
[2020-08-27T11:15:34.101+0000][21728][gc,phases    ] GC(59)   Other: 1.2ms
[2020-08-27T11:15:34.101+0000][21728][gc,heap      ] GC(59) Eden regions: 35->0(490)
[2020-08-27T11:15:34.101+0000][21728][gc,heap      ] GC(59) Survivor regions: 7->7(62)
[2020-08-27T11:15:34.101+0000][21728][gc,heap      ] GC(59) Old regions: 73->73
[2020-08-27T11:15:34.101+0000][21728][gc,heap      ] GC(59) Archive regions: 0->0
[2020-08-27T11:15:34.101+0000][21728][gc,heap      ] GC(59) Humongous regions: 264->174
[2020-08-27T11:15:34.101+0000][21728][gc,metaspace ] GC(59) Metaspace: 82204K(89088K)->82204K(89088K) NonClass: 71345K(75520K)->71345K(75520K) Class: 10859K(13568K)->10859K(13568K)
[2020-08-27T11:15:34.101+0000][21728][gc           ] GC(59) Pause Young (Concurrent Start) (G1 Humongous Allocation) 376M->253M(1024M) 5.761ms
[2020-08-27T11:15:34.102+0000][21728][gc,cpu       ] GC(59) User=0.00s Sys=0.00s Real=0.01s
[2020-08-27T11:15:34.102+0000][21728][gc           ] GC(60) Concurrent Cycle
[2020-08-27T11:15:34.102+0000][21728][gc,marking   ] GC(60) Concurrent Clear Claimed Marks
[2020-08-27T11:15:34.102+0000][21728][safepoint    ] Safepoint "G1TryInitiateConcMark", Time since last: 2905700 ns, Reaching safepoint: 184500 ns, At safepoint: 6345100 ns, Total: 6529600 ns
[2020-08-27T11:15:34.102+0000][21728][gc,marking   ] GC(60) Concurrent Clear Claimed Marks 0.368ms
[2020-08-27T11:15:34.102+0000][21728][gc,marking   ] GC(60) Concurrent Scan Root Regions
[2020-08-27T11:15:34.105+0000][21728][gc,marking   ] GC(60) Concurrent Scan Root Regions 3.220ms
[2020-08-27T11:15:34.105+0000][21728][gc,marking   ] GC(60) Concurrent Mark (52.061s)
[2020-08-27T11:15:34.105+0000][21728][gc,marking   ] GC(60) Concurrent Mark From Roots
[2020-08-27T11:15:34.106+0000][21728][gc,task      ] GC(60) Using 2 workers of 2 for marking
[2020-08-27T11:15:34.267+0000][21728][gc,marking   ] GC(60) Concurrent Mark From Roots 161.565ms
[2020-08-27T11:15:34.267+0000][21728][gc,marking   ] GC(60) Concurrent Preclean
[2020-08-27T11:15:34.267+0000][21728][gc,marking   ] GC(60) Concurrent Preclean 0.625ms
[2020-08-27T11:15:34.268+0000][21728][gc,marking   ] GC(60) Concurrent Mark (52.061s, 52.224s) 162.416ms
[2020-08-27T11:15:34.268+0000][21728][gc,start     ] GC(60) Pause Remark
[2020-08-27T11:15:34.272+0000][21728][gc           ] GC(60) Pause Remark 466M->466M(1024M) 4.068ms
[2020-08-27T11:15:34.272+0000][21728][gc,cpu       ] GC(60) User=0.00s Sys=0.00s Real=0.00s
[2020-08-27T11:15:34.274+0000][21728][safepoint    ] Safepoint "G1Concurrent", Time since last: 165926500 ns, Reaching safepoint: 506100 ns, At safepoint: 6173900 ns, Total: 6680000 ns
[2020-08-27T11:15:34.274+0000][21728][gc,marking   ] GC(60) Concurrent Rebuild Remembered Sets
[2020-08-27T11:15:34.370+0000][21728][gc,marking   ] GC(60) Concurrent Rebuild Remembered Sets 95.296ms
[2020-08-27T11:15:34.370+0000][21728][gc,start     ] GC(60) Pause Cleanup
[2020-08-27T11:15:34.371+0000][21728][gc           ] GC(60) Pause Cleanup 468M->468M(1024M) 0.365ms
[2020-08-27T11:15:34.371+0000][21728][gc,cpu       ] GC(60) User=0.00s Sys=0.00s Real=0.00s
[2020-08-27T11:15:34.371+0000][21728][safepoint    ] Safepoint "G1Concurrent", Time since last: 95516700 ns, Reaching safepoint: 277700 ns, At safepoint: 645200 ns, Total: 922900 ns
[2020-08-27T11:15:34.371+0000][21728][gc,marking   ] GC(60) Concurrent Cleanup for Next Mark
[2020-08-27T11:15:34.373+0000][21728][gc,marking   ] GC(60) Concurrent Cleanup for Next Mark 1.942ms
[2020-08-27T11:15:34.373+0000][21728][gc           ] GC(60) Concurrent Cycle 271.561ms
[2020-08-27T11:15:34.395+0000][21728][gc,start     ] GC(61) Pause Young (Concurrent Start) (G1 Humongous Allocation)
[2020-08-27T11:15:34.395+0000][21728][gc,task      ] GC(61) Using 8 workers of 8 for evacuation
[2020-08-27T11:15:34.395+0000][21728][gc,age       ] GC(61) Desired survivor size 33030144 bytes, new threshold 15 (max threshold 15)
[2020-08-27T11:15:34.400+0000][21728][gc,age       ] GC(61) Age table with threshold 15 (max threshold 15)
[2020-08-27T11:15:34.400+0000][21728][gc,age       ] GC(61) - age   1:    3714904 bytes,    3714904 total
[2020-08-27T11:15:34.400+0000][21728][gc,age       ] GC(61) - age   2:     630352 bytes,    4345256 total
[2020-08-27T11:15:34.400+0000][21728][gc,age       ] GC(61) - age   3:       2600 bytes,    4347856 total
[2020-08-27T11:15:34.400+0000][21728][gc,age       ] GC(61) - age   4:       2824 bytes,    4350680 total
[2020-08-27T11:15:34.400+0000][21728][gc,age       ] GC(61) - age   5:      19432 bytes,    4370112 total
[2020-08-27T11:15:34.400+0000][21728][gc,age       ] GC(61) - age   6:        712 bytes,    4370824 total
[2020-08-27T11:15:34.400+0000][21728][gc,age       ] GC(61) - age   7:      36296 bytes,    4407120 total
[2020-08-27T11:15:34.400+0000][21728][gc,age       ] GC(61) - age   8:       1776 bytes,    4408896 total
[2020-08-27T11:15:34.400+0000][21728][gc,age       ] GC(61) - age   9:      26728 bytes,    4435624 total
[2020-08-27T11:15:34.400+0000][21728][gc,age       ] GC(61) - age  10:      25576 bytes,    4461200 total
[2020-08-27T11:15:34.401+0000][21728][gc,age       ] GC(61) - age  11:      27856 bytes,    4489056 total
[2020-08-27T11:15:34.401+0000][21728][gc,age       ] GC(61) - age  12:      11312 bytes,    4500368 total
[2020-08-27T11:15:34.401+0000][21728][gc,age       ] GC(61) - age  13:        440 bytes,    4500808 total
[2020-08-27T11:15:34.401+0000][21728][gc,age       ] GC(61) - age  14:      95336 bytes,    4596144 total
[2020-08-27T11:15:34.401+0000][21728][gc,age       ] GC(61) - age  15:    1426536 bytes,    6022680 total
[2020-08-27T11:15:34.401+0000][21728][gc,phases    ] GC(61)   Pre Evacuate Collection Set: 0.5ms
[2020-08-27T11:15:34.401+0000][21728][gc,phases    ] GC(61)   Merge Heap Roots: 0.2ms
[2020-08-27T11:15:34.401+0000][21728][gc,phases    ] GC(61)   Evacuate Collection Set: 3.5ms
[2020-08-27T11:15:34.401+0000][21728][gc,phases    ] GC(61)   Post Evacuate Collection Set: 0.9ms
[2020-08-27T11:15:34.401+0000][21728][gc,phases    ] GC(61)   Other: 1.2ms
[2020-08-27T11:15:34.401+0000][21728][gc,heap      ] GC(61) Eden regions: 57->0(490)
[2020-08-27T11:15:34.401+0000][21728][gc,heap      ] GC(61) Survivor regions: 7->7(63)
[2020-08-27T11:15:34.401+0000][21728][gc,heap      ] GC(61) Old regions: 73->74
[2020-08-27T11:15:34.401+0000][21728][gc,heap      ] GC(61) Archive regions: 0->0
[2020-08-27T11:15:34.401+0000][21728][gc,heap      ] GC(61) Humongous regions: 336->174
[2020-08-27T11:15:34.401+0000][21728][gc,metaspace ] GC(61) Metaspace: 82212K(89088K)->82212K(89088K) NonClass: 71352K(75520K)->71352K(75520K) Class: 10859K(13568K)->10859K(13568K)
[2020-08-27T11:15:34.401+0000][21728][gc           ] GC(61) Pause Young (Concurrent Start) (G1 Humongous Allocation) 472M->253M(1024M) 6.676ms
[2020-08-27T11:15:34.401+0000][21728][gc,cpu       ] GC(61) User=0.00s Sys=0.00s Real=0.01s
[2020-08-27T11:15:34.401+0000][21728][gc           ] GC(62) Concurrent Cycle
[2020-08-27T11:15:34.402+0000][21728][gc,marking   ] GC(62) Concurrent Clear Claimed Marks
[2020-08-27T11:15:34.402+0000][21728][safepoint    ] Safepoint "G1TryInitiateConcMark", Time since last: 23602400 ns, Reaching safepoint: 242500 ns, At safepoint: 7101800 ns, Total: 7344300 ns
[2020-08-27T11:15:34.402+0000][21728][gc,marking   ] GC(62) Concurrent Clear Claimed Marks 0.327ms
[2020-08-27T11:15:34.402+0000][21728][gc,marking   ] GC(62) Concurrent Scan Root Regions
[2020-08-27T11:15:34.406+0000][21728][gc,marking   ] GC(62) Concurrent Scan Root Regions 3.662ms
[2020-08-27T11:15:34.406+0000][21728][gc,marking   ] GC(62) Concurrent Mark (52.362s)
[2020-08-27T11:15:34.406+0000][21728][gc,marking   ] GC(62) Concurrent Mark From Roots
[2020-08-27T11:15:34.406+0000][21728][gc,task      ] GC(62) Using 2 workers of 2 for marking
[2020-08-27T11:15:34.545+0000][21728][gc,marking   ] GC(62) Concurrent Mark From Roots 139.098ms
[2020-08-27T11:15:34.545+0000][21728][gc,marking   ] GC(62) Concurrent Preclean
[2020-08-27T11:15:34.546+0000][21728][gc,marking   ] GC(62) Concurrent Preclean 0.460ms
[2020-08-27T11:15:34.546+0000][21728][gc,marking   ] GC(62) Concurrent Mark (52.362s, 52.502s) 139.722ms
[2020-08-27T11:15:34.546+0000][21728][gc,start     ] GC(62) Pause Remark
[2020-08-27T11:15:34.550+0000][21728][gc           ] GC(62) Pause Remark 326M->326M(1024M) 4.242ms
[2020-08-27T11:15:34.551+0000][21728][gc,cpu       ] GC(62) User=0.11s Sys=0.00s Real=0.01s
[2020-08-27T11:15:34.551+0000][21728][safepoint    ] Safepoint "G1Concurrent", Time since last: 143871300 ns, Reaching safepoint: 141700 ns, At safepoint: 4514900 ns, Total: 4656600 ns
[2020-08-27T11:15:34.551+0000][21728][gc,marking   ] GC(62) Concurrent Rebuild Remembered Sets
[2020-08-27T11:15:34.629+0000][21728][gc,marking   ] GC(62) Concurrent Rebuild Remembered Sets 78.411ms
[2020-08-27T11:15:34.629+0000][21728][gc,start     ] GC(62) Pause Cleanup
[2020-08-27T11:15:34.629+0000][21728][gc           ] GC(62) Pause Cleanup 335M->335M(1024M) 0.288ms
[2020-08-27T11:15:34.629+0000][21728][gc,cpu       ] GC(62) User=0.00s Sys=0.00s Real=0.00s
[2020-08-27T11:15:34.629+0000][21728][safepoint    ] Safepoint "G1Concurrent", Time since last: 78594800 ns, Reaching safepoint: 154500 ns, At safepoint: 453700 ns, Total: 608200 ns
[2020-08-27T11:15:34.629+0000][21728][gc,marking   ] GC(62) Concurrent Cleanup for Next Mark
[2020-08-27T11:15:34.631+0000][21728][gc,marking   ] GC(62) Concurrent Cleanup for Next Mark 1.688ms
[2020-08-27T11:15:34.631+0000][21728][gc           ] GC(62) Concurrent Cycle 229.828ms
[2020-08-27T11:15:34.637+0000][21728][gc,start     ] GC(63) Pause Young (Concurrent Start) (G1 Humongous Allocation)
[2020-08-27T11:15:34.637+0000][21728][gc,task      ] GC(63) Using 8 workers of 8 for evacuation
[2020-08-27T11:15:34.637+0000][21728][gc,age       ] GC(63) Desired survivor size 33030144 bytes, new threshold 15 (max threshold 15)
[2020-08-27T11:15:34.642+0000][21728][gc,age       ] GC(63) Age table with threshold 15 (max threshold 15)
[2020-08-27T11:15:34.642+0000][21728][gc,age       ] GC(63) - age   1:    3705904 bytes,    3705904 total
[2020-08-27T11:15:34.642+0000][21728][gc,age       ] GC(63) - age   2:      11888 bytes,    3717792 total
[2020-08-27T11:15:34.642+0000][21728][gc,age       ] GC(63) - age   3:       6024 bytes,    3723816 total
[2020-08-27T11:15:34.642+0000][21728][gc,age       ] GC(63) - age   4:       2568 bytes,    3726384 total
[2020-08-27T11:15:34.642+0000][21728][gc,age       ] GC(63) - age   5:       1744 bytes,    3728128 total
[2020-08-27T11:15:34.642+0000][21728][gc,age       ] GC(63) - age   6:      19208 bytes,    3747336 total
[2020-08-27T11:15:34.642+0000][21728][gc,age       ] GC(63) - age   7:        584 bytes,    3747920 total
[2020-08-27T11:15:34.642+0000][21728][gc,age       ] GC(63) - age   8:      36296 bytes,    3784216 total
[2020-08-27T11:15:34.642+0000][21728][gc,age       ] GC(63) - age   9:       1776 bytes,    3785992 total
[2020-08-27T11:15:34.642+0000][21728][gc,age       ] GC(63) - age  10:      26536 bytes,    3812528 total
[2020-08-27T11:15:34.642+0000][21728][gc,age       ] GC(63) - age  11:      25544 bytes,    3838072 total
[2020-08-27T11:15:34.642+0000][21728][gc,age       ] GC(63) - age  12:      27824 bytes,    3865896 total
[2020-08-27T11:15:34.642+0000][21728][gc,age       ] GC(63) - age  13:      11312 bytes,    3877208 total
[2020-08-27T11:15:34.642+0000][21728][gc,age       ] GC(63) - age  14:        440 bytes,    3877648 total
[2020-08-27T11:15:34.642+0000][21728][gc,age       ] GC(63) - age  15:      95336 bytes,    3972984 total
[2020-08-27T11:15:34.642+0000][21728][gc,phases    ] GC(63)   Pre Evacuate Collection Set: 0.4ms
[2020-08-27T11:15:34.642+0000][21728][gc,phases    ] GC(63)   Merge Heap Roots: 0.1ms
[2020-08-27T11:15:34.642+0000][21728][gc,phases    ] GC(63)   Evacuate Collection Set: 3.0ms
[2020-08-27T11:15:34.642+0000][21728][gc,phases    ] GC(63)   Post Evacuate Collection Set: 0.7ms
[2020-08-27T11:15:34.642+0000][21728][gc,phases    ] GC(63)   Other: 0.9ms
[2020-08-27T11:15:34.642+0000][21728][gc,heap      ] GC(63) Eden regions: 34->0(493)
[2020-08-27T11:15:34.642+0000][21728][gc,heap      ] GC(63) Survivor regions: 7->5(63)
[2020-08-27T11:15:34.642+0000][21728][gc,heap      ] GC(63) Old regions: 74->75
[2020-08-27T11:15:34.642+0000][21728][gc,heap      ] GC(63) Archive regions: 0->0
[2020-08-27T11:15:34.642+0000][21728][gc,heap      ] GC(63) Humongous regions: 233->174
[2020-08-27T11:15:34.642+0000][21728][gc,metaspace ] GC(63) Metaspace: 82236K(89088K)->82236K(89088K) NonClass: 71377K(75520K)->71377K(75520K) Class: 10859K(13568K)->10859K(13568K)
[2020-08-27T11:15:34.642+0000][21728][gc           ] GC(63) Pause Young (Concurrent Start) (G1 Humongous Allocation) 346M->253M(1024M) 5.512ms
[2020-08-27T11:15:34.643+0000][21728][gc,cpu       ] GC(63) User=0.09s Sys=0.00s Real=0.01s
[2020-08-27T11:15:34.643+0000][21728][gc           ] GC(64) Concurrent Cycle
[2020-08-27T11:15:34.643+0000][21728][safepoint    ] Safepoint "G1TryInitiateConcMark", Time since last: 7389800 ns, Reaching safepoint: 181600 ns, At safepoint: 5755600 ns, Total: 5937200 ns
[2020-08-27T11:15:34.643+0000][21728][gc,marking   ] GC(64) Concurrent Clear Claimed Marks
[2020-08-27T11:15:34.643+0000][21728][gc,marking   ] GC(64) Concurrent Clear Claimed Marks 0.465ms
[2020-08-27T11:15:34.643+0000][21728][gc,marking   ] GC(64) Concurrent Scan Root Regions
[2020-08-27T11:15:34.646+0000][21728][gc,marking   ] GC(64) Concurrent Scan Root Regions 3.075ms
[2020-08-27T11:15:34.646+0000][21728][gc,marking   ] GC(64) Concurrent Mark (52.603s)
[2020-08-27T11:15:34.646+0000][21728][gc,marking   ] GC(64) Concurrent Mark From Roots
[2020-08-27T11:15:34.647+0000][21728][gc,task      ] GC(64) Using 2 workers of 2 for marking
[2020-08-27T11:15:34.774+0000][21728][gc,marking   ] GC(64) Concurrent Mark From Roots 127.632ms
[2020-08-27T11:15:34.774+0000][21728][gc,marking   ] GC(64) Concurrent Preclean
[2020-08-27T11:15:34.775+0000][21728][gc,marking   ] GC(64) Concurrent Preclean 0.474ms
[2020-08-27T11:15:34.775+0000][21728][gc,marking   ] GC(64) Concurrent Mark (52.603s, 52.731s) 128.280ms
[2020-08-27T11:15:34.775+0000][21728][gc,start     ] GC(64) Pause Remark
[2020-08-27T11:15:34.784+0000][21728][gc           ] GC(64) Pause Remark 308M->308M(1024M) 8.743ms
[2020-08-27T11:15:34.784+0000][21728][gc,cpu       ] GC(64) User=0.13s Sys=0.00s Real=0.01s
[2020-08-27T11:15:34.784+0000][21728][safepoint    ] Safepoint "G1Concurrent", Time since last: 132139900 ns, Reaching safepoint: 159000 ns, At safepoint: 8999900 ns, Total: 9158900 ns
[2020-08-27T11:15:34.784+0000][21728][gc,marking   ] GC(64) Concurrent Rebuild Remembered Sets
[2020-08-27T11:15:34.838+0000][21728][safepoint    ] Safepoint "ICBufferFull", Time since last: 52694300 ns, Reaching safepoint: 963500 ns, At safepoint: 26600 ns, Total: 990100 ns
[2020-08-27T11:15:34.865+0000][21728][gc,marking   ] GC(64) Concurrent Rebuild Remembered Sets 80.923ms
[2020-08-27T11:15:34.865+0000][21728][gc,start     ] GC(64) Pause Cleanup
[2020-08-27T11:15:34.866+0000][21728][gc           ] GC(64) Pause Cleanup 378M->378M(1024M) 0.276ms
[2020-08-27T11:15:34.866+0000][21728][gc,cpu       ] GC(64) User=0.00s Sys=0.00s Real=0.00s
[2020-08-27T11:15:34.866+0000][21728][safepoint    ] Safepoint "G1Concurrent", Time since last: 27399800 ns, Reaching safepoint: 232600 ns, At safepoint: 421300 ns, Total: 653900 ns
[2020-08-27T11:15:34.866+0000][21728][gc,marking   ] GC(64) Concurrent Cleanup for Next Mark
[2020-08-27T11:15:34.867+0000][21728][gc,marking   ] GC(64) Concurrent Cleanup for Next Mark 1.448ms
[2020-08-27T11:15:34.867+0000][21728][gc           ] GC(64) Concurrent Cycle 224.638ms
[2020-08-27T11:15:35.005+0000][21728][gc,start     ] GC(65) Pause Young (Concurrent Start) (G1 Humongous Allocation)
[2020-08-27T11:15:35.005+0000][21728][gc,task      ] GC(65) Using 8 workers of 8 for evacuation
[2020-08-27T11:15:35.005+0000][21728][gc,age       ] GC(65) Desired survivor size 33030144 bytes, new threshold 15 (max threshold 15)
[2020-08-27T11:15:35.009+0000][21728][gc,age       ] GC(65) Age table with threshold 15 (max threshold 15)
[2020-08-27T11:15:35.009+0000][21728][gc,age       ] GC(65) - age   1:    3309888 bytes,    3309888 total
[2020-08-27T11:15:35.009+0000][21728][gc,age       ] GC(65) - age   2:     594400 bytes,    3904288 total
[2020-08-27T11:15:35.009+0000][21728][gc,age       ] GC(65) - age   3:       8936 bytes,    3913224 total
[2020-08-27T11:15:35.009+0000][21728][gc,age       ] GC(65) - age   4:       3824 bytes,    3917048 total
[2020-08-27T11:15:35.009+0000][21728][gc,age       ] GC(65) - age   5:       1992 bytes,    3919040 total
[2020-08-27T11:15:35.009+0000][21728][gc,age       ] GC(65) - age   6:       1584 bytes,    3920624 total
[2020-08-27T11:15:35.009+0000][21728][gc,age       ] GC(65) - age   7:      19176 bytes,    3939800 total
[2020-08-27T11:15:35.009+0000][21728][gc,age       ] GC(65) - age   8:        584 bytes,    3940384 total
[2020-08-27T11:15:35.009+0000][21728][gc,age       ] GC(65) - age   9:      36136 bytes,    3976520 total
[2020-08-27T11:15:35.009+0000][21728][gc,age       ] GC(65) - age  10:       1584 bytes,    3978104 total
[2020-08-27T11:15:35.009+0000][21728][gc,age       ] GC(65) - age  11:      26504 bytes,    4004608 total
[2020-08-27T11:15:35.009+0000][21728][gc,age       ] GC(65) - age  12:      25544 bytes,    4030152 total
[2020-08-27T11:15:35.009+0000][21728][gc,age       ] GC(65) - age  13:      27824 bytes,    4057976 total
[2020-08-27T11:15:35.009+0000][21728][gc,age       ] GC(65) - age  14:      11312 bytes,    4069288 total
[2020-08-27T11:15:35.009+0000][21728][gc,age       ] GC(65) - age  15:        408 bytes,    4069696 total
[2020-08-27T11:15:35.009+0000][21728][gc,phases    ] GC(65)   Pre Evacuate Collection Set: 0.5ms
[2020-08-27T11:15:35.010+0000][21728][gc,phases    ] GC(65)   Merge Heap Roots: 0.1ms
[2020-08-27T11:15:35.010+0000][21728][gc,phases    ] GC(65)   Evacuate Collection Set: 2.1ms
[2020-08-27T11:15:35.010+0000][21728][gc,phases    ] GC(65)   Post Evacuate Collection Set: 0.9ms
[2020-08-27T11:15:35.010+0000][21728][gc,phases    ] GC(65)   Other: 0.9ms
[2020-08-27T11:15:35.010+0000][21728][gc,heap      ] GC(65) Eden regions: 43->0(495)
[2020-08-27T11:15:35.010+0000][21728][gc,heap      ] GC(65) Survivor regions: 5->5(63)
[2020-08-27T11:15:35.010+0000][21728][gc,heap      ] GC(65) Old regions: 75->75
[2020-08-27T11:15:35.010+0000][21728][gc,heap      ] GC(65) Archive regions: 0->0
[2020-08-27T11:15:35.010+0000][21728][gc,heap      ] GC(65) Humongous regions: 271->174
[2020-08-27T11:15:35.010+0000][21728][gc,metaspace ] GC(65) Metaspace: 82239K(89088K)->82239K(89088K) NonClass: 71382K(75520K)->71382K(75520K) Class: 10856K(13568K)->10856K(13568K)
[2020-08-27T11:15:35.010+0000][21728][gc           ] GC(65) Pause Young (Concurrent Start) (G1 Humongous Allocation) 393M->253M(1024M) 4.869ms
[2020-08-27T11:15:35.010+0000][21728][gc,cpu       ] GC(65) User=0.00s Sys=0.00s Real=0.00s
[2020-08-27T11:15:35.010+0000][21728][gc           ] GC(66) Concurrent Cycle
[2020-08-27T11:15:35.010+0000][21728][safepoint    ] Safepoint "G1TryInitiateConcMark", Time since last: 139082700 ns, Reaching safepoint: 177200 ns, At safepoint: 5050600 ns, Total: 5227800 ns
[2020-08-27T11:15:35.010+0000][21728][gc,marking   ] GC(66) Concurrent Clear Claimed Marks
[2020-08-27T11:15:35.010+0000][21728][gc,marking   ] GC(66) Concurrent Clear Claimed Marks 0.405ms
[2020-08-27T11:15:35.011+0000][21728][gc,marking   ] GC(66) Concurrent Scan Root Regions
[2020-08-27T11:15:35.013+0000][21728][gc,marking   ] GC(66) Concurrent Scan Root Regions 2.530ms
[2020-08-27T11:15:35.013+0000][21728][gc,marking   ] GC(66) Concurrent Mark (52.970s)
[2020-08-27T11:15:35.013+0000][21728][gc,marking   ] GC(66) Concurrent Mark From Roots
[2020-08-27T11:15:35.013+0000][21728][gc,task      ] GC(66) Using 2 workers of 2 for marking
[2020-08-27T11:15:35.142+0000][21728][gc,marking   ] GC(66) Concurrent Mark From Roots 129.251ms
[2020-08-27T11:15:35.143+0000][21728][gc,marking   ] GC(66) Concurrent Preclean
[2020-08-27T11:15:35.143+0000][21728][gc,marking   ] GC(66) Concurrent Preclean 0.324ms
[2020-08-27T11:15:35.143+0000][21728][gc,marking   ] GC(66) Concurrent Mark (52.970s, 53.099s) 129.732ms
[2020-08-27T11:15:35.143+0000][21728][gc,start     ] GC(66) Pause Remark
[2020-08-27T11:15:35.147+0000][21728][gc           ] GC(66) Pause Remark 315M->315M(1024M) 3.479ms
[2020-08-27T11:15:35.147+0000][21728][gc,cpu       ] GC(66) User=0.00s Sys=0.00s Real=0.00s
[2020-08-27T11:15:35.147+0000][21728][safepoint    ] Safepoint "G1Concurrent", Time since last: 132969400 ns, Reaching safepoint: 117100 ns, At safepoint: 3677400 ns, Total: 3794500 ns
[2020-08-27T11:15:35.147+0000][21728][gc,marking   ] GC(66) Concurrent Rebuild Remembered Sets
[2020-08-27T11:15:35.221+0000][21728][gc,marking   ] GC(66) Concurrent Rebuild Remembered Sets 74.458ms
[2020-08-27T11:15:35.222+0000][21728][gc,start     ] GC(66) Pause Cleanup
[2020-08-27T11:15:35.222+0000][21728][gc           ] GC(66) Pause Cleanup 388M->388M(1024M) 0.268ms
[2020-08-27T11:15:35.222+0000][21728][gc,cpu       ] GC(66) User=0.00s Sys=0.00s Real=0.00s
[2020-08-27T11:15:35.222+0000][21728][safepoint    ] Safepoint "G1Concurrent", Time since last: 74598900 ns, Reaching safepoint: 142300 ns, At safepoint: 424500 ns, Total: 566800 ns
[2020-08-27T11:15:35.222+0000][21728][gc,marking   ] GC(66) Concurrent Cleanup for Next Mark
[2020-08-27T11:15:35.224+0000][21728][gc,marking   ] GC(66) Concurrent Cleanup for Next Mark 1.775ms
[2020-08-27T11:15:35.224+0000][21728][gc           ] GC(66) Concurrent Cycle 213.908ms
[2020-08-27T11:15:35.355+0000][21728][gc,start     ] GC(67) Pause Young (Concurrent Start) (G1 Humongous Allocation)
[2020-08-27T11:15:35.355+0000][21728][gc,task      ] GC(67) Using 8 workers of 8 for evacuation
[2020-08-27T11:15:35.355+0000][21728][gc,age       ] GC(67) Desired survivor size 33030144 bytes, new threshold 15 (max threshold 15)
[2020-08-27T11:15:35.359+0000][21728][gc,age       ] GC(67) Age table with threshold 15 (max threshold 15)
[2020-08-27T11:15:35.359+0000][21728][gc,age       ] GC(67) - age   1:    3185480 bytes,    3185480 total
[2020-08-27T11:15:35.359+0000][21728][gc,age       ] GC(67) - age   2:     407608 bytes,    3593088 total
[2020-08-27T11:15:35.359+0000][21728][gc,age       ] GC(67) - age   3:     202480 bytes,    3795568 total
[2020-08-27T11:15:35.359+0000][21728][gc,age       ] GC(67) - age   4:       2328 bytes,    3797896 total
[2020-08-27T11:15:35.359+0000][21728][gc,age       ] GC(67) - age   5:       2696 bytes,    3800592 total
[2020-08-27T11:15:35.359+0000][21728][gc,age       ] GC(67) - age   6:       1864 bytes,    3802456 total
[2020-08-27T11:15:35.359+0000][21728][gc,age       ] GC(67) - age   7:       1552 bytes,    3804008 total
[2020-08-27T11:15:35.359+0000][21728][gc,age       ] GC(67) - age   8:      19112 bytes,    3823120 total
[2020-08-27T11:15:35.359+0000][21728][gc,age       ] GC(67) - age   9:        520 bytes,    3823640 total
[2020-08-27T11:15:35.359+0000][21728][gc,age       ] GC(67) - age  10:      36104 bytes,    3859744 total
[2020-08-27T11:15:35.359+0000][21728][gc,age       ] GC(67) - age  11:       1584 bytes,    3861328 total
[2020-08-27T11:15:35.359+0000][21728][gc,age       ] GC(67) - age  12:      26440 bytes,    3887768 total
[2020-08-27T11:15:35.359+0000][21728][gc,age       ] GC(67) - age  13:      25416 bytes,    3913184 total
[2020-08-27T11:15:35.359+0000][21728][gc,age       ] GC(67) - age  14:      27824 bytes,    3941008 total
[2020-08-27T11:15:35.359+0000][21728][gc,age       ] GC(67) - age  15:      11312 bytes,    3952320 total
[2020-08-27T11:15:35.359+0000][21728][gc,phases    ] GC(67)   Pre Evacuate Collection Set: 0.5ms
[2020-08-27T11:15:35.359+0000][21728][gc,phases    ] GC(67)   Merge Heap Roots: 0.1ms
[2020-08-27T11:15:35.359+0000][21728][gc,phases    ] GC(67)   Evacuate Collection Set: 2.5ms
[2020-08-27T11:15:35.360+0000][21728][gc,phases    ] GC(67)   Post Evacuate Collection Set: 0.7ms
[2020-08-27T11:15:35.360+0000][21728][gc,phases    ] GC(67)   Other: 0.7ms
[2020-08-27T11:15:35.360+0000][21728][gc,heap      ] GC(67) Eden regions: 42->0(497)
[2020-08-27T11:15:35.360+0000][21728][gc,heap      ] GC(67) Survivor regions: 5->5(63)
[2020-08-27T11:15:35.360+0000][21728][gc,heap      ] GC(67) Old regions: 75->75
[2020-08-27T11:15:35.360+0000][21728][gc,heap      ] GC(67) Archive regions: 0->0
[2020-08-27T11:15:35.360+0000][21728][gc,heap      ] GC(67) Humongous regions: 278->174
[2020-08-27T11:15:35.360+0000][21728][gc,metaspace ] GC(67) Metaspace: 82254K(89088K)->82254K(89088K) NonClass: 71398K(75520K)->71398K(75520K) Class: 10856K(13568K)->10856K(13568K)
[2020-08-27T11:15:35.360+0000][21728][gc           ] GC(67) Pause Young (Concurrent Start) (G1 Humongous Allocation) 399M->252M(1024M) 4.747ms
[2020-08-27T11:15:35.360+0000][21728][gc,cpu       ] GC(67) User=0.03s Sys=0.00s Real=0.00s
[2020-08-27T11:15:35.360+0000][21728][safepoint    ] Safepoint "G1TryInitiateConcMark", Time since last: 132856500 ns, Reaching safepoint: 145100 ns, At safepoint: 4929400 ns, Total: 5074500 ns
[2020-08-27T11:15:35.360+0000][21728][gc           ] GC(68) Concurrent Cycle
[2020-08-27T11:15:35.360+0000][21728][gc,marking   ] GC(68) Concurrent Clear Claimed Marks
[2020-08-27T11:15:35.360+0000][21728][gc,marking   ] GC(68) Concurrent Clear Claimed Marks 0.371ms
[2020-08-27T11:15:35.360+0000][21728][gc,marking   ] GC(68) Concurrent Scan Root Regions
[2020-08-27T11:15:35.363+0000][21728][gc,marking   ] GC(68) Concurrent Scan Root Regions 2.593ms
[2020-08-27T11:15:35.363+0000][21728][gc,marking   ] GC(68) Concurrent Mark (53.319s)
[2020-08-27T11:15:35.363+0000][21728][gc,marking   ] GC(68) Concurrent Mark From Roots
[2020-08-27T11:15:35.363+0000][21728][gc,task      ] GC(68) Using 2 workers of 2 for marking
[2020-08-27T11:15:35.494+0000][21728][gc,marking   ] GC(68) Concurrent Mark From Roots 130.428ms
[2020-08-27T11:15:35.494+0000][21728][gc,marking   ] GC(68) Concurrent Preclean
[2020-08-27T11:15:35.494+0000][21728][gc,marking   ] GC(68) Concurrent Preclean 0.421ms
[2020-08-27T11:15:35.494+0000][21728][gc,marking   ] GC(68) Concurrent Mark (53.319s, 53.450s) 130.994ms
[2020-08-27T11:15:35.494+0000][21728][gc,start     ] GC(68) Pause Remark
[2020-08-27T11:15:35.498+0000][21728][gc           ] GC(68) Pause Remark 312M->312M(1024M) 3.834ms
[2020-08-27T11:15:35.498+0000][21728][gc,cpu       ] GC(68) User=0.00s Sys=0.00s Real=0.00s
[2020-08-27T11:15:35.498+0000][21728][safepoint    ] Safepoint "G1Concurrent", Time since last: 134288400 ns, Reaching safepoint: 177100 ns, At safepoint: 4025500 ns, Total: 4202600 ns
[2020-08-27T11:15:35.498+0000][21728][gc,marking   ] GC(68) Concurrent Rebuild Remembered Sets
[2020-08-27T11:15:35.574+0000][21728][gc,marking   ] GC(68) Concurrent Rebuild Remembered Sets 75.763ms
[2020-08-27T11:15:35.574+0000][21728][gc,start     ] GC(68) Pause Cleanup
[2020-08-27T11:15:35.575+0000][21728][gc           ] GC(68) Pause Cleanup 316M->316M(1024M) 0.264ms
[2020-08-27T11:15:35.575+0000][21728][gc,cpu       ] GC(68) User=0.00s Sys=0.00s Real=0.00s
[2020-08-27T11:15:35.575+0000][21728][safepoint    ] Safepoint "G1Concurrent", Time since last: 75916200 ns, Reaching safepoint: 138300 ns, At safepoint: 410900 ns, Total: 549200 ns
[2020-08-27T11:15:35.575+0000][21728][gc,marking   ] GC(68) Concurrent Cleanup for Next Mark
[2020-08-27T11:15:35.576+0000][21728][gc,marking   ] GC(68) Concurrent Cleanup for Next Mark 1.534ms
[2020-08-27T11:15:35.576+0000][21728][gc           ] GC(68) Concurrent Cycle 216.600ms
[2020-08-27T11:15:36.011+0000][21728][gc,start     ] GC(69) Pause Young (Concurrent Start) (G1 Humongous Allocation)
[2020-08-27T11:15:36.011+0000][21728][gc,task      ] GC(69) Using 8 workers of 8 for evacuation
[2020-08-27T11:15:36.011+0000][21728][gc,age       ] GC(69) Desired survivor size 33030144 bytes, new threshold 15 (max threshold 15)
[2020-08-27T11:15:36.017+0000][21728][gc,age       ] GC(69) Age table with threshold 15 (max threshold 15)
[2020-08-27T11:15:36.017+0000][21728][gc,age       ] GC(69) - age   1:   13212792 bytes,   13212792 total
[2020-08-27T11:15:36.017+0000][21728][gc,age       ] GC(69) - age   2:       2232 bytes,   13215024 total
[2020-08-27T11:15:36.017+0000][21728][gc,age       ] GC(69) - age   3:       2408 bytes,   13217432 total
[2020-08-27T11:15:36.017+0000][21728][gc,age       ] GC(69) - age   4:       2768 bytes,   13220200 total
[2020-08-27T11:15:36.017+0000][21728][gc,age       ] GC(69) - age   5:        392 bytes,   13220592 total
[2020-08-27T11:15:36.017+0000][21728][gc,age       ] GC(69) - age   6:       2192 bytes,   13222784 total
[2020-08-27T11:15:36.017+0000][21728][gc,age       ] GC(69) - age   7:       1768 bytes,   13224552 total
[2020-08-27T11:15:36.017+0000][21728][gc,age       ] GC(69) - age   8:       1552 bytes,   13226104 total
[2020-08-27T11:15:36.017+0000][21728][gc,age       ] GC(69) - age   9:      18944 bytes,   13245048 total
[2020-08-27T11:15:36.017+0000][21728][gc,age       ] GC(69) - age  10:        520 bytes,   13245568 total
[2020-08-27T11:15:36.017+0000][21728][gc,age       ] GC(69) - age  11:      36056 bytes,   13281624 total
[2020-08-27T11:15:36.017+0000][21728][gc,age       ] GC(69) - age  12:       1488 bytes,   13283112 total
[2020-08-27T11:15:36.017+0000][21728][gc,age       ] GC(69) - age  13:      26408 bytes,   13309520 total
[2020-08-27T11:15:36.017+0000][21728][gc,age       ] GC(69) - age  14:      25352 bytes,   13334872 total
[2020-08-27T11:15:36.017+0000][21728][gc,age       ] GC(69) - age  15:      27696 bytes,   13362568 total
[2020-08-27T11:15:36.017+0000][21728][gc,phases    ] GC(69)   Pre Evacuate Collection Set: 0.6ms
[2020-08-27T11:15:36.017+0000][21728][gc,phases    ] GC(69)   Merge Heap Roots: 0.1ms
[2020-08-27T11:15:36.017+0000][21728][gc,phases    ] GC(69)   Evacuate Collection Set: 4.0ms
[2020-08-27T11:15:36.017+0000][21728][gc,phases    ] GC(69)   Post Evacuate Collection Set: 0.7ms
[2020-08-27T11:15:36.017+0000][21728][gc,phases    ] GC(69)   Other: 0.8ms
[2020-08-27T11:15:36.017+0000][21728][gc,heap      ] GC(69) Eden regions: 50->0(481)
[2020-08-27T11:15:36.017+0000][21728][gc,heap      ] GC(69) Survivor regions: 5->13(63)
[2020-08-27T11:15:36.017+0000][21728][gc,heap      ] GC(69) Old regions: 75->75
[2020-08-27T11:15:36.017+0000][21728][gc,heap      ] GC(69) Archive regions: 0->0
[2020-08-27T11:15:36.017+0000][21728][gc,heap      ] GC(69) Humongous regions: 232->174
[2020-08-27T11:15:36.018+0000][21728][gc,metaspace ] GC(69) Metaspace: 82630K(89344K)->82630K(89344K) NonClass: 71717K(75776K)->71717K(75776K) Class: 10912K(13568K)->10912K(13568K)
[2020-08-27T11:15:36.018+0000][21728][gc           ] GC(69) Pause Young (Concurrent Start) (G1 Humongous Allocation) 360M->261M(1024M) 6.439ms
[2020-08-27T11:15:36.018+0000][21728][gc,cpu       ] GC(69) User=0.11s Sys=0.00s Real=0.01s
[2020-08-27T11:15:36.018+0000][21728][gc           ] GC(70) Concurrent Cycle
[2020-08-27T11:15:36.018+0000][21728][gc,marking   ] GC(70) Concurrent Clear Claimed Marks
[2020-08-27T11:15:36.018+0000][21728][safepoint    ] Safepoint "G1TryInitiateConcMark", Time since last: 435929600 ns, Reaching safepoint: 387600 ns, At safepoint: 6770500 ns, Total: 7158100 ns
[2020-08-27T11:15:36.018+0000][21728][gc,marking   ] GC(70) Concurrent Clear Claimed Marks 0.344ms
[2020-08-27T11:15:36.018+0000][21728][gc,marking   ] GC(70) Concurrent Scan Root Regions
[2020-08-27T11:15:36.018+0000][21728][safepoint    ] Safepoint "G1TryInitiateConcMark", Time since last: 109500 ns, Reaching safepoint: 155400 ns, At safepoint: 81000 ns, Total: 236400 ns
[2020-08-27T11:15:36.022+0000][21728][gc,marking   ] GC(70) Concurrent Scan Root Regions 3.662ms
[2020-08-27T11:15:36.022+0000][21728][gc,marking   ] GC(70) Concurrent Mark (53.979s)
[2020-08-27T11:15:36.022+0000][21728][gc,marking   ] GC(70) Concurrent Mark From Roots
[2020-08-27T11:15:36.022+0000][21728][gc,task      ] GC(70) Using 2 workers of 2 for marking
[2020-08-27T11:15:36.178+0000][21728][gc,marking   ] GC(70) Concurrent Mark From Roots 155.467ms
[2020-08-27T11:15:36.178+0000][21728][gc,marking   ] GC(70) Concurrent Preclean
[2020-08-27T11:15:36.178+0000][21728][gc,marking   ] GC(70) Concurrent Preclean 0.405ms
[2020-08-27T11:15:36.178+0000][21728][gc,marking   ] GC(70) Concurrent Mark (53.979s, 54.135s) 156.049ms
[2020-08-27T11:15:36.178+0000][21728][gc,start     ] GC(70) Pause Remark
[2020-08-27T11:15:36.183+0000][21728][gc           ] GC(70) Pause Remark 494M->494M(1024M) 4.496ms
[2020-08-27T11:15:36.183+0000][21728][gc,cpu       ] GC(70) User=0.00s Sys=0.00s Real=0.01s
[2020-08-27T11:15:36.183+0000][21728][safepoint    ] Safepoint "G1Concurrent", Time since last: 160012600 ns, Reaching safepoint: 160000 ns, At safepoint: 4799200 ns, Total: 4959200 ns
[2020-08-27T11:15:36.183+0000][21728][gc,marking   ] GC(70) Concurrent Rebuild Remembered Sets
[2020-08-27T11:15:36.275+0000][21728][gc,marking   ] GC(70) Concurrent Rebuild Remembered Sets 91.551ms
[2020-08-27T11:15:36.275+0000][21728][gc,start     ] GC(70) Pause Cleanup
[2020-08-27T11:15:36.276+0000][21728][gc           ] GC(70) Pause Cleanup 568M->568M(1024M) 0.326ms
[2020-08-27T11:15:36.276+0000][21728][gc,cpu       ] GC(70) User=0.00s Sys=0.00s Real=0.00s
[2020-08-27T11:15:36.276+0000][21728][safepoint    ] Safepoint "G1Concurrent", Time since last: 91750300 ns, Reaching safepoint: 443600 ns, At safepoint: 509900 ns, Total: 953500 ns
[2020-08-27T11:15:36.276+0000][21728][gc,marking   ] GC(70) Concurrent Cleanup for Next Mark
[2020-08-27T11:15:36.278+0000][21728][gc,marking   ] GC(70) Concurrent Cleanup for Next Mark 1.936ms
[2020-08-27T11:15:36.278+0000][21728][gc           ] GC(70) Concurrent Cycle 260.319ms
[2020-08-27T11:15:36.447+0000][21728][gc,start     ] GC(71) Pause Young (Concurrent Start) (G1 Humongous Allocation)
[2020-08-27T11:15:36.447+0000][21728][gc,task      ] GC(71) Using 8 workers of 8 for evacuation
[2020-08-27T11:15:36.447+0000][21728][gc,age       ] GC(71) Desired survivor size 32505856 bytes, new threshold 15 (max threshold 15)
[2020-08-27T11:15:36.450+0000][21728][gc,age       ] GC(71) Age table with threshold 15 (max threshold 15)
[2020-08-27T11:15:36.450+0000][21728][gc,age       ] GC(71) - age   1:    2611904 bytes,    2611904 total
[2020-08-27T11:15:36.450+0000][21728][gc,age       ] GC(71) - age   2:     158768 bytes,    2770672 total
[2020-08-27T11:15:36.450+0000][21728][gc,age       ] GC(71) - age   3:       1600 bytes,    2772272 total
[2020-08-27T11:15:36.450+0000][21728][gc,age       ] GC(71) - age   4:       2216 bytes,    2774488 total
[2020-08-27T11:15:36.450+0000][21728][gc,age       ] GC(71) - age   5:       2192 bytes,    2776680 total
[2020-08-27T11:15:36.450+0000][21728][gc,age       ] GC(71) - age   6:        392 bytes,    2777072 total
[2020-08-27T11:15:36.450+0000][21728][gc,age       ] GC(71) - age   7:       2128 bytes,    2779200 total
[2020-08-27T11:15:36.450+0000][21728][gc,age       ] GC(71) - age   8:       1640 bytes,    2780840 total
[2020-08-27T11:15:36.450+0000][21728][gc,age       ] GC(71) - age   9:       1520 bytes,    2782360 total
[2020-08-27T11:15:36.450+0000][21728][gc,age       ] GC(71) - age  10:      18848 bytes,    2801208 total
[2020-08-27T11:15:36.450+0000][21728][gc,age       ] GC(71) - age  11:        520 bytes,    2801728 total
[2020-08-27T11:15:36.450+0000][21728][gc,age       ] GC(71) - age  12:      36056 bytes,    2837784 total
[2020-08-27T11:15:36.450+0000][21728][gc,age       ] GC(71) - age  13:       1488 bytes,    2839272 total
[2020-08-27T11:15:36.451+0000][21728][gc,age       ] GC(71) - age  14:      26408 bytes,    2865680 total
[2020-08-27T11:15:36.451+0000][21728][gc,age       ] GC(71) - age  15:      25352 bytes,    2891032 total
[2020-08-27T11:15:36.451+0000][21728][gc,phases    ] GC(71)   Pre Evacuate Collection Set: 0.3ms
[2020-08-27T11:15:36.451+0000][21728][gc,phases    ] GC(71)   Merge Heap Roots: 0.1ms
[2020-08-27T11:15:36.451+0000][21728][gc,phases    ] GC(71)   Evacuate Collection Set: 2.0ms
[2020-08-27T11:15:36.451+0000][21728][gc,phases    ] GC(71)   Post Evacuate Collection Set: 0.9ms
[2020-08-27T11:15:36.451+0000][21728][gc,phases    ] GC(71)   Other: 0.7ms
[2020-08-27T11:15:36.451+0000][21728][gc,heap      ] GC(71) Eden regions: 81->0(494)
[2020-08-27T11:15:36.451+0000][21728][gc,heap      ] GC(71) Survivor regions: 13->4(62)
[2020-08-27T11:15:36.451+0000][21728][gc,heap      ] GC(71) Old regions: 75->75
[2020-08-27T11:15:36.451+0000][21728][gc,heap      ] GC(71) Archive regions: 0->0
[2020-08-27T11:15:36.451+0000][21728][gc,heap      ] GC(71) Humongous regions: 420->174
[2020-08-27T11:15:36.451+0000][21728][gc,metaspace ] GC(71) Metaspace: 82672K(89344K)->82672K(89344K) NonClass: 71759K(75776K)->71759K(75776K) Class: 10912K(13568K)->10912K(13568K)
[2020-08-27T11:15:36.451+0000][21728][gc           ] GC(71) Pause Young (Concurrent Start) (G1 Humongous Allocation) 588M->252M(1024M) 4.154ms
[2020-08-27T11:15:36.451+0000][21728][gc,cpu       ] GC(71) User=0.00s Sys=0.00s Real=0.00s
[2020-08-27T11:15:36.451+0000][21728][safepoint    ] Safepoint "G1TryInitiateConcMark", Time since last: 170606200 ns, Reaching safepoint: 216900 ns, At safepoint: 4302900 ns, Total: 4519800 ns
[2020-08-27T11:15:36.451+0000][21728][gc           ] GC(72) Concurrent Cycle
[2020-08-27T11:15:36.451+0000][21728][gc,marking   ] GC(72) Concurrent Clear Claimed Marks
[2020-08-27T11:15:36.452+0000][21728][gc,marking   ] GC(72) Concurrent Clear Claimed Marks 0.561ms
[2020-08-27T11:15:36.452+0000][21728][gc,marking   ] GC(72) Concurrent Scan Root Regions
[2020-08-27T11:15:36.454+0000][21728][gc,marking   ] GC(72) Concurrent Scan Root Regions 1.959ms
[2020-08-27T11:15:36.454+0000][21728][gc,marking   ] GC(72) Concurrent Mark (54.410s)
[2020-08-27T11:15:36.454+0000][21728][gc,marking   ] GC(72) Concurrent Mark From Roots
[2020-08-27T11:15:36.454+0000][21728][gc,task      ] GC(72) Using 2 workers of 2 for marking
[2020-08-27T11:15:36.570+0000][21728][gc,marking   ] GC(72) Concurrent Mark From Roots 116.283ms
[2020-08-27T11:15:36.570+0000][21728][gc,marking   ] GC(72) Concurrent Preclean
[2020-08-27T11:15:36.571+0000][21728][gc,marking   ] GC(72) Concurrent Preclean 0.356ms
[2020-08-27T11:15:36.571+0000][21728][gc,marking   ] GC(72) Concurrent Mark (54.410s, 54.527s) 116.774ms
[2020-08-27T11:15:36.571+0000][21728][gc,start     ] GC(72) Pause Remark
[2020-08-27T11:15:36.575+0000][21728][gc           ] GC(72) Pause Remark 310M->310M(1024M) 4.338ms
[2020-08-27T11:15:36.575+0000][21728][gc,cpu       ] GC(72) User=0.00s Sys=0.00s Real=0.00s
[2020-08-27T11:15:36.575+0000][21728][safepoint    ] Safepoint "G1Concurrent", Time since last: 119710000 ns, Reaching safepoint: 154900 ns, At safepoint: 4517600 ns, Total: 4672500 ns
[2020-08-27T11:15:36.575+0000][21728][gc,marking   ] GC(72) Concurrent Rebuild Remembered Sets
[2020-08-27T11:15:36.648+0000][21728][gc,marking   ] GC(72) Concurrent Rebuild Remembered Sets 72.871ms
[2020-08-27T11:15:36.649+0000][21728][gc,start     ] GC(72) Pause Cleanup
[2020-08-27T11:15:36.649+0000][21728][gc           ] GC(72) Pause Cleanup 376M->376M(1024M) 0.226ms
[2020-08-27T11:15:36.649+0000][21728][gc,cpu       ] GC(72) User=0.00s Sys=0.00s Real=0.00s
[2020-08-27T11:15:36.649+0000][21728][safepoint    ] Safepoint "G1Concurrent", Time since last: 73008400 ns, Reaching safepoint: 138700 ns, At safepoint: 407100 ns, Total: 545800 ns
[2020-08-27T11:15:36.649+0000][21728][gc,marking   ] GC(72) Concurrent Cleanup for Next Mark
[2020-08-27T11:15:36.651+0000][21728][gc,marking   ] GC(72) Concurrent Cleanup for Next Mark 1.595ms
[2020-08-27T11:15:36.651+0000][21728][gc           ] GC(72) Concurrent Cycle 199.642ms
[2020-08-27T11:15:36.903+0000][21728][gc,start     ] GC(73) Pause Young (Concurrent Start) (G1 Humongous Allocation)
[2020-08-27T11:15:36.903+0000][21728][gc,task      ] GC(73) Using 8 workers of 8 for evacuation
[2020-08-27T11:15:36.903+0000][21728][gc,age       ] GC(73) Desired survivor size 33030144 bytes, new threshold 15 (max threshold 15)
[2020-08-27T11:15:36.909+0000][21728][gc,age       ] GC(73) Age table with threshold 15 (max threshold 15)
[2020-08-27T11:15:36.909+0000][21728][gc,age       ] GC(73) - age   1:   13633600 bytes,   13633600 total
[2020-08-27T11:15:36.909+0000][21728][gc,age       ] GC(73) - age   2:      28272 bytes,   13661872 total
[2020-08-27T11:15:36.909+0000][21728][gc,age       ] GC(73) - age   3:     156808 bytes,   13818680 total
[2020-08-27T11:15:36.909+0000][21728][gc,age       ] GC(73) - age   4:       1248 bytes,   13819928 total
[2020-08-27T11:15:36.909+0000][21728][gc,age       ] GC(73) - age   5:       2184 bytes,   13822112 total
[2020-08-27T11:15:36.909+0000][21728][gc,age       ] GC(73) - age   6:       2096 bytes,   13824208 total
[2020-08-27T11:15:36.909+0000][21728][gc,age       ] GC(73) - age   7:        360 bytes,   13824568 total
[2020-08-27T11:15:36.909+0000][21728][gc,age       ] GC(73) - age   8:       2128 bytes,   13826696 total
[2020-08-27T11:15:36.909+0000][21728][gc,age       ] GC(73) - age   9:       1640 bytes,   13828336 total
[2020-08-27T11:15:36.909+0000][21728][gc,age       ] GC(73) - age  10:       1328 bytes,   13829664 total
[2020-08-27T11:15:36.909+0000][21728][gc,age       ] GC(73) - age  11:      18848 bytes,   13848512 total
[2020-08-27T11:15:36.909+0000][21728][gc,age       ] GC(73) - age  12:        520 bytes,   13849032 total
[2020-08-27T11:15:36.909+0000][21728][gc,age       ] GC(73) - age  13:      35848 bytes,   13884880 total
[2020-08-27T11:15:36.909+0000][21728][gc,age       ] GC(73) - age  14:       1456 bytes,   13886336 total
[2020-08-27T11:15:36.909+0000][21728][gc,age       ] GC(73) - age  15:      26408 bytes,   13912744 total
[2020-08-27T11:15:36.909+0000][21728][gc,phases    ] GC(73)   Pre Evacuate Collection Set: 0.4ms
[2020-08-27T11:15:36.909+0000][21728][gc,phases    ] GC(73)   Merge Heap Roots: 0.1ms
[2020-08-27T11:15:36.909+0000][21728][gc,phases    ] GC(73)   Evacuate Collection Set: 4.2ms
[2020-08-27T11:15:36.910+0000][21728][gc,phases    ] GC(73)   Post Evacuate Collection Set: 1.0ms
[2020-08-27T11:15:36.910+0000][21728][gc,phases    ] GC(73)   Other: 0.9ms
[2020-08-27T11:15:36.910+0000][21728][gc,heap      ] GC(73) Eden regions: 62->0(477)
[2020-08-27T11:15:36.910+0000][21728][gc,heap      ] GC(73) Survivor regions: 4->15(63)
[2020-08-27T11:15:36.910+0000][21728][gc,heap      ] GC(73) Old regions: 75->75
[2020-08-27T11:15:36.910+0000][21728][gc,heap      ] GC(73) Archive regions: 0->0
[2020-08-27T11:15:36.910+0000][21728][gc,heap      ] GC(73) Humongous regions: 270->174
[2020-08-27T11:15:36.910+0000][21728][gc,metaspace ] GC(73) Metaspace: 82717K(89344K)->82717K(89344K) NonClass: 71804K(75776K)->71804K(75776K) Class: 10912K(13568K)->10912K(13568K)
[2020-08-27T11:15:36.910+0000][21728][gc           ] GC(73) Pause Young (Concurrent Start) (G1 Humongous Allocation) 409M->263M(1024M) 6.935ms
[2020-08-27T11:15:36.910+0000][21728][gc,cpu       ] GC(73) User=0.11s Sys=0.00s Real=0.01s
[2020-08-27T11:15:36.910+0000][21728][gc           ] GC(74) Concurrent Cycle
[2020-08-27T11:15:36.910+0000][21728][safepoint    ] Safepoint "G1TryInitiateConcMark", Time since last: 253755900 ns, Reaching safepoint: 172000 ns, At safepoint: 7141100 ns, Total: 7313100 ns
[2020-08-27T11:15:36.910+0000][21728][gc,marking   ] GC(74) Concurrent Clear Claimed Marks
[2020-08-27T11:15:36.911+0000][21728][gc,marking   ] GC(74) Concurrent Clear Claimed Marks 0.645ms
[2020-08-27T11:15:36.911+0000][21728][gc,marking   ] GC(74) Concurrent Scan Root Regions
[2020-08-27T11:15:36.915+0000][21728][gc,marking   ] GC(74) Concurrent Scan Root Regions 4.554ms
[2020-08-27T11:15:36.916+0000][21728][gc,marking   ] GC(74) Concurrent Mark (54.872s)
[2020-08-27T11:15:36.916+0000][21728][gc,marking   ] GC(74) Concurrent Mark From Roots
[2020-08-27T11:15:36.916+0000][21728][gc,task      ] GC(74) Using 2 workers of 2 for marking
[2020-08-27T11:15:37.068+0000][21728][gc,marking   ] GC(74) Concurrent Mark From Roots 152.491ms
[2020-08-27T11:15:37.069+0000][21728][gc,marking   ] GC(74) Concurrent Preclean
[2020-08-27T11:15:37.069+0000][21728][gc,marking   ] GC(74) Concurrent Preclean 0.495ms
[2020-08-27T11:15:37.069+0000][21728][gc,marking   ] GC(74) Concurrent Mark (54.872s, 55.026s) 153.321ms
[2020-08-27T11:15:37.069+0000][21728][gc,start     ] GC(74) Pause Remark
[2020-08-27T11:15:37.074+0000][21728][gc           ] GC(74) Pause Remark 506M->506M(1024M) 4.736ms
[2020-08-27T11:15:37.074+0000][21728][gc,cpu       ] GC(74) User=0.00s Sys=0.00s Real=0.00s
[2020-08-27T11:15:37.074+0000][21728][safepoint    ] Safepoint "G1Concurrent", Time since last: 159165800 ns, Reaching safepoint: 161200 ns, At safepoint: 5001700 ns, Total: 5162900 ns
[2020-08-27T11:15:37.074+0000][21728][gc,marking   ] GC(74) Concurrent Rebuild Remembered Sets
[2020-08-27T11:15:37.167+0000][21728][gc,marking   ] GC(74) Concurrent Rebuild Remembered Sets 92.371ms
[2020-08-27T11:15:37.168+0000][21728][gc,start     ] GC(74) Pause Cleanup
[2020-08-27T11:15:37.168+0000][21728][gc           ] GC(74) Pause Cleanup 512M->512M(1024M) 0.332ms
[2020-08-27T11:15:37.168+0000][21728][gc,cpu       ] GC(74) User=0.00s Sys=0.00s Real=0.00s
[2020-08-27T11:15:37.169+0000][21728][safepoint    ] Safepoint "G1Concurrent", Time since last: 92570700 ns, Reaching safepoint: 1035000 ns, At safepoint: 783200 ns, Total: 1818200 ns
[2020-08-27T11:15:37.169+0000][21728][gc,marking   ] GC(74) Concurrent Cleanup for Next Mark
[2020-08-27T11:15:37.171+0000][21728][gc,marking   ] GC(74) Concurrent Cleanup for Next Mark 1.880ms
[2020-08-27T11:15:37.171+0000][21728][gc           ] GC(74) Concurrent Cycle 260.833ms
[2020-08-27T11:15:37.183+0000][21728][gc,start     ] GC(75) Pause Young (Concurrent Start) (G1 Humongous Allocation)
[2020-08-27T11:15:37.183+0000][21728][gc,task      ] GC(75) Using 8 workers of 8 for evacuation
[2020-08-27T11:15:37.183+0000][21728][gc,age       ] GC(75) Desired survivor size 32505856 bytes, new threshold 15 (max threshold 15)
[2020-08-27T11:15:37.186+0000][21728][gc,age       ] GC(75) Age table with threshold 15 (max threshold 15)
[2020-08-27T11:15:37.187+0000][21728][gc,age       ] GC(75) - age   1:     130672 bytes,     130672 total
[2020-08-27T11:15:37.187+0000][21728][gc,age       ] GC(75) - age   2:    3680520 bytes,    3811192 total
[2020-08-27T11:15:37.187+0000][21728][gc,age       ] GC(75) - age   3:      27280 bytes,    3838472 total
[2020-08-27T11:15:37.187+0000][21728][gc,age       ] GC(75) - age   4:     156808 bytes,    3995280 total
[2020-08-27T11:15:37.187+0000][21728][gc,age       ] GC(75) - age   5:       1248 bytes,    3996528 total
[2020-08-27T11:15:37.187+0000][21728][gc,age       ] GC(75) - age   6:       2184 bytes,    3998712 total
[2020-08-27T11:15:37.187+0000][21728][gc,age       ] GC(75) - age   7:       2096 bytes,    4000808 total
[2020-08-27T11:15:37.187+0000][21728][gc,age       ] GC(75) - age   8:        360 bytes,    4001168 total
[2020-08-27T11:15:37.187+0000][21728][gc,age       ] GC(75) - age   9:       2128 bytes,    4003296 total
[2020-08-27T11:15:37.187+0000][21728][gc,age       ] GC(75) - age  10:       1640 bytes,    4004936 total
[2020-08-27T11:15:37.187+0000][21728][gc,age       ] GC(75) - age  11:       1328 bytes,    4006264 total
[2020-08-27T11:15:37.187+0000][21728][gc,age       ] GC(75) - age  12:      18848 bytes,    4025112 total
[2020-08-27T11:15:37.187+0000][21728][gc,age       ] GC(75) - age  13:        520 bytes,    4025632 total
[2020-08-27T11:15:37.187+0000][21728][gc,age       ] GC(75) - age  14:      35848 bytes,    4061480 total
[2020-08-27T11:15:37.187+0000][21728][gc,age       ] GC(75) - age  15:       1456 bytes,    4062936 total
[2020-08-27T11:15:37.187+0000][21728][gc,phases    ] GC(75)   Pre Evacuate Collection Set: 0.4ms
[2020-08-27T11:15:37.187+0000][21728][gc,phases    ] GC(75)   Merge Heap Roots: 0.1ms
[2020-08-27T11:15:37.187+0000][21728][gc,phases    ] GC(75)   Evacuate Collection Set: 2.1ms
[2020-08-27T11:15:37.187+0000][21728][gc,phases    ] GC(75)   Post Evacuate Collection Set: 1.0ms
[2020-08-27T11:15:37.187+0000][21728][gc,phases    ] GC(75)   Other: 1.1ms
[2020-08-27T11:15:37.187+0000][21728][gc,heap      ] GC(75) Eden regions: 47->0(492)
[2020-08-27T11:15:37.187+0000][21728][gc,heap      ] GC(75) Survivor regions: 15->5(62)
[2020-08-27T11:15:37.188+0000][21728][gc,heap      ] GC(75) Old regions: 75->75
[2020-08-27T11:15:37.188+0000][21728][gc,heap      ] GC(75) Archive regions: 0->0
[2020-08-27T11:15:37.188+0000][21728][gc,heap      ] GC(75) Humongous regions: 378->174
[2020-08-27T11:15:37.188+0000][21728][gc,metaspace ] GC(75) Metaspace: 82717K(89344K)->82717K(89344K) NonClass: 71804K(75776K)->71804K(75776K) Class: 10912K(13568K)->10912K(13568K)
[2020-08-27T11:15:37.188+0000][21728][gc           ] GC(75) Pause Young (Concurrent Start) (G1 Humongous Allocation) 513M->253M(1024M) 5.187ms
[2020-08-27T11:15:37.188+0000][21728][gc,cpu       ] GC(75) User=0.03s Sys=0.00s Real=0.00s
[2020-08-27T11:15:37.188+0000][21728][gc           ] GC(76) Concurrent Cycle
[2020-08-27T11:15:37.188+0000][21728][gc,marking   ] GC(76) Concurrent Clear Claimed Marks
[2020-08-27T11:15:37.188+0000][21728][safepoint    ] Safepoint "G1TryInitiateConcMark", Time since last: 13562000 ns, Reaching safepoint: 188700 ns, At safepoint: 5598400 ns, Total: 5787100 ns
[2020-08-27T11:15:37.188+0000][21728][gc,marking   ] GC(76) Concurrent Clear Claimed Marks 0.375ms
[2020-08-27T11:15:37.188+0000][21728][gc,marking   ] GC(76) Concurrent Scan Root Regions
[2020-08-27T11:15:37.191+0000][21728][gc,marking   ] GC(76) Concurrent Scan Root Regions 2.296ms
[2020-08-27T11:15:37.191+0000][21728][gc,marking   ] GC(76) Concurrent Mark (55.147s)
[2020-08-27T11:15:37.191+0000][21728][gc,marking   ] GC(76) Concurrent Mark From Roots
[2020-08-27T11:15:37.191+0000][21728][gc,task      ] GC(76) Using 2 workers of 2 for marking
[2020-08-27T11:15:37.340+0000][21728][gc,marking   ] GC(76) Concurrent Mark From Roots 149.008ms
[2020-08-27T11:15:37.340+0000][21728][gc,marking   ] GC(76) Concurrent Preclean
[2020-08-27T11:15:37.340+0000][21728][gc,marking   ] GC(76) Concurrent Preclean 0.513ms
[2020-08-27T11:15:37.340+0000][21728][gc,marking   ] GC(76) Concurrent Mark (55.147s, 55.297s) 149.720ms
[2020-08-27T11:15:37.341+0000][21728][gc,start     ] GC(76) Pause Remark
[2020-08-27T11:15:37.345+0000][21728][gc           ] GC(76) Pause Remark 326M->326M(1024M) 4.102ms
[2020-08-27T11:15:37.345+0000][21728][gc,cpu       ] GC(76) User=0.09s Sys=0.00s Real=0.00s
[2020-08-27T11:15:37.345+0000][21728][safepoint    ] Safepoint "G1Concurrent", Time since last: 152505200 ns, Reaching safepoint: 179100 ns, At safepoint: 4333600 ns, Total: 4512700 ns
[2020-08-27T11:15:37.345+0000][21728][gc,marking   ] GC(76) Concurrent Rebuild Remembered Sets
[2020-08-27T11:15:37.435+0000][21728][gc,marking   ] GC(76) Concurrent Rebuild Remembered Sets 89.548ms
[2020-08-27T11:15:37.435+0000][21728][gc,start     ] GC(76) Pause Cleanup
[2020-08-27T11:15:37.435+0000][21728][gc           ] GC(76) Pause Cleanup 330M->330M(1024M) 0.296ms
[2020-08-27T11:15:37.435+0000][21728][gc,cpu       ] GC(76) User=0.00s Sys=0.00s Real=0.00s
[2020-08-27T11:15:37.435+0000][21728][safepoint    ] Safepoint "G1Concurrent", Time since last: 89745800 ns, Reaching safepoint: 128700 ns, At safepoint: 459800 ns, Total: 588500 ns
[2020-08-27T11:15:37.435+0000][21728][gc,marking   ] GC(76) Concurrent Cleanup for Next Mark
[2020-08-27T11:15:37.437+0000][21728][gc,marking   ] GC(76) Concurrent Cleanup for Next Mark 1.963ms
[2020-08-27T11:15:37.438+0000][21728][gc           ] GC(76) Concurrent Cycle 249.763ms
[2020-08-27T11:15:37.576+0000][21728][gc,start     ] GC(77) Pause Young (Concurrent Start) (G1 Humongous Allocation)
[2020-08-27T11:15:37.576+0000][21728][gc,task      ] GC(77) Using 8 workers of 8 for evacuation
[2020-08-27T11:15:37.576+0000][21728][gc,age       ] GC(77) Desired survivor size 33030144 bytes, new threshold 15 (max threshold 15)
[2020-08-27T11:15:37.580+0000][21728][gc,age       ] GC(77) Age table with threshold 15 (max threshold 15)
[2020-08-27T11:15:37.580+0000][21728][gc,age       ] GC(77) - age   1:    2539264 bytes,    2539264 total
[2020-08-27T11:15:37.580+0000][21728][gc,age       ] GC(77) - age   2:        736 bytes,    2540000 total
[2020-08-27T11:15:37.580+0000][21728][gc,age       ] GC(77) - age   3:       4648 bytes,    2544648 total
[2020-08-27T11:15:37.580+0000][21728][gc,age       ] GC(77) - age   4:      18640 bytes,    2563288 total
[2020-08-27T11:15:37.580+0000][21728][gc,age       ] GC(77) - age   5:     156304 bytes,    2719592 total
[2020-08-27T11:15:37.580+0000][21728][gc,age       ] GC(77) - age   6:       1248 bytes,    2720840 total
[2020-08-27T11:15:37.580+0000][21728][gc,age       ] GC(77) - age   7:       2152 bytes,    2722992 total
[2020-08-27T11:15:37.580+0000][21728][gc,age       ] GC(77) - age   8:       2032 bytes,    2725024 total
[2020-08-27T11:15:37.580+0000][21728][gc,age       ] GC(77) - age   9:        360 bytes,    2725384 total
[2020-08-27T11:15:37.580+0000][21728][gc,age       ] GC(77) - age  10:       2128 bytes,    2727512 total
[2020-08-27T11:15:37.580+0000][21728][gc,age       ] GC(77) - age  11:       1640 bytes,    2729152 total
[2020-08-27T11:15:37.581+0000][21728][gc,age       ] GC(77) - age  12:       1328 bytes,    2730480 total
[2020-08-27T11:15:37.581+0000][21728][gc,age       ] GC(77) - age  13:      18848 bytes,    2749328 total
[2020-08-27T11:15:37.581+0000][21728][gc,age       ] GC(77) - age  14:        520 bytes,    2749848 total
[2020-08-27T11:15:37.581+0000][21728][gc,age       ] GC(77) - age  15:      35848 bytes,    2785696 total
[2020-08-27T11:15:37.581+0000][21728][gc,phases    ] GC(77)   Pre Evacuate Collection Set: 0.4ms
[2020-08-27T11:15:37.581+0000][21728][gc,phases    ] GC(77)   Merge Heap Roots: 0.1ms
[2020-08-27T11:15:37.581+0000][21728][gc,phases    ] GC(77)   Evacuate Collection Set: 2.2ms
[2020-08-27T11:15:37.581+0000][21728][gc,phases    ] GC(77)   Post Evacuate Collection Set: 0.9ms
[2020-08-27T11:15:37.581+0000][21728][gc,phases    ] GC(77)   Other: 1.1ms
[2020-08-27T11:15:37.581+0000][21728][gc,heap      ] GC(77) Eden regions: 40->0(496)
[2020-08-27T11:15:37.581+0000][21728][gc,heap      ] GC(77) Survivor regions: 5->4(63)
[2020-08-27T11:15:37.581+0000][21728][gc,heap      ] GC(77) Old regions: 75->75
[2020-08-27T11:15:37.581+0000][21728][gc,heap      ] GC(77) Archive regions: 0->0
[2020-08-27T11:15:37.581+0000][21728][gc,heap      ] GC(77) Humongous regions: 232->174
[2020-08-27T11:15:37.581+0000][21728][gc,metaspace ] GC(77) Metaspace: 82779K(89600K)->82779K(89600K) NonClass: 71866K(76032K)->71866K(76032K) Class: 10912K(13568K)->10912K(13568K)
[2020-08-27T11:15:37.581+0000][21728][gc           ] GC(77) Pause Young (Concurrent Start) (G1 Humongous Allocation) 351M->252M(1024M) 5.164ms
[2020-08-27T11:15:37.581+0000][21728][gc,cpu       ] GC(77) User=0.09s Sys=0.00s Real=0.01s
[2020-08-27T11:15:37.581+0000][21728][gc           ] GC(78) Concurrent Cycle
[2020-08-27T11:15:37.581+0000][21728][safepoint    ] Safepoint "G1TryInitiateConcMark", Time since last: 139944300 ns, Reaching safepoint: 244100 ns, At safepoint: 5384900 ns, Total: 5629000 ns
[2020-08-27T11:15:37.581+0000][21728][gc,marking   ] GC(78) Concurrent Clear Claimed Marks
[2020-08-27T11:15:37.582+0000][21728][gc,marking   ] GC(78) Concurrent Clear Claimed Marks 0.346ms
[2020-08-27T11:15:37.582+0000][21728][gc,marking   ] GC(78) Concurrent Scan Root Regions
[2020-08-27T11:15:37.584+0000][21728][gc,marking   ] GC(78) Concurrent Scan Root Regions 1.894ms
[2020-08-27T11:15:37.584+0000][21728][gc,marking   ] GC(78) Concurrent Mark (55.540s)
[2020-08-27T11:15:37.584+0000][21728][gc,marking   ] GC(78) Concurrent Mark From Roots
[2020-08-27T11:15:37.584+0000][21728][gc,task      ] GC(78) Using 2 workers of 2 for marking
[2020-08-27T11:15:37.704+0000][21728][gc,marking   ] GC(78) Concurrent Mark From Roots 120.370ms
[2020-08-27T11:15:37.704+0000][21728][gc,marking   ] GC(78) Concurrent Preclean
[2020-08-27T11:15:37.705+0000][21728][gc,marking   ] GC(78) Concurrent Preclean 0.443ms
[2020-08-27T11:15:37.705+0000][21728][gc,marking   ] GC(78) Concurrent Mark (55.540s, 55.661s) 120.974ms
[2020-08-27T11:15:37.705+0000][21728][gc,start     ] GC(78) Pause Remark
[2020-08-27T11:15:37.709+0000][21728][gc           ] GC(78) Pause Remark 304M->304M(1024M) 4.131ms
[2020-08-27T11:15:37.709+0000][21728][gc,cpu       ] GC(78) User=0.00s Sys=0.00s Real=0.00s
[2020-08-27T11:15:37.709+0000][21728][safepoint    ] Safepoint "G1Concurrent", Time since last: 123499100 ns, Reaching safepoint: 165100 ns, At safepoint: 4330000 ns, Total: 4495100 ns
[2020-08-27T11:15:37.709+0000][21728][gc,marking   ] GC(78) Concurrent Rebuild Remembered Sets
[2020-08-27T11:15:37.792+0000][21728][gc,marking   ] GC(78) Concurrent Rebuild Remembered Sets 82.539ms
[2020-08-27T11:15:37.792+0000][21728][gc,start     ] GC(78) Pause Cleanup
[2020-08-27T11:15:37.793+0000][21728][gc           ] GC(78) Pause Cleanup 364M->364M(1024M) 0.359ms
[2020-08-27T11:15:37.793+0000][21728][gc,cpu       ] GC(78) User=0.00s Sys=0.00s Real=0.00s
[2020-08-27T11:15:37.793+0000][21728][safepoint    ] Safepoint "G1Concurrent", Time since last: 82811200 ns, Reaching safepoint: 182500 ns, At safepoint: 709000 ns, Total: 891500 ns
[2020-08-27T11:15:37.793+0000][21728][gc,marking   ] GC(78) Concurrent Cleanup for Next Mark
[2020-08-27T11:15:37.795+0000][21728][gc,marking   ] GC(78) Concurrent Cleanup for Next Mark 1.988ms
[2020-08-27T11:15:37.795+0000][21728][gc           ] GC(78) Concurrent Cycle 214.033ms
[2020-08-27T11:15:37.932+0000][21728][gc,start     ] GC(79) Pause Young (Concurrent Start) (G1 Humongous Allocation)
[2020-08-27T11:15:37.932+0000][21728][gc,task      ] GC(79) Using 8 workers of 8 for evacuation
[2020-08-27T11:15:37.932+0000][21728][gc,age       ] GC(79) Desired survivor size 33030144 bytes, new threshold 15 (max threshold 15)
[2020-08-27T11:15:37.935+0000][21728][gc,age       ] GC(79) Age table with threshold 15 (max threshold 15)
[2020-08-27T11:15:37.935+0000][21728][gc,age       ] GC(79) - age   1:    2766624 bytes,    2766624 total
[2020-08-27T11:15:37.935+0000][21728][gc,age       ] GC(79) - age   2:     163736 bytes,    2930360 total
[2020-08-27T11:15:37.935+0000][21728][gc,age       ] GC(79) - age   3:        640 bytes,    2931000 total
[2020-08-27T11:15:37.935+0000][21728][gc,age       ] GC(79) - age   4:       3984 bytes,    2934984 total
[2020-08-27T11:15:37.935+0000][21728][gc,age       ] GC(79) - age   5:      18520 bytes,    2953504 total
[2020-08-27T11:15:37.935+0000][21728][gc,age       ] GC(79) - age   6:     156248 bytes,    3109752 total
[2020-08-27T11:15:37.935+0000][21728][gc,age       ] GC(79) - age   7:       1152 bytes,    3110904 total
[2020-08-27T11:15:37.935+0000][21728][gc,age       ] GC(79) - age   8:       2152 bytes,    3113056 total
[2020-08-27T11:15:37.935+0000][21728][gc,age       ] GC(79) - age   9:       2032 bytes,    3115088 total
[2020-08-27T11:15:37.935+0000][21728][gc,age       ] GC(79) - age  10:        360 bytes,    3115448 total
[2020-08-27T11:15:37.935+0000][21728][gc,age       ] GC(79) - age  11:       2128 bytes,    3117576 total
[2020-08-27T11:15:37.935+0000][21728][gc,age       ] GC(79) - age  12:       1480 bytes,    3119056 total
[2020-08-27T11:15:37.935+0000][21728][gc,age       ] GC(79) - age  13:       1296 bytes,    3120352 total
[2020-08-27T11:15:37.935+0000][21728][gc,age       ] GC(79) - age  14:      18816 bytes,    3139168 total
[2020-08-27T11:15:37.935+0000][21728][gc,age       ] GC(79) - age  15:        520 bytes,    3139688 total
[2020-08-27T11:15:37.935+0000][21728][gc,phases    ] GC(79)   Pre Evacuate Collection Set: 0.3ms
[2020-08-27T11:15:37.935+0000][21728][gc,phases    ] GC(79)   Merge Heap Roots: 0.1ms
[2020-08-27T11:15:37.935+0000][21728][gc,phases    ] GC(79)   Evacuate Collection Set: 1.8ms
[2020-08-27T11:15:37.935+0000][21728][gc,phases    ] GC(79)   Post Evacuate Collection Set: 0.9ms
[2020-08-27T11:15:37.935+0000][21728][gc,phases    ] GC(79)   Other: 0.6ms
[2020-08-27T11:15:37.935+0000][21728][gc,heap      ] GC(79) Eden regions: 41->0(497)
[2020-08-27T11:15:37.935+0000][21728][gc,heap      ] GC(79) Survivor regions: 4->4(63)
[2020-08-27T11:15:37.935+0000][21728][gc,heap      ] GC(79) Old regions: 75->76
[2020-08-27T11:15:37.936+0000][21728][gc,heap      ] GC(79) Archive regions: 0->0
[2020-08-27T11:15:37.936+0000][21728][gc,heap      ] GC(79) Humongous regions: 264->174
[2020-08-27T11:15:37.936+0000][21728][gc,metaspace ] GC(79) Metaspace: 82817K(89600K)->82817K(89600K) NonClass: 71904K(76032K)->71904K(76032K) Class: 10912K(13568K)->10912K(13568K)
[2020-08-27T11:15:37.936+0000][21728][gc           ] GC(79) Pause Young (Concurrent Start) (G1 Humongous Allocation) 383M->252M(1024M) 3.945ms
[2020-08-27T11:15:37.936+0000][21728][gc,cpu       ] GC(79) User=0.00s Sys=0.00s Real=0.00s
[2020-08-27T11:15:37.936+0000][21728][safepoint    ] Safepoint "G1TryInitiateConcMark", Time since last: 137858600 ns, Reaching safepoint: 175100 ns, At safepoint: 4076500 ns, Total: 4251600 ns
[2020-08-27T11:15:37.936+0000][21728][gc           ] GC(80) Concurrent Cycle
[2020-08-27T11:15:37.936+0000][21728][gc,marking   ] GC(80) Concurrent Clear Claimed Marks
[2020-08-27T11:15:37.936+0000][21728][gc,marking   ] GC(80) Concurrent Clear Claimed Marks 0.318ms
[2020-08-27T11:15:37.936+0000][21728][gc,marking   ] GC(80) Concurrent Scan Root Regions
[2020-08-27T11:15:37.938+0000][21728][gc,marking   ] GC(80) Concurrent Scan Root Regions 1.516ms
[2020-08-27T11:15:37.938+0000][21728][gc,marking   ] GC(80) Concurrent Mark (55.893s)
[2020-08-27T11:15:37.938+0000][21728][gc,marking   ] GC(80) Concurrent Mark From Roots
[2020-08-27T11:15:37.938+0000][21728][gc,task      ] GC(80) Using 2 workers of 2 for marking
[2020-08-27T11:15:38.031+0000][21728][gc,marking   ] GC(80) Concurrent Mark From Roots 92.741ms
[2020-08-27T11:15:38.031+0000][21728][gc,marking   ] GC(80) Concurrent Preclean
[2020-08-27T11:15:38.031+0000][21728][gc,marking   ] GC(80) Concurrent Preclean 0.328ms
[2020-08-27T11:15:38.031+0000][21728][gc,marking   ] GC(80) Concurrent Mark (55.893s, 55.986s) 93.189ms
[2020-08-27T11:15:38.031+0000][21728][gc,start     ] GC(80) Pause Remark
[2020-08-27T11:15:38.035+0000][21728][gc           ] GC(80) Pause Remark 310M->310M(1024M) 3.573ms
[2020-08-27T11:15:38.035+0000][21728][gc,cpu       ] GC(80) User=0.13s Sys=0.00s Real=0.00s
[2020-08-27T11:15:38.035+0000][21728][safepoint    ] Safepoint "G1Concurrent", Time since last: 95333000 ns, Reaching safepoint: 130900 ns, At safepoint: 3721400 ns, Total: 3852300 ns
[2020-08-27T11:15:38.035+0000][21728][gc,marking   ] GC(80) Concurrent Rebuild Remembered Sets
[2020-08-27T11:15:38.097+0000][21728][gc,marking   ] GC(80) Concurrent Rebuild Remembered Sets 61.620ms
[2020-08-27T11:15:38.097+0000][21728][gc,start     ] GC(80) Pause Cleanup
[2020-08-27T11:15:38.097+0000][21728][gc           ] GC(80) Pause Cleanup 338M->338M(1024M) 0.254ms
[2020-08-27T11:15:38.097+0000][21728][gc,cpu       ] GC(80) User=0.00s Sys=0.00s Real=0.00s
[2020-08-27T11:15:38.097+0000][21728][safepoint    ] Safepoint "G1Concurrent", Time since last: 61880100 ns, Reaching safepoint: 207600 ns, At safepoint: 367000 ns, Total: 574600 ns
[2020-08-27T11:15:38.097+0000][21728][gc,marking   ] GC(80) Concurrent Cleanup for Next Mark
[2020-08-27T11:15:38.099+0000][21728][gc,marking   ] GC(80) Concurrent Cleanup for Next Mark 1.664ms
[2020-08-27T11:15:38.099+0000][21728][gc           ] GC(80) Concurrent Cycle 163.468ms
[2020-08-27T11:15:38.099+0000][21728][gc,start     ] GC(81) Pause Young (Concurrent Start) (G1 Humongous Allocation)
[2020-08-27T11:15:38.099+0000][21728][gc,task      ] GC(81) Using 8 workers of 8 for evacuation
[2020-08-27T11:15:38.099+0000][21728][gc,age       ] GC(81) Desired survivor size 33030144 bytes, new threshold 15 (max threshold 15)
[2020-08-27T11:15:38.103+0000][21728][gc,age       ] GC(81) Age table with threshold 15 (max threshold 15)
[2020-08-27T11:15:38.103+0000][21728][gc,age       ] GC(81) - age   1:    2021744 bytes,    2021744 total
[2020-08-27T11:15:38.103+0000][21728][gc,age       ] GC(81) - age   2:     209040 bytes,    2230784 total
[2020-08-27T11:15:38.103+0000][21728][gc,age       ] GC(81) - age   3:     163456 bytes,    2394240 total
[2020-08-27T11:15:38.103+0000][21728][gc,age       ] GC(81) - age   4:        504 bytes,    2394744 total
[2020-08-27T11:15:38.103+0000][21728][gc,age       ] GC(81) - age   5:       3920 bytes,    2398664 total
[2020-08-27T11:15:38.103+0000][21728][gc,age       ] GC(81) - age   6:      18520 bytes,    2417184 total
[2020-08-27T11:15:38.103+0000][21728][gc,age       ] GC(81) - age   7:     156216 bytes,    2573400 total
[2020-08-27T11:15:38.103+0000][21728][gc,age       ] GC(81) - age   8:       1152 bytes,    2574552 total
[2020-08-27T11:15:38.103+0000][21728][gc,age       ] GC(81) - age   9:       2152 bytes,    2576704 total
[2020-08-27T11:15:38.103+0000][21728][gc,age       ] GC(81) - age  10:       2032 bytes,    2578736 total
[2020-08-27T11:15:38.103+0000][21728][gc,age       ] GC(81) - age  11:        360 bytes,    2579096 total
[2020-08-27T11:15:38.103+0000][21728][gc,age       ] GC(81) - age  12:       2128 bytes,    2581224 total
[2020-08-27T11:15:38.103+0000][21728][gc,age       ] GC(81) - age  13:       1416 bytes,    2582640 total
[2020-08-27T11:15:38.103+0000][21728][gc,age       ] GC(81) - age  14:       1296 bytes,    2583936 total
[2020-08-27T11:15:38.103+0000][21728][gc,age       ] GC(81) - age  15:      18816 bytes,    2602752 total
[2020-08-27T11:15:38.103+0000][21728][gc,phases    ] GC(81)   Pre Evacuate Collection Set: 0.4ms
[2020-08-27T11:15:38.103+0000][21728][gc,phases    ] GC(81)   Merge Heap Roots: 0.1ms
[2020-08-27T11:15:38.103+0000][21728][gc,phases    ] GC(81)   Evacuate Collection Set: 2.0ms
[2020-08-27T11:15:38.103+0000][21728][gc,phases    ] GC(81)   Post Evacuate Collection Set: 0.7ms
[2020-08-27T11:15:38.103+0000][21728][gc,phases    ] GC(81)   Other: 0.6ms
[2020-08-27T11:15:38.103+0000][21728][gc,heap      ] GC(81) Eden regions: 22->0(501)
[2020-08-27T11:15:38.103+0000][21728][gc,heap      ] GC(81) Survivor regions: 4->3(63)
[2020-08-27T11:15:38.103+0000][21728][gc,heap      ] GC(81) Old regions: 76->76
[2020-08-27T11:15:38.103+0000][21728][gc,heap      ] GC(81) Archive regions: 0->0
[2020-08-27T11:15:38.103+0000][21728][gc,heap      ] GC(81) Humongous regions: 252->174
[2020-08-27T11:15:38.103+0000][21728][gc,metaspace ] GC(81) Metaspace: 82829K(89600K)->82829K(89600K) NonClass: 71916K(76032K)->71916K(76032K) Class: 10912K(13568K)->10912K(13568K)
[2020-08-27T11:15:38.103+0000][21728][gc           ] GC(81) Pause Young (Concurrent Start) (G1 Humongous Allocation) 352M->251M(1024M) 3.998ms
[2020-08-27T11:15:38.103+0000][21728][gc,cpu       ] GC(81) User=0.00s Sys=0.00s Real=0.00s
[2020-08-27T11:15:38.103+0000][21728][safepoint    ] Safepoint "G1TryInitiateConcMark", Time since last: 1874200 ns, Reaching safepoint: 141400 ns, At safepoint: 4136500 ns, Total: 4277900 ns
[2020-08-27T11:15:38.104+0000][21728][gc           ] GC(82) Concurrent Cycle
[2020-08-27T11:15:38.104+0000][21728][gc,marking   ] GC(82) Concurrent Clear Claimed Marks
[2020-08-27T11:15:38.104+0000][21728][gc,marking   ] GC(82) Concurrent Clear Claimed Marks 0.282ms
[2020-08-27T11:15:38.104+0000][21728][gc,marking   ] GC(82) Concurrent Scan Root Regions
[2020-08-27T11:15:38.105+0000][21728][gc,marking   ] GC(82) Concurrent Scan Root Regions 1.480ms
[2020-08-27T11:15:38.105+0000][21728][gc,marking   ] GC(82) Concurrent Mark (56.061s)
[2020-08-27T11:15:38.105+0000][21728][gc,marking   ] GC(82) Concurrent Mark From Roots
[2020-08-27T11:15:38.106+0000][21728][gc,task      ] GC(82) Using 2 workers of 2 for marking
[2020-08-27T11:15:38.202+0000][21728][gc,marking   ] GC(82) Concurrent Mark From Roots 96.364ms
[2020-08-27T11:15:38.202+0000][21728][gc,marking   ] GC(82) Concurrent Preclean
[2020-08-27T11:15:38.202+0000][21728][gc,marking   ] GC(82) Concurrent Preclean 0.407ms
[2020-08-27T11:15:38.202+0000][21728][gc,marking   ] GC(82) Concurrent Mark (56.061s, 56.158s) 96.905ms
[2020-08-27T11:15:38.203+0000][21728][gc,start     ] GC(82) Pause Remark
[2020-08-27T11:15:38.207+0000][21728][gc           ] GC(82) Pause Remark 278M->278M(1024M) 4.021ms
[2020-08-27T11:15:38.207+0000][21728][gc,cpu       ] GC(82) User=0.11s Sys=0.00s Real=0.00s
[2020-08-27T11:15:38.207+0000][21728][safepoint    ] Safepoint "G1Concurrent", Time since last: 98928500 ns, Reaching safepoint: 165600 ns, At safepoint: 4228200 ns, Total: 4393800 ns
[2020-08-27T11:15:38.207+0000][21728][gc,marking   ] GC(82) Concurrent Rebuild Remembered Sets
[2020-08-27T11:15:38.284+0000][21728][gc,marking   ] GC(82) Concurrent Rebuild Remembered Sets 76.817ms
[2020-08-27T11:15:38.284+0000][21728][gc,start     ] GC(82) Pause Cleanup
[2020-08-27T11:15:38.284+0000][21728][gc           ] GC(82) Pause Cleanup 345M->345M(1024M) 0.353ms
[2020-08-27T11:15:38.284+0000][21728][gc,cpu       ] GC(82) User=0.00s Sys=0.00s Real=0.00s
[2020-08-27T11:15:38.284+0000][21728][safepoint    ] Safepoint "G1Concurrent", Time since last: 76992400 ns, Reaching safepoint: 159200 ns, At safepoint: 509400 ns, Total: 668600 ns
[2020-08-27T11:15:38.285+0000][21728][gc,marking   ] GC(82) Concurrent Cleanup for Next Mark
[2020-08-27T11:15:38.286+0000][21728][gc,marking   ] GC(82) Concurrent Cleanup for Next Mark 1.614ms
[2020-08-27T11:15:38.286+0000][21728][gc           ] GC(82) Concurrent Cycle 182.677ms
[2020-08-27T11:15:38.415+0000][21728][gc,start     ] GC(83) Pause Young (Concurrent Start) (G1 Humongous Allocation)
[2020-08-27T11:15:38.415+0000][21728][gc,task      ] GC(83) Using 8 workers of 8 for evacuation
[2020-08-27T11:15:38.415+0000][21728][gc,age       ] GC(83) Desired survivor size 33030144 bytes, new threshold 15 (max threshold 15)
[2020-08-27T11:15:38.419+0000][21728][gc,age       ] GC(83) Age table with threshold 15 (max threshold 15)
[2020-08-27T11:15:38.419+0000][21728][gc,age       ] GC(83) - age   1:    3185432 bytes,    3185432 total
[2020-08-27T11:15:38.419+0000][21728][gc,age       ] GC(83) - age   2:       1488 bytes,    3186920 total
[2020-08-27T11:15:38.419+0000][21728][gc,age       ] GC(83) - age   3:     207528 bytes,    3394448 total
[2020-08-27T11:15:38.419+0000][21728][gc,age       ] GC(83) - age   4:     162808 bytes,    3557256 total
[2020-08-27T11:15:38.419+0000][21728][gc,age       ] GC(83) - age   5:        368 bytes,    3557624 total
[2020-08-27T11:15:38.419+0000][21728][gc,age       ] GC(83) - age   6:       3792 bytes,    3561416 total
[2020-08-27T11:15:38.419+0000][21728][gc,age       ] GC(83) - age   7:      18456 bytes,    3579872 total
[2020-08-27T11:15:38.419+0000][21728][gc,age       ] GC(83) - age   8:     156216 bytes,    3736088 total
[2020-08-27T11:15:38.419+0000][21728][gc,age       ] GC(83) - age   9:       1024 bytes,    3737112 total
[2020-08-27T11:15:38.419+0000][21728][gc,age       ] GC(83) - age  10:       2152 bytes,    3739264 total
[2020-08-27T11:15:38.419+0000][21728][gc,age       ] GC(83) - age  11:       1936 bytes,    3741200 total
[2020-08-27T11:15:38.419+0000][21728][gc,age       ] GC(83) - age  12:        360 bytes,    3741560 total
[2020-08-27T11:15:38.419+0000][21728][gc,age       ] GC(83) - age  13:       2128 bytes,    3743688 total
[2020-08-27T11:15:38.419+0000][21728][gc,age       ] GC(83) - age  14:       1384 bytes,    3745072 total
[2020-08-27T11:15:38.419+0000][21728][gc,age       ] GC(83) - age  15:       1296 bytes,    3746368 total
[2020-08-27T11:15:38.419+0000][21728][gc,phases    ] GC(83)   Pre Evacuate Collection Set: 0.3ms
[2020-08-27T11:15:38.419+0000][21728][gc,phases    ] GC(83)   Merge Heap Roots: 0.1ms
[2020-08-27T11:15:38.419+0000][21728][gc,phases    ] GC(83)   Evacuate Collection Set: 2.3ms
[2020-08-27T11:15:38.419+0000][21728][gc,phases    ] GC(83)   Post Evacuate Collection Set: 0.6ms
[2020-08-27T11:15:38.419+0000][21728][gc,phases    ] GC(83)   Other: 0.7ms
[2020-08-27T11:15:38.419+0000][21728][gc,heap      ] GC(83) Eden regions: 38->0(501)
[2020-08-27T11:15:38.420+0000][21728][gc,heap      ] GC(83) Survivor regions: 3->4(63)
[2020-08-27T11:15:38.420+0000][21728][gc,heap      ] GC(83) Old regions: 76->76
[2020-08-27T11:15:38.420+0000][21728][gc,heap      ] GC(83) Archive regions: 0->0
[2020-08-27T11:15:38.420+0000][21728][gc,heap      ] GC(83) Humongous regions: 240->174
[2020-08-27T11:15:38.420+0000][21728][gc,metaspace ] GC(83) Metaspace: 82851K(89600K)->82851K(89600K) NonClass: 71938K(76032K)->71938K(76032K) Class: 10912K(13568K)->10912K(13568K)
[2020-08-27T11:15:38.420+0000][21728][gc           ] GC(83) Pause Young (Concurrent Start) (G1 Humongous Allocation) 355M->252M(1024M) 4.253ms
[2020-08-27T11:15:38.420+0000][21728][gc,cpu       ] GC(83) User=0.00s Sys=0.00s Real=0.01s
[2020-08-27T11:15:38.420+0000][21728][safepoint    ] Safepoint "G1TryInitiateConcMark", Time since last: 130746900 ns, Reaching safepoint: 113700 ns, At safepoint: 4405300 ns, Total: 4519000 ns
[2020-08-27T11:15:38.420+0000][21728][gc           ] GC(84) Concurrent Cycle
[2020-08-27T11:15:38.420+0000][21728][gc,marking   ] GC(84) Concurrent Clear Claimed Marks
[2020-08-27T11:15:38.420+0000][21728][gc,marking   ] GC(84) Concurrent Clear Claimed Marks 0.595ms
[2020-08-27T11:15:38.420+0000][21728][gc,marking   ] GC(84) Concurrent Scan Root Regions
[2020-08-27T11:15:38.423+0000][21728][gc,marking   ] GC(84) Concurrent Scan Root Regions 2.470ms
[2020-08-27T11:15:38.423+0000][21728][gc,marking   ] GC(84) Concurrent Mark (56.379s)
[2020-08-27T11:15:38.423+0000][21728][gc,marking   ] GC(84) Concurrent Mark From Roots
[2020-08-27T11:15:38.423+0000][21728][gc,task      ] GC(84) Using 2 workers of 2 for marking
[2020-08-27T11:15:38.523+0000][21728][gc,marking   ] GC(84) Concurrent Mark From Roots 99.608ms
[2020-08-27T11:15:38.523+0000][21728][gc,marking   ] GC(84) Concurrent Preclean
[2020-08-27T11:15:38.523+0000][21728][gc,marking   ] GC(84) Concurrent Preclean 0.489ms
[2020-08-27T11:15:38.523+0000][21728][gc,marking   ] GC(84) Concurrent Mark (56.379s, 56.479s) 100.275ms
[2020-08-27T11:15:38.524+0000][21728][gc,start     ] GC(84) Pause Remark
[2020-08-27T11:15:38.528+0000][21728][gc           ] GC(84) Pause Remark 311M->311M(1024M) 4.057ms
[2020-08-27T11:15:38.528+0000][21728][gc,cpu       ] GC(84) User=0.00s Sys=0.00s Real=0.00s
[2020-08-27T11:15:38.528+0000][21728][safepoint    ] Safepoint "G1Concurrent", Time since last: 103667200 ns, Reaching safepoint: 172600 ns, At safepoint: 4284500 ns, Total: 4457100 ns
[2020-08-27T11:15:38.528+0000][21728][gc,marking   ] GC(84) Concurrent Rebuild Remembered Sets
[2020-08-27T11:15:38.606+0000][21728][gc,marking   ] GC(84) Concurrent Rebuild Remembered Sets 77.808ms
[2020-08-27T11:15:38.606+0000][21728][gc,start     ] GC(84) Pause Cleanup
[2020-08-27T11:15:38.606+0000][21728][gc           ] GC(84) Pause Cleanup 377M->377M(1024M) 0.433ms
[2020-08-27T11:15:38.607+0000][21728][gc,cpu       ] GC(84) User=0.00s Sys=0.00s Real=0.00s
[2020-08-27T11:15:38.607+0000][21728][safepoint    ] Safepoint "G1Concurrent", Time since last: 77973900 ns, Reaching safepoint: 145600 ns, At safepoint: 597200 ns, Total: 742800 ns
[2020-08-27T11:15:38.607+0000][21728][gc,marking   ] GC(84) Concurrent Cleanup for Next Mark
[2020-08-27T11:15:38.608+0000][21728][gc,marking   ] GC(84) Concurrent Cleanup for Next Mark 1.389ms
[2020-08-27T11:15:38.608+0000][21728][gc           ] GC(84) Concurrent Cycle 188.394ms
[2020-08-27T11:15:38.745+0000][21728][gc,start     ] GC(85) Pause Young (Concurrent Start) (G1 Humongous Allocation)
[2020-08-27T11:15:38.745+0000][21728][gc,task      ] GC(85) Using 8 workers of 8 for evacuation
[2020-08-27T11:15:38.745+0000][21728][gc,age       ] GC(85) Desired survivor size 33554432 bytes, new threshold 15 (max threshold 15)
[2020-08-27T11:15:38.748+0000][21728][gc,age       ] GC(85) Age table with threshold 15 (max threshold 15)
[2020-08-27T11:15:38.748+0000][21728][gc,age       ] GC(85) - age   1:    3191440 bytes,    3191440 total
[2020-08-27T11:15:38.748+0000][21728][gc,age       ] GC(85) - age   2:     200344 bytes,    3391784 total
[2020-08-27T11:15:38.748+0000][21728][gc,age       ] GC(85) - age   3:       1456 bytes,    3393240 total
[2020-08-27T11:15:38.748+0000][21728][gc,age       ] GC(85) - age   4:     207528 bytes,    3600768 total
[2020-08-27T11:15:38.748+0000][21728][gc,age       ] GC(85) - age   5:     161576 bytes,    3762344 total
[2020-08-27T11:15:38.748+0000][21728][gc,age       ] GC(85) - age   6:        368 bytes,    3762712 total
[2020-08-27T11:15:38.748+0000][21728][gc,age       ] GC(85) - age   7:       3600 bytes,    3766312 total
[2020-08-27T11:15:38.748+0000][21728][gc,age       ] GC(85) - age   8:      18456 bytes,    3784768 total
[2020-08-27T11:15:38.748+0000][21728][gc,age       ] GC(85) - age   9:     156216 bytes,    3940984 total
[2020-08-27T11:15:38.748+0000][21728][gc,age       ] GC(85) - age  10:       1024 bytes,    3942008 total
[2020-08-27T11:15:38.748+0000][21728][gc,age       ] GC(85) - age  11:       1992 bytes,    3944000 total
[2020-08-27T11:15:38.748+0000][21728][gc,age       ] GC(85) - age  12:       1840 bytes,    3945840 total
[2020-08-27T11:15:38.748+0000][21728][gc,age       ] GC(85) - age  13:        360 bytes,    3946200 total
[2020-08-27T11:15:38.749+0000][21728][gc,age       ] GC(85) - age  14:       2128 bytes,    3948328 total
[2020-08-27T11:15:38.749+0000][21728][gc,age       ] GC(85) - age  15:       1384 bytes,    3949712 total
[2020-08-27T11:15:38.749+0000][21728][gc,phases    ] GC(85)   Pre Evacuate Collection Set: 0.4ms
[2020-08-27T11:15:38.749+0000][21728][gc,phases    ] GC(85)   Merge Heap Roots: 0.1ms
[2020-08-27T11:15:38.749+0000][21728][gc,phases    ] GC(85)   Evacuate Collection Set: 2.0ms
[2020-08-27T11:15:38.749+0000][21728][gc,phases    ] GC(85)   Post Evacuate Collection Set: 0.7ms
[2020-08-27T11:15:38.749+0000][21728][gc,phases    ] GC(85)   Other: 0.7ms
[2020-08-27T11:15:38.749+0000][21728][gc,heap      ] GC(85) Eden regions: 40->0(502)
[2020-08-27T11:15:38.749+0000][21728][gc,heap      ] GC(85) Survivor regions: 4->4(64)
[2020-08-27T11:15:38.749+0000][21728][gc,heap      ] GC(85) Old regions: 76->76
[2020-08-27T11:15:38.749+0000][21728][gc,heap      ] GC(85) Archive regions: 0->0
[2020-08-27T11:15:38.749+0000][21728][gc,heap      ] GC(85) Humongous regions: 270->174
[2020-08-27T11:15:38.749+0000][21728][gc,metaspace ] GC(85) Metaspace: 82883K(89600K)->82883K(89600K) NonClass: 71970K(76032K)->71970K(76032K) Class: 10912K(13568K)->10912K(13568K)
[2020-08-27T11:15:38.749+0000][21728][gc           ] GC(85) Pause Young (Concurrent Start) (G1 Humongous Allocation) 388M->252M(1024M) 4.037ms
[2020-08-27T11:15:38.749+0000][21728][gc,cpu       ] GC(85) User=0.00s Sys=0.00s Real=0.00s
[2020-08-27T11:15:38.749+0000][21728][safepoint    ] Safepoint "G1TryInitiateConcMark", Time since last: 138058700 ns, Reaching safepoint: 148400 ns, At safepoint: 4188200 ns, Total: 4336600 ns
[2020-08-27T11:15:38.749+0000][21728][gc           ] GC(86) Concurrent Cycle
[2020-08-27T11:15:38.749+0000][21728][gc,marking   ] GC(86) Concurrent Clear Claimed Marks
[2020-08-27T11:15:38.749+0000][21728][gc,marking   ] GC(86) Concurrent Clear Claimed Marks 0.358ms
[2020-08-27T11:15:38.749+0000][21728][gc,marking   ] GC(86) Concurrent Scan Root Regions
[2020-08-27T11:15:38.752+0000][21728][gc,marking   ] GC(86) Concurrent Scan Root Regions 2.906ms
[2020-08-27T11:15:38.753+0000][21728][gc,marking   ] GC(86) Concurrent Mark (56.708s)
[2020-08-27T11:15:38.753+0000][21728][gc,marking   ] GC(86) Concurrent Mark From Roots
[2020-08-27T11:15:38.753+0000][21728][gc,task      ] GC(86) Using 2 workers of 2 for marking
[2020-08-27T11:15:38.866+0000][21728][gc,marking   ] GC(86) Concurrent Mark From Roots 113.683ms
[2020-08-27T11:15:38.866+0000][21728][gc,marking   ] GC(86) Concurrent Preclean
[2020-08-27T11:15:38.867+0000][21728][gc,marking   ] GC(86) Concurrent Preclean 0.534ms
[2020-08-27T11:15:38.867+0000][21728][gc,marking   ] GC(86) Concurrent Mark (56.708s, 56.822s) 114.395ms
[2020-08-27T11:15:38.867+0000][21728][gc,start     ] GC(86) Pause Remark
[2020-08-27T11:15:38.871+0000][21728][gc           ] GC(86) Pause Remark 311M->311M(1024M) 3.955ms
[2020-08-27T11:15:38.871+0000][21728][gc,cpu       ] GC(86) User=0.00s Sys=0.00s Real=0.00s
[2020-08-27T11:15:38.871+0000][21728][safepoint    ] Safepoint "G1Concurrent", Time since last: 118028600 ns, Reaching safepoint: 155200 ns, At safepoint: 4181700 ns, Total: 4336900 ns
[2020-08-27T11:15:38.871+0000][21728][gc,marking   ] GC(86) Concurrent Rebuild Remembered Sets
[2020-08-27T11:15:38.953+0000][21728][gc,marking   ] GC(86) Concurrent Rebuild Remembered Sets 82.077ms
[2020-08-27T11:15:38.954+0000][21728][gc,start     ] GC(86) Pause Cleanup
[2020-08-27T11:15:38.954+0000][21728][gc           ] GC(86) Pause Cleanup 380M->380M(1024M) 0.271ms
[2020-08-27T11:15:38.954+0000][21728][gc,cpu       ] GC(86) User=0.00s Sys=0.00s Real=0.00s
[2020-08-27T11:15:38.954+0000][21728][safepoint    ] Safepoint "G1Concurrent", Time since last: 82249400 ns, Reaching safepoint: 156200 ns, At safepoint: 404800 ns, Total: 561000 ns
[2020-08-27T11:15:38.954+0000][21728][gc,marking   ] GC(86) Concurrent Cleanup for Next Mark
[2020-08-27T11:15:38.956+0000][21728][gc,marking   ] GC(86) Concurrent Cleanup for Next Mark 1.565ms
[2020-08-27T11:15:38.956+0000][21728][gc           ] GC(86) Concurrent Cycle 206.926ms
[2020-08-27T11:15:39.126+0000][21728][gc,start     ] GC(87) Pause Young (Concurrent Start) (G1 Humongous Allocation)
[2020-08-27T11:15:39.126+0000][21728][gc,task      ] GC(87) Using 8 workers of 8 for evacuation
[2020-08-27T11:15:39.126+0000][21728][gc,age       ] GC(87) Desired survivor size 33554432 bytes, new threshold 15 (max threshold 15)
[2020-08-27T11:15:39.130+0000][21728][gc,age       ] GC(87) Age table with threshold 15 (max threshold 15)
[2020-08-27T11:15:39.130+0000][21728][gc,age       ] GC(87) - age   1:    3189680 bytes,    3189680 total
[2020-08-27T11:15:39.130+0000][21728][gc,age       ] GC(87) - age   2:     200944 bytes,    3390624 total
[2020-08-27T11:15:39.130+0000][21728][gc,age       ] GC(87) - age   3:     200104 bytes,    3590728 total
[2020-08-27T11:15:39.130+0000][21728][gc,age       ] GC(87) - age   4:       1288 bytes,    3592016 total
[2020-08-27T11:15:39.130+0000][21728][gc,age       ] GC(87) - age   5:     202864 bytes,    3794880 total
[2020-08-27T11:15:39.130+0000][21728][gc,age       ] GC(87) - age   6:     161392 bytes,    3956272 total
[2020-08-27T11:15:39.130+0000][21728][gc,age       ] GC(87) - age   7:        368 bytes,    3956640 total
[2020-08-27T11:15:39.130+0000][21728][gc,age       ] GC(87) - age   8:       3568 bytes,    3960208 total
[2020-08-27T11:15:39.130+0000][21728][gc,age       ] GC(87) - age   9:      18392 bytes,    3978600 total
[2020-08-27T11:15:39.130+0000][21728][gc,age       ] GC(87) - age  10:     156216 bytes,    4134816 total
[2020-08-27T11:15:39.130+0000][21728][gc,age       ] GC(87) - age  11:       1024 bytes,    4135840 total
[2020-08-27T11:15:39.130+0000][21728][gc,age       ] GC(87) - age  12:       1672 bytes,    4137512 total
[2020-08-27T11:15:39.130+0000][21728][gc,age       ] GC(87) - age  13:       1840 bytes,    4139352 total
[2020-08-27T11:15:39.130+0000][21728][gc,age       ] GC(87) - age  14:        360 bytes,    4139712 total
[2020-08-27T11:15:39.130+0000][21728][gc,age       ] GC(87) - age  15:       2128 bytes,    4141840 total
[2020-08-27T11:15:39.130+0000][21728][gc,phases    ] GC(87)   Pre Evacuate Collection Set: 0.4ms
[2020-08-27T11:15:39.130+0000][21728][gc,phases    ] GC(87)   Merge Heap Roots: 0.1ms
[2020-08-27T11:15:39.130+0000][21728][gc,phases    ] GC(87)   Evacuate Collection Set: 2.3ms
[2020-08-27T11:15:39.130+0000][21728][gc,phases    ] GC(87)   Post Evacuate Collection Set: 1.0ms
[2020-08-27T11:15:39.130+0000][21728][gc,phases    ] GC(87)   Other: 0.8ms
[2020-08-27T11:15:39.130+0000][21728][gc,heap      ] GC(87) Eden regions: 42->0(501)
[2020-08-27T11:15:39.130+0000][21728][gc,heap      ] GC(87) Survivor regions: 4->5(64)
[2020-08-27T11:15:39.130+0000][21728][gc,heap      ] GC(87) Old regions: 76->76
[2020-08-27T11:15:39.130+0000][21728][gc,heap      ] GC(87) Archive regions: 0->0
[2020-08-27T11:15:39.130+0000][21728][gc,heap      ] GC(87) Humongous regions: 270->174
[2020-08-27T11:15:39.130+0000][21728][gc,metaspace ] GC(87) Metaspace: 82902K(89600K)->82902K(89600K) NonClass: 71989K(76032K)->71989K(76032K) Class: 10913K(13568K)->10913K(13568K)
[2020-08-27T11:15:39.130+0000][21728][gc           ] GC(87) Pause Young (Concurrent Start) (G1 Humongous Allocation) 390M->253M(1024M) 4.777ms
[2020-08-27T11:15:39.130+0000][21728][gc,cpu       ] GC(87) User=0.11s Sys=0.00s Real=0.00s
[2020-08-27T11:15:39.131+0000][21728][gc           ] GC(88) Concurrent Cycle
[2020-08-27T11:15:39.131+0000][21728][safepoint    ] Safepoint "G1TryInitiateConcMark", Time since last: 171282100 ns, Reaching safepoint: 145200 ns, At safepoint: 4945100 ns, Total: 5090300 ns
[2020-08-27T11:15:39.131+0000][21728][gc,marking   ] GC(88) Concurrent Clear Claimed Marks
[2020-08-27T11:15:39.131+0000][21728][gc,marking   ] GC(88) Concurrent Clear Claimed Marks 0.442ms
[2020-08-27T11:15:39.131+0000][21728][gc,marking   ] GC(88) Concurrent Scan Root Regions
[2020-08-27T11:15:39.134+0000][21728][gc,marking   ] GC(88) Concurrent Scan Root Regions 3.109ms
[2020-08-27T11:15:39.134+0000][21728][gc,marking   ] GC(88) Concurrent Mark (57.090s)
[2020-08-27T11:15:39.134+0000][21728][gc,marking   ] GC(88) Concurrent Mark From Roots
[2020-08-27T11:15:39.134+0000][21728][gc,task      ] GC(88) Using 2 workers of 2 for marking
[2020-08-27T11:15:39.248+0000][21728][gc,marking   ] GC(88) Concurrent Mark From Roots 113.840ms
[2020-08-27T11:15:39.248+0000][21728][gc,marking   ] GC(88) Concurrent Preclean
[2020-08-27T11:15:39.249+0000][21728][gc,marking   ] GC(88) Concurrent Preclean 0.340ms
[2020-08-27T11:15:39.249+0000][21728][gc,marking   ] GC(88) Concurrent Mark (57.090s, 57.204s) 114.326ms
[2020-08-27T11:15:39.249+0000][21728][gc,start     ] GC(88) Pause Remark
[2020-08-27T11:15:39.253+0000][21728][gc           ] GC(88) Pause Remark 313M->313M(1024M) 3.989ms
[2020-08-27T11:15:39.253+0000][21728][gc,cpu       ] GC(88) User=0.11s Sys=0.00s Real=0.00s
[2020-08-27T11:15:39.253+0000][21728][safepoint    ] Safepoint "G1Concurrent", Time since last: 118212700 ns, Reaching safepoint: 123000 ns, At safepoint: 4162500 ns, Total: 4285500 ns
[2020-08-27T11:15:39.253+0000][21728][gc,marking   ] GC(88) Concurrent Rebuild Remembered Sets
[2020-08-27T11:15:39.327+0000][21728][gc,marking   ] GC(88) Concurrent Rebuild Remembered Sets 73.714ms
[2020-08-27T11:15:39.327+0000][21728][gc,start     ] GC(88) Pause Cleanup
[2020-08-27T11:15:39.327+0000][21728][gc           ] GC(88) Pause Cleanup 322M->322M(1024M) 0.284ms
[2020-08-27T11:15:39.327+0000][21728][gc,cpu       ] GC(88) User=0.00s Sys=0.00s Real=0.00s
[2020-08-27T11:15:39.327+0000][21728][safepoint    ] Safepoint "G1Concurrent", Time since last: 73861200 ns, Reaching safepoint: 122900 ns, At safepoint: 479400 ns, Total: 602300 ns
[2020-08-27T11:15:39.328+0000][21728][gc,marking   ] GC(88) Concurrent Cleanup for Next Mark
[2020-08-27T11:15:39.329+0000][21728][gc,marking   ] GC(88) Concurrent Cleanup for Next Mark 1.857ms
[2020-08-27T11:15:39.329+0000][21728][gc           ] GC(88) Concurrent Cycle 198.988ms
[2020-08-27T11:15:39.333+0000][21728][gc,start     ] GC(89) Pause Young (Concurrent Start) (G1 Humongous Allocation)
[2020-08-27T11:15:39.333+0000][21728][gc,task      ] GC(89) Using 8 workers of 8 for evacuation
[2020-08-27T11:15:39.333+0000][21728][gc,age       ] GC(89) Desired survivor size 33554432 bytes, new threshold 15 (max threshold 15)
[2020-08-27T11:15:39.337+0000][21728][gc,age       ] GC(89) Age table with threshold 15 (max threshold 15)
[2020-08-27T11:15:39.337+0000][21728][gc,age       ] GC(89) - age   1:    2553256 bytes,    2553256 total
[2020-08-27T11:15:39.337+0000][21728][gc,age       ] GC(89) - age   2:     205752 bytes,    2759008 total
[2020-08-27T11:15:39.337+0000][21728][gc,age       ] GC(89) - age   3:     200584 bytes,    2959592 total
[2020-08-27T11:15:39.337+0000][21728][gc,age       ] GC(89) - age   4:     199832 bytes,    3159424 total
[2020-08-27T11:15:39.337+0000][21728][gc,age       ] GC(89) - age   5:       1136 bytes,    3160560 total
[2020-08-27T11:15:39.337+0000][21728][gc,age       ] GC(89) - age   6:     202656 bytes,    3363216 total
[2020-08-27T11:15:39.337+0000][21728][gc,age       ] GC(89) - age   7:     161328 bytes,    3524544 total
[2020-08-27T11:15:39.337+0000][21728][gc,age       ] GC(89) - age   8:        368 bytes,    3524912 total
[2020-08-27T11:15:39.337+0000][21728][gc,age       ] GC(89) - age   9:       3440 bytes,    3528352 total
[2020-08-27T11:15:39.337+0000][21728][gc,age       ] GC(89) - age  10:      18392 bytes,    3546744 total
[2020-08-27T11:15:39.337+0000][21728][gc,age       ] GC(89) - age  11:     156216 bytes,    3702960 total
[2020-08-27T11:15:39.337+0000][21728][gc,age       ] GC(89) - age  12:       1024 bytes,    3703984 total
[2020-08-27T11:15:39.337+0000][21728][gc,age       ] GC(89) - age  13:       1672 bytes,    3705656 total
[2020-08-27T11:15:39.337+0000][21728][gc,age       ] GC(89) - age  14:       1840 bytes,    3707496 total
[2020-08-27T11:15:39.337+0000][21728][gc,age       ] GC(89) - age  15:        360 bytes,    3707856 total
[2020-08-27T11:15:39.337+0000][21728][gc,phases    ] GC(89)   Pre Evacuate Collection Set: 0.5ms
[2020-08-27T11:15:39.337+0000][21728][gc,phases    ] GC(89)   Merge Heap Roots: 0.1ms
[2020-08-27T11:15:39.337+0000][21728][gc,phases    ] GC(89)   Evacuate Collection Set: 2.0ms
[2020-08-27T11:15:39.337+0000][21728][gc,phases    ] GC(89)   Post Evacuate Collection Set: 0.6ms
[2020-08-27T11:15:39.337+0000][21728][gc,phases    ] GC(89)   Other: 0.6ms
[2020-08-27T11:15:39.337+0000][21728][gc,heap      ] GC(89) Eden regions: 23->0(503)
[2020-08-27T11:15:39.337+0000][21728][gc,heap      ] GC(89) Survivor regions: 5->4(64)
[2020-08-27T11:15:39.337+0000][21728][gc,heap      ] GC(89) Old regions: 76->76
[2020-08-27T11:15:39.337+0000][21728][gc,heap      ] GC(89) Archive regions: 0->0
[2020-08-27T11:15:39.337+0000][21728][gc,heap      ] GC(89) Humongous regions: 231->174
[2020-08-27T11:15:39.337+0000][21728][gc,metaspace ] GC(89) Metaspace: 82911K(89600K)->82911K(89600K) NonClass: 71997K(76032K)->71997K(76032K) Class: 10913K(13568K)->10913K(13568K)
[2020-08-27T11:15:39.337+0000][21728][gc           ] GC(89) Pause Young (Concurrent Start) (G1 Humongous Allocation) 332M->252M(1024M) 4.068ms
[2020-08-27T11:15:39.337+0000][21728][gc,cpu       ] GC(89) User=0.00s Sys=0.00s Real=0.00s
[2020-08-27T11:15:39.337+0000][21728][gc           ] GC(90) Concurrent Cycle
[2020-08-27T11:15:39.337+0000][21728][safepoint    ] Safepoint "G1TryInitiateConcMark", Time since last: 5587800 ns, Reaching safepoint: 155300 ns, At safepoint: 4225600 ns, Total: 4380900 ns
[2020-08-27T11:15:39.337+0000][21728][gc,marking   ] GC(90) Concurrent Clear Claimed Marks
[2020-08-27T11:15:39.338+0000][21728][gc,marking   ] GC(90) Concurrent Clear Claimed Marks 0.513ms
[2020-08-27T11:15:39.338+0000][21728][gc,marking   ] GC(90) Concurrent Scan Root Regions
[2020-08-27T11:15:39.341+0000][21728][gc,marking   ] GC(90) Concurrent Scan Root Regions 2.889ms
[2020-08-27T11:15:39.341+0000][21728][gc,marking   ] GC(90) Concurrent Mark (57.297s)
[2020-08-27T11:15:39.341+0000][21728][gc,marking   ] GC(90) Concurrent Mark From Roots
[2020-08-27T11:15:39.341+0000][21728][gc,task      ] GC(90) Using 2 workers of 2 for marking
[2020-08-27T11:15:39.465+0000][21728][gc,marking   ] GC(90) Concurrent Mark From Roots 124.268ms
[2020-08-27T11:15:39.465+0000][21728][gc,marking   ] GC(90) Concurrent Preclean
[2020-08-27T11:15:39.466+0000][21728][gc,marking   ] GC(90) Concurrent Preclean 0.348ms
[2020-08-27T11:15:39.466+0000][21728][gc,marking   ] GC(90) Concurrent Mark (57.297s, 57.421s) 124.755ms
[2020-08-27T11:15:39.466+0000][21728][gc,start     ] GC(90) Pause Remark
[2020-08-27T11:15:39.470+0000][21728][gc           ] GC(90) Pause Remark 302M->302M(1024M) 4.042ms
[2020-08-27T11:15:39.470+0000][21728][gc,cpu       ] GC(90) User=0.11s Sys=0.00s Real=0.00s
[2020-08-27T11:15:39.470+0000][21728][safepoint    ] Safepoint "G1Concurrent", Time since last: 128481900 ns, Reaching safepoint: 119200 ns, At safepoint: 4216600 ns, Total: 4335800 ns
[2020-08-27T11:15:39.470+0000][21728][gc,marking   ] GC(90) Concurrent Rebuild Remembered Sets
[2020-08-27T11:15:39.554+0000][21728][gc,marking   ] GC(90) Concurrent Rebuild Remembered Sets 83.985ms
[2020-08-27T11:15:39.555+0000][21728][gc,start     ] GC(90) Pause Cleanup
[2020-08-27T11:15:39.555+0000][21728][gc           ] GC(90) Pause Cleanup 370M->370M(1024M) 0.307ms
[2020-08-27T11:15:39.555+0000][21728][gc,cpu       ] GC(90) User=0.00s Sys=0.00s Real=0.00s
[2020-08-27T11:15:39.555+0000][21728][safepoint    ] Safepoint "G1Concurrent", Time since last: 84190300 ns, Reaching safepoint: 181200 ns, At safepoint: 492900 ns, Total: 674100 ns
[2020-08-27T11:15:39.555+0000][21728][gc,marking   ] GC(90) Concurrent Cleanup for Next Mark
[2020-08-27T11:15:39.557+0000][21728][gc,marking   ] GC(90) Concurrent Cleanup for Next Mark 1.866ms
[2020-08-27T11:15:39.557+0000][21728][gc           ] GC(90) Concurrent Cycle 219.772ms
[2020-08-27T11:15:39.687+0000][21728][gc,start     ] GC(91) Pause Young (Concurrent Start) (G1 Humongous Allocation)
[2020-08-27T11:15:39.687+0000][21728][gc,task      ] GC(91) Using 8 workers of 8 for evacuation
[2020-08-27T11:15:39.687+0000][21728][gc,age       ] GC(91) Desired survivor size 33554432 bytes, new threshold 15 (max threshold 15)
[2020-08-27T11:15:39.690+0000][21728][gc,age       ] GC(91) Age table with threshold 15 (max threshold 15)
[2020-08-27T11:15:39.690+0000][21728][gc,age       ] GC(91) - age   1:    2763704 bytes,    2763704 total
[2020-08-27T11:15:39.690+0000][21728][gc,age       ] GC(91) - age   2:     201608 bytes,    2965312 total
[2020-08-27T11:15:39.691+0000][21728][gc,age       ] GC(91) - age   3:     201384 bytes,    3166696 total
[2020-08-27T11:15:39.691+0000][21728][gc,age       ] GC(91) - age   4:     198992 bytes,    3365688 total
[2020-08-27T11:15:39.691+0000][21728][gc,age       ] GC(91) - age   5:     199432 bytes,    3565120 total
[2020-08-27T11:15:39.691+0000][21728][gc,age       ] GC(91) - age   6:       1008 bytes,    3566128 total
[2020-08-27T11:15:39.691+0000][21728][gc,age       ] GC(91) - age   7:     202624 bytes,    3768752 total
[2020-08-27T11:15:39.691+0000][21728][gc,age       ] GC(91) - age   8:     161256 bytes,    3930008 total
[2020-08-27T11:15:39.691+0000][21728][gc,age       ] GC(91) - age   9:        368 bytes,    3930376 total
[2020-08-27T11:15:39.691+0000][21728][gc,age       ] GC(91) - age  10:       3080 bytes,    3933456 total
[2020-08-27T11:15:39.691+0000][21728][gc,age       ] GC(91) - age  11:      18392 bytes,    3951848 total
[2020-08-27T11:15:39.691+0000][21728][gc,age       ] GC(91) - age  12:     156216 bytes,    4108064 total
[2020-08-27T11:15:39.691+0000][21728][gc,age       ] GC(91) - age  13:        928 bytes,    4108992 total
[2020-08-27T11:15:39.691+0000][21728][gc,age       ] GC(91) - age  14:       1608 bytes,    4110600 total
[2020-08-27T11:15:39.691+0000][21728][gc,age       ] GC(91) - age  15:       1648 bytes,    4112248 total
[2020-08-27T11:15:39.691+0000][21728][gc,phases    ] GC(91)   Pre Evacuate Collection Set: 0.4ms
[2020-08-27T11:15:39.691+0000][21728][gc,phases    ] GC(91)   Merge Heap Roots: 0.1ms
[2020-08-27T11:15:39.691+0000][21728][gc,phases    ] GC(91)   Evacuate Collection Set: 2.3ms
[2020-08-27T11:15:39.691+0000][21728][gc,phases    ] GC(91)   Post Evacuate Collection Set: 0.7ms
[2020-08-27T11:15:39.691+0000][21728][gc,phases    ] GC(91)   Other: 0.8ms
[2020-08-27T11:15:39.691+0000][21728][gc,heap      ] GC(91) Eden regions: 41->0(503)
[2020-08-27T11:15:39.691+0000][21728][gc,heap      ] GC(91) Survivor regions: 4->5(64)
[2020-08-27T11:15:39.691+0000][21728][gc,heap      ] GC(91) Old regions: 76->76
[2020-08-27T11:15:39.691+0000][21728][gc,heap      ] GC(91) Archive regions: 0->0
[2020-08-27T11:15:39.691+0000][21728][gc,heap      ] GC(91) Humongous regions: 261->174
[2020-08-27T11:15:39.691+0000][21728][gc,metaspace ] GC(91) Metaspace: 82917K(89600K)->82917K(89600K) NonClass: 72003K(76032K)->72003K(76032K) Class: 10913K(13568K)->10913K(13568K)
[2020-08-27T11:15:39.691+0000][21728][gc           ] GC(91) Pause Young (Concurrent Start) (G1 Humongous Allocation) 380M->253M(1024M) 4.468ms
[2020-08-27T11:15:39.691+0000][21728][gc,cpu       ] GC(91) User=0.11s Sys=0.00s Real=0.00s
[2020-08-27T11:15:39.691+0000][21728][safepoint    ] Safepoint "G1TryInitiateConcMark", Time since last: 131533800 ns, Reaching safepoint: 121300 ns, At safepoint: 4614600 ns, Total: 4735900 ns
[2020-08-27T11:15:39.691+0000][21728][gc           ] GC(92) Concurrent Cycle
[2020-08-27T11:15:39.691+0000][21728][gc,marking   ] GC(92) Concurrent Clear Claimed Marks
[2020-08-27T11:15:39.692+0000][21728][gc,marking   ] GC(92) Concurrent Clear Claimed Marks 0.533ms
[2020-08-27T11:15:39.692+0000][21728][gc,marking   ] GC(92) Concurrent Scan Root Regions
[2020-08-27T11:15:39.695+0000][21728][gc,marking   ] GC(92) Concurrent Scan Root Regions 2.651ms
[2020-08-27T11:15:39.695+0000][21728][gc,marking   ] GC(92) Concurrent Mark (57.650s)
[2020-08-27T11:15:39.695+0000][21728][gc,marking   ] GC(92) Concurrent Mark From Roots
[2020-08-27T11:15:39.695+0000][21728][gc,task      ] GC(92) Using 2 workers of 2 for marking
[2020-08-27T11:15:39.825+0000][21728][gc,marking   ] GC(92) Concurrent Mark From Roots 129.957ms
[2020-08-27T11:15:39.825+0000][21728][gc,marking   ] GC(92) Concurrent Preclean
[2020-08-27T11:15:39.826+0000][21728][gc,marking   ] GC(92) Concurrent Preclean 0.573ms
[2020-08-27T11:15:39.826+0000][21728][gc,marking   ] GC(92) Concurrent Mark (57.650s, 57.781s) 130.816ms
[2020-08-27T11:15:39.827+0000][21728][gc,start     ] GC(92) Pause Remark
[2020-08-27T11:15:39.832+0000][21728][gc           ] GC(92) Pause Remark 310M->310M(1024M) 5.143ms
[2020-08-27T11:15:39.832+0000][21728][gc,cpu       ] GC(92) User=0.09s Sys=0.00s Real=0.01s
[2020-08-27T11:15:39.832+0000][21728][safepoint    ] Safepoint "G1Concurrent", Time since last: 134481000 ns, Reaching safepoint: 791600 ns, At safepoint: 5538300 ns, Total: 6329900 ns
[2020-08-27T11:15:39.832+0000][21728][gc,marking   ] GC(92) Concurrent Rebuild Remembered Sets
[2020-08-27T11:15:39.899+0000][21728][gc,marking   ] GC(92) Concurrent Rebuild Remembered Sets 67.201ms
[2020-08-27T11:15:39.900+0000][21728][gc,start     ] GC(92) Pause Cleanup
[2020-08-27T11:15:39.900+0000][21728][gc           ] GC(92) Pause Cleanup 379M->379M(1024M) 0.232ms
[2020-08-27T11:15:39.900+0000][21728][gc,cpu       ] GC(92) User=0.00s Sys=0.00s Real=0.00s
[2020-08-27T11:15:39.900+0000][21728][safepoint    ] Safepoint "G1Concurrent", Time since last: 67339600 ns, Reaching safepoint: 138300 ns, At safepoint: 367100 ns, Total: 505400 ns
[2020-08-27T11:15:39.900+0000][21728][gc,marking   ] GC(92) Concurrent Cleanup for Next Mark
[2020-08-27T11:15:39.901+0000][21728][gc,marking   ] GC(92) Concurrent Cleanup for Next Mark 1.282ms
[2020-08-27T11:15:39.901+0000][21728][gc           ] GC(92) Concurrent Cycle 210.061ms
[2020-08-27T11:15:40.014+0000][21728][gc,start     ] GC(93) Pause Young (Concurrent Start) (G1 Humongous Allocation)
[2020-08-27T11:15:40.014+0000][21728][gc,task      ] GC(93) Using 8 workers of 8 for evacuation
[2020-08-27T11:15:40.014+0000][21728][gc,age       ] GC(93) Desired survivor size 33554432 bytes, new threshold 15 (max threshold 15)
[2020-08-27T11:15:40.017+0000][21728][gc,age       ] GC(93) Age table with threshold 15 (max threshold 15)
[2020-08-27T11:15:40.017+0000][21728][gc,age       ] GC(93) - age   1:    2799440 bytes,    2799440 total
[2020-08-27T11:15:40.017+0000][21728][gc,age       ] GC(93) - age   2:     206648 bytes,    3006088 total
[2020-08-27T11:15:40.017+0000][21728][gc,age       ] GC(93) - age   3:     201512 bytes,    3207600 total
[2020-08-27T11:15:40.017+0000][21728][gc,age       ] GC(93) - age   4:     200800 bytes,    3408400 total
[2020-08-27T11:15:40.017+0000][21728][gc,age       ] GC(93) - age   5:     198592 bytes,    3606992 total
[2020-08-27T11:15:40.017+0000][21728][gc,age       ] GC(93) - age   6:     199272 bytes,    3806264 total
[2020-08-27T11:15:40.017+0000][21728][gc,age       ] GC(93) - age   7:       1008 bytes,    3807272 total
[2020-08-27T11:15:40.017+0000][21728][gc,age       ] GC(93) - age   8:     202624 bytes,    4009896 total
[2020-08-27T11:15:40.017+0000][21728][gc,age       ] GC(93) - age   9:     158800 bytes,    4168696 total
[2020-08-27T11:15:40.017+0000][21728][gc,age       ] GC(93) - age  10:        368 bytes,    4169064 total
[2020-08-27T11:15:40.017+0000][21728][gc,age       ] GC(93) - age  11:       3080 bytes,    4172144 total
[2020-08-27T11:15:40.018+0000][21728][gc,age       ] GC(93) - age  12:      18232 bytes,    4190376 total
[2020-08-27T11:15:40.018+0000][21728][gc,age       ] GC(93) - age  13:     156184 bytes,    4346560 total
[2020-08-27T11:15:40.018+0000][21728][gc,age       ] GC(93) - age  14:        736 bytes,    4347296 total
[2020-08-27T11:15:40.018+0000][21728][gc,age       ] GC(93) - age  15:       1480 bytes,    4348776 total
[2020-08-27T11:15:40.018+0000][21728][gc,phases    ] GC(93)   Pre Evacuate Collection Set: 0.3ms
[2020-08-27T11:15:40.018+0000][21728][gc,phases    ] GC(93)   Merge Heap Roots: 0.1ms
[2020-08-27T11:15:40.018+0000][21728][gc,phases    ] GC(93)   Evacuate Collection Set: 2.3ms
[2020-08-27T11:15:40.018+0000][21728][gc,phases    ] GC(93)   Post Evacuate Collection Set: 0.8ms
[2020-08-27T11:15:40.018+0000][21728][gc,phases    ] GC(93)   Other: 0.7ms
[2020-08-27T11:15:40.018+0000][21728][gc,heap      ] GC(93) Eden regions: 41->0(504)
[2020-08-27T11:15:40.018+0000][21728][gc,heap      ] GC(93) Survivor regions: 5->5(64)
[2020-08-27T11:15:40.018+0000][21728][gc,heap      ] GC(93) Old regions: 76->76
[2020-08-27T11:15:40.018+0000][21728][gc,heap      ] GC(93) Archive regions: 0->0
[2020-08-27T11:15:40.018+0000][21728][gc,heap      ] GC(93) Humongous regions: 270->174
[2020-08-27T11:15:40.018+0000][21728][gc,metaspace ] GC(93) Metaspace: 82934K(89600K)->82934K(89600K) NonClass: 72020K(76032K)->72020K(76032K) Class: 10913K(13568K)->10913K(13568K)
[2020-08-27T11:15:40.018+0000][21728][gc           ] GC(93) Pause Young (Concurrent Start) (G1 Humongous Allocation) 390M->253M(1024M) 4.415ms
[2020-08-27T11:15:40.018+0000][21728][gc,cpu       ] GC(93) User=0.02s Sys=0.00s Real=0.00s
[2020-08-27T11:15:40.018+0000][21728][safepoint    ] Safepoint "G1TryInitiateConcMark", Time since last: 113349700 ns, Reaching safepoint: 121900 ns, At safepoint: 4578000 ns, Total: 4699900 ns
[2020-08-27T11:15:40.018+0000][21728][gc           ] GC(94) Concurrent Cycle
[2020-08-27T11:15:40.018+0000][21728][gc,marking   ] GC(94) Concurrent Clear Claimed Marks
[2020-08-27T11:15:40.019+0000][21728][gc,marking   ] GC(94) Concurrent Clear Claimed Marks 0.514ms
[2020-08-27T11:15:40.019+0000][21728][gc,marking   ] GC(94) Concurrent Scan Root Regions
[2020-08-27T11:15:40.022+0000][21728][gc,marking   ] GC(94) Concurrent Scan Root Regions 2.869ms
[2020-08-27T11:15:40.022+0000][21728][gc,marking   ] GC(94) Concurrent Mark (57.977s)
[2020-08-27T11:15:40.022+0000][21728][gc,marking   ] GC(94) Concurrent Mark From Roots
[2020-08-27T11:15:40.022+0000][21728][gc,task      ] GC(94) Using 2 workers of 2 for marking
[2020-08-27T11:15:40.112+0000][21728][gc,marking   ] GC(94) Concurrent Mark From Roots 90.189ms
[2020-08-27T11:15:40.112+0000][21728][gc,marking   ] GC(94) Concurrent Preclean
[2020-08-27T11:15:40.112+0000][21728][gc,marking   ] GC(94) Concurrent Preclean 0.391ms
[2020-08-27T11:15:40.112+0000][21728][gc,marking   ] GC(94) Concurrent Mark (57.977s, 58.068s) 90.731ms
[2020-08-27T11:15:40.113+0000][21728][gc,start     ] GC(94) Pause Remark
[2020-08-27T11:15:40.116+0000][21728][gc           ] GC(94) Pause Remark 311M->311M(1024M) 3.793ms
[2020-08-27T11:15:40.117+0000][21728][gc,cpu       ] GC(94) User=0.00s Sys=0.00s Real=0.00s
[2020-08-27T11:15:40.117+0000][21728][safepoint    ] Safepoint "G1Concurrent", Time since last: 94470900 ns, Reaching safepoint: 120000 ns, At safepoint: 3949700 ns, Total: 4069700 ns
[2020-08-27T11:15:40.117+0000][21728][gc,marking   ] GC(94) Concurrent Rebuild Remembered Sets
[2020-08-27T11:15:40.181+0000][21728][gc,marking   ] GC(94) Concurrent Rebuild Remembered Sets 64.752ms
[2020-08-27T11:15:40.182+0000][21728][gc,start     ] GC(94) Pause Cleanup
[2020-08-27T11:15:40.182+0000][21728][gc           ] GC(94) Pause Cleanup 378M->378M(1024M) 0.266ms
[2020-08-27T11:15:40.182+0000][21728][gc,cpu       ] GC(94) User=0.00s Sys=0.00s Real=0.00s
[2020-08-27T11:15:40.182+0000][21728][safepoint    ] Safepoint "G1Concurrent", Time since last: 64889200 ns, Reaching safepoint: 169300 ns, At safepoint: 419000 ns, Total: 588300 ns
[2020-08-27T11:15:40.182+0000][21728][gc,marking   ] GC(94) Concurrent Cleanup for Next Mark
[2020-08-27T11:15:40.184+0000][21728][gc,marking   ] GC(94) Concurrent Cleanup for Next Mark 1.576ms
[2020-08-27T11:15:40.184+0000][21728][gc           ] GC(94) Concurrent Cycle 165.767ms
[2020-08-27T11:15:40.306+0000][21728][gc,start     ] GC(95) Pause Young (Concurrent Start) (G1 Humongous Allocation)
[2020-08-27T11:15:40.306+0000][21728][gc,task      ] GC(95) Using 8 workers of 8 for evacuation
[2020-08-27T11:15:40.306+0000][21728][gc,age       ] GC(95) Desired survivor size 33554432 bytes, new threshold 15 (max threshold 15)
[2020-08-27T11:15:40.310+0000][21728][gc,age       ] GC(95) Age table with threshold 15 (max threshold 15)
[2020-08-27T11:15:40.310+0000][21728][gc,age       ] GC(95) - age   1:    2772984 bytes,    2772984 total
[2020-08-27T11:15:40.310+0000][21728][gc,age       ] GC(95) - age   2:     204424 bytes,    2977408 total
[2020-08-27T11:15:40.310+0000][21728][gc,age       ] GC(95) - age   3:     200776 bytes,    3178184 total
[2020-08-27T11:15:40.310+0000][21728][gc,age       ] GC(95) - age   4:     201208 bytes,    3379392 total
[2020-08-27T11:15:40.310+0000][21728][gc,age       ] GC(95) - age   5:     200024 bytes,    3579416 total
[2020-08-27T11:15:40.310+0000][21728][gc,age       ] GC(95) - age   6:     198432 bytes,    3777848 total
[2020-08-27T11:15:40.310+0000][21728][gc,age       ] GC(95) - age   7:     199248 bytes,    3977096 total
[2020-08-27T11:15:40.310+0000][21728][gc,age       ] GC(95) - age   8:       1008 bytes,    3978104 total
[2020-08-27T11:15:40.310+0000][21728][gc,age       ] GC(95) - age   9:     202624 bytes,    4180728 total
[2020-08-27T11:15:40.310+0000][21728][gc,age       ] GC(95) - age  10:     158736 bytes,    4339464 total
[2020-08-27T11:15:40.310+0000][21728][gc,age       ] GC(95) - age  11:        368 bytes,    4339832 total
[2020-08-27T11:15:40.310+0000][21728][gc,age       ] GC(95) - age  12:       3048 bytes,    4342880 total
[2020-08-27T11:15:40.310+0000][21728][gc,age       ] GC(95) - age  13:      18232 bytes,    4361112 total
[2020-08-27T11:15:40.310+0000][21728][gc,age       ] GC(95) - age  14:     156184 bytes,    4517296 total
[2020-08-27T11:15:40.310+0000][21728][gc,age       ] GC(95) - age  15:        704 bytes,    4518000 total
[2020-08-27T11:15:40.310+0000][21728][gc,phases    ] GC(95)   Pre Evacuate Collection Set: 0.4ms
[2020-08-27T11:15:40.310+0000][21728][gc,phases    ] GC(95)   Merge Heap Roots: 0.1ms
[2020-08-27T11:15:40.310+0000][21728][gc,phases    ] GC(95)   Evacuate Collection Set: 2.2ms
[2020-08-27T11:15:40.310+0000][21728][gc,phases    ] GC(95)   Post Evacuate Collection Set: 0.7ms
[2020-08-27T11:15:40.310+0000][21728][gc,phases    ] GC(95)   Other: 0.8ms
[2020-08-27T11:15:40.310+0000][21728][gc,heap      ] GC(95) Eden regions: 40->0(504)
[2020-08-27T11:15:40.310+0000][21728][gc,heap      ] GC(95) Survivor regions: 5->5(64)
[2020-08-27T11:15:40.310+0000][21728][gc,heap      ] GC(95) Old regions: 76->76
[2020-08-27T11:15:40.310+0000][21728][gc,heap      ] GC(95) Archive regions: 0->0
[2020-08-27T11:15:40.311+0000][21728][gc,heap      ] GC(95) Humongous regions: 270->174
[2020-08-27T11:15:40.311+0000][21728][gc,metaspace ] GC(95) Metaspace: 82972K(89856K)->82972K(89856K) NonClass: 72059K(76288K)->72059K(76288K) Class: 10913K(13568K)->10913K(13568K)
[2020-08-27T11:15:40.311+0000][21728][gc           ] GC(95) Pause Young (Concurrent Start) (G1 Humongous Allocation) 389M->253M(1024M) 4.371ms
[2020-08-27T11:15:40.311+0000][21728][gc,cpu       ] GC(95) User=0.00s Sys=0.00s Real=0.01s
[2020-08-27T11:15:40.311+0000][21728][gc           ] GC(96) Concurrent Cycle
[2020-08-27T11:15:40.311+0000][21728][safepoint    ] Safepoint "G1TryInitiateConcMark", Time since last: 123894200 ns, Reaching safepoint: 175900 ns, At safepoint: 4519400 ns, Total: 4695300 ns
[2020-08-27T11:15:40.311+0000][21728][gc,marking   ] GC(96) Concurrent Clear Claimed Marks
[2020-08-27T11:15:40.311+0000][21728][gc,marking   ] GC(96) Concurrent Clear Claimed Marks 0.444ms
[2020-08-27T11:15:40.311+0000][21728][gc,marking   ] GC(96) Concurrent Scan Root Regions
[2020-08-27T11:15:40.314+0000][21728][gc,marking   ] GC(96) Concurrent Scan Root Regions 3.013ms
[2020-08-27T11:15:40.314+0000][21728][gc,marking   ] GC(96) Concurrent Mark (58.270s)
[2020-08-27T11:15:40.314+0000][21728][gc,marking   ] GC(96) Concurrent Mark From Roots
[2020-08-27T11:15:40.314+0000][21728][gc,task      ] GC(96) Using 2 workers of 2 for marking
[2020-08-27T11:15:40.405+0000][21728][gc,marking   ] GC(96) Concurrent Mark From Roots 90.452ms
[2020-08-27T11:15:40.405+0000][21728][gc,marking   ] GC(96) Concurrent Preclean
[2020-08-27T11:15:40.405+0000][21728][gc,marking   ] GC(96) Concurrent Preclean 0.404ms
[2020-08-27T11:15:40.405+0000][21728][gc,marking   ] GC(96) Concurrent Mark (58.270s, 58.361s) 91.002ms
[2020-08-27T11:15:40.406+0000][21728][gc,start     ] GC(96) Pause Remark
[2020-08-27T11:15:40.410+0000][21728][gc           ] GC(96) Pause Remark 311M->311M(1024M) 4.234ms
[2020-08-27T11:15:40.410+0000][21728][gc,cpu       ] GC(96) User=0.11s Sys=0.02s Real=0.00s
[2020-08-27T11:15:40.410+0000][21728][safepoint    ] Safepoint "G1Concurrent", Time since last: 94744700 ns, Reaching safepoint: 347300 ns, At safepoint: 4447800 ns, Total: 4795100 ns
[2020-08-27T11:15:40.410+0000][21728][gc,marking   ] GC(96) Concurrent Rebuild Remembered Sets
[2020-08-27T11:15:40.476+0000][21728][gc,marking   ] GC(96) Concurrent Rebuild Remembered Sets 65.881ms
[2020-08-27T11:15:40.476+0000][21728][gc,start     ] GC(96) Pause Cleanup
[2020-08-27T11:15:40.477+0000][21728][gc           ] GC(96) Pause Cleanup 320M->320M(1024M) 0.274ms
[2020-08-27T11:15:40.477+0000][21728][gc,cpu       ] GC(96) User=0.00s Sys=0.00s Real=0.00s
[2020-08-27T11:15:40.477+0000][21728][safepoint    ] Safepoint "G1Concurrent", Time since last: 66061300 ns, Reaching safepoint: 150500 ns, At safepoint: 428300 ns, Total: 578800 ns
[2020-08-27T11:15:40.477+0000][21728][gc,marking   ] GC(96) Concurrent Cleanup for Next Mark
[2020-08-27T11:15:40.479+0000][21728][gc,marking   ] GC(96) Concurrent Cleanup for Next Mark 1.709ms
[2020-08-27T11:15:40.479+0000][21728][gc           ] GC(96) Concurrent Cycle 168.070ms
[2020-08-27T11:15:40.480+0000][21728][gc,start     ] GC(97) Pause Young (Concurrent Start) (G1 Humongous Allocation)
[2020-08-27T11:15:40.480+0000][21728][gc,task      ] GC(97) Using 8 workers of 8 for evacuation
[2020-08-27T11:15:40.481+0000][21728][gc,age       ] GC(97) Desired survivor size 33554432 bytes, new threshold 15 (max threshold 15)
[2020-08-27T11:15:40.484+0000][21728][gc,age       ] GC(97) Age table with threshold 15 (max threshold 15)
[2020-08-27T11:15:40.484+0000][21728][gc,age       ] GC(97) - age   1:    2735248 bytes,    2735248 total
[2020-08-27T11:15:40.484+0000][21728][gc,age       ] GC(97) - age   2:     208376 bytes,    2943624 total
[2020-08-27T11:15:40.484+0000][21728][gc,age       ] GC(97) - age   3:     201048 bytes,    3144672 total
[2020-08-27T11:15:40.484+0000][21728][gc,age       ] GC(97) - age   4:     199984 bytes,    3344656 total
[2020-08-27T11:15:40.484+0000][21728][gc,age       ] GC(97) - age   5:     201056 bytes,    3545712 total
[2020-08-27T11:15:40.484+0000][21728][gc,age       ] GC(97) - age   6:     199896 bytes,    3745608 total
[2020-08-27T11:15:40.484+0000][21728][gc,age       ] GC(97) - age   7:     198432 bytes,    3944040 total
[2020-08-27T11:15:40.484+0000][21728][gc,age       ] GC(97) - age   8:     199248 bytes,    4143288 total
[2020-08-27T11:15:40.484+0000][21728][gc,age       ] GC(97) - age   9:       1008 bytes,    4144296 total
[2020-08-27T11:15:40.484+0000][21728][gc,age       ] GC(97) - age  10:     202336 bytes,    4346632 total
[2020-08-27T11:15:40.484+0000][21728][gc,age       ] GC(97) - age  11:     158736 bytes,    4505368 total
[2020-08-27T11:15:40.484+0000][21728][gc,age       ] GC(97) - age  12:        368 bytes,    4505736 total
[2020-08-27T11:15:40.484+0000][21728][gc,age       ] GC(97) - age  13:       3016 bytes,    4508752 total
[2020-08-27T11:15:40.484+0000][21728][gc,age       ] GC(97) - age  14:      18232 bytes,    4526984 total
[2020-08-27T11:15:40.484+0000][21728][gc,age       ] GC(97) - age  15:     156184 bytes,    4683168 total
[2020-08-27T11:15:40.485+0000][21728][gc,phases    ] GC(97)   Pre Evacuate Collection Set: 0.4ms
[2020-08-27T11:15:40.485+0000][21728][gc,phases    ] GC(97)   Merge Heap Roots: 0.1ms
[2020-08-27T11:15:40.485+0000][21728][gc,phases    ] GC(97)   Evacuate Collection Set: 2.4ms
[2020-08-27T11:15:40.485+0000][21728][gc,phases    ] GC(97)   Post Evacuate Collection Set: 0.7ms
[2020-08-27T11:15:40.485+0000][21728][gc,phases    ] GC(97)   Other: 0.7ms
[2020-08-27T11:15:40.485+0000][21728][gc,heap      ] GC(97) Eden regions: 20->0(504)
[2020-08-27T11:15:40.485+0000][21728][gc,heap      ] GC(97) Survivor regions: 5->5(64)
[2020-08-27T11:15:40.485+0000][21728][gc,heap      ] GC(97) Old regions: 76->76
[2020-08-27T11:15:40.485+0000][21728][gc,heap      ] GC(97) Archive regions: 0->0
[2020-08-27T11:15:40.485+0000][21728][gc,heap      ] GC(97) Humongous regions: 231->174
[2020-08-27T11:15:40.485+0000][21728][gc,metaspace ] GC(97) Metaspace: 82976K(89856K)->82976K(89856K) NonClass: 72063K(76288K)->72063K(76288K) Class: 10913K(13568K)->10913K(13568K)
[2020-08-27T11:15:40.485+0000][21728][gc           ] GC(97) Pause Young (Concurrent Start) (G1 Humongous Allocation) 330M->253M(1024M) 4.414ms
[2020-08-27T11:15:40.485+0000][21728][gc,cpu       ] GC(97) User=0.00s Sys=0.00s Real=0.00s
[2020-08-27T11:15:40.485+0000][21728][gc           ] GC(98) Concurrent Cycle
[2020-08-27T11:15:40.485+0000][21728][safepoint    ] Safepoint "G1TryInitiateConcMark", Time since last: 3385100 ns, Reaching safepoint: 143500 ns, At safepoint: 4563100 ns, Total: 4706600 ns
[2020-08-27T11:15:40.485+0000][21728][gc,marking   ] GC(98) Concurrent Clear Claimed Marks
[2020-08-27T11:15:40.485+0000][21728][gc,marking   ] GC(98) Concurrent Clear Claimed Marks 0.355ms
[2020-08-27T11:15:40.485+0000][21728][gc,marking   ] GC(98) Concurrent Scan Root Regions
[2020-08-27T11:15:40.488+0000][21728][gc,marking   ] GC(98) Concurrent Scan Root Regions 2.662ms
[2020-08-27T11:15:40.488+0000][21728][gc,marking   ] GC(98) Concurrent Mark (58.444s)
[2020-08-27T11:15:40.488+0000][21728][gc,marking   ] GC(98) Concurrent Mark From Roots
[2020-08-27T11:15:40.488+0000][21728][gc,task      ] GC(98) Using 2 workers of 2 for marking
[2020-08-27T11:15:40.574+0000][21728][gc,marking   ] GC(98) Concurrent Mark From Roots 85.447ms
[2020-08-27T11:15:40.574+0000][21728][gc,marking   ] GC(98) Concurrent Preclean
[2020-08-27T11:15:40.574+0000][21728][gc,marking   ] GC(98) Concurrent Preclean 0.353ms
[2020-08-27T11:15:40.574+0000][21728][gc,marking   ] GC(98) Concurrent Mark (58.444s, 58.530s) 85.911ms
[2020-08-27T11:15:40.574+0000][21728][gc,start     ] GC(98) Pause Remark
[2020-08-27T11:15:40.578+0000][21728][gc           ] GC(98) Pause Remark 302M->302M(1024M) 3.438ms
[2020-08-27T11:15:40.578+0000][21728][gc,cpu       ] GC(98) User=0.00s Sys=0.00s Real=0.00s
[2020-08-27T11:15:40.578+0000][21728][safepoint    ] Safepoint "G1Concurrent", Time since last: 89127800 ns, Reaching safepoint: 172000 ns, At safepoint: 3622500 ns, Total: 3794500 ns
[2020-08-27T11:15:40.578+0000][21728][gc,marking   ] GC(98) Concurrent Rebuild Remembered Sets
[2020-08-27T11:15:40.638+0000][21728][gc,marking   ] GC(98) Concurrent Rebuild Remembered Sets 59.678ms
[2020-08-27T11:15:40.638+0000][21728][gc,start     ] GC(98) Pause Cleanup
[2020-08-27T11:15:40.638+0000][21728][gc           ] GC(98) Pause Cleanup 307M->307M(1024M) 0.257ms
[2020-08-27T11:15:40.638+0000][21728][gc,cpu       ] GC(98) User=0.00s Sys=0.00s Real=0.00s
[2020-08-27T11:15:40.638+0000][21728][safepoint    ] Safepoint "G1Concurrent", Time since last: 59830000 ns, Reaching safepoint: 122000 ns, At safepoint: 428200 ns, Total: 550200 ns
[2020-08-27T11:15:40.638+0000][21728][gc,marking   ] GC(98) Concurrent Cleanup for Next Mark
[2020-08-27T11:15:40.640+0000][21728][gc,marking   ] GC(98) Concurrent Cleanup for Next Mark 1.764ms
[2020-08-27T11:15:40.640+0000][21728][gc           ] GC(98) Concurrent Cycle 155.255ms
[2020-08-27T11:15:40.651+0000][21728][gc,start     ] GC(99) Pause Young (Concurrent Start) (G1 Humongous Allocation)
[2020-08-27T11:15:40.651+0000][21728][gc,task      ] GC(99) Using 8 workers of 8 for evacuation
[2020-08-27T11:15:40.651+0000][21728][gc,age       ] GC(99) Desired survivor size 33554432 bytes, new threshold 15 (max threshold 15)
[2020-08-27T11:15:40.654+0000][21728][gc,age       ] GC(99) Age table with threshold 15 (max threshold 15)
[2020-08-27T11:15:40.654+0000][21728][gc,age       ] GC(99) - age   1:    2259360 bytes,    2259360 total
[2020-08-27T11:15:40.654+0000][21728][gc,age       ] GC(99) - age   2:       3288 bytes,    2262648 total
[2020-08-27T11:15:40.654+0000][21728][gc,age       ] GC(99) - age   3:     207408 bytes,    2470056 total
[2020-08-27T11:15:40.654+0000][21728][gc,age       ] GC(99) - age   4:     200968 bytes,    2671024 total
[2020-08-27T11:15:40.654+0000][21728][gc,age       ] GC(99) - age   5:     199832 bytes,    2870856 total
[2020-08-27T11:15:40.654+0000][21728][gc,age       ] GC(99) - age   6:     200960 bytes,    3071816 total
[2020-08-27T11:15:40.654+0000][21728][gc,age       ] GC(99) - age   7:     199864 bytes,    3271680 total
[2020-08-27T11:15:40.654+0000][21728][gc,age       ] GC(99) - age   8:     198432 bytes,    3470112 total
[2020-08-27T11:15:40.654+0000][21728][gc,age       ] GC(99) - age   9:     199248 bytes,    3669360 total
[2020-08-27T11:15:40.654+0000][21728][gc,age       ] GC(99) - age  10:       1008 bytes,    3670368 total
[2020-08-27T11:15:40.654+0000][21728][gc,age       ] GC(99) - age  11:     202272 bytes,    3872640 total
[2020-08-27T11:15:40.654+0000][21728][gc,age       ] GC(99) - age  12:     158696 bytes,    4031336 total
[2020-08-27T11:15:40.654+0000][21728][gc,age       ] GC(99) - age  13:        368 bytes,    4031704 total
[2020-08-27T11:15:40.654+0000][21728][gc,age       ] GC(99) - age  14:       2656 bytes,    4034360 total
[2020-08-27T11:15:40.654+0000][21728][gc,age       ] GC(99) - age  15:      18232 bytes,    4052592 total
[2020-08-27T11:15:40.654+0000][21728][gc,phases    ] GC(99)   Pre Evacuate Collection Set: 0.4ms
[2020-08-27T11:15:40.654+0000][21728][gc,phases    ] GC(99)   Merge Heap Roots: 0.1ms
[2020-08-27T11:15:40.654+0000][21728][gc,phases    ] GC(99)   Evacuate Collection Set: 2.1ms
[2020-08-27T11:15:40.655+0000][21728][gc,phases    ] GC(99)   Post Evacuate Collection Set: 0.6ms
[2020-08-27T11:15:40.655+0000][21728][gc,phases    ] GC(99)   Other: 0.7ms
[2020-08-27T11:15:40.655+0000][21728][gc,heap      ] GC(99) Eden regions: 21->0(506)
[2020-08-27T11:15:40.655+0000][21728][gc,heap      ] GC(99) Survivor regions: 5->4(64)
[2020-08-27T11:15:40.655+0000][21728][gc,heap      ] GC(99) Old regions: 76->76
[2020-08-27T11:15:40.655+0000][21728][gc,heap      ] GC(99) Archive regions: 0->0
[2020-08-27T11:15:40.655+0000][21728][gc,heap      ] GC(99) Humongous regions: 231->174
[2020-08-27T11:15:40.655+0000][21728][gc,metaspace ] GC(99) Metaspace: 82997K(89856K)->82997K(89856K) NonClass: 72083K(76288K)->72083K(76288K) Class: 10913K(13568K)->10913K(13568K)
[2020-08-27T11:15:40.655+0000][21728][gc           ] GC(99) Pause Young (Concurrent Start) (G1 Humongous Allocation) 331M->253M(1024M) 4.030ms
[2020-08-27T11:15:40.655+0000][21728][gc,cpu       ] GC(99) User=0.00s Sys=0.00s Real=0.00s
[2020-08-27T11:15:40.655+0000][21728][gc           ] GC(100) Concurrent Cycle
[2020-08-27T11:15:40.655+0000][21728][gc,marking   ] GC(100) Concurrent Clear Claimed Marks
[2020-08-27T11:15:40.655+0000][21728][safepoint    ] Safepoint "G1TryInitiateConcMark", Time since last: 12205100 ns, Reaching safepoint: 204500 ns, At safepoint: 4228600 ns, Total: 4433100 ns
[2020-08-27T11:15:40.655+0000][21728][gc,marking   ] GC(100) Concurrent Clear Claimed Marks 0.380ms
[2020-08-27T11:15:40.655+0000][21728][gc,marking   ] GC(100) Concurrent Scan Root Regions
[2020-08-27T11:15:40.659+0000][21728][gc,marking   ] GC(100) Concurrent Scan Root Regions 3.394ms
[2020-08-27T11:15:40.659+0000][21728][gc,marking   ] GC(100) Concurrent Mark (58.614s)
[2020-08-27T11:15:40.659+0000][21728][gc,marking   ] GC(100) Concurrent Mark From Roots
[2020-08-27T11:15:40.659+0000][21728][gc,task      ] GC(100) Using 2 workers of 2 for marking
[2020-08-27T11:15:40.762+0000][21728][gc,marking   ] GC(100) Concurrent Mark From Roots 103.349ms
[2020-08-27T11:15:40.762+0000][21728][gc,marking   ] GC(100) Concurrent Preclean
[2020-08-27T11:15:40.763+0000][21728][gc,marking   ] GC(100) Concurrent Preclean 0.481ms
[2020-08-27T11:15:40.763+0000][21728][gc,marking   ] GC(100) Concurrent Mark (58.614s, 58.718s) 103.967ms
[2020-08-27T11:15:40.763+0000][21728][gc,start     ] GC(100) Pause Remark
[2020-08-27T11:15:40.766+0000][21728][gc           ] GC(100) Pause Remark 292M->292M(1024M) 3.448ms
[2020-08-27T11:15:40.766+0000][21728][gc,cpu       ] GC(100) User=0.00s Sys=0.00s Real=0.00s
[2020-08-27T11:15:40.767+0000][21728][safepoint    ] Safepoint "G1Concurrent", Time since last: 107957400 ns, Reaching safepoint: 115500 ns, At safepoint: 3616800 ns, Total: 3732300 ns
[2020-08-27T11:15:40.767+0000][21728][gc,marking   ] GC(100) Concurrent Rebuild Remembered Sets
[2020-08-27T11:15:40.836+0000][21728][gc,marking   ] GC(100) Concurrent Rebuild Remembered Sets 68.917ms
[2020-08-27T11:15:40.836+0000][21728][gc,start     ] GC(100) Pause Cleanup
[2020-08-27T11:15:40.836+0000][21728][gc           ] GC(100) Pause Cleanup 344M->344M(1024M) 0.295ms
[2020-08-27T11:15:40.836+0000][21728][gc,cpu       ] GC(100) User=0.00s Sys=0.00s Real=0.00s
[2020-08-27T11:15:40.836+0000][21728][safepoint    ] Safepoint "G1Concurrent", Time since last: 69189400 ns, Reaching safepoint: 169200 ns, At safepoint: 415400 ns, Total: 584600 ns
[2020-08-27T11:15:40.836+0000][21728][gc,marking   ] GC(100) Concurrent Cleanup for Next Mark
[2020-08-27T11:15:40.839+0000][21728][gc,marking   ] GC(100) Concurrent Cleanup for Next Mark 2.058ms
[2020-08-27T11:15:40.839+0000][21728][gc           ] GC(100) Concurrent Cycle 183.803ms
[2020-08-27T11:15:41.062+0000][21728][safepoint    ] Safepoint "BulkRevokeBias", Time since last: 224066000 ns, Reaching safepoint: 191200 ns, At safepoint: 1273100 ns, Total: 1464300 ns
[2020-08-27T11:15:41.165+0000][21728][safepoint    ] Safepoint "BulkRevokeBias", Time since last: 101124200 ns, Reaching safepoint: 215800 ns, At safepoint: 1793500 ns, Total: 2009300 ns
[2020-08-27T11:15:41.168+0000][21728][safepoint    ] Safepoint "BulkRevokeBias", Time since last: 855400 ns, Reaching safepoint: 119600 ns, At safepoint: 1914700 ns, Total: 2034300 ns
[2020-08-27T11:15:41.180+0000][21728][safepoint    ] Safepoint "BulkRevokeBias", Time since last: 9625200 ns, Reaching safepoint: 173400 ns, At safepoint: 2519400 ns, Total: 2692800 ns
[2020-08-27T11:15:42.192+0000][21728][safepoint    ] Safepoint "Cleanup", Time since last: 1011640500 ns, Reaching safepoint: 268300 ns, At safepoint: 9600 ns, Total: 277900 ns
[2020-08-27T11:15:43.074+0000][21728][gc,start     ] GC(101) Pause Young (Concurrent Start) (G1 Humongous Allocation)
[2020-08-27T11:15:43.075+0000][21728][gc,task      ] GC(101) Using 8 workers of 8 for evacuation
[2020-08-27T11:15:43.075+0000][21728][gc,age       ] GC(101) Desired survivor size 33554432 bytes, new threshold 15 (max threshold 15)
[2020-08-27T11:15:43.078+0000][21728][gc,age       ] GC(101) Age table with threshold 15 (max threshold 15)
[2020-08-27T11:15:43.078+0000][21728][gc,age       ] GC(101) - age   1:    3301416 bytes,    3301416 total
[2020-08-27T11:15:43.078+0000][21728][gc,age       ] GC(101) - age   2:        520 bytes,    3301936 total
[2020-08-27T11:15:43.078+0000][21728][gc,age       ] GC(101) - age   3:       1080 bytes,    3303016 total
[2020-08-27T11:15:43.078+0000][21728][gc,age       ] GC(101) - age   4:       1784 bytes,    3304800 total
[2020-08-27T11:15:43.078+0000][21728][gc,age       ] GC(101) - age   5:       2688 bytes,    3307488 total
[2020-08-27T11:15:43.078+0000][21728][gc,age       ] GC(101) - age   6:       1432 bytes,    3308920 total
[2020-08-27T11:15:43.078+0000][21728][gc,age       ] GC(101) - age   7:        272 bytes,    3309192 total
[2020-08-27T11:15:43.078+0000][21728][gc,age       ] GC(101) - age   8:       1240 bytes,    3310432 total
[2020-08-27T11:15:43.078+0000][21728][gc,age       ] GC(101) - age   9:        944 bytes,    3311376 total
[2020-08-27T11:15:43.078+0000][21728][gc,age       ] GC(101) - age  10:       1592 bytes,    3312968 total
[2020-08-27T11:15:43.078+0000][21728][gc,age       ] GC(101) - age  11:        416 bytes,    3313384 total
[2020-08-27T11:15:43.078+0000][21728][gc,age       ] GC(101) - age  12:       4616 bytes,    3318000 total
[2020-08-27T11:15:43.079+0000][21728][gc,age       ] GC(101) - age  13:     155152 bytes,    3473152 total
[2020-08-27T11:15:43.079+0000][21728][gc,age       ] GC(101) - age  14:        368 bytes,    3473520 total
[2020-08-27T11:15:43.079+0000][21728][gc,age       ] GC(101) - age  15:       2528 bytes,    3476048 total
[2020-08-27T11:15:43.079+0000][21728][gc,phases    ] GC(101)   Pre Evacuate Collection Set: 0.3ms
[2020-08-27T11:15:43.079+0000][21728][gc,phases    ] GC(101)   Merge Heap Roots: 0.1ms
[2020-08-27T11:15:43.079+0000][21728][gc,phases    ] GC(101)   Evacuate Collection Set: 2.2ms
[2020-08-27T11:15:43.079+0000][21728][gc,phases    ] GC(101)   Post Evacuate Collection Set: 0.9ms
[2020-08-27T11:15:43.079+0000][21728][gc,phases    ] GC(101)   Other: 0.6ms
[2020-08-27T11:15:43.079+0000][21728][gc,heap      ] GC(101) Eden regions: 63->0(506)
[2020-08-27T11:15:43.079+0000][21728][gc,heap      ] GC(101) Survivor regions: 4->4(64)
[2020-08-27T11:15:43.079+0000][21728][gc,heap      ] GC(101) Old regions: 76->76
[2020-08-27T11:15:43.079+0000][21728][gc,heap      ] GC(101) Archive regions: 0->0
[2020-08-27T11:15:43.079+0000][21728][gc,heap      ] GC(101) Humongous regions: 252->174
[2020-08-27T11:15:43.079+0000][21728][gc,metaspace ] GC(101) Metaspace: 84008K(90496K)->84008K(90496K) NonClass: 72900K(76800K)->72900K(76800K) Class: 11108K(13696K)->11108K(13696K)
[2020-08-27T11:15:43.079+0000][21728][gc           ] GC(101) Pause Young (Concurrent Start) (G1 Humongous Allocation) 393M->252M(1024M) 4.329ms
[2020-08-27T11:15:43.079+0000][21728][gc,cpu       ] GC(101) User=0.00s Sys=0.00s Real=0.01s
[2020-08-27T11:15:43.079+0000][21728][gc           ] GC(102) Concurrent Cycle
[2020-08-27T11:15:43.079+0000][21728][safepoint    ] Safepoint "G1TryInitiateConcMark", Time since last: 882097600 ns, Reaching safepoint: 146500 ns, At safepoint: 4493800 ns, Total: 4640300 ns
[2020-08-27T11:15:43.079+0000][21728][gc,marking   ] GC(102) Concurrent Clear Claimed Marks
[2020-08-27T11:15:43.080+0000][21728][gc,marking   ] GC(102) Concurrent Clear Claimed Marks 0.803ms
[2020-08-27T11:15:43.080+0000][21728][gc,marking   ] GC(102) Concurrent Scan Root Regions
[2020-08-27T11:15:43.083+0000][21728][gc,marking   ] GC(102) Concurrent Scan Root Regions 3.329ms
[2020-08-27T11:15:43.083+0000][21728][gc,marking   ] GC(102) Concurrent Mark (61.039s)
[2020-08-27T11:15:43.083+0000][21728][gc,marking   ] GC(102) Concurrent Mark From Roots
[2020-08-27T11:15:43.083+0000][21728][gc,task      ] GC(102) Using 2 workers of 2 for marking
[2020-08-27T11:15:43.182+0000][21728][gc,marking   ] GC(102) Concurrent Mark From Roots 98.414ms
[2020-08-27T11:15:43.182+0000][21728][gc,marking   ] GC(102) Concurrent Preclean
[2020-08-27T11:15:43.182+0000][21728][gc,marking   ] GC(102) Concurrent Preclean 0.257ms
[2020-08-27T11:15:43.182+0000][21728][gc,marking   ] GC(102) Concurrent Mark (61.039s, 61.138s) 98.761ms
[2020-08-27T11:15:43.182+0000][21728][gc,start     ] GC(102) Pause Remark
[2020-08-27T11:15:43.190+0000][21728][gc           ] GC(102) Pause Remark 311M->311M(1024M) 7.687ms
[2020-08-27T11:15:43.190+0000][21728][gc,cpu       ] GC(102) User=0.11s Sys=0.00s Real=0.01s
[2020-08-27T11:15:43.190+0000][21728][safepoint    ] Safepoint "G1Concurrent", Time since last: 103168400 ns, Reaching safepoint: 115600 ns, At safepoint: 7871400 ns, Total: 7987000 ns
[2020-08-27T11:15:43.190+0000][21728][gc,marking   ] GC(102) Concurrent Rebuild Remembered Sets
[2020-08-27T11:15:43.227+0000][21728][safepoint    ] Safepoint "ICBufferFull", Time since last: 36048900 ns, Reaching safepoint: 756700 ns, At safepoint: 12400 ns, Total: 769100 ns
[2020-08-27T11:15:43.248+0000][21728][gc,marking   ] GC(102) Concurrent Rebuild Remembered Sets 57.841ms
[2020-08-27T11:15:43.248+0000][21728][gc,start     ] GC(102) Pause Cleanup
[2020-08-27T11:15:43.249+0000][21728][gc           ] GC(102) Pause Cleanup 376M->376M(1024M) 0.211ms
[2020-08-27T11:15:43.249+0000][21728][gc,cpu       ] GC(102) User=0.00s Sys=0.00s Real=0.00s
[2020-08-27T11:15:43.249+0000][21728][safepoint    ] Safepoint "G1Concurrent", Time since last: 21214700 ns, Reaching safepoint: 232500 ns, At safepoint: 349800 ns, Total: 582300 ns
[2020-08-27T11:15:43.249+0000][21728][gc,marking   ] GC(102) Concurrent Cleanup for Next Mark
[2020-08-27T11:15:43.250+0000][21728][gc,marking   ] GC(102) Concurrent Cleanup for Next Mark 1.386ms
[2020-08-27T11:15:43.250+0000][21728][gc           ] GC(102) Concurrent Cycle 171.308ms
[2020-08-27T11:15:43.348+0000][21728][gc,start     ] GC(103) Pause Young (Concurrent Start) (G1 Humongous Allocation)
[2020-08-27T11:15:43.348+0000][21728][gc,task      ] GC(103) Using 8 workers of 8 for evacuation
[2020-08-27T11:15:43.348+0000][21728][gc,age       ] GC(103) Desired survivor size 33554432 bytes, new threshold 15 (max threshold 15)
[2020-08-27T11:15:43.351+0000][21728][gc,age       ] GC(103) Age table with threshold 15 (max threshold 15)
[2020-08-27T11:15:43.351+0000][21728][gc,age       ] GC(103) - age   1:    2773144 bytes,    2773144 total
[2020-08-27T11:15:43.351+0000][21728][gc,age       ] GC(103) - age   2:     737416 bytes,    3510560 total
[2020-08-27T11:15:43.351+0000][21728][gc,age       ] GC(103) - age   3:        520 bytes,    3511080 total
[2020-08-27T11:15:43.351+0000][21728][gc,age       ] GC(103) - age   4:       1080 bytes,    3512160 total
[2020-08-27T11:15:43.351+0000][21728][gc,age       ] GC(103) - age   5:       1784 bytes,    3513944 total
[2020-08-27T11:15:43.351+0000][21728][gc,age       ] GC(103) - age   6:       2592 bytes,    3516536 total
[2020-08-27T11:15:43.351+0000][21728][gc,age       ] GC(103) - age   7:       1400 bytes,    3517936 total
[2020-08-27T11:15:43.351+0000][21728][gc,age       ] GC(103) - age   8:        272 bytes,    3518208 total
[2020-08-27T11:15:43.351+0000][21728][gc,age       ] GC(103) - age   9:       1240 bytes,    3519448 total
[2020-08-27T11:15:43.351+0000][21728][gc,age       ] GC(103) - age  10:        944 bytes,    3520392 total
[2020-08-27T11:15:43.351+0000][21728][gc,age       ] GC(103) - age  11:       1304 bytes,    3521696 total
[2020-08-27T11:15:43.351+0000][21728][gc,age       ] GC(103) - age  12:        384 bytes,    3522080 total
[2020-08-27T11:15:43.351+0000][21728][gc,age       ] GC(103) - age  13:       4616 bytes,    3526696 total
[2020-08-27T11:15:43.351+0000][21728][gc,age       ] GC(103) - age  14:     155152 bytes,    3681848 total
[2020-08-27T11:15:43.351+0000][21728][gc,age       ] GC(103) - age  15:        368 bytes,    3682216 total
[2020-08-27T11:15:43.351+0000][21728][gc,phases    ] GC(103)   Pre Evacuate Collection Set: 0.3ms
[2020-08-27T11:15:43.351+0000][21728][gc,phases    ] GC(103)   Merge Heap Roots: 0.1ms
[2020-08-27T11:15:43.351+0000][21728][gc,phases    ] GC(103)   Evacuate Collection Set: 2.0ms
[2020-08-27T11:15:43.351+0000][21728][gc,phases    ] GC(103)   Post Evacuate Collection Set: 0.6ms
[2020-08-27T11:15:43.351+0000][21728][gc,phases    ] GC(103)   Other: 0.7ms
[2020-08-27T11:15:43.351+0000][21728][gc,heap      ] GC(103) Eden regions: 40->0(506)
[2020-08-27T11:15:43.351+0000][21728][gc,heap      ] GC(103) Survivor regions: 4->4(64)
[2020-08-27T11:15:43.351+0000][21728][gc,heap      ] GC(103) Old regions: 76->76
[2020-08-27T11:15:43.351+0000][21728][gc,heap      ] GC(103) Archive regions: 0->0
[2020-08-27T11:15:43.351+0000][21728][gc,heap      ] GC(103) Humongous regions: 270->174
[2020-08-27T11:15:43.351+0000][21728][gc,metaspace ] GC(103) Metaspace: 84002K(90496K)->84002K(90496K) NonClass: 72904K(76800K)->72904K(76800K) Class: 11098K(13696K)->11098K(13696K)
[2020-08-27T11:15:43.351+0000][21728][gc           ] GC(103) Pause Young (Concurrent Start) (G1 Humongous Allocation) 388M->252M(1024M) 3.791ms
[2020-08-27T11:15:43.351+0000][21728][gc,cpu       ] GC(103) User=0.00s Sys=0.00s Real=0.00s
[2020-08-27T11:15:43.351+0000][21728][gc           ] GC(104) Concurrent Cycle
[2020-08-27T11:15:43.351+0000][21728][safepoint    ] Safepoint "G1TryInitiateConcMark", Time since last: 98656800 ns, Reaching safepoint: 126000 ns, At safepoint: 3975200 ns, Total: 4101200 ns
[2020-08-27T11:15:43.351+0000][21728][gc,marking   ] GC(104) Concurrent Clear Claimed Marks
[2020-08-27T11:15:43.352+0000][21728][gc,marking   ] GC(104) Concurrent Clear Claimed Marks 0.510ms
[2020-08-27T11:15:43.352+0000][21728][gc,marking   ] GC(104) Concurrent Scan Root Regions
[2020-08-27T11:15:43.354+0000][21728][gc,marking   ] GC(104) Concurrent Scan Root Regions 2.260ms
[2020-08-27T11:15:43.354+0000][21728][gc,marking   ] GC(104) Concurrent Mark (61.310s)
[2020-08-27T11:15:43.354+0000][21728][gc,marking   ] GC(104) Concurrent Mark From Roots
[2020-08-27T11:15:43.354+0000][21728][gc,task      ] GC(104) Using 2 workers of 2 for marking
[2020-08-27T11:15:43.459+0000][21728][gc,marking   ] GC(104) Concurrent Mark From Roots 104.111ms
[2020-08-27T11:15:43.459+0000][21728][gc,marking   ] GC(104) Concurrent Preclean
[2020-08-27T11:15:43.459+0000][21728][gc,marking   ] GC(104) Concurrent Preclean 0.382ms
[2020-08-27T11:15:43.459+0000][21728][gc,marking   ] GC(104) Concurrent Mark (61.310s, 61.415s) 104.638ms
[2020-08-27T11:15:43.459+0000][21728][gc,start     ] GC(104) Pause Remark
[2020-08-27T11:15:43.463+0000][21728][gc           ] GC(104) Pause Remark 310M->310M(1024M) 3.571ms
[2020-08-27T11:15:43.463+0000][21728][gc,cpu       ] GC(104) User=0.00s Sys=0.00s Real=0.00s
[2020-08-27T11:15:43.463+0000][21728][safepoint    ] Safepoint "G1Concurrent", Time since last: 107667600 ns, Reaching safepoint: 142200 ns, At safepoint: 3795900 ns, Total: 3938100 ns
[2020-08-27T11:15:43.463+0000][21728][gc,marking   ] GC(104) Concurrent Rebuild Remembered Sets
[2020-08-27T11:15:43.526+0000][21728][gc,marking   ] GC(104) Concurrent Rebuild Remembered Sets 62.609ms
[2020-08-27T11:15:43.526+0000][21728][gc,start     ] GC(104) Pause Cleanup
[2020-08-27T11:15:43.526+0000][21728][gc           ] GC(104) Pause Cleanup 314M->314M(1024M) 0.219ms
[2020-08-27T11:15:43.526+0000][21728][gc,cpu       ] GC(104) User=0.00s Sys=0.00s Real=0.00s
[2020-08-27T11:15:43.526+0000][21728][safepoint    ] Safepoint "G1Concurrent", Time since last: 62764100 ns, Reaching safepoint: 133400 ns, At safepoint: 360700 ns, Total: 494100 ns
[2020-08-27T11:15:43.526+0000][21728][gc,marking   ] GC(104) Concurrent Cleanup for Next Mark
[2020-08-27T11:15:43.528+0000][21728][gc,marking   ] GC(104) Concurrent Cleanup for Next Mark 1.965ms
[2020-08-27T11:15:43.528+0000][21728][gc           ] GC(104) Concurrent Cycle 177.083ms
[2020-08-27T11:15:43.541+0000][21728][gc,start     ] GC(105) Pause Young (Concurrent Start) (G1 Humongous Allocation)
[2020-08-27T11:15:43.541+0000][21728][gc,task      ] GC(105) Using 8 workers of 8 for evacuation
[2020-08-27T11:15:43.541+0000][21728][gc,age       ] GC(105) Desired survivor size 33554432 bytes, new threshold 15 (max threshold 15)
[2020-08-27T11:15:43.544+0000][21728][gc,age       ] GC(105) Age table with threshold 15 (max threshold 15)
[2020-08-27T11:15:43.544+0000][21728][gc,age       ] GC(105) - age   1:    2738008 bytes,    2738008 total
[2020-08-27T11:15:43.544+0000][21728][gc,age       ] GC(105) - age   2:     202936 bytes,    2940944 total
[2020-08-27T11:15:43.544+0000][21728][gc,age       ] GC(105) - age   3:     736472 bytes,    3677416 total
[2020-08-27T11:15:43.544+0000][21728][gc,age       ] GC(105) - age   4:        520 bytes,    3677936 total
[2020-08-27T11:15:43.544+0000][21728][gc,age       ] GC(105) - age   5:       1080 bytes,    3679016 total
[2020-08-27T11:15:43.544+0000][21728][gc,age       ] GC(105) - age   6:       1752 bytes,    3680768 total
[2020-08-27T11:15:43.544+0000][21728][gc,age       ] GC(105) - age   7:       2408 bytes,    3683176 total
[2020-08-27T11:15:43.544+0000][21728][gc,age       ] GC(105) - age   8:       1400 bytes,    3684576 total
[2020-08-27T11:15:43.544+0000][21728][gc,age       ] GC(105) - age   9:        272 bytes,    3684848 total
[2020-08-27T11:15:43.544+0000][21728][gc,age       ] GC(105) - age  10:       1240 bytes,    3686088 total
[2020-08-27T11:15:43.544+0000][21728][gc,age       ] GC(105) - age  11:        656 bytes,    3686744 total
[2020-08-27T11:15:43.544+0000][21728][gc,age       ] GC(105) - age  12:       1272 bytes,    3688016 total
[2020-08-27T11:15:43.544+0000][21728][gc,age       ] GC(105) - age  13:        384 bytes,    3688400 total
[2020-08-27T11:15:43.544+0000][21728][gc,age       ] GC(105) - age  14:       4616 bytes,    3693016 total
[2020-08-27T11:15:43.544+0000][21728][gc,age       ] GC(105) - age  15:     155152 bytes,    3848168 total
[2020-08-27T11:15:43.545+0000][21728][gc,phases    ] GC(105)   Pre Evacuate Collection Set: 0.4ms
[2020-08-27T11:15:43.545+0000][21728][gc,phases    ] GC(105)   Merge Heap Roots: 0.1ms
[2020-08-27T11:15:43.545+0000][21728][gc,phases    ] GC(105)   Evacuate Collection Set: 2.3ms
[2020-08-27T11:15:43.545+0000][21728][gc,phases    ] GC(105)   Post Evacuate Collection Set: 0.5ms
[2020-08-27T11:15:43.545+0000][21728][gc,phases    ] GC(105)   Other: 0.6ms
[2020-08-27T11:15:43.545+0000][21728][gc,heap      ] GC(105) Eden regions: 20->0(506)
[2020-08-27T11:15:43.545+0000][21728][gc,heap      ] GC(105) Survivor regions: 4->4(64)
[2020-08-27T11:15:43.545+0000][21728][gc,heap      ] GC(105) Old regions: 76->76
[2020-08-27T11:15:43.545+0000][21728][gc,heap      ] GC(105) Archive regions: 0->0
[2020-08-27T11:15:43.545+0000][21728][gc,heap      ] GC(105) Humongous regions: 231->174
[2020-08-27T11:15:43.545+0000][21728][gc,metaspace ] GC(105) Metaspace: 84006K(90496K)->84006K(90496K) NonClass: 72908K(76800K)->72908K(76800K) Class: 11098K(13696K)->11098K(13696K)
[2020-08-27T11:15:43.545+0000][21728][gc           ] GC(105) Pause Young (Concurrent Start) (G1 Humongous Allocation) 329M->253M(1024M) 4.129ms
[2020-08-27T11:15:43.545+0000][21728][gc,cpu       ] GC(105) User=0.00s Sys=0.00s Real=0.00s
[2020-08-27T11:15:43.545+0000][21728][gc           ] GC(106) Concurrent Cycle
[2020-08-27T11:15:43.545+0000][21728][safepoint    ] Safepoint "G1TryInitiateConcMark", Time since last: 14152800 ns, Reaching safepoint: 163900 ns, At safepoint: 4296200 ns, Total: 4460100 ns
[2020-08-27T11:15:43.545+0000][21728][gc,marking   ] GC(106) Concurrent Clear Claimed Marks
[2020-08-27T11:15:43.545+0000][21728][gc,marking   ] GC(106) Concurrent Clear Claimed Marks 0.383ms
[2020-08-27T11:15:43.545+0000][21728][gc,marking   ] GC(106) Concurrent Scan Root Regions
[2020-08-27T11:15:43.548+0000][21728][gc,marking   ] GC(106) Concurrent Scan Root Regions 2.732ms
[2020-08-27T11:15:43.548+0000][21728][gc,marking   ] GC(106) Concurrent Mark (61.504s)
[2020-08-27T11:15:43.548+0000][21728][gc,marking   ] GC(106) Concurrent Mark From Roots
[2020-08-27T11:15:43.548+0000][21728][gc,task      ] GC(106) Using 2 workers of 2 for marking
[2020-08-27T11:15:43.645+0000][21728][gc,marking   ] GC(106) Concurrent Mark From Roots 96.443ms
[2020-08-27T11:15:43.645+0000][21728][gc,marking   ] GC(106) Concurrent Preclean
[2020-08-27T11:15:43.645+0000][21728][gc,marking   ] GC(106) Concurrent Preclean 0.333ms
[2020-08-27T11:15:43.645+0000][21728][gc,marking   ] GC(106) Concurrent Mark (61.504s, 61.601s) 96.897ms
[2020-08-27T11:15:43.645+0000][21728][gc,start     ] GC(106) Pause Remark
[2020-08-27T11:15:43.648+0000][21728][gc           ] GC(106) Pause Remark 301M->301M(1024M) 3.083ms
[2020-08-27T11:15:43.648+0000][21728][gc,cpu       ] GC(106) User=0.00s Sys=0.00s Real=0.00s
[2020-08-27T11:15:43.649+0000][21728][safepoint    ] Safepoint "G1Concurrent", Time since last: 100214900 ns, Reaching safepoint: 113600 ns, At safepoint: 3294700 ns, Total: 3408300 ns
[2020-08-27T11:15:43.649+0000][21728][gc,marking   ] GC(106) Concurrent Rebuild Remembered Sets
[2020-08-27T11:15:43.708+0000][21728][gc,marking   ] GC(106) Concurrent Rebuild Remembered Sets 59.229ms
[2020-08-27T11:15:43.708+0000][21728][gc,start     ] GC(106) Pause Cleanup
[2020-08-27T11:15:43.708+0000][21728][gc           ] GC(106) Pause Cleanup 368M->368M(1024M) 0.184ms
[2020-08-27T11:15:43.708+0000][21728][gc,cpu       ] GC(106) User=0.00s Sys=0.00s Real=0.00s
[2020-08-27T11:15:43.708+0000][21728][safepoint    ] Safepoint "G1Concurrent", Time since last: 59350500 ns, Reaching safepoint: 93500 ns, At safepoint: 300200 ns, Total: 393700 ns
[2020-08-27T11:15:43.708+0000][21728][gc,marking   ] GC(106) Concurrent Cleanup for Next Mark
[2020-08-27T11:15:43.709+0000][21728][gc,marking   ] GC(106) Concurrent Cleanup for Next Mark 1.125ms
[2020-08-27T11:15:43.710+0000][21728][gc           ] GC(106) Concurrent Cycle 164.671ms
[2020-08-27T11:15:43.815+0000][21728][gc,start     ] GC(107) Pause Young (Concurrent Start) (G1 Humongous Allocation)
[2020-08-27T11:15:43.815+0000][21728][gc,task      ] GC(107) Using 8 workers of 8 for evacuation
[2020-08-27T11:15:43.815+0000][21728][gc,age       ] GC(107) Desired survivor size 33554432 bytes, new threshold 15 (max threshold 15)
[2020-08-27T11:15:43.819+0000][21728][gc,age       ] GC(107) Age table with threshold 15 (max threshold 15)
[2020-08-27T11:15:43.819+0000][21728][gc,age       ] GC(107) - age   1:    3184176 bytes,    3184176 total
[2020-08-27T11:15:43.819+0000][21728][gc,age       ] GC(107) - age   2:       3576 bytes,    3187752 total
[2020-08-27T11:15:43.819+0000][21728][gc,age       ] GC(107) - age   3:     201888 bytes,    3389640 total
[2020-08-27T11:15:43.819+0000][21728][gc,age       ] GC(107) - age   4:     733872 bytes,    4123512 total
[2020-08-27T11:15:43.819+0000][21728][gc,age       ] GC(107) - age   5:        400 bytes,    4123912 total
[2020-08-27T11:15:43.819+0000][21728][gc,age       ] GC(107) - age   6:       1048 bytes,    4124960 total
[2020-08-27T11:15:43.819+0000][21728][gc,age       ] GC(107) - age   7:       1656 bytes,    4126616 total
[2020-08-27T11:15:43.819+0000][21728][gc,age       ] GC(107) - age   8:       2096 bytes,    4128712 total
[2020-08-27T11:15:43.819+0000][21728][gc,age       ] GC(107) - age   9:       1400 bytes,    4130112 total
[2020-08-27T11:15:43.819+0000][21728][gc,age       ] GC(107) - age  10:        272 bytes,    4130384 total
[2020-08-27T11:15:43.819+0000][21728][gc,age       ] GC(107) - age  11:        496 bytes,    4130880 total
[2020-08-27T11:15:43.819+0000][21728][gc,age       ] GC(107) - age  12:        528 bytes,    4131408 total
[2020-08-27T11:15:43.819+0000][21728][gc,age       ] GC(107) - age  13:       1176 bytes,    4132584 total
[2020-08-27T11:15:43.819+0000][21728][gc,age       ] GC(107) - age  14:        384 bytes,    4132968 total
[2020-08-27T11:15:43.819+0000][21728][gc,age       ] GC(107) - age  15:       4616 bytes,    4137584 total
[2020-08-27T11:15:43.819+0000][21728][gc,phases    ] GC(107)   Pre Evacuate Collection Set: 0.4ms
[2020-08-27T11:15:43.819+0000][21728][gc,phases    ] GC(107)   Merge Heap Roots: 0.1ms
[2020-08-27T11:15:43.819+0000][21728][gc,phases    ] GC(107)   Evacuate Collection Set: 2.5ms
[2020-08-27T11:15:43.819+0000][21728][gc,phases    ] GC(107)   Post Evacuate Collection Set: 0.6ms
[2020-08-27T11:15:43.819+0000][21728][gc,phases    ] GC(107)   Other: 0.6ms
[2020-08-27T11:15:43.819+0000][21728][gc,heap      ] GC(107) Eden regions: 38->0(505)
[2020-08-27T11:15:43.819+0000][21728][gc,heap      ] GC(107) Survivor regions: 4->5(64)
[2020-08-27T11:15:43.819+0000][21728][gc,heap      ] GC(107) Old regions: 76->76
[2020-08-27T11:15:43.819+0000][21728][gc,heap      ] GC(107) Archive regions: 0->0
[2020-08-27T11:15:43.819+0000][21728][gc,heap      ] GC(107) Humongous regions: 261->174
[2020-08-27T11:15:43.819+0000][21728][gc,metaspace ] GC(107) Metaspace: 84037K(90496K)->84037K(90496K) NonClass: 72939K(76800K)->72939K(76800K) Class: 11098K(13696K)->11098K(13696K)
[2020-08-27T11:15:43.820+0000][21728][gc           ] GC(107) Pause Young (Concurrent Start) (G1 Humongous Allocation) 377M->253M(1024M) 4.215ms
[2020-08-27T11:15:43.820+0000][21728][gc,cpu       ] GC(107) User=0.00s Sys=0.00s Real=0.00s
[2020-08-27T11:15:43.820+0000][21728][gc           ] GC(108) Concurrent Cycle
[2020-08-27T11:15:43.820+0000][21728][safepoint    ] Safepoint "G1TryInitiateConcMark", Time since last: 106827400 ns, Reaching safepoint: 134500 ns, At safepoint: 4349100 ns, Total: 4483600 ns
[2020-08-27T11:15:43.820+0000][21728][gc,marking   ] GC(108) Concurrent Clear Claimed Marks
[2020-08-27T11:15:43.820+0000][21728][gc,marking   ] GC(108) Concurrent Clear Claimed Marks 0.402ms
[2020-08-27T11:15:43.820+0000][21728][gc,marking   ] GC(108) Concurrent Scan Root Regions
[2020-08-27T11:15:43.823+0000][21728][gc,marking   ] GC(108) Concurrent Scan Root Regions 2.861ms
[2020-08-27T11:15:43.823+0000][21728][gc,marking   ] GC(108) Concurrent Mark (61.779s)
[2020-08-27T11:15:43.823+0000][21728][gc,marking   ] GC(108) Concurrent Mark From Roots
[2020-08-27T11:15:43.823+0000][21728][gc,task      ] GC(108) Using 2 workers of 2 for marking
[2020-08-27T11:15:43.907+0000][21728][gc,marking   ] GC(108) Concurrent Mark From Roots 84.026ms
[2020-08-27T11:15:43.907+0000][21728][gc,marking   ] GC(108) Concurrent Preclean
[2020-08-27T11:15:43.908+0000][21728][gc,marking   ] GC(108) Concurrent Preclean 0.406ms
[2020-08-27T11:15:43.908+0000][21728][gc,marking   ] GC(108) Concurrent Mark (61.779s, 61.863s) 84.573ms
[2020-08-27T11:15:43.908+0000][21728][gc,start     ] GC(108) Pause Remark
[2020-08-27T11:15:43.911+0000][21728][gc           ] GC(108) Pause Remark 315M->315M(1024M) 3.650ms
[2020-08-27T11:15:43.912+0000][21728][gc,cpu       ] GC(108) User=0.00s Sys=0.00s Real=0.00s
[2020-08-27T11:15:43.912+0000][21728][safepoint    ] Safepoint "G1Concurrent", Time since last: 88067900 ns, Reaching safepoint: 128100 ns, At safepoint: 3844800 ns, Total: 3972900 ns
[2020-08-27T11:15:43.912+0000][21728][gc,marking   ] GC(108) Concurrent Rebuild Remembered Sets
[2020-08-27T11:15:43.978+0000][21728][gc,marking   ] GC(108) Concurrent Rebuild Remembered Sets 65.925ms
[2020-08-27T11:15:43.978+0000][21728][gc,start     ] GC(108) Pause Cleanup
[2020-08-27T11:15:43.978+0000][21728][gc           ] GC(108) Pause Cleanup 380M->380M(1024M) 0.272ms
[2020-08-27T11:15:43.978+0000][21728][gc,cpu       ] GC(108) User=0.00s Sys=0.00s Real=0.00s
[2020-08-27T11:15:43.978+0000][21728][safepoint    ] Safepoint "G1Concurrent", Time since last: 66068000 ns, Reaching safepoint: 131800 ns, At safepoint: 377500 ns, Total: 509300 ns
[2020-08-27T11:15:43.978+0000][21728][gc,marking   ] GC(108) Concurrent Cleanup for Next Mark
[2020-08-27T11:15:43.979+0000][21728][gc,marking   ] GC(108) Concurrent Cleanup for Next Mark 1.216ms
[2020-08-27T11:15:43.980+0000][21728][gc           ] GC(108) Concurrent Cycle 160.011ms
[2020-08-27T11:15:44.097+0000][21728][gc,start     ] GC(109) Pause Young (Concurrent Start) (G1 Humongous Allocation)
[2020-08-27T11:15:44.098+0000][21728][gc,task      ] GC(109) Using 8 workers of 8 for evacuation
[2020-08-27T11:15:44.098+0000][21728][gc,age       ] GC(109) Desired survivor size 33554432 bytes, new threshold 15 (max threshold 15)
[2020-08-27T11:15:44.101+0000][21728][gc,age       ] GC(109) Age table with threshold 15 (max threshold 15)
[2020-08-27T11:15:44.101+0000][21728][gc,age       ] GC(109) - age   1:    3187352 bytes,    3187352 total
[2020-08-27T11:15:44.101+0000][21728][gc,age       ] GC(109) - age   2:     203024 bytes,    3390376 total
[2020-08-27T11:15:44.101+0000][21728][gc,age       ] GC(109) - age   3:       3544 bytes,    3393920 total
[2020-08-27T11:15:44.101+0000][21728][gc,age       ] GC(109) - age   4:     201592 bytes,    3595512 total
[2020-08-27T11:15:44.101+0000][21728][gc,age       ] GC(109) - age   5:     732768 bytes,    4328280 total
[2020-08-27T11:15:44.101+0000][21728][gc,age       ] GC(109) - age   6:        304 bytes,    4328584 total
[2020-08-27T11:15:44.101+0000][21728][gc,age       ] GC(109) - age   7:       1016 bytes,    4329600 total
[2020-08-27T11:15:44.101+0000][21728][gc,age       ] GC(109) - age   8:       1656 bytes,    4331256 total
[2020-08-27T11:15:44.101+0000][21728][gc,age       ] GC(109) - age   9:       2096 bytes,    4333352 total
[2020-08-27T11:15:44.101+0000][21728][gc,age       ] GC(109) - age  10:       1080 bytes,    4334432 total
[2020-08-27T11:15:44.101+0000][21728][gc,age       ] GC(109) - age  11:        272 bytes,    4334704 total
[2020-08-27T11:15:44.101+0000][21728][gc,age       ] GC(109) - age  12:        432 bytes,    4335136 total
[2020-08-27T11:15:44.101+0000][21728][gc,age       ] GC(109) - age  13:        528 bytes,    4335664 total
[2020-08-27T11:15:44.101+0000][21728][gc,age       ] GC(109) - age  14:       1176 bytes,    4336840 total
[2020-08-27T11:15:44.101+0000][21728][gc,age       ] GC(109) - age  15:        384 bytes,    4337224 total
[2020-08-27T11:15:44.101+0000][21728][gc,phases    ] GC(109)   Pre Evacuate Collection Set: 0.3ms
[2020-08-27T11:15:44.101+0000][21728][gc,phases    ] GC(109)   Merge Heap Roots: 0.1ms
[2020-08-27T11:15:44.101+0000][21728][gc,phases    ] GC(109)   Evacuate Collection Set: 2.3ms
[2020-08-27T11:15:44.101+0000][21728][gc,phases    ] GC(109)   Post Evacuate Collection Set: 0.6ms
[2020-08-27T11:15:44.101+0000][21728][gc,phases    ] GC(109)   Other: 0.6ms
[2020-08-27T11:15:44.101+0000][21728][gc,heap      ] GC(109) Eden regions: 43->0(505)
[2020-08-27T11:15:44.101+0000][21728][gc,heap      ] GC(109) Survivor regions: 5->5(64)
[2020-08-27T11:15:44.101+0000][21728][gc,heap      ] GC(109) Old regions: 76->76
[2020-08-27T11:15:44.102+0000][21728][gc,heap      ] GC(109) Archive regions: 0->0
[2020-08-27T11:15:44.102+0000][21728][gc,heap      ] GC(109) Humongous regions: 270->174
[2020-08-27T11:15:44.102+0000][21728][gc,metaspace ] GC(109) Metaspace: 84061K(90496K)->84061K(90496K) NonClass: 72963K(76800K)->72963K(76800K) Class: 11098K(13696K)->11098K(13696K)
[2020-08-27T11:15:44.102+0000][21728][gc           ] GC(109) Pause Young (Concurrent Start) (G1 Humongous Allocation) 392M->253M(1024M) 4.157ms
[2020-08-27T11:15:44.102+0000][21728][gc,cpu       ] GC(109) User=0.00s Sys=0.00s Real=0.01s
[2020-08-27T11:15:44.102+0000][21728][gc           ] GC(110) Concurrent Cycle
[2020-08-27T11:15:44.102+0000][21728][safepoint    ] Safepoint "G1TryInitiateConcMark", Time since last: 119075500 ns, Reaching safepoint: 139700 ns, At safepoint: 4300000 ns, Total: 4439700 ns
[2020-08-27T11:15:44.102+0000][21728][gc,marking   ] GC(110) Concurrent Clear Claimed Marks
[2020-08-27T11:15:44.102+0000][21728][gc,marking   ] GC(110) Concurrent Clear Claimed Marks 0.420ms
[2020-08-27T11:15:44.102+0000][21728][gc,marking   ] GC(110) Concurrent Scan Root Regions
[2020-08-27T11:15:44.105+0000][21728][gc,marking   ] GC(110) Concurrent Scan Root Regions 2.960ms
[2020-08-27T11:15:44.105+0000][21728][gc,marking   ] GC(110) Concurrent Mark (62.061s)
[2020-08-27T11:15:44.105+0000][21728][gc,marking   ] GC(110) Concurrent Mark From Roots
[2020-08-27T11:15:44.105+0000][21728][gc,task      ] GC(110) Using 2 workers of 2 for marking
[2020-08-27T11:15:44.208+0000][21728][gc,marking   ] GC(110) Concurrent Mark From Roots 102.599ms
[2020-08-27T11:15:44.208+0000][21728][gc,marking   ] GC(110) Concurrent Preclean
[2020-08-27T11:15:44.208+0000][21728][gc,marking   ] GC(110) Concurrent Preclean 0.311ms
[2020-08-27T11:15:44.208+0000][21728][gc,marking   ] GC(110) Concurrent Mark (62.061s, 62.164s) 103.056ms
[2020-08-27T11:15:44.209+0000][21728][gc,start     ] GC(110) Pause Remark
[2020-08-27T11:15:44.212+0000][21728][gc           ] GC(110) Pause Remark 312M->312M(1024M) 3.509ms
[2020-08-27T11:15:44.212+0000][21728][gc,cpu       ] GC(110) User=0.00s Sys=0.00s Real=0.00s
[2020-08-27T11:15:44.212+0000][21728][safepoint    ] Safepoint "G1Concurrent", Time since last: 106727400 ns, Reaching safepoint: 132700 ns, At safepoint: 3687000 ns, Total: 3819700 ns
[2020-08-27T11:15:44.212+0000][21728][gc,marking   ] GC(110) Concurrent Rebuild Remembered Sets
[2020-08-27T11:15:44.281+0000][21728][gc,marking   ] GC(110) Concurrent Rebuild Remembered Sets 68.224ms
[2020-08-27T11:15:44.281+0000][21728][gc,start     ] GC(110) Pause Cleanup
[2020-08-27T11:15:44.281+0000][21728][gc           ] GC(110) Pause Cleanup 379M->379M(1024M) 0.208ms
[2020-08-27T11:15:44.281+0000][21728][gc,cpu       ] GC(110) User=0.00s Sys=0.00s Real=0.00s
[2020-08-27T11:15:44.281+0000][21728][safepoint    ] Safepoint "G1Concurrent", Time since last: 68380500 ns, Reaching safepoint: 157300 ns, At safepoint: 323900 ns, Total: 481200 ns
[2020-08-27T11:15:44.281+0000][21728][gc,marking   ] GC(110) Concurrent Cleanup for Next Mark
[2020-08-27T11:15:44.282+0000][21728][gc,marking   ] GC(110) Concurrent Cleanup for Next Mark 1.174ms
[2020-08-27T11:15:44.282+0000][21728][gc           ] GC(110) Concurrent Cycle 180.743ms
[2020-08-27T11:15:44.382+0000][21728][gc,start     ] GC(111) Pause Young (Concurrent Start) (G1 Humongous Allocation)
[2020-08-27T11:15:44.382+0000][21728][gc,task      ] GC(111) Using 8 workers of 8 for evacuation
[2020-08-27T11:15:44.382+0000][21728][gc,age       ] GC(111) Desired survivor size 33554432 bytes, new threshold 15 (max threshold 15)
[2020-08-27T11:15:44.386+0000][21728][gc,age       ] GC(111) Age table with threshold 15 (max threshold 15)
[2020-08-27T11:15:44.386+0000][21728][gc,age       ] GC(111) - age   1:    3184600 bytes,    3184600 total
[2020-08-27T11:15:44.386+0000][21728][gc,age       ] GC(111) - age   2:     200872 bytes,    3385472 total
[2020-08-27T11:15:44.386+0000][21728][gc,age       ] GC(111) - age   3:     203024 bytes,    3588496 total
[2020-08-27T11:15:44.386+0000][21728][gc,age       ] GC(111) - age   4:       3544 bytes,    3592040 total
[2020-08-27T11:15:44.386+0000][21728][gc,age       ] GC(111) - age   5:     200792 bytes,    3792832 total
[2020-08-27T11:15:44.386+0000][21728][gc,age       ] GC(111) - age   6:     730128 bytes,    4522960 total
[2020-08-27T11:15:44.386+0000][21728][gc,age       ] GC(111) - age   7:        304 bytes,    4523264 total
[2020-08-27T11:15:44.386+0000][21728][gc,age       ] GC(111) - age   8:       1016 bytes,    4524280 total
[2020-08-27T11:15:44.386+0000][21728][gc,age       ] GC(111) - age   9:       1200 bytes,    4525480 total
[2020-08-27T11:15:44.386+0000][21728][gc,age       ] GC(111) - age  10:       1808 bytes,    4527288 total
[2020-08-27T11:15:44.386+0000][21728][gc,age       ] GC(111) - age  11:       1048 bytes,    4528336 total
[2020-08-27T11:15:44.386+0000][21728][gc,age       ] GC(111) - age  12:        272 bytes,    4528608 total
[2020-08-27T11:15:44.386+0000][21728][gc,age       ] GC(111) - age  13:        432 bytes,    4529040 total
[2020-08-27T11:15:44.386+0000][21728][gc,age       ] GC(111) - age  14:        528 bytes,    4529568 total
[2020-08-27T11:15:44.386+0000][21728][gc,age       ] GC(111) - age  15:       1176 bytes,    4530744 total
[2020-08-27T11:15:44.386+0000][21728][gc,phases    ] GC(111)   Pre Evacuate Collection Set: 0.3ms
[2020-08-27T11:15:44.386+0000][21728][gc,phases    ] GC(111)   Merge Heap Roots: 0.1ms
[2020-08-27T11:15:44.386+0000][21728][gc,phases    ] GC(111)   Evacuate Collection Set: 2.4ms
[2020-08-27T11:15:44.386+0000][21728][gc,phases    ] GC(111)   Post Evacuate Collection Set: 0.7ms
[2020-08-27T11:15:44.386+0000][21728][gc,phases    ] GC(111)   Other: 0.6ms
[2020-08-27T11:15:44.386+0000][21728][gc,heap      ] GC(111) Eden regions: 39->0(505)
[2020-08-27T11:15:44.386+0000][21728][gc,heap      ] GC(111) Survivor regions: 5->5(64)
[2020-08-27T11:15:44.386+0000][21728][gc,heap      ] GC(111) Old regions: 76->76
[2020-08-27T11:15:44.386+0000][21728][gc,heap      ] GC(111) Archive regions: 0->0
[2020-08-27T11:15:44.386+0000][21728][gc,heap      ] GC(111) Humongous regions: 270->174
[2020-08-27T11:15:44.386+0000][21728][gc,metaspace ] GC(111) Metaspace: 84095K(90496K)->84095K(90496K) NonClass: 72996K(76800K)->72996K(76800K) Class: 11098K(13696K)->11098K(13696K)
[2020-08-27T11:15:44.386+0000][21728][gc           ] GC(111) Pause Young (Concurrent Start) (G1 Humongous Allocation) 388M->253M(1024M) 4.332ms
[2020-08-27T11:15:44.386+0000][21728][gc,cpu       ] GC(111) User=0.00s Sys=0.00s Real=0.00s
[2020-08-27T11:15:44.386+0000][21728][gc           ] GC(112) Concurrent Cycle
[2020-08-27T11:15:44.386+0000][21728][safepoint    ] Safepoint "G1TryInitiateConcMark", Time since last: 100634800 ns, Reaching safepoint: 150300 ns, At safepoint: 4515700 ns, Total: 4666000 ns
[2020-08-27T11:15:44.386+0000][21728][gc,marking   ] GC(112) Concurrent Clear Claimed Marks
[2020-08-27T11:15:44.387+0000][21728][gc,marking   ] GC(112) Concurrent Clear Claimed Marks 0.540ms
[2020-08-27T11:15:44.387+0000][21728][gc,marking   ] GC(112) Concurrent Scan Root Regions
[2020-08-27T11:15:44.390+0000][21728][gc,marking   ] GC(112) Concurrent Scan Root Regions 2.516ms
[2020-08-27T11:15:44.390+0000][21728][gc,marking   ] GC(112) Concurrent Mark (62.345s)
[2020-08-27T11:15:44.390+0000][21728][gc,marking   ] GC(112) Concurrent Mark From Roots
[2020-08-27T11:15:44.390+0000][21728][gc,task      ] GC(112) Using 2 workers of 2 for marking
[2020-08-27T11:15:44.508+0000][21728][gc,marking   ] GC(112) Concurrent Mark From Roots 117.858ms
[2020-08-27T11:15:44.508+0000][21728][gc,marking   ] GC(112) Concurrent Preclean
[2020-08-27T11:15:44.508+0000][21728][gc,marking   ] GC(112) Concurrent Preclean 0.331ms
[2020-08-27T11:15:44.508+0000][21728][gc,marking   ] GC(112) Concurrent Mark (62.345s, 62.464s) 118.320ms
[2020-08-27T11:15:44.508+0000][21728][gc,start     ] GC(112) Pause Remark
[2020-08-27T11:15:44.512+0000][21728][gc           ] GC(112) Pause Remark 313M->313M(1024M) 3.490ms
[2020-08-27T11:15:44.512+0000][21728][gc,cpu       ] GC(112) User=0.00s Sys=0.00s Real=0.00s
[2020-08-27T11:15:44.512+0000][21728][safepoint    ] Safepoint "G1Concurrent", Time since last: 121713300 ns, Reaching safepoint: 158500 ns, At safepoint: 3682200 ns, Total: 3840700 ns
[2020-08-27T11:15:44.512+0000][21728][gc,marking   ] GC(112) Concurrent Rebuild Remembered Sets
[2020-08-27T11:15:44.582+0000][21728][gc,marking   ] GC(112) Concurrent Rebuild Remembered Sets 70.372ms
[2020-08-27T11:15:44.583+0000][21728][gc,start     ] GC(112) Pause Cleanup
[2020-08-27T11:15:44.583+0000][21728][gc           ] GC(112) Pause Cleanup 379M->379M(1024M) 0.282ms
[2020-08-27T11:15:44.583+0000][21728][gc,cpu       ] GC(112) User=0.00s Sys=0.00s Real=0.00s
[2020-08-27T11:15:44.583+0000][21728][safepoint    ] Safepoint "G1Concurrent", Time since last: 70546600 ns, Reaching safepoint: 150700 ns, At safepoint: 439200 ns, Total: 589900 ns
[2020-08-27T11:15:44.583+0000][21728][gc,marking   ] GC(112) Concurrent Cleanup for Next Mark
[2020-08-27T11:15:44.585+0000][21728][gc,marking   ] GC(112) Concurrent Cleanup for Next Mark 1.665ms
[2020-08-27T11:15:44.585+0000][21728][gc           ] GC(112) Concurrent Cycle 198.527ms
[2020-08-27T11:15:44.718+0000][21728][gc,start     ] GC(113) Pause Young (Concurrent Start) (G1 Humongous Allocation)
[2020-08-27T11:15:44.718+0000][21728][gc,task      ] GC(113) Using 8 workers of 8 for evacuation
[2020-08-27T11:15:44.718+0000][21728][gc,age       ] GC(113) Desired survivor size 33554432 bytes, new threshold 15 (max threshold 15)
[2020-08-27T11:15:44.722+0000][21728][gc,age       ] GC(113) Age table with threshold 15 (max threshold 15)
[2020-08-27T11:15:44.722+0000][21728][gc,age       ] GC(113) - age   1:    3194480 bytes,    3194480 total
[2020-08-27T11:15:44.722+0000][21728][gc,age       ] GC(113) - age   2:     201288 bytes,    3395768 total
[2020-08-27T11:15:44.722+0000][21728][gc,age       ] GC(113) - age   3:     199624 bytes,    3595392 total
[2020-08-27T11:15:44.722+0000][21728][gc,age       ] GC(113) - age   4:     202872 bytes,    3798264 total
[2020-08-27T11:15:44.722+0000][21728][gc,age       ] GC(113) - age   5:       2312 bytes,    3800576 total
[2020-08-27T11:15:44.722+0000][21728][gc,age       ] GC(113) - age   6:     200568 bytes,    4001144 total
[2020-08-27T11:15:44.722+0000][21728][gc,age       ] GC(113) - age   7:     730128 bytes,    4731272 total
[2020-08-27T11:15:44.722+0000][21728][gc,age       ] GC(113) - age   8:        304 bytes,    4731576 total
[2020-08-27T11:15:44.722+0000][21728][gc,age       ] GC(113) - age   9:       1016 bytes,    4732592 total
[2020-08-27T11:15:44.723+0000][21728][gc,age       ] GC(113) - age  10:        848 bytes,    4733440 total
[2020-08-27T11:15:44.723+0000][21728][gc,age       ] GC(113) - age  11:       1712 bytes,    4735152 total
[2020-08-27T11:15:44.723+0000][21728][gc,age       ] GC(113) - age  12:        808 bytes,    4735960 total
[2020-08-27T11:15:44.723+0000][21728][gc,age       ] GC(113) - age  13:        272 bytes,    4736232 total
[2020-08-27T11:15:44.723+0000][21728][gc,age       ] GC(113) - age  14:        432 bytes,    4736664 total
[2020-08-27T11:15:44.723+0000][21728][gc,age       ] GC(113) - age  15:        464 bytes,    4737128 total
[2020-08-27T11:15:44.723+0000][21728][gc,phases    ] GC(113)   Pre Evacuate Collection Set: 0.4ms
[2020-08-27T11:15:44.723+0000][21728][gc,phases    ] GC(113)   Merge Heap Roots: 0.1ms
[2020-08-27T11:15:44.723+0000][21728][gc,phases    ] GC(113)   Evacuate Collection Set: 2.7ms
[2020-08-27T11:15:44.723+0000][21728][gc,phases    ] GC(113)   Post Evacuate Collection Set: 0.8ms
[2020-08-27T11:15:44.723+0000][21728][gc,phases    ] GC(113)   Other: 1.3ms
[2020-08-27T11:15:44.723+0000][21728][gc,heap      ] GC(113) Eden regions: 39->0(505)
[2020-08-27T11:15:44.723+0000][21728][gc,heap      ] GC(113) Survivor regions: 5->5(64)
[2020-08-27T11:15:44.723+0000][21728][gc,heap      ] GC(113) Old regions: 76->76
[2020-08-27T11:15:44.723+0000][21728][gc,heap      ] GC(113) Archive regions: 0->0
[2020-08-27T11:15:44.723+0000][21728][gc,heap      ] GC(113) Humongous regions: 270->174
[2020-08-27T11:15:44.723+0000][21728][gc,metaspace ] GC(113) Metaspace: 84137K(90496K)->84137K(90496K) NonClass: 73039K(76800K)->73039K(76800K) Class: 11098K(13696K)->11098K(13696K)
[2020-08-27T11:15:44.723+0000][21728][gc           ] GC(113) Pause Young (Concurrent Start) (G1 Humongous Allocation) 388M->254M(1024M) 5.818ms
[2020-08-27T11:15:44.724+0000][21728][gc,cpu       ] GC(113) User=0.11s Sys=0.00s Real=0.01s
[2020-08-27T11:15:44.724+0000][21728][gc           ] GC(114) Concurrent Cycle
[2020-08-27T11:15:44.724+0000][21728][safepoint    ] Safepoint "G1TryInitiateConcMark", Time since last: 134311900 ns, Reaching safepoint: 168400 ns, At safepoint: 6044600 ns, Total: 6213000 ns
[2020-08-27T11:15:44.724+0000][21728][gc,marking   ] GC(114) Concurrent Clear Claimed Marks
[2020-08-27T11:15:44.724+0000][21728][gc,marking   ] GC(114) Concurrent Clear Claimed Marks 0.521ms
[2020-08-27T11:15:44.724+0000][21728][gc,marking   ] GC(114) Concurrent Scan Root Regions
[2020-08-27T11:15:44.728+0000][21728][gc,marking   ] GC(114) Concurrent Scan Root Regions 3.932ms
[2020-08-27T11:15:44.728+0000][21728][gc,marking   ] GC(114) Concurrent Mark (62.684s)
[2020-08-27T11:15:44.728+0000][21728][gc,marking   ] GC(114) Concurrent Mark From Roots
[2020-08-27T11:15:44.728+0000][21728][gc,task      ] GC(114) Using 2 workers of 2 for marking
[2020-08-27T11:15:44.821+0000][21728][gc,marking   ] GC(114) Concurrent Mark From Roots 92.235ms
[2020-08-27T11:15:44.821+0000][21728][gc,marking   ] GC(114) Concurrent Preclean
[2020-08-27T11:15:44.821+0000][21728][gc,marking   ] GC(114) Concurrent Preclean 0.332ms
[2020-08-27T11:15:44.821+0000][21728][gc,marking   ] GC(114) Concurrent Mark (62.684s, 62.777s) 92.704ms
[2020-08-27T11:15:44.821+0000][21728][gc,start     ] GC(114) Pause Remark
[2020-08-27T11:15:44.825+0000][21728][gc           ] GC(114) Pause Remark 312M->312M(1024M) 4.008ms
[2020-08-27T11:15:44.825+0000][21728][gc,cpu       ] GC(114) User=0.00s Sys=0.00s Real=0.00s
[2020-08-27T11:15:44.825+0000][21728][safepoint    ] Safepoint "G1Concurrent", Time since last: 97446100 ns, Reaching safepoint: 169400 ns, At safepoint: 4222600 ns, Total: 4392000 ns
[2020-08-27T11:15:44.826+0000][21728][gc,marking   ] GC(114) Concurrent Rebuild Remembered Sets
[2020-08-27T11:15:44.893+0000][21728][gc,marking   ] GC(114) Concurrent Rebuild Remembered Sets 67.560ms
[2020-08-27T11:15:44.893+0000][21728][gc,start     ] GC(114) Pause Cleanup
[2020-08-27T11:15:44.894+0000][21728][gc           ] GC(114) Pause Cleanup 380M->380M(1024M) 0.245ms
[2020-08-27T11:15:44.894+0000][21728][gc,cpu       ] GC(114) User=0.00s Sys=0.00s Real=0.00s
[2020-08-27T11:15:44.894+0000][21728][safepoint    ] Safepoint "G1Concurrent", Time since last: 67756600 ns, Reaching safepoint: 147900 ns, At safepoint: 420300 ns, Total: 568200 ns
[2020-08-27T11:15:44.894+0000][21728][gc,marking   ] GC(114) Concurrent Cleanup for Next Mark
[2020-08-27T11:15:44.895+0000][21728][gc,marking   ] GC(114) Concurrent Cleanup for Next Mark 1.425ms
[2020-08-27T11:15:44.895+0000][21728][gc           ] GC(114) Concurrent Cycle 171.751ms
[2020-08-27T11:15:45.008+0000][21728][gc,start     ] GC(115) Pause Young (Concurrent Start) (G1 Humongous Allocation)
[2020-08-27T11:15:45.008+0000][21728][gc,task      ] GC(115) Using 8 workers of 8 for evacuation
[2020-08-27T11:15:45.008+0000][21728][gc,age       ] GC(115) Desired survivor size 33554432 bytes, new threshold 15 (max threshold 15)
[2020-08-27T11:15:45.011+0000][21728][gc,age       ] GC(115) Age table with threshold 15 (max threshold 15)
[2020-08-27T11:15:45.012+0000][21728][gc,age       ] GC(115) - age   1:    3185328 bytes,    3185328 total
[2020-08-27T11:15:45.012+0000][21728][gc,age       ] GC(115) - age   2:     204264 bytes,    3389592 total
[2020-08-27T11:15:45.012+0000][21728][gc,age       ] GC(115) - age   3:     201040 bytes,    3590632 total
[2020-08-27T11:15:45.012+0000][21728][gc,age       ] GC(115) - age   4:     199056 bytes,    3789688 total
[2020-08-27T11:15:45.012+0000][21728][gc,age       ] GC(115) - age   5:     202368 bytes,    3992056 total
[2020-08-27T11:15:45.012+0000][21728][gc,age       ] GC(115) - age   6:       2280 bytes,    3994336 total
[2020-08-27T11:15:45.012+0000][21728][gc,age       ] GC(115) - age   7:     200568 bytes,    4194904 total
[2020-08-27T11:15:45.012+0000][21728][gc,age       ] GC(115) - age   8:     727696 bytes,    4922600 total
[2020-08-27T11:15:45.012+0000][21728][gc,age       ] GC(115) - age   9:        280 bytes,    4922880 total
[2020-08-27T11:15:45.012+0000][21728][gc,age       ] GC(115) - age  10:        272 bytes,    4923152 total
[2020-08-27T11:15:45.012+0000][21728][gc,age       ] GC(115) - age  11:        816 bytes,    4923968 total
[2020-08-27T11:15:45.012+0000][21728][gc,age       ] GC(115) - age  12:       1680 bytes,    4925648 total
[2020-08-27T11:15:45.012+0000][21728][gc,age       ] GC(115) - age  13:        776 bytes,    4926424 total
[2020-08-27T11:15:45.012+0000][21728][gc,age       ] GC(115) - age  14:        272 bytes,    4926696 total
[2020-08-27T11:15:45.012+0000][21728][gc,age       ] GC(115) - age  15:        432 bytes,    4927128 total
[2020-08-27T11:15:45.012+0000][21728][gc,phases    ] GC(115)   Pre Evacuate Collection Set: 0.3ms
[2020-08-27T11:15:45.012+0000][21728][gc,phases    ] GC(115)   Merge Heap Roots: 0.1ms
[2020-08-27T11:15:45.012+0000][21728][gc,phases    ] GC(115)   Evacuate Collection Set: 2.5ms
[2020-08-27T11:15:45.012+0000][21728][gc,phases    ] GC(115)   Post Evacuate Collection Set: 0.7ms
[2020-08-27T11:15:45.012+0000][21728][gc,phases    ] GC(115)   Other: 0.7ms
[2020-08-27T11:15:45.012+0000][21728][gc,heap      ] GC(115) Eden regions: 42->0(505)
[2020-08-27T11:15:45.012+0000][21728][gc,heap      ] GC(115) Survivor regions: 5->5(64)
[2020-08-27T11:15:45.012+0000][21728][gc,heap      ] GC(115) Old regions: 76->76
[2020-08-27T11:15:45.012+0000][21728][gc,heap      ] GC(115) Archive regions: 0->0
[2020-08-27T11:15:45.012+0000][21728][gc,heap      ] GC(115) Humongous regions: 270->174
[2020-08-27T11:15:45.012+0000][21728][gc,metaspace ] GC(115) Metaspace: 84157K(90752K)->84157K(90752K) NonClass: 73059K(77056K)->73059K(77056K) Class: 11098K(13696K)->11098K(13696K)
[2020-08-27T11:15:45.012+0000][21728][gc           ] GC(115) Pause Young (Concurrent Start) (G1 Humongous Allocation) 391M->254M(1024M) 4.460ms
[2020-08-27T11:15:45.012+0000][21728][gc,cpu       ] GC(115) User=0.00s Sys=0.00s Real=0.00s
[2020-08-27T11:15:45.012+0000][21728][safepoint    ] Safepoint "G1TryInitiateConcMark", Time since last: 113637300 ns, Reaching safepoint: 149100 ns, At safepoint: 4599400 ns, Total: 4748500 ns
[2020-08-27T11:15:45.012+0000][21728][gc           ] GC(116) Concurrent Cycle
[2020-08-27T11:15:45.012+0000][21728][gc,marking   ] GC(116) Concurrent Clear Claimed Marks
[2020-08-27T11:15:45.013+0000][21728][gc,marking   ] GC(116) Concurrent Clear Claimed Marks 0.340ms
[2020-08-27T11:15:45.013+0000][21728][gc,marking   ] GC(116) Concurrent Scan Root Regions
[2020-08-27T11:15:45.015+0000][21728][gc,marking   ] GC(116) Concurrent Scan Root Regions 2.146ms
[2020-08-27T11:15:45.015+0000][21728][gc,marking   ] GC(116) Concurrent Mark (62.970s)
[2020-08-27T11:15:45.015+0000][21728][gc,marking   ] GC(116) Concurrent Mark From Roots
[2020-08-27T11:15:45.015+0000][21728][gc,task      ] GC(116) Using 2 workers of 2 for marking
[2020-08-27T11:15:45.117+0000][21728][gc,marking   ] GC(116) Concurrent Mark From Roots 102.012ms
[2020-08-27T11:15:45.117+0000][21728][gc,marking   ] GC(116) Concurrent Preclean
[2020-08-27T11:15:45.117+0000][21728][gc,marking   ] GC(116) Concurrent Preclean 0.414ms
[2020-08-27T11:15:45.117+0000][21728][gc,marking   ] GC(116) Concurrent Mark (62.970s, 63.073s) 102.559ms
[2020-08-27T11:15:45.118+0000][21728][gc,start     ] GC(116) Pause Remark
[2020-08-27T11:15:45.122+0000][21728][gc           ] GC(116) Pause Remark 314M->314M(1024M) 3.909ms
[2020-08-27T11:15:45.122+0000][21728][gc,cpu       ] GC(116) User=0.00s Sys=0.00s Real=0.00s
[2020-08-27T11:15:45.122+0000][21728][safepoint    ] Safepoint "G1Concurrent", Time since last: 105311100 ns, Reaching safepoint: 144300 ns, At safepoint: 4098600 ns, Total: 4242900 ns
[2020-08-27T11:15:45.122+0000][21728][gc,marking   ] GC(116) Concurrent Rebuild Remembered Sets
[2020-08-27T11:15:45.191+0000][21728][gc,marking   ] GC(116) Concurrent Rebuild Remembered Sets 69.090ms
[2020-08-27T11:15:45.191+0000][21728][gc,start     ] GC(116) Pause Cleanup
[2020-08-27T11:15:45.191+0000][21728][gc           ] GC(116) Pause Cleanup 379M->379M(1024M) 0.279ms
[2020-08-27T11:15:45.192+0000][21728][gc,cpu       ] GC(116) User=0.00s Sys=0.00s Real=0.00s
[2020-08-27T11:15:45.192+0000][21728][safepoint    ] Safepoint "G1Concurrent", Time since last: 69248800 ns, Reaching safepoint: 137100 ns, At safepoint: 456300 ns, Total: 593400 ns
[2020-08-27T11:15:45.192+0000][21728][gc,marking   ] GC(116) Concurrent Cleanup for Next Mark
[2020-08-27T11:15:45.193+0000][21728][gc,marking   ] GC(116) Concurrent Cleanup for Next Mark 1.497ms
[2020-08-27T11:15:45.193+0000][21728][gc           ] GC(116) Concurrent Cycle 181.002ms
[2020-08-27T11:15:45.320+0000][21728][gc,start     ] GC(117) Pause Young (Concurrent Start) (G1 Humongous Allocation)
[2020-08-27T11:15:45.320+0000][21728][gc,task      ] GC(117) Using 8 workers of 8 for evacuation
[2020-08-27T11:15:45.320+0000][21728][gc,age       ] GC(117) Desired survivor size 33554432 bytes, new threshold 15 (max threshold 15)
[2020-08-27T11:15:45.324+0000][21728][gc,age       ] GC(117) Age table with threshold 15 (max threshold 15)
[2020-08-27T11:15:45.324+0000][21728][gc,age       ] GC(117) - age   1:    3194336 bytes,    3194336 total
[2020-08-27T11:15:45.324+0000][21728][gc,age       ] GC(117) - age   2:     205008 bytes,    3399344 total
[2020-08-27T11:15:45.324+0000][21728][gc,age       ] GC(117) - age   3:     204264 bytes,    3603608 total
[2020-08-27T11:15:45.324+0000][21728][gc,age       ] GC(117) - age   4:     200520 bytes,    3804128 total
[2020-08-27T11:15:45.324+0000][21728][gc,age       ] GC(117) - age   5:     198280 bytes,    4002408 total
[2020-08-27T11:15:45.324+0000][21728][gc,age       ] GC(117) - age   6:     198992 bytes,    4201400 total
[2020-08-27T11:15:45.324+0000][21728][gc,age       ] GC(117) - age   7:       1056 bytes,    4202456 total
[2020-08-27T11:15:45.324+0000][21728][gc,age       ] GC(117) - age   8:     200568 bytes,    4403024 total
[2020-08-27T11:15:45.324+0000][21728][gc,age       ] GC(117) - age   9:     727416 bytes,    5130440 total
[2020-08-27T11:15:45.324+0000][21728][gc,age       ] GC(117) - age  10:        280 bytes,    5130720 total
[2020-08-27T11:15:45.324+0000][21728][gc,age       ] GC(117) - age  11:        240 bytes,    5130960 total
[2020-08-27T11:15:45.324+0000][21728][gc,age       ] GC(117) - age  12:        816 bytes,    5131776 total
[2020-08-27T11:15:45.324+0000][21728][gc,age       ] GC(117) - age  13:       1680 bytes,    5133456 total
[2020-08-27T11:15:45.324+0000][21728][gc,age       ] GC(117) - age  14:        776 bytes,    5134232 total
[2020-08-27T11:15:45.324+0000][21728][gc,age       ] GC(117) - age  15:        272 bytes,    5134504 total
[2020-08-27T11:15:45.324+0000][21728][gc,phases    ] GC(117)   Pre Evacuate Collection Set: 0.4ms
[2020-08-27T11:15:45.324+0000][21728][gc,phases    ] GC(117)   Merge Heap Roots: 0.1ms
[2020-08-27T11:15:45.324+0000][21728][gc,phases    ] GC(117)   Evacuate Collection Set: 3.0ms
[2020-08-27T11:15:45.324+0000][21728][gc,phases    ] GC(117)   Post Evacuate Collection Set: 0.8ms
[2020-08-27T11:15:45.324+0000][21728][gc,phases    ] GC(117)   Other: 0.7ms
[2020-08-27T11:15:45.324+0000][21728][gc,heap      ] GC(117) Eden regions: 41->0(504)
[2020-08-27T11:15:45.325+0000][21728][gc,heap      ] GC(117) Survivor regions: 5->6(64)
[2020-08-27T11:15:45.325+0000][21728][gc,heap      ] GC(117) Old regions: 76->76
[2020-08-27T11:15:45.325+0000][21728][gc,heap      ] GC(117) Archive regions: 0->0
[2020-08-27T11:15:45.325+0000][21728][gc,heap      ] GC(117) Humongous regions: 270->174
[2020-08-27T11:15:45.325+0000][21728][gc,metaspace ] GC(117) Metaspace: 84198K(90752K)->84198K(90752K) NonClass: 73099K(77056K)->73099K(77056K) Class: 11098K(13696K)->11098K(13696K)
[2020-08-27T11:15:45.325+0000][21728][gc           ] GC(117) Pause Young (Concurrent Start) (G1 Humongous Allocation) 391M->254M(1024M) 5.110ms
[2020-08-27T11:15:45.325+0000][21728][gc,cpu       ] GC(117) User=0.00s Sys=0.00s Real=0.01s
[2020-08-27T11:15:45.325+0000][21728][safepoint    ] Safepoint "G1TryInitiateConcMark", Time since last: 127755600 ns, Reaching safepoint: 143000 ns, At safepoint: 5245600 ns, Total: 5388600 ns
[2020-08-27T11:15:45.325+0000][21728][gc           ] GC(118) Concurrent Cycle
[2020-08-27T11:15:45.325+0000][21728][gc,marking   ] GC(118) Concurrent Clear Claimed Marks
[2020-08-27T11:15:45.325+0000][21728][gc,marking   ] GC(118) Concurrent Clear Claimed Marks 0.312ms
[2020-08-27T11:15:45.325+0000][21728][gc,marking   ] GC(118) Concurrent Scan Root Regions
[2020-08-27T11:15:45.329+0000][21728][gc,marking   ] GC(118) Concurrent Scan Root Regions 3.688ms
[2020-08-27T11:15:45.329+0000][21728][gc,marking   ] GC(118) Concurrent Mark (63.284s)
[2020-08-27T11:15:45.329+0000][21728][gc,marking   ] GC(118) Concurrent Mark From Roots
[2020-08-27T11:15:45.329+0000][21728][gc,task      ] GC(118) Using 2 workers of 2 for marking
[2020-08-27T11:15:45.418+0000][21728][gc,marking   ] GC(118) Concurrent Mark From Roots 89.500ms
[2020-08-27T11:15:45.419+0000][21728][gc,marking   ] GC(118) Concurrent Preclean
[2020-08-27T11:15:45.419+0000][21728][gc,marking   ] GC(118) Concurrent Preclean 0.293ms
[2020-08-27T11:15:45.419+0000][21728][gc,marking   ] GC(118) Concurrent Mark (63.284s, 63.374s) 89.971ms
[2020-08-27T11:15:45.419+0000][21728][gc,start     ] GC(118) Pause Remark
[2020-08-27T11:15:45.423+0000][21728][gc           ] GC(118) Pause Remark 312M->312M(1024M) 3.822ms
[2020-08-27T11:15:45.423+0000][21728][gc,cpu       ] GC(118) User=0.00s Sys=0.00s Real=0.00s
[2020-08-27T11:15:45.423+0000][21728][safepoint    ] Safepoint "G1Concurrent", Time since last: 94193900 ns, Reaching safepoint: 121400 ns, At safepoint: 3974800 ns, Total: 4096200 ns
[2020-08-27T11:15:45.423+0000][21728][gc,marking   ] GC(118) Concurrent Rebuild Remembered Sets
[2020-08-27T11:15:45.496+0000][21728][gc,marking   ] GC(118) Concurrent Rebuild Remembered Sets 72.680ms
[2020-08-27T11:15:45.496+0000][21728][gc,start     ] GC(118) Pause Cleanup
[2020-08-27T11:15:45.496+0000][21728][gc           ] GC(118) Pause Cleanup 319M->319M(1024M) 0.260ms
[2020-08-27T11:15:45.497+0000][21728][gc,cpu       ] GC(118) User=0.00s Sys=0.00s Real=0.00s
[2020-08-27T11:15:45.497+0000][21728][safepoint    ] Safepoint "G1Concurrent", Time since last: 72920500 ns, Reaching safepoint: 247800 ns, At safepoint: 442400 ns, Total: 690200 ns
[2020-08-27T11:15:45.497+0000][21728][gc,marking   ] GC(118) Concurrent Cleanup for Next Mark
[2020-08-27T11:15:45.498+0000][21728][gc,marking   ] GC(118) Concurrent Cleanup for Next Mark 1.506ms
[2020-08-27T11:15:45.498+0000][21728][gc           ] GC(118) Concurrent Cycle 173.594ms
[2020-08-27T11:15:45.534+0000][21728][safepoint    ] Safepoint "BulkRevokeBias", Time since last: 36287300 ns, Reaching safepoint: 205100 ns, At safepoint: 1122200 ns, Total: 1327300 ns
[2020-08-27T11:15:45.551+0000][21728][gc,start     ] GC(119) Pause Young (Concurrent Start) (G1 Humongous Allocation)
[2020-08-27T11:15:45.551+0000][21728][gc,task      ] GC(119) Using 8 workers of 8 for evacuation
[2020-08-27T11:15:45.551+0000][21728][gc,age       ] GC(119) Desired survivor size 33554432 bytes, new threshold 15 (max threshold 15)
[2020-08-27T11:15:45.555+0000][21728][gc,age       ] GC(119) Age table with threshold 15 (max threshold 15)
[2020-08-27T11:15:45.555+0000][21728][gc,age       ] GC(119) - age   1:    2376816 bytes,    2376816 total
[2020-08-27T11:15:45.555+0000][21728][gc,age       ] GC(119) - age   2:       2736 bytes,    2379552 total
[2020-08-27T11:15:45.555+0000][21728][gc,age       ] GC(119) - age   3:       2136 bytes,    2381688 total
[2020-08-27T11:15:45.555+0000][21728][gc,age       ] GC(119) - age   4:       1976 bytes,    2383664 total
[2020-08-27T11:15:45.555+0000][21728][gc,age       ] GC(119) - age   5:       1544 bytes,    2385208 total
[2020-08-27T11:15:45.555+0000][21728][gc,age       ] GC(119) - age   6:        680 bytes,    2385888 total
[2020-08-27T11:15:45.555+0000][21728][gc,age       ] GC(119) - age   7:       1280 bytes,    2387168 total
[2020-08-27T11:15:45.555+0000][21728][gc,age       ] GC(119) - age   8:        672 bytes,    2387840 total
[2020-08-27T11:15:45.555+0000][21728][gc,age       ] GC(119) - age   9:       3088 bytes,    2390928 total
[2020-08-27T11:15:45.555+0000][21728][gc,age       ] GC(119) - age  10:     725504 bytes,    3116432 total
[2020-08-27T11:15:45.555+0000][21728][gc,age       ] GC(119) - age  11:        184 bytes,    3116616 total
[2020-08-27T11:15:45.555+0000][21728][gc,age       ] GC(119) - age  12:        240 bytes,    3116856 total
[2020-08-27T11:15:45.555+0000][21728][gc,age       ] GC(119) - age  13:        816 bytes,    3117672 total
[2020-08-27T11:15:45.555+0000][21728][gc,age       ] GC(119) - age  14:       1680 bytes,    3119352 total
[2020-08-27T11:15:45.555+0000][21728][gc,age       ] GC(119) - age  15:        712 bytes,    3120064 total
[2020-08-27T11:15:45.555+0000][21728][gc,phases    ] GC(119)   Pre Evacuate Collection Set: 0.3ms
[2020-08-27T11:15:45.556+0000][21728][gc,phases    ] GC(119)   Merge Heap Roots: 0.1ms
[2020-08-27T11:15:45.556+0000][21728][gc,phases    ] GC(119)   Evacuate Collection Set: 2.6ms
[2020-08-27T11:15:45.556+0000][21728][gc,phases    ] GC(119)   Post Evacuate Collection Set: 0.6ms
[2020-08-27T11:15:45.556+0000][21728][gc,phases    ] GC(119)   Other: 0.8ms
[2020-08-27T11:15:45.556+0000][21728][gc,heap      ] GC(119) Eden regions: 32->0(506)
[2020-08-27T11:15:45.556+0000][21728][gc,heap      ] GC(119) Survivor regions: 6->4(64)
[2020-08-27T11:15:45.556+0000][21728][gc,heap      ] GC(119) Old regions: 76->76
[2020-08-27T11:15:45.556+0000][21728][gc,heap      ] GC(119) Archive regions: 0->0
[2020-08-27T11:15:45.556+0000][21728][gc,heap      ] GC(119) Humongous regions: 231->174
[2020-08-27T11:15:45.556+0000][21728][gc,metaspace ] GC(119) Metaspace: 84282K(90752K)->84282K(90752K) NonClass: 73181K(77056K)->73181K(77056K) Class: 11100K(13696K)->11100K(13696K)
[2020-08-27T11:15:45.556+0000][21728][gc           ] GC(119) Pause Young (Concurrent Start) (G1 Humongous Allocation) 343M->252M(1024M) 4.658ms
[2020-08-27T11:15:45.556+0000][21728][gc,cpu       ] GC(119) User=0.00s Sys=0.00s Real=0.00s
[2020-08-27T11:15:45.556+0000][21728][gc           ] GC(120) Concurrent Cycle
[2020-08-27T11:15:45.556+0000][21728][safepoint    ] Safepoint "G1TryInitiateConcMark", Time since last: 16662700 ns, Reaching safepoint: 137000 ns, At safepoint: 4815100 ns, Total: 4952100 ns
[2020-08-27T11:15:45.556+0000][21728][gc,marking   ] GC(120) Concurrent Clear Claimed Marks
[2020-08-27T11:15:45.556+0000][21728][gc,marking   ] GC(120) Concurrent Clear Claimed Marks 0.577ms
[2020-08-27T11:15:45.557+0000][21728][gc,marking   ] GC(120) Concurrent Scan Root Regions
[2020-08-27T11:15:45.559+0000][21728][gc,marking   ] GC(120) Concurrent Scan Root Regions 2.097ms
[2020-08-27T11:15:45.559+0000][21728][gc,marking   ] GC(120) Concurrent Mark (63.514s)
[2020-08-27T11:15:45.559+0000][21728][gc,marking   ] GC(120) Concurrent Mark From Roots
[2020-08-27T11:15:45.559+0000][21728][gc,task      ] GC(120) Using 2 workers of 2 for marking
[2020-08-27T11:15:45.652+0000][21728][gc,marking   ] GC(120) Concurrent Mark From Roots 93.577ms
[2020-08-27T11:15:45.652+0000][21728][gc,marking   ] GC(120) Concurrent Preclean
[2020-08-27T11:15:45.653+0000][21728][gc,marking   ] GC(120) Concurrent Preclean 0.433ms
[2020-08-27T11:15:45.653+0000][21728][gc,marking   ] GC(120) Concurrent Mark (63.514s, 63.608s) 94.138ms
[2020-08-27T11:15:45.653+0000][21728][gc,start     ] GC(120) Pause Remark
[2020-08-27T11:15:45.658+0000][21728][gc           ] GC(120) Pause Remark 301M->301M(1024M) 4.569ms
[2020-08-27T11:15:45.658+0000][21728][gc,cpu       ] GC(120) User=0.09s Sys=0.00s Real=0.00s
[2020-08-27T11:15:45.658+0000][21728][safepoint    ] Safepoint "G1Concurrent", Time since last: 97050800 ns, Reaching safepoint: 115800 ns, At safepoint: 4749100 ns, Total: 4864900 ns
[2020-08-27T11:15:45.658+0000][21728][gc,marking   ] GC(120) Concurrent Rebuild Remembered Sets
[2020-08-27T11:15:45.737+0000][21728][gc,marking   ] GC(120) Concurrent Rebuild Remembered Sets 79.249ms
[2020-08-27T11:15:45.737+0000][21728][gc,start     ] GC(120) Pause Cleanup
[2020-08-27T11:15:45.738+0000][21728][gc           ] GC(120) Pause Cleanup 367M->367M(1024M) 0.245ms
[2020-08-27T11:15:45.738+0000][21728][gc,cpu       ] GC(120) User=0.00s Sys=0.00s Real=0.00s
[2020-08-27T11:15:45.738+0000][21728][safepoint    ] Safepoint "G1Concurrent", Time since last: 79398400 ns, Reaching safepoint: 148800 ns, At safepoint: 371900 ns, Total: 520700 ns
[2020-08-27T11:15:45.738+0000][21728][gc,marking   ] GC(120) Concurrent Cleanup for Next Mark
[2020-08-27T11:15:45.739+0000][21728][gc,marking   ] GC(120) Concurrent Cleanup for Next Mark 1.538ms
[2020-08-27T11:15:45.739+0000][21728][gc           ] GC(120) Concurrent Cycle 183.520ms
[2020-08-27T11:15:45.932+0000][21728][gc,start     ] GC(121) Pause Young (Concurrent Start) (G1 Humongous Allocation)
[2020-08-27T11:15:45.932+0000][21728][gc,task      ] GC(121) Using 8 workers of 8 for evacuation
[2020-08-27T11:15:45.932+0000][21728][gc,age       ] GC(121) Desired survivor size 33554432 bytes, new threshold 15 (max threshold 15)
[2020-08-27T11:15:45.935+0000][21728][gc,age       ] GC(121) Age table with threshold 15 (max threshold 15)
[2020-08-27T11:15:45.935+0000][21728][gc,age       ] GC(121) - age   1:    2760008 bytes,    2760008 total
[2020-08-27T11:15:45.935+0000][21728][gc,age       ] GC(121) - age   2:      51312 bytes,    2811320 total
[2020-08-27T11:15:45.935+0000][21728][gc,age       ] GC(121) - age   3:       2672 bytes,    2813992 total
[2020-08-27T11:15:45.936+0000][21728][gc,age       ] GC(121) - age   4:       1296 bytes,    2815288 total
[2020-08-27T11:15:45.936+0000][21728][gc,age       ] GC(121) - age   5:       1920 bytes,    2817208 total
[2020-08-27T11:15:45.936+0000][21728][gc,age       ] GC(121) - age   6:       1224 bytes,    2818432 total
[2020-08-27T11:15:45.936+0000][21728][gc,age       ] GC(121) - age   7:        680 bytes,    2819112 total
[2020-08-27T11:15:45.936+0000][21728][gc,age       ] GC(121) - age   8:       1184 bytes,    2820296 total
[2020-08-27T11:15:45.936+0000][21728][gc,age       ] GC(121) - age   9:        672 bytes,    2820968 total
[2020-08-27T11:15:45.936+0000][21728][gc,age       ] GC(121) - age  10:       2992 bytes,    2823960 total
[2020-08-27T11:15:45.936+0000][21728][gc,age       ] GC(121) - age  11:     725440 bytes,    3549400 total
[2020-08-27T11:15:45.936+0000][21728][gc,age       ] GC(121) - age  12:        184 bytes,    3549584 total
[2020-08-27T11:15:45.936+0000][21728][gc,age       ] GC(121) - age  13:        240 bytes,    3549824 total
[2020-08-27T11:15:45.936+0000][21728][gc,age       ] GC(121) - age  14:        816 bytes,    3550640 total
[2020-08-27T11:15:45.936+0000][21728][gc,age       ] GC(121) - age  15:       1648 bytes,    3552288 total
[2020-08-27T11:15:45.936+0000][21728][gc,phases    ] GC(121)   Pre Evacuate Collection Set: 0.4ms
[2020-08-27T11:15:45.936+0000][21728][gc,phases    ] GC(121)   Merge Heap Roots: 0.1ms
[2020-08-27T11:15:45.936+0000][21728][gc,phases    ] GC(121)   Evacuate Collection Set: 2.2ms
[2020-08-27T11:15:45.936+0000][21728][gc,phases    ] GC(121)   Post Evacuate Collection Set: 0.8ms
[2020-08-27T11:15:45.936+0000][21728][gc,phases    ] GC(121)   Other: 0.6ms
[2020-08-27T11:15:45.936+0000][21728][gc,heap      ] GC(121) Eden regions: 42->0(506)
[2020-08-27T11:15:45.936+0000][21728][gc,heap      ] GC(121) Survivor regions: 4->4(64)
[2020-08-27T11:15:45.936+0000][21728][gc,heap      ] GC(121) Old regions: 76->76
[2020-08-27T11:15:45.936+0000][21728][gc,heap      ] GC(121) Archive regions: 0->0
[2020-08-27T11:15:45.936+0000][21728][gc,heap      ] GC(121) Humongous regions: 261->174
[2020-08-27T11:15:45.936+0000][21728][gc,metaspace ] GC(121) Metaspace: 84296K(90752K)->84296K(90752K) NonClass: 73196K(77056K)->73196K(77056K) Class: 11100K(13696K)->11100K(13696K)
[2020-08-27T11:15:45.936+0000][21728][gc           ] GC(121) Pause Young (Concurrent Start) (G1 Humongous Allocation) 381M->253M(1024M) 4.264ms
[2020-08-27T11:15:45.936+0000][21728][gc,cpu       ] GC(121) User=0.00s Sys=0.00s Real=0.00s
[2020-08-27T11:15:45.936+0000][21728][safepoint    ] Safepoint "G1TryInitiateConcMark", Time since last: 193944400 ns, Reaching safepoint: 144400 ns, At safepoint: 4412200 ns, Total: 4556600 ns
[2020-08-27T11:15:45.936+0000][21728][gc           ] GC(122) Concurrent Cycle
[2020-08-27T11:15:45.936+0000][21728][gc,marking   ] GC(122) Concurrent Clear Claimed Marks
[2020-08-27T11:15:45.937+0000][21728][gc,marking   ] GC(122) Concurrent Clear Claimed Marks 0.458ms
[2020-08-27T11:15:45.937+0000][21728][gc,marking   ] GC(122) Concurrent Scan Root Regions
[2020-08-27T11:15:45.940+0000][21728][gc,marking   ] GC(122) Concurrent Scan Root Regions 2.966ms
[2020-08-27T11:15:45.940+0000][21728][gc,marking   ] GC(122) Concurrent Mark (63.895s)
[2020-08-27T11:15:45.940+0000][21728][gc,marking   ] GC(122) Concurrent Mark From Roots
[2020-08-27T11:15:45.940+0000][21728][gc,task      ] GC(122) Using 2 workers of 2 for marking
[2020-08-27T11:15:46.046+0000][21728][gc,marking   ] GC(122) Concurrent Mark From Roots 106.085ms
[2020-08-27T11:15:46.046+0000][21728][gc,marking   ] GC(122) Concurrent Preclean
[2020-08-27T11:15:46.047+0000][21728][gc,marking   ] GC(122) Concurrent Preclean 0.484ms
[2020-08-27T11:15:46.047+0000][21728][gc,marking   ] GC(122) Concurrent Mark (63.895s, 64.002s) 106.740ms
[2020-08-27T11:15:46.047+0000][21728][gc,start     ] GC(122) Pause Remark
[2020-08-27T11:15:46.051+0000][21728][gc           ] GC(122) Pause Remark 310M->310M(1024M) 4.496ms
[2020-08-27T11:15:46.051+0000][21728][gc,cpu       ] GC(122) User=0.09s Sys=0.00s Real=0.00s
[2020-08-27T11:15:46.051+0000][21728][safepoint    ] Safepoint "G1Concurrent", Time since last: 110514900 ns, Reaching safepoint: 137900 ns, At safepoint: 4669200 ns, Total: 4807100 ns
[2020-08-27T11:15:46.052+0000][21728][gc,marking   ] GC(122) Concurrent Rebuild Remembered Sets
[2020-08-27T11:15:46.130+0000][21728][gc,marking   ] GC(122) Concurrent Rebuild Remembered Sets 78.076ms
[2020-08-27T11:15:46.130+0000][21728][gc,start     ] GC(122) Pause Cleanup
[2020-08-27T11:15:46.130+0000][21728][gc           ] GC(122) Pause Cleanup 378M->378M(1024M) 0.215ms
[2020-08-27T11:15:46.130+0000][21728][gc,cpu       ] GC(122) User=0.00s Sys=0.00s Real=0.00s
[2020-08-27T11:15:46.130+0000][21728][safepoint    ] Safepoint "G1Concurrent", Time since last: 78240100 ns, Reaching safepoint: 145400 ns, At safepoint: 335400 ns, Total: 480800 ns
[2020-08-27T11:15:46.130+0000][21728][gc,marking   ] GC(122) Concurrent Cleanup for Next Mark
[2020-08-27T11:15:46.131+0000][21728][gc,marking   ] GC(122) Concurrent Cleanup for Next Mark 1.208ms
[2020-08-27T11:15:46.132+0000][21728][gc           ] GC(122) Concurrent Cycle 195.368ms
[2020-08-27T11:15:46.256+0000][21728][gc,start     ] GC(123) Pause Young (Concurrent Start) (G1 Humongous Allocation)
[2020-08-27T11:15:46.256+0000][21728][gc,task      ] GC(123) Using 8 workers of 8 for evacuation
[2020-08-27T11:15:46.256+0000][21728][gc,age       ] GC(123) Desired survivor size 33554432 bytes, new threshold 15 (max threshold 15)
[2020-08-27T11:15:46.261+0000][21728][gc,age       ] GC(123) Age table with threshold 15 (max threshold 15)
[2020-08-27T11:15:46.261+0000][21728][gc,age       ] GC(123) - age   1:    2770352 bytes,    2770352 total
[2020-08-27T11:15:46.261+0000][21728][gc,age       ] GC(123) - age   2:     202952 bytes,    2973304 total
[2020-08-27T11:15:46.261+0000][21728][gc,age       ] GC(123) - age   3:      48504 bytes,    3021808 total
[2020-08-27T11:15:46.261+0000][21728][gc,age       ] GC(123) - age   4:       2088 bytes,    3023896 total
[2020-08-27T11:15:46.261+0000][21728][gc,age       ] GC(123) - age   5:       1104 bytes,    3025000 total
[2020-08-27T11:15:46.261+0000][21728][gc,age       ] GC(123) - age   6:       1696 bytes,    3026696 total
[2020-08-27T11:15:46.261+0000][21728][gc,age       ] GC(123) - age   7:       1224 bytes,    3027920 total
[2020-08-27T11:15:46.261+0000][21728][gc,age       ] GC(123) - age   8:        680 bytes,    3028600 total
[2020-08-27T11:15:46.261+0000][21728][gc,age       ] GC(123) - age   9:       1120 bytes,    3029720 total
[2020-08-27T11:15:46.261+0000][21728][gc,age       ] GC(123) - age  10:        576 bytes,    3030296 total
[2020-08-27T11:15:46.261+0000][21728][gc,age       ] GC(123) - age  11:       2960 bytes,    3033256 total
[2020-08-27T11:15:46.261+0000][21728][gc,age       ] GC(123) - age  12:     725440 bytes,    3758696 total
[2020-08-27T11:15:46.261+0000][21728][gc,age       ] GC(123) - age  13:        184 bytes,    3758880 total
[2020-08-27T11:15:46.261+0000][21728][gc,age       ] GC(123) - age  14:        240 bytes,    3759120 total
[2020-08-27T11:15:46.261+0000][21728][gc,age       ] GC(123) - age  15:        752 bytes,    3759872 total
[2020-08-27T11:15:46.261+0000][21728][gc,phases    ] GC(123)   Pre Evacuate Collection Set: 0.5ms
[2020-08-27T11:15:46.261+0000][21728][gc,phases    ] GC(123)   Merge Heap Roots: 0.1ms
[2020-08-27T11:15:46.261+0000][21728][gc,phases    ] GC(123)   Evacuate Collection Set: 2.9ms
[2020-08-27T11:15:46.261+0000][21728][gc,phases    ] GC(123)   Post Evacuate Collection Set: 0.7ms
[2020-08-27T11:15:46.262+0000][21728][gc,phases    ] GC(123)   Other: 1.0ms
[2020-08-27T11:15:46.262+0000][21728][gc,heap      ] GC(123) Eden regions: 40->0(507)
[2020-08-27T11:15:46.262+0000][21728][gc,heap      ] GC(123) Survivor regions: 4->4(64)
[2020-08-27T11:15:46.262+0000][21728][gc,heap      ] GC(123) Old regions: 76->76
[2020-08-27T11:15:46.262+0000][21728][gc,heap      ] GC(123) Archive regions: 0->0
[2020-08-27T11:15:46.262+0000][21728][gc,heap      ] GC(123) Humongous regions: 270->174
[2020-08-27T11:15:46.262+0000][21728][gc,metaspace ] GC(123) Metaspace: 84320K(90752K)->84320K(90752K) NonClass: 73220K(77056K)->73220K(77056K) Class: 11100K(13696K)->11100K(13696K)
[2020-08-27T11:15:46.262+0000][21728][gc           ] GC(123) Pause Young (Concurrent Start) (G1 Humongous Allocation) 388M->253M(1024M) 5.425ms
[2020-08-27T11:15:46.262+0000][21728][gc,cpu       ] GC(123) User=0.00s Sys=0.00s Real=0.01s
[2020-08-27T11:15:46.262+0000][21728][gc           ] GC(124) Concurrent Cycle
[2020-08-27T11:15:46.262+0000][21728][safepoint    ] Safepoint "G1TryInitiateConcMark", Time since last: 125937400 ns, Reaching safepoint: 150700 ns, At safepoint: 5618900 ns, Total: 5769600 ns
[2020-08-27T11:15:46.262+0000][21728][gc,marking   ] GC(124) Concurrent Clear Claimed Marks
[2020-08-27T11:15:46.262+0000][21728][gc,marking   ] GC(124) Concurrent Clear Claimed Marks 0.436ms
[2020-08-27T11:15:46.262+0000][21728][gc,marking   ] GC(124) Concurrent Scan Root Regions
[2020-08-27T11:15:46.266+0000][21728][gc,marking   ] GC(124) Concurrent Scan Root Regions 3.162ms
[2020-08-27T11:15:46.266+0000][21728][gc,marking   ] GC(124) Concurrent Mark (64.221s)
[2020-08-27T11:15:46.266+0000][21728][gc,marking   ] GC(124) Concurrent Mark From Roots
[2020-08-27T11:15:46.266+0000][21728][gc,task      ] GC(124) Using 2 workers of 2 for marking
[2020-08-27T11:15:46.389+0000][21728][gc,marking   ] GC(124) Concurrent Mark From Roots 123.154ms
[2020-08-27T11:15:46.389+0000][21728][gc,marking   ] GC(124) Concurrent Preclean
[2020-08-27T11:15:46.389+0000][21728][gc,marking   ] GC(124) Concurrent Preclean 0.395ms
[2020-08-27T11:15:46.389+0000][21728][gc,marking   ] GC(124) Concurrent Mark (64.221s, 64.345s) 123.702ms
[2020-08-27T11:15:46.390+0000][21728][gc,start     ] GC(124) Pause Remark
[2020-08-27T11:15:46.394+0000][21728][gc           ] GC(124) Pause Remark 311M->311M(1024M) 4.319ms
[2020-08-27T11:15:46.394+0000][21728][gc,cpu       ] GC(124) User=0.11s Sys=0.00s Real=0.00s
[2020-08-27T11:15:46.394+0000][21728][safepoint    ] Safepoint "G1Concurrent", Time since last: 127646200 ns, Reaching safepoint: 151600 ns, At safepoint: 4558700 ns, Total: 4710300 ns
[2020-08-27T11:15:46.394+0000][21728][gc,marking   ] GC(124) Concurrent Rebuild Remembered Sets
[2020-08-27T11:15:46.471+0000][21728][gc,marking   ] GC(124) Concurrent Rebuild Remembered Sets 76.244ms
[2020-08-27T11:15:46.471+0000][21728][gc,start     ] GC(124) Pause Cleanup
[2020-08-27T11:15:46.471+0000][21728][gc           ] GC(124) Pause Cleanup 377M->377M(1024M) 0.323ms
[2020-08-27T11:15:46.471+0000][21728][gc,cpu       ] GC(124) User=0.00s Sys=0.00s Real=0.00s
[2020-08-27T11:15:46.471+0000][21728][safepoint    ] Safepoint "G1Concurrent", Time since last: 76434100 ns, Reaching safepoint: 143900 ns, At safepoint: 484800 ns, Total: 628700 ns
[2020-08-27T11:15:46.471+0000][21728][gc,marking   ] GC(124) Concurrent Cleanup for Next Mark
[2020-08-27T11:15:46.473+0000][21728][gc,marking   ] GC(124) Concurrent Cleanup for Next Mark 1.555ms
[2020-08-27T11:15:46.473+0000][21728][gc           ] GC(124) Concurrent Cycle 211.151ms
[2020-08-27T11:15:46.589+0000][21728][gc,start     ] GC(125) Pause Young (Concurrent Start) (G1 Humongous Allocation)
[2020-08-27T11:15:46.589+0000][21728][gc,task      ] GC(125) Using 8 workers of 8 for evacuation
[2020-08-27T11:15:46.589+0000][21728][gc,age       ] GC(125) Desired survivor size 33554432 bytes, new threshold 15 (max threshold 15)
[2020-08-27T11:15:46.593+0000][21728][gc,age       ] GC(125) Age table with threshold 15 (max threshold 15)
[2020-08-27T11:15:46.593+0000][21728][gc,age       ] GC(125) - age   1:    2770360 bytes,    2770360 total
[2020-08-27T11:15:46.593+0000][21728][gc,age       ] GC(125) - age   2:     204376 bytes,    2974736 total
[2020-08-27T11:15:46.593+0000][21728][gc,age       ] GC(125) - age   3:     199632 bytes,    3174368 total
[2020-08-27T11:15:46.593+0000][21728][gc,age       ] GC(125) - age   4:      47208 bytes,    3221576 total
[2020-08-27T11:15:46.593+0000][21728][gc,age       ] GC(125) - age   5:       1856 bytes,    3223432 total
[2020-08-27T11:15:46.593+0000][21728][gc,age       ] GC(125) - age   6:        912 bytes,    3224344 total
[2020-08-27T11:15:46.593+0000][21728][gc,age       ] GC(125) - age   7:       1696 bytes,    3226040 total
[2020-08-27T11:15:46.593+0000][21728][gc,age       ] GC(125) - age   8:       1224 bytes,    3227264 total
[2020-08-27T11:15:46.593+0000][21728][gc,age       ] GC(125) - age   9:        616 bytes,    3227880 total
[2020-08-27T11:15:46.593+0000][21728][gc,age       ] GC(125) - age  10:        992 bytes,    3228872 total
[2020-08-27T11:15:46.593+0000][21728][gc,age       ] GC(125) - age  11:        544 bytes,    3229416 total
[2020-08-27T11:15:46.593+0000][21728][gc,age       ] GC(125) - age  12:       2960 bytes,    3232376 total
[2020-08-27T11:15:46.593+0000][21728][gc,age       ] GC(125) - age  13:     725376 bytes,    3957752 total
[2020-08-27T11:15:46.593+0000][21728][gc,age       ] GC(125) - age  14:        120 bytes,    3957872 total
[2020-08-27T11:15:46.593+0000][21728][gc,age       ] GC(125) - age  15:        240 bytes,    3958112 total
[2020-08-27T11:15:46.593+0000][21728][gc,phases    ] GC(125)   Pre Evacuate Collection Set: 0.4ms
[2020-08-27T11:15:46.593+0000][21728][gc,phases    ] GC(125)   Merge Heap Roots: 0.1ms
[2020-08-27T11:15:46.593+0000][21728][gc,phases    ] GC(125)   Evacuate Collection Set: 2.6ms
[2020-08-27T11:15:46.593+0000][21728][gc,phases    ] GC(125)   Post Evacuate Collection Set: 0.7ms
[2020-08-27T11:15:46.593+0000][21728][gc,phases    ] GC(125)   Other: 0.8ms
[2020-08-27T11:15:46.593+0000][21728][gc,heap      ] GC(125) Eden regions: 40->0(507)
[2020-08-27T11:15:46.593+0000][21728][gc,heap      ] GC(125) Survivor regions: 4->4(64)
[2020-08-27T11:15:46.593+0000][21728][gc,heap      ] GC(125) Old regions: 76->76
[2020-08-27T11:15:46.593+0000][21728][gc,heap      ] GC(125) Archive regions: 0->0
[2020-08-27T11:15:46.593+0000][21728][gc,heap      ] GC(125) Humongous regions: 270->174
[2020-08-27T11:15:46.593+0000][21728][gc,metaspace ] GC(125) Metaspace: 84325K(90752K)->84325K(90752K) NonClass: 73225K(77056K)->73225K(77056K) Class: 11100K(13696K)->11100K(13696K)
[2020-08-27T11:15:46.593+0000][21728][gc           ] GC(125) Pause Young (Concurrent Start) (G1 Humongous Allocation) 388M->253M(1024M) 4.804ms
[2020-08-27T11:15:46.593+0000][21728][gc,cpu       ] GC(125) User=0.00s Sys=0.00s Real=0.00s
[2020-08-27T11:15:46.594+0000][21728][safepoint    ] Safepoint "G1TryInitiateConcMark", Time since last: 117069600 ns, Reaching safepoint: 159600 ns, At safepoint: 4967200 ns, Total: 5126800 ns
[2020-08-27T11:15:46.594+0000][21728][gc           ] GC(126) Concurrent Cycle
[2020-08-27T11:15:46.594+0000][21728][gc,marking   ] GC(126) Concurrent Clear Claimed Marks
[2020-08-27T11:15:46.594+0000][21728][gc,marking   ] GC(126) Concurrent Clear Claimed Marks 0.601ms
[2020-08-27T11:15:46.594+0000][21728][gc,marking   ] GC(126) Concurrent Scan Root Regions
[2020-08-27T11:15:46.598+0000][21728][gc,marking   ] GC(126) Concurrent Scan Root Regions 3.145ms
[2020-08-27T11:15:46.598+0000][21728][gc,marking   ] GC(126) Concurrent Mark (64.553s)
[2020-08-27T11:15:46.598+0000][21728][gc,marking   ] GC(126) Concurrent Mark From Roots
[2020-08-27T11:15:46.598+0000][21728][gc,task      ] GC(126) Using 2 workers of 2 for marking
[2020-08-27T11:15:46.710+0000][21728][gc,marking   ] GC(126) Concurrent Mark From Roots 111.897ms
[2020-08-27T11:15:46.710+0000][21728][gc,marking   ] GC(126) Concurrent Preclean
[2020-08-27T11:15:46.710+0000][21728][gc,marking   ] GC(126) Concurrent Preclean 0.536ms
[2020-08-27T11:15:46.710+0000][21728][gc,marking   ] GC(126) Concurrent Mark (64.553s, 64.666s) 112.601ms
[2020-08-27T11:15:46.710+0000][21728][gc,start     ] GC(126) Pause Remark
[2020-08-27T11:15:46.715+0000][21728][gc           ] GC(126) Pause Remark 311M->311M(1024M) 4.213ms
[2020-08-27T11:15:46.715+0000][21728][gc,cpu       ] GC(126) User=0.00s Sys=0.00s Real=0.00s
[2020-08-27T11:15:46.715+0000][21728][safepoint    ] Safepoint "G1Concurrent", Time since last: 116757400 ns, Reaching safepoint: 166600 ns, At safepoint: 4477700 ns, Total: 4644300 ns
[2020-08-27T11:15:46.715+0000][21728][gc,marking   ] GC(126) Concurrent Rebuild Remembered Sets
[2020-08-27T11:15:46.789+0000][21728][gc,marking   ] GC(126) Concurrent Rebuild Remembered Sets 74.329ms
[2020-08-27T11:15:46.790+0000][21728][gc,start     ] GC(126) Pause Cleanup
[2020-08-27T11:15:46.790+0000][21728][gc           ] GC(126) Pause Cleanup 377M->377M(1024M) 0.304ms
[2020-08-27T11:15:46.790+0000][21728][gc,cpu       ] GC(126) User=0.00s Sys=0.00s Real=0.00s
[2020-08-27T11:15:46.790+0000][21728][safepoint    ] Safepoint "G1Concurrent", Time since last: 74508200 ns, Reaching safepoint: 153300 ns, At safepoint: 438900 ns, Total: 592200 ns
[2020-08-27T11:15:46.790+0000][21728][gc,marking   ] GC(126) Concurrent Cleanup for Next Mark
[2020-08-27T11:15:46.791+0000][21728][gc,marking   ] GC(126) Concurrent Cleanup for Next Mark 1.344ms
[2020-08-27T11:15:46.791+0000][21728][gc           ] GC(126) Concurrent Cycle 197.957ms
[2020-08-27T11:15:46.901+0000][21728][gc,start     ] GC(127) Pause Young (Concurrent Start) (G1 Humongous Allocation)
[2020-08-27T11:15:46.901+0000][21728][gc,task      ] GC(127) Using 8 workers of 8 for evacuation
[2020-08-27T11:15:46.901+0000][21728][gc,age       ] GC(127) Desired survivor size 33554432 bytes, new threshold 15 (max threshold 15)
[2020-08-27T11:15:46.905+0000][21728][gc,age       ] GC(127) Age table with threshold 15 (max threshold 15)
[2020-08-27T11:15:46.905+0000][21728][gc,age       ] GC(127) - age   1:    2761224 bytes,    2761224 total
[2020-08-27T11:15:46.905+0000][21728][gc,age       ] GC(127) - age   2:     204816 bytes,    2966040 total
[2020-08-27T11:15:46.905+0000][21728][gc,age       ] GC(127) - age   3:     200992 bytes,    3167032 total
[2020-08-27T11:15:46.905+0000][21728][gc,age       ] GC(127) - age   4:     199096 bytes,    3366128 total
[2020-08-27T11:15:46.905+0000][21728][gc,age       ] GC(127) - age   5:      47056 bytes,    3413184 total
[2020-08-27T11:15:46.905+0000][21728][gc,age       ] GC(127) - age   6:       1416 bytes,    3414600 total
[2020-08-27T11:15:46.905+0000][21728][gc,age       ] GC(127) - age   7:        912 bytes,    3415512 total
[2020-08-27T11:15:46.905+0000][21728][gc,age       ] GC(127) - age   8:       1696 bytes,    3417208 total
[2020-08-27T11:15:46.905+0000][21728][gc,age       ] GC(127) - age   9:       1224 bytes,    3418432 total
[2020-08-27T11:15:46.905+0000][21728][gc,age       ] GC(127) - age  10:        584 bytes,    3419016 total
[2020-08-27T11:15:46.905+0000][21728][gc,age       ] GC(127) - age  11:        960 bytes,    3419976 total
[2020-08-27T11:15:46.905+0000][21728][gc,age       ] GC(127) - age  12:        544 bytes,    3420520 total
[2020-08-27T11:15:46.906+0000][21728][gc,age       ] GC(127) - age  13:       2960 bytes,    3423480 total
[2020-08-27T11:15:46.906+0000][21728][gc,age       ] GC(127) - age  14:     725312 bytes,    4148792 total
[2020-08-27T11:15:46.906+0000][21728][gc,age       ] GC(127) - age  15:        120 bytes,    4148912 total
[2020-08-27T11:15:46.906+0000][21728][gc,phases    ] GC(127)   Pre Evacuate Collection Set: 0.5ms
[2020-08-27T11:15:46.906+0000][21728][gc,phases    ] GC(127)   Merge Heap Roots: 0.1ms
[2020-08-27T11:15:46.906+0000][21728][gc,phases    ] GC(127)   Evacuate Collection Set: 2.5ms
[2020-08-27T11:15:46.906+0000][21728][gc,phases    ] GC(127)   Post Evacuate Collection Set: 0.8ms
[2020-08-27T11:15:46.906+0000][21728][gc,phases    ] GC(127)   Other: 0.7ms
[2020-08-27T11:15:46.906+0000][21728][gc,heap      ] GC(127) Eden regions: 40->0(506)
[2020-08-27T11:15:46.906+0000][21728][gc,heap      ] GC(127) Survivor regions: 4->5(64)
[2020-08-27T11:15:46.906+0000][21728][gc,heap      ] GC(127) Old regions: 76->76
[2020-08-27T11:15:46.906+0000][21728][gc,heap      ] GC(127) Archive regions: 0->0
[2020-08-27T11:15:46.906+0000][21728][gc,heap      ] GC(127) Humongous regions: 270->174
[2020-08-27T11:15:46.906+0000][21728][gc,metaspace ] GC(127) Metaspace: 84330K(90752K)->84330K(90752K) NonClass: 73229K(77056K)->73229K(77056K) Class: 11100K(13696K)->11100K(13696K)
[2020-08-27T11:15:46.906+0000][21728][gc           ] GC(127) Pause Young (Concurrent Start) (G1 Humongous Allocation) 389M->253M(1024M) 4.791ms
[2020-08-27T11:15:46.906+0000][21728][gc,cpu       ] GC(127) User=0.00s Sys=0.00s Real=0.00s
[2020-08-27T11:15:46.906+0000][21728][gc           ] GC(128) Concurrent Cycle
[2020-08-27T11:15:46.906+0000][21728][safepoint    ] Safepoint "G1TryInitiateConcMark", Time since last: 110928800 ns, Reaching safepoint: 121600 ns, At safepoint: 4951000 ns, Total: 5072600 ns
[2020-08-27T11:15:46.906+0000][21728][gc,marking   ] GC(128) Concurrent Clear Claimed Marks
[2020-08-27T11:15:46.907+0000][21728][gc,marking   ] GC(128) Concurrent Clear Claimed Marks 0.597ms
[2020-08-27T11:15:46.907+0000][21728][gc,marking   ] GC(128) Concurrent Scan Root Regions
[2020-08-27T11:15:46.909+0000][21728][gc,marking   ] GC(128) Concurrent Scan Root Regions 2.529ms
[2020-08-27T11:15:46.909+0000][21728][gc,marking   ] GC(128) Concurrent Mark (64.865s)
[2020-08-27T11:15:46.909+0000][21728][gc,marking   ] GC(128) Concurrent Mark From Roots
[2020-08-27T11:15:46.909+0000][21728][gc,task      ] GC(128) Using 2 workers of 2 for marking
[2020-08-27T11:15:47.036+0000][21728][gc,marking   ] GC(128) Concurrent Mark From Roots 126.905ms
[2020-08-27T11:15:47.036+0000][21728][gc,marking   ] GC(128) Concurrent Preclean
[2020-08-27T11:15:47.037+0000][21728][gc,marking   ] GC(128) Concurrent Preclean 0.451ms
[2020-08-27T11:15:47.037+0000][21728][gc,marking   ] GC(128) Concurrent Mark (64.865s, 64.992s) 127.498ms
[2020-08-27T11:15:47.037+0000][21728][gc,start     ] GC(128) Pause Remark
[2020-08-27T11:15:47.041+0000][21728][gc           ] GC(128) Pause Remark 314M->314M(1024M) 3.918ms
[2020-08-27T11:15:47.041+0000][21728][gc,cpu       ] GC(128) User=0.00s Sys=0.00s Real=0.00s
[2020-08-27T11:15:47.041+0000][21728][safepoint    ] Safepoint "G1Concurrent", Time since last: 130936000 ns, Reaching safepoint: 134300 ns, At safepoint: 4114600 ns, Total: 4248900 ns
[2020-08-27T11:15:47.041+0000][21728][gc,marking   ] GC(128) Concurrent Rebuild Remembered Sets
[2020-08-27T11:15:47.118+0000][21728][gc,marking   ] GC(128) Concurrent Rebuild Remembered Sets 77.221ms
[2020-08-27T11:15:47.119+0000][21728][gc,start     ] GC(128) Pause Cleanup
[2020-08-27T11:15:47.119+0000][21728][gc           ] GC(128) Pause Cleanup 379M->379M(1024M) 0.252ms
[2020-08-27T11:15:47.119+0000][21728][gc,cpu       ] GC(128) User=0.00s Sys=0.00s Real=0.00s
[2020-08-27T11:15:47.119+0000][21728][safepoint    ] Safepoint "G1Concurrent", Time since last: 77398200 ns, Reaching safepoint: 135100 ns, At safepoint: 375700 ns, Total: 510800 ns
[2020-08-27T11:15:47.119+0000][21728][gc,marking   ] GC(128) Concurrent Cleanup for Next Mark
[2020-08-27T11:15:47.121+0000][21728][gc,marking   ] GC(128) Concurrent Cleanup for Next Mark 1.374ms
[2020-08-27T11:15:47.121+0000][21728][gc           ] GC(128) Concurrent Cycle 214.637ms
[2020-08-27T11:15:47.799+0000][21728][safepoint    ] Safepoint "BulkRevokeBias", Time since last: 679847100 ns, Reaching safepoint: 133400 ns, At safepoint: 956500 ns, Total: 1089900 ns
[2020-08-27T11:15:48.400+0000][21728][gc,start     ] GC(129) Pause Young (Concurrent Start) (G1 Humongous Allocation)
[2020-08-27T11:15:48.400+0000][21728][gc,task      ] GC(129) Using 8 workers of 8 for evacuation
[2020-08-27T11:15:48.400+0000][21728][gc,age       ] GC(129) Desired survivor size 33554432 bytes, new threshold 15 (max threshold 15)
[2020-08-27T11:15:48.404+0000][21728][gc,age       ] GC(129) Age table with threshold 15 (max threshold 15)
[2020-08-27T11:15:48.404+0000][21728][gc,age       ] GC(129) - age   1:    3136352 bytes,    3136352 total
[2020-08-27T11:15:48.404+0000][21728][gc,age       ] GC(129) - age   2:       2320 bytes,    3138672 total
[2020-08-27T11:15:48.404+0000][21728][gc,age       ] GC(129) - age   3:       1616 bytes,    3140288 total
[2020-08-27T11:15:48.404+0000][21728][gc,age       ] GC(129) - age   4:       2632 bytes,    3142920 total
[2020-08-27T11:15:48.404+0000][21728][gc,age       ] GC(129) - age   5:       1104 bytes,    3144024 total
[2020-08-27T11:15:48.404+0000][21728][gc,age       ] GC(129) - age   6:      45176 bytes,    3189200 total
[2020-08-27T11:15:48.404+0000][21728][gc,age       ] GC(129) - age   7:       1416 bytes,    3190616 total
[2020-08-27T11:15:48.405+0000][21728][gc,age       ] GC(129) - age   8:        848 bytes,    3191464 total
[2020-08-27T11:15:48.405+0000][21728][gc,age       ] GC(129) - age   9:       1632 bytes,    3193096 total
[2020-08-27T11:15:48.405+0000][21728][gc,age       ] GC(129) - age  10:       1192 bytes,    3194288 total
[2020-08-27T11:15:48.405+0000][21728][gc,age       ] GC(129) - age  11:        488 bytes,    3194776 total
[2020-08-27T11:15:48.405+0000][21728][gc,age       ] GC(129) - age  12:        960 bytes,    3195736 total
[2020-08-27T11:15:48.405+0000][21728][gc,age       ] GC(129) - age  13:        544 bytes,    3196280 total
[2020-08-27T11:15:48.405+0000][21728][gc,age       ] GC(129) - age  14:       2960 bytes,    3199240 total
[2020-08-27T11:15:48.405+0000][21728][gc,age       ] GC(129) - age  15:     672952 bytes,    3872192 total
[2020-08-27T11:15:48.405+0000][21728][gc,phases    ] GC(129)   Pre Evacuate Collection Set: 0.4ms
[2020-08-27T11:15:48.405+0000][21728][gc,phases    ] GC(129)   Merge Heap Roots: 0.1ms
[2020-08-27T11:15:48.405+0000][21728][gc,phases    ] GC(129)   Evacuate Collection Set: 2.9ms
[2020-08-27T11:15:48.405+0000][21728][gc,phases    ] GC(129)   Post Evacuate Collection Set: 1.0ms
[2020-08-27T11:15:48.405+0000][21728][gc,phases    ] GC(129)   Other: 0.8ms
[2020-08-27T11:15:48.405+0000][21728][gc,heap      ] GC(129) Eden regions: 84->0(506)
[2020-08-27T11:15:48.405+0000][21728][gc,heap      ] GC(129) Survivor regions: 5->4(64)
[2020-08-27T11:15:48.405+0000][21728][gc,heap      ] GC(129) Old regions: 76->76
[2020-08-27T11:15:48.405+0000][21728][gc,heap      ] GC(129) Archive regions: 0->0
[2020-08-27T11:15:48.405+0000][21728][gc,heap      ] GC(129) Humongous regions: 270->174
[2020-08-27T11:15:48.405+0000][21728][gc,metaspace ] GC(129) Metaspace: 85031K(91520K)->85031K(91520K) NonClass: 73876K(77824K)->73876K(77824K) Class: 11154K(13696K)->11154K(13696K)
[2020-08-27T11:15:48.405+0000][21728][gc           ] GC(129) Pause Young (Concurrent Start) (G1 Humongous Allocation) 433M->253M(1024M) 5.532ms
[2020-08-27T11:15:48.405+0000][21728][gc,cpu       ] GC(129) User=0.00s Sys=0.00s Real=0.00s
[2020-08-27T11:15:48.405+0000][21728][gc           ] GC(130) Concurrent Cycle
[2020-08-27T11:15:48.405+0000][21728][safepoint    ] Safepoint "G1TryInitiateConcMark", Time since last: 600090900 ns, Reaching safepoint: 255400 ns, At safepoint: 5725600 ns, Total: 5981000 ns
[2020-08-27T11:15:48.405+0000][21728][gc,marking   ] GC(130) Concurrent Clear Claimed Marks
[2020-08-27T11:15:48.406+0000][21728][gc,marking   ] GC(130) Concurrent Clear Claimed Marks 0.746ms
[2020-08-27T11:15:48.406+0000][21728][gc,marking   ] GC(130) Concurrent Scan Root Regions
[2020-08-27T11:15:48.409+0000][21728][gc,marking   ] GC(130) Concurrent Scan Root Regions 2.853ms
[2020-08-27T11:15:48.409+0000][21728][gc,marking   ] GC(130) Concurrent Mark (66.366s)
[2020-08-27T11:15:48.409+0000][21728][gc,marking   ] GC(130) Concurrent Mark From Roots
[2020-08-27T11:15:48.409+0000][21728][gc,task      ] GC(130) Using 2 workers of 2 for marking
[2020-08-27T11:15:48.549+0000][21728][gc,marking   ] GC(130) Concurrent Mark From Roots 139.402ms
[2020-08-27T11:15:48.549+0000][21728][gc,marking   ] GC(130) Concurrent Preclean
[2020-08-27T11:15:48.549+0000][21728][gc,marking   ] GC(130) Concurrent Preclean 0.351ms
[2020-08-27T11:15:48.549+0000][21728][gc,marking   ] GC(130) Concurrent Mark (66.366s, 66.506s) 139.911ms
[2020-08-27T11:15:48.549+0000][21728][gc,start     ] GC(130) Pause Remark
[2020-08-27T11:15:48.554+0000][21728][gc           ] GC(130) Pause Remark 316M->316M(1024M) 4.110ms
[2020-08-27T11:15:48.554+0000][21728][gc,cpu       ] GC(130) User=0.00s Sys=0.00s Real=0.00s
[2020-08-27T11:15:48.554+0000][21728][safepoint    ] Safepoint "G1Concurrent", Time since last: 143948500 ns, Reaching safepoint: 130200 ns, At safepoint: 4331500 ns, Total: 4461700 ns
[2020-08-27T11:15:48.554+0000][21728][gc,marking   ] GC(130) Concurrent Rebuild Remembered Sets
[2020-08-27T11:15:48.631+0000][21728][gc,marking   ] GC(130) Concurrent Rebuild Remembered Sets 77.370ms
[2020-08-27T11:15:48.632+0000][21728][gc,start     ] GC(130) Pause Cleanup
[2020-08-27T11:15:48.632+0000][21728][gc           ] GC(130) Pause Cleanup 322M->322M(1024M) 0.337ms
[2020-08-27T11:15:48.632+0000][21728][gc,cpu       ] GC(130) User=0.00s Sys=0.00s Real=0.00s
[2020-08-27T11:15:48.632+0000][21728][safepoint    ] Safepoint "G1Concurrent", Time since last: 77584100 ns, Reaching safepoint: 199500 ns, At safepoint: 493300 ns, Total: 692800 ns
[2020-08-27T11:15:48.632+0000][21728][gc,marking   ] GC(130) Concurrent Cleanup for Next Mark
[2020-08-27T11:15:48.634+0000][21728][gc,marking   ] GC(130) Concurrent Cleanup for Next Mark 1.841ms
[2020-08-27T11:15:48.634+0000][21728][gc           ] GC(130) Concurrent Cycle 228.815ms
[2020-08-27T11:15:49.006+0000][21728][safepoint    ] Safepoint "ICBufferFull", Time since last: 373834300 ns, Reaching safepoint: 365800 ns, At safepoint: 40400 ns, Total: 406200 ns
[2020-08-27T11:15:49.466+0000][21728][gc,start     ] GC(131) Pause Young (Concurrent Start) (G1 Humongous Allocation)
[2020-08-27T11:15:49.467+0000][21728][gc,task      ] GC(131) Using 8 workers of 8 for evacuation
[2020-08-27T11:15:49.467+0000][21728][gc,age       ] GC(131) Desired survivor size 33554432 bytes, new threshold 15 (max threshold 15)
[2020-08-27T11:15:49.471+0000][21728][gc,age       ] GC(131) Age table with threshold 15 (max threshold 15)
[2020-08-27T11:15:49.471+0000][21728][gc,age       ] GC(131) - age   1:    3341944 bytes,    3341944 total
[2020-08-27T11:15:49.471+0000][21728][gc,age       ] GC(131) - age   2:     400632 bytes,    3742576 total
[2020-08-27T11:15:49.471+0000][21728][gc,age       ] GC(131) - age   3:       1784 bytes,    3744360 total
[2020-08-27T11:15:49.471+0000][21728][gc,age       ] GC(131) - age   4:       1392 bytes,    3745752 total
[2020-08-27T11:15:49.471+0000][21728][gc,age       ] GC(131) - age   5:       2384 bytes,    3748136 total
[2020-08-27T11:15:49.471+0000][21728][gc,age       ] GC(131) - age   6:       1072 bytes,    3749208 total
[2020-08-27T11:15:49.471+0000][21728][gc,age       ] GC(131) - age   7:      45176 bytes,    3794384 total
[2020-08-27T11:15:49.471+0000][21728][gc,age       ] GC(131) - age   8:       1416 bytes,    3795800 total
[2020-08-27T11:15:49.471+0000][21728][gc,age       ] GC(131) - age   9:        720 bytes,    3796520 total
[2020-08-27T11:15:49.471+0000][21728][gc,age       ] GC(131) - age  10:       1392 bytes,    3797912 total
[2020-08-27T11:15:49.471+0000][21728][gc,age       ] GC(131) - age  11:       1192 bytes,    3799104 total
[2020-08-27T11:15:49.471+0000][21728][gc,age       ] GC(131) - age  12:        488 bytes,    3799592 total
[2020-08-27T11:15:49.471+0000][21728][gc,age       ] GC(131) - age  13:        960 bytes,    3800552 total
[2020-08-27T11:15:49.471+0000][21728][gc,age       ] GC(131) - age  14:        544 bytes,    3801096 total
[2020-08-27T11:15:49.471+0000][21728][gc,age       ] GC(131) - age  15:       2960 bytes,    3804056 total
[2020-08-27T11:15:49.471+0000][21728][gc,phases    ] GC(131)   Pre Evacuate Collection Set: 0.4ms
[2020-08-27T11:15:49.471+0000][21728][gc,phases    ] GC(131)   Merge Heap Roots: 0.1ms
[2020-08-27T11:15:49.471+0000][21728][gc,phases    ] GC(131)   Evacuate Collection Set: 2.6ms
[2020-08-27T11:15:49.471+0000][21728][gc,phases    ] GC(131)   Post Evacuate Collection Set: 0.8ms
[2020-08-27T11:15:49.471+0000][21728][gc,phases    ] GC(131)   Other: 0.8ms
[2020-08-27T11:15:49.471+0000][21728][gc,heap      ] GC(131) Eden regions: 77->0(505)
[2020-08-27T11:15:49.471+0000][21728][gc,heap      ] GC(131) Survivor regions: 4->4(64)
[2020-08-27T11:15:49.471+0000][21728][gc,heap      ] GC(131) Old regions: 76->77
[2020-08-27T11:15:49.471+0000][21728][gc,heap      ] GC(131) Archive regions: 0->0
[2020-08-27T11:15:49.471+0000][21728][gc,heap      ] GC(131) Humongous regions: 231->174
[2020-08-27T11:15:49.471+0000][21728][gc,metaspace ] GC(131) Metaspace: 85569K(91776K)->85569K(91776K) NonClass: 74413K(78080K)->74413K(78080K) Class: 11155K(13696K)->11155K(13696K)
[2020-08-27T11:15:49.471+0000][21728][gc           ] GC(131) Pause Young (Concurrent Start) (G1 Humongous Allocation) 387M->254M(1024M) 4.944ms
[2020-08-27T11:15:49.471+0000][21728][gc,cpu       ] GC(131) User=0.13s Sys=0.00s Real=0.00s
[2020-08-27T11:15:49.471+0000][21728][gc           ] GC(132) Concurrent Cycle
[2020-08-27T11:15:49.472+0000][21728][gc,marking   ] GC(132) Concurrent Clear Claimed Marks
[2020-08-27T11:15:49.472+0000][21728][safepoint    ] Safepoint "G1TryInitiateConcMark", Time since last: 459749600 ns, Reaching safepoint: 347200 ns, At safepoint: 5287100 ns, Total: 5634300 ns
[2020-08-27T11:15:49.472+0000][21728][gc,marking   ] GC(132) Concurrent Clear Claimed Marks 0.326ms
[2020-08-27T11:15:49.472+0000][21728][gc,marking   ] GC(132) Concurrent Scan Root Regions
[2020-08-27T11:15:49.474+0000][21728][gc,marking   ] GC(132) Concurrent Scan Root Regions 2.533ms
[2020-08-27T11:15:49.475+0000][21728][gc,marking   ] GC(132) Concurrent Mark (67.431s)
[2020-08-27T11:15:49.475+0000][21728][gc,marking   ] GC(132) Concurrent Mark From Roots
[2020-08-27T11:15:49.475+0000][21728][gc,task      ] GC(132) Using 2 workers of 2 for marking
[2020-08-27T11:15:49.631+0000][21728][gc,marking   ] GC(132) Concurrent Mark From Roots 156.702ms
[2020-08-27T11:15:49.631+0000][21728][gc,marking   ] GC(132) Concurrent Preclean
[2020-08-27T11:15:49.632+0000][21728][gc,marking   ] GC(132) Concurrent Preclean 0.512ms
[2020-08-27T11:15:49.632+0000][21728][gc,marking   ] GC(132) Concurrent Mark (67.431s, 67.588s) 157.395ms
[2020-08-27T11:15:49.632+0000][21728][gc,start     ] GC(132) Pause Remark
[2020-08-27T11:15:49.638+0000][21728][gc           ] GC(132) Pause Remark 309M->309M(1024M) 5.911ms
[2020-08-27T11:15:49.638+0000][21728][gc,cpu       ] GC(132) User=0.00s Sys=0.00s Real=0.01s
[2020-08-27T11:15:49.638+0000][21728][safepoint    ] Safepoint "G1Concurrent", Time since last: 160391600 ns, Reaching safepoint: 198300 ns, At safepoint: 6138700 ns, Total: 6337000 ns
[2020-08-27T11:15:49.638+0000][21728][gc,marking   ] GC(132) Concurrent Rebuild Remembered Sets
[2020-08-27T11:15:49.742+0000][21728][gc,marking   ] GC(132) Concurrent Rebuild Remembered Sets 103.036ms
[2020-08-27T11:15:49.742+0000][21728][gc,start     ] GC(132) Pause Cleanup
[2020-08-27T11:15:49.742+0000][21728][gc           ] GC(132) Pause Cleanup 332M->332M(1024M) 0.325ms
[2020-08-27T11:15:49.742+0000][21728][gc,cpu       ] GC(132) User=0.00s Sys=0.00s Real=0.00s
[2020-08-27T11:15:49.742+0000][21728][safepoint    ] Safepoint "G1Concurrent", Time since last: 103249300 ns, Reaching safepoint: 173200 ns, At safepoint: 516200 ns, Total: 689400 ns
[2020-08-27T11:15:49.742+0000][21728][gc,marking   ] GC(132) Concurrent Cleanup for Next Mark
[2020-08-27T11:15:49.744+0000][21728][gc,marking   ] GC(132) Concurrent Cleanup for Next Mark 1.652ms
[2020-08-27T11:15:49.744+0000][21728][gc           ] GC(132) Concurrent Cycle 272.720ms
[2020-08-27T11:15:50.039+0000][21728][gc,start     ] GC(133) Pause Young (Concurrent Start) (G1 Humongous Allocation)
[2020-08-27T11:15:50.039+0000][21728][gc,task      ] GC(133) Using 8 workers of 8 for evacuation
[2020-08-27T11:15:50.039+0000][21728][gc,age       ] GC(133) Desired survivor size 33554432 bytes, new threshold 15 (max threshold 15)
[2020-08-27T11:15:50.042+0000][21728][gc,age       ] GC(133) Age table with threshold 15 (max threshold 15)
[2020-08-27T11:15:50.042+0000][21728][gc,age       ] GC(133) - age   1:    2838152 bytes,    2838152 total
[2020-08-27T11:15:50.042+0000][21728][gc,age       ] GC(133) - age   2:     313096 bytes,    3151248 total
[2020-08-27T11:15:50.043+0000][21728][gc,age       ] GC(133) - age   3:     350456 bytes,    3501704 total
[2020-08-27T11:15:50.043+0000][21728][gc,age       ] GC(133) - age   4:       1688 bytes,    3503392 total
[2020-08-27T11:15:50.043+0000][21728][gc,age       ] GC(133) - age   5:       1392 bytes,    3504784 total
[2020-08-27T11:15:50.043+0000][21728][gc,age       ] GC(133) - age   6:       2352 bytes,    3507136 total
[2020-08-27T11:15:50.043+0000][21728][gc,age       ] GC(133) - age   7:       1072 bytes,    3508208 total
[2020-08-27T11:15:50.043+0000][21728][gc,age       ] GC(133) - age   8:      45112 bytes,    3553320 total
[2020-08-27T11:15:50.043+0000][21728][gc,age       ] GC(133) - age   9:       1384 bytes,    3554704 total
[2020-08-27T11:15:50.043+0000][21728][gc,age       ] GC(133) - age  10:        720 bytes,    3555424 total
[2020-08-27T11:15:50.043+0000][21728][gc,age       ] GC(133) - age  11:       1392 bytes,    3556816 total
[2020-08-27T11:15:50.043+0000][21728][gc,age       ] GC(133) - age  12:       1192 bytes,    3558008 total
[2020-08-27T11:15:50.043+0000][21728][gc,age       ] GC(133) - age  13:        488 bytes,    3558496 total
[2020-08-27T11:15:50.043+0000][21728][gc,age       ] GC(133) - age  14:        960 bytes,    3559456 total
[2020-08-27T11:15:50.043+0000][21728][gc,age       ] GC(133) - age  15:        544 bytes,    3560000 total
[2020-08-27T11:15:50.043+0000][21728][gc,phases    ] GC(133)   Pre Evacuate Collection Set: 0.5ms
[2020-08-27T11:15:50.043+0000][21728][gc,phases    ] GC(133)   Merge Heap Roots: 0.1ms
[2020-08-27T11:15:50.043+0000][21728][gc,phases    ] GC(133)   Evacuate Collection Set: 2.1ms
[2020-08-27T11:15:50.043+0000][21728][gc,phases    ] GC(133)   Post Evacuate Collection Set: 0.7ms
[2020-08-27T11:15:50.043+0000][21728][gc,phases    ] GC(133)   Other: 1.1ms
[2020-08-27T11:15:50.043+0000][21728][gc,heap      ] GC(133) Eden regions: 56->0(505)
[2020-08-27T11:15:50.043+0000][21728][gc,heap      ] GC(133) Survivor regions: 4->4(64)
[2020-08-27T11:15:50.043+0000][21728][gc,heap      ] GC(133) Old regions: 77->77
[2020-08-27T11:15:50.043+0000][21728][gc,heap      ] GC(133) Archive regions: 0->0
[2020-08-27T11:15:50.043+0000][21728][gc,heap      ] GC(133) Humongous regions: 231->174
[2020-08-27T11:15:50.043+0000][21728][gc,metaspace ] GC(133) Metaspace: 85625K(92032K)->85625K(92032K) NonClass: 74464K(78336K)->74464K(78336K) Class: 11160K(13696K)->11160K(13696K)
[2020-08-27T11:15:50.043+0000][21728][gc           ] GC(133) Pause Young (Concurrent Start) (G1 Humongous Allocation) 366M->253M(1024M) 4.692ms
[2020-08-27T11:15:50.043+0000][21728][gc,cpu       ] GC(133) User=0.00s Sys=0.00s Real=0.00s
[2020-08-27T11:15:50.043+0000][21728][gc           ] GC(134) Concurrent Cycle
[2020-08-27T11:15:50.043+0000][21728][safepoint    ] Safepoint "G1TryInitiateConcMark", Time since last: 295974800 ns, Reaching safepoint: 264200 ns, At safepoint: 4899900 ns, Total: 5164100 ns
[2020-08-27T11:15:50.044+0000][21728][gc,marking   ] GC(134) Concurrent Clear Claimed Marks
[2020-08-27T11:15:50.044+0000][21728][gc,marking   ] GC(134) Concurrent Clear Claimed Marks 0.550ms
[2020-08-27T11:15:50.044+0000][21728][gc,marking   ] GC(134) Concurrent Scan Root Regions
[2020-08-27T11:15:50.047+0000][21728][gc,marking   ] GC(134) Concurrent Scan Root Regions 2.492ms
[2020-08-27T11:15:50.047+0000][21728][gc,marking   ] GC(134) Concurrent Mark (68.003s)
[2020-08-27T11:15:50.047+0000][21728][gc,marking   ] GC(134) Concurrent Mark From Roots
[2020-08-27T11:15:50.047+0000][21728][gc,task      ] GC(134) Using 2 workers of 2 for marking
[2020-08-27T11:15:50.179+0000][21728][gc,marking   ] GC(134) Concurrent Mark From Roots 132.261ms
[2020-08-27T11:15:50.179+0000][21728][gc,marking   ] GC(134) Concurrent Preclean
[2020-08-27T11:15:50.180+0000][21728][gc,marking   ] GC(134) Concurrent Preclean 0.513ms
[2020-08-27T11:15:50.180+0000][21728][gc,marking   ] GC(134) Concurrent Mark (68.003s, 68.136s) 132.953ms
[2020-08-27T11:15:50.180+0000][21728][gc,start     ] GC(134) Pause Remark
[2020-08-27T11:15:50.190+0000][21728][gc           ] GC(134) Pause Remark 319M->319M(1024M) 10.410ms
[2020-08-27T11:15:50.190+0000][21728][gc,cpu       ] GC(134) User=0.13s Sys=0.00s Real=0.01s
[2020-08-27T11:15:50.192+0000][21728][safepoint    ] Safepoint "G1Concurrent", Time since last: 136234700 ns, Reaching safepoint: 163300 ns, At safepoint: 11776400 ns, Total: 11939700 ns
[2020-08-27T11:15:50.192+0000][21728][gc,marking   ] GC(134) Concurrent Rebuild Remembered Sets
[2020-08-27T11:15:50.267+0000][21728][gc,marking   ] GC(134) Concurrent Rebuild Remembered Sets 75.218ms
[2020-08-27T11:15:50.267+0000][21728][gc,start     ] GC(134) Pause Cleanup
[2020-08-27T11:15:50.268+0000][21728][gc           ] GC(134) Pause Cleanup 324M->324M(1024M) 0.343ms
[2020-08-27T11:15:50.268+0000][21728][gc,cpu       ] GC(134) User=0.00s Sys=0.00s Real=0.00s
[2020-08-27T11:15:50.268+0000][21728][safepoint    ] Safepoint "G1Concurrent", Time since last: 75431900 ns, Reaching safepoint: 211600 ns, At safepoint: 496900 ns, Total: 708500 ns
[2020-08-27T11:15:50.268+0000][21728][gc,marking   ] GC(134) Concurrent Cleanup for Next Mark
[2020-08-27T11:15:50.269+0000][21728][gc,marking   ] GC(134) Concurrent Cleanup for Next Mark 1.532ms
[2020-08-27T11:15:50.269+0000][21728][gc           ] GC(134) Concurrent Cycle 226.043ms
[2020-08-27T11:15:50.392+0000][21728][safepoint    ] Safepoint "ICBufferFull", Time since last: 123760100 ns, Reaching safepoint: 320000 ns, At safepoint: 291700 ns, Total: 611700 ns
[2020-08-27T11:15:50.397+0000][21728][gc,start     ] GC(135) Pause Young (Concurrent Start) (G1 Humongous Allocation)
[2020-08-27T11:15:50.398+0000][21728][gc,task      ] GC(135) Using 8 workers of 8 for evacuation
[2020-08-27T11:15:50.398+0000][21728][gc,age       ] GC(135) Desired survivor size 33554432 bytes, new threshold 15 (max threshold 15)
[2020-08-27T11:15:50.402+0000][21728][gc,age       ] GC(135) Age table with threshold 15 (max threshold 15)
[2020-08-27T11:15:50.402+0000][21728][gc,age       ] GC(135) - age   1:    2638240 bytes,    2638240 total
[2020-08-27T11:15:50.402+0000][21728][gc,age       ] GC(135) - age   2:      63824 bytes,    2702064 total
[2020-08-27T11:15:50.402+0000][21728][gc,age       ] GC(135) - age   3:     310440 bytes,    3012504 total
[2020-08-27T11:15:50.402+0000][21728][gc,age       ] GC(135) - age   4:     350200 bytes,    3362704 total
[2020-08-27T11:15:50.402+0000][21728][gc,age       ] GC(135) - age   5:       1656 bytes,    3364360 total
[2020-08-27T11:15:50.402+0000][21728][gc,age       ] GC(135) - age   6:       1392 bytes,    3365752 total
[2020-08-27T11:15:50.402+0000][21728][gc,age       ] GC(135) - age   7:       2352 bytes,    3368104 total
[2020-08-27T11:15:50.402+0000][21728][gc,age       ] GC(135) - age   8:        944 bytes,    3369048 total
[2020-08-27T11:15:50.402+0000][21728][gc,age       ] GC(135) - age   9:      45080 bytes,    3414128 total
[2020-08-27T11:15:50.402+0000][21728][gc,age       ] GC(135) - age  10:       1384 bytes,    3415512 total
[2020-08-27T11:15:50.402+0000][21728][gc,age       ] GC(135) - age  11:        720 bytes,    3416232 total
[2020-08-27T11:15:50.402+0000][21728][gc,age       ] GC(135) - age  12:       1392 bytes,    3417624 total
[2020-08-27T11:15:50.402+0000][21728][gc,age       ] GC(135) - age  13:       1192 bytes,    3418816 total
[2020-08-27T11:15:50.402+0000][21728][gc,age       ] GC(135) - age  14:        488 bytes,    3419304 total
[2020-08-27T11:15:50.402+0000][21728][gc,age       ] GC(135) - age  15:        960 bytes,    3420264 total
[2020-08-27T11:15:50.402+0000][21728][gc,phases    ] GC(135)   Pre Evacuate Collection Set: 0.4ms
[2020-08-27T11:15:50.402+0000][21728][gc,phases    ] GC(135)   Merge Heap Roots: 0.1ms
[2020-08-27T11:15:50.402+0000][21728][gc,phases    ] GC(135)   Evacuate Collection Set: 2.7ms
[2020-08-27T11:15:50.402+0000][21728][gc,phases    ] GC(135)   Post Evacuate Collection Set: 0.7ms
[2020-08-27T11:15:50.402+0000][21728][gc,phases    ] GC(135)   Other: 0.8ms
[2020-08-27T11:15:50.402+0000][21728][gc,heap      ] GC(135) Eden regions: 52->0(504)
[2020-08-27T11:15:50.402+0000][21728][gc,heap      ] GC(135) Survivor regions: 4->4(64)
[2020-08-27T11:15:50.402+0000][21728][gc,heap      ] GC(135) Old regions: 77->77
[2020-08-27T11:15:50.402+0000][21728][gc,heap      ] GC(135) Archive regions: 0->0
[2020-08-27T11:15:50.402+0000][21728][gc,heap      ] GC(135) Humongous regions: 230->174
[2020-08-27T11:15:50.402+0000][21728][gc,metaspace ] GC(135) Metaspace: 85503K(92032K)->85503K(92032K) NonClass: 74402K(78336K)->74402K(78336K) Class: 11100K(13696K)->11100K(13696K)
[2020-08-27T11:15:50.402+0000][21728][gc           ] GC(135) Pause Young (Concurrent Start) (G1 Humongous Allocation) 360M->253M(1024M) 4.877ms
[2020-08-27T11:15:50.402+0000][21728][gc,cpu       ] GC(135) User=0.00s Sys=0.00s Real=0.00s
[2020-08-27T11:15:50.402+0000][21728][gc           ] GC(136) Concurrent Cycle
[2020-08-27T11:15:50.402+0000][21728][safepoint    ] Safepoint "G1TryInitiateConcMark", Time since last: 4997100 ns, Reaching safepoint: 239900 ns, At safepoint: 5093500 ns, Total: 5333400 ns
[2020-08-27T11:15:50.403+0000][21728][gc,marking   ] GC(136) Concurrent Clear Claimed Marks
[2020-08-27T11:15:50.403+0000][21728][safepoint    ] Safepoint "G1TryInitiateConcMark", Time since last: 213900 ns, Reaching safepoint: 162100 ns, At safepoint: 55000 ns, Total: 217100 ns
[2020-08-27T11:15:50.403+0000][21728][gc,marking   ] GC(136) Concurrent Clear Claimed Marks 0.398ms
[2020-08-27T11:15:50.403+0000][21728][gc,marking   ] GC(136) Concurrent Scan Root Regions
[2020-08-27T11:15:50.406+0000][21728][gc,marking   ] GC(136) Concurrent Scan Root Regions 2.880ms
[2020-08-27T11:15:50.406+0000][21728][gc,marking   ] GC(136) Concurrent Mark (68.362s)
[2020-08-27T11:15:50.406+0000][21728][gc,marking   ] GC(136) Concurrent Mark From Roots
[2020-08-27T11:15:50.406+0000][21728][gc,task      ] GC(136) Using 2 workers of 2 for marking
[2020-08-27T11:15:50.546+0000][21728][gc,marking   ] GC(136) Concurrent Mark From Roots 140.212ms
[2020-08-27T11:15:50.546+0000][21728][gc,marking   ] GC(136) Concurrent Preclean
[2020-08-27T11:15:50.547+0000][21728][gc,marking   ] GC(136) Concurrent Preclean 0.548ms
[2020-08-27T11:15:50.547+0000][21728][gc,marking   ] GC(136) Concurrent Mark (68.362s, 68.503s) 140.928ms
[2020-08-27T11:15:50.547+0000][21728][gc,start     ] GC(136) Pause Remark
[2020-08-27T11:15:50.552+0000][21728][gc           ] GC(136) Pause Remark 310M->310M(1024M) 4.689ms
[2020-08-27T11:15:50.552+0000][21728][gc,cpu       ] GC(136) User=0.11s Sys=0.00s Real=0.01s
[2020-08-27T11:15:50.552+0000][21728][safepoint    ] Safepoint "G1Concurrent", Time since last: 144065400 ns, Reaching safepoint: 167500 ns, At safepoint: 4933300 ns, Total: 5100800 ns
[2020-08-27T11:15:50.552+0000][21728][gc,marking   ] GC(136) Concurrent Rebuild Remembered Sets
[2020-08-27T11:15:50.629+0000][21728][gc,marking   ] GC(136) Concurrent Rebuild Remembered Sets 77.299ms
[2020-08-27T11:15:50.630+0000][21728][gc,start     ] GC(136) Pause Cleanup
[2020-08-27T11:15:50.630+0000][21728][gc           ] GC(136) Pause Cleanup 316M->316M(1024M) 0.244ms
[2020-08-27T11:15:50.630+0000][21728][gc,cpu       ] GC(136) User=0.00s Sys=0.00s Real=0.00s
[2020-08-27T11:15:50.630+0000][21728][safepoint    ] Safepoint "G1Concurrent", Time since last: 77488600 ns, Reaching safepoint: 164000 ns, At safepoint: 387800 ns, Total: 551800 ns
[2020-08-27T11:15:50.630+0000][21728][gc,marking   ] GC(136) Concurrent Cleanup for Next Mark
[2020-08-27T11:15:50.631+0000][21728][gc,marking   ] GC(136) Concurrent Cleanup for Next Mark 1.190ms
[2020-08-27T11:15:50.631+0000][21728][gc           ] GC(136) Concurrent Cycle 228.982ms
[2020-08-27T11:15:50.749+0000][21728][safepoint    ] Safepoint "BulkRevokeBias", Time since last: 117866300 ns, Reaching safepoint: 168600 ns, At safepoint: 1179900 ns, Total: 1348500 ns
[2020-08-27T11:15:50.810+0000][21728][gc,start     ] GC(137) Pause Young (Concurrent Start) (G1 Humongous Allocation)
[2020-08-27T11:15:50.810+0000][21728][gc,task      ] GC(137) Using 8 workers of 8 for evacuation
[2020-08-27T11:15:50.810+0000][21728][gc,age       ] GC(137) Desired survivor size 33554432 bytes, new threshold 15 (max threshold 15)
[2020-08-27T11:15:50.814+0000][21728][gc,age       ] GC(137) Age table with threshold 15 (max threshold 15)
[2020-08-27T11:15:50.814+0000][21728][gc,age       ] GC(137) - age   1:    2444936 bytes,    2444936 total
[2020-08-27T11:15:50.814+0000][21728][gc,age       ] GC(137) - age   2:       4968 bytes,    2449904 total
[2020-08-27T11:15:50.814+0000][21728][gc,age       ] GC(137) - age   3:      62840 bytes,    2512744 total
[2020-08-27T11:15:50.814+0000][21728][gc,age       ] GC(137) - age   4:     309040 bytes,    2821784 total
[2020-08-27T11:15:50.814+0000][21728][gc,age       ] GC(137) - age   5:     350168 bytes,    3171952 total
[2020-08-27T11:15:50.814+0000][21728][gc,age       ] GC(137) - age   6:       1656 bytes,    3173608 total
[2020-08-27T11:15:50.814+0000][21728][gc,age       ] GC(137) - age   7:       1392 bytes,    3175000 total
[2020-08-27T11:15:50.814+0000][21728][gc,age       ] GC(137) - age   8:       2352 bytes,    3177352 total
[2020-08-27T11:15:50.814+0000][21728][gc,age       ] GC(137) - age   9:        944 bytes,    3178296 total
[2020-08-27T11:15:50.814+0000][21728][gc,age       ] GC(137) - age  10:      44984 bytes,    3223280 total
[2020-08-27T11:15:50.814+0000][21728][gc,age       ] GC(137) - age  11:       1384 bytes,    3224664 total
[2020-08-27T11:15:50.814+0000][21728][gc,age       ] GC(137) - age  12:        720 bytes,    3225384 total
[2020-08-27T11:15:50.814+0000][21728][gc,age       ] GC(137) - age  13:       1392 bytes,    3226776 total
[2020-08-27T11:15:50.814+0000][21728][gc,age       ] GC(137) - age  14:       1192 bytes,    3227968 total
[2020-08-27T11:15:50.814+0000][21728][gc,age       ] GC(137) - age  15:        488 bytes,    3228456 total
[2020-08-27T11:15:50.814+0000][21728][gc,phases    ] GC(137)   Pre Evacuate Collection Set: 0.4ms
[2020-08-27T11:15:50.814+0000][21728][gc,phases    ] GC(137)   Merge Heap Roots: 0.1ms
[2020-08-27T11:15:50.814+0000][21728][gc,phases    ] GC(137)   Evacuate Collection Set: 2.4ms
[2020-08-27T11:15:50.815+0000][21728][gc,phases    ] GC(137)   Post Evacuate Collection Set: 0.7ms
[2020-08-27T11:15:50.815+0000][21728][gc,phases    ] GC(137)   Other: 1.0ms
[2020-08-27T11:15:50.815+0000][21728][gc,heap      ] GC(137) Eden regions: 51->0(505)
[2020-08-27T11:15:50.815+0000][21728][gc,heap      ] GC(137) Survivor regions: 4->4(64)
[2020-08-27T11:15:50.815+0000][21728][gc,heap      ] GC(137) Old regions: 77->77
[2020-08-27T11:15:50.815+0000][21728][gc,heap      ] GC(137) Archive regions: 0->0
[2020-08-27T11:15:50.815+0000][21728][gc,heap      ] GC(137) Humongous regions: 230->174
[2020-08-27T11:15:50.815+0000][21728][gc,metaspace ] GC(137) Metaspace: 85562K(92032K)->85562K(92032K) NonClass: 74462K(78336K)->74462K(78336K) Class: 11100K(13696K)->11100K(13696K)
[2020-08-27T11:15:50.815+0000][21728][gc           ] GC(137) Pause Young (Concurrent Start) (G1 Humongous Allocation) 359M->253M(1024M) 5.037ms
[2020-08-27T11:15:50.815+0000][21728][gc,cpu       ] GC(137) User=0.08s Sys=0.00s Real=0.01s
[2020-08-27T11:15:50.815+0000][21728][gc           ] GC(138) Concurrent Cycle
[2020-08-27T11:15:50.815+0000][21728][safepoint    ] Safepoint "G1TryInitiateConcMark", Time since last: 60093300 ns, Reaching safepoint: 314500 ns, At safepoint: 5250300 ns, Total: 5564800 ns
[2020-08-27T11:15:50.815+0000][21728][gc,marking   ] GC(138) Concurrent Clear Claimed Marks
[2020-08-27T11:15:50.816+0000][21728][gc,marking   ] GC(138) Concurrent Clear Claimed Marks 0.903ms
[2020-08-27T11:15:50.816+0000][21728][gc,marking   ] GC(138) Concurrent Scan Root Regions
[2020-08-27T11:15:50.818+0000][21728][gc,marking   ] GC(138) Concurrent Scan Root Regions 1.999ms
[2020-08-27T11:15:50.818+0000][21728][gc,marking   ] GC(138) Concurrent Mark (68.774s)
[2020-08-27T11:15:50.818+0000][21728][gc,marking   ] GC(138) Concurrent Mark From Roots
[2020-08-27T11:15:50.818+0000][21728][gc,task      ] GC(138) Using 2 workers of 2 for marking
[2020-08-27T11:15:50.960+0000][21728][gc,marking   ] GC(138) Concurrent Mark From Roots 141.928ms
[2020-08-27T11:15:50.960+0000][21728][gc,marking   ] GC(138) Concurrent Preclean
[2020-08-27T11:15:50.961+0000][21728][gc,marking   ] GC(138) Concurrent Preclean 0.483ms
[2020-08-27T11:15:50.961+0000][21728][gc,marking   ] GC(138) Concurrent Mark (68.774s, 68.917s) 142.576ms
[2020-08-27T11:15:50.961+0000][21728][gc,start     ] GC(138) Pause Remark
[2020-08-27T11:15:50.965+0000][21728][gc           ] GC(138) Pause Remark 290M->290M(1024M) 4.323ms
[2020-08-27T11:15:50.965+0000][21728][gc,cpu       ] GC(138) User=0.00s Sys=0.00s Real=0.00s
[2020-08-27T11:15:50.965+0000][21728][safepoint    ] Safepoint "G1Concurrent", Time since last: 145765300 ns, Reaching safepoint: 158500 ns, At safepoint: 4532800 ns, Total: 4691300 ns
[2020-08-27T11:15:50.966+0000][21728][gc,marking   ] GC(138) Concurrent Rebuild Remembered Sets
[2020-08-27T11:15:51.044+0000][21728][gc,marking   ] GC(138) Concurrent Rebuild Remembered Sets 78.589ms
[2020-08-27T11:15:51.044+0000][21728][gc,start     ] GC(138) Pause Cleanup
[2020-08-27T11:15:51.045+0000][21728][gc           ] GC(138) Pause Cleanup 314M->314M(1024M) 0.273ms
[2020-08-27T11:15:51.045+0000][21728][gc,cpu       ] GC(138) User=0.00s Sys=0.00s Real=0.00s
[2020-08-27T11:15:51.045+0000][21728][safepoint    ] Safepoint "G1Concurrent", Time since last: 78745400 ns, Reaching safepoint: 158900 ns, At safepoint: 385000 ns, Total: 543900 ns
[2020-08-27T11:15:51.045+0000][21728][gc,marking   ] GC(138) Concurrent Cleanup for Next Mark
[2020-08-27T11:15:51.046+0000][21728][gc,marking   ] GC(138) Concurrent Cleanup for Next Mark 1.228ms
[2020-08-27T11:15:51.046+0000][21728][gc           ] GC(138) Concurrent Cycle 231.139ms
[2020-08-27T11:15:51.170+0000][21728][safepoint    ] Safepoint "BulkRevokeBias", Time since last: 123720000 ns, Reaching safepoint: 195800 ns, At safepoint: 1604500 ns, Total: 1800300 ns
[2020-08-27T11:15:51.175+0000][21728][gc,start     ] GC(139) Pause Young (Concurrent Start) (G1 Humongous Allocation)
[2020-08-27T11:15:51.175+0000][21728][gc,task      ] GC(139) Using 8 workers of 8 for evacuation
[2020-08-27T11:15:51.175+0000][21728][gc,age       ] GC(139) Desired survivor size 33554432 bytes, new threshold 15 (max threshold 15)
[2020-08-27T11:15:51.179+0000][21728][gc,age       ] GC(139) Age table with threshold 15 (max threshold 15)
[2020-08-27T11:15:51.179+0000][21728][gc,age       ] GC(139) - age   1:    2215864 bytes,    2215864 total
[2020-08-27T11:15:51.179+0000][21728][gc,age       ] GC(139) - age   2:       4496 bytes,    2220360 total
[2020-08-27T11:15:51.179+0000][21728][gc,age       ] GC(139) - age   3:       3856 bytes,    2224216 total
[2020-08-27T11:15:51.179+0000][21728][gc,age       ] GC(139) - age   4:      62424 bytes,    2286640 total
[2020-08-27T11:15:51.179+0000][21728][gc,age       ] GC(139) - age   5:     308720 bytes,    2595360 total
[2020-08-27T11:15:51.179+0000][21728][gc,age       ] GC(139) - age   6:     350040 bytes,    2945400 total
[2020-08-27T11:15:51.179+0000][21728][gc,age       ] GC(139) - age   7:       1656 bytes,    2947056 total
[2020-08-27T11:15:51.179+0000][21728][gc,age       ] GC(139) - age   8:       1392 bytes,    2948448 total
[2020-08-27T11:15:51.179+0000][21728][gc,age       ] GC(139) - age   9:       2352 bytes,    2950800 total
[2020-08-27T11:15:51.179+0000][21728][gc,age       ] GC(139) - age  10:        944 bytes,    2951744 total
[2020-08-27T11:15:51.179+0000][21728][gc,age       ] GC(139) - age  11:      44984 bytes,    2996728 total
[2020-08-27T11:15:51.179+0000][21728][gc,age       ] GC(139) - age  12:       1384 bytes,    2998112 total
[2020-08-27T11:15:51.179+0000][21728][gc,age       ] GC(139) - age  13:        720 bytes,    2998832 total
[2020-08-27T11:15:51.179+0000][21728][gc,age       ] GC(139) - age  14:       1392 bytes,    3000224 total
[2020-08-27T11:15:51.179+0000][21728][gc,age       ] GC(139) - age  15:       1192 bytes,    3001416 total
[2020-08-27T11:15:51.179+0000][21728][gc,phases    ] GC(139)   Pre Evacuate Collection Set: 0.5ms
[2020-08-27T11:15:51.179+0000][21728][gc,phases    ] GC(139)   Merge Heap Roots: 0.1ms
[2020-08-27T11:15:51.179+0000][21728][gc,phases    ] GC(139)   Evacuate Collection Set: 2.2ms
[2020-08-27T11:15:51.179+0000][21728][gc,phases    ] GC(139)   Post Evacuate Collection Set: 0.8ms
[2020-08-27T11:15:51.179+0000][21728][gc,phases    ] GC(139)   Other: 0.7ms
[2020-08-27T11:15:51.179+0000][21728][gc,heap      ] GC(139) Eden regions: 56->0(505)
[2020-08-27T11:15:51.179+0000][21728][gc,heap      ] GC(139) Survivor regions: 4->4(64)
[2020-08-27T11:15:51.179+0000][21728][gc,heap      ] GC(139) Old regions: 77->77
[2020-08-27T11:15:51.179+0000][21728][gc,heap      ] GC(139) Archive regions: 0->0
[2020-08-27T11:15:51.179+0000][21728][gc,heap      ] GC(139) Humongous regions: 230->174
[2020-08-27T11:15:51.179+0000][21728][gc,metaspace ] GC(139) Metaspace: 85626K(92032K)->85626K(92032K) NonClass: 74526K(78336K)->74526K(78336K) Class: 11100K(13696K)->11100K(13696K)
[2020-08-27T11:15:51.179+0000][21728][gc           ] GC(139) Pause Young (Concurrent Start) (G1 Humongous Allocation) 364M->253M(1024M) 4.535ms
[2020-08-27T11:15:51.179+0000][21728][gc,cpu       ] GC(139) User=0.00s Sys=0.00s Real=0.00s
[2020-08-27T11:15:51.180+0000][21728][safepoint    ] Safepoint "G1TryInitiateConcMark", Time since last: 4322800 ns, Reaching safepoint: 217100 ns, At safepoint: 4740700 ns, Total: 4957800 ns
[2020-08-27T11:15:51.180+0000][21728][gc           ] GC(140) Concurrent Cycle
[2020-08-27T11:15:51.180+0000][21728][gc,marking   ] GC(140) Concurrent Clear Claimed Marks
[2020-08-27T11:15:51.180+0000][21728][gc,marking   ] GC(140) Concurrent Clear Claimed Marks 0.708ms
[2020-08-27T11:15:51.181+0000][21728][gc,marking   ] GC(140) Concurrent Scan Root Regions
[2020-08-27T11:15:51.183+0000][21728][gc,marking   ] GC(140) Concurrent Scan Root Regions 2.078ms
[2020-08-27T11:15:51.183+0000][21728][gc,marking   ] GC(140) Concurrent Mark (69.139s)
[2020-08-27T11:15:51.183+0000][21728][gc,marking   ] GC(140) Concurrent Mark From Roots
[2020-08-27T11:15:51.183+0000][21728][gc,task      ] GC(140) Using 2 workers of 2 for marking
[2020-08-27T11:15:51.185+0000][21728][safepoint    ] Safepoint "BulkRevokeBias", Time since last: 3090800 ns, Reaching safepoint: 178900 ns, At safepoint: 1705500 ns, Total: 1884400 ns
[2020-08-27T11:15:51.311+0000][21728][gc,marking   ] GC(140) Concurrent Mark From Roots 128.520ms
[2020-08-27T11:15:51.311+0000][21728][gc,marking   ] GC(140) Concurrent Preclean
[2020-08-27T11:15:51.312+0000][21728][gc,marking   ] GC(140) Concurrent Preclean 0.459ms
[2020-08-27T11:15:51.312+0000][21728][gc,marking   ] GC(140) Concurrent Mark (69.139s, 69.268s) 129.155ms
[2020-08-27T11:15:51.312+0000][21728][gc,start     ] GC(140) Pause Remark
[2020-08-27T11:15:51.317+0000][21728][gc           ] GC(140) Pause Remark 297M->297M(1024M) 4.546ms
[2020-08-27T11:15:51.317+0000][21728][gc,cpu       ] GC(140) User=0.11s Sys=0.00s Real=0.00s
[2020-08-27T11:15:51.317+0000][21728][safepoint    ] Safepoint "G1Concurrent", Time since last: 127423400 ns, Reaching safepoint: 165500 ns, At safepoint: 4742200 ns, Total: 4907700 ns
[2020-08-27T11:15:51.317+0000][21728][gc,marking   ] GC(140) Concurrent Rebuild Remembered Sets
[2020-08-27T11:15:51.390+0000][21728][gc,marking   ] GC(140) Concurrent Rebuild Remembered Sets 73.299ms
[2020-08-27T11:15:51.390+0000][21728][gc,start     ] GC(140) Pause Cleanup
[2020-08-27T11:15:51.391+0000][21728][gc           ] GC(140) Pause Cleanup 305M->305M(1024M) 0.271ms
[2020-08-27T11:15:51.391+0000][21728][gc,cpu       ] GC(140) User=0.02s Sys=0.00s Real=0.00s
[2020-08-27T11:15:51.391+0000][21728][safepoint    ] Safepoint "G1Concurrent", Time since last: 73467300 ns, Reaching safepoint: 151000 ns, At safepoint: 390500 ns, Total: 541500 ns
[2020-08-27T11:15:51.391+0000][21728][gc,marking   ] GC(140) Concurrent Cleanup for Next Mark
[2020-08-27T11:15:51.392+0000][21728][gc,marking   ] GC(140) Concurrent Cleanup for Next Mark 1.249ms
[2020-08-27T11:15:51.392+0000][21728][gc           ] GC(140) Concurrent Cycle 212.706ms
[2020-08-27T11:15:51.514+0000][21728][gc,start     ] GC(141) Pause Young (Concurrent Start) (G1 Humongous Allocation)
[2020-08-27T11:15:51.514+0000][21728][gc,task      ] GC(141) Using 8 workers of 8 for evacuation
[2020-08-27T11:15:51.514+0000][21728][gc,age       ] GC(141) Desired survivor size 33554432 bytes, new threshold 15 (max threshold 15)
[2020-08-27T11:15:51.519+0000][21728][gc,age       ] GC(141) Age table with threshold 15 (max threshold 15)
[2020-08-27T11:15:51.519+0000][21728][gc,age       ] GC(141) - age   1:    1753496 bytes,    1753496 total
[2020-08-27T11:15:51.519+0000][21728][gc,age       ] GC(141) - age   2:       4080 bytes,    1757576 total
[2020-08-27T11:15:51.519+0000][21728][gc,age       ] GC(141) - age   3:       2880 bytes,    1760456 total
[2020-08-27T11:15:51.519+0000][21728][gc,age       ] GC(141) - age   4:       3256 bytes,    1763712 total
[2020-08-27T11:15:51.519+0000][21728][gc,age       ] GC(141) - age   5:      62296 bytes,    1826008 total
[2020-08-27T11:15:51.519+0000][21728][gc,age       ] GC(141) - age   6:     308720 bytes,    2134728 total
[2020-08-27T11:15:51.519+0000][21728][gc,age       ] GC(141) - age   7:     349976 bytes,    2484704 total
[2020-08-27T11:15:51.519+0000][21728][gc,age       ] GC(141) - age   8:       1656 bytes,    2486360 total
[2020-08-27T11:15:51.519+0000][21728][gc,age       ] GC(141) - age   9:       1392 bytes,    2487752 total
[2020-08-27T11:15:51.519+0000][21728][gc,age       ] GC(141) - age  10:       2352 bytes,    2490104 total
[2020-08-27T11:15:51.519+0000][21728][gc,age       ] GC(141) - age  11:        880 bytes,    2490984 total
[2020-08-27T11:15:51.519+0000][21728][gc,age       ] GC(141) - age  12:      44984 bytes,    2535968 total
[2020-08-27T11:15:51.519+0000][21728][gc,age       ] GC(141) - age  13:       1384 bytes,    2537352 total
[2020-08-27T11:15:51.519+0000][21728][gc,age       ] GC(141) - age  14:        720 bytes,    2538072 total
[2020-08-27T11:15:51.519+0000][21728][gc,age       ] GC(141) - age  15:       1392 bytes,    2539464 total
[2020-08-27T11:15:51.519+0000][21728][gc,phases    ] GC(141)   Pre Evacuate Collection Set: 0.5ms
[2020-08-27T11:15:51.519+0000][21728][gc,phases    ] GC(141)   Merge Heap Roots: 0.1ms
[2020-08-27T11:15:51.519+0000][21728][gc,phases    ] GC(141)   Evacuate Collection Set: 2.8ms
[2020-08-27T11:15:51.519+0000][21728][gc,phases    ] GC(141)   Post Evacuate Collection Set: 0.7ms
[2020-08-27T11:15:51.519+0000][21728][gc,phases    ] GC(141)   Other: 0.8ms
[2020-08-27T11:15:51.519+0000][21728][gc,heap      ] GC(141) Eden regions: 53->0(506)
[2020-08-27T11:15:51.519+0000][21728][gc,heap      ] GC(141) Survivor regions: 4->3(64)
[2020-08-27T11:15:51.519+0000][21728][gc,heap      ] GC(141) Old regions: 77->77
[2020-08-27T11:15:51.519+0000][21728][gc,heap      ] GC(141) Archive regions: 0->0
[2020-08-27T11:15:51.519+0000][21728][gc,heap      ] GC(141) Humongous regions: 230->174
[2020-08-27T11:15:51.519+0000][21728][gc,metaspace ] GC(141) Metaspace: 85670K(92032K)->85670K(92032K) NonClass: 74568K(78336K)->74568K(78336K) Class: 11102K(13696K)->11102K(13696K)
[2020-08-27T11:15:51.519+0000][21728][gc           ] GC(141) Pause Young (Concurrent Start) (G1 Humongous Allocation) 361M->252M(1024M) 5.090ms
[2020-08-27T11:15:51.519+0000][21728][gc,cpu       ] GC(141) User=0.11s Sys=0.00s Real=0.01s
[2020-08-27T11:15:51.519+0000][21728][gc           ] GC(142) Concurrent Cycle
[2020-08-27T11:15:51.519+0000][21728][safepoint    ] Safepoint "G1TryInitiateConcMark", Time since last: 123079000 ns, Reaching safepoint: 252800 ns, At safepoint: 5283800 ns, Total: 5536600 ns
[2020-08-27T11:15:51.520+0000][21728][gc,marking   ] GC(142) Concurrent Clear Claimed Marks
[2020-08-27T11:15:51.520+0000][21728][gc,marking   ] GC(142) Concurrent Clear Claimed Marks 0.454ms
[2020-08-27T11:15:51.520+0000][21728][gc,marking   ] GC(142) Concurrent Scan Root Regions
[2020-08-27T11:15:51.522+0000][21728][gc,marking   ] GC(142) Concurrent Scan Root Regions 2.091ms
[2020-08-27T11:15:51.522+0000][21728][gc,marking   ] GC(142) Concurrent Mark (69.479s)
[2020-08-27T11:15:51.522+0000][21728][gc,marking   ] GC(142) Concurrent Mark From Roots
[2020-08-27T11:15:51.522+0000][21728][gc,task      ] GC(142) Using 2 workers of 2 for marking
[2020-08-27T11:15:51.673+0000][21728][gc,marking   ] GC(142) Concurrent Mark From Roots 150.814ms
[2020-08-27T11:15:51.673+0000][21728][gc,marking   ] GC(142) Concurrent Preclean
[2020-08-27T11:15:51.674+0000][21728][gc,marking   ] GC(142) Concurrent Preclean 0.582ms
[2020-08-27T11:15:51.674+0000][21728][gc,marking   ] GC(142) Concurrent Mark (69.479s, 69.630s) 151.561ms
[2020-08-27T11:15:51.674+0000][21728][gc,start     ] GC(142) Pause Remark
[2020-08-27T11:15:51.679+0000][21728][gc           ] GC(142) Pause Remark 277M->277M(1024M) 4.974ms
[2020-08-27T11:15:51.679+0000][21728][gc,cpu       ] GC(142) User=0.00s Sys=0.00s Real=0.00s
[2020-08-27T11:15:51.679+0000][21728][safepoint    ] Safepoint "G1Concurrent", Time since last: 154342200 ns, Reaching safepoint: 157700 ns, At safepoint: 5202500 ns, Total: 5360200 ns
[2020-08-27T11:15:51.679+0000][21728][gc,marking   ] GC(142) Concurrent Rebuild Remembered Sets
[2020-08-27T11:15:51.766+0000][21728][gc,marking   ] GC(142) Concurrent Rebuild Remembered Sets 86.543ms
[2020-08-27T11:15:51.766+0000][21728][gc,start     ] GC(142) Pause Cleanup
[2020-08-27T11:15:51.766+0000][21728][gc           ] GC(142) Pause Cleanup 296M->296M(1024M) 0.265ms
[2020-08-27T11:15:51.766+0000][21728][gc,cpu       ] GC(142) User=0.00s Sys=0.00s Real=0.00s
[2020-08-27T11:15:51.766+0000][21728][safepoint    ] Safepoint "G1Concurrent", Time since last: 86713900 ns, Reaching safepoint: 164800 ns, At safepoint: 393300 ns, Total: 558100 ns
[2020-08-27T11:15:51.767+0000][21728][gc,marking   ] GC(142) Concurrent Cleanup for Next Mark
[2020-08-27T11:15:51.768+0000][21728][gc,marking   ] GC(142) Concurrent Cleanup for Next Mark 1.478ms
[2020-08-27T11:15:51.768+0000][21728][gc           ] GC(142) Concurrent Cycle 248.650ms
[2020-08-27T11:15:52.200+0000][21728][gc,start     ] GC(143) Pause Young (Concurrent Start) (G1 Humongous Allocation)
[2020-08-27T11:15:52.200+0000][21728][gc,task      ] GC(143) Using 8 workers of 8 for evacuation
[2020-08-27T11:15:52.200+0000][21728][gc,age       ] GC(143) Desired survivor size 33554432 bytes, new threshold 15 (max threshold 15)
[2020-08-27T11:15:52.203+0000][21728][gc,age       ] GC(143) Age table with threshold 15 (max threshold 15)
[2020-08-27T11:15:52.203+0000][21728][gc,age       ] GC(143) - age   1:    1207392 bytes,    1207392 total
[2020-08-27T11:15:52.203+0000][21728][gc,age       ] GC(143) - age   2:       3976 bytes,    1211368 total
[2020-08-27T11:15:52.203+0000][21728][gc,age       ] GC(143) - age   3:       2696 bytes,    1214064 total
[2020-08-27T11:15:52.203+0000][21728][gc,age       ] GC(143) - age   4:       2752 bytes,    1216816 total
[2020-08-27T11:15:52.203+0000][21728][gc,age       ] GC(143) - age   5:       3128 bytes,    1219944 total
[2020-08-27T11:15:52.204+0000][21728][gc,age       ] GC(143) - age   6:      62296 bytes,    1282240 total
[2020-08-27T11:15:52.204+0000][21728][gc,age       ] GC(143) - age   7:     308528 bytes,    1590768 total
[2020-08-27T11:15:52.204+0000][21728][gc,age       ] GC(143) - age   8:     349880 bytes,    1940648 total
[2020-08-27T11:15:52.204+0000][21728][gc,age       ] GC(143) - age   9:       1624 bytes,    1942272 total
[2020-08-27T11:15:52.204+0000][21728][gc,age       ] GC(143) - age  10:       1360 bytes,    1943632 total
[2020-08-27T11:15:52.204+0000][21728][gc,age       ] GC(143) - age  11:       2352 bytes,    1945984 total
[2020-08-27T11:15:52.204+0000][21728][gc,age       ] GC(143) - age  12:        784 bytes,    1946768 total
[2020-08-27T11:15:52.204+0000][21728][gc,age       ] GC(143) - age  13:      44984 bytes,    1991752 total
[2020-08-27T11:15:52.204+0000][21728][gc,age       ] GC(143) - age  14:       1384 bytes,    1993136 total
[2020-08-27T11:15:52.204+0000][21728][gc,age       ] GC(143) - age  15:        720 bytes,    1993856 total
[2020-08-27T11:15:52.204+0000][21728][gc,phases    ] GC(143)   Pre Evacuate Collection Set: 0.3ms
[2020-08-27T11:15:52.204+0000][21728][gc,phases    ] GC(143)   Merge Heap Roots: 0.1ms
[2020-08-27T11:15:52.204+0000][21728][gc,phases    ] GC(143)   Evacuate Collection Set: 2.0ms
[2020-08-27T11:15:52.204+0000][21728][gc,phases    ] GC(143)   Post Evacuate Collection Set: 0.7ms
[2020-08-27T11:15:52.204+0000][21728][gc,phases    ] GC(143)   Other: 0.7ms
[2020-08-27T11:15:52.204+0000][21728][gc,heap      ] GC(143) Eden regions: 87->0(507)
[2020-08-27T11:15:52.204+0000][21728][gc,heap      ] GC(143) Survivor regions: 3->3(64)
[2020-08-27T11:15:52.204+0000][21728][gc,heap      ] GC(143) Old regions: 77->77
[2020-08-27T11:15:52.204+0000][21728][gc,heap      ] GC(143) Archive regions: 0->0
[2020-08-27T11:15:52.204+0000][21728][gc,heap      ] GC(143) Humongous regions: 230->174
[2020-08-27T11:15:52.204+0000][21728][gc,metaspace ] GC(143) Metaspace: 85751K(92288K)->85751K(92288K) NonClass: 74649K(78592K)->74649K(78592K) Class: 11102K(13696K)->11102K(13696K)
[2020-08-27T11:15:52.204+0000][21728][gc           ] GC(143) Pause Young (Concurrent Start) (G1 Humongous Allocation) 395M->252M(1024M) 3.966ms
[2020-08-27T11:15:52.204+0000][21728][gc,cpu       ] GC(143) User=0.02s Sys=0.00s Real=0.00s
[2020-08-27T11:15:52.204+0000][21728][gc           ] GC(144) Concurrent Cycle
[2020-08-27T11:15:52.204+0000][21728][safepoint    ] Safepoint "G1TryInitiateConcMark", Time since last: 433409500 ns, Reaching safepoint: 164100 ns, At safepoint: 4120700 ns, Total: 4284800 ns
[2020-08-27T11:15:52.204+0000][21728][gc,marking   ] GC(144) Concurrent Clear Claimed Marks
[2020-08-27T11:15:52.205+0000][21728][gc,marking   ] GC(144) Concurrent Clear Claimed Marks 1.001ms
[2020-08-27T11:15:52.205+0000][21728][gc,marking   ] GC(144) Concurrent Scan Root Regions
[2020-08-27T11:15:52.207+0000][21728][gc,marking   ] GC(144) Concurrent Scan Root Regions 1.937ms
[2020-08-27T11:15:52.207+0000][21728][gc,marking   ] GC(144) Concurrent Mark (70.164s)
[2020-08-27T11:15:52.207+0000][21728][gc,marking   ] GC(144) Concurrent Mark From Roots
[2020-08-27T11:15:52.207+0000][21728][gc,task      ] GC(144) Using 2 workers of 2 for marking
[2020-08-27T11:15:52.340+0000][21728][gc,marking   ] GC(144) Concurrent Mark From Roots 132.332ms
[2020-08-27T11:15:52.340+0000][21728][gc,marking   ] GC(144) Concurrent Preclean
[2020-08-27T11:15:52.340+0000][21728][gc,marking   ] GC(144) Concurrent Preclean 0.540ms
[2020-08-27T11:15:52.340+0000][21728][gc,marking   ] GC(144) Concurrent Mark (70.164s, 70.297s) 133.050ms
[2020-08-27T11:15:52.341+0000][21728][gc,start     ] GC(144) Pause Remark
[2020-08-27T11:15:52.345+0000][21728][gc           ] GC(144) Pause Remark 284M->284M(1024M) 4.759ms
[2020-08-27T11:15:52.346+0000][21728][gc,cpu       ] GC(144) User=0.11s Sys=0.00s Real=0.00s
[2020-08-27T11:15:52.346+0000][21728][safepoint    ] Safepoint "G1Concurrent", Time since last: 136317600 ns, Reaching safepoint: 164900 ns, At safepoint: 5000700 ns, Total: 5165600 ns
[2020-08-27T11:15:52.346+0000][21728][gc,marking   ] GC(144) Concurrent Rebuild Remembered Sets
[2020-08-27T11:15:52.430+0000][21728][gc,marking   ] GC(144) Concurrent Rebuild Remembered Sets 84.596ms
[2020-08-27T11:15:52.431+0000][21728][gc,start     ] GC(144) Pause Cleanup
[2020-08-27T11:15:52.431+0000][21728][gc           ] GC(144) Pause Cleanup 352M->352M(1024M) 0.243ms
[2020-08-27T11:15:52.431+0000][21728][gc,cpu       ] GC(144) User=0.00s Sys=0.00s Real=0.00s
[2020-08-27T11:15:52.431+0000][21728][safepoint    ] Safepoint "G1Concurrent", Time since last: 84772400 ns, Reaching safepoint: 179200 ns, At safepoint: 397300 ns, Total: 576500 ns
[2020-08-27T11:15:52.431+0000][21728][gc,marking   ] GC(144) Concurrent Cleanup for Next Mark
[2020-08-27T11:15:52.433+0000][21728][gc,marking   ] GC(144) Concurrent Cleanup for Next Mark 1.589ms
[2020-08-27T11:15:52.433+0000][21728][gc           ] GC(144) Concurrent Cycle 228.603ms
[2020-08-27T11:15:52.507+0000][21728][gc,start     ] GC(145) Pause Young (Concurrent Start) (G1 Humongous Allocation)
[2020-08-27T11:15:52.508+0000][21728][gc,task      ] GC(145) Using 8 workers of 8 for evacuation
[2020-08-27T11:15:52.508+0000][21728][gc,age       ] GC(145) Desired survivor size 33554432 bytes, new threshold 15 (max threshold 15)
[2020-08-27T11:15:52.511+0000][21728][gc,age       ] GC(145) Age table with threshold 15 (max threshold 15)
[2020-08-27T11:15:52.512+0000][21728][gc,age       ] GC(145) - age   1:     701520 bytes,     701520 total
[2020-08-27T11:15:52.512+0000][21728][gc,age       ] GC(145) - age   2:       9184 bytes,     710704 total
[2020-08-27T11:15:52.512+0000][21728][gc,age       ] GC(145) - age   3:       2448 bytes,     713152 total
[2020-08-27T11:15:52.512+0000][21728][gc,age       ] GC(145) - age   4:       2696 bytes,     715848 total
[2020-08-27T11:15:52.512+0000][21728][gc,age       ] GC(145) - age   5:       2720 bytes,     718568 total
[2020-08-27T11:15:52.512+0000][21728][gc,age       ] GC(145) - age   6:       3128 bytes,     721696 total
[2020-08-27T11:15:52.512+0000][21728][gc,age       ] GC(145) - age   7:      62296 bytes,     783992 total
[2020-08-27T11:15:52.512+0000][21728][gc,age       ] GC(145) - age   8:     307792 bytes,    1091784 total
[2020-08-27T11:15:52.512+0000][21728][gc,age       ] GC(145) - age   9:     349880 bytes,    1441664 total
[2020-08-27T11:15:52.512+0000][21728][gc,age       ] GC(145) - age  10:       1624 bytes,    1443288 total
[2020-08-27T11:15:52.512+0000][21728][gc,age       ] GC(145) - age  11:       1360 bytes,    1444648 total
[2020-08-27T11:15:52.512+0000][21728][gc,age       ] GC(145) - age  12:       2352 bytes,    1447000 total
[2020-08-27T11:15:52.512+0000][21728][gc,age       ] GC(145) - age  13:        784 bytes,    1447784 total
[2020-08-27T11:15:52.512+0000][21728][gc,age       ] GC(145) - age  14:      44984 bytes,    1492768 total
[2020-08-27T11:15:52.512+0000][21728][gc,age       ] GC(145) - age  15:       1384 bytes,    1494152 total
[2020-08-27T11:15:52.512+0000][21728][gc,phases    ] GC(145)   Pre Evacuate Collection Set: 0.4ms
[2020-08-27T11:15:52.512+0000][21728][gc,phases    ] GC(145)   Merge Heap Roots: 0.1ms
[2020-08-27T11:15:52.512+0000][21728][gc,phases    ] GC(145)   Evacuate Collection Set: 2.5ms
[2020-08-27T11:15:52.512+0000][21728][gc,phases    ] GC(145)   Post Evacuate Collection Set: 0.6ms
[2020-08-27T11:15:52.512+0000][21728][gc,phases    ] GC(145)   Other: 0.9ms
[2020-08-27T11:15:52.512+0000][21728][gc,heap      ] GC(145) Eden regions: 50->0(509)
[2020-08-27T11:15:52.512+0000][21728][gc,heap      ] GC(145) Survivor regions: 3->2(64)
[2020-08-27T11:15:52.512+0000][21728][gc,heap      ] GC(145) Old regions: 77->77
[2020-08-27T11:15:52.512+0000][21728][gc,heap      ] GC(145) Archive regions: 0->0
[2020-08-27T11:15:52.512+0000][21728][gc,heap      ] GC(145) Humongous regions: 232->174
[2020-08-27T11:15:52.512+0000][21728][gc,metaspace ] GC(145) Metaspace: 85767K(92288K)->85767K(92288K) NonClass: 74665K(78592K)->74665K(78592K) Class: 11102K(13696K)->11102K(13696K)
[2020-08-27T11:15:52.512+0000][21728][gc           ] GC(145) Pause Young (Concurrent Start) (G1 Humongous Allocation) 359M->251M(1024M) 4.763ms
[2020-08-27T11:15:52.512+0000][21728][gc,cpu       ] GC(145) User=0.00s Sys=0.00s Real=0.01s
[2020-08-27T11:15:52.512+0000][21728][gc           ] GC(146) Concurrent Cycle
[2020-08-27T11:15:52.512+0000][21728][safepoint    ] Safepoint "G1TryInitiateConcMark", Time since last: 76311200 ns, Reaching safepoint: 156600 ns, At safepoint: 4946400 ns, Total: 5103000 ns
[2020-08-27T11:15:52.512+0000][21728][gc,marking   ] GC(146) Concurrent Clear Claimed Marks
[2020-08-27T11:15:52.513+0000][21728][gc,marking   ] GC(146) Concurrent Clear Claimed Marks 0.501ms
[2020-08-27T11:15:52.513+0000][21728][gc,marking   ] GC(146) Concurrent Scan Root Regions
[2020-08-27T11:15:52.515+0000][21728][gc,marking   ] GC(146) Concurrent Scan Root Regions 2.075ms
[2020-08-27T11:15:52.515+0000][21728][gc,marking   ] GC(146) Concurrent Mark (70.471s)
[2020-08-27T11:15:52.515+0000][21728][gc,marking   ] GC(146) Concurrent Mark From Roots
[2020-08-27T11:15:52.515+0000][21728][gc,task      ] GC(146) Using 2 workers of 2 for marking
[2020-08-27T11:15:52.613+0000][21728][gc,marking   ] GC(146) Concurrent Mark From Roots 98.113ms
[2020-08-27T11:15:52.613+0000][21728][gc,marking   ] GC(146) Concurrent Preclean
[2020-08-27T11:15:52.614+0000][21728][gc,marking   ] GC(146) Concurrent Preclean 0.355ms
[2020-08-27T11:15:52.614+0000][21728][gc,marking   ] GC(146) Concurrent Mark (70.471s, 70.570s) 98.607ms
[2020-08-27T11:15:52.614+0000][21728][gc,start     ] GC(146) Pause Remark
[2020-08-27T11:15:52.619+0000][21728][gc           ] GC(146) Pause Remark 273M->273M(1024M) 4.914ms
[2020-08-27T11:15:52.619+0000][21728][gc,cpu       ] GC(146) User=0.00s Sys=0.00s Real=0.00s
[2020-08-27T11:15:52.619+0000][21728][safepoint    ] Safepoint "G1Concurrent", Time since last: 101386700 ns, Reaching safepoint: 152700 ns, At safepoint: 5119800 ns, Total: 5272500 ns
[2020-08-27T11:15:52.619+0000][21728][gc,marking   ] GC(146) Concurrent Rebuild Remembered Sets
[2020-08-27T11:15:52.692+0000][21728][gc,marking   ] GC(146) Concurrent Rebuild Remembered Sets 73.189ms
[2020-08-27T11:15:52.693+0000][21728][gc,start     ] GC(146) Pause Cleanup
[2020-08-27T11:15:52.693+0000][21728][gc           ] GC(146) Pause Cleanup 278M->278M(1024M) 0.288ms
[2020-08-27T11:15:52.693+0000][21728][gc,cpu       ] GC(146) User=0.00s Sys=0.00s Real=0.00s
[2020-08-27T11:15:52.693+0000][21728][safepoint    ] Safepoint "G1Concurrent", Time since last: 73359700 ns, Reaching safepoint: 157500 ns, At safepoint: 439800 ns, Total: 597300 ns
[2020-08-27T11:15:52.693+0000][21728][gc,marking   ] GC(146) Concurrent Cleanup for Next Mark
[2020-08-27T11:15:52.694+0000][21728][gc,marking   ] GC(146) Concurrent Cleanup for Next Mark 1.256ms
[2020-08-27T11:15:52.694+0000][21728][gc           ] GC(146) Concurrent Cycle 182.073ms
[2020-08-27T11:15:53.052+0000][21728][gc,start     ] GC(147) Pause Young (Concurrent Start) (G1 Humongous Allocation)
[2020-08-27T11:15:53.052+0000][21728][gc,task      ] GC(147) Using 8 workers of 8 for evacuation
[2020-08-27T11:15:53.052+0000][21728][gc,age       ] GC(147) Desired survivor size 33554432 bytes, new threshold 15 (max threshold 15)
[2020-08-27T11:15:53.057+0000][21728][gc,age       ] GC(147) Age table with threshold 15 (max threshold 15)
[2020-08-27T11:15:53.057+0000][21728][gc,age       ] GC(147) - age   1:    1117536 bytes,    1117536 total
[2020-08-27T11:15:53.057+0000][21728][gc,age       ] GC(147) - age   2:       2344 bytes,    1119880 total
[2020-08-27T11:15:53.057+0000][21728][gc,age       ] GC(147) - age   3:       3960 bytes,    1123840 total
[2020-08-27T11:15:53.057+0000][21728][gc,age       ] GC(147) - age   4:       2384 bytes,    1126224 total
[2020-08-27T11:15:53.057+0000][21728][gc,age       ] GC(147) - age   5:       2664 bytes,    1128888 total
[2020-08-27T11:15:53.057+0000][21728][gc,age       ] GC(147) - age   6:       2528 bytes,    1131416 total
[2020-08-27T11:15:53.057+0000][21728][gc,age       ] GC(147) - age   7:       3128 bytes,    1134544 total
[2020-08-27T11:15:53.057+0000][21728][gc,age       ] GC(147) - age   8:      62264 bytes,    1196808 total
[2020-08-27T11:15:53.057+0000][21728][gc,age       ] GC(147) - age   9:     304816 bytes,    1501624 total
[2020-08-27T11:15:53.057+0000][21728][gc,age       ] GC(147) - age  10:     349848 bytes,    1851472 total
[2020-08-27T11:15:53.057+0000][21728][gc,age       ] GC(147) - age  11:       1624 bytes,    1853096 total
[2020-08-27T11:15:53.057+0000][21728][gc,age       ] GC(147) - age  12:       1296 bytes,    1854392 total
[2020-08-27T11:15:53.057+0000][21728][gc,age       ] GC(147) - age  13:       2352 bytes,    1856744 total
[2020-08-27T11:15:53.057+0000][21728][gc,age       ] GC(147) - age  14:        784 bytes,    1857528 total
[2020-08-27T11:15:53.057+0000][21728][gc,age       ] GC(147) - age  15:      44984 bytes,    1902512 total
[2020-08-27T11:15:53.057+0000][21728][gc,phases    ] GC(147)   Pre Evacuate Collection Set: 0.5ms
[2020-08-27T11:15:53.057+0000][21728][gc,phases    ] GC(147)   Merge Heap Roots: 0.1ms
[2020-08-27T11:15:53.057+0000][21728][gc,phases    ] GC(147)   Evacuate Collection Set: 2.5ms
[2020-08-27T11:15:53.057+0000][21728][gc,phases    ] GC(147)   Post Evacuate Collection Set: 0.7ms
[2020-08-27T11:15:53.057+0000][21728][gc,phases    ] GC(147)   Other: 0.8ms
[2020-08-27T11:15:53.057+0000][21728][gc,heap      ] GC(147) Eden regions: 66->0(509)
[2020-08-27T11:15:53.057+0000][21728][gc,heap      ] GC(147) Survivor regions: 2->2(64)
[2020-08-27T11:15:53.057+0000][21728][gc,heap      ] GC(147) Old regions: 77->77
[2020-08-27T11:15:53.057+0000][21728][gc,heap      ] GC(147) Archive regions: 0->0
[2020-08-27T11:15:53.057+0000][21728][gc,heap      ] GC(147) Humongous regions: 230->174
[2020-08-27T11:15:53.057+0000][21728][gc,metaspace ] GC(147) Metaspace: 85816K(92288K)->85816K(92288K) NonClass: 74714K(78592K)->74714K(78592K) Class: 11102K(13696K)->11102K(13696K)
[2020-08-27T11:15:53.057+0000][21728][gc           ] GC(147) Pause Young (Concurrent Start) (G1 Humongous Allocation) 373M->252M(1024M) 4.905ms
[2020-08-27T11:15:53.057+0000][21728][gc,cpu       ] GC(147) User=0.00s Sys=0.00s Real=0.00s
[2020-08-27T11:15:53.057+0000][21728][gc           ] GC(148) Concurrent Cycle
[2020-08-27T11:15:53.057+0000][21728][safepoint    ] Safepoint "G1TryInitiateConcMark", Time since last: 358908300 ns, Reaching safepoint: 294400 ns, At safepoint: 5120800 ns, Total: 5415200 ns
[2020-08-27T11:15:53.057+0000][21728][gc,marking   ] GC(148) Concurrent Clear Claimed Marks
[2020-08-27T11:15:53.058+0000][21728][safepoint    ] Safepoint "G1TryInitiateConcMark", Time since last: 99900 ns, Reaching safepoint: 172000 ns, At safepoint: 31900 ns, Total: 203900 ns
[2020-08-27T11:15:53.058+0000][21728][gc,marking   ] GC(148) Concurrent Clear Claimed Marks 0.376ms
[2020-08-27T11:15:53.058+0000][21728][gc,marking   ] GC(148) Concurrent Scan Root Regions
[2020-08-27T11:15:53.060+0000][21728][gc,marking   ] GC(148) Concurrent Scan Root Regions 2.140ms
[2020-08-27T11:15:53.060+0000][21728][gc,marking   ] GC(148) Concurrent Mark (71.016s)
[2020-08-27T11:15:53.060+0000][21728][gc,marking   ] GC(148) Concurrent Mark From Roots
[2020-08-27T11:15:53.060+0000][21728][gc,task      ] GC(148) Using 2 workers of 2 for marking
[2020-08-27T11:15:53.154+0000][21728][gc,marking   ] GC(148) Concurrent Mark From Roots 94.336ms
[2020-08-27T11:15:53.154+0000][21728][gc,marking   ] GC(148) Concurrent Preclean
[2020-08-27T11:15:53.155+0000][21728][gc,marking   ] GC(148) Concurrent Preclean 0.333ms
[2020-08-27T11:15:53.155+0000][21728][gc,marking   ] GC(148) Concurrent Mark (71.016s, 71.111s) 94.781ms
[2020-08-27T11:15:53.155+0000][21728][gc,start     ] GC(148) Pause Remark
[2020-08-27T11:15:53.159+0000][21728][gc           ] GC(148) Pause Remark 276M->276M(1024M) 4.084ms
[2020-08-27T11:15:53.159+0000][21728][gc,cpu       ] GC(148) User=0.13s Sys=0.00s Real=0.00s
[2020-08-27T11:15:53.159+0000][21728][safepoint    ] Safepoint "G1Concurrent", Time since last: 97163800 ns, Reaching safepoint: 153300 ns, At safepoint: 4287300 ns, Total: 4440600 ns
[2020-08-27T11:15:53.159+0000][21728][gc,marking   ] GC(148) Concurrent Rebuild Remembered Sets
[2020-08-27T11:15:53.226+0000][21728][gc,marking   ] GC(148) Concurrent Rebuild Remembered Sets 66.770ms
[2020-08-27T11:15:53.226+0000][21728][gc,start     ] GC(148) Pause Cleanup
[2020-08-27T11:15:53.227+0000][21728][gc           ] GC(148) Pause Cleanup 285M->285M(1024M) 0.238ms
[2020-08-27T11:15:53.227+0000][21728][gc,cpu       ] GC(148) User=0.00s Sys=0.00s Real=0.00s
[2020-08-27T11:15:53.227+0000][21728][safepoint    ] Safepoint "G1Concurrent", Time since last: 66923400 ns, Reaching safepoint: 165300 ns, At safepoint: 371600 ns, Total: 536900 ns
[2020-08-27T11:15:53.227+0000][21728][gc,marking   ] GC(148) Concurrent Cleanup for Next Mark
[2020-08-27T11:15:53.228+0000][21728][gc,marking   ] GC(148) Concurrent Cleanup for Next Mark 1.197ms
[2020-08-27T11:15:53.228+0000][21728][gc           ] GC(148) Concurrent Cycle 170.772ms
[2020-08-27T11:15:53.353+0000][21728][gc,start     ] GC(149) Pause Young (Concurrent Start) (G1 Humongous Allocation)
[2020-08-27T11:15:53.353+0000][21728][gc,task      ] GC(149) Using 8 workers of 8 for evacuation
[2020-08-27T11:15:53.353+0000][21728][gc,age       ] GC(149) Desired survivor size 33554432 bytes, new threshold 15 (max threshold 15)
[2020-08-27T11:15:53.356+0000][21728][gc,age       ] GC(149) Age table with threshold 15 (max threshold 15)
[2020-08-27T11:15:53.356+0000][21728][gc,age       ] GC(149) - age   1:     797360 bytes,     797360 total
[2020-08-27T11:15:53.356+0000][21728][gc,age       ] GC(149) - age   2:      10384 bytes,     807744 total
[2020-08-27T11:15:53.356+0000][21728][gc,age       ] GC(149) - age   3:       1440 bytes,     809184 total
[2020-08-27T11:15:53.356+0000][21728][gc,age       ] GC(149) - age   4:       3488 bytes,     812672 total
[2020-08-27T11:15:53.356+0000][21728][gc,age       ] GC(149) - age   5:       2320 bytes,     814992 total
[2020-08-27T11:15:53.356+0000][21728][gc,age       ] GC(149) - age   6:       2664 bytes,     817656 total
[2020-08-27T11:15:53.356+0000][21728][gc,age       ] GC(149) - age   7:       2528 bytes,     820184 total
[2020-08-27T11:15:53.356+0000][21728][gc,age       ] GC(149) - age   8:       3128 bytes,     823312 total
[2020-08-27T11:15:53.356+0000][21728][gc,age       ] GC(149) - age   9:      62200 bytes,     885512 total
[2020-08-27T11:15:53.356+0000][21728][gc,age       ] GC(149) - age  10:     304752 bytes,    1190264 total
[2020-08-27T11:15:53.356+0000][21728][gc,age       ] GC(149) - age  11:     349848 bytes,    1540112 total
[2020-08-27T11:15:53.356+0000][21728][gc,age       ] GC(149) - age  12:       1624 bytes,    1541736 total
[2020-08-27T11:15:53.356+0000][21728][gc,age       ] GC(149) - age  13:       1296 bytes,    1543032 total
[2020-08-27T11:15:53.357+0000][21728][gc,age       ] GC(149) - age  14:       2256 bytes,    1545288 total
[2020-08-27T11:15:53.357+0000][21728][gc,age       ] GC(149) - age  15:        784 bytes,    1546072 total
[2020-08-27T11:15:53.357+0000][21728][gc,phases    ] GC(149)   Pre Evacuate Collection Set: 0.4ms
[2020-08-27T11:15:53.357+0000][21728][gc,phases    ] GC(149)   Merge Heap Roots: 0.1ms
[2020-08-27T11:15:53.357+0000][21728][gc,phases    ] GC(149)   Evacuate Collection Set: 2.2ms
[2020-08-27T11:15:53.357+0000][21728][gc,phases    ] GC(149)   Post Evacuate Collection Set: 0.6ms
[2020-08-27T11:15:53.357+0000][21728][gc,phases    ] GC(149)   Other: 0.7ms
[2020-08-27T11:15:53.357+0000][21728][gc,heap      ] GC(149) Eden regions: 49->0(510)
[2020-08-27T11:15:53.357+0000][21728][gc,heap      ] GC(149) Survivor regions: 2->2(64)
[2020-08-27T11:15:53.357+0000][21728][gc,heap      ] GC(149) Old regions: 77->77
[2020-08-27T11:15:53.357+0000][21728][gc,heap      ] GC(149) Archive regions: 0->0
[2020-08-27T11:15:53.357+0000][21728][gc,heap      ] GC(149) Humongous regions: 230->174
[2020-08-27T11:15:53.357+0000][21728][gc,metaspace ] GC(149) Metaspace: 85880K(92288K)->85880K(92288K) NonClass: 74778K(78592K)->74778K(78592K) Class: 11102K(13696K)->11102K(13696K)
[2020-08-27T11:15:53.357+0000][21728][gc           ] GC(149) Pause Young (Concurrent Start) (G1 Humongous Allocation) 357M->251M(1024M) 4.165ms
[2020-08-27T11:15:53.357+0000][21728][gc,cpu       ] GC(149) User=0.00s Sys=0.00s Real=0.00s
[2020-08-27T11:15:53.357+0000][21728][gc           ] GC(150) Concurrent Cycle
[2020-08-27T11:15:53.357+0000][21728][safepoint    ] Safepoint "G1TryInitiateConcMark", Time since last: 125757800 ns, Reaching safepoint: 177000 ns, At safepoint: 4341700 ns, Total: 4518700 ns
[2020-08-27T11:15:53.357+0000][21728][gc,marking   ] GC(150) Concurrent Clear Claimed Marks
[2020-08-27T11:15:53.358+0000][21728][gc,marking   ] GC(150) Concurrent Clear Claimed Marks 0.563ms
[2020-08-27T11:15:53.358+0000][21728][gc,marking   ] GC(150) Concurrent Scan Root Regions
[2020-08-27T11:15:53.360+0000][21728][gc,marking   ] GC(150) Concurrent Scan Root Regions 1.872ms
[2020-08-27T11:15:53.360+0000][21728][gc,marking   ] GC(150) Concurrent Mark (71.316s)
[2020-08-27T11:15:53.360+0000][21728][gc,marking   ] GC(150) Concurrent Mark From Roots
[2020-08-27T11:15:53.360+0000][21728][gc,task      ] GC(150) Using 2 workers of 2 for marking
[2020-08-27T11:15:53.465+0000][21728][gc,marking   ] GC(150) Concurrent Mark From Roots 105.766ms
[2020-08-27T11:15:53.465+0000][21728][gc,marking   ] GC(150) Concurrent Preclean
[2020-08-27T11:15:53.466+0000][21728][gc,marking   ] GC(150) Concurrent Preclean 0.359ms
[2020-08-27T11:15:53.466+0000][21728][gc,marking   ] GC(150) Concurrent Mark (71.316s, 71.422s) 106.274ms
[2020-08-27T11:15:53.466+0000][21728][gc,start     ] GC(150) Pause Remark
[2020-08-27T11:15:53.471+0000][21728][gc           ] GC(150) Pause Remark 272M->272M(1024M) 4.978ms
[2020-08-27T11:15:53.471+0000][21728][gc,cpu       ] GC(150) User=0.11s Sys=0.00s Real=0.00s
[2020-08-27T11:15:53.471+0000][21728][safepoint    ] Safepoint "G1Concurrent", Time since last: 109005900 ns, Reaching safepoint: 143200 ns, At safepoint: 5186400 ns, Total: 5329600 ns
[2020-08-27T11:15:53.471+0000][21728][gc,marking   ] GC(150) Concurrent Rebuild Remembered Sets
[2020-08-27T11:15:53.547+0000][21728][gc,marking   ] GC(150) Concurrent Rebuild Remembered Sets 76.023ms
[2020-08-27T11:15:53.548+0000][21728][gc,start     ] GC(150) Pause Cleanup
[2020-08-27T11:15:53.548+0000][21728][gc           ] GC(150) Pause Cleanup 281M->281M(1024M) 0.289ms
[2020-08-27T11:15:53.548+0000][21728][gc,cpu       ] GC(150) User=0.00s Sys=0.00s Real=0.00s
[2020-08-27T11:15:53.548+0000][21728][safepoint    ] Safepoint "G1Concurrent", Time since last: 76188600 ns, Reaching safepoint: 164400 ns, At safepoint: 423600 ns, Total: 588000 ns
[2020-08-27T11:15:53.548+0000][21728][gc,marking   ] GC(150) Concurrent Cleanup for Next Mark
[2020-08-27T11:15:53.550+0000][21728][gc,marking   ] GC(150) Concurrent Cleanup for Next Mark 1.750ms
[2020-08-27T11:15:53.550+0000][21728][gc           ] GC(150) Concurrent Cycle 193.260ms
[2020-08-27T11:15:54.030+0000][21728][gc,start     ] GC(151) Pause Young (Concurrent Start) (G1 Humongous Allocation)
[2020-08-27T11:15:54.030+0000][21728][gc,task      ] GC(151) Using 8 workers of 8 for evacuation
[2020-08-27T11:15:54.030+0000][21728][gc,age       ] GC(151) Desired survivor size 33554432 bytes, new threshold 15 (max threshold 15)
[2020-08-27T11:15:54.034+0000][21728][gc,age       ] GC(151) Age table with threshold 15 (max threshold 15)
[2020-08-27T11:15:54.034+0000][21728][gc,age       ] GC(151) - age   1:    2670144 bytes,    2670144 total
[2020-08-27T11:15:54.034+0000][21728][gc,age       ] GC(151) - age   2:       2024 bytes,    2672168 total
[2020-08-27T11:15:54.035+0000][21728][gc,age       ] GC(151) - age   3:       5056 bytes,    2677224 total
[2020-08-27T11:15:54.035+0000][21728][gc,age       ] GC(151) - age   4:        520 bytes,    2677744 total
[2020-08-27T11:15:54.035+0000][21728][gc,age       ] GC(151) - age   5:       3456 bytes,    2681200 total
[2020-08-27T11:15:54.035+0000][21728][gc,age       ] GC(151) - age   6:       2256 bytes,    2683456 total
[2020-08-27T11:15:54.035+0000][21728][gc,age       ] GC(151) - age   7:       2632 bytes,    2686088 total
[2020-08-27T11:15:54.035+0000][21728][gc,age       ] GC(151) - age   8:       2496 bytes,    2688584 total
[2020-08-27T11:15:54.035+0000][21728][gc,age       ] GC(151) - age   9:       3128 bytes,    2691712 total
[2020-08-27T11:15:54.035+0000][21728][gc,age       ] GC(151) - age  10:      62200 bytes,    2753912 total
[2020-08-27T11:15:54.035+0000][21728][gc,age       ] GC(151) - age  11:     304432 bytes,    3058344 total
[2020-08-27T11:15:54.035+0000][21728][gc,age       ] GC(151) - age  12:     349688 bytes,    3408032 total
[2020-08-27T11:15:54.035+0000][21728][gc,age       ] GC(151) - age  13:       1336 bytes,    3409368 total
[2020-08-27T11:15:54.035+0000][21728][gc,age       ] GC(151) - age  14:       1104 bytes,    3410472 total
[2020-08-27T11:15:54.035+0000][21728][gc,age       ] GC(151) - age  15:       2064 bytes,    3412536 total
[2020-08-27T11:15:54.035+0000][21728][gc,phases    ] GC(151)   Pre Evacuate Collection Set: 0.5ms
[2020-08-27T11:15:54.035+0000][21728][gc,phases    ] GC(151)   Merge Heap Roots: 0.1ms
[2020-08-27T11:15:54.035+0000][21728][gc,phases    ] GC(151)   Evacuate Collection Set: 2.5ms
[2020-08-27T11:15:54.035+0000][21728][gc,phases    ] GC(151)   Post Evacuate Collection Set: 0.6ms
[2020-08-27T11:15:54.035+0000][21728][gc,phases    ] GC(151)   Other: 1.0ms
[2020-08-27T11:15:54.035+0000][21728][gc,heap      ] GC(151) Eden regions: 64->0(506)
[2020-08-27T11:15:54.035+0000][21728][gc,heap      ] GC(151) Survivor regions: 2->4(64)
[2020-08-27T11:15:54.035+0000][21728][gc,heap      ] GC(151) Old regions: 77->77
[2020-08-27T11:15:54.035+0000][21728][gc,heap      ] GC(151) Archive regions: 0->0
[2020-08-27T11:15:54.035+0000][21728][gc,heap      ] GC(151) Humongous regions: 230->175
[2020-08-27T11:15:54.035+0000][21728][gc,metaspace ] GC(151) Metaspace: 85933K(92288K)->85933K(92288K) NonClass: 74831K(78592K)->74831K(78592K) Class: 11102K(13696K)->11102K(13696K)
[2020-08-27T11:15:54.035+0000][21728][gc           ] GC(151) Pause Young (Concurrent Start) (G1 Humongous Allocation) 371M->254M(1024M) 4.776ms
[2020-08-27T11:15:54.035+0000][21728][gc,cpu       ] GC(151) User=0.11s Sys=0.00s Real=0.01s
[2020-08-27T11:15:54.035+0000][21728][gc           ] GC(152) Concurrent Cycle
[2020-08-27T11:15:54.035+0000][21728][gc,marking   ] GC(152) Concurrent Clear Claimed Marks
[2020-08-27T11:15:54.035+0000][21728][safepoint    ] Safepoint "G1TryInitiateConcMark", Time since last: 481859700 ns, Reaching safepoint: 266500 ns, At safepoint: 5159600 ns, Total: 5426100 ns
[2020-08-27T11:15:54.036+0000][21728][gc,marking   ] GC(152) Concurrent Clear Claimed Marks 0.356ms
[2020-08-27T11:15:54.036+0000][21728][gc,marking   ] GC(152) Concurrent Scan Root Regions
[2020-08-27T11:15:54.038+0000][21728][gc,marking   ] GC(152) Concurrent Scan Root Regions 2.380ms
[2020-08-27T11:15:54.038+0000][21728][gc,marking   ] GC(152) Concurrent Mark (71.995s)
[2020-08-27T11:15:54.038+0000][21728][gc,marking   ] GC(152) Concurrent Mark From Roots
[2020-08-27T11:15:54.038+0000][21728][gc,task      ] GC(152) Using 2 workers of 2 for marking
[2020-08-27T11:15:54.190+0000][21728][gc,marking   ] GC(152) Concurrent Mark From Roots 151.359ms
[2020-08-27T11:15:54.190+0000][21728][gc,marking   ] GC(152) Concurrent Preclean
[2020-08-27T11:15:54.190+0000][21728][gc,marking   ] GC(152) Concurrent Preclean 0.532ms
[2020-08-27T11:15:54.190+0000][21728][gc,marking   ] GC(152) Concurrent Mark (71.995s, 72.147s) 152.125ms
[2020-08-27T11:15:54.190+0000][21728][gc,start     ] GC(152) Pause Remark
[2020-08-27T11:15:54.201+0000][21728][gc           ] GC(152) Pause Remark 308M->308M(1024M) 10.722ms
[2020-08-27T11:15:54.201+0000][21728][gc,cpu       ] GC(152) User=0.00s Sys=0.00s Real=0.01s
[2020-08-27T11:15:54.203+0000][21728][safepoint    ] Safepoint "G1Concurrent", Time since last: 155014200 ns, Reaching safepoint: 156300 ns, At safepoint: 12932100 ns, Total: 13088400 ns
[2020-08-27T11:15:54.204+0000][21728][gc,marking   ] GC(152) Concurrent Rebuild Remembered Sets
[2020-08-27T11:15:54.290+0000][21728][gc,marking   ] GC(152) Concurrent Rebuild Remembered Sets 86.770ms
[2020-08-27T11:15:54.291+0000][21728][gc,start     ] GC(152) Pause Cleanup
[2020-08-27T11:15:54.291+0000][21728][gc           ] GC(152) Pause Cleanup 319M->319M(1024M) 0.317ms
[2020-08-27T11:15:54.291+0000][21728][gc,cpu       ] GC(152) User=0.00s Sys=0.00s Real=0.00s
[2020-08-27T11:15:54.291+0000][21728][safepoint    ] Safepoint "G1Concurrent", Time since last: 87071900 ns, Reaching safepoint: 280700 ns, At safepoint: 495200 ns, Total: 775900 ns
[2020-08-27T11:15:54.291+0000][21728][gc,marking   ] GC(152) Concurrent Cleanup for Next Mark
[2020-08-27T11:15:54.294+0000][21728][gc,marking   ] GC(152) Concurrent Cleanup for Next Mark 1.495ms
[2020-08-27T11:15:54.294+0000][21728][gc           ] GC(152) Concurrent Cycle 257.806ms
[2020-08-27T11:15:54.445+0000][21728][safepoint    ] Safepoint "ICBufferFull", Time since last: 153057700 ns, Reaching safepoint: 355300 ns, At safepoint: 14300 ns, Total: 369600 ns
[2020-08-27T11:15:54.447+0000][21728][gc,start     ] GC(153) Pause Young (Concurrent Start) (G1 Humongous Allocation)
[2020-08-27T11:15:54.447+0000][21728][gc,task      ] GC(153) Using 8 workers of 8 for evacuation
[2020-08-27T11:15:54.447+0000][21728][gc,age       ] GC(153) Desired survivor size 33554432 bytes, new threshold 15 (max threshold 15)
[2020-08-27T11:15:54.451+0000][21728][gc,age       ] GC(153) Age table with threshold 15 (max threshold 15)
[2020-08-27T11:15:54.451+0000][21728][gc,age       ] GC(153) - age   1:    1946208 bytes,    1946208 total
[2020-08-27T11:15:54.451+0000][21728][gc,age       ] GC(153) - age   2:       6688 bytes,    1952896 total
[2020-08-27T11:15:54.451+0000][21728][gc,age       ] GC(153) - age   3:        704 bytes,    1953600 total
[2020-08-27T11:15:54.451+0000][21728][gc,age       ] GC(153) - age   4:       5024 bytes,    1958624 total
[2020-08-27T11:15:54.451+0000][21728][gc,age       ] GC(153) - age   5:        520 bytes,    1959144 total
[2020-08-27T11:15:54.451+0000][21728][gc,age       ] GC(153) - age   6:       3360 bytes,    1962504 total
[2020-08-27T11:15:54.451+0000][21728][gc,age       ] GC(153) - age   7:       2256 bytes,    1964760 total
[2020-08-27T11:15:54.451+0000][21728][gc,age       ] GC(153) - age   8:       2520 bytes,    1967280 total
[2020-08-27T11:15:54.451+0000][21728][gc,age       ] GC(153) - age   9:       2496 bytes,    1969776 total
[2020-08-27T11:15:54.451+0000][21728][gc,age       ] GC(153) - age  10:       3096 bytes,    1972872 total
[2020-08-27T11:15:54.451+0000][21728][gc,age       ] GC(153) - age  11:      62168 bytes,    2035040 total
[2020-08-27T11:15:54.451+0000][21728][gc,age       ] GC(153) - age  12:     302416 bytes,    2337456 total
[2020-08-27T11:15:54.451+0000][21728][gc,age       ] GC(153) - age  13:     349688 bytes,    2687144 total
[2020-08-27T11:15:54.451+0000][21728][gc,age       ] GC(153) - age  14:       1336 bytes,    2688480 total
[2020-08-27T11:15:54.451+0000][21728][gc,age       ] GC(153) - age  15:       1104 bytes,    2689584 total
[2020-08-27T11:15:54.451+0000][21728][gc,phases    ] GC(153)   Pre Evacuate Collection Set: 0.4ms
[2020-08-27T11:15:54.451+0000][21728][gc,phases    ] GC(153)   Merge Heap Roots: 0.1ms
[2020-08-27T11:15:54.451+0000][21728][gc,phases    ] GC(153)   Evacuate Collection Set: 2.4ms
[2020-08-27T11:15:54.451+0000][21728][gc,phases    ] GC(153)   Post Evacuate Collection Set: 0.7ms
[2020-08-27T11:15:54.451+0000][21728][gc,phases    ] GC(153)   Other: 1.0ms
[2020-08-27T11:15:54.451+0000][21728][gc,heap      ] GC(153) Eden regions: 49->0(508)
[2020-08-27T11:15:54.451+0000][21728][gc,heap      ] GC(153) Survivor regions: 4->3(64)
[2020-08-27T11:15:54.451+0000][21728][gc,heap      ] GC(153) Old regions: 77->77
[2020-08-27T11:15:54.451+0000][21728][gc,heap      ] GC(153) Archive regions: 0->0
[2020-08-27T11:15:54.452+0000][21728][gc,heap      ] GC(153) Humongous regions: 230->174
[2020-08-27T11:15:54.452+0000][21728][gc,metaspace ] GC(153) Metaspace: 85941K(92288K)->85941K(92288K) NonClass: 74840K(78592K)->74840K(78592K) Class: 11101K(13696K)->11101K(13696K)
[2020-08-27T11:15:54.452+0000][21728][gc           ] GC(153) Pause Young (Concurrent Start) (G1 Humongous Allocation) 358M->252M(1024M) 4.975ms
[2020-08-27T11:15:54.452+0000][21728][gc,cpu       ] GC(153) User=0.00s Sys=0.00s Real=0.00s
[2020-08-27T11:15:54.452+0000][21728][gc           ] GC(154) Concurrent Cycle
[2020-08-27T11:15:54.452+0000][21728][safepoint    ] Safepoint "G1TryInitiateConcMark", Time since last: 1749200 ns, Reaching safepoint: 220300 ns, At safepoint: 5159600 ns, Total: 5379900 ns
[2020-08-27T11:15:54.452+0000][21728][gc,marking   ] GC(154) Concurrent Clear Claimed Marks
[2020-08-27T11:15:54.452+0000][21728][gc,marking   ] GC(154) Concurrent Clear Claimed Marks 0.351ms
[2020-08-27T11:15:54.452+0000][21728][gc,marking   ] GC(154) Concurrent Scan Root Regions
[2020-08-27T11:15:54.454+0000][21728][gc,marking   ] GC(154) Concurrent Scan Root Regions 2.096ms
[2020-08-27T11:15:54.454+0000][21728][gc,marking   ] GC(154) Concurrent Mark (72.411s)
[2020-08-27T11:15:54.454+0000][21728][gc,marking   ] GC(154) Concurrent Mark From Roots
[2020-08-27T11:15:54.454+0000][21728][gc,task      ] GC(154) Using 2 workers of 2 for marking
[2020-08-27T11:15:54.593+0000][21728][gc,marking   ] GC(154) Concurrent Mark From Roots 137.690ms
[2020-08-27T11:15:54.593+0000][21728][gc,marking   ] GC(154) Concurrent Preclean
[2020-08-27T11:15:54.593+0000][21728][gc,marking   ] GC(154) Concurrent Preclean 0.423ms
[2020-08-27T11:15:54.593+0000][21728][gc,marking   ] GC(154) Concurrent Mark (72.411s, 72.549s) 138.275ms
[2020-08-27T11:15:54.593+0000][21728][gc,start     ] GC(154) Pause Remark
[2020-08-27T11:15:54.598+0000][21728][gc           ] GC(154) Pause Remark 289M->289M(1024M) 4.800ms
[2020-08-27T11:15:54.598+0000][21728][gc,cpu       ] GC(154) User=0.13s Sys=0.00s Real=0.01s
[2020-08-27T11:15:54.598+0000][21728][safepoint    ] Safepoint "G1Concurrent", Time since last: 140964900 ns, Reaching safepoint: 170700 ns, At safepoint: 4968300 ns, Total: 5139000 ns
[2020-08-27T11:15:54.598+0000][21728][gc,marking   ] GC(154) Concurrent Rebuild Remembered Sets
[2020-08-27T11:15:54.681+0000][21728][gc,marking   ] GC(154) Concurrent Rebuild Remembered Sets 82.995ms
[2020-08-27T11:15:54.682+0000][21728][gc,start     ] GC(154) Pause Cleanup
[2020-08-27T11:15:54.682+0000][21728][gc           ] GC(154) Pause Cleanup 310M->310M(1024M) 0.292ms
[2020-08-27T11:15:54.682+0000][21728][gc,cpu       ] GC(154) User=0.00s Sys=0.00s Real=0.00s
[2020-08-27T11:15:54.682+0000][21728][safepoint    ] Safepoint "G1Concurrent", Time since last: 83228500 ns, Reaching safepoint: 301800 ns, At safepoint: 459000 ns, Total: 760800 ns
[2020-08-27T11:15:54.682+0000][21728][gc,marking   ] GC(154) Concurrent Cleanup for Next Mark
[2020-08-27T11:15:54.684+0000][21728][gc,marking   ] GC(154) Concurrent Cleanup for Next Mark 1.990ms
[2020-08-27T11:15:54.684+0000][21728][gc           ] GC(154) Concurrent Cycle 232.277ms
[2020-08-27T11:15:54.691+0000][21728][gc,start     ] GC(155) Pause Young (Concurrent Start) (G1 Humongous Allocation)
[2020-08-27T11:15:54.691+0000][21728][gc,task      ] GC(155) Using 8 workers of 8 for evacuation
[2020-08-27T11:15:54.691+0000][21728][gc,age       ] GC(155) Desired survivor size 33554432 bytes, new threshold 15 (max threshold 15)
[2020-08-27T11:15:54.697+0000][21728][gc,age       ] GC(155) Age table with threshold 15 (max threshold 15)
[2020-08-27T11:15:54.697+0000][21728][gc,age       ] GC(155) - age   1:   12573024 bytes,   12573024 total
[2020-08-27T11:15:54.697+0000][21728][gc,age       ] GC(155) - age   2:      17184 bytes,   12590208 total
[2020-08-27T11:15:54.697+0000][21728][gc,age       ] GC(155) - age   3:       4952 bytes,   12595160 total
[2020-08-27T11:15:54.697+0000][21728][gc,age       ] GC(155) - age   4:        672 bytes,   12595832 total
[2020-08-27T11:15:54.697+0000][21728][gc,age       ] GC(155) - age   5:       5024 bytes,   12600856 total
[2020-08-27T11:15:54.697+0000][21728][gc,age       ] GC(155) - age   6:        520 bytes,   12601376 total
[2020-08-27T11:15:54.697+0000][21728][gc,age       ] GC(155) - age   7:       3360 bytes,   12604736 total
[2020-08-27T11:15:54.697+0000][21728][gc,age       ] GC(155) - age   8:       2256 bytes,   12606992 total
[2020-08-27T11:15:54.697+0000][21728][gc,age       ] GC(155) - age   9:       2520 bytes,   12609512 total
[2020-08-27T11:15:54.697+0000][21728][gc,age       ] GC(155) - age  10:       2464 bytes,   12611976 total
[2020-08-27T11:15:54.698+0000][21728][gc,age       ] GC(155) - age  11:       3096 bytes,   12615072 total
[2020-08-27T11:15:54.698+0000][21728][gc,age       ] GC(155) - age  12:      62104 bytes,   12677176 total
[2020-08-27T11:15:54.698+0000][21728][gc,age       ] GC(155) - age  13:     299352 bytes,   12976528 total
[2020-08-27T11:15:54.698+0000][21728][gc,age       ] GC(155) - age  14:     348936 bytes,   13325464 total
[2020-08-27T11:15:54.698+0000][21728][gc,age       ] GC(155) - age  15:        944 bytes,   13326408 total
[2020-08-27T11:15:54.698+0000][21728][gc,phases    ] GC(155)   Pre Evacuate Collection Set: 0.6ms
[2020-08-27T11:15:54.698+0000][21728][gc,phases    ] GC(155)   Merge Heap Roots: 0.1ms
[2020-08-27T11:15:54.698+0000][21728][gc,phases    ] GC(155)   Evacuate Collection Set: 4.0ms
[2020-08-27T11:15:54.698+0000][21728][gc,phases    ] GC(155)   Post Evacuate Collection Set: 0.9ms
[2020-08-27T11:15:54.698+0000][21728][gc,phases    ] GC(155)   Other: 1.0ms
[2020-08-27T11:15:54.698+0000][21728][gc,heap      ] GC(155) Eden regions: 42->0(487)
[2020-08-27T11:15:54.698+0000][21728][gc,heap      ] GC(155) Survivor regions: 3->13(64)
[2020-08-27T11:15:54.698+0000][21728][gc,heap      ] GC(155) Old regions: 77->77
[2020-08-27T11:15:54.698+0000][21728][gc,heap      ] GC(155) Archive regions: 0->0
[2020-08-27T11:15:54.698+0000][21728][gc,heap      ] GC(155) Humongous regions: 230->174
[2020-08-27T11:15:54.698+0000][21728][gc,metaspace ] GC(155) Metaspace: 85956K(92288K)->85956K(92288K) NonClass: 74855K(78592K)->74855K(78592K) Class: 11101K(13696K)->11101K(13696K)
[2020-08-27T11:15:54.698+0000][21728][gc           ] GC(155) Pause Young (Concurrent Start) (G1 Humongous Allocation) 350M->263M(1024M) 6.885ms
[2020-08-27T11:15:54.698+0000][21728][gc,cpu       ] GC(155) User=0.00s Sys=0.00s Real=0.01s
[2020-08-27T11:15:54.698+0000][21728][gc           ] GC(156) Concurrent Cycle
[2020-08-27T11:15:54.698+0000][21728][safepoint    ] Safepoint "G1TryInitiateConcMark", Time since last: 8462100 ns, Reaching safepoint: 338400 ns, At safepoint: 7092100 ns, Total: 7430500 ns
[2020-08-27T11:15:54.698+0000][21728][gc,marking   ] GC(156) Concurrent Clear Claimed Marks
[2020-08-27T11:15:54.699+0000][21728][gc,marking   ] GC(156) Concurrent Clear Claimed Marks 0.662ms
[2020-08-27T11:15:54.699+0000][21728][gc,marking   ] GC(156) Concurrent Scan Root Regions
[2020-08-27T11:15:54.704+0000][21728][gc,marking   ] GC(156) Concurrent Scan Root Regions 4.599ms
[2020-08-27T11:15:54.704+0000][21728][gc,marking   ] GC(156) Concurrent Mark (72.660s)
[2020-08-27T11:15:54.704+0000][21728][gc,marking   ] GC(156) Concurrent Mark From Roots
[2020-08-27T11:15:54.704+0000][21728][gc,task      ] GC(156) Using 2 workers of 2 for marking
[2020-08-27T11:15:54.872+0000][21728][gc,marking   ] GC(156) Concurrent Mark From Roots 167.901ms
[2020-08-27T11:15:54.872+0000][21728][gc,marking   ] GC(156) Concurrent Preclean
[2020-08-27T11:15:54.872+0000][21728][gc,marking   ] GC(156) Concurrent Preclean 0.540ms
[2020-08-27T11:15:54.872+0000][21728][gc,marking   ] GC(156) Concurrent Mark (72.660s, 72.828s) 168.661ms
[2020-08-27T11:15:54.876+0000][21728][gc,start     ] GC(156) Pause Remark
[2020-08-27T11:15:54.881+0000][21728][gc           ] GC(156) Pause Remark 473M->473M(1024M) 5.692ms
[2020-08-27T11:15:54.882+0000][21728][gc,cpu       ] GC(156) User=0.00s Sys=0.00s Real=0.01s
[2020-08-27T11:15:54.882+0000][21728][safepoint    ] Safepoint "G1Concurrent", Time since last: 174360800 ns, Reaching safepoint: 3195300 ns, At safepoint: 6633600 ns, Total: 9828900 ns
[2020-08-27T11:15:54.882+0000][21728][gc,marking   ] GC(156) Concurrent Rebuild Remembered Sets
[2020-08-27T11:15:54.983+0000][21728][gc,marking   ] GC(156) Concurrent Rebuild Remembered Sets 100.844ms
[2020-08-27T11:15:54.984+0000][21728][gc,start     ] GC(156) Pause Cleanup
[2020-08-27T11:15:54.984+0000][21728][gc           ] GC(156) Pause Cleanup 545M->545M(1024M) 0.333ms
[2020-08-27T11:15:54.984+0000][21728][gc,cpu       ] GC(156) User=0.00s Sys=0.00s Real=0.00s
[2020-08-27T11:15:54.984+0000][21728][safepoint    ] Safepoint "G1Concurrent", Time since last: 101057400 ns, Reaching safepoint: 184800 ns, At safepoint: 518000 ns, Total: 702800 ns
[2020-08-27T11:15:54.984+0000][21728][gc,marking   ] GC(156) Concurrent Cleanup for Next Mark
[2020-08-27T11:15:54.986+0000][21728][gc,marking   ] GC(156) Concurrent Cleanup for Next Mark 1.703ms
[2020-08-27T11:15:54.986+0000][21728][gc           ] GC(156) Concurrent Cycle 287.870ms
[2020-08-27T11:15:55.289+0000][21728][gc,start     ] GC(157) Pause Young (Concurrent Start) (G1 Humongous Allocation)
[2020-08-27T11:15:55.289+0000][21728][gc,task      ] GC(157) Using 8 workers of 8 for evacuation
[2020-08-27T11:15:55.289+0000][21728][gc,age       ] GC(157) Desired survivor size 33030144 bytes, new threshold 15 (max threshold 15)
[2020-08-27T11:15:55.293+0000][21728][gc,age       ] GC(157) Age table with threshold 15 (max threshold 15)
[2020-08-27T11:15:55.293+0000][21728][gc,age       ] GC(157) - age   1:    2562368 bytes,    2562368 total
[2020-08-27T11:15:55.293+0000][21728][gc,age       ] GC(157) - age   2:      13776 bytes,    2576144 total
[2020-08-27T11:15:55.293+0000][21728][gc,age       ] GC(157) - age   3:      15104 bytes,    2591248 total
[2020-08-27T11:15:55.293+0000][21728][gc,age       ] GC(157) - age   4:       4320 bytes,    2595568 total
[2020-08-27T11:15:55.293+0000][21728][gc,age       ] GC(157) - age   5:        544 bytes,    2596112 total
[2020-08-27T11:15:55.293+0000][21728][gc,age       ] GC(157) - age   6:       5024 bytes,    2601136 total
[2020-08-27T11:15:55.293+0000][21728][gc,age       ] GC(157) - age   7:        488 bytes,    2601624 total
[2020-08-27T11:15:55.293+0000][21728][gc,age       ] GC(157) - age   8:       3264 bytes,    2604888 total
[2020-08-27T11:15:55.293+0000][21728][gc,age       ] GC(157) - age   9:       2256 bytes,    2607144 total
[2020-08-27T11:15:55.293+0000][21728][gc,age       ] GC(157) - age  10:       2488 bytes,    2609632 total
[2020-08-27T11:15:55.293+0000][21728][gc,age       ] GC(157) - age  11:       2464 bytes,    2612096 total
[2020-08-27T11:15:55.293+0000][21728][gc,age       ] GC(157) - age  12:       3096 bytes,    2615192 total
[2020-08-27T11:15:55.293+0000][21728][gc,age       ] GC(157) - age  13:      62072 bytes,    2677264 total
[2020-08-27T11:15:55.293+0000][21728][gc,age       ] GC(157) - age  14:     296616 bytes,    2973880 total
[2020-08-27T11:15:55.293+0000][21728][gc,age       ] GC(157) - age  15:     345920 bytes,    3319800 total
[2020-08-27T11:15:55.293+0000][21728][gc,phases    ] GC(157)   Pre Evacuate Collection Set: 0.4ms
[2020-08-27T11:15:55.293+0000][21728][gc,phases    ] GC(157)   Merge Heap Roots: 0.1ms
[2020-08-27T11:15:55.293+0000][21728][gc,phases    ] GC(157)   Evacuate Collection Set: 2.4ms
[2020-08-27T11:15:55.293+0000][21728][gc,phases    ] GC(157)   Post Evacuate Collection Set: 0.8ms
[2020-08-27T11:15:55.294+0000][21728][gc,phases    ] GC(157)   Other: 0.7ms
[2020-08-27T11:15:55.294+0000][21728][gc,heap      ] GC(157) Eden regions: 82->0(498)
[2020-08-27T11:15:55.294+0000][21728][gc,heap      ] GC(157) Survivor regions: 13->4(63)
[2020-08-27T11:15:55.294+0000][21728][gc,heap      ] GC(157) Old regions: 77->77
[2020-08-27T11:15:55.294+0000][21728][gc,heap      ] GC(157) Archive regions: 0->0
[2020-08-27T11:15:55.294+0000][21728][gc,heap      ] GC(157) Humongous regions: 399->174
[2020-08-27T11:15:55.294+0000][21728][gc,metaspace ] GC(157) Metaspace: 85961K(92288K)->85961K(92288K) NonClass: 74860K(78592K)->74860K(78592K) Class: 11101K(13696K)->11101K(13696K)
[2020-08-27T11:15:55.294+0000][21728][gc           ] GC(157) Pause Young (Concurrent Start) (G1 Humongous Allocation) 570M->253M(1024M) 4.577ms
[2020-08-27T11:15:55.294+0000][21728][gc,cpu       ] GC(157) User=0.00s Sys=0.00s Real=0.00s
[2020-08-27T11:15:55.294+0000][21728][safepoint    ] Safepoint "G1TryInitiateConcMark", Time since last: 304909300 ns, Reaching safepoint: 157700 ns, At safepoint: 4735500 ns, Total: 4893200 ns
[2020-08-27T11:15:55.294+0000][21728][gc           ] GC(158) Concurrent Cycle
[2020-08-27T11:15:55.294+0000][21728][gc,marking   ] GC(158) Concurrent Clear Claimed Marks
[2020-08-27T11:15:55.294+0000][21728][gc,marking   ] GC(158) Concurrent Clear Claimed Marks 0.382ms
[2020-08-27T11:15:55.294+0000][21728][gc,marking   ] GC(158) Concurrent Scan Root Regions
[2020-08-27T11:15:55.297+0000][21728][gc,marking   ] GC(158) Concurrent Scan Root Regions 2.487ms
[2020-08-27T11:15:55.297+0000][21728][gc,marking   ] GC(158) Concurrent Mark (73.253s)
[2020-08-27T11:15:55.297+0000][21728][gc,marking   ] GC(158) Concurrent Mark From Roots
[2020-08-27T11:15:55.297+0000][21728][gc,task      ] GC(158) Using 2 workers of 2 for marking
[2020-08-27T11:15:55.407+0000][21728][gc,marking   ] GC(158) Concurrent Mark From Roots 110.194ms
[2020-08-27T11:15:55.407+0000][21728][gc,marking   ] GC(158) Concurrent Preclean
[2020-08-27T11:15:55.408+0000][21728][gc,marking   ] GC(158) Concurrent Preclean 0.556ms
[2020-08-27T11:15:55.408+0000][21728][gc,marking   ] GC(158) Concurrent Mark (73.253s, 73.364s) 110.954ms
[2020-08-27T11:15:55.408+0000][21728][gc,start     ] GC(158) Pause Remark
[2020-08-27T11:15:55.412+0000][21728][gc           ] GC(158) Pause Remark 311M->311M(1024M) 4.300ms
[2020-08-27T11:15:55.413+0000][21728][gc,cpu       ] GC(158) User=0.00s Sys=0.00s Real=0.01s
[2020-08-27T11:15:55.413+0000][21728][safepoint    ] Safepoint "G1Concurrent", Time since last: 114169500 ns, Reaching safepoint: 159300 ns, At safepoint: 4526000 ns, Total: 4685300 ns
[2020-08-27T11:15:55.413+0000][21728][gc,marking   ] GC(158) Concurrent Rebuild Remembered Sets
[2020-08-27T11:15:55.496+0000][21728][gc,marking   ] GC(158) Concurrent Rebuild Remembered Sets 83.739ms
[2020-08-27T11:15:55.497+0000][21728][gc,start     ] GC(158) Pause Cleanup
[2020-08-27T11:15:55.498+0000][21728][gc           ] GC(158) Pause Cleanup 445M->445M(1024M) 0.389ms
[2020-08-27T11:15:55.498+0000][21728][gc,cpu       ] GC(158) User=0.00s Sys=0.00s Real=0.00s
[2020-08-27T11:15:55.498+0000][21728][safepoint    ] Safepoint "G1Concurrent", Time since last: 84122900 ns, Reaching safepoint: 291900 ns, At safepoint: 852100 ns, Total: 1144000 ns
[2020-08-27T11:15:55.498+0000][21728][gc,marking   ] GC(158) Concurrent Cleanup for Next Mark
[2020-08-27T11:15:55.501+0000][21728][gc,marking   ] GC(158) Concurrent Cleanup for Next Mark 3.425ms
[2020-08-27T11:15:55.502+0000][21728][gc           ] GC(158) Concurrent Cycle 207.970ms
[2020-08-27T11:15:55.502+0000][21728][gc,start     ] GC(159) Pause Young (Concurrent Start) (G1 Humongous Allocation)
[2020-08-27T11:15:55.502+0000][21728][gc,task      ] GC(159) Using 8 workers of 8 for evacuation
[2020-08-27T11:15:55.502+0000][21728][gc,age       ] GC(159) Desired survivor size 33030144 bytes, new threshold 15 (max threshold 15)
[2020-08-27T11:15:55.508+0000][21728][gc,age       ] GC(159) Age table with threshold 15 (max threshold 15)
[2020-08-27T11:15:55.508+0000][21728][gc,age       ] GC(159) - age   1:    9309000 bytes,    9309000 total
[2020-08-27T11:15:55.508+0000][21728][gc,age       ] GC(159) - age   2:      11832 bytes,    9320832 total
[2020-08-27T11:15:55.508+0000][21728][gc,age       ] GC(159) - age   3:      10976 bytes,    9331808 total
[2020-08-27T11:15:55.508+0000][21728][gc,age       ] GC(159) - age   4:      14752 bytes,    9346560 total
[2020-08-27T11:15:55.508+0000][21728][gc,age       ] GC(159) - age   5:       4224 bytes,    9350784 total
[2020-08-27T11:15:55.508+0000][21728][gc,age       ] GC(159) - age   6:        448 bytes,    9351232 total
[2020-08-27T11:15:55.508+0000][21728][gc,age       ] GC(159) - age   7:       4992 bytes,    9356224 total
[2020-08-27T11:15:55.508+0000][21728][gc,age       ] GC(159) - age   8:        488 bytes,    9356712 total
[2020-08-27T11:15:55.508+0000][21728][gc,age       ] GC(159) - age   9:       3264 bytes,    9359976 total
[2020-08-27T11:15:55.508+0000][21728][gc,age       ] GC(159) - age  10:       2224 bytes,    9362200 total
[2020-08-27T11:15:55.508+0000][21728][gc,age       ] GC(159) - age  11:       2456 bytes,    9364656 total
[2020-08-27T11:15:55.508+0000][21728][gc,age       ] GC(159) - age  12:       2368 bytes,    9367024 total
[2020-08-27T11:15:55.508+0000][21728][gc,age       ] GC(159) - age  13:       3096 bytes,    9370120 total
[2020-08-27T11:15:55.508+0000][21728][gc,age       ] GC(159) - age  14:      62072 bytes,    9432192 total
[2020-08-27T11:15:55.508+0000][21728][gc,age       ] GC(159) - age  15:     296616 bytes,    9728808 total
[2020-08-27T11:15:55.508+0000][21728][gc,phases    ] GC(159)   Pre Evacuate Collection Set: 0.5ms
[2020-08-27T11:15:55.509+0000][21728][gc,phases    ] GC(159)   Merge Heap Roots: 0.2ms
[2020-08-27T11:15:55.509+0000][21728][gc,phases    ] GC(159)   Evacuate Collection Set: 3.6ms
[2020-08-27T11:15:55.509+0000][21728][gc,phases    ] GC(159)   Post Evacuate Collection Set: 0.9ms
[2020-08-27T11:15:55.509+0000][21728][gc,phases    ] GC(159)   Other: 1.0ms
[2020-08-27T11:15:55.509+0000][21728][gc,heap      ] GC(159) Eden regions: 48->0(486)
[2020-08-27T11:15:55.509+0000][21728][gc,heap      ] GC(159) Survivor regions: 4->10(63)
[2020-08-27T11:15:55.509+0000][21728][gc,heap      ] GC(159) Old regions: 77->77
[2020-08-27T11:15:55.509+0000][21728][gc,heap      ] GC(159) Archive regions: 0->0
[2020-08-27T11:15:55.509+0000][21728][gc,heap      ] GC(159) Humongous regions: 360->176
[2020-08-27T11:15:55.509+0000][21728][gc,metaspace ] GC(159) Metaspace: 85972K(92288K)->85972K(92288K) NonClass: 74871K(78592K)->74871K(78592K) Class: 11101K(13696K)->11101K(13696K)
[2020-08-27T11:15:55.509+0000][21728][gc           ] GC(159) Pause Young (Concurrent Start) (G1 Humongous Allocation) 487M->262M(1024M) 6.571ms
[2020-08-27T11:15:55.509+0000][21728][gc,cpu       ] GC(159) User=0.00s Sys=0.00s Real=0.01s
[2020-08-27T11:15:55.509+0000][21728][gc           ] GC(160) Concurrent Cycle
[2020-08-27T11:15:55.509+0000][21728][gc,marking   ] GC(160) Concurrent Clear Claimed Marks
[2020-08-27T11:15:55.509+0000][21728][safepoint    ] Safepoint "G1TryInitiateConcMark", Time since last: 3920500 ns, Reaching safepoint: 387000 ns, At safepoint: 6876600 ns, Total: 7263600 ns
[2020-08-27T11:15:55.510+0000][21728][gc,marking   ] GC(160) Concurrent Clear Claimed Marks 0.775ms
[2020-08-27T11:15:55.510+0000][21728][gc,marking   ] GC(160) Concurrent Scan Root Regions
[2020-08-27T11:15:55.515+0000][21728][gc,marking   ] GC(160) Concurrent Scan Root Regions 5.175ms
[2020-08-27T11:15:55.515+0000][21728][gc,marking   ] GC(160) Concurrent Mark (73.472s)
[2020-08-27T11:15:55.515+0000][21728][gc,marking   ] GC(160) Concurrent Mark From Roots
[2020-08-27T11:15:55.515+0000][21728][gc,task      ] GC(160) Using 2 workers of 2 for marking
[2020-08-27T11:15:55.673+0000][21728][gc,marking   ] GC(160) Concurrent Mark From Roots 157.963ms
[2020-08-27T11:15:55.673+0000][21728][gc,marking   ] GC(160) Concurrent Preclean
[2020-08-27T11:15:55.674+0000][21728][gc,marking   ] GC(160) Concurrent Preclean 0.583ms
[2020-08-27T11:15:55.674+0000][21728][gc,marking   ] GC(160) Concurrent Mark (73.472s, 73.630s) 158.730ms
[2020-08-27T11:15:55.674+0000][21728][gc,start     ] GC(160) Pause Remark
[2020-08-27T11:15:55.680+0000][21728][gc           ] GC(160) Pause Remark 424M->424M(1024M) 5.367ms
[2020-08-27T11:15:55.680+0000][21728][gc,cpu       ] GC(160) User=0.00s Sys=0.00s Real=0.01s
[2020-08-27T11:15:55.680+0000][21728][safepoint    ] Safepoint "G1Concurrent", Time since last: 165030100 ns, Reaching safepoint: 195500 ns, At safepoint: 5611900 ns, Total: 5807400 ns
[2020-08-27T11:15:55.680+0000][21728][gc,marking   ] GC(160) Concurrent Rebuild Remembered Sets
[2020-08-27T11:15:55.785+0000][21728][gc,marking   ] GC(160) Concurrent Rebuild Remembered Sets 105.362ms
[2020-08-27T11:15:55.786+0000][21728][gc,start     ] GC(160) Pause Cleanup
[2020-08-27T11:15:55.786+0000][21728][gc           ] GC(160) Pause Cleanup 507M->507M(1024M) 0.247ms
[2020-08-27T11:15:55.786+0000][21728][gc,cpu       ] GC(160) User=0.00s Sys=0.00s Real=0.00s
[2020-08-27T11:15:55.786+0000][21728][safepoint    ] Safepoint "G1Concurrent", Time since last: 105541800 ns, Reaching safepoint: 219500 ns, At safepoint: 435800 ns, Total: 655300 ns
[2020-08-27T11:15:55.786+0000][21728][gc,marking   ] GC(160) Concurrent Cleanup for Next Mark
[2020-08-27T11:15:55.788+0000][21728][gc,marking   ] GC(160) Concurrent Cleanup for Next Mark 1.706ms
[2020-08-27T11:15:55.788+0000][21728][gc           ] GC(160) Concurrent Cycle 279.022ms
[2020-08-27T11:15:55.931+0000][21728][gc,start     ] GC(161) Pause Young (Concurrent Start) (G1 Humongous Allocation)
[2020-08-27T11:15:55.931+0000][21728][gc,task      ] GC(161) Using 8 workers of 8 for evacuation
[2020-08-27T11:15:55.931+0000][21728][gc,age       ] GC(161) Desired survivor size 32505856 bytes, new threshold 15 (max threshold 15)
[2020-08-27T11:15:55.934+0000][21728][gc,age       ] GC(161) Age table with threshold 15 (max threshold 15)
[2020-08-27T11:15:55.934+0000][21728][gc,age       ] GC(161) - age   1:    3921968 bytes,    3921968 total
[2020-08-27T11:15:55.934+0000][21728][gc,age       ] GC(161) - age   2:      16424 bytes,    3938392 total
[2020-08-27T11:15:55.934+0000][21728][gc,age       ] GC(161) - age   3:       2320 bytes,    3940712 total
[2020-08-27T11:15:55.934+0000][21728][gc,age       ] GC(161) - age   4:      10880 bytes,    3951592 total
[2020-08-27T11:15:55.935+0000][21728][gc,age       ] GC(161) - age   5:      14688 bytes,    3966280 total
[2020-08-27T11:15:55.935+0000][21728][gc,age       ] GC(161) - age   6:       3904 bytes,    3970184 total
[2020-08-27T11:15:55.935+0000][21728][gc,age       ] GC(161) - age   7:        416 bytes,    3970600 total
[2020-08-27T11:15:55.935+0000][21728][gc,age       ] GC(161) - age   8:       4928 bytes,    3975528 total
[2020-08-27T11:15:55.935+0000][21728][gc,age       ] GC(161) - age   9:        488 bytes,    3976016 total
[2020-08-27T11:15:55.935+0000][21728][gc,age       ] GC(161) - age  10:       3232 bytes,    3979248 total
[2020-08-27T11:15:55.935+0000][21728][gc,age       ] GC(161) - age  11:       2224 bytes,    3981472 total
[2020-08-27T11:15:55.935+0000][21728][gc,age       ] GC(161) - age  12:       2424 bytes,    3983896 total
[2020-08-27T11:15:55.935+0000][21728][gc,age       ] GC(161) - age  13:       2368 bytes,    3986264 total
[2020-08-27T11:15:55.935+0000][21728][gc,age       ] GC(161) - age  14:       3096 bytes,    3989360 total
[2020-08-27T11:15:55.935+0000][21728][gc,age       ] GC(161) - age  15:      62040 bytes,    4051400 total
[2020-08-27T11:15:55.935+0000][21728][gc,phases    ] GC(161)   Pre Evacuate Collection Set: 0.4ms
[2020-08-27T11:15:55.935+0000][21728][gc,phases    ] GC(161)   Merge Heap Roots: 0.1ms
[2020-08-27T11:15:55.935+0000][21728][gc,phases    ] GC(161)   Evacuate Collection Set: 2.1ms
[2020-08-27T11:15:55.935+0000][21728][gc,phases    ] GC(161)   Post Evacuate Collection Set: 0.9ms
[2020-08-27T11:15:55.935+0000][21728][gc,phases    ] GC(161)   Other: 0.8ms
[2020-08-27T11:15:55.935+0000][21728][gc,heap      ] GC(161) Eden regions: 90->0(493)
[2020-08-27T11:15:55.935+0000][21728][gc,heap      ] GC(161) Survivor regions: 10->5(62)
[2020-08-27T11:15:55.935+0000][21728][gc,heap      ] GC(161) Old regions: 77->78
[2020-08-27T11:15:55.935+0000][21728][gc,heap      ] GC(161) Archive regions: 0->0
[2020-08-27T11:15:55.935+0000][21728][gc,heap      ] GC(161) Humongous regions: 346->174
[2020-08-27T11:15:55.935+0000][21728][gc,metaspace ] GC(161) Metaspace: 85974K(92288K)->85974K(92288K) NonClass: 74873K(78592K)->74873K(78592K) Class: 11101K(13696K)->11101K(13696K)
[2020-08-27T11:15:55.935+0000][21728][gc           ] GC(161) Pause Young (Concurrent Start) (G1 Humongous Allocation) 521M->255M(1024M) 4.409ms
[2020-08-27T11:15:55.935+0000][21728][gc,cpu       ] GC(161) User=0.00s Sys=0.00s Real=0.00s
[2020-08-27T11:15:55.935+0000][21728][safepoint    ] Safepoint "G1TryInitiateConcMark", Time since last: 144297500 ns, Reaching safepoint: 151800 ns, At safepoint: 4618500 ns, Total: 4770300 ns
[2020-08-27T11:15:55.935+0000][21728][gc           ] GC(162) Concurrent Cycle
[2020-08-27T11:15:55.935+0000][21728][gc,marking   ] GC(162) Concurrent Clear Claimed Marks
[2020-08-27T11:15:55.936+0000][21728][gc,marking   ] GC(162) Concurrent Clear Claimed Marks 0.690ms
[2020-08-27T11:15:55.936+0000][21728][gc,marking   ] GC(162) Concurrent Scan Root Regions
[2020-08-27T11:15:55.939+0000][21728][gc,marking   ] GC(162) Concurrent Scan Root Regions 3.064ms
[2020-08-27T11:15:55.939+0000][21728][gc,marking   ] GC(162) Concurrent Mark (73.895s)
[2020-08-27T11:15:55.939+0000][21728][gc,marking   ] GC(162) Concurrent Mark From Roots
[2020-08-27T11:15:55.939+0000][21728][gc,task      ] GC(162) Using 2 workers of 2 for marking
[2020-08-27T11:15:56.060+0000][21728][gc,marking   ] GC(162) Concurrent Mark From Roots 121.067ms
[2020-08-27T11:15:56.060+0000][21728][gc,marking   ] GC(162) Concurrent Preclean
[2020-08-27T11:15:56.061+0000][21728][gc,marking   ] GC(162) Concurrent Preclean 0.369ms
[2020-08-27T11:15:56.061+0000][21728][gc,marking   ] GC(162) Concurrent Mark (73.895s, 74.017s) 121.565ms
[2020-08-27T11:15:56.061+0000][21728][gc,start     ] GC(162) Pause Remark
[2020-08-27T11:15:56.071+0000][21728][gc           ] GC(162) Pause Remark 318M->318M(1024M) 9.904ms
[2020-08-27T11:15:56.071+0000][21728][gc,cpu       ] GC(162) User=0.13s Sys=0.00s Real=0.01s
[2020-08-27T11:15:56.071+0000][21728][safepoint    ] Safepoint "G1Concurrent", Time since last: 125727800 ns, Reaching safepoint: 124500 ns, At safepoint: 10143400 ns, Total: 10267900 ns
[2020-08-27T11:15:56.071+0000][21728][gc,marking   ] GC(162) Concurrent Rebuild Remembered Sets
[2020-08-27T11:15:56.115+0000][21728][safepoint    ] Safepoint "ICBufferFull", Time since last: 43580500 ns, Reaching safepoint: 540400 ns, At safepoint: 19400 ns, Total: 559800 ns
[2020-08-27T11:15:56.143+0000][21728][gc,marking   ] GC(162) Concurrent Rebuild Remembered Sets 71.423ms
[2020-08-27T11:15:56.143+0000][21728][gc,start     ] GC(162) Pause Cleanup
[2020-08-27T11:15:56.143+0000][21728][gc           ] GC(162) Pause Cleanup 388M->388M(1024M) 0.249ms
[2020-08-27T11:15:56.143+0000][21728][gc,cpu       ] GC(162) User=0.00s Sys=0.00s Real=0.00s
[2020-08-27T11:15:56.143+0000][21728][safepoint    ] Safepoint "G1Concurrent", Time since last: 27457300 ns, Reaching safepoint: 218800 ns, At safepoint: 404300 ns, Total: 623100 ns
[2020-08-27T11:15:56.143+0000][21728][gc,marking   ] GC(162) Concurrent Cleanup for Next Mark
[2020-08-27T11:15:56.145+0000][21728][gc,marking   ] GC(162) Concurrent Cleanup for Next Mark 1.360ms
[2020-08-27T11:15:56.145+0000][21728][gc           ] GC(162) Concurrent Cycle 209.712ms
[2020-08-27T11:15:56.298+0000][21728][gc,start     ] GC(163) Pause Young (Concurrent Start) (G1 Humongous Allocation)
[2020-08-27T11:15:56.298+0000][21728][gc,task      ] GC(163) Using 8 workers of 8 for evacuation
[2020-08-27T11:15:56.298+0000][21728][gc,age       ] GC(163) Desired survivor size 33030144 bytes, new threshold 15 (max threshold 15)
[2020-08-27T11:15:56.301+0000][21728][gc,age       ] GC(163) Age table with threshold 15 (max threshold 15)
[2020-08-27T11:15:56.301+0000][21728][gc,age       ] GC(163) - age   1:    3323408 bytes,    3323408 total
[2020-08-27T11:15:56.301+0000][21728][gc,age       ] GC(163) - age   2:     605472 bytes,    3928880 total
[2020-08-27T11:15:56.301+0000][21728][gc,age       ] GC(163) - age   3:      13824 bytes,    3942704 total
[2020-08-27T11:15:56.301+0000][21728][gc,age       ] GC(163) - age   4:       1616 bytes,    3944320 total
[2020-08-27T11:15:56.302+0000][21728][gc,age       ] GC(163) - age   5:      10816 bytes,    3955136 total
[2020-08-27T11:15:56.302+0000][21728][gc,age       ] GC(163) - age   6:      14656 bytes,    3969792 total
[2020-08-27T11:15:56.302+0000][21728][gc,age       ] GC(163) - age   7:       3584 bytes,    3973376 total
[2020-08-27T11:15:56.302+0000][21728][gc,age       ] GC(163) - age   8:        416 bytes,    3973792 total
[2020-08-27T11:15:56.302+0000][21728][gc,age       ] GC(163) - age   9:       4928 bytes,    3978720 total
[2020-08-27T11:15:56.302+0000][21728][gc,age       ] GC(163) - age  10:        488 bytes,    3979208 total
[2020-08-27T11:15:56.302+0000][21728][gc,age       ] GC(163) - age  11:       3232 bytes,    3982440 total
[2020-08-27T11:15:56.302+0000][21728][gc,age       ] GC(163) - age  12:       2160 bytes,    3984600 total
[2020-08-27T11:15:56.302+0000][21728][gc,age       ] GC(163) - age  13:       2392 bytes,    3986992 total
[2020-08-27T11:15:56.302+0000][21728][gc,age       ] GC(163) - age  14:       2368 bytes,    3989360 total
[2020-08-27T11:15:56.302+0000][21728][gc,age       ] GC(163) - age  15:       3096 bytes,    3992456 total
[2020-08-27T11:15:56.302+0000][21728][gc,phases    ] GC(163)   Pre Evacuate Collection Set: 0.4ms
[2020-08-27T11:15:56.302+0000][21728][gc,phases    ] GC(163)   Merge Heap Roots: 0.1ms
[2020-08-27T11:15:56.302+0000][21728][gc,phases    ] GC(163)   Evacuate Collection Set: 2.2ms
[2020-08-27T11:15:56.302+0000][21728][gc,phases    ] GC(163)   Post Evacuate Collection Set: 0.7ms
[2020-08-27T11:15:56.302+0000][21728][gc,phases    ] GC(163)   Other: 0.8ms
[2020-08-27T11:15:56.302+0000][21728][gc,heap      ] GC(163) Eden regions: 41->0(495)
[2020-08-27T11:15:56.302+0000][21728][gc,heap      ] GC(163) Survivor regions: 5->5(63)
[2020-08-27T11:15:56.302+0000][21728][gc,heap      ] GC(163) Old regions: 78->78
[2020-08-27T11:15:56.302+0000][21728][gc,heap      ] GC(163) Archive regions: 0->0
[2020-08-27T11:15:56.302+0000][21728][gc,heap      ] GC(163) Humongous regions: 278->174
[2020-08-27T11:15:56.302+0000][21728][gc,metaspace ] GC(163) Metaspace: 85981K(92544K)->85981K(92544K) NonClass: 74884K(78848K)->74884K(78848K) Class: 11097K(13696K)->11097K(13696K)
[2020-08-27T11:15:56.302+0000][21728][gc           ] GC(163) Pause Young (Concurrent Start) (G1 Humongous Allocation) 400M->255M(1024M) 4.560ms
[2020-08-27T11:15:56.302+0000][21728][gc,cpu       ] GC(163) User=0.00s Sys=0.00s Real=0.00s
[2020-08-27T11:15:56.302+0000][21728][gc           ] GC(164) Concurrent Cycle
[2020-08-27T11:15:56.302+0000][21728][safepoint    ] Safepoint "G1TryInitiateConcMark", Time since last: 153726500 ns, Reaching safepoint: 197300 ns, At safepoint: 4772300 ns, Total: 4969600 ns
[2020-08-27T11:15:56.303+0000][21728][gc,marking   ] GC(164) Concurrent Clear Claimed Marks
[2020-08-27T11:15:56.303+0000][21728][gc,marking   ] GC(164) Concurrent Clear Claimed Marks 0.567ms
[2020-08-27T11:15:56.303+0000][21728][gc,marking   ] GC(164) Concurrent Scan Root Regions
[2020-08-27T11:15:56.307+0000][21728][gc,marking   ] GC(164) Concurrent Scan Root Regions 3.382ms
[2020-08-27T11:15:56.307+0000][21728][gc,marking   ] GC(164) Concurrent Mark (74.262s)
[2020-08-27T11:15:56.307+0000][21728][gc,marking   ] GC(164) Concurrent Mark From Roots
[2020-08-27T11:15:56.307+0000][21728][gc,task      ] GC(164) Using 2 workers of 2 for marking
[2020-08-27T11:15:56.412+0000][21728][gc,marking   ] GC(164) Concurrent Mark From Roots 105.484ms
[2020-08-27T11:15:56.412+0000][21728][gc,marking   ] GC(164) Concurrent Preclean
[2020-08-27T11:15:56.413+0000][21728][gc,marking   ] GC(164) Concurrent Preclean 0.391ms
[2020-08-27T11:15:56.413+0000][21728][gc,marking   ] GC(164) Concurrent Mark (74.262s, 74.368s) 106.002ms
[2020-08-27T11:15:56.413+0000][21728][gc,start     ] GC(164) Pause Remark
[2020-08-27T11:15:56.417+0000][21728][gc           ] GC(164) Pause Remark 318M->318M(1024M) 4.381ms
[2020-08-27T11:15:56.417+0000][21728][gc,cpu       ] GC(164) User=0.00s Sys=0.00s Real=0.00s
[2020-08-27T11:15:56.417+0000][21728][safepoint    ] Safepoint "G1Concurrent", Time since last: 110248700 ns, Reaching safepoint: 132300 ns, At safepoint: 4579300 ns, Total: 4711600 ns
[2020-08-27T11:15:56.417+0000][21728][gc,marking   ] GC(164) Concurrent Rebuild Remembered Sets
[2020-08-27T11:15:56.482+0000][21728][gc,marking   ] GC(164) Concurrent Rebuild Remembered Sets 64.559ms
[2020-08-27T11:15:56.482+0000][21728][gc,start     ] GC(164) Pause Cleanup
[2020-08-27T11:15:56.483+0000][21728][gc           ] GC(164) Pause Cleanup 383M->383M(1024M) 0.280ms
[2020-08-27T11:15:56.483+0000][21728][gc,cpu       ] GC(164) User=0.00s Sys=0.00s Real=0.00s
[2020-08-27T11:15:56.483+0000][21728][safepoint    ] Safepoint "G1Concurrent", Time since last: 64718100 ns, Reaching safepoint: 134700 ns, At safepoint: 435600 ns, Total: 570300 ns
[2020-08-27T11:15:56.483+0000][21728][gc,marking   ] GC(164) Concurrent Cleanup for Next Mark
[2020-08-27T11:15:56.484+0000][21728][gc,marking   ] GC(164) Concurrent Cleanup for Next Mark 1.296ms
[2020-08-27T11:15:56.484+0000][21728][gc           ] GC(164) Concurrent Cycle 181.708ms
[2020-08-27T11:15:56.632+0000][21728][safepoint    ] Safepoint "ICBufferFull", Time since last: 148815200 ns, Reaching safepoint: 340700 ns, At safepoint: 34300 ns, Total: 375000 ns
[2020-08-27T11:15:56.665+0000][21728][gc,start     ] GC(165) Pause Young (Concurrent Start) (G1 Humongous Allocation)
[2020-08-27T11:15:56.665+0000][21728][gc,task      ] GC(165) Using 8 workers of 8 for evacuation
[2020-08-27T11:15:56.665+0000][21728][gc,age       ] GC(165) Desired survivor size 33030144 bytes, new threshold 15 (max threshold 15)
[2020-08-27T11:15:56.670+0000][21728][gc,age       ] GC(165) Age table with threshold 15 (max threshold 15)
[2020-08-27T11:15:56.670+0000][21728][gc,age       ] GC(165) - age   1:   13521824 bytes,   13521824 total
[2020-08-27T11:15:56.670+0000][21728][gc,age       ] GC(165) - age   2:       2016 bytes,   13523840 total
[2020-08-27T11:15:56.670+0000][21728][gc,age       ] GC(165) - age   3:       3608 bytes,   13527448 total
[2020-08-27T11:15:56.670+0000][21728][gc,age       ] GC(165) - age   4:      10624 bytes,   13538072 total
[2020-08-27T11:15:56.670+0000][21728][gc,age       ] GC(165) - age   5:        928 bytes,   13539000 total
[2020-08-27T11:15:56.670+0000][21728][gc,age       ] GC(165) - age   6:      10720 bytes,   13549720 total
[2020-08-27T11:15:56.670+0000][21728][gc,age       ] GC(165) - age   7:      14592 bytes,   13564312 total
[2020-08-27T11:15:56.670+0000][21728][gc,age       ] GC(165) - age   8:       3136 bytes,   13567448 total
[2020-08-27T11:15:56.670+0000][21728][gc,age       ] GC(165) - age   9:        384 bytes,   13567832 total
[2020-08-27T11:15:56.670+0000][21728][gc,age       ] GC(165) - age  10:       4800 bytes,   13572632 total
[2020-08-27T11:15:56.670+0000][21728][gc,age       ] GC(165) - age  11:        488 bytes,   13573120 total
[2020-08-27T11:15:56.670+0000][21728][gc,age       ] GC(165) - age  12:       3168 bytes,   13576288 total
[2020-08-27T11:15:56.670+0000][21728][gc,age       ] GC(165) - age  13:       2160 bytes,   13578448 total
[2020-08-27T11:15:56.670+0000][21728][gc,age       ] GC(165) - age  14:       2328 bytes,   13580776 total
[2020-08-27T11:15:56.670+0000][21728][gc,age       ] GC(165) - age  15:       2368 bytes,   13583144 total
[2020-08-27T11:15:56.670+0000][21728][gc,phases    ] GC(165)   Pre Evacuate Collection Set: 0.4ms
[2020-08-27T11:15:56.670+0000][21728][gc,phases    ] GC(165)   Merge Heap Roots: 0.1ms
[2020-08-27T11:15:56.670+0000][21728][gc,phases    ] GC(165)   Evacuate Collection Set: 3.5ms
[2020-08-27T11:15:56.670+0000][21728][gc,phases    ] GC(165)   Post Evacuate Collection Set: 0.9ms
[2020-08-27T11:15:56.670+0000][21728][gc,phases    ] GC(165)   Other: 1.0ms
[2020-08-27T11:15:56.671+0000][21728][gc,heap      ] GC(165) Eden regions: 63->0(479)
[2020-08-27T11:15:56.671+0000][21728][gc,heap      ] GC(165) Survivor regions: 5->14(63)
[2020-08-27T11:15:56.671+0000][21728][gc,heap      ] GC(165) Old regions: 78->78
[2020-08-27T11:15:56.671+0000][21728][gc,heap      ] GC(165) Archive regions: 0->0
[2020-08-27T11:15:56.671+0000][21728][gc,heap      ] GC(165) Humongous regions: 274->174
[2020-08-27T11:15:56.671+0000][21728][gc,metaspace ] GC(165) Metaspace: 86003K(92544K)->86003K(92544K) NonClass: 74906K(78848K)->74906K(78848K) Class: 11097K(13696K)->11097K(13696K)
[2020-08-27T11:15:56.671+0000][21728][gc           ] GC(165) Pause Young (Concurrent Start) (G1 Humongous Allocation) 418M->264M(1024M) 6.144ms
[2020-08-27T11:15:56.671+0000][21728][gc,cpu       ] GC(165) User=0.00s Sys=0.00s Real=0.01s
[2020-08-27T11:15:56.671+0000][21728][gc           ] GC(166) Concurrent Cycle
[2020-08-27T11:15:56.671+0000][21728][safepoint    ] Safepoint "G1TryInitiateConcMark", Time since last: 32446600 ns, Reaching safepoint: 184400 ns, At safepoint: 6362000 ns, Total: 6546400 ns
[2020-08-27T11:15:56.671+0000][21728][gc,marking   ] GC(166) Concurrent Clear Claimed Marks
[2020-08-27T11:15:56.672+0000][21728][gc,marking   ] GC(166) Concurrent Clear Claimed Marks 0.631ms
[2020-08-27T11:15:56.672+0000][21728][gc,marking   ] GC(166) Concurrent Scan Root Regions
[2020-08-27T11:15:56.676+0000][21728][gc,marking   ] GC(166) Concurrent Scan Root Regions 3.922ms
[2020-08-27T11:15:56.676+0000][21728][gc,marking   ] GC(166) Concurrent Mark (74.632s)
[2020-08-27T11:15:56.676+0000][21728][gc,marking   ] GC(166) Concurrent Mark From Roots
[2020-08-27T11:15:56.676+0000][21728][gc,task      ] GC(166) Using 2 workers of 2 for marking
[2020-08-27T11:15:56.847+0000][21728][gc,marking   ] GC(166) Concurrent Mark From Roots 171.630ms
[2020-08-27T11:15:56.848+0000][21728][gc,marking   ] GC(166) Concurrent Preclean
[2020-08-27T11:15:56.848+0000][21728][gc,marking   ] GC(166) Concurrent Preclean 0.621ms
[2020-08-27T11:15:56.848+0000][21728][gc,marking   ] GC(166) Concurrent Mark (74.632s, 74.804s) 172.478ms
[2020-08-27T11:15:56.849+0000][21728][gc,start     ] GC(166) Pause Remark
[2020-08-27T11:15:56.854+0000][21728][gc           ] GC(166) Pause Remark 508M->508M(1024M) 5.811ms
[2020-08-27T11:15:56.854+0000][21728][gc,cpu       ] GC(166) User=0.00s Sys=0.00s Real=0.01s
[2020-08-27T11:15:56.855+0000][21728][safepoint    ] Safepoint "G1Concurrent", Time since last: 177441200 ns, Reaching safepoint: 156800 ns, At safepoint: 6101300 ns, Total: 6258100 ns
[2020-08-27T11:15:56.855+0000][21728][gc,marking   ] GC(166) Concurrent Rebuild Remembered Sets
[2020-08-27T11:15:56.938+0000][21728][safepoint    ] Safepoint "BulkRevokeBias", Time since last: 80179400 ns, Reaching safepoint: 966800 ns, At safepoint: 2837000 ns, Total: 3803800 ns
[2020-08-27T11:15:56.963+0000][21728][safepoint    ] Safepoint "BulkRevokeBias", Time since last: 23081600 ns, Reaching safepoint: 385700 ns, At safepoint: 1651500 ns, Total: 2037200 ns
[2020-08-27T11:15:56.964+0000][21728][gc,marking   ] GC(166) Concurrent Rebuild Remembered Sets 110.096ms
[2020-08-27T11:15:56.965+0000][21728][gc,start     ] GC(166) Pause Cleanup
[2020-08-27T11:15:56.965+0000][21728][gc           ] GC(166) Pause Cleanup 580M->580M(1024M) 0.277ms
[2020-08-27T11:15:56.965+0000][21728][gc,cpu       ] GC(166) User=0.00s Sys=0.00s Real=0.00s
[2020-08-27T11:15:56.965+0000][21728][safepoint    ] Safepoint "G1Concurrent", Time since last: 1187400 ns, Reaching safepoint: 186400 ns, At safepoint: 425400 ns, Total: 611800 ns
[2020-08-27T11:15:56.965+0000][21728][gc,marking   ] GC(166) Concurrent Cleanup for Next Mark
[2020-08-27T11:15:56.967+0000][21728][gc,marking   ] GC(166) Concurrent Cleanup for Next Mark 1.503ms
[2020-08-27T11:15:56.967+0000][21728][gc           ] GC(166) Concurrent Cycle 296.347ms
[2020-08-27T11:15:57.168+0000][21728][gc,start     ] GC(167) Pause Young (Concurrent Start) (G1 Humongous Allocation)
[2020-08-27T11:15:57.168+0000][21728][gc,task      ] GC(167) Using 8 workers of 8 for evacuation
[2020-08-27T11:15:57.168+0000][21728][gc,age       ] GC(167) Desired survivor size 32505856 bytes, new threshold 15 (max threshold 15)
[2020-08-27T11:15:57.173+0000][21728][gc,age       ] GC(167) Age table with threshold 15 (max threshold 15)
[2020-08-27T11:15:57.174+0000][21728][gc,age       ] GC(167) - age   1:   13817808 bytes,   13817808 total
[2020-08-27T11:15:57.174+0000][21728][gc,age       ] GC(167) - age   2:      47920 bytes,   13865728 total
[2020-08-27T11:15:57.174+0000][21728][gc,age       ] GC(167) - age   3:       1632 bytes,   13867360 total
[2020-08-27T11:15:57.174+0000][21728][gc,age       ] GC(167) - age   4:       2928 bytes,   13870288 total
[2020-08-27T11:15:57.174+0000][21728][gc,age       ] GC(167) - age   5:      10304 bytes,   13880592 total
[2020-08-27T11:15:57.174+0000][21728][gc,age       ] GC(167) - age   6:        896 bytes,   13881488 total
[2020-08-27T11:15:57.174+0000][21728][gc,age       ] GC(167) - age   7:      10720 bytes,   13892208 total
[2020-08-27T11:15:57.174+0000][21728][gc,age       ] GC(167) - age   8:      14560 bytes,   13906768 total
[2020-08-27T11:15:57.174+0000][21728][gc,age       ] GC(167) - age   9:       3104 bytes,   13909872 total
[2020-08-27T11:15:57.174+0000][21728][gc,age       ] GC(167) - age  10:        384 bytes,   13910256 total
[2020-08-27T11:15:57.174+0000][21728][gc,age       ] GC(167) - age  11:       4800 bytes,   13915056 total
[2020-08-27T11:15:57.174+0000][21728][gc,age       ] GC(167) - age  12:        488 bytes,   13915544 total
[2020-08-27T11:15:57.174+0000][21728][gc,age       ] GC(167) - age  13:       3136 bytes,   13918680 total
[2020-08-27T11:15:57.174+0000][21728][gc,age       ] GC(167) - age  14:       2160 bytes,   13920840 total
[2020-08-27T11:15:57.174+0000][21728][gc,age       ] GC(167) - age  15:       2296 bytes,   13923136 total
[2020-08-27T11:15:57.174+0000][21728][gc,phases    ] GC(167)   Pre Evacuate Collection Set: 0.4ms
[2020-08-27T11:15:57.174+0000][21728][gc,phases    ] GC(167)   Merge Heap Roots: 0.1ms
[2020-08-27T11:15:57.174+0000][21728][gc,phases    ] GC(167)   Evacuate Collection Set: 4.0ms
[2020-08-27T11:15:57.174+0000][21728][gc,phases    ] GC(167)   Post Evacuate Collection Set: 1.0ms
[2020-08-27T11:15:57.174+0000][21728][gc,phases    ] GC(167)   Other: 1.0ms
[2020-08-27T11:15:57.174+0000][21728][gc,heap      ] GC(167) Eden regions: 98->0(474)
[2020-08-27T11:15:57.174+0000][21728][gc,heap      ] GC(167) Survivor regions: 14->15(62)
[2020-08-27T11:15:57.174+0000][21728][gc,heap      ] GC(167) Old regions: 78->78
[2020-08-27T11:15:57.174+0000][21728][gc,heap      ] GC(167) Archive regions: 0->0
[2020-08-27T11:15:57.175+0000][21728][gc,heap      ] GC(167) Humongous regions: 430->174
[2020-08-27T11:15:57.175+0000][21728][gc,metaspace ] GC(167) Metaspace: 86025K(92544K)->86025K(92544K) NonClass: 74927K(78848K)->74927K(78848K) Class: 11097K(13696K)->11097K(13696K)
[2020-08-27T11:15:57.175+0000][21728][gc           ] GC(167) Pause Young (Concurrent Start) (G1 Humongous Allocation) 618M->265M(1024M) 7.036ms
[2020-08-27T11:15:57.175+0000][21728][gc,cpu       ] GC(167) User=0.02s Sys=0.00s Real=0.01s
[2020-08-27T11:15:57.175+0000][21728][gc           ] GC(168) Concurrent Cycle
[2020-08-27T11:15:57.175+0000][21728][gc,marking   ] GC(168) Concurrent Clear Claimed Marks
[2020-08-27T11:15:57.175+0000][21728][safepoint    ] Safepoint "G1TryInitiateConcMark", Time since last: 202369300 ns, Reaching safepoint: 180100 ns, At safepoint: 7441300 ns, Total: 7621400 ns
[2020-08-27T11:15:57.175+0000][21728][gc,marking   ] GC(168) Concurrent Clear Claimed Marks 0.342ms
[2020-08-27T11:15:57.175+0000][21728][gc,marking   ] GC(168) Concurrent Scan Root Regions
[2020-08-27T11:15:57.178+0000][21728][gc,marking   ] GC(168) Concurrent Scan Root Regions 3.099ms
[2020-08-27T11:15:57.178+0000][21728][gc,marking   ] GC(168) Concurrent Mark (75.135s)
[2020-08-27T11:15:57.178+0000][21728][gc,marking   ] GC(168) Concurrent Mark From Roots
[2020-08-27T11:15:57.178+0000][21728][gc,task      ] GC(168) Using 2 workers of 2 for marking
[2020-08-27T11:15:57.346+0000][21728][gc,marking   ] GC(168) Concurrent Mark From Roots 167.837ms
[2020-08-27T11:15:57.346+0000][21728][gc,marking   ] GC(168) Concurrent Preclean
[2020-08-27T11:15:57.347+0000][21728][gc,marking   ] GC(168) Concurrent Preclean 0.604ms
[2020-08-27T11:15:57.347+0000][21728][gc,marking   ] GC(168) Concurrent Mark (75.135s, 75.303s) 168.643ms
[2020-08-27T11:15:57.347+0000][21728][gc,start     ] GC(168) Pause Remark
[2020-08-27T11:15:57.353+0000][21728][gc           ] GC(168) Pause Remark 512M->512M(1024M) 5.657ms
[2020-08-27T11:15:57.353+0000][21728][gc,cpu       ] GC(168) User=0.00s Sys=0.00s Real=0.01s
[2020-08-27T11:15:57.353+0000][21728][safepoint    ] Safepoint "G1Concurrent", Time since last: 172181800 ns, Reaching safepoint: 211400 ns, At safepoint: 5917100 ns, Total: 6128500 ns
[2020-08-27T11:15:57.353+0000][21728][gc,marking   ] GC(168) Concurrent Rebuild Remembered Sets
[2020-08-27T11:15:57.462+0000][21728][gc,marking   ] GC(168) Concurrent Rebuild Remembered Sets 109.066ms
[2020-08-27T11:15:57.463+0000][21728][gc,start     ] GC(168) Pause Cleanup
[2020-08-27T11:15:57.463+0000][21728][gc           ] GC(168) Pause Cleanup 573M->573M(1024M) 0.496ms
[2020-08-27T11:15:57.464+0000][21728][gc,cpu       ] GC(168) User=0.00s Sys=0.00s Real=0.00s
[2020-08-27T11:15:57.464+0000][21728][safepoint    ] Safepoint "G1Concurrent", Time since last: 109377000 ns, Reaching safepoint: 305700 ns, At safepoint: 749400 ns, Total: 1055100 ns
[2020-08-27T11:15:57.464+0000][21728][gc,marking   ] GC(168) Concurrent Cleanup for Next Mark
[2020-08-27T11:15:57.466+0000][21728][gc,marking   ] GC(168) Concurrent Cleanup for Next Mark 2.064ms
[2020-08-27T11:15:57.466+0000][21728][gc           ] GC(168) Concurrent Cycle 291.197ms
[2020-08-27T11:15:57.694+0000][21728][gc,start     ] GC(169) Pause Young (Concurrent Start) (G1 Humongous Allocation)
[2020-08-27T11:15:57.694+0000][21728][gc,task      ] GC(169) Using 8 workers of 8 for evacuation
[2020-08-27T11:15:57.694+0000][21728][gc,age       ] GC(169) Desired survivor size 32505856 bytes, new threshold 15 (max threshold 15)
[2020-08-27T11:15:57.698+0000][21728][gc,age       ] GC(169) Age table with threshold 15 (max threshold 15)
[2020-08-27T11:15:57.699+0000][21728][gc,age       ] GC(169) - age   1:   10399080 bytes,   10399080 total
[2020-08-27T11:15:57.699+0000][21728][gc,age       ] GC(169) - age   2:       2488 bytes,   10401568 total
[2020-08-27T11:15:57.699+0000][21728][gc,age       ] GC(169) - age   3:      46120 bytes,   10447688 total
[2020-08-27T11:15:57.699+0000][21728][gc,age       ] GC(169) - age   4:       1112 bytes,   10448800 total
[2020-08-27T11:15:57.699+0000][21728][gc,age       ] GC(169) - age   5:       2864 bytes,   10451664 total
[2020-08-27T11:15:57.699+0000][21728][gc,age       ] GC(169) - age   6:      10272 bytes,   10461936 total
[2020-08-27T11:15:57.699+0000][21728][gc,age       ] GC(169) - age   7:        864 bytes,   10462800 total
[2020-08-27T11:15:57.699+0000][21728][gc,age       ] GC(169) - age   8:      10720 bytes,   10473520 total
[2020-08-27T11:15:57.699+0000][21728][gc,age       ] GC(169) - age   9:      14560 bytes,   10488080 total
[2020-08-27T11:15:57.699+0000][21728][gc,age       ] GC(169) - age  10:       3008 bytes,   10491088 total
[2020-08-27T11:15:57.699+0000][21728][gc,age       ] GC(169) - age  11:        384 bytes,   10491472 total
[2020-08-27T11:15:57.699+0000][21728][gc,age       ] GC(169) - age  12:       4800 bytes,   10496272 total
[2020-08-27T11:15:57.699+0000][21728][gc,age       ] GC(169) - age  13:        488 bytes,   10496760 total
[2020-08-27T11:15:57.699+0000][21728][gc,age       ] GC(169) - age  14:       3104 bytes,   10499864 total
[2020-08-27T11:15:57.699+0000][21728][gc,age       ] GC(169) - age  15:       2160 bytes,   10502024 total
[2020-08-27T11:15:57.699+0000][21728][gc,phases    ] GC(169)   Pre Evacuate Collection Set: 0.5ms
[2020-08-27T11:15:57.699+0000][21728][gc,phases    ] GC(169)   Merge Heap Roots: 0.1ms
[2020-08-27T11:15:57.699+0000][21728][gc,phases    ] GC(169)   Evacuate Collection Set: 3.0ms
[2020-08-27T11:15:57.699+0000][21728][gc,phases    ] GC(169)   Post Evacuate Collection Set: 0.9ms
[2020-08-27T11:15:57.699+0000][21728][gc,phases    ] GC(169)   Other: 1.0ms
[2020-08-27T11:15:57.699+0000][21728][gc,heap      ] GC(169) Eden regions: 95->0(476)
[2020-08-27T11:15:57.699+0000][21728][gc,heap      ] GC(169) Survivor regions: 15->12(62)
[2020-08-27T11:15:57.699+0000][21728][gc,heap      ] GC(169) Old regions: 78->78
[2020-08-27T11:15:57.699+0000][21728][gc,heap      ] GC(169) Archive regions: 0->0
[2020-08-27T11:15:57.699+0000][21728][gc,heap      ] GC(169) Humongous regions: 430->174
[2020-08-27T11:15:57.699+0000][21728][gc,metaspace ] GC(169) Metaspace: 86070K(92544K)->86070K(92544K) NonClass: 74973K(78848K)->74973K(78848K) Class: 11097K(13696K)->11097K(13696K)
[2020-08-27T11:15:57.699+0000][21728][gc           ] GC(169) Pause Young (Concurrent Start) (G1 Humongous Allocation) 616M->262M(1024M) 5.877ms
[2020-08-27T11:15:57.700+0000][21728][gc,cpu       ] GC(169) User=0.00s Sys=0.00s Real=0.01s
[2020-08-27T11:15:57.700+0000][21728][gc           ] GC(170) Concurrent Cycle
[2020-08-27T11:15:57.700+0000][21728][safepoint    ] Safepoint "G1TryInitiateConcMark", Time since last: 229736200 ns, Reaching safepoint: 250900 ns, At safepoint: 6098900 ns, Total: 6349800 ns
[2020-08-27T11:15:57.700+0000][21728][gc,marking   ] GC(170) Concurrent Clear Claimed Marks
[2020-08-27T11:15:57.700+0000][21728][gc,marking   ] GC(170) Concurrent Clear Claimed Marks 0.697ms
[2020-08-27T11:15:57.700+0000][21728][gc,marking   ] GC(170) Concurrent Scan Root Regions
[2020-08-27T11:15:57.704+0000][21728][gc,marking   ] GC(170) Concurrent Scan Root Regions 2.576ms
[2020-08-27T11:15:57.704+0000][21728][gc,marking   ] GC(170) Concurrent Mark (75.660s)
[2020-08-27T11:15:57.704+0000][21728][gc,marking   ] GC(170) Concurrent Mark From Roots
[2020-08-27T11:15:57.704+0000][21728][gc,task      ] GC(170) Using 2 workers of 2 for marking
[2020-08-27T11:15:57.870+0000][21728][gc,marking   ] GC(170) Concurrent Mark From Roots 166.878ms
[2020-08-27T11:15:57.870+0000][21728][gc,marking   ] GC(170) Concurrent Preclean
[2020-08-27T11:15:57.871+0000][21728][gc,marking   ] GC(170) Concurrent Preclean 0.560ms
[2020-08-27T11:15:57.871+0000][21728][gc,marking   ] GC(170) Concurrent Mark (75.660s, 75.827s) 167.675ms
[2020-08-27T11:15:57.871+0000][21728][gc,start     ] GC(170) Pause Remark
[2020-08-27T11:15:57.877+0000][21728][gc           ] GC(170) Pause Remark 500M->500M(1024M) 5.480ms
[2020-08-27T11:15:57.877+0000][21728][gc,cpu       ] GC(170) User=0.08s Sys=0.03s Real=0.01s
[2020-08-27T11:15:57.877+0000][21728][safepoint    ] Safepoint "G1Concurrent", Time since last: 171317800 ns, Reaching safepoint: 185500 ns, At safepoint: 5781900 ns, Total: 5967400 ns
[2020-08-27T11:15:57.877+0000][21728][gc,marking   ] GC(170) Concurrent Rebuild Remembered Sets
[2020-08-27T11:15:57.978+0000][21728][gc,marking   ] GC(170) Concurrent Rebuild Remembered Sets 100.701ms
[2020-08-27T11:15:57.978+0000][21728][gc,start     ] GC(170) Pause Cleanup
[2020-08-27T11:15:57.978+0000][21728][gc           ] GC(170) Pause Cleanup 564M->564M(1024M) 0.310ms
[2020-08-27T11:15:57.979+0000][21728][gc,cpu       ] GC(170) User=0.00s Sys=0.00s Real=0.00s
[2020-08-27T11:15:57.981+0000][21728][safepoint    ] Safepoint "G1Concurrent", Time since last: 100887500 ns, Reaching safepoint: 304500 ns, At safepoint: 3006300 ns, Total: 3310800 ns
[2020-08-27T11:15:57.981+0000][21728][gc,marking   ] GC(170) Concurrent Cleanup for Next Mark
[2020-08-27T11:15:57.983+0000][21728][gc,marking   ] GC(170) Concurrent Cleanup for Next Mark 1.839ms
[2020-08-27T11:15:57.983+0000][21728][gc           ] GC(170) Concurrent Cycle 283.600ms
[2020-08-27T11:15:58.186+0000][21728][gc,start     ] GC(171) Pause Young (Concurrent Start) (G1 Humongous Allocation)
[2020-08-27T11:15:58.186+0000][21728][gc,task      ] GC(171) Using 8 workers of 8 for evacuation
[2020-08-27T11:15:58.186+0000][21728][gc,age       ] GC(171) Desired survivor size 31981568 bytes, new threshold 15 (max threshold 15)
[2020-08-27T11:15:58.191+0000][21728][gc,age       ] GC(171) Age table with threshold 15 (max threshold 15)
[2020-08-27T11:15:58.191+0000][21728][gc,age       ] GC(171) - age   1:    3795576 bytes,    3795576 total
[2020-08-27T11:15:58.191+0000][21728][gc,age       ] GC(171) - age   2:       9120 bytes,    3804696 total
[2020-08-27T11:15:58.191+0000][21728][gc,age       ] GC(171) - age   3:       1536 bytes,    3806232 total
[2020-08-27T11:15:58.191+0000][21728][gc,age       ] GC(171) - age   4:      46032 bytes,    3852264 total
[2020-08-27T11:15:58.191+0000][21728][gc,age       ] GC(171) - age   5:       1112 bytes,    3853376 total
[2020-08-27T11:15:58.191+0000][21728][gc,age       ] GC(171) - age   6:       2768 bytes,    3856144 total
[2020-08-27T11:15:58.192+0000][21728][gc,age       ] GC(171) - age   7:      10272 bytes,    3866416 total
[2020-08-27T11:15:58.192+0000][21728][gc,age       ] GC(171) - age   8:        864 bytes,    3867280 total
[2020-08-27T11:15:58.192+0000][21728][gc,age       ] GC(171) - age   9:      10688 bytes,    3877968 total
[2020-08-27T11:15:58.192+0000][21728][gc,age       ] GC(171) - age  10:      14560 bytes,    3892528 total
[2020-08-27T11:15:58.192+0000][21728][gc,age       ] GC(171) - age  11:       2976 bytes,    3895504 total
[2020-08-27T11:15:58.192+0000][21728][gc,age       ] GC(171) - age  12:        384 bytes,    3895888 total
[2020-08-27T11:15:58.192+0000][21728][gc,age       ] GC(171) - age  13:       4704 bytes,    3900592 total
[2020-08-27T11:15:58.192+0000][21728][gc,age       ] GC(171) - age  14:        488 bytes,    3901080 total
[2020-08-27T11:15:58.192+0000][21728][gc,age       ] GC(171) - age  15:       3072 bytes,    3904152 total
[2020-08-27T11:15:58.192+0000][21728][gc,phases    ] GC(171)   Pre Evacuate Collection Set: 0.5ms
[2020-08-27T11:15:58.192+0000][21728][gc,phases    ] GC(171)   Merge Heap Roots: 0.2ms
[2020-08-27T11:15:58.192+0000][21728][gc,phases    ] GC(171)   Evacuate Collection Set: 2.7ms
[2020-08-27T11:15:58.192+0000][21728][gc,phases    ] GC(171)   Post Evacuate Collection Set: 1.1ms
[2020-08-27T11:15:58.192+0000][21728][gc,phases    ] GC(171)   Other: 1.2ms
[2020-08-27T11:15:58.192+0000][21728][gc,heap      ] GC(171) Eden regions: 86->0(487)
[2020-08-27T11:15:58.192+0000][21728][gc,heap      ] GC(171) Survivor regions: 12->5(61)
[2020-08-27T11:15:58.192+0000][21728][gc,heap      ] GC(171) Old regions: 78->78
[2020-08-27T11:15:58.192+0000][21728][gc,heap      ] GC(171) Archive regions: 0->0
[2020-08-27T11:15:58.192+0000][21728][gc,heap      ] GC(171) Humongous regions: 414->174
[2020-08-27T11:15:58.192+0000][21728][gc,metaspace ] GC(171) Metaspace: 86090K(92544K)->86090K(92544K) NonClass: 74992K(78848K)->74992K(78848K) Class: 11097K(13696K)->11097K(13696K)
[2020-08-27T11:15:58.193+0000][21728][gc           ] GC(171) Pause Young (Concurrent Start) (G1 Humongous Allocation) 588M->255M(1024M) 6.242ms
[2020-08-27T11:15:58.193+0000][21728][gc,cpu       ] GC(171) User=0.09s Sys=0.00s Real=0.01s
[2020-08-27T11:15:58.193+0000][21728][gc           ] GC(172) Concurrent Cycle
[2020-08-27T11:15:58.193+0000][21728][safepoint    ] Safepoint "G1TryInitiateConcMark", Time since last: 204760000 ns, Reaching safepoint: 344800 ns, At safepoint: 6504600 ns, Total: 6849400 ns
[2020-08-27T11:15:58.193+0000][21728][gc,marking   ] GC(172) Concurrent Clear Claimed Marks
[2020-08-27T11:15:58.193+0000][21728][gc,marking   ] GC(172) Concurrent Clear Claimed Marks 0.496ms
[2020-08-27T11:15:58.193+0000][21728][gc,marking   ] GC(172) Concurrent Scan Root Regions
[2020-08-27T11:15:58.197+0000][21728][gc,marking   ] GC(172) Concurrent Scan Root Regions 3.155ms
[2020-08-27T11:15:58.197+0000][21728][gc,marking   ] GC(172) Concurrent Mark (76.153s)
[2020-08-27T11:15:58.197+0000][21728][gc,marking   ] GC(172) Concurrent Mark From Roots
[2020-08-27T11:15:58.197+0000][21728][gc,task      ] GC(172) Using 2 workers of 2 for marking
[2020-08-27T11:15:58.348+0000][21728][gc,marking   ] GC(172) Concurrent Mark From Roots 151.297ms
[2020-08-27T11:15:58.348+0000][21728][gc,marking   ] GC(172) Concurrent Preclean
[2020-08-27T11:15:58.349+0000][21728][gc,marking   ] GC(172) Concurrent Preclean 0.555ms
[2020-08-27T11:15:58.349+0000][21728][gc,marking   ] GC(172) Concurrent Mark (76.153s, 76.305s) 152.032ms
[2020-08-27T11:15:58.349+0000][21728][gc,start     ] GC(172) Pause Remark
[2020-08-27T11:15:58.354+0000][21728][gc           ] GC(172) Pause Remark 315M->315M(1024M) 5.384ms
[2020-08-27T11:15:58.355+0000][21728][gc,cpu       ] GC(172) User=0.00s Sys=0.00s Real=0.01s
[2020-08-27T11:15:58.355+0000][21728][safepoint    ] Safepoint "G1Concurrent", Time since last: 156136400 ns, Reaching safepoint: 136700 ns, At safepoint: 5587800 ns, Total: 5724500 ns
[2020-08-27T11:15:58.355+0000][21728][gc,marking   ] GC(172) Concurrent Rebuild Remembered Sets
[2020-08-27T11:15:58.446+0000][21728][gc,marking   ] GC(172) Concurrent Rebuild Remembered Sets 90.980ms
[2020-08-27T11:15:58.446+0000][21728][gc,start     ] GC(172) Pause Cleanup
[2020-08-27T11:15:58.446+0000][21728][gc           ] GC(172) Pause Cleanup 382M->382M(1024M) 0.317ms
[2020-08-27T11:15:58.446+0000][21728][gc,cpu       ] GC(172) User=0.00s Sys=0.00s Real=0.00s
[2020-08-27T11:15:58.446+0000][21728][safepoint    ] Safepoint "G1Concurrent", Time since last: 91124700 ns, Reaching safepoint: 146600 ns, At safepoint: 499900 ns, Total: 646500 ns
[2020-08-27T11:15:58.446+0000][21728][gc,marking   ] GC(172) Concurrent Cleanup for Next Mark
[2020-08-27T11:15:58.448+0000][21728][gc,marking   ] GC(172) Concurrent Cleanup for Next Mark 1.405ms
[2020-08-27T11:15:58.448+0000][21728][gc           ] GC(172) Concurrent Cycle 255.209ms
[2020-08-27T11:15:58.583+0000][21728][gc,start     ] GC(173) Pause Young (Concurrent Start) (G1 Humongous Allocation)
[2020-08-27T11:15:58.583+0000][21728][gc,task      ] GC(173) Using 8 workers of 8 for evacuation
[2020-08-27T11:15:58.583+0000][21728][gc,age       ] GC(173) Desired survivor size 32505856 bytes, new threshold 15 (max threshold 15)
[2020-08-27T11:15:58.587+0000][21728][gc,age       ] GC(173) Age table with threshold 15 (max threshold 15)
[2020-08-27T11:15:58.587+0000][21728][gc,age       ] GC(173) - age   1:    3210432 bytes,    3210432 total
[2020-08-27T11:15:58.587+0000][21728][gc,age       ] GC(173) - age   2:     596248 bytes,    3806680 total
[2020-08-27T11:15:58.587+0000][21728][gc,age       ] GC(173) - age   3:       4952 bytes,    3811632 total
[2020-08-27T11:15:58.587+0000][21728][gc,age       ] GC(173) - age   4:       1376 bytes,    3813008 total
[2020-08-27T11:15:58.587+0000][21728][gc,age       ] GC(173) - age   5:      46032 bytes,    3859040 total
[2020-08-27T11:15:58.587+0000][21728][gc,age       ] GC(173) - age   6:        888 bytes,    3859928 total
[2020-08-27T11:15:58.587+0000][21728][gc,age       ] GC(173) - age   7:       2704 bytes,    3862632 total
[2020-08-27T11:15:58.587+0000][21728][gc,age       ] GC(173) - age   8:      10208 bytes,    3872840 total
[2020-08-27T11:15:58.587+0000][21728][gc,age       ] GC(173) - age   9:        864 bytes,    3873704 total
[2020-08-27T11:15:58.587+0000][21728][gc,age       ] GC(173) - age  10:      10656 bytes,    3884360 total
[2020-08-27T11:15:58.587+0000][21728][gc,age       ] GC(173) - age  11:      14528 bytes,    3898888 total
[2020-08-27T11:15:58.587+0000][21728][gc,age       ] GC(173) - age  12:       2848 bytes,    3901736 total
[2020-08-27T11:15:58.587+0000][21728][gc,age       ] GC(173) - age  13:        384 bytes,    3902120 total
[2020-08-27T11:15:58.587+0000][21728][gc,age       ] GC(173) - age  14:       4704 bytes,    3906824 total
[2020-08-27T11:15:58.587+0000][21728][gc,age       ] GC(173) - age  15:        488 bytes,    3907312 total
[2020-08-27T11:15:58.587+0000][21728][gc,phases    ] GC(173)   Pre Evacuate Collection Set: 0.3ms
[2020-08-27T11:15:58.587+0000][21728][gc,phases    ] GC(173)   Merge Heap Roots: 0.1ms
[2020-08-27T11:15:58.587+0000][21728][gc,phases    ] GC(173)   Evacuate Collection Set: 2.4ms
[2020-08-27T11:15:58.587+0000][21728][gc,phases    ] GC(173)   Post Evacuate Collection Set: 1.1ms
[2020-08-27T11:15:58.588+0000][21728][gc,phases    ] GC(173)   Other: 0.9ms
[2020-08-27T11:15:58.588+0000][21728][gc,heap      ] GC(173) Eden regions: 43->0(491)
[2020-08-27T11:15:58.588+0000][21728][gc,heap      ] GC(173) Survivor regions: 5->5(62)
[2020-08-27T11:15:58.588+0000][21728][gc,heap      ] GC(173) Old regions: 78->78
[2020-08-27T11:15:58.588+0000][21728][gc,heap      ] GC(173) Archive regions: 0->0
[2020-08-27T11:15:58.588+0000][21728][gc,heap      ] GC(173) Humongous regions: 270->174
[2020-08-27T11:15:58.588+0000][21728][gc,metaspace ] GC(173) Metaspace: 86100K(92544K)->86100K(92544K) NonClass: 75002K(78848K)->75002K(78848K) Class: 11097K(13696K)->11097K(13696K)
[2020-08-27T11:15:58.588+0000][21728][gc           ] GC(173) Pause Young (Concurrent Start) (G1 Humongous Allocation) 394M->255M(1024M) 5.142ms
[2020-08-27T11:15:58.588+0000][21728][gc,cpu       ] GC(173) User=0.00s Sys=0.00s Real=0.01s
[2020-08-27T11:15:58.588+0000][21728][safepoint    ] Safepoint "G1TryInitiateConcMark", Time since last: 136098300 ns, Reaching safepoint: 155000 ns, At safepoint: 5293500 ns, Total: 5448500 ns
[2020-08-27T11:15:58.588+0000][21728][gc           ] GC(174) Concurrent Cycle
[2020-08-27T11:15:58.588+0000][21728][gc,marking   ] GC(174) Concurrent Clear Claimed Marks
[2020-08-27T11:15:58.588+0000][21728][gc,marking   ] GC(174) Concurrent Clear Claimed Marks 0.419ms
[2020-08-27T11:15:58.588+0000][21728][gc,marking   ] GC(174) Concurrent Scan Root Regions
[2020-08-27T11:15:58.591+0000][21728][gc,marking   ] GC(174) Concurrent Scan Root Regions 2.778ms
[2020-08-27T11:15:58.591+0000][21728][gc,marking   ] GC(174) Concurrent Mark (76.548s)
[2020-08-27T11:15:58.592+0000][21728][gc,marking   ] GC(174) Concurrent Mark From Roots
[2020-08-27T11:15:58.592+0000][21728][gc,task      ] GC(174) Using 2 workers of 2 for marking
[2020-08-27T11:15:58.734+0000][21728][gc,marking   ] GC(174) Concurrent Mark From Roots 142.373ms
[2020-08-27T11:15:58.734+0000][21728][gc,marking   ] GC(174) Concurrent Preclean
[2020-08-27T11:15:58.734+0000][21728][gc,marking   ] GC(174) Concurrent Preclean 0.403ms
[2020-08-27T11:15:58.734+0000][21728][gc,marking   ] GC(174) Concurrent Mark (76.548s, 76.691s) 142.915ms
[2020-08-27T11:15:58.735+0000][21728][gc,start     ] GC(174) Pause Remark
[2020-08-27T11:15:58.740+0000][21728][gc           ] GC(174) Pause Remark 314M->314M(1024M) 5.541ms
[2020-08-27T11:15:58.740+0000][21728][gc,cpu       ] GC(174) User=0.00s Sys=0.00s Real=0.01s
[2020-08-27T11:15:58.740+0000][21728][safepoint    ] Safepoint "G1Concurrent", Time since last: 146530400 ns, Reaching safepoint: 182700 ns, At safepoint: 5728200 ns, Total: 5910900 ns
[2020-08-27T11:15:58.740+0000][21728][gc,marking   ] GC(174) Concurrent Rebuild Remembered Sets
[2020-08-27T11:15:58.813+0000][21728][gc,marking   ] GC(174) Concurrent Rebuild Remembered Sets 72.263ms
[2020-08-27T11:15:58.813+0000][21728][gc,start     ] GC(174) Pause Cleanup
[2020-08-27T11:15:58.813+0000][21728][gc           ] GC(174) Pause Cleanup 381M->381M(1024M) 0.252ms
[2020-08-27T11:15:58.813+0000][21728][gc,cpu       ] GC(174) User=0.00s Sys=0.00s Real=0.00s
[2020-08-27T11:15:58.813+0000][21728][safepoint    ] Safepoint "G1Concurrent", Time since last: 72412400 ns, Reaching safepoint: 118700 ns, At safepoint: 381000 ns, Total: 499700 ns
[2020-08-27T11:15:58.813+0000][21728][gc,marking   ] GC(174) Concurrent Cleanup for Next Mark
[2020-08-27T11:15:58.815+0000][21728][gc,marking   ] GC(174) Concurrent Cleanup for Next Mark 1.206ms
[2020-08-27T11:15:58.815+0000][21728][gc           ] GC(174) Concurrent Cycle 226.709ms
[2020-08-27T11:15:58.925+0000][21728][gc,start     ] GC(175) Pause Young (Concurrent Start) (G1 Humongous Allocation)
[2020-08-27T11:15:58.925+0000][21728][gc,task      ] GC(175) Using 8 workers of 8 for evacuation
[2020-08-27T11:15:58.925+0000][21728][gc,age       ] GC(175) Desired survivor size 32505856 bytes, new threshold 15 (max threshold 15)
[2020-08-27T11:15:58.928+0000][21728][gc,age       ] GC(175) Age table with threshold 15 (max threshold 15)
[2020-08-27T11:15:58.928+0000][21728][gc,age       ] GC(175) - age   1:    3213144 bytes,    3213144 total
[2020-08-27T11:15:58.928+0000][21728][gc,age       ] GC(175) - age   2:     402192 bytes,    3615336 total
[2020-08-27T11:15:58.928+0000][21728][gc,age       ] GC(175) - age   3:     203040 bytes,    3818376 total
[2020-08-27T11:15:58.928+0000][21728][gc,age       ] GC(175) - age   4:       3312 bytes,    3821688 total
[2020-08-27T11:15:58.928+0000][21728][gc,age       ] GC(175) - age   5:       1344 bytes,    3823032 total
[2020-08-27T11:15:58.928+0000][21728][gc,age       ] GC(175) - age   6:      45904 bytes,    3868936 total
[2020-08-27T11:15:58.928+0000][21728][gc,age       ] GC(175) - age   7:        728 bytes,    3869664 total
[2020-08-27T11:15:58.928+0000][21728][gc,age       ] GC(175) - age   8:       2608 bytes,    3872272 total
[2020-08-27T11:15:58.928+0000][21728][gc,age       ] GC(175) - age   9:      10208 bytes,    3882480 total
[2020-08-27T11:15:58.928+0000][21728][gc,age       ] GC(175) - age  10:        864 bytes,    3883344 total
[2020-08-27T11:15:58.928+0000][21728][gc,age       ] GC(175) - age  11:      10656 bytes,    3894000 total
[2020-08-27T11:15:58.928+0000][21728][gc,age       ] GC(175) - age  12:      14528 bytes,    3908528 total
[2020-08-27T11:15:58.928+0000][21728][gc,age       ] GC(175) - age  13:       2816 bytes,    3911344 total
[2020-08-27T11:15:58.928+0000][21728][gc,age       ] GC(175) - age  14:        384 bytes,    3911728 total
[2020-08-27T11:15:58.928+0000][21728][gc,age       ] GC(175) - age  15:       4640 bytes,    3916368 total
[2020-08-27T11:15:58.929+0000][21728][gc,phases    ] GC(175)   Pre Evacuate Collection Set: 0.3ms
[2020-08-27T11:15:58.929+0000][21728][gc,phases    ] GC(175)   Merge Heap Roots: 0.1ms
[2020-08-27T11:15:58.929+0000][21728][gc,phases    ] GC(175)   Evacuate Collection Set: 2.0ms
[2020-08-27T11:15:58.929+0000][21728][gc,phases    ] GC(175)   Post Evacuate Collection Set: 0.7ms
[2020-08-27T11:15:58.929+0000][21728][gc,phases    ] GC(175)   Other: 0.7ms
[2020-08-27T11:15:58.929+0000][21728][gc,heap      ] GC(175) Eden regions: 44->0(493)
[2020-08-27T11:15:58.929+0000][21728][gc,heap      ] GC(175) Survivor regions: 5->5(62)
[2020-08-27T11:15:58.929+0000][21728][gc,heap      ] GC(175) Old regions: 78->78
[2020-08-27T11:15:58.929+0000][21728][gc,heap      ] GC(175) Archive regions: 0->0
[2020-08-27T11:15:58.929+0000][21728][gc,heap      ] GC(175) Humongous regions: 270->174
[2020-08-27T11:15:58.929+0000][21728][gc,metaspace ] GC(175) Metaspace: 86100K(92544K)->86100K(92544K) NonClass: 75002K(78848K)->75002K(78848K) Class: 11097K(13696K)->11097K(13696K)
[2020-08-27T11:15:58.929+0000][21728][gc           ] GC(175) Pause Young (Concurrent Start) (G1 Humongous Allocation) 394M->255M(1024M) 4.085ms
[2020-08-27T11:15:58.929+0000][21728][gc,cpu       ] GC(175) User=0.00s Sys=0.00s Real=0.00s
[2020-08-27T11:15:58.929+0000][21728][gc           ] GC(176) Concurrent Cycle
[2020-08-27T11:15:58.929+0000][21728][safepoint    ] Safepoint "G1TryInitiateConcMark", Time since last: 111218700 ns, Reaching safepoint: 199300 ns, At safepoint: 4297600 ns, Total: 4496900 ns
[2020-08-27T11:15:58.929+0000][21728][gc,marking   ] GC(176) Concurrent Clear Claimed Marks
[2020-08-27T11:15:58.929+0000][21728][gc,marking   ] GC(176) Concurrent Clear Claimed Marks 0.444ms
[2020-08-27T11:15:58.929+0000][21728][gc,marking   ] GC(176) Concurrent Scan Root Regions
[2020-08-27T11:15:58.932+0000][21728][gc,marking   ] GC(176) Concurrent Scan Root Regions 2.406ms
[2020-08-27T11:15:58.932+0000][21728][gc,marking   ] GC(176) Concurrent Mark (76.888s)
[2020-08-27T11:15:58.932+0000][21728][gc,marking   ] GC(176) Concurrent Mark From Roots
[2020-08-27T11:15:58.932+0000][21728][gc,task      ] GC(176) Using 2 workers of 2 for marking
[2020-08-27T11:15:59.077+0000][21728][gc,marking   ] GC(176) Concurrent Mark From Roots 144.799ms
[2020-08-27T11:15:59.077+0000][21728][gc,marking   ] GC(176) Concurrent Preclean
[2020-08-27T11:15:59.077+0000][21728][gc,marking   ] GC(176) Concurrent Preclean 0.474ms
[2020-08-27T11:15:59.077+0000][21728][gc,marking   ] GC(176) Concurrent Mark (76.888s, 77.034s) 145.408ms
[2020-08-27T11:15:59.078+0000][21728][gc,start     ] GC(176) Pause Remark
[2020-08-27T11:15:59.083+0000][21728][gc           ] GC(176) Pause Remark 316M->316M(1024M) 5.318ms
[2020-08-27T11:15:59.083+0000][21728][gc,cpu       ] GC(176) User=0.03s Sys=0.05s Real=0.00s
[2020-08-27T11:15:59.083+0000][21728][safepoint    ] Safepoint "G1Concurrent", Time since last: 148489300 ns, Reaching safepoint: 137600 ns, At safepoint: 5519200 ns, Total: 5656800 ns
[2020-08-27T11:15:59.083+0000][21728][gc,marking   ] GC(176) Concurrent Rebuild Remembered Sets
[2020-08-27T11:15:59.170+0000][21728][gc,marking   ] GC(176) Concurrent Rebuild Remembered Sets 86.928ms
[2020-08-27T11:15:59.170+0000][21728][gc,start     ] GC(176) Pause Cleanup
[2020-08-27T11:15:59.171+0000][21728][gc           ] GC(176) Pause Cleanup 385M->385M(1024M) 0.296ms
[2020-08-27T11:15:59.171+0000][21728][gc,cpu       ] GC(176) User=0.00s Sys=0.00s Real=0.00s
[2020-08-27T11:15:59.171+0000][21728][safepoint    ] Safepoint "G1Concurrent", Time since last: 87088400 ns, Reaching safepoint: 209300 ns, At safepoint: 460000 ns, Total: 669300 ns
[2020-08-27T11:15:59.171+0000][21728][gc,marking   ] GC(176) Concurrent Cleanup for Next Mark
[2020-08-27T11:15:59.172+0000][21728][gc,marking   ] GC(176) Concurrent Cleanup for Next Mark 1.350ms
[2020-08-27T11:15:59.172+0000][21728][gc           ] GC(176) Concurrent Cycle 243.438ms
[2020-08-27T11:15:59.299+0000][21728][gc,start     ] GC(177) Pause Young (Concurrent Start) (G1 Humongous Allocation)
[2020-08-27T11:15:59.299+0000][21728][gc,task      ] GC(177) Using 8 workers of 8 for evacuation
[2020-08-27T11:15:59.299+0000][21728][gc,age       ] GC(177) Desired survivor size 33030144 bytes, new threshold 15 (max threshold 15)
[2020-08-27T11:15:59.302+0000][21728][gc,age       ] GC(177) Age table with threshold 15 (max threshold 15)
[2020-08-27T11:15:59.302+0000][21728][gc,age       ] GC(177) - age   1:    3027896 bytes,    3027896 total
[2020-08-27T11:15:59.302+0000][21728][gc,age       ] GC(177) - age   2:       2944 bytes,    3030840 total
[2020-08-27T11:15:59.302+0000][21728][gc,age       ] GC(177) - age   3:       2568 bytes,    3033408 total
[2020-08-27T11:15:59.302+0000][21728][gc,age       ] GC(177) - age   4:       2088 bytes,    3035496 total
[2020-08-27T11:15:59.302+0000][21728][gc,age       ] GC(177) - age   5:       2048 bytes,    3037544 total
[2020-08-27T11:15:59.302+0000][21728][gc,age       ] GC(177) - age   6:        928 bytes,    3038472 total
[2020-08-27T11:15:59.302+0000][21728][gc,age       ] GC(177) - age   7:      45584 bytes,    3084056 total
[2020-08-27T11:15:59.302+0000][21728][gc,age       ] GC(177) - age   8:        504 bytes,    3084560 total
[2020-08-27T11:15:59.302+0000][21728][gc,age       ] GC(177) - age   9:       2480 bytes,    3087040 total
[2020-08-27T11:15:59.302+0000][21728][gc,age       ] GC(177) - age  10:      10208 bytes,    3097248 total
[2020-08-27T11:15:59.302+0000][21728][gc,age       ] GC(177) - age  11:        800 bytes,    3098048 total
[2020-08-27T11:15:59.302+0000][21728][gc,age       ] GC(177) - age  12:      10656 bytes,    3108704 total
[2020-08-27T11:15:59.302+0000][21728][gc,age       ] GC(177) - age  13:      14496 bytes,    3123200 total
[2020-08-27T11:15:59.302+0000][21728][gc,age       ] GC(177) - age  14:       2624 bytes,    3125824 total
[2020-08-27T11:15:59.302+0000][21728][gc,age       ] GC(177) - age  15:        384 bytes,    3126208 total
[2020-08-27T11:15:59.302+0000][21728][gc,phases    ] GC(177)   Pre Evacuate Collection Set: 0.3ms
[2020-08-27T11:15:59.302+0000][21728][gc,phases    ] GC(177)   Merge Heap Roots: 0.1ms
[2020-08-27T11:15:59.302+0000][21728][gc,phases    ] GC(177)   Evacuate Collection Set: 1.8ms
[2020-08-27T11:15:59.302+0000][21728][gc,phases    ] GC(177)   Post Evacuate Collection Set: 0.7ms
[2020-08-27T11:15:59.302+0000][21728][gc,phases    ] GC(177)   Other: 0.6ms
[2020-08-27T11:15:59.302+0000][21728][gc,heap      ] GC(177) Eden regions: 49->0(497)
[2020-08-27T11:15:59.302+0000][21728][gc,heap      ] GC(177) Survivor regions: 5->4(63)
[2020-08-27T11:15:59.302+0000][21728][gc,heap      ] GC(177) Old regions: 78->78
[2020-08-27T11:15:59.302+0000][21728][gc,heap      ] GC(177) Archive regions: 0->0
[2020-08-27T11:15:59.302+0000][21728][gc,heap      ] GC(177) Humongous regions: 270->174
[2020-08-27T11:15:59.302+0000][21728][gc,metaspace ] GC(177) Metaspace: 86132K(92544K)->86132K(92544K) NonClass: 75034K(78848K)->75034K(78848K) Class: 11097K(13696K)->11097K(13696K)
[2020-08-27T11:15:59.302+0000][21728][gc           ] GC(177) Pause Young (Concurrent Start) (G1 Humongous Allocation) 399M->254M(1024M) 3.842ms
[2020-08-27T11:15:59.303+0000][21728][gc,cpu       ] GC(177) User=0.00s Sys=0.00s Real=0.00s
[2020-08-27T11:15:59.303+0000][21728][gc           ] GC(178) Concurrent Cycle
[2020-08-27T11:15:59.303+0000][21728][gc,marking   ] GC(178) Concurrent Clear Claimed Marks
[2020-08-27T11:15:59.303+0000][21728][safepoint    ] Safepoint "G1TryInitiateConcMark", Time since last: 126612000 ns, Reaching safepoint: 187100 ns, At safepoint: 4055700 ns, Total: 4242800 ns
[2020-08-27T11:15:59.303+0000][21728][gc,marking   ] GC(178) Concurrent Clear Claimed Marks 0.440ms
[2020-08-27T11:15:59.303+0000][21728][gc,marking   ] GC(178) Concurrent Scan Root Regions
[2020-08-27T11:15:59.306+0000][21728][gc,marking   ] GC(178) Concurrent Scan Root Regions 2.624ms
[2020-08-27T11:15:59.306+0000][21728][gc,marking   ] GC(178) Concurrent Mark (77.261s)
[2020-08-27T11:15:59.306+0000][21728][gc,marking   ] GC(178) Concurrent Mark From Roots
[2020-08-27T11:15:59.306+0000][21728][gc,task      ] GC(178) Using 2 workers of 2 for marking
[2020-08-27T11:15:59.432+0000][21728][gc,marking   ] GC(178) Concurrent Mark From Roots 125.943ms
[2020-08-27T11:15:59.432+0000][21728][gc,marking   ] GC(178) Concurrent Preclean
[2020-08-27T11:15:59.432+0000][21728][gc,marking   ] GC(178) Concurrent Preclean 0.372ms
[2020-08-27T11:15:59.432+0000][21728][gc,marking   ] GC(178) Concurrent Mark (77.261s, 77.388s) 126.445ms
[2020-08-27T11:15:59.433+0000][21728][gc,start     ] GC(178) Pause Remark
[2020-08-27T11:15:59.437+0000][21728][gc           ] GC(178) Pause Remark 314M->314M(1024M) 4.699ms
[2020-08-27T11:15:59.437+0000][21728][gc,cpu       ] GC(178) User=0.00s Sys=0.00s Real=0.00s
[2020-08-27T11:15:59.437+0000][21728][safepoint    ] Safepoint "G1Concurrent", Time since last: 129730300 ns, Reaching safepoint: 187200 ns, At safepoint: 4898200 ns, Total: 5085400 ns
[2020-08-27T11:15:59.438+0000][21728][gc,marking   ] GC(178) Concurrent Rebuild Remembered Sets
[2020-08-27T11:15:59.529+0000][21728][gc,marking   ] GC(178) Concurrent Rebuild Remembered Sets 91.326ms
[2020-08-27T11:15:59.529+0000][21728][gc,start     ] GC(178) Pause Cleanup
[2020-08-27T11:15:59.530+0000][21728][gc           ] GC(178) Pause Cleanup 520M->520M(1024M) 0.601ms
[2020-08-27T11:15:59.530+0000][21728][gc,cpu       ] GC(178) User=0.00s Sys=0.00s Real=0.00s
[2020-08-27T11:15:59.530+0000][21728][safepoint    ] Safepoint "G1Concurrent", Time since last: 91687900 ns, Reaching safepoint: 274300 ns, At safepoint: 1005900 ns, Total: 1280200 ns
[2020-08-27T11:15:59.530+0000][21728][gc,marking   ] GC(178) Concurrent Cleanup for Next Mark
[2020-08-27T11:15:59.533+0000][21728][gc,marking   ] GC(178) Concurrent Cleanup for Next Mark 2.154ms
[2020-08-27T11:15:59.533+0000][21728][gc           ] GC(178) Concurrent Cycle 230.252ms
[2020-08-27T11:15:59.534+0000][21728][gc,start     ] GC(179) Pause Young (Concurrent Start) (G1 Humongous Allocation)
[2020-08-27T11:15:59.534+0000][21728][gc,task      ] GC(179) Using 8 workers of 8 for evacuation
[2020-08-27T11:15:59.534+0000][21728][gc,age       ] GC(179) Desired survivor size 33030144 bytes, new threshold 15 (max threshold 15)
[2020-08-27T11:15:59.539+0000][21728][gc,age       ] GC(179) Age table with threshold 15 (max threshold 15)
[2020-08-27T11:15:59.539+0000][21728][gc,age       ] GC(179) - age   1:    7197032 bytes,    7197032 total
[2020-08-27T11:15:59.539+0000][21728][gc,age       ] GC(179) - age   2:      25656 bytes,    7222688 total
[2020-08-27T11:15:59.539+0000][21728][gc,age       ] GC(179) - age   3:       2128 bytes,    7224816 total
[2020-08-27T11:15:59.539+0000][21728][gc,age       ] GC(179) - age   4:       1152 bytes,    7225968 total
[2020-08-27T11:15:59.539+0000][21728][gc,age       ] GC(179) - age   5:       1664 bytes,    7227632 total
[2020-08-27T11:15:59.539+0000][21728][gc,age       ] GC(179) - age   6:       1696 bytes,    7229328 total
[2020-08-27T11:15:59.539+0000][21728][gc,age       ] GC(179) - age   7:        896 bytes,    7230224 total
[2020-08-27T11:15:59.539+0000][21728][gc,age       ] GC(179) - age   8:      45520 bytes,    7275744 total
[2020-08-27T11:15:59.539+0000][21728][gc,age       ] GC(179) - age   9:        504 bytes,    7276248 total
[2020-08-27T11:15:59.539+0000][21728][gc,age       ] GC(179) - age  10:       2480 bytes,    7278728 total
[2020-08-27T11:15:59.539+0000][21728][gc,age       ] GC(179) - age  11:      10208 bytes,    7288936 total
[2020-08-27T11:15:59.539+0000][21728][gc,age       ] GC(179) - age  12:        768 bytes,    7289704 total
[2020-08-27T11:15:59.539+0000][21728][gc,age       ] GC(179) - age  13:      10416 bytes,    7300120 total
[2020-08-27T11:15:59.539+0000][21728][gc,age       ] GC(179) - age  14:      14496 bytes,    7314616 total
[2020-08-27T11:15:59.539+0000][21728][gc,age       ] GC(179) - age  15:       2560 bytes,    7317176 total
[2020-08-27T11:15:59.540+0000][21728][gc,phases    ] GC(179)   Pre Evacuate Collection Set: 0.4ms
[2020-08-27T11:15:59.540+0000][21728][gc,phases    ] GC(179)   Merge Heap Roots: 0.1ms
[2020-08-27T11:15:59.540+0000][21728][gc,phases    ] GC(179)   Evacuate Collection Set: 3.3ms
[2020-08-27T11:15:59.540+0000][21728][gc,phases    ] GC(179)   Post Evacuate Collection Set: 1.2ms
[2020-08-27T11:15:59.540+0000][21728][gc,phases    ] GC(179)   Other: 1.1ms
[2020-08-27T11:15:59.540+0000][21728][gc,heap      ] GC(179) Eden regions: 59->0(489)
[2020-08-27T11:15:59.540+0000][21728][gc,heap      ] GC(179) Survivor regions: 4->8(63)
[2020-08-27T11:15:59.540+0000][21728][gc,heap      ] GC(179) Old regions: 78->78
[2020-08-27T11:15:59.540+0000][21728][gc,heap      ] GC(179) Archive regions: 0->0
[2020-08-27T11:15:59.540+0000][21728][gc,heap      ] GC(179) Humongous regions: 392->175
[2020-08-27T11:15:59.540+0000][21728][gc,metaspace ] GC(179) Metaspace: 86191K(92544K)->86191K(92544K) NonClass: 75092K(78848K)->75092K(78848K) Class: 11098K(13696K)->11098K(13696K)
[2020-08-27T11:15:59.540+0000][21728][gc           ] GC(179) Pause Young (Concurrent Start) (G1 Humongous Allocation) 531M->259M(1024M) 6.492ms
[2020-08-27T11:15:59.540+0000][21728][gc,cpu       ] GC(179) User=0.00s Sys=0.00s Real=0.01s
[2020-08-27T11:15:59.540+0000][21728][gc           ] GC(180) Concurrent Cycle
[2020-08-27T11:15:59.540+0000][21728][gc,marking   ] GC(180) Concurrent Clear Claimed Marks
[2020-08-27T11:15:59.541+0000][21728][safepoint    ] Safepoint "G1TryInitiateConcMark", Time since last: 2549200 ns, Reaching safepoint: 507600 ns, At safepoint: 7094000 ns, Total: 7601600 ns
[2020-08-27T11:15:59.541+0000][21728][gc,marking   ] GC(180) Concurrent Clear Claimed Marks 0.328ms
[2020-08-27T11:15:59.541+0000][21728][gc,marking   ] GC(180) Concurrent Scan Root Regions
[2020-08-27T11:15:59.544+0000][21728][gc,marking   ] GC(180) Concurrent Scan Root Regions 3.148ms
[2020-08-27T11:15:59.544+0000][21728][gc,marking   ] GC(180) Concurrent Mark (77.500s)
[2020-08-27T11:15:59.544+0000][21728][gc,marking   ] GC(180) Concurrent Mark From Roots
[2020-08-27T11:15:59.544+0000][21728][gc,task      ] GC(180) Using 2 workers of 2 for marking
[2020-08-27T11:15:59.716+0000][21728][gc,marking   ] GC(180) Concurrent Mark From Roots 172.064ms
[2020-08-27T11:15:59.716+0000][21728][gc,marking   ] GC(180) Concurrent Preclean
[2020-08-27T11:15:59.717+0000][21728][gc,marking   ] GC(180) Concurrent Preclean 0.606ms
[2020-08-27T11:15:59.717+0000][21728][gc,marking   ] GC(180) Concurrent Mark (77.500s, 77.672s) 172.852ms
[2020-08-27T11:15:59.717+0000][21728][gc,start     ] GC(180) Pause Remark
[2020-08-27T11:15:59.722+0000][21728][gc           ] GC(180) Pause Remark 317M->317M(1024M) 5.193ms
[2020-08-27T11:15:59.722+0000][21728][gc,cpu       ] GC(180) User=0.13s Sys=0.00s Real=0.00s
[2020-08-27T11:15:59.722+0000][21728][safepoint    ] Safepoint "G1Concurrent", Time since last: 176302600 ns, Reaching safepoint: 165600 ns, At safepoint: 5413100 ns, Total: 5578700 ns
[2020-08-27T11:15:59.723+0000][21728][gc,marking   ] GC(180) Concurrent Rebuild Remembered Sets
[2020-08-27T11:15:59.822+0000][21728][gc,marking   ] GC(180) Concurrent Rebuild Remembered Sets 99.200ms
[2020-08-27T11:15:59.822+0000][21728][gc,start     ] GC(180) Pause Cleanup
[2020-08-27T11:15:59.822+0000][21728][gc           ] GC(180) Pause Cleanup 384M->384M(1024M) 0.328ms
[2020-08-27T11:15:59.822+0000][21728][gc,cpu       ] GC(180) User=0.00s Sys=0.00s Real=0.00s
[2020-08-27T11:15:59.823+0000][21728][safepoint    ] Safepoint "G1Concurrent", Time since last: 99398200 ns, Reaching safepoint: 166400 ns, At safepoint: 516200 ns, Total: 682600 ns
[2020-08-27T11:15:59.823+0000][21728][gc,marking   ] GC(180) Concurrent Cleanup for Next Mark
[2020-08-27T11:15:59.824+0000][21728][gc,marking   ] GC(180) Concurrent Cleanup for Next Mark 1.760ms
[2020-08-27T11:15:59.824+0000][21728][gc           ] GC(180) Concurrent Cycle 284.300ms
[2020-08-27T11:16:00.093+0000][21728][gc,start     ] GC(181) Pause Young (Concurrent Start) (G1 Humongous Allocation)
[2020-08-27T11:16:00.093+0000][21728][gc,task      ] GC(181) Using 8 workers of 8 for evacuation
[2020-08-27T11:16:00.093+0000][21728][gc,age       ] GC(181) Desired survivor size 33030144 bytes, new threshold 15 (max threshold 15)
[2020-08-27T11:16:00.098+0000][21728][gc,age       ] GC(181) Age table with threshold 15 (max threshold 15)
[2020-08-27T11:16:00.098+0000][21728][gc,age       ] GC(181) - age   1:   13660872 bytes,   13660872 total
[2020-08-27T11:16:00.098+0000][21728][gc,age       ] GC(181) - age   2:      16984 bytes,   13677856 total
[2020-08-27T11:16:00.098+0000][21728][gc,age       ] GC(181) - age   3:      13416 bytes,   13691272 total
[2020-08-27T11:16:00.098+0000][21728][gc,age       ] GC(181) - age   4:       1480 bytes,   13692752 total
[2020-08-27T11:16:00.098+0000][21728][gc,age       ] GC(181) - age   5:       1056 bytes,   13693808 total
[2020-08-27T11:16:00.098+0000][21728][gc,age       ] GC(181) - age   6:       1296 bytes,   13695104 total
[2020-08-27T11:16:00.098+0000][21728][gc,age       ] GC(181) - age   7:       1600 bytes,   13696704 total
[2020-08-27T11:16:00.098+0000][21728][gc,age       ] GC(181) - age   8:        672 bytes,   13697376 total
[2020-08-27T11:16:00.098+0000][21728][gc,age       ] GC(181) - age   9:      45456 bytes,   13742832 total
[2020-08-27T11:16:00.098+0000][21728][gc,age       ] GC(181) - age  10:        376 bytes,   13743208 total
[2020-08-27T11:16:00.098+0000][21728][gc,age       ] GC(181) - age  11:       2448 bytes,   13745656 total
[2020-08-27T11:16:00.098+0000][21728][gc,age       ] GC(181) - age  12:      10208 bytes,   13755864 total
[2020-08-27T11:16:00.098+0000][21728][gc,age       ] GC(181) - age  13:        736 bytes,   13756600 total
[2020-08-27T11:16:00.098+0000][21728][gc,age       ] GC(181) - age  14:      10416 bytes,   13767016 total
[2020-08-27T11:16:00.098+0000][21728][gc,age       ] GC(181) - age  15:      14432 bytes,   13781448 total
[2020-08-27T11:16:00.098+0000][21728][gc,phases    ] GC(181)   Pre Evacuate Collection Set: 0.4ms
[2020-08-27T11:16:00.098+0000][21728][gc,phases    ] GC(181)   Merge Heap Roots: 0.1ms
[2020-08-27T11:16:00.098+0000][21728][gc,phases    ] GC(181)   Evacuate Collection Set: 3.7ms
[2020-08-27T11:16:00.098+0000][21728][gc,phases    ] GC(181)   Post Evacuate Collection Set: 0.7ms
[2020-08-27T11:16:00.098+0000][21728][gc,phases    ] GC(181)   Other: 0.8ms
[2020-08-27T11:16:00.099+0000][21728][gc,heap      ] GC(181) Eden regions: 83->0(477)
[2020-08-27T11:16:00.099+0000][21728][gc,heap      ] GC(181) Survivor regions: 8->14(63)
[2020-08-27T11:16:00.099+0000][21728][gc,heap      ] GC(181) Old regions: 78->78
[2020-08-27T11:16:00.099+0000][21728][gc,heap      ] GC(181) Archive regions: 0->0
[2020-08-27T11:16:00.099+0000][21728][gc,heap      ] GC(181) Humongous regions: 261->174
[2020-08-27T11:16:00.099+0000][21728][gc,metaspace ] GC(181) Metaspace: 86218K(92544K)->86218K(92544K) NonClass: 75119K(78848K)->75119K(78848K) Class: 11098K(13696K)->11098K(13696K)
[2020-08-27T11:16:00.099+0000][21728][gc           ] GC(181) Pause Young (Concurrent Start) (G1 Humongous Allocation) 428M->265M(1024M) 5.853ms
[2020-08-27T11:16:00.099+0000][21728][gc,cpu       ] GC(181) User=0.13s Sys=0.00s Real=0.01s
[2020-08-27T11:16:00.099+0000][21728][gc           ] GC(182) Concurrent Cycle
[2020-08-27T11:16:00.099+0000][21728][safepoint    ] Safepoint "G1TryInitiateConcMark", Time since last: 270344000 ns, Reaching safepoint: 172000 ns, At safepoint: 6042200 ns, Total: 6214200 ns
[2020-08-27T11:16:00.099+0000][21728][gc,marking   ] GC(182) Concurrent Clear Claimed Marks
[2020-08-27T11:16:00.100+0000][21728][gc,marking   ] GC(182) Concurrent Clear Claimed Marks 0.985ms
[2020-08-27T11:16:00.100+0000][21728][gc,marking   ] GC(182) Concurrent Scan Root Regions
[2020-08-27T11:16:00.104+0000][21728][gc,marking   ] GC(182) Concurrent Scan Root Regions 3.591ms
[2020-08-27T11:16:00.104+0000][21728][gc,marking   ] GC(182) Concurrent Mark (78.060s)
[2020-08-27T11:16:00.104+0000][21728][gc,marking   ] GC(182) Concurrent Mark From Roots
[2020-08-27T11:16:00.104+0000][21728][gc,task      ] GC(182) Using 2 workers of 2 for marking
[2020-08-27T11:16:00.273+0000][21728][gc,marking   ] GC(182) Concurrent Mark From Roots 169.688ms
[2020-08-27T11:16:00.274+0000][21728][gc,marking   ] GC(182) Concurrent Preclean
[2020-08-27T11:16:00.274+0000][21728][gc,marking   ] GC(182) Concurrent Preclean 0.558ms
[2020-08-27T11:16:00.274+0000][21728][gc,marking   ] GC(182) Concurrent Mark (78.060s, 78.230s) 170.445ms
[2020-08-27T11:16:00.274+0000][21728][gc,start     ] GC(182) Pause Remark
[2020-08-27T11:16:00.280+0000][21728][gc           ] GC(182) Pause Remark 514M->514M(1024M) 5.470ms
[2020-08-27T11:16:00.280+0000][21728][gc,cpu       ] GC(182) User=0.00s Sys=0.00s Real=0.01s
[2020-08-27T11:16:00.280+0000][21728][safepoint    ] Safepoint "G1Concurrent", Time since last: 175479700 ns, Reaching safepoint: 171900 ns, At safepoint: 5738200 ns, Total: 5910100 ns
[2020-08-27T11:16:00.280+0000][21728][gc,marking   ] GC(182) Concurrent Rebuild Remembered Sets
[2020-08-27T11:16:00.363+0000][21728][gc,marking   ] GC(182) Concurrent Rebuild Remembered Sets 83.253ms
[2020-08-27T11:16:00.363+0000][21728][gc,start     ] GC(182) Pause Cleanup
[2020-08-27T11:16:00.364+0000][21728][gc           ] GC(182) Pause Cleanup 585M->585M(1024M) 0.339ms
[2020-08-27T11:16:00.364+0000][21728][gc,cpu       ] GC(182) User=0.00s Sys=0.00s Real=0.00s
[2020-08-27T11:16:00.364+0000][21728][safepoint    ] Safepoint "G1Concurrent", Time since last: 83428600 ns, Reaching safepoint: 158100 ns, At safepoint: 508200 ns, Total: 666300 ns
[2020-08-27T11:16:00.364+0000][21728][gc,marking   ] GC(182) Concurrent Cleanup for Next Mark
[2020-08-27T11:16:00.366+0000][21728][gc,marking   ] GC(182) Concurrent Cleanup for Next Mark 1.405ms
[2020-08-27T11:16:00.366+0000][21728][gc           ] GC(182) Concurrent Cycle 267.089ms
[2020-08-27T11:16:00.469+0000][21728][safepoint    ] Safepoint "BulkRevokeBias", Time since last: 103583500 ns, Reaching safepoint: 217300 ns, At safepoint: 1482700 ns, Total: 1700000 ns
[2020-08-27T11:16:00.498+0000][21728][safepoint    ] Safepoint "BulkRevokeBias", Time since last: 26171700 ns, Reaching safepoint: 193000 ns, At safepoint: 1524900 ns, Total: 1717900 ns
[2020-08-27T11:16:00.499+0000][21728][gc,start     ] GC(183) Pause Young (Concurrent Start) (G1 Humongous Allocation)
[2020-08-27T11:16:00.499+0000][21728][gc,task      ] GC(183) Using 8 workers of 8 for evacuation
[2020-08-27T11:16:00.499+0000][21728][gc,age       ] GC(183) Desired survivor size 32505856 bytes, new threshold 15 (max threshold 15)
[2020-08-27T11:16:00.505+0000][21728][gc,age       ] GC(183) Age table with threshold 15 (max threshold 15)
[2020-08-27T11:16:00.505+0000][21728][gc,age       ] GC(183) - age   1:   13819296 bytes,   13819296 total
[2020-08-27T11:16:00.505+0000][21728][gc,age       ] GC(183) - age   2:       6216 bytes,   13825512 total
[2020-08-27T11:16:00.505+0000][21728][gc,age       ] GC(183) - age   3:      15448 bytes,   13840960 total
[2020-08-27T11:16:00.505+0000][21728][gc,age       ] GC(183) - age   4:      12872 bytes,   13853832 total
[2020-08-27T11:16:00.505+0000][21728][gc,age       ] GC(183) - age   5:       1480 bytes,   13855312 total
[2020-08-27T11:16:00.505+0000][21728][gc,age       ] GC(183) - age   6:        960 bytes,   13856272 total
[2020-08-27T11:16:00.505+0000][21728][gc,age       ] GC(183) - age   7:       1080 bytes,   13857352 total
[2020-08-27T11:16:00.505+0000][21728][gc,age       ] GC(183) - age   8:       1568 bytes,   13858920 total
[2020-08-27T11:16:00.505+0000][21728][gc,age       ] GC(183) - age   9:        672 bytes,   13859592 total
[2020-08-27T11:16:00.505+0000][21728][gc,age       ] GC(183) - age  10:      45456 bytes,   13905048 total
[2020-08-27T11:16:00.505+0000][21728][gc,age       ] GC(183) - age  11:        376 bytes,   13905424 total
[2020-08-27T11:16:00.505+0000][21728][gc,age       ] GC(183) - age  12:       2448 bytes,   13907872 total
[2020-08-27T11:16:00.505+0000][21728][gc,age       ] GC(183) - age  13:      10208 bytes,   13918080 total
[2020-08-27T11:16:00.505+0000][21728][gc,age       ] GC(183) - age  14:        704 bytes,   13918784 total
[2020-08-27T11:16:00.505+0000][21728][gc,age       ] GC(183) - age  15:      10416 bytes,   13929200 total
[2020-08-27T11:16:00.505+0000][21728][gc,phases    ] GC(183)   Pre Evacuate Collection Set: 0.4ms
[2020-08-27T11:16:00.505+0000][21728][gc,phases    ] GC(183)   Merge Heap Roots: 0.1ms
[2020-08-27T11:16:00.505+0000][21728][gc,phases    ] GC(183)   Evacuate Collection Set: 3.8ms
[2020-08-27T11:16:00.505+0000][21728][gc,phases    ] GC(183)   Post Evacuate Collection Set: 1.3ms
[2020-08-27T11:16:00.505+0000][21728][gc,phases    ] GC(183)   Other: 0.7ms
[2020-08-27T11:16:00.505+0000][21728][gc,heap      ] GC(183) Eden regions: 96->0(473)
[2020-08-27T11:16:00.505+0000][21728][gc,heap      ] GC(183) Survivor regions: 14->14(62)
[2020-08-27T11:16:00.505+0000][21728][gc,heap      ] GC(183) Old regions: 78->78
[2020-08-27T11:16:00.505+0000][21728][gc,heap      ] GC(183) Archive regions: 0->0
[2020-08-27T11:16:00.505+0000][21728][gc,heap      ] GC(183) Humongous regions: 430->174
[2020-08-27T11:16:00.505+0000][21728][gc,metaspace ] GC(183) Metaspace: 86233K(92544K)->86233K(92544K) NonClass: 75134K(78848K)->75134K(78848K) Class: 11098K(13696K)->11098K(13696K)
[2020-08-27T11:16:00.505+0000][21728][gc           ] GC(183) Pause Young (Concurrent Start) (G1 Humongous Allocation) 616M->265M(1024M) 6.526ms
[2020-08-27T11:16:00.505+0000][21728][gc,cpu       ] GC(183) User=0.13s Sys=0.00s Real=0.01s
[2020-08-27T11:16:00.505+0000][21728][gc           ] GC(184) Concurrent Cycle
[2020-08-27T11:16:00.505+0000][21728][safepoint    ] Safepoint "G1TryInitiateConcMark", Time since last: 1616700 ns, Reaching safepoint: 187100 ns, At safepoint: 6740000 ns, Total: 6927100 ns
[2020-08-27T11:16:00.505+0000][21728][gc,marking   ] GC(184) Concurrent Clear Claimed Marks
[2020-08-27T11:16:00.506+0000][21728][gc,marking   ] GC(184) Concurrent Clear Claimed Marks 0.474ms
[2020-08-27T11:16:00.506+0000][21728][gc,marking   ] GC(184) Concurrent Scan Root Regions
[2020-08-27T11:16:00.509+0000][21728][gc,marking   ] GC(184) Concurrent Scan Root Regions 2.938ms
[2020-08-27T11:16:00.509+0000][21728][gc,marking   ] GC(184) Concurrent Mark (78.466s)
[2020-08-27T11:16:00.509+0000][21728][gc,marking   ] GC(184) Concurrent Mark From Roots
[2020-08-27T11:16:00.509+0000][21728][gc,task      ] GC(184) Using 2 workers of 2 for marking
[2020-08-27T11:16:00.667+0000][21728][gc,marking   ] GC(184) Concurrent Mark From Roots 158.335ms
[2020-08-27T11:16:00.667+0000][21728][gc,marking   ] GC(184) Concurrent Preclean
[2020-08-27T11:16:00.668+0000][21728][gc,marking   ] GC(184) Concurrent Preclean 0.511ms
[2020-08-27T11:16:00.668+0000][21728][gc,marking   ] GC(184) Concurrent Mark (78.466s, 78.625s) 159.040ms
[2020-08-27T11:16:00.668+0000][21728][gc,start     ] GC(184) Pause Remark
[2020-08-27T11:16:00.674+0000][21728][gc           ] GC(184) Pause Remark 512M->512M(1024M) 5.712ms
[2020-08-27T11:16:00.674+0000][21728][gc,cpu       ] GC(184) User=0.11s Sys=0.00s Real=0.01s
[2020-08-27T11:16:00.674+0000][21728][safepoint    ] Safepoint "G1Concurrent", Time since last: 162752500 ns, Reaching safepoint: 186200 ns, At safepoint: 5920000 ns, Total: 6106200 ns
[2020-08-27T11:16:00.674+0000][21728][gc,marking   ] GC(184) Concurrent Rebuild Remembered Sets
[2020-08-27T11:16:00.764+0000][21728][gc,marking   ] GC(184) Concurrent Rebuild Remembered Sets 89.704ms
[2020-08-27T11:16:00.764+0000][21728][gc,start     ] GC(184) Pause Cleanup
[2020-08-27T11:16:00.765+0000][21728][gc           ] GC(184) Pause Cleanup 585M->585M(1024M) 0.330ms
[2020-08-27T11:16:00.765+0000][21728][gc,cpu       ] GC(184) User=0.00s Sys=0.00s Real=0.00s
[2020-08-27T11:16:00.765+0000][21728][safepoint    ] Safepoint "G1Concurrent", Time since last: 89888900 ns, Reaching safepoint: 144500 ns, At safepoint: 510200 ns, Total: 654700 ns
[2020-08-27T11:16:00.765+0000][21728][gc,marking   ] GC(184) Concurrent Cleanup for Next Mark
[2020-08-27T11:16:00.767+0000][21728][gc,marking   ] GC(184) Concurrent Cleanup for Next Mark 1.342ms
[2020-08-27T11:16:00.767+0000][21728][gc           ] GC(184) Concurrent Cycle 260.940ms
[2020-08-27T11:16:00.878+0000][21728][gc,start     ] GC(185) Pause Young (Concurrent Start) (G1 Humongous Allocation)
[2020-08-27T11:16:00.878+0000][21728][gc,task      ] GC(185) Using 8 workers of 8 for evacuation
[2020-08-27T11:16:00.878+0000][21728][gc,age       ] GC(185) Desired survivor size 31981568 bytes, new threshold 15 (max threshold 15)
[2020-08-27T11:16:00.881+0000][21728][gc,age       ] GC(185) Age table with threshold 15 (max threshold 15)
[2020-08-27T11:16:00.881+0000][21728][gc,age       ] GC(185) - age   1:    3897360 bytes,    3897360 total
[2020-08-27T11:16:00.881+0000][21728][gc,age       ] GC(185) - age   2:       9736 bytes,    3907096 total
[2020-08-27T11:16:00.881+0000][21728][gc,age       ] GC(185) - age   3:       5944 bytes,    3913040 total
[2020-08-27T11:16:00.881+0000][21728][gc,age       ] GC(185) - age   4:      15448 bytes,    3928488 total
[2020-08-27T11:16:00.881+0000][21728][gc,age       ] GC(185) - age   5:      12744 bytes,    3941232 total
[2020-08-27T11:16:00.881+0000][21728][gc,age       ] GC(185) - age   6:       1448 bytes,    3942680 total
[2020-08-27T11:16:00.881+0000][21728][gc,age       ] GC(185) - age   7:        928 bytes,    3943608 total
[2020-08-27T11:16:00.881+0000][21728][gc,age       ] GC(185) - age   8:        824 bytes,    3944432 total
[2020-08-27T11:16:00.882+0000][21728][gc,age       ] GC(185) - age   9:       1568 bytes,    3946000 total
[2020-08-27T11:16:00.882+0000][21728][gc,age       ] GC(185) - age  10:        672 bytes,    3946672 total
[2020-08-27T11:16:00.882+0000][21728][gc,age       ] GC(185) - age  11:      45424 bytes,    3992096 total
[2020-08-27T11:16:00.882+0000][21728][gc,age       ] GC(185) - age  12:        376 bytes,    3992472 total
[2020-08-27T11:16:00.882+0000][21728][gc,age       ] GC(185) - age  13:       2448 bytes,    3994920 total
[2020-08-27T11:16:00.882+0000][21728][gc,age       ] GC(185) - age  14:      10112 bytes,    4005032 total
[2020-08-27T11:16:00.882+0000][21728][gc,age       ] GC(185) - age  15:        704 bytes,    4005736 total
[2020-08-27T11:16:00.882+0000][21728][gc,phases    ] GC(185)   Pre Evacuate Collection Set: 0.3ms
[2020-08-27T11:16:00.882+0000][21728][gc,phases    ] GC(185)   Merge Heap Roots: 0.1ms
[2020-08-27T11:16:00.882+0000][21728][gc,phases    ] GC(185)   Evacuate Collection Set: 2.0ms
[2020-08-27T11:16:00.882+0000][21728][gc,phases    ] GC(185)   Post Evacuate Collection Set: 0.8ms
[2020-08-27T11:16:00.882+0000][21728][gc,phases    ] GC(185)   Other: 0.7ms
[2020-08-27T11:16:00.882+0000][21728][gc,heap      ] GC(185) Eden regions: 78->0(486)
[2020-08-27T11:16:00.882+0000][21728][gc,heap      ] GC(185) Survivor regions: 14->5(61)
[2020-08-27T11:16:00.882+0000][21728][gc,heap      ] GC(185) Old regions: 78->78
[2020-08-27T11:16:00.882+0000][21728][gc,heap      ] GC(185) Archive regions: 0->0
[2020-08-27T11:16:00.882+0000][21728][gc,heap      ] GC(185) Humongous regions: 430->174
[2020-08-27T11:16:00.882+0000][21728][gc,metaspace ] GC(185) Metaspace: 86264K(92544K)->86264K(92544K) NonClass: 75166K(78848K)->75166K(78848K) Class: 11098K(13696K)->11098K(13696K)
[2020-08-27T11:16:00.882+0000][21728][gc           ] GC(185) Pause Young (Concurrent Start) (G1 Humongous Allocation) 598M->256M(1024M) 4.120ms
[2020-08-27T11:16:00.882+0000][21728][gc,cpu       ] GC(185) User=0.00s Sys=0.00s Real=0.00s
[2020-08-27T11:16:00.882+0000][21728][safepoint    ] Safepoint "G1TryInitiateConcMark", Time since last: 112693700 ns, Reaching safepoint: 345900 ns, At safepoint: 4268000 ns, Total: 4613900 ns
[2020-08-27T11:16:00.882+0000][21728][gc           ] GC(186) Concurrent Cycle
[2020-08-27T11:16:00.882+0000][21728][gc,marking   ] GC(186) Concurrent Clear Claimed Marks
[2020-08-27T11:16:00.883+0000][21728][gc,marking   ] GC(186) Concurrent Clear Claimed Marks 0.572ms
[2020-08-27T11:16:00.883+0000][21728][gc,marking   ] GC(186) Concurrent Scan Root Regions
[2020-08-27T11:16:00.886+0000][21728][gc,marking   ] GC(186) Concurrent Scan Root Regions 3.351ms
[2020-08-27T11:16:00.886+0000][21728][gc,marking   ] GC(186) Concurrent Mark (78.843s)
[2020-08-27T11:16:00.886+0000][21728][gc,marking   ] GC(186) Concurrent Mark From Roots
[2020-08-27T11:16:00.886+0000][21728][gc,task      ] GC(186) Using 2 workers of 2 for marking
[2020-08-27T11:16:00.994+0000][21728][gc,marking   ] GC(186) Concurrent Mark From Roots 107.970ms
[2020-08-27T11:16:00.994+0000][21728][gc,marking   ] GC(186) Concurrent Preclean
[2020-08-27T11:16:00.995+0000][21728][gc,marking   ] GC(186) Concurrent Preclean 0.377ms
[2020-08-27T11:16:00.995+0000][21728][gc,marking   ] GC(186) Concurrent Mark (78.843s, 78.951s) 108.485ms
[2020-08-27T11:16:00.995+0000][21728][gc,start     ] GC(186) Pause Remark
[2020-08-27T11:16:00.999+0000][21728][gc           ] GC(186) Pause Remark 322M->322M(1024M) 4.402ms
[2020-08-27T11:16:00.999+0000][21728][gc,cpu       ] GC(186) User=0.00s Sys=0.00s Real=0.00s
[2020-08-27T11:16:01.000+0000][21728][safepoint    ] Safepoint "G1Concurrent", Time since last: 112713800 ns, Reaching safepoint: 145600 ns, At safepoint: 4573600 ns, Total: 4719200 ns
[2020-08-27T11:16:01.000+0000][21728][gc,marking   ] GC(186) Concurrent Rebuild Remembered Sets
[2020-08-27T11:16:01.064+0000][21728][gc,marking   ] GC(186) Concurrent Rebuild Remembered Sets 63.942ms
[2020-08-27T11:16:01.064+0000][21728][gc,start     ] GC(186) Pause Cleanup
[2020-08-27T11:16:01.064+0000][21728][gc           ] GC(186) Pause Cleanup 327M->327M(1024M) 0.232ms
[2020-08-27T11:16:01.064+0000][21728][gc,cpu       ] GC(186) User=0.00s Sys=0.00s Real=0.00s
[2020-08-27T11:16:01.064+0000][21728][safepoint    ] Safepoint "G1Concurrent", Time since last: 64121000 ns, Reaching safepoint: 144000 ns, At safepoint: 370300 ns, Total: 514300 ns
[2020-08-27T11:16:01.064+0000][21728][gc,marking   ] GC(186) Concurrent Cleanup for Next Mark
[2020-08-27T11:16:01.066+0000][21728][gc,marking   ] GC(186) Concurrent Cleanup for Next Mark 1.522ms
[2020-08-27T11:16:01.066+0000][21728][gc           ] GC(186) Concurrent Cycle 183.754ms
[2020-08-27T11:16:01.074+0000][21728][gc,start     ] GC(187) Pause Young (Concurrent Start) (G1 Humongous Allocation)
[2020-08-27T11:16:01.074+0000][21728][gc,task      ] GC(187) Using 8 workers of 8 for evacuation
[2020-08-27T11:16:01.075+0000][21728][gc,age       ] GC(187) Desired survivor size 32505856 bytes, new threshold 15 (max threshold 15)
[2020-08-27T11:16:01.078+0000][21728][gc,age       ] GC(187) Age table with threshold 15 (max threshold 15)
[2020-08-27T11:16:01.078+0000][21728][gc,age       ] GC(187) - age   1:    3071440 bytes,    3071440 total
[2020-08-27T11:16:01.078+0000][21728][gc,age       ] GC(187) - age   2:     800528 bytes,    3871968 total
[2020-08-27T11:16:01.078+0000][21728][gc,age       ] GC(187) - age   3:       8112 bytes,    3880080 total
[2020-08-27T11:16:01.078+0000][21728][gc,age       ] GC(187) - age   4:       5496 bytes,    3885576 total
[2020-08-27T11:16:01.078+0000][21728][gc,age       ] GC(187) - age   5:      15448 bytes,    3901024 total
[2020-08-27T11:16:01.078+0000][21728][gc,age       ] GC(187) - age   6:      12744 bytes,    3913768 total
[2020-08-27T11:16:01.078+0000][21728][gc,age       ] GC(187) - age   7:       1352 bytes,    3915120 total
[2020-08-27T11:16:01.078+0000][21728][gc,age       ] GC(187) - age   8:        864 bytes,    3915984 total
[2020-08-27T11:16:01.078+0000][21728][gc,age       ] GC(187) - age   9:        792 bytes,    3916776 total
[2020-08-27T11:16:01.078+0000][21728][gc,age       ] GC(187) - age  10:       1568 bytes,    3918344 total
[2020-08-27T11:16:01.079+0000][21728][gc,age       ] GC(187) - age  11:        640 bytes,    3918984 total
[2020-08-27T11:16:01.079+0000][21728][gc,age       ] GC(187) - age  12:      45424 bytes,    3964408 total
[2020-08-27T11:16:01.079+0000][21728][gc,age       ] GC(187) - age  13:        376 bytes,    3964784 total
[2020-08-27T11:16:01.079+0000][21728][gc,age       ] GC(187) - age  14:       2416 bytes,    3967200 total
[2020-08-27T11:16:01.079+0000][21728][gc,age       ] GC(187) - age  15:      10112 bytes,    3977312 total
[2020-08-27T11:16:01.079+0000][21728][gc,phases    ] GC(187)   Pre Evacuate Collection Set: 0.4ms
[2020-08-27T11:16:01.079+0000][21728][gc,phases    ] GC(187)   Merge Heap Roots: 0.1ms
[2020-08-27T11:16:01.079+0000][21728][gc,phases    ] GC(187)   Evacuate Collection Set: 2.4ms
[2020-08-27T11:16:01.079+0000][21728][gc,phases    ] GC(187)   Post Evacuate Collection Set: 0.7ms
[2020-08-27T11:16:01.079+0000][21728][gc,phases    ] GC(187)   Other: 0.9ms
[2020-08-27T11:16:01.079+0000][21728][gc,heap      ] GC(187) Eden regions: 25->0(490)
[2020-08-27T11:16:01.079+0000][21728][gc,heap      ] GC(187) Survivor regions: 5->5(62)
[2020-08-27T11:16:01.079+0000][21728][gc,heap      ] GC(187) Old regions: 78->78
[2020-08-27T11:16:01.079+0000][21728][gc,heap      ] GC(187) Archive regions: 0->0
[2020-08-27T11:16:01.079+0000][21728][gc,heap      ] GC(187) Humongous regions: 229->174
[2020-08-27T11:16:01.079+0000][21728][gc,metaspace ] GC(187) Metaspace: 86300K(92544K)->86300K(92544K) NonClass: 75202K(78848K)->75202K(78848K) Class: 11098K(13696K)->11098K(13696K)
[2020-08-27T11:16:01.079+0000][21728][gc           ] GC(187) Pause Young (Concurrent Start) (G1 Humongous Allocation) 335M->255M(1024M) 4.696ms
[2020-08-27T11:16:01.079+0000][21728][gc,cpu       ] GC(187) User=0.00s Sys=0.02s Real=0.01s
[2020-08-27T11:16:01.079+0000][21728][safepoint    ] Safepoint "G1TryInitiateConcMark", Time since last: 9993400 ns, Reaching safepoint: 160900 ns, At safepoint: 4912400 ns, Total: 5073300 ns
[2020-08-27T11:16:01.079+0000][21728][gc           ] GC(188) Concurrent Cycle
[2020-08-27T11:16:01.079+0000][21728][gc,marking   ] GC(188) Concurrent Clear Claimed Marks
[2020-08-27T11:16:01.080+0000][21728][gc,marking   ] GC(188) Concurrent Clear Claimed Marks 0.405ms
[2020-08-27T11:16:01.080+0000][21728][gc,marking   ] GC(188) Concurrent Scan Root Regions
[2020-08-27T11:16:01.083+0000][21728][gc,marking   ] GC(188) Concurrent Scan Root Regions 2.877ms
[2020-08-27T11:16:01.083+0000][21728][gc,marking   ] GC(188) Concurrent Mark (79.039s)
[2020-08-27T11:16:01.083+0000][21728][gc,marking   ] GC(188) Concurrent Mark From Roots
[2020-08-27T11:16:01.083+0000][21728][gc,task      ] GC(188) Using 2 workers of 2 for marking
[2020-08-27T11:16:01.199+0000][21728][gc,marking   ] GC(188) Concurrent Mark From Roots 116.617ms
[2020-08-27T11:16:01.200+0000][21728][gc,marking   ] GC(188) Concurrent Preclean
[2020-08-27T11:16:01.200+0000][21728][gc,marking   ] GC(188) Concurrent Preclean 0.441ms
[2020-08-27T11:16:01.200+0000][21728][gc,marking   ] GC(188) Concurrent Mark (79.039s, 79.157s) 117.225ms
[2020-08-27T11:16:01.200+0000][21728][gc,start     ] GC(188) Pause Remark
[2020-08-27T11:16:01.205+0000][21728][gc           ] GC(188) Pause Remark 315M->315M(1024M) 4.512ms
[2020-08-27T11:16:01.205+0000][21728][gc,cpu       ] GC(188) User=0.13s Sys=0.00s Real=0.00s
[2020-08-27T11:16:01.205+0000][21728][safepoint    ] Safepoint "G1Concurrent", Time since last: 120830300 ns, Reaching safepoint: 180200 ns, At safepoint: 4692600 ns, Total: 4872800 ns
[2020-08-27T11:16:01.205+0000][21728][gc,marking   ] GC(188) Concurrent Rebuild Remembered Sets
[2020-08-27T11:16:01.283+0000][21728][gc,marking   ] GC(188) Concurrent Rebuild Remembered Sets 78.387ms
[2020-08-27T11:16:01.284+0000][21728][gc,start     ] GC(188) Pause Cleanup
[2020-08-27T11:16:01.284+0000][21728][gc           ] GC(188) Pause Cleanup 387M->387M(1024M) 0.268ms
[2020-08-27T11:16:01.284+0000][21728][gc,cpu       ] GC(188) User=0.00s Sys=0.00s Real=0.00s
[2020-08-27T11:16:01.284+0000][21728][safepoint    ] Safepoint "G1Concurrent", Time since last: 78574500 ns, Reaching safepoint: 159500 ns, At safepoint: 407500 ns, Total: 567000 ns
[2020-08-27T11:16:01.284+0000][21728][gc,marking   ] GC(188) Concurrent Cleanup for Next Mark
[2020-08-27T11:16:01.287+0000][21728][gc,marking   ] GC(188) Concurrent Cleanup for Next Mark 1.698ms
[2020-08-27T11:16:01.287+0000][21728][gc           ] GC(188) Concurrent Cycle 206.676ms
[2020-08-27T11:16:01.398+0000][21728][gc,start     ] GC(189) Pause Young (Concurrent Start) (G1 Humongous Allocation)
[2020-08-27T11:16:01.398+0000][21728][gc,task      ] GC(189) Using 8 workers of 8 for evacuation
[2020-08-27T11:16:01.398+0000][21728][gc,age       ] GC(189) Desired survivor size 32505856 bytes, new threshold 15 (max threshold 15)
[2020-08-27T11:16:01.401+0000][21728][gc,age       ] GC(189) Age table with threshold 15 (max threshold 15)
[2020-08-27T11:16:01.401+0000][21728][gc,age       ] GC(189) - age   1:    3326032 bytes,    3326032 total
[2020-08-27T11:16:01.401+0000][21728][gc,age       ] GC(189) - age   2:     205472 bytes,    3531504 total
[2020-08-27T11:16:01.402+0000][21728][gc,age       ] GC(189) - age   3:     399872 bytes,    3931376 total
[2020-08-27T11:16:01.402+0000][21728][gc,age       ] GC(189) - age   4:       5088 bytes,    3936464 total
[2020-08-27T11:16:01.402+0000][21728][gc,age       ] GC(189) - age   5:       5400 bytes,    3941864 total
[2020-08-27T11:16:01.402+0000][21728][gc,age       ] GC(189) - age   6:      15448 bytes,    3957312 total
[2020-08-27T11:16:01.402+0000][21728][gc,age       ] GC(189) - age   7:      12712 bytes,    3970024 total
[2020-08-27T11:16:01.402+0000][21728][gc,age       ] GC(189) - age   8:       1288 bytes,    3971312 total
[2020-08-27T11:16:01.402+0000][21728][gc,age       ] GC(189) - age   9:        416 bytes,    3971728 total
[2020-08-27T11:16:01.402+0000][21728][gc,age       ] GC(189) - age  10:        664 bytes,    3972392 total
[2020-08-27T11:16:01.402+0000][21728][gc,age       ] GC(189) - age  11:       1568 bytes,    3973960 total
[2020-08-27T11:16:01.402+0000][21728][gc,age       ] GC(189) - age  12:        640 bytes,    3974600 total
[2020-08-27T11:16:01.402+0000][21728][gc,age       ] GC(189) - age  13:      45296 bytes,    4019896 total
[2020-08-27T11:16:01.402+0000][21728][gc,age       ] GC(189) - age  14:        344 bytes,    4020240 total
[2020-08-27T11:16:01.402+0000][21728][gc,age       ] GC(189) - age  15:       2096 bytes,    4022336 total
[2020-08-27T11:16:01.402+0000][21728][gc,phases    ] GC(189)   Pre Evacuate Collection Set: 0.3ms
[2020-08-27T11:16:01.402+0000][21728][gc,phases    ] GC(189)   Merge Heap Roots: 0.1ms
[2020-08-27T11:16:01.402+0000][21728][gc,phases    ] GC(189)   Evacuate Collection Set: 2.0ms
[2020-08-27T11:16:01.402+0000][21728][gc,phases    ] GC(189)   Post Evacuate Collection Set: 0.6ms
[2020-08-27T11:16:01.402+0000][21728][gc,phases    ] GC(189)   Other: 0.8ms
[2020-08-27T11:16:01.402+0000][21728][gc,heap      ] GC(189) Eden regions: 41->0(493)
[2020-08-27T11:16:01.402+0000][21728][gc,heap      ] GC(189) Survivor regions: 5->5(62)
[2020-08-27T11:16:01.402+0000][21728][gc,heap      ] GC(189) Old regions: 78->78
[2020-08-27T11:16:01.402+0000][21728][gc,heap      ] GC(189) Archive regions: 0->0
[2020-08-27T11:16:01.402+0000][21728][gc,heap      ] GC(189) Humongous regions: 275->174
[2020-08-27T11:16:01.402+0000][21728][gc,metaspace ] GC(189) Metaspace: 86344K(92800K)->86344K(92800K) NonClass: 75245K(79104K)->75245K(79104K) Class: 11098K(13696K)->11098K(13696K)
[2020-08-27T11:16:01.402+0000][21728][gc           ] GC(189) Pause Young (Concurrent Start) (G1 Humongous Allocation) 397M->255M(1024M) 4.021ms
[2020-08-27T11:16:01.402+0000][21728][gc,cpu       ] GC(189) User=0.00s Sys=0.00s Real=0.00s
[2020-08-27T11:16:01.402+0000][21728][gc           ] GC(190) Concurrent Cycle
[2020-08-27T11:16:01.402+0000][21728][safepoint    ] Safepoint "G1TryInitiateConcMark", Time since last: 113839900 ns, Reaching safepoint: 153700 ns, At safepoint: 4208800 ns, Total: 4362500 ns
[2020-08-27T11:16:01.402+0000][21728][gc,marking   ] GC(190) Concurrent Clear Claimed Marks
[2020-08-27T11:16:01.403+0000][21728][gc,marking   ] GC(190) Concurrent Clear Claimed Marks 0.672ms
[2020-08-27T11:16:01.403+0000][21728][gc,marking   ] GC(190) Concurrent Scan Root Regions
[2020-08-27T11:16:01.407+0000][21728][gc,marking   ] GC(190) Concurrent Scan Root Regions 2.438ms
[2020-08-27T11:16:01.407+0000][21728][gc,marking   ] GC(190) Concurrent Mark (79.362s)
[2020-08-27T11:16:01.407+0000][21728][gc,marking   ] GC(190) Concurrent Mark From Roots
[2020-08-27T11:16:01.407+0000][21728][gc,task      ] GC(190) Using 2 workers of 2 for marking
[2020-08-27T11:16:01.519+0000][21728][gc,marking   ] GC(190) Concurrent Mark From Roots 113.370ms
[2020-08-27T11:16:01.519+0000][21728][gc,marking   ] GC(190) Concurrent Preclean
[2020-08-27T11:16:01.520+0000][21728][gc,marking   ] GC(190) Concurrent Preclean 0.498ms
[2020-08-27T11:16:01.520+0000][21728][gc,marking   ] GC(190) Concurrent Mark (79.362s, 79.476s) 114.052ms
[2020-08-27T11:16:01.520+0000][21728][gc,start     ] GC(190) Pause Remark
[2020-08-27T11:16:01.525+0000][21728][gc           ] GC(190) Pause Remark 318M->318M(1024M) 5.045ms
[2020-08-27T11:16:01.525+0000][21728][gc,cpu       ] GC(190) User=0.00s Sys=0.00s Real=0.01s
[2020-08-27T11:16:01.525+0000][21728][safepoint    ] Safepoint "G1Concurrent", Time since last: 117649600 ns, Reaching safepoint: 165000 ns, At safepoint: 5236600 ns, Total: 5401600 ns
[2020-08-27T11:16:01.525+0000][21728][gc,marking   ] GC(190) Concurrent Rebuild Remembered Sets
[2020-08-27T11:16:01.603+0000][21728][gc,marking   ] GC(190) Concurrent Rebuild Remembered Sets 77.192ms
[2020-08-27T11:16:01.603+0000][21728][gc,start     ] GC(190) Pause Cleanup
[2020-08-27T11:16:01.603+0000][21728][gc           ] GC(190) Pause Cleanup 385M->385M(1024M) 0.327ms
[2020-08-27T11:16:01.603+0000][21728][gc,cpu       ] GC(190) User=0.00s Sys=0.00s Real=0.00s
[2020-08-27T11:16:01.603+0000][21728][safepoint    ] Safepoint "G1Concurrent", Time since last: 77388000 ns, Reaching safepoint: 140100 ns, At safepoint: 525600 ns, Total: 665700 ns
[2020-08-27T11:16:01.603+0000][21728][gc,marking   ] GC(190) Concurrent Cleanup for Next Mark
[2020-08-27T11:16:01.606+0000][21728][gc,marking   ] GC(190) Concurrent Cleanup for Next Mark 1.314ms
[2020-08-27T11:16:01.606+0000][21728][gc           ] GC(190) Concurrent Cycle 202.597ms
[2020-08-27T11:16:01.741+0000][21728][gc,start     ] GC(191) Pause Young (Concurrent Start) (G1 Humongous Allocation)
[2020-08-27T11:16:01.741+0000][21728][gc,task      ] GC(191) Using 8 workers of 8 for evacuation
[2020-08-27T11:16:01.741+0000][21728][gc,age       ] GC(191) Desired survivor size 33030144 bytes, new threshold 15 (max threshold 15)
[2020-08-27T11:16:01.744+0000][21728][gc,age       ] GC(191) Age table with threshold 15 (max threshold 15)
[2020-08-27T11:16:01.744+0000][21728][gc,age       ] GC(191) - age   1:    2595160 bytes,    2595160 total
[2020-08-27T11:16:01.744+0000][21728][gc,age       ] GC(191) - age   2:       5128 bytes,    2600288 total
[2020-08-27T11:16:01.744+0000][21728][gc,age       ] GC(191) - age   3:       1632 bytes,    2601920 total
[2020-08-27T11:16:01.744+0000][21728][gc,age       ] GC(191) - age   4:       2904 bytes,    2604824 total
[2020-08-27T11:16:01.744+0000][21728][gc,age       ] GC(191) - age   5:       1848 bytes,    2606672 total
[2020-08-27T11:16:01.744+0000][21728][gc,age       ] GC(191) - age   6:       5016 bytes,    2611688 total
[2020-08-27T11:16:01.744+0000][21728][gc,age       ] GC(191) - age   7:      15448 bytes,    2627136 total
[2020-08-27T11:16:01.744+0000][21728][gc,age       ] GC(191) - age   8:      12552 bytes,    2639688 total
[2020-08-27T11:16:01.744+0000][21728][gc,age       ] GC(191) - age   9:       1032 bytes,    2640720 total
[2020-08-27T11:16:01.744+0000][21728][gc,age       ] GC(191) - age  10:        352 bytes,    2641072 total
[2020-08-27T11:16:01.744+0000][21728][gc,age       ] GC(191) - age  11:        664 bytes,    2641736 total
[2020-08-27T11:16:01.744+0000][21728][gc,age       ] GC(191) - age  12:       1568 bytes,    2643304 total
[2020-08-27T11:16:01.744+0000][21728][gc,age       ] GC(191) - age  13:        640 bytes,    2643944 total
[2020-08-27T11:16:01.744+0000][21728][gc,age       ] GC(191) - age  14:      45256 bytes,    2689200 total
[2020-08-27T11:16:01.744+0000][21728][gc,age       ] GC(191) - age  15:        184 bytes,    2689384 total
[2020-08-27T11:16:01.744+0000][21728][gc,phases    ] GC(191)   Pre Evacuate Collection Set: 0.3ms
[2020-08-27T11:16:01.744+0000][21728][gc,phases    ] GC(191)   Merge Heap Roots: 0.1ms
[2020-08-27T11:16:01.744+0000][21728][gc,phases    ] GC(191)   Evacuate Collection Set: 1.9ms
[2020-08-27T11:16:01.744+0000][21728][gc,phases    ] GC(191)   Post Evacuate Collection Set: 0.6ms
[2020-08-27T11:16:01.744+0000][21728][gc,phases    ] GC(191)   Other: 0.6ms
[2020-08-27T11:16:01.744+0000][21728][gc,heap      ] GC(191) Eden regions: 46->0(497)
[2020-08-27T11:16:01.744+0000][21728][gc,heap      ] GC(191) Survivor regions: 5->3(63)
[2020-08-27T11:16:01.745+0000][21728][gc,heap      ] GC(191) Old regions: 78->78
[2020-08-27T11:16:01.745+0000][21728][gc,heap      ] GC(191) Archive regions: 0->0
[2020-08-27T11:16:01.745+0000][21728][gc,heap      ] GC(191) Humongous regions: 274->174
[2020-08-27T11:16:01.745+0000][21728][gc,metaspace ] GC(191) Metaspace: 86368K(92800K)->86368K(92800K) NonClass: 75269K(79104K)->75269K(79104K) Class: 11098K(13696K)->11098K(13696K)
[2020-08-27T11:16:01.745+0000][21728][gc           ] GC(191) Pause Young (Concurrent Start) (G1 Humongous Allocation) 401M->254M(1024M) 3.792ms
[2020-08-27T11:16:01.745+0000][21728][gc,cpu       ] GC(191) User=0.00s Sys=0.00s Real=0.00s
[2020-08-27T11:16:01.745+0000][21728][gc           ] GC(192) Concurrent Cycle
[2020-08-27T11:16:01.745+0000][21728][safepoint    ] Safepoint "G1TryInitiateConcMark", Time since last: 137269900 ns, Reaching safepoint: 134300 ns, At safepoint: 3938300 ns, Total: 4072600 ns
[2020-08-27T11:16:01.745+0000][21728][gc,marking   ] GC(192) Concurrent Clear Claimed Marks
[2020-08-27T11:16:01.745+0000][21728][gc,marking   ] GC(192) Concurrent Clear Claimed Marks 0.646ms
[2020-08-27T11:16:01.745+0000][21728][gc,marking   ] GC(192) Concurrent Scan Root Regions
[2020-08-27T11:16:01.747+0000][21728][gc,marking   ] GC(192) Concurrent Scan Root Regions 1.972ms
[2020-08-27T11:16:01.748+0000][21728][gc,marking   ] GC(192) Concurrent Mark (79.704s)
[2020-08-27T11:16:01.748+0000][21728][gc,marking   ] GC(192) Concurrent Mark From Roots
[2020-08-27T11:16:01.748+0000][21728][gc,task      ] GC(192) Using 2 workers of 2 for marking
[2020-08-27T11:16:01.856+0000][21728][gc,marking   ] GC(192) Concurrent Mark From Roots 108.559ms
[2020-08-27T11:16:01.856+0000][21728][gc,marking   ] GC(192) Concurrent Preclean
[2020-08-27T11:16:01.857+0000][21728][gc,marking   ] GC(192) Concurrent Preclean 0.364ms
[2020-08-27T11:16:01.857+0000][21728][gc,marking   ] GC(192) Concurrent Mark (79.704s, 79.813s) 109.041ms
[2020-08-27T11:16:01.857+0000][21728][gc,start     ] GC(192) Pause Remark
[2020-08-27T11:16:01.861+0000][21728][gc           ] GC(192) Pause Remark 313M->313M(1024M) 4.471ms
[2020-08-27T11:16:01.862+0000][21728][gc,cpu       ] GC(192) User=0.13s Sys=0.00s Real=0.00s
[2020-08-27T11:16:01.862+0000][21728][safepoint    ] Safepoint "G1Concurrent", Time since last: 111966600 ns, Reaching safepoint: 203800 ns, At safepoint: 4701900 ns, Total: 4905700 ns
[2020-08-27T11:16:01.862+0000][21728][gc,marking   ] GC(192) Concurrent Rebuild Remembered Sets
[2020-08-27T11:16:01.950+0000][21728][gc,marking   ] GC(192) Concurrent Rebuild Remembered Sets 88.047ms
[2020-08-27T11:16:01.950+0000][21728][gc,start     ] GC(192) Pause Cleanup
[2020-08-27T11:16:01.950+0000][21728][gc           ] GC(192) Pause Cleanup 575M->575M(1024M) 0.388ms
[2020-08-27T11:16:01.950+0000][21728][gc,cpu       ] GC(192) User=0.00s Sys=0.00s Real=0.00s
[2020-08-27T11:16:01.951+0000][21728][safepoint    ] Safepoint "G1Concurrent", Time since last: 88220500 ns, Reaching safepoint: 192300 ns, At safepoint: 584700 ns, Total: 777000 ns
[2020-08-27T11:16:01.951+0000][21728][gc,marking   ] GC(192) Concurrent Cleanup for Next Mark
[2020-08-27T11:16:01.954+0000][21728][gc,marking   ] GC(192) Concurrent Cleanup for Next Mark 1.939ms
[2020-08-27T11:16:01.954+0000][21728][gc           ] GC(192) Concurrent Cycle 208.028ms
[2020-08-27T11:16:02.109+0000][21728][gc,start     ] GC(193) Pause Young (Concurrent Start) (G1 Humongous Allocation)
[2020-08-27T11:16:02.109+0000][21728][gc,task      ] GC(193) Using 8 workers of 8 for evacuation
[2020-08-27T11:16:02.109+0000][21728][gc,age       ] GC(193) Desired survivor size 33030144 bytes, new threshold 15 (max threshold 15)
[2020-08-27T11:16:02.112+0000][21728][gc,age       ] GC(193) Age table with threshold 15 (max threshold 15)
[2020-08-27T11:16:02.112+0000][21728][gc,age       ] GC(193) - age   1:    3151216 bytes,    3151216 total
[2020-08-27T11:16:02.112+0000][21728][gc,age       ] GC(193) - age   2:      15632 bytes,    3166848 total
[2020-08-27T11:16:02.112+0000][21728][gc,age       ] GC(193) - age   3:       4520 bytes,    3171368 total
[2020-08-27T11:16:02.112+0000][21728][gc,age       ] GC(193) - age   4:       1032 bytes,    3172400 total
[2020-08-27T11:16:02.112+0000][21728][gc,age       ] GC(193) - age   5:       2320 bytes,    3174720 total
[2020-08-27T11:16:02.112+0000][21728][gc,age       ] GC(193) - age   6:       1304 bytes,    3176024 total
[2020-08-27T11:16:02.112+0000][21728][gc,age       ] GC(193) - age   7:       4920 bytes,    3180944 total
[2020-08-27T11:16:02.112+0000][21728][gc,age       ] GC(193) - age   8:      15448 bytes,    3196392 total
[2020-08-27T11:16:02.112+0000][21728][gc,age       ] GC(193) - age   9:      12320 bytes,    3208712 total
[2020-08-27T11:16:02.112+0000][21728][gc,age       ] GC(193) - age  10:       1032 bytes,    3209744 total
[2020-08-27T11:16:02.113+0000][21728][gc,age       ] GC(193) - age  11:        352 bytes,    3210096 total
[2020-08-27T11:16:02.113+0000][21728][gc,age       ] GC(193) - age  12:        632 bytes,    3210728 total
[2020-08-27T11:16:02.113+0000][21728][gc,age       ] GC(193) - age  13:       1568 bytes,    3212296 total
[2020-08-27T11:16:02.113+0000][21728][gc,age       ] GC(193) - age  14:        608 bytes,    3212904 total
[2020-08-27T11:16:02.113+0000][21728][gc,age       ] GC(193) - age  15:      45256 bytes,    3258160 total
[2020-08-27T11:16:02.113+0000][21728][gc,phases    ] GC(193)   Pre Evacuate Collection Set: 0.4ms
[2020-08-27T11:16:02.113+0000][21728][gc,phases    ] GC(193)   Merge Heap Roots: 0.1ms
[2020-08-27T11:16:02.113+0000][21728][gc,phases    ] GC(193)   Evacuate Collection Set: 1.9ms
[2020-08-27T11:16:02.113+0000][21728][gc,phases    ] GC(193)   Post Evacuate Collection Set: 0.7ms
[2020-08-27T11:16:02.113+0000][21728][gc,phases    ] GC(193)   Other: 0.9ms
[2020-08-27T11:16:02.113+0000][21728][gc,heap      ] GC(193) Eden regions: 94->0(496)
[2020-08-27T11:16:02.113+0000][21728][gc,heap      ] GC(193) Survivor regions: 3->4(63)
[2020-08-27T11:16:02.113+0000][21728][gc,heap      ] GC(193) Old regions: 78->78
[2020-08-27T11:16:02.113+0000][21728][gc,heap      ] GC(193) Archive regions: 0->0
[2020-08-27T11:16:02.113+0000][21728][gc,heap      ] GC(193) Humongous regions: 426->174
[2020-08-27T11:16:02.113+0000][21728][gc,metaspace ] GC(193) Metaspace: 86395K(92800K)->86395K(92800K) NonClass: 75297K(79104K)->75297K(79104K) Class: 11098K(13696K)->11098K(13696K)
[2020-08-27T11:16:02.113+0000][21728][gc           ] GC(193) Pause Young (Concurrent Start) (G1 Humongous Allocation) 599M->254M(1024M) 4.247ms
[2020-08-27T11:16:02.113+0000][21728][gc,cpu       ] GC(193) User=0.02s Sys=0.00s Real=0.00s
[2020-08-27T11:16:02.113+0000][21728][gc           ] GC(194) Concurrent Cycle
[2020-08-27T11:16:02.113+0000][21728][safepoint    ] Safepoint "G1TryInitiateConcMark", Time since last: 157864300 ns, Reaching safepoint: 214700 ns, At safepoint: 4426000 ns, Total: 4640700 ns
[2020-08-27T11:16:02.113+0000][21728][gc,marking   ] GC(194) Concurrent Clear Claimed Marks
[2020-08-27T11:16:02.114+0000][21728][gc,marking   ] GC(194) Concurrent Clear Claimed Marks 0.710ms
[2020-08-27T11:16:02.114+0000][21728][gc,marking   ] GC(194) Concurrent Scan Root Regions
[2020-08-27T11:16:02.118+0000][21728][gc,marking   ] GC(194) Concurrent Scan Root Regions 3.612ms
[2020-08-27T11:16:02.118+0000][21728][gc,marking   ] GC(194) Concurrent Mark (80.074s)
[2020-08-27T11:16:02.118+0000][21728][gc,marking   ] GC(194) Concurrent Mark From Roots
[2020-08-27T11:16:02.118+0000][21728][gc,task      ] GC(194) Using 2 workers of 2 for marking
[2020-08-27T11:16:02.250+0000][21728][gc,marking   ] GC(194) Concurrent Mark From Roots 132.404ms
[2020-08-27T11:16:02.250+0000][21728][gc,marking   ] GC(194) Concurrent Preclean
[2020-08-27T11:16:02.251+0000][21728][gc,marking   ] GC(194) Concurrent Preclean 0.396ms
[2020-08-27T11:16:02.251+0000][21728][gc,marking   ] GC(194) Concurrent Mark (80.074s, 80.207s) 132.937ms
[2020-08-27T11:16:02.251+0000][21728][gc,start     ] GC(194) Pause Remark
[2020-08-27T11:16:02.257+0000][21728][gc           ] GC(194) Pause Remark 324M->324M(1024M) 6.081ms
[2020-08-27T11:16:02.257+0000][21728][gc,cpu       ] GC(194) User=0.00s Sys=0.00s Real=0.01s
[2020-08-27T11:16:02.257+0000][21728][safepoint    ] Safepoint "G1Concurrent", Time since last: 137632100 ns, Reaching safepoint: 152700 ns, At safepoint: 6315400 ns, Total: 6468100 ns
[2020-08-27T11:16:02.257+0000][21728][gc,marking   ] GC(194) Concurrent Rebuild Remembered Sets
[2020-08-27T11:16:02.349+0000][21728][gc,marking   ] GC(194) Concurrent Rebuild Remembered Sets 91.380ms
[2020-08-27T11:16:02.349+0000][21728][gc,start     ] GC(194) Pause Cleanup
[2020-08-27T11:16:02.350+0000][21728][gc           ] GC(194) Pause Cleanup 394M->394M(1024M) 0.385ms
[2020-08-27T11:16:02.350+0000][21728][gc,cpu       ] GC(194) User=0.00s Sys=0.00s Real=0.00s
[2020-08-27T11:16:02.351+0000][21728][safepoint    ] Safepoint "G1Concurrent", Time since last: 91628600 ns, Reaching safepoint: 526200 ns, At safepoint: 1838100 ns, Total: 2364300 ns
[2020-08-27T11:16:02.351+0000][21728][gc,marking   ] GC(194) Concurrent Cleanup for Next Mark
[2020-08-27T11:16:02.354+0000][21728][gc,marking   ] GC(194) Concurrent Cleanup for Next Mark 2.401ms
[2020-08-27T11:16:02.354+0000][21728][gc           ] GC(194) Concurrent Cycle 240.816ms
[2020-08-27T11:16:02.354+0000][21728][gc,start     ] GC(195) Pause Young (Concurrent Start) (G1 Humongous Allocation)
[2020-08-27T11:16:02.355+0000][21728][gc,task      ] GC(195) Using 8 workers of 8 for evacuation
[2020-08-27T11:16:02.355+0000][21728][gc,age       ] GC(195) Desired survivor size 33030144 bytes, new threshold 15 (max threshold 15)
[2020-08-27T11:16:02.360+0000][21728][gc,age       ] GC(195) Age table with threshold 15 (max threshold 15)
[2020-08-27T11:16:02.360+0000][21728][gc,age       ] GC(195) - age   1:   12141720 bytes,   12141720 total
[2020-08-27T11:16:02.360+0000][21728][gc,age       ] GC(195) - age   2:      12456 bytes,   12154176 total
[2020-08-27T11:16:02.360+0000][21728][gc,age       ] GC(195) - age   3:      11752 bytes,   12165928 total
[2020-08-27T11:16:02.360+0000][21728][gc,age       ] GC(195) - age   4:       3888 bytes,   12169816 total
[2020-08-27T11:16:02.360+0000][21728][gc,age       ] GC(195) - age   5:       1032 bytes,   12170848 total
[2020-08-27T11:16:02.360+0000][21728][gc,age       ] GC(195) - age   6:       2016 bytes,   12172864 total
[2020-08-27T11:16:02.360+0000][21728][gc,age       ] GC(195) - age   7:       1112 bytes,   12173976 total
[2020-08-27T11:16:02.360+0000][21728][gc,age       ] GC(195) - age   8:       4888 bytes,   12178864 total
[2020-08-27T11:16:02.360+0000][21728][gc,age       ] GC(195) - age   9:      15448 bytes,   12194312 total
[2020-08-27T11:16:02.360+0000][21728][gc,age       ] GC(195) - age  10:      12320 bytes,   12206632 total
[2020-08-27T11:16:02.360+0000][21728][gc,age       ] GC(195) - age  11:       1032 bytes,   12207664 total
[2020-08-27T11:16:02.360+0000][21728][gc,age       ] GC(195) - age  12:        352 bytes,   12208016 total
[2020-08-27T11:16:02.361+0000][21728][gc,age       ] GC(195) - age  13:        632 bytes,   12208648 total
[2020-08-27T11:16:02.361+0000][21728][gc,age       ] GC(195) - age  14:       1568 bytes,   12210216 total
[2020-08-27T11:16:02.361+0000][21728][gc,age       ] GC(195) - age  15:        608 bytes,   12210824 total
[2020-08-27T11:16:02.361+0000][21728][gc,phases    ] GC(195)   Pre Evacuate Collection Set: 0.6ms
[2020-08-27T11:16:02.361+0000][21728][gc,phases    ] GC(195)   Merge Heap Roots: 0.1ms
[2020-08-27T11:16:02.361+0000][21728][gc,phases    ] GC(195)   Evacuate Collection Set: 3.4ms
[2020-08-27T11:16:02.361+0000][21728][gc,phases    ] GC(195)   Post Evacuate Collection Set: 0.9ms
[2020-08-27T11:16:02.361+0000][21728][gc,phases    ] GC(195)   Other: 1.3ms
[2020-08-27T11:16:02.361+0000][21728][gc,heap      ] GC(195) Eden regions: 49->0(482)
[2020-08-27T11:16:02.361+0000][21728][gc,heap      ] GC(195) Survivor regions: 4->12(63)
[2020-08-27T11:16:02.361+0000][21728][gc,heap      ] GC(195) Old regions: 78->78
[2020-08-27T11:16:02.361+0000][21728][gc,heap      ] GC(195) Archive regions: 0->0
[2020-08-27T11:16:02.361+0000][21728][gc,heap      ] GC(195) Humongous regions: 277->174
[2020-08-27T11:16:02.361+0000][21728][gc,metaspace ] GC(195) Metaspace: 86408K(92800K)->86408K(92800K) NonClass: 75310K(79104K)->75310K(79104K) Class: 11098K(13696K)->11098K(13696K)
[2020-08-27T11:16:02.361+0000][21728][gc           ] GC(195) Pause Young (Concurrent Start) (G1 Humongous Allocation) 406M->263M(1024M) 6.726ms
[2020-08-27T11:16:02.361+0000][21728][gc,cpu       ] GC(195) User=0.02s Sys=0.05s Real=0.01s
[2020-08-27T11:16:02.361+0000][21728][gc           ] GC(196) Concurrent Cycle
[2020-08-27T11:16:02.361+0000][21728][gc,marking   ] GC(196) Concurrent Clear Claimed Marks
[2020-08-27T11:16:02.362+0000][21728][safepoint    ] Safepoint "G1TryInitiateConcMark", Time since last: 2763100 ns, Reaching safepoint: 439600 ns, At safepoint: 7139300 ns, Total: 7578900 ns
[2020-08-27T11:16:02.362+0000][21728][gc,marking   ] GC(196) Concurrent Clear Claimed Marks 0.458ms
[2020-08-27T11:16:02.362+0000][21728][gc,marking   ] GC(196) Concurrent Scan Root Regions
[2020-08-27T11:16:02.365+0000][21728][gc,marking   ] GC(196) Concurrent Scan Root Regions 3.378ms
[2020-08-27T11:16:02.365+0000][21728][gc,marking   ] GC(196) Concurrent Mark (80.322s)
[2020-08-27T11:16:02.365+0000][21728][gc,marking   ] GC(196) Concurrent Mark From Roots
[2020-08-27T11:16:02.365+0000][21728][gc,task      ] GC(196) Using 2 workers of 2 for marking
[2020-08-27T11:16:02.539+0000][21728][gc,marking   ] GC(196) Concurrent Mark From Roots 173.308ms
[2020-08-27T11:16:02.539+0000][21728][gc,marking   ] GC(196) Concurrent Preclean
[2020-08-27T11:16:02.540+0000][21728][gc,marking   ] GC(196) Concurrent Preclean 0.652ms
[2020-08-27T11:16:02.540+0000][21728][gc,marking   ] GC(196) Concurrent Mark (80.322s, 80.496s) 174.157ms
[2020-08-27T11:16:02.540+0000][21728][gc,start     ] GC(196) Pause Remark
[2020-08-27T11:16:02.546+0000][21728][gc           ] GC(196) Pause Remark 452M->452M(1024M) 5.830ms
[2020-08-27T11:16:02.546+0000][21728][gc,cpu       ] GC(196) User=0.00s Sys=0.00s Real=0.01s
[2020-08-27T11:16:02.546+0000][21728][safepoint    ] Safepoint "G1Concurrent", Time since last: 178128000 ns, Reaching safepoint: 210200 ns, At safepoint: 6136000 ns, Total: 6346200 ns
[2020-08-27T11:16:02.547+0000][21728][gc,marking   ] GC(196) Concurrent Rebuild Remembered Sets
[2020-08-27T11:16:02.640+0000][21728][gc,marking   ] GC(196) Concurrent Rebuild Remembered Sets 93.415ms
[2020-08-27T11:16:02.640+0000][21728][gc,start     ] GC(196) Pause Cleanup
[2020-08-27T11:16:02.641+0000][21728][gc           ] GC(196) Pause Cleanup 456M->456M(1024M) 0.405ms
[2020-08-27T11:16:02.641+0000][21728][gc,cpu       ] GC(196) User=0.00s Sys=0.00s Real=0.00s
[2020-08-27T11:16:02.641+0000][21728][safepoint    ] Safepoint "G1Concurrent", Time since last: 93610100 ns, Reaching safepoint: 194600 ns, At safepoint: 740000 ns, Total: 934600 ns
[2020-08-27T11:16:02.641+0000][21728][gc,marking   ] GC(196) Concurrent Cleanup for Next Mark
[2020-08-27T11:16:02.643+0000][21728][gc,marking   ] GC(196) Concurrent Cleanup for Next Mark 1.938ms
[2020-08-27T11:16:02.643+0000][21728][gc           ] GC(196) Concurrent Cycle 281.400ms
[2020-08-27T11:16:02.672+0000][21728][gc,start     ] GC(197) Pause Young (Concurrent Start) (G1 Humongous Allocation)
[2020-08-27T11:16:02.672+0000][21728][gc,task      ] GC(197) Using 8 workers of 8 for evacuation
[2020-08-27T11:16:02.672+0000][21728][gc,age       ] GC(197) Desired survivor size 32505856 bytes, new threshold 15 (max threshold 15)
[2020-08-27T11:16:02.676+0000][21728][gc,age       ] GC(197) Age table with threshold 15 (max threshold 15)
[2020-08-27T11:16:02.676+0000][21728][gc,age       ] GC(197) - age   1:     408048 bytes,     408048 total
[2020-08-27T11:16:02.676+0000][21728][gc,age       ] GC(197) - age   2:    4160520 bytes,    4568568 total
[2020-08-27T11:16:02.676+0000][21728][gc,age       ] GC(197) - age   3:      12456 bytes,    4581024 total
[2020-08-27T11:16:02.676+0000][21728][gc,age       ] GC(197) - age   4:      10960 bytes,    4591984 total
[2020-08-27T11:16:02.676+0000][21728][gc,age       ] GC(197) - age   5:       3752 bytes,    4595736 total
[2020-08-27T11:16:02.676+0000][21728][gc,age       ] GC(197) - age   6:       1032 bytes,    4596768 total
[2020-08-27T11:16:02.676+0000][21728][gc,age       ] GC(197) - age   7:       1952 bytes,    4598720 total
[2020-08-27T11:16:02.676+0000][21728][gc,age       ] GC(197) - age   8:       1112 bytes,    4599832 total
[2020-08-27T11:16:02.676+0000][21728][gc,age       ] GC(197) - age   9:       4888 bytes,    4604720 total
[2020-08-27T11:16:02.676+0000][21728][gc,age       ] GC(197) - age  10:      15448 bytes,    4620168 total
[2020-08-27T11:16:02.676+0000][21728][gc,age       ] GC(197) - age  11:      12320 bytes,    4632488 total
[2020-08-27T11:16:02.676+0000][21728][gc,age       ] GC(197) - age  12:       1032 bytes,    4633520 total
[2020-08-27T11:16:02.676+0000][21728][gc,age       ] GC(197) - age  13:        352 bytes,    4633872 total
[2020-08-27T11:16:02.676+0000][21728][gc,age       ] GC(197) - age  14:        632 bytes,    4634504 total
[2020-08-27T11:16:02.676+0000][21728][gc,age       ] GC(197) - age  15:       1568 bytes,    4636072 total
[2020-08-27T11:16:02.676+0000][21728][gc,phases    ] GC(197)   Pre Evacuate Collection Set: 0.5ms
[2020-08-27T11:16:02.676+0000][21728][gc,phases    ] GC(197)   Merge Heap Roots: 0.1ms
[2020-08-27T11:16:02.676+0000][21728][gc,phases    ] GC(197)   Evacuate Collection Set: 2.3ms
[2020-08-27T11:16:02.676+0000][21728][gc,phases    ] GC(197)   Post Evacuate Collection Set: 1.0ms
[2020-08-27T11:16:02.677+0000][21728][gc,phases    ] GC(197)   Other: 1.0ms
[2020-08-27T11:16:02.677+0000][21728][gc,heap      ] GC(197) Eden regions: 44->0(493)
[2020-08-27T11:16:02.677+0000][21728][gc,heap      ] GC(197) Survivor regions: 12->5(62)
[2020-08-27T11:16:02.677+0000][21728][gc,heap      ] GC(197) Old regions: 78->78
[2020-08-27T11:16:02.677+0000][21728][gc,heap      ] GC(197) Archive regions: 0->0
[2020-08-27T11:16:02.677+0000][21728][gc,heap      ] GC(197) Humongous regions: 327->174
[2020-08-27T11:16:02.677+0000][21728][gc,metaspace ] GC(197) Metaspace: 86408K(92800K)->86408K(92800K) NonClass: 75310K(79104K)->75310K(79104K) Class: 11098K(13696K)->11098K(13696K)
[2020-08-27T11:16:02.677+0000][21728][gc           ] GC(197) Pause Young (Concurrent Start) (G1 Humongous Allocation) 460M->256M(1024M) 5.274ms
[2020-08-27T11:16:02.677+0000][21728][gc,cpu       ] GC(197) User=0.11s Sys=0.00s Real=0.01s
[2020-08-27T11:16:02.677+0000][21728][gc           ] GC(198) Concurrent Cycle
[2020-08-27T11:16:02.677+0000][21728][gc,marking   ] GC(198) Concurrent Clear Claimed Marks
[2020-08-27T11:16:02.677+0000][21728][gc,marking   ] GC(198) Concurrent Clear Claimed Marks 0.345ms
[2020-08-27T11:16:02.677+0000][21728][gc,marking   ] GC(198) Concurrent Scan Root Regions
[2020-08-27T11:16:02.679+0000][21728][safepoint    ] Safepoint "G1TryInitiateConcMark", Time since last: 30406500 ns, Reaching safepoint: 173900 ns, At safepoint: 7874500 ns, Total: 8048400 ns
[2020-08-27T11:16:02.679+0000][21728][gc,marking   ] GC(198) Concurrent Scan Root Regions 1.922ms
[2020-08-27T11:16:02.680+0000][21728][gc,marking   ] GC(198) Concurrent Mark (80.636s)
[2020-08-27T11:16:02.680+0000][21728][gc,marking   ] GC(198) Concurrent Mark From Roots
[2020-08-27T11:16:02.680+0000][21728][gc,task      ] GC(198) Using 2 workers of 2 for marking
[2020-08-27T11:16:02.847+0000][21728][gc,marking   ] GC(198) Concurrent Mark From Roots 167.587ms
[2020-08-27T11:16:02.847+0000][21728][gc,marking   ] GC(198) Concurrent Preclean
[2020-08-27T11:16:02.848+0000][21728][gc,marking   ] GC(198) Concurrent Preclean 0.612ms
[2020-08-27T11:16:02.848+0000][21728][gc,marking   ] GC(198) Concurrent Mark (80.636s, 80.804s) 168.405ms
[2020-08-27T11:16:02.848+0000][21728][gc,start     ] GC(198) Pause Remark
[2020-08-27T11:16:02.854+0000][21728][gc           ] GC(198) Pause Remark 328M->328M(1024M) 5.770ms
[2020-08-27T11:16:02.854+0000][21728][gc,cpu       ] GC(198) User=0.00s Sys=0.00s Real=0.01s
[2020-08-27T11:16:02.854+0000][21728][safepoint    ] Safepoint "G1Concurrent", Time since last: 168654400 ns, Reaching safepoint: 161000 ns, At safepoint: 5970100 ns, Total: 6131100 ns
[2020-08-27T11:16:02.854+0000][21728][gc,marking   ] GC(198) Concurrent Rebuild Remembered Sets
[2020-08-27T11:16:02.956+0000][21728][gc,marking   ] GC(198) Concurrent Rebuild Remembered Sets 101.418ms
[2020-08-27T11:16:02.957+0000][21728][gc,start     ] GC(198) Pause Cleanup
[2020-08-27T11:16:02.957+0000][21728][gc           ] GC(198) Pause Cleanup 338M->338M(1024M) 0.384ms
[2020-08-27T11:16:02.957+0000][21728][gc,cpu       ] GC(198) User=0.00s Sys=0.00s Real=0.00s
[2020-08-27T11:16:02.959+0000][21728][safepoint    ] Safepoint "G1Concurrent", Time since last: 101625900 ns, Reaching safepoint: 200200 ns, At safepoint: 2563200 ns, Total: 2763400 ns
[2020-08-27T11:16:02.959+0000][21728][gc,marking   ] GC(198) Concurrent Cleanup for Next Mark
[2020-08-27T11:16:02.961+0000][21728][gc,marking   ] GC(198) Concurrent Cleanup for Next Mark 2.004ms
[2020-08-27T11:16:02.961+0000][21728][gc           ] GC(198) Concurrent Cycle 283.887ms
[2020-08-27T11:16:03.001+0000][21728][gc,start     ] GC(199) Pause Young (Concurrent Start) (G1 Humongous Allocation)
[2020-08-27T11:16:03.001+0000][21728][gc,task      ] GC(199) Using 8 workers of 8 for evacuation
[2020-08-27T11:16:03.001+0000][21728][gc,age       ] GC(199) Desired survivor size 33030144 bytes, new threshold 15 (max threshold 15)
[2020-08-27T11:16:03.007+0000][21728][gc,age       ] GC(199) Age table with threshold 15 (max threshold 15)
[2020-08-27T11:16:03.007+0000][21728][gc,age       ] GC(199) - age   1:   13582832 bytes,   13582832 total
[2020-08-27T11:16:03.007+0000][21728][gc,age       ] GC(199) - age   2:       1128 bytes,   13583960 total
[2020-08-27T11:16:03.007+0000][21728][gc,age       ] GC(199) - age   3:       2032 bytes,   13585992 total
[2020-08-27T11:16:03.007+0000][21728][gc,age       ] GC(199) - age   4:      11368 bytes,   13597360 total
[2020-08-27T11:16:03.007+0000][21728][gc,age       ] GC(199) - age   5:      10752 bytes,   13608112 total
[2020-08-27T11:16:03.007+0000][21728][gc,age       ] GC(199) - age   6:       3496 bytes,   13611608 total
[2020-08-27T11:16:03.007+0000][21728][gc,age       ] GC(199) - age   7:       1032 bytes,   13612640 total
[2020-08-27T11:16:03.007+0000][21728][gc,age       ] GC(199) - age   8:       1920 bytes,   13614560 total
[2020-08-27T11:16:03.007+0000][21728][gc,age       ] GC(199) - age   9:       1048 bytes,   13615608 total
[2020-08-27T11:16:03.007+0000][21728][gc,age       ] GC(199) - age  10:       4856 bytes,   13620464 total
[2020-08-27T11:16:03.007+0000][21728][gc,age       ] GC(199) - age  11:      15384 bytes,   13635848 total
[2020-08-27T11:16:03.007+0000][21728][gc,age       ] GC(199) - age  12:      12288 bytes,   13648136 total
[2020-08-27T11:16:03.007+0000][21728][gc,age       ] GC(199) - age  13:       1000 bytes,   13649136 total
[2020-08-27T11:16:03.007+0000][21728][gc,age       ] GC(199) - age  14:        352 bytes,   13649488 total
[2020-08-27T11:16:03.007+0000][21728][gc,age       ] GC(199) - age  15:        536 bytes,   13650024 total
[2020-08-27T11:16:03.007+0000][21728][gc,phases    ] GC(199)   Pre Evacuate Collection Set: 0.5ms
[2020-08-27T11:16:03.007+0000][21728][gc,phases    ] GC(199)   Merge Heap Roots: 0.1ms
[2020-08-27T11:16:03.007+0000][21728][gc,phases    ] GC(199)   Evacuate Collection Set: 4.0ms
[2020-08-27T11:16:03.007+0000][21728][gc,phases    ] GC(199)   Post Evacuate Collection Set: 1.0ms
[2020-08-27T11:16:03.007+0000][21728][gc,phases    ] GC(199)   Other: 1.0ms
[2020-08-27T11:16:03.007+0000][21728][gc,heap      ] GC(199) Eden regions: 55->0(477)
[2020-08-27T11:16:03.008+0000][21728][gc,heap      ] GC(199) Survivor regions: 5->14(63)
[2020-08-27T11:16:03.008+0000][21728][gc,heap      ] GC(199) Old regions: 78->78
[2020-08-27T11:16:03.008+0000][21728][gc,heap      ] GC(199) Archive regions: 0->0
[2020-08-27T11:16:03.008+0000][21728][gc,heap      ] GC(199) Humongous regions: 229->174
[2020-08-27T11:16:03.008+0000][21728][gc,metaspace ] GC(199) Metaspace: 86422K(92800K)->86422K(92800K) NonClass: 75323K(79104K)->75323K(79104K) Class: 11098K(13696K)->11098K(13696K)
[2020-08-27T11:16:03.008+0000][21728][gc           ] GC(199) Pause Young (Concurrent Start) (G1 Humongous Allocation) 365M->265M(1024M) 7.180ms
[2020-08-27T11:16:03.008+0000][21728][gc,cpu       ] GC(199) User=0.00s Sys=0.00s Real=0.01s
[2020-08-27T11:16:03.008+0000][21728][gc           ] GC(200) Concurrent Cycle
[2020-08-27T11:16:03.008+0000][21728][gc,marking   ] GC(200) Concurrent Clear Claimed Marks
[2020-08-27T11:16:03.008+0000][21728][safepoint    ] Safepoint "G1TryInitiateConcMark", Time since last: 41341600 ns, Reaching safepoint: 231200 ns, At safepoint: 7596000 ns, Total: 7827200 ns
[2020-08-27T11:16:03.008+0000][21728][gc,marking   ] GC(200) Concurrent Clear Claimed Marks 0.369ms
[2020-08-27T11:16:03.008+0000][21728][gc,marking   ] GC(200) Concurrent Scan Root Regions
[2020-08-27T11:16:03.011+0000][21728][gc,marking   ] GC(200) Concurrent Scan Root Regions 3.017ms
[2020-08-27T11:16:03.012+0000][21728][gc,marking   ] GC(200) Concurrent Mark (80.967s)
[2020-08-27T11:16:03.012+0000][21728][gc,marking   ] GC(200) Concurrent Mark From Roots
[2020-08-27T11:16:03.012+0000][21728][gc,task      ] GC(200) Using 2 workers of 2 for marking
[2020-08-27T11:16:03.196+0000][21728][gc,marking   ] GC(200) Concurrent Mark From Roots 184.048ms
[2020-08-27T11:16:03.196+0000][21728][gc,marking   ] GC(200) Concurrent Preclean
[2020-08-27T11:16:03.196+0000][21728][gc,marking   ] GC(200) Concurrent Preclean 0.578ms
[2020-08-27T11:16:03.196+0000][21728][gc,marking   ] GC(200) Concurrent Mark (80.967s, 81.152s) 184.864ms
[2020-08-27T11:16:03.200+0000][21728][gc,start     ] GC(200) Pause Remark
[2020-08-27T11:16:03.206+0000][21728][gc           ] GC(200) Pause Remark 510M->510M(1024M) 5.900ms
[2020-08-27T11:16:03.206+0000][21728][gc,cpu       ] GC(200) User=0.13s Sys=0.00s Real=0.01s
[2020-08-27T11:16:03.206+0000][21728][safepoint    ] Safepoint "G1Concurrent", Time since last: 188442800 ns, Reaching safepoint: 3158900 ns, At safepoint: 6716800 ns, Total: 9875700 ns
[2020-08-27T11:16:03.207+0000][21728][gc,marking   ] GC(200) Concurrent Rebuild Remembered Sets
[2020-08-27T11:16:03.308+0000][21728][gc,marking   ] GC(200) Concurrent Rebuild Remembered Sets 101.375ms
[2020-08-27T11:16:03.309+0000][21728][gc,start     ] GC(200) Pause Cleanup
[2020-08-27T11:16:03.309+0000][21728][gc           ] GC(200) Pause Cleanup 512M->512M(1024M) 0.339ms
[2020-08-27T11:16:03.309+0000][21728][gc,cpu       ] GC(200) User=0.00s Sys=0.00s Real=0.00s
[2020-08-27T11:16:03.309+0000][21728][safepoint    ] Safepoint "G1Concurrent", Time since last: 101751000 ns, Reaching safepoint: 606700 ns, At safepoint: 692300 ns, Total: 1299000 ns
[2020-08-27T11:16:03.310+0000][21728][gc,marking   ] GC(200) Concurrent Cleanup for Next Mark
[2020-08-27T11:16:03.311+0000][21728][gc,marking   ] GC(200) Concurrent Cleanup for Next Mark 1.705ms
[2020-08-27T11:16:03.311+0000][21728][gc           ] GC(200) Concurrent Cycle 303.496ms
[2020-08-27T11:16:03.392+0000][21728][gc,start     ] GC(201) Pause Young (Concurrent Start) (G1 Humongous Allocation)
[2020-08-27T11:16:03.393+0000][21728][gc,task      ] GC(201) Using 8 workers of 8 for evacuation
[2020-08-27T11:16:03.393+0000][21728][gc,age       ] GC(201) Desired survivor size 32505856 bytes, new threshold 15 (max threshold 15)
[2020-08-27T11:16:03.396+0000][21728][gc,age       ] GC(201) Age table with threshold 15 (max threshold 15)
[2020-08-27T11:16:03.396+0000][21728][gc,age       ] GC(201) - age   1:     473584 bytes,     473584 total
[2020-08-27T11:16:03.396+0000][21728][gc,age       ] GC(201) - age   2:    2712616 bytes,    3186200 total
[2020-08-27T11:16:03.396+0000][21728][gc,age       ] GC(201) - age   3:       1064 bytes,    3187264 total
[2020-08-27T11:16:03.397+0000][21728][gc,age       ] GC(201) - age   4:       1208 bytes,    3188472 total
[2020-08-27T11:16:03.397+0000][21728][gc,age       ] GC(201) - age   5:      11336 bytes,    3199808 total
[2020-08-27T11:16:03.397+0000][21728][gc,age       ] GC(201) - age   6:      10728 bytes,    3210536 total
[2020-08-27T11:16:03.397+0000][21728][gc,age       ] GC(201) - age   7:       3496 bytes,    3214032 total
[2020-08-27T11:16:03.397+0000][21728][gc,age       ] GC(201) - age   8:       1032 bytes,    3215064 total
[2020-08-27T11:16:03.397+0000][21728][gc,age       ] GC(201) - age   9:       1856 bytes,    3216920 total
[2020-08-27T11:16:03.397+0000][21728][gc,age       ] GC(201) - age  10:       1048 bytes,    3217968 total
[2020-08-27T11:16:03.397+0000][21728][gc,age       ] GC(201) - age  11:       4808 bytes,    3222776 total
[2020-08-27T11:16:03.397+0000][21728][gc,age       ] GC(201) - age  12:      15384 bytes,    3238160 total
[2020-08-27T11:16:03.397+0000][21728][gc,age       ] GC(201) - age  13:      12288 bytes,    3250448 total
[2020-08-27T11:16:03.397+0000][21728][gc,age       ] GC(201) - age  14:       1000 bytes,    3251448 total
[2020-08-27T11:16:03.397+0000][21728][gc,age       ] GC(201) - age  15:        352 bytes,    3251800 total
[2020-08-27T11:16:03.397+0000][21728][gc,phases    ] GC(201)   Pre Evacuate Collection Set: 0.4ms
[2020-08-27T11:16:03.397+0000][21728][gc,phases    ] GC(201)   Merge Heap Roots: 0.1ms
[2020-08-27T11:16:03.397+0000][21728][gc,phases    ] GC(201)   Evacuate Collection Set: 2.1ms
[2020-08-27T11:16:03.397+0000][21728][gc,phases    ] GC(201)   Post Evacuate Collection Set: 0.9ms
[2020-08-27T11:16:03.397+0000][21728][gc,phases    ] GC(201)   Other: 1.1ms
[2020-08-27T11:16:03.397+0000][21728][gc,heap      ] GC(201) Eden regions: 59->0(492)
[2020-08-27T11:16:03.397+0000][21728][gc,heap      ] GC(201) Survivor regions: 14->4(62)
[2020-08-27T11:16:03.397+0000][21728][gc,heap      ] GC(201) Old regions: 78->78
[2020-08-27T11:16:03.397+0000][21728][gc,heap      ] GC(201) Archive regions: 0->0
[2020-08-27T11:16:03.397+0000][21728][gc,heap      ] GC(201) Humongous regions: 375->174
[2020-08-27T11:16:03.397+0000][21728][gc,metaspace ] GC(201) Metaspace: 86428K(92800K)->86428K(92800K) NonClass: 75330K(79104K)->75330K(79104K) Class: 11098K(13696K)->11098K(13696K)
[2020-08-27T11:16:03.397+0000][21728][gc           ] GC(201) Pause Young (Concurrent Start) (G1 Humongous Allocation) 524M->255M(1024M) 5.032ms
[2020-08-27T11:16:03.398+0000][21728][gc,cpu       ] GC(201) User=0.00s Sys=0.00s Real=0.01s
[2020-08-27T11:16:03.398+0000][21728][gc           ] GC(202) Concurrent Cycle
[2020-08-27T11:16:03.398+0000][21728][safepoint    ] Safepoint "G1TryInitiateConcMark", Time since last: 82833500 ns, Reaching safepoint: 170500 ns, At safepoint: 5263700 ns, Total: 5434200 ns
[2020-08-27T11:16:03.398+0000][21728][gc,marking   ] GC(202) Concurrent Clear Claimed Marks
[2020-08-27T11:16:03.398+0000][21728][gc,marking   ] GC(202) Concurrent Clear Claimed Marks 0.411ms
[2020-08-27T11:16:03.398+0000][21728][gc,marking   ] GC(202) Concurrent Scan Root Regions
[2020-08-27T11:16:03.401+0000][21728][gc,marking   ] GC(202) Concurrent Scan Root Regions 2.529ms
[2020-08-27T11:16:03.401+0000][21728][gc,marking   ] GC(202) Concurrent Mark (81.357s)
[2020-08-27T11:16:03.401+0000][21728][gc,marking   ] GC(202) Concurrent Mark From Roots
[2020-08-27T11:16:03.401+0000][21728][gc,task      ] GC(202) Using 2 workers of 2 for marking
[2020-08-27T11:16:03.565+0000][21728][gc,marking   ] GC(202) Concurrent Mark From Roots 164.038ms
[2020-08-27T11:16:03.565+0000][21728][gc,marking   ] GC(202) Concurrent Preclean
[2020-08-27T11:16:03.566+0000][21728][gc,marking   ] GC(202) Concurrent Preclean 0.608ms
[2020-08-27T11:16:03.566+0000][21728][gc,marking   ] GC(202) Concurrent Mark (81.357s, 81.522s) 164.859ms
[2020-08-27T11:16:03.566+0000][21728][gc,start     ] GC(202) Pause Remark
[2020-08-27T11:16:03.572+0000][21728][gc           ] GC(202) Pause Remark 320M->320M(1024M) 5.956ms
[2020-08-27T11:16:03.572+0000][21728][gc,cpu       ] GC(202) User=0.00s Sys=0.00s Real=0.01s
[2020-08-27T11:16:03.572+0000][21728][safepoint    ] Safepoint "G1Concurrent", Time since last: 168142600 ns, Reaching safepoint: 160200 ns, At safepoint: 6169500 ns, Total: 6329700 ns
[2020-08-27T11:16:03.572+0000][21728][gc,marking   ] GC(202) Concurrent Rebuild Remembered Sets
[2020-08-27T11:16:03.679+0000][21728][gc,marking   ] GC(202) Concurrent Rebuild Remembered Sets 106.760ms
[2020-08-27T11:16:03.679+0000][21728][gc,start     ] GC(202) Pause Cleanup
[2020-08-27T11:16:03.680+0000][21728][gc           ] GC(202) Pause Cleanup 325M->325M(1024M) 0.317ms
[2020-08-27T11:16:03.680+0000][21728][gc,cpu       ] GC(202) User=0.00s Sys=0.00s Real=0.00s
[2020-08-27T11:16:03.680+0000][21728][safepoint    ] Safepoint "G1Concurrent", Time since last: 106950500 ns, Reaching safepoint: 160000 ns, At safepoint: 526700 ns, Total: 686700 ns
[2020-08-27T11:16:03.680+0000][21728][gc,marking   ] GC(202) Concurrent Cleanup for Next Mark
[2020-08-27T11:16:03.682+0000][21728][gc,marking   ] GC(202) Concurrent Cleanup for Next Mark 1.873ms
[2020-08-27T11:16:03.682+0000][21728][gc           ] GC(202) Concurrent Cycle 284.196ms
[2020-08-27T11:16:03.735+0000][21728][gc,start     ] GC(203) Pause Young (Concurrent Start) (G1 Humongous Allocation)
[2020-08-27T11:16:03.735+0000][21728][gc,task      ] GC(203) Using 8 workers of 8 for evacuation
[2020-08-27T11:16:03.735+0000][21728][gc,age       ] GC(203) Desired survivor size 32505856 bytes, new threshold 15 (max threshold 15)
[2020-08-27T11:16:03.741+0000][21728][gc,age       ] GC(203) Age table with threshold 15 (max threshold 15)
[2020-08-27T11:16:03.741+0000][21728][gc,age       ] GC(203) - age   1:   13403648 bytes,   13403648 total
[2020-08-27T11:16:03.741+0000][21728][gc,age       ] GC(203) - age   2:       7672 bytes,   13411320 total
[2020-08-27T11:16:03.741+0000][21728][gc,age       ] GC(203) - age   3:       4336 bytes,   13415656 total
[2020-08-27T11:16:03.741+0000][21728][gc,age       ] GC(203) - age   4:        136 bytes,   13415792 total
[2020-08-27T11:16:03.741+0000][21728][gc,age       ] GC(203) - age   5:        472 bytes,   13416264 total
[2020-08-27T11:16:03.741+0000][21728][gc,age       ] GC(203) - age   6:      11336 bytes,   13427600 total
[2020-08-27T11:16:03.741+0000][21728][gc,age       ] GC(203) - age   7:      10728 bytes,   13438328 total
[2020-08-27T11:16:03.741+0000][21728][gc,age       ] GC(203) - age   8:       3496 bytes,   13441824 total
[2020-08-27T11:16:03.741+0000][21728][gc,age       ] GC(203) - age   9:       1032 bytes,   13442856 total
[2020-08-27T11:16:03.741+0000][21728][gc,age       ] GC(203) - age  10:       1856 bytes,   13444712 total
[2020-08-27T11:16:03.741+0000][21728][gc,age       ] GC(203) - age  11:       1016 bytes,   13445728 total
[2020-08-27T11:16:03.741+0000][21728][gc,age       ] GC(203) - age  12:       4744 bytes,   13450472 total
[2020-08-27T11:16:03.741+0000][21728][gc,age       ] GC(203) - age  13:      15384 bytes,   13465856 total
[2020-08-27T11:16:03.741+0000][21728][gc,age       ] GC(203) - age  14:      12288 bytes,   13478144 total
[2020-08-27T11:16:03.741+0000][21728][gc,age       ] GC(203) - age  15:        968 bytes,   13479112 total
[2020-08-27T11:16:03.741+0000][21728][gc,phases    ] GC(203)   Pre Evacuate Collection Set: 0.5ms
[2020-08-27T11:16:03.741+0000][21728][gc,phases    ] GC(203)   Merge Heap Roots: 0.1ms
[2020-08-27T11:16:03.741+0000][21728][gc,phases    ] GC(203)   Evacuate Collection Set: 3.8ms
[2020-08-27T11:16:03.741+0000][21728][gc,phases    ] GC(203)   Post Evacuate Collection Set: 0.9ms
[2020-08-27T11:16:03.741+0000][21728][gc,phases    ] GC(203)   Other: 1.2ms
[2020-08-27T11:16:03.741+0000][21728][gc,heap      ] GC(203) Eden regions: 47->0(477)
[2020-08-27T11:16:03.742+0000][21728][gc,heap      ] GC(203) Survivor regions: 4->14(62)
[2020-08-27T11:16:03.742+0000][21728][gc,heap      ] GC(203) Old regions: 78->78
[2020-08-27T11:16:03.742+0000][21728][gc,heap      ] GC(203) Archive regions: 0->0
[2020-08-27T11:16:03.742+0000][21728][gc,heap      ] GC(203) Humongous regions: 229->174
[2020-08-27T11:16:03.742+0000][21728][gc,metaspace ] GC(203) Metaspace: 86430K(92800K)->86430K(92800K) NonClass: 75332K(79104K)->75332K(79104K) Class: 11098K(13696K)->11098K(13696K)
[2020-08-27T11:16:03.742+0000][21728][gc           ] GC(203) Pause Young (Concurrent Start) (G1 Humongous Allocation) 357M->264M(1024M) 6.901ms
[2020-08-27T11:16:03.742+0000][21728][gc,cpu       ] GC(203) User=0.03s Sys=0.00s Real=0.01s
[2020-08-27T11:16:03.742+0000][21728][gc           ] GC(204) Concurrent Cycle
[2020-08-27T11:16:03.742+0000][21728][gc,marking   ] GC(204) Concurrent Clear Claimed Marks
[2020-08-27T11:16:03.742+0000][21728][gc,marking   ] GC(204) Concurrent Clear Claimed Marks 0.311ms
[2020-08-27T11:16:03.742+0000][21728][safepoint    ] Safepoint "G1TryInitiateConcMark", Time since last: 54832900 ns, Reaching safepoint: 237700 ns, At safepoint: 7509800 ns, Total: 7747500 ns
[2020-08-27T11:16:03.742+0000][21728][gc,marking   ] GC(204) Concurrent Scan Root Regions
[2020-08-27T11:16:03.746+0000][21728][gc,marking   ] GC(204) Concurrent Scan Root Regions 3.594ms
[2020-08-27T11:16:03.746+0000][21728][gc,marking   ] GC(204) Concurrent Mark (81.702s)
[2020-08-27T11:16:03.746+0000][21728][gc,marking   ] GC(204) Concurrent Mark From Roots
[2020-08-27T11:16:03.746+0000][21728][gc,task      ] GC(204) Using 2 workers of 2 for marking
[2020-08-27T11:16:03.914+0000][21728][gc,marking   ] GC(204) Concurrent Mark From Roots 168.554ms
[2020-08-27T11:16:03.914+0000][21728][gc,marking   ] GC(204) Concurrent Preclean
[2020-08-27T11:16:03.915+0000][21728][gc,marking   ] GC(204) Concurrent Preclean 0.607ms
[2020-08-27T11:16:03.915+0000][21728][gc,marking   ] GC(204) Concurrent Mark (81.702s, 81.871s) 169.362ms
[2020-08-27T11:16:03.915+0000][21728][gc,start     ] GC(204) Pause Remark
[2020-08-27T11:16:03.921+0000][21728][gc           ] GC(204) Pause Remark 509M->509M(1024M) 5.480ms
[2020-08-27T11:16:03.921+0000][21728][gc,cpu       ] GC(204) User=0.00s Sys=0.00s Real=0.01s
[2020-08-27T11:16:03.921+0000][21728][safepoint    ] Safepoint "G1Concurrent", Time since last: 173277900 ns, Reaching safepoint: 176300 ns, At safepoint: 5707200 ns, Total: 5883500 ns
[2020-08-27T11:16:03.921+0000][21728][gc,marking   ] GC(204) Concurrent Rebuild Remembered Sets
[2020-08-27T11:16:04.027+0000][21728][gc,marking   ] GC(204) Concurrent Rebuild Remembered Sets 105.547ms
[2020-08-27T11:16:04.027+0000][21728][gc,start     ] GC(204) Pause Cleanup
[2020-08-27T11:16:04.027+0000][21728][gc           ] GC(204) Pause Cleanup 583M->583M(1024M) 0.320ms
[2020-08-27T11:16:04.027+0000][21728][gc,cpu       ] GC(204) User=0.00s Sys=0.00s Real=0.00s
[2020-08-27T11:16:04.027+0000][21728][safepoint    ] Safepoint "G1Concurrent", Time since last: 105763800 ns, Reaching safepoint: 150000 ns, At safepoint: 505700 ns, Total: 655700 ns
[2020-08-27T11:16:04.027+0000][21728][gc,marking   ] GC(204) Concurrent Cleanup for Next Mark
[2020-08-27T11:16:04.029+0000][21728][gc,marking   ] GC(204) Concurrent Cleanup for Next Mark 1.811ms
[2020-08-27T11:16:04.029+0000][21728][gc           ] GC(204) Concurrent Cycle 288.048ms
[2020-08-27T11:16:04.196+0000][21728][gc,start     ] GC(205) Pause Young (Concurrent Start) (G1 Humongous Allocation)
[2020-08-27T11:16:04.196+0000][21728][gc,task      ] GC(205) Using 8 workers of 8 for evacuation
[2020-08-27T11:16:04.196+0000][21728][gc,age       ] GC(205) Desired survivor size 32505856 bytes, new threshold 15 (max threshold 15)
[2020-08-27T11:16:04.201+0000][21728][gc,age       ] GC(205) Age table with threshold 15 (max threshold 15)
[2020-08-27T11:16:04.201+0000][21728][gc,age       ] GC(205) - age   1:   10911976 bytes,   10911976 total
[2020-08-27T11:16:04.201+0000][21728][gc,age       ] GC(205) - age   2:       3240 bytes,   10915216 total
[2020-08-27T11:16:04.201+0000][21728][gc,age       ] GC(205) - age   3:       7224 bytes,   10922440 total
[2020-08-27T11:16:04.201+0000][21728][gc,age       ] GC(205) - age   4:       3264 bytes,   10925704 total
[2020-08-27T11:16:04.201+0000][21728][gc,age       ] GC(205) - age   5:        136 bytes,   10925840 total
[2020-08-27T11:16:04.201+0000][21728][gc,age       ] GC(205) - age   6:        472 bytes,   10926312 total
[2020-08-27T11:16:04.201+0000][21728][gc,age       ] GC(205) - age   7:      11336 bytes,   10937648 total
[2020-08-27T11:16:04.201+0000][21728][gc,age       ] GC(205) - age   8:      10696 bytes,   10948344 total
[2020-08-27T11:16:04.201+0000][21728][gc,age       ] GC(205) - age   9:       3496 bytes,   10951840 total
[2020-08-27T11:16:04.201+0000][21728][gc,age       ] GC(205) - age  10:       1000 bytes,   10952840 total
[2020-08-27T11:16:04.201+0000][21728][gc,age       ] GC(205) - age  11:       1856 bytes,   10954696 total
[2020-08-27T11:16:04.201+0000][21728][gc,age       ] GC(205) - age  12:       1016 bytes,   10955712 total
[2020-08-27T11:16:04.201+0000][21728][gc,age       ] GC(205) - age  13:       4744 bytes,   10960456 total
[2020-08-27T11:16:04.201+0000][21728][gc,age       ] GC(205) - age  14:      15352 bytes,   10975808 total
[2020-08-27T11:16:04.201+0000][21728][gc,age       ] GC(205) - age  15:      12224 bytes,   10988032 total
[2020-08-27T11:16:04.201+0000][21728][gc,phases    ] GC(205)   Pre Evacuate Collection Set: 0.4ms
[2020-08-27T11:16:04.201+0000][21728][gc,phases    ] GC(205)   Merge Heap Roots: 0.1ms
[2020-08-27T11:16:04.201+0000][21728][gc,phases    ] GC(205)   Evacuate Collection Set: 3.1ms
[2020-08-27T11:16:04.201+0000][21728][gc,phases    ] GC(205)   Post Evacuate Collection Set: 0.9ms
[2020-08-27T11:16:04.202+0000][21728][gc,phases    ] GC(205)   Other: 0.9ms
[2020-08-27T11:16:04.202+0000][21728][gc,heap      ] GC(205) Eden regions: 98->0(477)
[2020-08-27T11:16:04.202+0000][21728][gc,heap      ] GC(205) Survivor regions: 14->12(62)
[2020-08-27T11:16:04.202+0000][21728][gc,heap      ] GC(205) Old regions: 78->78
[2020-08-27T11:16:04.202+0000][21728][gc,heap      ] GC(205) Archive regions: 0->0
[2020-08-27T11:16:04.202+0000][21728][gc,heap      ] GC(205) Humongous regions: 427->174
[2020-08-27T11:16:04.202+0000][21728][gc,metaspace ] GC(205) Metaspace: 86451K(92800K)->86451K(92800K) NonClass: 75352K(79104K)->75352K(79104K) Class: 11098K(13696K)->11098K(13696K)
[2020-08-27T11:16:04.202+0000][21728][gc           ] GC(205) Pause Young (Concurrent Start) (G1 Humongous Allocation) 615M->262M(1024M) 5.639ms
[2020-08-27T11:16:04.202+0000][21728][gc,cpu       ] GC(205) User=0.00s Sys=0.00s Real=0.01s
[2020-08-27T11:16:04.202+0000][21728][gc           ] GC(206) Concurrent Cycle
[2020-08-27T11:16:04.202+0000][21728][gc,marking   ] GC(206) Concurrent Clear Claimed Marks
[2020-08-27T11:16:04.202+0000][21728][safepoint    ] Safepoint "G1TryInitiateConcMark", Time since last: 168392800 ns, Reaching safepoint: 277000 ns, At safepoint: 5971900 ns, Total: 6248900 ns
[2020-08-27T11:16:04.202+0000][21728][gc,marking   ] GC(206) Concurrent Clear Claimed Marks 0.426ms
[2020-08-27T11:16:04.202+0000][21728][gc,marking   ] GC(206) Concurrent Scan Root Regions
[2020-08-27T11:16:04.206+0000][21728][gc,marking   ] GC(206) Concurrent Scan Root Regions 3.980ms
[2020-08-27T11:16:04.207+0000][21728][gc,marking   ] GC(206) Concurrent Mark (82.163s)
[2020-08-27T11:16:04.207+0000][21728][gc,marking   ] GC(206) Concurrent Mark From Roots
[2020-08-27T11:16:04.207+0000][21728][gc,task      ] GC(206) Using 2 workers of 2 for marking
[2020-08-27T11:16:04.374+0000][21728][gc,marking   ] GC(206) Concurrent Mark From Roots 166.959ms
[2020-08-27T11:16:04.374+0000][21728][gc,marking   ] GC(206) Concurrent Preclean
[2020-08-27T11:16:04.375+0000][21728][gc,marking   ] GC(206) Concurrent Preclean 0.857ms
[2020-08-27T11:16:04.375+0000][21728][gc,marking   ] GC(206) Concurrent Mark (82.163s, 82.331s) 168.107ms
[2020-08-27T11:16:04.375+0000][21728][gc,start     ] GC(206) Pause Remark
[2020-08-27T11:16:04.381+0000][21728][gc           ] GC(206) Pause Remark 509M->509M(1024M) 5.859ms
[2020-08-27T11:16:04.381+0000][21728][gc,cpu       ] GC(206) User=0.03s Sys=0.00s Real=0.01s
[2020-08-27T11:16:04.381+0000][21728][safepoint    ] Safepoint "G1Concurrent", Time since last: 172759800 ns, Reaching safepoint: 355200 ns, At safepoint: 6332600 ns, Total: 6687800 ns
[2020-08-27T11:16:04.382+0000][21728][gc,marking   ] GC(206) Concurrent Rebuild Remembered Sets
[2020-08-27T11:16:04.484+0000][21728][gc,marking   ] GC(206) Concurrent Rebuild Remembered Sets 102.805ms
[2020-08-27T11:16:04.485+0000][21728][gc,start     ] GC(206) Pause Cleanup
[2020-08-27T11:16:04.486+0000][21728][gc           ] GC(206) Pause Cleanup 512M->512M(1024M) 0.614ms
[2020-08-27T11:16:04.486+0000][21728][gc,cpu       ] GC(206) User=0.00s Sys=0.00s Real=0.00s
[2020-08-27T11:16:04.486+0000][21728][safepoint    ] Safepoint "G1Concurrent", Time since last: 103057500 ns, Reaching safepoint: 435900 ns, At safepoint: 833900 ns, Total: 1269800 ns
[2020-08-27T11:16:04.486+0000][21728][gc,marking   ] GC(206) Concurrent Cleanup for Next Mark
[2020-08-27T11:16:04.488+0000][21728][gc,marking   ] GC(206) Concurrent Cleanup for Next Mark 1.790ms
[2020-08-27T11:16:04.488+0000][21728][gc           ] GC(206) Concurrent Cycle 285.980ms
[2020-08-27T11:16:04.544+0000][21728][gc,start     ] GC(207) Pause Young (Concurrent Start) (G1 Humongous Allocation)
[2020-08-27T11:16:04.544+0000][21728][gc,task      ] GC(207) Using 8 workers of 8 for evacuation
[2020-08-27T11:16:04.544+0000][21728][gc,age       ] GC(207) Desired survivor size 32505856 bytes, new threshold 15 (max threshold 15)
[2020-08-27T11:16:04.548+0000][21728][gc,age       ] GC(207) Age table with threshold 15 (max threshold 15)
[2020-08-27T11:16:04.548+0000][21728][gc,age       ] GC(207) - age   1:     174992 bytes,     174992 total
[2020-08-27T11:16:04.548+0000][21728][gc,age       ] GC(207) - age   2:    2766224 bytes,    2941216 total
[2020-08-27T11:16:04.548+0000][21728][gc,age       ] GC(207) - age   3:       1856 bytes,    2943072 total
[2020-08-27T11:16:04.548+0000][21728][gc,age       ] GC(207) - age   4:       6952 bytes,    2950024 total
[2020-08-27T11:16:04.548+0000][21728][gc,age       ] GC(207) - age   5:       3240 bytes,    2953264 total
[2020-08-27T11:16:04.548+0000][21728][gc,age       ] GC(207) - age   6:        136 bytes,    2953400 total
[2020-08-27T11:16:04.548+0000][21728][gc,age       ] GC(207) - age   7:        472 bytes,    2953872 total
[2020-08-27T11:16:04.548+0000][21728][gc,age       ] GC(207) - age   8:      11336 bytes,    2965208 total
[2020-08-27T11:16:04.548+0000][21728][gc,age       ] GC(207) - age   9:      10696 bytes,    2975904 total
[2020-08-27T11:16:04.549+0000][21728][gc,age       ] GC(207) - age  10:       3496 bytes,    2979400 total
[2020-08-27T11:16:04.549+0000][21728][gc,age       ] GC(207) - age  11:       1000 bytes,    2980400 total
[2020-08-27T11:16:04.549+0000][21728][gc,age       ] GC(207) - age  12:       1856 bytes,    2982256 total
[2020-08-27T11:16:04.549+0000][21728][gc,age       ] GC(207) - age  13:       1016 bytes,    2983272 total
[2020-08-27T11:16:04.549+0000][21728][gc,age       ] GC(207) - age  14:       4744 bytes,    2988016 total
[2020-08-27T11:16:04.549+0000][21728][gc,age       ] GC(207) - age  15:      15112 bytes,    3003128 total
[2020-08-27T11:16:04.549+0000][21728][gc,phases    ] GC(207)   Pre Evacuate Collection Set: 0.5ms
[2020-08-27T11:16:04.549+0000][21728][gc,phases    ] GC(207)   Merge Heap Roots: 0.1ms
[2020-08-27T11:16:04.549+0000][21728][gc,phases    ] GC(207)   Evacuate Collection Set: 2.3ms
[2020-08-27T11:16:04.549+0000][21728][gc,phases    ] GC(207)   Post Evacuate Collection Set: 0.8ms
[2020-08-27T11:16:04.549+0000][21728][gc,phases    ] GC(207)   Other: 1.2ms
[2020-08-27T11:16:04.549+0000][21728][gc,heap      ] GC(207) Eden regions: 55->0(491)
[2020-08-27T11:16:04.549+0000][21728][gc,heap      ] GC(207) Survivor regions: 12->4(62)
[2020-08-27T11:16:04.549+0000][21728][gc,heap      ] GC(207) Old regions: 78->78
[2020-08-27T11:16:04.549+0000][21728][gc,heap      ] GC(207) Archive regions: 0->0
[2020-08-27T11:16:04.549+0000][21728][gc,heap      ] GC(207) Humongous regions: 378->174
[2020-08-27T11:16:04.549+0000][21728][gc,metaspace ] GC(207) Metaspace: 86451K(92800K)->86451K(92800K) NonClass: 75352K(79104K)->75352K(79104K) Class: 11098K(13696K)->11098K(13696K)
[2020-08-27T11:16:04.549+0000][21728][gc           ] GC(207) Pause Young (Concurrent Start) (G1 Humongous Allocation) 521M->255M(1024M) 5.261ms
[2020-08-27T11:16:04.549+0000][21728][gc,cpu       ] GC(207) User=0.13s Sys=0.00s Real=0.01s
[2020-08-27T11:16:04.549+0000][21728][gc           ] GC(208) Concurrent Cycle
[2020-08-27T11:16:04.549+0000][21728][gc,marking   ] GC(208) Concurrent Clear Claimed Marks
[2020-08-27T11:16:04.550+0000][21728][safepoint    ] Safepoint "G1TryInitiateConcMark", Time since last: 57967000 ns, Reaching safepoint: 206400 ns, At safepoint: 5664900 ns, Total: 5871300 ns
[2020-08-27T11:16:04.550+0000][21728][gc,marking   ] GC(208) Concurrent Clear Claimed Marks 0.387ms
[2020-08-27T11:16:04.550+0000][21728][gc,marking   ] GC(208) Concurrent Scan Root Regions
[2020-08-27T11:16:04.553+0000][21728][gc,marking   ] GC(208) Concurrent Scan Root Regions 3.040ms
[2020-08-27T11:16:04.553+0000][21728][gc,marking   ] GC(208) Concurrent Mark (82.510s)
[2020-08-27T11:16:04.553+0000][21728][gc,marking   ] GC(208) Concurrent Mark From Roots
[2020-08-27T11:16:04.553+0000][21728][gc,task      ] GC(208) Using 2 workers of 2 for marking
[2020-08-27T11:16:04.701+0000][21728][gc,marking   ] GC(208) Concurrent Mark From Roots 148.227ms
[2020-08-27T11:16:04.701+0000][21728][gc,marking   ] GC(208) Concurrent Preclean
[2020-08-27T11:16:04.702+0000][21728][gc,marking   ] GC(208) Concurrent Preclean 0.846ms
[2020-08-27T11:16:04.702+0000][21728][gc,marking   ] GC(208) Concurrent Mark (82.510s, 82.659s) 149.276ms
[2020-08-27T11:16:04.703+0000][21728][gc,start     ] GC(208) Pause Remark
[2020-08-27T11:16:04.708+0000][21728][gc           ] GC(208) Pause Remark 323M->323M(1024M) 5.525ms
[2020-08-27T11:16:04.708+0000][21728][gc,cpu       ] GC(208) User=0.03s Sys=0.00s Real=0.00s
[2020-08-27T11:16:04.708+0000][21728][safepoint    ] Safepoint "G1Concurrent", Time since last: 152824700 ns, Reaching safepoint: 161600 ns, At safepoint: 5786000 ns, Total: 5947600 ns
[2020-08-27T11:16:04.708+0000][21728][gc,marking   ] GC(208) Concurrent Rebuild Remembered Sets
[2020-08-27T11:16:04.804+0000][21728][gc,marking   ] GC(208) Concurrent Rebuild Remembered Sets 95.667ms
[2020-08-27T11:16:04.804+0000][21728][gc,start     ] GC(208) Pause Cleanup
[2020-08-27T11:16:04.805+0000][21728][gc           ] GC(208) Pause Cleanup 334M->334M(1024M) 0.282ms
[2020-08-27T11:16:04.805+0000][21728][gc,cpu       ] GC(208) User=0.00s Sys=0.00s Real=0.00s
[2020-08-27T11:16:04.805+0000][21728][safepoint    ] Safepoint "G1Concurrent", Time since last: 95829200 ns, Reaching safepoint: 211700 ns, At safepoint: 794100 ns, Total: 1005800 ns
[2020-08-27T11:16:04.805+0000][21728][gc,marking   ] GC(208) Concurrent Cleanup for Next Mark
[2020-08-27T11:16:04.807+0000][21728][gc,marking   ] GC(208) Concurrent Cleanup for Next Mark 1.499ms
[2020-08-27T11:16:04.807+0000][21728][gc           ] GC(208) Concurrent Cycle 257.568ms
[2020-08-27T11:16:04.832+0000][21728][gc,start     ] GC(209) Pause Young (Concurrent Start) (G1 Humongous Allocation)
[2020-08-27T11:16:04.832+0000][21728][gc,task      ] GC(209) Using 8 workers of 8 for evacuation
[2020-08-27T11:16:04.832+0000][21728][gc,age       ] GC(209) Desired survivor size 32505856 bytes, new threshold 15 (max threshold 15)
[2020-08-27T11:16:04.838+0000][21728][gc,age       ] GC(209) Age table with threshold 15 (max threshold 15)
[2020-08-27T11:16:04.838+0000][21728][gc,age       ] GC(209) - age   1:   13061504 bytes,   13061504 total
[2020-08-27T11:16:04.838+0000][21728][gc,age       ] GC(209) - age   2:       1608 bytes,   13063112 total
[2020-08-27T11:16:04.838+0000][21728][gc,age       ] GC(209) - age   3:       3024 bytes,   13066136 total
[2020-08-27T11:16:04.838+0000][21728][gc,age       ] GC(209) - age   4:        872 bytes,   13067008 total
[2020-08-27T11:16:04.838+0000][21728][gc,age       ] GC(209) - age   5:       6920 bytes,   13073928 total
[2020-08-27T11:16:04.838+0000][21728][gc,age       ] GC(209) - age   6:       3176 bytes,   13077104 total
[2020-08-27T11:16:04.838+0000][21728][gc,age       ] GC(209) - age   7:        136 bytes,   13077240 total
[2020-08-27T11:16:04.838+0000][21728][gc,age       ] GC(209) - age   8:        472 bytes,   13077712 total
[2020-08-27T11:16:04.838+0000][21728][gc,age       ] GC(209) - age   9:      11272 bytes,   13088984 total
[2020-08-27T11:16:04.838+0000][21728][gc,age       ] GC(209) - age  10:      10696 bytes,   13099680 total
[2020-08-27T11:16:04.838+0000][21728][gc,age       ] GC(209) - age  11:       3496 bytes,   13103176 total
[2020-08-27T11:16:04.838+0000][21728][gc,age       ] GC(209) - age  12:       1000 bytes,   13104176 total
[2020-08-27T11:16:04.839+0000][21728][gc,age       ] GC(209) - age  13:       1856 bytes,   13106032 total
[2020-08-27T11:16:04.839+0000][21728][gc,age       ] GC(209) - age  14:       1016 bytes,   13107048 total
[2020-08-27T11:16:04.839+0000][21728][gc,age       ] GC(209) - age  15:       4744 bytes,   13111792 total
[2020-08-27T11:16:04.839+0000][21728][gc,phases    ] GC(209)   Pre Evacuate Collection Set: 0.4ms
[2020-08-27T11:16:04.839+0000][21728][gc,phases    ] GC(209)   Merge Heap Roots: 0.1ms
[2020-08-27T11:16:04.839+0000][21728][gc,phases    ] GC(209)   Evacuate Collection Set: 3.7ms
[2020-08-27T11:16:04.839+0000][21728][gc,phases    ] GC(209)   Post Evacuate Collection Set: 1.0ms
[2020-08-27T11:16:04.839+0000][21728][gc,phases    ] GC(209)   Other: 1.4ms
[2020-08-27T11:16:04.839+0000][21728][gc,heap      ] GC(209) Eden regions: 46->0(475)
[2020-08-27T11:16:04.839+0000][21728][gc,heap      ] GC(209) Survivor regions: 4->14(62)
[2020-08-27T11:16:04.839+0000][21728][gc,heap      ] GC(209) Old regions: 78->78
[2020-08-27T11:16:04.839+0000][21728][gc,heap      ] GC(209) Archive regions: 0->0
[2020-08-27T11:16:04.839+0000][21728][gc,heap      ] GC(209) Humongous regions: 229->174
[2020-08-27T11:16:04.839+0000][21728][gc,metaspace ] GC(209) Metaspace: 86472K(92800K)->86472K(92800K) NonClass: 75373K(79104K)->75373K(79104K) Class: 11098K(13696K)->11098K(13696K)
[2020-08-27T11:16:04.839+0000][21728][gc           ] GC(209) Pause Young (Concurrent Start) (G1 Humongous Allocation) 355M->264M(1024M) 7.233ms
[2020-08-27T11:16:04.840+0000][21728][gc,cpu       ] GC(209) User=0.00s Sys=0.00s Real=0.01s
[2020-08-27T11:16:04.840+0000][21728][gc           ] GC(210) Concurrent Cycle
[2020-08-27T11:16:04.840+0000][21728][gc,marking   ] GC(210) Concurrent Clear Claimed Marks
[2020-08-27T11:16:04.840+0000][21728][safepoint    ] Safepoint "G1TryInitiateConcMark", Time since last: 26704700 ns, Reaching safepoint: 241400 ns, At safepoint: 7675100 ns, Total: 7916500 ns
[2020-08-27T11:16:04.840+0000][21728][gc,marking   ] GC(210) Concurrent Clear Claimed Marks 0.330ms
[2020-08-27T11:16:04.840+0000][21728][gc,marking   ] GC(210) Concurrent Scan Root Regions
[2020-08-27T11:16:04.843+0000][21728][gc,marking   ] GC(210) Concurrent Scan Root Regions 3.068ms
[2020-08-27T11:16:04.843+0000][21728][gc,marking   ] GC(210) Concurrent Mark (82.800s)
[2020-08-27T11:16:04.843+0000][21728][gc,marking   ] GC(210) Concurrent Mark From Roots
[2020-08-27T11:16:04.843+0000][21728][gc,task      ] GC(210) Using 2 workers of 2 for marking
[2020-08-27T11:16:05.011+0000][21728][gc,marking   ] GC(210) Concurrent Mark From Roots 168.192ms
[2020-08-27T11:16:05.012+0000][21728][gc,marking   ] GC(210) Concurrent Preclean
[2020-08-27T11:16:05.012+0000][21728][gc,marking   ] GC(210) Concurrent Preclean 0.644ms
[2020-08-27T11:16:05.012+0000][21728][gc,marking   ] GC(210) Concurrent Mark (82.800s, 82.969s) 169.065ms
[2020-08-27T11:16:05.013+0000][21728][gc,start     ] GC(210) Pause Remark
[2020-08-27T11:16:05.018+0000][21728][gc           ] GC(210) Pause Remark 509M->509M(1024M) 5.825ms
[2020-08-27T11:16:05.019+0000][21728][gc,cpu       ] GC(210) User=0.13s Sys=0.00s Real=0.01s
[2020-08-27T11:16:05.020+0000][21728][safepoint    ] Safepoint "G1Concurrent", Time since last: 172593400 ns, Reaching safepoint: 187300 ns, At safepoint: 6093500 ns, Total: 6280800 ns
[2020-08-27T11:16:05.020+0000][21728][gc,marking   ] GC(210) Concurrent Rebuild Remembered Sets
[2020-08-27T11:16:05.118+0000][21728][gc,marking   ] GC(210) Concurrent Rebuild Remembered Sets 99.516ms
[2020-08-27T11:16:05.119+0000][21728][gc,start     ] GC(210) Pause Cleanup
[2020-08-27T11:16:05.119+0000][21728][gc           ] GC(210) Pause Cleanup 514M->514M(1024M) 0.398ms
[2020-08-27T11:16:05.119+0000][21728][gc,cpu       ] GC(210) User=0.00s Sys=0.00s Real=0.00s
[2020-08-27T11:16:05.120+0000][21728][safepoint    ] Safepoint "G1Concurrent", Time since last: 99713900 ns, Reaching safepoint: 424000 ns, At safepoint: 1639900 ns, Total: 2063900 ns
[2020-08-27T11:16:05.121+0000][21728][gc,marking   ] GC(210) Concurrent Cleanup for Next Mark
[2020-08-27T11:16:05.122+0000][21728][gc,marking   ] GC(210) Concurrent Cleanup for Next Mark 1.649ms
[2020-08-27T11:16:05.122+0000][21728][gc           ] GC(210) Concurrent Cycle 282.716ms
[2020-08-27T11:16:05.137+0000][21728][gc,start     ] GC(211) Pause Young (Concurrent Start) (G1 Humongous Allocation)
[2020-08-27T11:16:05.137+0000][21728][gc,task      ] GC(211) Using 8 workers of 8 for evacuation
[2020-08-27T11:16:05.138+0000][21728][gc,age       ] GC(211) Desired survivor size 32505856 bytes, new threshold 15 (max threshold 15)
[2020-08-27T11:16:05.142+0000][21728][gc,age       ] GC(211) Age table with threshold 15 (max threshold 15)
[2020-08-27T11:16:05.142+0000][21728][gc,age       ] GC(211) - age   1:     338104 bytes,     338104 total
[2020-08-27T11:16:05.142+0000][21728][gc,age       ] GC(211) - age   2:    2503968 bytes,    2842072 total
[2020-08-27T11:16:05.142+0000][21728][gc,age       ] GC(211) - age   3:       1472 bytes,    2843544 total
[2020-08-27T11:16:05.142+0000][21728][gc,age       ] GC(211) - age   4:       2472 bytes,    2846016 total
[2020-08-27T11:16:05.142+0000][21728][gc,age       ] GC(211) - age   5:        840 bytes,    2846856 total
[2020-08-27T11:16:05.142+0000][21728][gc,age       ] GC(211) - age   6:       6920 bytes,    2853776 total
[2020-08-27T11:16:05.142+0000][21728][gc,age       ] GC(211) - age   7:       3176 bytes,    2856952 total
[2020-08-27T11:16:05.142+0000][21728][gc,age       ] GC(211) - age   8:        136 bytes,    2857088 total
[2020-08-27T11:16:05.142+0000][21728][gc,age       ] GC(211) - age   9:        472 bytes,    2857560 total
[2020-08-27T11:16:05.142+0000][21728][gc,age       ] GC(211) - age  10:      11272 bytes,    2868832 total
[2020-08-27T11:16:05.142+0000][21728][gc,age       ] GC(211) - age  11:      10696 bytes,    2879528 total
[2020-08-27T11:16:05.142+0000][21728][gc,age       ] GC(211) - age  12:       3496 bytes,    2883024 total
[2020-08-27T11:16:05.142+0000][21728][gc,age       ] GC(211) - age  13:       1000 bytes,    2884024 total
[2020-08-27T11:16:05.142+0000][21728][gc,age       ] GC(211) - age  14:       1856 bytes,    2885880 total
[2020-08-27T11:16:05.142+0000][21728][gc,age       ] GC(211) - age  15:       1016 bytes,    2886896 total
[2020-08-27T11:16:05.142+0000][21728][gc,phases    ] GC(211)   Pre Evacuate Collection Set: 0.6ms
[2020-08-27T11:16:05.143+0000][21728][gc,phases    ] GC(211)   Merge Heap Roots: 0.1ms
[2020-08-27T11:16:05.143+0000][21728][gc,phases    ] GC(211)   Evacuate Collection Set: 2.4ms
[2020-08-27T11:16:05.143+0000][21728][gc,phases    ] GC(211)   Post Evacuate Collection Set: 0.9ms
[2020-08-27T11:16:05.143+0000][21728][gc,phases    ] GC(211)   Other: 1.1ms
[2020-08-27T11:16:05.143+0000][21728][gc,heap      ] GC(211) Eden regions: 55->0(489)
[2020-08-27T11:16:05.143+0000][21728][gc,heap      ] GC(211) Survivor regions: 14->4(62)
[2020-08-27T11:16:05.143+0000][21728][gc,heap      ] GC(211) Old regions: 78->78
[2020-08-27T11:16:05.143+0000][21728][gc,heap      ] GC(211) Archive regions: 0->0
[2020-08-27T11:16:05.143+0000][21728][gc,heap      ] GC(211) Humongous regions: 375->174
[2020-08-27T11:16:05.143+0000][21728][gc,metaspace ] GC(211) Metaspace: 86472K(92800K)->86472K(92800K) NonClass: 75373K(79104K)->75373K(79104K) Class: 11098K(13696K)->11098K(13696K)
[2020-08-27T11:16:05.143+0000][21728][gc           ] GC(211) Pause Young (Concurrent Start) (G1 Humongous Allocation) 519M->254M(1024M) 5.597ms
[2020-08-27T11:16:05.143+0000][21728][gc,cpu       ] GC(211) User=0.05s Sys=0.00s Real=0.01s
[2020-08-27T11:16:05.143+0000][21728][gc           ] GC(212) Concurrent Cycle
[2020-08-27T11:16:05.143+0000][21728][safepoint    ] Safepoint "G1TryInitiateConcMark", Time since last: 16694300 ns, Reaching safepoint: 152200 ns, At safepoint: 5836000 ns, Total: 5988200 ns
[2020-08-27T11:16:05.143+0000][21728][gc,marking   ] GC(212) Concurrent Clear Claimed Marks
[2020-08-27T11:16:05.144+0000][21728][gc,marking   ] GC(212) Concurrent Clear Claimed Marks 0.463ms
[2020-08-27T11:16:05.144+0000][21728][gc,marking   ] GC(212) Concurrent Scan Root Regions
[2020-08-27T11:16:05.147+0000][21728][gc,marking   ] GC(212) Concurrent Scan Root Regions 3.102ms
[2020-08-27T11:16:05.147+0000][21728][gc,marking   ] GC(212) Concurrent Mark (83.103s)
[2020-08-27T11:16:05.147+0000][21728][gc,marking   ] GC(212) Concurrent Mark From Roots
[2020-08-27T11:16:05.147+0000][21728][gc,task      ] GC(212) Using 2 workers of 2 for marking
[2020-08-27T11:16:05.295+0000][21728][gc,marking   ] GC(212) Concurrent Mark From Roots 147.585ms
[2020-08-27T11:16:05.295+0000][21728][gc,marking   ] GC(212) Concurrent Preclean
[2020-08-27T11:16:05.295+0000][21728][gc,marking   ] GC(212) Concurrent Preclean 0.385ms
[2020-08-27T11:16:05.295+0000][21728][gc,marking   ] GC(212) Concurrent Mark (83.103s, 83.252s) 148.121ms
[2020-08-27T11:16:05.295+0000][21728][gc,start     ] GC(212) Pause Remark
[2020-08-27T11:16:05.301+0000][21728][gc           ] GC(212) Pause Remark 324M->324M(1024M) 5.815ms
[2020-08-27T11:16:05.301+0000][21728][gc,cpu       ] GC(212) User=0.13s Sys=0.00s Real=0.01s
[2020-08-27T11:16:05.301+0000][21728][safepoint    ] Safepoint "G1Concurrent", Time since last: 152062400 ns, Reaching safepoint: 149400 ns, At safepoint: 6047600 ns, Total: 6197000 ns
[2020-08-27T11:16:05.301+0000][21728][gc,marking   ] GC(212) Concurrent Rebuild Remembered Sets
[2020-08-27T11:16:05.389+0000][21728][gc,marking   ] GC(212) Concurrent Rebuild Remembered Sets 87.947ms
[2020-08-27T11:16:05.390+0000][21728][gc,start     ] GC(212) Pause Cleanup
[2020-08-27T11:16:05.390+0000][21728][gc           ] GC(212) Pause Cleanup 335M->335M(1024M) 0.339ms
[2020-08-27T11:16:05.390+0000][21728][gc,cpu       ] GC(212) User=0.00s Sys=0.00s Real=0.00s
[2020-08-27T11:16:05.390+0000][21728][safepoint    ] Safepoint "G1Concurrent", Time since last: 88169800 ns, Reaching safepoint: 142300 ns, At safepoint: 541600 ns, Total: 683900 ns
[2020-08-27T11:16:05.390+0000][21728][gc,marking   ] GC(212) Concurrent Cleanup for Next Mark
[2020-08-27T11:16:05.392+0000][21728][gc,marking   ] GC(212) Concurrent Cleanup for Next Mark 1.907ms
[2020-08-27T11:16:05.392+0000][21728][gc           ] GC(212) Concurrent Cycle 249.254ms
[2020-08-27T11:16:05.402+0000][21728][gc,start     ] GC(213) Pause Young (Concurrent Start) (G1 Humongous Allocation)
[2020-08-27T11:16:05.402+0000][21728][gc,task      ] GC(213) Using 8 workers of 8 for evacuation
[2020-08-27T11:16:05.403+0000][21728][gc,age       ] GC(213) Desired survivor size 32505856 bytes, new threshold 15 (max threshold 15)
[2020-08-27T11:16:05.406+0000][21728][gc,age       ] GC(213) Age table with threshold 15 (max threshold 15)
[2020-08-27T11:16:05.406+0000][21728][gc,age       ] GC(213) - age   1:    2535216 bytes,    2535216 total
[2020-08-27T11:16:05.406+0000][21728][gc,age       ] GC(213) - age   2:        656 bytes,    2535872 total
[2020-08-27T11:16:05.406+0000][21728][gc,age       ] GC(213) - age   3:       3568 bytes,    2539440 total
[2020-08-27T11:16:05.406+0000][21728][gc,age       ] GC(213) - age   4:       1168 bytes,    2540608 total
[2020-08-27T11:16:05.406+0000][21728][gc,age       ] GC(213) - age   5:       1784 bytes,    2542392 total
[2020-08-27T11:16:05.406+0000][21728][gc,age       ] GC(213) - age   6:        808 bytes,    2543200 total
[2020-08-27T11:16:05.406+0000][21728][gc,age       ] GC(213) - age   7:       6920 bytes,    2550120 total
[2020-08-27T11:16:05.406+0000][21728][gc,age       ] GC(213) - age   8:       3176 bytes,    2553296 total
[2020-08-27T11:16:05.406+0000][21728][gc,age       ] GC(213) - age   9:        136 bytes,    2553432 total
[2020-08-27T11:16:05.406+0000][21728][gc,age       ] GC(213) - age  10:        472 bytes,    2553904 total
[2020-08-27T11:16:05.406+0000][21728][gc,age       ] GC(213) - age  11:      11272 bytes,    2565176 total
[2020-08-27T11:16:05.406+0000][21728][gc,age       ] GC(213) - age  12:      10696 bytes,    2575872 total
[2020-08-27T11:16:05.406+0000][21728][gc,age       ] GC(213) - age  13:       3496 bytes,    2579368 total
[2020-08-27T11:16:05.406+0000][21728][gc,age       ] GC(213) - age  14:       1000 bytes,    2580368 total
[2020-08-27T11:16:05.406+0000][21728][gc,age       ] GC(213) - age  15:       1824 bytes,    2582192 total
[2020-08-27T11:16:05.407+0000][21728][gc,phases    ] GC(213)   Pre Evacuate Collection Set: 0.4ms
[2020-08-27T11:16:05.407+0000][21728][gc,phases    ] GC(213)   Merge Heap Roots: 0.1ms
[2020-08-27T11:16:05.407+0000][21728][gc,phases    ] GC(213)   Evacuate Collection Set: 2.1ms
[2020-08-27T11:16:05.407+0000][21728][gc,phases    ] GC(213)   Post Evacuate Collection Set: 0.7ms
[2020-08-27T11:16:05.407+0000][21728][gc,phases    ] GC(213)   Other: 1.0ms
[2020-08-27T11:16:05.407+0000][21728][gc,heap      ] GC(213) Eden regions: 34->0(494)
[2020-08-27T11:16:05.407+0000][21728][gc,heap      ] GC(213) Survivor regions: 4->3(62)
[2020-08-27T11:16:05.407+0000][21728][gc,heap      ] GC(213) Old regions: 78->78
[2020-08-27T11:16:05.407+0000][21728][gc,heap      ] GC(213) Archive regions: 0->0
[2020-08-27T11:16:05.407+0000][21728][gc,heap      ] GC(213) Humongous regions: 229->174
[2020-08-27T11:16:05.407+0000][21728][gc,metaspace ] GC(213) Metaspace: 86483K(92800K)->86483K(92800K) NonClass: 75384K(79104K)->75384K(79104K) Class: 11098K(13696K)->11098K(13696K)
[2020-08-27T11:16:05.407+0000][21728][gc           ] GC(213) Pause Young (Concurrent Start) (G1 Humongous Allocation) 343M->254M(1024M) 4.620ms
[2020-08-27T11:16:05.407+0000][21728][gc,cpu       ] GC(213) User=0.03s Sys=0.00s Real=0.01s
[2020-08-27T11:16:05.407+0000][21728][gc           ] GC(214) Concurrent Cycle
[2020-08-27T11:16:05.407+0000][21728][safepoint    ] Safepoint "G1TryInitiateConcMark", Time since last: 11859400 ns, Reaching safepoint: 199900 ns, At safepoint: 4838800 ns, Total: 5038700 ns
[2020-08-27T11:16:05.407+0000][21728][gc,marking   ] GC(214) Concurrent Clear Claimed Marks
[2020-08-27T11:16:05.408+0000][21728][gc,marking   ] GC(214) Concurrent Clear Claimed Marks 0.509ms
[2020-08-27T11:16:05.408+0000][21728][gc,marking   ] GC(214) Concurrent Scan Root Regions
[2020-08-27T11:16:05.410+0000][21728][gc,marking   ] GC(214) Concurrent Scan Root Regions 2.074ms
[2020-08-27T11:16:05.410+0000][21728][gc,marking   ] GC(214) Concurrent Mark (83.366s)
[2020-08-27T11:16:05.410+0000][21728][gc,marking   ] GC(214) Concurrent Mark From Roots
[2020-08-27T11:16:05.410+0000][21728][gc,task      ] GC(214) Using 2 workers of 2 for marking
[2020-08-27T11:16:05.524+0000][21728][gc,marking   ] GC(214) Concurrent Mark From Roots 113.190ms
[2020-08-27T11:16:05.524+0000][21728][gc,marking   ] GC(214) Concurrent Preclean
[2020-08-27T11:16:05.524+0000][21728][gc,marking   ] GC(214) Concurrent Preclean 0.357ms
[2020-08-27T11:16:05.524+0000][21728][gc,marking   ] GC(214) Concurrent Mark (83.366s, 83.480s) 113.680ms
[2020-08-27T11:16:05.524+0000][21728][gc,start     ] GC(214) Pause Remark
[2020-08-27T11:16:05.530+0000][21728][gc           ] GC(214) Pause Remark 309M->309M(1024M) 5.349ms
[2020-08-27T11:16:05.530+0000][21728][gc,cpu       ] GC(214) User=0.00s Sys=0.00s Real=0.01s
[2020-08-27T11:16:05.530+0000][21728][safepoint    ] Safepoint "G1Concurrent", Time since last: 116542600 ns, Reaching safepoint: 150800 ns, At safepoint: 5554900 ns, Total: 5705700 ns
[2020-08-27T11:16:05.530+0000][21728][gc,marking   ] GC(214) Concurrent Rebuild Remembered Sets
[2020-08-27T11:16:05.608+0000][21728][gc,marking   ] GC(214) Concurrent Rebuild Remembered Sets 77.723ms
[2020-08-27T11:16:05.608+0000][21728][gc,start     ] GC(214) Pause Cleanup
[2020-08-27T11:16:05.608+0000][21728][gc           ] GC(214) Pause Cleanup 320M->320M(1024M) 0.306ms
[2020-08-27T11:16:05.608+0000][21728][gc,cpu       ] GC(214) User=0.00s Sys=0.00s Real=0.00s
[2020-08-27T11:16:05.608+0000][21728][safepoint    ] Safepoint "G1Concurrent", Time since last: 77893300 ns, Reaching safepoint: 161400 ns, At safepoint: 463600 ns, Total: 625000 ns
[2020-08-27T11:16:05.608+0000][21728][gc,marking   ] GC(214) Concurrent Cleanup for Next Mark
[2020-08-27T11:16:05.610+0000][21728][gc,marking   ] GC(214) Concurrent Cleanup for Next Mark 2.020ms
[2020-08-27T11:16:05.611+0000][21728][gc           ] GC(214) Concurrent Cycle 203.070ms
[2020-08-27T11:16:05.611+0000][21728][gc,start     ] GC(215) Pause Young (Concurrent Start) (G1 Humongous Allocation)
[2020-08-27T11:16:05.611+0000][21728][gc,task      ] GC(215) Using 8 workers of 8 for evacuation
[2020-08-27T11:16:05.611+0000][21728][gc,age       ] GC(215) Desired survivor size 33030144 bytes, new threshold 15 (max threshold 15)
[2020-08-27T11:16:05.615+0000][21728][gc,age       ] GC(215) Age table with threshold 15 (max threshold 15)
[2020-08-27T11:16:05.615+0000][21728][gc,age       ] GC(215) - age   1:    2692208 bytes,    2692208 total
[2020-08-27T11:16:05.615+0000][21728][gc,age       ] GC(215) - age   2:      14384 bytes,    2706592 total
[2020-08-27T11:16:05.615+0000][21728][gc,age       ] GC(215) - age   3:        624 bytes,    2707216 total
[2020-08-27T11:16:05.615+0000][21728][gc,age       ] GC(215) - age   4:       3424 bytes,    2710640 total
[2020-08-27T11:16:05.615+0000][21728][gc,age       ] GC(215) - age   5:        240 bytes,    2710880 total
[2020-08-27T11:16:05.615+0000][21728][gc,age       ] GC(215) - age   6:       1720 bytes,    2712600 total
[2020-08-27T11:16:05.615+0000][21728][gc,age       ] GC(215) - age   7:        808 bytes,    2713408 total
[2020-08-27T11:16:05.615+0000][21728][gc,age       ] GC(215) - age   8:       6920 bytes,    2720328 total
[2020-08-27T11:16:05.615+0000][21728][gc,age       ] GC(215) - age   9:       3176 bytes,    2723504 total
[2020-08-27T11:16:05.615+0000][21728][gc,age       ] GC(215) - age  10:        136 bytes,    2723640 total
[2020-08-27T11:16:05.615+0000][21728][gc,age       ] GC(215) - age  11:        472 bytes,    2724112 total
[2020-08-27T11:16:05.615+0000][21728][gc,age       ] GC(215) - age  12:      11272 bytes,    2735384 total
[2020-08-27T11:16:05.615+0000][21728][gc,age       ] GC(215) - age  13:      10696 bytes,    2746080 total
[2020-08-27T11:16:05.615+0000][21728][gc,age       ] GC(215) - age  14:       3400 bytes,    2749480 total
[2020-08-27T11:16:05.615+0000][21728][gc,age       ] GC(215) - age  15:       1000 bytes,    2750480 total
[2020-08-27T11:16:05.615+0000][21728][gc,phases    ] GC(215)   Pre Evacuate Collection Set: 0.5ms
[2020-08-27T11:16:05.615+0000][21728][gc,phases    ] GC(215)   Merge Heap Roots: 0.1ms
[2020-08-27T11:16:05.615+0000][21728][gc,phases    ] GC(215)   Evacuate Collection Set: 2.0ms
[2020-08-27T11:16:05.615+0000][21728][gc,phases    ] GC(215)   Post Evacuate Collection Set: 0.6ms
[2020-08-27T11:16:05.615+0000][21728][gc,phases    ] GC(215)   Other: 0.7ms
[2020-08-27T11:16:05.615+0000][21728][gc,heap      ] GC(215) Eden regions: 22->0(496)
[2020-08-27T11:16:05.615+0000][21728][gc,heap      ] GC(215) Survivor regions: 3->3(63)
[2020-08-27T11:16:05.615+0000][21728][gc,heap      ] GC(215) Old regions: 78->78
[2020-08-27T11:16:05.615+0000][21728][gc,heap      ] GC(215) Archive regions: 0->0
[2020-08-27T11:16:05.615+0000][21728][gc,heap      ] GC(215) Humongous regions: 229->174
[2020-08-27T11:16:05.615+0000][21728][gc,metaspace ] GC(215) Metaspace: 86484K(92800K)->86484K(92800K) NonClass: 75385K(79104K)->75385K(79104K) Class: 11098K(13696K)->11098K(13696K)
[2020-08-27T11:16:05.615+0000][21728][gc           ] GC(215) Pause Young (Concurrent Start) (G1 Humongous Allocation) 330M->254M(1024M) 4.097ms
[2020-08-27T11:16:05.615+0000][21728][gc,cpu       ] GC(215) User=0.00s Sys=0.00s Real=0.00s
[2020-08-27T11:16:05.615+0000][21728][safepoint    ] Safepoint "G1TryInitiateConcMark", Time since last: 2383800 ns, Reaching safepoint: 336500 ns, At safepoint: 4242900 ns, Total: 4579400 ns
[2020-08-27T11:16:05.615+0000][21728][gc           ] GC(216) Concurrent Cycle
[2020-08-27T11:16:05.615+0000][21728][gc,marking   ] GC(216) Concurrent Clear Claimed Marks
[2020-08-27T11:16:05.616+0000][21728][gc,marking   ] GC(216) Concurrent Clear Claimed Marks 0.342ms
[2020-08-27T11:16:05.616+0000][21728][gc,marking   ] GC(216) Concurrent Scan Root Regions
[2020-08-27T11:16:05.618+0000][21728][gc,marking   ] GC(216) Concurrent Scan Root Regions 2.147ms
[2020-08-27T11:16:05.618+0000][21728][gc,marking   ] GC(216) Concurrent Mark (83.574s)
[2020-08-27T11:16:05.618+0000][21728][gc,marking   ] GC(216) Concurrent Mark From Roots
[2020-08-27T11:16:05.618+0000][21728][gc,task      ] GC(216) Using 2 workers of 2 for marking
[2020-08-27T11:16:05.751+0000][21728][gc,marking   ] GC(216) Concurrent Mark From Roots 133.210ms
[2020-08-27T11:16:05.751+0000][21728][gc,marking   ] GC(216) Concurrent Preclean
[2020-08-27T11:16:05.752+0000][21728][gc,marking   ] GC(216) Concurrent Preclean 0.555ms
[2020-08-27T11:16:05.752+0000][21728][gc,marking   ] GC(216) Concurrent Mark (83.574s, 83.708s) 133.972ms
[2020-08-27T11:16:05.752+0000][21728][gc,start     ] GC(216) Pause Remark
[2020-08-27T11:16:05.758+0000][21728][gc           ] GC(216) Pause Remark 302M->302M(1024M) 5.819ms
[2020-08-27T11:16:05.758+0000][21728][gc,cpu       ] GC(216) User=0.00s Sys=0.00s Real=0.01s
[2020-08-27T11:16:05.758+0000][21728][safepoint    ] Safepoint "G1Concurrent", Time since last: 136769300 ns, Reaching safepoint: 143300 ns, At safepoint: 6141600 ns, Total: 6284900 ns
[2020-08-27T11:16:05.758+0000][21728][gc,marking   ] GC(216) Concurrent Rebuild Remembered Sets
[2020-08-27T11:16:05.849+0000][21728][gc,marking   ] GC(216) Concurrent Rebuild Remembered Sets 90.512ms
[2020-08-27T11:16:05.849+0000][21728][gc,start     ] GC(216) Pause Cleanup
[2020-08-27T11:16:05.850+0000][21728][gc           ] GC(216) Pause Cleanup 366M->366M(1024M) 0.240ms
[2020-08-27T11:16:05.850+0000][21728][gc,cpu       ] GC(216) User=0.00s Sys=0.00s Real=0.00s
[2020-08-27T11:16:05.850+0000][21728][safepoint    ] Safepoint "G1Concurrent", Time since last: 90681300 ns, Reaching safepoint: 192300 ns, At safepoint: 402800 ns, Total: 595100 ns
[2020-08-27T11:16:05.850+0000][21728][gc,marking   ] GC(216) Concurrent Cleanup for Next Mark
[2020-08-27T11:16:05.851+0000][21728][gc,marking   ] GC(216) Concurrent Cleanup for Next Mark 1.672ms
[2020-08-27T11:16:05.852+0000][21728][gc           ] GC(216) Concurrent Cycle 236.203ms
[2020-08-27T11:16:06.010+0000][21728][gc,start     ] GC(217) Pause Young (Concurrent Start) (G1 Humongous Allocation)
[2020-08-27T11:16:06.010+0000][21728][gc,task      ] GC(217) Using 8 workers of 8 for evacuation
[2020-08-27T11:16:06.010+0000][21728][gc,age       ] GC(217) Desired survivor size 33030144 bytes, new threshold 15 (max threshold 15)
[2020-08-27T11:16:06.013+0000][21728][gc,age       ] GC(217) Age table with threshold 15 (max threshold 15)
[2020-08-27T11:16:06.013+0000][21728][gc,age       ] GC(217) - age   1:    3203064 bytes,    3203064 total
[2020-08-27T11:16:06.013+0000][21728][gc,age       ] GC(217) - age   2:       2336 bytes,    3205400 total
[2020-08-27T11:16:06.013+0000][21728][gc,age       ] GC(217) - age   3:       9272 bytes,    3214672 total
[2020-08-27T11:16:06.013+0000][21728][gc,age       ] GC(217) - age   4:        304 bytes,    3214976 total
[2020-08-27T11:16:06.013+0000][21728][gc,age       ] GC(217) - age   5:       2312 bytes,    3217288 total
[2020-08-27T11:16:06.013+0000][21728][gc,age       ] GC(217) - age   6:        240 bytes,    3217528 total
[2020-08-27T11:16:06.014+0000][21728][gc,age       ] GC(217) - age   7:       1624 bytes,    3219152 total
[2020-08-27T11:16:06.014+0000][21728][gc,age       ] GC(217) - age   8:        808 bytes,    3219960 total
[2020-08-27T11:16:06.014+0000][21728][gc,age       ] GC(217) - age   9:       6896 bytes,    3226856 total
[2020-08-27T11:16:06.014+0000][21728][gc,age       ] GC(217) - age  10:       3176 bytes,    3230032 total
[2020-08-27T11:16:06.014+0000][21728][gc,age       ] GC(217) - age  11:        136 bytes,    3230168 total
[2020-08-27T11:16:06.014+0000][21728][gc,age       ] GC(217) - age  12:        472 bytes,    3230640 total
[2020-08-27T11:16:06.014+0000][21728][gc,age       ] GC(217) - age  13:      11168 bytes,    3241808 total
[2020-08-27T11:16:06.014+0000][21728][gc,age       ] GC(217) - age  14:      10600 bytes,    3252408 total
[2020-08-27T11:16:06.014+0000][21728][gc,age       ] GC(217) - age  15:       3400 bytes,    3255808 total
[2020-08-27T11:16:06.014+0000][21728][gc,phases    ] GC(217)   Pre Evacuate Collection Set: 0.4ms
[2020-08-27T11:16:06.014+0000][21728][gc,phases    ] GC(217)   Merge Heap Roots: 0.1ms
[2020-08-27T11:16:06.014+0000][21728][gc,phases    ] GC(217)   Evacuate Collection Set: 1.9ms
[2020-08-27T11:16:06.014+0000][21728][gc,phases    ] GC(217)   Post Evacuate Collection Set: 0.8ms
[2020-08-27T11:16:06.014+0000][21728][gc,phases    ] GC(217)   Other: 0.7ms
[2020-08-27T11:16:06.014+0000][21728][gc,heap      ] GC(217) Eden regions: 45->0(497)
[2020-08-27T11:16:06.014+0000][21728][gc,heap      ] GC(217) Survivor regions: 3->4(63)
[2020-08-27T11:16:06.014+0000][21728][gc,heap      ] GC(217) Old regions: 78->78
[2020-08-27T11:16:06.014+0000][21728][gc,heap      ] GC(217) Archive regions: 0->0
[2020-08-27T11:16:06.014+0000][21728][gc,heap      ] GC(217) Humongous regions: 260->174
[2020-08-27T11:16:06.014+0000][21728][gc,metaspace ] GC(217) Metaspace: 86506K(92800K)->86506K(92800K) NonClass: 75407K(79104K)->75407K(79104K) Class: 11098K(13696K)->11098K(13696K)
[2020-08-27T11:16:06.014+0000][21728][gc           ] GC(217) Pause Young (Concurrent Start) (G1 Humongous Allocation) 384M->254M(1024M) 4.069ms
[2020-08-27T11:16:06.014+0000][21728][gc,cpu       ] GC(217) User=0.00s Sys=0.00s Real=0.00s
[2020-08-27T11:16:06.014+0000][21728][safepoint    ] Safepoint "G1TryInitiateConcMark", Time since last: 160066900 ns, Reaching safepoint: 152100 ns, At safepoint: 4216000 ns, Total: 4368100 ns
[2020-08-27T11:16:06.014+0000][21728][gc           ] GC(218) Concurrent Cycle
[2020-08-27T11:16:06.014+0000][21728][gc,marking   ] GC(218) Concurrent Clear Claimed Marks
[2020-08-27T11:16:06.015+0000][21728][gc,marking   ] GC(218) Concurrent Clear Claimed Marks 0.450ms
[2020-08-27T11:16:06.015+0000][21728][gc,marking   ] GC(218) Concurrent Scan Root Regions
[2020-08-27T11:16:06.016+0000][21728][gc,marking   ] GC(218) Concurrent Scan Root Regions 1.803ms
[2020-08-27T11:16:06.017+0000][21728][gc,marking   ] GC(218) Concurrent Mark (83.973s)
[2020-08-27T11:16:06.017+0000][21728][gc,marking   ] GC(218) Concurrent Mark From Roots
[2020-08-27T11:16:06.017+0000][21728][gc,task      ] GC(218) Using 2 workers of 2 for marking
[2020-08-27T11:16:06.109+0000][21728][gc,marking   ] GC(218) Concurrent Mark From Roots 92.456ms
[2020-08-27T11:16:06.109+0000][21728][gc,marking   ] GC(218) Concurrent Preclean
[2020-08-27T11:16:06.110+0000][21728][gc,marking   ] GC(218) Concurrent Preclean 0.440ms
[2020-08-27T11:16:06.110+0000][21728][gc,marking   ] GC(218) Concurrent Mark (83.973s, 84.066s) 93.029ms
[2020-08-27T11:16:06.110+0000][21728][gc,start     ] GC(218) Pause Remark
[2020-08-27T11:16:06.114+0000][21728][gc           ] GC(218) Pause Remark 313M->313M(1024M) 4.599ms
[2020-08-27T11:16:06.115+0000][21728][gc,cpu       ] GC(218) User=0.02s Sys=0.00s Real=0.01s
[2020-08-27T11:16:06.115+0000][21728][safepoint    ] Safepoint "G1Concurrent", Time since last: 95573800 ns, Reaching safepoint: 130200 ns, At safepoint: 4783000 ns, Total: 4913200 ns
[2020-08-27T11:16:06.115+0000][21728][gc,marking   ] GC(218) Concurrent Rebuild Remembered Sets
[2020-08-27T11:16:06.174+0000][21728][gc,marking   ] GC(218) Concurrent Rebuild Remembered Sets 59.634ms
[2020-08-27T11:16:06.175+0000][21728][gc,start     ] GC(218) Pause Cleanup
[2020-08-27T11:16:06.175+0000][21728][gc           ] GC(218) Pause Cleanup 318M->318M(1024M) 0.227ms
[2020-08-27T11:16:06.175+0000][21728][gc,cpu       ] GC(218) User=0.00s Sys=0.00s Real=0.00s
[2020-08-27T11:16:06.175+0000][21728][safepoint    ] Safepoint "G1Concurrent", Time since last: 59830000 ns, Reaching safepoint: 127800 ns, At safepoint: 360800 ns, Total: 488600 ns
[2020-08-27T11:16:06.175+0000][21728][gc,marking   ] GC(218) Concurrent Cleanup for Next Mark
[2020-08-27T11:16:06.176+0000][21728][gc,marking   ] GC(218) Concurrent Cleanup for Next Mark 1.233ms
[2020-08-27T11:16:06.176+0000][21728][gc           ] GC(218) Concurrent Cycle 162.154ms
[2020-08-27T11:16:06.209+0000][21728][gc,start     ] GC(219) Pause Young (Concurrent Start) (G1 Humongous Allocation)
[2020-08-27T11:16:06.209+0000][21728][gc,task      ] GC(219) Using 8 workers of 8 for evacuation
[2020-08-27T11:16:06.209+0000][21728][gc,age       ] GC(219) Desired survivor size 33030144 bytes, new threshold 15 (max threshold 15)
[2020-08-27T11:16:06.213+0000][21728][gc,age       ] GC(219) Age table with threshold 15 (max threshold 15)
[2020-08-27T11:16:06.213+0000][21728][gc,age       ] GC(219) - age   1:    2401128 bytes,    2401128 total
[2020-08-27T11:16:06.213+0000][21728][gc,age       ] GC(219) - age   2:     207496 bytes,    2608624 total
[2020-08-27T11:16:06.213+0000][21728][gc,age       ] GC(219) - age   3:       2272 bytes,    2610896 total
[2020-08-27T11:16:06.213+0000][21728][gc,age       ] GC(219) - age   4:       8288 bytes,    2619184 total
[2020-08-27T11:16:06.213+0000][21728][gc,age       ] GC(219) - age   5:         96 bytes,    2619280 total
[2020-08-27T11:16:06.213+0000][21728][gc,age       ] GC(219) - age   6:       1960 bytes,    2621240 total
[2020-08-27T11:16:06.213+0000][21728][gc,age       ] GC(219) - age   7:        240 bytes,    2621480 total
[2020-08-27T11:16:06.213+0000][21728][gc,age       ] GC(219) - age   8:       1624 bytes,    2623104 total
[2020-08-27T11:16:06.213+0000][21728][gc,age       ] GC(219) - age   9:        744 bytes,    2623848 total
[2020-08-27T11:16:06.213+0000][21728][gc,age       ] GC(219) - age  10:       6896 bytes,    2630744 total
[2020-08-27T11:16:06.213+0000][21728][gc,age       ] GC(219) - age  11:       3176 bytes,    2633920 total
[2020-08-27T11:16:06.213+0000][21728][gc,age       ] GC(219) - age  12:        136 bytes,    2634056 total
[2020-08-27T11:16:06.213+0000][21728][gc,age       ] GC(219) - age  13:        472 bytes,    2634528 total
[2020-08-27T11:16:06.213+0000][21728][gc,age       ] GC(219) - age  14:      11136 bytes,    2645664 total
[2020-08-27T11:16:06.213+0000][21728][gc,age       ] GC(219) - age  15:      10600 bytes,    2656264 total
[2020-08-27T11:16:06.213+0000][21728][gc,phases    ] GC(219)   Pre Evacuate Collection Set: 0.4ms
[2020-08-27T11:16:06.213+0000][21728][gc,phases    ] GC(219)   Merge Heap Roots: 0.1ms
[2020-08-27T11:16:06.213+0000][21728][gc,phases    ] GC(219)   Evacuate Collection Set: 1.9ms
[2020-08-27T11:16:06.213+0000][21728][gc,phases    ] GC(219)   Post Evacuate Collection Set: 0.7ms
[2020-08-27T11:16:06.213+0000][21728][gc,phases    ] GC(219)   Other: 0.6ms
[2020-08-27T11:16:06.213+0000][21728][gc,heap      ] GC(219) Eden regions: 25->0(500)
[2020-08-27T11:16:06.213+0000][21728][gc,heap      ] GC(219) Survivor regions: 4->3(63)
[2020-08-27T11:16:06.213+0000][21728][gc,heap      ] GC(219) Old regions: 78->78
[2020-08-27T11:16:06.213+0000][21728][gc,heap      ] GC(219) Archive regions: 0->0
[2020-08-27T11:16:06.213+0000][21728][gc,heap      ] GC(219) Humongous regions: 229->174
[2020-08-27T11:16:06.213+0000][21728][gc,metaspace ] GC(219) Metaspace: 86521K(92800K)->86521K(92800K) NonClass: 75423K(79104K)->75423K(79104K) Class: 11098K(13696K)->11098K(13696K)
[2020-08-27T11:16:06.213+0000][21728][gc           ] GC(219) Pause Young (Concurrent Start) (G1 Humongous Allocation) 334M->254M(1024M) 3.864ms
[2020-08-27T11:16:06.213+0000][21728][gc,cpu       ] GC(219) User=0.00s Sys=0.00s Real=0.00s
[2020-08-27T11:16:06.213+0000][21728][gc           ] GC(220) Concurrent Cycle
[2020-08-27T11:16:06.213+0000][21728][safepoint    ] Safepoint "G1TryInitiateConcMark", Time since last: 34222600 ns, Reaching safepoint: 161800 ns, At safepoint: 4048700 ns, Total: 4210500 ns
[2020-08-27T11:16:06.213+0000][21728][gc,marking   ] GC(220) Concurrent Clear Claimed Marks
[2020-08-27T11:16:06.214+0000][21728][gc,marking   ] GC(220) Concurrent Clear Claimed Marks 0.456ms
[2020-08-27T11:16:06.214+0000][21728][gc,marking   ] GC(220) Concurrent Scan Root Regions
[2020-08-27T11:16:06.215+0000][21728][gc,marking   ] GC(220) Concurrent Scan Root Regions 1.519ms
[2020-08-27T11:16:06.216+0000][21728][gc,marking   ] GC(220) Concurrent Mark (84.172s)
[2020-08-27T11:16:06.216+0000][21728][gc,marking   ] GC(220) Concurrent Mark From Roots
[2020-08-27T11:16:06.216+0000][21728][gc,task      ] GC(220) Using 2 workers of 2 for marking
[2020-08-27T11:16:06.300+0000][21728][gc,marking   ] GC(220) Concurrent Mark From Roots 84.865ms
[2020-08-27T11:16:06.300+0000][21728][gc,marking   ] GC(220) Concurrent Preclean
[2020-08-27T11:16:06.301+0000][21728][gc,marking   ] GC(220) Concurrent Preclean 0.377ms
[2020-08-27T11:16:06.301+0000][21728][gc,marking   ] GC(220) Concurrent Mark (84.172s, 84.257s) 85.351ms
[2020-08-27T11:16:06.301+0000][21728][gc,start     ] GC(220) Pause Remark
[2020-08-27T11:16:06.306+0000][21728][gc           ] GC(220) Pause Remark 306M->306M(1024M) 5.095ms
[2020-08-27T11:16:06.306+0000][21728][gc,cpu       ] GC(220) User=0.00s Sys=0.00s Real=0.00s
[2020-08-27T11:16:06.306+0000][21728][safepoint    ] Safepoint "G1Concurrent", Time since last: 87599600 ns, Reaching safepoint: 192200 ns, At safepoint: 5286300 ns, Total: 5478500 ns
[2020-08-27T11:16:06.306+0000][21728][gc,marking   ] GC(220) Concurrent Rebuild Remembered Sets
[2020-08-27T11:16:06.366+0000][21728][gc,marking   ] GC(220) Concurrent Rebuild Remembered Sets 59.777ms
[2020-08-27T11:16:06.367+0000][21728][gc,start     ] GC(220) Pause Cleanup
[2020-08-27T11:16:06.367+0000][21728][gc           ] GC(220) Pause Cleanup 372M->372M(1024M) 0.248ms
[2020-08-27T11:16:06.367+0000][21728][gc,cpu       ] GC(220) User=0.00s Sys=0.00s Real=0.00s
[2020-08-27T11:16:06.367+0000][21728][safepoint    ] Safepoint "G1Concurrent", Time since last: 59927200 ns, Reaching safepoint: 142100 ns, At safepoint: 359200 ns, Total: 501300 ns
[2020-08-27T11:16:06.367+0000][21728][gc,marking   ] GC(220) Concurrent Cleanup for Next Mark
[2020-08-27T11:16:06.368+0000][21728][gc,marking   ] GC(220) Concurrent Cleanup for Next Mark 1.452ms
[2020-08-27T11:16:06.368+0000][21728][gc           ] GC(220) Concurrent Cycle 155.105ms
[2020-08-27T11:16:06.497+0000][21728][gc,start     ] GC(221) Pause Young (Concurrent Start) (G1 Humongous Allocation)
[2020-08-27T11:16:06.497+0000][21728][gc,task      ] GC(221) Using 8 workers of 8 for evacuation
[2020-08-27T11:16:06.497+0000][21728][gc,age       ] GC(221) Desired survivor size 33030144 bytes, new threshold 15 (max threshold 15)
[2020-08-27T11:16:06.500+0000][21728][gc,age       ] GC(221) Age table with threshold 15 (max threshold 15)
[2020-08-27T11:16:06.501+0000][21728][gc,age       ] GC(221) - age   1:    5091328 bytes,    5091328 total
[2020-08-27T11:16:06.501+0000][21728][gc,age       ] GC(221) - age   2:      15648 bytes,    5106976 total
[2020-08-27T11:16:06.501+0000][21728][gc,age       ] GC(221) - age   3:     206432 bytes,    5313408 total
[2020-08-27T11:16:06.501+0000][21728][gc,age       ] GC(221) - age   4:        704 bytes,    5314112 total
[2020-08-27T11:16:06.501+0000][21728][gc,age       ] GC(221) - age   5:       4968 bytes,    5319080 total
[2020-08-27T11:16:06.501+0000][21728][gc,age       ] GC(221) - age   6:         96 bytes,    5319176 total
[2020-08-27T11:16:06.501+0000][21728][gc,age       ] GC(221) - age   7:       1408 bytes,    5320584 total
[2020-08-27T11:16:06.501+0000][21728][gc,age       ] GC(221) - age   8:        240 bytes,    5320824 total
[2020-08-27T11:16:06.501+0000][21728][gc,age       ] GC(221) - age   9:       1560 bytes,    5322384 total
[2020-08-27T11:16:06.501+0000][21728][gc,age       ] GC(221) - age  10:        744 bytes,    5323128 total
[2020-08-27T11:16:06.501+0000][21728][gc,age       ] GC(221) - age  11:       6896 bytes,    5330024 total
[2020-08-27T11:16:06.501+0000][21728][gc,age       ] GC(221) - age  12:       3176 bytes,    5333200 total
[2020-08-27T11:16:06.501+0000][21728][gc,age       ] GC(221) - age  13:        136 bytes,    5333336 total
[2020-08-27T11:16:06.501+0000][21728][gc,age       ] GC(221) - age  14:        472 bytes,    5333808 total
[2020-08-27T11:16:06.501+0000][21728][gc,age       ] GC(221) - age  15:      11072 bytes,    5344880 total
[2020-08-27T11:16:06.501+0000][21728][gc,phases    ] GC(221)   Pre Evacuate Collection Set: 0.3ms
[2020-08-27T11:16:06.501+0000][21728][gc,phases    ] GC(221)   Merge Heap Roots: 0.1ms
[2020-08-27T11:16:06.501+0000][21728][gc,phases    ] GC(221)   Evacuate Collection Set: 2.3ms
[2020-08-27T11:16:06.501+0000][21728][gc,phases    ] GC(221)   Post Evacuate Collection Set: 0.8ms
[2020-08-27T11:16:06.501+0000][21728][gc,phases    ] GC(221)   Other: 0.7ms
[2020-08-27T11:16:06.501+0000][21728][gc,heap      ] GC(221) Eden regions: 48->0(496)
[2020-08-27T11:16:06.501+0000][21728][gc,heap      ] GC(221) Survivor regions: 3->6(63)
[2020-08-27T11:16:06.501+0000][21728][gc,heap      ] GC(221) Old regions: 78->78
[2020-08-27T11:16:06.501+0000][21728][gc,heap      ] GC(221) Archive regions: 0->0
[2020-08-27T11:16:06.501+0000][21728][gc,heap      ] GC(221) Humongous regions: 263->174
[2020-08-27T11:16:06.501+0000][21728][gc,metaspace ] GC(221) Metaspace: 86532K(92800K)->86532K(92800K) NonClass: 75434K(79104K)->75434K(79104K) Class: 11098K(13696K)->11098K(13696K)
[2020-08-27T11:16:06.501+0000][21728][gc           ] GC(221) Pause Young (Concurrent Start) (G1 Humongous Allocation) 390M->256M(1024M) 4.372ms
[2020-08-27T11:16:06.501+0000][21728][gc,cpu       ] GC(221) User=0.00s Sys=0.02s Real=0.00s
[2020-08-27T11:16:06.501+0000][21728][gc           ] GC(222) Concurrent Cycle
[2020-08-27T11:16:06.501+0000][21728][safepoint    ] Safepoint "G1TryInitiateConcMark", Time since last: 129734400 ns, Reaching safepoint: 151500 ns, At safepoint: 4542300 ns, Total: 4693800 ns
[2020-08-27T11:16:06.501+0000][21728][gc,marking   ] GC(222) Concurrent Clear Claimed Marks
[2020-08-27T11:16:06.502+0000][21728][gc,marking   ] GC(222) Concurrent Clear Claimed Marks 0.819ms
[2020-08-27T11:16:06.502+0000][21728][gc,marking   ] GC(222) Concurrent Scan Root Regions
[2020-08-27T11:16:06.506+0000][21728][gc,marking   ] GC(222) Concurrent Scan Root Regions 3.433ms
[2020-08-27T11:16:06.506+0000][21728][gc,marking   ] GC(222) Concurrent Mark (84.462s)
[2020-08-27T11:16:06.506+0000][21728][gc,marking   ] GC(222) Concurrent Mark From Roots
[2020-08-27T11:16:06.506+0000][21728][gc,task      ] GC(222) Using 2 workers of 2 for marking
[2020-08-27T11:16:06.645+0000][21728][gc,marking   ] GC(222) Concurrent Mark From Roots 138.948ms
[2020-08-27T11:16:06.645+0000][21728][gc,marking   ] GC(222) Concurrent Preclean
[2020-08-27T11:16:06.645+0000][21728][gc,marking   ] GC(222) Concurrent Preclean 0.451ms
[2020-08-27T11:16:06.645+0000][21728][gc,marking   ] GC(222) Concurrent Mark (84.462s, 84.601s) 139.560ms
[2020-08-27T11:16:06.646+0000][21728][gc,start     ] GC(222) Pause Remark
[2020-08-27T11:16:06.651+0000][21728][gc           ] GC(222) Pause Remark 375M->375M(1024M) 5.075ms
[2020-08-27T11:16:06.651+0000][21728][gc,cpu       ] GC(222) User=0.00s Sys=0.00s Real=0.01s
[2020-08-27T11:16:06.651+0000][21728][safepoint    ] Safepoint "G1Concurrent", Time since last: 144231900 ns, Reaching safepoint: 132900 ns, At safepoint: 5283900 ns, Total: 5416800 ns
[2020-08-27T11:16:06.651+0000][21728][gc,marking   ] GC(222) Concurrent Rebuild Remembered Sets
[2020-08-27T11:16:06.740+0000][21728][gc,marking   ] GC(222) Concurrent Rebuild Remembered Sets 88.771ms
[2020-08-27T11:16:06.740+0000][21728][gc,start     ] GC(222) Pause Cleanup
[2020-08-27T11:16:06.740+0000][21728][gc           ] GC(222) Pause Cleanup 505M->505M(1024M) 0.312ms
[2020-08-27T11:16:06.740+0000][21728][gc,cpu       ] GC(222) User=0.00s Sys=0.00s Real=0.00s
[2020-08-27T11:16:06.741+0000][21728][safepoint    ] Safepoint "G1Concurrent", Time since last: 88936700 ns, Reaching safepoint: 151400 ns, At safepoint: 506500 ns, Total: 657900 ns
[2020-08-27T11:16:06.741+0000][21728][gc,marking   ] GC(222) Concurrent Cleanup for Next Mark
[2020-08-27T11:16:06.742+0000][21728][gc,marking   ] GC(222) Concurrent Cleanup for Next Mark 1.867ms
[2020-08-27T11:16:06.743+0000][21728][gc           ] GC(222) Concurrent Cycle 241.393ms
[2020-08-27T11:16:06.928+0000][21728][gc,start     ] GC(223) Pause Young (Concurrent Start) (G1 Humongous Allocation)
[2020-08-27T11:16:06.928+0000][21728][gc,task      ] GC(223) Using 8 workers of 8 for evacuation
[2020-08-27T11:16:06.928+0000][21728][gc,age       ] GC(223) Desired survivor size 33030144 bytes, new threshold 15 (max threshold 15)
[2020-08-27T11:16:06.932+0000][21728][gc,age       ] GC(223) Age table with threshold 15 (max threshold 15)
[2020-08-27T11:16:06.932+0000][21728][gc,age       ] GC(223) - age   1:    5093616 bytes,    5093616 total
[2020-08-27T11:16:06.932+0000][21728][gc,age       ] GC(223) - age   2:      15784 bytes,    5109400 total
[2020-08-27T11:16:06.932+0000][21728][gc,age       ] GC(223) - age   3:      14744 bytes,    5124144 total
[2020-08-27T11:16:06.932+0000][21728][gc,age       ] GC(223) - age   4:     203160 bytes,    5327304 total
[2020-08-27T11:16:06.932+0000][21728][gc,age       ] GC(223) - age   5:        640 bytes,    5327944 total
[2020-08-27T11:16:06.932+0000][21728][gc,age       ] GC(223) - age   6:       2304 bytes,    5330248 total
[2020-08-27T11:16:06.932+0000][21728][gc,age       ] GC(223) - age   7:         96 bytes,    5330344 total
[2020-08-27T11:16:06.932+0000][21728][gc,age       ] GC(223) - age   8:       1376 bytes,    5331720 total
[2020-08-27T11:16:06.932+0000][21728][gc,age       ] GC(223) - age   9:        240 bytes,    5331960 total
[2020-08-27T11:16:06.932+0000][21728][gc,age       ] GC(223) - age  10:       1560 bytes,    5333520 total
[2020-08-27T11:16:06.932+0000][21728][gc,age       ] GC(223) - age  11:        744 bytes,    5334264 total
[2020-08-27T11:16:06.932+0000][21728][gc,age       ] GC(223) - age  12:       6896 bytes,    5341160 total
[2020-08-27T11:16:06.932+0000][21728][gc,age       ] GC(223) - age  13:       3080 bytes,    5344240 total
[2020-08-27T11:16:06.932+0000][21728][gc,age       ] GC(223) - age  14:        136 bytes,    5344376 total
[2020-08-27T11:16:06.932+0000][21728][gc,age       ] GC(223) - age  15:        472 bytes,    5344848 total
[2020-08-27T11:16:06.933+0000][21728][gc,phases    ] GC(223)   Pre Evacuate Collection Set: 0.5ms
[2020-08-27T11:16:06.933+0000][21728][gc,phases    ] GC(223)   Merge Heap Roots: 0.1ms
[2020-08-27T11:16:06.933+0000][21728][gc,phases    ] GC(223)   Evacuate Collection Set: 2.4ms
[2020-08-27T11:16:06.933+0000][21728][gc,phases    ] GC(223)   Post Evacuate Collection Set: 0.9ms
[2020-08-27T11:16:06.933+0000][21728][gc,phases    ] GC(223)   Other: 1.2ms
[2020-08-27T11:16:06.933+0000][21728][gc,heap      ] GC(223) Eden regions: 81->0(496)
[2020-08-27T11:16:06.933+0000][21728][gc,heap      ] GC(223) Survivor regions: 6->6(63)
[2020-08-27T11:16:06.933+0000][21728][gc,heap      ] GC(223) Old regions: 78->78
[2020-08-27T11:16:06.933+0000][21728][gc,heap      ] GC(223) Archive regions: 0->0
[2020-08-27T11:16:06.933+0000][21728][gc,heap      ] GC(223) Humongous regions: 366->174
[2020-08-27T11:16:06.933+0000][21728][gc,metaspace ] GC(223) Metaspace: 86584K(93056K)->86584K(93056K) NonClass: 75485K(79360K)->75485K(79360K) Class: 11098K(13696K)->11098K(13696K)
[2020-08-27T11:16:06.933+0000][21728][gc           ] GC(223) Pause Young (Concurrent Start) (G1 Humongous Allocation) 529M->256M(1024M) 5.470ms
[2020-08-27T11:16:06.933+0000][21728][gc,cpu       ] GC(223) User=0.00s Sys=0.00s Real=0.01s
[2020-08-27T11:16:06.933+0000][21728][gc           ] GC(224) Concurrent Cycle
[2020-08-27T11:16:06.933+0000][21728][safepoint    ] Safepoint "G1TryInitiateConcMark", Time since last: 186860000 ns, Reaching safepoint: 182700 ns, At safepoint: 5713100 ns, Total: 5895800 ns
[2020-08-27T11:16:06.933+0000][21728][gc,marking   ] GC(224) Concurrent Clear Claimed Marks
[2020-08-27T11:16:06.934+0000][21728][gc,marking   ] GC(224) Concurrent Clear Claimed Marks 0.651ms
[2020-08-27T11:16:06.934+0000][21728][gc,marking   ] GC(224) Concurrent Scan Root Regions
[2020-08-27T11:16:06.937+0000][21728][gc,marking   ] GC(224) Concurrent Scan Root Regions 2.975ms
[2020-08-27T11:16:06.937+0000][21728][gc,marking   ] GC(224) Concurrent Mark (84.893s)
[2020-08-27T11:16:06.937+0000][21728][gc,marking   ] GC(224) Concurrent Mark From Roots
[2020-08-27T11:16:06.937+0000][21728][gc,task      ] GC(224) Using 2 workers of 2 for marking
[2020-08-27T11:16:07.105+0000][21728][gc,marking   ] GC(224) Concurrent Mark From Roots 168.038ms
[2020-08-27T11:16:07.106+0000][21728][gc,marking   ] GC(224) Concurrent Preclean
[2020-08-27T11:16:07.106+0000][21728][gc,marking   ] GC(224) Concurrent Preclean 0.620ms
[2020-08-27T11:16:07.106+0000][21728][gc,marking   ] GC(224) Concurrent Mark (84.893s, 85.062s) 168.906ms
[2020-08-27T11:16:07.106+0000][21728][gc,start     ] GC(224) Pause Remark
[2020-08-27T11:16:07.112+0000][21728][gc           ] GC(224) Pause Remark 372M->372M(1024M) 5.670ms
[2020-08-27T11:16:07.112+0000][21728][gc,cpu       ] GC(224) User=0.09s Sys=0.00s Real=0.01s
[2020-08-27T11:16:07.112+0000][21728][safepoint    ] Safepoint "G1Concurrent", Time since last: 173024700 ns, Reaching safepoint: 137200 ns, At safepoint: 5912500 ns, Total: 6049700 ns
[2020-08-27T11:16:07.112+0000][21728][gc,marking   ] GC(224) Concurrent Rebuild Remembered Sets
[2020-08-27T11:16:07.213+0000][21728][gc,marking   ] GC(224) Concurrent Rebuild Remembered Sets 99.837ms
[2020-08-27T11:16:07.213+0000][21728][gc,start     ] GC(224) Pause Cleanup
[2020-08-27T11:16:07.213+0000][21728][gc           ] GC(224) Pause Cleanup 384M->384M(1024M) 0.342ms
[2020-08-27T11:16:07.213+0000][21728][gc,cpu       ] GC(224) User=0.00s Sys=0.00s Real=0.00s
[2020-08-27T11:16:07.214+0000][21728][safepoint    ] Safepoint "G1Concurrent", Time since last: 100065400 ns, Reaching safepoint: 173400 ns, At safepoint: 597400 ns, Total: 770800 ns
[2020-08-27T11:16:07.214+0000][21728][gc,marking   ] GC(224) Concurrent Cleanup for Next Mark
[2020-08-27T11:16:07.216+0000][21728][gc,marking   ] GC(224) Concurrent Cleanup for Next Mark 2.158ms
[2020-08-27T11:16:07.216+0000][21728][gc           ] GC(224) Concurrent Cycle 282.384ms
[2020-08-27T11:16:07.228+0000][21728][gc,start     ] GC(225) Pause Young (Concurrent Start) (G1 Humongous Allocation)
[2020-08-27T11:16:07.228+0000][21728][gc,task      ] GC(225) Using 8 workers of 8 for evacuation
[2020-08-27T11:16:07.229+0000][21728][gc,age       ] GC(225) Desired survivor size 33030144 bytes, new threshold 15 (max threshold 15)
[2020-08-27T11:16:07.234+0000][21728][gc,age       ] GC(225) Age table with threshold 15 (max threshold 15)
[2020-08-27T11:16:07.234+0000][21728][gc,age       ] GC(225) - age   1:   13402824 bytes,   13402824 total
[2020-08-27T11:16:07.234+0000][21728][gc,age       ] GC(225) - age   2:       3608 bytes,   13406432 total
[2020-08-27T11:16:07.234+0000][21728][gc,age       ] GC(225) - age   3:      15144 bytes,   13421576 total
[2020-08-27T11:16:07.234+0000][21728][gc,age       ] GC(225) - age   4:      14488 bytes,   13436064 total
[2020-08-27T11:16:07.234+0000][21728][gc,age       ] GC(225) - age   5:     202640 bytes,   13638704 total
[2020-08-27T11:16:07.234+0000][21728][gc,age       ] GC(225) - age   6:        608 bytes,   13639312 total
[2020-08-27T11:16:07.234+0000][21728][gc,age       ] GC(225) - age   7:       1744 bytes,   13641056 total
[2020-08-27T11:16:07.234+0000][21728][gc,age       ] GC(225) - age   8:         96 bytes,   13641152 total
[2020-08-27T11:16:07.234+0000][21728][gc,age       ] GC(225) - age   9:       1376 bytes,   13642528 total
[2020-08-27T11:16:07.234+0000][21728][gc,age       ] GC(225) - age  10:        240 bytes,   13642768 total
[2020-08-27T11:16:07.234+0000][21728][gc,age       ] GC(225) - age  11:       1560 bytes,   13644328 total
[2020-08-27T11:16:07.234+0000][21728][gc,age       ] GC(225) - age  12:        744 bytes,   13645072 total
[2020-08-27T11:16:07.234+0000][21728][gc,age       ] GC(225) - age  13:       6896 bytes,   13651968 total
[2020-08-27T11:16:07.234+0000][21728][gc,age       ] GC(225) - age  14:       3080 bytes,   13655048 total
[2020-08-27T11:16:07.234+0000][21728][gc,age       ] GC(225) - age  15:        136 bytes,   13655184 total
[2020-08-27T11:16:07.234+0000][21728][gc,phases    ] GC(225)   Pre Evacuate Collection Set: 0.5ms
[2020-08-27T11:16:07.234+0000][21728][gc,phases    ] GC(225)   Merge Heap Roots: 0.1ms
[2020-08-27T11:16:07.234+0000][21728][gc,phases    ] GC(225)   Evacuate Collection Set: 3.6ms
[2020-08-27T11:16:07.234+0000][21728][gc,phases    ] GC(225)   Post Evacuate Collection Set: 0.8ms
[2020-08-27T11:16:07.235+0000][21728][gc,phases    ] GC(225)   Other: 1.2ms
[2020-08-27T11:16:07.235+0000][21728][gc,heap      ] GC(225) Eden regions: 54->0(481)
[2020-08-27T11:16:07.235+0000][21728][gc,heap      ] GC(225) Survivor regions: 6->14(63)
[2020-08-27T11:16:07.235+0000][21728][gc,heap      ] GC(225) Old regions: 78->78
[2020-08-27T11:16:07.235+0000][21728][gc,heap      ] GC(225) Archive regions: 0->0
[2020-08-27T11:16:07.235+0000][21728][gc,heap      ] GC(225) Humongous regions: 270->174
[2020-08-27T11:16:07.235+0000][21728][gc,metaspace ] GC(225) Metaspace: 86614K(93056K)->86614K(93056K) NonClass: 75515K(79360K)->75515K(79360K) Class: 11098K(13696K)->11098K(13696K)
[2020-08-27T11:16:07.235+0000][21728][gc           ] GC(225) Pause Young (Concurrent Start) (G1 Humongous Allocation) 406M->264M(1024M) 6.583ms
[2020-08-27T11:16:07.235+0000][21728][gc,cpu       ] GC(225) User=0.00s Sys=0.00s Real=0.01s
[2020-08-27T11:16:07.235+0000][21728][gc           ] GC(226) Concurrent Cycle
[2020-08-27T11:16:07.235+0000][21728][safepoint    ] Safepoint "G1TryInitiateConcMark", Time since last: 14440200 ns, Reaching safepoint: 161500 ns, At safepoint: 6797400 ns, Total: 6958900 ns
[2020-08-27T11:16:07.235+0000][21728][gc,marking   ] GC(226) Concurrent Clear Claimed Marks
[2020-08-27T11:16:07.236+0000][21728][gc,marking   ] GC(226) Concurrent Clear Claimed Marks 0.499ms
[2020-08-27T11:16:07.236+0000][21728][gc,marking   ] GC(226) Concurrent Scan Root Regions
[2020-08-27T11:16:07.239+0000][21728][gc,marking   ] GC(226) Concurrent Scan Root Regions 3.573ms
[2020-08-27T11:16:07.239+0000][21728][gc,marking   ] GC(226) Concurrent Mark (85.195s)
[2020-08-27T11:16:07.239+0000][21728][gc,marking   ] GC(226) Concurrent Mark From Roots
[2020-08-27T11:16:07.239+0000][21728][gc,task      ] GC(226) Using 2 workers of 2 for marking
[2020-08-27T11:16:07.415+0000][21728][gc,marking   ] GC(226) Concurrent Mark From Roots 175.411ms
[2020-08-27T11:16:07.415+0000][21728][gc,marking   ] GC(226) Concurrent Preclean
[2020-08-27T11:16:07.416+0000][21728][gc,marking   ] GC(226) Concurrent Preclean 0.734ms
[2020-08-27T11:16:07.416+0000][21728][gc,marking   ] GC(226) Concurrent Mark (85.195s, 85.371s) 176.369ms
[2020-08-27T11:16:07.416+0000][21728][gc,start     ] GC(226) Pause Remark
[2020-08-27T11:16:07.422+0000][21728][gc           ] GC(226) Pause Remark 509M->509M(1024M) 6.282ms
[2020-08-27T11:16:07.422+0000][21728][gc,cpu       ] GC(226) User=0.00s Sys=0.00s Real=0.01s
[2020-08-27T11:16:07.423+0000][21728][safepoint    ] Safepoint "G1Concurrent", Time since last: 180772400 ns, Reaching safepoint: 232200 ns, At safepoint: 6894500 ns, Total: 7126700 ns
[2020-08-27T11:16:07.423+0000][21728][gc,marking   ] GC(226) Concurrent Rebuild Remembered Sets
[2020-08-27T11:16:07.530+0000][21728][gc,marking   ] GC(226) Concurrent Rebuild Remembered Sets 106.942ms
[2020-08-27T11:16:07.530+0000][21728][gc,start     ] GC(226) Pause Cleanup
[2020-08-27T11:16:07.531+0000][21728][gc           ] GC(226) Pause Cleanup 515M->515M(1024M) 0.348ms
[2020-08-27T11:16:07.531+0000][21728][gc,cpu       ] GC(226) User=0.00s Sys=0.00s Real=0.00s
[2020-08-27T11:16:07.531+0000][21728][safepoint    ] Safepoint "G1Concurrent", Time since last: 107149500 ns, Reaching safepoint: 183900 ns, At safepoint: 562600 ns, Total: 746500 ns
[2020-08-27T11:16:07.531+0000][21728][gc,marking   ] GC(226) Concurrent Cleanup for Next Mark
[2020-08-27T11:16:07.532+0000][21728][gc,marking   ] GC(226) Concurrent Cleanup for Next Mark 1.581ms
[2020-08-27T11:16:07.533+0000][21728][gc           ] GC(226) Concurrent Cycle 297.649ms
[2020-08-27T11:16:07.551+0000][21728][gc,start     ] GC(227) Pause Young (Concurrent Start) (G1 Humongous Allocation)
[2020-08-27T11:16:07.551+0000][21728][gc,task      ] GC(227) Using 8 workers of 8 for evacuation
[2020-08-27T11:16:07.552+0000][21728][gc,age       ] GC(227) Desired survivor size 32505856 bytes, new threshold 15 (max threshold 15)
[2020-08-27T11:16:07.556+0000][21728][gc,age       ] GC(227) Age table with threshold 15 (max threshold 15)
[2020-08-27T11:16:07.556+0000][21728][gc,age       ] GC(227) - age   1:     275472 bytes,     275472 total
[2020-08-27T11:16:07.556+0000][21728][gc,age       ] GC(227) - age   2:    2730936 bytes,    3006408 total
[2020-08-27T11:16:07.556+0000][21728][gc,age       ] GC(227) - age   3:       3456 bytes,    3009864 total
[2020-08-27T11:16:07.556+0000][21728][gc,age       ] GC(227) - age   4:      13376 bytes,    3023240 total
[2020-08-27T11:16:07.556+0000][21728][gc,age       ] GC(227) - age   5:      11168 bytes,    3034408 total
[2020-08-27T11:16:07.556+0000][21728][gc,age       ] GC(227) - age   6:     202504 bytes,    3236912 total
[2020-08-27T11:16:07.556+0000][21728][gc,age       ] GC(227) - age   7:        608 bytes,    3237520 total
[2020-08-27T11:16:07.556+0000][21728][gc,age       ] GC(227) - age   8:       1464 bytes,    3238984 total
[2020-08-27T11:16:07.556+0000][21728][gc,age       ] GC(227) - age   9:         96 bytes,    3239080 total
[2020-08-27T11:16:07.556+0000][21728][gc,age       ] GC(227) - age  10:       1376 bytes,    3240456 total
[2020-08-27T11:16:07.556+0000][21728][gc,age       ] GC(227) - age  11:        240 bytes,    3240696 total
[2020-08-27T11:16:07.556+0000][21728][gc,age       ] GC(227) - age  12:       1528 bytes,    3242224 total
[2020-08-27T11:16:07.556+0000][21728][gc,age       ] GC(227) - age  13:        744 bytes,    3242968 total
[2020-08-27T11:16:07.556+0000][21728][gc,age       ] GC(227) - age  14:       6896 bytes,    3249864 total
[2020-08-27T11:16:07.556+0000][21728][gc,age       ] GC(227) - age  15:       3080 bytes,    3252944 total
[2020-08-27T11:16:07.556+0000][21728][gc,phases    ] GC(227)   Pre Evacuate Collection Set: 0.5ms
[2020-08-27T11:16:07.556+0000][21728][gc,phases    ] GC(227)   Merge Heap Roots: 0.1ms
[2020-08-27T11:16:07.556+0000][21728][gc,phases    ] GC(227)   Evacuate Collection Set: 2.3ms
[2020-08-27T11:16:07.556+0000][21728][gc,phases    ] GC(227)   Post Evacuate Collection Set: 0.9ms
[2020-08-27T11:16:07.556+0000][21728][gc,phases    ] GC(227)   Other: 1.0ms
[2020-08-27T11:16:07.556+0000][21728][gc,heap      ] GC(227) Eden regions: 52->0(495)
[2020-08-27T11:16:07.556+0000][21728][gc,heap      ] GC(227) Survivor regions: 14->4(62)
[2020-08-27T11:16:07.556+0000][21728][gc,heap      ] GC(227) Old regions: 78->78
[2020-08-27T11:16:07.557+0000][21728][gc,heap      ] GC(227) Archive regions: 0->0
[2020-08-27T11:16:07.557+0000][21728][gc,heap      ] GC(227) Humongous regions: 378->174
[2020-08-27T11:16:07.557+0000][21728][gc,metaspace ] GC(227) Metaspace: 86614K(93056K)->86614K(93056K) NonClass: 75515K(79360K)->75515K(79360K) Class: 11098K(13696K)->11098K(13696K)
[2020-08-27T11:16:07.557+0000][21728][gc           ] GC(227) Pause Young (Concurrent Start) (G1 Humongous Allocation) 520M->255M(1024M) 5.330ms
[2020-08-27T11:16:07.557+0000][21728][gc,cpu       ] GC(227) User=0.00s Sys=0.00s Real=0.01s
[2020-08-27T11:16:07.557+0000][21728][gc           ] GC(228) Concurrent Cycle
[2020-08-27T11:16:07.557+0000][21728][gc,marking   ] GC(228) Concurrent Clear Claimed Marks
[2020-08-27T11:16:07.557+0000][21728][gc,marking   ] GC(228) Concurrent Clear Claimed Marks 0.302ms
[2020-08-27T11:16:07.557+0000][21728][safepoint    ] Safepoint "G1TryInitiateConcMark", Time since last: 20346900 ns, Reaching safepoint: 159000 ns, At safepoint: 5915800 ns, Total: 6074800 ns
[2020-08-27T11:16:07.557+0000][21728][gc,marking   ] GC(228) Concurrent Scan Root Regions
[2020-08-27T11:16:07.560+0000][21728][gc,marking   ] GC(228) Concurrent Scan Root Regions 2.376ms
[2020-08-27T11:16:07.560+0000][21728][gc,marking   ] GC(228) Concurrent Mark (85.515s)
[2020-08-27T11:16:07.560+0000][21728][gc,marking   ] GC(228) Concurrent Mark From Roots
[2020-08-27T11:16:07.560+0000][21728][gc,task      ] GC(228) Using 2 workers of 2 for marking
[2020-08-27T11:16:07.703+0000][21728][gc,marking   ] GC(228) Concurrent Mark From Roots 142.872ms
[2020-08-27T11:16:07.703+0000][21728][gc,marking   ] GC(228) Concurrent Preclean
[2020-08-27T11:16:07.703+0000][21728][gc,marking   ] GC(228) Concurrent Preclean 0.539ms
[2020-08-27T11:16:07.703+0000][21728][gc,marking   ] GC(228) Concurrent Mark (85.515s, 85.659s) 143.585ms
[2020-08-27T11:16:07.704+0000][21728][gc,start     ] GC(228) Pause Remark
[2020-08-27T11:16:07.710+0000][21728][gc           ] GC(228) Pause Remark 322M->322M(1024M) 5.931ms
[2020-08-27T11:16:07.710+0000][21728][gc,cpu       ] GC(228) User=0.00s Sys=0.00s Real=0.01s
[2020-08-27T11:16:07.710+0000][21728][safepoint    ] Safepoint "G1Concurrent", Time since last: 146182400 ns, Reaching safepoint: 224400 ns, At safepoint: 6287900 ns, Total: 6512300 ns
[2020-08-27T11:16:07.710+0000][21728][gc,marking   ] GC(228) Concurrent Rebuild Remembered Sets
[2020-08-27T11:16:07.802+0000][21728][gc,marking   ] GC(228) Concurrent Rebuild Remembered Sets 91.841ms
[2020-08-27T11:16:07.802+0000][21728][gc,start     ] GC(228) Pause Cleanup
[2020-08-27T11:16:07.803+0000][21728][gc           ] GC(228) Pause Cleanup 357M->357M(1024M) 0.394ms
[2020-08-27T11:16:07.803+0000][21728][gc,cpu       ] GC(228) User=0.00s Sys=0.00s Real=0.00s
[2020-08-27T11:16:07.803+0000][21728][safepoint    ] Safepoint "G1Concurrent", Time since last: 92096700 ns, Reaching safepoint: 209000 ns, At safepoint: 536800 ns, Total: 745800 ns
[2020-08-27T11:16:07.803+0000][21728][gc,marking   ] GC(228) Concurrent Cleanup for Next Mark
[2020-08-27T11:16:07.806+0000][21728][gc,marking   ] GC(228) Concurrent Cleanup for Next Mark 2.906ms
[2020-08-27T11:16:07.806+0000][21728][gc           ] GC(228) Concurrent Cycle 249.091ms
[2020-08-27T11:16:07.806+0000][21728][gc,start     ] GC(229) Pause Young (Concurrent Start) (G1 Humongous Allocation)
[2020-08-27T11:16:07.807+0000][21728][gc,task      ] GC(229) Using 8 workers of 8 for evacuation
[2020-08-27T11:16:07.807+0000][21728][gc,age       ] GC(229) Desired survivor size 33030144 bytes, new threshold 15 (max threshold 15)
[2020-08-27T11:16:07.810+0000][21728][gc,age       ] GC(229) Age table with threshold 15 (max threshold 15)
[2020-08-27T11:16:07.810+0000][21728][gc,age       ] GC(229) - age   1:    2540432 bytes,    2540432 total
[2020-08-27T11:16:07.810+0000][21728][gc,age       ] GC(229) - age   2:     210856 bytes,    2751288 total
[2020-08-27T11:16:07.810+0000][21728][gc,age       ] GC(229) - age   3:       7648 bytes,    2758936 total
[2020-08-27T11:16:07.810+0000][21728][gc,age       ] GC(229) - age   4:       3264 bytes,    2762200 total
[2020-08-27T11:16:07.810+0000][21728][gc,age       ] GC(229) - age   5:      11344 bytes,    2773544 total
[2020-08-27T11:16:07.810+0000][21728][gc,age       ] GC(229) - age   6:      11168 bytes,    2784712 total
[2020-08-27T11:16:07.810+0000][21728][gc,age       ] GC(229) - age   7:     202480 bytes,    2987192 total
[2020-08-27T11:16:07.810+0000][21728][gc,age       ] GC(229) - age   8:        544 bytes,    2987736 total
[2020-08-27T11:16:07.810+0000][21728][gc,age       ] GC(229) - age   9:       1240 bytes,    2988976 total
[2020-08-27T11:16:07.810+0000][21728][gc,age       ] GC(229) - age  10:         96 bytes,    2989072 total
[2020-08-27T11:16:07.810+0000][21728][gc,age       ] GC(229) - age  11:       1344 bytes,    2990416 total
[2020-08-27T11:16:07.810+0000][21728][gc,age       ] GC(229) - age  12:        240 bytes,    2990656 total
[2020-08-27T11:16:07.810+0000][21728][gc,age       ] GC(229) - age  13:       1528 bytes,    2992184 total
[2020-08-27T11:16:07.810+0000][21728][gc,age       ] GC(229) - age  14:        744 bytes,    2992928 total
[2020-08-27T11:16:07.810+0000][21728][gc,age       ] GC(229) - age  15:       6896 bytes,    2999824 total
[2020-08-27T11:16:07.810+0000][21728][gc,phases    ] GC(229)   Pre Evacuate Collection Set: 0.4ms
[2020-08-27T11:16:07.810+0000][21728][gc,phases    ] GC(229)   Merge Heap Roots: 0.1ms
[2020-08-27T11:16:07.810+0000][21728][gc,phases    ] GC(229)   Evacuate Collection Set: 1.9ms
[2020-08-27T11:16:07.810+0000][21728][gc,phases    ] GC(229)   Post Evacuate Collection Set: 0.6ms
[2020-08-27T11:16:07.811+0000][21728][gc,phases    ] GC(229)   Other: 0.9ms
[2020-08-27T11:16:07.811+0000][21728][gc,heap      ] GC(229) Eden regions: 30->0(497)
[2020-08-27T11:16:07.811+0000][21728][gc,heap      ] GC(229) Survivor regions: 4->4(63)
[2020-08-27T11:16:07.811+0000][21728][gc,heap      ] GC(229) Old regions: 78->78
[2020-08-27T11:16:07.811+0000][21728][gc,heap      ] GC(229) Archive regions: 0->0
[2020-08-27T11:16:07.811+0000][21728][gc,heap      ] GC(229) Humongous regions: 260->174
[2020-08-27T11:16:07.811+0000][21728][gc,metaspace ] GC(229) Metaspace: 86614K(93056K)->86614K(93056K) NonClass: 75515K(79360K)->75515K(79360K) Class: 11098K(13696K)->11098K(13696K)
[2020-08-27T11:16:07.811+0000][21728][gc           ] GC(229) Pause Young (Concurrent Start) (G1 Humongous Allocation) 370M->254M(1024M) 4.247ms
[2020-08-27T11:16:07.811+0000][21728][gc,cpu       ] GC(229) User=0.00s Sys=0.00s Real=0.01s
[2020-08-27T11:16:07.811+0000][21728][safepoint    ] Safepoint "G1TryInitiateConcMark", Time since last: 3375200 ns, Reaching safepoint: 273000 ns, At safepoint: 4412000 ns, Total: 4685000 ns
[2020-08-27T11:16:07.811+0000][21728][gc           ] GC(230) Concurrent Cycle
[2020-08-27T11:16:07.811+0000][21728][gc,marking   ] GC(230) Concurrent Clear Claimed Marks
[2020-08-27T11:16:07.811+0000][21728][gc,marking   ] GC(230) Concurrent Clear Claimed Marks 0.298ms
[2020-08-27T11:16:07.811+0000][21728][gc,marking   ] GC(230) Concurrent Scan Root Regions
[2020-08-27T11:16:07.814+0000][21728][gc,marking   ] GC(230) Concurrent Scan Root Regions 2.421ms
[2020-08-27T11:16:07.814+0000][21728][gc,marking   ] GC(230) Concurrent Mark (85.769s)
[2020-08-27T11:16:07.814+0000][21728][gc,marking   ] GC(230) Concurrent Mark From Roots
[2020-08-27T11:16:07.814+0000][21728][gc,task      ] GC(230) Using 2 workers of 2 for marking
[2020-08-27T11:16:07.961+0000][21728][gc,marking   ] GC(230) Concurrent Mark From Roots 147.302ms
[2020-08-27T11:16:07.961+0000][21728][gc,marking   ] GC(230) Concurrent Preclean
[2020-08-27T11:16:07.962+0000][21728][gc,marking   ] GC(230) Concurrent Preclean 0.406ms
[2020-08-27T11:16:07.962+0000][21728][gc,marking   ] GC(230) Concurrent Mark (85.769s, 85.917s) 147.889ms
[2020-08-27T11:16:07.962+0000][21728][gc,start     ] GC(230) Pause Remark
[2020-08-27T11:16:07.968+0000][21728][gc           ] GC(230) Pause Remark 284M->284M(1024M) 6.278ms
[2020-08-27T11:16:07.968+0000][21728][gc,cpu       ] GC(230) User=0.00s Sys=0.00s Real=0.01s
[2020-08-27T11:16:07.968+0000][21728][safepoint    ] Safepoint "G1Concurrent", Time since last: 150834900 ns, Reaching safepoint: 147600 ns, At safepoint: 6472500 ns, Total: 6620100 ns
[2020-08-27T11:16:07.968+0000][21728][gc,marking   ] GC(230) Concurrent Rebuild Remembered Sets
[2020-08-27T11:16:08.075+0000][21728][gc,marking   ] GC(230) Concurrent Rebuild Remembered Sets 106.792ms
[2020-08-27T11:16:08.075+0000][21728][gc,start     ] GC(230) Pause Cleanup
[2020-08-27T11:16:08.076+0000][21728][gc           ] GC(230) Pause Cleanup 355M->355M(1024M) 0.295ms
[2020-08-27T11:16:08.076+0000][21728][gc,cpu       ] GC(230) User=0.00s Sys=0.00s Real=0.00s
[2020-08-27T11:16:08.076+0000][21728][safepoint    ] Safepoint "G1Concurrent", Time since last: 106976500 ns, Reaching safepoint: 144100 ns, At safepoint: 459700 ns, Total: 603800 ns
[2020-08-27T11:16:08.076+0000][21728][gc,marking   ] GC(230) Concurrent Cleanup for Next Mark
[2020-08-27T11:16:08.077+0000][21728][gc,marking   ] GC(230) Concurrent Cleanup for Next Mark 1.500ms
[2020-08-27T11:16:08.078+0000][21728][gc           ] GC(230) Concurrent Cycle 266.742ms
[2020-08-27T11:16:08.225+0000][21728][gc,start     ] GC(231) Pause Young (Concurrent Start) (G1 Humongous Allocation)
[2020-08-27T11:16:08.225+0000][21728][gc,task      ] GC(231) Using 8 workers of 8 for evacuation
[2020-08-27T11:16:08.226+0000][21728][gc,age       ] GC(231) Desired survivor size 33030144 bytes, new threshold 15 (max threshold 15)
[2020-08-27T11:16:08.229+0000][21728][gc,age       ] GC(231) Age table with threshold 15 (max threshold 15)
[2020-08-27T11:16:08.229+0000][21728][gc,age       ] GC(231) - age   1:    3308704 bytes,    3308704 total
[2020-08-27T11:16:08.229+0000][21728][gc,age       ] GC(231) - age   2:     393616 bytes,    3702320 total
[2020-08-27T11:16:08.229+0000][21728][gc,age       ] GC(231) - age   3:     206696 bytes,    3909016 total
[2020-08-27T11:16:08.229+0000][21728][gc,age       ] GC(231) - age   4:       4440 bytes,    3913456 total
[2020-08-27T11:16:08.229+0000][21728][gc,age       ] GC(231) - age   5:       2848 bytes,    3916304 total
[2020-08-27T11:16:08.229+0000][21728][gc,age       ] GC(231) - age   6:      11248 bytes,    3927552 total
[2020-08-27T11:16:08.229+0000][21728][gc,age       ] GC(231) - age   7:      11168 bytes,    3938720 total
[2020-08-27T11:16:08.229+0000][21728][gc,age       ] GC(231) - age   8:     202480 bytes,    4141200 total
[2020-08-27T11:16:08.229+0000][21728][gc,age       ] GC(231) - age   9:        288 bytes,    4141488 total
[2020-08-27T11:16:08.229+0000][21728][gc,age       ] GC(231) - age  10:       1208 bytes,    4142696 total
[2020-08-27T11:16:08.229+0000][21728][gc,age       ] GC(231) - age  11:         96 bytes,    4142792 total
[2020-08-27T11:16:08.229+0000][21728][gc,age       ] GC(231) - age  12:       1344 bytes,    4144136 total
[2020-08-27T11:16:08.229+0000][21728][gc,age       ] GC(231) - age  13:        240 bytes,    4144376 total
[2020-08-27T11:16:08.229+0000][21728][gc,age       ] GC(231) - age  14:       1528 bytes,    4145904 total
[2020-08-27T11:16:08.229+0000][21728][gc,age       ] GC(231) - age  15:        712 bytes,    4146616 total
[2020-08-27T11:16:08.229+0000][21728][gc,phases    ] GC(231)   Pre Evacuate Collection Set: 0.3ms
[2020-08-27T11:16:08.229+0000][21728][gc,phases    ] GC(231)   Merge Heap Roots: 0.1ms
[2020-08-27T11:16:08.229+0000][21728][gc,phases    ] GC(231)   Evacuate Collection Set: 2.2ms
[2020-08-27T11:16:08.229+0000][21728][gc,phases    ] GC(231)   Post Evacuate Collection Set: 0.6ms
[2020-08-27T11:16:08.229+0000][21728][gc,phases    ] GC(231)   Other: 0.8ms
[2020-08-27T11:16:08.229+0000][21728][gc,heap      ] GC(231) Eden regions: 44->0(497)
[2020-08-27T11:16:08.229+0000][21728][gc,heap      ] GC(231) Survivor regions: 4->5(63)
[2020-08-27T11:16:08.230+0000][21728][gc,heap      ] GC(231) Old regions: 78->78
[2020-08-27T11:16:08.230+0000][21728][gc,heap      ] GC(231) Archive regions: 0->0
[2020-08-27T11:16:08.230+0000][21728][gc,heap      ] GC(231) Humongous regions: 244->174
[2020-08-27T11:16:08.230+0000][21728][gc,metaspace ] GC(231) Metaspace: 86614K(93056K)->86614K(93056K) NonClass: 75516K(79360K)->75516K(79360K) Class: 11098K(13696K)->11098K(13696K)
[2020-08-27T11:16:08.230+0000][21728][gc           ] GC(231) Pause Young (Concurrent Start) (G1 Humongous Allocation) 368M->255M(1024M) 4.221ms
[2020-08-27T11:16:08.230+0000][21728][gc,cpu       ] GC(231) User=0.00s Sys=0.00s Real=0.01s
[2020-08-27T11:16:08.230+0000][21728][gc           ] GC(232) Concurrent Cycle
[2020-08-27T11:16:08.230+0000][21728][safepoint    ] Safepoint "G1TryInitiateConcMark", Time since last: 149364800 ns, Reaching safepoint: 137300 ns, At safepoint: 4402000 ns, Total: 4539300 ns
[2020-08-27T11:16:08.230+0000][21728][gc,marking   ] GC(232) Concurrent Clear Claimed Marks
[2020-08-27T11:16:08.230+0000][21728][gc,marking   ] GC(232) Concurrent Clear Claimed Marks 0.512ms
[2020-08-27T11:16:08.230+0000][21728][gc,marking   ] GC(232) Concurrent Scan Root Regions
[2020-08-27T11:16:08.233+0000][21728][gc,marking   ] GC(232) Concurrent Scan Root Regions 2.665ms
[2020-08-27T11:16:08.233+0000][21728][gc,marking   ] GC(232) Concurrent Mark (86.189s)
[2020-08-27T11:16:08.233+0000][21728][gc,marking   ] GC(232) Concurrent Mark From Roots
[2020-08-27T11:16:08.233+0000][21728][gc,task      ] GC(232) Using 2 workers of 2 for marking
[2020-08-27T11:16:08.424+0000][21728][gc,marking   ] GC(232) Concurrent Mark From Roots 190.404ms
[2020-08-27T11:16:08.424+0000][21728][gc,marking   ] GC(232) Concurrent Preclean
[2020-08-27T11:16:08.425+0000][21728][gc,marking   ] GC(232) Concurrent Preclean 0.934ms
[2020-08-27T11:16:08.425+0000][21728][gc,marking   ] GC(232) Concurrent Mark (86.189s, 86.380s) 191.736ms
[2020-08-27T11:16:08.426+0000][21728][gc,start     ] GC(232) Pause Remark
[2020-08-27T11:16:08.438+0000][21728][gc           ] GC(232) Pause Remark 317M->317M(1024M) 11.626ms
[2020-08-27T11:16:08.438+0000][21728][gc,cpu       ] GC(232) User=0.00s Sys=0.00s Real=0.01s
[2020-08-27T11:16:08.438+0000][21728][safepoint    ] Safepoint "G1Concurrent", Time since last: 195545200 ns, Reaching safepoint: 566500 ns, At safepoint: 12028500 ns, Total: 12595000 ns
[2020-08-27T11:16:08.438+0000][21728][gc,marking   ] GC(232) Concurrent Rebuild Remembered Sets
[2020-08-27T11:16:08.550+0000][21728][gc,marking   ] GC(232) Concurrent Rebuild Remembered Sets 111.843ms
[2020-08-27T11:16:08.550+0000][21728][gc,start     ] GC(232) Pause Cleanup
[2020-08-27T11:16:08.551+0000][21728][gc           ] GC(232) Pause Cleanup 318M->318M(1024M) 0.299ms
[2020-08-27T11:16:08.551+0000][21728][gc,cpu       ] GC(232) User=0.00s Sys=0.00s Real=0.00s
[2020-08-27T11:16:08.551+0000][21728][safepoint    ] Safepoint "G1Concurrent", Time since last: 112112300 ns, Reaching safepoint: 161300 ns, At safepoint: 603800 ns, Total: 765100 ns
[2020-08-27T11:16:08.551+0000][21728][gc,marking   ] GC(232) Concurrent Cleanup for Next Mark
[2020-08-27T11:16:08.553+0000][21728][gc,marking   ] GC(232) Concurrent Cleanup for Next Mark 1.890ms
[2020-08-27T11:16:08.553+0000][21728][gc           ] GC(232) Concurrent Cycle 323.136ms
[2020-08-27T11:16:08.822+0000][21728][gc,start     ] GC(233) Pause Young (Concurrent Start) (G1 Humongous Allocation)
[2020-08-27T11:16:08.823+0000][21728][gc,task      ] GC(233) Using 8 workers of 8 for evacuation
[2020-08-27T11:16:08.823+0000][21728][gc,age       ] GC(233) Desired survivor size 33030144 bytes, new threshold 15 (max threshold 15)
[2020-08-27T11:16:08.843+0000][21728][gc,age       ] GC(233) Age table with threshold 15 (max threshold 15)
[2020-08-27T11:16:08.843+0000][21728][gc,age       ] GC(233) - age   1:    3068104 bytes,    3068104 total
[2020-08-27T11:16:08.843+0000][21728][gc,age       ] GC(233) - age   2:     410776 bytes,    3478880 total
[2020-08-27T11:16:08.843+0000][21728][gc,age       ] GC(233) - age   3:     199584 bytes,    3678464 total
[2020-08-27T11:16:08.843+0000][21728][gc,age       ] GC(233) - age   4:     199648 bytes,    3878112 total
[2020-08-27T11:16:08.843+0000][21728][gc,age       ] GC(233) - age   5:       3384 bytes,    3881496 total
[2020-08-27T11:16:08.843+0000][21728][gc,age       ] GC(233) - age   6:       2752 bytes,    3884248 total
[2020-08-27T11:16:08.843+0000][21728][gc,age       ] GC(233) - age   7:      11248 bytes,    3895496 total
[2020-08-27T11:16:08.843+0000][21728][gc,age       ] GC(233) - age   8:      11104 bytes,    3906600 total
[2020-08-27T11:16:08.843+0000][21728][gc,age       ] GC(233) - age   9:     202448 bytes,    4109048 total
[2020-08-27T11:16:08.843+0000][21728][gc,age       ] GC(233) - age  10:        256 bytes,    4109304 total
[2020-08-27T11:16:08.843+0000][21728][gc,age       ] GC(233) - age  11:       1208 bytes,    4110512 total
[2020-08-27T11:16:08.843+0000][21728][gc,age       ] GC(233) - age  12:         96 bytes,    4110608 total
[2020-08-27T11:16:08.843+0000][21728][gc,age       ] GC(233) - age  13:       1344 bytes,    4111952 total
[2020-08-27T11:16:08.843+0000][21728][gc,age       ] GC(233) - age  14:        240 bytes,    4112192 total
[2020-08-27T11:16:08.843+0000][21728][gc,age       ] GC(233) - age  15:       1496 bytes,    4113688 total
[2020-08-27T11:16:08.843+0000][21728][gc,phases    ] GC(233)   Pre Evacuate Collection Set: 0.6ms
[2020-08-27T11:16:08.843+0000][21728][gc,phases    ] GC(233)   Merge Heap Roots: 0.1ms
[2020-08-27T11:16:08.843+0000][21728][gc,phases    ] GC(233)   Evacuate Collection Set: 18.1ms
[2020-08-27T11:16:08.843+0000][21728][gc,phases    ] GC(233)   Post Evacuate Collection Set: 0.8ms
[2020-08-27T11:16:08.843+0000][21728][gc,phases    ] GC(233)   Other: 1.2ms
[2020-08-27T11:16:08.844+0000][21728][gc,heap      ] GC(233) Eden regions: 22->0(498)
[2020-08-27T11:16:08.844+0000][21728][gc,heap      ] GC(233) Survivor regions: 5->5(63)
[2020-08-27T11:16:08.844+0000][21728][gc,heap      ] GC(233) Old regions: 78->78
[2020-08-27T11:16:08.844+0000][21728][gc,heap      ] GC(233) Archive regions: 0->0
[2020-08-27T11:16:08.844+0000][21728][gc,heap      ] GC(233) Humongous regions: 229->174
[2020-08-27T11:16:08.844+0000][21728][gc,metaspace ] GC(233) Metaspace: 86617K(93056K)->86617K(93056K) NonClass: 75518K(79360K)->75518K(79360K) Class: 11098K(13696K)->11098K(13696K)
[2020-08-27T11:16:08.844+0000][21728][gc           ] GC(233) Pause Young (Concurrent Start) (G1 Humongous Allocation) 332M->255M(1024M) 21.324ms
[2020-08-27T11:16:08.844+0000][21728][gc,cpu       ] GC(233) User=0.00s Sys=0.02s Real=0.02s
[2020-08-27T11:16:08.844+0000][21728][gc           ] GC(234) Concurrent Cycle
[2020-08-27T11:16:08.844+0000][21728][safepoint    ] Safepoint "G1TryInitiateConcMark", Time since last: 271435400 ns, Reaching safepoint: 197700 ns, At safepoint: 21574500 ns, Total: 21772200 ns
[2020-08-27T11:16:08.844+0000][21728][gc,marking   ] GC(234) Concurrent Clear Claimed Marks
[2020-08-27T11:16:08.845+0000][21728][gc,marking   ] GC(234) Concurrent Clear Claimed Marks 0.835ms
[2020-08-27T11:16:08.845+0000][21728][gc,marking   ] GC(234) Concurrent Scan Root Regions
[2020-08-27T11:16:08.848+0000][21728][gc,marking   ] GC(234) Concurrent Scan Root Regions 3.234ms
[2020-08-27T11:16:08.849+0000][21728][gc,marking   ] GC(234) Concurrent Mark (86.804s)
[2020-08-27T11:16:08.849+0000][21728][gc,marking   ] GC(234) Concurrent Mark From Roots
[2020-08-27T11:16:08.849+0000][21728][gc,task      ] GC(234) Using 2 workers of 2 for marking
[2020-08-27T11:16:09.025+0000][21728][gc,marking   ] GC(234) Concurrent Mark From Roots 176.084ms
[2020-08-27T11:16:09.025+0000][21728][gc,marking   ] GC(234) Concurrent Preclean
[2020-08-27T11:16:09.025+0000][21728][gc,marking   ] GC(234) Concurrent Preclean 0.456ms
[2020-08-27T11:16:09.025+0000][21728][gc,marking   ] GC(234) Concurrent Mark (86.804s, 86.981s) 176.770ms
[2020-08-27T11:16:09.026+0000][21728][gc,start     ] GC(234) Pause Remark
[2020-08-27T11:16:09.032+0000][21728][gc           ] GC(234) Pause Remark 318M->318M(1024M) 6.526ms
[2020-08-27T11:16:09.032+0000][21728][gc,cpu       ] GC(234) User=0.00s Sys=0.00s Real=0.01s
[2020-08-27T11:16:09.032+0000][21728][safepoint    ] Safepoint "G1Concurrent", Time since last: 181549700 ns, Reaching safepoint: 168300 ns, At safepoint: 6733300 ns, Total: 6901600 ns
[2020-08-27T11:16:09.032+0000][21728][gc,marking   ] GC(234) Concurrent Rebuild Remembered Sets
[2020-08-27T11:16:09.125+0000][21728][gc,marking   ] GC(234) Concurrent Rebuild Remembered Sets 92.593ms
[2020-08-27T11:16:09.125+0000][21728][gc,start     ] GC(234) Pause Cleanup
[2020-08-27T11:16:09.126+0000][21728][gc           ] GC(234) Pause Cleanup 323M->323M(1024M) 0.330ms
[2020-08-27T11:16:09.126+0000][21728][gc,cpu       ] GC(234) User=0.00s Sys=0.00s Real=0.00s
[2020-08-27T11:16:09.126+0000][21728][safepoint    ] Safepoint "G1Concurrent", Time since last: 92793100 ns, Reaching safepoint: 144300 ns, At safepoint: 560200 ns, Total: 704500 ns
[2020-08-27T11:16:09.126+0000][21728][gc,marking   ] GC(234) Concurrent Cleanup for Next Mark
[2020-08-27T11:16:09.128+0000][21728][gc,marking   ] GC(234) Concurrent Cleanup for Next Mark 2.244ms
[2020-08-27T11:16:09.128+0000][21728][gc           ] GC(234) Concurrent Cycle 284.475ms
[2020-08-27T11:16:09.141+0000][21728][gc,start     ] GC(235) Pause Young (Concurrent Start) (G1 Humongous Allocation)
[2020-08-27T11:16:09.141+0000][21728][gc,task      ] GC(235) Using 8 workers of 8 for evacuation
[2020-08-27T11:16:09.141+0000][21728][gc,age       ] GC(235) Desired survivor size 33030144 bytes, new threshold 15 (max threshold 15)
[2020-08-27T11:16:09.145+0000][21728][gc,age       ] GC(235) Age table with threshold 15 (max threshold 15)
[2020-08-27T11:16:09.145+0000][21728][gc,age       ] GC(235) - age   1:    2799536 bytes,    2799536 total
[2020-08-27T11:16:09.145+0000][21728][gc,age       ] GC(235) - age   2:     206480 bytes,    3006016 total
[2020-08-27T11:16:09.145+0000][21728][gc,age       ] GC(235) - age   3:     406104 bytes,    3412120 total
[2020-08-27T11:16:09.145+0000][21728][gc,age       ] GC(235) - age   4:       3408 bytes,    3415528 total
[2020-08-27T11:16:09.145+0000][21728][gc,age       ] GC(235) - age   5:     198264 bytes,    3613792 total
[2020-08-27T11:16:09.145+0000][21728][gc,age       ] GC(235) - age   6:       2632 bytes,    3616424 total
[2020-08-27T11:16:09.145+0000][21728][gc,age       ] GC(235) - age   7:       2720 bytes,    3619144 total
[2020-08-27T11:16:09.145+0000][21728][gc,age       ] GC(235) - age   8:      11120 bytes,    3630264 total
[2020-08-27T11:16:09.145+0000][21728][gc,age       ] GC(235) - age   9:      11104 bytes,    3641368 total
[2020-08-27T11:16:09.145+0000][21728][gc,age       ] GC(235) - age  10:     202256 bytes,    3843624 total
[2020-08-27T11:16:09.145+0000][21728][gc,age       ] GC(235) - age  11:        256 bytes,    3843880 total
[2020-08-27T11:16:09.145+0000][21728][gc,age       ] GC(235) - age  12:       1208 bytes,    3845088 total
[2020-08-27T11:16:09.145+0000][21728][gc,age       ] GC(235) - age  13:         96 bytes,    3845184 total
[2020-08-27T11:16:09.145+0000][21728][gc,age       ] GC(235) - age  14:       1344 bytes,    3846528 total
[2020-08-27T11:16:09.145+0000][21728][gc,age       ] GC(235) - age  15:        240 bytes,    3846768 total
[2020-08-27T11:16:09.145+0000][21728][gc,phases    ] GC(235)   Pre Evacuate Collection Set: 0.4ms
[2020-08-27T11:16:09.145+0000][21728][gc,phases    ] GC(235)   Merge Heap Roots: 0.1ms
[2020-08-27T11:16:09.145+0000][21728][gc,phases    ] GC(235)   Evacuate Collection Set: 2.0ms
[2020-08-27T11:16:09.145+0000][21728][gc,phases    ] GC(235)   Post Evacuate Collection Set: 0.6ms
[2020-08-27T11:16:09.145+0000][21728][gc,phases    ] GC(235)   Other: 1.0ms
[2020-08-27T11:16:09.145+0000][21728][gc,heap      ] GC(235) Eden regions: 24->0(500)
[2020-08-27T11:16:09.145+0000][21728][gc,heap      ] GC(235) Survivor regions: 5->4(63)
[2020-08-27T11:16:09.146+0000][21728][gc,heap      ] GC(235) Old regions: 78->78
[2020-08-27T11:16:09.146+0000][21728][gc,heap      ] GC(235) Archive regions: 0->0
[2020-08-27T11:16:09.146+0000][21728][gc,heap      ] GC(235) Humongous regions: 229->174
[2020-08-27T11:16:09.146+0000][21728][gc,metaspace ] GC(235) Metaspace: 86617K(93056K)->86617K(93056K) NonClass: 75518K(79360K)->75518K(79360K) Class: 11098K(13696K)->11098K(13696K)
[2020-08-27T11:16:09.146+0000][21728][gc           ] GC(235) Pause Young (Concurrent Start) (G1 Humongous Allocation) 334M->255M(1024M) 4.526ms
[2020-08-27T11:16:09.146+0000][21728][gc,cpu       ] GC(235) User=0.02s Sys=0.00s Real=0.00s
[2020-08-27T11:16:09.146+0000][21728][gc           ] GC(236) Concurrent Cycle
[2020-08-27T11:16:09.146+0000][21728][safepoint    ] Safepoint "G1TryInitiateConcMark", Time since last: 14972600 ns, Reaching safepoint: 185600 ns, At safepoint: 4723600 ns, Total: 4909200 ns
[2020-08-27T11:16:09.146+0000][21728][gc,marking   ] GC(236) Concurrent Clear Claimed Marks
[2020-08-27T11:16:09.146+0000][21728][gc,marking   ] GC(236) Concurrent Clear Claimed Marks 0.545ms
[2020-08-27T11:16:09.147+0000][21728][gc,marking   ] GC(236) Concurrent Scan Root Regions
[2020-08-27T11:16:09.150+0000][21728][gc,marking   ] GC(236) Concurrent Scan Root Regions 3.253ms
[2020-08-27T11:16:09.150+0000][21728][gc,marking   ] GC(236) Concurrent Mark (87.105s)
[2020-08-27T11:16:09.150+0000][21728][gc,marking   ] GC(236) Concurrent Mark From Roots
[2020-08-27T11:16:09.150+0000][21728][gc,task      ] GC(236) Using 2 workers of 2 for marking
[2020-08-27T11:16:09.287+0000][21728][gc,marking   ] GC(236) Concurrent Mark From Roots 137.415ms
[2020-08-27T11:16:09.287+0000][21728][gc,marking   ] GC(236) Concurrent Preclean
[2020-08-27T11:16:09.288+0000][21728][gc,marking   ] GC(236) Concurrent Preclean 0.518ms
[2020-08-27T11:16:09.288+0000][21728][gc,marking   ] GC(236) Concurrent Mark (87.105s, 87.244s) 138.114ms
[2020-08-27T11:16:09.288+0000][21728][gc,start     ] GC(236) Pause Remark
[2020-08-27T11:16:09.293+0000][21728][gc           ] GC(236) Pause Remark 308M->308M(1024M) 5.133ms
[2020-08-27T11:16:09.293+0000][21728][gc,cpu       ] GC(236) User=0.00s Sys=0.00s Real=0.00s
[2020-08-27T11:16:09.294+0000][21728][safepoint    ] Safepoint "G1Concurrent", Time since last: 142241800 ns, Reaching safepoint: 139000 ns, At safepoint: 5356400 ns, Total: 5495400 ns
[2020-08-27T11:16:09.294+0000][21728][gc,marking   ] GC(236) Concurrent Rebuild Remembered Sets
[2020-08-27T11:16:09.380+0000][21728][gc,marking   ] GC(236) Concurrent Rebuild Remembered Sets 86.347ms
[2020-08-27T11:16:09.380+0000][21728][gc,start     ] GC(236) Pause Cleanup
[2020-08-27T11:16:09.381+0000][21728][gc           ] GC(236) Pause Cleanup 320M->320M(1024M) 0.322ms
[2020-08-27T11:16:09.381+0000][21728][gc,cpu       ] GC(236) User=0.00s Sys=0.00s Real=0.00s
[2020-08-27T11:16:09.381+0000][21728][safepoint    ] Safepoint "G1Concurrent", Time since last: 86526900 ns, Reaching safepoint: 162000 ns, At safepoint: 467000 ns, Total: 629000 ns
[2020-08-27T11:16:09.381+0000][21728][gc,marking   ] GC(236) Concurrent Cleanup for Next Mark
[2020-08-27T11:16:09.382+0000][21728][gc,marking   ] GC(236) Concurrent Cleanup for Next Mark 1.464ms
[2020-08-27T11:16:09.382+0000][21728][gc           ] GC(236) Concurrent Cycle 236.542ms
[2020-08-27T11:16:09.425+0000][21728][gc,start     ] GC(237) Pause Young (Concurrent Start) (G1 Humongous Allocation)
[2020-08-27T11:16:09.426+0000][21728][gc,task      ] GC(237) Using 8 workers of 8 for evacuation
[2020-08-27T11:16:09.426+0000][21728][gc,age       ] GC(237) Desired survivor size 33030144 bytes, new threshold 15 (max threshold 15)
[2020-08-27T11:16:09.431+0000][21728][gc,age       ] GC(237) Age table with threshold 15 (max threshold 15)
[2020-08-27T11:16:09.431+0000][21728][gc,age       ] GC(237) - age   1:   13255424 bytes,   13255424 total
[2020-08-27T11:16:09.431+0000][21728][gc,age       ] GC(237) - age   2:       1760 bytes,   13257184 total
[2020-08-27T11:16:09.431+0000][21728][gc,age       ] GC(237) - age   3:       1600 bytes,   13258784 total
[2020-08-27T11:16:09.431+0000][21728][gc,age       ] GC(237) - age   4:       1336 bytes,   13260120 total
[2020-08-27T11:16:09.431+0000][21728][gc,age       ] GC(237) - age   5:       1320 bytes,   13261440 total
[2020-08-27T11:16:09.431+0000][21728][gc,age       ] GC(237) - age   6:        304 bytes,   13261744 total
[2020-08-27T11:16:09.431+0000][21728][gc,age       ] GC(237) - age   7:       1040 bytes,   13262784 total
[2020-08-27T11:16:09.431+0000][21728][gc,age       ] GC(237) - age   8:       2280 bytes,   13265064 total
[2020-08-27T11:16:09.431+0000][21728][gc,age       ] GC(237) - age   9:      11088 bytes,   13276152 total
[2020-08-27T11:16:09.431+0000][21728][gc,age       ] GC(237) - age  10:      10960 bytes,   13287112 total
[2020-08-27T11:16:09.431+0000][21728][gc,age       ] GC(237) - age  11:     202224 bytes,   13489336 total
[2020-08-27T11:16:09.431+0000][21728][gc,age       ] GC(237) - age  12:        192 bytes,   13489528 total
[2020-08-27T11:16:09.431+0000][21728][gc,age       ] GC(237) - age  13:       1048 bytes,   13490576 total
[2020-08-27T11:16:09.431+0000][21728][gc,age       ] GC(237) - age  14:         32 bytes,   13490608 total
[2020-08-27T11:16:09.431+0000][21728][gc,age       ] GC(237) - age  15:       1312 bytes,   13491920 total
[2020-08-27T11:16:09.431+0000][21728][gc,phases    ] GC(237)   Pre Evacuate Collection Set: 0.4ms
[2020-08-27T11:16:09.431+0000][21728][gc,phases    ] GC(237)   Merge Heap Roots: 0.1ms
[2020-08-27T11:16:09.431+0000][21728][gc,phases    ] GC(237)   Evacuate Collection Set: 3.5ms
[2020-08-27T11:16:09.431+0000][21728][gc,phases    ] GC(237)   Post Evacuate Collection Set: 0.8ms
[2020-08-27T11:16:09.432+0000][21728][gc,phases    ] GC(237)   Other: 1.3ms
[2020-08-27T11:16:09.432+0000][21728][gc,heap      ] GC(237) Eden regions: 46->0(480)
[2020-08-27T11:16:09.432+0000][21728][gc,heap      ] GC(237) Survivor regions: 4->14(63)
[2020-08-27T11:16:09.432+0000][21728][gc,heap      ] GC(237) Old regions: 78->78
[2020-08-27T11:16:09.432+0000][21728][gc,heap      ] GC(237) Archive regions: 0->0
[2020-08-27T11:16:09.432+0000][21728][gc,heap      ] GC(237) Humongous regions: 229->176
[2020-08-27T11:16:09.432+0000][21728][gc,metaspace ] GC(237) Metaspace: 86633K(93056K)->86633K(93056K) NonClass: 75535K(79360K)->75535K(79360K) Class: 11098K(13696K)->11098K(13696K)
[2020-08-27T11:16:09.432+0000][21728][gc           ] GC(237) Pause Young (Concurrent Start) (G1 Humongous Allocation) 355M->266M(1024M) 6.475ms
[2020-08-27T11:16:09.432+0000][21728][gc,cpu       ] GC(237) User=0.00s Sys=0.00s Real=0.01s
[2020-08-27T11:16:09.432+0000][21728][gc           ] GC(238) Concurrent Cycle
[2020-08-27T11:16:09.432+0000][21728][safepoint    ] Safepoint "G1TryInitiateConcMark", Time since last: 44397400 ns, Reaching safepoint: 236800 ns, At safepoint: 6720700 ns, Total: 6957500 ns
[2020-08-27T11:16:09.432+0000][21728][gc,marking   ] GC(238) Concurrent Clear Claimed Marks
[2020-08-27T11:16:09.433+0000][21728][gc,marking   ] GC(238) Concurrent Clear Claimed Marks 1.067ms
[2020-08-27T11:16:09.433+0000][21728][gc,marking   ] GC(238) Concurrent Scan Root Regions
[2020-08-27T11:16:09.438+0000][21728][gc,marking   ] GC(238) Concurrent Scan Root Regions 5.028ms
[2020-08-27T11:16:09.438+0000][21728][gc,marking   ] GC(238) Concurrent Mark (87.394s)
[2020-08-27T11:16:09.439+0000][21728][gc,marking   ] GC(238) Concurrent Mark From Roots
[2020-08-27T11:16:09.439+0000][21728][gc,task      ] GC(238) Using 2 workers of 2 for marking
[2020-08-27T11:16:09.610+0000][21728][gc,marking   ] GC(238) Concurrent Mark From Roots 171.404ms
[2020-08-27T11:16:09.610+0000][21728][gc,marking   ] GC(238) Concurrent Preclean
[2020-08-27T11:16:09.611+0000][21728][gc,marking   ] GC(238) Concurrent Preclean 0.511ms
[2020-08-27T11:16:09.611+0000][21728][gc,marking   ] GC(238) Concurrent Mark (87.394s, 87.566s) 172.135ms
[2020-08-27T11:16:09.611+0000][21728][gc,start     ] GC(238) Pause Remark
[2020-08-27T11:16:09.617+0000][21728][gc           ] GC(238) Pause Remark 498M->498M(1024M) 6.362ms
[2020-08-27T11:16:09.617+0000][21728][gc,cpu       ] GC(238) User=0.00s Sys=0.00s Real=0.01s
[2020-08-27T11:16:09.617+0000][21728][safepoint    ] Safepoint "G1Concurrent", Time since last: 178661300 ns, Reaching safepoint: 161400 ns, At safepoint: 6572700 ns, Total: 6734100 ns
[2020-08-27T11:16:09.618+0000][21728][gc,marking   ] GC(238) Concurrent Rebuild Remembered Sets
[2020-08-27T11:16:09.697+0000][21728][gc,marking   ] GC(238) Concurrent Rebuild Remembered Sets 79.084ms
[2020-08-27T11:16:09.697+0000][21728][gc,start     ] GC(238) Pause Cleanup
[2020-08-27T11:16:09.697+0000][21728][gc           ] GC(238) Pause Cleanup 572M->572M(1024M) 0.246ms
[2020-08-27T11:16:09.697+0000][21728][gc,cpu       ] GC(238) User=0.00s Sys=0.00s Real=0.00s
[2020-08-27T11:16:09.697+0000][21728][safepoint    ] Safepoint "G1Concurrent", Time since last: 79263700 ns, Reaching safepoint: 136700 ns, At safepoint: 362700 ns, Total: 499400 ns
[2020-08-27T11:16:09.697+0000][21728][gc,marking   ] GC(238) Concurrent Cleanup for Next Mark
[2020-08-27T11:16:09.698+0000][21728][gc,marking   ] GC(238) Concurrent Cleanup for Next Mark 1.152ms
[2020-08-27T11:16:09.698+0000][21728][gc           ] GC(238) Concurrent Cycle 266.475ms
[2020-08-27T11:16:09.833+0000][21728][gc,start     ] GC(239) Pause Young (Concurrent Start) (G1 Humongous Allocation)
[2020-08-27T11:16:09.834+0000][21728][gc,task      ] GC(239) Using 8 workers of 8 for evacuation
[2020-08-27T11:16:09.834+0000][21728][gc,age       ] GC(239) Desired survivor size 32505856 bytes, new threshold 15 (max threshold 15)
[2020-08-27T11:16:09.839+0000][21728][gc,age       ] GC(239) Age table with threshold 15 (max threshold 15)
[2020-08-27T11:16:09.839+0000][21728][gc,age       ] GC(239) - age   1:   13491448 bytes,   13491448 total
[2020-08-27T11:16:09.839+0000][21728][gc,age       ] GC(239) - age   2:      14504 bytes,   13505952 total
[2020-08-27T11:16:09.839+0000][21728][gc,age       ] GC(239) - age   3:       1512 bytes,   13507464 total
[2020-08-27T11:16:09.839+0000][21728][gc,age       ] GC(239) - age   4:        480 bytes,   13507944 total
[2020-08-27T11:16:09.839+0000][21728][gc,age       ] GC(239) - age   5:       1216 bytes,   13509160 total
[2020-08-27T11:16:09.839+0000][21728][gc,age       ] GC(239) - age   6:       1032 bytes,   13510192 total
[2020-08-27T11:16:09.840+0000][21728][gc,age       ] GC(239) - age   7:        128 bytes,   13510320 total
[2020-08-27T11:16:09.840+0000][21728][gc,age       ] GC(239) - age   8:        656 bytes,   13510976 total
[2020-08-27T11:16:09.840+0000][21728][gc,age       ] GC(239) - age   9:       2216 bytes,   13513192 total
[2020-08-27T11:16:09.840+0000][21728][gc,age       ] GC(239) - age  10:      11088 bytes,   13524280 total
[2020-08-27T11:16:09.840+0000][21728][gc,age       ] GC(239) - age  11:      10960 bytes,   13535240 total
[2020-08-27T11:16:09.840+0000][21728][gc,age       ] GC(239) - age  12:     202192 bytes,   13737432 total
[2020-08-27T11:16:09.840+0000][21728][gc,age       ] GC(239) - age  13:        192 bytes,   13737624 total
[2020-08-27T11:16:09.840+0000][21728][gc,age       ] GC(239) - age  14:        952 bytes,   13738576 total
[2020-08-27T11:16:09.840+0000][21728][gc,age       ] GC(239) - age  15:         32 bytes,   13738608 total
[2020-08-27T11:16:09.840+0000][21728][gc,phases    ] GC(239)   Pre Evacuate Collection Set: 0.5ms
[2020-08-27T11:16:09.840+0000][21728][gc,phases    ] GC(239)   Merge Heap Roots: 0.1ms
[2020-08-27T11:16:09.840+0000][21728][gc,phases    ] GC(239)   Evacuate Collection Set: 3.7ms
[2020-08-27T11:16:09.840+0000][21728][gc,phases    ] GC(239)   Post Evacuate Collection Set: 1.2ms
[2020-08-27T11:16:09.840+0000][21728][gc,phases    ] GC(239)   Other: 1.1ms
[2020-08-27T11:16:09.840+0000][21728][gc,heap      ] GC(239) Eden regions: 97->0(476)
[2020-08-27T11:16:09.840+0000][21728][gc,heap      ] GC(239) Survivor regions: 14->14(62)
[2020-08-27T11:16:09.840+0000][21728][gc,heap      ] GC(239) Old regions: 78->78
[2020-08-27T11:16:09.840+0000][21728][gc,heap      ] GC(239) Archive regions: 0->0
[2020-08-27T11:16:09.840+0000][21728][gc,heap      ] GC(239) Humongous regions: 419->174
[2020-08-27T11:16:09.840+0000][21728][gc,metaspace ] GC(239) Metaspace: 86642K(93056K)->86642K(93056K) NonClass: 75543K(79360K)->75543K(79360K) Class: 11098K(13696K)->11098K(13696K)
[2020-08-27T11:16:09.840+0000][21728][gc           ] GC(239) Pause Young (Concurrent Start) (G1 Humongous Allocation) 605M->265M(1024M) 6.960ms
[2020-08-27T11:16:09.840+0000][21728][gc,cpu       ] GC(239) User=0.00s Sys=0.00s Real=0.01s
[2020-08-27T11:16:09.841+0000][21728][gc           ] GC(240) Concurrent Cycle
[2020-08-27T11:16:09.841+0000][21728][safepoint    ] Safepoint "G1TryInitiateConcMark", Time since last: 136013500 ns, Reaching safepoint: 174100 ns, At safepoint: 7169900 ns, Total: 7344000 ns
[2020-08-27T11:16:09.841+0000][21728][gc,marking   ] GC(240) Concurrent Clear Claimed Marks
[2020-08-27T11:16:09.842+0000][21728][gc,marking   ] GC(240) Concurrent Clear Claimed Marks 1.047ms
[2020-08-27T11:16:09.842+0000][21728][gc,marking   ] GC(240) Concurrent Scan Root Regions
[2020-08-27T11:16:09.846+0000][21728][gc,marking   ] GC(240) Concurrent Scan Root Regions 4.042ms
[2020-08-27T11:16:09.846+0000][21728][gc,marking   ] GC(240) Concurrent Mark (87.802s)
[2020-08-27T11:16:09.846+0000][21728][gc,marking   ] GC(240) Concurrent Mark From Roots
[2020-08-27T11:16:09.846+0000][21728][gc,task      ] GC(240) Using 2 workers of 2 for marking
[2020-08-27T11:16:10.011+0000][21728][gc,marking   ] GC(240) Concurrent Mark From Roots 165.288ms
[2020-08-27T11:16:10.011+0000][21728][gc,marking   ] GC(240) Concurrent Preclean
[2020-08-27T11:16:10.012+0000][21728][gc,marking   ] GC(240) Concurrent Preclean 0.632ms
[2020-08-27T11:16:10.012+0000][21728][gc,marking   ] GC(240) Concurrent Mark (87.802s, 87.968s) 166.161ms
[2020-08-27T11:16:10.012+0000][21728][gc,start     ] GC(240) Pause Remark
[2020-08-27T11:16:10.018+0000][21728][gc           ] GC(240) Pause Remark 512M->512M(1024M) 5.329ms
[2020-08-27T11:16:10.018+0000][21728][gc,cpu       ] GC(240) User=0.11s Sys=0.02s Real=0.01s
[2020-08-27T11:16:10.018+0000][21728][safepoint    ] Safepoint "G1Concurrent", Time since last: 171689400 ns, Reaching safepoint: 201400 ns, At safepoint: 5612300 ns, Total: 5813700 ns
[2020-08-27T11:16:10.018+0000][21728][gc,marking   ] GC(240) Concurrent Rebuild Remembered Sets
[2020-08-27T11:16:10.123+0000][21728][gc,marking   ] GC(240) Concurrent Rebuild Remembered Sets 104.685ms
[2020-08-27T11:16:10.123+0000][21728][gc,start     ] GC(240) Pause Cleanup
[2020-08-27T11:16:10.124+0000][21728][gc           ] GC(240) Pause Cleanup 586M->586M(1024M) 0.600ms
[2020-08-27T11:16:10.124+0000][21728][gc,cpu       ] GC(240) User=0.00s Sys=0.00s Real=0.00s
[2020-08-27T11:16:10.124+0000][21728][safepoint    ] Safepoint "G1Concurrent", Time since last: 104877200 ns, Reaching safepoint: 237000 ns, At safepoint: 794500 ns, Total: 1031500 ns
[2020-08-27T11:16:10.124+0000][21728][gc,marking   ] GC(240) Concurrent Cleanup for Next Mark
[2020-08-27T11:16:10.126+0000][21728][gc,marking   ] GC(240) Concurrent Cleanup for Next Mark 1.985ms
[2020-08-27T11:16:10.126+0000][21728][gc           ] GC(240) Concurrent Cycle 285.644ms
[2020-08-27T11:16:10.393+0000][21728][gc,start     ] GC(241) Pause Young (Concurrent Start) (G1 Humongous Allocation)
[2020-08-27T11:16:10.393+0000][21728][gc,task      ] GC(241) Using 8 workers of 8 for evacuation
[2020-08-27T11:16:10.393+0000][21728][gc,age       ] GC(241) Desired survivor size 32505856 bytes, new threshold 15 (max threshold 15)
[2020-08-27T11:16:10.399+0000][21728][gc,age       ] GC(241) Age table with threshold 15 (max threshold 15)
[2020-08-27T11:16:10.399+0000][21728][gc,age       ] GC(241) - age   1:   13564816 bytes,   13564816 total
[2020-08-27T11:16:10.399+0000][21728][gc,age       ] GC(241) - age   2:      19504 bytes,   13584320 total
[2020-08-27T11:16:10.399+0000][21728][gc,age       ] GC(241) - age   3:      13264 bytes,   13597584 total
[2020-08-27T11:16:10.399+0000][21728][gc,age       ] GC(241) - age   4:        992 bytes,   13598576 total
[2020-08-27T11:16:10.399+0000][21728][gc,age       ] GC(241) - age   5:        480 bytes,   13599056 total
[2020-08-27T11:16:10.399+0000][21728][gc,age       ] GC(241) - age   6:       1184 bytes,   13600240 total
[2020-08-27T11:16:10.399+0000][21728][gc,age       ] GC(241) - age   7:        936 bytes,   13601176 total
[2020-08-27T11:16:10.399+0000][21728][gc,age       ] GC(241) - age   8:         96 bytes,   13601272 total
[2020-08-27T11:16:10.399+0000][21728][gc,age       ] GC(241) - age   9:        656 bytes,   13601928 total
[2020-08-27T11:16:10.399+0000][21728][gc,age       ] GC(241) - age  10:       2216 bytes,   13604144 total
[2020-08-27T11:16:10.399+0000][21728][gc,age       ] GC(241) - age  11:      11088 bytes,   13615232 total
[2020-08-27T11:16:10.399+0000][21728][gc,age       ] GC(241) - age  12:      10960 bytes,   13626192 total
[2020-08-27T11:16:10.399+0000][21728][gc,age       ] GC(241) - age  13:     202032 bytes,   13828224 total
[2020-08-27T11:16:10.399+0000][21728][gc,age       ] GC(241) - age  14:        192 bytes,   13828416 total
[2020-08-27T11:16:10.399+0000][21728][gc,age       ] GC(241) - age  15:        888 bytes,   13829304 total
[2020-08-27T11:16:10.399+0000][21728][gc,phases    ] GC(241)   Pre Evacuate Collection Set: 0.5ms
[2020-08-27T11:16:10.399+0000][21728][gc,phases    ] GC(241)   Merge Heap Roots: 0.1ms
[2020-08-27T11:16:10.399+0000][21728][gc,phases    ] GC(241)   Evacuate Collection Set: 3.6ms
[2020-08-27T11:16:10.399+0000][21728][gc,phases    ] GC(241)   Post Evacuate Collection Set: 1.0ms
[2020-08-27T11:16:10.399+0000][21728][gc,phases    ] GC(241)   Other: 0.9ms
[2020-08-27T11:16:10.399+0000][21728][gc,heap      ] GC(241) Eden regions: 98->0(473)
[2020-08-27T11:16:10.399+0000][21728][gc,heap      ] GC(241) Survivor regions: 14->14(62)
[2020-08-27T11:16:10.399+0000][21728][gc,heap      ] GC(241) Old regions: 78->78
[2020-08-27T11:16:10.399+0000][21728][gc,heap      ] GC(241) Archive regions: 0->0
[2020-08-27T11:16:10.399+0000][21728][gc,heap      ] GC(241) Humongous regions: 430->174
[2020-08-27T11:16:10.400+0000][21728][gc,metaspace ] GC(241) Metaspace: 86653K(93056K)->86653K(93056K) NonClass: 75555K(79360K)->75555K(79360K) Class: 11098K(13696K)->11098K(13696K)
[2020-08-27T11:16:10.400+0000][21728][gc           ] GC(241) Pause Young (Concurrent Start) (G1 Humongous Allocation) 619M->265M(1024M) 6.341ms
[2020-08-27T11:16:10.400+0000][21728][gc,cpu       ] GC(241) User=0.00s Sys=0.00s Real=0.01s
[2020-08-27T11:16:10.400+0000][21728][gc           ] GC(242) Concurrent Cycle
[2020-08-27T11:16:10.400+0000][21728][safepoint    ] Safepoint "G1TryInitiateConcMark", Time since last: 269025700 ns, Reaching safepoint: 136000 ns, At safepoint: 6548300 ns, Total: 6684300 ns
[2020-08-27T11:16:10.400+0000][21728][gc,marking   ] GC(242) Concurrent Clear Claimed Marks
[2020-08-27T11:16:10.401+0000][21728][gc,marking   ] GC(242) Concurrent Clear Claimed Marks 0.932ms
[2020-08-27T11:16:10.401+0000][21728][gc,marking   ] GC(242) Concurrent Scan Root Regions
[2020-08-27T11:16:10.405+0000][21728][gc,marking   ] GC(242) Concurrent Scan Root Regions 4.221ms
[2020-08-27T11:16:10.405+0000][21728][gc,marking   ] GC(242) Concurrent Mark (88.361s)
[2020-08-27T11:16:10.405+0000][21728][gc,marking   ] GC(242) Concurrent Mark From Roots
[2020-08-27T11:16:10.405+0000][21728][gc,task      ] GC(242) Using 2 workers of 2 for marking
[2020-08-27T11:16:10.576+0000][21728][gc,marking   ] GC(242) Concurrent Mark From Roots 171.089ms
[2020-08-27T11:16:10.576+0000][21728][gc,marking   ] GC(242) Concurrent Preclean
[2020-08-27T11:16:10.577+0000][21728][gc,marking   ] GC(242) Concurrent Preclean 0.578ms
[2020-08-27T11:16:10.577+0000][21728][gc,marking   ] GC(242) Concurrent Mark (88.361s, 88.533s) 171.845ms
[2020-08-27T11:16:10.577+0000][21728][gc,start     ] GC(242) Pause Remark
[2020-08-27T11:16:10.583+0000][21728][gc           ] GC(242) Pause Remark 510M->510M(1024M) 5.969ms
[2020-08-27T11:16:10.583+0000][21728][gc,cpu       ] GC(242) User=0.11s Sys=0.00s Real=0.01s
[2020-08-27T11:16:10.584+0000][21728][safepoint    ] Safepoint "G1Concurrent", Time since last: 177352700 ns, Reaching safepoint: 161700 ns, At safepoint: 6489800 ns, Total: 6651500 ns
[2020-08-27T11:16:10.584+0000][21728][gc,marking   ] GC(242) Concurrent Rebuild Remembered Sets
[2020-08-27T11:16:10.685+0000][21728][gc,marking   ] GC(242) Concurrent Rebuild Remembered Sets 101.784ms
[2020-08-27T11:16:10.689+0000][21728][gc,start     ] GC(242) Pause Cleanup
[2020-08-27T11:16:10.689+0000][21728][gc           ] GC(242) Pause Cleanup 515M->515M(1024M) 0.431ms
[2020-08-27T11:16:10.689+0000][21728][gc,cpu       ] GC(242) User=0.00s Sys=0.00s Real=0.00s
[2020-08-27T11:16:10.690+0000][21728][safepoint    ] Safepoint "G1Concurrent", Time since last: 102006500 ns, Reaching safepoint: 3063900 ns, At safepoint: 963400 ns, Total: 4027300 ns
[2020-08-27T11:16:10.690+0000][21728][gc,marking   ] GC(242) Concurrent Cleanup for Next Mark
[2020-08-27T11:16:10.692+0000][21728][gc,marking   ] GC(242) Concurrent Cleanup for Next Mark 2.043ms
[2020-08-27T11:16:10.692+0000][21728][gc           ] GC(242) Concurrent Cycle 292.337ms
[2020-08-27T11:16:10.710+0000][21728][gc,start     ] GC(243) Pause Young (Concurrent Start) (G1 Humongous Allocation)
[2020-08-27T11:16:10.710+0000][21728][gc,task      ] GC(243) Using 8 workers of 8 for evacuation
[2020-08-27T11:16:10.710+0000][21728][gc,age       ] GC(243) Desired survivor size 31981568 bytes, new threshold 15 (max threshold 15)
[2020-08-27T11:16:10.714+0000][21728][gc,age       ] GC(243) Age table with threshold 15 (max threshold 15)
[2020-08-27T11:16:10.714+0000][21728][gc,age       ] GC(243) - age   1:     176616 bytes,     176616 total
[2020-08-27T11:16:10.714+0000][21728][gc,age       ] GC(243) - age   2:    3172224 bytes,    3348840 total
[2020-08-27T11:16:10.714+0000][21728][gc,age       ] GC(243) - age   3:      18480 bytes,    3367320 total
[2020-08-27T11:16:10.714+0000][21728][gc,age       ] GC(243) - age   4:      13264 bytes,    3380584 total
[2020-08-27T11:16:10.714+0000][21728][gc,age       ] GC(243) - age   5:        992 bytes,    3381576 total
[2020-08-27T11:16:10.714+0000][21728][gc,age       ] GC(243) - age   6:        480 bytes,    3382056 total
[2020-08-27T11:16:10.714+0000][21728][gc,age       ] GC(243) - age   7:       1184 bytes,    3383240 total
[2020-08-27T11:16:10.714+0000][21728][gc,age       ] GC(243) - age   8:        936 bytes,    3384176 total
[2020-08-27T11:16:10.714+0000][21728][gc,age       ] GC(243) - age   9:         96 bytes,    3384272 total
[2020-08-27T11:16:10.714+0000][21728][gc,age       ] GC(243) - age  10:        656 bytes,    3384928 total
[2020-08-27T11:16:10.714+0000][21728][gc,age       ] GC(243) - age  11:       2216 bytes,    3387144 total
[2020-08-27T11:16:10.714+0000][21728][gc,age       ] GC(243) - age  12:      11088 bytes,    3398232 total
[2020-08-27T11:16:10.714+0000][21728][gc,age       ] GC(243) - age  13:      10960 bytes,    3409192 total
[2020-08-27T11:16:10.715+0000][21728][gc,age       ] GC(243) - age  14:     202032 bytes,    3611224 total
[2020-08-27T11:16:10.715+0000][21728][gc,age       ] GC(243) - age  15:         96 bytes,    3611320 total
[2020-08-27T11:16:10.715+0000][21728][gc,phases    ] GC(243)   Pre Evacuate Collection Set: 0.4ms
[2020-08-27T11:16:10.715+0000][21728][gc,phases    ] GC(243)   Merge Heap Roots: 0.1ms
[2020-08-27T11:16:10.715+0000][21728][gc,phases    ] GC(243)   Evacuate Collection Set: 2.3ms
[2020-08-27T11:16:10.715+0000][21728][gc,phases    ] GC(243)   Post Evacuate Collection Set: 0.9ms
[2020-08-27T11:16:10.715+0000][21728][gc,phases    ] GC(243)   Other: 1.0ms
[2020-08-27T11:16:10.715+0000][21728][gc,heap      ] GC(243) Eden regions: 48->0(467)
[2020-08-27T11:16:10.715+0000][21728][gc,heap      ] GC(243) Survivor regions: 14->5(61)
[2020-08-27T11:16:10.715+0000][21728][gc,heap      ] GC(243) Old regions: 78->78
[2020-08-27T11:16:10.715+0000][21728][gc,heap      ] GC(243) Archive regions: 0->0
[2020-08-27T11:16:10.715+0000][21728][gc,heap      ] GC(243) Humongous regions: 378->174
[2020-08-27T11:16:10.715+0000][21728][gc,metaspace ] GC(243) Metaspace: 86656K(93056K)->86656K(93056K) NonClass: 75557K(79360K)->75557K(79360K) Class: 11098K(13696K)->11098K(13696K)
[2020-08-27T11:16:10.715+0000][21728][gc           ] GC(243) Pause Young (Concurrent Start) (G1 Humongous Allocation) 517M->256M(1024M) 5.080ms
[2020-08-27T11:16:10.715+0000][21728][gc,cpu       ] GC(243) User=0.00s Sys=0.00s Real=0.00s
[2020-08-27T11:16:10.715+0000][21728][gc           ] GC(244) Concurrent Cycle
[2020-08-27T11:16:10.715+0000][21728][gc,marking   ] GC(244) Concurrent Clear Claimed Marks
[2020-08-27T11:16:10.716+0000][21728][safepoint    ] Safepoint "G1TryInitiateConcMark", Time since last: 20148300 ns, Reaching safepoint: 155600 ns, At safepoint: 5568800 ns, Total: 5724400 ns
[2020-08-27T11:16:10.716+0000][21728][gc,marking   ] GC(244) Concurrent Clear Claimed Marks 0.381ms
[2020-08-27T11:16:10.716+0000][21728][gc,marking   ] GC(244) Concurrent Scan Root Regions
[2020-08-27T11:16:10.718+0000][21728][gc,marking   ] GC(244) Concurrent Scan Root Regions 2.039ms
[2020-08-27T11:16:10.718+0000][21728][gc,marking   ] GC(244) Concurrent Mark (88.674s)
[2020-08-27T11:16:10.718+0000][21728][gc,marking   ] GC(244) Concurrent Mark From Roots
[2020-08-27T11:16:10.718+0000][21728][gc,task      ] GC(244) Using 2 workers of 2 for marking
[2020-08-27T11:16:10.885+0000][21728][gc,marking   ] GC(244) Concurrent Mark From Roots 166.970ms
[2020-08-27T11:16:10.885+0000][21728][gc,marking   ] GC(244) Concurrent Preclean
[2020-08-27T11:16:10.886+0000][21728][gc,marking   ] GC(244) Concurrent Preclean 0.562ms
[2020-08-27T11:16:10.886+0000][21728][gc,marking   ] GC(244) Concurrent Mark (88.674s, 88.841s) 167.744ms
[2020-08-27T11:16:10.886+0000][21728][gc,start     ] GC(244) Pause Remark
[2020-08-27T11:16:10.892+0000][21728][gc           ] GC(244) Pause Remark 326M->326M(1024M) 5.978ms
[2020-08-27T11:16:10.892+0000][21728][gc,cpu       ] GC(244) User=0.05s Sys=0.00s Real=0.01s
[2020-08-27T11:16:10.892+0000][21728][safepoint    ] Safepoint "G1Concurrent", Time since last: 170156300 ns, Reaching safepoint: 164700 ns, At safepoint: 6253400 ns, Total: 6418100 ns
[2020-08-27T11:16:10.892+0000][21728][gc,marking   ] GC(244) Concurrent Rebuild Remembered Sets
[2020-08-27T11:16:10.975+0000][21728][gc,marking   ] GC(244) Concurrent Rebuild Remembered Sets 83.243ms
[2020-08-27T11:16:10.976+0000][21728][gc,start     ] GC(244) Pause Cleanup
[2020-08-27T11:16:10.976+0000][21728][gc           ] GC(244) Pause Cleanup 334M->334M(1024M) 0.323ms
[2020-08-27T11:16:10.976+0000][21728][gc,cpu       ] GC(244) User=0.00s Sys=0.00s Real=0.00s
[2020-08-27T11:16:10.976+0000][21728][safepoint    ] Safepoint "G1Concurrent", Time since last: 83430500 ns, Reaching safepoint: 138800 ns, At safepoint: 496400 ns, Total: 635200 ns
[2020-08-27T11:16:10.976+0000][21728][gc,marking   ] GC(244) Concurrent Cleanup for Next Mark
[2020-08-27T11:16:10.978+0000][21728][gc,marking   ] GC(244) Concurrent Cleanup for Next Mark 1.665ms
[2020-08-27T11:16:10.978+0000][21728][gc           ] GC(244) Concurrent Cycle 262.775ms
[2020-08-27T11:16:11.020+0000][21728][gc,start     ] GC(245) Pause Young (Concurrent Start) (G1 Humongous Allocation)
[2020-08-27T11:16:11.020+0000][21728][gc,task      ] GC(245) Using 8 workers of 8 for evacuation
[2020-08-27T11:16:11.020+0000][21728][gc,age       ] GC(245) Desired survivor size 30932992 bytes, new threshold 15 (max threshold 15)
[2020-08-27T11:16:11.025+0000][21728][gc,age       ] GC(245) Age table with threshold 15 (max threshold 15)
[2020-08-27T11:16:11.025+0000][21728][gc,age       ] GC(245) - age   1:   10834216 bytes,   10834216 total
[2020-08-27T11:16:11.025+0000][21728][gc,age       ] GC(245) - age   2:       1184 bytes,   10835400 total
[2020-08-27T11:16:11.025+0000][21728][gc,age       ] GC(245) - age   3:       2904 bytes,   10838304 total
[2020-08-27T11:16:11.025+0000][21728][gc,age       ] GC(245) - age   4:      17520 bytes,   10855824 total
[2020-08-27T11:16:11.025+0000][21728][gc,age       ] GC(245) - age   5:      13200 bytes,   10869024 total
[2020-08-27T11:16:11.025+0000][21728][gc,age       ] GC(245) - age   6:        992 bytes,   10870016 total
[2020-08-27T11:16:11.025+0000][21728][gc,age       ] GC(245) - age   7:        480 bytes,   10870496 total
[2020-08-27T11:16:11.025+0000][21728][gc,age       ] GC(245) - age   8:       1088 bytes,   10871584 total
[2020-08-27T11:16:11.025+0000][21728][gc,age       ] GC(245) - age   9:        808 bytes,   10872392 total
[2020-08-27T11:16:11.025+0000][21728][gc,age       ] GC(245) - age  10:         96 bytes,   10872488 total
[2020-08-27T11:16:11.026+0000][21728][gc,age       ] GC(245) - age  11:        656 bytes,   10873144 total
[2020-08-27T11:16:11.026+0000][21728][gc,age       ] GC(245) - age  12:       2184 bytes,   10875328 total
[2020-08-27T11:16:11.026+0000][21728][gc,age       ] GC(245) - age  13:      11088 bytes,   10886416 total
[2020-08-27T11:16:11.026+0000][21728][gc,age       ] GC(245) - age  14:      10960 bytes,   10897376 total
[2020-08-27T11:16:11.026+0000][21728][gc,age       ] GC(245) - age  15:     202000 bytes,   11099376 total
[2020-08-27T11:16:11.026+0000][21728][gc,phases    ] GC(245)   Pre Evacuate Collection Set: 0.6ms
[2020-08-27T11:16:11.026+0000][21728][gc,phases    ] GC(245)   Merge Heap Roots: 0.1ms
[2020-08-27T11:16:11.026+0000][21728][gc,phases    ] GC(245)   Evacuate Collection Set: 3.4ms
[2020-08-27T11:16:11.026+0000][21728][gc,phases    ] GC(245)   Post Evacuate Collection Set: 0.9ms
[2020-08-27T11:16:11.026+0000][21728][gc,phases    ] GC(245)   Other: 1.2ms
[2020-08-27T11:16:11.026+0000][21728][gc,heap      ] GC(245) Eden regions: 51->0(463)
[2020-08-27T11:16:11.026+0000][21728][gc,heap      ] GC(245) Survivor regions: 5->12(59)
[2020-08-27T11:16:11.026+0000][21728][gc,heap      ] GC(245) Old regions: 78->78
[2020-08-27T11:16:11.026+0000][21728][gc,heap      ] GC(245) Archive regions: 0->0
[2020-08-27T11:16:11.026+0000][21728][gc,heap      ] GC(245) Humongous regions: 229->174
[2020-08-27T11:16:11.026+0000][21728][gc,metaspace ] GC(245) Metaspace: 86669K(93056K)->86669K(93056K) NonClass: 75570K(79360K)->75570K(79360K) Class: 11098K(13696K)->11098K(13696K)
[2020-08-27T11:16:11.026+0000][21728][gc           ] GC(245) Pause Young (Concurrent Start) (G1 Humongous Allocation) 362M->262M(1024M) 6.521ms
[2020-08-27T11:16:11.026+0000][21728][gc,cpu       ] GC(245) User=0.00s Sys=0.00s Real=0.01s
[2020-08-27T11:16:11.026+0000][21728][gc           ] GC(246) Concurrent Cycle
[2020-08-27T11:16:11.026+0000][21728][gc,marking   ] GC(246) Concurrent Clear Claimed Marks
[2020-08-27T11:16:11.027+0000][21728][safepoint    ] Safepoint "G1TryInitiateConcMark", Time since last: 43205600 ns, Reaching safepoint: 223200 ns, At safepoint: 6983500 ns, Total: 7206700 ns
[2020-08-27T11:16:11.027+0000][21728][gc,marking   ] GC(246) Concurrent Clear Claimed Marks 0.313ms
[2020-08-27T11:16:11.027+0000][21728][gc,marking   ] GC(246) Concurrent Scan Root Regions
[2020-08-27T11:16:11.031+0000][21728][gc,marking   ] GC(246) Concurrent Scan Root Regions 4.242ms
[2020-08-27T11:16:11.031+0000][21728][gc,marking   ] GC(246) Concurrent Mark (88.987s)
[2020-08-27T11:16:11.031+0000][21728][gc,marking   ] GC(246) Concurrent Mark From Roots
[2020-08-27T11:16:11.031+0000][21728][gc,task      ] GC(246) Using 2 workers of 2 for marking
[2020-08-27T11:16:11.209+0000][21728][gc,marking   ] GC(246) Concurrent Mark From Roots 178.105ms
[2020-08-27T11:16:11.209+0000][21728][gc,marking   ] GC(246) Concurrent Preclean
[2020-08-27T11:16:11.210+0000][21728][gc,marking   ] GC(246) Concurrent Preclean 0.615ms
[2020-08-27T11:16:11.210+0000][21728][gc,marking   ] GC(246) Concurrent Mark (88.987s, 89.166s) 178.933ms
[2020-08-27T11:16:11.210+0000][21728][gc,start     ] GC(246) Pause Remark
[2020-08-27T11:16:11.216+0000][21728][gc           ] GC(246) Pause Remark 507M->507M(1024M) 5.813ms
[2020-08-27T11:16:11.216+0000][21728][gc,cpu       ] GC(246) User=0.00s Sys=0.00s Real=0.01s
[2020-08-27T11:16:11.216+0000][21728][safepoint    ] Safepoint "G1Concurrent", Time since last: 183617100 ns, Reaching safepoint: 145900 ns, At safepoint: 6020800 ns, Total: 6166700 ns
[2020-08-27T11:16:11.216+0000][21728][gc,marking   ] GC(246) Concurrent Rebuild Remembered Sets
[2020-08-27T11:16:11.319+0000][21728][gc,marking   ] GC(246) Concurrent Rebuild Remembered Sets 102.335ms
[2020-08-27T11:16:11.320+0000][21728][gc,start     ] GC(246) Pause Cleanup
[2020-08-27T11:16:11.320+0000][21728][gc           ] GC(246) Pause Cleanup 567M->567M(1024M) 0.399ms
[2020-08-27T11:16:11.320+0000][21728][gc,cpu       ] GC(246) User=0.00s Sys=0.00s Real=0.00s
[2020-08-27T11:16:11.320+0000][21728][safepoint    ] Safepoint "G1Concurrent", Time since last: 102544600 ns, Reaching safepoint: 592500 ns, At safepoint: 709700 ns, Total: 1302200 ns
[2020-08-27T11:16:11.320+0000][21728][gc,marking   ] GC(246) Concurrent Cleanup for Next Mark
[2020-08-27T11:16:11.322+0000][21728][gc,marking   ] GC(246) Concurrent Cleanup for Next Mark 2.018ms
[2020-08-27T11:16:11.322+0000][21728][gc           ] GC(246) Concurrent Cycle 296.110ms
[2020-08-27T11:16:11.550+0000][21728][gc,start     ] GC(247) Pause Young (Concurrent Start) (G1 Humongous Allocation)
[2020-08-27T11:16:11.550+0000][21728][gc,task      ] GC(247) Using 8 workers of 8 for evacuation
[2020-08-27T11:16:11.550+0000][21728][gc,age       ] GC(247) Desired survivor size 31457280 bytes, new threshold 15 (max threshold 15)
[2020-08-27T11:16:11.555+0000][21728][gc,age       ] GC(247) Age table with threshold 15 (max threshold 15)
[2020-08-27T11:16:11.555+0000][21728][gc,age       ] GC(247) - age   1:    8052560 bytes,    8052560 total
[2020-08-27T11:16:11.555+0000][21728][gc,age       ] GC(247) - age   2:       3352 bytes,    8055912 total
[2020-08-27T11:16:11.555+0000][21728][gc,age       ] GC(247) - age   3:         96 bytes,    8056008 total
[2020-08-27T11:16:11.555+0000][21728][gc,age       ] GC(247) - age   4:       1232 bytes,    8057240 total
[2020-08-27T11:16:11.555+0000][21728][gc,age       ] GC(247) - age   5:      17488 bytes,    8074728 total
[2020-08-27T11:16:11.555+0000][21728][gc,age       ] GC(247) - age   6:      13176 bytes,    8087904 total
[2020-08-27T11:16:11.555+0000][21728][gc,age       ] GC(247) - age   7:        992 bytes,    8088896 total
[2020-08-27T11:16:11.555+0000][21728][gc,age       ] GC(247) - age   8:        416 bytes,    8089312 total
[2020-08-27T11:16:11.555+0000][21728][gc,age       ] GC(247) - age   9:       1024 bytes,    8090336 total
[2020-08-27T11:16:11.555+0000][21728][gc,age       ] GC(247) - age  10:        808 bytes,    8091144 total
[2020-08-27T11:16:11.555+0000][21728][gc,age       ] GC(247) - age  11:         96 bytes,    8091240 total
[2020-08-27T11:16:11.555+0000][21728][gc,age       ] GC(247) - age  12:        624 bytes,    8091864 total
[2020-08-27T11:16:11.555+0000][21728][gc,age       ] GC(247) - age  13:       2184 bytes,    8094048 total
[2020-08-27T11:16:11.555+0000][21728][gc,age       ] GC(247) - age  14:      11088 bytes,    8105136 total
[2020-08-27T11:16:11.555+0000][21728][gc,age       ] GC(247) - age  15:      10960 bytes,    8116096 total
[2020-08-27T11:16:11.555+0000][21728][gc,phases    ] GC(247)   Pre Evacuate Collection Set: 0.5ms
[2020-08-27T11:16:11.555+0000][21728][gc,phases    ] GC(247)   Merge Heap Roots: 0.1ms
[2020-08-27T11:16:11.555+0000][21728][gc,phases    ] GC(247)   Evacuate Collection Set: 2.9ms
[2020-08-27T11:16:11.555+0000][21728][gc,phases    ] GC(247)   Post Evacuate Collection Set: 1.1ms
[2020-08-27T11:16:11.556+0000][21728][gc,phases    ] GC(247)   Other: 1.1ms
[2020-08-27T11:16:11.556+0000][21728][gc,heap      ] GC(247) Eden regions: 99->0(470)
[2020-08-27T11:16:11.556+0000][21728][gc,heap      ] GC(247) Survivor regions: 12->9(60)
[2020-08-27T11:16:11.556+0000][21728][gc,heap      ] GC(247) Old regions: 78->78
[2020-08-27T11:16:11.556+0000][21728][gc,heap      ] GC(247) Archive regions: 0->0
[2020-08-27T11:16:11.556+0000][21728][gc,heap      ] GC(247) Humongous regions: 427->174
[2020-08-27T11:16:11.556+0000][21728][gc,metaspace ] GC(247) Metaspace: 86676K(93056K)->86676K(93056K) NonClass: 75577K(79360K)->75577K(79360K) Class: 11098K(13696K)->11098K(13696K)
[2020-08-27T11:16:11.556+0000][21728][gc           ] GC(247) Pause Young (Concurrent Start) (G1 Humongous Allocation) 614M->260M(1024M) 6.239ms
[2020-08-27T11:16:11.556+0000][21728][gc,cpu       ] GC(247) User=0.00s Sys=0.00s Real=0.01s
[2020-08-27T11:16:11.556+0000][21728][gc           ] GC(248) Concurrent Cycle
[2020-08-27T11:16:11.556+0000][21728][gc,marking   ] GC(248) Concurrent Clear Claimed Marks
[2020-08-27T11:16:11.556+0000][21728][safepoint    ] Safepoint "G1TryInitiateConcMark", Time since last: 229123900 ns, Reaching safepoint: 181400 ns, At safepoint: 6731800 ns, Total: 6913200 ns
[2020-08-27T11:16:11.556+0000][21728][gc,marking   ] GC(248) Concurrent Clear Claimed Marks 0.403ms
[2020-08-27T11:16:11.556+0000][21728][gc,marking   ] GC(248) Concurrent Scan Root Regions
[2020-08-27T11:16:11.560+0000][21728][gc,marking   ] GC(248) Concurrent Scan Root Regions 3.597ms
[2020-08-27T11:16:11.560+0000][21728][gc,marking   ] GC(248) Concurrent Mark (89.516s)
[2020-08-27T11:16:11.560+0000][21728][gc,marking   ] GC(248) Concurrent Mark From Roots
[2020-08-27T11:16:11.560+0000][21728][gc,task      ] GC(248) Using 2 workers of 2 for marking
[2020-08-27T11:16:11.720+0000][21728][gc,marking   ] GC(248) Concurrent Mark From Roots 160.051ms
[2020-08-27T11:16:11.720+0000][21728][gc,marking   ] GC(248) Concurrent Preclean
[2020-08-27T11:16:11.721+0000][21728][gc,marking   ] GC(248) Concurrent Preclean 0.609ms
[2020-08-27T11:16:11.721+0000][21728][gc,marking   ] GC(248) Concurrent Mark (89.516s, 89.677s) 160.847ms
[2020-08-27T11:16:11.721+0000][21728][gc,start     ] GC(248) Pause Remark
[2020-08-27T11:16:11.727+0000][21728][gc           ] GC(248) Pause Remark 435M->435M(1024M) 5.712ms
[2020-08-27T11:16:11.727+0000][21728][gc,cpu       ] GC(248) User=0.00s Sys=0.00s Real=0.01s
[2020-08-27T11:16:11.727+0000][21728][safepoint    ] Safepoint "G1Concurrent", Time since last: 164896600 ns, Reaching safepoint: 143900 ns, At safepoint: 5931500 ns, Total: 6075400 ns
[2020-08-27T11:16:11.727+0000][21728][gc,marking   ] GC(248) Concurrent Rebuild Remembered Sets
[2020-08-27T11:16:11.826+0000][21728][gc,marking   ] GC(248) Concurrent Rebuild Remembered Sets 99.227ms
[2020-08-27T11:16:11.827+0000][21728][gc,start     ] GC(248) Pause Cleanup
[2020-08-27T11:16:11.827+0000][21728][gc           ] GC(248) Pause Cleanup 438M->438M(1024M) 0.310ms
[2020-08-27T11:16:11.827+0000][21728][gc,cpu       ] GC(248) User=0.00s Sys=0.00s Real=0.00s
[2020-08-27T11:16:11.827+0000][21728][safepoint    ] Safepoint "G1Concurrent", Time since last: 99440500 ns, Reaching safepoint: 157200 ns, At safepoint: 481600 ns, Total: 638800 ns
[2020-08-27T11:16:11.827+0000][21728][gc,marking   ] GC(248) Concurrent Cleanup for Next Mark
[2020-08-27T11:16:11.829+0000][21728][gc,marking   ] GC(248) Concurrent Cleanup for Next Mark 1.633ms
[2020-08-27T11:16:11.829+0000][21728][gc           ] GC(248) Concurrent Cycle 273.155ms
[2020-08-27T11:16:11.925+0000][21728][gc,start     ] GC(249) Pause Young (Concurrent Start) (G1 Humongous Allocation)
[2020-08-27T11:16:11.925+0000][21728][gc,task      ] GC(249) Using 8 workers of 8 for evacuation
[2020-08-27T11:16:11.925+0000][21728][gc,age       ] GC(249) Desired survivor size 31457280 bytes, new threshold 15 (max threshold 15)
[2020-08-27T11:16:11.929+0000][21728][gc,age       ] GC(249) Age table with threshold 15 (max threshold 15)
[2020-08-27T11:16:11.929+0000][21728][gc,age       ] GC(249) - age   1:    3396600 bytes,    3396600 total
[2020-08-27T11:16:11.929+0000][21728][gc,age       ] GC(249) - age   2:      15240 bytes,    3411840 total
[2020-08-27T11:16:11.929+0000][21728][gc,age       ] GC(249) - age   3:       3056 bytes,    3414896 total
[2020-08-27T11:16:11.929+0000][21728][gc,age       ] GC(249) - age   4:         96 bytes,    3414992 total
[2020-08-27T11:16:11.929+0000][21728][gc,age       ] GC(249) - age   5:       1200 bytes,    3416192 total
[2020-08-27T11:16:11.929+0000][21728][gc,age       ] GC(249) - age   6:      17488 bytes,    3433680 total
[2020-08-27T11:16:11.929+0000][21728][gc,age       ] GC(249) - age   7:      12856 bytes,    3446536 total
[2020-08-27T11:16:11.929+0000][21728][gc,age       ] GC(249) - age   8:        992 bytes,    3447528 total
[2020-08-27T11:16:11.929+0000][21728][gc,age       ] GC(249) - age   9:        416 bytes,    3447944 total
[2020-08-27T11:16:11.929+0000][21728][gc,age       ] GC(249) - age  10:        896 bytes,    3448840 total
[2020-08-27T11:16:11.929+0000][21728][gc,age       ] GC(249) - age  11:        808 bytes,    3449648 total
[2020-08-27T11:16:11.930+0000][21728][gc,age       ] GC(249) - age  12:         96 bytes,    3449744 total
[2020-08-27T11:16:11.930+0000][21728][gc,age       ] GC(249) - age  13:        624 bytes,    3450368 total
[2020-08-27T11:16:11.930+0000][21728][gc,age       ] GC(249) - age  14:       2152 bytes,    3452520 total
[2020-08-27T11:16:11.930+0000][21728][gc,age       ] GC(249) - age  15:      11024 bytes,    3463544 total
[2020-08-27T11:16:11.930+0000][21728][gc,phases    ] GC(249)   Pre Evacuate Collection Set: 0.5ms
[2020-08-27T11:16:11.930+0000][21728][gc,phases    ] GC(249)   Merge Heap Roots: 0.1ms
[2020-08-27T11:16:11.930+0000][21728][gc,phases    ] GC(249)   Evacuate Collection Set: 2.2ms
[2020-08-27T11:16:11.930+0000][21728][gc,phases    ] GC(249)   Post Evacuate Collection Set: 0.9ms
[2020-08-27T11:16:11.930+0000][21728][gc,phases    ] GC(249)   Other: 1.1ms
[2020-08-27T11:16:11.930+0000][21728][gc,heap      ] GC(249) Eden regions: 52->0(481)
[2020-08-27T11:16:11.930+0000][21728][gc,heap      ] GC(249) Survivor regions: 9->4(60)
[2020-08-27T11:16:11.930+0000][21728][gc,heap      ] GC(249) Old regions: 78->78
[2020-08-27T11:16:11.930+0000][21728][gc,heap      ] GC(249) Archive regions: 0->0
[2020-08-27T11:16:11.930+0000][21728][gc,heap      ] GC(249) Humongous regions: 318->174
[2020-08-27T11:16:11.930+0000][21728][gc,metaspace ] GC(249) Metaspace: 86676K(93056K)->86676K(93056K) NonClass: 75577K(79360K)->75577K(79360K) Class: 11098K(13696K)->11098K(13696K)
[2020-08-27T11:16:11.930+0000][21728][gc           ] GC(249) Pause Young (Concurrent Start) (G1 Humongous Allocation) 456M->255M(1024M) 5.041ms
[2020-08-27T11:16:11.930+0000][21728][gc,cpu       ] GC(249) User=0.00s Sys=0.00s Real=0.01s
[2020-08-27T11:16:11.930+0000][21728][safepoint    ] Safepoint "G1TryInitiateConcMark", Time since last: 97592300 ns, Reaching safepoint: 164000 ns, At safepoint: 5203300 ns, Total: 5367300 ns
[2020-08-27T11:16:11.930+0000][21728][gc           ] GC(250) Concurrent Cycle
[2020-08-27T11:16:11.930+0000][21728][gc,marking   ] GC(250) Concurrent Clear Claimed Marks
[2020-08-27T11:16:11.931+0000][21728][gc,marking   ] GC(250) Concurrent Clear Claimed Marks 0.613ms
[2020-08-27T11:16:11.931+0000][21728][gc,marking   ] GC(250) Concurrent Scan Root Regions
[2020-08-27T11:16:11.934+0000][21728][gc,marking   ] GC(250) Concurrent Scan Root Regions 2.886ms
[2020-08-27T11:16:11.934+0000][21728][gc,marking   ] GC(250) Concurrent Mark (89.890s)
[2020-08-27T11:16:11.934+0000][21728][gc,marking   ] GC(250) Concurrent Mark From Roots
[2020-08-27T11:16:11.934+0000][21728][gc,task      ] GC(250) Using 2 workers of 2 for marking
[2020-08-27T11:16:12.094+0000][21728][gc,marking   ] GC(250) Concurrent Mark From Roots 159.562ms
[2020-08-27T11:16:12.094+0000][21728][gc,marking   ] GC(250) Concurrent Preclean
[2020-08-27T11:16:12.094+0000][21728][gc,marking   ] GC(250) Concurrent Preclean 0.497ms
[2020-08-27T11:16:12.094+0000][21728][gc,marking   ] GC(250) Concurrent Mark (89.890s, 90.050s) 160.248ms
[2020-08-27T11:16:12.095+0000][21728][gc,start     ] GC(250) Pause Remark
[2020-08-27T11:16:12.100+0000][21728][gc           ] GC(250) Pause Remark 314M->314M(1024M) 5.844ms
[2020-08-27T11:16:12.101+0000][21728][gc,cpu       ] GC(250) User=0.00s Sys=0.02s Real=0.01s
[2020-08-27T11:16:12.101+0000][21728][safepoint    ] Safepoint "G1Concurrent", Time since last: 164149100 ns, Reaching safepoint: 157500 ns, At safepoint: 6115500 ns, Total: 6273000 ns
[2020-08-27T11:16:12.101+0000][21728][gc,marking   ] GC(250) Concurrent Rebuild Remembered Sets
[2020-08-27T11:16:12.194+0000][21728][gc,marking   ] GC(250) Concurrent Rebuild Remembered Sets 92.907ms
[2020-08-27T11:16:12.194+0000][21728][gc,start     ] GC(250) Pause Cleanup
[2020-08-27T11:16:12.194+0000][21728][gc           ] GC(250) Pause Cleanup 378M->378M(1024M) 0.268ms
[2020-08-27T11:16:12.194+0000][21728][gc,cpu       ] GC(250) User=0.00s Sys=0.00s Real=0.00s
[2020-08-27T11:16:12.194+0000][21728][safepoint    ] Safepoint "G1Concurrent", Time since last: 93093400 ns, Reaching safepoint: 180200 ns, At safepoint: 420300 ns, Total: 600500 ns
[2020-08-27T11:16:12.194+0000][21728][gc,marking   ] GC(250) Concurrent Cleanup for Next Mark
[2020-08-27T11:16:12.196+0000][21728][gc,marking   ] GC(250) Concurrent Cleanup for Next Mark 1.573ms
[2020-08-27T11:16:12.196+0000][21728][gc           ] GC(250) Concurrent Cycle 265.830ms
[2020-08-27T11:16:12.420+0000][21728][gc,start     ] GC(251) Pause Young (Concurrent Start) (G1 Humongous Allocation)
[2020-08-27T11:16:12.420+0000][21728][gc,task      ] GC(251) Using 8 workers of 8 for evacuation
[2020-08-27T11:16:12.420+0000][21728][gc,age       ] GC(251) Desired survivor size 31981568 bytes, new threshold 15 (max threshold 15)
[2020-08-27T11:16:12.423+0000][21728][gc,age       ] GC(251) Age table with threshold 15 (max threshold 15)
[2020-08-27T11:16:12.423+0000][21728][gc,age       ] GC(251) - age   1:    3209672 bytes,    3209672 total
[2020-08-27T11:16:12.423+0000][21728][gc,age       ] GC(251) - age   2:     200952 bytes,    3410624 total
[2020-08-27T11:16:12.423+0000][21728][gc,age       ] GC(251) - age   3:      11136 bytes,    3421760 total
[2020-08-27T11:16:12.423+0000][21728][gc,age       ] GC(251) - age   4:       2768 bytes,    3424528 total
[2020-08-27T11:16:12.423+0000][21728][gc,age       ] GC(251) - age   5:         96 bytes,    3424624 total
[2020-08-27T11:16:12.423+0000][21728][gc,age       ] GC(251) - age   6:       1136 bytes,    3425760 total
[2020-08-27T11:16:12.424+0000][21728][gc,age       ] GC(251) - age   7:      17488 bytes,    3443248 total
[2020-08-27T11:16:12.424+0000][21728][gc,age       ] GC(251) - age   8:      12832 bytes,    3456080 total
[2020-08-27T11:16:12.424+0000][21728][gc,age       ] GC(251) - age   9:        896 bytes,    3456976 total
[2020-08-27T11:16:12.424+0000][21728][gc,age       ] GC(251) - age  10:        416 bytes,    3457392 total
[2020-08-27T11:16:12.424+0000][21728][gc,age       ] GC(251) - age  11:        736 bytes,    3458128 total
[2020-08-27T11:16:12.424+0000][21728][gc,age       ] GC(251) - age  12:        616 bytes,    3458744 total
[2020-08-27T11:16:12.424+0000][21728][gc,age       ] GC(251) - age  13:         96 bytes,    3458840 total
[2020-08-27T11:16:12.424+0000][21728][gc,age       ] GC(251) - age  14:        624 bytes,    3459464 total
[2020-08-27T11:16:12.424+0000][21728][gc,age       ] GC(251) - age  15:       2152 bytes,    3461616 total
[2020-08-27T11:16:12.424+0000][21728][gc,phases    ] GC(251)   Pre Evacuate Collection Set: 0.6ms
[2020-08-27T11:16:12.424+0000][21728][gc,phases    ] GC(251)   Merge Heap Roots: 0.1ms
[2020-08-27T11:16:12.424+0000][21728][gc,phases    ] GC(251)   Evacuate Collection Set: 2.3ms
[2020-08-27T11:16:12.424+0000][21728][gc,phases    ] GC(251)   Post Evacuate Collection Set: 0.8ms
[2020-08-27T11:16:12.424+0000][21728][gc,phases    ] GC(251)   Other: 1.1ms
[2020-08-27T11:16:12.424+0000][21728][gc,heap      ] GC(251) Eden regions: 43->0(486)
[2020-08-27T11:16:12.424+0000][21728][gc,heap      ] GC(251) Survivor regions: 4->4(61)
[2020-08-27T11:16:12.424+0000][21728][gc,heap      ] GC(251) Old regions: 78->78
[2020-08-27T11:16:12.424+0000][21728][gc,heap      ] GC(251) Archive regions: 0->0
[2020-08-27T11:16:12.424+0000][21728][gc,heap      ] GC(251) Humongous regions: 270->174
[2020-08-27T11:16:12.424+0000][21728][gc,metaspace ] GC(251) Metaspace: 86679K(93056K)->86679K(93056K) NonClass: 75579K(79360K)->75579K(79360K) Class: 11099K(13696K)->11099K(13696K)
[2020-08-27T11:16:12.424+0000][21728][gc           ] GC(251) Pause Young (Concurrent Start) (G1 Humongous Allocation) 394M->255M(1024M) 5.175ms
[2020-08-27T11:16:12.424+0000][21728][gc,cpu       ] GC(251) User=0.03s Sys=0.00s Real=0.00s
[2020-08-27T11:16:12.424+0000][21728][gc           ] GC(252) Concurrent Cycle
[2020-08-27T11:16:12.424+0000][21728][safepoint    ] Safepoint "G1TryInitiateConcMark", Time since last: 225102000 ns, Reaching safepoint: 163200 ns, At safepoint: 5420700 ns, Total: 5583900 ns
[2020-08-27T11:16:12.424+0000][21728][gc,marking   ] GC(252) Concurrent Clear Claimed Marks
[2020-08-27T11:16:12.425+0000][21728][gc,marking   ] GC(252) Concurrent Clear Claimed Marks 0.896ms
[2020-08-27T11:16:12.426+0000][21728][gc,marking   ] GC(252) Concurrent Scan Root Regions
[2020-08-27T11:16:12.429+0000][21728][gc,marking   ] GC(252) Concurrent Scan Root Regions 3.236ms
[2020-08-27T11:16:12.429+0000][21728][gc,marking   ] GC(252) Concurrent Mark (90.385s)
[2020-08-27T11:16:12.429+0000][21728][gc,marking   ] GC(252) Concurrent Mark From Roots
[2020-08-27T11:16:12.429+0000][21728][gc,task      ] GC(252) Using 2 workers of 2 for marking
[2020-08-27T11:16:12.578+0000][21728][gc,marking   ] GC(252) Concurrent Mark From Roots 149.017ms
[2020-08-27T11:16:12.578+0000][21728][gc,marking   ] GC(252) Concurrent Preclean
[2020-08-27T11:16:12.579+0000][21728][gc,marking   ] GC(252) Concurrent Preclean 0.822ms
[2020-08-27T11:16:12.579+0000][21728][gc,marking   ] GC(252) Concurrent Mark (90.385s, 90.535s) 150.110ms
[2020-08-27T11:16:12.579+0000][21728][gc,start     ] GC(252) Pause Remark
[2020-08-27T11:16:12.585+0000][21728][gc           ] GC(252) Pause Remark 314M->314M(1024M) 5.765ms
[2020-08-27T11:16:12.585+0000][21728][gc,cpu       ] GC(252) User=0.00s Sys=0.00s Real=0.01s
[2020-08-27T11:16:12.585+0000][21728][safepoint    ] Safepoint "G1Concurrent", Time since last: 154724700 ns, Reaching safepoint: 196200 ns, At safepoint: 5961200 ns, Total: 6157400 ns
[2020-08-27T11:16:12.585+0000][21728][gc,marking   ] GC(252) Concurrent Rebuild Remembered Sets
[2020-08-27T11:16:12.676+0000][21728][gc,marking   ] GC(252) Concurrent Rebuild Remembered Sets 90.850ms
[2020-08-27T11:16:12.677+0000][21728][gc,start     ] GC(252) Pause Cleanup
[2020-08-27T11:16:12.677+0000][21728][gc           ] GC(252) Pause Cleanup 315M->315M(1024M) 0.273ms
[2020-08-27T11:16:12.677+0000][21728][gc,cpu       ] GC(252) User=0.00s Sys=0.00s Real=0.00s
[2020-08-27T11:16:12.677+0000][21728][safepoint    ] Safepoint "G1Concurrent", Time since last: 91042700 ns, Reaching safepoint: 184000 ns, At safepoint: 486300 ns, Total: 670300 ns
[2020-08-27T11:16:12.677+0000][21728][gc,marking   ] GC(252) Concurrent Cleanup for Next Mark
[2020-08-27T11:16:12.679+0000][21728][gc,marking   ] GC(252) Concurrent Cleanup for Next Mark 1.724ms
[2020-08-27T11:16:12.679+0000][21728][gc           ] GC(252) Concurrent Cycle 254.501ms
[2020-08-27T11:16:12.786+0000][21728][gc,start     ] GC(253) Pause Young (Concurrent Start) (G1 Humongous Allocation)
[2020-08-27T11:16:12.786+0000][21728][gc,task      ] GC(253) Using 8 workers of 8 for evacuation
[2020-08-27T11:16:12.786+0000][21728][gc,age       ] GC(253) Desired survivor size 32505856 bytes, new threshold 15 (max threshold 15)
[2020-08-27T11:16:12.790+0000][21728][gc,age       ] GC(253) Age table with threshold 15 (max threshold 15)
[2020-08-27T11:16:12.791+0000][21728][gc,age       ] GC(253) - age   1:   13349592 bytes,   13349592 total
[2020-08-27T11:16:12.791+0000][21728][gc,age       ] GC(253) - age   2:       5680 bytes,   13355272 total
[2020-08-27T11:16:12.791+0000][21728][gc,age       ] GC(253) - age   3:       1504 bytes,   13356776 total
[2020-08-27T11:16:12.791+0000][21728][gc,age       ] GC(253) - age   4:       7256 bytes,   13364032 total
[2020-08-27T11:16:12.791+0000][21728][gc,age       ] GC(253) - age   5:       1440 bytes,   13365472 total
[2020-08-27T11:16:12.791+0000][21728][gc,age       ] GC(253) - age   6:         96 bytes,   13365568 total
[2020-08-27T11:16:12.791+0000][21728][gc,age       ] GC(253) - age   7:       1072 bytes,   13366640 total
[2020-08-27T11:16:12.791+0000][21728][gc,age       ] GC(253) - age   8:      17392 bytes,   13384032 total
[2020-08-27T11:16:12.791+0000][21728][gc,age       ] GC(253) - age   9:      12832 bytes,   13396864 total
[2020-08-27T11:16:12.791+0000][21728][gc,age       ] GC(253) - age  10:        896 bytes,   13397760 total
[2020-08-27T11:16:12.791+0000][21728][gc,age       ] GC(253) - age  11:        416 bytes,   13398176 total
[2020-08-27T11:16:12.791+0000][21728][gc,age       ] GC(253) - age  12:        608 bytes,   13398784 total
[2020-08-27T11:16:12.791+0000][21728][gc,age       ] GC(253) - age  13:        616 bytes,   13399400 total
[2020-08-27T11:16:12.791+0000][21728][gc,age       ] GC(253) - age  14:         96 bytes,   13399496 total
[2020-08-27T11:16:12.791+0000][21728][gc,age       ] GC(253) - age  15:        624 bytes,   13400120 total
[2020-08-27T11:16:12.791+0000][21728][gc,phases    ] GC(253)   Pre Evacuate Collection Set: 0.5ms
[2020-08-27T11:16:12.791+0000][21728][gc,phases    ] GC(253)   Merge Heap Roots: 0.1ms
[2020-08-27T11:16:12.791+0000][21728][gc,phases    ] GC(253)   Evacuate Collection Set: 3.5ms
[2020-08-27T11:16:12.791+0000][21728][gc,phases    ] GC(253)   Post Evacuate Collection Set: 0.9ms
[2020-08-27T11:16:12.791+0000][21728][gc,phases    ] GC(253)   Other: 0.9ms
[2020-08-27T11:16:12.791+0000][21728][gc,heap      ] GC(253) Eden regions: 43->0(472)
[2020-08-27T11:16:12.791+0000][21728][gc,heap      ] GC(253) Survivor regions: 4->14(62)
[2020-08-27T11:16:12.791+0000][21728][gc,heap      ] GC(253) Old regions: 78->78
[2020-08-27T11:16:12.791+0000][21728][gc,heap      ] GC(253) Archive regions: 0->0
[2020-08-27T11:16:12.791+0000][21728][gc,heap      ] GC(253) Humongous regions: 229->174
[2020-08-27T11:16:12.791+0000][21728][gc,metaspace ] GC(253) Metaspace: 86697K(93056K)->86697K(93056K) NonClass: 75597K(79360K)->75597K(79360K) Class: 11100K(13696K)->11100K(13696K)
[2020-08-27T11:16:12.791+0000][21728][gc           ] GC(253) Pause Young (Concurrent Start) (G1 Humongous Allocation) 353M->265M(1024M) 6.011ms
[2020-08-27T11:16:12.791+0000][21728][gc,cpu       ] GC(253) User=0.00s Sys=0.00s Real=0.00s
[2020-08-27T11:16:12.791+0000][21728][gc           ] GC(254) Concurrent Cycle
[2020-08-27T11:16:12.791+0000][21728][safepoint    ] Safepoint "G1TryInitiateConcMark", Time since last: 107830700 ns, Reaching safepoint: 266800 ns, At safepoint: 6205300 ns, Total: 6472100 ns
[2020-08-27T11:16:12.791+0000][21728][gc,marking   ] GC(254) Concurrent Clear Claimed Marks
[2020-08-27T11:16:12.792+0000][21728][gc,marking   ] GC(254) Concurrent Clear Claimed Marks 0.599ms
[2020-08-27T11:16:12.792+0000][21728][gc,marking   ] GC(254) Concurrent Scan Root Regions
[2020-08-27T11:16:12.796+0000][21728][gc,marking   ] GC(254) Concurrent Scan Root Regions 4.021ms
[2020-08-27T11:16:12.796+0000][21728][gc,marking   ] GC(254) Concurrent Mark (90.753s)
[2020-08-27T11:16:12.796+0000][21728][gc,marking   ] GC(254) Concurrent Mark From Roots
[2020-08-27T11:16:12.796+0000][21728][gc,task      ] GC(254) Using 2 workers of 2 for marking
[2020-08-27T11:16:12.956+0000][21728][gc,marking   ] GC(254) Concurrent Mark From Roots 159.450ms
[2020-08-27T11:16:12.956+0000][21728][gc,marking   ] GC(254) Concurrent Preclean
[2020-08-27T11:16:12.956+0000][21728][gc,marking   ] GC(254) Concurrent Preclean 0.599ms
[2020-08-27T11:16:12.957+0000][21728][gc,marking   ] GC(254) Concurrent Mark (90.753s, 90.913s) 160.276ms
[2020-08-27T11:16:12.957+0000][21728][gc,start     ] GC(254) Pause Remark
[2020-08-27T11:16:12.962+0000][21728][gc           ] GC(254) Pause Remark 505M->505M(1024M) 4.978ms
[2020-08-27T11:16:12.962+0000][21728][gc,cpu       ] GC(254) User=0.00s Sys=0.00s Real=0.00s
[2020-08-27T11:16:12.962+0000][21728][safepoint    ] Safepoint "G1Concurrent", Time since last: 165264100 ns, Reaching safepoint: 186200 ns, At safepoint: 5192100 ns, Total: 5378300 ns
[2020-08-27T11:16:12.962+0000][21728][gc,marking   ] GC(254) Concurrent Rebuild Remembered Sets
[2020-08-27T11:16:13.052+0000][21728][gc,marking   ] GC(254) Concurrent Rebuild Remembered Sets 90.190ms
[2020-08-27T11:16:13.053+0000][21728][gc,start     ] GC(254) Pause Cleanup
[2020-08-27T11:16:13.053+0000][21728][gc           ] GC(254) Pause Cleanup 579M->579M(1024M) 0.275ms
[2020-08-27T11:16:13.053+0000][21728][gc,cpu       ] GC(254) User=0.00s Sys=0.00s Real=0.00s
[2020-08-27T11:16:13.053+0000][21728][safepoint    ] Safepoint "G1Concurrent", Time since last: 90351200 ns, Reaching safepoint: 189900 ns, At safepoint: 392400 ns, Total: 582300 ns
[2020-08-27T11:16:13.053+0000][21728][gc,marking   ] GC(254) Concurrent Cleanup for Next Mark
[2020-08-27T11:16:13.054+0000][21728][gc,marking   ] GC(254) Concurrent Cleanup for Next Mark 1.198ms
[2020-08-27T11:16:13.054+0000][21728][gc           ] GC(254) Concurrent Cycle 262.959ms
[2020-08-27T11:16:13.193+0000][21728][gc,start     ] GC(255) Pause Young (Concurrent Start) (G1 Humongous Allocation)
[2020-08-27T11:16:13.193+0000][21728][gc,task      ] GC(255) Using 8 workers of 8 for evacuation
[2020-08-27T11:16:13.193+0000][21728][gc,age       ] GC(255) Desired survivor size 31981568 bytes, new threshold 15 (max threshold 15)
[2020-08-27T11:16:13.198+0000][21728][gc,age       ] GC(255) Age table with threshold 15 (max threshold 15)
[2020-08-27T11:16:13.198+0000][21728][gc,age       ] GC(255) - age   1:   11024968 bytes,   11024968 total
[2020-08-27T11:16:13.198+0000][21728][gc,age       ] GC(255) - age   2:      18952 bytes,   11043920 total
[2020-08-27T11:16:13.198+0000][21728][gc,age       ] GC(255) - age   3:       5144 bytes,   11049064 total
[2020-08-27T11:16:13.198+0000][21728][gc,age       ] GC(255) - age   4:       1096 bytes,   11050160 total
[2020-08-27T11:16:13.198+0000][21728][gc,age       ] GC(255) - age   5:       1600 bytes,   11051760 total
[2020-08-27T11:16:13.198+0000][21728][gc,age       ] GC(255) - age   6:       1344 bytes,   11053104 total
[2020-08-27T11:16:13.198+0000][21728][gc,age       ] GC(255) - age   7:         96 bytes,   11053200 total
[2020-08-27T11:16:13.198+0000][21728][gc,age       ] GC(255) - age   8:       1040 bytes,   11054240 total
[2020-08-27T11:16:13.198+0000][21728][gc,age       ] GC(255) - age   9:      17392 bytes,   11071632 total
[2020-08-27T11:16:13.198+0000][21728][gc,age       ] GC(255) - age  10:      12832 bytes,   11084464 total
[2020-08-27T11:16:13.198+0000][21728][gc,age       ] GC(255) - age  11:        864 bytes,   11085328 total
[2020-08-27T11:16:13.198+0000][21728][gc,age       ] GC(255) - age  12:        416 bytes,   11085744 total
[2020-08-27T11:16:13.198+0000][21728][gc,age       ] GC(255) - age  13:        576 bytes,   11086320 total
[2020-08-27T11:16:13.198+0000][21728][gc,age       ] GC(255) - age  14:        616 bytes,   11086936 total
[2020-08-27T11:16:13.198+0000][21728][gc,age       ] GC(255) - age  15:         96 bytes,   11087032 total
[2020-08-27T11:16:13.198+0000][21728][gc,phases    ] GC(255)   Pre Evacuate Collection Set: 0.4ms
[2020-08-27T11:16:13.198+0000][21728][gc,phases    ] GC(255)   Merge Heap Roots: 0.1ms
[2020-08-27T11:16:13.198+0000][21728][gc,phases    ] GC(255)   Evacuate Collection Set: 3.2ms
[2020-08-27T11:16:13.199+0000][21728][gc,phases    ] GC(255)   Post Evacuate Collection Set: 0.8ms
[2020-08-27T11:16:13.199+0000][21728][gc,phases    ] GC(255)   Other: 0.8ms
[2020-08-27T11:16:13.199+0000][21728][gc,heap      ] GC(255) Eden regions: 95->0(474)
[2020-08-27T11:16:13.199+0000][21728][gc,heap      ] GC(255) Survivor regions: 14->12(61)
[2020-08-27T11:16:13.199+0000][21728][gc,heap      ] GC(255) Old regions: 78->78
[2020-08-27T11:16:13.199+0000][21728][gc,heap      ] GC(255) Archive regions: 0->0
[2020-08-27T11:16:13.199+0000][21728][gc,heap      ] GC(255) Humongous regions: 423->174
[2020-08-27T11:16:13.199+0000][21728][gc,metaspace ] GC(255) Metaspace: 86700K(93056K)->86700K(93056K) NonClass: 75600K(79360K)->75600K(79360K) Class: 11100K(13696K)->11100K(13696K)
[2020-08-27T11:16:13.199+0000][21728][gc           ] GC(255) Pause Young (Concurrent Start) (G1 Humongous Allocation) 608M->263M(1024M) 5.480ms
[2020-08-27T11:16:13.199+0000][21728][gc,cpu       ] GC(255) User=0.00s Sys=0.00s Real=0.01s
[2020-08-27T11:16:13.199+0000][21728][gc           ] GC(256) Concurrent Cycle
[2020-08-27T11:16:13.199+0000][21728][safepoint    ] Safepoint "G1TryInitiateConcMark", Time since last: 140079000 ns, Reaching safepoint: 150300 ns, At safepoint: 5690600 ns, Total: 5840900 ns
[2020-08-27T11:16:13.199+0000][21728][gc,marking   ] GC(256) Concurrent Clear Claimed Marks
[2020-08-27T11:16:13.200+0000][21728][gc,marking   ] GC(256) Concurrent Clear Claimed Marks 0.930ms
[2020-08-27T11:16:13.200+0000][21728][gc,marking   ] GC(256) Concurrent Scan Root Regions
[2020-08-27T11:16:13.205+0000][21728][gc,marking   ] GC(256) Concurrent Scan Root Regions 5.418ms
[2020-08-27T11:16:13.206+0000][21728][gc,marking   ] GC(256) Concurrent Mark (91.162s)
[2020-08-27T11:16:13.206+0000][21728][gc,marking   ] GC(256) Concurrent Mark From Roots
[2020-08-27T11:16:13.206+0000][21728][gc,task      ] GC(256) Using 2 workers of 2 for marking
[2020-08-27T11:16:13.371+0000][21728][gc,marking   ] GC(256) Concurrent Mark From Roots 165.553ms
[2020-08-27T11:16:13.371+0000][21728][gc,marking   ] GC(256) Concurrent Preclean
[2020-08-27T11:16:13.372+0000][21728][gc,marking   ] GC(256) Concurrent Preclean 0.611ms
[2020-08-27T11:16:13.372+0000][21728][gc,marking   ] GC(256) Concurrent Mark (91.162s, 91.328s) 166.406ms
[2020-08-27T11:16:13.372+0000][21728][gc,start     ] GC(256) Pause Remark
[2020-08-27T11:16:13.378+0000][21728][gc           ] GC(256) Pause Remark 512M->512M(1024M) 5.516ms
[2020-08-27T11:16:13.378+0000][21728][gc,cpu       ] GC(256) User=0.13s Sys=0.00s Real=0.01s
[2020-08-27T11:16:13.378+0000][21728][safepoint    ] Safepoint "G1Concurrent", Time since last: 173200000 ns, Reaching safepoint: 194400 ns, At safepoint: 5774400 ns, Total: 5968800 ns
[2020-08-27T11:16:13.378+0000][21728][gc,marking   ] GC(256) Concurrent Rebuild Remembered Sets
[2020-08-27T11:16:13.482+0000][21728][gc,marking   ] GC(256) Concurrent Rebuild Remembered Sets 104.084ms
[2020-08-27T11:16:13.482+0000][21728][gc,start     ] GC(256) Pause Cleanup
[2020-08-27T11:16:13.483+0000][21728][gc           ] GC(256) Pause Cleanup 587M->587M(1024M) 0.330ms
[2020-08-27T11:16:13.483+0000][21728][gc,cpu       ] GC(256) User=0.00s Sys=0.00s Real=0.00s
[2020-08-27T11:16:13.483+0000][21728][safepoint    ] Safepoint "G1Concurrent", Time since last: 104268400 ns, Reaching safepoint: 143600 ns, At safepoint: 480500 ns, Total: 624100 ns
[2020-08-27T11:16:13.483+0000][21728][gc,marking   ] GC(256) Concurrent Cleanup for Next Mark
[2020-08-27T11:16:13.484+0000][21728][gc,marking   ] GC(256) Concurrent Cleanup for Next Mark 1.313ms
[2020-08-27T11:16:13.484+0000][21728][gc           ] GC(256) Concurrent Cycle 285.565ms
[2020-08-27T11:16:13.750+0000][21728][gc,start     ] GC(257) Pause Young (Concurrent Start) (G1 Humongous Allocation)
[2020-08-27T11:16:13.750+0000][21728][gc,task      ] GC(257) Using 8 workers of 8 for evacuation
[2020-08-27T11:16:13.750+0000][21728][gc,age       ] GC(257) Desired survivor size 31981568 bytes, new threshold 15 (max threshold 15)
[2020-08-27T11:16:13.757+0000][21728][gc,age       ] GC(257) Age table with threshold 15 (max threshold 15)
[2020-08-27T11:16:13.757+0000][21728][gc,age       ] GC(257) - age   1:    3900208 bytes,    3900208 total
[2020-08-27T11:16:13.757+0000][21728][gc,age       ] GC(257) - age   2:       7064 bytes,    3907272 total
[2020-08-27T11:16:13.757+0000][21728][gc,age       ] GC(257) - age   3:      17424 bytes,    3924696 total
[2020-08-27T11:16:13.757+0000][21728][gc,age       ] GC(257) - age   4:       4776 bytes,    3929472 total
[2020-08-27T11:16:13.757+0000][21728][gc,age       ] GC(257) - age   5:       1064 bytes,    3930536 total
[2020-08-27T11:16:13.757+0000][21728][gc,age       ] GC(257) - age   6:       1472 bytes,    3932008 total
[2020-08-27T11:16:13.757+0000][21728][gc,age       ] GC(257) - age   7:       1344 bytes,    3933352 total
[2020-08-27T11:16:13.757+0000][21728][gc,age       ] GC(257) - age   8:         96 bytes,    3933448 total
[2020-08-27T11:16:13.757+0000][21728][gc,age       ] GC(257) - age   9:       1008 bytes,    3934456 total
[2020-08-27T11:16:13.757+0000][21728][gc,age       ] GC(257) - age  10:      17392 bytes,    3951848 total
[2020-08-27T11:16:13.757+0000][21728][gc,age       ] GC(257) - age  11:      12832 bytes,    3964680 total
[2020-08-27T11:16:13.757+0000][21728][gc,age       ] GC(257) - age  12:        864 bytes,    3965544 total
[2020-08-27T11:16:13.757+0000][21728][gc,age       ] GC(257) - age  13:        320 bytes,    3965864 total
[2020-08-27T11:16:13.757+0000][21728][gc,age       ] GC(257) - age  14:        448 bytes,    3966312 total
[2020-08-27T11:16:13.757+0000][21728][gc,age       ] GC(257) - age  15:        488 bytes,    3966800 total
[2020-08-27T11:16:13.757+0000][21728][gc,phases    ] GC(257)   Pre Evacuate Collection Set: 0.5ms
[2020-08-27T11:16:13.757+0000][21728][gc,phases    ] GC(257)   Merge Heap Roots: 0.1ms
[2020-08-27T11:16:13.757+0000][21728][gc,phases    ] GC(257)   Evacuate Collection Set: 3.3ms
[2020-08-27T11:16:13.757+0000][21728][gc,phases    ] GC(257)   Post Evacuate Collection Set: 2.4ms
[2020-08-27T11:16:13.757+0000][21728][gc,phases    ] GC(257)   Other: 1.1ms
[2020-08-27T11:16:13.757+0000][21728][gc,heap      ] GC(257) Eden regions: 82->0(485)
[2020-08-27T11:16:13.757+0000][21728][gc,heap      ] GC(257) Survivor regions: 12->5(61)
[2020-08-27T11:16:13.757+0000][21728][gc,heap      ] GC(257) Old regions: 78->78
[2020-08-27T11:16:13.757+0000][21728][gc,heap      ] GC(257) Archive regions: 0->0
[2020-08-27T11:16:13.757+0000][21728][gc,heap      ] GC(257) Humongous regions: 430->174
[2020-08-27T11:16:13.757+0000][21728][gc,metaspace ] GC(257) Metaspace: 86711K(93056K)->86711K(93056K) NonClass: 75611K(79360K)->75611K(79360K) Class: 11100K(13696K)->11100K(13696K)
[2020-08-27T11:16:13.757+0000][21728][gc           ] GC(257) Pause Young (Concurrent Start) (G1 Humongous Allocation) 601M->256M(1024M) 7.950ms
[2020-08-27T11:16:13.757+0000][21728][gc,cpu       ] GC(257) User=0.11s Sys=0.00s Real=0.01s
[2020-08-27T11:16:13.757+0000][21728][gc           ] GC(258) Concurrent Cycle
[2020-08-27T11:16:13.757+0000][21728][safepoint    ] Safepoint "G1TryInitiateConcMark", Time since last: 266545400 ns, Reaching safepoint: 167600 ns, At safepoint: 8180300 ns, Total: 8347900 ns
[2020-08-27T11:16:13.759+0000][21728][gc,marking   ] GC(258) Concurrent Clear Claimed Marks
[2020-08-27T11:16:13.759+0000][21728][gc,marking   ] GC(258) Concurrent Clear Claimed Marks 0.394ms
[2020-08-27T11:16:13.759+0000][21728][gc,marking   ] GC(258) Concurrent Scan Root Regions
[2020-08-27T11:16:13.761+0000][21728][gc,marking   ] GC(258) Concurrent Scan Root Regions 2.148ms
[2020-08-27T11:16:13.761+0000][21728][gc,marking   ] GC(258) Concurrent Mark (91.717s)
[2020-08-27T11:16:13.761+0000][21728][gc,marking   ] GC(258) Concurrent Mark From Roots
[2020-08-27T11:16:13.761+0000][21728][gc,task      ] GC(258) Using 2 workers of 2 for marking
[2020-08-27T11:16:13.890+0000][21728][gc,marking   ] GC(258) Concurrent Mark From Roots 129.899ms
[2020-08-27T11:16:13.890+0000][21728][gc,marking   ] GC(258) Concurrent Preclean
[2020-08-27T11:16:13.891+0000][21728][gc,marking   ] GC(258) Concurrent Preclean 0.378ms
[2020-08-27T11:16:13.891+0000][21728][gc,marking   ] GC(258) Concurrent Mark (91.717s, 91.847s) 130.407ms
[2020-08-27T11:16:13.891+0000][21728][gc,start     ] GC(258) Pause Remark
[2020-08-27T11:16:13.896+0000][21728][gc           ] GC(258) Pause Remark 319M->319M(1024M) 5.305ms
[2020-08-27T11:16:13.896+0000][21728][gc,cpu       ] GC(258) User=0.00s Sys=0.00s Real=0.00s
[2020-08-27T11:16:13.896+0000][21728][safepoint    ] Safepoint "G1Concurrent", Time since last: 133215400 ns, Reaching safepoint: 155800 ns, At safepoint: 5494600 ns, Total: 5650400 ns
[2020-08-27T11:16:13.896+0000][21728][gc,marking   ] GC(258) Concurrent Rebuild Remembered Sets
[2020-08-27T11:16:13.975+0000][21728][gc,marking   ] GC(258) Concurrent Rebuild Remembered Sets 78.553ms
[2020-08-27T11:16:13.975+0000][21728][gc,start     ] GC(258) Pause Cleanup
[2020-08-27T11:16:13.976+0000][21728][gc           ] GC(258) Pause Cleanup 392M->392M(1024M) 0.271ms
[2020-08-27T11:16:13.976+0000][21728][gc,cpu       ] GC(258) User=0.00s Sys=0.00s Real=0.00s
[2020-08-27T11:16:13.976+0000][21728][safepoint    ] Safepoint "G1Concurrent", Time since last: 78744900 ns, Reaching safepoint: 176900 ns, At safepoint: 418200 ns, Total: 595100 ns
[2020-08-27T11:16:13.976+0000][21728][gc,marking   ] GC(258) Concurrent Cleanup for Next Mark
[2020-08-27T11:16:13.978+0000][21728][gc,marking   ] GC(258) Concurrent Cleanup for Next Mark 1.329ms
[2020-08-27T11:16:13.978+0000][21728][gc           ] GC(258) Concurrent Cycle 219.686ms
[2020-08-27T11:16:14.148+0000][21728][gc,start     ] GC(259) Pause Young (Concurrent Start) (G1 Humongous Allocation)
[2020-08-27T11:16:14.148+0000][21728][gc,task      ] GC(259) Using 8 workers of 8 for evacuation
[2020-08-27T11:16:14.148+0000][21728][gc,age       ] GC(259) Desired survivor size 32505856 bytes, new threshold 15 (max threshold 15)
[2020-08-27T11:16:14.153+0000][21728][gc,age       ] GC(259) Age table with threshold 15 (max threshold 15)
[2020-08-27T11:16:14.153+0000][21728][gc,age       ] GC(259) - age   1:    3311576 bytes,    3311576 total
[2020-08-27T11:16:14.154+0000][21728][gc,age       ] GC(259) - age   2:     601464 bytes,    3913040 total
[2020-08-27T11:16:14.154+0000][21728][gc,age       ] GC(259) - age   3:       3736 bytes,    3916776 total
[2020-08-27T11:16:14.154+0000][21728][gc,age       ] GC(259) - age   4:      17160 bytes,    3933936 total
[2020-08-27T11:16:14.154+0000][21728][gc,age       ] GC(259) - age   5:       4776 bytes,    3938712 total
[2020-08-27T11:16:14.154+0000][21728][gc,age       ] GC(259) - age   6:        968 bytes,    3939680 total
[2020-08-27T11:16:14.154+0000][21728][gc,age       ] GC(259) - age   7:       1376 bytes,    3941056 total
[2020-08-27T11:16:14.154+0000][21728][gc,age       ] GC(259) - age   8:       1312 bytes,    3942368 total
[2020-08-27T11:16:14.154+0000][21728][gc,age       ] GC(259) - age   9:         96 bytes,    3942464 total
[2020-08-27T11:16:14.154+0000][21728][gc,age       ] GC(259) - age  10:       1008 bytes,    3943472 total
[2020-08-27T11:16:14.154+0000][21728][gc,age       ] GC(259) - age  11:      17392 bytes,    3960864 total
[2020-08-27T11:16:14.154+0000][21728][gc,age       ] GC(259) - age  12:      12768 bytes,    3973632 total
[2020-08-27T11:16:14.154+0000][21728][gc,age       ] GC(259) - age  13:        704 bytes,    3974336 total
[2020-08-27T11:16:14.154+0000][21728][gc,age       ] GC(259) - age  14:        192 bytes,    3974528 total
[2020-08-27T11:16:14.154+0000][21728][gc,age       ] GC(259) - age  15:        288 bytes,    3974816 total
[2020-08-27T11:16:14.155+0000][21728][gc,phases    ] GC(259)   Pre Evacuate Collection Set: 0.4ms
[2020-08-27T11:16:14.155+0000][21728][gc,phases    ] GC(259)   Merge Heap Roots: 0.1ms
[2020-08-27T11:16:14.155+0000][21728][gc,phases    ] GC(259)   Evacuate Collection Set: 2.1ms
[2020-08-27T11:16:14.155+0000][21728][gc,phases    ] GC(259)   Post Evacuate Collection Set: 1.0ms
[2020-08-27T11:16:14.155+0000][21728][gc,phases    ] GC(259)   Other: 2.1ms
[2020-08-27T11:16:14.155+0000][21728][gc,heap      ] GC(259) Eden regions: 44->0(488)
[2020-08-27T11:16:14.155+0000][21728][gc,heap      ] GC(259) Survivor regions: 5->5(62)
[2020-08-27T11:16:14.155+0000][21728][gc,heap      ] GC(259) Old regions: 78->78
[2020-08-27T11:16:14.155+0000][21728][gc,heap      ] GC(259) Archive regions: 0->0
[2020-08-27T11:16:14.155+0000][21728][gc,heap      ] GC(259) Humongous regions: 278->174
[2020-08-27T11:16:14.155+0000][21728][gc,metaspace ] GC(259) Metaspace: 86711K(93056K)->86711K(93056K) NonClass: 75611K(79360K)->75611K(79360K) Class: 11100K(13696K)->11100K(13696K)
[2020-08-27T11:16:14.155+0000][21728][gc           ] GC(259) Pause Young (Concurrent Start) (G1 Humongous Allocation) 404M->255M(1024M) 6.080ms
[2020-08-27T11:16:14.155+0000][21728][gc,cpu       ] GC(259) User=0.00s Sys=0.00s Real=0.01s
[2020-08-27T11:16:14.156+0000][21728][gc           ] GC(260) Concurrent Cycle
[2020-08-27T11:16:14.156+0000][21728][safepoint    ] Safepoint "G1TryInitiateConcMark", Time since last: 172228600 ns, Reaching safepoint: 150700 ns, At safepoint: 6582500 ns, Total: 6733200 ns
[2020-08-27T11:16:14.156+0000][21728][gc,marking   ] GC(260) Concurrent Clear Claimed Marks
[2020-08-27T11:16:14.158+0000][21728][gc,marking   ] GC(260) Concurrent Clear Claimed Marks 2.258ms
[2020-08-27T11:16:14.158+0000][21728][gc,marking   ] GC(260) Concurrent Scan Root Regions
[2020-08-27T11:16:14.164+0000][21728][gc,marking   ] GC(260) Concurrent Scan Root Regions 5.907ms
[2020-08-27T11:16:14.164+0000][21728][gc,marking   ] GC(260) Concurrent Mark (92.120s)
[2020-08-27T11:16:14.164+0000][21728][gc,marking   ] GC(260) Concurrent Mark From Roots
[2020-08-27T11:16:14.164+0000][21728][gc,task      ] GC(260) Using 2 workers of 2 for marking
[2020-08-27T11:16:14.306+0000][21728][gc,marking   ] GC(260) Concurrent Mark From Roots 142.805ms
[2020-08-27T11:16:14.306+0000][21728][gc,marking   ] GC(260) Concurrent Preclean
[2020-08-27T11:16:14.307+0000][21728][gc,marking   ] GC(260) Concurrent Preclean 0.373ms
[2020-08-27T11:16:14.307+0000][21728][gc,marking   ] GC(260) Concurrent Mark (92.120s, 92.263s) 143.309ms
[2020-08-27T11:16:14.307+0000][21728][gc,start     ] GC(260) Pause Remark
[2020-08-27T11:16:14.312+0000][21728][gc           ] GC(260) Pause Remark 319M->319M(1024M) 4.971ms
[2020-08-27T11:16:14.312+0000][21728][gc,cpu       ] GC(260) User=0.00s Sys=0.00s Real=0.01s
[2020-08-27T11:16:14.312+0000][21728][safepoint    ] Safepoint "G1Concurrent", Time since last: 152161300 ns, Reaching safepoint: 160300 ns, At safepoint: 5183700 ns, Total: 5344000 ns
[2020-08-27T11:16:14.312+0000][21728][gc,marking   ] GC(260) Concurrent Rebuild Remembered Sets
[2020-08-27T11:16:14.395+0000][21728][gc,marking   ] GC(260) Concurrent Rebuild Remembered Sets 82.328ms
[2020-08-27T11:16:14.395+0000][21728][gc,start     ] GC(260) Pause Cleanup
[2020-08-27T11:16:14.395+0000][21728][gc           ] GC(260) Pause Cleanup 390M->390M(1024M) 0.232ms
[2020-08-27T11:16:14.395+0000][21728][gc,cpu       ] GC(260) User=0.00s Sys=0.00s Real=0.00s
[2020-08-27T11:16:14.395+0000][21728][safepoint    ] Safepoint "G1Concurrent", Time since last: 82577900 ns, Reaching safepoint: 171600 ns, At safepoint: 356100 ns, Total: 527700 ns
[2020-08-27T11:16:14.395+0000][21728][gc,marking   ] GC(260) Concurrent Cleanup for Next Mark
[2020-08-27T11:16:14.398+0000][21728][gc,marking   ] GC(260) Concurrent Cleanup for Next Mark 1.318ms
[2020-08-27T11:16:14.398+0000][21728][gc           ] GC(260) Concurrent Cycle 242.108ms
[2020-08-27T11:16:14.521+0000][21728][gc,start     ] GC(261) Pause Young (Concurrent Start) (G1 Humongous Allocation)
[2020-08-27T11:16:14.521+0000][21728][gc,task      ] GC(261) Using 8 workers of 8 for evacuation
[2020-08-27T11:16:14.521+0000][21728][gc,age       ] GC(261) Desired survivor size 32505856 bytes, new threshold 15 (max threshold 15)
[2020-08-27T11:16:14.524+0000][21728][gc,age       ] GC(261) Age table with threshold 15 (max threshold 15)
[2020-08-27T11:16:14.524+0000][21728][gc,age       ] GC(261) - age   1:    3189416 bytes,    3189416 total
[2020-08-27T11:16:14.524+0000][21728][gc,age       ] GC(261) - age   2:     408216 bytes,    3597632 total
[2020-08-27T11:16:14.524+0000][21728][gc,age       ] GC(261) - age   3:     203192 bytes,    3800824 total
[2020-08-27T11:16:14.524+0000][21728][gc,age       ] GC(261) - age   4:       2248 bytes,    3803072 total
[2020-08-27T11:16:14.524+0000][21728][gc,age       ] GC(261) - age   5:      17064 bytes,    3820136 total
[2020-08-27T11:16:14.524+0000][21728][gc,age       ] GC(261) - age   6:       4680 bytes,    3824816 total
[2020-08-27T11:16:14.524+0000][21728][gc,age       ] GC(261) - age   7:        744 bytes,    3825560 total
[2020-08-27T11:16:14.524+0000][21728][gc,age       ] GC(261) - age   8:       1376 bytes,    3826936 total
[2020-08-27T11:16:14.525+0000][21728][gc,age       ] GC(261) - age   9:       1312 bytes,    3828248 total
[2020-08-27T11:16:14.525+0000][21728][gc,age       ] GC(261) - age  10:         96 bytes,    3828344 total
[2020-08-27T11:16:14.525+0000][21728][gc,age       ] GC(261) - age  11:        976 bytes,    3829320 total
[2020-08-27T11:16:14.525+0000][21728][gc,age       ] GC(261) - age  12:      17152 bytes,    3846472 total
[2020-08-27T11:16:14.525+0000][21728][gc,age       ] GC(261) - age  13:      12608 bytes,    3859080 total
[2020-08-27T11:16:14.525+0000][21728][gc,age       ] GC(261) - age  14:        576 bytes,    3859656 total
[2020-08-27T11:16:14.525+0000][21728][gc,age       ] GC(261) - age  15:        192 bytes,    3859848 total
[2020-08-27T11:16:14.525+0000][21728][gc,phases    ] GC(261)   Pre Evacuate Collection Set: 0.3ms
[2020-08-27T11:16:14.525+0000][21728][gc,phases    ] GC(261)   Merge Heap Roots: 0.1ms
[2020-08-27T11:16:14.525+0000][21728][gc,phases    ] GC(261)   Evacuate Collection Set: 2.0ms
[2020-08-27T11:16:14.525+0000][21728][gc,phases    ] GC(261)   Post Evacuate Collection Set: 0.6ms
[2020-08-27T11:16:14.525+0000][21728][gc,phases    ] GC(261)   Other: 0.7ms
[2020-08-27T11:16:14.525+0000][21728][gc,heap      ] GC(261) Eden regions: 43->0(491)
[2020-08-27T11:16:14.525+0000][21728][gc,heap      ] GC(261) Survivor regions: 5->5(62)
[2020-08-27T11:16:14.525+0000][21728][gc,heap      ] GC(261) Old regions: 78->78
[2020-08-27T11:16:14.525+0000][21728][gc,heap      ] GC(261) Archive regions: 0->0
[2020-08-27T11:16:14.525+0000][21728][gc,heap      ] GC(261) Humongous regions: 278->174
[2020-08-27T11:16:14.525+0000][21728][gc,metaspace ] GC(261) Metaspace: 86712K(93056K)->86712K(93056K) NonClass: 75611K(79360K)->75611K(79360K) Class: 11100K(13696K)->11100K(13696K)
[2020-08-27T11:16:14.525+0000][21728][gc           ] GC(261) Pause Young (Concurrent Start) (G1 Humongous Allocation) 402M->255M(1024M) 3.942ms
[2020-08-27T11:16:14.525+0000][21728][gc,cpu       ] GC(261) User=0.00s Sys=0.00s Real=0.00s
[2020-08-27T11:16:14.525+0000][21728][safepoint    ] Safepoint "G1TryInitiateConcMark", Time since last: 125554700 ns, Reaching safepoint: 141600 ns, At safepoint: 4078300 ns, Total: 4219900 ns
[2020-08-27T11:16:14.525+0000][21728][gc           ] GC(262) Concurrent Cycle
[2020-08-27T11:16:14.525+0000][21728][gc,marking   ] GC(262) Concurrent Clear Claimed Marks
[2020-08-27T11:16:14.525+0000][21728][gc,marking   ] GC(262) Concurrent Clear Claimed Marks 0.310ms
[2020-08-27T11:16:14.525+0000][21728][gc,marking   ] GC(262) Concurrent Scan Root Regions
[2020-08-27T11:16:14.529+0000][21728][gc,marking   ] GC(262) Concurrent Scan Root Regions 2.289ms
[2020-08-27T11:16:14.529+0000][21728][gc,marking   ] GC(262) Concurrent Mark (92.484s)
[2020-08-27T11:16:14.529+0000][21728][gc,marking   ] GC(262) Concurrent Mark From Roots
[2020-08-27T11:16:14.529+0000][21728][gc,task      ] GC(262) Using 2 workers of 2 for marking
[2020-08-27T11:16:14.635+0000][21728][gc,marking   ] GC(262) Concurrent Mark From Roots 105.631ms
[2020-08-27T11:16:14.635+0000][21728][gc,marking   ] GC(262) Concurrent Preclean
[2020-08-27T11:16:14.635+0000][21728][gc,marking   ] GC(262) Concurrent Preclean 0.592ms
[2020-08-27T11:16:14.635+0000][21728][gc,marking   ] GC(262) Concurrent Mark (92.484s, 92.591s) 106.395ms
[2020-08-27T11:16:14.635+0000][21728][gc,start     ] GC(262) Pause Remark
[2020-08-27T11:16:14.639+0000][21728][gc           ] GC(262) Pause Remark 314M->314M(1024M) 4.755ms
[2020-08-27T11:16:14.639+0000][21728][gc,cpu       ] GC(262) User=0.00s Sys=0.00s Real=0.00s
[2020-08-27T11:16:14.639+0000][21728][safepoint    ] Safepoint "G1Concurrent", Time since last: 109286000 ns, Reaching safepoint: 171700 ns, At safepoint: 4984800 ns, Total: 5156500 ns
[2020-08-27T11:16:14.641+0000][21728][gc,marking   ] GC(262) Concurrent Rebuild Remembered Sets
[2020-08-27T11:16:14.723+0000][21728][gc,marking   ] GC(262) Concurrent Rebuild Remembered Sets 83.695ms
[2020-08-27T11:16:14.724+0000][21728][gc,start     ] GC(262) Pause Cleanup
[2020-08-27T11:16:14.724+0000][21728][gc           ] GC(262) Pause Cleanup 321M->321M(1024M) 0.328ms
[2020-08-27T11:16:14.724+0000][21728][gc,cpu       ] GC(262) User=0.00s Sys=0.00s Real=0.00s
[2020-08-27T11:16:14.724+0000][21728][safepoint    ] Safepoint "G1Concurrent", Time since last: 83882000 ns, Reaching safepoint: 222400 ns, At safepoint: 627400 ns, Total: 849800 ns
[2020-08-27T11:16:14.724+0000][21728][gc,marking   ] GC(262) Concurrent Cleanup for Next Mark
[2020-08-27T11:16:14.727+0000][21728][gc,marking   ] GC(262) Concurrent Cleanup for Next Mark 1.893ms
[2020-08-27T11:16:14.727+0000][21728][gc           ] GC(262) Concurrent Cycle 201.343ms
[2020-08-27T11:16:14.772+0000][21728][gc,start     ] GC(263) Pause Young (Concurrent Start) (G1 Humongous Allocation)
[2020-08-27T11:16:14.772+0000][21728][gc,task      ] GC(263) Using 8 workers of 8 for evacuation
[2020-08-27T11:16:14.772+0000][21728][gc,age       ] GC(263) Desired survivor size 32505856 bytes, new threshold 15 (max threshold 15)
[2020-08-27T11:16:14.776+0000][21728][gc,age       ] GC(263) Age table with threshold 15 (max threshold 15)
[2020-08-27T11:16:14.776+0000][21728][gc,age       ] GC(263) - age   1:    7736816 bytes,    7736816 total
[2020-08-27T11:16:14.776+0000][21728][gc,age       ] GC(263) - age   2:       2664 bytes,    7739480 total
[2020-08-27T11:16:14.776+0000][21728][gc,age       ] GC(263) - age   3:       3448 bytes,    7742928 total
[2020-08-27T11:16:14.776+0000][21728][gc,age       ] GC(263) - age   4:       1912 bytes,    7744840 total
[2020-08-27T11:16:14.776+0000][21728][gc,age       ] GC(263) - age   5:       1360 bytes,    7746200 total
[2020-08-27T11:16:14.776+0000][21728][gc,age       ] GC(263) - age   6:      16632 bytes,    7762832 total
[2020-08-27T11:16:14.776+0000][21728][gc,age       ] GC(263) - age   7:       4680 bytes,    7767512 total
[2020-08-27T11:16:14.776+0000][21728][gc,age       ] GC(263) - age   8:        744 bytes,    7768256 total
[2020-08-27T11:16:14.776+0000][21728][gc,age       ] GC(263) - age   9:       1376 bytes,    7769632 total
[2020-08-27T11:16:14.776+0000][21728][gc,age       ] GC(263) - age  10:       1312 bytes,    7770944 total
[2020-08-27T11:16:14.776+0000][21728][gc,age       ] GC(263) - age  11:         96 bytes,    7771040 total
[2020-08-27T11:16:14.776+0000][21728][gc,age       ] GC(263) - age  12:        976 bytes,    7772016 total
[2020-08-27T11:16:14.776+0000][21728][gc,age       ] GC(263) - age  13:      17152 bytes,    7789168 total
[2020-08-27T11:16:14.776+0000][21728][gc,age       ] GC(263) - age  14:      12608 bytes,    7801776 total
[2020-08-27T11:16:14.776+0000][21728][gc,age       ] GC(263) - age  15:        576 bytes,    7802352 total
[2020-08-27T11:16:14.776+0000][21728][gc,phases    ] GC(263)   Pre Evacuate Collection Set: 0.5ms
[2020-08-27T11:16:14.778+0000][21728][gc,phases    ] GC(263)   Merge Heap Roots: 0.1ms
[2020-08-27T11:16:14.778+0000][21728][gc,phases    ] GC(263)   Evacuate Collection Set: 2.5ms
[2020-08-27T11:16:14.778+0000][21728][gc,phases    ] GC(263)   Post Evacuate Collection Set: 0.8ms
[2020-08-27T11:16:14.778+0000][21728][gc,phases    ] GC(263)   Other: 1.4ms
[2020-08-27T11:16:14.778+0000][21728][gc,heap      ] GC(263) Eden regions: 38->0(487)
[2020-08-27T11:16:14.778+0000][21728][gc,heap      ] GC(263) Survivor regions: 5->8(62)
[2020-08-27T11:16:14.778+0000][21728][gc,heap      ] GC(263) Old regions: 78->78
[2020-08-27T11:16:14.778+0000][21728][gc,heap      ] GC(263) Archive regions: 0->0
[2020-08-27T11:16:14.778+0000][21728][gc,heap      ] GC(263) Humongous regions: 229->174
[2020-08-27T11:16:14.778+0000][21728][gc,metaspace ] GC(263) Metaspace: 86733K(93056K)->86733K(93056K) NonClass: 75633K(79360K)->75633K(79360K) Class: 11100K(13696K)->11100K(13696K)
[2020-08-27T11:16:14.778+0000][21728][gc           ] GC(263) Pause Young (Concurrent Start) (G1 Humongous Allocation) 348M->259M(1024M) 5.577ms
[2020-08-27T11:16:14.778+0000][21728][gc,cpu       ] GC(263) User=0.00s Sys=0.00s Real=0.01s
[2020-08-27T11:16:14.778+0000][21728][gc           ] GC(264) Concurrent Cycle
[2020-08-27T11:16:14.778+0000][21728][safepoint    ] Safepoint "G1TryInitiateConcMark", Time since last: 46740500 ns, Reaching safepoint: 298500 ns, At safepoint: 5780600 ns, Total: 6079100 ns
[2020-08-27T11:16:14.778+0000][21728][gc,marking   ] GC(264) Concurrent Clear Claimed Marks
[2020-08-27T11:16:14.779+0000][21728][gc,marking   ] GC(264) Concurrent Clear Claimed Marks 0.499ms
[2020-08-27T11:16:14.779+0000][21728][gc,marking   ] GC(264) Concurrent Scan Root Regions
[2020-08-27T11:16:14.782+0000][21728][gc,marking   ] GC(264) Concurrent Scan Root Regions 3.390ms
[2020-08-27T11:16:14.782+0000][21728][gc,marking   ] GC(264) Concurrent Mark (92.738s)
[2020-08-27T11:16:14.782+0000][21728][gc,marking   ] GC(264) Concurrent Mark From Roots
[2020-08-27T11:16:14.782+0000][21728][gc,task      ] GC(264) Using 2 workers of 2 for marking
[2020-08-27T11:16:14.938+0000][21728][gc,marking   ] GC(264) Concurrent Mark From Roots 156.633ms
[2020-08-27T11:16:14.938+0000][21728][gc,marking   ] GC(264) Concurrent Preclean
[2020-08-27T11:16:14.939+0000][21728][gc,marking   ] GC(264) Concurrent Preclean 0.695ms
[2020-08-27T11:16:14.939+0000][21728][gc,marking   ] GC(264) Concurrent Mark (92.738s, 92.895s) 157.554ms
[2020-08-27T11:16:14.939+0000][21728][gc,start     ] GC(264) Pause Remark
[2020-08-27T11:16:14.945+0000][21728][gc           ] GC(264) Pause Remark 372M->372M(1024M) 5.745ms
[2020-08-27T11:16:14.945+0000][21728][gc,cpu       ] GC(264) User=0.00s Sys=0.00s Real=0.01s
[2020-08-27T11:16:14.945+0000][21728][safepoint    ] Safepoint "G1Concurrent", Time since last: 161905200 ns, Reaching safepoint: 171800 ns, At safepoint: 6020900 ns, Total: 6192700 ns
[2020-08-27T11:16:14.945+0000][21728][gc,marking   ] GC(264) Concurrent Rebuild Remembered Sets
[2020-08-27T11:16:15.038+0000][21728][gc,marking   ] GC(264) Concurrent Rebuild Remembered Sets 91.691ms
[2020-08-27T11:16:15.038+0000][21728][gc,start     ] GC(264) Pause Cleanup
[2020-08-27T11:16:15.038+0000][21728][gc           ] GC(264) Pause Cleanup 377M->377M(1024M) 0.293ms
[2020-08-27T11:16:15.038+0000][21728][gc,cpu       ] GC(264) User=0.00s Sys=0.00s Real=0.00s
[2020-08-27T11:16:15.038+0000][21728][safepoint    ] Safepoint "G1Concurrent", Time since last: 91861800 ns, Reaching safepoint: 136800 ns, At safepoint: 486100 ns, Total: 622900 ns
[2020-08-27T11:16:15.038+0000][21728][gc,marking   ] GC(264) Concurrent Cleanup for Next Mark
[2020-08-27T11:16:15.040+0000][21728][gc,marking   ] GC(264) Concurrent Cleanup for Next Mark 1.703ms
[2020-08-27T11:16:15.041+0000][21728][gc           ] GC(264) Concurrent Cycle 262.517ms
[2020-08-27T11:16:15.043+0000][21728][gc,start     ] GC(265) Pause Young (Concurrent Start) (G1 Humongous Allocation)
[2020-08-27T11:16:15.043+0000][21728][gc,task      ] GC(265) Using 8 workers of 8 for evacuation
[2020-08-27T11:16:15.043+0000][21728][gc,age       ] GC(265) Desired survivor size 32505856 bytes, new threshold 15 (max threshold 15)
[2020-08-27T11:16:15.047+0000][21728][gc,age       ] GC(265) Age table with threshold 15 (max threshold 15)
[2020-08-27T11:16:15.047+0000][21728][gc,age       ] GC(265) - age   1:     258176 bytes,     258176 total
[2020-08-27T11:16:15.047+0000][21728][gc,age       ] GC(265) - age   2:    2671576 bytes,    2929752 total
[2020-08-27T11:16:15.047+0000][21728][gc,age       ] GC(265) - age   3:       2512 bytes,    2932264 total
[2020-08-27T11:16:15.047+0000][21728][gc,age       ] GC(265) - age   4:       3064 bytes,    2935328 total
[2020-08-27T11:16:15.047+0000][21728][gc,age       ] GC(265) - age   5:       1848 bytes,    2937176 total
[2020-08-27T11:16:15.047+0000][21728][gc,age       ] GC(265) - age   6:       1328 bytes,    2938504 total
[2020-08-27T11:16:15.047+0000][21728][gc,age       ] GC(265) - age   7:      16632 bytes,    2955136 total
[2020-08-27T11:16:15.047+0000][21728][gc,age       ] GC(265) - age   8:       4680 bytes,    2959816 total
[2020-08-27T11:16:15.047+0000][21728][gc,age       ] GC(265) - age   9:        744 bytes,    2960560 total
[2020-08-27T11:16:15.047+0000][21728][gc,age       ] GC(265) - age  10:       1376 bytes,    2961936 total
[2020-08-27T11:16:15.047+0000][21728][gc,age       ] GC(265) - age  11:       1312 bytes,    2963248 total
[2020-08-27T11:16:15.047+0000][21728][gc,age       ] GC(265) - age  12:         96 bytes,    2963344 total
[2020-08-27T11:16:15.047+0000][21728][gc,age       ] GC(265) - age  13:        944 bytes,    2964288 total
[2020-08-27T11:16:15.047+0000][21728][gc,age       ] GC(265) - age  14:      17152 bytes,    2981440 total
[2020-08-27T11:16:15.047+0000][21728][gc,age       ] GC(265) - age  15:      12576 bytes,    2994016 total
[2020-08-27T11:16:15.047+0000][21728][gc,phases    ] GC(265)   Pre Evacuate Collection Set: 0.5ms
[2020-08-27T11:16:15.047+0000][21728][gc,phases    ] GC(265)   Merge Heap Roots: 0.1ms
[2020-08-27T11:16:15.047+0000][21728][gc,phases    ] GC(265)   Evacuate Collection Set: 2.0ms
[2020-08-27T11:16:15.047+0000][21728][gc,phases    ] GC(265)   Post Evacuate Collection Set: 0.7ms
[2020-08-27T11:16:15.047+0000][21728][gc,phases    ] GC(265)   Other: 0.8ms
[2020-08-27T11:16:15.047+0000][21728][gc,heap      ] GC(265) Eden regions: 30->0(495)
[2020-08-27T11:16:15.047+0000][21728][gc,heap      ] GC(265) Survivor regions: 8->4(62)
[2020-08-27T11:16:15.048+0000][21728][gc,heap      ] GC(265) Old regions: 78->78
[2020-08-27T11:16:15.048+0000][21728][gc,heap      ] GC(265) Archive regions: 0->0
[2020-08-27T11:16:15.048+0000][21728][gc,heap      ] GC(265) Humongous regions: 263->174
[2020-08-27T11:16:15.048+0000][21728][gc,metaspace ] GC(265) Metaspace: 86733K(93056K)->86733K(93056K) NonClass: 75633K(79360K)->75633K(79360K) Class: 11100K(13696K)->11100K(13696K)
[2020-08-27T11:16:15.048+0000][21728][gc           ] GC(265) Pause Young (Concurrent Start) (G1 Humongous Allocation) 378M->254M(1024M) 4.446ms
[2020-08-27T11:16:15.048+0000][21728][gc,cpu       ] GC(265) User=0.02s Sys=0.00s Real=0.01s
[2020-08-27T11:16:15.048+0000][21728][safepoint    ] Safepoint "G1TryInitiateConcMark", Time since last: 5453700 ns, Reaching safepoint: 115300 ns, At safepoint: 4592800 ns, Total: 4708100 ns
[2020-08-27T11:16:15.048+0000][21728][gc           ] GC(266) Concurrent Cycle
[2020-08-27T11:16:15.048+0000][21728][gc,marking   ] GC(266) Concurrent Clear Claimed Marks
[2020-08-27T11:16:15.048+0000][21728][gc,marking   ] GC(266) Concurrent Clear Claimed Marks 0.450ms
[2020-08-27T11:16:15.048+0000][21728][gc,marking   ] GC(266) Concurrent Scan Root Regions
[2020-08-27T11:16:15.052+0000][21728][gc,marking   ] GC(266) Concurrent Scan Root Regions 2.377ms
[2020-08-27T11:16:15.052+0000][21728][gc,marking   ] GC(266) Concurrent Mark (93.007s)
[2020-08-27T11:16:15.052+0000][21728][gc,marking   ] GC(266) Concurrent Mark From Roots
[2020-08-27T11:16:15.052+0000][21728][gc,task      ] GC(266) Using 2 workers of 2 for marking
[2020-08-27T11:16:15.193+0000][21728][gc,marking   ] GC(266) Concurrent Mark From Roots 142.542ms
[2020-08-27T11:16:15.194+0000][21728][gc,marking   ] GC(266) Concurrent Preclean
[2020-08-27T11:16:15.194+0000][21728][gc,marking   ] GC(266) Concurrent Preclean 0.437ms
[2020-08-27T11:16:15.194+0000][21728][gc,marking   ] GC(266) Concurrent Mark (93.007s, 93.151s) 143.122ms
[2020-08-27T11:16:15.194+0000][21728][gc,start     ] GC(266) Pause Remark
[2020-08-27T11:16:15.200+0000][21728][gc           ] GC(266) Pause Remark 314M->314M(1024M) 5.773ms
[2020-08-27T11:16:15.200+0000][21728][gc,cpu       ] GC(266) User=0.00s Sys=0.00s Real=0.01s
[2020-08-27T11:16:15.200+0000][21728][safepoint    ] Safepoint "G1Concurrent", Time since last: 146296000 ns, Reaching safepoint: 139300 ns, At safepoint: 6052500 ns, Total: 6191800 ns
[2020-08-27T11:16:15.200+0000][21728][gc,marking   ] GC(266) Concurrent Rebuild Remembered Sets
[2020-08-27T11:16:15.285+0000][21728][gc,marking   ] GC(266) Concurrent Rebuild Remembered Sets 84.838ms
[2020-08-27T11:16:15.286+0000][21728][gc,start     ] GC(266) Pause Cleanup
[2020-08-27T11:16:15.286+0000][21728][gc           ] GC(266) Pause Cleanup 322M->322M(1024M) 0.330ms
[2020-08-27T11:16:15.286+0000][21728][gc,cpu       ] GC(266) User=0.00s Sys=0.00s Real=0.00s
[2020-08-27T11:16:15.286+0000][21728][safepoint    ] Safepoint "G1Concurrent", Time since last: 85046300 ns, Reaching safepoint: 165600 ns, At safepoint: 514600 ns, Total: 680200 ns
[2020-08-27T11:16:15.286+0000][21728][gc,marking   ] GC(266) Concurrent Cleanup for Next Mark
[2020-08-27T11:16:15.289+0000][21728][gc,marking   ] GC(266) Concurrent Cleanup for Next Mark 1.588ms
[2020-08-27T11:16:15.289+0000][21728][gc           ] GC(266) Concurrent Cycle 240.025ms
[2020-08-27T11:16:15.368+0000][21728][gc,start     ] GC(267) Pause Young (Concurrent Start) (G1 Humongous Allocation)
[2020-08-27T11:16:15.368+0000][21728][gc,task      ] GC(267) Using 8 workers of 8 for evacuation
[2020-08-27T11:16:15.368+0000][21728][gc,age       ] GC(267) Desired survivor size 33030144 bytes, new threshold 15 (max threshold 15)
[2020-08-27T11:16:15.376+0000][21728][gc,age       ] GC(267) Age table with threshold 15 (max threshold 15)
[2020-08-27T11:16:15.376+0000][21728][gc,age       ] GC(267) - age   1:    2395152 bytes,    2395152 total
[2020-08-27T11:16:15.376+0000][21728][gc,age       ] GC(267) - age   2:        808 bytes,    2395960 total
[2020-08-27T11:16:15.376+0000][21728][gc,age       ] GC(267) - age   3:      73496 bytes,    2469456 total
[2020-08-27T11:16:15.376+0000][21728][gc,age       ] GC(267) - age   4:       2216 bytes,    2471672 total
[2020-08-27T11:16:15.376+0000][21728][gc,age       ] GC(267) - age   5:       2704 bytes,    2474376 total
[2020-08-27T11:16:15.376+0000][21728][gc,age       ] GC(267) - age   6:       1320 bytes,    2475696 total
[2020-08-27T11:16:15.376+0000][21728][gc,age       ] GC(267) - age   7:       1296 bytes,    2476992 total
[2020-08-27T11:16:15.376+0000][21728][gc,age       ] GC(267) - age   8:      16568 bytes,    2493560 total
[2020-08-27T11:16:15.376+0000][21728][gc,age       ] GC(267) - age   9:       4424 bytes,    2497984 total
[2020-08-27T11:16:15.376+0000][21728][gc,age       ] GC(267) - age  10:        712 bytes,    2498696 total
[2020-08-27T11:16:15.376+0000][21728][gc,age       ] GC(267) - age  11:       1312 bytes,    2500008 total
[2020-08-27T11:16:15.376+0000][21728][gc,age       ] GC(267) - age  12:       1312 bytes,    2501320 total
[2020-08-27T11:16:15.376+0000][21728][gc,age       ] GC(267) - age  13:         96 bytes,    2501416 total
[2020-08-27T11:16:15.376+0000][21728][gc,age       ] GC(267) - age  14:        944 bytes,    2502360 total
[2020-08-27T11:16:15.376+0000][21728][gc,age       ] GC(267) - age  15:      17152 bytes,    2519512 total
[2020-08-27T11:16:15.376+0000][21728][gc,phases    ] GC(267)   Pre Evacuate Collection Set: 0.4ms
[2020-08-27T11:16:15.376+0000][21728][gc,phases    ] GC(267)   Merge Heap Roots: 0.1ms
[2020-08-27T11:16:15.376+0000][21728][gc,phases    ] GC(267)   Evacuate Collection Set: 5.9ms
[2020-08-27T11:16:15.376+0000][21728][gc,phases    ] GC(267)   Post Evacuate Collection Set: 1.3ms
[2020-08-27T11:16:15.376+0000][21728][gc,phases    ] GC(267)   Other: 0.9ms
[2020-08-27T11:16:15.376+0000][21728][gc,heap      ] GC(267) Eden regions: 29->0(498)
[2020-08-27T11:16:15.376+0000][21728][gc,heap      ] GC(267) Survivor regions: 4->3(63)
[2020-08-27T11:16:15.376+0000][21728][gc,heap      ] GC(267) Old regions: 78->78
[2020-08-27T11:16:15.376+0000][21728][gc,heap      ] GC(267) Archive regions: 0->0
[2020-08-27T11:16:15.376+0000][21728][gc,heap      ] GC(267) Humongous regions: 229->174
[2020-08-27T11:16:15.376+0000][21728][gc,metaspace ] GC(267) Metaspace: 86743K(93056K)->86743K(93056K) NonClass: 75643K(79360K)->75643K(79360K) Class: 11100K(13696K)->11100K(13696K)
[2020-08-27T11:16:15.376+0000][21728][gc           ] GC(267) Pause Young (Concurrent Start) (G1 Humongous Allocation) 338M->254M(1024M) 8.714ms
[2020-08-27T11:16:15.376+0000][21728][gc,cpu       ] GC(267) User=0.00s Sys=0.02s Real=0.01s
[2020-08-27T11:16:15.376+0000][21728][safepoint    ] Safepoint "G1TryInitiateConcMark", Time since last: 80618200 ns, Reaching safepoint: 260800 ns, At safepoint: 8905700 ns, Total: 9166500 ns
[2020-08-27T11:16:15.376+0000][21728][gc           ] GC(268) Concurrent Cycle
[2020-08-27T11:16:15.376+0000][21728][gc,marking   ] GC(268) Concurrent Clear Claimed Marks
[2020-08-27T11:16:15.376+0000][21728][gc,marking   ] GC(268) Concurrent Clear Claimed Marks 0.319ms
[2020-08-27T11:16:15.376+0000][21728][gc,marking   ] GC(268) Concurrent Scan Root Regions
[2020-08-27T11:16:15.379+0000][21728][gc,marking   ] GC(268) Concurrent Scan Root Regions 1.476ms
[2020-08-27T11:16:15.379+0000][21728][gc,marking   ] GC(268) Concurrent Mark (93.334s)
[2020-08-27T11:16:15.379+0000][21728][gc,marking   ] GC(268) Concurrent Mark From Roots
[2020-08-27T11:16:15.379+0000][21728][gc,task      ] GC(268) Using 2 workers of 2 for marking
[2020-08-27T11:16:15.502+0000][21728][gc,marking   ] GC(268) Concurrent Mark From Roots 123.662ms
[2020-08-27T11:16:15.502+0000][21728][gc,marking   ] GC(268) Concurrent Preclean
[2020-08-27T11:16:15.502+0000][21728][gc,marking   ] GC(268) Concurrent Preclean 0.363ms
[2020-08-27T11:16:15.502+0000][21728][gc,marking   ] GC(268) Concurrent Mark (93.334s, 93.459s) 124.168ms
[2020-08-27T11:16:15.502+0000][21728][gc,start     ] GC(268) Pause Remark
[2020-08-27T11:16:15.508+0000][21728][gc           ] GC(268) Pause Remark 305M->305M(1024M) 5.494ms
[2020-08-27T11:16:15.508+0000][21728][gc,cpu       ] GC(268) User=0.00s Sys=0.00s Real=0.01s
[2020-08-27T11:16:15.508+0000][21728][safepoint    ] Safepoint "G1Concurrent", Time since last: 126253700 ns, Reaching safepoint: 157000 ns, At safepoint: 5722600 ns, Total: 5879600 ns
[2020-08-27T11:16:15.508+0000][21728][gc,marking   ] GC(268) Concurrent Rebuild Remembered Sets
[2020-08-27T11:16:15.595+0000][21728][gc,marking   ] GC(268) Concurrent Rebuild Remembered Sets 87.234ms
[2020-08-27T11:16:15.595+0000][21728][gc,start     ] GC(268) Pause Cleanup
[2020-08-27T11:16:15.596+0000][21728][gc           ] GC(268) Pause Cleanup 372M->372M(1024M) 0.289ms
[2020-08-27T11:16:15.596+0000][21728][gc,cpu       ] GC(268) User=0.00s Sys=0.00s Real=0.00s
[2020-08-27T11:16:15.596+0000][21728][safepoint    ] Safepoint "G1Concurrent", Time since last: 87401100 ns, Reaching safepoint: 169000 ns, At safepoint: 414100 ns, Total: 583100 ns
[2020-08-27T11:16:15.596+0000][21728][gc,marking   ] GC(268) Concurrent Cleanup for Next Mark
[2020-08-27T11:16:15.599+0000][21728][gc,marking   ] GC(268) Concurrent Cleanup for Next Mark 1.718ms
[2020-08-27T11:16:15.599+0000][21728][gc           ] GC(268) Concurrent Cycle 222.019ms
[2020-08-27T11:16:15.773+0000][21728][gc,start     ] GC(269) Pause Young (Concurrent Start) (G1 Humongous Allocation)
[2020-08-27T11:16:15.773+0000][21728][gc,task      ] GC(269) Using 8 workers of 8 for evacuation
[2020-08-27T11:16:15.773+0000][21728][gc,age       ] GC(269) Desired survivor size 33030144 bytes, new threshold 15 (max threshold 15)
[2020-08-27T11:16:15.778+0000][21728][gc,age       ] GC(269) Age table with threshold 15 (max threshold 15)
[2020-08-27T11:16:15.778+0000][21728][gc,age       ] GC(269) - age   1:   13198952 bytes,   13198952 total
[2020-08-27T11:16:15.778+0000][21728][gc,age       ] GC(269) - age   2:       6712 bytes,   13205664 total
[2020-08-27T11:16:15.778+0000][21728][gc,age       ] GC(269) - age   3:        592 bytes,   13206256 total
[2020-08-27T11:16:15.778+0000][21728][gc,age       ] GC(269) - age   4:      70944 bytes,   13277200 total
[2020-08-27T11:16:15.778+0000][21728][gc,age       ] GC(269) - age   5:       1328 bytes,   13278528 total
[2020-08-27T11:16:15.778+0000][21728][gc,age       ] GC(269) - age   6:       2352 bytes,   13280880 total
[2020-08-27T11:16:15.778+0000][21728][gc,age       ] GC(269) - age   7:        928 bytes,   13281808 total
[2020-08-27T11:16:15.778+0000][21728][gc,age       ] GC(269) - age   8:       1008 bytes,   13282816 total
[2020-08-27T11:16:15.778+0000][21728][gc,age       ] GC(269) - age   9:      16440 bytes,   13299256 total
[2020-08-27T11:16:15.778+0000][21728][gc,age       ] GC(269) - age  10:       4424 bytes,   13303680 total
[2020-08-27T11:16:15.778+0000][21728][gc,age       ] GC(269) - age  11:        712 bytes,   13304392 total
[2020-08-27T11:16:15.778+0000][21728][gc,age       ] GC(269) - age  12:       1312 bytes,   13305704 total
[2020-08-27T11:16:15.778+0000][21728][gc,age       ] GC(269) - age  13:       1312 bytes,   13307016 total
[2020-08-27T11:16:15.778+0000][21728][gc,age       ] GC(269) - age  15:        944 bytes,   13307960 total
[2020-08-27T11:16:15.778+0000][21728][gc,phases    ] GC(269)   Pre Evacuate Collection Set: 0.4ms
[2020-08-27T11:16:15.778+0000][21728][gc,phases    ] GC(269)   Merge Heap Roots: 0.1ms
[2020-08-27T11:16:15.778+0000][21728][gc,phases    ] GC(269)   Evacuate Collection Set: 3.4ms
[2020-08-27T11:16:15.778+0000][21728][gc,phases    ] GC(269)   Post Evacuate Collection Set: 0.7ms
[2020-08-27T11:16:15.778+0000][21728][gc,phases    ] GC(269)   Other: 1.1ms
[2020-08-27T11:16:15.779+0000][21728][gc,heap      ] GC(269) Eden regions: 58->0(481)
[2020-08-27T11:16:15.779+0000][21728][gc,heap      ] GC(269) Survivor regions: 3->13(63)
[2020-08-27T11:16:15.779+0000][21728][gc,heap      ] GC(269) Old regions: 78->78
[2020-08-27T11:16:15.779+0000][21728][gc,heap      ] GC(269) Archive regions: 0->0
[2020-08-27T11:16:15.779+0000][21728][gc,heap      ] GC(269) Humongous regions: 263->174
[2020-08-27T11:16:15.779+0000][21728][gc,metaspace ] GC(269) Metaspace: 86753K(93056K)->86753K(93056K) NonClass: 75652K(79360K)->75652K(79360K) Class: 11100K(13696K)->11100K(13696K)
[2020-08-27T11:16:15.779+0000][21728][gc           ] GC(269) Pause Young (Concurrent Start) (G1 Humongous Allocation) 401M->264M(1024M) 6.094ms
[2020-08-27T11:16:15.779+0000][21728][gc,cpu       ] GC(269) User=0.00s Sys=0.00s Real=0.01s
[2020-08-27T11:16:15.779+0000][21728][gc           ] GC(270) Concurrent Cycle
[2020-08-27T11:16:15.779+0000][21728][safepoint    ] Safepoint "G1TryInitiateConcMark", Time since last: 176491800 ns, Reaching safepoint: 186200 ns, At safepoint: 6275100 ns, Total: 6461300 ns
[2020-08-27T11:16:15.779+0000][21728][gc,marking   ] GC(270) Concurrent Clear Claimed Marks
[2020-08-27T11:16:15.781+0000][21728][gc,marking   ] GC(270) Concurrent Clear Claimed Marks 0.762ms
[2020-08-27T11:16:15.781+0000][21728][gc,marking   ] GC(270) Concurrent Scan Root Regions
[2020-08-27T11:16:15.783+0000][21728][gc,marking   ] GC(270) Concurrent Scan Root Regions 2.723ms
[2020-08-27T11:16:15.784+0000][21728][gc,marking   ] GC(270) Concurrent Mark (93.739s)
[2020-08-27T11:16:15.784+0000][21728][gc,marking   ] GC(270) Concurrent Mark From Roots
[2020-08-27T11:16:15.784+0000][21728][gc,task      ] GC(270) Using 2 workers of 2 for marking
[2020-08-27T11:16:15.948+0000][21728][gc,marking   ] GC(270) Concurrent Mark From Roots 164.341ms
[2020-08-27T11:16:15.948+0000][21728][gc,marking   ] GC(270) Concurrent Preclean
[2020-08-27T11:16:15.949+0000][21728][gc,marking   ] GC(270) Concurrent Preclean 0.988ms
[2020-08-27T11:16:15.950+0000][21728][gc,marking   ] GC(270) Concurrent Mark (93.739s, 93.905s) 166.019ms
[2020-08-27T11:16:15.950+0000][21728][gc,start     ] GC(270) Pause Remark
[2020-08-27T11:16:15.955+0000][21728][gc           ] GC(270) Pause Remark 501M->501M(1024M) 6.006ms
[2020-08-27T11:16:15.955+0000][21728][gc,cpu       ] GC(270) User=0.13s Sys=0.00s Real=0.00s
[2020-08-27T11:16:15.955+0000][21728][safepoint    ] Safepoint "G1Concurrent", Time since last: 169985300 ns, Reaching safepoint: 218400 ns, At safepoint: 6285900 ns, Total: 6504300 ns
[2020-08-27T11:16:15.955+0000][21728][gc,marking   ] GC(270) Concurrent Rebuild Remembered Sets
[2020-08-27T11:16:16.054+0000][21728][gc,marking   ] GC(270) Concurrent Rebuild Remembered Sets 98.954ms
[2020-08-27T11:16:16.055+0000][21728][gc,start     ] GC(270) Pause Cleanup
[2020-08-27T11:16:16.055+0000][21728][gc           ] GC(270) Pause Cleanup 563M->563M(1024M) 0.322ms
[2020-08-27T11:16:16.055+0000][21728][gc,cpu       ] GC(270) User=0.00s Sys=0.00s Real=0.00s
[2020-08-27T11:16:16.055+0000][21728][safepoint    ] Safepoint "G1Concurrent", Time since last: 99134500 ns, Reaching safepoint: 188400 ns, At safepoint: 509900 ns, Total: 698300 ns
[2020-08-27T11:16:16.055+0000][21728][gc,marking   ] GC(270) Concurrent Cleanup for Next Mark
[2020-08-27T11:16:16.058+0000][21728][gc,marking   ] GC(270) Concurrent Cleanup for Next Mark 1.893ms
[2020-08-27T11:16:16.058+0000][21728][gc           ] GC(270) Concurrent Cycle 278.451ms
[2020-08-27T11:16:16.245+0000][21728][gc,start     ] GC(271) Pause Young (Concurrent Start) (G1 Humongous Allocation)
[2020-08-27T11:16:16.245+0000][21728][gc,task      ] GC(271) Using 8 workers of 8 for evacuation
[2020-08-27T11:16:16.245+0000][21728][gc,age       ] GC(271) Desired survivor size 32505856 bytes, new threshold 15 (max threshold 15)
[2020-08-27T11:16:16.249+0000][21728][gc,age       ] GC(271) Age table with threshold 15 (max threshold 15)
[2020-08-27T11:16:16.249+0000][21728][gc,age       ] GC(271) - age   1:    3794712 bytes,    3794712 total
[2020-08-27T11:16:16.249+0000][21728][gc,age       ] GC(271) - age   2:       9416 bytes,    3804128 total
[2020-08-27T11:16:16.249+0000][21728][gc,age       ] GC(271) - age   3:       2568 bytes,    3806696 total
[2020-08-27T11:16:16.249+0000][21728][gc,age       ] GC(271) - age   4:        280 bytes,    3806976 total
[2020-08-27T11:16:16.249+0000][21728][gc,age       ] GC(271) - age   5:      65624 bytes,    3872600 total
[2020-08-27T11:16:16.249+0000][21728][gc,age       ] GC(271) - age   6:       1232 bytes,    3873832 total
[2020-08-27T11:16:16.249+0000][21728][gc,age       ] GC(271) - age   7:       2352 bytes,    3876184 total
[2020-08-27T11:16:16.249+0000][21728][gc,age       ] GC(271) - age   8:        576 bytes,    3876760 total
[2020-08-27T11:16:16.249+0000][21728][gc,age       ] GC(271) - age   9:       1008 bytes,    3877768 total
[2020-08-27T11:16:16.249+0000][21728][gc,age       ] GC(271) - age  10:      16440 bytes,    3894208 total
[2020-08-27T11:16:16.249+0000][21728][gc,age       ] GC(271) - age  11:       4424 bytes,    3898632 total
[2020-08-27T11:16:16.249+0000][21728][gc,age       ] GC(271) - age  12:        680 bytes,    3899312 total
[2020-08-27T11:16:16.249+0000][21728][gc,age       ] GC(271) - age  13:       1312 bytes,    3900624 total
[2020-08-27T11:16:16.249+0000][21728][gc,age       ] GC(271) - age  14:       1280 bytes,    3901904 total
[2020-08-27T11:16:16.249+0000][21728][gc,phases    ] GC(271)   Pre Evacuate Collection Set: 0.4ms
[2020-08-27T11:16:16.249+0000][21728][gc,phases    ] GC(271)   Merge Heap Roots: 0.1ms
[2020-08-27T11:16:16.250+0000][21728][gc,phases    ] GC(271)   Evacuate Collection Set: 2.5ms
[2020-08-27T11:16:16.250+0000][21728][gc,phases    ] GC(271)   Post Evacuate Collection Set: 0.9ms
[2020-08-27T11:16:16.250+0000][21728][gc,phases    ] GC(271)   Other: 0.7ms
[2020-08-27T11:16:16.250+0000][21728][gc,heap      ] GC(271) Eden regions: 83->0(492)
[2020-08-27T11:16:16.250+0000][21728][gc,heap      ] GC(271) Survivor regions: 13->5(62)
[2020-08-27T11:16:16.250+0000][21728][gc,heap      ] GC(271) Old regions: 78->78
[2020-08-27T11:16:16.250+0000][21728][gc,heap      ] GC(271) Archive regions: 0->0
[2020-08-27T11:16:16.250+0000][21728][gc,heap      ] GC(271) Humongous regions: 414->174
[2020-08-27T11:16:16.250+0000][21728][gc,metaspace ] GC(271) Metaspace: 86753K(93056K)->86753K(93056K) NonClass: 75652K(79360K)->75652K(79360K) Class: 11100K(13696K)->11100K(13696K)
[2020-08-27T11:16:16.250+0000][21728][gc           ] GC(271) Pause Young (Concurrent Start) (G1 Humongous Allocation) 587M->256M(1024M) 4.908ms
[2020-08-27T11:16:16.250+0000][21728][gc,cpu       ] GC(271) User=0.00s Sys=0.00s Real=0.01s
[2020-08-27T11:16:16.250+0000][21728][gc           ] GC(272) Concurrent Cycle
[2020-08-27T11:16:16.250+0000][21728][safepoint    ] Safepoint "G1TryInitiateConcMark", Time since last: 189591700 ns, Reaching safepoint: 135900 ns, At safepoint: 5089600 ns, Total: 5225500 ns
[2020-08-27T11:16:16.250+0000][21728][gc,marking   ] GC(272) Concurrent Clear Claimed Marks
[2020-08-27T11:16:16.252+0000][21728][gc,marking   ] GC(272) Concurrent Clear Claimed Marks 0.491ms
[2020-08-27T11:16:16.252+0000][21728][gc,marking   ] GC(272) Concurrent Scan Root Regions
[2020-08-27T11:16:16.255+0000][21728][gc,marking   ] GC(272) Concurrent Scan Root Regions 2.917ms
[2020-08-27T11:16:16.255+0000][21728][gc,marking   ] GC(272) Concurrent Mark (94.210s)
[2020-08-27T11:16:16.255+0000][21728][gc,marking   ] GC(272) Concurrent Mark From Roots
[2020-08-27T11:16:16.255+0000][21728][gc,task      ] GC(272) Using 2 workers of 2 for marking
[2020-08-27T11:16:16.405+0000][21728][gc,marking   ] GC(272) Concurrent Mark From Roots 151.370ms
[2020-08-27T11:16:16.405+0000][21728][gc,marking   ] GC(272) Concurrent Preclean
[2020-08-27T11:16:16.406+0000][21728][gc,marking   ] GC(272) Concurrent Preclean 0.534ms
[2020-08-27T11:16:16.406+0000][21728][gc,marking   ] GC(272) Concurrent Mark (94.210s, 94.362s) 152.118ms
[2020-08-27T11:16:16.406+0000][21728][gc,start     ] GC(272) Pause Remark
[2020-08-27T11:16:16.412+0000][21728][gc           ] GC(272) Pause Remark 315M->315M(1024M) 5.612ms
[2020-08-27T11:16:16.412+0000][21728][gc,cpu       ] GC(272) User=0.02s Sys=0.00s Real=0.01s
[2020-08-27T11:16:16.412+0000][21728][safepoint    ] Safepoint "G1Concurrent", Time since last: 155939900 ns, Reaching safepoint: 183400 ns, At safepoint: 5820600 ns, Total: 6004000 ns
[2020-08-27T11:16:16.412+0000][21728][gc,marking   ] GC(272) Concurrent Rebuild Remembered Sets
[2020-08-27T11:16:16.510+0000][21728][gc,marking   ] GC(272) Concurrent Rebuild Remembered Sets 96.916ms
[2020-08-27T11:16:16.510+0000][21728][gc,start     ] GC(272) Pause Cleanup
[2020-08-27T11:16:16.510+0000][21728][gc           ] GC(272) Pause Cleanup 326M->326M(1024M) 0.291ms
[2020-08-27T11:16:16.510+0000][21728][gc,cpu       ] GC(272) User=0.00s Sys=0.00s Real=0.00s
[2020-08-27T11:16:16.510+0000][21728][safepoint    ] Safepoint "G1Concurrent", Time since last: 97110900 ns, Reaching safepoint: 137900 ns, At safepoint: 470500 ns, Total: 608400 ns
[2020-08-27T11:16:16.511+0000][21728][gc,marking   ] GC(272) Concurrent Cleanup for Next Mark
[2020-08-27T11:16:16.512+0000][21728][gc,marking   ] GC(272) Concurrent Cleanup for Next Mark 1.929ms
[2020-08-27T11:16:16.513+0000][21728][gc           ] GC(272) Concurrent Cycle 261.859ms
[2020-08-27T11:16:16.513+0000][21728][gc,start     ] GC(273) Pause Young (Concurrent Start) (G1 Humongous Allocation)
[2020-08-27T11:16:16.513+0000][21728][gc,task      ] GC(273) Using 8 workers of 8 for evacuation
[2020-08-27T11:16:16.513+0000][21728][gc,age       ] GC(273) Desired survivor size 33030144 bytes, new threshold 15 (max threshold 15)
[2020-08-27T11:16:16.516+0000][21728][gc,age       ] GC(273) Age table with threshold 15 (max threshold 15)
[2020-08-27T11:16:16.516+0000][21728][gc,age       ] GC(273) - age   1:    2641680 bytes,    2641680 total
[2020-08-27T11:16:16.517+0000][21728][gc,age       ] GC(273) - age   2:     793992 bytes,    3435672 total
[2020-08-27T11:16:16.517+0000][21728][gc,age       ] GC(273) - age   3:       7416 bytes,    3443088 total
[2020-08-27T11:16:16.517+0000][21728][gc,age       ] GC(273) - age   4:       2008 bytes,    3445096 total
[2020-08-27T11:16:16.517+0000][21728][gc,age       ] GC(273) - age   5:        280 bytes,    3445376 total
[2020-08-27T11:16:16.517+0000][21728][gc,age       ] GC(273) - age   6:      65592 bytes,    3510968 total
[2020-08-27T11:16:16.517+0000][21728][gc,age       ] GC(273) - age   7:       1136 bytes,    3512104 total
[2020-08-27T11:16:16.517+0000][21728][gc,age       ] GC(273) - age   8:       2320 bytes,    3514424 total
[2020-08-27T11:16:16.517+0000][21728][gc,age       ] GC(273) - age   9:        512 bytes,    3514936 total
[2020-08-27T11:16:16.517+0000][21728][gc,age       ] GC(273) - age  10:       1008 bytes,    3515944 total
[2020-08-27T11:16:16.517+0000][21728][gc,age       ] GC(273) - age  11:      16440 bytes,    3532384 total
[2020-08-27T11:16:16.517+0000][21728][gc,age       ] GC(273) - age  12:       4296 bytes,    3536680 total
[2020-08-27T11:16:16.517+0000][21728][gc,age       ] GC(273) - age  13:        680 bytes,    3537360 total
[2020-08-27T11:16:16.517+0000][21728][gc,age       ] GC(273) - age  14:       1312 bytes,    3538672 total
[2020-08-27T11:16:16.517+0000][21728][gc,age       ] GC(273) - age  15:       1280 bytes,    3539952 total
[2020-08-27T11:16:16.517+0000][21728][gc,phases    ] GC(273)   Pre Evacuate Collection Set: 0.4ms
[2020-08-27T11:16:16.517+0000][21728][gc,phases    ] GC(273)   Merge Heap Roots: 0.1ms
[2020-08-27T11:16:16.517+0000][21728][gc,phases    ] GC(273)   Evacuate Collection Set: 2.0ms
[2020-08-27T11:16:16.517+0000][21728][gc,phases    ] GC(273)   Post Evacuate Collection Set: 0.7ms
[2020-08-27T11:16:16.517+0000][21728][gc,phases    ] GC(273)   Other: 0.9ms
[2020-08-27T11:16:16.517+0000][21728][gc,heap      ] GC(273) Eden regions: 22->0(495)
[2020-08-27T11:16:16.517+0000][21728][gc,heap      ] GC(273) Survivor regions: 5->4(63)
[2020-08-27T11:16:16.517+0000][21728][gc,heap      ] GC(273) Old regions: 78->78
[2020-08-27T11:16:16.517+0000][21728][gc,heap      ] GC(273) Archive regions: 0->0
[2020-08-27T11:16:16.517+0000][21728][gc,heap      ] GC(273) Humongous regions: 234->174
[2020-08-27T11:16:16.517+0000][21728][gc,metaspace ] GC(273) Metaspace: 86753K(93056K)->86753K(93056K) NonClass: 75652K(79360K)->75652K(79360K) Class: 11100K(13696K)->11100K(13696K)
[2020-08-27T11:16:16.517+0000][21728][gc           ] GC(273) Pause Young (Concurrent Start) (G1 Humongous Allocation) 337M->255M(1024M) 4.511ms
[2020-08-27T11:16:16.518+0000][21728][gc,cpu       ] GC(273) User=0.02s Sys=0.00s Real=0.00s
[2020-08-27T11:16:16.518+0000][21728][gc           ] GC(274) Concurrent Cycle
[2020-08-27T11:16:16.518+0000][21728][gc,marking   ] GC(274) Concurrent Clear Claimed Marks
[2020-08-27T11:16:16.518+0000][21728][safepoint    ] Safepoint "G1TryInitiateConcMark", Time since last: 2208500 ns, Reaching safepoint: 176900 ns, At safepoint: 5123800 ns, Total: 5300700 ns
[2020-08-27T11:16:16.518+0000][21728][gc,marking   ] GC(274) Concurrent Clear Claimed Marks 0.347ms
[2020-08-27T11:16:16.518+0000][21728][gc,marking   ] GC(274) Concurrent Scan Root Regions
[2020-08-27T11:16:16.521+0000][21728][gc,marking   ] GC(274) Concurrent Scan Root Regions 3.017ms
[2020-08-27T11:16:16.521+0000][21728][gc,marking   ] GC(274) Concurrent Mark (94.477s)
[2020-08-27T11:16:16.521+0000][21728][gc,marking   ] GC(274) Concurrent Mark From Roots
[2020-08-27T11:16:16.521+0000][21728][gc,task      ] GC(274) Using 2 workers of 2 for marking
[2020-08-27T11:16:16.669+0000][21728][gc,marking   ] GC(274) Concurrent Mark From Roots 147.298ms
[2020-08-27T11:16:16.669+0000][21728][gc,marking   ] GC(274) Concurrent Preclean
[2020-08-27T11:16:16.669+0000][21728][gc,marking   ] GC(274) Concurrent Preclean 0.561ms
[2020-08-27T11:16:16.669+0000][21728][gc,marking   ] GC(274) Concurrent Mark (94.477s, 94.625s) 148.076ms
[2020-08-27T11:16:16.670+0000][21728][gc,start     ] GC(274) Pause Remark
[2020-08-27T11:16:16.676+0000][21728][gc           ] GC(274) Pause Remark 302M->302M(1024M) 5.896ms
[2020-08-27T11:16:16.676+0000][21728][gc,cpu       ] GC(274) User=0.13s Sys=0.00s Real=0.01s
[2020-08-27T11:16:16.676+0000][21728][safepoint    ] Safepoint "G1Concurrent", Time since last: 151492800 ns, Reaching safepoint: 191900 ns, At safepoint: 6130900 ns, Total: 6322800 ns
[2020-08-27T11:16:16.676+0000][21728][gc,marking   ] GC(274) Concurrent Rebuild Remembered Sets
[2020-08-27T11:16:16.778+0000][21728][gc,marking   ] GC(274) Concurrent Rebuild Remembered Sets 101.763ms
[2020-08-27T11:16:16.778+0000][21728][gc,start     ] GC(274) Pause Cleanup
[2020-08-27T11:16:16.778+0000][21728][gc           ] GC(274) Pause Cleanup 311M->311M(1024M) 0.346ms
[2020-08-27T11:16:16.778+0000][21728][gc,cpu       ] GC(274) User=0.00s Sys=0.00s Real=0.00s
[2020-08-27T11:16:16.778+0000][21728][safepoint    ] Safepoint "G1Concurrent", Time since last: 102007200 ns, Reaching safepoint: 177300 ns, At safepoint: 538000 ns, Total: 715300 ns
[2020-08-27T11:16:16.779+0000][21728][gc,marking   ] GC(274) Concurrent Cleanup for Next Mark
[2020-08-27T11:16:16.781+0000][21728][gc,marking   ] GC(274) Concurrent Cleanup for Next Mark 2.098ms
[2020-08-27T11:16:16.781+0000][21728][gc           ] GC(274) Concurrent Cycle 263.164ms
[2020-08-27T11:16:16.787+0000][21728][gc,start     ] GC(275) Pause Young (Concurrent Start) (G1 Humongous Allocation)
[2020-08-27T11:16:16.787+0000][21728][gc,task      ] GC(275) Using 8 workers of 8 for evacuation
[2020-08-27T11:16:16.787+0000][21728][gc,age       ] GC(275) Desired survivor size 33030144 bytes, new threshold 15 (max threshold 15)
[2020-08-27T11:16:16.791+0000][21728][gc,age       ] GC(275) Age table with threshold 15 (max threshold 15)
[2020-08-27T11:16:16.791+0000][21728][gc,age       ] GC(275) - age   1:    2491312 bytes,    2491312 total
[2020-08-27T11:16:16.791+0000][21728][gc,age       ] GC(275) - age   2:     203248 bytes,    2694560 total
[2020-08-27T11:16:16.791+0000][21728][gc,age       ] GC(275) - age   3:     595456 bytes,    3290016 total
[2020-08-27T11:16:16.792+0000][21728][gc,age       ] GC(275) - age   4:       5008 bytes,    3295024 total
[2020-08-27T11:16:16.792+0000][21728][gc,age       ] GC(275) - age   5:       1848 bytes,    3296872 total
[2020-08-27T11:16:16.792+0000][21728][gc,age       ] GC(275) - age   6:        280 bytes,    3297152 total
[2020-08-27T11:16:16.792+0000][21728][gc,age       ] GC(275) - age   7:      65592 bytes,    3362744 total
[2020-08-27T11:16:16.792+0000][21728][gc,age       ] GC(275) - age   8:       1136 bytes,    3363880 total
[2020-08-27T11:16:16.792+0000][21728][gc,age       ] GC(275) - age   9:       2256 bytes,    3366136 total
[2020-08-27T11:16:16.792+0000][21728][gc,age       ] GC(275) - age  10:        512 bytes,    3366648 total
[2020-08-27T11:16:16.792+0000][21728][gc,age       ] GC(275) - age  11:       1008 bytes,    3367656 total
[2020-08-27T11:16:16.792+0000][21728][gc,age       ] GC(275) - age  12:      16440 bytes,    3384096 total
[2020-08-27T11:16:16.792+0000][21728][gc,age       ] GC(275) - age  13:       4296 bytes,    3388392 total
[2020-08-27T11:16:16.792+0000][21728][gc,age       ] GC(275) - age  14:        680 bytes,    3389072 total
[2020-08-27T11:16:16.792+0000][21728][gc,age       ] GC(275) - age  15:       1312 bytes,    3390384 total
[2020-08-27T11:16:16.792+0000][21728][gc,phases    ] GC(275)   Pre Evacuate Collection Set: 0.5ms
[2020-08-27T11:16:16.792+0000][21728][gc,phases    ] GC(275)   Merge Heap Roots: 0.1ms
[2020-08-27T11:16:16.792+0000][21728][gc,phases    ] GC(275)   Evacuate Collection Set: 2.4ms
[2020-08-27T11:16:16.792+0000][21728][gc,phases    ] GC(275)   Post Evacuate Collection Set: 0.7ms
[2020-08-27T11:16:16.792+0000][21728][gc,phases    ] GC(275)   Other: 1.2ms
[2020-08-27T11:16:16.792+0000][21728][gc,heap      ] GC(275) Eden regions: 22->0(498)
[2020-08-27T11:16:16.792+0000][21728][gc,heap      ] GC(275) Survivor regions: 4->4(63)
[2020-08-27T11:16:16.792+0000][21728][gc,heap      ] GC(275) Old regions: 78->78
[2020-08-27T11:16:16.792+0000][21728][gc,heap      ] GC(275) Archive regions: 0->0
[2020-08-27T11:16:16.792+0000][21728][gc,heap      ] GC(275) Humongous regions: 229->174
[2020-08-27T11:16:16.792+0000][21728][gc,metaspace ] GC(275) Metaspace: 86753K(93056K)->86753K(93056K) NonClass: 75652K(79360K)->75652K(79360K) Class: 11100K(13696K)->11100K(13696K)
[2020-08-27T11:16:16.792+0000][21728][gc           ] GC(275) Pause Young (Concurrent Start) (G1 Humongous Allocation) 332M->255M(1024M) 5.251ms
[2020-08-27T11:16:16.793+0000][21728][gc,cpu       ] GC(275) User=0.00s Sys=0.00s Real=0.01s
[2020-08-27T11:16:16.793+0000][21728][gc           ] GC(276) Concurrent Cycle
[2020-08-27T11:16:16.793+0000][21728][safepoint    ] Safepoint "G1TryInitiateConcMark", Time since last: 8455200 ns, Reaching safepoint: 178400 ns, At safepoint: 5516100 ns, Total: 5694500 ns
[2020-08-27T11:16:16.793+0000][21728][gc,marking   ] GC(276) Concurrent Clear Claimed Marks
[2020-08-27T11:16:16.793+0000][21728][gc,marking   ] GC(276) Concurrent Clear Claimed Marks 0.530ms
[2020-08-27T11:16:16.793+0000][21728][gc,marking   ] GC(276) Concurrent Scan Root Regions
[2020-08-27T11:16:16.796+0000][21728][gc,marking   ] GC(276) Concurrent Scan Root Regions 2.783ms
[2020-08-27T11:16:16.796+0000][21728][gc,marking   ] GC(276) Concurrent Mark (94.752s)
[2020-08-27T11:16:16.796+0000][21728][gc,marking   ] GC(276) Concurrent Mark From Roots
[2020-08-27T11:16:16.796+0000][21728][gc,task      ] GC(276) Using 2 workers of 2 for marking
[2020-08-27T11:16:16.961+0000][21728][gc,marking   ] GC(276) Concurrent Mark From Roots 165.219ms
[2020-08-27T11:16:16.961+0000][21728][gc,marking   ] GC(276) Concurrent Preclean
[2020-08-27T11:16:16.962+0000][21728][gc,marking   ] GC(276) Concurrent Preclean 0.560ms
[2020-08-27T11:16:16.962+0000][21728][gc,marking   ] GC(276) Concurrent Mark (94.752s, 94.918s) 165.974ms
[2020-08-27T11:16:16.962+0000][21728][gc,start     ] GC(276) Pause Remark
[2020-08-27T11:16:16.968+0000][21728][gc           ] GC(276) Pause Remark 296M->296M(1024M) 5.803ms
[2020-08-27T11:16:16.968+0000][21728][gc,cpu       ] GC(276) User=0.00s Sys=0.00s Real=0.01s
[2020-08-27T11:16:16.968+0000][21728][safepoint    ] Safepoint "G1Concurrent", Time since last: 169611100 ns, Reaching safepoint: 162200 ns, At safepoint: 6031000 ns, Total: 6193200 ns
[2020-08-27T11:16:16.968+0000][21728][gc,marking   ] GC(276) Concurrent Rebuild Remembered Sets
[2020-08-27T11:16:17.070+0000][21728][gc,marking   ] GC(276) Concurrent Rebuild Remembered Sets 101.450ms
[2020-08-27T11:16:17.070+0000][21728][gc,start     ] GC(276) Pause Cleanup
[2020-08-27T11:16:17.070+0000][21728][gc           ] GC(276) Pause Cleanup 306M->306M(1024M) 0.336ms
[2020-08-27T11:16:17.071+0000][21728][gc,cpu       ] GC(276) User=0.00s Sys=0.00s Real=0.00s
[2020-08-27T11:16:17.071+0000][21728][safepoint    ] Safepoint "G1Concurrent", Time since last: 101664300 ns, Reaching safepoint: 173000 ns, At safepoint: 578100 ns, Total: 751100 ns
[2020-08-27T11:16:17.071+0000][21728][gc,marking   ] GC(276) Concurrent Cleanup for Next Mark
[2020-08-27T11:16:17.072+0000][21728][gc,marking   ] GC(276) Concurrent Cleanup for Next Mark 1.722ms
[2020-08-27T11:16:17.073+0000][21728][gc           ] GC(276) Concurrent Cycle 280.180ms
[2020-08-27T11:16:17.080+0000][21728][gc,start     ] GC(277) Pause Young (Concurrent Start) (G1 Humongous Allocation)
[2020-08-27T11:16:17.080+0000][21728][gc,task      ] GC(277) Using 8 workers of 8 for evacuation
[2020-08-27T11:16:17.080+0000][21728][gc,age       ] GC(277) Desired survivor size 33030144 bytes, new threshold 15 (max threshold 15)
[2020-08-27T11:16:17.083+0000][21728][gc,age       ] GC(277) Age table with threshold 15 (max threshold 15)
[2020-08-27T11:16:17.083+0000][21728][gc,age       ] GC(277) - age   1:    2208424 bytes,    2208424 total
[2020-08-27T11:16:17.084+0000][21728][gc,age       ] GC(277) - age   2:     205904 bytes,    2414328 total
[2020-08-27T11:16:17.084+0000][21728][gc,age       ] GC(277) - age   3:     202752 bytes,    2617080 total
[2020-08-27T11:16:17.084+0000][21728][gc,age       ] GC(277) - age   4:     397064 bytes,    3014144 total
[2020-08-27T11:16:17.084+0000][21728][gc,age       ] GC(277) - age   5:       4584 bytes,    3018728 total
[2020-08-27T11:16:17.084+0000][21728][gc,age       ] GC(277) - age   6:       1720 bytes,    3020448 total
[2020-08-27T11:16:17.084+0000][21728][gc,age       ] GC(277) - age   7:        280 bytes,    3020728 total
[2020-08-27T11:16:17.084+0000][21728][gc,age       ] GC(277) - age   8:      65592 bytes,    3086320 total
[2020-08-27T11:16:17.084+0000][21728][gc,age       ] GC(277) - age   9:       1136 bytes,    3087456 total
[2020-08-27T11:16:17.084+0000][21728][gc,age       ] GC(277) - age  10:       2128 bytes,    3089584 total
[2020-08-27T11:16:17.084+0000][21728][gc,age       ] GC(277) - age  11:        512 bytes,    3090096 total
[2020-08-27T11:16:17.084+0000][21728][gc,age       ] GC(277) - age  12:        976 bytes,    3091072 total
[2020-08-27T11:16:17.084+0000][21728][gc,age       ] GC(277) - age  13:      16440 bytes,    3107512 total
[2020-08-27T11:16:17.084+0000][21728][gc,age       ] GC(277) - age  14:       4296 bytes,    3111808 total
[2020-08-27T11:16:17.084+0000][21728][gc,age       ] GC(277) - age  15:        648 bytes,    3112456 total
[2020-08-27T11:16:17.085+0000][21728][gc,phases    ] GC(277)   Pre Evacuate Collection Set: 0.5ms
[2020-08-27T11:16:17.085+0000][21728][gc,phases    ] GC(277)   Merge Heap Roots: 0.1ms
[2020-08-27T11:16:17.085+0000][21728][gc,phases    ] GC(277)   Evacuate Collection Set: 2.1ms
[2020-08-27T11:16:17.085+0000][21728][gc,phases    ] GC(277)   Post Evacuate Collection Set: 0.7ms
[2020-08-27T11:16:17.085+0000][21728][gc,phases    ] GC(277)   Other: 1.6ms
[2020-08-27T11:16:17.085+0000][21728][gc,heap      ] GC(277) Eden regions: 25->0(500)
[2020-08-27T11:16:17.085+0000][21728][gc,heap      ] GC(277) Survivor regions: 4->4(63)
[2020-08-27T11:16:17.085+0000][21728][gc,heap      ] GC(277) Old regions: 78->78
[2020-08-27T11:16:17.085+0000][21728][gc,heap      ] GC(277) Archive regions: 0->0
[2020-08-27T11:16:17.085+0000][21728][gc,heap      ] GC(277) Humongous regions: 229->174
[2020-08-27T11:16:17.085+0000][21728][gc,metaspace ] GC(277) Metaspace: 86753K(93056K)->86753K(93056K) NonClass: 75652K(79360K)->75652K(79360K) Class: 11100K(13696K)->11100K(13696K)
[2020-08-27T11:16:17.085+0000][21728][gc           ] GC(277) Pause Young (Concurrent Start) (G1 Humongous Allocation) 335M->254M(1024M) 5.641ms
[2020-08-27T11:16:17.085+0000][21728][gc,cpu       ] GC(277) User=0.00s Sys=0.00s Real=0.01s
[2020-08-27T11:16:17.085+0000][21728][gc           ] GC(278) Concurrent Cycle
[2020-08-27T11:16:17.085+0000][21728][safepoint    ] Safepoint "G1TryInitiateConcMark", Time since last: 8582600 ns, Reaching safepoint: 201000 ns, At safepoint: 5918900 ns, Total: 6119900 ns
[2020-08-27T11:16:17.085+0000][21728][gc,marking   ] GC(278) Concurrent Clear Claimed Marks
[2020-08-27T11:16:17.086+0000][21728][gc,marking   ] GC(278) Concurrent Clear Claimed Marks 0.440ms
[2020-08-27T11:16:17.086+0000][21728][gc,marking   ] GC(278) Concurrent Scan Root Regions
[2020-08-27T11:16:17.089+0000][21728][gc,marking   ] GC(278) Concurrent Scan Root Regions 2.656ms
[2020-08-27T11:16:17.089+0000][21728][gc,marking   ] GC(278) Concurrent Mark (95.045s)
[2020-08-27T11:16:17.089+0000][21728][gc,marking   ] GC(278) Concurrent Mark From Roots
[2020-08-27T11:16:17.089+0000][21728][gc,task      ] GC(278) Using 2 workers of 2 for marking
[2020-08-27T11:16:17.236+0000][21728][gc,marking   ] GC(278) Concurrent Mark From Roots 147.319ms
[2020-08-27T11:16:17.236+0000][21728][gc,marking   ] GC(278) Concurrent Preclean
[2020-08-27T11:16:17.237+0000][21728][gc,marking   ] GC(278) Concurrent Preclean 0.559ms
[2020-08-27T11:16:17.237+0000][21728][gc,marking   ] GC(278) Concurrent Mark (95.045s, 95.193s) 148.076ms
[2020-08-27T11:16:17.237+0000][21728][gc,start     ] GC(278) Pause Remark
[2020-08-27T11:16:17.243+0000][21728][gc           ] GC(278) Pause Remark 288M->288M(1024M) 5.770ms
[2020-08-27T11:16:17.243+0000][21728][gc,cpu       ] GC(278) User=0.00s Sys=0.00s Real=0.01s
[2020-08-27T11:16:17.243+0000][21728][safepoint    ] Safepoint "G1Concurrent", Time since last: 151519500 ns, Reaching safepoint: 170800 ns, At safepoint: 6010800 ns, Total: 6181600 ns
[2020-08-27T11:16:17.243+0000][21728][gc,marking   ] GC(278) Concurrent Rebuild Remembered Sets
[2020-08-27T11:16:17.331+0000][21728][gc,marking   ] GC(278) Concurrent Rebuild Remembered Sets 87.640ms
[2020-08-27T11:16:17.332+0000][21728][gc,start     ] GC(278) Pause Cleanup
[2020-08-27T11:16:17.332+0000][21728][gc           ] GC(278) Pause Cleanup 350M->350M(1024M) 0.341ms
[2020-08-27T11:16:17.332+0000][21728][gc,cpu       ] GC(278) User=0.00s Sys=0.00s Real=0.00s
[2020-08-27T11:16:17.332+0000][21728][safepoint    ] Safepoint "G1Concurrent", Time since last: 87878800 ns, Reaching safepoint: 170400 ns, At safepoint: 603900 ns, Total: 774300 ns
[2020-08-27T11:16:17.332+0000][21728][gc,marking   ] GC(278) Concurrent Cleanup for Next Mark
[2020-08-27T11:16:17.334+0000][21728][gc,marking   ] GC(278) Concurrent Cleanup for Next Mark 1.842ms
[2020-08-27T11:16:17.334+0000][21728][gc           ] GC(278) Concurrent Cycle 248.447ms
[2020-08-27T11:16:17.512+0000][21728][gc,start     ] GC(279) Pause Young (Concurrent Start) (G1 Humongous Allocation)
[2020-08-27T11:16:17.512+0000][21728][gc,task      ] GC(279) Using 8 workers of 8 for evacuation
[2020-08-27T11:16:17.512+0000][21728][gc,age       ] GC(279) Desired survivor size 33030144 bytes, new threshold 15 (max threshold 15)
[2020-08-27T11:16:17.517+0000][21728][gc,age       ] GC(279) Age table with threshold 15 (max threshold 15)
[2020-08-27T11:16:17.517+0000][21728][gc,age       ] GC(279) - age   1:   13601488 bytes,   13601488 total
[2020-08-27T11:16:17.517+0000][21728][gc,age       ] GC(279) - age   2:       1320 bytes,   13602808 total
[2020-08-27T11:16:17.517+0000][21728][gc,age       ] GC(279) - age   3:       3304 bytes,   13606112 total
[2020-08-27T11:16:17.517+0000][21728][gc,age       ] GC(279) - age   4:        504 bytes,   13606616 total
[2020-08-27T11:16:17.517+0000][21728][gc,age       ] GC(279) - age   5:       1576 bytes,   13608192 total
[2020-08-27T11:16:17.517+0000][21728][gc,age       ] GC(279) - age   6:       2080 bytes,   13610272 total
[2020-08-27T11:16:17.517+0000][21728][gc,age       ] GC(279) - age   7:       1296 bytes,   13611568 total
[2020-08-27T11:16:17.517+0000][21728][gc,age       ] GC(279) - age   8:        280 bytes,   13611848 total
[2020-08-27T11:16:17.517+0000][21728][gc,age       ] GC(279) - age   9:      65016 bytes,   13676864 total
[2020-08-27T11:16:17.517+0000][21728][gc,age       ] GC(279) - age  10:        912 bytes,   13677776 total
[2020-08-27T11:16:17.517+0000][21728][gc,age       ] GC(279) - age  11:       2000 bytes,   13679776 total
[2020-08-27T11:16:17.517+0000][21728][gc,age       ] GC(279) - age  12:        512 bytes,   13680288 total
[2020-08-27T11:16:17.517+0000][21728][gc,age       ] GC(279) - age  13:        816 bytes,   13681104 total
[2020-08-27T11:16:17.517+0000][21728][gc,age       ] GC(279) - age  14:      16376 bytes,   13697480 total
[2020-08-27T11:16:17.517+0000][21728][gc,age       ] GC(279) - age  15:       4296 bytes,   13701776 total
[2020-08-27T11:16:17.518+0000][21728][gc,phases    ] GC(279)   Pre Evacuate Collection Set: 0.3ms
[2020-08-27T11:16:17.518+0000][21728][gc,phases    ] GC(279)   Merge Heap Roots: 0.1ms
[2020-08-27T11:16:17.518+0000][21728][gc,phases    ] GC(279)   Evacuate Collection Set: 3.5ms
[2020-08-27T11:16:17.518+0000][21728][gc,phases    ] GC(279)   Post Evacuate Collection Set: 0.8ms
[2020-08-27T11:16:17.518+0000][21728][gc,phases    ] GC(279)   Other: 0.9ms
[2020-08-27T11:16:17.518+0000][21728][gc,heap      ] GC(279) Eden regions: 62->0(482)
[2020-08-27T11:16:17.518+0000][21728][gc,heap      ] GC(279) Survivor regions: 4->14(63)
[2020-08-27T11:16:17.518+0000][21728][gc,heap      ] GC(279) Old regions: 78->78
[2020-08-27T11:16:17.518+0000][21728][gc,heap      ] GC(279) Archive regions: 0->0
[2020-08-27T11:16:17.518+0000][21728][gc,heap      ] GC(279) Humongous regions: 244->174
[2020-08-27T11:16:17.518+0000][21728][gc,metaspace ] GC(279) Metaspace: 86779K(93056K)->86779K(93056K) NonClass: 75678K(79360K)->75678K(79360K) Class: 11100K(13696K)->11100K(13696K)
[2020-08-27T11:16:17.518+0000][21728][gc           ] GC(279) Pause Young (Concurrent Start) (G1 Humongous Allocation) 386M->265M(1024M) 5.865ms
[2020-08-27T11:16:17.518+0000][21728][gc,cpu       ] GC(279) User=0.09s Sys=0.00s Real=0.01s
[2020-08-27T11:16:17.518+0000][21728][gc           ] GC(280) Concurrent Cycle
[2020-08-27T11:16:17.518+0000][21728][gc,marking   ] GC(280) Concurrent Clear Claimed Marks
[2020-08-27T11:16:17.518+0000][21728][safepoint    ] Safepoint "G1TryInitiateConcMark", Time since last: 179729000 ns, Reaching safepoint: 171600 ns, At safepoint: 6072600 ns, Total: 6244200 ns
[2020-08-27T11:16:17.519+0000][21728][gc,marking   ] GC(280) Concurrent Clear Claimed Marks 0.499ms
[2020-08-27T11:16:17.519+0000][21728][gc,marking   ] GC(280) Concurrent Scan Root Regions
[2020-08-27T11:16:17.522+0000][21728][gc,marking   ] GC(280) Concurrent Scan Root Regions 3.315ms
[2020-08-27T11:16:17.522+0000][21728][gc,marking   ] GC(280) Concurrent Mark (95.478s)
[2020-08-27T11:16:17.522+0000][21728][gc,marking   ] GC(280) Concurrent Mark From Roots
[2020-08-27T11:16:17.522+0000][21728][gc,task      ] GC(280) Using 2 workers of 2 for marking
[2020-08-27T11:16:17.680+0000][21728][gc,marking   ] GC(280) Concurrent Mark From Roots 158.171ms
[2020-08-27T11:16:17.680+0000][21728][gc,marking   ] GC(280) Concurrent Preclean
[2020-08-27T11:16:17.681+0000][21728][gc,marking   ] GC(280) Concurrent Preclean 0.486ms
[2020-08-27T11:16:17.681+0000][21728][gc,marking   ] GC(280) Concurrent Mark (95.478s, 95.637s) 158.843ms
[2020-08-27T11:16:17.681+0000][21728][gc,start     ] GC(280) Pause Remark
[2020-08-27T11:16:17.688+0000][21728][gc           ] GC(280) Pause Remark 512M->512M(1024M) 6.714ms
[2020-08-27T11:16:17.688+0000][21728][gc,cpu       ] GC(280) User=0.00s Sys=0.00s Real=0.01s
[2020-08-27T11:16:17.688+0000][21728][safepoint    ] Safepoint "G1Concurrent", Time since last: 162975100 ns, Reaching safepoint: 167100 ns, At safepoint: 6944400 ns, Total: 7111500 ns
[2020-08-27T11:16:17.688+0000][21728][gc,marking   ] GC(280) Concurrent Rebuild Remembered Sets
[2020-08-27T11:16:17.809+0000][21728][safepoint    ] Safepoint "BulkRevokeBias", Time since last: 113885400 ns, Reaching safepoint: 382500 ns, At safepoint: 6199200 ns, Total: 6581700 ns
[2020-08-27T11:16:17.810+0000][21728][gc,marking   ] GC(280) Concurrent Rebuild Remembered Sets 122.006ms
[2020-08-27T11:16:17.811+0000][21728][gc,start     ] GC(280) Pause Cleanup
[2020-08-27T11:16:17.811+0000][21728][gc           ] GC(280) Pause Cleanup 581M->581M(1024M) 0.397ms
[2020-08-27T11:16:17.811+0000][21728][gc,cpu       ] GC(280) User=0.00s Sys=0.00s Real=0.00s
[2020-08-27T11:16:17.811+0000][21728][safepoint    ] Safepoint "G1Concurrent", Time since last: 1734800 ns, Reaching safepoint: 437400 ns, At safepoint: 629600 ns, Total: 1067000 ns
[2020-08-27T11:16:17.812+0000][21728][gc,marking   ] GC(280) Concurrent Cleanup for Next Mark
[2020-08-27T11:16:17.814+0000][21728][gc,marking   ] GC(280) Concurrent Cleanup for Next Mark 2.138ms
[2020-08-27T11:16:17.814+0000][21728][gc           ] GC(280) Concurrent Cycle 295.865ms
[2020-08-27T11:16:18.034+0000][21728][gc,start     ] GC(281) Pause Young (Concurrent Start) (G1 Humongous Allocation)
[2020-08-27T11:16:18.034+0000][21728][gc,task      ] GC(281) Using 8 workers of 8 for evacuation
[2020-08-27T11:16:18.034+0000][21728][gc,age       ] GC(281) Desired survivor size 32505856 bytes, new threshold 15 (max threshold 15)
[2020-08-27T11:16:18.039+0000][21728][gc,age       ] GC(281) Age table with threshold 15 (max threshold 15)
[2020-08-27T11:16:18.039+0000][21728][gc,age       ] GC(281) - age   1:    8518464 bytes,    8518464 total
[2020-08-27T11:16:18.039+0000][21728][gc,age       ] GC(281) - age   2:      13728 bytes,    8532192 total
[2020-08-27T11:16:18.039+0000][21728][gc,age       ] GC(281) - age   3:        976 bytes,    8533168 total
[2020-08-27T11:16:18.039+0000][21728][gc,age       ] GC(281) - age   4:       2448 bytes,    8535616 total
[2020-08-27T11:16:18.039+0000][21728][gc,age       ] GC(281) - age   5:        376 bytes,    8535992 total
[2020-08-27T11:16:18.039+0000][21728][gc,age       ] GC(281) - age   6:       1144 bytes,    8537136 total
[2020-08-27T11:16:18.039+0000][21728][gc,age       ] GC(281) - age   7:       1824 bytes,    8538960 total
[2020-08-27T11:16:18.039+0000][21728][gc,age       ] GC(281) - age   8:       1296 bytes,    8540256 total
[2020-08-27T11:16:18.039+0000][21728][gc,age       ] GC(281) - age   9:        184 bytes,    8540440 total
[2020-08-27T11:16:18.039+0000][21728][gc,age       ] GC(281) - age  10:      64984 bytes,    8605424 total
[2020-08-27T11:16:18.039+0000][21728][gc,age       ] GC(281) - age  11:        784 bytes,    8606208 total
[2020-08-27T11:16:18.039+0000][21728][gc,age       ] GC(281) - age  12:       1936 bytes,    8608144 total
[2020-08-27T11:16:18.039+0000][21728][gc,age       ] GC(281) - age  13:        512 bytes,    8608656 total
[2020-08-27T11:16:18.040+0000][21728][gc,age       ] GC(281) - age  14:        784 bytes,    8609440 total
[2020-08-27T11:16:18.040+0000][21728][gc,age       ] GC(281) - age  15:      16320 bytes,    8625760 total
[2020-08-27T11:16:18.040+0000][21728][gc,phases    ] GC(281)   Pre Evacuate Collection Set: 0.6ms
[2020-08-27T11:16:18.040+0000][21728][gc,phases    ] GC(281)   Merge Heap Roots: 0.1ms
[2020-08-27T11:16:18.040+0000][21728][gc,phases    ] GC(281)   Evacuate Collection Set: 3.1ms
[2020-08-27T11:16:18.040+0000][21728][gc,phases    ] GC(281)   Post Evacuate Collection Set: 0.9ms
[2020-08-27T11:16:18.040+0000][21728][gc,phases    ] GC(281)   Other: 0.9ms
[2020-08-27T11:16:18.040+0000][21728][gc,heap      ] GC(281) Eden regions: 95->0(486)
[2020-08-27T11:16:18.040+0000][21728][gc,heap      ] GC(281) Survivor regions: 14->9(62)
[2020-08-27T11:16:18.040+0000][21728][gc,heap      ] GC(281) Old regions: 78->78
[2020-08-27T11:16:18.040+0000][21728][gc,heap      ] GC(281) Archive regions: 0->0
[2020-08-27T11:16:18.040+0000][21728][gc,heap      ] GC(281) Humongous regions: 430->174
[2020-08-27T11:16:18.040+0000][21728][gc,metaspace ] GC(281) Metaspace: 86806K(93056K)->86806K(93056K) NonClass: 75706K(79360K)->75706K(79360K) Class: 11100K(13696K)->11100K(13696K)
[2020-08-27T11:16:18.040+0000][21728][gc           ] GC(281) Pause Young (Concurrent Start) (G1 Humongous Allocation) 616M->260M(1024M) 5.850ms
[2020-08-27T11:16:18.040+0000][21728][gc,cpu       ] GC(281) User=0.00s Sys=0.00s Real=0.01s
[2020-08-27T11:16:18.040+0000][21728][gc           ] GC(282) Concurrent Cycle
[2020-08-27T11:16:18.040+0000][21728][gc,marking   ] GC(282) Concurrent Clear Claimed Marks
[2020-08-27T11:16:18.040+0000][21728][safepoint    ] Safepoint "G1TryInitiateConcMark", Time since last: 222358900 ns, Reaching safepoint: 176300 ns, At safepoint: 6180000 ns, Total: 6356300 ns
[2020-08-27T11:16:18.040+0000][21728][gc,marking   ] GC(282) Concurrent Clear Claimed Marks 0.373ms
[2020-08-27T11:16:18.040+0000][21728][gc,marking   ] GC(282) Concurrent Scan Root Regions
[2020-08-27T11:16:18.043+0000][21728][gc,marking   ] GC(282) Concurrent Scan Root Regions 2.812ms
[2020-08-27T11:16:18.043+0000][21728][gc,marking   ] GC(282) Concurrent Mark (95.999s)
[2020-08-27T11:16:18.043+0000][21728][gc,marking   ] GC(282) Concurrent Mark From Roots
[2020-08-27T11:16:18.044+0000][21728][gc,task      ] GC(282) Using 2 workers of 2 for marking
[2020-08-27T11:16:18.200+0000][21728][gc,marking   ] GC(282) Concurrent Mark From Roots 156.921ms
[2020-08-27T11:16:18.200+0000][21728][gc,marking   ] GC(282) Concurrent Preclean
[2020-08-27T11:16:18.201+0000][21728][gc,marking   ] GC(282) Concurrent Preclean 0.658ms
[2020-08-27T11:16:18.201+0000][21728][gc,marking   ] GC(282) Concurrent Mark (95.999s, 96.157s) 157.764ms
[2020-08-27T11:16:18.202+0000][21728][gc,start     ] GC(282) Pause Remark
[2020-08-27T11:16:18.207+0000][21728][gc           ] GC(282) Pause Remark 514M->514M(1024M) 5.810ms
[2020-08-27T11:16:18.207+0000][21728][gc,cpu       ] GC(282) User=0.11s Sys=0.00s Real=0.01s
[2020-08-27T11:16:18.208+0000][21728][safepoint    ] Safepoint "G1Concurrent", Time since last: 161145400 ns, Reaching safepoint: 194800 ns, At safepoint: 6047500 ns, Total: 6242300 ns
[2020-08-27T11:16:18.208+0000][21728][gc,marking   ] GC(282) Concurrent Rebuild Remembered Sets
[2020-08-27T11:16:18.309+0000][21728][gc,marking   ] GC(282) Concurrent Rebuild Remembered Sets 101.176ms
[2020-08-27T11:16:18.309+0000][21728][gc,start     ] GC(282) Pause Cleanup
[2020-08-27T11:16:18.309+0000][21728][gc           ] GC(282) Pause Cleanup 591M->591M(1024M) 0.299ms
[2020-08-27T11:16:18.309+0000][21728][gc,cpu       ] GC(282) User=0.00s Sys=0.00s Real=0.00s
[2020-08-27T11:16:18.310+0000][21728][safepoint    ] Safepoint "G1Concurrent", Time since last: 101357000 ns, Reaching safepoint: 161100 ns, At safepoint: 473100 ns, Total: 634200 ns
[2020-08-27T11:16:18.310+0000][21728][gc,marking   ] GC(282) Concurrent Cleanup for Next Mark
[2020-08-27T11:16:18.311+0000][21728][gc,marking   ] GC(282) Concurrent Cleanup for Next Mark 1.577ms
[2020-08-27T11:16:18.311+0000][21728][gc           ] GC(282) Concurrent Cycle 271.344ms
[2020-08-27T11:16:18.513+0000][21728][gc,start     ] GC(283) Pause Young (Concurrent Start) (G1 Humongous Allocation)
[2020-08-27T11:16:18.513+0000][21728][gc,task      ] GC(283) Using 8 workers of 8 for evacuation
[2020-08-27T11:16:18.513+0000][21728][gc,age       ] GC(283) Desired survivor size 32505856 bytes, new threshold 15 (max threshold 15)
[2020-08-27T11:16:18.518+0000][21728][gc,age       ] GC(283) Age table with threshold 15 (max threshold 15)
[2020-08-27T11:16:18.518+0000][21728][gc,age       ] GC(283) - age   1:   10936688 bytes,   10936688 total
[2020-08-27T11:16:18.518+0000][21728][gc,age       ] GC(283) - age   2:      10336 bytes,   10947024 total
[2020-08-27T11:16:18.518+0000][21728][gc,age       ] GC(283) - age   3:      11984 bytes,   10959008 total
[2020-08-27T11:16:18.518+0000][21728][gc,age       ] GC(283) - age   4:        848 bytes,   10959856 total
[2020-08-27T11:16:18.518+0000][21728][gc,age       ] GC(283) - age   5:       2448 bytes,   10962304 total
[2020-08-27T11:16:18.518+0000][21728][gc,age       ] GC(283) - age   6:        376 bytes,   10962680 total
[2020-08-27T11:16:18.518+0000][21728][gc,age       ] GC(283) - age   7:       1080 bytes,   10963760 total
[2020-08-27T11:16:18.519+0000][21728][gc,age       ] GC(283) - age   8:       1792 bytes,   10965552 total
[2020-08-27T11:16:18.519+0000][21728][gc,age       ] GC(283) - age   9:       1200 bytes,   10966752 total
[2020-08-27T11:16:18.519+0000][21728][gc,age       ] GC(283) - age  10:        184 bytes,   10966936 total
[2020-08-27T11:16:18.519+0000][21728][gc,age       ] GC(283) - age  11:      64984 bytes,   11031920 total
[2020-08-27T11:16:18.519+0000][21728][gc,age       ] GC(283) - age  12:        752 bytes,   11032672 total
[2020-08-27T11:16:18.519+0000][21728][gc,age       ] GC(283) - age  13:       1936 bytes,   11034608 total
[2020-08-27T11:16:18.519+0000][21728][gc,age       ] GC(283) - age  14:        416 bytes,   11035024 total
[2020-08-27T11:16:18.519+0000][21728][gc,age       ] GC(283) - age  15:        784 bytes,   11035808 total
[2020-08-27T11:16:18.519+0000][21728][gc,phases    ] GC(283)   Pre Evacuate Collection Set: 0.5ms
[2020-08-27T11:16:18.519+0000][21728][gc,phases    ] GC(283)   Merge Heap Roots: 0.1ms
[2020-08-27T11:16:18.519+0000][21728][gc,phases    ] GC(283)   Evacuate Collection Set: 3.4ms
[2020-08-27T11:16:18.519+0000][21728][gc,phases    ] GC(283)   Post Evacuate Collection Set: 1.1ms
[2020-08-27T11:16:18.519+0000][21728][gc,phases    ] GC(283)   Other: 1.2ms
[2020-08-27T11:16:18.519+0000][21728][gc,heap      ] GC(283) Eden regions: 103->0(480)
[2020-08-27T11:16:18.519+0000][21728][gc,heap      ] GC(283) Survivor regions: 9->12(62)
[2020-08-27T11:16:18.519+0000][21728][gc,heap      ] GC(283) Old regions: 78->78
[2020-08-27T11:16:18.519+0000][21728][gc,heap      ] GC(283) Archive regions: 0->0
[2020-08-27T11:16:18.519+0000][21728][gc,heap      ] GC(283) Humongous regions: 430->174
[2020-08-27T11:16:18.519+0000][21728][gc,metaspace ] GC(283) Metaspace: 86819K(93056K)->86819K(93056K) NonClass: 75718K(79360K)->75718K(79360K) Class: 11100K(13696K)->11100K(13696K)
[2020-08-27T11:16:18.519+0000][21728][gc           ] GC(283) Pause Young (Concurrent Start) (G1 Humongous Allocation) 619M->263M(1024M) 6.661ms
[2020-08-27T11:16:18.519+0000][21728][gc,cpu       ] GC(283) User=0.08s Sys=0.00s Real=0.01s
[2020-08-27T11:16:18.520+0000][21728][gc           ] GC(284) Concurrent Cycle
[2020-08-27T11:16:18.520+0000][21728][gc,marking   ] GC(284) Concurrent Clear Claimed Marks
[2020-08-27T11:16:18.520+0000][21728][safepoint    ] Safepoint "G1TryInitiateConcMark", Time since last: 202968400 ns, Reaching safepoint: 195100 ns, At safepoint: 7304400 ns, Total: 7499500 ns
[2020-08-27T11:16:18.520+0000][21728][gc,marking   ] GC(284) Concurrent Clear Claimed Marks 0.446ms
[2020-08-27T11:16:18.520+0000][21728][gc,marking   ] GC(284) Concurrent Scan Root Regions
[2020-08-27T11:16:18.523+0000][21728][gc,marking   ] GC(284) Concurrent Scan Root Regions 3.032ms
[2020-08-27T11:16:18.523+0000][21728][gc,marking   ] GC(284) Concurrent Mark (96.479s)
[2020-08-27T11:16:18.523+0000][21728][gc,marking   ] GC(284) Concurrent Mark From Roots
[2020-08-27T11:16:18.523+0000][21728][gc,task      ] GC(284) Using 2 workers of 2 for marking
[2020-08-27T11:16:18.722+0000][21728][gc,marking   ] GC(284) Concurrent Mark From Roots 198.431ms
[2020-08-27T11:16:18.722+0000][21728][gc,marking   ] GC(284) Concurrent Preclean
[2020-08-27T11:16:18.722+0000][21728][gc,marking   ] GC(284) Concurrent Preclean 0.558ms
[2020-08-27T11:16:18.722+0000][21728][gc,marking   ] GC(284) Concurrent Mark (96.479s, 96.678s) 199.212ms
[2020-08-27T11:16:18.723+0000][21728][gc,start     ] GC(284) Pause Remark
[2020-08-27T11:16:18.728+0000][21728][gc           ] GC(284) Pause Remark 507M->507M(1024M) 5.681ms
[2020-08-27T11:16:18.729+0000][21728][gc,cpu       ] GC(284) User=0.00s Sys=0.00s Real=0.01s
[2020-08-27T11:16:18.729+0000][21728][safepoint    ] Safepoint "G1Concurrent", Time since last: 202642600 ns, Reaching safepoint: 164700 ns, At safepoint: 5924000 ns, Total: 6088700 ns
[2020-08-27T11:16:18.729+0000][21728][gc,marking   ] GC(284) Concurrent Rebuild Remembered Sets
[2020-08-27T11:16:18.837+0000][21728][gc,marking   ] GC(284) Concurrent Rebuild Remembered Sets 108.495ms
[2020-08-27T11:16:18.838+0000][21728][gc,start     ] GC(284) Pause Cleanup
[2020-08-27T11:16:18.838+0000][21728][gc           ] GC(284) Pause Cleanup 509M->509M(1024M) 0.327ms
[2020-08-27T11:16:18.838+0000][21728][gc,cpu       ] GC(284) User=0.00s Sys=0.00s Real=0.00s
[2020-08-27T11:16:18.838+0000][21728][safepoint    ] Safepoint "G1Concurrent", Time since last: 108691100 ns, Reaching safepoint: 196800 ns, At safepoint: 483800 ns, Total: 680600 ns
[2020-08-27T11:16:18.838+0000][21728][gc,marking   ] GC(284) Concurrent Cleanup for Next Mark
[2020-08-27T11:16:18.840+0000][21728][gc,marking   ] GC(284) Concurrent Cleanup for Next Mark 1.889ms
[2020-08-27T11:16:18.840+0000][21728][gc           ] GC(284) Concurrent Cycle 320.633ms
[2020-08-27T11:16:18.995+0000][21728][gc,start     ] GC(285) Pause Young (Concurrent Start) (G1 Humongous Allocation)
[2020-08-27T11:16:18.995+0000][21728][gc,task      ] GC(285) Using 8 workers of 8 for evacuation
[2020-08-27T11:16:18.995+0000][21728][gc,age       ] GC(285) Desired survivor size 32505856 bytes, new threshold 15 (max threshold 15)
[2020-08-27T11:16:18.999+0000][21728][gc,age       ] GC(285) Age table with threshold 15 (max threshold 15)
[2020-08-27T11:16:18.999+0000][21728][gc,age       ] GC(285) - age   1:     564688 bytes,     564688 total
[2020-08-27T11:16:18.999+0000][21728][gc,age       ] GC(285) - age   2:    2770016 bytes,    3334704 total
[2020-08-27T11:16:18.999+0000][21728][gc,age       ] GC(285) - age   3:       8904 bytes,    3343608 total
[2020-08-27T11:16:18.999+0000][21728][gc,age       ] GC(285) - age   4:      11984 bytes,    3355592 total
[2020-08-27T11:16:18.999+0000][21728][gc,age       ] GC(285) - age   5:        784 bytes,    3356376 total
[2020-08-27T11:16:18.999+0000][21728][gc,age       ] GC(285) - age   6:       2448 bytes,    3358824 total
[2020-08-27T11:16:18.999+0000][21728][gc,age       ] GC(285) - age   7:        376 bytes,    3359200 total
[2020-08-27T11:16:18.999+0000][21728][gc,age       ] GC(285) - age   8:       1080 bytes,    3360280 total
[2020-08-27T11:16:18.999+0000][21728][gc,age       ] GC(285) - age   9:       1792 bytes,    3362072 total
[2020-08-27T11:16:18.999+0000][21728][gc,age       ] GC(285) - age  10:       1200 bytes,    3363272 total
[2020-08-27T11:16:18.999+0000][21728][gc,age       ] GC(285) - age  11:        184 bytes,    3363456 total
[2020-08-27T11:16:18.999+0000][21728][gc,age       ] GC(285) - age  12:      64984 bytes,    3428440 total
[2020-08-27T11:16:18.999+0000][21728][gc,age       ] GC(285) - age  13:        752 bytes,    3429192 total
[2020-08-27T11:16:18.999+0000][21728][gc,age       ] GC(285) - age  14:       1936 bytes,    3431128 total
[2020-08-27T11:16:18.999+0000][21728][gc,age       ] GC(285) - age  15:        416 bytes,    3431544 total
[2020-08-27T11:16:19.000+0000][21728][gc,phases    ] GC(285)   Pre Evacuate Collection Set: 0.5ms
[2020-08-27T11:16:19.000+0000][21728][gc,phases    ] GC(285)   Merge Heap Roots: 0.1ms
[2020-08-27T11:16:19.000+0000][21728][gc,phases    ] GC(285)   Evacuate Collection Set: 2.4ms
[2020-08-27T11:16:19.000+0000][21728][gc,phases    ] GC(285)   Post Evacuate Collection Set: 0.9ms
[2020-08-27T11:16:19.000+0000][21728][gc,phases    ] GC(285)   Other: 1.1ms
[2020-08-27T11:16:19.000+0000][21728][gc,heap      ] GC(285) Eden regions: 49->0(493)
[2020-08-27T11:16:19.000+0000][21728][gc,heap      ] GC(285) Survivor regions: 12->4(62)
[2020-08-27T11:16:19.000+0000][21728][gc,heap      ] GC(285) Old regions: 78->78
[2020-08-27T11:16:19.000+0000][21728][gc,heap      ] GC(285) Archive regions: 0->0
[2020-08-27T11:16:19.000+0000][21728][gc,heap      ] GC(285) Humongous regions: 378->174
[2020-08-27T11:16:19.000+0000][21728][gc,metaspace ] GC(285) Metaspace: 86820K(93056K)->86820K(93056K) NonClass: 75720K(79360K)->75720K(79360K) Class: 11100K(13696K)->11100K(13696K)
[2020-08-27T11:16:19.000+0000][21728][gc           ] GC(285) Pause Young (Concurrent Start) (G1 Humongous Allocation) 515M->255M(1024M) 5.465ms
[2020-08-27T11:16:19.000+0000][21728][gc,cpu       ] GC(285) User=0.00s Sys=0.00s Real=0.01s
[2020-08-27T11:16:19.000+0000][21728][gc           ] GC(286) Concurrent Cycle
[2020-08-27T11:16:19.000+0000][21728][safepoint    ] Safepoint "G1TryInitiateConcMark", Time since last: 156259500 ns, Reaching safepoint: 192300 ns, At safepoint: 5840800 ns, Total: 6033100 ns
[2020-08-27T11:16:19.000+0000][21728][gc,marking   ] GC(286) Concurrent Clear Claimed Marks
[2020-08-27T11:16:19.001+0000][21728][gc,marking   ] GC(286) Concurrent Clear Claimed Marks 0.768ms
[2020-08-27T11:16:19.001+0000][21728][gc,marking   ] GC(286) Concurrent Scan Root Regions
[2020-08-27T11:16:19.006+0000][21728][gc,marking   ] GC(286) Concurrent Scan Root Regions 4.836ms
[2020-08-27T11:16:19.006+0000][21728][gc,marking   ] GC(286) Concurrent Mark (96.962s)
[2020-08-27T11:16:19.007+0000][21728][gc,marking   ] GC(286) Concurrent Mark From Roots
[2020-08-27T11:16:19.007+0000][21728][gc,task      ] GC(286) Using 2 workers of 2 for marking
[2020-08-27T11:16:19.195+0000][21728][gc,marking   ] GC(286) Concurrent Mark From Roots 188.425ms
[2020-08-27T11:16:19.195+0000][21728][gc,marking   ] GC(286) Concurrent Preclean
[2020-08-27T11:16:19.196+0000][21728][gc,marking   ] GC(286) Concurrent Preclean 0.619ms
[2020-08-27T11:16:19.196+0000][21728][gc,marking   ] GC(286) Concurrent Mark (96.962s, 97.151s) 189.326ms
[2020-08-27T11:16:19.196+0000][21728][gc,start     ] GC(286) Pause Remark
[2020-08-27T11:16:19.201+0000][21728][gc           ] GC(286) Pause Remark 327M->327M(1024M) 5.473ms
[2020-08-27T11:16:19.202+0000][21728][gc,cpu       ] GC(286) User=0.00s Sys=0.00s Real=0.01s
[2020-08-27T11:16:19.202+0000][21728][safepoint    ] Safepoint "G1Concurrent", Time since last: 195566300 ns, Reaching safepoint: 172600 ns, At safepoint: 5815300 ns, Total: 5987900 ns
[2020-08-27T11:16:19.202+0000][21728][gc,marking   ] GC(286) Concurrent Rebuild Remembered Sets
[2020-08-27T11:16:19.299+0000][21728][gc,marking   ] GC(286) Concurrent Rebuild Remembered Sets 97.416ms
[2020-08-27T11:16:19.300+0000][21728][gc,start     ] GC(286) Pause Cleanup
[2020-08-27T11:16:19.300+0000][21728][gc           ] GC(286) Pause Cleanup 331M->331M(1024M) 0.334ms
[2020-08-27T11:16:19.300+0000][21728][gc,cpu       ] GC(286) User=0.00s Sys=0.00s Real=0.00s
[2020-08-27T11:16:19.300+0000][21728][safepoint    ] Safepoint "G1Concurrent", Time since last: 97634100 ns, Reaching safepoint: 180000 ns, At safepoint: 549800 ns, Total: 729800 ns
[2020-08-27T11:16:19.300+0000][21728][gc,marking   ] GC(286) Concurrent Cleanup for Next Mark
[2020-08-27T11:16:19.302+0000][21728][gc,marking   ] GC(286) Concurrent Cleanup for Next Mark 1.804ms
[2020-08-27T11:16:19.302+0000][21728][gc           ] GC(286) Concurrent Cycle 301.958ms
[2020-08-27T11:16:19.342+0000][21728][gc,start     ] GC(287) Pause Young (Concurrent Start) (G1 Humongous Allocation)
[2020-08-27T11:16:19.342+0000][21728][gc,task      ] GC(287) Using 8 workers of 8 for evacuation
[2020-08-27T11:16:19.342+0000][21728][gc,age       ] GC(287) Desired survivor size 33030144 bytes, new threshold 15 (max threshold 15)
[2020-08-27T11:16:19.346+0000][21728][gc,age       ] GC(287) Age table with threshold 15 (max threshold 15)
[2020-08-27T11:16:19.346+0000][21728][gc,age       ] GC(287) - age   1:    3839480 bytes,    3839480 total
[2020-08-27T11:16:19.346+0000][21728][gc,age       ] GC(287) - age   2:       9680 bytes,    3849160 total
[2020-08-27T11:16:19.346+0000][21728][gc,age       ] GC(287) - age   3:       8912 bytes,    3858072 total
[2020-08-27T11:16:19.346+0000][21728][gc,age       ] GC(287) - age   4:       8672 bytes,    3866744 total
[2020-08-27T11:16:19.346+0000][21728][gc,age       ] GC(287) - age   5:      11888 bytes,    3878632 total
[2020-08-27T11:16:19.346+0000][21728][gc,age       ] GC(287) - age   6:        784 bytes,    3879416 total
[2020-08-27T11:16:19.346+0000][21728][gc,age       ] GC(287) - age   7:       2384 bytes,    3881800 total
[2020-08-27T11:16:19.346+0000][21728][gc,age       ] GC(287) - age   8:        376 bytes,    3882176 total
[2020-08-27T11:16:19.346+0000][21728][gc,age       ] GC(287) - age   9:        984 bytes,    3883160 total
[2020-08-27T11:16:19.346+0000][21728][gc,age       ] GC(287) - age  10:       1632 bytes,    3884792 total
[2020-08-27T11:16:19.346+0000][21728][gc,age       ] GC(287) - age  11:       1168 bytes,    3885960 total
[2020-08-27T11:16:19.346+0000][21728][gc,age       ] GC(287) - age  12:        152 bytes,    3886112 total
[2020-08-27T11:16:19.346+0000][21728][gc,age       ] GC(287) - age  13:      64984 bytes,    3951096 total
[2020-08-27T11:16:19.346+0000][21728][gc,age       ] GC(287) - age  14:        688 bytes,    3951784 total
[2020-08-27T11:16:19.346+0000][21728][gc,age       ] GC(287) - age  15:       1936 bytes,    3953720 total
[2020-08-27T11:16:19.346+0000][21728][gc,phases    ] GC(287)   Pre Evacuate Collection Set: 0.4ms
[2020-08-27T11:16:19.346+0000][21728][gc,phases    ] GC(287)   Merge Heap Roots: 0.1ms
[2020-08-27T11:16:19.346+0000][21728][gc,phases    ] GC(287)   Evacuate Collection Set: 2.3ms
[2020-08-27T11:16:19.346+0000][21728][gc,phases    ] GC(287)   Post Evacuate Collection Set: 0.6ms
[2020-08-27T11:16:19.346+0000][21728][gc,phases    ] GC(287)   Other: 0.8ms
[2020-08-27T11:16:19.346+0000][21728][gc,heap      ] GC(287) Eden regions: 34->0(494)
[2020-08-27T11:16:19.346+0000][21728][gc,heap      ] GC(287) Survivor regions: 4->5(63)
[2020-08-27T11:16:19.346+0000][21728][gc,heap      ] GC(287) Old regions: 78->78
[2020-08-27T11:16:19.346+0000][21728][gc,heap      ] GC(287) Archive regions: 0->0
[2020-08-27T11:16:19.346+0000][21728][gc,heap      ] GC(287) Humongous regions: 229->174
[2020-08-27T11:16:19.347+0000][21728][gc,metaspace ] GC(287) Metaspace: 86826K(93056K)->86826K(93056K) NonClass: 75726K(79360K)->75726K(79360K) Class: 11100K(13696K)->11100K(13696K)
[2020-08-27T11:16:19.347+0000][21728][gc           ] GC(287) Pause Young (Concurrent Start) (G1 Humongous Allocation) 344M->256M(1024M) 4.399ms
[2020-08-27T11:16:19.347+0000][21728][gc,cpu       ] GC(287) User=0.13s Sys=0.00s Real=0.00s
[2020-08-27T11:16:19.347+0000][21728][gc           ] GC(288) Concurrent Cycle
[2020-08-27T11:16:19.347+0000][21728][safepoint    ] Safepoint "G1TryInitiateConcMark", Time since last: 41845900 ns, Reaching safepoint: 135300 ns, At safepoint: 4552100 ns, Total: 4687400 ns
[2020-08-27T11:16:19.347+0000][21728][gc,marking   ] GC(288) Concurrent Clear Claimed Marks
[2020-08-27T11:16:19.347+0000][21728][gc,marking   ] GC(288) Concurrent Clear Claimed Marks 0.445ms
[2020-08-27T11:16:19.347+0000][21728][gc,marking   ] GC(288) Concurrent Scan Root Regions
[2020-08-27T11:16:19.350+0000][21728][gc,marking   ] GC(288) Concurrent Scan Root Regions 2.864ms
[2020-08-27T11:16:19.350+0000][21728][gc,marking   ] GC(288) Concurrent Mark (97.306s)
[2020-08-27T11:16:19.350+0000][21728][gc,marking   ] GC(288) Concurrent Mark From Roots
[2020-08-27T11:16:19.350+0000][21728][gc,task      ] GC(288) Using 2 workers of 2 for marking
[2020-08-27T11:16:19.536+0000][21728][gc,marking   ] GC(288) Concurrent Mark From Roots 185.638ms
[2020-08-27T11:16:19.536+0000][21728][gc,marking   ] GC(288) Concurrent Preclean
[2020-08-27T11:16:19.537+0000][21728][gc,marking   ] GC(288) Concurrent Preclean 0.636ms
[2020-08-27T11:16:19.537+0000][21728][gc,marking   ] GC(288) Concurrent Mark (97.306s, 97.493s) 186.498ms
[2020-08-27T11:16:19.537+0000][21728][gc,start     ] GC(288) Pause Remark
[2020-08-27T11:16:19.543+0000][21728][gc           ] GC(288) Pause Remark 316M->316M(1024M) 5.730ms
[2020-08-27T11:16:19.543+0000][21728][gc,cpu       ] GC(288) User=0.00s Sys=0.00s Real=0.01s
[2020-08-27T11:16:19.543+0000][21728][safepoint    ] Safepoint "G1Concurrent", Time since last: 190167300 ns, Reaching safepoint: 169000 ns, At safepoint: 5995600 ns, Total: 6164600 ns
[2020-08-27T11:16:19.543+0000][21728][gc,marking   ] GC(288) Concurrent Rebuild Remembered Sets
[2020-08-27T11:16:19.647+0000][21728][gc,marking   ] GC(288) Concurrent Rebuild Remembered Sets 103.725ms
[2020-08-27T11:16:19.647+0000][21728][gc,start     ] GC(288) Pause Cleanup
[2020-08-27T11:16:19.648+0000][21728][gc           ] GC(288) Pause Cleanup 319M->319M(1024M) 0.352ms
[2020-08-27T11:16:19.648+0000][21728][gc,cpu       ] GC(288) User=0.00s Sys=0.00s Real=0.00s
[2020-08-27T11:16:19.648+0000][21728][safepoint    ] Safepoint "G1Concurrent", Time since last: 103937900 ns, Reaching safepoint: 175100 ns, At safepoint: 547200 ns, Total: 722300 ns
[2020-08-27T11:16:19.648+0000][21728][gc,marking   ] GC(288) Concurrent Cleanup for Next Mark
[2020-08-27T11:16:19.650+0000][21728][gc,marking   ] GC(288) Concurrent Cleanup for Next Mark 2.020ms
[2020-08-27T11:16:19.650+0000][21728][gc           ] GC(288) Concurrent Cycle 303.261ms
[2020-08-27T11:16:19.690+0000][21728][gc,start     ] GC(289) Pause Young (Concurrent Start) (G1 Humongous Allocation)
[2020-08-27T11:16:19.690+0000][21728][gc,task      ] GC(289) Using 8 workers of 8 for evacuation
[2020-08-27T11:16:19.690+0000][21728][gc,age       ] GC(289) Desired survivor size 33030144 bytes, new threshold 15 (max threshold 15)
[2020-08-27T11:16:19.694+0000][21728][gc,age       ] GC(289) Age table with threshold 15 (max threshold 15)
[2020-08-27T11:16:19.694+0000][21728][gc,age       ] GC(289) - age   1:    2927616 bytes,    2927616 total
[2020-08-27T11:16:19.694+0000][21728][gc,age       ] GC(289) - age   2:     794072 bytes,    3721688 total
[2020-08-27T11:16:19.694+0000][21728][gc,age       ] GC(289) - age   3:       7128 bytes,    3728816 total
[2020-08-27T11:16:19.694+0000][21728][gc,age       ] GC(289) - age   4:       7744 bytes,    3736560 total
[2020-08-27T11:16:19.694+0000][21728][gc,age       ] GC(289) - age   5:       8544 bytes,    3745104 total
[2020-08-27T11:16:19.694+0000][21728][gc,age       ] GC(289) - age   6:      11888 bytes,    3756992 total
[2020-08-27T11:16:19.694+0000][21728][gc,age       ] GC(289) - age   7:        688 bytes,    3757680 total
[2020-08-27T11:16:19.694+0000][21728][gc,age       ] GC(289) - age   8:       2352 bytes,    3760032 total
[2020-08-27T11:16:19.694+0000][21728][gc,age       ] GC(289) - age   9:        376 bytes,    3760408 total
[2020-08-27T11:16:19.695+0000][21728][gc,age       ] GC(289) - age  10:        984 bytes,    3761392 total
[2020-08-27T11:16:19.695+0000][21728][gc,age       ] GC(289) - age  11:       1536 bytes,    3762928 total
[2020-08-27T11:16:19.695+0000][21728][gc,age       ] GC(289) - age  12:       1136 bytes,    3764064 total
[2020-08-27T11:16:19.695+0000][21728][gc,age       ] GC(289) - age  13:        152 bytes,    3764216 total
[2020-08-27T11:16:19.695+0000][21728][gc,age       ] GC(289) - age  14:      64984 bytes,    3829200 total
[2020-08-27T11:16:19.695+0000][21728][gc,age       ] GC(289) - age  15:        320 bytes,    3829520 total
[2020-08-27T11:16:19.695+0000][21728][gc,phases    ] GC(289)   Pre Evacuate Collection Set: 0.5ms
[2020-08-27T11:16:19.695+0000][21728][gc,phases    ] GC(289)   Merge Heap Roots: 0.1ms
[2020-08-27T11:16:19.695+0000][21728][gc,phases    ] GC(289)   Evacuate Collection Set: 2.3ms
[2020-08-27T11:16:19.695+0000][21728][gc,phases    ] GC(289)   Post Evacuate Collection Set: 0.8ms
[2020-08-27T11:16:19.695+0000][21728][gc,phases    ] GC(289)   Other: 1.1ms
[2020-08-27T11:16:19.695+0000][21728][gc,heap      ] GC(289) Eden regions: 23->0(496)
[2020-08-27T11:16:19.695+0000][21728][gc,heap      ] GC(289) Survivor regions: 5->5(63)
[2020-08-27T11:16:19.695+0000][21728][gc,heap      ] GC(289) Old regions: 78->78
[2020-08-27T11:16:19.695+0000][21728][gc,heap      ] GC(289) Archive regions: 0->0
[2020-08-27T11:16:19.695+0000][21728][gc,heap      ] GC(289) Humongous regions: 229->174
[2020-08-27T11:16:19.695+0000][21728][gc,metaspace ] GC(289) Metaspace: 86840K(93056K)->86840K(93056K) NonClass: 75739K(79360K)->75739K(79360K) Class: 11100K(13696K)->11100K(13696K)
[2020-08-27T11:16:19.695+0000][21728][gc           ] GC(289) Pause Young (Concurrent Start) (G1 Humongous Allocation) 334M->256M(1024M) 5.239ms
[2020-08-27T11:16:19.695+0000][21728][gc,cpu       ] GC(289) User=0.00s Sys=0.00s Real=0.00s
[2020-08-27T11:16:19.695+0000][21728][gc           ] GC(290) Concurrent Cycle
[2020-08-27T11:16:19.695+0000][21728][safepoint    ] Safepoint "G1TryInitiateConcMark", Time since last: 42118300 ns, Reaching safepoint: 180900 ns, At safepoint: 5467400 ns, Total: 5648300 ns
[2020-08-27T11:16:19.696+0000][21728][gc,marking   ] GC(290) Concurrent Clear Claimed Marks
[2020-08-27T11:16:19.696+0000][21728][gc,marking   ] GC(290) Concurrent Clear Claimed Marks 0.532ms
[2020-08-27T11:16:19.696+0000][21728][gc,marking   ] GC(290) Concurrent Scan Root Regions
[2020-08-27T11:16:19.700+0000][21728][gc,marking   ] GC(290) Concurrent Scan Root Regions 3.393ms
[2020-08-27T11:16:19.700+0000][21728][gc,marking   ] GC(290) Concurrent Mark (97.655s)
[2020-08-27T11:16:19.700+0000][21728][gc,marking   ] GC(290) Concurrent Mark From Roots
[2020-08-27T11:16:19.700+0000][21728][gc,task      ] GC(290) Using 2 workers of 2 for marking
[2020-08-27T11:16:19.898+0000][21728][gc,marking   ] GC(290) Concurrent Mark From Roots 197.906ms
[2020-08-27T11:16:19.898+0000][21728][gc,marking   ] GC(290) Concurrent Preclean
[2020-08-27T11:16:19.898+0000][21728][gc,marking   ] GC(290) Concurrent Preclean 0.526ms
[2020-08-27T11:16:19.898+0000][21728][gc,marking   ] GC(290) Concurrent Mark (97.655s, 97.854s) 198.617ms
[2020-08-27T11:16:19.899+0000][21728][gc,start     ] GC(290) Pause Remark
[2020-08-27T11:16:19.908+0000][21728][gc           ] GC(290) Pause Remark 312M->312M(1024M) 9.385ms
[2020-08-27T11:16:19.908+0000][21728][gc,cpu       ] GC(290) User=0.02s Sys=0.00s Real=0.01s
[2020-08-27T11:16:19.908+0000][21728][safepoint    ] Safepoint "G1Concurrent", Time since last: 202923400 ns, Reaching safepoint: 162900 ns, At safepoint: 9740500 ns, Total: 9903400 ns
[2020-08-27T11:16:19.908+0000][21728][gc,marking   ] GC(290) Concurrent Rebuild Remembered Sets
[2020-08-27T11:16:20.011+0000][21728][gc,marking   ] GC(290) Concurrent Rebuild Remembered Sets 102.775ms
[2020-08-27T11:16:20.011+0000][21728][gc,start     ] GC(290) Pause Cleanup
[2020-08-27T11:16:20.012+0000][21728][gc           ] GC(290) Pause Cleanup 324M->324M(1024M) 0.349ms
[2020-08-27T11:16:20.012+0000][21728][gc,cpu       ] GC(290) User=0.00s Sys=0.00s Real=0.00s
[2020-08-27T11:16:20.012+0000][21728][safepoint    ] Safepoint "G1Concurrent", Time since last: 102978600 ns, Reaching safepoint: 153000 ns, At safepoint: 572400 ns, Total: 725400 ns
[2020-08-27T11:16:20.012+0000][21728][gc,marking   ] GC(290) Concurrent Cleanup for Next Mark
[2020-08-27T11:16:20.014+0000][21728][gc,marking   ] GC(290) Concurrent Cleanup for Next Mark 1.978ms
[2020-08-27T11:16:20.014+0000][21728][gc           ] GC(290) Concurrent Cycle 318.754ms
[2020-08-27T11:16:20.025+0000][21728][gc,start     ] GC(291) Pause Young (Concurrent Start) (G1 Humongous Allocation)
[2020-08-27T11:16:20.026+0000][21728][gc,task      ] GC(291) Using 8 workers of 8 for evacuation
[2020-08-27T11:16:20.026+0000][21728][gc,age       ] GC(291) Desired survivor size 33030144 bytes, new threshold 15 (max threshold 15)
[2020-08-27T11:16:20.030+0000][21728][gc,age       ] GC(291) Age table with threshold 15 (max threshold 15)
[2020-08-27T11:16:20.030+0000][21728][gc,age       ] GC(291) - age   1:    2852464 bytes,    2852464 total
[2020-08-27T11:16:20.030+0000][21728][gc,age       ] GC(291) - age   2:     206648 bytes,    3059112 total
[2020-08-27T11:16:20.030+0000][21728][gc,age       ] GC(291) - age   3:     593264 bytes,    3652376 total
[2020-08-27T11:16:20.030+0000][21728][gc,age       ] GC(291) - age   4:       6880 bytes,    3659256 total
[2020-08-27T11:16:20.030+0000][21728][gc,age       ] GC(291) - age   5:       6368 bytes,    3665624 total
[2020-08-27T11:16:20.030+0000][21728][gc,age       ] GC(291) - age   6:       8416 bytes,    3674040 total
[2020-08-27T11:16:20.030+0000][21728][gc,age       ] GC(291) - age   7:      11888 bytes,    3685928 total
[2020-08-27T11:16:20.030+0000][21728][gc,age       ] GC(291) - age   8:        688 bytes,    3686616 total
[2020-08-27T11:16:20.030+0000][21728][gc,age       ] GC(291) - age   9:       2224 bytes,    3688840 total
[2020-08-27T11:16:20.030+0000][21728][gc,age       ] GC(291) - age  10:        376 bytes,    3689216 total
[2020-08-27T11:16:20.030+0000][21728][gc,age       ] GC(291) - age  11:        760 bytes,    3689976 total
[2020-08-27T11:16:20.030+0000][21728][gc,age       ] GC(291) - age  12:       1504 bytes,    3691480 total
[2020-08-27T11:16:20.031+0000][21728][gc,age       ] GC(291) - age  13:       1136 bytes,    3692616 total
[2020-08-27T11:16:20.031+0000][21728][gc,age       ] GC(291) - age  14:        152 bytes,    3692768 total
[2020-08-27T11:16:20.031+0000][21728][gc,age       ] GC(291) - age  15:      64984 bytes,    3757752 total
[2020-08-27T11:16:20.031+0000][21728][gc,phases    ] GC(291)   Pre Evacuate Collection Set: 0.9ms
[2020-08-27T11:16:20.031+0000][21728][gc,phases    ] GC(291)   Merge Heap Roots: 0.1ms
[2020-08-27T11:16:20.031+0000][21728][gc,phases    ] GC(291)   Evacuate Collection Set: 2.2ms
[2020-08-27T11:16:20.031+0000][21728][gc,phases    ] GC(291)   Post Evacuate Collection Set: 0.8ms
[2020-08-27T11:16:20.031+0000][21728][gc,phases    ] GC(291)   Other: 1.6ms
[2020-08-27T11:16:20.031+0000][21728][gc,heap      ] GC(291) Eden regions: 24->0(498)
[2020-08-27T11:16:20.031+0000][21728][gc,heap      ] GC(291) Survivor regions: 5->4(63)
[2020-08-27T11:16:20.031+0000][21728][gc,heap      ] GC(291) Old regions: 78->78
[2020-08-27T11:16:20.031+0000][21728][gc,heap      ] GC(291) Archive regions: 0->0
[2020-08-27T11:16:20.031+0000][21728][gc,heap      ] GC(291) Humongous regions: 229->174
[2020-08-27T11:16:20.031+0000][21728][gc,metaspace ] GC(291) Metaspace: 86841K(93056K)->86841K(93056K) NonClass: 75741K(79360K)->75741K(79360K) Class: 11100K(13696K)->11100K(13696K)
[2020-08-27T11:16:20.031+0000][21728][gc           ] GC(291) Pause Young (Concurrent Start) (G1 Humongous Allocation) 335M->255M(1024M) 5.845ms
[2020-08-27T11:16:20.031+0000][21728][gc,cpu       ] GC(291) User=0.00s Sys=0.00s Real=0.01s
[2020-08-27T11:16:20.031+0000][21728][gc           ] GC(292) Concurrent Cycle
[2020-08-27T11:16:20.031+0000][21728][safepoint    ] Safepoint "G1TryInitiateConcMark", Time since last: 12496600 ns, Reaching safepoint: 640100 ns, At safepoint: 6241900 ns, Total: 6882000 ns
[2020-08-27T11:16:20.031+0000][21728][gc,marking   ] GC(292) Concurrent Clear Claimed Marks
[2020-08-27T11:16:20.032+0000][21728][gc,marking   ] GC(292) Concurrent Clear Claimed Marks 0.641ms
[2020-08-27T11:16:20.032+0000][21728][gc,marking   ] GC(292) Concurrent Scan Root Regions
[2020-08-27T11:16:20.037+0000][21728][gc,marking   ] GC(292) Concurrent Scan Root Regions 5.316ms
[2020-08-27T11:16:20.038+0000][21728][gc,marking   ] GC(292) Concurrent Mark (97.993s)
[2020-08-27T11:16:20.038+0000][21728][gc,marking   ] GC(292) Concurrent Mark From Roots
[2020-08-27T11:16:20.038+0000][21728][gc,task      ] GC(292) Using 2 workers of 2 for marking
[2020-08-27T11:16:20.198+0000][21728][gc,marking   ] GC(292) Concurrent Mark From Roots 159.940ms
[2020-08-27T11:16:20.198+0000][21728][gc,marking   ] GC(292) Concurrent Preclean
[2020-08-27T11:16:20.198+0000][21728][gc,marking   ] GC(292) Concurrent Preclean 0.494ms
[2020-08-27T11:16:20.198+0000][21728][gc,marking   ] GC(292) Concurrent Mark (97.993s, 98.154s) 160.596ms
[2020-08-27T11:16:20.198+0000][21728][gc,start     ] GC(292) Pause Remark
[2020-08-27T11:16:20.205+0000][21728][gc           ] GC(292) Pause Remark 310M->310M(1024M) 6.234ms
[2020-08-27T11:16:20.205+0000][21728][gc,cpu       ] GC(292) User=0.05s Sys=0.00s Real=0.01s
[2020-08-27T11:16:20.205+0000][21728][safepoint    ] Safepoint "G1Concurrent", Time since last: 166941500 ns, Reaching safepoint: 174900 ns, At safepoint: 6480600 ns, Total: 6655500 ns
[2020-08-27T11:16:20.205+0000][21728][gc,marking   ] GC(292) Concurrent Rebuild Remembered Sets
[2020-08-27T11:16:20.295+0000][21728][gc,marking   ] GC(292) Concurrent Rebuild Remembered Sets 90.209ms
[2020-08-27T11:16:20.296+0000][21728][gc,start     ] GC(292) Pause Cleanup
[2020-08-27T11:16:20.296+0000][21728][gc           ] GC(292) Pause Cleanup 382M->382M(1024M) 0.296ms
[2020-08-27T11:16:20.296+0000][21728][gc,cpu       ] GC(292) User=0.00s Sys=0.00s Real=0.00s
[2020-08-27T11:16:20.296+0000][21728][safepoint    ] Safepoint "G1Concurrent", Time since last: 90376200 ns, Reaching safepoint: 155100 ns, At safepoint: 482000 ns, Total: 637100 ns
[2020-08-27T11:16:20.296+0000][21728][gc,marking   ] GC(292) Concurrent Cleanup for Next Mark
[2020-08-27T11:16:20.298+0000][21728][gc,marking   ] GC(292) Concurrent Cleanup for Next Mark 1.714ms
[2020-08-27T11:16:20.298+0000][21728][gc           ] GC(292) Concurrent Cycle 266.497ms
[2020-08-27T11:16:20.447+0000][21728][gc,start     ] GC(293) Pause Young (Concurrent Start) (G1 Humongous Allocation)
[2020-08-27T11:16:20.447+0000][21728][gc,task      ] GC(293) Using 8 workers of 8 for evacuation
[2020-08-27T11:16:20.447+0000][21728][gc,age       ] GC(293) Desired survivor size 33030144 bytes, new threshold 15 (max threshold 15)
[2020-08-27T11:16:20.451+0000][21728][gc,age       ] GC(293) Age table with threshold 15 (max threshold 15)
[2020-08-27T11:16:20.451+0000][21728][gc,age       ] GC(293) - age   1:    3188648 bytes,    3188648 total
[2020-08-27T11:16:20.451+0000][21728][gc,age       ] GC(293) - age   2:     202488 bytes,    3391136 total
[2020-08-27T11:16:20.451+0000][21728][gc,age       ] GC(293) - age   3:     205240 bytes,    3596376 total
[2020-08-27T11:16:20.451+0000][21728][gc,age       ] GC(293) - age   4:     200288 bytes,    3796664 total
[2020-08-27T11:16:20.451+0000][21728][gc,age       ] GC(293) - age   5:       1752 bytes,    3798416 total
[2020-08-27T11:16:20.452+0000][21728][gc,age       ] GC(293) - age   6:       4736 bytes,    3803152 total
[2020-08-27T11:16:20.452+0000][21728][gc,age       ] GC(293) - age   7:       8384 bytes,    3811536 total
[2020-08-27T11:16:20.452+0000][21728][gc,age       ] GC(293) - age   8:      11760 bytes,    3823296 total
[2020-08-27T11:16:20.452+0000][21728][gc,age       ] GC(293) - age   9:        688 bytes,    3823984 total
[2020-08-27T11:16:20.452+0000][21728][gc,age       ] GC(293) - age  10:       2128 bytes,    3826112 total
[2020-08-27T11:16:20.452+0000][21728][gc,age       ] GC(293) - age  11:        248 bytes,    3826360 total
[2020-08-27T11:16:20.452+0000][21728][gc,age       ] GC(293) - age  12:        632 bytes,    3826992 total
[2020-08-27T11:16:20.452+0000][21728][gc,age       ] GC(293) - age  13:       1504 bytes,    3828496 total
[2020-08-27T11:16:20.452+0000][21728][gc,age       ] GC(293) - age  14:       1072 bytes,    3829568 total
[2020-08-27T11:16:20.452+0000][21728][gc,age       ] GC(293) - age  15:        152 bytes,    3829720 total
[2020-08-27T11:16:20.452+0000][21728][gc,phases    ] GC(293)   Pre Evacuate Collection Set: 0.4ms
[2020-08-27T11:16:20.452+0000][21728][gc,phases    ] GC(293)   Merge Heap Roots: 0.1ms
[2020-08-27T11:16:20.452+0000][21728][gc,phases    ] GC(293)   Evacuate Collection Set: 2.3ms
[2020-08-27T11:16:20.452+0000][21728][gc,phases    ] GC(293)   Post Evacuate Collection Set: 1.1ms
[2020-08-27T11:16:20.452+0000][21728][gc,phases    ] GC(293)   Other: 0.8ms
[2020-08-27T11:16:20.452+0000][21728][gc,heap      ] GC(293) Eden regions: 42->0(498)
[2020-08-27T11:16:20.452+0000][21728][gc,heap      ] GC(293) Survivor regions: 4->4(63)
[2020-08-27T11:16:20.452+0000][21728][gc,heap      ] GC(293) Old regions: 78->79
[2020-08-27T11:16:20.452+0000][21728][gc,heap      ] GC(293) Archive regions: 0->0
[2020-08-27T11:16:20.452+0000][21728][gc,heap      ] GC(293) Humongous regions: 269->174
[2020-08-27T11:16:20.452+0000][21728][gc,metaspace ] GC(293) Metaspace: 86846K(93056K)->86846K(93056K) NonClass: 75746K(79360K)->75746K(79360K) Class: 11100K(13696K)->11100K(13696K)
[2020-08-27T11:16:20.452+0000][21728][gc           ] GC(293) Pause Young (Concurrent Start) (G1 Humongous Allocation) 392M->255M(1024M) 4.964ms
[2020-08-27T11:16:20.452+0000][21728][gc,cpu       ] GC(293) User=0.00s Sys=0.00s Real=0.00s
[2020-08-27T11:16:20.452+0000][21728][safepoint    ] Safepoint "G1TryInitiateConcMark", Time since last: 151054000 ns, Reaching safepoint: 136700 ns, At safepoint: 5111300 ns, Total: 5248000 ns
[2020-08-27T11:16:20.452+0000][21728][gc           ] GC(294) Concurrent Cycle
[2020-08-27T11:16:20.452+0000][21728][gc,marking   ] GC(294) Concurrent Clear Claimed Marks
[2020-08-27T11:16:20.453+0000][21728][gc,marking   ] GC(294) Concurrent Clear Claimed Marks 0.604ms
[2020-08-27T11:16:20.453+0000][21728][gc,marking   ] GC(294) Concurrent Scan Root Regions
[2020-08-27T11:16:20.456+0000][21728][gc,marking   ] GC(294) Concurrent Scan Root Regions 3.135ms
[2020-08-27T11:16:20.456+0000][21728][gc,marking   ] GC(294) Concurrent Mark (98.412s)
[2020-08-27T11:16:20.456+0000][21728][gc,marking   ] GC(294) Concurrent Mark From Roots
[2020-08-27T11:16:20.456+0000][21728][gc,task      ] GC(294) Using 2 workers of 2 for marking
[2020-08-27T11:16:20.589+0000][21728][gc,marking   ] GC(294) Concurrent Mark From Roots 132.358ms
[2020-08-27T11:16:20.589+0000][21728][gc,marking   ] GC(294) Concurrent Preclean
[2020-08-27T11:16:20.589+0000][21728][gc,marking   ] GC(294) Concurrent Preclean 0.577ms
[2020-08-27T11:16:20.589+0000][21728][gc,marking   ] GC(294) Concurrent Mark (98.412s, 98.545s) 133.166ms
[2020-08-27T11:16:20.590+0000][21728][gc,start     ] GC(294) Pause Remark
[2020-08-27T11:16:20.595+0000][21728][gc           ] GC(294) Pause Remark 314M->314M(1024M) 5.258ms
[2020-08-27T11:16:20.595+0000][21728][gc,cpu       ] GC(294) User=0.13s Sys=0.00s Real=0.01s
[2020-08-27T11:16:20.595+0000][21728][safepoint    ] Safepoint "G1Concurrent", Time since last: 137281300 ns, Reaching safepoint: 152600 ns, At safepoint: 5421600 ns, Total: 5574200 ns
[2020-08-27T11:16:20.595+0000][21728][gc,marking   ] GC(294) Concurrent Rebuild Remembered Sets
[2020-08-27T11:16:20.682+0000][21728][gc,marking   ] GC(294) Concurrent Rebuild Remembered Sets 87.097ms
[2020-08-27T11:16:20.683+0000][21728][gc,start     ] GC(294) Pause Cleanup
[2020-08-27T11:16:20.683+0000][21728][gc           ] GC(294) Pause Cleanup 324M->324M(1024M) 0.373ms
[2020-08-27T11:16:20.683+0000][21728][gc,cpu       ] GC(294) User=0.00s Sys=0.00s Real=0.00s
[2020-08-27T11:16:20.683+0000][21728][safepoint    ] Safepoint "G1Concurrent", Time since last: 87290400 ns, Reaching safepoint: 145200 ns, At safepoint: 572000 ns, Total: 717200 ns
[2020-08-27T11:16:20.683+0000][21728][gc,marking   ] GC(294) Concurrent Cleanup for Next Mark
[2020-08-27T11:16:20.685+0000][21728][gc,marking   ] GC(294) Concurrent Cleanup for Next Mark 1.800ms
[2020-08-27T11:16:20.685+0000][21728][gc           ] GC(294) Concurrent Cycle 232.868ms
[2020-08-27T11:16:20.713+0000][21728][gc,start     ] GC(295) Pause Young (Concurrent Start) (G1 Humongous Allocation)
[2020-08-27T11:16:20.713+0000][21728][gc,task      ] GC(295) Using 8 workers of 8 for evacuation
[2020-08-27T11:16:20.713+0000][21728][gc,age       ] GC(295) Desired survivor size 33030144 bytes, new threshold 15 (max threshold 15)
[2020-08-27T11:16:20.717+0000][21728][gc,age       ] GC(295) Age table with threshold 15 (max threshold 15)
[2020-08-27T11:16:20.717+0000][21728][gc,age       ] GC(295) - age   1:    7782104 bytes,    7782104 total
[2020-08-27T11:16:20.717+0000][21728][gc,age       ] GC(295) - age   2:       2824 bytes,    7784928 total
[2020-08-27T11:16:20.717+0000][21728][gc,age       ] GC(295) - age   3:       1000 bytes,    7785928 total
[2020-08-27T11:16:20.717+0000][21728][gc,age       ] GC(295) - age   4:       1224 bytes,    7787152 total
[2020-08-27T11:16:20.717+0000][21728][gc,age       ] GC(295) - age   5:       2072 bytes,    7789224 total
[2020-08-27T11:16:20.717+0000][21728][gc,age       ] GC(295) - age   6:        336 bytes,    7789560 total
[2020-08-27T11:16:20.717+0000][21728][gc,age       ] GC(295) - age   7:       2856 bytes,    7792416 total
[2020-08-27T11:16:20.718+0000][21728][gc,age       ] GC(295) - age   8:       8000 bytes,    7800416 total
[2020-08-27T11:16:20.718+0000][21728][gc,age       ] GC(295) - age   9:      11664 bytes,    7812080 total
[2020-08-27T11:16:20.718+0000][21728][gc,age       ] GC(295) - age  10:        656 bytes,    7812736 total
[2020-08-27T11:16:20.718+0000][21728][gc,age       ] GC(295) - age  11:       1968 bytes,    7814704 total
[2020-08-27T11:16:20.718+0000][21728][gc,age       ] GC(295) - age  12:        120 bytes,    7814824 total
[2020-08-27T11:16:20.718+0000][21728][gc,age       ] GC(295) - age  13:        632 bytes,    7815456 total
[2020-08-27T11:16:20.718+0000][21728][gc,age       ] GC(295) - age  14:       1408 bytes,    7816864 total
[2020-08-27T11:16:20.718+0000][21728][gc,age       ] GC(295) - age  15:       1072 bytes,    7817936 total
[2020-08-27T11:16:20.718+0000][21728][gc,phases    ] GC(295)   Pre Evacuate Collection Set: 0.5ms
[2020-08-27T11:16:20.718+0000][21728][gc,phases    ] GC(295)   Merge Heap Roots: 0.1ms
[2020-08-27T11:16:20.718+0000][21728][gc,phases    ] GC(295)   Evacuate Collection Set: 2.8ms
[2020-08-27T11:16:20.718+0000][21728][gc,phases    ] GC(295)   Post Evacuate Collection Set: 0.8ms
[2020-08-27T11:16:20.718+0000][21728][gc,phases    ] GC(295)   Other: 1.1ms
[2020-08-27T11:16:20.718+0000][21728][gc,heap      ] GC(295) Eden regions: 35->0(491)
[2020-08-27T11:16:20.718+0000][21728][gc,heap      ] GC(295) Survivor regions: 4->8(63)
[2020-08-27T11:16:20.718+0000][21728][gc,heap      ] GC(295) Old regions: 79->79
[2020-08-27T11:16:20.718+0000][21728][gc,heap      ] GC(295) Archive regions: 0->0
[2020-08-27T11:16:20.718+0000][21728][gc,heap      ] GC(295) Humongous regions: 228->174
[2020-08-27T11:16:20.718+0000][21728][gc,metaspace ] GC(295) Metaspace: 86858K(93312K)->86858K(93312K) NonClass: 75758K(79616K)->75758K(79616K) Class: 11100K(13696K)->11100K(13696K)
[2020-08-27T11:16:20.718+0000][21728][gc           ] GC(295) Pause Young (Concurrent Start) (G1 Humongous Allocation) 344M->259M(1024M) 5.676ms
[2020-08-27T11:16:20.718+0000][21728][gc,cpu       ] GC(295) User=0.00s Sys=0.00s Real=0.00s
[2020-08-27T11:16:20.719+0000][21728][gc           ] GC(296) Concurrent Cycle
[2020-08-27T11:16:20.719+0000][21728][safepoint    ] Safepoint "G1TryInitiateConcMark", Time since last: 29329600 ns, Reaching safepoint: 179100 ns, At safepoint: 5893800 ns, Total: 6072900 ns
[2020-08-27T11:16:20.719+0000][21728][gc,marking   ] GC(296) Concurrent Clear Claimed Marks
[2020-08-27T11:16:20.719+0000][21728][safepoint    ] Safepoint "G1TryInitiateConcMark", Time since last: 172600 ns, Reaching safepoint: 126100 ns, At safepoint: 29000 ns, Total: 155100 ns
[2020-08-27T11:16:20.719+0000][21728][gc,marking   ] GC(296) Concurrent Clear Claimed Marks 0.378ms
[2020-08-27T11:16:20.719+0000][21728][gc,marking   ] GC(296) Concurrent Scan Root Regions
[2020-08-27T11:16:20.723+0000][21728][gc,marking   ] GC(296) Concurrent Scan Root Regions 4.078ms
[2020-08-27T11:16:20.723+0000][21728][gc,marking   ] GC(296) Concurrent Mark (98.679s)
[2020-08-27T11:16:20.723+0000][21728][gc,marking   ] GC(296) Concurrent Mark From Roots
[2020-08-27T11:16:20.723+0000][21728][gc,task      ] GC(296) Using 2 workers of 2 for marking
[2020-08-27T11:16:20.895+0000][21728][gc,marking   ] GC(296) Concurrent Mark From Roots 171.769ms
[2020-08-27T11:16:20.895+0000][21728][gc,marking   ] GC(296) Concurrent Preclean
[2020-08-27T11:16:20.896+0000][21728][gc,marking   ] GC(296) Concurrent Preclean 0.487ms
[2020-08-27T11:16:20.896+0000][21728][gc,marking   ] GC(296) Concurrent Mark (98.679s, 98.852s) 172.472ms
[2020-08-27T11:16:20.899+0000][21728][gc,start     ] GC(296) Pause Remark
[2020-08-27T11:16:20.911+0000][21728][gc           ] GC(296) Pause Remark 370M->370M(1024M) 11.716ms
[2020-08-27T11:16:20.911+0000][21728][gc,cpu       ] GC(296) User=0.11s Sys=0.00s Real=0.01s
[2020-08-27T11:16:20.911+0000][21728][safepoint    ] Safepoint "G1Concurrent", Time since last: 177022300 ns, Reaching safepoint: 2829200 ns, At safepoint: 12531000 ns, Total: 15360200 ns
[2020-08-27T11:16:20.911+0000][21728][gc,marking   ] GC(296) Concurrent Rebuild Remembered Sets
[2020-08-27T11:16:21.039+0000][21728][gc,marking   ] GC(296) Concurrent Rebuild Remembered Sets 127.845ms
[2020-08-27T11:16:21.041+0000][21728][gc,start     ] GC(296) Pause Cleanup
[2020-08-27T11:16:21.042+0000][21728][gc           ] GC(296) Pause Cleanup 434M->434M(1024M) 0.512ms
[2020-08-27T11:16:21.042+0000][21728][gc,cpu       ] GC(296) User=0.00s Sys=0.00s Real=0.00s
[2020-08-27T11:16:21.042+0000][21728][safepoint    ] Safepoint "G1Concurrent", Time since last: 128105200 ns, Reaching safepoint: 1690800 ns, At safepoint: 728400 ns, Total: 2419200 ns
[2020-08-27T11:16:21.042+0000][21728][gc,marking   ] GC(296) Concurrent Cleanup for Next Mark
[2020-08-27T11:16:21.044+0000][21728][gc,marking   ] GC(296) Concurrent Cleanup for Next Mark 1.905ms
[2020-08-27T11:16:21.044+0000][21728][gc           ] GC(296) Concurrent Cycle 325.377ms
[2020-08-27T11:16:21.441+0000][21728][gc,start     ] GC(297) Pause Young (Concurrent Start) (G1 Humongous Allocation)
[2020-08-27T11:16:21.441+0000][21728][gc,task      ] GC(297) Using 8 workers of 8 for evacuation
[2020-08-27T11:16:21.442+0000][21728][gc,age       ] GC(297) Desired survivor size 33030144 bytes, new threshold 15 (max threshold 15)
[2020-08-27T11:16:21.445+0000][21728][gc,age       ] GC(297) Age table with threshold 15 (max threshold 15)
[2020-08-27T11:16:21.446+0000][21728][gc,age       ] GC(297) - age   1:    6382696 bytes,    6382696 total
[2020-08-27T11:16:21.446+0000][21728][gc,age       ] GC(297) - age   2:      11496 bytes,    6394192 total
[2020-08-27T11:16:21.446+0000][21728][gc,age       ] GC(297) - age   3:       2224 bytes,    6396416 total
[2020-08-27T11:16:21.446+0000][21728][gc,age       ] GC(297) - age   4:        752 bytes,    6397168 total
[2020-08-27T11:16:21.446+0000][21728][gc,age       ] GC(297) - age   5:       1224 bytes,    6398392 total
[2020-08-27T11:16:21.446+0000][21728][gc,age       ] GC(297) - age   6:       1576 bytes,    6399968 total
[2020-08-27T11:16:21.446+0000][21728][gc,age       ] GC(297) - age   7:        336 bytes,    6400304 total
[2020-08-27T11:16:21.446+0000][21728][gc,age       ] GC(297) - age   8:       2696 bytes,    6403000 total
[2020-08-27T11:16:21.446+0000][21728][gc,age       ] GC(297) - age   9:       7776 bytes,    6410776 total
[2020-08-27T11:16:21.446+0000][21728][gc,age       ] GC(297) - age  10:      11376 bytes,    6422152 total
[2020-08-27T11:16:21.446+0000][21728][gc,age       ] GC(297) - age  11:        624 bytes,    6422776 total
[2020-08-27T11:16:21.446+0000][21728][gc,age       ] GC(297) - age  12:       1968 bytes,    6424744 total
[2020-08-27T11:16:21.446+0000][21728][gc,age       ] GC(297) - age  13:        120 bytes,    6424864 total
[2020-08-27T11:16:21.446+0000][21728][gc,age       ] GC(297) - age  14:        632 bytes,    6425496 total
[2020-08-27T11:16:21.446+0000][21728][gc,age       ] GC(297) - age  15:       1408 bytes,    6426904 total
[2020-08-27T11:16:21.446+0000][21728][gc,phases    ] GC(297)   Pre Evacuate Collection Set: 0.4ms
[2020-08-27T11:16:21.446+0000][21728][gc,phases    ] GC(297)   Merge Heap Roots: 0.1ms
[2020-08-27T11:16:21.446+0000][21728][gc,phases    ] GC(297)   Evacuate Collection Set: 2.5ms
[2020-08-27T11:16:21.446+0000][21728][gc,phases    ] GC(297)   Post Evacuate Collection Set: 0.8ms
[2020-08-27T11:16:21.446+0000][21728][gc,phases    ] GC(297)   Other: 1.2ms
[2020-08-27T11:16:21.446+0000][21728][gc,heap      ] GC(297) Eden regions: 58->0(491)
[2020-08-27T11:16:21.446+0000][21728][gc,heap      ] GC(297) Survivor regions: 8->7(63)
[2020-08-27T11:16:21.446+0000][21728][gc,heap      ] GC(297) Old regions: 79->79
[2020-08-27T11:16:21.447+0000][21728][gc,heap      ] GC(297) Archive regions: 0->0
[2020-08-27T11:16:21.447+0000][21728][gc,heap      ] GC(297) Humongous regions: 312->174
[2020-08-27T11:16:21.447+0000][21728][gc,metaspace ] GC(297) Metaspace: 86869K(93312K)->86869K(93312K) NonClass: 75767K(79616K)->75767K(79616K) Class: 11101K(13696K)->11101K(13696K)
[2020-08-27T11:16:21.447+0000][21728][gc           ] GC(297) Pause Young (Concurrent Start) (G1 Humongous Allocation) 455M->258M(1024M) 5.337ms
[2020-08-27T11:16:21.447+0000][21728][gc,cpu       ] GC(297) User=0.00s Sys=0.00s Real=0.01s
[2020-08-27T11:16:21.447+0000][21728][gc           ] GC(298) Concurrent Cycle
[2020-08-27T11:16:21.447+0000][21728][safepoint    ] Safepoint "G1TryInitiateConcMark", Time since last: 399578500 ns, Reaching safepoint: 137200 ns, At safepoint: 5553100 ns, Total: 5690300 ns
[2020-08-27T11:16:21.447+0000][21728][gc,marking   ] GC(298) Concurrent Clear Claimed Marks
[2020-08-27T11:16:21.447+0000][21728][gc,marking   ] GC(298) Concurrent Clear Claimed Marks 0.417ms
[2020-08-27T11:16:21.447+0000][21728][gc,marking   ] GC(298) Concurrent Scan Root Regions
[2020-08-27T11:16:21.450+0000][21728][gc,marking   ] GC(298) Concurrent Scan Root Regions 2.788ms
[2020-08-27T11:16:21.450+0000][21728][gc,marking   ] GC(298) Concurrent Mark (99.406s)
[2020-08-27T11:16:21.450+0000][21728][gc,marking   ] GC(298) Concurrent Mark From Roots
[2020-08-27T11:16:21.450+0000][21728][gc,task      ] GC(298) Using 2 workers of 2 for marking
[2020-08-27T11:16:21.603+0000][21728][gc,marking   ] GC(298) Concurrent Mark From Roots 153.340ms
[2020-08-27T11:16:21.603+0000][21728][gc,marking   ] GC(298) Concurrent Preclean
[2020-08-27T11:16:21.604+0000][21728][gc,marking   ] GC(298) Concurrent Preclean 0.580ms
[2020-08-27T11:16:21.604+0000][21728][gc,marking   ] GC(298) Concurrent Mark (99.406s, 99.560s) 154.143ms
[2020-08-27T11:16:21.604+0000][21728][gc,start     ] GC(298) Pause Remark
[2020-08-27T11:16:21.610+0000][21728][gc           ] GC(298) Pause Remark 387M->387M(1024M) 5.909ms
[2020-08-27T11:16:21.610+0000][21728][gc,cpu       ] GC(298) User=0.11s Sys=0.00s Real=0.01s
[2020-08-27T11:16:21.610+0000][21728][safepoint    ] Safepoint "G1Concurrent", Time since last: 157716900 ns, Reaching safepoint: 154800 ns, At safepoint: 6140900 ns, Total: 6295700 ns
[2020-08-27T11:16:21.610+0000][21728][gc,marking   ] GC(298) Concurrent Rebuild Remembered Sets
[2020-08-27T11:16:21.712+0000][21728][gc,marking   ] GC(298) Concurrent Rebuild Remembered Sets 101.569ms
[2020-08-27T11:16:21.723+0000][21728][gc,start     ] GC(298) Pause Cleanup
[2020-08-27T11:16:21.723+0000][21728][gc           ] GC(298) Pause Cleanup 388M->388M(1024M) 0.362ms
[2020-08-27T11:16:21.723+0000][21728][gc,cpu       ] GC(298) User=0.00s Sys=0.00s Real=0.00s
[2020-08-27T11:16:21.723+0000][21728][safepoint    ] Safepoint "G1Concurrent", Time since last: 101795600 ns, Reaching safepoint: 10534500 ns, At safepoint: 563000 ns, Total: 11097500 ns
[2020-08-27T11:16:21.723+0000][21728][gc,marking   ] GC(298) Concurrent Cleanup for Next Mark
[2020-08-27T11:16:21.725+0000][21728][gc,marking   ] GC(298) Concurrent Cleanup for Next Mark 1.698ms
[2020-08-27T11:16:21.725+0000][21728][gc           ] GC(298) Concurrent Cycle 278.827ms
[2020-08-27T11:16:22.017+0000][21728][gc,start     ] GC(299) Pause Young (Concurrent Start) (G1 Humongous Allocation)
[2020-08-27T11:16:22.017+0000][21728][gc,task      ] GC(299) Using 8 workers of 8 for evacuation
[2020-08-27T11:16:22.017+0000][21728][gc,age       ] GC(299) Desired survivor size 33030144 bytes, new threshold 15 (max threshold 15)
[2020-08-27T11:16:22.021+0000][21728][gc,age       ] GC(299) Age table with threshold 15 (max threshold 15)
[2020-08-27T11:16:22.021+0000][21728][gc,age       ] GC(299) - age   1:    5756104 bytes,    5756104 total
[2020-08-27T11:16:22.021+0000][21728][gc,age       ] GC(299) - age   2:      56360 bytes,    5812464 total
[2020-08-27T11:16:22.021+0000][21728][gc,age       ] GC(299) - age   3:       7928 bytes,    5820392 total
[2020-08-27T11:16:22.021+0000][21728][gc,age       ] GC(299) - age   4:       1992 bytes,    5822384 total
[2020-08-27T11:16:22.021+0000][21728][gc,age       ] GC(299) - age   5:        560 bytes,    5822944 total
[2020-08-27T11:16:22.021+0000][21728][gc,age       ] GC(299) - age   6:       1032 bytes,    5823976 total
[2020-08-27T11:16:22.021+0000][21728][gc,age       ] GC(299) - age   7:       1448 bytes,    5825424 total
[2020-08-27T11:16:22.021+0000][21728][gc,age       ] GC(299) - age   8:        336 bytes,    5825760 total
[2020-08-27T11:16:22.021+0000][21728][gc,age       ] GC(299) - age   9:       2632 bytes,    5828392 total
[2020-08-27T11:16:22.022+0000][21728][gc,age       ] GC(299) - age  10:       7776 bytes,    5836168 total
[2020-08-27T11:16:22.022+0000][21728][gc,age       ] GC(299) - age  11:      11376 bytes,    5847544 total
[2020-08-27T11:16:22.022+0000][21728][gc,age       ] GC(299) - age  12:        624 bytes,    5848168 total
[2020-08-27T11:16:22.022+0000][21728][gc,age       ] GC(299) - age  13:       1968 bytes,    5850136 total
[2020-08-27T11:16:22.022+0000][21728][gc,age       ] GC(299) - age  14:        120 bytes,    5850256 total
[2020-08-27T11:16:22.022+0000][21728][gc,age       ] GC(299) - age  15:        632 bytes,    5850888 total
[2020-08-27T11:16:22.022+0000][21728][gc,phases    ] GC(299)   Pre Evacuate Collection Set: 0.4ms
[2020-08-27T11:16:22.022+0000][21728][gc,phases    ] GC(299)   Merge Heap Roots: 0.1ms
[2020-08-27T11:16:22.022+0000][21728][gc,phases    ] GC(299)   Evacuate Collection Set: 2.4ms
[2020-08-27T11:16:22.022+0000][21728][gc,phases    ] GC(299)   Post Evacuate Collection Set: 0.7ms
[2020-08-27T11:16:22.022+0000][21728][gc,phases    ] GC(299)   Other: 0.9ms
[2020-08-27T11:16:22.022+0000][21728][gc,heap      ] GC(299) Eden regions: 46->0(491)
[2020-08-27T11:16:22.022+0000][21728][gc,heap      ] GC(299) Survivor regions: 7->7(63)
[2020-08-27T11:16:22.022+0000][21728][gc,heap      ] GC(299) Old regions: 79->79
[2020-08-27T11:16:22.022+0000][21728][gc,heap      ] GC(299) Archive regions: 0->0
[2020-08-27T11:16:22.022+0000][21728][gc,heap      ] GC(299) Humongous regions: 282->174
[2020-08-27T11:16:22.022+0000][21728][gc,metaspace ] GC(299) Metaspace: 86879K(93312K)->86879K(93312K) NonClass: 75777K(79616K)->75777K(79616K) Class: 11101K(13696K)->11101K(13696K)
[2020-08-27T11:16:22.022+0000][21728][gc           ] GC(299) Pause Young (Concurrent Start) (G1 Humongous Allocation) 411M->258M(1024M) 4.828ms
[2020-08-27T11:16:22.022+0000][21728][gc,cpu       ] GC(299) User=0.00s Sys=0.00s Real=0.01s
[2020-08-27T11:16:22.022+0000][21728][gc           ] GC(300) Concurrent Cycle
[2020-08-27T11:16:22.022+0000][21728][safepoint    ] Safepoint "G1TryInitiateConcMark", Time since last: 293321500 ns, Reaching safepoint: 192200 ns, At safepoint: 5145500 ns, Total: 5337700 ns
[2020-08-27T11:16:22.022+0000][21728][gc,marking   ] GC(300) Concurrent Clear Claimed Marks
[2020-08-27T11:16:22.023+0000][21728][gc,marking   ] GC(300) Concurrent Clear Claimed Marks 0.700ms
[2020-08-27T11:16:22.023+0000][21728][gc,marking   ] GC(300) Concurrent Scan Root Regions
[2020-08-27T11:16:22.026+0000][21728][gc,marking   ] GC(300) Concurrent Scan Root Regions 2.611ms
[2020-08-27T11:16:22.026+0000][21728][gc,marking   ] GC(300) Concurrent Mark (99.982s)
[2020-08-27T11:16:22.026+0000][21728][gc,marking   ] GC(300) Concurrent Mark From Roots
[2020-08-27T11:16:22.026+0000][21728][gc,task      ] GC(300) Using 2 workers of 2 for marking
[2020-08-27T11:16:22.172+0000][21728][gc,marking   ] GC(300) Concurrent Mark From Roots 146.406ms
[2020-08-27T11:16:22.172+0000][21728][gc,marking   ] GC(300) Concurrent Preclean
[2020-08-27T11:16:22.173+0000][21728][gc,marking   ] GC(300) Concurrent Preclean 0.611ms
[2020-08-27T11:16:22.173+0000][21728][gc,marking   ] GC(300) Concurrent Mark (99.982s, 100.129s) 147.276ms
[2020-08-27T11:16:22.173+0000][21728][gc,start     ] GC(300) Pause Remark
[2020-08-27T11:16:22.179+0000][21728][gc           ] GC(300) Pause Remark 375M->375M(1024M) 5.823ms
[2020-08-27T11:16:22.179+0000][21728][gc,cpu       ] GC(300) User=0.00s Sys=0.00s Real=0.01s
[2020-08-27T11:16:22.179+0000][21728][safepoint    ] Safepoint "G1Concurrent", Time since last: 150954800 ns, Reaching safepoint: 145300 ns, At safepoint: 6083000 ns, Total: 6228300 ns
[2020-08-27T11:16:22.179+0000][21728][gc,marking   ] GC(300) Concurrent Rebuild Remembered Sets
[2020-08-27T11:16:22.276+0000][21728][gc,marking   ] GC(300) Concurrent Rebuild Remembered Sets 96.151ms
[2020-08-27T11:16:22.276+0000][21728][gc,start     ] GC(300) Pause Cleanup
[2020-08-27T11:16:22.276+0000][21728][gc           ] GC(300) Pause Cleanup 381M->381M(1024M) 0.458ms
[2020-08-27T11:16:22.276+0000][21728][gc,cpu       ] GC(300) User=0.00s Sys=0.00s Real=0.00s
[2020-08-27T11:16:22.276+0000][21728][safepoint    ] Safepoint "G1Concurrent", Time since last: 96351800 ns, Reaching safepoint: 161300 ns, At safepoint: 650400 ns, Total: 811700 ns
[2020-08-27T11:16:22.277+0000][21728][gc,marking   ] GC(300) Concurrent Cleanup for Next Mark
[2020-08-27T11:16:22.278+0000][21728][gc,marking   ] GC(300) Concurrent Cleanup for Next Mark 1.773ms
[2020-08-27T11:16:22.278+0000][21728][gc           ] GC(300) Concurrent Cycle 256.361ms
[2020-08-27T11:16:22.513+0000][21728][gc,start     ] GC(301) Pause Young (Concurrent Start) (G1 Humongous Allocation)
[2020-08-27T11:16:22.513+0000][21728][gc,task      ] GC(301) Using 8 workers of 8 for evacuation
[2020-08-27T11:16:22.513+0000][21728][gc,age       ] GC(301) Desired survivor size 33030144 bytes, new threshold 15 (max threshold 15)
[2020-08-27T11:16:22.519+0000][21728][gc,age       ] GC(301) Age table with threshold 15 (max threshold 15)
[2020-08-27T11:16:22.519+0000][21728][gc,age       ] GC(301) - age   1:   13644152 bytes,   13644152 total
[2020-08-27T11:16:22.519+0000][21728][gc,age       ] GC(301) - age   2:       2816 bytes,   13646968 total
[2020-08-27T11:16:22.519+0000][21728][gc,age       ] GC(301) - age   3:      54032 bytes,   13701000 total
[2020-08-27T11:16:22.519+0000][21728][gc,age       ] GC(301) - age   4:       6376 bytes,   13707376 total
[2020-08-27T11:16:22.519+0000][21728][gc,age       ] GC(301) - age   5:       1312 bytes,   13708688 total
[2020-08-27T11:16:22.519+0000][21728][gc,age       ] GC(301) - age   6:        496 bytes,   13709184 total
[2020-08-27T11:16:22.519+0000][21728][gc,age       ] GC(301) - age   7:        968 bytes,   13710152 total
[2020-08-27T11:16:22.519+0000][21728][gc,age       ] GC(301) - age   8:       1024 bytes,   13711176 total
[2020-08-27T11:16:22.519+0000][21728][gc,age       ] GC(301) - age   9:        336 bytes,   13711512 total
[2020-08-27T11:16:22.519+0000][21728][gc,age       ] GC(301) - age  10:       2600 bytes,   13714112 total
[2020-08-27T11:16:22.519+0000][21728][gc,age       ] GC(301) - age  11:       7776 bytes,   13721888 total
[2020-08-27T11:16:22.519+0000][21728][gc,age       ] GC(301) - age  12:      11344 bytes,   13733232 total
[2020-08-27T11:16:22.519+0000][21728][gc,age       ] GC(301) - age  13:        496 bytes,   13733728 total
[2020-08-27T11:16:22.520+0000][21728][gc,age       ] GC(301) - age  14:       1968 bytes,   13735696 total
[2020-08-27T11:16:22.520+0000][21728][gc,age       ] GC(301) - age  15:        120 bytes,   13735816 total
[2020-08-27T11:16:22.520+0000][21728][gc,phases    ] GC(301)   Pre Evacuate Collection Set: 0.5ms
[2020-08-27T11:16:22.520+0000][21728][gc,phases    ] GC(301)   Merge Heap Roots: 0.1ms
[2020-08-27T11:16:22.520+0000][21728][gc,phases    ] GC(301)   Evacuate Collection Set: 3.7ms
[2020-08-27T11:16:22.520+0000][21728][gc,phases    ] GC(301)   Post Evacuate Collection Set: 1.0ms
[2020-08-27T11:16:22.520+0000][21728][gc,phases    ] GC(301)   Other: 1.2ms
[2020-08-27T11:16:22.520+0000][21728][gc,heap      ] GC(301) Eden regions: 56->0(478)
[2020-08-27T11:16:22.520+0000][21728][gc,heap      ] GC(301) Survivor regions: 7->14(63)
[2020-08-27T11:16:22.520+0000][21728][gc,heap      ] GC(301) Old regions: 79->79
[2020-08-27T11:16:22.520+0000][21728][gc,heap      ] GC(301) Archive regions: 0->0
[2020-08-27T11:16:22.520+0000][21728][gc,heap      ] GC(301) Humongous regions: 270->174
[2020-08-27T11:16:22.520+0000][21728][gc,metaspace ] GC(301) Metaspace: 86890K(93312K)->86890K(93312K) NonClass: 75788K(79616K)->75788K(79616K) Class: 11101K(13696K)->11101K(13696K)
[2020-08-27T11:16:22.520+0000][21728][gc           ] GC(301) Pause Young (Concurrent Start) (G1 Humongous Allocation) 410M->265M(1024M) 6.972ms
[2020-08-27T11:16:22.520+0000][21728][gc,cpu       ] GC(301) User=0.11s Sys=0.00s Real=0.01s
[2020-08-27T11:16:22.520+0000][21728][gc           ] GC(302) Concurrent Cycle
[2020-08-27T11:16:22.520+0000][21728][safepoint    ] Safepoint "G1TryInitiateConcMark", Time since last: 236516800 ns, Reaching safepoint: 183400 ns, At safepoint: 7204700 ns, Total: 7388100 ns
[2020-08-27T11:16:22.520+0000][21728][gc,marking   ] GC(302) Concurrent Clear Claimed Marks
[2020-08-27T11:16:22.521+0000][21728][gc,marking   ] GC(302) Concurrent Clear Claimed Marks 0.544ms
[2020-08-27T11:16:22.521+0000][21728][gc,marking   ] GC(302) Concurrent Scan Root Regions
[2020-08-27T11:16:22.524+0000][21728][gc,marking   ] GC(302) Concurrent Scan Root Regions 3.260ms
[2020-08-27T11:16:22.524+0000][21728][gc,marking   ] GC(302) Concurrent Mark (100.481s)
[2020-08-27T11:16:22.525+0000][21728][gc,marking   ] GC(302) Concurrent Mark From Roots
[2020-08-27T11:16:22.525+0000][21728][gc,task      ] GC(302) Using 2 workers of 2 for marking
[2020-08-27T11:16:22.696+0000][21728][gc,marking   ] GC(302) Concurrent Mark From Roots 171.300ms
[2020-08-27T11:16:22.696+0000][21728][gc,marking   ] GC(302) Concurrent Preclean
[2020-08-27T11:16:22.697+0000][21728][gc,marking   ] GC(302) Concurrent Preclean 0.574ms
[2020-08-27T11:16:22.697+0000][21728][gc,marking   ] GC(302) Concurrent Mark (100.481s, 100.653s) 172.128ms
[2020-08-27T11:16:22.697+0000][21728][gc,start     ] GC(302) Pause Remark
[2020-08-27T11:16:22.703+0000][21728][gc           ] GC(302) Pause Remark 509M->509M(1024M) 5.928ms
[2020-08-27T11:16:22.703+0000][21728][gc,cpu       ] GC(302) User=0.00s Sys=0.00s Real=0.01s
[2020-08-27T11:16:22.703+0000][21728][safepoint    ] Safepoint "G1Concurrent", Time since last: 176281400 ns, Reaching safepoint: 191000 ns, At safepoint: 6159400 ns, Total: 6350400 ns
[2020-08-27T11:16:22.703+0000][21728][gc,marking   ] GC(302) Concurrent Rebuild Remembered Sets
[2020-08-27T11:16:22.807+0000][21728][gc,marking   ] GC(302) Concurrent Rebuild Remembered Sets 103.692ms
[2020-08-27T11:16:22.807+0000][21728][gc,start     ] GC(302) Pause Cleanup
[2020-08-27T11:16:22.807+0000][21728][gc           ] GC(302) Pause Cleanup 581M->581M(1024M) 0.271ms
[2020-08-27T11:16:22.807+0000][21728][gc,cpu       ] GC(302) User=0.00s Sys=0.00s Real=0.00s
[2020-08-27T11:16:22.807+0000][21728][safepoint    ] Safepoint "G1Concurrent", Time since last: 103867800 ns, Reaching safepoint: 171500 ns, At safepoint: 427800 ns, Total: 599300 ns
[2020-08-27T11:16:22.808+0000][21728][gc,marking   ] GC(302) Concurrent Cleanup for Next Mark
[2020-08-27T11:16:22.809+0000][21728][gc,marking   ] GC(302) Concurrent Cleanup for Next Mark 1.528ms
[2020-08-27T11:16:22.809+0000][21728][gc           ] GC(302) Concurrent Cycle 288.813ms
[2020-08-27T11:16:22.992+0000][21728][gc,start     ] GC(303) Pause Young (Concurrent Start) (G1 Humongous Allocation)
[2020-08-27T11:16:22.992+0000][21728][gc,task      ] GC(303) Using 8 workers of 8 for evacuation
[2020-08-27T11:16:22.992+0000][21728][gc,age       ] GC(303) Desired survivor size 32505856 bytes, new threshold 15 (max threshold 15)
[2020-08-27T11:16:22.997+0000][21728][gc,age       ] GC(303) Age table with threshold 15 (max threshold 15)
[2020-08-27T11:16:22.997+0000][21728][gc,age       ] GC(303) - age   1:   13726752 bytes,   13726752 total
[2020-08-27T11:16:22.997+0000][21728][gc,age       ] GC(303) - age   2:       4048 bytes,   13730800 total
[2020-08-27T11:16:22.997+0000][21728][gc,age       ] GC(303) - age   3:       1464 bytes,   13732264 total
[2020-08-27T11:16:22.997+0000][21728][gc,age       ] GC(303) - age   4:      53400 bytes,   13785664 total
[2020-08-27T11:16:22.997+0000][21728][gc,age       ] GC(303) - age   5:        960 bytes,   13786624 total
[2020-08-27T11:16:22.997+0000][21728][gc,age       ] GC(303) - age   6:       1160 bytes,   13787784 total
[2020-08-27T11:16:22.997+0000][21728][gc,age       ] GC(303) - age   7:        432 bytes,   13788216 total
[2020-08-27T11:16:22.997+0000][21728][gc,age       ] GC(303) - age   8:        968 bytes,   13789184 total
[2020-08-27T11:16:22.998+0000][21728][gc,age       ] GC(303) - age   9:        864 bytes,   13790048 total
[2020-08-27T11:16:22.998+0000][21728][gc,age       ] GC(303) - age  10:        304 bytes,   13790352 total
[2020-08-27T11:16:22.998+0000][21728][gc,age       ] GC(303) - age  11:       2024 bytes,   13792376 total
[2020-08-27T11:16:22.998+0000][21728][gc,age       ] GC(303) - age  12:       7776 bytes,   13800152 total
[2020-08-27T11:16:22.998+0000][21728][gc,age       ] GC(303) - age  13:      11280 bytes,   13811432 total
[2020-08-27T11:16:22.998+0000][21728][gc,age       ] GC(303) - age  14:        496 bytes,   13811928 total
[2020-08-27T11:16:22.998+0000][21728][gc,age       ] GC(303) - age  15:       1968 bytes,   13813896 total
[2020-08-27T11:16:22.998+0000][21728][gc,phases    ] GC(303)   Pre Evacuate Collection Set: 0.5ms
[2020-08-27T11:16:22.998+0000][21728][gc,phases    ] GC(303)   Merge Heap Roots: 0.1ms
[2020-08-27T11:16:22.998+0000][21728][gc,phases    ] GC(303)   Evacuate Collection Set: 3.7ms
[2020-08-27T11:16:22.998+0000][21728][gc,phases    ] GC(303)   Post Evacuate Collection Set: 0.9ms
[2020-08-27T11:16:22.998+0000][21728][gc,phases    ] GC(303)   Other: 1.0ms
[2020-08-27T11:16:22.998+0000][21728][gc,heap      ] GC(303) Eden regions: 99->0(473)
[2020-08-27T11:16:22.998+0000][21728][gc,heap      ] GC(303) Survivor regions: 14->15(62)
[2020-08-27T11:16:22.998+0000][21728][gc,heap      ] GC(303) Old regions: 79->79
[2020-08-27T11:16:22.998+0000][21728][gc,heap      ] GC(303) Archive regions: 0->0
[2020-08-27T11:16:22.998+0000][21728][gc,heap      ] GC(303) Humongous regions: 430->174
[2020-08-27T11:16:22.998+0000][21728][gc,metaspace ] GC(303) Metaspace: 86926K(93312K)->86926K(93312K) NonClass: 75815K(79616K)->75815K(79616K) Class: 11110K(13696K)->11110K(13696K)
[2020-08-27T11:16:22.998+0000][21728][gc           ] GC(303) Pause Young (Concurrent Start) (G1 Humongous Allocation) 620M->266M(1024M) 6.619ms
[2020-08-27T11:16:22.998+0000][21728][gc,cpu       ] GC(303) User=0.00s Sys=0.00s Real=0.01s
[2020-08-27T11:16:22.998+0000][21728][safepoint    ] Safepoint "G1TryInitiateConcMark", Time since last: 183396000 ns, Reaching safepoint: 229200 ns, At safepoint: 6843700 ns, Total: 7072900 ns
[2020-08-27T11:16:22.998+0000][21728][gc           ] GC(304) Concurrent Cycle
[2020-08-27T11:16:22.999+0000][21728][gc,marking   ] GC(304) Concurrent Clear Claimed Marks
[2020-08-27T11:16:22.999+0000][21728][gc,marking   ] GC(304) Concurrent Clear Claimed Marks 0.708ms
[2020-08-27T11:16:22.999+0000][21728][gc,marking   ] GC(304) Concurrent Scan Root Regions
[2020-08-27T11:16:23.005+0000][21728][gc,marking   ] GC(304) Concurrent Scan Root Regions 5.248ms
[2020-08-27T11:16:23.005+0000][21728][gc,marking   ] GC(304) Concurrent Mark (100.961s)
[2020-08-27T11:16:23.005+0000][21728][gc,marking   ] GC(304) Concurrent Mark From Roots
[2020-08-27T11:16:23.005+0000][21728][gc,task      ] GC(304) Using 2 workers of 2 for marking
[2020-08-27T11:16:23.168+0000][21728][gc,marking   ] GC(304) Concurrent Mark From Roots 163.254ms
[2020-08-27T11:16:23.169+0000][21728][gc,marking   ] GC(304) Concurrent Preclean
[2020-08-27T11:16:23.169+0000][21728][gc,marking   ] GC(304) Concurrent Preclean 0.501ms
[2020-08-27T11:16:23.169+0000][21728][gc,marking   ] GC(304) Concurrent Mark (100.961s, 101.125s) 164.282ms
[2020-08-27T11:16:23.169+0000][21728][gc,start     ] GC(304) Pause Remark
[2020-08-27T11:16:23.175+0000][21728][gc           ] GC(304) Pause Remark 511M->511M(1024M) 5.970ms
[2020-08-27T11:16:23.175+0000][21728][gc,cpu       ] GC(304) User=0.11s Sys=0.00s Real=0.01s
[2020-08-27T11:16:23.175+0000][21728][safepoint    ] Safepoint "G1Concurrent", Time since last: 170807800 ns, Reaching safepoint: 174600 ns, At safepoint: 6167500 ns, Total: 6342100 ns
[2020-08-27T11:16:23.176+0000][21728][gc,marking   ] GC(304) Concurrent Rebuild Remembered Sets
[2020-08-27T11:16:23.266+0000][21728][gc,marking   ] GC(304) Concurrent Rebuild Remembered Sets 90.105ms
[2020-08-27T11:16:23.266+0000][21728][gc,start     ] GC(304) Pause Cleanup
[2020-08-27T11:16:23.266+0000][21728][gc           ] GC(304) Pause Cleanup 585M->585M(1024M) 0.284ms
[2020-08-27T11:16:23.266+0000][21728][gc,cpu       ] GC(304) User=0.00s Sys=0.00s Real=0.00s
[2020-08-27T11:16:23.267+0000][21728][safepoint    ] Safepoint "G1Concurrent", Time since last: 90284800 ns, Reaching safepoint: 158200 ns, At safepoint: 535500 ns, Total: 693700 ns
[2020-08-27T11:16:23.267+0000][21728][gc,marking   ] GC(304) Concurrent Cleanup for Next Mark
[2020-08-27T11:16:23.268+0000][21728][gc,marking   ] GC(304) Concurrent Cleanup for Next Mark 1.646ms
[2020-08-27T11:16:23.268+0000][21728][gc           ] GC(304) Concurrent Cycle 269.943ms
[2020-08-27T11:16:23.404+0000][21728][gc,start     ] GC(305) Pause Young (Concurrent Start) (G1 Humongous Allocation)
[2020-08-27T11:16:23.404+0000][21728][gc,task      ] GC(305) Using 8 workers of 8 for evacuation
[2020-08-27T11:16:23.404+0000][21728][gc,age       ] GC(305) Desired survivor size 31981568 bytes, new threshold 15 (max threshold 15)
[2020-08-27T11:16:23.409+0000][21728][gc,age       ] GC(305) Age table with threshold 15 (max threshold 15)
[2020-08-27T11:16:23.409+0000][21728][gc,age       ] GC(305) - age   1:   13520320 bytes,   13520320 total
[2020-08-27T11:16:23.409+0000][21728][gc,age       ] GC(305) - age   2:       8840 bytes,   13529160 total
[2020-08-27T11:16:23.409+0000][21728][gc,age       ] GC(305) - age   3:       3280 bytes,   13532440 total
[2020-08-27T11:16:23.409+0000][21728][gc,age       ] GC(305) - age   4:       1336 bytes,   13533776 total
[2020-08-27T11:16:23.409+0000][21728][gc,age       ] GC(305) - age   5:      53336 bytes,   13587112 total
[2020-08-27T11:16:23.409+0000][21728][gc,age       ] GC(305) - age   6:        704 bytes,   13587816 total
[2020-08-27T11:16:23.409+0000][21728][gc,age       ] GC(305) - age   7:       1160 bytes,   13588976 total
[2020-08-27T11:16:23.409+0000][21728][gc,age       ] GC(305) - age   8:        400 bytes,   13589376 total
[2020-08-27T11:16:23.409+0000][21728][gc,age       ] GC(305) - age   9:        936 bytes,   13590312 total
[2020-08-27T11:16:23.409+0000][21728][gc,age       ] GC(305) - age  10:        840 bytes,   13591152 total
[2020-08-27T11:16:23.409+0000][21728][gc,age       ] GC(305) - age  11:        304 bytes,   13591456 total
[2020-08-27T11:16:23.409+0000][21728][gc,age       ] GC(305) - age  12:       2024 bytes,   13593480 total
[2020-08-27T11:16:23.409+0000][21728][gc,age       ] GC(305) - age  13:       7776 bytes,   13601256 total
[2020-08-27T11:16:23.409+0000][21728][gc,age       ] GC(305) - age  14:      11280 bytes,   13612536 total
[2020-08-27T11:16:23.409+0000][21728][gc,age       ] GC(305) - age  15:        496 bytes,   13613032 total
[2020-08-27T11:16:23.409+0000][21728][gc,phases    ] GC(305)   Pre Evacuate Collection Set: 0.4ms
[2020-08-27T11:16:23.409+0000][21728][gc,phases    ] GC(305)   Merge Heap Roots: 0.1ms
[2020-08-27T11:16:23.409+0000][21728][gc,phases    ] GC(305)   Evacuate Collection Set: 3.4ms
[2020-08-27T11:16:23.409+0000][21728][gc,phases    ] GC(305)   Post Evacuate Collection Set: 0.8ms
[2020-08-27T11:16:23.409+0000][21728][gc,phases    ] GC(305)   Other: 0.8ms
[2020-08-27T11:16:23.409+0000][21728][gc,heap      ] GC(305) Eden regions: 95->0(471)
[2020-08-27T11:16:23.409+0000][21728][gc,heap      ] GC(305) Survivor regions: 15->15(61)
[2020-08-27T11:16:23.409+0000][21728][gc,heap      ] GC(305) Old regions: 79->79
[2020-08-27T11:16:23.409+0000][21728][gc,heap      ] GC(305) Archive regions: 0->0
[2020-08-27T11:16:23.409+0000][21728][gc,heap      ] GC(305) Humongous regions: 432->174
[2020-08-27T11:16:23.409+0000][21728][gc,metaspace ] GC(305) Metaspace: 86938K(93312K)->86938K(93312K) NonClass: 75827K(79616K)->75827K(79616K) Class: 11110K(13696K)->11110K(13696K)
[2020-08-27T11:16:23.409+0000][21728][gc           ] GC(305) Pause Young (Concurrent Start) (G1 Humongous Allocation) 619M->266M(1024M) 5.713ms
[2020-08-27T11:16:23.409+0000][21728][gc,cpu       ] GC(305) User=0.11s Sys=0.00s Real=0.00s
[2020-08-27T11:16:23.409+0000][21728][gc           ] GC(306) Concurrent Cycle
[2020-08-27T11:16:23.409+0000][21728][safepoint    ] Safepoint "G1TryInitiateConcMark", Time since last: 136841100 ns, Reaching safepoint: 152000 ns, At safepoint: 5917300 ns, Total: 6069300 ns
[2020-08-27T11:16:23.409+0000][21728][gc,marking   ] GC(306) Concurrent Clear Claimed Marks
[2020-08-27T11:16:23.410+0000][21728][gc,marking   ] GC(306) Concurrent Clear Claimed Marks 0.776ms
[2020-08-27T11:16:23.410+0000][21728][gc,marking   ] GC(306) Concurrent Scan Root Regions
[2020-08-27T11:16:23.410+0000][21728][safepoint    ] Safepoint "G1TryInitiateConcMark", Time since last: 675300 ns, Reaching safepoint: 185400 ns, At safepoint: 37400 ns, Total: 222800 ns
[2020-08-27T11:16:23.415+0000][21728][gc,marking   ] GC(306) Concurrent Scan Root Regions 4.411ms
[2020-08-27T11:16:23.415+0000][21728][gc,marking   ] GC(306) Concurrent Mark (101.371s)
[2020-08-27T11:16:23.415+0000][21728][gc,marking   ] GC(306) Concurrent Mark From Roots
[2020-08-27T11:16:23.415+0000][21728][gc,task      ] GC(306) Using 2 workers of 2 for marking
[2020-08-27T11:16:23.574+0000][21728][gc,marking   ] GC(306) Concurrent Mark From Roots 158.748ms
[2020-08-27T11:16:23.574+0000][21728][gc,marking   ] GC(306) Concurrent Preclean
[2020-08-27T11:16:23.575+0000][21728][gc,marking   ] GC(306) Concurrent Preclean 0.937ms
[2020-08-27T11:16:23.575+0000][21728][gc,marking   ] GC(306) Concurrent Mark (101.371s, 101.531s) 160.037ms
[2020-08-27T11:16:23.575+0000][21728][gc,start     ] GC(306) Pause Remark
[2020-08-27T11:16:23.581+0000][21728][gc           ] GC(306) Pause Remark 533M->533M(1024M) 5.535ms
[2020-08-27T11:16:23.581+0000][21728][gc,cpu       ] GC(306) User=0.11s Sys=0.00s Real=0.01s
[2020-08-27T11:16:23.581+0000][21728][safepoint    ] Safepoint "G1Concurrent", Time since last: 164733600 ns, Reaching safepoint: 195400 ns, At safepoint: 5776400 ns, Total: 5971800 ns
[2020-08-27T11:16:23.581+0000][21728][gc,marking   ] GC(306) Concurrent Rebuild Remembered Sets
[2020-08-27T11:16:23.666+0000][21728][gc,marking   ] GC(306) Concurrent Rebuild Remembered Sets 84.502ms
[2020-08-27T11:16:23.666+0000][21728][gc,start     ] GC(306) Pause Cleanup
[2020-08-27T11:16:23.666+0000][21728][gc           ] GC(306) Pause Cleanup 585M->585M(1024M) 0.314ms
[2020-08-27T11:16:23.666+0000][21728][gc,cpu       ] GC(306) User=0.00s Sys=0.00s Real=0.00s
[2020-08-27T11:16:23.666+0000][21728][safepoint    ] Safepoint "G1Concurrent", Time since last: 84685800 ns, Reaching safepoint: 139800 ns, At safepoint: 455500 ns, Total: 595300 ns
[2020-08-27T11:16:23.666+0000][21728][gc,marking   ] GC(306) Concurrent Cleanup for Next Mark
[2020-08-27T11:16:23.668+0000][21728][gc,marking   ] GC(306) Concurrent Cleanup for Next Mark 1.659ms
[2020-08-27T11:16:23.668+0000][21728][gc           ] GC(306) Concurrent Cycle 258.738ms
[2020-08-27T11:16:23.790+0000][21728][gc,start     ] GC(307) Pause Young (Concurrent Start) (G1 Humongous Allocation)
[2020-08-27T11:16:23.791+0000][21728][gc,task      ] GC(307) Using 8 workers of 8 for evacuation
[2020-08-27T11:16:23.791+0000][21728][gc,age       ] GC(307) Desired survivor size 31981568 bytes, new threshold 15 (max threshold 15)
[2020-08-27T11:16:23.793+0000][21728][gc,age       ] GC(307) Age table with threshold 15 (max threshold 15)
[2020-08-27T11:16:23.794+0000][21728][gc,age       ] GC(307) - age   1:    2593096 bytes,    2593096 total
[2020-08-27T11:16:23.794+0000][21728][gc,age       ] GC(307) - age   2:       4776 bytes,    2597872 total
[2020-08-27T11:16:23.794+0000][21728][gc,age       ] GC(307) - age   3:       7336 bytes,    2605208 total
[2020-08-27T11:16:23.794+0000][21728][gc,age       ] GC(307) - age   4:       3008 bytes,    2608216 total
[2020-08-27T11:16:23.794+0000][21728][gc,age       ] GC(307) - age   5:       1336 bytes,    2609552 total
[2020-08-27T11:16:23.794+0000][21728][gc,age       ] GC(307) - age   6:      53336 bytes,    2662888 total
[2020-08-27T11:16:23.794+0000][21728][gc,age       ] GC(307) - age   7:        704 bytes,    2663592 total
[2020-08-27T11:16:23.794+0000][21728][gc,age       ] GC(307) - age   8:       1160 bytes,    2664752 total
[2020-08-27T11:16:23.794+0000][21728][gc,age       ] GC(307) - age   9:        400 bytes,    2665152 total
[2020-08-27T11:16:23.794+0000][21728][gc,age       ] GC(307) - age  10:        936 bytes,    2666088 total
[2020-08-27T11:16:23.794+0000][21728][gc,age       ] GC(307) - age  11:        840 bytes,    2666928 total
[2020-08-27T11:16:23.794+0000][21728][gc,age       ] GC(307) - age  12:        304 bytes,    2667232 total
[2020-08-27T11:16:23.794+0000][21728][gc,age       ] GC(307) - age  13:       2024 bytes,    2669256 total
[2020-08-27T11:16:23.794+0000][21728][gc,age       ] GC(307) - age  14:       7776 bytes,    2677032 total
[2020-08-27T11:16:23.794+0000][21728][gc,age       ] GC(307) - age  15:      11280 bytes,    2688312 total
[2020-08-27T11:16:23.794+0000][21728][gc,phases    ] GC(307)   Pre Evacuate Collection Set: 0.3ms
[2020-08-27T11:16:23.794+0000][21728][gc,phases    ] GC(307)   Merge Heap Roots: 0.1ms
[2020-08-27T11:16:23.794+0000][21728][gc,phases    ] GC(307)   Evacuate Collection Set: 1.7ms
[2020-08-27T11:16:23.794+0000][21728][gc,phases    ] GC(307)   Post Evacuate Collection Set: 0.7ms
[2020-08-27T11:16:23.794+0000][21728][gc,phases    ] GC(307)   Other: 0.7ms
[2020-08-27T11:16:23.794+0000][21728][gc,heap      ] GC(307) Eden regions: 81->0(486)
[2020-08-27T11:16:23.794+0000][21728][gc,heap      ] GC(307) Survivor regions: 15->4(61)
[2020-08-27T11:16:23.794+0000][21728][gc,heap      ] GC(307) Old regions: 79->79
[2020-08-27T11:16:23.794+0000][21728][gc,heap      ] GC(307) Archive regions: 0->0
[2020-08-27T11:16:23.794+0000][21728][gc,heap      ] GC(307) Humongous regions: 430->174
[2020-08-27T11:16:23.794+0000][21728][gc,metaspace ] GC(307) Metaspace: 86949K(93312K)->86949K(93312K) NonClass: 75838K(79616K)->75838K(79616K) Class: 11110K(13696K)->11110K(13696K)
[2020-08-27T11:16:23.794+0000][21728][gc           ] GC(307) Pause Young (Concurrent Start) (G1 Humongous Allocation) 602M->255M(1024M) 3.714ms
[2020-08-27T11:16:23.794+0000][21728][gc,cpu       ] GC(307) User=0.00s Sys=0.00s Real=0.00s
[2020-08-27T11:16:23.794+0000][21728][gc           ] GC(308) Concurrent Cycle
[2020-08-27T11:16:23.794+0000][21728][safepoint    ] Safepoint "G1TryInitiateConcMark", Time since last: 123987300 ns, Reaching safepoint: 130000 ns, At safepoint: 3869500 ns, Total: 3999500 ns
[2020-08-27T11:16:23.794+0000][21728][gc,marking   ] GC(308) Concurrent Clear Claimed Marks
[2020-08-27T11:16:23.795+0000][21728][gc,marking   ] GC(308) Concurrent Clear Claimed Marks 0.477ms
[2020-08-27T11:16:23.795+0000][21728][gc,marking   ] GC(308) Concurrent Scan Root Regions
[2020-08-27T11:16:23.797+0000][21728][gc,marking   ] GC(308) Concurrent Scan Root Regions 1.909ms
[2020-08-27T11:16:23.797+0000][21728][gc,marking   ] GC(308) Concurrent Mark (101.753s)
[2020-08-27T11:16:23.797+0000][21728][gc,marking   ] GC(308) Concurrent Mark From Roots
[2020-08-27T11:16:23.797+0000][21728][gc,task      ] GC(308) Using 2 workers of 2 for marking
[2020-08-27T11:16:23.916+0000][21728][gc,marking   ] GC(308) Concurrent Mark From Roots 119.547ms
[2020-08-27T11:16:23.917+0000][21728][gc,marking   ] GC(308) Concurrent Preclean
[2020-08-27T11:16:23.917+0000][21728][gc,marking   ] GC(308) Concurrent Preclean 0.507ms
[2020-08-27T11:16:23.917+0000][21728][gc,marking   ] GC(308) Concurrent Mark (101.753s, 101.873s) 120.252ms
[2020-08-27T11:16:23.917+0000][21728][gc,start     ] GC(308) Pause Remark
[2020-08-27T11:16:23.923+0000][21728][gc           ] GC(308) Pause Remark 316M->316M(1024M) 5.618ms
[2020-08-27T11:16:23.923+0000][21728][gc,cpu       ] GC(308) User=0.11s Sys=0.00s Real=0.01s
[2020-08-27T11:16:23.923+0000][21728][safepoint    ] Safepoint "G1Concurrent", Time since last: 122917800 ns, Reaching safepoint: 153400 ns, At safepoint: 5856300 ns, Total: 6009700 ns
[2020-08-27T11:16:23.923+0000][21728][gc,marking   ] GC(308) Concurrent Rebuild Remembered Sets
[2020-08-27T11:16:24.006+0000][21728][gc,marking   ] GC(308) Concurrent Rebuild Remembered Sets 82.929ms
[2020-08-27T11:16:24.007+0000][21728][gc,start     ] GC(308) Pause Cleanup
[2020-08-27T11:16:24.007+0000][21728][gc           ] GC(308) Pause Cleanup 380M->380M(1024M) 0.268ms
[2020-08-27T11:16:24.007+0000][21728][gc,cpu       ] GC(308) User=0.00s Sys=0.00s Real=0.00s
[2020-08-27T11:16:24.007+0000][21728][safepoint    ] Safepoint "G1Concurrent", Time since last: 83114600 ns, Reaching safepoint: 218800 ns, At safepoint: 416300 ns, Total: 635100 ns
[2020-08-27T11:16:24.007+0000][21728][gc,marking   ] GC(308) Concurrent Cleanup for Next Mark
[2020-08-27T11:16:24.009+0000][21728][gc,marking   ] GC(308) Concurrent Cleanup for Next Mark 1.849ms
[2020-08-27T11:16:24.009+0000][21728][gc           ] GC(308) Concurrent Cycle 214.768ms
[2020-08-27T11:16:24.163+0000][21728][gc,start     ] GC(309) Pause Young (Concurrent Start) (G1 Humongous Allocation)
[2020-08-27T11:16:24.163+0000][21728][gc,task      ] GC(309) Using 8 workers of 8 for evacuation
[2020-08-27T11:16:24.164+0000][21728][gc,age       ] GC(309) Desired survivor size 32505856 bytes, new threshold 15 (max threshold 15)
[2020-08-27T11:16:24.167+0000][21728][gc,age       ] GC(309) Age table with threshold 15 (max threshold 15)
[2020-08-27T11:16:24.167+0000][21728][gc,age       ] GC(309) - age   1:    2748168 bytes,    2748168 total
[2020-08-27T11:16:24.167+0000][21728][gc,age       ] GC(309) - age   2:      14336 bytes,    2762504 total
[2020-08-27T11:16:24.167+0000][21728][gc,age       ] GC(309) - age   3:       4344 bytes,    2766848 total
[2020-08-27T11:16:24.167+0000][21728][gc,age       ] GC(309) - age   4:       7088 bytes,    2773936 total
[2020-08-27T11:16:24.167+0000][21728][gc,age       ] GC(309) - age   5:       3008 bytes,    2776944 total
[2020-08-27T11:16:24.167+0000][21728][gc,age       ] GC(309) - age   6:       1304 bytes,    2778248 total
[2020-08-27T11:16:24.167+0000][21728][gc,age       ] GC(309) - age   7:      52920 bytes,    2831168 total
[2020-08-27T11:16:24.167+0000][21728][gc,age       ] GC(309) - age   8:        704 bytes,    2831872 total
[2020-08-27T11:16:24.168+0000][21728][gc,age       ] GC(309) - age   9:       1128 bytes,    2833000 total
[2020-08-27T11:16:24.168+0000][21728][gc,age       ] GC(309) - age  10:        400 bytes,    2833400 total
[2020-08-27T11:16:24.168+0000][21728][gc,age       ] GC(309) - age  11:        872 bytes,    2834272 total
[2020-08-27T11:16:24.168+0000][21728][gc,age       ] GC(309) - age  12:        776 bytes,    2835048 total
[2020-08-27T11:16:24.168+0000][21728][gc,age       ] GC(309) - age  13:        272 bytes,    2835320 total
[2020-08-27T11:16:24.168+0000][21728][gc,age       ] GC(309) - age  14:       2024 bytes,    2837344 total
[2020-08-27T11:16:24.168+0000][21728][gc,age       ] GC(309) - age  15:       7776 bytes,    2845120 total
[2020-08-27T11:16:24.168+0000][21728][gc,phases    ] GC(309)   Pre Evacuate Collection Set: 0.4ms
[2020-08-27T11:16:24.168+0000][21728][gc,phases    ] GC(309)   Merge Heap Roots: 0.1ms
[2020-08-27T11:16:24.168+0000][21728][gc,phases    ] GC(309)   Evacuate Collection Set: 2.3ms
[2020-08-27T11:16:24.168+0000][21728][gc,phases    ] GC(309)   Post Evacuate Collection Set: 0.8ms
[2020-08-27T11:16:24.168+0000][21728][gc,phases    ] GC(309)   Other: 1.0ms
[2020-08-27T11:16:24.168+0000][21728][gc,heap      ] GC(309) Eden regions: 43->0(491)
[2020-08-27T11:16:24.168+0000][21728][gc,heap      ] GC(309) Survivor regions: 4->3(62)
[2020-08-27T11:16:24.168+0000][21728][gc,heap      ] GC(309) Old regions: 79->79
[2020-08-27T11:16:24.168+0000][21728][gc,heap      ] GC(309) Archive regions: 0->0
[2020-08-27T11:16:24.168+0000][21728][gc,heap      ] GC(309) Humongous regions: 270->174
[2020-08-27T11:16:24.168+0000][21728][gc,metaspace ] GC(309) Metaspace: 86949K(93312K)->86949K(93312K) NonClass: 75838K(79616K)->75838K(79616K) Class: 11110K(13696K)->11110K(13696K)
[2020-08-27T11:16:24.168+0000][21728][gc           ] GC(309) Pause Young (Concurrent Start) (G1 Humongous Allocation) 394M->255M(1024M) 4.845ms
[2020-08-27T11:16:24.168+0000][21728][gc,cpu       ] GC(309) User=0.00s Sys=0.00s Real=0.00s
[2020-08-27T11:16:24.168+0000][21728][gc           ] GC(310) Concurrent Cycle
[2020-08-27T11:16:24.168+0000][21728][safepoint    ] Safepoint "G1TryInitiateConcMark", Time since last: 156259300 ns, Reaching safepoint: 137600 ns, At safepoint: 5035100 ns, Total: 5172700 ns
[2020-08-27T11:16:24.168+0000][21728][gc,marking   ] GC(310) Concurrent Clear Claimed Marks
[2020-08-27T11:16:24.169+0000][21728][gc,marking   ] GC(310) Concurrent Clear Claimed Marks 0.471ms
[2020-08-27T11:16:24.169+0000][21728][gc,marking   ] GC(310) Concurrent Scan Root Regions
[2020-08-27T11:16:24.172+0000][21728][gc,marking   ] GC(310) Concurrent Scan Root Regions 2.531ms
[2020-08-27T11:16:24.172+0000][21728][gc,marking   ] GC(310) Concurrent Mark (102.128s)
[2020-08-27T11:16:24.172+0000][21728][gc,marking   ] GC(310) Concurrent Mark From Roots
[2020-08-27T11:16:24.172+0000][21728][gc,task      ] GC(310) Using 2 workers of 2 for marking
[2020-08-27T11:16:24.309+0000][21728][gc,marking   ] GC(310) Concurrent Mark From Roots 137.200ms
[2020-08-27T11:16:24.309+0000][21728][gc,marking   ] GC(310) Concurrent Preclean
[2020-08-27T11:16:24.310+0000][21728][gc,marking   ] GC(310) Concurrent Preclean 0.535ms
[2020-08-27T11:16:24.310+0000][21728][gc,marking   ] GC(310) Concurrent Mark (102.128s, 102.265s) 137.913ms
[2020-08-27T11:16:24.310+0000][21728][gc,start     ] GC(310) Pause Remark
[2020-08-27T11:16:24.315+0000][21728][gc           ] GC(310) Pause Remark 312M->312M(1024M) 5.483ms
[2020-08-27T11:16:24.316+0000][21728][gc,cpu       ] GC(310) User=0.13s Sys=0.00s Real=0.01s
[2020-08-27T11:16:24.316+0000][21728][safepoint    ] Safepoint "G1Concurrent", Time since last: 141369000 ns, Reaching safepoint: 204300 ns, At safepoint: 5742300 ns, Total: 5946600 ns
[2020-08-27T11:16:24.316+0000][21728][gc,marking   ] GC(310) Concurrent Rebuild Remembered Sets
[2020-08-27T11:16:24.411+0000][21728][gc,marking   ] GC(310) Concurrent Rebuild Remembered Sets 95.806ms
[2020-08-27T11:16:24.411+0000][21728][gc,start     ] GC(310) Pause Cleanup
[2020-08-27T11:16:24.412+0000][21728][gc           ] GC(310) Pause Cleanup 578M->578M(1024M) 0.365ms
[2020-08-27T11:16:24.412+0000][21728][gc,cpu       ] GC(310) User=0.00s Sys=0.00s Real=0.00s
[2020-08-27T11:16:24.413+0000][21728][safepoint    ] Safepoint "G1Concurrent", Time since last: 95989300 ns, Reaching safepoint: 163900 ns, At safepoint: 1749700 ns, Total: 1913600 ns
[2020-08-27T11:16:24.413+0000][21728][gc,marking   ] GC(310) Concurrent Cleanup for Next Mark
[2020-08-27T11:16:24.415+0000][21728][gc,marking   ] GC(310) Concurrent Cleanup for Next Mark 1.910ms
[2020-08-27T11:16:24.415+0000][21728][gc           ] GC(310) Concurrent Cycle 247.404ms
[2020-08-27T11:16:24.544+0000][21728][gc,start     ] GC(311) Pause Young (Concurrent Start) (G1 Humongous Allocation)
[2020-08-27T11:16:24.544+0000][21728][gc,task      ] GC(311) Using 8 workers of 8 for evacuation
[2020-08-27T11:16:24.544+0000][21728][gc,age       ] GC(311) Desired survivor size 32505856 bytes, new threshold 15 (max threshold 15)
[2020-08-27T11:16:24.548+0000][21728][gc,age       ] GC(311) Age table with threshold 15 (max threshold 15)
[2020-08-27T11:16:24.548+0000][21728][gc,age       ] GC(311) - age   1:    3355368 bytes,    3355368 total
[2020-08-27T11:16:24.548+0000][21728][gc,age       ] GC(311) - age   2:       2232 bytes,    3357600 total
[2020-08-27T11:16:24.548+0000][21728][gc,age       ] GC(311) - age   3:      10712 bytes,    3368312 total
[2020-08-27T11:16:24.548+0000][21728][gc,age       ] GC(311) - age   4:       2704 bytes,    3371016 total
[2020-08-27T11:16:24.548+0000][21728][gc,age       ] GC(311) - age   5:       6904 bytes,    3377920 total
[2020-08-27T11:16:24.548+0000][21728][gc,age       ] GC(311) - age   6:       3008 bytes,    3380928 total
[2020-08-27T11:16:24.548+0000][21728][gc,age       ] GC(311) - age   7:       1176 bytes,    3382104 total
[2020-08-27T11:16:24.548+0000][21728][gc,age       ] GC(311) - age   8:      52920 bytes,    3435024 total
[2020-08-27T11:16:24.548+0000][21728][gc,age       ] GC(311) - age   9:        704 bytes,    3435728 total
[2020-08-27T11:16:24.548+0000][21728][gc,age       ] GC(311) - age  10:       1128 bytes,    3436856 total
[2020-08-27T11:16:24.548+0000][21728][gc,age       ] GC(311) - age  11:        400 bytes,    3437256 total
[2020-08-27T11:16:24.548+0000][21728][gc,age       ] GC(311) - age  12:        872 bytes,    3438128 total
[2020-08-27T11:16:24.549+0000][21728][gc,age       ] GC(311) - age  13:        776 bytes,    3438904 total
[2020-08-27T11:16:24.549+0000][21728][gc,age       ] GC(311) - age  14:        272 bytes,    3439176 total
[2020-08-27T11:16:24.549+0000][21728][gc,age       ] GC(311) - age  15:       2024 bytes,    3441200 total
[2020-08-27T11:16:24.549+0000][21728][gc,phases    ] GC(311)   Pre Evacuate Collection Set: 0.5ms
[2020-08-27T11:16:24.549+0000][21728][gc,phases    ] GC(311)   Merge Heap Roots: 0.1ms
[2020-08-27T11:16:24.549+0000][21728][gc,phases    ] GC(311)   Evacuate Collection Set: 2.1ms
[2020-08-27T11:16:24.549+0000][21728][gc,phases    ] GC(311)   Post Evacuate Collection Set: 0.9ms
[2020-08-27T11:16:24.549+0000][21728][gc,phases    ] GC(311)   Other: 1.2ms
[2020-08-27T11:16:24.549+0000][21728][gc,heap      ] GC(311) Eden regions: 83->0(491)
[2020-08-27T11:16:24.549+0000][21728][gc,heap      ] GC(311) Survivor regions: 3->4(62)
[2020-08-27T11:16:24.549+0000][21728][gc,heap      ] GC(311) Old regions: 79->79
[2020-08-27T11:16:24.549+0000][21728][gc,heap      ] GC(311) Archive regions: 0->0
[2020-08-27T11:16:24.549+0000][21728][gc,heap      ] GC(311) Humongous regions: 424->174
[2020-08-27T11:16:24.549+0000][21728][gc,metaspace ] GC(311) Metaspace: 86951K(93312K)->86951K(93312K) NonClass: 75841K(79616K)->75841K(79616K) Class: 11110K(13696K)->11110K(13696K)
[2020-08-27T11:16:24.549+0000][21728][gc           ] GC(311) Pause Young (Concurrent Start) (G1 Humongous Allocation) 587M->255M(1024M) 5.252ms
[2020-08-27T11:16:24.549+0000][21728][gc,cpu       ] GC(311) User=0.08s Sys=0.00s Real=0.01s
[2020-08-27T11:16:24.549+0000][21728][gc           ] GC(312) Concurrent Cycle
[2020-08-27T11:16:24.549+0000][21728][gc,marking   ] GC(312) Concurrent Clear Claimed Marks
[2020-08-27T11:16:24.550+0000][21728][safepoint    ] Safepoint "G1TryInitiateConcMark", Time since last: 130658900 ns, Reaching safepoint: 182500 ns, At safepoint: 5743000 ns, Total: 5925500 ns
[2020-08-27T11:16:24.550+0000][21728][gc,marking   ] GC(312) Concurrent Clear Claimed Marks 0.365ms
[2020-08-27T11:16:24.550+0000][21728][gc,marking   ] GC(312) Concurrent Scan Root Regions
[2020-08-27T11:16:24.553+0000][21728][gc,marking   ] GC(312) Concurrent Scan Root Regions 3.387ms
[2020-08-27T11:16:24.553+0000][21728][gc,marking   ] GC(312) Concurrent Mark (102.510s)
[2020-08-27T11:16:24.553+0000][21728][gc,marking   ] GC(312) Concurrent Mark From Roots
[2020-08-27T11:16:24.553+0000][21728][gc,task      ] GC(312) Using 2 workers of 2 for marking
[2020-08-27T11:16:24.674+0000][21728][gc,marking   ] GC(312) Concurrent Mark From Roots 120.189ms
[2020-08-27T11:16:24.674+0000][21728][gc,marking   ] GC(312) Concurrent Preclean
[2020-08-27T11:16:24.674+0000][21728][gc,marking   ] GC(312) Concurrent Preclean 0.379ms
[2020-08-27T11:16:24.674+0000][21728][gc,marking   ] GC(312) Concurrent Mark (102.510s, 102.630s) 120.701ms
[2020-08-27T11:16:24.674+0000][21728][gc,start     ] GC(312) Pause Remark
[2020-08-27T11:16:24.679+0000][21728][gc           ] GC(312) Pause Remark 330M->330M(1024M) 5.164ms
[2020-08-27T11:16:24.680+0000][21728][gc,cpu       ] GC(312) User=0.00s Sys=0.00s Real=0.01s
[2020-08-27T11:16:24.680+0000][21728][safepoint    ] Safepoint "G1Concurrent", Time since last: 124485100 ns, Reaching safepoint: 165800 ns, At safepoint: 5445600 ns, Total: 5611400 ns
[2020-08-27T11:16:24.680+0000][21728][gc,marking   ] GC(312) Concurrent Rebuild Remembered Sets
[2020-08-27T11:16:24.761+0000][21728][gc,marking   ] GC(312) Concurrent Rebuild Remembered Sets 81.001ms
[2020-08-27T11:16:24.761+0000][21728][gc,start     ] GC(312) Pause Cleanup
[2020-08-27T11:16:24.761+0000][21728][gc           ] GC(312) Pause Cleanup 398M->398M(1024M) 0.295ms
[2020-08-27T11:16:24.761+0000][21728][gc,cpu       ] GC(312) User=0.00s Sys=0.00s Real=0.00s
[2020-08-27T11:16:24.762+0000][21728][safepoint    ] Safepoint "G1Concurrent", Time since last: 81181200 ns, Reaching safepoint: 164100 ns, At safepoint: 476000 ns, Total: 640100 ns
[2020-08-27T11:16:24.762+0000][21728][gc,marking   ] GC(312) Concurrent Cleanup for Next Mark
[2020-08-27T11:16:24.763+0000][21728][gc,marking   ] GC(312) Concurrent Cleanup for Next Mark 1.308ms
[2020-08-27T11:16:24.763+0000][21728][gc           ] GC(312) Concurrent Cycle 213.695ms
[2020-08-27T11:16:24.895+0000][21728][gc,start     ] GC(313) Pause Young (Concurrent Start) (G1 Humongous Allocation)
[2020-08-27T11:16:24.895+0000][21728][gc,task      ] GC(313) Using 8 workers of 8 for evacuation
[2020-08-27T11:16:24.895+0000][21728][gc,age       ] GC(313) Desired survivor size 32505856 bytes, new threshold 15 (max threshold 15)
[2020-08-27T11:16:24.898+0000][21728][gc,age       ] GC(313) Age table with threshold 15 (max threshold 15)
[2020-08-27T11:16:24.898+0000][21728][gc,age       ] GC(313) - age   1:    3907608 bytes,    3907608 total
[2020-08-27T11:16:24.898+0000][21728][gc,age       ] GC(313) - age   2:       9096 bytes,    3916704 total
[2020-08-27T11:16:24.899+0000][21728][gc,age       ] GC(313) - age   3:       1728 bytes,    3918432 total
[2020-08-27T11:16:24.899+0000][21728][gc,age       ] GC(313) - age   4:       2216 bytes,    3920648 total
[2020-08-27T11:16:24.899+0000][21728][gc,age       ] GC(313) - age   5:       2536 bytes,    3923184 total
[2020-08-27T11:16:24.899+0000][21728][gc,age       ] GC(313) - age   6:       6776 bytes,    3929960 total
[2020-08-27T11:16:24.899+0000][21728][gc,age       ] GC(313) - age   7:       2976 bytes,    3932936 total
[2020-08-27T11:16:24.899+0000][21728][gc,age       ] GC(313) - age   8:        952 bytes,    3933888 total
[2020-08-27T11:16:24.899+0000][21728][gc,age       ] GC(313) - age   9:      52920 bytes,    3986808 total
[2020-08-27T11:16:24.899+0000][21728][gc,age       ] GC(313) - age  10:        640 bytes,    3987448 total
[2020-08-27T11:16:24.899+0000][21728][gc,age       ] GC(313) - age  11:        968 bytes,    3988416 total
[2020-08-27T11:16:24.899+0000][21728][gc,age       ] GC(313) - age  12:        400 bytes,    3988816 total
[2020-08-27T11:16:24.899+0000][21728][gc,age       ] GC(313) - age  13:        632 bytes,    3989448 total
[2020-08-27T11:16:24.899+0000][21728][gc,age       ] GC(313) - age  14:        680 bytes,    3990128 total
[2020-08-27T11:16:24.899+0000][21728][gc,age       ] GC(313) - age  15:        272 bytes,    3990400 total
[2020-08-27T11:16:24.899+0000][21728][gc,phases    ] GC(313)   Pre Evacuate Collection Set: 0.4ms
[2020-08-27T11:16:24.899+0000][21728][gc,phases    ] GC(313)   Merge Heap Roots: 0.1ms
[2020-08-27T11:16:24.899+0000][21728][gc,phases    ] GC(313)   Evacuate Collection Set: 1.9ms
[2020-08-27T11:16:24.899+0000][21728][gc,phases    ] GC(313)   Post Evacuate Collection Set: 0.9ms
[2020-08-27T11:16:24.899+0000][21728][gc,phases    ] GC(313)   Other: 0.7ms
[2020-08-27T11:16:24.899+0000][21728][gc,heap      ] GC(313) Eden regions: 55->0(492)
[2020-08-27T11:16:24.899+0000][21728][gc,heap      ] GC(313) Survivor regions: 4->4(62)
[2020-08-27T11:16:24.899+0000][21728][gc,heap      ] GC(313) Old regions: 79->79
[2020-08-27T11:16:24.899+0000][21728][gc,heap      ] GC(313) Archive regions: 0->0
[2020-08-27T11:16:24.899+0000][21728][gc,heap      ] GC(313) Humongous regions: 278->174
[2020-08-27T11:16:24.899+0000][21728][gc,metaspace ] GC(313) Metaspace: 86952K(93312K)->86952K(93312K) NonClass: 75841K(79616K)->75841K(79616K) Class: 11110K(13696K)->11110K(13696K)
[2020-08-27T11:16:24.899+0000][21728][gc           ] GC(313) Pause Young (Concurrent Start) (G1 Humongous Allocation) 414M->256M(1024M) 4.167ms
[2020-08-27T11:16:24.899+0000][21728][gc,cpu       ] GC(313) User=0.00s Sys=0.00s Real=0.00s
[2020-08-27T11:16:24.899+0000][21728][safepoint    ] Safepoint "G1TryInitiateConcMark", Time since last: 133245900 ns, Reaching safepoint: 133700 ns, At safepoint: 4320300 ns, Total: 4454000 ns
[2020-08-27T11:16:24.900+0000][21728][gc           ] GC(314) Concurrent Cycle
[2020-08-27T11:16:24.900+0000][21728][gc,marking   ] GC(314) Concurrent Clear Claimed Marks
[2020-08-27T11:16:24.900+0000][21728][gc,marking   ] GC(314) Concurrent Clear Claimed Marks 0.635ms
[2020-08-27T11:16:24.900+0000][21728][gc,marking   ] GC(314) Concurrent Scan Root Regions
[2020-08-27T11:16:24.902+0000][21728][gc,marking   ] GC(314) Concurrent Scan Root Regions 2.325ms
[2020-08-27T11:16:24.903+0000][21728][gc,marking   ] GC(314) Concurrent Mark (102.859s)
[2020-08-27T11:16:24.903+0000][21728][gc,marking   ] GC(314) Concurrent Mark From Roots
[2020-08-27T11:16:24.903+0000][21728][gc,task      ] GC(314) Using 2 workers of 2 for marking
[2020-08-27T11:16:25.016+0000][21728][gc,marking   ] GC(314) Concurrent Mark From Roots 113.552ms
[2020-08-27T11:16:25.016+0000][21728][gc,marking   ] GC(314) Concurrent Preclean
[2020-08-27T11:16:25.017+0000][21728][gc,marking   ] GC(314) Concurrent Preclean 0.505ms
[2020-08-27T11:16:25.017+0000][21728][gc,marking   ] GC(314) Concurrent Mark (102.859s, 102.973s) 114.223ms
[2020-08-27T11:16:25.017+0000][21728][gc,start     ] GC(314) Pause Remark
[2020-08-27T11:16:25.022+0000][21728][gc           ] GC(314) Pause Remark 320M->320M(1024M) 5.324ms
[2020-08-27T11:16:25.022+0000][21728][gc,cpu       ] GC(314) User=0.00s Sys=0.00s Real=0.01s
[2020-08-27T11:16:25.023+0000][21728][safepoint    ] Safepoint "G1Concurrent", Time since last: 117657300 ns, Reaching safepoint: 170100 ns, At safepoint: 5529400 ns, Total: 5699500 ns
[2020-08-27T11:16:25.023+0000][21728][gc,marking   ] GC(314) Concurrent Rebuild Remembered Sets
[2020-08-27T11:16:25.099+0000][21728][gc,marking   ] GC(314) Concurrent Rebuild Remembered Sets 76.837ms
[2020-08-27T11:16:25.100+0000][21728][gc,start     ] GC(314) Pause Cleanup
[2020-08-27T11:16:25.100+0000][21728][gc           ] GC(314) Pause Cleanup 391M->391M(1024M) 0.316ms
[2020-08-27T11:16:25.100+0000][21728][gc,cpu       ] GC(314) User=0.00s Sys=0.00s Real=0.00s
[2020-08-27T11:16:25.100+0000][21728][safepoint    ] Safepoint "G1Concurrent", Time since last: 77036800 ns, Reaching safepoint: 160200 ns, At safepoint: 502300 ns, Total: 662500 ns
[2020-08-27T11:16:25.100+0000][21728][gc,marking   ] GC(314) Concurrent Cleanup for Next Mark
[2020-08-27T11:16:25.102+0000][21728][gc,marking   ] GC(314) Concurrent Cleanup for Next Mark 1.715ms
[2020-08-27T11:16:25.102+0000][21728][gc           ] GC(314) Concurrent Cycle 202.845ms
[2020-08-27T11:16:25.214+0000][21728][gc,start     ] GC(315) Pause Young (Concurrent Start) (G1 Humongous Allocation)
[2020-08-27T11:16:25.214+0000][21728][gc,task      ] GC(315) Using 8 workers of 8 for evacuation
[2020-08-27T11:16:25.214+0000][21728][gc,age       ] GC(315) Desired survivor size 32505856 bytes, new threshold 15 (max threshold 15)
[2020-08-27T11:16:25.218+0000][21728][gc,age       ] GC(315) Age table with threshold 15 (max threshold 15)
[2020-08-27T11:16:25.218+0000][21728][gc,age       ] GC(315) - age   1:    3322984 bytes,    3322984 total
[2020-08-27T11:16:25.218+0000][21728][gc,age       ] GC(315) - age   2:     602256 bytes,    3925240 total
[2020-08-27T11:16:25.218+0000][21728][gc,age       ] GC(315) - age   3:       5904 bytes,    3931144 total
[2020-08-27T11:16:25.218+0000][21728][gc,age       ] GC(315) - age   4:       1120 bytes,    3932264 total
[2020-08-27T11:16:25.218+0000][21728][gc,age       ] GC(315) - age   5:       2032 bytes,    3934296 total
[2020-08-27T11:16:25.218+0000][21728][gc,age       ] GC(315) - age   6:       2536 bytes,    3936832 total
[2020-08-27T11:16:25.218+0000][21728][gc,age       ] GC(315) - age   7:       6776 bytes,    3943608 total
[2020-08-27T11:16:25.218+0000][21728][gc,age       ] GC(315) - age   8:       2656 bytes,    3946264 total
[2020-08-27T11:16:25.218+0000][21728][gc,age       ] GC(315) - age   9:        952 bytes,    3947216 total
[2020-08-27T11:16:25.218+0000][21728][gc,age       ] GC(315) - age  10:      52920 bytes,    4000136 total
[2020-08-27T11:16:25.218+0000][21728][gc,age       ] GC(315) - age  11:        640 bytes,    4000776 total
[2020-08-27T11:16:25.218+0000][21728][gc,age       ] GC(315) - age  12:        968 bytes,    4001744 total
[2020-08-27T11:16:25.218+0000][21728][gc,age       ] GC(315) - age  13:        144 bytes,    4001888 total
[2020-08-27T11:16:25.218+0000][21728][gc,age       ] GC(315) - age  14:        472 bytes,    4002360 total
[2020-08-27T11:16:25.218+0000][21728][gc,age       ] GC(315) - age  15:        680 bytes,    4003040 total
[2020-08-27T11:16:25.218+0000][21728][gc,phases    ] GC(315)   Pre Evacuate Collection Set: 0.4ms
[2020-08-27T11:16:25.218+0000][21728][gc,phases    ] GC(315)   Merge Heap Roots: 0.1ms
[2020-08-27T11:16:25.218+0000][21728][gc,phases    ] GC(315)   Evacuate Collection Set: 2.1ms
[2020-08-27T11:16:25.218+0000][21728][gc,phases    ] GC(315)   Post Evacuate Collection Set: 0.7ms
[2020-08-27T11:16:25.218+0000][21728][gc,phases    ] GC(315)   Other: 0.7ms
[2020-08-27T11:16:25.218+0000][21728][gc,heap      ] GC(315) Eden regions: 43->0(495)
[2020-08-27T11:16:25.218+0000][21728][gc,heap      ] GC(315) Survivor regions: 4->4(62)
[2020-08-27T11:16:25.218+0000][21728][gc,heap      ] GC(315) Old regions: 79->79
[2020-08-27T11:16:25.218+0000][21728][gc,heap      ] GC(315) Archive regions: 0->0
[2020-08-27T11:16:25.218+0000][21728][gc,heap      ] GC(315) Humongous regions: 278->174
[2020-08-27T11:16:25.218+0000][21728][gc,metaspace ] GC(315) Metaspace: 86952K(93312K)->86952K(93312K) NonClass: 75841K(79616K)->75841K(79616K) Class: 11110K(13696K)->11110K(13696K)
[2020-08-27T11:16:25.219+0000][21728][gc           ] GC(315) Pause Young (Concurrent Start) (G1 Humongous Allocation) 402M->256M(1024M) 4.163ms
[2020-08-27T11:16:25.219+0000][21728][gc,cpu       ] GC(315) User=0.00s Sys=0.00s Real=0.01s
[2020-08-27T11:16:25.219+0000][21728][gc           ] GC(316) Concurrent Cycle
[2020-08-27T11:16:25.219+0000][21728][safepoint    ] Safepoint "G1TryInitiateConcMark", Time since last: 113787800 ns, Reaching safepoint: 239200 ns, At safepoint: 4376500 ns, Total: 4615700 ns
[2020-08-27T11:16:25.219+0000][21728][gc,marking   ] GC(316) Concurrent Clear Claimed Marks
[2020-08-27T11:16:25.219+0000][21728][gc,marking   ] GC(316) Concurrent Clear Claimed Marks 0.420ms
[2020-08-27T11:16:25.219+0000][21728][gc,marking   ] GC(316) Concurrent Scan Root Regions
[2020-08-27T11:16:25.221+0000][21728][gc,marking   ] GC(316) Concurrent Scan Root Regions 2.288ms
[2020-08-27T11:16:25.222+0000][21728][gc,marking   ] GC(316) Concurrent Mark (103.178s)
[2020-08-27T11:16:25.222+0000][21728][gc,marking   ] GC(316) Concurrent Mark From Roots
[2020-08-27T11:16:25.222+0000][21728][gc,task      ] GC(316) Using 2 workers of 2 for marking
[2020-08-27T11:16:25.374+0000][21728][gc,marking   ] GC(316) Concurrent Mark From Roots 151.961ms
[2020-08-27T11:16:25.374+0000][21728][gc,marking   ] GC(316) Concurrent Preclean
[2020-08-27T11:16:25.374+0000][21728][gc,marking   ] GC(316) Concurrent Preclean 0.486ms
[2020-08-27T11:16:25.374+0000][21728][gc,marking   ] GC(316) Concurrent Mark (103.178s, 103.331s) 152.606ms
[2020-08-27T11:16:25.374+0000][21728][gc,start     ] GC(316) Pause Remark
[2020-08-27T11:16:25.380+0000][21728][gc           ] GC(316) Pause Remark 320M->320M(1024M) 5.367ms
[2020-08-27T11:16:25.380+0000][21728][gc,cpu       ] GC(316) User=0.11s Sys=0.00s Real=0.01s
[2020-08-27T11:16:25.380+0000][21728][safepoint    ] Safepoint "G1Concurrent", Time since last: 155579400 ns, Reaching safepoint: 146200 ns, At safepoint: 5517100 ns, Total: 5663300 ns
[2020-08-27T11:16:25.380+0000][21728][gc,marking   ] GC(316) Concurrent Rebuild Remembered Sets
[2020-08-27T11:16:25.467+0000][21728][gc,marking   ] GC(316) Concurrent Rebuild Remembered Sets 86.720ms
[2020-08-27T11:16:25.467+0000][21728][gc,start     ] GC(316) Pause Cleanup
[2020-08-27T11:16:25.467+0000][21728][gc           ] GC(316) Pause Cleanup 382M->382M(1024M) 0.283ms
[2020-08-27T11:16:25.467+0000][21728][gc,cpu       ] GC(316) User=0.00s Sys=0.00s Real=0.00s
[2020-08-27T11:16:25.468+0000][21728][safepoint    ] Safepoint "G1Concurrent", Time since last: 86859800 ns, Reaching safepoint: 147300 ns, At safepoint: 671400 ns, Total: 818700 ns
[2020-08-27T11:16:25.468+0000][21728][gc,marking   ] GC(316) Concurrent Cleanup for Next Mark
[2020-08-27T11:16:25.471+0000][21728][gc,marking   ] GC(316) Concurrent Cleanup for Next Mark 3.242ms
[2020-08-27T11:16:25.471+0000][21728][gc           ] GC(316) Concurrent Cycle 252.547ms
[2020-08-27T11:16:25.667+0000][21728][gc,start     ] GC(317) Pause Young (Concurrent Start) (G1 Humongous Allocation)
[2020-08-27T11:16:25.667+0000][21728][gc,task      ] GC(317) Using 8 workers of 8 for evacuation
[2020-08-27T11:16:25.667+0000][21728][gc,age       ] GC(317) Desired survivor size 33030144 bytes, new threshold 15 (max threshold 15)
[2020-08-27T11:16:25.671+0000][21728][gc,age       ] GC(317) Age table with threshold 15 (max threshold 15)
[2020-08-27T11:16:25.671+0000][21728][gc,age       ] GC(317) - age   1:    2653800 bytes,    2653800 total
[2020-08-27T11:16:25.671+0000][21728][gc,age       ] GC(317) - age   2:       2496 bytes,    2656296 total
[2020-08-27T11:16:25.671+0000][21728][gc,age       ] GC(317) - age   3:       2496 bytes,    2658792 total
[2020-08-27T11:16:25.671+0000][21728][gc,age       ] GC(317) - age   4:        848 bytes,    2659640 total
[2020-08-27T11:16:25.671+0000][21728][gc,age       ] GC(317) - age   5:       1024 bytes,    2660664 total
[2020-08-27T11:16:25.671+0000][21728][gc,age       ] GC(317) - age   6:       1768 bytes,    2662432 total
[2020-08-27T11:16:25.671+0000][21728][gc,age       ] GC(317) - age   7:       2152 bytes,    2664584 total
[2020-08-27T11:16:25.671+0000][21728][gc,age       ] GC(317) - age   8:       6776 bytes,    2671360 total
[2020-08-27T11:16:25.671+0000][21728][gc,age       ] GC(317) - age   9:       2624 bytes,    2673984 total
[2020-08-27T11:16:25.671+0000][21728][gc,age       ] GC(317) - age  10:        952 bytes,    2674936 total
[2020-08-27T11:16:25.671+0000][21728][gc,age       ] GC(317) - age  11:      52856 bytes,    2727792 total
[2020-08-27T11:16:25.671+0000][21728][gc,age       ] GC(317) - age  12:        544 bytes,    2728336 total
[2020-08-27T11:16:25.671+0000][21728][gc,age       ] GC(317) - age  13:        808 bytes,    2729144 total
[2020-08-27T11:16:25.671+0000][21728][gc,age       ] GC(317) - age  14:        144 bytes,    2729288 total
[2020-08-27T11:16:25.671+0000][21728][gc,age       ] GC(317) - age  15:        472 bytes,    2729760 total
[2020-08-27T11:16:25.671+0000][21728][gc,phases    ] GC(317)   Pre Evacuate Collection Set: 0.5ms
[2020-08-27T11:16:25.672+0000][21728][gc,phases    ] GC(317)   Merge Heap Roots: 0.1ms
[2020-08-27T11:16:25.672+0000][21728][gc,phases    ] GC(317)   Evacuate Collection Set: 2.1ms
[2020-08-27T11:16:25.672+0000][21728][gc,phases    ] GC(317)   Post Evacuate Collection Set: 0.8ms
[2020-08-27T11:16:25.672+0000][21728][gc,phases    ] GC(317)   Other: 1.0ms
[2020-08-27T11:16:25.672+0000][21728][gc,heap      ] GC(317) Eden regions: 49->0(498)
[2020-08-27T11:16:25.672+0000][21728][gc,heap      ] GC(317) Survivor regions: 4->3(63)
[2020-08-27T11:16:25.672+0000][21728][gc,heap      ] GC(317) Old regions: 79->79
[2020-08-27T11:16:25.672+0000][21728][gc,heap      ] GC(317) Archive regions: 0->0
[2020-08-27T11:16:25.672+0000][21728][gc,heap      ] GC(317) Humongous regions: 274->174
[2020-08-27T11:16:25.672+0000][21728][gc,metaspace ] GC(317) Metaspace: 86983K(93312K)->86983K(93312K) NonClass: 75872K(79616K)->75872K(79616K) Class: 11110K(13696K)->11110K(13696K)
[2020-08-27T11:16:25.672+0000][21728][gc           ] GC(317) Pause Young (Concurrent Start) (G1 Humongous Allocation) 404M->254M(1024M) 4.735ms
[2020-08-27T11:16:25.672+0000][21728][gc,cpu       ] GC(317) User=0.00s Sys=0.00s Real=0.00s
[2020-08-27T11:16:25.672+0000][21728][safepoint    ] Safepoint "G1TryInitiateConcMark", Time since last: 199062900 ns, Reaching safepoint: 360900 ns, At safepoint: 4993000 ns, Total: 5353900 ns
[2020-08-27T11:16:25.672+0000][21728][gc           ] GC(318) Concurrent Cycle
[2020-08-27T11:16:25.672+0000][21728][gc,marking   ] GC(318) Concurrent Clear Claimed Marks
[2020-08-27T11:16:25.673+0000][21728][gc,marking   ] GC(318) Concurrent Clear Claimed Marks 0.770ms
[2020-08-27T11:16:25.673+0000][21728][gc,marking   ] GC(318) Concurrent Scan Root Regions
[2020-08-27T11:16:25.676+0000][21728][gc,marking   ] GC(318) Concurrent Scan Root Regions 2.485ms
[2020-08-27T11:16:25.676+0000][21728][gc,marking   ] GC(318) Concurrent Mark (103.632s)
[2020-08-27T11:16:25.676+0000][21728][gc,marking   ] GC(318) Concurrent Mark From Roots
[2020-08-27T11:16:25.676+0000][21728][gc,task      ] GC(318) Using 2 workers of 2 for marking
[2020-08-27T11:16:25.796+0000][21728][gc,marking   ] GC(318) Concurrent Mark From Roots 120.411ms
[2020-08-27T11:16:25.796+0000][21728][gc,marking   ] GC(318) Concurrent Preclean
[2020-08-27T11:16:25.797+0000][21728][gc,marking   ] GC(318) Concurrent Preclean 0.403ms
[2020-08-27T11:16:25.797+0000][21728][gc,marking   ] GC(318) Concurrent Mark (103.632s, 103.753s) 120.947ms
[2020-08-27T11:16:25.797+0000][21728][gc,start     ] GC(318) Pause Remark
[2020-08-27T11:16:25.803+0000][21728][gc           ] GC(318) Pause Remark 313M->313M(1024M) 5.689ms
[2020-08-27T11:16:25.803+0000][21728][gc,cpu       ] GC(318) User=0.02s Sys=0.00s Real=0.01s
[2020-08-27T11:16:25.803+0000][21728][safepoint    ] Safepoint "G1Concurrent", Time since last: 124680900 ns, Reaching safepoint: 156200 ns, At safepoint: 5980200 ns, Total: 6136400 ns
[2020-08-27T11:16:25.803+0000][21728][gc,marking   ] GC(318) Concurrent Rebuild Remembered Sets
[2020-08-27T11:16:25.878+0000][21728][gc,marking   ] GC(318) Concurrent Rebuild Remembered Sets 75.471ms
[2020-08-27T11:16:25.879+0000][21728][gc,start     ] GC(318) Pause Cleanup
[2020-08-27T11:16:25.879+0000][21728][gc           ] GC(318) Pause Cleanup 381M->381M(1024M) 0.228ms
[2020-08-27T11:16:25.879+0000][21728][gc,cpu       ] GC(318) User=0.00s Sys=0.00s Real=0.00s
[2020-08-27T11:16:25.879+0000][21728][safepoint    ] Safepoint "G1Concurrent", Time since last: 75638100 ns, Reaching safepoint: 157800 ns, At safepoint: 358300 ns, Total: 516100 ns
[2020-08-27T11:16:25.879+0000][21728][gc,marking   ] GC(318) Concurrent Cleanup for Next Mark
[2020-08-27T11:16:25.880+0000][21728][gc,marking   ] GC(318) Concurrent Cleanup for Next Mark 1.252ms
[2020-08-27T11:16:25.880+0000][21728][gc           ] GC(318) Concurrent Cycle 208.351ms
[2020-08-27T11:16:26.037+0000][21728][gc,start     ] GC(319) Pause Young (Concurrent Start) (G1 Humongous Allocation)
[2020-08-27T11:16:26.038+0000][21728][gc,task      ] GC(319) Using 8 workers of 8 for evacuation
[2020-08-27T11:16:26.038+0000][21728][gc,age       ] GC(319) Desired survivor size 33030144 bytes, new threshold 15 (max threshold 15)
[2020-08-27T11:16:26.044+0000][21728][gc,age       ] GC(319) Age table with threshold 15 (max threshold 15)
[2020-08-27T11:16:26.044+0000][21728][gc,age       ] GC(319) - age   1:   11023168 bytes,   11023168 total
[2020-08-27T11:16:26.044+0000][21728][gc,age       ] GC(319) - age   2:      73408 bytes,   11096576 total
[2020-08-27T11:16:26.044+0000][21728][gc,age       ] GC(319) - age   3:       1240 bytes,   11097816 total
[2020-08-27T11:16:26.044+0000][21728][gc,age       ] GC(319) - age   4:       1952 bytes,   11099768 total
[2020-08-27T11:16:26.044+0000][21728][gc,age       ] GC(319) - age   5:        688 bytes,   11100456 total
[2020-08-27T11:16:26.044+0000][21728][gc,age       ] GC(319) - age   6:        768 bytes,   11101224 total
[2020-08-27T11:16:26.044+0000][21728][gc,age       ] GC(319) - age   7:       1640 bytes,   11102864 total
[2020-08-27T11:16:26.044+0000][21728][gc,age       ] GC(319) - age   8:       2056 bytes,   11104920 total
[2020-08-27T11:16:26.044+0000][21728][gc,age       ] GC(319) - age   9:       6776 bytes,   11111696 total
[2020-08-27T11:16:26.044+0000][21728][gc,age       ] GC(319) - age  10:       2624 bytes,   11114320 total
[2020-08-27T11:16:26.044+0000][21728][gc,age       ] GC(319) - age  11:        824 bytes,   11115144 total
[2020-08-27T11:16:26.044+0000][21728][gc,age       ] GC(319) - age  12:      52824 bytes,   11167968 total
[2020-08-27T11:16:26.044+0000][21728][gc,age       ] GC(319) - age  13:        480 bytes,   11168448 total
[2020-08-27T11:16:26.044+0000][21728][gc,age       ] GC(319) - age  14:        808 bytes,   11169256 total
[2020-08-27T11:16:26.044+0000][21728][gc,age       ] GC(319) - age  15:        112 bytes,   11169368 total
[2020-08-27T11:16:26.044+0000][21728][gc,phases    ] GC(319)   Pre Evacuate Collection Set: 1.8ms
[2020-08-27T11:16:26.044+0000][21728][gc,phases    ] GC(319)   Merge Heap Roots: 0.3ms
[2020-08-27T11:16:26.044+0000][21728][gc,phases    ] GC(319)   Evacuate Collection Set: 2.9ms
[2020-08-27T11:16:26.044+0000][21728][gc,phases    ] GC(319)   Post Evacuate Collection Set: 0.8ms
[2020-08-27T11:16:26.044+0000][21728][gc,phases    ] GC(319)   Other: 1.0ms
[2020-08-27T11:16:26.044+0000][21728][gc,heap      ] GC(319) Eden regions: 58->0(484)
[2020-08-27T11:16:26.044+0000][21728][gc,heap      ] GC(319) Survivor regions: 3->11(63)
[2020-08-27T11:16:26.044+0000][21728][gc,heap      ] GC(319) Old regions: 79->79
[2020-08-27T11:16:26.044+0000][21728][gc,heap      ] GC(319) Archive regions: 0->0
[2020-08-27T11:16:26.044+0000][21728][gc,heap      ] GC(319) Humongous regions: 270->174
[2020-08-27T11:16:26.044+0000][21728][gc,metaspace ] GC(319) Metaspace: 86983K(93312K)->86983K(93312K) NonClass: 75872K(79616K)->75872K(79616K) Class: 11110K(13696K)->11110K(13696K)
[2020-08-27T11:16:26.044+0000][21728][gc           ] GC(319) Pause Young (Concurrent Start) (G1 Humongous Allocation) 408M->263M(1024M) 6.968ms
[2020-08-27T11:16:26.044+0000][21728][gc,cpu       ] GC(319) User=0.00s Sys=0.00s Real=0.01s
[2020-08-27T11:16:26.045+0000][21728][gc           ] GC(320) Concurrent Cycle
[2020-08-27T11:16:26.045+0000][21728][gc,marking   ] GC(320) Concurrent Clear Claimed Marks
[2020-08-27T11:16:26.045+0000][21728][safepoint    ] Safepoint "G1TryInitiateConcMark", Time since last: 158116300 ns, Reaching safepoint: 277500 ns, At safepoint: 7326000 ns, Total: 7603500 ns
[2020-08-27T11:16:26.045+0000][21728][gc,marking   ] GC(320) Concurrent Clear Claimed Marks 0.365ms
[2020-08-27T11:16:26.045+0000][21728][gc,marking   ] GC(320) Concurrent Scan Root Regions
[2020-08-27T11:16:26.048+0000][21728][gc,marking   ] GC(320) Concurrent Scan Root Regions 3.419ms
[2020-08-27T11:16:26.049+0000][21728][gc,marking   ] GC(320) Concurrent Mark (104.005s)
[2020-08-27T11:16:26.049+0000][21728][gc,marking   ] GC(320) Concurrent Mark From Roots
[2020-08-27T11:16:26.049+0000][21728][gc,task      ] GC(320) Using 2 workers of 2 for marking
[2020-08-27T11:16:26.258+0000][21728][gc,marking   ] GC(320) Concurrent Mark From Roots 208.920ms
[2020-08-27T11:16:26.258+0000][21728][gc,marking   ] GC(320) Concurrent Preclean
[2020-08-27T11:16:26.258+0000][21728][gc,marking   ] GC(320) Concurrent Preclean 0.527ms
[2020-08-27T11:16:26.258+0000][21728][gc,marking   ] GC(320) Concurrent Mark (104.005s, 104.215s) 209.640ms
[2020-08-27T11:16:26.258+0000][21728][gc,start     ] GC(320) Pause Remark
[2020-08-27T11:16:26.264+0000][21728][gc           ] GC(320) Pause Remark 513M->513M(1024M) 5.684ms
[2020-08-27T11:16:26.264+0000][21728][gc,cpu       ] GC(320) User=0.00s Sys=0.00s Real=0.01s
[2020-08-27T11:16:26.265+0000][21728][safepoint    ] Safepoint "G1Concurrent", Time since last: 213600500 ns, Reaching safepoint: 171100 ns, At safepoint: 6092400 ns, Total: 6263500 ns
[2020-08-27T11:16:26.265+0000][21728][gc,marking   ] GC(320) Concurrent Rebuild Remembered Sets
[2020-08-27T11:16:26.374+0000][21728][gc,marking   ] GC(320) Concurrent Rebuild Remembered Sets 109.530ms
[2020-08-27T11:16:26.374+0000][21728][gc,start     ] GC(320) Pause Cleanup
[2020-08-27T11:16:26.375+0000][21728][gc           ] GC(320) Pause Cleanup 585M->585M(1024M) 0.292ms
[2020-08-27T11:16:26.375+0000][21728][gc,cpu       ] GC(320) User=0.00s Sys=0.00s Real=0.00s
[2020-08-27T11:16:26.375+0000][21728][safepoint    ] Safepoint "G1Concurrent", Time since last: 109737000 ns, Reaching safepoint: 148400 ns, At safepoint: 419400 ns, Total: 567800 ns
[2020-08-27T11:16:26.375+0000][21728][gc,marking   ] GC(320) Concurrent Cleanup for Next Mark
[2020-08-27T11:16:26.376+0000][21728][gc,marking   ] GC(320) Concurrent Cleanup for Next Mark 1.380ms
[2020-08-27T11:16:26.376+0000][21728][gc           ] GC(320) Concurrent Cycle 331.874ms
[2020-08-27T11:16:26.558+0000][21728][gc,start     ] GC(321) Pause Young (Concurrent Start) (G1 Humongous Allocation)
[2020-08-27T11:16:26.558+0000][21728][gc,task      ] GC(321) Using 8 workers of 8 for evacuation
[2020-08-27T11:16:26.558+0000][21728][gc,age       ] GC(321) Desired survivor size 32505856 bytes, new threshold 15 (max threshold 15)
[2020-08-27T11:16:26.561+0000][21728][gc,age       ] GC(321) Age table with threshold 15 (max threshold 15)
[2020-08-27T11:16:26.561+0000][21728][gc,age       ] GC(321) - age   1:    3897888 bytes,    3897888 total
[2020-08-27T11:16:26.561+0000][21728][gc,age       ] GC(321) - age   2:       7104 bytes,    3904992 total
[2020-08-27T11:16:26.561+0000][21728][gc,age       ] GC(321) - age   3:      63448 bytes,    3968440 total
[2020-08-27T11:16:26.561+0000][21728][gc,age       ] GC(321) - age   4:       1072 bytes,    3969512 total
[2020-08-27T11:16:26.561+0000][21728][gc,age       ] GC(321) - age   5:       1552 bytes,    3971064 total
[2020-08-27T11:16:26.561+0000][21728][gc,age       ] GC(321) - age   6:        528 bytes,    3971592 total
[2020-08-27T11:16:26.561+0000][21728][gc,age       ] GC(321) - age   7:        736 bytes,    3972328 total
[2020-08-27T11:16:26.561+0000][21728][gc,age       ] GC(321) - age   8:       1640 bytes,    3973968 total
[2020-08-27T11:16:26.561+0000][21728][gc,age       ] GC(321) - age   9:       2024 bytes,    3975992 total
[2020-08-27T11:16:26.561+0000][21728][gc,age       ] GC(321) - age  10:       6776 bytes,    3982768 total
[2020-08-27T11:16:26.561+0000][21728][gc,age       ] GC(321) - age  11:       2624 bytes,    3985392 total
[2020-08-27T11:16:26.561+0000][21728][gc,age       ] GC(321) - age  12:        728 bytes,    3986120 total
[2020-08-27T11:16:26.561+0000][21728][gc,age       ] GC(321) - age  13:      52824 bytes,    4038944 total
[2020-08-27T11:16:26.561+0000][21728][gc,age       ] GC(321) - age  14:        480 bytes,    4039424 total
[2020-08-27T11:16:26.561+0000][21728][gc,age       ] GC(321) - age  15:        808 bytes,    4040232 total
[2020-08-27T11:16:26.561+0000][21728][gc,phases    ] GC(321)   Pre Evacuate Collection Set: 0.4ms
[2020-08-27T11:16:26.561+0000][21728][gc,phases    ] GC(321)   Merge Heap Roots: 0.1ms
[2020-08-27T11:16:26.562+0000][21728][gc,phases    ] GC(321)   Evacuate Collection Set: 1.9ms
[2020-08-27T11:16:26.562+0000][21728][gc,phases    ] GC(321)   Post Evacuate Collection Set: 0.8ms
[2020-08-27T11:16:26.562+0000][21728][gc,phases    ] GC(321)   Other: 0.8ms
[2020-08-27T11:16:26.562+0000][21728][gc,heap      ] GC(321) Eden regions: 82->0(493)
[2020-08-27T11:16:26.562+0000][21728][gc,heap      ] GC(321) Survivor regions: 11->4(62)
[2020-08-27T11:16:26.562+0000][21728][gc,heap      ] GC(321) Old regions: 79->79
[2020-08-27T11:16:26.562+0000][21728][gc,heap      ] GC(321) Archive regions: 0->0
[2020-08-27T11:16:26.562+0000][21728][gc,heap      ] GC(321) Humongous regions: 430->174
[2020-08-27T11:16:26.562+0000][21728][gc,metaspace ] GC(321) Metaspace: 86983K(93312K)->86983K(93312K) NonClass: 75872K(79616K)->75872K(79616K) Class: 11110K(13696K)->11110K(13696K)
[2020-08-27T11:16:26.562+0000][21728][gc           ] GC(321) Pause Young (Concurrent Start) (G1 Humongous Allocation) 601M->256M(1024M) 4.151ms
[2020-08-27T11:16:26.562+0000][21728][gc,cpu       ] GC(321) User=0.00s Sys=0.00s Real=0.00s
[2020-08-27T11:16:26.562+0000][21728][gc           ] GC(322) Concurrent Cycle
[2020-08-27T11:16:26.562+0000][21728][safepoint    ] Safepoint "G1TryInitiateConcMark", Time since last: 182399000 ns, Reaching safepoint: 298100 ns, At safepoint: 4386700 ns, Total: 4684800 ns
[2020-08-27T11:16:26.562+0000][21728][gc,marking   ] GC(322) Concurrent Clear Claimed Marks
[2020-08-27T11:16:26.563+0000][21728][gc,marking   ] GC(322) Concurrent Clear Claimed Marks 0.843ms
[2020-08-27T11:16:26.563+0000][21728][gc,marking   ] GC(322) Concurrent Scan Root Regions
[2020-08-27T11:16:26.567+0000][21728][gc,marking   ] GC(322) Concurrent Scan Root Regions 3.781ms
[2020-08-27T11:16:26.567+0000][21728][gc,marking   ] GC(322) Concurrent Mark (104.524s)
[2020-08-27T11:16:26.567+0000][21728][gc,marking   ] GC(322) Concurrent Mark From Roots
[2020-08-27T11:16:26.567+0000][21728][gc,task      ] GC(322) Using 2 workers of 2 for marking
[2020-08-27T11:16:26.743+0000][21728][gc,marking   ] GC(322) Concurrent Mark From Roots 175.413ms
[2020-08-27T11:16:26.743+0000][21728][gc,marking   ] GC(322) Concurrent Preclean
[2020-08-27T11:16:26.743+0000][21728][gc,marking   ] GC(322) Concurrent Preclean 0.352ms
[2020-08-27T11:16:26.743+0000][21728][gc,marking   ] GC(322) Concurrent Mark (104.524s, 104.700s) 175.991ms
[2020-08-27T11:16:26.743+0000][21728][gc,start     ] GC(322) Pause Remark
[2020-08-27T11:16:26.749+0000][21728][gc           ] GC(322) Pause Remark 319M->319M(1024M) 5.221ms
[2020-08-27T11:16:26.749+0000][21728][gc,cpu       ] GC(322) User=0.00s Sys=0.00s Real=0.01s
[2020-08-27T11:16:26.749+0000][21728][safepoint    ] Safepoint "G1Concurrent", Time since last: 181263700 ns, Reaching safepoint: 139800 ns, At safepoint: 5496600 ns, Total: 5636400 ns
[2020-08-27T11:16:26.749+0000][21728][gc,marking   ] GC(322) Concurrent Rebuild Remembered Sets
[2020-08-27T11:16:26.833+0000][21728][gc,marking   ] GC(322) Concurrent Rebuild Remembered Sets 83.418ms
[2020-08-27T11:16:26.833+0000][21728][gc,start     ] GC(322) Pause Cleanup
[2020-08-27T11:16:26.834+0000][21728][gc           ] GC(322) Pause Cleanup 385M->385M(1024M) 0.417ms
[2020-08-27T11:16:26.834+0000][21728][gc,cpu       ] GC(322) User=0.00s Sys=0.00s Real=0.00s
[2020-08-27T11:16:26.834+0000][21728][safepoint    ] Safepoint "G1Concurrent", Time since last: 83830400 ns, Reaching safepoint: 202900 ns, At safepoint: 771300 ns, Total: 974200 ns
[2020-08-27T11:16:26.834+0000][21728][gc,marking   ] GC(322) Concurrent Cleanup for Next Mark
[2020-08-27T11:16:26.836+0000][21728][gc,marking   ] GC(322) Concurrent Cleanup for Next Mark 1.859ms
[2020-08-27T11:16:26.836+0000][21728][gc           ] GC(322) Concurrent Cycle 273.801ms
[2020-08-27T11:16:27.012+0000][21728][gc,start     ] GC(323) Pause Young (Concurrent Start) (G1 Humongous Allocation)
[2020-08-27T11:16:27.012+0000][21728][gc,task      ] GC(323) Using 8 workers of 8 for evacuation
[2020-08-27T11:16:27.012+0000][21728][gc,age       ] GC(323) Desired survivor size 33030144 bytes, new threshold 15 (max threshold 15)
[2020-08-27T11:16:27.015+0000][21728][gc,age       ] GC(323) Age table with threshold 15 (max threshold 15)
[2020-08-27T11:16:27.015+0000][21728][gc,age       ] GC(323) - age   1:    3309112 bytes,    3309112 total
[2020-08-27T11:16:27.016+0000][21728][gc,age       ] GC(323) - age   2:     600536 bytes,    3909648 total
[2020-08-27T11:16:27.016+0000][21728][gc,age       ] GC(323) - age   3:       3664 bytes,    3913312 total
[2020-08-27T11:16:27.016+0000][21728][gc,age       ] GC(323) - age   4:      62560 bytes,    3975872 total
[2020-08-27T11:16:27.016+0000][21728][gc,age       ] GC(323) - age   5:        880 bytes,    3976752 total
[2020-08-27T11:16:27.016+0000][21728][gc,age       ] GC(323) - age   6:       1200 bytes,    3977952 total
[2020-08-27T11:16:27.016+0000][21728][gc,age       ] GC(323) - age   7:        496 bytes,    3978448 total
[2020-08-27T11:16:27.016+0000][21728][gc,age       ] GC(323) - age   8:        736 bytes,    3979184 total
[2020-08-27T11:16:27.016+0000][21728][gc,age       ] GC(323) - age   9:       1640 bytes,    3980824 total
[2020-08-27T11:16:27.016+0000][21728][gc,age       ] GC(323) - age  10:       2024 bytes,    3982848 total
[2020-08-27T11:16:27.016+0000][21728][gc,age       ] GC(323) - age  11:       6776 bytes,    3989624 total
[2020-08-27T11:16:27.016+0000][21728][gc,age       ] GC(323) - age  12:       2432 bytes,    3992056 total
[2020-08-27T11:16:27.016+0000][21728][gc,age       ] GC(323) - age  13:        696 bytes,    3992752 total
[2020-08-27T11:16:27.016+0000][21728][gc,age       ] GC(323) - age  14:      52792 bytes,    4045544 total
[2020-08-27T11:16:27.016+0000][21728][gc,age       ] GC(323) - age  15:        480 bytes,    4046024 total
[2020-08-27T11:16:27.016+0000][21728][gc,phases    ] GC(323)   Pre Evacuate Collection Set: 0.3ms
[2020-08-27T11:16:27.016+0000][21728][gc,phases    ] GC(323)   Merge Heap Roots: 0.1ms
[2020-08-27T11:16:27.016+0000][21728][gc,phases    ] GC(323)   Evacuate Collection Set: 2.0ms
[2020-08-27T11:16:27.016+0000][21728][gc,phases    ] GC(323)   Post Evacuate Collection Set: 0.8ms
[2020-08-27T11:16:27.016+0000][21728][gc,phases    ] GC(323)   Other: 1.1ms
[2020-08-27T11:16:27.016+0000][21728][gc,heap      ] GC(323) Eden regions: 43->0(494)
[2020-08-27T11:16:27.016+0000][21728][gc,heap      ] GC(323) Survivor regions: 4->5(63)
[2020-08-27T11:16:27.016+0000][21728][gc,heap      ] GC(323) Old regions: 79->79
[2020-08-27T11:16:27.016+0000][21728][gc,heap      ] GC(323) Archive regions: 0->0
[2020-08-27T11:16:27.016+0000][21728][gc,heap      ] GC(323) Humongous regions: 278->174
[2020-08-27T11:16:27.016+0000][21728][gc,metaspace ] GC(323) Metaspace: 86983K(93312K)->86983K(93312K) NonClass: 75872K(79616K)->75872K(79616K) Class: 11110K(13696K)->11110K(13696K)
[2020-08-27T11:16:27.017+0000][21728][gc           ] GC(323) Pause Young (Concurrent Start) (G1 Humongous Allocation) 403M->256M(1024M) 4.686ms
[2020-08-27T11:16:27.017+0000][21728][gc,cpu       ] GC(323) User=0.00s Sys=0.02s Real=0.00s
[2020-08-27T11:16:27.017+0000][21728][safepoint    ] Safepoint "G1TryInitiateConcMark", Time since last: 177600100 ns, Reaching safepoint: 144500 ns, At safepoint: 4908900 ns, Total: 5053400 ns
[2020-08-27T11:16:27.017+0000][21728][gc           ] GC(324) Concurrent Cycle
[2020-08-27T11:16:27.017+0000][21728][gc,marking   ] GC(324) Concurrent Clear Claimed Marks
[2020-08-27T11:16:27.018+0000][21728][gc,marking   ] GC(324) Concurrent Clear Claimed Marks 0.920ms
[2020-08-27T11:16:27.018+0000][21728][gc,marking   ] GC(324) Concurrent Scan Root Regions
[2020-08-27T11:16:27.025+0000][21728][gc,marking   ] GC(324) Concurrent Scan Root Regions 7.505ms
[2020-08-27T11:16:27.025+0000][21728][gc,marking   ] GC(324) Concurrent Mark (104.981s)
[2020-08-27T11:16:27.026+0000][21728][gc,marking   ] GC(324) Concurrent Mark From Roots
[2020-08-27T11:16:27.026+0000][21728][gc,task      ] GC(324) Using 2 workers of 2 for marking
[2020-08-27T11:16:27.210+0000][21728][gc,marking   ] GC(324) Concurrent Mark From Roots 184.843ms
[2020-08-27T11:16:27.210+0000][21728][gc,marking   ] GC(324) Concurrent Preclean
[2020-08-27T11:16:27.211+0000][21728][gc,marking   ] GC(324) Concurrent Preclean 0.526ms
[2020-08-27T11:16:27.211+0000][21728][gc,marking   ] GC(324) Concurrent Mark (104.981s, 105.167s) 185.581ms
[2020-08-27T11:16:27.211+0000][21728][gc,start     ] GC(324) Pause Remark
[2020-08-27T11:16:27.217+0000][21728][gc           ] GC(324) Pause Remark 318M->318M(1024M) 5.936ms
[2020-08-27T11:16:27.217+0000][21728][gc,cpu       ] GC(324) User=0.00s Sys=0.00s Real=0.01s
[2020-08-27T11:16:27.217+0000][21728][safepoint    ] Safepoint "G1Concurrent", Time since last: 194436500 ns, Reaching safepoint: 157800 ns, At safepoint: 6168900 ns, Total: 6326700 ns
[2020-08-27T11:16:27.218+0000][21728][gc,marking   ] GC(324) Concurrent Rebuild Remembered Sets
[2020-08-27T11:16:27.310+0000][21728][gc,marking   ] GC(324) Concurrent Rebuild Remembered Sets 92.661ms
[2020-08-27T11:16:27.311+0000][21728][gc,start     ] GC(324) Pause Cleanup
[2020-08-27T11:16:27.311+0000][21728][gc           ] GC(324) Pause Cleanup 339M->339M(1024M) 0.312ms
[2020-08-27T11:16:27.311+0000][21728][gc,cpu       ] GC(324) User=0.00s Sys=0.00s Real=0.00s
[2020-08-27T11:16:27.311+0000][21728][safepoint    ] Safepoint "G1Concurrent", Time since last: 92929600 ns, Reaching safepoint: 212100 ns, At safepoint: 509200 ns, Total: 721300 ns
[2020-08-27T11:16:27.311+0000][21728][gc,marking   ] GC(324) Concurrent Cleanup for Next Mark
[2020-08-27T11:16:27.313+0000][21728][gc,marking   ] GC(324) Concurrent Cleanup for Next Mark 2.255ms
[2020-08-27T11:16:27.314+0000][21728][gc           ] GC(324) Concurrent Cycle 297.015ms
[2020-08-27T11:16:27.314+0000][21728][gc,start     ] GC(325) Pause Young (Concurrent Start) (G1 Humongous Allocation)
[2020-08-27T11:16:27.314+0000][21728][gc,task      ] GC(325) Using 8 workers of 8 for evacuation
[2020-08-27T11:16:27.314+0000][21728][gc,age       ] GC(325) Desired survivor size 33030144 bytes, new threshold 15 (max threshold 15)
[2020-08-27T11:16:27.318+0000][21728][gc,age       ] GC(325) Age table with threshold 15 (max threshold 15)
[2020-08-27T11:16:27.318+0000][21728][gc,age       ] GC(325) - age   1:    2483144 bytes,    2483144 total
[2020-08-27T11:16:27.318+0000][21728][gc,age       ] GC(325) - age   2:     411280 bytes,    2894424 total
[2020-08-27T11:16:27.318+0000][21728][gc,age       ] GC(325) - age   3:     400288 bytes,    3294712 total
[2020-08-27T11:16:27.318+0000][21728][gc,age       ] GC(325) - age   4:       2576 bytes,    3297288 total
[2020-08-27T11:16:27.318+0000][21728][gc,age       ] GC(325) - age   5:      62536 bytes,    3359824 total
[2020-08-27T11:16:27.318+0000][21728][gc,age       ] GC(325) - age   6:        720 bytes,    3360544 total
[2020-08-27T11:16:27.318+0000][21728][gc,age       ] GC(325) - age   7:       1136 bytes,    3361680 total
[2020-08-27T11:16:27.318+0000][21728][gc,age       ] GC(325) - age   8:        496 bytes,    3362176 total
[2020-08-27T11:16:27.318+0000][21728][gc,age       ] GC(325) - age   9:        736 bytes,    3362912 total
[2020-08-27T11:16:27.318+0000][21728][gc,age       ] GC(325) - age  10:       1640 bytes,    3364552 total
[2020-08-27T11:16:27.318+0000][21728][gc,age       ] GC(325) - age  11:       2024 bytes,    3366576 total
[2020-08-27T11:16:27.318+0000][21728][gc,age       ] GC(325) - age  12:       6776 bytes,    3373352 total
[2020-08-27T11:16:27.318+0000][21728][gc,age       ] GC(325) - age  13:       2368 bytes,    3375720 total
[2020-08-27T11:16:27.318+0000][21728][gc,age       ] GC(325) - age  14:        696 bytes,    3376416 total
[2020-08-27T11:16:27.318+0000][21728][gc,age       ] GC(325) - age  15:      52792 bytes,    3429208 total
[2020-08-27T11:16:27.319+0000][21728][gc,phases    ] GC(325)   Pre Evacuate Collection Set: 0.5ms
[2020-08-27T11:16:27.319+0000][21728][gc,phases    ] GC(325)   Merge Heap Roots: 0.1ms
[2020-08-27T11:16:27.319+0000][21728][gc,phases    ] GC(325)   Evacuate Collection Set: 2.0ms
[2020-08-27T11:16:27.319+0000][21728][gc,phases    ] GC(325)   Post Evacuate Collection Set: 0.7ms
[2020-08-27T11:16:27.319+0000][21728][gc,phases    ] GC(325)   Other: 1.3ms
[2020-08-27T11:16:27.319+0000][21728][gc,heap      ] GC(325) Eden regions: 22->0(497)
[2020-08-27T11:16:27.319+0000][21728][gc,heap      ] GC(325) Survivor regions: 5->4(63)
[2020-08-27T11:16:27.319+0000][21728][gc,heap      ] GC(325) Old regions: 79->79
[2020-08-27T11:16:27.319+0000][21728][gc,heap      ] GC(325) Archive regions: 0->0
[2020-08-27T11:16:27.319+0000][21728][gc,heap      ] GC(325) Humongous regions: 249->174
[2020-08-27T11:16:27.319+0000][21728][gc,metaspace ] GC(325) Metaspace: 86986K(93312K)->86986K(93312K) NonClass: 75875K(79616K)->75875K(79616K) Class: 11110K(13696K)->11110K(13696K)
[2020-08-27T11:16:27.319+0000][21728][gc           ] GC(325) Pause Young (Concurrent Start) (G1 Humongous Allocation) 353M->255M(1024M) 5.018ms
[2020-08-27T11:16:27.319+0000][21728][gc,cpu       ] GC(325) User=0.00s Sys=0.00s Real=0.01s
[2020-08-27T11:16:27.319+0000][21728][safepoint    ] Safepoint "G1TryInitiateConcMark", Time since last: 2677300 ns, Reaching safepoint: 195000 ns, At safepoint: 5236200 ns, Total: 5431200 ns
[2020-08-27T11:16:27.319+0000][21728][gc           ] GC(326) Concurrent Cycle
[2020-08-27T11:16:27.319+0000][21728][gc,marking   ] GC(326) Concurrent Clear Claimed Marks
[2020-08-27T11:16:27.320+0000][21728][gc,marking   ] GC(326) Concurrent Clear Claimed Marks 0.545ms
[2020-08-27T11:16:27.320+0000][21728][gc,marking   ] GC(326) Concurrent Scan Root Regions
[2020-08-27T11:16:27.323+0000][21728][gc,marking   ] GC(326) Concurrent Scan Root Regions 2.659ms
[2020-08-27T11:16:27.323+0000][21728][gc,marking   ] GC(326) Concurrent Mark (105.279s)
[2020-08-27T11:16:27.323+0000][21728][gc,marking   ] GC(326) Concurrent Mark From Roots
[2020-08-27T11:16:27.323+0000][21728][gc,task      ] GC(326) Using 2 workers of 2 for marking
[2020-08-27T11:16:27.500+0000][21728][gc,marking   ] GC(326) Concurrent Mark From Roots 177.411ms
[2020-08-27T11:16:27.501+0000][21728][gc,marking   ] GC(326) Concurrent Preclean
[2020-08-27T11:16:27.501+0000][21728][gc,marking   ] GC(326) Concurrent Preclean 0.841ms
[2020-08-27T11:16:27.501+0000][21728][gc,marking   ] GC(326) Concurrent Mark (105.279s, 105.457s) 178.717ms
[2020-08-27T11:16:27.502+0000][21728][gc,start     ] GC(326) Pause Remark
[2020-08-27T11:16:27.512+0000][21728][gc           ] GC(326) Pause Remark 295M->295M(1024M) 9.847ms
[2020-08-27T11:16:27.512+0000][21728][gc,cpu       ] GC(326) User=0.00s Sys=0.00s Real=0.01s
[2020-08-27T11:16:27.512+0000][21728][safepoint    ] Safepoint "G1Concurrent", Time since last: 182351100 ns, Reaching safepoint: 149400 ns, At safepoint: 10088800 ns, Total: 10238200 ns
[2020-08-27T11:16:27.512+0000][21728][gc,marking   ] GC(326) Concurrent Rebuild Remembered Sets
[2020-08-27T11:16:27.614+0000][21728][gc,marking   ] GC(326) Concurrent Rebuild Remembered Sets 102.038ms
[2020-08-27T11:16:27.614+0000][21728][gc,start     ] GC(326) Pause Cleanup
[2020-08-27T11:16:27.615+0000][21728][gc           ] GC(326) Pause Cleanup 361M->361M(1024M) 0.327ms
[2020-08-27T11:16:27.615+0000][21728][gc,cpu       ] GC(326) User=0.00s Sys=0.00s Real=0.00s
[2020-08-27T11:16:27.615+0000][21728][safepoint    ] Safepoint "G1Concurrent", Time since last: 102234100 ns, Reaching safepoint: 157700 ns, At safepoint: 480000 ns, Total: 637700 ns
[2020-08-27T11:16:27.615+0000][21728][gc,marking   ] GC(326) Concurrent Cleanup for Next Mark
[2020-08-27T11:16:27.616+0000][21728][gc,marking   ] GC(326) Concurrent Cleanup for Next Mark 1.621ms
[2020-08-27T11:16:27.617+0000][21728][gc           ] GC(326) Concurrent Cycle 297.308ms
[2020-08-27T11:16:27.845+0000][21728][gc,start     ] GC(327) Pause Young (Concurrent Start) (G1 Humongous Allocation)
[2020-08-27T11:16:27.845+0000][21728][gc,task      ] GC(327) Using 8 workers of 8 for evacuation
[2020-08-27T11:16:27.845+0000][21728][gc,age       ] GC(327) Desired survivor size 33030144 bytes, new threshold 15 (max threshold 15)
[2020-08-27T11:16:27.850+0000][21728][gc,age       ] GC(327) Age table with threshold 15 (max threshold 15)
[2020-08-27T11:16:27.850+0000][21728][gc,age       ] GC(327) - age   1:   13089256 bytes,   13089256 total
[2020-08-27T11:16:27.851+0000][21728][gc,age       ] GC(327) - age   2:       1704 bytes,   13090960 total
[2020-08-27T11:16:27.851+0000][21728][gc,age       ] GC(327) - age   3:       1544 bytes,   13092504 total
[2020-08-27T11:16:27.851+0000][21728][gc,age       ] GC(327) - age   4:       1384 bytes,   13093888 total
[2020-08-27T11:16:27.851+0000][21728][gc,age       ] GC(327) - age   5:       1376 bytes,   13095264 total
[2020-08-27T11:16:27.851+0000][21728][gc,age       ] GC(327) - age   6:      62208 bytes,   13157472 total
[2020-08-27T11:16:27.851+0000][21728][gc,age       ] GC(327) - age   7:        560 bytes,   13158032 total
[2020-08-27T11:16:27.851+0000][21728][gc,age       ] GC(327) - age   8:       1008 bytes,   13159040 total
[2020-08-27T11:16:27.851+0000][21728][gc,age       ] GC(327) - age   9:        432 bytes,   13159472 total
[2020-08-27T11:16:27.851+0000][21728][gc,age       ] GC(327) - age  10:        704 bytes,   13160176 total
[2020-08-27T11:16:27.851+0000][21728][gc,age       ] GC(327) - age  11:       1192 bytes,   13161368 total
[2020-08-27T11:16:27.851+0000][21728][gc,age       ] GC(327) - age  12:       1992 bytes,   13163360 total
[2020-08-27T11:16:27.851+0000][21728][gc,age       ] GC(327) - age  13:       6776 bytes,   13170136 total
[2020-08-27T11:16:27.851+0000][21728][gc,age       ] GC(327) - age  14:       2368 bytes,   13172504 total
[2020-08-27T11:16:27.851+0000][21728][gc,age       ] GC(327) - age  15:        632 bytes,   13173136 total
[2020-08-27T11:16:27.851+0000][21728][gc,phases    ] GC(327)   Pre Evacuate Collection Set: 0.4ms
[2020-08-27T11:16:27.851+0000][21728][gc,phases    ] GC(327)   Merge Heap Roots: 0.1ms
[2020-08-27T11:16:27.851+0000][21728][gc,phases    ] GC(327)   Evacuate Collection Set: 3.6ms
[2020-08-27T11:16:27.851+0000][21728][gc,phases    ] GC(327)   Post Evacuate Collection Set: 0.9ms
[2020-08-27T11:16:27.851+0000][21728][gc,phases    ] GC(327)   Other: 1.1ms
[2020-08-27T11:16:27.851+0000][21728][gc,heap      ] GC(327) Eden regions: 62->0(481)
[2020-08-27T11:16:27.851+0000][21728][gc,heap      ] GC(327) Survivor regions: 4->13(63)
[2020-08-27T11:16:27.851+0000][21728][gc,heap      ] GC(327) Old regions: 79->79
[2020-08-27T11:16:27.851+0000][21728][gc,heap      ] GC(327) Archive regions: 0->0
[2020-08-27T11:16:27.851+0000][21728][gc,heap      ] GC(327) Humongous regions: 251->174
[2020-08-27T11:16:27.851+0000][21728][gc,metaspace ] GC(327) Metaspace: 86994K(93312K)->86994K(93312K) NonClass: 75883K(79616K)->75883K(79616K) Class: 11110K(13696K)->11110K(13696K)
[2020-08-27T11:16:27.852+0000][21728][gc           ] GC(327) Pause Young (Concurrent Start) (G1 Humongous Allocation) 394M->265M(1024M) 6.476ms
[2020-08-27T11:16:27.852+0000][21728][gc,cpu       ] GC(327) User=0.00s Sys=0.00s Real=0.01s
[2020-08-27T11:16:27.852+0000][21728][gc           ] GC(328) Concurrent Cycle
[2020-08-27T11:16:27.852+0000][21728][gc,marking   ] GC(328) Concurrent Clear Claimed Marks
[2020-08-27T11:16:27.852+0000][21728][safepoint    ] Safepoint "G1TryInitiateConcMark", Time since last: 229717100 ns, Reaching safepoint: 233400 ns, At safepoint: 7132100 ns, Total: 7365500 ns
[2020-08-27T11:16:27.853+0000][21728][gc,marking   ] GC(328) Concurrent Clear Claimed Marks 1.249ms
[2020-08-27T11:16:27.853+0000][21728][gc,marking   ] GC(328) Concurrent Scan Root Regions
[2020-08-27T11:16:27.860+0000][21728][gc,marking   ] GC(328) Concurrent Scan Root Regions 6.473ms
[2020-08-27T11:16:27.860+0000][21728][gc,marking   ] GC(328) Concurrent Mark (105.816s)
[2020-08-27T11:16:27.860+0000][21728][gc,marking   ] GC(328) Concurrent Mark From Roots
[2020-08-27T11:16:27.860+0000][21728][gc,task      ] GC(328) Using 2 workers of 2 for marking
[2020-08-27T11:16:28.079+0000][21728][gc,marking   ] GC(328) Concurrent Mark From Roots 219.554ms
[2020-08-27T11:16:28.080+0000][21728][gc,marking   ] GC(328) Concurrent Preclean
[2020-08-27T11:16:28.080+0000][21728][gc,marking   ] GC(328) Concurrent Preclean 0.522ms
[2020-08-27T11:16:28.080+0000][21728][gc,marking   ] GC(328) Concurrent Mark (105.816s, 106.036s) 220.282ms
[2020-08-27T11:16:28.080+0000][21728][gc,start     ] GC(328) Pause Remark
[2020-08-27T11:16:28.087+0000][21728][gc           ] GC(328) Pause Remark 502M->502M(1024M) 6.343ms
[2020-08-27T11:16:28.087+0000][21728][gc,cpu       ] GC(328) User=0.00s Sys=0.00s Real=0.01s
[2020-08-27T11:16:28.087+0000][21728][safepoint    ] Safepoint "G1Concurrent", Time since last: 228087100 ns, Reaching safepoint: 183900 ns, At safepoint: 6600700 ns, Total: 6784600 ns
[2020-08-27T11:16:28.087+0000][21728][gc,marking   ] GC(328) Concurrent Rebuild Remembered Sets
[2020-08-27T11:16:28.189+0000][21728][gc,marking   ] GC(328) Concurrent Rebuild Remembered Sets 101.978ms
[2020-08-27T11:16:28.189+0000][21728][gc,start     ] GC(328) Pause Cleanup
[2020-08-27T11:16:28.190+0000][21728][gc           ] GC(328) Pause Cleanup 571M->571M(1024M) 0.458ms
[2020-08-27T11:16:28.190+0000][21728][gc,cpu       ] GC(328) User=0.00s Sys=0.00s Real=0.00s
[2020-08-27T11:16:28.190+0000][21728][safepoint    ] Safepoint "G1Concurrent", Time since last: 102174000 ns, Reaching safepoint: 145800 ns, At safepoint: 667200 ns, Total: 813000 ns
[2020-08-27T11:16:28.190+0000][21728][gc,marking   ] GC(328) Concurrent Cleanup for Next Mark
[2020-08-27T11:16:28.192+0000][21728][gc,marking   ] GC(328) Concurrent Cleanup for Next Mark 1.974ms
[2020-08-27T11:16:28.192+0000][21728][gc           ] GC(328) Concurrent Cycle 340.516ms
[2020-08-27T11:16:28.552+0000][21728][gc,start     ] GC(329) Pause Young (Concurrent Start) (G1 Humongous Allocation)
[2020-08-27T11:16:28.552+0000][21728][gc,task      ] GC(329) Using 8 workers of 8 for evacuation
[2020-08-27T11:16:28.552+0000][21728][gc,age       ] GC(329) Desired survivor size 32505856 bytes, new threshold 15 (max threshold 15)
[2020-08-27T11:16:28.555+0000][21728][gc,age       ] GC(329) Age table with threshold 15 (max threshold 15)
[2020-08-27T11:16:28.556+0000][21728][gc,age       ] GC(329) - age   1:    3795752 bytes,    3795752 total
[2020-08-27T11:16:28.556+0000][21728][gc,age       ] GC(329) - age   2:      68608 bytes,    3864360 total
[2020-08-27T11:16:28.556+0000][21728][gc,age       ] GC(329) - age   3:       1368 bytes,    3865728 total
[2020-08-27T11:16:28.556+0000][21728][gc,age       ] GC(329) - age   4:       1072 bytes,    3866800 total
[2020-08-27T11:16:28.556+0000][21728][gc,age       ] GC(329) - age   5:        728 bytes,    3867528 total
[2020-08-27T11:16:28.556+0000][21728][gc,age       ] GC(329) - age   6:       1184 bytes,    3868712 total
[2020-08-27T11:16:28.556+0000][21728][gc,age       ] GC(329) - age   7:      62048 bytes,    3930760 total
[2020-08-27T11:16:28.556+0000][21728][gc,age       ] GC(329) - age   8:        528 bytes,    3931288 total
[2020-08-27T11:16:28.556+0000][21728][gc,age       ] GC(329) - age   9:        976 bytes,    3932264 total
[2020-08-27T11:16:28.556+0000][21728][gc,age       ] GC(329) - age  10:        376 bytes,    3932640 total
[2020-08-27T11:16:28.556+0000][21728][gc,age       ] GC(329) - age  11:        640 bytes,    3933280 total
[2020-08-27T11:16:28.556+0000][21728][gc,age       ] GC(329) - age  12:       1192 bytes,    3934472 total
[2020-08-27T11:16:28.556+0000][21728][gc,age       ] GC(329) - age  13:       1992 bytes,    3936464 total
[2020-08-27T11:16:28.556+0000][21728][gc,age       ] GC(329) - age  14:       6744 bytes,    3943208 total
[2020-08-27T11:16:28.556+0000][21728][gc,age       ] GC(329) - age  15:       2344 bytes,    3945552 total
[2020-08-27T11:16:28.556+0000][21728][gc,phases    ] GC(329)   Pre Evacuate Collection Set: 0.5ms
[2020-08-27T11:16:28.556+0000][21728][gc,phases    ] GC(329)   Merge Heap Roots: 0.1ms
[2020-08-27T11:16:28.556+0000][21728][gc,phases    ] GC(329)   Evacuate Collection Set: 2.1ms
[2020-08-27T11:16:28.556+0000][21728][gc,phases    ] GC(329)   Post Evacuate Collection Set: 0.9ms
[2020-08-27T11:16:28.557+0000][21728][gc,phases    ] GC(329)   Other: 1.3ms
[2020-08-27T11:16:28.557+0000][21728][gc,heap      ] GC(329) Eden regions: 83->0(492)
[2020-08-27T11:16:28.557+0000][21728][gc,heap      ] GC(329) Survivor regions: 13->5(62)
[2020-08-27T11:16:28.557+0000][21728][gc,heap      ] GC(329) Old regions: 79->79
[2020-08-27T11:16:28.557+0000][21728][gc,heap      ] GC(329) Archive regions: 0->0
[2020-08-27T11:16:28.557+0000][21728][gc,heap      ] GC(329) Humongous regions: 414->174
[2020-08-27T11:16:28.557+0000][21728][gc,metaspace ] GC(329) Metaspace: 86994K(93312K)->86994K(93312K) NonClass: 75883K(79616K)->75883K(79616K) Class: 11110K(13696K)->11110K(13696K)
[2020-08-27T11:16:28.557+0000][21728][gc           ] GC(329) Pause Young (Concurrent Start) (G1 Humongous Allocation) 588M->256M(1024M) 5.274ms
[2020-08-27T11:16:28.557+0000][21728][gc,cpu       ] GC(329) User=0.00s Sys=0.00s Real=0.00s
[2020-08-27T11:16:28.557+0000][21728][gc           ] GC(330) Concurrent Cycle
[2020-08-27T11:16:28.557+0000][21728][safepoint    ] Safepoint "G1TryInitiateConcMark", Time since last: 361880200 ns, Reaching safepoint: 173700 ns, At safepoint: 5573000 ns, Total: 5746700 ns
[2020-08-27T11:16:28.557+0000][21728][gc,marking   ] GC(330) Concurrent Clear Claimed Marks
[2020-08-27T11:16:28.558+0000][21728][gc,marking   ] GC(330) Concurrent Clear Claimed Marks 0.581ms
[2020-08-27T11:16:28.558+0000][21728][gc,marking   ] GC(330) Concurrent Scan Root Regions
[2020-08-27T11:16:28.561+0000][21728][gc,marking   ] GC(330) Concurrent Scan Root Regions 3.171ms
[2020-08-27T11:16:28.561+0000][21728][gc,marking   ] GC(330) Concurrent Mark (106.517s)
[2020-08-27T11:16:28.561+0000][21728][gc,marking   ] GC(330) Concurrent Mark From Roots
[2020-08-27T11:16:28.561+0000][21728][gc,task      ] GC(330) Using 2 workers of 2 for marking
[2020-08-27T11:16:28.727+0000][21728][gc,marking   ] GC(330) Concurrent Mark From Roots 165.687ms
[2020-08-27T11:16:28.727+0000][21728][gc,marking   ] GC(330) Concurrent Preclean
[2020-08-27T11:16:28.728+0000][21728][gc,marking   ] GC(330) Concurrent Preclean 0.690ms
[2020-08-27T11:16:28.728+0000][21728][gc,marking   ] GC(330) Concurrent Mark (106.517s, 106.684s) 166.632ms
[2020-08-27T11:16:28.728+0000][21728][gc,start     ] GC(330) Pause Remark
[2020-08-27T11:16:28.737+0000][21728][gc           ] GC(330) Pause Remark 315M->315M(1024M) 8.658ms
[2020-08-27T11:16:28.737+0000][21728][gc,cpu       ] GC(330) User=0.11s Sys=0.00s Real=0.01s
[2020-08-27T11:16:28.737+0000][21728][safepoint    ] Safepoint "G1Concurrent", Time since last: 170808500 ns, Reaching safepoint: 176400 ns, At safepoint: 9376300 ns, Total: 9552700 ns
[2020-08-27T11:16:28.738+0000][21728][gc,marking   ] GC(330) Concurrent Rebuild Remembered Sets
[2020-08-27T11:16:28.851+0000][21728][gc,marking   ] GC(330) Concurrent Rebuild Remembered Sets 113.391ms
[2020-08-27T11:16:28.851+0000][21728][gc,start     ] GC(330) Pause Cleanup
[2020-08-27T11:16:28.852+0000][21728][gc           ] GC(330) Pause Cleanup 317M->317M(1024M) 0.375ms
[2020-08-27T11:16:28.852+0000][21728][gc,cpu       ] GC(330) User=0.00s Sys=0.00s Real=0.00s
[2020-08-27T11:16:28.852+0000][21728][safepoint    ] Safepoint "G1Concurrent", Time since last: 113750000 ns, Reaching safepoint: 149600 ns, At safepoint: 570500 ns, Total: 720100 ns
[2020-08-27T11:16:28.852+0000][21728][gc,marking   ] GC(330) Concurrent Cleanup for Next Mark
[2020-08-27T11:16:28.857+0000][21728][gc,marking   ] GC(330) Concurrent Cleanup for Next Mark 5.048ms
[2020-08-27T11:16:28.857+0000][21728][gc           ] GC(330) Concurrent Cycle 300.429ms
[2020-08-27T11:16:28.931+0000][21728][gc,start     ] GC(331) Pause Young (Concurrent Start) (G1 Humongous Allocation)
[2020-08-27T11:16:28.931+0000][21728][gc,task      ] GC(331) Using 8 workers of 8 for evacuation
[2020-08-27T11:16:28.931+0000][21728][gc,age       ] GC(331) Desired survivor size 33030144 bytes, new threshold 15 (max threshold 15)
[2020-08-27T11:16:28.935+0000][21728][gc,age       ] GC(331) Age table with threshold 15 (max threshold 15)
[2020-08-27T11:16:28.935+0000][21728][gc,age       ] GC(331) - age   1:    2828088 bytes,    2828088 total
[2020-08-27T11:16:28.935+0000][21728][gc,age       ] GC(331) - age   2:     795232 bytes,    3623320 total
[2020-08-27T11:16:28.935+0000][21728][gc,age       ] GC(331) - age   3:      66256 bytes,    3689576 total
[2020-08-27T11:16:28.935+0000][21728][gc,age       ] GC(331) - age   4:       1112 bytes,    3690688 total
[2020-08-27T11:16:28.935+0000][21728][gc,age       ] GC(331) - age   5:       1040 bytes,    3691728 total
[2020-08-27T11:16:28.935+0000][21728][gc,age       ] GC(331) - age   6:        600 bytes,    3692328 total
[2020-08-27T11:16:28.935+0000][21728][gc,age       ] GC(331) - age   7:       1024 bytes,    3693352 total
[2020-08-27T11:16:28.935+0000][21728][gc,age       ] GC(331) - age   8:      62016 bytes,    3755368 total
[2020-08-27T11:16:28.935+0000][21728][gc,age       ] GC(331) - age   9:        528 bytes,    3755896 total
[2020-08-27T11:16:28.935+0000][21728][gc,age       ] GC(331) - age  10:        976 bytes,    3756872 total
[2020-08-27T11:16:28.935+0000][21728][gc,age       ] GC(331) - age  11:        376 bytes,    3757248 total
[2020-08-27T11:16:28.935+0000][21728][gc,age       ] GC(331) - age  12:        576 bytes,    3757824 total
[2020-08-27T11:16:28.935+0000][21728][gc,age       ] GC(331) - age  13:       1192 bytes,    3759016 total
[2020-08-27T11:16:28.935+0000][21728][gc,age       ] GC(331) - age  14:       1992 bytes,    3761008 total
[2020-08-27T11:16:28.935+0000][21728][gc,age       ] GC(331) - age  15:       6744 bytes,    3767752 total
[2020-08-27T11:16:28.935+0000][21728][gc,phases    ] GC(331)   Pre Evacuate Collection Set: 0.5ms
[2020-08-27T11:16:28.935+0000][21728][gc,phases    ] GC(331)   Merge Heap Roots: 0.1ms
[2020-08-27T11:16:28.935+0000][21728][gc,phases    ] GC(331)   Evacuate Collection Set: 2.2ms
[2020-08-27T11:16:28.935+0000][21728][gc,phases    ] GC(331)   Post Evacuate Collection Set: 0.9ms
[2020-08-27T11:16:28.935+0000][21728][gc,phases    ] GC(331)   Other: 1.1ms
[2020-08-27T11:16:28.935+0000][21728][gc,heap      ] GC(331) Eden regions: 24->0(495)
[2020-08-27T11:16:28.936+0000][21728][gc,heap      ] GC(331) Survivor regions: 5->4(63)
[2020-08-27T11:16:28.936+0000][21728][gc,heap      ] GC(331) Old regions: 79->79
[2020-08-27T11:16:28.936+0000][21728][gc,heap      ] GC(331) Archive regions: 0->0
[2020-08-27T11:16:28.936+0000][21728][gc,heap      ] GC(331) Humongous regions: 228->174
[2020-08-27T11:16:28.936+0000][21728][gc,metaspace ] GC(331) Metaspace: 86994K(93312K)->86994K(93312K) NonClass: 75883K(79616K)->75883K(79616K) Class: 11110K(13696K)->11110K(13696K)
[2020-08-27T11:16:28.936+0000][21728][gc           ] GC(331) Pause Young (Concurrent Start) (G1 Humongous Allocation) 334M->256M(1024M) 5.220ms
[2020-08-27T11:16:28.936+0000][21728][gc,cpu       ] GC(331) User=0.00s Sys=0.00s Real=0.01s
[2020-08-27T11:16:28.936+0000][21728][gc           ] GC(332) Concurrent Cycle
[2020-08-27T11:16:28.936+0000][21728][safepoint    ] Safepoint "G1TryInitiateConcMark", Time since last: 78373400 ns, Reaching safepoint: 165900 ns, At safepoint: 5485100 ns, Total: 5651000 ns
[2020-08-27T11:16:28.936+0000][21728][gc,marking   ] GC(332) Concurrent Clear Claimed Marks
[2020-08-27T11:16:28.937+0000][21728][gc,marking   ] GC(332) Concurrent Clear Claimed Marks 0.551ms
[2020-08-27T11:16:28.937+0000][21728][gc,marking   ] GC(332) Concurrent Scan Root Regions
[2020-08-27T11:16:28.940+0000][21728][gc,marking   ] GC(332) Concurrent Scan Root Regions 3.062ms
[2020-08-27T11:16:28.940+0000][21728][gc,marking   ] GC(332) Concurrent Mark (106.896s)
[2020-08-27T11:16:28.940+0000][21728][gc,marking   ] GC(332) Concurrent Mark From Roots
[2020-08-27T11:16:28.940+0000][21728][gc,task      ] GC(332) Using 2 workers of 2 for marking
[2020-08-27T11:16:29.104+0000][21728][gc,marking   ] GC(332) Concurrent Mark From Roots 163.827ms
[2020-08-27T11:16:29.104+0000][21728][gc,marking   ] GC(332) Concurrent Preclean
[2020-08-27T11:16:29.105+0000][21728][gc,marking   ] GC(332) Concurrent Preclean 0.687ms
[2020-08-27T11:16:29.105+0000][21728][gc,marking   ] GC(332) Concurrent Mark (106.896s, 107.061s) 164.748ms
[2020-08-27T11:16:29.105+0000][21728][gc,start     ] GC(332) Pause Remark
[2020-08-27T11:16:29.111+0000][21728][gc           ] GC(332) Pause Remark 308M->308M(1024M) 5.948ms
[2020-08-27T11:16:29.111+0000][21728][gc,cpu       ] GC(332) User=0.09s Sys=0.02s Real=0.01s
[2020-08-27T11:16:29.111+0000][21728][safepoint    ] Safepoint "G1Concurrent", Time since last: 168762400 ns, Reaching safepoint: 183700 ns, At safepoint: 6189400 ns, Total: 6373100 ns
[2020-08-27T11:16:29.112+0000][21728][gc,marking   ] GC(332) Concurrent Rebuild Remembered Sets
[2020-08-27T11:16:29.206+0000][21728][gc,marking   ] GC(332) Concurrent Rebuild Remembered Sets 94.417ms
[2020-08-27T11:16:29.206+0000][21728][gc,start     ] GC(332) Pause Cleanup
[2020-08-27T11:16:29.207+0000][21728][gc           ] GC(332) Pause Cleanup 311M->311M(1024M) 0.312ms
[2020-08-27T11:16:29.207+0000][21728][gc,cpu       ] GC(332) User=0.00s Sys=0.00s Real=0.00s
[2020-08-27T11:16:29.207+0000][21728][safepoint    ] Safepoint "G1Concurrent", Time since last: 94623100 ns, Reaching safepoint: 163800 ns, At safepoint: 464700 ns, Total: 628500 ns
[2020-08-27T11:16:29.207+0000][21728][gc,marking   ] GC(332) Concurrent Cleanup for Next Mark
[2020-08-27T11:16:29.208+0000][21728][gc,marking   ] GC(332) Concurrent Cleanup for Next Mark 1.541ms
[2020-08-27T11:16:29.208+0000][21728][gc           ] GC(332) Concurrent Cycle 272.166ms
[2020-08-27T11:16:29.245+0000][21728][gc,start     ] GC(333) Pause Young (Concurrent Start) (G1 Humongous Allocation)
[2020-08-27T11:16:29.245+0000][21728][gc,task      ] GC(333) Using 8 workers of 8 for evacuation
[2020-08-27T11:16:29.245+0000][21728][gc,age       ] GC(333) Desired survivor size 33030144 bytes, new threshold 15 (max threshold 15)
[2020-08-27T11:16:29.249+0000][21728][gc,age       ] GC(333) Age table with threshold 15 (max threshold 15)
[2020-08-27T11:16:29.249+0000][21728][gc,age       ] GC(333) - age   1:    2639824 bytes,    2639824 total
[2020-08-27T11:16:29.249+0000][21728][gc,age       ] GC(333) - age   2:     205768 bytes,    2845592 total
[2020-08-27T11:16:29.249+0000][21728][gc,age       ] GC(333) - age   3:     596400 bytes,    3441992 total
[2020-08-27T11:16:29.249+0000][21728][gc,age       ] GC(333) - age   4:      64720 bytes,    3506712 total
[2020-08-27T11:16:29.249+0000][21728][gc,age       ] GC(333) - age   5:       1080 bytes,    3507792 total
[2020-08-27T11:16:29.249+0000][21728][gc,age       ] GC(333) - age   6:        944 bytes,    3508736 total
[2020-08-27T11:16:29.249+0000][21728][gc,age       ] GC(333) - age   7:        600 bytes,    3509336 total
[2020-08-27T11:16:29.249+0000][21728][gc,age       ] GC(333) - age   8:        832 bytes,    3510168 total
[2020-08-27T11:16:29.249+0000][21728][gc,age       ] GC(333) - age   9:      62016 bytes,    3572184 total
[2020-08-27T11:16:29.249+0000][21728][gc,age       ] GC(333) - age  10:        528 bytes,    3572712 total
[2020-08-27T11:16:29.249+0000][21728][gc,age       ] GC(333) - age  11:        976 bytes,    3573688 total
[2020-08-27T11:16:29.249+0000][21728][gc,age       ] GC(333) - age  12:        376 bytes,    3574064 total
[2020-08-27T11:16:29.249+0000][21728][gc,age       ] GC(333) - age  13:        544 bytes,    3574608 total
[2020-08-27T11:16:29.249+0000][21728][gc,age       ] GC(333) - age  14:       1192 bytes,    3575800 total
[2020-08-27T11:16:29.249+0000][21728][gc,age       ] GC(333) - age  15:       1992 bytes,    3577792 total
[2020-08-27T11:16:29.249+0000][21728][gc,phases    ] GC(333)   Pre Evacuate Collection Set: 0.4ms
[2020-08-27T11:16:29.249+0000][21728][gc,phases    ] GC(333)   Merge Heap Roots: 0.1ms
[2020-08-27T11:16:29.249+0000][21728][gc,phases    ] GC(333)   Evacuate Collection Set: 2.0ms
[2020-08-27T11:16:29.249+0000][21728][gc,phases    ] GC(333)   Post Evacuate Collection Set: 0.7ms
[2020-08-27T11:16:29.249+0000][21728][gc,phases    ] GC(333)   Other: 0.9ms
[2020-08-27T11:16:29.249+0000][21728][gc,heap      ] GC(333) Eden regions: 24->0(497)
[2020-08-27T11:16:29.249+0000][21728][gc,heap      ] GC(333) Survivor regions: 4->4(63)
[2020-08-27T11:16:29.249+0000][21728][gc,heap      ] GC(333) Old regions: 79->79
[2020-08-27T11:16:29.249+0000][21728][gc,heap      ] GC(333) Archive regions: 0->0
[2020-08-27T11:16:29.250+0000][21728][gc,heap      ] GC(333) Humongous regions: 228->174
[2020-08-27T11:16:29.250+0000][21728][gc,metaspace ] GC(333) Metaspace: 86994K(93312K)->86994K(93312K) NonClass: 75883K(79616K)->75883K(79616K) Class: 11110K(13696K)->11110K(13696K)
[2020-08-27T11:16:29.250+0000][21728][gc           ] GC(333) Pause Young (Concurrent Start) (G1 Humongous Allocation) 333M->256M(1024M) 4.359ms
[2020-08-27T11:16:29.250+0000][21728][gc,cpu       ] GC(333) User=0.00s Sys=0.00s Real=0.01s
[2020-08-27T11:16:29.250+0000][21728][gc           ] GC(334) Concurrent Cycle
[2020-08-27T11:16:29.250+0000][21728][safepoint    ] Safepoint "G1TryInitiateConcMark", Time since last: 38280400 ns, Reaching safepoint: 188900 ns, At safepoint: 4534400 ns, Total: 4723300 ns
[2020-08-27T11:16:29.250+0000][21728][gc,marking   ] GC(334) Concurrent Clear Claimed Marks
[2020-08-27T11:16:29.252+0000][21728][gc,marking   ] GC(334) Concurrent Clear Claimed Marks 2.211ms
[2020-08-27T11:16:29.252+0000][21728][gc,marking   ] GC(334) Concurrent Scan Root Regions
[2020-08-27T11:16:29.256+0000][21728][gc,marking   ] GC(334) Concurrent Scan Root Regions 3.355ms
[2020-08-27T11:16:29.256+0000][21728][gc,marking   ] GC(334) Concurrent Mark (107.211s)
[2020-08-27T11:16:29.256+0000][21728][gc,marking   ] GC(334) Concurrent Mark From Roots
[2020-08-27T11:16:29.256+0000][21728][gc,task      ] GC(334) Using 2 workers of 2 for marking
[2020-08-27T11:16:29.409+0000][21728][gc,marking   ] GC(334) Concurrent Mark From Roots 153.301ms
[2020-08-27T11:16:29.409+0000][21728][gc,marking   ] GC(334) Concurrent Preclean
[2020-08-27T11:16:29.410+0000][21728][gc,marking   ] GC(334) Concurrent Preclean 0.548ms
[2020-08-27T11:16:29.410+0000][21728][gc,marking   ] GC(334) Concurrent Mark (107.211s, 107.365s) 154.032ms
[2020-08-27T11:16:29.410+0000][21728][gc,start     ] GC(334) Pause Remark
[2020-08-27T11:16:29.416+0000][21728][gc           ] GC(334) Pause Remark 302M->302M(1024M) 5.690ms
[2020-08-27T11:16:29.416+0000][21728][gc,cpu       ] GC(334) User=0.00s Sys=0.00s Real=0.01s
[2020-08-27T11:16:29.416+0000][21728][safepoint    ] Safepoint "G1Concurrent", Time since last: 160001100 ns, Reaching safepoint: 134400 ns, At safepoint: 5961600 ns, Total: 6096000 ns
[2020-08-27T11:16:29.416+0000][21728][gc,marking   ] GC(334) Concurrent Rebuild Remembered Sets
[2020-08-27T11:16:29.508+0000][21728][gc,marking   ] GC(334) Concurrent Rebuild Remembered Sets 91.636ms
[2020-08-27T11:16:29.508+0000][21728][gc,start     ] GC(334) Pause Cleanup
[2020-08-27T11:16:29.508+0000][21728][gc           ] GC(334) Pause Cleanup 369M->369M(1024M) 0.331ms
[2020-08-27T11:16:29.508+0000][21728][gc,cpu       ] GC(334) User=0.00s Sys=0.00s Real=0.00s
[2020-08-27T11:16:29.509+0000][21728][safepoint    ] Safepoint "G1Concurrent", Time since last: 92068500 ns, Reaching safepoint: 161200 ns, At safepoint: 524800 ns, Total: 686000 ns
[2020-08-27T11:16:29.509+0000][21728][gc,marking   ] GC(334) Concurrent Cleanup for Next Mark
[2020-08-27T11:16:29.510+0000][21728][gc,marking   ] GC(334) Concurrent Cleanup for Next Mark 1.501ms
[2020-08-27T11:16:29.510+0000][21728][gc           ] GC(334) Concurrent Cycle 260.552ms
[2020-08-27T11:16:29.725+0000][21728][gc,start     ] GC(335) Pause Young (Concurrent Start) (G1 Humongous Allocation)
[2020-08-27T11:16:29.725+0000][21728][gc,task      ] GC(335) Using 8 workers of 8 for evacuation
[2020-08-27T11:16:29.725+0000][21728][gc,age       ] GC(335) Desired survivor size 33030144 bytes, new threshold 15 (max threshold 15)
[2020-08-27T11:16:29.730+0000][21728][gc,age       ] GC(335) Age table with threshold 15 (max threshold 15)
[2020-08-27T11:16:29.731+0000][21728][gc,age       ] GC(335) - age   1:    3213848 bytes,    3213848 total
[2020-08-27T11:16:29.731+0000][21728][gc,age       ] GC(335) - age   2:     200112 bytes,    3413960 total
[2020-08-27T11:16:29.731+0000][21728][gc,age       ] GC(335) - age   3:     203832 bytes,    3617792 total
[2020-08-27T11:16:29.731+0000][21728][gc,age       ] GC(335) - age   4:     202840 bytes,    3820632 total
[2020-08-27T11:16:29.731+0000][21728][gc,age       ] GC(335) - age   5:      63032 bytes,    3883664 total
[2020-08-27T11:16:29.731+0000][21728][gc,age       ] GC(335) - age   6:       1080 bytes,    3884744 total
[2020-08-27T11:16:29.731+0000][21728][gc,age       ] GC(335) - age   7:        848 bytes,    3885592 total
[2020-08-27T11:16:29.731+0000][21728][gc,age       ] GC(335) - age   8:        376 bytes,    3885968 total
[2020-08-27T11:16:29.731+0000][21728][gc,age       ] GC(335) - age   9:        800 bytes,    3886768 total
[2020-08-27T11:16:29.731+0000][21728][gc,age       ] GC(335) - age  10:      62016 bytes,    3948784 total
[2020-08-27T11:16:29.731+0000][21728][gc,age       ] GC(335) - age  11:        496 bytes,    3949280 total
[2020-08-27T11:16:29.731+0000][21728][gc,age       ] GC(335) - age  12:        608 bytes,    3949888 total
[2020-08-27T11:16:29.731+0000][21728][gc,age       ] GC(335) - age  13:        376 bytes,    3950264 total
[2020-08-27T11:16:29.731+0000][21728][gc,age       ] GC(335) - age  14:        384 bytes,    3950648 total
[2020-08-27T11:16:29.731+0000][21728][gc,age       ] GC(335) - age  15:       1192 bytes,    3951840 total
[2020-08-27T11:16:29.731+0000][21728][gc,phases    ] GC(335)   Pre Evacuate Collection Set: 1.0ms
[2020-08-27T11:16:29.731+0000][21728][gc,phases    ] GC(335)   Merge Heap Roots: 0.2ms
[2020-08-27T11:16:29.731+0000][21728][gc,phases    ] GC(335)   Evacuate Collection Set: 2.5ms
[2020-08-27T11:16:29.731+0000][21728][gc,phases    ] GC(335)   Post Evacuate Collection Set: 0.8ms
[2020-08-27T11:16:29.731+0000][21728][gc,phases    ] GC(335)   Other: 2.0ms
[2020-08-27T11:16:29.732+0000][21728][gc,heap      ] GC(335) Eden regions: 42->0(498)
[2020-08-27T11:16:29.732+0000][21728][gc,heap      ] GC(335) Survivor regions: 4->4(63)
[2020-08-27T11:16:29.732+0000][21728][gc,heap      ] GC(335) Old regions: 79->79
[2020-08-27T11:16:29.732+0000][21728][gc,heap      ] GC(335) Archive regions: 0->0
[2020-08-27T11:16:29.732+0000][21728][gc,heap      ] GC(335) Humongous regions: 258->174
[2020-08-27T11:16:29.732+0000][21728][gc,metaspace ] GC(335) Metaspace: 86994K(93312K)->86994K(93312K) NonClass: 75883K(79616K)->75883K(79616K) Class: 11110K(13696K)->11110K(13696K)
[2020-08-27T11:16:29.732+0000][21728][gc           ] GC(335) Pause Young (Concurrent Start) (G1 Humongous Allocation) 381M->256M(1024M) 7.214ms
[2020-08-27T11:16:29.732+0000][21728][gc,cpu       ] GC(335) User=0.00s Sys=0.00s Real=0.01s
[2020-08-27T11:16:29.733+0000][21728][gc           ] GC(336) Concurrent Cycle
[2020-08-27T11:16:29.733+0000][21728][safepoint    ] Safepoint "G1TryInitiateConcMark", Time since last: 215516100 ns, Reaching safepoint: 620500 ns, At safepoint: 7927400 ns, Total: 8547900 ns
[2020-08-27T11:16:29.733+0000][21728][gc,marking   ] GC(336) Concurrent Clear Claimed Marks
[2020-08-27T11:16:29.734+0000][21728][gc,marking   ] GC(336) Concurrent Clear Claimed Marks 1.401ms
[2020-08-27T11:16:29.734+0000][21728][gc,marking   ] GC(336) Concurrent Scan Root Regions
[2020-08-27T11:16:29.738+0000][21728][gc,marking   ] GC(336) Concurrent Scan Root Regions 4.152ms
[2020-08-27T11:16:29.739+0000][21728][gc,marking   ] GC(336) Concurrent Mark (107.695s)
[2020-08-27T11:16:29.739+0000][21728][gc,marking   ] GC(336) Concurrent Mark From Roots
[2020-08-27T11:16:29.739+0000][21728][gc,task      ] GC(336) Using 2 workers of 2 for marking
[2020-08-27T11:16:29.936+0000][21728][gc,marking   ] GC(336) Concurrent Mark From Roots 197.212ms
[2020-08-27T11:16:29.936+0000][21728][gc,marking   ] GC(336) Concurrent Preclean
[2020-08-27T11:16:29.937+0000][21728][gc,marking   ] GC(336) Concurrent Preclean 0.694ms
[2020-08-27T11:16:29.937+0000][21728][gc,marking   ] GC(336) Concurrent Mark (107.695s, 107.893s) 198.169ms
[2020-08-27T11:16:29.937+0000][21728][gc,start     ] GC(336) Pause Remark
[2020-08-27T11:16:29.950+0000][21728][gc           ] GC(336) Pause Remark 314M->314M(1024M) 12.488ms
[2020-08-27T11:16:29.950+0000][21728][gc,cpu       ] GC(336) User=0.02s Sys=0.02s Real=0.01s
[2020-08-27T11:16:29.950+0000][21728][safepoint    ] Safepoint "G1Concurrent", Time since last: 204611700 ns, Reaching safepoint: 162400 ns, At safepoint: 12788700 ns, Total: 12951100 ns
[2020-08-27T11:16:29.950+0000][21728][gc,marking   ] GC(336) Concurrent Rebuild Remembered Sets
[2020-08-27T11:16:30.047+0000][21728][safepoint    ] Safepoint "ICBufferFull", Time since last: 95753700 ns, Reaching safepoint: 1082200 ns, At safepoint: 102000 ns, Total: 1184200 ns
[2020-08-27T11:16:30.050+0000][21728][gc,marking   ] GC(336) Concurrent Rebuild Remembered Sets 99.875ms
[2020-08-27T11:16:30.050+0000][21728][gc,start     ] GC(336) Pause Cleanup
[2020-08-27T11:16:30.051+0000][21728][gc           ] GC(336) Pause Cleanup 322M->322M(1024M) 0.479ms
[2020-08-27T11:16:30.051+0000][21728][gc,cpu       ] GC(336) User=0.00s Sys=0.00s Real=0.00s
[2020-08-27T11:16:30.051+0000][21728][safepoint    ] Safepoint "G1Concurrent", Time since last: 3143800 ns, Reaching safepoint: 316600 ns, At safepoint: 920100 ns, Total: 1236700 ns
[2020-08-27T11:16:30.051+0000][21728][gc,marking   ] GC(336) Concurrent Cleanup for Next Mark
[2020-08-27T11:16:30.053+0000][21728][gc,marking   ] GC(336) Concurrent Cleanup for Next Mark 2.072ms
[2020-08-27T11:16:30.053+0000][21728][gc           ] GC(336) Concurrent Cycle 321.314ms
[2020-08-27T11:16:30.091+0000][21728][safepoint    ] Safepoint "ICBufferFull", Time since last: 39346500 ns, Reaching safepoint: 381300 ns, At safepoint: 31800 ns, Total: 413100 ns
[2020-08-27T11:16:30.100+0000][21728][gc,start     ] GC(337) Pause Young (Concurrent Start) (G1 Humongous Allocation)
[2020-08-27T11:16:30.100+0000][21728][gc,task      ] GC(337) Using 8 workers of 8 for evacuation
[2020-08-27T11:16:30.100+0000][21728][gc,age       ] GC(337) Desired survivor size 33030144 bytes, new threshold 15 (max threshold 15)
[2020-08-27T11:16:30.104+0000][21728][gc,age       ] GC(337) Age table with threshold 15 (max threshold 15)
[2020-08-27T11:16:30.104+0000][21728][gc,age       ] GC(337) - age   1:    2452464 bytes,    2452464 total
[2020-08-27T11:16:30.104+0000][21728][gc,age       ] GC(337) - age   2:       3936 bytes,    2456400 total
[2020-08-27T11:16:30.104+0000][21728][gc,age       ] GC(337) - age   3:       1136 bytes,    2457536 total
[2020-08-27T11:16:30.104+0000][21728][gc,age       ] GC(337) - age   4:       3208 bytes,    2460744 total
[2020-08-27T11:16:30.104+0000][21728][gc,age       ] GC(337) - age   5:       2344 bytes,    2463088 total
[2020-08-27T11:16:30.104+0000][21728][gc,age       ] GC(337) - age   6:      62168 bytes,    2525256 total
[2020-08-27T11:16:30.104+0000][21728][gc,age       ] GC(337) - age   7:       1048 bytes,    2526304 total
[2020-08-27T11:16:30.105+0000][21728][gc,age       ] GC(337) - age   8:        688 bytes,    2526992 total
[2020-08-27T11:16:30.105+0000][21728][gc,age       ] GC(337) - age   9:        376 bytes,    2527368 total
[2020-08-27T11:16:30.105+0000][21728][gc,age       ] GC(337) - age  10:        768 bytes,    2528136 total
[2020-08-27T11:16:30.105+0000][21728][gc,age       ] GC(337) - age  11:      61600 bytes,    2589736 total
[2020-08-27T11:16:30.105+0000][21728][gc,age       ] GC(337) - age  12:        464 bytes,    2590200 total
[2020-08-27T11:16:30.105+0000][21728][gc,age       ] GC(337) - age  13:        576 bytes,    2590776 total
[2020-08-27T11:16:30.105+0000][21728][gc,age       ] GC(337) - age  14:        376 bytes,    2591152 total
[2020-08-27T11:16:30.105+0000][21728][gc,age       ] GC(337) - age  15:        384 bytes,    2591536 total
[2020-08-27T11:16:30.105+0000][21728][gc,phases    ] GC(337)   Pre Evacuate Collection Set: 0.6ms
[2020-08-27T11:16:30.105+0000][21728][gc,phases    ] GC(337)   Merge Heap Roots: 0.1ms
[2020-08-27T11:16:30.105+0000][21728][gc,phases    ] GC(337)   Evacuate Collection Set: 2.1ms
[2020-08-27T11:16:30.105+0000][21728][gc,phases    ] GC(337)   Post Evacuate Collection Set: 0.8ms
[2020-08-27T11:16:30.105+0000][21728][gc,phases    ] GC(337)   Other: 1.3ms
[2020-08-27T11:16:30.105+0000][21728][gc,heap      ] GC(337) Eden regions: 30->0(501)
[2020-08-27T11:16:30.105+0000][21728][gc,heap      ] GC(337) Survivor regions: 4->3(63)
[2020-08-27T11:16:30.105+0000][21728][gc,heap      ] GC(337) Old regions: 79->79
[2020-08-27T11:16:30.105+0000][21728][gc,heap      ] GC(337) Archive regions: 0->0
[2020-08-27T11:16:30.105+0000][21728][gc,heap      ] GC(337) Humongous regions: 228->174
[2020-08-27T11:16:30.105+0000][21728][gc,metaspace ] GC(337) Metaspace: 86983K(93312K)->86983K(93312K) NonClass: 75879K(79616K)->75879K(79616K) Class: 11103K(13696K)->11103K(13696K)
[2020-08-27T11:16:30.105+0000][21728][gc           ] GC(337) Pause Young (Concurrent Start) (G1 Humongous Allocation) 339M->254M(1024M) 5.253ms
[2020-08-27T11:16:30.106+0000][21728][gc,cpu       ] GC(337) User=0.00s Sys=0.00s Real=0.01s
[2020-08-27T11:16:30.106+0000][21728][gc           ] GC(338) Concurrent Cycle
[2020-08-27T11:16:30.106+0000][21728][safepoint    ] Safepoint "G1TryInitiateConcMark", Time since last: 9146200 ns, Reaching safepoint: 182800 ns, At safepoint: 5589600 ns, Total: 5772400 ns
[2020-08-27T11:16:30.106+0000][21728][gc,marking   ] GC(338) Concurrent Clear Claimed Marks
[2020-08-27T11:16:30.106+0000][21728][gc,marking   ] GC(338) Concurrent Clear Claimed Marks 0.512ms
[2020-08-27T11:16:30.106+0000][21728][gc,marking   ] GC(338) Concurrent Scan Root Regions
[2020-08-27T11:16:30.109+0000][21728][gc,marking   ] GC(338) Concurrent Scan Root Regions 2.410ms
[2020-08-27T11:16:30.109+0000][21728][gc,marking   ] GC(338) Concurrent Mark (108.065s)
[2020-08-27T11:16:30.109+0000][21728][gc,marking   ] GC(338) Concurrent Mark From Roots
[2020-08-27T11:16:30.109+0000][21728][gc,task      ] GC(338) Using 2 workers of 2 for marking
[2020-08-27T11:16:30.274+0000][21728][gc,marking   ] GC(338) Concurrent Mark From Roots 165.277ms
[2020-08-27T11:16:30.274+0000][21728][gc,marking   ] GC(338) Concurrent Preclean
[2020-08-27T11:16:30.275+0000][21728][gc,marking   ] GC(338) Concurrent Preclean 0.527ms
[2020-08-27T11:16:30.275+0000][21728][gc,marking   ] GC(338) Concurrent Mark (108.065s, 108.231s) 165.994ms
[2020-08-27T11:16:30.275+0000][21728][gc,start     ] GC(338) Pause Remark
[2020-08-27T11:16:30.281+0000][21728][gc           ] GC(338) Pause Remark 306M->306M(1024M) 6.314ms
[2020-08-27T11:16:30.282+0000][21728][gc,cpu       ] GC(338) User=0.00s Sys=0.02s Real=0.01s
[2020-08-27T11:16:30.282+0000][21728][safepoint    ] Safepoint "G1Concurrent", Time since last: 169238300 ns, Reaching safepoint: 204300 ns, At safepoint: 6546700 ns, Total: 6751000 ns
[2020-08-27T11:16:30.282+0000][21728][gc,marking   ] GC(338) Concurrent Rebuild Remembered Sets
[2020-08-27T11:16:30.386+0000][21728][gc,marking   ] GC(338) Concurrent Rebuild Remembered Sets 104.531ms
[2020-08-27T11:16:30.387+0000][21728][gc,start     ] GC(338) Pause Cleanup
[2020-08-27T11:16:30.387+0000][21728][gc           ] GC(338) Pause Cleanup 372M->372M(1024M) 0.355ms
[2020-08-27T11:16:30.387+0000][21728][gc,cpu       ] GC(338) User=0.00s Sys=0.00s Real=0.00s
[2020-08-27T11:16:30.387+0000][21728][safepoint    ] Safepoint "G1Concurrent", Time since last: 104746900 ns, Reaching safepoint: 150600 ns, At safepoint: 546700 ns, Total: 697300 ns
[2020-08-27T11:16:30.387+0000][21728][gc,marking   ] GC(338) Concurrent Cleanup for Next Mark
[2020-08-27T11:16:30.389+0000][21728][gc,marking   ] GC(338) Concurrent Cleanup for Next Mark 1.746ms
[2020-08-27T11:16:30.389+0000][21728][gc           ] GC(338) Concurrent Cycle 283.376ms
[2020-08-27T11:16:30.608+0000][21728][gc,start     ] GC(339) Pause Young (Concurrent Start) (G1 Humongous Allocation)
[2020-08-27T11:16:30.608+0000][21728][gc,task      ] GC(339) Using 8 workers of 8 for evacuation
[2020-08-27T11:16:30.608+0000][21728][gc,age       ] GC(339) Desired survivor size 33030144 bytes, new threshold 15 (max threshold 15)
[2020-08-27T11:16:30.612+0000][21728][gc,age       ] GC(339) Age table with threshold 15 (max threshold 15)
[2020-08-27T11:16:30.612+0000][21728][gc,age       ] GC(339) - age   1:    2593656 bytes,    2593656 total
[2020-08-27T11:16:30.612+0000][21728][gc,age       ] GC(339) - age   2:      54520 bytes,    2648176 total
[2020-08-27T11:16:30.612+0000][21728][gc,age       ] GC(339) - age   3:       2896 bytes,    2651072 total
[2020-08-27T11:16:30.612+0000][21728][gc,age       ] GC(339) - age   4:       1000 bytes,    2652072 total
[2020-08-27T11:16:30.612+0000][21728][gc,age       ] GC(339) - age   5:       3208 bytes,    2655280 total
[2020-08-27T11:16:30.612+0000][21728][gc,age       ] GC(339) - age   6:       1808 bytes,    2657088 total
[2020-08-27T11:16:30.612+0000][21728][gc,age       ] GC(339) - age   7:      61720 bytes,    2718808 total
[2020-08-27T11:16:30.612+0000][21728][gc,age       ] GC(339) - age   8:        824 bytes,    2719632 total
[2020-08-27T11:16:30.612+0000][21728][gc,age       ] GC(339) - age   9:        624 bytes,    2720256 total
[2020-08-27T11:16:30.612+0000][21728][gc,age       ] GC(339) - age  10:        312 bytes,    2720568 total
[2020-08-27T11:16:30.612+0000][21728][gc,age       ] GC(339) - age  11:        768 bytes,    2721336 total
[2020-08-27T11:16:30.613+0000][21728][gc,age       ] GC(339) - age  12:      61408 bytes,    2782744 total
[2020-08-27T11:16:30.613+0000][21728][gc,age       ] GC(339) - age  13:        464 bytes,    2783208 total
[2020-08-27T11:16:30.613+0000][21728][gc,age       ] GC(339) - age  14:        576 bytes,    2783784 total
[2020-08-27T11:16:30.613+0000][21728][gc,age       ] GC(339) - age  15:        376 bytes,    2784160 total
[2020-08-27T11:16:30.613+0000][21728][gc,phases    ] GC(339)   Pre Evacuate Collection Set: 0.4ms
[2020-08-27T11:16:30.613+0000][21728][gc,phases    ] GC(339)   Merge Heap Roots: 0.1ms
[2020-08-27T11:16:30.613+0000][21728][gc,phases    ] GC(339)   Evacuate Collection Set: 2.1ms
[2020-08-27T11:16:30.613+0000][21728][gc,phases    ] GC(339)   Post Evacuate Collection Set: 0.8ms
[2020-08-27T11:16:30.613+0000][21728][gc,phases    ] GC(339)   Other: 1.1ms
[2020-08-27T11:16:30.613+0000][21728][gc,heap      ] GC(339) Eden regions: 42->0(502)
[2020-08-27T11:16:30.613+0000][21728][gc,heap      ] GC(339) Survivor regions: 3->3(63)
[2020-08-27T11:16:30.613+0000][21728][gc,heap      ] GC(339) Old regions: 79->79
[2020-08-27T11:16:30.613+0000][21728][gc,heap      ] GC(339) Archive regions: 0->0
[2020-08-27T11:16:30.613+0000][21728][gc,heap      ] GC(339) Humongous regions: 264->174
[2020-08-27T11:16:30.613+0000][21728][gc,metaspace ] GC(339) Metaspace: 86996K(93312K)->86996K(93312K) NonClass: 75892K(79616K)->75892K(79616K) Class: 11103K(13696K)->11103K(13696K)
[2020-08-27T11:16:30.613+0000][21728][gc           ] GC(339) Pause Young (Concurrent Start) (G1 Humongous Allocation) 386M->255M(1024M) 4.895ms
[2020-08-27T11:16:30.613+0000][21728][gc,cpu       ] GC(339) User=0.11s Sys=0.00s Real=0.00s
[2020-08-27T11:16:30.613+0000][21728][gc           ] GC(340) Concurrent Cycle
[2020-08-27T11:16:30.613+0000][21728][safepoint    ] Safepoint "G1TryInitiateConcMark", Time since last: 221009000 ns, Reaching safepoint: 142400 ns, At safepoint: 5108500 ns, Total: 5250900 ns
[2020-08-27T11:16:30.613+0000][21728][gc,marking   ] GC(340) Concurrent Clear Claimed Marks
[2020-08-27T11:16:30.614+0000][21728][gc,marking   ] GC(340) Concurrent Clear Claimed Marks 0.722ms
[2020-08-27T11:16:30.614+0000][21728][gc,marking   ] GC(340) Concurrent Scan Root Regions
[2020-08-27T11:16:30.617+0000][21728][gc,marking   ] GC(340) Concurrent Scan Root Regions 2.401ms
[2020-08-27T11:16:30.617+0000][21728][gc,marking   ] GC(340) Concurrent Mark (108.573s)
[2020-08-27T11:16:30.617+0000][21728][gc,marking   ] GC(340) Concurrent Mark From Roots
[2020-08-27T11:16:30.617+0000][21728][gc,task      ] GC(340) Using 2 workers of 2 for marking
[2020-08-27T11:16:30.788+0000][21728][gc,marking   ] GC(340) Concurrent Mark From Roots 171.238ms
[2020-08-27T11:16:30.788+0000][21728][gc,marking   ] GC(340) Concurrent Preclean
[2020-08-27T11:16:30.789+0000][21728][gc,marking   ] GC(340) Concurrent Preclean 0.528ms
[2020-08-27T11:16:30.789+0000][21728][gc,marking   ] GC(340) Concurrent Mark (108.573s, 108.745s) 171.954ms
[2020-08-27T11:16:30.789+0000][21728][gc,start     ] GC(340) Pause Remark
[2020-08-27T11:16:30.795+0000][21728][gc           ] GC(340) Pause Remark 313M->313M(1024M) 6.267ms
[2020-08-27T11:16:30.795+0000][21728][gc,cpu       ] GC(340) User=0.00s Sys=0.00s Real=0.01s
[2020-08-27T11:16:30.795+0000][21728][safepoint    ] Safepoint "G1Concurrent", Time since last: 175401900 ns, Reaching safepoint: 163300 ns, At safepoint: 6491500 ns, Total: 6654800 ns
[2020-08-27T11:16:30.795+0000][21728][gc,marking   ] GC(340) Concurrent Rebuild Remembered Sets
[2020-08-27T11:16:30.900+0000][21728][gc,marking   ] GC(340) Concurrent Rebuild Remembered Sets 104.059ms
[2020-08-27T11:16:30.900+0000][21728][gc,start     ] GC(340) Pause Cleanup
[2020-08-27T11:16:30.900+0000][21728][gc           ] GC(340) Pause Cleanup 375M->375M(1024M) 0.338ms
[2020-08-27T11:16:30.900+0000][21728][gc,cpu       ] GC(340) User=0.00s Sys=0.00s Real=0.00s
[2020-08-27T11:16:30.903+0000][21728][safepoint    ] Safepoint "G1Concurrent", Time since last: 104232500 ns, Reaching safepoint: 264900 ns, At safepoint: 3078600 ns, Total: 3343500 ns
[2020-08-27T11:16:30.903+0000][21728][gc,marking   ] GC(340) Concurrent Cleanup for Next Mark
[2020-08-27T11:16:30.905+0000][21728][gc,marking   ] GC(340) Concurrent Cleanup for Next Mark 1.739ms
[2020-08-27T11:16:30.905+0000][21728][gc           ] GC(340) Concurrent Cycle 291.668ms
[2020-08-27T11:16:31.160+0000][21728][gc,start     ] GC(341) Pause Young (Concurrent Start) (G1 Humongous Allocation)
[2020-08-27T11:16:31.160+0000][21728][gc,task      ] GC(341) Using 8 workers of 8 for evacuation
[2020-08-27T11:16:31.160+0000][21728][gc,age       ] GC(341) Desired survivor size 33554432 bytes, new threshold 15 (max threshold 15)
[2020-08-27T11:16:31.164+0000][21728][gc,age       ] GC(341) Age table with threshold 15 (max threshold 15)
[2020-08-27T11:16:31.164+0000][21728][gc,age       ] GC(341) - age   1:    2586080 bytes,    2586080 total
[2020-08-27T11:16:31.164+0000][21728][gc,age       ] GC(341) - age   2:      17512 bytes,    2603592 total
[2020-08-27T11:16:31.164+0000][21728][gc,age       ] GC(341) - age   3:      50976 bytes,    2654568 total
[2020-08-27T11:16:31.164+0000][21728][gc,age       ] GC(341) - age   4:       1968 bytes,    2656536 total
[2020-08-27T11:16:31.164+0000][21728][gc,age       ] GC(341) - age   5:        640 bytes,    2657176 total
[2020-08-27T11:16:31.164+0000][21728][gc,age       ] GC(341) - age   6:       3056 bytes,    2660232 total
[2020-08-27T11:16:31.164+0000][21728][gc,age       ] GC(341) - age   7:       1200 bytes,    2661432 total
[2020-08-27T11:16:31.164+0000][21728][gc,age       ] GC(341) - age   8:      61488 bytes,    2722920 total
[2020-08-27T11:16:31.164+0000][21728][gc,age       ] GC(341) - age   9:        824 bytes,    2723744 total
[2020-08-27T11:16:31.164+0000][21728][gc,age       ] GC(341) - age  10:        464 bytes,    2724208 total
[2020-08-27T11:16:31.164+0000][21728][gc,age       ] GC(341) - age  11:        312 bytes,    2724520 total
[2020-08-27T11:16:31.164+0000][21728][gc,age       ] GC(341) - age  12:        704 bytes,    2725224 total
[2020-08-27T11:16:31.165+0000][21728][gc,age       ] GC(341) - age  13:      61408 bytes,    2786632 total
[2020-08-27T11:16:31.165+0000][21728][gc,age       ] GC(341) - age  14:        464 bytes,    2787096 total
[2020-08-27T11:16:31.165+0000][21728][gc,age       ] GC(341) - age  15:        576 bytes,    2787672 total
[2020-08-27T11:16:31.165+0000][21728][gc,phases    ] GC(341)   Pre Evacuate Collection Set: 0.4ms
[2020-08-27T11:16:31.165+0000][21728][gc,phases    ] GC(341)   Merge Heap Roots: 0.1ms
[2020-08-27T11:16:31.165+0000][21728][gc,phases    ] GC(341)   Evacuate Collection Set: 2.1ms
[2020-08-27T11:16:31.165+0000][21728][gc,phases    ] GC(341)   Post Evacuate Collection Set: 0.9ms
[2020-08-27T11:16:31.165+0000][21728][gc,phases    ] GC(341)   Other: 1.1ms
[2020-08-27T11:16:31.165+0000][21728][gc,heap      ] GC(341) Eden regions: 43->0(503)
[2020-08-27T11:16:31.165+0000][21728][gc,heap      ] GC(341) Survivor regions: 3->3(64)
[2020-08-27T11:16:31.165+0000][21728][gc,heap      ] GC(341) Old regions: 79->79
[2020-08-27T11:16:31.165+0000][21728][gc,heap      ] GC(341) Archive regions: 0->0
[2020-08-27T11:16:31.165+0000][21728][gc,heap      ] GC(341) Humongous regions: 270->174
[2020-08-27T11:16:31.165+0000][21728][gc,metaspace ] GC(341) Metaspace: 87021K(93312K)->87021K(93312K) NonClass: 75917K(79616K)->75917K(79616K) Class: 11103K(13696K)->11103K(13696K)
[2020-08-27T11:16:31.165+0000][21728][gc           ] GC(341) Pause Young (Concurrent Start) (G1 Humongous Allocation) 393M->255M(1024M) 5.228ms
[2020-08-27T11:16:31.165+0000][21728][gc,cpu       ] GC(341) User=0.00s Sys=0.00s Real=0.00s
[2020-08-27T11:16:31.166+0000][21728][gc           ] GC(342) Concurrent Cycle
[2020-08-27T11:16:31.166+0000][21728][safepoint    ] Safepoint "G1TryInitiateConcMark", Time since last: 256985100 ns, Reaching safepoint: 163300 ns, At safepoint: 5536400 ns, Total: 5699700 ns
[2020-08-27T11:16:31.166+0000][21728][gc,marking   ] GC(342) Concurrent Clear Claimed Marks
[2020-08-27T11:16:31.166+0000][21728][gc,marking   ] GC(342) Concurrent Clear Claimed Marks 0.421ms
[2020-08-27T11:16:31.166+0000][21728][gc,marking   ] GC(342) Concurrent Scan Root Regions
[2020-08-27T11:16:31.169+0000][21728][gc,marking   ] GC(342) Concurrent Scan Root Regions 2.595ms
[2020-08-27T11:16:31.169+0000][21728][gc,marking   ] GC(342) Concurrent Mark (109.125s)
[2020-08-27T11:16:31.169+0000][21728][gc,marking   ] GC(342) Concurrent Mark From Roots
[2020-08-27T11:16:31.169+0000][21728][gc,task      ] GC(342) Using 2 workers of 2 for marking
[2020-08-27T11:16:31.364+0000][21728][gc,marking   ] GC(342) Concurrent Mark From Roots 194.554ms
[2020-08-27T11:16:31.364+0000][21728][gc,marking   ] GC(342) Concurrent Preclean
[2020-08-27T11:16:31.364+0000][21728][gc,marking   ] GC(342) Concurrent Preclean 0.565ms
[2020-08-27T11:16:31.364+0000][21728][gc,marking   ] GC(342) Concurrent Mark (109.125s, 109.321s) 195.348ms
[2020-08-27T11:16:31.365+0000][21728][gc,start     ] GC(342) Pause Remark
[2020-08-27T11:16:31.372+0000][21728][gc           ] GC(342) Pause Remark 312M->312M(1024M) 6.923ms
[2020-08-27T11:16:31.372+0000][21728][gc,cpu       ] GC(342) User=0.00s Sys=0.00s Real=0.01s
[2020-08-27T11:16:31.372+0000][21728][safepoint    ] Safepoint "G1Concurrent", Time since last: 198748700 ns, Reaching safepoint: 179100 ns, At safepoint: 7331800 ns, Total: 7510900 ns
[2020-08-27T11:16:31.372+0000][21728][gc,marking   ] GC(342) Concurrent Rebuild Remembered Sets
[2020-08-27T11:16:31.487+0000][21728][gc,marking   ] GC(342) Concurrent Rebuild Remembered Sets 115.324ms
[2020-08-27T11:16:31.488+0000][21728][gc,start     ] GC(342) Pause Cleanup
[2020-08-27T11:16:31.488+0000][21728][gc           ] GC(342) Pause Cleanup 313M->313M(1024M) 0.403ms
[2020-08-27T11:16:31.488+0000][21728][gc,cpu       ] GC(342) User=0.00s Sys=0.00s Real=0.00s
[2020-08-27T11:16:31.488+0000][21728][safepoint    ] Safepoint "G1Concurrent", Time since last: 115531800 ns, Reaching safepoint: 177200 ns, At safepoint: 588400 ns, Total: 765600 ns
[2020-08-27T11:16:31.488+0000][21728][gc,marking   ] GC(342) Concurrent Cleanup for Next Mark
[2020-08-27T11:16:31.490+0000][21728][gc,marking   ] GC(342) Concurrent Cleanup for Next Mark 1.765ms
[2020-08-27T11:16:31.490+0000][21728][gc           ] GC(342) Concurrent Cycle 324.551ms
[2020-08-27T11:16:32.103+0000][21728][gc,start     ] GC(343) Pause Young (Concurrent Start) (G1 Humongous Allocation)
[2020-08-27T11:16:32.103+0000][21728][gc,task      ] GC(343) Using 8 workers of 8 for evacuation
[2020-08-27T11:16:32.103+0000][21728][gc,age       ] GC(343) Desired survivor size 33554432 bytes, new threshold 15 (max threshold 15)
[2020-08-27T11:16:32.107+0000][21728][gc,age       ] GC(343) Age table with threshold 15 (max threshold 15)
[2020-08-27T11:16:32.107+0000][21728][gc,age       ] GC(343) - age   1:    2811152 bytes,    2811152 total
[2020-08-27T11:16:32.107+0000][21728][gc,age       ] GC(343) - age   2:      16656 bytes,    2827808 total
[2020-08-27T11:16:32.107+0000][21728][gc,age       ] GC(343) - age   3:      16840 bytes,    2844648 total
[2020-08-27T11:16:32.107+0000][21728][gc,age       ] GC(343) - age   4:      48400 bytes,    2893048 total
[2020-08-27T11:16:32.107+0000][21728][gc,age       ] GC(343) - age   5:       1968 bytes,    2895016 total
[2020-08-27T11:16:32.107+0000][21728][gc,age       ] GC(343) - age   6:        224 bytes,    2895240 total
[2020-08-27T11:16:32.107+0000][21728][gc,age       ] GC(343) - age   7:       2928 bytes,    2898168 total
[2020-08-27T11:16:32.107+0000][21728][gc,age       ] GC(343) - age   8:       1088 bytes,    2899256 total
[2020-08-27T11:16:32.107+0000][21728][gc,age       ] GC(343) - age   9:      61488 bytes,    2960744 total
[2020-08-27T11:16:32.107+0000][21728][gc,age       ] GC(343) - age  10:        824 bytes,    2961568 total
[2020-08-27T11:16:32.107+0000][21728][gc,age       ] GC(343) - age  11:        432 bytes,    2962000 total
[2020-08-27T11:16:32.107+0000][21728][gc,age       ] GC(343) - age  12:        312 bytes,    2962312 total
[2020-08-27T11:16:32.107+0000][21728][gc,age       ] GC(343) - age  13:        704 bytes,    2963016 total
[2020-08-27T11:16:32.107+0000][21728][gc,age       ] GC(343) - age  14:      61408 bytes,    3024424 total
[2020-08-27T11:16:32.107+0000][21728][gc,age       ] GC(343) - age  15:        464 bytes,    3024888 total
[2020-08-27T11:16:32.108+0000][21728][gc,phases    ] GC(343)   Pre Evacuate Collection Set: 0.5ms
[2020-08-27T11:16:32.108+0000][21728][gc,phases    ] GC(343)   Merge Heap Roots: 0.1ms
[2020-08-27T11:16:32.108+0000][21728][gc,phases    ] GC(343)   Evacuate Collection Set: 2.0ms
[2020-08-27T11:16:32.108+0000][21728][gc,phases    ] GC(343)   Post Evacuate Collection Set: 0.7ms
[2020-08-27T11:16:32.108+0000][21728][gc,phases    ] GC(343)   Other: 1.4ms
[2020-08-27T11:16:32.108+0000][21728][gc,heap      ] GC(343) Eden regions: 21->0(501)
[2020-08-27T11:16:32.108+0000][21728][gc,heap      ] GC(343) Survivor regions: 3->4(64)
[2020-08-27T11:16:32.108+0000][21728][gc,heap      ] GC(343) Old regions: 79->79
[2020-08-27T11:16:32.108+0000][21728][gc,heap      ] GC(343) Archive regions: 0->0
[2020-08-27T11:16:32.108+0000][21728][gc,heap      ] GC(343) Humongous regions: 228->174
[2020-08-27T11:16:32.108+0000][21728][gc,metaspace ] GC(343) Metaspace: 87037K(93312K)->87037K(93312K) NonClass: 75933K(79616K)->75933K(79616K) Class: 11103K(13696K)->11103K(13696K)
[2020-08-27T11:16:32.108+0000][21728][gc           ] GC(343) Pause Young (Concurrent Start) (G1 Humongous Allocation) 330M->255M(1024M) 5.070ms
[2020-08-27T11:16:32.108+0000][21728][gc,cpu       ] GC(343) User=0.00s Sys=0.00s Real=0.01s
[2020-08-27T11:16:32.108+0000][21728][gc           ] GC(344) Concurrent Cycle
[2020-08-27T11:16:32.108+0000][21728][safepoint    ] Safepoint "G1TryInitiateConcMark", Time since last: 613968100 ns, Reaching safepoint: 208600 ns, At safepoint: 5320800 ns, Total: 5529400 ns
[2020-08-27T11:16:32.108+0000][21728][gc,marking   ] GC(344) Concurrent Clear Claimed Marks
[2020-08-27T11:16:32.109+0000][21728][gc,marking   ] GC(344) Concurrent Clear Claimed Marks 0.404ms
[2020-08-27T11:16:32.109+0000][21728][gc,marking   ] GC(344) Concurrent Scan Root Regions
[2020-08-27T11:16:32.111+0000][21728][gc,marking   ] GC(344) Concurrent Scan Root Regions 2.170ms
[2020-08-27T11:16:32.111+0000][21728][gc,marking   ] GC(344) Concurrent Mark (110.067s)
[2020-08-27T11:16:32.111+0000][21728][gc,marking   ] GC(344) Concurrent Mark From Roots
[2020-08-27T11:16:32.111+0000][21728][gc,task      ] GC(344) Using 2 workers of 2 for marking
[2020-08-27T11:16:32.288+0000][21728][gc,marking   ] GC(344) Concurrent Mark From Roots 176.699ms
[2020-08-27T11:16:32.288+0000][21728][gc,marking   ] GC(344) Concurrent Preclean
[2020-08-27T11:16:32.288+0000][21728][gc,marking   ] GC(344) Concurrent Preclean 0.569ms
[2020-08-27T11:16:32.288+0000][21728][gc,marking   ] GC(344) Concurrent Mark (110.067s, 110.244s) 177.458ms
[2020-08-27T11:16:32.289+0000][21728][gc,start     ] GC(344) Pause Remark
[2020-08-27T11:16:32.295+0000][21728][gc           ] GC(344) Pause Remark 307M->307M(1024M) 5.933ms
[2020-08-27T11:16:32.295+0000][21728][gc,cpu       ] GC(344) User=0.00s Sys=0.00s Real=0.01s
[2020-08-27T11:16:32.295+0000][21728][safepoint    ] Safepoint "G1Concurrent", Time since last: 180361600 ns, Reaching safepoint: 191700 ns, At safepoint: 6136800 ns, Total: 6328500 ns
[2020-08-27T11:16:32.295+0000][21728][gc,marking   ] GC(344) Concurrent Rebuild Remembered Sets
[2020-08-27T11:16:32.402+0000][21728][gc,marking   ] GC(344) Concurrent Rebuild Remembered Sets 106.912ms
[2020-08-27T11:16:32.402+0000][21728][gc,start     ] GC(344) Pause Cleanup
[2020-08-27T11:16:32.403+0000][21728][gc           ] GC(344) Pause Cleanup 308M->308M(1024M) 0.397ms
[2020-08-27T11:16:32.403+0000][21728][gc,cpu       ] GC(344) User=0.00s Sys=0.00s Real=0.00s
[2020-08-27T11:16:32.403+0000][21728][safepoint    ] Safepoint "G1Concurrent", Time since last: 107122700 ns, Reaching safepoint: 354000 ns, At safepoint: 711500 ns, Total: 1065500 ns
[2020-08-27T11:16:32.403+0000][21728][gc,marking   ] GC(344) Concurrent Cleanup for Next Mark
[2020-08-27T11:16:32.405+0000][21728][gc,marking   ] GC(344) Concurrent Cleanup for Next Mark 1.590ms
[2020-08-27T11:16:32.405+0000][21728][gc           ] GC(344) Concurrent Cycle 296.671ms
[2020-08-27T11:16:32.633+0000][21728][gc,start     ] GC(345) Pause Young (Concurrent Start) (G1 Humongous Allocation)
[2020-08-27T11:16:32.633+0000][21728][gc,task      ] GC(345) Using 8 workers of 8 for evacuation
[2020-08-27T11:16:32.633+0000][21728][gc,age       ] GC(345) Desired survivor size 33554432 bytes, new threshold 15 (max threshold 15)
[2020-08-27T11:16:32.639+0000][21728][gc,age       ] GC(345) Age table with threshold 15 (max threshold 15)
[2020-08-27T11:16:32.639+0000][21728][gc,age       ] GC(345) - age   1:    4736376 bytes,    4736376 total
[2020-08-27T11:16:32.639+0000][21728][gc,age       ] GC(345) - age   2:       2664 bytes,    4739040 total
[2020-08-27T11:16:32.639+0000][21728][gc,age       ] GC(345) - age   3:      15280 bytes,    4754320 total
[2020-08-27T11:16:32.639+0000][21728][gc,age       ] GC(345) - age   4:      15960 bytes,    4770280 total
[2020-08-27T11:16:32.639+0000][21728][gc,age       ] GC(345) - age   5:      47864 bytes,    4818144 total
[2020-08-27T11:16:32.639+0000][21728][gc,age       ] GC(345) - age   6:       1480 bytes,    4819624 total
[2020-08-27T11:16:32.639+0000][21728][gc,age       ] GC(345) - age   7:        160 bytes,    4819784 total
[2020-08-27T11:16:32.639+0000][21728][gc,age       ] GC(345) - age   8:       2896 bytes,    4822680 total
[2020-08-27T11:16:32.639+0000][21728][gc,age       ] GC(345) - age   9:       1088 bytes,    4823768 total
[2020-08-27T11:16:32.639+0000][21728][gc,age       ] GC(345) - age  10:      61488 bytes,    4885256 total
[2020-08-27T11:16:32.639+0000][21728][gc,age       ] GC(345) - age  11:        824 bytes,    4886080 total
[2020-08-27T11:16:32.639+0000][21728][gc,age       ] GC(345) - age  12:        432 bytes,    4886512 total
[2020-08-27T11:16:32.639+0000][21728][gc,age       ] GC(345) - age  13:        312 bytes,    4886824 total
[2020-08-27T11:16:32.639+0000][21728][gc,age       ] GC(345) - age  14:        704 bytes,    4887528 total
[2020-08-27T11:16:32.639+0000][21728][gc,age       ] GC(345) - age  15:      61408 bytes,    4948936 total
[2020-08-27T11:16:32.640+0000][21728][gc,phases    ] GC(345)   Pre Evacuate Collection Set: 1.9ms
[2020-08-27T11:16:32.640+0000][21728][gc,phases    ] GC(345)   Merge Heap Roots: 0.3ms
[2020-08-27T11:16:32.640+0000][21728][gc,phases    ] GC(345)   Evacuate Collection Set: 2.4ms
[2020-08-27T11:16:32.640+0000][21728][gc,phases    ] GC(345)   Post Evacuate Collection Set: 0.8ms
[2020-08-27T11:16:32.640+0000][21728][gc,phases    ] GC(345)   Other: 1.4ms
[2020-08-27T11:16:32.640+0000][21728][gc,heap      ] GC(345) Eden regions: 28->0(498)
[2020-08-27T11:16:32.640+0000][21728][gc,heap      ] GC(345) Survivor regions: 4->5(64)
[2020-08-27T11:16:32.640+0000][21728][gc,heap      ] GC(345) Old regions: 79->79
[2020-08-27T11:16:32.640+0000][21728][gc,heap      ] GC(345) Archive regions: 0->0
[2020-08-27T11:16:32.640+0000][21728][gc,heap      ] GC(345) Humongous regions: 228->174
[2020-08-27T11:16:32.640+0000][21728][gc,metaspace ] GC(345) Metaspace: 87051K(93312K)->87051K(93312K) NonClass: 75948K(79616K)->75948K(79616K) Class: 11103K(13696K)->11103K(13696K)
[2020-08-27T11:16:32.640+0000][21728][gc           ] GC(345) Pause Young (Concurrent Start) (G1 Humongous Allocation) 337M->257M(1024M) 7.178ms
[2020-08-27T11:16:32.640+0000][21728][gc,cpu       ] GC(345) User=0.00s Sys=0.00s Real=0.01s
[2020-08-27T11:16:32.640+0000][21728][gc           ] GC(346) Concurrent Cycle
[2020-08-27T11:16:32.640+0000][21728][safepoint    ] Safepoint "G1TryInitiateConcMark", Time since last: 229660200 ns, Reaching safepoint: 300500 ns, At safepoint: 7429500 ns, Total: 7730000 ns
[2020-08-27T11:16:32.640+0000][21728][gc,marking   ] GC(346) Concurrent Clear Claimed Marks
[2020-08-27T11:16:32.641+0000][21728][safepoint    ] Safepoint "G1TryInitiateConcMark", Time since last: 256200 ns, Reaching safepoint: 177500 ns, At safepoint: 31800 ns, Total: 209300 ns
[2020-08-27T11:16:32.641+0000][21728][gc,marking   ] GC(346) Concurrent Clear Claimed Marks 0.498ms
[2020-08-27T11:16:32.641+0000][21728][gc,marking   ] GC(346) Concurrent Scan Root Regions
[2020-08-27T11:16:32.644+0000][21728][gc,marking   ] GC(346) Concurrent Scan Root Regions 2.808ms
[2020-08-27T11:16:32.644+0000][21728][gc,marking   ] GC(346) Concurrent Mark (110.600s)
[2020-08-27T11:16:32.644+0000][21728][gc,marking   ] GC(346) Concurrent Mark From Roots
[2020-08-27T11:16:32.644+0000][21728][gc,task      ] GC(346) Using 2 workers of 2 for marking
[2020-08-27T11:16:32.834+0000][21728][gc,marking   ] GC(346) Concurrent Mark From Roots 189.433ms
[2020-08-27T11:16:32.834+0000][21728][gc,marking   ] GC(346) Concurrent Preclean
[2020-08-27T11:16:32.835+0000][21728][gc,marking   ] GC(346) Concurrent Preclean 1.127ms
[2020-08-27T11:16:32.835+0000][21728][gc,marking   ] GC(346) Concurrent Mark (110.600s, 110.791s) 190.982ms
[2020-08-27T11:16:32.836+0000][21728][gc,start     ] GC(346) Pause Remark
[2020-08-27T11:16:32.843+0000][21728][gc           ] GC(346) Pause Remark 359M->359M(1024M) 6.342ms
[2020-08-27T11:16:32.843+0000][21728][gc,cpu       ] GC(346) User=0.00s Sys=0.00s Real=0.01s
[2020-08-27T11:16:32.843+0000][21728][safepoint    ] Safepoint "G1Concurrent", Time since last: 194284400 ns, Reaching safepoint: 961100 ns, At safepoint: 6550700 ns, Total: 7511800 ns
[2020-08-27T11:16:32.843+0000][21728][gc,marking   ] GC(346) Concurrent Rebuild Remembered Sets
[2020-08-27T11:16:32.956+0000][21728][gc,marking   ] GC(346) Concurrent Rebuild Remembered Sets 112.967ms
[2020-08-27T11:16:32.956+0000][21728][gc,start     ] GC(346) Pause Cleanup
[2020-08-27T11:16:32.957+0000][21728][gc           ] GC(346) Pause Cleanup 362M->362M(1024M) 0.394ms
[2020-08-27T11:16:32.957+0000][21728][gc,cpu       ] GC(346) User=0.00s Sys=0.00s Real=0.00s
[2020-08-27T11:16:32.957+0000][21728][safepoint    ] Safepoint "G1Concurrent", Time since last: 113155700 ns, Reaching safepoint: 172400 ns, At safepoint: 599200 ns, Total: 771600 ns
[2020-08-27T11:16:32.957+0000][21728][gc,marking   ] GC(346) Concurrent Cleanup for Next Mark
[2020-08-27T11:16:32.959+0000][21728][gc,marking   ] GC(346) Concurrent Cleanup for Next Mark 1.917ms
[2020-08-27T11:16:32.959+0000][21728][gc           ] GC(346) Concurrent Cycle 318.344ms
[2020-08-27T11:16:33.035+0000][21728][gc,start     ] GC(347) Pause Young (Concurrent Start) (G1 Humongous Allocation)
[2020-08-27T11:16:33.035+0000][21728][gc,task      ] GC(347) Using 8 workers of 8 for evacuation
[2020-08-27T11:16:33.035+0000][21728][gc,age       ] GC(347) Desired survivor size 33030144 bytes, new threshold 15 (max threshold 15)
[2020-08-27T11:16:33.039+0000][21728][gc,age       ] GC(347) Age table with threshold 15 (max threshold 15)
[2020-08-27T11:16:33.039+0000][21728][gc,age       ] GC(347) - age   1:    5081824 bytes,    5081824 total
[2020-08-27T11:16:33.039+0000][21728][gc,age       ] GC(347) - age   2:       4688 bytes,    5086512 total
[2020-08-27T11:16:33.039+0000][21728][gc,age       ] GC(347) - age   3:       1280 bytes,    5087792 total
[2020-08-27T11:16:33.039+0000][21728][gc,age       ] GC(347) - age   4:      11880 bytes,    5099672 total
[2020-08-27T11:16:33.039+0000][21728][gc,age       ] GC(347) - age   5:      15680 bytes,    5115352 total
[2020-08-27T11:16:33.039+0000][21728][gc,age       ] GC(347) - age   6:      45232 bytes,    5160584 total
[2020-08-27T11:16:33.039+0000][21728][gc,age       ] GC(347) - age   7:       1424 bytes,    5162008 total
[2020-08-27T11:16:33.039+0000][21728][gc,age       ] GC(347) - age   8:        128 bytes,    5162136 total
[2020-08-27T11:16:33.039+0000][21728][gc,age       ] GC(347) - age   9:       2896 bytes,    5165032 total
[2020-08-27T11:16:33.040+0000][21728][gc,age       ] GC(347) - age  10:        896 bytes,    5165928 total
[2020-08-27T11:16:33.040+0000][21728][gc,age       ] GC(347) - age  11:      61488 bytes,    5227416 total
[2020-08-27T11:16:33.040+0000][21728][gc,age       ] GC(347) - age  12:        824 bytes,    5228240 total
[2020-08-27T11:16:33.040+0000][21728][gc,age       ] GC(347) - age  13:        432 bytes,    5228672 total
[2020-08-27T11:16:33.040+0000][21728][gc,age       ] GC(347) - age  14:        248 bytes,    5228920 total
[2020-08-27T11:16:33.040+0000][21728][gc,age       ] GC(347) - age  15:        704 bytes,    5229624 total
[2020-08-27T11:16:33.040+0000][21728][gc,phases    ] GC(347)   Pre Evacuate Collection Set: 0.5ms
[2020-08-27T11:16:33.040+0000][21728][gc,phases    ] GC(347)   Merge Heap Roots: 0.2ms
[2020-08-27T11:16:33.040+0000][21728][gc,phases    ] GC(347)   Evacuate Collection Set: 2.4ms
[2020-08-27T11:16:33.040+0000][21728][gc,phases    ] GC(347)   Post Evacuate Collection Set: 0.9ms
[2020-08-27T11:16:33.040+0000][21728][gc,phases    ] GC(347)   Other: 1.2ms
[2020-08-27T11:16:33.040+0000][21728][gc,heap      ] GC(347) Eden regions: 41->0(496)
[2020-08-27T11:16:33.040+0000][21728][gc,heap      ] GC(347) Survivor regions: 5->6(63)
[2020-08-27T11:16:33.040+0000][21728][gc,heap      ] GC(347) Old regions: 79->79
[2020-08-27T11:16:33.040+0000][21728][gc,heap      ] GC(347) Archive regions: 0->0
[2020-08-27T11:16:33.040+0000][21728][gc,heap      ] GC(347) Humongous regions: 258->174
[2020-08-27T11:16:33.040+0000][21728][gc,metaspace ] GC(347) Metaspace: 87055K(93312K)->87055K(93312K) NonClass: 75951K(79616K)->75951K(79616K) Class: 11103K(13696K)->11103K(13696K)
[2020-08-27T11:16:33.040+0000][21728][gc           ] GC(347) Pause Young (Concurrent Start) (G1 Humongous Allocation) 381M->257M(1024M) 5.642ms
[2020-08-27T11:16:33.040+0000][21728][gc,cpu       ] GC(347) User=0.00s Sys=0.00s Real=0.00s
[2020-08-27T11:16:33.040+0000][21728][gc           ] GC(348) Concurrent Cycle
[2020-08-27T11:16:33.040+0000][21728][gc,marking   ] GC(348) Concurrent Clear Claimed Marks
[2020-08-27T11:16:33.041+0000][21728][safepoint    ] Safepoint "G1TryInitiateConcMark", Time since last: 77582000 ns, Reaching safepoint: 176000 ns, At safepoint: 6011100 ns, Total: 6187100 ns
[2020-08-27T11:16:33.041+0000][21728][gc,marking   ] GC(348) Concurrent Clear Claimed Marks 0.588ms
[2020-08-27T11:16:33.041+0000][21728][gc,marking   ] GC(348) Concurrent Scan Root Regions
[2020-08-27T11:16:33.045+0000][21728][gc,marking   ] GC(348) Concurrent Scan Root Regions 3.391ms
[2020-08-27T11:16:33.045+0000][21728][gc,marking   ] GC(348) Concurrent Mark (111.001s)
[2020-08-27T11:16:33.045+0000][21728][gc,marking   ] GC(348) Concurrent Mark From Roots
[2020-08-27T11:16:33.045+0000][21728][gc,task      ] GC(348) Using 2 workers of 2 for marking
[2020-08-27T11:16:33.225+0000][21728][gc,marking   ] GC(348) Concurrent Mark From Roots 180.196ms
[2020-08-27T11:16:33.225+0000][21728][gc,marking   ] GC(348) Concurrent Preclean
[2020-08-27T11:16:33.226+0000][21728][gc,marking   ] GC(348) Concurrent Preclean 0.583ms
[2020-08-27T11:16:33.226+0000][21728][gc,marking   ] GC(348) Concurrent Mark (111.001s, 111.182s) 180.980ms
[2020-08-27T11:16:33.226+0000][21728][gc,start     ] GC(348) Pause Remark
[2020-08-27T11:16:33.233+0000][21728][gc           ] GC(348) Pause Remark 375M->375M(1024M) 6.893ms
[2020-08-27T11:16:33.233+0000][21728][gc,cpu       ] GC(348) User=0.00s Sys=0.00s Real=0.01s
[2020-08-27T11:16:33.233+0000][21728][safepoint    ] Safepoint "G1Concurrent", Time since last: 185303600 ns, Reaching safepoint: 172300 ns, At safepoint: 7166000 ns, Total: 7338300 ns
[2020-08-27T11:16:33.233+0000][21728][gc,marking   ] GC(348) Concurrent Rebuild Remembered Sets
[2020-08-27T11:16:33.341+0000][21728][gc,marking   ] GC(348) Concurrent Rebuild Remembered Sets 108.089ms
[2020-08-27T11:16:33.342+0000][21728][gc,start     ] GC(348) Pause Cleanup
[2020-08-27T11:16:33.342+0000][21728][gc           ] GC(348) Pause Cleanup 507M->507M(1024M) 0.367ms
[2020-08-27T11:16:33.342+0000][21728][gc,cpu       ] GC(348) User=0.00s Sys=0.00s Real=0.00s
[2020-08-27T11:16:33.342+0000][21728][safepoint    ] Safepoint "G1Concurrent", Time since last: 108319000 ns, Reaching safepoint: 188900 ns, At safepoint: 659200 ns, Total: 848100 ns
[2020-08-27T11:16:33.342+0000][21728][gc,marking   ] GC(348) Concurrent Cleanup for Next Mark
[2020-08-27T11:16:33.344+0000][21728][gc,marking   ] GC(348) Concurrent Cleanup for Next Mark 2.022ms
[2020-08-27T11:16:33.345+0000][21728][gc           ] GC(348) Concurrent Cycle 304.275ms
[2020-08-27T11:16:33.580+0000][21728][gc,start     ] GC(349) Pause Young (Concurrent Start) (G1 Humongous Allocation)
[2020-08-27T11:16:33.580+0000][21728][gc,task      ] GC(349) Using 8 workers of 8 for evacuation
[2020-08-27T11:16:33.580+0000][21728][gc,age       ] GC(349) Desired survivor size 33030144 bytes, new threshold 15 (max threshold 15)
[2020-08-27T11:16:33.584+0000][21728][gc,age       ] GC(349) Age table with threshold 15 (max threshold 15)
[2020-08-27T11:16:33.584+0000][21728][gc,age       ] GC(349) - age   1:    2586432 bytes,    2586432 total
[2020-08-27T11:16:33.584+0000][21728][gc,age       ] GC(349) - age   2:       1520 bytes,    2587952 total
[2020-08-27T11:16:33.585+0000][21728][gc,age       ] GC(349) - age   3:       3176 bytes,    2591128 total
[2020-08-27T11:16:33.585+0000][21728][gc,age       ] GC(349) - age   4:       1080 bytes,    2592208 total
[2020-08-27T11:16:33.585+0000][21728][gc,age       ] GC(349) - age   5:      11632 bytes,    2603840 total
[2020-08-27T11:16:33.585+0000][21728][gc,age       ] GC(349) - age   6:      15552 bytes,    2619392 total
[2020-08-27T11:16:33.585+0000][21728][gc,age       ] GC(349) - age   7:      45152 bytes,    2664544 total
[2020-08-27T11:16:33.585+0000][21728][gc,age       ] GC(349) - age   8:       1424 bytes,    2665968 total
[2020-08-27T11:16:33.585+0000][21728][gc,age       ] GC(349) - age   9:        128 bytes,    2666096 total
[2020-08-27T11:16:33.585+0000][21728][gc,age       ] GC(349) - age  10:       2896 bytes,    2668992 total
[2020-08-27T11:16:33.585+0000][21728][gc,age       ] GC(349) - age  11:        800 bytes,    2669792 total
[2020-08-27T11:16:33.585+0000][21728][gc,age       ] GC(349) - age  12:      61488 bytes,    2731280 total
[2020-08-27T11:16:33.585+0000][21728][gc,age       ] GC(349) - age  13:        824 bytes,    2732104 total
[2020-08-27T11:16:33.585+0000][21728][gc,age       ] GC(349) - age  14:        432 bytes,    2732536 total
[2020-08-27T11:16:33.585+0000][21728][gc,age       ] GC(349) - age  15:        248 bytes,    2732784 total
[2020-08-27T11:16:33.585+0000][21728][gc,phases    ] GC(349)   Pre Evacuate Collection Set: 0.5ms
[2020-08-27T11:16:33.585+0000][21728][gc,phases    ] GC(349)   Merge Heap Roots: 0.1ms
[2020-08-27T11:16:33.585+0000][21728][gc,phases    ] GC(349)   Evacuate Collection Set: 2.2ms
[2020-08-27T11:16:33.585+0000][21728][gc,phases    ] GC(349)   Post Evacuate Collection Set: 1.0ms
[2020-08-27T11:16:33.585+0000][21728][gc,phases    ] GC(349)   Other: 1.2ms
[2020-08-27T11:16:33.585+0000][21728][gc,heap      ] GC(349) Eden regions: 75->0(500)
[2020-08-27T11:16:33.585+0000][21728][gc,heap      ] GC(349) Survivor regions: 6->3(63)
[2020-08-27T11:16:33.585+0000][21728][gc,heap      ] GC(349) Old regions: 79->79
[2020-08-27T11:16:33.585+0000][21728][gc,heap      ] GC(349) Archive regions: 0->0
[2020-08-27T11:16:33.585+0000][21728][gc,heap      ] GC(349) Humongous regions: 366->174
[2020-08-27T11:16:33.585+0000][21728][gc,metaspace ] GC(349) Metaspace: 87066K(93312K)->87066K(93312K) NonClass: 75962K(79616K)->75962K(79616K) Class: 11103K(13696K)->11103K(13696K)
[2020-08-27T11:16:33.586+0000][21728][gc           ] GC(349) Pause Young (Concurrent Start) (G1 Humongous Allocation) 524M->255M(1024M) 5.524ms
[2020-08-27T11:16:33.586+0000][21728][gc,cpu       ] GC(349) User=0.00s Sys=0.00s Real=0.01s
[2020-08-27T11:16:33.586+0000][21728][gc           ] GC(350) Concurrent Cycle
[2020-08-27T11:16:33.586+0000][21728][safepoint    ] Safepoint "G1TryInitiateConcMark", Time since last: 237522800 ns, Reaching safepoint: 187200 ns, At safepoint: 5723900 ns, Total: 5911100 ns
[2020-08-27T11:16:33.586+0000][21728][gc,marking   ] GC(350) Concurrent Clear Claimed Marks
[2020-08-27T11:16:33.586+0000][21728][gc,marking   ] GC(350) Concurrent Clear Claimed Marks 0.531ms
[2020-08-27T11:16:33.586+0000][21728][gc,marking   ] GC(350) Concurrent Scan Root Regions
[2020-08-27T11:16:33.589+0000][21728][gc,marking   ] GC(350) Concurrent Scan Root Regions 2.129ms
[2020-08-27T11:16:33.589+0000][21728][gc,marking   ] GC(350) Concurrent Mark (111.544s)
[2020-08-27T11:16:33.589+0000][21728][gc,marking   ] GC(350) Concurrent Mark From Roots
[2020-08-27T11:16:33.589+0000][21728][gc,task      ] GC(350) Using 2 workers of 2 for marking
[2020-08-27T11:16:33.756+0000][21728][gc,marking   ] GC(350) Concurrent Mark From Roots 167.043ms
[2020-08-27T11:16:33.756+0000][21728][gc,marking   ] GC(350) Concurrent Preclean
[2020-08-27T11:16:33.756+0000][21728][gc,marking   ] GC(350) Concurrent Preclean 0.589ms
[2020-08-27T11:16:33.757+0000][21728][gc,marking   ] GC(350) Concurrent Mark (111.544s, 111.712s) 167.907ms
[2020-08-27T11:16:33.778+0000][21728][gc,start     ] GC(350) Pause Remark
[2020-08-27T11:16:33.786+0000][21728][gc           ] GC(350) Pause Remark 312M->312M(1024M) 7.993ms
[2020-08-27T11:16:33.786+0000][21728][gc,cpu       ] GC(350) User=0.09s Sys=0.00s Real=0.01s
[2020-08-27T11:16:33.786+0000][21728][safepoint    ] Safepoint "G1Concurrent", Time since last: 170949900 ns, Reaching safepoint: 21004400 ns, At safepoint: 8271100 ns, Total: 29275500 ns
[2020-08-27T11:16:33.786+0000][21728][gc,marking   ] GC(350) Concurrent Rebuild Remembered Sets
[2020-08-27T11:16:33.896+0000][21728][gc,marking   ] GC(350) Concurrent Rebuild Remembered Sets 109.943ms
[2020-08-27T11:16:33.896+0000][21728][gc,start     ] GC(350) Pause Cleanup
[2020-08-27T11:16:33.897+0000][21728][gc           ] GC(350) Pause Cleanup 313M->313M(1024M) 0.401ms
[2020-08-27T11:16:33.897+0000][21728][gc,cpu       ] GC(350) User=0.00s Sys=0.00s Real=0.00s
[2020-08-27T11:16:33.897+0000][21728][safepoint    ] Safepoint "G1Concurrent", Time since last: 110173300 ns, Reaching safepoint: 175600 ns, At safepoint: 617000 ns, Total: 792600 ns
[2020-08-27T11:16:33.897+0000][21728][gc,marking   ] GC(350) Concurrent Cleanup for Next Mark
[2020-08-27T11:16:33.899+0000][21728][gc,marking   ] GC(350) Concurrent Cleanup for Next Mark 2.181ms
[2020-08-27T11:16:33.899+0000][21728][gc           ] GC(350) Concurrent Cycle 313.636ms
[2020-08-27T11:16:34.061+0000][21728][gc,start     ] GC(351) Pause Young (Concurrent Start) (G1 Humongous Allocation)
[2020-08-27T11:16:34.061+0000][21728][gc,task      ] GC(351) Using 8 workers of 8 for evacuation
[2020-08-27T11:16:34.061+0000][21728][gc,age       ] GC(351) Desired survivor size 33030144 bytes, new threshold 15 (max threshold 15)
[2020-08-27T11:16:34.065+0000][21728][gc,age       ] GC(351) Age table with threshold 15 (max threshold 15)
[2020-08-27T11:16:34.065+0000][21728][gc,age       ] GC(351) - age   1:    2808840 bytes,    2808840 total
[2020-08-27T11:16:34.065+0000][21728][gc,age       ] GC(351) - age   2:      18512 bytes,    2827352 total
[2020-08-27T11:16:34.065+0000][21728][gc,age       ] GC(351) - age   3:        480 bytes,    2827832 total
[2020-08-27T11:16:34.065+0000][21728][gc,age       ] GC(351) - age   4:       3176 bytes,    2831008 total
[2020-08-27T11:16:34.065+0000][21728][gc,age       ] GC(351) - age   5:        920 bytes,    2831928 total
[2020-08-27T11:16:34.065+0000][21728][gc,age       ] GC(351) - age   6:      11600 bytes,    2843528 total
[2020-08-27T11:16:34.065+0000][21728][gc,age       ] GC(351) - age   7:      15552 bytes,    2859080 total
[2020-08-27T11:16:34.065+0000][21728][gc,age       ] GC(351) - age   8:      45152 bytes,    2904232 total
[2020-08-27T11:16:34.065+0000][21728][gc,age       ] GC(351) - age   9:       1200 bytes,    2905432 total
[2020-08-27T11:16:34.065+0000][21728][gc,age       ] GC(351) - age  10:         96 bytes,    2905528 total
[2020-08-27T11:16:34.065+0000][21728][gc,age       ] GC(351) - age  11:       2896 bytes,    2908424 total
[2020-08-27T11:16:34.065+0000][21728][gc,age       ] GC(351) - age  12:        800 bytes,    2909224 total
[2020-08-27T11:16:34.065+0000][21728][gc,age       ] GC(351) - age  13:      61488 bytes,    2970712 total
[2020-08-27T11:16:34.065+0000][21728][gc,age       ] GC(351) - age  14:        824 bytes,    2971536 total
[2020-08-27T11:16:34.065+0000][21728][gc,age       ] GC(351) - age  15:        368 bytes,    2971904 total
[2020-08-27T11:16:34.066+0000][21728][gc,phases    ] GC(351)   Pre Evacuate Collection Set: 0.4ms
[2020-08-27T11:16:34.066+0000][21728][gc,phases    ] GC(351)   Merge Heap Roots: 0.1ms
[2020-08-27T11:16:34.066+0000][21728][gc,phases    ] GC(351)   Evacuate Collection Set: 2.2ms
[2020-08-27T11:16:34.066+0000][21728][gc,phases    ] GC(351)   Post Evacuate Collection Set: 0.7ms
[2020-08-27T11:16:34.066+0000][21728][gc,phases    ] GC(351)   Other: 1.1ms
[2020-08-27T11:16:34.066+0000][21728][gc,heap      ] GC(351) Eden regions: 21->0(501)
[2020-08-27T11:16:34.066+0000][21728][gc,heap      ] GC(351) Survivor regions: 3->3(63)
[2020-08-27T11:16:34.066+0000][21728][gc,heap      ] GC(351) Old regions: 79->79
[2020-08-27T11:16:34.066+0000][21728][gc,heap      ] GC(351) Archive regions: 0->0
[2020-08-27T11:16:34.066+0000][21728][gc,heap      ] GC(351) Humongous regions: 228->174
[2020-08-27T11:16:34.066+0000][21728][gc,metaspace ] GC(351) Metaspace: 87070K(93312K)->87070K(93312K) NonClass: 75966K(79616K)->75966K(79616K) Class: 11103K(13696K)->11103K(13696K)
[2020-08-27T11:16:34.066+0000][21728][gc           ] GC(351) Pause Young (Concurrent Start) (G1 Humongous Allocation) 330M->255M(1024M) 4.925ms
[2020-08-27T11:16:34.066+0000][21728][gc,cpu       ] GC(351) User=0.13s Sys=0.00s Real=0.00s
[2020-08-27T11:16:34.066+0000][21728][gc           ] GC(352) Concurrent Cycle
[2020-08-27T11:16:34.066+0000][21728][safepoint    ] Safepoint "G1TryInitiateConcMark", Time since last: 164627100 ns, Reaching safepoint: 196800 ns, At safepoint: 5136700 ns, Total: 5333500 ns
[2020-08-27T11:16:34.066+0000][21728][gc,marking   ] GC(352) Concurrent Clear Claimed Marks
[2020-08-27T11:16:34.067+0000][21728][gc,marking   ] GC(352) Concurrent Clear Claimed Marks 0.727ms
[2020-08-27T11:16:34.067+0000][21728][gc,marking   ] GC(352) Concurrent Scan Root Regions
[2020-08-27T11:16:34.070+0000][21728][gc,marking   ] GC(352) Concurrent Scan Root Regions 3.000ms
[2020-08-27T11:16:34.070+0000][21728][gc,marking   ] GC(352) Concurrent Mark (112.027s)
[2020-08-27T11:16:34.070+0000][21728][gc,marking   ] GC(352) Concurrent Mark From Roots
[2020-08-27T11:16:34.070+0000][21728][gc,task      ] GC(352) Using 2 workers of 2 for marking
[2020-08-27T11:16:34.228+0000][21728][gc,marking   ] GC(352) Concurrent Mark From Roots 157.172ms
[2020-08-27T11:16:34.228+0000][21728][gc,marking   ] GC(352) Concurrent Preclean
[2020-08-27T11:16:34.229+0000][21728][gc,marking   ] GC(352) Concurrent Preclean 0.647ms
[2020-08-27T11:16:34.229+0000][21728][gc,marking   ] GC(352) Concurrent Mark (112.027s, 112.185s) 158.034ms
[2020-08-27T11:16:34.234+0000][21728][gc,start     ] GC(352) Pause Remark
[2020-08-27T11:16:34.240+0000][21728][gc           ] GC(352) Pause Remark 306M->306M(1024M) 6.249ms
[2020-08-27T11:16:34.240+0000][21728][gc,cpu       ] GC(352) User=0.11s Sys=0.00s Real=0.01s
[2020-08-27T11:16:34.240+0000][21728][safepoint    ] Safepoint "G1Concurrent", Time since last: 162173600 ns, Reaching safepoint: 4830900 ns, At safepoint: 6510700 ns, Total: 11341600 ns
[2020-08-27T11:16:34.240+0000][21728][gc,marking   ] GC(352) Concurrent Rebuild Remembered Sets
[2020-08-27T11:16:34.342+0000][21728][gc,marking   ] GC(352) Concurrent Rebuild Remembered Sets 101.444ms
[2020-08-27T11:16:34.342+0000][21728][gc,start     ] GC(352) Pause Cleanup
[2020-08-27T11:16:34.342+0000][21728][gc           ] GC(352) Pause Cleanup 307M->307M(1024M) 0.383ms
[2020-08-27T11:16:34.343+0000][21728][gc,cpu       ] GC(352) User=0.00s Sys=0.00s Real=0.00s
[2020-08-27T11:16:34.343+0000][21728][safepoint    ] Safepoint "G1Concurrent", Time since last: 101661800 ns, Reaching safepoint: 173800 ns, At safepoint: 596800 ns, Total: 770600 ns
[2020-08-27T11:16:34.343+0000][21728][gc,marking   ] GC(352) Concurrent Cleanup for Next Mark
[2020-08-27T11:16:34.345+0000][21728][gc,marking   ] GC(352) Concurrent Cleanup for Next Mark 2.019ms
[2020-08-27T11:16:34.345+0000][21728][gc           ] GC(352) Concurrent Cycle 278.230ms
[2020-08-27T11:16:34.561+0000][21728][gc,start     ] GC(353) Pause Young (Concurrent Start) (G1 Humongous Allocation)
[2020-08-27T11:16:34.561+0000][21728][gc,task      ] GC(353) Using 8 workers of 8 for evacuation
[2020-08-27T11:16:34.561+0000][21728][gc,age       ] GC(353) Desired survivor size 33030144 bytes, new threshold 15 (max threshold 15)
[2020-08-27T11:16:34.566+0000][21728][gc,age       ] GC(353) Age table with threshold 15 (max threshold 15)
[2020-08-27T11:16:34.566+0000][21728][gc,age       ] GC(353) - age   1:   13128248 bytes,   13128248 total
[2020-08-27T11:16:34.567+0000][21728][gc,age       ] GC(353) - age   2:       2512 bytes,   13130760 total
[2020-08-27T11:16:34.567+0000][21728][gc,age       ] GC(353) - age   3:      13504 bytes,   13144264 total
[2020-08-27T11:16:34.567+0000][21728][gc,age       ] GC(353) - age   4:        288 bytes,   13144552 total
[2020-08-27T11:16:34.567+0000][21728][gc,age       ] GC(353) - age   5:       2920 bytes,   13147472 total
[2020-08-27T11:16:34.567+0000][21728][gc,age       ] GC(353) - age   6:        528 bytes,   13148000 total
[2020-08-27T11:16:34.567+0000][21728][gc,age       ] GC(353) - age   7:      11600 bytes,   13159600 total
[2020-08-27T11:16:34.567+0000][21728][gc,age       ] GC(353) - age   8:      15104 bytes,   13174704 total
[2020-08-27T11:16:34.567+0000][21728][gc,age       ] GC(353) - age   9:      44720 bytes,   13219424 total
[2020-08-27T11:16:34.567+0000][21728][gc,age       ] GC(353) - age  10:       1168 bytes,   13220592 total
[2020-08-27T11:16:34.567+0000][21728][gc,age       ] GC(353) - age  11:         96 bytes,   13220688 total
[2020-08-27T11:16:34.567+0000][21728][gc,age       ] GC(353) - age  12:       2896 bytes,   13223584 total
[2020-08-27T11:16:34.567+0000][21728][gc,age       ] GC(353) - age  13:        800 bytes,   13224384 total
[2020-08-27T11:16:34.567+0000][21728][gc,age       ] GC(353) - age  14:      61488 bytes,   13285872 total
[2020-08-27T11:16:34.567+0000][21728][gc,age       ] GC(353) - age  15:        824 bytes,   13286696 total
[2020-08-27T11:16:34.567+0000][21728][gc,phases    ] GC(353)   Pre Evacuate Collection Set: 0.6ms
[2020-08-27T11:16:34.567+0000][21728][gc,phases    ] GC(353)   Merge Heap Roots: 0.2ms
[2020-08-27T11:16:34.567+0000][21728][gc,phases    ] GC(353)   Evacuate Collection Set: 3.7ms
[2020-08-27T11:16:34.567+0000][21728][gc,phases    ] GC(353)   Post Evacuate Collection Set: 1.0ms
[2020-08-27T11:16:34.567+0000][21728][gc,phases    ] GC(353)   Other: 1.2ms
[2020-08-27T11:16:34.567+0000][21728][gc,heap      ] GC(353) Eden regions: 42->0(482)
[2020-08-27T11:16:34.567+0000][21728][gc,heap      ] GC(353) Survivor regions: 3->13(63)
[2020-08-27T11:16:34.567+0000][21728][gc,heap      ] GC(353) Old regions: 79->79
[2020-08-27T11:16:34.567+0000][21728][gc,heap      ] GC(353) Archive regions: 0->0
[2020-08-27T11:16:34.567+0000][21728][gc,heap      ] GC(353) Humongous regions: 228->174
[2020-08-27T11:16:34.568+0000][21728][gc,metaspace ] GC(353) Metaspace: 87076K(93568K)->87076K(93568K) NonClass: 75973K(79872K)->75973K(79872K) Class: 11103K(13696K)->11103K(13696K)
[2020-08-27T11:16:34.568+0000][21728][gc           ] GC(353) Pause Young (Concurrent Start) (G1 Humongous Allocation) 350M->265M(1024M) 7.107ms
[2020-08-27T11:16:34.568+0000][21728][gc,cpu       ] GC(353) User=0.09s Sys=0.00s Real=0.01s
[2020-08-27T11:16:34.568+0000][21728][gc           ] GC(354) Concurrent Cycle
[2020-08-27T11:16:34.568+0000][21728][gc,marking   ] GC(354) Concurrent Clear Claimed Marks
[2020-08-27T11:16:34.568+0000][21728][gc,marking   ] GC(354) Concurrent Clear Claimed Marks 0.393ms
[2020-08-27T11:16:34.568+0000][21728][gc,marking   ] GC(354) Concurrent Scan Root Regions
[2020-08-27T11:16:34.569+0000][21728][safepoint    ] Safepoint "G1TryInitiateConcMark", Time since last: 217430700 ns, Reaching safepoint: 363300 ns, At safepoint: 8210600 ns, Total: 8573900 ns
[2020-08-27T11:16:34.571+0000][21728][gc,marking   ] GC(354) Concurrent Scan Root Regions 2.924ms
[2020-08-27T11:16:34.571+0000][21728][gc,marking   ] GC(354) Concurrent Mark (112.527s)
[2020-08-27T11:16:34.571+0000][21728][gc,marking   ] GC(354) Concurrent Mark From Roots
[2020-08-27T11:16:34.571+0000][21728][gc,task      ] GC(354) Using 2 workers of 2 for marking
[2020-08-27T11:16:34.756+0000][21728][gc,marking   ] GC(354) Concurrent Mark From Roots 184.263ms
[2020-08-27T11:16:34.756+0000][21728][gc,marking   ] GC(354) Concurrent Preclean
[2020-08-27T11:16:34.756+0000][21728][gc,marking   ] GC(354) Concurrent Preclean 0.665ms
[2020-08-27T11:16:34.756+0000][21728][gc,marking   ] GC(354) Concurrent Mark (112.527s, 112.712s) 185.136ms
[2020-08-27T11:16:34.758+0000][21728][gc,start     ] GC(354) Pause Remark
[2020-08-27T11:16:34.764+0000][21728][gc           ] GC(354) Pause Remark 556M->556M(1024M) 6.671ms
[2020-08-27T11:16:34.764+0000][21728][gc,cpu       ] GC(354) User=0.00s Sys=0.00s Real=0.01s
[2020-08-27T11:16:34.765+0000][21728][safepoint    ] Safepoint "G1Concurrent", Time since last: 187943800 ns, Reaching safepoint: 996000 ns, At safepoint: 7020900 ns, Total: 8016900 ns
[2020-08-27T11:16:34.765+0000][21728][gc,marking   ] GC(354) Concurrent Rebuild Remembered Sets
[2020-08-27T11:16:34.867+0000][21728][gc,marking   ] GC(354) Concurrent Rebuild Remembered Sets 102.279ms
[2020-08-27T11:16:34.867+0000][21728][gc,start     ] GC(354) Pause Cleanup
[2020-08-27T11:16:34.868+0000][21728][gc           ] GC(354) Pause Cleanup 558M->558M(1024M) 0.486ms
[2020-08-27T11:16:34.868+0000][21728][gc,cpu       ] GC(354) User=0.00s Sys=0.00s Real=0.00s
[2020-08-27T11:16:34.868+0000][21728][safepoint    ] Safepoint "G1Concurrent", Time since last: 102480700 ns, Reaching safepoint: 334800 ns, At safepoint: 724600 ns, Total: 1059400 ns
[2020-08-27T11:16:34.868+0000][21728][gc,marking   ] GC(354) Concurrent Cleanup for Next Mark
[2020-08-27T11:16:34.870+0000][21728][gc,marking   ] GC(354) Concurrent Cleanup for Next Mark 1.981ms
[2020-08-27T11:16:34.870+0000][21728][gc           ] GC(354) Concurrent Cycle 302.519ms
[2020-08-27T11:16:35.159+0000][21728][gc,start     ] GC(355) Pause Young (Concurrent Start) (G1 Humongous Allocation)
[2020-08-27T11:16:35.159+0000][21728][gc,task      ] GC(355) Using 8 workers of 8 for evacuation
[2020-08-27T11:16:35.159+0000][21728][gc,age       ] GC(355) Desired survivor size 32505856 bytes, new threshold 15 (max threshold 15)
[2020-08-27T11:16:35.163+0000][21728][gc,age       ] GC(355) Age table with threshold 15 (max threshold 15)
[2020-08-27T11:16:35.163+0000][21728][gc,age       ] GC(355) - age   1:    3898096 bytes,    3898096 total
[2020-08-27T11:16:35.163+0000][21728][gc,age       ] GC(355) - age   2:      10448 bytes,    3908544 total
[2020-08-27T11:16:35.163+0000][21728][gc,age       ] GC(355) - age   3:       1160 bytes,    3909704 total
[2020-08-27T11:16:35.163+0000][21728][gc,age       ] GC(355) - age   4:       8152 bytes,    3917856 total
[2020-08-27T11:16:35.163+0000][21728][gc,age       ] GC(355) - age   5:        256 bytes,    3918112 total
[2020-08-27T11:16:35.163+0000][21728][gc,age       ] GC(355) - age   6:        536 bytes,    3918648 total
[2020-08-27T11:16:35.164+0000][21728][gc,age       ] GC(355) - age   7:        528 bytes,    3919176 total
[2020-08-27T11:16:35.164+0000][21728][gc,age       ] GC(355) - age   8:      11408 bytes,    3930584 total
[2020-08-27T11:16:35.164+0000][21728][gc,age       ] GC(355) - age   9:      11520 bytes,    3942104 total
[2020-08-27T11:16:35.164+0000][21728][gc,age       ] GC(355) - age  10:      44264 bytes,    3986368 total
[2020-08-27T11:16:35.164+0000][21728][gc,age       ] GC(355) - age  11:        896 bytes,    3987264 total
[2020-08-27T11:16:35.164+0000][21728][gc,age       ] GC(355) - age  12:         96 bytes,    3987360 total
[2020-08-27T11:16:35.164+0000][21728][gc,age       ] GC(355) - age  13:       2896 bytes,    3990256 total
[2020-08-27T11:16:35.164+0000][21728][gc,age       ] GC(355) - age  14:        608 bytes,    3990864 total
[2020-08-27T11:16:35.164+0000][21728][gc,age       ] GC(355) - age  15:      61488 bytes,    4052352 total
[2020-08-27T11:16:35.164+0000][21728][gc,phases    ] GC(355)   Pre Evacuate Collection Set: 0.4ms
[2020-08-27T11:16:35.164+0000][21728][gc,phases    ] GC(355)   Merge Heap Roots: 0.1ms
[2020-08-27T11:16:35.164+0000][21728][gc,phases    ] GC(355)   Evacuate Collection Set: 2.3ms
[2020-08-27T11:16:35.164+0000][21728][gc,phases    ] GC(355)   Post Evacuate Collection Set: 1.1ms
[2020-08-27T11:16:35.164+0000][21728][gc,phases    ] GC(355)   Other: 1.3ms
[2020-08-27T11:16:35.164+0000][21728][gc,heap      ] GC(355) Eden regions: 77->0(492)
[2020-08-27T11:16:35.164+0000][21728][gc,heap      ] GC(355) Survivor regions: 13->5(62)
[2020-08-27T11:16:35.164+0000][21728][gc,heap      ] GC(355) Old regions: 79->79
[2020-08-27T11:16:35.164+0000][21728][gc,heap      ] GC(355) Archive regions: 0->0
[2020-08-27T11:16:35.164+0000][21728][gc,heap      ] GC(355) Humongous regions: 418->174
[2020-08-27T11:16:35.165+0000][21728][gc,metaspace ] GC(355) Metaspace: 87078K(93568K)->87078K(93568K) NonClass: 75975K(79872K)->75975K(79872K) Class: 11103K(13696K)->11103K(13696K)
[2020-08-27T11:16:35.165+0000][21728][gc           ] GC(355) Pause Young (Concurrent Start) (G1 Humongous Allocation) 586M->256M(1024M) 5.700ms
[2020-08-27T11:16:35.165+0000][21728][gc,cpu       ] GC(355) User=0.00s Sys=0.00s Real=0.01s
[2020-08-27T11:16:35.165+0000][21728][gc           ] GC(356) Concurrent Cycle
[2020-08-27T11:16:35.165+0000][21728][safepoint    ] Safepoint "G1TryInitiateConcMark", Time since last: 290667900 ns, Reaching safepoint: 148600 ns, At safepoint: 5959900 ns, Total: 6108500 ns
[2020-08-27T11:16:35.165+0000][21728][gc,marking   ] GC(356) Concurrent Clear Claimed Marks
[2020-08-27T11:16:35.165+0000][21728][gc,marking   ] GC(356) Concurrent Clear Claimed Marks 0.528ms
[2020-08-27T11:16:35.165+0000][21728][gc,marking   ] GC(356) Concurrent Scan Root Regions
[2020-08-27T11:16:35.169+0000][21728][gc,marking   ] GC(356) Concurrent Scan Root Regions 3.010ms
[2020-08-27T11:16:35.169+0000][21728][gc,marking   ] GC(356) Concurrent Mark (113.125s)
[2020-08-27T11:16:35.169+0000][21728][gc,marking   ] GC(356) Concurrent Mark From Roots
[2020-08-27T11:16:35.169+0000][21728][gc,task      ] GC(356) Using 2 workers of 2 for marking
[2020-08-27T11:16:35.331+0000][21728][gc,marking   ] GC(356) Concurrent Mark From Roots 161.982ms
[2020-08-27T11:16:35.331+0000][21728][gc,marking   ] GC(356) Concurrent Preclean
[2020-08-27T11:16:35.331+0000][21728][gc,marking   ] GC(356) Concurrent Preclean 0.697ms
[2020-08-27T11:16:35.332+0000][21728][gc,marking   ] GC(356) Concurrent Mark (113.125s, 113.288s) 162.920ms
[2020-08-27T11:16:35.332+0000][21728][gc,start     ] GC(356) Pause Remark
[2020-08-27T11:16:35.337+0000][21728][gc           ] GC(356) Pause Remark 319M->319M(1024M) 5.482ms
[2020-08-27T11:16:35.338+0000][21728][gc,cpu       ] GC(356) User=0.00s Sys=0.00s Real=0.01s
[2020-08-27T11:16:35.338+0000][21728][safepoint    ] Safepoint "G1Concurrent", Time since last: 166976800 ns, Reaching safepoint: 161900 ns, At safepoint: 5757100 ns, Total: 5919000 ns
[2020-08-27T11:16:35.338+0000][21728][gc,marking   ] GC(356) Concurrent Rebuild Remembered Sets
[2020-08-27T11:16:35.433+0000][21728][gc,marking   ] GC(356) Concurrent Rebuild Remembered Sets 94.911ms
[2020-08-27T11:16:35.433+0000][21728][gc,start     ] GC(356) Pause Cleanup
[2020-08-27T11:16:35.433+0000][21728][gc           ] GC(356) Pause Cleanup 322M->322M(1024M) 0.269ms
[2020-08-27T11:16:35.433+0000][21728][gc,cpu       ] GC(356) User=0.00s Sys=0.00s Real=0.00s
[2020-08-27T11:16:35.433+0000][21728][safepoint    ] Safepoint "G1Concurrent", Time since last: 95097900 ns, Reaching safepoint: 150900 ns, At safepoint: 452600 ns, Total: 603500 ns
[2020-08-27T11:16:35.433+0000][21728][gc,marking   ] GC(356) Concurrent Cleanup for Next Mark
[2020-08-27T11:16:35.435+0000][21728][gc,marking   ] GC(356) Concurrent Cleanup for Next Mark 1.623ms
[2020-08-27T11:16:35.435+0000][21728][gc           ] GC(356) Concurrent Cycle 270.456ms
[2020-08-27T11:16:35.453+0000][21728][gc,start     ] GC(357) Pause Young (Concurrent Start) (G1 Humongous Allocation)
[2020-08-27T11:16:35.453+0000][21728][gc,task      ] GC(357) Using 8 workers of 8 for evacuation
[2020-08-27T11:16:35.454+0000][21728][gc,age       ] GC(357) Desired survivor size 33030144 bytes, new threshold 15 (max threshold 15)
[2020-08-27T11:16:35.457+0000][21728][gc,age       ] GC(357) Age table with threshold 15 (max threshold 15)
[2020-08-27T11:16:35.457+0000][21728][gc,age       ] GC(357) - age   1:    3070544 bytes,    3070544 total
[2020-08-27T11:16:35.457+0000][21728][gc,age       ] GC(357) - age   2:     801720 bytes,    3872264 total
[2020-08-27T11:16:35.457+0000][21728][gc,age       ] GC(357) - age   3:       8376 bytes,    3880640 total
[2020-08-27T11:16:35.457+0000][21728][gc,age       ] GC(357) - age   4:       1032 bytes,    3881672 total
[2020-08-27T11:16:35.457+0000][21728][gc,age       ] GC(357) - age   5:       8088 bytes,    3889760 total
[2020-08-27T11:16:35.457+0000][21728][gc,age       ] GC(357) - age   6:        256 bytes,    3890016 total
[2020-08-27T11:16:35.457+0000][21728][gc,age       ] GC(357) - age   7:        536 bytes,    3890552 total
[2020-08-27T11:16:35.457+0000][21728][gc,age       ] GC(357) - age   8:        528 bytes,    3891080 total
[2020-08-27T11:16:35.457+0000][21728][gc,age       ] GC(357) - age   9:      11408 bytes,    3902488 total
[2020-08-27T11:16:35.457+0000][21728][gc,age       ] GC(357) - age  10:      11456 bytes,    3913944 total
[2020-08-27T11:16:35.457+0000][21728][gc,age       ] GC(357) - age  11:      44264 bytes,    3958208 total
[2020-08-27T11:16:35.457+0000][21728][gc,age       ] GC(357) - age  12:        800 bytes,    3959008 total
[2020-08-27T11:16:35.457+0000][21728][gc,age       ] GC(357) - age  13:         96 bytes,    3959104 total
[2020-08-27T11:16:35.457+0000][21728][gc,age       ] GC(357) - age  14:       2896 bytes,    3962000 total
[2020-08-27T11:16:35.457+0000][21728][gc,age       ] GC(357) - age  15:        608 bytes,    3962608 total
[2020-08-27T11:16:35.457+0000][21728][gc,phases    ] GC(357)   Pre Evacuate Collection Set: 0.4ms
[2020-08-27T11:16:35.457+0000][21728][gc,phases    ] GC(357)   Merge Heap Roots: 0.1ms
[2020-08-27T11:16:35.457+0000][21728][gc,phases    ] GC(357)   Evacuate Collection Set: 2.2ms
[2020-08-27T11:16:35.457+0000][21728][gc,phases    ] GC(357)   Post Evacuate Collection Set: 0.6ms
[2020-08-27T11:16:35.457+0000][21728][gc,phases    ] GC(357)   Other: 0.7ms
[2020-08-27T11:16:35.458+0000][21728][gc,heap      ] GC(357) Eden regions: 21->0(495)
[2020-08-27T11:16:35.458+0000][21728][gc,heap      ] GC(357) Survivor regions: 5->4(63)
[2020-08-27T11:16:35.458+0000][21728][gc,heap      ] GC(357) Old regions: 79->79
[2020-08-27T11:16:35.458+0000][21728][gc,heap      ] GC(357) Archive regions: 0->0
[2020-08-27T11:16:35.458+0000][21728][gc,heap      ] GC(357) Humongous regions: 228->174
[2020-08-27T11:16:35.458+0000][21728][gc,metaspace ] GC(357) Metaspace: 87078K(93568K)->87078K(93568K) NonClass: 75975K(79872K)->75975K(79872K) Class: 11103K(13696K)->11103K(13696K)
[2020-08-27T11:16:35.458+0000][21728][gc           ] GC(357) Pause Young (Concurrent Start) (G1 Humongous Allocation) 331M->256M(1024M) 4.477ms
[2020-08-27T11:16:35.458+0000][21728][gc,cpu       ] GC(357) User=0.02s Sys=0.00s Real=0.00s
[2020-08-27T11:16:35.458+0000][21728][gc           ] GC(358) Concurrent Cycle
[2020-08-27T11:16:35.458+0000][21728][safepoint    ] Safepoint "G1TryInitiateConcMark", Time since last: 19781300 ns, Reaching safepoint: 181600 ns, At safepoint: 4706700 ns, Total: 4888300 ns
[2020-08-27T11:16:35.458+0000][21728][gc,marking   ] GC(358) Concurrent Clear Claimed Marks
[2020-08-27T11:16:35.459+0000][21728][gc,marking   ] GC(358) Concurrent Clear Claimed Marks 0.551ms
[2020-08-27T11:16:35.459+0000][21728][gc,marking   ] GC(358) Concurrent Scan Root Regions
[2020-08-27T11:16:35.462+0000][21728][gc,marking   ] GC(358) Concurrent Scan Root Regions 3.192ms
[2020-08-27T11:16:35.462+0000][21728][gc,marking   ] GC(358) Concurrent Mark (113.418s)
[2020-08-27T11:16:35.462+0000][21728][gc,marking   ] GC(358) Concurrent Mark From Roots
[2020-08-27T11:16:35.462+0000][21728][gc,task      ] GC(358) Using 2 workers of 2 for marking
[2020-08-27T11:16:35.608+0000][21728][gc,marking   ] GC(358) Concurrent Mark From Roots 145.784ms
[2020-08-27T11:16:35.608+0000][21728][gc,marking   ] GC(358) Concurrent Preclean
[2020-08-27T11:16:35.609+0000][21728][gc,marking   ] GC(358) Concurrent Preclean 0.550ms
[2020-08-27T11:16:35.609+0000][21728][gc,marking   ] GC(358) Concurrent Mark (113.418s, 113.565s) 146.495ms
[2020-08-27T11:16:35.609+0000][21728][gc,start     ] GC(358) Pause Remark
[2020-08-27T11:16:35.615+0000][21728][gc           ] GC(358) Pause Remark 316M->316M(1024M) 6.299ms
[2020-08-27T11:16:35.615+0000][21728][gc,cpu       ] GC(358) User=0.11s Sys=0.00s Real=0.01s
[2020-08-27T11:16:35.616+0000][21728][safepoint    ] Safepoint "G1Concurrent", Time since last: 150672100 ns, Reaching safepoint: 152500 ns, At safepoint: 6891900 ns, Total: 7044400 ns
[2020-08-27T11:16:35.616+0000][21728][gc,marking   ] GC(358) Concurrent Rebuild Remembered Sets
[2020-08-27T11:16:35.721+0000][21728][gc,marking   ] GC(358) Concurrent Rebuild Remembered Sets 104.818ms
[2020-08-27T11:16:35.721+0000][21728][gc,start     ] GC(358) Pause Cleanup
[2020-08-27T11:16:35.721+0000][21728][gc           ] GC(358) Pause Cleanup 319M->319M(1024M) 0.362ms
[2020-08-27T11:16:35.721+0000][21728][gc,cpu       ] GC(358) User=0.00s Sys=0.00s Real=0.00s
[2020-08-27T11:16:35.722+0000][21728][safepoint    ] Safepoint "G1Concurrent", Time since last: 105040100 ns, Reaching safepoint: 169700 ns, At safepoint: 538700 ns, Total: 708400 ns
[2020-08-27T11:16:35.722+0000][21728][gc,marking   ] GC(358) Concurrent Cleanup for Next Mark
[2020-08-27T11:16:35.723+0000][21728][gc,marking   ] GC(358) Concurrent Cleanup for Next Mark 1.784ms
[2020-08-27T11:16:35.724+0000][21728][gc           ] GC(358) Concurrent Cycle 265.534ms
[2020-08-27T11:16:35.781+0000][21728][gc,start     ] GC(359) Pause Young (Concurrent Start) (G1 Humongous Allocation)
[2020-08-27T11:16:35.781+0000][21728][gc,task      ] GC(359) Using 8 workers of 8 for evacuation
[2020-08-27T11:16:35.781+0000][21728][gc,age       ] GC(359) Desired survivor size 33030144 bytes, new threshold 15 (max threshold 15)
[2020-08-27T11:16:35.785+0000][21728][gc,age       ] GC(359) Age table with threshold 15 (max threshold 15)
[2020-08-27T11:16:35.785+0000][21728][gc,age       ] GC(359) - age   1:    3004520 bytes,    3004520 total
[2020-08-27T11:16:35.785+0000][21728][gc,age       ] GC(359) - age   2:     205144 bytes,    3209664 total
[2020-08-27T11:16:35.785+0000][21728][gc,age       ] GC(359) - age   3:     600040 bytes,    3809704 total
[2020-08-27T11:16:35.785+0000][21728][gc,age       ] GC(359) - age   4:       6648 bytes,    3816352 total
[2020-08-27T11:16:35.785+0000][21728][gc,age       ] GC(359) - age   5:       1000 bytes,    3817352 total
[2020-08-27T11:16:35.786+0000][21728][gc,age       ] GC(359) - age   6:       8056 bytes,    3825408 total
[2020-08-27T11:16:35.786+0000][21728][gc,age       ] GC(359) - age   7:        256 bytes,    3825664 total
[2020-08-27T11:16:35.786+0000][21728][gc,age       ] GC(359) - age   8:        536 bytes,    3826200 total
[2020-08-27T11:16:35.786+0000][21728][gc,age       ] GC(359) - age   9:        432 bytes,    3826632 total
[2020-08-27T11:16:35.786+0000][21728][gc,age       ] GC(359) - age  10:      11248 bytes,    3837880 total
[2020-08-27T11:16:35.786+0000][21728][gc,age       ] GC(359) - age  11:      11328 bytes,    3849208 total
[2020-08-27T11:16:35.786+0000][21728][gc,age       ] GC(359) - age  12:      44264 bytes,    3893472 total
[2020-08-27T11:16:35.786+0000][21728][gc,age       ] GC(359) - age  13:        800 bytes,    3894272 total
[2020-08-27T11:16:35.786+0000][21728][gc,age       ] GC(359) - age  14:         96 bytes,    3894368 total
[2020-08-27T11:16:35.786+0000][21728][gc,age       ] GC(359) - age  15:       2896 bytes,    3897264 total
[2020-08-27T11:16:35.786+0000][21728][gc,phases    ] GC(359)   Pre Evacuate Collection Set: 0.6ms
[2020-08-27T11:16:35.786+0000][21728][gc,phases    ] GC(359)   Merge Heap Roots: 0.1ms
[2020-08-27T11:16:35.786+0000][21728][gc,phases    ] GC(359)   Evacuate Collection Set: 2.2ms
[2020-08-27T11:16:35.786+0000][21728][gc,phases    ] GC(359)   Post Evacuate Collection Set: 0.7ms
[2020-08-27T11:16:35.786+0000][21728][gc,phases    ] GC(359)   Other: 1.2ms
[2020-08-27T11:16:35.786+0000][21728][gc,heap      ] GC(359) Eden regions: 21->0(497)
[2020-08-27T11:16:35.786+0000][21728][gc,heap      ] GC(359) Survivor regions: 4->4(63)
[2020-08-27T11:16:35.786+0000][21728][gc,heap      ] GC(359) Old regions: 79->79
[2020-08-27T11:16:35.786+0000][21728][gc,heap      ] GC(359) Archive regions: 0->0
[2020-08-27T11:16:35.786+0000][21728][gc,heap      ] GC(359) Humongous regions: 228->174
[2020-08-27T11:16:35.786+0000][21728][gc,metaspace ] GC(359) Metaspace: 87081K(93568K)->87081K(93568K) NonClass: 75977K(79872K)->75977K(79872K) Class: 11103K(13696K)->11103K(13696K)
[2020-08-27T11:16:35.786+0000][21728][gc           ] GC(359) Pause Young (Concurrent Start) (G1 Humongous Allocation) 331M->256M(1024M) 5.185ms
[2020-08-27T11:16:35.787+0000][21728][gc,cpu       ] GC(359) User=0.02s Sys=0.00s Real=0.01s
[2020-08-27T11:16:35.787+0000][21728][gc           ] GC(360) Concurrent Cycle
[2020-08-27T11:16:35.787+0000][21728][safepoint    ] Safepoint "G1TryInitiateConcMark", Time since last: 59427500 ns, Reaching safepoint: 180800 ns, At safepoint: 5462500 ns, Total: 5643300 ns
[2020-08-27T11:16:35.787+0000][21728][gc,marking   ] GC(360) Concurrent Clear Claimed Marks
[2020-08-27T11:16:35.787+0000][21728][gc,marking   ] GC(360) Concurrent Clear Claimed Marks 0.456ms
[2020-08-27T11:16:35.787+0000][21728][gc,marking   ] GC(360) Concurrent Scan Root Regions
[2020-08-27T11:16:35.790+0000][21728][gc,marking   ] GC(360) Concurrent Scan Root Regions 3.004ms
[2020-08-27T11:16:35.790+0000][21728][gc,marking   ] GC(360) Concurrent Mark (113.746s)
[2020-08-27T11:16:35.790+0000][21728][gc,marking   ] GC(360) Concurrent Mark From Roots
[2020-08-27T11:16:35.790+0000][21728][gc,task      ] GC(360) Using 2 workers of 2 for marking
[2020-08-27T11:16:35.952+0000][21728][gc,marking   ] GC(360) Concurrent Mark From Roots 161.186ms
[2020-08-27T11:16:35.952+0000][21728][gc,marking   ] GC(360) Concurrent Preclean
[2020-08-27T11:16:35.952+0000][21728][gc,marking   ] GC(360) Concurrent Preclean 0.561ms
[2020-08-27T11:16:35.952+0000][21728][gc,marking   ] GC(360) Concurrent Mark (113.746s, 113.908s) 161.952ms
[2020-08-27T11:16:35.953+0000][21728][gc,start     ] GC(360) Pause Remark
[2020-08-27T11:16:35.958+0000][21728][gc           ] GC(360) Pause Remark 314M->314M(1024M) 5.732ms
[2020-08-27T11:16:35.958+0000][21728][gc,cpu       ] GC(360) User=0.02s Sys=0.00s Real=0.00s
[2020-08-27T11:16:35.958+0000][21728][safepoint    ] Safepoint "G1Concurrent", Time since last: 165760800 ns, Reaching safepoint: 185000 ns, At safepoint: 5908300 ns, Total: 6093300 ns
[2020-08-27T11:16:35.958+0000][21728][gc,marking   ] GC(360) Concurrent Rebuild Remembered Sets
[2020-08-27T11:16:36.066+0000][21728][gc,marking   ] GC(360) Concurrent Rebuild Remembered Sets 107.904ms
[2020-08-27T11:16:36.067+0000][21728][gc,start     ] GC(360) Pause Cleanup
[2020-08-27T11:16:36.067+0000][21728][gc           ] GC(360) Pause Cleanup 316M->316M(1024M) 0.381ms
[2020-08-27T11:16:36.067+0000][21728][gc,cpu       ] GC(360) User=0.00s Sys=0.00s Real=0.00s
[2020-08-27T11:16:36.067+0000][21728][safepoint    ] Safepoint "G1Concurrent", Time since last: 108082800 ns, Reaching safepoint: 183100 ns, At safepoint: 560700 ns, Total: 743800 ns
[2020-08-27T11:16:36.067+0000][21728][gc,marking   ] GC(360) Concurrent Cleanup for Next Mark
[2020-08-27T11:16:36.069+0000][21728][gc,marking   ] GC(360) Concurrent Cleanup for Next Mark 2.013ms
[2020-08-27T11:16:36.070+0000][21728][gc           ] GC(360) Concurrent Cycle 283.005ms
[2020-08-27T11:16:36.117+0000][21728][gc,start     ] GC(361) Pause Young (Concurrent Start) (G1 Humongous Allocation)
[2020-08-27T11:16:36.117+0000][21728][gc,task      ] GC(361) Using 8 workers of 8 for evacuation
[2020-08-27T11:16:36.117+0000][21728][gc,age       ] GC(361) Desired survivor size 33030144 bytes, new threshold 15 (max threshold 15)
[2020-08-27T11:16:36.124+0000][21728][gc,age       ] GC(361) Age table with threshold 15 (max threshold 15)
[2020-08-27T11:16:36.124+0000][21728][gc,age       ] GC(361) - age   1:    2933288 bytes,    2933288 total
[2020-08-27T11:16:36.124+0000][21728][gc,age       ] GC(361) - age   2:     207168 bytes,    3140456 total
[2020-08-27T11:16:36.124+0000][21728][gc,age       ] GC(361) - age   3:     204664 bytes,    3345120 total
[2020-08-27T11:16:36.124+0000][21728][gc,age       ] GC(361) - age   4:     399944 bytes,    3745064 total
[2020-08-27T11:16:36.125+0000][21728][gc,age       ] GC(361) - age   5:       5592 bytes,    3750656 total
[2020-08-27T11:16:36.125+0000][21728][gc,age       ] GC(361) - age   6:        968 bytes,    3751624 total
[2020-08-27T11:16:36.125+0000][21728][gc,age       ] GC(361) - age   7:       8024 bytes,    3759648 total
[2020-08-27T11:16:36.125+0000][21728][gc,age       ] GC(361) - age   8:        224 bytes,    3759872 total
[2020-08-27T11:16:36.125+0000][21728][gc,age       ] GC(361) - age   9:        480 bytes,    3760352 total
[2020-08-27T11:16:36.125+0000][21728][gc,age       ] GC(361) - age  10:        432 bytes,    3760784 total
[2020-08-27T11:16:36.125+0000][21728][gc,age       ] GC(361) - age  11:      11152 bytes,    3771936 total
[2020-08-27T11:16:36.125+0000][21728][gc,age       ] GC(361) - age  12:      11328 bytes,    3783264 total
[2020-08-27T11:16:36.125+0000][21728][gc,age       ] GC(361) - age  13:      44232 bytes,    3827496 total
[2020-08-27T11:16:36.125+0000][21728][gc,age       ] GC(361) - age  14:        736 bytes,    3828232 total
[2020-08-27T11:16:36.125+0000][21728][gc,age       ] GC(361) - age  15:         96 bytes,    3828328 total
[2020-08-27T11:16:36.125+0000][21728][gc,phases    ] GC(361)   Pre Evacuate Collection Set: 0.7ms
[2020-08-27T11:16:36.125+0000][21728][gc,phases    ] GC(361)   Merge Heap Roots: 0.1ms
[2020-08-27T11:16:36.125+0000][21728][gc,phases    ] GC(361)   Evacuate Collection Set: 5.0ms
[2020-08-27T11:16:36.125+0000][21728][gc,phases    ] GC(361)   Post Evacuate Collection Set: 0.7ms
[2020-08-27T11:16:36.125+0000][21728][gc,phases    ] GC(361)   Other: 1.3ms
[2020-08-27T11:16:36.125+0000][21728][gc,heap      ] GC(361) Eden regions: 21->0(498)
[2020-08-27T11:16:36.125+0000][21728][gc,heap      ] GC(361) Survivor regions: 4->4(63)
[2020-08-27T11:16:36.125+0000][21728][gc,heap      ] GC(361) Old regions: 79->79
[2020-08-27T11:16:36.125+0000][21728][gc,heap      ] GC(361) Archive regions: 0->0
[2020-08-27T11:16:36.125+0000][21728][gc,heap      ] GC(361) Humongous regions: 228->174
[2020-08-27T11:16:36.125+0000][21728][gc,metaspace ] GC(361) Metaspace: 87082K(93568K)->87082K(93568K) NonClass: 75978K(79872K)->75978K(79872K) Class: 11103K(13696K)->11103K(13696K)
[2020-08-27T11:16:36.126+0000][21728][gc           ] GC(361) Pause Young (Concurrent Start) (G1 Humongous Allocation) 331M->256M(1024M) 8.233ms
[2020-08-27T11:16:36.126+0000][21728][gc,cpu       ] GC(361) User=0.02s Sys=0.00s Real=0.01s
[2020-08-27T11:16:36.126+0000][21728][gc           ] GC(362) Concurrent Cycle
[2020-08-27T11:16:36.126+0000][21728][safepoint    ] Safepoint "G1TryInitiateConcMark", Time since last: 49462300 ns, Reaching safepoint: 518200 ns, At safepoint: 8496100 ns, Total: 9014300 ns
[2020-08-27T11:16:36.126+0000][21728][gc,marking   ] GC(362) Concurrent Clear Claimed Marks
[2020-08-27T11:16:36.126+0000][21728][gc,marking   ] GC(362) Concurrent Clear Claimed Marks 0.450ms
[2020-08-27T11:16:36.126+0000][21728][gc,marking   ] GC(362) Concurrent Scan Root Regions
[2020-08-27T11:16:36.130+0000][21728][gc,marking   ] GC(362) Concurrent Scan Root Regions 3.284ms
[2020-08-27T11:16:36.130+0000][21728][gc,marking   ] GC(362) Concurrent Mark (114.086s)
[2020-08-27T11:16:36.130+0000][21728][gc,marking   ] GC(362) Concurrent Mark From Roots
[2020-08-27T11:16:36.130+0000][21728][gc,task      ] GC(362) Using 2 workers of 2 for marking
[2020-08-27T11:16:36.273+0000][21728][gc,marking   ] GC(362) Concurrent Mark From Roots 143.294ms
[2020-08-27T11:16:36.273+0000][21728][gc,marking   ] GC(362) Concurrent Preclean
[2020-08-27T11:16:36.274+0000][21728][gc,marking   ] GC(362) Concurrent Preclean 0.544ms
[2020-08-27T11:16:36.274+0000][21728][gc,marking   ] GC(362) Concurrent Mark (114.086s, 114.230s) 144.012ms
[2020-08-27T11:16:36.274+0000][21728][gc,start     ] GC(362) Pause Remark
[2020-08-27T11:16:36.280+0000][21728][gc           ] GC(362) Pause Remark 312M->312M(1024M) 6.107ms
[2020-08-27T11:16:36.280+0000][21728][gc,cpu       ] GC(362) User=0.00s Sys=0.00s Real=0.01s
[2020-08-27T11:16:36.280+0000][21728][safepoint    ] Safepoint "G1Concurrent", Time since last: 148073600 ns, Reaching safepoint: 157200 ns, At safepoint: 6372100 ns, Total: 6529300 ns
[2020-08-27T11:16:36.280+0000][21728][gc,marking   ] GC(362) Concurrent Rebuild Remembered Sets
[2020-08-27T11:16:36.371+0000][21728][gc,marking   ] GC(362) Concurrent Rebuild Remembered Sets 90.636ms
[2020-08-27T11:16:36.371+0000][21728][gc,start     ] GC(362) Pause Cleanup
[2020-08-27T11:16:36.372+0000][21728][gc           ] GC(362) Pause Cleanup 374M->374M(1024M) 0.255ms
[2020-08-27T11:16:36.372+0000][21728][gc,cpu       ] GC(362) User=0.00s Sys=0.00s Real=0.00s
[2020-08-27T11:16:36.372+0000][21728][safepoint    ] Safepoint "G1Concurrent", Time since last: 90829000 ns, Reaching safepoint: 155600 ns, At safepoint: 407600 ns, Total: 563200 ns
[2020-08-27T11:16:36.372+0000][21728][gc,marking   ] GC(362) Concurrent Cleanup for Next Mark
[2020-08-27T11:16:36.374+0000][21728][gc,marking   ] GC(362) Concurrent Cleanup for Next Mark 1.896ms
[2020-08-27T11:16:36.374+0000][21728][gc           ] GC(362) Concurrent Cycle 248.118ms
[2020-08-27T11:16:36.563+0000][21728][gc,start     ] GC(363) Pause Young (Concurrent Start) (G1 Humongous Allocation)
[2020-08-27T11:16:36.563+0000][21728][gc,task      ] GC(363) Using 8 workers of 8 for evacuation
[2020-08-27T11:16:36.563+0000][21728][gc,age       ] GC(363) Desired survivor size 33030144 bytes, new threshold 15 (max threshold 15)
[2020-08-27T11:16:36.571+0000][21728][gc,age       ] GC(363) Age table with threshold 15 (max threshold 15)
[2020-08-27T11:16:36.571+0000][21728][gc,age       ] GC(363) - age   1:    2609136 bytes,    2609136 total
[2020-08-27T11:16:36.571+0000][21728][gc,age       ] GC(363) - age   2:       1512 bytes,    2610648 total
[2020-08-27T11:16:36.571+0000][21728][gc,age       ] GC(363) - age   3:       1984 bytes,    2612632 total
[2020-08-27T11:16:36.571+0000][21728][gc,age       ] GC(363) - age   4:        648 bytes,    2613280 total
[2020-08-27T11:16:36.571+0000][21728][gc,age       ] GC(363) - age   5:       2560 bytes,    2615840 total
[2020-08-27T11:16:36.571+0000][21728][gc,age       ] GC(363) - age   6:       3544 bytes,    2619384 total
[2020-08-27T11:16:36.571+0000][21728][gc,age       ] GC(363) - age   7:        576 bytes,    2619960 total
[2020-08-27T11:16:36.571+0000][21728][gc,age       ] GC(363) - age   8:       7480 bytes,    2627440 total
[2020-08-27T11:16:36.571+0000][21728][gc,age       ] GC(363) - age   9:        224 bytes,    2627664 total
[2020-08-27T11:16:36.571+0000][21728][gc,age       ] GC(363) - age  10:        416 bytes,    2628080 total
[2020-08-27T11:16:36.571+0000][21728][gc,age       ] GC(363) - age  11:        240 bytes,    2628320 total
[2020-08-27T11:16:36.571+0000][21728][gc,age       ] GC(363) - age  12:      11088 bytes,    2639408 total
[2020-08-27T11:16:36.571+0000][21728][gc,age       ] GC(363) - age  13:      11152 bytes,    2650560 total
[2020-08-27T11:16:36.571+0000][21728][gc,age       ] GC(363) - age  14:      44072 bytes,    2694632 total
[2020-08-27T11:16:36.571+0000][21728][gc,age       ] GC(363) - age  15:        672 bytes,    2695304 total
[2020-08-27T11:16:36.571+0000][21728][gc,phases    ] GC(363)   Pre Evacuate Collection Set: 1.8ms
[2020-08-27T11:16:36.571+0000][21728][gc,phases    ] GC(363)   Merge Heap Roots: 0.2ms
[2020-08-27T11:16:36.571+0000][21728][gc,phases    ] GC(363)   Evacuate Collection Set: 4.1ms
[2020-08-27T11:16:36.571+0000][21728][gc,phases    ] GC(363)   Post Evacuate Collection Set: 0.7ms
[2020-08-27T11:16:36.571+0000][21728][gc,phases    ] GC(363)   Other: 1.0ms
[2020-08-27T11:16:36.571+0000][21728][gc,heap      ] GC(363) Eden regions: 47->0(501)
[2020-08-27T11:16:36.571+0000][21728][gc,heap      ] GC(363) Survivor regions: 4->3(63)
[2020-08-27T11:16:36.571+0000][21728][gc,heap      ] GC(363) Old regions: 79->79
[2020-08-27T11:16:36.571+0000][21728][gc,heap      ] GC(363) Archive regions: 0->0
[2020-08-27T11:16:36.571+0000][21728][gc,heap      ] GC(363) Humongous regions: 268->174
[2020-08-27T11:16:36.571+0000][21728][gc,metaspace ] GC(363) Metaspace: 87088K(93568K)->87088K(93568K) NonClass: 75984K(79872K)->75984K(79872K) Class: 11103K(13696K)->11103K(13696K)
[2020-08-27T11:16:36.571+0000][21728][gc           ] GC(363) Pause Young (Concurrent Start) (G1 Humongous Allocation) 396M->255M(1024M) 8.101ms
[2020-08-27T11:16:36.571+0000][21728][gc,cpu       ] GC(363) User=0.02s Sys=0.02s Real=0.01s
[2020-08-27T11:16:36.571+0000][21728][gc           ] GC(364) Concurrent Cycle
[2020-08-27T11:16:36.572+0000][21728][safepoint    ] Safepoint "G1TryInitiateConcMark", Time since last: 191326200 ns, Reaching safepoint: 209000 ns, At safepoint: 8304300 ns, Total: 8513300 ns
[2020-08-27T11:16:36.572+0000][21728][gc,marking   ] GC(364) Concurrent Clear Claimed Marks
[2020-08-27T11:16:36.572+0000][21728][gc,marking   ] GC(364) Concurrent Clear Claimed Marks 0.377ms
[2020-08-27T11:16:36.572+0000][21728][gc,marking   ] GC(364) Concurrent Scan Root Regions
[2020-08-27T11:16:36.573+0000][21728][gc,marking   ] GC(364) Concurrent Scan Root Regions 1.489ms
[2020-08-27T11:16:36.574+0000][21728][gc,marking   ] GC(364) Concurrent Mark (114.530s)
[2020-08-27T11:16:36.574+0000][21728][gc,marking   ] GC(364) Concurrent Mark From Roots
[2020-08-27T11:16:36.574+0000][21728][gc,task      ] GC(364) Using 2 workers of 2 for marking
[2020-08-27T11:16:36.687+0000][21728][gc,marking   ] GC(364) Concurrent Mark From Roots 113.310ms
[2020-08-27T11:16:36.687+0000][21728][gc,marking   ] GC(364) Concurrent Preclean
[2020-08-27T11:16:36.687+0000][21728][gc,marking   ] GC(364) Concurrent Preclean 0.332ms
[2020-08-27T11:16:36.687+0000][21728][gc,marking   ] GC(364) Concurrent Mark (114.530s, 114.644s) 113.772ms
[2020-08-27T11:16:36.688+0000][21728][gc,start     ] GC(364) Pause Remark
[2020-08-27T11:16:36.693+0000][21728][gc           ] GC(364) Pause Remark 313M->313M(1024M) 4.935ms
[2020-08-27T11:16:36.693+0000][21728][gc,cpu       ] GC(364) User=0.13s Sys=0.00s Real=0.01s
[2020-08-27T11:16:36.693+0000][21728][safepoint    ] Safepoint "G1Concurrent", Time since last: 115921500 ns, Reaching safepoint: 160100 ns, At safepoint: 5116700 ns, Total: 5276800 ns
[2020-08-27T11:16:36.693+0000][21728][gc,marking   ] GC(364) Concurrent Rebuild Remembered Sets
[2020-08-27T11:16:36.771+0000][21728][gc,marking   ] GC(364) Concurrent Rebuild Remembered Sets 78.233ms
[2020-08-27T11:16:36.771+0000][21728][gc,start     ] GC(364) Pause Cleanup
[2020-08-27T11:16:36.772+0000][21728][gc           ] GC(364) Pause Cleanup 379M->379M(1024M) 0.432ms
[2020-08-27T11:16:36.772+0000][21728][gc,cpu       ] GC(364) User=0.00s Sys=0.00s Real=0.00s
[2020-08-27T11:16:36.772+0000][21728][safepoint    ] Safepoint "G1Concurrent", Time since last: 78401500 ns, Reaching safepoint: 176400 ns, At safepoint: 598400 ns, Total: 774800 ns
[2020-08-27T11:16:36.772+0000][21728][gc,marking   ] GC(364) Concurrent Cleanup for Next Mark
[2020-08-27T11:16:36.774+0000][21728][gc,marking   ] GC(364) Concurrent Cleanup for Next Mark 1.848ms
[2020-08-27T11:16:36.774+0000][21728][gc           ] GC(364) Concurrent Cycle 202.458ms
[2020-08-27T11:16:36.933+0000][21728][gc,start     ] GC(365) Pause Young (Concurrent Start) (G1 Humongous Allocation)
[2020-08-27T11:16:36.933+0000][21728][gc,task      ] GC(365) Using 8 workers of 8 for evacuation
[2020-08-27T11:16:36.933+0000][21728][gc,age       ] GC(365) Desired survivor size 33030144 bytes, new threshold 15 (max threshold 15)
[2020-08-27T11:16:36.938+0000][21728][gc,age       ] GC(365) Age table with threshold 15 (max threshold 15)
[2020-08-27T11:16:36.938+0000][21728][gc,age       ] GC(365) - age   1:   13628640 bytes,   13628640 total
[2020-08-27T11:16:36.938+0000][21728][gc,age       ] GC(365) - age   2:      30272 bytes,   13658912 total
[2020-08-27T11:16:36.938+0000][21728][gc,age       ] GC(365) - age   3:        992 bytes,   13659904 total
[2020-08-27T11:16:36.938+0000][21728][gc,age       ] GC(365) - age   4:        632 bytes,   13660536 total
[2020-08-27T11:16:36.938+0000][21728][gc,age       ] GC(365) - age   5:        552 bytes,   13661088 total
[2020-08-27T11:16:36.938+0000][21728][gc,age       ] GC(365) - age   6:       1912 bytes,   13663000 total
[2020-08-27T11:16:36.938+0000][21728][gc,age       ] GC(365) - age   7:        544 bytes,   13663544 total
[2020-08-27T11:16:36.938+0000][21728][gc,age       ] GC(365) - age   8:        288 bytes,   13663832 total
[2020-08-27T11:16:36.938+0000][21728][gc,age       ] GC(365) - age   9:       7480 bytes,   13671312 total
[2020-08-27T11:16:36.938+0000][21728][gc,age       ] GC(365) - age  10:        224 bytes,   13671536 total
[2020-08-27T11:16:36.938+0000][21728][gc,age       ] GC(365) - age  11:        384 bytes,   13671920 total
[2020-08-27T11:16:36.938+0000][21728][gc,age       ] GC(365) - age  12:        240 bytes,   13672160 total
[2020-08-27T11:16:36.938+0000][21728][gc,age       ] GC(365) - age  13:      10984 bytes,   13683144 total
[2020-08-27T11:16:36.938+0000][21728][gc,age       ] GC(365) - age  14:      11024 bytes,   13694168 total
[2020-08-27T11:16:36.938+0000][21728][gc,age       ] GC(365) - age  15:      44072 bytes,   13738240 total
[2020-08-27T11:16:36.938+0000][21728][gc,phases    ] GC(365)   Pre Evacuate Collection Set: 0.4ms
[2020-08-27T11:16:36.938+0000][21728][gc,phases    ] GC(365)   Merge Heap Roots: 0.1ms
[2020-08-27T11:16:36.938+0000][21728][gc,phases    ] GC(365)   Evacuate Collection Set: 3.6ms
[2020-08-27T11:16:36.938+0000][21728][gc,phases    ] GC(365)   Post Evacuate Collection Set: 0.9ms
[2020-08-27T11:16:36.938+0000][21728][gc,phases    ] GC(365)   Other: 0.8ms
[2020-08-27T11:16:36.938+0000][21728][gc,heap      ] GC(365) Eden regions: 60->0(481)
[2020-08-27T11:16:36.938+0000][21728][gc,heap      ] GC(365) Survivor regions: 3->14(63)
[2020-08-27T11:16:36.938+0000][21728][gc,heap      ] GC(365) Old regions: 79->79
[2020-08-27T11:16:36.938+0000][21728][gc,heap      ] GC(365) Archive regions: 0->0
[2020-08-27T11:16:36.938+0000][21728][gc,heap      ] GC(365) Humongous regions: 270->174
[2020-08-27T11:16:36.939+0000][21728][gc,metaspace ] GC(365) Metaspace: 87090K(93568K)->87090K(93568K) NonClass: 75986K(79872K)->75986K(79872K) Class: 11103K(13696K)->11103K(13696K)
[2020-08-27T11:16:36.939+0000][21728][gc           ] GC(365) Pause Young (Concurrent Start) (G1 Humongous Allocation) 410M->265M(1024M) 5.924ms
[2020-08-27T11:16:36.939+0000][21728][gc,cpu       ] GC(365) User=0.03s Sys=0.00s Real=0.01s
[2020-08-27T11:16:36.939+0000][21728][gc           ] GC(366) Concurrent Cycle
[2020-08-27T11:16:36.939+0000][21728][safepoint    ] Safepoint "G1TryInitiateConcMark", Time since last: 160406400 ns, Reaching safepoint: 258600 ns, At safepoint: 6128600 ns, Total: 6387200 ns
[2020-08-27T11:16:36.939+0000][21728][gc,marking   ] GC(366) Concurrent Clear Claimed Marks
[2020-08-27T11:16:36.939+0000][21728][gc,marking   ] GC(366) Concurrent Clear Claimed Marks 0.572ms
[2020-08-27T11:16:36.939+0000][21728][gc,marking   ] GC(366) Concurrent Scan Root Regions
[2020-08-27T11:16:36.943+0000][21728][gc,marking   ] GC(366) Concurrent Scan Root Regions 3.388ms
[2020-08-27T11:16:36.943+0000][21728][gc,marking   ] GC(366) Concurrent Mark (114.899s)
[2020-08-27T11:16:36.943+0000][21728][gc,marking   ] GC(366) Concurrent Mark From Roots
[2020-08-27T11:16:36.943+0000][21728][gc,task      ] GC(366) Using 2 workers of 2 for marking
[2020-08-27T11:16:37.106+0000][21728][gc,marking   ] GC(366) Concurrent Mark From Roots 163.116ms
[2020-08-27T11:16:37.106+0000][21728][gc,marking   ] GC(366) Concurrent Preclean
[2020-08-27T11:16:37.107+0000][21728][gc,marking   ] GC(366) Concurrent Preclean 0.648ms
[2020-08-27T11:16:37.107+0000][21728][gc,marking   ] GC(366) Concurrent Mark (114.899s, 115.063s) 163.944ms
[2020-08-27T11:16:37.107+0000][21728][gc,start     ] GC(366) Pause Remark
[2020-08-27T11:16:37.113+0000][21728][gc           ] GC(366) Pause Remark 512M->512M(1024M) 5.825ms
[2020-08-27T11:16:37.113+0000][21728][gc,cpu       ] GC(366) User=0.11s Sys=0.00s Real=0.01s
[2020-08-27T11:16:37.113+0000][21728][safepoint    ] Safepoint "G1Concurrent", Time since last: 168328700 ns, Reaching safepoint: 211600 ns, At safepoint: 6068900 ns, Total: 6280500 ns
[2020-08-27T11:16:37.113+0000][21728][gc,marking   ] GC(366) Concurrent Rebuild Remembered Sets
[2020-08-27T11:16:37.217+0000][21728][gc,marking   ] GC(366) Concurrent Rebuild Remembered Sets 103.396ms
[2020-08-27T11:16:37.217+0000][21728][gc,start     ] GC(366) Pause Cleanup
[2020-08-27T11:16:37.218+0000][21728][gc           ] GC(366) Pause Cleanup 583M->583M(1024M) 0.520ms
[2020-08-27T11:16:37.218+0000][21728][gc,cpu       ] GC(366) User=0.00s Sys=0.00s Real=0.00s
[2020-08-27T11:16:37.218+0000][21728][safepoint    ] Safepoint "G1Concurrent", Time since last: 103640500 ns, Reaching safepoint: 232200 ns, At safepoint: 773700 ns, Total: 1005900 ns
[2020-08-27T11:16:37.218+0000][21728][gc,marking   ] GC(366) Concurrent Cleanup for Next Mark
[2020-08-27T11:16:37.220+0000][21728][gc,marking   ] GC(366) Concurrent Cleanup for Next Mark 1.835ms
[2020-08-27T11:16:37.220+0000][21728][gc           ] GC(366) Concurrent Cycle 281.313ms
[2020-08-27T11:16:37.399+0000][21728][gc,start     ] GC(367) Pause Young (Concurrent Start) (G1 Humongous Allocation)
[2020-08-27T11:16:37.399+0000][21728][gc,task      ] GC(367) Using 8 workers of 8 for evacuation
[2020-08-27T11:16:37.399+0000][21728][gc,age       ] GC(367) Desired survivor size 32505856 bytes, new threshold 15 (max threshold 15)
[2020-08-27T11:16:37.404+0000][21728][gc,age       ] GC(367) Age table with threshold 15 (max threshold 15)
[2020-08-27T11:16:37.404+0000][21728][gc,age       ] GC(367) - age   1:    3896984 bytes,    3896984 total
[2020-08-27T11:16:37.404+0000][21728][gc,age       ] GC(367) - age   2:      23760 bytes,    3920744 total
[2020-08-27T11:16:37.404+0000][21728][gc,age       ] GC(367) - age   3:      18792 bytes,    3939536 total
[2020-08-27T11:16:37.404+0000][21728][gc,age       ] GC(367) - age   4:        712 bytes,    3940248 total
[2020-08-27T11:16:37.404+0000][21728][gc,age       ] GC(367) - age   5:        632 bytes,    3940880 total
[2020-08-27T11:16:37.404+0000][21728][gc,age       ] GC(367) - age   6:        392 bytes,    3941272 total
[2020-08-27T11:16:37.404+0000][21728][gc,age       ] GC(367) - age   7:       1128 bytes,    3942400 total
[2020-08-27T11:16:37.404+0000][21728][gc,age       ] GC(367) - age   8:        544 bytes,    3942944 total
[2020-08-27T11:16:37.404+0000][21728][gc,age       ] GC(367) - age   9:        288 bytes,    3943232 total
[2020-08-27T11:16:37.404+0000][21728][gc,age       ] GC(367) - age  10:       7416 bytes,    3950648 total
[2020-08-27T11:16:37.404+0000][21728][gc,age       ] GC(367) - age  11:        224 bytes,    3950872 total
[2020-08-27T11:16:37.404+0000][21728][gc,age       ] GC(367) - age  12:        384 bytes,    3951256 total
[2020-08-27T11:16:37.404+0000][21728][gc,age       ] GC(367) - age  13:        208 bytes,    3951464 total
[2020-08-27T11:16:37.404+0000][21728][gc,age       ] GC(367) - age  14:      10952 bytes,    3962416 total
[2020-08-27T11:16:37.404+0000][21728][gc,age       ] GC(367) - age  15:      11024 bytes,    3973440 total
[2020-08-27T11:16:37.405+0000][21728][gc,phases    ] GC(367)   Pre Evacuate Collection Set: 0.4ms
[2020-08-27T11:16:37.405+0000][21728][gc,phases    ] GC(367)   Merge Heap Roots: 0.1ms
[2020-08-27T11:16:37.405+0000][21728][gc,phases    ] GC(367)   Evacuate Collection Set: 2.8ms
[2020-08-27T11:16:37.405+0000][21728][gc,phases    ] GC(367)   Post Evacuate Collection Set: 1.2ms
[2020-08-27T11:16:37.405+0000][21728][gc,phases    ] GC(367)   Other: 1.1ms
[2020-08-27T11:16:37.405+0000][21728][gc,heap      ] GC(367) Eden regions: 77->0(492)
[2020-08-27T11:16:37.405+0000][21728][gc,heap      ] GC(367) Survivor regions: 14->5(62)
[2020-08-27T11:16:37.405+0000][21728][gc,heap      ] GC(367) Old regions: 79->79
[2020-08-27T11:16:37.405+0000][21728][gc,heap      ] GC(367) Archive regions: 0->0
[2020-08-27T11:16:37.405+0000][21728][gc,heap      ] GC(367) Humongous regions: 430->174
[2020-08-27T11:16:37.405+0000][21728][gc,metaspace ] GC(367) Metaspace: 87090K(93568K)->87090K(93568K) NonClass: 75986K(79872K)->75986K(79872K) Class: 11103K(13696K)->11103K(13696K)
[2020-08-27T11:16:37.405+0000][21728][gc           ] GC(367) Pause Young (Concurrent Start) (G1 Humongous Allocation) 598M->256M(1024M) 5.857ms
[2020-08-27T11:16:37.405+0000][21728][gc,cpu       ] GC(367) User=0.00s Sys=0.00s Real=0.01s
[2020-08-27T11:16:37.405+0000][21728][safepoint    ] Safepoint "G1TryInitiateConcMark", Time since last: 180883100 ns, Reaching safepoint: 145000 ns, At safepoint: 6067800 ns, Total: 6212800 ns
[2020-08-27T11:16:37.405+0000][21728][gc           ] GC(368) Concurrent Cycle
[2020-08-27T11:16:37.405+0000][21728][gc,marking   ] GC(368) Concurrent Clear Claimed Marks
[2020-08-27T11:16:37.406+0000][21728][gc,marking   ] GC(368) Concurrent Clear Claimed Marks 0.432ms
[2020-08-27T11:16:37.406+0000][21728][gc,marking   ] GC(368) Concurrent Scan Root Regions
[2020-08-27T11:16:37.408+0000][21728][gc,marking   ] GC(368) Concurrent Scan Root Regions 2.196ms
[2020-08-27T11:16:37.408+0000][21728][gc,marking   ] GC(368) Concurrent Mark (115.364s)
[2020-08-27T11:16:37.408+0000][21728][gc,marking   ] GC(368) Concurrent Mark From Roots
[2020-08-27T11:16:37.408+0000][21728][gc,task      ] GC(368) Using 2 workers of 2 for marking
[2020-08-27T11:16:37.519+0000][21728][gc,marking   ] GC(368) Concurrent Mark From Roots 110.885ms
[2020-08-27T11:16:37.519+0000][21728][gc,marking   ] GC(368) Concurrent Preclean
[2020-08-27T11:16:37.519+0000][21728][gc,marking   ] GC(368) Concurrent Preclean 0.433ms
[2020-08-27T11:16:37.519+0000][21728][gc,marking   ] GC(368) Concurrent Mark (115.364s, 115.476s) 111.451ms
[2020-08-27T11:16:37.520+0000][21728][gc,start     ] GC(368) Pause Remark
[2020-08-27T11:16:37.525+0000][21728][gc           ] GC(368) Pause Remark 319M->319M(1024M) 5.066ms
[2020-08-27T11:16:37.525+0000][21728][gc,cpu       ] GC(368) User=0.00s Sys=0.00s Real=0.01s
[2020-08-27T11:16:37.525+0000][21728][safepoint    ] Safepoint "G1Concurrent", Time since last: 114417500 ns, Reaching safepoint: 154900 ns, At safepoint: 5260800 ns, Total: 5415700 ns
[2020-08-27T11:16:37.525+0000][21728][gc,marking   ] GC(368) Concurrent Rebuild Remembered Sets
[2020-08-27T11:16:37.609+0000][21728][gc,marking   ] GC(368) Concurrent Rebuild Remembered Sets 84.206ms
[2020-08-27T11:16:37.609+0000][21728][gc,start     ] GC(368) Pause Cleanup
[2020-08-27T11:16:37.610+0000][21728][gc           ] GC(368) Pause Cleanup 390M->390M(1024M) 0.360ms
[2020-08-27T11:16:37.610+0000][21728][gc,cpu       ] GC(368) User=0.03s Sys=0.00s Real=0.00s
[2020-08-27T11:16:37.610+0000][21728][safepoint    ] Safepoint "G1Concurrent", Time since last: 84372900 ns, Reaching safepoint: 135800 ns, At safepoint: 533400 ns, Total: 669200 ns
[2020-08-27T11:16:37.610+0000][21728][gc,marking   ] GC(368) Concurrent Cleanup for Next Mark
[2020-08-27T11:16:37.612+0000][21728][gc,marking   ] GC(368) Concurrent Cleanup for Next Mark 1.865ms
[2020-08-27T11:16:37.612+0000][21728][gc           ] GC(368) Concurrent Cycle 207.016ms
[2020-08-27T11:16:37.737+0000][21728][gc,start     ] GC(369) Pause Young (Concurrent Start) (G1 Humongous Allocation)
[2020-08-27T11:16:37.737+0000][21728][gc,task      ] GC(369) Using 8 workers of 8 for evacuation
[2020-08-27T11:16:37.737+0000][21728][gc,age       ] GC(369) Desired survivor size 33030144 bytes, new threshold 15 (max threshold 15)
[2020-08-27T11:16:37.740+0000][21728][gc,age       ] GC(369) Age table with threshold 15 (max threshold 15)
[2020-08-27T11:16:37.740+0000][21728][gc,age       ] GC(369) - age   1:    3311320 bytes,    3311320 total
[2020-08-27T11:16:37.740+0000][21728][gc,age       ] GC(369) - age   2:     599696 bytes,    3911016 total
[2020-08-27T11:16:37.740+0000][21728][gc,age       ] GC(369) - age   3:      19848 bytes,    3930864 total
[2020-08-27T11:16:37.740+0000][21728][gc,age       ] GC(369) - age   4:      18424 bytes,    3949288 total
[2020-08-27T11:16:37.740+0000][21728][gc,age       ] GC(369) - age   5:        488 bytes,    3949776 total
[2020-08-27T11:16:37.740+0000][21728][gc,age       ] GC(369) - age   6:        408 bytes,    3950184 total
[2020-08-27T11:16:37.740+0000][21728][gc,age       ] GC(369) - age   7:        360 bytes,    3950544 total
[2020-08-27T11:16:37.740+0000][21728][gc,age       ] GC(369) - age   8:       1128 bytes,    3951672 total
[2020-08-27T11:16:37.740+0000][21728][gc,age       ] GC(369) - age   9:        544 bytes,    3952216 total
[2020-08-27T11:16:37.741+0000][21728][gc,age       ] GC(369) - age  10:        288 bytes,    3952504 total
[2020-08-27T11:16:37.741+0000][21728][gc,age       ] GC(369) - age  11:       7416 bytes,    3959920 total
[2020-08-27T11:16:37.741+0000][21728][gc,age       ] GC(369) - age  12:        224 bytes,    3960144 total
[2020-08-27T11:16:37.741+0000][21728][gc,age       ] GC(369) - age  13:        384 bytes,    3960528 total
[2020-08-27T11:16:37.741+0000][21728][gc,age       ] GC(369) - age  14:        208 bytes,    3960736 total
[2020-08-27T11:16:37.741+0000][21728][gc,age       ] GC(369) - age  15:      10952 bytes,    3971688 total
[2020-08-27T11:16:37.741+0000][21728][gc,phases    ] GC(369)   Pre Evacuate Collection Set: 0.4ms
[2020-08-27T11:16:37.741+0000][21728][gc,phases    ] GC(369)   Merge Heap Roots: 0.1ms
[2020-08-27T11:16:37.741+0000][21728][gc,phases    ] GC(369)   Evacuate Collection Set: 2.0ms
[2020-08-27T11:16:37.741+0000][21728][gc,phases    ] GC(369)   Post Evacuate Collection Set: 0.7ms
[2020-08-27T11:16:37.741+0000][21728][gc,phases    ] GC(369)   Other: 0.9ms
[2020-08-27T11:16:37.741+0000][21728][gc,heap      ] GC(369) Eden regions: 40->0(494)
[2020-08-27T11:16:37.741+0000][21728][gc,heap      ] GC(369) Survivor regions: 5->5(63)
[2020-08-27T11:16:37.741+0000][21728][gc,heap      ] GC(369) Old regions: 79->79
[2020-08-27T11:16:37.741+0000][21728][gc,heap      ] GC(369) Archive regions: 0->0
[2020-08-27T11:16:37.741+0000][21728][gc,heap      ] GC(369) Humongous regions: 278->174
[2020-08-27T11:16:37.741+0000][21728][gc,metaspace ] GC(369) Metaspace: 87090K(93568K)->87090K(93568K) NonClass: 75986K(79872K)->75986K(79872K) Class: 11103K(13696K)->11103K(13696K)
[2020-08-27T11:16:37.741+0000][21728][gc           ] GC(369) Pause Young (Concurrent Start) (G1 Humongous Allocation) 400M->256M(1024M) 4.464ms
[2020-08-27T11:16:37.741+0000][21728][gc,cpu       ] GC(369) User=0.00s Sys=0.00s Real=0.00s
[2020-08-27T11:16:37.741+0000][21728][gc           ] GC(370) Concurrent Cycle
[2020-08-27T11:16:37.741+0000][21728][safepoint    ] Safepoint "G1TryInitiateConcMark", Time since last: 126533900 ns, Reaching safepoint: 162900 ns, At safepoint: 4662600 ns, Total: 4825500 ns
[2020-08-27T11:16:37.741+0000][21728][gc,marking   ] GC(370) Concurrent Clear Claimed Marks
[2020-08-27T11:16:37.742+0000][21728][gc,marking   ] GC(370) Concurrent Clear Claimed Marks 0.553ms
[2020-08-27T11:16:37.742+0000][21728][gc,marking   ] GC(370) Concurrent Scan Root Regions
[2020-08-27T11:16:37.745+0000][21728][gc,marking   ] GC(370) Concurrent Scan Root Regions 3.242ms
[2020-08-27T11:16:37.745+0000][21728][gc,marking   ] GC(370) Concurrent Mark (115.702s)
[2020-08-27T11:16:37.745+0000][21728][gc,marking   ] GC(370) Concurrent Mark From Roots
[2020-08-27T11:16:37.745+0000][21728][gc,task      ] GC(370) Using 2 workers of 2 for marking
[2020-08-27T11:16:37.862+0000][21728][gc,marking   ] GC(370) Concurrent Mark From Roots 116.945ms
[2020-08-27T11:16:37.862+0000][21728][gc,marking   ] GC(370) Concurrent Preclean
[2020-08-27T11:16:37.863+0000][21728][gc,marking   ] GC(370) Concurrent Preclean 0.706ms
[2020-08-27T11:16:37.863+0000][21728][gc,marking   ] GC(370) Concurrent Mark (115.702s, 115.819s) 117.859ms
[2020-08-27T11:16:37.863+0000][21728][gc,start     ] GC(370) Pause Remark
[2020-08-27T11:16:37.870+0000][21728][gc           ] GC(370) Pause Remark 318M->318M(1024M) 6.622ms
[2020-08-27T11:16:37.870+0000][21728][gc,cpu       ] GC(370) User=0.00s Sys=0.00s Real=0.01s
[2020-08-27T11:16:37.870+0000][21728][safepoint    ] Safepoint "G1Concurrent", Time since last: 121981900 ns, Reaching safepoint: 130700 ns, At safepoint: 6821700 ns, Total: 6952400 ns
[2020-08-27T11:16:37.870+0000][21728][gc,marking   ] GC(370) Concurrent Rebuild Remembered Sets
[2020-08-27T11:16:37.935+0000][21728][gc,marking   ] GC(370) Concurrent Rebuild Remembered Sets 64.936ms
[2020-08-27T11:16:37.935+0000][21728][gc,start     ] GC(370) Pause Cleanup
[2020-08-27T11:16:37.936+0000][21728][gc           ] GC(370) Pause Cleanup 389M->389M(1024M) 0.288ms
[2020-08-27T11:16:37.936+0000][21728][gc,cpu       ] GC(370) User=0.00s Sys=0.00s Real=0.00s
[2020-08-27T11:16:37.936+0000][21728][safepoint    ] Safepoint "G1Concurrent", Time since last: 65107600 ns, Reaching safepoint: 154900 ns, At safepoint: 415500 ns, Total: 570400 ns
[2020-08-27T11:16:37.936+0000][21728][gc,marking   ] GC(370) Concurrent Cleanup for Next Mark
[2020-08-27T11:16:37.937+0000][21728][gc,marking   ] GC(370) Concurrent Cleanup for Next Mark 1.188ms
[2020-08-27T11:16:37.937+0000][21728][gc           ] GC(370) Concurrent Cycle 196.001ms
[2020-08-27T11:16:38.075+0000][21728][gc,start     ] GC(371) Pause Young (Concurrent Start) (G1 Humongous Allocation)
[2020-08-27T11:16:38.076+0000][21728][gc,task      ] GC(371) Using 8 workers of 8 for evacuation
[2020-08-27T11:16:38.076+0000][21728][gc,age       ] GC(371) Desired survivor size 33030144 bytes, new threshold 15 (max threshold 15)
[2020-08-27T11:16:38.079+0000][21728][gc,age       ] GC(371) Age table with threshold 15 (max threshold 15)
[2020-08-27T11:16:38.079+0000][21728][gc,age       ] GC(371) - age   1:    3188144 bytes,    3188144 total
[2020-08-27T11:16:38.079+0000][21728][gc,age       ] GC(371) - age   2:     409176 bytes,    3597320 total
[2020-08-27T11:16:38.079+0000][21728][gc,age       ] GC(371) - age   3:     202056 bytes,    3799376 total
[2020-08-27T11:16:38.079+0000][21728][gc,age       ] GC(371) - age   4:      17872 bytes,    3817248 total
[2020-08-27T11:16:38.079+0000][21728][gc,age       ] GC(371) - age   5:      18144 bytes,    3835392 total
[2020-08-27T11:16:38.079+0000][21728][gc,age       ] GC(371) - age   6:        456 bytes,    3835848 total
[2020-08-27T11:16:38.079+0000][21728][gc,age       ] GC(371) - age   7:        408 bytes,    3836256 total
[2020-08-27T11:16:38.079+0000][21728][gc,age       ] GC(371) - age   8:        360 bytes,    3836616 total
[2020-08-27T11:16:38.079+0000][21728][gc,age       ] GC(371) - age   9:       1000 bytes,    3837616 total
[2020-08-27T11:16:38.079+0000][21728][gc,age       ] GC(371) - age  10:        544 bytes,    3838160 total
[2020-08-27T11:16:38.079+0000][21728][gc,age       ] GC(371) - age  11:        256 bytes,    3838416 total
[2020-08-27T11:16:38.079+0000][21728][gc,age       ] GC(371) - age  12:       7416 bytes,    3845832 total
[2020-08-27T11:16:38.079+0000][21728][gc,age       ] GC(371) - age  13:        192 bytes,    3846024 total
[2020-08-27T11:16:38.079+0000][21728][gc,age       ] GC(371) - age  14:        384 bytes,    3846408 total
[2020-08-27T11:16:38.079+0000][21728][gc,age       ] GC(371) - age  15:         96 bytes,    3846504 total
[2020-08-27T11:16:38.079+0000][21728][gc,phases    ] GC(371)   Pre Evacuate Collection Set: 0.3ms
[2020-08-27T11:16:38.079+0000][21728][gc,phases    ] GC(371)   Merge Heap Roots: 0.1ms
[2020-08-27T11:16:38.079+0000][21728][gc,phases    ] GC(371)   Evacuate Collection Set: 2.0ms
[2020-08-27T11:16:38.079+0000][21728][gc,phases    ] GC(371)   Post Evacuate Collection Set: 0.7ms
[2020-08-27T11:16:38.079+0000][21728][gc,phases    ] GC(371)   Other: 0.7ms
[2020-08-27T11:16:38.079+0000][21728][gc,heap      ] GC(371) Eden regions: 40->0(497)
[2020-08-27T11:16:38.079+0000][21728][gc,heap      ] GC(371) Survivor regions: 5->4(63)
[2020-08-27T11:16:38.079+0000][21728][gc,heap      ] GC(371) Old regions: 79->79
[2020-08-27T11:16:38.079+0000][21728][gc,heap      ] GC(371) Archive regions: 0->0
[2020-08-27T11:16:38.079+0000][21728][gc,heap      ] GC(371) Humongous regions: 278->174
[2020-08-27T11:16:38.079+0000][21728][gc,metaspace ] GC(371) Metaspace: 87090K(93568K)->87090K(93568K) NonClass: 75986K(79872K)->75986K(79872K) Class: 11103K(13696K)->11103K(13696K)
[2020-08-27T11:16:38.079+0000][21728][gc           ] GC(371) Pause Young (Concurrent Start) (G1 Humongous Allocation) 400M->256M(1024M) 3.961ms
[2020-08-27T11:16:38.079+0000][21728][gc,cpu       ] GC(371) User=0.00s Sys=0.00s Real=0.00s
[2020-08-27T11:16:38.080+0000][21728][gc           ] GC(372) Concurrent Cycle
[2020-08-27T11:16:38.080+0000][21728][safepoint    ] Safepoint "G1TryInitiateConcMark", Time since last: 139410600 ns, Reaching safepoint: 116900 ns, At safepoint: 4152200 ns, Total: 4269100 ns
[2020-08-27T11:16:38.080+0000][21728][gc,marking   ] GC(372) Concurrent Clear Claimed Marks
[2020-08-27T11:16:38.080+0000][21728][gc,marking   ] GC(372) Concurrent Clear Claimed Marks 0.740ms
[2020-08-27T11:16:38.080+0000][21728][gc,marking   ] GC(372) Concurrent Scan Root Regions
[2020-08-27T11:16:38.083+0000][21728][gc,marking   ] GC(372) Concurrent Scan Root Regions 2.744ms
[2020-08-27T11:16:38.083+0000][21728][gc,marking   ] GC(372) Concurrent Mark (116.040s)
[2020-08-27T11:16:38.083+0000][21728][gc,marking   ] GC(372) Concurrent Mark From Roots
[2020-08-27T11:16:38.083+0000][21728][gc,task      ] GC(372) Using 2 workers of 2 for marking
[2020-08-27T11:16:38.192+0000][21728][gc,marking   ] GC(372) Concurrent Mark From Roots 108.218ms
[2020-08-27T11:16:38.192+0000][21728][gc,marking   ] GC(372) Concurrent Preclean
[2020-08-27T11:16:38.192+0000][21728][gc,marking   ] GC(372) Concurrent Preclean 0.361ms
[2020-08-27T11:16:38.192+0000][21728][gc,marking   ] GC(372) Concurrent Mark (116.040s, 116.148s) 108.694ms
[2020-08-27T11:16:38.192+0000][21728][gc,start     ] GC(372) Pause Remark
[2020-08-27T11:16:38.198+0000][21728][gc           ] GC(372) Pause Remark 314M->314M(1024M) 5.182ms
[2020-08-27T11:16:38.198+0000][21728][gc,cpu       ] GC(372) User=0.00s Sys=0.00s Real=0.01s
[2020-08-27T11:16:38.198+0000][21728][safepoint    ] Safepoint "G1Concurrent", Time since last: 112619400 ns, Reaching safepoint: 129400 ns, At safepoint: 5381400 ns, Total: 5510800 ns
[2020-08-27T11:16:38.198+0000][21728][gc,marking   ] GC(372) Concurrent Rebuild Remembered Sets
[2020-08-27T11:16:38.275+0000][21728][gc,marking   ] GC(372) Concurrent Rebuild Remembered Sets 77.260ms
[2020-08-27T11:16:38.275+0000][21728][gc,start     ] GC(372) Pause Cleanup
[2020-08-27T11:16:38.276+0000][21728][gc           ] GC(372) Pause Cleanup 339M->339M(1024M) 0.444ms
[2020-08-27T11:16:38.276+0000][21728][gc,cpu       ] GC(372) User=0.00s Sys=0.00s Real=0.00s
[2020-08-27T11:16:38.277+0000][21728][safepoint    ] Safepoint "G1Concurrent", Time since last: 77493300 ns, Reaching safepoint: 195600 ns, At safepoint: 1388500 ns, Total: 1584100 ns
[2020-08-27T11:16:38.277+0000][21728][gc,marking   ] GC(372) Concurrent Cleanup for Next Mark
[2020-08-27T11:16:38.279+0000][21728][gc,marking   ] GC(372) Concurrent Cleanup for Next Mark 1.912ms
[2020-08-27T11:16:38.279+0000][21728][gc           ] GC(372) Concurrent Cycle 199.388ms
[2020-08-27T11:16:38.282+0000][21728][gc,start     ] GC(373) Pause Young (Concurrent Start) (G1 Humongous Allocation)
[2020-08-27T11:16:38.282+0000][21728][gc,task      ] GC(373) Using 8 workers of 8 for evacuation
[2020-08-27T11:16:38.282+0000][21728][gc,age       ] GC(373) Desired survivor size 33030144 bytes, new threshold 15 (max threshold 15)
[2020-08-27T11:16:38.288+0000][21728][gc,age       ] GC(373) Age table with threshold 15 (max threshold 15)
[2020-08-27T11:16:38.288+0000][21728][gc,age       ] GC(373) - age   1:   13257864 bytes,   13257864 total
[2020-08-27T11:16:38.288+0000][21728][gc,age       ] GC(373) - age   2:       2056 bytes,   13259920 total
[2020-08-27T11:16:38.288+0000][21728][gc,age       ] GC(373) - age   3:       4648 bytes,   13264568 total
[2020-08-27T11:16:38.288+0000][21728][gc,age       ] GC(373) - age   4:       1688 bytes,   13266256 total
[2020-08-27T11:16:38.288+0000][21728][gc,age       ] GC(373) - age   5:      16192 bytes,   13282448 total
[2020-08-27T11:16:38.288+0000][21728][gc,age       ] GC(373) - age   6:      17424 bytes,   13299872 total
[2020-08-27T11:16:38.288+0000][21728][gc,age       ] GC(373) - age   7:        456 bytes,   13300328 total
[2020-08-27T11:16:38.288+0000][21728][gc,age       ] GC(373) - age   8:        384 bytes,   13300712 total
[2020-08-27T11:16:38.288+0000][21728][gc,age       ] GC(373) - age   9:        360 bytes,   13301072 total
[2020-08-27T11:16:38.288+0000][21728][gc,age       ] GC(373) - age  10:       1000 bytes,   13302072 total
[2020-08-27T11:16:38.288+0000][21728][gc,age       ] GC(373) - age  11:        448 bytes,   13302520 total
[2020-08-27T11:16:38.288+0000][21728][gc,age       ] GC(373) - age  12:        256 bytes,   13302776 total
[2020-08-27T11:16:38.288+0000][21728][gc,age       ] GC(373) - age  13:       7416 bytes,   13310192 total
[2020-08-27T11:16:38.288+0000][21728][gc,age       ] GC(373) - age  14:        192 bytes,   13310384 total
[2020-08-27T11:16:38.288+0000][21728][gc,age       ] GC(373) - age  15:        384 bytes,   13310768 total
[2020-08-27T11:16:38.288+0000][21728][gc,phases    ] GC(373)   Pre Evacuate Collection Set: 0.7ms
[2020-08-27T11:16:38.288+0000][21728][gc,phases    ] GC(373)   Merge Heap Roots: 0.1ms
[2020-08-27T11:16:38.288+0000][21728][gc,phases    ] GC(373)   Evacuate Collection Set: 3.4ms
[2020-08-27T11:16:38.288+0000][21728][gc,phases    ] GC(373)   Post Evacuate Collection Set: 0.8ms
[2020-08-27T11:16:38.288+0000][21728][gc,phases    ] GC(373)   Other: 1.2ms
[2020-08-27T11:16:38.288+0000][21728][gc,heap      ] GC(373) Eden regions: 41->0(481)
[2020-08-27T11:16:38.289+0000][21728][gc,heap      ] GC(373) Survivor regions: 4->13(63)
[2020-08-27T11:16:38.289+0000][21728][gc,heap      ] GC(373) Old regions: 79->79
[2020-08-27T11:16:38.289+0000][21728][gc,heap      ] GC(373) Archive regions: 0->0
[2020-08-27T11:16:38.289+0000][21728][gc,heap      ] GC(373) Humongous regions: 228->174
[2020-08-27T11:16:38.289+0000][21728][gc,metaspace ] GC(373) Metaspace: 87092K(93568K)->87092K(93568K) NonClass: 75988K(79872K)->75988K(79872K) Class: 11103K(13696K)->11103K(13696K)
[2020-08-27T11:16:38.289+0000][21728][gc           ] GC(373) Pause Young (Concurrent Start) (G1 Humongous Allocation) 351M->265M(1024M) 6.559ms
[2020-08-27T11:16:38.289+0000][21728][gc,cpu       ] GC(373) User=0.00s Sys=0.00s Real=0.01s
[2020-08-27T11:16:38.289+0000][21728][gc           ] GC(374) Concurrent Cycle
[2020-08-27T11:16:38.289+0000][21728][safepoint    ] Safepoint "G1TryInitiateConcMark", Time since last: 5057900 ns, Reaching safepoint: 237600 ns, At safepoint: 6745300 ns, Total: 6982900 ns
[2020-08-27T11:16:38.289+0000][21728][gc,marking   ] GC(374) Concurrent Clear Claimed Marks
[2020-08-27T11:16:38.290+0000][21728][gc,marking   ] GC(374) Concurrent Clear Claimed Marks 0.840ms
[2020-08-27T11:16:38.290+0000][21728][gc,marking   ] GC(374) Concurrent Scan Root Regions
[2020-08-27T11:16:38.294+0000][21728][gc,marking   ] GC(374) Concurrent Scan Root Regions 3.832ms
[2020-08-27T11:16:38.294+0000][21728][gc,marking   ] GC(374) Concurrent Mark (116.250s)
[2020-08-27T11:16:38.294+0000][21728][gc,marking   ] GC(374) Concurrent Mark From Roots
[2020-08-27T11:16:38.294+0000][21728][gc,task      ] GC(374) Using 2 workers of 2 for marking
[2020-08-27T11:16:38.445+0000][21728][gc,marking   ] GC(374) Concurrent Mark From Roots 151.019ms
[2020-08-27T11:16:38.445+0000][21728][gc,marking   ] GC(374) Concurrent Preclean
[2020-08-27T11:16:38.445+0000][21728][gc,marking   ] GC(374) Concurrent Preclean 0.488ms
[2020-08-27T11:16:38.446+0000][21728][gc,marking   ] GC(374) Concurrent Mark (116.250s, 116.402s) 151.741ms
[2020-08-27T11:16:38.446+0000][21728][gc,start     ] GC(374) Pause Remark
[2020-08-27T11:16:38.453+0000][21728][gc           ] GC(374) Pause Remark 505M->505M(1024M) 6.904ms
[2020-08-27T11:16:38.453+0000][21728][gc,cpu       ] GC(374) User=0.00s Sys=0.00s Real=0.01s
[2020-08-27T11:16:38.453+0000][21728][safepoint    ] Safepoint "G1Concurrent", Time since last: 156805900 ns, Reaching safepoint: 161000 ns, At safepoint: 7260200 ns, Total: 7421200 ns
[2020-08-27T11:16:38.453+0000][21728][gc,marking   ] GC(374) Concurrent Rebuild Remembered Sets
[2020-08-27T11:16:38.545+0000][21728][gc,marking   ] GC(374) Concurrent Rebuild Remembered Sets 91.894ms
[2020-08-27T11:16:38.545+0000][21728][gc,start     ] GC(374) Pause Cleanup
[2020-08-27T11:16:38.546+0000][21728][gc           ] GC(374) Pause Cleanup 579M->579M(1024M) 0.261ms
[2020-08-27T11:16:38.546+0000][21728][gc,cpu       ] GC(374) User=0.00s Sys=0.00s Real=0.00s
[2020-08-27T11:16:38.546+0000][21728][safepoint    ] Safepoint "G1Concurrent", Time since last: 92103300 ns, Reaching safepoint: 150100 ns, At safepoint: 432900 ns, Total: 583000 ns
[2020-08-27T11:16:38.546+0000][21728][gc,marking   ] GC(374) Concurrent Cleanup for Next Mark
[2020-08-27T11:16:38.548+0000][21728][gc,marking   ] GC(374) Concurrent Cleanup for Next Mark 1.890ms
[2020-08-27T11:16:38.548+0000][21728][gc           ] GC(374) Concurrent Cycle 259.034ms
[2020-08-27T11:16:38.670+0000][21728][gc,start     ] GC(375) Pause Young (Concurrent Start) (G1 Humongous Allocation)
[2020-08-27T11:16:38.670+0000][21728][gc,task      ] GC(375) Using 8 workers of 8 for evacuation
[2020-08-27T11:16:38.670+0000][21728][gc,age       ] GC(375) Desired survivor size 32505856 bytes, new threshold 15 (max threshold 15)
[2020-08-27T11:16:38.675+0000][21728][gc,age       ] GC(375) Age table with threshold 15 (max threshold 15)
[2020-08-27T11:16:38.675+0000][21728][gc,age       ] GC(375) - age   1:   13507968 bytes,   13507968 total
[2020-08-27T11:16:38.675+0000][21728][gc,age       ] GC(375) - age   2:      11616 bytes,   13519584 total
[2020-08-27T11:16:38.675+0000][21728][gc,age       ] GC(375) - age   3:       1608 bytes,   13521192 total
[2020-08-27T11:16:38.675+0000][21728][gc,age       ] GC(375) - age   4:       4248 bytes,   13525440 total
[2020-08-27T11:16:38.675+0000][21728][gc,age       ] GC(375) - age   5:       1152 bytes,   13526592 total
[2020-08-27T11:16:38.675+0000][21728][gc,age       ] GC(375) - age   6:      15712 bytes,   13542304 total
[2020-08-27T11:16:38.675+0000][21728][gc,age       ] GC(375) - age   7:      17360 bytes,   13559664 total
[2020-08-27T11:16:38.675+0000][21728][gc,age       ] GC(375) - age   8:        456 bytes,   13560120 total
[2020-08-27T11:16:38.675+0000][21728][gc,age       ] GC(375) - age   9:        384 bytes,   13560504 total
[2020-08-27T11:16:38.675+0000][21728][gc,age       ] GC(375) - age  10:        232 bytes,   13560736 total
[2020-08-27T11:16:38.675+0000][21728][gc,age       ] GC(375) - age  11:       1000 bytes,   13561736 total
[2020-08-27T11:16:38.675+0000][21728][gc,age       ] GC(375) - age  12:        448 bytes,   13562184 total
[2020-08-27T11:16:38.675+0000][21728][gc,age       ] GC(375) - age  13:        256 bytes,   13562440 total
[2020-08-27T11:16:38.675+0000][21728][gc,age       ] GC(375) - age  14:       7288 bytes,   13569728 total
[2020-08-27T11:16:38.675+0000][21728][gc,age       ] GC(375) - age  15:        192 bytes,   13569920 total
[2020-08-27T11:16:38.676+0000][21728][gc,phases    ] GC(375)   Pre Evacuate Collection Set: 0.4ms
[2020-08-27T11:16:38.676+0000][21728][gc,phases    ] GC(375)   Merge Heap Roots: 0.1ms
[2020-08-27T11:16:38.676+0000][21728][gc,phases    ] GC(375)   Evacuate Collection Set: 3.5ms
[2020-08-27T11:16:38.676+0000][21728][gc,phases    ] GC(375)   Post Evacuate Collection Set: 0.8ms
[2020-08-27T11:16:38.676+0000][21728][gc,phases    ] GC(375)   Other: 0.7ms
[2020-08-27T11:16:38.676+0000][21728][gc,heap      ] GC(375) Eden regions: 97->0(475)
[2020-08-27T11:16:38.676+0000][21728][gc,heap      ] GC(375) Survivor regions: 13->14(62)
[2020-08-27T11:16:38.676+0000][21728][gc,heap      ] GC(375) Old regions: 79->79
[2020-08-27T11:16:38.676+0000][21728][gc,heap      ] GC(375) Archive regions: 0->0
[2020-08-27T11:16:38.676+0000][21728][gc,heap      ] GC(375) Humongous regions: 424->174
[2020-08-27T11:16:38.676+0000][21728][gc,metaspace ] GC(375) Metaspace: 87099K(93568K)->87099K(93568K) NonClass: 75995K(79872K)->75995K(79872K) Class: 11103K(13696K)->11103K(13696K)
[2020-08-27T11:16:38.676+0000][21728][gc           ] GC(375) Pause Young (Concurrent Start) (G1 Humongous Allocation) 611M->266M(1024M) 5.721ms
[2020-08-27T11:16:38.676+0000][21728][gc,cpu       ] GC(375) User=0.11s Sys=0.00s Real=0.01s
[2020-08-27T11:16:38.676+0000][21728][gc           ] GC(376) Concurrent Cycle
[2020-08-27T11:16:38.676+0000][21728][safepoint    ] Safepoint "G1TryInitiateConcMark", Time since last: 124192700 ns, Reaching safepoint: 151000 ns, At safepoint: 5919300 ns, Total: 6070300 ns
[2020-08-27T11:16:38.676+0000][21728][gc,marking   ] GC(376) Concurrent Clear Claimed Marks
[2020-08-27T11:16:38.677+0000][21728][gc,marking   ] GC(376) Concurrent Clear Claimed Marks 0.780ms
[2020-08-27T11:16:38.677+0000][21728][gc,marking   ] GC(376) Concurrent Scan Root Regions
[2020-08-27T11:16:38.682+0000][21728][gc,marking   ] GC(376) Concurrent Scan Root Regions 4.880ms
[2020-08-27T11:16:38.682+0000][21728][gc,marking   ] GC(376) Concurrent Mark (116.638s)
[2020-08-27T11:16:38.682+0000][21728][gc,marking   ] GC(376) Concurrent Mark From Roots
[2020-08-27T11:16:38.682+0000][21728][gc,task      ] GC(376) Using 2 workers of 2 for marking
[2020-08-27T11:16:38.833+0000][21728][gc,marking   ] GC(376) Concurrent Mark From Roots 151.043ms
[2020-08-27T11:16:38.833+0000][21728][gc,marking   ] GC(376) Concurrent Preclean
[2020-08-27T11:16:38.834+0000][21728][gc,marking   ] GC(376) Concurrent Preclean 0.603ms
[2020-08-27T11:16:38.834+0000][21728][gc,marking   ] GC(376) Concurrent Mark (116.638s, 116.790s) 151.894ms
[2020-08-27T11:16:38.834+0000][21728][gc,start     ] GC(376) Pause Remark
[2020-08-27T11:16:38.840+0000][21728][gc           ] GC(376) Pause Remark 511M->511M(1024M) 5.864ms
[2020-08-27T11:16:38.840+0000][21728][gc,cpu       ] GC(376) User=0.00s Sys=0.00s Real=0.01s
[2020-08-27T11:16:38.840+0000][21728][safepoint    ] Safepoint "G1Concurrent", Time since last: 158030900 ns, Reaching safepoint: 139300 ns, At safepoint: 6061500 ns, Total: 6200800 ns
[2020-08-27T11:16:38.840+0000][21728][gc,marking   ] GC(376) Concurrent Rebuild Remembered Sets
[2020-08-27T11:16:38.934+0000][21728][gc,marking   ] GC(376) Concurrent Rebuild Remembered Sets 94.116ms
[2020-08-27T11:16:38.935+0000][21728][gc,start     ] GC(376) Pause Cleanup
[2020-08-27T11:16:38.935+0000][21728][gc           ] GC(376) Pause Cleanup 582M->582M(1024M) 0.270ms
[2020-08-27T11:16:38.935+0000][21728][gc,cpu       ] GC(376) User=0.00s Sys=0.00s Real=0.00s
[2020-08-27T11:16:38.935+0000][21728][safepoint    ] Safepoint "G1Concurrent", Time since last: 94307300 ns, Reaching safepoint: 182000 ns, At safepoint: 426600 ns, Total: 608600 ns
[2020-08-27T11:16:38.935+0000][21728][gc,marking   ] GC(376) Concurrent Cleanup for Next Mark
[2020-08-27T11:16:38.937+0000][21728][gc,marking   ] GC(376) Concurrent Cleanup for Next Mark 1.871ms
[2020-08-27T11:16:38.937+0000][21728][gc           ] GC(376) Concurrent Cycle 261.276ms
[2020-08-27T11:16:39.072+0000][21728][gc,start     ] GC(377) Pause Young (Concurrent Start) (G1 Humongous Allocation)
[2020-08-27T11:16:39.072+0000][21728][gc,task      ] GC(377) Using 8 workers of 8 for evacuation
[2020-08-27T11:16:39.073+0000][21728][gc,age       ] GC(377) Desired survivor size 32505856 bytes, new threshold 15 (max threshold 15)
[2020-08-27T11:16:39.076+0000][21728][gc,age       ] GC(377) Age table with threshold 15 (max threshold 15)
[2020-08-27T11:16:39.076+0000][21728][gc,age       ] GC(377) - age   1:    3897488 bytes,    3897488 total
[2020-08-27T11:16:39.076+0000][21728][gc,age       ] GC(377) - age   2:       8520 bytes,    3906008 total
[2020-08-27T11:16:39.076+0000][21728][gc,age       ] GC(377) - age   3:      11408 bytes,    3917416 total
[2020-08-27T11:16:39.076+0000][21728][gc,age       ] GC(377) - age   4:       1224 bytes,    3918640 total
[2020-08-27T11:16:39.076+0000][21728][gc,age       ] GC(377) - age   5:       3360 bytes,    3922000 total
[2020-08-27T11:16:39.076+0000][21728][gc,age       ] GC(377) - age   6:       1056 bytes,    3923056 total
[2020-08-27T11:16:39.076+0000][21728][gc,age       ] GC(377) - age   7:      15520 bytes,    3938576 total
[2020-08-27T11:16:39.076+0000][21728][gc,age       ] GC(377) - age   8:      17360 bytes,    3955936 total
[2020-08-27T11:16:39.076+0000][21728][gc,age       ] GC(377) - age   9:        328 bytes,    3956264 total
[2020-08-27T11:16:39.076+0000][21728][gc,age       ] GC(377) - age  10:        384 bytes,    3956648 total
[2020-08-27T11:16:39.076+0000][21728][gc,age       ] GC(377) - age  11:        136 bytes,    3956784 total
[2020-08-27T11:16:39.076+0000][21728][gc,age       ] GC(377) - age  12:       1000 bytes,    3957784 total
[2020-08-27T11:16:39.076+0000][21728][gc,age       ] GC(377) - age  13:        448 bytes,    3958232 total
[2020-08-27T11:16:39.076+0000][21728][gc,age       ] GC(377) - age  14:        224 bytes,    3958456 total
[2020-08-27T11:16:39.076+0000][21728][gc,age       ] GC(377) - age  15:       7288 bytes,    3965744 total
[2020-08-27T11:16:39.076+0000][21728][gc,phases    ] GC(377)   Pre Evacuate Collection Set: 0.4ms
[2020-08-27T11:16:39.076+0000][21728][gc,phases    ] GC(377)   Merge Heap Roots: 0.1ms
[2020-08-27T11:16:39.076+0000][21728][gc,phases    ] GC(377)   Evacuate Collection Set: 2.1ms
[2020-08-27T11:16:39.076+0000][21728][gc,phases    ] GC(377)   Post Evacuate Collection Set: 0.8ms
[2020-08-27T11:16:39.077+0000][21728][gc,phases    ] GC(377)   Other: 0.7ms
[2020-08-27T11:16:39.077+0000][21728][gc,heap      ] GC(377) Eden regions: 77->0(487)
[2020-08-27T11:16:39.077+0000][21728][gc,heap      ] GC(377) Survivor regions: 14->5(62)
[2020-08-27T11:16:39.077+0000][21728][gc,heap      ] GC(377) Old regions: 79->79
[2020-08-27T11:16:39.077+0000][21728][gc,heap      ] GC(377) Archive regions: 0->0
[2020-08-27T11:16:39.077+0000][21728][gc,heap      ] GC(377) Humongous regions: 430->174
[2020-08-27T11:16:39.077+0000][21728][gc,metaspace ] GC(377) Metaspace: 87099K(93568K)->87099K(93568K) NonClass: 75995K(79872K)->75995K(79872K) Class: 11103K(13696K)->11103K(13696K)
[2020-08-27T11:16:39.077+0000][21728][gc           ] GC(377) Pause Young (Concurrent Start) (G1 Humongous Allocation) 598M->257M(1024M) 4.291ms
[2020-08-27T11:16:39.077+0000][21728][gc,cpu       ] GC(377) User=0.00s Sys=0.00s Real=0.00s
[2020-08-27T11:16:39.077+0000][21728][safepoint    ] Safepoint "G1TryInitiateConcMark", Time since last: 137098600 ns, Reaching safepoint: 129900 ns, At safepoint: 4439300 ns, Total: 4569200 ns
[2020-08-27T11:16:39.077+0000][21728][gc           ] GC(378) Concurrent Cycle
[2020-08-27T11:16:39.077+0000][21728][gc,marking   ] GC(378) Concurrent Clear Claimed Marks
[2020-08-27T11:16:39.077+0000][21728][gc,marking   ] GC(378) Concurrent Clear Claimed Marks 0.404ms
[2020-08-27T11:16:39.077+0000][21728][gc,marking   ] GC(378) Concurrent Scan Root Regions
[2020-08-27T11:16:39.080+0000][21728][gc,marking   ] GC(378) Concurrent Scan Root Regions 2.187ms
[2020-08-27T11:16:39.080+0000][21728][gc,marking   ] GC(378) Concurrent Mark (117.036s)
[2020-08-27T11:16:39.080+0000][21728][gc,marking   ] GC(378) Concurrent Mark From Roots
[2020-08-27T11:16:39.080+0000][21728][gc,task      ] GC(378) Using 2 workers of 2 for marking
[2020-08-27T11:16:39.167+0000][21728][gc,marking   ] GC(378) Concurrent Mark From Roots 87.074ms
[2020-08-27T11:16:39.167+0000][21728][gc,marking   ] GC(378) Concurrent Preclean
[2020-08-27T11:16:39.167+0000][21728][gc,marking   ] GC(378) Concurrent Preclean 0.353ms
[2020-08-27T11:16:39.167+0000][21728][gc,marking   ] GC(378) Concurrent Mark (117.036s, 117.123s) 87.565ms
[2020-08-27T11:16:39.168+0000][21728][gc,start     ] GC(378) Pause Remark
[2020-08-27T11:16:39.173+0000][21728][gc           ] GC(378) Pause Remark 319M->319M(1024M) 5.049ms
[2020-08-27T11:16:39.173+0000][21728][gc,cpu       ] GC(378) User=0.02s Sys=0.02s Real=0.01s
[2020-08-27T11:16:39.173+0000][21728][safepoint    ] Safepoint "G1Concurrent", Time since last: 90549500 ns, Reaching safepoint: 133000 ns, At safepoint: 5220600 ns, Total: 5353600 ns
[2020-08-27T11:16:39.173+0000][21728][gc,marking   ] GC(378) Concurrent Rebuild Remembered Sets
[2020-08-27T11:16:39.233+0000][21728][gc,marking   ] GC(378) Concurrent Rebuild Remembered Sets 59.817ms
[2020-08-27T11:16:39.233+0000][21728][gc,start     ] GC(378) Pause Cleanup
[2020-08-27T11:16:39.233+0000][21728][gc           ] GC(378) Pause Cleanup 390M->390M(1024M) 0.267ms
[2020-08-27T11:16:39.233+0000][21728][gc,cpu       ] GC(378) User=0.00s Sys=0.00s Real=0.00s
[2020-08-27T11:16:39.233+0000][21728][safepoint    ] Safepoint "G1Concurrent", Time since last: 59974000 ns, Reaching safepoint: 152500 ns, At safepoint: 374400 ns, Total: 526900 ns
[2020-08-27T11:16:39.233+0000][21728][gc,marking   ] GC(378) Concurrent Cleanup for Next Mark
[2020-08-27T11:16:39.235+0000][21728][gc,marking   ] GC(378) Concurrent Cleanup for Next Mark 1.604ms
[2020-08-27T11:16:39.235+0000][21728][gc           ] GC(378) Concurrent Cycle 158.134ms
[2020-08-27T11:16:39.349+0000][21728][gc,start     ] GC(379) Pause Young (Concurrent Start) (G1 Humongous Allocation)
[2020-08-27T11:16:39.350+0000][21728][gc,task      ] GC(379) Using 8 workers of 8 for evacuation
[2020-08-27T11:16:39.350+0000][21728][gc,age       ] GC(379) Desired survivor size 32505856 bytes, new threshold 15 (max threshold 15)
[2020-08-27T11:16:39.353+0000][21728][gc,age       ] GC(379) Age table with threshold 15 (max threshold 15)
[2020-08-27T11:16:39.353+0000][21728][gc,age       ] GC(379) - age   1:    3308056 bytes,    3308056 total
[2020-08-27T11:16:39.353+0000][21728][gc,age       ] GC(379) - age   2:     600320 bytes,    3908376 total
[2020-08-27T11:16:39.353+0000][21728][gc,age       ] GC(379) - age   3:       5344 bytes,    3913720 total
[2020-08-27T11:16:39.353+0000][21728][gc,age       ] GC(379) - age   4:      11144 bytes,    3924864 total
[2020-08-27T11:16:39.353+0000][21728][gc,age       ] GC(379) - age   5:       1064 bytes,    3925928 total
[2020-08-27T11:16:39.353+0000][21728][gc,age       ] GC(379) - age   6:       3200 bytes,    3929128 total
[2020-08-27T11:16:39.353+0000][21728][gc,age       ] GC(379) - age   7:        960 bytes,    3930088 total
[2020-08-27T11:16:39.353+0000][21728][gc,age       ] GC(379) - age   8:      15360 bytes,    3945448 total
[2020-08-27T11:16:39.353+0000][21728][gc,age       ] GC(379) - age   9:      17264 bytes,    3962712 total
[2020-08-27T11:16:39.353+0000][21728][gc,age       ] GC(379) - age  10:        328 bytes,    3963040 total
[2020-08-27T11:16:39.353+0000][21728][gc,age       ] GC(379) - age  11:        384 bytes,    3963424 total
[2020-08-27T11:16:39.353+0000][21728][gc,age       ] GC(379) - age  12:        136 bytes,    3963560 total
[2020-08-27T11:16:39.353+0000][21728][gc,age       ] GC(379) - age  13:       1000 bytes,    3964560 total
[2020-08-27T11:16:39.353+0000][21728][gc,age       ] GC(379) - age  14:        448 bytes,    3965008 total
[2020-08-27T11:16:39.354+0000][21728][gc,age       ] GC(379) - age  15:        224 bytes,    3965232 total
[2020-08-27T11:16:39.354+0000][21728][gc,phases    ] GC(379)   Pre Evacuate Collection Set: 0.5ms
[2020-08-27T11:16:39.354+0000][21728][gc,phases    ] GC(379)   Merge Heap Roots: 0.1ms
[2020-08-27T11:16:39.354+0000][21728][gc,phases    ] GC(379)   Evacuate Collection Set: 1.9ms
[2020-08-27T11:16:39.354+0000][21728][gc,phases    ] GC(379)   Post Evacuate Collection Set: 0.7ms
[2020-08-27T11:16:39.354+0000][21728][gc,phases    ] GC(379)   Other: 0.8ms
[2020-08-27T11:16:39.354+0000][21728][gc,heap      ] GC(379) Eden regions: 40->0(490)
[2020-08-27T11:16:39.354+0000][21728][gc,heap      ] GC(379) Survivor regions: 5->5(62)
[2020-08-27T11:16:39.354+0000][21728][gc,heap      ] GC(379) Old regions: 79->79
[2020-08-27T11:16:39.354+0000][21728][gc,heap      ] GC(379) Archive regions: 0->0
[2020-08-27T11:16:39.354+0000][21728][gc,heap      ] GC(379) Humongous regions: 278->174
[2020-08-27T11:16:39.354+0000][21728][gc,metaspace ] GC(379) Metaspace: 87100K(93568K)->87100K(93568K) NonClass: 75996K(79872K)->75996K(79872K) Class: 11103K(13696K)->11103K(13696K)
[2020-08-27T11:16:39.354+0000][21728][gc           ] GC(379) Pause Young (Concurrent Start) (G1 Humongous Allocation) 401M->257M(1024M) 4.345ms
[2020-08-27T11:16:39.354+0000][21728][gc,cpu       ] GC(379) User=0.00s Sys=0.00s Real=0.01s
[2020-08-27T11:16:39.354+0000][21728][safepoint    ] Safepoint "G1TryInitiateConcMark", Time since last: 116076500 ns, Reaching safepoint: 125200 ns, At safepoint: 4509200 ns, Total: 4634400 ns
[2020-08-27T11:16:39.354+0000][21728][gc           ] GC(380) Concurrent Cycle
[2020-08-27T11:16:39.354+0000][21728][gc,marking   ] GC(380) Concurrent Clear Claimed Marks
[2020-08-27T11:16:39.355+0000][21728][gc,marking   ] GC(380) Concurrent Clear Claimed Marks 0.480ms
[2020-08-27T11:16:39.355+0000][21728][gc,marking   ] GC(380) Concurrent Scan Root Regions
[2020-08-27T11:16:39.358+0000][21728][gc,marking   ] GC(380) Concurrent Scan Root Regions 3.084ms
[2020-08-27T11:16:39.358+0000][21728][gc,marking   ] GC(380) Concurrent Mark (117.314s)
[2020-08-27T11:16:39.358+0000][21728][gc,marking   ] GC(380) Concurrent Mark From Roots
[2020-08-27T11:16:39.358+0000][21728][gc,task      ] GC(380) Using 2 workers of 2 for marking
[2020-08-27T11:16:39.475+0000][21728][gc,marking   ] GC(380) Concurrent Mark From Roots 116.858ms
[2020-08-27T11:16:39.475+0000][21728][gc,marking   ] GC(380) Concurrent Preclean
[2020-08-27T11:16:39.475+0000][21728][gc,marking   ] GC(380) Concurrent Preclean 0.320ms
[2020-08-27T11:16:39.475+0000][21728][gc,marking   ] GC(380) Concurrent Mark (117.314s, 117.431s) 117.293ms
[2020-08-27T11:16:39.475+0000][21728][gc,start     ] GC(380) Pause Remark
[2020-08-27T11:16:39.482+0000][21728][gc           ] GC(380) Pause Remark 319M->319M(1024M) 6.218ms
[2020-08-27T11:16:39.482+0000][21728][gc,cpu       ] GC(380) User=0.00s Sys=0.00s Real=0.01s
[2020-08-27T11:16:39.482+0000][21728][safepoint    ] Safepoint "G1Concurrent", Time since last: 121274700 ns, Reaching safepoint: 142300 ns, At safepoint: 6464000 ns, Total: 6606300 ns
[2020-08-27T11:16:39.482+0000][21728][gc,marking   ] GC(380) Concurrent Rebuild Remembered Sets
[2020-08-27T11:16:39.563+0000][21728][gc,marking   ] GC(380) Concurrent Rebuild Remembered Sets 80.872ms
[2020-08-27T11:16:39.563+0000][21728][gc,start     ] GC(380) Pause Cleanup
[2020-08-27T11:16:39.563+0000][21728][gc           ] GC(380) Pause Cleanup 391M->391M(1024M) 0.296ms
[2020-08-27T11:16:39.563+0000][21728][gc,cpu       ] GC(380) User=0.00s Sys=0.00s Real=0.00s
[2020-08-27T11:16:39.563+0000][21728][safepoint    ] Safepoint "G1Concurrent", Time since last: 81044300 ns, Reaching safepoint: 134500 ns, At safepoint: 423500 ns, Total: 558000 ns
[2020-08-27T11:16:39.563+0000][21728][gc,marking   ] GC(380) Concurrent Cleanup for Next Mark
[2020-08-27T11:16:39.565+0000][21728][gc,marking   ] GC(380) Concurrent Cleanup for Next Mark 1.626ms
[2020-08-27T11:16:39.565+0000][21728][gc           ] GC(380) Concurrent Cycle 211.254ms
[2020-08-27T11:16:39.698+0000][21728][gc,start     ] GC(381) Pause Young (Concurrent Start) (G1 Humongous Allocation)
[2020-08-27T11:16:39.699+0000][21728][gc,task      ] GC(381) Using 8 workers of 8 for evacuation
[2020-08-27T11:16:39.699+0000][21728][gc,age       ] GC(381) Desired survivor size 32505856 bytes, new threshold 15 (max threshold 15)
[2020-08-27T11:16:39.702+0000][21728][gc,age       ] GC(381) Age table with threshold 15 (max threshold 15)
[2020-08-27T11:16:39.702+0000][21728][gc,age       ] GC(381) - age   1:    3188304 bytes,    3188304 total
[2020-08-27T11:16:39.702+0000][21728][gc,age       ] GC(381) - age   2:     406056 bytes,    3594360 total
[2020-08-27T11:16:39.702+0000][21728][gc,age       ] GC(381) - age   3:     202944 bytes,    3797304 total
[2020-08-27T11:16:39.702+0000][21728][gc,age       ] GC(381) - age   4:       3240 bytes,    3800544 total
[2020-08-27T11:16:39.702+0000][21728][gc,age       ] GC(381) - age   5:      11112 bytes,    3811656 total
[2020-08-27T11:16:39.702+0000][21728][gc,age       ] GC(381) - age   6:        840 bytes,    3812496 total
[2020-08-27T11:16:39.702+0000][21728][gc,age       ] GC(381) - age   7:       2784 bytes,    3815280 total
[2020-08-27T11:16:39.702+0000][21728][gc,age       ] GC(381) - age   8:        928 bytes,    3816208 total
[2020-08-27T11:16:39.702+0000][21728][gc,age       ] GC(381) - age   9:      15232 bytes,    3831440 total
[2020-08-27T11:16:39.702+0000][21728][gc,age       ] GC(381) - age  10:      17232 bytes,    3848672 total
[2020-08-27T11:16:39.702+0000][21728][gc,age       ] GC(381) - age  11:        200 bytes,    3848872 total
[2020-08-27T11:16:39.702+0000][21728][gc,age       ] GC(381) - age  12:        320 bytes,    3849192 total
[2020-08-27T11:16:39.702+0000][21728][gc,age       ] GC(381) - age  13:        136 bytes,    3849328 total
[2020-08-27T11:16:39.702+0000][21728][gc,age       ] GC(381) - age  14:        728 bytes,    3850056 total
[2020-08-27T11:16:39.702+0000][21728][gc,age       ] GC(381) - age  15:        448 bytes,    3850504 total
[2020-08-27T11:16:39.702+0000][21728][gc,phases    ] GC(381)   Pre Evacuate Collection Set: 0.4ms
[2020-08-27T11:16:39.702+0000][21728][gc,phases    ] GC(381)   Merge Heap Roots: 0.1ms
[2020-08-27T11:16:39.702+0000][21728][gc,phases    ] GC(381)   Evacuate Collection Set: 2.0ms
[2020-08-27T11:16:39.702+0000][21728][gc,phases    ] GC(381)   Post Evacuate Collection Set: 0.6ms
[2020-08-27T11:16:39.702+0000][21728][gc,phases    ] GC(381)   Other: 0.9ms
[2020-08-27T11:16:39.702+0000][21728][gc,heap      ] GC(381) Eden regions: 41->0(493)
[2020-08-27T11:16:39.703+0000][21728][gc,heap      ] GC(381) Survivor regions: 5->5(62)
[2020-08-27T11:16:39.703+0000][21728][gc,heap      ] GC(381) Old regions: 79->79
[2020-08-27T11:16:39.703+0000][21728][gc,heap      ] GC(381) Archive regions: 0->0
[2020-08-27T11:16:39.703+0000][21728][gc,heap      ] GC(381) Humongous regions: 278->174
[2020-08-27T11:16:39.703+0000][21728][gc,metaspace ] GC(381) Metaspace: 87102K(93568K)->87102K(93568K) NonClass: 75999K(79872K)->75999K(79872K) Class: 11103K(13696K)->11103K(13696K)
[2020-08-27T11:16:39.703+0000][21728][gc           ] GC(381) Pause Young (Concurrent Start) (G1 Humongous Allocation) 401M->256M(1024M) 4.161ms
[2020-08-27T11:16:39.703+0000][21728][gc,cpu       ] GC(381) User=0.00s Sys=0.00s Real=0.01s
[2020-08-27T11:16:39.703+0000][21728][gc           ] GC(382) Concurrent Cycle
[2020-08-27T11:16:39.703+0000][21728][safepoint    ] Safepoint "G1TryInitiateConcMark", Time since last: 134851700 ns, Reaching safepoint: 152900 ns, At safepoint: 4323500 ns, Total: 4476400 ns
[2020-08-27T11:16:39.703+0000][21728][gc,marking   ] GC(382) Concurrent Clear Claimed Marks
[2020-08-27T11:16:39.703+0000][21728][gc,marking   ] GC(382) Concurrent Clear Claimed Marks 0.530ms
[2020-08-27T11:16:39.703+0000][21728][gc,marking   ] GC(382) Concurrent Scan Root Regions
[2020-08-27T11:16:39.706+0000][21728][gc,marking   ] GC(382) Concurrent Scan Root Regions 3.020ms
[2020-08-27T11:16:39.706+0000][21728][gc,marking   ] GC(382) Concurrent Mark (117.663s)
[2020-08-27T11:16:39.707+0000][21728][gc,marking   ] GC(382) Concurrent Mark From Roots
[2020-08-27T11:16:39.707+0000][21728][gc,task      ] GC(382) Using 2 workers of 2 for marking
[2020-08-27T11:16:39.848+0000][21728][gc,marking   ] GC(382) Concurrent Mark From Roots 141.896ms
[2020-08-27T11:16:39.849+0000][21728][gc,marking   ] GC(382) Concurrent Preclean
[2020-08-27T11:16:39.849+0000][21728][gc,marking   ] GC(382) Concurrent Preclean 0.558ms
[2020-08-27T11:16:39.849+0000][21728][gc,marking   ] GC(382) Concurrent Mark (117.663s, 117.805s) 142.659ms
[2020-08-27T11:16:39.849+0000][21728][gc,start     ] GC(382) Pause Remark
[2020-08-27T11:16:39.855+0000][21728][gc           ] GC(382) Pause Remark 315M->315M(1024M) 5.369ms
[2020-08-27T11:16:39.855+0000][21728][gc,cpu       ] GC(382) User=0.00s Sys=0.00s Real=0.01s
[2020-08-27T11:16:39.855+0000][21728][safepoint    ] Safepoint "G1Concurrent", Time since last: 146473600 ns, Reaching safepoint: 179700 ns, At safepoint: 5621100 ns, Total: 5800800 ns
[2020-08-27T11:16:39.855+0000][21728][gc,marking   ] GC(382) Concurrent Rebuild Remembered Sets
[2020-08-27T11:16:39.946+0000][21728][gc,marking   ] GC(382) Concurrent Rebuild Remembered Sets 90.555ms
[2020-08-27T11:16:39.946+0000][21728][gc,start     ] GC(382) Pause Cleanup
[2020-08-27T11:16:39.946+0000][21728][gc           ] GC(382) Pause Cleanup 382M->382M(1024M) 0.333ms
[2020-08-27T11:16:39.946+0000][21728][gc,cpu       ] GC(382) User=0.00s Sys=0.00s Real=0.00s
[2020-08-27T11:16:39.947+0000][21728][safepoint    ] Safepoint "G1Concurrent", Time since last: 90750400 ns, Reaching safepoint: 263500 ns, At safepoint: 534200 ns, Total: 797700 ns
[2020-08-27T11:16:39.947+0000][21728][gc,marking   ] GC(382) Concurrent Cleanup for Next Mark
[2020-08-27T11:16:39.949+0000][21728][gc,marking   ] GC(382) Concurrent Cleanup for Next Mark 2.110ms
[2020-08-27T11:16:39.949+0000][21728][gc           ] GC(382) Concurrent Cycle 246.137ms
[2020-08-27T11:16:40.136+0000][21728][gc,start     ] GC(383) Pause Young (Concurrent Start) (G1 Humongous Allocation)
[2020-08-27T11:16:40.136+0000][21728][gc,task      ] GC(383) Using 8 workers of 8 for evacuation
[2020-08-27T11:16:40.136+0000][21728][gc,age       ] GC(383) Desired survivor size 33030144 bytes, new threshold 15 (max threshold 15)
[2020-08-27T11:16:40.139+0000][21728][gc,age       ] GC(383) Age table with threshold 15 (max threshold 15)
[2020-08-27T11:16:40.139+0000][21728][gc,age       ] GC(383) - age   1:    3018568 bytes,    3018568 total
[2020-08-27T11:16:40.139+0000][21728][gc,age       ] GC(383) - age   2:       2576 bytes,    3021144 total
[2020-08-27T11:16:40.139+0000][21728][gc,age       ] GC(383) - age   3:       1856 bytes,    3023000 total
[2020-08-27T11:16:40.139+0000][21728][gc,age       ] GC(383) - age   4:       1800 bytes,    3024800 total
[2020-08-27T11:16:40.139+0000][21728][gc,age       ] GC(383) - age   5:       1440 bytes,    3026240 total
[2020-08-27T11:16:40.139+0000][21728][gc,age       ] GC(383) - age   6:      10600 bytes,    3036840 total
[2020-08-27T11:16:40.140+0000][21728][gc,age       ] GC(383) - age   7:        552 bytes,    3037392 total
[2020-08-27T11:16:40.140+0000][21728][gc,age       ] GC(383) - age   8:       2688 bytes,    3040080 total
[2020-08-27T11:16:40.140+0000][21728][gc,age       ] GC(383) - age   9:        864 bytes,    3040944 total
[2020-08-27T11:16:40.140+0000][21728][gc,age       ] GC(383) - age  10:      15104 bytes,    3056048 total
[2020-08-27T11:16:40.140+0000][21728][gc,age       ] GC(383) - age  11:      17136 bytes,    3073184 total
[2020-08-27T11:16:40.140+0000][21728][gc,age       ] GC(383) - age  12:        168 bytes,    3073352 total
[2020-08-27T11:16:40.140+0000][21728][gc,age       ] GC(383) - age  13:        320 bytes,    3073672 total
[2020-08-27T11:16:40.140+0000][21728][gc,age       ] GC(383) - age  14:        136 bytes,    3073808 total
[2020-08-27T11:16:40.140+0000][21728][gc,age       ] GC(383) - age  15:        696 bytes,    3074504 total
[2020-08-27T11:16:40.140+0000][21728][gc,phases    ] GC(383)   Pre Evacuate Collection Set: 0.4ms
[2020-08-27T11:16:40.140+0000][21728][gc,phases    ] GC(383)   Merge Heap Roots: 0.1ms
[2020-08-27T11:16:40.140+0000][21728][gc,phases    ] GC(383)   Evacuate Collection Set: 2.1ms
[2020-08-27T11:16:40.140+0000][21728][gc,phases    ] GC(383)   Post Evacuate Collection Set: 0.7ms
[2020-08-27T11:16:40.140+0000][21728][gc,phases    ] GC(383)   Other: 0.9ms
[2020-08-27T11:16:40.140+0000][21728][gc,heap      ] GC(383) Eden regions: 47->0(496)
[2020-08-27T11:16:40.140+0000][21728][gc,heap      ] GC(383) Survivor regions: 5->4(63)
[2020-08-27T11:16:40.140+0000][21728][gc,heap      ] GC(383) Old regions: 79->79
[2020-08-27T11:16:40.140+0000][21728][gc,heap      ] GC(383) Archive regions: 0->0
[2020-08-27T11:16:40.140+0000][21728][gc,heap      ] GC(383) Humongous regions: 270->174
[2020-08-27T11:16:40.140+0000][21728][gc,metaspace ] GC(383) Metaspace: 87130K(93568K)->87130K(93568K) NonClass: 76026K(79872K)->76026K(79872K) Class: 11103K(13696K)->11103K(13696K)
[2020-08-27T11:16:40.140+0000][21728][gc           ] GC(383) Pause Young (Concurrent Start) (G1 Humongous Allocation) 399M->256M(1024M) 4.519ms
[2020-08-27T11:16:40.140+0000][21728][gc,cpu       ] GC(383) User=0.00s Sys=0.00s Real=0.00s
[2020-08-27T11:16:40.140+0000][21728][gc           ] GC(384) Concurrent Cycle
[2020-08-27T11:16:40.140+0000][21728][safepoint    ] Safepoint "G1TryInitiateConcMark", Time since last: 188979800 ns, Reaching safepoint: 140800 ns, At safepoint: 4713600 ns, Total: 4854400 ns
[2020-08-27T11:16:40.140+0000][21728][gc,marking   ] GC(384) Concurrent Clear Claimed Marks
[2020-08-27T11:16:40.141+0000][21728][gc,marking   ] GC(384) Concurrent Clear Claimed Marks 0.439ms
[2020-08-27T11:16:40.141+0000][21728][gc,marking   ] GC(384) Concurrent Scan Root Regions
[2020-08-27T11:16:40.143+0000][21728][gc,marking   ] GC(384) Concurrent Scan Root Regions 2.244ms
[2020-08-27T11:16:40.143+0000][21728][gc,marking   ] GC(384) Concurrent Mark (118.100s)
[2020-08-27T11:16:40.143+0000][21728][gc,marking   ] GC(384) Concurrent Mark From Roots
[2020-08-27T11:16:40.143+0000][21728][gc,task      ] GC(384) Using 2 workers of 2 for marking
[2020-08-27T11:16:40.275+0000][21728][gc,marking   ] GC(384) Concurrent Mark From Roots 131.941ms
[2020-08-27T11:16:40.275+0000][21728][gc,marking   ] GC(384) Concurrent Preclean
[2020-08-27T11:16:40.276+0000][21728][gc,marking   ] GC(384) Concurrent Preclean 0.568ms
[2020-08-27T11:16:40.276+0000][21728][gc,marking   ] GC(384) Concurrent Mark (118.100s, 118.232s) 132.698ms
[2020-08-27T11:16:40.276+0000][21728][gc,start     ] GC(384) Pause Remark
[2020-08-27T11:16:40.283+0000][21728][gc           ] GC(384) Pause Remark 314M->314M(1024M) 6.364ms
[2020-08-27T11:16:40.283+0000][21728][gc,cpu       ] GC(384) User=0.11s Sys=0.00s Real=0.01s
[2020-08-27T11:16:40.283+0000][21728][safepoint    ] Safepoint "G1Concurrent", Time since last: 135719600 ns, Reaching safepoint: 179500 ns, At safepoint: 6579500 ns, Total: 6759000 ns
[2020-08-27T11:16:40.283+0000][21728][gc,marking   ] GC(384) Concurrent Rebuild Remembered Sets
[2020-08-27T11:16:40.370+0000][21728][gc,marking   ] GC(384) Concurrent Rebuild Remembered Sets 86.770ms
[2020-08-27T11:16:40.370+0000][21728][gc,start     ] GC(384) Pause Cleanup
[2020-08-27T11:16:40.370+0000][21728][gc           ] GC(384) Pause Cleanup 322M->322M(1024M) 0.334ms
[2020-08-27T11:16:40.370+0000][21728][gc,cpu       ] GC(384) User=0.00s Sys=0.00s Real=0.00s
[2020-08-27T11:16:40.371+0000][21728][safepoint    ] Safepoint "G1Concurrent", Time since last: 87006300 ns, Reaching safepoint: 143700 ns, At safepoint: 520600 ns, Total: 664300 ns
[2020-08-27T11:16:40.371+0000][21728][gc,marking   ] GC(384) Concurrent Cleanup for Next Mark
[2020-08-27T11:16:40.373+0000][21728][gc,marking   ] GC(384) Concurrent Cleanup for Next Mark 1.919ms
[2020-08-27T11:16:40.373+0000][21728][gc           ] GC(384) Concurrent Cycle 232.285ms
[2020-08-27T11:16:40.389+0000][21728][gc,start     ] GC(385) Pause Young (Concurrent Start) (G1 Humongous Allocation)
[2020-08-27T11:16:40.389+0000][21728][gc,task      ] GC(385) Using 8 workers of 8 for evacuation
[2020-08-27T11:16:40.389+0000][21728][gc,age       ] GC(385) Desired survivor size 33030144 bytes, new threshold 15 (max threshold 15)
[2020-08-27T11:16:40.394+0000][21728][gc,age       ] GC(385) Age table with threshold 15 (max threshold 15)
[2020-08-27T11:16:40.394+0000][21728][gc,age       ] GC(385) - age   1:   12766424 bytes,   12766424 total
[2020-08-27T11:16:40.394+0000][21728][gc,age       ] GC(385) - age   2:      23664 bytes,   12790088 total
[2020-08-27T11:16:40.394+0000][21728][gc,age       ] GC(385) - age   3:       2096 bytes,   12792184 total
[2020-08-27T11:16:40.394+0000][21728][gc,age       ] GC(385) - age   4:       1032 bytes,   12793216 total
[2020-08-27T11:16:40.395+0000][21728][gc,age       ] GC(385) - age   5:       1376 bytes,   12794592 total
[2020-08-27T11:16:40.395+0000][21728][gc,age       ] GC(385) - age   6:       1056 bytes,   12795648 total
[2020-08-27T11:16:40.395+0000][21728][gc,age       ] GC(385) - age   7:      10568 bytes,   12806216 total
[2020-08-27T11:16:40.395+0000][21728][gc,age       ] GC(385) - age   8:        520 bytes,   12806736 total
[2020-08-27T11:16:40.395+0000][21728][gc,age       ] GC(385) - age   9:       2688 bytes,   12809424 total
[2020-08-27T11:16:40.395+0000][21728][gc,age       ] GC(385) - age  10:        832 bytes,   12810256 total
[2020-08-27T11:16:40.395+0000][21728][gc,age       ] GC(385) - age  11:      15104 bytes,   12825360 total
[2020-08-27T11:16:40.395+0000][21728][gc,age       ] GC(385) - age  12:      17136 bytes,   12842496 total
[2020-08-27T11:16:40.395+0000][21728][gc,age       ] GC(385) - age  13:        168 bytes,   12842664 total
[2020-08-27T11:16:40.395+0000][21728][gc,age       ] GC(385) - age  14:        320 bytes,   12842984 total
[2020-08-27T11:16:40.395+0000][21728][gc,age       ] GC(385) - age  15:        136 bytes,   12843120 total
[2020-08-27T11:16:40.395+0000][21728][gc,phases    ] GC(385)   Pre Evacuate Collection Set: 0.5ms
[2020-08-27T11:16:40.395+0000][21728][gc,phases    ] GC(385)   Merge Heap Roots: 0.1ms
[2020-08-27T11:16:40.395+0000][21728][gc,phases    ] GC(385)   Evacuate Collection Set: 3.4ms
[2020-08-27T11:16:40.395+0000][21728][gc,phases    ] GC(385)   Post Evacuate Collection Set: 0.7ms
[2020-08-27T11:16:40.395+0000][21728][gc,phases    ] GC(385)   Other: 1.1ms
[2020-08-27T11:16:40.395+0000][21728][gc,heap      ] GC(385) Eden regions: 41->0(481)
[2020-08-27T11:16:40.395+0000][21728][gc,heap      ] GC(385) Survivor regions: 4->13(63)
[2020-08-27T11:16:40.395+0000][21728][gc,heap      ] GC(385) Old regions: 79->79
[2020-08-27T11:16:40.395+0000][21728][gc,heap      ] GC(385) Archive regions: 0->0
[2020-08-27T11:16:40.395+0000][21728][gc,heap      ] GC(385) Humongous regions: 228->174
[2020-08-27T11:16:40.395+0000][21728][gc,metaspace ] GC(385) Metaspace: 87159K(93568K)->87159K(93568K) NonClass: 76055K(79872K)->76055K(79872K) Class: 11103K(13696K)->11103K(13696K)
[2020-08-27T11:16:40.395+0000][21728][gc           ] GC(385) Pause Young (Concurrent Start) (G1 Humongous Allocation) 350M->265M(1024M) 6.127ms
[2020-08-27T11:16:40.395+0000][21728][gc,cpu       ] GC(385) User=0.11s Sys=0.00s Real=0.01s
[2020-08-27T11:16:40.396+0000][21728][gc           ] GC(386) Concurrent Cycle
[2020-08-27T11:16:40.396+0000][21728][gc,marking   ] GC(386) Concurrent Clear Claimed Marks
[2020-08-27T11:16:40.396+0000][21728][safepoint    ] Safepoint "G1TryInitiateConcMark", Time since last: 18451000 ns, Reaching safepoint: 213400 ns, At safepoint: 6526000 ns, Total: 6739400 ns
[2020-08-27T11:16:40.396+0000][21728][gc,marking   ] GC(386) Concurrent Clear Claimed Marks 0.347ms
[2020-08-27T11:16:40.396+0000][21728][gc,marking   ] GC(386) Concurrent Scan Root Regions
[2020-08-27T11:16:40.399+0000][21728][gc,marking   ] GC(386) Concurrent Scan Root Regions 2.674ms
[2020-08-27T11:16:40.399+0000][21728][gc,marking   ] GC(386) Concurrent Mark (118.355s)
[2020-08-27T11:16:40.399+0000][21728][gc,marking   ] GC(386) Concurrent Mark From Roots
[2020-08-27T11:16:40.399+0000][21728][gc,task      ] GC(386) Using 2 workers of 2 for marking
[2020-08-27T11:16:40.568+0000][21728][gc,marking   ] GC(386) Concurrent Mark From Roots 169.443ms
[2020-08-27T11:16:40.568+0000][21728][gc,marking   ] GC(386) Concurrent Preclean
[2020-08-27T11:16:40.569+0000][21728][gc,marking   ] GC(386) Concurrent Preclean 0.517ms
[2020-08-27T11:16:40.569+0000][21728][gc,marking   ] GC(386) Concurrent Mark (118.355s, 118.525s) 170.264ms
[2020-08-27T11:16:40.569+0000][21728][gc,start     ] GC(386) Pause Remark
[2020-08-27T11:16:40.576+0000][21728][gc           ] GC(386) Pause Remark 495M->495M(1024M) 6.157ms
[2020-08-27T11:16:40.576+0000][21728][gc,cpu       ] GC(386) User=0.00s Sys=0.00s Real=0.01s
[2020-08-27T11:16:40.576+0000][21728][safepoint    ] Safepoint "G1Concurrent", Time since last: 173380700 ns, Reaching safepoint: 182300 ns, At safepoint: 6422500 ns, Total: 6604800 ns
[2020-08-27T11:16:40.576+0000][21728][gc,marking   ] GC(386) Concurrent Rebuild Remembered Sets
[2020-08-27T11:16:40.679+0000][21728][gc,marking   ] GC(386) Concurrent Rebuild Remembered Sets 103.347ms
[2020-08-27T11:16:40.679+0000][21728][gc,start     ] GC(386) Pause Cleanup
[2020-08-27T11:16:40.680+0000][21728][gc           ] GC(386) Pause Cleanup 566M->566M(1024M) 0.317ms
[2020-08-27T11:16:40.680+0000][21728][gc,cpu       ] GC(386) User=0.00s Sys=0.00s Real=0.00s
[2020-08-27T11:16:40.680+0000][21728][safepoint    ] Safepoint "G1Concurrent", Time since last: 103532000 ns, Reaching safepoint: 148000 ns, At safepoint: 466800 ns, Total: 614800 ns
[2020-08-27T11:16:40.680+0000][21728][gc,marking   ] GC(386) Concurrent Cleanup for Next Mark
[2020-08-27T11:16:40.682+0000][21728][gc,marking   ] GC(386) Concurrent Cleanup for Next Mark 1.728ms
[2020-08-27T11:16:40.682+0000][21728][gc           ] GC(386) Concurrent Cycle 286.251ms
[2020-08-27T11:16:40.836+0000][21728][gc,start     ] GC(387) Pause Young (Concurrent Start) (G1 Humongous Allocation)
[2020-08-27T11:16:40.836+0000][21728][gc,task      ] GC(387) Using 8 workers of 8 for evacuation
[2020-08-27T11:16:40.837+0000][21728][gc,age       ] GC(387) Desired survivor size 32505856 bytes, new threshold 15 (max threshold 15)
[2020-08-27T11:16:40.840+0000][21728][gc,age       ] GC(387) Age table with threshold 15 (max threshold 15)
[2020-08-27T11:16:40.840+0000][21728][gc,age       ] GC(387) - age   1:    3795472 bytes,    3795472 total
[2020-08-27T11:16:40.840+0000][21728][gc,age       ] GC(387) - age   2:       7424 bytes,    3802896 total
[2020-08-27T11:16:40.840+0000][21728][gc,age       ] GC(387) - age   3:      13752 bytes,    3816648 total
[2020-08-27T11:16:40.840+0000][21728][gc,age       ] GC(387) - age   4:       1560 bytes,    3818208 total
[2020-08-27T11:16:40.840+0000][21728][gc,age       ] GC(387) - age   5:        912 bytes,    3819120 total
[2020-08-27T11:16:40.840+0000][21728][gc,age       ] GC(387) - age   6:        592 bytes,    3819712 total
[2020-08-27T11:16:40.840+0000][21728][gc,age       ] GC(387) - age   7:        896 bytes,    3820608 total
[2020-08-27T11:16:40.840+0000][21728][gc,age       ] GC(387) - age   8:      10536 bytes,    3831144 total
[2020-08-27T11:16:40.840+0000][21728][gc,age       ] GC(387) - age   9:        488 bytes,    3831632 total
[2020-08-27T11:16:40.840+0000][21728][gc,age       ] GC(387) - age  10:       2688 bytes,    3834320 total
[2020-08-27T11:16:40.840+0000][21728][gc,age       ] GC(387) - age  11:        672 bytes,    3834992 total
[2020-08-27T11:16:40.840+0000][21728][gc,age       ] GC(387) - age  12:      15104 bytes,    3850096 total
[2020-08-27T11:16:40.840+0000][21728][gc,age       ] GC(387) - age  13:      17136 bytes,    3867232 total
[2020-08-27T11:16:40.840+0000][21728][gc,age       ] GC(387) - age  14:        168 bytes,    3867400 total
[2020-08-27T11:16:40.840+0000][21728][gc,age       ] GC(387) - age  15:        224 bytes,    3867624 total
[2020-08-27T11:16:40.841+0000][21728][gc,phases    ] GC(387)   Pre Evacuate Collection Set: 0.4ms
[2020-08-27T11:16:40.841+0000][21728][gc,phases    ] GC(387)   Merge Heap Roots: 0.1ms
[2020-08-27T11:16:40.841+0000][21728][gc,phases    ] GC(387)   Evacuate Collection Set: 2.2ms
[2020-08-27T11:16:40.841+0000][21728][gc,phases    ] GC(387)   Post Evacuate Collection Set: 0.8ms
[2020-08-27T11:16:40.841+0000][21728][gc,phases    ] GC(387)   Other: 0.8ms
[2020-08-27T11:16:40.841+0000][21728][gc,heap      ] GC(387) Eden regions: 81->0(491)
[2020-08-27T11:16:40.841+0000][21728][gc,heap      ] GC(387) Survivor regions: 13->5(62)
[2020-08-27T11:16:40.841+0000][21728][gc,heap      ] GC(387) Old regions: 79->79
[2020-08-27T11:16:40.841+0000][21728][gc,heap      ] GC(387) Archive regions: 0->0
[2020-08-27T11:16:40.841+0000][21728][gc,heap      ] GC(387) Humongous regions: 408->174
[2020-08-27T11:16:40.841+0000][21728][gc,metaspace ] GC(387) Metaspace: 87175K(93568K)->87175K(93568K) NonClass: 76071K(79872K)->76071K(79872K) Class: 11103K(13696K)->11103K(13696K)
[2020-08-27T11:16:40.841+0000][21728][gc           ] GC(387) Pause Young (Concurrent Start) (G1 Humongous Allocation) 579M->256M(1024M) 4.732ms
[2020-08-27T11:16:40.841+0000][21728][gc,cpu       ] GC(387) User=0.00s Sys=0.00s Real=0.01s
[2020-08-27T11:16:40.841+0000][21728][gc           ] GC(388) Concurrent Cycle
[2020-08-27T11:16:40.841+0000][21728][safepoint    ] Safepoint "G1TryInitiateConcMark", Time since last: 156265900 ns, Reaching safepoint: 142100 ns, At safepoint: 4946900 ns, Total: 5089000 ns
[2020-08-27T11:16:40.841+0000][21728][gc,marking   ] GC(388) Concurrent Clear Claimed Marks
[2020-08-27T11:16:40.842+0000][21728][gc,marking   ] GC(388) Concurrent Clear Claimed Marks 0.475ms
[2020-08-27T11:16:40.842+0000][21728][gc,marking   ] GC(388) Concurrent Scan Root Regions
[2020-08-27T11:16:40.845+0000][21728][gc,marking   ] GC(388) Concurrent Scan Root Regions 2.656ms
[2020-08-27T11:16:40.845+0000][21728][gc,marking   ] GC(388) Concurrent Mark (118.801s)
[2020-08-27T11:16:40.845+0000][21728][gc,marking   ] GC(388) Concurrent Mark From Roots
[2020-08-27T11:16:40.845+0000][21728][gc,task      ] GC(388) Using 2 workers of 2 for marking
[2020-08-27T11:16:40.984+0000][21728][gc,marking   ] GC(388) Concurrent Mark From Roots 139.443ms
[2020-08-27T11:16:40.984+0000][21728][gc,marking   ] GC(388) Concurrent Preclean
[2020-08-27T11:16:40.985+0000][21728][gc,marking   ] GC(388) Concurrent Preclean 0.594ms
[2020-08-27T11:16:40.985+0000][21728][gc,marking   ] GC(388) Concurrent Mark (118.801s, 118.941s) 140.220ms
[2020-08-27T11:16:40.985+0000][21728][gc,start     ] GC(388) Pause Remark
[2020-08-27T11:16:40.991+0000][21728][gc           ] GC(388) Pause Remark 315M->315M(1024M) 5.937ms
[2020-08-27T11:16:40.991+0000][21728][gc,cpu       ] GC(388) User=0.00s Sys=0.00s Real=0.01s
[2020-08-27T11:16:40.991+0000][21728][safepoint    ] Safepoint "G1Concurrent", Time since last: 143733900 ns, Reaching safepoint: 184500 ns, At safepoint: 6104900 ns, Total: 6289400 ns
[2020-08-27T11:16:40.991+0000][21728][gc,marking   ] GC(388) Concurrent Rebuild Remembered Sets
[2020-08-27T11:16:41.078+0000][21728][gc,marking   ] GC(388) Concurrent Rebuild Remembered Sets 86.749ms
[2020-08-27T11:16:41.078+0000][21728][gc,start     ] GC(388) Pause Cleanup
[2020-08-27T11:16:41.079+0000][21728][gc           ] GC(388) Pause Cleanup 383M->383M(1024M) 0.334ms
[2020-08-27T11:16:41.079+0000][21728][gc,cpu       ] GC(388) User=0.00s Sys=0.02s Real=0.00s
[2020-08-27T11:16:41.079+0000][21728][safepoint    ] Safepoint "G1Concurrent", Time since last: 86922600 ns, Reaching safepoint: 169300 ns, At safepoint: 476200 ns, Total: 645500 ns
[2020-08-27T11:16:41.079+0000][21728][gc,marking   ] GC(388) Concurrent Cleanup for Next Mark
[2020-08-27T11:16:41.081+0000][21728][gc,marking   ] GC(388) Concurrent Cleanup for Next Mark 1.756ms
[2020-08-27T11:16:41.081+0000][21728][gc           ] GC(388) Concurrent Cycle 239.622ms
[2020-08-27T11:16:41.252+0000][21728][gc,start     ] GC(389) Pause Young (Concurrent Start) (G1 Humongous Allocation)
[2020-08-27T11:16:41.252+0000][21728][gc,task      ] GC(389) Using 8 workers of 8 for evacuation
[2020-08-27T11:16:41.252+0000][21728][gc,age       ] GC(389) Desired survivor size 32505856 bytes, new threshold 15 (max threshold 15)
[2020-08-27T11:16:41.256+0000][21728][gc,age       ] GC(389) Age table with threshold 15 (max threshold 15)
[2020-08-27T11:16:41.256+0000][21728][gc,age       ] GC(389) - age   1:    3209464 bytes,    3209464 total
[2020-08-27T11:16:41.256+0000][21728][gc,age       ] GC(389) - age   2:     596312 bytes,    3805776 total
[2020-08-27T11:16:41.256+0000][21728][gc,age       ] GC(389) - age   3:       4368 bytes,    3810144 total
[2020-08-27T11:16:41.256+0000][21728][gc,age       ] GC(389) - age   4:      12984 bytes,    3823128 total
[2020-08-27T11:16:41.256+0000][21728][gc,age       ] GC(389) - age   5:       1528 bytes,    3824656 total
[2020-08-27T11:16:41.256+0000][21728][gc,age       ] GC(389) - age   6:        592 bytes,    3825248 total
[2020-08-27T11:16:41.256+0000][21728][gc,age       ] GC(389) - age   7:        560 bytes,    3825808 total
[2020-08-27T11:16:41.256+0000][21728][gc,age       ] GC(389) - age   8:        896 bytes,    3826704 total
[2020-08-27T11:16:41.256+0000][21728][gc,age       ] GC(389) - age   9:      10536 bytes,    3837240 total
[2020-08-27T11:16:41.256+0000][21728][gc,age       ] GC(389) - age  10:        360 bytes,    3837600 total
[2020-08-27T11:16:41.256+0000][21728][gc,age       ] GC(389) - age  11:       2688 bytes,    3840288 total
[2020-08-27T11:16:41.256+0000][21728][gc,age       ] GC(389) - age  12:        576 bytes,    3840864 total
[2020-08-27T11:16:41.256+0000][21728][gc,age       ] GC(389) - age  13:      15104 bytes,    3855968 total
[2020-08-27T11:16:41.256+0000][21728][gc,age       ] GC(389) - age  14:      17136 bytes,    3873104 total
[2020-08-27T11:16:41.257+0000][21728][gc,age       ] GC(389) - age  15:        136 bytes,    3873240 total
[2020-08-27T11:16:41.257+0000][21728][gc,phases    ] GC(389)   Pre Evacuate Collection Set: 0.4ms
[2020-08-27T11:16:41.257+0000][21728][gc,phases    ] GC(389)   Merge Heap Roots: 0.1ms
[2020-08-27T11:16:41.257+0000][21728][gc,phases    ] GC(389)   Evacuate Collection Set: 2.2ms
[2020-08-27T11:16:41.257+0000][21728][gc,phases    ] GC(389)   Post Evacuate Collection Set: 0.8ms
[2020-08-27T11:16:41.257+0000][21728][gc,phases    ] GC(389)   Other: 1.0ms
[2020-08-27T11:16:41.257+0000][21728][gc,heap      ] GC(389) Eden regions: 42->0(495)
[2020-08-27T11:16:41.257+0000][21728][gc,heap      ] GC(389) Survivor regions: 5->4(62)
[2020-08-27T11:16:41.257+0000][21728][gc,heap      ] GC(389) Old regions: 79->79
[2020-08-27T11:16:41.257+0000][21728][gc,heap      ] GC(389) Archive regions: 0->0
[2020-08-27T11:16:41.257+0000][21728][gc,heap      ] GC(389) Humongous regions: 270->174
[2020-08-27T11:16:41.257+0000][21728][gc,metaspace ] GC(389) Metaspace: 87176K(93568K)->87176K(93568K) NonClass: 76072K(79872K)->76072K(79872K) Class: 11103K(13696K)->11103K(13696K)
[2020-08-27T11:16:41.257+0000][21728][gc           ] GC(389) Pause Young (Concurrent Start) (G1 Humongous Allocation) 394M->256M(1024M) 4.819ms
[2020-08-27T11:16:41.257+0000][21728][gc,cpu       ] GC(389) User=0.00s Sys=0.00s Real=0.00s
[2020-08-27T11:16:41.257+0000][21728][gc           ] GC(390) Concurrent Cycle
[2020-08-27T11:16:41.257+0000][21728][safepoint    ] Safepoint "G1TryInitiateConcMark", Time since last: 173129800 ns, Reaching safepoint: 182800 ns, At safepoint: 5015600 ns, Total: 5198400 ns
[2020-08-27T11:16:41.257+0000][21728][gc,marking   ] GC(390) Concurrent Clear Claimed Marks
[2020-08-27T11:16:41.258+0000][21728][gc,marking   ] GC(390) Concurrent Clear Claimed Marks 0.533ms
[2020-08-27T11:16:41.258+0000][21728][gc,marking   ] GC(390) Concurrent Scan Root Regions
[2020-08-27T11:16:41.261+0000][21728][gc,marking   ] GC(390) Concurrent Scan Root Regions 3.120ms
[2020-08-27T11:16:41.261+0000][21728][gc,marking   ] GC(390) Concurrent Mark (119.217s)
[2020-08-27T11:16:41.261+0000][21728][gc,marking   ] GC(390) Concurrent Mark From Roots
[2020-08-27T11:16:41.261+0000][21728][gc,task      ] GC(390) Using 2 workers of 2 for marking
[2020-08-27T11:16:41.420+0000][21728][gc,marking   ] GC(390) Concurrent Mark From Roots 158.743ms
[2020-08-27T11:16:41.420+0000][21728][gc,marking   ] GC(390) Concurrent Preclean
[2020-08-27T11:16:41.420+0000][21728][gc,marking   ] GC(390) Concurrent Preclean 0.493ms
[2020-08-27T11:16:41.420+0000][21728][gc,marking   ] GC(390) Concurrent Mark (119.217s, 119.377s) 159.408ms
[2020-08-27T11:16:41.421+0000][21728][gc,start     ] GC(390) Pause Remark
[2020-08-27T11:16:41.427+0000][21728][gc           ] GC(390) Pause Remark 315M->315M(1024M) 6.009ms
[2020-08-27T11:16:41.427+0000][21728][gc,cpu       ] GC(390) User=0.11s Sys=0.00s Real=0.01s
[2020-08-27T11:16:41.427+0000][21728][safepoint    ] Safepoint "G1Concurrent", Time since last: 163406600 ns, Reaching safepoint: 154400 ns, At safepoint: 6235200 ns, Total: 6389600 ns
[2020-08-27T11:16:41.427+0000][21728][gc,marking   ] GC(390) Concurrent Rebuild Remembered Sets
[2020-08-27T11:16:41.519+0000][21728][gc,marking   ] GC(390) Concurrent Rebuild Remembered Sets 92.085ms
[2020-08-27T11:16:41.519+0000][21728][gc,start     ] GC(390) Pause Cleanup
[2020-08-27T11:16:41.520+0000][21728][gc           ] GC(390) Pause Cleanup 383M->383M(1024M) 0.309ms
[2020-08-27T11:16:41.520+0000][21728][gc,cpu       ] GC(390) User=0.00s Sys=0.00s Real=0.00s
[2020-08-27T11:16:41.520+0000][21728][safepoint    ] Safepoint "G1Concurrent", Time since last: 92267000 ns, Reaching safepoint: 163000 ns, At safepoint: 507400 ns, Total: 670400 ns
[2020-08-27T11:16:41.520+0000][21728][gc,marking   ] GC(390) Concurrent Cleanup for Next Mark
[2020-08-27T11:16:41.522+0000][21728][gc,marking   ] GC(390) Concurrent Cleanup for Next Mark 1.889ms
[2020-08-27T11:16:41.522+0000][21728][gc           ] GC(390) Concurrent Cycle 264.872ms
[2020-08-27T11:16:41.665+0000][21728][gc,start     ] GC(391) Pause Young (Concurrent Start) (G1 Humongous Allocation)
[2020-08-27T11:16:41.665+0000][21728][gc,task      ] GC(391) Using 8 workers of 8 for evacuation
[2020-08-27T11:16:41.665+0000][21728][gc,age       ] GC(391) Desired survivor size 33030144 bytes, new threshold 15 (max threshold 15)
[2020-08-27T11:16:41.668+0000][21728][gc,age       ] GC(391) Age table with threshold 15 (max threshold 15)
[2020-08-27T11:16:41.668+0000][21728][gc,age       ] GC(391) - age   1:    3212240 bytes,    3212240 total
[2020-08-27T11:16:41.668+0000][21728][gc,age       ] GC(391) - age   2:     401560 bytes,    3613800 total
[2020-08-27T11:16:41.669+0000][21728][gc,age       ] GC(391) - age   3:     203360 bytes,    3817160 total
[2020-08-27T11:16:41.669+0000][21728][gc,age       ] GC(391) - age   4:       2520 bytes,    3819680 total
[2020-08-27T11:16:41.669+0000][21728][gc,age       ] GC(391) - age   5:      12928 bytes,    3832608 total
[2020-08-27T11:16:41.669+0000][21728][gc,age       ] GC(391) - age   6:       1208 bytes,    3833816 total
[2020-08-27T11:16:41.669+0000][21728][gc,age       ] GC(391) - age   7:        560 bytes,    3834376 total
[2020-08-27T11:16:41.669+0000][21728][gc,age       ] GC(391) - age   8:        496 bytes,    3834872 total
[2020-08-27T11:16:41.669+0000][21728][gc,age       ] GC(391) - age   9:        896 bytes,    3835768 total
[2020-08-27T11:16:41.669+0000][21728][gc,age       ] GC(391) - age  10:      10536 bytes,    3846304 total
[2020-08-27T11:16:41.669+0000][21728][gc,age       ] GC(391) - age  11:        360 bytes,    3846664 total
[2020-08-27T11:16:41.669+0000][21728][gc,age       ] GC(391) - age  12:       2624 bytes,    3849288 total
[2020-08-27T11:16:41.669+0000][21728][gc,age       ] GC(391) - age  13:        576 bytes,    3849864 total
[2020-08-27T11:16:41.669+0000][21728][gc,age       ] GC(391) - age  14:      15104 bytes,    3864968 total
[2020-08-27T11:16:41.669+0000][21728][gc,age       ] GC(391) - age  15:      17136 bytes,    3882104 total
[2020-08-27T11:16:41.669+0000][21728][gc,phases    ] GC(391)   Pre Evacuate Collection Set: 0.4ms
[2020-08-27T11:16:41.669+0000][21728][gc,phases    ] GC(391)   Merge Heap Roots: 0.1ms
[2020-08-27T11:16:41.669+0000][21728][gc,phases    ] GC(391)   Evacuate Collection Set: 1.9ms
[2020-08-27T11:16:41.669+0000][21728][gc,phases    ] GC(391)   Post Evacuate Collection Set: 0.7ms
[2020-08-27T11:16:41.669+0000][21728][gc,phases    ] GC(391)   Other: 0.9ms
[2020-08-27T11:16:41.669+0000][21728][gc,heap      ] GC(391) Eden regions: 41->0(496)
[2020-08-27T11:16:41.669+0000][21728][gc,heap      ] GC(391) Survivor regions: 4->5(63)
[2020-08-27T11:16:41.669+0000][21728][gc,heap      ] GC(391) Old regions: 79->79
[2020-08-27T11:16:41.669+0000][21728][gc,heap      ] GC(391) Archive regions: 0->0
[2020-08-27T11:16:41.669+0000][21728][gc,heap      ] GC(391) Humongous regions: 270->174
[2020-08-27T11:16:41.669+0000][21728][gc,metaspace ] GC(391) Metaspace: 87177K(93568K)->87177K(93568K) NonClass: 76073K(79872K)->76073K(79872K) Class: 11103K(13696K)->11103K(13696K)
[2020-08-27T11:16:41.669+0000][21728][gc           ] GC(391) Pause Young (Concurrent Start) (G1 Humongous Allocation) 393M->256M(1024M) 4.375ms
[2020-08-27T11:16:41.670+0000][21728][gc,cpu       ] GC(391) User=0.00s Sys=0.00s Real=0.01s
[2020-08-27T11:16:41.670+0000][21728][safepoint    ] Safepoint "G1TryInitiateConcMark", Time since last: 145024500 ns, Reaching safepoint: 143400 ns, At safepoint: 4571100 ns, Total: 4714500 ns
[2020-08-27T11:16:41.670+0000][21728][gc           ] GC(392) Concurrent Cycle
[2020-08-27T11:16:41.670+0000][21728][gc,marking   ] GC(392) Concurrent Clear Claimed Marks
[2020-08-27T11:16:41.670+0000][21728][gc,marking   ] GC(392) Concurrent Clear Claimed Marks 0.568ms
[2020-08-27T11:16:41.670+0000][21728][gc,marking   ] GC(392) Concurrent Scan Root Regions
[2020-08-27T11:16:41.674+0000][21728][gc,marking   ] GC(392) Concurrent Scan Root Regions 3.345ms
[2020-08-27T11:16:41.674+0000][21728][gc,marking   ] GC(392) Concurrent Mark (119.630s)
[2020-08-27T11:16:41.674+0000][21728][gc,marking   ] GC(392) Concurrent Mark From Roots
[2020-08-27T11:16:41.674+0000][21728][gc,task      ] GC(392) Using 2 workers of 2 for marking
[2020-08-27T11:16:41.825+0000][21728][gc,marking   ] GC(392) Concurrent Mark From Roots 150.664ms
[2020-08-27T11:16:41.825+0000][21728][gc,marking   ] GC(392) Concurrent Preclean
[2020-08-27T11:16:41.825+0000][21728][gc,marking   ] GC(392) Concurrent Preclean 0.507ms
[2020-08-27T11:16:41.825+0000][21728][gc,marking   ] GC(392) Concurrent Mark (119.630s, 119.781s) 151.346ms
[2020-08-27T11:16:41.825+0000][21728][gc,start     ] GC(392) Pause Remark
[2020-08-27T11:16:41.832+0000][21728][gc           ] GC(392) Pause Remark 315M->315M(1024M) 6.225ms
[2020-08-27T11:16:41.832+0000][21728][gc,cpu       ] GC(392) User=0.11s Sys=0.00s Real=0.01s
[2020-08-27T11:16:41.832+0000][21728][safepoint    ] Safepoint "G1Concurrent", Time since last: 155657100 ns, Reaching safepoint: 174400 ns, At safepoint: 6480600 ns, Total: 6655000 ns
[2020-08-27T11:16:41.832+0000][21728][gc,marking   ] GC(392) Concurrent Rebuild Remembered Sets
[2020-08-27T11:16:41.925+0000][21728][gc,marking   ] GC(392) Concurrent Rebuild Remembered Sets 93.172ms
[2020-08-27T11:16:41.925+0000][21728][gc,start     ] GC(392) Pause Cleanup
[2020-08-27T11:16:41.926+0000][21728][gc           ] GC(392) Pause Cleanup 322M->322M(1024M) 0.274ms
[2020-08-27T11:16:41.926+0000][21728][gc,cpu       ] GC(392) User=0.00s Sys=0.00s Real=0.00s
[2020-08-27T11:16:41.926+0000][21728][safepoint    ] Safepoint "G1Concurrent", Time since last: 93351200 ns, Reaching safepoint: 171300 ns, At safepoint: 476400 ns, Total: 647700 ns
[2020-08-27T11:16:41.926+0000][21728][gc,marking   ] GC(392) Concurrent Cleanup for Next Mark
[2020-08-27T11:16:41.928+0000][21728][gc,marking   ] GC(392) Concurrent Cleanup for Next Mark 1.868ms
[2020-08-27T11:16:41.928+0000][21728][gc           ] GC(392) Concurrent Cycle 258.400ms
[2020-08-27T11:16:41.961+0000][21728][gc,start     ] GC(393) Pause Young (Concurrent Start) (G1 Humongous Allocation)
[2020-08-27T11:16:41.961+0000][21728][gc,task      ] GC(393) Using 8 workers of 8 for evacuation
[2020-08-27T11:16:41.961+0000][21728][gc,age       ] GC(393) Desired survivor size 33030144 bytes, new threshold 15 (max threshold 15)
[2020-08-27T11:16:41.964+0000][21728][gc,age       ] GC(393) Age table with threshold 15 (max threshold 15)
[2020-08-27T11:16:41.964+0000][21728][gc,age       ] GC(393) - age   1:    2408392 bytes,    2408392 total
[2020-08-27T11:16:41.964+0000][21728][gc,age       ] GC(393) - age   2:       2784 bytes,    2411176 total
[2020-08-27T11:16:41.964+0000][21728][gc,age       ] GC(393) - age   3:       1752 bytes,    2412928 total
[2020-08-27T11:16:41.964+0000][21728][gc,age       ] GC(393) - age   4:       1960 bytes,    2414888 total
[2020-08-27T11:16:41.964+0000][21728][gc,age       ] GC(393) - age   5:       1616 bytes,    2416504 total
[2020-08-27T11:16:41.965+0000][21728][gc,age       ] GC(393) - age   6:      12248 bytes,    2428752 total
[2020-08-27T11:16:41.965+0000][21728][gc,age       ] GC(393) - age   7:       1176 bytes,    2429928 total
[2020-08-27T11:16:41.965+0000][21728][gc,age       ] GC(393) - age   8:        560 bytes,    2430488 total
[2020-08-27T11:16:41.965+0000][21728][gc,age       ] GC(393) - age   9:        496 bytes,    2430984 total
[2020-08-27T11:16:41.965+0000][21728][gc,age       ] GC(393) - age  10:        832 bytes,    2431816 total
[2020-08-27T11:16:41.965+0000][21728][gc,age       ] GC(393) - age  11:      10536 bytes,    2442352 total
[2020-08-27T11:16:41.965+0000][21728][gc,age       ] GC(393) - age  12:        360 bytes,    2442712 total
[2020-08-27T11:16:41.965+0000][21728][gc,age       ] GC(393) - age  13:       2624 bytes,    2445336 total
[2020-08-27T11:16:41.965+0000][21728][gc,age       ] GC(393) - age  14:        576 bytes,    2445912 total
[2020-08-27T11:16:41.965+0000][21728][gc,age       ] GC(393) - age  15:      15104 bytes,    2461016 total
[2020-08-27T11:16:41.965+0000][21728][gc,phases    ] GC(393)   Pre Evacuate Collection Set: 0.3ms
[2020-08-27T11:16:41.965+0000][21728][gc,phases    ] GC(393)   Merge Heap Roots: 0.1ms
[2020-08-27T11:16:41.965+0000][21728][gc,phases    ] GC(393)   Evacuate Collection Set: 1.9ms
[2020-08-27T11:16:41.965+0000][21728][gc,phases    ] GC(393)   Post Evacuate Collection Set: 0.8ms
[2020-08-27T11:16:41.965+0000][21728][gc,phases    ] GC(393)   Other: 0.7ms
[2020-08-27T11:16:41.965+0000][21728][gc,heap      ] GC(393) Eden regions: 29->0(499)
[2020-08-27T11:16:41.965+0000][21728][gc,heap      ] GC(393) Survivor regions: 5->3(63)
[2020-08-27T11:16:41.965+0000][21728][gc,heap      ] GC(393) Old regions: 79->79
[2020-08-27T11:16:41.965+0000][21728][gc,heap      ] GC(393) Archive regions: 0->0
[2020-08-27T11:16:41.965+0000][21728][gc,heap      ] GC(393) Humongous regions: 228->174
[2020-08-27T11:16:41.965+0000][21728][gc,metaspace ] GC(393) Metaspace: 87192K(93568K)->87192K(93568K) NonClass: 76088K(79872K)->76088K(79872K) Class: 11103K(13696K)->11103K(13696K)
[2020-08-27T11:16:41.965+0000][21728][gc           ] GC(393) Pause Young (Concurrent Start) (G1 Humongous Allocation) 339M->255M(1024M) 4.174ms
[2020-08-27T11:16:41.965+0000][21728][gc,cpu       ] GC(393) User=0.00s Sys=0.00s Real=0.00s
[2020-08-27T11:16:41.965+0000][21728][gc           ] GC(394) Concurrent Cycle
[2020-08-27T11:16:41.965+0000][21728][safepoint    ] Safepoint "G1TryInitiateConcMark", Time since last: 34762400 ns, Reaching safepoint: 151800 ns, At safepoint: 4352900 ns, Total: 4504700 ns
[2020-08-27T11:16:41.965+0000][21728][gc,marking   ] GC(394) Concurrent Clear Claimed Marks
[2020-08-27T11:16:41.966+0000][21728][gc,marking   ] GC(394) Concurrent Clear Claimed Marks 0.478ms
[2020-08-27T11:16:41.966+0000][21728][gc,marking   ] GC(394) Concurrent Scan Root Regions
[2020-08-27T11:16:41.968+0000][21728][gc,marking   ] GC(394) Concurrent Scan Root Regions 2.436ms
[2020-08-27T11:16:41.968+0000][21728][gc,marking   ] GC(394) Concurrent Mark (119.925s)
[2020-08-27T11:16:41.968+0000][21728][gc,marking   ] GC(394) Concurrent Mark From Roots
[2020-08-27T11:16:41.968+0000][21728][gc,task      ] GC(394) Using 2 workers of 2 for marking
[2020-08-27T11:16:42.105+0000][21728][gc,marking   ] GC(394) Concurrent Mark From Roots 136.523ms
[2020-08-27T11:16:42.105+0000][21728][gc,marking   ] GC(394) Concurrent Preclean
[2020-08-27T11:16:42.105+0000][21728][gc,marking   ] GC(394) Concurrent Preclean 0.382ms
[2020-08-27T11:16:42.105+0000][21728][gc,marking   ] GC(394) Concurrent Mark (119.925s, 120.062s) 137.044ms
[2020-08-27T11:16:42.106+0000][21728][gc,start     ] GC(394) Pause Remark
[2020-08-27T11:16:42.111+0000][21728][gc           ] GC(394) Pause Remark 309M->309M(1024M) 5.727ms
[2020-08-27T11:16:42.111+0000][21728][gc,cpu       ] GC(394) User=0.11s Sys=0.00s Real=0.01s
[2020-08-27T11:16:42.111+0000][21728][safepoint    ] Safepoint "G1Concurrent", Time since last: 140233700 ns, Reaching safepoint: 154500 ns, At safepoint: 5981300 ns, Total: 6135800 ns
[2020-08-27T11:16:42.112+0000][21728][gc,marking   ] GC(394) Concurrent Rebuild Remembered Sets
[2020-08-27T11:16:42.199+0000][21728][gc,marking   ] GC(394) Concurrent Rebuild Remembered Sets 87.519ms
[2020-08-27T11:16:42.202+0000][21728][gc,start     ] GC(394) Pause Cleanup
[2020-08-27T11:16:42.202+0000][21728][gc           ] GC(394) Pause Cleanup 315M->315M(1024M) 0.359ms
[2020-08-27T11:16:42.202+0000][21728][gc,cpu       ] GC(394) User=0.00s Sys=0.00s Real=0.00s
[2020-08-27T11:16:42.202+0000][21728][safepoint    ] Safepoint "G1Concurrent", Time since last: 87707600 ns, Reaching safepoint: 2485800 ns, At safepoint: 683800 ns, Total: 3169600 ns
[2020-08-27T11:16:42.202+0000][21728][gc,marking   ] GC(394) Concurrent Cleanup for Next Mark
[2020-08-27T11:16:42.204+0000][21728][gc,marking   ] GC(394) Concurrent Cleanup for Next Mark 1.833ms
[2020-08-27T11:16:42.204+0000][21728][gc           ] GC(394) Concurrent Cycle 239.342ms
[2020-08-27T11:16:42.239+0000][21728][gc,start     ] GC(395) Pause Young (Concurrent Start) (G1 Humongous Allocation)
[2020-08-27T11:16:42.239+0000][21728][gc,task      ] GC(395) Using 8 workers of 8 for evacuation
[2020-08-27T11:16:42.239+0000][21728][gc,age       ] GC(395) Desired survivor size 33030144 bytes, new threshold 15 (max threshold 15)
[2020-08-27T11:16:42.242+0000][21728][gc,age       ] GC(395) Age table with threshold 15 (max threshold 15)
[2020-08-27T11:16:42.242+0000][21728][gc,age       ] GC(395) - age   1:    2509384 bytes,    2509384 total
[2020-08-27T11:16:42.242+0000][21728][gc,age       ] GC(395) - age   2:      15080 bytes,    2524464 total
[2020-08-27T11:16:42.242+0000][21728][gc,age       ] GC(395) - age   3:       2408 bytes,    2526872 total
[2020-08-27T11:16:42.242+0000][21728][gc,age       ] GC(395) - age   4:       1232 bytes,    2528104 total
[2020-08-27T11:16:42.242+0000][21728][gc,age       ] GC(395) - age   5:       1928 bytes,    2530032 total
[2020-08-27T11:16:42.242+0000][21728][gc,age       ] GC(395) - age   6:       1552 bytes,    2531584 total
[2020-08-27T11:16:42.243+0000][21728][gc,age       ] GC(395) - age   7:      12056 bytes,    2543640 total
[2020-08-27T11:16:42.243+0000][21728][gc,age       ] GC(395) - age   8:       1176 bytes,    2544816 total
[2020-08-27T11:16:42.243+0000][21728][gc,age       ] GC(395) - age   9:        560 bytes,    2545376 total
[2020-08-27T11:16:42.243+0000][21728][gc,age       ] GC(395) - age  10:        496 bytes,    2545872 total
[2020-08-27T11:16:42.243+0000][21728][gc,age       ] GC(395) - age  11:        832 bytes,    2546704 total
[2020-08-27T11:16:42.243+0000][21728][gc,age       ] GC(395) - age  12:      10536 bytes,    2557240 total
[2020-08-27T11:16:42.243+0000][21728][gc,age       ] GC(395) - age  13:        328 bytes,    2557568 total
[2020-08-27T11:16:42.243+0000][21728][gc,age       ] GC(395) - age  14:       2624 bytes,    2560192 total
[2020-08-27T11:16:42.243+0000][21728][gc,age       ] GC(395) - age  15:        544 bytes,    2560736 total
[2020-08-27T11:16:42.243+0000][21728][gc,phases    ] GC(395)   Pre Evacuate Collection Set: 0.5ms
[2020-08-27T11:16:42.243+0000][21728][gc,phases    ] GC(395)   Merge Heap Roots: 0.1ms
[2020-08-27T11:16:42.243+0000][21728][gc,phases    ] GC(395)   Evacuate Collection Set: 2.3ms
[2020-08-27T11:16:42.243+0000][21728][gc,phases    ] GC(395)   Post Evacuate Collection Set: 0.6ms
[2020-08-27T11:16:42.243+0000][21728][gc,phases    ] GC(395)   Other: 0.8ms
[2020-08-27T11:16:42.243+0000][21728][gc,heap      ] GC(395) Eden regions: 24->0(501)
[2020-08-27T11:16:42.243+0000][21728][gc,heap      ] GC(395) Survivor regions: 3->3(63)
[2020-08-27T11:16:42.243+0000][21728][gc,heap      ] GC(395) Old regions: 79->79
[2020-08-27T11:16:42.243+0000][21728][gc,heap      ] GC(395) Archive regions: 0->0
[2020-08-27T11:16:42.243+0000][21728][gc,heap      ] GC(395) Humongous regions: 228->174
[2020-08-27T11:16:42.243+0000][21728][gc,metaspace ] GC(395) Metaspace: 87331K(93568K)->87331K(93568K) NonClass: 76207K(79872K)->76207K(79872K) Class: 11123K(13696K)->11123K(13696K)
[2020-08-27T11:16:42.243+0000][21728][gc           ] GC(395) Pause Young (Concurrent Start) (G1 Humongous Allocation) 333M->255M(1024M) 4.414ms
[2020-08-27T11:16:42.243+0000][21728][gc,cpu       ] GC(395) User=0.00s Sys=0.00s Real=0.00s
[2020-08-27T11:16:42.243+0000][21728][gc           ] GC(396) Concurrent Cycle
[2020-08-27T11:16:42.243+0000][21728][safepoint    ] Safepoint "G1TryInitiateConcMark", Time since last: 35931100 ns, Reaching safepoint: 250300 ns, At safepoint: 4601000 ns, Total: 4851300 ns
[2020-08-27T11:16:42.243+0000][21728][gc,marking   ] GC(396) Concurrent Clear Claimed Marks
[2020-08-27T11:16:42.244+0000][21728][gc,marking   ] GC(396) Concurrent Clear Claimed Marks 0.592ms
[2020-08-27T11:16:42.244+0000][21728][gc,marking   ] GC(396) Concurrent Scan Root Regions
[2020-08-27T11:16:42.246+0000][21728][gc,marking   ] GC(396) Concurrent Scan Root Regions 2.533ms
[2020-08-27T11:16:42.247+0000][21728][gc,marking   ] GC(396) Concurrent Mark (120.203s)
[2020-08-27T11:16:42.247+0000][21728][gc,marking   ] GC(396) Concurrent Mark From Roots
[2020-08-27T11:16:42.247+0000][21728][gc,task      ] GC(396) Using 2 workers of 2 for marking
[2020-08-27T11:16:42.403+0000][21728][gc,marking   ] GC(396) Concurrent Mark From Roots 156.003ms
[2020-08-27T11:16:42.403+0000][21728][gc,marking   ] GC(396) Concurrent Preclean
[2020-08-27T11:16:42.403+0000][21728][gc,marking   ] GC(396) Concurrent Preclean 0.527ms
[2020-08-27T11:16:42.403+0000][21728][gc,marking   ] GC(396) Concurrent Mark (120.203s, 120.360s) 156.749ms
[2020-08-27T11:16:42.404+0000][21728][gc,start     ] GC(396) Pause Remark
[2020-08-27T11:16:42.410+0000][21728][gc           ] GC(396) Pause Remark 301M->301M(1024M) 6.543ms
[2020-08-27T11:16:42.410+0000][21728][gc,cpu       ] GC(396) User=0.11s Sys=0.00s Real=0.01s
[2020-08-27T11:16:42.410+0000][21728][safepoint    ] Safepoint "G1Concurrent", Time since last: 160268800 ns, Reaching safepoint: 166200 ns, At safepoint: 6803500 ns, Total: 6969700 ns
[2020-08-27T11:16:42.410+0000][21728][gc,marking   ] GC(396) Concurrent Rebuild Remembered Sets
[2020-08-27T11:16:42.501+0000][21728][gc,marking   ] GC(396) Concurrent Rebuild Remembered Sets 90.300ms
[2020-08-27T11:16:42.501+0000][21728][gc,start     ] GC(396) Pause Cleanup
[2020-08-27T11:16:42.501+0000][21728][gc           ] GC(396) Pause Cleanup 306M->306M(1024M) 0.363ms
[2020-08-27T11:16:42.501+0000][21728][gc,cpu       ] GC(396) User=0.00s Sys=0.00s Real=0.00s
[2020-08-27T11:16:42.502+0000][21728][safepoint    ] Safepoint "G1Concurrent", Time since last: 90492700 ns, Reaching safepoint: 124300 ns, At safepoint: 692400 ns, Total: 816700 ns
[2020-08-27T11:16:42.502+0000][21728][gc,marking   ] GC(396) Concurrent Cleanup for Next Mark
[2020-08-27T11:16:42.504+0000][21728][gc,marking   ] GC(396) Concurrent Cleanup for Next Mark 1.917ms
[2020-08-27T11:16:42.504+0000][21728][gc           ] GC(396) Concurrent Cycle 260.754ms
[2020-08-27T11:16:42.532+0000][21728][gc,start     ] GC(397) Pause Young (Concurrent Start) (G1 Humongous Allocation)
[2020-08-27T11:16:42.532+0000][21728][gc,task      ] GC(397) Using 8 workers of 8 for evacuation
[2020-08-27T11:16:42.532+0000][21728][gc,age       ] GC(397) Desired survivor size 33030144 bytes, new threshold 15 (max threshold 15)
[2020-08-27T11:16:42.537+0000][21728][gc,age       ] GC(397) Age table with threshold 15 (max threshold 15)
[2020-08-27T11:16:42.538+0000][21728][gc,age       ] GC(397) - age   1:   12566936 bytes,   12566936 total
[2020-08-27T11:16:42.538+0000][21728][gc,age       ] GC(397) - age   2:      60464 bytes,   12627400 total
[2020-08-27T11:16:42.538+0000][21728][gc,age       ] GC(397) - age   3:      12064 bytes,   12639464 total
[2020-08-27T11:16:42.538+0000][21728][gc,age       ] GC(397) - age   4:       1288 bytes,   12640752 total
[2020-08-27T11:16:42.538+0000][21728][gc,age       ] GC(397) - age   5:        944 bytes,   12641696 total
[2020-08-27T11:16:42.538+0000][21728][gc,age       ] GC(397) - age   6:       1472 bytes,   12643168 total
[2020-08-27T11:16:42.538+0000][21728][gc,age       ] GC(397) - age   7:       1424 bytes,   12644592 total
[2020-08-27T11:16:42.538+0000][21728][gc,age       ] GC(397) - age   8:      11864 bytes,   12656456 total
[2020-08-27T11:16:42.538+0000][21728][gc,age       ] GC(397) - age   9:       1176 bytes,   12657632 total
[2020-08-27T11:16:42.538+0000][21728][gc,age       ] GC(397) - age  10:        560 bytes,   12658192 total
[2020-08-27T11:16:42.538+0000][21728][gc,age       ] GC(397) - age  11:        496 bytes,   12658688 total
[2020-08-27T11:16:42.538+0000][21728][gc,age       ] GC(397) - age  12:        832 bytes,   12659520 total
[2020-08-27T11:16:42.538+0000][21728][gc,age       ] GC(397) - age  13:      10536 bytes,   12670056 total
[2020-08-27T11:16:42.538+0000][21728][gc,age       ] GC(397) - age  14:        296 bytes,   12670352 total
[2020-08-27T11:16:42.538+0000][21728][gc,age       ] GC(397) - age  15:       2624 bytes,   12672976 total
[2020-08-27T11:16:42.538+0000][21728][gc,phases    ] GC(397)   Pre Evacuate Collection Set: 0.6ms
[2020-08-27T11:16:42.538+0000][21728][gc,phases    ] GC(397)   Merge Heap Roots: 0.2ms
[2020-08-27T11:16:42.538+0000][21728][gc,phases    ] GC(397)   Evacuate Collection Set: 3.5ms
[2020-08-27T11:16:42.538+0000][21728][gc,phases    ] GC(397)   Post Evacuate Collection Set: 1.0ms
[2020-08-27T11:16:42.538+0000][21728][gc,phases    ] GC(397)   Other: 1.2ms
[2020-08-27T11:16:42.538+0000][21728][gc,heap      ] GC(397) Eden regions: 40->0(483)
[2020-08-27T11:16:42.538+0000][21728][gc,heap      ] GC(397) Survivor regions: 3->13(63)
[2020-08-27T11:16:42.538+0000][21728][gc,heap      ] GC(397) Old regions: 79->79
[2020-08-27T11:16:42.539+0000][21728][gc,heap      ] GC(397) Archive regions: 0->0
[2020-08-27T11:16:42.539+0000][21728][gc,heap      ] GC(397) Humongous regions: 228->174
[2020-08-27T11:16:42.539+0000][21728][gc,metaspace ] GC(397) Metaspace: 87331K(93568K)->87331K(93568K) NonClass: 76207K(79872K)->76207K(79872K) Class: 11123K(13696K)->11123K(13696K)
[2020-08-27T11:16:42.539+0000][21728][gc           ] GC(397) Pause Young (Concurrent Start) (G1 Humongous Allocation) 349M->264M(1024M) 6.786ms
[2020-08-27T11:16:42.539+0000][21728][gc,cpu       ] GC(397) User=0.00s Sys=0.00s Real=0.01s
[2020-08-27T11:16:42.539+0000][21728][gc           ] GC(398) Concurrent Cycle
[2020-08-27T11:16:42.539+0000][21728][gc,marking   ] GC(398) Concurrent Clear Claimed Marks
[2020-08-27T11:16:42.539+0000][21728][safepoint    ] Safepoint "G1TryInitiateConcMark", Time since last: 29932700 ns, Reaching safepoint: 321700 ns, At safepoint: 7218800 ns, Total: 7540500 ns
[2020-08-27T11:16:42.539+0000][21728][gc,marking   ] GC(398) Concurrent Clear Claimed Marks 0.367ms
[2020-08-27T11:16:42.539+0000][21728][gc,marking   ] GC(398) Concurrent Scan Root Regions
[2020-08-27T11:16:42.540+0000][21728][safepoint    ] Safepoint "G1TryInitiateConcMark", Time since last: 236000 ns, Reaching safepoint: 146500 ns, At safepoint: 218900 ns, Total: 365400 ns
[2020-08-27T11:16:42.542+0000][21728][gc,marking   ] GC(398) Concurrent Scan Root Regions 2.668ms
[2020-08-27T11:16:42.542+0000][21728][gc,marking   ] GC(398) Concurrent Mark (120.499s)
[2020-08-27T11:16:42.542+0000][21728][gc,marking   ] GC(398) Concurrent Mark From Roots
[2020-08-27T11:16:42.542+0000][21728][gc,task      ] GC(398) Using 2 workers of 2 for marking
[2020-08-27T11:16:42.726+0000][21728][gc,marking   ] GC(398) Concurrent Mark From Roots 183.777ms
[2020-08-27T11:16:42.726+0000][21728][gc,marking   ] GC(398) Concurrent Preclean
[2020-08-27T11:16:42.727+0000][21728][gc,marking   ] GC(398) Concurrent Preclean 0.748ms
[2020-08-27T11:16:42.727+0000][21728][gc,marking   ] GC(398) Concurrent Mark (120.499s, 120.683s) 184.785ms
[2020-08-27T11:16:42.727+0000][21728][gc,start     ] GC(398) Pause Remark
[2020-08-27T11:16:42.734+0000][21728][gc           ] GC(398) Pause Remark 487M->487M(1024M) 6.811ms
[2020-08-27T11:16:42.734+0000][21728][gc,cpu       ] GC(398) User=0.00s Sys=0.00s Real=0.01s
[2020-08-27T11:16:42.735+0000][21728][safepoint    ] Safepoint "G1Concurrent", Time since last: 187368800 ns, Reaching safepoint: 211900 ns, At safepoint: 7658500 ns, Total: 7870400 ns
[2020-08-27T11:16:42.735+0000][21728][gc,marking   ] GC(398) Concurrent Rebuild Remembered Sets
[2020-08-27T11:16:42.839+0000][21728][gc,marking   ] GC(398) Concurrent Rebuild Remembered Sets 103.784ms
[2020-08-27T11:16:42.840+0000][21728][gc,start     ] GC(398) Pause Cleanup
[2020-08-27T11:16:42.840+0000][21728][gc           ] GC(398) Pause Cleanup 488M->488M(1024M) 0.400ms
[2020-08-27T11:16:42.841+0000][21728][gc,cpu       ] GC(398) User=0.00s Sys=0.00s Real=0.00s
[2020-08-27T11:16:42.841+0000][21728][safepoint    ] Safepoint "G1Concurrent", Time since last: 104012400 ns, Reaching safepoint: 1115400 ns, At safepoint: 999600 ns, Total: 2115000 ns
[2020-08-27T11:16:42.841+0000][21728][gc,marking   ] GC(398) Concurrent Cleanup for Next Mark
[2020-08-27T11:16:42.843+0000][21728][gc,marking   ] GC(398) Concurrent Cleanup for Next Mark 1.769ms
[2020-08-27T11:16:42.843+0000][21728][gc           ] GC(398) Concurrent Cycle 304.144ms
[2020-08-27T11:16:43.029+0000][21728][gc,start     ] GC(399) Pause Young (Concurrent Start) (G1 Humongous Allocation)
[2020-08-27T11:16:43.029+0000][21728][gc,task      ] GC(399) Using 8 workers of 8 for evacuation
[2020-08-27T11:16:43.029+0000][21728][gc,age       ] GC(399) Desired survivor size 32505856 bytes, new threshold 15 (max threshold 15)
[2020-08-27T11:16:43.033+0000][21728][gc,age       ] GC(399) Age table with threshold 15 (max threshold 15)
[2020-08-27T11:16:43.033+0000][21728][gc,age       ] GC(399) - age   1:     708656 bytes,     708656 total
[2020-08-27T11:16:43.034+0000][21728][gc,age       ] GC(399) - age   2:    2434400 bytes,    3143056 total
[2020-08-27T11:16:43.034+0000][21728][gc,age       ] GC(399) - age   3:      60248 bytes,    3203304 total
[2020-08-27T11:16:43.034+0000][21728][gc,age       ] GC(399) - age   4:       7344 bytes,    3210648 total
[2020-08-27T11:16:43.034+0000][21728][gc,age       ] GC(399) - age   5:       1152 bytes,    3211800 total
[2020-08-27T11:16:43.034+0000][21728][gc,age       ] GC(399) - age   6:        920 bytes,    3212720 total
[2020-08-27T11:16:43.034+0000][21728][gc,age       ] GC(399) - age   7:       1376 bytes,    3214096 total
[2020-08-27T11:16:43.034+0000][21728][gc,age       ] GC(399) - age   8:       1424 bytes,    3215520 total
[2020-08-27T11:16:43.034+0000][21728][gc,age       ] GC(399) - age   9:      11864 bytes,    3227384 total
[2020-08-27T11:16:43.034+0000][21728][gc,age       ] GC(399) - age  10:       1144 bytes,    3228528 total
[2020-08-27T11:16:43.034+0000][21728][gc,age       ] GC(399) - age  11:        560 bytes,    3229088 total
[2020-08-27T11:16:43.034+0000][21728][gc,age       ] GC(399) - age  12:        432 bytes,    3229520 total
[2020-08-27T11:16:43.034+0000][21728][gc,age       ] GC(399) - age  13:        832 bytes,    3230352 total
[2020-08-27T11:16:43.034+0000][21728][gc,age       ] GC(399) - age  14:      10536 bytes,    3240888 total
[2020-08-27T11:16:43.034+0000][21728][gc,age       ] GC(399) - age  15:        264 bytes,    3241152 total
[2020-08-27T11:16:43.034+0000][21728][gc,phases    ] GC(399)   Pre Evacuate Collection Set: 0.6ms
[2020-08-27T11:16:43.034+0000][21728][gc,phases    ] GC(399)   Merge Heap Roots: 0.1ms
[2020-08-27T11:16:43.034+0000][21728][gc,phases    ] GC(399)   Evacuate Collection Set: 2.4ms
[2020-08-27T11:16:43.034+0000][21728][gc,phases    ] GC(399)   Post Evacuate Collection Set: 1.1ms
[2020-08-27T11:16:43.034+0000][21728][gc,phases    ] GC(399)   Other: 1.2ms
[2020-08-27T11:16:43.034+0000][21728][gc,heap      ] GC(399) Eden regions: 53->0(495)
[2020-08-27T11:16:43.035+0000][21728][gc,heap      ] GC(399) Survivor regions: 13->4(62)
[2020-08-27T11:16:43.035+0000][21728][gc,heap      ] GC(399) Old regions: 79->79
[2020-08-27T11:16:43.035+0000][21728][gc,heap      ] GC(399) Archive regions: 0->0
[2020-08-27T11:16:43.035+0000][21728][gc,heap      ] GC(399) Humongous regions: 360->174
[2020-08-27T11:16:43.035+0000][21728][gc,metaspace ] GC(399) Metaspace: 87332K(93568K)->87332K(93568K) NonClass: 76208K(79872K)->76208K(79872K) Class: 11123K(13696K)->11123K(13696K)
[2020-08-27T11:16:43.035+0000][21728][gc           ] GC(399) Pause Young (Concurrent Start) (G1 Humongous Allocation) 503M->256M(1024M) 5.991ms
[2020-08-27T11:16:43.035+0000][21728][gc,cpu       ] GC(399) User=0.11s Sys=0.02s Real=0.01s
[2020-08-27T11:16:43.035+0000][21728][gc           ] GC(400) Concurrent Cycle
[2020-08-27T11:16:43.035+0000][21728][gc,marking   ] GC(400) Concurrent Clear Claimed Marks
[2020-08-27T11:16:43.035+0000][21728][safepoint    ] Safepoint "G1TryInitiateConcMark", Time since last: 187012200 ns, Reaching safepoint: 294900 ns, At safepoint: 6263700 ns, Total: 6558600 ns
[2020-08-27T11:16:43.035+0000][21728][gc,marking   ] GC(400) Concurrent Clear Claimed Marks 0.393ms
[2020-08-27T11:16:43.035+0000][21728][gc,marking   ] GC(400) Concurrent Scan Root Regions
[2020-08-27T11:16:43.039+0000][21728][gc,marking   ] GC(400) Concurrent Scan Root Regions 3.285ms
[2020-08-27T11:16:43.039+0000][21728][gc,marking   ] GC(400) Concurrent Mark (120.995s)
[2020-08-27T11:16:43.039+0000][21728][gc,marking   ] GC(400) Concurrent Mark From Roots
[2020-08-27T11:16:43.039+0000][21728][gc,task      ] GC(400) Using 2 workers of 2 for marking
[2020-08-27T11:16:43.204+0000][21728][gc,marking   ] GC(400) Concurrent Mark From Roots 165.306ms
[2020-08-27T11:16:43.204+0000][21728][gc,marking   ] GC(400) Concurrent Preclean
[2020-08-27T11:16:43.205+0000][21728][gc,marking   ] GC(400) Concurrent Preclean 0.576ms
[2020-08-27T11:16:43.205+0000][21728][gc,marking   ] GC(400) Concurrent Mark (120.995s, 121.161s) 166.058ms
[2020-08-27T11:16:43.205+0000][21728][gc,start     ] GC(400) Pause Remark
[2020-08-27T11:16:43.211+0000][21728][gc           ] GC(400) Pause Remark 322M->322M(1024M) 6.210ms
[2020-08-27T11:16:43.212+0000][21728][gc,cpu       ] GC(400) User=0.00s Sys=0.00s Real=0.01s
[2020-08-27T11:16:43.212+0000][21728][safepoint    ] Safepoint "G1Concurrent", Time since last: 170025000 ns, Reaching safepoint: 170500 ns, At safepoint: 6479100 ns, Total: 6649600 ns
[2020-08-27T11:16:43.212+0000][21728][gc,marking   ] GC(400) Concurrent Rebuild Remembered Sets
[2020-08-27T11:16:43.303+0000][21728][gc,marking   ] GC(400) Concurrent Rebuild Remembered Sets 91.754ms
[2020-08-27T11:16:43.303+0000][21728][gc,start     ] GC(400) Pause Cleanup
[2020-08-27T11:16:43.304+0000][21728][gc           ] GC(400) Pause Cleanup 325M->325M(1024M) 0.335ms
[2020-08-27T11:16:43.304+0000][21728][gc,cpu       ] GC(400) User=0.00s Sys=0.00s Real=0.00s
[2020-08-27T11:16:43.304+0000][21728][safepoint    ] Safepoint "G1Concurrent", Time since last: 91943900 ns, Reaching safepoint: 192500 ns, At safepoint: 526500 ns, Total: 719000 ns
[2020-08-27T11:16:43.304+0000][21728][gc,marking   ] GC(400) Concurrent Cleanup for Next Mark
[2020-08-27T11:16:43.306+0000][21728][gc,marking   ] GC(400) Concurrent Cleanup for Next Mark 1.924ms
[2020-08-27T11:16:43.306+0000][21728][gc           ] GC(400) Concurrent Cycle 271.527ms
[2020-08-27T11:16:43.361+0000][21728][gc,start     ] GC(401) Pause Young (Concurrent Start) (G1 Humongous Allocation)
[2020-08-27T11:16:43.361+0000][21728][gc,task      ] GC(401) Using 8 workers of 8 for evacuation
[2020-08-27T11:16:43.362+0000][21728][gc,age       ] GC(401) Desired survivor size 33030144 bytes, new threshold 15 (max threshold 15)
[2020-08-27T11:16:43.366+0000][21728][gc,age       ] GC(401) Age table with threshold 15 (max threshold 15)
[2020-08-27T11:16:43.366+0000][21728][gc,age       ] GC(401) - age   1:    2541664 bytes,    2541664 total
[2020-08-27T11:16:43.366+0000][21728][gc,age       ] GC(401) - age   2:       1848 bytes,    2543512 total
[2020-08-27T11:16:43.366+0000][21728][gc,age       ] GC(401) - age   3:       2176 bytes,    2545688 total
[2020-08-27T11:16:43.366+0000][21728][gc,age       ] GC(401) - age   4:      59736 bytes,    2605424 total
[2020-08-27T11:16:43.366+0000][21728][gc,age       ] GC(401) - age   5:       2216 bytes,    2607640 total
[2020-08-27T11:16:43.366+0000][21728][gc,age       ] GC(401) - age   6:       1088 bytes,    2608728 total
[2020-08-27T11:16:43.366+0000][21728][gc,age       ] GC(401) - age   7:        888 bytes,    2609616 total
[2020-08-27T11:16:43.366+0000][21728][gc,age       ] GC(401) - age   8:       1104 bytes,    2610720 total
[2020-08-27T11:16:43.366+0000][21728][gc,age       ] GC(401) - age   9:       1200 bytes,    2611920 total
[2020-08-27T11:16:43.366+0000][21728][gc,age       ] GC(401) - age  10:      11832 bytes,    2623752 total
[2020-08-27T11:16:43.366+0000][21728][gc,age       ] GC(401) - age  11:       1144 bytes,    2624896 total
[2020-08-27T11:16:43.366+0000][21728][gc,age       ] GC(401) - age  12:        560 bytes,    2625456 total
[2020-08-27T11:16:43.366+0000][21728][gc,age       ] GC(401) - age  13:        400 bytes,    2625856 total
[2020-08-27T11:16:43.366+0000][21728][gc,age       ] GC(401) - age  14:        832 bytes,    2626688 total
[2020-08-27T11:16:43.366+0000][21728][gc,age       ] GC(401) - age  15:      10536 bytes,    2637224 total
[2020-08-27T11:16:43.366+0000][21728][gc,phases    ] GC(401)   Pre Evacuate Collection Set: 0.6ms
[2020-08-27T11:16:43.367+0000][21728][gc,phases    ] GC(401)   Merge Heap Roots: 0.2ms
[2020-08-27T11:16:43.367+0000][21728][gc,phases    ] GC(401)   Evacuate Collection Set: 2.5ms
[2020-08-27T11:16:43.367+0000][21728][gc,phases    ] GC(401)   Post Evacuate Collection Set: 0.7ms
[2020-08-27T11:16:43.367+0000][21728][gc,phases    ] GC(401)   Other: 1.1ms
[2020-08-27T11:16:43.367+0000][21728][gc,heap      ] GC(401) Eden regions: 30->0(498)
[2020-08-27T11:16:43.367+0000][21728][gc,heap      ] GC(401) Survivor regions: 4->3(63)
[2020-08-27T11:16:43.367+0000][21728][gc,heap      ] GC(401) Old regions: 79->79
[2020-08-27T11:16:43.367+0000][21728][gc,heap      ] GC(401) Archive regions: 0->0
[2020-08-27T11:16:43.367+0000][21728][gc,heap      ] GC(401) Humongous regions: 228->174
[2020-08-27T11:16:43.367+0000][21728][gc,metaspace ] GC(401) Metaspace: 87332K(93568K)->87332K(93568K) NonClass: 76209K(79872K)->76209K(79872K) Class: 11123K(13696K)->11123K(13696K)
[2020-08-27T11:16:43.367+0000][21728][gc           ] GC(401) Pause Young (Concurrent Start) (G1 Humongous Allocation) 339M->255M(1024M) 5.635ms
[2020-08-27T11:16:43.367+0000][21728][gc,cpu       ] GC(401) User=0.00s Sys=0.00s Real=0.01s
[2020-08-27T11:16:43.367+0000][21728][gc           ] GC(402) Concurrent Cycle
[2020-08-27T11:16:43.367+0000][21728][safepoint    ] Safepoint "G1TryInitiateConcMark", Time since last: 57331300 ns, Reaching safepoint: 146500 ns, At safepoint: 5895500 ns, Total: 6042000 ns
[2020-08-27T11:16:43.367+0000][21728][gc,marking   ] GC(402) Concurrent Clear Claimed Marks
[2020-08-27T11:16:43.368+0000][21728][gc,marking   ] GC(402) Concurrent Clear Claimed Marks 0.438ms
[2020-08-27T11:16:43.368+0000][21728][gc,marking   ] GC(402) Concurrent Scan Root Regions
[2020-08-27T11:16:43.370+0000][21728][gc,marking   ] GC(402) Concurrent Scan Root Regions 2.005ms
[2020-08-27T11:16:43.370+0000][21728][gc,marking   ] GC(402) Concurrent Mark (121.326s)
[2020-08-27T11:16:43.370+0000][21728][gc,marking   ] GC(402) Concurrent Mark From Roots
[2020-08-27T11:16:43.370+0000][21728][gc,task      ] GC(402) Using 2 workers of 2 for marking
[2020-08-27T11:16:43.537+0000][21728][gc,marking   ] GC(402) Concurrent Mark From Roots 166.943ms
[2020-08-27T11:16:43.537+0000][21728][gc,marking   ] GC(402) Concurrent Preclean
[2020-08-27T11:16:43.538+0000][21728][gc,marking   ] GC(402) Concurrent Preclean 0.593ms
[2020-08-27T11:16:43.538+0000][21728][gc,marking   ] GC(402) Concurrent Mark (121.326s, 121.494s) 167.734ms
[2020-08-27T11:16:43.555+0000][21728][gc,start     ] GC(402) Pause Remark
[2020-08-27T11:16:43.561+0000][21728][gc           ] GC(402) Pause Remark 311M->311M(1024M) 6.229ms
[2020-08-27T11:16:43.561+0000][21728][gc,cpu       ] GC(402) User=0.00s Sys=0.00s Real=0.01s
[2020-08-27T11:16:43.561+0000][21728][safepoint    ] Safepoint "G1Concurrent", Time since last: 170542600 ns, Reaching safepoint: 16909300 ns, At safepoint: 6480300 ns, Total: 23389600 ns
[2020-08-27T11:16:43.561+0000][21728][gc,marking   ] GC(402) Concurrent Rebuild Remembered Sets
[2020-08-27T11:16:43.662+0000][21728][gc,marking   ] GC(402) Concurrent Rebuild Remembered Sets 100.619ms
[2020-08-27T11:16:43.662+0000][21728][gc,start     ] GC(402) Pause Cleanup
[2020-08-27T11:16:43.663+0000][21728][gc           ] GC(402) Pause Cleanup 311M->311M(1024M) 0.379ms
[2020-08-27T11:16:43.663+0000][21728][gc,cpu       ] GC(402) User=0.00s Sys=0.00s Real=0.00s
[2020-08-27T11:16:43.663+0000][21728][safepoint    ] Safepoint "G1Concurrent", Time since last: 100844000 ns, Reaching safepoint: 172400 ns, At safepoint: 558800 ns, Total: 731200 ns
[2020-08-27T11:16:43.663+0000][21728][gc,marking   ] GC(402) Concurrent Cleanup for Next Mark
[2020-08-27T11:16:43.665+0000][21728][gc,marking   ] GC(402) Concurrent Cleanup for Next Mark 1.932ms
[2020-08-27T11:16:43.665+0000][21728][gc           ] GC(402) Concurrent Cycle 297.703ms
[2020-08-27T11:16:44.665+0000][21728][safepoint    ] Safepoint "Cleanup", Time since last: 1000527800 ns, Reaching safepoint: 354400 ns, At safepoint: 781100 ns, Total: 1135500 ns
[2020-08-27T11:16:45.799+0000][21728][gc,start     ] GC(403) Pause Young (Concurrent Start) (G1 Humongous Allocation)
[2020-08-27T11:16:45.800+0000][21728][gc,task      ] GC(403) Using 8 workers of 8 for evacuation
[2020-08-27T11:16:45.800+0000][21728][gc,age       ] GC(403) Desired survivor size 33030144 bytes, new threshold 15 (max threshold 15)
[2020-08-27T11:16:45.804+0000][21728][gc,age       ] GC(403) Age table with threshold 15 (max threshold 15)
[2020-08-27T11:16:45.805+0000][21728][gc,age       ] GC(403) - age   1:    2609376 bytes,    2609376 total
[2020-08-27T11:16:45.805+0000][21728][gc,age       ] GC(403) - age   2:      12352 bytes,    2621728 total
[2020-08-27T11:16:45.805+0000][21728][gc,age       ] GC(403) - age   3:        768 bytes,    2622496 total
[2020-08-27T11:16:45.805+0000][21728][gc,age       ] GC(403) - age   4:       1544 bytes,    2624040 total
[2020-08-27T11:16:45.805+0000][21728][gc,age       ] GC(403) - age   5:      59640 bytes,    2683680 total
[2020-08-27T11:16:45.805+0000][21728][gc,age       ] GC(403) - age   6:       1344 bytes,    2685024 total
[2020-08-27T11:16:45.805+0000][21728][gc,age       ] GC(403) - age   7:       1056 bytes,    2686080 total
[2020-08-27T11:16:45.805+0000][21728][gc,age       ] GC(403) - age   8:        888 bytes,    2686968 total
[2020-08-27T11:16:45.805+0000][21728][gc,age       ] GC(403) - age   9:        880 bytes,    2687848 total
[2020-08-27T11:16:45.805+0000][21728][gc,age       ] GC(403) - age  10:       1040 bytes,    2688888 total
[2020-08-27T11:16:45.805+0000][21728][gc,age       ] GC(403) - age  11:      11536 bytes,    2700424 total
[2020-08-27T11:16:45.805+0000][21728][gc,age       ] GC(403) - age  12:        840 bytes,    2701264 total
[2020-08-27T11:16:45.805+0000][21728][gc,age       ] GC(403) - age  13:        560 bytes,    2701824 total
[2020-08-27T11:16:45.805+0000][21728][gc,age       ] GC(403) - age  14:        368 bytes,    2702192 total
[2020-08-27T11:16:45.805+0000][21728][gc,age       ] GC(403) - age  15:        768 bytes,    2702960 total
[2020-08-27T11:16:45.805+0000][21728][gc,phases    ] GC(403)   Pre Evacuate Collection Set: 0.9ms
[2020-08-27T11:16:45.805+0000][21728][gc,phases    ] GC(403)   Merge Heap Roots: 0.1ms
[2020-08-27T11:16:45.805+0000][21728][gc,phases    ] GC(403)   Evacuate Collection Set: 2.1ms
[2020-08-27T11:16:45.805+0000][21728][gc,phases    ] GC(403)   Post Evacuate Collection Set: 1.2ms
[2020-08-27T11:16:45.805+0000][21728][gc,phases    ] GC(403)   Other: 1.8ms
[2020-08-27T11:16:45.805+0000][21728][gc,heap      ] GC(403) Eden regions: 188->0(499)
[2020-08-27T11:16:45.805+0000][21728][gc,heap      ] GC(403) Survivor regions: 3->3(63)
[2020-08-27T11:16:45.805+0000][21728][gc,heap      ] GC(403) Old regions: 79->79
[2020-08-27T11:16:45.805+0000][21728][gc,heap      ] GC(403) Archive regions: 0->0
[2020-08-27T11:16:45.806+0000][21728][gc,heap      ] GC(403) Humongous regions: 228->174
[2020-08-27T11:16:45.806+0000][21728][gc,metaspace ] GC(403) Metaspace: 87501K(93824K)->87501K(93824K) NonClass: 76374K(80128K)->76374K(80128K) Class: 11126K(13696K)->11126K(13696K)
[2020-08-27T11:16:45.806+0000][21728][gc           ] GC(403) Pause Young (Concurrent Start) (G1 Humongous Allocation) 497M->255M(1024M) 6.374ms
[2020-08-27T11:16:45.806+0000][21728][gc,cpu       ] GC(403) User=0.00s Sys=0.00s Real=0.01s
[2020-08-27T11:16:45.806+0000][21728][gc           ] GC(404) Concurrent Cycle
[2020-08-27T11:16:45.806+0000][21728][safepoint    ] Safepoint "G1TryInitiateConcMark", Time since last: 1133754400 ns, Reaching safepoint: 314900 ns, At safepoint: 6750900 ns, Total: 7065800 ns
[2020-08-27T11:16:45.806+0000][21728][gc,marking   ] GC(404) Concurrent Clear Claimed Marks
[2020-08-27T11:16:45.806+0000][21728][gc,marking   ] GC(404) Concurrent Clear Claimed Marks 0.602ms
[2020-08-27T11:16:45.807+0000][21728][gc,marking   ] GC(404) Concurrent Scan Root Regions
[2020-08-27T11:16:45.809+0000][21728][gc,marking   ] GC(404) Concurrent Scan Root Regions 2.693ms
[2020-08-27T11:16:45.809+0000][21728][gc,marking   ] GC(404) Concurrent Mark (123.765s)
[2020-08-27T11:16:45.809+0000][21728][gc,marking   ] GC(404) Concurrent Mark From Roots
[2020-08-27T11:16:45.809+0000][21728][gc,task      ] GC(404) Using 2 workers of 2 for marking
[2020-08-27T11:16:45.953+0000][21728][gc,marking   ] GC(404) Concurrent Mark From Roots 143.716ms
[2020-08-27T11:16:45.953+0000][21728][gc,marking   ] GC(404) Concurrent Preclean
[2020-08-27T11:16:45.954+0000][21728][gc,marking   ] GC(404) Concurrent Preclean 0.407ms
[2020-08-27T11:16:45.954+0000][21728][gc,marking   ] GC(404) Concurrent Mark (123.765s, 123.910s) 144.266ms
[2020-08-27T11:16:45.954+0000][21728][gc,start     ] GC(404) Pause Remark
[2020-08-27T11:16:45.959+0000][21728][gc           ] GC(404) Pause Remark 308M->308M(1024M) 5.480ms
[2020-08-27T11:16:45.960+0000][21728][gc,cpu       ] GC(404) User=0.00s Sys=0.00s Real=0.01s
[2020-08-27T11:16:45.960+0000][21728][safepoint    ] Safepoint "G1Concurrent", Time since last: 147938100 ns, Reaching safepoint: 159200 ns, At safepoint: 5692000 ns, Total: 5851200 ns
[2020-08-27T11:16:45.960+0000][21728][gc,marking   ] GC(404) Concurrent Rebuild Remembered Sets
[2020-08-27T11:16:46.039+0000][21728][gc,marking   ] GC(404) Concurrent Rebuild Remembered Sets 79.208ms
[2020-08-27T11:16:46.039+0000][21728][gc,start     ] GC(404) Pause Cleanup
[2020-08-27T11:16:46.039+0000][21728][gc           ] GC(404) Pause Cleanup 379M->379M(1024M) 0.254ms
[2020-08-27T11:16:46.039+0000][21728][gc,cpu       ] GC(404) User=0.00s Sys=0.00s Real=0.00s
[2020-08-27T11:16:46.039+0000][21728][safepoint    ] Safepoint "G1Concurrent", Time since last: 79376800 ns, Reaching safepoint: 133400 ns, At safepoint: 383800 ns, Total: 517200 ns
[2020-08-27T11:16:46.040+0000][21728][gc,marking   ] GC(404) Concurrent Cleanup for Next Mark
[2020-08-27T11:16:46.041+0000][21728][gc,marking   ] GC(404) Concurrent Cleanup for Next Mark 1.257ms
[2020-08-27T11:16:46.041+0000][21728][gc           ] GC(404) Concurrent Cycle 235.095ms
[2020-08-27T11:16:46.152+0000][21728][gc,start     ] GC(405) Pause Young (Concurrent Start) (G1 Humongous Allocation)
[2020-08-27T11:16:46.152+0000][21728][gc,task      ] GC(405) Using 8 workers of 8 for evacuation
[2020-08-27T11:16:46.152+0000][21728][gc,age       ] GC(405) Desired survivor size 33030144 bytes, new threshold 15 (max threshold 15)
[2020-08-27T11:16:46.155+0000][21728][gc,age       ] GC(405) Age table with threshold 15 (max threshold 15)
[2020-08-27T11:16:46.155+0000][21728][gc,age       ] GC(405) - age   1:    1027344 bytes,    1027344 total
[2020-08-27T11:16:46.155+0000][21728][gc,age       ] GC(405) - age   2:     169408 bytes,    1196752 total
[2020-08-27T11:16:46.155+0000][21728][gc,age       ] GC(405) - age   3:       8968 bytes,    1205720 total
[2020-08-27T11:16:46.155+0000][21728][gc,age       ] GC(405) - age   4:        768 bytes,    1206488 total
[2020-08-27T11:16:46.155+0000][21728][gc,age       ] GC(405) - age   5:       1512 bytes,    1208000 total
[2020-08-27T11:16:46.156+0000][21728][gc,age       ] GC(405) - age   6:      59576 bytes,    1267576 total
[2020-08-27T11:16:46.156+0000][21728][gc,age       ] GC(405) - age   7:       1248 bytes,    1268824 total
[2020-08-27T11:16:46.156+0000][21728][gc,age       ] GC(405) - age   8:       1056 bytes,    1269880 total
[2020-08-27T11:16:46.156+0000][21728][gc,age       ] GC(405) - age   9:        856 bytes,    1270736 total
[2020-08-27T11:16:46.156+0000][21728][gc,age       ] GC(405) - age  10:        880 bytes,    1271616 total
[2020-08-27T11:16:46.156+0000][21728][gc,age       ] GC(405) - age  11:       1040 bytes,    1272656 total
[2020-08-27T11:16:46.156+0000][21728][gc,age       ] GC(405) - age  12:      11472 bytes,    1284128 total
[2020-08-27T11:16:46.156+0000][21728][gc,age       ] GC(405) - age  13:        840 bytes,    1284968 total
[2020-08-27T11:16:46.156+0000][21728][gc,age       ] GC(405) - age  14:        560 bytes,    1285528 total
[2020-08-27T11:16:46.156+0000][21728][gc,age       ] GC(405) - age  15:        368 bytes,    1285896 total
[2020-08-27T11:16:46.156+0000][21728][gc,phases    ] GC(405)   Pre Evacuate Collection Set: 0.4ms
[2020-08-27T11:16:46.156+0000][21728][gc,phases    ] GC(405)   Merge Heap Roots: 0.1ms
[2020-08-27T11:16:46.156+0000][21728][gc,phases    ] GC(405)   Evacuate Collection Set: 1.7ms
[2020-08-27T11:16:46.156+0000][21728][gc,phases    ] GC(405)   Post Evacuate Collection Set: 0.7ms
[2020-08-27T11:16:46.156+0000][21728][gc,phases    ] GC(405)   Other: 0.8ms
[2020-08-27T11:16:46.156+0000][21728][gc,heap      ] GC(405) Eden regions: 35->0(502)
[2020-08-27T11:16:46.156+0000][21728][gc,heap      ] GC(405) Survivor regions: 3->2(63)
[2020-08-27T11:16:46.156+0000][21728][gc,heap      ] GC(405) Old regions: 79->79
[2020-08-27T11:16:46.156+0000][21728][gc,heap      ] GC(405) Archive regions: 0->0
[2020-08-27T11:16:46.156+0000][21728][gc,heap      ] GC(405) Humongous regions: 270->174
[2020-08-27T11:16:46.156+0000][21728][gc,metaspace ] GC(405) Metaspace: 87501K(93824K)->87501K(93824K) NonClass: 76374K(80128K)->76374K(80128K) Class: 11126K(13696K)->11126K(13696K)
[2020-08-27T11:16:46.156+0000][21728][gc           ] GC(405) Pause Young (Concurrent Start) (G1 Humongous Allocation) 385M->254M(1024M) 3.925ms
[2020-08-27T11:16:46.156+0000][21728][gc,cpu       ] GC(405) User=0.00s Sys=0.00s Real=0.00s
[2020-08-27T11:16:46.156+0000][21728][safepoint    ] Safepoint "G1TryInitiateConcMark", Time since last: 112474900 ns, Reaching safepoint: 168200 ns, At safepoint: 4062500 ns, Total: 4230700 ns
[2020-08-27T11:16:46.156+0000][21728][gc           ] GC(406) Concurrent Cycle
[2020-08-27T11:16:46.156+0000][21728][gc,marking   ] GC(406) Concurrent Clear Claimed Marks
[2020-08-27T11:16:46.157+0000][21728][gc,marking   ] GC(406) Concurrent Clear Claimed Marks 0.575ms
[2020-08-27T11:16:46.157+0000][21728][gc,marking   ] GC(406) Concurrent Scan Root Regions
[2020-08-27T11:16:46.159+0000][21728][gc,marking   ] GC(406) Concurrent Scan Root Regions 2.082ms
[2020-08-27T11:16:46.159+0000][21728][gc,marking   ] GC(406) Concurrent Mark (124.115s)
[2020-08-27T11:16:46.159+0000][21728][gc,marking   ] GC(406) Concurrent Mark From Roots
[2020-08-27T11:16:46.159+0000][21728][gc,task      ] GC(406) Using 2 workers of 2 for marking
[2020-08-27T11:16:46.256+0000][21728][gc,marking   ] GC(406) Concurrent Mark From Roots 96.808ms
[2020-08-27T11:16:46.256+0000][21728][gc,marking   ] GC(406) Concurrent Preclean
[2020-08-27T11:16:46.256+0000][21728][gc,marking   ] GC(406) Concurrent Preclean 0.363ms
[2020-08-27T11:16:46.256+0000][21728][gc,marking   ] GC(406) Concurrent Mark (124.115s, 124.212s) 97.306ms
[2020-08-27T11:16:46.257+0000][21728][gc,start     ] GC(406) Pause Remark
[2020-08-27T11:16:46.262+0000][21728][gc           ] GC(406) Pause Remark 268M->268M(1024M) 5.241ms
[2020-08-27T11:16:46.262+0000][21728][gc,cpu       ] GC(406) User=0.00s Sys=0.00s Real=0.01s
[2020-08-27T11:16:46.262+0000][21728][safepoint    ] Safepoint "G1Concurrent", Time since last: 100271600 ns, Reaching safepoint: 144200 ns, At safepoint: 5472400 ns, Total: 5616600 ns
[2020-08-27T11:16:46.262+0000][21728][gc,marking   ] GC(406) Concurrent Rebuild Remembered Sets
[2020-08-27T11:16:46.347+0000][21728][gc,marking   ] GC(406) Concurrent Rebuild Remembered Sets 84.903ms
[2020-08-27T11:16:46.348+0000][21728][gc,start     ] GC(406) Pause Cleanup
[2020-08-27T11:16:46.348+0000][21728][gc           ] GC(406) Pause Cleanup 287M->287M(1024M) 0.522ms
[2020-08-27T11:16:46.349+0000][21728][gc,cpu       ] GC(406) User=0.00s Sys=0.00s Real=0.00s
[2020-08-27T11:16:46.349+0000][21728][safepoint    ] Safepoint "G1Concurrent", Time since last: 85212600 ns, Reaching safepoint: 552400 ns, At safepoint: 797500 ns, Total: 1349900 ns
[2020-08-27T11:16:46.349+0000][21728][gc,marking   ] GC(406) Concurrent Cleanup for Next Mark
[2020-08-27T11:16:46.350+0000][21728][gc,marking   ] GC(406) Concurrent Cleanup for Next Mark 1.648ms
[2020-08-27T11:16:46.350+0000][21728][gc           ] GC(406) Concurrent Cycle 194.329ms
[2020-08-27T11:16:46.545+0000][21728][gc,start     ] GC(407) Pause Young (Concurrent Start) (G1 Humongous Allocation)
[2020-08-27T11:16:46.545+0000][21728][gc,task      ] GC(407) Using 8 workers of 8 for evacuation
[2020-08-27T11:16:46.545+0000][21728][gc,age       ] GC(407) Desired survivor size 33030144 bytes, new threshold 15 (max threshold 15)
[2020-08-27T11:16:46.548+0000][21728][gc,age       ] GC(407) Age table with threshold 15 (max threshold 15)
[2020-08-27T11:16:46.548+0000][21728][gc,age       ] GC(407) - age   1:    1861216 bytes,    1861216 total
[2020-08-27T11:16:46.549+0000][21728][gc,age       ] GC(407) - age   2:     403304 bytes,    2264520 total
[2020-08-27T11:16:46.549+0000][21728][gc,age       ] GC(407) - age   3:     168616 bytes,    2433136 total
[2020-08-27T11:16:46.549+0000][21728][gc,age       ] GC(407) - age   4:       8560 bytes,    2441696 total
[2020-08-27T11:16:46.549+0000][21728][gc,age       ] GC(407) - age   5:        768 bytes,    2442464 total
[2020-08-27T11:16:46.549+0000][21728][gc,age       ] GC(407) - age   6:       1352 bytes,    2443816 total
[2020-08-27T11:16:46.549+0000][21728][gc,age       ] GC(407) - age   7:      59576 bytes,    2503392 total
[2020-08-27T11:16:46.549+0000][21728][gc,age       ] GC(407) - age   8:       1248 bytes,    2504640 total
[2020-08-27T11:16:46.549+0000][21728][gc,age       ] GC(407) - age   9:        672 bytes,    2505312 total
[2020-08-27T11:16:46.549+0000][21728][gc,age       ] GC(407) - age  10:        472 bytes,    2505784 total
[2020-08-27T11:16:46.549+0000][21728][gc,age       ] GC(407) - age  11:        848 bytes,    2506632 total
[2020-08-27T11:16:46.549+0000][21728][gc,age       ] GC(407) - age  12:       1040 bytes,    2507672 total
[2020-08-27T11:16:46.549+0000][21728][gc,age       ] GC(407) - age  13:      11472 bytes,    2519144 total
[2020-08-27T11:16:46.549+0000][21728][gc,age       ] GC(407) - age  14:        776 bytes,    2519920 total
[2020-08-27T11:16:46.549+0000][21728][gc,age       ] GC(407) - age  15:        432 bytes,    2520352 total
[2020-08-27T11:16:46.549+0000][21728][gc,phases    ] GC(407)   Pre Evacuate Collection Set: 0.5ms
[2020-08-27T11:16:46.549+0000][21728][gc,phases    ] GC(407)   Merge Heap Roots: 0.1ms
[2020-08-27T11:16:46.549+0000][21728][gc,phases    ] GC(407)   Evacuate Collection Set: 1.8ms
[2020-08-27T11:16:46.549+0000][21728][gc,phases    ] GC(407)   Post Evacuate Collection Set: 0.6ms
[2020-08-27T11:16:46.549+0000][21728][gc,phases    ] GC(407)   Other: 0.8ms
[2020-08-27T11:16:46.549+0000][21728][gc,heap      ] GC(407) Eden regions: 23->0(503)
[2020-08-27T11:16:46.549+0000][21728][gc,heap      ] GC(407) Survivor regions: 2->3(63)
[2020-08-27T11:16:46.549+0000][21728][gc,heap      ] GC(407) Old regions: 79->79
[2020-08-27T11:16:46.549+0000][21728][gc,heap      ] GC(407) Archive regions: 0->0
[2020-08-27T11:16:46.549+0000][21728][gc,heap      ] GC(407) Humongous regions: 228->174
[2020-08-27T11:16:46.549+0000][21728][gc,metaspace ] GC(407) Metaspace: 87518K(93824K)->87518K(93824K) NonClass: 76389K(80128K)->76389K(80128K) Class: 11128K(13696K)->11128K(13696K)
[2020-08-27T11:16:46.549+0000][21728][gc           ] GC(407) Pause Young (Concurrent Start) (G1 Humongous Allocation) 331M->255M(1024M) 4.141ms
[2020-08-27T11:16:46.549+0000][21728][gc,cpu       ] GC(407) User=0.03s Sys=0.00s Real=0.00s
[2020-08-27T11:16:46.549+0000][21728][safepoint    ] Safepoint "G1TryInitiateConcMark", Time since last: 196187400 ns, Reaching safepoint: 214000 ns, At safepoint: 4271100 ns, Total: 4485100 ns
[2020-08-27T11:16:46.549+0000][21728][gc           ] GC(408) Concurrent Cycle
[2020-08-27T11:16:46.549+0000][21728][gc,marking   ] GC(408) Concurrent Clear Claimed Marks
[2020-08-27T11:16:46.550+0000][21728][gc,marking   ] GC(408) Concurrent Clear Claimed Marks 0.358ms
[2020-08-27T11:16:46.550+0000][21728][gc,marking   ] GC(408) Concurrent Scan Root Regions
[2020-08-27T11:16:46.551+0000][21728][gc,marking   ] GC(408) Concurrent Scan Root Regions 1.718ms
[2020-08-27T11:16:46.552+0000][21728][gc,marking   ] GC(408) Concurrent Mark (124.507s)
[2020-08-27T11:16:46.552+0000][21728][gc,marking   ] GC(408) Concurrent Mark From Roots
[2020-08-27T11:16:46.552+0000][21728][gc,task      ] GC(408) Using 2 workers of 2 for marking
[2020-08-27T11:16:46.647+0000][21728][gc,marking   ] GC(408) Concurrent Mark From Roots 94.942ms
[2020-08-27T11:16:46.647+0000][21728][gc,marking   ] GC(408) Concurrent Preclean
[2020-08-27T11:16:46.647+0000][21728][gc,marking   ] GC(408) Concurrent Preclean 0.498ms
[2020-08-27T11:16:46.647+0000][21728][gc,marking   ] GC(408) Concurrent Mark (124.507s, 124.603s) 95.594ms
[2020-08-27T11:16:46.647+0000][21728][gc,start     ] GC(408) Pause Remark
[2020-08-27T11:16:46.653+0000][21728][gc           ] GC(408) Pause Remark 286M->286M(1024M) 5.807ms
[2020-08-27T11:16:46.653+0000][21728][gc,cpu       ] GC(408) User=0.00s Sys=0.00s Real=0.01s
[2020-08-27T11:16:46.653+0000][21728][safepoint    ] Safepoint "G1Concurrent", Time since last: 97965300 ns, Reaching safepoint: 162400 ns, At safepoint: 6000300 ns, Total: 6162700 ns
[2020-08-27T11:16:46.654+0000][21728][gc,marking   ] GC(408) Concurrent Rebuild Remembered Sets
[2020-08-27T11:16:46.724+0000][21728][gc,marking   ] GC(408) Concurrent Rebuild Remembered Sets 70.125ms
[2020-08-27T11:16:46.724+0000][21728][gc,start     ] GC(408) Pause Cleanup
[2020-08-27T11:16:46.725+0000][21728][gc           ] GC(408) Pause Cleanup 353M->353M(1024M) 0.391ms
[2020-08-27T11:16:46.725+0000][21728][gc,cpu       ] GC(408) User=0.00s Sys=0.00s Real=0.00s
[2020-08-27T11:16:46.725+0000][21728][safepoint    ] Safepoint "G1Concurrent", Time since last: 70340100 ns, Reaching safepoint: 409000 ns, At safepoint: 574000 ns, Total: 983000 ns
[2020-08-27T11:16:46.725+0000][21728][gc,marking   ] GC(408) Concurrent Cleanup for Next Mark
[2020-08-27T11:16:46.726+0000][21728][gc,marking   ] GC(408) Concurrent Cleanup for Next Mark 1.580ms
[2020-08-27T11:16:46.727+0000][21728][gc           ] GC(408) Concurrent Cycle 177.215ms
[2020-08-27T11:16:46.945+0000][21728][safepoint    ] Safepoint "ICBufferFull", Time since last: 219527100 ns, Reaching safepoint: 242600 ns, At safepoint: 33500 ns, Total: 276100 ns
[2020-08-27T11:16:47.209+0000][21728][gc,start     ] GC(409) Pause Young (Concurrent Start) (G1 Humongous Allocation)
[2020-08-27T11:16:47.209+0000][21728][gc,task      ] GC(409) Using 8 workers of 8 for evacuation
[2020-08-27T11:16:47.209+0000][21728][gc,age       ] GC(409) Desired survivor size 33554432 bytes, new threshold 15 (max threshold 15)
[2020-08-27T11:16:47.212+0000][21728][gc,age       ] GC(409) Age table with threshold 15 (max threshold 15)
[2020-08-27T11:16:47.212+0000][21728][gc,age       ] GC(409) - age   1:    3244288 bytes,    3244288 total
[2020-08-27T11:16:47.212+0000][21728][gc,age       ] GC(409) - age   2:      16768 bytes,    3261056 total
[2020-08-27T11:16:47.212+0000][21728][gc,age       ] GC(409) - age   3:       1488 bytes,    3262544 total
[2020-08-27T11:16:47.212+0000][21728][gc,age       ] GC(409) - age   4:     160320 bytes,    3422864 total
[2020-08-27T11:16:47.212+0000][21728][gc,age       ] GC(409) - age   5:       8200 bytes,    3431064 total
[2020-08-27T11:16:47.212+0000][21728][gc,age       ] GC(409) - age   6:        736 bytes,    3431800 total
[2020-08-27T11:16:47.213+0000][21728][gc,age       ] GC(409) - age   7:       1224 bytes,    3433024 total
[2020-08-27T11:16:47.213+0000][21728][gc,age       ] GC(409) - age   8:      55752 bytes,    3488776 total
[2020-08-27T11:16:47.213+0000][21728][gc,age       ] GC(409) - age   9:       1216 bytes,    3489992 total
[2020-08-27T11:16:47.213+0000][21728][gc,age       ] GC(409) - age  10:        640 bytes,    3490632 total
[2020-08-27T11:16:47.213+0000][21728][gc,age       ] GC(409) - age  11:        376 bytes,    3491008 total
[2020-08-27T11:16:47.213+0000][21728][gc,age       ] GC(409) - age  12:        848 bytes,    3491856 total
[2020-08-27T11:16:47.213+0000][21728][gc,age       ] GC(409) - age  13:       1008 bytes,    3492864 total
[2020-08-27T11:16:47.213+0000][21728][gc,age       ] GC(409) - age  14:      11472 bytes,    3504336 total
[2020-08-27T11:16:47.213+0000][21728][gc,age       ] GC(409) - age  15:        776 bytes,    3505112 total
[2020-08-27T11:16:47.213+0000][21728][gc,phases    ] GC(409)   Pre Evacuate Collection Set: 0.3ms
[2020-08-27T11:16:47.213+0000][21728][gc,phases    ] GC(409)   Merge Heap Roots: 0.1ms
[2020-08-27T11:16:47.213+0000][21728][gc,phases    ] GC(409)   Evacuate Collection Set: 2.4ms
[2020-08-27T11:16:47.213+0000][21728][gc,phases    ] GC(409)   Post Evacuate Collection Set: 0.7ms
[2020-08-27T11:16:47.213+0000][21728][gc,phases    ] GC(409)   Other: 0.8ms
[2020-08-27T11:16:47.213+0000][21728][gc,heap      ] GC(409) Eden regions: 50->0(502)
[2020-08-27T11:16:47.213+0000][21728][gc,heap      ] GC(409) Survivor regions: 3->4(64)
[2020-08-27T11:16:47.213+0000][21728][gc,heap      ] GC(409) Old regions: 79->79
[2020-08-27T11:16:47.213+0000][21728][gc,heap      ] GC(409) Archive regions: 0->0
[2020-08-27T11:16:47.213+0000][21728][gc,heap      ] GC(409) Humongous regions: 254->174
[2020-08-27T11:16:47.213+0000][21728][gc,metaspace ] GC(409) Metaspace: 87688K(93824K)->87688K(93824K) NonClass: 76534K(80128K)->76534K(80128K) Class: 11154K(13696K)->11154K(13696K)
[2020-08-27T11:16:47.213+0000][21728][gc           ] GC(409) Pause Young (Concurrent Start) (G1 Humongous Allocation) 384M->256M(1024M) 4.453ms
[2020-08-27T11:16:47.213+0000][21728][gc,cpu       ] GC(409) User=0.00s Sys=0.00s Real=0.00s
[2020-08-27T11:16:47.213+0000][21728][gc           ] GC(410) Concurrent Cycle
[2020-08-27T11:16:47.213+0000][21728][safepoint    ] Safepoint "G1TryInitiateConcMark", Time since last: 263848600 ns, Reaching safepoint: 176700 ns, At safepoint: 4632800 ns, Total: 4809500 ns
[2020-08-27T11:16:47.213+0000][21728][gc,marking   ] GC(410) Concurrent Clear Claimed Marks
[2020-08-27T11:16:47.214+0000][21728][gc,marking   ] GC(410) Concurrent Clear Claimed Marks 0.565ms
[2020-08-27T11:16:47.214+0000][21728][gc,marking   ] GC(410) Concurrent Scan Root Regions
[2020-08-27T11:16:47.217+0000][21728][gc,marking   ] GC(410) Concurrent Scan Root Regions 3.567ms
[2020-08-27T11:16:47.218+0000][21728][gc,marking   ] GC(410) Concurrent Mark (125.174s)
[2020-08-27T11:16:47.218+0000][21728][gc,marking   ] GC(410) Concurrent Mark From Roots
[2020-08-27T11:16:47.218+0000][21728][gc,task      ] GC(410) Using 2 workers of 2 for marking
[2020-08-27T11:16:47.363+0000][21728][gc,marking   ] GC(410) Concurrent Mark From Roots 145.200ms
[2020-08-27T11:16:47.363+0000][21728][gc,marking   ] GC(410) Concurrent Preclean
[2020-08-27T11:16:47.364+0000][21728][gc,marking   ] GC(410) Concurrent Preclean 0.480ms
[2020-08-27T11:16:47.364+0000][21728][gc,marking   ] GC(410) Concurrent Mark (125.174s, 125.320s) 145.892ms
[2020-08-27T11:16:47.364+0000][21728][gc,start     ] GC(410) Pause Remark
[2020-08-27T11:16:47.370+0000][21728][gc           ] GC(410) Pause Remark 318M->318M(1024M) 5.665ms
[2020-08-27T11:16:47.370+0000][21728][gc,cpu       ] GC(410) User=0.00s Sys=0.00s Real=0.01s
[2020-08-27T11:16:47.370+0000][21728][safepoint    ] Safepoint "G1Concurrent", Time since last: 150575900 ns, Reaching safepoint: 139500 ns, At safepoint: 5934800 ns, Total: 6074300 ns
[2020-08-27T11:16:47.370+0000][21728][gc,marking   ] GC(410) Concurrent Rebuild Remembered Sets
[2020-08-27T11:16:47.464+0000][21728][gc,marking   ] GC(410) Concurrent Rebuild Remembered Sets 93.825ms
[2020-08-27T11:16:47.464+0000][21728][gc,start     ] GC(410) Pause Cleanup
[2020-08-27T11:16:47.464+0000][21728][gc           ] GC(410) Pause Cleanup 387M->387M(1024M) 0.314ms
[2020-08-27T11:16:47.464+0000][21728][gc,cpu       ] GC(410) User=0.00s Sys=0.00s Real=0.00s
[2020-08-27T11:16:47.465+0000][21728][safepoint    ] Safepoint "G1Concurrent", Time since last: 94011700 ns, Reaching safepoint: 147800 ns, At safepoint: 1293500 ns, Total: 1441300 ns
[2020-08-27T11:16:47.465+0000][21728][gc,marking   ] GC(410) Concurrent Cleanup for Next Mark
[2020-08-27T11:16:47.467+0000][21728][gc,marking   ] GC(410) Concurrent Cleanup for Next Mark 1.613ms
[2020-08-27T11:16:47.467+0000][21728][gc           ] GC(410) Concurrent Cycle 254.021ms
[2020-08-27T11:16:47.637+0000][21728][gc,start     ] GC(411) Pause Young (Concurrent Start) (G1 Humongous Allocation)
[2020-08-27T11:16:47.638+0000][21728][gc,task      ] GC(411) Using 8 workers of 8 for evacuation
[2020-08-27T11:16:47.638+0000][21728][gc,age       ] GC(411) Desired survivor size 33554432 bytes, new threshold 15 (max threshold 15)
[2020-08-27T11:16:47.641+0000][21728][gc,age       ] GC(411) Age table with threshold 15 (max threshold 15)
[2020-08-27T11:16:47.641+0000][21728][gc,age       ] GC(411) - age   1:    1036672 bytes,    1036672 total
[2020-08-27T11:16:47.641+0000][21728][gc,age       ] GC(411) - age   2:     550360 bytes,    1587032 total
[2020-08-27T11:16:47.641+0000][21728][gc,age       ] GC(411) - age   3:      16008 bytes,    1603040 total
[2020-08-27T11:16:47.641+0000][21728][gc,age       ] GC(411) - age   4:        792 bytes,    1603832 total
[2020-08-27T11:16:47.641+0000][21728][gc,age       ] GC(411) - age   5:     160288 bytes,    1764120 total
[2020-08-27T11:16:47.641+0000][21728][gc,age       ] GC(411) - age   6:       8136 bytes,    1772256 total
[2020-08-27T11:16:47.641+0000][21728][gc,age       ] GC(411) - age   7:        736 bytes,    1772992 total
[2020-08-27T11:16:47.641+0000][21728][gc,age       ] GC(411) - age   8:       1192 bytes,    1774184 total
[2020-08-27T11:16:47.641+0000][21728][gc,age       ] GC(411) - age   9:      55752 bytes,    1829936 total
[2020-08-27T11:16:47.641+0000][21728][gc,age       ] GC(411) - age  10:       1152 bytes,    1831088 total
[2020-08-27T11:16:47.641+0000][21728][gc,age       ] GC(411) - age  11:        640 bytes,    1831728 total
[2020-08-27T11:16:47.641+0000][21728][gc,age       ] GC(411) - age  12:        376 bytes,    1832104 total
[2020-08-27T11:16:47.641+0000][21728][gc,age       ] GC(411) - age  13:        848 bytes,    1832952 total
[2020-08-27T11:16:47.641+0000][21728][gc,age       ] GC(411) - age  14:       1008 bytes,    1833960 total
[2020-08-27T11:16:47.641+0000][21728][gc,age       ] GC(411) - age  15:      11472 bytes,    1845432 total
[2020-08-27T11:16:47.641+0000][21728][gc,phases    ] GC(411)   Pre Evacuate Collection Set: 0.3ms
[2020-08-27T11:16:47.641+0000][21728][gc,phases    ] GC(411)   Merge Heap Roots: 0.1ms
[2020-08-27T11:16:47.641+0000][21728][gc,phases    ] GC(411)   Evacuate Collection Set: 2.0ms
[2020-08-27T11:16:47.642+0000][21728][gc,phases    ] GC(411)   Post Evacuate Collection Set: 0.7ms
[2020-08-27T11:16:47.642+0000][21728][gc,phases    ] GC(411)   Other: 0.9ms
[2020-08-27T11:16:47.642+0000][21728][gc,heap      ] GC(411) Eden regions: 35->0(505)
[2020-08-27T11:16:47.642+0000][21728][gc,heap      ] GC(411) Survivor regions: 4->2(64)
[2020-08-27T11:16:47.642+0000][21728][gc,heap      ] GC(411) Old regions: 79->79
[2020-08-27T11:16:47.642+0000][21728][gc,heap      ] GC(411) Archive regions: 0->0
[2020-08-27T11:16:47.642+0000][21728][gc,heap      ] GC(411) Humongous regions: 278->174
[2020-08-27T11:16:47.642+0000][21728][gc,metaspace ] GC(411) Metaspace: 87688K(93824K)->87688K(93824K) NonClass: 76534K(80128K)->76534K(80128K) Class: 11154K(13696K)->11154K(13696K)
[2020-08-27T11:16:47.642+0000][21728][gc           ] GC(411) Pause Young (Concurrent Start) (G1 Humongous Allocation) 395M->254M(1024M) 4.321ms
[2020-08-27T11:16:47.642+0000][21728][gc,cpu       ] GC(411) User=0.02s Sys=0.00s Real=0.00s
[2020-08-27T11:16:47.642+0000][21728][safepoint    ] Safepoint "G1TryInitiateConcMark", Time since last: 171957600 ns, Reaching safepoint: 120500 ns, At safepoint: 4480600 ns, Total: 4601100 ns
[2020-08-27T11:16:47.642+0000][21728][gc           ] GC(412) Concurrent Cycle
[2020-08-27T11:16:47.642+0000][21728][gc,marking   ] GC(412) Concurrent Clear Claimed Marks
[2020-08-27T11:16:47.642+0000][21728][gc,marking   ] GC(412) Concurrent Clear Claimed Marks 0.315ms
[2020-08-27T11:16:47.642+0000][21728][gc,marking   ] GC(412) Concurrent Scan Root Regions
[2020-08-27T11:16:47.644+0000][21728][gc,marking   ] GC(412) Concurrent Scan Root Regions 1.899ms
[2020-08-27T11:16:47.644+0000][21728][gc,marking   ] GC(412) Concurrent Mark (125.600s)
[2020-08-27T11:16:47.644+0000][21728][gc,marking   ] GC(412) Concurrent Mark From Roots
[2020-08-27T11:16:47.644+0000][21728][gc,task      ] GC(412) Using 2 workers of 2 for marking
[2020-08-27T11:16:47.776+0000][21728][gc,marking   ] GC(412) Concurrent Mark From Roots 131.498ms
[2020-08-27T11:16:47.776+0000][21728][gc,marking   ] GC(412) Concurrent Preclean
[2020-08-27T11:16:47.777+0000][21728][gc,marking   ] GC(412) Concurrent Preclean 0.680ms
[2020-08-27T11:16:47.777+0000][21728][gc,marking   ] GC(412) Concurrent Mark (125.600s, 125.733s) 132.388ms
[2020-08-27T11:16:47.777+0000][21728][gc,start     ] GC(412) Pause Remark
[2020-08-27T11:16:47.783+0000][21728][gc           ] GC(412) Pause Remark 269M->269M(1024M) 5.892ms
[2020-08-27T11:16:47.783+0000][21728][gc,cpu       ] GC(412) User=0.00s Sys=0.02s Real=0.01s
[2020-08-27T11:16:47.783+0000][21728][safepoint    ] Safepoint "G1Concurrent", Time since last: 134877700 ns, Reaching safepoint: 149700 ns, At safepoint: 6114600 ns, Total: 6264300 ns
[2020-08-27T11:16:47.783+0000][21728][gc,marking   ] GC(412) Concurrent Rebuild Remembered Sets
[2020-08-27T11:16:47.867+0000][21728][gc,marking   ] GC(412) Concurrent Rebuild Remembered Sets 84.088ms
[2020-08-27T11:16:47.867+0000][21728][gc,start     ] GC(412) Pause Cleanup
[2020-08-27T11:16:47.868+0000][21728][gc           ] GC(412) Pause Cleanup 288M->288M(1024M) 0.274ms
[2020-08-27T11:16:47.868+0000][21728][gc,cpu       ] GC(412) User=0.00s Sys=0.00s Real=0.00s
[2020-08-27T11:16:47.868+0000][21728][safepoint    ] Safepoint "G1Concurrent", Time since last: 84278400 ns, Reaching safepoint: 173500 ns, At safepoint: 410700 ns, Total: 584200 ns
[2020-08-27T11:16:47.868+0000][21728][gc,marking   ] GC(412) Concurrent Cleanup for Next Mark
[2020-08-27T11:16:47.869+0000][21728][gc,marking   ] GC(412) Concurrent Cleanup for Next Mark 1.302ms
[2020-08-27T11:16:47.869+0000][21728][gc           ] GC(412) Concurrent Cycle 227.443ms
[2020-08-27T11:16:47.991+0000][21728][gc,start     ] GC(413) Pause Young (Concurrent Start) (G1 Humongous Allocation)
[2020-08-27T11:16:47.991+0000][21728][gc,task      ] GC(413) Using 8 workers of 8 for evacuation
[2020-08-27T11:16:47.991+0000][21728][gc,age       ] GC(413) Desired survivor size 33554432 bytes, new threshold 15 (max threshold 15)
[2020-08-27T11:16:47.994+0000][21728][gc,age       ] GC(413) Age table with threshold 15 (max threshold 15)
[2020-08-27T11:16:47.995+0000][21728][gc,age       ] GC(413) - age   1:    1856264 bytes,    1856264 total
[2020-08-27T11:16:47.995+0000][21728][gc,age       ] GC(413) - age   2:     413360 bytes,    2269624 total
[2020-08-27T11:16:47.995+0000][21728][gc,age       ] GC(413) - age   3:     548808 bytes,    2818432 total
[2020-08-27T11:16:47.995+0000][21728][gc,age       ] GC(413) - age   4:      15816 bytes,    2834248 total
[2020-08-27T11:16:47.995+0000][21728][gc,age       ] GC(413) - age   5:        568 bytes,    2834816 total
[2020-08-27T11:16:47.995+0000][21728][gc,age       ] GC(413) - age   6:     160096 bytes,    2994912 total
[2020-08-27T11:16:47.995+0000][21728][gc,age       ] GC(413) - age   7:       8136 bytes,    3003048 total
[2020-08-27T11:16:47.995+0000][21728][gc,age       ] GC(413) - age   8:        704 bytes,    3003752 total
[2020-08-27T11:16:47.995+0000][21728][gc,age       ] GC(413) - age   9:       1000 bytes,    3004752 total
[2020-08-27T11:16:47.995+0000][21728][gc,age       ] GC(413) - age  10:      55624 bytes,    3060376 total
[2020-08-27T11:16:47.995+0000][21728][gc,age       ] GC(413) - age  11:       1120 bytes,    3061496 total
[2020-08-27T11:16:47.995+0000][21728][gc,age       ] GC(413) - age  12:        640 bytes,    3062136 total
[2020-08-27T11:16:47.995+0000][21728][gc,age       ] GC(413) - age  13:        312 bytes,    3062448 total
[2020-08-27T11:16:47.995+0000][21728][gc,age       ] GC(413) - age  14:        784 bytes,    3063232 total
[2020-08-27T11:16:47.995+0000][21728][gc,age       ] GC(413) - age  15:       1008 bytes,    3064240 total
[2020-08-27T11:16:47.995+0000][21728][gc,phases    ] GC(413)   Pre Evacuate Collection Set: 0.4ms
[2020-08-27T11:16:47.995+0000][21728][gc,phases    ] GC(413)   Merge Heap Roots: 0.1ms
[2020-08-27T11:16:47.995+0000][21728][gc,phases    ] GC(413)   Evacuate Collection Set: 2.5ms
[2020-08-27T11:16:47.995+0000][21728][gc,phases    ] GC(413)   Post Evacuate Collection Set: 0.6ms
[2020-08-27T11:16:47.995+0000][21728][gc,phases    ] GC(413)   Other: 0.7ms
[2020-08-27T11:16:47.995+0000][21728][gc,heap      ] GC(413) Eden regions: 25->0(504)
[2020-08-27T11:16:47.995+0000][21728][gc,heap      ] GC(413) Survivor regions: 2->3(64)
[2020-08-27T11:16:47.995+0000][21728][gc,heap      ] GC(413) Old regions: 79->79
[2020-08-27T11:16:47.995+0000][21728][gc,heap      ] GC(413) Archive regions: 0->0
[2020-08-27T11:16:47.995+0000][21728][gc,heap      ] GC(413) Humongous regions: 228->174
[2020-08-27T11:16:47.995+0000][21728][gc,metaspace ] GC(413) Metaspace: 87691K(93824K)->87691K(93824K) NonClass: 76537K(80128K)->76537K(80128K) Class: 11154K(13696K)->11154K(13696K)
[2020-08-27T11:16:47.995+0000][21728][gc           ] GC(413) Pause Young (Concurrent Start) (G1 Humongous Allocation) 333M->255M(1024M) 4.505ms
[2020-08-27T11:16:47.995+0000][21728][gc,cpu       ] GC(413) User=0.00s Sys=0.00s Real=0.00s
[2020-08-27T11:16:47.995+0000][21728][gc           ] GC(414) Concurrent Cycle
[2020-08-27T11:16:47.995+0000][21728][safepoint    ] Safepoint "G1TryInitiateConcMark", Time since last: 122606800 ns, Reaching safepoint: 205800 ns, At safepoint: 4690700 ns, Total: 4896500 ns
[2020-08-27T11:16:47.995+0000][21728][gc,marking   ] GC(414) Concurrent Clear Claimed Marks
[2020-08-27T11:16:47.996+0000][21728][gc,marking   ] GC(414) Concurrent Clear Claimed Marks 1.049ms
[2020-08-27T11:16:47.997+0000][21728][gc,marking   ] GC(414) Concurrent Scan Root Regions
[2020-08-27T11:16:48.000+0000][21728][gc,marking   ] GC(414) Concurrent Scan Root Regions 3.124ms
[2020-08-27T11:16:48.000+0000][21728][gc,marking   ] GC(414) Concurrent Mark (125.956s)
[2020-08-27T11:16:48.000+0000][21728][gc,marking   ] GC(414) Concurrent Mark From Roots
[2020-08-27T11:16:48.000+0000][21728][gc,task      ] GC(414) Using 2 workers of 2 for marking
[2020-08-27T11:16:48.111+0000][21728][gc,marking   ] GC(414) Concurrent Mark From Roots 110.886ms
[2020-08-27T11:16:48.111+0000][21728][gc,marking   ] GC(414) Concurrent Preclean
[2020-08-27T11:16:48.111+0000][21728][gc,marking   ] GC(414) Concurrent Preclean 0.340ms
[2020-08-27T11:16:48.111+0000][21728][gc,marking   ] GC(414) Concurrent Mark (125.956s, 126.067s) 111.413ms
[2020-08-27T11:16:48.111+0000][21728][gc,start     ] GC(414) Pause Remark
[2020-08-27T11:16:48.117+0000][21728][gc           ] GC(414) Pause Remark 287M->287M(1024M) 5.942ms
[2020-08-27T11:16:48.118+0000][21728][gc,cpu       ] GC(414) User=0.00s Sys=0.00s Real=0.01s
[2020-08-27T11:16:48.118+0000][21728][safepoint    ] Safepoint "G1Concurrent", Time since last: 115916000 ns, Reaching safepoint: 157400 ns, At safepoint: 6167600 ns, Total: 6325000 ns
[2020-08-27T11:16:48.118+0000][21728][gc,marking   ] GC(414) Concurrent Rebuild Remembered Sets
[2020-08-27T11:16:48.200+0000][21728][gc,marking   ] GC(414) Concurrent Rebuild Remembered Sets 82.174ms
[2020-08-27T11:16:48.200+0000][21728][gc,start     ] GC(414) Pause Cleanup
[2020-08-27T11:16:48.201+0000][21728][gc           ] GC(414) Pause Cleanup 358M->358M(1024M) 0.373ms
[2020-08-27T11:16:48.201+0000][21728][gc,cpu       ] GC(414) User=0.00s Sys=0.00s Real=0.00s
[2020-08-27T11:16:48.201+0000][21728][safepoint    ] Safepoint "G1Concurrent", Time since last: 82357300 ns, Reaching safepoint: 164300 ns, At safepoint: 663300 ns, Total: 827600 ns
[2020-08-27T11:16:48.201+0000][21728][gc,marking   ] GC(414) Concurrent Cleanup for Next Mark
[2020-08-27T11:16:48.203+0000][21728][gc,marking   ] GC(414) Concurrent Cleanup for Next Mark 1.814ms
[2020-08-27T11:16:48.203+0000][21728][gc           ] GC(414) Concurrent Cycle 207.510ms
[2020-08-27T11:16:48.389+0000][21728][gc,start     ] GC(415) Pause Young (Concurrent Start) (G1 Humongous Allocation)
[2020-08-27T11:16:48.389+0000][21728][gc,task      ] GC(415) Using 8 workers of 8 for evacuation
[2020-08-27T11:16:48.389+0000][21728][gc,age       ] GC(415) Desired survivor size 33554432 bytes, new threshold 15 (max threshold 15)
[2020-08-27T11:16:48.393+0000][21728][gc,age       ] GC(415) Age table with threshold 15 (max threshold 15)
[2020-08-27T11:16:48.393+0000][21728][gc,age       ] GC(415) - age   1:    3155696 bytes,    3155696 total
[2020-08-27T11:16:48.393+0000][21728][gc,age       ] GC(415) - age   2:     117920 bytes,    3273616 total
[2020-08-27T11:16:48.393+0000][21728][gc,age       ] GC(415) - age   3:     412608 bytes,    3686224 total
[2020-08-27T11:16:48.393+0000][21728][gc,age       ] GC(415) - age   4:     456968 bytes,    4143192 total
[2020-08-27T11:16:48.393+0000][21728][gc,age       ] GC(415) - age   5:      15560 bytes,    4158752 total
[2020-08-27T11:16:48.393+0000][21728][gc,age       ] GC(415) - age   6:        408 bytes,    4159160 total
[2020-08-27T11:16:48.393+0000][21728][gc,age       ] GC(415) - age   7:     160064 bytes,    4319224 total
[2020-08-27T11:16:48.393+0000][21728][gc,age       ] GC(415) - age   8:       8136 bytes,    4327360 total
[2020-08-27T11:16:48.393+0000][21728][gc,age       ] GC(415) - age   9:        704 bytes,    4328064 total
[2020-08-27T11:16:48.393+0000][21728][gc,age       ] GC(415) - age  10:       1000 bytes,    4329064 total
[2020-08-27T11:16:48.393+0000][21728][gc,age       ] GC(415) - age  11:      55624 bytes,    4384688 total
[2020-08-27T11:16:48.393+0000][21728][gc,age       ] GC(415) - age  12:       1120 bytes,    4385808 total
[2020-08-27T11:16:48.393+0000][21728][gc,age       ] GC(415) - age  13:        640 bytes,    4386448 total
[2020-08-27T11:16:48.393+0000][21728][gc,age       ] GC(415) - age  14:        248 bytes,    4386696 total
[2020-08-27T11:16:48.393+0000][21728][gc,age       ] GC(415) - age  15:        784 bytes,    4387480 total
[2020-08-27T11:16:48.393+0000][21728][gc,phases    ] GC(415)   Pre Evacuate Collection Set: 0.4ms
[2020-08-27T11:16:48.393+0000][21728][gc,phases    ] GC(415)   Merge Heap Roots: 0.1ms
[2020-08-27T11:16:48.393+0000][21728][gc,phases    ] GC(415)   Evacuate Collection Set: 2.7ms
[2020-08-27T11:16:48.393+0000][21728][gc,phases    ] GC(415)   Post Evacuate Collection Set: 0.6ms
[2020-08-27T11:16:48.393+0000][21728][gc,phases    ] GC(415)   Other: 0.9ms
[2020-08-27T11:16:48.393+0000][21728][gc,heap      ] GC(415) Eden regions: 36->0(502)
[2020-08-27T11:16:48.393+0000][21728][gc,heap      ] GC(415) Survivor regions: 3->5(64)
[2020-08-27T11:16:48.393+0000][21728][gc,heap      ] GC(415) Old regions: 79->79
[2020-08-27T11:16:48.393+0000][21728][gc,heap      ] GC(415) Archive regions: 0->0
[2020-08-27T11:16:48.394+0000][21728][gc,heap      ] GC(415) Humongous regions: 254->174
[2020-08-27T11:16:48.394+0000][21728][gc,metaspace ] GC(415) Metaspace: 87749K(94080K)->87749K(94080K) NonClass: 76588K(80384K)->76588K(80384K) Class: 11161K(13696K)->11161K(13696K)
[2020-08-27T11:16:48.394+0000][21728][gc           ] GC(415) Pause Young (Concurrent Start) (G1 Humongous Allocation) 371M->257M(1024M) 4.996ms
[2020-08-27T11:16:48.394+0000][21728][gc,cpu       ] GC(415) User=0.13s Sys=0.00s Real=0.01s
[2020-08-27T11:16:48.394+0000][21728][gc           ] GC(416) Concurrent Cycle
[2020-08-27T11:16:48.394+0000][21728][safepoint    ] Safepoint "G1TryInitiateConcMark", Time since last: 187588400 ns, Reaching safepoint: 196000 ns, At safepoint: 5191300 ns, Total: 5387300 ns
[2020-08-27T11:16:48.394+0000][21728][gc,marking   ] GC(416) Concurrent Clear Claimed Marks
[2020-08-27T11:16:48.394+0000][21728][gc,marking   ] GC(416) Concurrent Clear Claimed Marks 0.617ms
[2020-08-27T11:16:48.395+0000][21728][gc,marking   ] GC(416) Concurrent Scan Root Regions
[2020-08-27T11:16:48.400+0000][21728][gc,marking   ] GC(416) Concurrent Scan Root Regions 5.523ms
[2020-08-27T11:16:48.400+0000][21728][gc,marking   ] GC(416) Concurrent Mark (126.356s)
[2020-08-27T11:16:48.400+0000][21728][gc,marking   ] GC(416) Concurrent Mark From Roots
[2020-08-27T11:16:48.400+0000][21728][gc,task      ] GC(416) Using 2 workers of 2 for marking
[2020-08-27T11:16:48.559+0000][21728][gc,marking   ] GC(416) Concurrent Mark From Roots 159.456ms
[2020-08-27T11:16:48.559+0000][21728][gc,marking   ] GC(416) Concurrent Preclean
[2020-08-27T11:16:48.560+0000][21728][gc,marking   ] GC(416) Concurrent Preclean 0.532ms
[2020-08-27T11:16:48.560+0000][21728][gc,marking   ] GC(416) Concurrent Mark (126.356s, 126.516s) 160.197ms
[2020-08-27T11:16:48.560+0000][21728][gc,start     ] GC(416) Pause Remark
[2020-08-27T11:16:48.567+0000][21728][gc           ] GC(416) Pause Remark 325M->325M(1024M) 6.536ms
[2020-08-27T11:16:48.567+0000][21728][gc,cpu       ] GC(416) User=0.11s Sys=0.00s Real=0.01s
[2020-08-27T11:16:48.567+0000][21728][safepoint    ] Safepoint "G1Concurrent", Time since last: 166774200 ns, Reaching safepoint: 162900 ns, At safepoint: 6982900 ns, Total: 7145800 ns
[2020-08-27T11:16:48.567+0000][21728][gc,marking   ] GC(416) Concurrent Rebuild Remembered Sets
[2020-08-27T11:16:48.665+0000][21728][gc,marking   ] GC(416) Concurrent Rebuild Remembered Sets 96.908ms
[2020-08-27T11:16:48.665+0000][21728][gc,start     ] GC(416) Pause Cleanup
[2020-08-27T11:16:48.665+0000][21728][gc           ] GC(416) Pause Cleanup 326M->326M(1024M) 0.396ms
[2020-08-27T11:16:48.665+0000][21728][gc,cpu       ] GC(416) User=0.00s Sys=0.00s Real=0.00s
[2020-08-27T11:16:48.665+0000][21728][safepoint    ] Safepoint "G1Concurrent", Time since last: 97158200 ns, Reaching safepoint: 162000 ns, At safepoint: 580500 ns, Total: 742500 ns
[2020-08-27T11:16:48.666+0000][21728][gc,marking   ] GC(416) Concurrent Cleanup for Next Mark
[2020-08-27T11:16:48.667+0000][21728][gc,marking   ] GC(416) Concurrent Cleanup for Next Mark 1.917ms
[2020-08-27T11:16:48.668+0000][21728][gc           ] GC(416) Concurrent Cycle 274.017ms
[2020-08-27T11:16:48.791+0000][21728][gc,start     ] GC(417) Pause Young (Concurrent Start) (G1 Humongous Allocation)
[2020-08-27T11:16:48.791+0000][21728][gc,task      ] GC(417) Using 8 workers of 8 for evacuation
[2020-08-27T11:16:48.791+0000][21728][gc,age       ] GC(417) Desired survivor size 33554432 bytes, new threshold 15 (max threshold 15)
[2020-08-27T11:16:48.795+0000][21728][gc,age       ] GC(417) Age table with threshold 15 (max threshold 15)
[2020-08-27T11:16:48.795+0000][21728][gc,age       ] GC(417) - age   1:    2912328 bytes,    2912328 total
[2020-08-27T11:16:48.795+0000][21728][gc,age       ] GC(417) - age   2:     260248 bytes,    3172576 total
[2020-08-27T11:16:48.795+0000][21728][gc,age       ] GC(417) - age   3:     116272 bytes,    3288848 total
[2020-08-27T11:16:48.795+0000][21728][gc,age       ] GC(417) - age   4:     412336 bytes,    3701184 total
[2020-08-27T11:16:48.795+0000][21728][gc,age       ] GC(417) - age   5:     456568 bytes,    4157752 total
[2020-08-27T11:16:48.795+0000][21728][gc,age       ] GC(417) - age   6:      15368 bytes,    4173120 total
[2020-08-27T11:16:48.795+0000][21728][gc,age       ] GC(417) - age   7:        408 bytes,    4173528 total
[2020-08-27T11:16:48.795+0000][21728][gc,age       ] GC(417) - age   8:     160064 bytes,    4333592 total
[2020-08-27T11:16:48.795+0000][21728][gc,age       ] GC(417) - age   9:       8104 bytes,    4341696 total
[2020-08-27T11:16:48.795+0000][21728][gc,age       ] GC(417) - age  10:        704 bytes,    4342400 total
[2020-08-27T11:16:48.795+0000][21728][gc,age       ] GC(417) - age  11:       1000 bytes,    4343400 total
[2020-08-27T11:16:48.795+0000][21728][gc,age       ] GC(417) - age  12:      55624 bytes,    4399024 total
[2020-08-27T11:16:48.795+0000][21728][gc,age       ] GC(417) - age  13:       1120 bytes,    4400144 total
[2020-08-27T11:16:48.795+0000][21728][gc,age       ] GC(417) - age  14:        640 bytes,    4400784 total
[2020-08-27T11:16:48.795+0000][21728][gc,age       ] GC(417) - age  15:        248 bytes,    4401032 total
[2020-08-27T11:16:48.795+0000][21728][gc,phases    ] GC(417)   Pre Evacuate Collection Set: 0.4ms
[2020-08-27T11:16:48.795+0000][21728][gc,phases    ] GC(417)   Merge Heap Roots: 0.1ms
[2020-08-27T11:16:48.795+0000][21728][gc,phases    ] GC(417)   Evacuate Collection Set: 2.7ms
[2020-08-27T11:16:48.795+0000][21728][gc,phases    ] GC(417)   Post Evacuate Collection Set: 0.7ms
[2020-08-27T11:16:48.795+0000][21728][gc,phases    ] GC(417)   Other: 0.9ms
[2020-08-27T11:16:48.795+0000][21728][gc,heap      ] GC(417) Eden regions: 19->0(502)
[2020-08-27T11:16:48.796+0000][21728][gc,heap      ] GC(417) Survivor regions: 5->5(64)
[2020-08-27T11:16:48.796+0000][21728][gc,heap      ] GC(417) Old regions: 79->79
[2020-08-27T11:16:48.796+0000][21728][gc,heap      ] GC(417) Archive regions: 0->0
[2020-08-27T11:16:48.796+0000][21728][gc,heap      ] GC(417) Humongous regions: 234->174
[2020-08-27T11:16:48.796+0000][21728][gc,metaspace ] GC(417) Metaspace: 87754K(94080K)->87754K(94080K) NonClass: 76592K(80384K)->76592K(80384K) Class: 11161K(13696K)->11161K(13696K)
[2020-08-27T11:16:48.796+0000][21728][gc           ] GC(417) Pause Young (Concurrent Start) (G1 Humongous Allocation) 335M->257M(1024M) 4.924ms
[2020-08-27T11:16:48.796+0000][21728][gc,cpu       ] GC(417) User=0.00s Sys=0.00s Real=0.01s
[2020-08-27T11:16:48.796+0000][21728][safepoint    ] Safepoint "G1TryInitiateConcMark", Time since last: 125033000 ns, Reaching safepoint: 187400 ns, At safepoint: 5096100 ns, Total: 5283500 ns
[2020-08-27T11:16:48.796+0000][21728][gc           ] GC(418) Concurrent Cycle
[2020-08-27T11:16:48.796+0000][21728][gc,marking   ] GC(418) Concurrent Clear Claimed Marks
[2020-08-27T11:16:48.796+0000][21728][gc,marking   ] GC(418) Concurrent Clear Claimed Marks 0.484ms
[2020-08-27T11:16:48.796+0000][21728][gc,marking   ] GC(418) Concurrent Scan Root Regions
[2020-08-27T11:16:48.800+0000][21728][gc,marking   ] GC(418) Concurrent Scan Root Regions 3.831ms
[2020-08-27T11:16:48.800+0000][21728][gc,marking   ] GC(418) Concurrent Mark (126.756s)
[2020-08-27T11:16:48.800+0000][21728][gc,marking   ] GC(418) Concurrent Mark From Roots
[2020-08-27T11:16:48.800+0000][21728][gc,task      ] GC(418) Using 2 workers of 2 for marking
[2020-08-27T11:16:48.932+0000][21728][gc,marking   ] GC(418) Concurrent Mark From Roots 131.795ms
[2020-08-27T11:16:48.932+0000][21728][gc,marking   ] GC(418) Concurrent Preclean
[2020-08-27T11:16:48.933+0000][21728][gc,marking   ] GC(418) Concurrent Preclean 0.441ms
[2020-08-27T11:16:48.933+0000][21728][gc,marking   ] GC(418) Concurrent Mark (126.756s, 126.889s) 132.401ms
[2020-08-27T11:16:48.933+0000][21728][gc,start     ] GC(418) Pause Remark
[2020-08-27T11:16:48.938+0000][21728][gc           ] GC(418) Pause Remark 325M->325M(1024M) 5.408ms
[2020-08-27T11:16:48.939+0000][21728][gc,cpu       ] GC(418) User=0.02s Sys=0.00s Real=0.01s
[2020-08-27T11:16:48.939+0000][21728][safepoint    ] Safepoint "G1Concurrent", Time since last: 137079300 ns, Reaching safepoint: 143800 ns, At safepoint: 5586200 ns, Total: 5730000 ns
[2020-08-27T11:16:48.939+0000][21728][gc,marking   ] GC(418) Concurrent Rebuild Remembered Sets
[2020-08-27T11:16:49.016+0000][21728][gc,marking   ] GC(418) Concurrent Rebuild Remembered Sets 77.274ms
[2020-08-27T11:16:49.016+0000][21728][gc,start     ] GC(418) Pause Cleanup
[2020-08-27T11:16:49.016+0000][21728][gc           ] GC(418) Pause Cleanup 402M->402M(1024M) 0.264ms
[2020-08-27T11:16:49.017+0000][21728][gc,cpu       ] GC(418) User=0.03s Sys=0.02s Real=0.00s
[2020-08-27T11:16:49.017+0000][21728][safepoint    ] Safepoint "G1Concurrent", Time since last: 77417200 ns, Reaching safepoint: 175400 ns, At safepoint: 440400 ns, Total: 615800 ns
[2020-08-27T11:16:49.017+0000][21728][gc,marking   ] GC(418) Concurrent Cleanup for Next Mark
[2020-08-27T11:16:49.018+0000][21728][gc,marking   ] GC(418) Concurrent Cleanup for Next Mark 1.790ms
[2020-08-27T11:16:49.019+0000][21728][gc           ] GC(418) Concurrent Cycle 222.895ms
[2020-08-27T11:16:49.286+0000][21728][gc,start     ] GC(419) Pause Young (Concurrent Start) (G1 Humongous Allocation)
[2020-08-27T11:16:49.286+0000][21728][gc,task      ] GC(419) Using 8 workers of 8 for evacuation
[2020-08-27T11:16:49.286+0000][21728][gc,age       ] GC(419) Desired survivor size 33554432 bytes, new threshold 15 (max threshold 15)
[2020-08-27T11:16:49.290+0000][21728][gc,age       ] GC(419) Age table with threshold 15 (max threshold 15)
[2020-08-27T11:16:49.290+0000][21728][gc,age       ] GC(419) - age   1:    2700576 bytes,    2700576 total
[2020-08-27T11:16:49.290+0000][21728][gc,age       ] GC(419) - age   2:       4392 bytes,    2704968 total
[2020-08-27T11:16:49.290+0000][21728][gc,age       ] GC(419) - age   3:     148072 bytes,    2853040 total
[2020-08-27T11:16:49.290+0000][21728][gc,age       ] GC(419) - age   4:      13416 bytes,    2866456 total
[2020-08-27T11:16:49.290+0000][21728][gc,age       ] GC(419) - age   5:      10320 bytes,    2876776 total
[2020-08-27T11:16:49.290+0000][21728][gc,age       ] GC(419) - age   6:     455032 bytes,    3331808 total
[2020-08-27T11:16:49.290+0000][21728][gc,age       ] GC(419) - age   7:      15048 bytes,    3346856 total
[2020-08-27T11:16:49.290+0000][21728][gc,age       ] GC(419) - age   8:        408 bytes,    3347264 total
[2020-08-27T11:16:49.290+0000][21728][gc,age       ] GC(419) - age   9:     160064 bytes,    3507328 total
[2020-08-27T11:16:49.290+0000][21728][gc,age       ] GC(419) - age  10:       7992 bytes,    3515320 total
[2020-08-27T11:16:49.290+0000][21728][gc,age       ] GC(419) - age  11:        704 bytes,    3516024 total
[2020-08-27T11:16:49.290+0000][21728][gc,age       ] GC(419) - age  12:        968 bytes,    3516992 total
[2020-08-27T11:16:49.290+0000][21728][gc,age       ] GC(419) - age  13:      55624 bytes,    3572616 total
[2020-08-27T11:16:49.290+0000][21728][gc,age       ] GC(419) - age  14:       1088 bytes,    3573704 total
[2020-08-27T11:16:49.290+0000][21728][gc,age       ] GC(419) - age  15:        480 bytes,    3574184 total
[2020-08-27T11:16:49.290+0000][21728][gc,phases    ] GC(419)   Pre Evacuate Collection Set: 0.4ms
[2020-08-27T11:16:49.290+0000][21728][gc,phases    ] GC(419)   Merge Heap Roots: 0.1ms
[2020-08-27T11:16:49.290+0000][21728][gc,phases    ] GC(419)   Evacuate Collection Set: 2.1ms
[2020-08-27T11:16:49.290+0000][21728][gc,phases    ] GC(419)   Post Evacuate Collection Set: 0.7ms
[2020-08-27T11:16:49.290+0000][21728][gc,phases    ] GC(419)   Other: 0.6ms
[2020-08-27T11:16:49.290+0000][21728][gc,heap      ] GC(419) Eden regions: 40->0(503)
[2020-08-27T11:16:49.290+0000][21728][gc,heap      ] GC(419) Survivor regions: 5->4(64)
[2020-08-27T11:16:49.290+0000][21728][gc,heap      ] GC(419) Old regions: 79->79
[2020-08-27T11:16:49.290+0000][21728][gc,heap      ] GC(419) Archive regions: 0->0
[2020-08-27T11:16:49.290+0000][21728][gc,heap      ] GC(419) Humongous regions: 294->174
[2020-08-27T11:16:49.290+0000][21728][gc,metaspace ] GC(419) Metaspace: 87771K(94080K)->87771K(94080K) NonClass: 76607K(80384K)->76607K(80384K) Class: 11163K(13696K)->11163K(13696K)
[2020-08-27T11:16:49.290+0000][21728][gc           ] GC(419) Pause Young (Concurrent Start) (G1 Humongous Allocation) 416M->256M(1024M) 4.232ms
[2020-08-27T11:16:49.290+0000][21728][gc,cpu       ] GC(419) User=0.00s Sys=0.00s Real=0.00s
[2020-08-27T11:16:49.291+0000][21728][safepoint    ] Safepoint "G1TryInitiateConcMark", Time since last: 269437900 ns, Reaching safepoint: 119400 ns, At safepoint: 4380700 ns, Total: 4500100 ns
[2020-08-27T11:16:49.291+0000][21728][gc           ] GC(420) Concurrent Cycle
[2020-08-27T11:16:49.291+0000][21728][gc,marking   ] GC(420) Concurrent Clear Claimed Marks
[2020-08-27T11:16:49.291+0000][21728][gc,marking   ] GC(420) Concurrent Clear Claimed Marks 0.331ms
[2020-08-27T11:16:49.291+0000][21728][gc,marking   ] GC(420) Concurrent Scan Root Regions
[2020-08-27T11:16:49.293+0000][21728][gc,marking   ] GC(420) Concurrent Scan Root Regions 2.075ms
[2020-08-27T11:16:49.293+0000][21728][gc,marking   ] GC(420) Concurrent Mark (127.249s)
[2020-08-27T11:16:49.293+0000][21728][gc,marking   ] GC(420) Concurrent Mark From Roots
[2020-08-27T11:16:49.293+0000][21728][gc,task      ] GC(420) Using 2 workers of 2 for marking
[2020-08-27T11:16:49.413+0000][21728][gc,marking   ] GC(420) Concurrent Mark From Roots 119.404ms
[2020-08-27T11:16:49.413+0000][21728][gc,marking   ] GC(420) Concurrent Preclean
[2020-08-27T11:16:49.413+0000][21728][gc,marking   ] GC(420) Concurrent Preclean 0.371ms
[2020-08-27T11:16:49.413+0000][21728][gc,marking   ] GC(420) Concurrent Mark (127.249s, 127.369s) 119.895ms
[2020-08-27T11:16:49.413+0000][21728][gc,start     ] GC(420) Pause Remark
[2020-08-27T11:16:49.420+0000][21728][gc           ] GC(420) Pause Remark 318M->318M(1024M) 6.727ms
[2020-08-27T11:16:49.420+0000][21728][gc,cpu       ] GC(420) User=0.00s Sys=0.00s Real=0.01s
[2020-08-27T11:16:49.420+0000][21728][safepoint    ] Safepoint "G1Concurrent", Time since last: 122620000 ns, Reaching safepoint: 168600 ns, At safepoint: 6876100 ns, Total: 7044700 ns
[2020-08-27T11:16:49.420+0000][21728][gc,marking   ] GC(420) Concurrent Rebuild Remembered Sets
[2020-08-27T11:16:49.510+0000][21728][gc,marking   ] GC(420) Concurrent Rebuild Remembered Sets 90.186ms
[2020-08-27T11:16:49.511+0000][21728][gc,start     ] GC(420) Pause Cleanup
[2020-08-27T11:16:49.511+0000][21728][gc           ] GC(420) Pause Cleanup 388M->388M(1024M) 0.269ms
[2020-08-27T11:16:49.511+0000][21728][gc,cpu       ] GC(420) User=0.00s Sys=0.00s Real=0.00s
[2020-08-27T11:16:49.511+0000][21728][safepoint    ] Safepoint "G1Concurrent", Time since last: 90369300 ns, Reaching safepoint: 164400 ns, At safepoint: 423500 ns, Total: 587900 ns
[2020-08-27T11:16:49.511+0000][21728][gc,marking   ] GC(420) Concurrent Cleanup for Next Mark
[2020-08-27T11:16:49.515+0000][21728][gc,marking   ] GC(420) Concurrent Cleanup for Next Mark 4.014ms
[2020-08-27T11:16:49.516+0000][21728][gc           ] GC(420) Concurrent Cycle 225.073ms
[2020-08-27T11:16:49.735+0000][21728][gc,start     ] GC(421) Pause Young (Concurrent Start) (G1 Humongous Allocation)
[2020-08-27T11:16:49.735+0000][21728][gc,task      ] GC(421) Using 8 workers of 8 for evacuation
[2020-08-27T11:16:49.735+0000][21728][gc,age       ] GC(421) Desired survivor size 33554432 bytes, new threshold 15 (max threshold 15)
[2020-08-27T11:16:49.738+0000][21728][gc,age       ] GC(421) Age table with threshold 15 (max threshold 15)
[2020-08-27T11:16:49.738+0000][21728][gc,age       ] GC(421) - age   1:    2681184 bytes,    2681184 total
[2020-08-27T11:16:49.738+0000][21728][gc,age       ] GC(421) - age   2:      22496 bytes,    2703680 total
[2020-08-27T11:16:49.738+0000][21728][gc,age       ] GC(421) - age   3:       3232 bytes,    2706912 total
[2020-08-27T11:16:49.738+0000][21728][gc,age       ] GC(421) - age   4:     147936 bytes,    2854848 total
[2020-08-27T11:16:49.738+0000][21728][gc,age       ] GC(421) - age   5:      13320 bytes,    2868168 total
[2020-08-27T11:16:49.738+0000][21728][gc,age       ] GC(421) - age   6:       9552 bytes,    2877720 total
[2020-08-27T11:16:49.738+0000][21728][gc,age       ] GC(421) - age   7:     454936 bytes,    3332656 total
[2020-08-27T11:16:49.738+0000][21728][gc,age       ] GC(421) - age   8:      15016 bytes,    3347672 total
[2020-08-27T11:16:49.738+0000][21728][gc,age       ] GC(421) - age   9:        408 bytes,    3348080 total
[2020-08-27T11:16:49.738+0000][21728][gc,age       ] GC(421) - age  10:     159824 bytes,    3507904 total
[2020-08-27T11:16:49.738+0000][21728][gc,age       ] GC(421) - age  11:       7928 bytes,    3515832 total
[2020-08-27T11:16:49.739+0000][21728][gc,age       ] GC(421) - age  12:        704 bytes,    3516536 total
[2020-08-27T11:16:49.739+0000][21728][gc,age       ] GC(421) - age  13:        968 bytes,    3517504 total
[2020-08-27T11:16:49.739+0000][21728][gc,age       ] GC(421) - age  14:      55592 bytes,    3573096 total
[2020-08-27T11:16:49.739+0000][21728][gc,age       ] GC(421) - age  15:       1088 bytes,    3574184 total
[2020-08-27T11:16:49.739+0000][21728][gc,phases    ] GC(421)   Pre Evacuate Collection Set: 0.3ms
[2020-08-27T11:16:49.739+0000][21728][gc,phases    ] GC(421)   Merge Heap Roots: 0.1ms
[2020-08-27T11:16:49.739+0000][21728][gc,phases    ] GC(421)   Evacuate Collection Set: 2.2ms
[2020-08-27T11:16:49.739+0000][21728][gc,phases    ] GC(421)   Post Evacuate Collection Set: 0.8ms
[2020-08-27T11:16:49.739+0000][21728][gc,phases    ] GC(421)   Other: 0.6ms
[2020-08-27T11:16:49.739+0000][21728][gc,heap      ] GC(421) Eden regions: 41->0(503)
[2020-08-27T11:16:49.739+0000][21728][gc,heap      ] GC(421) Survivor regions: 4->4(64)
[2020-08-27T11:16:49.739+0000][21728][gc,heap      ] GC(421) Old regions: 79->79
[2020-08-27T11:16:49.739+0000][21728][gc,heap      ] GC(421) Archive regions: 0->0
[2020-08-27T11:16:49.739+0000][21728][gc,heap      ] GC(421) Humongous regions: 278->174
[2020-08-27T11:16:49.739+0000][21728][gc,metaspace ] GC(421) Metaspace: 87771K(94080K)->87771K(94080K) NonClass: 76607K(80384K)->76607K(80384K) Class: 11163K(13696K)->11163K(13696K)
[2020-08-27T11:16:49.739+0000][21728][gc           ] GC(421) Pause Young (Concurrent Start) (G1 Humongous Allocation) 400M->256M(1024M) 4.319ms
[2020-08-27T11:16:49.739+0000][21728][gc,cpu       ] GC(421) User=0.13s Sys=0.00s Real=0.00s
[2020-08-27T11:16:49.739+0000][21728][gc           ] GC(422) Concurrent Cycle
[2020-08-27T11:16:49.739+0000][21728][safepoint    ] Safepoint "G1TryInitiateConcMark", Time since last: 223240400 ns, Reaching safepoint: 140300 ns, At safepoint: 4456600 ns, Total: 4596900 ns
[2020-08-27T11:16:49.739+0000][21728][gc,marking   ] GC(422) Concurrent Clear Claimed Marks
[2020-08-27T11:16:49.739+0000][21728][gc,marking   ] GC(422) Concurrent Clear Claimed Marks 0.421ms
[2020-08-27T11:16:49.739+0000][21728][gc,marking   ] GC(422) Concurrent Scan Root Regions
[2020-08-27T11:16:49.742+0000][21728][gc,marking   ] GC(422) Concurrent Scan Root Regions 2.486ms
[2020-08-27T11:16:49.742+0000][21728][gc,marking   ] GC(422) Concurrent Mark (127.698s)
[2020-08-27T11:16:49.742+0000][21728][gc,marking   ] GC(422) Concurrent Mark From Roots
[2020-08-27T11:16:49.742+0000][21728][gc,task      ] GC(422) Using 2 workers of 2 for marking
[2020-08-27T11:16:49.837+0000][21728][gc,marking   ] GC(422) Concurrent Mark From Roots 94.491ms
[2020-08-27T11:16:49.837+0000][21728][gc,marking   ] GC(422) Concurrent Preclean
[2020-08-27T11:16:49.837+0000][21728][gc,marking   ] GC(422) Concurrent Preclean 0.452ms
[2020-08-27T11:16:49.837+0000][21728][gc,marking   ] GC(422) Concurrent Mark (127.698s, 127.793s) 95.070ms
[2020-08-27T11:16:49.837+0000][21728][gc,start     ] GC(422) Pause Remark
[2020-08-27T11:16:49.843+0000][21728][gc           ] GC(422) Pause Remark 318M->318M(1024M) 5.494ms
[2020-08-27T11:16:49.843+0000][21728][gc,cpu       ] GC(422) User=0.00s Sys=0.00s Real=0.01s
[2020-08-27T11:16:49.843+0000][21728][safepoint    ] Safepoint "G1Concurrent", Time since last: 98222800 ns, Reaching safepoint: 148000 ns, At safepoint: 5672800 ns, Total: 5820800 ns
[2020-08-27T11:16:49.843+0000][21728][gc,marking   ] GC(422) Concurrent Rebuild Remembered Sets
[2020-08-27T11:16:49.906+0000][21728][gc,marking   ] GC(422) Concurrent Rebuild Remembered Sets 63.265ms
[2020-08-27T11:16:49.907+0000][21728][gc,start     ] GC(422) Pause Cleanup
[2020-08-27T11:16:49.907+0000][21728][gc           ] GC(422) Pause Cleanup 388M->388M(1024M) 0.311ms
[2020-08-27T11:16:49.907+0000][21728][gc,cpu       ] GC(422) User=0.00s Sys=0.00s Real=0.00s
[2020-08-27T11:16:49.907+0000][21728][safepoint    ] Safepoint "G1Concurrent", Time since last: 63433900 ns, Reaching safepoint: 151000 ns, At safepoint: 481800 ns, Total: 632800 ns
[2020-08-27T11:16:49.907+0000][21728][gc,marking   ] GC(422) Concurrent Cleanup for Next Mark
[2020-08-27T11:16:49.909+0000][21728][gc,marking   ] GC(422) Concurrent Cleanup for Next Mark 1.590ms
[2020-08-27T11:16:49.909+0000][21728][gc           ] GC(422) Concurrent Cycle 169.980ms
[2020-08-27T11:16:50.021+0000][21728][gc,start     ] GC(423) Pause Young (Concurrent Start) (G1 Humongous Allocation)
[2020-08-27T11:16:50.022+0000][21728][gc,task      ] GC(423) Using 8 workers of 8 for evacuation
[2020-08-27T11:16:50.022+0000][21728][gc,age       ] GC(423) Desired survivor size 33554432 bytes, new threshold 15 (max threshold 15)
[2020-08-27T11:16:50.025+0000][21728][gc,age       ] GC(423) Age table with threshold 15 (max threshold 15)
[2020-08-27T11:16:50.025+0000][21728][gc,age       ] GC(423) - age   1:    1027928 bytes,    1027928 total
[2020-08-27T11:16:50.025+0000][21728][gc,age       ] GC(423) - age   2:       4400 bytes,    1032328 total
[2020-08-27T11:16:50.025+0000][21728][gc,age       ] GC(423) - age   3:      21920 bytes,    1054248 total
[2020-08-27T11:16:50.025+0000][21728][gc,age       ] GC(423) - age   4:       3096 bytes,    1057344 total
[2020-08-27T11:16:50.025+0000][21728][gc,age       ] GC(423) - age   5:     147808 bytes,    1205152 total
[2020-08-27T11:16:50.025+0000][21728][gc,age       ] GC(423) - age   6:      13120 bytes,    1218272 total
[2020-08-27T11:16:50.025+0000][21728][gc,age       ] GC(423) - age   7:       9552 bytes,    1227824 total
[2020-08-27T11:16:50.025+0000][21728][gc,age       ] GC(423) - age   8:     454832 bytes,    1682656 total
[2020-08-27T11:16:50.025+0000][21728][gc,age       ] GC(423) - age   9:      15016 bytes,    1697672 total
[2020-08-27T11:16:50.025+0000][21728][gc,age       ] GC(423) - age  10:        408 bytes,    1698080 total
[2020-08-27T11:16:50.025+0000][21728][gc,age       ] GC(423) - age  11:     159824 bytes,    1857904 total
[2020-08-27T11:16:50.025+0000][21728][gc,age       ] GC(423) - age  12:       7928 bytes,    1865832 total
[2020-08-27T11:16:50.025+0000][21728][gc,age       ] GC(423) - age  13:        704 bytes,    1866536 total
[2020-08-27T11:16:50.025+0000][21728][gc,age       ] GC(423) - age  14:        968 bytes,    1867504 total
[2020-08-27T11:16:50.025+0000][21728][gc,age       ] GC(423) - age  15:      55592 bytes,    1923096 total
[2020-08-27T11:16:50.025+0000][21728][gc,phases    ] GC(423)   Pre Evacuate Collection Set: 0.3ms
[2020-08-27T11:16:50.025+0000][21728][gc,phases    ] GC(423)   Merge Heap Roots: 0.1ms
[2020-08-27T11:16:50.025+0000][21728][gc,phases    ] GC(423)   Evacuate Collection Set: 2.0ms
[2020-08-27T11:16:50.025+0000][21728][gc,phases    ] GC(423)   Post Evacuate Collection Set: 0.8ms
[2020-08-27T11:16:50.025+0000][21728][gc,phases    ] GC(423)   Other: 0.6ms
[2020-08-27T11:16:50.025+0000][21728][gc,heap      ] GC(423) Eden regions: 35->0(505)
[2020-08-27T11:16:50.025+0000][21728][gc,heap      ] GC(423) Survivor regions: 4->3(64)
[2020-08-27T11:16:50.025+0000][21728][gc,heap      ] GC(423) Old regions: 79->79
[2020-08-27T11:16:50.025+0000][21728][gc,heap      ] GC(423) Archive regions: 0->0
[2020-08-27T11:16:50.025+0000][21728][gc,heap      ] GC(423) Humongous regions: 278->174
[2020-08-27T11:16:50.025+0000][21728][gc,metaspace ] GC(423) Metaspace: 87772K(94080K)->87772K(94080K) NonClass: 76608K(80384K)->76608K(80384K) Class: 11164K(13696K)->11164K(13696K)
[2020-08-27T11:16:50.026+0000][21728][gc           ] GC(423) Pause Young (Concurrent Start) (G1 Humongous Allocation) 395M->254M(1024M) 4.043ms
[2020-08-27T11:16:50.026+0000][21728][gc,cpu       ] GC(423) User=0.00s Sys=0.00s Real=0.01s
[2020-08-27T11:16:50.026+0000][21728][safepoint    ] Safepoint "G1TryInitiateConcMark", Time since last: 114138000 ns, Reaching safepoint: 155100 ns, At safepoint: 4210900 ns, Total: 4366000 ns
[2020-08-27T11:16:50.026+0000][21728][gc           ] GC(424) Concurrent Cycle
[2020-08-27T11:16:50.026+0000][21728][gc,marking   ] GC(424) Concurrent Clear Claimed Marks
[2020-08-27T11:16:50.026+0000][21728][gc,marking   ] GC(424) Concurrent Clear Claimed Marks 0.408ms
[2020-08-27T11:16:50.026+0000][21728][gc,marking   ] GC(424) Concurrent Scan Root Regions
[2020-08-27T11:16:50.029+0000][21728][gc,marking   ] GC(424) Concurrent Scan Root Regions 2.301ms
[2020-08-27T11:16:50.029+0000][21728][gc,marking   ] GC(424) Concurrent Mark (127.985s)
[2020-08-27T11:16:50.029+0000][21728][gc,marking   ] GC(424) Concurrent Mark From Roots
[2020-08-27T11:16:50.029+0000][21728][gc,task      ] GC(424) Using 2 workers of 2 for marking
[2020-08-27T11:16:50.144+0000][21728][gc,marking   ] GC(424) Concurrent Mark From Roots 115.357ms
[2020-08-27T11:16:50.144+0000][21728][gc,marking   ] GC(424) Concurrent Preclean
[2020-08-27T11:16:50.144+0000][21728][gc,marking   ] GC(424) Concurrent Preclean 0.425ms
[2020-08-27T11:16:50.145+0000][21728][gc,marking   ] GC(424) Concurrent Mark (127.985s, 128.101s) 115.953ms
[2020-08-27T11:16:50.145+0000][21728][gc,start     ] GC(424) Pause Remark
[2020-08-27T11:16:50.151+0000][21728][gc           ] GC(424) Pause Remark 269M->269M(1024M) 5.822ms
[2020-08-27T11:16:50.151+0000][21728][gc,cpu       ] GC(424) User=0.00s Sys=0.00s Real=0.01s
[2020-08-27T11:16:50.151+0000][21728][safepoint    ] Safepoint "G1Concurrent", Time since last: 118956200 ns, Reaching safepoint: 218300 ns, At safepoint: 6023900 ns, Total: 6242200 ns
[2020-08-27T11:16:50.151+0000][21728][gc,marking   ] GC(424) Concurrent Rebuild Remembered Sets
[2020-08-27T11:16:50.232+0000][21728][gc,marking   ] GC(424) Concurrent Rebuild Remembered Sets 81.472ms
[2020-08-27T11:16:50.233+0000][21728][gc,start     ] GC(424) Pause Cleanup
[2020-08-27T11:16:50.233+0000][21728][gc           ] GC(424) Pause Cleanup 274M->274M(1024M) 0.310ms
[2020-08-27T11:16:50.233+0000][21728][gc,cpu       ] GC(424) User=0.00s Sys=0.00s Real=0.00s
[2020-08-27T11:16:50.233+0000][21728][safepoint    ] Safepoint "G1Concurrent", Time since last: 81651000 ns, Reaching safepoint: 217600 ns, At safepoint: 521900 ns, Total: 739500 ns
[2020-08-27T11:16:50.233+0000][21728][gc,marking   ] GC(424) Concurrent Cleanup for Next Mark
[2020-08-27T11:16:50.235+0000][21728][gc,marking   ] GC(424) Concurrent Cleanup for Next Mark 2.135ms
[2020-08-27T11:16:50.236+0000][21728][gc           ] GC(424) Concurrent Cycle 210.008ms
[2020-08-27T11:16:50.407+0000][21728][safepoint    ] Safepoint "BulkRevokeBias", Time since last: 170148600 ns, Reaching safepoint: 306900 ns, At safepoint: 3170700 ns, Total: 3477600 ns
[2020-08-27T11:16:50.408+0000][21728][safepoint    ] Safepoint "BulkRevokeBias", Time since last: 148800 ns, Reaching safepoint: 97100 ns, At safepoint: 978700 ns, Total: 1075800 ns
[2020-08-27T11:16:50.409+0000][21728][safepoint    ] Safepoint "BulkRevokeBias", Time since last: 227800 ns, Reaching safepoint: 97900 ns, At safepoint: 922900 ns, Total: 1020800 ns
[2020-08-27T11:16:50.410+0000][21728][safepoint    ] Safepoint "BulkRevokeBias", Time since last: 94700 ns, Reaching safepoint: 81500 ns, At safepoint: 866100 ns, Total: 947600 ns
[2020-08-27T11:16:50.416+0000][21728][gc,start     ] GC(425) Pause Young (Concurrent Start) (G1 Humongous Allocation)
[2020-08-27T11:16:50.416+0000][21728][gc,task      ] GC(425) Using 8 workers of 8 for evacuation
[2020-08-27T11:16:50.416+0000][21728][gc,age       ] GC(425) Desired survivor size 33554432 bytes, new threshold 15 (max threshold 15)
[2020-08-27T11:16:50.420+0000][21728][gc,age       ] GC(425) Age table with threshold 15 (max threshold 15)
[2020-08-27T11:16:50.420+0000][21728][gc,age       ] GC(425) - age   1:    1853088 bytes,    1853088 total
[2020-08-27T11:16:50.420+0000][21728][gc,age       ] GC(425) - age   2:     404328 bytes,    2257416 total
[2020-08-27T11:16:50.420+0000][21728][gc,age       ] GC(425) - age   3:       3952 bytes,    2261368 total
[2020-08-27T11:16:50.420+0000][21728][gc,age       ] GC(425) - age   4:      19000 bytes,    2280368 total
[2020-08-27T11:16:50.420+0000][21728][gc,age       ] GC(425) - age   5:       2936 bytes,    2283304 total
[2020-08-27T11:16:50.420+0000][21728][gc,age       ] GC(425) - age   6:     147608 bytes,    2430912 total
[2020-08-27T11:16:50.420+0000][21728][gc,age       ] GC(425) - age   7:      12832 bytes,    2443744 total
[2020-08-27T11:16:50.420+0000][21728][gc,age       ] GC(425) - age   8:       9552 bytes,    2453296 total
[2020-08-27T11:16:50.420+0000][21728][gc,age       ] GC(425) - age   9:     454800 bytes,    2908096 total
[2020-08-27T11:16:50.420+0000][21728][gc,age       ] GC(425) - age  10:      15016 bytes,    2923112 total
[2020-08-27T11:16:50.420+0000][21728][gc,age       ] GC(425) - age  11:        344 bytes,    2923456 total
[2020-08-27T11:16:50.420+0000][21728][gc,age       ] GC(425) - age  12:     159760 bytes,    3083216 total
[2020-08-27T11:16:50.420+0000][21728][gc,age       ] GC(425) - age  13:       7896 bytes,    3091112 total
[2020-08-27T11:16:50.420+0000][21728][gc,age       ] GC(425) - age  14:        704 bytes,    3091816 total
[2020-08-27T11:16:50.420+0000][21728][gc,age       ] GC(425) - age  15:        936 bytes,    3092752 total
[2020-08-27T11:16:50.420+0000][21728][gc,phases    ] GC(425)   Pre Evacuate Collection Set: 0.6ms
[2020-08-27T11:16:50.420+0000][21728][gc,phases    ] GC(425)   Merge Heap Roots: 0.1ms
[2020-08-27T11:16:50.420+0000][21728][gc,phases    ] GC(425)   Evacuate Collection Set: 2.4ms
[2020-08-27T11:16:50.421+0000][21728][gc,phases    ] GC(425)   Post Evacuate Collection Set: 0.6ms
[2020-08-27T11:16:50.421+0000][21728][gc,phases    ] GC(425)   Other: 0.7ms
[2020-08-27T11:16:50.421+0000][21728][gc,heap      ] GC(425) Eden regions: 24->0(504)
[2020-08-27T11:16:50.421+0000][21728][gc,heap      ] GC(425) Survivor regions: 3->4(64)
[2020-08-27T11:16:50.421+0000][21728][gc,heap      ] GC(425) Old regions: 79->79
[2020-08-27T11:16:50.421+0000][21728][gc,heap      ] GC(425) Archive regions: 0->0
[2020-08-27T11:16:50.421+0000][21728][gc,heap      ] GC(425) Humongous regions: 228->174
[2020-08-27T11:16:50.421+0000][21728][gc,metaspace ] GC(425) Metaspace: 87772K(94080K)->87772K(94080K) NonClass: 76608K(80384K)->76608K(80384K) Class: 11164K(13696K)->11164K(13696K)
[2020-08-27T11:16:50.421+0000][21728][gc           ] GC(425) Pause Young (Concurrent Start) (G1 Humongous Allocation) 332M->255M(1024M) 4.803ms
[2020-08-27T11:16:50.421+0000][21728][gc,cpu       ] GC(425) User=0.00s Sys=0.00s Real=0.01s
[2020-08-27T11:16:50.421+0000][21728][safepoint    ] Safepoint "G1TryInitiateConcMark", Time since last: 5428500 ns, Reaching safepoint: 189900 ns, At safepoint: 4990600 ns, Total: 5180500 ns
[2020-08-27T11:16:50.421+0000][21728][gc           ] GC(426) Concurrent Cycle
[2020-08-27T11:16:50.421+0000][21728][gc,marking   ] GC(426) Concurrent Clear Claimed Marks
[2020-08-27T11:16:50.422+0000][21728][gc,marking   ] GC(426) Concurrent Clear Claimed Marks 0.568ms
[2020-08-27T11:16:50.422+0000][21728][gc,marking   ] GC(426) Concurrent Scan Root Regions
[2020-08-27T11:16:50.425+0000][21728][gc,marking   ] GC(426) Concurrent Scan Root Regions 2.810ms
[2020-08-27T11:16:50.425+0000][21728][gc,marking   ] GC(426) Concurrent Mark (128.381s)
[2020-08-27T11:16:50.425+0000][21728][gc,marking   ] GC(426) Concurrent Mark From Roots
[2020-08-27T11:16:50.425+0000][21728][gc,task      ] GC(426) Using 2 workers of 2 for marking
[2020-08-27T11:16:50.550+0000][21728][safepoint    ] Safepoint "BulkRevokeBias", Time since last: 127582600 ns, Reaching safepoint: 237300 ns, At safepoint: 1309300 ns, Total: 1546600 ns
[2020-08-27T11:16:50.556+0000][21728][gc,marking   ] GC(426) Concurrent Mark From Roots 131.070ms
[2020-08-27T11:16:50.556+0000][21728][gc,marking   ] GC(426) Concurrent Preclean
[2020-08-27T11:16:50.556+0000][21728][gc,marking   ] GC(426) Concurrent Preclean 0.350ms
[2020-08-27T11:16:50.556+0000][21728][gc,marking   ] GC(426) Concurrent Mark (128.381s, 128.512s) 131.529ms
[2020-08-27T11:16:50.556+0000][21728][gc,start     ] GC(426) Pause Remark
[2020-08-27T11:16:50.562+0000][21728][gc           ] GC(426) Pause Remark 288M->288M(1024M) 5.904ms
[2020-08-27T11:16:50.562+0000][21728][gc,cpu       ] GC(426) User=0.00s Sys=0.00s Real=0.01s
[2020-08-27T11:16:50.562+0000][21728][safepoint    ] Safepoint "G1Concurrent", Time since last: 6143000 ns, Reaching safepoint: 128600 ns, At safepoint: 6090800 ns, Total: 6219400 ns
[2020-08-27T11:16:50.563+0000][21728][gc,marking   ] GC(426) Concurrent Rebuild Remembered Sets
[2020-08-27T11:16:50.576+0000][21728][safepoint    ] Safepoint "BulkRevokeBias", Time since last: 12296900 ns, Reaching safepoint: 251900 ns, At safepoint: 1008500 ns, Total: 1260400 ns
[2020-08-27T11:16:50.578+0000][21728][safepoint    ] Safepoint "BulkRevokeBias", Time since last: 357000 ns, Reaching safepoint: 379900 ns, At safepoint: 1248800 ns, Total: 1628700 ns
[2020-08-27T11:16:50.583+0000][21728][safepoint    ] Safepoint "BulkRevokeBias", Time since last: 2870500 ns, Reaching safepoint: 469100 ns, At safepoint: 1289700 ns, Total: 1758800 ns
[2020-08-27T11:16:50.636+0000][21728][gc,marking   ] GC(426) Concurrent Rebuild Remembered Sets 73.842ms
[2020-08-27T11:16:50.637+0000][21728][gc,start     ] GC(426) Pause Cleanup
[2020-08-27T11:16:50.637+0000][21728][gc           ] GC(426) Pause Cleanup 360M->360M(1024M) 0.208ms
[2020-08-27T11:16:50.637+0000][21728][gc,cpu       ] GC(426) User=0.00s Sys=0.00s Real=0.00s
[2020-08-27T11:16:50.637+0000][21728][safepoint    ] Safepoint "G1Concurrent", Time since last: 53807100 ns, Reaching safepoint: 135100 ns, At safepoint: 330300 ns, Total: 465400 ns
[2020-08-27T11:16:50.637+0000][21728][gc,marking   ] GC(426) Concurrent Cleanup for Next Mark
[2020-08-27T11:16:50.638+0000][21728][gc,marking   ] GC(426) Concurrent Cleanup for Next Mark 1.165ms
[2020-08-27T11:16:50.638+0000][21728][gc           ] GC(426) Concurrent Cycle 217.250ms
[2020-08-27T11:16:50.734+0000][21728][gc,start     ] GC(427) Pause Young (Concurrent Start) (G1 Humongous Allocation)
[2020-08-27T11:16:50.734+0000][21728][gc,task      ] GC(427) Using 8 workers of 8 for evacuation
[2020-08-27T11:16:50.735+0000][21728][gc,age       ] GC(427) Desired survivor size 33554432 bytes, new threshold 15 (max threshold 15)
[2020-08-27T11:16:50.738+0000][21728][gc,age       ] GC(427) Age table with threshold 15 (max threshold 15)
[2020-08-27T11:16:50.738+0000][21728][gc,age       ] GC(427) - age   1:    2949040 bytes,    2949040 total
[2020-08-27T11:16:50.738+0000][21728][gc,age       ] GC(427) - age   2:     115696 bytes,    3064736 total
[2020-08-27T11:16:50.738+0000][21728][gc,age       ] GC(427) - age   3:     404232 bytes,    3468968 total
[2020-08-27T11:16:50.738+0000][21728][gc,age       ] GC(427) - age   4:       2456 bytes,    3471424 total
[2020-08-27T11:16:50.738+0000][21728][gc,age       ] GC(427) - age   5:      16056 bytes,    3487480 total
[2020-08-27T11:16:50.738+0000][21728][gc,age       ] GC(427) - age   6:       2744 bytes,    3490224 total
[2020-08-27T11:16:50.738+0000][21728][gc,age       ] GC(427) - age   7:     147608 bytes,    3637832 total
[2020-08-27T11:16:50.738+0000][21728][gc,age       ] GC(427) - age   8:      12800 bytes,    3650632 total
[2020-08-27T11:16:50.738+0000][21728][gc,age       ] GC(427) - age   9:       9552 bytes,    3660184 total
[2020-08-27T11:16:50.738+0000][21728][gc,age       ] GC(427) - age  10:     454800 bytes,    4114984 total
[2020-08-27T11:16:50.738+0000][21728][gc,age       ] GC(427) - age  11:      14952 bytes,    4129936 total
[2020-08-27T11:16:50.738+0000][21728][gc,age       ] GC(427) - age  12:        344 bytes,    4130280 total
[2020-08-27T11:16:50.738+0000][21728][gc,age       ] GC(427) - age  13:     159664 bytes,    4289944 total
[2020-08-27T11:16:50.738+0000][21728][gc,age       ] GC(427) - age  14:       7896 bytes,    4297840 total
[2020-08-27T11:16:50.738+0000][21728][gc,age       ] GC(427) - age  15:        704 bytes,    4298544 total
[2020-08-27T11:16:50.738+0000][21728][gc,phases    ] GC(427)   Pre Evacuate Collection Set: 0.3ms
[2020-08-27T11:16:50.738+0000][21728][gc,phases    ] GC(427)   Merge Heap Roots: 0.1ms
[2020-08-27T11:16:50.738+0000][21728][gc,phases    ] GC(427)   Evacuate Collection Set: 2.3ms
[2020-08-27T11:16:50.738+0000][21728][gc,phases    ] GC(427)   Post Evacuate Collection Set: 0.7ms
[2020-08-27T11:16:50.739+0000][21728][gc,phases    ] GC(427)   Other: 0.7ms
[2020-08-27T11:16:50.739+0000][21728][gc,heap      ] GC(427) Eden regions: 33->0(503)
[2020-08-27T11:16:50.739+0000][21728][gc,heap      ] GC(427) Survivor regions: 4->5(64)
[2020-08-27T11:16:50.739+0000][21728][gc,heap      ] GC(427) Old regions: 79->79
[2020-08-27T11:16:50.739+0000][21728][gc,heap      ] GC(427) Archive regions: 0->0
[2020-08-27T11:16:50.739+0000][21728][gc,heap      ] GC(427) Humongous regions: 254->174
[2020-08-27T11:16:50.739+0000][21728][gc,metaspace ] GC(427) Metaspace: 87772K(94080K)->87772K(94080K) NonClass: 76608K(80384K)->76608K(80384K) Class: 11164K(13696K)->11164K(13696K)
[2020-08-27T11:16:50.739+0000][21728][gc           ] GC(427) Pause Young (Concurrent Start) (G1 Humongous Allocation) 368M->257M(1024M) 4.272ms
[2020-08-27T11:16:50.739+0000][21728][gc,cpu       ] GC(427) User=0.13s Sys=0.00s Real=0.01s
[2020-08-27T11:16:50.739+0000][21728][safepoint    ] Safepoint "G1TryInitiateConcMark", Time since last: 97320200 ns, Reaching safepoint: 138100 ns, At safepoint: 4416100 ns, Total: 4554200 ns
[2020-08-27T11:16:50.739+0000][21728][gc           ] GC(428) Concurrent Cycle
[2020-08-27T11:16:50.739+0000][21728][gc,marking   ] GC(428) Concurrent Clear Claimed Marks
[2020-08-27T11:16:50.739+0000][21728][gc,marking   ] GC(428) Concurrent Clear Claimed Marks 0.391ms
[2020-08-27T11:16:50.739+0000][21728][gc,marking   ] GC(428) Concurrent Scan Root Regions
[2020-08-27T11:16:50.742+0000][21728][gc,marking   ] GC(428) Concurrent Scan Root Regions 3.063ms
[2020-08-27T11:16:50.742+0000][21728][gc,marking   ] GC(428) Concurrent Mark (128.699s)
[2020-08-27T11:16:50.743+0000][21728][gc,marking   ] GC(428) Concurrent Mark From Roots
[2020-08-27T11:16:50.743+0000][21728][gc,task      ] GC(428) Using 2 workers of 2 for marking
[2020-08-27T11:16:50.857+0000][21728][gc,marking   ] GC(428) Concurrent Mark From Roots 114.466ms
[2020-08-27T11:16:50.857+0000][21728][gc,marking   ] GC(428) Concurrent Preclean
[2020-08-27T11:16:50.857+0000][21728][gc,marking   ] GC(428) Concurrent Preclean 0.377ms
[2020-08-27T11:16:50.857+0000][21728][gc,marking   ] GC(428) Concurrent Mark (128.699s, 128.813s) 114.975ms
[2020-08-27T11:16:50.858+0000][21728][gc,start     ] GC(428) Pause Remark
[2020-08-27T11:16:50.864+0000][21728][gc           ] GC(428) Pause Remark 322M->322M(1024M) 5.925ms
[2020-08-27T11:16:50.864+0000][21728][gc,cpu       ] GC(428) User=0.11s Sys=0.00s Real=0.01s
[2020-08-27T11:16:50.864+0000][21728][safepoint    ] Safepoint "G1Concurrent", Time since last: 118811700 ns, Reaching safepoint: 185000 ns, At safepoint: 6235700 ns, Total: 6420700 ns
[2020-08-27T11:16:50.864+0000][21728][gc,marking   ] GC(428) Concurrent Rebuild Remembered Sets
[2020-08-27T11:16:50.933+0000][21728][gc,marking   ] GC(428) Concurrent Rebuild Remembered Sets 69.355ms
[2020-08-27T11:16:50.934+0000][21728][gc,start     ] GC(428) Pause Cleanup
[2020-08-27T11:16:50.934+0000][21728][gc           ] GC(428) Pause Cleanup 331M->331M(1024M) 0.319ms
[2020-08-27T11:16:50.934+0000][21728][gc,cpu       ] GC(428) User=0.00s Sys=0.00s Real=0.00s
[2020-08-27T11:16:50.934+0000][21728][safepoint    ] Safepoint "G1Concurrent", Time since last: 69554300 ns, Reaching safepoint: 99800 ns, At safepoint: 447700 ns, Total: 547500 ns
[2020-08-27T11:16:50.934+0000][21728][gc,marking   ] GC(428) Concurrent Cleanup for Next Mark
[2020-08-27T11:16:50.935+0000][21728][gc,marking   ] GC(428) Concurrent Cleanup for Next Mark 1.303ms
[2020-08-27T11:16:50.936+0000][21728][gc           ] GC(428) Concurrent Cycle 196.772ms
[2020-08-27T11:16:51.013+0000][21728][gc,start     ] GC(429) Pause Young (Concurrent Start) (G1 Humongous Allocation)
[2020-08-27T11:16:51.014+0000][21728][gc,task      ] GC(429) Using 8 workers of 8 for evacuation
[2020-08-27T11:16:51.014+0000][21728][gc,age       ] GC(429) Desired survivor size 33554432 bytes, new threshold 15 (max threshold 15)
[2020-08-27T11:16:51.017+0000][21728][gc,age       ] GC(429) Age table with threshold 15 (max threshold 15)
[2020-08-27T11:16:51.018+0000][21728][gc,age       ] GC(429) - age   1:    2689984 bytes,    2689984 total
[2020-08-27T11:16:51.018+0000][21728][gc,age       ] GC(429) - age   2:       3136 bytes,    2693120 total
[2020-08-27T11:16:51.018+0000][21728][gc,age       ] GC(429) - age   3:      11568 bytes,    2704688 total
[2020-08-27T11:16:51.018+0000][21728][gc,age       ] GC(429) - age   4:       1704 bytes,    2706392 total
[2020-08-27T11:16:51.018+0000][21728][gc,age       ] GC(429) - age   5:        952 bytes,    2707344 total
[2020-08-27T11:16:51.018+0000][21728][gc,age       ] GC(429) - age   6:      15864 bytes,    2723208 total
[2020-08-27T11:16:51.018+0000][21728][gc,age       ] GC(429) - age   7:       2712 bytes,    2725920 total
[2020-08-27T11:16:51.018+0000][21728][gc,age       ] GC(429) - age   8:     147544 bytes,    2873464 total
[2020-08-27T11:16:51.018+0000][21728][gc,age       ] GC(429) - age   9:      12800 bytes,    2886264 total
[2020-08-27T11:16:51.018+0000][21728][gc,age       ] GC(429) - age  10:       9552 bytes,    2895816 total
[2020-08-27T11:16:51.018+0000][21728][gc,age       ] GC(429) - age  11:     454800 bytes,    3350616 total
[2020-08-27T11:16:51.018+0000][21728][gc,age       ] GC(429) - age  12:      14952 bytes,    3365568 total
[2020-08-27T11:16:51.018+0000][21728][gc,age       ] GC(429) - age  13:        344 bytes,    3365912 total
[2020-08-27T11:16:51.018+0000][21728][gc,age       ] GC(429) - age  14:     159664 bytes,    3525576 total
[2020-08-27T11:16:51.018+0000][21728][gc,age       ] GC(429) - age  15:       7896 bytes,    3533472 total
[2020-08-27T11:16:51.018+0000][21728][gc,phases    ] GC(429)   Pre Evacuate Collection Set: 0.4ms
[2020-08-27T11:16:51.018+0000][21728][gc,phases    ] GC(429)   Merge Heap Roots: 0.1ms
[2020-08-27T11:16:51.018+0000][21728][gc,phases    ] GC(429)   Evacuate Collection Set: 2.5ms
[2020-08-27T11:16:51.018+0000][21728][gc,phases    ] GC(429)   Post Evacuate Collection Set: 0.7ms
[2020-08-27T11:16:51.018+0000][21728][gc,phases    ] GC(429)   Other: 0.9ms
[2020-08-27T11:16:51.018+0000][21728][gc,heap      ] GC(429) Eden regions: 23->0(504)
[2020-08-27T11:16:51.018+0000][21728][gc,heap      ] GC(429) Survivor regions: 5->4(64)
[2020-08-27T11:16:51.018+0000][21728][gc,heap      ] GC(429) Old regions: 79->79
[2020-08-27T11:16:51.018+0000][21728][gc,heap      ] GC(429) Archive regions: 0->0
[2020-08-27T11:16:51.018+0000][21728][gc,heap      ] GC(429) Humongous regions: 231->174
[2020-08-27T11:16:51.018+0000][21728][gc,metaspace ] GC(429) Metaspace: 87772K(94080K)->87772K(94080K) NonClass: 76608K(80384K)->76608K(80384K) Class: 11164K(13696K)->11164K(13696K)
[2020-08-27T11:16:51.018+0000][21728][gc           ] GC(429) Pause Young (Concurrent Start) (G1 Humongous Allocation) 336M->256M(1024M) 4.846ms
[2020-08-27T11:16:51.018+0000][21728][gc,cpu       ] GC(429) User=0.03s Sys=0.00s Real=0.00s
[2020-08-27T11:16:51.018+0000][21728][safepoint    ] Safepoint "G1TryInitiateConcMark", Time since last: 79110600 ns, Reaching safepoint: 167700 ns, At safepoint: 4998500 ns, Total: 5166200 ns
[2020-08-27T11:16:51.018+0000][21728][gc           ] GC(430) Concurrent Cycle
[2020-08-27T11:16:51.018+0000][21728][gc,marking   ] GC(430) Concurrent Clear Claimed Marks
[2020-08-27T11:16:51.019+0000][21728][gc,marking   ] GC(430) Concurrent Clear Claimed Marks 0.326ms
[2020-08-27T11:16:51.019+0000][21728][gc,marking   ] GC(430) Concurrent Scan Root Regions
[2020-08-27T11:16:51.022+0000][21728][gc,marking   ] GC(430) Concurrent Scan Root Regions 3.036ms
[2020-08-27T11:16:51.022+0000][21728][gc,marking   ] GC(430) Concurrent Mark (128.978s)
[2020-08-27T11:16:51.022+0000][21728][gc,marking   ] GC(430) Concurrent Mark From Roots
[2020-08-27T11:16:51.022+0000][21728][gc,task      ] GC(430) Using 2 workers of 2 for marking
[2020-08-27T11:16:51.159+0000][21728][gc,marking   ] GC(430) Concurrent Mark From Roots 137.548ms
[2020-08-27T11:16:51.159+0000][21728][gc,marking   ] GC(430) Concurrent Preclean
[2020-08-27T11:16:51.160+0000][21728][gc,marking   ] GC(430) Concurrent Preclean 0.608ms
[2020-08-27T11:16:51.160+0000][21728][gc,marking   ] GC(430) Concurrent Mark (128.978s, 129.116s) 138.316ms
[2020-08-27T11:16:51.160+0000][21728][gc,start     ] GC(430) Pause Remark
[2020-08-27T11:16:51.168+0000][21728][gc           ] GC(430) Pause Remark 318M->318M(1024M) 7.984ms
[2020-08-27T11:16:51.169+0000][21728][gc,cpu       ] GC(430) User=0.00s Sys=0.00s Real=0.01s
[2020-08-27T11:16:51.169+0000][21728][safepoint    ] Safepoint "G1Concurrent", Time since last: 141947700 ns, Reaching safepoint: 177200 ns, At safepoint: 8226500 ns, Total: 8403700 ns
[2020-08-27T11:16:51.169+0000][21728][gc,marking   ] GC(430) Concurrent Rebuild Remembered Sets
[2020-08-27T11:16:51.261+0000][21728][gc,marking   ] GC(430) Concurrent Rebuild Remembered Sets 92.166ms
[2020-08-27T11:16:51.263+0000][21728][gc,start     ] GC(430) Pause Cleanup
[2020-08-27T11:16:51.263+0000][21728][gc           ] GC(430) Pause Cleanup 388M->388M(1024M) 0.445ms
[2020-08-27T11:16:51.263+0000][21728][gc,cpu       ] GC(430) User=0.00s Sys=0.00s Real=0.00s
[2020-08-27T11:16:51.263+0000][21728][safepoint    ] Safepoint "G1Concurrent", Time since last: 92450600 ns, Reaching safepoint: 1720900 ns, At safepoint: 639900 ns, Total: 2360800 ns
[2020-08-27T11:16:51.263+0000][21728][gc,marking   ] GC(430) Concurrent Cleanup for Next Mark
[2020-08-27T11:16:51.265+0000][21728][gc,marking   ] GC(430) Concurrent Cleanup for Next Mark 1.993ms
[2020-08-27T11:16:51.266+0000][21728][gc           ] GC(430) Concurrent Cycle 247.413ms
[2020-08-27T11:16:51.434+0000][21728][gc,start     ] GC(431) Pause Young (Concurrent Start) (G1 Humongous Allocation)
[2020-08-27T11:16:51.434+0000][21728][gc,task      ] GC(431) Using 8 workers of 8 for evacuation
[2020-08-27T11:16:51.434+0000][21728][gc,age       ] GC(431) Desired survivor size 33554432 bytes, new threshold 15 (max threshold 15)
[2020-08-27T11:16:51.437+0000][21728][gc,age       ] GC(431) Age table with threshold 15 (max threshold 15)
[2020-08-27T11:16:51.437+0000][21728][gc,age       ] GC(431) - age   1:    1027336 bytes,    1027336 total
[2020-08-27T11:16:51.437+0000][21728][gc,age       ] GC(431) - age   2:      13832 bytes,    1041168 total
[2020-08-27T11:16:51.437+0000][21728][gc,age       ] GC(431) - age   3:       2912 bytes,    1044080 total
[2020-08-27T11:16:51.437+0000][21728][gc,age       ] GC(431) - age   4:      11168 bytes,    1055248 total
[2020-08-27T11:16:51.437+0000][21728][gc,age       ] GC(431) - age   5:        968 bytes,    1056216 total
[2020-08-27T11:16:51.437+0000][21728][gc,age       ] GC(431) - age   6:        856 bytes,    1057072 total
[2020-08-27T11:16:51.437+0000][21728][gc,age       ] GC(431) - age   7:      15728 bytes,    1072800 total
[2020-08-27T11:16:51.438+0000][21728][gc,age       ] GC(431) - age   8:       2712 bytes,    1075512 total
[2020-08-27T11:16:51.438+0000][21728][gc,age       ] GC(431) - age   9:     147544 bytes,    1223056 total
[2020-08-27T11:16:51.438+0000][21728][gc,age       ] GC(431) - age  10:      12736 bytes,    1235792 total
[2020-08-27T11:16:51.438+0000][21728][gc,age       ] GC(431) - age  11:       9480 bytes,    1245272 total
[2020-08-27T11:16:51.438+0000][21728][gc,age       ] GC(431) - age  12:     454800 bytes,    1700072 total
[2020-08-27T11:16:51.438+0000][21728][gc,age       ] GC(431) - age  13:      14952 bytes,    1715024 total
[2020-08-27T11:16:51.438+0000][21728][gc,age       ] GC(431) - age  14:        344 bytes,    1715368 total
[2020-08-27T11:16:51.438+0000][21728][gc,age       ] GC(431) - age  15:     159664 bytes,    1875032 total
[2020-08-27T11:16:51.438+0000][21728][gc,phases    ] GC(431)   Pre Evacuate Collection Set: 0.4ms
[2020-08-27T11:16:51.438+0000][21728][gc,phases    ] GC(431)   Merge Heap Roots: 0.1ms
[2020-08-27T11:16:51.438+0000][21728][gc,phases    ] GC(431)   Evacuate Collection Set: 2.0ms
[2020-08-27T11:16:51.438+0000][21728][gc,phases    ] GC(431)   Post Evacuate Collection Set: 0.6ms
[2020-08-27T11:16:51.438+0000][21728][gc,phases    ] GC(431)   Other: 0.7ms
[2020-08-27T11:16:51.438+0000][21728][gc,heap      ] GC(431) Eden regions: 35->0(506)
[2020-08-27T11:16:51.438+0000][21728][gc,heap      ] GC(431) Survivor regions: 4->2(64)
[2020-08-27T11:16:51.438+0000][21728][gc,heap      ] GC(431) Old regions: 79->79
[2020-08-27T11:16:51.438+0000][21728][gc,heap      ] GC(431) Archive regions: 0->0
[2020-08-27T11:16:51.438+0000][21728][gc,heap      ] GC(431) Humongous regions: 278->174
[2020-08-27T11:16:51.438+0000][21728][gc,metaspace ] GC(431) Metaspace: 87772K(94080K)->87772K(94080K) NonClass: 76608K(80384K)->76608K(80384K) Class: 11164K(13696K)->11164K(13696K)
[2020-08-27T11:16:51.438+0000][21728][gc           ] GC(431) Pause Young (Concurrent Start) (G1 Humongous Allocation) 395M->254M(1024M) 3.903ms
[2020-08-27T11:16:51.438+0000][21728][gc,cpu       ] GC(431) User=0.00s Sys=0.00s Real=0.00s
[2020-08-27T11:16:51.438+0000][21728][safepoint    ] Safepoint "G1TryInitiateConcMark", Time since last: 170507100 ns, Reaching safepoint: 131800 ns, At safepoint: 4037600 ns, Total: 4169400 ns
[2020-08-27T11:16:51.438+0000][21728][gc           ] GC(432) Concurrent Cycle
[2020-08-27T11:16:51.438+0000][21728][gc,marking   ] GC(432) Concurrent Clear Claimed Marks
[2020-08-27T11:16:51.439+0000][21728][gc,marking   ] GC(432) Concurrent Clear Claimed Marks 0.394ms
[2020-08-27T11:16:51.439+0000][21728][gc,marking   ] GC(432) Concurrent Scan Root Regions
[2020-08-27T11:16:51.441+0000][21728][gc,marking   ] GC(432) Concurrent Scan Root Regions 2.156ms
[2020-08-27T11:16:51.441+0000][21728][gc,marking   ] GC(432) Concurrent Mark (129.397s)
[2020-08-27T11:16:51.441+0000][21728][gc,marking   ] GC(432) Concurrent Mark From Roots
[2020-08-27T11:16:51.441+0000][21728][gc,task      ] GC(432) Using 2 workers of 2 for marking
[2020-08-27T11:16:51.538+0000][21728][gc,marking   ] GC(432) Concurrent Mark From Roots 96.884ms
[2020-08-27T11:16:51.538+0000][21728][gc,marking   ] GC(432) Concurrent Preclean
[2020-08-27T11:16:51.538+0000][21728][gc,marking   ] GC(432) Concurrent Preclean 0.357ms
[2020-08-27T11:16:51.538+0000][21728][gc,marking   ] GC(432) Concurrent Mark (129.397s, 129.494s) 97.365ms
[2020-08-27T11:16:51.538+0000][21728][gc,start     ] GC(432) Pause Remark
[2020-08-27T11:16:51.544+0000][21728][gc           ] GC(432) Pause Remark 270M->270M(1024M) 5.052ms
[2020-08-27T11:16:51.544+0000][21728][gc,cpu       ] GC(432) User=0.00s Sys=0.00s Real=0.01s
[2020-08-27T11:16:51.544+0000][21728][safepoint    ] Safepoint "G1Concurrent", Time since last: 100205800 ns, Reaching safepoint: 131600 ns, At safepoint: 5262900 ns, Total: 5394500 ns
[2020-08-27T11:16:51.544+0000][21728][gc,marking   ] GC(432) Concurrent Rebuild Remembered Sets
[2020-08-27T11:16:51.610+0000][21728][gc,marking   ] GC(432) Concurrent Rebuild Remembered Sets 66.153ms
[2020-08-27T11:16:51.610+0000][21728][gc,start     ] GC(432) Pause Cleanup
[2020-08-27T11:16:51.610+0000][21728][gc           ] GC(432) Pause Cleanup 288M->288M(1024M) 0.230ms
[2020-08-27T11:16:51.610+0000][21728][gc,cpu       ] GC(432) User=0.00s Sys=0.00s Real=0.00s
[2020-08-27T11:16:51.610+0000][21728][safepoint    ] Safepoint "G1Concurrent", Time since last: 66294600 ns, Reaching safepoint: 124200 ns, At safepoint: 325500 ns, Total: 449700 ns
[2020-08-27T11:16:51.610+0000][21728][gc,marking   ] GC(432) Concurrent Cleanup for Next Mark
[2020-08-27T11:16:51.612+0000][21728][gc,marking   ] GC(432) Concurrent Cleanup for Next Mark 1.706ms
[2020-08-27T11:16:51.612+0000][21728][gc           ] GC(432) Concurrent Cycle 174.188ms
[2020-08-27T11:16:51.705+0000][21728][gc,start     ] GC(433) Pause Young (Concurrent Start) (G1 Humongous Allocation)
[2020-08-27T11:16:51.706+0000][21728][gc,task      ] GC(433) Using 8 workers of 8 for evacuation
[2020-08-27T11:16:51.706+0000][21728][gc,age       ] GC(433) Desired survivor size 33554432 bytes, new threshold 15 (max threshold 15)
[2020-08-27T11:16:51.709+0000][21728][gc,age       ] GC(433) Age table with threshold 15 (max threshold 15)
[2020-08-27T11:16:51.709+0000][21728][gc,age       ] GC(433) - age   1:    1846728 bytes,    1846728 total
[2020-08-27T11:16:51.709+0000][21728][gc,age       ] GC(433) - age   2:     402912 bytes,    2249640 total
[2020-08-27T11:16:51.709+0000][21728][gc,age       ] GC(433) - age   3:      13320 bytes,    2262960 total
[2020-08-27T11:16:51.709+0000][21728][gc,age       ] GC(433) - age   4:       2608 bytes,    2265568 total
[2020-08-27T11:16:51.709+0000][21728][gc,age       ] GC(433) - age   5:      10784 bytes,    2276352 total
[2020-08-27T11:16:51.709+0000][21728][gc,age       ] GC(433) - age   6:        872 bytes,    2277224 total
[2020-08-27T11:16:51.709+0000][21728][gc,age       ] GC(433) - age   7:        664 bytes,    2277888 total
[2020-08-27T11:16:51.709+0000][21728][gc,age       ] GC(433) - age   8:      13240 bytes,    2291128 total
[2020-08-27T11:16:51.709+0000][21728][gc,age       ] GC(433) - age   9:       2712 bytes,    2293840 total
[2020-08-27T11:16:51.709+0000][21728][gc,age       ] GC(433) - age  10:     147544 bytes,    2441384 total
[2020-08-27T11:16:51.709+0000][21728][gc,age       ] GC(433) - age  11:      12608 bytes,    2453992 total
[2020-08-27T11:16:51.709+0000][21728][gc,age       ] GC(433) - age  12:       9480 bytes,    2463472 total
[2020-08-27T11:16:51.709+0000][21728][gc,age       ] GC(433) - age  13:     454696 bytes,    2918168 total
[2020-08-27T11:16:51.709+0000][21728][gc,age       ] GC(433) - age  14:      14592 bytes,    2932760 total
[2020-08-27T11:16:51.710+0000][21728][gc,age       ] GC(433) - age  15:        344 bytes,    2933104 total
[2020-08-27T11:16:51.710+0000][21728][gc,phases    ] GC(433)   Pre Evacuate Collection Set: 0.4ms
[2020-08-27T11:16:51.710+0000][21728][gc,phases    ] GC(433)   Merge Heap Roots: 0.1ms
[2020-08-27T11:16:51.710+0000][21728][gc,phases    ] GC(433)   Evacuate Collection Set: 2.2ms
[2020-08-27T11:16:51.710+0000][21728][gc,phases    ] GC(433)   Post Evacuate Collection Set: 0.8ms
[2020-08-27T11:16:51.710+0000][21728][gc,phases    ] GC(433)   Other: 0.7ms
[2020-08-27T11:16:51.710+0000][21728][gc,heap      ] GC(433) Eden regions: 23->0(505)
[2020-08-27T11:16:51.710+0000][21728][gc,heap      ] GC(433) Survivor regions: 2->3(64)
[2020-08-27T11:16:51.710+0000][21728][gc,heap      ] GC(433) Old regions: 79->80
[2020-08-27T11:16:51.710+0000][21728][gc,heap      ] GC(433) Archive regions: 0->0
[2020-08-27T11:16:51.710+0000][21728][gc,heap      ] GC(433) Humongous regions: 228->174
[2020-08-27T11:16:51.710+0000][21728][gc,metaspace ] GC(433) Metaspace: 87772K(94080K)->87772K(94080K) NonClass: 76608K(80384K)->76608K(80384K) Class: 11164K(13696K)->11164K(13696K)
[2020-08-27T11:16:51.710+0000][21728][gc           ] GC(433) Pause Young (Concurrent Start) (G1 Humongous Allocation) 331M->255M(1024M) 4.431ms
[2020-08-27T11:16:51.710+0000][21728][gc,cpu       ] GC(433) User=0.00s Sys=0.00s Real=0.01s
[2020-08-27T11:16:51.710+0000][21728][safepoint    ] Safepoint "G1TryInitiateConcMark", Time since last: 94732200 ns, Reaching safepoint: 251000 ns, At safepoint: 4557600 ns, Total: 4808600 ns
[2020-08-27T11:16:51.710+0000][21728][gc           ] GC(434) Concurrent Cycle
[2020-08-27T11:16:51.710+0000][21728][gc,marking   ] GC(434) Concurrent Clear Claimed Marks
[2020-08-27T11:16:51.710+0000][21728][gc,marking   ] GC(434) Concurrent Clear Claimed Marks 0.346ms
[2020-08-27T11:16:51.710+0000][21728][gc,marking   ] GC(434) Concurrent Scan Root Regions
[2020-08-27T11:16:51.713+0000][21728][gc,marking   ] GC(434) Concurrent Scan Root Regions 2.748ms
[2020-08-27T11:16:51.714+0000][21728][gc,marking   ] GC(434) Concurrent Mark (129.669s)
[2020-08-27T11:16:51.714+0000][21728][gc,marking   ] GC(434) Concurrent Mark From Roots
[2020-08-27T11:16:51.714+0000][21728][gc,task      ] GC(434) Using 2 workers of 2 for marking
[2020-08-27T11:16:51.809+0000][21728][gc,marking   ] GC(434) Concurrent Mark From Roots 95.695ms
[2020-08-27T11:16:51.809+0000][21728][gc,marking   ] GC(434) Concurrent Preclean
[2020-08-27T11:16:51.809+0000][21728][gc,marking   ] GC(434) Concurrent Preclean 0.370ms
[2020-08-27T11:16:51.809+0000][21728][gc,marking   ] GC(434) Concurrent Mark (129.669s, 129.766s) 96.187ms
[2020-08-27T11:16:51.810+0000][21728][gc,start     ] GC(434) Pause Remark
[2020-08-27T11:16:51.815+0000][21728][gc           ] GC(434) Pause Remark 286M->286M(1024M) 5.296ms
[2020-08-27T11:16:51.815+0000][21728][gc,cpu       ] GC(434) User=0.11s Sys=0.02s Real=0.01s
[2020-08-27T11:16:51.815+0000][21728][safepoint    ] Safepoint "G1Concurrent", Time since last: 99562400 ns, Reaching safepoint: 146500 ns, At safepoint: 5463100 ns, Total: 5609600 ns
[2020-08-27T11:16:51.815+0000][21728][gc,marking   ] GC(434) Concurrent Rebuild Remembered Sets
[2020-08-27T11:16:51.888+0000][21728][gc,marking   ] GC(434) Concurrent Rebuild Remembered Sets 73.144ms
[2020-08-27T11:16:51.889+0000][21728][gc,start     ] GC(434) Pause Cleanup
[2020-08-27T11:16:51.889+0000][21728][gc           ] GC(434) Pause Cleanup 359M->359M(1024M) 0.303ms
[2020-08-27T11:16:51.889+0000][21728][gc,cpu       ] GC(434) User=0.00s Sys=0.00s Real=0.00s
[2020-08-27T11:16:51.889+0000][21728][safepoint    ] Safepoint "G1Concurrent", Time since last: 73480200 ns, Reaching safepoint: 154400 ns, At safepoint: 462500 ns, Total: 616900 ns
[2020-08-27T11:16:51.889+0000][21728][gc,marking   ] GC(434) Concurrent Cleanup for Next Mark
[2020-08-27T11:16:51.891+0000][21728][gc,marking   ] GC(434) Concurrent Cleanup for Next Mark 1.805ms
[2020-08-27T11:16:51.891+0000][21728][gc           ] GC(434) Concurrent Cycle 181.258ms
[2020-08-27T11:16:52.086+0000][21728][gc,start     ] GC(435) Pause Young (Concurrent Start) (G1 Humongous Allocation)
[2020-08-27T11:16:52.086+0000][21728][gc,task      ] GC(435) Using 8 workers of 8 for evacuation
[2020-08-27T11:16:52.086+0000][21728][gc,age       ] GC(435) Desired survivor size 33554432 bytes, new threshold 15 (max threshold 15)
[2020-08-27T11:16:52.089+0000][21728][gc,age       ] GC(435) Age table with threshold 15 (max threshold 15)
[2020-08-27T11:16:52.089+0000][21728][gc,age       ] GC(435) - age   1:    2690984 bytes,    2690984 total
[2020-08-27T11:16:52.089+0000][21728][gc,age       ] GC(435) - age   2:       2112 bytes,    2693096 total
[2020-08-27T11:16:52.089+0000][21728][gc,age       ] GC(435) - age   3:       1408 bytes,    2694504 total
[2020-08-27T11:16:52.089+0000][21728][gc,age       ] GC(435) - age   4:       8568 bytes,    2703072 total
[2020-08-27T11:16:52.089+0000][21728][gc,age       ] GC(435) - age   5:       1760 bytes,    2704832 total
[2020-08-27T11:16:52.089+0000][21728][gc,age       ] GC(435) - age   6:      10104 bytes,    2714936 total
[2020-08-27T11:16:52.089+0000][21728][gc,age       ] GC(435) - age   7:        872 bytes,    2715808 total
[2020-08-27T11:16:52.089+0000][21728][gc,age       ] GC(435) - age   8:        664 bytes,    2716472 total
[2020-08-27T11:16:52.089+0000][21728][gc,age       ] GC(435) - age   9:      13240 bytes,    2729712 total
[2020-08-27T11:16:52.089+0000][21728][gc,age       ] GC(435) - age  10:       2712 bytes,    2732424 total
[2020-08-27T11:16:52.089+0000][21728][gc,age       ] GC(435) - age  11:     147480 bytes,    2879904 total
[2020-08-27T11:16:52.089+0000][21728][gc,age       ] GC(435) - age  12:      12576 bytes,    2892480 total
[2020-08-27T11:16:52.089+0000][21728][gc,age       ] GC(435) - age  13:       9480 bytes,    2901960 total
[2020-08-27T11:16:52.089+0000][21728][gc,age       ] GC(435) - age  14:     452280 bytes,    3354240 total
[2020-08-27T11:16:52.089+0000][21728][gc,age       ] GC(435) - age  15:      14592 bytes,    3368832 total
[2020-08-27T11:16:52.089+0000][21728][gc,phases    ] GC(435)   Pre Evacuate Collection Set: 0.3ms
[2020-08-27T11:16:52.089+0000][21728][gc,phases    ] GC(435)   Merge Heap Roots: 0.1ms
[2020-08-27T11:16:52.089+0000][21728][gc,phases    ] GC(435)   Evacuate Collection Set: 1.9ms
[2020-08-27T11:16:52.089+0000][21728][gc,phases    ] GC(435)   Post Evacuate Collection Set: 0.6ms
[2020-08-27T11:16:52.089+0000][21728][gc,phases    ] GC(435)   Other: 0.7ms
[2020-08-27T11:16:52.089+0000][21728][gc,heap      ] GC(435) Eden regions: 37->0(503)
[2020-08-27T11:16:52.089+0000][21728][gc,heap      ] GC(435) Survivor regions: 3->4(64)
[2020-08-27T11:16:52.089+0000][21728][gc,heap      ] GC(435) Old regions: 80->80
[2020-08-27T11:16:52.089+0000][21728][gc,heap      ] GC(435) Archive regions: 0->0
[2020-08-27T11:16:52.089+0000][21728][gc,heap      ] GC(435) Humongous regions: 254->174
[2020-08-27T11:16:52.090+0000][21728][gc,metaspace ] GC(435) Metaspace: 87781K(94080K)->87781K(94080K) NonClass: 76617K(80384K)->76617K(80384K) Class: 11164K(13696K)->11164K(13696K)
[2020-08-27T11:16:52.090+0000][21728][gc           ] GC(435) Pause Young (Concurrent Start) (G1 Humongous Allocation) 372M->256M(1024M) 3.857ms
[2020-08-27T11:16:52.090+0000][21728][gc,cpu       ] GC(435) User=0.00s Sys=0.00s Real=0.00s
[2020-08-27T11:16:52.090+0000][21728][safepoint    ] Safepoint "G1TryInitiateConcMark", Time since last: 196249900 ns, Reaching safepoint: 162700 ns, At safepoint: 4005300 ns, Total: 4168000 ns
[2020-08-27T11:16:52.090+0000][21728][gc           ] GC(436) Concurrent Cycle
[2020-08-27T11:16:52.090+0000][21728][gc,marking   ] GC(436) Concurrent Clear Claimed Marks
[2020-08-27T11:16:52.090+0000][21728][gc,marking   ] GC(436) Concurrent Clear Claimed Marks 0.382ms
[2020-08-27T11:16:52.090+0000][21728][gc,marking   ] GC(436) Concurrent Scan Root Regions
[2020-08-27T11:16:52.094+0000][21728][gc,marking   ] GC(436) Concurrent Scan Root Regions 3.750ms
[2020-08-27T11:16:52.094+0000][21728][gc,marking   ] GC(436) Concurrent Mark (130.050s)
[2020-08-27T11:16:52.094+0000][21728][gc,marking   ] GC(436) Concurrent Mark From Roots
[2020-08-27T11:16:52.094+0000][21728][gc,task      ] GC(436) Using 2 workers of 2 for marking
[2020-08-27T11:16:52.198+0000][21728][gc,marking   ] GC(436) Concurrent Mark From Roots 104.139ms
[2020-08-27T11:16:52.198+0000][21728][gc,marking   ] GC(436) Concurrent Preclean
[2020-08-27T11:16:52.199+0000][21728][gc,marking   ] GC(436) Concurrent Preclean 0.510ms
[2020-08-27T11:16:52.199+0000][21728][gc,marking   ] GC(436) Concurrent Mark (130.050s, 130.155s) 104.789ms
[2020-08-27T11:16:52.199+0000][21728][gc,start     ] GC(436) Pause Remark
[2020-08-27T11:16:52.204+0000][21728][gc           ] GC(436) Pause Remark 318M->318M(1024M) 5.403ms
[2020-08-27T11:16:52.205+0000][21728][gc,cpu       ] GC(436) User=0.13s Sys=0.00s Real=0.01s
[2020-08-27T11:16:52.205+0000][21728][safepoint    ] Safepoint "G1Concurrent", Time since last: 109166300 ns, Reaching safepoint: 158600 ns, At safepoint: 5653100 ns, Total: 5811700 ns
[2020-08-27T11:16:52.205+0000][21728][gc,marking   ] GC(436) Concurrent Rebuild Remembered Sets
[2020-08-27T11:16:52.275+0000][21728][gc,marking   ] GC(436) Concurrent Rebuild Remembered Sets 70.283ms
[2020-08-27T11:16:52.275+0000][21728][gc,start     ] GC(436) Pause Cleanup
[2020-08-27T11:16:52.276+0000][21728][gc           ] GC(436) Pause Cleanup 388M->388M(1024M) 0.309ms
[2020-08-27T11:16:52.276+0000][21728][gc,cpu       ] GC(436) User=0.00s Sys=0.00s Real=0.00s
[2020-08-27T11:16:52.276+0000][21728][safepoint    ] Safepoint "G1Concurrent", Time since last: 70487900 ns, Reaching safepoint: 130400 ns, At safepoint: 454900 ns, Total: 585300 ns
[2020-08-27T11:16:52.276+0000][21728][gc,marking   ] GC(436) Concurrent Cleanup for Next Mark
[2020-08-27T11:16:52.277+0000][21728][gc,marking   ] GC(436) Concurrent Cleanup for Next Mark 1.704ms
[2020-08-27T11:16:52.278+0000][21728][gc           ] GC(436) Concurrent Cycle 188.102ms
[2020-08-27T11:16:52.381+0000][21728][gc,start     ] GC(437) Pause Young (Concurrent Start) (G1 Humongous Allocation)
[2020-08-27T11:16:52.381+0000][21728][gc,task      ] GC(437) Using 8 workers of 8 for evacuation
[2020-08-27T11:16:52.381+0000][21728][gc,age       ] GC(437) Desired survivor size 33554432 bytes, new threshold 15 (max threshold 15)
[2020-08-27T11:16:52.384+0000][21728][gc,age       ] GC(437) Age table with threshold 15 (max threshold 15)
[2020-08-27T11:16:52.384+0000][21728][gc,age       ] GC(437) - age   1:    1030424 bytes,    1030424 total
[2020-08-27T11:16:52.384+0000][21728][gc,age       ] GC(437) - age   2:      14616 bytes,    1045040 total
[2020-08-27T11:16:52.384+0000][21728][gc,age       ] GC(437) - age   3:       2016 bytes,    1047056 total
[2020-08-27T11:16:52.384+0000][21728][gc,age       ] GC(437) - age   4:        440 bytes,    1047496 total
[2020-08-27T11:16:52.384+0000][21728][gc,age       ] GC(437) - age   5:       8536 bytes,    1056032 total
[2020-08-27T11:16:52.384+0000][21728][gc,age       ] GC(437) - age   6:       1624 bytes,    1057656 total
[2020-08-27T11:16:52.384+0000][21728][gc,age       ] GC(437) - age   7:      10104 bytes,    1067760 total
[2020-08-27T11:16:52.384+0000][21728][gc,age       ] GC(437) - age   8:        872 bytes,    1068632 total
[2020-08-27T11:16:52.384+0000][21728][gc,age       ] GC(437) - age   9:        664 bytes,    1069296 total
[2020-08-27T11:16:52.384+0000][21728][gc,age       ] GC(437) - age  10:      13240 bytes,    1082536 total
[2020-08-27T11:16:52.384+0000][21728][gc,age       ] GC(437) - age  11:       2712 bytes,    1085248 total
[2020-08-27T11:16:52.384+0000][21728][gc,age       ] GC(437) - age  12:     147448 bytes,    1232696 total
[2020-08-27T11:16:52.385+0000][21728][gc,age       ] GC(437) - age  13:      12576 bytes,    1245272 total
[2020-08-27T11:16:52.385+0000][21728][gc,age       ] GC(437) - age  14:       9480 bytes,    1254752 total
[2020-08-27T11:16:52.385+0000][21728][gc,age       ] GC(437) - age  15:     452280 bytes,    1707032 total
[2020-08-27T11:16:52.385+0000][21728][gc,phases    ] GC(437)   Pre Evacuate Collection Set: 0.4ms
[2020-08-27T11:16:52.385+0000][21728][gc,phases    ] GC(437)   Merge Heap Roots: 0.1ms
[2020-08-27T11:16:52.385+0000][21728][gc,phases    ] GC(437)   Evacuate Collection Set: 1.8ms
[2020-08-27T11:16:52.385+0000][21728][gc,phases    ] GC(437)   Post Evacuate Collection Set: 0.7ms
[2020-08-27T11:16:52.385+0000][21728][gc,phases    ] GC(437)   Other: 0.7ms
[2020-08-27T11:16:52.385+0000][21728][gc,heap      ] GC(437) Eden regions: 35->0(506)
[2020-08-27T11:16:52.385+0000][21728][gc,heap      ] GC(437) Survivor regions: 4->2(64)
[2020-08-27T11:16:52.385+0000][21728][gc,heap      ] GC(437) Old regions: 80->80
[2020-08-27T11:16:52.385+0000][21728][gc,heap      ] GC(437) Archive regions: 0->0
[2020-08-27T11:16:52.385+0000][21728][gc,heap      ] GC(437) Humongous regions: 278->174
[2020-08-27T11:16:52.385+0000][21728][gc,metaspace ] GC(437) Metaspace: 87781K(94080K)->87781K(94080K) NonClass: 76617K(80384K)->76617K(80384K) Class: 11164K(13696K)->11164K(13696K)
[2020-08-27T11:16:52.385+0000][21728][gc           ] GC(437) Pause Young (Concurrent Start) (G1 Humongous Allocation) 394M->254M(1024M) 3.804ms
[2020-08-27T11:16:52.385+0000][21728][gc,cpu       ] GC(437) User=0.00s Sys=0.00s Real=0.00s
[2020-08-27T11:16:52.385+0000][21728][safepoint    ] Safepoint "G1TryInitiateConcMark", Time since last: 105203300 ns, Reaching safepoint: 147700 ns, At safepoint: 3953300 ns, Total: 4101000 ns
[2020-08-27T11:16:52.385+0000][21728][gc           ] GC(438) Concurrent Cycle
[2020-08-27T11:16:52.385+0000][21728][gc,marking   ] GC(438) Concurrent Clear Claimed Marks
[2020-08-27T11:16:52.385+0000][21728][gc,marking   ] GC(438) Concurrent Clear Claimed Marks 0.360ms
[2020-08-27T11:16:52.385+0000][21728][gc,marking   ] GC(438) Concurrent Scan Root Regions
[2020-08-27T11:16:52.388+0000][21728][gc,marking   ] GC(438) Concurrent Scan Root Regions 2.055ms
[2020-08-27T11:16:52.388+0000][21728][gc,marking   ] GC(438) Concurrent Mark (130.344s)
[2020-08-27T11:16:52.388+0000][21728][gc,marking   ] GC(438) Concurrent Mark From Roots
[2020-08-27T11:16:52.388+0000][21728][gc,task      ] GC(438) Using 2 workers of 2 for marking
[2020-08-27T11:16:52.480+0000][21728][gc,marking   ] GC(438) Concurrent Mark From Roots 92.824ms
[2020-08-27T11:16:52.481+0000][21728][gc,marking   ] GC(438) Concurrent Preclean
[2020-08-27T11:16:52.481+0000][21728][gc,marking   ] GC(438) Concurrent Preclean 0.369ms
[2020-08-27T11:16:52.481+0000][21728][gc,marking   ] GC(438) Concurrent Mark (130.344s, 130.437s) 93.366ms
[2020-08-27T11:16:52.481+0000][21728][gc,start     ] GC(438) Pause Remark
[2020-08-27T11:16:52.488+0000][21728][gc           ] GC(438) Pause Remark 269M->269M(1024M) 6.850ms
[2020-08-27T11:16:52.488+0000][21728][gc,cpu       ] GC(438) User=0.11s Sys=0.00s Real=0.01s
[2020-08-27T11:16:52.488+0000][21728][safepoint    ] Safepoint "G1Concurrent", Time since last: 96005700 ns, Reaching safepoint: 195200 ns, At safepoint: 7040000 ns, Total: 7235200 ns
[2020-08-27T11:16:52.488+0000][21728][gc,marking   ] GC(438) Concurrent Rebuild Remembered Sets
[2020-08-27T11:16:52.563+0000][21728][gc,marking   ] GC(438) Concurrent Rebuild Remembered Sets 74.840ms
[2020-08-27T11:16:52.563+0000][21728][gc,start     ] GC(438) Pause Cleanup
[2020-08-27T11:16:52.564+0000][21728][gc           ] GC(438) Pause Cleanup 286M->286M(1024M) 0.296ms
[2020-08-27T11:16:52.564+0000][21728][gc,cpu       ] GC(438) User=0.03s Sys=0.00s Real=0.00s
[2020-08-27T11:16:52.564+0000][21728][safepoint    ] Safepoint "G1Concurrent", Time since last: 74991500 ns, Reaching safepoint: 225700 ns, At safepoint: 475100 ns, Total: 700800 ns
[2020-08-27T11:16:52.564+0000][21728][gc,marking   ] GC(438) Concurrent Cleanup for Next Mark
[2020-08-27T11:16:52.566+0000][21728][gc,marking   ] GC(438) Concurrent Cleanup for Next Mark 1.593ms
[2020-08-27T11:16:52.566+0000][21728][gc           ] GC(438) Concurrent Cycle 180.685ms
[2020-08-27T11:16:52.732+0000][21728][gc,start     ] GC(439) Pause Young (Concurrent Start) (G1 Humongous Allocation)
[2020-08-27T11:16:52.733+0000][21728][gc,task      ] GC(439) Using 8 workers of 8 for evacuation
[2020-08-27T11:16:52.733+0000][21728][gc,age       ] GC(439) Desired survivor size 33554432 bytes, new threshold 15 (max threshold 15)
[2020-08-27T11:16:52.736+0000][21728][gc,age       ] GC(439) Age table with threshold 15 (max threshold 15)
[2020-08-27T11:16:52.736+0000][21728][gc,age       ] GC(439) - age   1:    1911600 bytes,    1911600 total
[2020-08-27T11:16:52.736+0000][21728][gc,age       ] GC(439) - age   2:     407120 bytes,    2318720 total
[2020-08-27T11:16:52.736+0000][21728][gc,age       ] GC(439) - age   3:      10544 bytes,    2329264 total
[2020-08-27T11:16:52.736+0000][21728][gc,age       ] GC(439) - age   4:       1416 bytes,    2330680 total
[2020-08-27T11:16:52.736+0000][21728][gc,age       ] GC(439) - age   5:        216 bytes,    2330896 total
[2020-08-27T11:16:52.736+0000][21728][gc,age       ] GC(439) - age   6:       8312 bytes,    2339208 total
[2020-08-27T11:16:52.736+0000][21728][gc,age       ] GC(439) - age   7:       1432 bytes,    2340640 total
[2020-08-27T11:16:52.736+0000][21728][gc,age       ] GC(439) - age   8:       9880 bytes,    2350520 total
[2020-08-27T11:16:52.736+0000][21728][gc,age       ] GC(439) - age   9:        872 bytes,    2351392 total
[2020-08-27T11:16:52.736+0000][21728][gc,age       ] GC(439) - age  10:        664 bytes,    2352056 total
[2020-08-27T11:16:52.736+0000][21728][gc,age       ] GC(439) - age  11:      13240 bytes,    2365296 total
[2020-08-27T11:16:52.736+0000][21728][gc,age       ] GC(439) - age  12:       2712 bytes,    2368008 total
[2020-08-27T11:16:52.736+0000][21728][gc,age       ] GC(439) - age  13:     147448 bytes,    2515456 total
[2020-08-27T11:16:52.736+0000][21728][gc,age       ] GC(439) - age  14:      12448 bytes,    2527904 total
[2020-08-27T11:16:52.736+0000][21728][gc,age       ] GC(439) - age  15:       9480 bytes,    2537384 total
[2020-08-27T11:16:52.736+0000][21728][gc,phases    ] GC(439)   Pre Evacuate Collection Set: 0.3ms
[2020-08-27T11:16:52.736+0000][21728][gc,phases    ] GC(439)   Merge Heap Roots: 0.1ms
[2020-08-27T11:16:52.736+0000][21728][gc,phases    ] GC(439)   Evacuate Collection Set: 1.9ms
[2020-08-27T11:16:52.736+0000][21728][gc,phases    ] GC(439)   Post Evacuate Collection Set: 0.7ms
[2020-08-27T11:16:52.736+0000][21728][gc,phases    ] GC(439)   Other: 0.7ms
[2020-08-27T11:16:52.736+0000][21728][gc,heap      ] GC(439) Eden regions: 23->0(505)
[2020-08-27T11:16:52.736+0000][21728][gc,heap      ] GC(439) Survivor regions: 2->3(64)
[2020-08-27T11:16:52.736+0000][21728][gc,heap      ] GC(439) Old regions: 80->80
[2020-08-27T11:16:52.736+0000][21728][gc,heap      ] GC(439) Archive regions: 0->0
[2020-08-27T11:16:52.736+0000][21728][gc,heap      ] GC(439) Humongous regions: 227->174
[2020-08-27T11:16:52.736+0000][21728][gc,metaspace ] GC(439) Metaspace: 87781K(94080K)->87781K(94080K) NonClass: 76617K(80384K)->76617K(80384K) Class: 11164K(13696K)->11164K(13696K)
[2020-08-27T11:16:52.736+0000][21728][gc           ] GC(439) Pause Young (Concurrent Start) (G1 Humongous Allocation) 330M->256M(1024M) 3.832ms
[2020-08-27T11:16:52.736+0000][21728][gc,cpu       ] GC(439) User=0.13s Sys=0.00s Real=0.00s
[2020-08-27T11:16:52.736+0000][21728][gc           ] GC(440) Concurrent Cycle
[2020-08-27T11:16:52.736+0000][21728][safepoint    ] Safepoint "G1TryInitiateConcMark", Time since last: 168258900 ns, Reaching safepoint: 211100 ns, At safepoint: 3990000 ns, Total: 4201100 ns
[2020-08-27T11:16:52.736+0000][21728][gc,marking   ] GC(440) Concurrent Clear Claimed Marks
[2020-08-27T11:16:52.737+0000][21728][gc,marking   ] GC(440) Concurrent Clear Claimed Marks 0.395ms
[2020-08-27T11:16:52.737+0000][21728][gc,marking   ] GC(440) Concurrent Scan Root Regions
[2020-08-27T11:16:52.739+0000][21728][gc,marking   ] GC(440) Concurrent Scan Root Regions 1.940ms
[2020-08-27T11:16:52.739+0000][21728][gc,marking   ] GC(440) Concurrent Mark (130.695s)
[2020-08-27T11:16:52.739+0000][21728][gc,marking   ] GC(440) Concurrent Mark From Roots
[2020-08-27T11:16:52.739+0000][21728][gc,task      ] GC(440) Using 2 workers of 2 for marking
[2020-08-27T11:16:52.868+0000][21728][gc,marking   ] GC(440) Concurrent Mark From Roots 129.023ms
[2020-08-27T11:16:52.868+0000][21728][gc,marking   ] GC(440) Concurrent Preclean
[2020-08-27T11:16:52.868+0000][21728][gc,marking   ] GC(440) Concurrent Preclean 0.448ms
[2020-08-27T11:16:52.868+0000][21728][gc,marking   ] GC(440) Concurrent Mark (130.695s, 130.825s) 129.606ms
[2020-08-27T11:16:52.869+0000][21728][gc,start     ] GC(440) Pause Remark
[2020-08-27T11:16:52.874+0000][21728][gc           ] GC(440) Pause Remark 289M->289M(1024M) 5.624ms
[2020-08-27T11:16:52.874+0000][21728][gc,cpu       ] GC(440) User=0.00s Sys=0.00s Real=0.01s
[2020-08-27T11:16:52.874+0000][21728][safepoint    ] Safepoint "G1Concurrent", Time since last: 132127700 ns, Reaching safepoint: 177400 ns, At safepoint: 5791700 ns, Total: 5969100 ns
[2020-08-27T11:16:52.875+0000][21728][gc,marking   ] GC(440) Concurrent Rebuild Remembered Sets
[2020-08-27T11:16:52.955+0000][21728][gc,marking   ] GC(440) Concurrent Rebuild Remembered Sets 80.270ms
[2020-08-27T11:16:52.955+0000][21728][gc,start     ] GC(440) Pause Cleanup
[2020-08-27T11:16:52.955+0000][21728][gc           ] GC(440) Pause Cleanup 360M->360M(1024M) 0.225ms
[2020-08-27T11:16:52.955+0000][21728][gc,cpu       ] GC(440) User=0.00s Sys=0.00s Real=0.00s
[2020-08-27T11:16:52.955+0000][21728][safepoint    ] Safepoint "G1Concurrent", Time since last: 80457500 ns, Reaching safepoint: 138300 ns, At safepoint: 369800 ns, Total: 508100 ns
[2020-08-27T11:16:52.956+0000][21728][gc,marking   ] GC(440) Concurrent Cleanup for Next Mark
[2020-08-27T11:16:52.957+0000][21728][gc,marking   ] GC(440) Concurrent Cleanup for Next Mark 1.421ms
[2020-08-27T11:16:52.957+0000][21728][gc           ] GC(440) Concurrent Cycle 220.667ms
[2020-08-27T11:16:53.121+0000][21728][gc,start     ] GC(441) Pause Young (Concurrent Start) (G1 Humongous Allocation)
[2020-08-27T11:16:53.121+0000][21728][gc,task      ] GC(441) Using 8 workers of 8 for evacuation
[2020-08-27T11:16:53.121+0000][21728][gc,age       ] GC(441) Desired survivor size 33554432 bytes, new threshold 15 (max threshold 15)
[2020-08-27T11:16:53.125+0000][21728][gc,age       ] GC(441) Age table with threshold 15 (max threshold 15)
[2020-08-27T11:16:53.125+0000][21728][gc,age       ] GC(441) - age   1:    3110816 bytes,    3110816 total
[2020-08-27T11:16:53.125+0000][21728][gc,age       ] GC(441) - age   2:     106912 bytes,    3217728 total
[2020-08-27T11:16:53.125+0000][21728][gc,age       ] GC(441) - age   3:     406672 bytes,    3624400 total
[2020-08-27T11:16:53.125+0000][21728][gc,age       ] GC(441) - age   4:       7032 bytes,    3631432 total
[2020-08-27T11:16:53.125+0000][21728][gc,age       ] GC(441) - age   5:       1224 bytes,    3632656 total
[2020-08-27T11:16:53.125+0000][21728][gc,age       ] GC(441) - age   6:        152 bytes,    3632808 total
[2020-08-27T11:16:53.125+0000][21728][gc,age       ] GC(441) - age   7:       5856 bytes,    3638664 total
[2020-08-27T11:16:53.125+0000][21728][gc,age       ] GC(441) - age   8:       1072 bytes,    3639736 total
[2020-08-27T11:16:53.125+0000][21728][gc,age       ] GC(441) - age   9:       9880 bytes,    3649616 total
[2020-08-27T11:16:53.125+0000][21728][gc,age       ] GC(441) - age  10:        736 bytes,    3650352 total
[2020-08-27T11:16:53.125+0000][21728][gc,age       ] GC(441) - age  11:        600 bytes,    3650952 total
[2020-08-27T11:16:53.125+0000][21728][gc,age       ] GC(441) - age  12:      12920 bytes,    3663872 total
[2020-08-27T11:16:53.125+0000][21728][gc,age       ] GC(441) - age  13:       2712 bytes,    3666584 total
[2020-08-27T11:16:53.125+0000][21728][gc,age       ] GC(441) - age  14:      57488 bytes,    3724072 total
[2020-08-27T11:16:53.125+0000][21728][gc,age       ] GC(441) - age  15:      12448 bytes,    3736520 total
[2020-08-27T11:16:53.125+0000][21728][gc,phases    ] GC(441)   Pre Evacuate Collection Set: 0.4ms
[2020-08-27T11:16:53.125+0000][21728][gc,phases    ] GC(441)   Merge Heap Roots: 0.1ms
[2020-08-27T11:16:53.125+0000][21728][gc,phases    ] GC(441)   Evacuate Collection Set: 2.1ms
[2020-08-27T11:16:53.125+0000][21728][gc,phases    ] GC(441)   Post Evacuate Collection Set: 0.6ms
[2020-08-27T11:16:53.125+0000][21728][gc,phases    ] GC(441)   Other: 0.7ms
[2020-08-27T11:16:53.125+0000][21728][gc,heap      ] GC(441) Eden regions: 38->0(503)
[2020-08-27T11:16:53.125+0000][21728][gc,heap      ] GC(441) Survivor regions: 3->4(64)
[2020-08-27T11:16:53.125+0000][21728][gc,heap      ] GC(441) Old regions: 80->80
[2020-08-27T11:16:53.125+0000][21728][gc,heap      ] GC(441) Archive regions: 0->0
[2020-08-27T11:16:53.125+0000][21728][gc,heap      ] GC(441) Humongous regions: 255->174
[2020-08-27T11:16:53.125+0000][21728][gc,metaspace ] GC(441) Metaspace: 88105K(94464K)->88105K(94464K) NonClass: 76891K(80640K)->76891K(80640K) Class: 11213K(13824K)->11213K(13824K)
[2020-08-27T11:16:53.125+0000][21728][gc           ] GC(441) Pause Young (Concurrent Start) (G1 Humongous Allocation) 374M->257M(1024M) 4.065ms
[2020-08-27T11:16:53.126+0000][21728][gc,cpu       ] GC(441) User=0.00s Sys=0.00s Real=0.00s
[2020-08-27T11:16:53.126+0000][21728][safepoint    ] Safepoint "G1TryInitiateConcMark", Time since last: 165704000 ns, Reaching safepoint: 172900 ns, At safepoint: 4241100 ns, Total: 4414000 ns
[2020-08-27T11:16:53.126+0000][21728][gc           ] GC(442) Concurrent Cycle
[2020-08-27T11:16:53.126+0000][21728][gc,marking   ] GC(442) Concurrent Clear Claimed Marks
[2020-08-27T11:16:53.126+0000][21728][gc,marking   ] GC(442) Concurrent Clear Claimed Marks 0.584ms
[2020-08-27T11:16:53.126+0000][21728][gc,marking   ] GC(442) Concurrent Scan Root Regions
[2020-08-27T11:16:53.129+0000][21728][gc,marking   ] GC(442) Concurrent Scan Root Regions 3.043ms
[2020-08-27T11:16:53.130+0000][21728][gc,marking   ] GC(442) Concurrent Mark (131.086s)
[2020-08-27T11:16:53.130+0000][21728][gc,marking   ] GC(442) Concurrent Mark From Roots
[2020-08-27T11:16:53.130+0000][21728][gc,task      ] GC(442) Using 2 workers of 2 for marking
[2020-08-27T11:16:53.242+0000][21728][gc,marking   ] GC(442) Concurrent Mark From Roots 112.411ms
[2020-08-27T11:16:53.242+0000][21728][gc,marking   ] GC(442) Concurrent Preclean
[2020-08-27T11:16:53.243+0000][21728][gc,marking   ] GC(442) Concurrent Preclean 0.441ms
[2020-08-27T11:16:53.243+0000][21728][gc,marking   ] GC(442) Concurrent Mark (131.086s, 131.199s) 113.020ms
[2020-08-27T11:16:53.243+0000][21728][gc,start     ] GC(442) Pause Remark
[2020-08-27T11:16:53.249+0000][21728][gc           ] GC(442) Pause Remark 321M->321M(1024M) 5.965ms
[2020-08-27T11:16:53.249+0000][21728][gc,cpu       ] GC(442) User=0.00s Sys=0.00s Real=0.01s
[2020-08-27T11:16:53.249+0000][21728][safepoint    ] Safepoint "G1Concurrent", Time since last: 117085700 ns, Reaching safepoint: 137600 ns, At safepoint: 6210800 ns, Total: 6348400 ns
[2020-08-27T11:16:53.249+0000][21728][gc,marking   ] GC(442) Concurrent Rebuild Remembered Sets
[2020-08-27T11:16:53.329+0000][21728][gc,marking   ] GC(442) Concurrent Rebuild Remembered Sets 79.719ms
[2020-08-27T11:16:53.329+0000][21728][gc,start     ] GC(442) Pause Cleanup
[2020-08-27T11:16:53.330+0000][21728][gc           ] GC(442) Pause Cleanup 327M->327M(1024M) 0.315ms
[2020-08-27T11:16:53.330+0000][21728][gc,cpu       ] GC(442) User=0.00s Sys=0.00s Real=0.00s
[2020-08-27T11:16:53.330+0000][21728][safepoint    ] Safepoint "G1Concurrent", Time since last: 79920600 ns, Reaching safepoint: 293100 ns, At safepoint: 497900 ns, Total: 791000 ns
[2020-08-27T11:16:53.330+0000][21728][gc,marking   ] GC(442) Concurrent Cleanup for Next Mark
[2020-08-27T11:16:53.332+0000][21728][gc,marking   ] GC(442) Concurrent Cleanup for Next Mark 1.825ms
[2020-08-27T11:16:53.332+0000][21728][gc           ] GC(442) Concurrent Cycle 206.176ms
[2020-08-27T11:16:53.340+0000][21728][gc,start     ] GC(443) Pause Young (Concurrent Start) (G1 Humongous Allocation)
[2020-08-27T11:16:53.340+0000][21728][gc,task      ] GC(443) Using 8 workers of 8 for evacuation
[2020-08-27T11:16:53.341+0000][21728][gc,age       ] GC(443) Desired survivor size 33554432 bytes, new threshold 15 (max threshold 15)
[2020-08-27T11:16:53.344+0000][21728][gc,age       ] GC(443) Age table with threshold 15 (max threshold 15)
[2020-08-27T11:16:53.344+0000][21728][gc,age       ] GC(443) - age   1:    2909976 bytes,    2909976 total
[2020-08-27T11:16:53.344+0000][21728][gc,age       ] GC(443) - age   2:     273432 bytes,    3183408 total
[2020-08-27T11:16:53.344+0000][21728][gc,age       ] GC(443) - age   3:     105880 bytes,    3289288 total
[2020-08-27T11:16:53.344+0000][21728][gc,age       ] GC(443) - age   4:     406536 bytes,    3695824 total
[2020-08-27T11:16:53.344+0000][21728][gc,age       ] GC(443) - age   5:       6760 bytes,    3702584 total
[2020-08-27T11:16:53.344+0000][21728][gc,age       ] GC(443) - age   6:       1064 bytes,    3703648 total
[2020-08-27T11:16:53.344+0000][21728][gc,age       ] GC(443) - age   7:        152 bytes,    3703800 total
[2020-08-27T11:16:53.344+0000][21728][gc,age       ] GC(443) - age   8:       5792 bytes,    3709592 total
[2020-08-27T11:16:53.344+0000][21728][gc,age       ] GC(443) - age   9:       1072 bytes,    3710664 total
[2020-08-27T11:16:53.344+0000][21728][gc,age       ] GC(443) - age  10:       9880 bytes,    3720544 total
[2020-08-27T11:16:53.344+0000][21728][gc,age       ] GC(443) - age  11:        704 bytes,    3721248 total
[2020-08-27T11:16:53.344+0000][21728][gc,age       ] GC(443) - age  12:        600 bytes,    3721848 total
[2020-08-27T11:16:53.344+0000][21728][gc,age       ] GC(443) - age  13:      12920 bytes,    3734768 total
[2020-08-27T11:16:53.344+0000][21728][gc,age       ] GC(443) - age  14:       2712 bytes,    3737480 total
[2020-08-27T11:16:53.344+0000][21728][gc,age       ] GC(443) - age  15:      57488 bytes,    3794968 total
[2020-08-27T11:16:53.344+0000][21728][gc,phases    ] GC(443)   Pre Evacuate Collection Set: 0.3ms
[2020-08-27T11:16:53.344+0000][21728][gc,phases    ] GC(443)   Merge Heap Roots: 0.1ms
[2020-08-27T11:16:53.344+0000][21728][gc,phases    ] GC(443)   Evacuate Collection Set: 2.2ms
[2020-08-27T11:16:53.344+0000][21728][gc,phases    ] GC(443)   Post Evacuate Collection Set: 0.6ms
[2020-08-27T11:16:53.345+0000][21728][gc,phases    ] GC(443)   Other: 0.9ms
[2020-08-27T11:16:53.345+0000][21728][gc,heap      ] GC(443) Eden regions: 19->0(503)
[2020-08-27T11:16:53.345+0000][21728][gc,heap      ] GC(443) Survivor regions: 4->4(64)
[2020-08-27T11:16:53.345+0000][21728][gc,heap      ] GC(443) Old regions: 80->80
[2020-08-27T11:16:53.345+0000][21728][gc,heap      ] GC(443) Archive regions: 0->0
[2020-08-27T11:16:53.345+0000][21728][gc,heap      ] GC(443) Humongous regions: 231->174
[2020-08-27T11:16:53.345+0000][21728][gc,metaspace ] GC(443) Metaspace: 88211K(94464K)->88211K(94464K) NonClass: 76973K(80640K)->76973K(80640K) Class: 11238K(13824K)->11238K(13824K)
[2020-08-27T11:16:53.345+0000][21728][gc           ] GC(443) Pause Young (Concurrent Start) (G1 Humongous Allocation) 332M->257M(1024M) 4.347ms
[2020-08-27T11:16:53.345+0000][21728][gc,cpu       ] GC(443) User=0.02s Sys=0.00s Real=0.01s
[2020-08-27T11:16:53.345+0000][21728][gc           ] GC(444) Concurrent Cycle
[2020-08-27T11:16:53.345+0000][21728][safepoint    ] Safepoint "G1TryInitiateConcMark", Time since last: 10441700 ns, Reaching safepoint: 140000 ns, At safepoint: 4529800 ns, Total: 4669800 ns
[2020-08-27T11:16:53.345+0000][21728][gc,marking   ] GC(444) Concurrent Clear Claimed Marks
[2020-08-27T11:16:53.345+0000][21728][gc,marking   ] GC(444) Concurrent Clear Claimed Marks 0.560ms
[2020-08-27T11:16:53.346+0000][21728][gc,marking   ] GC(444) Concurrent Scan Root Regions
[2020-08-27T11:16:53.349+0000][21728][gc,marking   ] GC(444) Concurrent Scan Root Regions 3.745ms
[2020-08-27T11:16:53.349+0000][21728][gc,marking   ] GC(444) Concurrent Mark (131.306s)
[2020-08-27T11:16:53.349+0000][21728][gc,marking   ] GC(444) Concurrent Mark From Roots
[2020-08-27T11:16:53.349+0000][21728][gc,task      ] GC(444) Using 2 workers of 2 for marking
[2020-08-27T11:16:53.470+0000][21728][gc,marking   ] GC(444) Concurrent Mark From Roots 120.499ms
[2020-08-27T11:16:53.470+0000][21728][gc,marking   ] GC(444) Concurrent Preclean
[2020-08-27T11:16:53.470+0000][21728][gc,marking   ] GC(444) Concurrent Preclean 0.433ms
[2020-08-27T11:16:53.471+0000][21728][gc,marking   ] GC(444) Concurrent Mark (131.306s, 131.427s) 121.093ms
[2020-08-27T11:16:53.471+0000][21728][gc,start     ] GC(444) Pause Remark
[2020-08-27T11:16:53.477+0000][21728][gc           ] GC(444) Pause Remark 323M->323M(1024M) 5.883ms
[2020-08-27T11:16:53.477+0000][21728][gc,cpu       ] GC(444) User=0.00s Sys=0.00s Real=0.01s
[2020-08-27T11:16:53.477+0000][21728][safepoint    ] Safepoint "G1Concurrent", Time since last: 125747600 ns, Reaching safepoint: 162500 ns, At safepoint: 6060700 ns, Total: 6223200 ns
[2020-08-27T11:16:53.477+0000][21728][gc,marking   ] GC(444) Concurrent Rebuild Remembered Sets
[2020-08-27T11:16:53.552+0000][21728][gc,marking   ] GC(444) Concurrent Rebuild Remembered Sets 74.693ms
[2020-08-27T11:16:53.552+0000][21728][gc,start     ] GC(444) Pause Cleanup
[2020-08-27T11:16:53.552+0000][21728][gc           ] GC(444) Pause Cleanup 328M->328M(1024M) 0.290ms
[2020-08-27T11:16:53.552+0000][21728][gc,cpu       ] GC(444) User=0.00s Sys=0.00s Real=0.00s
[2020-08-27T11:16:53.552+0000][21728][safepoint    ] Safepoint "G1Concurrent", Time since last: 74881000 ns, Reaching safepoint: 125900 ns, At safepoint: 447400 ns, Total: 573300 ns
[2020-08-27T11:16:53.552+0000][21728][gc,marking   ] GC(444) Concurrent Cleanup for Next Mark
[2020-08-27T11:16:53.554+0000][21728][gc,marking   ] GC(444) Concurrent Cleanup for Next Mark 1.262ms
[2020-08-27T11:16:53.554+0000][21728][gc           ] GC(444) Concurrent Cycle 208.880ms
[2020-08-27T11:16:53.576+0000][21728][gc,start     ] GC(445) Pause Young (Concurrent Start) (G1 Humongous Allocation)
[2020-08-27T11:16:53.576+0000][21728][gc,task      ] GC(445) Using 8 workers of 8 for evacuation
[2020-08-27T11:16:53.577+0000][21728][gc,age       ] GC(445) Desired survivor size 33554432 bytes, new threshold 15 (max threshold 15)
[2020-08-27T11:16:53.580+0000][21728][gc,age       ] GC(445) Age table with threshold 15 (max threshold 15)
[2020-08-27T11:16:53.580+0000][21728][gc,age       ] GC(445) - age   1:    2706960 bytes,    2706960 total
[2020-08-27T11:16:53.580+0000][21728][gc,age       ] GC(445) - age   2:      73488 bytes,    2780448 total
[2020-08-27T11:16:53.580+0000][21728][gc,age       ] GC(445) - age   3:     158320 bytes,    2938768 total
[2020-08-27T11:16:53.580+0000][21728][gc,age       ] GC(445) - age   4:       3016 bytes,    2941784 total
[2020-08-27T11:16:53.581+0000][21728][gc,age       ] GC(445) - age   5:       4384 bytes,    2946168 total
[2020-08-27T11:16:53.581+0000][21728][gc,age       ] GC(445) - age   6:       5312 bytes,    2951480 total
[2020-08-27T11:16:53.581+0000][21728][gc,age       ] GC(445) - age   7:       1000 bytes,    2952480 total
[2020-08-27T11:16:53.581+0000][21728][gc,age       ] GC(445) - age   8:        152 bytes,    2952632 total
[2020-08-27T11:16:53.581+0000][21728][gc,age       ] GC(445) - age   9:       5792 bytes,    2958424 total
[2020-08-27T11:16:53.581+0000][21728][gc,age       ] GC(445) - age  10:       1072 bytes,    2959496 total
[2020-08-27T11:16:53.581+0000][21728][gc,age       ] GC(445) - age  11:       9880 bytes,    2969376 total
[2020-08-27T11:16:53.581+0000][21728][gc,age       ] GC(445) - age  12:        704 bytes,    2970080 total
[2020-08-27T11:16:53.581+0000][21728][gc,age       ] GC(445) - age  13:        600 bytes,    2970680 total
[2020-08-27T11:16:53.581+0000][21728][gc,age       ] GC(445) - age  14:      12920 bytes,    2983600 total
[2020-08-27T11:16:53.581+0000][21728][gc,age       ] GC(445) - age  15:       2712 bytes,    2986312 total
[2020-08-27T11:16:53.581+0000][21728][gc,phases    ] GC(445)   Pre Evacuate Collection Set: 0.4ms
[2020-08-27T11:16:53.581+0000][21728][gc,phases    ] GC(445)   Merge Heap Roots: 0.1ms
[2020-08-27T11:16:53.581+0000][21728][gc,phases    ] GC(445)   Evacuate Collection Set: 2.3ms
[2020-08-27T11:16:53.581+0000][21728][gc,phases    ] GC(445)   Post Evacuate Collection Set: 0.8ms
[2020-08-27T11:16:53.581+0000][21728][gc,phases    ] GC(445)   Other: 0.9ms
[2020-08-27T11:16:53.581+0000][21728][gc,heap      ] GC(445) Eden regions: 19->0(502)
[2020-08-27T11:16:53.581+0000][21728][gc,heap      ] GC(445) Survivor regions: 4->4(64)
[2020-08-27T11:16:53.581+0000][21728][gc,heap      ] GC(445) Old regions: 80->80
[2020-08-27T11:16:53.581+0000][21728][gc,heap      ] GC(445) Archive regions: 0->0
[2020-08-27T11:16:53.581+0000][21728][gc,heap      ] GC(445) Humongous regions: 231->174
[2020-08-27T11:16:53.581+0000][21728][gc,metaspace ] GC(445) Metaspace: 88224K(94464K)->88224K(94464K) NonClass: 76985K(80640K)->76985K(80640K) Class: 11238K(13824K)->11238K(13824K)
[2020-08-27T11:16:53.581+0000][21728][gc           ] GC(445) Pause Young (Concurrent Start) (G1 Humongous Allocation) 333M->256M(1024M) 4.928ms
[2020-08-27T11:16:53.581+0000][21728][gc,cpu       ] GC(445) User=0.11s Sys=0.00s Real=0.01s
[2020-08-27T11:16:53.581+0000][21728][gc           ] GC(446) Concurrent Cycle
[2020-08-27T11:16:53.582+0000][21728][gc,marking   ] GC(446) Concurrent Clear Claimed Marks
[2020-08-27T11:16:53.582+0000][21728][safepoint    ] Safepoint "G1TryInitiateConcMark", Time since last: 23910700 ns, Reaching safepoint: 160200 ns, At safepoint: 5247400 ns, Total: 5407600 ns
[2020-08-27T11:16:53.582+0000][21728][gc,marking   ] GC(446) Concurrent Clear Claimed Marks 0.440ms
[2020-08-27T11:16:53.582+0000][21728][gc,marking   ] GC(446) Concurrent Scan Root Regions
[2020-08-27T11:16:53.584+0000][21728][gc,marking   ] GC(446) Concurrent Scan Root Regions 2.265ms
[2020-08-27T11:16:53.584+0000][21728][gc,marking   ] GC(446) Concurrent Mark (131.541s)
[2020-08-27T11:16:53.584+0000][21728][gc,marking   ] GC(446) Concurrent Mark From Roots
[2020-08-27T11:16:53.585+0000][21728][gc,task      ] GC(446) Using 2 workers of 2 for marking
[2020-08-27T11:16:53.704+0000][21728][gc,marking   ] GC(446) Concurrent Mark From Roots 119.156ms
[2020-08-27T11:16:53.704+0000][21728][gc,marking   ] GC(446) Concurrent Preclean
[2020-08-27T11:16:53.704+0000][21728][gc,marking   ] GC(446) Concurrent Preclean 0.551ms
[2020-08-27T11:16:53.704+0000][21728][gc,marking   ] GC(446) Concurrent Mark (131.541s, 131.660s) 119.878ms
[2020-08-27T11:16:53.705+0000][21728][gc,start     ] GC(446) Pause Remark
[2020-08-27T11:16:53.710+0000][21728][gc           ] GC(446) Pause Remark 320M->320M(1024M) 5.474ms
[2020-08-27T11:16:53.710+0000][21728][gc,cpu       ] GC(446) User=0.00s Sys=0.00s Real=0.01s
[2020-08-27T11:16:53.710+0000][21728][safepoint    ] Safepoint "G1Concurrent", Time since last: 122791300 ns, Reaching safepoint: 155600 ns, At safepoint: 5669700 ns, Total: 5825300 ns
[2020-08-27T11:16:53.710+0000][21728][gc,marking   ] GC(446) Concurrent Rebuild Remembered Sets
[2020-08-27T11:16:53.790+0000][21728][gc,marking   ] GC(446) Concurrent Rebuild Remembered Sets 79.960ms
[2020-08-27T11:16:53.791+0000][21728][gc,start     ] GC(446) Pause Cleanup
[2020-08-27T11:16:53.791+0000][21728][gc           ] GC(446) Pause Cleanup 389M->389M(1024M) 0.273ms
[2020-08-27T11:16:53.791+0000][21728][gc,cpu       ] GC(446) User=0.00s Sys=0.00s Real=0.00s
[2020-08-27T11:16:53.791+0000][21728][safepoint    ] Safepoint "G1Concurrent", Time since last: 80111800 ns, Reaching safepoint: 179300 ns, At safepoint: 407800 ns, Total: 587100 ns
[2020-08-27T11:16:53.791+0000][21728][gc,marking   ] GC(446) Concurrent Cleanup for Next Mark
[2020-08-27T11:16:53.793+0000][21728][gc,marking   ] GC(446) Concurrent Cleanup for Next Mark 1.575ms
[2020-08-27T11:16:53.793+0000][21728][gc           ] GC(446) Concurrent Cycle 211.209ms
[2020-08-27T11:16:53.882+0000][21728][gc,start     ] GC(447) Pause Young (Concurrent Start) (G1 Humongous Allocation)
[2020-08-27T11:16:53.882+0000][21728][gc,task      ] GC(447) Using 8 workers of 8 for evacuation
[2020-08-27T11:16:53.882+0000][21728][gc,age       ] GC(447) Desired survivor size 33554432 bytes, new threshold 15 (max threshold 15)
[2020-08-27T11:16:53.885+0000][21728][gc,age       ] GC(447) Age table with threshold 15 (max threshold 15)
[2020-08-27T11:16:53.885+0000][21728][gc,age       ] GC(447) - age   1:    1028096 bytes,    1028096 total
[2020-08-27T11:16:53.885+0000][21728][gc,age       ] GC(447) - age   2:      30768 bytes,    1058864 total
[2020-08-27T11:16:53.885+0000][21728][gc,age       ] GC(447) - age   3:      73168 bytes,    1132032 total
[2020-08-27T11:16:53.885+0000][21728][gc,age       ] GC(447) - age   4:     157952 bytes,    1289984 total
[2020-08-27T11:16:53.885+0000][21728][gc,age       ] GC(447) - age   5:       2088 bytes,    1292072 total
[2020-08-27T11:16:53.885+0000][21728][gc,age       ] GC(447) - age   6:       3648 bytes,    1295720 total
[2020-08-27T11:16:53.885+0000][21728][gc,age       ] GC(447) - age   7:       5216 bytes,    1300936 total
[2020-08-27T11:16:53.885+0000][21728][gc,age       ] GC(447) - age   8:        968 bytes,    1301904 total
[2020-08-27T11:16:53.885+0000][21728][gc,age       ] GC(447) - age   9:        152 bytes,    1302056 total
[2020-08-27T11:16:53.885+0000][21728][gc,age       ] GC(447) - age  10:       5752 bytes,    1307808 total
[2020-08-27T11:16:53.885+0000][21728][gc,age       ] GC(447) - age  11:       1072 bytes,    1308880 total
[2020-08-27T11:16:53.885+0000][21728][gc,age       ] GC(447) - age  12:       9880 bytes,    1318760 total
[2020-08-27T11:16:53.885+0000][21728][gc,age       ] GC(447) - age  13:        632 bytes,    1319392 total
[2020-08-27T11:16:53.885+0000][21728][gc,age       ] GC(447) - age  14:        600 bytes,    1319992 total
[2020-08-27T11:16:53.885+0000][21728][gc,age       ] GC(447) - age  15:      12792 bytes,    1332784 total
[2020-08-27T11:16:53.885+0000][21728][gc,phases    ] GC(447)   Pre Evacuate Collection Set: 0.3ms
[2020-08-27T11:16:53.885+0000][21728][gc,phases    ] GC(447)   Merge Heap Roots: 0.1ms
[2020-08-27T11:16:53.885+0000][21728][gc,phases    ] GC(447)   Evacuate Collection Set: 1.6ms
[2020-08-27T11:16:53.885+0000][21728][gc,phases    ] GC(447)   Post Evacuate Collection Set: 0.7ms
[2020-08-27T11:16:53.886+0000][21728][gc,phases    ] GC(447)   Other: 0.7ms
[2020-08-27T11:16:53.886+0000][21728][gc,heap      ] GC(447) Eden regions: 35->0(505)
[2020-08-27T11:16:53.886+0000][21728][gc,heap      ] GC(447) Survivor regions: 4->2(64)
[2020-08-27T11:16:53.886+0000][21728][gc,heap      ] GC(447) Old regions: 80->80
[2020-08-27T11:16:53.886+0000][21728][gc,heap      ] GC(447) Archive regions: 0->0
[2020-08-27T11:16:53.886+0000][21728][gc,heap      ] GC(447) Humongous regions: 278->174
[2020-08-27T11:16:53.886+0000][21728][gc,metaspace ] GC(447) Metaspace: 88224K(94464K)->88224K(94464K) NonClass: 76985K(80640K)->76985K(80640K) Class: 11238K(13824K)->11238K(13824K)
[2020-08-27T11:16:53.886+0000][21728][gc           ] GC(447) Pause Young (Concurrent Start) (G1 Humongous Allocation) 395M->255M(1024M) 3.667ms
[2020-08-27T11:16:53.886+0000][21728][gc,cpu       ] GC(447) User=0.00s Sys=0.00s Real=0.00s
[2020-08-27T11:16:53.886+0000][21728][safepoint    ] Safepoint "G1TryInitiateConcMark", Time since last: 90941100 ns, Reaching safepoint: 168000 ns, At safepoint: 3804000 ns, Total: 3972000 ns
[2020-08-27T11:16:53.886+0000][21728][gc           ] GC(448) Concurrent Cycle
[2020-08-27T11:16:53.886+0000][21728][gc,marking   ] GC(448) Concurrent Clear Claimed Marks
[2020-08-27T11:16:53.886+0000][21728][gc,marking   ] GC(448) Concurrent Clear Claimed Marks 0.333ms
[2020-08-27T11:16:53.886+0000][21728][gc,marking   ] GC(448) Concurrent Scan Root Regions
[2020-08-27T11:16:53.888+0000][21728][gc,marking   ] GC(448) Concurrent Scan Root Regions 1.735ms
[2020-08-27T11:16:53.888+0000][21728][gc,marking   ] GC(448) Concurrent Mark (131.844s)
[2020-08-27T11:16:53.888+0000][21728][gc,marking   ] GC(448) Concurrent Mark From Roots
[2020-08-27T11:16:53.888+0000][21728][gc,task      ] GC(448) Using 2 workers of 2 for marking
[2020-08-27T11:16:54.000+0000][21728][gc,marking   ] GC(448) Concurrent Mark From Roots 111.432ms
[2020-08-27T11:16:54.000+0000][21728][gc,marking   ] GC(448) Concurrent Preclean
[2020-08-27T11:16:54.000+0000][21728][gc,marking   ] GC(448) Concurrent Preclean 0.553ms
[2020-08-27T11:16:54.000+0000][21728][gc,marking   ] GC(448) Concurrent Mark (131.844s, 131.956s) 112.141ms
[2020-08-27T11:16:54.000+0000][21728][gc,start     ] GC(448) Pause Remark
[2020-08-27T11:16:54.006+0000][21728][gc           ] GC(448) Pause Remark 271M->271M(1024M) 5.230ms
[2020-08-27T11:16:54.006+0000][21728][gc,cpu       ] GC(448) User=0.06s Sys=0.00s Real=0.01s
[2020-08-27T11:16:54.006+0000][21728][safepoint    ] Safepoint "G1Concurrent", Time since last: 114427400 ns, Reaching safepoint: 183600 ns, At safepoint: 5397700 ns, Total: 5581300 ns
[2020-08-27T11:16:54.006+0000][21728][gc,marking   ] GC(448) Concurrent Rebuild Remembered Sets
[2020-08-27T11:16:54.079+0000][21728][gc,marking   ] GC(448) Concurrent Rebuild Remembered Sets 72.805ms
[2020-08-27T11:16:54.079+0000][21728][gc,start     ] GC(448) Pause Cleanup
[2020-08-27T11:16:54.079+0000][21728][gc           ] GC(448) Pause Cleanup 288M->288M(1024M) 0.280ms
[2020-08-27T11:16:54.080+0000][21728][gc,cpu       ] GC(448) User=0.00s Sys=0.00s Real=0.00s
[2020-08-27T11:16:54.080+0000][21728][safepoint    ] Safepoint "G1Concurrent", Time since last: 73193300 ns, Reaching safepoint: 171400 ns, At safepoint: 470300 ns, Total: 641700 ns
[2020-08-27T11:16:54.080+0000][21728][gc,marking   ] GC(448) Concurrent Cleanup for Next Mark
[2020-08-27T11:16:54.082+0000][21728][gc,marking   ] GC(448) Concurrent Cleanup for Next Mark 1.858ms
[2020-08-27T11:16:54.082+0000][21728][gc           ] GC(448) Concurrent Cycle 195.881ms
[2020-08-27T11:16:54.183+0000][21728][gc,start     ] GC(449) Pause Young (Concurrent Start) (G1 Humongous Allocation)
[2020-08-27T11:16:54.183+0000][21728][gc,task      ] GC(449) Using 8 workers of 8 for evacuation
[2020-08-27T11:16:54.183+0000][21728][gc,age       ] GC(449) Desired survivor size 33554432 bytes, new threshold 15 (max threshold 15)
[2020-08-27T11:16:54.186+0000][21728][gc,age       ] GC(449) Age table with threshold 15 (max threshold 15)
[2020-08-27T11:16:54.186+0000][21728][gc,age       ] GC(449) - age   1:    1910064 bytes,    1910064 total
[2020-08-27T11:16:54.186+0000][21728][gc,age       ] GC(449) - age   2:     404528 bytes,    2314592 total
[2020-08-27T11:16:54.186+0000][21728][gc,age       ] GC(449) - age   3:      30248 bytes,    2344840 total
[2020-08-27T11:16:54.186+0000][21728][gc,age       ] GC(449) - age   4:      72776 bytes,    2417616 total
[2020-08-27T11:16:54.186+0000][21728][gc,age       ] GC(449) - age   5:     157672 bytes,    2575288 total
[2020-08-27T11:16:54.186+0000][21728][gc,age       ] GC(449) - age   6:       1832 bytes,    2577120 total
[2020-08-27T11:16:54.186+0000][21728][gc,age       ] GC(449) - age   7:       3360 bytes,    2580480 total
[2020-08-27T11:16:54.186+0000][21728][gc,age       ] GC(449) - age   8:       4896 bytes,    2585376 total
[2020-08-27T11:16:54.186+0000][21728][gc,age       ] GC(449) - age   9:        552 bytes,    2585928 total
[2020-08-27T11:16:54.186+0000][21728][gc,age       ] GC(449) - age  10:        152 bytes,    2586080 total
[2020-08-27T11:16:54.186+0000][21728][gc,age       ] GC(449) - age  11:        928 bytes,    2587008 total
[2020-08-27T11:16:54.186+0000][21728][gc,age       ] GC(449) - age  12:       1008 bytes,    2588016 total
[2020-08-27T11:16:54.186+0000][21728][gc,age       ] GC(449) - age  13:       9632 bytes,    2597648 total
[2020-08-27T11:16:54.186+0000][21728][gc,age       ] GC(449) - age  14:        632 bytes,    2598280 total
[2020-08-27T11:16:54.186+0000][21728][gc,age       ] GC(449) - age  15:        600 bytes,    2598880 total
[2020-08-27T11:16:54.186+0000][21728][gc,phases    ] GC(449)   Pre Evacuate Collection Set: 0.4ms
[2020-08-27T11:16:54.186+0000][21728][gc,phases    ] GC(449)   Merge Heap Roots: 0.1ms
[2020-08-27T11:16:54.186+0000][21728][gc,phases    ] GC(449)   Evacuate Collection Set: 1.8ms
[2020-08-27T11:16:54.186+0000][21728][gc,phases    ] GC(449)   Post Evacuate Collection Set: 0.7ms
[2020-08-27T11:16:54.186+0000][21728][gc,phases    ] GC(449)   Other: 0.7ms
[2020-08-27T11:16:54.186+0000][21728][gc,heap      ] GC(449) Eden regions: 23->0(505)
[2020-08-27T11:16:54.187+0000][21728][gc,heap      ] GC(449) Survivor regions: 2->3(64)
[2020-08-27T11:16:54.187+0000][21728][gc,heap      ] GC(449) Old regions: 80->80
[2020-08-27T11:16:54.187+0000][21728][gc,heap      ] GC(449) Archive regions: 0->0
[2020-08-27T11:16:54.187+0000][21728][gc,heap      ] GC(449) Humongous regions: 227->174
[2020-08-27T11:16:54.187+0000][21728][gc,metaspace ] GC(449) Metaspace: 88224K(94464K)->88224K(94464K) NonClass: 76985K(80640K)->76985K(80640K) Class: 11238K(13824K)->11238K(13824K)
[2020-08-27T11:16:54.187+0000][21728][gc           ] GC(449) Pause Young (Concurrent Start) (G1 Humongous Allocation) 331M->256M(1024M) 3.950ms
[2020-08-27T11:16:54.187+0000][21728][gc,cpu       ] GC(449) User=0.00s Sys=0.00s Real=0.00s
[2020-08-27T11:16:54.187+0000][21728][gc           ] GC(450) Concurrent Cycle
[2020-08-27T11:16:54.187+0000][21728][safepoint    ] Safepoint "G1TryInitiateConcMark", Time since last: 102782000 ns, Reaching safepoint: 215100 ns, At safepoint: 4305300 ns, Total: 4520400 ns
[2020-08-27T11:16:54.187+0000][21728][gc,marking   ] GC(450) Concurrent Clear Claimed Marks
[2020-08-27T11:16:54.187+0000][21728][gc,marking   ] GC(450) Concurrent Clear Claimed Marks 0.435ms
[2020-08-27T11:16:54.188+0000][21728][gc,marking   ] GC(450) Concurrent Scan Root Regions
[2020-08-27T11:16:54.191+0000][21728][gc,marking   ] GC(450) Concurrent Scan Root Regions 2.978ms
[2020-08-27T11:16:54.191+0000][21728][gc,marking   ] GC(450) Concurrent Mark (132.147s)
[2020-08-27T11:16:54.191+0000][21728][gc,marking   ] GC(450) Concurrent Mark From Roots
[2020-08-27T11:16:54.191+0000][21728][gc,task      ] GC(450) Using 2 workers of 2 for marking
[2020-08-27T11:16:54.301+0000][21728][gc,marking   ] GC(450) Concurrent Mark From Roots 109.944ms
[2020-08-27T11:16:54.301+0000][21728][gc,marking   ] GC(450) Concurrent Preclean
[2020-08-27T11:16:54.301+0000][21728][gc,marking   ] GC(450) Concurrent Preclean 0.342ms
[2020-08-27T11:16:54.301+0000][21728][gc,marking   ] GC(450) Concurrent Mark (132.147s, 132.257s) 110.419ms
[2020-08-27T11:16:54.301+0000][21728][gc,start     ] GC(450) Pause Remark
[2020-08-27T11:16:54.307+0000][21728][gc           ] GC(450) Pause Remark 288M->288M(1024M) 5.922ms
[2020-08-27T11:16:54.307+0000][21728][gc,cpu       ] GC(450) User=0.00s Sys=0.00s Real=0.01s
[2020-08-27T11:16:54.307+0000][21728][safepoint    ] Safepoint "G1Concurrent", Time since last: 114095700 ns, Reaching safepoint: 148700 ns, At safepoint: 6078700 ns, Total: 6227400 ns
[2020-08-27T11:16:54.307+0000][21728][gc,marking   ] GC(450) Concurrent Rebuild Remembered Sets
[2020-08-27T11:16:54.391+0000][21728][gc,marking   ] GC(450) Concurrent Rebuild Remembered Sets 83.813ms
[2020-08-27T11:16:54.391+0000][21728][gc,start     ] GC(450) Pause Cleanup
[2020-08-27T11:16:54.392+0000][21728][gc           ] GC(450) Pause Cleanup 361M->361M(1024M) 0.402ms
[2020-08-27T11:16:54.392+0000][21728][gc,cpu       ] GC(450) User=0.02s Sys=0.00s Real=0.00s
[2020-08-27T11:16:54.392+0000][21728][safepoint    ] Safepoint "G1Concurrent", Time since last: 83973100 ns, Reaching safepoint: 161500 ns, At safepoint: 561800 ns, Total: 723300 ns
[2020-08-27T11:16:54.392+0000][21728][gc,marking   ] GC(450) Concurrent Cleanup for Next Mark
[2020-08-27T11:16:54.394+0000][21728][gc,marking   ] GC(450) Concurrent Cleanup for Next Mark 1.652ms
[2020-08-27T11:16:54.394+0000][21728][gc           ] GC(450) Concurrent Cycle 206.856ms
[2020-08-27T11:16:55.033+0000][21728][gc,start     ] GC(451) Pause Young (Concurrent Start) (G1 Humongous Allocation)
[2020-08-27T11:16:55.033+0000][21728][gc,task      ] GC(451) Using 8 workers of 8 for evacuation
[2020-08-27T11:16:55.033+0000][21728][gc,age       ] GC(451) Desired survivor size 33554432 bytes, new threshold 15 (max threshold 15)
[2020-08-27T11:16:55.037+0000][21728][gc,age       ] GC(451) Age table with threshold 15 (max threshold 15)
[2020-08-27T11:16:55.037+0000][21728][gc,age       ] GC(451) - age   1:    2825696 bytes,    2825696 total
[2020-08-27T11:16:55.037+0000][21728][gc,age       ] GC(451) - age   2:       1896 bytes,    2827592 total
[2020-08-27T11:16:55.037+0000][21728][gc,age       ] GC(451) - age   3:       1304 bytes,    2828896 total
[2020-08-27T11:16:55.037+0000][21728][gc,age       ] GC(451) - age   4:      25368 bytes,    2854264 total
[2020-08-27T11:16:55.037+0000][21728][gc,age       ] GC(451) - age   5:      71112 bytes,    2925376 total
[2020-08-27T11:16:55.037+0000][21728][gc,age       ] GC(451) - age   6:      67520 bytes,    2992896 total
[2020-08-27T11:16:55.037+0000][21728][gc,age       ] GC(451) - age   7:       1576 bytes,    2994472 total
[2020-08-27T11:16:55.037+0000][21728][gc,age       ] GC(451) - age   8:       3328 bytes,    2997800 total
[2020-08-27T11:16:55.037+0000][21728][gc,age       ] GC(451) - age   9:       4896 bytes,    3002696 total
[2020-08-27T11:16:55.037+0000][21728][gc,age       ] GC(451) - age  10:        552 bytes,    3003248 total
[2020-08-27T11:16:55.037+0000][21728][gc,age       ] GC(451) - age  11:        152 bytes,    3003400 total
[2020-08-27T11:16:55.037+0000][21728][gc,age       ] GC(451) - age  12:        928 bytes,    3004328 total
[2020-08-27T11:16:55.037+0000][21728][gc,age       ] GC(451) - age  13:       1008 bytes,    3005336 total
[2020-08-27T11:16:55.037+0000][21728][gc,age       ] GC(451) - age  14:       9600 bytes,    3014936 total
[2020-08-27T11:16:55.037+0000][21728][gc,age       ] GC(451) - age  15:        632 bytes,    3015568 total
[2020-08-27T11:16:55.037+0000][21728][gc,phases    ] GC(451)   Pre Evacuate Collection Set: 0.4ms
[2020-08-27T11:16:55.037+0000][21728][gc,phases    ] GC(451)   Merge Heap Roots: 0.1ms
[2020-08-27T11:16:55.037+0000][21728][gc,phases    ] GC(451)   Evacuate Collection Set: 2.1ms
[2020-08-27T11:16:55.038+0000][21728][gc,phases    ] GC(451)   Post Evacuate Collection Set: 0.8ms
[2020-08-27T11:16:55.038+0000][21728][gc,phases    ] GC(451)   Other: 1.0ms
[2020-08-27T11:16:55.038+0000][21728][gc,heap      ] GC(451) Eden regions: 54->0(503)
[2020-08-27T11:16:55.038+0000][21728][gc,heap      ] GC(451) Survivor regions: 3->4(64)
[2020-08-27T11:16:55.038+0000][21728][gc,heap      ] GC(451) Old regions: 80->80
[2020-08-27T11:16:55.038+0000][21728][gc,heap      ] GC(451) Archive regions: 0->0
[2020-08-27T11:16:55.038+0000][21728][gc,heap      ] GC(451) Humongous regions: 255->174
[2020-08-27T11:16:55.038+0000][21728][gc,metaspace ] GC(451) Metaspace: 88371K(94464K)->88371K(94464K) NonClass: 77121K(80640K)->77121K(80640K) Class: 11249K(13824K)->11249K(13824K)
[2020-08-27T11:16:55.038+0000][21728][gc           ] GC(451) Pause Young (Concurrent Start) (G1 Humongous Allocation) 391M->256M(1024M) 4.972ms
[2020-08-27T11:16:55.038+0000][21728][gc,cpu       ] GC(451) User=0.00s Sys=0.00s Real=0.01s
[2020-08-27T11:16:55.038+0000][21728][gc           ] GC(452) Concurrent Cycle
[2020-08-27T11:16:55.038+0000][21728][gc,marking   ] GC(452) Concurrent Clear Claimed Marks
[2020-08-27T11:16:55.038+0000][21728][safepoint    ] Safepoint "G1TryInitiateConcMark", Time since last: 640681800 ns, Reaching safepoint: 204700 ns, At safepoint: 5216600 ns, Total: 5421300 ns
[2020-08-27T11:16:55.038+0000][21728][gc,marking   ] GC(452) Concurrent Clear Claimed Marks 0.392ms
[2020-08-27T11:16:55.039+0000][21728][gc,marking   ] GC(452) Concurrent Scan Root Regions
[2020-08-27T11:16:55.042+0000][21728][gc,marking   ] GC(452) Concurrent Scan Root Regions 3.268ms
[2020-08-27T11:16:55.042+0000][21728][gc,marking   ] GC(452) Concurrent Mark (132.998s)
[2020-08-27T11:16:55.042+0000][21728][gc,marking   ] GC(452) Concurrent Mark From Roots
[2020-08-27T11:16:55.042+0000][21728][gc,task      ] GC(452) Using 2 workers of 2 for marking
[2020-08-27T11:16:55.156+0000][21728][gc,marking   ] GC(452) Concurrent Mark From Roots 114.001ms
[2020-08-27T11:16:55.156+0000][21728][gc,marking   ] GC(452) Concurrent Preclean
[2020-08-27T11:16:55.156+0000][21728][gc,marking   ] GC(452) Concurrent Preclean 0.347ms
[2020-08-27T11:16:55.156+0000][21728][gc,marking   ] GC(452) Concurrent Mark (132.998s, 133.113s) 114.483ms
[2020-08-27T11:16:55.157+0000][21728][gc,start     ] GC(452) Pause Remark
[2020-08-27T11:16:55.163+0000][21728][gc           ] GC(452) Pause Remark 319M->319M(1024M) 6.127ms
[2020-08-27T11:16:55.163+0000][21728][gc,cpu       ] GC(452) User=0.00s Sys=0.00s Real=0.01s
[2020-08-27T11:16:55.163+0000][21728][safepoint    ] Safepoint "G1Concurrent", Time since last: 118461900 ns, Reaching safepoint: 174800 ns, At safepoint: 6310100 ns, Total: 6484900 ns
[2020-08-27T11:16:55.163+0000][21728][gc,marking   ] GC(452) Concurrent Rebuild Remembered Sets
[2020-08-27T11:16:55.245+0000][21728][gc,marking   ] GC(452) Concurrent Rebuild Remembered Sets 81.913ms
[2020-08-27T11:16:55.245+0000][21728][gc,start     ] GC(452) Pause Cleanup
[2020-08-27T11:16:55.246+0000][21728][gc           ] GC(452) Pause Cleanup 389M->389M(1024M) 0.336ms
[2020-08-27T11:16:55.246+0000][21728][gc,cpu       ] GC(452) User=0.00s Sys=0.00s Real=0.00s
[2020-08-27T11:16:55.246+0000][21728][safepoint    ] Safepoint "G1Concurrent", Time since last: 82082000 ns, Reaching safepoint: 161600 ns, At safepoint: 548200 ns, Total: 709800 ns
[2020-08-27T11:16:55.246+0000][21728][gc,marking   ] GC(452) Concurrent Cleanup for Next Mark
[2020-08-27T11:16:55.248+0000][21728][gc,marking   ] GC(452) Concurrent Cleanup for Next Mark 1.763ms
[2020-08-27T11:16:55.248+0000][21728][gc           ] GC(452) Concurrent Cycle 209.779ms
[2020-08-27T11:16:55.349+0000][21728][gc,start     ] GC(453) Pause Young (Concurrent Start) (G1 Humongous Allocation)
[2020-08-27T11:16:55.349+0000][21728][gc,task      ] GC(453) Using 8 workers of 8 for evacuation
[2020-08-27T11:16:55.349+0000][21728][gc,age       ] GC(453) Desired survivor size 33554432 bytes, new threshold 15 (max threshold 15)
[2020-08-27T11:16:55.352+0000][21728][gc,age       ] GC(453) Age table with threshold 15 (max threshold 15)
[2020-08-27T11:16:55.352+0000][21728][gc,age       ] GC(453) - age   1:    1027344 bytes,    1027344 total
[2020-08-27T11:16:55.352+0000][21728][gc,age       ] GC(453) - age   2:     148104 bytes,    1175448 total
[2020-08-27T11:16:55.352+0000][21728][gc,age       ] GC(453) - age   3:       1768 bytes,    1177216 total
[2020-08-27T11:16:55.352+0000][21728][gc,age       ] GC(453) - age   4:        608 bytes,    1177824 total
[2020-08-27T11:16:55.352+0000][21728][gc,age       ] GC(453) - age   5:      25296 bytes,    1203120 total
[2020-08-27T11:16:55.352+0000][21728][gc,age       ] GC(453) - age   6:      71112 bytes,    1274232 total
[2020-08-27T11:16:55.352+0000][21728][gc,age       ] GC(453) - age   7:      67456 bytes,    1341688 total
[2020-08-27T11:16:55.352+0000][21728][gc,age       ] GC(453) - age   8:       1544 bytes,    1343232 total
[2020-08-27T11:16:55.352+0000][21728][gc,age       ] GC(453) - age   9:       3256 bytes,    1346488 total
[2020-08-27T11:16:55.352+0000][21728][gc,age       ] GC(453) - age  10:       4896 bytes,    1351384 total
[2020-08-27T11:16:55.352+0000][21728][gc,age       ] GC(453) - age  11:        488 bytes,    1351872 total
[2020-08-27T11:16:55.352+0000][21728][gc,age       ] GC(453) - age  12:        152 bytes,    1352024 total
[2020-08-27T11:16:55.352+0000][21728][gc,age       ] GC(453) - age  13:        928 bytes,    1352952 total
[2020-08-27T11:16:55.352+0000][21728][gc,age       ] GC(453) - age  14:       1008 bytes,    1353960 total
[2020-08-27T11:16:55.352+0000][21728][gc,age       ] GC(453) - age  15:       9600 bytes,    1363560 total
[2020-08-27T11:16:55.353+0000][21728][gc,phases    ] GC(453)   Pre Evacuate Collection Set: 0.4ms
[2020-08-27T11:16:55.353+0000][21728][gc,phases    ] GC(453)   Merge Heap Roots: 0.1ms
[2020-08-27T11:16:55.353+0000][21728][gc,phases    ] GC(453)   Evacuate Collection Set: 2.1ms
[2020-08-27T11:16:55.353+0000][21728][gc,phases    ] GC(453)   Post Evacuate Collection Set: 0.6ms
[2020-08-27T11:16:55.353+0000][21728][gc,phases    ] GC(453)   Other: 0.8ms
[2020-08-27T11:16:55.353+0000][21728][gc,heap      ] GC(453) Eden regions: 35->0(506)
[2020-08-27T11:16:55.353+0000][21728][gc,heap      ] GC(453) Survivor regions: 4->2(64)
[2020-08-27T11:16:55.353+0000][21728][gc,heap      ] GC(453) Old regions: 80->80
[2020-08-27T11:16:55.353+0000][21728][gc,heap      ] GC(453) Archive regions: 0->0
[2020-08-27T11:16:55.353+0000][21728][gc,heap      ] GC(453) Humongous regions: 278->174
[2020-08-27T11:16:55.353+0000][21728][gc,metaspace ] GC(453) Metaspace: 88371K(94464K)->88371K(94464K) NonClass: 77121K(80640K)->77121K(80640K) Class: 11249K(13824K)->11249K(13824K)
[2020-08-27T11:16:55.353+0000][21728][gc           ] GC(453) Pause Young (Concurrent Start) (G1 Humongous Allocation) 395M->255M(1024M) 4.219ms
[2020-08-27T11:16:55.353+0000][21728][gc,cpu       ] GC(453) User=0.00s Sys=0.00s Real=0.00s
[2020-08-27T11:16:55.353+0000][21728][safepoint    ] Safepoint "G1TryInitiateConcMark", Time since last: 102156300 ns, Reaching safepoint: 166300 ns, At safepoint: 4374100 ns, Total: 4540400 ns
[2020-08-27T11:16:55.353+0000][21728][gc           ] GC(454) Concurrent Cycle
[2020-08-27T11:16:55.353+0000][21728][gc,marking   ] GC(454) Concurrent Clear Claimed Marks
[2020-08-27T11:16:55.353+0000][21728][gc,marking   ] GC(454) Concurrent Clear Claimed Marks 0.323ms
[2020-08-27T11:16:55.353+0000][21728][gc,marking   ] GC(454) Concurrent Scan Root Regions
[2020-08-27T11:16:55.356+0000][21728][gc,marking   ] GC(454) Concurrent Scan Root Regions 2.277ms
[2020-08-27T11:16:55.356+0000][21728][gc,marking   ] GC(454) Concurrent Mark (133.311s)
[2020-08-27T11:16:55.356+0000][21728][gc,marking   ] GC(454) Concurrent Mark From Roots
[2020-08-27T11:16:55.356+0000][21728][gc,task      ] GC(454) Using 2 workers of 2 for marking
[2020-08-27T11:16:55.475+0000][21728][gc,marking   ] GC(454) Concurrent Mark From Roots 119.381ms
[2020-08-27T11:16:55.475+0000][21728][gc,marking   ] GC(454) Concurrent Preclean
[2020-08-27T11:16:55.476+0000][21728][gc,marking   ] GC(454) Concurrent Preclean 0.466ms
[2020-08-27T11:16:55.476+0000][21728][gc,marking   ] GC(454) Concurrent Mark (133.311s, 133.431s) 120.029ms
[2020-08-27T11:16:55.476+0000][21728][gc,start     ] GC(454) Pause Remark
[2020-08-27T11:16:55.481+0000][21728][gc           ] GC(454) Pause Remark 271M->271M(1024M) 5.399ms
[2020-08-27T11:16:55.481+0000][21728][gc,cpu       ] GC(454) User=0.00s Sys=0.00s Real=0.00s
[2020-08-27T11:16:55.482+0000][21728][safepoint    ] Safepoint "G1Concurrent", Time since last: 122859500 ns, Reaching safepoint: 136100 ns, At safepoint: 5629900 ns, Total: 5766000 ns
[2020-08-27T11:16:55.482+0000][21728][gc,marking   ] GC(454) Concurrent Rebuild Remembered Sets
[2020-08-27T11:16:55.558+0000][21728][gc,marking   ] GC(454) Concurrent Rebuild Remembered Sets 76.802ms
[2020-08-27T11:16:55.559+0000][21728][gc,start     ] GC(454) Pause Cleanup
[2020-08-27T11:16:55.559+0000][21728][gc           ] GC(454) Pause Cleanup 289M->289M(1024M) 0.235ms
[2020-08-27T11:16:55.559+0000][21728][gc,cpu       ] GC(454) User=0.00s Sys=0.00s Real=0.00s
[2020-08-27T11:16:55.559+0000][21728][safepoint    ] Safepoint "G1Concurrent", Time since last: 76983400 ns, Reaching safepoint: 125900 ns, At safepoint: 342800 ns, Total: 468700 ns
[2020-08-27T11:16:55.559+0000][21728][gc,marking   ] GC(454) Concurrent Cleanup for Next Mark
[2020-08-27T11:16:55.560+0000][21728][gc,marking   ] GC(454) Concurrent Cleanup for Next Mark 1.136ms
[2020-08-27T11:16:55.560+0000][21728][gc           ] GC(454) Concurrent Cycle 207.326ms
[2020-08-27T11:16:55.725+0000][21728][gc,start     ] GC(455) Pause Young (Concurrent Start) (G1 Humongous Allocation)
[2020-08-27T11:16:55.725+0000][21728][gc,task      ] GC(455) Using 8 workers of 8 for evacuation
[2020-08-27T11:16:55.725+0000][21728][gc,age       ] GC(455) Desired survivor size 33554432 bytes, new threshold 15 (max threshold 15)
[2020-08-27T11:16:55.729+0000][21728][gc,age       ] GC(455) Age table with threshold 15 (max threshold 15)
[2020-08-27T11:16:55.729+0000][21728][gc,age       ] GC(455) - age   1:    1664896 bytes,    1664896 total
[2020-08-27T11:16:55.729+0000][21728][gc,age       ] GC(455) - age   2:       2040 bytes,    1666936 total
[2020-08-27T11:16:55.729+0000][21728][gc,age       ] GC(455) - age   3:     144928 bytes,    1811864 total
[2020-08-27T11:16:55.729+0000][21728][gc,age       ] GC(455) - age   4:       1736 bytes,    1813600 total
[2020-08-27T11:16:55.729+0000][21728][gc,age       ] GC(455) - age   5:        512 bytes,    1814112 total
[2020-08-27T11:16:55.729+0000][21728][gc,age       ] GC(455) - age   6:      20440 bytes,    1834552 total
[2020-08-27T11:16:55.729+0000][21728][gc,age       ] GC(455) - age   7:      71112 bytes,    1905664 total
[2020-08-27T11:16:55.729+0000][21728][gc,age       ] GC(455) - age   8:      67456 bytes,    1973120 total
[2020-08-27T11:16:55.729+0000][21728][gc,age       ] GC(455) - age   9:       1040 bytes,    1974160 total
[2020-08-27T11:16:55.729+0000][21728][gc,age       ] GC(455) - age  10:       3256 bytes,    1977416 total
[2020-08-27T11:16:55.729+0000][21728][gc,age       ] GC(455) - age  11:       4832 bytes,    1982248 total
[2020-08-27T11:16:55.729+0000][21728][gc,age       ] GC(455) - age  12:        488 bytes,    1982736 total
[2020-08-27T11:16:55.729+0000][21728][gc,age       ] GC(455) - age  13:        152 bytes,    1982888 total
[2020-08-27T11:16:55.729+0000][21728][gc,age       ] GC(455) - age  14:        928 bytes,    1983816 total
[2020-08-27T11:16:55.729+0000][21728][gc,age       ] GC(455) - age  15:        912 bytes,    1984728 total
[2020-08-27T11:16:55.729+0000][21728][gc,phases    ] GC(455)   Pre Evacuate Collection Set: 0.5ms
[2020-08-27T11:16:55.729+0000][21728][gc,phases    ] GC(455)   Merge Heap Roots: 0.1ms
[2020-08-27T11:16:55.729+0000][21728][gc,phases    ] GC(455)   Evacuate Collection Set: 2.0ms
[2020-08-27T11:16:55.729+0000][21728][gc,phases    ] GC(455)   Post Evacuate Collection Set: 0.7ms
[2020-08-27T11:16:55.729+0000][21728][gc,phases    ] GC(455)   Other: 1.0ms
[2020-08-27T11:16:55.729+0000][21728][gc,heap      ] GC(455) Eden regions: 27->0(506)
[2020-08-27T11:16:55.729+0000][21728][gc,heap      ] GC(455) Survivor regions: 2->2(64)
[2020-08-27T11:16:55.729+0000][21728][gc,heap      ] GC(455) Old regions: 80->80
[2020-08-27T11:16:55.730+0000][21728][gc,heap      ] GC(455) Archive regions: 0->0
[2020-08-27T11:16:55.730+0000][21728][gc,heap      ] GC(455) Humongous regions: 227->174
[2020-08-27T11:16:55.730+0000][21728][gc,metaspace ] GC(455) Metaspace: 88374K(94464K)->88374K(94464K) NonClass: 77124K(80640K)->77124K(80640K) Class: 11249K(13824K)->11249K(13824K)
[2020-08-27T11:16:55.730+0000][21728][gc           ] GC(455) Pause Young (Concurrent Start) (G1 Humongous Allocation) 335M->255M(1024M) 4.715ms
[2020-08-27T11:16:55.730+0000][21728][gc,cpu       ] GC(455) User=0.00s Sys=0.00s Real=0.01s
[2020-08-27T11:16:55.730+0000][21728][gc           ] GC(456) Concurrent Cycle
[2020-08-27T11:16:55.730+0000][21728][safepoint    ] Safepoint "G1TryInitiateConcMark", Time since last: 165591700 ns, Reaching safepoint: 240000 ns, At safepoint: 4952500 ns, Total: 5192500 ns
[2020-08-27T11:16:55.730+0000][21728][gc,marking   ] GC(456) Concurrent Clear Claimed Marks
[2020-08-27T11:16:55.730+0000][21728][gc,marking   ] GC(456) Concurrent Clear Claimed Marks 0.488ms
[2020-08-27T11:16:55.730+0000][21728][gc,marking   ] GC(456) Concurrent Scan Root Regions
[2020-08-27T11:16:55.733+0000][21728][gc,marking   ] GC(456) Concurrent Scan Root Regions 2.257ms
[2020-08-27T11:16:55.733+0000][21728][gc,marking   ] GC(456) Concurrent Mark (133.688s)
[2020-08-27T11:16:55.733+0000][21728][gc,marking   ] GC(456) Concurrent Mark From Roots
[2020-08-27T11:16:55.733+0000][21728][gc,task      ] GC(456) Using 2 workers of 2 for marking
[2020-08-27T11:16:55.853+0000][21728][gc,marking   ] GC(456) Concurrent Mark From Roots 120.338ms
[2020-08-27T11:16:55.853+0000][21728][gc,marking   ] GC(456) Concurrent Preclean
[2020-08-27T11:16:55.854+0000][21728][gc,marking   ] GC(456) Concurrent Preclean 0.398ms
[2020-08-27T11:16:55.854+0000][21728][gc,marking   ] GC(456) Concurrent Mark (133.688s, 133.809s) 120.888ms
[2020-08-27T11:16:55.854+0000][21728][gc,start     ] GC(456) Pause Remark
[2020-08-27T11:16:55.859+0000][21728][gc           ] GC(456) Pause Remark 283M->283M(1024M) 5.155ms
[2020-08-27T11:16:55.859+0000][21728][gc,cpu       ] GC(456) User=0.00s Sys=0.00s Real=0.00s
[2020-08-27T11:16:55.859+0000][21728][safepoint    ] Safepoint "G1Concurrent", Time since last: 123883200 ns, Reaching safepoint: 151200 ns, At safepoint: 5378900 ns, Total: 5530100 ns
[2020-08-27T11:16:55.859+0000][21728][gc,marking   ] GC(456) Concurrent Rebuild Remembered Sets
[2020-08-27T11:16:55.933+0000][21728][gc,marking   ] GC(456) Concurrent Rebuild Remembered Sets 73.849ms
[2020-08-27T11:16:55.933+0000][21728][gc,start     ] GC(456) Pause Cleanup
[2020-08-27T11:16:55.934+0000][21728][gc           ] GC(456) Pause Cleanup 353M->353M(1024M) 0.316ms
[2020-08-27T11:16:55.934+0000][21728][gc,cpu       ] GC(456) User=0.00s Sys=0.00s Real=0.00s
[2020-08-27T11:16:55.934+0000][21728][safepoint    ] Safepoint "G1Concurrent", Time since last: 74015400 ns, Reaching safepoint: 155200 ns, At safepoint: 490600 ns, Total: 645800 ns
[2020-08-27T11:16:55.934+0000][21728][gc,marking   ] GC(456) Concurrent Cleanup for Next Mark
[2020-08-27T11:16:55.935+0000][21728][gc,marking   ] GC(456) Concurrent Cleanup for Next Mark 1.532ms
[2020-08-27T11:16:55.936+0000][21728][gc           ] GC(456) Concurrent Cycle 205.782ms
[2020-08-27T11:16:56.041+0000][21728][gc,start     ] GC(457) Pause Young (Concurrent Start) (G1 Humongous Allocation)
[2020-08-27T11:16:56.041+0000][21728][gc,task      ] GC(457) Using 8 workers of 8 for evacuation
[2020-08-27T11:16:56.041+0000][21728][gc,age       ] GC(457) Desired survivor size 33554432 bytes, new threshold 15 (max threshold 15)
[2020-08-27T11:16:56.044+0000][21728][gc,age       ] GC(457) Age table with threshold 15 (max threshold 15)
[2020-08-27T11:16:56.044+0000][21728][gc,age       ] GC(457) - age   1:    1028264 bytes,    1028264 total
[2020-08-27T11:16:56.045+0000][21728][gc,age       ] GC(457) - age   2:       9152 bytes,    1037416 total
[2020-08-27T11:16:56.045+0000][21728][gc,age       ] GC(457) - age   3:       1024 bytes,    1038440 total
[2020-08-27T11:16:56.045+0000][21728][gc,age       ] GC(457) - age   4:     143816 bytes,    1182256 total
[2020-08-27T11:16:56.045+0000][21728][gc,age       ] GC(457) - age   5:       1640 bytes,    1183896 total
[2020-08-27T11:16:56.045+0000][21728][gc,age       ] GC(457) - age   6:        480 bytes,    1184376 total
[2020-08-27T11:16:56.045+0000][21728][gc,age       ] GC(457) - age   7:      20440 bytes,    1204816 total
[2020-08-27T11:16:56.045+0000][21728][gc,age       ] GC(457) - age   8:      71112 bytes,    1275928 total
[2020-08-27T11:16:56.045+0000][21728][gc,age       ] GC(457) - age   9:      67392 bytes,    1343320 total
[2020-08-27T11:16:56.045+0000][21728][gc,age       ] GC(457) - age  10:       1040 bytes,    1344360 total
[2020-08-27T11:16:56.045+0000][21728][gc,age       ] GC(457) - age  11:       3256 bytes,    1347616 total
[2020-08-27T11:16:56.045+0000][21728][gc,age       ] GC(457) - age  12:       4832 bytes,    1352448 total
[2020-08-27T11:16:56.045+0000][21728][gc,age       ] GC(457) - age  13:        488 bytes,    1352936 total
[2020-08-27T11:16:56.045+0000][21728][gc,age       ] GC(457) - age  14:        152 bytes,    1353088 total
[2020-08-27T11:16:56.045+0000][21728][gc,age       ] GC(457) - age  15:        928 bytes,    1354016 total
[2020-08-27T11:16:56.045+0000][21728][gc,phases    ] GC(457)   Pre Evacuate Collection Set: 0.4ms
[2020-08-27T11:16:56.045+0000][21728][gc,phases    ] GC(457)   Merge Heap Roots: 0.1ms
[2020-08-27T11:16:56.045+0000][21728][gc,phases    ] GC(457)   Evacuate Collection Set: 1.9ms
[2020-08-27T11:16:56.045+0000][21728][gc,phases    ] GC(457)   Post Evacuate Collection Set: 0.7ms
[2020-08-27T11:16:56.045+0000][21728][gc,phases    ] GC(457)   Other: 0.6ms
[2020-08-27T11:16:56.045+0000][21728][gc,heap      ] GC(457) Eden regions: 34->0(507)
[2020-08-27T11:16:56.045+0000][21728][gc,heap      ] GC(457) Survivor regions: 2->2(64)
[2020-08-27T11:16:56.045+0000][21728][gc,heap      ] GC(457) Old regions: 80->80
[2020-08-27T11:16:56.045+0000][21728][gc,heap      ] GC(457) Archive regions: 0->0
[2020-08-27T11:16:56.045+0000][21728][gc,heap      ] GC(457) Humongous regions: 245->174
[2020-08-27T11:16:56.045+0000][21728][gc,metaspace ] GC(457) Metaspace: 88374K(94464K)->88374K(94464K) NonClass: 77124K(80640K)->77124K(80640K) Class: 11249K(13824K)->11249K(13824K)
[2020-08-27T11:16:56.045+0000][21728][gc           ] GC(457) Pause Young (Concurrent Start) (G1 Humongous Allocation) 360M->255M(1024M) 3.837ms
[2020-08-27T11:16:56.045+0000][21728][gc,cpu       ] GC(457) User=0.00s Sys=0.00s Real=0.00s
[2020-08-27T11:16:56.045+0000][21728][gc           ] GC(458) Concurrent Cycle
[2020-08-27T11:16:56.045+0000][21728][safepoint    ] Safepoint "G1TryInitiateConcMark", Time since last: 107193300 ns, Reaching safepoint: 130200 ns, At safepoint: 3988200 ns, Total: 4118400 ns
[2020-08-27T11:16:56.045+0000][21728][gc,marking   ] GC(458) Concurrent Clear Claimed Marks
[2020-08-27T11:16:56.046+0000][21728][gc,marking   ] GC(458) Concurrent Clear Claimed Marks 0.606ms
[2020-08-27T11:16:56.046+0000][21728][gc,marking   ] GC(458) Concurrent Scan Root Regions
[2020-08-27T11:16:56.048+0000][21728][gc,marking   ] GC(458) Concurrent Scan Root Regions 2.120ms
[2020-08-27T11:16:56.048+0000][21728][gc,marking   ] GC(458) Concurrent Mark (134.004s)
[2020-08-27T11:16:56.048+0000][21728][gc,marking   ] GC(458) Concurrent Mark From Roots
[2020-08-27T11:16:56.048+0000][21728][gc,task      ] GC(458) Using 2 workers of 2 for marking
[2020-08-27T11:16:56.158+0000][21728][gc,marking   ] GC(458) Concurrent Mark From Roots 109.488ms
[2020-08-27T11:16:56.158+0000][21728][gc,marking   ] GC(458) Concurrent Preclean
[2020-08-27T11:16:56.158+0000][21728][gc,marking   ] GC(458) Concurrent Preclean 0.476ms
[2020-08-27T11:16:56.158+0000][21728][gc,marking   ] GC(458) Concurrent Mark (134.004s, 134.114s) 110.113ms
[2020-08-27T11:16:56.159+0000][21728][gc,start     ] GC(458) Pause Remark
[2020-08-27T11:16:56.164+0000][21728][gc           ] GC(458) Pause Remark 270M->270M(1024M) 5.854ms
[2020-08-27T11:16:56.164+0000][21728][gc,cpu       ] GC(458) User=0.00s Sys=0.00s Real=0.01s
[2020-08-27T11:16:56.165+0000][21728][safepoint    ] Safepoint "G1Concurrent", Time since last: 113134300 ns, Reaching safepoint: 139100 ns, At safepoint: 6085600 ns, Total: 6224700 ns
[2020-08-27T11:16:56.165+0000][21728][gc,marking   ] GC(458) Concurrent Rebuild Remembered Sets
[2020-08-27T11:16:56.238+0000][21728][gc,marking   ] GC(458) Concurrent Rebuild Remembered Sets 73.638ms
[2020-08-27T11:16:56.239+0000][21728][gc,start     ] GC(458) Pause Cleanup
[2020-08-27T11:16:56.239+0000][21728][gc           ] GC(458) Pause Cleanup 288M->288M(1024M) 0.311ms
[2020-08-27T11:16:56.239+0000][21728][gc,cpu       ] GC(458) User=0.00s Sys=0.00s Real=0.00s
[2020-08-27T11:16:56.239+0000][21728][safepoint    ] Safepoint "G1Concurrent", Time since last: 73804000 ns, Reaching safepoint: 158700 ns, At safepoint: 452700 ns, Total: 611400 ns
[2020-08-27T11:16:56.239+0000][21728][gc,marking   ] GC(458) Concurrent Cleanup for Next Mark
[2020-08-27T11:16:56.240+0000][21728][gc,marking   ] GC(458) Concurrent Cleanup for Next Mark 1.287ms
[2020-08-27T11:16:56.240+0000][21728][gc           ] GC(458) Concurrent Cycle 195.211ms
[2020-08-27T11:16:56.361+0000][21728][gc,start     ] GC(459) Pause Young (Concurrent Start) (G1 Humongous Allocation)
[2020-08-27T11:16:56.361+0000][21728][gc,task      ] GC(459) Using 8 workers of 8 for evacuation
[2020-08-27T11:16:56.361+0000][21728][gc,age       ] GC(459) Desired survivor size 33554432 bytes, new threshold 15 (max threshold 15)
[2020-08-27T11:16:56.365+0000][21728][gc,age       ] GC(459) Age table with threshold 15 (max threshold 15)
[2020-08-27T11:16:56.365+0000][21728][gc,age       ] GC(459) - age   1:    1910056 bytes,    1910056 total
[2020-08-27T11:16:56.365+0000][21728][gc,age       ] GC(459) - age   2:     405016 bytes,    2315072 total
[2020-08-27T11:16:56.365+0000][21728][gc,age       ] GC(459) - age   3:       6096 bytes,    2321168 total
[2020-08-27T11:16:56.365+0000][21728][gc,age       ] GC(459) - age   4:        656 bytes,    2321824 total
[2020-08-27T11:16:56.365+0000][21728][gc,age       ] GC(459) - age   5:     143656 bytes,    2465480 total
[2020-08-27T11:16:56.365+0000][21728][gc,age       ] GC(459) - age   6:       1320 bytes,    2466800 total
[2020-08-27T11:16:56.365+0000][21728][gc,age       ] GC(459) - age   7:        448 bytes,    2467248 total
[2020-08-27T11:16:56.365+0000][21728][gc,age       ] GC(459) - age   8:      20440 bytes,    2487688 total
[2020-08-27T11:16:56.365+0000][21728][gc,age       ] GC(459) - age   9:      70896 bytes,    2558584 total
[2020-08-27T11:16:56.365+0000][21728][gc,age       ] GC(459) - age  10:      67392 bytes,    2625976 total
[2020-08-27T11:16:56.365+0000][21728][gc,age       ] GC(459) - age  11:       1008 bytes,    2626984 total
[2020-08-27T11:16:56.365+0000][21728][gc,age       ] GC(459) - age  12:       3256 bytes,    2630240 total
[2020-08-27T11:16:56.365+0000][21728][gc,age       ] GC(459) - age  13:       4816 bytes,    2635056 total
[2020-08-27T11:16:56.365+0000][21728][gc,age       ] GC(459) - age  14:         64 bytes,    2635120 total
[2020-08-27T11:16:56.365+0000][21728][gc,age       ] GC(459) - age  15:        152 bytes,    2635272 total
[2020-08-27T11:16:56.365+0000][21728][gc,phases    ] GC(459)   Pre Evacuate Collection Set: 0.4ms
[2020-08-27T11:16:56.365+0000][21728][gc,phases    ] GC(459)   Merge Heap Roots: 0.1ms
[2020-08-27T11:16:56.365+0000][21728][gc,phases    ] GC(459)   Evacuate Collection Set: 2.1ms
[2020-08-27T11:16:56.365+0000][21728][gc,phases    ] GC(459)   Post Evacuate Collection Set: 0.7ms
[2020-08-27T11:16:56.365+0000][21728][gc,phases    ] GC(459)   Other: 0.8ms
[2020-08-27T11:16:56.365+0000][21728][gc,heap      ] GC(459) Eden regions: 24->0(505)
[2020-08-27T11:16:56.365+0000][21728][gc,heap      ] GC(459) Survivor regions: 2->3(64)
[2020-08-27T11:16:56.365+0000][21728][gc,heap      ] GC(459) Old regions: 80->80
[2020-08-27T11:16:56.365+0000][21728][gc,heap      ] GC(459) Archive regions: 0->0
[2020-08-27T11:16:56.365+0000][21728][gc,heap      ] GC(459) Humongous regions: 227->174
[2020-08-27T11:16:56.365+0000][21728][gc,metaspace ] GC(459) Metaspace: 88374K(94464K)->88374K(94464K) NonClass: 77124K(80640K)->77124K(80640K) Class: 11249K(13824K)->11249K(13824K)
[2020-08-27T11:16:56.365+0000][21728][gc           ] GC(459) Pause Young (Concurrent Start) (G1 Humongous Allocation) 331M->256M(1024M) 4.388ms
[2020-08-27T11:16:56.365+0000][21728][gc,cpu       ] GC(459) User=0.00s Sys=0.00s Real=0.00s
[2020-08-27T11:16:56.365+0000][21728][safepoint    ] Safepoint "G1TryInitiateConcMark", Time since last: 121595300 ns, Reaching safepoint: 196300 ns, At safepoint: 4549500 ns, Total: 4745800 ns
[2020-08-27T11:16:56.365+0000][21728][gc           ] GC(460) Concurrent Cycle
[2020-08-27T11:16:56.365+0000][21728][gc,marking   ] GC(460) Concurrent Clear Claimed Marks
[2020-08-27T11:16:56.366+0000][21728][gc,marking   ] GC(460) Concurrent Clear Claimed Marks 0.414ms
[2020-08-27T11:16:56.366+0000][21728][gc,marking   ] GC(460) Concurrent Scan Root Regions
[2020-08-27T11:16:56.368+0000][21728][gc,marking   ] GC(460) Concurrent Scan Root Regions 2.425ms
[2020-08-27T11:16:56.368+0000][21728][gc,marking   ] GC(460) Concurrent Mark (134.324s)
[2020-08-27T11:16:56.368+0000][21728][gc,marking   ] GC(460) Concurrent Mark From Roots
[2020-08-27T11:16:56.368+0000][21728][gc,task      ] GC(460) Using 2 workers of 2 for marking
[2020-08-27T11:16:56.472+0000][21728][gc,marking   ] GC(460) Concurrent Mark From Roots 103.875ms
[2020-08-27T11:16:56.472+0000][21728][gc,marking   ] GC(460) Concurrent Preclean
[2020-08-27T11:16:56.473+0000][21728][gc,marking   ] GC(460) Concurrent Preclean 0.381ms
[2020-08-27T11:16:56.473+0000][21728][gc,marking   ] GC(460) Concurrent Mark (134.324s, 134.428s) 104.380ms
[2020-08-27T11:16:56.473+0000][21728][gc,start     ] GC(460) Pause Remark
[2020-08-27T11:16:56.478+0000][21728][gc           ] GC(460) Pause Remark 288M->288M(1024M) 5.330ms
[2020-08-27T11:16:56.478+0000][21728][gc,cpu       ] GC(460) User=0.00s Sys=0.00s Real=0.00s
[2020-08-27T11:16:56.478+0000][21728][safepoint    ] Safepoint "G1Concurrent", Time since last: 107452400 ns, Reaching safepoint: 149500 ns, At safepoint: 5508100 ns, Total: 5657600 ns
[2020-08-27T11:16:56.478+0000][21728][gc,marking   ] GC(460) Concurrent Rebuild Remembered Sets
[2020-08-27T11:16:56.560+0000][21728][gc,marking   ] GC(460) Concurrent Rebuild Remembered Sets 81.475ms
[2020-08-27T11:16:56.560+0000][21728][gc,start     ] GC(460) Pause Cleanup
[2020-08-27T11:16:56.560+0000][21728][gc           ] GC(460) Pause Cleanup 361M->361M(1024M) 0.257ms
[2020-08-27T11:16:56.561+0000][21728][gc,cpu       ] GC(460) User=0.00s Sys=0.00s Real=0.00s
[2020-08-27T11:16:56.561+0000][21728][safepoint    ] Safepoint "G1Concurrent", Time since last: 81651200 ns, Reaching safepoint: 124400 ns, At safepoint: 421700 ns, Total: 546100 ns
[2020-08-27T11:16:56.561+0000][21728][gc,marking   ] GC(460) Concurrent Cleanup for Next Mark
[2020-08-27T11:16:56.562+0000][21728][gc,marking   ] GC(460) Concurrent Cleanup for Next Mark 1.589ms
[2020-08-27T11:16:56.562+0000][21728][gc           ] GC(460) Concurrent Cycle 197.021ms
[2020-08-27T11:16:57.006+0000][21728][gc,start     ] GC(461) Pause Young (Concurrent Start) (G1 Humongous Allocation)
[2020-08-27T11:16:57.006+0000][21728][gc,task      ] GC(461) Using 8 workers of 8 for evacuation
[2020-08-27T11:16:57.007+0000][21728][gc,age       ] GC(461) Desired survivor size 33554432 bytes, new threshold 15 (max threshold 15)
[2020-08-27T11:16:57.010+0000][21728][gc,age       ] GC(461) Age table with threshold 15 (max threshold 15)
[2020-08-27T11:16:57.010+0000][21728][gc,age       ] GC(461) - age   1:    2700320 bytes,    2700320 total
[2020-08-27T11:16:57.010+0000][21728][gc,age       ] GC(461) - age   2:       2024 bytes,    2702344 total
[2020-08-27T11:16:57.010+0000][21728][gc,age       ] GC(461) - age   3:       1480 bytes,    2703824 total
[2020-08-27T11:16:57.010+0000][21728][gc,age       ] GC(461) - age   4:       3672 bytes,    2707496 total
[2020-08-27T11:16:57.010+0000][21728][gc,age       ] GC(461) - age   5:        560 bytes,    2708056 total
[2020-08-27T11:16:57.010+0000][21728][gc,age       ] GC(461) - age   6:     142400 bytes,    2850456 total
[2020-08-27T11:16:57.010+0000][21728][gc,age       ] GC(461) - age   7:       1256 bytes,    2851712 total
[2020-08-27T11:16:57.010+0000][21728][gc,age       ] GC(461) - age   8:        384 bytes,    2852096 total
[2020-08-27T11:16:57.010+0000][21728][gc,age       ] GC(461) - age   9:      18008 bytes,    2870104 total
[2020-08-27T11:16:57.010+0000][21728][gc,age       ] GC(461) - age  10:      70624 bytes,    2940728 total
[2020-08-27T11:16:57.010+0000][21728][gc,age       ] GC(461) - age  11:      66968 bytes,    3007696 total
[2020-08-27T11:16:57.010+0000][21728][gc,age       ] GC(461) - age  12:       1008 bytes,    3008704 total
[2020-08-27T11:16:57.010+0000][21728][gc,age       ] GC(461) - age  13:       3256 bytes,    3011960 total
[2020-08-27T11:16:57.010+0000][21728][gc,age       ] GC(461) - age  14:       2600 bytes,    3014560 total
[2020-08-27T11:16:57.010+0000][21728][gc,age       ] GC(461) - age  15:         64 bytes,    3014624 total
[2020-08-27T11:16:57.010+0000][21728][gc,phases    ] GC(461)   Pre Evacuate Collection Set: 0.3ms
[2020-08-27T11:16:57.010+0000][21728][gc,phases    ] GC(461)   Merge Heap Roots: 0.1ms
[2020-08-27T11:16:57.010+0000][21728][gc,phases    ] GC(461)   Evacuate Collection Set: 2.1ms
[2020-08-27T11:16:57.010+0000][21728][gc,phases    ] GC(461)   Post Evacuate Collection Set: 0.7ms
[2020-08-27T11:16:57.010+0000][21728][gc,phases    ] GC(461)   Other: 0.8ms
[2020-08-27T11:16:57.011+0000][21728][gc,heap      ] GC(461) Eden regions: 51->0(505)
[2020-08-27T11:16:57.011+0000][21728][gc,heap      ] GC(461) Survivor regions: 3->3(64)
[2020-08-27T11:16:57.011+0000][21728][gc,heap      ] GC(461) Old regions: 80->80
[2020-08-27T11:16:57.011+0000][21728][gc,heap      ] GC(461) Archive regions: 0->0
[2020-08-27T11:16:57.011+0000][21728][gc,heap      ] GC(461) Humongous regions: 255->174
[2020-08-27T11:16:57.011+0000][21728][gc,metaspace ] GC(461) Metaspace: 88501K(94720K)->88501K(94720K) NonClass: 77251K(80896K)->77251K(80896K) Class: 11250K(13824K)->11250K(13824K)
[2020-08-27T11:16:57.011+0000][21728][gc           ] GC(461) Pause Young (Concurrent Start) (G1 Humongous Allocation) 388M->256M(1024M) 4.317ms
[2020-08-27T11:16:57.011+0000][21728][gc,cpu       ] GC(461) User=0.00s Sys=0.00s Real=0.00s
[2020-08-27T11:16:57.011+0000][21728][gc           ] GC(462) Concurrent Cycle
[2020-08-27T11:16:57.011+0000][21728][safepoint    ] Safepoint "G1TryInitiateConcMark", Time since last: 445556400 ns, Reaching safepoint: 155800 ns, At safepoint: 4498500 ns, Total: 4654300 ns
[2020-08-27T11:16:57.011+0000][21728][gc,marking   ] GC(462) Concurrent Clear Claimed Marks
[2020-08-27T11:16:57.011+0000][21728][gc,marking   ] GC(462) Concurrent Clear Claimed Marks 0.460ms
[2020-08-27T11:16:57.011+0000][21728][gc,marking   ] GC(462) Concurrent Scan Root Regions
[2020-08-27T11:16:57.015+0000][21728][gc,marking   ] GC(462) Concurrent Scan Root Regions 3.232ms
[2020-08-27T11:16:57.015+0000][21728][gc,marking   ] GC(462) Concurrent Mark (134.971s)
[2020-08-27T11:16:57.015+0000][21728][gc,marking   ] GC(462) Concurrent Mark From Roots
[2020-08-27T11:16:57.015+0000][21728][gc,task      ] GC(462) Using 2 workers of 2 for marking
[2020-08-27T11:16:57.126+0000][21728][gc,marking   ] GC(462) Concurrent Mark From Roots 111.551ms
[2020-08-27T11:16:57.126+0000][21728][gc,marking   ] GC(462) Concurrent Preclean
[2020-08-27T11:16:57.127+0000][21728][gc,marking   ] GC(462) Concurrent Preclean 0.496ms
[2020-08-27T11:16:57.127+0000][21728][gc,marking   ] GC(462) Concurrent Mark (134.971s, 135.083s) 112.216ms
[2020-08-27T11:16:57.127+0000][21728][gc,start     ] GC(462) Pause Remark
[2020-08-27T11:16:57.133+0000][21728][gc           ] GC(462) Pause Remark 319M->319M(1024M) 6.069ms
[2020-08-27T11:16:57.133+0000][21728][gc,cpu       ] GC(462) User=0.00s Sys=0.00s Real=0.01s
[2020-08-27T11:16:57.134+0000][21728][safepoint    ] Safepoint "G1Concurrent", Time since last: 116225900 ns, Reaching safepoint: 199600 ns, At safepoint: 6270400 ns, Total: 6470000 ns
[2020-08-27T11:16:57.134+0000][21728][gc,marking   ] GC(462) Concurrent Rebuild Remembered Sets
[2020-08-27T11:16:57.204+0000][21728][gc,marking   ] GC(462) Concurrent Rebuild Remembered Sets 70.627ms
[2020-08-27T11:16:57.205+0000][21728][gc,start     ] GC(462) Pause Cleanup
[2020-08-27T11:16:57.205+0000][21728][gc           ] GC(462) Pause Cleanup 389M->389M(1024M) 0.285ms
[2020-08-27T11:16:57.205+0000][21728][gc,cpu       ] GC(462) User=0.00s Sys=0.00s Real=0.00s
[2020-08-27T11:16:57.205+0000][21728][safepoint    ] Safepoint "G1Concurrent", Time since last: 70828800 ns, Reaching safepoint: 128700 ns, At safepoint: 439600 ns, Total: 568300 ns
[2020-08-27T11:16:57.205+0000][21728][gc,marking   ] GC(462) Concurrent Cleanup for Next Mark
[2020-08-27T11:16:57.206+0000][21728][gc,marking   ] GC(462) Concurrent Cleanup for Next Mark 1.425ms
[2020-08-27T11:16:57.207+0000][21728][gc           ] GC(462) Concurrent Cycle 195.770ms
[2020-08-27T11:16:57.308+0000][21728][gc,start     ] GC(463) Pause Young (Concurrent Start) (G1 Humongous Allocation)
[2020-08-27T11:16:57.308+0000][21728][gc,task      ] GC(463) Using 8 workers of 8 for evacuation
[2020-08-27T11:16:57.308+0000][21728][gc,age       ] GC(463) Desired survivor size 33554432 bytes, new threshold 15 (max threshold 15)
[2020-08-27T11:16:57.312+0000][21728][gc,age       ] GC(463) Age table with threshold 15 (max threshold 15)
[2020-08-27T11:16:57.312+0000][21728][gc,age       ] GC(463) - age   1:    1027368 bytes,    1027368 total
[2020-08-27T11:16:57.312+0000][21728][gc,age       ] GC(463) - age   2:      23976 bytes,    1051344 total
[2020-08-27T11:16:57.312+0000][21728][gc,age       ] GC(463) - age   3:       1728 bytes,    1053072 total
[2020-08-27T11:16:57.312+0000][21728][gc,age       ] GC(463) - age   4:        664 bytes,    1053736 total
[2020-08-27T11:16:57.312+0000][21728][gc,age       ] GC(463) - age   5:       3576 bytes,    1057312 total
[2020-08-27T11:16:57.312+0000][21728][gc,age       ] GC(463) - age   6:        528 bytes,    1057840 total
[2020-08-27T11:16:57.312+0000][21728][gc,age       ] GC(463) - age   7:     142360 bytes,    1200200 total
[2020-08-27T11:16:57.312+0000][21728][gc,age       ] GC(463) - age   8:       1256 bytes,    1201456 total
[2020-08-27T11:16:57.312+0000][21728][gc,age       ] GC(463) - age   9:        184 bytes,    1201640 total
[2020-08-27T11:16:57.312+0000][21728][gc,age       ] GC(463) - age  10:      18008 bytes,    1219648 total
[2020-08-27T11:16:57.312+0000][21728][gc,age       ] GC(463) - age  11:      70592 bytes,    1290240 total
[2020-08-27T11:16:57.312+0000][21728][gc,age       ] GC(463) - age  12:      66936 bytes,    1357176 total
[2020-08-27T11:16:57.312+0000][21728][gc,age       ] GC(463) - age  13:       1008 bytes,    1358184 total
[2020-08-27T11:16:57.312+0000][21728][gc,age       ] GC(463) - age  14:       3256 bytes,    1361440 total
[2020-08-27T11:16:57.312+0000][21728][gc,age       ] GC(463) - age  15:       2600 bytes,    1364040 total
[2020-08-27T11:16:57.312+0000][21728][gc,phases    ] GC(463)   Pre Evacuate Collection Set: 0.5ms
[2020-08-27T11:16:57.312+0000][21728][gc,phases    ] GC(463)   Merge Heap Roots: 0.1ms
[2020-08-27T11:16:57.312+0000][21728][gc,phases    ] GC(463)   Evacuate Collection Set: 2.0ms
[2020-08-27T11:16:57.312+0000][21728][gc,phases    ] GC(463)   Post Evacuate Collection Set: 0.6ms
[2020-08-27T11:16:57.312+0000][21728][gc,phases    ] GC(463)   Other: 0.8ms
[2020-08-27T11:16:57.312+0000][21728][gc,heap      ] GC(463) Eden regions: 36->0(506)
[2020-08-27T11:16:57.312+0000][21728][gc,heap      ] GC(463) Survivor regions: 3->2(64)
[2020-08-27T11:16:57.312+0000][21728][gc,heap      ] GC(463) Old regions: 80->80
[2020-08-27T11:16:57.312+0000][21728][gc,heap      ] GC(463) Archive regions: 0->0
[2020-08-27T11:16:57.312+0000][21728][gc,heap      ] GC(463) Humongous regions: 278->174
[2020-08-27T11:16:57.313+0000][21728][gc,metaspace ] GC(463) Metaspace: 88501K(94720K)->88501K(94720K) NonClass: 77251K(80896K)->77251K(80896K) Class: 11250K(13824K)->11250K(13824K)
[2020-08-27T11:16:57.313+0000][21728][gc           ] GC(463) Pause Young (Concurrent Start) (G1 Humongous Allocation) 396M->255M(1024M) 4.397ms
[2020-08-27T11:16:57.313+0000][21728][gc,cpu       ] GC(463) User=0.00s Sys=0.00s Real=0.00s
[2020-08-27T11:16:57.313+0000][21728][gc           ] GC(464) Concurrent Cycle
[2020-08-27T11:16:57.313+0000][21728][safepoint    ] Safepoint "G1TryInitiateConcMark", Time since last: 103060000 ns, Reaching safepoint: 126100 ns, At safepoint: 4584900 ns, Total: 4711000 ns
[2020-08-27T11:16:57.313+0000][21728][gc,marking   ] GC(464) Concurrent Clear Claimed Marks
[2020-08-27T11:16:57.313+0000][21728][gc,marking   ] GC(464) Concurrent Clear Claimed Marks 0.422ms
[2020-08-27T11:16:57.313+0000][21728][gc,marking   ] GC(464) Concurrent Scan Root Regions
[2020-08-27T11:16:57.315+0000][21728][gc,marking   ] GC(464) Concurrent Scan Root Regions 1.979ms
[2020-08-27T11:16:57.315+0000][21728][gc,marking   ] GC(464) Concurrent Mark (135.271s)
[2020-08-27T11:16:57.315+0000][21728][gc,marking   ] GC(464) Concurrent Mark From Roots
[2020-08-27T11:16:57.315+0000][21728][gc,task      ] GC(464) Using 2 workers of 2 for marking
[2020-08-27T11:16:57.446+0000][21728][gc,marking   ] GC(464) Concurrent Mark From Roots 130.642ms
[2020-08-27T11:16:57.446+0000][21728][gc,marking   ] GC(464) Concurrent Preclean
[2020-08-27T11:16:57.447+0000][21728][gc,marking   ] GC(464) Concurrent Preclean 0.737ms
[2020-08-27T11:16:57.447+0000][21728][gc,marking   ] GC(464) Concurrent Mark (135.271s, 135.403s) 131.635ms
[2020-08-27T11:16:57.447+0000][21728][gc,start     ] GC(464) Pause Remark
[2020-08-27T11:16:57.453+0000][21728][gc           ] GC(464) Pause Remark 271M->271M(1024M) 5.940ms
[2020-08-27T11:16:57.453+0000][21728][gc,cpu       ] GC(464) User=0.00s Sys=0.00s Real=0.01s
[2020-08-27T11:16:57.453+0000][21728][safepoint    ] Safepoint "G1Concurrent", Time since last: 134244400 ns, Reaching safepoint: 143700 ns, At safepoint: 6166500 ns, Total: 6310200 ns
[2020-08-27T11:16:57.453+0000][21728][gc,marking   ] GC(464) Concurrent Rebuild Remembered Sets
[2020-08-27T11:16:57.529+0000][21728][gc,marking   ] GC(464) Concurrent Rebuild Remembered Sets 75.163ms
[2020-08-27T11:16:57.529+0000][21728][gc,start     ] GC(464) Pause Cleanup
[2020-08-27T11:16:57.529+0000][21728][gc           ] GC(464) Pause Cleanup 289M->289M(1024M) 0.284ms
[2020-08-27T11:16:57.529+0000][21728][gc,cpu       ] GC(464) User=0.00s Sys=0.00s Real=0.00s
[2020-08-27T11:16:57.529+0000][21728][safepoint    ] Safepoint "G1Concurrent", Time since last: 75584900 ns, Reaching safepoint: 165500 ns, At safepoint: 473500 ns, Total: 639000 ns
[2020-08-27T11:16:57.530+0000][21728][gc,marking   ] GC(464) Concurrent Cleanup for Next Mark
[2020-08-27T11:16:57.531+0000][21728][gc,marking   ] GC(464) Concurrent Cleanup for Next Mark 1.479ms
[2020-08-27T11:16:57.531+0000][21728][gc           ] GC(464) Concurrent Cycle 218.431ms
[2020-08-27T11:16:57.624+0000][21728][gc,start     ] GC(465) Pause Young (Concurrent Start) (G1 Humongous Allocation)
[2020-08-27T11:16:57.624+0000][21728][gc,task      ] GC(465) Using 8 workers of 8 for evacuation
[2020-08-27T11:16:57.624+0000][21728][gc,age       ] GC(465) Desired survivor size 33554432 bytes, new threshold 15 (max threshold 15)
[2020-08-27T11:16:57.628+0000][21728][gc,age       ] GC(465) Age table with threshold 15 (max threshold 15)
[2020-08-27T11:16:57.628+0000][21728][gc,age       ] GC(465) - age   1:    1910568 bytes,    1910568 total
[2020-08-27T11:16:57.628+0000][21728][gc,age       ] GC(465) - age   2:     403768 bytes,    2314336 total
[2020-08-27T11:16:57.628+0000][21728][gc,age       ] GC(465) - age   3:      20592 bytes,    2334928 total
[2020-08-27T11:16:57.628+0000][21728][gc,age       ] GC(465) - age   4:       1240 bytes,    2336168 total
[2020-08-27T11:16:57.628+0000][21728][gc,age       ] GC(465) - age   5:        440 bytes,    2336608 total
[2020-08-27T11:16:57.628+0000][21728][gc,age       ] GC(465) - age   6:       3320 bytes,    2339928 total
[2020-08-27T11:16:57.628+0000][21728][gc,age       ] GC(465) - age   7:        528 bytes,    2340456 total
[2020-08-27T11:16:57.628+0000][21728][gc,age       ] GC(465) - age   8:     139904 bytes,    2480360 total
[2020-08-27T11:16:57.628+0000][21728][gc,age       ] GC(465) - age   9:       1032 bytes,    2481392 total
[2020-08-27T11:16:57.628+0000][21728][gc,age       ] GC(465) - age  10:        184 bytes,    2481576 total
[2020-08-27T11:16:57.628+0000][21728][gc,age       ] GC(465) - age  11:      18008 bytes,    2499584 total
[2020-08-27T11:16:57.628+0000][21728][gc,age       ] GC(465) - age  12:      70592 bytes,    2570176 total
[2020-08-27T11:16:57.628+0000][21728][gc,age       ] GC(465) - age  13:      66936 bytes,    2637112 total
[2020-08-27T11:16:57.628+0000][21728][gc,age       ] GC(465) - age  14:        944 bytes,    2638056 total
[2020-08-27T11:16:57.628+0000][21728][gc,age       ] GC(465) - age  15:       3256 bytes,    2641312 total
[2020-08-27T11:16:57.628+0000][21728][gc,phases    ] GC(465)   Pre Evacuate Collection Set: 0.4ms
[2020-08-27T11:16:57.628+0000][21728][gc,phases    ] GC(465)   Merge Heap Roots: 0.1ms
[2020-08-27T11:16:57.628+0000][21728][gc,phases    ] GC(465)   Evacuate Collection Set: 2.2ms
[2020-08-27T11:16:57.628+0000][21728][gc,phases    ] GC(465)   Post Evacuate Collection Set: 0.8ms
[2020-08-27T11:16:57.628+0000][21728][gc,phases    ] GC(465)   Other: 0.7ms
[2020-08-27T11:16:57.628+0000][21728][gc,heap      ] GC(465) Eden regions: 24->0(505)
[2020-08-27T11:16:57.628+0000][21728][gc,heap      ] GC(465) Survivor regions: 2->3(64)
[2020-08-27T11:16:57.628+0000][21728][gc,heap      ] GC(465) Old regions: 80->80
[2020-08-27T11:16:57.628+0000][21728][gc,heap      ] GC(465) Archive regions: 0->0
[2020-08-27T11:16:57.628+0000][21728][gc,heap      ] GC(465) Humongous regions: 227->174
[2020-08-27T11:16:57.628+0000][21728][gc,metaspace ] GC(465) Metaspace: 88501K(94720K)->88501K(94720K) NonClass: 77251K(80896K)->77251K(80896K) Class: 11250K(13824K)->11250K(13824K)
[2020-08-27T11:16:57.628+0000][21728][gc           ] GC(465) Pause Young (Concurrent Start) (G1 Humongous Allocation) 331M->256M(1024M) 4.356ms
[2020-08-27T11:16:57.629+0000][21728][gc,cpu       ] GC(465) User=0.11s Sys=0.00s Real=0.00s
[2020-08-27T11:16:57.629+0000][21728][safepoint    ] Safepoint "G1TryInitiateConcMark", Time since last: 94369800 ns, Reaching safepoint: 180000 ns, At safepoint: 4545700 ns, Total: 4725700 ns
[2020-08-27T11:16:57.629+0000][21728][gc           ] GC(466) Concurrent Cycle
[2020-08-27T11:16:57.629+0000][21728][gc,marking   ] GC(466) Concurrent Clear Claimed Marks
[2020-08-27T11:16:57.629+0000][21728][gc,marking   ] GC(466) Concurrent Clear Claimed Marks 0.569ms
[2020-08-27T11:16:57.629+0000][21728][gc,marking   ] GC(466) Concurrent Scan Root Regions
[2020-08-27T11:16:57.632+0000][21728][gc,marking   ] GC(466) Concurrent Scan Root Regions 2.556ms
[2020-08-27T11:16:57.632+0000][21728][gc,marking   ] GC(466) Concurrent Mark (135.588s)
[2020-08-27T11:16:57.632+0000][21728][gc,marking   ] GC(466) Concurrent Mark From Roots
[2020-08-27T11:16:57.632+0000][21728][gc,task      ] GC(466) Using 2 workers of 2 for marking
[2020-08-27T11:16:57.776+0000][21728][gc,marking   ] GC(466) Concurrent Mark From Roots 144.342ms
[2020-08-27T11:16:57.776+0000][21728][gc,marking   ] GC(466) Concurrent Preclean
[2020-08-27T11:16:57.777+0000][21728][gc,marking   ] GC(466) Concurrent Preclean 0.679ms
[2020-08-27T11:16:57.777+0000][21728][gc,marking   ] GC(466) Concurrent Mark (135.588s, 135.733s) 145.203ms
[2020-08-27T11:16:57.777+0000][21728][gc,start     ] GC(466) Pause Remark
[2020-08-27T11:16:57.784+0000][21728][gc           ] GC(466) Pause Remark 291M->291M(1024M) 6.071ms
[2020-08-27T11:16:57.784+0000][21728][gc,cpu       ] GC(466) User=0.11s Sys=0.00s Real=0.01s
[2020-08-27T11:16:57.784+0000][21728][safepoint    ] Safepoint "G1Concurrent", Time since last: 148745800 ns, Reaching safepoint: 133200 ns, At safepoint: 6313600 ns, Total: 6446800 ns
[2020-08-27T11:16:57.784+0000][21728][gc,marking   ] GC(466) Concurrent Rebuild Remembered Sets
[2020-08-27T11:16:57.860+0000][21728][gc,marking   ] GC(466) Concurrent Rebuild Remembered Sets 76.393ms
[2020-08-27T11:16:57.860+0000][21728][gc,start     ] GC(466) Pause Cleanup
[2020-08-27T11:16:57.860+0000][21728][gc           ] GC(466) Pause Cleanup 361M->361M(1024M) 0.392ms
[2020-08-27T11:16:57.860+0000][21728][gc,cpu       ] GC(466) User=0.00s Sys=0.00s Real=0.00s
[2020-08-27T11:16:57.860+0000][21728][safepoint    ] Safepoint "G1Concurrent", Time since last: 76558600 ns, Reaching safepoint: 137300 ns, At safepoint: 537600 ns, Total: 674900 ns
[2020-08-27T11:16:57.861+0000][21728][gc,marking   ] GC(466) Concurrent Cleanup for Next Mark
[2020-08-27T11:16:57.862+0000][21728][gc,marking   ] GC(466) Concurrent Cleanup for Next Mark 1.528ms
[2020-08-27T11:16:57.862+0000][21728][gc           ] GC(466) Concurrent Cycle 234.099ms
[2020-08-27T11:16:58.021+0000][21728][gc,start     ] GC(467) Pause Young (Concurrent Start) (G1 Humongous Allocation)
[2020-08-27T11:16:58.021+0000][21728][gc,task      ] GC(467) Using 8 workers of 8 for evacuation
[2020-08-27T11:16:58.021+0000][21728][gc,age       ] GC(467) Desired survivor size 33554432 bytes, new threshold 15 (max threshold 15)
[2020-08-27T11:16:58.025+0000][21728][gc,age       ] GC(467) Age table with threshold 15 (max threshold 15)
[2020-08-27T11:16:58.025+0000][21728][gc,age       ] GC(467) - age   1:    2689784 bytes,    2689784 total
[2020-08-27T11:16:58.025+0000][21728][gc,age       ] GC(467) - age   2:       2160 bytes,    2691944 total
[2020-08-27T11:16:58.025+0000][21728][gc,age       ] GC(467) - age   3:       1600 bytes,    2693544 total
[2020-08-27T11:16:58.025+0000][21728][gc,age       ] GC(467) - age   4:      14384 bytes,    2707928 total
[2020-08-27T11:16:58.025+0000][21728][gc,age       ] GC(467) - age   5:        888 bytes,    2708816 total
[2020-08-27T11:16:58.025+0000][21728][gc,age       ] GC(467) - age   6:        376 bytes,    2709192 total
[2020-08-27T11:16:58.025+0000][21728][gc,age       ] GC(467) - age   7:       3288 bytes,    2712480 total
[2020-08-27T11:16:58.025+0000][21728][gc,age       ] GC(467) - age   8:        528 bytes,    2713008 total
[2020-08-27T11:16:58.025+0000][21728][gc,age       ] GC(467) - age   9:     139904 bytes,    2852912 total
[2020-08-27T11:16:58.025+0000][21728][gc,age       ] GC(467) - age  10:       1032 bytes,    2853944 total
[2020-08-27T11:16:58.025+0000][21728][gc,age       ] GC(467) - age  11:        184 bytes,    2854128 total
[2020-08-27T11:16:58.025+0000][21728][gc,age       ] GC(467) - age  12:      18008 bytes,    2872136 total
[2020-08-27T11:16:58.025+0000][21728][gc,age       ] GC(467) - age  13:      70496 bytes,    2942632 total
[2020-08-27T11:16:58.025+0000][21728][gc,age       ] GC(467) - age  14:      66936 bytes,    3009568 total
[2020-08-27T11:16:58.025+0000][21728][gc,age       ] GC(467) - age  15:        944 bytes,    3010512 total
[2020-08-27T11:16:58.025+0000][21728][gc,phases    ] GC(467)   Pre Evacuate Collection Set: 0.4ms
[2020-08-27T11:16:58.025+0000][21728][gc,phases    ] GC(467)   Merge Heap Roots: 0.1ms
[2020-08-27T11:16:58.025+0000][21728][gc,phases    ] GC(467)   Evacuate Collection Set: 2.1ms
[2020-08-27T11:16:58.025+0000][21728][gc,phases    ] GC(467)   Post Evacuate Collection Set: 0.8ms
[2020-08-27T11:16:58.025+0000][21728][gc,phases    ] GC(467)   Other: 0.6ms
[2020-08-27T11:16:58.025+0000][21728][gc,heap      ] GC(467) Eden regions: 41->0(505)
[2020-08-27T11:16:58.025+0000][21728][gc,heap      ] GC(467) Survivor regions: 3->3(64)
[2020-08-27T11:16:58.025+0000][21728][gc,heap      ] GC(467) Old regions: 80->80
[2020-08-27T11:16:58.025+0000][21728][gc,heap      ] GC(467) Archive regions: 0->0
[2020-08-27T11:16:58.025+0000][21728][gc,heap      ] GC(467) Humongous regions: 255->174
[2020-08-27T11:16:58.025+0000][21728][gc,metaspace ] GC(467) Metaspace: 88506K(94720K)->88506K(94720K) NonClass: 77255K(80896K)->77255K(80896K) Class: 11250K(13824K)->11250K(13824K)
[2020-08-27T11:16:58.025+0000][21728][gc           ] GC(467) Pause Young (Concurrent Start) (G1 Humongous Allocation) 378M->256M(1024M) 4.222ms
[2020-08-27T11:16:58.025+0000][21728][gc,cpu       ] GC(467) User=0.00s Sys=0.00s Real=0.00s
[2020-08-27T11:16:58.025+0000][21728][safepoint    ] Safepoint "G1TryInitiateConcMark", Time since last: 160468300 ns, Reaching safepoint: 155700 ns, At safepoint: 4347900 ns, Total: 4503600 ns
[2020-08-27T11:16:58.025+0000][21728][gc           ] GC(468) Concurrent Cycle
[2020-08-27T11:16:58.026+0000][21728][gc,marking   ] GC(468) Concurrent Clear Claimed Marks
[2020-08-27T11:16:58.026+0000][21728][gc,marking   ] GC(468) Concurrent Clear Claimed Marks 0.367ms
[2020-08-27T11:16:58.026+0000][21728][gc,marking   ] GC(468) Concurrent Scan Root Regions
[2020-08-27T11:16:58.029+0000][21728][gc,marking   ] GC(468) Concurrent Scan Root Regions 2.608ms
[2020-08-27T11:16:58.029+0000][21728][gc,marking   ] GC(468) Concurrent Mark (135.985s)
[2020-08-27T11:16:58.029+0000][21728][gc,marking   ] GC(468) Concurrent Mark From Roots
[2020-08-27T11:16:58.029+0000][21728][gc,task      ] GC(468) Using 2 workers of 2 for marking
[2020-08-27T11:16:58.132+0000][21728][gc,marking   ] GC(468) Concurrent Mark From Roots 102.269ms
[2020-08-27T11:16:58.132+0000][21728][gc,marking   ] GC(468) Concurrent Preclean
[2020-08-27T11:16:58.132+0000][21728][gc,marking   ] GC(468) Concurrent Preclean 0.414ms
[2020-08-27T11:16:58.132+0000][21728][gc,marking   ] GC(468) Concurrent Mark (135.985s, 136.088s) 102.834ms
[2020-08-27T11:16:58.132+0000][21728][gc,start     ] GC(468) Pause Remark
[2020-08-27T11:16:58.138+0000][21728][gc           ] GC(468) Pause Remark 319M->319M(1024M) 5.640ms
[2020-08-27T11:16:58.138+0000][21728][gc,cpu       ] GC(468) User=0.00s Sys=0.00s Real=0.01s
[2020-08-27T11:16:58.138+0000][21728][safepoint    ] Safepoint "G1Concurrent", Time since last: 106235700 ns, Reaching safepoint: 140900 ns, At safepoint: 5807800 ns, Total: 5948700 ns
[2020-08-27T11:16:58.138+0000][21728][gc,marking   ] GC(468) Concurrent Rebuild Remembered Sets
[2020-08-27T11:16:58.215+0000][21728][gc,marking   ] GC(468) Concurrent Rebuild Remembered Sets 76.880ms
[2020-08-27T11:16:58.215+0000][21728][gc,start     ] GC(468) Pause Cleanup
[2020-08-27T11:16:58.216+0000][21728][gc           ] GC(468) Pause Cleanup 388M->388M(1024M) 0.273ms
[2020-08-27T11:16:58.216+0000][21728][gc,cpu       ] GC(468) User=0.00s Sys=0.00s Real=0.00s
[2020-08-27T11:16:58.216+0000][21728][safepoint    ] Safepoint "G1Concurrent", Time since last: 77042300 ns, Reaching safepoint: 143400 ns, At safepoint: 405900 ns, Total: 549300 ns
[2020-08-27T11:16:58.216+0000][21728][gc,marking   ] GC(468) Concurrent Cleanup for Next Mark
[2020-08-27T11:16:58.217+0000][21728][gc,marking   ] GC(468) Concurrent Cleanup for Next Mark 1.422ms
[2020-08-27T11:16:58.217+0000][21728][gc           ] GC(468) Concurrent Cycle 191.329ms
[2020-08-27T11:16:58.356+0000][21728][gc,start     ] GC(469) Pause Young (Concurrent Start) (G1 Humongous Allocation)
[2020-08-27T11:16:58.356+0000][21728][gc,task      ] GC(469) Using 8 workers of 8 for evacuation
[2020-08-27T11:16:58.356+0000][21728][gc,age       ] GC(469) Desired survivor size 33554432 bytes, new threshold 15 (max threshold 15)
[2020-08-27T11:16:58.358+0000][21728][gc,age       ] GC(469) Age table with threshold 15 (max threshold 15)
[2020-08-27T11:16:58.359+0000][21728][gc,age       ] GC(469) - age   1:    1027080 bytes,    1027080 total
[2020-08-27T11:16:58.359+0000][21728][gc,age       ] GC(469) - age   2:      13376 bytes,    1040456 total
[2020-08-27T11:16:58.359+0000][21728][gc,age       ] GC(469) - age   3:       2056 bytes,    1042512 total
[2020-08-27T11:16:58.359+0000][21728][gc,age       ] GC(469) - age   4:        632 bytes,    1043144 total
[2020-08-27T11:16:58.359+0000][21728][gc,age       ] GC(469) - age   5:      14288 bytes,    1057432 total
[2020-08-27T11:16:58.359+0000][21728][gc,age       ] GC(469) - age   6:        856 bytes,    1058288 total
[2020-08-27T11:16:58.359+0000][21728][gc,age       ] GC(469) - age   7:        376 bytes,    1058664 total
[2020-08-27T11:16:58.359+0000][21728][gc,age       ] GC(469) - age   8:       3288 bytes,    1061952 total
[2020-08-27T11:16:58.359+0000][21728][gc,age       ] GC(469) - age   9:        528 bytes,    1062480 total
[2020-08-27T11:16:58.359+0000][21728][gc,age       ] GC(469) - age  10:     139904 bytes,    1202384 total
[2020-08-27T11:16:58.359+0000][21728][gc,age       ] GC(469) - age  11:       1032 bytes,    1203416 total
[2020-08-27T11:16:58.359+0000][21728][gc,age       ] GC(469) - age  12:        184 bytes,    1203600 total
[2020-08-27T11:16:58.359+0000][21728][gc,age       ] GC(469) - age  13:      18008 bytes,    1221608 total
[2020-08-27T11:16:58.359+0000][21728][gc,age       ] GC(469) - age  14:      70496 bytes,    1292104 total
[2020-08-27T11:16:58.359+0000][21728][gc,age       ] GC(469) - age  15:      66936 bytes,    1359040 total
[2020-08-27T11:16:58.359+0000][21728][gc,phases    ] GC(469)   Pre Evacuate Collection Set: 0.3ms
[2020-08-27T11:16:58.359+0000][21728][gc,phases    ] GC(469)   Merge Heap Roots: 0.1ms
[2020-08-27T11:16:58.359+0000][21728][gc,phases    ] GC(469)   Evacuate Collection Set: 1.7ms
[2020-08-27T11:16:58.359+0000][21728][gc,phases    ] GC(469)   Post Evacuate Collection Set: 0.5ms
[2020-08-27T11:16:58.359+0000][21728][gc,phases    ] GC(469)   Other: 0.6ms
[2020-08-27T11:16:58.359+0000][21728][gc,heap      ] GC(469) Eden regions: 35->0(506)
[2020-08-27T11:16:58.359+0000][21728][gc,heap      ] GC(469) Survivor regions: 3->2(64)
[2020-08-27T11:16:58.359+0000][21728][gc,heap      ] GC(469) Old regions: 80->80
[2020-08-27T11:16:58.359+0000][21728][gc,heap      ] GC(469) Archive regions: 0->0
[2020-08-27T11:16:58.359+0000][21728][gc,heap      ] GC(469) Humongous regions: 278->174
[2020-08-27T11:16:58.359+0000][21728][gc,metaspace ] GC(469) Metaspace: 88506K(94720K)->88506K(94720K) NonClass: 77255K(80896K)->77255K(80896K) Class: 11250K(13824K)->11250K(13824K)
[2020-08-27T11:16:58.359+0000][21728][gc           ] GC(469) Pause Young (Concurrent Start) (G1 Humongous Allocation) 395M->255M(1024M) 3.535ms
[2020-08-27T11:16:58.359+0000][21728][gc,cpu       ] GC(469) User=0.00s Sys=0.00s Real=0.00s
[2020-08-27T11:16:58.359+0000][21728][safepoint    ] Safepoint "G1TryInitiateConcMark", Time since last: 139787400 ns, Reaching safepoint: 143300 ns, At safepoint: 3663400 ns, Total: 3806700 ns
[2020-08-27T11:16:58.359+0000][21728][gc           ] GC(470) Concurrent Cycle
[2020-08-27T11:16:58.359+0000][21728][gc,marking   ] GC(470) Concurrent Clear Claimed Marks
[2020-08-27T11:16:58.360+0000][21728][gc,marking   ] GC(470) Concurrent Clear Claimed Marks 0.358ms
[2020-08-27T11:16:58.360+0000][21728][gc,marking   ] GC(470) Concurrent Scan Root Regions
[2020-08-27T11:16:58.362+0000][21728][gc,marking   ] GC(470) Concurrent Scan Root Regions 1.854ms
[2020-08-27T11:16:58.362+0000][21728][gc,marking   ] GC(470) Concurrent Mark (136.317s)
[2020-08-27T11:16:58.362+0000][21728][gc,marking   ] GC(470) Concurrent Mark From Roots
[2020-08-27T11:16:58.362+0000][21728][gc,task      ] GC(470) Using 2 workers of 2 for marking
[2020-08-27T11:16:58.503+0000][21728][gc,marking   ] GC(470) Concurrent Mark From Roots 141.740ms
[2020-08-27T11:16:58.504+0000][21728][gc,marking   ] GC(470) Concurrent Preclean
[2020-08-27T11:16:58.504+0000][21728][gc,marking   ] GC(470) Concurrent Preclean 0.514ms
[2020-08-27T11:16:58.504+0000][21728][gc,marking   ] GC(470) Concurrent Mark (136.317s, 136.460s) 142.467ms
[2020-08-27T11:16:58.504+0000][21728][gc,start     ] GC(470) Pause Remark
[2020-08-27T11:16:58.510+0000][21728][gc           ] GC(470) Pause Remark 270M->270M(1024M) 5.822ms
[2020-08-27T11:16:58.510+0000][21728][gc,cpu       ] GC(470) User=0.00s Sys=0.00s Real=0.01s
[2020-08-27T11:16:58.510+0000][21728][safepoint    ] Safepoint "G1Concurrent", Time since last: 144952500 ns, Reaching safepoint: 139900 ns, At safepoint: 5980200 ns, Total: 6120100 ns
[2020-08-27T11:16:58.510+0000][21728][gc,marking   ] GC(470) Concurrent Rebuild Remembered Sets
[2020-08-27T11:16:58.601+0000][21728][gc,marking   ] GC(470) Concurrent Rebuild Remembered Sets 90.891ms
[2020-08-27T11:16:58.602+0000][21728][gc,start     ] GC(470) Pause Cleanup
[2020-08-27T11:16:58.603+0000][21728][gc           ] GC(470) Pause Cleanup 288M->288M(1024M) 0.974ms
[2020-08-27T11:16:58.603+0000][21728][gc,cpu       ] GC(470) User=0.00s Sys=0.00s Real=0.00s
[2020-08-27T11:16:58.603+0000][21728][safepoint    ] Safepoint "G1Concurrent", Time since last: 91276000 ns, Reaching safepoint: 438500 ns, At safepoint: 1423500 ns, Total: 1862000 ns
[2020-08-27T11:16:58.603+0000][21728][gc,marking   ] GC(470) Concurrent Cleanup for Next Mark
[2020-08-27T11:16:58.605+0000][21728][gc,marking   ] GC(470) Concurrent Cleanup for Next Mark 1.998ms
[2020-08-27T11:16:58.606+0000][21728][gc           ] GC(470) Concurrent Cycle 246.456ms
[2020-08-27T11:16:58.796+0000][21728][gc,start     ] GC(471) Pause Young (Concurrent Start) (G1 Humongous Allocation)
[2020-08-27T11:16:58.796+0000][21728][gc,task      ] GC(471) Using 8 workers of 8 for evacuation
[2020-08-27T11:16:58.796+0000][21728][gc,age       ] GC(471) Desired survivor size 33554432 bytes, new threshold 15 (max threshold 15)
[2020-08-27T11:16:58.800+0000][21728][gc,age       ] GC(471) Age table with threshold 15 (max threshold 15)
[2020-08-27T11:16:58.800+0000][21728][gc,age       ] GC(471) - age   1:    1911216 bytes,    1911216 total
[2020-08-27T11:16:58.800+0000][21728][gc,age       ] GC(471) - age   2:     403512 bytes,    2314728 total
[2020-08-27T11:16:58.800+0000][21728][gc,age       ] GC(471) - age   3:       9416 bytes,    2324144 total
[2020-08-27T11:16:58.800+0000][21728][gc,age       ] GC(471) - age   4:       1624 bytes,    2325768 total
[2020-08-27T11:16:58.800+0000][21728][gc,age       ] GC(471) - age   5:        408 bytes,    2326176 total
[2020-08-27T11:16:58.800+0000][21728][gc,age       ] GC(471) - age   6:      13856 bytes,    2340032 total
[2020-08-27T11:16:58.800+0000][21728][gc,age       ] GC(471) - age   7:        504 bytes,    2340536 total
[2020-08-27T11:16:58.800+0000][21728][gc,age       ] GC(471) - age   8:        376 bytes,    2340912 total
[2020-08-27T11:16:58.800+0000][21728][gc,age       ] GC(471) - age   9:        784 bytes,    2341696 total
[2020-08-27T11:16:58.800+0000][21728][gc,age       ] GC(471) - age  10:        528 bytes,    2342224 total
[2020-08-27T11:16:58.800+0000][21728][gc,age       ] GC(471) - age  11:     139904 bytes,    2482128 total
[2020-08-27T11:16:58.800+0000][21728][gc,age       ] GC(471) - age  12:        776 bytes,    2482904 total
[2020-08-27T11:16:58.801+0000][21728][gc,age       ] GC(471) - age  13:        184 bytes,    2483088 total
[2020-08-27T11:16:58.801+0000][21728][gc,age       ] GC(471) - age  14:      18008 bytes,    2501096 total
[2020-08-27T11:16:58.801+0000][21728][gc,age       ] GC(471) - age  15:      70496 bytes,    2571592 total
[2020-08-27T11:16:58.801+0000][21728][gc,phases    ] GC(471)   Pre Evacuate Collection Set: 0.5ms
[2020-08-27T11:16:58.801+0000][21728][gc,phases    ] GC(471)   Merge Heap Roots: 0.1ms
[2020-08-27T11:16:58.801+0000][21728][gc,phases    ] GC(471)   Evacuate Collection Set: 2.1ms
[2020-08-27T11:16:58.801+0000][21728][gc,phases    ] GC(471)   Post Evacuate Collection Set: 0.7ms
[2020-08-27T11:16:58.801+0000][21728][gc,phases    ] GC(471)   Other: 1.3ms
[2020-08-27T11:16:58.801+0000][21728][gc,heap      ] GC(471) Eden regions: 24->0(505)
[2020-08-27T11:16:58.801+0000][21728][gc,heap      ] GC(471) Survivor regions: 2->3(64)
[2020-08-27T11:16:58.801+0000][21728][gc,heap      ] GC(471) Old regions: 80->80
[2020-08-27T11:16:58.801+0000][21728][gc,heap      ] GC(471) Archive regions: 0->0
[2020-08-27T11:16:58.801+0000][21728][gc,heap      ] GC(471) Humongous regions: 227->174
[2020-08-27T11:16:58.801+0000][21728][gc,metaspace ] GC(471) Metaspace: 88506K(94720K)->88506K(94720K) NonClass: 77256K(80896K)->77256K(80896K) Class: 11250K(13824K)->11250K(13824K)
[2020-08-27T11:16:58.801+0000][21728][gc           ] GC(471) Pause Young (Concurrent Start) (G1 Humongous Allocation) 331M->256M(1024M) 4.997ms
[2020-08-27T11:16:58.801+0000][21728][gc,cpu       ] GC(471) User=0.11s Sys=0.00s Real=0.01s
[2020-08-27T11:16:58.801+0000][21728][gc           ] GC(472) Concurrent Cycle
[2020-08-27T11:16:58.801+0000][21728][safepoint    ] Safepoint "G1TryInitiateConcMark", Time since last: 192359800 ns, Reaching safepoint: 213200 ns, At safepoint: 5197900 ns, Total: 5411100 ns
[2020-08-27T11:16:58.801+0000][21728][gc,marking   ] GC(472) Concurrent Clear Claimed Marks
[2020-08-27T11:16:58.802+0000][21728][gc,marking   ] GC(472) Concurrent Clear Claimed Marks 0.691ms
[2020-08-27T11:16:58.802+0000][21728][gc,marking   ] GC(472) Concurrent Scan Root Regions
[2020-08-27T11:16:58.805+0000][21728][gc,marking   ] GC(472) Concurrent Scan Root Regions 2.705ms
[2020-08-27T11:16:58.805+0000][21728][gc,marking   ] GC(472) Concurrent Mark (136.761s)
[2020-08-27T11:16:58.805+0000][21728][gc,marking   ] GC(472) Concurrent Mark From Roots
[2020-08-27T11:16:58.805+0000][21728][gc,task      ] GC(472) Using 2 workers of 2 for marking
[2020-08-27T11:16:58.949+0000][21728][gc,marking   ] GC(472) Concurrent Mark From Roots 144.094ms
[2020-08-27T11:16:58.949+0000][21728][gc,marking   ] GC(472) Concurrent Preclean
[2020-08-27T11:16:58.950+0000][21728][gc,marking   ] GC(472) Concurrent Preclean 0.491ms
[2020-08-27T11:16:58.950+0000][21728][gc,marking   ] GC(472) Concurrent Mark (136.761s, 136.905s) 144.730ms
[2020-08-27T11:16:58.950+0000][21728][gc,start     ] GC(472) Pause Remark
[2020-08-27T11:16:58.955+0000][21728][gc           ] GC(472) Pause Remark 290M->290M(1024M) 5.501ms
[2020-08-27T11:16:58.955+0000][21728][gc,cpu       ] GC(472) User=0.13s Sys=0.00s Real=0.00s
[2020-08-27T11:16:58.955+0000][21728][safepoint    ] Safepoint "G1Concurrent", Time since last: 148437000 ns, Reaching safepoint: 165500 ns, At safepoint: 5699700 ns, Total: 5865200 ns
[2020-08-27T11:16:58.956+0000][21728][gc,marking   ] GC(472) Concurrent Rebuild Remembered Sets
[2020-08-27T11:16:59.055+0000][21728][gc,marking   ] GC(472) Concurrent Rebuild Remembered Sets 99.806ms
[2020-08-27T11:16:59.056+0000][21728][gc,start     ] GC(472) Pause Cleanup
[2020-08-27T11:16:59.056+0000][21728][gc           ] GC(472) Pause Cleanup 361M->361M(1024M) 0.252ms
[2020-08-27T11:16:59.056+0000][21728][gc,cpu       ] GC(472) User=0.00s Sys=0.00s Real=0.00s
[2020-08-27T11:16:59.056+0000][21728][safepoint    ] Safepoint "G1Concurrent", Time since last: 99965700 ns, Reaching safepoint: 161000 ns, At safepoint: 374300 ns, Total: 535300 ns
[2020-08-27T11:16:59.056+0000][21728][gc,marking   ] GC(472) Concurrent Cleanup for Next Mark
[2020-08-27T11:16:59.057+0000][21728][gc,marking   ] GC(472) Concurrent Cleanup for Next Mark 1.189ms
[2020-08-27T11:16:59.057+0000][21728][gc           ] GC(472) Concurrent Cycle 256.158ms
[2020-08-27T11:16:59.193+0000][21728][gc,start     ] GC(473) Pause Young (Concurrent Start) (G1 Humongous Allocation)
[2020-08-27T11:16:59.193+0000][21728][gc,task      ] GC(473) Using 8 workers of 8 for evacuation
[2020-08-27T11:16:59.193+0000][21728][gc,age       ] GC(473) Desired survivor size 33554432 bytes, new threshold 15 (max threshold 15)
[2020-08-27T11:16:59.201+0000][21728][gc,age       ] GC(473) Age table with threshold 15 (max threshold 15)
[2020-08-27T11:16:59.201+0000][21728][gc,age       ] GC(473) - age   1:    2989720 bytes,    2989720 total
[2020-08-27T11:16:59.201+0000][21728][gc,age       ] GC(473) - age   2:     105976 bytes,    3095696 total
[2020-08-27T11:16:59.201+0000][21728][gc,age       ] GC(473) - age   3:     403288 bytes,    3498984 total
[2020-08-27T11:16:59.201+0000][21728][gc,age       ] GC(473) - age   4:       8712 bytes,    3507696 total
[2020-08-27T11:16:59.201+0000][21728][gc,age       ] GC(473) - age   5:       1432 bytes,    3509128 total
[2020-08-27T11:16:59.201+0000][21728][gc,age       ] GC(473) - age   6:        344 bytes,    3509472 total
[2020-08-27T11:16:59.201+0000][21728][gc,age       ] GC(473) - age   7:      11376 bytes,    3520848 total
[2020-08-27T11:16:59.201+0000][21728][gc,age       ] GC(473) - age   8:        504 bytes,    3521352 total
[2020-08-27T11:16:59.201+0000][21728][gc,age       ] GC(473) - age   9:        376 bytes,    3521728 total
[2020-08-27T11:16:59.201+0000][21728][gc,age       ] GC(473) - age  10:        784 bytes,    3522512 total
[2020-08-27T11:16:59.201+0000][21728][gc,age       ] GC(473) - age  11:        528 bytes,    3523040 total
[2020-08-27T11:16:59.201+0000][21728][gc,age       ] GC(473) - age  12:     139904 bytes,    3662944 total
[2020-08-27T11:16:59.201+0000][21728][gc,age       ] GC(473) - age  13:        616 bytes,    3663560 total
[2020-08-27T11:16:59.201+0000][21728][gc,age       ] GC(473) - age  14:        184 bytes,    3663744 total
[2020-08-27T11:16:59.201+0000][21728][gc,age       ] GC(473) - age  15:      18008 bytes,    3681752 total
[2020-08-27T11:16:59.202+0000][21728][gc,phases    ] GC(473)   Pre Evacuate Collection Set: 0.4ms
[2020-08-27T11:16:59.202+0000][21728][gc,phases    ] GC(473)   Merge Heap Roots: 0.2ms
[2020-08-27T11:16:59.202+0000][21728][gc,phases    ] GC(473)   Evacuate Collection Set: 5.0ms
[2020-08-27T11:16:59.202+0000][21728][gc,phases    ] GC(473)   Post Evacuate Collection Set: 2.2ms
[2020-08-27T11:16:59.202+0000][21728][gc,phases    ] GC(473)   Other: 0.9ms
[2020-08-27T11:16:59.202+0000][21728][gc,heap      ] GC(473) Eden regions: 33->0(503)
[2020-08-27T11:16:59.202+0000][21728][gc,heap      ] GC(473) Survivor regions: 3->4(64)
[2020-08-27T11:16:59.202+0000][21728][gc,heap      ] GC(473) Old regions: 80->80
[2020-08-27T11:16:59.202+0000][21728][gc,heap      ] GC(473) Archive regions: 0->0
[2020-08-27T11:16:59.202+0000][21728][gc,heap      ] GC(473) Humongous regions: 255->174
[2020-08-27T11:16:59.202+0000][21728][gc,metaspace ] GC(473) Metaspace: 88506K(94720K)->88506K(94720K) NonClass: 77256K(80896K)->77256K(80896K) Class: 11250K(13824K)->11250K(13824K)
[2020-08-27T11:16:59.202+0000][21728][gc           ] GC(473) Pause Young (Concurrent Start) (G1 Humongous Allocation) 370M->257M(1024M) 9.031ms
[2020-08-27T11:16:59.202+0000][21728][gc,cpu       ] GC(473) User=0.00s Sys=0.00s Real=0.01s
[2020-08-27T11:16:59.202+0000][21728][safepoint    ] Safepoint "G1TryInitiateConcMark", Time since last: 136736100 ns, Reaching safepoint: 165200 ns, At safepoint: 9175400 ns, Total: 9340600 ns
[2020-08-27T11:16:59.202+0000][21728][gc           ] GC(474) Concurrent Cycle
[2020-08-27T11:16:59.202+0000][21728][gc,marking   ] GC(474) Concurrent Clear Claimed Marks
[2020-08-27T11:16:59.203+0000][21728][gc,marking   ] GC(474) Concurrent Clear Claimed Marks 0.399ms
[2020-08-27T11:16:59.203+0000][21728][gc,marking   ] GC(474) Concurrent Scan Root Regions
[2020-08-27T11:16:59.205+0000][21728][gc,marking   ] GC(474) Concurrent Scan Root Regions 1.996ms
[2020-08-27T11:16:59.205+0000][21728][gc,marking   ] GC(474) Concurrent Mark (137.161s)
[2020-08-27T11:16:59.205+0000][21728][gc,marking   ] GC(474) Concurrent Mark From Roots
[2020-08-27T11:16:59.205+0000][21728][gc,task      ] GC(474) Using 2 workers of 2 for marking
[2020-08-27T11:16:59.310+0000][21728][gc,marking   ] GC(474) Concurrent Mark From Roots 105.017ms
[2020-08-27T11:16:59.310+0000][21728][gc,marking   ] GC(474) Concurrent Preclean
[2020-08-27T11:16:59.310+0000][21728][gc,marking   ] GC(474) Concurrent Preclean 0.349ms
[2020-08-27T11:16:59.310+0000][21728][gc,marking   ] GC(474) Concurrent Mark (137.161s, 137.266s) 105.552ms
[2020-08-27T11:16:59.311+0000][21728][gc,start     ] GC(474) Pause Remark
[2020-08-27T11:16:59.321+0000][21728][gc           ] GC(474) Pause Remark 324M->324M(1024M) 10.730ms
[2020-08-27T11:16:59.321+0000][21728][gc,cpu       ] GC(474) User=0.13s Sys=0.00s Real=0.01s
[2020-08-27T11:16:59.322+0000][21728][safepoint    ] Safepoint "G1Concurrent", Time since last: 108282500 ns, Reaching safepoint: 163300 ns, At safepoint: 11003200 ns, Total: 11166500 ns
[2020-08-27T11:16:59.322+0000][21728][gc,marking   ] GC(474) Concurrent Rebuild Remembered Sets
[2020-08-27T11:16:59.399+0000][21728][gc,marking   ] GC(474) Concurrent Rebuild Remembered Sets 77.828ms
[2020-08-27T11:16:59.399+0000][21728][gc,start     ] GC(474) Pause Cleanup
[2020-08-27T11:16:59.400+0000][21728][gc           ] GC(474) Pause Cleanup 331M->331M(1024M) 0.298ms
[2020-08-27T11:16:59.400+0000][21728][gc,cpu       ] GC(474) User=0.00s Sys=0.00s Real=0.00s
[2020-08-27T11:16:59.400+0000][21728][safepoint    ] Safepoint "G1Concurrent", Time since last: 78037300 ns, Reaching safepoint: 206800 ns, At safepoint: 451700 ns, Total: 658500 ns
[2020-08-27T11:16:59.400+0000][21728][gc,marking   ] GC(474) Concurrent Cleanup for Next Mark
[2020-08-27T11:16:59.401+0000][21728][gc,marking   ] GC(474) Concurrent Cleanup for Next Mark 1.361ms
[2020-08-27T11:16:59.401+0000][21728][gc           ] GC(474) Concurrent Cycle 199.693ms
[2020-08-27T11:16:59.465+0000][21728][gc,start     ] GC(475) Pause Young (Concurrent Start) (G1 Humongous Allocation)
[2020-08-27T11:16:59.465+0000][21728][gc,task      ] GC(475) Using 8 workers of 8 for evacuation
[2020-08-27T11:16:59.465+0000][21728][gc,age       ] GC(475) Desired survivor size 33554432 bytes, new threshold 15 (max threshold 15)
[2020-08-27T11:16:59.468+0000][21728][gc,age       ] GC(475) Age table with threshold 15 (max threshold 15)
[2020-08-27T11:16:59.468+0000][21728][gc,age       ] GC(475) - age   1:    2689576 bytes,    2689576 total
[2020-08-27T11:16:59.468+0000][21728][gc,age       ] GC(475) - age   2:       1664 bytes,    2691240 total
[2020-08-27T11:16:59.468+0000][21728][gc,age       ] GC(475) - age   3:       2752 bytes,    2693992 total
[2020-08-27T11:16:59.468+0000][21728][gc,age       ] GC(475) - age   4:       1088 bytes,    2695080 total
[2020-08-27T11:16:59.468+0000][21728][gc,age       ] GC(475) - age   5:       7032 bytes,    2702112 total
[2020-08-27T11:16:59.468+0000][21728][gc,age       ] GC(475) - age   6:       1240 bytes,    2703352 total
[2020-08-27T11:16:59.468+0000][21728][gc,age       ] GC(475) - age   7:        344 bytes,    2703696 total
[2020-08-27T11:16:59.469+0000][21728][gc,age       ] GC(475) - age   8:      11376 bytes,    2715072 total
[2020-08-27T11:16:59.469+0000][21728][gc,age       ] GC(475) - age   9:        504 bytes,    2715576 total
[2020-08-27T11:16:59.469+0000][21728][gc,age       ] GC(475) - age  10:        312 bytes,    2715888 total
[2020-08-27T11:16:59.469+0000][21728][gc,age       ] GC(475) - age  11:        784 bytes,    2716672 total
[2020-08-27T11:16:59.469+0000][21728][gc,age       ] GC(475) - age  12:        528 bytes,    2717200 total
[2020-08-27T11:16:59.469+0000][21728][gc,age       ] GC(475) - age  13:     139872 bytes,    2857072 total
[2020-08-27T11:16:59.469+0000][21728][gc,age       ] GC(475) - age  14:        584 bytes,    2857656 total
[2020-08-27T11:16:59.469+0000][21728][gc,age       ] GC(475) - age  15:        152 bytes,    2857808 total
[2020-08-27T11:16:59.469+0000][21728][gc,phases    ] GC(475)   Pre Evacuate Collection Set: 0.4ms
[2020-08-27T11:16:59.469+0000][21728][gc,phases    ] GC(475)   Merge Heap Roots: 0.1ms
[2020-08-27T11:16:59.469+0000][21728][gc,phases    ] GC(475)   Evacuate Collection Set: 1.9ms
[2020-08-27T11:16:59.469+0000][21728][gc,phases    ] GC(475)   Post Evacuate Collection Set: 0.6ms
[2020-08-27T11:16:59.469+0000][21728][gc,phases    ] GC(475)   Other: 1.0ms
[2020-08-27T11:16:59.469+0000][21728][gc,heap      ] GC(475) Eden regions: 22->0(504)
[2020-08-27T11:16:59.469+0000][21728][gc,heap      ] GC(475) Survivor regions: 4->3(64)
[2020-08-27T11:16:59.469+0000][21728][gc,heap      ] GC(475) Old regions: 80->80
[2020-08-27T11:16:59.469+0000][21728][gc,heap      ] GC(475) Archive regions: 0->0
[2020-08-27T11:16:59.469+0000][21728][gc,heap      ] GC(475) Humongous regions: 231->174
[2020-08-27T11:16:59.469+0000][21728][gc,metaspace ] GC(475) Metaspace: 88502K(94720K)->88502K(94720K) NonClass: 77253K(80896K)->77253K(80896K) Class: 11248K(13824K)->11248K(13824K)
[2020-08-27T11:16:59.469+0000][21728][gc           ] GC(475) Pause Young (Concurrent Start) (G1 Humongous Allocation) 336M->256M(1024M) 4.295ms
[2020-08-27T11:16:59.469+0000][21728][gc,cpu       ] GC(475) User=0.00s Sys=0.00s Real=0.00s
[2020-08-27T11:16:59.469+0000][21728][gc           ] GC(476) Concurrent Cycle
[2020-08-27T11:16:59.469+0000][21728][safepoint    ] Safepoint "G1TryInitiateConcMark", Time since last: 64910800 ns, Reaching safepoint: 222000 ns, At safepoint: 4485200 ns, Total: 4707200 ns
[2020-08-27T11:16:59.469+0000][21728][gc,marking   ] GC(476) Concurrent Clear Claimed Marks
[2020-08-27T11:16:59.470+0000][21728][gc,marking   ] GC(476) Concurrent Clear Claimed Marks 0.373ms
[2020-08-27T11:16:59.470+0000][21728][gc,marking   ] GC(476) Concurrent Scan Root Regions
[2020-08-27T11:16:59.471+0000][21728][gc,marking   ] GC(476) Concurrent Scan Root Regions 1.241ms
[2020-08-27T11:16:59.471+0000][21728][gc,marking   ] GC(476) Concurrent Mark (137.427s)
[2020-08-27T11:16:59.471+0000][21728][gc,marking   ] GC(476) Concurrent Mark From Roots
[2020-08-27T11:16:59.471+0000][21728][gc,task      ] GC(476) Using 2 workers of 2 for marking
[2020-08-27T11:16:59.653+0000][21728][gc,marking   ] GC(476) Concurrent Mark From Roots 181.660ms
[2020-08-27T11:16:59.653+0000][21728][gc,marking   ] GC(476) Concurrent Preclean
[2020-08-27T11:16:59.654+0000][21728][gc,marking   ] GC(476) Concurrent Preclean 0.666ms
[2020-08-27T11:16:59.654+0000][21728][gc,marking   ] GC(476) Concurrent Mark (137.427s, 137.610s) 182.565ms
[2020-08-27T11:16:59.654+0000][21728][gc,start     ] GC(476) Pause Remark
[2020-08-27T11:16:59.660+0000][21728][gc           ] GC(476) Pause Remark 320M->320M(1024M) 6.375ms
[2020-08-27T11:16:59.661+0000][21728][gc,cpu       ] GC(476) User=0.11s Sys=0.00s Real=0.01s
[2020-08-27T11:16:59.661+0000][21728][safepoint    ] Safepoint "G1Concurrent", Time since last: 184402100 ns, Reaching safepoint: 175300 ns, At safepoint: 7277800 ns, Total: 7453100 ns
[2020-08-27T11:16:59.661+0000][21728][gc,marking   ] GC(476) Concurrent Rebuild Remembered Sets
[2020-08-27T11:16:59.775+0000][21728][gc,marking   ] GC(476) Concurrent Rebuild Remembered Sets 113.557ms
[2020-08-27T11:16:59.775+0000][21728][gc,start     ] GC(476) Pause Cleanup
[2020-08-27T11:16:59.775+0000][21728][gc           ] GC(476) Pause Cleanup 322M->322M(1024M) 0.306ms
[2020-08-27T11:16:59.776+0000][21728][gc,cpu       ] GC(476) User=0.00s Sys=0.00s Real=0.00s
[2020-08-27T11:16:59.776+0000][21728][safepoint    ] Safepoint "G1Concurrent", Time since last: 113847100 ns, Reaching safepoint: 131400 ns, At safepoint: 481000 ns, Total: 612400 ns
[2020-08-27T11:16:59.776+0000][21728][gc,marking   ] GC(476) Concurrent Cleanup for Next Mark
[2020-08-27T11:16:59.777+0000][21728][gc,marking   ] GC(476) Concurrent Cleanup for Next Mark 1.582ms
[2020-08-27T11:16:59.777+0000][21728][gc           ] GC(476) Concurrent Cycle 308.134ms
[2020-08-27T11:16:59.802+0000][21728][gc,start     ] GC(477) Pause Young (Concurrent Start) (G1 Humongous Allocation)
[2020-08-27T11:16:59.802+0000][21728][gc,task      ] GC(477) Using 8 workers of 8 for evacuation
[2020-08-27T11:16:59.802+0000][21728][gc,age       ] GC(477) Desired survivor size 33554432 bytes, new threshold 15 (max threshold 15)
[2020-08-27T11:16:59.806+0000][21728][gc,age       ] GC(477) Age table with threshold 15 (max threshold 15)
[2020-08-27T11:16:59.806+0000][21728][gc,age       ] GC(477) - age   1:    2879080 bytes,    2879080 total
[2020-08-27T11:16:59.806+0000][21728][gc,age       ] GC(477) - age   2:      16112 bytes,    2895192 total
[2020-08-27T11:16:59.806+0000][21728][gc,age       ] GC(477) - age   3:       1472 bytes,    2896664 total
[2020-08-27T11:16:59.806+0000][21728][gc,age       ] GC(477) - age   4:       1392 bytes,    2898056 total
[2020-08-27T11:16:59.806+0000][21728][gc,age       ] GC(477) - age   5:        480 bytes,    2898536 total
[2020-08-27T11:16:59.806+0000][21728][gc,age       ] GC(477) - age   6:       6968 bytes,    2905504 total
[2020-08-27T11:16:59.806+0000][21728][gc,age       ] GC(477) - age   7:       1240 bytes,    2906744 total
[2020-08-27T11:16:59.806+0000][21728][gc,age       ] GC(477) - age   8:        344 bytes,    2907088 total
[2020-08-27T11:16:59.806+0000][21728][gc,age       ] GC(477) - age   9:      11376 bytes,    2918464 total
[2020-08-27T11:16:59.807+0000][21728][gc,age       ] GC(477) - age  10:        504 bytes,    2918968 total
[2020-08-27T11:16:59.807+0000][21728][gc,age       ] GC(477) - age  11:        312 bytes,    2919280 total
[2020-08-27T11:16:59.807+0000][21728][gc,age       ] GC(477) - age  12:        784 bytes,    2920064 total
[2020-08-27T11:16:59.807+0000][21728][gc,age       ] GC(477) - age  13:        528 bytes,    2920592 total
[2020-08-27T11:16:59.807+0000][21728][gc,age       ] GC(477) - age  14:     139632 bytes,    3060224 total
[2020-08-27T11:16:59.807+0000][21728][gc,age       ] GC(477) - age  15:        584 bytes,    3060808 total
[2020-08-27T11:16:59.807+0000][21728][gc,phases    ] GC(477)   Pre Evacuate Collection Set: 0.6ms
[2020-08-27T11:16:59.807+0000][21728][gc,phases    ] GC(477)   Merge Heap Roots: 0.1ms
[2020-08-27T11:16:59.807+0000][21728][gc,phases    ] GC(477)   Evacuate Collection Set: 2.1ms
[2020-08-27T11:16:59.807+0000][21728][gc,phases    ] GC(477)   Post Evacuate Collection Set: 0.7ms
[2020-08-27T11:16:59.807+0000][21728][gc,phases    ] GC(477)   Other: 1.1ms
[2020-08-27T11:16:59.807+0000][21728][gc,heap      ] GC(477) Eden regions: 22->0(504)
[2020-08-27T11:16:59.807+0000][21728][gc,heap      ] GC(477) Survivor regions: 3->3(64)
[2020-08-27T11:16:59.807+0000][21728][gc,heap      ] GC(477) Old regions: 80->80
[2020-08-27T11:16:59.807+0000][21728][gc,heap      ] GC(477) Archive regions: 0->0
[2020-08-27T11:16:59.807+0000][21728][gc,heap      ] GC(477) Humongous regions: 227->174
[2020-08-27T11:16:59.807+0000][21728][gc,metaspace ] GC(477) Metaspace: 88502K(94720K)->88502K(94720K) NonClass: 77253K(80896K)->77253K(80896K) Class: 11248K(13824K)->11248K(13824K)
[2020-08-27T11:16:59.807+0000][21728][gc           ] GC(477) Pause Young (Concurrent Start) (G1 Humongous Allocation) 331M->256M(1024M) 5.048ms
[2020-08-27T11:16:59.807+0000][21728][gc,cpu       ] GC(477) User=0.00s Sys=0.00s Real=0.00s
[2020-08-27T11:16:59.807+0000][21728][gc           ] GC(478) Concurrent Cycle
[2020-08-27T11:16:59.807+0000][21728][safepoint    ] Safepoint "G1TryInitiateConcMark", Time since last: 26370600 ns, Reaching safepoint: 166300 ns, At safepoint: 5258300 ns, Total: 5424600 ns
[2020-08-27T11:16:59.807+0000][21728][gc,marking   ] GC(478) Concurrent Clear Claimed Marks
[2020-08-27T11:16:59.808+0000][21728][gc,marking   ] GC(478) Concurrent Clear Claimed Marks 0.488ms
[2020-08-27T11:16:59.808+0000][21728][gc,marking   ] GC(478) Concurrent Scan Root Regions
[2020-08-27T11:16:59.811+0000][21728][gc,marking   ] GC(478) Concurrent Scan Root Regions 2.893ms
[2020-08-27T11:16:59.811+0000][21728][gc,marking   ] GC(478) Concurrent Mark (137.767s)
[2020-08-27T11:16:59.811+0000][21728][gc,marking   ] GC(478) Concurrent Mark From Roots
[2020-08-27T11:16:59.811+0000][21728][gc,task      ] GC(478) Using 2 workers of 2 for marking
[2020-08-27T11:16:59.991+0000][21728][gc,marking   ] GC(478) Concurrent Mark From Roots 179.526ms
[2020-08-27T11:16:59.991+0000][21728][gc,marking   ] GC(478) Concurrent Preclean
[2020-08-27T11:16:59.991+0000][21728][gc,marking   ] GC(478) Concurrent Preclean 0.541ms
[2020-08-27T11:16:59.991+0000][21728][gc,marking   ] GC(478) Concurrent Mark (137.767s, 137.948s) 180.240ms
[2020-08-27T11:16:59.992+0000][21728][gc,start     ] GC(478) Pause Remark
[2020-08-27T11:16:59.998+0000][21728][gc           ] GC(478) Pause Remark 317M->317M(1024M) 6.063ms
[2020-08-27T11:16:59.998+0000][21728][gc,cpu       ] GC(478) User=0.00s Sys=0.00s Real=0.01s
[2020-08-27T11:16:59.998+0000][21728][safepoint    ] Safepoint "G1Concurrent", Time since last: 183985300 ns, Reaching safepoint: 177300 ns, At safepoint: 6298100 ns, Total: 6475400 ns
[2020-08-27T11:16:59.998+0000][21728][gc,marking   ] GC(478) Concurrent Rebuild Remembered Sets
[2020-08-27T11:17:00.103+0000][21728][gc,marking   ] GC(478) Concurrent Rebuild Remembered Sets 104.844ms
[2020-08-27T11:17:00.104+0000][21728][gc,start     ] GC(478) Pause Cleanup
[2020-08-27T11:17:00.104+0000][21728][gc           ] GC(478) Pause Cleanup 337M->337M(1024M) 0.309ms
[2020-08-27T11:17:00.104+0000][21728][gc,cpu       ] GC(478) User=0.00s Sys=0.00s Real=0.00s
[2020-08-27T11:17:00.104+0000][21728][safepoint    ] Safepoint "G1Concurrent", Time since last: 105132500 ns, Reaching safepoint: 166000 ns, At safepoint: 489100 ns, Total: 655100 ns
[2020-08-27T11:17:00.104+0000][21728][gc,marking   ] GC(478) Concurrent Cleanup for Next Mark
[2020-08-27T11:17:00.106+0000][21728][gc,marking   ] GC(478) Concurrent Cleanup for Next Mark 1.537ms
[2020-08-27T11:17:00.106+0000][21728][gc           ] GC(478) Concurrent Cycle 297.967ms
[2020-08-27T11:17:00.228+0000][21728][gc,start     ] GC(479) Pause Young (Concurrent Start) (G1 Humongous Allocation)
[2020-08-27T11:17:00.228+0000][21728][gc,task      ] GC(479) Using 8 workers of 8 for evacuation
[2020-08-27T11:17:00.228+0000][21728][gc,age       ] GC(479) Desired survivor size 33554432 bytes, new threshold 15 (max threshold 15)
[2020-08-27T11:17:00.232+0000][21728][gc,age       ] GC(479) Age table with threshold 15 (max threshold 15)
[2020-08-27T11:17:00.232+0000][21728][gc,age       ] GC(479) - age   1:     860816 bytes,     860816 total
[2020-08-27T11:17:00.232+0000][21728][gc,age       ] GC(479) - age   2:     203224 bytes,    1064040 total
[2020-08-27T11:17:00.232+0000][21728][gc,age       ] GC(479) - age   3:      13144 bytes,    1077184 total
[2020-08-27T11:17:00.232+0000][21728][gc,age       ] GC(479) - age   4:       1024 bytes,    1078208 total
[2020-08-27T11:17:00.232+0000][21728][gc,age       ] GC(479) - age   5:       1320 bytes,    1079528 total
[2020-08-27T11:17:00.232+0000][21728][gc,age       ] GC(479) - age   6:        264 bytes,    1079792 total
[2020-08-27T11:17:00.232+0000][21728][gc,age       ] GC(479) - age   7:       6936 bytes,    1086728 total
[2020-08-27T11:17:00.232+0000][21728][gc,age       ] GC(479) - age   8:       1240 bytes,    1087968 total
[2020-08-27T11:17:00.232+0000][21728][gc,age       ] GC(479) - age   9:        344 bytes,    1088312 total
[2020-08-27T11:17:00.232+0000][21728][gc,age       ] GC(479) - age  10:      11376 bytes,    1099688 total
[2020-08-27T11:17:00.232+0000][21728][gc,age       ] GC(479) - age  11:        504 bytes,    1100192 total
[2020-08-27T11:17:00.232+0000][21728][gc,age       ] GC(479) - age  12:        280 bytes,    1100472 total
[2020-08-27T11:17:00.232+0000][21728][gc,age       ] GC(479) - age  13:        784 bytes,    1101256 total
[2020-08-27T11:17:00.232+0000][21728][gc,age       ] GC(479) - age  14:        528 bytes,    1101784 total
[2020-08-27T11:17:00.232+0000][21728][gc,age       ] GC(479) - age  15:     137168 bytes,    1238952 total
[2020-08-27T11:17:00.232+0000][21728][gc,phases    ] GC(479)   Pre Evacuate Collection Set: 0.5ms
[2020-08-27T11:17:00.232+0000][21728][gc,phases    ] GC(479)   Merge Heap Roots: 0.1ms
[2020-08-27T11:17:00.232+0000][21728][gc,phases    ] GC(479)   Evacuate Collection Set: 2.0ms
[2020-08-27T11:17:00.232+0000][21728][gc,phases    ] GC(479)   Post Evacuate Collection Set: 0.7ms
[2020-08-27T11:17:00.232+0000][21728][gc,phases    ] GC(479)   Other: 1.0ms
[2020-08-27T11:17:00.232+0000][21728][gc,heap      ] GC(479) Eden regions: 26->0(506)
[2020-08-27T11:17:00.232+0000][21728][gc,heap      ] GC(479) Survivor regions: 3->2(64)
[2020-08-27T11:17:00.233+0000][21728][gc,heap      ] GC(479) Old regions: 80->80
[2020-08-27T11:17:00.233+0000][21728][gc,heap      ] GC(479) Archive regions: 0->0
[2020-08-27T11:17:00.233+0000][21728][gc,heap      ] GC(479) Humongous regions: 235->174
[2020-08-27T11:17:00.233+0000][21728][gc,metaspace ] GC(479) Metaspace: 88502K(94720K)->88502K(94720K) NonClass: 77253K(80896K)->77253K(80896K) Class: 11248K(13824K)->11248K(13824K)
[2020-08-27T11:17:00.233+0000][21728][gc           ] GC(479) Pause Young (Concurrent Start) (G1 Humongous Allocation) 343M->255M(1024M) 4.557ms
[2020-08-27T11:17:00.233+0000][21728][gc,cpu       ] GC(479) User=0.00s Sys=0.00s Real=0.01s
[2020-08-27T11:17:00.233+0000][21728][gc           ] GC(480) Concurrent Cycle
[2020-08-27T11:17:00.233+0000][21728][safepoint    ] Safepoint "G1TryInitiateConcMark", Time since last: 123685300 ns, Reaching safepoint: 197300 ns, At safepoint: 4726900 ns, Total: 4924200 ns
[2020-08-27T11:17:00.233+0000][21728][gc,marking   ] GC(480) Concurrent Clear Claimed Marks
[2020-08-27T11:17:00.233+0000][21728][gc,marking   ] GC(480) Concurrent Clear Claimed Marks 0.520ms
[2020-08-27T11:17:00.233+0000][21728][gc,marking   ] GC(480) Concurrent Scan Root Regions
[2020-08-27T11:17:00.235+0000][21728][gc,marking   ] GC(480) Concurrent Scan Root Regions 1.656ms
[2020-08-27T11:17:00.235+0000][21728][gc,marking   ] GC(480) Concurrent Mark (138.191s)
[2020-08-27T11:17:00.235+0000][21728][gc,marking   ] GC(480) Concurrent Mark From Roots
[2020-08-27T11:17:00.235+0000][21728][gc,task      ] GC(480) Using 2 workers of 2 for marking
[2020-08-27T11:17:00.371+0000][21728][gc,marking   ] GC(480) Concurrent Mark From Roots 136.317ms
[2020-08-27T11:17:00.372+0000][21728][gc,marking   ] GC(480) Concurrent Preclean
[2020-08-27T11:17:00.372+0000][21728][gc,marking   ] GC(480) Concurrent Preclean 0.356ms
[2020-08-27T11:17:00.372+0000][21728][gc,marking   ] GC(480) Concurrent Mark (138.191s, 138.328s) 136.803ms
[2020-08-27T11:17:00.372+0000][21728][gc,start     ] GC(480) Pause Remark
[2020-08-27T11:17:00.377+0000][21728][gc           ] GC(480) Pause Remark 271M->271M(1024M) 5.137ms
[2020-08-27T11:17:00.377+0000][21728][gc,cpu       ] GC(480) User=0.13s Sys=0.00s Real=0.01s
[2020-08-27T11:17:00.377+0000][21728][safepoint    ] Safepoint "G1Concurrent", Time since last: 139234600 ns, Reaching safepoint: 133100 ns, At safepoint: 5356100 ns, Total: 5489200 ns
[2020-08-27T11:17:00.378+0000][21728][gc,marking   ] GC(480) Concurrent Rebuild Remembered Sets
[2020-08-27T11:17:00.468+0000][21728][gc,marking   ] GC(480) Concurrent Rebuild Remembered Sets 90.477ms
[2020-08-27T11:17:00.468+0000][21728][gc,start     ] GC(480) Pause Cleanup
[2020-08-27T11:17:00.469+0000][21728][gc           ] GC(480) Pause Cleanup 343M->343M(1024M) 0.380ms
[2020-08-27T11:17:00.469+0000][21728][gc,cpu       ] GC(480) User=0.00s Sys=0.00s Real=0.00s
[2020-08-27T11:17:00.469+0000][21728][safepoint    ] Safepoint "G1Concurrent", Time since last: 90646300 ns, Reaching safepoint: 200000 ns, At safepoint: 546700 ns, Total: 746700 ns
[2020-08-27T11:17:00.469+0000][21728][gc,marking   ] GC(480) Concurrent Cleanup for Next Mark
[2020-08-27T11:17:00.471+0000][21728][gc,marking   ] GC(480) Concurrent Cleanup for Next Mark 1.969ms
[2020-08-27T11:17:00.471+0000][21728][gc           ] GC(480) Concurrent Cycle 238.386ms
[2020-08-27T11:17:00.623+0000][21728][gc,start     ] GC(481) Pause Young (Concurrent Start) (G1 Humongous Allocation)
[2020-08-27T11:17:00.623+0000][21728][gc,task      ] GC(481) Using 8 workers of 8 for evacuation
[2020-08-27T11:17:00.623+0000][21728][gc,age       ] GC(481) Desired survivor size 33554432 bytes, new threshold 15 (max threshold 15)
[2020-08-27T11:17:00.626+0000][21728][gc,age       ] GC(481) Age table with threshold 15 (max threshold 15)
[2020-08-27T11:17:00.626+0000][21728][gc,age       ] GC(481) - age   1:    2882984 bytes,    2882984 total
[2020-08-27T11:17:00.626+0000][21728][gc,age       ] GC(481) - age   2:     237256 bytes,    3120240 total
[2020-08-27T11:17:00.627+0000][21728][gc,age       ] GC(481) - age   3:     202744 bytes,    3322984 total
[2020-08-27T11:17:00.627+0000][21728][gc,age       ] GC(481) - age   4:       7672 bytes,    3330656 total
[2020-08-27T11:17:00.627+0000][21728][gc,age       ] GC(481) - age   5:        664 bytes,    3331320 total
[2020-08-27T11:17:00.627+0000][21728][gc,age       ] GC(481) - age   6:       1008 bytes,    3332328 total
[2020-08-27T11:17:00.627+0000][21728][gc,age       ] GC(481) - age   7:        232 bytes,    3332560 total
[2020-08-27T11:17:00.627+0000][21728][gc,age       ] GC(481) - age   8:       6744 bytes,    3339304 total
[2020-08-27T11:17:00.627+0000][21728][gc,age       ] GC(481) - age   9:        824 bytes,    3340128 total
[2020-08-27T11:17:00.627+0000][21728][gc,age       ] GC(481) - age  10:        344 bytes,    3340472 total
[2020-08-27T11:17:00.627+0000][21728][gc,age       ] GC(481) - age  11:      11376 bytes,    3351848 total
[2020-08-27T11:17:00.627+0000][21728][gc,age       ] GC(481) - age  12:        504 bytes,    3352352 total
[2020-08-27T11:17:00.627+0000][21728][gc,age       ] GC(481) - age  13:        280 bytes,    3352632 total
[2020-08-27T11:17:00.627+0000][21728][gc,age       ] GC(481) - age  14:        560 bytes,    3353192 total
[2020-08-27T11:17:00.627+0000][21728][gc,age       ] GC(481) - age  15:        528 bytes,    3353720 total
[2020-08-27T11:17:00.627+0000][21728][gc,phases    ] GC(481)   Pre Evacuate Collection Set: 0.3ms
[2020-08-27T11:17:00.627+0000][21728][gc,phases    ] GC(481)   Merge Heap Roots: 0.1ms
[2020-08-27T11:17:00.627+0000][21728][gc,phases    ] GC(481)   Evacuate Collection Set: 2.3ms
[2020-08-27T11:17:00.627+0000][21728][gc,phases    ] GC(481)   Post Evacuate Collection Set: 0.5ms
[2020-08-27T11:17:00.627+0000][21728][gc,phases    ] GC(481)   Other: 0.7ms
[2020-08-27T11:17:00.627+0000][21728][gc,heap      ] GC(481) Eden regions: 31->0(502)
[2020-08-27T11:17:00.627+0000][21728][gc,heap      ] GC(481) Survivor regions: 2->4(64)
[2020-08-27T11:17:00.627+0000][21728][gc,heap      ] GC(481) Old regions: 80->81
[2020-08-27T11:17:00.627+0000][21728][gc,heap      ] GC(481) Archive regions: 0->0
[2020-08-27T11:17:00.627+0000][21728][gc,heap      ] GC(481) Humongous regions: 241->174
[2020-08-27T11:17:00.627+0000][21728][gc,metaspace ] GC(481) Metaspace: 88512K(94720K)->88512K(94720K) NonClass: 77263K(80896K)->77263K(80896K) Class: 11248K(13824K)->11248K(13824K)
[2020-08-27T11:17:00.627+0000][21728][gc           ] GC(481) Pause Young (Concurrent Start) (G1 Humongous Allocation) 352M->257M(1024M) 4.211ms
[2020-08-27T11:17:00.627+0000][21728][gc,cpu       ] GC(481) User=0.03s Sys=0.00s Real=0.00s
[2020-08-27T11:17:00.627+0000][21728][safepoint    ] Safepoint "G1TryInitiateConcMark", Time since last: 153901700 ns, Reaching safepoint: 147000 ns, At safepoint: 4358900 ns, Total: 4505900 ns
[2020-08-27T11:17:00.627+0000][21728][gc           ] GC(482) Concurrent Cycle
[2020-08-27T11:17:00.627+0000][21728][gc,marking   ] GC(482) Concurrent Clear Claimed Marks
[2020-08-27T11:17:00.628+0000][21728][gc,marking   ] GC(482) Concurrent Clear Claimed Marks 0.903ms
[2020-08-27T11:17:00.628+0000][21728][gc,marking   ] GC(482) Concurrent Scan Root Regions
[2020-08-27T11:17:00.633+0000][21728][gc,marking   ] GC(482) Concurrent Scan Root Regions 4.778ms
[2020-08-27T11:17:00.633+0000][21728][gc,marking   ] GC(482) Concurrent Mark (138.589s)
[2020-08-27T11:17:00.633+0000][21728][gc,marking   ] GC(482) Concurrent Mark From Roots
[2020-08-27T11:17:00.633+0000][21728][gc,task      ] GC(482) Using 2 workers of 2 for marking
[2020-08-27T11:17:00.758+0000][21728][gc,marking   ] GC(482) Concurrent Mark From Roots 124.822ms
[2020-08-27T11:17:00.758+0000][21728][gc,marking   ] GC(482) Concurrent Preclean
[2020-08-27T11:17:00.759+0000][21728][gc,marking   ] GC(482) Concurrent Preclean 0.402ms
[2020-08-27T11:17:00.759+0000][21728][gc,marking   ] GC(482) Concurrent Mark (138.589s, 138.715s) 125.373ms
[2020-08-27T11:17:00.759+0000][21728][gc,start     ] GC(482) Pause Remark
[2020-08-27T11:17:00.766+0000][21728][gc           ] GC(482) Pause Remark 323M->323M(1024M) 7.563ms
[2020-08-27T11:17:00.767+0000][21728][gc,cpu       ] GC(482) User=0.00s Sys=0.02s Real=0.01s
[2020-08-27T11:17:00.767+0000][21728][safepoint    ] Safepoint "G1Concurrent", Time since last: 131476700 ns, Reaching safepoint: 128600 ns, At safepoint: 7939300 ns, Total: 8067900 ns
[2020-08-27T11:17:00.767+0000][21728][gc,marking   ] GC(482) Concurrent Rebuild Remembered Sets
[2020-08-27T11:17:00.881+0000][21728][gc,marking   ] GC(482) Concurrent Rebuild Remembered Sets 114.190ms
[2020-08-27T11:17:00.882+0000][21728][gc,start     ] GC(482) Pause Cleanup
[2020-08-27T11:17:00.883+0000][21728][gc           ] GC(482) Pause Cleanup 327M->327M(1024M) 0.912ms
[2020-08-27T11:17:00.883+0000][21728][gc,cpu       ] GC(482) User=0.00s Sys=0.00s Real=0.00s
[2020-08-27T11:17:00.883+0000][21728][safepoint    ] Safepoint "G1Concurrent", Time since last: 114605500 ns, Reaching safepoint: 424500 ns, At safepoint: 1146100 ns, Total: 1570600 ns
[2020-08-27T11:17:00.883+0000][21728][gc,marking   ] GC(482) Concurrent Cleanup for Next Mark
[2020-08-27T11:17:00.885+0000][21728][gc,marking   ] GC(482) Concurrent Cleanup for Next Mark 1.890ms
[2020-08-27T11:17:00.885+0000][21728][gc           ] GC(482) Concurrent Cycle 257.853ms
[2020-08-27T11:17:00.903+0000][21728][gc,start     ] GC(483) Pause Young (Concurrent Start) (G1 Humongous Allocation)
[2020-08-27T11:17:00.903+0000][21728][gc,task      ] GC(483) Using 8 workers of 8 for evacuation
[2020-08-27T11:17:00.903+0000][21728][gc,age       ] GC(483) Desired survivor size 33554432 bytes, new threshold 15 (max threshold 15)
[2020-08-27T11:17:00.906+0000][21728][gc,age       ] GC(483) Age table with threshold 15 (max threshold 15)
[2020-08-27T11:17:00.907+0000][21728][gc,age       ] GC(483) - age   1:    2787216 bytes,    2787216 total
[2020-08-27T11:17:00.907+0000][21728][gc,age       ] GC(483) - age   2:     185640 bytes,    2972856 total
[2020-08-27T11:17:00.907+0000][21728][gc,age       ] GC(483) - age   3:     237192 bytes,    3210048 total
[2020-08-27T11:17:00.907+0000][21728][gc,age       ] GC(483) - age   4:     201784 bytes,    3411832 total
[2020-08-27T11:17:00.907+0000][21728][gc,age       ] GC(483) - age   5:       7432 bytes,    3419264 total
[2020-08-27T11:17:00.907+0000][21728][gc,age       ] GC(483) - age   6:        632 bytes,    3419896 total
[2020-08-27T11:17:00.907+0000][21728][gc,age       ] GC(483) - age   7:        784 bytes,    3420680 total
[2020-08-27T11:17:00.907+0000][21728][gc,age       ] GC(483) - age   8:        232 bytes,    3420912 total
[2020-08-27T11:17:00.907+0000][21728][gc,age       ] GC(483) - age   9:       6744 bytes,    3427656 total
[2020-08-27T11:17:00.907+0000][21728][gc,age       ] GC(483) - age  10:        824 bytes,    3428480 total
[2020-08-27T11:17:00.907+0000][21728][gc,age       ] GC(483) - age  11:        344 bytes,    3428824 total
[2020-08-27T11:17:00.907+0000][21728][gc,age       ] GC(483) - age  12:      11376 bytes,    3440200 total
[2020-08-27T11:17:00.907+0000][21728][gc,age       ] GC(483) - age  13:        504 bytes,    3440704 total
[2020-08-27T11:17:00.907+0000][21728][gc,age       ] GC(483) - age  14:        280 bytes,    3440984 total
[2020-08-27T11:17:00.907+0000][21728][gc,age       ] GC(483) - age  15:        560 bytes,    3441544 total
[2020-08-27T11:17:00.907+0000][21728][gc,phases    ] GC(483)   Pre Evacuate Collection Set: 0.5ms
[2020-08-27T11:17:00.907+0000][21728][gc,phases    ] GC(483)   Merge Heap Roots: 0.1ms
[2020-08-27T11:17:00.907+0000][21728][gc,phases    ] GC(483)   Evacuate Collection Set: 2.1ms
[2020-08-27T11:17:00.907+0000][21728][gc,phases    ] GC(483)   Post Evacuate Collection Set: 0.8ms
[2020-08-27T11:17:00.907+0000][21728][gc,phases    ] GC(483)   Other: 1.1ms
[2020-08-27T11:17:00.907+0000][21728][gc,heap      ] GC(483) Eden regions: 18->0(502)
[2020-08-27T11:17:00.907+0000][21728][gc,heap      ] GC(483) Survivor regions: 4->4(64)
[2020-08-27T11:17:00.907+0000][21728][gc,heap      ] GC(483) Old regions: 81->81
[2020-08-27T11:17:00.907+0000][21728][gc,heap      ] GC(483) Archive regions: 0->0
[2020-08-27T11:17:00.907+0000][21728][gc,heap      ] GC(483) Humongous regions: 231->174
[2020-08-27T11:17:00.908+0000][21728][gc,metaspace ] GC(483) Metaspace: 88512K(94720K)->88512K(94720K) NonClass: 77263K(80896K)->77263K(80896K) Class: 11248K(13824K)->11248K(13824K)
[2020-08-27T11:17:00.908+0000][21728][gc           ] GC(483) Pause Young (Concurrent Start) (G1 Humongous Allocation) 331M->257M(1024M) 5.033ms
[2020-08-27T11:17:00.908+0000][21728][gc,cpu       ] GC(483) User=0.02s Sys=0.00s Real=0.00s
[2020-08-27T11:17:00.908+0000][21728][gc           ] GC(484) Concurrent Cycle
[2020-08-27T11:17:00.908+0000][21728][gc,marking   ] GC(484) Concurrent Clear Claimed Marks
[2020-08-27T11:17:00.908+0000][21728][safepoint    ] Safepoint "G1TryInitiateConcMark", Time since last: 19408400 ns, Reaching safepoint: 184200 ns, At safepoint: 5455200 ns, Total: 5639400 ns
[2020-08-27T11:17:00.909+0000][21728][gc,marking   ] GC(484) Concurrent Clear Claimed Marks 0.747ms
[2020-08-27T11:17:00.909+0000][21728][gc,marking   ] GC(484) Concurrent Scan Root Regions
[2020-08-27T11:17:00.911+0000][21728][gc,marking   ] GC(484) Concurrent Scan Root Regions 2.437ms
[2020-08-27T11:17:00.911+0000][21728][gc,marking   ] GC(484) Concurrent Mark (138.867s)
[2020-08-27T11:17:00.911+0000][21728][gc,marking   ] GC(484) Concurrent Mark From Roots
[2020-08-27T11:17:00.911+0000][21728][gc,task      ] GC(484) Using 2 workers of 2 for marking
[2020-08-27T11:17:01.059+0000][21728][gc,marking   ] GC(484) Concurrent Mark From Roots 147.669ms
[2020-08-27T11:17:01.059+0000][21728][gc,marking   ] GC(484) Concurrent Preclean
[2020-08-27T11:17:01.060+0000][21728][gc,marking   ] GC(484) Concurrent Preclean 0.526ms
[2020-08-27T11:17:01.060+0000][21728][gc,marking   ] GC(484) Concurrent Mark (138.867s, 139.016s) 148.348ms
[2020-08-27T11:17:01.060+0000][21728][gc,start     ] GC(484) Pause Remark
[2020-08-27T11:17:01.072+0000][21728][gc           ] GC(484) Pause Remark 323M->323M(1024M) 11.985ms
[2020-08-27T11:17:01.072+0000][21728][gc,cpu       ] GC(484) User=0.11s Sys=0.00s Real=0.01s
[2020-08-27T11:17:01.072+0000][21728][safepoint    ] Safepoint "G1Concurrent", Time since last: 151742700 ns, Reaching safepoint: 147900 ns, At safepoint: 12455300 ns, Total: 12603200 ns
[2020-08-27T11:17:01.072+0000][21728][gc,marking   ] GC(484) Concurrent Rebuild Remembered Sets
[2020-08-27T11:17:01.159+0000][21728][gc,marking   ] GC(484) Concurrent Rebuild Remembered Sets 86.033ms
[2020-08-27T11:17:01.159+0000][21728][gc,start     ] GC(484) Pause Cleanup
[2020-08-27T11:17:01.159+0000][21728][gc           ] GC(484) Pause Cleanup 329M->329M(1024M) 0.301ms
[2020-08-27T11:17:01.159+0000][21728][gc,cpu       ] GC(484) User=0.00s Sys=0.00s Real=0.00s
[2020-08-27T11:17:01.159+0000][21728][safepoint    ] Safepoint "G1Concurrent", Time since last: 86249400 ns, Reaching safepoint: 215800 ns, At safepoint: 466300 ns, Total: 682100 ns
[2020-08-27T11:17:01.159+0000][21728][gc,marking   ] GC(484) Concurrent Cleanup for Next Mark
[2020-08-27T11:17:01.161+0000][21728][gc,marking   ] GC(484) Concurrent Cleanup for Next Mark 1.914ms
[2020-08-27T11:17:01.161+0000][21728][gc           ] GC(484) Concurrent Cycle 253.619ms
[2020-08-27T11:17:01.284+0000][21728][gc,start     ] GC(485) Pause Young (Concurrent Start) (G1 Humongous Allocation)
[2020-08-27T11:17:01.284+0000][21728][gc,task      ] GC(485) Using 8 workers of 8 for evacuation
[2020-08-27T11:17:01.284+0000][21728][gc,age       ] GC(485) Desired survivor size 33554432 bytes, new threshold 15 (max threshold 15)
[2020-08-27T11:17:01.288+0000][21728][gc,age       ] GC(485) Age table with threshold 15 (max threshold 15)
[2020-08-27T11:17:01.288+0000][21728][gc,age       ] GC(485) - age   1:    2690064 bytes,    2690064 total
[2020-08-27T11:17:01.288+0000][21728][gc,age       ] GC(485) - age   2:       2168 bytes,    2692232 total
[2020-08-27T11:17:01.288+0000][21728][gc,age       ] GC(485) - age   3:       2304 bytes,    2694536 total
[2020-08-27T11:17:01.288+0000][21728][gc,age       ] GC(485) - age   4:        912 bytes,    2695448 total
[2020-08-27T11:17:01.288+0000][21728][gc,age       ] GC(485) - age   5:        888 bytes,    2696336 total
[2020-08-27T11:17:01.288+0000][21728][gc,age       ] GC(485) - age   6:       5816 bytes,    2702152 total
[2020-08-27T11:17:01.288+0000][21728][gc,age       ] GC(485) - age   7:        568 bytes,    2702720 total
[2020-08-27T11:17:01.288+0000][21728][gc,age       ] GC(485) - age   8:        592 bytes,    2703312 total
[2020-08-27T11:17:01.288+0000][21728][gc,age       ] GC(485) - age   9:        232 bytes,    2703544 total
[2020-08-27T11:17:01.288+0000][21728][gc,age       ] GC(485) - age  10:       6744 bytes,    2710288 total
[2020-08-27T11:17:01.288+0000][21728][gc,age       ] GC(485) - age  11:        824 bytes,    2711112 total
[2020-08-27T11:17:01.288+0000][21728][gc,age       ] GC(485) - age  12:        312 bytes,    2711424 total
[2020-08-27T11:17:01.288+0000][21728][gc,age       ] GC(485) - age  13:      11376 bytes,    2722800 total
[2020-08-27T11:17:01.288+0000][21728][gc,age       ] GC(485) - age  14:        376 bytes,    2723176 total
[2020-08-27T11:17:01.288+0000][21728][gc,age       ] GC(485) - age  15:        248 bytes,    2723424 total
[2020-08-27T11:17:01.288+0000][21728][gc,phases    ] GC(485)   Pre Evacuate Collection Set: 0.4ms
[2020-08-27T11:17:01.288+0000][21728][gc,phases    ] GC(485)   Merge Heap Roots: 0.1ms
[2020-08-27T11:17:01.288+0000][21728][gc,phases    ] GC(485)   Evacuate Collection Set: 2.2ms
[2020-08-27T11:17:01.288+0000][21728][gc,phases    ] GC(485)   Post Evacuate Collection Set: 0.6ms
[2020-08-27T11:17:01.288+0000][21728][gc,phases    ] GC(485)   Other: 0.7ms
[2020-08-27T11:17:01.288+0000][21728][gc,heap      ] GC(485) Eden regions: 22->0(503)
[2020-08-27T11:17:01.288+0000][21728][gc,heap      ] GC(485) Survivor regions: 4->3(64)
[2020-08-27T11:17:01.288+0000][21728][gc,heap      ] GC(485) Old regions: 81->81
[2020-08-27T11:17:01.288+0000][21728][gc,heap      ] GC(485) Archive regions: 0->0
[2020-08-27T11:17:01.288+0000][21728][gc,heap      ] GC(485) Humongous regions: 231->174
[2020-08-27T11:17:01.288+0000][21728][gc,metaspace ] GC(485) Metaspace: 88508K(94720K)->88508K(94720K) NonClass: 77260K(80896K)->77260K(80896K) Class: 11248K(13824K)->11248K(13824K)
[2020-08-27T11:17:01.288+0000][21728][gc           ] GC(485) Pause Young (Concurrent Start) (G1 Humongous Allocation) 336M->256M(1024M) 4.150ms
[2020-08-27T11:17:01.288+0000][21728][gc,cpu       ] GC(485) User=0.00s Sys=0.00s Real=0.00s
[2020-08-27T11:17:01.288+0000][21728][gc           ] GC(486) Concurrent Cycle
[2020-08-27T11:17:01.288+0000][21728][safepoint    ] Safepoint "G1TryInitiateConcMark", Time since last: 124482500 ns, Reaching safepoint: 263800 ns, At safepoint: 4307900 ns, Total: 4571700 ns
[2020-08-27T11:17:01.288+0000][21728][gc,marking   ] GC(486) Concurrent Clear Claimed Marks
[2020-08-27T11:17:01.289+0000][21728][gc,marking   ] GC(486) Concurrent Clear Claimed Marks 0.544ms
[2020-08-27T11:17:01.289+0000][21728][gc,marking   ] GC(486) Concurrent Scan Root Regions
[2020-08-27T11:17:01.291+0000][21728][gc,marking   ] GC(486) Concurrent Scan Root Regions 1.884ms
[2020-08-27T11:17:01.291+0000][21728][gc,marking   ] GC(486) Concurrent Mark (139.247s)
[2020-08-27T11:17:01.291+0000][21728][gc,marking   ] GC(486) Concurrent Mark From Roots
[2020-08-27T11:17:01.291+0000][21728][gc,task      ] GC(486) Using 2 workers of 2 for marking
[2020-08-27T11:17:01.418+0000][21728][gc,marking   ] GC(486) Concurrent Mark From Roots 127.252ms
[2020-08-27T11:17:01.418+0000][21728][gc,marking   ] GC(486) Concurrent Preclean
[2020-08-27T11:17:01.419+0000][21728][gc,marking   ] GC(486) Concurrent Preclean 0.377ms
[2020-08-27T11:17:01.419+0000][21728][gc,marking   ] GC(486) Concurrent Mark (139.247s, 139.375s) 127.765ms
[2020-08-27T11:17:01.419+0000][21728][gc,start     ] GC(486) Pause Remark
[2020-08-27T11:17:01.425+0000][21728][gc           ] GC(486) Pause Remark 318M->318M(1024M) 6.331ms
[2020-08-27T11:17:01.425+0000][21728][gc,cpu       ] GC(486) User=0.11s Sys=0.00s Real=0.01s
[2020-08-27T11:17:01.426+0000][21728][safepoint    ] Safepoint "G1Concurrent", Time since last: 130491800 ns, Reaching safepoint: 162900 ns, At safepoint: 6569000 ns, Total: 6731900 ns
[2020-08-27T11:17:01.426+0000][21728][gc,marking   ] GC(486) Concurrent Rebuild Remembered Sets
[2020-08-27T11:17:01.508+0000][21728][gc,marking   ] GC(486) Concurrent Rebuild Remembered Sets 82.446ms
[2020-08-27T11:17:01.508+0000][21728][gc,start     ] GC(486) Pause Cleanup
[2020-08-27T11:17:01.509+0000][21728][gc           ] GC(486) Pause Cleanup 388M->388M(1024M) 0.278ms
[2020-08-27T11:17:01.509+0000][21728][gc,cpu       ] GC(486) User=0.00s Sys=0.00s Real=0.00s
[2020-08-27T11:17:01.509+0000][21728][safepoint    ] Safepoint "G1Concurrent", Time since last: 82632300 ns, Reaching safepoint: 153500 ns, At safepoint: 421400 ns, Total: 574900 ns
[2020-08-27T11:17:01.509+0000][21728][gc,marking   ] GC(486) Concurrent Cleanup for Next Mark
[2020-08-27T11:17:01.511+0000][21728][gc,marking   ] GC(486) Concurrent Cleanup for Next Mark 1.784ms
[2020-08-27T11:17:01.511+0000][21728][gc           ] GC(486) Concurrent Cycle 222.393ms
[2020-08-27T11:17:01.628+0000][21728][gc,start     ] GC(487) Pause Young (Concurrent Start) (G1 Humongous Allocation)
[2020-08-27T11:17:01.628+0000][21728][gc,task      ] GC(487) Using 8 workers of 8 for evacuation
[2020-08-27T11:17:01.628+0000][21728][gc,age       ] GC(487) Desired survivor size 33554432 bytes, new threshold 15 (max threshold 15)
[2020-08-27T11:17:01.631+0000][21728][gc,age       ] GC(487) Age table with threshold 15 (max threshold 15)
[2020-08-27T11:17:01.631+0000][21728][gc,age       ] GC(487) - age   1:    1027264 bytes,    1027264 total
[2020-08-27T11:17:01.631+0000][21728][gc,age       ] GC(487) - age   2:      13944 bytes,    1041208 total
[2020-08-27T11:17:01.631+0000][21728][gc,age       ] GC(487) - age   3:       2008 bytes,    1043216 total
[2020-08-27T11:17:01.631+0000][21728][gc,age       ] GC(487) - age   4:       1904 bytes,    1045120 total
[2020-08-27T11:17:01.631+0000][21728][gc,age       ] GC(487) - age   5:        696 bytes,    1045816 total
[2020-08-27T11:17:01.631+0000][21728][gc,age       ] GC(487) - age   6:        400 bytes,    1046216 total
[2020-08-27T11:17:01.631+0000][21728][gc,age       ] GC(487) - age   7:       5752 bytes,    1051968 total
[2020-08-27T11:17:01.632+0000][21728][gc,age       ] GC(487) - age   8:        536 bytes,    1052504 total
[2020-08-27T11:17:01.632+0000][21728][gc,age       ] GC(487) - age   9:        592 bytes,    1053096 total
[2020-08-27T11:17:01.632+0000][21728][gc,age       ] GC(487) - age  10:        232 bytes,    1053328 total
[2020-08-27T11:17:01.632+0000][21728][gc,age       ] GC(487) - age  11:       6744 bytes,    1060072 total
[2020-08-27T11:17:01.632+0000][21728][gc,age       ] GC(487) - age  12:        824 bytes,    1060896 total
[2020-08-27T11:17:01.632+0000][21728][gc,age       ] GC(487) - age  13:        312 bytes,    1061208 total
[2020-08-27T11:17:01.632+0000][21728][gc,age       ] GC(487) - age  14:      11336 bytes,    1072544 total
[2020-08-27T11:17:01.632+0000][21728][gc,age       ] GC(487) - age  15:        376 bytes,    1072920 total
[2020-08-27T11:17:01.632+0000][21728][gc,phases    ] GC(487)   Pre Evacuate Collection Set: 0.5ms
[2020-08-27T11:17:01.632+0000][21728][gc,phases    ] GC(487)   Merge Heap Roots: 0.1ms
[2020-08-27T11:17:01.632+0000][21728][gc,phases    ] GC(487)   Evacuate Collection Set: 1.8ms
[2020-08-27T11:17:01.632+0000][21728][gc,phases    ] GC(487)   Post Evacuate Collection Set: 0.6ms
[2020-08-27T11:17:01.632+0000][21728][gc,phases    ] GC(487)   Other: 0.8ms
[2020-08-27T11:17:01.632+0000][21728][gc,heap      ] GC(487) Eden regions: 36->0(505)
[2020-08-27T11:17:01.632+0000][21728][gc,heap      ] GC(487) Survivor regions: 3->2(64)
[2020-08-27T11:17:01.632+0000][21728][gc,heap      ] GC(487) Old regions: 81->81
[2020-08-27T11:17:01.632+0000][21728][gc,heap      ] GC(487) Archive regions: 0->0
[2020-08-27T11:17:01.632+0000][21728][gc,heap      ] GC(487) Humongous regions: 278->174
[2020-08-27T11:17:01.632+0000][21728][gc,metaspace ] GC(487) Metaspace: 88508K(94720K)->88508K(94720K) NonClass: 77260K(80896K)->77260K(80896K) Class: 11248K(13824K)->11248K(13824K)
[2020-08-27T11:17:01.632+0000][21728][gc           ] GC(487) Pause Young (Concurrent Start) (G1 Humongous Allocation) 396M->255M(1024M) 4.013ms
[2020-08-27T11:17:01.632+0000][21728][gc,cpu       ] GC(487) User=0.00s Sys=0.00s Real=0.00s
[2020-08-27T11:17:01.632+0000][21728][safepoint    ] Safepoint "G1TryInitiateConcMark", Time since last: 119113300 ns, Reaching safepoint: 150600 ns, At safepoint: 4160900 ns, Total: 4311500 ns
[2020-08-27T11:17:01.632+0000][21728][gc           ] GC(488) Concurrent Cycle
[2020-08-27T11:17:01.632+0000][21728][gc,marking   ] GC(488) Concurrent Clear Claimed Marks
[2020-08-27T11:17:01.633+0000][21728][gc,marking   ] GC(488) Concurrent Clear Claimed Marks 0.429ms
[2020-08-27T11:17:01.633+0000][21728][gc,marking   ] GC(488) Concurrent Scan Root Regions
[2020-08-27T11:17:01.634+0000][21728][gc,marking   ] GC(488) Concurrent Scan Root Regions 1.651ms
[2020-08-27T11:17:01.634+0000][21728][gc,marking   ] GC(488) Concurrent Mark (139.590s)
[2020-08-27T11:17:01.635+0000][21728][gc,marking   ] GC(488) Concurrent Mark From Roots
[2020-08-27T11:17:01.635+0000][21728][gc,task      ] GC(488) Using 2 workers of 2 for marking
[2020-08-27T11:17:01.757+0000][21728][gc,marking   ] GC(488) Concurrent Mark From Roots 122.387ms
[2020-08-27T11:17:01.757+0000][21728][gc,marking   ] GC(488) Concurrent Preclean
[2020-08-27T11:17:01.757+0000][21728][gc,marking   ] GC(488) Concurrent Preclean 0.349ms
[2020-08-27T11:17:01.757+0000][21728][gc,marking   ] GC(488) Concurrent Mark (139.590s, 139.713s) 122.846ms
[2020-08-27T11:17:01.758+0000][21728][gc,start     ] GC(488) Pause Remark
[2020-08-27T11:17:01.763+0000][21728][gc           ] GC(488) Pause Remark 269M->269M(1024M) 5.135ms
[2020-08-27T11:17:01.763+0000][21728][gc,cpu       ] GC(488) User=0.00s Sys=0.00s Real=0.01s
[2020-08-27T11:17:01.763+0000][21728][safepoint    ] Safepoint "G1Concurrent", Time since last: 125173000 ns, Reaching safepoint: 142100 ns, At safepoint: 5283900 ns, Total: 5426000 ns
[2020-08-27T11:17:01.763+0000][21728][gc,marking   ] GC(488) Concurrent Rebuild Remembered Sets
[2020-08-27T11:17:01.839+0000][21728][gc,marking   ] GC(488) Concurrent Rebuild Remembered Sets 75.929ms
[2020-08-27T11:17:01.839+0000][21728][gc,start     ] GC(488) Pause Cleanup
[2020-08-27T11:17:01.839+0000][21728][gc           ] GC(488) Pause Cleanup 289M->289M(1024M) 0.235ms
[2020-08-27T11:17:01.839+0000][21728][gc,cpu       ] GC(488) User=0.00s Sys=0.00s Real=0.00s
[2020-08-27T11:17:01.839+0000][21728][safepoint    ] Safepoint "G1Concurrent", Time since last: 76063900 ns, Reaching safepoint: 153000 ns, At safepoint: 356900 ns, Total: 509900 ns
[2020-08-27T11:17:01.839+0000][21728][gc,marking   ] GC(488) Concurrent Cleanup for Next Mark
[2020-08-27T11:17:01.841+0000][21728][gc,marking   ] GC(488) Concurrent Cleanup for Next Mark 1.296ms
[2020-08-27T11:17:01.841+0000][21728][gc           ] GC(488) Concurrent Cycle 208.584ms
[2020-08-27T11:17:01.966+0000][21728][gc,start     ] GC(489) Pause Young (Concurrent Start) (G1 Humongous Allocation)
[2020-08-27T11:17:01.966+0000][21728][gc,task      ] GC(489) Using 8 workers of 8 for evacuation
[2020-08-27T11:17:01.966+0000][21728][gc,age       ] GC(489) Desired survivor size 33554432 bytes, new threshold 15 (max threshold 15)
[2020-08-27T11:17:01.969+0000][21728][gc,age       ] GC(489) Age table with threshold 15 (max threshold 15)
[2020-08-27T11:17:01.969+0000][21728][gc,age       ] GC(489) - age   1:    1893608 bytes,    1893608 total
[2020-08-27T11:17:01.969+0000][21728][gc,age       ] GC(489) - age   2:     403536 bytes,    2297144 total
[2020-08-27T11:17:01.969+0000][21728][gc,age       ] GC(489) - age   3:      11000 bytes,    2308144 total
[2020-08-27T11:17:01.969+0000][21728][gc,age       ] GC(489) - age   4:       1016 bytes,    2309160 total
[2020-08-27T11:17:01.969+0000][21728][gc,age       ] GC(489) - age   5:       1840 bytes,    2311000 total
[2020-08-27T11:17:01.969+0000][21728][gc,age       ] GC(489) - age   6:        504 bytes,    2311504 total
[2020-08-27T11:17:01.969+0000][21728][gc,age       ] GC(489) - age   7:        368 bytes,    2311872 total
[2020-08-27T11:17:01.969+0000][21728][gc,age       ] GC(489) - age   8:       5528 bytes,    2317400 total
[2020-08-27T11:17:01.969+0000][21728][gc,age       ] GC(489) - age   9:        440 bytes,    2317840 total
[2020-08-27T11:17:01.969+0000][21728][gc,age       ] GC(489) - age  10:        496 bytes,    2318336 total
[2020-08-27T11:17:01.969+0000][21728][gc,age       ] GC(489) - age  11:        232 bytes,    2318568 total
[2020-08-27T11:17:01.969+0000][21728][gc,age       ] GC(489) - age  12:       6344 bytes,    2324912 total
[2020-08-27T11:17:01.969+0000][21728][gc,age       ] GC(489) - age  13:        760 bytes,    2325672 total
[2020-08-27T11:17:01.969+0000][21728][gc,age       ] GC(489) - age  14:        312 bytes,    2325984 total
[2020-08-27T11:17:01.969+0000][21728][gc,age       ] GC(489) - age  15:       8880 bytes,    2334864 total
[2020-08-27T11:17:01.970+0000][21728][gc,phases    ] GC(489)   Pre Evacuate Collection Set: 0.4ms
[2020-08-27T11:17:01.970+0000][21728][gc,phases    ] GC(489)   Merge Heap Roots: 0.1ms
[2020-08-27T11:17:01.970+0000][21728][gc,phases    ] GC(489)   Evacuate Collection Set: 1.7ms
[2020-08-27T11:17:01.970+0000][21728][gc,phases    ] GC(489)   Post Evacuate Collection Set: 0.7ms
[2020-08-27T11:17:01.970+0000][21728][gc,phases    ] GC(489)   Other: 0.7ms
[2020-08-27T11:17:01.970+0000][21728][gc,heap      ] GC(489) Eden regions: 23->0(504)
[2020-08-27T11:17:01.970+0000][21728][gc,heap      ] GC(489) Survivor regions: 2->3(64)
[2020-08-27T11:17:01.970+0000][21728][gc,heap      ] GC(489) Old regions: 81->81
[2020-08-27T11:17:01.970+0000][21728][gc,heap      ] GC(489) Archive regions: 0->0
[2020-08-27T11:17:01.970+0000][21728][gc,heap      ] GC(489) Humongous regions: 226->174
[2020-08-27T11:17:01.970+0000][21728][gc,metaspace ] GC(489) Metaspace: 88508K(94720K)->88508K(94720K) NonClass: 77260K(80896K)->77260K(80896K) Class: 11248K(13824K)->11248K(13824K)
[2020-08-27T11:17:01.970+0000][21728][gc           ] GC(489) Pause Young (Concurrent Start) (G1 Humongous Allocation) 330M->256M(1024M) 3.845ms
[2020-08-27T11:17:01.970+0000][21728][gc,cpu       ] GC(489) User=0.02s Sys=0.00s Real=0.00s
[2020-08-27T11:17:01.970+0000][21728][safepoint    ] Safepoint "G1TryInitiateConcMark", Time since last: 126368200 ns, Reaching safepoint: 194000 ns, At safepoint: 3984200 ns, Total: 4178200 ns
[2020-08-27T11:17:01.970+0000][21728][gc           ] GC(490) Concurrent Cycle
[2020-08-27T11:17:01.970+0000][21728][gc,marking   ] GC(490) Concurrent Clear Claimed Marks
[2020-08-27T11:17:01.970+0000][21728][gc,marking   ] GC(490) Concurrent Clear Claimed Marks 0.302ms
[2020-08-27T11:17:01.970+0000][21728][gc,marking   ] GC(490) Concurrent Scan Root Regions
[2020-08-27T11:17:01.972+0000][21728][gc,marking   ] GC(490) Concurrent Scan Root Regions 1.576ms
[2020-08-27T11:17:01.972+0000][21728][gc,marking   ] GC(490) Concurrent Mark (139.928s)
[2020-08-27T11:17:01.972+0000][21728][gc,marking   ] GC(490) Concurrent Mark From Roots
[2020-08-27T11:17:01.972+0000][21728][gc,task      ] GC(490) Using 2 workers of 2 for marking
[2020-08-27T11:17:02.063+0000][21728][gc,marking   ] GC(490) Concurrent Mark From Roots 91.150ms
[2020-08-27T11:17:02.063+0000][21728][gc,marking   ] GC(490) Concurrent Preclean
[2020-08-27T11:17:02.064+0000][21728][gc,marking   ] GC(490) Concurrent Preclean 0.508ms
[2020-08-27T11:17:02.064+0000][21728][gc,marking   ] GC(490) Concurrent Mark (139.928s, 140.020s) 91.846ms
[2020-08-27T11:17:02.064+0000][21728][gc,start     ] GC(490) Pause Remark
[2020-08-27T11:17:02.069+0000][21728][gc           ] GC(490) Pause Remark 289M->289M(1024M) 4.994ms
[2020-08-27T11:17:02.069+0000][21728][gc,cpu       ] GC(490) User=0.00s Sys=0.00s Real=0.01s
[2020-08-27T11:17:02.069+0000][21728][safepoint    ] Safepoint "G1Concurrent", Time since last: 93975600 ns, Reaching safepoint: 155900 ns, At safepoint: 5178600 ns, Total: 5334500 ns
[2020-08-27T11:17:02.069+0000][21728][gc,marking   ] GC(490) Concurrent Rebuild Remembered Sets
[2020-08-27T11:17:02.137+0000][21728][gc,marking   ] GC(490) Concurrent Rebuild Remembered Sets 67.598ms
[2020-08-27T11:17:02.137+0000][21728][gc,start     ] GC(490) Pause Cleanup
[2020-08-27T11:17:02.137+0000][21728][gc           ] GC(490) Pause Cleanup 362M->362M(1024M) 0.259ms
[2020-08-27T11:17:02.138+0000][21728][gc,cpu       ] GC(490) User=0.00s Sys=0.00s Real=0.00s
[2020-08-27T11:17:02.138+0000][21728][safepoint    ] Safepoint "G1Concurrent", Time since last: 67780600 ns, Reaching safepoint: 165500 ns, At safepoint: 410400 ns, Total: 575900 ns
[2020-08-27T11:17:02.138+0000][21728][gc,marking   ] GC(490) Concurrent Cleanup for Next Mark
[2020-08-27T11:17:02.139+0000][21728][gc,marking   ] GC(490) Concurrent Cleanup for Next Mark 1.587ms
[2020-08-27T11:17:02.139+0000][21728][gc           ] GC(490) Concurrent Cycle 169.424ms
[2020-08-27T11:17:02.342+0000][21728][gc,start     ] GC(491) Pause Young (Concurrent Start) (G1 Humongous Allocation)
[2020-08-27T11:17:02.342+0000][21728][gc,task      ] GC(491) Using 8 workers of 8 for evacuation
[2020-08-27T11:17:02.342+0000][21728][gc,age       ] GC(491) Desired survivor size 33554432 bytes, new threshold 15 (max threshold 15)
[2020-08-27T11:17:02.345+0000][21728][gc,age       ] GC(491) Age table with threshold 15 (max threshold 15)
[2020-08-27T11:17:02.345+0000][21728][gc,age       ] GC(491) - age   1:    2704752 bytes,    2704752 total
[2020-08-27T11:17:02.345+0000][21728][gc,age       ] GC(491) - age   2:       2000 bytes,    2706752 total
[2020-08-27T11:17:02.345+0000][21728][gc,age       ] GC(491) - age   3:       1536 bytes,    2708288 total
[2020-08-27T11:17:02.345+0000][21728][gc,age       ] GC(491) - age   4:       8320 bytes,    2716608 total
[2020-08-27T11:17:02.345+0000][21728][gc,age       ] GC(491) - age   5:       1016 bytes,    2717624 total
[2020-08-27T11:17:02.345+0000][21728][gc,age       ] GC(491) - age   6:       1008 bytes,    2718632 total
[2020-08-27T11:17:02.345+0000][21728][gc,age       ] GC(491) - age   7:        376 bytes,    2719008 total
[2020-08-27T11:17:02.345+0000][21728][gc,age       ] GC(491) - age   8:        368 bytes,    2719376 total
[2020-08-27T11:17:02.345+0000][21728][gc,age       ] GC(491) - age   9:       5464 bytes,    2724840 total
[2020-08-27T11:17:02.345+0000][21728][gc,age       ] GC(491) - age  10:        440 bytes,    2725280 total
[2020-08-27T11:17:02.345+0000][21728][gc,age       ] GC(491) - age  11:        368 bytes,    2725648 total
[2020-08-27T11:17:02.345+0000][21728][gc,age       ] GC(491) - age  12:        232 bytes,    2725880 total
[2020-08-27T11:17:02.345+0000][21728][gc,age       ] GC(491) - age  13:       3896 bytes,    2729776 total
[2020-08-27T11:17:02.346+0000][21728][gc,age       ] GC(491) - age  14:        696 bytes,    2730472 total
[2020-08-27T11:17:02.346+0000][21728][gc,age       ] GC(491) - age  15:        280 bytes,    2730752 total
[2020-08-27T11:17:02.346+0000][21728][gc,phases    ] GC(491)   Pre Evacuate Collection Set: 0.3ms
[2020-08-27T11:17:02.346+0000][21728][gc,phases    ] GC(491)   Merge Heap Roots: 0.1ms
[2020-08-27T11:17:02.346+0000][21728][gc,phases    ] GC(491)   Evacuate Collection Set: 1.7ms
[2020-08-27T11:17:02.346+0000][21728][gc,phases    ] GC(491)   Post Evacuate Collection Set: 0.8ms
[2020-08-27T11:17:02.346+0000][21728][gc,phases    ] GC(491)   Other: 0.7ms
[2020-08-27T11:17:02.346+0000][21728][gc,heap      ] GC(491) Eden regions: 39->0(504)
[2020-08-27T11:17:02.346+0000][21728][gc,heap      ] GC(491) Survivor regions: 3->3(64)
[2020-08-27T11:17:02.346+0000][21728][gc,heap      ] GC(491) Old regions: 81->81
[2020-08-27T11:17:02.346+0000][21728][gc,heap      ] GC(491) Archive regions: 0->0
[2020-08-27T11:17:02.346+0000][21728][gc,heap      ] GC(491) Humongous regions: 256->174
[2020-08-27T11:17:02.346+0000][21728][gc,metaspace ] GC(491) Metaspace: 88534K(94720K)->88534K(94720K) NonClass: 77285K(80896K)->77285K(80896K) Class: 11249K(13824K)->11249K(13824K)
[2020-08-27T11:17:02.346+0000][21728][gc           ] GC(491) Pause Young (Concurrent Start) (G1 Humongous Allocation) 376M->256M(1024M) 3.833ms
[2020-08-27T11:17:02.346+0000][21728][gc,cpu       ] GC(491) User=0.02s Sys=0.00s Real=0.00s
[2020-08-27T11:17:02.346+0000][21728][safepoint    ] Safepoint "G1TryInitiateConcMark", Time since last: 204303900 ns, Reaching safepoint: 126900 ns, At safepoint: 3978300 ns, Total: 4105200 ns
[2020-08-27T11:17:02.346+0000][21728][gc           ] GC(492) Concurrent Cycle
[2020-08-27T11:17:02.346+0000][21728][gc,marking   ] GC(492) Concurrent Clear Claimed Marks
[2020-08-27T11:17:02.346+0000][21728][gc,marking   ] GC(492) Concurrent Clear Claimed Marks 0.302ms
[2020-08-27T11:17:02.346+0000][21728][gc,marking   ] GC(492) Concurrent Scan Root Regions
[2020-08-27T11:17:02.348+0000][21728][gc,marking   ] GC(492) Concurrent Scan Root Regions 1.461ms
[2020-08-27T11:17:02.348+0000][21728][gc,marking   ] GC(492) Concurrent Mark (140.304s)
[2020-08-27T11:17:02.348+0000][21728][gc,marking   ] GC(492) Concurrent Mark From Roots
[2020-08-27T11:17:02.348+0000][21728][gc,task      ] GC(492) Using 2 workers of 2 for marking
[2020-08-27T11:17:02.449+0000][21728][gc,marking   ] GC(492) Concurrent Mark From Roots 101.438ms
[2020-08-27T11:17:02.450+0000][21728][gc,marking   ] GC(492) Concurrent Preclean
[2020-08-27T11:17:02.450+0000][21728][gc,marking   ] GC(492) Concurrent Preclean 0.453ms
[2020-08-27T11:17:02.450+0000][21728][gc,marking   ] GC(492) Concurrent Mark (140.304s, 140.406s) 102.045ms
[2020-08-27T11:17:02.450+0000][21728][gc,start     ] GC(492) Pause Remark
[2020-08-27T11:17:02.456+0000][21728][gc           ] GC(492) Pause Remark 318M->318M(1024M) 5.256ms
[2020-08-27T11:17:02.456+0000][21728][gc,cpu       ] GC(492) User=0.13s Sys=0.00s Real=0.01s
[2020-08-27T11:17:02.456+0000][21728][safepoint    ] Safepoint "G1Concurrent", Time since last: 104077500 ns, Reaching safepoint: 203000 ns, At safepoint: 5436000 ns, Total: 5639000 ns
[2020-08-27T11:17:02.456+0000][21728][gc,marking   ] GC(492) Concurrent Rebuild Remembered Sets
[2020-08-27T11:17:02.529+0000][21728][gc,marking   ] GC(492) Concurrent Rebuild Remembered Sets 73.113ms
[2020-08-27T11:17:02.529+0000][21728][gc,start     ] GC(492) Pause Cleanup
[2020-08-27T11:17:02.529+0000][21728][gc           ] GC(492) Pause Cleanup 388M->388M(1024M) 0.269ms
[2020-08-27T11:17:02.529+0000][21728][gc,cpu       ] GC(492) User=0.00s Sys=0.00s Real=0.00s
[2020-08-27T11:17:02.530+0000][21728][safepoint    ] Safepoint "G1Concurrent", Time since last: 73318800 ns, Reaching safepoint: 130000 ns, At safepoint: 382900 ns, Total: 512900 ns
[2020-08-27T11:17:02.530+0000][21728][gc,marking   ] GC(492) Concurrent Cleanup for Next Mark
[2020-08-27T11:17:02.531+0000][21728][gc,marking   ] GC(492) Concurrent Cleanup for Next Mark 1.551ms
[2020-08-27T11:17:02.531+0000][21728][gc           ] GC(492) Concurrent Cycle 185.266ms
[2020-08-27T11:17:02.631+0000][21728][gc,start     ] GC(493) Pause Young (Concurrent Start) (G1 Humongous Allocation)
[2020-08-27T11:17:02.632+0000][21728][gc,task      ] GC(493) Using 8 workers of 8 for evacuation
[2020-08-27T11:17:02.632+0000][21728][gc,age       ] GC(493) Desired survivor size 33554432 bytes, new threshold 15 (max threshold 15)
[2020-08-27T11:17:02.634+0000][21728][gc,age       ] GC(493) Age table with threshold 15 (max threshold 15)
[2020-08-27T11:17:02.634+0000][21728][gc,age       ] GC(493) - age   1:    1027232 bytes,    1027232 total
[2020-08-27T11:17:02.634+0000][21728][gc,age       ] GC(493) - age   2:      28440 bytes,    1055672 total
[2020-08-27T11:17:02.634+0000][21728][gc,age       ] GC(493) - age   3:       1872 bytes,    1057544 total
[2020-08-27T11:17:02.635+0000][21728][gc,age       ] GC(493) - age   4:        472 bytes,    1058016 total
[2020-08-27T11:17:02.635+0000][21728][gc,age       ] GC(493) - age   5:       8288 bytes,    1066304 total
[2020-08-27T11:17:02.635+0000][21728][gc,age       ] GC(493) - age   6:        952 bytes,    1067256 total
[2020-08-27T11:17:02.635+0000][21728][gc,age       ] GC(493) - age   7:        976 bytes,    1068232 total
[2020-08-27T11:17:02.635+0000][21728][gc,age       ] GC(493) - age   8:        376 bytes,    1068608 total
[2020-08-27T11:17:02.635+0000][21728][gc,age       ] GC(493) - age   9:        368 bytes,    1068976 total
[2020-08-27T11:17:02.635+0000][21728][gc,age       ] GC(493) - age  10:       5464 bytes,    1074440 total
[2020-08-27T11:17:02.635+0000][21728][gc,age       ] GC(493) - age  11:        376 bytes,    1074816 total
[2020-08-27T11:17:02.635+0000][21728][gc,age       ] GC(493) - age  12:        368 bytes,    1075184 total
[2020-08-27T11:17:02.635+0000][21728][gc,age       ] GC(493) - age  13:        232 bytes,    1075416 total
[2020-08-27T11:17:02.635+0000][21728][gc,age       ] GC(493) - age  14:       3856 bytes,    1079272 total
[2020-08-27T11:17:02.635+0000][21728][gc,age       ] GC(493) - age  15:        632 bytes,    1079904 total
[2020-08-27T11:17:02.635+0000][21728][gc,phases    ] GC(493)   Pre Evacuate Collection Set: 0.3ms
[2020-08-27T11:17:02.635+0000][21728][gc,phases    ] GC(493)   Merge Heap Roots: 0.1ms
[2020-08-27T11:17:02.635+0000][21728][gc,phases    ] GC(493)   Evacuate Collection Set: 1.7ms
[2020-08-27T11:17:02.635+0000][21728][gc,phases    ] GC(493)   Post Evacuate Collection Set: 0.5ms
[2020-08-27T11:17:02.635+0000][21728][gc,phases    ] GC(493)   Other: 0.7ms
[2020-08-27T11:17:02.635+0000][21728][gc,heap      ] GC(493) Eden regions: 36->0(505)
[2020-08-27T11:17:02.635+0000][21728][gc,heap      ] GC(493) Survivor regions: 3->2(64)
[2020-08-27T11:17:02.635+0000][21728][gc,heap      ] GC(493) Old regions: 81->81
[2020-08-27T11:17:02.635+0000][21728][gc,heap      ] GC(493) Archive regions: 0->0
[2020-08-27T11:17:02.635+0000][21728][gc,heap      ] GC(493) Humongous regions: 278->174
[2020-08-27T11:17:02.635+0000][21728][gc,metaspace ] GC(493) Metaspace: 88535K(94720K)->88535K(94720K) NonClass: 77285K(80896K)->77285K(80896K) Class: 11249K(13824K)->11249K(13824K)
[2020-08-27T11:17:02.635+0000][21728][gc           ] GC(493) Pause Young (Concurrent Start) (G1 Humongous Allocation) 396M->255M(1024M) 3.567ms
[2020-08-27T11:17:02.635+0000][21728][gc,cpu       ] GC(493) User=0.00s Sys=0.00s Real=0.00s
[2020-08-27T11:17:02.635+0000][21728][safepoint    ] Safepoint "G1TryInitiateConcMark", Time since last: 101732200 ns, Reaching safepoint: 135900 ns, At safepoint: 3695600 ns, Total: 3831500 ns
[2020-08-27T11:17:02.635+0000][21728][gc           ] GC(494) Concurrent Cycle
[2020-08-27T11:17:02.635+0000][21728][gc,marking   ] GC(494) Concurrent Clear Claimed Marks
[2020-08-27T11:17:02.636+0000][21728][gc,marking   ] GC(494) Concurrent Clear Claimed Marks 0.482ms
[2020-08-27T11:17:02.636+0000][21728][gc,marking   ] GC(494) Concurrent Scan Root Regions
[2020-08-27T11:17:02.637+0000][21728][gc,marking   ] GC(494) Concurrent Scan Root Regions 1.579ms
[2020-08-27T11:17:02.637+0000][21728][gc,marking   ] GC(494) Concurrent Mark (140.593s)
[2020-08-27T11:17:02.637+0000][21728][gc,marking   ] GC(494) Concurrent Mark From Roots
[2020-08-27T11:17:02.637+0000][21728][gc,task      ] GC(494) Using 2 workers of 2 for marking
[2020-08-27T11:17:02.744+0000][21728][gc,marking   ] GC(494) Concurrent Mark From Roots 106.368ms
[2020-08-27T11:17:02.744+0000][21728][gc,marking   ] GC(494) Concurrent Preclean
[2020-08-27T11:17:02.744+0000][21728][gc,marking   ] GC(494) Concurrent Preclean 0.431ms
[2020-08-27T11:17:02.744+0000][21728][gc,marking   ] GC(494) Concurrent Mark (140.593s, 140.700s) 106.937ms
[2020-08-27T11:17:02.745+0000][21728][gc,start     ] GC(494) Pause Remark
[2020-08-27T11:17:02.750+0000][21728][gc           ] GC(494) Pause Remark 270M->270M(1024M) 5.810ms
[2020-08-27T11:17:02.751+0000][21728][gc,cpu       ] GC(494) User=0.00s Sys=0.00s Real=0.01s
[2020-08-27T11:17:02.751+0000][21728][safepoint    ] Safepoint "G1Concurrent", Time since last: 109286200 ns, Reaching safepoint: 165100 ns, At safepoint: 6107500 ns, Total: 6272600 ns
[2020-08-27T11:17:02.751+0000][21728][gc,marking   ] GC(494) Concurrent Rebuild Remembered Sets
[2020-08-27T11:17:02.825+0000][21728][gc,marking   ] GC(494) Concurrent Rebuild Remembered Sets 74.248ms
[2020-08-27T11:17:02.825+0000][21728][gc,start     ] GC(494) Pause Cleanup
[2020-08-27T11:17:02.826+0000][21728][gc           ] GC(494) Pause Cleanup 288M->288M(1024M) 0.264ms
[2020-08-27T11:17:02.826+0000][21728][gc,cpu       ] GC(494) User=0.00s Sys=0.00s Real=0.00s
[2020-08-27T11:17:02.826+0000][21728][safepoint    ] Safepoint "G1Concurrent", Time since last: 74420300 ns, Reaching safepoint: 123400 ns, At safepoint: 394500 ns, Total: 517900 ns
[2020-08-27T11:17:02.826+0000][21728][gc,marking   ] GC(494) Concurrent Cleanup for Next Mark
[2020-08-27T11:17:02.827+0000][21728][gc,marking   ] GC(494) Concurrent Cleanup for Next Mark 1.473ms
[2020-08-27T11:17:02.827+0000][21728][gc           ] GC(494) Concurrent Cycle 192.157ms
[2020-08-27T11:17:02.953+0000][21728][gc,start     ] GC(495) Pause Young (Concurrent Start) (G1 Humongous Allocation)
[2020-08-27T11:17:02.953+0000][21728][gc,task      ] GC(495) Using 8 workers of 8 for evacuation
[2020-08-27T11:17:02.953+0000][21728][gc,age       ] GC(495) Desired survivor size 33554432 bytes, new threshold 15 (max threshold 15)
[2020-08-27T11:17:02.956+0000][21728][gc,age       ] GC(495) Age table with threshold 15 (max threshold 15)
[2020-08-27T11:17:02.956+0000][21728][gc,age       ] GC(495) - age   1:    1910912 bytes,    1910912 total
[2020-08-27T11:17:02.956+0000][21728][gc,age       ] GC(495) - age   2:     403664 bytes,    2314576 total
[2020-08-27T11:17:02.956+0000][21728][gc,age       ] GC(495) - age   3:      25392 bytes,    2339968 total
[2020-08-27T11:17:02.956+0000][21728][gc,age       ] GC(495) - age   4:        672 bytes,    2340640 total
[2020-08-27T11:17:02.956+0000][21728][gc,age       ] GC(495) - age   5:        304 bytes,    2340944 total
[2020-08-27T11:17:02.956+0000][21728][gc,age       ] GC(495) - age   6:       8152 bytes,    2349096 total
[2020-08-27T11:17:02.956+0000][21728][gc,age       ] GC(495) - age   7:        824 bytes,    2349920 total
[2020-08-27T11:17:02.956+0000][21728][gc,age       ] GC(495) - age   8:        584 bytes,    2350504 total
[2020-08-27T11:17:02.956+0000][21728][gc,age       ] GC(495) - age   9:        376 bytes,    2350880 total
[2020-08-27T11:17:02.956+0000][21728][gc,age       ] GC(495) - age  10:        368 bytes,    2351248 total
[2020-08-27T11:17:02.956+0000][21728][gc,age       ] GC(495) - age  11:       5464 bytes,    2356712 total
[2020-08-27T11:17:02.956+0000][21728][gc,age       ] GC(495) - age  12:        376 bytes,    2357088 total
[2020-08-27T11:17:02.956+0000][21728][gc,age       ] GC(495) - age  13:        368 bytes,    2357456 total
[2020-08-27T11:17:02.956+0000][21728][gc,age       ] GC(495) - age  14:        232 bytes,    2357688 total
[2020-08-27T11:17:02.956+0000][21728][gc,age       ] GC(495) - age  15:       1464 bytes,    2359152 total
[2020-08-27T11:17:02.957+0000][21728][gc,phases    ] GC(495)   Pre Evacuate Collection Set: 0.4ms
[2020-08-27T11:17:02.957+0000][21728][gc,phases    ] GC(495)   Merge Heap Roots: 0.1ms
[2020-08-27T11:17:02.957+0000][21728][gc,phases    ] GC(495)   Evacuate Collection Set: 2.0ms
[2020-08-27T11:17:02.957+0000][21728][gc,phases    ] GC(495)   Post Evacuate Collection Set: 0.7ms
[2020-08-27T11:17:02.957+0000][21728][gc,phases    ] GC(495)   Other: 0.8ms
[2020-08-27T11:17:02.957+0000][21728][gc,heap      ] GC(495) Eden regions: 24->0(504)
[2020-08-27T11:17:02.957+0000][21728][gc,heap      ] GC(495) Survivor regions: 2->3(64)
[2020-08-27T11:17:02.957+0000][21728][gc,heap      ] GC(495) Old regions: 81->81
[2020-08-27T11:17:02.957+0000][21728][gc,heap      ] GC(495) Archive regions: 0->0
[2020-08-27T11:17:02.957+0000][21728][gc,heap      ] GC(495) Humongous regions: 226->174
[2020-08-27T11:17:02.957+0000][21728][gc,metaspace ] GC(495) Metaspace: 88535K(94720K)->88535K(94720K) NonClass: 77285K(80896K)->77285K(80896K) Class: 11249K(13824K)->11249K(13824K)
[2020-08-27T11:17:02.957+0000][21728][gc           ] GC(495) Pause Young (Concurrent Start) (G1 Humongous Allocation) 330M->256M(1024M) 4.203ms
[2020-08-27T11:17:02.957+0000][21728][gc,cpu       ] GC(495) User=0.13s Sys=0.00s Real=0.00s
[2020-08-27T11:17:02.957+0000][21728][gc           ] GC(496) Concurrent Cycle
[2020-08-27T11:17:02.957+0000][21728][safepoint    ] Safepoint "G1TryInitiateConcMark", Time since last: 126787500 ns, Reaching safepoint: 170600 ns, At safepoint: 4426400 ns, Total: 4597000 ns
[2020-08-27T11:17:02.957+0000][21728][gc,marking   ] GC(496) Concurrent Clear Claimed Marks
[2020-08-27T11:17:02.958+0000][21728][gc,marking   ] GC(496) Concurrent Clear Claimed Marks 0.480ms
[2020-08-27T11:17:02.958+0000][21728][gc,marking   ] GC(496) Concurrent Scan Root Regions
[2020-08-27T11:17:02.960+0000][21728][gc,marking   ] GC(496) Concurrent Scan Root Regions 2.216ms
[2020-08-27T11:17:02.960+0000][21728][gc,marking   ] GC(496) Concurrent Mark (140.916s)
[2020-08-27T11:17:02.960+0000][21728][gc,marking   ] GC(496) Concurrent Mark From Roots
[2020-08-27T11:17:02.960+0000][21728][gc,task      ] GC(496) Using 2 workers of 2 for marking
[2020-08-27T11:17:03.080+0000][21728][gc,marking   ] GC(496) Concurrent Mark From Roots 119.759ms
[2020-08-27T11:17:03.080+0000][21728][gc,marking   ] GC(496) Concurrent Preclean
[2020-08-27T11:17:03.080+0000][21728][gc,marking   ] GC(496) Concurrent Preclean 0.353ms
[2020-08-27T11:17:03.080+0000][21728][gc,marking   ] GC(496) Concurrent Mark (140.916s, 141.036s) 120.247ms
[2020-08-27T11:17:03.080+0000][21728][gc,start     ] GC(496) Pause Remark
[2020-08-27T11:17:03.086+0000][21728][gc           ] GC(496) Pause Remark 294M->294M(1024M) 5.231ms
[2020-08-27T11:17:03.086+0000][21728][gc,cpu       ] GC(496) User=0.00s Sys=0.00s Real=0.01s
[2020-08-27T11:17:03.086+0000][21728][safepoint    ] Safepoint "G1Concurrent", Time since last: 123210000 ns, Reaching safepoint: 156400 ns, At safepoint: 5382800 ns, Total: 5539200 ns
[2020-08-27T11:17:03.086+0000][21728][gc,marking   ] GC(496) Concurrent Rebuild Remembered Sets
[2020-08-27T11:17:03.187+0000][21728][gc,marking   ] GC(496) Concurrent Rebuild Remembered Sets 101.628ms
[2020-08-27T11:17:03.188+0000][21728][gc,start     ] GC(496) Pause Cleanup
[2020-08-27T11:17:03.188+0000][21728][gc           ] GC(496) Pause Cleanup 366M->366M(1024M) 0.339ms
[2020-08-27T11:17:03.188+0000][21728][gc,cpu       ] GC(496) User=0.00s Sys=0.00s Real=0.00s
[2020-08-27T11:17:03.188+0000][21728][safepoint    ] Safepoint "G1Concurrent", Time since last: 101786300 ns, Reaching safepoint: 190400 ns, At safepoint: 490500 ns, Total: 680900 ns
[2020-08-27T11:17:03.188+0000][21728][gc,marking   ] GC(496) Concurrent Cleanup for Next Mark
[2020-08-27T11:17:03.191+0000][21728][gc,marking   ] GC(496) Concurrent Cleanup for Next Mark 2.398ms
[2020-08-27T11:17:03.191+0000][21728][gc           ] GC(496) Concurrent Cycle 233.847ms
[2020-08-27T11:17:03.473+0000][21728][gc,start     ] GC(497) Pause Young (Concurrent Start) (G1 Humongous Allocation)
[2020-08-27T11:17:03.474+0000][21728][gc,task      ] GC(497) Using 8 workers of 8 for evacuation
[2020-08-27T11:17:03.474+0000][21728][gc,age       ] GC(497) Desired survivor size 33554432 bytes, new threshold 15 (max threshold 15)
[2020-08-27T11:17:03.477+0000][21728][gc,age       ] GC(497) Age table with threshold 15 (max threshold 15)
[2020-08-27T11:17:03.477+0000][21728][gc,age       ] GC(497) - age   1:    2730480 bytes,    2730480 total
[2020-08-27T11:17:03.477+0000][21728][gc,age       ] GC(497) - age   2:       2760 bytes,    2733240 total
[2020-08-27T11:17:03.477+0000][21728][gc,age       ] GC(497) - age   3:       1488 bytes,    2734728 total
[2020-08-27T11:17:03.477+0000][21728][gc,age       ] GC(497) - age   4:      19480 bytes,    2754208 total
[2020-08-27T11:17:03.477+0000][21728][gc,age       ] GC(497) - age   5:        544 bytes,    2754752 total
[2020-08-27T11:17:03.477+0000][21728][gc,age       ] GC(497) - age   6:        272 bytes,    2755024 total
[2020-08-27T11:17:03.477+0000][21728][gc,age       ] GC(497) - age   7:       5560 bytes,    2760584 total
[2020-08-27T11:17:03.477+0000][21728][gc,age       ] GC(497) - age   8:        800 bytes,    2761384 total
[2020-08-27T11:17:03.477+0000][21728][gc,age       ] GC(497) - age   9:        584 bytes,    2761968 total
[2020-08-27T11:17:03.477+0000][21728][gc,age       ] GC(497) - age  10:        344 bytes,    2762312 total
[2020-08-27T11:17:03.477+0000][21728][gc,age       ] GC(497) - age  11:        368 bytes,    2762680 total
[2020-08-27T11:17:03.477+0000][21728][gc,age       ] GC(497) - age  12:       5400 bytes,    2768080 total
[2020-08-27T11:17:03.477+0000][21728][gc,age       ] GC(497) - age  13:        312 bytes,    2768392 total
[2020-08-27T11:17:03.477+0000][21728][gc,age       ] GC(497) - age  14:        336 bytes,    2768728 total
[2020-08-27T11:17:03.477+0000][21728][gc,age       ] GC(497) - age  15:        232 bytes,    2768960 total
[2020-08-27T11:17:03.477+0000][21728][gc,phases    ] GC(497)   Pre Evacuate Collection Set: 0.4ms
[2020-08-27T11:17:03.477+0000][21728][gc,phases    ] GC(497)   Merge Heap Roots: 0.1ms
[2020-08-27T11:17:03.478+0000][21728][gc,phases    ] GC(497)   Evacuate Collection Set: 1.8ms
[2020-08-27T11:17:03.478+0000][21728][gc,phases    ] GC(497)   Post Evacuate Collection Set: 0.8ms
[2020-08-27T11:17:03.478+0000][21728][gc,phases    ] GC(497)   Other: 0.9ms
[2020-08-27T11:17:03.478+0000][21728][gc,heap      ] GC(497) Eden regions: 46->0(504)
[2020-08-27T11:17:03.478+0000][21728][gc,heap      ] GC(497) Survivor regions: 3->3(64)
[2020-08-27T11:17:03.478+0000][21728][gc,heap      ] GC(497) Old regions: 81->81
[2020-08-27T11:17:03.478+0000][21728][gc,heap      ] GC(497) Archive regions: 0->0
[2020-08-27T11:17:03.478+0000][21728][gc,heap      ] GC(497) Humongous regions: 256->174
[2020-08-27T11:17:03.478+0000][21728][gc,metaspace ] GC(497) Metaspace: 88566K(94720K)->88566K(94720K) NonClass: 77313K(80896K)->77313K(80896K) Class: 11252K(13824K)->11252K(13824K)
[2020-08-27T11:17:03.478+0000][21728][gc           ] GC(497) Pause Young (Concurrent Start) (G1 Humongous Allocation) 383M->256M(1024M) 4.403ms
[2020-08-27T11:17:03.478+0000][21728][gc,cpu       ] GC(497) User=0.00s Sys=0.00s Real=0.00s
[2020-08-27T11:17:03.478+0000][21728][gc           ] GC(498) Concurrent Cycle
[2020-08-27T11:17:03.478+0000][21728][safepoint    ] Safepoint "G1TryInitiateConcMark", Time since last: 284972100 ns, Reaching safepoint: 265700 ns, At safepoint: 4674200 ns, Total: 4939900 ns
[2020-08-27T11:17:03.478+0000][21728][gc,marking   ] GC(498) Concurrent Clear Claimed Marks
[2020-08-27T11:17:03.480+0000][21728][gc,marking   ] GC(498) Concurrent Clear Claimed Marks 1.475ms
[2020-08-27T11:17:03.480+0000][21728][gc,marking   ] GC(498) Concurrent Scan Root Regions
[2020-08-27T11:17:03.482+0000][21728][gc,marking   ] GC(498) Concurrent Scan Root Regions 2.288ms
[2020-08-27T11:17:03.482+0000][21728][gc,marking   ] GC(498) Concurrent Mark (141.438s)
[2020-08-27T11:17:03.482+0000][21728][gc,marking   ] GC(498) Concurrent Mark From Roots
[2020-08-27T11:17:03.482+0000][21728][gc,task      ] GC(498) Using 2 workers of 2 for marking
[2020-08-27T11:17:03.579+0000][21728][gc,marking   ] GC(498) Concurrent Mark From Roots 96.506ms
[2020-08-27T11:17:03.579+0000][21728][gc,marking   ] GC(498) Concurrent Preclean
[2020-08-27T11:17:03.579+0000][21728][gc,marking   ] GC(498) Concurrent Preclean 0.526ms
[2020-08-27T11:17:03.579+0000][21728][gc,marking   ] GC(498) Concurrent Mark (141.438s, 141.535s) 97.225ms
[2020-08-27T11:17:03.580+0000][21728][gc,start     ] GC(498) Pause Remark
[2020-08-27T11:17:03.587+0000][21728][gc           ] GC(498) Pause Remark 319M->319M(1024M) 6.864ms
[2020-08-27T11:17:03.587+0000][21728][gc,cpu       ] GC(498) User=0.00s Sys=0.00s Real=0.01s
[2020-08-27T11:17:03.587+0000][21728][safepoint    ] Safepoint "G1Concurrent", Time since last: 101470200 ns, Reaching safepoint: 153400 ns, At safepoint: 7037800 ns, Total: 7191200 ns
[2020-08-27T11:17:03.587+0000][21728][gc,marking   ] GC(498) Concurrent Rebuild Remembered Sets
[2020-08-27T11:17:03.661+0000][21728][gc,marking   ] GC(498) Concurrent Rebuild Remembered Sets 74.590ms
[2020-08-27T11:17:03.662+0000][21728][gc,start     ] GC(498) Pause Cleanup
[2020-08-27T11:17:03.662+0000][21728][gc           ] GC(498) Pause Cleanup 389M->389M(1024M) 0.341ms
[2020-08-27T11:17:03.662+0000][21728][gc,cpu       ] GC(498) User=0.00s Sys=0.00s Real=0.00s
[2020-08-27T11:17:03.662+0000][21728][safepoint    ] Safepoint "G1Concurrent", Time since last: 74793300 ns, Reaching safepoint: 180400 ns, At safepoint: 493700 ns, Total: 674100 ns
[2020-08-27T11:17:03.662+0000][21728][gc,marking   ] GC(498) Concurrent Cleanup for Next Mark
[2020-08-27T11:17:03.664+0000][21728][gc,marking   ] GC(498) Concurrent Cleanup for Next Mark 1.903ms
[2020-08-27T11:17:03.664+0000][21728][gc           ] GC(498) Concurrent Cycle 186.280ms
[2020-08-27T11:17:03.817+0000][21728][gc,start     ] GC(499) Pause Young (Concurrent Start) (G1 Humongous Allocation)
[2020-08-27T11:17:03.817+0000][21728][gc,task      ] GC(499) Using 8 workers of 8 for evacuation
[2020-08-27T11:17:03.817+0000][21728][gc,age       ] GC(499) Desired survivor size 33554432 bytes, new threshold 15 (max threshold 15)
[2020-08-27T11:17:03.820+0000][21728][gc,age       ] GC(499) Age table with threshold 15 (max threshold 15)
[2020-08-27T11:17:03.820+0000][21728][gc,age       ] GC(499) - age   1:    1027984 bytes,    1027984 total
[2020-08-27T11:17:03.820+0000][21728][gc,age       ] GC(499) - age   2:      53824 bytes,    1081808 total
[2020-08-27T11:17:03.820+0000][21728][gc,age       ] GC(499) - age   3:       1968 bytes,    1083776 total
[2020-08-27T11:17:03.820+0000][21728][gc,age       ] GC(499) - age   4:        440 bytes,    1084216 total
[2020-08-27T11:17:03.820+0000][21728][gc,age       ] GC(499) - age   5:      19384 bytes,    1103600 total
[2020-08-27T11:17:03.820+0000][21728][gc,age       ] GC(499) - age   6:        512 bytes,    1104112 total
[2020-08-27T11:17:03.820+0000][21728][gc,age       ] GC(499) - age   7:        272 bytes,    1104384 total
[2020-08-27T11:17:03.821+0000][21728][gc,age       ] GC(499) - age   8:       5560 bytes,    1109944 total
[2020-08-27T11:17:03.821+0000][21728][gc,age       ] GC(499) - age   9:        800 bytes,    1110744 total
[2020-08-27T11:17:03.821+0000][21728][gc,age       ] GC(499) - age  10:        584 bytes,    1111328 total
[2020-08-27T11:17:03.821+0000][21728][gc,age       ] GC(499) - age  11:        344 bytes,    1111672 total
[2020-08-27T11:17:03.821+0000][21728][gc,age       ] GC(499) - age  12:        368 bytes,    1112040 total
[2020-08-27T11:17:03.821+0000][21728][gc,age       ] GC(499) - age  13:       5400 bytes,    1117440 total
[2020-08-27T11:17:03.821+0000][21728][gc,age       ] GC(499) - age  14:        312 bytes,    1117752 total
[2020-08-27T11:17:03.821+0000][21728][gc,age       ] GC(499) - age  15:        336 bytes,    1118088 total
[2020-08-27T11:17:03.821+0000][21728][gc,phases    ] GC(499)   Pre Evacuate Collection Set: 0.4ms
[2020-08-27T11:17:03.821+0000][21728][gc,phases    ] GC(499)   Merge Heap Roots: 0.1ms
[2020-08-27T11:17:03.821+0000][21728][gc,phases    ] GC(499)   Evacuate Collection Set: 1.7ms
[2020-08-27T11:17:03.821+0000][21728][gc,phases    ] GC(499)   Post Evacuate Collection Set: 0.6ms
[2020-08-27T11:17:03.821+0000][21728][gc,phases    ] GC(499)   Other: 0.9ms
[2020-08-27T11:17:03.821+0000][21728][gc,heap      ] GC(499) Eden regions: 36->0(505)
[2020-08-27T11:17:03.821+0000][21728][gc,heap      ] GC(499) Survivor regions: 3->2(64)
[2020-08-27T11:17:03.821+0000][21728][gc,heap      ] GC(499) Old regions: 81->81
[2020-08-27T11:17:03.821+0000][21728][gc,heap      ] GC(499) Archive regions: 0->0
[2020-08-27T11:17:03.821+0000][21728][gc,heap      ] GC(499) Humongous regions: 278->174
[2020-08-27T11:17:03.821+0000][21728][gc,metaspace ] GC(499) Metaspace: 88567K(94720K)->88567K(94720K) NonClass: 77314K(80896K)->77314K(80896K) Class: 11252K(13824K)->11252K(13824K)
[2020-08-27T11:17:03.821+0000][21728][gc           ] GC(499) Pause Young (Concurrent Start) (G1 Humongous Allocation) 396M->255M(1024M) 3.924ms
[2020-08-27T11:17:03.821+0000][21728][gc,cpu       ] GC(499) User=0.00s Sys=0.00s Real=0.00s
[2020-08-27T11:17:03.821+0000][21728][safepoint    ] Safepoint "G1TryInitiateConcMark", Time since last: 154702700 ns, Reaching safepoint: 147200 ns, At safepoint: 4066600 ns, Total: 4213800 ns
[2020-08-27T11:17:03.821+0000][21728][gc           ] GC(500) Concurrent Cycle
[2020-08-27T11:17:03.821+0000][21728][gc,marking   ] GC(500) Concurrent Clear Claimed Marks
[2020-08-27T11:17:03.822+0000][21728][gc,marking   ] GC(500) Concurrent Clear Claimed Marks 0.534ms
[2020-08-27T11:17:03.822+0000][21728][gc,marking   ] GC(500) Concurrent Scan Root Regions
[2020-08-27T11:17:03.824+0000][21728][gc,marking   ] GC(500) Concurrent Scan Root Regions 1.853ms
[2020-08-27T11:17:03.824+0000][21728][gc,marking   ] GC(500) Concurrent Mark (141.780s)
[2020-08-27T11:17:03.824+0000][21728][gc,marking   ] GC(500) Concurrent Mark From Roots
[2020-08-27T11:17:03.824+0000][21728][gc,task      ] GC(500) Using 2 workers of 2 for marking
[2020-08-27T11:17:03.966+0000][21728][gc,marking   ] GC(500) Concurrent Mark From Roots 141.839ms
[2020-08-27T11:17:03.966+0000][21728][gc,marking   ] GC(500) Concurrent Preclean
[2020-08-27T11:17:03.966+0000][21728][gc,marking   ] GC(500) Concurrent Preclean 0.368ms
[2020-08-27T11:17:03.966+0000][21728][gc,marking   ] GC(500) Concurrent Mark (141.780s, 141.922s) 142.336ms
[2020-08-27T11:17:03.966+0000][21728][gc,start     ] GC(500) Pause Remark
[2020-08-27T11:17:03.972+0000][21728][gc           ] GC(500) Pause Remark 272M->272M(1024M) 5.240ms
[2020-08-27T11:17:03.972+0000][21728][gc,cpu       ] GC(500) User=0.13s Sys=0.00s Real=0.01s
[2020-08-27T11:17:03.972+0000][21728][safepoint    ] Safepoint "G1Concurrent", Time since last: 144988400 ns, Reaching safepoint: 147100 ns, At safepoint: 5446800 ns, Total: 5593900 ns
[2020-08-27T11:17:03.972+0000][21728][gc,marking   ] GC(500) Concurrent Rebuild Remembered Sets
[2020-08-27T11:17:04.064+0000][21728][gc,marking   ] GC(500) Concurrent Rebuild Remembered Sets 92.546ms
[2020-08-27T11:17:04.065+0000][21728][gc,start     ] GC(500) Pause Cleanup
[2020-08-27T11:17:04.065+0000][21728][gc           ] GC(500) Pause Cleanup 289M->289M(1024M) 0.352ms
[2020-08-27T11:17:04.065+0000][21728][gc,cpu       ] GC(500) User=0.00s Sys=0.00s Real=0.00s
[2020-08-27T11:17:04.065+0000][21728][safepoint    ] Safepoint "G1Concurrent", Time since last: 92730000 ns, Reaching safepoint: 185500 ns, At safepoint: 521000 ns, Total: 706500 ns
[2020-08-27T11:17:04.065+0000][21728][gc,marking   ] GC(500) Concurrent Cleanup for Next Mark
[2020-08-27T11:17:04.067+0000][21728][gc,marking   ] GC(500) Concurrent Cleanup for Next Mark 1.953ms
[2020-08-27T11:17:04.067+0000][21728][gc           ] GC(500) Concurrent Cycle 246.205ms
[2020-08-27T11:17:04.213+0000][21728][gc,start     ] GC(501) Pause Young (Concurrent Start) (G1 Humongous Allocation)
[2020-08-27T11:17:04.213+0000][21728][gc,task      ] GC(501) Using 8 workers of 8 for evacuation
[2020-08-27T11:17:04.214+0000][21728][gc,age       ] GC(501) Desired survivor size 33554432 bytes, new threshold 15 (max threshold 15)
[2020-08-27T11:17:04.217+0000][21728][gc,age       ] GC(501) Age table with threshold 15 (max threshold 15)
[2020-08-27T11:17:04.217+0000][21728][gc,age       ] GC(501) - age   1:    1920224 bytes,    1920224 total
[2020-08-27T11:17:04.218+0000][21728][gc,age       ] GC(501) - age   2:     404288 bytes,    2324512 total
[2020-08-27T11:17:04.218+0000][21728][gc,age       ] GC(501) - age   3:      47904 bytes,    2372416 total
[2020-08-27T11:17:04.218+0000][21728][gc,age       ] GC(501) - age   4:       1544 bytes,    2373960 total
[2020-08-27T11:17:04.218+0000][21728][gc,age       ] GC(501) - age   5:        216 bytes,    2374176 total
[2020-08-27T11:17:04.218+0000][21728][gc,age       ] GC(501) - age   6:      18936 bytes,    2393112 total
[2020-08-27T11:17:04.218+0000][21728][gc,age       ] GC(501) - age   7:        512 bytes,    2393624 total
[2020-08-27T11:17:04.218+0000][21728][gc,age       ] GC(501) - age   8:        272 bytes,    2393896 total
[2020-08-27T11:17:04.218+0000][21728][gc,age       ] GC(501) - age   9:       5464 bytes,    2399360 total
[2020-08-27T11:17:04.218+0000][21728][gc,age       ] GC(501) - age  10:        672 bytes,    2400032 total
[2020-08-27T11:17:04.218+0000][21728][gc,age       ] GC(501) - age  11:        584 bytes,    2400616 total
[2020-08-27T11:17:04.218+0000][21728][gc,age       ] GC(501) - age  12:        312 bytes,    2400928 total
[2020-08-27T11:17:04.218+0000][21728][gc,age       ] GC(501) - age  13:        368 bytes,    2401296 total
[2020-08-27T11:17:04.218+0000][21728][gc,age       ] GC(501) - age  14:       5400 bytes,    2406696 total
[2020-08-27T11:17:04.218+0000][21728][gc,age       ] GC(501) - age  15:        312 bytes,    2407008 total
[2020-08-27T11:17:04.218+0000][21728][gc,phases    ] GC(501)   Pre Evacuate Collection Set: 0.5ms
[2020-08-27T11:17:04.218+0000][21728][gc,phases    ] GC(501)   Merge Heap Roots: 0.1ms
[2020-08-27T11:17:04.218+0000][21728][gc,phases    ] GC(501)   Evacuate Collection Set: 2.2ms
[2020-08-27T11:17:04.218+0000][21728][gc,phases    ] GC(501)   Post Evacuate Collection Set: 0.9ms
[2020-08-27T11:17:04.218+0000][21728][gc,phases    ] GC(501)   Other: 1.2ms
[2020-08-27T11:17:04.218+0000][21728][gc,heap      ] GC(501) Eden regions: 25->0(504)
[2020-08-27T11:17:04.218+0000][21728][gc,heap      ] GC(501) Survivor regions: 2->3(64)
[2020-08-27T11:17:04.218+0000][21728][gc,heap      ] GC(501) Old regions: 81->81
[2020-08-27T11:17:04.218+0000][21728][gc,heap      ] GC(501) Archive regions: 0->0
[2020-08-27T11:17:04.218+0000][21728][gc,heap      ] GC(501) Humongous regions: 226->174
[2020-08-27T11:17:04.218+0000][21728][gc,metaspace ] GC(501) Metaspace: 88568K(94720K)->88568K(94720K) NonClass: 77315K(80896K)->77315K(80896K) Class: 11252K(13824K)->11252K(13824K)
[2020-08-27T11:17:04.218+0000][21728][gc           ] GC(501) Pause Young (Concurrent Start) (G1 Humongous Allocation) 331M->256M(1024M) 4.944ms
[2020-08-27T11:17:04.218+0000][21728][gc,cpu       ] GC(501) User=0.00s Sys=0.00s Real=0.00s
[2020-08-27T11:17:04.218+0000][21728][gc           ] GC(502) Concurrent Cycle
[2020-08-27T11:17:04.218+0000][21728][safepoint    ] Safepoint "G1TryInitiateConcMark", Time since last: 147584200 ns, Reaching safepoint: 200500 ns, At safepoint: 5299300 ns, Total: 5499800 ns
[2020-08-27T11:17:04.218+0000][21728][gc,marking   ] GC(502) Concurrent Clear Claimed Marks
[2020-08-27T11:17:04.219+0000][21728][gc,marking   ] GC(502) Concurrent Clear Claimed Marks 0.610ms
[2020-08-27T11:17:04.219+0000][21728][gc,marking   ] GC(502) Concurrent Scan Root Regions
[2020-08-27T11:17:04.222+0000][21728][gc,marking   ] GC(502) Concurrent Scan Root Regions 2.936ms
[2020-08-27T11:17:04.222+0000][21728][gc,marking   ] GC(502) Concurrent Mark (142.178s)
[2020-08-27T11:17:04.222+0000][21728][gc,marking   ] GC(502) Concurrent Mark From Roots
[2020-08-27T11:17:04.222+0000][21728][gc,task      ] GC(502) Using 2 workers of 2 for marking
[2020-08-27T11:17:04.393+0000][21728][gc,marking   ] GC(502) Concurrent Mark From Roots 171.097ms
[2020-08-27T11:17:04.393+0000][21728][gc,marking   ] GC(502) Concurrent Preclean
[2020-08-27T11:17:04.394+0000][21728][gc,marking   ] GC(502) Concurrent Preclean 0.776ms
[2020-08-27T11:17:04.394+0000][21728][gc,marking   ] GC(502) Concurrent Mark (142.178s, 142.350s) 172.070ms
[2020-08-27T11:17:04.394+0000][21728][gc,start     ] GC(502) Pause Remark
[2020-08-27T11:17:04.403+0000][21728][gc           ] GC(502) Pause Remark 289M->289M(1024M) 8.180ms
[2020-08-27T11:17:04.403+0000][21728][gc,cpu       ] GC(502) User=0.00s Sys=0.00s Real=0.01s
[2020-08-27T11:17:04.403+0000][21728][safepoint    ] Safepoint "G1Concurrent", Time since last: 175928000 ns, Reaching safepoint: 194400 ns, At safepoint: 8466800 ns, Total: 8661200 ns
[2020-08-27T11:17:04.403+0000][21728][gc,marking   ] GC(502) Concurrent Rebuild Remembered Sets
[2020-08-27T11:17:04.497+0000][21728][gc,marking   ] GC(502) Concurrent Rebuild Remembered Sets 93.703ms
[2020-08-27T11:17:04.497+0000][21728][gc,start     ] GC(502) Pause Cleanup
[2020-08-27T11:17:04.497+0000][21728][gc           ] GC(502) Pause Cleanup 362M->362M(1024M) 0.408ms
[2020-08-27T11:17:04.498+0000][21728][gc,cpu       ] GC(502) User=0.00s Sys=0.00s Real=0.00s
[2020-08-27T11:17:04.498+0000][21728][safepoint    ] Safepoint "G1Concurrent", Time since last: 93946100 ns, Reaching safepoint: 174200 ns, At safepoint: 633000 ns, Total: 807200 ns
[2020-08-27T11:17:04.498+0000][21728][gc,marking   ] GC(502) Concurrent Cleanup for Next Mark
[2020-08-27T11:17:04.500+0000][21728][gc,marking   ] GC(502) Concurrent Cleanup for Next Mark 2.278ms
[2020-08-27T11:17:04.500+0000][21728][gc           ] GC(502) Concurrent Cycle 281.974ms
[2020-08-27T11:17:04.657+0000][21728][safepoint    ] Safepoint "BulkRevokeBias", Time since last: 158271300 ns, Reaching safepoint: 283400 ns, At safepoint: 1018600 ns, Total: 1302000 ns
[2020-08-27T11:17:04.735+0000][21728][gc,start     ] GC(503) Pause Young (Concurrent Start) (G1 Humongous Allocation)
[2020-08-27T11:17:04.735+0000][21728][gc,task      ] GC(503) Using 8 workers of 8 for evacuation
[2020-08-27T11:17:04.735+0000][21728][gc,age       ] GC(503) Desired survivor size 33554432 bytes, new threshold 15 (max threshold 15)
[2020-08-27T11:17:04.738+0000][21728][gc,age       ] GC(503) Age table with threshold 15 (max threshold 15)
[2020-08-27T11:17:04.738+0000][21728][gc,age       ] GC(503) - age   1:    2692520 bytes,    2692520 total
[2020-08-27T11:17:04.738+0000][21728][gc,age       ] GC(503) - age   2:      12032 bytes,    2704552 total
[2020-08-27T11:17:04.738+0000][21728][gc,age       ] GC(503) - age   3:       2032 bytes,    2706584 total
[2020-08-27T11:17:04.738+0000][21728][gc,age       ] GC(503) - age   4:      42528 bytes,    2749112 total
[2020-08-27T11:17:04.738+0000][21728][gc,age       ] GC(503) - age   5:        928 bytes,    2750040 total
[2020-08-27T11:17:04.738+0000][21728][gc,age       ] GC(503) - age   6:        120 bytes,    2750160 total
[2020-08-27T11:17:04.738+0000][21728][gc,age       ] GC(503) - age   7:      18936 bytes,    2769096 total
[2020-08-27T11:17:04.738+0000][21728][gc,age       ] GC(503) - age   8:        512 bytes,    2769608 total
[2020-08-27T11:17:04.738+0000][21728][gc,age       ] GC(503) - age   9:        272 bytes,    2769880 total
[2020-08-27T11:17:04.738+0000][21728][gc,age       ] GC(503) - age  10:       5464 bytes,    2775344 total
[2020-08-27T11:17:04.738+0000][21728][gc,age       ] GC(503) - age  11:        672 bytes,    2776016 total
[2020-08-27T11:17:04.738+0000][21728][gc,age       ] GC(503) - age  12:        584 bytes,    2776600 total
[2020-08-27T11:17:04.738+0000][21728][gc,age       ] GC(503) - age  13:        312 bytes,    2776912 total
[2020-08-27T11:17:04.738+0000][21728][gc,age       ] GC(503) - age  14:        128 bytes,    2777040 total
[2020-08-27T11:17:04.738+0000][21728][gc,age       ] GC(503) - age  15:       5400 bytes,    2782440 total
[2020-08-27T11:17:04.738+0000][21728][gc,phases    ] GC(503)   Pre Evacuate Collection Set: 0.4ms
[2020-08-27T11:17:04.738+0000][21728][gc,phases    ] GC(503)   Merge Heap Roots: 0.1ms
[2020-08-27T11:17:04.738+0000][21728][gc,phases    ] GC(503)   Evacuate Collection Set: 2.0ms
[2020-08-27T11:17:04.739+0000][21728][gc,phases    ] GC(503)   Post Evacuate Collection Set: 0.7ms
[2020-08-27T11:17:04.739+0000][21728][gc,phases    ] GC(503)   Other: 0.7ms
[2020-08-27T11:17:04.739+0000][21728][gc,heap      ] GC(503) Eden regions: 43->0(504)
[2020-08-27T11:17:04.739+0000][21728][gc,heap      ] GC(503) Survivor regions: 3->3(64)
[2020-08-27T11:17:04.739+0000][21728][gc,heap      ] GC(503) Old regions: 81->81
[2020-08-27T11:17:04.739+0000][21728][gc,heap      ] GC(503) Archive regions: 0->0
[2020-08-27T11:17:04.739+0000][21728][gc,heap      ] GC(503) Humongous regions: 256->174
[2020-08-27T11:17:04.739+0000][21728][gc,metaspace ] GC(503) Metaspace: 88569K(94720K)->88569K(94720K) NonClass: 77316K(80896K)->77316K(80896K) Class: 11252K(13824K)->11252K(13824K)
[2020-08-27T11:17:04.739+0000][21728][gc           ] GC(503) Pause Young (Concurrent Start) (G1 Humongous Allocation) 380M->256M(1024M) 4.188ms
[2020-08-27T11:17:04.739+0000][21728][gc,cpu       ] GC(503) User=0.13s Sys=0.00s Real=0.00s
[2020-08-27T11:17:04.739+0000][21728][safepoint    ] Safepoint "G1TryInitiateConcMark", Time since last: 77220400 ns, Reaching safepoint: 129900 ns, At safepoint: 4357000 ns, Total: 4486900 ns
[2020-08-27T11:17:04.739+0000][21728][gc           ] GC(504) Concurrent Cycle
[2020-08-27T11:17:04.739+0000][21728][gc,marking   ] GC(504) Concurrent Clear Claimed Marks
[2020-08-27T11:17:04.739+0000][21728][gc,marking   ] GC(504) Concurrent Clear Claimed Marks 0.384ms
[2020-08-27T11:17:04.739+0000][21728][gc,marking   ] GC(504) Concurrent Scan Root Regions
[2020-08-27T11:17:04.741+0000][21728][gc,marking   ] GC(504) Concurrent Scan Root Regions 1.461ms
[2020-08-27T11:17:04.741+0000][21728][gc,marking   ] GC(504) Concurrent Mark (142.697s)
[2020-08-27T11:17:04.741+0000][21728][gc,marking   ] GC(504) Concurrent Mark From Roots
[2020-08-27T11:17:04.741+0000][21728][gc,task      ] GC(504) Using 2 workers of 2 for marking
[2020-08-27T11:17:04.855+0000][21728][gc,marking   ] GC(504) Concurrent Mark From Roots 113.679ms
[2020-08-27T11:17:04.855+0000][21728][gc,marking   ] GC(504) Concurrent Preclean
[2020-08-27T11:17:04.855+0000][21728][gc,marking   ] GC(504) Concurrent Preclean 0.520ms
[2020-08-27T11:17:04.855+0000][21728][gc,marking   ] GC(504) Concurrent Mark (142.697s, 142.811s) 114.394ms
[2020-08-27T11:17:04.856+0000][21728][gc,start     ] GC(504) Pause Remark
[2020-08-27T11:17:04.862+0000][21728][gc           ] GC(504) Pause Remark 319M->319M(1024M) 6.411ms
[2020-08-27T11:17:04.862+0000][21728][gc,cpu       ] GC(504) User=0.09s Sys=0.00s Real=0.01s
[2020-08-27T11:17:04.862+0000][21728][safepoint    ] Safepoint "G1Concurrent", Time since last: 116561300 ns, Reaching safepoint: 172300 ns, At safepoint: 6638600 ns, Total: 6810900 ns
[2020-08-27T11:17:04.862+0000][21728][gc,marking   ] GC(504) Concurrent Rebuild Remembered Sets
[2020-08-27T11:17:04.956+0000][21728][gc,marking   ] GC(504) Concurrent Rebuild Remembered Sets 93.909ms
[2020-08-27T11:17:04.956+0000][21728][gc,start     ] GC(504) Pause Cleanup
[2020-08-27T11:17:04.957+0000][21728][gc           ] GC(504) Pause Cleanup 387M->387M(1024M) 0.260ms
[2020-08-27T11:17:04.957+0000][21728][gc,cpu       ] GC(504) User=0.00s Sys=0.00s Real=0.00s
[2020-08-27T11:17:04.957+0000][21728][safepoint    ] Safepoint "G1Concurrent", Time since last: 94082900 ns, Reaching safepoint: 131900 ns, At safepoint: 429800 ns, Total: 561700 ns
[2020-08-27T11:17:04.957+0000][21728][gc,marking   ] GC(504) Concurrent Cleanup for Next Mark
[2020-08-27T11:17:04.958+0000][21728][gc,marking   ] GC(504) Concurrent Cleanup for Next Mark 1.564ms
[2020-08-27T11:17:04.959+0000][21728][gc           ] GC(504) Concurrent Cycle 219.739ms
[2020-08-27T11:17:05.082+0000][21728][gc,start     ] GC(505) Pause Young (Concurrent Start) (G1 Humongous Allocation)
[2020-08-27T11:17:05.082+0000][21728][gc,task      ] GC(505) Using 8 workers of 8 for evacuation
[2020-08-27T11:17:05.082+0000][21728][gc,age       ] GC(505) Desired survivor size 33554432 bytes, new threshold 15 (max threshold 15)
[2020-08-27T11:17:05.085+0000][21728][gc,age       ] GC(505) Age table with threshold 15 (max threshold 15)
[2020-08-27T11:17:05.085+0000][21728][gc,age       ] GC(505) - age   1:    1028712 bytes,    1028712 total
[2020-08-27T11:17:05.085+0000][21728][gc,age       ] GC(505) - age   2:      16208 bytes,    1044920 total
[2020-08-27T11:17:05.085+0000][21728][gc,age       ] GC(505) - age   3:      11392 bytes,    1056312 total
[2020-08-27T11:17:05.085+0000][21728][gc,age       ] GC(505) - age   4:        544 bytes,    1056856 total
[2020-08-27T11:17:05.085+0000][21728][gc,age       ] GC(505) - age   5:      42432 bytes,    1099288 total
[2020-08-27T11:17:05.085+0000][21728][gc,age       ] GC(505) - age   6:        896 bytes,    1100184 total
[2020-08-27T11:17:05.085+0000][21728][gc,age       ] GC(505) - age   7:         56 bytes,    1100240 total
[2020-08-27T11:17:05.085+0000][21728][gc,age       ] GC(505) - age   8:      18904 bytes,    1119144 total
[2020-08-27T11:17:05.085+0000][21728][gc,age       ] GC(505) - age   9:        448 bytes,    1119592 total
[2020-08-27T11:17:05.085+0000][21728][gc,age       ] GC(505) - age  10:        272 bytes,    1119864 total
[2020-08-27T11:17:05.085+0000][21728][gc,age       ] GC(505) - age  11:       5432 bytes,    1125296 total
[2020-08-27T11:17:05.085+0000][21728][gc,age       ] GC(505) - age  12:        672 bytes,    1125968 total
[2020-08-27T11:17:05.085+0000][21728][gc,age       ] GC(505) - age  13:        584 bytes,    1126552 total
[2020-08-27T11:17:05.085+0000][21728][gc,age       ] GC(505) - age  14:        312 bytes,    1126864 total
[2020-08-27T11:17:05.085+0000][21728][gc,age       ] GC(505) - age  15:        128 bytes,    1126992 total
[2020-08-27T11:17:05.085+0000][21728][gc,phases    ] GC(505)   Pre Evacuate Collection Set: 0.4ms
[2020-08-27T11:17:05.085+0000][21728][gc,phases    ] GC(505)   Merge Heap Roots: 0.1ms
[2020-08-27T11:17:05.085+0000][21728][gc,phases    ] GC(505)   Evacuate Collection Set: 1.8ms
[2020-08-27T11:17:05.085+0000][21728][gc,phases    ] GC(505)   Post Evacuate Collection Set: 0.8ms
[2020-08-27T11:17:05.085+0000][21728][gc,phases    ] GC(505)   Other: 0.7ms
[2020-08-27T11:17:05.085+0000][21728][gc,heap      ] GC(505) Eden regions: 36->0(505)
[2020-08-27T11:17:05.085+0000][21728][gc,heap      ] GC(505) Survivor regions: 3->2(64)
[2020-08-27T11:17:05.086+0000][21728][gc,heap      ] GC(505) Old regions: 81->81
[2020-08-27T11:17:05.086+0000][21728][gc,heap      ] GC(505) Archive regions: 0->0
[2020-08-27T11:17:05.086+0000][21728][gc,heap      ] GC(505) Humongous regions: 278->174
[2020-08-27T11:17:05.086+0000][21728][gc,metaspace ] GC(505) Metaspace: 88574K(94720K)->88574K(94720K) NonClass: 77322K(80896K)->77322K(80896K) Class: 11252K(13824K)->11252K(13824K)
[2020-08-27T11:17:05.086+0000][21728][gc           ] GC(505) Pause Young (Concurrent Start) (G1 Humongous Allocation) 396M->255M(1024M) 3.897ms
[2020-08-27T11:17:05.086+0000][21728][gc,cpu       ] GC(505) User=0.00s Sys=0.00s Real=0.00s
[2020-08-27T11:17:05.086+0000][21728][safepoint    ] Safepoint "G1TryInitiateConcMark", Time since last: 124683300 ns, Reaching safepoint: 140000 ns, At safepoint: 4040000 ns, Total: 4180000 ns
[2020-08-27T11:17:05.086+0000][21728][gc           ] GC(506) Concurrent Cycle
[2020-08-27T11:17:05.086+0000][21728][gc,marking   ] GC(506) Concurrent Clear Claimed Marks
[2020-08-27T11:17:05.086+0000][21728][gc,marking   ] GC(506) Concurrent Clear Claimed Marks 0.309ms
[2020-08-27T11:17:05.086+0000][21728][gc,marking   ] GC(506) Concurrent Scan Root Regions
[2020-08-27T11:17:05.087+0000][21728][gc,marking   ] GC(506) Concurrent Scan Root Regions 1.328ms
[2020-08-27T11:17:05.087+0000][21728][gc,marking   ] GC(506) Concurrent Mark (143.043s)
[2020-08-27T11:17:05.088+0000][21728][gc,marking   ] GC(506) Concurrent Mark From Roots
[2020-08-27T11:17:05.088+0000][21728][gc,task      ] GC(506) Using 2 workers of 2 for marking
[2020-08-27T11:17:05.242+0000][21728][gc,marking   ] GC(506) Concurrent Mark From Roots 154.141ms
[2020-08-27T11:17:05.242+0000][21728][gc,marking   ] GC(506) Concurrent Preclean
[2020-08-27T11:17:05.242+0000][21728][gc,marking   ] GC(506) Concurrent Preclean 0.433ms
[2020-08-27T11:17:05.242+0000][21728][gc,marking   ] GC(506) Concurrent Mark (143.043s, 143.198s) 154.726ms
[2020-08-27T11:17:05.242+0000][21728][gc,start     ] GC(506) Pause Remark
[2020-08-27T11:17:05.250+0000][21728][gc           ] GC(506) Pause Remark 270M->270M(1024M) 7.756ms
[2020-08-27T11:17:05.250+0000][21728][gc,cpu       ] GC(506) User=0.00s Sys=0.00s Real=0.01s
[2020-08-27T11:17:05.251+0000][21728][safepoint    ] Safepoint "G1Concurrent", Time since last: 156597800 ns, Reaching safepoint: 179300 ns, At safepoint: 8216200 ns, Total: 8395500 ns
[2020-08-27T11:17:05.251+0000][21728][gc,marking   ] GC(506) Concurrent Rebuild Remembered Sets
[2020-08-27T11:17:05.344+0000][21728][gc,marking   ] GC(506) Concurrent Rebuild Remembered Sets 92.977ms
[2020-08-27T11:17:05.344+0000][21728][gc,start     ] GC(506) Pause Cleanup
[2020-08-27T11:17:05.344+0000][21728][gc           ] GC(506) Pause Cleanup 272M->272M(1024M) 0.416ms
[2020-08-27T11:17:05.345+0000][21728][gc,cpu       ] GC(506) User=0.00s Sys=0.02s Real=0.00s
[2020-08-27T11:17:05.345+0000][21728][safepoint    ] Safepoint "G1Concurrent", Time since last: 93191100 ns, Reaching safepoint: 176800 ns, At safepoint: 704500 ns, Total: 881300 ns
[2020-08-27T11:17:05.345+0000][21728][gc,marking   ] GC(506) Concurrent Cleanup for Next Mark
[2020-08-27T11:17:05.347+0000][21728][gc,marking   ] GC(506) Concurrent Cleanup for Next Mark 1.959ms
[2020-08-27T11:17:05.347+0000][21728][gc           ] GC(506) Concurrent Cycle 261.246ms
[2020-08-27T11:17:05.576+0000][21728][gc,start     ] GC(507) Pause Young (Concurrent Start) (G1 Humongous Allocation)
[2020-08-27T11:17:05.576+0000][21728][gc,task      ] GC(507) Using 8 workers of 8 for evacuation
[2020-08-27T11:17:05.576+0000][21728][gc,age       ] GC(507) Desired survivor size 33554432 bytes, new threshold 15 (max threshold 15)
[2020-08-27T11:17:05.580+0000][21728][gc,age       ] GC(507) Age table with threshold 15 (max threshold 15)
[2020-08-27T11:17:05.580+0000][21728][gc,age       ] GC(507) - age   1:    1910248 bytes,    1910248 total
[2020-08-27T11:17:05.580+0000][21728][gc,age       ] GC(507) - age   2:     405464 bytes,    2315712 total
[2020-08-27T11:17:05.580+0000][21728][gc,age       ] GC(507) - age   3:      15224 bytes,    2330936 total
[2020-08-27T11:17:05.580+0000][21728][gc,age       ] GC(507) - age   4:      10840 bytes,    2341776 total
[2020-08-27T11:17:05.580+0000][21728][gc,age       ] GC(507) - age   5:        320 bytes,    2342096 total
[2020-08-27T11:17:05.580+0000][21728][gc,age       ] GC(507) - age   6:      42016 bytes,    2384112 total
[2020-08-27T11:17:05.580+0000][21728][gc,age       ] GC(507) - age   7:        608 bytes,    2384720 total
[2020-08-27T11:17:05.580+0000][21728][gc,age       ] GC(507) - age   8:         56 bytes,    2384776 total
[2020-08-27T11:17:05.580+0000][21728][gc,age       ] GC(507) - age   9:      18712 bytes,    2403488 total
[2020-08-27T11:17:05.580+0000][21728][gc,age       ] GC(507) - age  10:        448 bytes,    2403936 total
[2020-08-27T11:17:05.581+0000][21728][gc,age       ] GC(507) - age  11:        272 bytes,    2404208 total
[2020-08-27T11:17:05.581+0000][21728][gc,age       ] GC(507) - age  12:       3000 bytes,    2407208 total
[2020-08-27T11:17:05.581+0000][21728][gc,age       ] GC(507) - age  13:        672 bytes,    2407880 total
[2020-08-27T11:17:05.581+0000][21728][gc,age       ] GC(507) - age  14:        424 bytes,    2408304 total
[2020-08-27T11:17:05.581+0000][21728][gc,age       ] GC(507) - age  15:        240 bytes,    2408544 total
[2020-08-27T11:17:05.581+0000][21728][gc,phases    ] GC(507)   Pre Evacuate Collection Set: 0.6ms
[2020-08-27T11:17:05.581+0000][21728][gc,phases    ] GC(507)   Merge Heap Roots: 0.1ms
[2020-08-27T11:17:05.581+0000][21728][gc,phases    ] GC(507)   Evacuate Collection Set: 2.3ms
[2020-08-27T11:17:05.581+0000][21728][gc,phases    ] GC(507)   Post Evacuate Collection Set: 0.6ms
[2020-08-27T11:17:05.581+0000][21728][gc,phases    ] GC(507)   Other: 1.2ms
[2020-08-27T11:17:05.581+0000][21728][gc,heap      ] GC(507) Eden regions: 24->0(504)
[2020-08-27T11:17:05.581+0000][21728][gc,heap      ] GC(507) Survivor regions: 2->3(64)
[2020-08-27T11:17:05.581+0000][21728][gc,heap      ] GC(507) Old regions: 81->81
[2020-08-27T11:17:05.581+0000][21728][gc,heap      ] GC(507) Archive regions: 0->0
[2020-08-27T11:17:05.581+0000][21728][gc,heap      ] GC(507) Humongous regions: 226->174
[2020-08-27T11:17:05.581+0000][21728][gc,metaspace ] GC(507) Metaspace: 88574K(94720K)->88574K(94720K) NonClass: 77322K(80896K)->77322K(80896K) Class: 11252K(13824K)->11252K(13824K)
[2020-08-27T11:17:05.581+0000][21728][gc           ] GC(507) Pause Young (Concurrent Start) (G1 Humongous Allocation) 331M->256M(1024M) 5.225ms
[2020-08-27T11:17:05.581+0000][21728][gc,cpu       ] GC(507) User=0.11s Sys=0.00s Real=0.01s
[2020-08-27T11:17:05.581+0000][21728][safepoint    ] Safepoint "G1TryInitiateConcMark", Time since last: 230948200 ns, Reaching safepoint: 226100 ns, At safepoint: 5474000 ns, Total: 5700100 ns
[2020-08-27T11:17:05.581+0000][21728][gc           ] GC(508) Concurrent Cycle
[2020-08-27T11:17:05.581+0000][21728][gc,marking   ] GC(508) Concurrent Clear Claimed Marks
[2020-08-27T11:17:05.582+0000][21728][gc,marking   ] GC(508) Concurrent Clear Claimed Marks 0.562ms
[2020-08-27T11:17:05.582+0000][21728][gc,marking   ] GC(508) Concurrent Scan Root Regions
[2020-08-27T11:17:05.584+0000][21728][gc,marking   ] GC(508) Concurrent Scan Root Regions 2.325ms
[2020-08-27T11:17:05.585+0000][21728][gc,marking   ] GC(508) Concurrent Mark (143.541s)
[2020-08-27T11:17:05.585+0000][21728][gc,marking   ] GC(508) Concurrent Mark From Roots
[2020-08-27T11:17:05.585+0000][21728][gc,task      ] GC(508) Using 2 workers of 2 for marking
[2020-08-27T11:17:05.722+0000][21728][gc,marking   ] GC(508) Concurrent Mark From Roots 137.869ms
[2020-08-27T11:17:05.722+0000][21728][gc,marking   ] GC(508) Concurrent Preclean
[2020-08-27T11:17:05.723+0000][21728][gc,marking   ] GC(508) Concurrent Preclean 0.602ms
[2020-08-27T11:17:05.723+0000][21728][gc,marking   ] GC(508) Concurrent Mark (143.541s, 143.679s) 138.651ms
[2020-08-27T11:17:05.723+0000][21728][gc,start     ] GC(508) Pause Remark
[2020-08-27T11:17:05.730+0000][21728][gc           ] GC(508) Pause Remark 289M->289M(1024M) 6.820ms
[2020-08-27T11:17:05.730+0000][21728][gc,cpu       ] GC(508) User=0.00s Sys=0.00s Real=0.01s
[2020-08-27T11:17:05.731+0000][21728][safepoint    ] Safepoint "G1Concurrent", Time since last: 141903900 ns, Reaching safepoint: 172100 ns, At safepoint: 7105300 ns, Total: 7277400 ns
[2020-08-27T11:17:05.731+0000][21728][gc,marking   ] GC(508) Concurrent Rebuild Remembered Sets
[2020-08-27T11:17:05.834+0000][21728][gc,marking   ] GC(508) Concurrent Rebuild Remembered Sets 103.795ms
[2020-08-27T11:17:05.835+0000][21728][gc,start     ] GC(508) Pause Cleanup
[2020-08-27T11:17:05.835+0000][21728][gc           ] GC(508) Pause Cleanup 356M->356M(1024M) 0.344ms
[2020-08-27T11:17:05.835+0000][21728][gc,cpu       ] GC(508) User=0.00s Sys=0.00s Real=0.00s
[2020-08-27T11:17:05.835+0000][21728][safepoint    ] Safepoint "G1Concurrent", Time since last: 104003900 ns, Reaching safepoint: 180400 ns, At safepoint: 544700 ns, Total: 725100 ns
[2020-08-27T11:17:05.835+0000][21728][gc,marking   ] GC(508) Concurrent Cleanup for Next Mark
[2020-08-27T11:17:05.837+0000][21728][gc,marking   ] GC(508) Concurrent Cleanup for Next Mark 1.817ms
[2020-08-27T11:17:05.837+0000][21728][gc           ] GC(508) Concurrent Cycle 255.955ms
[2020-08-27T11:17:05.984+0000][21728][gc,start     ] GC(509) Pause Young (Concurrent Start) (G1 Humongous Allocation)
[2020-08-27T11:17:05.984+0000][21728][gc,task      ] GC(509) Using 8 workers of 8 for evacuation
[2020-08-27T11:17:05.984+0000][21728][gc,age       ] GC(509) Desired survivor size 33554432 bytes, new threshold 15 (max threshold 15)
[2020-08-27T11:17:05.988+0000][21728][gc,age       ] GC(509) Age table with threshold 15 (max threshold 15)
[2020-08-27T11:17:05.988+0000][21728][gc,age       ] GC(509) - age   1:    3108480 bytes,    3108480 total
[2020-08-27T11:17:05.988+0000][21728][gc,age       ] GC(509) - age   2:     105008 bytes,    3213488 total
[2020-08-27T11:17:05.988+0000][21728][gc,age       ] GC(509) - age   3:     404256 bytes,    3617744 total
[2020-08-27T11:17:05.988+0000][21728][gc,age       ] GC(509) - age   4:      12224 bytes,    3629968 total
[2020-08-27T11:17:05.988+0000][21728][gc,age       ] GC(509) - age   5:      10648 bytes,    3640616 total
[2020-08-27T11:17:05.988+0000][21728][gc,age       ] GC(509) - age   6:        256 bytes,    3640872 total
[2020-08-27T11:17:05.988+0000][21728][gc,age       ] GC(509) - age   7:      41952 bytes,    3682824 total
[2020-08-27T11:17:05.988+0000][21728][gc,age       ] GC(509) - age   8:        608 bytes,    3683432 total
[2020-08-27T11:17:05.988+0000][21728][gc,age       ] GC(509) - age   9:         56 bytes,    3683488 total
[2020-08-27T11:17:05.988+0000][21728][gc,age       ] GC(509) - age  10:      18712 bytes,    3702200 total
[2020-08-27T11:17:05.988+0000][21728][gc,age       ] GC(509) - age  11:        448 bytes,    3702648 total
[2020-08-27T11:17:05.988+0000][21728][gc,age       ] GC(509) - age  12:        272 bytes,    3702920 total
[2020-08-27T11:17:05.988+0000][21728][gc,age       ] GC(509) - age  13:       3000 bytes,    3705920 total
[2020-08-27T11:17:05.988+0000][21728][gc,age       ] GC(509) - age  14:        672 bytes,    3706592 total
[2020-08-27T11:17:05.988+0000][21728][gc,age       ] GC(509) - age  15:        424 bytes,    3707016 total
[2020-08-27T11:17:05.988+0000][21728][gc,phases    ] GC(509)   Pre Evacuate Collection Set: 0.4ms
[2020-08-27T11:17:05.988+0000][21728][gc,phases    ] GC(509)   Merge Heap Roots: 0.1ms
[2020-08-27T11:17:05.988+0000][21728][gc,phases    ] GC(509)   Evacuate Collection Set: 2.2ms
[2020-08-27T11:17:05.988+0000][21728][gc,phases    ] GC(509)   Post Evacuate Collection Set: 0.7ms
[2020-08-27T11:17:05.988+0000][21728][gc,phases    ] GC(509)   Other: 0.8ms
[2020-08-27T11:17:05.988+0000][21728][gc,heap      ] GC(509) Eden regions: 34->0(503)
[2020-08-27T11:17:05.988+0000][21728][gc,heap      ] GC(509) Survivor regions: 3->4(64)
[2020-08-27T11:17:05.988+0000][21728][gc,heap      ] GC(509) Old regions: 81->81
[2020-08-27T11:17:05.988+0000][21728][gc,heap      ] GC(509) Archive regions: 0->0
[2020-08-27T11:17:05.988+0000][21728][gc,heap      ] GC(509) Humongous regions: 256->174
[2020-08-27T11:17:05.988+0000][21728][gc,metaspace ] GC(509) Metaspace: 88592K(94720K)->88592K(94720K) NonClass: 77339K(80896K)->77339K(80896K) Class: 11253K(13824K)->11253K(13824K)
[2020-08-27T11:17:05.988+0000][21728][gc           ] GC(509) Pause Young (Concurrent Start) (G1 Humongous Allocation) 371M->257M(1024M) 4.438ms
[2020-08-27T11:17:05.988+0000][21728][gc,cpu       ] GC(509) User=0.03s Sys=0.05s Real=0.00s
[2020-08-27T11:17:05.988+0000][21728][gc           ] GC(510) Concurrent Cycle
[2020-08-27T11:17:05.988+0000][21728][safepoint    ] Safepoint "G1TryInitiateConcMark", Time since last: 148334300 ns, Reaching safepoint: 323900 ns, At safepoint: 4594300 ns, Total: 4918200 ns
[2020-08-27T11:17:05.988+0000][21728][gc,marking   ] GC(510) Concurrent Clear Claimed Marks
[2020-08-27T11:17:05.989+0000][21728][gc,marking   ] GC(510) Concurrent Clear Claimed Marks 0.487ms
[2020-08-27T11:17:05.989+0000][21728][gc,marking   ] GC(510) Concurrent Scan Root Regions
[2020-08-27T11:17:05.992+0000][21728][gc,marking   ] GC(510) Concurrent Scan Root Regions 2.709ms
[2020-08-27T11:17:05.992+0000][21728][gc,marking   ] GC(510) Concurrent Mark (143.948s)
[2020-08-27T11:17:05.992+0000][21728][gc,marking   ] GC(510) Concurrent Mark From Roots
[2020-08-27T11:17:05.992+0000][21728][gc,task      ] GC(510) Using 2 workers of 2 for marking
[2020-08-27T11:17:06.119+0000][21728][gc,marking   ] GC(510) Concurrent Mark From Roots 126.849ms
[2020-08-27T11:17:06.119+0000][21728][gc,marking   ] GC(510) Concurrent Preclean
[2020-08-27T11:17:06.119+0000][21728][gc,marking   ] GC(510) Concurrent Preclean 0.459ms
[2020-08-27T11:17:06.119+0000][21728][gc,marking   ] GC(510) Concurrent Mark (143.948s, 144.076s) 127.505ms
[2020-08-27T11:17:06.120+0000][21728][gc,start     ] GC(510) Pause Remark
[2020-08-27T11:17:06.125+0000][21728][gc           ] GC(510) Pause Remark 327M->327M(1024M) 5.344ms
[2020-08-27T11:17:06.125+0000][21728][gc,cpu       ] GC(510) User=0.00s Sys=0.00s Real=0.01s
[2020-08-27T11:17:06.125+0000][21728][safepoint    ] Safepoint "G1Concurrent", Time since last: 131034900 ns, Reaching safepoint: 187300 ns, At safepoint: 5589300 ns, Total: 5776600 ns
[2020-08-27T11:17:06.125+0000][21728][gc,marking   ] GC(510) Concurrent Rebuild Remembered Sets
[2020-08-27T11:17:06.212+0000][21728][gc,marking   ] GC(510) Concurrent Rebuild Remembered Sets 86.159ms
[2020-08-27T11:17:06.212+0000][21728][gc,start     ] GC(510) Pause Cleanup
[2020-08-27T11:17:06.212+0000][21728][gc           ] GC(510) Pause Cleanup 332M->332M(1024M) 0.492ms
[2020-08-27T11:17:06.212+0000][21728][gc,cpu       ] GC(510) User=0.00s Sys=0.00s Real=0.00s
[2020-08-27T11:17:06.212+0000][21728][safepoint    ] Safepoint "G1Concurrent", Time since last: 86390700 ns, Reaching safepoint: 145400 ns, At safepoint: 710100 ns, Total: 855500 ns
[2020-08-27T11:17:06.213+0000][21728][gc,marking   ] GC(510) Concurrent Cleanup for Next Mark
[2020-08-27T11:17:06.215+0000][21728][gc,marking   ] GC(510) Concurrent Cleanup for Next Mark 2.071ms
[2020-08-27T11:17:06.215+0000][21728][gc           ] GC(510) Concurrent Cycle 226.409ms
[2020-08-27T11:17:06.230+0000][21728][gc,start     ] GC(511) Pause Young (Concurrent Start) (G1 Humongous Allocation)
[2020-08-27T11:17:06.230+0000][21728][gc,task      ] GC(511) Using 8 workers of 8 for evacuation
[2020-08-27T11:17:06.230+0000][21728][gc,age       ] GC(511) Desired survivor size 33554432 bytes, new threshold 15 (max threshold 15)
[2020-08-27T11:17:06.234+0000][21728][gc,age       ] GC(511) Age table with threshold 15 (max threshold 15)
[2020-08-27T11:17:06.234+0000][21728][gc,age       ] GC(511) - age   1:    2940208 bytes,    2940208 total
[2020-08-27T11:17:06.234+0000][21728][gc,age       ] GC(511) - age   2:     212808 bytes,    3153016 total
[2020-08-27T11:17:06.234+0000][21728][gc,age       ] GC(511) - age   3:     104608 bytes,    3257624 total
[2020-08-27T11:17:06.234+0000][21728][gc,age       ] GC(511) - age   4:     403488 bytes,    3661112 total
[2020-08-27T11:17:06.234+0000][21728][gc,age       ] GC(511) - age   5:      11976 bytes,    3673088 total
[2020-08-27T11:17:06.234+0000][21728][gc,age       ] GC(511) - age   6:      10488 bytes,    3683576 total
[2020-08-27T11:17:06.234+0000][21728][gc,age       ] GC(511) - age   7:        256 bytes,    3683832 total
[2020-08-27T11:17:06.234+0000][21728][gc,age       ] GC(511) - age   8:      41920 bytes,    3725752 total
[2020-08-27T11:17:06.234+0000][21728][gc,age       ] GC(511) - age   9:        544 bytes,    3726296 total
[2020-08-27T11:17:06.234+0000][21728][gc,age       ] GC(511) - age  10:         56 bytes,    3726352 total
[2020-08-27T11:17:06.234+0000][21728][gc,age       ] GC(511) - age  11:      18680 bytes,    3745032 total
[2020-08-27T11:17:06.234+0000][21728][gc,age       ] GC(511) - age  12:        448 bytes,    3745480 total
[2020-08-27T11:17:06.234+0000][21728][gc,age       ] GC(511) - age  13:        208 bytes,    3745688 total
[2020-08-27T11:17:06.234+0000][21728][gc,age       ] GC(511) - age  14:       3000 bytes,    3748688 total
[2020-08-27T11:17:06.234+0000][21728][gc,age       ] GC(511) - age  15:        672 bytes,    3749360 total
[2020-08-27T11:17:06.234+0000][21728][gc,phases    ] GC(511)   Pre Evacuate Collection Set: 0.5ms
[2020-08-27T11:17:06.234+0000][21728][gc,phases    ] GC(511)   Merge Heap Roots: 0.1ms
[2020-08-27T11:17:06.234+0000][21728][gc,phases    ] GC(511)   Evacuate Collection Set: 2.3ms
[2020-08-27T11:17:06.234+0000][21728][gc,phases    ] GC(511)   Post Evacuate Collection Set: 0.7ms
[2020-08-27T11:17:06.234+0000][21728][gc,phases    ] GC(511)   Other: 0.9ms
[2020-08-27T11:17:06.234+0000][21728][gc,heap      ] GC(511) Eden regions: 20->0(502)
[2020-08-27T11:17:06.234+0000][21728][gc,heap      ] GC(511) Survivor regions: 4->4(64)
[2020-08-27T11:17:06.234+0000][21728][gc,heap      ] GC(511) Old regions: 81->81
[2020-08-27T11:17:06.234+0000][21728][gc,heap      ] GC(511) Archive regions: 0->0
[2020-08-27T11:17:06.234+0000][21728][gc,heap      ] GC(511) Humongous regions: 234->174
[2020-08-27T11:17:06.234+0000][21728][gc,metaspace ] GC(511) Metaspace: 88610K(94720K)->88610K(94720K) NonClass: 77353K(80896K)->77353K(80896K) Class: 11256K(13824K)->11256K(13824K)
[2020-08-27T11:17:06.234+0000][21728][gc           ] GC(511) Pause Young (Concurrent Start) (G1 Humongous Allocation) 337M->257M(1024M) 4.680ms
[2020-08-27T11:17:06.234+0000][21728][gc,cpu       ] GC(511) User=0.00s Sys=0.00s Real=0.00s
[2020-08-27T11:17:06.234+0000][21728][safepoint    ] Safepoint "G1TryInitiateConcMark", Time since last: 16945600 ns, Reaching safepoint: 155900 ns, At safepoint: 4848700 ns, Total: 5004600 ns
[2020-08-27T11:17:06.234+0000][21728][gc           ] GC(512) Concurrent Cycle
[2020-08-27T11:17:06.235+0000][21728][gc,marking   ] GC(512) Concurrent Clear Claimed Marks
[2020-08-27T11:17:06.235+0000][21728][gc,marking   ] GC(512) Concurrent Clear Claimed Marks 0.499ms
[2020-08-27T11:17:06.235+0000][21728][gc,marking   ] GC(512) Concurrent Scan Root Regions
[2020-08-27T11:17:06.238+0000][21728][gc,marking   ] GC(512) Concurrent Scan Root Regions 3.078ms
[2020-08-27T11:17:06.238+0000][21728][gc,marking   ] GC(512) Concurrent Mark (144.194s)
[2020-08-27T11:17:06.238+0000][21728][gc,marking   ] GC(512) Concurrent Mark From Roots
[2020-08-27T11:17:06.238+0000][21728][gc,task      ] GC(512) Using 2 workers of 2 for marking
[2020-08-27T11:17:06.391+0000][21728][gc,marking   ] GC(512) Concurrent Mark From Roots 152.249ms
[2020-08-27T11:17:06.391+0000][21728][gc,marking   ] GC(512) Concurrent Preclean
[2020-08-27T11:17:06.391+0000][21728][gc,marking   ] GC(512) Concurrent Preclean 0.359ms
[2020-08-27T11:17:06.391+0000][21728][gc,marking   ] GC(512) Concurrent Mark (144.194s, 144.347s) 152.734ms
[2020-08-27T11:17:06.391+0000][21728][gc,start     ] GC(512) Pause Remark
[2020-08-27T11:17:06.398+0000][21728][gc           ] GC(512) Pause Remark 327M->327M(1024M) 6.385ms
[2020-08-27T11:17:06.398+0000][21728][gc,cpu       ] GC(512) User=0.02s Sys=0.02s Real=0.01s
[2020-08-27T11:17:06.398+0000][21728][safepoint    ] Safepoint "G1Concurrent", Time since last: 156659200 ns, Reaching safepoint: 126100 ns, At safepoint: 6594900 ns, Total: 6721000 ns
[2020-08-27T11:17:06.398+0000][21728][gc,marking   ] GC(512) Concurrent Rebuild Remembered Sets
[2020-08-27T11:17:06.480+0000][21728][gc,marking   ] GC(512) Concurrent Rebuild Remembered Sets 82.334ms
[2020-08-27T11:17:06.481+0000][21728][gc,start     ] GC(512) Pause Cleanup
[2020-08-27T11:17:06.481+0000][21728][gc           ] GC(512) Pause Cleanup 403M->403M(1024M) 0.306ms
[2020-08-27T11:17:06.481+0000][21728][gc,cpu       ] GC(512) User=0.00s Sys=0.00s Real=0.00s
[2020-08-27T11:17:06.481+0000][21728][safepoint    ] Safepoint "G1Concurrent", Time since last: 82527900 ns, Reaching safepoint: 176100 ns, At safepoint: 555300 ns, Total: 731400 ns
[2020-08-27T11:17:06.481+0000][21728][gc,marking   ] GC(512) Concurrent Cleanup for Next Mark
[2020-08-27T11:17:06.483+0000][21728][gc,marking   ] GC(512) Concurrent Cleanup for Next Mark 1.949ms
[2020-08-27T11:17:06.483+0000][21728][gc           ] GC(512) Concurrent Cycle 248.827ms
[2020-08-27T11:17:06.739+0000][21728][gc,start     ] GC(513) Pause Young (Concurrent Start) (G1 Humongous Allocation)
[2020-08-27T11:17:06.739+0000][21728][gc,task      ] GC(513) Using 8 workers of 8 for evacuation
[2020-08-27T11:17:06.739+0000][21728][gc,age       ] GC(513) Desired survivor size 33554432 bytes, new threshold 15 (max threshold 15)
[2020-08-27T11:17:06.742+0000][21728][gc,age       ] GC(513) Age table with threshold 15 (max threshold 15)
[2020-08-27T11:17:06.742+0000][21728][gc,age       ] GC(513) - age   1:    2688872 bytes,    2688872 total
[2020-08-27T11:17:06.743+0000][21728][gc,age       ] GC(513) - age   2:       6864 bytes,    2695736 total
[2020-08-27T11:17:06.743+0000][21728][gc,age       ] GC(513) - age   3:     101264 bytes,    2797000 total
[2020-08-27T11:17:06.743+0000][21728][gc,age       ] GC(513) - age   4:       1504 bytes,    2798504 total
[2020-08-27T11:17:06.743+0000][21728][gc,age       ] GC(513) - age   5:       1528 bytes,    2800032 total
[2020-08-27T11:17:06.743+0000][21728][gc,age       ] GC(513) - age   6:      10384 bytes,    2810416 total
[2020-08-27T11:17:06.743+0000][21728][gc,age       ] GC(513) - age   7:      10264 bytes,    2820680 total
[2020-08-27T11:17:06.743+0000][21728][gc,age       ] GC(513) - age   8:        256 bytes,    2820936 total
[2020-08-27T11:17:06.743+0000][21728][gc,age       ] GC(513) - age   9:      41856 bytes,    2862792 total
[2020-08-27T11:17:06.743+0000][21728][gc,age       ] GC(513) - age  10:        480 bytes,    2863272 total
[2020-08-27T11:17:06.743+0000][21728][gc,age       ] GC(513) - age  11:         56 bytes,    2863328 total
[2020-08-27T11:17:06.743+0000][21728][gc,age       ] GC(513) - age  12:      18680 bytes,    2882008 total
[2020-08-27T11:17:06.743+0000][21728][gc,age       ] GC(513) - age  13:        384 bytes,    2882392 total
[2020-08-27T11:17:06.743+0000][21728][gc,age       ] GC(513) - age  14:        208 bytes,    2882600 total
[2020-08-27T11:17:06.743+0000][21728][gc,age       ] GC(513) - age  15:       3000 bytes,    2885600 total
[2020-08-27T11:17:06.743+0000][21728][gc,phases    ] GC(513)   Pre Evacuate Collection Set: 0.4ms
[2020-08-27T11:17:06.743+0000][21728][gc,phases    ] GC(513)   Merge Heap Roots: 0.1ms
[2020-08-27T11:17:06.743+0000][21728][gc,phases    ] GC(513)   Evacuate Collection Set: 2.3ms
[2020-08-27T11:17:06.743+0000][21728][gc,phases    ] GC(513)   Post Evacuate Collection Set: 0.7ms
[2020-08-27T11:17:06.743+0000][21728][gc,phases    ] GC(513)   Other: 1.0ms
[2020-08-27T11:17:06.743+0000][21728][gc,heap      ] GC(513) Eden regions: 39->0(503)
[2020-08-27T11:17:06.743+0000][21728][gc,heap      ] GC(513) Survivor regions: 4->3(64)
[2020-08-27T11:17:06.743+0000][21728][gc,heap      ] GC(513) Old regions: 81->81
[2020-08-27T11:17:06.743+0000][21728][gc,heap      ] GC(513) Archive regions: 0->0
[2020-08-27T11:17:06.743+0000][21728][gc,heap      ] GC(513) Humongous regions: 294->174
[2020-08-27T11:17:06.743+0000][21728][gc,metaspace ] GC(513) Metaspace: 88612K(94720K)->88612K(94720K) NonClass: 77355K(80896K)->77355K(80896K) Class: 11256K(13824K)->11256K(13824K)
[2020-08-27T11:17:06.744+0000][21728][gc           ] GC(513) Pause Young (Concurrent Start) (G1 Humongous Allocation) 416M->257M(1024M) 4.882ms
[2020-08-27T11:17:06.744+0000][21728][gc,cpu       ] GC(513) User=0.00s Sys=0.00s Real=0.00s
[2020-08-27T11:17:06.744+0000][21728][gc           ] GC(514) Concurrent Cycle
[2020-08-27T11:17:06.744+0000][21728][safepoint    ] Safepoint "G1TryInitiateConcMark", Time since last: 257267100 ns, Reaching safepoint: 181200 ns, At safepoint: 5141800 ns, Total: 5323000 ns
[2020-08-27T11:17:06.744+0000][21728][gc,marking   ] GC(514) Concurrent Clear Claimed Marks
[2020-08-27T11:17:06.744+0000][21728][gc,marking   ] GC(514) Concurrent Clear Claimed Marks 0.756ms
[2020-08-27T11:17:06.745+0000][21728][gc,marking   ] GC(514) Concurrent Scan Root Regions
[2020-08-27T11:17:06.748+0000][21728][gc,marking   ] GC(514) Concurrent Scan Root Regions 3.169ms
[2020-08-27T11:17:06.748+0000][21728][gc,marking   ] GC(514) Concurrent Mark (144.704s)
[2020-08-27T11:17:06.748+0000][21728][gc,marking   ] GC(514) Concurrent Mark From Roots
[2020-08-27T11:17:06.748+0000][21728][gc,task      ] GC(514) Using 2 workers of 2 for marking
[2020-08-27T11:17:06.882+0000][21728][gc,marking   ] GC(514) Concurrent Mark From Roots 133.603ms
[2020-08-27T11:17:06.882+0000][21728][gc,marking   ] GC(514) Concurrent Preclean
[2020-08-27T11:17:06.882+0000][21728][gc,marking   ] GC(514) Concurrent Preclean 0.361ms
[2020-08-27T11:17:06.882+0000][21728][gc,marking   ] GC(514) Concurrent Mark (144.704s, 144.838s) 134.105ms
[2020-08-27T11:17:06.882+0000][21728][gc,start     ] GC(514) Pause Remark
[2020-08-27T11:17:06.888+0000][21728][gc           ] GC(514) Pause Remark 319M->319M(1024M) 6.114ms
[2020-08-27T11:17:06.889+0000][21728][gc,cpu       ] GC(514) User=0.00s Sys=0.00s Real=0.01s
[2020-08-27T11:17:06.889+0000][21728][safepoint    ] Safepoint "G1Concurrent", Time since last: 138525300 ns, Reaching safepoint: 138300 ns, At safepoint: 6303000 ns, Total: 6441300 ns
[2020-08-27T11:17:06.889+0000][21728][gc,marking   ] GC(514) Concurrent Rebuild Remembered Sets
[2020-08-27T11:17:06.968+0000][21728][gc,marking   ] GC(514) Concurrent Rebuild Remembered Sets 79.752ms
[2020-08-27T11:17:06.969+0000][21728][gc,start     ] GC(514) Pause Cleanup
[2020-08-27T11:17:06.969+0000][21728][gc           ] GC(514) Pause Cleanup 389M->389M(1024M) 0.238ms
[2020-08-27T11:17:06.969+0000][21728][gc,cpu       ] GC(514) User=0.00s Sys=0.00s Real=0.00s
[2020-08-27T11:17:06.969+0000][21728][safepoint    ] Safepoint "G1Concurrent", Time since last: 79935100 ns, Reaching safepoint: 156000 ns, At safepoint: 380200 ns, Total: 536200 ns
[2020-08-27T11:17:06.969+0000][21728][gc,marking   ] GC(514) Concurrent Cleanup for Next Mark
[2020-08-27T11:17:06.971+0000][21728][gc,marking   ] GC(514) Concurrent Cleanup for Next Mark 1.402ms
[2020-08-27T11:17:06.971+0000][21728][gc           ] GC(514) Concurrent Cycle 227.029ms
[2020-08-27T11:17:07.094+0000][21728][gc,start     ] GC(515) Pause Young (Concurrent Start) (G1 Humongous Allocation)
[2020-08-27T11:17:07.094+0000][21728][gc,task      ] GC(515) Using 8 workers of 8 for evacuation
[2020-08-27T11:17:07.094+0000][21728][gc,age       ] GC(515) Desired survivor size 33554432 bytes, new threshold 15 (max threshold 15)
[2020-08-27T11:17:07.098+0000][21728][gc,age       ] GC(515) Age table with threshold 15 (max threshold 15)
[2020-08-27T11:17:07.098+0000][21728][gc,age       ] GC(515) - age   1:    1028568 bytes,    1028568 total
[2020-08-27T11:17:07.098+0000][21728][gc,age       ] GC(515) - age   2:      12616 bytes,    1041184 total
[2020-08-27T11:17:07.098+0000][21728][gc,age       ] GC(515) - age   3:       6216 bytes,    1047400 total
[2020-08-27T11:17:07.098+0000][21728][gc,age       ] GC(515) - age   4:     100304 bytes,    1147704 total
[2020-08-27T11:17:07.098+0000][21728][gc,age       ] GC(515) - age   5:       1408 bytes,    1149112 total
[2020-08-27T11:17:07.098+0000][21728][gc,age       ] GC(515) - age   6:        688 bytes,    1149800 total
[2020-08-27T11:17:07.098+0000][21728][gc,age       ] GC(515) - age   7:      10352 bytes,    1160152 total
[2020-08-27T11:17:07.098+0000][21728][gc,age       ] GC(515) - age   8:      10264 bytes,    1170416 total
[2020-08-27T11:17:07.098+0000][21728][gc,age       ] GC(515) - age   9:        256 bytes,    1170672 total
[2020-08-27T11:17:07.098+0000][21728][gc,age       ] GC(515) - age  10:      41792 bytes,    1212464 total
[2020-08-27T11:17:07.098+0000][21728][gc,age       ] GC(515) - age  11:        480 bytes,    1212944 total
[2020-08-27T11:17:07.098+0000][21728][gc,age       ] GC(515) - age  12:         56 bytes,    1213000 total
[2020-08-27T11:17:07.098+0000][21728][gc,age       ] GC(515) - age  13:      18680 bytes,    1231680 total
[2020-08-27T11:17:07.098+0000][21728][gc,age       ] GC(515) - age  14:        384 bytes,    1232064 total
[2020-08-27T11:17:07.098+0000][21728][gc,age       ] GC(515) - age  15:        208 bytes,    1232272 total
[2020-08-27T11:17:07.098+0000][21728][gc,phases    ] GC(515)   Pre Evacuate Collection Set: 0.5ms
[2020-08-27T11:17:07.098+0000][21728][gc,phases    ] GC(515)   Merge Heap Roots: 0.1ms
[2020-08-27T11:17:07.098+0000][21728][gc,phases    ] GC(515)   Evacuate Collection Set: 2.2ms
[2020-08-27T11:17:07.098+0000][21728][gc,phases    ] GC(515)   Post Evacuate Collection Set: 0.7ms
[2020-08-27T11:17:07.098+0000][21728][gc,phases    ] GC(515)   Other: 0.7ms
[2020-08-27T11:17:07.098+0000][21728][gc,heap      ] GC(515) Eden regions: 36->0(505)
[2020-08-27T11:17:07.098+0000][21728][gc,heap      ] GC(515) Survivor regions: 3->2(64)
[2020-08-27T11:17:07.098+0000][21728][gc,heap      ] GC(515) Old regions: 81->81
[2020-08-27T11:17:07.098+0000][21728][gc,heap      ] GC(515) Archive regions: 0->0
[2020-08-27T11:17:07.098+0000][21728][gc,heap      ] GC(515) Humongous regions: 278->174
[2020-08-27T11:17:07.098+0000][21728][gc,metaspace ] GC(515) Metaspace: 88612K(94720K)->88612K(94720K) NonClass: 77355K(80896K)->77355K(80896K) Class: 11256K(13824K)->11256K(13824K)
[2020-08-27T11:17:07.099+0000][21728][gc           ] GC(515) Pause Young (Concurrent Start) (G1 Humongous Allocation) 396M->255M(1024M) 4.457ms
[2020-08-27T11:17:07.099+0000][21728][gc,cpu       ] GC(515) User=0.02s Sys=0.00s Real=0.00s
[2020-08-27T11:17:07.099+0000][21728][safepoint    ] Safepoint "G1TryInitiateConcMark", Time since last: 124709200 ns, Reaching safepoint: 179600 ns, At safepoint: 4622500 ns, Total: 4802100 ns
[2020-08-27T11:17:07.099+0000][21728][gc           ] GC(516) Concurrent Cycle
[2020-08-27T11:17:07.099+0000][21728][gc,marking   ] GC(516) Concurrent Clear Claimed Marks
[2020-08-27T11:17:07.099+0000][21728][gc,marking   ] GC(516) Concurrent Clear Claimed Marks 0.285ms
[2020-08-27T11:17:07.099+0000][21728][gc,marking   ] GC(516) Concurrent Scan Root Regions
[2020-08-27T11:17:07.100+0000][21728][gc,marking   ] GC(516) Concurrent Scan Root Regions 1.181ms
[2020-08-27T11:17:07.100+0000][21728][gc,marking   ] GC(516) Concurrent Mark (145.056s)
[2020-08-27T11:17:07.100+0000][21728][gc,marking   ] GC(516) Concurrent Mark From Roots
[2020-08-27T11:17:07.100+0000][21728][gc,task      ] GC(516) Using 2 workers of 2 for marking
[2020-08-27T11:17:07.206+0000][21728][gc,marking   ] GC(516) Concurrent Mark From Roots 105.739ms
[2020-08-27T11:17:07.206+0000][21728][gc,marking   ] GC(516) Concurrent Preclean
[2020-08-27T11:17:07.206+0000][21728][gc,marking   ] GC(516) Concurrent Preclean 0.359ms
[2020-08-27T11:17:07.206+0000][21728][gc,marking   ] GC(516) Concurrent Mark (145.056s, 145.163s) 106.225ms
[2020-08-27T11:17:07.207+0000][21728][gc,start     ] GC(516) Pause Remark
[2020-08-27T11:17:07.212+0000][21728][gc           ] GC(516) Pause Remark 270M->270M(1024M) 5.699ms
[2020-08-27T11:17:07.213+0000][21728][gc,cpu       ] GC(516) User=0.00s Sys=0.00s Real=0.01s
[2020-08-27T11:17:07.213+0000][21728][safepoint    ] Safepoint "G1Concurrent", Time since last: 107931600 ns, Reaching safepoint: 159600 ns, At safepoint: 6013500 ns, Total: 6173100 ns
[2020-08-27T11:17:07.213+0000][21728][gc,marking   ] GC(516) Concurrent Rebuild Remembered Sets
[2020-08-27T11:17:07.283+0000][21728][gc,marking   ] GC(516) Concurrent Rebuild Remembered Sets 70.014ms
[2020-08-27T11:17:07.283+0000][21728][gc,start     ] GC(516) Pause Cleanup
[2020-08-27T11:17:07.283+0000][21728][gc           ] GC(516) Pause Cleanup 289M->289M(1024M) 0.285ms
[2020-08-27T11:17:07.283+0000][21728][gc,cpu       ] GC(516) User=0.00s Sys=0.00s Real=0.00s
[2020-08-27T11:17:07.284+0000][21728][safepoint    ] Safepoint "G1Concurrent", Time since last: 70227800 ns, Reaching safepoint: 162100 ns, At safepoint: 416900 ns, Total: 579000 ns
[2020-08-27T11:17:07.284+0000][21728][gc,marking   ] GC(516) Concurrent Cleanup for Next Mark
[2020-08-27T11:17:07.285+0000][21728][gc,marking   ] GC(516) Concurrent Cleanup for Next Mark 1.870ms
[2020-08-27T11:17:07.286+0000][21728][gc           ] GC(516) Concurrent Cycle 187.019ms
[2020-08-27T11:17:07.436+0000][21728][gc,start     ] GC(517) Pause Young (Concurrent Start) (G1 Humongous Allocation)
[2020-08-27T11:17:07.436+0000][21728][gc,task      ] GC(517) Using 8 workers of 8 for evacuation
[2020-08-27T11:17:07.436+0000][21728][gc,age       ] GC(517) Desired survivor size 33554432 bytes, new threshold 15 (max threshold 15)
[2020-08-27T11:17:07.439+0000][21728][gc,age       ] GC(517) Age table with threshold 15 (max threshold 15)
[2020-08-27T11:17:07.440+0000][21728][gc,age       ] GC(517) - age   1:    1909936 bytes,    1909936 total
[2020-08-27T11:17:07.440+0000][21728][gc,age       ] GC(517) - age   2:     405000 bytes,    2314936 total
[2020-08-27T11:17:07.440+0000][21728][gc,age       ] GC(517) - age   3:       9576 bytes,    2324512 total
[2020-08-27T11:17:07.440+0000][21728][gc,age       ] GC(517) - age   4:       6216 bytes,    2330728 total
[2020-08-27T11:17:07.440+0000][21728][gc,age       ] GC(517) - age   5:     100016 bytes,    2430744 total
[2020-08-27T11:17:07.440+0000][21728][gc,age       ] GC(517) - age   6:       1120 bytes,    2431864 total
[2020-08-27T11:17:07.440+0000][21728][gc,age       ] GC(517) - age   7:        688 bytes,    2432552 total
[2020-08-27T11:17:07.440+0000][21728][gc,age       ] GC(517) - age   8:       7728 bytes,    2440280 total
[2020-08-27T11:17:07.440+0000][21728][gc,age       ] GC(517) - age   9:      10008 bytes,    2450288 total
[2020-08-27T11:17:07.440+0000][21728][gc,age       ] GC(517) - age  10:        256 bytes,    2450544 total
[2020-08-27T11:17:07.440+0000][21728][gc,age       ] GC(517) - age  11:      41768 bytes,    2492312 total
[2020-08-27T11:17:07.440+0000][21728][gc,age       ] GC(517) - age  12:        352 bytes,    2492664 total
[2020-08-27T11:17:07.440+0000][21728][gc,age       ] GC(517) - age  13:         56 bytes,    2492720 total
[2020-08-27T11:17:07.440+0000][21728][gc,age       ] GC(517) - age  14:      18680 bytes,    2511400 total
[2020-08-27T11:17:07.440+0000][21728][gc,age       ] GC(517) - age  15:        320 bytes,    2511720 total
[2020-08-27T11:17:07.440+0000][21728][gc,phases    ] GC(517)   Pre Evacuate Collection Set: 0.5ms
[2020-08-27T11:17:07.440+0000][21728][gc,phases    ] GC(517)   Merge Heap Roots: 0.1ms
[2020-08-27T11:17:07.440+0000][21728][gc,phases    ] GC(517)   Evacuate Collection Set: 2.0ms
[2020-08-27T11:17:07.440+0000][21728][gc,phases    ] GC(517)   Post Evacuate Collection Set: 0.6ms
[2020-08-27T11:17:07.440+0000][21728][gc,phases    ] GC(517)   Other: 0.8ms
[2020-08-27T11:17:07.440+0000][21728][gc,heap      ] GC(517) Eden regions: 23->0(504)
[2020-08-27T11:17:07.440+0000][21728][gc,heap      ] GC(517) Survivor regions: 2->3(64)
[2020-08-27T11:17:07.440+0000][21728][gc,heap      ] GC(517) Old regions: 81->81
[2020-08-27T11:17:07.440+0000][21728][gc,heap      ] GC(517) Archive regions: 0->0
[2020-08-27T11:17:07.440+0000][21728][gc,heap      ] GC(517) Humongous regions: 226->174
[2020-08-27T11:17:07.440+0000][21728][gc,metaspace ] GC(517) Metaspace: 88612K(94720K)->88612K(94720K) NonClass: 77355K(80896K)->77355K(80896K) Class: 11256K(13824K)->11256K(13824K)
[2020-08-27T11:17:07.440+0000][21728][gc           ] GC(517) Pause Young (Concurrent Start) (G1 Humongous Allocation) 330M->256M(1024M) 4.169ms
[2020-08-27T11:17:07.440+0000][21728][gc,cpu       ] GC(517) User=0.11s Sys=0.00s Real=0.00s
[2020-08-27T11:17:07.440+0000][21728][safepoint    ] Safepoint "G1TryInitiateConcMark", Time since last: 152118300 ns, Reaching safepoint: 278000 ns, At safepoint: 4318200 ns, Total: 4596200 ns
[2020-08-27T11:17:07.440+0000][21728][gc           ] GC(518) Concurrent Cycle
[2020-08-27T11:17:07.440+0000][21728][gc,marking   ] GC(518) Concurrent Clear Claimed Marks
[2020-08-27T11:17:07.441+0000][21728][gc,marking   ] GC(518) Concurrent Clear Claimed Marks 0.432ms
[2020-08-27T11:17:07.441+0000][21728][gc,marking   ] GC(518) Concurrent Scan Root Regions
[2020-08-27T11:17:07.444+0000][21728][gc,marking   ] GC(518) Concurrent Scan Root Regions 2.874ms
[2020-08-27T11:17:07.444+0000][21728][gc,marking   ] GC(518) Concurrent Mark (145.400s)
[2020-08-27T11:17:07.444+0000][21728][gc,marking   ] GC(518) Concurrent Mark From Roots
[2020-08-27T11:17:07.444+0000][21728][gc,task      ] GC(518) Using 2 workers of 2 for marking
[2020-08-27T11:17:07.600+0000][21728][gc,marking   ] GC(518) Concurrent Mark From Roots 156.237ms
[2020-08-27T11:17:07.600+0000][21728][gc,marking   ] GC(518) Concurrent Preclean
[2020-08-27T11:17:07.601+0000][21728][gc,marking   ] GC(518) Concurrent Preclean 0.467ms
[2020-08-27T11:17:07.601+0000][21728][gc,marking   ] GC(518) Concurrent Mark (145.400s, 145.557s) 156.863ms
[2020-08-27T11:17:07.601+0000][21728][gc,start     ] GC(518) Pause Remark
[2020-08-27T11:17:07.607+0000][21728][gc           ] GC(518) Pause Remark 290M->290M(1024M) 6.055ms
[2020-08-27T11:17:07.607+0000][21728][gc,cpu       ] GC(518) User=0.00s Sys=0.00s Real=0.01s
[2020-08-27T11:17:07.607+0000][21728][safepoint    ] Safepoint "G1Concurrent", Time since last: 160483400 ns, Reaching safepoint: 141800 ns, At safepoint: 6232700 ns, Total: 6374500 ns
[2020-08-27T11:17:07.607+0000][21728][gc,marking   ] GC(518) Concurrent Rebuild Remembered Sets
[2020-08-27T11:17:07.700+0000][21728][gc,marking   ] GC(518) Concurrent Rebuild Remembered Sets 92.733ms
[2020-08-27T11:17:07.700+0000][21728][gc,start     ] GC(518) Pause Cleanup
[2020-08-27T11:17:07.700+0000][21728][gc           ] GC(518) Pause Cleanup 362M->362M(1024M) 0.289ms
[2020-08-27T11:17:07.701+0000][21728][gc,cpu       ] GC(518) User=0.00s Sys=0.00s Real=0.00s
[2020-08-27T11:17:07.701+0000][21728][safepoint    ] Safepoint "G1Concurrent", Time since last: 92894000 ns, Reaching safepoint: 147300 ns, At safepoint: 408500 ns, Total: 555800 ns
[2020-08-27T11:17:07.701+0000][21728][gc,marking   ] GC(518) Concurrent Cleanup for Next Mark
[2020-08-27T11:17:07.703+0000][21728][gc,marking   ] GC(518) Concurrent Cleanup for Next Mark 2.053ms
[2020-08-27T11:17:07.703+0000][21728][gc           ] GC(518) Concurrent Cycle 262.613ms
[2020-08-27T11:17:07.978+0000][21728][gc,start     ] GC(519) Pause Young (Concurrent Start) (G1 Humongous Allocation)
[2020-08-27T11:17:07.978+0000][21728][gc,task      ] GC(519) Using 8 workers of 8 for evacuation
[2020-08-27T11:17:07.978+0000][21728][gc,age       ] GC(519) Desired survivor size 33554432 bytes, new threshold 15 (max threshold 15)
[2020-08-27T11:17:07.982+0000][21728][gc,age       ] GC(519) Age table with threshold 15 (max threshold 15)
[2020-08-27T11:17:07.982+0000][21728][gc,age       ] GC(519) - age   1:    2699584 bytes,    2699584 total
[2020-08-27T11:17:07.982+0000][21728][gc,age       ] GC(519) - age   2:       1528 bytes,    2701112 total
[2020-08-27T11:17:07.982+0000][21728][gc,age       ] GC(519) - age   3:       1880 bytes,    2702992 total
[2020-08-27T11:17:07.982+0000][21728][gc,age       ] GC(519) - age   4:       7112 bytes,    2710104 total
[2020-08-27T11:17:07.982+0000][21728][gc,age       ] GC(519) - age   5:       5992 bytes,    2716096 total
[2020-08-27T11:17:07.982+0000][21728][gc,age       ] GC(519) - age   6:      99984 bytes,    2816080 total
[2020-08-27T11:17:07.983+0000][21728][gc,age       ] GC(519) - age   7:        736 bytes,    2816816 total
[2020-08-27T11:17:07.983+0000][21728][gc,age       ] GC(519) - age   8:        688 bytes,    2817504 total
[2020-08-27T11:17:07.983+0000][21728][gc,age       ] GC(519) - age   9:       7056 bytes,    2824560 total
[2020-08-27T11:17:07.983+0000][21728][gc,age       ] GC(519) - age  10:       9976 bytes,    2834536 total
[2020-08-27T11:17:07.983+0000][21728][gc,age       ] GC(519) - age  11:        256 bytes,    2834792 total
[2020-08-27T11:17:07.983+0000][21728][gc,age       ] GC(519) - age  12:      40496 bytes,    2875288 total
[2020-08-27T11:17:07.983+0000][21728][gc,age       ] GC(519) - age  13:        352 bytes,    2875640 total
[2020-08-27T11:17:07.983+0000][21728][gc,age       ] GC(519) - age  14:         56 bytes,    2875696 total
[2020-08-27T11:17:07.983+0000][21728][gc,age       ] GC(519) - age  15:      18680 bytes,    2894376 total
[2020-08-27T11:17:07.983+0000][21728][gc,phases    ] GC(519)   Pre Evacuate Collection Set: 0.6ms
[2020-08-27T11:17:07.983+0000][21728][gc,phases    ] GC(519)   Merge Heap Roots: 0.1ms
[2020-08-27T11:17:07.983+0000][21728][gc,phases    ] GC(519)   Evacuate Collection Set: 2.0ms
[2020-08-27T11:17:07.983+0000][21728][gc,phases    ] GC(519)   Post Evacuate Collection Set: 0.8ms
[2020-08-27T11:17:07.983+0000][21728][gc,phases    ] GC(519)   Other: 1.2ms
[2020-08-27T11:17:07.983+0000][21728][gc,heap      ] GC(519) Eden regions: 41->0(504)
[2020-08-27T11:17:07.983+0000][21728][gc,heap      ] GC(519) Survivor regions: 3->3(64)
[2020-08-27T11:17:07.983+0000][21728][gc,heap      ] GC(519) Old regions: 81->81
[2020-08-27T11:17:07.983+0000][21728][gc,heap      ] GC(519) Archive regions: 0->0
[2020-08-27T11:17:07.983+0000][21728][gc,heap      ] GC(519) Humongous regions: 256->174
[2020-08-27T11:17:07.983+0000][21728][gc,metaspace ] GC(519) Metaspace: 88616K(94720K)->88616K(94720K) NonClass: 77359K(80896K)->77359K(80896K) Class: 11256K(13824K)->11256K(13824K)
[2020-08-27T11:17:07.983+0000][21728][gc           ] GC(519) Pause Young (Concurrent Start) (G1 Humongous Allocation) 379M->257M(1024M) 5.050ms
[2020-08-27T11:17:07.983+0000][21728][gc,cpu       ] GC(519) User=0.00s Sys=0.00s Real=0.01s
[2020-08-27T11:17:07.983+0000][21728][safepoint    ] Safepoint "G1TryInitiateConcMark", Time since last: 277467400 ns, Reaching safepoint: 165600 ns, At safepoint: 5281900 ns, Total: 5447500 ns
[2020-08-27T11:17:07.983+0000][21728][gc           ] GC(520) Concurrent Cycle
[2020-08-27T11:17:07.984+0000][21728][gc,marking   ] GC(520) Concurrent Clear Claimed Marks
[2020-08-27T11:17:07.984+0000][21728][gc,marking   ] GC(520) Concurrent Clear Claimed Marks 0.493ms
[2020-08-27T11:17:07.984+0000][21728][gc,marking   ] GC(520) Concurrent Scan Root Regions
[2020-08-27T11:17:07.986+0000][21728][gc,marking   ] GC(520) Concurrent Scan Root Regions 1.959ms
[2020-08-27T11:17:07.986+0000][21728][gc,marking   ] GC(520) Concurrent Mark (145.942s)
[2020-08-27T11:17:07.986+0000][21728][gc,marking   ] GC(520) Concurrent Mark From Roots
[2020-08-27T11:17:07.986+0000][21728][gc,task      ] GC(520) Using 2 workers of 2 for marking
[2020-08-27T11:17:08.134+0000][21728][gc,marking   ] GC(520) Concurrent Mark From Roots 147.773ms
[2020-08-27T11:17:08.134+0000][21728][gc,marking   ] GC(520) Concurrent Preclean
[2020-08-27T11:17:08.135+0000][21728][gc,marking   ] GC(520) Concurrent Preclean 0.682ms
[2020-08-27T11:17:08.135+0000][21728][gc,marking   ] GC(520) Concurrent Mark (145.942s, 146.091s) 148.684ms
[2020-08-27T11:17:08.135+0000][21728][gc,start     ] GC(520) Pause Remark
[2020-08-27T11:17:08.142+0000][21728][gc           ] GC(520) Pause Remark 321M->321M(1024M) 6.303ms
[2020-08-27T11:17:08.142+0000][21728][gc,cpu       ] GC(520) User=0.02s Sys=0.00s Real=0.01s
[2020-08-27T11:17:08.142+0000][21728][safepoint    ] Safepoint "G1Concurrent", Time since last: 151555200 ns, Reaching safepoint: 156100 ns, At safepoint: 6524400 ns, Total: 6680500 ns
[2020-08-27T11:17:08.142+0000][21728][gc,marking   ] GC(520) Concurrent Rebuild Remembered Sets
[2020-08-27T11:17:08.230+0000][21728][gc,marking   ] GC(520) Concurrent Rebuild Remembered Sets 87.842ms
[2020-08-27T11:17:08.230+0000][21728][gc,start     ] GC(520) Pause Cleanup
[2020-08-27T11:17:08.230+0000][21728][gc           ] GC(520) Pause Cleanup 325M->325M(1024M) 0.323ms
[2020-08-27T11:17:08.230+0000][21728][gc,cpu       ] GC(520) User=0.00s Sys=0.00s Real=0.00s
[2020-08-27T11:17:08.230+0000][21728][safepoint    ] Safepoint "G1Concurrent", Time since last: 88068300 ns, Reaching safepoint: 129100 ns, At safepoint: 508600 ns, Total: 637700 ns
[2020-08-27T11:17:08.230+0000][21728][gc,marking   ] GC(520) Concurrent Cleanup for Next Mark
[2020-08-27T11:17:08.232+0000][21728][gc,marking   ] GC(520) Concurrent Cleanup for Next Mark 1.651ms
[2020-08-27T11:17:08.232+0000][21728][gc           ] GC(520) Concurrent Cycle 248.867ms
[2020-08-27T11:17:08.241+0000][21728][gc,start     ] GC(521) Pause Young (Concurrent Start) (G1 Humongous Allocation)
[2020-08-27T11:17:08.241+0000][21728][gc,task      ] GC(521) Using 8 workers of 8 for evacuation
[2020-08-27T11:17:08.241+0000][21728][gc,age       ] GC(521) Desired survivor size 33554432 bytes, new threshold 15 (max threshold 15)
[2020-08-27T11:17:08.244+0000][21728][gc,age       ] GC(521) Age table with threshold 15 (max threshold 15)
[2020-08-27T11:17:08.245+0000][21728][gc,age       ] GC(521) - age   1:    2878456 bytes,    2878456 total
[2020-08-27T11:17:08.245+0000][21728][gc,age       ] GC(521) - age   2:      25688 bytes,    2904144 total
[2020-08-27T11:17:08.245+0000][21728][gc,age       ] GC(521) - age   3:       1504 bytes,    2905648 total
[2020-08-27T11:17:08.245+0000][21728][gc,age       ] GC(521) - age   4:        752 bytes,    2906400 total
[2020-08-27T11:17:08.245+0000][21728][gc,age       ] GC(521) - age   5:       7080 bytes,    2913480 total
[2020-08-27T11:17:08.245+0000][21728][gc,age       ] GC(521) - age   6:       5960 bytes,    2919440 total
[2020-08-27T11:17:08.245+0000][21728][gc,age       ] GC(521) - age   7:      99984 bytes,    3019424 total
[2020-08-27T11:17:08.245+0000][21728][gc,age       ] GC(521) - age   8:        736 bytes,    3020160 total
[2020-08-27T11:17:08.245+0000][21728][gc,age       ] GC(521) - age   9:        656 bytes,    3020816 total
[2020-08-27T11:17:08.245+0000][21728][gc,age       ] GC(521) - age  10:       7056 bytes,    3027872 total
[2020-08-27T11:17:08.245+0000][21728][gc,age       ] GC(521) - age  11:       9944 bytes,    3037816 total
[2020-08-27T11:17:08.245+0000][21728][gc,age       ] GC(521) - age  12:        256 bytes,    3038072 total
[2020-08-27T11:17:08.245+0000][21728][gc,age       ] GC(521) - age  13:      40496 bytes,    3078568 total
[2020-08-27T11:17:08.245+0000][21728][gc,age       ] GC(521) - age  14:        352 bytes,    3078920 total
[2020-08-27T11:17:08.245+0000][21728][gc,age       ] GC(521) - age  15:         56 bytes,    3078976 total
[2020-08-27T11:17:08.245+0000][21728][gc,phases    ] GC(521)   Pre Evacuate Collection Set: 0.4ms
[2020-08-27T11:17:08.245+0000][21728][gc,phases    ] GC(521)   Merge Heap Roots: 0.1ms
[2020-08-27T11:17:08.245+0000][21728][gc,phases    ] GC(521)   Evacuate Collection Set: 2.1ms
[2020-08-27T11:17:08.245+0000][21728][gc,phases    ] GC(521)   Post Evacuate Collection Set: 0.7ms
[2020-08-27T11:17:08.245+0000][21728][gc,phases    ] GC(521)   Other: 1.0ms
[2020-08-27T11:17:08.245+0000][21728][gc,heap      ] GC(521) Eden regions: 21->0(503)
[2020-08-27T11:17:08.245+0000][21728][gc,heap      ] GC(521) Survivor regions: 3->3(64)
[2020-08-27T11:17:08.245+0000][21728][gc,heap      ] GC(521) Old regions: 81->81
[2020-08-27T11:17:08.245+0000][21728][gc,heap      ] GC(521) Archive regions: 0->0
[2020-08-27T11:17:08.245+0000][21728][gc,heap      ] GC(521) Humongous regions: 226->174
[2020-08-27T11:17:08.245+0000][21728][gc,metaspace ] GC(521) Metaspace: 88616K(94720K)->88616K(94720K) NonClass: 77359K(80896K)->77359K(80896K) Class: 11256K(13824K)->11256K(13824K)
[2020-08-27T11:17:08.246+0000][21728][gc           ] GC(521) Pause Young (Concurrent Start) (G1 Humongous Allocation) 329M->257M(1024M) 4.666ms
[2020-08-27T11:17:08.246+0000][21728][gc,cpu       ] GC(521) User=0.00s Sys=0.00s Real=0.01s
[2020-08-27T11:17:08.246+0000][21728][gc           ] GC(522) Concurrent Cycle
[2020-08-27T11:17:08.246+0000][21728][safepoint    ] Safepoint "G1TryInitiateConcMark", Time since last: 10222900 ns, Reaching safepoint: 165000 ns, At safepoint: 4852500 ns, Total: 5017500 ns
[2020-08-27T11:17:08.246+0000][21728][gc,marking   ] GC(522) Concurrent Clear Claimed Marks
[2020-08-27T11:17:08.246+0000][21728][gc,marking   ] GC(522) Concurrent Clear Claimed Marks 0.435ms
[2020-08-27T11:17:08.246+0000][21728][gc,marking   ] GC(522) Concurrent Scan Root Regions
[2020-08-27T11:17:08.249+0000][21728][gc,marking   ] GC(522) Concurrent Scan Root Regions 2.573ms
[2020-08-27T11:17:08.249+0000][21728][gc,marking   ] GC(522) Concurrent Mark (146.205s)
[2020-08-27T11:17:08.249+0000][21728][gc,marking   ] GC(522) Concurrent Mark From Roots
[2020-08-27T11:17:08.249+0000][21728][gc,task      ] GC(522) Using 2 workers of 2 for marking
[2020-08-27T11:17:08.399+0000][21728][gc,marking   ] GC(522) Concurrent Mark From Roots 150.016ms
[2020-08-27T11:17:08.399+0000][21728][gc,marking   ] GC(522) Concurrent Preclean
[2020-08-27T11:17:08.399+0000][21728][gc,marking   ] GC(522) Concurrent Preclean 0.395ms
[2020-08-27T11:17:08.400+0000][21728][gc,marking   ] GC(522) Concurrent Mark (146.205s, 146.356s) 150.574ms
[2020-08-27T11:17:08.400+0000][21728][gc,start     ] GC(522) Pause Remark
[2020-08-27T11:17:08.405+0000][21728][gc           ] GC(522) Pause Remark 319M->319M(1024M) 5.526ms
[2020-08-27T11:17:08.405+0000][21728][gc,cpu       ] GC(522) User=0.00s Sys=0.00s Real=0.00s
[2020-08-27T11:17:08.405+0000][21728][safepoint    ] Safepoint "G1Concurrent", Time since last: 153947600 ns, Reaching safepoint: 147500 ns, At safepoint: 5701300 ns, Total: 5848800 ns
[2020-08-27T11:17:08.406+0000][21728][gc,marking   ] GC(522) Concurrent Rebuild Remembered Sets
[2020-08-27T11:17:08.476+0000][21728][gc,marking   ] GC(522) Concurrent Rebuild Remembered Sets 70.579ms
[2020-08-27T11:17:08.476+0000][21728][gc,start     ] GC(522) Pause Cleanup
[2020-08-27T11:17:08.477+0000][21728][gc           ] GC(522) Pause Cleanup 339M->339M(1024M) 0.384ms
[2020-08-27T11:17:08.477+0000][21728][gc,cpu       ] GC(522) User=0.00s Sys=0.00s Real=0.00s
[2020-08-27T11:17:08.477+0000][21728][safepoint    ] Safepoint "G1Concurrent", Time since last: 70770800 ns, Reaching safepoint: 175500 ns, At safepoint: 609100 ns, Total: 784600 ns
[2020-08-27T11:17:08.477+0000][21728][gc,marking   ] GC(522) Concurrent Cleanup for Next Mark
[2020-08-27T11:17:08.479+0000][21728][gc,marking   ] GC(522) Concurrent Cleanup for Next Mark 1.513ms
[2020-08-27T11:17:08.479+0000][21728][gc           ] GC(522) Concurrent Cycle 233.139ms
[2020-08-27T11:17:08.571+0000][21728][gc,start     ] GC(523) Pause Young (Concurrent Start) (G1 Humongous Allocation)
[2020-08-27T11:17:08.571+0000][21728][gc,task      ] GC(523) Using 8 workers of 8 for evacuation
[2020-08-27T11:17:08.571+0000][21728][gc,age       ] GC(523) Desired survivor size 33554432 bytes, new threshold 15 (max threshold 15)
[2020-08-27T11:17:08.574+0000][21728][gc,age       ] GC(523) Age table with threshold 15 (max threshold 15)
[2020-08-27T11:17:08.574+0000][21728][gc,age       ] GC(523) - age   1:     860520 bytes,     860520 total
[2020-08-27T11:17:08.574+0000][21728][gc,age       ] GC(523) - age   2:     202744 bytes,    1063264 total
[2020-08-27T11:17:08.574+0000][21728][gc,age       ] GC(523) - age   3:      20080 bytes,    1083344 total
[2020-08-27T11:17:08.574+0000][21728][gc,age       ] GC(523) - age   4:       1272 bytes,    1084616 total
[2020-08-27T11:17:08.574+0000][21728][gc,age       ] GC(523) - age   5:        600 bytes,    1085216 total
[2020-08-27T11:17:08.574+0000][21728][gc,age       ] GC(523) - age   6:       6944 bytes,    1092160 total
[2020-08-27T11:17:08.574+0000][21728][gc,age       ] GC(523) - age   7:       5960 bytes,    1098120 total
[2020-08-27T11:17:08.574+0000][21728][gc,age       ] GC(523) - age   8:      99984 bytes,    1198104 total
[2020-08-27T11:17:08.575+0000][21728][gc,age       ] GC(523) - age   9:        664 bytes,    1198768 total
[2020-08-27T11:17:08.575+0000][21728][gc,age       ] GC(523) - age  10:        656 bytes,    1199424 total
[2020-08-27T11:17:08.575+0000][21728][gc,age       ] GC(523) - age  11:       7056 bytes,    1206480 total
[2020-08-27T11:17:08.575+0000][21728][gc,age       ] GC(523) - age  12:       9944 bytes,    1216424 total
[2020-08-27T11:17:08.575+0000][21728][gc,age       ] GC(523) - age  13:        256 bytes,    1216680 total
[2020-08-27T11:17:08.575+0000][21728][gc,age       ] GC(523) - age  14:      40496 bytes,    1257176 total
[2020-08-27T11:17:08.575+0000][21728][gc,age       ] GC(523) - age  15:        352 bytes,    1257528 total
[2020-08-27T11:17:08.575+0000][21728][gc,phases    ] GC(523)   Pre Evacuate Collection Set: 0.4ms
[2020-08-27T11:17:08.575+0000][21728][gc,phases    ] GC(523)   Merge Heap Roots: 0.1ms
[2020-08-27T11:17:08.575+0000][21728][gc,phases    ] GC(523)   Evacuate Collection Set: 1.7ms
[2020-08-27T11:17:08.575+0000][21728][gc,phases    ] GC(523)   Post Evacuate Collection Set: 0.9ms
[2020-08-27T11:17:08.575+0000][21728][gc,phases    ] GC(523)   Other: 0.7ms
[2020-08-27T11:17:08.575+0000][21728][gc,heap      ] GC(523) Eden regions: 26->0(505)
[2020-08-27T11:17:08.575+0000][21728][gc,heap      ] GC(523) Survivor regions: 3->2(64)
[2020-08-27T11:17:08.575+0000][21728][gc,heap      ] GC(523) Old regions: 81->81
[2020-08-27T11:17:08.575+0000][21728][gc,heap      ] GC(523) Archive regions: 0->0
[2020-08-27T11:17:08.575+0000][21728][gc,heap      ] GC(523) Humongous regions: 236->174
[2020-08-27T11:17:08.575+0000][21728][gc,metaspace ] GC(523) Metaspace: 88616K(94720K)->88616K(94720K) NonClass: 77359K(80896K)->77359K(80896K) Class: 11256K(13824K)->11256K(13824K)
[2020-08-27T11:17:08.575+0000][21728][gc           ] GC(523) Pause Young (Concurrent Start) (G1 Humongous Allocation) 344M->255M(1024M) 3.939ms
[2020-08-27T11:17:08.575+0000][21728][gc,cpu       ] GC(523) User=0.00s Sys=0.00s Real=0.00s
[2020-08-27T11:17:08.575+0000][21728][gc           ] GC(524) Concurrent Cycle
[2020-08-27T11:17:08.575+0000][21728][safepoint    ] Safepoint "G1TryInitiateConcMark", Time since last: 93846700 ns, Reaching safepoint: 127100 ns, At safepoint: 4119100 ns, Total: 4246200 ns
[2020-08-27T11:17:08.575+0000][21728][gc,marking   ] GC(524) Concurrent Clear Claimed Marks
[2020-08-27T11:17:08.576+0000][21728][gc,marking   ] GC(524) Concurrent Clear Claimed Marks 0.587ms
[2020-08-27T11:17:08.576+0000][21728][gc,marking   ] GC(524) Concurrent Scan Root Regions
[2020-08-27T11:17:08.578+0000][21728][gc,marking   ] GC(524) Concurrent Scan Root Regions 2.243ms
[2020-08-27T11:17:08.578+0000][21728][gc,marking   ] GC(524) Concurrent Mark (146.534s)
[2020-08-27T11:17:08.578+0000][21728][gc,marking   ] GC(524) Concurrent Mark From Roots
[2020-08-27T11:17:08.578+0000][21728][gc,task      ] GC(524) Using 2 workers of 2 for marking
[2020-08-27T11:17:08.734+0000][21728][gc,marking   ] GC(524) Concurrent Mark From Roots 156.175ms
[2020-08-27T11:17:08.734+0000][21728][gc,marking   ] GC(524) Concurrent Preclean
[2020-08-27T11:17:08.735+0000][21728][gc,marking   ] GC(524) Concurrent Preclean 0.533ms
[2020-08-27T11:17:08.735+0000][21728][gc,marking   ] GC(524) Concurrent Mark (146.534s, 146.691s) 156.861ms
[2020-08-27T11:17:08.735+0000][21728][gc,start     ] GC(524) Pause Remark
[2020-08-27T11:17:08.741+0000][21728][gc           ] GC(524) Pause Remark 270M->270M(1024M) 5.925ms
[2020-08-27T11:17:08.741+0000][21728][gc,cpu       ] GC(524) User=0.00s Sys=0.00s Real=0.01s
[2020-08-27T11:17:08.741+0000][21728][safepoint    ] Safepoint "G1Concurrent", Time since last: 159907200 ns, Reaching safepoint: 127500 ns, At safepoint: 6068700 ns, Total: 6196200 ns
[2020-08-27T11:17:08.741+0000][21728][gc,marking   ] GC(524) Concurrent Rebuild Remembered Sets
[2020-08-27T11:17:08.826+0000][21728][gc,marking   ] GC(524) Concurrent Rebuild Remembered Sets 84.798ms
[2020-08-27T11:17:08.826+0000][21728][gc,start     ] GC(524) Pause Cleanup
[2020-08-27T11:17:08.827+0000][21728][gc           ] GC(524) Pause Cleanup 338M->338M(1024M) 0.296ms
[2020-08-27T11:17:08.827+0000][21728][gc,cpu       ] GC(524) User=0.00s Sys=0.00s Real=0.00s
[2020-08-27T11:17:08.827+0000][21728][safepoint    ] Safepoint "G1Concurrent", Time since last: 84968400 ns, Reaching safepoint: 175100 ns, At safepoint: 433300 ns, Total: 608400 ns
[2020-08-27T11:17:08.827+0000][21728][gc,marking   ] GC(524) Concurrent Cleanup for Next Mark
[2020-08-27T11:17:08.829+0000][21728][gc,marking   ] GC(524) Concurrent Cleanup for Next Mark 1.928ms
[2020-08-27T11:17:08.829+0000][21728][gc           ] GC(524) Concurrent Cycle 253.862ms
[2020-08-27T11:17:08.951+0000][21728][gc,start     ] GC(525) Pause Young (Concurrent Start) (G1 Humongous Allocation)
[2020-08-27T11:17:08.951+0000][21728][gc,task      ] GC(525) Using 8 workers of 8 for evacuation
[2020-08-27T11:17:08.951+0000][21728][gc,age       ] GC(525) Desired survivor size 33554432 bytes, new threshold 15 (max threshold 15)
[2020-08-27T11:17:08.955+0000][21728][gc,age       ] GC(525) Age table with threshold 15 (max threshold 15)
[2020-08-27T11:17:08.955+0000][21728][gc,age       ] GC(525) - age   1:    2883120 bytes,    2883120 total
[2020-08-27T11:17:08.955+0000][21728][gc,age       ] GC(525) - age   2:     236928 bytes,    3120048 total
[2020-08-27T11:17:08.955+0000][21728][gc,age       ] GC(525) - age   3:     202696 bytes,    3322744 total
[2020-08-27T11:17:08.955+0000][21728][gc,age       ] GC(525) - age   4:      18008 bytes,    3340752 total
[2020-08-27T11:17:08.955+0000][21728][gc,age       ] GC(525) - age   5:        920 bytes,    3341672 total
[2020-08-27T11:17:08.955+0000][21728][gc,age       ] GC(525) - age   6:        248 bytes,    3341920 total
[2020-08-27T11:17:08.955+0000][21728][gc,age       ] GC(525) - age   7:       1872 bytes,    3343792 total
[2020-08-27T11:17:08.955+0000][21728][gc,age       ] GC(525) - age   8:       5776 bytes,    3349568 total
[2020-08-27T11:17:08.955+0000][21728][gc,age       ] GC(525) - age   9:      99984 bytes,    3449552 total
[2020-08-27T11:17:08.955+0000][21728][gc,age       ] GC(525) - age  10:        608 bytes,    3450160 total
[2020-08-27T11:17:08.955+0000][21728][gc,age       ] GC(525) - age  11:        656 bytes,    3450816 total
[2020-08-27T11:17:08.955+0000][21728][gc,age       ] GC(525) - age  12:       7056 bytes,    3457872 total
[2020-08-27T11:17:08.955+0000][21728][gc,age       ] GC(525) - age  13:       9944 bytes,    3467816 total
[2020-08-27T11:17:08.955+0000][21728][gc,age       ] GC(525) - age  14:        256 bytes,    3468072 total
[2020-08-27T11:17:08.955+0000][21728][gc,age       ] GC(525) - age  15:      40496 bytes,    3508568 total
[2020-08-27T11:17:08.955+0000][21728][gc,phases    ] GC(525)   Pre Evacuate Collection Set: 0.4ms
[2020-08-27T11:17:08.955+0000][21728][gc,phases    ] GC(525)   Merge Heap Roots: 0.1ms
[2020-08-27T11:17:08.955+0000][21728][gc,phases    ] GC(525)   Evacuate Collection Set: 2.0ms
[2020-08-27T11:17:08.955+0000][21728][gc,phases    ] GC(525)   Post Evacuate Collection Set: 0.7ms
[2020-08-27T11:17:08.955+0000][21728][gc,phases    ] GC(525)   Other: 0.8ms
[2020-08-27T11:17:08.955+0000][21728][gc,heap      ] GC(525) Eden regions: 30->0(502)
[2020-08-27T11:17:08.955+0000][21728][gc,heap      ] GC(525) Survivor regions: 2->4(64)
[2020-08-27T11:17:08.955+0000][21728][gc,heap      ] GC(525) Old regions: 81->81
[2020-08-27T11:17:08.955+0000][21728][gc,heap      ] GC(525) Archive regions: 0->0
[2020-08-27T11:17:08.955+0000][21728][gc,heap      ] GC(525) Humongous regions: 241->174
[2020-08-27T11:17:08.955+0000][21728][gc,metaspace ] GC(525) Metaspace: 88618K(94720K)->88618K(94720K) NonClass: 77361K(80896K)->77361K(80896K) Class: 11256K(13824K)->11256K(13824K)
[2020-08-27T11:17:08.956+0000][21728][gc           ] GC(525) Pause Young (Concurrent Start) (G1 Humongous Allocation) 352M->257M(1024M) 4.151ms
[2020-08-27T11:17:08.956+0000][21728][gc,cpu       ] GC(525) User=0.03s Sys=0.00s Real=0.01s
[2020-08-27T11:17:08.956+0000][21728][safepoint    ] Safepoint "G1TryInitiateConcMark", Time since last: 124400200 ns, Reaching safepoint: 134700 ns, At safepoint: 4304600 ns, Total: 4439300 ns
[2020-08-27T11:17:08.956+0000][21728][gc           ] GC(526) Concurrent Cycle
[2020-08-27T11:17:08.956+0000][21728][gc,marking   ] GC(526) Concurrent Clear Claimed Marks
[2020-08-27T11:17:08.956+0000][21728][gc,marking   ] GC(526) Concurrent Clear Claimed Marks 0.390ms
[2020-08-27T11:17:08.956+0000][21728][gc,marking   ] GC(526) Concurrent Scan Root Regions
[2020-08-27T11:17:08.959+0000][21728][gc,marking   ] GC(526) Concurrent Scan Root Regions 2.998ms
[2020-08-27T11:17:08.959+0000][21728][gc,marking   ] GC(526) Concurrent Mark (146.915s)
[2020-08-27T11:17:08.959+0000][21728][gc,marking   ] GC(526) Concurrent Mark From Roots
[2020-08-27T11:17:08.959+0000][21728][gc,task      ] GC(526) Using 2 workers of 2 for marking
[2020-08-27T11:17:09.086+0000][21728][gc,marking   ] GC(526) Concurrent Mark From Roots 126.236ms
[2020-08-27T11:17:09.086+0000][21728][gc,marking   ] GC(526) Concurrent Preclean
[2020-08-27T11:17:09.086+0000][21728][gc,marking   ] GC(526) Concurrent Preclean 0.473ms
[2020-08-27T11:17:09.086+0000][21728][gc,marking   ] GC(526) Concurrent Mark (146.915s, 147.042s) 126.892ms
[2020-08-27T11:17:09.086+0000][21728][gc,start     ] GC(526) Pause Remark
[2020-08-27T11:17:09.091+0000][21728][gc           ] GC(526) Pause Remark 324M->324M(1024M) 4.911ms
[2020-08-27T11:17:09.091+0000][21728][gc,cpu       ] GC(526) User=0.00s Sys=0.00s Real=0.01s
[2020-08-27T11:17:09.092+0000][21728][safepoint    ] Safepoint "G1Concurrent", Time since last: 130637500 ns, Reaching safepoint: 160100 ns, At safepoint: 5080800 ns, Total: 5240900 ns
[2020-08-27T11:17:09.092+0000][21728][gc,marking   ] GC(526) Concurrent Rebuild Remembered Sets
[2020-08-27T11:17:09.172+0000][21728][gc,marking   ] GC(526) Concurrent Rebuild Remembered Sets 80.280ms
[2020-08-27T11:17:09.172+0000][21728][gc,start     ] GC(526) Pause Cleanup
[2020-08-27T11:17:09.172+0000][21728][gc           ] GC(526) Pause Cleanup 396M->396M(1024M) 0.262ms
[2020-08-27T11:17:09.172+0000][21728][gc,cpu       ] GC(526) User=0.00s Sys=0.00s Real=0.00s
[2020-08-27T11:17:09.173+0000][21728][safepoint    ] Safepoint "G1Concurrent", Time since last: 80459100 ns, Reaching safepoint: 147500 ns, At safepoint: 431400 ns, Total: 578900 ns
[2020-08-27T11:17:09.173+0000][21728][gc,marking   ] GC(526) Concurrent Cleanup for Next Mark
[2020-08-27T11:17:09.174+0000][21728][gc,marking   ] GC(526) Concurrent Cleanup for Next Mark 1.391ms
[2020-08-27T11:17:09.174+0000][21728][gc           ] GC(526) Concurrent Cycle 218.438ms
[2020-08-27T11:17:09.380+0000][21728][gc,start     ] GC(527) Pause Young (Concurrent Start) (G1 Humongous Allocation)
[2020-08-27T11:17:09.380+0000][21728][gc,task      ] GC(527) Using 8 workers of 8 for evacuation
[2020-08-27T11:17:09.381+0000][21728][gc,age       ] GC(527) Desired survivor size 33554432 bytes, new threshold 15 (max threshold 15)
[2020-08-27T11:17:09.384+0000][21728][gc,age       ] GC(527) Age table with threshold 15 (max threshold 15)
[2020-08-27T11:17:09.384+0000][21728][gc,age       ] GC(527) - age   1:    2706128 bytes,    2706128 total
[2020-08-27T11:17:09.384+0000][21728][gc,age       ] GC(527) - age   2:       2520 bytes,    2708648 total
[2020-08-27T11:17:09.384+0000][21728][gc,age       ] GC(527) - age   3:       1008 bytes,    2709656 total
[2020-08-27T11:17:09.384+0000][21728][gc,age       ] GC(527) - age   4:        816 bytes,    2710472 total
[2020-08-27T11:17:09.384+0000][21728][gc,age       ] GC(527) - age   5:       4424 bytes,    2714896 total
[2020-08-27T11:17:09.384+0000][21728][gc,age       ] GC(527) - age   6:        600 bytes,    2715496 total
[2020-08-27T11:17:09.384+0000][21728][gc,age       ] GC(527) - age   7:        184 bytes,    2715680 total
[2020-08-27T11:17:09.384+0000][21728][gc,age       ] GC(527) - age   8:       1872 bytes,    2717552 total
[2020-08-27T11:17:09.384+0000][21728][gc,age       ] GC(527) - age   9:       5648 bytes,    2723200 total
[2020-08-27T11:17:09.384+0000][21728][gc,age       ] GC(527) - age  10:      99984 bytes,    2823184 total
[2020-08-27T11:17:09.384+0000][21728][gc,age       ] GC(527) - age  11:        480 bytes,    2823664 total
[2020-08-27T11:17:09.384+0000][21728][gc,age       ] GC(527) - age  12:        624 bytes,    2824288 total
[2020-08-27T11:17:09.384+0000][21728][gc,age       ] GC(527) - age  13:       7056 bytes,    2831344 total
[2020-08-27T11:17:09.384+0000][21728][gc,age       ] GC(527) - age  14:       9944 bytes,    2841288 total
[2020-08-27T11:17:09.384+0000][21728][gc,age       ] GC(527) - age  15:        256 bytes,    2841544 total
[2020-08-27T11:17:09.384+0000][21728][gc,phases    ] GC(527)   Pre Evacuate Collection Set: 0.4ms
[2020-08-27T11:17:09.384+0000][21728][gc,phases    ] GC(527)   Merge Heap Roots: 0.1ms
[2020-08-27T11:17:09.384+0000][21728][gc,phases    ] GC(527)   Evacuate Collection Set: 1.9ms
[2020-08-27T11:17:09.384+0000][21728][gc,phases    ] GC(527)   Post Evacuate Collection Set: 0.7ms
[2020-08-27T11:17:09.384+0000][21728][gc,phases    ] GC(527)   Other: 0.8ms
[2020-08-27T11:17:09.384+0000][21728][gc,heap      ] GC(527) Eden regions: 41->0(503)
[2020-08-27T11:17:09.384+0000][21728][gc,heap      ] GC(527) Survivor regions: 4->3(64)
[2020-08-27T11:17:09.384+0000][21728][gc,heap      ] GC(527) Old regions: 81->81
[2020-08-27T11:17:09.384+0000][21728][gc,heap      ] GC(527) Archive regions: 0->0
[2020-08-27T11:17:09.384+0000][21728][gc,heap      ] GC(527) Humongous regions: 288->174
[2020-08-27T11:17:09.384+0000][21728][gc,metaspace ] GC(527) Metaspace: 88626K(94720K)->88626K(94720K) NonClass: 77368K(80896K)->77368K(80896K) Class: 11257K(13824K)->11257K(13824K)
[2020-08-27T11:17:09.384+0000][21728][gc           ] GC(527) Pause Young (Concurrent Start) (G1 Humongous Allocation) 412M->257M(1024M) 4.094ms
[2020-08-27T11:17:09.385+0000][21728][gc,cpu       ] GC(527) User=0.00s Sys=0.00s Real=0.00s
[2020-08-27T11:17:09.385+0000][21728][gc           ] GC(528) Concurrent Cycle
[2020-08-27T11:17:09.385+0000][21728][safepoint    ] Safepoint "G1TryInitiateConcMark", Time since last: 207646400 ns, Reaching safepoint: 150700 ns, At safepoint: 4281200 ns, Total: 4431900 ns
[2020-08-27T11:17:09.385+0000][21728][gc,marking   ] GC(528) Concurrent Clear Claimed Marks
[2020-08-27T11:17:09.385+0000][21728][gc,marking   ] GC(528) Concurrent Clear Claimed Marks 0.436ms
[2020-08-27T11:17:09.385+0000][21728][gc,marking   ] GC(528) Concurrent Scan Root Regions
[2020-08-27T11:17:09.387+0000][21728][gc,marking   ] GC(528) Concurrent Scan Root Regions 2.056ms
[2020-08-27T11:17:09.387+0000][21728][gc,marking   ] GC(528) Concurrent Mark (147.343s)
[2020-08-27T11:17:09.387+0000][21728][gc,marking   ] GC(528) Concurrent Mark From Roots
[2020-08-27T11:17:09.387+0000][21728][gc,task      ] GC(528) Using 2 workers of 2 for marking
[2020-08-27T11:17:09.510+0000][21728][gc,marking   ] GC(528) Concurrent Mark From Roots 122.232ms
[2020-08-27T11:17:09.510+0000][21728][gc,marking   ] GC(528) Concurrent Preclean
[2020-08-27T11:17:09.510+0000][21728][gc,marking   ] GC(528) Concurrent Preclean 0.625ms
[2020-08-27T11:17:09.510+0000][21728][gc,marking   ] GC(528) Concurrent Mark (147.343s, 147.466s) 123.030ms
[2020-08-27T11:17:09.511+0000][21728][gc,start     ] GC(528) Pause Remark
[2020-08-27T11:17:09.516+0000][21728][gc           ] GC(528) Pause Remark 320M->320M(1024M) 5.251ms
[2020-08-27T11:17:09.516+0000][21728][gc,cpu       ] GC(528) User=0.00s Sys=0.00s Real=0.01s
[2020-08-27T11:17:09.516+0000][21728][safepoint    ] Safepoint "G1Concurrent", Time since last: 125847300 ns, Reaching safepoint: 200500 ns, At safepoint: 5523100 ns, Total: 5723600 ns
[2020-08-27T11:17:09.516+0000][21728][gc,marking   ] GC(528) Concurrent Rebuild Remembered Sets
[2020-08-27T11:17:09.596+0000][21728][gc,marking   ] GC(528) Concurrent Rebuild Remembered Sets 79.596ms
[2020-08-27T11:17:09.596+0000][21728][gc,start     ] GC(528) Pause Cleanup
[2020-08-27T11:17:09.596+0000][21728][gc           ] GC(528) Pause Cleanup 389M->389M(1024M) 0.324ms
[2020-08-27T11:17:09.597+0000][21728][gc,cpu       ] GC(528) User=0.00s Sys=0.00s Real=0.00s
[2020-08-27T11:17:09.597+0000][21728][safepoint    ] Safepoint "G1Concurrent", Time since last: 79788500 ns, Reaching safepoint: 149900 ns, At safepoint: 473000 ns, Total: 622900 ns
[2020-08-27T11:17:09.597+0000][21728][gc,marking   ] GC(528) Concurrent Cleanup for Next Mark
[2020-08-27T11:17:09.598+0000][21728][gc,marking   ] GC(528) Concurrent Cleanup for Next Mark 1.410ms
[2020-08-27T11:17:09.598+0000][21728][gc           ] GC(528) Concurrent Cycle 213.555ms
[2020-08-27T11:17:09.702+0000][21728][gc,start     ] GC(529) Pause Young (Concurrent Start) (G1 Humongous Allocation)
[2020-08-27T11:17:09.702+0000][21728][gc,task      ] GC(529) Using 8 workers of 8 for evacuation
[2020-08-27T11:17:09.702+0000][21728][gc,age       ] GC(529) Desired survivor size 33554432 bytes, new threshold 15 (max threshold 15)
[2020-08-27T11:17:09.704+0000][21728][gc,age       ] GC(529) Age table with threshold 15 (max threshold 15)
[2020-08-27T11:17:09.704+0000][21728][gc,age       ] GC(529) - age   1:    1027440 bytes,    1027440 total
[2020-08-27T11:17:09.705+0000][21728][gc,age       ] GC(529) - age   2:      29808 bytes,    1057248 total
[2020-08-27T11:17:09.705+0000][21728][gc,age       ] GC(529) - age   3:       2520 bytes,    1059768 total
[2020-08-27T11:17:09.705+0000][21728][gc,age       ] GC(529) - age   4:        656 bytes,    1060424 total
[2020-08-27T11:17:09.705+0000][21728][gc,age       ] GC(529) - age   5:        360 bytes,    1060784 total
[2020-08-27T11:17:09.705+0000][21728][gc,age       ] GC(529) - age   6:       4288 bytes,    1065072 total
[2020-08-27T11:17:09.705+0000][21728][gc,age       ] GC(529) - age   7:        568 bytes,    1065640 total
[2020-08-27T11:17:09.705+0000][21728][gc,age       ] GC(529) - age   8:        112 bytes,    1065752 total
[2020-08-27T11:17:09.705+0000][21728][gc,age       ] GC(529) - age   9:       1872 bytes,    1067624 total
[2020-08-27T11:17:09.705+0000][21728][gc,age       ] GC(529) - age  10:       5520 bytes,    1073144 total
[2020-08-27T11:17:09.705+0000][21728][gc,age       ] GC(529) - age  11:      99984 bytes,    1173128 total
[2020-08-27T11:17:09.705+0000][21728][gc,age       ] GC(529) - age  12:        480 bytes,    1173608 total
[2020-08-27T11:17:09.705+0000][21728][gc,age       ] GC(529) - age  13:        624 bytes,    1174232 total
[2020-08-27T11:17:09.705+0000][21728][gc,age       ] GC(529) - age  14:       6752 bytes,    1180984 total
[2020-08-27T11:17:09.705+0000][21728][gc,age       ] GC(529) - age  15:       9944 bytes,    1190928 total
[2020-08-27T11:17:09.705+0000][21728][gc,phases    ] GC(529)   Pre Evacuate Collection Set: 0.3ms
[2020-08-27T11:17:09.705+0000][21728][gc,phases    ] GC(529)   Merge Heap Roots: 0.1ms
[2020-08-27T11:17:09.705+0000][21728][gc,phases    ] GC(529)   Evacuate Collection Set: 1.7ms
[2020-08-27T11:17:09.705+0000][21728][gc,phases    ] GC(529)   Post Evacuate Collection Set: 0.6ms
[2020-08-27T11:17:09.705+0000][21728][gc,phases    ] GC(529)   Other: 0.7ms
[2020-08-27T11:17:09.705+0000][21728][gc,heap      ] GC(529) Eden regions: 36->0(505)
[2020-08-27T11:17:09.705+0000][21728][gc,heap      ] GC(529) Survivor regions: 3->2(64)
[2020-08-27T11:17:09.705+0000][21728][gc,heap      ] GC(529) Old regions: 81->81
[2020-08-27T11:17:09.705+0000][21728][gc,heap      ] GC(529) Archive regions: 0->0
[2020-08-27T11:17:09.705+0000][21728][gc,heap      ] GC(529) Humongous regions: 278->174
[2020-08-27T11:17:09.705+0000][21728][gc,metaspace ] GC(529) Metaspace: 88626K(94720K)->88626K(94720K) NonClass: 77368K(80896K)->77368K(80896K) Class: 11257K(13824K)->11257K(13824K)
[2020-08-27T11:17:09.705+0000][21728][gc           ] GC(529) Pause Young (Concurrent Start) (G1 Humongous Allocation) 396M->255M(1024M) 3.602ms
[2020-08-27T11:17:09.705+0000][21728][gc,cpu       ] GC(529) User=0.03s Sys=0.00s Real=0.00s
[2020-08-27T11:17:09.705+0000][21728][safepoint    ] Safepoint "G1TryInitiateConcMark", Time since last: 104734100 ns, Reaching safepoint: 123800 ns, At safepoint: 3766000 ns, Total: 3889800 ns
[2020-08-27T11:17:09.705+0000][21728][gc           ] GC(530) Concurrent Cycle
[2020-08-27T11:17:09.705+0000][21728][gc,marking   ] GC(530) Concurrent Clear Claimed Marks
[2020-08-27T11:17:09.706+0000][21728][gc,marking   ] GC(530) Concurrent Clear Claimed Marks 0.517ms
[2020-08-27T11:17:09.706+0000][21728][gc,marking   ] GC(530) Concurrent Scan Root Regions
[2020-08-27T11:17:09.707+0000][21728][gc,marking   ] GC(530) Concurrent Scan Root Regions 1.331ms
[2020-08-27T11:17:09.707+0000][21728][gc,marking   ] GC(530) Concurrent Mark (147.663s)
[2020-08-27T11:17:09.707+0000][21728][gc,marking   ] GC(530) Concurrent Mark From Roots
[2020-08-27T11:17:09.707+0000][21728][gc,task      ] GC(530) Using 2 workers of 2 for marking
[2020-08-27T11:17:09.818+0000][21728][gc,marking   ] GC(530) Concurrent Mark From Roots 110.543ms
[2020-08-27T11:17:09.818+0000][21728][gc,marking   ] GC(530) Concurrent Preclean
[2020-08-27T11:17:09.818+0000][21728][gc,marking   ] GC(530) Concurrent Preclean 0.322ms
[2020-08-27T11:17:09.818+0000][21728][gc,marking   ] GC(530) Concurrent Mark (147.663s, 147.774s) 110.984ms
[2020-08-27T11:17:09.818+0000][21728][gc,start     ] GC(530) Pause Remark
[2020-08-27T11:17:09.824+0000][21728][gc           ] GC(530) Pause Remark 270M->270M(1024M) 5.120ms
[2020-08-27T11:17:09.824+0000][21728][gc,cpu       ] GC(530) User=0.00s Sys=0.00s Real=0.01s
[2020-08-27T11:17:09.824+0000][21728][safepoint    ] Safepoint "G1Concurrent", Time since last: 113105500 ns, Reaching safepoint: 126200 ns, At safepoint: 5289400 ns, Total: 5415600 ns
[2020-08-27T11:17:09.824+0000][21728][gc,marking   ] GC(530) Concurrent Rebuild Remembered Sets
[2020-08-27T11:17:09.895+0000][21728][gc,marking   ] GC(530) Concurrent Rebuild Remembered Sets 71.603ms
[2020-08-27T11:17:09.896+0000][21728][gc,start     ] GC(530) Pause Cleanup
[2020-08-27T11:17:09.896+0000][21728][gc           ] GC(530) Pause Cleanup 288M->288M(1024M) 0.228ms
[2020-08-27T11:17:09.896+0000][21728][gc,cpu       ] GC(530) User=0.00s Sys=0.00s Real=0.00s
[2020-08-27T11:17:09.896+0000][21728][safepoint    ] Safepoint "G1Concurrent", Time since last: 71789300 ns, Reaching safepoint: 140600 ns, At safepoint: 337000 ns, Total: 477600 ns
[2020-08-27T11:17:09.896+0000][21728][gc,marking   ] GC(530) Concurrent Cleanup for Next Mark
[2020-08-27T11:17:09.897+0000][21728][gc,marking   ] GC(530) Concurrent Cleanup for Next Mark 1.422ms
[2020-08-27T11:17:09.898+0000][21728][gc           ] GC(530) Concurrent Cycle 192.366ms
[2020-08-27T11:17:10.021+0000][21728][gc,start     ] GC(531) Pause Young (Concurrent Start) (G1 Humongous Allocation)
[2020-08-27T11:17:10.021+0000][21728][gc,task      ] GC(531) Using 8 workers of 8 for evacuation
[2020-08-27T11:17:10.021+0000][21728][gc,age       ] GC(531) Desired survivor size 33554432 bytes, new threshold 15 (max threshold 15)
[2020-08-27T11:17:10.024+0000][21728][gc,age       ] GC(531) Age table with threshold 15 (max threshold 15)
[2020-08-27T11:17:10.024+0000][21728][gc,age       ] GC(531) - age   1:    1911304 bytes,    1911304 total
[2020-08-27T11:17:10.024+0000][21728][gc,age       ] GC(531) - age   2:     403872 bytes,    2315176 total
[2020-08-27T11:17:10.024+0000][21728][gc,age       ] GC(531) - age   3:      28976 bytes,    2344152 total
[2020-08-27T11:17:10.024+0000][21728][gc,age       ] GC(531) - age   4:       1272 bytes,    2345424 total
[2020-08-27T11:17:10.024+0000][21728][gc,age       ] GC(531) - age   5:        560 bytes,    2345984 total
[2020-08-27T11:17:10.024+0000][21728][gc,age       ] GC(531) - age   6:        296 bytes,    2346280 total
[2020-08-27T11:17:10.024+0000][21728][gc,age       ] GC(531) - age   7:       1544 bytes,    2347824 total
[2020-08-27T11:17:10.024+0000][21728][gc,age       ] GC(531) - age   8:        512 bytes,    2348336 total
[2020-08-27T11:17:10.024+0000][21728][gc,age       ] GC(531) - age   9:        112 bytes,    2348448 total
[2020-08-27T11:17:10.024+0000][21728][gc,age       ] GC(531) - age  10:       1808 bytes,    2350256 total
[2020-08-27T11:17:10.024+0000][21728][gc,age       ] GC(531) - age  11:       5520 bytes,    2355776 total
[2020-08-27T11:17:10.024+0000][21728][gc,age       ] GC(531) - age  12:      99984 bytes,    2455760 total
[2020-08-27T11:17:10.024+0000][21728][gc,age       ] GC(531) - age  13:        480 bytes,    2456240 total
[2020-08-27T11:17:10.024+0000][21728][gc,age       ] GC(531) - age  14:        560 bytes,    2456800 total
[2020-08-27T11:17:10.024+0000][21728][gc,age       ] GC(531) - age  15:       6376 bytes,    2463176 total
[2020-08-27T11:17:10.025+0000][21728][gc,phases    ] GC(531)   Pre Evacuate Collection Set: 0.4ms
[2020-08-27T11:17:10.025+0000][21728][gc,phases    ] GC(531)   Merge Heap Roots: 0.1ms
[2020-08-27T11:17:10.025+0000][21728][gc,phases    ] GC(531)   Evacuate Collection Set: 2.0ms
[2020-08-27T11:17:10.025+0000][21728][gc,phases    ] GC(531)   Post Evacuate Collection Set: 0.6ms
[2020-08-27T11:17:10.025+0000][21728][gc,phases    ] GC(531)   Other: 0.7ms
[2020-08-27T11:17:10.025+0000][21728][gc,heap      ] GC(531) Eden regions: 23->0(504)
[2020-08-27T11:17:10.025+0000][21728][gc,heap      ] GC(531) Survivor regions: 2->3(64)
[2020-08-27T11:17:10.025+0000][21728][gc,heap      ] GC(531) Old regions: 81->81
[2020-08-27T11:17:10.025+0000][21728][gc,heap      ] GC(531) Archive regions: 0->0
[2020-08-27T11:17:10.025+0000][21728][gc,heap      ] GC(531) Humongous regions: 226->174
[2020-08-27T11:17:10.025+0000][21728][gc,metaspace ] GC(531) Metaspace: 88626K(94720K)->88626K(94720K) NonClass: 77368K(80896K)->77368K(80896K) Class: 11257K(13824K)->11257K(13824K)
[2020-08-27T11:17:10.025+0000][21728][gc           ] GC(531) Pause Young (Concurrent Start) (G1 Humongous Allocation) 330M->256M(1024M) 4.039ms
[2020-08-27T11:17:10.025+0000][21728][gc,cpu       ] GC(531) User=0.00s Sys=0.00s Real=0.00s
[2020-08-27T11:17:10.025+0000][21728][safepoint    ] Safepoint "G1TryInitiateConcMark", Time since last: 124534300 ns, Reaching safepoint: 170300 ns, At safepoint: 4195900 ns, Total: 4366200 ns
[2020-08-27T11:17:10.025+0000][21728][gc           ] GC(532) Concurrent Cycle
[2020-08-27T11:17:10.025+0000][21728][gc,marking   ] GC(532) Concurrent Clear Claimed Marks
[2020-08-27T11:17:10.025+0000][21728][gc,marking   ] GC(532) Concurrent Clear Claimed Marks 0.399ms
[2020-08-27T11:17:10.025+0000][21728][gc,marking   ] GC(532) Concurrent Scan Root Regions
[2020-08-27T11:17:10.029+0000][21728][gc,marking   ] GC(532) Concurrent Scan Root Regions 3.319ms
[2020-08-27T11:17:10.029+0000][21728][gc,marking   ] GC(532) Concurrent Mark (147.985s)
[2020-08-27T11:17:10.029+0000][21728][gc,marking   ] GC(532) Concurrent Mark From Roots
[2020-08-27T11:17:10.029+0000][21728][gc,task      ] GC(532) Using 2 workers of 2 for marking
[2020-08-27T11:17:10.144+0000][21728][gc,marking   ] GC(532) Concurrent Mark From Roots 114.886ms
[2020-08-27T11:17:10.144+0000][21728][gc,marking   ] GC(532) Concurrent Preclean
[2020-08-27T11:17:10.146+0000][21728][gc,marking   ] GC(532) Concurrent Preclean 1.333ms
[2020-08-27T11:17:10.146+0000][21728][gc,marking   ] GC(532) Concurrent Mark (147.985s, 148.102s) 116.651ms
[2020-08-27T11:17:10.146+0000][21728][gc,start     ] GC(532) Pause Remark
[2020-08-27T11:17:10.152+0000][21728][gc           ] GC(532) Pause Remark 290M->290M(1024M) 6.666ms
[2020-08-27T11:17:10.153+0000][21728][gc,cpu       ] GC(532) User=0.00s Sys=0.00s Real=0.01s
[2020-08-27T11:17:10.153+0000][21728][safepoint    ] Safepoint "G1Concurrent", Time since last: 120658800 ns, Reaching safepoint: 160000 ns, At safepoint: 6905000 ns, Total: 7065000 ns
[2020-08-27T11:17:10.153+0000][21728][gc,marking   ] GC(532) Concurrent Rebuild Remembered Sets
[2020-08-27T11:17:10.222+0000][21728][gc,marking   ] GC(532) Concurrent Rebuild Remembered Sets 69.405ms
[2020-08-27T11:17:10.222+0000][21728][gc,start     ] GC(532) Pause Cleanup
[2020-08-27T11:17:10.223+0000][21728][gc           ] GC(532) Pause Cleanup 362M->362M(1024M) 0.230ms
[2020-08-27T11:17:10.223+0000][21728][gc,cpu       ] GC(532) User=0.00s Sys=0.00s Real=0.00s
[2020-08-27T11:17:10.223+0000][21728][safepoint    ] Safepoint "G1Concurrent", Time since last: 69540700 ns, Reaching safepoint: 125100 ns, At safepoint: 335700 ns, Total: 460800 ns
[2020-08-27T11:17:10.223+0000][21728][gc,marking   ] GC(532) Concurrent Cleanup for Next Mark
[2020-08-27T11:17:10.224+0000][21728][gc,marking   ] GC(532) Concurrent Cleanup for Next Mark 1.461ms
[2020-08-27T11:17:10.224+0000][21728][gc           ] GC(532) Concurrent Cycle 199.334ms
[2020-08-27T11:17:10.670+0000][21728][gc,start     ] GC(533) Pause Young (Concurrent Start) (G1 Humongous Allocation)
[2020-08-27T11:17:10.670+0000][21728][gc,task      ] GC(533) Using 8 workers of 8 for evacuation
[2020-08-27T11:17:10.670+0000][21728][gc,age       ] GC(533) Desired survivor size 33554432 bytes, new threshold 15 (max threshold 15)
[2020-08-27T11:17:10.673+0000][21728][gc,age       ] GC(533) Age table with threshold 15 (max threshold 15)
[2020-08-27T11:17:10.673+0000][21728][gc,age       ] GC(533) - age   1:    2693408 bytes,    2693408 total
[2020-08-27T11:17:10.673+0000][21728][gc,age       ] GC(533) - age   2:       2504 bytes,    2695912 total
[2020-08-27T11:17:10.673+0000][21728][gc,age       ] GC(533) - age   3:       1704 bytes,    2697616 total
[2020-08-27T11:17:10.673+0000][21728][gc,age       ] GC(533) - age   4:      25352 bytes,    2722968 total
[2020-08-27T11:17:10.673+0000][21728][gc,age       ] GC(533) - age   5:       1240 bytes,    2724208 total
[2020-08-27T11:17:10.673+0000][21728][gc,age       ] GC(533) - age   6:        432 bytes,    2724640 total
[2020-08-27T11:17:10.673+0000][21728][gc,age       ] GC(533) - age   7:        200 bytes,    2724840 total
[2020-08-27T11:17:10.673+0000][21728][gc,age       ] GC(533) - age   8:       1328 bytes,    2726168 total
[2020-08-27T11:17:10.673+0000][21728][gc,age       ] GC(533) - age   9:        512 bytes,    2726680 total
[2020-08-27T11:17:10.673+0000][21728][gc,age       ] GC(533) - age  10:        112 bytes,    2726792 total
[2020-08-27T11:17:10.673+0000][21728][gc,age       ] GC(533) - age  11:       1744 bytes,    2728536 total
[2020-08-27T11:17:10.673+0000][21728][gc,age       ] GC(533) - age  12:       5520 bytes,    2734056 total
[2020-08-27T11:17:10.673+0000][21728][gc,age       ] GC(533) - age  13:      99984 bytes,    2834040 total
[2020-08-27T11:17:10.673+0000][21728][gc,age       ] GC(533) - age  14:        384 bytes,    2834424 total
[2020-08-27T11:17:10.673+0000][21728][gc,age       ] GC(533) - age  15:        528 bytes,    2834952 total
[2020-08-27T11:17:10.673+0000][21728][gc,phases    ] GC(533)   Pre Evacuate Collection Set: 0.3ms
[2020-08-27T11:17:10.673+0000][21728][gc,phases    ] GC(533)   Merge Heap Roots: 0.1ms
[2020-08-27T11:17:10.673+0000][21728][gc,phases    ] GC(533)   Evacuate Collection Set: 1.9ms
[2020-08-27T11:17:10.673+0000][21728][gc,phases    ] GC(533)   Post Evacuate Collection Set: 0.5ms
[2020-08-27T11:17:10.673+0000][21728][gc,phases    ] GC(533)   Other: 0.7ms
[2020-08-27T11:17:10.673+0000][21728][gc,heap      ] GC(533) Eden regions: 49->0(504)
[2020-08-27T11:17:10.673+0000][21728][gc,heap      ] GC(533) Survivor regions: 3->3(64)
[2020-08-27T11:17:10.673+0000][21728][gc,heap      ] GC(533) Old regions: 81->81
[2020-08-27T11:17:10.673+0000][21728][gc,heap      ] GC(533) Archive regions: 0->0
[2020-08-27T11:17:10.673+0000][21728][gc,heap      ] GC(533) Humongous regions: 256->174
[2020-08-27T11:17:10.674+0000][21728][gc,metaspace ] GC(533) Metaspace: 88690K(94720K)->88690K(94720K) NonClass: 77431K(80896K)->77431K(80896K) Class: 11258K(13824K)->11258K(13824K)
[2020-08-27T11:17:10.674+0000][21728][gc           ] GC(533) Pause Young (Concurrent Start) (G1 Humongous Allocation) 387M->257M(1024M) 3.742ms
[2020-08-27T11:17:10.674+0000][21728][gc,cpu       ] GC(533) User=0.13s Sys=0.00s Real=0.00s
[2020-08-27T11:17:10.674+0000][21728][safepoint    ] Safepoint "G1TryInitiateConcMark", Time since last: 446980800 ns, Reaching safepoint: 159100 ns, At safepoint: 3885600 ns, Total: 4044700 ns
[2020-08-27T11:17:10.674+0000][21728][gc           ] GC(534) Concurrent Cycle
[2020-08-27T11:17:10.674+0000][21728][gc,marking   ] GC(534) Concurrent Clear Claimed Marks
[2020-08-27T11:17:10.674+0000][21728][gc,marking   ] GC(534) Concurrent Clear Claimed Marks 0.384ms
[2020-08-27T11:17:10.674+0000][21728][gc,marking   ] GC(534) Concurrent Scan Root Regions
[2020-08-27T11:17:10.676+0000][21728][gc,marking   ] GC(534) Concurrent Scan Root Regions 1.788ms
[2020-08-27T11:17:10.676+0000][21728][gc,marking   ] GC(534) Concurrent Mark (148.632s)
[2020-08-27T11:17:10.676+0000][21728][gc,marking   ] GC(534) Concurrent Mark From Roots
[2020-08-27T11:17:10.676+0000][21728][gc,task      ] GC(534) Using 2 workers of 2 for marking
[2020-08-27T11:17:10.815+0000][21728][gc,marking   ] GC(534) Concurrent Mark From Roots 138.863ms
[2020-08-27T11:17:10.815+0000][21728][gc,marking   ] GC(534) Concurrent Preclean
[2020-08-27T11:17:10.815+0000][21728][gc,marking   ] GC(534) Concurrent Preclean 0.374ms
[2020-08-27T11:17:10.815+0000][21728][gc,marking   ] GC(534) Concurrent Mark (148.632s, 148.772s) 139.348ms
[2020-08-27T11:17:10.816+0000][21728][gc,start     ] GC(534) Pause Remark
[2020-08-27T11:17:10.821+0000][21728][gc           ] GC(534) Pause Remark 320M->320M(1024M) 5.745ms
[2020-08-27T11:17:10.821+0000][21728][gc,cpu       ] GC(534) User=0.00s Sys=0.00s Real=0.01s
[2020-08-27T11:17:10.822+0000][21728][safepoint    ] Safepoint "G1Concurrent", Time since last: 141813400 ns, Reaching safepoint: 162300 ns, At safepoint: 5956500 ns, Total: 6118800 ns
[2020-08-27T11:17:10.822+0000][21728][gc,marking   ] GC(534) Concurrent Rebuild Remembered Sets
[2020-08-27T11:17:10.902+0000][21728][gc,marking   ] GC(534) Concurrent Rebuild Remembered Sets 80.798ms
[2020-08-27T11:17:10.903+0000][21728][gc,start     ] GC(534) Pause Cleanup
[2020-08-27T11:17:10.903+0000][21728][gc           ] GC(534) Pause Cleanup 389M->389M(1024M) 0.252ms
[2020-08-27T11:17:10.903+0000][21728][gc,cpu       ] GC(534) User=0.00s Sys=0.00s Real=0.00s
[2020-08-27T11:17:10.903+0000][21728][safepoint    ] Safepoint "G1Concurrent", Time since last: 80954500 ns, Reaching safepoint: 137000 ns, At safepoint: 390700 ns, Total: 527700 ns
[2020-08-27T11:17:10.903+0000][21728][gc,marking   ] GC(534) Concurrent Cleanup for Next Mark
[2020-08-27T11:17:10.904+0000][21728][gc,marking   ] GC(534) Concurrent Cleanup for Next Mark 1.117ms
[2020-08-27T11:17:10.904+0000][21728][gc           ] GC(534) Concurrent Cycle 230.655ms
[2020-08-27T11:17:11.009+0000][21728][gc,start     ] GC(535) Pause Young (Concurrent Start) (G1 Humongous Allocation)
[2020-08-27T11:17:11.009+0000][21728][gc,task      ] GC(535) Using 8 workers of 8 for evacuation
[2020-08-27T11:17:11.009+0000][21728][gc,age       ] GC(535) Desired survivor size 33554432 bytes, new threshold 15 (max threshold 15)
[2020-08-27T11:17:11.012+0000][21728][gc,age       ] GC(535) Age table with threshold 15 (max threshold 15)
[2020-08-27T11:17:11.012+0000][21728][gc,age       ] GC(535) - age   1:    1027792 bytes,    1027792 total
[2020-08-27T11:17:11.012+0000][21728][gc,age       ] GC(535) - age   2:      17120 bytes,    1044912 total
[2020-08-27T11:17:11.012+0000][21728][gc,age       ] GC(535) - age   3:       1512 bytes,    1046424 total
[2020-08-27T11:17:11.012+0000][21728][gc,age       ] GC(535) - age   4:        936 bytes,    1047360 total
[2020-08-27T11:17:11.012+0000][21728][gc,age       ] GC(535) - age   5:      25320 bytes,    1072680 total
[2020-08-27T11:17:11.012+0000][21728][gc,age       ] GC(535) - age   6:       1144 bytes,    1073824 total
[2020-08-27T11:17:11.012+0000][21728][gc,age       ] GC(535) - age   7:        432 bytes,    1074256 total
[2020-08-27T11:17:11.012+0000][21728][gc,age       ] GC(535) - age   8:        200 bytes,    1074456 total
[2020-08-27T11:17:11.012+0000][21728][gc,age       ] GC(535) - age   9:       1328 bytes,    1075784 total
[2020-08-27T11:17:11.012+0000][21728][gc,age       ] GC(535) - age  10:        448 bytes,    1076232 total
[2020-08-27T11:17:11.012+0000][21728][gc,age       ] GC(535) - age  11:        112 bytes,    1076344 total
[2020-08-27T11:17:11.012+0000][21728][gc,age       ] GC(535) - age  12:       1744 bytes,    1078088 total
[2020-08-27T11:17:11.012+0000][21728][gc,age       ] GC(535) - age  13:       5520 bytes,    1083608 total
[2020-08-27T11:17:11.012+0000][21728][gc,age       ] GC(535) - age  14:      99984 bytes,    1183592 total
[2020-08-27T11:17:11.012+0000][21728][gc,age       ] GC(535) - age  15:        384 bytes,    1183976 total
[2020-08-27T11:17:11.012+0000][21728][gc,phases    ] GC(535)   Pre Evacuate Collection Set: 0.4ms
[2020-08-27T11:17:11.012+0000][21728][gc,phases    ] GC(535)   Merge Heap Roots: 0.1ms
[2020-08-27T11:17:11.012+0000][21728][gc,phases    ] GC(535)   Evacuate Collection Set: 1.8ms
[2020-08-27T11:17:11.013+0000][21728][gc,phases    ] GC(535)   Post Evacuate Collection Set: 0.8ms
[2020-08-27T11:17:11.013+0000][21728][gc,phases    ] GC(535)   Other: 0.7ms
[2020-08-27T11:17:11.013+0000][21728][gc,heap      ] GC(535) Eden regions: 35->0(505)
[2020-08-27T11:17:11.013+0000][21728][gc,heap      ] GC(535) Survivor regions: 3->2(64)
[2020-08-27T11:17:11.013+0000][21728][gc,heap      ] GC(535) Old regions: 81->81
[2020-08-27T11:17:11.013+0000][21728][gc,heap      ] GC(535) Archive regions: 0->0
[2020-08-27T11:17:11.013+0000][21728][gc,heap      ] GC(535) Humongous regions: 278->174
[2020-08-27T11:17:11.013+0000][21728][gc,metaspace ] GC(535) Metaspace: 88690K(94720K)->88690K(94720K) NonClass: 77431K(80896K)->77431K(80896K) Class: 11258K(13824K)->11258K(13824K)
[2020-08-27T11:17:11.013+0000][21728][gc           ] GC(535) Pause Young (Concurrent Start) (G1 Humongous Allocation) 395M->255M(1024M) 4.172ms
[2020-08-27T11:17:11.013+0000][21728][gc,cpu       ] GC(535) User=0.00s Sys=0.00s Real=0.00s
[2020-08-27T11:17:11.013+0000][21728][gc           ] GC(536) Concurrent Cycle
[2020-08-27T11:17:11.013+0000][21728][safepoint    ] Safepoint "G1TryInitiateConcMark", Time since last: 105406400 ns, Reaching safepoint: 140700 ns, At safepoint: 4331300 ns, Total: 4472000 ns
[2020-08-27T11:17:11.013+0000][21728][gc,marking   ] GC(536) Concurrent Clear Claimed Marks
[2020-08-27T11:17:11.013+0000][21728][gc,marking   ] GC(536) Concurrent Clear Claimed Marks 0.463ms
[2020-08-27T11:17:11.014+0000][21728][gc,marking   ] GC(536) Concurrent Scan Root Regions
[2020-08-27T11:17:11.015+0000][21728][gc,marking   ] GC(536) Concurrent Scan Root Regions 1.816ms
[2020-08-27T11:17:11.015+0000][21728][gc,marking   ] GC(536) Concurrent Mark (148.972s)
[2020-08-27T11:17:11.015+0000][21728][gc,marking   ] GC(536) Concurrent Mark From Roots
[2020-08-27T11:17:11.015+0000][21728][gc,task      ] GC(536) Using 2 workers of 2 for marking
[2020-08-27T11:17:11.123+0000][21728][gc,marking   ] GC(536) Concurrent Mark From Roots 107.683ms
[2020-08-27T11:17:11.123+0000][21728][gc,marking   ] GC(536) Concurrent Preclean
[2020-08-27T11:17:11.124+0000][21728][gc,marking   ] GC(536) Concurrent Preclean 0.363ms
[2020-08-27T11:17:11.124+0000][21728][gc,marking   ] GC(536) Concurrent Mark (148.972s, 149.080s) 108.156ms
[2020-08-27T11:17:11.124+0000][21728][gc,start     ] GC(536) Pause Remark
[2020-08-27T11:17:11.130+0000][21728][gc           ] GC(536) Pause Remark 271M->271M(1024M) 6.324ms
[2020-08-27T11:17:11.130+0000][21728][gc,cpu       ] GC(536) User=0.11s Sys=0.00s Real=0.01s
[2020-08-27T11:17:11.130+0000][21728][safepoint    ] Safepoint "G1Concurrent", Time since last: 110677800 ns, Reaching safepoint: 166100 ns, At safepoint: 6546600 ns, Total: 6712700 ns
[2020-08-27T11:17:11.130+0000][21728][gc,marking   ] GC(536) Concurrent Rebuild Remembered Sets
[2020-08-27T11:17:11.217+0000][21728][gc,marking   ] GC(536) Concurrent Rebuild Remembered Sets 86.839ms
[2020-08-27T11:17:11.217+0000][21728][gc,start     ] GC(536) Pause Cleanup
[2020-08-27T11:17:11.218+0000][21728][gc           ] GC(536) Pause Cleanup 289M->289M(1024M) 0.961ms
[2020-08-27T11:17:11.218+0000][21728][gc,cpu       ] GC(536) User=0.00s Sys=0.00s Real=0.00s
[2020-08-27T11:17:11.218+0000][21728][safepoint    ] Safepoint "G1Concurrent", Time since last: 87038600 ns, Reaching safepoint: 402800 ns, At safepoint: 1199300 ns, Total: 1602100 ns
[2020-08-27T11:17:11.219+0000][21728][gc,marking   ] GC(536) Concurrent Cleanup for Next Mark
[2020-08-27T11:17:11.220+0000][21728][gc,marking   ] GC(536) Concurrent Cleanup for Next Mark 1.855ms
[2020-08-27T11:17:11.221+0000][21728][gc           ] GC(536) Concurrent Cycle 208.114ms
[2020-08-27T11:17:11.347+0000][21728][gc,start     ] GC(537) Pause Young (Concurrent Start) (G1 Humongous Allocation)
[2020-08-27T11:17:11.347+0000][21728][gc,task      ] GC(537) Using 8 workers of 8 for evacuation
[2020-08-27T11:17:11.347+0000][21728][gc,age       ] GC(537) Desired survivor size 33554432 bytes, new threshold 15 (max threshold 15)
[2020-08-27T11:17:11.350+0000][21728][gc,age       ] GC(537) Age table with threshold 15 (max threshold 15)
[2020-08-27T11:17:11.350+0000][21728][gc,age       ] GC(537) - age   1:    1911120 bytes,    1911120 total
[2020-08-27T11:17:11.350+0000][21728][gc,age       ] GC(537) - age   2:     404016 bytes,    2315136 total
[2020-08-27T11:17:11.350+0000][21728][gc,age       ] GC(537) - age   3:      13536 bytes,    2328672 total
[2020-08-27T11:17:11.350+0000][21728][gc,age       ] GC(537) - age   4:       1312 bytes,    2329984 total
[2020-08-27T11:17:11.350+0000][21728][gc,age       ] GC(537) - age   5:        712 bytes,    2330696 total
[2020-08-27T11:17:11.350+0000][21728][gc,age       ] GC(537) - age   6:      22416 bytes,    2353112 total
[2020-08-27T11:17:11.350+0000][21728][gc,age       ] GC(537) - age   7:        792 bytes,    2353904 total
[2020-08-27T11:17:11.350+0000][21728][gc,age       ] GC(537) - age   8:        360 bytes,    2354264 total
[2020-08-27T11:17:11.351+0000][21728][gc,age       ] GC(537) - age   9:        168 bytes,    2354432 total
[2020-08-27T11:17:11.351+0000][21728][gc,age       ] GC(537) - age  10:       1264 bytes,    2355696 total
[2020-08-27T11:17:11.351+0000][21728][gc,age       ] GC(537) - age  11:        256 bytes,    2355952 total
[2020-08-27T11:17:11.351+0000][21728][gc,age       ] GC(537) - age  12:        112 bytes,    2356064 total
[2020-08-27T11:17:11.351+0000][21728][gc,age       ] GC(537) - age  13:       1744 bytes,    2357808 total
[2020-08-27T11:17:11.351+0000][21728][gc,age       ] GC(537) - age  14:       5520 bytes,    2363328 total
[2020-08-27T11:17:11.351+0000][21728][gc,age       ] GC(537) - age  15:      99984 bytes,    2463312 total
[2020-08-27T11:17:11.351+0000][21728][gc,phases    ] GC(537)   Pre Evacuate Collection Set: 0.4ms
[2020-08-27T11:17:11.351+0000][21728][gc,phases    ] GC(537)   Merge Heap Roots: 0.1ms
[2020-08-27T11:17:11.351+0000][21728][gc,phases    ] GC(537)   Evacuate Collection Set: 2.0ms
[2020-08-27T11:17:11.351+0000][21728][gc,phases    ] GC(537)   Post Evacuate Collection Set: 0.7ms
[2020-08-27T11:17:11.351+0000][21728][gc,phases    ] GC(537)   Other: 0.8ms
[2020-08-27T11:17:11.351+0000][21728][gc,heap      ] GC(537) Eden regions: 24->0(504)
[2020-08-27T11:17:11.351+0000][21728][gc,heap      ] GC(537) Survivor regions: 2->3(64)
[2020-08-27T11:17:11.351+0000][21728][gc,heap      ] GC(537) Old regions: 81->81
[2020-08-27T11:17:11.351+0000][21728][gc,heap      ] GC(537) Archive regions: 0->0
[2020-08-27T11:17:11.351+0000][21728][gc,heap      ] GC(537) Humongous regions: 226->174
[2020-08-27T11:17:11.351+0000][21728][gc,metaspace ] GC(537) Metaspace: 88690K(94720K)->88690K(94720K) NonClass: 77431K(80896K)->77431K(80896K) Class: 11258K(13824K)->11258K(13824K)
[2020-08-27T11:17:11.351+0000][21728][gc           ] GC(537) Pause Young (Concurrent Start) (G1 Humongous Allocation) 331M->256M(1024M) 4.183ms
[2020-08-27T11:17:11.351+0000][21728][gc,cpu       ] GC(537) User=0.00s Sys=0.00s Real=0.00s
[2020-08-27T11:17:11.351+0000][21728][gc           ] GC(538) Concurrent Cycle
[2020-08-27T11:17:11.351+0000][21728][safepoint    ] Safepoint "G1TryInitiateConcMark", Time since last: 128015500 ns, Reaching safepoint: 280400 ns, At safepoint: 4386200 ns, Total: 4666600 ns
[2020-08-27T11:17:11.351+0000][21728][gc,marking   ] GC(538) Concurrent Clear Claimed Marks
[2020-08-27T11:17:11.352+0000][21728][gc,marking   ] GC(538) Concurrent Clear Claimed Marks 0.403ms
[2020-08-27T11:17:11.352+0000][21728][gc,marking   ] GC(538) Concurrent Scan Root Regions
[2020-08-27T11:17:11.353+0000][21728][gc,marking   ] GC(538) Concurrent Scan Root Regions 1.501ms
[2020-08-27T11:17:11.353+0000][21728][gc,marking   ] GC(538) Concurrent Mark (149.310s)
[2020-08-27T11:17:11.353+0000][21728][gc,marking   ] GC(538) Concurrent Mark From Roots
[2020-08-27T11:17:11.353+0000][21728][gc,task      ] GC(538) Using 2 workers of 2 for marking
[2020-08-27T11:17:11.475+0000][21728][gc,marking   ] GC(538) Concurrent Mark From Roots 121.706ms
[2020-08-27T11:17:11.475+0000][21728][gc,marking   ] GC(538) Concurrent Preclean
[2020-08-27T11:17:11.476+0000][21728][gc,marking   ] GC(538) Concurrent Preclean 0.558ms
[2020-08-27T11:17:11.476+0000][21728][gc,marking   ] GC(538) Concurrent Mark (149.310s, 149.432s) 122.412ms
[2020-08-27T11:17:11.476+0000][21728][gc,start     ] GC(538) Pause Remark
[2020-08-27T11:17:11.484+0000][21728][gc           ] GC(538) Pause Remark 290M->290M(1024M) 8.209ms
[2020-08-27T11:17:11.484+0000][21728][gc,cpu       ] GC(538) User=0.00s Sys=0.00s Real=0.01s
[2020-08-27T11:17:11.484+0000][21728][safepoint    ] Safepoint "G1Concurrent", Time since last: 124516400 ns, Reaching safepoint: 163000 ns, At safepoint: 8468000 ns, Total: 8631000 ns
[2020-08-27T11:17:11.484+0000][21728][gc,marking   ] GC(538) Concurrent Rebuild Remembered Sets
[2020-08-27T11:17:11.566+0000][21728][gc,marking   ] GC(538) Concurrent Rebuild Remembered Sets 81.497ms
[2020-08-27T11:17:11.566+0000][21728][gc,start     ] GC(538) Pause Cleanup
[2020-08-27T11:17:11.566+0000][21728][gc           ] GC(538) Pause Cleanup 362M->362M(1024M) 0.269ms
[2020-08-27T11:17:11.566+0000][21728][gc,cpu       ] GC(538) User=0.00s Sys=0.00s Real=0.00s
[2020-08-27T11:17:11.566+0000][21728][safepoint    ] Safepoint "G1Concurrent", Time since last: 81661900 ns, Reaching safepoint: 165000 ns, At safepoint: 400000 ns, Total: 565000 ns
[2020-08-27T11:17:11.567+0000][21728][gc,marking   ] GC(538) Concurrent Cleanup for Next Mark
[2020-08-27T11:17:11.569+0000][21728][gc,marking   ] GC(538) Concurrent Cleanup for Next Mark 1.640ms
[2020-08-27T11:17:11.569+0000][21728][gc           ] GC(538) Concurrent Cycle 217.262ms
[2020-08-27T11:17:11.676+0000][21728][gc,start     ] GC(539) Pause Young (Concurrent Start) (G1 Humongous Allocation)
[2020-08-27T11:17:11.676+0000][21728][gc,task      ] GC(539) Using 8 workers of 8 for evacuation
[2020-08-27T11:17:11.676+0000][21728][gc,age       ] GC(539) Desired survivor size 33554432 bytes, new threshold 15 (max threshold 15)
[2020-08-27T11:17:11.679+0000][21728][gc,age       ] GC(539) Age table with threshold 15 (max threshold 15)
[2020-08-27T11:17:11.680+0000][21728][gc,age       ] GC(539) - age   1:    2950728 bytes,    2950728 total
[2020-08-27T11:17:11.680+0000][21728][gc,age       ] GC(539) - age   2:     106344 bytes,    3057072 total
[2020-08-27T11:17:11.680+0000][21728][gc,age       ] GC(539) - age   3:     403920 bytes,    3460992 total
[2020-08-27T11:17:11.680+0000][21728][gc,age       ] GC(539) - age   4:       9344 bytes,    3470336 total
[2020-08-27T11:17:11.680+0000][21728][gc,age       ] GC(539) - age   5:       1184 bytes,    3471520 total
[2020-08-27T11:17:11.680+0000][21728][gc,age       ] GC(539) - age   6:        552 bytes,    3472072 total
[2020-08-27T11:17:11.680+0000][21728][gc,age       ] GC(539) - age   7:      13224 bytes,    3485296 total
[2020-08-27T11:17:11.680+0000][21728][gc,age       ] GC(539) - age   8:        792 bytes,    3486088 total
[2020-08-27T11:17:11.680+0000][21728][gc,age       ] GC(539) - age   9:        360 bytes,    3486448 total
[2020-08-27T11:17:11.680+0000][21728][gc,age       ] GC(539) - age  10:        168 bytes,    3486616 total
[2020-08-27T11:17:11.680+0000][21728][gc,age       ] GC(539) - age  11:       1264 bytes,    3487880 total
[2020-08-27T11:17:11.680+0000][21728][gc,age       ] GC(539) - age  12:        160 bytes,    3488040 total
[2020-08-27T11:17:11.680+0000][21728][gc,age       ] GC(539) - age  13:        112 bytes,    3488152 total
[2020-08-27T11:17:11.680+0000][21728][gc,age       ] GC(539) - age  14:       1744 bytes,    3489896 total
[2020-08-27T11:17:11.680+0000][21728][gc,age       ] GC(539) - age  15:       5520 bytes,    3495416 total
[2020-08-27T11:17:11.680+0000][21728][gc,phases    ] GC(539)   Pre Evacuate Collection Set: 0.4ms
[2020-08-27T11:17:11.680+0000][21728][gc,phases    ] GC(539)   Merge Heap Roots: 0.1ms
[2020-08-27T11:17:11.680+0000][21728][gc,phases    ] GC(539)   Evacuate Collection Set: 2.0ms
[2020-08-27T11:17:11.680+0000][21728][gc,phases    ] GC(539)   Post Evacuate Collection Set: 0.7ms
[2020-08-27T11:17:11.680+0000][21728][gc,phases    ] GC(539)   Other: 1.0ms
[2020-08-27T11:17:11.680+0000][21728][gc,heap      ] GC(539) Eden regions: 36->0(502)
[2020-08-27T11:17:11.680+0000][21728][gc,heap      ] GC(539) Survivor regions: 3->4(64)
[2020-08-27T11:17:11.680+0000][21728][gc,heap      ] GC(539) Old regions: 81->81
[2020-08-27T11:17:11.680+0000][21728][gc,heap      ] GC(539) Archive regions: 0->0
[2020-08-27T11:17:11.680+0000][21728][gc,heap      ] GC(539) Humongous regions: 256->174
[2020-08-27T11:17:11.680+0000][21728][gc,metaspace ] GC(539) Metaspace: 88690K(94720K)->88690K(94720K) NonClass: 77431K(80896K)->77431K(80896K) Class: 11258K(13824K)->11258K(13824K)
[2020-08-27T11:17:11.680+0000][21728][gc           ] GC(539) Pause Young (Concurrent Start) (G1 Humongous Allocation) 374M->257M(1024M) 4.575ms
[2020-08-27T11:17:11.680+0000][21728][gc,cpu       ] GC(539) User=0.00s Sys=0.00s Real=0.00s
[2020-08-27T11:17:11.681+0000][21728][gc           ] GC(540) Concurrent Cycle
[2020-08-27T11:17:11.681+0000][21728][safepoint    ] Safepoint "G1TryInitiateConcMark", Time since last: 109142600 ns, Reaching safepoint: 162500 ns, At safepoint: 4776500 ns, Total: 4939000 ns
[2020-08-27T11:17:11.681+0000][21728][gc,marking   ] GC(540) Concurrent Clear Claimed Marks
[2020-08-27T11:17:11.681+0000][21728][gc,marking   ] GC(540) Concurrent Clear Claimed Marks 0.417ms
[2020-08-27T11:17:11.681+0000][21728][gc,marking   ] GC(540) Concurrent Scan Root Regions
[2020-08-27T11:17:11.683+0000][21728][gc,marking   ] GC(540) Concurrent Scan Root Regions 2.288ms
[2020-08-27T11:17:11.683+0000][21728][gc,marking   ] GC(540) Concurrent Mark (149.640s)
[2020-08-27T11:17:11.683+0000][21728][gc,marking   ] GC(540) Concurrent Mark From Roots
[2020-08-27T11:17:11.684+0000][21728][gc,task      ] GC(540) Using 2 workers of 2 for marking
[2020-08-27T11:17:11.800+0000][21728][gc,marking   ] GC(540) Concurrent Mark From Roots 116.799ms
[2020-08-27T11:17:11.800+0000][21728][gc,marking   ] GC(540) Concurrent Preclean
[2020-08-27T11:17:11.801+0000][21728][gc,marking   ] GC(540) Concurrent Preclean 0.374ms
[2020-08-27T11:17:11.801+0000][21728][gc,marking   ] GC(540) Concurrent Mark (149.640s, 149.757s) 117.281ms
[2020-08-27T11:17:11.801+0000][21728][gc,start     ] GC(540) Pause Remark
[2020-08-27T11:17:11.806+0000][21728][gc           ] GC(540) Pause Remark 323M->323M(1024M) 5.175ms
[2020-08-27T11:17:11.806+0000][21728][gc,cpu       ] GC(540) User=0.00s Sys=0.00s Real=0.00s
[2020-08-27T11:17:11.806+0000][21728][safepoint    ] Safepoint "G1Concurrent", Time since last: 120259800 ns, Reaching safepoint: 118400 ns, At safepoint: 5386500 ns, Total: 5504900 ns
[2020-08-27T11:17:11.806+0000][21728][gc,marking   ] GC(540) Concurrent Rebuild Remembered Sets
[2020-08-27T11:17:11.877+0000][21728][gc,marking   ] GC(540) Concurrent Rebuild Remembered Sets 70.490ms
[2020-08-27T11:17:11.877+0000][21728][gc,start     ] GC(540) Pause Cleanup
[2020-08-27T11:17:11.878+0000][21728][gc           ] GC(540) Pause Cleanup 328M->328M(1024M) 0.353ms
[2020-08-27T11:17:11.878+0000][21728][gc,cpu       ] GC(540) User=0.00s Sys=0.00s Real=0.00s
[2020-08-27T11:17:11.878+0000][21728][safepoint    ] Safepoint "G1Concurrent", Time since last: 70684300 ns, Reaching safepoint: 144800 ns, At safepoint: 526300 ns, Total: 671100 ns
[2020-08-27T11:17:11.878+0000][21728][gc,marking   ] GC(540) Concurrent Cleanup for Next Mark
[2020-08-27T11:17:11.881+0000][21728][gc,marking   ] GC(540) Concurrent Cleanup for Next Mark 2.111ms
[2020-08-27T11:17:11.881+0000][21728][gc           ] GC(540) Concurrent Cycle 199.486ms
[2020-08-27T11:17:11.933+0000][21728][gc,start     ] GC(541) Pause Young (Concurrent Start) (G1 Humongous Allocation)
[2020-08-27T11:17:11.933+0000][21728][gc,task      ] GC(541) Using 8 workers of 8 for evacuation
[2020-08-27T11:17:11.933+0000][21728][gc,age       ] GC(541) Desired survivor size 33554432 bytes, new threshold 15 (max threshold 15)
[2020-08-27T11:17:11.935+0000][21728][gc,age       ] GC(541) Age table with threshold 15 (max threshold 15)
[2020-08-27T11:17:11.935+0000][21728][gc,age       ] GC(541) - age   1:    2690480 bytes,    2690480 total
[2020-08-27T11:17:11.935+0000][21728][gc,age       ] GC(541) - age   2:      11968 bytes,    2702448 total
[2020-08-27T11:17:11.935+0000][21728][gc,age       ] GC(541) - age   3:       2280 bytes,    2704728 total
[2020-08-27T11:17:11.935+0000][21728][gc,age       ] GC(541) - age   4:       1224 bytes,    2705952 total
[2020-08-27T11:17:11.936+0000][21728][gc,age       ] GC(541) - age   5:       7720 bytes,    2713672 total
[2020-08-27T11:17:11.936+0000][21728][gc,age       ] GC(541) - age   6:       1024 bytes,    2714696 total
[2020-08-27T11:17:11.936+0000][21728][gc,age       ] GC(541) - age   7:        520 bytes,    2715216 total
[2020-08-27T11:17:11.936+0000][21728][gc,age       ] GC(541) - age   8:      13088 bytes,    2728304 total
[2020-08-27T11:17:11.936+0000][21728][gc,age       ] GC(541) - age   9:        792 bytes,    2729096 total
[2020-08-27T11:17:11.936+0000][21728][gc,age       ] GC(541) - age  10:        360 bytes,    2729456 total
[2020-08-27T11:17:11.936+0000][21728][gc,age       ] GC(541) - age  11:        168 bytes,    2729624 total
[2020-08-27T11:17:11.936+0000][21728][gc,age       ] GC(541) - age  12:       1264 bytes,    2730888 total
[2020-08-27T11:17:11.936+0000][21728][gc,age       ] GC(541) - age  13:        160 bytes,    2731048 total
[2020-08-27T11:17:11.936+0000][21728][gc,age       ] GC(541) - age  14:        112 bytes,    2731160 total
[2020-08-27T11:17:11.936+0000][21728][gc,age       ] GC(541) - age  15:       1744 bytes,    2732904 total
[2020-08-27T11:17:11.936+0000][21728][gc,phases    ] GC(541)   Pre Evacuate Collection Set: 0.3ms
[2020-08-27T11:17:11.936+0000][21728][gc,phases    ] GC(541)   Merge Heap Roots: 0.1ms
[2020-08-27T11:17:11.936+0000][21728][gc,phases    ] GC(541)   Evacuate Collection Set: 1.6ms
[2020-08-27T11:17:11.936+0000][21728][gc,phases    ] GC(541)   Post Evacuate Collection Set: 0.5ms
[2020-08-27T11:17:11.936+0000][21728][gc,phases    ] GC(541)   Other: 0.6ms
[2020-08-27T11:17:11.936+0000][21728][gc,heap      ] GC(541) Eden regions: 19->0(503)
[2020-08-27T11:17:11.936+0000][21728][gc,heap      ] GC(541) Survivor regions: 4->3(64)
[2020-08-27T11:17:11.936+0000][21728][gc,heap      ] GC(541) Old regions: 81->81
[2020-08-27T11:17:11.936+0000][21728][gc,heap      ] GC(541) Archive regions: 0->0
[2020-08-27T11:17:11.936+0000][21728][gc,heap      ] GC(541) Humongous regions: 231->174
[2020-08-27T11:17:11.936+0000][21728][gc,metaspace ] GC(541) Metaspace: 88690K(94720K)->88690K(94720K) NonClass: 77431K(80896K)->77431K(80896K) Class: 11258K(13824K)->11258K(13824K)
[2020-08-27T11:17:11.936+0000][21728][gc           ] GC(541) Pause Young (Concurrent Start) (G1 Humongous Allocation) 333M->257M(1024M) 3.358ms
[2020-08-27T11:17:11.936+0000][21728][gc,cpu       ] GC(541) User=0.00s Sys=0.00s Real=0.00s
[2020-08-27T11:17:11.936+0000][21728][safepoint    ] Safepoint "G1TryInitiateConcMark", Time since last: 54798100 ns, Reaching safepoint: 140800 ns, At safepoint: 3492300 ns, Total: 3633100 ns
[2020-08-27T11:17:11.936+0000][21728][gc           ] GC(542) Concurrent Cycle
[2020-08-27T11:17:11.936+0000][21728][gc,marking   ] GC(542) Concurrent Clear Claimed Marks
[2020-08-27T11:17:11.937+0000][21728][gc,marking   ] GC(542) Concurrent Clear Claimed Marks 0.362ms
[2020-08-27T11:17:11.937+0000][21728][gc,marking   ] GC(542) Concurrent Scan Root Regions
[2020-08-27T11:17:11.939+0000][21728][gc,marking   ] GC(542) Concurrent Scan Root Regions 1.479ms
[2020-08-27T11:17:11.939+0000][21728][gc,marking   ] GC(542) Concurrent Mark (149.895s)
[2020-08-27T11:17:11.939+0000][21728][gc,marking   ] GC(542) Concurrent Mark From Roots
[2020-08-27T11:17:11.939+0000][21728][gc,task      ] GC(542) Using 2 workers of 2 for marking
[2020-08-27T11:17:12.037+0000][21728][gc,marking   ] GC(542) Concurrent Mark From Roots 98.897ms
[2020-08-27T11:17:12.037+0000][21728][gc,marking   ] GC(542) Concurrent Preclean
[2020-08-27T11:17:12.037+0000][21728][gc,marking   ] GC(542) Concurrent Preclean 0.333ms
[2020-08-27T11:17:12.038+0000][21728][gc,marking   ] GC(542) Concurrent Mark (149.895s, 149.994s) 99.365ms
[2020-08-27T11:17:12.038+0000][21728][gc,start     ] GC(542) Pause Remark
[2020-08-27T11:17:12.044+0000][21728][gc           ] GC(542) Pause Remark 320M->320M(1024M) 5.839ms
[2020-08-27T11:17:12.044+0000][21728][gc,cpu       ] GC(542) User=0.00s Sys=0.00s Real=0.01s
[2020-08-27T11:17:12.044+0000][21728][safepoint    ] Safepoint "G1Concurrent", Time since last: 101494800 ns, Reaching safepoint: 190100 ns, At safepoint: 6026400 ns, Total: 6216500 ns
[2020-08-27T11:17:12.044+0000][21728][gc,marking   ] GC(542) Concurrent Rebuild Remembered Sets
[2020-08-27T11:17:12.123+0000][21728][gc,marking   ] GC(542) Concurrent Rebuild Remembered Sets 77.929ms
[2020-08-27T11:17:12.123+0000][21728][gc,start     ] GC(542) Pause Cleanup
[2020-08-27T11:17:12.123+0000][21728][gc           ] GC(542) Pause Cleanup 389M->389M(1024M) 0.267ms
[2020-08-27T11:17:12.123+0000][21728][gc,cpu       ] GC(542) User=0.00s Sys=0.00s Real=0.00s
[2020-08-27T11:17:12.123+0000][21728][safepoint    ] Safepoint "G1Concurrent", Time since last: 78079900 ns, Reaching safepoint: 141800 ns, At safepoint: 579500 ns, Total: 721300 ns
[2020-08-27T11:17:12.123+0000][21728][gc,marking   ] GC(542) Concurrent Cleanup for Next Mark
[2020-08-27T11:17:12.125+0000][21728][gc,marking   ] GC(542) Concurrent Cleanup for Next Mark 1.585ms
[2020-08-27T11:17:12.125+0000][21728][gc           ] GC(542) Concurrent Cycle 188.295ms
[2020-08-27T11:17:12.300+0000][21728][gc,start     ] GC(543) Pause Young (Concurrent Start) (G1 Humongous Allocation)
[2020-08-27T11:17:12.300+0000][21728][gc,task      ] GC(543) Using 8 workers of 8 for evacuation
[2020-08-27T11:17:12.300+0000][21728][gc,age       ] GC(543) Desired survivor size 33554432 bytes, new threshold 15 (max threshold 15)
[2020-08-27T11:17:12.303+0000][21728][gc,age       ] GC(543) Age table with threshold 15 (max threshold 15)
[2020-08-27T11:17:12.303+0000][21728][gc,age       ] GC(543) - age   1:     634232 bytes,     634232 total
[2020-08-27T11:17:12.303+0000][21728][gc,age       ] GC(543) - age   2:      13072 bytes,     647304 total
[2020-08-27T11:17:12.303+0000][21728][gc,age       ] GC(543) - age   3:      11392 bytes,     658696 total
[2020-08-27T11:17:12.303+0000][21728][gc,age       ] GC(543) - age   4:       1592 bytes,     660288 total
[2020-08-27T11:17:12.303+0000][21728][gc,age       ] GC(543) - age   5:        416 bytes,     660704 total
[2020-08-27T11:17:12.303+0000][21728][gc,age       ] GC(543) - age   6:       7544 bytes,     668248 total
[2020-08-27T11:17:12.303+0000][21728][gc,age       ] GC(543) - age   7:        672 bytes,     668920 total
[2020-08-27T11:17:12.303+0000][21728][gc,age       ] GC(543) - age   8:        520 bytes,     669440 total
[2020-08-27T11:17:12.303+0000][21728][gc,age       ] GC(543) - age   9:      12984 bytes,     682424 total
[2020-08-27T11:17:12.303+0000][21728][gc,age       ] GC(543) - age  10:        728 bytes,     683152 total
[2020-08-27T11:17:12.303+0000][21728][gc,age       ] GC(543) - age  11:        288 bytes,     683440 total
[2020-08-27T11:17:12.303+0000][21728][gc,age       ] GC(543) - age  12:        168 bytes,     683608 total
[2020-08-27T11:17:12.303+0000][21728][gc,age       ] GC(543) - age  13:       1168 bytes,     684776 total
[2020-08-27T11:17:12.303+0000][21728][gc,age       ] GC(543) - age  14:        160 bytes,     684936 total
[2020-08-27T11:17:12.303+0000][21728][gc,age       ] GC(543) - age  15:         80 bytes,     685016 total
[2020-08-27T11:17:12.303+0000][21728][gc,phases    ] GC(543)   Pre Evacuate Collection Set: 0.3ms
[2020-08-27T11:17:12.303+0000][21728][gc,phases    ] GC(543)   Merge Heap Roots: 0.1ms
[2020-08-27T11:17:12.303+0000][21728][gc,phases    ] GC(543)   Evacuate Collection Set: 1.5ms
[2020-08-27T11:17:12.303+0000][21728][gc,phases    ] GC(543)   Post Evacuate Collection Set: 0.7ms
[2020-08-27T11:17:12.303+0000][21728][gc,phases    ] GC(543)   Other: 0.6ms
[2020-08-27T11:17:12.303+0000][21728][gc,heap      ] GC(543) Eden regions: 38->0(506)
[2020-08-27T11:17:12.303+0000][21728][gc,heap      ] GC(543) Survivor regions: 3->1(64)
[2020-08-27T11:17:12.303+0000][21728][gc,heap      ] GC(543) Old regions: 81->81
[2020-08-27T11:17:12.303+0000][21728][gc,heap      ] GC(543) Archive regions: 0->0
[2020-08-27T11:17:12.303+0000][21728][gc,heap      ] GC(543) Humongous regions: 278->174
[2020-08-27T11:17:12.303+0000][21728][gc,metaspace ] GC(543) Metaspace: 88690K(94720K)->88690K(94720K) NonClass: 77431K(80896K)->77431K(80896K) Class: 11258K(13824K)->11258K(13824K)
[2020-08-27T11:17:12.304+0000][21728][gc           ] GC(543) Pause Young (Concurrent Start) (G1 Humongous Allocation) 399M->255M(1024M) 3.532ms
[2020-08-27T11:17:12.304+0000][21728][gc,cpu       ] GC(543) User=0.00s Sys=0.00s Real=0.00s
[2020-08-27T11:17:12.304+0000][21728][safepoint    ] Safepoint "G1TryInitiateConcMark", Time since last: 177086700 ns, Reaching safepoint: 268000 ns, At safepoint: 3710200 ns, Total: 3978200 ns
[2020-08-27T11:17:12.304+0000][21728][gc           ] GC(544) Concurrent Cycle
[2020-08-27T11:17:12.304+0000][21728][gc,marking   ] GC(544) Concurrent Clear Claimed Marks
[2020-08-27T11:17:12.304+0000][21728][gc,marking   ] GC(544) Concurrent Clear Claimed Marks 0.311ms
[2020-08-27T11:17:12.304+0000][21728][gc,marking   ] GC(544) Concurrent Scan Root Regions
[2020-08-27T11:17:12.306+0000][21728][gc,marking   ] GC(544) Concurrent Scan Root Regions 1.587ms
[2020-08-27T11:17:12.306+0000][21728][gc,marking   ] GC(544) Concurrent Mark (150.262s)
[2020-08-27T11:17:12.306+0000][21728][gc,marking   ] GC(544) Concurrent Mark From Roots
[2020-08-27T11:17:12.306+0000][21728][gc,task      ] GC(544) Using 2 workers of 2 for marking
[2020-08-27T11:17:12.436+0000][21728][gc,marking   ] GC(544) Concurrent Mark From Roots 129.764ms
[2020-08-27T11:17:12.436+0000][21728][gc,marking   ] GC(544) Concurrent Preclean
[2020-08-27T11:17:12.436+0000][21728][gc,marking   ] GC(544) Concurrent Preclean 0.557ms
[2020-08-27T11:17:12.436+0000][21728][gc,marking   ] GC(544) Concurrent Mark (150.262s, 150.393s) 130.494ms
[2020-08-27T11:17:12.437+0000][21728][gc,start     ] GC(544) Pause Remark
[2020-08-27T11:17:12.443+0000][21728][gc           ] GC(544) Pause Remark 272M->272M(1024M) 5.963ms
[2020-08-27T11:17:12.443+0000][21728][gc,cpu       ] GC(544) User=0.11s Sys=0.00s Real=0.01s
[2020-08-27T11:17:12.443+0000][21728][safepoint    ] Safepoint "G1Concurrent", Time since last: 132661500 ns, Reaching safepoint: 155000 ns, At safepoint: 6190000 ns, Total: 6345000 ns
[2020-08-27T11:17:12.443+0000][21728][gc,marking   ] GC(544) Concurrent Rebuild Remembered Sets
[2020-08-27T11:17:12.529+0000][21728][gc,marking   ] GC(544) Concurrent Rebuild Remembered Sets 86.044ms
[2020-08-27T11:17:12.529+0000][21728][gc,start     ] GC(544) Pause Cleanup
[2020-08-27T11:17:12.530+0000][21728][gc           ] GC(544) Pause Cleanup 286M->286M(1024M) 0.348ms
[2020-08-27T11:17:12.530+0000][21728][gc,cpu       ] GC(544) User=0.00s Sys=0.00s Real=0.00s
[2020-08-27T11:17:12.530+0000][21728][safepoint    ] Safepoint "G1Concurrent", Time since last: 86280500 ns, Reaching safepoint: 171300 ns, At safepoint: 549400 ns, Total: 720700 ns
[2020-08-27T11:17:12.530+0000][21728][gc,marking   ] GC(544) Concurrent Cleanup for Next Mark
[2020-08-27T11:17:12.533+0000][21728][gc,marking   ] GC(544) Concurrent Cleanup for Next Mark 1.987ms
[2020-08-27T11:17:12.533+0000][21728][gc           ] GC(544) Concurrent Cycle 228.187ms
[2020-08-27T11:17:13.494+0000][21728][gc,start     ] GC(545) Pause Young (Concurrent Start) (G1 Humongous Allocation)
[2020-08-27T11:17:13.494+0000][21728][gc,task      ] GC(545) Using 8 workers of 8 for evacuation
[2020-08-27T11:17:13.494+0000][21728][gc,age       ] GC(545) Desired survivor size 33554432 bytes, new threshold 15 (max threshold 15)
[2020-08-27T11:17:13.497+0000][21728][gc,age       ] GC(545) Age table with threshold 15 (max threshold 15)
[2020-08-27T11:17:13.497+0000][21728][gc,age       ] GC(545) - age   1:     663696 bytes,     663696 total
[2020-08-27T11:17:13.497+0000][21728][gc,age       ] GC(545) - age   2:       6976 bytes,     670672 total
[2020-08-27T11:17:13.497+0000][21728][gc,age       ] GC(545) - age   3:       8872 bytes,     679544 total
[2020-08-27T11:17:13.497+0000][21728][gc,age       ] GC(545) - age   4:      11192 bytes,     690736 total
[2020-08-27T11:17:13.497+0000][21728][gc,age       ] GC(545) - age   5:        888 bytes,     691624 total
[2020-08-27T11:17:13.497+0000][21728][gc,age       ] GC(545) - age   6:        152 bytes,     691776 total
[2020-08-27T11:17:13.497+0000][21728][gc,age       ] GC(545) - age   7:       7480 bytes,     699256 total
[2020-08-27T11:17:13.497+0000][21728][gc,age       ] GC(545) - age   8:        512 bytes,     699768 total
[2020-08-27T11:17:13.497+0000][21728][gc,age       ] GC(545) - age   9:        520 bytes,     700288 total
[2020-08-27T11:17:13.497+0000][21728][gc,age       ] GC(545) - age  10:      10368 bytes,     710656 total
[2020-08-27T11:17:13.497+0000][21728][gc,age       ] GC(545) - age  11:        728 bytes,     711384 total
[2020-08-27T11:17:13.497+0000][21728][gc,age       ] GC(545) - age  12:        264 bytes,     711648 total
[2020-08-27T11:17:13.498+0000][21728][gc,age       ] GC(545) - age  13:        168 bytes,     711816 total
[2020-08-27T11:17:13.498+0000][21728][gc,age       ] GC(545) - age  14:       1168 bytes,     712984 total
[2020-08-27T11:17:13.498+0000][21728][gc,age       ] GC(545) - age  15:         96 bytes,     713080 total
[2020-08-27T11:17:13.498+0000][21728][gc,phases    ] GC(545)   Pre Evacuate Collection Set: 0.3ms
[2020-08-27T11:17:13.498+0000][21728][gc,phases    ] GC(545)   Merge Heap Roots: 0.1ms
[2020-08-27T11:17:13.498+0000][21728][gc,phases    ] GC(545)   Evacuate Collection Set: 1.6ms
[2020-08-27T11:17:13.498+0000][21728][gc,phases    ] GC(545)   Post Evacuate Collection Set: 0.5ms
[2020-08-27T11:17:13.498+0000][21728][gc,phases    ] GC(545)   Other: 0.9ms
[2020-08-27T11:17:13.498+0000][21728][gc,heap      ] GC(545) Eden regions: 58->0(507)
[2020-08-27T11:17:13.498+0000][21728][gc,heap      ] GC(545) Survivor regions: 1->1(64)
[2020-08-27T11:17:13.498+0000][21728][gc,heap      ] GC(545) Old regions: 81->81
[2020-08-27T11:17:13.498+0000][21728][gc,heap      ] GC(545) Archive regions: 0->0
[2020-08-27T11:17:13.498+0000][21728][gc,heap      ] GC(545) Humongous regions: 226->174
[2020-08-27T11:17:13.498+0000][21728][gc,metaspace ] GC(545) Metaspace: 88723K(94976K)->88723K(94976K) NonClass: 77463K(81152K)->77463K(81152K) Class: 11259K(13824K)->11259K(13824K)
[2020-08-27T11:17:13.498+0000][21728][gc           ] GC(545) Pause Young (Concurrent Start) (G1 Humongous Allocation) 364M->255M(1024M) 3.567ms
[2020-08-27T11:17:13.498+0000][21728][gc,cpu       ] GC(545) User=0.00s Sys=0.00s Real=0.00s
[2020-08-27T11:17:13.498+0000][21728][safepoint    ] Safepoint "G1TryInitiateConcMark", Time since last: 964334800 ns, Reaching safepoint: 178500 ns, At safepoint: 3768900 ns, Total: 3947400 ns
[2020-08-27T11:17:13.498+0000][21728][gc           ] GC(546) Concurrent Cycle
[2020-08-27T11:17:13.498+0000][21728][gc,marking   ] GC(546) Concurrent Clear Claimed Marks
[2020-08-27T11:17:13.498+0000][21728][gc,marking   ] GC(546) Concurrent Clear Claimed Marks 0.367ms
[2020-08-27T11:17:13.498+0000][21728][gc,marking   ] GC(546) Concurrent Scan Root Regions
[2020-08-27T11:17:13.500+0000][21728][gc,marking   ] GC(546) Concurrent Scan Root Regions 1.932ms
[2020-08-27T11:17:13.500+0000][21728][gc,marking   ] GC(546) Concurrent Mark (151.457s)
[2020-08-27T11:17:13.500+0000][21728][gc,marking   ] GC(546) Concurrent Mark From Roots
[2020-08-27T11:17:13.501+0000][21728][gc,task      ] GC(546) Using 2 workers of 2 for marking
[2020-08-27T11:17:13.633+0000][21728][gc,marking   ] GC(546) Concurrent Mark From Roots 132.062ms
[2020-08-27T11:17:13.633+0000][21728][gc,marking   ] GC(546) Concurrent Preclean
[2020-08-27T11:17:13.633+0000][21728][gc,marking   ] GC(546) Concurrent Preclean 0.455ms
[2020-08-27T11:17:13.633+0000][21728][gc,marking   ] GC(546) Concurrent Mark (151.457s, 151.590s) 132.689ms
[2020-08-27T11:17:13.633+0000][21728][gc,start     ] GC(546) Pause Remark
[2020-08-27T11:17:13.639+0000][21728][gc           ] GC(546) Pause Remark 272M->272M(1024M) 5.880ms
[2020-08-27T11:17:13.639+0000][21728][gc,cpu       ] GC(546) User=0.00s Sys=0.00s Real=0.01s
[2020-08-27T11:17:13.639+0000][21728][safepoint    ] Safepoint "G1Concurrent", Time since last: 135245000 ns, Reaching safepoint: 155100 ns, At safepoint: 6103000 ns, Total: 6258100 ns
[2020-08-27T11:17:13.640+0000][21728][gc,marking   ] GC(546) Concurrent Rebuild Remembered Sets
[2020-08-27T11:17:13.718+0000][21728][gc,marking   ] GC(546) Concurrent Rebuild Remembered Sets 78.031ms
[2020-08-27T11:17:13.718+0000][21728][gc,start     ] GC(546) Pause Cleanup
[2020-08-27T11:17:13.718+0000][21728][gc           ] GC(546) Pause Cleanup 275M->275M(1024M) 0.334ms
[2020-08-27T11:17:13.718+0000][21728][gc,cpu       ] GC(546) User=0.00s Sys=0.00s Real=0.00s
[2020-08-27T11:17:13.718+0000][21728][safepoint    ] Safepoint "G1Concurrent", Time since last: 78200800 ns, Reaching safepoint: 171400 ns, At safepoint: 500000 ns, Total: 671400 ns
[2020-08-27T11:17:13.718+0000][21728][gc,marking   ] GC(546) Concurrent Cleanup for Next Mark
[2020-08-27T11:17:13.721+0000][21728][gc,marking   ] GC(546) Concurrent Cleanup for Next Mark 1.898ms
[2020-08-27T11:17:13.721+0000][21728][gc           ] GC(546) Concurrent Cycle 222.455ms
[2020-08-27T11:17:14.415+0000][21728][gc,start     ] GC(547) Pause Young (Concurrent Start) (G1 Humongous Allocation)
[2020-08-27T11:17:14.415+0000][21728][gc,task      ] GC(547) Using 8 workers of 8 for evacuation
[2020-08-27T11:17:14.415+0000][21728][gc,age       ] GC(547) Desired survivor size 33554432 bytes, new threshold 15 (max threshold 15)
[2020-08-27T11:17:14.417+0000][21728][gc,age       ] GC(547) Age table with threshold 15 (max threshold 15)
[2020-08-27T11:17:14.417+0000][21728][gc,age       ] GC(547) - age   1:     651576 bytes,     651576 total
[2020-08-27T11:17:14.417+0000][21728][gc,age       ] GC(547) - age   2:      31272 bytes,     682848 total
[2020-08-27T11:17:14.417+0000][21728][gc,age       ] GC(547) - age   3:       6304 bytes,     689152 total
[2020-08-27T11:17:14.417+0000][21728][gc,age       ] GC(547) - age   4:       6448 bytes,     695600 total
[2020-08-27T11:17:14.417+0000][21728][gc,age       ] GC(547) - age   5:      11128 bytes,     706728 total
[2020-08-27T11:17:14.417+0000][21728][gc,age       ] GC(547) - age   6:        480 bytes,     707208 total
[2020-08-27T11:17:14.417+0000][21728][gc,age       ] GC(547) - age   7:        152 bytes,     707360 total
[2020-08-27T11:17:14.418+0000][21728][gc,age       ] GC(547) - age   8:       5032 bytes,     712392 total
[2020-08-27T11:17:14.418+0000][21728][gc,age       ] GC(547) - age   9:        352 bytes,     712744 total
[2020-08-27T11:17:14.418+0000][21728][gc,age       ] GC(547) - age  10:        520 bytes,     713264 total
[2020-08-27T11:17:14.418+0000][21728][gc,age       ] GC(547) - age  11:      10368 bytes,     723632 total
[2020-08-27T11:17:14.418+0000][21728][gc,age       ] GC(547) - age  12:        664 bytes,     724296 total
[2020-08-27T11:17:14.418+0000][21728][gc,age       ] GC(547) - age  13:        200 bytes,     724496 total
[2020-08-27T11:17:14.418+0000][21728][gc,age       ] GC(547) - age  14:        168 bytes,     724664 total
[2020-08-27T11:17:14.418+0000][21728][gc,age       ] GC(547) - age  15:       1104 bytes,     725768 total
[2020-08-27T11:17:14.418+0000][21728][gc,phases    ] GC(547)   Pre Evacuate Collection Set: 0.4ms
[2020-08-27T11:17:14.418+0000][21728][gc,phases    ] GC(547)   Merge Heap Roots: 0.1ms
[2020-08-27T11:17:14.418+0000][21728][gc,phases    ] GC(547)   Evacuate Collection Set: 1.5ms
[2020-08-27T11:17:14.418+0000][21728][gc,phases    ] GC(547)   Post Evacuate Collection Set: 0.6ms
[2020-08-27T11:17:14.418+0000][21728][gc,phases    ] GC(547)   Other: 0.7ms
[2020-08-27T11:17:14.418+0000][21728][gc,heap      ] GC(547) Eden regions: 51->0(507)
[2020-08-27T11:17:14.418+0000][21728][gc,heap      ] GC(547) Survivor regions: 1->1(64)
[2020-08-27T11:17:14.418+0000][21728][gc,heap      ] GC(547) Old regions: 81->81
[2020-08-27T11:17:14.418+0000][21728][gc,heap      ] GC(547) Archive regions: 0->0
[2020-08-27T11:17:14.418+0000][21728][gc,heap      ] GC(547) Humongous regions: 226->174
[2020-08-27T11:17:14.418+0000][21728][gc,metaspace ] GC(547) Metaspace: 88744K(94976K)->88744K(94976K) NonClass: 77483K(81152K)->77483K(81152K) Class: 11260K(13824K)->11260K(13824K)
[2020-08-27T11:17:14.418+0000][21728][gc           ] GC(547) Pause Young (Concurrent Start) (G1 Humongous Allocation) 357M->255M(1024M) 3.430ms
[2020-08-27T11:17:14.418+0000][21728][gc,cpu       ] GC(547) User=0.00s Sys=0.00s Real=0.00s
[2020-08-27T11:17:14.418+0000][21728][safepoint    ] Safepoint "G1TryInitiateConcMark", Time since last: 695161800 ns, Reaching safepoint: 139400 ns, At safepoint: 3601300 ns, Total: 3740700 ns
[2020-08-27T11:17:14.418+0000][21728][gc           ] GC(548) Concurrent Cycle
[2020-08-27T11:17:14.418+0000][21728][gc,marking   ] GC(548) Concurrent Clear Claimed Marks
[2020-08-27T11:17:14.419+0000][21728][gc,marking   ] GC(548) Concurrent Clear Claimed Marks 0.382ms
[2020-08-27T11:17:14.419+0000][21728][gc,marking   ] GC(548) Concurrent Scan Root Regions
[2020-08-27T11:17:14.421+0000][21728][gc,marking   ] GC(548) Concurrent Scan Root Regions 2.120ms
[2020-08-27T11:17:14.421+0000][21728][gc,marking   ] GC(548) Concurrent Mark (152.377s)
[2020-08-27T11:17:14.421+0000][21728][gc,marking   ] GC(548) Concurrent Mark From Roots
[2020-08-27T11:17:14.421+0000][21728][gc,task      ] GC(548) Using 2 workers of 2 for marking
[2020-08-27T11:17:14.539+0000][21728][gc,marking   ] GC(548) Concurrent Mark From Roots 117.907ms
[2020-08-27T11:17:14.539+0000][21728][gc,marking   ] GC(548) Concurrent Preclean
[2020-08-27T11:17:14.539+0000][21728][gc,marking   ] GC(548) Concurrent Preclean 0.337ms
[2020-08-27T11:17:14.539+0000][21728][gc,marking   ] GC(548) Concurrent Mark (152.377s, 152.495s) 118.373ms
[2020-08-27T11:17:14.539+0000][21728][gc,start     ] GC(548) Pause Remark
[2020-08-27T11:17:14.545+0000][21728][gc           ] GC(548) Pause Remark 269M->269M(1024M) 5.767ms
[2020-08-27T11:17:14.545+0000][21728][gc,cpu       ] GC(548) User=0.00s Sys=0.00s Real=0.01s
[2020-08-27T11:17:14.545+0000][21728][safepoint    ] Safepoint "G1Concurrent", Time since last: 121141600 ns, Reaching safepoint: 123800 ns, At safepoint: 5962500 ns, Total: 6086300 ns
[2020-08-27T11:17:14.545+0000][21728][gc,marking   ] GC(548) Concurrent Rebuild Remembered Sets
[2020-08-27T11:17:14.625+0000][21728][gc,marking   ] GC(548) Concurrent Rebuild Remembered Sets 79.276ms
[2020-08-27T11:17:14.625+0000][21728][gc,start     ] GC(548) Pause Cleanup
[2020-08-27T11:17:14.625+0000][21728][gc           ] GC(548) Pause Cleanup 287M->287M(1024M) 0.345ms
[2020-08-27T11:17:14.625+0000][21728][gc,cpu       ] GC(548) User=0.00s Sys=0.00s Real=0.00s
[2020-08-27T11:17:14.626+0000][21728][safepoint    ] Safepoint "G1Concurrent", Time since last: 79442000 ns, Reaching safepoint: 214800 ns, At safepoint: 542600 ns, Total: 757400 ns
[2020-08-27T11:17:14.626+0000][21728][gc,marking   ] GC(548) Concurrent Cleanup for Next Mark
[2020-08-27T11:17:14.628+0000][21728][gc,marking   ] GC(548) Concurrent Cleanup for Next Mark 2.415ms
[2020-08-27T11:17:14.628+0000][21728][gc           ] GC(548) Concurrent Cycle 210.014ms
[2020-08-27T11:17:15.441+0000][21728][gc,start     ] GC(549) Pause Young (Concurrent Start) (G1 Humongous Allocation)
[2020-08-27T11:17:15.441+0000][21728][gc,task      ] GC(549) Using 8 workers of 8 for evacuation
[2020-08-27T11:17:15.441+0000][21728][gc,age       ] GC(549) Desired survivor size 33554432 bytes, new threshold 15 (max threshold 15)
[2020-08-27T11:17:15.445+0000][21728][gc,age       ] GC(549) Age table with threshold 15 (max threshold 15)
[2020-08-27T11:17:15.445+0000][21728][gc,age       ] GC(549) - age   1:    2585128 bytes,    2585128 total
[2020-08-27T11:17:15.445+0000][21728][gc,age       ] GC(549) - age   2:      11944 bytes,    2597072 total
[2020-08-27T11:17:15.446+0000][21728][gc,age       ] GC(549) - age   3:      30128 bytes,    2627200 total
[2020-08-27T11:17:15.446+0000][21728][gc,age       ] GC(549) - age   4:       6128 bytes,    2633328 total
[2020-08-27T11:17:15.446+0000][21728][gc,age       ] GC(549) - age   5:       6088 bytes,    2639416 total
[2020-08-27T11:17:15.446+0000][21728][gc,age       ] GC(549) - age   6:      11000 bytes,    2650416 total
[2020-08-27T11:17:15.446+0000][21728][gc,age       ] GC(549) - age   7:        384 bytes,    2650800 total
[2020-08-27T11:17:15.446+0000][21728][gc,age       ] GC(549) - age   8:        152 bytes,    2650952 total
[2020-08-27T11:17:15.446+0000][21728][gc,age       ] GC(549) - age   9:       4968 bytes,    2655920 total
[2020-08-27T11:17:15.446+0000][21728][gc,age       ] GC(549) - age  10:        160 bytes,    2656080 total
[2020-08-27T11:17:15.446+0000][21728][gc,age       ] GC(549) - age  11:        280 bytes,    2656360 total
[2020-08-27T11:17:15.446+0000][21728][gc,age       ] GC(549) - age  12:      10368 bytes,    2666728 total
[2020-08-27T11:17:15.446+0000][21728][gc,age       ] GC(549) - age  13:        600 bytes,    2667328 total
[2020-08-27T11:17:15.446+0000][21728][gc,age       ] GC(549) - age  14:        200 bytes,    2667528 total
[2020-08-27T11:17:15.446+0000][21728][gc,age       ] GC(549) - age  15:        168 bytes,    2667696 total
[2020-08-27T11:17:15.446+0000][21728][gc,phases    ] GC(549)   Pre Evacuate Collection Set: 0.6ms
[2020-08-27T11:17:15.446+0000][21728][gc,phases    ] GC(549)   Merge Heap Roots: 0.1ms
[2020-08-27T11:17:15.446+0000][21728][gc,phases    ] GC(549)   Evacuate Collection Set: 2.3ms
[2020-08-27T11:17:15.446+0000][21728][gc,phases    ] GC(549)   Post Evacuate Collection Set: 0.7ms
[2020-08-27T11:17:15.446+0000][21728][gc,phases    ] GC(549)   Other: 1.1ms
[2020-08-27T11:17:15.446+0000][21728][gc,heap      ] GC(549) Eden regions: 55->0(505)
[2020-08-27T11:17:15.446+0000][21728][gc,heap      ] GC(549) Survivor regions: 1->3(64)
[2020-08-27T11:17:15.446+0000][21728][gc,heap      ] GC(549) Old regions: 81->81
[2020-08-27T11:17:15.446+0000][21728][gc,heap      ] GC(549) Archive regions: 0->0
[2020-08-27T11:17:15.446+0000][21728][gc,heap      ] GC(549) Humongous regions: 226->174
[2020-08-27T11:17:15.446+0000][21728][gc,metaspace ] GC(549) Metaspace: 88744K(94976K)->88744K(94976K) NonClass: 77483K(81152K)->77483K(81152K) Class: 11260K(13824K)->11260K(13824K)
[2020-08-27T11:17:15.446+0000][21728][gc           ] GC(549) Pause Young (Concurrent Start) (G1 Humongous Allocation) 362M->257M(1024M) 5.160ms
[2020-08-27T11:17:15.447+0000][21728][gc,cpu       ] GC(549) User=0.00s Sys=0.00s Real=0.01s
[2020-08-27T11:17:15.447+0000][21728][gc           ] GC(550) Concurrent Cycle
[2020-08-27T11:17:15.447+0000][21728][safepoint    ] Safepoint "G1TryInitiateConcMark", Time since last: 815570500 ns, Reaching safepoint: 131000 ns, At safepoint: 5380700 ns, Total: 5511700 ns
[2020-08-27T11:17:15.447+0000][21728][gc,marking   ] GC(550) Concurrent Clear Claimed Marks
[2020-08-27T11:17:15.447+0000][21728][gc,marking   ] GC(550) Concurrent Clear Claimed Marks 0.523ms
[2020-08-27T11:17:15.447+0000][21728][gc,marking   ] GC(550) Concurrent Scan Root Regions
[2020-08-27T11:17:15.449+0000][21728][gc,marking   ] GC(550) Concurrent Scan Root Regions 1.842ms
[2020-08-27T11:17:15.449+0000][21728][gc,marking   ] GC(550) Concurrent Mark (153.405s)
[2020-08-27T11:17:15.449+0000][21728][gc,marking   ] GC(550) Concurrent Mark From Roots
[2020-08-27T11:17:15.449+0000][21728][gc,task      ] GC(550) Using 2 workers of 2 for marking
[2020-08-27T11:17:15.572+0000][21728][gc,marking   ] GC(550) Concurrent Mark From Roots 122.594ms
[2020-08-27T11:17:15.572+0000][21728][gc,marking   ] GC(550) Concurrent Preclean
[2020-08-27T11:17:15.572+0000][21728][gc,marking   ] GC(550) Concurrent Preclean 0.418ms
[2020-08-27T11:17:15.572+0000][21728][gc,marking   ] GC(550) Concurrent Mark (153.405s, 153.528s) 123.174ms
[2020-08-27T11:17:15.573+0000][21728][gc,start     ] GC(550) Pause Remark
[2020-08-27T11:17:15.580+0000][21728][gc           ] GC(550) Pause Remark 315M->315M(1024M) 6.880ms
[2020-08-27T11:17:15.580+0000][21728][gc,cpu       ] GC(550) User=0.13s Sys=0.00s Real=0.01s
[2020-08-27T11:17:15.580+0000][21728][safepoint    ] Safepoint "G1Concurrent", Time since last: 125841800 ns, Reaching safepoint: 181600 ns, At safepoint: 7175400 ns, Total: 7357000 ns
[2020-08-27T11:17:15.580+0000][21728][gc,marking   ] GC(550) Concurrent Rebuild Remembered Sets
[2020-08-27T11:17:15.660+0000][21728][gc,marking   ] GC(550) Concurrent Rebuild Remembered Sets 79.855ms
[2020-08-27T11:17:15.660+0000][21728][gc,start     ] GC(550) Pause Cleanup
[2020-08-27T11:17:15.660+0000][21728][gc           ] GC(550) Pause Cleanup 329M->329M(1024M) 0.357ms
[2020-08-27T11:17:15.661+0000][21728][gc,cpu       ] GC(550) User=0.00s Sys=0.00s Real=0.00s
[2020-08-27T11:17:15.661+0000][21728][safepoint    ] Safepoint "G1Concurrent", Time since last: 80062100 ns, Reaching safepoint: 179500 ns, At safepoint: 587900 ns, Total: 767400 ns
[2020-08-27T11:17:15.661+0000][21728][gc,marking   ] GC(550) Concurrent Cleanup for Next Mark
[2020-08-27T11:17:15.663+0000][21728][gc,marking   ] GC(550) Concurrent Cleanup for Next Mark 2.388ms
[2020-08-27T11:17:15.663+0000][21728][gc           ] GC(550) Concurrent Cycle 216.644ms
[2020-08-27T11:17:15.871+0000][21728][gc,start     ] GC(551) Pause Young (Concurrent Start) (G1 Humongous Allocation)
[2020-08-27T11:17:15.871+0000][21728][gc,task      ] GC(551) Using 8 workers of 8 for evacuation
[2020-08-27T11:17:15.871+0000][21728][gc,age       ] GC(551) Desired survivor size 33554432 bytes, new threshold 15 (max threshold 15)
[2020-08-27T11:17:15.874+0000][21728][gc,age       ] GC(551) Age table with threshold 15 (max threshold 15)
[2020-08-27T11:17:15.874+0000][21728][gc,age       ] GC(551) - age   1:    2685600 bytes,    2685600 total
[2020-08-27T11:17:15.874+0000][21728][gc,age       ] GC(551) - age   2:      10776 bytes,    2696376 total
[2020-08-27T11:17:15.874+0000][21728][gc,age       ] GC(551) - age   3:      11656 bytes,    2708032 total
[2020-08-27T11:17:15.874+0000][21728][gc,age       ] GC(551) - age   4:      30064 bytes,    2738096 total
[2020-08-27T11:17:15.874+0000][21728][gc,age       ] GC(551) - age   5:       3504 bytes,    2741600 total
[2020-08-27T11:17:15.874+0000][21728][gc,age       ] GC(551) - age   6:       6088 bytes,    2747688 total
[2020-08-27T11:17:15.874+0000][21728][gc,age       ] GC(551) - age   7:      10712 bytes,    2758400 total
[2020-08-27T11:17:15.874+0000][21728][gc,age       ] GC(551) - age   8:        384 bytes,    2758784 total
[2020-08-27T11:17:15.874+0000][21728][gc,age       ] GC(551) - age   9:        152 bytes,    2758936 total
[2020-08-27T11:17:15.874+0000][21728][gc,age       ] GC(551) - age  10:       4776 bytes,    2763712 total
[2020-08-27T11:17:15.874+0000][21728][gc,age       ] GC(551) - age  11:        160 bytes,    2763872 total
[2020-08-27T11:17:15.874+0000][21728][gc,age       ] GC(551) - age  12:        280 bytes,    2764152 total
[2020-08-27T11:17:15.874+0000][21728][gc,age       ] GC(551) - age  13:      10368 bytes,    2774520 total
[2020-08-27T11:17:15.874+0000][21728][gc,age       ] GC(551) - age  14:        600 bytes,    2775120 total
[2020-08-27T11:17:15.874+0000][21728][gc,age       ] GC(551) - age  15:        200 bytes,    2775320 total
[2020-08-27T11:17:15.874+0000][21728][gc,phases    ] GC(551)   Pre Evacuate Collection Set: 0.3ms
[2020-08-27T11:17:15.874+0000][21728][gc,phases    ] GC(551)   Merge Heap Roots: 0.1ms
[2020-08-27T11:17:15.874+0000][21728][gc,phases    ] GC(551)   Evacuate Collection Set: 1.8ms
[2020-08-27T11:17:15.874+0000][21728][gc,phases    ] GC(551)   Post Evacuate Collection Set: 0.6ms
[2020-08-27T11:17:15.874+0000][21728][gc,phases    ] GC(551)   Other: 0.6ms
[2020-08-27T11:17:15.874+0000][21728][gc,heap      ] GC(551) Eden regions: 30->0(504)
[2020-08-27T11:17:15.874+0000][21728][gc,heap      ] GC(551) Survivor regions: 3->3(64)
[2020-08-27T11:17:15.874+0000][21728][gc,heap      ] GC(551) Old regions: 81->81
[2020-08-27T11:17:15.874+0000][21728][gc,heap      ] GC(551) Archive regions: 0->0
[2020-08-27T11:17:15.874+0000][21728][gc,heap      ] GC(551) Humongous regions: 228->174
[2020-08-27T11:17:15.874+0000][21728][gc,metaspace ] GC(551) Metaspace: 88744K(94976K)->88744K(94976K) NonClass: 77483K(81152K)->77483K(81152K) Class: 11260K(13824K)->11260K(13824K)
[2020-08-27T11:17:15.874+0000][21728][gc           ] GC(551) Pause Young (Concurrent Start) (G1 Humongous Allocation) 340M->257M(1024M) 3.638ms
[2020-08-27T11:17:15.874+0000][21728][gc,cpu       ] GC(551) User=0.00s Sys=0.00s Real=0.00s
[2020-08-27T11:17:15.874+0000][21728][safepoint    ] Safepoint "G1TryInitiateConcMark", Time since last: 209720800 ns, Reaching safepoint: 158800 ns, At safepoint: 3767600 ns, Total: 3926400 ns
[2020-08-27T11:17:15.874+0000][21728][gc           ] GC(552) Concurrent Cycle
[2020-08-27T11:17:15.874+0000][21728][gc,marking   ] GC(552) Concurrent Clear Claimed Marks
[2020-08-27T11:17:15.875+0000][21728][gc,marking   ] GC(552) Concurrent Clear Claimed Marks 0.406ms
[2020-08-27T11:17:15.875+0000][21728][gc,marking   ] GC(552) Concurrent Scan Root Regions
[2020-08-27T11:17:15.878+0000][21728][gc,marking   ] GC(552) Concurrent Scan Root Regions 2.642ms
[2020-08-27T11:17:15.878+0000][21728][gc,marking   ] GC(552) Concurrent Mark (153.833s)
[2020-08-27T11:17:15.878+0000][21728][gc,marking   ] GC(552) Concurrent Mark From Roots
[2020-08-27T11:17:15.878+0000][21728][gc,task      ] GC(552) Using 2 workers of 2 for marking
[2020-08-27T11:17:15.989+0000][21728][gc,marking   ] GC(552) Concurrent Mark From Roots 111.028ms
[2020-08-27T11:17:15.989+0000][21728][gc,marking   ] GC(552) Concurrent Preclean
[2020-08-27T11:17:15.989+0000][21728][gc,marking   ] GC(552) Concurrent Preclean 0.375ms
[2020-08-27T11:17:15.989+0000][21728][gc,marking   ] GC(552) Concurrent Mark (153.833s, 153.945s) 111.528ms
[2020-08-27T11:17:15.989+0000][21728][gc,start     ] GC(552) Pause Remark
[2020-08-27T11:17:15.995+0000][21728][gc           ] GC(552) Pause Remark 319M->319M(1024M) 5.731ms
[2020-08-27T11:17:15.995+0000][21728][gc,cpu       ] GC(552) User=0.00s Sys=0.00s Real=0.01s
[2020-08-27T11:17:15.995+0000][21728][safepoint    ] Safepoint "G1Concurrent", Time since last: 114925400 ns, Reaching safepoint: 140500 ns, At safepoint: 5968500 ns, Total: 6109000 ns
[2020-08-27T11:17:15.995+0000][21728][gc,marking   ] GC(552) Concurrent Rebuild Remembered Sets
[2020-08-27T11:17:16.073+0000][21728][gc,marking   ] GC(552) Concurrent Rebuild Remembered Sets 77.850ms
[2020-08-27T11:17:16.074+0000][21728][gc,start     ] GC(552) Pause Cleanup
[2020-08-27T11:17:16.074+0000][21728][gc           ] GC(552) Pause Cleanup 333M->333M(1024M) 0.274ms
[2020-08-27T11:17:16.074+0000][21728][gc,cpu       ] GC(552) User=0.00s Sys=0.00s Real=0.00s
[2020-08-27T11:17:16.074+0000][21728][safepoint    ] Safepoint "G1Concurrent", Time since last: 78029200 ns, Reaching safepoint: 150600 ns, At safepoint: 417700 ns, Total: 568300 ns
[2020-08-27T11:17:16.074+0000][21728][gc,marking   ] GC(552) Concurrent Cleanup for Next Mark
[2020-08-27T11:17:16.076+0000][21728][gc,marking   ] GC(552) Concurrent Cleanup for Next Mark 1.687ms
[2020-08-27T11:17:16.076+0000][21728][gc           ] GC(552) Concurrent Cycle 201.515ms
[2020-08-27T11:17:16.209+0000][21728][gc,start     ] GC(553) Pause Young (Concurrent Start) (G1 Humongous Allocation)
[2020-08-27T11:17:16.209+0000][21728][gc,task      ] GC(553) Using 8 workers of 8 for evacuation
[2020-08-27T11:17:16.209+0000][21728][gc,age       ] GC(553) Desired survivor size 33554432 bytes, new threshold 15 (max threshold 15)
[2020-08-27T11:17:16.213+0000][21728][gc,age       ] GC(553) Age table with threshold 15 (max threshold 15)
[2020-08-27T11:17:16.213+0000][21728][gc,age       ] GC(553) - age   1:    2683520 bytes,    2683520 total
[2020-08-27T11:17:16.213+0000][21728][gc,age       ] GC(553) - age   2:      10080 bytes,    2693600 total
[2020-08-27T11:17:16.213+0000][21728][gc,age       ] GC(553) - age   3:       9440 bytes,    2703040 total
[2020-08-27T11:17:16.213+0000][21728][gc,age       ] GC(553) - age   4:      11400 bytes,    2714440 total
[2020-08-27T11:17:16.213+0000][21728][gc,age       ] GC(553) - age   5:      30064 bytes,    2744504 total
[2020-08-27T11:17:16.213+0000][21728][gc,age       ] GC(553) - age   6:       3408 bytes,    2747912 total
[2020-08-27T11:17:16.213+0000][21728][gc,age       ] GC(553) - age   7:       6088 bytes,    2754000 total
[2020-08-27T11:17:16.213+0000][21728][gc,age       ] GC(553) - age   8:      10616 bytes,    2764616 total
[2020-08-27T11:17:16.213+0000][21728][gc,age       ] GC(553) - age   9:        384 bytes,    2765000 total
[2020-08-27T11:17:16.213+0000][21728][gc,age       ] GC(553) - age  10:        152 bytes,    2765152 total
[2020-08-27T11:17:16.213+0000][21728][gc,age       ] GC(553) - age  11:       4776 bytes,    2769928 total
[2020-08-27T11:17:16.213+0000][21728][gc,age       ] GC(553) - age  12:        160 bytes,    2770088 total
[2020-08-27T11:17:16.213+0000][21728][gc,age       ] GC(553) - age  13:        280 bytes,    2770368 total
[2020-08-27T11:17:16.213+0000][21728][gc,age       ] GC(553) - age  14:      10368 bytes,    2780736 total
[2020-08-27T11:17:16.213+0000][21728][gc,age       ] GC(553) - age  15:        600 bytes,    2781336 total
[2020-08-27T11:17:16.213+0000][21728][gc,phases    ] GC(553)   Pre Evacuate Collection Set: 0.5ms
[2020-08-27T11:17:16.213+0000][21728][gc,phases    ] GC(553)   Merge Heap Roots: 0.1ms
[2020-08-27T11:17:16.213+0000][21728][gc,phases    ] GC(553)   Evacuate Collection Set: 2.3ms
[2020-08-27T11:17:16.213+0000][21728][gc,phases    ] GC(553)   Post Evacuate Collection Set: 0.7ms
[2020-08-27T11:17:16.213+0000][21728][gc,phases    ] GC(553)   Other: 1.0ms
[2020-08-27T11:17:16.213+0000][21728][gc,heap      ] GC(553) Eden regions: 28->0(504)
[2020-08-27T11:17:16.213+0000][21728][gc,heap      ] GC(553) Survivor regions: 3->3(64)
[2020-08-27T11:17:16.213+0000][21728][gc,heap      ] GC(553) Old regions: 81->81
[2020-08-27T11:17:16.213+0000][21728][gc,heap      ] GC(553) Archive regions: 0->0
[2020-08-27T11:17:16.213+0000][21728][gc,heap      ] GC(553) Humongous regions: 232->174
[2020-08-27T11:17:16.214+0000][21728][gc,metaspace ] GC(553) Metaspace: 88744K(94976K)->88744K(94976K) NonClass: 77483K(81152K)->77483K(81152K) Class: 11260K(13824K)->11260K(13824K)
[2020-08-27T11:17:16.214+0000][21728][gc           ] GC(553) Pause Young (Concurrent Start) (G1 Humongous Allocation) 342M->257M(1024M) 4.923ms
[2020-08-27T11:17:16.214+0000][21728][gc,cpu       ] GC(553) User=0.00s Sys=0.00s Real=0.00s
[2020-08-27T11:17:16.214+0000][21728][safepoint    ] Safepoint "G1TryInitiateConcMark", Time since last: 134481000 ns, Reaching safepoint: 169100 ns, At safepoint: 5100400 ns, Total: 5269500 ns
[2020-08-27T11:17:16.214+0000][21728][gc           ] GC(554) Concurrent Cycle
[2020-08-27T11:17:16.214+0000][21728][gc,marking   ] GC(554) Concurrent Clear Claimed Marks
[2020-08-27T11:17:16.214+0000][21728][gc,marking   ] GC(554) Concurrent Clear Claimed Marks 0.505ms
[2020-08-27T11:17:16.214+0000][21728][gc,marking   ] GC(554) Concurrent Scan Root Regions
[2020-08-27T11:17:16.217+0000][21728][gc,marking   ] GC(554) Concurrent Scan Root Regions 2.557ms
[2020-08-27T11:17:16.217+0000][21728][gc,marking   ] GC(554) Concurrent Mark (154.173s)
[2020-08-27T11:17:16.217+0000][21728][gc,marking   ] GC(554) Concurrent Mark From Roots
[2020-08-27T11:17:16.217+0000][21728][gc,task      ] GC(554) Using 2 workers of 2 for marking
[2020-08-27T11:17:16.329+0000][21728][gc,marking   ] GC(554) Concurrent Mark From Roots 112.022ms
[2020-08-27T11:17:16.329+0000][21728][gc,marking   ] GC(554) Concurrent Preclean
[2020-08-27T11:17:16.330+0000][21728][gc,marking   ] GC(554) Concurrent Preclean 0.518ms
[2020-08-27T11:17:16.330+0000][21728][gc,marking   ] GC(554) Concurrent Mark (154.173s, 154.286s) 112.716ms
[2020-08-27T11:17:16.330+0000][21728][gc,start     ] GC(554) Pause Remark
[2020-08-27T11:17:16.335+0000][21728][gc           ] GC(554) Pause Remark 320M->320M(1024M) 5.144ms
[2020-08-27T11:17:16.335+0000][21728][gc,cpu       ] GC(554) User=0.00s Sys=0.00s Real=0.01s
[2020-08-27T11:17:16.335+0000][21728][safepoint    ] Safepoint "G1Concurrent", Time since last: 116160600 ns, Reaching safepoint: 149000 ns, At safepoint: 5430000 ns, Total: 5579000 ns
[2020-08-27T11:17:16.336+0000][21728][gc,marking   ] GC(554) Concurrent Rebuild Remembered Sets
[2020-08-27T11:17:16.416+0000][21728][gc,marking   ] GC(554) Concurrent Rebuild Remembered Sets 80.021ms
[2020-08-27T11:17:16.416+0000][21728][gc,start     ] GC(554) Pause Cleanup
[2020-08-27T11:17:16.416+0000][21728][gc           ] GC(554) Pause Cleanup 384M->384M(1024M) 0.276ms
[2020-08-27T11:17:16.416+0000][21728][gc,cpu       ] GC(554) User=0.00s Sys=0.00s Real=0.00s
[2020-08-27T11:17:16.416+0000][21728][safepoint    ] Safepoint "G1Concurrent", Time since last: 80223300 ns, Reaching safepoint: 147400 ns, At safepoint: 454700 ns, Total: 602100 ns
[2020-08-27T11:17:16.416+0000][21728][gc,marking   ] GC(554) Concurrent Cleanup for Next Mark
[2020-08-27T11:17:16.418+0000][21728][gc,marking   ] GC(554) Concurrent Cleanup for Next Mark 1.658ms
[2020-08-27T11:17:16.418+0000][21728][gc           ] GC(554) Concurrent Cycle 204.401ms
[2020-08-27T11:17:16.564+0000][21728][gc,start     ] GC(555) Pause Young (Concurrent Start) (G1 Humongous Allocation)
[2020-08-27T11:17:16.564+0000][21728][gc,task      ] GC(555) Using 8 workers of 8 for evacuation
[2020-08-27T11:17:16.564+0000][21728][gc,age       ] GC(555) Desired survivor size 33554432 bytes, new threshold 15 (max threshold 15)
[2020-08-27T11:17:16.567+0000][21728][gc,age       ] GC(555) Age table with threshold 15 (max threshold 15)
[2020-08-27T11:17:16.568+0000][21728][gc,age       ] GC(555) - age   1:    1178976 bytes,    1178976 total
[2020-08-27T11:17:16.568+0000][21728][gc,age       ] GC(555) - age   2:       9216 bytes,    1188192 total
[2020-08-27T11:17:16.568+0000][21728][gc,age       ] GC(555) - age   3:       9168 bytes,    1197360 total
[2020-08-27T11:17:16.568+0000][21728][gc,age       ] GC(555) - age   4:       8552 bytes,    1205912 total
[2020-08-27T11:17:16.568+0000][21728][gc,age       ] GC(555) - age   5:      11336 bytes,    1217248 total
[2020-08-27T11:17:16.568+0000][21728][gc,age       ] GC(555) - age   6:      30000 bytes,    1247248 total
[2020-08-27T11:17:16.568+0000][21728][gc,age       ] GC(555) - age   7:        440 bytes,    1247688 total
[2020-08-27T11:17:16.568+0000][21728][gc,age       ] GC(555) - age   8:       6056 bytes,    1253744 total
[2020-08-27T11:17:16.568+0000][21728][gc,age       ] GC(555) - age   9:      10616 bytes,    1264360 total
[2020-08-27T11:17:16.568+0000][21728][gc,age       ] GC(555) - age  10:        384 bytes,    1264744 total
[2020-08-27T11:17:16.568+0000][21728][gc,age       ] GC(555) - age  11:        152 bytes,    1264896 total
[2020-08-27T11:17:16.568+0000][21728][gc,age       ] GC(555) - age  12:       4712 bytes,    1269608 total
[2020-08-27T11:17:16.568+0000][21728][gc,age       ] GC(555) - age  13:        160 bytes,    1269768 total
[2020-08-27T11:17:16.568+0000][21728][gc,age       ] GC(555) - age  14:        280 bytes,    1270048 total
[2020-08-27T11:17:16.568+0000][21728][gc,age       ] GC(555) - age  15:      10368 bytes,    1280416 total
[2020-08-27T11:17:16.568+0000][21728][gc,phases    ] GC(555)   Pre Evacuate Collection Set: 0.5ms
[2020-08-27T11:17:16.568+0000][21728][gc,phases    ] GC(555)   Merge Heap Roots: 0.1ms
[2020-08-27T11:17:16.568+0000][21728][gc,phases    ] GC(555)   Evacuate Collection Set: 1.8ms
[2020-08-27T11:17:16.568+0000][21728][gc,phases    ] GC(555)   Post Evacuate Collection Set: 0.7ms
[2020-08-27T11:17:16.568+0000][21728][gc,phases    ] GC(555)   Other: 0.8ms
[2020-08-27T11:17:16.568+0000][21728][gc,heap      ] GC(555) Eden regions: 37->0(505)
[2020-08-27T11:17:16.568+0000][21728][gc,heap      ] GC(555) Survivor regions: 3->2(64)
[2020-08-27T11:17:16.568+0000][21728][gc,heap      ] GC(555) Old regions: 81->81
[2020-08-27T11:17:16.568+0000][21728][gc,heap      ] GC(555) Archive regions: 0->0
[2020-08-27T11:17:16.568+0000][21728][gc,heap      ] GC(555) Humongous regions: 278->174
[2020-08-27T11:17:16.568+0000][21728][gc,metaspace ] GC(555) Metaspace: 88744K(94976K)->88744K(94976K) NonClass: 77483K(81152K)->77483K(81152K) Class: 11260K(13824K)->11260K(13824K)
[2020-08-27T11:17:16.568+0000][21728][gc           ] GC(555) Pause Young (Concurrent Start) (G1 Humongous Allocation) 398M->255M(1024M) 4.170ms
[2020-08-27T11:17:16.568+0000][21728][gc,cpu       ] GC(555) User=0.00s Sys=0.00s Real=0.00s
[2020-08-27T11:17:16.568+0000][21728][gc           ] GC(556) Concurrent Cycle
[2020-08-27T11:17:16.568+0000][21728][safepoint    ] Safepoint "G1TryInitiateConcMark", Time since last: 147260800 ns, Reaching safepoint: 407900 ns, At safepoint: 4367600 ns, Total: 4775500 ns
[2020-08-27T11:17:16.568+0000][21728][gc,marking   ] GC(556) Concurrent Clear Claimed Marks
[2020-08-27T11:17:16.569+0000][21728][gc,marking   ] GC(556) Concurrent Clear Claimed Marks 0.579ms
[2020-08-27T11:17:16.569+0000][21728][gc,marking   ] GC(556) Concurrent Scan Root Regions
[2020-08-27T11:17:16.571+0000][21728][gc,marking   ] GC(556) Concurrent Scan Root Regions 2.316ms
[2020-08-27T11:17:16.571+0000][21728][gc,marking   ] GC(556) Concurrent Mark (154.527s)
[2020-08-27T11:17:16.571+0000][21728][gc,marking   ] GC(556) Concurrent Mark From Roots
[2020-08-27T11:17:16.572+0000][21728][gc,task      ] GC(556) Using 2 workers of 2 for marking
[2020-08-27T11:17:16.721+0000][21728][gc,marking   ] GC(556) Concurrent Mark From Roots 149.980ms
[2020-08-27T11:17:16.722+0000][21728][gc,marking   ] GC(556) Concurrent Preclean
[2020-08-27T11:17:16.722+0000][21728][gc,marking   ] GC(556) Concurrent Preclean 0.774ms
[2020-08-27T11:17:16.722+0000][21728][gc,marking   ] GC(556) Concurrent Mark (154.527s, 154.678s) 151.000ms
[2020-08-27T11:17:16.723+0000][21728][gc,start     ] GC(556) Pause Remark
[2020-08-27T11:17:16.729+0000][21728][gc           ] GC(556) Pause Remark 278M->278M(1024M) 6.408ms
[2020-08-27T11:17:16.729+0000][21728][gc,cpu       ] GC(556) User=0.00s Sys=0.00s Real=0.01s
[2020-08-27T11:17:16.729+0000][21728][safepoint    ] Safepoint "G1Concurrent", Time since last: 154256500 ns, Reaching safepoint: 142000 ns, At safepoint: 6696700 ns, Total: 6838700 ns
[2020-08-27T11:17:16.729+0000][21728][gc,marking   ] GC(556) Concurrent Rebuild Remembered Sets
[2020-08-27T11:17:16.829+0000][21728][gc,marking   ] GC(556) Concurrent Rebuild Remembered Sets 100.016ms
[2020-08-27T11:17:16.830+0000][21728][gc,start     ] GC(556) Pause Cleanup
[2020-08-27T11:17:16.830+0000][21728][gc           ] GC(556) Pause Cleanup 285M->285M(1024M) 0.337ms
[2020-08-27T11:17:16.830+0000][21728][gc,cpu       ] GC(556) User=0.00s Sys=0.00s Real=0.00s
[2020-08-27T11:17:16.830+0000][21728][safepoint    ] Safepoint "G1Concurrent", Time since last: 100202200 ns, Reaching safepoint: 276300 ns, At safepoint: 495600 ns, Total: 771900 ns
[2020-08-27T11:17:16.830+0000][21728][gc,marking   ] GC(556) Concurrent Cleanup for Next Mark
[2020-08-27T11:17:16.832+0000][21728][gc,marking   ] GC(556) Concurrent Cleanup for Next Mark 1.889ms
[2020-08-27T11:17:16.832+0000][21728][gc           ] GC(556) Concurrent Cycle 264.165ms
[2020-08-27T11:17:16.886+0000][21728][gc,start     ] GC(557) Pause Young (Concurrent Start) (G1 Humongous Allocation)
[2020-08-27T11:17:16.886+0000][21728][gc,task      ] GC(557) Using 8 workers of 8 for evacuation
[2020-08-27T11:17:16.886+0000][21728][gc,age       ] GC(557) Desired survivor size 33554432 bytes, new threshold 15 (max threshold 15)
[2020-08-27T11:17:16.889+0000][21728][gc,age       ] GC(557) Age table with threshold 15 (max threshold 15)
[2020-08-27T11:17:16.889+0000][21728][gc,age       ] GC(557) - age   1:    1344192 bytes,    1344192 total
[2020-08-27T11:17:16.889+0000][21728][gc,age       ] GC(557) - age   2:       3440 bytes,    1347632 total
[2020-08-27T11:17:16.889+0000][21728][gc,age       ] GC(557) - age   3:       5136 bytes,    1352768 total
[2020-08-27T11:17:16.889+0000][21728][gc,age       ] GC(557) - age   4:       7912 bytes,    1360680 total
[2020-08-27T11:17:16.889+0000][21728][gc,age       ] GC(557) - age   5:       8392 bytes,    1369072 total
[2020-08-27T11:17:16.889+0000][21728][gc,age       ] GC(557) - age   6:      11272 bytes,    1380344 total
[2020-08-27T11:17:16.889+0000][21728][gc,age       ] GC(557) - age   7:      30000 bytes,    1410344 total
[2020-08-27T11:17:16.889+0000][21728][gc,age       ] GC(557) - age   8:        440 bytes,    1410784 total
[2020-08-27T11:17:16.889+0000][21728][gc,age       ] GC(557) - age   9:       6056 bytes,    1416840 total
[2020-08-27T11:17:16.889+0000][21728][gc,age       ] GC(557) - age  10:      10136 bytes,    1426976 total
[2020-08-27T11:17:16.889+0000][21728][gc,age       ] GC(557) - age  11:        320 bytes,    1427296 total
[2020-08-27T11:17:16.889+0000][21728][gc,age       ] GC(557) - age  12:        152 bytes,    1427448 total
[2020-08-27T11:17:16.889+0000][21728][gc,age       ] GC(557) - age  13:       4712 bytes,    1432160 total
[2020-08-27T11:17:16.889+0000][21728][gc,age       ] GC(557) - age  14:        160 bytes,    1432320 total
[2020-08-27T11:17:16.889+0000][21728][gc,age       ] GC(557) - age  15:        280 bytes,    1432600 total
[2020-08-27T11:17:16.889+0000][21728][gc,phases    ] GC(557)   Pre Evacuate Collection Set: 0.4ms
[2020-08-27T11:17:16.889+0000][21728][gc,phases    ] GC(557)   Merge Heap Roots: 0.1ms
[2020-08-27T11:17:16.889+0000][21728][gc,phases    ] GC(557)   Evacuate Collection Set: 1.7ms
[2020-08-27T11:17:16.889+0000][21728][gc,phases    ] GC(557)   Post Evacuate Collection Set: 0.6ms
[2020-08-27T11:17:16.889+0000][21728][gc,phases    ] GC(557)   Other: 0.8ms
[2020-08-27T11:17:16.889+0000][21728][gc,heap      ] GC(557) Eden regions: 25->0(505)
[2020-08-27T11:17:16.889+0000][21728][gc,heap      ] GC(557) Survivor regions: 2->2(64)
[2020-08-27T11:17:16.889+0000][21728][gc,heap      ] GC(557) Old regions: 81->81
[2020-08-27T11:17:16.890+0000][21728][gc,heap      ] GC(557) Archive regions: 0->0
[2020-08-27T11:17:16.890+0000][21728][gc,heap      ] GC(557) Humongous regions: 226->174
[2020-08-27T11:17:16.890+0000][21728][gc,metaspace ] GC(557) Metaspace: 88744K(94976K)->88744K(94976K) NonClass: 77483K(81152K)->77483K(81152K) Class: 11260K(13824K)->11260K(13824K)
[2020-08-27T11:17:16.890+0000][21728][gc           ] GC(557) Pause Young (Concurrent Start) (G1 Humongous Allocation) 332M->255M(1024M) 3.939ms
[2020-08-27T11:17:16.890+0000][21728][gc,cpu       ] GC(557) User=0.00s Sys=0.00s Real=0.00s
[2020-08-27T11:17:16.890+0000][21728][safepoint    ] Safepoint "G1TryInitiateConcMark", Time since last: 55068700 ns, Reaching safepoint: 240700 ns, At safepoint: 4090800 ns, Total: 4331500 ns
[2020-08-27T11:17:16.890+0000][21728][gc           ] GC(558) Concurrent Cycle
[2020-08-27T11:17:16.890+0000][21728][gc,marking   ] GC(558) Concurrent Clear Claimed Marks
[2020-08-27T11:17:16.890+0000][21728][gc,marking   ] GC(558) Concurrent Clear Claimed Marks 0.298ms
[2020-08-27T11:17:16.890+0000][21728][gc,marking   ] GC(558) Concurrent Scan Root Regions
[2020-08-27T11:17:16.892+0000][21728][gc,marking   ] GC(558) Concurrent Scan Root Regions 1.501ms
[2020-08-27T11:17:16.892+0000][21728][gc,marking   ] GC(558) Concurrent Mark (154.848s)
[2020-08-27T11:17:16.892+0000][21728][gc,marking   ] GC(558) Concurrent Mark From Roots
[2020-08-27T11:17:16.892+0000][21728][gc,task      ] GC(558) Using 2 workers of 2 for marking
[2020-08-27T11:17:17.066+0000][21728][gc,marking   ] GC(558) Concurrent Mark From Roots 174.566ms
[2020-08-27T11:17:17.066+0000][21728][gc,marking   ] GC(558) Concurrent Preclean
[2020-08-27T11:17:17.067+0000][21728][gc,marking   ] GC(558) Concurrent Preclean 0.575ms
[2020-08-27T11:17:17.067+0000][21728][gc,marking   ] GC(558) Concurrent Mark (154.848s, 155.023s) 175.332ms
[2020-08-27T11:17:17.067+0000][21728][gc,start     ] GC(558) Pause Remark
[2020-08-27T11:17:17.074+0000][21728][gc           ] GC(558) Pause Remark 272M->272M(1024M) 6.588ms
[2020-08-27T11:17:17.074+0000][21728][gc,cpu       ] GC(558) User=0.00s Sys=0.00s Real=0.01s
[2020-08-27T11:17:17.074+0000][21728][safepoint    ] Safepoint "G1Concurrent", Time since last: 177411400 ns, Reaching safepoint: 187100 ns, At safepoint: 6805800 ns, Total: 6992900 ns
[2020-08-27T11:17:17.074+0000][21728][gc,marking   ] GC(558) Concurrent Rebuild Remembered Sets
[2020-08-27T11:17:17.172+0000][21728][gc,marking   ] GC(558) Concurrent Rebuild Remembered Sets 97.704ms
[2020-08-27T11:17:17.172+0000][21728][gc,start     ] GC(558) Pause Cleanup
[2020-08-27T11:17:17.173+0000][21728][gc           ] GC(558) Pause Cleanup 273M->273M(1024M) 0.329ms
[2020-08-27T11:17:17.173+0000][21728][gc,cpu       ] GC(558) User=0.02s Sys=0.00s Real=0.00s
[2020-08-27T11:17:17.173+0000][21728][safepoint    ] Safepoint "G1Concurrent", Time since last: 97893500 ns, Reaching safepoint: 199300 ns, At safepoint: 483400 ns, Total: 682700 ns
[2020-08-27T11:17:17.173+0000][21728][gc,marking   ] GC(558) Concurrent Cleanup for Next Mark
[2020-08-27T11:17:17.174+0000][21728][gc,marking   ] GC(558) Concurrent Cleanup for Next Mark 1.755ms
[2020-08-27T11:17:17.175+0000][21728][gc           ] GC(558) Concurrent Cycle 284.984ms
[2020-08-27T11:17:17.272+0000][21728][gc,start     ] GC(559) Pause Young (Concurrent Start) (G1 Humongous Allocation)
[2020-08-27T11:17:17.272+0000][21728][gc,task      ] GC(559) Using 8 workers of 8 for evacuation
[2020-08-27T11:17:17.272+0000][21728][gc,age       ] GC(559) Desired survivor size 33554432 bytes, new threshold 15 (max threshold 15)
[2020-08-27T11:17:17.276+0000][21728][gc,age       ] GC(559) Age table with threshold 15 (max threshold 15)
[2020-08-27T11:17:17.276+0000][21728][gc,age       ] GC(559) - age   1:    1420736 bytes,    1420736 total
[2020-08-27T11:17:17.276+0000][21728][gc,age       ] GC(559) - age   2:      15944 bytes,    1436680 total
[2020-08-27T11:17:17.276+0000][21728][gc,age       ] GC(559) - age   3:       2448 bytes,    1439128 total
[2020-08-27T11:17:17.276+0000][21728][gc,age       ] GC(559) - age   4:       4720 bytes,    1443848 total
[2020-08-27T11:17:17.276+0000][21728][gc,age       ] GC(559) - age   5:       7752 bytes,    1451600 total
[2020-08-27T11:17:17.276+0000][21728][gc,age       ] GC(559) - age   6:       8104 bytes,    1459704 total
[2020-08-27T11:17:17.276+0000][21728][gc,age       ] GC(559) - age   7:      11080 bytes,    1470784 total
[2020-08-27T11:17:17.276+0000][21728][gc,age       ] GC(559) - age   8:      29968 bytes,    1500752 total
[2020-08-27T11:17:17.276+0000][21728][gc,age       ] GC(559) - age   9:        376 bytes,    1501128 total
[2020-08-27T11:17:17.276+0000][21728][gc,age       ] GC(559) - age  10:       6056 bytes,    1507184 total
[2020-08-27T11:17:17.276+0000][21728][gc,age       ] GC(559) - age  11:      10040 bytes,    1517224 total
[2020-08-27T11:17:17.276+0000][21728][gc,age       ] GC(559) - age  12:        320 bytes,    1517544 total
[2020-08-27T11:17:17.276+0000][21728][gc,age       ] GC(559) - age  13:        152 bytes,    1517696 total
[2020-08-27T11:17:17.276+0000][21728][gc,age       ] GC(559) - age  14:       4712 bytes,    1522408 total
[2020-08-27T11:17:17.276+0000][21728][gc,age       ] GC(559) - age  15:        160 bytes,    1522568 total
[2020-08-27T11:17:17.276+0000][21728][gc,phases    ] GC(559)   Pre Evacuate Collection Set: 0.4ms
[2020-08-27T11:17:17.276+0000][21728][gc,phases    ] GC(559)   Merge Heap Roots: 0.1ms
[2020-08-27T11:17:17.276+0000][21728][gc,phases    ] GC(559)   Evacuate Collection Set: 1.7ms
[2020-08-27T11:17:17.276+0000][21728][gc,phases    ] GC(559)   Post Evacuate Collection Set: 0.8ms
[2020-08-27T11:17:17.276+0000][21728][gc,phases    ] GC(559)   Other: 0.8ms
[2020-08-27T11:17:17.276+0000][21728][gc,heap      ] GC(559) Eden regions: 24->0(505)
[2020-08-27T11:17:17.276+0000][21728][gc,heap      ] GC(559) Survivor regions: 2->2(64)
[2020-08-27T11:17:17.276+0000][21728][gc,heap      ] GC(559) Old regions: 81->81
[2020-08-27T11:17:17.276+0000][21728][gc,heap      ] GC(559) Archive regions: 0->0
[2020-08-27T11:17:17.276+0000][21728][gc,heap      ] GC(559) Humongous regions: 226->174
[2020-08-27T11:17:17.276+0000][21728][gc,metaspace ] GC(559) Metaspace: 88762K(94976K)->88762K(94976K) NonClass: 77500K(81152K)->77500K(81152K) Class: 11262K(13824K)->11262K(13824K)
[2020-08-27T11:17:17.277+0000][21728][gc           ] GC(559) Pause Young (Concurrent Start) (G1 Humongous Allocation) 331M->256M(1024M) 4.363ms
[2020-08-27T11:17:17.277+0000][21728][gc,cpu       ] GC(559) User=0.00s Sys=0.00s Real=0.00s
[2020-08-27T11:17:17.277+0000][21728][safepoint    ] Safepoint "G1TryInitiateConcMark", Time since last: 99260800 ns, Reaching safepoint: 195800 ns, At safepoint: 4540800 ns, Total: 4736600 ns
[2020-08-27T11:17:17.277+0000][21728][gc           ] GC(560) Concurrent Cycle
[2020-08-27T11:17:17.277+0000][21728][gc,marking   ] GC(560) Concurrent Clear Claimed Marks
[2020-08-27T11:17:17.277+0000][21728][gc,marking   ] GC(560) Concurrent Clear Claimed Marks 0.386ms
[2020-08-27T11:17:17.277+0000][21728][gc,marking   ] GC(560) Concurrent Scan Root Regions
[2020-08-27T11:17:17.278+0000][21728][gc,marking   ] GC(560) Concurrent Scan Root Regions 1.303ms
[2020-08-27T11:17:17.279+0000][21728][gc,marking   ] GC(560) Concurrent Mark (155.234s)
[2020-08-27T11:17:17.279+0000][21728][gc,marking   ] GC(560) Concurrent Mark From Roots
[2020-08-27T11:17:17.279+0000][21728][gc,task      ] GC(560) Using 2 workers of 2 for marking
[2020-08-27T11:17:17.372+0000][21728][gc,marking   ] GC(560) Concurrent Mark From Roots 93.891ms
[2020-08-27T11:17:17.373+0000][21728][gc,marking   ] GC(560) Concurrent Preclean
[2020-08-27T11:17:17.373+0000][21728][gc,marking   ] GC(560) Concurrent Preclean 0.396ms
[2020-08-27T11:17:17.373+0000][21728][gc,marking   ] GC(560) Concurrent Mark (155.234s, 155.329s) 94.421ms
[2020-08-27T11:17:17.373+0000][21728][gc,start     ] GC(560) Pause Remark
[2020-08-27T11:17:17.379+0000][21728][gc           ] GC(560) Pause Remark 267M->267M(1024M) 5.815ms
[2020-08-27T11:17:17.379+0000][21728][gc,cpu       ] GC(560) User=0.11s Sys=0.00s Real=0.01s
[2020-08-27T11:17:17.379+0000][21728][safepoint    ] Safepoint "G1Concurrent", Time since last: 96408100 ns, Reaching safepoint: 135200 ns, At safepoint: 6056000 ns, Total: 6191200 ns
[2020-08-27T11:17:17.379+0000][21728][gc,marking   ] GC(560) Concurrent Rebuild Remembered Sets
[2020-08-27T11:17:17.448+0000][21728][gc,marking   ] GC(560) Concurrent Rebuild Remembered Sets 68.369ms
[2020-08-27T11:17:17.448+0000][21728][gc,start     ] GC(560) Pause Cleanup
[2020-08-27T11:17:17.448+0000][21728][gc           ] GC(560) Pause Cleanup 273M->273M(1024M) 0.264ms
[2020-08-27T11:17:17.448+0000][21728][gc,cpu       ] GC(560) User=0.00s Sys=0.00s Real=0.00s
[2020-08-27T11:17:17.448+0000][21728][safepoint    ] Safepoint "G1Concurrent", Time since last: 68559500 ns, Reaching safepoint: 136400 ns, At safepoint: 413800 ns, Total: 550200 ns
[2020-08-27T11:17:17.448+0000][21728][gc,marking   ] GC(560) Concurrent Cleanup for Next Mark
[2020-08-27T11:17:17.450+0000][21728][gc,marking   ] GC(560) Concurrent Cleanup for Next Mark 1.489ms
[2020-08-27T11:17:17.450+0000][21728][gc           ] GC(560) Concurrent Cycle 173.364ms
[2020-08-27T11:17:17.700+0000][21728][gc,start     ] GC(561) Pause Young (Concurrent Start) (G1 Humongous Allocation)
[2020-08-27T11:17:17.700+0000][21728][gc,task      ] GC(561) Using 8 workers of 8 for evacuation
[2020-08-27T11:17:17.700+0000][21728][gc,age       ] GC(561) Desired survivor size 33554432 bytes, new threshold 15 (max threshold 15)
[2020-08-27T11:17:17.703+0000][21728][gc,age       ] GC(561) Age table with threshold 15 (max threshold 15)
[2020-08-27T11:17:17.703+0000][21728][gc,age       ] GC(561) - age   1:    2531400 bytes,    2531400 total
[2020-08-27T11:17:17.703+0000][21728][gc,age       ] GC(561) - age   2:      23760 bytes,    2555160 total
[2020-08-27T11:17:17.703+0000][21728][gc,age       ] GC(561) - age   3:      13848 bytes,    2569008 total
[2020-08-27T11:17:17.703+0000][21728][gc,age       ] GC(561) - age   4:       1752 bytes,    2570760 total
[2020-08-27T11:17:17.703+0000][21728][gc,age       ] GC(561) - age   5:       4720 bytes,    2575480 total
[2020-08-27T11:17:17.703+0000][21728][gc,age       ] GC(561) - age   6:       7560 bytes,    2583040 total
[2020-08-27T11:17:17.703+0000][21728][gc,age       ] GC(561) - age   7:       7880 bytes,    2590920 total
[2020-08-27T11:17:17.703+0000][21728][gc,age       ] GC(561) - age   8:      10888 bytes,    2601808 total
[2020-08-27T11:17:17.703+0000][21728][gc,age       ] GC(561) - age   9:      29968 bytes,    2631776 total
[2020-08-27T11:17:17.703+0000][21728][gc,age       ] GC(561) - age  10:        312 bytes,    2632088 total
[2020-08-27T11:17:17.703+0000][21728][gc,age       ] GC(561) - age  11:       6056 bytes,    2638144 total
[2020-08-27T11:17:17.703+0000][21728][gc,age       ] GC(561) - age  12:      10040 bytes,    2648184 total
[2020-08-27T11:17:17.703+0000][21728][gc,age       ] GC(561) - age  13:        320 bytes,    2648504 total
[2020-08-27T11:17:17.703+0000][21728][gc,age       ] GC(561) - age  14:        152 bytes,    2648656 total
[2020-08-27T11:17:17.703+0000][21728][gc,age       ] GC(561) - age  15:       4712 bytes,    2653368 total
[2020-08-27T11:17:17.704+0000][21728][gc,phases    ] GC(561)   Pre Evacuate Collection Set: 0.5ms
[2020-08-27T11:17:17.704+0000][21728][gc,phases    ] GC(561)   Merge Heap Roots: 0.1ms
[2020-08-27T11:17:17.704+0000][21728][gc,phases    ] GC(561)   Evacuate Collection Set: 1.9ms
[2020-08-27T11:17:17.704+0000][21728][gc,phases    ] GC(561)   Post Evacuate Collection Set: 0.9ms
[2020-08-27T11:17:17.704+0000][21728][gc,phases    ] GC(561)   Other: 0.7ms
[2020-08-27T11:17:17.704+0000][21728][gc,heap      ] GC(561) Eden regions: 37->0(504)
[2020-08-27T11:17:17.704+0000][21728][gc,heap      ] GC(561) Survivor regions: 2->3(64)
[2020-08-27T11:17:17.704+0000][21728][gc,heap      ] GC(561) Old regions: 81->81
[2020-08-27T11:17:17.704+0000][21728][gc,heap      ] GC(561) Archive regions: 0->0
[2020-08-27T11:17:17.704+0000][21728][gc,heap      ] GC(561) Humongous regions: 226->174
[2020-08-27T11:17:17.704+0000][21728][gc,metaspace ] GC(561) Metaspace: 88762K(94976K)->88762K(94976K) NonClass: 77500K(81152K)->77500K(81152K) Class: 11262K(13824K)->11262K(13824K)
[2020-08-27T11:17:17.704+0000][21728][gc           ] GC(561) Pause Young (Concurrent Start) (G1 Humongous Allocation) 344M->257M(1024M) 4.324ms
[2020-08-27T11:17:17.704+0000][21728][gc,cpu       ] GC(561) User=0.02s Sys=0.00s Real=0.00s
[2020-08-27T11:17:17.704+0000][21728][gc           ] GC(562) Concurrent Cycle
[2020-08-27T11:17:17.704+0000][21728][safepoint    ] Safepoint "G1TryInitiateConcMark", Time since last: 250919200 ns, Reaching safepoint: 164700 ns, At safepoint: 4513200 ns, Total: 4677900 ns
[2020-08-27T11:17:17.704+0000][21728][gc,marking   ] GC(562) Concurrent Clear Claimed Marks
[2020-08-27T11:17:17.705+0000][21728][gc,marking   ] GC(562) Concurrent Clear Claimed Marks 0.537ms
[2020-08-27T11:17:17.705+0000][21728][gc,marking   ] GC(562) Concurrent Scan Root Regions
[2020-08-27T11:17:17.706+0000][21728][gc,marking   ] GC(562) Concurrent Scan Root Regions 1.524ms
[2020-08-27T11:17:17.706+0000][21728][gc,marking   ] GC(562) Concurrent Mark (155.662s)
[2020-08-27T11:17:17.706+0000][21728][gc,marking   ] GC(562) Concurrent Mark From Roots
[2020-08-27T11:17:17.706+0000][21728][gc,task      ] GC(562) Using 2 workers of 2 for marking
[2020-08-27T11:17:17.817+0000][21728][gc,marking   ] GC(562) Concurrent Mark From Roots 110.587ms
[2020-08-27T11:17:17.817+0000][21728][gc,marking   ] GC(562) Concurrent Preclean
[2020-08-27T11:17:17.817+0000][21728][gc,marking   ] GC(562) Concurrent Preclean 0.361ms
[2020-08-27T11:17:17.817+0000][21728][gc,marking   ] GC(562) Concurrent Mark (155.662s, 155.773s) 111.054ms
[2020-08-27T11:17:17.818+0000][21728][gc,start     ] GC(562) Pause Remark
[2020-08-27T11:17:17.823+0000][21728][gc           ] GC(562) Pause Remark 307M->307M(1024M) 5.125ms
[2020-08-27T11:17:17.823+0000][21728][gc,cpu       ] GC(562) User=0.00s Sys=0.00s Real=0.00s
[2020-08-27T11:17:17.823+0000][21728][safepoint    ] Safepoint "G1Concurrent", Time since last: 113389400 ns, Reaching safepoint: 129500 ns, At safepoint: 5331500 ns, Total: 5461000 ns
[2020-08-27T11:17:17.823+0000][21728][gc,marking   ] GC(562) Concurrent Rebuild Remembered Sets
[2020-08-27T11:17:17.899+0000][21728][gc,marking   ] GC(562) Concurrent Rebuild Remembered Sets 76.299ms
[2020-08-27T11:17:17.899+0000][21728][gc,start     ] GC(562) Pause Cleanup
[2020-08-27T11:17:17.900+0000][21728][gc           ] GC(562) Pause Cleanup 371M->371M(1024M) 0.266ms
[2020-08-27T11:17:17.900+0000][21728][gc,cpu       ] GC(562) User=0.00s Sys=0.00s Real=0.00s
[2020-08-27T11:17:17.900+0000][21728][safepoint    ] Safepoint "G1Concurrent", Time since last: 76476500 ns, Reaching safepoint: 143100 ns, At safepoint: 380500 ns, Total: 523600 ns
[2020-08-27T11:17:17.900+0000][21728][gc,marking   ] GC(562) Concurrent Cleanup for Next Mark
[2020-08-27T11:17:17.901+0000][21728][gc,marking   ] GC(562) Concurrent Cleanup for Next Mark 1.302ms
[2020-08-27T11:17:17.901+0000][21728][gc           ] GC(562) Concurrent Cycle 197.307ms
[2020-08-27T11:17:18.099+0000][21728][gc,start     ] GC(563) Pause Young (Concurrent Start) (G1 Humongous Allocation)
[2020-08-27T11:17:18.099+0000][21728][gc,task      ] GC(563) Using 8 workers of 8 for evacuation
[2020-08-27T11:17:18.099+0000][21728][gc,age       ] GC(563) Desired survivor size 33554432 bytes, new threshold 15 (max threshold 15)
[2020-08-27T11:17:18.102+0000][21728][gc,age       ] GC(563) Age table with threshold 15 (max threshold 15)
[2020-08-27T11:17:18.102+0000][21728][gc,age       ] GC(563) - age   1:    2592720 bytes,    2592720 total
[2020-08-27T11:17:18.102+0000][21728][gc,age       ] GC(563) - age   2:       6264 bytes,    2598984 total
[2020-08-27T11:17:18.102+0000][21728][gc,age       ] GC(563) - age   3:      23312 bytes,    2622296 total
[2020-08-27T11:17:18.102+0000][21728][gc,age       ] GC(563) - age   4:      12432 bytes,    2634728 total
[2020-08-27T11:17:18.102+0000][21728][gc,age       ] GC(563) - age   5:       1656 bytes,    2636384 total
[2020-08-27T11:17:18.102+0000][21728][gc,age       ] GC(563) - age   6:       4496 bytes,    2640880 total
[2020-08-27T11:17:18.102+0000][21728][gc,age       ] GC(563) - age   7:       7496 bytes,    2648376 total
[2020-08-27T11:17:18.102+0000][21728][gc,age       ] GC(563) - age   8:       7528 bytes,    2655904 total
[2020-08-27T11:17:18.102+0000][21728][gc,age       ] GC(563) - age   9:      10568 bytes,    2666472 total
[2020-08-27T11:17:18.102+0000][21728][gc,age       ] GC(563) - age  10:      29872 bytes,    2696344 total
[2020-08-27T11:17:18.102+0000][21728][gc,age       ] GC(563) - age  11:        312 bytes,    2696656 total
[2020-08-27T11:17:18.102+0000][21728][gc,age       ] GC(563) - age  12:       6056 bytes,    2702712 total
[2020-08-27T11:17:18.102+0000][21728][gc,age       ] GC(563) - age  13:      10040 bytes,    2712752 total
[2020-08-27T11:17:18.102+0000][21728][gc,age       ] GC(563) - age  14:        320 bytes,    2713072 total
[2020-08-27T11:17:18.102+0000][21728][gc,age       ] GC(563) - age  15:        152 bytes,    2713224 total
[2020-08-27T11:17:18.102+0000][21728][gc,phases    ] GC(563)   Pre Evacuate Collection Set: 0.3ms
[2020-08-27T11:17:18.102+0000][21728][gc,phases    ] GC(563)   Merge Heap Roots: 0.1ms
[2020-08-27T11:17:18.102+0000][21728][gc,phases    ] GC(563)   Evacuate Collection Set: 1.7ms
[2020-08-27T11:17:18.102+0000][21728][gc,phases    ] GC(563)   Post Evacuate Collection Set: 0.8ms
[2020-08-27T11:17:18.103+0000][21728][gc,phases    ] GC(563)   Other: 0.6ms
[2020-08-27T11:17:18.103+0000][21728][gc,heap      ] GC(563) Eden regions: 41->0(504)
[2020-08-27T11:17:18.103+0000][21728][gc,heap      ] GC(563) Survivor regions: 3->3(64)
[2020-08-27T11:17:18.103+0000][21728][gc,heap      ] GC(563) Old regions: 81->81
[2020-08-27T11:17:18.103+0000][21728][gc,heap      ] GC(563) Archive regions: 0->0
[2020-08-27T11:17:18.103+0000][21728][gc,heap      ] GC(563) Humongous regions: 260->174
[2020-08-27T11:17:18.103+0000][21728][gc,metaspace ] GC(563) Metaspace: 88762K(94976K)->88762K(94976K) NonClass: 77500K(81152K)->77500K(81152K) Class: 11262K(13824K)->11262K(13824K)
[2020-08-27T11:17:18.103+0000][21728][gc           ] GC(563) Pause Young (Concurrent Start) (G1 Humongous Allocation) 383M->257M(1024M) 3.788ms
[2020-08-27T11:17:18.103+0000][21728][gc,cpu       ] GC(563) User=0.00s Sys=0.00s Real=0.00s
[2020-08-27T11:17:18.103+0000][21728][safepoint    ] Safepoint "G1TryInitiateConcMark", Time since last: 198905600 ns, Reaching safepoint: 136300 ns, At safepoint: 3932000 ns, Total: 4068300 ns
[2020-08-27T11:17:18.103+0000][21728][gc           ] GC(564) Concurrent Cycle
[2020-08-27T11:17:18.103+0000][21728][gc,marking   ] GC(564) Concurrent Clear Claimed Marks
[2020-08-27T11:17:18.103+0000][21728][gc,marking   ] GC(564) Concurrent Clear Claimed Marks 0.355ms
[2020-08-27T11:17:18.103+0000][21728][gc,marking   ] GC(564) Concurrent Scan Root Regions
[2020-08-27T11:17:18.105+0000][21728][gc,marking   ] GC(564) Concurrent Scan Root Regions 1.755ms
[2020-08-27T11:17:18.105+0000][21728][gc,marking   ] GC(564) Concurrent Mark (156.061s)
[2020-08-27T11:17:18.105+0000][21728][gc,marking   ] GC(564) Concurrent Mark From Roots
[2020-08-27T11:17:18.105+0000][21728][gc,task      ] GC(564) Using 2 workers of 2 for marking
[2020-08-27T11:17:18.218+0000][21728][gc,marking   ] GC(564) Concurrent Mark From Roots 112.473ms
[2020-08-27T11:17:18.218+0000][21728][gc,marking   ] GC(564) Concurrent Preclean
[2020-08-27T11:17:18.218+0000][21728][gc,marking   ] GC(564) Concurrent Preclean 0.329ms
[2020-08-27T11:17:18.218+0000][21728][gc,marking   ] GC(564) Concurrent Mark (156.061s, 156.174s) 112.916ms
[2020-08-27T11:17:18.218+0000][21728][gc,start     ] GC(564) Pause Remark
[2020-08-27T11:17:18.223+0000][21728][gc           ] GC(564) Pause Remark 316M->316M(1024M) 5.081ms
[2020-08-27T11:17:18.223+0000][21728][gc,cpu       ] GC(564) User=0.13s Sys=0.00s Real=0.01s
[2020-08-27T11:17:18.223+0000][21728][safepoint    ] Safepoint "G1Concurrent", Time since last: 115306400 ns, Reaching safepoint: 137200 ns, At safepoint: 5217600 ns, Total: 5354800 ns
[2020-08-27T11:17:18.224+0000][21728][gc,marking   ] GC(564) Concurrent Rebuild Remembered Sets
[2020-08-27T11:17:18.299+0000][21728][gc,marking   ] GC(564) Concurrent Rebuild Remembered Sets 75.357ms
[2020-08-27T11:17:18.299+0000][21728][gc,start     ] GC(564) Pause Cleanup
[2020-08-27T11:17:18.299+0000][21728][gc           ] GC(564) Pause Cleanup 383M->383M(1024M) 0.246ms
[2020-08-27T11:17:18.299+0000][21728][gc,cpu       ] GC(564) User=0.00s Sys=0.00s Real=0.00s
[2020-08-27T11:17:18.299+0000][21728][safepoint    ] Safepoint "G1Concurrent", Time since last: 75498700 ns, Reaching safepoint: 149600 ns, At safepoint: 378800 ns, Total: 528400 ns
[2020-08-27T11:17:18.300+0000][21728][gc,marking   ] GC(564) Concurrent Cleanup for Next Mark
[2020-08-27T11:17:18.301+0000][21728][gc,marking   ] GC(564) Concurrent Cleanup for Next Mark 1.459ms
[2020-08-27T11:17:18.301+0000][21728][gc           ] GC(564) Concurrent Cycle 198.341ms
[2020-08-27T11:17:18.505+0000][21728][gc,start     ] GC(565) Pause Young (Concurrent Start) (G1 Humongous Allocation)
[2020-08-27T11:17:18.505+0000][21728][gc,task      ] GC(565) Using 8 workers of 8 for evacuation
[2020-08-27T11:17:18.505+0000][21728][gc,age       ] GC(565) Desired survivor size 33554432 bytes, new threshold 15 (max threshold 15)
[2020-08-27T11:17:18.511+0000][21728][gc,age       ] GC(565) Age table with threshold 15 (max threshold 15)
[2020-08-27T11:17:18.511+0000][21728][gc,age       ] GC(565) - age   1:   17489888 bytes,   17489888 total
[2020-08-27T11:17:18.511+0000][21728][gc,age       ] GC(565) - age   2:       3752 bytes,   17493640 total
[2020-08-27T11:17:18.511+0000][21728][gc,age       ] GC(565) - age   3:       4960 bytes,   17498600 total
[2020-08-27T11:17:18.511+0000][21728][gc,age       ] GC(565) - age   4:      21936 bytes,   17520536 total
[2020-08-27T11:17:18.512+0000][21728][gc,age       ] GC(565) - age   5:      12176 bytes,   17532712 total
[2020-08-27T11:17:18.512+0000][21728][gc,age       ] GC(565) - age   6:       1432 bytes,   17534144 total
[2020-08-27T11:17:18.512+0000][21728][gc,age       ] GC(565) - age   7:       4040 bytes,   17538184 total
[2020-08-27T11:17:18.512+0000][21728][gc,age       ] GC(565) - age   8:       7432 bytes,   17545616 total
[2020-08-27T11:17:18.512+0000][21728][gc,age       ] GC(565) - age   9:       7400 bytes,   17553016 total
[2020-08-27T11:17:18.512+0000][21728][gc,age       ] GC(565) - age  10:      10568 bytes,   17563584 total
[2020-08-27T11:17:18.512+0000][21728][gc,age       ] GC(565) - age  11:      29680 bytes,   17593264 total
[2020-08-27T11:17:18.512+0000][21728][gc,age       ] GC(565) - age  12:        312 bytes,   17593576 total
[2020-08-27T11:17:18.512+0000][21728][gc,age       ] GC(565) - age  13:       6056 bytes,   17599632 total
[2020-08-27T11:17:18.512+0000][21728][gc,age       ] GC(565) - age  14:      10040 bytes,   17609672 total
[2020-08-27T11:17:18.512+0000][21728][gc,age       ] GC(565) - age  15:        320 bytes,   17609992 total
[2020-08-27T11:17:18.512+0000][21728][gc,phases    ] GC(565)   Pre Evacuate Collection Set: 0.4ms
[2020-08-27T11:17:18.512+0000][21728][gc,phases    ] GC(565)   Merge Heap Roots: 0.1ms
[2020-08-27T11:17:18.512+0000][21728][gc,phases    ] GC(565)   Evacuate Collection Set: 4.7ms
[2020-08-27T11:17:18.512+0000][21728][gc,phases    ] GC(565)   Post Evacuate Collection Set: 0.9ms
[2020-08-27T11:17:18.512+0000][21728][gc,phases    ] GC(565)   Other: 1.1ms
[2020-08-27T11:17:18.512+0000][21728][gc,heap      ] GC(565) Eden regions: 65->0(473)
[2020-08-27T11:17:18.512+0000][21728][gc,heap      ] GC(565) Survivor regions: 3->18(64)
[2020-08-27T11:17:18.512+0000][21728][gc,heap      ] GC(565) Old regions: 81->81
[2020-08-27T11:17:18.512+0000][21728][gc,heap      ] GC(565) Archive regions: 0->0
[2020-08-27T11:17:18.512+0000][21728][gc,heap      ] GC(565) Humongous regions: 270->174
[2020-08-27T11:17:18.512+0000][21728][gc,metaspace ] GC(565) Metaspace: 88763K(94976K)->88763K(94976K) NonClass: 77501K(81152K)->77501K(81152K) Class: 11262K(13824K)->11262K(13824K)
[2020-08-27T11:17:18.512+0000][21728][gc           ] GC(565) Pause Young (Concurrent Start) (G1 Humongous Allocation) 418M->271M(1024M) 7.606ms
[2020-08-27T11:17:18.512+0000][21728][gc,cpu       ] GC(565) User=0.00s Sys=0.00s Real=0.01s
[2020-08-27T11:17:18.513+0000][21728][gc           ] GC(566) Concurrent Cycle
[2020-08-27T11:17:18.513+0000][21728][gc,marking   ] GC(566) Concurrent Clear Claimed Marks
[2020-08-27T11:17:18.513+0000][21728][gc,marking   ] GC(566) Concurrent Clear Claimed Marks 0.373ms
[2020-08-27T11:17:18.513+0000][21728][gc,marking   ] GC(566) Concurrent Scan Root Regions
[2020-08-27T11:17:18.514+0000][21728][safepoint    ] Safepoint "G1TryInitiateConcMark", Time since last: 205015700 ns, Reaching safepoint: 212600 ns, At safepoint: 9105600 ns, Total: 9318200 ns
[2020-08-27T11:17:18.516+0000][21728][gc,marking   ] GC(566) Concurrent Scan Root Regions 2.623ms
[2020-08-27T11:17:18.516+0000][21728][gc,marking   ] GC(566) Concurrent Mark (156.472s)
[2020-08-27T11:17:18.516+0000][21728][gc,marking   ] GC(566) Concurrent Mark From Roots
[2020-08-27T11:17:18.516+0000][21728][gc,task      ] GC(566) Using 2 workers of 2 for marking
[2020-08-27T11:17:18.685+0000][21728][gc,marking   ] GC(566) Concurrent Mark From Roots 169.118ms
[2020-08-27T11:17:18.685+0000][21728][gc,marking   ] GC(566) Concurrent Preclean
[2020-08-27T11:17:18.686+0000][21728][gc,marking   ] GC(566) Concurrent Preclean 0.549ms
[2020-08-27T11:17:18.686+0000][21728][gc,marking   ] GC(566) Concurrent Mark (156.472s, 156.642s) 169.845ms
[2020-08-27T11:17:18.686+0000][21728][gc,start     ] GC(566) Pause Remark
[2020-08-27T11:17:18.692+0000][21728][gc           ] GC(566) Pause Remark 505M->505M(1024M) 6.455ms
[2020-08-27T11:17:18.692+0000][21728][gc,cpu       ] GC(566) User=0.11s Sys=0.00s Real=0.01s
[2020-08-27T11:17:18.692+0000][21728][safepoint    ] Safepoint "G1Concurrent", Time since last: 171930500 ns, Reaching safepoint: 154800 ns, At safepoint: 6670600 ns, Total: 6825400 ns
[2020-08-27T11:17:18.693+0000][21728][gc,marking   ] GC(566) Concurrent Rebuild Remembered Sets
[2020-08-27T11:17:18.803+0000][21728][gc,marking   ] GC(566) Concurrent Rebuild Remembered Sets 110.463ms
[2020-08-27T11:17:18.803+0000][21728][gc,start     ] GC(566) Pause Cleanup
[2020-08-27T11:17:18.804+0000][21728][gc           ] GC(566) Pause Cleanup 621M->621M(1024M) 0.374ms
[2020-08-27T11:17:18.804+0000][21728][gc,cpu       ] GC(566) User=0.00s Sys=0.00s Real=0.00s
[2020-08-27T11:17:18.804+0000][21728][safepoint    ] Safepoint "G1Concurrent", Time since last: 110669300 ns, Reaching safepoint: 178400 ns, At safepoint: 584100 ns, Total: 762500 ns
[2020-08-27T11:17:18.804+0000][21728][gc,marking   ] GC(566) Concurrent Cleanup for Next Mark
[2020-08-27T11:17:18.806+0000][21728][gc,marking   ] GC(566) Concurrent Cleanup for Next Mark 2.166ms
[2020-08-27T11:17:18.806+0000][21728][gc           ] GC(566) Concurrent Cycle 293.852ms
[2020-08-27T11:17:18.965+0000][21728][gc,start     ] GC(567) Pause Young (Concurrent Start) (G1 Humongous Allocation)
[2020-08-27T11:17:18.965+0000][21728][gc,task      ] GC(567) Using 8 workers of 8 for evacuation
[2020-08-27T11:17:18.965+0000][21728][gc,age       ] GC(567) Desired survivor size 32505856 bytes, new threshold 15 (max threshold 15)
[2020-08-27T11:17:18.969+0000][21728][gc,age       ] GC(567) Age table with threshold 15 (max threshold 15)
[2020-08-27T11:17:18.969+0000][21728][gc,age       ] GC(567) - age   1:    1294712 bytes,    1294712 total
[2020-08-27T11:17:18.969+0000][21728][gc,age       ] GC(567) - age   2:    2465536 bytes,    3760248 total
[2020-08-27T11:17:18.969+0000][21728][gc,age       ] GC(567) - age   3:       2704 bytes,    3762952 total
[2020-08-27T11:17:18.969+0000][21728][gc,age       ] GC(567) - age   4:       4768 bytes,    3767720 total
[2020-08-27T11:17:18.969+0000][21728][gc,age       ] GC(567) - age   5:      21936 bytes,    3789656 total
[2020-08-27T11:17:18.969+0000][21728][gc,age       ] GC(567) - age   6:       9784 bytes,    3799440 total
[2020-08-27T11:17:18.969+0000][21728][gc,age       ] GC(567) - age   7:       1432 bytes,    3800872 total
[2020-08-27T11:17:18.969+0000][21728][gc,age       ] GC(567) - age   8:       4040 bytes,    3804912 total
[2020-08-27T11:17:18.969+0000][21728][gc,age       ] GC(567) - age   9:       7432 bytes,    3812344 total
[2020-08-27T11:17:18.969+0000][21728][gc,age       ] GC(567) - age  10:       7400 bytes,    3819744 total
[2020-08-27T11:17:18.969+0000][21728][gc,age       ] GC(567) - age  11:      10568 bytes,    3830312 total
[2020-08-27T11:17:18.969+0000][21728][gc,age       ] GC(567) - age  12:      29680 bytes,    3859992 total
[2020-08-27T11:17:18.969+0000][21728][gc,age       ] GC(567) - age  13:        312 bytes,    3860304 total
[2020-08-27T11:17:18.969+0000][21728][gc,age       ] GC(567) - age  14:       6056 bytes,    3866360 total
[2020-08-27T11:17:18.969+0000][21728][gc,age       ] GC(567) - age  15:      10040 bytes,    3876400 total
[2020-08-27T11:17:18.969+0000][21728][gc,phases    ] GC(567)   Pre Evacuate Collection Set: 0.4ms
[2020-08-27T11:17:18.969+0000][21728][gc,phases    ] GC(567)   Merge Heap Roots: 0.1ms
[2020-08-27T11:17:18.969+0000][21728][gc,phases    ] GC(567)   Evacuate Collection Set: 2.4ms
[2020-08-27T11:17:18.969+0000][21728][gc,phases    ] GC(567)   Post Evacuate Collection Set: 0.8ms
[2020-08-27T11:17:18.969+0000][21728][gc,phases    ] GC(567)   Other: 0.7ms
[2020-08-27T11:17:18.969+0000][21728][gc,heap      ] GC(567) Eden regions: 73->0(490)
[2020-08-27T11:17:18.969+0000][21728][gc,heap      ] GC(567) Survivor regions: 18->4(62)
[2020-08-27T11:17:18.969+0000][21728][gc,heap      ] GC(567) Old regions: 81->81
[2020-08-27T11:17:18.969+0000][21728][gc,heap      ] GC(567) Archive regions: 0->0
[2020-08-27T11:17:18.969+0000][21728][gc,heap      ] GC(567) Humongous regions: 462->174
[2020-08-27T11:17:18.969+0000][21728][gc,metaspace ] GC(567) Metaspace: 88763K(94976K)->88763K(94976K) NonClass: 77501K(81152K)->77501K(81152K) Class: 11262K(13824K)->11262K(13824K)
[2020-08-27T11:17:18.969+0000][21728][gc           ] GC(567) Pause Young (Concurrent Start) (G1 Humongous Allocation) 632M->258M(1024M) 4.537ms
[2020-08-27T11:17:18.969+0000][21728][gc,cpu       ] GC(567) User=0.00s Sys=0.00s Real=0.00s
[2020-08-27T11:17:18.969+0000][21728][gc           ] GC(568) Concurrent Cycle
[2020-08-27T11:17:18.969+0000][21728][safepoint    ] Safepoint "G1TryInitiateConcMark", Time since last: 160584600 ns, Reaching safepoint: 158000 ns, At safepoint: 4700000 ns, Total: 4858000 ns
[2020-08-27T11:17:18.969+0000][21728][gc,marking   ] GC(568) Concurrent Clear Claimed Marks
[2020-08-27T11:17:18.970+0000][21728][gc,marking   ] GC(568) Concurrent Clear Claimed Marks 0.475ms
[2020-08-27T11:17:18.970+0000][21728][gc,marking   ] GC(568) Concurrent Scan Root Regions
[2020-08-27T11:17:18.973+0000][21728][gc,marking   ] GC(568) Concurrent Scan Root Regions 2.821ms
[2020-08-27T11:17:18.973+0000][21728][gc,marking   ] GC(568) Concurrent Mark (156.929s)
[2020-08-27T11:17:18.973+0000][21728][gc,marking   ] GC(568) Concurrent Mark From Roots
[2020-08-27T11:17:18.973+0000][21728][gc,task      ] GC(568) Using 2 workers of 2 for marking
[2020-08-27T11:17:19.089+0000][21728][gc,marking   ] GC(568) Concurrent Mark From Roots 116.077ms
[2020-08-27T11:17:19.089+0000][21728][gc,marking   ] GC(568) Concurrent Preclean
[2020-08-27T11:17:19.089+0000][21728][gc,marking   ] GC(568) Concurrent Preclean 0.439ms
[2020-08-27T11:17:19.090+0000][21728][gc,marking   ] GC(568) Concurrent Mark (156.929s, 157.046s) 116.653ms
[2020-08-27T11:17:19.090+0000][21728][gc,start     ] GC(568) Pause Remark
[2020-08-27T11:17:19.096+0000][21728][gc           ] GC(568) Pause Remark 324M->324M(1024M) 5.779ms
[2020-08-27T11:17:19.096+0000][21728][gc,cpu       ] GC(568) User=0.13s Sys=0.00s Real=0.01s
[2020-08-27T11:17:19.096+0000][21728][safepoint    ] Safepoint "G1Concurrent", Time since last: 120207000 ns, Reaching safepoint: 225600 ns, At safepoint: 5993900 ns, Total: 6219500 ns
[2020-08-27T11:17:19.096+0000][21728][gc,marking   ] GC(568) Concurrent Rebuild Remembered Sets
[2020-08-27T11:17:19.168+0000][21728][gc,marking   ] GC(568) Concurrent Rebuild Remembered Sets 72.495ms
[2020-08-27T11:17:19.169+0000][21728][gc,start     ] GC(568) Pause Cleanup
[2020-08-27T11:17:19.169+0000][21728][gc           ] GC(568) Pause Cleanup 335M->335M(1024M) 0.254ms
[2020-08-27T11:17:19.169+0000][21728][gc,cpu       ] GC(568) User=0.00s Sys=0.00s Real=0.00s
[2020-08-27T11:17:19.169+0000][21728][safepoint    ] Safepoint "G1Concurrent", Time since last: 72705900 ns, Reaching safepoint: 127200 ns, At safepoint: 370100 ns, Total: 497300 ns
[2020-08-27T11:17:19.169+0000][21728][gc,marking   ] GC(568) Concurrent Cleanup for Next Mark
[2020-08-27T11:17:19.170+0000][21728][gc,marking   ] GC(568) Concurrent Cleanup for Next Mark 1.128ms
[2020-08-27T11:17:19.170+0000][21728][gc           ] GC(568) Concurrent Cycle 200.918ms
[2020-08-27T11:17:19.311+0000][21728][gc,start     ] GC(569) Pause Young (Concurrent Start) (G1 Humongous Allocation)
[2020-08-27T11:17:19.311+0000][21728][gc,task      ] GC(569) Using 8 workers of 8 for evacuation
[2020-08-27T11:17:19.311+0000][21728][gc,age       ] GC(569) Desired survivor size 32505856 bytes, new threshold 15 (max threshold 15)
[2020-08-27T11:17:19.314+0000][21728][gc,age       ] GC(569) Age table with threshold 15 (max threshold 15)
[2020-08-27T11:17:19.314+0000][21728][gc,age       ] GC(569) - age   1:    2331008 bytes,    2331008 total
[2020-08-27T11:17:19.314+0000][21728][gc,age       ] GC(569) - age   2:       1568 bytes,    2332576 total
[2020-08-27T11:17:19.314+0000][21728][gc,age       ] GC(569) - age   3:      32928 bytes,    2365504 total
[2020-08-27T11:17:19.314+0000][21728][gc,age       ] GC(569) - age   4:       2280 bytes,    2367784 total
[2020-08-27T11:17:19.314+0000][21728][gc,age       ] GC(569) - age   5:       2192 bytes,    2369976 total
[2020-08-27T11:17:19.314+0000][21728][gc,age       ] GC(569) - age   6:      21808 bytes,    2391784 total
[2020-08-27T11:17:19.314+0000][21728][gc,age       ] GC(569) - age   7:       9592 bytes,    2401376 total
[2020-08-27T11:17:19.314+0000][21728][gc,age       ] GC(569) - age   8:       1304 bytes,    2402680 total
[2020-08-27T11:17:19.314+0000][21728][gc,age       ] GC(569) - age   9:       4008 bytes,    2406688 total
[2020-08-27T11:17:19.314+0000][21728][gc,age       ] GC(569) - age  10:       7432 bytes,    2414120 total
[2020-08-27T11:17:19.314+0000][21728][gc,age       ] GC(569) - age  11:       7400 bytes,    2421520 total
[2020-08-27T11:17:19.314+0000][21728][gc,age       ] GC(569) - age  12:      10568 bytes,    2432088 total
[2020-08-27T11:17:19.314+0000][21728][gc,age       ] GC(569) - age  13:      29680 bytes,    2461768 total
[2020-08-27T11:17:19.314+0000][21728][gc,age       ] GC(569) - age  14:        312 bytes,    2462080 total
[2020-08-27T11:17:19.314+0000][21728][gc,age       ] GC(569) - age  15:       6056 bytes,    2468136 total
[2020-08-27T11:17:19.314+0000][21728][gc,phases    ] GC(569)   Pre Evacuate Collection Set: 0.3ms
[2020-08-27T11:17:19.314+0000][21728][gc,phases    ] GC(569)   Merge Heap Roots: 0.1ms
[2020-08-27T11:17:19.314+0000][21728][gc,phases    ] GC(569)   Evacuate Collection Set: 2.0ms
[2020-08-27T11:17:19.314+0000][21728][gc,phases    ] GC(569)   Post Evacuate Collection Set: 0.5ms
[2020-08-27T11:17:19.314+0000][21728][gc,phases    ] GC(569)   Other: 0.6ms
[2020-08-27T11:17:19.314+0000][21728][gc,heap      ] GC(569) Eden regions: 38->0(494)
[2020-08-27T11:17:19.314+0000][21728][gc,heap      ] GC(569) Survivor regions: 4->3(62)
[2020-08-27T11:17:19.315+0000][21728][gc,heap      ] GC(569) Old regions: 81->81
[2020-08-27T11:17:19.315+0000][21728][gc,heap      ] GC(569) Archive regions: 0->0
[2020-08-27T11:17:19.315+0000][21728][gc,heap      ] GC(569) Humongous regions: 226->174
[2020-08-27T11:17:19.315+0000][21728][gc,metaspace ] GC(569) Metaspace: 88763K(94976K)->88763K(94976K) NonClass: 77501K(81152K)->77501K(81152K) Class: 11262K(13824K)->11262K(13824K)
[2020-08-27T11:17:19.315+0000][21728][gc           ] GC(569) Pause Young (Concurrent Start) (G1 Humongous Allocation) 348M->257M(1024M) 3.838ms
[2020-08-27T11:17:19.315+0000][21728][gc,cpu       ] GC(569) User=0.13s Sys=0.00s Real=0.00s
[2020-08-27T11:17:19.315+0000][21728][gc           ] GC(570) Concurrent Cycle
[2020-08-27T11:17:19.315+0000][21728][safepoint    ] Safepoint "G1TryInitiateConcMark", Time since last: 141575300 ns, Reaching safepoint: 167500 ns, At safepoint: 3976700 ns, Total: 4144200 ns
[2020-08-27T11:17:19.315+0000][21728][gc,marking   ] GC(570) Concurrent Clear Claimed Marks
[2020-08-27T11:17:19.315+0000][21728][gc,marking   ] GC(570) Concurrent Clear Claimed Marks 0.371ms
[2020-08-27T11:17:19.315+0000][21728][gc,marking   ] GC(570) Concurrent Scan Root Regions
[2020-08-27T11:17:19.317+0000][21728][gc,marking   ] GC(570) Concurrent Scan Root Regions 2.068ms
[2020-08-27T11:17:19.317+0000][21728][gc,marking   ] GC(570) Concurrent Mark (157.273s)
[2020-08-27T11:17:19.317+0000][21728][gc,marking   ] GC(570) Concurrent Mark From Roots
[2020-08-27T11:17:19.317+0000][21728][gc,task      ] GC(570) Using 2 workers of 2 for marking
[2020-08-27T11:17:19.439+0000][21728][gc,marking   ] GC(570) Concurrent Mark From Roots 121.255ms
[2020-08-27T11:17:19.439+0000][21728][gc,marking   ] GC(570) Concurrent Preclean
[2020-08-27T11:17:19.439+0000][21728][gc,marking   ] GC(570) Concurrent Preclean 0.505ms
[2020-08-27T11:17:19.439+0000][21728][gc,marking   ] GC(570) Concurrent Mark (157.273s, 157.395s) 121.930ms
[2020-08-27T11:17:19.439+0000][21728][gc,start     ] GC(570) Pause Remark
[2020-08-27T11:17:19.446+0000][21728][gc           ] GC(570) Pause Remark 308M->308M(1024M) 6.677ms
[2020-08-27T11:17:19.446+0000][21728][gc,cpu       ] GC(570) User=0.00s Sys=0.00s Real=0.01s
[2020-08-27T11:17:19.446+0000][21728][safepoint    ] Safepoint "G1Concurrent", Time since last: 124605000 ns, Reaching safepoint: 147400 ns, At safepoint: 6934000 ns, Total: 7081400 ns
[2020-08-27T11:17:19.446+0000][21728][gc,marking   ] GC(570) Concurrent Rebuild Remembered Sets
[2020-08-27T11:17:19.523+0000][21728][gc,marking   ] GC(570) Concurrent Rebuild Remembered Sets 76.273ms
[2020-08-27T11:17:19.523+0000][21728][gc,start     ] GC(570) Pause Cleanup
[2020-08-27T11:17:19.523+0000][21728][gc           ] GC(570) Pause Cleanup 369M->369M(1024M) 0.241ms
[2020-08-27T11:17:19.523+0000][21728][gc,cpu       ] GC(570) User=0.00s Sys=0.00s Real=0.00s
[2020-08-27T11:17:19.523+0000][21728][safepoint    ] Safepoint "G1Concurrent", Time since last: 76458000 ns, Reaching safepoint: 125600 ns, At safepoint: 362300 ns, Total: 487900 ns
[2020-08-27T11:17:19.523+0000][21728][gc,marking   ] GC(570) Concurrent Cleanup for Next Mark
[2020-08-27T11:17:19.525+0000][21728][gc,marking   ] GC(570) Concurrent Cleanup for Next Mark 1.331ms
[2020-08-27T11:17:19.525+0000][21728][gc           ] GC(570) Concurrent Cycle 210.122ms
[2020-08-27T11:17:19.685+0000][21728][gc,start     ] GC(571) Pause Young (Concurrent Start) (G1 Humongous Allocation)
[2020-08-27T11:17:19.685+0000][21728][gc,task      ] GC(571) Using 8 workers of 8 for evacuation
[2020-08-27T11:17:19.685+0000][21728][gc,age       ] GC(571) Desired survivor size 33030144 bytes, new threshold 15 (max threshold 15)
[2020-08-27T11:17:19.689+0000][21728][gc,age       ] GC(571) Age table with threshold 15 (max threshold 15)
[2020-08-27T11:17:19.689+0000][21728][gc,age       ] GC(571) - age   1:    5158336 bytes,    5158336 total
[2020-08-27T11:17:19.689+0000][21728][gc,age       ] GC(571) - age   2:      11888 bytes,    5170224 total
[2020-08-27T11:17:19.689+0000][21728][gc,age       ] GC(571) - age   3:       1272 bytes,    5171496 total
[2020-08-27T11:17:19.689+0000][21728][gc,age       ] GC(571) - age   4:      31672 bytes,    5203168 total
[2020-08-27T11:17:19.689+0000][21728][gc,age       ] GC(571) - age   5:       2152 bytes,    5205320 total
[2020-08-27T11:17:19.689+0000][21728][gc,age       ] GC(571) - age   6:       1904 bytes,    5207224 total
[2020-08-27T11:17:19.689+0000][21728][gc,age       ] GC(571) - age   7:      21648 bytes,    5228872 total
[2020-08-27T11:17:19.689+0000][21728][gc,age       ] GC(571) - age   8:       9592 bytes,    5238464 total
[2020-08-27T11:17:19.689+0000][21728][gc,age       ] GC(571) - age   9:       1280 bytes,    5239744 total
[2020-08-27T11:17:19.689+0000][21728][gc,age       ] GC(571) - age  10:       4008 bytes,    5243752 total
[2020-08-27T11:17:19.689+0000][21728][gc,age       ] GC(571) - age  11:       7432 bytes,    5251184 total
[2020-08-27T11:17:19.689+0000][21728][gc,age       ] GC(571) - age  12:       6904 bytes,    5258088 total
[2020-08-27T11:17:19.689+0000][21728][gc,age       ] GC(571) - age  13:      10504 bytes,    5268592 total
[2020-08-27T11:17:19.689+0000][21728][gc,age       ] GC(571) - age  14:      29680 bytes,    5298272 total
[2020-08-27T11:17:19.689+0000][21728][gc,age       ] GC(571) - age  15:        312 bytes,    5298584 total
[2020-08-27T11:17:19.689+0000][21728][gc,phases    ] GC(571)   Pre Evacuate Collection Set: 0.5ms
[2020-08-27T11:17:19.689+0000][21728][gc,phases    ] GC(571)   Merge Heap Roots: 0.1ms
[2020-08-27T11:17:19.689+0000][21728][gc,phases    ] GC(571)   Evacuate Collection Set: 2.3ms
[2020-08-27T11:17:19.689+0000][21728][gc,phases    ] GC(571)   Post Evacuate Collection Set: 0.6ms
[2020-08-27T11:17:19.689+0000][21728][gc,phases    ] GC(571)   Other: 0.9ms
[2020-08-27T11:17:19.689+0000][21728][gc,heap      ] GC(571) Eden regions: 45->0(490)
[2020-08-27T11:17:19.689+0000][21728][gc,heap      ] GC(571) Survivor regions: 3->6(63)
[2020-08-27T11:17:19.689+0000][21728][gc,heap      ] GC(571) Old regions: 81->81
[2020-08-27T11:17:19.689+0000][21728][gc,heap      ] GC(571) Archive regions: 0->0
[2020-08-27T11:17:19.689+0000][21728][gc,heap      ] GC(571) Humongous regions: 258->174
[2020-08-27T11:17:19.689+0000][21728][gc,metaspace ] GC(571) Metaspace: 88769K(94976K)->88769K(94976K) NonClass: 77507K(81152K)->77507K(81152K) Class: 11262K(13824K)->11262K(13824K)
[2020-08-27T11:17:19.690+0000][21728][gc           ] GC(571) Pause Young (Concurrent Start) (G1 Humongous Allocation) 386M->259M(1024M) 4.699ms
[2020-08-27T11:17:19.690+0000][21728][gc,cpu       ] GC(571) User=0.03s Sys=0.00s Real=0.01s
[2020-08-27T11:17:19.690+0000][21728][gc           ] GC(572) Concurrent Cycle
[2020-08-27T11:17:19.690+0000][21728][gc,marking   ] GC(572) Concurrent Clear Claimed Marks
[2020-08-27T11:17:19.690+0000][21728][safepoint    ] Safepoint "G1TryInitiateConcMark", Time since last: 161304700 ns, Reaching safepoint: 167000 ns, At safepoint: 5082500 ns, Total: 5249500 ns
[2020-08-27T11:17:19.690+0000][21728][gc,marking   ] GC(572) Concurrent Clear Claimed Marks 0.382ms
[2020-08-27T11:17:19.690+0000][21728][gc,marking   ] GC(572) Concurrent Scan Root Regions
[2020-08-27T11:17:19.693+0000][21728][gc,marking   ] GC(572) Concurrent Scan Root Regions 3.075ms
[2020-08-27T11:17:19.693+0000][21728][gc,marking   ] GC(572) Concurrent Mark (157.649s)
[2020-08-27T11:17:19.694+0000][21728][gc,marking   ] GC(572) Concurrent Mark From Roots
[2020-08-27T11:17:19.694+0000][21728][gc,task      ] GC(572) Using 2 workers of 2 for marking
[2020-08-27T11:17:19.860+0000][21728][gc,marking   ] GC(572) Concurrent Mark From Roots 166.609ms
[2020-08-27T11:17:19.860+0000][21728][gc,marking   ] GC(572) Concurrent Preclean
[2020-08-27T11:17:19.861+0000][21728][gc,marking   ] GC(572) Concurrent Preclean 0.602ms
[2020-08-27T11:17:19.861+0000][21728][gc,marking   ] GC(572) Concurrent Mark (157.649s, 157.817s) 167.429ms
[2020-08-27T11:17:19.861+0000][21728][gc,start     ] GC(572) Pause Remark
[2020-08-27T11:17:19.868+0000][21728][gc           ] GC(572) Pause Remark 574M->574M(1024M) 6.416ms
[2020-08-27T11:17:19.868+0000][21728][gc,cpu       ] GC(572) User=0.00s Sys=0.00s Real=0.01s
[2020-08-27T11:17:19.868+0000][21728][safepoint    ] Safepoint "G1Concurrent", Time since last: 171116000 ns, Reaching safepoint: 169100 ns, At safepoint: 6858000 ns, Total: 7027100 ns
[2020-08-27T11:17:19.868+0000][21728][gc,marking   ] GC(572) Concurrent Rebuild Remembered Sets
[2020-08-27T11:17:19.968+0000][21728][gc,marking   ] GC(572) Concurrent Rebuild Remembered Sets 100.206ms
[2020-08-27T11:17:19.969+0000][21728][gc,start     ] GC(572) Pause Cleanup
[2020-08-27T11:17:19.969+0000][21728][gc           ] GC(572) Pause Cleanup 647M->647M(1024M) 0.326ms
[2020-08-27T11:17:19.969+0000][21728][gc,cpu       ] GC(572) User=0.00s Sys=0.00s Real=0.00s
[2020-08-27T11:17:19.969+0000][21728][safepoint    ] Safepoint "G1Concurrent", Time since last: 100420800 ns, Reaching safepoint: 135600 ns, At safepoint: 500400 ns, Total: 636000 ns
[2020-08-27T11:17:19.969+0000][21728][gc,marking   ] GC(572) Concurrent Cleanup for Next Mark
[2020-08-27T11:17:19.971+0000][21728][gc,marking   ] GC(572) Concurrent Cleanup for Next Mark 1.849ms
[2020-08-27T11:17:19.971+0000][21728][gc           ] GC(572) Concurrent Cycle 281.414ms
[2020-08-27T11:17:19.971+0000][21728][gc,start     ] GC(573) Pause Young (Concurrent Start) (G1 Humongous Allocation)
[2020-08-27T11:17:19.972+0000][21728][gc,task      ] GC(573) Using 8 workers of 8 for evacuation
[2020-08-27T11:17:19.972+0000][21728][gc,age       ] GC(573) Desired survivor size 32505856 bytes, new threshold 15 (max threshold 15)
[2020-08-27T11:17:19.976+0000][21728][gc,age       ] GC(573) Age table with threshold 15 (max threshold 15)
[2020-08-27T11:17:19.976+0000][21728][gc,age       ] GC(573) - age   1:    6594408 bytes,    6594408 total
[2020-08-27T11:17:19.976+0000][21728][gc,age       ] GC(573) - age   2:      35120 bytes,    6629528 total
[2020-08-27T11:17:19.976+0000][21728][gc,age       ] GC(573) - age   3:       3448 bytes,    6632976 total
[2020-08-27T11:17:19.976+0000][21728][gc,age       ] GC(573) - age   4:        288 bytes,    6633264 total
[2020-08-27T11:17:19.976+0000][21728][gc,age       ] GC(573) - age   5:      30360 bytes,    6663624 total
[2020-08-27T11:17:19.976+0000][21728][gc,age       ] GC(573) - age   6:       2024 bytes,    6665648 total
[2020-08-27T11:17:19.976+0000][21728][gc,age       ] GC(573) - age   7:       1904 bytes,    6667552 total
[2020-08-27T11:17:19.976+0000][21728][gc,age       ] GC(573) - age   8:      21648 bytes,    6689200 total
[2020-08-27T11:17:19.976+0000][21728][gc,age       ] GC(573) - age   9:       7160 bytes,    6696360 total
[2020-08-27T11:17:19.976+0000][21728][gc,age       ] GC(573) - age  10:        840 bytes,    6697200 total
[2020-08-27T11:17:19.976+0000][21728][gc,age       ] GC(573) - age  11:       4008 bytes,    6701208 total
[2020-08-27T11:17:19.976+0000][21728][gc,age       ] GC(573) - age  12:       7432 bytes,    6708640 total
[2020-08-27T11:17:19.976+0000][21728][gc,age       ] GC(573) - age  13:       6840 bytes,    6715480 total
[2020-08-27T11:17:19.976+0000][21728][gc,age       ] GC(573) - age  14:      10376 bytes,    6725856 total
[2020-08-27T11:17:19.976+0000][21728][gc,age       ] GC(573) - age  15:      29680 bytes,    6755536 total
[2020-08-27T11:17:19.976+0000][21728][gc,phases    ] GC(573)   Pre Evacuate Collection Set: 0.4ms
[2020-08-27T11:17:19.976+0000][21728][gc,phases    ] GC(573)   Merge Heap Roots: 0.1ms
[2020-08-27T11:17:19.976+0000][21728][gc,phases    ] GC(573)   Evacuate Collection Set: 2.4ms
[2020-08-27T11:17:19.976+0000][21728][gc,phases    ] GC(573)   Post Evacuate Collection Set: 1.0ms
[2020-08-27T11:17:19.976+0000][21728][gc,phases    ] GC(573)   Other: 0.8ms
[2020-08-27T11:17:19.976+0000][21728][gc,heap      ] GC(573) Eden regions: 100->0(415)
[2020-08-27T11:17:19.976+0000][21728][gc,heap      ] GC(573) Survivor regions: 6->7(62)
[2020-08-27T11:17:19.976+0000][21728][gc,heap      ] GC(573) Old regions: 81->81
[2020-08-27T11:17:19.976+0000][21728][gc,heap      ] GC(573) Archive regions: 0->0
[2020-08-27T11:17:19.976+0000][21728][gc,heap      ] GC(573) Humongous regions: 468->174
[2020-08-27T11:17:19.976+0000][21728][gc,metaspace ] GC(573) Metaspace: 88769K(94976K)->88769K(94976K) NonClass: 77507K(81152K)->77507K(81152K) Class: 11262K(13824K)->11262K(13824K)
[2020-08-27T11:17:19.977+0000][21728][gc           ] GC(573) Pause Young (Concurrent Start) (G1 Humongous Allocation) 653M->261M(1024M) 5.056ms
[2020-08-27T11:17:19.977+0000][21728][gc,cpu       ] GC(573) User=0.00s Sys=0.00s Real=0.01s
[2020-08-27T11:17:19.977+0000][21728][gc           ] GC(574) Concurrent Cycle
[2020-08-27T11:17:19.977+0000][21728][safepoint    ] Safepoint "G1TryInitiateConcMark", Time since last: 2170800 ns, Reaching safepoint: 159300 ns, At safepoint: 5270900 ns, Total: 5430200 ns
[2020-08-27T11:17:19.977+0000][21728][gc,marking   ] GC(574) Concurrent Clear Claimed Marks
[2020-08-27T11:17:19.977+0000][21728][gc,marking   ] GC(574) Concurrent Clear Claimed Marks 0.633ms
[2020-08-27T11:17:19.977+0000][21728][gc,marking   ] GC(574) Concurrent Scan Root Regions
[2020-08-27T11:17:19.981+0000][21728][gc,marking   ] GC(574) Concurrent Scan Root Regions 3.585ms
[2020-08-27T11:17:19.981+0000][21728][gc,marking   ] GC(574) Concurrent Mark (157.937s)
[2020-08-27T11:17:19.981+0000][21728][gc,marking   ] GC(574) Concurrent Mark From Roots
[2020-08-27T11:17:19.981+0000][21728][gc,task      ] GC(574) Using 2 workers of 2 for marking
[2020-08-27T11:17:20.145+0000][21728][gc,marking   ] GC(574) Concurrent Mark From Roots 164.180ms
[2020-08-27T11:17:20.145+0000][21728][gc,marking   ] GC(574) Concurrent Preclean
[2020-08-27T11:17:20.146+0000][21728][gc,marking   ] GC(574) Concurrent Preclean 0.749ms
[2020-08-27T11:17:20.146+0000][21728][gc,marking   ] GC(574) Concurrent Mark (157.937s, 158.102s) 165.150ms
[2020-08-27T11:17:20.147+0000][21728][gc,start     ] GC(574) Pause Remark
[2020-08-27T11:17:20.153+0000][21728][gc           ] GC(574) Pause Remark 374M->374M(1024M) 6.511ms
[2020-08-27T11:17:20.153+0000][21728][gc,cpu       ] GC(574) User=0.00s Sys=0.00s Real=0.01s
[2020-08-27T11:17:20.153+0000][21728][safepoint    ] Safepoint "G1Concurrent", Time since last: 169694700 ns, Reaching safepoint: 199700 ns, At safepoint: 6765300 ns, Total: 6965000 ns
[2020-08-27T11:17:20.153+0000][21728][gc,marking   ] GC(574) Concurrent Rebuild Remembered Sets
[2020-08-27T11:17:20.255+0000][21728][gc,marking   ] GC(574) Concurrent Rebuild Remembered Sets 101.446ms
[2020-08-27T11:17:20.255+0000][21728][gc,start     ] GC(574) Pause Cleanup
[2020-08-27T11:17:20.256+0000][21728][gc           ] GC(574) Pause Cleanup 382M->382M(1024M) 0.431ms
[2020-08-27T11:17:20.256+0000][21728][gc,cpu       ] GC(574) User=0.00s Sys=0.00s Real=0.00s
[2020-08-27T11:17:20.256+0000][21728][safepoint    ] Safepoint "G1Concurrent", Time since last: 101650600 ns, Reaching safepoint: 163900 ns, At safepoint: 649000 ns, Total: 812900 ns
[2020-08-27T11:17:20.256+0000][21728][gc,marking   ] GC(574) Concurrent Cleanup for Next Mark
[2020-08-27T11:17:20.258+0000][21728][gc,marking   ] GC(574) Concurrent Cleanup for Next Mark 1.749ms
[2020-08-27T11:17:20.258+0000][21728][gc           ] GC(574) Concurrent Cycle 281.095ms
[2020-08-27T11:17:20.379+0000][21728][gc,start     ] GC(575) Pause Young (Concurrent Start) (G1 Humongous Allocation)
[2020-08-27T11:17:20.379+0000][21728][gc,task      ] GC(575) Using 8 workers of 8 for evacuation
[2020-08-27T11:17:20.379+0000][21728][gc,age       ] GC(575) Desired survivor size 27787264 bytes, new threshold 15 (max threshold 15)
[2020-08-27T11:17:20.383+0000][21728][gc,age       ] GC(575) Age table with threshold 15 (max threshold 15)
[2020-08-27T11:17:20.383+0000][21728][gc,age       ] GC(575) - age   1:    3404640 bytes,    3404640 total
[2020-08-27T11:17:20.383+0000][21728][gc,age       ] GC(575) - age   2:    1020104 bytes,    4424744 total
[2020-08-27T11:17:20.383+0000][21728][gc,age       ] GC(575) - age   3:       4248 bytes,    4428992 total
[2020-08-27T11:17:20.383+0000][21728][gc,age       ] GC(575) - age   4:       2720 bytes,    4431712 total
[2020-08-27T11:17:20.383+0000][21728][gc,age       ] GC(575) - age   5:        192 bytes,    4431904 total
[2020-08-27T11:17:20.383+0000][21728][gc,age       ] GC(575) - age   6:      30360 bytes,    4462264 total
[2020-08-27T11:17:20.383+0000][21728][gc,age       ] GC(575) - age   7:       1768 bytes,    4464032 total
[2020-08-27T11:17:20.383+0000][21728][gc,age       ] GC(575) - age   8:       1872 bytes,    4465904 total
[2020-08-27T11:17:20.383+0000][21728][gc,age       ] GC(575) - age   9:      21648 bytes,    4487552 total
[2020-08-27T11:17:20.383+0000][21728][gc,age       ] GC(575) - age  10:       7160 bytes,    4494712 total
[2020-08-27T11:17:20.383+0000][21728][gc,age       ] GC(575) - age  11:        840 bytes,    4495552 total
[2020-08-27T11:17:20.383+0000][21728][gc,age       ] GC(575) - age  12:       3944 bytes,    4499496 total
[2020-08-27T11:17:20.383+0000][21728][gc,age       ] GC(575) - age  13:       7432 bytes,    4506928 total
[2020-08-27T11:17:20.383+0000][21728][gc,age       ] GC(575) - age  14:       6840 bytes,    4513768 total
[2020-08-27T11:17:20.383+0000][21728][gc,age       ] GC(575) - age  15:      10376 bytes,    4524144 total
[2020-08-27T11:17:20.383+0000][21728][gc,phases    ] GC(575)   Pre Evacuate Collection Set: 0.4ms
[2020-08-27T11:17:20.383+0000][21728][gc,phases    ] GC(575)   Merge Heap Roots: 0.1ms
[2020-08-27T11:17:20.383+0000][21728][gc,phases    ] GC(575)   Evacuate Collection Set: 2.2ms
[2020-08-27T11:17:20.383+0000][21728][gc,phases    ] GC(575)   Post Evacuate Collection Set: 0.7ms
[2020-08-27T11:17:20.384+0000][21728][gc,phases    ] GC(575)   Other: 0.8ms
[2020-08-27T11:17:20.384+0000][21728][gc,heap      ] GC(575) Eden regions: 44->0(432)
[2020-08-27T11:17:20.384+0000][21728][gc,heap      ] GC(575) Survivor regions: 7->5(53)
[2020-08-27T11:17:20.384+0000][21728][gc,heap      ] GC(575) Old regions: 81->81
[2020-08-27T11:17:20.384+0000][21728][gc,heap      ] GC(575) Archive regions: 0->0
[2020-08-27T11:17:20.384+0000][21728][gc,heap      ] GC(575) Humongous regions: 264->174
[2020-08-27T11:17:20.384+0000][21728][gc,metaspace ] GC(575) Metaspace: 88769K(94976K)->88769K(94976K) NonClass: 77507K(81152K)->77507K(81152K) Class: 11262K(13824K)->11262K(13824K)
[2020-08-27T11:17:20.384+0000][21728][gc           ] GC(575) Pause Young (Concurrent Start) (G1 Humongous Allocation) 395M->259M(1024M) 4.448ms
[2020-08-27T11:17:20.384+0000][21728][gc,cpu       ] GC(575) User=0.00s Sys=0.00s Real=0.01s
[2020-08-27T11:17:20.384+0000][21728][safepoint    ] Safepoint "G1TryInitiateConcMark", Time since last: 123202800 ns, Reaching safepoint: 172200 ns, At safepoint: 4671700 ns, Total: 4843900 ns
[2020-08-27T11:17:20.384+0000][21728][gc           ] GC(576) Concurrent Cycle
[2020-08-27T11:17:20.384+0000][21728][gc,marking   ] GC(576) Concurrent Clear Claimed Marks
[2020-08-27T11:17:20.384+0000][21728][gc,marking   ] GC(576) Concurrent Clear Claimed Marks 0.360ms
[2020-08-27T11:17:20.384+0000][21728][gc,marking   ] GC(576) Concurrent Scan Root Regions
[2020-08-27T11:17:20.387+0000][21728][gc,marking   ] GC(576) Concurrent Scan Root Regions 3.134ms
[2020-08-27T11:17:20.388+0000][21728][gc,marking   ] GC(576) Concurrent Mark (158.344s)
[2020-08-27T11:17:20.388+0000][21728][gc,marking   ] GC(576) Concurrent Mark From Roots
[2020-08-27T11:17:20.388+0000][21728][gc,task      ] GC(576) Using 2 workers of 2 for marking
[2020-08-27T11:17:20.507+0000][21728][gc,marking   ] GC(576) Concurrent Mark From Roots 119.822ms
[2020-08-27T11:17:20.508+0000][21728][gc,marking   ] GC(576) Concurrent Preclean
[2020-08-27T11:17:20.508+0000][21728][gc,marking   ] GC(576) Concurrent Preclean 0.511ms
[2020-08-27T11:17:20.508+0000][21728][gc,marking   ] GC(576) Concurrent Mark (158.344s, 158.464s) 120.492ms
[2020-08-27T11:17:20.508+0000][21728][gc,start     ] GC(576) Pause Remark
[2020-08-27T11:17:20.514+0000][21728][gc           ] GC(576) Pause Remark 317M->317M(1024M) 5.446ms
[2020-08-27T11:17:20.514+0000][21728][gc,cpu       ] GC(576) User=0.00s Sys=0.00s Real=0.01s
[2020-08-27T11:17:20.514+0000][21728][safepoint    ] Safepoint "G1Concurrent", Time since last: 124296300 ns, Reaching safepoint: 141300 ns, At safepoint: 5672300 ns, Total: 5813600 ns
[2020-08-27T11:17:20.514+0000][21728][gc,marking   ] GC(576) Concurrent Rebuild Remembered Sets
[2020-08-27T11:17:20.592+0000][21728][gc,marking   ] GC(576) Concurrent Rebuild Remembered Sets 78.197ms
[2020-08-27T11:17:20.593+0000][21728][gc,start     ] GC(576) Pause Cleanup
[2020-08-27T11:17:20.593+0000][21728][gc           ] GC(576) Pause Cleanup 385M->385M(1024M) 0.276ms
[2020-08-27T11:17:20.593+0000][21728][gc,cpu       ] GC(576) User=0.00s Sys=0.00s Real=0.00s
[2020-08-27T11:17:20.593+0000][21728][safepoint    ] Safepoint "G1Concurrent", Time since last: 78371700 ns, Reaching safepoint: 220000 ns, At safepoint: 436600 ns, Total: 656600 ns
[2020-08-27T11:17:20.593+0000][21728][gc,marking   ] GC(576) Concurrent Cleanup for Next Mark
[2020-08-27T11:17:20.595+0000][21728][gc,marking   ] GC(576) Concurrent Cleanup for Next Mark 1.682ms
[2020-08-27T11:17:20.595+0000][21728][gc           ] GC(576) Concurrent Cycle 211.063ms
[2020-08-27T11:17:20.736+0000][21728][gc,start     ] GC(577) Pause Young (Concurrent Start) (G1 Humongous Allocation)
[2020-08-27T11:17:20.736+0000][21728][gc,task      ] GC(577) Using 8 workers of 8 for evacuation
[2020-08-27T11:17:20.736+0000][21728][gc,age       ] GC(577) Desired survivor size 28835840 bytes, new threshold 15 (max threshold 15)
[2020-08-27T11:17:20.740+0000][21728][gc,age       ] GC(577) Age table with threshold 15 (max threshold 15)
[2020-08-27T11:17:20.740+0000][21728][gc,age       ] GC(577) - age   1:    3217056 bytes,    3217056 total
[2020-08-27T11:17:20.740+0000][21728][gc,age       ] GC(577) - age   2:     587272 bytes,    3804328 total
[2020-08-27T11:17:20.740+0000][21728][gc,age       ] GC(577) - age   3:     628616 bytes,    4432944 total
[2020-08-27T11:17:20.740+0000][21728][gc,age       ] GC(577) - age   4:       2888 bytes,    4435832 total
[2020-08-27T11:17:20.740+0000][21728][gc,age       ] GC(577) - age   5:       2592 bytes,    4438424 total
[2020-08-27T11:17:20.740+0000][21728][gc,age       ] GC(577) - age   6:        192 bytes,    4438616 total
[2020-08-27T11:17:20.740+0000][21728][gc,age       ] GC(577) - age   7:      30200 bytes,    4468816 total
[2020-08-27T11:17:20.740+0000][21728][gc,age       ] GC(577) - age   8:       1608 bytes,    4470424 total
[2020-08-27T11:17:20.740+0000][21728][gc,age       ] GC(577) - age   9:       1808 bytes,    4472232 total
[2020-08-27T11:17:20.740+0000][21728][gc,age       ] GC(577) - age  10:      21648 bytes,    4493880 total
[2020-08-27T11:17:20.740+0000][21728][gc,age       ] GC(577) - age  11:       7160 bytes,    4501040 total
[2020-08-27T11:17:20.740+0000][21728][gc,age       ] GC(577) - age  12:        776 bytes,    4501816 total
[2020-08-27T11:17:20.740+0000][21728][gc,age       ] GC(577) - age  13:       3912 bytes,    4505728 total
[2020-08-27T11:17:20.740+0000][21728][gc,age       ] GC(577) - age  14:       7336 bytes,    4513064 total
[2020-08-27T11:17:20.740+0000][21728][gc,age       ] GC(577) - age  15:       6776 bytes,    4519840 total
[2020-08-27T11:17:20.740+0000][21728][gc,phases    ] GC(577)   Pre Evacuate Collection Set: 0.4ms
[2020-08-27T11:17:20.740+0000][21728][gc,phases    ] GC(577)   Merge Heap Roots: 0.1ms
[2020-08-27T11:17:20.740+0000][21728][gc,phases    ] GC(577)   Evacuate Collection Set: 2.1ms
[2020-08-27T11:17:20.740+0000][21728][gc,phases    ] GC(577)   Post Evacuate Collection Set: 0.6ms
[2020-08-27T11:17:20.740+0000][21728][gc,phases    ] GC(577)   Other: 0.7ms
[2020-08-27T11:17:20.740+0000][21728][gc,heap      ] GC(577) Eden regions: 40->0(445)
[2020-08-27T11:17:20.740+0000][21728][gc,heap      ] GC(577) Survivor regions: 5->5(55)
[2020-08-27T11:17:20.740+0000][21728][gc,heap      ] GC(577) Old regions: 81->81
[2020-08-27T11:17:20.740+0000][21728][gc,heap      ] GC(577) Archive regions: 0->0
[2020-08-27T11:17:20.740+0000][21728][gc,heap      ] GC(577) Humongous regions: 270->174
[2020-08-27T11:17:20.740+0000][21728][gc,metaspace ] GC(577) Metaspace: 88769K(94976K)->88769K(94976K) NonClass: 77507K(81152K)->77507K(81152K) Class: 11262K(13824K)->11262K(13824K)
[2020-08-27T11:17:20.740+0000][21728][gc           ] GC(577) Pause Young (Concurrent Start) (G1 Humongous Allocation) 394M->259M(1024M) 4.098ms
[2020-08-27T11:17:20.740+0000][21728][gc,cpu       ] GC(577) User=0.00s Sys=0.00s Real=0.00s
[2020-08-27T11:17:20.740+0000][21728][gc           ] GC(578) Concurrent Cycle
[2020-08-27T11:17:20.740+0000][21728][safepoint    ] Safepoint "G1TryInitiateConcMark", Time since last: 143074700 ns, Reaching safepoint: 132700 ns, At safepoint: 4253600 ns, Total: 4386300 ns
[2020-08-27T11:17:20.741+0000][21728][gc,marking   ] GC(578) Concurrent Clear Claimed Marks
[2020-08-27T11:17:20.741+0000][21728][gc,marking   ] GC(578) Concurrent Clear Claimed Marks 0.672ms
[2020-08-27T11:17:20.741+0000][21728][gc,marking   ] GC(578) Concurrent Scan Root Regions
[2020-08-27T11:17:20.745+0000][21728][gc,marking   ] GC(578) Concurrent Scan Root Regions 4.135ms
[2020-08-27T11:17:20.745+0000][21728][gc,marking   ] GC(578) Concurrent Mark (158.701s)
[2020-08-27T11:17:20.746+0000][21728][gc,marking   ] GC(578) Concurrent Mark From Roots
[2020-08-27T11:17:20.746+0000][21728][gc,task      ] GC(578) Using 2 workers of 2 for marking
[2020-08-27T11:17:20.851+0000][21728][gc,marking   ] GC(578) Concurrent Mark From Roots 106.300ms
[2020-08-27T11:17:20.851+0000][21728][gc,marking   ] GC(578) Concurrent Preclean
[2020-08-27T11:17:20.852+0000][21728][gc,marking   ] GC(578) Concurrent Preclean 0.355ms
[2020-08-27T11:17:20.852+0000][21728][gc,marking   ] GC(578) Concurrent Mark (158.701s, 158.808s) 106.789ms
[2020-08-27T11:17:20.852+0000][21728][gc,start     ] GC(578) Pause Remark
[2020-08-27T11:17:20.858+0000][21728][gc           ] GC(578) Pause Remark 317M->317M(1024M) 6.161ms
[2020-08-27T11:17:20.858+0000][21728][gc,cpu       ] GC(578) User=0.00s Sys=0.00s Real=0.01s
[2020-08-27T11:17:20.858+0000][21728][safepoint    ] Safepoint "G1Concurrent", Time since last: 111860200 ns, Reaching safepoint: 135600 ns, At safepoint: 6403200 ns, Total: 6538800 ns
[2020-08-27T11:17:20.858+0000][21728][gc,marking   ] GC(578) Concurrent Rebuild Remembered Sets
[2020-08-27T11:17:20.931+0000][21728][gc,marking   ] GC(578) Concurrent Rebuild Remembered Sets 72.562ms
[2020-08-27T11:17:20.931+0000][21728][gc,start     ] GC(578) Pause Cleanup
[2020-08-27T11:17:20.931+0000][21728][gc           ] GC(578) Pause Cleanup 384M->384M(1024M) 0.227ms
[2020-08-27T11:17:20.932+0000][21728][gc,cpu       ] GC(578) User=0.00s Sys=0.00s Real=0.00s
[2020-08-27T11:17:20.932+0000][21728][safepoint    ] Safepoint "G1Concurrent", Time since last: 72714000 ns, Reaching safepoint: 131200 ns, At safepoint: 456400 ns, Total: 587600 ns
[2020-08-27T11:17:20.932+0000][21728][gc,marking   ] GC(578) Concurrent Cleanup for Next Mark
[2020-08-27T11:17:20.933+0000][21728][gc,marking   ] GC(578) Concurrent Cleanup for Next Mark 1.398ms
[2020-08-27T11:17:20.933+0000][21728][gc           ] GC(578) Concurrent Cycle 193.229ms
[2020-08-27T11:17:21.122+0000][21728][gc,start     ] GC(579) Pause Young (Concurrent Start) (G1 Humongous Allocation)
[2020-08-27T11:17:21.122+0000][21728][gc,task      ] GC(579) Using 8 workers of 8 for evacuation
[2020-08-27T11:17:21.122+0000][21728][gc,age       ] GC(579) Desired survivor size 29884416 bytes, new threshold 15 (max threshold 15)
[2020-08-27T11:17:21.125+0000][21728][gc,age       ] GC(579) Age table with threshold 15 (max threshold 15)
[2020-08-27T11:17:21.125+0000][21728][gc,age       ] GC(579) - age   1:    3190704 bytes,    3190704 total
[2020-08-27T11:17:21.125+0000][21728][gc,age       ] GC(579) - age   2:     398728 bytes,    3589432 total
[2020-08-27T11:17:21.125+0000][21728][gc,age       ] GC(579) - age   3:     197080 bytes,    3786512 total
[2020-08-27T11:17:21.125+0000][21728][gc,age       ] GC(579) - age   4:     626088 bytes,    4412600 total
[2020-08-27T11:17:21.125+0000][21728][gc,age       ] GC(579) - age   5:       2792 bytes,    4415392 total
[2020-08-27T11:17:21.125+0000][21728][gc,age       ] GC(579) - age   6:       2592 bytes,    4417984 total
[2020-08-27T11:17:21.125+0000][21728][gc,age       ] GC(579) - age   7:        160 bytes,    4418144 total
[2020-08-27T11:17:21.125+0000][21728][gc,age       ] GC(579) - age   8:      29944 bytes,    4448088 total
[2020-08-27T11:17:21.125+0000][21728][gc,age       ] GC(579) - age   9:       1512 bytes,    4449600 total
[2020-08-27T11:17:21.125+0000][21728][gc,age       ] GC(579) - age  10:       1808 bytes,    4451408 total
[2020-08-27T11:17:21.125+0000][21728][gc,age       ] GC(579) - age  11:      21648 bytes,    4473056 total
[2020-08-27T11:17:21.125+0000][21728][gc,age       ] GC(579) - age  12:       7160 bytes,    4480216 total
[2020-08-27T11:17:21.125+0000][21728][gc,age       ] GC(579) - age  13:        776 bytes,    4480992 total
[2020-08-27T11:17:21.125+0000][21728][gc,age       ] GC(579) - age  14:       3912 bytes,    4484904 total
[2020-08-27T11:17:21.125+0000][21728][gc,age       ] GC(579) - age  15:       7336 bytes,    4492240 total
[2020-08-27T11:17:21.126+0000][21728][gc,phases    ] GC(579)   Pre Evacuate Collection Set: 0.3ms
[2020-08-27T11:17:21.126+0000][21728][gc,phases    ] GC(579)   Merge Heap Roots: 0.1ms
[2020-08-27T11:17:21.126+0000][21728][gc,phases    ] GC(579)   Evacuate Collection Set: 2.2ms
[2020-08-27T11:17:21.126+0000][21728][gc,phases    ] GC(579)   Post Evacuate Collection Set: 0.7ms
[2020-08-27T11:17:21.126+0000][21728][gc,phases    ] GC(579)   Other: 0.7ms
[2020-08-27T11:17:21.126+0000][21728][gc,heap      ] GC(579) Eden regions: 39->0(456)
[2020-08-27T11:17:21.126+0000][21728][gc,heap      ] GC(579) Survivor regions: 5->5(57)
[2020-08-27T11:17:21.126+0000][21728][gc,heap      ] GC(579) Old regions: 81->81
[2020-08-27T11:17:21.126+0000][21728][gc,heap      ] GC(579) Archive regions: 0->0
[2020-08-27T11:17:21.126+0000][21728][gc,heap      ] GC(579) Humongous regions: 270->174
[2020-08-27T11:17:21.126+0000][21728][gc,metaspace ] GC(579) Metaspace: 88769K(94976K)->88769K(94976K) NonClass: 77507K(81152K)->77507K(81152K) Class: 11262K(13824K)->11262K(13824K)
[2020-08-27T11:17:21.126+0000][21728][gc           ] GC(579) Pause Young (Concurrent Start) (G1 Humongous Allocation) 393M->259M(1024M) 4.334ms
[2020-08-27T11:17:21.126+0000][21728][gc,cpu       ] GC(579) User=0.02s Sys=0.00s Real=0.00s
[2020-08-27T11:17:21.126+0000][21728][safepoint    ] Safepoint "G1TryInitiateConcMark", Time since last: 189754100 ns, Reaching safepoint: 140700 ns, At safepoint: 4481200 ns, Total: 4621900 ns
[2020-08-27T11:17:21.126+0000][21728][gc           ] GC(580) Concurrent Cycle
[2020-08-27T11:17:21.126+0000][21728][gc,marking   ] GC(580) Concurrent Clear Claimed Marks
[2020-08-27T11:17:21.127+0000][21728][gc,marking   ] GC(580) Concurrent Clear Claimed Marks 0.682ms
[2020-08-27T11:17:21.127+0000][21728][gc,marking   ] GC(580) Concurrent Scan Root Regions
[2020-08-27T11:17:21.130+0000][21728][gc,marking   ] GC(580) Concurrent Scan Root Regions 2.765ms
[2020-08-27T11:17:21.130+0000][21728][gc,marking   ] GC(580) Concurrent Mark (159.086s)
[2020-08-27T11:17:21.130+0000][21728][gc,marking   ] GC(580) Concurrent Mark From Roots
[2020-08-27T11:17:21.130+0000][21728][gc,task      ] GC(580) Using 2 workers of 2 for marking
[2020-08-27T11:17:21.235+0000][21728][gc,marking   ] GC(580) Concurrent Mark From Roots 104.927ms
[2020-08-27T11:17:21.235+0000][21728][gc,marking   ] GC(580) Concurrent Preclean
[2020-08-27T11:17:21.235+0000][21728][gc,marking   ] GC(580) Concurrent Preclean 0.337ms
[2020-08-27T11:17:21.235+0000][21728][gc,marking   ] GC(580) Concurrent Mark (159.086s, 159.192s) 105.385ms
[2020-08-27T11:17:21.235+0000][21728][gc,start     ] GC(580) Pause Remark
[2020-08-27T11:17:21.241+0000][21728][gc           ] GC(580) Pause Remark 316M->316M(1024M) 5.736ms
[2020-08-27T11:17:21.241+0000][21728][gc,cpu       ] GC(580) User=0.00s Sys=0.00s Real=0.01s
[2020-08-27T11:17:21.241+0000][21728][safepoint    ] Safepoint "G1Concurrent", Time since last: 109185100 ns, Reaching safepoint: 146500 ns, At safepoint: 5965200 ns, Total: 6111700 ns
[2020-08-27T11:17:21.241+0000][21728][gc,marking   ] GC(580) Concurrent Rebuild Remembered Sets
[2020-08-27T11:17:21.319+0000][21728][gc,marking   ] GC(580) Concurrent Rebuild Remembered Sets 77.652ms
[2020-08-27T11:17:21.319+0000][21728][gc,start     ] GC(580) Pause Cleanup
[2020-08-27T11:17:21.320+0000][21728][gc           ] GC(580) Pause Cleanup 383M->383M(1024M) 0.284ms
[2020-08-27T11:17:21.320+0000][21728][gc,cpu       ] GC(580) User=0.00s Sys=0.00s Real=0.00s
[2020-08-27T11:17:21.320+0000][21728][safepoint    ] Safepoint "G1Concurrent", Time since last: 77809600 ns, Reaching safepoint: 142300 ns, At safepoint: 417700 ns, Total: 560000 ns
[2020-08-27T11:17:21.320+0000][21728][gc,marking   ] GC(580) Concurrent Cleanup for Next Mark
[2020-08-27T11:17:21.321+0000][21728][gc,marking   ] GC(580) Concurrent Cleanup for Next Mark 1.471ms
[2020-08-27T11:17:21.321+0000][21728][gc           ] GC(580) Concurrent Cycle 195.288ms
[2020-08-27T11:17:21.519+0000][21728][gc,start     ] GC(581) Pause Young (Concurrent Start) (G1 Humongous Allocation)
[2020-08-27T11:17:21.520+0000][21728][gc,task      ] GC(581) Using 8 workers of 8 for evacuation
[2020-08-27T11:17:21.520+0000][21728][gc,age       ] GC(581) Desired survivor size 30408704 bytes, new threshold 15 (max threshold 15)
[2020-08-27T11:17:21.523+0000][21728][gc,age       ] GC(581) Age table with threshold 15 (max threshold 15)
[2020-08-27T11:17:21.523+0000][21728][gc,age       ] GC(581) - age   1:    3219416 bytes,    3219416 total
[2020-08-27T11:17:21.523+0000][21728][gc,age       ] GC(581) - age   2:     408784 bytes,    3628200 total
[2020-08-27T11:17:21.523+0000][21728][gc,age       ] GC(581) - age   3:     397984 bytes,    4026184 total
[2020-08-27T11:17:21.523+0000][21728][gc,age       ] GC(581) - age   4:     196720 bytes,    4222904 total
[2020-08-27T11:17:21.523+0000][21728][gc,age       ] GC(581) - age   5:     229136 bytes,    4452040 total
[2020-08-27T11:17:21.523+0000][21728][gc,age       ] GC(581) - age   6:       2440 bytes,    4454480 total
[2020-08-27T11:17:21.523+0000][21728][gc,age       ] GC(581) - age   7:       2568 bytes,    4457048 total
[2020-08-27T11:17:21.523+0000][21728][gc,age       ] GC(581) - age   8:        160 bytes,    4457208 total
[2020-08-27T11:17:21.523+0000][21728][gc,age       ] GC(581) - age   9:      29944 bytes,    4487152 total
[2020-08-27T11:17:21.523+0000][21728][gc,age       ] GC(581) - age  10:       1512 bytes,    4488664 total
[2020-08-27T11:17:21.523+0000][21728][gc,age       ] GC(581) - age  11:       1808 bytes,    4490472 total
[2020-08-27T11:17:21.523+0000][21728][gc,age       ] GC(581) - age  12:      21648 bytes,    4512120 total
[2020-08-27T11:17:21.523+0000][21728][gc,age       ] GC(581) - age  13:       7160 bytes,    4519280 total
[2020-08-27T11:17:21.523+0000][21728][gc,age       ] GC(581) - age  14:        776 bytes,    4520056 total
[2020-08-27T11:17:21.523+0000][21728][gc,age       ] GC(581) - age  15:       3912 bytes,    4523968 total
[2020-08-27T11:17:21.523+0000][21728][gc,phases    ] GC(581)   Pre Evacuate Collection Set: 0.3ms
[2020-08-27T11:17:21.523+0000][21728][gc,phases    ] GC(581)   Merge Heap Roots: 0.1ms
[2020-08-27T11:17:21.523+0000][21728][gc,phases    ] GC(581)   Evacuate Collection Set: 2.0ms
[2020-08-27T11:17:21.523+0000][21728][gc,phases    ] GC(581)   Post Evacuate Collection Set: 0.6ms
[2020-08-27T11:17:21.523+0000][21728][gc,phases    ] GC(581)   Other: 0.7ms
[2020-08-27T11:17:21.523+0000][21728][gc,heap      ] GC(581) Eden regions: 39->0(465)
[2020-08-27T11:17:21.523+0000][21728][gc,heap      ] GC(581) Survivor regions: 5->5(58)
[2020-08-27T11:17:21.523+0000][21728][gc,heap      ] GC(581) Old regions: 81->81
[2020-08-27T11:17:21.523+0000][21728][gc,heap      ] GC(581) Archive regions: 0->0
[2020-08-27T11:17:21.523+0000][21728][gc,heap      ] GC(581) Humongous regions: 270->174
[2020-08-27T11:17:21.523+0000][21728][gc,metaspace ] GC(581) Metaspace: 88769K(94976K)->88769K(94976K) NonClass: 77507K(81152K)->77507K(81152K) Class: 11262K(13824K)->11262K(13824K)
[2020-08-27T11:17:21.523+0000][21728][gc           ] GC(581) Pause Young (Concurrent Start) (G1 Humongous Allocation) 394M->259M(1024M) 3.900ms
[2020-08-27T11:17:21.523+0000][21728][gc,cpu       ] GC(581) User=0.00s Sys=0.00s Real=0.00s
[2020-08-27T11:17:21.523+0000][21728][gc           ] GC(582) Concurrent Cycle
[2020-08-27T11:17:21.523+0000][21728][safepoint    ] Safepoint "G1TryInitiateConcMark", Time since last: 199603700 ns, Reaching safepoint: 144800 ns, At safepoint: 4048300 ns, Total: 4193100 ns
[2020-08-27T11:17:21.524+0000][21728][gc,marking   ] GC(582) Concurrent Clear Claimed Marks
[2020-08-27T11:17:21.524+0000][21728][gc,marking   ] GC(582) Concurrent Clear Claimed Marks 0.656ms
[2020-08-27T11:17:21.524+0000][21728][gc,marking   ] GC(582) Concurrent Scan Root Regions
[2020-08-27T11:17:21.528+0000][21728][gc,marking   ] GC(582) Concurrent Scan Root Regions 3.537ms
[2020-08-27T11:17:21.528+0000][21728][gc,marking   ] GC(582) Concurrent Mark (159.485s)
[2020-08-27T11:17:21.528+0000][21728][gc,marking   ] GC(582) Concurrent Mark From Roots
[2020-08-27T11:17:21.528+0000][21728][gc,task      ] GC(582) Using 2 workers of 2 for marking
[2020-08-27T11:17:21.627+0000][21728][gc,marking   ] GC(582) Concurrent Mark From Roots 98.764ms
[2020-08-27T11:17:21.627+0000][21728][gc,marking   ] GC(582) Concurrent Preclean
[2020-08-27T11:17:21.627+0000][21728][gc,marking   ] GC(582) Concurrent Preclean 0.434ms
[2020-08-27T11:17:21.627+0000][21728][gc,marking   ] GC(582) Concurrent Mark (159.485s, 159.584s) 99.364ms
[2020-08-27T11:17:21.628+0000][21728][gc,start     ] GC(582) Pause Remark
[2020-08-27T11:17:21.633+0000][21728][gc           ] GC(582) Pause Remark 318M->318M(1024M) 5.086ms
[2020-08-27T11:17:21.633+0000][21728][gc,cpu       ] GC(582) User=0.00s Sys=0.00s Real=0.00s
[2020-08-27T11:17:21.633+0000][21728][safepoint    ] Safepoint "G1Concurrent", Time since last: 103934800 ns, Reaching safepoint: 170800 ns, At safepoint: 5265300 ns, Total: 5436100 ns
[2020-08-27T11:17:21.633+0000][21728][gc,marking   ] GC(582) Concurrent Rebuild Remembered Sets
[2020-08-27T11:17:21.698+0000][21728][gc,marking   ] GC(582) Concurrent Rebuild Remembered Sets 65.086ms
[2020-08-27T11:17:21.698+0000][21728][gc,start     ] GC(582) Pause Cleanup
[2020-08-27T11:17:21.699+0000][21728][gc           ] GC(582) Pause Cleanup 384M->384M(1024M) 0.239ms
[2020-08-27T11:17:21.699+0000][21728][gc,cpu       ] GC(582) User=0.00s Sys=0.00s Real=0.00s
[2020-08-27T11:17:21.699+0000][21728][safepoint    ] Safepoint "G1Concurrent", Time since last: 65243500 ns, Reaching safepoint: 144400 ns, At safepoint: 379000 ns, Total: 523400 ns
[2020-08-27T11:17:21.699+0000][21728][gc,marking   ] GC(582) Concurrent Cleanup for Next Mark
[2020-08-27T11:17:21.700+0000][21728][gc,marking   ] GC(582) Concurrent Cleanup for Next Mark 1.177ms
[2020-08-27T11:17:21.700+0000][21728][gc           ] GC(582) Concurrent Cycle 176.523ms
[2020-08-27T11:17:21.812+0000][21728][gc,start     ] GC(583) Pause Young (Concurrent Start) (G1 Humongous Allocation)
[2020-08-27T11:17:21.813+0000][21728][gc,task      ] GC(583) Using 8 workers of 8 for evacuation
[2020-08-27T11:17:21.813+0000][21728][gc,age       ] GC(583) Desired survivor size 30932992 bytes, new threshold 15 (max threshold 15)
[2020-08-27T11:17:21.816+0000][21728][gc,age       ] GC(583) Age table with threshold 15 (max threshold 15)
[2020-08-27T11:17:21.816+0000][21728][gc,age       ] GC(583) - age   1:    3237320 bytes,    3237320 total
[2020-08-27T11:17:21.816+0000][21728][gc,age       ] GC(583) - age   2:     417512 bytes,    3654832 total
[2020-08-27T11:17:21.816+0000][21728][gc,age       ] GC(583) - age   3:     403864 bytes,    4058696 total
[2020-08-27T11:17:21.816+0000][21728][gc,age       ] GC(583) - age   4:     396624 bytes,    4455320 total
[2020-08-27T11:17:21.816+0000][21728][gc,age       ] GC(583) - age   5:     196224 bytes,    4651544 total
[2020-08-27T11:17:21.816+0000][21728][gc,age       ] GC(583) - age   6:      30472 bytes,    4682016 total
[2020-08-27T11:17:21.816+0000][21728][gc,age       ] GC(583) - age   7:       2216 bytes,    4684232 total
[2020-08-27T11:17:21.816+0000][21728][gc,age       ] GC(583) - age   8:       2568 bytes,    4686800 total
[2020-08-27T11:17:21.816+0000][21728][gc,age       ] GC(583) - age   9:        160 bytes,    4686960 total
[2020-08-27T11:17:21.816+0000][21728][gc,age       ] GC(583) - age  10:      29944 bytes,    4716904 total
[2020-08-27T11:17:21.816+0000][21728][gc,age       ] GC(583) - age  11:       1448 bytes,    4718352 total
[2020-08-27T11:17:21.816+0000][21728][gc,age       ] GC(583) - age  12:       1808 bytes,    4720160 total
[2020-08-27T11:17:21.816+0000][21728][gc,age       ] GC(583) - age  13:      21648 bytes,    4741808 total
[2020-08-27T11:17:21.816+0000][21728][gc,age       ] GC(583) - age  14:       7160 bytes,    4748968 total
[2020-08-27T11:17:21.816+0000][21728][gc,age       ] GC(583) - age  15:        776 bytes,    4749744 total
[2020-08-27T11:17:21.816+0000][21728][gc,phases    ] GC(583)   Pre Evacuate Collection Set: 0.3ms
[2020-08-27T11:17:21.816+0000][21728][gc,phases    ] GC(583)   Merge Heap Roots: 0.1ms
[2020-08-27T11:17:21.816+0000][21728][gc,phases    ] GC(583)   Evacuate Collection Set: 2.0ms
[2020-08-27T11:17:21.816+0000][21728][gc,phases    ] GC(583)   Post Evacuate Collection Set: 0.9ms
[2020-08-27T11:17:21.816+0000][21728][gc,phases    ] GC(583)   Other: 0.6ms
[2020-08-27T11:17:21.816+0000][21728][gc,heap      ] GC(583) Eden regions: 39->0(471)
[2020-08-27T11:17:21.816+0000][21728][gc,heap      ] GC(583) Survivor regions: 5->5(59)
[2020-08-27T11:17:21.816+0000][21728][gc,heap      ] GC(583) Old regions: 81->81
[2020-08-27T11:17:21.817+0000][21728][gc,heap      ] GC(583) Archive regions: 0->0
[2020-08-27T11:17:21.817+0000][21728][gc,heap      ] GC(583) Humongous regions: 270->174
[2020-08-27T11:17:21.817+0000][21728][gc,metaspace ] GC(583) Metaspace: 88770K(94976K)->88770K(94976K) NonClass: 77508K(81152K)->77508K(81152K) Class: 11262K(13824K)->11262K(13824K)
[2020-08-27T11:17:21.817+0000][21728][gc           ] GC(583) Pause Young (Concurrent Start) (G1 Humongous Allocation) 394M->259M(1024M) 4.136ms
[2020-08-27T11:17:21.817+0000][21728][gc,cpu       ] GC(583) User=0.00s Sys=0.02s Real=0.00s
[2020-08-27T11:17:21.817+0000][21728][safepoint    ] Safepoint "G1TryInitiateConcMark", Time since last: 113700300 ns, Reaching safepoint: 118200 ns, At safepoint: 4273700 ns, Total: 4391900 ns
[2020-08-27T11:17:21.817+0000][21728][gc           ] GC(584) Concurrent Cycle
[2020-08-27T11:17:21.817+0000][21728][gc,marking   ] GC(584) Concurrent Clear Claimed Marks
[2020-08-27T11:17:21.817+0000][21728][gc,marking   ] GC(584) Concurrent Clear Claimed Marks 0.376ms
[2020-08-27T11:17:21.817+0000][21728][gc,marking   ] GC(584) Concurrent Scan Root Regions
[2020-08-27T11:17:21.819+0000][21728][gc,marking   ] GC(584) Concurrent Scan Root Regions 2.208ms
[2020-08-27T11:17:21.819+0000][21728][gc,marking   ] GC(584) Concurrent Mark (159.776s)
[2020-08-27T11:17:21.820+0000][21728][gc,marking   ] GC(584) Concurrent Mark From Roots
[2020-08-27T11:17:21.820+0000][21728][gc,task      ] GC(584) Using 2 workers of 2 for marking
[2020-08-27T11:17:21.904+0000][21728][gc,marking   ] GC(584) Concurrent Mark From Roots 84.610ms
[2020-08-27T11:17:21.904+0000][21728][gc,marking   ] GC(584) Concurrent Preclean
[2020-08-27T11:17:21.905+0000][21728][gc,marking   ] GC(584) Concurrent Preclean 0.345ms
[2020-08-27T11:17:21.905+0000][21728][gc,marking   ] GC(584) Concurrent Mark (159.776s, 159.861s) 85.070ms
[2020-08-27T11:17:21.905+0000][21728][gc,start     ] GC(584) Pause Remark
[2020-08-27T11:17:21.911+0000][21728][gc           ] GC(584) Pause Remark 317M->317M(1024M) 5.717ms
[2020-08-27T11:17:21.911+0000][21728][gc,cpu       ] GC(584) User=0.13s Sys=0.00s Real=0.01s
[2020-08-27T11:17:21.911+0000][21728][safepoint    ] Safepoint "G1Concurrent", Time since last: 87918900 ns, Reaching safepoint: 183900 ns, At safepoint: 5921400 ns, Total: 6105300 ns
[2020-08-27T11:17:21.911+0000][21728][gc,marking   ] GC(584) Concurrent Rebuild Remembered Sets
[2020-08-27T11:17:21.983+0000][21728][gc,marking   ] GC(584) Concurrent Rebuild Remembered Sets 71.708ms
[2020-08-27T11:17:21.983+0000][21728][gc,start     ] GC(584) Pause Cleanup
[2020-08-27T11:17:21.983+0000][21728][gc           ] GC(584) Pause Cleanup 334M->334M(1024M) 0.366ms
[2020-08-27T11:17:21.983+0000][21728][gc,cpu       ] GC(584) User=0.00s Sys=0.00s Real=0.00s
[2020-08-27T11:17:21.983+0000][21728][safepoint    ] Safepoint "G1Concurrent", Time since last: 71889600 ns, Reaching safepoint: 267300 ns, At safepoint: 545500 ns, Total: 812800 ns
[2020-08-27T11:17:21.983+0000][21728][gc,marking   ] GC(584) Concurrent Cleanup for Next Mark
[2020-08-27T11:17:21.986+0000][21728][gc,marking   ] GC(584) Concurrent Cleanup for Next Mark 2.129ms
[2020-08-27T11:17:21.986+0000][21728][gc           ] GC(584) Concurrent Cycle 169.025ms
[2020-08-27T11:17:22.044+0000][21728][gc,start     ] GC(585) Pause Young (Concurrent Start) (G1 Humongous Allocation)
[2020-08-27T11:17:22.044+0000][21728][gc,task      ] GC(585) Using 8 workers of 8 for evacuation
[2020-08-27T11:17:22.044+0000][21728][gc,age       ] GC(585) Desired survivor size 31457280 bytes, new threshold 15 (max threshold 15)
[2020-08-27T11:17:22.047+0000][21728][gc,age       ] GC(585) Age table with threshold 15 (max threshold 15)
[2020-08-27T11:17:22.047+0000][21728][gc,age       ] GC(585) - age   1:    2279632 bytes,    2279632 total
[2020-08-27T11:17:22.047+0000][21728][gc,age       ] GC(585) - age   2:       3072 bytes,    2282704 total
[2020-08-27T11:17:22.047+0000][21728][gc,age       ] GC(585) - age   3:       1864 bytes,    2284568 total
[2020-08-27T11:17:22.047+0000][21728][gc,age       ] GC(585) - age   4:       2352 bytes,    2286920 total
[2020-08-27T11:17:22.047+0000][21728][gc,age       ] GC(585) - age   5:       1104 bytes,    2288024 total
[2020-08-27T11:17:22.047+0000][21728][gc,age       ] GC(585) - age   6:       1240 bytes,    2289264 total
[2020-08-27T11:17:22.047+0000][21728][gc,age       ] GC(585) - age   7:      29536 bytes,    2318800 total
[2020-08-27T11:17:22.047+0000][21728][gc,age       ] GC(585) - age   8:       2088 bytes,    2320888 total
[2020-08-27T11:17:22.047+0000][21728][gc,age       ] GC(585) - age   9:       2408 bytes,    2323296 total
[2020-08-27T11:17:22.047+0000][21728][gc,age       ] GC(585) - age  10:        160 bytes,    2323456 total
[2020-08-27T11:17:22.047+0000][21728][gc,age       ] GC(585) - age  11:      29848 bytes,    2353304 total
[2020-08-27T11:17:22.047+0000][21728][gc,age       ] GC(585) - age  12:       1416 bytes,    2354720 total
[2020-08-27T11:17:22.047+0000][21728][gc,age       ] GC(585) - age  13:       1808 bytes,    2356528 total
[2020-08-27T11:17:22.047+0000][21728][gc,age       ] GC(585) - age  14:      21648 bytes,    2378176 total
[2020-08-27T11:17:22.047+0000][21728][gc,age       ] GC(585) - age  15:       6392 bytes,    2384568 total
[2020-08-27T11:17:22.047+0000][21728][gc,phases    ] GC(585)   Pre Evacuate Collection Set: 0.4ms
[2020-08-27T11:17:22.047+0000][21728][gc,phases    ] GC(585)   Merge Heap Roots: 0.1ms
[2020-08-27T11:17:22.047+0000][21728][gc,phases    ] GC(585)   Evacuate Collection Set: 1.7ms
[2020-08-27T11:17:22.047+0000][21728][gc,phases    ] GC(585)   Post Evacuate Collection Set: 0.6ms
[2020-08-27T11:17:22.047+0000][21728][gc,phases    ] GC(585)   Other: 0.7ms
[2020-08-27T11:17:22.047+0000][21728][gc,heap      ] GC(585) Eden regions: 32->0(479)
[2020-08-27T11:17:22.047+0000][21728][gc,heap      ] GC(585) Survivor regions: 5->3(60)
[2020-08-27T11:17:22.047+0000][21728][gc,heap      ] GC(585) Old regions: 81->81
[2020-08-27T11:17:22.047+0000][21728][gc,heap      ] GC(585) Archive regions: 0->0
[2020-08-27T11:17:22.047+0000][21728][gc,heap      ] GC(585) Humongous regions: 226->174
[2020-08-27T11:17:22.047+0000][21728][gc,metaspace ] GC(585) Metaspace: 88781K(94976K)->88781K(94976K) NonClass: 77519K(81152K)->77519K(81152K) Class: 11262K(13824K)->11262K(13824K)
[2020-08-27T11:17:22.047+0000][21728][gc           ] GC(585) Pause Young (Concurrent Start) (G1 Humongous Allocation) 343M->257M(1024M) 3.697ms
[2020-08-27T11:17:22.047+0000][21728][gc,cpu       ] GC(585) User=0.00s Sys=0.00s Real=0.00s
[2020-08-27T11:17:22.047+0000][21728][gc           ] GC(586) Concurrent Cycle
[2020-08-27T11:17:22.048+0000][21728][safepoint    ] Safepoint "G1TryInitiateConcMark", Time since last: 60062800 ns, Reaching safepoint: 153200 ns, At safepoint: 3879200 ns, Total: 4032400 ns
[2020-08-27T11:17:22.048+0000][21728][gc,marking   ] GC(586) Concurrent Clear Claimed Marks
[2020-08-27T11:17:22.048+0000][21728][gc,marking   ] GC(586) Concurrent Clear Claimed Marks 0.519ms
[2020-08-27T11:17:22.048+0000][21728][gc,marking   ] GC(586) Concurrent Scan Root Regions
[2020-08-27T11:17:22.050+0000][21728][gc,marking   ] GC(586) Concurrent Scan Root Regions 2.199ms
[2020-08-27T11:17:22.050+0000][21728][gc,marking   ] GC(586) Concurrent Mark (160.007s)
[2020-08-27T11:17:22.050+0000][21728][gc,marking   ] GC(586) Concurrent Mark From Roots
[2020-08-27T11:17:22.050+0000][21728][gc,task      ] GC(586) Using 2 workers of 2 for marking
[2020-08-27T11:17:22.140+0000][21728][gc,marking   ] GC(586) Concurrent Mark From Roots 90.004ms
[2020-08-27T11:17:22.140+0000][21728][gc,marking   ] GC(586) Concurrent Preclean
[2020-08-27T11:17:22.141+0000][21728][gc,marking   ] GC(586) Concurrent Preclean 0.432ms
[2020-08-27T11:17:22.141+0000][21728][gc,marking   ] GC(586) Concurrent Mark (160.007s, 160.098s) 90.571ms
[2020-08-27T11:17:22.141+0000][21728][gc,start     ] GC(586) Pause Remark
[2020-08-27T11:17:22.147+0000][21728][gc           ] GC(586) Pause Remark 305M->305M(1024M) 5.600ms
[2020-08-27T11:17:22.147+0000][21728][gc,cpu       ] GC(586) User=0.00s Sys=0.00s Real=0.01s
[2020-08-27T11:17:22.147+0000][21728][safepoint    ] Safepoint "G1Concurrent", Time since last: 93511800 ns, Reaching safepoint: 191100 ns, At safepoint: 5883600 ns, Total: 6074700 ns
[2020-08-27T11:17:22.147+0000][21728][gc,marking   ] GC(586) Concurrent Rebuild Remembered Sets
[2020-08-27T11:17:22.232+0000][21728][gc,marking   ] GC(586) Concurrent Rebuild Remembered Sets 84.799ms
[2020-08-27T11:17:22.232+0000][21728][gc,start     ] GC(586) Pause Cleanup
[2020-08-27T11:17:22.233+0000][21728][gc           ] GC(586) Pause Cleanup 310M->310M(1024M) 0.271ms
[2020-08-27T11:17:22.233+0000][21728][gc,cpu       ] GC(586) User=0.00s Sys=0.00s Real=0.00s
[2020-08-27T11:17:22.233+0000][21728][safepoint    ] Safepoint "G1Concurrent", Time since last: 84958100 ns, Reaching safepoint: 148300 ns, At safepoint: 414600 ns, Total: 562900 ns
[2020-08-27T11:17:22.233+0000][21728][gc,marking   ] GC(586) Concurrent Cleanup for Next Mark
[2020-08-27T11:17:22.234+0000][21728][gc,marking   ] GC(586) Concurrent Cleanup for Next Mark 1.445ms
[2020-08-27T11:17:22.234+0000][21728][gc           ] GC(586) Concurrent Cycle 186.791ms
[2020-08-27T11:17:22.280+0000][21728][gc,start     ] GC(587) Pause Young (Concurrent Start) (G1 Humongous Allocation)
[2020-08-27T11:17:22.280+0000][21728][gc,task      ] GC(587) Using 8 workers of 8 for evacuation
[2020-08-27T11:17:22.281+0000][21728][gc,age       ] GC(587) Desired survivor size 31981568 bytes, new threshold 15 (max threshold 15)
[2020-08-27T11:17:22.286+0000][21728][gc,age       ] GC(587) Age table with threshold 15 (max threshold 15)
[2020-08-27T11:17:22.286+0000][21728][gc,age       ] GC(587) - age   1:   15760904 bytes,   15760904 total
[2020-08-27T11:17:22.286+0000][21728][gc,age       ] GC(587) - age   2:      32592 bytes,   15793496 total
[2020-08-27T11:17:22.286+0000][21728][gc,age       ] GC(587) - age   3:       2176 bytes,   15795672 total
[2020-08-27T11:17:22.286+0000][21728][gc,age       ] GC(587) - age   4:       1344 bytes,   15797016 total
[2020-08-27T11:17:22.286+0000][21728][gc,age       ] GC(587) - age   5:       1256 bytes,   15798272 total
[2020-08-27T11:17:22.286+0000][21728][gc,age       ] GC(587) - age   6:        720 bytes,   15798992 total
[2020-08-27T11:17:22.286+0000][21728][gc,age       ] GC(587) - age   7:       1144 bytes,   15800136 total
[2020-08-27T11:17:22.286+0000][21728][gc,age       ] GC(587) - age   8:      29504 bytes,   15829640 total
[2020-08-27T11:17:22.286+0000][21728][gc,age       ] GC(587) - age   9:       1960 bytes,   15831600 total
[2020-08-27T11:17:22.286+0000][21728][gc,age       ] GC(587) - age  10:       2408 bytes,   15834008 total
[2020-08-27T11:17:22.286+0000][21728][gc,age       ] GC(587) - age  11:        160 bytes,   15834168 total
[2020-08-27T11:17:22.286+0000][21728][gc,age       ] GC(587) - age  12:      29784 bytes,   15863952 total
[2020-08-27T11:17:22.286+0000][21728][gc,age       ] GC(587) - age  13:       1352 bytes,   15865304 total
[2020-08-27T11:17:22.286+0000][21728][gc,age       ] GC(587) - age  14:       1808 bytes,   15867112 total
[2020-08-27T11:17:22.286+0000][21728][gc,age       ] GC(587) - age  15:      21648 bytes,   15888760 total
[2020-08-27T11:17:22.286+0000][21728][gc,phases    ] GC(587)   Pre Evacuate Collection Set: 0.4ms
[2020-08-27T11:17:22.286+0000][21728][gc,phases    ] GC(587)   Merge Heap Roots: 0.1ms
[2020-08-27T11:17:22.286+0000][21728][gc,phases    ] GC(587)   Evacuate Collection Set: 3.9ms
[2020-08-27T11:17:22.286+0000][21728][gc,phases    ] GC(587)   Post Evacuate Collection Set: 0.6ms
[2020-08-27T11:17:22.286+0000][21728][gc,phases    ] GC(587)   Other: 0.8ms
[2020-08-27T11:17:22.286+0000][21728][gc,heap      ] GC(587) Eden regions: 41->0(460)
[2020-08-27T11:17:22.286+0000][21728][gc,heap      ] GC(587) Survivor regions: 3->16(61)
[2020-08-27T11:17:22.286+0000][21728][gc,heap      ] GC(587) Old regions: 81->81
[2020-08-27T11:17:22.286+0000][21728][gc,heap      ] GC(587) Archive regions: 0->0
[2020-08-27T11:17:22.286+0000][21728][gc,heap      ] GC(587) Humongous regions: 226->174
[2020-08-27T11:17:22.286+0000][21728][gc,metaspace ] GC(587) Metaspace: 88781K(94976K)->88781K(94976K) NonClass: 77519K(81152K)->77519K(81152K) Class: 11262K(13824K)->11262K(13824K)
[2020-08-27T11:17:22.286+0000][21728][gc           ] GC(587) Pause Young (Concurrent Start) (G1 Humongous Allocation) 350M->270M(1024M) 6.104ms
[2020-08-27T11:17:22.287+0000][21728][gc,cpu       ] GC(587) User=0.11s Sys=0.00s Real=0.01s
[2020-08-27T11:17:22.287+0000][21728][gc           ] GC(588) Concurrent Cycle
[2020-08-27T11:17:22.287+0000][21728][safepoint    ] Safepoint "G1TryInitiateConcMark", Time since last: 47417800 ns, Reaching safepoint: 210700 ns, At safepoint: 6346600 ns, Total: 6557300 ns
[2020-08-27T11:17:22.287+0000][21728][gc,marking   ] GC(588) Concurrent Clear Claimed Marks
[2020-08-27T11:17:22.288+0000][21728][gc,marking   ] GC(588) Concurrent Clear Claimed Marks 1.041ms
[2020-08-27T11:17:22.288+0000][21728][gc,marking   ] GC(588) Concurrent Scan Root Regions
[2020-08-27T11:17:22.291+0000][21728][gc,marking   ] GC(588) Concurrent Scan Root Regions 3.552ms
[2020-08-27T11:17:22.291+0000][21728][gc,marking   ] GC(588) Concurrent Mark (160.248s)
[2020-08-27T11:17:22.292+0000][21728][gc,marking   ] GC(588) Concurrent Mark From Roots
[2020-08-27T11:17:22.292+0000][21728][gc,task      ] GC(588) Using 2 workers of 2 for marking
[2020-08-27T11:17:22.442+0000][21728][gc,marking   ] GC(588) Concurrent Mark From Roots 150.189ms
[2020-08-27T11:17:22.442+0000][21728][gc,marking   ] GC(588) Concurrent Preclean
[2020-08-27T11:17:22.443+0000][21728][gc,marking   ] GC(588) Concurrent Preclean 0.670ms
[2020-08-27T11:17:22.443+0000][21728][gc,marking   ] GC(588) Concurrent Mark (160.248s, 160.399s) 151.102ms
[2020-08-27T11:17:22.443+0000][21728][gc,start     ] GC(588) Pause Remark
[2020-08-27T11:17:22.449+0000][21728][gc           ] GC(588) Pause Remark 491M->491M(1024M) 6.311ms
[2020-08-27T11:17:22.449+0000][21728][gc,cpu       ] GC(588) User=0.00s Sys=0.00s Real=0.01s
[2020-08-27T11:17:22.449+0000][21728][safepoint    ] Safepoint "G1Concurrent", Time since last: 156023400 ns, Reaching safepoint: 230200 ns, At safepoint: 6510100 ns, Total: 6740300 ns
[2020-08-27T11:17:22.449+0000][21728][gc,marking   ] GC(588) Concurrent Rebuild Remembered Sets
[2020-08-27T11:17:22.546+0000][21728][gc,marking   ] GC(588) Concurrent Rebuild Remembered Sets 96.469ms
[2020-08-27T11:17:22.547+0000][21728][gc,start     ] GC(588) Pause Cleanup
[2020-08-27T11:17:22.547+0000][21728][gc           ] GC(588) Pause Cleanup 673M->673M(1024M) 0.309ms
[2020-08-27T11:17:22.547+0000][21728][gc,cpu       ] GC(588) User=0.00s Sys=0.00s Real=0.00s
[2020-08-27T11:17:22.547+0000][21728][safepoint    ] Safepoint "G1Concurrent", Time since last: 96699900 ns, Reaching safepoint: 149600 ns, At safepoint: 506400 ns, Total: 656000 ns
[2020-08-27T11:17:22.547+0000][21728][gc,marking   ] GC(588) Concurrent Cleanup for Next Mark
[2020-08-27T11:17:22.549+0000][21728][gc,marking   ] GC(588) Concurrent Cleanup for Next Mark 1.524ms
[2020-08-27T11:17:22.549+0000][21728][gc           ] GC(588) Concurrent Cycle 261.900ms
[2020-08-27T11:17:22.868+0000][21728][gc,start     ] GC(589) Pause Young (Concurrent Start) (G1 Humongous Allocation)
[2020-08-27T11:17:22.868+0000][21728][gc,task      ] GC(589) Using 8 workers of 8 for evacuation
[2020-08-27T11:17:22.868+0000][21728][gc,age       ] GC(589) Desired survivor size 31457280 bytes, new threshold 15 (max threshold 15)
[2020-08-27T11:17:22.873+0000][21728][gc,age       ] GC(589) Age table with threshold 15 (max threshold 15)
[2020-08-27T11:17:22.873+0000][21728][gc,age       ] GC(589) - age   1:   13807736 bytes,   13807736 total
[2020-08-27T11:17:22.873+0000][21728][gc,age       ] GC(589) - age   2:       2344 bytes,   13810080 total
[2020-08-27T11:17:22.873+0000][21728][gc,age       ] GC(589) - age   3:      23448 bytes,   13833528 total
[2020-08-27T11:17:22.873+0000][21728][gc,age       ] GC(589) - age   4:        864 bytes,   13834392 total
[2020-08-27T11:17:22.873+0000][21728][gc,age       ] GC(589) - age   5:        864 bytes,   13835256 total
[2020-08-27T11:17:22.873+0000][21728][gc,age       ] GC(589) - age   6:        984 bytes,   13836240 total
[2020-08-27T11:17:22.873+0000][21728][gc,age       ] GC(589) - age   7:        560 bytes,   13836800 total
[2020-08-27T11:17:22.873+0000][21728][gc,age       ] GC(589) - age   8:       1016 bytes,   13837816 total
[2020-08-27T11:17:22.874+0000][21728][gc,age       ] GC(589) - age   9:      29184 bytes,   13867000 total
[2020-08-27T11:17:22.874+0000][21728][gc,age       ] GC(589) - age  10:       1936 bytes,   13868936 total
[2020-08-27T11:17:22.874+0000][21728][gc,age       ] GC(589) - age  11:       2312 bytes,   13871248 total
[2020-08-27T11:17:22.874+0000][21728][gc,age       ] GC(589) - age  12:        160 bytes,   13871408 total
[2020-08-27T11:17:22.874+0000][21728][gc,age       ] GC(589) - age  13:      29720 bytes,   13901128 total
[2020-08-27T11:17:22.874+0000][21728][gc,age       ] GC(589) - age  14:       1352 bytes,   13902480 total
[2020-08-27T11:17:22.874+0000][21728][gc,age       ] GC(589) - age  15:       1808 bytes,   13904288 total
[2020-08-27T11:17:22.874+0000][21728][gc,phases    ] GC(589)   Pre Evacuate Collection Set: 0.4ms
[2020-08-27T11:17:22.874+0000][21728][gc,phases    ] GC(589)   Merge Heap Roots: 0.1ms
[2020-08-27T11:17:22.874+0000][21728][gc,phases    ] GC(589)   Evacuate Collection Set: 3.7ms
[2020-08-27T11:17:22.874+0000][21728][gc,phases    ] GC(589)   Post Evacuate Collection Set: 0.9ms
[2020-08-27T11:17:22.874+0000][21728][gc,phases    ] GC(589)   Other: 1.0ms
[2020-08-27T11:17:22.874+0000][21728][gc,heap      ] GC(589) Eden regions: 126->0(460)
[2020-08-27T11:17:22.874+0000][21728][gc,heap      ] GC(589) Survivor regions: 16->14(60)
[2020-08-27T11:17:22.874+0000][21728][gc,heap      ] GC(589) Old regions: 81->81
[2020-08-27T11:17:22.874+0000][21728][gc,heap      ] GC(589) Archive regions: 0->0
[2020-08-27T11:17:22.874+0000][21728][gc,heap      ] GC(589) Humongous regions: 496->174
[2020-08-27T11:17:22.874+0000][21728][gc,metaspace ] GC(589) Metaspace: 88783K(94976K)->88783K(94976K) NonClass: 77520K(81152K)->77520K(81152K) Class: 11262K(13824K)->11262K(13824K)
[2020-08-27T11:17:22.874+0000][21728][gc           ] GC(589) Pause Young (Concurrent Start) (G1 Humongous Allocation) 718M->268M(1024M) 6.390ms
[2020-08-27T11:17:22.874+0000][21728][gc,cpu       ] GC(589) User=0.00s Sys=0.00s Real=0.01s
[2020-08-27T11:17:22.874+0000][21728][gc           ] GC(590) Concurrent Cycle
[2020-08-27T11:17:22.874+0000][21728][gc,marking   ] GC(590) Concurrent Clear Claimed Marks
[2020-08-27T11:17:22.874+0000][21728][safepoint    ] Safepoint "G1TryInitiateConcMark", Time since last: 320396800 ns, Reaching safepoint: 167700 ns, At safepoint: 6640500 ns, Total: 6808200 ns
[2020-08-27T11:17:22.875+0000][21728][gc,marking   ] GC(590) Concurrent Clear Claimed Marks 0.430ms
[2020-08-27T11:17:22.875+0000][21728][gc,marking   ] GC(590) Concurrent Scan Root Regions
[2020-08-27T11:17:22.879+0000][21728][gc,marking   ] GC(590) Concurrent Scan Root Regions 3.584ms
[2020-08-27T11:17:22.879+0000][21728][gc,marking   ] GC(590) Concurrent Mark (160.835s)
[2020-08-27T11:17:22.879+0000][21728][gc,marking   ] GC(590) Concurrent Mark From Roots
[2020-08-27T11:17:22.879+0000][21728][gc,task      ] GC(590) Using 2 workers of 2 for marking
[2020-08-27T11:17:23.026+0000][21728][gc,marking   ] GC(590) Concurrent Mark From Roots 147.711ms
[2020-08-27T11:17:23.027+0000][21728][gc,marking   ] GC(590) Concurrent Preclean
[2020-08-27T11:17:23.027+0000][21728][gc,marking   ] GC(590) Concurrent Preclean 0.529ms
[2020-08-27T11:17:23.027+0000][21728][gc,marking   ] GC(590) Concurrent Mark (160.835s, 160.983s) 148.454ms
[2020-08-27T11:17:23.027+0000][21728][gc,start     ] GC(590) Pause Remark
[2020-08-27T11:17:23.033+0000][21728][gc           ] GC(590) Pause Remark 512M->512M(1024M) 5.986ms
[2020-08-27T11:17:23.034+0000][21728][gc,cpu       ] GC(590) User=0.13s Sys=0.00s Real=0.01s
[2020-08-27T11:17:23.034+0000][21728][safepoint    ] Safepoint "G1Concurrent", Time since last: 152829700 ns, Reaching safepoint: 171200 ns, At safepoint: 6215900 ns, Total: 6387100 ns
[2020-08-27T11:17:23.034+0000][21728][gc,marking   ] GC(590) Concurrent Rebuild Remembered Sets
[2020-08-27T11:17:23.126+0000][21728][gc,marking   ] GC(590) Concurrent Rebuild Remembered Sets 92.722ms
[2020-08-27T11:17:23.127+0000][21728][gc,start     ] GC(590) Pause Cleanup
[2020-08-27T11:17:23.127+0000][21728][gc           ] GC(590) Pause Cleanup 637M->637M(1024M) 0.389ms
[2020-08-27T11:17:23.127+0000][21728][gc,cpu       ] GC(590) User=0.00s Sys=0.00s Real=0.00s
[2020-08-27T11:17:23.127+0000][21728][safepoint    ] Safepoint "G1Concurrent", Time since last: 93004300 ns, Reaching safepoint: 199600 ns, At safepoint: 546100 ns, Total: 745700 ns
[2020-08-27T11:17:23.127+0000][21728][gc,marking   ] GC(590) Concurrent Cleanup for Next Mark
[2020-08-27T11:17:23.129+0000][21728][gc,marking   ] GC(590) Concurrent Cleanup for Next Mark 1.923ms
[2020-08-27T11:17:23.130+0000][21728][gc           ] GC(590) Concurrent Cycle 255.335ms
[2020-08-27T11:17:23.238+0000][21728][gc,start     ] GC(591) Pause Young (Concurrent Start) (G1 Humongous Allocation)
[2020-08-27T11:17:23.238+0000][21728][gc,task      ] GC(591) Using 8 workers of 8 for evacuation
[2020-08-27T11:17:23.238+0000][21728][gc,age       ] GC(591) Desired survivor size 31457280 bytes, new threshold 15 (max threshold 15)
[2020-08-27T11:17:23.241+0000][21728][gc,age       ] GC(591) Age table with threshold 15 (max threshold 15)
[2020-08-27T11:17:23.241+0000][21728][gc,age       ] GC(591) - age   1:    3335480 bytes,    3335480 total
[2020-08-27T11:17:23.241+0000][21728][gc,age       ] GC(591) - age   2:     501904 bytes,    3837384 total
[2020-08-27T11:17:23.241+0000][21728][gc,age       ] GC(591) - age   3:       1976 bytes,    3839360 total
[2020-08-27T11:17:23.241+0000][21728][gc,age       ] GC(591) - age   4:      20808 bytes,    3860168 total
[2020-08-27T11:17:23.241+0000][21728][gc,age       ] GC(591) - age   5:        800 bytes,    3860968 total
[2020-08-27T11:17:23.241+0000][21728][gc,age       ] GC(591) - age   6:        792 bytes,    3861760 total
[2020-08-27T11:17:23.241+0000][21728][gc,age       ] GC(591) - age   7:        984 bytes,    3862744 total
[2020-08-27T11:17:23.241+0000][21728][gc,age       ] GC(591) - age   8:        560 bytes,    3863304 total
[2020-08-27T11:17:23.241+0000][21728][gc,age       ] GC(591) - age   9:        952 bytes,    3864256 total
[2020-08-27T11:17:23.241+0000][21728][gc,age       ] GC(591) - age  10:      29152 bytes,    3893408 total
[2020-08-27T11:17:23.241+0000][21728][gc,age       ] GC(591) - age  11:       1936 bytes,    3895344 total
[2020-08-27T11:17:23.241+0000][21728][gc,age       ] GC(591) - age  12:       2216 bytes,    3897560 total
[2020-08-27T11:17:23.241+0000][21728][gc,age       ] GC(591) - age  13:        160 bytes,    3897720 total
[2020-08-27T11:17:23.241+0000][21728][gc,age       ] GC(591) - age  14:      29656 bytes,    3927376 total
[2020-08-27T11:17:23.241+0000][21728][gc,age       ] GC(591) - age  15:       1352 bytes,    3928728 total
[2020-08-27T11:17:23.241+0000][21728][gc,phases    ] GC(591)   Pre Evacuate Collection Set: 0.3ms
[2020-08-27T11:17:23.241+0000][21728][gc,phases    ] GC(591)   Merge Heap Roots: 0.1ms
[2020-08-27T11:17:23.241+0000][21728][gc,phases    ] GC(591)   Evacuate Collection Set: 2.0ms
[2020-08-27T11:17:23.242+0000][21728][gc,phases    ] GC(591)   Post Evacuate Collection Set: 0.8ms
[2020-08-27T11:17:23.242+0000][21728][gc,phases    ] GC(591)   Other: 0.7ms
[2020-08-27T11:17:23.242+0000][21728][gc,heap      ] GC(591) Eden regions: 97->0(474)
[2020-08-27T11:17:23.242+0000][21728][gc,heap      ] GC(591) Survivor regions: 14->5(60)
[2020-08-27T11:17:23.242+0000][21728][gc,heap      ] GC(591) Old regions: 81->81
[2020-08-27T11:17:23.242+0000][21728][gc,heap      ] GC(591) Archive regions: 0->0
[2020-08-27T11:17:23.242+0000][21728][gc,heap      ] GC(591) Humongous regions: 462->174
[2020-08-27T11:17:23.242+0000][21728][gc,metaspace ] GC(591) Metaspace: 88783K(94976K)->88783K(94976K) NonClass: 77520K(81152K)->77520K(81152K) Class: 11262K(13824K)->11262K(13824K)
[2020-08-27T11:17:23.242+0000][21728][gc           ] GC(591) Pause Young (Concurrent Start) (G1 Humongous Allocation) 653M->259M(1024M) 4.222ms
[2020-08-27T11:17:23.242+0000][21728][gc,cpu       ] GC(591) User=0.00s Sys=0.00s Real=0.00s
[2020-08-27T11:17:23.242+0000][21728][gc           ] GC(592) Concurrent Cycle
[2020-08-27T11:17:23.242+0000][21728][safepoint    ] Safepoint "G1TryInitiateConcMark", Time since last: 110047000 ns, Reaching safepoint: 128500 ns, At safepoint: 4403700 ns, Total: 4532200 ns
[2020-08-27T11:17:23.242+0000][21728][gc,marking   ] GC(592) Concurrent Clear Claimed Marks
[2020-08-27T11:17:23.243+0000][21728][gc,marking   ] GC(592) Concurrent Clear Claimed Marks 0.937ms
[2020-08-27T11:17:23.243+0000][21728][gc,marking   ] GC(592) Concurrent Scan Root Regions
[2020-08-27T11:17:23.245+0000][21728][gc,marking   ] GC(592) Concurrent Scan Root Regions 2.383ms
[2020-08-27T11:17:23.246+0000][21728][gc,marking   ] GC(592) Concurrent Mark (161.202s)
[2020-08-27T11:17:23.246+0000][21728][gc,marking   ] GC(592) Concurrent Mark From Roots
[2020-08-27T11:17:23.246+0000][21728][gc,task      ] GC(592) Using 2 workers of 2 for marking
[2020-08-27T11:17:23.351+0000][21728][gc,marking   ] GC(592) Concurrent Mark From Roots 105.209ms
[2020-08-27T11:17:23.351+0000][21728][gc,marking   ] GC(592) Concurrent Preclean
[2020-08-27T11:17:23.351+0000][21728][gc,marking   ] GC(592) Concurrent Preclean 0.368ms
[2020-08-27T11:17:23.351+0000][21728][gc,marking   ] GC(592) Concurrent Mark (161.202s, 161.307s) 105.734ms
[2020-08-27T11:17:23.352+0000][21728][gc,start     ] GC(592) Pause Remark
[2020-08-27T11:17:23.357+0000][21728][gc           ] GC(592) Pause Remark 318M->318M(1024M) 5.377ms
[2020-08-27T11:17:23.357+0000][21728][gc,cpu       ] GC(592) User=0.00s Sys=0.00s Real=0.01s
[2020-08-27T11:17:23.357+0000][21728][safepoint    ] Safepoint "G1Concurrent", Time since last: 109432900 ns, Reaching safepoint: 177100 ns, At safepoint: 5597800 ns, Total: 5774900 ns
[2020-08-27T11:17:23.357+0000][21728][gc,marking   ] GC(592) Concurrent Rebuild Remembered Sets
[2020-08-27T11:17:23.423+0000][21728][gc,marking   ] GC(592) Concurrent Rebuild Remembered Sets 66.208ms
[2020-08-27T11:17:23.424+0000][21728][gc,start     ] GC(592) Pause Cleanup
[2020-08-27T11:17:23.424+0000][21728][gc           ] GC(592) Pause Cleanup 323M->323M(1024M) 0.265ms
[2020-08-27T11:17:23.424+0000][21728][gc,cpu       ] GC(592) User=0.00s Sys=0.00s Real=0.00s
[2020-08-27T11:17:23.424+0000][21728][safepoint    ] Safepoint "G1Concurrent", Time since last: 66365600 ns, Reaching safepoint: 138000 ns, At safepoint: 445800 ns, Total: 583800 ns
[2020-08-27T11:17:23.424+0000][21728][gc,marking   ] GC(592) Concurrent Cleanup for Next Mark
[2020-08-27T11:17:23.426+0000][21728][gc,marking   ] GC(592) Concurrent Cleanup for Next Mark 1.648ms
[2020-08-27T11:17:23.426+0000][21728][gc           ] GC(592) Concurrent Cycle 183.995ms
[2020-08-27T11:17:23.536+0000][21728][gc,start     ] GC(593) Pause Young (Concurrent Start) (G1 Humongous Allocation)
[2020-08-27T11:17:23.536+0000][21728][gc,task      ] GC(593) Using 8 workers of 8 for evacuation
[2020-08-27T11:17:23.536+0000][21728][gc,age       ] GC(593) Desired survivor size 31457280 bytes, new threshold 15 (max threshold 15)
[2020-08-27T11:17:23.539+0000][21728][gc,age       ] GC(593) Age table with threshold 15 (max threshold 15)
[2020-08-27T11:17:23.539+0000][21728][gc,age       ] GC(593) - age   1:    1720064 bytes,    1720064 total
[2020-08-27T11:17:23.539+0000][21728][gc,age       ] GC(593) - age   2:       2608 bytes,    1722672 total
[2020-08-27T11:17:23.539+0000][21728][gc,age       ] GC(593) - age   3:       7624 bytes,    1730296 total
[2020-08-27T11:17:23.539+0000][21728][gc,age       ] GC(593) - age   4:       1408 bytes,    1731704 total
[2020-08-27T11:17:23.539+0000][21728][gc,age       ] GC(593) - age   5:      20624 bytes,    1752328 total
[2020-08-27T11:17:23.539+0000][21728][gc,age       ] GC(593) - age   6:        800 bytes,    1753128 total
[2020-08-27T11:17:23.539+0000][21728][gc,age       ] GC(593) - age   7:        792 bytes,    1753920 total
[2020-08-27T11:17:23.539+0000][21728][gc,age       ] GC(593) - age   8:        984 bytes,    1754904 total
[2020-08-27T11:17:23.539+0000][21728][gc,age       ] GC(593) - age   9:        528 bytes,    1755432 total
[2020-08-27T11:17:23.539+0000][21728][gc,age       ] GC(593) - age  10:        952 bytes,    1756384 total
[2020-08-27T11:17:23.539+0000][21728][gc,age       ] GC(593) - age  11:      29152 bytes,    1785536 total
[2020-08-27T11:17:23.539+0000][21728][gc,age       ] GC(593) - age  12:       1936 bytes,    1787472 total
[2020-08-27T11:17:23.539+0000][21728][gc,age       ] GC(593) - age  13:       2216 bytes,    1789688 total
[2020-08-27T11:17:23.539+0000][21728][gc,age       ] GC(593) - age  14:        160 bytes,    1789848 total
[2020-08-27T11:17:23.540+0000][21728][gc,age       ] GC(593) - age  15:      29656 bytes,    1819504 total
[2020-08-27T11:17:23.540+0000][21728][gc,phases    ] GC(593)   Pre Evacuate Collection Set: 0.4ms
[2020-08-27T11:17:23.540+0000][21728][gc,phases    ] GC(593)   Merge Heap Roots: 0.1ms
[2020-08-27T11:17:23.540+0000][21728][gc,phases    ] GC(593)   Evacuate Collection Set: 1.7ms
[2020-08-27T11:17:23.540+0000][21728][gc,phases    ] GC(593)   Post Evacuate Collection Set: 0.6ms
[2020-08-27T11:17:23.540+0000][21728][gc,phases    ] GC(593)   Other: 0.7ms
[2020-08-27T11:17:23.540+0000][21728][gc,heap      ] GC(593) Eden regions: 25->0(482)
[2020-08-27T11:17:23.540+0000][21728][gc,heap      ] GC(593) Survivor regions: 5->3(60)
[2020-08-27T11:17:23.540+0000][21728][gc,heap      ] GC(593) Old regions: 81->81
[2020-08-27T11:17:23.540+0000][21728][gc,heap      ] GC(593) Archive regions: 0->0
[2020-08-27T11:17:23.540+0000][21728][gc,heap      ] GC(593) Humongous regions: 226->174
[2020-08-27T11:17:23.540+0000][21728][gc,metaspace ] GC(593) Metaspace: 88800K(94976K)->88800K(94976K) NonClass: 77538K(81152K)->77538K(81152K) Class: 11262K(13824K)->11262K(13824K)
[2020-08-27T11:17:23.540+0000][21728][gc           ] GC(593) Pause Young (Concurrent Start) (G1 Humongous Allocation) 336M->257M(1024M) 3.774ms
[2020-08-27T11:17:23.540+0000][21728][gc,cpu       ] GC(593) User=0.00s Sys=0.00s Real=0.00s
[2020-08-27T11:17:23.540+0000][21728][safepoint    ] Safepoint "G1TryInitiateConcMark", Time since last: 111791500 ns, Reaching safepoint: 185400 ns, At safepoint: 3921900 ns, Total: 4107300 ns
[2020-08-27T11:17:23.540+0000][21728][gc           ] GC(594) Concurrent Cycle
[2020-08-27T11:17:23.540+0000][21728][gc,marking   ] GC(594) Concurrent Clear Claimed Marks
[2020-08-27T11:17:23.541+0000][21728][gc,marking   ] GC(594) Concurrent Clear Claimed Marks 0.473ms
[2020-08-27T11:17:23.541+0000][21728][gc,marking   ] GC(594) Concurrent Scan Root Regions
[2020-08-27T11:17:23.542+0000][21728][gc,marking   ] GC(594) Concurrent Scan Root Regions 1.596ms
[2020-08-27T11:17:23.542+0000][21728][gc,marking   ] GC(594) Concurrent Mark (161.498s)
[2020-08-27T11:17:23.542+0000][21728][gc,marking   ] GC(594) Concurrent Mark From Roots
[2020-08-27T11:17:23.542+0000][21728][gc,task      ] GC(594) Using 2 workers of 2 for marking
[2020-08-27T11:17:23.672+0000][21728][gc,marking   ] GC(594) Concurrent Mark From Roots 129.941ms
[2020-08-27T11:17:23.672+0000][21728][gc,marking   ] GC(594) Concurrent Preclean
[2020-08-27T11:17:23.673+0000][21728][gc,marking   ] GC(594) Concurrent Preclean 0.504ms
[2020-08-27T11:17:23.673+0000][21728][gc,marking   ] GC(594) Concurrent Mark (161.498s, 161.629s) 130.614ms
[2020-08-27T11:17:23.673+0000][21728][gc,start     ] GC(594) Pause Remark
[2020-08-27T11:17:23.681+0000][21728][gc           ] GC(594) Pause Remark 293M->293M(1024M) 7.597ms
[2020-08-27T11:17:23.681+0000][21728][gc,cpu       ] GC(594) User=0.00s Sys=0.00s Real=0.01s
[2020-08-27T11:17:23.681+0000][21728][safepoint    ] Safepoint "G1Concurrent", Time since last: 132982200 ns, Reaching safepoint: 159000 ns, At safepoint: 7778100 ns, Total: 7937100 ns
[2020-08-27T11:17:23.681+0000][21728][gc,marking   ] GC(594) Concurrent Rebuild Remembered Sets
[2020-08-27T11:17:23.769+0000][21728][gc,marking   ] GC(594) Concurrent Rebuild Remembered Sets 88.337ms
[2020-08-27T11:17:23.770+0000][21728][gc,start     ] GC(594) Pause Cleanup
[2020-08-27T11:17:23.770+0000][21728][gc           ] GC(594) Pause Cleanup 339M->339M(1024M) 0.317ms
[2020-08-27T11:17:23.770+0000][21728][gc,cpu       ] GC(594) User=0.00s Sys=0.00s Real=0.00s
[2020-08-27T11:17:23.770+0000][21728][safepoint    ] Safepoint "G1Concurrent", Time since last: 88514000 ns, Reaching safepoint: 171400 ns, At safepoint: 463500 ns, Total: 634900 ns
[2020-08-27T11:17:23.770+0000][21728][gc,marking   ] GC(594) Concurrent Cleanup for Next Mark
[2020-08-27T11:17:23.772+0000][21728][gc,marking   ] GC(594) Concurrent Cleanup for Next Mark 1.462ms
[2020-08-27T11:17:23.772+0000][21728][gc           ] GC(594) Concurrent Cycle 231.734ms
[2020-08-27T11:17:23.954+0000][21728][gc,start     ] GC(595) Pause Young (Concurrent Start) (G1 Humongous Allocation)
[2020-08-27T11:17:23.954+0000][21728][gc,task      ] GC(595) Using 8 workers of 8 for evacuation
[2020-08-27T11:17:23.954+0000][21728][gc,age       ] GC(595) Desired survivor size 31981568 bytes, new threshold 15 (max threshold 15)
[2020-08-27T11:17:23.958+0000][21728][gc,age       ] GC(595) Age table with threshold 15 (max threshold 15)
[2020-08-27T11:17:23.958+0000][21728][gc,age       ] GC(595) - age   1:    2584664 bytes,    2584664 total
[2020-08-27T11:17:23.958+0000][21728][gc,age       ] GC(595) - age   2:      14848 bytes,    2599512 total
[2020-08-27T11:17:23.958+0000][21728][gc,age       ] GC(595) - age   3:       2144 bytes,    2601656 total
[2020-08-27T11:17:23.958+0000][21728][gc,age       ] GC(595) - age   4:       3864 bytes,    2605520 total
[2020-08-27T11:17:23.958+0000][21728][gc,age       ] GC(595) - age   5:       1352 bytes,    2606872 total
[2020-08-27T11:17:23.958+0000][21728][gc,age       ] GC(595) - age   6:      20560 bytes,    2627432 total
[2020-08-27T11:17:23.958+0000][21728][gc,age       ] GC(595) - age   7:        800 bytes,    2628232 total
[2020-08-27T11:17:23.958+0000][21728][gc,age       ] GC(595) - age   8:        792 bytes,    2629024 total
[2020-08-27T11:17:23.958+0000][21728][gc,age       ] GC(595) - age   9:        888 bytes,    2629912 total
[2020-08-27T11:17:23.958+0000][21728][gc,age       ] GC(595) - age  10:        176 bytes,    2630088 total
[2020-08-27T11:17:23.958+0000][21728][gc,age       ] GC(595) - age  11:        952 bytes,    2631040 total
[2020-08-27T11:17:23.958+0000][21728][gc,age       ] GC(595) - age  12:      29152 bytes,    2660192 total
[2020-08-27T11:17:23.958+0000][21728][gc,age       ] GC(595) - age  13:       1936 bytes,    2662128 total
[2020-08-27T11:17:23.958+0000][21728][gc,age       ] GC(595) - age  14:       2136 bytes,    2664264 total
[2020-08-27T11:17:23.958+0000][21728][gc,age       ] GC(595) - age  15:         96 bytes,    2664360 total
[2020-08-27T11:17:23.958+0000][21728][gc,phases    ] GC(595)   Pre Evacuate Collection Set: 0.4ms
[2020-08-27T11:17:23.958+0000][21728][gc,phases    ] GC(595)   Merge Heap Roots: 0.1ms
[2020-08-27T11:17:23.958+0000][21728][gc,phases    ] GC(595)   Evacuate Collection Set: 2.1ms
[2020-08-27T11:17:23.958+0000][21728][gc,phases    ] GC(595)   Post Evacuate Collection Set: 0.7ms
[2020-08-27T11:17:23.959+0000][21728][gc,phases    ] GC(595)   Other: 1.0ms
[2020-08-27T11:17:23.959+0000][21728][gc,heap      ] GC(595) Eden regions: 35->0(486)
[2020-08-27T11:17:23.959+0000][21728][gc,heap      ] GC(595) Survivor regions: 3->3(61)
[2020-08-27T11:17:23.959+0000][21728][gc,heap      ] GC(595) Old regions: 81->81
[2020-08-27T11:17:23.959+0000][21728][gc,heap      ] GC(595) Archive regions: 0->0
[2020-08-27T11:17:23.959+0000][21728][gc,heap      ] GC(595) Humongous regions: 232->174
[2020-08-27T11:17:23.959+0000][21728][gc,metaspace ] GC(595) Metaspace: 88800K(94976K)->88800K(94976K) NonClass: 77538K(81152K)->77538K(81152K) Class: 11262K(13824K)->11262K(13824K)
[2020-08-27T11:17:23.959+0000][21728][gc           ] GC(595) Pause Young (Concurrent Start) (G1 Humongous Allocation) 349M->257M(1024M) 4.545ms
[2020-08-27T11:17:23.959+0000][21728][gc,cpu       ] GC(595) User=0.00s Sys=0.00s Real=0.01s
[2020-08-27T11:17:23.959+0000][21728][gc           ] GC(596) Concurrent Cycle
[2020-08-27T11:17:23.959+0000][21728][safepoint    ] Safepoint "G1TryInitiateConcMark", Time since last: 183946600 ns, Reaching safepoint: 149100 ns, At safepoint: 4762900 ns, Total: 4912000 ns
[2020-08-27T11:17:23.959+0000][21728][gc,marking   ] GC(596) Concurrent Clear Claimed Marks
[2020-08-27T11:17:23.960+0000][21728][gc,marking   ] GC(596) Concurrent Clear Claimed Marks 0.631ms
[2020-08-27T11:17:23.960+0000][21728][gc,marking   ] GC(596) Concurrent Scan Root Regions
[2020-08-27T11:17:23.961+0000][21728][gc,marking   ] GC(596) Concurrent Scan Root Regions 1.589ms
[2020-08-27T11:17:23.961+0000][21728][gc,marking   ] GC(596) Concurrent Mark (161.918s)
[2020-08-27T11:17:23.961+0000][21728][gc,marking   ] GC(596) Concurrent Mark From Roots
[2020-08-27T11:17:23.961+0000][21728][gc,task      ] GC(596) Using 2 workers of 2 for marking
[2020-08-27T11:17:24.097+0000][21728][gc,marking   ] GC(596) Concurrent Mark From Roots 135.756ms
[2020-08-27T11:17:24.097+0000][21728][gc,marking   ] GC(596) Concurrent Preclean
[2020-08-27T11:17:24.097+0000][21728][gc,marking   ] GC(596) Concurrent Preclean 0.379ms
[2020-08-27T11:17:24.097+0000][21728][gc,marking   ] GC(596) Concurrent Mark (161.918s, 162.054s) 136.259ms
[2020-08-27T11:17:24.097+0000][21728][gc,start     ] GC(596) Pause Remark
[2020-08-27T11:17:24.104+0000][21728][gc           ] GC(596) Pause Remark 316M->316M(1024M) 6.087ms
[2020-08-27T11:17:24.104+0000][21728][gc,cpu       ] GC(596) User=0.00s Sys=0.00s Real=0.01s
[2020-08-27T11:17:24.104+0000][21728][safepoint    ] Safepoint "G1Concurrent", Time since last: 138829100 ns, Reaching safepoint: 168100 ns, At safepoint: 6349700 ns, Total: 6517800 ns
[2020-08-27T11:17:24.104+0000][21728][gc,marking   ] GC(596) Concurrent Rebuild Remembered Sets
[2020-08-27T11:17:24.174+0000][21728][gc,marking   ] GC(596) Concurrent Rebuild Remembered Sets 69.948ms
[2020-08-27T11:17:24.175+0000][21728][gc,start     ] GC(596) Pause Cleanup
[2020-08-27T11:17:24.175+0000][21728][gc           ] GC(596) Pause Cleanup 320M->320M(1024M) 0.434ms
[2020-08-27T11:17:24.175+0000][21728][gc,cpu       ] GC(596) User=0.00s Sys=0.00s Real=0.00s
[2020-08-27T11:17:24.175+0000][21728][safepoint    ] Safepoint "G1Concurrent", Time since last: 70150900 ns, Reaching safepoint: 166200 ns, At safepoint: 664600 ns, Total: 830800 ns
[2020-08-27T11:17:24.175+0000][21728][gc,marking   ] GC(596) Concurrent Cleanup for Next Mark
[2020-08-27T11:17:24.177+0000][21728][gc,marking   ] GC(596) Concurrent Cleanup for Next Mark 1.806ms
[2020-08-27T11:17:24.177+0000][21728][gc           ] GC(596) Concurrent Cycle 218.394ms
[2020-08-27T11:17:24.330+0000][21728][gc,start     ] GC(597) Pause Young (Concurrent Start) (G1 Humongous Allocation)
[2020-08-27T11:17:24.330+0000][21728][gc,task      ] GC(597) Using 8 workers of 8 for evacuation
[2020-08-27T11:17:24.330+0000][21728][gc,age       ] GC(597) Desired survivor size 32505856 bytes, new threshold 15 (max threshold 15)
[2020-08-27T11:17:24.335+0000][21728][gc,age       ] GC(597) Age table with threshold 15 (max threshold 15)
[2020-08-27T11:17:24.336+0000][21728][gc,age       ] GC(597) - age   1:   13203880 bytes,   13203880 total
[2020-08-27T11:17:24.336+0000][21728][gc,age       ] GC(597) - age   2:       5288 bytes,   13209168 total
[2020-08-27T11:17:24.336+0000][21728][gc,age       ] GC(597) - age   3:      11096 bytes,   13220264 total
[2020-08-27T11:17:24.336+0000][21728][gc,age       ] GC(597) - age   4:       1280 bytes,   13221544 total
[2020-08-27T11:17:24.336+0000][21728][gc,age       ] GC(597) - age   5:       2744 bytes,   13224288 total
[2020-08-27T11:17:24.336+0000][21728][gc,age       ] GC(597) - age   6:       1096 bytes,   13225384 total
[2020-08-27T11:17:24.336+0000][21728][gc,age       ] GC(597) - age   7:      20560 bytes,   13245944 total
[2020-08-27T11:17:24.336+0000][21728][gc,age       ] GC(597) - age   8:        800 bytes,   13246744 total
[2020-08-27T11:17:24.336+0000][21728][gc,age       ] GC(597) - age   9:        728 bytes,   13247472 total
[2020-08-27T11:17:24.336+0000][21728][gc,age       ] GC(597) - age  10:        824 bytes,   13248296 total
[2020-08-27T11:17:24.336+0000][21728][gc,age       ] GC(597) - age  11:        176 bytes,   13248472 total
[2020-08-27T11:17:24.336+0000][21728][gc,age       ] GC(597) - age  12:        888 bytes,   13249360 total
[2020-08-27T11:17:24.336+0000][21728][gc,age       ] GC(597) - age  13:      29152 bytes,   13278512 total
[2020-08-27T11:17:24.336+0000][21728][gc,age       ] GC(597) - age  14:       1840 bytes,   13280352 total
[2020-08-27T11:17:24.336+0000][21728][gc,age       ] GC(597) - age  15:       2072 bytes,   13282424 total
[2020-08-27T11:17:24.336+0000][21728][gc,phases    ] GC(597)   Pre Evacuate Collection Set: 0.5ms
[2020-08-27T11:17:24.336+0000][21728][gc,phases    ] GC(597)   Merge Heap Roots: 0.1ms
[2020-08-27T11:17:24.336+0000][21728][gc,phases    ] GC(597)   Evacuate Collection Set: 3.7ms
[2020-08-27T11:17:24.336+0000][21728][gc,phases    ] GC(597)   Post Evacuate Collection Set: 0.8ms
[2020-08-27T11:17:24.336+0000][21728][gc,phases    ] GC(597)   Other: 1.1ms
[2020-08-27T11:17:24.336+0000][21728][gc,heap      ] GC(597) Eden regions: 40->0(471)
[2020-08-27T11:17:24.336+0000][21728][gc,heap      ] GC(597) Survivor regions: 3->13(62)
[2020-08-27T11:17:24.336+0000][21728][gc,heap      ] GC(597) Old regions: 81->81
[2020-08-27T11:17:24.336+0000][21728][gc,heap      ] GC(597) Archive regions: 0->0
[2020-08-27T11:17:24.336+0000][21728][gc,heap      ] GC(597) Humongous regions: 226->174
[2020-08-27T11:17:24.336+0000][21728][gc,metaspace ] GC(597) Metaspace: 88800K(94976K)->88800K(94976K) NonClass: 77538K(81152K)->77538K(81152K) Class: 11262K(13824K)->11262K(13824K)
[2020-08-27T11:17:24.337+0000][21728][gc           ] GC(597) Pause Young (Concurrent Start) (G1 Humongous Allocation) 348M->267M(1024M) 6.480ms
[2020-08-27T11:17:24.337+0000][21728][gc,cpu       ] GC(597) User=0.00s Sys=0.00s Real=0.01s
[2020-08-27T11:17:24.337+0000][21728][gc           ] GC(598) Concurrent Cycle
[2020-08-27T11:17:24.337+0000][21728][gc,marking   ] GC(598) Concurrent Clear Claimed Marks
[2020-08-27T11:17:24.337+0000][21728][safepoint    ] Safepoint "G1TryInitiateConcMark", Time since last: 154588000 ns, Reaching safepoint: 171000 ns, At safepoint: 6998100 ns, Total: 7169100 ns
[2020-08-27T11:17:24.337+0000][21728][gc,marking   ] GC(598) Concurrent Clear Claimed Marks 0.299ms
[2020-08-27T11:17:24.337+0000][21728][gc,marking   ] GC(598) Concurrent Scan Root Regions
[2020-08-27T11:17:24.341+0000][21728][gc,marking   ] GC(598) Concurrent Scan Root Regions 3.624ms
[2020-08-27T11:17:24.341+0000][21728][gc,marking   ] GC(598) Concurrent Mark (162.297s)
[2020-08-27T11:17:24.341+0000][21728][gc,marking   ] GC(598) Concurrent Mark From Roots
[2020-08-27T11:17:24.341+0000][21728][gc,task      ] GC(598) Using 2 workers of 2 for marking
[2020-08-27T11:17:24.507+0000][21728][gc,marking   ] GC(598) Concurrent Mark From Roots 166.505ms
[2020-08-27T11:17:24.507+0000][21728][gc,marking   ] GC(598) Concurrent Preclean
[2020-08-27T11:17:24.508+0000][21728][gc,marking   ] GC(598) Concurrent Preclean 0.848ms
[2020-08-27T11:17:24.508+0000][21728][gc,marking   ] GC(598) Concurrent Mark (162.297s, 162.465s) 167.583ms
[2020-08-27T11:17:24.509+0000][21728][gc,start     ] GC(598) Pause Remark
[2020-08-27T11:17:24.515+0000][21728][gc           ] GC(598) Pause Remark 564M->564M(1024M) 6.451ms
[2020-08-27T11:17:24.515+0000][21728][gc,cpu       ] GC(598) User=0.00s Sys=0.00s Real=0.01s
[2020-08-27T11:17:24.516+0000][21728][safepoint    ] Safepoint "G1Concurrent", Time since last: 171540400 ns, Reaching safepoint: 321300 ns, At safepoint: 6711700 ns, Total: 7033000 ns
[2020-08-27T11:17:24.516+0000][21728][gc,marking   ] GC(598) Concurrent Rebuild Remembered Sets
[2020-08-27T11:17:24.622+0000][21728][gc,marking   ] GC(598) Concurrent Rebuild Remembered Sets 106.803ms
[2020-08-27T11:17:24.623+0000][21728][gc,start     ] GC(598) Pause Cleanup
[2020-08-27T11:17:24.623+0000][21728][gc           ] GC(598) Pause Cleanup 631M->631M(1024M) 0.368ms
[2020-08-27T11:17:24.623+0000][21728][gc,cpu       ] GC(598) User=0.00s Sys=0.00s Real=0.00s
[2020-08-27T11:17:24.623+0000][21728][safepoint    ] Safepoint "G1Concurrent", Time since last: 106979100 ns, Reaching safepoint: 190700 ns, At safepoint: 566100 ns, Total: 756800 ns
[2020-08-27T11:17:24.623+0000][21728][gc,marking   ] GC(598) Concurrent Cleanup for Next Mark
[2020-08-27T11:17:24.625+0000][21728][gc,marking   ] GC(598) Concurrent Cleanup for Next Mark 1.893ms
[2020-08-27T11:17:24.625+0000][21728][gc           ] GC(598) Concurrent Cycle 288.770ms
[2020-08-27T11:17:24.641+0000][21728][gc,start     ] GC(599) Pause Young (Concurrent Start) (G1 Humongous Allocation)
[2020-08-27T11:17:24.641+0000][21728][gc,task      ] GC(599) Using 8 workers of 8 for evacuation
[2020-08-27T11:17:24.641+0000][21728][gc,age       ] GC(599) Desired survivor size 31981568 bytes, new threshold 15 (max threshold 15)
[2020-08-27T11:17:24.646+0000][21728][gc,age       ] GC(599) Age table with threshold 15 (max threshold 15)
[2020-08-27T11:17:24.646+0000][21728][gc,age       ] GC(599) - age   1:    6074272 bytes,    6074272 total
[2020-08-27T11:17:24.646+0000][21728][gc,age       ] GC(599) - age   2:    1086720 bytes,    7160992 total
[2020-08-27T11:17:24.646+0000][21728][gc,age       ] GC(599) - age   3:       4592 bytes,    7165584 total
[2020-08-27T11:17:24.646+0000][21728][gc,age       ] GC(599) - age   4:       5224 bytes,    7170808 total
[2020-08-27T11:17:24.646+0000][21728][gc,age       ] GC(599) - age   5:        736 bytes,    7171544 total
[2020-08-27T11:17:24.646+0000][21728][gc,age       ] GC(599) - age   6:       2496 bytes,    7174040 total
[2020-08-27T11:17:24.646+0000][21728][gc,age       ] GC(599) - age   7:        904 bytes,    7174944 total
[2020-08-27T11:17:24.646+0000][21728][gc,age       ] GC(599) - age   8:      20496 bytes,    7195440 total
[2020-08-27T11:17:24.646+0000][21728][gc,age       ] GC(599) - age   9:        800 bytes,    7196240 total
[2020-08-27T11:17:24.646+0000][21728][gc,age       ] GC(599) - age  10:        728 bytes,    7196968 total
[2020-08-27T11:17:24.646+0000][21728][gc,age       ] GC(599) - age  11:        696 bytes,    7197664 total
[2020-08-27T11:17:24.646+0000][21728][gc,age       ] GC(599) - age  12:        176 bytes,    7197840 total
[2020-08-27T11:17:24.646+0000][21728][gc,age       ] GC(599) - age  13:        888 bytes,    7198728 total
[2020-08-27T11:17:24.646+0000][21728][gc,age       ] GC(599) - age  14:      29088 bytes,    7227816 total
[2020-08-27T11:17:24.646+0000][21728][gc,age       ] GC(599) - age  15:       1840 bytes,    7229656 total
[2020-08-27T11:17:24.647+0000][21728][gc,phases    ] GC(599)   Pre Evacuate Collection Set: 0.5ms
[2020-08-27T11:17:24.647+0000][21728][gc,phases    ] GC(599)   Merge Heap Roots: 0.1ms
[2020-08-27T11:17:24.647+0000][21728][gc,phases    ] GC(599)   Evacuate Collection Set: 2.9ms
[2020-08-27T11:17:24.647+0000][21728][gc,phases    ] GC(599)   Post Evacuate Collection Set: 1.2ms
[2020-08-27T11:17:24.647+0000][21728][gc,phases    ] GC(599)   Other: 1.1ms
[2020-08-27T11:17:24.647+0000][21728][gc,heap      ] GC(599) Eden regions: 88->0(469)
[2020-08-27T11:17:24.647+0000][21728][gc,heap      ] GC(599) Survivor regions: 13->8(61)
[2020-08-27T11:17:24.647+0000][21728][gc,heap      ] GC(599) Old regions: 81->81
[2020-08-27T11:17:24.647+0000][21728][gc,heap      ] GC(599) Archive regions: 0->0
[2020-08-27T11:17:24.647+0000][21728][gc,heap      ] GC(599) Humongous regions: 458->174
[2020-08-27T11:17:24.647+0000][21728][gc,metaspace ] GC(599) Metaspace: 88801K(94976K)->88801K(94976K) NonClass: 77538K(81152K)->77538K(81152K) Class: 11262K(13824K)->11262K(13824K)
[2020-08-27T11:17:24.647+0000][21728][gc           ] GC(599) Pause Young (Concurrent Start) (G1 Humongous Allocation) 639M->262M(1024M) 6.116ms
[2020-08-27T11:17:24.647+0000][21728][gc,cpu       ] GC(599) User=0.02s Sys=0.00s Real=0.01s
[2020-08-27T11:17:24.647+0000][21728][gc           ] GC(600) Concurrent Cycle
[2020-08-27T11:17:24.647+0000][21728][safepoint    ] Safepoint "G1TryInitiateConcMark", Time since last: 17363600 ns, Reaching safepoint: 170800 ns, At safepoint: 6332500 ns, Total: 6503300 ns
[2020-08-27T11:17:24.647+0000][21728][gc,marking   ] GC(600) Concurrent Clear Claimed Marks
[2020-08-27T11:17:24.648+0000][21728][gc,marking   ] GC(600) Concurrent Clear Claimed Marks 0.655ms
[2020-08-27T11:17:24.648+0000][21728][gc,marking   ] GC(600) Concurrent Scan Root Regions
[2020-08-27T11:17:24.652+0000][21728][gc,marking   ] GC(600) Concurrent Scan Root Regions 3.657ms
[2020-08-27T11:17:24.652+0000][21728][gc,marking   ] GC(600) Concurrent Mark (162.608s)
[2020-08-27T11:17:24.652+0000][21728][gc,marking   ] GC(600) Concurrent Mark From Roots
[2020-08-27T11:17:24.652+0000][21728][gc,task      ] GC(600) Using 2 workers of 2 for marking
[2020-08-27T11:17:24.833+0000][21728][gc,marking   ] GC(600) Concurrent Mark From Roots 180.863ms
[2020-08-27T11:17:24.833+0000][21728][gc,marking   ] GC(600) Concurrent Preclean
[2020-08-27T11:17:24.834+0000][21728][gc,marking   ] GC(600) Concurrent Preclean 0.720ms
[2020-08-27T11:17:24.834+0000][21728][gc,marking   ] GC(600) Concurrent Mark (162.608s, 162.790s) 181.808ms
[2020-08-27T11:17:24.834+0000][21728][gc,start     ] GC(600) Pause Remark
[2020-08-27T11:17:24.841+0000][21728][gc           ] GC(600) Pause Remark 393M->393M(1024M) 6.974ms
[2020-08-27T11:17:24.841+0000][21728][gc,cpu       ] GC(600) User=0.00s Sys=0.00s Real=0.01s
[2020-08-27T11:17:24.841+0000][21728][safepoint    ] Safepoint "G1Concurrent", Time since last: 186778100 ns, Reaching safepoint: 180000 ns, At safepoint: 7192200 ns, Total: 7372200 ns
[2020-08-27T11:17:24.841+0000][21728][gc,marking   ] GC(600) Concurrent Rebuild Remembered Sets
[2020-08-27T11:17:24.941+0000][21728][gc,marking   ] GC(600) Concurrent Rebuild Remembered Sets 100.058ms
[2020-08-27T11:17:24.942+0000][21728][gc,start     ] GC(600) Pause Cleanup
[2020-08-27T11:17:24.942+0000][21728][gc           ] GC(600) Pause Cleanup 585M->585M(1024M) 0.393ms
[2020-08-27T11:17:24.942+0000][21728][gc,cpu       ] GC(600) User=0.00s Sys=0.00s Real=0.00s
[2020-08-27T11:17:24.943+0000][21728][safepoint    ] Safepoint "G1Concurrent", Time since last: 100296800 ns, Reaching safepoint: 232900 ns, At safepoint: 727100 ns, Total: 960000 ns
[2020-08-27T11:17:24.943+0000][21728][gc,marking   ] GC(600) Concurrent Cleanup for Next Mark
[2020-08-27T11:17:24.945+0000][21728][gc,marking   ] GC(600) Concurrent Cleanup for Next Mark 1.984ms
[2020-08-27T11:17:24.945+0000][21728][gc           ] GC(600) Concurrent Cycle 297.629ms
[2020-08-27T11:17:25.036+0000][21728][gc,start     ] GC(601) Pause Young (Concurrent Start) (G1 Humongous Allocation)
[2020-08-27T11:17:25.036+0000][21728][gc,task      ] GC(601) Using 8 workers of 8 for evacuation
[2020-08-27T11:17:25.037+0000][21728][gc,age       ] GC(601) Desired survivor size 31457280 bytes, new threshold 15 (max threshold 15)
[2020-08-27T11:17:25.043+0000][21728][gc,age       ] GC(601) Age table with threshold 15 (max threshold 15)
[2020-08-27T11:17:25.043+0000][21728][gc,age       ] GC(601) - age   1:    5335712 bytes,    5335712 total
[2020-08-27T11:17:25.043+0000][21728][gc,age       ] GC(601) - age   2:    3171200 bytes,    8506912 total
[2020-08-27T11:17:25.043+0000][21728][gc,age       ] GC(601) - age   3:      35128 bytes,    8542040 total
[2020-08-27T11:17:25.043+0000][21728][gc,age       ] GC(601) - age   4:       1104 bytes,    8543144 total
[2020-08-27T11:17:25.043+0000][21728][gc,age       ] GC(601) - age   5:       2176 bytes,    8545320 total
[2020-08-27T11:17:25.043+0000][21728][gc,age       ] GC(601) - age   6:        640 bytes,    8545960 total
[2020-08-27T11:17:25.043+0000][21728][gc,age       ] GC(601) - age   7:       2464 bytes,    8548424 total
[2020-08-27T11:17:25.043+0000][21728][gc,age       ] GC(601) - age   8:        904 bytes,    8549328 total
[2020-08-27T11:17:25.043+0000][21728][gc,age       ] GC(601) - age   9:      20496 bytes,    8569824 total
[2020-08-27T11:17:25.043+0000][21728][gc,age       ] GC(601) - age  10:        800 bytes,    8570624 total
[2020-08-27T11:17:25.043+0000][21728][gc,age       ] GC(601) - age  11:        728 bytes,    8571352 total
[2020-08-27T11:17:25.043+0000][21728][gc,age       ] GC(601) - age  12:        696 bytes,    8572048 total
[2020-08-27T11:17:25.043+0000][21728][gc,age       ] GC(601) - age  13:        144 bytes,    8572192 total
[2020-08-27T11:17:25.044+0000][21728][gc,age       ] GC(601) - age  14:        888 bytes,    8573080 total
[2020-08-27T11:17:25.044+0000][21728][gc,age       ] GC(601) - age  15:      29088 bytes,    8602168 total
[2020-08-27T11:17:25.044+0000][21728][gc,phases    ] GC(601)   Pre Evacuate Collection Set: 0.5ms
[2020-08-27T11:17:25.044+0000][21728][gc,phases    ] GC(601)   Merge Heap Roots: 0.1ms
[2020-08-27T11:17:25.044+0000][21728][gc,phases    ] GC(601)   Evacuate Collection Set: 3.9ms
[2020-08-27T11:17:25.044+0000][21728][gc,phases    ] GC(601)   Post Evacuate Collection Set: 1.5ms
[2020-08-27T11:17:25.044+0000][21728][gc,phases    ] GC(601)   Other: 1.5ms
[2020-08-27T11:17:25.044+0000][21728][gc,heap      ] GC(601) Eden regions: 91->0(430)
[2020-08-27T11:17:25.044+0000][21728][gc,heap      ] GC(601) Survivor regions: 8->9(60)
[2020-08-27T11:17:25.044+0000][21728][gc,heap      ] GC(601) Old regions: 81->81
[2020-08-27T11:17:25.044+0000][21728][gc,heap      ] GC(601) Archive regions: 0->0
[2020-08-27T11:17:25.044+0000][21728][gc,heap      ] GC(601) Humongous regions: 414->174
[2020-08-27T11:17:25.044+0000][21728][gc,metaspace ] GC(601) Metaspace: 88801K(94976K)->88801K(94976K) NonClass: 77538K(81152K)->77538K(81152K) Class: 11262K(13824K)->11262K(13824K)
[2020-08-27T11:17:25.044+0000][21728][gc           ] GC(601) Pause Young (Concurrent Start) (G1 Humongous Allocation) 593M->263M(1024M) 7.819ms
[2020-08-27T11:17:25.044+0000][21728][gc,cpu       ] GC(601) User=0.00s Sys=0.00s Real=0.01s
[2020-08-27T11:17:25.044+0000][21728][gc           ] GC(602) Concurrent Cycle
[2020-08-27T11:17:25.044+0000][21728][safepoint    ] Safepoint "G1TryInitiateConcMark", Time since last: 93603700 ns, Reaching safepoint: 157500 ns, At safepoint: 8042600 ns, Total: 8200100 ns
[2020-08-27T11:17:25.044+0000][21728][gc,marking   ] GC(602) Concurrent Clear Claimed Marks
[2020-08-27T11:17:25.045+0000][21728][gc,marking   ] GC(602) Concurrent Clear Claimed Marks 0.626ms
[2020-08-27T11:17:25.045+0000][21728][gc,marking   ] GC(602) Concurrent Scan Root Regions
[2020-08-27T11:17:25.049+0000][21728][gc,marking   ] GC(602) Concurrent Scan Root Regions 4.141ms
[2020-08-27T11:17:25.049+0000][21728][gc,marking   ] GC(602) Concurrent Mark (163.006s)
[2020-08-27T11:17:25.049+0000][21728][gc,marking   ] GC(602) Concurrent Mark From Roots
[2020-08-27T11:17:25.049+0000][21728][gc,task      ] GC(602) Using 2 workers of 2 for marking
[2020-08-27T11:17:25.218+0000][21728][gc,marking   ] GC(602) Concurrent Mark From Roots 168.798ms
[2020-08-27T11:17:25.218+0000][21728][gc,marking   ] GC(602) Concurrent Preclean
[2020-08-27T11:17:25.219+0000][21728][gc,marking   ] GC(602) Concurrent Preclean 0.391ms
[2020-08-27T11:17:25.219+0000][21728][gc,marking   ] GC(602) Concurrent Mark (163.006s, 163.175s) 169.362ms
[2020-08-27T11:17:25.219+0000][21728][gc,start     ] GC(602) Pause Remark
[2020-08-27T11:17:25.225+0000][21728][gc           ] GC(602) Pause Remark 392M->392M(1024M) 6.107ms
[2020-08-27T11:17:25.225+0000][21728][gc,cpu       ] GC(602) User=0.09s Sys=0.00s Real=0.01s
[2020-08-27T11:17:25.225+0000][21728][safepoint    ] Safepoint "G1Concurrent", Time since last: 174472600 ns, Reaching safepoint: 137000 ns, At safepoint: 6319000 ns, Total: 6456000 ns
[2020-08-27T11:17:25.225+0000][21728][gc,marking   ] GC(602) Concurrent Rebuild Remembered Sets
[2020-08-27T11:17:25.310+0000][21728][gc,marking   ] GC(602) Concurrent Rebuild Remembered Sets 84.513ms
[2020-08-27T11:17:25.310+0000][21728][gc,start     ] GC(602) Pause Cleanup
[2020-08-27T11:17:25.310+0000][21728][gc           ] GC(602) Pause Cleanup 399M->399M(1024M) 0.265ms
[2020-08-27T11:17:25.311+0000][21728][gc,cpu       ] GC(602) User=0.00s Sys=0.00s Real=0.00s
[2020-08-27T11:17:25.311+0000][21728][safepoint    ] Safepoint "G1Concurrent", Time since last: 84690800 ns, Reaching safepoint: 150600 ns, At safepoint: 507700 ns, Total: 658300 ns
[2020-08-27T11:17:25.311+0000][21728][gc,marking   ] GC(602) Concurrent Cleanup for Next Mark
[2020-08-27T11:17:25.313+0000][21728][gc,marking   ] GC(602) Concurrent Cleanup for Next Mark 1.870ms
[2020-08-27T11:17:25.313+0000][21728][gc           ] GC(602) Concurrent Cycle 268.336ms
[2020-08-27T11:17:25.327+0000][21728][gc,start     ] GC(603) Pause Young (Concurrent Start) (G1 Humongous Allocation)
[2020-08-27T11:17:25.327+0000][21728][gc,task      ] GC(603) Using 8 workers of 8 for evacuation
[2020-08-27T11:17:25.327+0000][21728][gc,age       ] GC(603) Desired survivor size 28835840 bytes, new threshold 15 (max threshold 15)
[2020-08-27T11:17:25.331+0000][21728][gc,age       ] GC(603) Age table with threshold 15 (max threshold 15)
[2020-08-27T11:17:25.331+0000][21728][gc,age       ] GC(603) - age   1:    3816416 bytes,    3816416 total
[2020-08-27T11:17:25.331+0000][21728][gc,age       ] GC(603) - age   2:    1076272 bytes,    4892688 total
[2020-08-27T11:17:25.331+0000][21728][gc,age       ] GC(603) - age   3:     507272 bytes,    5399960 total
[2020-08-27T11:17:25.331+0000][21728][gc,age       ] GC(603) - age   4:       3192 bytes,    5403152 total
[2020-08-27T11:17:25.331+0000][21728][gc,age       ] GC(603) - age   5:       1104 bytes,    5404256 total
[2020-08-27T11:17:25.331+0000][21728][gc,age       ] GC(603) - age   6:       2120 bytes,    5406376 total
[2020-08-27T11:17:25.331+0000][21728][gc,age       ] GC(603) - age   7:        384 bytes,    5406760 total
[2020-08-27T11:17:25.331+0000][21728][gc,age       ] GC(603) - age   8:       2440 bytes,    5409200 total
[2020-08-27T11:17:25.331+0000][21728][gc,age       ] GC(603) - age   9:        904 bytes,    5410104 total
[2020-08-27T11:17:25.331+0000][21728][gc,age       ] GC(603) - age  10:      20400 bytes,    5430504 total
[2020-08-27T11:17:25.331+0000][21728][gc,age       ] GC(603) - age  11:        704 bytes,    5431208 total
[2020-08-27T11:17:25.331+0000][21728][gc,age       ] GC(603) - age  12:        664 bytes,    5431872 total
[2020-08-27T11:17:25.331+0000][21728][gc,age       ] GC(603) - age  13:        664 bytes,    5432536 total
[2020-08-27T11:17:25.331+0000][21728][gc,age       ] GC(603) - age  14:        144 bytes,    5432680 total
[2020-08-27T11:17:25.331+0000][21728][gc,age       ] GC(603) - age  15:        792 bytes,    5433472 total
[2020-08-27T11:17:25.331+0000][21728][gc,phases    ] GC(603)   Pre Evacuate Collection Set: 0.3ms
[2020-08-27T11:17:25.331+0000][21728][gc,phases    ] GC(603)   Merge Heap Roots: 0.1ms
[2020-08-27T11:17:25.331+0000][21728][gc,phases    ] GC(603)   Evacuate Collection Set: 2.7ms
[2020-08-27T11:17:25.331+0000][21728][gc,phases    ] GC(603)   Post Evacuate Collection Set: 0.7ms
[2020-08-27T11:17:25.331+0000][21728][gc,phases    ] GC(603)   Other: 0.7ms
[2020-08-27T11:17:25.331+0000][21728][gc,heap      ] GC(603) Eden regions: 47->0(445)
[2020-08-27T11:17:25.331+0000][21728][gc,heap      ] GC(603) Survivor regions: 9->6(55)
[2020-08-27T11:17:25.331+0000][21728][gc,heap      ] GC(603) Old regions: 81->81
[2020-08-27T11:17:25.332+0000][21728][gc,heap      ] GC(603) Archive regions: 0->0
[2020-08-27T11:17:25.332+0000][21728][gc,heap      ] GC(603) Humongous regions: 270->174
[2020-08-27T11:17:25.332+0000][21728][gc,metaspace ] GC(603) Metaspace: 88801K(94976K)->88801K(94976K) NonClass: 77538K(81152K)->77538K(81152K) Class: 11262K(13824K)->11262K(13824K)
[2020-08-27T11:17:25.332+0000][21728][gc           ] GC(603) Pause Young (Concurrent Start) (G1 Humongous Allocation) 406M->260M(1024M) 4.833ms
[2020-08-27T11:17:25.332+0000][21728][gc,cpu       ] GC(603) User=0.13s Sys=0.00s Real=0.01s
[2020-08-27T11:17:25.332+0000][21728][safepoint    ] Safepoint "G1TryInitiateConcMark", Time since last: 15944700 ns, Reaching safepoint: 154700 ns, At safepoint: 4976700 ns, Total: 5131400 ns
[2020-08-27T11:17:25.332+0000][21728][gc           ] GC(604) Concurrent Cycle
[2020-08-27T11:17:25.332+0000][21728][gc,marking   ] GC(604) Concurrent Clear Claimed Marks
[2020-08-27T11:17:25.332+0000][21728][gc,marking   ] GC(604) Concurrent Clear Claimed Marks 0.333ms
[2020-08-27T11:17:25.332+0000][21728][gc,marking   ] GC(604) Concurrent Scan Root Regions
[2020-08-27T11:17:25.336+0000][21728][gc,marking   ] GC(604) Concurrent Scan Root Regions 3.719ms
[2020-08-27T11:17:25.336+0000][21728][gc,marking   ] GC(604) Concurrent Mark (163.292s)
[2020-08-27T11:17:25.336+0000][21728][gc,marking   ] GC(604) Concurrent Mark From Roots
[2020-08-27T11:17:25.336+0000][21728][gc,task      ] GC(604) Using 2 workers of 2 for marking
[2020-08-27T11:17:25.466+0000][21728][gc,marking   ] GC(604) Concurrent Mark From Roots 129.469ms
[2020-08-27T11:17:25.466+0000][21728][gc,marking   ] GC(604) Concurrent Preclean
[2020-08-27T11:17:25.466+0000][21728][gc,marking   ] GC(604) Concurrent Preclean 0.632ms
[2020-08-27T11:17:25.466+0000][21728][gc,marking   ] GC(604) Concurrent Mark (163.292s, 163.422s) 130.319ms
[2020-08-27T11:17:25.467+0000][21728][gc,start     ] GC(604) Pause Remark
[2020-08-27T11:17:25.477+0000][21728][gc           ] GC(604) Pause Remark 319M->319M(1024M) 9.650ms
[2020-08-27T11:17:25.477+0000][21728][gc,cpu       ] GC(604) User=0.09s Sys=0.00s Real=0.01s
[2020-08-27T11:17:25.477+0000][21728][safepoint    ] Safepoint "G1Concurrent", Time since last: 134732500 ns, Reaching safepoint: 408400 ns, At safepoint: 10251000 ns, Total: 10659400 ns
[2020-08-27T11:17:25.477+0000][21728][gc,marking   ] GC(604) Concurrent Rebuild Remembered Sets
[2020-08-27T11:17:25.573+0000][21728][gc,marking   ] GC(604) Concurrent Rebuild Remembered Sets 95.980ms
[2020-08-27T11:17:25.573+0000][21728][gc,start     ] GC(604) Pause Cleanup
[2020-08-27T11:17:25.574+0000][21728][gc           ] GC(604) Pause Cleanup 325M->325M(1024M) 0.409ms
[2020-08-27T11:17:25.574+0000][21728][gc,cpu       ] GC(604) User=0.00s Sys=0.00s Real=0.00s
[2020-08-27T11:17:25.574+0000][21728][safepoint    ] Safepoint "G1Concurrent", Time since last: 96278000 ns, Reaching safepoint: 367200 ns, At safepoint: 781300 ns, Total: 1148500 ns
[2020-08-27T11:17:25.574+0000][21728][gc,marking   ] GC(604) Concurrent Cleanup for Next Mark
[2020-08-27T11:17:25.576+0000][21728][gc,marking   ] GC(604) Concurrent Cleanup for Next Mark 2.056ms
[2020-08-27T11:17:25.576+0000][21728][gc           ] GC(604) Concurrent Cycle 245.095ms
[2020-08-27T11:17:25.586+0000][21728][gc,start     ] GC(605) Pause Young (Concurrent Start) (G1 Humongous Allocation)
[2020-08-27T11:17:25.586+0000][21728][gc,task      ] GC(605) Using 8 workers of 8 for evacuation
[2020-08-27T11:17:25.586+0000][21728][gc,age       ] GC(605) Desired survivor size 29884416 bytes, new threshold 15 (max threshold 15)
[2020-08-27T11:17:25.591+0000][21728][gc,age       ] GC(605) Age table with threshold 15 (max threshold 15)
[2020-08-27T11:17:25.591+0000][21728][gc,age       ] GC(605) - age   1:    2901712 bytes,    2901712 total
[2020-08-27T11:17:25.591+0000][21728][gc,age       ] GC(605) - age   2:     988784 bytes,    3890496 total
[2020-08-27T11:17:25.591+0000][21728][gc,age       ] GC(605) - age   3:     882784 bytes,    4773280 total
[2020-08-27T11:17:25.591+0000][21728][gc,age       ] GC(605) - age   4:     505288 bytes,    5278568 total
[2020-08-27T11:17:25.591+0000][21728][gc,age       ] GC(605) - age   5:       2856 bytes,    5281424 total
[2020-08-27T11:17:25.591+0000][21728][gc,age       ] GC(605) - age   6:       1104 bytes,    5282528 total
[2020-08-27T11:17:25.591+0000][21728][gc,age       ] GC(605) - age   7:       2120 bytes,    5284648 total
[2020-08-27T11:17:25.591+0000][21728][gc,age       ] GC(605) - age   8:        384 bytes,    5285032 total
[2020-08-27T11:17:25.591+0000][21728][gc,age       ] GC(605) - age   9:       2440 bytes,    5287472 total
[2020-08-27T11:17:25.591+0000][21728][gc,age       ] GC(605) - age  10:        904 bytes,    5288376 total
[2020-08-27T11:17:25.591+0000][21728][gc,age       ] GC(605) - age  11:      20400 bytes,    5308776 total
[2020-08-27T11:17:25.591+0000][21728][gc,age       ] GC(605) - age  12:        608 bytes,    5309384 total
[2020-08-27T11:17:25.591+0000][21728][gc,age       ] GC(605) - age  13:        536 bytes,    5309920 total
[2020-08-27T11:17:25.591+0000][21728][gc,age       ] GC(605) - age  14:        664 bytes,    5310584 total
[2020-08-27T11:17:25.591+0000][21728][gc,age       ] GC(605) - age  15:         48 bytes,    5310632 total
[2020-08-27T11:17:25.592+0000][21728][gc,phases    ] GC(605)   Pre Evacuate Collection Set: 0.5ms
[2020-08-27T11:17:25.592+0000][21728][gc,phases    ] GC(605)   Merge Heap Roots: 0.1ms
[2020-08-27T11:17:25.592+0000][21728][gc,phases    ] GC(605)   Evacuate Collection Set: 3.6ms
[2020-08-27T11:17:25.592+0000][21728][gc,phases    ] GC(605)   Post Evacuate Collection Set: 0.7ms
[2020-08-27T11:17:25.592+0000][21728][gc,phases    ] GC(605)   Other: 1.2ms
[2020-08-27T11:17:25.592+0000][21728][gc,heap      ] GC(605) Eden regions: 21->0(456)
[2020-08-27T11:17:25.592+0000][21728][gc,heap      ] GC(605) Survivor regions: 6->6(57)
[2020-08-27T11:17:25.592+0000][21728][gc,heap      ] GC(605) Old regions: 81->81
[2020-08-27T11:17:25.592+0000][21728][gc,heap      ] GC(605) Archive regions: 0->0
[2020-08-27T11:17:25.592+0000][21728][gc,heap      ] GC(605) Humongous regions: 226->174
[2020-08-27T11:17:25.592+0000][21728][gc,metaspace ] GC(605) Metaspace: 88801K(94976K)->88801K(94976K) NonClass: 77538K(81152K)->77538K(81152K) Class: 11262K(13824K)->11262K(13824K)
[2020-08-27T11:17:25.592+0000][21728][gc           ] GC(605) Pause Young (Concurrent Start) (G1 Humongous Allocation) 333M->260M(1024M) 6.560ms
[2020-08-27T11:17:25.592+0000][21728][gc,cpu       ] GC(605) User=0.00s Sys=0.00s Real=0.01s
[2020-08-27T11:17:25.592+0000][21728][safepoint    ] Safepoint "G1TryInitiateConcMark", Time since last: 11363700 ns, Reaching safepoint: 181200 ns, At safepoint: 6839800 ns, Total: 7021000 ns
[2020-08-27T11:17:25.592+0000][21728][gc           ] GC(606) Concurrent Cycle
[2020-08-27T11:17:25.592+0000][21728][gc,marking   ] GC(606) Concurrent Clear Claimed Marks
[2020-08-27T11:17:25.593+0000][21728][gc,marking   ] GC(606) Concurrent Clear Claimed Marks 0.489ms
[2020-08-27T11:17:25.593+0000][21728][gc,marking   ] GC(606) Concurrent Scan Root Regions
[2020-08-27T11:17:25.597+0000][21728][gc,marking   ] GC(606) Concurrent Scan Root Regions 4.144ms
[2020-08-27T11:17:25.597+0000][21728][gc,marking   ] GC(606) Concurrent Mark (163.554s)
[2020-08-27T11:17:25.597+0000][21728][gc,marking   ] GC(606) Concurrent Mark From Roots
[2020-08-27T11:17:25.597+0000][21728][gc,task      ] GC(606) Using 2 workers of 2 for marking
[2020-08-27T11:17:25.739+0000][21728][gc,marking   ] GC(606) Concurrent Mark From Roots 142.149ms
[2020-08-27T11:17:25.739+0000][21728][gc,marking   ] GC(606) Concurrent Preclean
[2020-08-27T11:17:25.740+0000][21728][gc,marking   ] GC(606) Concurrent Preclean 0.644ms
[2020-08-27T11:17:25.740+0000][21728][gc,marking   ] GC(606) Concurrent Mark (163.554s, 163.697s) 142.998ms
[2020-08-27T11:17:25.741+0000][21728][gc,start     ] GC(606) Pause Remark
[2020-08-27T11:17:25.749+0000][21728][gc           ] GC(606) Pause Remark 313M->313M(1024M) 8.221ms
[2020-08-27T11:17:25.749+0000][21728][gc,cpu       ] GC(606) User=0.00s Sys=0.00s Real=0.01s
[2020-08-27T11:17:25.749+0000][21728][safepoint    ] Safepoint "G1Concurrent", Time since last: 147979200 ns, Reaching safepoint: 246400 ns, At safepoint: 8483200 ns, Total: 8729600 ns
[2020-08-27T11:17:25.750+0000][21728][gc,marking   ] GC(606) Concurrent Rebuild Remembered Sets
[2020-08-27T11:17:25.830+0000][21728][gc,marking   ] GC(606) Concurrent Rebuild Remembered Sets 80.615ms
[2020-08-27T11:17:25.830+0000][21728][gc,start     ] GC(606) Pause Cleanup
[2020-08-27T11:17:25.831+0000][21728][gc           ] GC(606) Pause Cleanup 314M->314M(1024M) 0.315ms
[2020-08-27T11:17:25.831+0000][21728][gc,cpu       ] GC(606) User=0.00s Sys=0.00s Real=0.00s
[2020-08-27T11:17:25.831+0000][21728][safepoint    ] Safepoint "G1Concurrent", Time since last: 80814300 ns, Reaching safepoint: 132700 ns, At safepoint: 437500 ns, Total: 570200 ns
[2020-08-27T11:17:25.831+0000][21728][gc,marking   ] GC(606) Concurrent Cleanup for Next Mark
[2020-08-27T11:17:25.832+0000][21728][gc,marking   ] GC(606) Concurrent Cleanup for Next Mark 1.008ms
[2020-08-27T11:17:25.832+0000][21728][gc           ] GC(606) Concurrent Cycle 239.236ms
[2020-08-27T11:17:26.034+0000][21728][gc,start     ] GC(607) Pause Young (Concurrent Start) (G1 Humongous Allocation)
[2020-08-27T11:17:26.034+0000][21728][gc,task      ] GC(607) Using 8 workers of 8 for evacuation
[2020-08-27T11:17:26.034+0000][21728][gc,age       ] GC(607) Desired survivor size 30408704 bytes, new threshold 15 (max threshold 15)
[2020-08-27T11:17:26.038+0000][21728][gc,age       ] GC(607) Age table with threshold 15 (max threshold 15)
[2020-08-27T11:17:26.038+0000][21728][gc,age       ] GC(607) - age   1:    2768568 bytes,    2768568 total
[2020-08-27T11:17:26.038+0000][21728][gc,age       ] GC(607) - age   2:     206728 bytes,    2975296 total
[2020-08-27T11:17:26.038+0000][21728][gc,age       ] GC(607) - age   3:     985016 bytes,    3960312 total
[2020-08-27T11:17:26.038+0000][21728][gc,age       ] GC(607) - age   4:     687120 bytes,    4647432 total
[2020-08-27T11:17:26.038+0000][21728][gc,age       ] GC(607) - age   5:     504432 bytes,    5151864 total
[2020-08-27T11:17:26.038+0000][21728][gc,age       ] GC(607) - age   6:       2552 bytes,    5154416 total
[2020-08-27T11:17:26.038+0000][21728][gc,age       ] GC(607) - age   7:       1104 bytes,    5155520 total
[2020-08-27T11:17:26.038+0000][21728][gc,age       ] GC(607) - age   8:       2120 bytes,    5157640 total
[2020-08-27T11:17:26.038+0000][21728][gc,age       ] GC(607) - age   9:        384 bytes,    5158024 total
[2020-08-27T11:17:26.038+0000][21728][gc,age       ] GC(607) - age  10:       2440 bytes,    5160464 total
[2020-08-27T11:17:26.038+0000][21728][gc,age       ] GC(607) - age  11:        904 bytes,    5161368 total
[2020-08-27T11:17:26.038+0000][21728][gc,age       ] GC(607) - age  12:      20400 bytes,    5181768 total
[2020-08-27T11:17:26.038+0000][21728][gc,age       ] GC(607) - age  13:        576 bytes,    5182344 total
[2020-08-27T11:17:26.038+0000][21728][gc,age       ] GC(607) - age  14:        504 bytes,    5182848 total
[2020-08-27T11:17:26.038+0000][21728][gc,age       ] GC(607) - age  15:        568 bytes,    5183416 total
[2020-08-27T11:17:26.038+0000][21728][gc,phases    ] GC(607)   Pre Evacuate Collection Set: 0.5ms
[2020-08-27T11:17:26.038+0000][21728][gc,phases    ] GC(607)   Merge Heap Roots: 0.1ms
[2020-08-27T11:17:26.038+0000][21728][gc,phases    ] GC(607)   Evacuate Collection Set: 2.7ms
[2020-08-27T11:17:26.038+0000][21728][gc,phases    ] GC(607)   Post Evacuate Collection Set: 0.7ms
[2020-08-27T11:17:26.038+0000][21728][gc,phases    ] GC(607)   Other: 0.9ms
[2020-08-27T11:17:26.038+0000][21728][gc,heap      ] GC(607) Eden regions: 21->0(465)
[2020-08-27T11:17:26.039+0000][21728][gc,heap      ] GC(607) Survivor regions: 6->6(58)
[2020-08-27T11:17:26.039+0000][21728][gc,heap      ] GC(607) Old regions: 81->81
[2020-08-27T11:17:26.039+0000][21728][gc,heap      ] GC(607) Archive regions: 0->0
[2020-08-27T11:17:26.039+0000][21728][gc,heap      ] GC(607) Humongous regions: 226->174
[2020-08-27T11:17:26.039+0000][21728][gc,metaspace ] GC(607) Metaspace: 88801K(94976K)->88801K(94976K) NonClass: 77538K(81152K)->77538K(81152K) Class: 11262K(13824K)->11262K(13824K)
[2020-08-27T11:17:26.039+0000][21728][gc           ] GC(607) Pause Young (Concurrent Start) (G1 Humongous Allocation) 333M->260M(1024M) 5.170ms
[2020-08-27T11:17:26.039+0000][21728][gc,cpu       ] GC(607) User=0.00s Sys=0.00s Real=0.01s
[2020-08-27T11:17:26.039+0000][21728][gc           ] GC(608) Concurrent Cycle
[2020-08-27T11:17:26.039+0000][21728][safepoint    ] Safepoint "G1TryInitiateConcMark", Time since last: 202416500 ns, Reaching safepoint: 142900 ns, At safepoint: 5390300 ns, Total: 5533200 ns
[2020-08-27T11:17:26.039+0000][21728][gc,marking   ] GC(608) Concurrent Clear Claimed Marks
[2020-08-27T11:17:26.039+0000][21728][gc,marking   ] GC(608) Concurrent Clear Claimed Marks 0.429ms
[2020-08-27T11:17:26.039+0000][21728][gc,marking   ] GC(608) Concurrent Scan Root Regions
[2020-08-27T11:17:26.043+0000][21728][gc,marking   ] GC(608) Concurrent Scan Root Regions 3.714ms
[2020-08-27T11:17:26.043+0000][21728][gc,marking   ] GC(608) Concurrent Mark (163.999s)
[2020-08-27T11:17:26.043+0000][21728][gc,marking   ] GC(608) Concurrent Mark From Roots
[2020-08-27T11:17:26.043+0000][21728][gc,task      ] GC(608) Using 2 workers of 2 for marking
[2020-08-27T11:17:26.153+0000][21728][gc,marking   ] GC(608) Concurrent Mark From Roots 110.006ms
[2020-08-27T11:17:26.153+0000][21728][gc,marking   ] GC(608) Concurrent Preclean
[2020-08-27T11:17:26.154+0000][21728][gc,marking   ] GC(608) Concurrent Preclean 0.461ms
[2020-08-27T11:17:26.154+0000][21728][gc,marking   ] GC(608) Concurrent Mark (163.999s, 164.110s) 110.608ms
[2020-08-27T11:17:26.154+0000][21728][gc,start     ] GC(608) Pause Remark
[2020-08-27T11:17:26.160+0000][21728][gc           ] GC(608) Pause Remark 310M->310M(1024M) 6.326ms
[2020-08-27T11:17:26.160+0000][21728][gc,cpu       ] GC(608) User=0.11s Sys=0.00s Real=0.01s
[2020-08-27T11:17:26.160+0000][21728][safepoint    ] Safepoint "G1Concurrent", Time since last: 114958400 ns, Reaching safepoint: 136300 ns, At safepoint: 6513700 ns, Total: 6650000 ns
[2020-08-27T11:17:26.160+0000][21728][gc,marking   ] GC(608) Concurrent Rebuild Remembered Sets
[2020-08-27T11:17:26.238+0000][21728][gc,marking   ] GC(608) Concurrent Rebuild Remembered Sets 77.296ms
[2020-08-27T11:17:26.238+0000][21728][gc,start     ] GC(608) Pause Cleanup
[2020-08-27T11:17:26.238+0000][21728][gc           ] GC(608) Pause Cleanup 376M->376M(1024M) 0.287ms
[2020-08-27T11:17:26.238+0000][21728][gc,cpu       ] GC(608) User=0.00s Sys=0.00s Real=0.00s
[2020-08-27T11:17:26.238+0000][21728][safepoint    ] Safepoint "G1Concurrent", Time since last: 77444600 ns, Reaching safepoint: 148100 ns, At safepoint: 439000 ns, Total: 587100 ns
[2020-08-27T11:17:26.238+0000][21728][gc,marking   ] GC(608) Concurrent Cleanup for Next Mark
[2020-08-27T11:17:26.240+0000][21728][gc,marking   ] GC(608) Concurrent Cleanup for Next Mark 1.456ms
[2020-08-27T11:17:26.240+0000][21728][gc           ] GC(608) Concurrent Cycle 201.323ms
[2020-08-27T11:17:26.365+0000][21728][gc,start     ] GC(609) Pause Young (Concurrent Start) (G1 Humongous Allocation)
[2020-08-27T11:17:26.365+0000][21728][gc,task      ] GC(609) Using 8 workers of 8 for evacuation
[2020-08-27T11:17:26.365+0000][21728][gc,age       ] GC(609) Desired survivor size 30932992 bytes, new threshold 15 (max threshold 15)
[2020-08-27T11:17:26.370+0000][21728][gc,age       ] GC(609) Age table with threshold 15 (max threshold 15)
[2020-08-27T11:17:26.370+0000][21728][gc,age       ] GC(609) - age   1:    3231896 bytes,    3231896 total
[2020-08-27T11:17:26.370+0000][21728][gc,age       ] GC(609) - age   2:     218152 bytes,    3450048 total
[2020-08-27T11:17:26.370+0000][21728][gc,age       ] GC(609) - age   3:     206656 bytes,    3656704 total
[2020-08-27T11:17:26.370+0000][21728][gc,age       ] GC(609) - age   4:     975088 bytes,    4631792 total
[2020-08-27T11:17:26.370+0000][21728][gc,age       ] GC(609) - age   5:     685280 bytes,    5317072 total
[2020-08-27T11:17:26.370+0000][21728][gc,age       ] GC(609) - age   6:     309576 bytes,    5626648 total
[2020-08-27T11:17:26.370+0000][21728][gc,age       ] GC(609) - age   7:       2248 bytes,    5628896 total
[2020-08-27T11:17:26.370+0000][21728][gc,age       ] GC(609) - age   8:       1040 bytes,    5629936 total
[2020-08-27T11:17:26.370+0000][21728][gc,age       ] GC(609) - age   9:       2120 bytes,    5632056 total
[2020-08-27T11:17:26.370+0000][21728][gc,age       ] GC(609) - age  10:        384 bytes,    5632440 total
[2020-08-27T11:17:26.370+0000][21728][gc,age       ] GC(609) - age  11:       2440 bytes,    5634880 total
[2020-08-27T11:17:26.370+0000][21728][gc,age       ] GC(609) - age  12:        808 bytes,    5635688 total
[2020-08-27T11:17:26.370+0000][21728][gc,age       ] GC(609) - age  13:      20400 bytes,    5656088 total
[2020-08-27T11:17:26.370+0000][21728][gc,age       ] GC(609) - age  14:        480 bytes,    5656568 total
[2020-08-27T11:17:26.370+0000][21728][gc,age       ] GC(609) - age  15:        408 bytes,    5656976 total
[2020-08-27T11:17:26.370+0000][21728][gc,phases    ] GC(609)   Pre Evacuate Collection Set: 0.4ms
[2020-08-27T11:17:26.370+0000][21728][gc,phases    ] GC(609)   Merge Heap Roots: 0.1ms
[2020-08-27T11:17:26.370+0000][21728][gc,phases    ] GC(609)   Evacuate Collection Set: 2.9ms
[2020-08-27T11:17:26.370+0000][21728][gc,phases    ] GC(609)   Post Evacuate Collection Set: 0.7ms
[2020-08-27T11:17:26.370+0000][21728][gc,phases    ] GC(609)   Other: 0.8ms
[2020-08-27T11:17:26.370+0000][21728][gc,heap      ] GC(609) Eden regions: 39->0(472)
[2020-08-27T11:17:26.370+0000][21728][gc,heap      ] GC(609) Survivor regions: 6->6(59)
[2020-08-27T11:17:26.370+0000][21728][gc,heap      ] GC(609) Old regions: 81->81
[2020-08-27T11:17:26.370+0000][21728][gc,heap      ] GC(609) Archive regions: 0->0
[2020-08-27T11:17:26.370+0000][21728][gc,heap      ] GC(609) Humongous regions: 262->174
[2020-08-27T11:17:26.371+0000][21728][gc,metaspace ] GC(609) Metaspace: 88801K(94976K)->88801K(94976K) NonClass: 77538K(81152K)->77538K(81152K) Class: 11262K(13824K)->11262K(13824K)
[2020-08-27T11:17:26.371+0000][21728][gc           ] GC(609) Pause Young (Concurrent Start) (G1 Humongous Allocation) 387M->260M(1024M) 5.244ms
[2020-08-27T11:17:26.371+0000][21728][gc,cpu       ] GC(609) User=0.00s Sys=0.00s Real=0.01s
[2020-08-27T11:17:26.371+0000][21728][gc           ] GC(610) Concurrent Cycle
[2020-08-27T11:17:26.371+0000][21728][safepoint    ] Safepoint "G1TryInitiateConcMark", Time since last: 126684700 ns, Reaching safepoint: 142800 ns, At safepoint: 5452700 ns, Total: 5595500 ns
[2020-08-27T11:17:26.371+0000][21728][gc,marking   ] GC(610) Concurrent Clear Claimed Marks
[2020-08-27T11:17:26.372+0000][21728][gc,marking   ] GC(610) Concurrent Clear Claimed Marks 0.756ms
[2020-08-27T11:17:26.372+0000][21728][gc,marking   ] GC(610) Concurrent Scan Root Regions
[2020-08-27T11:17:26.375+0000][21728][gc,marking   ] GC(610) Concurrent Scan Root Regions 3.175ms
[2020-08-27T11:17:26.375+0000][21728][gc,marking   ] GC(610) Concurrent Mark (164.331s)
[2020-08-27T11:17:26.375+0000][21728][gc,marking   ] GC(610) Concurrent Mark From Roots
[2020-08-27T11:17:26.375+0000][21728][gc,task      ] GC(610) Using 2 workers of 2 for marking
[2020-08-27T11:17:26.483+0000][21728][gc,marking   ] GC(610) Concurrent Mark From Roots 108.345ms
[2020-08-27T11:17:26.483+0000][21728][gc,marking   ] GC(610) Concurrent Preclean
[2020-08-27T11:17:26.484+0000][21728][gc,marking   ] GC(610) Concurrent Preclean 0.463ms
[2020-08-27T11:17:26.484+0000][21728][gc,marking   ] GC(610) Concurrent Mark (164.331s, 164.440s) 108.968ms
[2020-08-27T11:17:26.484+0000][21728][gc,start     ] GC(610) Pause Remark
[2020-08-27T11:17:26.490+0000][21728][gc           ] GC(610) Pause Remark 319M->319M(1024M) 6.295ms
[2020-08-27T11:17:26.491+0000][21728][gc,cpu       ] GC(610) User=0.02s Sys=0.00s Real=0.01s
[2020-08-27T11:17:26.491+0000][21728][safepoint    ] Safepoint "G1Concurrent", Time since last: 113274800 ns, Reaching safepoint: 157000 ns, At safepoint: 6471500 ns, Total: 6628500 ns
[2020-08-27T11:17:26.491+0000][21728][gc,marking   ] GC(610) Concurrent Rebuild Remembered Sets
[2020-08-27T11:17:26.566+0000][21728][gc,marking   ] GC(610) Concurrent Rebuild Remembered Sets 75.138ms
[2020-08-27T11:17:26.566+0000][21728][gc,start     ] GC(610) Pause Cleanup
[2020-08-27T11:17:26.566+0000][21728][gc           ] GC(610) Pause Cleanup 386M->386M(1024M) 0.276ms
[2020-08-27T11:17:26.566+0000][21728][gc,cpu       ] GC(610) User=0.00s Sys=0.00s Real=0.00s
[2020-08-27T11:17:26.566+0000][21728][safepoint    ] Safepoint "G1Concurrent", Time since last: 75279600 ns, Reaching safepoint: 143400 ns, At safepoint: 399200 ns, Total: 542600 ns
[2020-08-27T11:17:26.567+0000][21728][gc,marking   ] GC(610) Concurrent Cleanup for Next Mark
[2020-08-27T11:17:26.568+0000][21728][gc,marking   ] GC(610) Concurrent Cleanup for Next Mark 1.300ms
[2020-08-27T11:17:26.568+0000][21728][gc           ] GC(610) Concurrent Cycle 197.180ms
[2020-08-27T11:17:26.680+0000][21728][gc,start     ] GC(611) Pause Young (Concurrent Start) (G1 Humongous Allocation)
[2020-08-27T11:17:26.680+0000][21728][gc,task      ] GC(611) Using 8 workers of 8 for evacuation
[2020-08-27T11:17:26.680+0000][21728][gc,age       ] GC(611) Desired survivor size 31457280 bytes, new threshold 15 (max threshold 15)
[2020-08-27T11:17:26.684+0000][21728][gc,age       ] GC(611) Age table with threshold 15 (max threshold 15)
[2020-08-27T11:17:26.684+0000][21728][gc,age       ] GC(611) - age   1:    3195440 bytes,    3195440 total
[2020-08-27T11:17:26.684+0000][21728][gc,age       ] GC(611) - age   2:     404216 bytes,    3599656 total
[2020-08-27T11:17:26.684+0000][21728][gc,age       ] GC(611) - age   3:     203248 bytes,    3802904 total
[2020-08-27T11:17:26.684+0000][21728][gc,age       ] GC(611) - age   4:     201400 bytes,    4004304 total
[2020-08-27T11:17:26.684+0000][21728][gc,age       ] GC(611) - age   5:     973544 bytes,    4977848 total
[2020-08-27T11:17:26.684+0000][21728][gc,age       ] GC(611) - age   6:     491256 bytes,    5469104 total
[2020-08-27T11:17:26.684+0000][21728][gc,age       ] GC(611) - age   7:     113552 bytes,    5582656 total
[2020-08-27T11:17:26.684+0000][21728][gc,age       ] GC(611) - age   8:       1640 bytes,    5584296 total
[2020-08-27T11:17:26.684+0000][21728][gc,age       ] GC(611) - age   9:        752 bytes,    5585048 total
[2020-08-27T11:17:26.684+0000][21728][gc,age       ] GC(611) - age  10:       2120 bytes,    5587168 total
[2020-08-27T11:17:26.684+0000][21728][gc,age       ] GC(611) - age  11:        384 bytes,    5587552 total
[2020-08-27T11:17:26.684+0000][21728][gc,age       ] GC(611) - age  12:       2440 bytes,    5589992 total
[2020-08-27T11:17:26.684+0000][21728][gc,age       ] GC(611) - age  13:        776 bytes,    5590768 total
[2020-08-27T11:17:26.684+0000][21728][gc,age       ] GC(611) - age  14:      20400 bytes,    5611168 total
[2020-08-27T11:17:26.684+0000][21728][gc,age       ] GC(611) - age  15:        480 bytes,    5611648 total
[2020-08-27T11:17:26.684+0000][21728][gc,phases    ] GC(611)   Pre Evacuate Collection Set: 0.4ms
[2020-08-27T11:17:26.684+0000][21728][gc,phases    ] GC(611)   Merge Heap Roots: 0.1ms
[2020-08-27T11:17:26.685+0000][21728][gc,phases    ] GC(611)   Evacuate Collection Set: 2.4ms
[2020-08-27T11:17:26.685+0000][21728][gc,phases    ] GC(611)   Post Evacuate Collection Set: 0.7ms
[2020-08-27T11:17:26.685+0000][21728][gc,phases    ] GC(611)   Other: 0.7ms
[2020-08-27T11:17:26.685+0000][21728][gc,heap      ] GC(611) Eden regions: 40->0(478)
[2020-08-27T11:17:26.685+0000][21728][gc,heap      ] GC(611) Survivor regions: 6->6(60)
[2020-08-27T11:17:26.685+0000][21728][gc,heap      ] GC(611) Old regions: 81->81
[2020-08-27T11:17:26.685+0000][21728][gc,heap      ] GC(611) Archive regions: 0->0
[2020-08-27T11:17:26.685+0000][21728][gc,heap      ] GC(611) Humongous regions: 270->174
[2020-08-27T11:17:26.685+0000][21728][gc,metaspace ] GC(611) Metaspace: 88801K(94976K)->88801K(94976K) NonClass: 77538K(81152K)->77538K(81152K) Class: 11262K(13824K)->11262K(13824K)
[2020-08-27T11:17:26.685+0000][21728][gc           ] GC(611) Pause Young (Concurrent Start) (G1 Humongous Allocation) 396M->260M(1024M) 4.443ms
[2020-08-27T11:17:26.685+0000][21728][gc,cpu       ] GC(611) User=0.00s Sys=0.00s Real=0.00s
[2020-08-27T11:17:26.685+0000][21728][safepoint    ] Safepoint "G1TryInitiateConcMark", Time since last: 113701400 ns, Reaching safepoint: 119900 ns, At safepoint: 4588700 ns, Total: 4708600 ns
[2020-08-27T11:17:26.685+0000][21728][gc           ] GC(612) Concurrent Cycle
[2020-08-27T11:17:26.685+0000][21728][gc,marking   ] GC(612) Concurrent Clear Claimed Marks
[2020-08-27T11:17:26.685+0000][21728][gc,marking   ] GC(612) Concurrent Clear Claimed Marks 0.309ms
[2020-08-27T11:17:26.685+0000][21728][gc,marking   ] GC(612) Concurrent Scan Root Regions
[2020-08-27T11:17:26.688+0000][21728][gc,marking   ] GC(612) Concurrent Scan Root Regions 2.543ms
[2020-08-27T11:17:26.688+0000][21728][gc,marking   ] GC(612) Concurrent Mark (164.644s)
[2020-08-27T11:17:26.688+0000][21728][gc,marking   ] GC(612) Concurrent Mark From Roots
[2020-08-27T11:17:26.688+0000][21728][gc,task      ] GC(612) Using 2 workers of 2 for marking
[2020-08-27T11:17:26.792+0000][21728][gc,marking   ] GC(612) Concurrent Mark From Roots 103.726ms
[2020-08-27T11:17:26.792+0000][21728][gc,marking   ] GC(612) Concurrent Preclean
[2020-08-27T11:17:26.792+0000][21728][gc,marking   ] GC(612) Concurrent Preclean 0.435ms
[2020-08-27T11:17:26.792+0000][21728][gc,marking   ] GC(612) Concurrent Mark (164.644s, 164.748s) 104.295ms
[2020-08-27T11:17:26.792+0000][21728][gc,start     ] GC(612) Pause Remark
[2020-08-27T11:17:26.798+0000][21728][gc           ] GC(612) Pause Remark 318M->318M(1024M) 5.921ms
[2020-08-27T11:17:26.798+0000][21728][gc,cpu       ] GC(612) User=0.11s Sys=0.00s Real=0.01s
[2020-08-27T11:17:26.799+0000][21728][safepoint    ] Safepoint "G1Concurrent", Time since last: 107433800 ns, Reaching safepoint: 138700 ns, At safepoint: 6150700 ns, Total: 6289400 ns
[2020-08-27T11:17:26.799+0000][21728][gc,marking   ] GC(612) Concurrent Rebuild Remembered Sets
[2020-08-27T11:17:26.873+0000][21728][gc,marking   ] GC(612) Concurrent Rebuild Remembered Sets 74.562ms
[2020-08-27T11:17:26.874+0000][21728][gc,start     ] GC(612) Pause Cleanup
[2020-08-27T11:17:26.874+0000][21728][gc           ] GC(612) Pause Cleanup 385M->385M(1024M) 0.326ms
[2020-08-27T11:17:26.874+0000][21728][gc,cpu       ] GC(612) User=0.00s Sys=0.00s Real=0.00s
[2020-08-27T11:17:26.874+0000][21728][safepoint    ] Safepoint "G1Concurrent", Time since last: 74747300 ns, Reaching safepoint: 209200 ns, At safepoint: 493800 ns, Total: 703000 ns
[2020-08-27T11:17:26.874+0000][21728][gc,marking   ] GC(612) Concurrent Cleanup for Next Mark
[2020-08-27T11:17:26.875+0000][21728][gc,marking   ] GC(612) Concurrent Cleanup for Next Mark 1.324ms
[2020-08-27T11:17:26.876+0000][21728][gc           ] GC(612) Concurrent Cycle 190.708ms
[2020-08-27T11:17:27.028+0000][21728][gc,start     ] GC(613) Pause Young (Concurrent Start) (G1 Humongous Allocation)
[2020-08-27T11:17:27.028+0000][21728][gc,task      ] GC(613) Using 8 workers of 8 for evacuation
[2020-08-27T11:17:27.028+0000][21728][gc,age       ] GC(613) Desired survivor size 31981568 bytes, new threshold 15 (max threshold 15)
[2020-08-27T11:17:27.032+0000][21728][gc,age       ] GC(613) Age table with threshold 15 (max threshold 15)
[2020-08-27T11:17:27.032+0000][21728][gc,age       ] GC(613) - age   1:    3203640 bytes,    3203640 total
[2020-08-27T11:17:27.032+0000][21728][gc,age       ] GC(613) - age   2:     405568 bytes,    3609208 total
[2020-08-27T11:17:27.032+0000][21728][gc,age       ] GC(613) - age   3:     403040 bytes,    4012248 total
[2020-08-27T11:17:27.032+0000][21728][gc,age       ] GC(613) - age   4:     202248 bytes,    4214496 total
[2020-08-27T11:17:27.032+0000][21728][gc,age       ] GC(613) - age   5:     200528 bytes,    4415024 total
[2020-08-27T11:17:27.032+0000][21728][gc,age       ] GC(613) - age   6:     779560 bytes,    5194584 total
[2020-08-27T11:17:27.032+0000][21728][gc,age       ] GC(613) - age   7:     393336 bytes,    5587920 total
[2020-08-27T11:17:27.032+0000][21728][gc,age       ] GC(613) - age   8:      11664 bytes,    5599584 total
[2020-08-27T11:17:27.032+0000][21728][gc,age       ] GC(613) - age   9:       1176 bytes,    5600760 total
[2020-08-27T11:17:27.033+0000][21728][gc,age       ] GC(613) - age  10:        592 bytes,    5601352 total
[2020-08-27T11:17:27.033+0000][21728][gc,age       ] GC(613) - age  11:       2016 bytes,    5603368 total
[2020-08-27T11:17:27.033+0000][21728][gc,age       ] GC(613) - age  12:        384 bytes,    5603752 total
[2020-08-27T11:17:27.033+0000][21728][gc,age       ] GC(613) - age  13:       2440 bytes,    5606192 total
[2020-08-27T11:17:27.033+0000][21728][gc,age       ] GC(613) - age  14:        776 bytes,    5606968 total
[2020-08-27T11:17:27.033+0000][21728][gc,age       ] GC(613) - age  15:      20400 bytes,    5627368 total
[2020-08-27T11:17:27.033+0000][21728][gc,phases    ] GC(613)   Pre Evacuate Collection Set: 0.5ms
[2020-08-27T11:17:27.033+0000][21728][gc,phases    ] GC(613)   Merge Heap Roots: 0.1ms
[2020-08-27T11:17:27.033+0000][21728][gc,phases    ] GC(613)   Evacuate Collection Set: 2.8ms
[2020-08-27T11:17:27.033+0000][21728][gc,phases    ] GC(613)   Post Evacuate Collection Set: 0.7ms
[2020-08-27T11:17:27.033+0000][21728][gc,phases    ] GC(613)   Other: 0.8ms
[2020-08-27T11:17:27.033+0000][21728][gc,heap      ] GC(613) Eden regions: 40->0(482)
[2020-08-27T11:17:27.033+0000][21728][gc,heap      ] GC(613) Survivor regions: 6->6(61)
[2020-08-27T11:17:27.033+0000][21728][gc,heap      ] GC(613) Old regions: 81->81
[2020-08-27T11:17:27.033+0000][21728][gc,heap      ] GC(613) Archive regions: 0->0
[2020-08-27T11:17:27.033+0000][21728][gc,heap      ] GC(613) Humongous regions: 270->174
[2020-08-27T11:17:27.033+0000][21728][gc,metaspace ] GC(613) Metaspace: 88801K(94976K)->88801K(94976K) NonClass: 77538K(81152K)->77538K(81152K) Class: 11262K(13824K)->11262K(13824K)
[2020-08-27T11:17:27.033+0000][21728][gc           ] GC(613) Pause Young (Concurrent Start) (G1 Humongous Allocation) 396M->260M(1024M) 5.073ms
[2020-08-27T11:17:27.033+0000][21728][gc,cpu       ] GC(613) User=0.02s Sys=0.00s Real=0.00s
[2020-08-27T11:17:27.033+0000][21728][gc           ] GC(614) Concurrent Cycle
[2020-08-27T11:17:27.033+0000][21728][safepoint    ] Safepoint "G1TryInitiateConcMark", Time since last: 153632500 ns, Reaching safepoint: 151800 ns, At safepoint: 5226400 ns, Total: 5378200 ns
[2020-08-27T11:17:27.033+0000][21728][gc,marking   ] GC(614) Concurrent Clear Claimed Marks
[2020-08-27T11:17:27.034+0000][21728][gc,marking   ] GC(614) Concurrent Clear Claimed Marks 0.473ms
[2020-08-27T11:17:27.034+0000][21728][gc,marking   ] GC(614) Concurrent Scan Root Regions
[2020-08-27T11:17:27.037+0000][21728][gc,marking   ] GC(614) Concurrent Scan Root Regions 3.326ms
[2020-08-27T11:17:27.037+0000][21728][gc,marking   ] GC(614) Concurrent Mark (164.993s)
[2020-08-27T11:17:27.037+0000][21728][gc,marking   ] GC(614) Concurrent Mark From Roots
[2020-08-27T11:17:27.037+0000][21728][gc,task      ] GC(614) Using 2 workers of 2 for marking
[2020-08-27T11:17:27.153+0000][21728][gc,marking   ] GC(614) Concurrent Mark From Roots 115.455ms
[2020-08-27T11:17:27.153+0000][21728][gc,marking   ] GC(614) Concurrent Preclean
[2020-08-27T11:17:27.153+0000][21728][gc,marking   ] GC(614) Concurrent Preclean 0.445ms
[2020-08-27T11:17:27.153+0000][21728][gc,marking   ] GC(614) Concurrent Mark (164.993s, 165.109s) 116.072ms
[2020-08-27T11:17:27.153+0000][21728][gc,start     ] GC(614) Pause Remark
[2020-08-27T11:17:27.159+0000][21728][gc           ] GC(614) Pause Remark 318M->318M(1024M) 5.845ms
[2020-08-27T11:17:27.159+0000][21728][gc,cpu       ] GC(614) User=0.13s Sys=0.00s Real=0.01s
[2020-08-27T11:17:27.159+0000][21728][safepoint    ] Safepoint "G1Concurrent", Time since last: 120088300 ns, Reaching safepoint: 152300 ns, At safepoint: 6026600 ns, Total: 6178900 ns
[2020-08-27T11:17:27.159+0000][21728][gc,marking   ] GC(614) Concurrent Rebuild Remembered Sets
[2020-08-27T11:17:27.241+0000][21728][gc,marking   ] GC(614) Concurrent Rebuild Remembered Sets 81.189ms
[2020-08-27T11:17:27.241+0000][21728][gc,start     ] GC(614) Pause Cleanup
[2020-08-27T11:17:27.242+0000][21728][gc           ] GC(614) Pause Cleanup 323M->323M(1024M) 0.246ms
[2020-08-27T11:17:27.242+0000][21728][gc,cpu       ] GC(614) User=0.00s Sys=0.00s Real=0.00s
[2020-08-27T11:17:27.242+0000][21728][safepoint    ] Safepoint "G1Concurrent", Time since last: 81352700 ns, Reaching safepoint: 121000 ns, At safepoint: 417500 ns, Total: 538500 ns
[2020-08-27T11:17:27.242+0000][21728][gc,marking   ] GC(614) Concurrent Cleanup for Next Mark
[2020-08-27T11:17:27.244+0000][21728][gc,marking   ] GC(614) Concurrent Cleanup for Next Mark 1.833ms
[2020-08-27T11:17:27.244+0000][21728][gc           ] GC(614) Concurrent Cycle 210.181ms
[2020-08-27T11:17:27.257+0000][21728][gc,start     ] GC(615) Pause Young (Concurrent Start) (G1 Humongous Allocation)
[2020-08-27T11:17:27.257+0000][21728][gc,task      ] GC(615) Using 8 workers of 8 for evacuation
[2020-08-27T11:17:27.257+0000][21728][gc,age       ] GC(615) Desired survivor size 31981568 bytes, new threshold 15 (max threshold 15)
[2020-08-27T11:17:27.261+0000][21728][gc,age       ] GC(615) Age table with threshold 15 (max threshold 15)
[2020-08-27T11:17:27.261+0000][21728][gc,age       ] GC(615) - age   1:    2924872 bytes,    2924872 total
[2020-08-27T11:17:27.261+0000][21728][gc,age       ] GC(615) - age   2:     408472 bytes,    3333344 total
[2020-08-27T11:17:27.261+0000][21728][gc,age       ] GC(615) - age   3:     405048 bytes,    3738392 total
[2020-08-27T11:17:27.261+0000][21728][gc,age       ] GC(615) - age   4:     402792 bytes,    4141184 total
[2020-08-27T11:17:27.261+0000][21728][gc,age       ] GC(615) - age   5:     198712 bytes,    4339896 total
[2020-08-27T11:17:27.262+0000][21728][gc,age       ] GC(615) - age   6:     199672 bytes,    4539568 total
[2020-08-27T11:17:27.262+0000][21728][gc,age       ] GC(615) - age   7:     584904 bytes,    5124472 total
[2020-08-27T11:17:27.262+0000][21728][gc,age       ] GC(615) - age   8:     393304 bytes,    5517776 total
[2020-08-27T11:17:27.262+0000][21728][gc,age       ] GC(615) - age   9:      11360 bytes,    5529136 total
[2020-08-27T11:17:27.262+0000][21728][gc,age       ] GC(615) - age  10:       1112 bytes,    5530248 total
[2020-08-27T11:17:27.262+0000][21728][gc,age       ] GC(615) - age  11:        592 bytes,    5530840 total
[2020-08-27T11:17:27.262+0000][21728][gc,age       ] GC(615) - age  12:       2016 bytes,    5532856 total
[2020-08-27T11:17:27.262+0000][21728][gc,age       ] GC(615) - age  13:        384 bytes,    5533240 total
[2020-08-27T11:17:27.262+0000][21728][gc,age       ] GC(615) - age  14:       2440 bytes,    5535680 total
[2020-08-27T11:17:27.262+0000][21728][gc,age       ] GC(615) - age  15:        744 bytes,    5536424 total
[2020-08-27T11:17:27.262+0000][21728][gc,phases    ] GC(615)   Pre Evacuate Collection Set: 0.5ms
[2020-08-27T11:17:27.262+0000][21728][gc,phases    ] GC(615)   Merge Heap Roots: 0.1ms
[2020-08-27T11:17:27.262+0000][21728][gc,phases    ] GC(615)   Evacuate Collection Set: 3.0ms
[2020-08-27T11:17:27.262+0000][21728][gc,phases    ] GC(615)   Post Evacuate Collection Set: 0.7ms
[2020-08-27T11:17:27.262+0000][21728][gc,phases    ] GC(615)   Other: 1.0ms
[2020-08-27T11:17:27.262+0000][21728][gc,heap      ] GC(615) Eden regions: 20->0(485)
[2020-08-27T11:17:27.262+0000][21728][gc,heap      ] GC(615) Survivor regions: 6->6(61)
[2020-08-27T11:17:27.262+0000][21728][gc,heap      ] GC(615) Old regions: 81->81
[2020-08-27T11:17:27.262+0000][21728][gc,heap      ] GC(615) Archive regions: 0->0
[2020-08-27T11:17:27.262+0000][21728][gc,heap      ] GC(615) Humongous regions: 226->174
[2020-08-27T11:17:27.262+0000][21728][gc,metaspace ] GC(615) Metaspace: 88801K(94976K)->88801K(94976K) NonClass: 77538K(81152K)->77538K(81152K) Class: 11262K(13824K)->11262K(13824K)
[2020-08-27T11:17:27.262+0000][21728][gc           ] GC(615) Pause Young (Concurrent Start) (G1 Humongous Allocation) 332M->260M(1024M) 5.562ms
[2020-08-27T11:17:27.262+0000][21728][gc,cpu       ] GC(615) User=0.00s Sys=0.00s Real=0.01s
[2020-08-27T11:17:27.262+0000][21728][gc           ] GC(616) Concurrent Cycle
[2020-08-27T11:17:27.262+0000][21728][safepoint    ] Safepoint "G1TryInitiateConcMark", Time since last: 14798800 ns, Reaching safepoint: 219500 ns, At safepoint: 5757000 ns, Total: 5976500 ns
[2020-08-27T11:17:27.263+0000][21728][gc,marking   ] GC(616) Concurrent Clear Claimed Marks
[2020-08-27T11:17:27.263+0000][21728][gc,marking   ] GC(616) Concurrent Clear Claimed Marks 0.446ms
[2020-08-27T11:17:27.263+0000][21728][gc,marking   ] GC(616) Concurrent Scan Root Regions
[2020-08-27T11:17:27.267+0000][21728][gc,marking   ] GC(616) Concurrent Scan Root Regions 3.745ms
[2020-08-27T11:17:27.267+0000][21728][gc,marking   ] GC(616) Concurrent Mark (165.223s)
[2020-08-27T11:17:27.267+0000][21728][gc,marking   ] GC(616) Concurrent Mark From Roots
[2020-08-27T11:17:27.267+0000][21728][gc,task      ] GC(616) Using 2 workers of 2 for marking
[2020-08-27T11:17:27.384+0000][21728][gc,marking   ] GC(616) Concurrent Mark From Roots 117.466ms
[2020-08-27T11:17:27.384+0000][21728][gc,marking   ] GC(616) Concurrent Preclean
[2020-08-27T11:17:27.385+0000][21728][gc,marking   ] GC(616) Concurrent Preclean 0.519ms
[2020-08-27T11:17:27.385+0000][21728][gc,marking   ] GC(616) Concurrent Mark (165.223s, 165.341s) 118.161ms
[2020-08-27T11:17:27.385+0000][21728][gc,start     ] GC(616) Pause Remark
[2020-08-27T11:17:27.392+0000][21728][gc           ] GC(616) Pause Remark 315M->315M(1024M) 6.179ms
[2020-08-27T11:17:27.392+0000][21728][gc,cpu       ] GC(616) User=0.02s Sys=0.00s Real=0.01s
[2020-08-27T11:17:27.392+0000][21728][safepoint    ] Safepoint "G1Concurrent", Time since last: 122663500 ns, Reaching safepoint: 152300 ns, At safepoint: 6425900 ns, Total: 6578200 ns
[2020-08-27T11:17:27.392+0000][21728][gc,marking   ] GC(616) Concurrent Rebuild Remembered Sets
[2020-08-27T11:17:27.482+0000][21728][gc,marking   ] GC(616) Concurrent Rebuild Remembered Sets 90.035ms
[2020-08-27T11:17:27.482+0000][21728][gc,start     ] GC(616) Pause Cleanup
[2020-08-27T11:17:27.482+0000][21728][gc           ] GC(616) Pause Cleanup 382M->382M(1024M) 0.310ms
[2020-08-27T11:17:27.482+0000][21728][gc,cpu       ] GC(616) User=0.00s Sys=0.00s Real=0.00s
[2020-08-27T11:17:27.483+0000][21728][safepoint    ] Safepoint "G1Concurrent", Time since last: 90232000 ns, Reaching safepoint: 136700 ns, At safepoint: 497200 ns, Total: 633900 ns
[2020-08-27T11:17:27.483+0000][21728][gc,marking   ] GC(616) Concurrent Cleanup for Next Mark
[2020-08-27T11:17:27.484+0000][21728][gc,marking   ] GC(616) Concurrent Cleanup for Next Mark 1.419ms
[2020-08-27T11:17:27.484+0000][21728][gc           ] GC(616) Concurrent Cycle 221.694ms
[2020-08-27T11:17:27.633+0000][21728][gc,start     ] GC(617) Pause Young (Concurrent Start) (G1 Humongous Allocation)
[2020-08-27T11:17:27.633+0000][21728][gc,task      ] GC(617) Using 8 workers of 8 for evacuation
[2020-08-27T11:17:27.633+0000][21728][gc,age       ] GC(617) Desired survivor size 32505856 bytes, new threshold 15 (max threshold 15)
[2020-08-27T11:17:27.638+0000][21728][gc,age       ] GC(617) Age table with threshold 15 (max threshold 15)
[2020-08-27T11:17:27.638+0000][21728][gc,age       ] GC(617) - age   1:    3231360 bytes,    3231360 total
[2020-08-27T11:17:27.638+0000][21728][gc,age       ] GC(617) - age   2:     202488 bytes,    3433848 total
[2020-08-27T11:17:27.638+0000][21728][gc,age       ] GC(617) - age   3:     408440 bytes,    3842288 total
[2020-08-27T11:17:27.638+0000][21728][gc,age       ] GC(617) - age   4:     399064 bytes,    4241352 total
[2020-08-27T11:17:27.638+0000][21728][gc,age       ] GC(617) - age   5:     396144 bytes,    4637496 total
[2020-08-27T11:17:27.638+0000][21728][gc,age       ] GC(617) - age   6:     198328 bytes,    4835824 total
[2020-08-27T11:17:27.638+0000][21728][gc,age       ] GC(617) - age   7:     199608 bytes,    5035432 total
[2020-08-27T11:17:27.638+0000][21728][gc,age       ] GC(617) - age   8:     584688 bytes,    5620120 total
[2020-08-27T11:17:27.638+0000][21728][gc,age       ] GC(617) - age   9:       4048 bytes,    5624168 total
[2020-08-27T11:17:27.638+0000][21728][gc,age       ] GC(617) - age  10:      10992 bytes,    5635160 total
[2020-08-27T11:17:27.638+0000][21728][gc,age       ] GC(617) - age  11:       1048 bytes,    5636208 total
[2020-08-27T11:17:27.638+0000][21728][gc,age       ] GC(617) - age  12:        592 bytes,    5636800 total
[2020-08-27T11:17:27.638+0000][21728][gc,age       ] GC(617) - age  13:       2016 bytes,    5638816 total
[2020-08-27T11:17:27.638+0000][21728][gc,age       ] GC(617) - age  14:        384 bytes,    5639200 total
[2020-08-27T11:17:27.638+0000][21728][gc,age       ] GC(617) - age  15:       2344 bytes,    5641544 total
[2020-08-27T11:17:27.638+0000][21728][gc,phases    ] GC(617)   Pre Evacuate Collection Set: 0.5ms
[2020-08-27T11:17:27.638+0000][21728][gc,phases    ] GC(617)   Merge Heap Roots: 0.1ms
[2020-08-27T11:17:27.638+0000][21728][gc,phases    ] GC(617)   Evacuate Collection Set: 3.2ms
[2020-08-27T11:17:27.638+0000][21728][gc,phases    ] GC(617)   Post Evacuate Collection Set: 0.9ms
[2020-08-27T11:17:27.638+0000][21728][gc,phases    ] GC(617)   Other: 0.9ms
[2020-08-27T11:17:27.639+0000][21728][gc,heap      ] GC(617) Eden regions: 40->0(488)
[2020-08-27T11:17:27.639+0000][21728][gc,heap      ] GC(617) Survivor regions: 6->6(62)
[2020-08-27T11:17:27.639+0000][21728][gc,heap      ] GC(617) Old regions: 81->81
[2020-08-27T11:17:27.639+0000][21728][gc,heap      ] GC(617) Archive regions: 0->0
[2020-08-27T11:17:27.639+0000][21728][gc,heap      ] GC(617) Humongous regions: 266->174
[2020-08-27T11:17:27.639+0000][21728][gc,metaspace ] GC(617) Metaspace: 88801K(94976K)->88801K(94976K) NonClass: 77538K(81152K)->77538K(81152K) Class: 11262K(13824K)->11262K(13824K)
[2020-08-27T11:17:27.639+0000][21728][gc           ] GC(617) Pause Young (Concurrent Start) (G1 Humongous Allocation) 392M->260M(1024M) 5.955ms
[2020-08-27T11:17:27.639+0000][21728][gc,cpu       ] GC(617) User=0.00s Sys=0.00s Real=0.01s
[2020-08-27T11:17:27.639+0000][21728][gc           ] GC(618) Concurrent Cycle
[2020-08-27T11:17:27.639+0000][21728][safepoint    ] Safepoint "G1TryInitiateConcMark", Time since last: 150510300 ns, Reaching safepoint: 167400 ns, At safepoint: 6128600 ns, Total: 6296000 ns
[2020-08-27T11:17:27.639+0000][21728][gc,marking   ] GC(618) Concurrent Clear Claimed Marks
[2020-08-27T11:17:27.639+0000][21728][gc,marking   ] GC(618) Concurrent Clear Claimed Marks 0.551ms
[2020-08-27T11:17:27.640+0000][21728][gc,marking   ] GC(618) Concurrent Scan Root Regions
[2020-08-27T11:17:27.644+0000][21728][gc,marking   ] GC(618) Concurrent Scan Root Regions 4.348ms
[2020-08-27T11:17:27.644+0000][21728][gc,marking   ] GC(618) Concurrent Mark (165.600s)
[2020-08-27T11:17:27.644+0000][21728][gc,marking   ] GC(618) Concurrent Mark From Roots
[2020-08-27T11:17:27.644+0000][21728][gc,task      ] GC(618) Using 2 workers of 2 for marking
[2020-08-27T11:17:27.767+0000][21728][gc,marking   ] GC(618) Concurrent Mark From Roots 122.927ms
[2020-08-27T11:17:27.767+0000][21728][gc,marking   ] GC(618) Concurrent Preclean
[2020-08-27T11:17:27.767+0000][21728][gc,marking   ] GC(618) Concurrent Preclean 0.347ms
[2020-08-27T11:17:27.767+0000][21728][gc,marking   ] GC(618) Concurrent Mark (165.600s, 165.724s) 123.432ms
[2020-08-27T11:17:27.768+0000][21728][gc,start     ] GC(618) Pause Remark
[2020-08-27T11:17:27.773+0000][21728][gc           ] GC(618) Pause Remark 318M->318M(1024M) 5.588ms
[2020-08-27T11:17:27.773+0000][21728][gc,cpu       ] GC(618) User=0.00s Sys=0.00s Real=0.01s
[2020-08-27T11:17:27.773+0000][21728][safepoint    ] Safepoint "G1Concurrent", Time since last: 128646000 ns, Reaching safepoint: 145900 ns, At safepoint: 5796000 ns, Total: 5941900 ns
[2020-08-27T11:17:27.774+0000][21728][gc,marking   ] GC(618) Concurrent Rebuild Remembered Sets
[2020-08-27T11:17:27.857+0000][21728][gc,marking   ] GC(618) Concurrent Rebuild Remembered Sets 83.096ms
[2020-08-27T11:17:27.857+0000][21728][gc,start     ] GC(618) Pause Cleanup
[2020-08-27T11:17:27.857+0000][21728][gc           ] GC(618) Pause Cleanup 385M->385M(1024M) 0.302ms
[2020-08-27T11:17:27.857+0000][21728][gc,cpu       ] GC(618) User=0.00s Sys=0.00s Real=0.00s
[2020-08-27T11:17:27.857+0000][21728][safepoint    ] Safepoint "G1Concurrent", Time since last: 83286000 ns, Reaching safepoint: 168300 ns, At safepoint: 435200 ns, Total: 603500 ns
[2020-08-27T11:17:27.857+0000][21728][gc,marking   ] GC(618) Concurrent Cleanup for Next Mark
[2020-08-27T11:17:27.859+0000][21728][gc,marking   ] GC(618) Concurrent Cleanup for Next Mark 2.096ms
[2020-08-27T11:17:27.860+0000][21728][gc           ] GC(618) Concurrent Cycle 220.802ms
[2020-08-27T11:17:27.976+0000][21728][gc,start     ] GC(619) Pause Young (Concurrent Start) (G1 Humongous Allocation)
[2020-08-27T11:17:27.976+0000][21728][gc,task      ] GC(619) Using 8 workers of 8 for evacuation
[2020-08-27T11:17:27.976+0000][21728][gc,age       ] GC(619) Desired survivor size 32505856 bytes, new threshold 15 (max threshold 15)
[2020-08-27T11:17:27.980+0000][21728][gc,age       ] GC(619) Age table with threshold 15 (max threshold 15)
[2020-08-27T11:17:27.980+0000][21728][gc,age       ] GC(619) - age   1:    3218408 bytes,    3218408 total
[2020-08-27T11:17:27.980+0000][21728][gc,age       ] GC(619) - age   2:     404024 bytes,    3622432 total
[2020-08-27T11:17:27.980+0000][21728][gc,age       ] GC(619) - age   3:     202000 bytes,    3824432 total
[2020-08-27T11:17:27.980+0000][21728][gc,age       ] GC(619) - age   4:     401408 bytes,    4225840 total
[2020-08-27T11:17:27.980+0000][21728][gc,age       ] GC(619) - age   5:     397896 bytes,    4623736 total
[2020-08-27T11:17:27.980+0000][21728][gc,age       ] GC(619) - age   6:     395696 bytes,    5019432 total
[2020-08-27T11:17:27.980+0000][21728][gc,age       ] GC(619) - age   7:     198328 bytes,    5217760 total
[2020-08-27T11:17:27.980+0000][21728][gc,age       ] GC(619) - age   8:     199608 bytes,    5417368 total
[2020-08-27T11:17:27.980+0000][21728][gc,age       ] GC(619) - age   9:     196448 bytes,    5613816 total
[2020-08-27T11:17:27.980+0000][21728][gc,age       ] GC(619) - age  10:       2648 bytes,    5616464 total
[2020-08-27T11:17:27.980+0000][21728][gc,age       ] GC(619) - age  11:      10992 bytes,    5627456 total
[2020-08-27T11:17:27.980+0000][21728][gc,age       ] GC(619) - age  12:        920 bytes,    5628376 total
[2020-08-27T11:17:27.980+0000][21728][gc,age       ] GC(619) - age  13:        592 bytes,    5628968 total
[2020-08-27T11:17:27.980+0000][21728][gc,age       ] GC(619) - age  14:       2016 bytes,    5630984 total
[2020-08-27T11:17:27.980+0000][21728][gc,age       ] GC(619) - age  15:        384 bytes,    5631368 total
[2020-08-27T11:17:27.980+0000][21728][gc,phases    ] GC(619)   Pre Evacuate Collection Set: 0.4ms
[2020-08-27T11:17:27.980+0000][21728][gc,phases    ] GC(619)   Merge Heap Roots: 0.1ms
[2020-08-27T11:17:27.980+0000][21728][gc,phases    ] GC(619)   Evacuate Collection Set: 2.7ms
[2020-08-27T11:17:27.980+0000][21728][gc,phases    ] GC(619)   Post Evacuate Collection Set: 0.7ms
[2020-08-27T11:17:27.980+0000][21728][gc,phases    ] GC(619)   Other: 0.7ms
[2020-08-27T11:17:27.980+0000][21728][gc,heap      ] GC(619) Eden regions: 40->0(490)
[2020-08-27T11:17:27.980+0000][21728][gc,heap      ] GC(619) Survivor regions: 6->6(62)
[2020-08-27T11:17:27.980+0000][21728][gc,heap      ] GC(619) Old regions: 81->81
[2020-08-27T11:17:27.980+0000][21728][gc,heap      ] GC(619) Archive regions: 0->0
[2020-08-27T11:17:27.981+0000][21728][gc,heap      ] GC(619) Humongous regions: 270->174
[2020-08-27T11:17:27.981+0000][21728][gc,metaspace ] GC(619) Metaspace: 88801K(94976K)->88801K(94976K) NonClass: 77538K(81152K)->77538K(81152K) Class: 11262K(13824K)->11262K(13824K)
[2020-08-27T11:17:27.981+0000][21728][gc           ] GC(619) Pause Young (Concurrent Start) (G1 Humongous Allocation) 396M->260M(1024M) 4.741ms
[2020-08-27T11:17:27.981+0000][21728][gc,cpu       ] GC(619) User=0.00s Sys=0.00s Real=0.00s
[2020-08-27T11:17:27.981+0000][21728][safepoint    ] Safepoint "G1TryInitiateConcMark", Time since last: 118250800 ns, Reaching safepoint: 176400 ns, At safepoint: 4909200 ns, Total: 5085600 ns
[2020-08-27T11:17:27.981+0000][21728][gc           ] GC(620) Concurrent Cycle
[2020-08-27T11:17:27.981+0000][21728][gc,marking   ] GC(620) Concurrent Clear Claimed Marks
[2020-08-27T11:17:27.981+0000][21728][gc,marking   ] GC(620) Concurrent Clear Claimed Marks 0.333ms
[2020-08-27T11:17:27.981+0000][21728][gc,marking   ] GC(620) Concurrent Scan Root Regions
[2020-08-27T11:17:27.983+0000][21728][gc,marking   ] GC(620) Concurrent Scan Root Regions 2.297ms
[2020-08-27T11:17:27.984+0000][21728][gc,marking   ] GC(620) Concurrent Mark (165.940s)
[2020-08-27T11:17:27.984+0000][21728][gc,marking   ] GC(620) Concurrent Mark From Roots
[2020-08-27T11:17:27.984+0000][21728][gc,task      ] GC(620) Using 2 workers of 2 for marking
[2020-08-27T11:17:28.095+0000][21728][gc,marking   ] GC(620) Concurrent Mark From Roots 111.379ms
[2020-08-27T11:17:28.095+0000][21728][gc,marking   ] GC(620) Concurrent Preclean
[2020-08-27T11:17:28.095+0000][21728][gc,marking   ] GC(620) Concurrent Preclean 0.351ms
[2020-08-27T11:17:28.095+0000][21728][gc,marking   ] GC(620) Concurrent Mark (165.940s, 166.052s) 111.861ms
[2020-08-27T11:17:28.096+0000][21728][gc,start     ] GC(620) Pause Remark
[2020-08-27T11:17:28.101+0000][21728][gc           ] GC(620) Pause Remark 319M->319M(1024M) 5.305ms
[2020-08-27T11:17:28.101+0000][21728][gc,cpu       ] GC(620) User=0.00s Sys=0.00s Real=0.01s
[2020-08-27T11:17:28.101+0000][21728][safepoint    ] Safepoint "G1Concurrent", Time since last: 114785400 ns, Reaching safepoint: 143900 ns, At safepoint: 5478000 ns, Total: 5621900 ns
[2020-08-27T11:17:28.101+0000][21728][gc,marking   ] GC(620) Concurrent Rebuild Remembered Sets
[2020-08-27T11:17:28.180+0000][21728][gc,marking   ] GC(620) Concurrent Rebuild Remembered Sets 79.084ms
[2020-08-27T11:17:28.181+0000][21728][gc,start     ] GC(620) Pause Cleanup
[2020-08-27T11:17:28.181+0000][21728][gc           ] GC(620) Pause Cleanup 340M->340M(1024M) 0.264ms
[2020-08-27T11:17:28.181+0000][21728][gc,cpu       ] GC(620) User=0.00s Sys=0.00s Real=0.00s
[2020-08-27T11:17:28.181+0000][21728][safepoint    ] Safepoint "G1Concurrent", Time since last: 79240200 ns, Reaching safepoint: 172200 ns, At safepoint: 429600 ns, Total: 601800 ns
[2020-08-27T11:17:28.181+0000][21728][gc,marking   ] GC(620) Concurrent Cleanup for Next Mark
[2020-08-27T11:17:28.182+0000][21728][gc,marking   ] GC(620) Concurrent Cleanup for Next Mark 1.433ms
[2020-08-27T11:17:28.182+0000][21728][gc           ] GC(620) Concurrent Cycle 201.803ms
[2020-08-27T11:17:28.389+0000][21728][gc,start     ] GC(621) Pause Young (Concurrent Start) (G1 Humongous Allocation)
[2020-08-27T11:17:28.389+0000][21728][gc,task      ] GC(621) Using 8 workers of 8 for evacuation
[2020-08-27T11:17:28.389+0000][21728][gc,age       ] GC(621) Desired survivor size 32505856 bytes, new threshold 15 (max threshold 15)
[2020-08-27T11:17:28.396+0000][21728][gc,age       ] GC(621) Age table with threshold 15 (max threshold 15)
[2020-08-27T11:17:28.396+0000][21728][gc,age       ] GC(621) - age   1:   18227928 bytes,   18227928 total
[2020-08-27T11:17:28.396+0000][21728][gc,age       ] GC(621) - age   2:       2040 bytes,   18229968 total
[2020-08-27T11:17:28.396+0000][21728][gc,age       ] GC(621) - age   3:       2136 bytes,   18232104 total
[2020-08-27T11:17:28.397+0000][21728][gc,age       ] GC(621) - age   4:        352 bytes,   18232456 total
[2020-08-27T11:17:28.397+0000][21728][gc,age       ] GC(621) - age   5:        920 bytes,   18233376 total
[2020-08-27T11:17:28.397+0000][21728][gc,age       ] GC(621) - age   6:       1544 bytes,   18234920 total
[2020-08-27T11:17:28.397+0000][21728][gc,age       ] GC(621) - age   7:        280 bytes,   18235200 total
[2020-08-27T11:17:28.397+0000][21728][gc,age       ] GC(621) - age   8:        776 bytes,   18235976 total
[2020-08-27T11:17:28.397+0000][21728][gc,age       ] GC(621) - age   9:       2064 bytes,   18238040 total
[2020-08-27T11:17:28.397+0000][21728][gc,age       ] GC(621) - age  10:       1872 bytes,   18239912 total
[2020-08-27T11:17:28.397+0000][21728][gc,age       ] GC(621) - age  11:       1048 bytes,   18240960 total
[2020-08-27T11:17:28.397+0000][21728][gc,age       ] GC(621) - age  12:      10496 bytes,   18251456 total
[2020-08-27T11:17:28.397+0000][21728][gc,age       ] GC(621) - age  13:        504 bytes,   18251960 total
[2020-08-27T11:17:28.397+0000][21728][gc,age       ] GC(621) - age  14:        592 bytes,   18252552 total
[2020-08-27T11:17:28.397+0000][21728][gc,age       ] GC(621) - age  15:       1768 bytes,   18254320 total
[2020-08-27T11:17:28.397+0000][21728][gc,phases    ] GC(621)   Pre Evacuate Collection Set: 0.4ms
[2020-08-27T11:17:28.397+0000][21728][gc,phases    ] GC(621)   Merge Heap Roots: 0.1ms
[2020-08-27T11:17:28.397+0000][21728][gc,phases    ] GC(621)   Evacuate Collection Set: 5.4ms
[2020-08-27T11:17:28.397+0000][21728][gc,phases    ] GC(621)   Post Evacuate Collection Set: 0.8ms
[2020-08-27T11:17:28.397+0000][21728][gc,phases    ] GC(621)   Other: 1.0ms
[2020-08-27T11:17:28.397+0000][21728][gc,heap      ] GC(621) Eden regions: 67->0(464)
[2020-08-27T11:17:28.397+0000][21728][gc,heap      ] GC(621) Survivor regions: 6->19(62)
[2020-08-27T11:17:28.397+0000][21728][gc,heap      ] GC(621) Old regions: 81->81
[2020-08-27T11:17:28.397+0000][21728][gc,heap      ] GC(621) Archive regions: 0->0
[2020-08-27T11:17:28.397+0000][21728][gc,heap      ] GC(621) Humongous regions: 226->174
[2020-08-27T11:17:28.397+0000][21728][gc,metaspace ] GC(621) Metaspace: 88805K(94976K)->88805K(94976K) NonClass: 77543K(81152K)->77543K(81152K) Class: 11262K(13824K)->11262K(13824K)
[2020-08-27T11:17:28.397+0000][21728][gc           ] GC(621) Pause Young (Concurrent Start) (G1 Humongous Allocation) 379M->273M(1024M) 8.218ms
[2020-08-27T11:17:28.397+0000][21728][gc,cpu       ] GC(621) User=0.13s Sys=0.00s Real=0.01s
[2020-08-27T11:17:28.398+0000][21728][gc           ] GC(622) Concurrent Cycle
[2020-08-27T11:17:28.398+0000][21728][gc,marking   ] GC(622) Concurrent Clear Claimed Marks
[2020-08-27T11:17:28.398+0000][21728][safepoint    ] Safepoint "G1TryInitiateConcMark", Time since last: 208001100 ns, Reaching safepoint: 197000 ns, At safepoint: 8608800 ns, Total: 8805800 ns
[2020-08-27T11:17:28.398+0000][21728][gc,marking   ] GC(622) Concurrent Clear Claimed Marks 0.280ms
[2020-08-27T11:17:28.398+0000][21728][gc,marking   ] GC(622) Concurrent Scan Root Regions
[2020-08-27T11:17:28.402+0000][21728][gc,marking   ] GC(622) Concurrent Scan Root Regions 3.871ms
[2020-08-27T11:17:28.402+0000][21728][gc,marking   ] GC(622) Concurrent Mark (166.358s)
[2020-08-27T11:17:28.402+0000][21728][gc,marking   ] GC(622) Concurrent Mark From Roots
[2020-08-27T11:17:28.402+0000][21728][gc,task      ] GC(622) Using 2 workers of 2 for marking
[2020-08-27T11:17:28.556+0000][21728][gc,marking   ] GC(622) Concurrent Mark From Roots 153.973ms
[2020-08-27T11:17:28.556+0000][21728][gc,marking   ] GC(622) Concurrent Preclean
[2020-08-27T11:17:28.557+0000][21728][gc,marking   ] GC(622) Concurrent Preclean 0.523ms
[2020-08-27T11:17:28.557+0000][21728][gc,marking   ] GC(622) Concurrent Mark (166.358s, 166.513s) 154.706ms
[2020-08-27T11:17:28.557+0000][21728][gc,start     ] GC(622) Pause Remark
[2020-08-27T11:17:28.563+0000][21728][gc           ] GC(622) Pause Remark 514M->514M(1024M) 6.178ms
[2020-08-27T11:17:28.563+0000][21728][gc,cpu       ] GC(622) User=0.06s Sys=0.02s Real=0.01s
[2020-08-27T11:17:28.563+0000][21728][safepoint    ] Safepoint "G1Concurrent", Time since last: 158982900 ns, Reaching safepoint: 176900 ns, At safepoint: 6395500 ns, Total: 6572400 ns
[2020-08-27T11:17:28.563+0000][21728][gc,marking   ] GC(622) Concurrent Rebuild Remembered Sets
[2020-08-27T11:17:28.662+0000][21728][gc,marking   ] GC(622) Concurrent Rebuild Remembered Sets 98.972ms
[2020-08-27T11:17:28.663+0000][21728][gc,start     ] GC(622) Pause Cleanup
[2020-08-27T11:17:28.663+0000][21728][gc           ] GC(622) Pause Cleanup 755M->755M(1024M) 0.360ms
[2020-08-27T11:17:28.663+0000][21728][gc,cpu       ] GC(622) User=0.00s Sys=0.00s Real=0.00s
[2020-08-27T11:17:28.663+0000][21728][safepoint    ] Safepoint "G1Concurrent", Time since last: 99145300 ns, Reaching safepoint: 179100 ns, At safepoint: 574400 ns, Total: 753500 ns
[2020-08-27T11:17:28.663+0000][21728][gc,marking   ] GC(622) Concurrent Cleanup for Next Mark
[2020-08-27T11:17:28.665+0000][21728][gc,marking   ] GC(622) Concurrent Cleanup for Next Mark 1.709ms
[2020-08-27T11:17:28.665+0000][21728][gc           ] GC(622) Concurrent Cycle 267.560ms
[2020-08-27T11:17:28.796+0000][21728][gc,start     ] GC(623) Pause Young (Concurrent Start) (G1 Humongous Allocation)
[2020-08-27T11:17:28.796+0000][21728][gc,task      ] GC(623) Using 8 workers of 8 for evacuation
[2020-08-27T11:17:28.796+0000][21728][gc,age       ] GC(623) Desired survivor size 31981568 bytes, new threshold 15 (max threshold 15)
[2020-08-27T11:17:28.801+0000][21728][gc,age       ] GC(623) Age table with threshold 15 (max threshold 15)
[2020-08-27T11:17:28.801+0000][21728][gc,age       ] GC(623) - age   1:    6399568 bytes,    6399568 total
[2020-08-27T11:17:28.801+0000][21728][gc,age       ] GC(623) - age   2:     618800 bytes,    7018368 total
[2020-08-27T11:17:28.801+0000][21728][gc,age       ] GC(623) - age   3:       1784 bytes,    7020152 total
[2020-08-27T11:17:28.801+0000][21728][gc,age       ] GC(623) - age   4:       1144 bytes,    7021296 total
[2020-08-27T11:17:28.801+0000][21728][gc,age       ] GC(623) - age   5:        352 bytes,    7021648 total
[2020-08-27T11:17:28.801+0000][21728][gc,age       ] GC(623) - age   6:        776 bytes,    7022424 total
[2020-08-27T11:17:28.801+0000][21728][gc,age       ] GC(623) - age   7:       1448 bytes,    7023872 total
[2020-08-27T11:17:28.801+0000][21728][gc,age       ] GC(623) - age   8:        280 bytes,    7024152 total
[2020-08-27T11:17:28.801+0000][21728][gc,age       ] GC(623) - age   9:        744 bytes,    7024896 total
[2020-08-27T11:17:28.801+0000][21728][gc,age       ] GC(623) - age  10:       2064 bytes,    7026960 total
[2020-08-27T11:17:28.801+0000][21728][gc,age       ] GC(623) - age  11:       1840 bytes,    7028800 total
[2020-08-27T11:17:28.801+0000][21728][gc,age       ] GC(623) - age  12:        920 bytes,    7029720 total
[2020-08-27T11:17:28.801+0000][21728][gc,age       ] GC(623) - age  13:      10432 bytes,    7040152 total
[2020-08-27T11:17:28.801+0000][21728][gc,age       ] GC(623) - age  14:        504 bytes,    7040656 total
[2020-08-27T11:17:28.801+0000][21728][gc,age       ] GC(623) - age  15:        592 bytes,    7041248 total
[2020-08-27T11:17:28.801+0000][21728][gc,phases    ] GC(623)   Pre Evacuate Collection Set: 0.4ms
[2020-08-27T11:17:28.801+0000][21728][gc,phases    ] GC(623)   Merge Heap Roots: 0.1ms
[2020-08-27T11:17:28.801+0000][21728][gc,phases    ] GC(623)   Evacuate Collection Set: 2.8ms
[2020-08-27T11:17:28.801+0000][21728][gc,phases    ] GC(623)   Post Evacuate Collection Set: 1.1ms
[2020-08-27T11:17:28.802+0000][21728][gc,phases    ] GC(623)   Other: 1.0ms
[2020-08-27T11:17:28.802+0000][21728][gc,heap      ] GC(623) Eden regions: 121->0(474)
[2020-08-27T11:17:28.802+0000][21728][gc,heap      ] GC(623) Survivor regions: 19->9(61)
[2020-08-27T11:17:28.802+0000][21728][gc,heap      ] GC(623) Old regions: 81->81
[2020-08-27T11:17:28.802+0000][21728][gc,heap      ] GC(623) Archive regions: 0->0
[2020-08-27T11:17:28.802+0000][21728][gc,heap      ] GC(623) Humongous regions: 558->174
[2020-08-27T11:17:28.802+0000][21728][gc,metaspace ] GC(623) Metaspace: 88805K(94976K)->88805K(94976K) NonClass: 77543K(81152K)->77543K(81152K) Class: 11262K(13824K)->11262K(13824K)
[2020-08-27T11:17:28.802+0000][21728][gc           ] GC(623) Pause Young (Concurrent Start) (G1 Humongous Allocation) 778M->263M(1024M) 5.823ms
[2020-08-27T11:17:28.802+0000][21728][gc,cpu       ] GC(623) User=0.13s Sys=0.00s Real=0.01s
[2020-08-27T11:17:28.802+0000][21728][gc           ] GC(624) Concurrent Cycle
[2020-08-27T11:17:28.802+0000][21728][safepoint    ] Safepoint "G1TryInitiateConcMark", Time since last: 132569900 ns, Reaching safepoint: 156600 ns, At safepoint: 6085600 ns, Total: 6242200 ns
[2020-08-27T11:17:28.802+0000][21728][gc,marking   ] GC(624) Concurrent Clear Claimed Marks
[2020-08-27T11:17:28.803+0000][21728][gc,marking   ] GC(624) Concurrent Clear Claimed Marks 0.702ms
[2020-08-27T11:17:28.803+0000][21728][gc,marking   ] GC(624) Concurrent Scan Root Regions
[2020-08-27T11:17:28.806+0000][21728][gc,marking   ] GC(624) Concurrent Scan Root Regions 3.618ms
[2020-08-27T11:17:28.807+0000][21728][gc,marking   ] GC(624) Concurrent Mark (166.763s)
[2020-08-27T11:17:28.807+0000][21728][gc,marking   ] GC(624) Concurrent Mark From Roots
[2020-08-27T11:17:28.807+0000][21728][gc,task      ] GC(624) Using 2 workers of 2 for marking
[2020-08-27T11:17:28.981+0000][21728][gc,marking   ] GC(624) Concurrent Mark From Roots 174.204ms
[2020-08-27T11:17:28.981+0000][21728][gc,marking   ] GC(624) Concurrent Preclean
[2020-08-27T11:17:28.982+0000][21728][gc,marking   ] GC(624) Concurrent Preclean 0.603ms
[2020-08-27T11:17:28.982+0000][21728][gc,marking   ] GC(624) Concurrent Mark (166.763s, 166.938s) 175.017ms
[2020-08-27T11:17:28.982+0000][21728][gc,start     ] GC(624) Pause Remark
[2020-08-27T11:17:28.989+0000][21728][gc           ] GC(624) Pause Remark 576M->576M(1024M) 6.621ms
[2020-08-27T11:17:28.989+0000][21728][gc,cpu       ] GC(624) User=0.13s Sys=0.00s Real=0.01s
[2020-08-27T11:17:28.989+0000][21728][safepoint    ] Safepoint "G1Concurrent", Time since last: 179725400 ns, Reaching safepoint: 166800 ns, At safepoint: 6810500 ns, Total: 6977300 ns
[2020-08-27T11:17:28.989+0000][21728][gc,marking   ] GC(624) Concurrent Rebuild Remembered Sets
[2020-08-27T11:17:29.093+0000][21728][gc,marking   ] GC(624) Concurrent Rebuild Remembered Sets 104.819ms
[2020-08-27T11:17:29.094+0000][21728][gc,start     ] GC(624) Pause Cleanup
[2020-08-27T11:17:29.094+0000][21728][gc           ] GC(624) Pause Cleanup 641M->641M(1024M) 0.389ms
[2020-08-27T11:17:29.094+0000][21728][gc,cpu       ] GC(624) User=0.00s Sys=0.00s Real=0.00s
[2020-08-27T11:17:29.095+0000][21728][safepoint    ] Safepoint "G1Concurrent", Time since last: 105004400 ns, Reaching safepoint: 348400 ns, At safepoint: 838100 ns, Total: 1186500 ns
[2020-08-27T11:17:29.095+0000][21728][gc,marking   ] GC(624) Concurrent Cleanup for Next Mark
[2020-08-27T11:17:29.097+0000][21728][gc,marking   ] GC(624) Concurrent Cleanup for Next Mark 1.981ms
[2020-08-27T11:17:29.097+0000][21728][gc           ] GC(624) Concurrent Cycle 295.134ms
[2020-08-27T11:17:29.434+0000][21728][gc,start     ] GC(625) Pause Young (Concurrent Start) (G1 Humongous Allocation)
[2020-08-27T11:17:29.435+0000][21728][gc,task      ] GC(625) Using 8 workers of 8 for evacuation
[2020-08-27T11:17:29.435+0000][21728][gc,age       ] GC(625) Desired survivor size 31981568 bytes, new threshold 15 (max threshold 15)
[2020-08-27T11:17:29.441+0000][21728][gc,age       ] GC(625) Age table with threshold 15 (max threshold 15)
[2020-08-27T11:17:29.441+0000][21728][gc,age       ] GC(625) - age   1:   11374584 bytes,   11374584 total
[2020-08-27T11:17:29.441+0000][21728][gc,age       ] GC(625) - age   2:     890816 bytes,   12265400 total
[2020-08-27T11:17:29.441+0000][21728][gc,age       ] GC(625) - age   3:       9080 bytes,   12274480 total
[2020-08-27T11:17:29.441+0000][21728][gc,age       ] GC(625) - age   4:        824 bytes,   12275304 total
[2020-08-27T11:17:29.441+0000][21728][gc,age       ] GC(625) - age   5:       1144 bytes,   12276448 total
[2020-08-27T11:17:29.441+0000][21728][gc,age       ] GC(625) - age   6:        352 bytes,   12276800 total
[2020-08-27T11:17:29.441+0000][21728][gc,age       ] GC(625) - age   7:        744 bytes,   12277544 total
[2020-08-27T11:17:29.441+0000][21728][gc,age       ] GC(625) - age   8:       1448 bytes,   12278992 total
[2020-08-27T11:17:29.441+0000][21728][gc,age       ] GC(625) - age   9:        280 bytes,   12279272 total
[2020-08-27T11:17:29.441+0000][21728][gc,age       ] GC(625) - age  10:        744 bytes,   12280016 total
[2020-08-27T11:17:29.441+0000][21728][gc,age       ] GC(625) - age  11:       2064 bytes,   12282080 total
[2020-08-27T11:17:29.441+0000][21728][gc,age       ] GC(625) - age  12:       1520 bytes,   12283600 total
[2020-08-27T11:17:29.441+0000][21728][gc,age       ] GC(625) - age  13:        736 bytes,   12284336 total
[2020-08-27T11:17:29.441+0000][21728][gc,age       ] GC(625) - age  14:      10400 bytes,   12294736 total
[2020-08-27T11:17:29.441+0000][21728][gc,age       ] GC(625) - age  15:        472 bytes,   12295208 total
[2020-08-27T11:17:29.441+0000][21728][gc,phases    ] GC(625)   Pre Evacuate Collection Set: 0.4ms
[2020-08-27T11:17:29.441+0000][21728][gc,phases    ] GC(625)   Merge Heap Roots: 0.1ms
[2020-08-27T11:17:29.441+0000][21728][gc,phases    ] GC(625)   Evacuate Collection Set: 4.4ms
[2020-08-27T11:17:29.441+0000][21728][gc,phases    ] GC(625)   Post Evacuate Collection Set: 1.1ms
[2020-08-27T11:17:29.441+0000][21728][gc,phases    ] GC(625)   Other: 0.8ms
[2020-08-27T11:17:29.441+0000][21728][gc,heap      ] GC(625) Eden regions: 125->0(468)
[2020-08-27T11:17:29.441+0000][21728][gc,heap      ] GC(625) Survivor regions: 9->13(61)
[2020-08-27T11:17:29.441+0000][21728][gc,heap      ] GC(625) Old regions: 81->81
[2020-08-27T11:17:29.441+0000][21728][gc,heap      ] GC(625) Archive regions: 0->0
[2020-08-27T11:17:29.441+0000][21728][gc,heap      ] GC(625) Humongous regions: 462->174
[2020-08-27T11:17:29.441+0000][21728][gc,metaspace ] GC(625) Metaspace: 88813K(94976K)->88813K(94976K) NonClass: 77550K(81152K)->77550K(81152K) Class: 11262K(13824K)->11262K(13824K)
[2020-08-27T11:17:29.441+0000][21728][gc           ] GC(625) Pause Young (Concurrent Start) (G1 Humongous Allocation) 676M->267M(1024M) 6.964ms
[2020-08-27T11:17:29.441+0000][21728][gc,cpu       ] GC(625) User=0.11s Sys=0.00s Real=0.01s
[2020-08-27T11:17:29.442+0000][21728][gc           ] GC(626) Concurrent Cycle
[2020-08-27T11:17:29.442+0000][21728][safepoint    ] Safepoint "G1TryInitiateConcMark", Time since last: 339471700 ns, Reaching safepoint: 225500 ns, At safepoint: 7161200 ns, Total: 7386700 ns
[2020-08-27T11:17:29.442+0000][21728][gc,marking   ] GC(626) Concurrent Clear Claimed Marks
[2020-08-27T11:17:29.442+0000][21728][gc,marking   ] GC(626) Concurrent Clear Claimed Marks 0.570ms
[2020-08-27T11:17:29.442+0000][21728][gc,marking   ] GC(626) Concurrent Scan Root Regions
[2020-08-27T11:17:29.446+0000][21728][gc,marking   ] GC(626) Concurrent Scan Root Regions 3.985ms
[2020-08-27T11:17:29.446+0000][21728][gc,marking   ] GC(626) Concurrent Mark (167.403s)
[2020-08-27T11:17:29.446+0000][21728][gc,marking   ] GC(626) Concurrent Mark From Roots
[2020-08-27T11:17:29.447+0000][21728][gc,task      ] GC(626) Using 2 workers of 2 for marking
[2020-08-27T11:17:29.577+0000][21728][gc,marking   ] GC(626) Concurrent Mark From Roots 130.437ms
[2020-08-27T11:17:29.577+0000][21728][gc,marking   ] GC(626) Concurrent Preclean
[2020-08-27T11:17:29.577+0000][21728][gc,marking   ] GC(626) Concurrent Preclean 0.471ms
[2020-08-27T11:17:29.578+0000][21728][gc,marking   ] GC(626) Concurrent Mark (167.403s, 167.534s) 131.094ms
[2020-08-27T11:17:29.578+0000][21728][gc,start     ] GC(626) Pause Remark
[2020-08-27T11:17:29.583+0000][21728][gc           ] GC(626) Pause Remark 448M->448M(1024M) 5.474ms
[2020-08-27T11:17:29.583+0000][21728][gc,cpu       ] GC(626) User=0.02s Sys=0.02s Real=0.00s
[2020-08-27T11:17:29.583+0000][21728][safepoint    ] Safepoint "G1Concurrent", Time since last: 136021000 ns, Reaching safepoint: 137600 ns, At safepoint: 5685800 ns, Total: 5823400 ns
[2020-08-27T11:17:29.583+0000][21728][gc,marking   ] GC(626) Concurrent Rebuild Remembered Sets
[2020-08-27T11:17:29.675+0000][21728][gc,marking   ] GC(626) Concurrent Rebuild Remembered Sets 91.249ms
[2020-08-27T11:17:29.675+0000][21728][gc,start     ] GC(626) Pause Cleanup
[2020-08-27T11:17:29.675+0000][21728][gc           ] GC(626) Pause Cleanup 572M->572M(1024M) 0.362ms
[2020-08-27T11:17:29.676+0000][21728][gc,cpu       ] GC(626) User=0.00s Sys=0.00s Real=0.00s
[2020-08-27T11:17:29.676+0000][21728][safepoint    ] Safepoint "G1Concurrent", Time since last: 91428200 ns, Reaching safepoint: 155100 ns, At safepoint: 571300 ns, Total: 726400 ns
[2020-08-27T11:17:29.676+0000][21728][gc,marking   ] GC(626) Concurrent Cleanup for Next Mark
[2020-08-27T11:17:29.677+0000][21728][gc,marking   ] GC(626) Concurrent Cleanup for Next Mark 1.788ms
[2020-08-27T11:17:29.678+0000][21728][gc           ] GC(626) Concurrent Cycle 236.083ms
[2020-08-27T11:17:29.832+0000][21728][gc,start     ] GC(627) Pause Young (Concurrent Start) (G1 Humongous Allocation)
[2020-08-27T11:17:29.832+0000][21728][gc,task      ] GC(627) Using 8 workers of 8 for evacuation
[2020-08-27T11:17:29.832+0000][21728][gc,age       ] GC(627) Desired survivor size 31981568 bytes, new threshold 15 (max threshold 15)
[2020-08-27T11:17:29.837+0000][21728][gc,age       ] GC(627) Age table with threshold 15 (max threshold 15)
[2020-08-27T11:17:29.837+0000][21728][gc,age       ] GC(627) - age   1:    3829352 bytes,    3829352 total
[2020-08-27T11:17:29.837+0000][21728][gc,age       ] GC(627) - age   2:    1899232 bytes,    5728584 total
[2020-08-27T11:17:29.837+0000][21728][gc,age       ] GC(627) - age   3:     890128 bytes,    6618712 total
[2020-08-27T11:17:29.837+0000][21728][gc,age       ] GC(627) - age   4:       8928 bytes,    6627640 total
[2020-08-27T11:17:29.837+0000][21728][gc,age       ] GC(627) - age   5:        728 bytes,    6628368 total
[2020-08-27T11:17:29.837+0000][21728][gc,age       ] GC(627) - age   6:       1144 bytes,    6629512 total
[2020-08-27T11:17:29.837+0000][21728][gc,age       ] GC(627) - age   7:        352 bytes,    6629864 total
[2020-08-27T11:17:29.837+0000][21728][gc,age       ] GC(627) - age   8:        584 bytes,    6630448 total
[2020-08-27T11:17:29.837+0000][21728][gc,age       ] GC(627) - age   9:       1416 bytes,    6631864 total
[2020-08-27T11:17:29.838+0000][21728][gc,age       ] GC(627) - age  10:        280 bytes,    6632144 total
[2020-08-27T11:17:29.838+0000][21728][gc,age       ] GC(627) - age  11:        744 bytes,    6632888 total
[2020-08-27T11:17:29.838+0000][21728][gc,age       ] GC(627) - age  12:       2064 bytes,    6634952 total
[2020-08-27T11:17:29.838+0000][21728][gc,age       ] GC(627) - age  13:       1456 bytes,    6636408 total
[2020-08-27T11:17:29.838+0000][21728][gc,age       ] GC(627) - age  14:        496 bytes,    6636904 total
[2020-08-27T11:17:29.838+0000][21728][gc,age       ] GC(627) - age  15:      10400 bytes,    6647304 total
[2020-08-27T11:17:29.838+0000][21728][gc,phases    ] GC(627)   Pre Evacuate Collection Set: 0.4ms
[2020-08-27T11:17:29.838+0000][21728][gc,phases    ] GC(627)   Merge Heap Roots: 0.1ms
[2020-08-27T11:17:29.838+0000][21728][gc,phases    ] GC(627)   Evacuate Collection Set: 3.3ms
[2020-08-27T11:17:29.838+0000][21728][gc,phases    ] GC(627)   Post Evacuate Collection Set: 0.8ms
[2020-08-27T11:17:29.838+0000][21728][gc,phases    ] GC(627)   Other: 0.9ms
[2020-08-27T11:17:29.838+0000][21728][gc,heap      ] GC(627) Eden regions: 83->0(476)
[2020-08-27T11:17:29.838+0000][21728][gc,heap      ] GC(627) Survivor regions: 13->7(61)
[2020-08-27T11:17:29.838+0000][21728][gc,heap      ] GC(627) Old regions: 81->82
[2020-08-27T11:17:29.838+0000][21728][gc,heap      ] GC(627) Archive regions: 0->0
[2020-08-27T11:17:29.838+0000][21728][gc,heap      ] GC(627) Humongous regions: 414->174
[2020-08-27T11:17:29.838+0000][21728][gc,metaspace ] GC(627) Metaspace: 88814K(94976K)->88814K(94976K) NonClass: 77552K(81152K)->77552K(81152K) Class: 11262K(13824K)->11262K(13824K)
[2020-08-27T11:17:29.838+0000][21728][gc           ] GC(627) Pause Young (Concurrent Start) (G1 Humongous Allocation) 590M->262M(1024M) 5.754ms
[2020-08-27T11:17:29.838+0000][21728][gc,cpu       ] GC(627) User=0.00s Sys=0.00s Real=0.01s
[2020-08-27T11:17:29.838+0000][21728][safepoint    ] Safepoint "G1TryInitiateConcMark", Time since last: 156530400 ns, Reaching safepoint: 168600 ns, At safepoint: 5898900 ns, Total: 6067500 ns
[2020-08-27T11:17:29.838+0000][21728][gc           ] GC(628) Concurrent Cycle
[2020-08-27T11:17:29.838+0000][21728][gc,marking   ] GC(628) Concurrent Clear Claimed Marks
[2020-08-27T11:17:29.839+0000][21728][gc,marking   ] GC(628) Concurrent Clear Claimed Marks 0.506ms
[2020-08-27T11:17:29.839+0000][21728][gc,marking   ] GC(628) Concurrent Scan Root Regions
[2020-08-27T11:17:29.843+0000][21728][gc,marking   ] GC(628) Concurrent Scan Root Regions 4.401ms
[2020-08-27T11:17:29.843+0000][21728][gc,marking   ] GC(628) Concurrent Mark (167.800s)
[2020-08-27T11:17:29.843+0000][21728][gc,marking   ] GC(628) Concurrent Mark From Roots
[2020-08-27T11:17:29.843+0000][21728][gc,task      ] GC(628) Using 2 workers of 2 for marking
[2020-08-27T11:17:29.953+0000][21728][gc,marking   ] GC(628) Concurrent Mark From Roots 109.159ms
[2020-08-27T11:17:29.953+0000][21728][gc,marking   ] GC(628) Concurrent Preclean
[2020-08-27T11:17:29.953+0000][21728][gc,marking   ] GC(628) Concurrent Preclean 0.363ms
[2020-08-27T11:17:29.953+0000][21728][gc,marking   ] GC(628) Concurrent Mark (167.800s, 167.909s) 109.645ms
[2020-08-27T11:17:29.953+0000][21728][gc,start     ] GC(628) Pause Remark
[2020-08-27T11:17:29.959+0000][21728][gc           ] GC(628) Pause Remark 320M->320M(1024M) 5.810ms
[2020-08-27T11:17:29.959+0000][21728][gc,cpu       ] GC(628) User=0.02s Sys=0.00s Real=0.01s
[2020-08-27T11:17:29.959+0000][21728][safepoint    ] Safepoint "G1Concurrent", Time since last: 114836600 ns, Reaching safepoint: 165800 ns, At safepoint: 6040000 ns, Total: 6205800 ns
[2020-08-27T11:17:29.959+0000][21728][gc,marking   ] GC(628) Concurrent Rebuild Remembered Sets
[2020-08-27T11:17:30.023+0000][21728][gc,marking   ] GC(628) Concurrent Rebuild Remembered Sets 63.913ms
[2020-08-27T11:17:30.023+0000][21728][gc,start     ] GC(628) Pause Cleanup
[2020-08-27T11:17:30.024+0000][21728][gc           ] GC(628) Pause Cleanup 387M->387M(1024M) 0.313ms
[2020-08-27T11:17:30.024+0000][21728][gc,cpu       ] GC(628) User=0.00s Sys=0.00s Real=0.00s
[2020-08-27T11:17:30.025+0000][21728][safepoint    ] Safepoint "G1Concurrent", Time since last: 64091000 ns, Reaching safepoint: 167000 ns, At safepoint: 498900 ns, Total: 665900 ns
[2020-08-27T11:17:30.025+0000][21728][gc,marking   ] GC(628) Concurrent Cleanup for Next Mark
[2020-08-27T11:17:30.026+0000][21728][gc,marking   ] GC(628) Concurrent Cleanup for Next Mark 2.168ms
[2020-08-27T11:17:30.026+0000][21728][gc           ] GC(628) Concurrent Cycle 188.160ms
[2020-08-27T11:17:30.156+0000][21728][gc,start     ] GC(629) Pause Young (Concurrent Start) (G1 Humongous Allocation)
[2020-08-27T11:17:30.156+0000][21728][gc,task      ] GC(629) Using 8 workers of 8 for evacuation
[2020-08-27T11:17:30.156+0000][21728][gc,age       ] GC(629) Desired survivor size 31981568 bytes, new threshold 15 (max threshold 15)
[2020-08-27T11:17:30.161+0000][21728][gc,age       ] GC(629) Age table with threshold 15 (max threshold 15)
[2020-08-27T11:17:30.161+0000][21728][gc,age       ] GC(629) - age   1:    3245824 bytes,    3245824 total
[2020-08-27T11:17:30.161+0000][21728][gc,age       ] GC(629) - age   2:     997688 bytes,    4243512 total
[2020-08-27T11:17:30.161+0000][21728][gc,age       ] GC(629) - age   3:    1703200 bytes,    5946712 total
[2020-08-27T11:17:30.161+0000][21728][gc,age       ] GC(629) - age   4:     690480 bytes,    6637192 total
[2020-08-27T11:17:30.162+0000][21728][gc,age       ] GC(629) - age   5:       8256 bytes,    6645448 total
[2020-08-27T11:17:30.162+0000][21728][gc,age       ] GC(629) - age   6:        568 bytes,    6646016 total
[2020-08-27T11:17:30.162+0000][21728][gc,age       ] GC(629) - age   7:       1144 bytes,    6647160 total
[2020-08-27T11:17:30.162+0000][21728][gc,age       ] GC(629) - age   8:        192 bytes,    6647352 total
[2020-08-27T11:17:30.162+0000][21728][gc,age       ] GC(629) - age   9:        200 bytes,    6647552 total
[2020-08-27T11:17:30.162+0000][21728][gc,age       ] GC(629) - age  10:       1416 bytes,    6648968 total
[2020-08-27T11:17:30.162+0000][21728][gc,age       ] GC(629) - age  11:        248 bytes,    6649216 total
[2020-08-27T11:17:30.162+0000][21728][gc,age       ] GC(629) - age  12:        744 bytes,    6649960 total
[2020-08-27T11:17:30.162+0000][21728][gc,age       ] GC(629) - age  13:       2064 bytes,    6652024 total
[2020-08-27T11:17:30.162+0000][21728][gc,age       ] GC(629) - age  14:       1424 bytes,    6653448 total
[2020-08-27T11:17:30.162+0000][21728][gc,age       ] GC(629) - age  15:        496 bytes,    6653944 total
[2020-08-27T11:17:30.162+0000][21728][gc,phases    ] GC(629)   Pre Evacuate Collection Set: 0.4ms
[2020-08-27T11:17:30.162+0000][21728][gc,phases    ] GC(629)   Merge Heap Roots: 0.1ms
[2020-08-27T11:17:30.162+0000][21728][gc,phases    ] GC(629)   Evacuate Collection Set: 3.8ms
[2020-08-27T11:17:30.162+0000][21728][gc,phases    ] GC(629)   Post Evacuate Collection Set: 0.8ms
[2020-08-27T11:17:30.162+0000][21728][gc,phases    ] GC(629)   Other: 0.8ms
[2020-08-27T11:17:30.162+0000][21728][gc,heap      ] GC(629) Eden regions: 40->0(481)
[2020-08-27T11:17:30.162+0000][21728][gc,heap      ] GC(629) Survivor regions: 7->7(61)
[2020-08-27T11:17:30.162+0000][21728][gc,heap      ] GC(629) Old regions: 82->82
[2020-08-27T11:17:30.162+0000][21728][gc,heap      ] GC(629) Archive regions: 0->0
[2020-08-27T11:17:30.162+0000][21728][gc,heap      ] GC(629) Humongous regions: 270->174
[2020-08-27T11:17:30.162+0000][21728][gc,metaspace ] GC(629) Metaspace: 88814K(94976K)->88814K(94976K) NonClass: 77552K(81152K)->77552K(81152K) Class: 11262K(13824K)->11262K(13824K)
[2020-08-27T11:17:30.162+0000][21728][gc           ] GC(629) Pause Young (Concurrent Start) (G1 Humongous Allocation) 397M->261M(1024M) 6.093ms
[2020-08-27T11:17:30.162+0000][21728][gc,cpu       ] GC(629) User=0.03s Sys=0.00s Real=0.01s
[2020-08-27T11:17:30.162+0000][21728][safepoint    ] Safepoint "G1TryInitiateConcMark", Time since last: 131771300 ns, Reaching safepoint: 139300 ns, At safepoint: 6238800 ns, Total: 6378100 ns
[2020-08-27T11:17:30.162+0000][21728][gc           ] GC(630) Concurrent Cycle
[2020-08-27T11:17:30.162+0000][21728][gc,marking   ] GC(630) Concurrent Clear Claimed Marks
[2020-08-27T11:17:30.163+0000][21728][gc,marking   ] GC(630) Concurrent Clear Claimed Marks 0.508ms
[2020-08-27T11:17:30.163+0000][21728][gc,marking   ] GC(630) Concurrent Scan Root Regions
[2020-08-27T11:17:30.167+0000][21728][gc,marking   ] GC(630) Concurrent Scan Root Regions 3.940ms
[2020-08-27T11:17:30.167+0000][21728][gc,marking   ] GC(630) Concurrent Mark (168.123s)
[2020-08-27T11:17:30.167+0000][21728][gc,marking   ] GC(630) Concurrent Mark From Roots
[2020-08-27T11:17:30.167+0000][21728][gc,task      ] GC(630) Using 2 workers of 2 for marking
[2020-08-27T11:17:30.254+0000][21728][gc,marking   ] GC(630) Concurrent Mark From Roots 87.635ms
[2020-08-27T11:17:30.254+0000][21728][gc,marking   ] GC(630) Concurrent Preclean
[2020-08-27T11:17:30.255+0000][21728][gc,marking   ] GC(630) Concurrent Preclean 0.347ms
[2020-08-27T11:17:30.255+0000][21728][gc,marking   ] GC(630) Concurrent Mark (168.123s, 168.211s) 88.118ms
[2020-08-27T11:17:30.255+0000][21728][gc,start     ] GC(630) Pause Remark
[2020-08-27T11:17:30.261+0000][21728][gc           ] GC(630) Pause Remark 319M->319M(1024M) 6.141ms
[2020-08-27T11:17:30.261+0000][21728][gc,cpu       ] GC(630) User=0.00s Sys=0.00s Real=0.01s
[2020-08-27T11:17:30.261+0000][21728][safepoint    ] Safepoint "G1Concurrent", Time since last: 92876300 ns, Reaching safepoint: 147100 ns, At safepoint: 6327500 ns, Total: 6474600 ns
[2020-08-27T11:17:30.261+0000][21728][gc,marking   ] GC(630) Concurrent Rebuild Remembered Sets
[2020-08-27T11:17:30.296+0000][21728][safepoint    ] Safepoint "BulkRevokeBias", Time since last: 32976500 ns, Reaching safepoint: 533400 ns, At safepoint: 1034100 ns, Total: 1567500 ns
[2020-08-27T11:17:30.325+0000][21728][gc,marking   ] GC(630) Concurrent Rebuild Remembered Sets 63.514ms
[2020-08-27T11:17:30.325+0000][21728][gc,start     ] GC(630) Pause Cleanup
[2020-08-27T11:17:30.326+0000][21728][gc           ] GC(630) Pause Cleanup 387M->387M(1024M) 0.308ms
[2020-08-27T11:17:30.326+0000][21728][gc,cpu       ] GC(630) User=0.00s Sys=0.00s Real=0.00s
[2020-08-27T11:17:30.326+0000][21728][safepoint    ] Safepoint "G1Concurrent", Time since last: 29149600 ns, Reaching safepoint: 149600 ns, At safepoint: 507400 ns, Total: 657000 ns
[2020-08-27T11:17:30.326+0000][21728][gc,marking   ] GC(630) Concurrent Cleanup for Next Mark
[2020-08-27T11:17:30.327+0000][21728][gc,marking   ] GC(630) Concurrent Cleanup for Next Mark 1.508ms
[2020-08-27T11:17:30.327+0000][21728][gc           ] GC(630) Concurrent Cycle 165.372ms
[2020-08-27T11:17:30.460+0000][21728][gc,start     ] GC(631) Pause Young (Concurrent Start) (G1 Humongous Allocation)
[2020-08-27T11:17:30.460+0000][21728][gc,task      ] GC(631) Using 8 workers of 8 for evacuation
[2020-08-27T11:17:30.460+0000][21728][gc,age       ] GC(631) Desired survivor size 31981568 bytes, new threshold 15 (max threshold 15)
[2020-08-27T11:17:30.464+0000][21728][gc,age       ] GC(631) Age table with threshold 15 (max threshold 15)
[2020-08-27T11:17:30.464+0000][21728][gc,age       ] GC(631) - age   1:    3246336 bytes,    3246336 total
[2020-08-27T11:17:30.464+0000][21728][gc,age       ] GC(631) - age   2:     410336 bytes,    3656672 total
[2020-08-27T11:17:30.464+0000][21728][gc,age       ] GC(631) - age   3:     989248 bytes,    4645920 total
[2020-08-27T11:17:30.464+0000][21728][gc,age       ] GC(631) - age   4:    1697064 bytes,    6342984 total
[2020-08-27T11:17:30.464+0000][21728][gc,age       ] GC(631) - age   5:     300136 bytes,    6643120 total
[2020-08-27T11:17:30.464+0000][21728][gc,age       ] GC(631) - age   6:       7392 bytes,    6650512 total
[2020-08-27T11:17:30.464+0000][21728][gc,age       ] GC(631) - age   7:        568 bytes,    6651080 total
[2020-08-27T11:17:30.464+0000][21728][gc,age       ] GC(631) - age   8:        984 bytes,    6652064 total
[2020-08-27T11:17:30.464+0000][21728][gc,age       ] GC(631) - age   9:        160 bytes,    6652224 total
[2020-08-27T11:17:30.464+0000][21728][gc,age       ] GC(631) - age  10:        200 bytes,    6652424 total
[2020-08-27T11:17:30.464+0000][21728][gc,age       ] GC(631) - age  11:       1320 bytes,    6653744 total
[2020-08-27T11:17:30.464+0000][21728][gc,age       ] GC(631) - age  12:        248 bytes,    6653992 total
[2020-08-27T11:17:30.464+0000][21728][gc,age       ] GC(631) - age  13:        744 bytes,    6654736 total
[2020-08-27T11:17:30.464+0000][21728][gc,age       ] GC(631) - age  14:       2064 bytes,    6656800 total
[2020-08-27T11:17:30.464+0000][21728][gc,age       ] GC(631) - age  15:       1424 bytes,    6658224 total
[2020-08-27T11:17:30.464+0000][21728][gc,phases    ] GC(631)   Pre Evacuate Collection Set: 0.3ms
[2020-08-27T11:17:30.465+0000][21728][gc,phases    ] GC(631)   Merge Heap Roots: 0.1ms
[2020-08-27T11:17:30.465+0000][21728][gc,phases    ] GC(631)   Evacuate Collection Set: 2.9ms
[2020-08-27T11:17:30.465+0000][21728][gc,phases    ] GC(631)   Post Evacuate Collection Set: 0.8ms
[2020-08-27T11:17:30.465+0000][21728][gc,phases    ] GC(631)   Other: 0.7ms
[2020-08-27T11:17:30.465+0000][21728][gc,heap      ] GC(631) Eden regions: 40->0(484)
[2020-08-27T11:17:30.465+0000][21728][gc,heap      ] GC(631) Survivor regions: 7->7(61)
[2020-08-27T11:17:30.465+0000][21728][gc,heap      ] GC(631) Old regions: 82->82
[2020-08-27T11:17:30.465+0000][21728][gc,heap      ] GC(631) Archive regions: 0->0
[2020-08-27T11:17:30.465+0000][21728][gc,heap      ] GC(631) Humongous regions: 270->174
[2020-08-27T11:17:30.465+0000][21728][gc,metaspace ] GC(631) Metaspace: 88814K(94976K)->88814K(94976K) NonClass: 77552K(81152K)->77552K(81152K) Class: 11262K(13824K)->11262K(13824K)
[2020-08-27T11:17:30.465+0000][21728][gc           ] GC(631) Pause Young (Concurrent Start) (G1 Humongous Allocation) 397M->262M(1024M) 4.919ms
[2020-08-27T11:17:30.465+0000][21728][gc,cpu       ] GC(631) User=0.00s Sys=0.00s Real=0.00s
[2020-08-27T11:17:30.465+0000][21728][safepoint    ] Safepoint "G1TryInitiateConcMark", Time since last: 133839000 ns, Reaching safepoint: 166100 ns, At safepoint: 5069100 ns, Total: 5235200 ns
[2020-08-27T11:17:30.465+0000][21728][gc           ] GC(632) Concurrent Cycle
[2020-08-27T11:17:30.465+0000][21728][gc,marking   ] GC(632) Concurrent Clear Claimed Marks
[2020-08-27T11:17:30.465+0000][21728][gc,marking   ] GC(632) Concurrent Clear Claimed Marks 0.456ms
[2020-08-27T11:17:30.466+0000][21728][gc,marking   ] GC(632) Concurrent Scan Root Regions
[2020-08-27T11:17:30.469+0000][21728][gc,marking   ] GC(632) Concurrent Scan Root Regions 3.458ms
[2020-08-27T11:17:30.469+0000][21728][gc,marking   ] GC(632) Concurrent Mark (168.426s)
[2020-08-27T11:17:30.469+0000][21728][gc,marking   ] GC(632) Concurrent Mark From Roots
[2020-08-27T11:17:30.469+0000][21728][gc,task      ] GC(632) Using 2 workers of 2 for marking
[2020-08-27T11:17:30.563+0000][21728][gc,marking   ] GC(632) Concurrent Mark From Roots 94.232ms
[2020-08-27T11:17:30.563+0000][21728][gc,marking   ] GC(632) Concurrent Preclean
[2020-08-27T11:17:30.564+0000][21728][gc,marking   ] GC(632) Concurrent Preclean 0.365ms
[2020-08-27T11:17:30.564+0000][21728][gc,marking   ] GC(632) Concurrent Mark (168.426s, 168.520s) 94.710ms
[2020-08-27T11:17:30.564+0000][21728][gc,start     ] GC(632) Pause Remark
[2020-08-27T11:17:30.569+0000][21728][gc           ] GC(632) Pause Remark 320M->320M(1024M) 5.391ms
[2020-08-27T11:17:30.569+0000][21728][gc,cpu       ] GC(632) User=0.00s Sys=0.00s Real=0.01s
[2020-08-27T11:17:30.570+0000][21728][safepoint    ] Safepoint "G1Concurrent", Time since last: 98974900 ns, Reaching safepoint: 142100 ns, At safepoint: 5582300 ns, Total: 5724400 ns
[2020-08-27T11:17:30.570+0000][21728][gc,marking   ] GC(632) Concurrent Rebuild Remembered Sets
[2020-08-27T11:17:30.627+0000][21728][gc,marking   ] GC(632) Concurrent Rebuild Remembered Sets 57.330ms
[2020-08-27T11:17:30.627+0000][21728][gc,start     ] GC(632) Pause Cleanup
[2020-08-27T11:17:30.628+0000][21728][gc           ] GC(632) Pause Cleanup 386M->386M(1024M) 0.299ms
[2020-08-27T11:17:30.628+0000][21728][gc,cpu       ] GC(632) User=0.00s Sys=0.00s Real=0.00s
[2020-08-27T11:17:30.628+0000][21728][safepoint    ] Safepoint "G1Concurrent", Time since last: 57512100 ns, Reaching safepoint: 157100 ns, At safepoint: 429800 ns, Total: 586900 ns
[2020-08-27T11:17:30.628+0000][21728][gc,marking   ] GC(632) Concurrent Cleanup for Next Mark
[2020-08-27T11:17:30.629+0000][21728][gc,marking   ] GC(632) Concurrent Cleanup for Next Mark 1.456ms
[2020-08-27T11:17:30.629+0000][21728][gc           ] GC(632) Concurrent Cycle 164.421ms
[2020-08-27T11:17:30.745+0000][21728][gc,start     ] GC(633) Pause Young (Concurrent Start) (G1 Humongous Allocation)
[2020-08-27T11:17:30.745+0000][21728][gc,task      ] GC(633) Using 8 workers of 8 for evacuation
[2020-08-27T11:17:30.745+0000][21728][gc,age       ] GC(633) Desired survivor size 32505856 bytes, new threshold 15 (max threshold 15)
[2020-08-27T11:17:30.749+0000][21728][gc,age       ] GC(633) Age table with threshold 15 (max threshold 15)
[2020-08-27T11:17:30.749+0000][21728][gc,age       ] GC(633) - age   1:    3218888 bytes,    3218888 total
[2020-08-27T11:17:30.749+0000][21728][gc,age       ] GC(633) - age   2:     405024 bytes,    3623912 total
[2020-08-27T11:17:30.749+0000][21728][gc,age       ] GC(633) - age   3:     404160 bytes,    4028072 total
[2020-08-27T11:17:30.749+0000][21728][gc,age       ] GC(633) - age   4:     987752 bytes,    5015824 total
[2020-08-27T11:17:30.749+0000][21728][gc,age       ] GC(633) - age   5:    1599528 bytes,    6615352 total
[2020-08-27T11:17:30.749+0000][21728][gc,age       ] GC(633) - age   6:       7984 bytes,    6623336 total
[2020-08-27T11:17:30.749+0000][21728][gc,age       ] GC(633) - age   7:       6720 bytes,    6630056 total
[2020-08-27T11:17:30.749+0000][21728][gc,age       ] GC(633) - age   8:        408 bytes,    6630464 total
[2020-08-27T11:17:30.750+0000][21728][gc,age       ] GC(633) - age   9:        952 bytes,    6631416 total
[2020-08-27T11:17:30.750+0000][21728][gc,age       ] GC(633) - age  10:        160 bytes,    6631576 total
[2020-08-27T11:17:30.750+0000][21728][gc,age       ] GC(633) - age  11:        200 bytes,    6631776 total
[2020-08-27T11:17:30.750+0000][21728][gc,age       ] GC(633) - age  12:       1320 bytes,    6633096 total
[2020-08-27T11:17:30.750+0000][21728][gc,age       ] GC(633) - age  13:        248 bytes,    6633344 total
[2020-08-27T11:17:30.750+0000][21728][gc,age       ] GC(633) - age  14:        744 bytes,    6634088 total
[2020-08-27T11:17:30.750+0000][21728][gc,age       ] GC(633) - age  15:       1968 bytes,    6636056 total
[2020-08-27T11:17:30.750+0000][21728][gc,phases    ] GC(633)   Pre Evacuate Collection Set: 0.3ms
[2020-08-27T11:17:30.750+0000][21728][gc,phases    ] GC(633)   Merge Heap Roots: 0.1ms
[2020-08-27T11:17:30.750+0000][21728][gc,phases    ] GC(633)   Evacuate Collection Set: 3.0ms
[2020-08-27T11:17:30.750+0000][21728][gc,phases    ] GC(633)   Post Evacuate Collection Set: 0.9ms
[2020-08-27T11:17:30.750+0000][21728][gc,phases    ] GC(633)   Other: 0.6ms
[2020-08-27T11:17:30.750+0000][21728][gc,heap      ] GC(633) Eden regions: 40->0(487)
[2020-08-27T11:17:30.750+0000][21728][gc,heap      ] GC(633) Survivor regions: 7->7(62)
[2020-08-27T11:17:30.750+0000][21728][gc,heap      ] GC(633) Old regions: 82->82
[2020-08-27T11:17:30.750+0000][21728][gc,heap      ] GC(633) Archive regions: 0->0
[2020-08-27T11:17:30.750+0000][21728][gc,heap      ] GC(633) Humongous regions: 270->174
[2020-08-27T11:17:30.750+0000][21728][gc,metaspace ] GC(633) Metaspace: 88814K(94976K)->88814K(94976K) NonClass: 77552K(81152K)->77552K(81152K) Class: 11262K(13824K)->11262K(13824K)
[2020-08-27T11:17:30.750+0000][21728][gc           ] GC(633) Pause Young (Concurrent Start) (G1 Humongous Allocation) 397M->261M(1024M) 5.204ms
[2020-08-27T11:17:30.750+0000][21728][gc,cpu       ] GC(633) User=0.00s Sys=0.00s Real=0.01s
[2020-08-27T11:17:30.750+0000][21728][safepoint    ] Safepoint "G1TryInitiateConcMark", Time since last: 116890500 ns, Reaching safepoint: 139500 ns, At safepoint: 5346700 ns, Total: 5486200 ns
[2020-08-27T11:17:30.750+0000][21728][gc           ] GC(634) Concurrent Cycle
[2020-08-27T11:17:30.750+0000][21728][gc,marking   ] GC(634) Concurrent Clear Claimed Marks
[2020-08-27T11:17:30.750+0000][21728][gc,marking   ] GC(634) Concurrent Clear Claimed Marks 0.328ms
[2020-08-27T11:17:30.750+0000][21728][gc,marking   ] GC(634) Concurrent Scan Root Regions
[2020-08-27T11:17:30.753+0000][21728][gc,marking   ] GC(634) Concurrent Scan Root Regions 2.709ms
[2020-08-27T11:17:30.753+0000][21728][gc,marking   ] GC(634) Concurrent Mark (168.710s)
[2020-08-27T11:17:30.753+0000][21728][gc,marking   ] GC(634) Concurrent Mark From Roots
[2020-08-27T11:17:30.753+0000][21728][gc,task      ] GC(634) Using 2 workers of 2 for marking
[2020-08-27T11:17:30.854+0000][21728][gc,marking   ] GC(634) Concurrent Mark From Roots 100.550ms
[2020-08-27T11:17:30.854+0000][21728][gc,marking   ] GC(634) Concurrent Preclean
[2020-08-27T11:17:30.854+0000][21728][gc,marking   ] GC(634) Concurrent Preclean 0.397ms
[2020-08-27T11:17:30.854+0000][21728][gc,marking   ] GC(634) Concurrent Mark (168.710s, 168.811s) 101.058ms
[2020-08-27T11:17:30.855+0000][21728][gc,start     ] GC(634) Pause Remark
[2020-08-27T11:17:30.860+0000][21728][gc           ] GC(634) Pause Remark 320M->320M(1024M) 5.911ms
[2020-08-27T11:17:30.861+0000][21728][gc,cpu       ] GC(634) User=0.11s Sys=0.00s Real=0.01s
[2020-08-27T11:17:30.861+0000][21728][safepoint    ] Safepoint "G1Concurrent", Time since last: 104355100 ns, Reaching safepoint: 152900 ns, At safepoint: 6150300 ns, Total: 6303200 ns
[2020-08-27T11:17:30.861+0000][21728][gc,marking   ] GC(634) Concurrent Rebuild Remembered Sets
[2020-08-27T11:17:30.928+0000][21728][gc,marking   ] GC(634) Concurrent Rebuild Remembered Sets 67.246ms
[2020-08-27T11:17:30.928+0000][21728][gc,start     ] GC(634) Pause Cleanup
[2020-08-27T11:17:30.928+0000][21728][gc           ] GC(634) Pause Cleanup 386M->386M(1024M) 0.238ms
[2020-08-27T11:17:30.929+0000][21728][gc,cpu       ] GC(634) User=0.00s Sys=0.00s Real=0.00s
[2020-08-27T11:17:30.929+0000][21728][safepoint    ] Safepoint "G1Concurrent", Time since last: 67390000 ns, Reaching safepoint: 154300 ns, At safepoint: 370000 ns, Total: 524300 ns
[2020-08-27T11:17:30.929+0000][21728][gc,marking   ] GC(634) Concurrent Cleanup for Next Mark
[2020-08-27T11:17:30.930+0000][21728][gc,marking   ] GC(634) Concurrent Cleanup for Next Mark 1.347ms
[2020-08-27T11:17:30.930+0000][21728][gc           ] GC(634) Concurrent Cycle 180.032ms
[2020-08-27T11:17:31.041+0000][21728][gc,start     ] GC(635) Pause Young (Concurrent Start) (G1 Humongous Allocation)
[2020-08-27T11:17:31.042+0000][21728][gc,task      ] GC(635) Using 8 workers of 8 for evacuation
[2020-08-27T11:17:31.042+0000][21728][gc,age       ] GC(635) Desired survivor size 32505856 bytes, new threshold 15 (max threshold 15)
[2020-08-27T11:17:31.046+0000][21728][gc,age       ] GC(635) Age table with threshold 15 (max threshold 15)
[2020-08-27T11:17:31.046+0000][21728][gc,age       ] GC(635) - age   1:    3218000 bytes,    3218000 total
[2020-08-27T11:17:31.046+0000][21728][gc,age       ] GC(635) - age   2:     404192 bytes,    3622192 total
[2020-08-27T11:17:31.046+0000][21728][gc,age       ] GC(635) - age   3:     404752 bytes,    4026944 total
[2020-08-27T11:17:31.046+0000][21728][gc,age       ] GC(635) - age   4:     399056 bytes,    4426000 total
[2020-08-27T11:17:31.046+0000][21728][gc,age       ] GC(635) - age   5:     986264 bytes,    5412264 total
[2020-08-27T11:17:31.046+0000][21728][gc,age       ] GC(635) - age   6:    1210712 bytes,    6622976 total
[2020-08-27T11:17:31.046+0000][21728][gc,age       ] GC(635) - age   7:       7192 bytes,    6630168 total
[2020-08-27T11:17:31.046+0000][21728][gc,age       ] GC(635) - age   8:       5792 bytes,    6635960 total
[2020-08-27T11:17:31.046+0000][21728][gc,age       ] GC(635) - age   9:        376 bytes,    6636336 total
[2020-08-27T11:17:31.046+0000][21728][gc,age       ] GC(635) - age  10:        792 bytes,    6637128 total
[2020-08-27T11:17:31.046+0000][21728][gc,age       ] GC(635) - age  11:        160 bytes,    6637288 total
[2020-08-27T11:17:31.046+0000][21728][gc,age       ] GC(635) - age  12:        200 bytes,    6637488 total
[2020-08-27T11:17:31.046+0000][21728][gc,age       ] GC(635) - age  13:       1256 bytes,    6638744 total
[2020-08-27T11:17:31.046+0000][21728][gc,age       ] GC(635) - age  14:        248 bytes,    6638992 total
[2020-08-27T11:17:31.046+0000][21728][gc,age       ] GC(635) - age  15:        744 bytes,    6639736 total
[2020-08-27T11:17:31.046+0000][21728][gc,phases    ] GC(635)   Pre Evacuate Collection Set: 0.4ms
[2020-08-27T11:17:31.046+0000][21728][gc,phases    ] GC(635)   Merge Heap Roots: 0.1ms
[2020-08-27T11:17:31.046+0000][21728][gc,phases    ] GC(635)   Evacuate Collection Set: 2.9ms
[2020-08-27T11:17:31.046+0000][21728][gc,phases    ] GC(635)   Post Evacuate Collection Set: 0.8ms
[2020-08-27T11:17:31.046+0000][21728][gc,phases    ] GC(635)   Other: 0.7ms
[2020-08-27T11:17:31.046+0000][21728][gc,heap      ] GC(635) Eden regions: 40->0(489)
[2020-08-27T11:17:31.046+0000][21728][gc,heap      ] GC(635) Survivor regions: 7->7(62)
[2020-08-27T11:17:31.046+0000][21728][gc,heap      ] GC(635) Old regions: 82->82
[2020-08-27T11:17:31.046+0000][21728][gc,heap      ] GC(635) Archive regions: 0->0
[2020-08-27T11:17:31.046+0000][21728][gc,heap      ] GC(635) Humongous regions: 270->174
[2020-08-27T11:17:31.047+0000][21728][gc,metaspace ] GC(635) Metaspace: 88831K(94976K)->88831K(94976K) NonClass: 77568K(81152K)->77568K(81152K) Class: 11262K(13824K)->11262K(13824K)
[2020-08-27T11:17:31.047+0000][21728][gc           ] GC(635) Pause Young (Concurrent Start) (G1 Humongous Allocation) 397M->261M(1024M) 5.117ms
[2020-08-27T11:17:31.047+0000][21728][gc,cpu       ] GC(635) User=0.00s Sys=0.02s Real=0.01s
[2020-08-27T11:17:31.047+0000][21728][safepoint    ] Safepoint "G1TryInitiateConcMark", Time since last: 112751800 ns, Reaching safepoint: 125500 ns, At safepoint: 5255900 ns, Total: 5381400 ns
[2020-08-27T11:17:31.047+0000][21728][gc           ] GC(636) Concurrent Cycle
[2020-08-27T11:17:31.047+0000][21728][gc,marking   ] GC(636) Concurrent Clear Claimed Marks
[2020-08-27T11:17:31.047+0000][21728][gc,marking   ] GC(636) Concurrent Clear Claimed Marks 0.369ms
[2020-08-27T11:17:31.047+0000][21728][gc,marking   ] GC(636) Concurrent Scan Root Regions
[2020-08-27T11:17:31.050+0000][21728][gc,marking   ] GC(636) Concurrent Scan Root Regions 2.941ms
[2020-08-27T11:17:31.050+0000][21728][gc,marking   ] GC(636) Concurrent Mark (169.007s)
[2020-08-27T11:17:31.050+0000][21728][gc,marking   ] GC(636) Concurrent Mark From Roots
[2020-08-27T11:17:31.050+0000][21728][gc,task      ] GC(636) Using 2 workers of 2 for marking
[2020-08-27T11:17:31.137+0000][21728][gc,marking   ] GC(636) Concurrent Mark From Roots 86.385ms
[2020-08-27T11:17:31.137+0000][21728][gc,marking   ] GC(636) Concurrent Preclean
[2020-08-27T11:17:31.137+0000][21728][gc,marking   ] GC(636) Concurrent Preclean 0.316ms
[2020-08-27T11:17:31.137+0000][21728][gc,marking   ] GC(636) Concurrent Mark (169.007s, 169.094s) 86.826ms
[2020-08-27T11:17:31.137+0000][21728][gc,start     ] GC(636) Pause Remark
[2020-08-27T11:17:31.143+0000][21728][gc           ] GC(636) Pause Remark 320M->320M(1024M) 5.500ms
[2020-08-27T11:17:31.143+0000][21728][gc,cpu       ] GC(636) User=0.11s Sys=0.00s Real=0.01s
[2020-08-27T11:17:31.143+0000][21728][safepoint    ] Safepoint "G1Concurrent", Time since last: 90380300 ns, Reaching safepoint: 135400 ns, At safepoint: 5694500 ns, Total: 5829900 ns
[2020-08-27T11:17:31.143+0000][21728][gc,marking   ] GC(636) Concurrent Rebuild Remembered Sets
[2020-08-27T11:17:31.202+0000][21728][gc,marking   ] GC(636) Concurrent Rebuild Remembered Sets 59.097ms
[2020-08-27T11:17:31.202+0000][21728][gc,start     ] GC(636) Pause Cleanup
[2020-08-27T11:17:31.203+0000][21728][gc           ] GC(636) Pause Cleanup 387M->387M(1024M) 0.267ms
[2020-08-27T11:17:31.203+0000][21728][gc,cpu       ] GC(636) User=0.00s Sys=0.00s Real=0.00s
[2020-08-27T11:17:31.203+0000][21728][safepoint    ] Safepoint "G1Concurrent", Time since last: 59339000 ns, Reaching safepoint: 153100 ns, At safepoint: 367400 ns, Total: 520500 ns
[2020-08-27T11:17:31.203+0000][21728][gc,marking   ] GC(636) Concurrent Cleanup for Next Mark
[2020-08-27T11:17:31.204+0000][21728][gc,marking   ] GC(636) Concurrent Cleanup for Next Mark 1.375ms
[2020-08-27T11:17:31.204+0000][21728][gc           ] GC(636) Concurrent Cycle 157.589ms
[2020-08-27T11:17:31.311+0000][21728][gc,start     ] GC(637) Pause Young (Concurrent Start) (G1 Humongous Allocation)
[2020-08-27T11:17:31.311+0000][21728][gc,task      ] GC(637) Using 8 workers of 8 for evacuation
[2020-08-27T11:17:31.311+0000][21728][gc,age       ] GC(637) Desired survivor size 32505856 bytes, new threshold 15 (max threshold 15)
[2020-08-27T11:17:31.316+0000][21728][gc,age       ] GC(637) Age table with threshold 15 (max threshold 15)
[2020-08-27T11:17:31.316+0000][21728][gc,age       ] GC(637) - age   1:    3235464 bytes,    3235464 total
[2020-08-27T11:17:31.316+0000][21728][gc,age       ] GC(637) - age   2:     408328 bytes,    3643792 total
[2020-08-27T11:17:31.316+0000][21728][gc,age       ] GC(637) - age   3:     404192 bytes,    4047984 total
[2020-08-27T11:17:31.316+0000][21728][gc,age       ] GC(637) - age   4:     404160 bytes,    4452144 total
[2020-08-27T11:17:31.316+0000][21728][gc,age       ] GC(637) - age   5:     397472 bytes,    4849616 total
[2020-08-27T11:17:31.316+0000][21728][gc,age       ] GC(637) - age   6:     982000 bytes,    5831616 total
[2020-08-27T11:17:31.316+0000][21728][gc,age       ] GC(637) - age   7:     825368 bytes,    6656984 total
[2020-08-27T11:17:31.316+0000][21728][gc,age       ] GC(637) - age   8:       1768 bytes,    6658752 total
[2020-08-27T11:17:31.316+0000][21728][gc,age       ] GC(637) - age   9:       5728 bytes,    6664480 total
[2020-08-27T11:17:31.316+0000][21728][gc,age       ] GC(637) - age  10:        376 bytes,    6664856 total
[2020-08-27T11:17:31.316+0000][21728][gc,age       ] GC(637) - age  11:        792 bytes,    6665648 total
[2020-08-27T11:17:31.316+0000][21728][gc,age       ] GC(637) - age  12:        128 bytes,    6665776 total
[2020-08-27T11:17:31.316+0000][21728][gc,age       ] GC(637) - age  13:        200 bytes,    6665976 total
[2020-08-27T11:17:31.316+0000][21728][gc,age       ] GC(637) - age  14:       1256 bytes,    6667232 total
[2020-08-27T11:17:31.316+0000][21728][gc,age       ] GC(637) - age  15:        216 bytes,    6667448 total
[2020-08-27T11:17:31.316+0000][21728][gc,phases    ] GC(637)   Pre Evacuate Collection Set: 0.3ms
[2020-08-27T11:17:31.316+0000][21728][gc,phases    ] GC(637)   Merge Heap Roots: 0.1ms
[2020-08-27T11:17:31.316+0000][21728][gc,phases    ] GC(637)   Evacuate Collection Set: 3.0ms
[2020-08-27T11:17:31.316+0000][21728][gc,phases    ] GC(637)   Post Evacuate Collection Set: 0.7ms
[2020-08-27T11:17:31.316+0000][21728][gc,phases    ] GC(637)   Other: 0.8ms
[2020-08-27T11:17:31.316+0000][21728][gc,heap      ] GC(637) Eden regions: 40->0(490)
[2020-08-27T11:17:31.316+0000][21728][gc,heap      ] GC(637) Survivor regions: 7->8(62)
[2020-08-27T11:17:31.316+0000][21728][gc,heap      ] GC(637) Old regions: 82->82
[2020-08-27T11:17:31.316+0000][21728][gc,heap      ] GC(637) Archive regions: 0->0
[2020-08-27T11:17:31.316+0000][21728][gc,heap      ] GC(637) Humongous regions: 270->174
[2020-08-27T11:17:31.316+0000][21728][gc,metaspace ] GC(637) Metaspace: 88831K(94976K)->88831K(94976K) NonClass: 77568K(81152K)->77568K(81152K) Class: 11262K(13824K)->11262K(13824K)
[2020-08-27T11:17:31.317+0000][21728][gc           ] GC(637) Pause Young (Concurrent Start) (G1 Humongous Allocation) 397M->262M(1024M) 5.271ms
[2020-08-27T11:17:31.317+0000][21728][gc,cpu       ] GC(637) User=0.13s Sys=0.00s Real=0.01s
[2020-08-27T11:17:31.317+0000][21728][safepoint    ] Safepoint "G1TryInitiateConcMark", Time since last: 108325700 ns, Reaching safepoint: 147300 ns, At safepoint: 5469300 ns, Total: 5616600 ns
[2020-08-27T11:17:31.317+0000][21728][gc           ] GC(638) Concurrent Cycle
[2020-08-27T11:17:31.317+0000][21728][gc,marking   ] GC(638) Concurrent Clear Claimed Marks
[2020-08-27T11:17:31.317+0000][21728][gc,marking   ] GC(638) Concurrent Clear Claimed Marks 0.610ms
[2020-08-27T11:17:31.318+0000][21728][gc,marking   ] GC(638) Concurrent Scan Root Regions
[2020-08-27T11:17:31.321+0000][21728][gc,marking   ] GC(638) Concurrent Scan Root Regions 3.885ms
[2020-08-27T11:17:31.322+0000][21728][gc,marking   ] GC(638) Concurrent Mark (169.278s)
[2020-08-27T11:17:31.322+0000][21728][gc,marking   ] GC(638) Concurrent Mark From Roots
[2020-08-27T11:17:31.322+0000][21728][gc,task      ] GC(638) Using 2 workers of 2 for marking
[2020-08-27T11:17:31.418+0000][21728][gc,marking   ] GC(638) Concurrent Mark From Roots 96.037ms
[2020-08-27T11:17:31.418+0000][21728][gc,marking   ] GC(638) Concurrent Preclean
[2020-08-27T11:17:31.418+0000][21728][gc,marking   ] GC(638) Concurrent Preclean 0.335ms
[2020-08-27T11:17:31.418+0000][21728][gc,marking   ] GC(638) Concurrent Mark (169.278s, 169.375s) 96.479ms
[2020-08-27T11:17:31.418+0000][21728][gc,start     ] GC(638) Pause Remark
[2020-08-27T11:17:31.424+0000][21728][gc           ] GC(638) Pause Remark 320M->320M(1024M) 5.744ms
[2020-08-27T11:17:31.424+0000][21728][gc,cpu       ] GC(638) User=0.11s Sys=0.00s Real=0.01s
[2020-08-27T11:17:31.424+0000][21728][safepoint    ] Safepoint "G1Concurrent", Time since last: 101434500 ns, Reaching safepoint: 149400 ns, At safepoint: 5986000 ns, Total: 6135400 ns
[2020-08-27T11:17:31.424+0000][21728][gc,marking   ] GC(638) Concurrent Rebuild Remembered Sets
[2020-08-27T11:17:31.493+0000][21728][gc,marking   ] GC(638) Concurrent Rebuild Remembered Sets 68.766ms
[2020-08-27T11:17:31.493+0000][21728][gc,start     ] GC(638) Pause Cleanup
[2020-08-27T11:17:31.494+0000][21728][gc           ] GC(638) Pause Cleanup 386M->386M(1024M) 0.294ms
[2020-08-27T11:17:31.494+0000][21728][gc,cpu       ] GC(638) User=0.00s Sys=0.00s Real=0.00s
[2020-08-27T11:17:31.494+0000][21728][safepoint    ] Safepoint "G1Concurrent", Time since last: 68948300 ns, Reaching safepoint: 142800 ns, At safepoint: 442700 ns, Total: 585500 ns
[2020-08-27T11:17:31.494+0000][21728][gc,marking   ] GC(638) Concurrent Cleanup for Next Mark
[2020-08-27T11:17:31.495+0000][21728][gc,marking   ] GC(638) Concurrent Cleanup for Next Mark 1.394ms
[2020-08-27T11:17:31.495+0000][21728][gc           ] GC(638) Concurrent Cycle 178.653ms
[2020-08-27T11:17:31.655+0000][21728][gc,start     ] GC(639) Pause Young (Concurrent Start) (G1 Humongous Allocation)
[2020-08-27T11:17:31.655+0000][21728][gc,task      ] GC(639) Using 8 workers of 8 for evacuation
[2020-08-27T11:17:31.655+0000][21728][gc,age       ] GC(639) Desired survivor size 33030144 bytes, new threshold 15 (max threshold 15)
[2020-08-27T11:17:31.660+0000][21728][gc,age       ] GC(639) Age table with threshold 15 (max threshold 15)
[2020-08-27T11:17:31.660+0000][21728][gc,age       ] GC(639) - age   1:    3246600 bytes,    3246600 total
[2020-08-27T11:17:31.660+0000][21728][gc,age       ] GC(639) - age   2:     417768 bytes,    3664368 total
[2020-08-27T11:17:31.660+0000][21728][gc,age       ] GC(639) - age   3:     404072 bytes,    4068440 total
[2020-08-27T11:17:31.660+0000][21728][gc,age       ] GC(639) - age   4:     402656 bytes,    4471096 total
[2020-08-27T11:17:31.660+0000][21728][gc,age       ] GC(639) - age   5:     397072 bytes,    4868168 total
[2020-08-27T11:17:31.660+0000][21728][gc,age       ] GC(639) - age   6:     396712 bytes,    5264880 total
[2020-08-27T11:17:31.660+0000][21728][gc,age       ] GC(639) - age   7:     981704 bytes,    6246584 total
[2020-08-27T11:17:31.660+0000][21728][gc,age       ] GC(639) - age   8:     630576 bytes,    6877160 total
[2020-08-27T11:17:31.660+0000][21728][gc,age       ] GC(639) - age   9:       1768 bytes,    6878928 total
[2020-08-27T11:17:31.660+0000][21728][gc,age       ] GC(639) - age  10:       5728 bytes,    6884656 total
[2020-08-27T11:17:31.660+0000][21728][gc,age       ] GC(639) - age  11:        376 bytes,    6885032 total
[2020-08-27T11:17:31.661+0000][21728][gc,age       ] GC(639) - age  12:        792 bytes,    6885824 total
[2020-08-27T11:17:31.661+0000][21728][gc,age       ] GC(639) - age  13:        128 bytes,    6885952 total
[2020-08-27T11:17:31.661+0000][21728][gc,age       ] GC(639) - age  14:        200 bytes,    6886152 total
[2020-08-27T11:17:31.661+0000][21728][gc,age       ] GC(639) - age  15:       1256 bytes,    6887408 total
[2020-08-27T11:17:31.661+0000][21728][gc,phases    ] GC(639)   Pre Evacuate Collection Set: 0.3ms
[2020-08-27T11:17:31.661+0000][21728][gc,phases    ] GC(639)   Merge Heap Roots: 0.1ms
[2020-08-27T11:17:31.661+0000][21728][gc,phases    ] GC(639)   Evacuate Collection Set: 3.3ms
[2020-08-27T11:17:31.661+0000][21728][gc,phases    ] GC(639)   Post Evacuate Collection Set: 1.1ms
[2020-08-27T11:17:31.661+0000][21728][gc,phases    ] GC(639)   Other: 0.9ms
[2020-08-27T11:17:31.661+0000][21728][gc,heap      ] GC(639) Eden regions: 40->0(491)
[2020-08-27T11:17:31.661+0000][21728][gc,heap      ] GC(639) Survivor regions: 8->8(63)
[2020-08-27T11:17:31.661+0000][21728][gc,heap      ] GC(639) Old regions: 82->82
[2020-08-27T11:17:31.661+0000][21728][gc,heap      ] GC(639) Archive regions: 0->0
[2020-08-27T11:17:31.661+0000][21728][gc,heap      ] GC(639) Humongous regions: 270->174
[2020-08-27T11:17:31.661+0000][21728][gc,metaspace ] GC(639) Metaspace: 88831K(94976K)->88831K(94976K) NonClass: 77568K(81152K)->77568K(81152K) Class: 11262K(13824K)->11262K(13824K)
[2020-08-27T11:17:31.661+0000][21728][gc           ] GC(639) Pause Young (Concurrent Start) (G1 Humongous Allocation) 397M->262M(1024M) 6.103ms
[2020-08-27T11:17:31.661+0000][21728][gc,cpu       ] GC(639) User=0.09s Sys=0.00s Real=0.01s
[2020-08-27T11:17:31.661+0000][21728][safepoint    ] Safepoint "G1TryInitiateConcMark", Time since last: 160997100 ns, Reaching safepoint: 134800 ns, At safepoint: 6247600 ns, Total: 6382400 ns
[2020-08-27T11:17:31.661+0000][21728][gc           ] GC(640) Concurrent Cycle
[2020-08-27T11:17:31.661+0000][21728][gc,marking   ] GC(640) Concurrent Clear Claimed Marks
[2020-08-27T11:17:31.662+0000][21728][gc,marking   ] GC(640) Concurrent Clear Claimed Marks 0.573ms
[2020-08-27T11:17:31.662+0000][21728][gc,marking   ] GC(640) Concurrent Scan Root Regions
[2020-08-27T11:17:31.666+0000][21728][gc,marking   ] GC(640) Concurrent Scan Root Regions 3.726ms
[2020-08-27T11:17:31.666+0000][21728][gc,marking   ] GC(640) Concurrent Mark (169.622s)
[2020-08-27T11:17:31.666+0000][21728][gc,marking   ] GC(640) Concurrent Mark From Roots
[2020-08-27T11:17:31.666+0000][21728][gc,task      ] GC(640) Using 2 workers of 2 for marking
[2020-08-27T11:17:31.796+0000][21728][gc,marking   ] GC(640) Concurrent Mark From Roots 130.664ms
[2020-08-27T11:17:31.797+0000][21728][gc,marking   ] GC(640) Concurrent Preclean
[2020-08-27T11:17:31.797+0000][21728][gc,marking   ] GC(640) Concurrent Preclean 0.618ms
[2020-08-27T11:17:31.797+0000][21728][gc,marking   ] GC(640) Concurrent Mark (169.622s, 169.754s) 131.513ms
[2020-08-27T11:17:31.798+0000][21728][gc,start     ] GC(640) Pause Remark
[2020-08-27T11:17:31.804+0000][21728][gc           ] GC(640) Pause Remark 320M->320M(1024M) 6.427ms
[2020-08-27T11:17:31.804+0000][21728][gc,cpu       ] GC(640) User=0.00s Sys=0.00s Real=0.01s
[2020-08-27T11:17:31.804+0000][21728][safepoint    ] Safepoint "G1Concurrent", Time since last: 136195500 ns, Reaching safepoint: 201200 ns, At safepoint: 6653200 ns, Total: 6854400 ns
[2020-08-27T11:17:31.804+0000][21728][gc,marking   ] GC(640) Concurrent Rebuild Remembered Sets
[2020-08-27T11:17:31.900+0000][21728][gc,marking   ] GC(640) Concurrent Rebuild Remembered Sets 95.869ms
[2020-08-27T11:17:31.900+0000][21728][gc,start     ] GC(640) Pause Cleanup
[2020-08-27T11:17:31.901+0000][21728][gc           ] GC(640) Pause Cleanup 387M->387M(1024M) 0.317ms
[2020-08-27T11:17:31.901+0000][21728][gc,cpu       ] GC(640) User=0.00s Sys=0.00s Real=0.00s
[2020-08-27T11:17:31.901+0000][21728][safepoint    ] Safepoint "G1Concurrent", Time since last: 96042700 ns, Reaching safepoint: 162100 ns, At safepoint: 483000 ns, Total: 645100 ns
[2020-08-27T11:17:31.901+0000][21728][gc,marking   ] GC(640) Concurrent Cleanup for Next Mark
[2020-08-27T11:17:31.903+0000][21728][gc,marking   ] GC(640) Concurrent Cleanup for Next Mark 1.738ms
[2020-08-27T11:17:31.903+0000][21728][gc           ] GC(640) Concurrent Cycle 241.666ms
[2020-08-27T11:17:32.063+0000][21728][gc,start     ] GC(641) Pause Young (Concurrent Start) (G1 Humongous Allocation)
[2020-08-27T11:17:32.063+0000][21728][gc,task      ] GC(641) Using 8 workers of 8 for evacuation
[2020-08-27T11:17:32.063+0000][21728][gc,age       ] GC(641) Desired survivor size 33030144 bytes, new threshold 15 (max threshold 15)
[2020-08-27T11:17:32.068+0000][21728][gc,age       ] GC(641) Age table with threshold 15 (max threshold 15)
[2020-08-27T11:17:32.068+0000][21728][gc,age       ] GC(641) - age   1:    3267864 bytes,    3267864 total
[2020-08-27T11:17:32.068+0000][21728][gc,age       ] GC(641) - age   2:     404112 bytes,    3671976 total
[2020-08-27T11:17:32.068+0000][21728][gc,age       ] GC(641) - age   3:     416592 bytes,    4088568 total
[2020-08-27T11:17:32.068+0000][21728][gc,age       ] GC(641) - age   4:     402960 bytes,    4491528 total
[2020-08-27T11:17:32.068+0000][21728][gc,age       ] GC(641) - age   5:     396080 bytes,    4887608 total
[2020-08-27T11:17:32.068+0000][21728][gc,age       ] GC(641) - age   6:     395992 bytes,    5283600 total
[2020-08-27T11:17:32.068+0000][21728][gc,age       ] GC(641) - age   7:     396360 bytes,    5679960 total
[2020-08-27T11:17:32.068+0000][21728][gc,age       ] GC(641) - age   8:     981704 bytes,    6661664 total
[2020-08-27T11:17:32.068+0000][21728][gc,age       ] GC(641) - age   9:     241528 bytes,    6903192 total
[2020-08-27T11:17:32.068+0000][21728][gc,age       ] GC(641) - age  10:       1096 bytes,    6904288 total
[2020-08-27T11:17:32.068+0000][21728][gc,age       ] GC(641) - age  11:       5664 bytes,    6909952 total
[2020-08-27T11:17:32.068+0000][21728][gc,age       ] GC(641) - age  12:        248 bytes,    6910200 total
[2020-08-27T11:17:32.068+0000][21728][gc,age       ] GC(641) - age  13:        792 bytes,    6910992 total
[2020-08-27T11:17:32.068+0000][21728][gc,age       ] GC(641) - age  14:        128 bytes,    6911120 total
[2020-08-27T11:17:32.068+0000][21728][gc,age       ] GC(641) - age  15:        200 bytes,    6911320 total
[2020-08-27T11:17:32.068+0000][21728][gc,phases    ] GC(641)   Pre Evacuate Collection Set: 0.3ms
[2020-08-27T11:17:32.068+0000][21728][gc,phases    ] GC(641)   Merge Heap Roots: 0.1ms
[2020-08-27T11:17:32.069+0000][21728][gc,phases    ] GC(641)   Evacuate Collection Set: 3.8ms
[2020-08-27T11:17:32.069+0000][21728][gc,phases    ] GC(641)   Post Evacuate Collection Set: 0.7ms
[2020-08-27T11:17:32.069+0000][21728][gc,phases    ] GC(641)   Other: 0.7ms
[2020-08-27T11:17:32.069+0000][21728][gc,heap      ] GC(641) Eden regions: 40->0(492)
[2020-08-27T11:17:32.069+0000][21728][gc,heap      ] GC(641) Survivor regions: 8->8(63)
[2020-08-27T11:17:32.069+0000][21728][gc,heap      ] GC(641) Old regions: 82->82
[2020-08-27T11:17:32.069+0000][21728][gc,heap      ] GC(641) Archive regions: 0->0
[2020-08-27T11:17:32.069+0000][21728][gc,heap      ] GC(641) Humongous regions: 270->174
[2020-08-27T11:17:32.069+0000][21728][gc,metaspace ] GC(641) Metaspace: 88831K(94976K)->88831K(94976K) NonClass: 77569K(81152K)->77569K(81152K) Class: 11262K(13824K)->11262K(13824K)
[2020-08-27T11:17:32.069+0000][21728][gc           ] GC(641) Pause Young (Concurrent Start) (G1 Humongous Allocation) 397M->262M(1024M) 5.893ms
[2020-08-27T11:17:32.069+0000][21728][gc,cpu       ] GC(641) User=0.00s Sys=0.00s Real=0.01s
[2020-08-27T11:17:32.069+0000][21728][gc           ] GC(642) Concurrent Cycle
[2020-08-27T11:17:32.069+0000][21728][safepoint    ] Safepoint "G1TryInitiateConcMark", Time since last: 161822400 ns, Reaching safepoint: 127800 ns, At safepoint: 6080100 ns, Total: 6207900 ns
[2020-08-27T11:17:32.069+0000][21728][gc,marking   ] GC(642) Concurrent Clear Claimed Marks
[2020-08-27T11:17:32.069+0000][21728][gc,marking   ] GC(642) Concurrent Clear Claimed Marks 0.482ms
[2020-08-27T11:17:32.070+0000][21728][gc,marking   ] GC(642) Concurrent Scan Root Regions
[2020-08-27T11:17:32.073+0000][21728][gc,marking   ] GC(642) Concurrent Scan Root Regions 3.445ms
[2020-08-27T11:17:32.073+0000][21728][gc,marking   ] GC(642) Concurrent Mark (170.030s)
[2020-08-27T11:17:32.073+0000][21728][gc,marking   ] GC(642) Concurrent Mark From Roots
[2020-08-27T11:17:32.073+0000][21728][gc,task      ] GC(642) Using 2 workers of 2 for marking
[2020-08-27T11:17:32.185+0000][21728][gc,marking   ] GC(642) Concurrent Mark From Roots 111.621ms
[2020-08-27T11:17:32.185+0000][21728][gc,marking   ] GC(642) Concurrent Preclean
[2020-08-27T11:17:32.185+0000][21728][gc,marking   ] GC(642) Concurrent Preclean 0.376ms
[2020-08-27T11:17:32.185+0000][21728][gc,marking   ] GC(642) Concurrent Mark (170.030s, 170.142s) 112.133ms
[2020-08-27T11:17:32.185+0000][21728][gc,start     ] GC(642) Pause Remark
[2020-08-27T11:17:32.192+0000][21728][gc           ] GC(642) Pause Remark 320M->320M(1024M) 6.342ms
[2020-08-27T11:17:32.192+0000][21728][gc,cpu       ] GC(642) User=0.13s Sys=0.00s Real=0.01s
[2020-08-27T11:17:32.192+0000][21728][safepoint    ] Safepoint "G1Concurrent", Time since last: 116327900 ns, Reaching safepoint: 169300 ns, At safepoint: 6544100 ns, Total: 6713400 ns
[2020-08-27T11:17:32.192+0000][21728][gc,marking   ] GC(642) Concurrent Rebuild Remembered Sets
[2020-08-27T11:17:32.269+0000][21728][gc,marking   ] GC(642) Concurrent Rebuild Remembered Sets 77.076ms
[2020-08-27T11:17:32.269+0000][21728][gc,start     ] GC(642) Pause Cleanup
[2020-08-27T11:17:32.270+0000][21728][gc           ] GC(642) Pause Cleanup 387M->387M(1024M) 0.297ms
[2020-08-27T11:17:32.270+0000][21728][gc,cpu       ] GC(642) User=0.00s Sys=0.00s Real=0.00s
[2020-08-27T11:17:32.270+0000][21728][safepoint    ] Safepoint "G1Concurrent", Time since last: 77225900 ns, Reaching safepoint: 144600 ns, At safepoint: 439400 ns, Total: 584000 ns
[2020-08-27T11:17:32.270+0000][21728][gc,marking   ] GC(642) Concurrent Cleanup for Next Mark
[2020-08-27T11:17:32.271+0000][21728][gc,marking   ] GC(642) Concurrent Cleanup for Next Mark 1.313ms
[2020-08-27T11:17:32.271+0000][21728][gc           ] GC(642) Concurrent Cycle 202.313ms
[2020-08-27T11:17:32.422+0000][21728][gc,start     ] GC(643) Pause Young (Concurrent Start) (G1 Humongous Allocation)
[2020-08-27T11:17:32.422+0000][21728][gc,task      ] GC(643) Using 8 workers of 8 for evacuation
[2020-08-27T11:17:32.422+0000][21728][gc,age       ] GC(643) Desired survivor size 33030144 bytes, new threshold 15 (max threshold 15)
[2020-08-27T11:17:32.427+0000][21728][gc,age       ] GC(643) Age table with threshold 15 (max threshold 15)
[2020-08-27T11:17:32.427+0000][21728][gc,age       ] GC(643) - age   1:    3259848 bytes,    3259848 total
[2020-08-27T11:17:32.427+0000][21728][gc,age       ] GC(643) - age   2:     404576 bytes,    3664424 total
[2020-08-27T11:17:32.427+0000][21728][gc,age       ] GC(643) - age   3:     403464 bytes,    4067888 total
[2020-08-27T11:17:32.427+0000][21728][gc,age       ] GC(643) - age   4:     396576 bytes,    4464464 total
[2020-08-27T11:17:32.427+0000][21728][gc,age       ] GC(643) - age   5:     402232 bytes,    4866696 total
[2020-08-27T11:17:32.427+0000][21728][gc,age       ] GC(643) - age   6:     396016 bytes,    5262712 total
[2020-08-27T11:17:32.427+0000][21728][gc,age       ] GC(643) - age   7:     395864 bytes,    5658576 total
[2020-08-27T11:17:32.427+0000][21728][gc,age       ] GC(643) - age   8:     396360 bytes,    6054936 total
[2020-08-27T11:17:32.427+0000][21728][gc,age       ] GC(643) - age   9:     786952 bytes,    6841888 total
[2020-08-27T11:17:32.427+0000][21728][gc,age       ] GC(643) - age  10:      46432 bytes,    6888320 total
[2020-08-27T11:17:32.427+0000][21728][gc,age       ] GC(643) - age  11:       1032 bytes,    6889352 total
[2020-08-27T11:17:32.427+0000][21728][gc,age       ] GC(643) - age  12:       5552 bytes,    6894904 total
[2020-08-27T11:17:32.427+0000][21728][gc,age       ] GC(643) - age  13:        248 bytes,    6895152 total
[2020-08-27T11:17:32.427+0000][21728][gc,age       ] GC(643) - age  14:        792 bytes,    6895944 total
[2020-08-27T11:17:32.427+0000][21728][gc,age       ] GC(643) - age  15:         96 bytes,    6896040 total
[2020-08-27T11:17:32.427+0000][21728][gc,phases    ] GC(643)   Pre Evacuate Collection Set: 0.4ms
[2020-08-27T11:17:32.427+0000][21728][gc,phases    ] GC(643)   Merge Heap Roots: 0.1ms
[2020-08-27T11:17:32.427+0000][21728][gc,phases    ] GC(643)   Evacuate Collection Set: 3.8ms
[2020-08-27T11:17:32.427+0000][21728][gc,phases    ] GC(643)   Post Evacuate Collection Set: 0.8ms
[2020-08-27T11:17:32.427+0000][21728][gc,phases    ] GC(643)   Other: 0.7ms
[2020-08-27T11:17:32.427+0000][21728][gc,heap      ] GC(643) Eden regions: 41->0(493)
[2020-08-27T11:17:32.427+0000][21728][gc,heap      ] GC(643) Survivor regions: 8->8(63)
[2020-08-27T11:17:32.428+0000][21728][gc,heap      ] GC(643) Old regions: 82->82
[2020-08-27T11:17:32.428+0000][21728][gc,heap      ] GC(643) Archive regions: 0->0
[2020-08-27T11:17:32.428+0000][21728][gc,heap      ] GC(643) Humongous regions: 270->174
[2020-08-27T11:17:32.428+0000][21728][gc,metaspace ] GC(643) Metaspace: 88831K(94976K)->88831K(94976K) NonClass: 77569K(81152K)->77569K(81152K) Class: 11262K(13824K)->11262K(13824K)
[2020-08-27T11:17:32.428+0000][21728][gc           ] GC(643) Pause Young (Concurrent Start) (G1 Humongous Allocation) 398M->262M(1024M) 6.068ms
[2020-08-27T11:17:32.428+0000][21728][gc,cpu       ] GC(643) User=0.09s Sys=0.02s Real=0.01s
[2020-08-27T11:17:32.428+0000][21728][safepoint    ] Safepoint "G1TryInitiateConcMark", Time since last: 151613500 ns, Reaching safepoint: 156800 ns, At safepoint: 6203800 ns, Total: 6360600 ns
[2020-08-27T11:17:32.428+0000][21728][gc           ] GC(644) Concurrent Cycle
[2020-08-27T11:17:32.428+0000][21728][gc,marking   ] GC(644) Concurrent Clear Claimed Marks
[2020-08-27T11:17:32.428+0000][21728][gc,marking   ] GC(644) Concurrent Clear Claimed Marks 0.536ms
[2020-08-27T11:17:32.428+0000][21728][gc,marking   ] GC(644) Concurrent Scan Root Regions
[2020-08-27T11:17:32.431+0000][21728][gc,marking   ] GC(644) Concurrent Scan Root Regions 2.909ms
[2020-08-27T11:17:32.431+0000][21728][gc,marking   ] GC(644) Concurrent Mark (170.388s)
[2020-08-27T11:17:32.431+0000][21728][gc,marking   ] GC(644) Concurrent Mark From Roots
[2020-08-27T11:17:32.431+0000][21728][gc,task      ] GC(644) Using 2 workers of 2 for marking
[2020-08-27T11:17:32.534+0000][21728][gc,marking   ] GC(644) Concurrent Mark From Roots 102.628ms
[2020-08-27T11:17:32.534+0000][21728][gc,marking   ] GC(644) Concurrent Preclean
[2020-08-27T11:17:32.535+0000][21728][gc,marking   ] GC(644) Concurrent Preclean 0.475ms
[2020-08-27T11:17:32.535+0000][21728][gc,marking   ] GC(644) Concurrent Mark (170.388s, 170.491s) 103.275ms
[2020-08-27T11:17:32.535+0000][21728][gc,start     ] GC(644) Pause Remark
[2020-08-27T11:17:32.541+0000][21728][gc           ] GC(644) Pause Remark 320M->320M(1024M) 6.286ms
[2020-08-27T11:17:32.541+0000][21728][gc,cpu       ] GC(644) User=0.00s Sys=0.00s Real=0.01s
[2020-08-27T11:17:32.541+0000][21728][safepoint    ] Safepoint "G1Concurrent", Time since last: 107004400 ns, Reaching safepoint: 197600 ns, At safepoint: 6476700 ns, Total: 6674300 ns
[2020-08-27T11:17:32.541+0000][21728][gc,marking   ] GC(644) Concurrent Rebuild Remembered Sets
[2020-08-27T11:17:32.615+0000][21728][gc,marking   ] GC(644) Concurrent Rebuild Remembered Sets 73.420ms
[2020-08-27T11:17:32.615+0000][21728][gc,start     ] GC(644) Pause Cleanup
[2020-08-27T11:17:32.616+0000][21728][gc           ] GC(644) Pause Cleanup 387M->387M(1024M) 0.291ms
[2020-08-27T11:17:32.616+0000][21728][gc,cpu       ] GC(644) User=0.00s Sys=0.00s Real=0.00s
[2020-08-27T11:17:32.616+0000][21728][safepoint    ] Safepoint "G1Concurrent", Time since last: 73590300 ns, Reaching safepoint: 158600 ns, At safepoint: 437900 ns, Total: 596500 ns
[2020-08-27T11:17:32.616+0000][21728][gc,marking   ] GC(644) Concurrent Cleanup for Next Mark
[2020-08-27T11:17:32.617+0000][21728][gc,marking   ] GC(644) Concurrent Cleanup for Next Mark 1.473ms
[2020-08-27T11:17:32.617+0000][21728][gc           ] GC(644) Concurrent Cycle 189.487ms
[2020-08-27T11:17:32.776+0000][21728][gc,start     ] GC(645) Pause Young (Concurrent Start) (G1 Humongous Allocation)
[2020-08-27T11:17:32.776+0000][21728][gc,task      ] GC(645) Using 8 workers of 8 for evacuation
[2020-08-27T11:17:32.776+0000][21728][gc,age       ] GC(645) Desired survivor size 33030144 bytes, new threshold 15 (max threshold 15)
[2020-08-27T11:17:32.781+0000][21728][gc,age       ] GC(645) Age table with threshold 15 (max threshold 15)
[2020-08-27T11:17:32.781+0000][21728][gc,age       ] GC(645) - age   1:    3231336 bytes,    3231336 total
[2020-08-27T11:17:32.781+0000][21728][gc,age       ] GC(645) - age   2:     403704 bytes,    3635040 total
[2020-08-27T11:17:32.781+0000][21728][gc,age       ] GC(645) - age   3:     403408 bytes,    4038448 total
[2020-08-27T11:17:32.781+0000][21728][gc,age       ] GC(645) - age   4:     402576 bytes,    4441024 total
[2020-08-27T11:17:32.781+0000][21728][gc,age       ] GC(645) - age   5:     395848 bytes,    4836872 total
[2020-08-27T11:17:32.781+0000][21728][gc,age       ] GC(645) - age   6:     402168 bytes,    5239040 total
[2020-08-27T11:17:32.781+0000][21728][gc,age       ] GC(645) - age   7:     396016 bytes,    5635056 total
[2020-08-27T11:17:32.781+0000][21728][gc,age       ] GC(645) - age   8:     395816 bytes,    6030872 total
[2020-08-27T11:17:32.781+0000][21728][gc,age       ] GC(645) - age   9:     396232 bytes,    6427104 total
[2020-08-27T11:17:32.781+0000][21728][gc,age       ] GC(645) - age  10:     397784 bytes,    6824888 total
[2020-08-27T11:17:32.781+0000][21728][gc,age       ] GC(645) - age  11:      46128 bytes,    6871016 total
[2020-08-27T11:17:32.781+0000][21728][gc,age       ] GC(645) - age  12:       1032 bytes,    6872048 total
[2020-08-27T11:17:32.781+0000][21728][gc,age       ] GC(645) - age  13:       5552 bytes,    6877600 total
[2020-08-27T11:17:32.781+0000][21728][gc,age       ] GC(645) - age  14:        248 bytes,    6877848 total
[2020-08-27T11:17:32.781+0000][21728][gc,age       ] GC(645) - age  15:        792 bytes,    6878640 total
[2020-08-27T11:17:32.782+0000][21728][gc,phases    ] GC(645)   Pre Evacuate Collection Set: 0.4ms
[2020-08-27T11:17:32.782+0000][21728][gc,phases    ] GC(645)   Merge Heap Roots: 0.1ms
[2020-08-27T11:17:32.782+0000][21728][gc,phases    ] GC(645)   Evacuate Collection Set: 3.8ms
[2020-08-27T11:17:32.782+0000][21728][gc,phases    ] GC(645)   Post Evacuate Collection Set: 0.7ms
[2020-08-27T11:17:32.782+0000][21728][gc,phases    ] GC(645)   Other: 1.1ms
[2020-08-27T11:17:32.782+0000][21728][gc,heap      ] GC(645) Eden regions: 40->0(493)
[2020-08-27T11:17:32.782+0000][21728][gc,heap      ] GC(645) Survivor regions: 8->8(63)
[2020-08-27T11:17:32.782+0000][21728][gc,heap      ] GC(645) Old regions: 82->82
[2020-08-27T11:17:32.782+0000][21728][gc,heap      ] GC(645) Archive regions: 0->0
[2020-08-27T11:17:32.782+0000][21728][gc,heap      ] GC(645) Humongous regions: 270->174
[2020-08-27T11:17:32.782+0000][21728][gc,metaspace ] GC(645) Metaspace: 88831K(94976K)->88831K(94976K) NonClass: 77569K(81152K)->77569K(81152K) Class: 11262K(13824K)->11262K(13824K)
[2020-08-27T11:17:32.782+0000][21728][gc           ] GC(645) Pause Young (Concurrent Start) (G1 Humongous Allocation) 398M->262M(1024M) 6.384ms
[2020-08-27T11:17:32.782+0000][21728][gc,cpu       ] GC(645) User=0.02s Sys=0.00s Real=0.01s
[2020-08-27T11:17:32.782+0000][21728][gc           ] GC(646) Concurrent Cycle
[2020-08-27T11:17:32.782+0000][21728][safepoint    ] Safepoint "G1TryInitiateConcMark", Time since last: 159756500 ns, Reaching safepoint: 152800 ns, At safepoint: 6569400 ns, Total: 6722200 ns
[2020-08-27T11:17:32.782+0000][21728][gc,marking   ] GC(646) Concurrent Clear Claimed Marks
[2020-08-27T11:17:32.783+0000][21728][gc,marking   ] GC(646) Concurrent Clear Claimed Marks 0.555ms
[2020-08-27T11:17:32.783+0000][21728][gc,marking   ] GC(646) Concurrent Scan Root Regions
[2020-08-27T11:17:32.787+0000][21728][gc,marking   ] GC(646) Concurrent Scan Root Regions 4.227ms
[2020-08-27T11:17:32.787+0000][21728][gc,marking   ] GC(646) Concurrent Mark (170.744s)
[2020-08-27T11:17:32.787+0000][21728][gc,marking   ] GC(646) Concurrent Mark From Roots
[2020-08-27T11:17:32.787+0000][21728][gc,task      ] GC(646) Using 2 workers of 2 for marking
[2020-08-27T11:17:32.899+0000][21728][gc,marking   ] GC(646) Concurrent Mark From Roots 112.184ms
[2020-08-27T11:17:32.899+0000][21728][gc,marking   ] GC(646) Concurrent Preclean
[2020-08-27T11:17:32.900+0000][21728][gc,marking   ] GC(646) Concurrent Preclean 0.426ms
[2020-08-27T11:17:32.900+0000][21728][gc,marking   ] GC(646) Concurrent Mark (170.744s, 170.856s) 112.764ms
[2020-08-27T11:17:32.900+0000][21728][gc,start     ] GC(646) Pause Remark
[2020-08-27T11:17:32.906+0000][21728][gc           ] GC(646) Pause Remark 320M->320M(1024M) 6.261ms
[2020-08-27T11:17:32.907+0000][21728][gc,cpu       ] GC(646) User=0.00s Sys=0.00s Real=0.01s
[2020-08-27T11:17:32.907+0000][21728][safepoint    ] Safepoint "G1Concurrent", Time since last: 117857100 ns, Reaching safepoint: 148900 ns, At safepoint: 6479400 ns, Total: 6628300 ns
[2020-08-27T11:17:32.907+0000][21728][gc,marking   ] GC(646) Concurrent Rebuild Remembered Sets
[2020-08-27T11:17:32.980+0000][21728][gc,marking   ] GC(646) Concurrent Rebuild Remembered Sets 73.804ms
[2020-08-27T11:17:32.981+0000][21728][gc,start     ] GC(646) Pause Cleanup
[2020-08-27T11:17:32.981+0000][21728][gc           ] GC(646) Pause Cleanup 387M->387M(1024M) 0.264ms
[2020-08-27T11:17:32.981+0000][21728][gc,cpu       ] GC(646) User=0.00s Sys=0.00s Real=0.00s
[2020-08-27T11:17:32.981+0000][21728][safepoint    ] Safepoint "G1Concurrent", Time since last: 74021900 ns, Reaching safepoint: 160300 ns, At safepoint: 385400 ns, Total: 545700 ns
[2020-08-27T11:17:32.981+0000][21728][gc,marking   ] GC(646) Concurrent Cleanup for Next Mark
[2020-08-27T11:17:32.982+0000][21728][gc,marking   ] GC(646) Concurrent Cleanup for Next Mark 1.233ms
[2020-08-27T11:17:32.983+0000][21728][gc           ] GC(646) Concurrent Cycle 200.430ms
[2020-08-27T11:17:33.187+0000][21728][gc,start     ] GC(647) Pause Young (Concurrent Start) (G1 Humongous Allocation)
[2020-08-27T11:17:33.187+0000][21728][gc,task      ] GC(647) Using 8 workers of 8 for evacuation
[2020-08-27T11:17:33.187+0000][21728][gc,age       ] GC(647) Desired survivor size 33030144 bytes, new threshold 15 (max threshold 15)
[2020-08-27T11:17:33.192+0000][21728][gc,age       ] GC(647) Age table with threshold 15 (max threshold 15)
[2020-08-27T11:17:33.192+0000][21728][gc,age       ] GC(647) - age   1:    7771784 bytes,    7771784 total
[2020-08-27T11:17:33.192+0000][21728][gc,age       ] GC(647) - age   2:       1416 bytes,    7773200 total
[2020-08-27T11:17:33.192+0000][21728][gc,age       ] GC(647) - age   3:       2456 bytes,    7775656 total
[2020-08-27T11:17:33.192+0000][21728][gc,age       ] GC(647) - age   4:        832 bytes,    7776488 total
[2020-08-27T11:17:33.192+0000][21728][gc,age       ] GC(647) - age   5:        704 bytes,    7777192 total
[2020-08-27T11:17:33.192+0000][21728][gc,age       ] GC(647) - age   6:        584 bytes,    7777776 total
[2020-08-27T11:17:33.192+0000][21728][gc,age       ] GC(647) - age   7:        808 bytes,    7778584 total
[2020-08-27T11:17:33.192+0000][21728][gc,age       ] GC(647) - age   8:        344 bytes,    7778928 total
[2020-08-27T11:17:33.192+0000][21728][gc,age       ] GC(647) - age   9:        480 bytes,    7779408 total
[2020-08-27T11:17:33.192+0000][21728][gc,age       ] GC(647) - age  10:       1328 bytes,    7780736 total
[2020-08-27T11:17:33.192+0000][21728][gc,age       ] GC(647) - age  11:       8064 bytes,    7788800 total
[2020-08-27T11:17:33.192+0000][21728][gc,age       ] GC(647) - age  12:      44832 bytes,    7833632 total
[2020-08-27T11:17:33.192+0000][21728][gc,age       ] GC(647) - age  13:        752 bytes,    7834384 total
[2020-08-27T11:17:33.192+0000][21728][gc,age       ] GC(647) - age  14:       4336 bytes,    7838720 total
[2020-08-27T11:17:33.192+0000][21728][gc,age       ] GC(647) - age  15:        248 bytes,    7838968 total
[2020-08-27T11:17:33.192+0000][21728][gc,phases    ] GC(647)   Pre Evacuate Collection Set: 0.4ms
[2020-08-27T11:17:33.192+0000][21728][gc,phases    ] GC(647)   Merge Heap Roots: 0.1ms
[2020-08-27T11:17:33.192+0000][21728][gc,phases    ] GC(647)   Evacuate Collection Set: 2.7ms
[2020-08-27T11:17:33.192+0000][21728][gc,phases    ] GC(647)   Post Evacuate Collection Set: 0.8ms
[2020-08-27T11:17:33.192+0000][21728][gc,phases    ] GC(647)   Other: 0.8ms
[2020-08-27T11:17:33.192+0000][21728][gc,heap      ] GC(647) Eden regions: 77->0(487)
[2020-08-27T11:17:33.192+0000][21728][gc,heap      ] GC(647) Survivor regions: 8->9(63)
[2020-08-27T11:17:33.192+0000][21728][gc,heap      ] GC(647) Old regions: 82->82
[2020-08-27T11:17:33.192+0000][21728][gc,heap      ] GC(647) Archive regions: 0->0
[2020-08-27T11:17:33.192+0000][21728][gc,heap      ] GC(647) Humongous regions: 270->174
[2020-08-27T11:17:33.192+0000][21728][gc,metaspace ] GC(647) Metaspace: 88854K(94976K)->88854K(94976K) NonClass: 77591K(81152K)->77591K(81152K) Class: 11262K(13824K)->11262K(13824K)
[2020-08-27T11:17:33.192+0000][21728][gc           ] GC(647) Pause Young (Concurrent Start) (G1 Humongous Allocation) 434M->263M(1024M) 5.192ms
[2020-08-27T11:17:33.193+0000][21728][gc,cpu       ] GC(647) User=0.05s Sys=0.02s Real=0.01s
[2020-08-27T11:17:33.193+0000][21728][gc           ] GC(648) Concurrent Cycle
[2020-08-27T11:17:33.193+0000][21728][safepoint    ] Safepoint "G1TryInitiateConcMark", Time since last: 205922100 ns, Reaching safepoint: 142900 ns, At safepoint: 5431200 ns, Total: 5574100 ns
[2020-08-27T11:17:33.193+0000][21728][gc,marking   ] GC(648) Concurrent Clear Claimed Marks
[2020-08-27T11:17:33.194+0000][21728][gc,marking   ] GC(648) Concurrent Clear Claimed Marks 0.984ms
[2020-08-27T11:17:33.194+0000][21728][gc,marking   ] GC(648) Concurrent Scan Root Regions
[2020-08-27T11:17:33.199+0000][21728][gc,marking   ] GC(648) Concurrent Scan Root Regions 4.869ms
[2020-08-27T11:17:33.199+0000][21728][gc,marking   ] GC(648) Concurrent Mark (171.155s)
[2020-08-27T11:17:33.199+0000][21728][gc,marking   ] GC(648) Concurrent Mark From Roots
[2020-08-27T11:17:33.199+0000][21728][gc,task      ] GC(648) Using 2 workers of 2 for marking
[2020-08-27T11:17:33.350+0000][21728][gc,marking   ] GC(648) Concurrent Mark From Roots 151.122ms
[2020-08-27T11:17:33.350+0000][21728][gc,marking   ] GC(648) Concurrent Preclean
[2020-08-27T11:17:33.351+0000][21728][gc,marking   ] GC(648) Concurrent Preclean 0.480ms
[2020-08-27T11:17:33.351+0000][21728][gc,marking   ] GC(648) Concurrent Mark (171.155s, 171.307s) 151.780ms
[2020-08-27T11:17:33.351+0000][21728][gc,start     ] GC(648) Pause Remark
[2020-08-27T11:17:33.358+0000][21728][gc           ] GC(648) Pause Remark 444M->444M(1024M) 7.351ms
[2020-08-27T11:17:33.358+0000][21728][gc,cpu       ] GC(648) User=0.00s Sys=0.00s Real=0.01s
[2020-08-27T11:17:33.358+0000][21728][safepoint    ] Safepoint "G1Concurrent", Time since last: 158086500 ns, Reaching safepoint: 185600 ns, At safepoint: 7566200 ns, Total: 7751800 ns
[2020-08-27T11:17:33.359+0000][21728][gc,marking   ] GC(648) Concurrent Rebuild Remembered Sets
[2020-08-27T11:17:33.427+0000][21728][gc,marking   ] GC(648) Concurrent Rebuild Remembered Sets 68.220ms
[2020-08-27T11:17:33.427+0000][21728][gc,start     ] GC(648) Pause Cleanup
[2020-08-27T11:17:33.427+0000][21728][gc           ] GC(648) Pause Cleanup 449M->449M(1024M) 0.245ms
[2020-08-27T11:17:33.427+0000][21728][gc,cpu       ] GC(648) User=0.00s Sys=0.00s Real=0.00s
[2020-08-27T11:17:33.427+0000][21728][safepoint    ] Safepoint "G1Concurrent", Time since last: 68387800 ns, Reaching safepoint: 98000 ns, At safepoint: 371700 ns, Total: 469700 ns
[2020-08-27T11:17:33.427+0000][21728][gc,marking   ] GC(648) Concurrent Cleanup for Next Mark
[2020-08-27T11:17:33.428+0000][21728][gc,marking   ] GC(648) Concurrent Cleanup for Next Mark 0.977ms
[2020-08-27T11:17:33.428+0000][21728][gc           ] GC(648) Concurrent Cycle 235.864ms
[2020-08-27T11:17:33.510+0000][21728][gc,start     ] GC(649) Pause Young (Concurrent Start) (G1 Humongous Allocation)
[2020-08-27T11:17:33.510+0000][21728][gc,task      ] GC(649) Using 8 workers of 8 for evacuation
[2020-08-27T11:17:33.510+0000][21728][gc,age       ] GC(649) Desired survivor size 32505856 bytes, new threshold 15 (max threshold 15)
[2020-08-27T11:17:33.513+0000][21728][gc,age       ] GC(649) Age table with threshold 15 (max threshold 15)
[2020-08-27T11:17:33.513+0000][21728][gc,age       ] GC(649) - age   1:    2590232 bytes,    2590232 total
[2020-08-27T11:17:33.513+0000][21728][gc,age       ] GC(649) - age   2:      45192 bytes,    2635424 total
[2020-08-27T11:17:33.513+0000][21728][gc,age       ] GC(649) - age   3:       1384 bytes,    2636808 total
[2020-08-27T11:17:33.513+0000][21728][gc,age       ] GC(649) - age   4:       1600 bytes,    2638408 total
[2020-08-27T11:17:33.513+0000][21728][gc,age       ] GC(649) - age   5:        800 bytes,    2639208 total
[2020-08-27T11:17:33.513+0000][21728][gc,age       ] GC(649) - age   6:        672 bytes,    2639880 total
[2020-08-27T11:17:33.513+0000][21728][gc,age       ] GC(649) - age   7:        568 bytes,    2640448 total
[2020-08-27T11:17:33.513+0000][21728][gc,age       ] GC(649) - age   8:        728 bytes,    2641176 total
[2020-08-27T11:17:33.513+0000][21728][gc,age       ] GC(649) - age   9:        344 bytes,    2641520 total
[2020-08-27T11:17:33.513+0000][21728][gc,age       ] GC(649) - age  10:        480 bytes,    2642000 total
[2020-08-27T11:17:33.513+0000][21728][gc,age       ] GC(649) - age  11:       1296 bytes,    2643296 total
[2020-08-27T11:17:33.513+0000][21728][gc,age       ] GC(649) - age  12:       8032 bytes,    2651328 total
[2020-08-27T11:17:33.513+0000][21728][gc,age       ] GC(649) - age  13:      44800 bytes,    2696128 total
[2020-08-27T11:17:33.513+0000][21728][gc,age       ] GC(649) - age  14:        560 bytes,    2696688 total
[2020-08-27T11:17:33.513+0000][21728][gc,age       ] GC(649) - age  15:       4240 bytes,    2700928 total
[2020-08-27T11:17:33.514+0000][21728][gc,phases    ] GC(649)   Pre Evacuate Collection Set: 0.3ms
[2020-08-27T11:17:33.514+0000][21728][gc,phases    ] GC(649)   Merge Heap Roots: 0.1ms
[2020-08-27T11:17:33.514+0000][21728][gc,phases    ] GC(649)   Evacuate Collection Set: 1.9ms
[2020-08-27T11:17:33.514+0000][21728][gc,phases    ] GC(649)   Post Evacuate Collection Set: 0.6ms
[2020-08-27T11:17:33.514+0000][21728][gc,phases    ] GC(649)   Other: 0.7ms
[2020-08-27T11:17:33.514+0000][21728][gc,heap      ] GC(649) Eden regions: 50->0(494)
[2020-08-27T11:17:33.514+0000][21728][gc,heap      ] GC(649) Survivor regions: 9->4(62)
[2020-08-27T11:17:33.514+0000][21728][gc,heap      ] GC(649) Old regions: 82->82
[2020-08-27T11:17:33.514+0000][21728][gc,heap      ] GC(649) Archive regions: 0->0
[2020-08-27T11:17:33.514+0000][21728][gc,heap      ] GC(649) Humongous regions: 318->174
[2020-08-27T11:17:33.514+0000][21728][gc,metaspace ] GC(649) Metaspace: 88854K(94976K)->88854K(94976K) NonClass: 77591K(81152K)->77591K(81152K) Class: 11262K(13824K)->11262K(13824K)
[2020-08-27T11:17:33.514+0000][21728][gc           ] GC(649) Pause Young (Concurrent Start) (G1 Humongous Allocation) 456M->258M(1024M) 3.837ms
[2020-08-27T11:17:33.514+0000][21728][gc,cpu       ] GC(649) User=0.00s Sys=0.00s Real=0.00s
[2020-08-27T11:17:33.514+0000][21728][gc           ] GC(650) Concurrent Cycle
[2020-08-27T11:17:33.514+0000][21728][safepoint    ] Safepoint "G1TryInitiateConcMark", Time since last: 82478000 ns, Reaching safepoint: 125000 ns, At safepoint: 3985200 ns, Total: 4110200 ns
[2020-08-27T11:17:33.514+0000][21728][gc,marking   ] GC(650) Concurrent Clear Claimed Marks
[2020-08-27T11:17:33.514+0000][21728][gc,marking   ] GC(650) Concurrent Clear Claimed Marks 0.420ms
[2020-08-27T11:17:33.514+0000][21728][gc,marking   ] GC(650) Concurrent Scan Root Regions
[2020-08-27T11:17:33.517+0000][21728][gc,marking   ] GC(650) Concurrent Scan Root Regions 2.208ms
[2020-08-27T11:17:33.517+0000][21728][gc,marking   ] GC(650) Concurrent Mark (171.473s)
[2020-08-27T11:17:33.517+0000][21728][gc,marking   ] GC(650) Concurrent Mark From Roots
[2020-08-27T11:17:33.517+0000][21728][gc,task      ] GC(650) Using 2 workers of 2 for marking
[2020-08-27T11:17:33.645+0000][21728][gc,marking   ] GC(650) Concurrent Mark From Roots 128.097ms
[2020-08-27T11:17:33.645+0000][21728][gc,marking   ] GC(650) Concurrent Preclean
[2020-08-27T11:17:33.645+0000][21728][gc,marking   ] GC(650) Concurrent Preclean 0.361ms
[2020-08-27T11:17:33.645+0000][21728][gc,marking   ] GC(650) Concurrent Mark (171.473s, 171.602s) 128.585ms
[2020-08-27T11:17:33.646+0000][21728][gc,start     ] GC(650) Pause Remark
[2020-08-27T11:17:33.652+0000][21728][gc           ] GC(650) Pause Remark 318M->318M(1024M) 5.941ms
[2020-08-27T11:17:33.652+0000][21728][gc,cpu       ] GC(650) User=0.00s Sys=0.00s Real=0.01s
[2020-08-27T11:17:33.652+0000][21728][safepoint    ] Safepoint "G1Concurrent", Time since last: 131474700 ns, Reaching safepoint: 170800 ns, At safepoint: 6195500 ns, Total: 6366300 ns
[2020-08-27T11:17:33.652+0000][21728][gc,marking   ] GC(650) Concurrent Rebuild Remembered Sets
[2020-08-27T11:17:33.734+0000][21728][gc,marking   ] GC(650) Concurrent Rebuild Remembered Sets 81.485ms
[2020-08-27T11:17:33.734+0000][21728][gc,start     ] GC(650) Pause Cleanup
[2020-08-27T11:17:33.734+0000][21728][gc           ] GC(650) Pause Cleanup 385M->385M(1024M) 0.309ms
[2020-08-27T11:17:33.734+0000][21728][gc,cpu       ] GC(650) User=0.00s Sys=0.00s Real=0.00s
[2020-08-27T11:17:33.735+0000][21728][safepoint    ] Safepoint "G1Concurrent", Time since last: 81681200 ns, Reaching safepoint: 150900 ns, At safepoint: 523200 ns, Total: 674100 ns
[2020-08-27T11:17:33.735+0000][21728][gc,marking   ] GC(650) Concurrent Cleanup for Next Mark
[2020-08-27T11:17:33.736+0000][21728][gc,marking   ] GC(650) Concurrent Cleanup for Next Mark 1.576ms
[2020-08-27T11:17:33.736+0000][21728][gc           ] GC(650) Concurrent Cycle 222.027ms
[2020-08-27T11:17:33.963+0000][21728][gc,start     ] GC(651) Pause Young (Concurrent Start) (G1 Humongous Allocation)
[2020-08-27T11:17:33.963+0000][21728][gc,task      ] GC(651) Using 8 workers of 8 for evacuation
[2020-08-27T11:17:33.963+0000][21728][gc,age       ] GC(651) Desired survivor size 33030144 bytes, new threshold 15 (max threshold 15)
[2020-08-27T11:17:33.966+0000][21728][gc,age       ] GC(651) Age table with threshold 15 (max threshold 15)
[2020-08-27T11:17:33.966+0000][21728][gc,age       ] GC(651) - age   1:    2374008 bytes,    2374008 total
[2020-08-27T11:17:33.966+0000][21728][gc,age       ] GC(651) - age   2:      11200 bytes,    2385208 total
[2020-08-27T11:17:33.966+0000][21728][gc,age       ] GC(651) - age   3:      40944 bytes,    2426152 total
[2020-08-27T11:17:33.966+0000][21728][gc,age       ] GC(651) - age   4:       1056 bytes,    2427208 total
[2020-08-27T11:17:33.966+0000][21728][gc,age       ] GC(651) - age   5:       1440 bytes,    2428648 total
[2020-08-27T11:17:33.966+0000][21728][gc,age       ] GC(651) - age   6:        800 bytes,    2429448 total
[2020-08-27T11:17:33.966+0000][21728][gc,age       ] GC(651) - age   7:        608 bytes,    2430056 total
[2020-08-27T11:17:33.966+0000][21728][gc,age       ] GC(651) - age   8:        440 bytes,    2430496 total
[2020-08-27T11:17:33.967+0000][21728][gc,age       ] GC(651) - age   9:        728 bytes,    2431224 total
[2020-08-27T11:17:33.967+0000][21728][gc,age       ] GC(651) - age  10:        344 bytes,    2431568 total
[2020-08-27T11:17:33.967+0000][21728][gc,age       ] GC(651) - age  11:        480 bytes,    2432048 total
[2020-08-27T11:17:33.967+0000][21728][gc,age       ] GC(651) - age  12:       1296 bytes,    2433344 total
[2020-08-27T11:17:33.967+0000][21728][gc,age       ] GC(651) - age  13:       8032 bytes,    2441376 total
[2020-08-27T11:17:33.967+0000][21728][gc,age       ] GC(651) - age  14:      44800 bytes,    2486176 total
[2020-08-27T11:17:33.967+0000][21728][gc,age       ] GC(651) - age  15:        560 bytes,    2486736 total
[2020-08-27T11:17:33.967+0000][21728][gc,phases    ] GC(651)   Pre Evacuate Collection Set: 0.4ms
[2020-08-27T11:17:33.967+0000][21728][gc,phases    ] GC(651)   Merge Heap Roots: 0.1ms
[2020-08-27T11:17:33.967+0000][21728][gc,phases    ] GC(651)   Evacuate Collection Set: 1.8ms
[2020-08-27T11:17:33.967+0000][21728][gc,phases    ] GC(651)   Post Evacuate Collection Set: 0.6ms
[2020-08-27T11:17:33.967+0000][21728][gc,phases    ] GC(651)   Other: 0.7ms
[2020-08-27T11:17:33.967+0000][21728][gc,heap      ] GC(651) Eden regions: 42->0(497)
[2020-08-27T11:17:33.967+0000][21728][gc,heap      ] GC(651) Survivor regions: 4->3(63)
[2020-08-27T11:17:33.967+0000][21728][gc,heap      ] GC(651) Old regions: 82->82
[2020-08-27T11:17:33.967+0000][21728][gc,heap      ] GC(651) Archive regions: 0->0
[2020-08-27T11:17:33.967+0000][21728][gc,heap      ] GC(651) Humongous regions: 270->174
[2020-08-27T11:17:33.967+0000][21728][gc,metaspace ] GC(651) Metaspace: 88859K(94976K)->88859K(94976K) NonClass: 77596K(81152K)->77596K(81152K) Class: 11262K(13824K)->11262K(13824K)
[2020-08-27T11:17:33.967+0000][21728][gc           ] GC(651) Pause Young (Concurrent Start) (G1 Humongous Allocation) 396M->257M(1024M) 3.837ms
[2020-08-27T11:17:33.967+0000][21728][gc,cpu       ] GC(651) User=0.00s Sys=0.00s Real=0.00s
[2020-08-27T11:17:33.967+0000][21728][safepoint    ] Safepoint "G1TryInitiateConcMark", Time since last: 228409200 ns, Reaching safepoint: 135200 ns, At safepoint: 3987600 ns, Total: 4122800 ns
[2020-08-27T11:17:33.967+0000][21728][gc           ] GC(652) Concurrent Cycle
[2020-08-27T11:17:33.967+0000][21728][gc,marking   ] GC(652) Concurrent Clear Claimed Marks
[2020-08-27T11:17:33.968+0000][21728][gc,marking   ] GC(652) Concurrent Clear Claimed Marks 0.401ms
[2020-08-27T11:17:33.968+0000][21728][gc,marking   ] GC(652) Concurrent Scan Root Regions
[2020-08-27T11:17:33.970+0000][21728][gc,marking   ] GC(652) Concurrent Scan Root Regions 2.446ms
[2020-08-27T11:17:33.970+0000][21728][gc,marking   ] GC(652) Concurrent Mark (171.926s)
[2020-08-27T11:17:33.970+0000][21728][gc,marking   ] GC(652) Concurrent Mark From Roots
[2020-08-27T11:17:33.970+0000][21728][gc,task      ] GC(652) Using 2 workers of 2 for marking
[2020-08-27T11:17:34.119+0000][21728][gc,marking   ] GC(652) Concurrent Mark From Roots 149.058ms
[2020-08-27T11:17:34.119+0000][21728][gc,marking   ] GC(652) Concurrent Preclean
[2020-08-27T11:17:34.120+0000][21728][gc,marking   ] GC(652) Concurrent Preclean 0.522ms
[2020-08-27T11:17:34.120+0000][21728][gc,marking   ] GC(652) Concurrent Mark (171.926s, 172.076s) 149.756ms
[2020-08-27T11:17:34.120+0000][21728][gc,start     ] GC(652) Pause Remark
[2020-08-27T11:17:34.127+0000][21728][gc           ] GC(652) Pause Remark 309M->309M(1024M) 6.635ms
[2020-08-27T11:17:34.127+0000][21728][gc,cpu       ] GC(652) User=0.09s Sys=0.02s Real=0.01s
[2020-08-27T11:17:34.127+0000][21728][safepoint    ] Safepoint "G1Concurrent", Time since last: 152929600 ns, Reaching safepoint: 152300 ns, At safepoint: 6859000 ns, Total: 7011300 ns
[2020-08-27T11:17:34.127+0000][21728][gc,marking   ] GC(652) Concurrent Rebuild Remembered Sets
[2020-08-27T11:17:34.223+0000][21728][gc,marking   ] GC(652) Concurrent Rebuild Remembered Sets 96.677ms
[2020-08-27T11:17:34.224+0000][21728][gc,start     ] GC(652) Pause Cleanup
[2020-08-27T11:17:34.224+0000][21728][gc           ] GC(652) Pause Cleanup 368M->368M(1024M) 0.357ms
[2020-08-27T11:17:34.224+0000][21728][gc,cpu       ] GC(652) User=0.00s Sys=0.00s Real=0.00s
[2020-08-27T11:17:34.225+0000][21728][safepoint    ] Safepoint "G1Concurrent", Time since last: 96993000 ns, Reaching safepoint: 169900 ns, At safepoint: 610800 ns, Total: 780700 ns
[2020-08-27T11:17:34.225+0000][21728][gc,marking   ] GC(652) Concurrent Cleanup for Next Mark
[2020-08-27T11:17:34.226+0000][21728][gc,marking   ] GC(652) Concurrent Cleanup for Next Mark 1.824ms
[2020-08-27T11:17:34.227+0000][21728][gc           ] GC(652) Concurrent Cycle 259.767ms
[2020-08-27T11:17:34.402+0000][21728][gc,start     ] GC(653) Pause Young (Concurrent Start) (G1 Humongous Allocation)
[2020-08-27T11:17:34.402+0000][21728][gc,task      ] GC(653) Using 8 workers of 8 for evacuation
[2020-08-27T11:17:34.402+0000][21728][gc,age       ] GC(653) Desired survivor size 33030144 bytes, new threshold 15 (max threshold 15)
[2020-08-27T11:17:34.405+0000][21728][gc,age       ] GC(653) Age table with threshold 15 (max threshold 15)
[2020-08-27T11:17:34.405+0000][21728][gc,age       ] GC(653) - age   1:    2590896 bytes,    2590896 total
[2020-08-27T11:17:34.405+0000][21728][gc,age       ] GC(653) - age   2:      11576 bytes,    2602472 total
[2020-08-27T11:17:34.405+0000][21728][gc,age       ] GC(653) - age   3:      10536 bytes,    2613008 total
[2020-08-27T11:17:34.405+0000][21728][gc,age       ] GC(653) - age   4:      40368 bytes,    2653376 total
[2020-08-27T11:17:34.405+0000][21728][gc,age       ] GC(653) - age   5:        896 bytes,    2654272 total
[2020-08-27T11:17:34.405+0000][21728][gc,age       ] GC(653) - age   6:       1280 bytes,    2655552 total
[2020-08-27T11:17:34.405+0000][21728][gc,age       ] GC(653) - age   7:        480 bytes,    2656032 total
[2020-08-27T11:17:34.405+0000][21728][gc,age       ] GC(653) - age   8:        512 bytes,    2656544 total
[2020-08-27T11:17:34.405+0000][21728][gc,age       ] GC(653) - age   9:        376 bytes,    2656920 total
[2020-08-27T11:17:34.405+0000][21728][gc,age       ] GC(653) - age  10:        664 bytes,    2657584 total
[2020-08-27T11:17:34.405+0000][21728][gc,age       ] GC(653) - age  11:        344 bytes,    2657928 total
[2020-08-27T11:17:34.405+0000][21728][gc,age       ] GC(653) - age  12:        480 bytes,    2658408 total
[2020-08-27T11:17:34.405+0000][21728][gc,age       ] GC(653) - age  13:       1296 bytes,    2659704 total
[2020-08-27T11:17:34.406+0000][21728][gc,age       ] GC(653) - age  14:       8032 bytes,    2667736 total
[2020-08-27T11:17:34.406+0000][21728][gc,age       ] GC(653) - age  15:      44672 bytes,    2712408 total
[2020-08-27T11:17:34.406+0000][21728][gc,phases    ] GC(653)   Pre Evacuate Collection Set: 0.4ms
[2020-08-27T11:17:34.406+0000][21728][gc,phases    ] GC(653)   Merge Heap Roots: 0.1ms
[2020-08-27T11:17:34.406+0000][21728][gc,phases    ] GC(653)   Evacuate Collection Set: 2.0ms
[2020-08-27T11:17:34.406+0000][21728][gc,phases    ] GC(653)   Post Evacuate Collection Set: 0.7ms
[2020-08-27T11:17:34.406+0000][21728][gc,phases    ] GC(653)   Other: 1.0ms
[2020-08-27T11:17:34.406+0000][21728][gc,heap      ] GC(653) Eden regions: 38->0(498)
[2020-08-27T11:17:34.406+0000][21728][gc,heap      ] GC(653) Survivor regions: 3->3(63)
[2020-08-27T11:17:34.406+0000][21728][gc,heap      ] GC(653) Old regions: 82->82
[2020-08-27T11:17:34.406+0000][21728][gc,heap      ] GC(653) Archive regions: 0->0
[2020-08-27T11:17:34.406+0000][21728][gc,heap      ] GC(653) Humongous regions: 258->174
[2020-08-27T11:17:34.406+0000][21728][gc,metaspace ] GC(653) Metaspace: 88859K(94976K)->88859K(94976K) NonClass: 77597K(81152K)->77597K(81152K) Class: 11262K(13824K)->11262K(13824K)
[2020-08-27T11:17:34.406+0000][21728][gc           ] GC(653) Pause Young (Concurrent Start) (G1 Humongous Allocation) 379M->257M(1024M) 4.442ms
[2020-08-27T11:17:34.406+0000][21728][gc,cpu       ] GC(653) User=0.00s Sys=0.00s Real=0.00s
[2020-08-27T11:17:34.406+0000][21728][safepoint    ] Safepoint "G1TryInitiateConcMark", Time since last: 176858100 ns, Reaching safepoint: 159200 ns, At safepoint: 4600500 ns, Total: 4759700 ns
[2020-08-27T11:17:34.406+0000][21728][gc           ] GC(654) Concurrent Cycle
[2020-08-27T11:17:34.406+0000][21728][gc,marking   ] GC(654) Concurrent Clear Claimed Marks
[2020-08-27T11:17:34.407+0000][21728][gc,marking   ] GC(654) Concurrent Clear Claimed Marks 0.444ms
[2020-08-27T11:17:34.408+0000][21728][gc,marking   ] GC(654) Concurrent Scan Root Regions
[2020-08-27T11:17:34.410+0000][21728][gc,marking   ] GC(654) Concurrent Scan Root Regions 2.740ms
[2020-08-27T11:17:34.410+0000][21728][gc,marking   ] GC(654) Concurrent Mark (172.367s)
[2020-08-27T11:17:34.410+0000][21728][gc,marking   ] GC(654) Concurrent Mark From Roots
[2020-08-27T11:17:34.410+0000][21728][gc,task      ] GC(654) Using 2 workers of 2 for marking
[2020-08-27T11:17:34.553+0000][21728][gc,marking   ] GC(654) Concurrent Mark From Roots 142.703ms
[2020-08-27T11:17:34.553+0000][21728][gc,marking   ] GC(654) Concurrent Preclean
[2020-08-27T11:17:34.553+0000][21728][gc,marking   ] GC(654) Concurrent Preclean 0.416ms
[2020-08-27T11:17:34.553+0000][21728][gc,marking   ] GC(654) Concurrent Mark (172.367s, 172.510s) 143.286ms
[2020-08-27T11:17:34.554+0000][21728][gc,start     ] GC(654) Pause Remark
[2020-08-27T11:17:34.560+0000][21728][gc           ] GC(654) Pause Remark 311M->311M(1024M) 6.757ms
[2020-08-27T11:17:34.560+0000][21728][gc,cpu       ] GC(654) User=0.00s Sys=0.00s Real=0.01s
[2020-08-27T11:17:34.561+0000][21728][safepoint    ] Safepoint "G1Concurrent", Time since last: 147300800 ns, Reaching safepoint: 153500 ns, At safepoint: 6994800 ns, Total: 7148300 ns
[2020-08-27T11:17:34.561+0000][21728][gc,marking   ] GC(654) Concurrent Rebuild Remembered Sets
[2020-08-27T11:17:34.647+0000][21728][gc,marking   ] GC(654) Concurrent Rebuild Remembered Sets 85.954ms
[2020-08-27T11:17:34.647+0000][21728][gc,start     ] GC(654) Pause Cleanup
[2020-08-27T11:17:34.647+0000][21728][gc           ] GC(654) Pause Cleanup 315M->315M(1024M) 0.324ms
[2020-08-27T11:17:34.647+0000][21728][gc,cpu       ] GC(654) User=0.00s Sys=0.00s Real=0.00s
[2020-08-27T11:17:34.647+0000][21728][safepoint    ] Safepoint "G1Concurrent", Time since last: 86136500 ns, Reaching safepoint: 127100 ns, At safepoint: 515700 ns, Total: 642800 ns
[2020-08-27T11:17:34.647+0000][21728][gc,marking   ] GC(654) Concurrent Cleanup for Next Mark
[2020-08-27T11:17:34.649+0000][21728][gc,marking   ] GC(654) Concurrent Cleanup for Next Mark 1.770ms
[2020-08-27T11:17:34.649+0000][21728][gc           ] GC(654) Concurrent Cycle 243.236ms
[2020-08-27T11:17:34.680+0000][21728][gc,start     ] GC(655) Pause Young (Concurrent Start) (G1 Humongous Allocation)
[2020-08-27T11:17:34.680+0000][21728][gc,task      ] GC(655) Using 8 workers of 8 for evacuation
[2020-08-27T11:17:34.680+0000][21728][gc,age       ] GC(655) Desired survivor size 33030144 bytes, new threshold 15 (max threshold 15)
[2020-08-27T11:17:34.683+0000][21728][gc,age       ] GC(655) Age table with threshold 15 (max threshold 15)
[2020-08-27T11:17:34.684+0000][21728][gc,age       ] GC(655) - age   1:    2099832 bytes,    2099832 total
[2020-08-27T11:17:34.684+0000][21728][gc,age       ] GC(655) - age   2:       3344 bytes,    2103176 total
[2020-08-27T11:17:34.684+0000][21728][gc,age       ] GC(655) - age   3:      11376 bytes,    2114552 total
[2020-08-27T11:17:34.684+0000][21728][gc,age       ] GC(655) - age   4:       9752 bytes,    2124304 total
[2020-08-27T11:17:34.684+0000][21728][gc,age       ] GC(655) - age   5:      40120 bytes,    2164424 total
[2020-08-27T11:17:34.684+0000][21728][gc,age       ] GC(655) - age   6:        864 bytes,    2165288 total
[2020-08-27T11:17:34.684+0000][21728][gc,age       ] GC(655) - age   7:        888 bytes,    2166176 total
[2020-08-27T11:17:34.684+0000][21728][gc,age       ] GC(655) - age   8:        480 bytes,    2166656 total
[2020-08-27T11:17:34.684+0000][21728][gc,age       ] GC(655) - age   9:        512 bytes,    2167168 total
[2020-08-27T11:17:34.684+0000][21728][gc,age       ] GC(655) - age  10:        312 bytes,    2167480 total
[2020-08-27T11:17:34.684+0000][21728][gc,age       ] GC(655) - age  11:        664 bytes,    2168144 total
[2020-08-27T11:17:34.684+0000][21728][gc,age       ] GC(655) - age  12:        344 bytes,    2168488 total
[2020-08-27T11:17:34.684+0000][21728][gc,age       ] GC(655) - age  13:        480 bytes,    2168968 total
[2020-08-27T11:17:34.684+0000][21728][gc,age       ] GC(655) - age  14:       1232 bytes,    2170200 total
[2020-08-27T11:17:34.684+0000][21728][gc,age       ] GC(655) - age  15:       8032 bytes,    2178232 total
[2020-08-27T11:17:34.684+0000][21728][gc,phases    ] GC(655)   Pre Evacuate Collection Set: 0.5ms
[2020-08-27T11:17:34.684+0000][21728][gc,phases    ] GC(655)   Merge Heap Roots: 0.1ms
[2020-08-27T11:17:34.684+0000][21728][gc,phases    ] GC(655)   Evacuate Collection Set: 2.0ms
[2020-08-27T11:17:34.684+0000][21728][gc,phases    ] GC(655)   Post Evacuate Collection Set: 0.6ms
[2020-08-27T11:17:34.684+0000][21728][gc,phases    ] GC(655)   Other: 0.8ms
[2020-08-27T11:17:34.684+0000][21728][gc,heap      ] GC(655) Eden regions: 21->0(499)
[2020-08-27T11:17:34.684+0000][21728][gc,heap      ] GC(655) Survivor regions: 3->3(63)
[2020-08-27T11:17:34.684+0000][21728][gc,heap      ] GC(655) Old regions: 82->82
[2020-08-27T11:17:34.684+0000][21728][gc,heap      ] GC(655) Archive regions: 0->0
[2020-08-27T11:17:34.684+0000][21728][gc,heap      ] GC(655) Humongous regions: 225->174
[2020-08-27T11:17:34.684+0000][21728][gc,metaspace ] GC(655) Metaspace: 88859K(94976K)->88859K(94976K) NonClass: 77597K(81152K)->77597K(81152K) Class: 11262K(13824K)->11262K(13824K)
[2020-08-27T11:17:34.684+0000][21728][gc           ] GC(655) Pause Young (Concurrent Start) (G1 Humongous Allocation) 329M->257M(1024M) 4.163ms
[2020-08-27T11:17:34.684+0000][21728][gc,cpu       ] GC(655) User=0.00s Sys=0.00s Real=0.00s
[2020-08-27T11:17:34.684+0000][21728][gc           ] GC(656) Concurrent Cycle
[2020-08-27T11:17:34.684+0000][21728][safepoint    ] Safepoint "G1TryInitiateConcMark", Time since last: 32393700 ns, Reaching safepoint: 199800 ns, At safepoint: 4377100 ns, Total: 4576900 ns
[2020-08-27T11:17:34.684+0000][21728][gc,marking   ] GC(656) Concurrent Clear Claimed Marks
[2020-08-27T11:17:34.685+0000][21728][gc,marking   ] GC(656) Concurrent Clear Claimed Marks 0.793ms
[2020-08-27T11:17:34.685+0000][21728][gc,marking   ] GC(656) Concurrent Scan Root Regions
[2020-08-27T11:17:34.688+0000][21728][gc,marking   ] GC(656) Concurrent Scan Root Regions 2.719ms
[2020-08-27T11:17:34.688+0000][21728][gc,marking   ] GC(656) Concurrent Mark (172.645s)
[2020-08-27T11:17:34.688+0000][21728][gc,marking   ] GC(656) Concurrent Mark From Roots
[2020-08-27T11:17:34.688+0000][21728][gc,task      ] GC(656) Using 2 workers of 2 for marking
[2020-08-27T11:17:34.823+0000][21728][gc,marking   ] GC(656) Concurrent Mark From Roots 134.710ms
[2020-08-27T11:17:34.823+0000][21728][gc,marking   ] GC(656) Concurrent Preclean
[2020-08-27T11:17:34.823+0000][21728][gc,marking   ] GC(656) Concurrent Preclean 0.434ms
[2020-08-27T11:17:34.823+0000][21728][gc,marking   ] GC(656) Concurrent Mark (172.645s, 172.780s) 135.329ms
[2020-08-27T11:17:34.824+0000][21728][gc,start     ] GC(656) Pause Remark
[2020-08-27T11:17:34.830+0000][21728][gc           ] GC(656) Pause Remark 302M->302M(1024M) 6.055ms
[2020-08-27T11:17:34.830+0000][21728][gc,cpu       ] GC(656) User=0.13s Sys=0.00s Real=0.01s
[2020-08-27T11:17:34.830+0000][21728][safepoint    ] Safepoint "G1Concurrent", Time since last: 139138000 ns, Reaching safepoint: 180400 ns, At safepoint: 6268600 ns, Total: 6449000 ns
[2020-08-27T11:17:34.830+0000][21728][gc,marking   ] GC(656) Concurrent Rebuild Remembered Sets
[2020-08-27T11:17:34.906+0000][21728][gc,marking   ] GC(656) Concurrent Rebuild Remembered Sets 75.922ms
[2020-08-27T11:17:34.906+0000][21728][gc,start     ] GC(656) Pause Cleanup
[2020-08-27T11:17:34.907+0000][21728][gc           ] GC(656) Pause Cleanup 363M->363M(1024M) 0.322ms
[2020-08-27T11:17:34.907+0000][21728][gc,cpu       ] GC(656) User=0.02s Sys=0.00s Real=0.00s
[2020-08-27T11:17:34.907+0000][21728][safepoint    ] Safepoint "G1Concurrent", Time since last: 76097500 ns, Reaching safepoint: 169300 ns, At safepoint: 513400 ns, Total: 682700 ns
[2020-08-27T11:17:34.907+0000][21728][gc,marking   ] GC(656) Concurrent Cleanup for Next Mark
[2020-08-27T11:17:34.909+0000][21728][gc,marking   ] GC(656) Concurrent Cleanup for Next Mark 1.816ms
[2020-08-27T11:17:34.909+0000][21728][gc           ] GC(656) Concurrent Cycle 224.372ms
[2020-08-27T11:17:35.064+0000][21728][gc,start     ] GC(657) Pause Young (Concurrent Start) (G1 Humongous Allocation)
[2020-08-27T11:17:35.065+0000][21728][gc,task      ] GC(657) Using 8 workers of 8 for evacuation
[2020-08-27T11:17:35.065+0000][21728][gc,age       ] GC(657) Desired survivor size 33030144 bytes, new threshold 15 (max threshold 15)
[2020-08-27T11:17:35.068+0000][21728][gc,age       ] GC(657) Age table with threshold 15 (max threshold 15)
[2020-08-27T11:17:35.068+0000][21728][gc,age       ] GC(657) - age   1:    2372032 bytes,    2372032 total
[2020-08-27T11:17:35.068+0000][21728][gc,age       ] GC(657) - age   2:       4296 bytes,    2376328 total
[2020-08-27T11:17:35.068+0000][21728][gc,age       ] GC(657) - age   3:       2952 bytes,    2379280 total
[2020-08-27T11:17:35.068+0000][21728][gc,age       ] GC(657) - age   4:       9968 bytes,    2389248 total
[2020-08-27T11:17:35.068+0000][21728][gc,age       ] GC(657) - age   5:       9656 bytes,    2398904 total
[2020-08-27T11:17:35.068+0000][21728][gc,age       ] GC(657) - age   6:      36864 bytes,    2435768 total
[2020-08-27T11:17:35.068+0000][21728][gc,age       ] GC(657) - age   7:        768 bytes,    2436536 total
[2020-08-27T11:17:35.068+0000][21728][gc,age       ] GC(657) - age   8:        888 bytes,    2437424 total
[2020-08-27T11:17:35.068+0000][21728][gc,age       ] GC(657) - age   9:        224 bytes,    2437648 total
[2020-08-27T11:17:35.068+0000][21728][gc,age       ] GC(657) - age  10:        512 bytes,    2438160 total
[2020-08-27T11:17:35.068+0000][21728][gc,age       ] GC(657) - age  11:        312 bytes,    2438472 total
[2020-08-27T11:17:35.068+0000][21728][gc,age       ] GC(657) - age  12:        568 bytes,    2439040 total
[2020-08-27T11:17:35.068+0000][21728][gc,age       ] GC(657) - age  13:        344 bytes,    2439384 total
[2020-08-27T11:17:35.068+0000][21728][gc,age       ] GC(657) - age  14:        480 bytes,    2439864 total
[2020-08-27T11:17:35.068+0000][21728][gc,age       ] GC(657) - age  15:       1232 bytes,    2441096 total
[2020-08-27T11:17:35.068+0000][21728][gc,phases    ] GC(657)   Pre Evacuate Collection Set: 0.4ms
[2020-08-27T11:17:35.068+0000][21728][gc,phases    ] GC(657)   Merge Heap Roots: 0.1ms
[2020-08-27T11:17:35.068+0000][21728][gc,phases    ] GC(657)   Evacuate Collection Set: 1.9ms
[2020-08-27T11:17:35.068+0000][21728][gc,phases    ] GC(657)   Post Evacuate Collection Set: 0.8ms
[2020-08-27T11:17:35.068+0000][21728][gc,phases    ] GC(657)   Other: 0.6ms
[2020-08-27T11:17:35.068+0000][21728][gc,heap      ] GC(657) Eden regions: 37->0(500)
[2020-08-27T11:17:35.068+0000][21728][gc,heap      ] GC(657) Survivor regions: 3->3(63)
[2020-08-27T11:17:35.068+0000][21728][gc,heap      ] GC(657) Old regions: 82->82
[2020-08-27T11:17:35.068+0000][21728][gc,heap      ] GC(657) Archive regions: 0->0
[2020-08-27T11:17:35.068+0000][21728][gc,heap      ] GC(657) Humongous regions: 253->174
[2020-08-27T11:17:35.068+0000][21728][gc,metaspace ] GC(657) Metaspace: 88875K(94976K)->88875K(94976K) NonClass: 77611K(81152K)->77611K(81152K) Class: 11263K(13824K)->11263K(13824K)
[2020-08-27T11:17:35.069+0000][21728][gc           ] GC(657) Pause Young (Concurrent Start) (G1 Humongous Allocation) 373M->257M(1024M) 4.059ms
[2020-08-27T11:17:35.069+0000][21728][gc,cpu       ] GC(657) User=0.00s Sys=0.00s Real=0.01s
[2020-08-27T11:17:35.069+0000][21728][safepoint    ] Safepoint "G1TryInitiateConcMark", Time since last: 157572200 ns, Reaching safepoint: 137200 ns, At safepoint: 4191000 ns, Total: 4328200 ns
[2020-08-27T11:17:35.069+0000][21728][gc           ] GC(658) Concurrent Cycle
[2020-08-27T11:17:35.069+0000][21728][gc,marking   ] GC(658) Concurrent Clear Claimed Marks
[2020-08-27T11:17:35.069+0000][21728][gc,marking   ] GC(658) Concurrent Clear Claimed Marks 0.377ms
[2020-08-27T11:17:35.069+0000][21728][gc,marking   ] GC(658) Concurrent Scan Root Regions
[2020-08-27T11:17:35.071+0000][21728][gc,marking   ] GC(658) Concurrent Scan Root Regions 1.774ms
[2020-08-27T11:17:35.071+0000][21728][gc,marking   ] GC(658) Concurrent Mark (173.027s)
[2020-08-27T11:17:35.071+0000][21728][gc,marking   ] GC(658) Concurrent Mark From Roots
[2020-08-27T11:17:35.071+0000][21728][gc,task      ] GC(658) Using 2 workers of 2 for marking
[2020-08-27T11:17:35.201+0000][21728][gc,marking   ] GC(658) Concurrent Mark From Roots 129.809ms
[2020-08-27T11:17:35.201+0000][21728][gc,marking   ] GC(658) Concurrent Preclean
[2020-08-27T11:17:35.201+0000][21728][gc,marking   ] GC(658) Concurrent Preclean 0.335ms
[2020-08-27T11:17:35.201+0000][21728][gc,marking   ] GC(658) Concurrent Mark (173.027s, 173.158s) 130.265ms
[2020-08-27T11:17:35.201+0000][21728][gc,start     ] GC(658) Pause Remark
[2020-08-27T11:17:35.208+0000][21728][gc           ] GC(658) Pause Remark 311M->311M(1024M) 5.998ms
[2020-08-27T11:17:35.208+0000][21728][gc,cpu       ] GC(658) User=0.11s Sys=0.00s Real=0.01s
[2020-08-27T11:17:35.208+0000][21728][safepoint    ] Safepoint "G1Concurrent", Time since last: 132740700 ns, Reaching safepoint: 129500 ns, At safepoint: 6183400 ns, Total: 6312900 ns
[2020-08-27T11:17:35.208+0000][21728][gc,marking   ] GC(658) Concurrent Rebuild Remembered Sets
[2020-08-27T11:17:35.286+0000][21728][gc,marking   ] GC(658) Concurrent Rebuild Remembered Sets 78.482ms
[2020-08-27T11:17:35.286+0000][21728][gc,start     ] GC(658) Pause Cleanup
[2020-08-27T11:17:35.287+0000][21728][gc           ] GC(658) Pause Cleanup 315M->315M(1024M) 0.232ms
[2020-08-27T11:17:35.287+0000][21728][gc,cpu       ] GC(658) User=0.00s Sys=0.00s Real=0.00s
[2020-08-27T11:17:35.287+0000][21728][safepoint    ] Safepoint "G1Concurrent", Time since last: 78637300 ns, Reaching safepoint: 131800 ns, At safepoint: 355300 ns, Total: 487100 ns
[2020-08-27T11:17:35.287+0000][21728][gc,marking   ] GC(658) Concurrent Cleanup for Next Mark
[2020-08-27T11:17:35.288+0000][21728][gc,marking   ] GC(658) Concurrent Cleanup for Next Mark 1.285ms
[2020-08-27T11:17:35.288+0000][21728][gc           ] GC(658) Concurrent Cycle 219.610ms
[2020-08-27T11:17:35.323+0000][21728][gc,start     ] GC(659) Pause Young (Concurrent Start) (G1 Humongous Allocation)
[2020-08-27T11:17:35.323+0000][21728][gc,task      ] GC(659) Using 8 workers of 8 for evacuation
[2020-08-27T11:17:35.323+0000][21728][gc,age       ] GC(659) Desired survivor size 33030144 bytes, new threshold 15 (max threshold 15)
[2020-08-27T11:17:35.328+0000][21728][gc,age       ] GC(659) Age table with threshold 15 (max threshold 15)
[2020-08-27T11:17:35.329+0000][21728][gc,age       ] GC(659) - age   1:   12860168 bytes,   12860168 total
[2020-08-27T11:17:35.329+0000][21728][gc,age       ] GC(659) - age   2:      11624 bytes,   12871792 total
[2020-08-27T11:17:35.329+0000][21728][gc,age       ] GC(659) - age   3:       3832 bytes,   12875624 total
[2020-08-27T11:17:35.329+0000][21728][gc,age       ] GC(659) - age   4:       1040 bytes,   12876664 total
[2020-08-27T11:17:35.329+0000][21728][gc,age       ] GC(659) - age   5:       9320 bytes,   12885984 total
[2020-08-27T11:17:35.329+0000][21728][gc,age       ] GC(659) - age   6:       7032 bytes,   12893016 total
[2020-08-27T11:17:35.329+0000][21728][gc,age       ] GC(659) - age   7:      36016 bytes,   12929032 total
[2020-08-27T11:17:35.329+0000][21728][gc,age       ] GC(659) - age   8:        704 bytes,   12929736 total
[2020-08-27T11:17:35.329+0000][21728][gc,age       ] GC(659) - age   9:        888 bytes,   12930624 total
[2020-08-27T11:17:35.329+0000][21728][gc,age       ] GC(659) - age  10:        160 bytes,   12930784 total
[2020-08-27T11:17:35.329+0000][21728][gc,age       ] GC(659) - age  11:        384 bytes,   12931168 total
[2020-08-27T11:17:35.329+0000][21728][gc,age       ] GC(659) - age  12:        312 bytes,   12931480 total
[2020-08-27T11:17:35.329+0000][21728][gc,age       ] GC(659) - age  13:        504 bytes,   12931984 total
[2020-08-27T11:17:35.329+0000][21728][gc,age       ] GC(659) - age  14:        280 bytes,   12932264 total
[2020-08-27T11:17:35.329+0000][21728][gc,age       ] GC(659) - age  15:        288 bytes,   12932552 total
[2020-08-27T11:17:35.329+0000][21728][gc,phases    ] GC(659)   Pre Evacuate Collection Set: 0.6ms
[2020-08-27T11:17:35.329+0000][21728][gc,phases    ] GC(659)   Merge Heap Roots: 0.1ms
[2020-08-27T11:17:35.329+0000][21728][gc,phases    ] GC(659)   Evacuate Collection Set: 3.8ms
[2020-08-27T11:17:35.329+0000][21728][gc,phases    ] GC(659)   Post Evacuate Collection Set: 0.9ms
[2020-08-27T11:17:35.329+0000][21728][gc,phases    ] GC(659)   Other: 1.1ms
[2020-08-27T11:17:35.329+0000][21728][gc,heap      ] GC(659) Eden regions: 39->0(480)
[2020-08-27T11:17:35.329+0000][21728][gc,heap      ] GC(659) Survivor regions: 3->13(63)
[2020-08-27T11:17:35.329+0000][21728][gc,heap      ] GC(659) Old regions: 82->82
[2020-08-27T11:17:35.329+0000][21728][gc,heap      ] GC(659) Archive regions: 0->0
[2020-08-27T11:17:35.329+0000][21728][gc,heap      ] GC(659) Humongous regions: 225->174
[2020-08-27T11:17:35.329+0000][21728][gc,metaspace ] GC(659) Metaspace: 88875K(94976K)->88875K(94976K) NonClass: 77611K(81152K)->77611K(81152K) Class: 11263K(13824K)->11263K(13824K)
[2020-08-27T11:17:35.329+0000][21728][gc           ] GC(659) Pause Young (Concurrent Start) (G1 Humongous Allocation) 347M->267M(1024M) 6.693ms
[2020-08-27T11:17:35.329+0000][21728][gc,cpu       ] GC(659) User=0.00s Sys=0.02s Real=0.01s
[2020-08-27T11:17:35.330+0000][21728][gc           ] GC(660) Concurrent Cycle
[2020-08-27T11:17:35.330+0000][21728][safepoint    ] Safepoint "G1TryInitiateConcMark", Time since last: 35572800 ns, Reaching safepoint: 258000 ns, At safepoint: 6939400 ns, Total: 7197400 ns
[2020-08-27T11:17:35.330+0000][21728][gc,marking   ] GC(660) Concurrent Clear Claimed Marks
[2020-08-27T11:17:35.330+0000][21728][safepoint    ] Safepoint "G1TryInitiateConcMark", Time since last: 186400 ns, Reaching safepoint: 171100 ns, At safepoint: 23000 ns, Total: 194100 ns
[2020-08-27T11:17:35.330+0000][21728][gc,marking   ] GC(660) Concurrent Clear Claimed Marks 0.395ms
[2020-08-27T11:17:35.330+0000][21728][gc,marking   ] GC(660) Concurrent Scan Root Regions
[2020-08-27T11:17:35.334+0000][21728][gc,marking   ] GC(660) Concurrent Scan Root Regions 3.821ms
[2020-08-27T11:17:35.334+0000][21728][gc,marking   ] GC(660) Concurrent Mark (173.290s)
[2020-08-27T11:17:35.334+0000][21728][gc,marking   ] GC(660) Concurrent Mark From Roots
[2020-08-27T11:17:35.334+0000][21728][gc,task      ] GC(660) Using 2 workers of 2 for marking
