[2020-09-28T08:42:18.319+0000][30964][gc,heap] Heap region size: 1M
[2020-09-28T08:42:18.319+0000][30964][gc,heap,coops] Heap address: 0x00000000c0000000, size: 1024 MB, Compressed Oops mode: 32-bit
[2020-09-28T08:42:18.858+0000][30964][gc           ] Using G1
[2020-09-28T08:42:18.880+0000][30964][gc           ] Periodic GC disabled
[2020-09-28T08:42:19.677+0000][30964][safepoint    ] Safepoint "ICBufferFull", Time since last: 808188000 ns, Reaching safepoint: 240100 ns, At safepoint: 18200 ns, Total: 258300 ns
[2020-09-28T08:42:21.107+0000][30964][safepoint    ] Safepoint "Cleanup", Time since last: 1429353500 ns, Reaching safepoint: 166100 ns, At safepoint: 3200 ns, Total: 169300 ns
[2020-09-28T08:42:22.099+0000][30964][gc,start     ] GC(0) Pause Young (Normal) (G1 Evacuation Pause)
[2020-09-28T08:42:22.100+0000][30964][gc,task      ] GC(0) Using 8 workers of 8 for evacuation
[2020-09-28T08:42:22.100+0000][30964][gc,age       ] GC(0) Desired survivor size 3670016 bytes, new threshold 15 (max threshold 15)
[2020-09-28T08:42:22.124+0000][30964][gc,age       ] GC(0) Age table with threshold 15 (max threshold 15)
[2020-09-28T08:42:22.125+0000][30964][gc,age       ] GC(0) - age   1:    5092552 bytes,    5092552 total
[2020-09-28T08:42:22.125+0000][30964][gc,phases    ] GC(0)   Pre Evacuate Collection Set: 0.2ms
[2020-09-28T08:42:22.125+0000][30964][gc,phases    ] GC(0)   Merge Heap Roots: 0.1ms
[2020-09-28T08:42:22.125+0000][30964][gc,phases    ] GC(0)   Evacuate Collection Set: 21.5ms
[2020-09-28T08:42:22.125+0000][30964][gc,phases    ] GC(0)   Post Evacuate Collection Set: 1.9ms
[2020-09-28T08:42:22.125+0000][30964][gc,phases    ] GC(0)   Other: 1.6ms
[2020-09-28T08:42:22.125+0000][30964][gc,heap      ] GC(0) Eden regions: 51->0(55)
[2020-09-28T08:42:22.125+0000][30964][gc,heap      ] GC(0) Survivor regions: 0->5(7)
[2020-09-28T08:42:22.125+0000][30964][gc,heap      ] GC(0) Old regions: 0->0
[2020-09-28T08:42:22.125+0000][30964][gc,heap      ] GC(0) Archive regions: 0->0
[2020-09-28T08:42:22.125+0000][30964][gc,heap      ] GC(0) Humongous regions: 1->1
[2020-09-28T08:42:22.125+0000][30964][gc,metaspace ] GC(0) Metaspace: 12464K(13056K)->12464K(13056K) NonClass: 10943K(11264K)->10943K(11264K) Class: 1521K(1792K)->1521K(1792K)
[2020-09-28T08:42:22.126+0000][30964][gc           ] GC(0) Pause Young (Normal) (G1 Evacuation Pause) 52M->5M(1024M) 26.168ms
[2020-09-28T08:42:22.126+0000][30964][gc,cpu       ] GC(0) User=0.06s Sys=0.00s Real=0.03s
[2020-09-28T08:42:22.126+0000][30964][safepoint    ] Safepoint "G1CollectForAllocation", Time since last: 992403200 ns, Reaching safepoint: 285600 ns, At safepoint: 26436000 ns, Total: 26721600 ns
[2020-09-28T08:42:23.143+0000][30964][safepoint    ] Safepoint "Cleanup", Time since last: 1016484300 ns, Reaching safepoint: 392600 ns, At safepoint: 16500 ns, Total: 409100 ns
[2020-09-28T08:42:23.255+0000][30964][safepoint    ] Safepoint "BulkRevokeBias", Time since last: 112245200 ns, Reaching safepoint: 187800 ns, At safepoint: 169300 ns, Total: 357100 ns
[2020-09-28T08:42:23.739+0000][30964][gc,start     ] GC(1) Pause Young (Normal) (G1 Evacuation Pause)
[2020-09-28T08:42:23.739+0000][30964][gc,task      ] GC(1) Using 8 workers of 8 for evacuation
[2020-09-28T08:42:23.740+0000][30964][gc,age       ] GC(1) Desired survivor size 4194304 bytes, new threshold 1 (max threshold 15)
[2020-09-28T08:42:23.749+0000][30964][gc,age       ] GC(1) Age table with threshold 1 (max threshold 15)
[2020-09-28T08:42:23.749+0000][30964][gc,age       ] GC(1) - age   1:    1224384 bytes,    1224384 total
[2020-09-28T08:42:23.749+0000][30964][gc,phases    ] GC(1)   Pre Evacuate Collection Set: 0.1ms
[2020-09-28T08:42:23.749+0000][30964][gc,phases    ] GC(1)   Merge Heap Roots: 0.1ms
[2020-09-28T08:42:23.749+0000][30964][gc,phases    ] GC(1)   Evacuate Collection Set: 8.2ms
[2020-09-28T08:42:23.749+0000][30964][gc,phases    ] GC(1)   Post Evacuate Collection Set: 0.9ms
[2020-09-28T08:42:23.750+0000][30964][gc,phases    ] GC(1)   Other: 0.6ms
[2020-09-28T08:42:23.750+0000][30964][gc,heap      ] GC(1) Eden regions: 55->0(612)
[2020-09-28T08:42:23.750+0000][30964][gc,heap      ] GC(1) Survivor regions: 5->2(8)
[2020-09-28T08:42:23.750+0000][30964][gc,heap      ] GC(1) Old regions: 0->5
[2020-09-28T08:42:23.750+0000][30964][gc,heap      ] GC(1) Archive regions: 0->0
[2020-09-28T08:42:23.750+0000][30964][gc,heap      ] GC(1) Humongous regions: 1->1
[2020-09-28T08:42:23.750+0000][30964][gc,metaspace ] GC(1) Metaspace: 14893K(15616K)->14893K(15616K) NonClass: 13111K(13568K)->13111K(13568K) Class: 1782K(2048K)->1782K(2048K)
[2020-09-28T08:42:23.750+0000][30964][gc           ] GC(1) Pause Young (Normal) (G1 Evacuation Pause) 60M->7M(1024M) 10.649ms
[2020-09-28T08:42:23.750+0000][30964][gc,cpu       ] GC(1) User=0.09s Sys=0.00s Real=0.01s
[2020-09-28T08:42:23.750+0000][30964][safepoint    ] Safepoint "G1CollectForAllocation", Time since last: 483812000 ns, Reaching safepoint: 130800 ns, At safepoint: 10807500 ns, Total: 10938300 ns
[2020-09-28T08:42:23.751+0000][30964][safepoint    ] Safepoint "BulkRevokeBias", Time since last: 673400 ns, Reaching safepoint: 133200 ns, At safepoint: 216900 ns, Total: 350100 ns
[2020-09-28T08:42:23.755+0000][30964][safepoint    ] Safepoint "BulkRevokeBias", Time since last: 3800200 ns, Reaching safepoint: 244000 ns, At safepoint: 143400 ns, Total: 387400 ns
[2020-09-28T08:42:23.756+0000][30964][safepoint    ] Safepoint "BulkRevokeBias", Time since last: 210100 ns, Reaching safepoint: 66900 ns, At safepoint: 113600 ns, Total: 180500 ns
[2020-09-28T08:42:24.693+0000][30964][safepoint    ] Safepoint "ICBufferFull", Time since last: 936970100 ns, Reaching safepoint: 211900 ns, At safepoint: 5900 ns, Total: 217800 ns
[2020-09-28T08:42:25.431+0000][30964][gc,start     ] GC(2) Pause Young (Concurrent Start) (Metadata GC Threshold)
[2020-09-28T08:42:25.431+0000][30964][gc,task      ] GC(2) Using 8 workers of 8 for evacuation
[2020-09-28T08:42:25.431+0000][30964][gc,age       ] GC(2) Desired survivor size 40370176 bytes, new threshold 15 (max threshold 15)
[2020-09-28T08:42:25.439+0000][30964][gc,age       ] GC(2) Age table with threshold 15 (max threshold 15)
[2020-09-28T08:42:25.439+0000][30964][gc,age       ] GC(2) - age   1:    6402504 bytes,    6402504 total
[2020-09-28T08:42:25.439+0000][30964][gc,age       ] GC(2) - age   2:    1193984 bytes,    7596488 total
[2020-09-28T08:42:25.439+0000][30964][gc,phases    ] GC(2)   Pre Evacuate Collection Set: 0.2ms
[2020-09-28T08:42:25.439+0000][30964][gc,phases    ] GC(2)   Merge Heap Roots: 0.1ms
[2020-09-28T08:42:25.439+0000][30964][gc,phases    ] GC(2)   Evacuate Collection Set: 5.4ms
[2020-09-28T08:42:25.439+0000][30964][gc,phases    ] GC(2)   Post Evacuate Collection Set: 1.1ms
[2020-09-28T08:42:25.439+0000][30964][gc,phases    ] GC(2)   Other: 1.9ms
[2020-09-28T08:42:25.439+0000][30964][gc,heap      ] GC(2) Eden regions: 350->0(474)
[2020-09-28T08:42:25.440+0000][30964][gc,heap      ] GC(2) Survivor regions: 2->8(77)
[2020-09-28T08:42:25.440+0000][30964][gc,heap      ] GC(2) Old regions: 5->5
[2020-09-28T08:42:25.440+0000][30964][gc,heap      ] GC(2) Archive regions: 0->0
[2020-09-28T08:42:25.440+0000][30964][gc,heap      ] GC(2) Humongous regions: 1->1
[2020-09-28T08:42:25.440+0000][30964][gc,metaspace ] GC(2) Metaspace: 20251K(21248K)->20251K(21248K) NonClass: 17835K(18432K)->17835K(18432K) Class: 2416K(2816K)->2416K(2816K)
[2020-09-28T08:42:25.440+0000][30964][gc           ] GC(2) Pause Young (Concurrent Start) (Metadata GC Threshold) 356M->13M(1024M) 9.234ms
[2020-09-28T08:42:25.440+0000][30964][gc,cpu       ] GC(2) User=0.11s Sys=0.00s Real=0.01s
[2020-09-28T08:42:25.440+0000][30964][gc           ] GC(3) Concurrent Cycle
[2020-09-28T08:42:25.440+0000][30964][gc,marking   ] GC(3) Concurrent Clear Claimed Marks
[2020-09-28T08:42:25.440+0000][30964][gc,marking   ] GC(3) Concurrent Clear Claimed Marks 0.081ms
[2020-09-28T08:42:25.440+0000][30964][gc,marking   ] GC(3) Concurrent Scan Root Regions
[2020-09-28T08:42:25.441+0000][30964][safepoint    ] Safepoint "CollectForMetadataAllocation", Time since last: 737069900 ns, Reaching safepoint: 140500 ns, At safepoint: 10270600 ns, Total: 10411100 ns
[2020-09-28T08:42:25.442+0000][30964][safepoint    ] Safepoint "BulkRevokeBias", Time since last: 836900 ns, Reaching safepoint: 134500 ns, At safepoint: 367500 ns, Total: 502000 ns
[2020-09-28T08:42:25.445+0000][30964][gc,marking   ] GC(3) Concurrent Scan Root Regions 4.816ms
[2020-09-28T08:42:25.445+0000][30964][gc,marking   ] GC(3) Concurrent Mark (7.212s)
[2020-09-28T08:42:25.445+0000][30964][gc,marking   ] GC(3) Concurrent Mark From Roots
[2020-09-28T08:42:25.445+0000][30964][gc,task      ] GC(3) Using 2 workers of 2 for marking
[2020-09-28T08:42:25.456+0000][30964][gc,marking   ] GC(3) Concurrent Mark From Roots 11.048ms
[2020-09-28T08:42:25.456+0000][30964][gc,marking   ] GC(3) Concurrent Preclean
[2020-09-28T08:42:25.457+0000][30964][gc,marking   ] GC(3) Concurrent Preclean 0.335ms
[2020-09-28T08:42:25.457+0000][30964][gc,marking   ] GC(3) Concurrent Mark (7.212s, 7.224s) 11.602ms
[2020-09-28T08:42:25.457+0000][30964][gc,start     ] GC(3) Pause Remark
[2020-09-28T08:42:25.460+0000][30964][gc           ] GC(3) Pause Remark 14M->14M(1024M) 3.219ms
[2020-09-28T08:42:25.460+0000][30964][gc,cpu       ] GC(3) User=0.00s Sys=0.00s Real=0.00s
[2020-09-28T08:42:25.461+0000][30964][safepoint    ] Safepoint "BulkRevokeBias", Time since last: 14643100 ns, Reaching safepoint: 190600 ns, At safepoint: 3653000 ns, Total: 3843600 ns
[2020-09-28T08:42:25.461+0000][30964][gc,marking   ] GC(3) Concurrent Rebuild Remembered Sets
[2020-09-28T08:42:25.462+0000][30964][safepoint    ] Safepoint "BulkRevokeBias", Time since last: 72700 ns, Reaching safepoint: 925600 ns, At safepoint: 205300 ns, Total: 1130900 ns
[2020-09-28T08:42:25.463+0000][30964][safepoint    ] Safepoint "BulkRevokeBias", Time since last: 689900 ns, Reaching safepoint: 215600 ns, At safepoint: 167400 ns, Total: 383000 ns
[2020-09-28T08:42:25.467+0000][30964][gc,marking   ] GC(3) Concurrent Rebuild Remembered Sets 6.364ms
[2020-09-28T08:42:25.467+0000][30964][gc,start     ] GC(3) Pause Cleanup
[2020-09-28T08:42:25.468+0000][30964][gc           ] GC(3) Pause Cleanup 14M->14M(1024M) 0.288ms
[2020-09-28T08:42:25.468+0000][30964][gc,cpu       ] GC(3) User=0.00s Sys=0.00s Real=0.00s
[2020-09-28T08:42:25.468+0000][30964][safepoint    ] Safepoint "G1Concurrent", Time since last: 4309000 ns, Reaching safepoint: 66700 ns, At safepoint: 451700 ns, Total: 518400 ns
[2020-09-28T08:42:25.468+0000][30964][gc,marking   ] GC(3) Concurrent Cleanup for Next Mark
[2020-09-28T08:42:25.470+0000][30964][gc,marking   ] GC(3) Concurrent Cleanup for Next Mark 2.162ms
[2020-09-28T08:42:25.470+0000][30964][gc           ] GC(3) Concurrent Cycle 30.120ms
[2020-09-28T08:42:26.866+0000][30964][safepoint    ] Safepoint "Cleanup", Time since last: 1398518000 ns, Reaching safepoint: 124100 ns, At safepoint: 2600 ns, Total: 126700 ns
[2020-09-28T08:42:28.092+0000][30964][safepoint    ] Safepoint "Cleanup", Time since last: 1225604300 ns, Reaching safepoint: 148300 ns, At safepoint: 2200 ns, Total: 150500 ns
[2020-09-28T08:42:28.309+0000][30964][gc,start     ] GC(4) Pause Young (Normal) (G1 Evacuation Pause)
[2020-09-28T08:42:28.309+0000][30964][gc,task      ] GC(4) Using 8 workers of 8 for evacuation
[2020-09-28T08:42:28.309+0000][30964][gc,age       ] GC(4) Desired survivor size 34078720 bytes, new threshold 15 (max threshold 15)
[2020-09-28T08:42:28.317+0000][30964][gc,age       ] GC(4) Age table with threshold 15 (max threshold 15)
[2020-09-28T08:42:28.317+0000][30964][gc,age       ] GC(4) - age   1:    5075552 bytes,    5075552 total
[2020-09-28T08:42:28.317+0000][30964][gc,age       ] GC(4) - age   2:    6288904 bytes,   11364456 total
[2020-09-28T08:42:28.317+0000][30964][gc,age       ] GC(4) - age   3:    1146944 bytes,   12511400 total
[2020-09-28T08:42:28.317+0000][30964][gc,phases    ] GC(4)   Pre Evacuate Collection Set: 0.1ms
[2020-09-28T08:42:28.317+0000][30964][gc,phases    ] GC(4)   Merge Heap Roots: 0.1ms
[2020-09-28T08:42:28.317+0000][30964][gc,phases    ] GC(4)   Evacuate Collection Set: 6.5ms
[2020-09-28T08:42:28.317+0000][30964][gc,phases    ] GC(4)   Post Evacuate Collection Set: 1.1ms
[2020-09-28T08:42:28.317+0000][30964][gc,phases    ] GC(4)   Other: 0.5ms
[2020-09-28T08:42:28.317+0000][30964][gc,heap      ] GC(4) Eden regions: 506->0(601)
[2020-09-28T08:42:28.317+0000][30964][gc,heap      ] GC(4) Survivor regions: 8->13(65)
[2020-09-28T08:42:28.317+0000][30964][gc,heap      ] GC(4) Old regions: 5->5
[2020-09-28T08:42:28.317+0000][30964][gc,heap      ] GC(4) Archive regions: 0->0
[2020-09-28T08:42:28.317+0000][30964][gc,heap      ] GC(4) Humongous regions: 2->1
[2020-09-28T08:42:28.317+0000][30964][gc,metaspace ] GC(4) Metaspace: 27604K(29440K)->27604K(29440K) NonClass: 24246K(25600K)->24246K(25600K) Class: 3357K(3840K)->3357K(3840K)
[2020-09-28T08:42:28.317+0000][30964][gc           ] GC(4) Pause Young (Normal) (G1 Evacuation Pause) 520M->18M(1024M) 8.446ms
[2020-09-28T08:42:28.317+0000][30964][gc,cpu       ] GC(4) User=0.00s Sys=0.00s Real=0.01s
[2020-09-28T08:42:28.317+0000][30964][safepoint    ] Safepoint "G1CollectForAllocation", Time since last: 216848900 ns, Reaching safepoint: 193700 ns, At safepoint: 8569900 ns, Total: 8763600 ns
[2020-09-28T08:42:30.318+0000][30964][safepoint    ] Safepoint "Cleanup", Time since last: 1999950700 ns, Reaching safepoint: 197900 ns, At safepoint: 24200 ns, Total: 222100 ns
[2020-09-28T08:42:31.071+0000][30964][gc,start     ] GC(5) Pause Young (Concurrent Start) (Metadata GC Threshold)
[2020-09-28T08:42:31.071+0000][30964][gc,task      ] GC(5) Using 8 workers of 8 for evacuation
[2020-09-28T08:42:31.071+0000][30964][gc,age       ] GC(5) Desired survivor size 40370176 bytes, new threshold 15 (max threshold 15)
[2020-09-28T08:42:31.106+0000][30964][gc,age       ] GC(5) Age table with threshold 15 (max threshold 15)
[2020-09-28T08:42:31.106+0000][30964][gc,age       ] GC(5) - age   1:   34170720 bytes,   34170720 total
[2020-09-28T08:42:31.106+0000][30964][gc,age       ] GC(5) - age   2:    4950144 bytes,   39120864 total
[2020-09-28T08:42:31.106+0000][30964][gc,age       ] GC(5) - age   3:    6254616 bytes,   45375480 total
[2020-09-28T08:42:31.106+0000][30964][gc,age       ] GC(5) - age   4:    1130960 bytes,   46506440 total
[2020-09-28T08:42:31.106+0000][30964][gc,phases    ] GC(5)   Pre Evacuate Collection Set: 0.2ms
[2020-09-28T08:42:31.106+0000][30964][gc,phases    ] GC(5)   Merge Heap Roots: 0.1ms
[2020-09-28T08:42:31.106+0000][30964][gc,phases    ] GC(5)   Evacuate Collection Set: 32.2ms
[2020-09-28T08:42:31.106+0000][30964][gc,phases    ] GC(5)   Post Evacuate Collection Set: 1.6ms
[2020-09-28T08:42:31.106+0000][30964][gc,phases    ] GC(5)   Other: 0.5ms
[2020-09-28T08:42:31.106+0000][30964][gc,heap      ] GC(5) Eden regions: 205->0(348)
[2020-09-28T08:42:31.106+0000][30964][gc,heap      ] GC(5) Survivor regions: 13->46(77)
[2020-09-28T08:42:31.106+0000][30964][gc,heap      ] GC(5) Old regions: 5->5
[2020-09-28T08:42:31.106+0000][30964][gc,heap      ] GC(5) Archive regions: 0->0
[2020-09-28T08:42:31.106+0000][30964][gc,heap      ] GC(5) Humongous regions: 1->1
[2020-09-28T08:42:31.106+0000][30964][gc,metaspace ] GC(5) Metaspace: 33549K(35840K)->33549K(35840K) NonClass: 29275K(30720K)->29275K(30720K) Class: 4273K(5120K)->4273K(5120K)
[2020-09-28T08:42:31.106+0000][30964][gc           ] GC(5) Pause Young (Concurrent Start) (Metadata GC Threshold) 223M->51M(1024M) 34.962ms
[2020-09-28T08:42:31.106+0000][30964][gc,cpu       ] GC(5) User=0.19s Sys=0.02s Real=0.03s
[2020-09-28T08:42:31.106+0000][30964][gc           ] GC(6) Concurrent Cycle
[2020-09-28T08:42:31.106+0000][30964][gc,marking   ] GC(6) Concurrent Clear Claimed Marks
[2020-09-28T08:42:31.106+0000][30964][gc,marking   ] GC(6) Concurrent Clear Claimed Marks 0.096ms
[2020-09-28T08:42:31.106+0000][30964][gc,marking   ] GC(6) Concurrent Scan Root Regions
[2020-09-28T08:42:31.107+0000][30964][safepoint    ] Safepoint "CollectForMetadataAllocation", Time since last: 752773300 ns, Reaching safepoint: 147600 ns, At safepoint: 35721700 ns, Total: 35869300 ns
[2020-09-28T08:42:31.135+0000][30964][gc,marking   ] GC(6) Concurrent Scan Root Regions 28.416ms
[2020-09-28T08:42:31.135+0000][30964][gc,marking   ] GC(6) Concurrent Mark (12.902s)
[2020-09-28T08:42:31.135+0000][30964][gc,marking   ] GC(6) Concurrent Mark From Roots
[2020-09-28T08:42:31.135+0000][30964][gc,task      ] GC(6) Using 2 workers of 2 for marking
[2020-09-28T08:42:31.143+0000][30964][gc,marking   ] GC(6) Concurrent Mark From Roots 8.800ms
[2020-09-28T08:42:31.143+0000][30964][gc,marking   ] GC(6) Concurrent Preclean
[2020-09-28T08:42:31.144+0000][30964][gc,marking   ] GC(6) Concurrent Preclean 0.302ms
[2020-09-28T08:42:31.144+0000][30964][gc,marking   ] GC(6) Concurrent Mark (12.902s, 12.911s) 9.313ms
[2020-09-28T08:42:31.144+0000][30964][gc,start     ] GC(6) Pause Remark
[2020-09-28T08:42:31.146+0000][30964][gc           ] GC(6) Pause Remark 55M->55M(1024M) 2.346ms
[2020-09-28T08:42:31.146+0000][30964][gc,cpu       ] GC(6) User=0.00s Sys=0.00s Real=0.00s
[2020-09-28T08:42:31.147+0000][30964][safepoint    ] Safepoint "G1Concurrent", Time since last: 37461600 ns, Reaching safepoint: 238400 ns, At safepoint: 2585000 ns, Total: 2823400 ns
[2020-09-28T08:42:31.147+0000][30964][gc,marking   ] GC(6) Concurrent Rebuild Remembered Sets
[2020-09-28T08:42:31.151+0000][30964][gc,marking   ] GC(6) Concurrent Rebuild Remembered Sets 4.820ms
[2020-09-28T08:42:31.152+0000][30964][gc,start     ] GC(6) Pause Cleanup
[2020-09-28T08:42:31.152+0000][30964][gc           ] GC(6) Pause Cleanup 55M->55M(1024M) 0.215ms
[2020-09-28T08:42:31.152+0000][30964][gc,cpu       ] GC(6) User=0.00s Sys=0.00s Real=0.00s
[2020-09-28T08:42:31.152+0000][30964][safepoint    ] Safepoint "G1Concurrent", Time since last: 5016600 ns, Reaching safepoint: 415000 ns, At safepoint: 340800 ns, Total: 755800 ns
[2020-09-28T08:42:31.152+0000][30964][gc,marking   ] GC(6) Concurrent Cleanup for Next Mark
[2020-09-28T08:42:31.155+0000][30964][gc,marking   ] GC(6) Concurrent Cleanup for Next Mark 2.207ms
[2020-09-28T08:42:31.155+0000][30964][gc           ] GC(6) Concurrent Cycle 49.069ms
[2020-09-28T08:42:32.885+0000][30964][safepoint    ] Safepoint "Cleanup", Time since last: 1732341200 ns, Reaching safepoint: 212800 ns, At safepoint: 24700 ns, Total: 237500 ns
[2020-09-28T08:42:33.745+0000][30964][safepoint    ] Safepoint "ICBufferFull", Time since last: 859486700 ns, Reaching safepoint: 182600 ns, At safepoint: 4500 ns, Total: 187100 ns
[2020-09-28T08:42:34.475+0000][30964][safepoint    ] Safepoint "BulkRevokeBias", Time since last: 729339500 ns, Reaching safepoint: 359000 ns, At safepoint: 957500 ns, Total: 1316500 ns
[2020-09-28T08:42:34.480+0000][30964][safepoint    ] Safepoint "BulkRevokeBias", Time since last: 4477800 ns, Reaching safepoint: 86400 ns, At safepoint: 221100 ns, Total: 307500 ns
[2020-09-28T08:42:34.486+0000][30964][safepoint    ] Safepoint "BulkRevokeBias", Time since last: 5951100 ns, Reaching safepoint: 299000 ns, At safepoint: 154000 ns, Total: 453000 ns
[2020-09-28T08:42:35.496+0000][30964][safepoint    ] Safepoint "Cleanup", Time since last: 1009001800 ns, Reaching safepoint: 422700 ns, At safepoint: 78800 ns, Total: 501500 ns
[2020-09-28T08:42:35.655+0000][30964][gc,start     ] GC(7) Pause Young (Concurrent Start) (Metadata GC Threshold)
[2020-09-28T08:42:35.655+0000][30964][gc,task      ] GC(7) Using 8 workers of 8 for evacuation
[2020-09-28T08:42:35.656+0000][30964][gc,age       ] GC(7) Desired survivor size 28311552 bytes, new threshold 1 (max threshold 15)
[2020-09-28T08:42:35.702+0000][30964][gc,age       ] GC(7) Age table with threshold 1 (max threshold 15)
[2020-09-28T08:42:35.702+0000][30964][gc,age       ] GC(7) - age   1:    8771448 bytes,    8771448 total
[2020-09-28T08:42:35.702+0000][30964][gc,phases    ] GC(7)   Pre Evacuate Collection Set: 0.4ms
[2020-09-28T08:42:35.702+0000][30964][gc,phases    ] GC(7)   Merge Heap Roots: 0.1ms
[2020-09-28T08:42:35.702+0000][30964][gc,phases    ] GC(7)   Evacuate Collection Set: 44.4ms
[2020-09-28T08:42:35.702+0000][30964][gc,phases    ] GC(7)   Post Evacuate Collection Set: 1.9ms
[2020-09-28T08:42:35.703+0000][30964][gc,phases    ] GC(7)   Other: 0.5ms
[2020-09-28T08:42:35.703+0000][30964][gc,heap      ] GC(7) Eden regions: 245->0(476)
[2020-09-28T08:42:35.703+0000][30964][gc,heap      ] GC(7) Survivor regions: 46->11(54)
[2020-09-28T08:42:35.703+0000][30964][gc,heap      ] GC(7) Old regions: 5->50
[2020-09-28T08:42:35.703+0000][30964][gc,heap      ] GC(7) Archive regions: 0->0
[2020-09-28T08:42:35.703+0000][30964][gc,heap      ] GC(7) Humongous regions: 1->1
[2020-09-28T08:42:35.703+0000][30964][gc,metaspace ] GC(7) Metaspace: 55987K(60160K)->55987K(60160K) NonClass: 48325K(50816K)->48325K(50816K) Class: 7661K(9344K)->7661K(9344K)
[2020-09-28T08:42:35.703+0000][30964][gc           ] GC(7) Pause Young (Concurrent Start) (Metadata GC Threshold) 296M->61M(1024M) 47.833ms
[2020-09-28T08:42:35.703+0000][30964][gc,cpu       ] GC(7) User=0.34s Sys=0.00s Real=0.05s
[2020-09-28T08:42:35.703+0000][30964][gc           ] GC(8) Concurrent Cycle
[2020-09-28T08:42:35.703+0000][30964][gc,marking   ] GC(8) Concurrent Clear Claimed Marks
[2020-09-28T08:42:35.703+0000][30964][gc,marking   ] GC(8) Concurrent Clear Claimed Marks 0.238ms
[2020-09-28T08:42:35.703+0000][30964][gc,marking   ] GC(8) Concurrent Scan Root Regions
[2020-09-28T08:42:35.704+0000][30964][safepoint    ] Safepoint "CollectForMetadataAllocation", Time since last: 158823900 ns, Reaching safepoint: 105400 ns, At safepoint: 48915100 ns, Total: 49020500 ns
[2020-09-28T08:42:35.739+0000][30964][gc,marking   ] GC(8) Concurrent Scan Root Regions 35.619ms
[2020-09-28T08:42:35.739+0000][30964][gc,marking   ] GC(8) Concurrent Mark (17.506s)
[2020-09-28T08:42:35.739+0000][30964][gc,marking   ] GC(8) Concurrent Mark From Roots
[2020-09-28T08:42:35.739+0000][30964][gc,task      ] GC(8) Using 2 workers of 2 for marking
[2020-09-28T08:42:35.746+0000][30964][safepoint    ] Safepoint "CollectForMetadataAllocation", Time since last: 40927500 ns, Reaching safepoint: 130100 ns, At safepoint: 809200 ns, Total: 939300 ns
[2020-09-28T08:42:35.749+0000][30964][gc,marking   ] GC(8) Concurrent Mark From Roots 10.032ms
[2020-09-28T08:42:35.749+0000][30964][gc,marking   ] GC(8) Concurrent Preclean
[2020-09-28T08:42:35.750+0000][30964][gc,marking   ] GC(8) Concurrent Preclean 0.322ms
[2020-09-28T08:42:35.750+0000][30964][gc,marking   ] GC(8) Concurrent Mark (17.506s, 17.517s) 10.532ms
[2020-09-28T08:42:35.750+0000][30964][gc,start     ] GC(8) Pause Remark
[2020-09-28T08:42:35.752+0000][30964][gc           ] GC(8) Pause Remark 64M->64M(1024M) 2.486ms
[2020-09-28T08:42:35.752+0000][30964][gc,cpu       ] GC(8) User=0.00s Sys=0.00s Real=0.00s
[2020-09-28T08:42:35.752+0000][30964][safepoint    ] Safepoint "G1Concurrent", Time since last: 3915600 ns, Reaching safepoint: 103300 ns, At safepoint: 2644300 ns, Total: 2747600 ns
[2020-09-28T08:42:35.753+0000][30964][gc,marking   ] GC(8) Concurrent Rebuild Remembered Sets
[2020-09-28T08:42:35.788+0000][30964][gc,marking   ] GC(8) Concurrent Rebuild Remembered Sets 35.649ms
[2020-09-28T08:42:35.789+0000][30964][gc,start     ] GC(8) Pause Cleanup
[2020-09-28T08:42:35.789+0000][30964][gc           ] GC(8) Pause Cleanup 65M->65M(1024M) 0.285ms
[2020-09-28T08:42:35.789+0000][30964][gc,cpu       ] GC(8) User=0.00s Sys=0.00s Real=0.00s
[2020-09-28T08:42:35.789+0000][30964][safepoint    ] Safepoint "G1Concurrent", Time since last: 35865000 ns, Reaching safepoint: 742400 ns, At safepoint: 441700 ns, Total: 1184100 ns
[2020-09-28T08:42:35.790+0000][30964][gc,marking   ] GC(8) Concurrent Cleanup for Next Mark
[2020-09-28T08:42:35.791+0000][30964][gc,marking   ] GC(8) Concurrent Cleanup for Next Mark 1.703ms
[2020-09-28T08:42:35.791+0000][30964][gc           ] GC(8) Concurrent Cycle 88.378ms
[2020-09-28T08:42:36.841+0000][30964][safepoint    ] Safepoint "ICBufferFull", Time since last: 1050458600 ns, Reaching safepoint: 972800 ns, At safepoint: 46400 ns, Total: 1019200 ns
[2020-09-28T08:42:37.861+0000][30964][safepoint    ] Safepoint "Cleanup", Time since last: 1006367000 ns, Reaching safepoint: 12830800 ns, At safepoint: 987700 ns, Total: 13818500 ns
[2020-09-28T08:42:37.862+0000][30964][safepoint    ] Safepoint "BulkRevokeBias", Time since last: 338400 ns, Reaching safepoint: 215500 ns, At safepoint: 897500 ns, Total: 1113000 ns
[2020-09-28T08:42:38.889+0000][30964][safepoint    ] Safepoint "Cleanup", Time since last: 1025828600 ns, Reaching safepoint: 189800 ns, At safepoint: 5300 ns, Total: 195100 ns
[2020-09-28T08:42:39.895+0000][30964][safepoint    ] Safepoint "Cleanup", Time since last: 1006156000 ns, Reaching safepoint: 110000 ns, At safepoint: 19700 ns, Total: 129700 ns
[2020-09-28T08:42:39.900+0000][30964][safepoint    ] Safepoint "BulkRevokeBias", Time since last: 1319900 ns, Reaching safepoint: 86700 ns, At safepoint: 3348600 ns, Total: 3435300 ns
[2020-09-28T08:42:39.901+0000][30964][safepoint    ] Safepoint "BulkRevokeBias", Time since last: 278200 ns, Reaching safepoint: 58200 ns, At safepoint: 572300 ns, Total: 630500 ns
[2020-09-28T08:42:39.902+0000][30964][safepoint    ] Safepoint "BulkRevokeBias", Time since last: 749400 ns, Reaching safepoint: 76200 ns, At safepoint: 574200 ns, Total: 650400 ns
[2020-09-28T08:42:40.920+0000][30964][safepoint    ] Safepoint "BulkRevokeBias", Time since last: 1004954900 ns, Reaching safepoint: 160800 ns, At safepoint: 12550800 ns, Total: 12711600 ns
[2020-09-28T08:42:40.922+0000][30964][safepoint    ] Safepoint "BulkRevokeBias", Time since last: 1141000 ns, Reaching safepoint: 482800 ns, At safepoint: 646600 ns, Total: 1129400 ns
[2020-09-28T08:42:40.935+0000][30964][safepoint    ] Safepoint "BulkRevokeBias", Time since last: 127900 ns, Reaching safepoint: 272200 ns, At safepoint: 12351800 ns, Total: 12624000 ns
[2020-09-28T08:42:40.936+0000][30964][safepoint    ] Safepoint "BulkRevokeBias", Time since last: 84100 ns, Reaching safepoint: 95400 ns, At safepoint: 1279900 ns, Total: 1375300 ns
[2020-09-28T08:42:41.089+0000][30964][safepoint    ] Safepoint "BulkRevokeBias", Time since last: 152490800 ns, Reaching safepoint: 126700 ns, At safepoint: 671400 ns, Total: 798100 ns
[2020-09-28T08:42:41.294+0000][30964][safepoint    ] Safepoint "BulkRevokeBias", Time since last: 204143900 ns, Reaching safepoint: 202400 ns, At safepoint: 618500 ns, Total: 820900 ns
[2020-09-28T08:42:42.471+0000][30964][safepoint    ] Safepoint "Cleanup", Time since last: 1176117800 ns, Reaching safepoint: 167800 ns, At safepoint: 6000 ns, Total: 173800 ns
[2020-09-28T08:42:43.471+0000][30964][safepoint    ] Safepoint "Cleanup", Time since last: 1000352300 ns, Reaching safepoint: 125000 ns, At safepoint: 4200 ns, Total: 129200 ns
[2020-09-28T08:42:44.472+0000][30964][safepoint    ] Safepoint "Cleanup", Time since last: 1000548600 ns, Reaching safepoint: 105300 ns, At safepoint: 5700 ns, Total: 111000 ns
[2020-09-28T08:42:45.473+0000][30964][safepoint    ] Safepoint "Cleanup", Time since last: 1000703900 ns, Reaching safepoint: 118900 ns, At safepoint: 7700 ns, Total: 126600 ns
[2020-09-28T08:42:46.473+0000][30964][safepoint    ] Safepoint "Cleanup", Time since last: 1000334300 ns, Reaching safepoint: 112800 ns, At safepoint: 6300 ns, Total: 119100 ns
[2020-09-28T08:42:47.474+0000][30964][safepoint    ] Safepoint "Cleanup", Time since last: 1000040400 ns, Reaching safepoint: 114300 ns, At safepoint: 4900 ns, Total: 119200 ns
[2020-09-28T08:42:48.474+0000][30964][safepoint    ] Safepoint "Cleanup", Time since last: 1000357600 ns, Reaching safepoint: 114200 ns, At safepoint: 8400 ns, Total: 122600 ns
[2020-09-28T08:42:50.475+0000][30964][safepoint    ] Safepoint "Cleanup", Time since last: 2000332300 ns, Reaching safepoint: 105400 ns, At safepoint: 5000 ns, Total: 110400 ns
[2020-09-28T08:42:52.475+0000][30964][safepoint    ] Safepoint "Cleanup", Time since last: 2000474700 ns, Reaching safepoint: 150500 ns, At safepoint: 8600 ns, Total: 159100 ns
[2020-09-28T08:42:53.476+0000][30964][safepoint    ] Safepoint "Cleanup", Time since last: 1000557200 ns, Reaching safepoint: 138900 ns, At safepoint: 7500 ns, Total: 146400 ns
[2020-09-28T08:42:54.477+0000][30964][safepoint    ] Safepoint "Cleanup", Time since last: 1000863800 ns, Reaching safepoint: 131800 ns, At safepoint: 4000 ns, Total: 135800 ns
[2020-09-28T08:42:55.478+0000][30964][safepoint    ] Safepoint "Cleanup", Time since last: 1000766100 ns, Reaching safepoint: 149600 ns, At safepoint: 4400 ns, Total: 154000 ns
[2020-09-28T08:42:56.479+0000][30964][safepoint    ] Safepoint "Cleanup", Time since last: 1000219900 ns, Reaching safepoint: 147700 ns, At safepoint: 4300 ns, Total: 152000 ns
[2020-09-28T08:42:57.480+0000][30964][safepoint    ] Safepoint "Cleanup", Time since last: 1000676200 ns, Reaching safepoint: 94000 ns, At safepoint: 3700 ns, Total: 97700 ns
[2020-09-28T08:42:58.480+0000][30964][safepoint    ] Safepoint "Cleanup", Time since last: 1000030700 ns, Reaching safepoint: 87800 ns, At safepoint: 6200 ns, Total: 94000 ns
[2020-09-28T08:43:00.481+0000][30964][safepoint    ] Safepoint "Cleanup", Time since last: 2000477700 ns, Reaching safepoint: 154600 ns, At safepoint: 4100 ns, Total: 158700 ns
[2020-09-28T08:43:01.481+0000][30964][safepoint    ] Safepoint "Cleanup", Time since last: 1000154800 ns, Reaching safepoint: 94300 ns, At safepoint: 2400 ns, Total: 96700 ns
[2020-09-28T08:43:02.482+0000][30964][safepoint    ] Safepoint "Cleanup", Time since last: 1000759600 ns, Reaching safepoint: 90200 ns, At safepoint: 3300 ns, Total: 93500 ns
[2020-09-28T08:43:03.482+0000][30964][safepoint    ] Safepoint "Cleanup", Time since last: 1000297200 ns, Reaching safepoint: 153900 ns, At safepoint: 4000 ns, Total: 157900 ns
[2020-09-28T08:43:04.483+0000][30964][safepoint    ] Safepoint "Cleanup", Time since last: 1000435500 ns, Reaching safepoint: 90400 ns, At safepoint: 2600 ns, Total: 93000 ns
[2020-09-28T08:43:05.483+0000][30964][safepoint    ] Safepoint "Cleanup", Time since last: 1000182000 ns, Reaching safepoint: 129800 ns, At safepoint: 3700 ns, Total: 133500 ns
[2020-09-28T08:43:06.484+0000][30964][safepoint    ] Safepoint "Cleanup", Time since last: 1000732800 ns, Reaching safepoint: 108000 ns, At safepoint: 3700 ns, Total: 111700 ns
[2020-09-28T08:43:07.485+0000][30964][safepoint    ] Safepoint "Cleanup", Time since last: 1000410800 ns, Reaching safepoint: 98000 ns, At safepoint: 3100 ns, Total: 101100 ns
[2020-09-28T08:43:08.485+0000][30964][safepoint    ] Safepoint "Cleanup", Time since last: 1000044000 ns, Reaching safepoint: 79900 ns, At safepoint: 16000 ns, Total: 95900 ns
[2020-09-28T08:43:09.486+0000][30964][safepoint    ] Safepoint "Cleanup", Time since last: 1000226700 ns, Reaching safepoint: 141300 ns, At safepoint: 3800 ns, Total: 145100 ns
[2020-09-28T08:43:10.487+0000][30964][safepoint    ] Safepoint "Cleanup", Time since last: 1000663400 ns, Reaching safepoint: 112600 ns, At safepoint: 3600 ns, Total: 116200 ns
[2020-09-28T08:43:11.487+0000][30964][safepoint    ] Safepoint "Cleanup", Time since last: 1000371100 ns, Reaching safepoint: 80700 ns, At safepoint: 4600 ns, Total: 85300 ns
[2020-09-28T08:43:12.488+0000][30964][safepoint    ] Safepoint "Cleanup", Time since last: 1000258400 ns, Reaching safepoint: 119500 ns, At safepoint: 5400 ns, Total: 124900 ns
[2020-09-28T08:43:13.488+0000][30964][safepoint    ] Safepoint "Cleanup", Time since last: 1000246500 ns, Reaching safepoint: 87000 ns, At safepoint: 3900 ns, Total: 90900 ns
[2020-09-28T08:43:15.489+0000][30964][safepoint    ] Safepoint "Cleanup", Time since last: 2000279500 ns, Reaching safepoint: 112500 ns, At safepoint: 6700 ns, Total: 119200 ns
[2020-09-28T08:43:16.489+0000][30964][safepoint    ] Safepoint "Cleanup", Time since last: 1000182400 ns, Reaching safepoint: 102300 ns, At safepoint: 3600 ns, Total: 105900 ns
[2020-09-28T08:43:17.490+0000][30964][safepoint    ] Safepoint "Cleanup", Time since last: 1000675900 ns, Reaching safepoint: 91500 ns, At safepoint: 6300 ns, Total: 97800 ns
[2020-09-28T08:43:18.490+0000][30964][safepoint    ] Safepoint "Cleanup", Time since last: 1000147700 ns, Reaching safepoint: 104000 ns, At safepoint: 5400 ns, Total: 109400 ns
[2020-09-28T08:43:19.491+0000][30964][safepoint    ] Safepoint "Cleanup", Time since last: 1000791600 ns, Reaching safepoint: 102800 ns, At safepoint: 4800 ns, Total: 107600 ns
[2020-09-28T08:43:20.492+0000][30964][safepoint    ] Safepoint "Cleanup", Time since last: 1000459200 ns, Reaching safepoint: 105000 ns, At safepoint: 5900 ns, Total: 110900 ns
[2020-09-28T08:43:21.492+0000][30964][safepoint    ] Safepoint "Cleanup", Time since last: 1000046300 ns, Reaching safepoint: 161600 ns, At safepoint: 4600 ns, Total: 166200 ns
[2020-09-28T08:43:22.492+0000][30964][safepoint    ] Safepoint "Cleanup", Time since last: 1000039300 ns, Reaching safepoint: 145800 ns, At safepoint: 4600 ns, Total: 150400 ns
[2020-09-28T08:43:23.493+0000][30964][safepoint    ] Safepoint "Cleanup", Time since last: 1000790800 ns, Reaching safepoint: 84200 ns, At safepoint: 5000 ns, Total: 89200 ns
[2020-09-28T08:43:24.494+0000][30964][safepoint    ] Safepoint "Cleanup", Time since last: 1000398000 ns, Reaching safepoint: 112600 ns, At safepoint: 3600 ns, Total: 116200 ns
[2020-09-28T08:43:25.495+0000][30964][safepoint    ] Safepoint "Cleanup", Time since last: 1000381800 ns, Reaching safepoint: 98900 ns, At safepoint: 3900 ns, Total: 102800 ns
[2020-09-28T08:43:26.495+0000][30964][safepoint    ] Safepoint "Cleanup", Time since last: 1000082100 ns, Reaching safepoint: 123500 ns, At safepoint: 4200 ns, Total: 127700 ns
[2020-09-28T08:43:27.496+0000][30964][safepoint    ] Safepoint "Cleanup", Time since last: 1000503900 ns, Reaching safepoint: 84900 ns, At safepoint: 4400 ns, Total: 89300 ns
[2020-09-28T08:43:28.496+0000][30964][safepoint    ] Safepoint "Cleanup", Time since last: 1000167300 ns, Reaching safepoint: 90300 ns, At safepoint: 4300 ns, Total: 94600 ns
[2020-09-28T08:43:29.497+0000][30964][safepoint    ] Safepoint "Cleanup", Time since last: 1000916300 ns, Reaching safepoint: 186900 ns, At safepoint: 3400 ns, Total: 190300 ns
[2020-09-28T08:43:30.497+0000][30964][safepoint    ] Safepoint "Cleanup", Time since last: 1000058200 ns, Reaching safepoint: 105600 ns, At safepoint: 4200 ns, Total: 109800 ns
[2020-09-28T08:43:31.498+0000][30964][safepoint    ] Safepoint "Cleanup", Time since last: 1000499700 ns, Reaching safepoint: 81500 ns, At safepoint: 3600 ns, Total: 85100 ns
[2020-09-28T08:43:32.499+0000][30964][safepoint    ] Safepoint "Cleanup", Time since last: 1000400000 ns, Reaching safepoint: 105400 ns, At safepoint: 3900 ns, Total: 109300 ns
[2020-09-28T08:43:33.499+0000][30964][safepoint    ] Safepoint "Cleanup", Time since last: 1000544800 ns, Reaching safepoint: 77400 ns, At safepoint: 4300 ns, Total: 81700 ns
[2020-09-28T08:43:34.500+0000][30964][safepoint    ] Safepoint "Cleanup", Time since last: 1000704000 ns, Reaching safepoint: 111100 ns, At safepoint: 3600 ns, Total: 114700 ns
[2020-09-28T08:43:35.501+0000][30964][safepoint    ] Safepoint "Cleanup", Time since last: 1000737700 ns, Reaching safepoint: 86300 ns, At safepoint: 4100 ns, Total: 90400 ns
[2020-09-28T08:43:36.502+0000][30964][safepoint    ] Safepoint "Cleanup", Time since last: 1000558000 ns, Reaching safepoint: 82700 ns, At safepoint: 4600 ns, Total: 87300 ns
[2020-09-28T08:43:37.503+0000][30964][safepoint    ] Safepoint "Cleanup", Time since last: 1000852100 ns, Reaching safepoint: 91200 ns, At safepoint: 4500 ns, Total: 95700 ns
[2020-09-28T08:43:39.503+0000][30964][safepoint    ] Safepoint "Cleanup", Time since last: 2000044500 ns, Reaching safepoint: 102000 ns, At safepoint: 5000 ns, Total: 107000 ns
[2020-09-28T08:43:40.504+0000][30964][safepoint    ] Safepoint "Cleanup", Time since last: 1000476500 ns, Reaching safepoint: 118900 ns, At safepoint: 3800 ns, Total: 122700 ns
[2020-09-28T08:43:41.505+0000][30964][safepoint    ] Safepoint "Cleanup", Time since last: 1000623000 ns, Reaching safepoint: 94800 ns, At safepoint: 4800 ns, Total: 99600 ns
[2020-09-28T08:43:51.511+0000][30964][safepoint    ] Safepoint "Cleanup", Time since last: 10005091500 ns, Reaching safepoint: 133500 ns, At safepoint: 3400 ns, Total: 136900 ns
[2020-09-28T08:43:52.512+0000][30964][safepoint    ] Safepoint "Cleanup", Time since last: 1000870100 ns, Reaching safepoint: 86600 ns, At safepoint: 4400 ns, Total: 91000 ns
[2020-09-28T08:43:54.276+0000][30964][safepoint    ] Safepoint "Cleanup", Time since last: 1763706900 ns, Reaching safepoint: 201100 ns, At safepoint: 6600 ns, Total: 207700 ns
[2020-09-28T08:44:10.284+0000][30964][safepoint    ] Safepoint "Cleanup", Time since last: 16006866200 ns, Reaching safepoint: 187700 ns, At safepoint: 3500 ns, Total: 191200 ns
[2020-09-28T08:44:15.289+0000][30964][safepoint    ] Safepoint "Cleanup", Time since last: 5003931300 ns, Reaching safepoint: 97600 ns, At safepoint: 4100 ns, Total: 101700 ns
[2020-09-28T08:44:17.290+0000][30964][safepoint    ] Safepoint "Cleanup", Time since last: 2001134300 ns, Reaching safepoint: 105800 ns, At safepoint: 2800 ns, Total: 108600 ns
[2020-09-28T08:44:23.294+0000][30964][safepoint    ] Safepoint "Cleanup", Time since last: 6003045500 ns, Reaching safepoint: 97400 ns, At safepoint: 4500 ns, Total: 101900 ns
[2020-09-28T08:44:33.299+0000][30964][safepoint    ] Safepoint "Cleanup", Time since last: 10003452700 ns, Reaching safepoint: 118000 ns, At safepoint: 3900 ns, Total: 121900 ns
[2020-09-28T08:44:34.300+0000][30964][safepoint    ] Safepoint "Cleanup", Time since last: 1000748800 ns, Reaching safepoint: 97300 ns, At safepoint: 4400 ns, Total: 101700 ns
[2020-09-28T08:44:38.301+0000][30964][safepoint    ] Safepoint "Cleanup", Time since last: 4001036800 ns, Reaching safepoint: 96700 ns, At safepoint: 4100 ns, Total: 100800 ns
[2020-09-28T08:44:41.303+0000][30964][safepoint    ] Safepoint "Cleanup", Time since last: 3001822700 ns, Reaching safepoint: 85600 ns, At safepoint: 3500 ns, Total: 89100 ns
[2020-09-28T08:44:45.304+0000][30964][safepoint    ] Safepoint "Cleanup", Time since last: 4000791100 ns, Reaching safepoint: 132100 ns, At safepoint: 4000 ns, Total: 136100 ns
[2020-09-28T08:44:50.308+0000][30964][safepoint    ] Safepoint "Cleanup", Time since last: 5002906400 ns, Reaching safepoint: 96500 ns, At safepoint: 3700 ns, Total: 100200 ns
[2020-09-28T08:44:54.311+0000][30964][safepoint    ] Safepoint "Cleanup", Time since last: 4002335000 ns, Reaching safepoint: 87500 ns, At safepoint: 4400 ns, Total: 91900 ns
[2020-09-28T08:45:06.317+0000][30964][safepoint    ] Safepoint "Cleanup", Time since last: 12005196900 ns, Reaching safepoint: 71000 ns, At safepoint: 3700 ns, Total: 74700 ns
[2020-09-28T08:45:07.318+0000][30964][safepoint    ] Safepoint "Cleanup", Time since last: 1000582000 ns, Reaching safepoint: 102900 ns, At safepoint: 4800 ns, Total: 107700 ns
[2020-09-28T08:45:11.320+0000][30964][safepoint    ] Safepoint "Cleanup", Time since last: 4001373500 ns, Reaching safepoint: 305900 ns, At safepoint: 12700 ns, Total: 318600 ns
[2020-09-28T08:45:15.321+0000][30964][safepoint    ] Safepoint "Cleanup", Time since last: 4000829500 ns, Reaching safepoint: 99400 ns, At safepoint: 3900 ns, Total: 103300 ns
[2020-09-28T08:45:17.322+0000][30964][safepoint    ] Safepoint "Cleanup", Time since last: 2000849300 ns, Reaching safepoint: 107400 ns, At safepoint: 18100 ns, Total: 125500 ns
[2020-09-28T08:45:20.586+0000][30964][safepoint    ] Safepoint "Cleanup", Time since last: 3262731300 ns, Reaching safepoint: 94700 ns, At safepoint: 63200 ns, Total: 157900 ns
[2020-09-28T08:45:20.653+0000][30964][safepoint    ] Safepoint "BulkRevokeBias", Time since last: 66889100 ns, Reaching safepoint: 114000 ns, At safepoint: 480000 ns, Total: 594000 ns
[2020-09-28T08:45:20.836+0000][30964][safepoint    ] Safepoint "BulkRevokeBias", Time since last: 183129800 ns, Reaching safepoint: 91500 ns, At safepoint: 364900 ns, Total: 456400 ns
[2020-09-28T08:45:30.841+0000][30964][safepoint    ] Safepoint "Cleanup", Time since last: 10003740200 ns, Reaching safepoint: 89700 ns, At safepoint: 3700 ns, Total: 93400 ns
[2020-09-28T08:45:31.842+0000][30964][safepoint    ] Safepoint "Cleanup", Time since last: 1000373600 ns, Reaching safepoint: 120700 ns, At safepoint: 4900 ns, Total: 125600 ns
[2020-09-28T08:45:42.847+0000][30964][safepoint    ] Safepoint "Cleanup", Time since last: 11004264600 ns, Reaching safepoint: 127100 ns, At safepoint: 6000 ns, Total: 133100 ns
[2020-09-28T08:45:48.850+0000][30964][safepoint    ] Safepoint "Cleanup", Time since last: 6002493700 ns, Reaching safepoint: 92100 ns, At safepoint: 5300 ns, Total: 97400 ns
[2020-09-28T08:45:53.402+0000][30964][safepoint    ] Safepoint "Cleanup", Time since last: 4551733300 ns, Reaching safepoint: 139400 ns, At safepoint: 25500 ns, Total: 164900 ns
[2020-09-28T08:45:54.273+0000][30964][safepoint    ] Safepoint "BulkRevokeBias", Time since last: 868830100 ns, Reaching safepoint: 165300 ns, At safepoint: 837000 ns, Total: 1002300 ns
[2020-09-28T08:45:54.489+0000][30964][safepoint    ] Safepoint "BulkRevokeBias", Time since last: 215459800 ns, Reaching safepoint: 161300 ns, At safepoint: 1133600 ns, Total: 1294900 ns
[2020-09-28T08:45:54.774+0000][30964][safepoint    ] Safepoint "BulkRevokeBias", Time since last: 283663600 ns, Reaching safepoint: 328700 ns, At safepoint: 792800 ns, Total: 1121500 ns
[2020-09-28T08:45:54.945+0000][30964][safepoint    ] Safepoint "BulkRevokeBias", Time since last: 169859500 ns, Reaching safepoint: 241600 ns, At safepoint: 1119800 ns, Total: 1361400 ns
[2020-09-28T08:45:55.079+0000][30964][safepoint    ] Safepoint "BulkRevokeBias", Time since last: 132974000 ns, Reaching safepoint: 157000 ns, At safepoint: 810100 ns, Total: 967100 ns
[2020-09-28T08:45:55.272+0000][30964][safepoint    ] Safepoint "BulkRevokeBias", Time since last: 191622500 ns, Reaching safepoint: 230000 ns, At safepoint: 687900 ns, Total: 917900 ns
[2020-09-28T08:45:55.612+0000][30964][safepoint    ] Safepoint "BulkRevokeBias", Time since last: 337768300 ns, Reaching safepoint: 227600 ns, At safepoint: 1962500 ns, Total: 2190100 ns
[2020-09-28T08:45:55.704+0000][30964][safepoint    ] Safepoint "BulkRevokeBias", Time since last: 89732200 ns, Reaching safepoint: 1012300 ns, At safepoint: 1111000 ns, Total: 2123300 ns
[2020-09-28T08:45:55.708+0000][30964][safepoint    ] Safepoint "BulkRevokeBias", Time since last: 2627700 ns, Reaching safepoint: 136300 ns, At safepoint: 943100 ns, Total: 1079400 ns
[2020-09-28T08:45:55.809+0000][30964][safepoint    ] Safepoint "BulkRevokeBias", Time since last: 100406700 ns, Reaching safepoint: 128800 ns, At safepoint: 793800 ns, Total: 922600 ns
[2020-09-28T08:45:56.280+0000][30964][safepoint    ] Safepoint "BulkRevokeBias", Time since last: 470145900 ns, Reaching safepoint: 180300 ns, At safepoint: 760700 ns, Total: 941000 ns
[2020-09-28T08:45:56.798+0000][30964][gc,start     ] GC(9) Pause Young (Concurrent Start) (G1 Humongous Allocation)
[2020-09-28T08:45:56.798+0000][30964][gc,task      ] GC(9) Using 8 workers of 8 for evacuation
[2020-09-28T08:45:56.798+0000][30964][gc,age       ] GC(9) Desired survivor size 35127296 bytes, new threshold 15 (max threshold 15)
[2020-09-28T08:45:56.819+0000][30964][gc,age       ] GC(9) Age table with threshold 15 (max threshold 15)
[2020-09-28T08:45:56.819+0000][30964][gc,age       ] GC(9) - age   1:   20502776 bytes,   20502776 total
[2020-09-28T08:45:56.819+0000][30964][gc,age       ] GC(9) - age   2:    8332272 bytes,   28835048 total
[2020-09-28T08:45:56.819+0000][30964][gc,phases    ] GC(9)   Pre Evacuate Collection Set: 0.4ms
[2020-09-28T08:45:56.819+0000][30964][gc,phases    ] GC(9)   Merge Heap Roots: 0.2ms
[2020-09-28T08:45:56.819+0000][30964][gc,phases    ] GC(9)   Evacuate Collection Set: 17.9ms
[2020-09-28T08:45:56.819+0000][30964][gc,phases    ] GC(9)   Post Evacuate Collection Set: 2.1ms
[2020-09-28T08:45:56.820+0000][30964][gc,phases    ] GC(9)   Other: 0.6ms
[2020-09-28T08:45:56.820+0000][30964][gc,heap      ] GC(9) Eden regions: 441->0(455)
[2020-09-28T08:45:56.820+0000][30964][gc,heap      ] GC(9) Survivor regions: 11->29(67)
[2020-09-28T08:45:56.820+0000][30964][gc,heap      ] GC(9) Old regions: 50->50
[2020-09-28T08:45:56.820+0000][30964][gc,heap      ] GC(9) Archive regions: 0->0
[2020-09-28T08:45:56.820+0000][30964][gc,heap      ] GC(9) Humongous regions: 257->141
[2020-09-28T08:45:56.820+0000][30964][gc,metaspace ] GC(9) Metaspace: 77076K(82560K)->77076K(82560K) NonClass: 66697K(69888K)->66697K(69888K) Class: 10379K(12672K)->10379K(12672K)
[2020-09-28T08:45:56.820+0000][30964][gc           ] GC(9) Pause Young (Concurrent Start) (G1 Humongous Allocation) 758M->219M(1024M) 21.614ms
[2020-09-28T08:45:56.820+0000][30964][gc,cpu       ] GC(9) User=0.11s Sys=0.00s Real=0.02s
[2020-09-28T08:45:56.821+0000][30964][gc           ] GC(10) Concurrent Cycle
[2020-09-28T08:45:56.821+0000][30964][gc,marking   ] GC(10) Concurrent Clear Claimed Marks
[2020-09-28T08:45:56.821+0000][30964][safepoint    ] Safepoint "G1TryInitiateConcMark", Time since last: 518513600 ns, Reaching safepoint: 472000 ns, At safepoint: 22071800 ns, Total: 22543800 ns
[2020-09-28T08:45:56.821+0000][30964][gc,marking   ] GC(10) Concurrent Clear Claimed Marks 0.274ms
[2020-09-28T08:45:56.821+0000][30964][gc,marking   ] GC(10) Concurrent Scan Root Regions
[2020-09-28T08:45:56.831+0000][30964][safepoint    ] Safepoint "G1TryInitiateConcMark", Time since last: 2945700 ns, Reaching safepoint: 6926300 ns, At safepoint: 291100 ns, Total: 7217400 ns
[2020-09-28T08:45:56.838+0000][30964][gc,marking   ] GC(10) Concurrent Scan Root Regions 16.725ms
[2020-09-28T08:45:56.838+0000][30964][gc,marking   ] GC(10) Concurrent Mark (218.588s)
[2020-09-28T08:45:56.838+0000][30964][gc,marking   ] GC(10) Concurrent Mark From Roots
[2020-09-28T08:45:56.838+0000][30964][gc,task      ] GC(10) Using 2 workers of 2 for marking
[2020-09-28T08:45:56.948+0000][30964][gc,marking   ] GC(10) Concurrent Mark From Roots 110.186ms
[2020-09-28T08:45:56.948+0000][30964][gc,marking   ] GC(10) Concurrent Preclean
[2020-09-28T08:45:56.949+0000][30964][gc,marking   ] GC(10) Concurrent Preclean 0.511ms
[2020-09-28T08:45:56.949+0000][30964][gc,marking   ] GC(10) Concurrent Mark (218.588s, 218.699s) 110.899ms
[2020-09-28T08:45:56.949+0000][30964][gc,start     ] GC(10) Pause Remark
[2020-09-28T08:45:56.953+0000][30964][gc           ] GC(10) Pause Remark 350M->350M(1024M) 3.323ms
[2020-09-28T08:45:56.953+0000][30964][gc,cpu       ] GC(10) User=0.02s Sys=0.00s Real=0.00s
[2020-09-28T08:45:56.955+0000][30964][safepoint    ] Safepoint "G1Concurrent", Time since last: 117834300 ns, Reaching safepoint: 668600 ns, At safepoint: 5900600 ns, Total: 6569200 ns
[2020-09-28T08:45:56.955+0000][30964][gc,marking   ] GC(10) Concurrent Rebuild Remembered Sets
[2020-09-28T08:45:57.019+0000][30964][gc,marking   ] GC(10) Concurrent Rebuild Remembered Sets 63.279ms
[2020-09-28T08:45:57.020+0000][30964][gc,start     ] GC(10) Pause Cleanup
[2020-09-28T08:45:57.020+0000][30964][gc           ] GC(10) Pause Cleanup 362M->362M(1024M) 0.458ms
[2020-09-28T08:45:57.020+0000][30964][gc,cpu       ] GC(10) User=0.00s Sys=0.00s Real=0.00s
[2020-09-28T08:45:57.020+0000][30964][safepoint    ] Safepoint "G1Concurrent", Time since last: 63488600 ns, Reaching safepoint: 769800 ns, At safepoint: 771000 ns, Total: 1540800 ns
[2020-09-28T08:45:57.020+0000][30964][gc,marking   ] GC(10) Concurrent Cleanup for Next Mark
[2020-09-28T08:45:57.023+0000][30964][gc,marking   ] GC(10) Concurrent Cleanup for Next Mark 2.280ms
[2020-09-28T08:45:57.023+0000][30964][gc           ] GC(10) Concurrent Cycle 202.325ms
[2020-09-28T08:45:57.421+0000][30964][gc,start     ] GC(11) Pause Young (Concurrent Start) (G1 Humongous Allocation)
[2020-09-28T08:45:57.421+0000][30964][gc,task      ] GC(11) Using 8 workers of 8 for evacuation
[2020-09-28T08:45:57.421+0000][30964][gc,age       ] GC(11) Desired survivor size 31981568 bytes, new threshold 15 (max threshold 15)
[2020-09-28T08:45:57.441+0000][30964][gc,age       ] GC(11) Age table with threshold 15 (max threshold 15)
[2020-09-28T08:45:57.441+0000][30964][gc,age       ] GC(11) - age   1:    2697552 bytes,    2697552 total
[2020-09-28T08:45:57.441+0000][30964][gc,age       ] GC(11) - age   2:   12013552 bytes,   14711104 total
[2020-09-28T08:45:57.441+0000][30964][gc,age       ] GC(11) - age   3:    8322912 bytes,   23034016 total
[2020-09-28T08:45:57.441+0000][30964][gc,phases    ] GC(11)   Pre Evacuate Collection Set: 0.5ms
[2020-09-28T08:45:57.441+0000][30964][gc,phases    ] GC(11)   Merge Heap Roots: 0.1ms
[2020-09-28T08:45:57.441+0000][30964][gc,phases    ] GC(11)   Evacuate Collection Set: 17.3ms
[2020-09-28T08:45:57.441+0000][30964][gc,phases    ] GC(11)   Post Evacuate Collection Set: 1.7ms
[2020-09-28T08:45:57.442+0000][30964][gc,phases    ] GC(11)   Other: 0.8ms
[2020-09-28T08:45:57.442+0000][30964][gc,heap      ] GC(11) Eden regions: 88->0(476)
[2020-09-28T08:45:57.442+0000][30964][gc,heap      ] GC(11) Survivor regions: 29->24(61)
[2020-09-28T08:45:57.442+0000][30964][gc,heap      ] GC(11) Old regions: 50->50
[2020-09-28T08:45:57.442+0000][30964][gc,heap      ] GC(11) Archive regions: 0->0
[2020-09-28T08:45:57.442+0000][30964][gc,heap      ] GC(11) Humongous regions: 257->141
[2020-09-28T08:45:57.442+0000][30964][gc,metaspace ] GC(11) Metaspace: 78577K(83968K)->78577K(83968K) NonClass: 68029K(71168K)->68029K(71168K) Class: 10548K(12800K)->10548K(12800K)
[2020-09-28T08:45:57.442+0000][30964][gc           ] GC(11) Pause Young (Concurrent Start) (G1 Humongous Allocation) 423M->214M(1024M) 21.001ms
[2020-09-28T08:45:57.442+0000][30964][gc,cpu       ] GC(11) User=0.11s Sys=0.00s Real=0.02s
[2020-09-28T08:45:57.442+0000][30964][gc           ] GC(12) Concurrent Cycle
[2020-09-28T08:45:57.442+0000][30964][gc,marking   ] GC(12) Concurrent Clear Claimed Marks
[2020-09-28T08:45:57.442+0000][30964][gc,marking   ] GC(12) Concurrent Clear Claimed Marks 0.356ms
[2020-09-28T08:45:57.443+0000][30964][gc,marking   ] GC(12) Concurrent Scan Root Regions
[2020-09-28T08:45:57.443+0000][30964][safepoint    ] Safepoint "G1TryInitiateConcMark", Time since last: 397577200 ns, Reaching safepoint: 2873000 ns, At safepoint: 22285100 ns, Total: 25158100 ns
[2020-09-28T08:45:57.460+0000][30964][gc,marking   ] GC(12) Concurrent Scan Root Regions 17.785ms
[2020-09-28T08:45:57.460+0000][30964][gc,marking   ] GC(12) Concurrent Mark (219.211s)
[2020-09-28T08:45:57.460+0000][30964][gc,marking   ] GC(12) Concurrent Mark From Roots
[2020-09-28T08:45:57.461+0000][30964][gc,task      ] GC(12) Using 2 workers of 2 for marking
[2020-09-28T08:45:57.577+0000][30964][gc,marking   ] GC(12) Concurrent Mark From Roots 116.294ms
[2020-09-28T08:45:57.577+0000][30964][gc,marking   ] GC(12) Concurrent Preclean
[2020-09-28T08:45:57.577+0000][30964][gc,marking   ] GC(12) Concurrent Preclean 0.508ms
[2020-09-28T08:45:57.577+0000][30964][gc,marking   ] GC(12) Concurrent Mark (219.211s, 219.328s) 116.994ms
[2020-09-28T08:45:57.580+0000][30964][gc,start     ] GC(12) Pause Remark
[2020-09-28T08:45:57.584+0000][30964][gc           ] GC(12) Pause Remark 241M->241M(1024M) 3.909ms
[2020-09-28T08:45:57.584+0000][30964][gc,cpu       ] GC(12) User=0.00s Sys=0.00s Real=0.00s
[2020-09-28T08:45:57.584+0000][30964][safepoint    ] Safepoint "G1Concurrent", Time since last: 134426400 ns, Reaching safepoint: 2282800 ns, At safepoint: 4281800 ns, Total: 6564600 ns
[2020-09-28T08:45:57.584+0000][30964][gc,marking   ] GC(12) Concurrent Rebuild Remembered Sets
[2020-09-28T08:45:57.588+0000][30964][safepoint    ] Safepoint "BulkRevokeBias", Time since last: 545600 ns, Reaching safepoint: 952200 ns, At safepoint: 2406200 ns, Total: 3358400 ns
[2020-09-28T08:45:57.659+0000][30964][gc,marking   ] GC(12) Concurrent Rebuild Remembered Sets 74.921ms
[2020-09-28T08:45:57.659+0000][30964][gc,start     ] GC(12) Pause Cleanup
[2020-09-28T08:45:57.660+0000][30964][gc           ] GC(12) Pause Cleanup 259M->259M(1024M) 0.394ms
[2020-09-28T08:45:57.660+0000][30964][gc,cpu       ] GC(12) User=0.00s Sys=0.00s Real=0.00s
[2020-09-28T08:45:57.661+0000][30964][safepoint    ] Safepoint "G1Concurrent", Time since last: 71271000 ns, Reaching safepoint: 264700 ns, At safepoint: 1293100 ns, Total: 1557800 ns
[2020-09-28T08:45:57.661+0000][30964][gc,marking   ] GC(12) Concurrent Cleanup for Next Mark
[2020-09-28T08:45:57.663+0000][30964][gc,marking   ] GC(12) Concurrent Cleanup for Next Mark 1.935ms
[2020-09-28T08:45:57.663+0000][30964][gc           ] GC(12) Concurrent Cycle 221.036ms
[2020-09-28T08:45:59.247+0000][30964][safepoint    ] Safepoint "Cleanup", Time since last: 1585038300 ns, Reaching safepoint: 107800 ns, At safepoint: 55700 ns, Total: 163500 ns
[2020-09-28T08:46:02.249+0000][30964][safepoint    ] Safepoint "Cleanup", Time since last: 3001771600 ns, Reaching safepoint: 113300 ns, At safepoint: 3100 ns, Total: 116400 ns
[2020-09-28T08:46:02.320+0000][30964][safepoint    ] Safepoint "BulkRevokeBias", Time since last: 68752500 ns, Reaching safepoint: 163400 ns, At safepoint: 2451900 ns, Total: 2615300 ns
[2020-09-28T08:46:03.330+0000][30964][safepoint    ] Safepoint "Cleanup", Time since last: 1009742900 ns, Reaching safepoint: 147400 ns, At safepoint: 23500 ns, Total: 170900 ns
[2020-09-28T08:46:04.854+0000][30964][safepoint    ] Safepoint "Cleanup", Time since last: 1524052800 ns, Reaching safepoint: 106700 ns, At safepoint: 20100 ns, Total: 126800 ns
[2020-09-28T08:46:06.154+0000][30964][safepoint    ] Safepoint "Cleanup", Time since last: 1299172000 ns, Reaching safepoint: 107100 ns, At safepoint: 7300 ns, Total: 114400 ns
[2020-09-28T08:46:06.158+0000][30964][safepoint    ] Safepoint "BulkRevokeBias", Time since last: 2746900 ns, Reaching safepoint: 141000 ns, At safepoint: 1510100 ns, Total: 1651100 ns
[2020-09-28T08:46:09.065+0000][30964][safepoint    ] Safepoint "Cleanup", Time since last: 2906328200 ns, Reaching safepoint: 112700 ns, At safepoint: 8000 ns, Total: 120700 ns
[2020-09-28T08:46:10.384+0000][30964][safepoint    ] Safepoint "Cleanup", Time since last: 1319172300 ns, Reaching safepoint: 150800 ns, At safepoint: 11700 ns, Total: 162500 ns
[2020-09-28T08:46:11.408+0000][30964][safepoint    ] Safepoint "Cleanup", Time since last: 1023691000 ns, Reaching safepoint: 243100 ns, At safepoint: 29700 ns, Total: 272800 ns
[2020-09-28T08:46:12.546+0000][30964][safepoint    ] Safepoint "Cleanup", Time since last: 1138212800 ns, Reaching safepoint: 130800 ns, At safepoint: 27100 ns, Total: 157900 ns
[2020-09-28T08:46:14.136+0000][30964][safepoint    ] Safepoint "Cleanup", Time since last: 1589195000 ns, Reaching safepoint: 115500 ns, At safepoint: 18400 ns, Total: 133900 ns
[2020-09-28T08:46:15.517+0000][30964][safepoint    ] Safepoint "Cleanup", Time since last: 1380169700 ns, Reaching safepoint: 116700 ns, At safepoint: 23000 ns, Total: 139700 ns
[2020-09-28T08:46:17.516+0000][30964][safepoint    ] Safepoint "BulkRevokeBias", Time since last: 1998509900 ns, Reaching safepoint: 117200 ns, At safepoint: 1093000 ns, Total: 1210200 ns
[2020-09-28T08:46:19.518+0000][30964][safepoint    ] Safepoint "Cleanup", Time since last: 2000629200 ns, Reaching safepoint: 142700 ns, At safepoint: 7300 ns, Total: 150000 ns
[2020-09-28T08:46:20.519+0000][30964][safepoint    ] Safepoint "Cleanup", Time since last: 1000863700 ns, Reaching safepoint: 108300 ns, At safepoint: 6300 ns, Total: 114600 ns
[2020-09-28T08:46:22.179+0000][30964][safepoint    ] Safepoint "Cleanup", Time since last: 1660168000 ns, Reaching safepoint: 170300 ns, At safepoint: 24900 ns, Total: 195200 ns
[2020-09-28T08:46:24.180+0000][30964][safepoint    ] Safepoint "Cleanup", Time since last: 2000722400 ns, Reaching safepoint: 126200 ns, At safepoint: 7300 ns, Total: 133500 ns
[2020-09-28T08:46:25.042+0000][30964][safepoint    ] Safepoint "BulkRevokeBias", Time since last: 860560000 ns, Reaching safepoint: 100400 ns, At safepoint: 712900 ns, Total: 813300 ns
[2020-09-28T08:46:26.550+0000][30964][safepoint    ] Safepoint "Cleanup", Time since last: 1507573300 ns, Reaching safepoint: 117100 ns, At safepoint: 9900 ns, Total: 127000 ns
[2020-09-28T08:46:27.551+0000][30964][safepoint    ] Safepoint "Cleanup", Time since last: 1000746600 ns, Reaching safepoint: 116100 ns, At safepoint: 6900 ns, Total: 123000 ns
[2020-09-28T08:46:28.551+0000][30964][safepoint    ] Safepoint "Cleanup", Time since last: 1000394500 ns, Reaching safepoint: 137000 ns, At safepoint: 5000 ns, Total: 142000 ns
[2020-09-28T08:46:30.552+0000][30964][safepoint    ] Safepoint "Cleanup", Time since last: 2000162000 ns, Reaching safepoint: 106900 ns, At safepoint: 5000 ns, Total: 111900 ns
[2020-09-28T08:46:31.552+0000][30964][safepoint    ] Safepoint "Cleanup", Time since last: 1000638000 ns, Reaching safepoint: 121700 ns, At safepoint: 14800 ns, Total: 136500 ns
[2020-09-28T08:46:33.554+0000][30964][safepoint    ] Safepoint "Cleanup", Time since last: 2000787100 ns, Reaching safepoint: 156100 ns, At safepoint: 5100 ns, Total: 161200 ns
[2020-09-28T08:46:34.554+0000][30964][safepoint    ] Safepoint "Cleanup", Time since last: 1000115700 ns, Reaching safepoint: 123300 ns, At safepoint: 6900 ns, Total: 130200 ns
[2020-09-28T08:46:35.554+0000][30964][safepoint    ] Safepoint "Cleanup", Time since last: 1000215600 ns, Reaching safepoint: 151300 ns, At safepoint: 12300 ns, Total: 163600 ns
[2020-09-28T08:46:37.555+0000][30964][safepoint    ] Safepoint "Cleanup", Time since last: 2000411700 ns, Reaching safepoint: 103600 ns, At safepoint: 6800 ns, Total: 110400 ns
[2020-09-28T08:46:38.555+0000][30964][safepoint    ] Safepoint "Cleanup", Time since last: 1000190600 ns, Reaching safepoint: 128700 ns, At safepoint: 6600 ns, Total: 135300 ns
[2020-09-28T08:46:40.557+0000][30964][safepoint    ] Safepoint "Cleanup", Time since last: 2000711300 ns, Reaching safepoint: 123800 ns, At safepoint: 6700 ns, Total: 130500 ns
[2020-09-28T08:46:41.964+0000][30964][safepoint    ] Safepoint "Cleanup", Time since last: 1407012200 ns, Reaching safepoint: 114700 ns, At safepoint: 6600 ns, Total: 121300 ns
[2020-09-28T08:46:45.966+0000][30964][safepoint    ] Safepoint "Cleanup", Time since last: 4001533000 ns, Reaching safepoint: 122200 ns, At safepoint: 7900 ns, Total: 130100 ns
[2020-09-28T08:46:46.967+0000][30964][safepoint    ] Safepoint "Cleanup", Time since last: 1000649900 ns, Reaching safepoint: 101100 ns, At safepoint: 7600 ns, Total: 108700 ns
[2020-09-28T08:46:47.967+0000][30964][safepoint    ] Safepoint "Cleanup", Time since last: 1000439300 ns, Reaching safepoint: 127200 ns, At safepoint: 8000 ns, Total: 135200 ns
[2020-09-28T08:46:49.968+0000][30964][safepoint    ] Safepoint "Cleanup", Time since last: 2000620600 ns, Reaching safepoint: 302800 ns, At safepoint: 10300 ns, Total: 313100 ns
[2020-09-28T08:46:50.969+0000][30964][safepoint    ] Safepoint "Cleanup", Time since last: 1000040300 ns, Reaching safepoint: 122600 ns, At safepoint: 7100 ns, Total: 129700 ns
[2020-09-28T08:46:51.970+0000][30964][safepoint    ] Safepoint "Cleanup", Time since last: 1000807600 ns, Reaching safepoint: 184800 ns, At safepoint: 8400 ns, Total: 193200 ns
[2020-09-28T08:46:52.970+0000][30964][safepoint    ] Safepoint "Cleanup", Time since last: 1000463300 ns, Reaching safepoint: 172500 ns, At safepoint: 10600 ns, Total: 183100 ns
[2020-09-28T08:46:54.283+0000][30964][safepoint    ] Safepoint "Cleanup", Time since last: 1312456300 ns, Reaching safepoint: 118100 ns, At safepoint: 6800 ns, Total: 124900 ns
[2020-09-28T08:46:55.047+0000][30964][safepoint    ] Safepoint "BulkRevokeBias", Time since last: 763151000 ns, Reaching safepoint: 87300 ns, At safepoint: 1444000 ns, Total: 1531300 ns
[2020-09-28T08:46:58.050+0000][30964][safepoint    ] Safepoint "Cleanup", Time since last: 3001850900 ns, Reaching safepoint: 101400 ns, At safepoint: 5700 ns, Total: 107100 ns
[2020-09-28T08:47:06.055+0000][30964][safepoint    ] Safepoint "Cleanup", Time since last: 8004345400 ns, Reaching safepoint: 199100 ns, At safepoint: 8700 ns, Total: 207800 ns
[2020-09-28T08:47:09.057+0000][30964][safepoint    ] Safepoint "Cleanup", Time since last: 3000887100 ns, Reaching safepoint: 104200 ns, At safepoint: 8300 ns, Total: 112500 ns
[2020-09-28T08:47:11.058+0000][30964][safepoint    ] Safepoint "Cleanup", Time since last: 2000692500 ns, Reaching safepoint: 127400 ns, At safepoint: 7400 ns, Total: 134800 ns
[2020-09-28T08:47:18.062+0000][30964][safepoint    ] Safepoint "Cleanup", Time since last: 7003606800 ns, Reaching safepoint: 131300 ns, At safepoint: 5300 ns, Total: 136600 ns
[2020-09-28T08:47:25.067+0000][30964][safepoint    ] Safepoint "Cleanup", Time since last: 7004501200 ns, Reaching safepoint: 131800 ns, At safepoint: 7200 ns, Total: 139000 ns
[2020-09-28T08:47:27.295+0000][30964][safepoint    ] Safepoint "Cleanup", Time since last: 2227021000 ns, Reaching safepoint: 77000 ns, At safepoint: 5400 ns, Total: 82400 ns
[2020-09-28T08:47:28.978+0000][30964][safepoint    ] Safepoint "Cleanup", Time since last: 1682563600 ns, Reaching safepoint: 218900 ns, At safepoint: 17800 ns, Total: 236700 ns
[2020-09-28T08:47:29.978+0000][30964][safepoint    ] Safepoint "Cleanup", Time since last: 1000544100 ns, Reaching safepoint: 107300 ns, At safepoint: 5900 ns, Total: 113200 ns
[2020-09-28T08:47:30.979+0000][30964][safepoint    ] Safepoint "Cleanup", Time since last: 1000544600 ns, Reaching safepoint: 121600 ns, At safepoint: 3300 ns, Total: 124900 ns
[2020-09-28T08:47:34.981+0000][30964][safepoint    ] Safepoint "Cleanup", Time since last: 4001731100 ns, Reaching safepoint: 130200 ns, At safepoint: 7900 ns, Total: 138100 ns
[2020-09-28T08:47:35.982+0000][30964][safepoint    ] Safepoint "Cleanup", Time since last: 1000339900 ns, Reaching safepoint: 123900 ns, At safepoint: 5800 ns, Total: 129700 ns
[2020-09-28T08:47:36.982+0000][30964][safepoint    ] Safepoint "Cleanup", Time since last: 1000251800 ns, Reaching safepoint: 135500 ns, At safepoint: 7000 ns, Total: 142500 ns
[2020-09-28T08:47:37.984+0000][30964][safepoint    ] Safepoint "Cleanup", Time since last: 1000894800 ns, Reaching safepoint: 114700 ns, At safepoint: 8000 ns, Total: 122700 ns
[2020-09-28T08:47:40.985+0000][30964][safepoint    ] Safepoint "Cleanup", Time since last: 3000992900 ns, Reaching safepoint: 147500 ns, At safepoint: 44400 ns, Total: 191900 ns
[2020-09-28T08:47:41.986+0000][30964][safepoint    ] Safepoint "Cleanup", Time since last: 1000781400 ns, Reaching safepoint: 99400 ns, At safepoint: 16800 ns, Total: 116200 ns
[2020-09-28T08:47:42.986+0000][30964][safepoint    ] Safepoint "Cleanup", Time since last: 1000252600 ns, Reaching safepoint: 129500 ns, At safepoint: 10700 ns, Total: 140200 ns
[2020-09-28T08:47:46.988+0000][30964][safepoint    ] Safepoint "Cleanup", Time since last: 4001119800 ns, Reaching safepoint: 202300 ns, At safepoint: 6900 ns, Total: 209200 ns
[2020-09-28T08:47:47.988+0000][30964][safepoint    ] Safepoint "Cleanup", Time since last: 1000044200 ns, Reaching safepoint: 122000 ns, At safepoint: 6800 ns, Total: 128800 ns
[2020-09-28T08:47:48.989+0000][30964][safepoint    ] Safepoint "Cleanup", Time since last: 1000546100 ns, Reaching safepoint: 113000 ns, At safepoint: 7000 ns, Total: 120000 ns
[2020-09-28T08:47:50.991+0000][30964][safepoint    ] Safepoint "Cleanup", Time since last: 2001321600 ns, Reaching safepoint: 161100 ns, At safepoint: 8200 ns, Total: 169300 ns
[2020-09-28T08:47:51.991+0000][30964][safepoint    ] Safepoint "Cleanup", Time since last: 1000496600 ns, Reaching safepoint: 114600 ns, At safepoint: 7600 ns, Total: 122200 ns
[2020-09-28T08:47:52.992+0000][30964][safepoint    ] Safepoint "Cleanup", Time since last: 1000678300 ns, Reaching safepoint: 163400 ns, At safepoint: 9900 ns, Total: 173300 ns
[2020-09-28T08:47:53.993+0000][30964][safepoint    ] Safepoint "Cleanup", Time since last: 1000198200 ns, Reaching safepoint: 135400 ns, At safepoint: 7300 ns, Total: 142700 ns
[2020-09-28T08:47:54.994+0000][30964][safepoint    ] Safepoint "Cleanup", Time since last: 1000640200 ns, Reaching safepoint: 184500 ns, At safepoint: 5500 ns, Total: 190000 ns
[2020-09-28T08:47:55.994+0000][30964][safepoint    ] Safepoint "Cleanup", Time since last: 1000124800 ns, Reaching safepoint: 126100 ns, At safepoint: 7400 ns, Total: 133500 ns
[2020-09-28T08:47:56.995+0000][30964][safepoint    ] Safepoint "Cleanup", Time since last: 1000678600 ns, Reaching safepoint: 146500 ns, At safepoint: 11400 ns, Total: 157900 ns
[2020-09-28T08:47:58.995+0000][30964][safepoint    ] Safepoint "Cleanup", Time since last: 2000063400 ns, Reaching safepoint: 116100 ns, At safepoint: 8800 ns, Total: 124900 ns
[2020-09-28T08:48:11.002+0000][30964][safepoint    ] Safepoint "Cleanup", Time since last: 12006103800 ns, Reaching safepoint: 143700 ns, At safepoint: 8200 ns, Total: 151900 ns
[2020-09-28T08:48:33.928+0000][30964][safepoint    ] Safepoint "Cleanup", Time since last: 22924118100 ns, Reaching safepoint: 124200 ns, At safepoint: 10300 ns, Total: 134500 ns
[2020-09-28T08:48:35.753+0000][30964][safepoint    ] Safepoint "Cleanup", Time since last: 1824805600 ns, Reaching safepoint: 214400 ns, At safepoint: 12000 ns, Total: 226400 ns
[2020-09-28T08:48:38.754+0000][30964][safepoint    ] Safepoint "Cleanup", Time since last: 3000799000 ns, Reaching safepoint: 245000 ns, At safepoint: 24000 ns, Total: 269000 ns
[2020-09-28T08:48:41.756+0000][30964][safepoint    ] Safepoint "Cleanup", Time since last: 3001317200 ns, Reaching safepoint: 146100 ns, At safepoint: 12400 ns, Total: 158500 ns
[2020-09-28T08:48:43.756+0000][30964][safepoint    ] Safepoint "Cleanup", Time since last: 1999956300 ns, Reaching safepoint: 107500 ns, At safepoint: 10300 ns, Total: 117800 ns
[2020-09-28T08:48:46.758+0000][30964][safepoint    ] Safepoint "Cleanup", Time since last: 3001281000 ns, Reaching safepoint: 143900 ns, At safepoint: 9500 ns, Total: 153400 ns
[2020-09-28T08:48:55.763+0000][30964][safepoint    ] Safepoint "Cleanup", Time since last: 9004811500 ns, Reaching safepoint: 167400 ns, At safepoint: 11500 ns, Total: 178900 ns
[2020-09-28T08:48:58.901+0000][30964][safepoint    ] Safepoint "Cleanup", Time since last: 3137662400 ns, Reaching safepoint: 292900 ns, At safepoint: 58300 ns, Total: 351200 ns
[2020-09-28T08:48:59.901+0000][30964][safepoint    ] Safepoint "Cleanup", Time since last: 1000092700 ns, Reaching safepoint: 103900 ns, At safepoint: 60600 ns, Total: 164500 ns
[2020-09-28T08:49:16.873+0000][30964][safepoint    ] Safepoint "Cleanup", Time since last: 16970431600 ns, Reaching safepoint: 140100 ns, At safepoint: 110400 ns, Total: 250500 ns
[2020-09-28T08:49:17.400+0000][30964][gc,start     ] GC(13) Pause Young (Concurrent Start) (G1 Humongous Allocation)
[2020-09-28T08:49:17.400+0000][30964][gc,task      ] GC(13) Using 8 workers of 8 for evacuation
[2020-09-28T08:49:17.401+0000][30964][gc,age       ] GC(13) Desired survivor size 33030144 bytes, new threshold 15 (max threshold 15)
[2020-09-28T08:49:17.426+0000][30964][gc,age       ] GC(13) Age table with threshold 15 (max threshold 15)
[2020-09-28T08:49:17.426+0000][30964][gc,age       ] GC(13) - age   1:    4518136 bytes,    4518136 total
[2020-09-28T08:49:17.426+0000][30964][gc,age       ] GC(13) - age   2:     891488 bytes,    5409624 total
[2020-09-28T08:49:17.426+0000][30964][gc,age       ] GC(13) - age   3:   11975120 bytes,   17384744 total
[2020-09-28T08:49:17.426+0000][30964][gc,age       ] GC(13) - age   4:    8321072 bytes,   25705816 total
[2020-09-28T08:49:17.426+0000][30964][gc,phases    ] GC(13)   Pre Evacuate Collection Set: 1.3ms
[2020-09-28T08:49:17.426+0000][30964][gc,phases    ] GC(13)   Merge Heap Roots: 0.5ms
[2020-09-28T08:49:17.426+0000][30964][gc,phases    ] GC(13)   Evacuate Collection Set: 20.3ms
[2020-09-28T08:49:17.426+0000][30964][gc,phases    ] GC(13)   Post Evacuate Collection Set: 2.2ms
[2020-09-28T08:49:17.426+0000][30964][gc,phases    ] GC(13)   Other: 2.0ms
[2020-09-28T08:49:17.426+0000][30964][gc,heap      ] GC(13) Eden regions: 148->0(453)
[2020-09-28T08:49:17.426+0000][30964][gc,heap      ] GC(13) Survivor regions: 24->27(63)
[2020-09-28T08:49:17.426+0000][30964][gc,heap      ] GC(13) Old regions: 50->50
[2020-09-28T08:49:17.426+0000][30964][gc,heap      ] GC(13) Archive regions: 0->0
[2020-09-28T08:49:17.426+0000][30964][gc,heap      ] GC(13) Humongous regions: 257->175
[2020-09-28T08:49:17.426+0000][30964][gc,metaspace ] GC(13) Metaspace: 81018K(86912K)->81018K(86912K) NonClass: 70222K(73728K)->70222K(73728K) Class: 10795K(13184K)->10795K(13184K)
[2020-09-28T08:49:17.426+0000][30964][gc           ] GC(13) Pause Young (Concurrent Start) (G1 Humongous Allocation) 477M->251M(1024M) 26.706ms
[2020-09-28T08:49:17.427+0000][30964][gc,cpu       ] GC(13) User=0.23s Sys=0.00s Real=0.03s
[2020-09-28T08:49:17.427+0000][30964][gc           ] GC(14) Concurrent Cycle
[2020-09-28T08:49:17.427+0000][30964][gc,marking   ] GC(14) Concurrent Clear Claimed Marks
[2020-09-28T08:49:17.427+0000][30964][safepoint    ] Safepoint "G1TryInitiateConcMark", Time since last: 525389900 ns, Reaching safepoint: 757700 ns, At safepoint: 27264300 ns, Total: 28022000 ns
[2020-09-28T08:49:17.427+0000][30964][gc,marking   ] GC(14) Concurrent Clear Claimed Marks 0.369ms
[2020-09-28T08:49:17.427+0000][30964][gc,marking   ] GC(14) Concurrent Scan Root Regions
[2020-09-28T08:49:17.447+0000][30964][gc,marking   ] GC(14) Concurrent Scan Root Regions 19.701ms
[2020-09-28T08:49:17.447+0000][30964][gc,marking   ] GC(14) Concurrent Mark (419.182s)
[2020-09-28T08:49:17.447+0000][30964][gc,marking   ] GC(14) Concurrent Mark From Roots
[2020-09-28T08:49:17.447+0000][30964][gc,task      ] GC(14) Using 2 workers of 2 for marking
[2020-09-28T08:49:17.576+0000][30964][gc,marking   ] GC(14) Concurrent Mark From Roots 128.937ms
[2020-09-28T08:49:17.576+0000][30964][gc,marking   ] GC(14) Concurrent Preclean
[2020-09-28T08:49:17.577+0000][30964][gc,marking   ] GC(14) Concurrent Preclean 0.538ms
[2020-09-28T08:49:17.577+0000][30964][gc,marking   ] GC(14) Concurrent Mark (419.182s, 419.312s) 129.754ms
[2020-09-28T08:49:17.577+0000][30964][gc,start     ] GC(14) Pause Remark
[2020-09-28T08:49:17.584+0000][30964][gc           ] GC(14) Pause Remark 287M->287M(1024M) 7.340ms
[2020-09-28T08:49:17.585+0000][30964][gc,cpu       ] GC(14) User=0.00s Sys=0.00s Real=0.01s
[2020-09-28T08:49:17.585+0000][30964][safepoint    ] Safepoint "G1Concurrent", Time since last: 150159100 ns, Reaching safepoint: 183300 ns, At safepoint: 7599200 ns, Total: 7782500 ns
[2020-09-28T08:49:17.585+0000][30964][gc,marking   ] GC(14) Concurrent Rebuild Remembered Sets
[2020-09-28T08:49:17.654+0000][30964][gc,marking   ] GC(14) Concurrent Rebuild Remembered Sets 69.515ms
[2020-09-28T08:49:17.655+0000][30964][gc,start     ] GC(14) Pause Cleanup
[2020-09-28T08:49:17.655+0000][30964][gc           ] GC(14) Pause Cleanup 287M->287M(1024M) 0.358ms
[2020-09-28T08:49:17.656+0000][30964][gc,cpu       ] GC(14) User=0.00s Sys=0.00s Real=0.00s
[2020-09-28T08:49:17.656+0000][30964][safepoint    ] Safepoint "G1Concurrent", Time since last: 70025900 ns, Reaching safepoint: 523500 ns, At safepoint: 575100 ns, Total: 1098600 ns
[2020-09-28T08:49:17.656+0000][30964][gc,marking   ] GC(14) Concurrent Cleanup for Next Mark
[2020-09-28T08:49:17.658+0000][30964][gc,marking   ] GC(14) Concurrent Cleanup for Next Mark 2.232ms
[2020-09-28T08:49:17.658+0000][30964][gc           ] GC(14) Concurrent Cycle 231.676ms
[2020-09-28T08:49:19.577+0000][30964][safepoint    ] Safepoint "Cleanup", Time since last: 1920399200 ns, Reaching safepoint: 207200 ns, At safepoint: 11100 ns, Total: 218300 ns
[2020-09-28T08:49:20.578+0000][30964][safepoint    ] Safepoint "Cleanup", Time since last: 1000804300 ns, Reaching safepoint: 148200 ns, At safepoint: 25000 ns, Total: 173200 ns
[2020-09-28T08:49:21.579+0000][30964][safepoint    ] Safepoint "Cleanup", Time since last: 1000689200 ns, Reaching safepoint: 373800 ns, At safepoint: 40000 ns, Total: 413800 ns
[2020-09-28T08:49:22.672+0000][30964][safepoint    ] Safepoint "Cleanup", Time since last: 1093595400 ns, Reaching safepoint: 108300 ns, At safepoint: 21300 ns, Total: 129600 ns
[2020-09-28T08:49:23.674+0000][30964][safepoint    ] Safepoint "Cleanup", Time since last: 1000525500 ns, Reaching safepoint: 134800 ns, At safepoint: 9200 ns, Total: 144000 ns
[2020-09-28T08:49:25.101+0000][30964][safepoint    ] Safepoint "Cleanup", Time since last: 1427385400 ns, Reaching safepoint: 407300 ns, At safepoint: 43300 ns, Total: 450600 ns
[2020-09-28T08:49:27.101+0000][30964][safepoint    ] Safepoint "Cleanup", Time since last: 1999647700 ns, Reaching safepoint: 136900 ns, At safepoint: 8800 ns, Total: 145700 ns
[2020-09-28T08:49:29.103+0000][30964][safepoint    ] Safepoint "Cleanup", Time since last: 2000992800 ns, Reaching safepoint: 149600 ns, At safepoint: 8900 ns, Total: 158500 ns
[2020-09-28T08:49:31.103+0000][30964][safepoint    ] Safepoint "Cleanup", Time since last: 2000347400 ns, Reaching safepoint: 128400 ns, At safepoint: 18500 ns, Total: 146900 ns
[2020-09-28T08:49:32.104+0000][30964][safepoint    ] Safepoint "Cleanup", Time since last: 1000007500 ns, Reaching safepoint: 120200 ns, At safepoint: 7500 ns, Total: 127700 ns
[2020-09-28T08:49:33.104+0000][30964][safepoint    ] Safepoint "Cleanup", Time since last: 1000223100 ns, Reaching safepoint: 124200 ns, At safepoint: 6800 ns, Total: 131000 ns
[2020-09-28T08:49:34.105+0000][30964][safepoint    ] Safepoint "Cleanup", Time since last: 1000599900 ns, Reaching safepoint: 147500 ns, At safepoint: 6200 ns, Total: 153700 ns
[2020-09-28T08:49:35.106+0000][30964][safepoint    ] Safepoint "Cleanup", Time since last: 1000500600 ns, Reaching safepoint: 126300 ns, At safepoint: 7900 ns, Total: 134200 ns
[2020-09-28T08:49:36.106+0000][30964][safepoint    ] Safepoint "Cleanup", Time since last: 1000581300 ns, Reaching safepoint: 114700 ns, At safepoint: 8200 ns, Total: 122900 ns
[2020-09-28T08:49:37.107+0000][30964][safepoint    ] Safepoint "Cleanup", Time since last: 1000368600 ns, Reaching safepoint: 143200 ns, At safepoint: 6800 ns, Total: 150000 ns
[2020-09-28T08:49:38.107+0000][30964][safepoint    ] Safepoint "Cleanup", Time since last: 1000317300 ns, Reaching safepoint: 104600 ns, At safepoint: 7700 ns, Total: 112300 ns
[2020-09-28T08:49:39.108+0000][30964][safepoint    ] Safepoint "Cleanup", Time since last: 1000737000 ns, Reaching safepoint: 117000 ns, At safepoint: 8500 ns, Total: 125500 ns
[2020-09-28T08:49:40.109+0000][30964][safepoint    ] Safepoint "Cleanup", Time since last: 1000055600 ns, Reaching safepoint: 131200 ns, At safepoint: 8300 ns, Total: 139500 ns
[2020-09-28T08:49:41.109+0000][30964][safepoint    ] Safepoint "Cleanup", Time since last: 1000316900 ns, Reaching safepoint: 149600 ns, At safepoint: 7900 ns, Total: 157500 ns
[2020-09-28T08:49:42.110+0000][30964][safepoint    ] Safepoint "Cleanup", Time since last: 1000805700 ns, Reaching safepoint: 110600 ns, At safepoint: 5000 ns, Total: 115600 ns
[2020-09-28T08:49:44.111+0000][30964][safepoint    ] Safepoint "Cleanup", Time since last: 2000678600 ns, Reaching safepoint: 126300 ns, At safepoint: 8900 ns, Total: 135200 ns
[2020-09-28T08:49:45.111+0000][30964][safepoint    ] Safepoint "Cleanup", Time since last: 1000176200 ns, Reaching safepoint: 109700 ns, At safepoint: 5400 ns, Total: 115100 ns
[2020-09-28T08:49:46.112+0000][30964][safepoint    ] Safepoint "Cleanup", Time since last: 1000198900 ns, Reaching safepoint: 135200 ns, At safepoint: 9000 ns, Total: 144200 ns
[2020-09-28T08:49:47.112+0000][30964][safepoint    ] Safepoint "Cleanup", Time since last: 1000453300 ns, Reaching safepoint: 147800 ns, At safepoint: 3600 ns, Total: 151400 ns
[2020-09-28T08:49:48.113+0000][30964][safepoint    ] Safepoint "Cleanup", Time since last: 1000199800 ns, Reaching safepoint: 128500 ns, At safepoint: 8400 ns, Total: 136900 ns
[2020-09-28T08:49:50.114+0000][30964][safepoint    ] Safepoint "Cleanup", Time since last: 2000583000 ns, Reaching safepoint: 155100 ns, At safepoint: 12100 ns, Total: 167200 ns
[2020-09-28T08:49:51.114+0000][30964][safepoint    ] Safepoint "Cleanup", Time since last: 1000107300 ns, Reaching safepoint: 190700 ns, At safepoint: 9900 ns, Total: 200600 ns
[2020-09-28T08:49:56.117+0000][30964][safepoint    ] Safepoint "Cleanup", Time since last: 5002962200 ns, Reaching safepoint: 159700 ns, At safepoint: 13600 ns, Total: 173300 ns
[2020-09-28T08:49:58.118+0000][30964][safepoint    ] Safepoint "Cleanup", Time since last: 2000052500 ns, Reaching safepoint: 142800 ns, At safepoint: 3900 ns, Total: 146700 ns
[2020-09-28T08:49:59.119+0000][30964][safepoint    ] Safepoint "Cleanup", Time since last: 1000499400 ns, Reaching safepoint: 149900 ns, At safepoint: 9600 ns, Total: 159500 ns
[2020-09-28T08:50:01.119+0000][30964][safepoint    ] Safepoint "Cleanup", Time since last: 2000330600 ns, Reaching safepoint: 406700 ns, At safepoint: 19300 ns, Total: 426000 ns
[2020-09-28T08:50:05.121+0000][30964][safepoint    ] Safepoint "Cleanup", Time since last: 4000808700 ns, Reaching safepoint: 202900 ns, At safepoint: 10600 ns, Total: 213500 ns
[2020-09-28T08:50:07.121+0000][30964][safepoint    ] Safepoint "Cleanup", Time since last: 1999998600 ns, Reaching safepoint: 120300 ns, At safepoint: 7900 ns, Total: 128200 ns
[2020-09-28T08:50:10.123+0000][30964][safepoint    ] Safepoint "Cleanup", Time since last: 3001434500 ns, Reaching safepoint: 224200 ns, At safepoint: 13500 ns, Total: 237700 ns
[2020-09-28T08:50:12.123+0000][30964][safepoint    ] Safepoint "Cleanup", Time since last: 2000178700 ns, Reaching safepoint: 307100 ns, At safepoint: 8500 ns, Total: 315600 ns
[2020-09-28T08:50:14.124+0000][30964][safepoint    ] Safepoint "Cleanup", Time since last: 1999838900 ns, Reaching safepoint: 123900 ns, At safepoint: 4700 ns, Total: 128600 ns
[2020-09-28T08:50:18.127+0000][30964][safepoint    ] Safepoint "Cleanup", Time since last: 4003101100 ns, Reaching safepoint: 122400 ns, At safepoint: 8200 ns, Total: 130600 ns
[2020-09-28T08:50:22.129+0000][30964][safepoint    ] Safepoint "Cleanup", Time since last: 4002118200 ns, Reaching safepoint: 109000 ns, At safepoint: 5500 ns, Total: 114500 ns
[2020-09-28T08:50:23.130+0000][30964][safepoint    ] Safepoint "Cleanup", Time since last: 1000235000 ns, Reaching safepoint: 139600 ns, At safepoint: 19900 ns, Total: 159500 ns
[2020-09-28T08:50:25.131+0000][30964][safepoint    ] Safepoint "Cleanup", Time since last: 2000938700 ns, Reaching safepoint: 111500 ns, At safepoint: 8400 ns, Total: 119900 ns
[2020-09-28T08:50:26.132+0000][30964][safepoint    ] Safepoint "Cleanup", Time since last: 1000294200 ns, Reaching safepoint: 146500 ns, At safepoint: 13100 ns, Total: 159600 ns
[2020-09-28T08:50:27.132+0000][30964][safepoint    ] Safepoint "Cleanup", Time since last: 1000119400 ns, Reaching safepoint: 91100 ns, At safepoint: 5100 ns, Total: 96200 ns
[2020-09-28T08:50:28.133+0000][30964][safepoint    ] Safepoint "Cleanup", Time since last: 1000583400 ns, Reaching safepoint: 109600 ns, At safepoint: 7400 ns, Total: 117000 ns
[2020-09-28T08:50:29.206+0000][30964][safepoint    ] Safepoint "Cleanup", Time since last: 1073451400 ns, Reaching safepoint: 519900 ns, At safepoint: 34800 ns, Total: 554700 ns
[2020-09-28T08:50:29.223+0000][30964][safepoint    ] Safepoint "BulkRevokeBias", Time since last: 11146900 ns, Reaching safepoint: 132400 ns, At safepoint: 4504200 ns, Total: 4636600 ns
[2020-09-28T08:50:30.718+0000][30964][safepoint    ] Safepoint "Cleanup", Time since last: 1495449900 ns, Reaching safepoint: 187500 ns, At safepoint: 13600 ns, Total: 201100 ns
[2020-09-28T08:50:31.719+0000][30964][safepoint    ] Safepoint "Cleanup", Time since last: 1000767700 ns, Reaching safepoint: 130600 ns, At safepoint: 9100 ns, Total: 139700 ns
[2020-09-28T08:50:31.894+0000][30964][safepoint    ] Safepoint "BulkRevokeBias", Time since last: 169974900 ns, Reaching safepoint: 134300 ns, At safepoint: 4273000 ns, Total: 4407300 ns
[2020-09-28T08:50:32.894+0000][30964][safepoint    ] Safepoint "Cleanup", Time since last: 1000170700 ns, Reaching safepoint: 129100 ns, At safepoint: 4500 ns, Total: 133600 ns
[2020-09-28T08:50:33.748+0000][30964][safepoint    ] Safepoint "BulkRevokeBias", Time since last: 852937700 ns, Reaching safepoint: 117100 ns, At safepoint: 1139800 ns, Total: 1256900 ns
[2020-09-28T08:50:35.749+0000][30964][safepoint    ] Safepoint "Cleanup", Time since last: 2000704600 ns, Reaching safepoint: 124500 ns, At safepoint: 9700 ns, Total: 134200 ns
[2020-09-28T08:50:37.750+0000][30964][safepoint    ] Safepoint "Cleanup", Time since last: 2000455500 ns, Reaching safepoint: 269300 ns, At safepoint: 17200 ns, Total: 286500 ns
[2020-09-28T08:50:38.751+0000][30964][safepoint    ] Safepoint "Cleanup", Time since last: 1000524200 ns, Reaching safepoint: 106800 ns, At safepoint: 2600 ns, Total: 109400 ns
[2020-09-28T08:50:39.751+0000][30964][safepoint    ] Safepoint "Cleanup", Time since last: 1000274300 ns, Reaching safepoint: 98700 ns, At safepoint: 3800 ns, Total: 102500 ns
[2020-09-28T08:50:40.752+0000][30964][safepoint    ] Safepoint "Cleanup", Time since last: 1000353800 ns, Reaching safepoint: 109700 ns, At safepoint: 8100 ns, Total: 117800 ns
[2020-09-28T08:50:41.752+0000][30964][safepoint    ] Safepoint "Cleanup", Time since last: 1000087200 ns, Reaching safepoint: 116400 ns, At safepoint: 8600 ns, Total: 125000 ns
[2020-09-28T08:50:42.753+0000][30964][safepoint    ] Safepoint "Cleanup", Time since last: 1000460500 ns, Reaching safepoint: 121400 ns, At safepoint: 4500 ns, Total: 125900 ns
[2020-09-28T08:50:43.754+0000][30964][safepoint    ] Safepoint "Cleanup", Time since last: 1000699900 ns, Reaching safepoint: 115800 ns, At safepoint: 8700 ns, Total: 124500 ns
[2020-09-28T08:50:44.754+0000][30964][safepoint    ] Safepoint "Cleanup", Time since last: 1000213500 ns, Reaching safepoint: 161200 ns, At safepoint: 9100 ns, Total: 170300 ns
[2020-09-28T08:50:45.755+0000][30964][safepoint    ] Safepoint "Cleanup", Time since last: 1000486200 ns, Reaching safepoint: 134300 ns, At safepoint: 6500 ns, Total: 140800 ns
[2020-09-28T08:50:46.756+0000][30964][safepoint    ] Safepoint "Cleanup", Time since last: 1000666700 ns, Reaching safepoint: 138600 ns, At safepoint: 8500 ns, Total: 147100 ns
[2020-09-28T08:50:47.757+0000][30964][safepoint    ] Safepoint "Cleanup", Time since last: 1000802800 ns, Reaching safepoint: 105400 ns, At safepoint: 4800 ns, Total: 110200 ns
[2020-09-28T08:50:48.757+0000][30964][safepoint    ] Safepoint "Cleanup", Time since last: 1000264700 ns, Reaching safepoint: 140000 ns, At safepoint: 6300 ns, Total: 146300 ns
[2020-09-28T08:50:49.758+0000][30964][safepoint    ] Safepoint "Cleanup", Time since last: 1000685600 ns, Reaching safepoint: 312500 ns, At safepoint: 14300 ns, Total: 326800 ns
[2020-09-28T08:50:50.759+0000][30964][safepoint    ] Safepoint "Cleanup", Time since last: 1000567000 ns, Reaching safepoint: 150700 ns, At safepoint: 7300 ns, Total: 158000 ns
[2020-09-28T08:50:51.760+0000][30964][safepoint    ] Safepoint "Cleanup", Time since last: 1000561800 ns, Reaching safepoint: 119000 ns, At safepoint: 6900 ns, Total: 125900 ns
[2020-09-28T08:50:52.761+0000][30964][safepoint    ] Safepoint "Cleanup", Time since last: 1000664700 ns, Reaching safepoint: 142600 ns, At safepoint: 9500 ns, Total: 152100 ns
[2020-09-28T08:50:53.761+0000][30964][safepoint    ] Safepoint "Cleanup", Time since last: 1000175800 ns, Reaching safepoint: 142700 ns, At safepoint: 15700 ns, Total: 158400 ns
[2020-09-28T08:50:54.761+0000][30964][safepoint    ] Safepoint "Cleanup", Time since last: 1000258400 ns, Reaching safepoint: 146000 ns, At safepoint: 9200 ns, Total: 155200 ns
[2020-09-28T08:50:55.762+0000][30964][safepoint    ] Safepoint "Cleanup", Time since last: 1000575000 ns, Reaching safepoint: 116300 ns, At safepoint: 16500 ns, Total: 132800 ns
[2020-09-28T08:50:56.763+0000][30964][safepoint    ] Safepoint "Cleanup", Time since last: 1000187700 ns, Reaching safepoint: 124500 ns, At safepoint: 8800 ns, Total: 133300 ns
[2020-09-28T08:50:57.763+0000][30964][safepoint    ] Safepoint "Cleanup", Time since last: 1000461000 ns, Reaching safepoint: 128900 ns, At safepoint: 12300 ns, Total: 141200 ns
[2020-09-28T08:50:58.091+0000][30964][safepoint    ] Safepoint "BulkRevokeBias", Time since last: 326280600 ns, Reaching safepoint: 137200 ns, At safepoint: 1408500 ns, Total: 1545700 ns
[2020-09-28T08:50:58.092+0000][30964][safepoint    ] Safepoint "BulkRevokeBias", Time since last: 179200 ns, Reaching safepoint: 111900 ns, At safepoint: 1197900 ns, Total: 1309800 ns
[2020-09-28T08:50:58.094+0000][30964][safepoint    ] Safepoint "BulkRevokeBias", Time since last: 283800 ns, Reaching safepoint: 112700 ns, At safepoint: 1470700 ns, Total: 1583400 ns
[2020-09-28T08:50:58.098+0000][30964][safepoint    ] Safepoint "BulkRevokeBias", Time since last: 1663100 ns, Reaching safepoint: 142700 ns, At safepoint: 1442000 ns, Total: 1584700 ns
[2020-09-28T08:50:58.119+0000][30964][safepoint    ] Safepoint "BulkRevokeBias", Time since last: 18555800 ns, Reaching safepoint: 232600 ns, At safepoint: 2142000 ns, Total: 2374600 ns
[2020-09-28T08:50:58.121+0000][30964][safepoint    ] Safepoint "BulkRevokeBias", Time since last: 630200 ns, Reaching safepoint: 151300 ns, At safepoint: 1530400 ns, Total: 1681700 ns
[2020-09-28T08:50:58.123+0000][30964][safepoint    ] Safepoint "BulkRevokeBias", Time since last: 169500 ns, Reaching safepoint: 118300 ns, At safepoint: 1604500 ns, Total: 1722800 ns
[2020-09-28T08:50:58.124+0000][30964][safepoint    ] Safepoint "BulkRevokeBias", Time since last: 137300 ns, Reaching safepoint: 161600 ns, At safepoint: 1300700 ns, Total: 1462300 ns
[2020-09-28T08:50:59.688+0000][30964][safepoint    ] Safepoint "Cleanup", Time since last: 1562889500 ns, Reaching safepoint: 149500 ns, At safepoint: 8700 ns, Total: 158200 ns
[2020-09-28T08:51:00.688+0000][30964][safepoint    ] Safepoint "Cleanup", Time since last: 1000286300 ns, Reaching safepoint: 141000 ns, At safepoint: 26700 ns, Total: 167700 ns
[2020-09-28T08:51:01.689+0000][30964][safepoint    ] Safepoint "Cleanup", Time since last: 1000227300 ns, Reaching safepoint: 109700 ns, At safepoint: 4500 ns, Total: 114200 ns
[2020-09-28T08:51:02.689+0000][30964][safepoint    ] Safepoint "Cleanup", Time since last: 1000265500 ns, Reaching safepoint: 109000 ns, At safepoint: 11900 ns, Total: 120900 ns
[2020-09-28T08:51:03.690+0000][30964][safepoint    ] Safepoint "Cleanup", Time since last: 1000834900 ns, Reaching safepoint: 128900 ns, At safepoint: 9900 ns, Total: 138800 ns
[2020-09-28T08:51:04.691+0000][30964][safepoint    ] Safepoint "Cleanup", Time since last: 1000688300 ns, Reaching safepoint: 179100 ns, At safepoint: 11000 ns, Total: 190100 ns
[2020-09-28T08:51:06.601+0000][30964][safepoint    ] Safepoint "Cleanup", Time since last: 1910295700 ns, Reaching safepoint: 144000 ns, At safepoint: 6900 ns, Total: 150900 ns
[2020-09-28T08:51:07.602+0000][30964][safepoint    ] Safepoint "Cleanup", Time since last: 1000386900 ns, Reaching safepoint: 122700 ns, At safepoint: 9100 ns, Total: 131800 ns
[2020-09-28T08:51:08.603+0000][30964][safepoint    ] Safepoint "Cleanup", Time since last: 1000446900 ns, Reaching safepoint: 165000 ns, At safepoint: 11200 ns, Total: 176200 ns
[2020-09-28T08:51:09.603+0000][30964][safepoint    ] Safepoint "Cleanup", Time since last: 1000210600 ns, Reaching safepoint: 101300 ns, At safepoint: 3500 ns, Total: 104800 ns
[2020-09-28T08:51:10.603+0000][30964][safepoint    ] Safepoint "Cleanup", Time since last: 1000001800 ns, Reaching safepoint: 122900 ns, At safepoint: 6700 ns, Total: 129600 ns
[2020-09-28T08:51:11.604+0000][30964][safepoint    ] Safepoint "Cleanup", Time since last: 1000796800 ns, Reaching safepoint: 137100 ns, At safepoint: 5300 ns, Total: 142400 ns
[2020-09-28T08:51:12.605+0000][30964][safepoint    ] Safepoint "Cleanup", Time since last: 1000495300 ns, Reaching safepoint: 149500 ns, At safepoint: 17300 ns, Total: 166800 ns
[2020-09-28T08:51:13.606+0000][30964][safepoint    ] Safepoint "Cleanup", Time since last: 1000364600 ns, Reaching safepoint: 199100 ns, At safepoint: 13000 ns, Total: 212100 ns
[2020-09-28T08:51:14.606+0000][30964][safepoint    ] Safepoint "Cleanup", Time since last: 1000421000 ns, Reaching safepoint: 179700 ns, At safepoint: 11000 ns, Total: 190700 ns
[2020-09-28T08:51:15.607+0000][30964][safepoint    ] Safepoint "Cleanup", Time since last: 1000610400 ns, Reaching safepoint: 148100 ns, At safepoint: 10400 ns, Total: 158500 ns
[2020-09-28T08:51:16.608+0000][30964][safepoint    ] Safepoint "Cleanup", Time since last: 1000731300 ns, Reaching safepoint: 154400 ns, At safepoint: 12800 ns, Total: 167200 ns
[2020-09-28T08:51:17.609+0000][30964][safepoint    ] Safepoint "Cleanup", Time since last: 1000518600 ns, Reaching safepoint: 141900 ns, At safepoint: 9400 ns, Total: 151300 ns
[2020-09-28T08:51:18.610+0000][30964][safepoint    ] Safepoint "Cleanup", Time since last: 1000634100 ns, Reaching safepoint: 165100 ns, At safepoint: 9200 ns, Total: 174300 ns
[2020-09-28T08:51:20.610+0000][30964][safepoint    ] Safepoint "Cleanup", Time since last: 2000095900 ns, Reaching safepoint: 145500 ns, At safepoint: 3500 ns, Total: 149000 ns
[2020-09-28T08:51:21.610+0000][30964][safepoint    ] Safepoint "Cleanup", Time since last: 1000038000 ns, Reaching safepoint: 418800 ns, At safepoint: 5700 ns, Total: 424500 ns
[2020-09-28T08:51:23.611+0000][30964][safepoint    ] Safepoint "Cleanup", Time since last: 2000056800 ns, Reaching safepoint: 141700 ns, At safepoint: 8700 ns, Total: 150400 ns
[2020-09-28T08:51:24.611+0000][30964][safepoint    ] Safepoint "Cleanup", Time since last: 1000621800 ns, Reaching safepoint: 231600 ns, At safepoint: 15200 ns, Total: 246800 ns
[2020-09-28T08:51:26.613+0000][30964][safepoint    ] Safepoint "Cleanup", Time since last: 2000591400 ns, Reaching safepoint: 162700 ns, At safepoint: 16100 ns, Total: 178800 ns
[2020-09-28T08:51:27.614+0000][30964][safepoint    ] Safepoint "Cleanup", Time since last: 1000731500 ns, Reaching safepoint: 150100 ns, At safepoint: 10900 ns, Total: 161000 ns
[2020-09-28T08:51:29.615+0000][30964][safepoint    ] Safepoint "Cleanup", Time since last: 2000733600 ns, Reaching safepoint: 115100 ns, At safepoint: 6800 ns, Total: 121900 ns
[2020-09-28T08:51:30.616+0000][30964][safepoint    ] Safepoint "Cleanup", Time since last: 1000832700 ns, Reaching safepoint: 156100 ns, At safepoint: 11500 ns, Total: 167600 ns
[2020-09-28T08:51:32.617+0000][30964][safepoint    ] Safepoint "Cleanup", Time since last: 2000887000 ns, Reaching safepoint: 131900 ns, At safepoint: 4600 ns, Total: 136500 ns
[2020-09-28T08:51:33.618+0000][30964][safepoint    ] Safepoint "Cleanup", Time since last: 1000804100 ns, Reaching safepoint: 141900 ns, At safepoint: 3200 ns, Total: 145100 ns
[2020-09-28T08:51:34.619+0000][30964][safepoint    ] Safepoint "Cleanup", Time since last: 1000838000 ns, Reaching safepoint: 130700 ns, At safepoint: 9500 ns, Total: 140200 ns
[2020-09-28T08:51:35.620+0000][30964][safepoint    ] Safepoint "Cleanup", Time since last: 1000824000 ns, Reaching safepoint: 218500 ns, At safepoint: 8700 ns, Total: 227200 ns
[2020-09-28T08:51:36.621+0000][30964][safepoint    ] Safepoint "Cleanup", Time since last: 1000464800 ns, Reaching safepoint: 178200 ns, At safepoint: 5300 ns, Total: 183500 ns
[2020-09-28T08:51:37.621+0000][30964][safepoint    ] Safepoint "Cleanup", Time since last: 1000081600 ns, Reaching safepoint: 138000 ns, At safepoint: 9300 ns, Total: 147300 ns
[2020-09-28T08:51:38.622+0000][30964][safepoint    ] Safepoint "Cleanup", Time since last: 1000805500 ns, Reaching safepoint: 134400 ns, At safepoint: 15000 ns, Total: 149400 ns
[2020-09-28T08:51:39.623+0000][30964][safepoint    ] Safepoint "Cleanup", Time since last: 1000403200 ns, Reaching safepoint: 114100 ns, At safepoint: 7300 ns, Total: 121400 ns
[2020-09-28T08:51:40.624+0000][30964][safepoint    ] Safepoint "Cleanup", Time since last: 1000656100 ns, Reaching safepoint: 133300 ns, At safepoint: 3300 ns, Total: 136600 ns
[2020-09-28T08:51:41.784+0000][30964][safepoint    ] Safepoint "Cleanup", Time since last: 1160188800 ns, Reaching safepoint: 171000 ns, At safepoint: 24100 ns, Total: 195100 ns
[2020-09-28T08:51:41.799+0000][30964][gc,start     ] GC(15) Pause Young (Concurrent Start) (G1 Humongous Allocation)
[2020-09-28T08:51:41.799+0000][30964][gc,task      ] GC(15) Using 8 workers of 8 for evacuation
[2020-09-28T08:51:41.799+0000][30964][gc,age       ] GC(15) Desired survivor size 31457280 bytes, new threshold 15 (max threshold 15)
[2020-09-28T08:51:41.818+0000][30964][gc,age       ] GC(15) Age table with threshold 15 (max threshold 15)
[2020-09-28T08:51:41.818+0000][30964][gc,age       ] GC(15) - age   1:    2538808 bytes,    2538808 total
[2020-09-28T08:51:41.818+0000][30964][gc,age       ] GC(15) - age   2:    2209536 bytes,    4748344 total
[2020-09-28T08:51:41.818+0000][30964][gc,age       ] GC(15) - age   3:     687928 bytes,    5436272 total
[2020-09-28T08:51:41.818+0000][30964][gc,age       ] GC(15) - age   4:   11886488 bytes,   17322760 total
[2020-09-28T08:51:41.818+0000][30964][gc,age       ] GC(15) - age   5:    8320976 bytes,   25643736 total
[2020-09-28T08:51:41.818+0000][30964][gc,phases    ] GC(15)   Pre Evacuate Collection Set: 0.5ms
[2020-09-28T08:51:41.818+0000][30964][gc,phases    ] GC(15)   Merge Heap Roots: 0.2ms
[2020-09-28T08:51:41.818+0000][30964][gc,phases    ] GC(15)   Evacuate Collection Set: 15.8ms
[2020-09-28T08:51:41.818+0000][30964][gc,phases    ] GC(15)   Post Evacuate Collection Set: 1.9ms
[2020-09-28T08:51:41.818+0000][30964][gc,phases    ] GC(15)   Other: 0.8ms
[2020-09-28T08:51:41.818+0000][30964][gc,heap      ] GC(15) Eden regions: 90->0(464)
[2020-09-28T08:51:41.818+0000][30964][gc,heap      ] GC(15) Survivor regions: 27->27(60)
[2020-09-28T08:51:41.818+0000][30964][gc,heap      ] GC(15) Old regions: 50->50
[2020-09-28T08:51:41.818+0000][30964][gc,heap      ] GC(15) Archive regions: 0->0
[2020-09-28T08:51:41.819+0000][30964][gc,heap      ] GC(15) Humongous regions: 257->175
[2020-09-28T08:51:41.819+0000][30964][gc,metaspace ] GC(15) Metaspace: 81649K(87424K)->81649K(87424K) NonClass: 70831K(74240K)->70831K(74240K) Class: 10817K(13184K)->10817K(13184K)
[2020-09-28T08:51:41.819+0000][30964][gc           ] GC(15) Pause Young (Concurrent Start) (G1 Humongous Allocation) 423M->251M(1024M) 19.581ms
[2020-09-28T08:51:41.819+0000][30964][gc,cpu       ] GC(15) User=0.11s Sys=0.00s Real=0.02s
[2020-09-28T08:51:41.819+0000][30964][gc           ] GC(16) Concurrent Cycle
[2020-09-28T08:51:41.819+0000][30964][safepoint    ] Safepoint "G1TryInitiateConcMark", Time since last: 15128300 ns, Reaching safepoint: 164300 ns, At safepoint: 19847800 ns, Total: 20012100 ns
[2020-09-28T08:51:41.819+0000][30964][gc,marking   ] GC(16) Concurrent Clear Claimed Marks
[2020-09-28T08:51:41.819+0000][30964][gc,marking   ] GC(16) Concurrent Clear Claimed Marks 0.512ms
[2020-09-28T08:51:41.820+0000][30964][gc,marking   ] GC(16) Concurrent Scan Root Regions
[2020-09-28T08:51:41.836+0000][30964][gc,marking   ] GC(16) Concurrent Scan Root Regions 16.793ms
[2020-09-28T08:51:41.836+0000][30964][gc,marking   ] GC(16) Concurrent Mark (563.562s)
[2020-09-28T08:51:41.836+0000][30964][gc,marking   ] GC(16) Concurrent Mark From Roots
[2020-09-28T08:51:41.837+0000][30964][gc,task      ] GC(16) Using 2 workers of 2 for marking
[2020-09-28T08:51:41.951+0000][30964][gc,marking   ] GC(16) Concurrent Mark From Roots 114.367ms
[2020-09-28T08:51:41.951+0000][30964][gc,marking   ] GC(16) Concurrent Preclean
[2020-09-28T08:51:41.951+0000][30964][gc,marking   ] GC(16) Concurrent Preclean 0.455ms
[2020-09-28T08:51:41.951+0000][30964][gc,marking   ] GC(16) Concurrent Mark (563.562s, 563.677s) 115.036ms
[2020-09-28T08:51:41.952+0000][30964][gc,start     ] GC(16) Pause Remark
[2020-09-28T08:51:41.957+0000][30964][gc           ] GC(16) Pause Remark 283M->283M(1024M) 5.155ms
[2020-09-28T08:51:41.957+0000][30964][gc,cpu       ] GC(16) User=0.00s Sys=0.00s Real=0.01s
[2020-09-28T08:51:41.957+0000][30964][safepoint    ] Safepoint "G1Concurrent", Time since last: 132693700 ns, Reaching safepoint: 194000 ns, At safepoint: 5376800 ns, Total: 5570800 ns
[2020-09-28T08:51:41.957+0000][30964][gc,marking   ] GC(16) Concurrent Rebuild Remembered Sets
[2020-09-28T08:51:42.025+0000][30964][gc,marking   ] GC(16) Concurrent Rebuild Remembered Sets 68.120ms
[2020-09-28T08:51:42.026+0000][30964][gc,start     ] GC(16) Pause Cleanup
[2020-09-28T08:51:42.026+0000][30964][gc           ] GC(16) Pause Cleanup 283M->283M(1024M) 0.304ms
[2020-09-28T08:51:42.026+0000][30964][gc,cpu       ] GC(16) User=0.00s Sys=0.00s Real=0.00s
[2020-09-28T08:51:42.026+0000][30964][safepoint    ] Safepoint "G1Concurrent", Time since last: 68324400 ns, Reaching safepoint: 161000 ns, At safepoint: 451400 ns, Total: 612400 ns
[2020-09-28T08:51:42.026+0000][30964][gc,marking   ] GC(16) Concurrent Cleanup for Next Mark
[2020-09-28T08:51:42.028+0000][30964][gc,marking   ] GC(16) Concurrent Cleanup for Next Mark 2.207ms
[2020-09-28T08:51:42.028+0000][30964][gc           ] GC(16) Concurrent Cycle 209.634ms
[2020-09-28T08:51:43.910+0000][30964][safepoint    ] Safepoint "Cleanup", Time since last: 1883404700 ns, Reaching safepoint: 156800 ns, At safepoint: 31700 ns, Total: 188500 ns
[2020-09-28T08:51:44.911+0000][30964][safepoint    ] Safepoint "Cleanup", Time since last: 1000466700 ns, Reaching safepoint: 124900 ns, At safepoint: 22000 ns, Total: 146900 ns
[2020-09-28T08:51:45.912+0000][30964][safepoint    ] Safepoint "Cleanup", Time since last: 1000859600 ns, Reaching safepoint: 138800 ns, At safepoint: 27000 ns, Total: 165800 ns
[2020-09-28T08:51:47.177+0000][30964][safepoint    ] Safepoint "Cleanup", Time since last: 1264767200 ns, Reaching safepoint: 127100 ns, At safepoint: 10900 ns, Total: 138000 ns
[2020-09-28T08:51:48.177+0000][30964][safepoint    ] Safepoint "Cleanup", Time since last: 1000014000 ns, Reaching safepoint: 131700 ns, At safepoint: 9200 ns, Total: 140900 ns
[2020-09-28T08:51:49.892+0000][30964][safepoint    ] Safepoint "Cleanup", Time since last: 1715160800 ns, Reaching safepoint: 125600 ns, At safepoint: 4100 ns, Total: 129700 ns
[2020-09-28T08:51:50.893+0000][30964][safepoint    ] Safepoint "Cleanup", Time since last: 1000242500 ns, Reaching safepoint: 145200 ns, At safepoint: 6900 ns, Total: 152100 ns
[2020-09-28T08:51:51.894+0000][30964][safepoint    ] Safepoint "Cleanup", Time since last: 1000556300 ns, Reaching safepoint: 114800 ns, At safepoint: 9100 ns, Total: 123900 ns
[2020-09-28T08:51:52.923+0000][30964][safepoint    ] Safepoint "Cleanup", Time since last: 1029318400 ns, Reaching safepoint: 154600 ns, At safepoint: 4800 ns, Total: 159400 ns
[2020-09-28T08:51:53.924+0000][30964][safepoint    ] Safepoint "Cleanup", Time since last: 1000567300 ns, Reaching safepoint: 117000 ns, At safepoint: 7700 ns, Total: 124700 ns
[2020-09-28T08:51:54.925+0000][30964][safepoint    ] Safepoint "Cleanup", Time since last: 1000675500 ns, Reaching safepoint: 129600 ns, At safepoint: 5000 ns, Total: 134600 ns
[2020-09-28T08:51:55.925+0000][30964][safepoint    ] Safepoint "Cleanup", Time since last: 1000021300 ns, Reaching safepoint: 146700 ns, At safepoint: 7800 ns, Total: 154500 ns
[2020-09-28T08:51:56.926+0000][30964][safepoint    ] Safepoint "Cleanup", Time since last: 1000501900 ns, Reaching safepoint: 116600 ns, At safepoint: 7500 ns, Total: 124100 ns
[2020-09-28T08:51:57.926+0000][30964][safepoint    ] Safepoint "Cleanup", Time since last: 1000108400 ns, Reaching safepoint: 128200 ns, At safepoint: 9000 ns, Total: 137200 ns
[2020-09-28T08:51:58.926+0000][30964][safepoint    ] Safepoint "Cleanup", Time since last: 1000069300 ns, Reaching safepoint: 151200 ns, At safepoint: 10100 ns, Total: 161300 ns
[2020-09-28T08:51:59.927+0000][30964][safepoint    ] Safepoint "Cleanup", Time since last: 1000778600 ns, Reaching safepoint: 167500 ns, At safepoint: 12600 ns, Total: 180100 ns
[2020-09-28T08:52:00.928+0000][30964][safepoint    ] Safepoint "Cleanup", Time since last: 1000294600 ns, Reaching safepoint: 131400 ns, At safepoint: 7600 ns, Total: 139000 ns
[2020-09-28T08:52:01.928+0000][30964][safepoint    ] Safepoint "Cleanup", Time since last: 1000326700 ns, Reaching safepoint: 118700 ns, At safepoint: 7100 ns, Total: 125800 ns
[2020-09-28T08:52:02.929+0000][30964][safepoint    ] Safepoint "Cleanup", Time since last: 1000755900 ns, Reaching safepoint: 120400 ns, At safepoint: 6200 ns, Total: 126600 ns
[2020-09-28T08:52:03.930+0000][30964][safepoint    ] Safepoint "Cleanup", Time since last: 1000702000 ns, Reaching safepoint: 147300 ns, At safepoint: 6600 ns, Total: 153900 ns
[2020-09-28T08:52:04.931+0000][30964][safepoint    ] Safepoint "Cleanup", Time since last: 1000247500 ns, Reaching safepoint: 134500 ns, At safepoint: 8800 ns, Total: 143300 ns
[2020-09-28T08:52:05.931+0000][30964][safepoint    ] Safepoint "Cleanup", Time since last: 1000473400 ns, Reaching safepoint: 137800 ns, At safepoint: 11900 ns, Total: 149700 ns
[2020-09-28T08:52:06.932+0000][30964][safepoint    ] Safepoint "Cleanup", Time since last: 1000402300 ns, Reaching safepoint: 113400 ns, At safepoint: 6600 ns, Total: 120000 ns
[2020-09-28T08:52:07.933+0000][30964][safepoint    ] Safepoint "Cleanup", Time since last: 1000754800 ns, Reaching safepoint: 122800 ns, At safepoint: 8500 ns, Total: 131300 ns
[2020-09-28T08:52:08.934+0000][30964][safepoint    ] Safepoint "Cleanup", Time since last: 1000725200 ns, Reaching safepoint: 98800 ns, At safepoint: 6400 ns, Total: 105200 ns
[2020-09-28T08:52:09.934+0000][30964][safepoint    ] Safepoint "Cleanup", Time since last: 1000026400 ns, Reaching safepoint: 143500 ns, At safepoint: 10800 ns, Total: 154300 ns
[2020-09-28T08:52:11.144+0000][30964][safepoint    ] Safepoint "Cleanup", Time since last: 1209730900 ns, Reaching safepoint: 181000 ns, At safepoint: 7700 ns, Total: 188700 ns
[2020-09-28T08:52:12.145+0000][30964][safepoint    ] Safepoint "Cleanup", Time since last: 1000409100 ns, Reaching safepoint: 139400 ns, At safepoint: 9800 ns, Total: 149200 ns
[2020-09-28T08:52:13.145+0000][30964][safepoint    ] Safepoint "Cleanup", Time since last: 1000524600 ns, Reaching safepoint: 146100 ns, At safepoint: 7700 ns, Total: 153800 ns
[2020-09-28T08:52:15.146+0000][30964][safepoint    ] Safepoint "Cleanup", Time since last: 2000798000 ns, Reaching safepoint: 140600 ns, At safepoint: 9900 ns, Total: 150500 ns
[2020-09-28T08:52:16.147+0000][30964][safepoint    ] Safepoint "Cleanup", Time since last: 1000825200 ns, Reaching safepoint: 215300 ns, At safepoint: 12200 ns, Total: 227500 ns
[2020-09-28T08:52:18.148+0000][30964][safepoint    ] Safepoint "Cleanup", Time since last: 2000266200 ns, Reaching safepoint: 223800 ns, At safepoint: 11700 ns, Total: 235500 ns
[2020-09-28T08:52:19.149+0000][30964][safepoint    ] Safepoint "Cleanup", Time since last: 1000378700 ns, Reaching safepoint: 101800 ns, At safepoint: 9100 ns, Total: 110900 ns
[2020-09-28T08:52:20.149+0000][30964][safepoint    ] Safepoint "Cleanup", Time since last: 1000055800 ns, Reaching safepoint: 111900 ns, At safepoint: 8200 ns, Total: 120100 ns
[2020-09-28T08:52:22.149+0000][30964][safepoint    ] Safepoint "Cleanup", Time since last: 2000192400 ns, Reaching safepoint: 124100 ns, At safepoint: 7700 ns, Total: 131800 ns
[2020-09-28T08:52:23.150+0000][30964][safepoint    ] Safepoint "Cleanup", Time since last: 1000312400 ns, Reaching safepoint: 165900 ns, At safepoint: 9800 ns, Total: 175700 ns
[2020-09-28T08:52:24.151+0000][30964][safepoint    ] Safepoint "Cleanup", Time since last: 1000556200 ns, Reaching safepoint: 182300 ns, At safepoint: 5900 ns, Total: 188200 ns
[2020-09-28T08:52:25.151+0000][30964][safepoint    ] Safepoint "Cleanup", Time since last: 1000114300 ns, Reaching safepoint: 118200 ns, At safepoint: 5100 ns, Total: 123300 ns
[2020-09-28T08:52:26.152+0000][30964][safepoint    ] Safepoint "Cleanup", Time since last: 1000277400 ns, Reaching safepoint: 137500 ns, At safepoint: 10600 ns, Total: 148100 ns
[2020-09-28T08:52:27.152+0000][30964][safepoint    ] Safepoint "Cleanup", Time since last: 1000027600 ns, Reaching safepoint: 143200 ns, At safepoint: 5000 ns, Total: 148200 ns
[2020-09-28T08:52:28.152+0000][30964][safepoint    ] Safepoint "Cleanup", Time since last: 1000165100 ns, Reaching safepoint: 122400 ns, At safepoint: 6600 ns, Total: 129000 ns
[2020-09-28T08:52:28.274+0000][30964][safepoint    ] Safepoint "BulkRevokeBias", Time since last: 121106900 ns, Reaching safepoint: 166500 ns, At safepoint: 1405700 ns, Total: 1572200 ns
[2020-09-28T08:52:28.276+0000][30964][safepoint    ] Safepoint "BulkRevokeBias", Time since last: 454900 ns, Reaching safepoint: 135600 ns, At safepoint: 980000 ns, Total: 1115600 ns
[2020-09-28T08:52:28.277+0000][30964][safepoint    ] Safepoint "BulkRevokeBias", Time since last: 128100 ns, Reaching safepoint: 116300 ns, At safepoint: 1124200 ns, Total: 1240500 ns
[2020-09-28T08:52:29.397+0000][30964][safepoint    ] Safepoint "Cleanup", Time since last: 1118793600 ns, Reaching safepoint: 156200 ns, At safepoint: 8900 ns, Total: 165100 ns
[2020-09-28T08:52:30.746+0000][30964][safepoint    ] Safepoint "Cleanup", Time since last: 1348652900 ns, Reaching safepoint: 129800 ns, At safepoint: 10200 ns, Total: 140000 ns
[2020-09-28T08:52:31.746+0000][30964][safepoint    ] Safepoint "Cleanup", Time since last: 1000503100 ns, Reaching safepoint: 142000 ns, At safepoint: 10500 ns, Total: 152500 ns
[2020-09-28T08:52:33.617+0000][30964][safepoint    ] Safepoint "Cleanup", Time since last: 1870571100 ns, Reaching safepoint: 607600 ns, At safepoint: 24400 ns, Total: 632000 ns
[2020-09-28T08:52:34.618+0000][30964][safepoint    ] Safepoint "Cleanup", Time since last: 1000381000 ns, Reaching safepoint: 151800 ns, At safepoint: 21600 ns, Total: 173400 ns
[2020-09-28T08:52:35.960+0000][30964][safepoint    ] Safepoint "Cleanup", Time since last: 1341195100 ns, Reaching safepoint: 139700 ns, At safepoint: 10100 ns, Total: 149800 ns
[2020-09-28T08:52:37.006+0000][30964][safepoint    ] Safepoint "Cleanup", Time since last: 1045705900 ns, Reaching safepoint: 161400 ns, At safepoint: 10700 ns, Total: 172100 ns
[2020-09-28T08:52:38.053+0000][30964][safepoint    ] Safepoint "Cleanup", Time since last: 1046741500 ns, Reaching safepoint: 174200 ns, At safepoint: 23800 ns, Total: 198000 ns
[2020-09-28T08:52:39.054+0000][30964][safepoint    ] Safepoint "Cleanup", Time since last: 1000595500 ns, Reaching safepoint: 145700 ns, At safepoint: 29000 ns, Total: 174700 ns
[2020-09-28T08:52:40.803+0000][30964][safepoint    ] Safepoint "Cleanup", Time since last: 1749500500 ns, Reaching safepoint: 142600 ns, At safepoint: 10100 ns, Total: 152700 ns
[2020-09-28T08:52:41.804+0000][30964][safepoint    ] Safepoint "Cleanup", Time since last: 1000032700 ns, Reaching safepoint: 228700 ns, At safepoint: 12400 ns, Total: 241100 ns
[2020-09-28T08:52:42.804+0000][30964][safepoint    ] Safepoint "Cleanup", Time since last: 1000469500 ns, Reaching safepoint: 104100 ns, At safepoint: 7500 ns, Total: 111600 ns
[2020-09-28T08:52:43.805+0000][30964][safepoint    ] Safepoint "Cleanup", Time since last: 1000117200 ns, Reaching safepoint: 129200 ns, At safepoint: 10700 ns, Total: 139900 ns
[2020-09-28T08:52:44.805+0000][30964][safepoint    ] Safepoint "Cleanup", Time since last: 1000610000 ns, Reaching safepoint: 127300 ns, At safepoint: 7000 ns, Total: 134300 ns
[2020-09-28T08:52:45.806+0000][30964][safepoint    ] Safepoint "Cleanup", Time since last: 1000084700 ns, Reaching safepoint: 126200 ns, At safepoint: 6300 ns, Total: 132500 ns
[2020-09-28T08:52:46.806+0000][30964][safepoint    ] Safepoint "Cleanup", Time since last: 1000280300 ns, Reaching safepoint: 115800 ns, At safepoint: 9500 ns, Total: 125300 ns
[2020-09-28T08:52:47.807+0000][30964][safepoint    ] Safepoint "Cleanup", Time since last: 1000550300 ns, Reaching safepoint: 185400 ns, At safepoint: 12400 ns, Total: 197800 ns
[2020-09-28T08:52:48.808+0000][30964][safepoint    ] Safepoint "Cleanup", Time since last: 1000684900 ns, Reaching safepoint: 128400 ns, At safepoint: 13800 ns, Total: 142200 ns
[2020-09-28T08:52:49.809+0000][30964][safepoint    ] Safepoint "Cleanup", Time since last: 1000377500 ns, Reaching safepoint: 135100 ns, At safepoint: 10400 ns, Total: 145500 ns
[2020-09-28T08:52:50.809+0000][30964][safepoint    ] Safepoint "Cleanup", Time since last: 1000506300 ns, Reaching safepoint: 129000 ns, At safepoint: 8600 ns, Total: 137600 ns
[2020-09-28T08:52:51.810+0000][30964][safepoint    ] Safepoint "Cleanup", Time since last: 1000243300 ns, Reaching safepoint: 134000 ns, At safepoint: 7600 ns, Total: 141600 ns
[2020-09-28T08:52:52.810+0000][30964][safepoint    ] Safepoint "Cleanup", Time since last: 1000088100 ns, Reaching safepoint: 162100 ns, At safepoint: 10500 ns, Total: 172600 ns
[2020-09-28T08:52:53.810+0000][30964][safepoint    ] Safepoint "Cleanup", Time since last: 1000240000 ns, Reaching safepoint: 128600 ns, At safepoint: 4400 ns, Total: 133000 ns
[2020-09-28T08:52:54.811+0000][30964][safepoint    ] Safepoint "Cleanup", Time since last: 1000550800 ns, Reaching safepoint: 219500 ns, At safepoint: 11300 ns, Total: 230800 ns
[2020-09-28T08:52:55.812+0000][30964][safepoint    ] Safepoint "Cleanup", Time since last: 1000501300 ns, Reaching safepoint: 124000 ns, At safepoint: 9500 ns, Total: 133500 ns
[2020-09-28T08:52:56.813+0000][30964][safepoint    ] Safepoint "Cleanup", Time since last: 1000514300 ns, Reaching safepoint: 137900 ns, At safepoint: 10200 ns, Total: 148100 ns
[2020-09-28T08:52:57.813+0000][30964][safepoint    ] Safepoint "Cleanup", Time since last: 1000159400 ns, Reaching safepoint: 129000 ns, At safepoint: 68300 ns, Total: 197300 ns
[2020-09-28T08:52:59.814+0000][30964][safepoint    ] Safepoint "Cleanup", Time since last: 2000468400 ns, Reaching safepoint: 150800 ns, At safepoint: 10000 ns, Total: 160800 ns
[2020-09-28T08:53:00.815+0000][30964][safepoint    ] Safepoint "Cleanup", Time since last: 1000655200 ns, Reaching safepoint: 145600 ns, At safepoint: 14100 ns, Total: 159700 ns
[2020-09-28T08:53:01.815+0000][30964][safepoint    ] Safepoint "Cleanup", Time since last: 1000760300 ns, Reaching safepoint: 183600 ns, At safepoint: 10700 ns, Total: 194300 ns
[2020-09-28T08:53:02.816+0000][30964][safepoint    ] Safepoint "Cleanup", Time since last: 1000290900 ns, Reaching safepoint: 135500 ns, At safepoint: 13000 ns, Total: 148500 ns
[2020-09-28T08:53:03.816+0000][30964][safepoint    ] Safepoint "Cleanup", Time since last: 1000125400 ns, Reaching safepoint: 118500 ns, At safepoint: 5300 ns, Total: 123800 ns
[2020-09-28T08:53:04.817+0000][30964][safepoint    ] Safepoint "Cleanup", Time since last: 1000636400 ns, Reaching safepoint: 125600 ns, At safepoint: 9300 ns, Total: 134900 ns
[2020-09-28T08:53:05.817+0000][30964][safepoint    ] Safepoint "Cleanup", Time since last: 1000172200 ns, Reaching safepoint: 192600 ns, At safepoint: 10000 ns, Total: 202600 ns
[2020-09-28T08:53:06.818+0000][30964][safepoint    ] Safepoint "Cleanup", Time since last: 1000134600 ns, Reaching safepoint: 128800 ns, At safepoint: 17700 ns, Total: 146500 ns
[2020-09-28T08:53:07.818+0000][30964][safepoint    ] Safepoint "Cleanup", Time since last: 1000112600 ns, Reaching safepoint: 155500 ns, At safepoint: 12000 ns, Total: 167500 ns
[2020-09-28T08:53:08.819+0000][30964][safepoint    ] Safepoint "Cleanup", Time since last: 1000730200 ns, Reaching safepoint: 168800 ns, At safepoint: 10400 ns, Total: 179200 ns
[2020-09-28T08:53:10.820+0000][30964][safepoint    ] Safepoint "Cleanup", Time since last: 2000190200 ns, Reaching safepoint: 159000 ns, At safepoint: 11100 ns, Total: 170100 ns
[2020-09-28T08:53:12.083+0000][30964][safepoint    ] Safepoint "Cleanup", Time since last: 1262945900 ns, Reaching safepoint: 173100 ns, At safepoint: 11400 ns, Total: 184500 ns
[2020-09-28T08:53:13.083+0000][30964][safepoint    ] Safepoint "Cleanup", Time since last: 1000062000 ns, Reaching safepoint: 135000 ns, At safepoint: 7800 ns, Total: 142800 ns
[2020-09-28T08:53:14.083+0000][30964][safepoint    ] Safepoint "Cleanup", Time since last: 1000111700 ns, Reaching safepoint: 133900 ns, At safepoint: 10200 ns, Total: 144100 ns
[2020-09-28T08:53:15.084+0000][30964][safepoint    ] Safepoint "Cleanup", Time since last: 1000611200 ns, Reaching safepoint: 234800 ns, At safepoint: 31000 ns, Total: 265800 ns
[2020-09-28T08:53:17.085+0000][30964][safepoint    ] Safepoint "Cleanup", Time since last: 2000379200 ns, Reaching safepoint: 116700 ns, At safepoint: 4800 ns, Total: 121500 ns
[2020-09-28T08:53:18.085+0000][30964][safepoint    ] Safepoint "Cleanup", Time since last: 1000408000 ns, Reaching safepoint: 162400 ns, At safepoint: 10900 ns, Total: 173300 ns
[2020-09-28T08:53:19.086+0000][30964][safepoint    ] Safepoint "Cleanup", Time since last: 1000806900 ns, Reaching safepoint: 165700 ns, At safepoint: 13200 ns, Total: 178900 ns
[2020-09-28T08:53:20.087+0000][30964][safepoint    ] Safepoint "Cleanup", Time since last: 1000803200 ns, Reaching safepoint: 160000 ns, At safepoint: 7000 ns, Total: 167000 ns
[2020-09-28T08:53:22.088+0000][30964][safepoint    ] Safepoint "Cleanup", Time since last: 2000370900 ns, Reaching safepoint: 171400 ns, At safepoint: 16100 ns, Total: 187500 ns
[2020-09-28T08:53:23.089+0000][30964][safepoint    ] Safepoint "Cleanup", Time since last: 1000282900 ns, Reaching safepoint: 126400 ns, At safepoint: 8000 ns, Total: 134400 ns
[2020-09-28T08:53:24.090+0000][30964][safepoint    ] Safepoint "Cleanup", Time since last: 1000862200 ns, Reaching safepoint: 116000 ns, At safepoint: 9200 ns, Total: 125200 ns
[2020-09-28T08:53:25.091+0000][30964][safepoint    ] Safepoint "Cleanup", Time since last: 1000757900 ns, Reaching safepoint: 120400 ns, At safepoint: 8600 ns, Total: 129000 ns
[2020-09-28T08:53:27.091+0000][30964][safepoint    ] Safepoint "Cleanup", Time since last: 2000598400 ns, Reaching safepoint: 119800 ns, At safepoint: 9500 ns, Total: 129300 ns
[2020-09-28T08:53:28.092+0000][30964][safepoint    ] Safepoint "Cleanup", Time since last: 1000215100 ns, Reaching safepoint: 136200 ns, At safepoint: 10700 ns, Total: 146900 ns
[2020-09-28T08:53:29.092+0000][30964][safepoint    ] Safepoint "Cleanup", Time since last: 1000139500 ns, Reaching safepoint: 106800 ns, At safepoint: 5100 ns, Total: 111900 ns
[2020-09-28T08:53:30.092+0000][30964][safepoint    ] Safepoint "Cleanup", Time since last: 1000113300 ns, Reaching safepoint: 152600 ns, At safepoint: 8500 ns, Total: 161100 ns
[2020-09-28T08:53:31.093+0000][30964][safepoint    ] Safepoint "Cleanup", Time since last: 1000241100 ns, Reaching safepoint: 133600 ns, At safepoint: 26900 ns, Total: 160500 ns
[2020-09-28T08:53:33.094+0000][30964][safepoint    ] Safepoint "Cleanup", Time since last: 2000446600 ns, Reaching safepoint: 171200 ns, At safepoint: 16400 ns, Total: 187600 ns
[2020-09-28T08:53:34.094+0000][30964][safepoint    ] Safepoint "Cleanup", Time since last: 1000153200 ns, Reaching safepoint: 142500 ns, At safepoint: 130700 ns, Total: 273200 ns
[2020-09-28T08:53:36.094+0000][30964][safepoint    ] Safepoint "Cleanup", Time since last: 1999952700 ns, Reaching safepoint: 160600 ns, At safepoint: 12500 ns, Total: 173100 ns
[2020-09-28T08:53:37.095+0000][30964][safepoint    ] Safepoint "Cleanup", Time since last: 1000674700 ns, Reaching safepoint: 177900 ns, At safepoint: 3900 ns, Total: 181800 ns
[2020-09-28T08:53:38.096+0000][30964][safepoint    ] Safepoint "Cleanup", Time since last: 1000896800 ns, Reaching safepoint: 152400 ns, At safepoint: 10500 ns, Total: 162900 ns
[2020-09-28T08:53:39.097+0000][30964][safepoint    ] Safepoint "Cleanup", Time since last: 1000562800 ns, Reaching safepoint: 224600 ns, At safepoint: 28700 ns, Total: 253300 ns
[2020-09-28T08:53:40.097+0000][30964][safepoint    ] Safepoint "Cleanup", Time since last: 1000095100 ns, Reaching safepoint: 156300 ns, At safepoint: 13400 ns, Total: 169700 ns
[2020-09-28T08:53:41.098+0000][30964][safepoint    ] Safepoint "Cleanup", Time since last: 1000451400 ns, Reaching safepoint: 172700 ns, At safepoint: 27500 ns, Total: 200200 ns
[2020-09-28T08:53:42.099+0000][30964][safepoint    ] Safepoint "Cleanup", Time since last: 1000310400 ns, Reaching safepoint: 177200 ns, At safepoint: 7500 ns, Total: 184700 ns
[2020-09-28T08:53:43.099+0000][30964][safepoint    ] Safepoint "Cleanup", Time since last: 1000445700 ns, Reaching safepoint: 117400 ns, At safepoint: 7200 ns, Total: 124600 ns
[2020-09-28T08:53:44.100+0000][30964][safepoint    ] Safepoint "Cleanup", Time since last: 1000381500 ns, Reaching safepoint: 138300 ns, At safepoint: 10100 ns, Total: 148400 ns
[2020-09-28T08:53:45.101+0000][30964][safepoint    ] Safepoint "Cleanup", Time since last: 1000588700 ns, Reaching safepoint: 111200 ns, At safepoint: 9600 ns, Total: 120800 ns
[2020-09-28T08:53:47.101+0000][30964][safepoint    ] Safepoint "Cleanup", Time since last: 2000560000 ns, Reaching safepoint: 107600 ns, At safepoint: 10800 ns, Total: 118400 ns
[2020-09-28T08:53:49.102+0000][30964][safepoint    ] Safepoint "Cleanup", Time since last: 2000132400 ns, Reaching safepoint: 122500 ns, At safepoint: 5000 ns, Total: 127500 ns
[2020-09-28T08:53:50.103+0000][30964][safepoint    ] Safepoint "Cleanup", Time since last: 1000656000 ns, Reaching safepoint: 133200 ns, At safepoint: 6700 ns, Total: 139900 ns
[2020-09-28T08:53:51.103+0000][30964][safepoint    ] Safepoint "Cleanup", Time since last: 1000658900 ns, Reaching safepoint: 123000 ns, At safepoint: 5200 ns, Total: 128200 ns
[2020-09-28T08:53:52.104+0000][30964][safepoint    ] Safepoint "Cleanup", Time since last: 1000526200 ns, Reaching safepoint: 106700 ns, At safepoint: 6400 ns, Total: 113100 ns
[2020-09-28T08:53:53.105+0000][30964][safepoint    ] Safepoint "Cleanup", Time since last: 1000296400 ns, Reaching safepoint: 121700 ns, At safepoint: 5500 ns, Total: 127200 ns
[2020-09-28T08:53:54.105+0000][30964][safepoint    ] Safepoint "Cleanup", Time since last: 1000129100 ns, Reaching safepoint: 111500 ns, At safepoint: 5600 ns, Total: 117100 ns
[2020-09-28T08:53:55.105+0000][30964][safepoint    ] Safepoint "Cleanup", Time since last: 1000132300 ns, Reaching safepoint: 124800 ns, At safepoint: 4500 ns, Total: 129300 ns
[2020-09-28T08:53:56.105+0000][30964][safepoint    ] Safepoint "Cleanup", Time since last: 1000013000 ns, Reaching safepoint: 111500 ns, At safepoint: 5000 ns, Total: 116500 ns
[2020-09-28T08:53:57.106+0000][30964][safepoint    ] Safepoint "Cleanup", Time since last: 1000864800 ns, Reaching safepoint: 121900 ns, At safepoint: 10600 ns, Total: 132500 ns
[2020-09-28T08:53:59.107+0000][30964][safepoint    ] Safepoint "Cleanup", Time since last: 2000010000 ns, Reaching safepoint: 100500 ns, At safepoint: 7700 ns, Total: 108200 ns
[2020-09-28T08:54:00.107+0000][30964][safepoint    ] Safepoint "Cleanup", Time since last: 1000640800 ns, Reaching safepoint: 139800 ns, At safepoint: 9700 ns, Total: 149500 ns
[2020-09-28T08:54:01.108+0000][30964][safepoint    ] Safepoint "Cleanup", Time since last: 1000012100 ns, Reaching safepoint: 144100 ns, At safepoint: 4500 ns, Total: 148600 ns
[2020-09-28T08:54:03.109+0000][30964][safepoint    ] Safepoint "Cleanup", Time since last: 2000739200 ns, Reaching safepoint: 126700 ns, At safepoint: 8900 ns, Total: 135600 ns
[2020-09-28T08:54:04.109+0000][30964][safepoint    ] Safepoint "Cleanup", Time since last: 1000458900 ns, Reaching safepoint: 146800 ns, At safepoint: 10600 ns, Total: 157400 ns
[2020-09-28T08:54:05.110+0000][30964][safepoint    ] Safepoint "Cleanup", Time since last: 1000450000 ns, Reaching safepoint: 219400 ns, At safepoint: 11400 ns, Total: 230800 ns
[2020-09-28T08:54:06.110+0000][30964][safepoint    ] Safepoint "Cleanup", Time since last: 1000241400 ns, Reaching safepoint: 125200 ns, At safepoint: 4500 ns, Total: 129700 ns
[2020-09-28T08:54:07.111+0000][30964][safepoint    ] Safepoint "Cleanup", Time since last: 1000848700 ns, Reaching safepoint: 178400 ns, At safepoint: 13400 ns, Total: 191800 ns
[2020-09-28T08:54:08.112+0000][30964][safepoint    ] Safepoint "Cleanup", Time since last: 1000846400 ns, Reaching safepoint: 109100 ns, At safepoint: 6500 ns, Total: 115600 ns
[2020-09-28T08:54:09.113+0000][30964][safepoint    ] Safepoint "Cleanup", Time since last: 1000810600 ns, Reaching safepoint: 141500 ns, At safepoint: 12100 ns, Total: 153600 ns
[2020-09-28T08:54:10.114+0000][30964][safepoint    ] Safepoint "Cleanup", Time since last: 1000186900 ns, Reaching safepoint: 126400 ns, At safepoint: 7200 ns, Total: 133600 ns
[2020-09-28T08:54:12.095+0000][30964][safepoint    ] Safepoint "Cleanup", Time since last: 1980989000 ns, Reaching safepoint: 151200 ns, At safepoint: 7600 ns, Total: 158800 ns
[2020-09-28T08:54:13.096+0000][30964][safepoint    ] Safepoint "Cleanup", Time since last: 1000374500 ns, Reaching safepoint: 129600 ns, At safepoint: 8500 ns, Total: 138100 ns
[2020-09-28T08:54:15.096+0000][30964][safepoint    ] Safepoint "Cleanup", Time since last: 2000438100 ns, Reaching safepoint: 136800 ns, At safepoint: 8400 ns, Total: 145200 ns
[2020-09-28T08:54:16.097+0000][30964][safepoint    ] Safepoint "Cleanup", Time since last: 1000061700 ns, Reaching safepoint: 104500 ns, At safepoint: 8800 ns, Total: 113300 ns
[2020-09-28T08:54:17.098+0000][30964][safepoint    ] Safepoint "Cleanup", Time since last: 1000835000 ns, Reaching safepoint: 161200 ns, At safepoint: 10400 ns, Total: 171600 ns
[2020-09-28T08:54:18.098+0000][30964][safepoint    ] Safepoint "Cleanup", Time since last: 1000314200 ns, Reaching safepoint: 147200 ns, At safepoint: 10500 ns, Total: 157700 ns
[2020-09-28T08:54:20.098+0000][30964][safepoint    ] Safepoint "Cleanup", Time since last: 1999927000 ns, Reaching safepoint: 167600 ns, At safepoint: 12800 ns, Total: 180400 ns
[2020-09-28T08:54:21.099+0000][30964][safepoint    ] Safepoint "Cleanup", Time since last: 1000279900 ns, Reaching safepoint: 166600 ns, At safepoint: 11400 ns, Total: 178000 ns
[2020-09-28T08:54:23.099+0000][30964][safepoint    ] Safepoint "Cleanup", Time since last: 2000121600 ns, Reaching safepoint: 107700 ns, At safepoint: 7400 ns, Total: 115100 ns
[2020-09-28T08:54:24.100+0000][30964][safepoint    ] Safepoint "Cleanup", Time since last: 1000820500 ns, Reaching safepoint: 131900 ns, At safepoint: 9800 ns, Total: 141700 ns
[2020-09-28T08:54:25.101+0000][30964][safepoint    ] Safepoint "Cleanup", Time since last: 1000798600 ns, Reaching safepoint: 125800 ns, At safepoint: 7900 ns, Total: 133700 ns
[2020-09-28T08:54:27.101+0000][30964][safepoint    ] Safepoint "Cleanup", Time since last: 2000024500 ns, Reaching safepoint: 125400 ns, At safepoint: 6000 ns, Total: 131400 ns
[2020-09-28T08:54:28.102+0000][30964][safepoint    ] Safepoint "Cleanup", Time since last: 1000517500 ns, Reaching safepoint: 122600 ns, At safepoint: 13500 ns, Total: 136100 ns
[2020-09-28T08:54:29.103+0000][30964][safepoint    ] Safepoint "Cleanup", Time since last: 1000692000 ns, Reaching safepoint: 130800 ns, At safepoint: 8900 ns, Total: 139700 ns
[2020-09-28T08:54:31.104+0000][30964][safepoint    ] Safepoint "Cleanup", Time since last: 2000420400 ns, Reaching safepoint: 121700 ns, At safepoint: 9400 ns, Total: 131100 ns
[2020-09-28T08:54:32.104+0000][30964][safepoint    ] Safepoint "Cleanup", Time since last: 1000259100 ns, Reaching safepoint: 131500 ns, At safepoint: 79600 ns, Total: 211100 ns
[2020-09-28T08:54:33.105+0000][30964][safepoint    ] Safepoint "Cleanup", Time since last: 1000722800 ns, Reaching safepoint: 136100 ns, At safepoint: 11400 ns, Total: 147500 ns
[2020-09-28T08:54:34.106+0000][30964][safepoint    ] Safepoint "Cleanup", Time since last: 1000672900 ns, Reaching safepoint: 183000 ns, At safepoint: 8100 ns, Total: 191100 ns
[2020-09-28T08:54:35.106+0000][30964][safepoint    ] Safepoint "Cleanup", Time since last: 1000452400 ns, Reaching safepoint: 135700 ns, At safepoint: 9400 ns, Total: 145100 ns
[2020-09-28T08:54:36.107+0000][30964][safepoint    ] Safepoint "Cleanup", Time since last: 1000785400 ns, Reaching safepoint: 127400 ns, At safepoint: 6600 ns, Total: 134000 ns
[2020-09-28T08:54:37.108+0000][30964][safepoint    ] Safepoint "Cleanup", Time since last: 1000631600 ns, Reaching safepoint: 129900 ns, At safepoint: 9600 ns, Total: 139500 ns
[2020-09-28T08:54:38.109+0000][30964][safepoint    ] Safepoint "Cleanup", Time since last: 1000345200 ns, Reaching safepoint: 120500 ns, At safepoint: 8600 ns, Total: 129100 ns
[2020-09-28T08:54:39.110+0000][30964][safepoint    ] Safepoint "Cleanup", Time since last: 1000536500 ns, Reaching safepoint: 140900 ns, At safepoint: 11100 ns, Total: 152000 ns
[2020-09-28T08:54:40.110+0000][30964][safepoint    ] Safepoint "Cleanup", Time since last: 1000582400 ns, Reaching safepoint: 129000 ns, At safepoint: 10100 ns, Total: 139100 ns
[2020-09-28T08:54:42.111+0000][30964][safepoint    ] Safepoint "Cleanup", Time since last: 2000862200 ns, Reaching safepoint: 154800 ns, At safepoint: 10900 ns, Total: 165700 ns
[2020-09-28T08:54:43.112+0000][30964][safepoint    ] Safepoint "Cleanup", Time since last: 1000647600 ns, Reaching safepoint: 139800 ns, At safepoint: 4300 ns, Total: 144100 ns
[2020-09-28T08:54:45.113+0000][30964][safepoint    ] Safepoint "Cleanup", Time since last: 2000608600 ns, Reaching safepoint: 116000 ns, At safepoint: 6600 ns, Total: 122600 ns
[2020-09-28T08:54:46.114+0000][30964][safepoint    ] Safepoint "Cleanup", Time since last: 1000456100 ns, Reaching safepoint: 106500 ns, At safepoint: 5500 ns, Total: 112000 ns
[2020-09-28T08:54:47.114+0000][30964][safepoint    ] Safepoint "Cleanup", Time since last: 1000044100 ns, Reaching safepoint: 123600 ns, At safepoint: 18000 ns, Total: 141600 ns
[2020-09-28T08:54:48.115+0000][30964][safepoint    ] Safepoint "Cleanup", Time since last: 1000699500 ns, Reaching safepoint: 122700 ns, At safepoint: 5600 ns, Total: 128300 ns
[2020-09-28T08:54:49.115+0000][30964][safepoint    ] Safepoint "Cleanup", Time since last: 1000169600 ns, Reaching safepoint: 116300 ns, At safepoint: 4900 ns, Total: 121200 ns
[2020-09-28T08:54:50.116+0000][30964][safepoint    ] Safepoint "Cleanup", Time since last: 1000537100 ns, Reaching safepoint: 118300 ns, At safepoint: 8500 ns, Total: 126800 ns
[2020-09-28T08:54:51.116+0000][30964][safepoint    ] Safepoint "Cleanup", Time since last: 1000019900 ns, Reaching safepoint: 123100 ns, At safepoint: 7100 ns, Total: 130200 ns
[2020-09-28T08:54:52.117+0000][30964][safepoint    ] Safepoint "Cleanup", Time since last: 1000482100 ns, Reaching safepoint: 153600 ns, At safepoint: 5000 ns, Total: 158600 ns
[2020-09-28T08:54:53.117+0000][30964][safepoint    ] Safepoint "Cleanup", Time since last: 1000604100 ns, Reaching safepoint: 135200 ns, At safepoint: 4500 ns, Total: 139700 ns
[2020-09-28T08:54:54.118+0000][30964][safepoint    ] Safepoint "Cleanup", Time since last: 1000102500 ns, Reaching safepoint: 175100 ns, At safepoint: 5600 ns, Total: 180700 ns
[2020-09-28T08:54:55.118+0000][30964][safepoint    ] Safepoint "Cleanup", Time since last: 1000414500 ns, Reaching safepoint: 165300 ns, At safepoint: 8500 ns, Total: 173800 ns
[2020-09-28T08:54:56.119+0000][30964][safepoint    ] Safepoint "Cleanup", Time since last: 1000824000 ns, Reaching safepoint: 174900 ns, At safepoint: 10000 ns, Total: 184900 ns
[2020-09-28T08:54:57.120+0000][30964][safepoint    ] Safepoint "Cleanup", Time since last: 1000294000 ns, Reaching safepoint: 198900 ns, At safepoint: 19500 ns, Total: 218400 ns
[2020-09-28T08:54:58.623+0000][30964][safepoint    ] Safepoint "Cleanup", Time since last: 1503166800 ns, Reaching safepoint: 115600 ns, At safepoint: 45900 ns, Total: 161500 ns
[2020-09-28T08:54:59.063+0000][30964][safepoint    ] Safepoint "BulkRevokeBias", Time since last: 437941800 ns, Reaching safepoint: 191500 ns, At safepoint: 1330900 ns, Total: 1522400 ns
[2020-09-28T08:55:00.175+0000][30964][safepoint    ] Safepoint "Cleanup", Time since last: 1112031700 ns, Reaching safepoint: 119900 ns, At safepoint: 17300 ns, Total: 137200 ns
[2020-09-28T08:55:01.624+0000][30964][safepoint    ] Safepoint "Cleanup", Time since last: 1449387700 ns, Reaching safepoint: 106100 ns, At safepoint: 26200 ns, Total: 132300 ns
[2020-09-28T08:55:02.826+0000][30964][safepoint    ] Safepoint "Cleanup", Time since last: 1201139600 ns, Reaching safepoint: 118400 ns, At safepoint: 7700 ns, Total: 126100 ns
[2020-09-28T08:55:03.826+0000][30964][safepoint    ] Safepoint "Cleanup", Time since last: 1000122300 ns, Reaching safepoint: 167100 ns, At safepoint: 4500 ns, Total: 171600 ns
[2020-09-28T08:55:04.827+0000][30964][safepoint    ] Safepoint "Cleanup", Time since last: 1000437100 ns, Reaching safepoint: 108400 ns, At safepoint: 7400 ns, Total: 115800 ns
[2020-09-28T08:55:06.165+0000][30964][safepoint    ] Safepoint "Cleanup", Time since last: 1338277900 ns, Reaching safepoint: 143200 ns, At safepoint: 10600 ns, Total: 153800 ns
[2020-09-28T08:55:07.166+0000][30964][safepoint    ] Safepoint "Cleanup", Time since last: 1000739700 ns, Reaching safepoint: 124400 ns, At safepoint: 8700 ns, Total: 133100 ns
[2020-09-28T08:55:08.167+0000][30964][safepoint    ] Safepoint "Cleanup", Time since last: 1000042200 ns, Reaching safepoint: 156700 ns, At safepoint: 8100 ns, Total: 164800 ns
[2020-09-28T08:55:09.167+0000][30964][safepoint    ] Safepoint "Cleanup", Time since last: 1000169500 ns, Reaching safepoint: 150200 ns, At safepoint: 7000 ns, Total: 157200 ns
[2020-09-28T08:55:10.168+0000][30964][safepoint    ] Safepoint "Cleanup", Time since last: 1000653900 ns, Reaching safepoint: 138200 ns, At safepoint: 5200 ns, Total: 143400 ns
[2020-09-28T08:55:11.169+0000][30964][safepoint    ] Safepoint "Cleanup", Time since last: 1000826300 ns, Reaching safepoint: 124500 ns, At safepoint: 8800 ns, Total: 133300 ns
[2020-09-28T08:55:12.169+0000][30964][safepoint    ] Safepoint "Cleanup", Time since last: 1000456500 ns, Reaching safepoint: 139900 ns, At safepoint: 10900 ns, Total: 150800 ns
[2020-09-28T08:55:13.170+0000][30964][safepoint    ] Safepoint "Cleanup", Time since last: 1000050600 ns, Reaching safepoint: 143400 ns, At safepoint: 10500 ns, Total: 153900 ns
[2020-09-28T08:55:14.170+0000][30964][safepoint    ] Safepoint "Cleanup", Time since last: 1000231000 ns, Reaching safepoint: 222300 ns, At safepoint: 9500 ns, Total: 231800 ns
[2020-09-28T08:55:15.171+0000][30964][safepoint    ] Safepoint "Cleanup", Time since last: 1000187700 ns, Reaching safepoint: 134000 ns, At safepoint: 21400 ns, Total: 155400 ns
[2020-09-28T08:55:16.171+0000][30964][safepoint    ] Safepoint "Cleanup", Time since last: 1000455900 ns, Reaching safepoint: 138000 ns, At safepoint: 13800 ns, Total: 151800 ns
[2020-09-28T08:55:17.172+0000][30964][safepoint    ] Safepoint "Cleanup", Time since last: 1000161200 ns, Reaching safepoint: 120800 ns, At safepoint: 6400 ns, Total: 127200 ns
[2020-09-28T08:55:18.173+0000][30964][safepoint    ] Safepoint "Cleanup", Time since last: 1000847800 ns, Reaching safepoint: 106200 ns, At safepoint: 3000 ns, Total: 109200 ns
[2020-09-28T08:55:19.173+0000][30964][safepoint    ] Safepoint "Cleanup", Time since last: 1000707100 ns, Reaching safepoint: 128700 ns, At safepoint: 4300 ns, Total: 133000 ns
[2020-09-28T08:55:20.174+0000][30964][safepoint    ] Safepoint "Cleanup", Time since last: 1000115600 ns, Reaching safepoint: 130300 ns, At safepoint: 11300 ns, Total: 141600 ns
[2020-09-28T08:55:21.174+0000][30964][safepoint    ] Safepoint "Cleanup", Time since last: 1000329900 ns, Reaching safepoint: 108100 ns, At safepoint: 3600 ns, Total: 111700 ns
[2020-09-28T08:55:22.175+0000][30964][safepoint    ] Safepoint "Cleanup", Time since last: 1000551300 ns, Reaching safepoint: 124100 ns, At safepoint: 7000 ns, Total: 131100 ns
[2020-09-28T08:55:23.175+0000][30964][safepoint    ] Safepoint "Cleanup", Time since last: 1000065300 ns, Reaching safepoint: 569400 ns, At safepoint: 57800 ns, Total: 627200 ns
[2020-09-28T08:55:24.177+0000][30964][safepoint    ] Safepoint "Cleanup", Time since last: 1000616700 ns, Reaching safepoint: 133400 ns, At safepoint: 8800 ns, Total: 142200 ns
[2020-09-28T08:55:26.177+0000][30964][safepoint    ] Safepoint "Cleanup", Time since last: 2000690300 ns, Reaching safepoint: 194000 ns, At safepoint: 9700 ns, Total: 203700 ns
[2020-09-28T08:55:27.178+0000][30964][safepoint    ] Safepoint "Cleanup", Time since last: 1000112700 ns, Reaching safepoint: 138300 ns, At safepoint: 13500 ns, Total: 151800 ns
[2020-09-28T08:55:28.178+0000][30964][safepoint    ] Safepoint "Cleanup", Time since last: 1000393100 ns, Reaching safepoint: 537700 ns, At safepoint: 9400 ns, Total: 547100 ns
[2020-09-28T08:55:30.180+0000][30964][safepoint    ] Safepoint "Cleanup", Time since last: 2000778000 ns, Reaching safepoint: 117400 ns, At safepoint: 10100 ns, Total: 127500 ns
[2020-09-28T08:55:31.180+0000][30964][safepoint    ] Safepoint "Cleanup", Time since last: 1000356100 ns, Reaching safepoint: 162400 ns, At safepoint: 11700 ns, Total: 174100 ns
[2020-09-28T08:55:33.181+0000][30964][safepoint    ] Safepoint "Cleanup", Time since last: 2000776300 ns, Reaching safepoint: 171200 ns, At safepoint: 15600 ns, Total: 186800 ns
[2020-09-28T08:55:35.182+0000][30964][safepoint    ] Safepoint "Cleanup", Time since last: 2000698600 ns, Reaching safepoint: 197200 ns, At safepoint: 5000 ns, Total: 202200 ns
[2020-09-28T08:55:36.183+0000][30964][safepoint    ] Safepoint "Cleanup", Time since last: 1000711400 ns, Reaching safepoint: 207900 ns, At safepoint: 12500 ns, Total: 220400 ns
[2020-09-28T08:55:37.184+0000][30964][safepoint    ] Safepoint "Cleanup", Time since last: 1000774100 ns, Reaching safepoint: 125200 ns, At safepoint: 3600 ns, Total: 128800 ns
[2020-09-28T08:55:38.185+0000][30964][safepoint    ] Safepoint "Cleanup", Time since last: 1000752500 ns, Reaching safepoint: 137600 ns, At safepoint: 10900 ns, Total: 148500 ns
[2020-09-28T08:55:40.186+0000][30964][safepoint    ] Safepoint "Cleanup", Time since last: 2000420400 ns, Reaching safepoint: 118400 ns, At safepoint: 8300 ns, Total: 126700 ns
[2020-09-28T08:55:41.187+0000][30964][safepoint    ] Safepoint "Cleanup", Time since last: 1000429400 ns, Reaching safepoint: 126100 ns, At safepoint: 8300 ns, Total: 134400 ns
[2020-09-28T08:55:42.187+0000][30964][safepoint    ] Safepoint "Cleanup", Time since last: 1000135300 ns, Reaching safepoint: 141200 ns, At safepoint: 11400 ns, Total: 152600 ns
[2020-09-28T08:55:43.188+0000][30964][safepoint    ] Safepoint "Cleanup", Time since last: 1000778000 ns, Reaching safepoint: 148700 ns, At safepoint: 10800 ns, Total: 159500 ns
[2020-09-28T08:55:44.188+0000][30964][safepoint    ] Safepoint "Cleanup", Time since last: 1000262000 ns, Reaching safepoint: 152300 ns, At safepoint: 8900 ns, Total: 161200 ns
[2020-09-28T08:55:45.189+0000][30964][safepoint    ] Safepoint "Cleanup", Time since last: 1000515100 ns, Reaching safepoint: 147400 ns, At safepoint: 11800 ns, Total: 159200 ns
[2020-09-28T08:55:46.975+0000][30964][safepoint    ] Safepoint "Cleanup", Time since last: 1785739000 ns, Reaching safepoint: 187000 ns, At safepoint: 13100 ns, Total: 200100 ns
[2020-09-28T08:55:47.754+0000][30964][safepoint    ] Safepoint "BulkRevokeBias", Time since last: 776476900 ns, Reaching safepoint: 163000 ns, At safepoint: 2248100 ns, Total: 2411100 ns
[2020-09-28T08:55:48.276+0000][30964][gc,start     ] GC(17) Pause Young (Concurrent Start) (G1 Humongous Allocation)
[2020-09-28T08:55:48.276+0000][30964][gc,task      ] GC(17) Using 8 workers of 8 for evacuation
[2020-09-28T08:55:48.276+0000][30964][gc,age       ] GC(17) Desired survivor size 32505856 bytes, new threshold 15 (max threshold 15)
[2020-09-28T08:55:48.298+0000][30964][gc,age       ] GC(17) Age table with threshold 15 (max threshold 15)
[2020-09-28T08:55:48.298+0000][30964][gc,age       ] GC(17) - age   1:    3928464 bytes,    3928464 total
[2020-09-28T08:55:48.298+0000][30964][gc,age       ] GC(17) - age   2:     265840 bytes,    4194304 total
[2020-09-28T08:55:48.298+0000][30964][gc,age       ] GC(17) - age   3:    2069400 bytes,    6263704 total
[2020-09-28T08:55:48.298+0000][30964][gc,age       ] GC(17) - age   4:     679864 bytes,    6943568 total
[2020-09-28T08:55:48.298+0000][30964][gc,age       ] GC(17) - age   5:   11804688 bytes,   18748256 total
[2020-09-28T08:55:48.298+0000][30964][gc,age       ] GC(17) - age   6:    8320976 bytes,   27069232 total
[2020-09-28T08:55:48.298+0000][30964][gc,phases    ] GC(17)   Pre Evacuate Collection Set: 0.5ms
[2020-09-28T08:55:48.298+0000][30964][gc,phases    ] GC(17)   Merge Heap Roots: 0.1ms
[2020-09-28T08:55:48.298+0000][30964][gc,phases    ] GC(17)   Evacuate Collection Set: 19.0ms
[2020-09-28T08:55:48.298+0000][30964][gc,phases    ] GC(17)   Post Evacuate Collection Set: 2.2ms
[2020-09-28T08:55:48.298+0000][30964][gc,phases    ] GC(17)   Other: 0.9ms
[2020-09-28T08:55:48.298+0000][30964][gc,heap      ] GC(17) Eden regions: 118->0(471)
[2020-09-28T08:55:48.299+0000][30964][gc,heap      ] GC(17) Survivor regions: 27->27(62)
[2020-09-28T08:55:48.299+0000][30964][gc,heap      ] GC(17) Old regions: 50->50
[2020-09-28T08:55:48.299+0000][30964][gc,heap      ] GC(17) Archive regions: 0->0
[2020-09-28T08:55:48.299+0000][30964][gc,heap      ] GC(17) Humongous regions: 257->175
[2020-09-28T08:55:48.299+0000][30964][gc,metaspace ] GC(17) Metaspace: 82000K(87936K)->82000K(87936K) NonClass: 71183K(74752K)->71183K(74752K) Class: 10817K(13184K)->10817K(13184K)
[2020-09-28T08:55:48.299+0000][30964][gc           ] GC(17) Pause Young (Concurrent Start) (G1 Humongous Allocation) 450M->251M(1024M) 23.395ms
[2020-09-28T08:55:48.299+0000][30964][gc,cpu       ] GC(17) User=0.09s Sys=0.00s Real=0.02s
[2020-09-28T08:55:48.299+0000][30964][gc           ] GC(18) Concurrent Cycle
[2020-09-28T08:55:48.299+0000][30964][gc,marking   ] GC(18) Concurrent Clear Claimed Marks
[2020-09-28T08:55:48.299+0000][30964][gc,marking   ] GC(18) Concurrent Clear Claimed Marks 0.399ms
[2020-09-28T08:55:48.299+0000][30964][safepoint    ] Safepoint "G1TryInitiateConcMark", Time since last: 521617100 ns, Reaching safepoint: 159400 ns, At safepoint: 24121200 ns, Total: 24280600 ns
[2020-09-28T08:55:48.300+0000][30964][gc,marking   ] GC(18) Concurrent Scan Root Regions
[2020-09-28T08:55:48.319+0000][30964][gc,marking   ] GC(18) Concurrent Scan Root Regions 19.648ms
[2020-09-28T08:55:48.319+0000][30964][gc,marking   ] GC(18) Concurrent Mark (810.033s)
[2020-09-28T08:55:48.319+0000][30964][gc,marking   ] GC(18) Concurrent Mark From Roots
[2020-09-28T08:55:48.319+0000][30964][gc,task      ] GC(18) Using 2 workers of 2 for marking
[2020-09-28T08:55:48.445+0000][30964][gc,marking   ] GC(18) Concurrent Mark From Roots 125.624ms
[2020-09-28T08:55:48.445+0000][30964][gc,marking   ] GC(18) Concurrent Preclean
[2020-09-28T08:55:48.446+0000][30964][gc,marking   ] GC(18) Concurrent Preclean 1.081ms
[2020-09-28T08:55:48.446+0000][30964][gc,marking   ] GC(18) Concurrent Mark (810.033s, 810.160s) 126.966ms
[2020-09-28T08:55:48.447+0000][30964][gc,start     ] GC(18) Pause Remark
[2020-09-28T08:55:48.466+0000][30964][gc           ] GC(18) Pause Remark 299M->299M(1024M) 18.874ms
[2020-09-28T08:55:48.466+0000][30964][gc,cpu       ] GC(18) User=0.08s Sys=0.02s Real=0.02s
[2020-09-28T08:55:48.467+0000][30964][safepoint    ] Safepoint "G1Concurrent", Time since last: 146932300 ns, Reaching safepoint: 171300 ns, At safepoint: 19964400 ns, Total: 20135700 ns
[2020-09-28T08:55:48.467+0000][30964][gc,marking   ] GC(18) Concurrent Rebuild Remembered Sets
[2020-09-28T08:55:48.541+0000][30964][gc,marking   ] GC(18) Concurrent Rebuild Remembered Sets 74.555ms
[2020-09-28T08:55:48.543+0000][30964][gc,start     ] GC(18) Pause Cleanup
[2020-09-28T08:55:48.543+0000][30964][gc           ] GC(18) Pause Cleanup 299M->299M(1024M) 0.342ms
[2020-09-28T08:55:48.543+0000][30964][gc,cpu       ] GC(18) User=0.00s Sys=0.00s Real=0.00s
[2020-09-28T08:55:48.543+0000][30964][safepoint    ] Safepoint "G1Concurrent", Time since last: 74942700 ns, Reaching safepoint: 1240100 ns, At safepoint: 603000 ns, Total: 1843100 ns
[2020-09-28T08:55:48.543+0000][30964][gc,marking   ] GC(18) Concurrent Cleanup for Next Mark
[2020-09-28T08:55:48.546+0000][30964][gc,marking   ] GC(18) Concurrent Cleanup for Next Mark 2.112ms
[2020-09-28T08:55:48.546+0000][30964][gc           ] GC(18) Concurrent Cycle 246.703ms
[2020-09-28T08:55:49.617+0000][30964][safepoint    ] Safepoint "BulkRevokeBias", Time since last: 1067701400 ns, Reaching safepoint: 193500 ns, At safepoint: 5719400 ns, Total: 5912900 ns
[2020-09-28T08:55:50.618+0000][30964][safepoint    ] Safepoint "Cleanup", Time since last: 1000226400 ns, Reaching safepoint: 204900 ns, At safepoint: 13400 ns, Total: 218300 ns
[2020-09-28T08:55:51.618+0000][30964][safepoint    ] Safepoint "Cleanup", Time since last: 1000411500 ns, Reaching safepoint: 154000 ns, At safepoint: 9500 ns, Total: 163500 ns
[2020-09-28T08:55:53.619+0000][30964][safepoint    ] Safepoint "Cleanup", Time since last: 2000473900 ns, Reaching safepoint: 168700 ns, At safepoint: 12500 ns, Total: 181200 ns
[2020-09-28T08:55:54.884+0000][30964][safepoint    ] Safepoint "Cleanup", Time since last: 1265379200 ns, Reaching safepoint: 163100 ns, At safepoint: 27800 ns, Total: 190900 ns
[2020-09-28T08:55:56.584+0000][30964][safepoint    ] Safepoint "Cleanup", Time since last: 1699039500 ns, Reaching safepoint: 172000 ns, At safepoint: 13100 ns, Total: 185100 ns
[2020-09-28T08:55:57.585+0000][30964][safepoint    ] Safepoint "Cleanup", Time since last: 1000435500 ns, Reaching safepoint: 153800 ns, At safepoint: 7200 ns, Total: 161000 ns
[2020-09-28T08:55:58.585+0000][30964][safepoint    ] Safepoint "Cleanup", Time since last: 1000194500 ns, Reaching safepoint: 175400 ns, At safepoint: 11600 ns, Total: 187000 ns
[2020-09-28T08:55:59.971+0000][30964][safepoint    ] Safepoint "Cleanup", Time since last: 1385803900 ns, Reaching safepoint: 148900 ns, At safepoint: 31400 ns, Total: 180300 ns
[2020-09-28T08:56:00.972+0000][30964][safepoint    ] Safepoint "Cleanup", Time since last: 1000104500 ns, Reaching safepoint: 198000 ns, At safepoint: 13900 ns, Total: 211900 ns
[2020-09-28T08:56:01.972+0000][30964][safepoint    ] Safepoint "Cleanup", Time since last: 1000520300 ns, Reaching safepoint: 130900 ns, At safepoint: 11100 ns, Total: 142000 ns
[2020-09-28T08:56:03.973+0000][30964][safepoint    ] Safepoint "Cleanup", Time since last: 2000883000 ns, Reaching safepoint: 128100 ns, At safepoint: 12200 ns, Total: 140300 ns
[2020-09-28T08:56:04.974+0000][30964][safepoint    ] Safepoint "Cleanup", Time since last: 1000804100 ns, Reaching safepoint: 154300 ns, At safepoint: 12600 ns, Total: 166900 ns
[2020-09-28T08:56:05.975+0000][30964][safepoint    ] Safepoint "Cleanup", Time since last: 1000123100 ns, Reaching safepoint: 150900 ns, At safepoint: 12500 ns, Total: 163400 ns
[2020-09-28T08:56:06.976+0000][30964][safepoint    ] Safepoint "Cleanup", Time since last: 1000653300 ns, Reaching safepoint: 171300 ns, At safepoint: 9500 ns, Total: 180800 ns
[2020-09-28T08:56:07.976+0000][30964][safepoint    ] Safepoint "Cleanup", Time since last: 1000113700 ns, Reaching safepoint: 169400 ns, At safepoint: 10200 ns, Total: 179600 ns
[2020-09-28T08:56:08.977+0000][30964][safepoint    ] Safepoint "Cleanup", Time since last: 1000608100 ns, Reaching safepoint: 155800 ns, At safepoint: 12700 ns, Total: 168500 ns
[2020-09-28T08:56:10.978+0000][30964][safepoint    ] Safepoint "Cleanup", Time since last: 2000834600 ns, Reaching safepoint: 145600 ns, At safepoint: 10100 ns, Total: 155700 ns
[2020-09-28T08:56:11.979+0000][30964][safepoint    ] Safepoint "Cleanup", Time since last: 1000805600 ns, Reaching safepoint: 172000 ns, At safepoint: 14200 ns, Total: 186200 ns
[2020-09-28T08:56:12.979+0000][30964][safepoint    ] Safepoint "Cleanup", Time since last: 1000178400 ns, Reaching safepoint: 137800 ns, At safepoint: 11300 ns, Total: 149100 ns
[2020-09-28T08:56:13.980+0000][30964][safepoint    ] Safepoint "Cleanup", Time since last: 1000763100 ns, Reaching safepoint: 190900 ns, At safepoint: 12400 ns, Total: 203300 ns
[2020-09-28T08:56:14.981+0000][30964][safepoint    ] Safepoint "Cleanup", Time since last: 1000508400 ns, Reaching safepoint: 146600 ns, At safepoint: 12300 ns, Total: 158900 ns
[2020-09-28T08:56:16.982+0000][30964][safepoint    ] Safepoint "Cleanup", Time since last: 2000981400 ns, Reaching safepoint: 154800 ns, At safepoint: 10800 ns, Total: 165600 ns
[2020-09-28T08:56:17.983+0000][30964][safepoint    ] Safepoint "Cleanup", Time since last: 1000070600 ns, Reaching safepoint: 245500 ns, At safepoint: 13400 ns, Total: 258900 ns
[2020-09-28T08:56:18.983+0000][30964][safepoint    ] Safepoint "Cleanup", Time since last: 1000619500 ns, Reaching safepoint: 206200 ns, At safepoint: 6700 ns, Total: 212900 ns
[2020-09-28T08:56:19.984+0000][30964][safepoint    ] Safepoint "Cleanup", Time since last: 1000237500 ns, Reaching safepoint: 159800 ns, At safepoint: 15000 ns, Total: 174800 ns
[2020-09-28T08:56:20.985+0000][30964][safepoint    ] Safepoint "Cleanup", Time since last: 1000469300 ns, Reaching safepoint: 142200 ns, At safepoint: 4200 ns, Total: 146400 ns
[2020-09-28T08:56:21.985+0000][30964][safepoint    ] Safepoint "Cleanup", Time since last: 1000573000 ns, Reaching safepoint: 168100 ns, At safepoint: 10000 ns, Total: 178100 ns
[2020-09-28T08:56:23.987+0000][30964][safepoint    ] Safepoint "Cleanup", Time since last: 2000929000 ns, Reaching safepoint: 166100 ns, At safepoint: 11700 ns, Total: 177800 ns
[2020-09-28T08:56:24.987+0000][30964][safepoint    ] Safepoint "Cleanup", Time since last: 1000069100 ns, Reaching safepoint: 157000 ns, At safepoint: 10300 ns, Total: 167300 ns
[2020-09-28T08:56:25.987+0000][30964][safepoint    ] Safepoint "Cleanup", Time since last: 1000285500 ns, Reaching safepoint: 153000 ns, At safepoint: 12400 ns, Total: 165400 ns
[2020-09-28T08:56:26.988+0000][30964][safepoint    ] Safepoint "Cleanup", Time since last: 1000544600 ns, Reaching safepoint: 165700 ns, At safepoint: 11400 ns, Total: 177100 ns
[2020-09-28T08:56:27.989+0000][30964][safepoint    ] Safepoint "Cleanup", Time since last: 1000625900 ns, Reaching safepoint: 137100 ns, At safepoint: 22000 ns, Total: 159100 ns
[2020-09-28T08:56:28.990+0000][30964][safepoint    ] Safepoint "Cleanup", Time since last: 1000499000 ns, Reaching safepoint: 145100 ns, At safepoint: 11500 ns, Total: 156600 ns
[2020-09-28T08:56:29.990+0000][30964][safepoint    ] Safepoint "Cleanup", Time since last: 1000599500 ns, Reaching safepoint: 136300 ns, At safepoint: 10500 ns, Total: 146800 ns
[2020-09-28T08:56:31.991+0000][30964][safepoint    ] Safepoint "Cleanup", Time since last: 2000677400 ns, Reaching safepoint: 190800 ns, At safepoint: 12900 ns, Total: 203700 ns
[2020-09-28T08:56:33.992+0000][30964][safepoint    ] Safepoint "Cleanup", Time since last: 2000739800 ns, Reaching safepoint: 100600 ns, At safepoint: 3600 ns, Total: 104200 ns
[2020-09-28T08:56:34.993+0000][30964][safepoint    ] Safepoint "Cleanup", Time since last: 1000733500 ns, Reaching safepoint: 190800 ns, At safepoint: 12400 ns, Total: 203200 ns
[2020-09-28T08:56:35.994+0000][30964][safepoint    ] Safepoint "Cleanup", Time since last: 1000219500 ns, Reaching safepoint: 174300 ns, At safepoint: 17900 ns, Total: 192200 ns
[2020-09-28T08:56:36.994+0000][30964][safepoint    ] Safepoint "Cleanup", Time since last: 1000033500 ns, Reaching safepoint: 129100 ns, At safepoint: 10900 ns, Total: 140000 ns
[2020-09-28T08:56:37.995+0000][30964][safepoint    ] Safepoint "Cleanup", Time since last: 1000778600 ns, Reaching safepoint: 150100 ns, At safepoint: 9500 ns, Total: 159600 ns
[2020-09-28T08:56:38.996+0000][30964][safepoint    ] Safepoint "Cleanup", Time since last: 1000352000 ns, Reaching safepoint: 136500 ns, At safepoint: 10400 ns, Total: 146900 ns
[2020-09-28T08:56:39.997+0000][30964][safepoint    ] Safepoint "Cleanup", Time since last: 1000816600 ns, Reaching safepoint: 139600 ns, At safepoint: 10900 ns, Total: 150500 ns
[2020-09-28T08:56:40.997+0000][30964][safepoint    ] Safepoint "Cleanup", Time since last: 1000369100 ns, Reaching safepoint: 153600 ns, At safepoint: 11600 ns, Total: 165200 ns
[2020-09-28T08:56:41.998+0000][30964][safepoint    ] Safepoint "Cleanup", Time since last: 1000522000 ns, Reaching safepoint: 129800 ns, At safepoint: 17100 ns, Total: 146900 ns
[2020-09-28T08:56:42.999+0000][30964][safepoint    ] Safepoint "Cleanup", Time since last: 1000789600 ns, Reaching safepoint: 144800 ns, At safepoint: 5100 ns, Total: 149900 ns
[2020-09-28T08:56:45.000+0000][30964][safepoint    ] Safepoint "Cleanup", Time since last: 2000691500 ns, Reaching safepoint: 139900 ns, At safepoint: 17900 ns, Total: 157800 ns
[2020-09-28T08:56:46.001+0000][30964][safepoint    ] Safepoint "Cleanup", Time since last: 1000598800 ns, Reaching safepoint: 156300 ns, At safepoint: 9800 ns, Total: 166100 ns
[2020-09-28T08:56:48.001+0000][30964][safepoint    ] Safepoint "Cleanup", Time since last: 2000127800 ns, Reaching safepoint: 172800 ns, At safepoint: 10800 ns, Total: 183600 ns
[2020-09-28T08:56:49.001+0000][30964][safepoint    ] Safepoint "Cleanup", Time since last: 1000283100 ns, Reaching safepoint: 156100 ns, At safepoint: 10600 ns, Total: 166700 ns
[2020-09-28T08:56:50.002+0000][30964][safepoint    ] Safepoint "Cleanup", Time since last: 1000280600 ns, Reaching safepoint: 124300 ns, At safepoint: 8600 ns, Total: 132900 ns
[2020-09-28T08:56:51.003+0000][30964][safepoint    ] Safepoint "Cleanup", Time since last: 1000581400 ns, Reaching safepoint: 157200 ns, At safepoint: 10500 ns, Total: 167700 ns
[2020-09-28T08:56:52.003+0000][30964][safepoint    ] Safepoint "Cleanup", Time since last: 1000278300 ns, Reaching safepoint: 138100 ns, At safepoint: 10600 ns, Total: 148700 ns
[2020-09-28T08:56:53.636+0000][30964][safepoint    ] Safepoint "Cleanup", Time since last: 1632342800 ns, Reaching safepoint: 138900 ns, At safepoint: 29000 ns, Total: 167900 ns
[2020-09-28T08:56:54.636+0000][30964][safepoint    ] Safepoint "Cleanup", Time since last: 1000454600 ns, Reaching safepoint: 136300 ns, At safepoint: 10900 ns, Total: 147200 ns
[2020-09-28T08:56:55.637+0000][30964][safepoint    ] Safepoint "Cleanup", Time since last: 1000679300 ns, Reaching safepoint: 408400 ns, At safepoint: 9300 ns, Total: 417700 ns
[2020-09-28T08:56:56.638+0000][30964][safepoint    ] Safepoint "Cleanup", Time since last: 1000433300 ns, Reaching safepoint: 124300 ns, At safepoint: 7200 ns, Total: 131500 ns
[2020-09-28T08:56:58.639+0000][30964][safepoint    ] Safepoint "Cleanup", Time since last: 2000879600 ns, Reaching safepoint: 158200 ns, At safepoint: 10200 ns, Total: 168400 ns
[2020-09-28T08:56:59.640+0000][30964][safepoint    ] Safepoint "Cleanup", Time since last: 1000221500 ns, Reaching safepoint: 142100 ns, At safepoint: 12700 ns, Total: 154800 ns
[2020-09-28T08:57:01.640+0000][30964][safepoint    ] Safepoint "Cleanup", Time since last: 2000509100 ns, Reaching safepoint: 138200 ns, At safepoint: 17900 ns, Total: 156100 ns
[2020-09-28T08:57:02.641+0000][30964][safepoint    ] Safepoint "Cleanup", Time since last: 1000270500 ns, Reaching safepoint: 174200 ns, At safepoint: 12400 ns, Total: 186600 ns
[2020-09-28T08:57:03.642+0000][30964][safepoint    ] Safepoint "Cleanup", Time since last: 1000365400 ns, Reaching safepoint: 159800 ns, At safepoint: 12300 ns, Total: 172100 ns
[2020-09-28T08:57:04.643+0000][30964][safepoint    ] Safepoint "Cleanup", Time since last: 1000873800 ns, Reaching safepoint: 280400 ns, At safepoint: 12000 ns, Total: 292400 ns
[2020-09-28T08:57:05.643+0000][30964][safepoint    ] Safepoint "Cleanup", Time since last: 1000158500 ns, Reaching safepoint: 209800 ns, At safepoint: 18200 ns, Total: 228000 ns
[2020-09-28T08:57:06.644+0000][30964][safepoint    ] Safepoint "Cleanup", Time since last: 1000245900 ns, Reaching safepoint: 244700 ns, At safepoint: 17600 ns, Total: 262300 ns
[2020-09-28T08:57:07.644+0000][30964][safepoint    ] Safepoint "Cleanup", Time since last: 1000272800 ns, Reaching safepoint: 116100 ns, At safepoint: 4500 ns, Total: 120600 ns
[2020-09-28T08:57:09.645+0000][30964][safepoint    ] Safepoint "Cleanup", Time since last: 2000364700 ns, Reaching safepoint: 150100 ns, At safepoint: 5300 ns, Total: 155400 ns
[2020-09-28T08:57:10.645+0000][30964][safepoint    ] Safepoint "Cleanup", Time since last: 1000305800 ns, Reaching safepoint: 227700 ns, At safepoint: 10400 ns, Total: 238100 ns
[2020-09-28T08:57:12.647+0000][30964][safepoint    ] Safepoint "Cleanup", Time since last: 2000392100 ns, Reaching safepoint: 601200 ns, At safepoint: 50100 ns, Total: 651300 ns
[2020-09-28T08:57:13.647+0000][30964][safepoint    ] Safepoint "Cleanup", Time since last: 1000449400 ns, Reaching safepoint: 123300 ns, At safepoint: 9500 ns, Total: 132800 ns
[2020-09-28T08:57:14.648+0000][30964][safepoint    ] Safepoint "Cleanup", Time since last: 1000682200 ns, Reaching safepoint: 116700 ns, At safepoint: 19000 ns, Total: 135700 ns
[2020-09-28T08:57:15.649+0000][30964][safepoint    ] Safepoint "Cleanup", Time since last: 1000721400 ns, Reaching safepoint: 152600 ns, At safepoint: 13500 ns, Total: 166100 ns
[2020-09-28T08:57:16.649+0000][30964][safepoint    ] Safepoint "Cleanup", Time since last: 1000119800 ns, Reaching safepoint: 115800 ns, At safepoint: 8700 ns, Total: 124500 ns
[2020-09-28T08:57:17.650+0000][30964][safepoint    ] Safepoint "Cleanup", Time since last: 1000192200 ns, Reaching safepoint: 109500 ns, At safepoint: 8300 ns, Total: 117800 ns
[2020-09-28T08:57:18.651+0000][30964][safepoint    ] Safepoint "Cleanup", Time since last: 1000823700 ns, Reaching safepoint: 123200 ns, At safepoint: 10300 ns, Total: 133500 ns
[2020-09-28T08:57:19.651+0000][30964][safepoint    ] Safepoint "Cleanup", Time since last: 1000734000 ns, Reaching safepoint: 147100 ns, At safepoint: 7200 ns, Total: 154300 ns
[2020-09-28T08:57:20.652+0000][30964][safepoint    ] Safepoint "Cleanup", Time since last: 1000034300 ns, Reaching safepoint: 107600 ns, At safepoint: 3600 ns, Total: 111200 ns
[2020-09-28T08:57:21.652+0000][30964][safepoint    ] Safepoint "Cleanup", Time since last: 1000522600 ns, Reaching safepoint: 156400 ns, At safepoint: 8900 ns, Total: 165300 ns
[2020-09-28T08:57:22.653+0000][30964][safepoint    ] Safepoint "Cleanup", Time since last: 1000187500 ns, Reaching safepoint: 120200 ns, At safepoint: 9100 ns, Total: 129300 ns
[2020-09-28T08:57:23.654+0000][30964][safepoint    ] Safepoint "Cleanup", Time since last: 1000689000 ns, Reaching safepoint: 140900 ns, At safepoint: 9100 ns, Total: 150000 ns
[2020-09-28T08:57:24.654+0000][30964][safepoint    ] Safepoint "Cleanup", Time since last: 1000576100 ns, Reaching safepoint: 126500 ns, At safepoint: 8900 ns, Total: 135400 ns
[2020-09-28T08:57:25.655+0000][30964][safepoint    ] Safepoint "Cleanup", Time since last: 1000388800 ns, Reaching safepoint: 123200 ns, At safepoint: 8800 ns, Total: 132000 ns
[2020-09-28T08:57:26.656+0000][30964][safepoint    ] Safepoint "Cleanup", Time since last: 1000743600 ns, Reaching safepoint: 159900 ns, At safepoint: 9800 ns, Total: 169700 ns
[2020-09-28T08:57:27.657+0000][30964][safepoint    ] Safepoint "Cleanup", Time since last: 1000819100 ns, Reaching safepoint: 164700 ns, At safepoint: 25200 ns, Total: 189900 ns
[2020-09-28T08:57:29.658+0000][30964][safepoint    ] Safepoint "Cleanup", Time since last: 2000765700 ns, Reaching safepoint: 148500 ns, At safepoint: 7400 ns, Total: 155900 ns
[2020-09-28T08:57:30.658+0000][30964][safepoint    ] Safepoint "Cleanup", Time since last: 1000225900 ns, Reaching safepoint: 141800 ns, At safepoint: 8700 ns, Total: 150500 ns
[2020-09-28T08:57:31.659+0000][30964][safepoint    ] Safepoint "Cleanup", Time since last: 1000052900 ns, Reaching safepoint: 147600 ns, At safepoint: 11000 ns, Total: 158600 ns
[2020-09-28T08:57:32.660+0000][30964][safepoint    ] Safepoint "Cleanup", Time since last: 1000661300 ns, Reaching safepoint: 136900 ns, At safepoint: 10500 ns, Total: 147400 ns
[2020-09-28T08:57:34.660+0000][30964][safepoint    ] Safepoint "Cleanup", Time since last: 2000101300 ns, Reaching safepoint: 131800 ns, At safepoint: 12200 ns, Total: 144000 ns
[2020-09-28T08:57:35.660+0000][30964][safepoint    ] Safepoint "Cleanup", Time since last: 1000158800 ns, Reaching safepoint: 137500 ns, At safepoint: 11700 ns, Total: 149200 ns
[2020-09-28T08:57:37.661+0000][30964][safepoint    ] Safepoint "Cleanup", Time since last: 2000921500 ns, Reaching safepoint: 112000 ns, At safepoint: 9000 ns, Total: 121000 ns
[2020-09-28T08:57:38.662+0000][30964][safepoint    ] Safepoint "Cleanup", Time since last: 1000176900 ns, Reaching safepoint: 140000 ns, At safepoint: 12300 ns, Total: 152300 ns
[2020-09-28T08:57:39.662+0000][30964][safepoint    ] Safepoint "Cleanup", Time since last: 1000139900 ns, Reaching safepoint: 127000 ns, At safepoint: 10600 ns, Total: 137600 ns
[2020-09-28T08:57:40.663+0000][30964][safepoint    ] Safepoint "Cleanup", Time since last: 1000664900 ns, Reaching safepoint: 134800 ns, At safepoint: 9200 ns, Total: 144000 ns
[2020-09-28T08:57:41.664+0000][30964][safepoint    ] Safepoint "Cleanup", Time since last: 1000540800 ns, Reaching safepoint: 156000 ns, At safepoint: 22800 ns, Total: 178800 ns
[2020-09-28T08:57:42.664+0000][30964][safepoint    ] Safepoint "Cleanup", Time since last: 1000149300 ns, Reaching safepoint: 127900 ns, At safepoint: 15700 ns, Total: 143600 ns
[2020-09-28T08:57:43.665+0000][30964][safepoint    ] Safepoint "Cleanup", Time since last: 1000590000 ns, Reaching safepoint: 140500 ns, At safepoint: 13400 ns, Total: 153900 ns
[2020-09-28T08:57:44.665+0000][30964][safepoint    ] Safepoint "Cleanup", Time since last: 1000383300 ns, Reaching safepoint: 108700 ns, At safepoint: 3800 ns, Total: 112500 ns
[2020-09-28T08:57:45.666+0000][30964][safepoint    ] Safepoint "Cleanup", Time since last: 1000747400 ns, Reaching safepoint: 137900 ns, At safepoint: 13700 ns, Total: 151600 ns
[2020-09-28T08:57:46.667+0000][30964][safepoint    ] Safepoint "Cleanup", Time since last: 1000542600 ns, Reaching safepoint: 168000 ns, At safepoint: 10700 ns, Total: 178700 ns
[2020-09-28T08:57:48.667+0000][30964][safepoint    ] Safepoint "Cleanup", Time since last: 1999996100 ns, Reaching safepoint: 114100 ns, At safepoint: 7100 ns, Total: 121200 ns
[2020-09-28T08:57:49.668+0000][30964][safepoint    ] Safepoint "Cleanup", Time since last: 1000441500 ns, Reaching safepoint: 149500 ns, At safepoint: 3400 ns, Total: 152900 ns
[2020-09-28T08:57:50.669+0000][30964][safepoint    ] Safepoint "Cleanup", Time since last: 1000468700 ns, Reaching safepoint: 157000 ns, At safepoint: 10400 ns, Total: 167400 ns
[2020-09-28T08:57:51.669+0000][30964][safepoint    ] Safepoint "Cleanup", Time since last: 1000462000 ns, Reaching safepoint: 387600 ns, At safepoint: 9300 ns, Total: 396900 ns
[2020-09-28T08:57:53.670+0000][30964][safepoint    ] Safepoint "Cleanup", Time since last: 2000135100 ns, Reaching safepoint: 144300 ns, At safepoint: 10600 ns, Total: 154900 ns
[2020-09-28T08:57:54.671+0000][30964][safepoint    ] Safepoint "Cleanup", Time since last: 1000760800 ns, Reaching safepoint: 201000 ns, At safepoint: 8600 ns, Total: 209600 ns
[2020-09-28T08:57:56.470+0000][30964][safepoint    ] Safepoint "Cleanup", Time since last: 1799454100 ns, Reaching safepoint: 205600 ns, At safepoint: 14400 ns, Total: 220000 ns
[2020-09-28T08:57:57.471+0000][30964][safepoint    ] Safepoint "Cleanup", Time since last: 1000436000 ns, Reaching safepoint: 154300 ns, At safepoint: 8900 ns, Total: 163200 ns
[2020-09-28T08:57:58.472+0000][30964][safepoint    ] Safepoint "Cleanup", Time since last: 1000766100 ns, Reaching safepoint: 179200 ns, At safepoint: 13300 ns, Total: 192500 ns
[2020-09-28T08:57:59.473+0000][30964][safepoint    ] Safepoint "Cleanup", Time since last: 1000838300 ns, Reaching safepoint: 183800 ns, At safepoint: 12100 ns, Total: 195900 ns
[2020-09-28T08:58:00.474+0000][30964][safepoint    ] Safepoint "Cleanup", Time since last: 1000291300 ns, Reaching safepoint: 173300 ns, At safepoint: 13900 ns, Total: 187200 ns
[2020-09-28T08:58:01.474+0000][30964][safepoint    ] Safepoint "Cleanup", Time since last: 1000039400 ns, Reaching safepoint: 609100 ns, At safepoint: 55100 ns, Total: 664200 ns
[2020-09-28T08:58:02.475+0000][30964][safepoint    ] Safepoint "Cleanup", Time since last: 1000245300 ns, Reaching safepoint: 120600 ns, At safepoint: 11300 ns, Total: 131900 ns
[2020-09-28T08:58:03.476+0000][30964][safepoint    ] Safepoint "Cleanup", Time since last: 1000588100 ns, Reaching safepoint: 161400 ns, At safepoint: 14500 ns, Total: 175900 ns
[2020-09-28T08:58:04.476+0000][30964][safepoint    ] Safepoint "Cleanup", Time since last: 1000616400 ns, Reaching safepoint: 131600 ns, At safepoint: 9900 ns, Total: 141500 ns
[2020-09-28T08:58:05.477+0000][30964][safepoint    ] Safepoint "Cleanup", Time since last: 1000118000 ns, Reaching safepoint: 159600 ns, At safepoint: 12000 ns, Total: 171600 ns
[2020-09-28T08:58:06.477+0000][30964][safepoint    ] Safepoint "Cleanup", Time since last: 1000419700 ns, Reaching safepoint: 171400 ns, At safepoint: 6500 ns, Total: 177900 ns
[2020-09-28T08:58:07.478+0000][30964][safepoint    ] Safepoint "Cleanup", Time since last: 1000811500 ns, Reaching safepoint: 151400 ns, At safepoint: 8800 ns, Total: 160200 ns
[2020-09-28T08:58:08.479+0000][30964][safepoint    ] Safepoint "Cleanup", Time since last: 1000287200 ns, Reaching safepoint: 159200 ns, At safepoint: 12900 ns, Total: 172100 ns
[2020-09-28T08:58:09.480+0000][30964][safepoint    ] Safepoint "Cleanup", Time since last: 1000497800 ns, Reaching safepoint: 143000 ns, At safepoint: 12100 ns, Total: 155100 ns
[2020-09-28T08:58:10.480+0000][30964][safepoint    ] Safepoint "Cleanup", Time since last: 1000592800 ns, Reaching safepoint: 134600 ns, At safepoint: 7700 ns, Total: 142300 ns
[2020-09-28T08:58:11.481+0000][30964][safepoint    ] Safepoint "Cleanup", Time since last: 1000745900 ns, Reaching safepoint: 156500 ns, At safepoint: 13400 ns, Total: 169900 ns
[2020-09-28T08:58:12.482+0000][30964][safepoint    ] Safepoint "Cleanup", Time since last: 1000644900 ns, Reaching safepoint: 150900 ns, At safepoint: 12400 ns, Total: 163300 ns
[2020-09-28T08:58:13.482+0000][30964][safepoint    ] Safepoint "Cleanup", Time since last: 1000094600 ns, Reaching safepoint: 145200 ns, At safepoint: 12800 ns, Total: 158000 ns
[2020-09-28T08:58:14.483+0000][30964][safepoint    ] Safepoint "Cleanup", Time since last: 1000064600 ns, Reaching safepoint: 127600 ns, At safepoint: 5300 ns, Total: 132900 ns
[2020-09-28T08:58:16.483+0000][30964][safepoint    ] Safepoint "Cleanup", Time since last: 2000627700 ns, Reaching safepoint: 136600 ns, At safepoint: 11300 ns, Total: 147900 ns
[2020-09-28T08:58:18.484+0000][30964][safepoint    ] Safepoint "Cleanup", Time since last: 2000023700 ns, Reaching safepoint: 157500 ns, At safepoint: 14300 ns, Total: 171800 ns
[2020-09-28T08:58:19.484+0000][30964][safepoint    ] Safepoint "Cleanup", Time since last: 1000504900 ns, Reaching safepoint: 174400 ns, At safepoint: 12300 ns, Total: 186700 ns
[2020-09-28T08:58:20.485+0000][30964][safepoint    ] Safepoint "Cleanup", Time since last: 1000459900 ns, Reaching safepoint: 140400 ns, At safepoint: 6100 ns, Total: 146500 ns
[2020-09-28T08:58:21.485+0000][30964][safepoint    ] Safepoint "Cleanup", Time since last: 1000081100 ns, Reaching safepoint: 269700 ns, At safepoint: 12900 ns, Total: 282600 ns
[2020-09-28T08:58:22.486+0000][30964][safepoint    ] Safepoint "Cleanup", Time since last: 1000599400 ns, Reaching safepoint: 112100 ns, At safepoint: 5000 ns, Total: 117100 ns
[2020-09-28T08:58:23.487+0000][30964][safepoint    ] Safepoint "Cleanup", Time since last: 1000389400 ns, Reaching safepoint: 176300 ns, At safepoint: 12500 ns, Total: 188800 ns
[2020-09-28T08:58:25.487+0000][30964][safepoint    ] Safepoint "Cleanup", Time since last: 2000401700 ns, Reaching safepoint: 149900 ns, At safepoint: 10900 ns, Total: 160800 ns
[2020-09-28T08:58:26.488+0000][30964][safepoint    ] Safepoint "Cleanup", Time since last: 1000514400 ns, Reaching safepoint: 150800 ns, At safepoint: 9900 ns, Total: 160700 ns
[2020-09-28T08:58:27.489+0000][30964][safepoint    ] Safepoint "Cleanup", Time since last: 1000671800 ns, Reaching safepoint: 163900 ns, At safepoint: 11200 ns, Total: 175100 ns
[2020-09-28T08:58:28.490+0000][30964][safepoint    ] Safepoint "Cleanup", Time since last: 1000660600 ns, Reaching safepoint: 116300 ns, At safepoint: 11200 ns, Total: 127500 ns
[2020-09-28T08:58:29.490+0000][30964][safepoint    ] Safepoint "Cleanup", Time since last: 1000492700 ns, Reaching safepoint: 124700 ns, At safepoint: 4500 ns, Total: 129200 ns
[2020-09-28T08:58:30.491+0000][30964][safepoint    ] Safepoint "Cleanup", Time since last: 1000086700 ns, Reaching safepoint: 163100 ns, At safepoint: 29100 ns, Total: 192200 ns
[2020-09-28T08:58:32.492+0000][30964][safepoint    ] Safepoint "Cleanup", Time since last: 2000880000 ns, Reaching safepoint: 106200 ns, At safepoint: 9000 ns, Total: 115200 ns
[2020-09-28T08:58:33.492+0000][30964][safepoint    ] Safepoint "Cleanup", Time since last: 1000414900 ns, Reaching safepoint: 116400 ns, At safepoint: 6600 ns, Total: 123000 ns
[2020-09-28T08:58:35.493+0000][30964][safepoint    ] Safepoint "Cleanup", Time since last: 2000500700 ns, Reaching safepoint: 133300 ns, At safepoint: 5500 ns, Total: 138800 ns
[2020-09-28T08:58:36.494+0000][30964][safepoint    ] Safepoint "Cleanup", Time since last: 1000551600 ns, Reaching safepoint: 122600 ns, At safepoint: 6300 ns, Total: 128900 ns
[2020-09-28T08:58:37.494+0000][30964][safepoint    ] Safepoint "Cleanup", Time since last: 1000038800 ns, Reaching safepoint: 149500 ns, At safepoint: 7900 ns, Total: 157400 ns
[2020-09-28T08:58:39.495+0000][30964][safepoint    ] Safepoint "Cleanup", Time since last: 2000437900 ns, Reaching safepoint: 200600 ns, At safepoint: 21000 ns, Total: 221600 ns
[2020-09-28T08:58:40.495+0000][30964][safepoint    ] Safepoint "Cleanup", Time since last: 1000026000 ns, Reaching safepoint: 158500 ns, At safepoint: 9900 ns, Total: 168400 ns
[2020-09-28T08:58:41.496+0000][30964][safepoint    ] Safepoint "Cleanup", Time since last: 1000373900 ns, Reaching safepoint: 148100 ns, At safepoint: 13700 ns, Total: 161800 ns
[2020-09-28T08:58:42.496+0000][30964][safepoint    ] Safepoint "Cleanup", Time since last: 1000291300 ns, Reaching safepoint: 146400 ns, At safepoint: 3400 ns, Total: 149800 ns
[2020-09-28T08:58:43.497+0000][30964][safepoint    ] Safepoint "Cleanup", Time since last: 1000383700 ns, Reaching safepoint: 132400 ns, At safepoint: 9900 ns, Total: 142300 ns
[2020-09-28T08:58:44.497+0000][30964][safepoint    ] Safepoint "Cleanup", Time since last: 1000526700 ns, Reaching safepoint: 146500 ns, At safepoint: 16900 ns, Total: 163400 ns
[2020-09-28T08:58:45.498+0000][30964][safepoint    ] Safepoint "Cleanup", Time since last: 1000042100 ns, Reaching safepoint: 333000 ns, At safepoint: 15000 ns, Total: 348000 ns
[2020-09-28T08:58:46.498+0000][30964][safepoint    ] Safepoint "Cleanup", Time since last: 1000289800 ns, Reaching safepoint: 235500 ns, At safepoint: 13600 ns, Total: 249100 ns
[2020-09-28T08:58:47.499+0000][30964][safepoint    ] Safepoint "Cleanup", Time since last: 1000308600 ns, Reaching safepoint: 176200 ns, At safepoint: 12700 ns, Total: 188900 ns
[2020-09-28T08:58:48.500+0000][30964][safepoint    ] Safepoint "Cleanup", Time since last: 1000533800 ns, Reaching safepoint: 304000 ns, At safepoint: 13300 ns, Total: 317300 ns
[2020-09-28T08:58:49.500+0000][30964][safepoint    ] Safepoint "Cleanup", Time since last: 1000372200 ns, Reaching safepoint: 114400 ns, At safepoint: 5600 ns, Total: 120000 ns
[2020-09-28T08:58:50.501+0000][30964][safepoint    ] Safepoint "Cleanup", Time since last: 1000500000 ns, Reaching safepoint: 124800 ns, At safepoint: 10800 ns, Total: 135600 ns
[2020-09-28T08:58:51.501+0000][30964][safepoint    ] Safepoint "Cleanup", Time since last: 1000100500 ns, Reaching safepoint: 118400 ns, At safepoint: 9700 ns, Total: 128100 ns
[2020-09-28T08:58:52.502+0000][30964][safepoint    ] Safepoint "Cleanup", Time since last: 1000356100 ns, Reaching safepoint: 141100 ns, At safepoint: 6500 ns, Total: 147600 ns
[2020-09-28T08:58:53.502+0000][30964][safepoint    ] Safepoint "Cleanup", Time since last: 1000448800 ns, Reaching safepoint: 139900 ns, At safepoint: 7400 ns, Total: 147300 ns
[2020-09-28T08:58:54.503+0000][30964][safepoint    ] Safepoint "Cleanup", Time since last: 1000288700 ns, Reaching safepoint: 152000 ns, At safepoint: 10200 ns, Total: 162200 ns
[2020-09-28T08:58:55.503+0000][30964][safepoint    ] Safepoint "Cleanup", Time since last: 1000329900 ns, Reaching safepoint: 143900 ns, At safepoint: 10100 ns, Total: 154000 ns
[2020-09-28T08:58:56.504+0000][30964][safepoint    ] Safepoint "Cleanup", Time since last: 1000091000 ns, Reaching safepoint: 173100 ns, At safepoint: 21900 ns, Total: 195000 ns
[2020-09-28T08:58:57.504+0000][30964][safepoint    ] Safepoint "Cleanup", Time since last: 1000191600 ns, Reaching safepoint: 100100 ns, At safepoint: 4300 ns, Total: 104400 ns
[2020-09-28T08:58:58.505+0000][30964][safepoint    ] Safepoint "Cleanup", Time since last: 1000760700 ns, Reaching safepoint: 126300 ns, At safepoint: 8200 ns, Total: 134500 ns
[2020-09-28T08:58:59.505+0000][30964][safepoint    ] Safepoint "Cleanup", Time since last: 1000271900 ns, Reaching safepoint: 134900 ns, At safepoint: 7900 ns, Total: 142800 ns
[2020-09-28T08:59:00.506+0000][30964][safepoint    ] Safepoint "Cleanup", Time since last: 1000286500 ns, Reaching safepoint: 118300 ns, At safepoint: 6900 ns, Total: 125200 ns
[2020-09-28T08:59:01.506+0000][30964][safepoint    ] Safepoint "Cleanup", Time since last: 1000259500 ns, Reaching safepoint: 123500 ns, At safepoint: 8500 ns, Total: 132000 ns
[2020-09-28T08:59:02.507+0000][30964][safepoint    ] Safepoint "Cleanup", Time since last: 1000654900 ns, Reaching safepoint: 279000 ns, At safepoint: 5200 ns, Total: 284200 ns
[2020-09-28T08:59:04.508+0000][30964][safepoint    ] Safepoint "Cleanup", Time since last: 2000454100 ns, Reaching safepoint: 125900 ns, At safepoint: 11100 ns, Total: 137000 ns
[2020-09-28T08:59:05.508+0000][30964][safepoint    ] Safepoint "Cleanup", Time since last: 1000495200 ns, Reaching safepoint: 121900 ns, At safepoint: 4600 ns, Total: 126500 ns
[2020-09-28T08:59:06.509+0000][30964][safepoint    ] Safepoint "Cleanup", Time since last: 1000153600 ns, Reaching safepoint: 120800 ns, At safepoint: 9300 ns, Total: 130100 ns
[2020-09-28T08:59:07.510+0000][30964][safepoint    ] Safepoint "Cleanup", Time since last: 1000879800 ns, Reaching safepoint: 112900 ns, At safepoint: 6300 ns, Total: 119200 ns
[2020-09-28T08:59:09.292+0000][30964][safepoint    ] Safepoint "Cleanup", Time since last: 1781636000 ns, Reaching safepoint: 175800 ns, At safepoint: 7300 ns, Total: 183100 ns
[2020-09-28T08:59:10.292+0000][30964][safepoint    ] Safepoint "Cleanup", Time since last: 1000638800 ns, Reaching safepoint: 107100 ns, At safepoint: 7200 ns, Total: 114300 ns
[2020-09-28T08:59:11.293+0000][30964][safepoint    ] Safepoint "Cleanup", Time since last: 1000045200 ns, Reaching safepoint: 156000 ns, At safepoint: 11300 ns, Total: 167300 ns
[2020-09-28T08:59:12.293+0000][30964][safepoint    ] Safepoint "Cleanup", Time since last: 1000583200 ns, Reaching safepoint: 109000 ns, At safepoint: 6800 ns, Total: 115800 ns
[2020-09-28T08:59:13.294+0000][30964][safepoint    ] Safepoint "Cleanup", Time since last: 1000436100 ns, Reaching safepoint: 155800 ns, At safepoint: 18400 ns, Total: 174200 ns
[2020-09-28T08:59:14.295+0000][30964][safepoint    ] Safepoint "Cleanup", Time since last: 1000763000 ns, Reaching safepoint: 137100 ns, At safepoint: 9000 ns, Total: 146100 ns
[2020-09-28T08:59:15.296+0000][30964][safepoint    ] Safepoint "Cleanup", Time since last: 1000549700 ns, Reaching safepoint: 152000 ns, At safepoint: 6400 ns, Total: 158400 ns
[2020-09-28T08:59:16.297+0000][30964][safepoint    ] Safepoint "Cleanup", Time since last: 1000608400 ns, Reaching safepoint: 129200 ns, At safepoint: 9800 ns, Total: 139000 ns
[2020-09-28T08:59:17.297+0000][30964][safepoint    ] Safepoint "Cleanup", Time since last: 1000238000 ns, Reaching safepoint: 102700 ns, At safepoint: 4300 ns, Total: 107000 ns
[2020-09-28T08:59:18.298+0000][30964][safepoint    ] Safepoint "Cleanup", Time since last: 1000860500 ns, Reaching safepoint: 151100 ns, At safepoint: 8400 ns, Total: 159500 ns
[2020-09-28T08:59:19.298+0000][30964][safepoint    ] Safepoint "Cleanup", Time since last: 1000294800 ns, Reaching safepoint: 144400 ns, At safepoint: 10100 ns, Total: 154500 ns
[2020-09-28T08:59:20.299+0000][30964][safepoint    ] Safepoint "Cleanup", Time since last: 1000303500 ns, Reaching safepoint: 100000 ns, At safepoint: 7400 ns, Total: 107400 ns
[2020-09-28T08:59:22.300+0000][30964][safepoint    ] Safepoint "Cleanup", Time since last: 2000623300 ns, Reaching safepoint: 138200 ns, At safepoint: 8200 ns, Total: 146400 ns
[2020-09-28T08:59:23.300+0000][30964][safepoint    ] Safepoint "Cleanup", Time since last: 1000288500 ns, Reaching safepoint: 133500 ns, At safepoint: 9900 ns, Total: 143400 ns
[2020-09-28T08:59:24.301+0000][30964][safepoint    ] Safepoint "Cleanup", Time since last: 1000858100 ns, Reaching safepoint: 129300 ns, At safepoint: 4600 ns, Total: 133900 ns
[2020-09-28T08:59:26.302+0000][30964][safepoint    ] Safepoint "Cleanup", Time since last: 2000669500 ns, Reaching safepoint: 145700 ns, At safepoint: 9700 ns, Total: 155400 ns
[2020-09-28T08:59:27.303+0000][30964][safepoint    ] Safepoint "Cleanup", Time since last: 1000889800 ns, Reaching safepoint: 145700 ns, At safepoint: 7000 ns, Total: 152700 ns
[2020-09-28T08:59:28.304+0000][30964][safepoint    ] Safepoint "Cleanup", Time since last: 1000544500 ns, Reaching safepoint: 118300 ns, At safepoint: 9100 ns, Total: 127400 ns
[2020-09-28T08:59:29.304+0000][30964][safepoint    ] Safepoint "Cleanup", Time since last: 1000040900 ns, Reaching safepoint: 133300 ns, At safepoint: 7000 ns, Total: 140300 ns
[2020-09-28T08:59:30.305+0000][30964][safepoint    ] Safepoint "Cleanup", Time since last: 1000425300 ns, Reaching safepoint: 123600 ns, At safepoint: 9100 ns, Total: 132700 ns
[2020-09-28T08:59:31.305+0000][30964][safepoint    ] Safepoint "Cleanup", Time since last: 1000121700 ns, Reaching safepoint: 121600 ns, At safepoint: 12400 ns, Total: 134000 ns
[2020-09-28T08:59:32.305+0000][30964][safepoint    ] Safepoint "Cleanup", Time since last: 1000365400 ns, Reaching safepoint: 141300 ns, At safepoint: 19700 ns, Total: 161000 ns
[2020-09-28T08:59:34.306+0000][30964][safepoint    ] Safepoint "Cleanup", Time since last: 2000029600 ns, Reaching safepoint: 116800 ns, At safepoint: 9400 ns, Total: 126200 ns
[2020-09-28T08:59:35.306+0000][30964][safepoint    ] Safepoint "Cleanup", Time since last: 1000030200 ns, Reaching safepoint: 111200 ns, At safepoint: 3600 ns, Total: 114800 ns
[2020-09-28T08:59:36.306+0000][30964][safepoint    ] Safepoint "Cleanup", Time since last: 1000196600 ns, Reaching safepoint: 112600 ns, At safepoint: 7900 ns, Total: 120500 ns
[2020-09-28T08:59:37.307+0000][30964][safepoint    ] Safepoint "Cleanup", Time since last: 1000322300 ns, Reaching safepoint: 154400 ns, At safepoint: 10400 ns, Total: 164800 ns
[2020-09-28T08:59:38.307+0000][30964][safepoint    ] Safepoint "Cleanup", Time since last: 1000201700 ns, Reaching safepoint: 142900 ns, At safepoint: 11300 ns, Total: 154200 ns
[2020-09-28T08:59:39.307+0000][30964][safepoint    ] Safepoint "Cleanup", Time since last: 1000131300 ns, Reaching safepoint: 123700 ns, At safepoint: 8600 ns, Total: 132300 ns
[2020-09-28T08:59:40.308+0000][30964][safepoint    ] Safepoint "Cleanup", Time since last: 1000397400 ns, Reaching safepoint: 156300 ns, At safepoint: 11800 ns, Total: 168100 ns
[2020-09-28T08:59:42.309+0000][30964][safepoint    ] Safepoint "Cleanup", Time since last: 2000420100 ns, Reaching safepoint: 177200 ns, At safepoint: 28600 ns, Total: 205800 ns
[2020-09-28T08:59:43.309+0000][30964][safepoint    ] Safepoint "Cleanup", Time since last: 1000415200 ns, Reaching safepoint: 115700 ns, At safepoint: 13500 ns, Total: 129200 ns
[2020-09-28T08:59:44.310+0000][30964][safepoint    ] Safepoint "Cleanup", Time since last: 1000349100 ns, Reaching safepoint: 153800 ns, At safepoint: 9800 ns, Total: 163600 ns
[2020-09-28T08:59:45.310+0000][30964][safepoint    ] Safepoint "Cleanup", Time since last: 1000380500 ns, Reaching safepoint: 95700 ns, At safepoint: 26800 ns, Total: 122500 ns
[2020-09-28T08:59:46.311+0000][30964][safepoint    ] Safepoint "Cleanup", Time since last: 1000304400 ns, Reaching safepoint: 125300 ns, At safepoint: 9800 ns, Total: 135100 ns
[2020-09-28T08:59:47.311+0000][30964][safepoint    ] Safepoint "Cleanup", Time since last: 1000168800 ns, Reaching safepoint: 169800 ns, At safepoint: 11300 ns, Total: 181100 ns
[2020-09-28T08:59:48.312+0000][30964][safepoint    ] Safepoint "Cleanup", Time since last: 1000549700 ns, Reaching safepoint: 109400 ns, At safepoint: 14800 ns, Total: 124200 ns
[2020-09-28T08:59:49.312+0000][30964][safepoint    ] Safepoint "Cleanup", Time since last: 1000019000 ns, Reaching safepoint: 135400 ns, At safepoint: 13700 ns, Total: 149100 ns
[2020-09-28T08:59:50.313+0000][30964][safepoint    ] Safepoint "Cleanup", Time since last: 1000743700 ns, Reaching safepoint: 111200 ns, At safepoint: 6700 ns, Total: 117900 ns
[2020-09-28T08:59:51.314+0000][30964][safepoint    ] Safepoint "Cleanup", Time since last: 1000671800 ns, Reaching safepoint: 122900 ns, At safepoint: 7900 ns, Total: 130800 ns
[2020-09-28T08:59:52.314+0000][30964][safepoint    ] Safepoint "Cleanup", Time since last: 1000308500 ns, Reaching safepoint: 128400 ns, At safepoint: 6600 ns, Total: 135000 ns
[2020-09-28T08:59:53.315+0000][30964][safepoint    ] Safepoint "Cleanup", Time since last: 1000149100 ns, Reaching safepoint: 135300 ns, At safepoint: 17100 ns, Total: 152400 ns
[2020-09-28T08:59:55.315+0000][30964][safepoint    ] Safepoint "Cleanup", Time since last: 2000068500 ns, Reaching safepoint: 96000 ns, At safepoint: 4100 ns, Total: 100100 ns
[2020-09-28T08:59:56.315+0000][30964][safepoint    ] Safepoint "Cleanup", Time since last: 1000289500 ns, Reaching safepoint: 126800 ns, At safepoint: 6200 ns, Total: 133000 ns
[2020-09-28T08:59:57.316+0000][30964][safepoint    ] Safepoint "Cleanup", Time since last: 1000276900 ns, Reaching safepoint: 149800 ns, At safepoint: 9400 ns, Total: 159200 ns
[2020-09-28T08:59:58.316+0000][30964][safepoint    ] Safepoint "Cleanup", Time since last: 1000500600 ns, Reaching safepoint: 105300 ns, At safepoint: 10400 ns, Total: 115700 ns
[2020-09-28T08:59:59.317+0000][30964][safepoint    ] Safepoint "Cleanup", Time since last: 1000587300 ns, Reaching safepoint: 161800 ns, At safepoint: 6700 ns, Total: 168500 ns
[2020-09-28T09:00:00.318+0000][30964][safepoint    ] Safepoint "Cleanup", Time since last: 1000432100 ns, Reaching safepoint: 173900 ns, At safepoint: 9200 ns, Total: 183100 ns
[2020-09-28T09:00:01.318+0000][30964][safepoint    ] Safepoint "Cleanup", Time since last: 1000375200 ns, Reaching safepoint: 537400 ns, At safepoint: 61400 ns, Total: 598800 ns
[2020-09-28T09:00:02.320+0000][30964][safepoint    ] Safepoint "Cleanup", Time since last: 1001206200 ns, Reaching safepoint: 116200 ns, At safepoint: 8000 ns, Total: 124200 ns
[2020-09-28T09:00:03.320+0000][30964][safepoint    ] Safepoint "Cleanup", Time since last: 1000068700 ns, Reaching safepoint: 110000 ns, At safepoint: 7200 ns, Total: 117200 ns
[2020-09-28T09:00:04.013+0000][30964][safepoint    ] Safepoint "BulkRevokeBias", Time since last: 691278800 ns, Reaching safepoint: 119900 ns, At safepoint: 1648500 ns, Total: 1768400 ns
[2020-09-28T09:00:05.825+0000][30964][safepoint    ] Safepoint "Cleanup", Time since last: 1811383500 ns, Reaching safepoint: 174600 ns, At safepoint: 52400 ns, Total: 227000 ns
[2020-09-28T09:00:07.826+0000][30964][safepoint    ] Safepoint "Cleanup", Time since last: 2000864300 ns, Reaching safepoint: 138800 ns, At safepoint: 9700 ns, Total: 148500 ns
[2020-09-28T09:00:08.826+0000][30964][safepoint    ] Safepoint "Cleanup", Time since last: 1000060500 ns, Reaching safepoint: 170700 ns, At safepoint: 12900 ns, Total: 183600 ns
[2020-09-28T09:00:09.827+0000][30964][safepoint    ] Safepoint "Cleanup", Time since last: 1000641600 ns, Reaching safepoint: 131300 ns, At safepoint: 20800 ns, Total: 152100 ns
[2020-09-28T09:00:10.828+0000][30964][safepoint    ] Safepoint "Cleanup", Time since last: 1000715100 ns, Reaching safepoint: 131800 ns, At safepoint: 10300 ns, Total: 142100 ns
[2020-09-28T09:00:11.829+0000][30964][safepoint    ] Safepoint "Cleanup", Time since last: 1000770200 ns, Reaching safepoint: 157200 ns, At safepoint: 8800 ns, Total: 166000 ns
[2020-09-28T09:00:12.830+0000][30964][safepoint    ] Safepoint "Cleanup", Time since last: 1000563100 ns, Reaching safepoint: 116300 ns, At safepoint: 19400 ns, Total: 135700 ns
[2020-09-28T09:00:13.831+0000][30964][safepoint    ] Safepoint "Cleanup", Time since last: 1000704900 ns, Reaching safepoint: 118500 ns, At safepoint: 6300 ns, Total: 124800 ns
[2020-09-28T09:00:14.831+0000][30964][safepoint    ] Safepoint "Cleanup", Time since last: 1000493500 ns, Reaching safepoint: 182500 ns, At safepoint: 10100 ns, Total: 192600 ns
[2020-09-28T09:00:16.832+0000][30964][safepoint    ] Safepoint "Cleanup", Time since last: 1999954000 ns, Reaching safepoint: 129400 ns, At safepoint: 8000 ns, Total: 137400 ns
[2020-09-28T09:00:17.832+0000][30964][safepoint    ] Safepoint "Cleanup", Time since last: 1000416100 ns, Reaching safepoint: 124700 ns, At safepoint: 16700 ns, Total: 141400 ns
[2020-09-28T09:00:18.833+0000][30964][safepoint    ] Safepoint "Cleanup", Time since last: 1000439000 ns, Reaching safepoint: 131000 ns, At safepoint: 9300 ns, Total: 140300 ns
[2020-09-28T09:00:19.834+0000][30964][safepoint    ] Safepoint "Cleanup", Time since last: 1000817300 ns, Reaching safepoint: 172000 ns, At safepoint: 11400 ns, Total: 183400 ns
[2020-09-28T09:00:20.835+0000][30964][safepoint    ] Safepoint "Cleanup", Time since last: 1000563100 ns, Reaching safepoint: 142700 ns, At safepoint: 3400 ns, Total: 146100 ns
[2020-09-28T09:00:21.835+0000][30964][safepoint    ] Safepoint "Cleanup", Time since last: 1000560800 ns, Reaching safepoint: 140800 ns, At safepoint: 12000 ns, Total: 152800 ns
[2020-09-28T09:00:22.836+0000][30964][safepoint    ] Safepoint "Cleanup", Time since last: 1000413400 ns, Reaching safepoint: 140500 ns, At safepoint: 12000 ns, Total: 152500 ns
[2020-09-28T09:00:23.837+0000][30964][safepoint    ] Safepoint "Cleanup", Time since last: 1000807800 ns, Reaching safepoint: 140800 ns, At safepoint: 12000 ns, Total: 152800 ns
[2020-09-28T09:00:25.837+0000][30964][safepoint    ] Safepoint "Cleanup", Time since last: 2000263100 ns, Reaching safepoint: 139900 ns, At safepoint: 7000 ns, Total: 146900 ns
[2020-09-28T09:00:26.838+0000][30964][safepoint    ] Safepoint "Cleanup", Time since last: 1000493300 ns, Reaching safepoint: 239200 ns, At safepoint: 5600 ns, Total: 244800 ns
[2020-09-28T09:00:27.839+0000][30964][safepoint    ] Safepoint "Cleanup", Time since last: 1000827800 ns, Reaching safepoint: 216600 ns, At safepoint: 12500 ns, Total: 229100 ns
[2020-09-28T09:00:28.840+0000][30964][safepoint    ] Safepoint "Cleanup", Time since last: 1000725400 ns, Reaching safepoint: 182700 ns, At safepoint: 7700 ns, Total: 190400 ns
[2020-09-28T09:00:30.841+0000][30964][safepoint    ] Safepoint "Cleanup", Time since last: 2000288400 ns, Reaching safepoint: 172500 ns, At safepoint: 11400 ns, Total: 183900 ns
[2020-09-28T09:00:31.841+0000][30964][safepoint    ] Safepoint "Cleanup", Time since last: 1000265600 ns, Reaching safepoint: 122200 ns, At safepoint: 5200 ns, Total: 127400 ns
[2020-09-28T09:00:33.842+0000][30964][safepoint    ] Safepoint "Cleanup", Time since last: 2000799900 ns, Reaching safepoint: 130500 ns, At safepoint: 6500 ns, Total: 137000 ns
[2020-09-28T09:00:34.843+0000][30964][safepoint    ] Safepoint "Cleanup", Time since last: 1000475500 ns, Reaching safepoint: 114900 ns, At safepoint: 7100 ns, Total: 122000 ns
[2020-09-28T09:00:35.844+0000][30964][safepoint    ] Safepoint "Cleanup", Time since last: 1000751200 ns, Reaching safepoint: 108200 ns, At safepoint: 7300 ns, Total: 115500 ns
[2020-09-28T09:00:36.844+0000][30964][safepoint    ] Safepoint "Cleanup", Time since last: 1000332500 ns, Reaching safepoint: 109400 ns, At safepoint: 3500 ns, Total: 112900 ns
[2020-09-28T09:00:37.845+0000][30964][safepoint    ] Safepoint "Cleanup", Time since last: 1000339000 ns, Reaching safepoint: 131500 ns, At safepoint: 11700 ns, Total: 143200 ns
[2020-09-28T09:00:38.845+0000][30964][safepoint    ] Safepoint "Cleanup", Time since last: 1000468000 ns, Reaching safepoint: 135300 ns, At safepoint: 8200 ns, Total: 143500 ns
[2020-09-28T09:00:40.846+0000][30964][safepoint    ] Safepoint "Cleanup", Time since last: 2000781800 ns, Reaching safepoint: 159800 ns, At safepoint: 10200 ns, Total: 170000 ns
[2020-09-28T09:00:41.847+0000][30964][safepoint    ] Safepoint "Cleanup", Time since last: 1000866100 ns, Reaching safepoint: 160000 ns, At safepoint: 7200 ns, Total: 167200 ns
[2020-09-28T09:00:42.848+0000][30964][safepoint    ] Safepoint "Cleanup", Time since last: 1000793800 ns, Reaching safepoint: 167800 ns, At safepoint: 7000 ns, Total: 174800 ns
[2020-09-28T09:00:44.849+0000][30964][safepoint    ] Safepoint "Cleanup", Time since last: 2000376100 ns, Reaching safepoint: 121400 ns, At safepoint: 8200 ns, Total: 129600 ns
[2020-09-28T09:00:45.850+0000][30964][safepoint    ] Safepoint "Cleanup", Time since last: 1000939200 ns, Reaching safepoint: 130200 ns, At safepoint: 7900 ns, Total: 138100 ns
[2020-09-28T09:00:46.850+0000][30964][safepoint    ] Safepoint "Cleanup", Time since last: 1000158800 ns, Reaching safepoint: 132600 ns, At safepoint: 7300 ns, Total: 139900 ns
[2020-09-28T09:00:47.851+0000][30964][safepoint    ] Safepoint "Cleanup", Time since last: 1000836200 ns, Reaching safepoint: 149600 ns, At safepoint: 6600 ns, Total: 156200 ns
[2020-09-28T09:00:48.852+0000][30964][safepoint    ] Safepoint "Cleanup", Time since last: 1000568700 ns, Reaching safepoint: 234600 ns, At safepoint: 9100 ns, Total: 243700 ns
[2020-09-28T09:00:49.880+0000][30964][safepoint    ] Safepoint "Cleanup", Time since last: 1027897200 ns, Reaching safepoint: 131000 ns, At safepoint: 5700 ns, Total: 136700 ns
[2020-09-28T09:00:50.881+0000][30964][safepoint    ] Safepoint "Cleanup", Time since last: 1000457400 ns, Reaching safepoint: 105800 ns, At safepoint: 4200 ns, Total: 110000 ns
[2020-09-28T09:00:52.881+0000][30964][safepoint    ] Safepoint "Cleanup", Time since last: 2000342200 ns, Reaching safepoint: 159200 ns, At safepoint: 7600 ns, Total: 166800 ns
[2020-09-28T09:00:53.882+0000][30964][safepoint    ] Safepoint "Cleanup", Time since last: 1000192600 ns, Reaching safepoint: 110600 ns, At safepoint: 10700 ns, Total: 121300 ns
[2020-09-28T09:00:54.883+0000][30964][safepoint    ] Safepoint "Cleanup", Time since last: 1000634900 ns, Reaching safepoint: 115300 ns, At safepoint: 7700 ns, Total: 123000 ns
[2020-09-28T09:00:55.883+0000][30964][safepoint    ] Safepoint "Cleanup", Time since last: 1000168400 ns, Reaching safepoint: 113800 ns, At safepoint: 14400 ns, Total: 128200 ns
[2020-09-28T09:00:56.890+0000][30964][safepoint    ] Safepoint "Cleanup", Time since last: 1007221500 ns, Reaching safepoint: 105400 ns, At safepoint: 7400 ns, Total: 112800 ns
[2020-09-28T09:00:57.891+0000][30964][safepoint    ] Safepoint "Cleanup", Time since last: 1000449700 ns, Reaching safepoint: 125300 ns, At safepoint: 9700 ns, Total: 135000 ns
[2020-09-28T09:00:58.891+0000][30964][safepoint    ] Safepoint "Cleanup", Time since last: 1000127900 ns, Reaching safepoint: 112400 ns, At safepoint: 7200 ns, Total: 119600 ns
[2020-09-28T09:00:59.892+0000][30964][safepoint    ] Safepoint "Cleanup", Time since last: 1000532900 ns, Reaching safepoint: 148700 ns, At safepoint: 10400 ns, Total: 159100 ns
[2020-09-28T09:01:00.892+0000][30964][safepoint    ] Safepoint "Cleanup", Time since last: 1000129400 ns, Reaching safepoint: 105700 ns, At safepoint: 12100 ns, Total: 117800 ns
[2020-09-28T09:01:02.893+0000][30964][safepoint    ] Safepoint "Cleanup", Time since last: 2000527000 ns, Reaching safepoint: 86500 ns, At safepoint: 5000 ns, Total: 91500 ns
[2020-09-28T09:01:03.894+0000][30964][safepoint    ] Safepoint "Cleanup", Time since last: 1000578300 ns, Reaching safepoint: 152700 ns, At safepoint: 6800 ns, Total: 159500 ns
[2020-09-28T09:01:04.895+0000][30964][safepoint    ] Safepoint "Cleanup", Time since last: 1000849000 ns, Reaching safepoint: 150400 ns, At safepoint: 54500 ns, Total: 204900 ns
[2020-09-28T09:01:06.896+0000][30964][safepoint    ] Safepoint "Cleanup", Time since last: 2000801700 ns, Reaching safepoint: 155100 ns, At safepoint: 7100 ns, Total: 162200 ns
[2020-09-28T09:01:08.896+0000][30964][safepoint    ] Safepoint "Cleanup", Time since last: 2000279800 ns, Reaching safepoint: 376300 ns, At safepoint: 6600 ns, Total: 382900 ns
[2020-09-28T09:01:09.897+0000][30964][safepoint    ] Safepoint "Cleanup", Time since last: 1000474400 ns, Reaching safepoint: 117400 ns, At safepoint: 4600 ns, Total: 122000 ns
[2020-09-28T09:01:10.898+0000][30964][safepoint    ] Safepoint "Cleanup", Time since last: 1000836300 ns, Reaching safepoint: 111800 ns, At safepoint: 7500 ns, Total: 119300 ns
[2020-09-28T09:01:11.898+0000][30964][safepoint    ] Safepoint "Cleanup", Time since last: 1000011800 ns, Reaching safepoint: 116700 ns, At safepoint: 7900 ns, Total: 124600 ns
[2020-09-28T09:01:12.899+0000][30964][safepoint    ] Safepoint "Cleanup", Time since last: 1000214400 ns, Reaching safepoint: 102300 ns, At safepoint: 13400 ns, Total: 115700 ns
[2020-09-28T09:01:13.899+0000][30964][safepoint    ] Safepoint "Cleanup", Time since last: 1000348400 ns, Reaching safepoint: 92700 ns, At safepoint: 3200 ns, Total: 95900 ns
[2020-09-28T09:01:14.900+0000][30964][safepoint    ] Safepoint "Cleanup", Time since last: 1000558300 ns, Reaching safepoint: 147300 ns, At safepoint: 9600 ns, Total: 156900 ns
[2020-09-28T09:01:15.900+0000][30964][safepoint    ] Safepoint "Cleanup", Time since last: 1000305600 ns, Reaching safepoint: 517600 ns, At safepoint: 30400 ns, Total: 548000 ns
[2020-09-28T09:01:16.902+0000][30964][safepoint    ] Safepoint "Cleanup", Time since last: 1001181000 ns, Reaching safepoint: 143300 ns, At safepoint: 10500 ns, Total: 153800 ns
[2020-09-28T09:01:17.903+0000][30964][safepoint    ] Safepoint "Cleanup", Time since last: 1000755600 ns, Reaching safepoint: 149600 ns, At safepoint: 5200 ns, Total: 154800 ns
[2020-09-28T09:01:18.903+0000][30964][safepoint    ] Safepoint "Cleanup", Time since last: 1000019500 ns, Reaching safepoint: 141800 ns, At safepoint: 10400 ns, Total: 152200 ns
[2020-09-28T09:01:19.904+0000][30964][safepoint    ] Safepoint "Cleanup", Time since last: 1000299500 ns, Reaching safepoint: 121100 ns, At safepoint: 7600 ns, Total: 128700 ns
[2020-09-28T09:01:20.905+0000][30964][safepoint    ] Safepoint "Cleanup", Time since last: 1000796100 ns, Reaching safepoint: 144400 ns, At safepoint: 4700 ns, Total: 149100 ns
[2020-09-28T09:01:22.906+0000][30964][safepoint    ] Safepoint "Cleanup", Time since last: 2000931400 ns, Reaching safepoint: 145500 ns, At safepoint: 9200 ns, Total: 154700 ns
[2020-09-28T09:01:24.906+0000][30964][safepoint    ] Safepoint "Cleanup", Time since last: 2000290800 ns, Reaching safepoint: 127500 ns, At safepoint: 9900 ns, Total: 137400 ns
[2020-09-28T09:01:25.907+0000][30964][safepoint    ] Safepoint "Cleanup", Time since last: 1000589700 ns, Reaching safepoint: 124200 ns, At safepoint: 9400 ns, Total: 133600 ns
[2020-09-28T09:01:26.907+0000][30964][safepoint    ] Safepoint "Cleanup", Time since last: 1000108700 ns, Reaching safepoint: 134000 ns, At safepoint: 10000 ns, Total: 144000 ns
[2020-09-28T09:01:27.908+0000][30964][safepoint    ] Safepoint "Cleanup", Time since last: 1000072300 ns, Reaching safepoint: 192500 ns, At safepoint: 15500 ns, Total: 208000 ns
[2020-09-28T09:01:28.908+0000][30964][safepoint    ] Safepoint "Cleanup", Time since last: 1000278300 ns, Reaching safepoint: 168600 ns, At safepoint: 9000 ns, Total: 177600 ns
[2020-09-28T09:01:29.909+0000][30964][safepoint    ] Safepoint "Cleanup", Time since last: 1000577900 ns, Reaching safepoint: 124600 ns, At safepoint: 9200 ns, Total: 133800 ns
[2020-09-28T09:01:31.909+0000][30964][safepoint    ] Safepoint "Cleanup", Time since last: 2000072300 ns, Reaching safepoint: 157800 ns, At safepoint: 9800 ns, Total: 167600 ns
[2020-09-28T09:01:32.910+0000][30964][safepoint    ] Safepoint "Cleanup", Time since last: 1000437800 ns, Reaching safepoint: 129500 ns, At safepoint: 9300 ns, Total: 138800 ns
[2020-09-28T09:01:33.911+0000][30964][safepoint    ] Safepoint "Cleanup", Time since last: 1000853600 ns, Reaching safepoint: 122300 ns, At safepoint: 6500 ns, Total: 128800 ns
[2020-09-28T09:01:35.912+0000][30964][safepoint    ] Safepoint "Cleanup", Time since last: 2000700300 ns, Reaching safepoint: 139300 ns, At safepoint: 3500 ns, Total: 142800 ns
[2020-09-28T09:01:36.912+0000][30964][safepoint    ] Safepoint "Cleanup", Time since last: 1000021100 ns, Reaching safepoint: 144400 ns, At safepoint: 14500 ns, Total: 158900 ns
[2020-09-28T09:01:37.913+0000][30964][safepoint    ] Safepoint "Cleanup", Time since last: 1000529800 ns, Reaching safepoint: 134000 ns, At safepoint: 12800 ns, Total: 146800 ns
[2020-09-28T09:01:39.914+0000][30964][safepoint    ] Safepoint "Cleanup", Time since last: 2000768500 ns, Reaching safepoint: 144500 ns, At safepoint: 11400 ns, Total: 155900 ns
[2020-09-28T09:01:40.915+0000][30964][safepoint    ] Safepoint "Cleanup", Time since last: 1000806000 ns, Reaching safepoint: 136400 ns, At safepoint: 6900 ns, Total: 143300 ns
[2020-09-28T09:01:41.915+0000][30964][safepoint    ] Safepoint "Cleanup", Time since last: 1000669100 ns, Reaching safepoint: 408500 ns, At safepoint: 12700 ns, Total: 421200 ns
[2020-09-28T09:01:43.917+0000][30964][safepoint    ] Safepoint "Cleanup", Time since last: 2000694500 ns, Reaching safepoint: 117400 ns, At safepoint: 11100 ns, Total: 128500 ns
[2020-09-28T09:01:44.917+0000][30964][safepoint    ] Safepoint "Cleanup", Time since last: 1000217800 ns, Reaching safepoint: 132400 ns, At safepoint: 5900 ns, Total: 138300 ns
[2020-09-28T09:01:45.917+0000][30964][safepoint    ] Safepoint "Cleanup", Time since last: 1000280300 ns, Reaching safepoint: 130100 ns, At safepoint: 9800 ns, Total: 139900 ns
[2020-09-28T09:01:46.918+0000][30964][safepoint    ] Safepoint "Cleanup", Time since last: 1000716400 ns, Reaching safepoint: 113000 ns, At safepoint: 5000 ns, Total: 118000 ns
[2020-09-28T09:01:47.919+0000][30964][safepoint    ] Safepoint "Cleanup", Time since last: 1000131900 ns, Reaching safepoint: 114500 ns, At safepoint: 2900 ns, Total: 117400 ns
[2020-09-28T09:01:48.919+0000][30964][safepoint    ] Safepoint "Cleanup", Time since last: 1000508700 ns, Reaching safepoint: 141400 ns, At safepoint: 4500 ns, Total: 145900 ns
[2020-09-28T09:01:49.920+0000][30964][safepoint    ] Safepoint "Cleanup", Time since last: 1000526500 ns, Reaching safepoint: 719000 ns, At safepoint: 81000 ns, Total: 800000 ns
[2020-09-28T09:01:50.922+0000][30964][safepoint    ] Safepoint "Cleanup", Time since last: 1000862400 ns, Reaching safepoint: 151600 ns, At safepoint: 8700 ns, Total: 160300 ns
[2020-09-28T09:01:52.923+0000][30964][safepoint    ] Safepoint "Cleanup", Time since last: 2000813100 ns, Reaching safepoint: 152100 ns, At safepoint: 24100 ns, Total: 176200 ns
[2020-09-28T09:01:53.923+0000][30964][safepoint    ] Safepoint "Cleanup", Time since last: 1000156400 ns, Reaching safepoint: 138800 ns, At safepoint: 12000 ns, Total: 150800 ns
[2020-09-28T09:01:54.924+0000][30964][safepoint    ] Safepoint "Cleanup", Time since last: 1000776100 ns, Reaching safepoint: 144200 ns, At safepoint: 10000 ns, Total: 154200 ns
[2020-09-28T09:01:56.924+0000][30964][safepoint    ] Safepoint "Cleanup", Time since last: 2000172600 ns, Reaching safepoint: 114000 ns, At safepoint: 6200 ns, Total: 120200 ns
[2020-09-28T09:01:57.925+0000][30964][safepoint    ] Safepoint "Cleanup", Time since last: 1000400200 ns, Reaching safepoint: 117400 ns, At safepoint: 6200 ns, Total: 123600 ns
[2020-09-28T09:01:58.926+0000][30964][safepoint    ] Safepoint "Cleanup", Time since last: 1000489900 ns, Reaching safepoint: 154700 ns, At safepoint: 9800 ns, Total: 164500 ns
[2020-09-28T09:01:59.926+0000][30964][safepoint    ] Safepoint "Cleanup", Time since last: 1000750200 ns, Reaching safepoint: 105500 ns, At safepoint: 6200 ns, Total: 111700 ns
[2020-09-28T09:02:00.927+0000][30964][safepoint    ] Safepoint "Cleanup", Time since last: 1000231800 ns, Reaching safepoint: 149200 ns, At safepoint: 10300 ns, Total: 159500 ns
[2020-09-28T09:02:01.928+0000][30964][safepoint    ] Safepoint "Cleanup", Time since last: 1000455200 ns, Reaching safepoint: 130400 ns, At safepoint: 11100 ns, Total: 141500 ns
[2020-09-28T09:02:02.928+0000][30964][safepoint    ] Safepoint "Cleanup", Time since last: 1000355800 ns, Reaching safepoint: 144400 ns, At safepoint: 8800 ns, Total: 153200 ns
[2020-09-28T09:02:03.929+0000][30964][safepoint    ] Safepoint "Cleanup", Time since last: 1000828800 ns, Reaching safepoint: 127100 ns, At safepoint: 6200 ns, Total: 133300 ns
[2020-09-28T09:02:04.930+0000][30964][safepoint    ] Safepoint "Cleanup", Time since last: 1000580900 ns, Reaching safepoint: 115200 ns, At safepoint: 9100 ns, Total: 124300 ns
[2020-09-28T09:02:05.930+0000][30964][safepoint    ] Safepoint "Cleanup", Time since last: 1000392100 ns, Reaching safepoint: 119600 ns, At safepoint: 7700 ns, Total: 127300 ns
[2020-09-28T09:02:07.931+0000][30964][safepoint    ] Safepoint "Cleanup", Time since last: 2000375200 ns, Reaching safepoint: 174700 ns, At safepoint: 9600 ns, Total: 184300 ns
[2020-09-28T09:02:08.931+0000][30964][safepoint    ] Safepoint "Cleanup", Time since last: 1000205200 ns, Reaching safepoint: 117500 ns, At safepoint: 5600 ns, Total: 123100 ns
[2020-09-28T09:02:10.932+0000][30964][safepoint    ] Safepoint "Cleanup", Time since last: 2000081100 ns, Reaching safepoint: 112200 ns, At safepoint: 7600 ns, Total: 119800 ns
[2020-09-28T09:02:12.932+0000][30964][safepoint    ] Safepoint "Cleanup", Time since last: 2000411100 ns, Reaching safepoint: 120800 ns, At safepoint: 6400 ns, Total: 127200 ns
[2020-09-28T09:02:13.933+0000][30964][safepoint    ] Safepoint "Cleanup", Time since last: 1000349100 ns, Reaching safepoint: 150800 ns, At safepoint: 9400 ns, Total: 160200 ns
[2020-09-28T09:02:14.933+0000][30964][safepoint    ] Safepoint "Cleanup", Time since last: 1000519900 ns, Reaching safepoint: 150100 ns, At safepoint: 11200 ns, Total: 161300 ns
[2020-09-28T09:02:15.934+0000][30964][safepoint    ] Safepoint "Cleanup", Time since last: 1000134000 ns, Reaching safepoint: 127800 ns, At safepoint: 9100 ns, Total: 136900 ns
[2020-09-28T09:02:17.935+0000][30964][safepoint    ] Safepoint "Cleanup", Time since last: 2000646100 ns, Reaching safepoint: 121000 ns, At safepoint: 6500 ns, Total: 127500 ns
[2020-09-28T09:02:19.935+0000][30964][safepoint    ] Safepoint "Cleanup", Time since last: 2000079100 ns, Reaching safepoint: 132100 ns, At safepoint: 11200 ns, Total: 143300 ns
[2020-09-28T09:02:20.936+0000][30964][safepoint    ] Safepoint "Cleanup", Time since last: 1000565800 ns, Reaching safepoint: 110800 ns, At safepoint: 6300 ns, Total: 117100 ns
[2020-09-28T09:02:21.936+0000][30964][safepoint    ] Safepoint "Cleanup", Time since last: 1000280400 ns, Reaching safepoint: 152500 ns, At safepoint: 8600 ns, Total: 161100 ns
[2020-09-28T09:02:22.937+0000][30964][safepoint    ] Safepoint "Cleanup", Time since last: 1000792600 ns, Reaching safepoint: 157800 ns, At safepoint: 13600 ns, Total: 171400 ns
[2020-09-28T09:02:24.938+0000][30964][safepoint    ] Safepoint "Cleanup", Time since last: 2000391300 ns, Reaching safepoint: 133500 ns, At safepoint: 7800 ns, Total: 141300 ns
[2020-09-28T09:02:26.939+0000][30964][safepoint    ] Safepoint "Cleanup", Time since last: 2000908800 ns, Reaching safepoint: 140600 ns, At safepoint: 5800 ns, Total: 146400 ns
[2020-09-28T09:02:27.939+0000][30964][safepoint    ] Safepoint "Cleanup", Time since last: 1000114700 ns, Reaching safepoint: 149900 ns, At safepoint: 23000 ns, Total: 172900 ns
[2020-09-28T09:02:28.940+0000][30964][safepoint    ] Safepoint "Cleanup", Time since last: 1000331200 ns, Reaching safepoint: 140300 ns, At safepoint: 6100 ns, Total: 146400 ns
[2020-09-28T09:02:29.940+0000][30964][safepoint    ] Safepoint "Cleanup", Time since last: 1000631300 ns, Reaching safepoint: 123500 ns, At safepoint: 22000 ns, Total: 145500 ns
[2020-09-28T09:02:30.942+0000][30964][safepoint    ] Safepoint "Cleanup", Time since last: 1000357800 ns, Reaching safepoint: 1063100 ns, At safepoint: 123400 ns, Total: 1186500 ns
[2020-09-28T09:02:32.942+0000][30964][safepoint    ] Safepoint "Cleanup", Time since last: 1999989500 ns, Reaching safepoint: 105000 ns, At safepoint: 22200 ns, Total: 127200 ns
[2020-09-28T09:02:33.943+0000][30964][safepoint    ] Safepoint "Cleanup", Time since last: 1000841900 ns, Reaching safepoint: 101400 ns, At safepoint: 7000 ns, Total: 108400 ns
[2020-09-28T09:02:34.944+0000][30964][safepoint    ] Safepoint "Cleanup", Time since last: 1000745100 ns, Reaching safepoint: 162900 ns, At safepoint: 15700 ns, Total: 178600 ns
[2020-09-28T09:02:36.945+0000][30964][safepoint    ] Safepoint "Cleanup", Time since last: 2000828200 ns, Reaching safepoint: 120400 ns, At safepoint: 5700 ns, Total: 126100 ns
[2020-09-28T09:02:37.946+0000][30964][safepoint    ] Safepoint "Cleanup", Time since last: 1000411200 ns, Reaching safepoint: 100900 ns, At safepoint: 7700 ns, Total: 108600 ns
[2020-09-28T09:02:38.946+0000][30964][safepoint    ] Safepoint "Cleanup", Time since last: 1000111100 ns, Reaching safepoint: 126300 ns, At safepoint: 6200 ns, Total: 132500 ns
[2020-09-28T09:02:39.947+0000][30964][safepoint    ] Safepoint "Cleanup", Time since last: 1000789600 ns, Reaching safepoint: 114100 ns, At safepoint: 7800 ns, Total: 121900 ns
[2020-09-28T09:02:40.947+0000][30964][safepoint    ] Safepoint "Cleanup", Time since last: 1000264300 ns, Reaching safepoint: 116700 ns, At safepoint: 6600 ns, Total: 123300 ns
[2020-09-28T09:02:41.948+0000][30964][safepoint    ] Safepoint "Cleanup", Time since last: 1000279700 ns, Reaching safepoint: 125000 ns, At safepoint: 5100 ns, Total: 130100 ns
[2020-09-28T09:02:42.948+0000][30964][safepoint    ] Safepoint "Cleanup", Time since last: 1000604000 ns, Reaching safepoint: 134700 ns, At safepoint: 6000 ns, Total: 140700 ns
[2020-09-28T09:02:43.949+0000][30964][safepoint    ] Safepoint "Cleanup", Time since last: 1000024200 ns, Reaching safepoint: 94100 ns, At safepoint: 3400 ns, Total: 97500 ns
[2020-09-28T09:02:44.949+0000][30964][safepoint    ] Safepoint "Cleanup", Time since last: 1000535600 ns, Reaching safepoint: 117100 ns, At safepoint: 6500 ns, Total: 123600 ns
[2020-09-28T09:02:45.950+0000][30964][safepoint    ] Safepoint "Cleanup", Time since last: 1000687800 ns, Reaching safepoint: 106100 ns, At safepoint: 7000 ns, Total: 113100 ns
[2020-09-28T09:02:47.950+0000][30964][safepoint    ] Safepoint "Cleanup", Time since last: 2000023200 ns, Reaching safepoint: 153700 ns, At safepoint: 5000 ns, Total: 158700 ns
[2020-09-28T09:02:48.951+0000][30964][safepoint    ] Safepoint "Cleanup", Time since last: 1000291500 ns, Reaching safepoint: 104900 ns, At safepoint: 6300 ns, Total: 111200 ns
[2020-09-28T09:02:49.952+0000][30964][safepoint    ] Safepoint "Cleanup", Time since last: 1000620600 ns, Reaching safepoint: 157200 ns, At safepoint: 21400 ns, Total: 178600 ns
[2020-09-28T09:02:50.952+0000][30964][safepoint    ] Safepoint "Cleanup", Time since last: 1000383400 ns, Reaching safepoint: 204700 ns, At safepoint: 5700 ns, Total: 210400 ns
[2020-09-28T09:02:51.952+0000][30964][safepoint    ] Safepoint "Cleanup", Time since last: 1000075000 ns, Reaching safepoint: 155100 ns, At safepoint: 6100 ns, Total: 161200 ns
[2020-09-28T09:02:52.953+0000][30964][safepoint    ] Safepoint "Cleanup", Time since last: 1000581900 ns, Reaching safepoint: 107100 ns, At safepoint: 7400 ns, Total: 114500 ns
[2020-09-28T09:02:53.954+0000][30964][safepoint    ] Safepoint "Cleanup", Time since last: 1000905900 ns, Reaching safepoint: 107200 ns, At safepoint: 6100 ns, Total: 113300 ns
[2020-09-28T09:02:55.955+0000][30964][safepoint    ] Safepoint "Cleanup", Time since last: 2000419700 ns, Reaching safepoint: 137900 ns, At safepoint: 6500 ns, Total: 144400 ns
[2020-09-28T09:02:56.955+0000][30964][safepoint    ] Safepoint "Cleanup", Time since last: 1000400700 ns, Reaching safepoint: 182900 ns, At safepoint: 8700 ns, Total: 191600 ns
[2020-09-28T09:02:57.956+0000][30964][safepoint    ] Safepoint "Cleanup", Time since last: 1000101300 ns, Reaching safepoint: 100100 ns, At safepoint: 7600 ns, Total: 107700 ns
[2020-09-28T09:02:58.956+0000][30964][safepoint    ] Safepoint "Cleanup", Time since last: 1000130900 ns, Reaching safepoint: 132600 ns, At safepoint: 7000 ns, Total: 139600 ns
[2020-09-28T09:02:59.957+0000][30964][safepoint    ] Safepoint "Cleanup", Time since last: 1000674000 ns, Reaching safepoint: 123000 ns, At safepoint: 5400 ns, Total: 128400 ns
[2020-09-28T09:03:00.957+0000][30964][safepoint    ] Safepoint "Cleanup", Time since last: 1000106700 ns, Reaching safepoint: 172200 ns, At safepoint: 5500 ns, Total: 177700 ns
[2020-09-28T09:03:01.957+0000][30964][safepoint    ] Safepoint "Cleanup", Time since last: 1000096600 ns, Reaching safepoint: 111600 ns, At safepoint: 6400 ns, Total: 118000 ns
[2020-09-28T09:03:02.958+0000][30964][safepoint    ] Safepoint "Cleanup", Time since last: 1000557900 ns, Reaching safepoint: 172800 ns, At safepoint: 10000 ns, Total: 182800 ns
[2020-09-28T09:03:03.958+0000][30964][safepoint    ] Safepoint "Cleanup", Time since last: 1000016800 ns, Reaching safepoint: 185000 ns, At safepoint: 10800 ns, Total: 195800 ns
[2020-09-28T09:03:04.959+0000][30964][safepoint    ] Safepoint "Cleanup", Time since last: 1000619300 ns, Reaching safepoint: 121400 ns, At safepoint: 6500 ns, Total: 127900 ns
[2020-09-28T09:03:05.960+0000][30964][safepoint    ] Safepoint "Cleanup", Time since last: 1000586100 ns, Reaching safepoint: 125700 ns, At safepoint: 6300 ns, Total: 132000 ns
[2020-09-28T09:03:07.961+0000][30964][safepoint    ] Safepoint "Cleanup", Time since last: 2000807300 ns, Reaching safepoint: 190800 ns, At safepoint: 15500 ns, Total: 206300 ns
[2020-09-28T09:03:08.962+0000][30964][safepoint    ] Safepoint "Cleanup", Time since last: 1000659300 ns, Reaching safepoint: 129900 ns, At safepoint: 7600 ns, Total: 137500 ns
[2020-09-28T09:03:09.962+0000][30964][safepoint    ] Safepoint "Cleanup", Time since last: 1000003400 ns, Reaching safepoint: 96900 ns, At safepoint: 6800 ns, Total: 103700 ns
[2020-09-28T09:03:10.962+0000][30964][safepoint    ] Safepoint "Cleanup", Time since last: 1000156400 ns, Reaching safepoint: 186900 ns, At safepoint: 14700 ns, Total: 201600 ns
[2020-09-28T09:03:12.177+0000][30964][safepoint    ] Safepoint "Cleanup", Time since last: 1214129000 ns, Reaching safepoint: 281500 ns, At safepoint: 10200 ns, Total: 291700 ns
[2020-09-28T09:03:14.178+0000][30964][safepoint    ] Safepoint "Cleanup", Time since last: 2000932700 ns, Reaching safepoint: 108700 ns, At safepoint: 7700 ns, Total: 116400 ns
[2020-09-28T09:03:15.178+0000][30964][safepoint    ] Safepoint "Cleanup", Time since last: 1000327100 ns, Reaching safepoint: 138300 ns, At safepoint: 7200 ns, Total: 145500 ns
[2020-09-28T09:03:16.179+0000][30964][safepoint    ] Safepoint "Cleanup", Time since last: 1000553600 ns, Reaching safepoint: 143700 ns, At safepoint: 6400 ns, Total: 150100 ns
[2020-09-28T09:03:17.180+0000][30964][safepoint    ] Safepoint "Cleanup", Time since last: 1000637000 ns, Reaching safepoint: 153500 ns, At safepoint: 21200 ns, Total: 174700 ns
[2020-09-28T09:03:18.180+0000][30964][safepoint    ] Safepoint "Cleanup", Time since last: 1000108000 ns, Reaching safepoint: 141500 ns, At safepoint: 71300 ns, Total: 212800 ns
[2020-09-28T09:03:19.180+0000][30964][safepoint    ] Safepoint "Cleanup", Time since last: 1000125500 ns, Reaching safepoint: 102600 ns, At safepoint: 8900 ns, Total: 111500 ns
[2020-09-28T09:03:20.181+0000][30964][safepoint    ] Safepoint "Cleanup", Time since last: 1000721800 ns, Reaching safepoint: 162200 ns, At safepoint: 20700 ns, Total: 182900 ns
[2020-09-28T09:03:21.182+0000][30964][safepoint    ] Safepoint "Cleanup", Time since last: 1000302300 ns, Reaching safepoint: 147700 ns, At safepoint: 5600 ns, Total: 153300 ns
[2020-09-28T09:03:23.183+0000][30964][safepoint    ] Safepoint "Cleanup", Time since last: 2000742400 ns, Reaching safepoint: 99300 ns, At safepoint: 3600 ns, Total: 102900 ns
[2020-09-28T09:03:24.184+0000][30964][safepoint    ] Safepoint "Cleanup", Time since last: 1000751300 ns, Reaching safepoint: 118200 ns, At safepoint: 7600 ns, Total: 125800 ns
[2020-09-28T09:03:25.185+0000][30964][safepoint    ] Safepoint "Cleanup", Time since last: 1000821700 ns, Reaching safepoint: 103800 ns, At safepoint: 5000 ns, Total: 108800 ns
[2020-09-28T09:03:26.185+0000][30964][safepoint    ] Safepoint "Cleanup", Time since last: 1000077800 ns, Reaching safepoint: 121600 ns, At safepoint: 6300 ns, Total: 127900 ns
[2020-09-28T09:03:27.185+0000][30964][safepoint    ] Safepoint "Cleanup", Time since last: 1000505400 ns, Reaching safepoint: 132100 ns, At safepoint: 6900 ns, Total: 139000 ns
[2020-09-28T09:03:28.186+0000][30964][safepoint    ] Safepoint "Cleanup", Time since last: 1000271800 ns, Reaching safepoint: 145300 ns, At safepoint: 5700 ns, Total: 151000 ns
[2020-09-28T09:03:29.186+0000][30964][safepoint    ] Safepoint "Cleanup", Time since last: 1000334600 ns, Reaching safepoint: 109400 ns, At safepoint: 8400 ns, Total: 117800 ns
[2020-09-28T09:03:30.187+0000][30964][safepoint    ] Safepoint "Cleanup", Time since last: 1000040600 ns, Reaching safepoint: 128900 ns, At safepoint: 6000 ns, Total: 134900 ns
[2020-09-28T09:03:31.187+0000][30964][safepoint    ] Safepoint "Cleanup", Time since last: 1000138800 ns, Reaching safepoint: 163000 ns, At safepoint: 18600 ns, Total: 181600 ns
[2020-09-28T09:03:32.188+0000][30964][safepoint    ] Safepoint "Cleanup", Time since last: 1000816200 ns, Reaching safepoint: 127500 ns, At safepoint: 6100 ns, Total: 133600 ns
[2020-09-28T09:03:33.189+0000][30964][safepoint    ] Safepoint "Cleanup", Time since last: 1000854800 ns, Reaching safepoint: 145800 ns, At safepoint: 5600 ns, Total: 151400 ns
[2020-09-28T09:03:34.190+0000][30964][safepoint    ] Safepoint "Cleanup", Time since last: 1000771000 ns, Reaching safepoint: 148600 ns, At safepoint: 6400 ns, Total: 155000 ns
[2020-09-28T09:03:35.191+0000][30964][safepoint    ] Safepoint "Cleanup", Time since last: 1000572000 ns, Reaching safepoint: 120300 ns, At safepoint: 6900 ns, Total: 127200 ns
[2020-09-28T09:03:36.191+0000][30964][safepoint    ] Safepoint "Cleanup", Time since last: 1000250100 ns, Reaching safepoint: 121700 ns, At safepoint: 6800 ns, Total: 128500 ns
[2020-09-28T09:03:37.192+0000][30964][safepoint    ] Safepoint "Cleanup", Time since last: 1000616600 ns, Reaching safepoint: 156700 ns, At safepoint: 7100 ns, Total: 163800 ns
[2020-09-28T09:03:38.192+0000][30964][safepoint    ] Safepoint "Cleanup", Time since last: 1000407100 ns, Reaching safepoint: 129600 ns, At safepoint: 6500 ns, Total: 136100 ns
[2020-09-28T09:03:39.193+0000][30964][safepoint    ] Safepoint "Cleanup", Time since last: 1000234900 ns, Reaching safepoint: 126300 ns, At safepoint: 5700 ns, Total: 132000 ns
[2020-09-28T09:03:40.193+0000][30964][safepoint    ] Safepoint "Cleanup", Time since last: 1000519800 ns, Reaching safepoint: 135900 ns, At safepoint: 21100 ns, Total: 157000 ns
[2020-09-28T09:03:42.194+0000][30964][safepoint    ] Safepoint "Cleanup", Time since last: 2000404900 ns, Reaching safepoint: 105300 ns, At safepoint: 6600 ns, Total: 111900 ns
[2020-09-28T09:03:43.195+0000][30964][safepoint    ] Safepoint "Cleanup", Time since last: 1000347500 ns, Reaching safepoint: 142300 ns, At safepoint: 6200 ns, Total: 148500 ns
[2020-09-28T09:03:44.195+0000][30964][safepoint    ] Safepoint "Cleanup", Time since last: 1000158600 ns, Reaching safepoint: 140600 ns, At safepoint: 4000 ns, Total: 144600 ns
[2020-09-28T09:03:46.195+0000][30964][safepoint    ] Safepoint "Cleanup", Time since last: 1999921400 ns, Reaching safepoint: 136000 ns, At safepoint: 5600 ns, Total: 141600 ns
[2020-09-28T09:03:47.195+0000][30964][safepoint    ] Safepoint "Cleanup", Time since last: 1000297400 ns, Reaching safepoint: 102800 ns, At safepoint: 6300 ns, Total: 109100 ns
[2020-09-28T09:03:48.196+0000][30964][safepoint    ] Safepoint "Cleanup", Time since last: 1000452800 ns, Reaching safepoint: 115900 ns, At safepoint: 5900 ns, Total: 121800 ns
[2020-09-28T09:03:49.197+0000][30964][safepoint    ] Safepoint "Cleanup", Time since last: 1000610500 ns, Reaching safepoint: 126000 ns, At safepoint: 6100 ns, Total: 132100 ns
[2020-09-28T09:03:51.197+0000][30964][safepoint    ] Safepoint "Cleanup", Time since last: 2000376100 ns, Reaching safepoint: 126800 ns, At safepoint: 6400 ns, Total: 133200 ns
[2020-09-28T09:03:52.198+0000][30964][safepoint    ] Safepoint "Cleanup", Time since last: 1000343100 ns, Reaching safepoint: 107400 ns, At safepoint: 6600 ns, Total: 114000 ns
[2020-09-28T09:03:53.198+0000][30964][safepoint    ] Safepoint "Cleanup", Time since last: 1000361300 ns, Reaching safepoint: 102200 ns, At safepoint: 6300 ns, Total: 108500 ns
[2020-09-28T09:03:54.199+0000][30964][safepoint    ] Safepoint "Cleanup", Time since last: 1000339500 ns, Reaching safepoint: 149200 ns, At safepoint: 4900 ns, Total: 154100 ns
[2020-09-28T09:03:55.214+0000][30964][safepoint    ] Safepoint "Cleanup", Time since last: 1015095900 ns, Reaching safepoint: 126400 ns, At safepoint: 6300 ns, Total: 132700 ns
[2020-09-28T09:03:56.214+0000][30964][safepoint    ] Safepoint "Cleanup", Time since last: 1000085000 ns, Reaching safepoint: 128800 ns, At safepoint: 8500 ns, Total: 137300 ns
[2020-09-28T09:03:57.215+0000][30964][safepoint    ] Safepoint "Cleanup", Time since last: 1000359000 ns, Reaching safepoint: 172200 ns, At safepoint: 10200 ns, Total: 182400 ns
[2020-09-28T09:03:59.216+0000][30964][safepoint    ] Safepoint "Cleanup", Time since last: 2000602900 ns, Reaching safepoint: 162400 ns, At safepoint: 11000 ns, Total: 173400 ns
[2020-09-28T09:04:00.216+0000][30964][safepoint    ] Safepoint "Cleanup", Time since last: 1000100100 ns, Reaching safepoint: 187500 ns, At safepoint: 6500 ns, Total: 194000 ns
[2020-09-28T09:04:01.217+0000][30964][safepoint    ] Safepoint "Cleanup", Time since last: 1000634300 ns, Reaching safepoint: 106000 ns, At safepoint: 6900 ns, Total: 112900 ns
[2020-09-28T09:04:02.217+0000][30964][safepoint    ] Safepoint "Cleanup", Time since last: 1000071300 ns, Reaching safepoint: 141200 ns, At safepoint: 8000 ns, Total: 149200 ns
[2020-09-28T09:04:03.217+0000][30964][safepoint    ] Safepoint "Cleanup", Time since last: 1000199000 ns, Reaching safepoint: 104400 ns, At safepoint: 6800 ns, Total: 111200 ns
[2020-09-28T09:04:04.218+0000][30964][safepoint    ] Safepoint "Cleanup", Time since last: 1000126400 ns, Reaching safepoint: 115100 ns, At safepoint: 4600 ns, Total: 119700 ns
[2020-09-28T09:04:05.218+0000][30964][safepoint    ] Safepoint "Cleanup", Time since last: 1000248600 ns, Reaching safepoint: 151900 ns, At safepoint: 22600 ns, Total: 174500 ns
[2020-09-28T09:04:06.219+0000][30964][safepoint    ] Safepoint "Cleanup", Time since last: 1000645900 ns, Reaching safepoint: 149900 ns, At safepoint: 6400 ns, Total: 156300 ns
[2020-09-28T09:04:07.219+0000][30964][safepoint    ] Safepoint "Cleanup", Time since last: 1000408400 ns, Reaching safepoint: 142800 ns, At safepoint: 14200 ns, Total: 157000 ns
[2020-09-28T09:04:08.220+0000][30964][safepoint    ] Safepoint "Cleanup", Time since last: 1000318800 ns, Reaching safepoint: 216600 ns, At safepoint: 8200 ns, Total: 224800 ns
[2020-09-28T09:04:09.221+0000][30964][safepoint    ] Safepoint "Cleanup", Time since last: 1000587800 ns, Reaching safepoint: 127600 ns, At safepoint: 7400 ns, Total: 135000 ns
[2020-09-28T09:04:10.221+0000][30964][safepoint    ] Safepoint "Cleanup", Time since last: 1000538500 ns, Reaching safepoint: 115100 ns, At safepoint: 6400 ns, Total: 121500 ns
[2020-09-28T09:04:11.222+0000][30964][safepoint    ] Safepoint "Cleanup", Time since last: 1000242100 ns, Reaching safepoint: 107800 ns, At safepoint: 11200 ns, Total: 119000 ns
[2020-09-28T09:04:13.223+0000][30964][safepoint    ] Safepoint "Cleanup", Time since last: 2000644600 ns, Reaching safepoint: 119200 ns, At safepoint: 5100 ns, Total: 124300 ns
[2020-09-28T09:04:14.223+0000][30964][safepoint    ] Safepoint "Cleanup", Time since last: 1000583400 ns, Reaching safepoint: 166500 ns, At safepoint: 8900 ns, Total: 175400 ns
[2020-09-28T09:04:16.224+0000][30964][safepoint    ] Safepoint "Cleanup", Time since last: 2000262500 ns, Reaching safepoint: 111600 ns, At safepoint: 8700 ns, Total: 120300 ns
[2020-09-28T09:04:17.224+0000][30964][safepoint    ] Safepoint "Cleanup", Time since last: 1000188700 ns, Reaching safepoint: 141500 ns, At safepoint: 3000 ns, Total: 144500 ns
[2020-09-28T09:04:18.225+0000][30964][safepoint    ] Safepoint "Cleanup", Time since last: 1000666700 ns, Reaching safepoint: 144200 ns, At safepoint: 5500 ns, Total: 149700 ns
[2020-09-28T09:04:20.225+0000][30964][safepoint    ] Safepoint "Cleanup", Time since last: 2000379100 ns, Reaching safepoint: 147500 ns, At safepoint: 10000 ns, Total: 157500 ns
[2020-09-28T09:04:22.226+0000][30964][safepoint    ] Safepoint "Cleanup", Time since last: 2000508200 ns, Reaching safepoint: 135700 ns, At safepoint: 5000 ns, Total: 140700 ns
[2020-09-28T09:04:23.227+0000][30964][safepoint    ] Safepoint "Cleanup", Time since last: 1000251000 ns, Reaching safepoint: 121200 ns, At safepoint: 9700 ns, Total: 130900 ns
[2020-09-28T09:04:24.227+0000][30964][safepoint    ] Safepoint "Cleanup", Time since last: 1000050000 ns, Reaching safepoint: 98000 ns, At safepoint: 7100 ns, Total: 105100 ns
[2020-09-28T09:04:25.227+0000][30964][safepoint    ] Safepoint "Cleanup", Time since last: 1000463000 ns, Reaching safepoint: 135400 ns, At safepoint: 7700 ns, Total: 143100 ns
[2020-09-28T09:04:27.228+0000][30964][safepoint    ] Safepoint "Cleanup", Time since last: 2000849100 ns, Reaching safepoint: 137200 ns, At safepoint: 8600 ns, Total: 145800 ns
[2020-09-28T09:04:28.229+0000][30964][safepoint    ] Safepoint "Cleanup", Time since last: 1000038900 ns, Reaching safepoint: 210400 ns, At safepoint: 6400 ns, Total: 216800 ns
[2020-09-28T09:04:29.229+0000][30964][safepoint    ] Safepoint "Cleanup", Time since last: 1000503400 ns, Reaching safepoint: 140000 ns, At safepoint: 6400 ns, Total: 146400 ns
[2020-09-28T09:04:30.230+0000][30964][safepoint    ] Safepoint "Cleanup", Time since last: 1000724400 ns, Reaching safepoint: 237900 ns, At safepoint: 18600 ns, Total: 256500 ns
[2020-09-28T09:04:31.231+0000][30964][safepoint    ] Safepoint "Cleanup", Time since last: 1000273200 ns, Reaching safepoint: 417500 ns, At safepoint: 42400 ns, Total: 459900 ns
[2020-09-28T09:04:33.232+0000][30964][safepoint    ] Safepoint "Cleanup", Time since last: 2000673800 ns, Reaching safepoint: 120000 ns, At safepoint: 7200 ns, Total: 127200 ns
[2020-09-28T09:04:34.233+0000][30964][safepoint    ] Safepoint "Cleanup", Time since last: 1000564900 ns, Reaching safepoint: 167200 ns, At safepoint: 3600 ns, Total: 170800 ns
[2020-09-28T09:04:35.233+0000][30964][safepoint    ] Safepoint "Cleanup", Time since last: 1000602100 ns, Reaching safepoint: 111700 ns, At safepoint: 13800 ns, Total: 125500 ns
[2020-09-28T09:04:36.234+0000][30964][safepoint    ] Safepoint "Cleanup", Time since last: 1000785600 ns, Reaching safepoint: 118000 ns, At safepoint: 6600 ns, Total: 124600 ns
[2020-09-28T09:04:37.235+0000][30964][safepoint    ] Safepoint "Cleanup", Time since last: 1000079900 ns, Reaching safepoint: 106200 ns, At safepoint: 4900 ns, Total: 111100 ns
[2020-09-28T09:04:38.235+0000][30964][safepoint    ] Safepoint "Cleanup", Time since last: 1000532700 ns, Reaching safepoint: 142000 ns, At safepoint: 5800 ns, Total: 147800 ns
[2020-09-28T09:04:39.236+0000][30964][safepoint    ] Safepoint "Cleanup", Time since last: 1000532900 ns, Reaching safepoint: 120500 ns, At safepoint: 22400 ns, Total: 142900 ns
[2020-09-28T09:04:40.237+0000][30964][safepoint    ] Safepoint "Cleanup", Time since last: 1000576300 ns, Reaching safepoint: 121400 ns, At safepoint: 6100 ns, Total: 127500 ns
[2020-09-28T09:04:41.237+0000][30964][safepoint    ] Safepoint "Cleanup", Time since last: 1000200200 ns, Reaching safepoint: 145000 ns, At safepoint: 20900 ns, Total: 165900 ns
[2020-09-28T09:04:42.238+0000][30964][safepoint    ] Safepoint "Cleanup", Time since last: 1000648000 ns, Reaching safepoint: 122400 ns, At safepoint: 5900 ns, Total: 128300 ns
[2020-09-28T09:04:43.239+0000][30964][safepoint    ] Safepoint "Cleanup", Time since last: 1000715600 ns, Reaching safepoint: 108300 ns, At safepoint: 6700 ns, Total: 115000 ns
[2020-09-28T09:04:44.239+0000][30964][safepoint    ] Safepoint "Cleanup", Time since last: 1000352700 ns, Reaching safepoint: 87600 ns, At safepoint: 2900 ns, Total: 90500 ns
[2020-09-28T09:04:45.240+0000][30964][safepoint    ] Safepoint "Cleanup", Time since last: 1000457100 ns, Reaching safepoint: 146000 ns, At safepoint: 5700 ns, Total: 151700 ns
[2020-09-28T09:04:46.240+0000][30964][safepoint    ] Safepoint "Cleanup", Time since last: 1000444800 ns, Reaching safepoint: 112500 ns, At safepoint: 7400 ns, Total: 119900 ns
[2020-09-28T09:04:47.241+0000][30964][safepoint    ] Safepoint "Cleanup", Time since last: 1000164900 ns, Reaching safepoint: 155400 ns, At safepoint: 9000 ns, Total: 164400 ns
[2020-09-28T09:04:49.241+0000][30964][safepoint    ] Safepoint "Cleanup", Time since last: 2000007400 ns, Reaching safepoint: 109900 ns, At safepoint: 7900 ns, Total: 117800 ns
[2020-09-28T09:04:51.242+0000][30964][safepoint    ] Safepoint "Cleanup", Time since last: 2000956000 ns, Reaching safepoint: 123400 ns, At safepoint: 5900 ns, Total: 129300 ns
[2020-09-28T09:04:52.242+0000][30964][safepoint    ] Safepoint "Cleanup", Time since last: 1000228800 ns, Reaching safepoint: 140000 ns, At safepoint: 5900 ns, Total: 145900 ns
[2020-09-28T09:04:53.243+0000][30964][safepoint    ] Safepoint "Cleanup", Time since last: 1000140900 ns, Reaching safepoint: 115900 ns, At safepoint: 7400 ns, Total: 123300 ns
[2020-09-28T09:04:54.244+0000][30964][safepoint    ] Safepoint "Cleanup", Time since last: 1000865700 ns, Reaching safepoint: 131900 ns, At safepoint: 6400 ns, Total: 138300 ns
[2020-09-28T09:04:55.244+0000][30964][safepoint    ] Safepoint "Cleanup", Time since last: 1000014100 ns, Reaching safepoint: 115300 ns, At safepoint: 6500 ns, Total: 121800 ns
[2020-09-28T09:04:56.245+0000][30964][safepoint    ] Safepoint "Cleanup", Time since last: 1000767600 ns, Reaching safepoint: 101800 ns, At safepoint: 8400 ns, Total: 110200 ns
[2020-09-28T09:04:58.246+0000][30964][safepoint    ] Safepoint "Cleanup", Time since last: 2000836500 ns, Reaching safepoint: 125200 ns, At safepoint: 3200 ns, Total: 128400 ns
[2020-09-28T09:04:59.246+0000][30964][safepoint    ] Safepoint "Cleanup", Time since last: 1000444200 ns, Reaching safepoint: 106500 ns, At safepoint: 6400 ns, Total: 112900 ns
[2020-09-28T09:05:00.247+0000][30964][safepoint    ] Safepoint "Cleanup", Time since last: 1000795500 ns, Reaching safepoint: 168300 ns, At safepoint: 6600 ns, Total: 174900 ns
[2020-09-28T09:05:01.248+0000][30964][safepoint    ] Safepoint "Cleanup", Time since last: 1000768300 ns, Reaching safepoint: 148300 ns, At safepoint: 8100 ns, Total: 156400 ns
[2020-09-28T09:05:02.249+0000][30964][safepoint    ] Safepoint "Cleanup", Time since last: 1000835500 ns, Reaching safepoint: 160600 ns, At safepoint: 5600 ns, Total: 166200 ns
[2020-09-28T09:05:03.250+0000][30964][safepoint    ] Safepoint "Cleanup", Time since last: 1000423300 ns, Reaching safepoint: 158000 ns, At safepoint: 6400 ns, Total: 164400 ns
[2020-09-28T09:05:04.250+0000][30964][safepoint    ] Safepoint "Cleanup", Time since last: 1000073200 ns, Reaching safepoint: 149400 ns, At safepoint: 5500 ns, Total: 154900 ns
[2020-09-28T09:05:06.251+0000][30964][safepoint    ] Safepoint "Cleanup", Time since last: 2000397400 ns, Reaching safepoint: 113500 ns, At safepoint: 7800 ns, Total: 121300 ns
[2020-09-28T09:05:07.252+0000][30964][safepoint    ] Safepoint "Cleanup", Time since last: 1000854400 ns, Reaching safepoint: 135900 ns, At safepoint: 6500 ns, Total: 142400 ns
[2020-09-28T09:05:08.253+0000][30964][safepoint    ] Safepoint "Cleanup", Time since last: 1000615500 ns, Reaching safepoint: 156300 ns, At safepoint: 9300 ns, Total: 165600 ns
[2020-09-28T09:05:09.253+0000][30964][safepoint    ] Safepoint "Cleanup", Time since last: 1000094400 ns, Reaching safepoint: 135600 ns, At safepoint: 6000 ns, Total: 141600 ns
[2020-09-28T09:05:10.253+0000][30964][safepoint    ] Safepoint "Cleanup", Time since last: 1000231900 ns, Reaching safepoint: 117900 ns, At safepoint: 6100 ns, Total: 124000 ns
[2020-09-28T09:05:12.187+0000][30964][safepoint    ] Safepoint "Cleanup", Time since last: 1933554300 ns, Reaching safepoint: 116300 ns, At safepoint: 8700 ns, Total: 125000 ns
[2020-09-28T09:05:13.187+0000][30964][safepoint    ] Safepoint "Cleanup", Time since last: 1000242200 ns, Reaching safepoint: 112300 ns, At safepoint: 6000 ns, Total: 118300 ns
[2020-09-28T09:05:14.188+0000][30964][safepoint    ] Safepoint "Cleanup", Time since last: 1000792400 ns, Reaching safepoint: 108800 ns, At safepoint: 6800 ns, Total: 115600 ns
[2020-09-28T09:05:15.189+0000][30964][safepoint    ] Safepoint "Cleanup", Time since last: 1000676900 ns, Reaching safepoint: 103500 ns, At safepoint: 7500 ns, Total: 111000 ns
[2020-09-28T09:05:16.190+0000][30964][safepoint    ] Safepoint "Cleanup", Time since last: 1000773100 ns, Reaching safepoint: 139300 ns, At safepoint: 8700 ns, Total: 148000 ns
[2020-09-28T09:05:17.191+0000][30964][safepoint    ] Safepoint "Cleanup", Time since last: 1000865600 ns, Reaching safepoint: 143300 ns, At safepoint: 5900 ns, Total: 149200 ns
[2020-09-28T09:05:18.192+0000][30964][safepoint    ] Safepoint "Cleanup", Time since last: 1000526800 ns, Reaching safepoint: 117600 ns, At safepoint: 8700 ns, Total: 126300 ns
[2020-09-28T09:05:20.193+0000][30964][safepoint    ] Safepoint "Cleanup", Time since last: 2000769000 ns, Reaching safepoint: 140200 ns, At safepoint: 6700 ns, Total: 146900 ns
[2020-09-28T09:05:21.194+0000][30964][safepoint    ] Safepoint "Cleanup", Time since last: 1000738100 ns, Reaching safepoint: 93600 ns, At safepoint: 3300 ns, Total: 96900 ns
[2020-09-28T09:05:22.195+0000][30964][safepoint    ] Safepoint "Cleanup", Time since last: 1000928300 ns, Reaching safepoint: 128200 ns, At safepoint: 6600 ns, Total: 134800 ns
[2020-09-28T09:05:23.195+0000][30964][safepoint    ] Safepoint "Cleanup", Time since last: 1000567100 ns, Reaching safepoint: 121500 ns, At safepoint: 7700 ns, Total: 129200 ns
[2020-09-28T09:05:24.196+0000][30964][safepoint    ] Safepoint "Cleanup", Time since last: 1000536300 ns, Reaching safepoint: 140300 ns, At safepoint: 5500 ns, Total: 145800 ns
[2020-09-28T09:05:25.196+0000][30964][safepoint    ] Safepoint "Cleanup", Time since last: 1000050000 ns, Reaching safepoint: 118400 ns, At safepoint: 4100 ns, Total: 122500 ns
[2020-09-28T09:05:26.197+0000][30964][safepoint    ] Safepoint "Cleanup", Time since last: 1000843800 ns, Reaching safepoint: 122900 ns, At safepoint: 10000 ns, Total: 132900 ns
[2020-09-28T09:05:27.197+0000][30964][safepoint    ] Safepoint "Cleanup", Time since last: 1000048600 ns, Reaching safepoint: 116100 ns, At safepoint: 5800 ns, Total: 121900 ns
[2020-09-28T09:05:28.198+0000][30964][safepoint    ] Safepoint "Cleanup", Time since last: 1000731700 ns, Reaching safepoint: 111700 ns, At safepoint: 5900 ns, Total: 117600 ns
[2020-09-28T09:05:29.199+0000][30964][safepoint    ] Safepoint "Cleanup", Time since last: 1000231700 ns, Reaching safepoint: 116300 ns, At safepoint: 8600 ns, Total: 124900 ns
[2020-09-28T09:05:30.946+0000][30964][safepoint    ] Safepoint "Cleanup", Time since last: 1747431900 ns, Reaching safepoint: 140500 ns, At safepoint: 47800 ns, Total: 188300 ns
[2020-09-28T09:05:31.947+0000][30964][safepoint    ] Safepoint "Cleanup", Time since last: 1000404900 ns, Reaching safepoint: 117900 ns, At safepoint: 53700 ns, Total: 171600 ns
[2020-09-28T09:05:32.947+0000][30964][safepoint    ] Safepoint "Cleanup", Time since last: 1000390500 ns, Reaching safepoint: 108500 ns, At safepoint: 3100 ns, Total: 111600 ns
[2020-09-28T09:05:34.948+0000][30964][safepoint    ] Safepoint "Cleanup", Time since last: 2000290700 ns, Reaching safepoint: 96200 ns, At safepoint: 7500 ns, Total: 103700 ns
[2020-09-28T09:05:35.948+0000][30964][safepoint    ] Safepoint "Cleanup", Time since last: 1000281000 ns, Reaching safepoint: 112200 ns, At safepoint: 5800 ns, Total: 118000 ns
[2020-09-28T09:05:36.949+0000][30964][safepoint    ] Safepoint "Cleanup", Time since last: 1000750600 ns, Reaching safepoint: 106800 ns, At safepoint: 9300 ns, Total: 116100 ns
[2020-09-28T09:05:38.950+0000][30964][safepoint    ] Safepoint "Cleanup", Time since last: 2000341000 ns, Reaching safepoint: 178100 ns, At safepoint: 37100 ns, Total: 215200 ns
[2020-09-28T09:05:39.950+0000][30964][safepoint    ] Safepoint "Cleanup", Time since last: 1000111500 ns, Reaching safepoint: 132900 ns, At safepoint: 20600 ns, Total: 153500 ns
[2020-09-28T09:05:40.951+0000][30964][safepoint    ] Safepoint "Cleanup", Time since last: 1000818000 ns, Reaching safepoint: 135200 ns, At safepoint: 8500 ns, Total: 143700 ns
[2020-09-28T09:05:42.952+0000][30964][safepoint    ] Safepoint "Cleanup", Time since last: 2000576900 ns, Reaching safepoint: 137100 ns, At safepoint: 9000 ns, Total: 146100 ns
[2020-09-28T09:05:44.953+0000][30964][safepoint    ] Safepoint "Cleanup", Time since last: 2000588200 ns, Reaching safepoint: 100600 ns, At safepoint: 6800 ns, Total: 107400 ns
[2020-09-28T09:05:46.953+0000][30964][safepoint    ] Safepoint "Cleanup", Time since last: 2000712900 ns, Reaching safepoint: 135100 ns, At safepoint: 6800 ns, Total: 141900 ns
[2020-09-28T09:05:47.954+0000][30964][safepoint    ] Safepoint "Cleanup", Time since last: 1000318500 ns, Reaching safepoint: 152400 ns, At safepoint: 14500 ns, Total: 166900 ns
[2020-09-28T09:05:48.954+0000][30964][safepoint    ] Safepoint "Cleanup", Time since last: 1000301300 ns, Reaching safepoint: 124300 ns, At safepoint: 5800 ns, Total: 130100 ns
[2020-09-28T09:05:49.955+0000][30964][safepoint    ] Safepoint "Cleanup", Time since last: 1000295900 ns, Reaching safepoint: 260600 ns, At safepoint: 7600 ns, Total: 268200 ns
[2020-09-28T09:05:50.955+0000][30964][safepoint    ] Safepoint "Cleanup", Time since last: 1000107900 ns, Reaching safepoint: 114100 ns, At safepoint: 7400 ns, Total: 121500 ns
[2020-09-28T09:05:51.956+0000][30964][safepoint    ] Safepoint "Cleanup", Time since last: 1000287600 ns, Reaching safepoint: 124800 ns, At safepoint: 8700 ns, Total: 133500 ns
[2020-09-28T09:05:52.956+0000][30964][safepoint    ] Safepoint "Cleanup", Time since last: 1000523200 ns, Reaching safepoint: 137700 ns, At safepoint: 5400 ns, Total: 143100 ns
[2020-09-28T09:05:53.957+0000][30964][safepoint    ] Safepoint "Cleanup", Time since last: 1000057000 ns, Reaching safepoint: 136900 ns, At safepoint: 5300 ns, Total: 142200 ns
[2020-09-28T09:05:54.957+0000][30964][safepoint    ] Safepoint "Cleanup", Time since last: 1000184900 ns, Reaching safepoint: 128500 ns, At safepoint: 6000 ns, Total: 134500 ns
[2020-09-28T09:05:55.958+0000][30964][safepoint    ] Safepoint "Cleanup", Time since last: 1000517800 ns, Reaching safepoint: 137500 ns, At safepoint: 7600 ns, Total: 145100 ns
[2020-09-28T09:05:56.958+0000][30964][safepoint    ] Safepoint "Cleanup", Time since last: 1000036900 ns, Reaching safepoint: 125900 ns, At safepoint: 6300 ns, Total: 132200 ns
[2020-09-28T09:05:57.958+0000][30964][safepoint    ] Safepoint "Cleanup", Time since last: 1000472600 ns, Reaching safepoint: 134900 ns, At safepoint: 2900 ns, Total: 137800 ns
[2020-09-28T09:05:58.959+0000][30964][safepoint    ] Safepoint "Cleanup", Time since last: 1000509300 ns, Reaching safepoint: 123900 ns, At safepoint: 4500 ns, Total: 128400 ns
[2020-09-28T09:05:59.960+0000][30964][safepoint    ] Safepoint "Cleanup", Time since last: 1000531700 ns, Reaching safepoint: 112700 ns, At safepoint: 6800 ns, Total: 119500 ns
[2020-09-28T09:06:00.960+0000][30964][safepoint    ] Safepoint "Cleanup", Time since last: 1000022100 ns, Reaching safepoint: 106100 ns, At safepoint: 17800 ns, Total: 123900 ns
[2020-09-28T09:06:01.961+0000][30964][safepoint    ] Safepoint "Cleanup", Time since last: 1000613400 ns, Reaching safepoint: 131000 ns, At safepoint: 9400 ns, Total: 140400 ns
[2020-09-28T09:06:02.961+0000][30964][safepoint    ] Safepoint "Cleanup", Time since last: 1000319700 ns, Reaching safepoint: 92900 ns, At safepoint: 3500 ns, Total: 96400 ns
[2020-09-28T09:06:03.962+0000][30964][safepoint    ] Safepoint "Cleanup", Time since last: 1000751000 ns, Reaching safepoint: 124100 ns, At safepoint: 5600 ns, Total: 129700 ns
[2020-09-28T09:06:05.430+0000][30964][safepoint    ] Safepoint "Cleanup", Time since last: 1468047400 ns, Reaching safepoint: 91100 ns, At safepoint: 18200 ns, Total: 109300 ns
[2020-09-28T09:06:06.431+0000][30964][safepoint    ] Safepoint "Cleanup", Time since last: 1000711600 ns, Reaching safepoint: 90800 ns, At safepoint: 19000 ns, Total: 109800 ns
[2020-09-28T09:06:07.432+0000][30964][safepoint    ] Safepoint "Cleanup", Time since last: 1000493900 ns, Reaching safepoint: 203500 ns, At safepoint: 31800 ns, Total: 235300 ns
[2020-09-28T09:06:08.432+0000][30964][safepoint    ] Safepoint "Cleanup", Time since last: 1000406500 ns, Reaching safepoint: 142000 ns, At safepoint: 26600 ns, Total: 168600 ns
[2020-09-28T09:06:09.433+0000][30964][safepoint    ] Safepoint "Cleanup", Time since last: 1000389400 ns, Reaching safepoint: 162500 ns, At safepoint: 23900 ns, Total: 186400 ns
[2020-09-28T09:06:10.434+0000][30964][safepoint    ] Safepoint "Cleanup", Time since last: 1000641000 ns, Reaching safepoint: 133400 ns, At safepoint: 10600 ns, Total: 144000 ns
[2020-09-28T09:06:11.434+0000][30964][safepoint    ] Safepoint "Cleanup", Time since last: 1000179500 ns, Reaching safepoint: 138100 ns, At safepoint: 7900 ns, Total: 146000 ns
[2020-09-28T09:06:13.435+0000][30964][safepoint    ] Safepoint "Cleanup", Time since last: 2000372600 ns, Reaching safepoint: 132600 ns, At safepoint: 10900 ns, Total: 143500 ns
[2020-09-28T09:06:15.435+0000][30964][safepoint    ] Safepoint "Cleanup", Time since last: 2000048700 ns, Reaching safepoint: 115000 ns, At safepoint: 7500 ns, Total: 122500 ns
[2020-09-28T09:06:16.435+0000][30964][safepoint    ] Safepoint "Cleanup", Time since last: 1000106900 ns, Reaching safepoint: 166900 ns, At safepoint: 10900 ns, Total: 177800 ns
[2020-09-28T09:06:17.436+0000][30964][safepoint    ] Safepoint "Cleanup", Time since last: 1000542300 ns, Reaching safepoint: 126700 ns, At safepoint: 17100 ns, Total: 143800 ns
[2020-09-28T09:06:18.436+0000][30964][safepoint    ] Safepoint "Cleanup", Time since last: 1000344100 ns, Reaching safepoint: 139200 ns, At safepoint: 11500 ns, Total: 150700 ns
[2020-09-28T09:06:19.437+0000][30964][safepoint    ] Safepoint "Cleanup", Time since last: 1000716500 ns, Reaching safepoint: 214900 ns, At safepoint: 12900 ns, Total: 227800 ns
[2020-09-28T09:06:20.441+0000][30964][safepoint    ] Safepoint "Cleanup", Time since last: 1004277900 ns, Reaching safepoint: 301500 ns, At safepoint: 5700 ns, Total: 307200 ns
[2020-09-28T09:06:21.442+0000][30964][safepoint    ] Safepoint "Cleanup", Time since last: 1000025700 ns, Reaching safepoint: 163400 ns, At safepoint: 14100 ns, Total: 177500 ns
[2020-09-28T09:06:22.443+0000][30964][safepoint    ] Safepoint "Cleanup", Time since last: 1000845100 ns, Reaching safepoint: 182700 ns, At safepoint: 12300 ns, Total: 195000 ns
[2020-09-28T09:06:24.443+0000][30964][safepoint    ] Safepoint "Cleanup", Time since last: 1999943000 ns, Reaching safepoint: 176300 ns, At safepoint: 6600 ns, Total: 182900 ns
[2020-09-28T09:06:26.444+0000][30964][safepoint    ] Safepoint "Cleanup", Time since last: 2000014700 ns, Reaching safepoint: 174300 ns, At safepoint: 4900 ns, Total: 179200 ns
[2020-09-28T09:06:27.444+0000][30964][safepoint    ] Safepoint "Cleanup", Time since last: 1000472800 ns, Reaching safepoint: 193900 ns, At safepoint: 6400 ns, Total: 200300 ns
[2020-09-28T09:06:28.445+0000][30964][safepoint    ] Safepoint "Cleanup", Time since last: 1000375200 ns, Reaching safepoint: 186800 ns, At safepoint: 5400 ns, Total: 192200 ns
[2020-09-28T09:06:30.446+0000][30964][safepoint    ] Safepoint "Cleanup", Time since last: 2000456800 ns, Reaching safepoint: 219700 ns, At safepoint: 6000 ns, Total: 225700 ns
[2020-09-28T09:06:32.449+0000][30964][safepoint    ] Safepoint "Cleanup", Time since last: 2001118300 ns, Reaching safepoint: 2804700 ns, At safepoint: 14200 ns, Total: 2818900 ns
[2020-09-28T09:06:33.450+0000][30964][safepoint    ] Safepoint "Cleanup", Time since last: 1000666200 ns, Reaching safepoint: 147200 ns, At safepoint: 11500 ns, Total: 158700 ns
[2020-09-28T09:06:35.451+0000][30964][safepoint    ] Safepoint "Cleanup", Time since last: 2000246800 ns, Reaching safepoint: 397700 ns, At safepoint: 13000 ns, Total: 410700 ns
[2020-09-28T09:06:37.452+0000][30964][safepoint    ] Safepoint "Cleanup", Time since last: 2000423300 ns, Reaching safepoint: 147300 ns, At safepoint: 11500 ns, Total: 158800 ns
[2020-09-28T09:06:39.452+0000][30964][safepoint    ] Safepoint "Cleanup", Time since last: 2000045200 ns, Reaching safepoint: 132600 ns, At safepoint: 10800 ns, Total: 143400 ns
[2020-09-28T09:06:41.452+0000][30964][safepoint    ] Safepoint "Cleanup", Time since last: 2000211200 ns, Reaching safepoint: 130400 ns, At safepoint: 5600 ns, Total: 136000 ns
[2020-09-28T09:06:42.453+0000][30964][safepoint    ] Safepoint "Cleanup", Time since last: 1000565700 ns, Reaching safepoint: 141800 ns, At safepoint: 12200 ns, Total: 154000 ns
[2020-09-28T09:06:44.454+0000][30964][safepoint    ] Safepoint "Cleanup", Time since last: 2000474100 ns, Reaching safepoint: 145600 ns, At safepoint: 10900 ns, Total: 156500 ns
[2020-09-28T09:06:46.454+0000][30964][safepoint    ] Safepoint "Cleanup", Time since last: 2000506000 ns, Reaching safepoint: 149200 ns, At safepoint: 13700 ns, Total: 162900 ns
[2020-09-28T09:06:47.455+0000][30964][safepoint    ] Safepoint "Cleanup", Time since last: 1000387500 ns, Reaching safepoint: 153700 ns, At safepoint: 8900 ns, Total: 162600 ns
[2020-09-28T09:06:49.456+0000][30964][safepoint    ] Safepoint "Cleanup", Time since last: 2000964100 ns, Reaching safepoint: 160300 ns, At safepoint: 13300 ns, Total: 173600 ns
[2020-09-28T09:06:50.457+0000][30964][safepoint    ] Safepoint "Cleanup", Time since last: 1000823900 ns, Reaching safepoint: 146600 ns, At safepoint: 11000 ns, Total: 157600 ns
[2020-09-28T09:06:51.458+0000][30964][safepoint    ] Safepoint "Cleanup", Time since last: 1000607400 ns, Reaching safepoint: 223300 ns, At safepoint: 17000 ns, Total: 240300 ns
[2020-09-28T09:06:53.458+0000][30964][safepoint    ] Safepoint "Cleanup", Time since last: 1999983800 ns, Reaching safepoint: 177600 ns, At safepoint: 42100 ns, Total: 219700 ns
[2020-09-28T09:06:54.459+0000][30964][safepoint    ] Safepoint "Cleanup", Time since last: 1000313000 ns, Reaching safepoint: 155900 ns, At safepoint: 12600 ns, Total: 168500 ns
[2020-09-28T09:06:56.459+0000][30964][safepoint    ] Safepoint "Cleanup", Time since last: 2000059900 ns, Reaching safepoint: 162800 ns, At safepoint: 11400 ns, Total: 174200 ns
[2020-09-28T09:06:58.460+0000][30964][safepoint    ] Safepoint "Cleanup", Time since last: 2000544900 ns, Reaching safepoint: 174800 ns, At safepoint: 7400 ns, Total: 182200 ns
[2020-09-28T09:07:00.460+0000][30964][safepoint    ] Safepoint "Cleanup", Time since last: 1999867900 ns, Reaching safepoint: 219400 ns, At safepoint: 12200 ns, Total: 231600 ns
[2020-09-28T09:07:02.460+0000][30964][safepoint    ] Safepoint "Cleanup", Time since last: 1999875000 ns, Reaching safepoint: 150200 ns, At safepoint: 6300 ns, Total: 156500 ns
[2020-09-28T09:07:03.461+0000][30964][safepoint    ] Safepoint "Cleanup", Time since last: 1000337800 ns, Reaching safepoint: 146900 ns, At safepoint: 15900 ns, Total: 162800 ns
[2020-09-28T09:07:04.461+0000][30964][safepoint    ] Safepoint "Cleanup", Time since last: 1000226900 ns, Reaching safepoint: 149500 ns, At safepoint: 17800 ns, Total: 167300 ns
[2020-09-28T09:07:05.462+0000][30964][safepoint    ] Safepoint "Cleanup", Time since last: 1000328200 ns, Reaching safepoint: 129100 ns, At safepoint: 3400 ns, Total: 132500 ns
[2020-09-28T09:07:06.462+0000][30964][safepoint    ] Safepoint "Cleanup", Time since last: 1000625300 ns, Reaching safepoint: 111600 ns, At safepoint: 9500 ns, Total: 121100 ns
[2020-09-28T09:07:07.463+0000][30964][safepoint    ] Safepoint "Cleanup", Time since last: 1000807200 ns, Reaching safepoint: 137600 ns, At safepoint: 7800 ns, Total: 145400 ns
[2020-09-28T09:07:08.464+0000][30964][safepoint    ] Safepoint "Cleanup", Time since last: 1000522600 ns, Reaching safepoint: 152900 ns, At safepoint: 9900 ns, Total: 162800 ns
[2020-09-28T09:07:10.465+0000][30964][safepoint    ] Safepoint "Cleanup", Time since last: 2000427100 ns, Reaching safepoint: 243900 ns, At safepoint: 6000 ns, Total: 249900 ns
[2020-09-28T09:07:12.465+0000][30964][safepoint    ] Safepoint "Cleanup", Time since last: 2000019300 ns, Reaching safepoint: 125400 ns, At safepoint: 10700 ns, Total: 136100 ns
[2020-09-28T09:07:13.466+0000][30964][safepoint    ] Safepoint "Cleanup", Time since last: 1000497700 ns, Reaching safepoint: 154100 ns, At safepoint: 18400 ns, Total: 172500 ns
[2020-09-28T09:07:15.466+0000][30964][safepoint    ] Safepoint "Cleanup", Time since last: 2000530200 ns, Reaching safepoint: 127900 ns, At safepoint: 12400 ns, Total: 140300 ns
[2020-09-28T09:07:16.467+0000][30964][safepoint    ] Safepoint "Cleanup", Time since last: 1000417500 ns, Reaching safepoint: 167500 ns, At safepoint: 22700 ns, Total: 190200 ns
[2020-09-28T09:07:17.468+0000][30964][safepoint    ] Safepoint "Cleanup", Time since last: 1000781600 ns, Reaching safepoint: 352900 ns, At safepoint: 5300 ns, Total: 358200 ns
[2020-09-28T09:07:19.469+0000][30964][safepoint    ] Safepoint "Cleanup", Time since last: 2000783300 ns, Reaching safepoint: 127000 ns, At safepoint: 9600 ns, Total: 136600 ns
[2020-09-28T09:07:20.470+0000][30964][safepoint    ] Safepoint "Cleanup", Time since last: 1000696300 ns, Reaching safepoint: 125600 ns, At safepoint: 6600 ns, Total: 132200 ns
[2020-09-28T09:07:22.470+0000][30964][safepoint    ] Safepoint "Cleanup", Time since last: 2000134500 ns, Reaching safepoint: 135800 ns, At safepoint: 8200 ns, Total: 144000 ns
[2020-09-28T09:07:23.471+0000][30964][safepoint    ] Safepoint "Cleanup", Time since last: 1000324500 ns, Reaching safepoint: 117100 ns, At safepoint: 5600 ns, Total: 122700 ns
[2020-09-28T09:07:24.471+0000][30964][safepoint    ] Safepoint "Cleanup", Time since last: 1000593900 ns, Reaching safepoint: 129800 ns, At safepoint: 6100 ns, Total: 135900 ns
[2020-09-28T09:07:25.472+0000][30964][safepoint    ] Safepoint "Cleanup", Time since last: 1000797300 ns, Reaching safepoint: 130100 ns, At safepoint: 3100 ns, Total: 133200 ns
[2020-09-28T09:07:26.473+0000][30964][safepoint    ] Safepoint "Cleanup", Time since last: 1000381600 ns, Reaching safepoint: 114300 ns, At safepoint: 5600 ns, Total: 119900 ns
[2020-09-28T09:07:27.473+0000][30964][safepoint    ] Safepoint "Cleanup", Time since last: 1000405200 ns, Reaching safepoint: 141500 ns, At safepoint: 5500 ns, Total: 147000 ns
[2020-09-28T09:07:28.474+0000][30964][safepoint    ] Safepoint "Cleanup", Time since last: 1000647300 ns, Reaching safepoint: 120000 ns, At safepoint: 9700 ns, Total: 129700 ns
[2020-09-28T09:07:29.475+0000][30964][safepoint    ] Safepoint "Cleanup", Time since last: 1000250000 ns, Reaching safepoint: 132300 ns, At safepoint: 2900 ns, Total: 135200 ns
[2020-09-28T09:07:30.475+0000][30964][safepoint    ] Safepoint "Cleanup", Time since last: 1000421500 ns, Reaching safepoint: 117000 ns, At safepoint: 7000 ns, Total: 124000 ns
[2020-09-28T09:07:31.476+0000][30964][safepoint    ] Safepoint "Cleanup", Time since last: 1000447000 ns, Reaching safepoint: 118900 ns, At safepoint: 5700 ns, Total: 124600 ns
[2020-09-28T09:07:32.476+0000][30964][safepoint    ] Safepoint "Cleanup", Time since last: 1000378400 ns, Reaching safepoint: 110100 ns, At safepoint: 5900 ns, Total: 116000 ns
[2020-09-28T09:07:34.477+0000][30964][safepoint    ] Safepoint "Cleanup", Time since last: 2000192500 ns, Reaching safepoint: 112900 ns, At safepoint: 6800 ns, Total: 119700 ns
[2020-09-28T09:07:35.477+0000][30964][safepoint    ] Safepoint "Cleanup", Time since last: 1000412800 ns, Reaching safepoint: 109900 ns, At safepoint: 2900 ns, Total: 112800 ns
[2020-09-28T09:07:36.478+0000][30964][safepoint    ] Safepoint "Cleanup", Time since last: 1000167100 ns, Reaching safepoint: 99900 ns, At safepoint: 11100 ns, Total: 111000 ns
[2020-09-28T09:07:37.478+0000][30964][safepoint    ] Safepoint "Cleanup", Time since last: 1000236400 ns, Reaching safepoint: 117400 ns, At safepoint: 5900 ns, Total: 123300 ns
[2020-09-28T09:07:39.479+0000][30964][safepoint    ] Safepoint "Cleanup", Time since last: 2000953200 ns, Reaching safepoint: 245600 ns, At safepoint: 21600 ns, Total: 267200 ns
[2020-09-28T09:07:40.480+0000][30964][safepoint    ] Safepoint "Cleanup", Time since last: 1000732700 ns, Reaching safepoint: 257400 ns, At safepoint: 18400 ns, Total: 275800 ns
[2020-09-28T09:07:42.207+0000][30964][safepoint    ] Safepoint "Cleanup", Time since last: 1726537400 ns, Reaching safepoint: 126700 ns, At safepoint: 9000 ns, Total: 135700 ns
[2020-09-28T09:07:43.207+0000][30964][safepoint    ] Safepoint "Cleanup", Time since last: 1000206800 ns, Reaching safepoint: 130900 ns, At safepoint: 5400 ns, Total: 136300 ns
[2020-09-28T09:07:44.208+0000][30964][safepoint    ] Safepoint "Cleanup", Time since last: 1000713200 ns, Reaching safepoint: 106900 ns, At safepoint: 24600 ns, Total: 131500 ns
[2020-09-28T09:07:45.208+0000][30964][safepoint    ] Safepoint "Cleanup", Time since last: 1000106400 ns, Reaching safepoint: 85400 ns, At safepoint: 3600 ns, Total: 89000 ns
[2020-09-28T09:07:46.209+0000][30964][safepoint    ] Safepoint "Cleanup", Time since last: 1000061100 ns, Reaching safepoint: 126300 ns, At safepoint: 5700 ns, Total: 132000 ns
[2020-09-28T09:07:47.209+0000][30964][safepoint    ] Safepoint "Cleanup", Time since last: 1000071800 ns, Reaching safepoint: 138000 ns, At safepoint: 6300 ns, Total: 144300 ns
[2020-09-28T09:07:48.209+0000][30964][safepoint    ] Safepoint "Cleanup", Time since last: 1000303800 ns, Reaching safepoint: 115300 ns, At safepoint: 7300 ns, Total: 122600 ns
[2020-09-28T09:07:49.210+0000][30964][safepoint    ] Safepoint "Cleanup", Time since last: 1000146600 ns, Reaching safepoint: 115800 ns, At safepoint: 4700 ns, Total: 120500 ns
[2020-09-28T09:07:50.210+0000][30964][safepoint    ] Safepoint "Cleanup", Time since last: 1000318400 ns, Reaching safepoint: 139000 ns, At safepoint: 5300 ns, Total: 144300 ns
[2020-09-28T09:07:52.211+0000][30964][safepoint    ] Safepoint "Cleanup", Time since last: 2000447500 ns, Reaching safepoint: 141700 ns, At safepoint: 5600 ns, Total: 147300 ns
[2020-09-28T09:07:53.211+0000][30964][safepoint    ] Safepoint "Cleanup", Time since last: 1000606000 ns, Reaching safepoint: 115600 ns, At safepoint: 4200 ns, Total: 119800 ns
[2020-09-28T09:07:54.212+0000][30964][safepoint    ] Safepoint "Cleanup", Time since last: 1000419800 ns, Reaching safepoint: 96100 ns, At safepoint: 6300 ns, Total: 102400 ns
[2020-09-28T09:07:56.213+0000][30964][safepoint    ] Safepoint "Cleanup", Time since last: 2000554600 ns, Reaching safepoint: 109800 ns, At safepoint: 6100 ns, Total: 115900 ns
[2020-09-28T09:07:58.214+0000][30964][safepoint    ] Safepoint "Cleanup", Time since last: 2000769700 ns, Reaching safepoint: 122100 ns, At safepoint: 6900 ns, Total: 129000 ns
[2020-09-28T09:07:59.214+0000][30964][safepoint    ] Safepoint "Cleanup", Time since last: 1000761100 ns, Reaching safepoint: 114600 ns, At safepoint: 6700 ns, Total: 121300 ns
[2020-09-28T09:08:00.215+0000][30964][safepoint    ] Safepoint "Cleanup", Time since last: 1000291700 ns, Reaching safepoint: 91500 ns, At safepoint: 3600 ns, Total: 95100 ns
[2020-09-28T09:08:01.215+0000][30964][safepoint    ] Safepoint "Cleanup", Time since last: 1000135600 ns, Reaching safepoint: 132600 ns, At safepoint: 5500 ns, Total: 138100 ns
[2020-09-28T09:08:03.216+0000][30964][safepoint    ] Safepoint "Cleanup", Time since last: 2000944300 ns, Reaching safepoint: 151700 ns, At safepoint: 10100 ns, Total: 161800 ns
[2020-09-28T09:08:05.217+0000][30964][safepoint    ] Safepoint "Cleanup", Time since last: 2000164700 ns, Reaching safepoint: 131600 ns, At safepoint: 5500 ns, Total: 137100 ns
[2020-09-28T09:08:06.218+0000][30964][safepoint    ] Safepoint "Cleanup", Time since last: 1000757900 ns, Reaching safepoint: 116700 ns, At safepoint: 3700 ns, Total: 120400 ns
[2020-09-28T09:08:07.218+0000][30964][safepoint    ] Safepoint "Cleanup", Time since last: 1000683700 ns, Reaching safepoint: 158700 ns, At safepoint: 5900 ns, Total: 164600 ns
[2020-09-28T09:08:09.219+0000][30964][safepoint    ] Safepoint "Cleanup", Time since last: 2000810900 ns, Reaching safepoint: 134500 ns, At safepoint: 6200 ns, Total: 140700 ns
[2020-09-28T09:08:10.220+0000][30964][safepoint    ] Safepoint "Cleanup", Time since last: 1000331200 ns, Reaching safepoint: 172700 ns, At safepoint: 6200 ns, Total: 178900 ns
[2020-09-28T09:08:11.226+0000][30964][safepoint    ] Safepoint "Cleanup", Time since last: 1006054900 ns, Reaching safepoint: 124600 ns, At safepoint: 5700 ns, Total: 130300 ns
[2020-09-28T09:08:12.227+0000][30964][safepoint    ] Safepoint "Cleanup", Time since last: 1000267200 ns, Reaching safepoint: 143000 ns, At safepoint: 5500 ns, Total: 148500 ns
[2020-09-28T09:08:13.227+0000][30964][safepoint    ] Safepoint "Cleanup", Time since last: 1000117600 ns, Reaching safepoint: 125200 ns, At safepoint: 6600 ns, Total: 131800 ns
[2020-09-28T09:08:14.227+0000][30964][safepoint    ] Safepoint "Cleanup", Time since last: 1000014800 ns, Reaching safepoint: 118900 ns, At safepoint: 6100 ns, Total: 125000 ns
[2020-09-28T09:08:15.228+0000][30964][safepoint    ] Safepoint "Cleanup", Time since last: 1000471500 ns, Reaching safepoint: 154400 ns, At safepoint: 6000 ns, Total: 160400 ns
[2020-09-28T09:08:16.228+0000][30964][safepoint    ] Safepoint "Cleanup", Time since last: 1000248800 ns, Reaching safepoint: 169100 ns, At safepoint: 20900 ns, Total: 190000 ns
[2020-09-28T09:08:18.229+0000][30964][safepoint    ] Safepoint "Cleanup", Time since last: 2000709800 ns, Reaching safepoint: 98900 ns, At safepoint: 6200 ns, Total: 105100 ns
[2020-09-28T09:08:19.229+0000][30964][safepoint    ] Safepoint "Cleanup", Time since last: 1000178600 ns, Reaching safepoint: 138900 ns, At safepoint: 5800 ns, Total: 144700 ns
[2020-09-28T09:08:20.230+0000][30964][safepoint    ] Safepoint "Cleanup", Time since last: 1000256300 ns, Reaching safepoint: 124900 ns, At safepoint: 5500 ns, Total: 130400 ns
[2020-09-28T09:08:22.230+0000][30964][safepoint    ] Safepoint "Cleanup", Time since last: 2000223800 ns, Reaching safepoint: 90600 ns, At safepoint: 6300 ns, Total: 96900 ns
[2020-09-28T09:08:24.230+0000][30964][safepoint    ] Safepoint "Cleanup", Time since last: 2000131200 ns, Reaching safepoint: 143400 ns, At safepoint: 6200 ns, Total: 149600 ns
[2020-09-28T09:08:25.231+0000][30964][safepoint    ] Safepoint "Cleanup", Time since last: 1000502500 ns, Reaching safepoint: 122600 ns, At safepoint: 2600 ns, Total: 125200 ns
[2020-09-28T09:08:26.231+0000][30964][safepoint    ] Safepoint "Cleanup", Time since last: 1000156600 ns, Reaching safepoint: 150000 ns, At safepoint: 5400 ns, Total: 155400 ns
[2020-09-28T09:08:27.232+0000][30964][safepoint    ] Safepoint "Cleanup", Time since last: 1000799300 ns, Reaching safepoint: 101800 ns, At safepoint: 5900 ns, Total: 107700 ns
[2020-09-28T09:08:28.233+0000][30964][safepoint    ] Safepoint "Cleanup", Time since last: 1000874400 ns, Reaching safepoint: 103300 ns, At safepoint: 7100 ns, Total: 110400 ns
[2020-09-28T09:08:29.234+0000][30964][safepoint    ] Safepoint "Cleanup", Time since last: 1000613300 ns, Reaching safepoint: 113500 ns, At safepoint: 5900 ns, Total: 119400 ns
[2020-09-28T09:08:30.235+0000][30964][safepoint    ] Safepoint "Cleanup", Time since last: 1000674600 ns, Reaching safepoint: 133400 ns, At safepoint: 7400 ns, Total: 140800 ns
[2020-09-28T09:08:31.452+0000][30964][safepoint    ] Safepoint "Cleanup", Time since last: 1216562300 ns, Reaching safepoint: 106300 ns, At safepoint: 6500 ns, Total: 112800 ns
[2020-09-28T09:08:32.453+0000][30964][safepoint    ] Safepoint "Cleanup", Time since last: 1000826500 ns, Reaching safepoint: 138900 ns, At safepoint: 8300 ns, Total: 147200 ns
[2020-09-28T09:08:34.453+0000][30964][safepoint    ] Safepoint "Cleanup", Time since last: 2000041800 ns, Reaching safepoint: 172500 ns, At safepoint: 22400 ns, Total: 194900 ns
[2020-09-28T09:08:35.453+0000][30964][safepoint    ] Safepoint "Cleanup", Time since last: 1000327600 ns, Reaching safepoint: 127600 ns, At safepoint: 8000 ns, Total: 135600 ns
[2020-09-28T09:08:36.454+0000][30964][safepoint    ] Safepoint "Cleanup", Time since last: 1000670700 ns, Reaching safepoint: 206000 ns, At safepoint: 6400 ns, Total: 212400 ns
[2020-09-28T09:08:38.455+0000][30964][safepoint    ] Safepoint "Cleanup", Time since last: 2000377500 ns, Reaching safepoint: 108300 ns, At safepoint: 6500 ns, Total: 114800 ns
[2020-09-28T09:08:39.455+0000][30964][safepoint    ] Safepoint "Cleanup", Time since last: 1000253000 ns, Reaching safepoint: 152200 ns, At safepoint: 10300 ns, Total: 162500 ns
[2020-09-28T09:08:40.456+0000][30964][safepoint    ] Safepoint "Cleanup", Time since last: 1001081600 ns, Reaching safepoint: 144200 ns, At safepoint: 12400 ns, Total: 156600 ns
[2020-09-28T09:08:41.457+0000][30964][safepoint    ] Safepoint "Cleanup", Time since last: 1000004900 ns, Reaching safepoint: 163100 ns, At safepoint: 10900 ns, Total: 174000 ns
[2020-09-28T09:08:42.458+0000][30964][safepoint    ] Safepoint "Cleanup", Time since last: 1000786900 ns, Reaching safepoint: 200700 ns, At safepoint: 15000 ns, Total: 215700 ns
[2020-09-28T09:08:43.458+0000][30964][safepoint    ] Safepoint "Cleanup", Time since last: 1000206400 ns, Reaching safepoint: 151200 ns, At safepoint: 11100 ns, Total: 162300 ns
[2020-09-28T09:08:44.459+0000][30964][safepoint    ] Safepoint "Cleanup", Time since last: 1000695300 ns, Reaching safepoint: 152000 ns, At safepoint: 10900 ns, Total: 162900 ns
[2020-09-28T09:08:45.459+0000][30964][safepoint    ] Safepoint "Cleanup", Time since last: 1000010300 ns, Reaching safepoint: 176400 ns, At safepoint: 12500 ns, Total: 188900 ns
[2020-09-28T09:08:47.459+0000][30964][safepoint    ] Safepoint "Cleanup", Time since last: 2000004900 ns, Reaching safepoint: 157600 ns, At safepoint: 12000 ns, Total: 169600 ns
[2020-09-28T09:08:48.460+0000][30964][safepoint    ] Safepoint "Cleanup", Time since last: 1000478100 ns, Reaching safepoint: 174600 ns, At safepoint: 15000 ns, Total: 189600 ns
[2020-09-28T09:08:49.461+0000][30964][safepoint    ] Safepoint "Cleanup", Time since last: 1000605800 ns, Reaching safepoint: 134400 ns, At safepoint: 3900 ns, Total: 138300 ns
[2020-09-28T09:08:50.462+0000][30964][safepoint    ] Safepoint "Cleanup", Time since last: 1000828800 ns, Reaching safepoint: 125200 ns, At safepoint: 5400 ns, Total: 130600 ns
[2020-09-28T09:08:51.462+0000][30964][safepoint    ] Safepoint "Cleanup", Time since last: 1000580500 ns, Reaching safepoint: 164900 ns, At safepoint: 11200 ns, Total: 176100 ns
[2020-09-28T09:08:52.463+0000][30964][safepoint    ] Safepoint "Cleanup", Time since last: 1000576100 ns, Reaching safepoint: 174000 ns, At safepoint: 12000 ns, Total: 186000 ns
[2020-09-28T09:08:54.464+0000][30964][safepoint    ] Safepoint "Cleanup", Time since last: 2000028600 ns, Reaching safepoint: 152600 ns, At safepoint: 12000 ns, Total: 164600 ns
[2020-09-28T09:08:55.464+0000][30964][safepoint    ] Safepoint "Cleanup", Time since last: 1000016900 ns, Reaching safepoint: 160700 ns, At safepoint: 21300 ns, Total: 182000 ns
[2020-09-28T09:08:56.464+0000][30964][safepoint    ] Safepoint "Cleanup", Time since last: 1000012600 ns, Reaching safepoint: 144000 ns, At safepoint: 7200 ns, Total: 151200 ns
[2020-09-28T09:08:58.464+0000][30964][safepoint    ] Safepoint "Cleanup", Time since last: 2000277200 ns, Reaching safepoint: 134600 ns, At safepoint: 6400 ns, Total: 141000 ns
[2020-09-28T09:08:59.465+0000][30964][safepoint    ] Safepoint "Cleanup", Time since last: 1000651500 ns, Reaching safepoint: 173400 ns, At safepoint: 5900 ns, Total: 179300 ns
[2020-09-28T09:09:00.913+0000][30964][safepoint    ] Safepoint "Cleanup", Time since last: 1447316500 ns, Reaching safepoint: 163200 ns, At safepoint: 5100 ns, Total: 168300 ns
[2020-09-28T09:09:01.913+0000][30964][safepoint    ] Safepoint "Cleanup", Time since last: 1000574500 ns, Reaching safepoint: 147900 ns, At safepoint: 5400 ns, Total: 153300 ns
[2020-09-28T09:09:02.914+0000][30964][safepoint    ] Safepoint "Cleanup", Time since last: 1000634400 ns, Reaching safepoint: 126700 ns, At safepoint: 8700 ns, Total: 135400 ns
[2020-09-28T09:09:03.915+0000][30964][safepoint    ] Safepoint "Cleanup", Time since last: 1000188200 ns, Reaching safepoint: 133900 ns, At safepoint: 3300 ns, Total: 137200 ns
[2020-09-28T09:09:04.915+0000][30964][safepoint    ] Safepoint "Cleanup", Time since last: 1000771800 ns, Reaching safepoint: 140700 ns, At safepoint: 8000 ns, Total: 148700 ns
[2020-09-28T09:09:05.916+0000][30964][safepoint    ] Safepoint "Cleanup", Time since last: 1000628400 ns, Reaching safepoint: 168000 ns, At safepoint: 9400 ns, Total: 177400 ns
[2020-09-28T09:09:06.917+0000][30964][safepoint    ] Safepoint "Cleanup", Time since last: 1000457800 ns, Reaching safepoint: 129100 ns, At safepoint: 16200 ns, Total: 145300 ns
[2020-09-28T09:09:07.918+0000][30964][safepoint    ] Safepoint "Cleanup", Time since last: 1000739000 ns, Reaching safepoint: 119400 ns, At safepoint: 8900 ns, Total: 128300 ns
[2020-09-28T09:09:09.918+0000][30964][safepoint    ] Safepoint "Cleanup", Time since last: 2000149600 ns, Reaching safepoint: 147900 ns, At safepoint: 7900 ns, Total: 155800 ns
[2020-09-28T09:09:10.918+0000][30964][safepoint    ] Safepoint "Cleanup", Time since last: 1000218800 ns, Reaching safepoint: 156700 ns, At safepoint: 7000 ns, Total: 163700 ns
[2020-09-28T09:09:11.919+0000][30964][safepoint    ] Safepoint "Cleanup", Time since last: 1000424200 ns, Reaching safepoint: 129300 ns, At safepoint: 8900 ns, Total: 138200 ns
[2020-09-28T09:09:12.919+0000][30964][safepoint    ] Safepoint "Cleanup", Time since last: 1000114100 ns, Reaching safepoint: 100600 ns, At safepoint: 7900 ns, Total: 108500 ns
[2020-09-28T09:09:13.921+0000][30964][safepoint    ] Safepoint "Cleanup", Time since last: 1001138300 ns, Reaching safepoint: 112500 ns, At safepoint: 6300 ns, Total: 118800 ns
[2020-09-28T09:09:14.921+0000][30964][safepoint    ] Safepoint "Cleanup", Time since last: 1000164400 ns, Reaching safepoint: 122200 ns, At safepoint: 5800 ns, Total: 128000 ns
[2020-09-28T09:09:15.921+0000][30964][safepoint    ] Safepoint "Cleanup", Time since last: 1000224800 ns, Reaching safepoint: 132700 ns, At safepoint: 6800 ns, Total: 139500 ns
[2020-09-28T09:09:16.922+0000][30964][safepoint    ] Safepoint "Cleanup", Time since last: 1000429000 ns, Reaching safepoint: 137700 ns, At safepoint: 5700 ns, Total: 143400 ns
[2020-09-28T09:09:17.923+0000][30964][safepoint    ] Safepoint "Cleanup", Time since last: 1000789200 ns, Reaching safepoint: 105600 ns, At safepoint: 6000 ns, Total: 111600 ns
[2020-09-28T09:09:19.924+0000][30964][safepoint    ] Safepoint "Cleanup", Time since last: 2000771600 ns, Reaching safepoint: 193800 ns, At safepoint: 25000 ns, Total: 218800 ns
[2020-09-28T09:09:20.924+0000][30964][safepoint    ] Safepoint "Cleanup", Time since last: 1000057800 ns, Reaching safepoint: 122100 ns, At safepoint: 7300 ns, Total: 129400 ns
[2020-09-28T09:09:21.924+0000][30964][safepoint    ] Safepoint "Cleanup", Time since last: 1000020000 ns, Reaching safepoint: 188800 ns, At safepoint: 5600 ns, Total: 194400 ns
[2020-09-28T09:09:23.924+0000][30964][safepoint    ] Safepoint "Cleanup", Time since last: 2000049100 ns, Reaching safepoint: 100300 ns, At safepoint: 6700 ns, Total: 107000 ns
[2020-09-28T09:09:25.925+0000][30964][safepoint    ] Safepoint "Cleanup", Time since last: 2000436200 ns, Reaching safepoint: 148900 ns, At safepoint: 20700 ns, Total: 169600 ns
[2020-09-28T09:09:27.925+0000][30964][safepoint    ] Safepoint "Cleanup", Time since last: 2000281800 ns, Reaching safepoint: 101100 ns, At safepoint: 6400 ns, Total: 107500 ns
[2020-09-28T09:09:28.926+0000][30964][safepoint    ] Safepoint "Cleanup", Time since last: 1000787400 ns, Reaching safepoint: 86800 ns, At safepoint: 3100 ns, Total: 89900 ns
[2020-09-28T09:09:29.927+0000][30964][safepoint    ] Safepoint "Cleanup", Time since last: 1000595200 ns, Reaching safepoint: 107800 ns, At safepoint: 6600 ns, Total: 114400 ns
[2020-09-28T09:09:30.927+0000][30964][safepoint    ] Safepoint "Cleanup", Time since last: 1000037500 ns, Reaching safepoint: 107000 ns, At safepoint: 6000 ns, Total: 113000 ns
[2020-09-28T09:09:31.928+0000][30964][safepoint    ] Safepoint "Cleanup", Time since last: 1000422500 ns, Reaching safepoint: 132400 ns, At safepoint: 9300 ns, Total: 141700 ns
[2020-09-28T09:09:32.928+0000][30964][safepoint    ] Safepoint "Cleanup", Time since last: 1000408700 ns, Reaching safepoint: 147300 ns, At safepoint: 6000 ns, Total: 153300 ns
[2020-09-28T09:09:33.929+0000][30964][safepoint    ] Safepoint "Cleanup", Time since last: 1000424000 ns, Reaching safepoint: 117600 ns, At safepoint: 3200 ns, Total: 120800 ns
[2020-09-28T09:09:34.930+0000][30964][safepoint    ] Safepoint "Cleanup", Time since last: 1000854200 ns, Reaching safepoint: 141600 ns, At safepoint: 5900 ns, Total: 147500 ns
[2020-09-28T09:09:35.930+0000][30964][safepoint    ] Safepoint "Cleanup", Time since last: 1000263200 ns, Reaching safepoint: 109400 ns, At safepoint: 3300 ns, Total: 112700 ns
[2020-09-28T09:09:36.931+0000][30964][safepoint    ] Safepoint "Cleanup", Time since last: 1000594300 ns, Reaching safepoint: 148700 ns, At safepoint: 5400 ns, Total: 154100 ns
[2020-09-28T09:09:37.932+0000][30964][safepoint    ] Safepoint "Cleanup", Time since last: 1000315700 ns, Reaching safepoint: 118600 ns, At safepoint: 7300 ns, Total: 125900 ns
[2020-09-28T09:09:38.932+0000][30964][safepoint    ] Safepoint "Cleanup", Time since last: 1000151500 ns, Reaching safepoint: 137200 ns, At safepoint: 5700 ns, Total: 142900 ns
[2020-09-28T09:09:39.932+0000][30964][safepoint    ] Safepoint "Cleanup", Time since last: 1000104400 ns, Reaching safepoint: 100100 ns, At safepoint: 8200 ns, Total: 108300 ns
[2020-09-28T09:09:40.958+0000][30964][safepoint    ] Safepoint "Cleanup", Time since last: 1026110200 ns, Reaching safepoint: 133200 ns, At safepoint: 6000 ns, Total: 139200 ns
[2020-09-28T09:09:42.959+0000][30964][safepoint    ] Safepoint "Cleanup", Time since last: 2000727300 ns, Reaching safepoint: 128700 ns, At safepoint: 53200 ns, Total: 181900 ns
[2020-09-28T09:09:43.960+0000][30964][safepoint    ] Safepoint "Cleanup", Time since last: 1000727400 ns, Reaching safepoint: 106100 ns, At safepoint: 14200 ns, Total: 120300 ns
[2020-09-28T09:09:44.960+0000][30964][safepoint    ] Safepoint "Cleanup", Time since last: 1000122000 ns, Reaching safepoint: 95900 ns, At safepoint: 7700 ns, Total: 103600 ns
[2020-09-28T09:09:46.961+0000][30964][safepoint    ] Safepoint "Cleanup", Time since last: 2000473400 ns, Reaching safepoint: 114300 ns, At safepoint: 6100 ns, Total: 120400 ns
[2020-09-28T09:09:47.961+0000][30964][safepoint    ] Safepoint "Cleanup", Time since last: 1000176200 ns, Reaching safepoint: 136600 ns, At safepoint: 5800 ns, Total: 142400 ns
[2020-09-28T09:09:48.962+0000][30964][safepoint    ] Safepoint "Cleanup", Time since last: 1000396600 ns, Reaching safepoint: 98900 ns, At safepoint: 4400 ns, Total: 103300 ns
[2020-09-28T09:09:49.963+0000][30964][safepoint    ] Safepoint "Cleanup", Time since last: 1000726500 ns, Reaching safepoint: 140300 ns, At safepoint: 20900 ns, Total: 161200 ns
[2020-09-28T09:09:50.964+0000][30964][safepoint    ] Safepoint "Cleanup", Time since last: 1000682700 ns, Reaching safepoint: 161400 ns, At safepoint: 6300 ns, Total: 167700 ns
[2020-09-28T09:09:52.964+0000][30964][safepoint    ] Safepoint "Cleanup", Time since last: 2000138300 ns, Reaching safepoint: 107700 ns, At safepoint: 12200 ns, Total: 119900 ns
[2020-09-28T09:09:53.965+0000][30964][safepoint    ] Safepoint "Cleanup", Time since last: 1000585400 ns, Reaching safepoint: 113600 ns, At safepoint: 5800 ns, Total: 119400 ns
[2020-09-28T09:09:54.965+0000][30964][safepoint    ] Safepoint "Cleanup", Time since last: 1000543400 ns, Reaching safepoint: 142900 ns, At safepoint: 7700 ns, Total: 150600 ns
[2020-09-28T09:09:55.966+0000][30964][safepoint    ] Safepoint "Cleanup", Time since last: 1000424200 ns, Reaching safepoint: 131900 ns, At safepoint: 6100 ns, Total: 138000 ns
[2020-09-28T09:09:56.967+0000][30964][safepoint    ] Safepoint "Cleanup", Time since last: 1000736000 ns, Reaching safepoint: 102100 ns, At safepoint: 8200 ns, Total: 110300 ns
[2020-09-28T09:09:57.967+0000][30964][safepoint    ] Safepoint "Cleanup", Time since last: 1000417200 ns, Reaching safepoint: 123800 ns, At safepoint: 11400 ns, Total: 135200 ns
[2020-09-28T09:09:58.968+0000][30964][safepoint    ] Safepoint "Cleanup", Time since last: 1000117100 ns, Reaching safepoint: 104800 ns, At safepoint: 6900 ns, Total: 111700 ns
[2020-09-28T09:09:59.969+0000][30964][safepoint    ] Safepoint "Cleanup", Time since last: 1000849400 ns, Reaching safepoint: 119200 ns, At safepoint: 20900 ns, Total: 140100 ns
[2020-09-28T09:10:01.969+0000][30964][safepoint    ] Safepoint "Cleanup", Time since last: 2000602200 ns, Reaching safepoint: 139300 ns, At safepoint: 2500 ns, Total: 141800 ns
[2020-09-28T09:10:02.970+0000][30964][safepoint    ] Safepoint "Cleanup", Time since last: 1000482200 ns, Reaching safepoint: 133700 ns, At safepoint: 7900 ns, Total: 141600 ns
[2020-09-28T09:10:03.971+0000][30964][safepoint    ] Safepoint "Cleanup", Time since last: 1000383700 ns, Reaching safepoint: 143900 ns, At safepoint: 21000 ns, Total: 164900 ns
[2020-09-28T09:10:05.971+0000][30964][safepoint    ] Safepoint "Cleanup", Time since last: 2000584100 ns, Reaching safepoint: 131100 ns, At safepoint: 20700 ns, Total: 151800 ns
[2020-09-28T09:10:06.972+0000][30964][safepoint    ] Safepoint "Cleanup", Time since last: 1000823100 ns, Reaching safepoint: 179700 ns, At safepoint: 5100 ns, Total: 184800 ns
[2020-09-28T09:10:07.973+0000][30964][safepoint    ] Safepoint "Cleanup", Time since last: 1000061700 ns, Reaching safepoint: 126700 ns, At safepoint: 3300 ns, Total: 130000 ns
[2020-09-28T09:10:08.973+0000][30964][safepoint    ] Safepoint "Cleanup", Time since last: 1000285800 ns, Reaching safepoint: 111100 ns, At safepoint: 3100 ns, Total: 114200 ns
[2020-09-28T09:10:09.974+0000][30964][safepoint    ] Safepoint "Cleanup", Time since last: 1000656800 ns, Reaching safepoint: 122600 ns, At safepoint: 6700 ns, Total: 129300 ns
[2020-09-28T09:10:10.974+0000][30964][safepoint    ] Safepoint "Cleanup", Time since last: 1000158700 ns, Reaching safepoint: 300100 ns, At safepoint: 5500 ns, Total: 305600 ns
[2020-09-28T09:10:11.975+0000][30964][safepoint    ] Safepoint "Cleanup", Time since last: 1000721200 ns, Reaching safepoint: 128700 ns, At safepoint: 4300 ns, Total: 133000 ns
[2020-09-28T09:10:13.975+0000][30964][safepoint    ] Safepoint "Cleanup", Time since last: 2000093400 ns, Reaching safepoint: 133900 ns, At safepoint: 5400 ns, Total: 139300 ns
[2020-09-28T09:10:14.976+0000][30964][safepoint    ] Safepoint "Cleanup", Time since last: 1000810800 ns, Reaching safepoint: 135400 ns, At safepoint: 6200 ns, Total: 141600 ns
[2020-09-28T09:10:15.977+0000][30964][safepoint    ] Safepoint "Cleanup", Time since last: 1000039500 ns, Reaching safepoint: 125500 ns, At safepoint: 7300 ns, Total: 132800 ns
[2020-09-28T09:10:16.977+0000][30964][safepoint    ] Safepoint "Cleanup", Time since last: 1000166900 ns, Reaching safepoint: 153500 ns, At safepoint: 5500 ns, Total: 159000 ns
[2020-09-28T09:10:17.977+0000][30964][safepoint    ] Safepoint "Cleanup", Time since last: 1000045200 ns, Reaching safepoint: 115900 ns, At safepoint: 5200 ns, Total: 121100 ns
[2020-09-28T09:10:18.978+0000][30964][safepoint    ] Safepoint "Cleanup", Time since last: 1000435100 ns, Reaching safepoint: 123900 ns, At safepoint: 6700 ns, Total: 130600 ns
[2020-09-28T09:10:19.978+0000][30964][safepoint    ] Safepoint "Cleanup", Time since last: 1000090700 ns, Reaching safepoint: 131700 ns, At safepoint: 5300 ns, Total: 137000 ns
[2020-09-28T09:10:20.979+0000][30964][safepoint    ] Safepoint "Cleanup", Time since last: 1000599100 ns, Reaching safepoint: 131800 ns, At safepoint: 5500 ns, Total: 137300 ns
[2020-09-28T09:10:21.979+0000][30964][safepoint    ] Safepoint "Cleanup", Time since last: 1000606900 ns, Reaching safepoint: 104500 ns, At safepoint: 6100 ns, Total: 110600 ns
[2020-09-28T09:10:22.980+0000][30964][safepoint    ] Safepoint "Cleanup", Time since last: 1000708600 ns, Reaching safepoint: 161300 ns, At safepoint: 4200 ns, Total: 165500 ns
[2020-09-28T09:10:23.981+0000][30964][safepoint    ] Safepoint "Cleanup", Time since last: 1000654200 ns, Reaching safepoint: 130800 ns, At safepoint: 5600 ns, Total: 136400 ns
[2020-09-28T09:10:24.982+0000][30964][safepoint    ] Safepoint "Cleanup", Time since last: 1000743800 ns, Reaching safepoint: 124800 ns, At safepoint: 5300 ns, Total: 130100 ns
[2020-09-28T09:10:25.982+0000][30964][safepoint    ] Safepoint "Cleanup", Time since last: 1000296100 ns, Reaching safepoint: 131900 ns, At safepoint: 6300 ns, Total: 138200 ns
[2020-09-28T09:10:26.983+0000][30964][safepoint    ] Safepoint "Cleanup", Time since last: 1000482800 ns, Reaching safepoint: 102000 ns, At safepoint: 6400 ns, Total: 108400 ns
[2020-09-28T09:10:28.983+0000][30964][safepoint    ] Safepoint "Cleanup", Time since last: 1999915900 ns, Reaching safepoint: 107700 ns, At safepoint: 2600 ns, Total: 110300 ns
[2020-09-28T09:10:29.983+0000][30964][safepoint    ] Safepoint "Cleanup", Time since last: 1000294800 ns, Reaching safepoint: 105700 ns, At safepoint: 5600 ns, Total: 111300 ns
[2020-09-28T09:10:30.984+0000][30964][safepoint    ] Safepoint "Cleanup", Time since last: 1000194100 ns, Reaching safepoint: 127200 ns, At safepoint: 6300 ns, Total: 133500 ns
[2020-09-28T09:10:31.984+0000][30964][safepoint    ] Safepoint "Cleanup", Time since last: 1000401800 ns, Reaching safepoint: 126900 ns, At safepoint: 10300 ns, Total: 137200 ns
[2020-09-28T09:10:32.985+0000][30964][safepoint    ] Safepoint "Cleanup", Time since last: 1000043200 ns, Reaching safepoint: 118000 ns, At safepoint: 9100 ns, Total: 127100 ns
[2020-09-28T09:10:33.985+0000][30964][safepoint    ] Safepoint "Cleanup", Time since last: 1000166900 ns, Reaching safepoint: 117300 ns, At safepoint: 6500 ns, Total: 123800 ns
[2020-09-28T09:10:34.985+0000][30964][safepoint    ] Safepoint "Cleanup", Time since last: 1000136300 ns, Reaching safepoint: 133900 ns, At safepoint: 6600 ns, Total: 140500 ns
[2020-09-28T09:10:35.986+0000][30964][safepoint    ] Safepoint "Cleanup", Time since last: 1000419500 ns, Reaching safepoint: 155200 ns, At safepoint: 21000 ns, Total: 176200 ns
[2020-09-28T09:10:36.986+0000][30964][safepoint    ] Safepoint "Cleanup", Time since last: 1000482300 ns, Reaching safepoint: 121000 ns, At safepoint: 6400 ns, Total: 127400 ns
[2020-09-28T09:10:37.987+0000][30964][safepoint    ] Safepoint "Cleanup", Time since last: 1000025700 ns, Reaching safepoint: 143000 ns, At safepoint: 4500 ns, Total: 147500 ns
[2020-09-28T09:10:39.987+0000][30964][safepoint    ] Safepoint "Cleanup", Time since last: 2000521400 ns, Reaching safepoint: 109500 ns, At safepoint: 6500 ns, Total: 116000 ns
[2020-09-28T09:10:40.988+0000][30964][safepoint    ] Safepoint "Cleanup", Time since last: 1000669200 ns, Reaching safepoint: 108200 ns, At safepoint: 5700 ns, Total: 113900 ns
[2020-09-28T09:10:41.989+0000][30964][safepoint    ] Safepoint "Cleanup", Time since last: 1000822800 ns, Reaching safepoint: 143300 ns, At safepoint: 6200 ns, Total: 149500 ns
[2020-09-28T09:10:42.990+0000][30964][safepoint    ] Safepoint "Cleanup", Time since last: 1000580000 ns, Reaching safepoint: 117200 ns, At safepoint: 6100 ns, Total: 123300 ns
[2020-09-28T09:10:43.990+0000][30964][safepoint    ] Safepoint "Cleanup", Time since last: 1000140800 ns, Reaching safepoint: 196100 ns, At safepoint: 10500 ns, Total: 206600 ns
[2020-09-28T09:10:44.990+0000][30964][safepoint    ] Safepoint "Cleanup", Time since last: 1000284900 ns, Reaching safepoint: 145700 ns, At safepoint: 5800 ns, Total: 151500 ns
[2020-09-28T09:10:45.991+0000][30964][safepoint    ] Safepoint "Cleanup", Time since last: 1000796000 ns, Reaching safepoint: 116300 ns, At safepoint: 7700 ns, Total: 124000 ns
[2020-09-28T09:10:47.992+0000][30964][safepoint    ] Safepoint "Cleanup", Time since last: 2000385900 ns, Reaching safepoint: 103400 ns, At safepoint: 2900 ns, Total: 106300 ns
[2020-09-28T09:10:48.992+0000][30964][safepoint    ] Safepoint "Cleanup", Time since last: 1000384400 ns, Reaching safepoint: 145300 ns, At safepoint: 6200 ns, Total: 151500 ns
[2020-09-28T09:10:49.993+0000][30964][safepoint    ] Safepoint "Cleanup", Time since last: 1000106800 ns, Reaching safepoint: 162100 ns, At safepoint: 21200 ns, Total: 183300 ns
[2020-09-28T09:10:50.993+0000][30964][safepoint    ] Safepoint "Cleanup", Time since last: 1000310500 ns, Reaching safepoint: 94400 ns, At safepoint: 6300 ns, Total: 100700 ns
[2020-09-28T09:10:51.993+0000][30964][safepoint    ] Safepoint "Cleanup", Time since last: 1000019600 ns, Reaching safepoint: 107200 ns, At safepoint: 6700 ns, Total: 113900 ns
[2020-09-28T09:10:52.994+0000][30964][safepoint    ] Safepoint "Cleanup", Time since last: 1000897500 ns, Reaching safepoint: 107200 ns, At safepoint: 6100 ns, Total: 113300 ns
[2020-09-28T09:10:53.995+0000][30964][safepoint    ] Safepoint "Cleanup", Time since last: 1000374400 ns, Reaching safepoint: 132700 ns, At safepoint: 6400 ns, Total: 139100 ns
[2020-09-28T09:10:54.995+0000][30964][safepoint    ] Safepoint "Cleanup", Time since last: 1000164100 ns, Reaching safepoint: 116900 ns, At safepoint: 3900 ns, Total: 120800 ns
[2020-09-28T09:10:55.996+0000][30964][safepoint    ] Safepoint "Cleanup", Time since last: 1000374100 ns, Reaching safepoint: 101200 ns, At safepoint: 6800 ns, Total: 108000 ns
[2020-09-28T09:10:56.996+0000][30964][safepoint    ] Safepoint "Cleanup", Time since last: 1000247300 ns, Reaching safepoint: 118100 ns, At safepoint: 5400 ns, Total: 123500 ns
[2020-09-28T09:10:57.997+0000][30964][safepoint    ] Safepoint "Cleanup", Time since last: 1000328700 ns, Reaching safepoint: 143500 ns, At safepoint: 5400 ns, Total: 148900 ns
[2020-09-28T09:10:59.997+0000][30964][safepoint    ] Safepoint "Cleanup", Time since last: 2000212500 ns, Reaching safepoint: 167100 ns, At safepoint: 5600 ns, Total: 172700 ns
[2020-09-28T09:11:00.997+0000][30964][safepoint    ] Safepoint "Cleanup", Time since last: 1000102000 ns, Reaching safepoint: 100500 ns, At safepoint: 6900 ns, Total: 107400 ns
[2020-09-28T09:11:01.998+0000][30964][safepoint    ] Safepoint "Cleanup", Time since last: 1000316100 ns, Reaching safepoint: 115000 ns, At safepoint: 7900 ns, Total: 122900 ns
[2020-09-28T09:11:02.998+0000][30964][safepoint    ] Safepoint "Cleanup", Time since last: 1000424000 ns, Reaching safepoint: 89500 ns, At safepoint: 11800 ns, Total: 101300 ns
[2020-09-28T09:11:03.999+0000][30964][safepoint    ] Safepoint "Cleanup", Time since last: 1000507800 ns, Reaching safepoint: 146500 ns, At safepoint: 5800 ns, Total: 152300 ns
[2020-09-28T09:11:04.999+0000][30964][safepoint    ] Safepoint "Cleanup", Time since last: 1000281500 ns, Reaching safepoint: 103400 ns, At safepoint: 3900 ns, Total: 107300 ns
[2020-09-28T09:11:05.999+0000][30964][safepoint    ] Safepoint "Cleanup", Time since last: 1000041000 ns, Reaching safepoint: 118600 ns, At safepoint: 6500 ns, Total: 125100 ns
[2020-09-28T09:11:07.000+0000][30964][safepoint    ] Safepoint "Cleanup", Time since last: 1000030000 ns, Reaching safepoint: 104400 ns, At safepoint: 4400 ns, Total: 108800 ns
[2020-09-28T09:11:08.000+0000][30964][safepoint    ] Safepoint "Cleanup", Time since last: 1000686600 ns, Reaching safepoint: 104000 ns, At safepoint: 5900 ns, Total: 109900 ns
[2020-09-28T09:11:09.001+0000][30964][safepoint    ] Safepoint "Cleanup", Time since last: 1000881900 ns, Reaching safepoint: 154500 ns, At safepoint: 5600 ns, Total: 160100 ns
[2020-09-28T09:11:10.002+0000][30964][safepoint    ] Safepoint "Cleanup", Time since last: 1000268900 ns, Reaching safepoint: 115900 ns, At safepoint: 5700 ns, Total: 121600 ns
[2020-09-28T09:11:11.003+0000][30964][safepoint    ] Safepoint "Cleanup", Time since last: 1000879600 ns, Reaching safepoint: 124500 ns, At safepoint: 6100 ns, Total: 130600 ns
[2020-09-28T09:11:12.004+0000][30964][safepoint    ] Safepoint "Cleanup", Time since last: 1000615200 ns, Reaching safepoint: 121200 ns, At safepoint: 7400 ns, Total: 128600 ns
[2020-09-28T09:11:13.004+0000][30964][safepoint    ] Safepoint "Cleanup", Time since last: 1000249400 ns, Reaching safepoint: 96100 ns, At safepoint: 7000 ns, Total: 103100 ns
[2020-09-28T09:11:14.004+0000][30964][safepoint    ] Safepoint "Cleanup", Time since last: 1000294800 ns, Reaching safepoint: 112000 ns, At safepoint: 7100 ns, Total: 119100 ns
[2020-09-28T09:11:15.005+0000][30964][safepoint    ] Safepoint "Cleanup", Time since last: 1000015700 ns, Reaching safepoint: 101000 ns, At safepoint: 5400 ns, Total: 106400 ns
[2020-09-28T09:11:17.005+0000][30964][safepoint    ] Safepoint "Cleanup", Time since last: 2000334200 ns, Reaching safepoint: 129600 ns, At safepoint: 5500 ns, Total: 135100 ns
[2020-09-28T09:11:18.006+0000][30964][safepoint    ] Safepoint "Cleanup", Time since last: 1000583000 ns, Reaching safepoint: 149400 ns, At safepoint: 21200 ns, Total: 170600 ns
[2020-09-28T09:11:19.007+0000][30964][safepoint    ] Safepoint "Cleanup", Time since last: 1000788400 ns, Reaching safepoint: 115200 ns, At safepoint: 13200 ns, Total: 128400 ns
[2020-09-28T09:11:20.008+0000][30964][safepoint    ] Safepoint "Cleanup", Time since last: 1000743000 ns, Reaching safepoint: 146000 ns, At safepoint: 20200 ns, Total: 166200 ns
[2020-09-28T09:11:21.008+0000][30964][safepoint    ] Safepoint "Cleanup", Time since last: 1000037800 ns, Reaching safepoint: 119800 ns, At safepoint: 69500 ns, Total: 189300 ns
[2020-09-28T09:11:22.008+0000][30964][safepoint    ] Safepoint "Cleanup", Time since last: 1000053700 ns, Reaching safepoint: 143100 ns, At safepoint: 6600 ns, Total: 149700 ns
[2020-09-28T09:11:23.009+0000][30964][safepoint    ] Safepoint "Cleanup", Time since last: 1000593400 ns, Reaching safepoint: 108100 ns, At safepoint: 5900 ns, Total: 114000 ns
[2020-09-28T09:11:24.010+0000][30964][safepoint    ] Safepoint "Cleanup", Time since last: 1000887300 ns, Reaching safepoint: 117000 ns, At safepoint: 6900 ns, Total: 123900 ns
[2020-09-28T09:11:25.010+0000][30964][safepoint    ] Safepoint "Cleanup", Time since last: 1000235600 ns, Reaching safepoint: 110100 ns, At safepoint: 3100 ns, Total: 113200 ns
[2020-09-28T09:11:26.373+0000][30964][safepoint    ] Safepoint "Cleanup", Time since last: 1363047600 ns, Reaching safepoint: 176600 ns, At safepoint: 6700 ns, Total: 183300 ns
[2020-09-28T09:11:27.374+0000][30964][safepoint    ] Safepoint "Cleanup", Time since last: 1000694900 ns, Reaching safepoint: 129500 ns, At safepoint: 7000 ns, Total: 136500 ns
[2020-09-28T09:11:29.375+0000][30964][safepoint    ] Safepoint "Cleanup", Time since last: 2000698200 ns, Reaching safepoint: 161700 ns, At safepoint: 7700 ns, Total: 169400 ns
[2020-09-28T09:11:30.376+0000][30964][safepoint    ] Safepoint "Cleanup", Time since last: 1000818800 ns, Reaching safepoint: 111500 ns, At safepoint: 6500 ns, Total: 118000 ns
[2020-09-28T09:11:31.377+0000][30964][safepoint    ] Safepoint "Cleanup", Time since last: 1000748800 ns, Reaching safepoint: 95700 ns, At safepoint: 6000 ns, Total: 101700 ns
[2020-09-28T09:11:32.378+0000][30964][safepoint    ] Safepoint "Cleanup", Time since last: 1000423000 ns, Reaching safepoint: 135800 ns, At safepoint: 16000 ns, Total: 151800 ns
[2020-09-28T09:11:33.378+0000][30964][safepoint    ] Safepoint "Cleanup", Time since last: 1000286700 ns, Reaching safepoint: 151300 ns, At safepoint: 8700 ns, Total: 160000 ns
[2020-09-28T09:11:34.379+0000][30964][safepoint    ] Safepoint "Cleanup", Time since last: 1000345400 ns, Reaching safepoint: 128600 ns, At safepoint: 9100 ns, Total: 137700 ns
[2020-09-28T09:11:35.379+0000][30964][safepoint    ] Safepoint "Cleanup", Time since last: 1000363200 ns, Reaching safepoint: 118100 ns, At safepoint: 7700 ns, Total: 125800 ns
[2020-09-28T09:11:36.379+0000][30964][safepoint    ] Safepoint "Cleanup", Time since last: 1000177600 ns, Reaching safepoint: 148800 ns, At safepoint: 9600 ns, Total: 158400 ns
[2020-09-28T09:11:37.380+0000][30964][safepoint    ] Safepoint "Cleanup", Time since last: 1000607800 ns, Reaching safepoint: 110300 ns, At safepoint: 8100 ns, Total: 118400 ns
[2020-09-28T09:11:38.381+0000][30964][safepoint    ] Safepoint "Cleanup", Time since last: 1000481600 ns, Reaching safepoint: 151200 ns, At safepoint: 7000 ns, Total: 158200 ns
[2020-09-28T09:11:39.381+0000][30964][safepoint    ] Safepoint "Cleanup", Time since last: 1000214200 ns, Reaching safepoint: 120800 ns, At safepoint: 6600 ns, Total: 127400 ns
[2020-09-28T09:11:40.382+0000][30964][safepoint    ] Safepoint "Cleanup", Time since last: 1000769200 ns, Reaching safepoint: 125800 ns, At safepoint: 6100 ns, Total: 131900 ns
[2020-09-28T09:11:42.223+0000][30964][safepoint    ] Safepoint "Cleanup", Time since last: 1841041600 ns, Reaching safepoint: 169200 ns, At safepoint: 5600 ns, Total: 174800 ns
[2020-09-28T09:11:43.224+0000][30964][safepoint    ] Safepoint "Cleanup", Time since last: 1000405900 ns, Reaching safepoint: 99300 ns, At safepoint: 8800 ns, Total: 108100 ns
[2020-09-28T09:11:44.225+0000][30964][safepoint    ] Safepoint "Cleanup", Time since last: 1000614800 ns, Reaching safepoint: 133200 ns, At safepoint: 5900 ns, Total: 139100 ns
[2020-09-28T09:11:45.225+0000][30964][safepoint    ] Safepoint "Cleanup", Time since last: 1000472000 ns, Reaching safepoint: 106500 ns, At safepoint: 6200 ns, Total: 112700 ns
[2020-09-28T09:11:46.225+0000][30964][safepoint    ] Safepoint "Cleanup", Time since last: 1000055800 ns, Reaching safepoint: 105500 ns, At safepoint: 13800 ns, Total: 119300 ns
[2020-09-28T09:11:47.226+0000][30964][safepoint    ] Safepoint "Cleanup", Time since last: 1000001100 ns, Reaching safepoint: 123900 ns, At safepoint: 26700 ns, Total: 150600 ns
[2020-09-28T09:11:48.226+0000][30964][safepoint    ] Safepoint "Cleanup", Time since last: 1000119400 ns, Reaching safepoint: 148300 ns, At safepoint: 8200 ns, Total: 156500 ns
[2020-09-28T09:11:49.227+0000][30964][safepoint    ] Safepoint "Cleanup", Time since last: 1000578800 ns, Reaching safepoint: 159800 ns, At safepoint: 6200 ns, Total: 166000 ns
[2020-09-28T09:11:50.227+0000][30964][safepoint    ] Safepoint "Cleanup", Time since last: 1000521900 ns, Reaching safepoint: 125800 ns, At safepoint: 4400 ns, Total: 130200 ns
[2020-09-28T09:11:51.228+0000][30964][safepoint    ] Safepoint "Cleanup", Time since last: 1000925500 ns, Reaching safepoint: 105300 ns, At safepoint: 7100 ns, Total: 112400 ns
[2020-09-28T09:11:52.229+0000][30964][safepoint    ] Safepoint "Cleanup", Time since last: 1000764200 ns, Reaching safepoint: 81000 ns, At safepoint: 2600 ns, Total: 83600 ns
[2020-09-28T09:11:53.230+0000][30964][safepoint    ] Safepoint "Cleanup", Time since last: 1000823400 ns, Reaching safepoint: 123000 ns, At safepoint: 7600 ns, Total: 130600 ns
[2020-09-28T09:11:54.231+0000][30964][safepoint    ] Safepoint "Cleanup", Time since last: 1000149900 ns, Reaching safepoint: 117300 ns, At safepoint: 8200 ns, Total: 125500 ns
[2020-09-28T09:11:56.232+0000][30964][safepoint    ] Safepoint "Cleanup", Time since last: 2000993500 ns, Reaching safepoint: 198800 ns, At safepoint: 7500 ns, Total: 206300 ns
[2020-09-28T09:11:57.232+0000][30964][safepoint    ] Safepoint "Cleanup", Time since last: 1000083000 ns, Reaching safepoint: 131100 ns, At safepoint: 6100 ns, Total: 137200 ns
[2020-09-28T09:11:58.233+0000][30964][safepoint    ] Safepoint "Cleanup", Time since last: 1000535600 ns, Reaching safepoint: 92500 ns, At safepoint: 8000 ns, Total: 100500 ns
[2020-09-28T09:11:59.234+0000][30964][safepoint    ] Safepoint "Cleanup", Time since last: 1000761800 ns, Reaching safepoint: 110800 ns, At safepoint: 5900 ns, Total: 116700 ns
[2020-09-28T09:12:00.234+0000][30964][safepoint    ] Safepoint "Cleanup", Time since last: 1000400500 ns, Reaching safepoint: 103900 ns, At safepoint: 6300 ns, Total: 110200 ns
[2020-09-28T09:12:01.235+0000][30964][safepoint    ] Safepoint "Cleanup", Time since last: 1000322600 ns, Reaching safepoint: 132600 ns, At safepoint: 8300 ns, Total: 140900 ns
[2020-09-28T09:12:02.235+0000][30964][safepoint    ] Safepoint "Cleanup", Time since last: 1000824800 ns, Reaching safepoint: 143500 ns, At safepoint: 8100 ns, Total: 151600 ns
[2020-09-28T09:12:03.236+0000][30964][safepoint    ] Safepoint "Cleanup", Time since last: 1000573400 ns, Reaching safepoint: 114100 ns, At safepoint: 10100 ns, Total: 124200 ns
[2020-09-28T09:12:04.237+0000][30964][safepoint    ] Safepoint "Cleanup", Time since last: 1000163000 ns, Reaching safepoint: 92200 ns, At safepoint: 4900 ns, Total: 97100 ns
[2020-09-28T09:12:05.237+0000][30964][safepoint    ] Safepoint "Cleanup", Time since last: 1000291700 ns, Reaching safepoint: 118400 ns, At safepoint: 6900 ns, Total: 125300 ns
[2020-09-28T09:12:06.237+0000][30964][safepoint    ] Safepoint "Cleanup", Time since last: 1000361200 ns, Reaching safepoint: 130400 ns, At safepoint: 6400 ns, Total: 136800 ns
[2020-09-28T09:12:08.238+0000][30964][safepoint    ] Safepoint "Cleanup", Time since last: 2000076400 ns, Reaching safepoint: 87400 ns, At safepoint: 3800 ns, Total: 91200 ns
[2020-09-28T09:12:09.239+0000][30964][safepoint    ] Safepoint "Cleanup", Time since last: 1000893100 ns, Reaching safepoint: 109800 ns, At safepoint: 7200 ns, Total: 117000 ns
[2020-09-28T09:12:10.239+0000][30964][safepoint    ] Safepoint "Cleanup", Time since last: 1000626600 ns, Reaching safepoint: 175900 ns, At safepoint: 6200 ns, Total: 182100 ns
[2020-09-28T09:12:12.225+0000][30964][safepoint    ] Safepoint "Cleanup", Time since last: 1985534500 ns, Reaching safepoint: 117500 ns, At safepoint: 5600 ns, Total: 123100 ns
[2020-09-28T09:12:13.225+0000][30964][safepoint    ] Safepoint "Cleanup", Time since last: 1000133400 ns, Reaching safepoint: 167700 ns, At safepoint: 8300 ns, Total: 176000 ns
[2020-09-28T09:12:14.226+0000][30964][safepoint    ] Safepoint "Cleanup", Time since last: 1000781000 ns, Reaching safepoint: 426700 ns, At safepoint: 14600 ns, Total: 441300 ns
[2020-09-28T09:12:15.227+0000][30964][safepoint    ] Safepoint "Cleanup", Time since last: 1000197300 ns, Reaching safepoint: 287300 ns, At safepoint: 6200 ns, Total: 293500 ns
[2020-09-28T09:12:16.229+0000][30964][safepoint    ] Safepoint "Cleanup", Time since last: 1000684800 ns, Reaching safepoint: 462800 ns, At safepoint: 24600 ns, Total: 487400 ns
[2020-09-28T09:12:17.230+0000][30964][safepoint    ] Safepoint "Cleanup", Time since last: 1000992400 ns, Reaching safepoint: 139300 ns, At safepoint: 6600 ns, Total: 145900 ns
[2020-09-28T09:12:18.230+0000][30964][safepoint    ] Safepoint "Cleanup", Time since last: 1000061700 ns, Reaching safepoint: 139200 ns, At safepoint: 7900 ns, Total: 147100 ns
[2020-09-28T09:12:19.230+0000][30964][safepoint    ] Safepoint "Cleanup", Time since last: 1000200300 ns, Reaching safepoint: 106600 ns, At safepoint: 7200 ns, Total: 113800 ns
[2020-09-28T09:12:20.231+0000][30964][safepoint    ] Safepoint "Cleanup", Time since last: 1000726500 ns, Reaching safepoint: 147700 ns, At safepoint: 9300 ns, Total: 157000 ns
[2020-09-28T09:12:22.232+0000][30964][safepoint    ] Safepoint "Cleanup", Time since last: 2000930400 ns, Reaching safepoint: 130000 ns, At safepoint: 6300 ns, Total: 136300 ns
[2020-09-28T09:12:23.233+0000][30964][safepoint    ] Safepoint "Cleanup", Time since last: 1000388100 ns, Reaching safepoint: 186500 ns, At safepoint: 9200 ns, Total: 195700 ns
[2020-09-28T09:12:24.234+0000][30964][safepoint    ] Safepoint "Cleanup", Time since last: 1000656500 ns, Reaching safepoint: 142700 ns, At safepoint: 6400 ns, Total: 149100 ns
[2020-09-28T09:12:25.234+0000][30964][safepoint    ] Safepoint "Cleanup", Time since last: 1000530800 ns, Reaching safepoint: 85100 ns, At safepoint: 3300 ns, Total: 88400 ns
[2020-09-28T09:12:27.235+0000][30964][safepoint    ] Safepoint "Cleanup", Time since last: 2000343500 ns, Reaching safepoint: 110600 ns, At safepoint: 9100 ns, Total: 119700 ns
[2020-09-28T09:12:28.235+0000][30964][safepoint    ] Safepoint "Cleanup", Time since last: 1000605900 ns, Reaching safepoint: 129100 ns, At safepoint: 6200 ns, Total: 135300 ns
[2020-09-28T09:12:29.236+0000][30964][safepoint    ] Safepoint "Cleanup", Time since last: 1000374300 ns, Reaching safepoint: 115600 ns, At safepoint: 5700 ns, Total: 121300 ns
[2020-09-28T09:12:30.237+0000][30964][safepoint    ] Safepoint "Cleanup", Time since last: 1000851400 ns, Reaching safepoint: 121800 ns, At safepoint: 7600 ns, Total: 129400 ns
[2020-09-28T09:12:31.237+0000][30964][safepoint    ] Safepoint "Cleanup", Time since last: 1000468400 ns, Reaching safepoint: 109500 ns, At safepoint: 5400 ns, Total: 114900 ns
[2020-09-28T09:12:32.238+0000][30964][safepoint    ] Safepoint "Cleanup", Time since last: 1000592000 ns, Reaching safepoint: 128100 ns, At safepoint: 5800 ns, Total: 133900 ns
[2020-09-28T09:12:33.239+0000][30964][safepoint    ] Safepoint "Cleanup", Time since last: 1000681500 ns, Reaching safepoint: 112700 ns, At safepoint: 3400 ns, Total: 116100 ns
[2020-09-28T09:12:34.239+0000][30964][safepoint    ] Safepoint "Cleanup", Time since last: 1000069300 ns, Reaching safepoint: 134000 ns, At safepoint: 6000 ns, Total: 140000 ns
[2020-09-28T09:12:35.240+0000][30964][safepoint    ] Safepoint "Cleanup", Time since last: 1000198600 ns, Reaching safepoint: 133700 ns, At safepoint: 19600 ns, Total: 153300 ns
[2020-09-28T09:12:36.240+0000][30964][safepoint    ] Safepoint "Cleanup", Time since last: 1000154800 ns, Reaching safepoint: 91500 ns, At safepoint: 3500 ns, Total: 95000 ns
[2020-09-28T09:12:37.240+0000][30964][safepoint    ] Safepoint "Cleanup", Time since last: 1000224900 ns, Reaching safepoint: 107400 ns, At safepoint: 6700 ns, Total: 114100 ns
[2020-09-28T09:12:38.241+0000][30964][safepoint    ] Safepoint "Cleanup", Time since last: 1000633200 ns, Reaching safepoint: 119600 ns, At safepoint: 5100 ns, Total: 124700 ns
[2020-09-28T09:12:39.242+0000][30964][safepoint    ] Safepoint "Cleanup", Time since last: 1000593100 ns, Reaching safepoint: 95300 ns, At safepoint: 3300 ns, Total: 98600 ns
[2020-09-28T09:12:40.242+0000][30964][safepoint    ] Safepoint "Cleanup", Time since last: 1000295300 ns, Reaching safepoint: 123700 ns, At safepoint: 3200 ns, Total: 126900 ns
[2020-09-28T09:12:42.243+0000][30964][safepoint    ] Safepoint "Cleanup", Time since last: 2000704000 ns, Reaching safepoint: 112500 ns, At safepoint: 6100 ns, Total: 118600 ns
[2020-09-28T09:12:43.244+0000][30964][safepoint    ] Safepoint "Cleanup", Time since last: 1000658800 ns, Reaching safepoint: 103800 ns, At safepoint: 5800 ns, Total: 109600 ns
[2020-09-28T09:12:44.245+0000][30964][safepoint    ] Safepoint "Cleanup", Time since last: 1000873600 ns, Reaching safepoint: 108300 ns, At safepoint: 7000 ns, Total: 115300 ns
[2020-09-28T09:12:45.245+0000][30964][safepoint    ] Safepoint "Cleanup", Time since last: 1000040900 ns, Reaching safepoint: 129000 ns, At safepoint: 21000 ns, Total: 150000 ns
[2020-09-28T09:12:46.245+0000][30964][safepoint    ] Safepoint "Cleanup", Time since last: 1000040200 ns, Reaching safepoint: 140000 ns, At safepoint: 5400 ns, Total: 145400 ns
[2020-09-28T09:12:47.246+0000][30964][safepoint    ] Safepoint "Cleanup", Time since last: 1000608200 ns, Reaching safepoint: 122700 ns, At safepoint: 6700 ns, Total: 129400 ns
[2020-09-28T09:12:48.246+0000][30964][safepoint    ] Safepoint "Cleanup", Time since last: 1000271100 ns, Reaching safepoint: 84400 ns, At safepoint: 3900 ns, Total: 88300 ns
[2020-09-28T09:12:49.247+0000][30964][safepoint    ] Safepoint "Cleanup", Time since last: 1000391400 ns, Reaching safepoint: 142600 ns, At safepoint: 5500 ns, Total: 148100 ns
[2020-09-28T09:12:50.247+0000][30964][safepoint    ] Safepoint "Cleanup", Time since last: 1000462000 ns, Reaching safepoint: 172000 ns, At safepoint: 10200 ns, Total: 182200 ns
[2020-09-28T09:12:51.248+0000][30964][safepoint    ] Safepoint "Cleanup", Time since last: 1000561000 ns, Reaching safepoint: 130400 ns, At safepoint: 5200 ns, Total: 135600 ns
[2020-09-28T09:12:52.249+0000][30964][safepoint    ] Safepoint "Cleanup", Time since last: 1000871400 ns, Reaching safepoint: 154300 ns, At safepoint: 5300 ns, Total: 159600 ns
[2020-09-28T09:12:53.250+0000][30964][safepoint    ] Safepoint "Cleanup", Time since last: 1000526400 ns, Reaching safepoint: 125800 ns, At safepoint: 5900 ns, Total: 131700 ns
[2020-09-28T09:12:54.251+0000][30964][safepoint    ] Safepoint "Cleanup", Time since last: 1000816900 ns, Reaching safepoint: 140900 ns, At safepoint: 5500 ns, Total: 146400 ns
[2020-09-28T09:12:55.251+0000][30964][safepoint    ] Safepoint "Cleanup", Time since last: 1000415400 ns, Reaching safepoint: 135200 ns, At safepoint: 5300 ns, Total: 140500 ns
[2020-09-28T09:12:56.252+0000][30964][safepoint    ] Safepoint "Cleanup", Time since last: 1000165400 ns, Reaching safepoint: 121700 ns, At safepoint: 9800 ns, Total: 131500 ns
[2020-09-28T09:12:57.252+0000][30964][safepoint    ] Safepoint "Cleanup", Time since last: 1000460100 ns, Reaching safepoint: 116400 ns, At safepoint: 5800 ns, Total: 122200 ns
[2020-09-28T09:12:58.253+0000][30964][safepoint    ] Safepoint "Cleanup", Time since last: 1000253200 ns, Reaching safepoint: 142800 ns, At safepoint: 5100 ns, Total: 147900 ns
[2020-09-28T09:12:59.253+0000][30964][safepoint    ] Safepoint "Cleanup", Time since last: 1000396100 ns, Reaching safepoint: 147900 ns, At safepoint: 7900 ns, Total: 155800 ns
[2020-09-28T09:13:00.254+0000][30964][safepoint    ] Safepoint "Cleanup", Time since last: 1000190800 ns, Reaching safepoint: 127400 ns, At safepoint: 6000 ns, Total: 133400 ns
[2020-09-28T09:13:02.255+0000][30964][safepoint    ] Safepoint "Cleanup", Time since last: 2000700300 ns, Reaching safepoint: 115600 ns, At safepoint: 8600 ns, Total: 124200 ns
[2020-09-28T09:13:03.255+0000][30964][safepoint    ] Safepoint "Cleanup", Time since last: 1000768800 ns, Reaching safepoint: 119600 ns, At safepoint: 7000 ns, Total: 126600 ns
[2020-09-28T09:13:04.256+0000][30964][safepoint    ] Safepoint "Cleanup", Time since last: 1000051200 ns, Reaching safepoint: 98200 ns, At safepoint: 8200 ns, Total: 106400 ns
[2020-09-28T09:13:05.256+0000][30964][safepoint    ] Safepoint "Cleanup", Time since last: 1000639300 ns, Reaching safepoint: 129800 ns, At safepoint: 6800 ns, Total: 136600 ns
[2020-09-28T09:13:06.257+0000][30964][safepoint    ] Safepoint "Cleanup", Time since last: 1000080700 ns, Reaching safepoint: 121300 ns, At safepoint: 6100 ns, Total: 127400 ns
[2020-09-28T09:13:07.257+0000][30964][safepoint    ] Safepoint "Cleanup", Time since last: 1000491500 ns, Reaching safepoint: 114800 ns, At safepoint: 5900 ns, Total: 120700 ns
[2020-09-28T09:13:08.258+0000][30964][safepoint    ] Safepoint "Cleanup", Time since last: 1000595900 ns, Reaching safepoint: 119100 ns, At safepoint: 5400 ns, Total: 124500 ns
[2020-09-28T09:13:09.259+0000][30964][safepoint    ] Safepoint "Cleanup", Time since last: 1000765500 ns, Reaching safepoint: 125700 ns, At safepoint: 6500 ns, Total: 132200 ns
[2020-09-28T09:13:10.259+0000][30964][safepoint    ] Safepoint "Cleanup", Time since last: 1000130200 ns, Reaching safepoint: 138000 ns, At safepoint: 8800 ns, Total: 146800 ns
[2020-09-28T09:13:11.260+0000][30964][safepoint    ] Safepoint "Cleanup", Time since last: 1000318900 ns, Reaching safepoint: 142100 ns, At safepoint: 12100 ns, Total: 154200 ns
[2020-09-28T09:13:12.261+0000][30964][safepoint    ] Safepoint "Cleanup", Time since last: 1000811800 ns, Reaching safepoint: 121200 ns, At safepoint: 6700 ns, Total: 127900 ns
[2020-09-28T09:13:14.156+0000][30964][safepoint    ] Safepoint "Cleanup", Time since last: 1895207800 ns, Reaching safepoint: 87000 ns, At safepoint: 4500 ns, Total: 91500 ns
[2020-09-28T09:13:15.157+0000][30964][safepoint    ] Safepoint "Cleanup", Time since last: 1000507400 ns, Reaching safepoint: 110100 ns, At safepoint: 5600 ns, Total: 115700 ns
[2020-09-28T09:13:17.157+0000][30964][safepoint    ] Safepoint "Cleanup", Time since last: 2000325700 ns, Reaching safepoint: 114500 ns, At safepoint: 19600 ns, Total: 134100 ns
[2020-09-28T09:13:18.158+0000][30964][safepoint    ] Safepoint "Cleanup", Time since last: 1000630300 ns, Reaching safepoint: 109200 ns, At safepoint: 20700 ns, Total: 129900 ns
[2020-09-28T09:13:19.158+0000][30964][safepoint    ] Safepoint "Cleanup", Time since last: 1000408700 ns, Reaching safepoint: 114900 ns, At safepoint: 59300 ns, Total: 174200 ns
[2020-09-28T09:13:20.159+0000][30964][safepoint    ] Safepoint "Cleanup", Time since last: 1000696900 ns, Reaching safepoint: 122900 ns, At safepoint: 6700 ns, Total: 129600 ns
[2020-09-28T09:13:21.160+0000][30964][safepoint    ] Safepoint "Cleanup", Time since last: 1000497800 ns, Reaching safepoint: 144400 ns, At safepoint: 12300 ns, Total: 156700 ns
[2020-09-28T09:13:22.161+0000][30964][safepoint    ] Safepoint "Cleanup", Time since last: 1000700800 ns, Reaching safepoint: 132900 ns, At safepoint: 12000 ns, Total: 144900 ns
[2020-09-28T09:13:23.162+0000][30964][safepoint    ] Safepoint "Cleanup", Time since last: 1000648600 ns, Reaching safepoint: 150400 ns, At safepoint: 10400 ns, Total: 160800 ns
[2020-09-28T09:13:24.162+0000][30964][safepoint    ] Safepoint "Cleanup", Time since last: 1000516400 ns, Reaching safepoint: 158300 ns, At safepoint: 6700 ns, Total: 165000 ns
[2020-09-28T09:13:25.163+0000][30964][safepoint    ] Safepoint "Cleanup", Time since last: 1000521100 ns, Reaching safepoint: 113500 ns, At safepoint: 5600 ns, Total: 119100 ns
[2020-09-28T09:13:26.164+0000][30964][safepoint    ] Safepoint "Cleanup", Time since last: 1000821100 ns, Reaching safepoint: 122600 ns, At safepoint: 9400 ns, Total: 132000 ns
[2020-09-28T09:13:27.164+0000][30964][safepoint    ] Safepoint "Cleanup", Time since last: 1000263300 ns, Reaching safepoint: 136200 ns, At safepoint: 6200 ns, Total: 142400 ns
[2020-09-28T09:13:28.165+0000][30964][safepoint    ] Safepoint "Cleanup", Time since last: 1000722100 ns, Reaching safepoint: 110200 ns, At safepoint: 20700 ns, Total: 130900 ns
[2020-09-28T09:13:29.166+0000][30964][safepoint    ] Safepoint "Cleanup", Time since last: 1000697000 ns, Reaching safepoint: 120800 ns, At safepoint: 5800 ns, Total: 126600 ns
[2020-09-28T09:13:30.166+0000][30964][safepoint    ] Safepoint "Cleanup", Time since last: 1000108800 ns, Reaching safepoint: 133100 ns, At safepoint: 6300 ns, Total: 139400 ns
[2020-09-28T09:13:32.167+0000][30964][safepoint    ] Safepoint "Cleanup", Time since last: 2000394300 ns, Reaching safepoint: 117200 ns, At safepoint: 6900 ns, Total: 124100 ns
[2020-09-28T09:13:33.167+0000][30964][safepoint    ] Safepoint "Cleanup", Time since last: 1000359300 ns, Reaching safepoint: 119300 ns, At safepoint: 6200 ns, Total: 125500 ns
[2020-09-28T09:13:34.168+0000][30964][safepoint    ] Safepoint "Cleanup", Time since last: 1000876400 ns, Reaching safepoint: 123800 ns, At safepoint: 6300 ns, Total: 130100 ns
[2020-09-28T09:13:35.169+0000][30964][safepoint    ] Safepoint "Cleanup", Time since last: 1000754500 ns, Reaching safepoint: 130800 ns, At safepoint: 6000 ns, Total: 136800 ns
[2020-09-28T09:13:37.170+0000][30964][safepoint    ] Safepoint "Cleanup", Time since last: 2000664800 ns, Reaching safepoint: 126500 ns, At safepoint: 5500 ns, Total: 132000 ns
[2020-09-28T09:13:38.171+0000][30964][safepoint    ] Safepoint "Cleanup", Time since last: 1000808400 ns, Reaching safepoint: 136100 ns, At safepoint: 5900 ns, Total: 142000 ns
[2020-09-28T09:13:40.172+0000][30964][safepoint    ] Safepoint "Cleanup", Time since last: 2000746800 ns, Reaching safepoint: 150900 ns, At safepoint: 5600 ns, Total: 156500 ns
[2020-09-28T09:13:41.173+0000][30964][safepoint    ] Safepoint "Cleanup", Time since last: 1000434300 ns, Reaching safepoint: 135600 ns, At safepoint: 5100 ns, Total: 140700 ns
[2020-09-28T09:13:43.173+0000][30964][safepoint    ] Safepoint "Cleanup", Time since last: 2000441000 ns, Reaching safepoint: 148000 ns, At safepoint: 5500 ns, Total: 153500 ns
[2020-09-28T09:13:45.174+0000][30964][safepoint    ] Safepoint "Cleanup", Time since last: 2000400600 ns, Reaching safepoint: 144800 ns, At safepoint: 4900 ns, Total: 149700 ns
[2020-09-28T09:13:47.175+0000][30964][safepoint    ] Safepoint "Cleanup", Time since last: 2000660400 ns, Reaching safepoint: 133000 ns, At safepoint: 6300 ns, Total: 139300 ns
[2020-09-28T09:13:48.176+0000][30964][safepoint    ] Safepoint "Cleanup", Time since last: 1000896700 ns, Reaching safepoint: 113900 ns, At safepoint: 6800 ns, Total: 120700 ns
[2020-09-28T09:13:49.176+0000][30964][safepoint    ] Safepoint "Cleanup", Time since last: 1000537000 ns, Reaching safepoint: 119500 ns, At safepoint: 2600 ns, Total: 122100 ns
[2020-09-28T09:13:50.177+0000][30964][safepoint    ] Safepoint "Cleanup", Time since last: 1000539000 ns, Reaching safepoint: 130700 ns, At safepoint: 5400 ns, Total: 136100 ns
[2020-09-28T09:13:51.177+0000][30964][safepoint    ] Safepoint "Cleanup", Time since last: 1000210000 ns, Reaching safepoint: 96700 ns, At safepoint: 7000 ns, Total: 103700 ns
[2020-09-28T09:13:53.178+0000][30964][safepoint    ] Safepoint "Cleanup", Time since last: 2000476700 ns, Reaching safepoint: 128400 ns, At safepoint: 6400 ns, Total: 134800 ns
[2020-09-28T09:13:54.178+0000][30964][safepoint    ] Safepoint "Cleanup", Time since last: 1000287200 ns, Reaching safepoint: 146600 ns, At safepoint: 6100 ns, Total: 152700 ns
[2020-09-28T09:13:55.179+0000][30964][safepoint    ] Safepoint "Cleanup", Time since last: 1000799500 ns, Reaching safepoint: 137000 ns, At safepoint: 4700 ns, Total: 141700 ns
[2020-09-28T09:13:56.180+0000][30964][safepoint    ] Safepoint "Cleanup", Time since last: 1000494400 ns, Reaching safepoint: 131300 ns, At safepoint: 21100 ns, Total: 152400 ns
[2020-09-28T09:13:58.181+0000][30964][safepoint    ] Safepoint "Cleanup", Time since last: 2000799900 ns, Reaching safepoint: 128900 ns, At safepoint: 6100 ns, Total: 135000 ns
[2020-09-28T09:13:59.181+0000][30964][safepoint    ] Safepoint "Cleanup", Time since last: 1000050600 ns, Reaching safepoint: 162700 ns, At safepoint: 5700 ns, Total: 168400 ns
[2020-09-28T09:14:00.182+0000][30964][safepoint    ] Safepoint "Cleanup", Time since last: 1000499400 ns, Reaching safepoint: 126400 ns, At safepoint: 5600 ns, Total: 132000 ns
[2020-09-28T09:14:02.182+0000][30964][safepoint    ] Safepoint "Cleanup", Time since last: 2000307600 ns, Reaching safepoint: 122500 ns, At safepoint: 6700 ns, Total: 129200 ns
[2020-09-28T09:14:03.183+0000][30964][safepoint    ] Safepoint "Cleanup", Time since last: 1000793100 ns, Reaching safepoint: 129300 ns, At safepoint: 5600 ns, Total: 134900 ns
[2020-09-28T09:14:05.184+0000][30964][safepoint    ] Safepoint "Cleanup", Time since last: 2000965600 ns, Reaching safepoint: 122500 ns, At safepoint: 7400 ns, Total: 129900 ns
[2020-09-28T09:14:06.185+0000][30964][safepoint    ] Safepoint "Cleanup", Time since last: 1000456500 ns, Reaching safepoint: 112600 ns, At safepoint: 6800 ns, Total: 119400 ns
[2020-09-28T09:14:07.186+0000][30964][safepoint    ] Safepoint "Cleanup", Time since last: 1000658900 ns, Reaching safepoint: 129000 ns, At safepoint: 9700 ns, Total: 138700 ns
[2020-09-28T09:14:08.186+0000][30964][safepoint    ] Safepoint "Cleanup", Time since last: 1000048000 ns, Reaching safepoint: 108000 ns, At safepoint: 7200 ns, Total: 115200 ns
[2020-09-28T09:14:09.186+0000][30964][safepoint    ] Safepoint "Cleanup", Time since last: 1000451600 ns, Reaching safepoint: 111100 ns, At safepoint: 6300 ns, Total: 117400 ns
[2020-09-28T09:14:11.187+0000][30964][safepoint    ] Safepoint "Cleanup", Time since last: 2000405200 ns, Reaching safepoint: 137100 ns, At safepoint: 2900 ns, Total: 140000 ns
[2020-09-28T09:14:12.188+0000][30964][safepoint    ] Safepoint "Cleanup", Time since last: 1000396000 ns, Reaching safepoint: 98700 ns, At safepoint: 3200 ns, Total: 101900 ns
[2020-09-28T09:14:13.188+0000][30964][safepoint    ] Safepoint "Cleanup", Time since last: 1000420000 ns, Reaching safepoint: 137200 ns, At safepoint: 6900 ns, Total: 144100 ns
[2020-09-28T09:14:14.189+0000][30964][safepoint    ] Safepoint "Cleanup", Time since last: 1000564800 ns, Reaching safepoint: 111600 ns, At safepoint: 5800 ns, Total: 117400 ns
[2020-09-28T09:14:15.189+0000][30964][safepoint    ] Safepoint "Cleanup", Time since last: 1000495100 ns, Reaching safepoint: 121000 ns, At safepoint: 5800 ns, Total: 126800 ns
[2020-09-28T09:14:16.190+0000][30964][safepoint    ] Safepoint "Cleanup", Time since last: 1000663500 ns, Reaching safepoint: 98200 ns, At safepoint: 4000 ns, Total: 102200 ns
[2020-09-28T09:14:17.191+0000][30964][safepoint    ] Safepoint "Cleanup", Time since last: 1000837200 ns, Reaching safepoint: 139900 ns, At safepoint: 6700 ns, Total: 146600 ns
[2020-09-28T09:14:18.192+0000][30964][safepoint    ] Safepoint "Cleanup", Time since last: 1000591400 ns, Reaching safepoint: 110700 ns, At safepoint: 5400 ns, Total: 116100 ns
[2020-09-28T09:14:19.192+0000][30964][safepoint    ] Safepoint "Cleanup", Time since last: 1000009700 ns, Reaching safepoint: 123900 ns, At safepoint: 5100 ns, Total: 129000 ns
[2020-09-28T09:14:20.192+0000][30964][safepoint    ] Safepoint "Cleanup", Time since last: 1000087400 ns, Reaching safepoint: 98300 ns, At safepoint: 9500 ns, Total: 107800 ns
[2020-09-28T09:14:21.193+0000][30964][safepoint    ] Safepoint "Cleanup", Time since last: 1000874900 ns, Reaching safepoint: 172100 ns, At safepoint: 5700 ns, Total: 177800 ns
[2020-09-28T09:14:22.194+0000][30964][safepoint    ] Safepoint "Cleanup", Time since last: 1000262100 ns, Reaching safepoint: 127600 ns, At safepoint: 4100 ns, Total: 131700 ns
[2020-09-28T09:14:23.194+0000][30964][safepoint    ] Safepoint "Cleanup", Time since last: 1000152600 ns, Reaching safepoint: 134200 ns, At safepoint: 6700 ns, Total: 140900 ns
[2020-09-28T09:14:24.195+0000][30964][safepoint    ] Safepoint "Cleanup", Time since last: 1000502100 ns, Reaching safepoint: 98900 ns, At safepoint: 5900 ns, Total: 104800 ns
[2020-09-28T09:14:25.195+0000][30964][safepoint    ] Safepoint "Cleanup", Time since last: 1000482200 ns, Reaching safepoint: 137500 ns, At safepoint: 23000 ns, Total: 160500 ns
[2020-09-28T09:14:26.196+0000][30964][safepoint    ] Safepoint "Cleanup", Time since last: 1000166400 ns, Reaching safepoint: 120700 ns, At safepoint: 7000 ns, Total: 127700 ns
[2020-09-28T09:14:27.196+0000][30964][safepoint    ] Safepoint "Cleanup", Time since last: 1000185300 ns, Reaching safepoint: 113900 ns, At safepoint: 6400 ns, Total: 120300 ns
[2020-09-28T09:14:28.196+0000][30964][safepoint    ] Safepoint "Cleanup", Time since last: 1000095600 ns, Reaching safepoint: 98700 ns, At safepoint: 6300 ns, Total: 105000 ns
[2020-09-28T09:14:29.196+0000][30964][safepoint    ] Safepoint "Cleanup", Time since last: 1000253700 ns, Reaching safepoint: 108400 ns, At safepoint: 6800 ns, Total: 115200 ns
[2020-09-28T09:14:30.197+0000][30964][safepoint    ] Safepoint "Cleanup", Time since last: 1000485600 ns, Reaching safepoint: 128700 ns, At safepoint: 6200 ns, Total: 134900 ns
[2020-09-28T09:14:31.198+0000][30964][safepoint    ] Safepoint "Cleanup", Time since last: 1000356900 ns, Reaching safepoint: 123100 ns, At safepoint: 7800 ns, Total: 130900 ns
[2020-09-28T09:14:33.199+0000][30964][safepoint    ] Safepoint "Cleanup", Time since last: 2000640600 ns, Reaching safepoint: 173000 ns, At safepoint: 5700 ns, Total: 178700 ns
[2020-09-28T09:14:34.199+0000][30964][safepoint    ] Safepoint "Cleanup", Time since last: 1000003100 ns, Reaching safepoint: 126600 ns, At safepoint: 4200 ns, Total: 130800 ns
[2020-09-28T09:14:35.199+0000][30964][safepoint    ] Safepoint "Cleanup", Time since last: 1000578700 ns, Reaching safepoint: 115400 ns, At safepoint: 5700 ns, Total: 121100 ns
[2020-09-28T09:14:36.200+0000][30964][safepoint    ] Safepoint "Cleanup", Time since last: 1000319300 ns, Reaching safepoint: 122000 ns, At safepoint: 6000 ns, Total: 128000 ns
[2020-09-28T09:14:37.200+0000][30964][safepoint    ] Safepoint "Cleanup", Time since last: 1000302300 ns, Reaching safepoint: 92700 ns, At safepoint: 6500 ns, Total: 99200 ns
[2020-09-28T09:14:39.200+0000][30964][safepoint    ] Safepoint "Cleanup", Time since last: 2000144700 ns, Reaching safepoint: 115500 ns, At safepoint: 6300 ns, Total: 121800 ns
[2020-09-28T09:14:40.201+0000][30964][safepoint    ] Safepoint "Cleanup", Time since last: 1000185200 ns, Reaching safepoint: 108300 ns, At safepoint: 6400 ns, Total: 114700 ns
[2020-09-28T09:14:41.250+0000][30964][safepoint    ] Safepoint "Cleanup", Time since last: 1049108000 ns, Reaching safepoint: 103900 ns, At safepoint: 33600 ns, Total: 137500 ns
[2020-09-28T09:14:42.251+0000][30964][safepoint    ] Safepoint "Cleanup", Time since last: 1001013800 ns, Reaching safepoint: 126100 ns, At safepoint: 5400 ns, Total: 131500 ns
[2020-09-28T09:14:43.251+0000][30964][safepoint    ] Safepoint "Cleanup", Time since last: 1000157900 ns, Reaching safepoint: 131000 ns, At safepoint: 6100 ns, Total: 137100 ns
[2020-09-28T09:14:44.252+0000][30964][safepoint    ] Safepoint "Cleanup", Time since last: 1000370800 ns, Reaching safepoint: 101400 ns, At safepoint: 5800 ns, Total: 107200 ns
[2020-09-28T09:14:45.253+0000][30964][safepoint    ] Safepoint "Cleanup", Time since last: 1000888500 ns, Reaching safepoint: 109400 ns, At safepoint: 5600 ns, Total: 115000 ns
[2020-09-28T09:14:46.253+0000][30964][safepoint    ] Safepoint "Cleanup", Time since last: 1000238400 ns, Reaching safepoint: 165100 ns, At safepoint: 5800 ns, Total: 170900 ns
[2020-09-28T09:14:47.254+0000][30964][safepoint    ] Safepoint "Cleanup", Time since last: 1000732000 ns, Reaching safepoint: 120400 ns, At safepoint: 3600 ns, Total: 124000 ns
[2020-09-28T09:14:48.255+0000][30964][safepoint    ] Safepoint "Cleanup", Time since last: 1000276200 ns, Reaching safepoint: 93400 ns, At safepoint: 3300 ns, Total: 96700 ns
[2020-09-28T09:14:49.255+0000][30964][safepoint    ] Safepoint "Cleanup", Time since last: 1000562100 ns, Reaching safepoint: 146200 ns, At safepoint: 5700 ns, Total: 151900 ns
[2020-09-28T09:14:50.256+0000][30964][safepoint    ] Safepoint "Cleanup", Time since last: 1000757100 ns, Reaching safepoint: 100600 ns, At safepoint: 6600 ns, Total: 107200 ns
[2020-09-28T09:14:51.257+0000][30964][safepoint    ] Safepoint "Cleanup", Time since last: 1000261200 ns, Reaching safepoint: 125900 ns, At safepoint: 8500 ns, Total: 134400 ns
[2020-09-28T09:14:52.257+0000][30964][safepoint    ] Safepoint "Cleanup", Time since last: 1000252400 ns, Reaching safepoint: 189000 ns, At safepoint: 8600 ns, Total: 197600 ns
[2020-09-28T09:14:53.257+0000][30964][safepoint    ] Safepoint "Cleanup", Time since last: 1000174200 ns, Reaching safepoint: 204200 ns, At safepoint: 7100 ns, Total: 211300 ns
[2020-09-28T09:14:54.258+0000][30964][safepoint    ] Safepoint "Cleanup", Time since last: 1000367300 ns, Reaching safepoint: 521900 ns, At safepoint: 26200 ns, Total: 548100 ns
[2020-09-28T09:14:55.259+0000][30964][safepoint    ] Safepoint "Cleanup", Time since last: 1000272600 ns, Reaching safepoint: 139000 ns, At safepoint: 5200 ns, Total: 144200 ns
[2020-09-28T09:14:56.381+0000][30964][safepoint    ] Safepoint "Cleanup", Time since last: 1121810400 ns, Reaching safepoint: 128400 ns, At safepoint: 7900 ns, Total: 136300 ns
[2020-09-28T09:14:57.381+0000][30964][safepoint    ] Safepoint "Cleanup", Time since last: 1000478000 ns, Reaching safepoint: 125400 ns, At safepoint: 14900 ns, Total: 140300 ns
[2020-09-28T09:14:59.382+0000][30964][safepoint    ] Safepoint "Cleanup", Time since last: 2000762800 ns, Reaching safepoint: 123600 ns, At safepoint: 5400 ns, Total: 129000 ns
[2020-09-28T09:15:01.383+0000][30964][safepoint    ] Safepoint "Cleanup", Time since last: 2000284700 ns, Reaching safepoint: 116900 ns, At safepoint: 6500 ns, Total: 123400 ns
[2020-09-28T09:15:03.383+0000][30964][safepoint    ] Safepoint "Cleanup", Time since last: 2000255300 ns, Reaching safepoint: 181900 ns, At safepoint: 5500 ns, Total: 187400 ns
[2020-09-28T09:15:04.384+0000][30964][safepoint    ] Safepoint "Cleanup", Time since last: 1000584800 ns, Reaching safepoint: 179300 ns, At safepoint: 4800 ns, Total: 184100 ns
[2020-09-28T09:15:05.385+0000][30964][safepoint    ] Safepoint "Cleanup", Time since last: 1000549500 ns, Reaching safepoint: 111400 ns, At safepoint: 6700 ns, Total: 118100 ns
[2020-09-28T09:15:06.385+0000][30964][safepoint    ] Safepoint "Cleanup", Time since last: 1000052000 ns, Reaching safepoint: 172200 ns, At safepoint: 5500 ns, Total: 177700 ns
[2020-09-28T09:15:08.385+0000][30964][safepoint    ] Safepoint "Cleanup", Time since last: 2000112500 ns, Reaching safepoint: 110600 ns, At safepoint: 5900 ns, Total: 116500 ns
[2020-09-28T09:15:09.385+0000][30964][safepoint    ] Safepoint "Cleanup", Time since last: 1000162500 ns, Reaching safepoint: 110900 ns, At safepoint: 7100 ns, Total: 118000 ns
[2020-09-28T09:15:10.386+0000][30964][safepoint    ] Safepoint "Cleanup", Time since last: 1000559400 ns, Reaching safepoint: 114300 ns, At safepoint: 8300 ns, Total: 122600 ns
[2020-09-28T09:15:11.386+0000][30964][safepoint    ] Safepoint "Cleanup", Time since last: 1000171200 ns, Reaching safepoint: 153200 ns, At safepoint: 6500 ns, Total: 159700 ns
[2020-09-28T09:15:12.387+0000][30964][safepoint    ] Safepoint "Cleanup", Time since last: 1000051400 ns, Reaching safepoint: 123800 ns, At safepoint: 6500 ns, Total: 130300 ns
[2020-09-28T09:15:13.387+0000][30964][safepoint    ] Safepoint "Cleanup", Time since last: 1000453900 ns, Reaching safepoint: 159800 ns, At safepoint: 6300 ns, Total: 166100 ns
[2020-09-28T09:15:15.388+0000][30964][safepoint    ] Safepoint "Cleanup", Time since last: 2000831500 ns, Reaching safepoint: 106500 ns, At safepoint: 6300 ns, Total: 112800 ns
[2020-09-28T09:15:16.389+0000][30964][safepoint    ] Safepoint "Cleanup", Time since last: 1000924700 ns, Reaching safepoint: 141000 ns, At safepoint: 9000 ns, Total: 150000 ns
[2020-09-28T09:15:17.390+0000][30964][safepoint    ] Safepoint "Cleanup", Time since last: 1000437300 ns, Reaching safepoint: 126600 ns, At safepoint: 6100 ns, Total: 132700 ns
[2020-09-28T09:15:18.390+0000][30964][safepoint    ] Safepoint "Cleanup", Time since last: 1000387100 ns, Reaching safepoint: 132100 ns, At safepoint: 6100 ns, Total: 138200 ns
[2020-09-28T09:15:19.391+0000][30964][safepoint    ] Safepoint "Cleanup", Time since last: 1000274600 ns, Reaching safepoint: 113000 ns, At safepoint: 5000 ns, Total: 118000 ns
[2020-09-28T09:15:20.391+0000][30964][safepoint    ] Safepoint "Cleanup", Time since last: 1000431100 ns, Reaching safepoint: 141300 ns, At safepoint: 5600 ns, Total: 146900 ns
[2020-09-28T09:15:21.392+0000][30964][safepoint    ] Safepoint "Cleanup", Time since last: 1000197700 ns, Reaching safepoint: 148400 ns, At safepoint: 5400 ns, Total: 153800 ns
[2020-09-28T09:15:23.393+0000][30964][safepoint    ] Safepoint "Cleanup", Time since last: 2000784900 ns, Reaching safepoint: 150500 ns, At safepoint: 5900 ns, Total: 156400 ns
[2020-09-28T09:15:24.393+0000][30964][safepoint    ] Safepoint "Cleanup", Time since last: 1000632500 ns, Reaching safepoint: 112100 ns, At safepoint: 5100 ns, Total: 117200 ns
[2020-09-28T09:15:26.394+0000][30964][safepoint    ] Safepoint "Cleanup", Time since last: 2000035600 ns, Reaching safepoint: 126700 ns, At safepoint: 5800 ns, Total: 132500 ns
[2020-09-28T09:15:27.394+0000][30964][safepoint    ] Safepoint "Cleanup", Time since last: 1000127300 ns, Reaching safepoint: 105500 ns, At safepoint: 5800 ns, Total: 111300 ns
[2020-09-28T09:15:28.394+0000][30964][safepoint    ] Safepoint "Cleanup", Time since last: 1000334900 ns, Reaching safepoint: 117900 ns, At safepoint: 4100 ns, Total: 122000 ns
[2020-09-28T09:15:29.395+0000][30964][safepoint    ] Safepoint "Cleanup", Time since last: 1000067800 ns, Reaching safepoint: 113300 ns, At safepoint: 5700 ns, Total: 119000 ns
[2020-09-28T09:15:30.395+0000][30964][safepoint    ] Safepoint "Cleanup", Time since last: 1000329200 ns, Reaching safepoint: 139500 ns, At safepoint: 6800 ns, Total: 146300 ns
[2020-09-28T09:15:31.396+0000][30964][safepoint    ] Safepoint "Cleanup", Time since last: 1000318500 ns, Reaching safepoint: 100500 ns, At safepoint: 7900 ns, Total: 108400 ns
[2020-09-28T09:15:32.396+0000][30964][safepoint    ] Safepoint "Cleanup", Time since last: 1000666600 ns, Reaching safepoint: 151800 ns, At safepoint: 5300 ns, Total: 157100 ns
[2020-09-28T09:15:33.396+0000][30964][safepoint    ] Safepoint "Cleanup", Time since last: 1000026300 ns, Reaching safepoint: 145700 ns, At safepoint: 6100 ns, Total: 151800 ns
[2020-09-28T09:15:34.397+0000][30964][safepoint    ] Safepoint "Cleanup", Time since last: 1000455400 ns, Reaching safepoint: 120100 ns, At safepoint: 6300 ns, Total: 126400 ns
[2020-09-28T09:15:35.398+0000][30964][safepoint    ] Safepoint "Cleanup", Time since last: 1000672300 ns, Reaching safepoint: 189000 ns, At safepoint: 5700 ns, Total: 194700 ns
[2020-09-28T09:15:37.398+0000][30964][safepoint    ] Safepoint "Cleanup", Time since last: 2000332900 ns, Reaching safepoint: 152000 ns, At safepoint: 5500 ns, Total: 157500 ns
[2020-09-28T09:15:38.399+0000][30964][safepoint    ] Safepoint "Cleanup", Time since last: 1000012800 ns, Reaching safepoint: 116000 ns, At safepoint: 7500 ns, Total: 123500 ns
[2020-09-28T09:15:39.399+0000][30964][safepoint    ] Safepoint "Cleanup", Time since last: 1000238500 ns, Reaching safepoint: 100700 ns, At safepoint: 6000 ns, Total: 106700 ns
[2020-09-28T09:15:40.400+0000][30964][safepoint    ] Safepoint "Cleanup", Time since last: 1000618800 ns, Reaching safepoint: 110000 ns, At safepoint: 6100 ns, Total: 116100 ns
[2020-09-28T09:15:41.401+0000][30964][safepoint    ] Safepoint "Cleanup", Time since last: 1000828300 ns, Reaching safepoint: 297100 ns, At safepoint: 25200 ns, Total: 322300 ns
[2020-09-28T09:15:42.401+0000][30964][safepoint    ] Safepoint "Cleanup", Time since last: 1000259600 ns, Reaching safepoint: 240800 ns, At safepoint: 8000 ns, Total: 248800 ns
[2020-09-28T09:15:43.402+0000][30964][safepoint    ] Safepoint "Cleanup", Time since last: 1000035400 ns, Reaching safepoint: 135200 ns, At safepoint: 6100 ns, Total: 141300 ns
[2020-09-28T09:15:44.402+0000][30964][safepoint    ] Safepoint "Cleanup", Time since last: 1000028000 ns, Reaching safepoint: 436600 ns, At safepoint: 24600 ns, Total: 461200 ns
[2020-09-28T09:15:46.403+0000][30964][safepoint    ] Safepoint "Cleanup", Time since last: 2000670800 ns, Reaching safepoint: 105200 ns, At safepoint: 7300 ns, Total: 112500 ns
[2020-09-28T09:15:47.403+0000][30964][safepoint    ] Safepoint "Cleanup", Time since last: 1000184400 ns, Reaching safepoint: 388700 ns, At safepoint: 6600 ns, Total: 395300 ns
[2020-09-28T09:15:49.404+0000][30964][safepoint    ] Safepoint "Cleanup", Time since last: 1999977000 ns, Reaching safepoint: 99000 ns, At safepoint: 7000 ns, Total: 106000 ns
[2020-09-28T09:15:50.405+0000][30964][safepoint    ] Safepoint "Cleanup", Time since last: 1000853900 ns, Reaching safepoint: 136400 ns, At safepoint: 5200 ns, Total: 141600 ns
[2020-09-28T09:15:51.405+0000][30964][safepoint    ] Safepoint "Cleanup", Time since last: 1000659800 ns, Reaching safepoint: 102700 ns, At safepoint: 4000 ns, Total: 106700 ns
[2020-09-28T09:15:52.406+0000][30964][safepoint    ] Safepoint "Cleanup", Time since last: 1000055500 ns, Reaching safepoint: 127000 ns, At safepoint: 4100 ns, Total: 131100 ns
[2020-09-28T09:15:53.406+0000][30964][safepoint    ] Safepoint "Cleanup", Time since last: 1000545400 ns, Reaching safepoint: 134500 ns, At safepoint: 6400 ns, Total: 140900 ns
[2020-09-28T09:15:55.305+0000][30964][safepoint    ] Safepoint "Cleanup", Time since last: 1897941600 ns, Reaching safepoint: 108000 ns, At safepoint: 65700 ns, Total: 173700 ns
[2020-09-28T09:15:56.305+0000][30964][safepoint    ] Safepoint "Cleanup", Time since last: 1000542000 ns, Reaching safepoint: 156400 ns, At safepoint: 5100 ns, Total: 161500 ns
[2020-09-28T09:15:58.305+0000][30964][safepoint    ] Safepoint "Cleanup", Time since last: 2000161900 ns, Reaching safepoint: 109100 ns, At safepoint: 5500 ns, Total: 114600 ns
[2020-09-28T09:15:59.306+0000][30964][safepoint    ] Safepoint "Cleanup", Time since last: 1000526300 ns, Reaching safepoint: 138400 ns, At safepoint: 5400 ns, Total: 143800 ns
[2020-09-28T09:16:00.306+0000][30964][safepoint    ] Safepoint "Cleanup", Time since last: 1000112400 ns, Reaching safepoint: 115300 ns, At safepoint: 6000 ns, Total: 121300 ns
[2020-09-28T09:16:02.306+0000][30964][safepoint    ] Safepoint "Cleanup", Time since last: 2000025000 ns, Reaching safepoint: 114900 ns, At safepoint: 6100 ns, Total: 121000 ns
[2020-09-28T09:16:03.307+0000][30964][safepoint    ] Safepoint "Cleanup", Time since last: 1000753700 ns, Reaching safepoint: 152500 ns, At safepoint: 6200 ns, Total: 158700 ns
[2020-09-28T09:16:04.308+0000][30964][safepoint    ] Safepoint "Cleanup", Time since last: 1000272000 ns, Reaching safepoint: 180700 ns, At safepoint: 9500 ns, Total: 190200 ns
[2020-09-28T09:16:05.309+0000][30964][safepoint    ] Safepoint "Cleanup", Time since last: 1000641300 ns, Reaching safepoint: 141200 ns, At safepoint: 10100 ns, Total: 151300 ns
[2020-09-28T09:16:07.309+0000][30964][safepoint    ] Safepoint "Cleanup", Time since last: 2000089400 ns, Reaching safepoint: 168300 ns, At safepoint: 6600 ns, Total: 174900 ns
[2020-09-28T09:16:08.310+0000][30964][safepoint    ] Safepoint "Cleanup", Time since last: 1000710300 ns, Reaching safepoint: 122300 ns, At safepoint: 6900 ns, Total: 129200 ns
[2020-09-28T09:16:09.310+0000][30964][safepoint    ] Safepoint "Cleanup", Time since last: 1000352400 ns, Reaching safepoint: 128500 ns, At safepoint: 7200 ns, Total: 135700 ns
[2020-09-28T09:16:10.311+0000][30964][safepoint    ] Safepoint "Cleanup", Time since last: 1000317900 ns, Reaching safepoint: 118100 ns, At safepoint: 7900 ns, Total: 126000 ns
[2020-09-28T09:16:11.311+0000][30964][safepoint    ] Safepoint "Cleanup", Time since last: 1000191500 ns, Reaching safepoint: 127300 ns, At safepoint: 7100 ns, Total: 134400 ns
[2020-09-28T09:16:12.312+0000][30964][safepoint    ] Safepoint "Cleanup", Time since last: 1000387500 ns, Reaching safepoint: 122900 ns, At safepoint: 10300 ns, Total: 133200 ns
[2020-09-28T09:16:13.312+0000][30964][safepoint    ] Safepoint "Cleanup", Time since last: 1000696100 ns, Reaching safepoint: 119200 ns, At safepoint: 4200 ns, Total: 123400 ns
[2020-09-28T09:16:15.313+0000][30964][safepoint    ] Safepoint "Cleanup", Time since last: 2000406900 ns, Reaching safepoint: 174600 ns, At safepoint: 6000 ns, Total: 180600 ns
[2020-09-28T09:16:16.313+0000][30964][safepoint    ] Safepoint "Cleanup", Time since last: 1000225900 ns, Reaching safepoint: 357400 ns, At safepoint: 17100 ns, Total: 374500 ns
[2020-09-28T09:16:18.314+0000][30964][safepoint    ] Safepoint "Cleanup", Time since last: 2000467000 ns, Reaching safepoint: 263400 ns, At safepoint: 66100 ns, Total: 329500 ns
[2020-09-28T09:16:19.316+0000][30964][safepoint    ] Safepoint "Cleanup", Time since last: 1001550500 ns, Reaching safepoint: 101300 ns, At safepoint: 6700 ns, Total: 108000 ns
[2020-09-28T09:16:20.317+0000][30964][safepoint    ] Safepoint "Cleanup", Time since last: 1000776800 ns, Reaching safepoint: 128000 ns, At safepoint: 5100 ns, Total: 133100 ns
[2020-09-28T09:16:21.317+0000][30964][safepoint    ] Safepoint "Cleanup", Time since last: 1000172000 ns, Reaching safepoint: 107400 ns, At safepoint: 7600 ns, Total: 115000 ns
[2020-09-28T09:16:22.318+0000][30964][safepoint    ] Safepoint "Cleanup", Time since last: 1000673400 ns, Reaching safepoint: 138000 ns, At safepoint: 6400 ns, Total: 144400 ns
[2020-09-28T09:16:23.319+0000][30964][safepoint    ] Safepoint "Cleanup", Time since last: 1000276100 ns, Reaching safepoint: 120200 ns, At safepoint: 5600 ns, Total: 125800 ns
[2020-09-28T09:16:24.319+0000][30964][safepoint    ] Safepoint "Cleanup", Time since last: 1000246200 ns, Reaching safepoint: 119400 ns, At safepoint: 8000 ns, Total: 127400 ns
[2020-09-28T09:16:25.319+0000][30964][safepoint    ] Safepoint "Cleanup", Time since last: 1000015900 ns, Reaching safepoint: 143000 ns, At safepoint: 7000 ns, Total: 150000 ns
[2020-09-28T09:16:26.320+0000][30964][safepoint    ] Safepoint "Cleanup", Time since last: 1000337000 ns, Reaching safepoint: 154500 ns, At safepoint: 5300 ns, Total: 159800 ns
[2020-09-28T09:16:27.320+0000][30964][safepoint    ] Safepoint "Cleanup", Time since last: 1000397900 ns, Reaching safepoint: 139000 ns, At safepoint: 6000 ns, Total: 145000 ns
[2020-09-28T09:16:29.321+0000][30964][safepoint    ] Safepoint "Cleanup", Time since last: 2000589400 ns, Reaching safepoint: 185000 ns, At safepoint: 25900 ns, Total: 210900 ns
[2020-09-28T09:16:30.321+0000][30964][safepoint    ] Safepoint "Cleanup", Time since last: 1000182200 ns, Reaching safepoint: 169600 ns, At safepoint: 6300 ns, Total: 175900 ns
[2020-09-28T09:16:32.322+0000][30964][safepoint    ] Safepoint "Cleanup", Time since last: 2000772500 ns, Reaching safepoint: 122400 ns, At safepoint: 4300 ns, Total: 126700 ns
[2020-09-28T09:16:33.323+0000][30964][safepoint    ] Safepoint "Cleanup", Time since last: 1000196800 ns, Reaching safepoint: 133500 ns, At safepoint: 6900 ns, Total: 140400 ns
[2020-09-28T09:16:34.323+0000][30964][safepoint    ] Safepoint "Cleanup", Time since last: 1000310200 ns, Reaching safepoint: 122200 ns, At safepoint: 5600 ns, Total: 127800 ns
[2020-09-28T09:16:35.324+0000][30964][safepoint    ] Safepoint "Cleanup", Time since last: 1000740500 ns, Reaching safepoint: 139800 ns, At safepoint: 6300 ns, Total: 146100 ns
[2020-09-28T09:16:36.324+0000][30964][safepoint    ] Safepoint "Cleanup", Time since last: 1000351000 ns, Reaching safepoint: 121600 ns, At safepoint: 6300 ns, Total: 127900 ns
[2020-09-28T09:16:38.325+0000][30964][safepoint    ] Safepoint "Cleanup", Time since last: 2000757000 ns, Reaching safepoint: 129100 ns, At safepoint: 5800 ns, Total: 134900 ns
[2020-09-28T09:16:39.326+0000][30964][safepoint    ] Safepoint "Cleanup", Time since last: 1000496500 ns, Reaching safepoint: 113400 ns, At safepoint: 7700 ns, Total: 121100 ns
[2020-09-28T09:16:40.326+0000][30964][safepoint    ] Safepoint "Cleanup", Time since last: 1000246500 ns, Reaching safepoint: 139200 ns, At safepoint: 6200 ns, Total: 145400 ns
[2020-09-28T09:16:41.327+0000][30964][safepoint    ] Safepoint "Cleanup", Time since last: 1000835400 ns, Reaching safepoint: 114800 ns, At safepoint: 6400 ns, Total: 121200 ns
[2020-09-28T09:16:42.328+0000][30964][safepoint    ] Safepoint "Cleanup", Time since last: 1000500800 ns, Reaching safepoint: 125500 ns, At safepoint: 5900 ns, Total: 131400 ns
[2020-09-28T09:16:43.329+0000][30964][safepoint    ] Safepoint "Cleanup", Time since last: 1000410300 ns, Reaching safepoint: 125100 ns, At safepoint: 7100 ns, Total: 132200 ns
[2020-09-28T09:16:44.329+0000][30964][safepoint    ] Safepoint "Cleanup", Time since last: 1000065100 ns, Reaching safepoint: 133700 ns, At safepoint: 7900 ns, Total: 141600 ns
[2020-09-28T09:16:45.329+0000][30964][safepoint    ] Safepoint "Cleanup", Time since last: 1000214000 ns, Reaching safepoint: 111400 ns, At safepoint: 6600 ns, Total: 118000 ns
[2020-09-28T09:16:46.330+0000][30964][safepoint    ] Safepoint "Cleanup", Time since last: 1000505800 ns, Reaching safepoint: 109200 ns, At safepoint: 5200 ns, Total: 114400 ns
[2020-09-28T09:16:48.330+0000][30964][safepoint    ] Safepoint "Cleanup", Time since last: 1999974400 ns, Reaching safepoint: 138000 ns, At safepoint: 5900 ns, Total: 143900 ns
[2020-09-28T09:16:49.330+0000][30964][safepoint    ] Safepoint "Cleanup", Time since last: 1000136600 ns, Reaching safepoint: 152900 ns, At safepoint: 5800 ns, Total: 158700 ns
[2020-09-28T09:16:50.331+0000][30964][safepoint    ] Safepoint "Cleanup", Time since last: 1000570500 ns, Reaching safepoint: 114400 ns, At safepoint: 6800 ns, Total: 121200 ns
[2020-09-28T09:16:51.332+0000][30964][safepoint    ] Safepoint "Cleanup", Time since last: 1000742900 ns, Reaching safepoint: 99900 ns, At safepoint: 19900 ns, Total: 119800 ns
[2020-09-28T09:16:52.332+0000][30964][safepoint    ] Safepoint "Cleanup", Time since last: 1000517900 ns, Reaching safepoint: 110900 ns, At safepoint: 7200 ns, Total: 118100 ns
[2020-09-28T09:16:53.333+0000][30964][safepoint    ] Safepoint "Cleanup", Time since last: 1000460800 ns, Reaching safepoint: 123600 ns, At safepoint: 3800 ns, Total: 127400 ns
[2020-09-28T09:16:54.334+0000][30964][safepoint    ] Safepoint "Cleanup", Time since last: 1000705400 ns, Reaching safepoint: 146700 ns, At safepoint: 5600 ns, Total: 152300 ns
[2020-09-28T09:16:55.335+0000][30964][safepoint    ] Safepoint "Cleanup", Time since last: 1000763300 ns, Reaching safepoint: 167400 ns, At safepoint: 18600 ns, Total: 186000 ns
[2020-09-28T09:16:56.335+0000][30964][safepoint    ] Safepoint "Cleanup", Time since last: 1000476500 ns, Reaching safepoint: 162600 ns, At safepoint: 20700 ns, Total: 183300 ns
[2020-09-28T09:16:57.336+0000][30964][safepoint    ] Safepoint "Cleanup", Time since last: 1000236100 ns, Reaching safepoint: 135000 ns, At safepoint: 5500 ns, Total: 140500 ns
[2020-09-28T09:16:59.336+0000][30964][safepoint    ] Safepoint "Cleanup", Time since last: 2000363900 ns, Reaching safepoint: 464400 ns, At safepoint: 12300 ns, Total: 476700 ns
[2020-09-28T09:17:01.337+0000][30964][safepoint    ] Safepoint "Cleanup", Time since last: 1999926200 ns, Reaching safepoint: 96200 ns, At safepoint: 2900 ns, Total: 99100 ns
[2020-09-28T09:17:02.337+0000][30964][safepoint    ] Safepoint "Cleanup", Time since last: 1000168000 ns, Reaching safepoint: 109900 ns, At safepoint: 6300 ns, Total: 116200 ns
[2020-09-28T09:17:03.337+0000][30964][safepoint    ] Safepoint "Cleanup", Time since last: 1000321900 ns, Reaching safepoint: 155500 ns, At safepoint: 6200 ns, Total: 161700 ns
[2020-09-28T09:17:05.338+0000][30964][safepoint    ] Safepoint "Cleanup", Time since last: 2000812500 ns, Reaching safepoint: 129000 ns, At safepoint: 5900 ns, Total: 134900 ns
[2020-09-28T09:17:06.339+0000][30964][safepoint    ] Safepoint "Cleanup", Time since last: 1000605900 ns, Reaching safepoint: 178700 ns, At safepoint: 13800 ns, Total: 192500 ns
[2020-09-28T09:17:07.340+0000][30964][safepoint    ] Safepoint "Cleanup", Time since last: 1000555800 ns, Reaching safepoint: 118600 ns, At safepoint: 5900 ns, Total: 124500 ns
[2020-09-28T09:17:08.341+0000][30964][safepoint    ] Safepoint "Cleanup", Time since last: 1000658000 ns, Reaching safepoint: 116600 ns, At safepoint: 6500 ns, Total: 123100 ns
[2020-09-28T09:17:09.341+0000][30964][safepoint    ] Safepoint "Cleanup", Time since last: 1000088600 ns, Reaching safepoint: 120900 ns, At safepoint: 8300 ns, Total: 129200 ns
[2020-09-28T09:17:10.342+0000][30964][safepoint    ] Safepoint "Cleanup", Time since last: 1000579400 ns, Reaching safepoint: 122900 ns, At safepoint: 5000 ns, Total: 127900 ns
[2020-09-28T09:17:11.343+0000][30964][safepoint    ] Safepoint "Cleanup", Time since last: 1000724900 ns, Reaching safepoint: 153200 ns, At safepoint: 5000 ns, Total: 158200 ns
[2020-09-28T09:17:12.343+0000][30964][safepoint    ] Safepoint "Cleanup", Time since last: 1000361700 ns, Reaching safepoint: 145400 ns, At safepoint: 6400 ns, Total: 151800 ns
[2020-09-28T09:17:13.344+0000][30964][safepoint    ] Safepoint "Cleanup", Time since last: 1000314400 ns, Reaching safepoint: 190400 ns, At safepoint: 9500 ns, Total: 199900 ns
[2020-09-28T09:17:14.344+0000][30964][safepoint    ] Safepoint "Cleanup", Time since last: 1000117800 ns, Reaching safepoint: 109800 ns, At safepoint: 6300 ns, Total: 116100 ns
[2020-09-28T09:17:15.344+0000][30964][safepoint    ] Safepoint "Cleanup", Time since last: 1000186400 ns, Reaching safepoint: 140600 ns, At safepoint: 6100 ns, Total: 146700 ns
[2020-09-28T09:17:17.345+0000][30964][safepoint    ] Safepoint "Cleanup", Time since last: 2000623200 ns, Reaching safepoint: 104900 ns, At safepoint: 5400 ns, Total: 110300 ns
[2020-09-28T09:17:18.346+0000][30964][safepoint    ] Safepoint "Cleanup", Time since last: 1000749800 ns, Reaching safepoint: 116000 ns, At safepoint: 6000 ns, Total: 122000 ns
[2020-09-28T09:17:19.346+0000][30964][safepoint    ] Safepoint "Cleanup", Time since last: 1000215300 ns, Reaching safepoint: 117200 ns, At safepoint: 7300 ns, Total: 124500 ns
[2020-09-28T09:17:21.221+0000][30964][safepoint    ] Safepoint "Cleanup", Time since last: 1874564100 ns, Reaching safepoint: 144800 ns, At safepoint: 8200 ns, Total: 153000 ns
[2020-09-28T09:17:22.222+0000][30964][safepoint    ] Safepoint "Cleanup", Time since last: 1000496900 ns, Reaching safepoint: 220600 ns, At safepoint: 4400 ns, Total: 225000 ns
[2020-09-28T09:17:23.222+0000][30964][safepoint    ] Safepoint "Cleanup", Time since last: 1000035000 ns, Reaching safepoint: 208800 ns, At safepoint: 11000 ns, Total: 219800 ns
[2020-09-28T09:17:24.223+0000][30964][safepoint    ] Safepoint "Cleanup", Time since last: 1000801500 ns, Reaching safepoint: 127100 ns, At safepoint: 3600 ns, Total: 130700 ns
[2020-09-28T09:17:25.223+0000][30964][safepoint    ] Safepoint "Cleanup", Time since last: 1000325600 ns, Reaching safepoint: 125100 ns, At safepoint: 9600 ns, Total: 134700 ns
[2020-09-28T09:17:27.225+0000][30964][safepoint    ] Safepoint "Cleanup", Time since last: 2001001400 ns, Reaching safepoint: 118800 ns, At safepoint: 8100 ns, Total: 126900 ns
[2020-09-28T09:17:28.225+0000][30964][safepoint    ] Safepoint "Cleanup", Time since last: 1000307000 ns, Reaching safepoint: 187000 ns, At safepoint: 5900 ns, Total: 192900 ns
[2020-09-28T09:17:29.226+0000][30964][safepoint    ] Safepoint "Cleanup", Time since last: 1000442000 ns, Reaching safepoint: 158600 ns, At safepoint: 6000 ns, Total: 164600 ns
[2020-09-28T09:17:30.226+0000][30964][safepoint    ] Safepoint "Cleanup", Time since last: 1000249800 ns, Reaching safepoint: 105500 ns, At safepoint: 19200 ns, Total: 124700 ns
[2020-09-28T09:17:31.226+0000][30964][safepoint    ] Safepoint "Cleanup", Time since last: 1000222100 ns, Reaching safepoint: 107500 ns, At safepoint: 8000 ns, Total: 115500 ns
[2020-09-28T09:17:32.227+0000][30964][safepoint    ] Safepoint "Cleanup", Time since last: 1000087300 ns, Reaching safepoint: 121000 ns, At safepoint: 21600 ns, Total: 142600 ns
[2020-09-28T09:17:33.227+0000][30964][safepoint    ] Safepoint "Cleanup", Time since last: 1000332200 ns, Reaching safepoint: 103700 ns, At safepoint: 5800 ns, Total: 109500 ns
[2020-09-28T09:17:34.228+0000][30964][safepoint    ] Safepoint "Cleanup", Time since last: 1000687500 ns, Reaching safepoint: 118100 ns, At safepoint: 7200 ns, Total: 125300 ns
[2020-09-28T09:17:35.229+0000][30964][safepoint    ] Safepoint "Cleanup", Time since last: 1000491400 ns, Reaching safepoint: 156800 ns, At safepoint: 5200 ns, Total: 162000 ns
[2020-09-28T09:17:36.229+0000][30964][safepoint    ] Safepoint "Cleanup", Time since last: 1000216300 ns, Reaching safepoint: 153400 ns, At safepoint: 9200 ns, Total: 162600 ns
[2020-09-28T09:17:37.229+0000][30964][safepoint    ] Safepoint "Cleanup", Time since last: 1000031000 ns, Reaching safepoint: 120900 ns, At safepoint: 7300 ns, Total: 128200 ns
[2020-09-28T09:17:38.230+0000][30964][safepoint    ] Safepoint "Cleanup", Time since last: 1000824700 ns, Reaching safepoint: 165400 ns, At safepoint: 7600 ns, Total: 173000 ns
[2020-09-28T09:17:39.231+0000][30964][safepoint    ] Safepoint "Cleanup", Time since last: 1000758500 ns, Reaching safepoint: 139300 ns, At safepoint: 7200 ns, Total: 146500 ns
[2020-09-28T09:17:40.232+0000][30964][safepoint    ] Safepoint "Cleanup", Time since last: 1000811500 ns, Reaching safepoint: 136400 ns, At safepoint: 6900 ns, Total: 143300 ns
[2020-09-28T09:17:42.232+0000][30964][safepoint    ] Safepoint "Cleanup", Time since last: 2000324100 ns, Reaching safepoint: 138300 ns, At safepoint: 5100 ns, Total: 143400 ns
[2020-09-28T09:17:43.233+0000][30964][safepoint    ] Safepoint "Cleanup", Time since last: 1000594700 ns, Reaching safepoint: 152900 ns, At safepoint: 10900 ns, Total: 163800 ns
[2020-09-28T09:17:44.234+0000][30964][safepoint    ] Safepoint "Cleanup", Time since last: 1000782100 ns, Reaching safepoint: 107900 ns, At safepoint: 6900 ns, Total: 114800 ns
[2020-09-28T09:17:46.235+0000][30964][safepoint    ] Safepoint "Cleanup", Time since last: 2000730100 ns, Reaching safepoint: 117400 ns, At safepoint: 4700 ns, Total: 122100 ns
[2020-09-28T09:17:48.236+0000][30964][safepoint    ] Safepoint "Cleanup", Time since last: 2000639800 ns, Reaching safepoint: 148700 ns, At safepoint: 5800 ns, Total: 154500 ns
[2020-09-28T09:17:49.236+0000][30964][safepoint    ] Safepoint "Cleanup", Time since last: 1000292000 ns, Reaching safepoint: 135900 ns, At safepoint: 6500 ns, Total: 142400 ns
[2020-09-28T09:17:50.245+0000][30964][safepoint    ] Safepoint "Cleanup", Time since last: 1008564500 ns, Reaching safepoint: 141300 ns, At safepoint: 78500 ns, Total: 219800 ns
[2020-09-28T09:17:51.246+0000][30964][safepoint    ] Safepoint "Cleanup", Time since last: 1001005200 ns, Reaching safepoint: 153000 ns, At safepoint: 8400 ns, Total: 161400 ns
[2020-09-28T09:17:52.246+0000][30964][safepoint    ] Safepoint "Cleanup", Time since last: 1000085300 ns, Reaching safepoint: 108400 ns, At safepoint: 6800 ns, Total: 115200 ns
[2020-09-28T09:17:53.247+0000][30964][safepoint    ] Safepoint "Cleanup", Time since last: 1000575400 ns, Reaching safepoint: 122200 ns, At safepoint: 21800 ns, Total: 144000 ns
[2020-09-28T09:17:54.247+0000][30964][safepoint    ] Safepoint "Cleanup", Time since last: 1000028600 ns, Reaching safepoint: 134000 ns, At safepoint: 2300 ns, Total: 136300 ns
[2020-09-28T09:17:55.248+0000][30964][safepoint    ] Safepoint "Cleanup", Time since last: 1000774100 ns, Reaching safepoint: 119800 ns, At safepoint: 20100 ns, Total: 139900 ns
[2020-09-28T09:17:56.249+0000][30964][safepoint    ] Safepoint "Cleanup", Time since last: 1000533600 ns, Reaching safepoint: 167700 ns, At safepoint: 6200 ns, Total: 173900 ns
[2020-09-28T09:17:57.249+0000][30964][safepoint    ] Safepoint "Cleanup", Time since last: 1000061500 ns, Reaching safepoint: 113600 ns, At safepoint: 5700 ns, Total: 119300 ns
[2020-09-28T09:17:58.250+0000][30964][safepoint    ] Safepoint "Cleanup", Time since last: 1000757100 ns, Reaching safepoint: 174300 ns, At safepoint: 6900 ns, Total: 181200 ns
[2020-09-28T09:17:59.250+0000][30964][safepoint    ] Safepoint "Cleanup", Time since last: 1000113700 ns, Reaching safepoint: 154500 ns, At safepoint: 6900 ns, Total: 161400 ns
[2020-09-28T09:18:00.251+0000][30964][safepoint    ] Safepoint "Cleanup", Time since last: 1000861700 ns, Reaching safepoint: 165000 ns, At safepoint: 20800 ns, Total: 185800 ns
[2020-09-28T09:18:01.252+0000][30964][safepoint    ] Safepoint "Cleanup", Time since last: 1000686800 ns, Reaching safepoint: 182800 ns, At safepoint: 7500 ns, Total: 190300 ns
[2020-09-28T09:18:02.253+0000][30964][safepoint    ] Safepoint "Cleanup", Time since last: 1000174900 ns, Reaching safepoint: 150100 ns, At safepoint: 4100 ns, Total: 154200 ns
[2020-09-28T09:18:03.253+0000][30964][safepoint    ] Safepoint "Cleanup", Time since last: 1000085300 ns, Reaching safepoint: 129300 ns, At safepoint: 10400 ns, Total: 139700 ns
[2020-09-28T09:18:04.253+0000][30964][safepoint    ] Safepoint "Cleanup", Time since last: 1000058000 ns, Reaching safepoint: 115300 ns, At safepoint: 6300 ns, Total: 121600 ns
[2020-09-28T09:18:05.254+0000][30964][safepoint    ] Safepoint "Cleanup", Time since last: 1000279800 ns, Reaching safepoint: 108200 ns, At safepoint: 5400 ns, Total: 113600 ns
[2020-09-28T09:18:06.254+0000][30964][safepoint    ] Safepoint "Cleanup", Time since last: 1000257700 ns, Reaching safepoint: 135600 ns, At safepoint: 6600 ns, Total: 142200 ns
[2020-09-28T09:18:07.254+0000][30964][safepoint    ] Safepoint "Cleanup", Time since last: 1000232600 ns, Reaching safepoint: 156400 ns, At safepoint: 5500 ns, Total: 161900 ns
[2020-09-28T09:18:08.255+0000][30964][safepoint    ] Safepoint "Cleanup", Time since last: 1000493000 ns, Reaching safepoint: 107300 ns, At safepoint: 5600 ns, Total: 112900 ns
[2020-09-28T09:18:09.255+0000][30964][safepoint    ] Safepoint "Cleanup", Time since last: 1000296200 ns, Reaching safepoint: 109800 ns, At safepoint: 7400 ns, Total: 117200 ns
[2020-09-28T09:18:10.256+0000][30964][safepoint    ] Safepoint "Cleanup", Time since last: 1000485800 ns, Reaching safepoint: 175200 ns, At safepoint: 5600 ns, Total: 180800 ns
[2020-09-28T09:18:12.257+0000][30964][safepoint    ] Safepoint "Cleanup", Time since last: 2000852000 ns, Reaching safepoint: 123200 ns, At safepoint: 6600 ns, Total: 129800 ns
[2020-09-28T09:18:13.258+0000][30964][safepoint    ] Safepoint "Cleanup", Time since last: 1000455200 ns, Reaching safepoint: 107000 ns, At safepoint: 6000 ns, Total: 113000 ns
[2020-09-28T09:18:14.259+0000][30964][safepoint    ] Safepoint "Cleanup", Time since last: 1000853400 ns, Reaching safepoint: 141000 ns, At safepoint: 7100 ns, Total: 148100 ns
[2020-09-28T09:18:15.259+0000][30964][safepoint    ] Safepoint "Cleanup", Time since last: 1000222700 ns, Reaching safepoint: 127800 ns, At safepoint: 5400 ns, Total: 133200 ns
[2020-09-28T09:18:16.260+0000][30964][safepoint    ] Safepoint "Cleanup", Time since last: 1000622400 ns, Reaching safepoint: 102700 ns, At safepoint: 6200 ns, Total: 108900 ns
[2020-09-28T09:18:17.261+0000][30964][safepoint    ] Safepoint "Cleanup", Time since last: 1000650400 ns, Reaching safepoint: 135200 ns, At safepoint: 5500 ns, Total: 140700 ns
[2020-09-28T09:18:19.262+0000][30964][safepoint    ] Safepoint "Cleanup", Time since last: 2000801700 ns, Reaching safepoint: 97700 ns, At safepoint: 6000 ns, Total: 103700 ns
[2020-09-28T09:18:20.262+0000][30964][safepoint    ] Safepoint "Cleanup", Time since last: 1000888800 ns, Reaching safepoint: 124800 ns, At safepoint: 5800 ns, Total: 130600 ns
[2020-09-28T09:18:21.263+0000][30964][safepoint    ] Safepoint "Cleanup", Time since last: 1000393900 ns, Reaching safepoint: 91200 ns, At safepoint: 3400 ns, Total: 94600 ns
[2020-09-28T09:18:22.263+0000][30964][safepoint    ] Safepoint "Cleanup", Time since last: 1000078000 ns, Reaching safepoint: 111900 ns, At safepoint: 6300 ns, Total: 118200 ns
[2020-09-28T09:18:23.264+0000][30964][safepoint    ] Safepoint "Cleanup", Time since last: 1000272200 ns, Reaching safepoint: 180000 ns, At safepoint: 4800 ns, Total: 184800 ns
[2020-09-28T09:18:24.265+0000][30964][safepoint    ] Safepoint "Cleanup", Time since last: 1000764000 ns, Reaching safepoint: 160700 ns, At safepoint: 22800 ns, Total: 183500 ns
[2020-09-28T09:18:25.265+0000][30964][safepoint    ] Safepoint "Cleanup", Time since last: 1000425700 ns, Reaching safepoint: 96700 ns, At safepoint: 6400 ns, Total: 103100 ns
[2020-09-28T09:18:26.266+0000][30964][safepoint    ] Safepoint "Cleanup", Time since last: 1000878900 ns, Reaching safepoint: 110500 ns, At safepoint: 8100 ns, Total: 118600 ns
[2020-09-28T09:18:27.267+0000][30964][safepoint    ] Safepoint "Cleanup", Time since last: 1000466600 ns, Reaching safepoint: 176600 ns, At safepoint: 25300 ns, Total: 201900 ns
[2020-09-28T09:18:28.268+0000][30964][safepoint    ] Safepoint "Cleanup", Time since last: 1000622200 ns, Reaching safepoint: 151800 ns, At safepoint: 7200 ns, Total: 159000 ns
[2020-09-28T09:18:29.268+0000][30964][safepoint    ] Safepoint "Cleanup", Time since last: 1000390900 ns, Reaching safepoint: 124100 ns, At safepoint: 7700 ns, Total: 131800 ns
[2020-09-28T09:18:30.269+0000][30964][safepoint    ] Safepoint "Cleanup", Time since last: 1000419000 ns, Reaching safepoint: 109200 ns, At safepoint: 7200 ns, Total: 116400 ns
[2020-09-28T09:18:31.269+0000][30964][safepoint    ] Safepoint "Cleanup", Time since last: 1000141800 ns, Reaching safepoint: 133900 ns, At safepoint: 7200 ns, Total: 141100 ns
[2020-09-28T09:18:32.270+0000][30964][safepoint    ] Safepoint "Cleanup", Time since last: 1000717600 ns, Reaching safepoint: 139000 ns, At safepoint: 6100 ns, Total: 145100 ns
[2020-09-28T09:18:33.271+0000][30964][safepoint    ] Safepoint "Cleanup", Time since last: 1000763400 ns, Reaching safepoint: 110300 ns, At safepoint: 6300 ns, Total: 116600 ns
[2020-09-28T09:18:34.271+0000][30964][safepoint    ] Safepoint "Cleanup", Time since last: 1000048200 ns, Reaching safepoint: 123300 ns, At safepoint: 5700 ns, Total: 129000 ns
[2020-09-28T09:18:35.272+0000][30964][safepoint    ] Safepoint "Cleanup", Time since last: 1000490500 ns, Reaching safepoint: 117200 ns, At safepoint: 2700 ns, Total: 119900 ns
[2020-09-28T09:18:36.272+0000][30964][safepoint    ] Safepoint "Cleanup", Time since last: 1000564700 ns, Reaching safepoint: 134100 ns, At safepoint: 8100 ns, Total: 142200 ns
[2020-09-28T09:18:37.273+0000][30964][safepoint    ] Safepoint "Cleanup", Time since last: 1000824400 ns, Reaching safepoint: 145100 ns, At safepoint: 5800 ns, Total: 150900 ns
[2020-09-28T09:18:38.274+0000][30964][safepoint    ] Safepoint "Cleanup", Time since last: 1000500300 ns, Reaching safepoint: 141700 ns, At safepoint: 6100 ns, Total: 147800 ns
[2020-09-28T09:18:39.274+0000][30964][safepoint    ] Safepoint "Cleanup", Time since last: 1000171900 ns, Reaching safepoint: 117500 ns, At safepoint: 6700 ns, Total: 124200 ns
[2020-09-28T09:18:40.275+0000][30964][safepoint    ] Safepoint "Cleanup", Time since last: 1000675100 ns, Reaching safepoint: 107100 ns, At safepoint: 8000 ns, Total: 115100 ns
[2020-09-28T09:18:42.256+0000][30964][safepoint    ] Safepoint "Cleanup", Time since last: 1980651000 ns, Reaching safepoint: 146700 ns, At safepoint: 7700 ns, Total: 154400 ns
[2020-09-28T09:18:43.256+0000][30964][safepoint    ] Safepoint "Cleanup", Time since last: 1000229700 ns, Reaching safepoint: 111600 ns, At safepoint: 5600 ns, Total: 117200 ns
[2020-09-28T09:18:44.256+0000][30964][safepoint    ] Safepoint "Cleanup", Time since last: 1000183800 ns, Reaching safepoint: 122000 ns, At safepoint: 4800 ns, Total: 126800 ns
[2020-09-28T09:18:45.257+0000][30964][safepoint    ] Safepoint "Cleanup", Time since last: 1000507600 ns, Reaching safepoint: 153100 ns, At safepoint: 9200 ns, Total: 162300 ns
[2020-09-28T09:18:46.257+0000][30964][safepoint    ] Safepoint "Cleanup", Time since last: 1000112500 ns, Reaching safepoint: 105900 ns, At safepoint: 4000 ns, Total: 109900 ns
[2020-09-28T09:18:47.258+0000][30964][safepoint    ] Safepoint "Cleanup", Time since last: 1000196300 ns, Reaching safepoint: 123400 ns, At safepoint: 8100 ns, Total: 131500 ns
[2020-09-28T09:18:48.258+0000][30964][safepoint    ] Safepoint "Cleanup", Time since last: 1000308400 ns, Reaching safepoint: 115100 ns, At safepoint: 7800 ns, Total: 122900 ns
[2020-09-28T09:18:49.259+0000][30964][safepoint    ] Safepoint "Cleanup", Time since last: 1000416000 ns, Reaching safepoint: 135300 ns, At safepoint: 5500 ns, Total: 140800 ns
[2020-09-28T09:18:50.259+0000][30964][safepoint    ] Safepoint "Cleanup", Time since last: 1000199600 ns, Reaching safepoint: 132000 ns, At safepoint: 5400 ns, Total: 137400 ns
[2020-09-28T09:18:52.259+0000][30964][safepoint    ] Safepoint "Cleanup", Time since last: 2000337700 ns, Reaching safepoint: 113800 ns, At safepoint: 7500 ns, Total: 121300 ns
[2020-09-28T09:18:53.260+0000][30964][safepoint    ] Safepoint "Cleanup", Time since last: 1000322900 ns, Reaching safepoint: 136700 ns, At safepoint: 5800 ns, Total: 142500 ns
[2020-09-28T09:18:54.260+0000][30964][safepoint    ] Safepoint "Cleanup", Time since last: 1000222700 ns, Reaching safepoint: 131900 ns, At safepoint: 6500 ns, Total: 138400 ns
[2020-09-28T09:18:55.261+0000][30964][safepoint    ] Safepoint "Cleanup", Time since last: 1000148800 ns, Reaching safepoint: 131800 ns, At safepoint: 5400 ns, Total: 137200 ns
[2020-09-28T09:18:57.261+0000][30964][safepoint    ] Safepoint "Cleanup", Time since last: 2000690800 ns, Reaching safepoint: 141700 ns, At safepoint: 5700 ns, Total: 147400 ns
[2020-09-28T09:18:58.262+0000][30964][safepoint    ] Safepoint "Cleanup", Time since last: 1000382500 ns, Reaching safepoint: 99600 ns, At safepoint: 5300 ns, Total: 104900 ns
[2020-09-28T09:18:59.262+0000][30964][safepoint    ] Safepoint "Cleanup", Time since last: 1000167900 ns, Reaching safepoint: 109800 ns, At safepoint: 6200 ns, Total: 116000 ns
[2020-09-28T09:19:00.263+0000][30964][safepoint    ] Safepoint "Cleanup", Time since last: 1000802700 ns, Reaching safepoint: 149600 ns, At safepoint: 6100 ns, Total: 155700 ns
[2020-09-28T09:19:01.263+0000][30964][safepoint    ] Safepoint "Cleanup", Time since last: 1000071100 ns, Reaching safepoint: 103400 ns, At safepoint: 6500 ns, Total: 109900 ns
[2020-09-28T09:19:02.264+0000][30964][safepoint    ] Safepoint "Cleanup", Time since last: 1000209300 ns, Reaching safepoint: 179400 ns, At safepoint: 5300 ns, Total: 184700 ns
[2020-09-28T09:19:03.264+0000][30964][safepoint    ] Safepoint "Cleanup", Time since last: 1000421500 ns, Reaching safepoint: 190000 ns, At safepoint: 5800 ns, Total: 195800 ns
[2020-09-28T09:19:04.265+0000][30964][safepoint    ] Safepoint "Cleanup", Time since last: 1000440400 ns, Reaching safepoint: 107600 ns, At safepoint: 6200 ns, Total: 113800 ns
[2020-09-28T09:19:05.266+0000][30964][safepoint    ] Safepoint "Cleanup", Time since last: 1000748900 ns, Reaching safepoint: 122000 ns, At safepoint: 5300 ns, Total: 127300 ns
[2020-09-28T09:19:06.267+0000][30964][safepoint    ] Safepoint "Cleanup", Time since last: 1000809000 ns, Reaching safepoint: 107100 ns, At safepoint: 4900 ns, Total: 112000 ns
[2020-09-28T09:19:08.267+0000][30964][safepoint    ] Safepoint "Cleanup", Time since last: 2000236300 ns, Reaching safepoint: 167300 ns, At safepoint: 5900 ns, Total: 173200 ns
[2020-09-28T09:19:09.268+0000][30964][safepoint    ] Safepoint "Cleanup", Time since last: 1000430500 ns, Reaching safepoint: 127600 ns, At safepoint: 6300 ns, Total: 133900 ns
[2020-09-28T09:19:10.269+0000][30964][safepoint    ] Safepoint "Cleanup", Time since last: 1000576900 ns, Reaching safepoint: 165400 ns, At safepoint: 5700 ns, Total: 171100 ns
[2020-09-28T09:19:11.269+0000][30964][safepoint    ] Safepoint "Cleanup", Time since last: 1000029300 ns, Reaching safepoint: 135500 ns, At safepoint: 5000 ns, Total: 140500 ns
[2020-09-28T09:19:12.269+0000][30964][safepoint    ] Safepoint "Cleanup", Time since last: 1000604300 ns, Reaching safepoint: 125600 ns, At safepoint: 6500 ns, Total: 132100 ns
[2020-09-28T09:19:14.270+0000][30964][safepoint    ] Safepoint "Cleanup", Time since last: 2000148800 ns, Reaching safepoint: 110800 ns, At safepoint: 6800 ns, Total: 117600 ns
[2020-09-28T09:19:15.271+0000][30964][safepoint    ] Safepoint "Cleanup", Time since last: 1000627800 ns, Reaching safepoint: 151600 ns, At safepoint: 6300 ns, Total: 157900 ns
[2020-09-28T09:19:16.271+0000][30964][safepoint    ] Safepoint "Cleanup", Time since last: 1000222900 ns, Reaching safepoint: 109500 ns, At safepoint: 2800 ns, Total: 112300 ns
[2020-09-28T09:19:17.272+0000][30964][safepoint    ] Safepoint "Cleanup", Time since last: 1000771100 ns, Reaching safepoint: 101300 ns, At safepoint: 6300 ns, Total: 107600 ns
[2020-09-28T09:19:18.272+0000][30964][safepoint    ] Safepoint "Cleanup", Time since last: 1000479600 ns, Reaching safepoint: 129900 ns, At safepoint: 7100 ns, Total: 137000 ns
[2020-09-28T09:19:19.273+0000][30964][safepoint    ] Safepoint "Cleanup", Time since last: 1000682500 ns, Reaching safepoint: 187200 ns, At safepoint: 6100 ns, Total: 193300 ns
[2020-09-28T09:19:20.274+0000][30964][safepoint    ] Safepoint "Cleanup", Time since last: 1000614900 ns, Reaching safepoint: 122600 ns, At safepoint: 5600 ns, Total: 128200 ns
[2020-09-28T09:19:21.274+0000][30964][safepoint    ] Safepoint "Cleanup", Time since last: 1000353500 ns, Reaching safepoint: 131900 ns, At safepoint: 6400 ns, Total: 138300 ns
[2020-09-28T09:19:22.275+0000][30964][safepoint    ] Safepoint "Cleanup", Time since last: 1000056700 ns, Reaching safepoint: 116600 ns, At safepoint: 6300 ns, Total: 122900 ns
[2020-09-28T09:19:23.275+0000][30964][safepoint    ] Safepoint "Cleanup", Time since last: 1000310600 ns, Reaching safepoint: 163500 ns, At safepoint: 5000 ns, Total: 168500 ns
[2020-09-28T09:19:24.276+0000][30964][safepoint    ] Safepoint "Cleanup", Time since last: 1000816300 ns, Reaching safepoint: 144000 ns, At safepoint: 5300 ns, Total: 149300 ns
[2020-09-28T09:19:25.277+0000][30964][safepoint    ] Safepoint "Cleanup", Time since last: 1000682700 ns, Reaching safepoint: 112200 ns, At safepoint: 5900 ns, Total: 118100 ns
[2020-09-28T09:19:26.278+0000][30964][safepoint    ] Safepoint "Cleanup", Time since last: 1000418600 ns, Reaching safepoint: 106600 ns, At safepoint: 4900 ns, Total: 111500 ns
[2020-09-28T09:19:28.278+0000][30964][safepoint    ] Safepoint "Cleanup", Time since last: 2000526300 ns, Reaching safepoint: 123400 ns, At safepoint: 5400 ns, Total: 128800 ns
[2020-09-28T09:19:29.279+0000][30964][safepoint    ] Safepoint "Cleanup", Time since last: 1000274800 ns, Reaching safepoint: 135400 ns, At safepoint: 5900 ns, Total: 141300 ns
[2020-09-28T09:19:30.280+0000][30964][safepoint    ] Safepoint "Cleanup", Time since last: 1000791500 ns, Reaching safepoint: 129400 ns, At safepoint: 9500 ns, Total: 138900 ns
[2020-09-28T09:19:32.280+0000][30964][safepoint    ] Safepoint "Cleanup", Time since last: 2000317700 ns, Reaching safepoint: 133700 ns, At safepoint: 8300 ns, Total: 142000 ns
[2020-09-28T09:19:33.281+0000][30964][safepoint    ] Safepoint "Cleanup", Time since last: 1000826900 ns, Reaching safepoint: 166600 ns, At safepoint: 11600 ns, Total: 178200 ns
[2020-09-28T09:19:34.282+0000][30964][safepoint    ] Safepoint "Cleanup", Time since last: 1000775800 ns, Reaching safepoint: 136000 ns, At safepoint: 3300 ns, Total: 139300 ns
[2020-09-28T09:19:35.283+0000][30964][safepoint    ] Safepoint "Cleanup", Time since last: 1000681500 ns, Reaching safepoint: 120200 ns, At safepoint: 16000 ns, Total: 136200 ns
[2020-09-28T09:19:36.283+0000][30964][safepoint    ] Safepoint "Cleanup", Time since last: 1000083900 ns, Reaching safepoint: 144600 ns, At safepoint: 4700 ns, Total: 149300 ns
[2020-09-28T09:19:38.094+0000][30964][safepoint    ] Safepoint "Cleanup", Time since last: 1810408800 ns, Reaching safepoint: 128200 ns, At safepoint: 6500 ns, Total: 134700 ns
[2020-09-28T09:19:39.094+0000][30964][safepoint    ] Safepoint "Cleanup", Time since last: 1000163200 ns, Reaching safepoint: 142100 ns, At safepoint: 6600 ns, Total: 148700 ns
[2020-09-28T09:19:40.095+0000][30964][safepoint    ] Safepoint "Cleanup", Time since last: 1000602400 ns, Reaching safepoint: 124400 ns, At safepoint: 6600 ns, Total: 131000 ns
[2020-09-28T09:19:41.095+0000][30964][safepoint    ] Safepoint "Cleanup", Time since last: 1000574000 ns, Reaching safepoint: 94300 ns, At safepoint: 3700 ns, Total: 98000 ns
[2020-09-28T09:19:42.096+0000][30964][safepoint    ] Safepoint "Cleanup", Time since last: 1000607800 ns, Reaching safepoint: 112400 ns, At safepoint: 5700 ns, Total: 118100 ns
[2020-09-28T09:19:43.097+0000][30964][safepoint    ] Safepoint "Cleanup", Time since last: 1000737900 ns, Reaching safepoint: 128300 ns, At safepoint: 5500 ns, Total: 133800 ns
[2020-09-28T09:19:45.098+0000][30964][safepoint    ] Safepoint "Cleanup", Time since last: 2000526000 ns, Reaching safepoint: 139300 ns, At safepoint: 5300 ns, Total: 144600 ns
[2020-09-28T09:19:46.098+0000][30964][safepoint    ] Safepoint "Cleanup", Time since last: 1000639100 ns, Reaching safepoint: 97200 ns, At safepoint: 5600 ns, Total: 102800 ns
[2020-09-28T09:19:48.099+0000][30964][safepoint    ] Safepoint "Cleanup", Time since last: 2000089500 ns, Reaching safepoint: 110500 ns, At safepoint: 6700 ns, Total: 117200 ns
[2020-09-28T09:19:49.099+0000][30964][safepoint    ] Safepoint "Cleanup", Time since last: 1000542900 ns, Reaching safepoint: 106900 ns, At safepoint: 5200 ns, Total: 112100 ns
[2020-09-28T09:19:50.100+0000][30964][safepoint    ] Safepoint "Cleanup", Time since last: 1000550100 ns, Reaching safepoint: 145700 ns, At safepoint: 3900 ns, Total: 149600 ns
[2020-09-28T09:19:51.100+0000][30964][safepoint    ] Safepoint "Cleanup", Time since last: 1000004100 ns, Reaching safepoint: 110500 ns, At safepoint: 5800 ns, Total: 116300 ns
[2020-09-28T09:19:53.101+0000][30964][safepoint    ] Safepoint "Cleanup", Time since last: 2000475600 ns, Reaching safepoint: 149400 ns, At safepoint: 16000 ns, Total: 165400 ns
[2020-09-28T09:19:54.101+0000][30964][safepoint    ] Safepoint "Cleanup", Time since last: 1000437300 ns, Reaching safepoint: 124300 ns, At safepoint: 6400 ns, Total: 130700 ns
[2020-09-28T09:19:55.102+0000][30964][safepoint    ] Safepoint "Cleanup", Time since last: 1000174700 ns, Reaching safepoint: 116100 ns, At safepoint: 3300 ns, Total: 119400 ns
[2020-09-28T09:19:56.102+0000][30964][safepoint    ] Safepoint "Cleanup", Time since last: 1000334600 ns, Reaching safepoint: 162500 ns, At safepoint: 8600 ns, Total: 171100 ns
[2020-09-28T09:19:58.102+0000][30964][safepoint    ] Safepoint "Cleanup", Time since last: 2000016800 ns, Reaching safepoint: 124400 ns, At safepoint: 6900 ns, Total: 131300 ns
[2020-09-28T09:19:59.103+0000][30964][safepoint    ] Safepoint "Cleanup", Time since last: 1000583800 ns, Reaching safepoint: 498000 ns, At safepoint: 37800 ns, Total: 535800 ns
[2020-09-28T09:20:00.104+0000][30964][safepoint    ] Safepoint "Cleanup", Time since last: 1000957600 ns, Reaching safepoint: 113600 ns, At safepoint: 8400 ns, Total: 122000 ns
[2020-09-28T09:20:01.105+0000][30964][safepoint    ] Safepoint "Cleanup", Time since last: 1000639400 ns, Reaching safepoint: 147100 ns, At safepoint: 5800 ns, Total: 152900 ns
[2020-09-28T09:20:02.106+0000][30964][safepoint    ] Safepoint "Cleanup", Time since last: 1000572900 ns, Reaching safepoint: 93100 ns, At safepoint: 7300 ns, Total: 100400 ns
[2020-09-28T09:20:03.107+0000][30964][safepoint    ] Safepoint "Cleanup", Time since last: 1000645500 ns, Reaching safepoint: 133500 ns, At safepoint: 22600 ns, Total: 156100 ns
[2020-09-28T09:20:04.108+0000][30964][safepoint    ] Safepoint "Cleanup", Time since last: 1000690600 ns, Reaching safepoint: 99900 ns, At safepoint: 7300 ns, Total: 107200 ns
[2020-09-28T09:20:06.108+0000][30964][safepoint    ] Safepoint "Cleanup", Time since last: 2000514200 ns, Reaching safepoint: 118700 ns, At safepoint: 6700 ns, Total: 125400 ns
[2020-09-28T09:20:07.109+0000][30964][safepoint    ] Safepoint "Cleanup", Time since last: 1000666100 ns, Reaching safepoint: 93000 ns, At safepoint: 3400 ns, Total: 96400 ns
[2020-09-28T09:20:08.110+0000][30964][safepoint    ] Safepoint "Cleanup", Time since last: 1000512000 ns, Reaching safepoint: 132800 ns, At safepoint: 5500 ns, Total: 138300 ns
[2020-09-28T09:20:09.110+0000][30964][safepoint    ] Safepoint "Cleanup", Time since last: 1000477000 ns, Reaching safepoint: 123900 ns, At safepoint: 5700 ns, Total: 129600 ns
[2020-09-28T09:20:10.110+0000][30964][safepoint    ] Safepoint "Cleanup", Time since last: 1000046900 ns, Reaching safepoint: 102500 ns, At safepoint: 8400 ns, Total: 110900 ns
[2020-09-28T09:20:12.111+0000][30964][safepoint    ] Safepoint "Cleanup", Time since last: 2000121200 ns, Reaching safepoint: 122400 ns, At safepoint: 5900 ns, Total: 128300 ns
[2020-09-28T09:20:13.111+0000][30964][safepoint    ] Safepoint "Cleanup", Time since last: 1000643700 ns, Reaching safepoint: 106600 ns, At safepoint: 6000 ns, Total: 112600 ns
[2020-09-28T09:20:14.112+0000][30964][safepoint    ] Safepoint "Cleanup", Time since last: 1000523800 ns, Reaching safepoint: 114500 ns, At safepoint: 5500 ns, Total: 120000 ns
[2020-09-28T09:20:15.113+0000][30964][safepoint    ] Safepoint "Cleanup", Time since last: 1000490200 ns, Reaching safepoint: 122600 ns, At safepoint: 4900 ns, Total: 127500 ns
[2020-09-28T09:20:16.113+0000][30964][safepoint    ] Safepoint "Cleanup", Time since last: 1000649400 ns, Reaching safepoint: 174600 ns, At safepoint: 11400 ns, Total: 186000 ns
[2020-09-28T09:20:17.114+0000][30964][safepoint    ] Safepoint "Cleanup", Time since last: 1000800200 ns, Reaching safepoint: 130800 ns, At safepoint: 25900 ns, Total: 156700 ns
[2020-09-28T09:20:18.115+0000][30964][safepoint    ] Safepoint "Cleanup", Time since last: 1000249800 ns, Reaching safepoint: 125700 ns, At safepoint: 21400 ns, Total: 147100 ns
[2020-09-28T09:20:19.115+0000][30964][safepoint    ] Safepoint "Cleanup", Time since last: 1000057300 ns, Reaching safepoint: 145800 ns, At safepoint: 68900 ns, Total: 214700 ns
[2020-09-28T09:20:20.116+0000][30964][safepoint    ] Safepoint "Cleanup", Time since last: 1000433900 ns, Reaching safepoint: 167900 ns, At safepoint: 20600 ns, Total: 188500 ns
[2020-09-28T09:20:22.116+0000][30964][safepoint    ] Safepoint "Cleanup", Time since last: 2000148500 ns, Reaching safepoint: 113600 ns, At safepoint: 7000 ns, Total: 120600 ns
[2020-09-28T09:20:24.117+0000][30964][safepoint    ] Safepoint "Cleanup", Time since last: 2000381600 ns, Reaching safepoint: 140500 ns, At safepoint: 6300 ns, Total: 146800 ns
[2020-09-28T09:20:26.117+0000][30964][safepoint    ] Safepoint "Cleanup", Time since last: 2000135100 ns, Reaching safepoint: 126800 ns, At safepoint: 7600 ns, Total: 134400 ns
[2020-09-28T09:20:27.118+0000][30964][safepoint    ] Safepoint "Cleanup", Time since last: 1000752700 ns, Reaching safepoint: 139000 ns, At safepoint: 5100 ns, Total: 144100 ns
[2020-09-28T09:20:29.118+0000][30964][safepoint    ] Safepoint "Cleanup", Time since last: 2000301100 ns, Reaching safepoint: 154000 ns, At safepoint: 24000 ns, Total: 178000 ns
[2020-09-28T09:20:30.119+0000][30964][safepoint    ] Safepoint "Cleanup", Time since last: 1000335300 ns, Reaching safepoint: 134300 ns, At safepoint: 6000 ns, Total: 140300 ns
[2020-09-28T09:20:31.119+0000][30964][safepoint    ] Safepoint "Cleanup", Time since last: 1000494200 ns, Reaching safepoint: 102400 ns, At safepoint: 6300 ns, Total: 108700 ns
[2020-09-28T09:20:32.120+0000][30964][safepoint    ] Safepoint "Cleanup", Time since last: 1000777100 ns, Reaching safepoint: 137200 ns, At safepoint: 6100 ns, Total: 143300 ns
[2020-09-28T09:20:33.121+0000][30964][safepoint    ] Safepoint "Cleanup", Time since last: 1000664500 ns, Reaching safepoint: 108700 ns, At safepoint: 5500 ns, Total: 114200 ns
[2020-09-28T09:20:34.122+0000][30964][safepoint    ] Safepoint "Cleanup", Time since last: 1000483700 ns, Reaching safepoint: 140800 ns, At safepoint: 6100 ns, Total: 146900 ns
[2020-09-28T09:20:35.122+0000][30964][safepoint    ] Safepoint "Cleanup", Time since last: 1000340800 ns, Reaching safepoint: 113300 ns, At safepoint: 5200 ns, Total: 118500 ns
[2020-09-28T09:20:36.123+0000][30964][safepoint    ] Safepoint "Cleanup", Time since last: 1000409900 ns, Reaching safepoint: 142600 ns, At safepoint: 4700 ns, Total: 147300 ns
[2020-09-28T09:20:37.123+0000][30964][safepoint    ] Safepoint "Cleanup", Time since last: 1000147400 ns, Reaching safepoint: 115800 ns, At safepoint: 5200 ns, Total: 121000 ns
[2020-09-28T09:20:38.124+0000][30964][safepoint    ] Safepoint "Cleanup", Time since last: 1000777700 ns, Reaching safepoint: 123300 ns, At safepoint: 7600 ns, Total: 130900 ns
[2020-09-28T09:20:39.124+0000][30964][safepoint    ] Safepoint "Cleanup", Time since last: 1000177600 ns, Reaching safepoint: 133900 ns, At safepoint: 7200 ns, Total: 141100 ns
[2020-09-28T09:20:41.124+0000][30964][safepoint    ] Safepoint "Cleanup", Time since last: 1999960700 ns, Reaching safepoint: 121800 ns, At safepoint: 13000 ns, Total: 134800 ns
[2020-09-28T09:20:42.125+0000][30964][safepoint    ] Safepoint "Cleanup", Time since last: 1000211000 ns, Reaching safepoint: 125400 ns, At safepoint: 6300 ns, Total: 131700 ns
[2020-09-28T09:20:43.125+0000][30964][safepoint    ] Safepoint "Cleanup", Time since last: 1000145300 ns, Reaching safepoint: 172900 ns, At safepoint: 21500 ns, Total: 194400 ns
[2020-09-28T09:20:44.126+0000][30964][safepoint    ] Safepoint "Cleanup", Time since last: 1000551200 ns, Reaching safepoint: 109400 ns, At safepoint: 9700 ns, Total: 119100 ns
[2020-09-28T09:20:45.127+0000][30964][safepoint    ] Safepoint "Cleanup", Time since last: 1000693900 ns, Reaching safepoint: 126700 ns, At safepoint: 5800 ns, Total: 132500 ns
[2020-09-28T09:20:46.127+0000][30964][safepoint    ] Safepoint "Cleanup", Time since last: 1000807000 ns, Reaching safepoint: 115600 ns, At safepoint: 4100 ns, Total: 119700 ns
[2020-09-28T09:20:47.128+0000][30964][safepoint    ] Safepoint "Cleanup", Time since last: 1000470400 ns, Reaching safepoint: 104700 ns, At safepoint: 5900 ns, Total: 110600 ns
[2020-09-28T09:20:48.128+0000][30964][safepoint    ] Safepoint "Cleanup", Time since last: 1000166700 ns, Reaching safepoint: 116300 ns, At safepoint: 6100 ns, Total: 122400 ns
[2020-09-28T09:20:49.129+0000][30964][safepoint    ] Safepoint "Cleanup", Time since last: 1000372500 ns, Reaching safepoint: 123600 ns, At safepoint: 6200 ns, Total: 129800 ns
[2020-09-28T09:20:50.130+0000][30964][safepoint    ] Safepoint "Cleanup", Time since last: 1000771300 ns, Reaching safepoint: 112900 ns, At safepoint: 4700 ns, Total: 117600 ns
[2020-09-28T09:20:51.131+0000][30964][safepoint    ] Safepoint "Cleanup", Time since last: 1000653100 ns, Reaching safepoint: 127000 ns, At safepoint: 5400 ns, Total: 132400 ns
[2020-09-28T09:20:52.131+0000][30964][safepoint    ] Safepoint "Cleanup", Time since last: 1000762700 ns, Reaching safepoint: 95700 ns, At safepoint: 3700 ns, Total: 99400 ns
[2020-09-28T09:20:54.132+0000][30964][safepoint    ] Safepoint "Cleanup", Time since last: 2000474600 ns, Reaching safepoint: 168700 ns, At safepoint: 6300 ns, Total: 175000 ns
[2020-09-28T09:20:56.133+0000][30964][safepoint    ] Safepoint "Cleanup", Time since last: 2000550800 ns, Reaching safepoint: 151400 ns, At safepoint: 7000 ns, Total: 158400 ns
[2020-09-28T09:20:57.134+0000][30964][safepoint    ] Safepoint "Cleanup", Time since last: 1000751000 ns, Reaching safepoint: 133900 ns, At safepoint: 5600 ns, Total: 139500 ns
[2020-09-28T09:20:58.135+0000][30964][safepoint    ] Safepoint "Cleanup", Time since last: 1000695600 ns, Reaching safepoint: 110200 ns, At safepoint: 7000 ns, Total: 117200 ns
[2020-09-28T09:20:59.135+0000][30964][safepoint    ] Safepoint "Cleanup", Time since last: 1000197000 ns, Reaching safepoint: 125500 ns, At safepoint: 7100 ns, Total: 132600 ns
[2020-09-28T09:21:00.135+0000][30964][safepoint    ] Safepoint "Cleanup", Time since last: 1000243500 ns, Reaching safepoint: 83100 ns, At safepoint: 3800 ns, Total: 86900 ns
[2020-09-28T09:21:01.135+0000][30964][safepoint    ] Safepoint "Cleanup", Time since last: 1000068000 ns, Reaching safepoint: 123200 ns, At safepoint: 5600 ns, Total: 128800 ns
[2020-09-28T09:21:02.646+0000][30964][safepoint    ] Safepoint "Cleanup", Time since last: 1510912600 ns, Reaching safepoint: 96400 ns, At safepoint: 6300 ns, Total: 102700 ns
[2020-09-28T09:21:03.647+0000][30964][safepoint    ] Safepoint "Cleanup", Time since last: 1000695000 ns, Reaching safepoint: 149900 ns, At safepoint: 7600 ns, Total: 157500 ns
[2020-09-28T09:21:04.648+0000][30964][safepoint    ] Safepoint "Cleanup", Time since last: 1000797500 ns, Reaching safepoint: 126200 ns, At safepoint: 5500 ns, Total: 131700 ns
[2020-09-28T09:21:05.649+0000][30964][safepoint    ] Safepoint "Cleanup", Time since last: 1000788200 ns, Reaching safepoint: 82000 ns, At safepoint: 3400 ns, Total: 85400 ns
[2020-09-28T09:21:06.649+0000][30964][safepoint    ] Safepoint "Cleanup", Time since last: 1000041300 ns, Reaching safepoint: 113200 ns, At safepoint: 7200 ns, Total: 120400 ns
[2020-09-28T09:21:07.649+0000][30964][safepoint    ] Safepoint "Cleanup", Time since last: 1000058300 ns, Reaching safepoint: 112600 ns, At safepoint: 6100 ns, Total: 118700 ns
[2020-09-28T09:21:08.650+0000][30964][safepoint    ] Safepoint "Cleanup", Time since last: 1000080800 ns, Reaching safepoint: 110200 ns, At safepoint: 5800 ns, Total: 116000 ns
[2020-09-28T09:21:09.651+0000][30964][safepoint    ] Safepoint "Cleanup", Time since last: 1000893100 ns, Reaching safepoint: 110000 ns, At safepoint: 5500 ns, Total: 115500 ns
[2020-09-28T09:21:10.651+0000][30964][safepoint    ] Safepoint "Cleanup", Time since last: 1000306600 ns, Reaching safepoint: 149700 ns, At safepoint: 6300 ns, Total: 156000 ns
[2020-09-28T09:21:11.651+0000][30964][safepoint    ] Safepoint "Cleanup", Time since last: 1000073400 ns, Reaching safepoint: 98300 ns, At safepoint: 6200 ns, Total: 104500 ns
[2020-09-28T09:21:12.652+0000][30964][safepoint    ] Safepoint "Cleanup", Time since last: 1000253800 ns, Reaching safepoint: 95300 ns, At safepoint: 3200 ns, Total: 98500 ns
[2020-09-28T09:21:13.652+0000][30964][safepoint    ] Safepoint "Cleanup", Time since last: 1000545300 ns, Reaching safepoint: 144500 ns, At safepoint: 5600 ns, Total: 150100 ns
[2020-09-28T09:21:14.653+0000][30964][safepoint    ] Safepoint "Cleanup", Time since last: 1000394000 ns, Reaching safepoint: 108100 ns, At safepoint: 7300 ns, Total: 115400 ns
[2020-09-28T09:21:15.654+0000][30964][safepoint    ] Safepoint "Cleanup", Time since last: 1000806700 ns, Reaching safepoint: 138900 ns, At safepoint: 5400 ns, Total: 144300 ns
[2020-09-28T09:21:16.654+0000][30964][safepoint    ] Safepoint "Cleanup", Time since last: 1000145400 ns, Reaching safepoint: 113000 ns, At safepoint: 5400 ns, Total: 118400 ns
[2020-09-28T09:21:17.655+0000][30964][safepoint    ] Safepoint "Cleanup", Time since last: 1000675100 ns, Reaching safepoint: 121300 ns, At safepoint: 8000 ns, Total: 129300 ns
[2020-09-28T09:21:18.655+0000][30964][safepoint    ] Safepoint "Cleanup", Time since last: 1000166700 ns, Reaching safepoint: 98600 ns, At safepoint: 6400 ns, Total: 105000 ns
[2020-09-28T09:21:19.655+0000][30964][safepoint    ] Safepoint "Cleanup", Time since last: 1000098300 ns, Reaching safepoint: 149700 ns, At safepoint: 5400 ns, Total: 155100 ns
[2020-09-28T09:21:20.656+0000][30964][safepoint    ] Safepoint "Cleanup", Time since last: 1000210000 ns, Reaching safepoint: 110300 ns, At safepoint: 3600 ns, Total: 113900 ns
[2020-09-28T09:21:21.656+0000][30964][safepoint    ] Safepoint "Cleanup", Time since last: 1000291900 ns, Reaching safepoint: 86900 ns, At safepoint: 3300 ns, Total: 90200 ns
[2020-09-28T09:21:22.657+0000][30964][safepoint    ] Safepoint "Cleanup", Time since last: 1000317700 ns, Reaching safepoint: 121600 ns, At safepoint: 8900 ns, Total: 130500 ns
[2020-09-28T09:21:24.657+0000][30964][safepoint    ] Safepoint "Cleanup", Time since last: 2000298800 ns, Reaching safepoint: 134700 ns, At safepoint: 4300 ns, Total: 139000 ns
[2020-09-28T09:21:25.658+0000][30964][safepoint    ] Safepoint "Cleanup", Time since last: 1000859900 ns, Reaching safepoint: 122300 ns, At safepoint: 5400 ns, Total: 127700 ns
[2020-09-28T09:21:26.659+0000][30964][safepoint    ] Safepoint "Cleanup", Time since last: 1000306500 ns, Reaching safepoint: 97300 ns, At safepoint: 7200 ns, Total: 104500 ns
[2020-09-28T09:21:27.659+0000][30964][safepoint    ] Safepoint "Cleanup", Time since last: 1000787100 ns, Reaching safepoint: 108600 ns, At safepoint: 6800 ns, Total: 115400 ns
[2020-09-28T09:21:28.660+0000][30964][safepoint    ] Safepoint "Cleanup", Time since last: 1000086300 ns, Reaching safepoint: 102600 ns, At safepoint: 6400 ns, Total: 109000 ns
[2020-09-28T09:21:29.660+0000][30964][safepoint    ] Safepoint "Cleanup", Time since last: 1000588000 ns, Reaching safepoint: 156900 ns, At safepoint: 6900 ns, Total: 163800 ns
[2020-09-28T09:21:30.661+0000][30964][safepoint    ] Safepoint "Cleanup", Time since last: 1000183100 ns, Reaching safepoint: 107600 ns, At safepoint: 3700 ns, Total: 111300 ns
[2020-09-28T09:21:31.661+0000][30964][safepoint    ] Safepoint "Cleanup", Time since last: 1000144300 ns, Reaching safepoint: 107700 ns, At safepoint: 3500 ns, Total: 111200 ns
[2020-09-28T09:21:32.661+0000][30964][safepoint    ] Safepoint "Cleanup", Time since last: 1000252500 ns, Reaching safepoint: 142600 ns, At safepoint: 20500 ns, Total: 163100 ns
[2020-09-28T09:21:33.662+0000][30964][safepoint    ] Safepoint "Cleanup", Time since last: 1000581000 ns, Reaching safepoint: 123500 ns, At safepoint: 6600 ns, Total: 130100 ns
[2020-09-28T09:21:35.662+0000][30964][safepoint    ] Safepoint "Cleanup", Time since last: 2000068400 ns, Reaching safepoint: 164700 ns, At safepoint: 6400 ns, Total: 171100 ns
[2020-09-28T09:21:36.663+0000][30964][safepoint    ] Safepoint "Cleanup", Time since last: 1000778700 ns, Reaching safepoint: 102400 ns, At safepoint: 5900 ns, Total: 108300 ns
[2020-09-28T09:21:37.664+0000][30964][safepoint    ] Safepoint "Cleanup", Time since last: 1000805200 ns, Reaching safepoint: 104000 ns, At safepoint: 7500 ns, Total: 111500 ns
[2020-09-28T09:21:39.664+0000][30964][safepoint    ] Safepoint "Cleanup", Time since last: 2000187500 ns, Reaching safepoint: 121500 ns, At safepoint: 4200 ns, Total: 125700 ns
[2020-09-28T09:21:40.665+0000][30964][safepoint    ] Safepoint "Cleanup", Time since last: 1000220900 ns, Reaching safepoint: 119900 ns, At safepoint: 7100 ns, Total: 127000 ns
[2020-09-28T09:21:42.265+0000][30964][safepoint    ] Safepoint "Cleanup", Time since last: 1599800100 ns, Reaching safepoint: 98800 ns, At safepoint: 7000 ns, Total: 105800 ns
[2020-09-28T09:21:44.265+0000][30964][safepoint    ] Safepoint "Cleanup", Time since last: 2000652400 ns, Reaching safepoint: 115400 ns, At safepoint: 4100 ns, Total: 119500 ns
[2020-09-28T09:21:46.267+0000][30964][safepoint    ] Safepoint "Cleanup", Time since last: 2000990500 ns, Reaching safepoint: 140600 ns, At safepoint: 11000 ns, Total: 151600 ns
[2020-09-28T09:21:47.267+0000][30964][safepoint    ] Safepoint "Cleanup", Time since last: 1000670800 ns, Reaching safepoint: 118400 ns, At safepoint: 6500 ns, Total: 124900 ns
[2020-09-28T09:21:48.268+0000][30964][safepoint    ] Safepoint "Cleanup", Time since last: 1000774200 ns, Reaching safepoint: 123400 ns, At safepoint: 5200 ns, Total: 128600 ns
[2020-09-28T09:21:50.269+0000][30964][safepoint    ] Safepoint "Cleanup", Time since last: 2000148600 ns, Reaching safepoint: 152000 ns, At safepoint: 5900 ns, Total: 157900 ns
[2020-09-28T09:21:51.269+0000][30964][safepoint    ] Safepoint "Cleanup", Time since last: 1000274900 ns, Reaching safepoint: 91000 ns, At safepoint: 3800 ns, Total: 94800 ns
[2020-09-28T09:21:52.270+0000][30964][safepoint    ] Safepoint "Cleanup", Time since last: 1000555900 ns, Reaching safepoint: 117500 ns, At safepoint: 6200 ns, Total: 123700 ns
[2020-09-28T09:21:53.270+0000][30964][safepoint    ] Safepoint "Cleanup", Time since last: 1000172100 ns, Reaching safepoint: 136700 ns, At safepoint: 3300 ns, Total: 140000 ns
[2020-09-28T09:21:54.270+0000][30964][safepoint    ] Safepoint "Cleanup", Time since last: 1000124400 ns, Reaching safepoint: 213200 ns, At safepoint: 9300 ns, Total: 222500 ns
[2020-09-28T09:21:55.271+0000][30964][safepoint    ] Safepoint "Cleanup", Time since last: 1000428500 ns, Reaching safepoint: 162300 ns, At safepoint: 8800 ns, Total: 171100 ns
[2020-09-28T09:21:56.271+0000][30964][safepoint    ] Safepoint "Cleanup", Time since last: 1000219800 ns, Reaching safepoint: 114100 ns, At safepoint: 6500 ns, Total: 120600 ns
[2020-09-28T09:21:57.272+0000][30964][safepoint    ] Safepoint "Cleanup", Time since last: 1000534500 ns, Reaching safepoint: 126400 ns, At safepoint: 12300 ns, Total: 138700 ns
[2020-09-28T09:21:58.273+0000][30964][safepoint    ] Safepoint "Cleanup", Time since last: 1000499500 ns, Reaching safepoint: 114000 ns, At safepoint: 5100 ns, Total: 119100 ns
[2020-09-28T09:21:59.273+0000][30964][safepoint    ] Safepoint "Cleanup", Time since last: 1000394300 ns, Reaching safepoint: 122600 ns, At safepoint: 6400 ns, Total: 129000 ns
[2020-09-28T09:22:00.274+0000][30964][safepoint    ] Safepoint "Cleanup", Time since last: 1000199300 ns, Reaching safepoint: 128100 ns, At safepoint: 8100 ns, Total: 136200 ns
[2020-09-28T09:22:01.274+0000][30964][safepoint    ] Safepoint "Cleanup", Time since last: 1000530300 ns, Reaching safepoint: 100900 ns, At safepoint: 5800 ns, Total: 106700 ns
[2020-09-28T09:22:02.275+0000][30964][safepoint    ] Safepoint "Cleanup", Time since last: 1000806400 ns, Reaching safepoint: 120700 ns, At safepoint: 21800 ns, Total: 142500 ns
[2020-09-28T09:22:03.275+0000][30964][safepoint    ] Safepoint "Cleanup", Time since last: 1000074600 ns, Reaching safepoint: 91000 ns, At safepoint: 4400 ns, Total: 95400 ns
[2020-09-28T09:22:04.276+0000][30964][safepoint    ] Safepoint "Cleanup", Time since last: 1000365100 ns, Reaching safepoint: 116500 ns, At safepoint: 6300 ns, Total: 122800 ns
[2020-09-28T09:22:05.276+0000][30964][safepoint    ] Safepoint "Cleanup", Time since last: 1000158700 ns, Reaching safepoint: 106800 ns, At safepoint: 5400 ns, Total: 112200 ns
[2020-09-28T09:22:06.277+0000][30964][safepoint    ] Safepoint "Cleanup", Time since last: 1000469800 ns, Reaching safepoint: 155500 ns, At safepoint: 20800 ns, Total: 176300 ns
[2020-09-28T09:22:07.277+0000][30964][safepoint    ] Safepoint "Cleanup", Time since last: 1000083500 ns, Reaching safepoint: 99600 ns, At safepoint: 5700 ns, Total: 105300 ns
[2020-09-28T09:22:08.277+0000][30964][safepoint    ] Safepoint "Cleanup", Time since last: 1000032600 ns, Reaching safepoint: 107900 ns, At safepoint: 4000 ns, Total: 111900 ns
[2020-09-28T09:22:09.278+0000][30964][safepoint    ] Safepoint "Cleanup", Time since last: 1000575400 ns, Reaching safepoint: 156200 ns, At safepoint: 5000 ns, Total: 161200 ns
[2020-09-28T09:22:10.278+0000][30964][safepoint    ] Safepoint "Cleanup", Time since last: 1000197000 ns, Reaching safepoint: 81900 ns, At safepoint: 2500 ns, Total: 84400 ns
[2020-09-28T09:22:12.270+0000][30964][safepoint    ] Safepoint "Cleanup", Time since last: 1991543800 ns, Reaching safepoint: 131700 ns, At safepoint: 6400 ns, Total: 138100 ns
[2020-09-28T09:22:13.271+0000][30964][safepoint    ] Safepoint "Cleanup", Time since last: 1000658800 ns, Reaching safepoint: 136500 ns, At safepoint: 21300 ns, Total: 157800 ns
[2020-09-28T09:22:14.271+0000][30964][safepoint    ] Safepoint "Cleanup", Time since last: 1000646600 ns, Reaching safepoint: 125000 ns, At safepoint: 6500 ns, Total: 131500 ns
[2020-09-28T09:22:15.272+0000][30964][safepoint    ] Safepoint "Cleanup", Time since last: 1000690700 ns, Reaching safepoint: 166900 ns, At safepoint: 4800 ns, Total: 171700 ns
[2020-09-28T09:22:17.272+0000][30964][safepoint    ] Safepoint "Cleanup", Time since last: 2000031100 ns, Reaching safepoint: 138800 ns, At safepoint: 26200 ns, Total: 165000 ns
[2020-09-28T09:22:18.273+0000][30964][safepoint    ] Safepoint "Cleanup", Time since last: 1000240300 ns, Reaching safepoint: 95800 ns, At safepoint: 3500 ns, Total: 99300 ns
[2020-09-28T09:22:19.274+0000][30964][safepoint    ] Safepoint "Cleanup", Time since last: 1000669900 ns, Reaching safepoint: 183000 ns, At safepoint: 37300 ns, Total: 220300 ns
[2020-09-28T09:22:20.274+0000][30964][safepoint    ] Safepoint "Cleanup", Time since last: 1000072400 ns, Reaching safepoint: 123700 ns, At safepoint: 6000 ns, Total: 129700 ns
[2020-09-28T09:22:21.274+0000][30964][safepoint    ] Safepoint "Cleanup", Time since last: 1000455300 ns, Reaching safepoint: 118300 ns, At safepoint: 6800 ns, Total: 125100 ns
[2020-09-28T09:22:22.275+0000][30964][safepoint    ] Safepoint "Cleanup", Time since last: 1000433200 ns, Reaching safepoint: 146000 ns, At safepoint: 8100 ns, Total: 154100 ns
[2020-09-28T09:22:23.276+0000][30964][safepoint    ] Safepoint "Cleanup", Time since last: 1000696000 ns, Reaching safepoint: 129200 ns, At safepoint: 6500 ns, Total: 135700 ns
[2020-09-28T09:22:24.277+0000][30964][safepoint    ] Safepoint "Cleanup", Time since last: 1000680300 ns, Reaching safepoint: 212900 ns, At safepoint: 8500 ns, Total: 221400 ns
[2020-09-28T09:22:25.277+0000][30964][safepoint    ] Safepoint "Cleanup", Time since last: 1000118000 ns, Reaching safepoint: 114500 ns, At safepoint: 7000 ns, Total: 121500 ns
[2020-09-28T09:22:26.278+0000][30964][safepoint    ] Safepoint "Cleanup", Time since last: 1000636000 ns, Reaching safepoint: 133200 ns, At safepoint: 5800 ns, Total: 139000 ns
[2020-09-28T09:22:27.279+0000][30964][safepoint    ] Safepoint "Cleanup", Time since last: 1000668900 ns, Reaching safepoint: 128200 ns, At safepoint: 3900 ns, Total: 132100 ns
[2020-09-28T09:22:28.279+0000][30964][safepoint    ] Safepoint "Cleanup", Time since last: 1000115100 ns, Reaching safepoint: 177500 ns, At safepoint: 5200 ns, Total: 182700 ns
[2020-09-28T09:22:29.279+0000][30964][safepoint    ] Safepoint "Cleanup", Time since last: 1000314500 ns, Reaching safepoint: 99000 ns, At safepoint: 9300 ns, Total: 108300 ns
[2020-09-28T09:22:30.280+0000][30964][safepoint    ] Safepoint "Cleanup", Time since last: 1000808200 ns, Reaching safepoint: 88200 ns, At safepoint: 2700 ns, Total: 90900 ns
[2020-09-28T09:22:31.281+0000][30964][safepoint    ] Safepoint "Cleanup", Time since last: 1000093200 ns, Reaching safepoint: 135900 ns, At safepoint: 4500 ns, Total: 140400 ns
[2020-09-28T09:22:33.281+0000][30964][safepoint    ] Safepoint "Cleanup", Time since last: 2000302100 ns, Reaching safepoint: 108400 ns, At safepoint: 5400 ns, Total: 113800 ns
[2020-09-28T09:22:34.282+0000][30964][safepoint    ] Safepoint "Cleanup", Time since last: 1000837900 ns, Reaching safepoint: 131100 ns, At safepoint: 8100 ns, Total: 139200 ns
[2020-09-28T09:22:35.282+0000][30964][safepoint    ] Safepoint "Cleanup", Time since last: 1000254900 ns, Reaching safepoint: 119800 ns, At safepoint: 6500 ns, Total: 126300 ns
[2020-09-28T09:22:36.282+0000][30964][safepoint    ] Safepoint "Cleanup", Time since last: 1000059100 ns, Reaching safepoint: 116500 ns, At safepoint: 5500 ns, Total: 122000 ns
[2020-09-28T09:22:37.283+0000][30964][safepoint    ] Safepoint "Cleanup", Time since last: 1000035200 ns, Reaching safepoint: 128000 ns, At safepoint: 6200 ns, Total: 134200 ns
[2020-09-28T09:22:38.284+0000][30964][safepoint    ] Safepoint "Cleanup", Time since last: 1000768300 ns, Reaching safepoint: 136100 ns, At safepoint: 5900 ns, Total: 142000 ns
[2020-09-28T09:22:39.284+0000][30964][safepoint    ] Safepoint "Cleanup", Time since last: 1000174600 ns, Reaching safepoint: 131200 ns, At safepoint: 5500 ns, Total: 136700 ns
[2020-09-28T09:22:40.284+0000][30964][safepoint    ] Safepoint "Cleanup", Time since last: 1000151900 ns, Reaching safepoint: 117800 ns, At safepoint: 2900 ns, Total: 120700 ns
[2020-09-28T09:22:42.270+0000][30964][safepoint    ] Safepoint "Cleanup", Time since last: 1985387600 ns, Reaching safepoint: 243300 ns, At safepoint: 19700 ns, Total: 263000 ns
[2020-09-28T09:22:43.270+0000][30964][safepoint    ] Safepoint "Cleanup", Time since last: 1000078300 ns, Reaching safepoint: 110600 ns, At safepoint: 6200 ns, Total: 116800 ns
[2020-09-28T09:22:44.271+0000][30964][safepoint    ] Safepoint "Cleanup", Time since last: 1000790400 ns, Reaching safepoint: 155600 ns, At safepoint: 8500 ns, Total: 164100 ns
[2020-09-28T09:22:45.271+0000][30964][safepoint    ] Safepoint "Cleanup", Time since last: 1000014600 ns, Reaching safepoint: 126600 ns, At safepoint: 7600 ns, Total: 134200 ns
[2020-09-28T09:22:46.272+0000][30964][safepoint    ] Safepoint "Cleanup", Time since last: 1000498600 ns, Reaching safepoint: 121400 ns, At safepoint: 6300 ns, Total: 127700 ns
[2020-09-28T09:22:47.273+0000][30964][safepoint    ] Safepoint "Cleanup", Time since last: 1000748600 ns, Reaching safepoint: 117600 ns, At safepoint: 5700 ns, Total: 123300 ns
[2020-09-28T09:22:48.273+0000][30964][safepoint    ] Safepoint "Cleanup", Time since last: 1000063100 ns, Reaching safepoint: 110500 ns, At safepoint: 3700 ns, Total: 114200 ns
[2020-09-28T09:22:50.273+0000][30964][safepoint    ] Safepoint "Cleanup", Time since last: 2000047600 ns, Reaching safepoint: 123800 ns, At safepoint: 6600 ns, Total: 130400 ns
[2020-09-28T09:22:51.273+0000][30964][safepoint    ] Safepoint "Cleanup", Time since last: 1000013700 ns, Reaching safepoint: 107200 ns, At safepoint: 2300 ns, Total: 109500 ns
[2020-09-28T09:22:52.274+0000][30964][safepoint    ] Safepoint "Cleanup", Time since last: 1000465000 ns, Reaching safepoint: 138000 ns, At safepoint: 5800 ns, Total: 143800 ns
[2020-09-28T09:22:53.274+0000][30964][safepoint    ] Safepoint "Cleanup", Time since last: 1000154000 ns, Reaching safepoint: 118100 ns, At safepoint: 4900 ns, Total: 123000 ns
[2020-09-28T09:22:54.274+0000][30964][safepoint    ] Safepoint "Cleanup", Time since last: 1000112500 ns, Reaching safepoint: 141200 ns, At safepoint: 7000 ns, Total: 148200 ns
[2020-09-28T09:22:55.275+0000][30964][safepoint    ] Safepoint "Cleanup", Time since last: 1000095400 ns, Reaching safepoint: 138500 ns, At safepoint: 8600 ns, Total: 147100 ns
[2020-09-28T09:22:56.275+0000][30964][safepoint    ] Safepoint "Cleanup", Time since last: 1000465500 ns, Reaching safepoint: 112800 ns, At safepoint: 5300 ns, Total: 118100 ns
[2020-09-28T09:22:57.275+0000][30964][safepoint    ] Safepoint "Cleanup", Time since last: 1000046900 ns, Reaching safepoint: 124300 ns, At safepoint: 6300 ns, Total: 130600 ns
[2020-09-28T09:22:58.276+0000][30964][safepoint    ] Safepoint "Cleanup", Time since last: 1000607000 ns, Reaching safepoint: 121800 ns, At safepoint: 8300 ns, Total: 130100 ns
[2020-09-28T09:22:59.277+0000][30964][safepoint    ] Safepoint "Cleanup", Time since last: 1000623300 ns, Reaching safepoint: 121200 ns, At safepoint: 6100 ns, Total: 127300 ns
[2020-09-28T09:23:00.277+0000][30964][safepoint    ] Safepoint "Cleanup", Time since last: 1000439100 ns, Reaching safepoint: 107900 ns, At safepoint: 8100 ns, Total: 116000 ns
[2020-09-28T09:23:01.278+0000][30964][safepoint    ] Safepoint "Cleanup", Time since last: 1000340800 ns, Reaching safepoint: 126000 ns, At safepoint: 5700 ns, Total: 131700 ns
[2020-09-28T09:23:02.278+0000][30964][safepoint    ] Safepoint "Cleanup", Time since last: 1000174600 ns, Reaching safepoint: 125900 ns, At safepoint: 6400 ns, Total: 132300 ns
[2020-09-28T09:23:04.279+0000][30964][safepoint    ] Safepoint "Cleanup", Time since last: 2000604600 ns, Reaching safepoint: 104900 ns, At safepoint: 8000 ns, Total: 112900 ns
[2020-09-28T09:23:05.280+0000][30964][safepoint    ] Safepoint "Cleanup", Time since last: 1000604800 ns, Reaching safepoint: 113400 ns, At safepoint: 6700 ns, Total: 120100 ns
[2020-09-28T09:23:06.281+0000][30964][safepoint    ] Safepoint "Cleanup", Time since last: 1000785700 ns, Reaching safepoint: 120400 ns, At safepoint: 7400 ns, Total: 127800 ns
[2020-09-28T09:23:07.281+0000][30964][safepoint    ] Safepoint "Cleanup", Time since last: 1000720900 ns, Reaching safepoint: 122100 ns, At safepoint: 6200 ns, Total: 128300 ns
[2020-09-28T09:23:08.282+0000][30964][safepoint    ] Safepoint "Cleanup", Time since last: 1000361600 ns, Reaching safepoint: 189300 ns, At safepoint: 10900 ns, Total: 200200 ns
[2020-09-28T09:23:09.282+0000][30964][safepoint    ] Safepoint "Cleanup", Time since last: 1000007400 ns, Reaching safepoint: 171100 ns, At safepoint: 8200 ns, Total: 179300 ns
[2020-09-28T09:23:11.283+0000][30964][safepoint    ] Safepoint "Cleanup", Time since last: 2000244800 ns, Reaching safepoint: 161900 ns, At safepoint: 9800 ns, Total: 171700 ns
[2020-09-28T09:23:12.284+0000][30964][safepoint    ] Safepoint "Cleanup", Time since last: 1000810500 ns, Reaching safepoint: 121300 ns, At safepoint: 6200 ns, Total: 127500 ns
[2020-09-28T09:23:13.284+0000][30964][safepoint    ] Safepoint "Cleanup", Time since last: 1000487500 ns, Reaching safepoint: 112400 ns, At safepoint: 5400 ns, Total: 117800 ns
[2020-09-28T09:23:14.285+0000][30964][safepoint    ] Safepoint "Cleanup", Time since last: 1000221500 ns, Reaching safepoint: 142000 ns, At safepoint: 16400 ns, Total: 158400 ns
[2020-09-28T09:23:15.285+0000][30964][safepoint    ] Safepoint "Cleanup", Time since last: 1000075100 ns, Reaching safepoint: 109600 ns, At safepoint: 8800 ns, Total: 118400 ns
[2020-09-28T09:23:16.285+0000][30964][safepoint    ] Safepoint "Cleanup", Time since last: 1000547700 ns, Reaching safepoint: 84500 ns, At safepoint: 3700 ns, Total: 88200 ns
[2020-09-28T09:23:17.286+0000][30964][safepoint    ] Safepoint "Cleanup", Time since last: 1000017500 ns, Reaching safepoint: 141500 ns, At safepoint: 6900 ns, Total: 148400 ns
[2020-09-28T09:23:18.286+0000][30964][safepoint    ] Safepoint "Cleanup", Time since last: 1000608500 ns, Reaching safepoint: 122100 ns, At safepoint: 3100 ns, Total: 125200 ns
[2020-09-28T09:23:19.287+0000][30964][safepoint    ] Safepoint "Cleanup", Time since last: 1000364600 ns, Reaching safepoint: 126300 ns, At safepoint: 6600 ns, Total: 132900 ns
[2020-09-28T09:23:20.287+0000][30964][safepoint    ] Safepoint "Cleanup", Time since last: 1000484600 ns, Reaching safepoint: 135000 ns, At safepoint: 5500 ns, Total: 140500 ns
[2020-09-28T09:23:21.288+0000][30964][safepoint    ] Safepoint "Cleanup", Time since last: 1000413800 ns, Reaching safepoint: 122000 ns, At safepoint: 6300 ns, Total: 128300 ns
[2020-09-28T09:23:22.288+0000][30964][safepoint    ] Safepoint "Cleanup", Time since last: 1000414500 ns, Reaching safepoint: 140100 ns, At safepoint: 2700 ns, Total: 142800 ns
[2020-09-28T09:23:23.289+0000][30964][safepoint    ] Safepoint "Cleanup", Time since last: 1000055900 ns, Reaching safepoint: 89900 ns, At safepoint: 6000 ns, Total: 95900 ns
[2020-09-28T09:23:25.289+0000][30964][safepoint    ] Safepoint "Cleanup", Time since last: 2000215300 ns, Reaching safepoint: 93400 ns, At safepoint: 65100 ns, Total: 158500 ns
[2020-09-28T09:23:26.289+0000][30964][safepoint    ] Safepoint "Cleanup", Time since last: 1000022000 ns, Reaching safepoint: 128500 ns, At safepoint: 7000 ns, Total: 135500 ns
[2020-09-28T09:23:27.290+0000][30964][safepoint    ] Safepoint "Cleanup", Time since last: 1000531700 ns, Reaching safepoint: 119900 ns, At safepoint: 21500 ns, Total: 141400 ns
[2020-09-28T09:23:28.290+0000][30964][safepoint    ] Safepoint "Cleanup", Time since last: 1000236700 ns, Reaching safepoint: 130800 ns, At safepoint: 6600 ns, Total: 137400 ns
[2020-09-28T09:23:29.291+0000][30964][safepoint    ] Safepoint "Cleanup", Time since last: 1000657900 ns, Reaching safepoint: 143400 ns, At safepoint: 5400 ns, Total: 148800 ns
[2020-09-28T09:23:31.291+0000][30964][safepoint    ] Safepoint "Cleanup", Time since last: 2000105100 ns, Reaching safepoint: 100900 ns, At safepoint: 7600 ns, Total: 108500 ns
[2020-09-28T09:23:32.292+0000][30964][safepoint    ] Safepoint "Cleanup", Time since last: 1000773200 ns, Reaching safepoint: 118400 ns, At safepoint: 5900 ns, Total: 124300 ns
[2020-09-28T09:23:33.293+0000][30964][safepoint    ] Safepoint "Cleanup", Time since last: 1000401100 ns, Reaching safepoint: 157100 ns, At safepoint: 5300 ns, Total: 162400 ns
[2020-09-28T09:23:34.294+0000][30964][safepoint    ] Safepoint "Cleanup", Time since last: 1000875900 ns, Reaching safepoint: 142200 ns, At safepoint: 5800 ns, Total: 148000 ns
[2020-09-28T09:23:35.295+0000][30964][safepoint    ] Safepoint "Cleanup", Time since last: 1000546600 ns, Reaching safepoint: 161000 ns, At safepoint: 6400 ns, Total: 167400 ns
[2020-09-28T09:23:36.295+0000][30964][safepoint    ] Safepoint "Cleanup", Time since last: 1000212200 ns, Reaching safepoint: 110400 ns, At safepoint: 6300 ns, Total: 116700 ns
[2020-09-28T09:23:37.295+0000][30964][safepoint    ] Safepoint "Cleanup", Time since last: 1000060200 ns, Reaching safepoint: 122200 ns, At safepoint: 5500 ns, Total: 127700 ns
[2020-09-28T09:23:38.296+0000][30964][safepoint    ] Safepoint "Cleanup", Time since last: 1000807200 ns, Reaching safepoint: 126300 ns, At safepoint: 21300 ns, Total: 147600 ns
[2020-09-28T09:23:39.296+0000][30964][safepoint    ] Safepoint "Cleanup", Time since last: 1000075900 ns, Reaching safepoint: 104900 ns, At safepoint: 10500 ns, Total: 115400 ns
[2020-09-28T09:23:40.297+0000][30964][safepoint    ] Safepoint "Cleanup", Time since last: 1000177300 ns, Reaching safepoint: 156900 ns, At safepoint: 21400 ns, Total: 178300 ns
[2020-09-28T09:23:42.273+0000][30964][safepoint    ] Safepoint "Cleanup", Time since last: 1976118900 ns, Reaching safepoint: 130300 ns, At safepoint: 5800 ns, Total: 136100 ns
[2020-09-28T09:23:43.274+0000][30964][safepoint    ] Safepoint "Cleanup", Time since last: 1000748100 ns, Reaching safepoint: 172800 ns, At safepoint: 5200 ns, Total: 178000 ns
[2020-09-28T09:23:44.274+0000][30964][safepoint    ] Safepoint "Cleanup", Time since last: 1000103400 ns, Reaching safepoint: 129000 ns, At safepoint: 6500 ns, Total: 135500 ns
[2020-09-28T09:23:46.274+0000][30964][safepoint    ] Safepoint "Cleanup", Time since last: 2000156900 ns, Reaching safepoint: 119900 ns, At safepoint: 21100 ns, Total: 141000 ns
[2020-09-28T09:23:48.275+0000][30964][safepoint    ] Safepoint "Cleanup", Time since last: 2000934200 ns, Reaching safepoint: 104900 ns, At safepoint: 7300 ns, Total: 112200 ns
[2020-09-28T09:23:49.276+0000][30964][safepoint    ] Safepoint "Cleanup", Time since last: 1000837400 ns, Reaching safepoint: 221500 ns, At safepoint: 5300 ns, Total: 226800 ns
[2020-09-28T09:23:50.277+0000][30964][safepoint    ] Safepoint "Cleanup", Time since last: 1000599900 ns, Reaching safepoint: 110000 ns, At safepoint: 6300 ns, Total: 116300 ns
[2020-09-28T09:23:51.278+0000][30964][safepoint    ] Safepoint "Cleanup", Time since last: 1000484400 ns, Reaching safepoint: 111100 ns, At safepoint: 6200 ns, Total: 117300 ns
[2020-09-28T09:23:53.278+0000][30964][safepoint    ] Safepoint "Cleanup", Time since last: 2000558300 ns, Reaching safepoint: 102100 ns, At safepoint: 4800 ns, Total: 106900 ns
[2020-09-28T09:23:54.279+0000][30964][safepoint    ] Safepoint "Cleanup", Time since last: 1000799800 ns, Reaching safepoint: 93900 ns, At safepoint: 6600 ns, Total: 100500 ns
[2020-09-28T09:23:55.280+0000][30964][safepoint    ] Safepoint "Cleanup", Time since last: 1000294800 ns, Reaching safepoint: 122700 ns, At safepoint: 4900 ns, Total: 127600 ns
[2020-09-28T09:23:56.281+0000][30964][safepoint    ] Safepoint "Cleanup", Time since last: 1000754300 ns, Reaching safepoint: 134900 ns, At safepoint: 6400 ns, Total: 141300 ns
[2020-09-28T09:23:57.282+0000][30964][safepoint    ] Safepoint "Cleanup", Time since last: 1000739500 ns, Reaching safepoint: 137300 ns, At safepoint: 5100 ns, Total: 142400 ns
[2020-09-28T09:23:58.282+0000][30964][safepoint    ] Safepoint "Cleanup", Time since last: 1000218700 ns, Reaching safepoint: 95100 ns, At safepoint: 3200 ns, Total: 98300 ns
[2020-09-28T09:23:59.282+0000][30964][safepoint    ] Safepoint "Cleanup", Time since last: 1000364800 ns, Reaching safepoint: 93100 ns, At safepoint: 6300 ns, Total: 99400 ns
[2020-09-28T09:24:00.283+0000][30964][safepoint    ] Safepoint "Cleanup", Time since last: 1000918300 ns, Reaching safepoint: 104100 ns, At safepoint: 3200 ns, Total: 107300 ns
[2020-09-28T09:24:01.284+0000][30964][safepoint    ] Safepoint "Cleanup", Time since last: 1000901100 ns, Reaching safepoint: 135300 ns, At safepoint: 6200 ns, Total: 141500 ns
[2020-09-28T09:24:02.285+0000][30964][safepoint    ] Safepoint "Cleanup", Time since last: 1000851100 ns, Reaching safepoint: 116700 ns, At safepoint: 17400 ns, Total: 134100 ns
[2020-09-28T09:24:03.286+0000][30964][safepoint    ] Safepoint "Cleanup", Time since last: 1000478600 ns, Reaching safepoint: 93400 ns, At safepoint: 5700 ns, Total: 99100 ns
[2020-09-28T09:24:04.287+0000][30964][safepoint    ] Safepoint "Cleanup", Time since last: 1000569400 ns, Reaching safepoint: 92200 ns, At safepoint: 7200 ns, Total: 99400 ns
[2020-09-28T09:24:05.288+0000][30964][safepoint    ] Safepoint "Cleanup", Time since last: 1000845500 ns, Reaching safepoint: 124900 ns, At safepoint: 7400 ns, Total: 132300 ns
[2020-09-28T09:24:07.288+0000][30964][safepoint    ] Safepoint "Cleanup", Time since last: 2000499300 ns, Reaching safepoint: 104700 ns, At safepoint: 9300 ns, Total: 114000 ns
[2020-09-28T09:24:09.289+0000][30964][safepoint    ] Safepoint "Cleanup", Time since last: 2000168200 ns, Reaching safepoint: 113600 ns, At safepoint: 4500 ns, Total: 118100 ns
[2020-09-28T09:24:10.289+0000][30964][safepoint    ] Safepoint "Cleanup", Time since last: 1000244200 ns, Reaching safepoint: 122900 ns, At safepoint: 5100 ns, Total: 128000 ns
[2020-09-28T09:24:12.275+0000][30964][safepoint    ] Safepoint "Cleanup", Time since last: 1986022000 ns, Reaching safepoint: 120400 ns, At safepoint: 20600 ns, Total: 141000 ns
[2020-09-28T09:24:13.275+0000][30964][safepoint    ] Safepoint "Cleanup", Time since last: 1000198000 ns, Reaching safepoint: 105400 ns, At safepoint: 6500 ns, Total: 111900 ns
[2020-09-28T09:24:14.276+0000][30964][safepoint    ] Safepoint "Cleanup", Time since last: 1000489000 ns, Reaching safepoint: 113200 ns, At safepoint: 6200 ns, Total: 119400 ns
[2020-09-28T09:24:15.276+0000][30964][safepoint    ] Safepoint "Cleanup", Time since last: 1000349700 ns, Reaching safepoint: 103600 ns, At safepoint: 6700 ns, Total: 110300 ns
[2020-09-28T09:24:16.277+0000][30964][safepoint    ] Safepoint "Cleanup", Time since last: 1000658700 ns, Reaching safepoint: 110300 ns, At safepoint: 6100 ns, Total: 116400 ns
[2020-09-28T09:24:17.278+0000][30964][safepoint    ] Safepoint "Cleanup", Time since last: 1000183500 ns, Reaching safepoint: 132100 ns, At safepoint: 6600 ns, Total: 138700 ns
[2020-09-28T09:24:18.278+0000][30964][safepoint    ] Safepoint "Cleanup", Time since last: 1000227400 ns, Reaching safepoint: 131300 ns, At safepoint: 5500 ns, Total: 136800 ns
[2020-09-28T09:24:19.278+0000][30964][safepoint    ] Safepoint "Cleanup", Time since last: 1000114100 ns, Reaching safepoint: 130100 ns, At safepoint: 8100 ns, Total: 138200 ns
[2020-09-28T09:24:20.279+0000][30964][safepoint    ] Safepoint "Cleanup", Time since last: 1000254400 ns, Reaching safepoint: 117500 ns, At safepoint: 3500 ns, Total: 121000 ns
[2020-09-28T09:24:22.279+0000][30964][safepoint    ] Safepoint "Cleanup", Time since last: 2000185400 ns, Reaching safepoint: 137200 ns, At safepoint: 6900 ns, Total: 144100 ns
[2020-09-28T09:24:23.279+0000][30964][safepoint    ] Safepoint "Cleanup", Time since last: 1000207500 ns, Reaching safepoint: 123100 ns, At safepoint: 8500 ns, Total: 131600 ns
[2020-09-28T09:24:24.280+0000][30964][safepoint    ] Safepoint "Cleanup", Time since last: 1000495200 ns, Reaching safepoint: 153800 ns, At safepoint: 5600 ns, Total: 159400 ns
[2020-09-28T09:24:25.281+0000][30964][safepoint    ] Safepoint "Cleanup", Time since last: 1000641900 ns, Reaching safepoint: 108900 ns, At safepoint: 8000 ns, Total: 116900 ns
[2020-09-28T09:24:27.282+0000][30964][safepoint    ] Safepoint "Cleanup", Time since last: 2000819800 ns, Reaching safepoint: 182900 ns, At safepoint: 5500 ns, Total: 188400 ns
[2020-09-28T09:24:28.283+0000][30964][safepoint    ] Safepoint "Cleanup", Time since last: 1000710600 ns, Reaching safepoint: 152700 ns, At safepoint: 8400 ns, Total: 161100 ns
[2020-09-28T09:24:29.283+0000][30964][safepoint    ] Safepoint "Cleanup", Time since last: 1000190900 ns, Reaching safepoint: 127200 ns, At safepoint: 8100 ns, Total: 135300 ns
[2020-09-28T09:24:30.284+0000][30964][safepoint    ] Safepoint "Cleanup", Time since last: 1000554600 ns, Reaching safepoint: 109800 ns, At safepoint: 6600 ns, Total: 116400 ns
[2020-09-28T09:24:31.284+0000][30964][safepoint    ] Safepoint "Cleanup", Time since last: 1000015300 ns, Reaching safepoint: 125900 ns, At safepoint: 7000 ns, Total: 132900 ns
[2020-09-28T09:24:32.284+0000][30964][safepoint    ] Safepoint "Cleanup", Time since last: 1000269500 ns, Reaching safepoint: 97900 ns, At safepoint: 7400 ns, Total: 105300 ns
[2020-09-28T09:24:33.285+0000][30964][safepoint    ] Safepoint "Cleanup", Time since last: 1000567500 ns, Reaching safepoint: 123300 ns, At safepoint: 5800 ns, Total: 129100 ns
[2020-09-28T09:24:34.285+0000][30964][safepoint    ] Safepoint "Cleanup", Time since last: 1000223300 ns, Reaching safepoint: 115200 ns, At safepoint: 7500 ns, Total: 122700 ns
[2020-09-28T09:24:35.286+0000][30964][safepoint    ] Safepoint "Cleanup", Time since last: 1000452100 ns, Reaching safepoint: 98900 ns, At safepoint: 7400 ns, Total: 106300 ns
[2020-09-28T09:24:36.286+0000][30964][safepoint    ] Safepoint "Cleanup", Time since last: 1000580500 ns, Reaching safepoint: 126300 ns, At safepoint: 5800 ns, Total: 132100 ns
[2020-09-28T09:24:37.287+0000][30964][safepoint    ] Safepoint "Cleanup", Time since last: 1000002600 ns, Reaching safepoint: 103400 ns, At safepoint: 8300 ns, Total: 111700 ns
[2020-09-28T09:24:38.287+0000][30964][safepoint    ] Safepoint "Cleanup", Time since last: 1000691200 ns, Reaching safepoint: 123400 ns, At safepoint: 6600 ns, Total: 130000 ns
[2020-09-28T09:24:39.288+0000][30964][safepoint    ] Safepoint "Cleanup", Time since last: 1000484200 ns, Reaching safepoint: 135400 ns, At safepoint: 5800 ns, Total: 141200 ns
[2020-09-28T09:24:40.288+0000][30964][safepoint    ] Safepoint "Cleanup", Time since last: 1000246300 ns, Reaching safepoint: 103800 ns, At safepoint: 6300 ns, Total: 110100 ns
[2020-09-28T09:24:42.277+0000][30964][safepoint    ] Safepoint "Cleanup", Time since last: 1988824700 ns, Reaching safepoint: 102200 ns, At safepoint: 7200 ns, Total: 109400 ns
[2020-09-28T09:24:43.278+0000][30964][safepoint    ] Safepoint "Cleanup", Time since last: 1000364700 ns, Reaching safepoint: 156400 ns, At safepoint: 12200 ns, Total: 168600 ns
[2020-09-28T09:24:44.278+0000][30964][safepoint    ] Safepoint "Cleanup", Time since last: 1000268700 ns, Reaching safepoint: 116400 ns, At safepoint: 8000 ns, Total: 124400 ns
[2020-09-28T09:24:45.279+0000][30964][safepoint    ] Safepoint "Cleanup", Time since last: 1000445200 ns, Reaching safepoint: 132600 ns, At safepoint: 9200 ns, Total: 141800 ns
[2020-09-28T09:24:46.279+0000][30964][safepoint    ] Safepoint "Cleanup", Time since last: 1000213500 ns, Reaching safepoint: 184500 ns, At safepoint: 5300 ns, Total: 189800 ns
[2020-09-28T09:24:47.280+0000][30964][safepoint    ] Safepoint "Cleanup", Time since last: 1000182900 ns, Reaching safepoint: 140800 ns, At safepoint: 11300 ns, Total: 152100 ns
[2020-09-28T09:24:49.280+0000][30964][safepoint    ] Safepoint "Cleanup", Time since last: 2000579400 ns, Reaching safepoint: 99600 ns, At safepoint: 5900 ns, Total: 105500 ns
[2020-09-28T09:24:50.280+0000][30964][safepoint    ] Safepoint "Cleanup", Time since last: 1000044600 ns, Reaching safepoint: 120700 ns, At safepoint: 3600 ns, Total: 124300 ns
[2020-09-28T09:24:51.281+0000][30964][safepoint    ] Safepoint "Cleanup", Time since last: 1000799000 ns, Reaching safepoint: 114400 ns, At safepoint: 6100 ns, Total: 120500 ns
[2020-09-28T09:24:52.282+0000][30964][safepoint    ] Safepoint "Cleanup", Time since last: 1000859200 ns, Reaching safepoint: 108700 ns, At safepoint: 5000 ns, Total: 113700 ns
[2020-09-28T09:24:53.283+0000][30964][safepoint    ] Safepoint "Cleanup", Time since last: 1000062800 ns, Reaching safepoint: 107500 ns, At safepoint: 5600 ns, Total: 113100 ns
[2020-09-28T09:24:54.283+0000][30964][safepoint    ] Safepoint "Cleanup", Time since last: 1000084000 ns, Reaching safepoint: 116000 ns, At safepoint: 5800 ns, Total: 121800 ns
[2020-09-28T09:24:55.283+0000][30964][safepoint    ] Safepoint "Cleanup", Time since last: 1000360500 ns, Reaching safepoint: 127500 ns, At safepoint: 4400 ns, Total: 131900 ns
[2020-09-28T09:24:56.284+0000][30964][safepoint    ] Safepoint "Cleanup", Time since last: 1000373000 ns, Reaching safepoint: 150100 ns, At safepoint: 6300 ns, Total: 156400 ns
[2020-09-28T09:24:57.284+0000][30964][safepoint    ] Safepoint "Cleanup", Time since last: 1000596300 ns, Reaching safepoint: 100300 ns, At safepoint: 20100 ns, Total: 120400 ns
[2020-09-28T09:24:58.285+0000][30964][safepoint    ] Safepoint "Cleanup", Time since last: 1000368400 ns, Reaching safepoint: 108600 ns, At safepoint: 6200 ns, Total: 114800 ns
[2020-09-28T09:24:59.286+0000][30964][safepoint    ] Safepoint "Cleanup", Time since last: 1000678100 ns, Reaching safepoint: 97500 ns, At safepoint: 6600 ns, Total: 104100 ns
[2020-09-28T09:25:00.286+0000][30964][safepoint    ] Safepoint "Cleanup", Time since last: 1000027300 ns, Reaching safepoint: 192400 ns, At safepoint: 5700 ns, Total: 198100 ns
[2020-09-28T09:25:01.286+0000][30964][safepoint    ] Safepoint "Cleanup", Time since last: 1000008400 ns, Reaching safepoint: 105400 ns, At safepoint: 6300 ns, Total: 111700 ns
[2020-09-28T09:25:02.287+0000][30964][safepoint    ] Safepoint "Cleanup", Time since last: 1000757700 ns, Reaching safepoint: 144400 ns, At safepoint: 5000 ns, Total: 149400 ns
[2020-09-28T09:25:04.288+0000][30964][safepoint    ] Safepoint "Cleanup", Time since last: 2000670700 ns, Reaching safepoint: 126000 ns, At safepoint: 5100 ns, Total: 131100 ns
[2020-09-28T09:25:05.288+0000][30964][safepoint    ] Safepoint "Cleanup", Time since last: 1000097700 ns, Reaching safepoint: 132400 ns, At safepoint: 6200 ns, Total: 138600 ns
[2020-09-28T09:25:06.289+0000][30964][safepoint    ] Safepoint "Cleanup", Time since last: 1000547500 ns, Reaching safepoint: 119200 ns, At safepoint: 5700 ns, Total: 124900 ns
[2020-09-28T09:25:07.289+0000][30964][safepoint    ] Safepoint "Cleanup", Time since last: 1000182500 ns, Reaching safepoint: 157900 ns, At safepoint: 7800 ns, Total: 165700 ns
[2020-09-28T09:25:08.290+0000][30964][safepoint    ] Safepoint "Cleanup", Time since last: 1000583600 ns, Reaching safepoint: 142600 ns, At safepoint: 4800 ns, Total: 147400 ns
[2020-09-28T09:25:09.290+0000][30964][safepoint    ] Safepoint "Cleanup", Time since last: 1000052300 ns, Reaching safepoint: 108900 ns, At safepoint: 6300 ns, Total: 115200 ns
[2020-09-28T09:25:10.290+0000][30964][safepoint    ] Safepoint "Cleanup", Time since last: 1000181600 ns, Reaching safepoint: 108100 ns, At safepoint: 7600 ns, Total: 115700 ns
[2020-09-28T09:25:11.291+0000][30964][safepoint    ] Safepoint "Cleanup", Time since last: 1000613200 ns, Reaching safepoint: 118200 ns, At safepoint: 6700 ns, Total: 124900 ns
[2020-09-28T09:25:13.292+0000][30964][safepoint    ] Safepoint "Cleanup", Time since last: 2000348500 ns, Reaching safepoint: 176400 ns, At safepoint: 7600 ns, Total: 184000 ns
[2020-09-28T09:25:14.292+0000][30964][safepoint    ] Safepoint "Cleanup", Time since last: 1000085100 ns, Reaching safepoint: 142000 ns, At safepoint: 7300 ns, Total: 149300 ns
[2020-09-28T09:25:15.374+0000][30964][safepoint    ] Safepoint "Cleanup", Time since last: 1082085900 ns, Reaching safepoint: 120800 ns, At safepoint: 9400 ns, Total: 130200 ns
[2020-09-28T09:25:16.375+0000][30964][safepoint    ] Safepoint "Cleanup", Time since last: 1000443300 ns, Reaching safepoint: 135200 ns, At safepoint: 6100 ns, Total: 141300 ns
[2020-09-28T09:25:17.375+0000][30964][safepoint    ] Safepoint "Cleanup", Time since last: 1000398600 ns, Reaching safepoint: 96900 ns, At safepoint: 9000 ns, Total: 105900 ns
[2020-09-28T09:25:18.376+0000][30964][safepoint    ] Safepoint "Cleanup", Time since last: 1000582500 ns, Reaching safepoint: 205800 ns, At safepoint: 7100 ns, Total: 212900 ns
[2020-09-28T09:25:19.376+0000][30964][safepoint    ] Safepoint "Cleanup", Time since last: 1000429800 ns, Reaching safepoint: 128900 ns, At safepoint: 6900 ns, Total: 135800 ns
[2020-09-28T09:25:20.377+0000][30964][safepoint    ] Safepoint "Cleanup", Time since last: 1000593800 ns, Reaching safepoint: 108800 ns, At safepoint: 21900 ns, Total: 130700 ns
[2020-09-28T09:25:21.378+0000][30964][safepoint    ] Safepoint "Cleanup", Time since last: 1000205800 ns, Reaching safepoint: 134700 ns, At safepoint: 8000 ns, Total: 142700 ns
[2020-09-28T09:25:22.378+0000][30964][safepoint    ] Safepoint "Cleanup", Time since last: 1000217500 ns, Reaching safepoint: 98900 ns, At safepoint: 6100 ns, Total: 105000 ns
[2020-09-28T09:25:24.379+0000][30964][safepoint    ] Safepoint "Cleanup", Time since last: 2000543900 ns, Reaching safepoint: 124200 ns, At safepoint: 7400 ns, Total: 131600 ns
[2020-09-28T09:25:25.379+0000][30964][safepoint    ] Safepoint "Cleanup", Time since last: 1000238200 ns, Reaching safepoint: 109500 ns, At safepoint: 4200 ns, Total: 113700 ns
[2020-09-28T09:25:27.379+0000][30964][safepoint    ] Safepoint "Cleanup", Time since last: 2000190600 ns, Reaching safepoint: 155300 ns, At safepoint: 12300 ns, Total: 167600 ns
[2020-09-28T09:25:28.380+0000][30964][safepoint    ] Safepoint "Cleanup", Time since last: 1000345600 ns, Reaching safepoint: 116300 ns, At safepoint: 6100 ns, Total: 122400 ns
[2020-09-28T09:25:29.380+0000][30964][safepoint    ] Safepoint "Cleanup", Time since last: 1000016500 ns, Reaching safepoint: 128400 ns, At safepoint: 2800 ns, Total: 131200 ns
[2020-09-28T09:25:30.380+0000][30964][safepoint    ] Safepoint "Cleanup", Time since last: 1000186500 ns, Reaching safepoint: 109200 ns, At safepoint: 5600 ns, Total: 114800 ns
[2020-09-28T09:25:32.381+0000][30964][safepoint    ] Safepoint "Cleanup", Time since last: 2000606900 ns, Reaching safepoint: 123300 ns, At safepoint: 4100 ns, Total: 127400 ns
[2020-09-28T09:25:33.381+0000][30964][safepoint    ] Safepoint "Cleanup", Time since last: 1000203100 ns, Reaching safepoint: 148500 ns, At safepoint: 5700 ns, Total: 154200 ns
[2020-09-28T09:25:34.382+0000][30964][safepoint    ] Safepoint "Cleanup", Time since last: 1000309700 ns, Reaching safepoint: 136600 ns, At safepoint: 5800 ns, Total: 142400 ns
[2020-09-28T09:25:35.382+0000][30964][safepoint    ] Safepoint "Cleanup", Time since last: 1000333500 ns, Reaching safepoint: 107100 ns, At safepoint: 6600 ns, Total: 113700 ns
[2020-09-28T09:25:36.382+0000][30964][safepoint    ] Safepoint "Cleanup", Time since last: 1000108700 ns, Reaching safepoint: 131400 ns, At safepoint: 5600 ns, Total: 137000 ns
[2020-09-28T09:25:37.383+0000][30964][safepoint    ] Safepoint "Cleanup", Time since last: 1000707400 ns, Reaching safepoint: 96700 ns, At safepoint: 6500 ns, Total: 103200 ns
[2020-09-28T09:25:38.384+0000][30964][safepoint    ] Safepoint "Cleanup", Time since last: 1000939400 ns, Reaching safepoint: 105200 ns, At safepoint: 6200 ns, Total: 111400 ns
[2020-09-28T09:25:39.385+0000][30964][safepoint    ] Safepoint "Cleanup", Time since last: 1000552200 ns, Reaching safepoint: 137600 ns, At safepoint: 21600 ns, Total: 159200 ns
[2020-09-28T09:25:40.386+0000][30964][safepoint    ] Safepoint "Cleanup", Time since last: 1000524900 ns, Reaching safepoint: 105900 ns, At safepoint: 3600 ns, Total: 109500 ns
[2020-09-28T09:25:42.283+0000][30964][safepoint    ] Safepoint "Cleanup", Time since last: 1896766500 ns, Reaching safepoint: 110700 ns, At safepoint: 5900 ns, Total: 116600 ns
[2020-09-28T09:25:43.283+0000][30964][safepoint    ] Safepoint "Cleanup", Time since last: 1000504400 ns, Reaching safepoint: 122000 ns, At safepoint: 9800 ns, Total: 131800 ns
[2020-09-28T09:25:44.283+0000][30964][safepoint    ] Safepoint "Cleanup", Time since last: 1000156600 ns, Reaching safepoint: 99600 ns, At safepoint: 6200 ns, Total: 105800 ns
[2020-09-28T09:25:45.284+0000][30964][safepoint    ] Safepoint "Cleanup", Time since last: 1000158800 ns, Reaching safepoint: 102300 ns, At safepoint: 7300 ns, Total: 109600 ns
[2020-09-28T09:25:46.284+0000][30964][safepoint    ] Safepoint "Cleanup", Time since last: 1000006600 ns, Reaching safepoint: 138400 ns, At safepoint: 5800 ns, Total: 144200 ns
[2020-09-28T09:25:47.285+0000][30964][safepoint    ] Safepoint "Cleanup", Time since last: 1000688500 ns, Reaching safepoint: 138400 ns, At safepoint: 5100 ns, Total: 143500 ns
[2020-09-28T09:25:49.285+0000][30964][safepoint    ] Safepoint "Cleanup", Time since last: 2000069300 ns, Reaching safepoint: 115700 ns, At safepoint: 5500 ns, Total: 121200 ns
[2020-09-28T09:25:50.286+0000][30964][safepoint    ] Safepoint "Cleanup", Time since last: 1000474500 ns, Reaching safepoint: 130000 ns, At safepoint: 9000 ns, Total: 139000 ns
[2020-09-28T09:25:51.286+0000][30964][safepoint    ] Safepoint "Cleanup", Time since last: 1000558600 ns, Reaching safepoint: 106200 ns, At safepoint: 6800 ns, Total: 113000 ns
[2020-09-28T09:25:52.287+0000][30964][safepoint    ] Safepoint "Cleanup", Time since last: 1000159200 ns, Reaching safepoint: 117100 ns, At safepoint: 15900 ns, Total: 133000 ns
[2020-09-28T09:25:53.287+0000][30964][safepoint    ] Safepoint "Cleanup", Time since last: 1000449700 ns, Reaching safepoint: 108800 ns, At safepoint: 7500 ns, Total: 116300 ns
[2020-09-28T09:25:55.288+0000][30964][safepoint    ] Safepoint "Cleanup", Time since last: 2000379200 ns, Reaching safepoint: 111900 ns, At safepoint: 7400 ns, Total: 119300 ns
[2020-09-28T09:25:57.288+0000][30964][safepoint    ] Safepoint "Cleanup", Time since last: 2000511100 ns, Reaching safepoint: 114400 ns, At safepoint: 6000 ns, Total: 120400 ns
[2020-09-28T09:25:58.289+0000][30964][safepoint    ] Safepoint "Cleanup", Time since last: 1000802200 ns, Reaching safepoint: 104300 ns, At safepoint: 3600 ns, Total: 107900 ns
[2020-09-28T09:25:59.290+0000][30964][safepoint    ] Safepoint "Cleanup", Time since last: 1000318300 ns, Reaching safepoint: 101600 ns, At safepoint: 3800 ns, Total: 105400 ns
[2020-09-28T09:26:00.290+0000][30964][safepoint    ] Safepoint "Cleanup", Time since last: 1000336200 ns, Reaching safepoint: 146900 ns, At safepoint: 17400 ns, Total: 164300 ns
[2020-09-28T09:26:01.291+0000][30964][safepoint    ] Safepoint "Cleanup", Time since last: 1000350400 ns, Reaching safepoint: 148500 ns, At safepoint: 6600 ns, Total: 155100 ns
[2020-09-28T09:26:02.291+0000][30964][safepoint    ] Safepoint "Cleanup", Time since last: 1000696300 ns, Reaching safepoint: 133200 ns, At safepoint: 13300 ns, Total: 146500 ns
[2020-09-28T09:26:03.292+0000][30964][safepoint    ] Safepoint "Cleanup", Time since last: 1000738600 ns, Reaching safepoint: 101400 ns, At safepoint: 7500 ns, Total: 108900 ns
[2020-09-28T09:26:04.293+0000][30964][safepoint    ] Safepoint "Cleanup", Time since last: 1000344000 ns, Reaching safepoint: 114000 ns, At safepoint: 4900 ns, Total: 118900 ns
[2020-09-28T09:26:05.293+0000][30964][safepoint    ] Safepoint "Cleanup", Time since last: 1000511400 ns, Reaching safepoint: 125200 ns, At safepoint: 6300 ns, Total: 131500 ns
[2020-09-28T09:26:06.294+0000][30964][safepoint    ] Safepoint "Cleanup", Time since last: 1000860100 ns, Reaching safepoint: 116400 ns, At safepoint: 6600 ns, Total: 123000 ns
[2020-09-28T09:26:07.295+0000][30964][safepoint    ] Safepoint "Cleanup", Time since last: 1000335200 ns, Reaching safepoint: 139900 ns, At safepoint: 8000 ns, Total: 147900 ns
[2020-09-28T09:26:08.296+0000][30964][safepoint    ] Safepoint "Cleanup", Time since last: 1000592200 ns, Reaching safepoint: 175900 ns, At safepoint: 6500 ns, Total: 182400 ns
[2020-09-28T09:26:09.297+0000][30964][safepoint    ] Safepoint "Cleanup", Time since last: 1000762500 ns, Reaching safepoint: 113600 ns, At safepoint: 7600 ns, Total: 121200 ns
[2020-09-28T09:26:10.297+0000][30964][safepoint    ] Safepoint "Cleanup", Time since last: 1000486700 ns, Reaching safepoint: 151100 ns, At safepoint: 5400 ns, Total: 156500 ns
[2020-09-28T09:26:11.297+0000][30964][safepoint    ] Safepoint "Cleanup", Time since last: 1000051200 ns, Reaching safepoint: 103400 ns, At safepoint: 7100 ns, Total: 110500 ns
[2020-09-28T09:26:13.298+0000][30964][safepoint    ] Safepoint "Cleanup", Time since last: 2000297400 ns, Reaching safepoint: 135400 ns, At safepoint: 6200 ns, Total: 141600 ns
[2020-09-28T09:26:15.299+0000][30964][safepoint    ] Safepoint "Cleanup", Time since last: 2000877000 ns, Reaching safepoint: 122100 ns, At safepoint: 6400 ns, Total: 128500 ns
[2020-09-28T09:26:16.335+0000][30964][safepoint    ] Safepoint "Cleanup", Time since last: 1035729100 ns, Reaching safepoint: 126600 ns, At safepoint: 5300 ns, Total: 131900 ns
[2020-09-28T09:26:17.336+0000][30964][safepoint    ] Safepoint "Cleanup", Time since last: 1000791100 ns, Reaching safepoint: 105900 ns, At safepoint: 3300 ns, Total: 109200 ns
[2020-09-28T09:26:18.336+0000][30964][safepoint    ] Safepoint "Cleanup", Time since last: 1000589000 ns, Reaching safepoint: 119400 ns, At safepoint: 7900 ns, Total: 127300 ns
[2020-09-28T09:26:19.337+0000][30964][safepoint    ] Safepoint "Cleanup", Time since last: 1000724400 ns, Reaching safepoint: 115600 ns, At safepoint: 5500 ns, Total: 121100 ns
[2020-09-28T09:26:20.338+0000][30964][safepoint    ] Safepoint "Cleanup", Time since last: 1000816500 ns, Reaching safepoint: 116600 ns, At safepoint: 6200 ns, Total: 122800 ns
[2020-09-28T09:26:21.338+0000][30964][safepoint    ] Safepoint "Cleanup", Time since last: 1000283700 ns, Reaching safepoint: 123100 ns, At safepoint: 5000 ns, Total: 128100 ns
[2020-09-28T09:26:22.339+0000][30964][safepoint    ] Safepoint "Cleanup", Time since last: 1000314200 ns, Reaching safepoint: 135200 ns, At safepoint: 5700 ns, Total: 140900 ns
[2020-09-28T09:26:23.340+0000][30964][safepoint    ] Safepoint "Cleanup", Time since last: 1000536000 ns, Reaching safepoint: 123700 ns, At safepoint: 6500 ns, Total: 130200 ns
[2020-09-28T09:26:24.340+0000][30964][safepoint    ] Safepoint "Cleanup", Time since last: 1000613300 ns, Reaching safepoint: 107800 ns, At safepoint: 5400 ns, Total: 113200 ns
[2020-09-28T09:26:25.341+0000][30964][safepoint    ] Safepoint "Cleanup", Time since last: 1000716500 ns, Reaching safepoint: 105500 ns, At safepoint: 5600 ns, Total: 111100 ns
[2020-09-28T09:26:26.342+0000][30964][safepoint    ] Safepoint "Cleanup", Time since last: 1000861900 ns, Reaching safepoint: 141700 ns, At safepoint: 20600 ns, Total: 162300 ns
[2020-09-28T09:26:27.342+0000][30964][safepoint    ] Safepoint "Cleanup", Time since last: 1000001700 ns, Reaching safepoint: 104500 ns, At safepoint: 6100 ns, Total: 110600 ns
[2020-09-28T09:26:28.343+0000][30964][safepoint    ] Safepoint "Cleanup", Time since last: 1000815800 ns, Reaching safepoint: 110000 ns, At safepoint: 6300 ns, Total: 116300 ns
[2020-09-28T09:26:29.343+0000][30964][safepoint    ] Safepoint "Cleanup", Time since last: 1000032100 ns, Reaching safepoint: 140700 ns, At safepoint: 5300 ns, Total: 146000 ns
[2020-09-28T09:26:31.344+0000][30964][safepoint    ] Safepoint "Cleanup", Time since last: 2000446700 ns, Reaching safepoint: 132600 ns, At safepoint: 5600 ns, Total: 138200 ns
[2020-09-28T09:26:33.345+0000][30964][safepoint    ] Safepoint "Cleanup", Time since last: 2000324400 ns, Reaching safepoint: 105500 ns, At safepoint: 6300 ns, Total: 111800 ns
[2020-09-28T09:26:34.345+0000][30964][safepoint    ] Safepoint "Cleanup", Time since last: 1000842100 ns, Reaching safepoint: 121600 ns, At safepoint: 5600 ns, Total: 127200 ns
[2020-09-28T09:26:35.346+0000][30964][safepoint    ] Safepoint "Cleanup", Time since last: 1000768400 ns, Reaching safepoint: 110300 ns, At safepoint: 3500 ns, Total: 113800 ns
[2020-09-28T09:26:36.347+0000][30964][safepoint    ] Safepoint "Cleanup", Time since last: 1000175600 ns, Reaching safepoint: 139400 ns, At safepoint: 7000 ns, Total: 146400 ns
[2020-09-28T09:26:37.348+0000][30964][safepoint    ] Safepoint "Cleanup", Time since last: 1000797300 ns, Reaching safepoint: 149400 ns, At safepoint: 4700 ns, Total: 154100 ns
[2020-09-28T09:26:38.348+0000][30964][safepoint    ] Safepoint "Cleanup", Time since last: 1000409900 ns, Reaching safepoint: 92200 ns, At safepoint: 6500 ns, Total: 98700 ns
[2020-09-28T09:26:39.349+0000][30964][safepoint    ] Safepoint "Cleanup", Time since last: 1000813000 ns, Reaching safepoint: 130300 ns, At safepoint: 21900 ns, Total: 152200 ns
[2020-09-28T09:26:40.349+0000][30964][safepoint    ] Safepoint "Cleanup", Time since last: 1000249300 ns, Reaching safepoint: 134800 ns, At safepoint: 6400 ns, Total: 141200 ns
[2020-09-28T09:26:42.284+0000][30964][safepoint    ] Safepoint "Cleanup", Time since last: 1934766300 ns, Reaching safepoint: 205500 ns, At safepoint: 23400 ns, Total: 228900 ns
[2020-09-28T09:26:43.285+0000][30964][safepoint    ] Safepoint "Cleanup", Time since last: 1000725200 ns, Reaching safepoint: 125300 ns, At safepoint: 6800 ns, Total: 132100 ns
[2020-09-28T09:26:44.286+0000][30964][safepoint    ] Safepoint "Cleanup", Time since last: 1000218400 ns, Reaching safepoint: 153900 ns, At safepoint: 24100 ns, Total: 178000 ns
[2020-09-28T09:26:45.286+0000][30964][safepoint    ] Safepoint "Cleanup", Time since last: 1000305200 ns, Reaching safepoint: 128600 ns, At safepoint: 8100 ns, Total: 136700 ns
[2020-09-28T09:26:46.287+0000][30964][safepoint    ] Safepoint "Cleanup", Time since last: 1000362700 ns, Reaching safepoint: 143200 ns, At safepoint: 7700 ns, Total: 150900 ns
[2020-09-28T09:26:47.287+0000][30964][safepoint    ] Safepoint "Cleanup", Time since last: 1000258700 ns, Reaching safepoint: 112700 ns, At safepoint: 7800 ns, Total: 120500 ns
[2020-09-28T09:26:49.288+0000][30964][safepoint    ] Safepoint "Cleanup", Time since last: 2000642900 ns, Reaching safepoint: 91000 ns, At safepoint: 3500 ns, Total: 94500 ns
[2020-09-28T09:26:50.288+0000][30964][safepoint    ] Safepoint "Cleanup", Time since last: 1000327500 ns, Reaching safepoint: 115200 ns, At safepoint: 7600 ns, Total: 122800 ns
[2020-09-28T09:26:51.289+0000][30964][safepoint    ] Safepoint "Cleanup", Time since last: 1000858900 ns, Reaching safepoint: 122000 ns, At safepoint: 6400 ns, Total: 128400 ns
[2020-09-28T09:26:52.290+0000][30964][safepoint    ] Safepoint "Cleanup", Time since last: 1000579600 ns, Reaching safepoint: 102900 ns, At safepoint: 7100 ns, Total: 110000 ns
[2020-09-28T09:26:53.291+0000][30964][safepoint    ] Safepoint "Cleanup", Time since last: 1000477000 ns, Reaching safepoint: 132100 ns, At safepoint: 4100 ns, Total: 136200 ns
[2020-09-28T09:26:54.291+0000][30964][safepoint    ] Safepoint "Cleanup", Time since last: 1000279700 ns, Reaching safepoint: 99000 ns, At safepoint: 6300 ns, Total: 105300 ns
[2020-09-28T09:26:55.291+0000][30964][safepoint    ] Safepoint "Cleanup", Time since last: 1000174200 ns, Reaching safepoint: 127300 ns, At safepoint: 6200 ns, Total: 133500 ns
[2020-09-28T09:26:55.719+0000][30964][gc,start     ] GC(19) Pause Young (Normal) (G1 Evacuation Pause)
[2020-09-28T09:26:55.719+0000][30964][gc,task      ] GC(19) Using 8 workers of 8 for evacuation
[2020-09-28T09:26:55.719+0000][30964][gc,age       ] GC(19) Desired survivor size 33030144 bytes, new threshold 15 (max threshold 15)
[2020-09-28T09:26:55.747+0000][30964][gc,age       ] GC(19) Age table with threshold 15 (max threshold 15)
[2020-09-28T09:26:55.747+0000][30964][gc,age       ] GC(19) - age   1:     299952 bytes,     299952 total
[2020-09-28T09:26:55.747+0000][30964][gc,age       ] GC(19) - age   2:    1288008 bytes,    1587960 total
[2020-09-28T09:26:55.747+0000][30964][gc,age       ] GC(19) - age   3:     259792 bytes,    1847752 total
[2020-09-28T09:26:55.747+0000][30964][gc,age       ] GC(19) - age   4:    2068824 bytes,    3916576 total
[2020-09-28T09:26:55.747+0000][30964][gc,age       ] GC(19) - age   5:     676992 bytes,    4593568 total
[2020-09-28T09:26:55.747+0000][30964][gc,age       ] GC(19) - age   6:   10736600 bytes,   15330168 total
[2020-09-28T09:26:55.747+0000][30964][gc,age       ] GC(19) - age   7:    7894808 bytes,   23224976 total
[2020-09-28T09:26:55.747+0000][30964][gc,phases    ] GC(19)   Pre Evacuate Collection Set: 0.1ms
[2020-09-28T09:26:55.747+0000][30964][gc,phases    ] GC(19)   Merge Heap Roots: 0.1ms
[2020-09-28T09:26:55.747+0000][30964][gc,phases    ] GC(19)   Evacuate Collection Set: 25.1ms
[2020-09-28T09:26:55.747+0000][30964][gc,phases    ] GC(19)   Post Evacuate Collection Set: 2.3ms
[2020-09-28T09:26:55.747+0000][30964][gc,phases    ] GC(19)   Other: 0.4ms
[2020-09-28T09:26:55.747+0000][30964][gc,heap      ] GC(19) Eden regions: 471->0(483)
[2020-09-28T09:26:55.747+0000][30964][gc,heap      ] GC(19) Survivor regions: 27->25(63)
[2020-09-28T09:26:55.747+0000][30964][gc,heap      ] GC(19) Old regions: 50->50
[2020-09-28T09:26:55.747+0000][30964][gc,heap      ] GC(19) Archive regions: 0->0
[2020-09-28T09:26:55.747+0000][30964][gc,heap      ] GC(19) Humongous regions: 212->174
[2020-09-28T09:26:55.747+0000][30964][gc,metaspace ] GC(19) Metaspace: 82152K(88192K)->82152K(88192K) NonClass: 71345K(75008K)->71345K(75008K) Class: 10806K(13184K)->10806K(13184K)
[2020-09-28T09:26:55.747+0000][30964][gc           ] GC(19) Pause Young (Normal) (G1 Evacuation Pause) 759M->248M(1024M) 28.248ms
[2020-09-28T09:26:55.747+0000][30964][gc,cpu       ] GC(19) User=0.17s Sys=0.05s Real=0.03s
[2020-09-28T09:26:55.747+0000][30964][safepoint    ] Safepoint "G1CollectForAllocation", Time since last: 427881300 ns, Reaching safepoint: 94400 ns, At safepoint: 28378500 ns, Total: 28472900 ns
[2020-09-28T09:26:56.748+0000][30964][safepoint    ] Safepoint "Cleanup", Time since last: 1000296000 ns, Reaching safepoint: 111200 ns, At safepoint: 4600 ns, Total: 115800 ns
[2020-09-28T09:26:57.748+0000][30964][safepoint    ] Safepoint "Cleanup", Time since last: 1000258700 ns, Reaching safepoint: 114700 ns, At safepoint: 11600 ns, Total: 126300 ns
[2020-09-28T09:26:58.749+0000][30964][safepoint    ] Safepoint "Cleanup", Time since last: 1000446700 ns, Reaching safepoint: 129000 ns, At safepoint: 6300 ns, Total: 135300 ns
[2020-09-28T09:26:59.749+0000][30964][safepoint    ] Safepoint "Cleanup", Time since last: 1000249100 ns, Reaching safepoint: 321100 ns, At safepoint: 6800 ns, Total: 327900 ns
[2020-09-28T09:27:00.750+0000][30964][safepoint    ] Safepoint "Cleanup", Time since last: 1000529700 ns, Reaching safepoint: 139500 ns, At safepoint: 6200 ns, Total: 145700 ns
[2020-09-28T09:27:01.751+0000][30964][safepoint    ] Safepoint "Cleanup", Time since last: 1000785900 ns, Reaching safepoint: 136900 ns, At safepoint: 6300 ns, Total: 143200 ns
[2020-09-28T09:27:02.752+0000][30964][safepoint    ] Safepoint "Cleanup", Time since last: 1000829700 ns, Reaching safepoint: 127000 ns, At safepoint: 5200 ns, Total: 132200 ns
[2020-09-28T09:27:03.753+0000][30964][safepoint    ] Safepoint "Cleanup", Time since last: 1000307600 ns, Reaching safepoint: 138100 ns, At safepoint: 6100 ns, Total: 144200 ns
[2020-09-28T09:27:04.753+0000][30964][safepoint    ] Safepoint "Cleanup", Time since last: 1000458600 ns, Reaching safepoint: 118900 ns, At safepoint: 6800 ns, Total: 125700 ns
[2020-09-28T09:27:05.754+0000][30964][safepoint    ] Safepoint "Cleanup", Time since last: 1000569500 ns, Reaching safepoint: 165400 ns, At safepoint: 6200 ns, Total: 171600 ns
[2020-09-28T09:27:06.755+0000][30964][safepoint    ] Safepoint "Cleanup", Time since last: 1000519200 ns, Reaching safepoint: 182200 ns, At safepoint: 20000 ns, Total: 202200 ns
[2020-09-28T09:27:07.755+0000][30964][safepoint    ] Safepoint "Cleanup", Time since last: 1000509700 ns, Reaching safepoint: 103900 ns, At safepoint: 6600 ns, Total: 110500 ns
[2020-09-28T09:27:08.755+0000][30964][safepoint    ] Safepoint "Cleanup", Time since last: 1000032700 ns, Reaching safepoint: 136700 ns, At safepoint: 5900 ns, Total: 142600 ns
[2020-09-28T09:27:09.756+0000][30964][safepoint    ] Safepoint "Cleanup", Time since last: 1000721300 ns, Reaching safepoint: 104700 ns, At safepoint: 6700 ns, Total: 111400 ns
[2020-09-28T09:27:10.757+0000][30964][safepoint    ] Safepoint "Cleanup", Time since last: 1000183100 ns, Reaching safepoint: 177800 ns, At safepoint: 7100 ns, Total: 184900 ns
[2020-09-28T09:27:12.287+0000][30964][safepoint    ] Safepoint "Cleanup", Time since last: 1530303300 ns, Reaching safepoint: 122100 ns, At safepoint: 6300 ns, Total: 128400 ns
[2020-09-28T09:27:13.288+0000][30964][safepoint    ] Safepoint "Cleanup", Time since last: 1000353100 ns, Reaching safepoint: 109800 ns, At safepoint: 3400 ns, Total: 113200 ns
[2020-09-28T09:27:14.288+0000][30964][safepoint    ] Safepoint "Cleanup", Time since last: 1000614600 ns, Reaching safepoint: 179900 ns, At safepoint: 6200 ns, Total: 186100 ns
[2020-09-28T09:27:15.289+0000][30964][safepoint    ] Safepoint "Cleanup", Time since last: 1000793300 ns, Reaching safepoint: 170900 ns, At safepoint: 6300 ns, Total: 177200 ns
[2020-09-28T09:27:17.290+0000][30964][safepoint    ] Safepoint "Cleanup", Time since last: 2000040800 ns, Reaching safepoint: 114600 ns, At safepoint: 6300 ns, Total: 120900 ns
[2020-09-28T09:27:18.290+0000][30964][safepoint    ] Safepoint "Cleanup", Time since last: 1000105900 ns, Reaching safepoint: 112100 ns, At safepoint: 8300 ns, Total: 120400 ns
[2020-09-28T09:27:19.290+0000][30964][safepoint    ] Safepoint "Cleanup", Time since last: 1000109400 ns, Reaching safepoint: 97600 ns, At safepoint: 3100 ns, Total: 100700 ns
[2020-09-28T09:27:20.290+0000][30964][safepoint    ] Safepoint "Cleanup", Time since last: 1000168400 ns, Reaching safepoint: 124700 ns, At safepoint: 6300 ns, Total: 131000 ns
[2020-09-28T09:27:21.291+0000][30964][safepoint    ] Safepoint "Cleanup", Time since last: 1000574600 ns, Reaching safepoint: 139300 ns, At safepoint: 4400 ns, Total: 143700 ns
[2020-09-28T09:27:22.292+0000][30964][safepoint    ] Safepoint "Cleanup", Time since last: 1000730100 ns, Reaching safepoint: 99100 ns, At safepoint: 7000 ns, Total: 106100 ns
[2020-09-28T09:27:23.292+0000][30964][safepoint    ] Safepoint "Cleanup", Time since last: 1000173800 ns, Reaching safepoint: 130300 ns, At safepoint: 5600 ns, Total: 135900 ns
[2020-09-28T09:27:24.293+0000][30964][safepoint    ] Safepoint "Cleanup", Time since last: 1000233300 ns, Reaching safepoint: 131200 ns, At safepoint: 21500 ns, Total: 152700 ns
[2020-09-28T09:27:25.293+0000][30964][safepoint    ] Safepoint "Cleanup", Time since last: 1000601500 ns, Reaching safepoint: 151100 ns, At safepoint: 12100 ns, Total: 163200 ns
[2020-09-28T09:27:26.294+0000][30964][safepoint    ] Safepoint "Cleanup", Time since last: 1000712600 ns, Reaching safepoint: 116900 ns, At safepoint: 6000 ns, Total: 122900 ns
[2020-09-28T09:27:27.978+0000][30964][safepoint    ] Safepoint "Cleanup", Time since last: 1683260200 ns, Reaching safepoint: 141700 ns, At safepoint: 6100 ns, Total: 147800 ns
[2020-09-28T09:27:28.978+0000][30964][safepoint    ] Safepoint "Cleanup", Time since last: 1000614400 ns, Reaching safepoint: 151900 ns, At safepoint: 5800 ns, Total: 157700 ns
[2020-09-28T09:27:29.979+0000][30964][safepoint    ] Safepoint "Cleanup", Time since last: 1000046200 ns, Reaching safepoint: 213100 ns, At safepoint: 7300 ns, Total: 220400 ns
[2020-09-28T09:27:30.979+0000][30964][safepoint    ] Safepoint "Cleanup", Time since last: 1000260800 ns, Reaching safepoint: 102200 ns, At safepoint: 8000 ns, Total: 110200 ns
[2020-09-28T09:27:31.979+0000][30964][safepoint    ] Safepoint "Cleanup", Time since last: 1000193100 ns, Reaching safepoint: 163300 ns, At safepoint: 24700 ns, Total: 188000 ns
[2020-09-28T09:27:32.980+0000][30964][safepoint    ] Safepoint "Cleanup", Time since last: 1000436600 ns, Reaching safepoint: 136300 ns, At safepoint: 19900 ns, Total: 156200 ns
[2020-09-28T09:27:33.980+0000][30964][safepoint    ] Safepoint "Cleanup", Time since last: 1000229600 ns, Reaching safepoint: 111600 ns, At safepoint: 56300 ns, Total: 167900 ns
[2020-09-28T09:27:34.981+0000][30964][safepoint    ] Safepoint "Cleanup", Time since last: 1000520700 ns, Reaching safepoint: 105900 ns, At safepoint: 76700 ns, Total: 182600 ns
[2020-09-28T09:27:35.981+0000][30964][safepoint    ] Safepoint "Cleanup", Time since last: 1000083900 ns, Reaching safepoint: 109300 ns, At safepoint: 7700 ns, Total: 117000 ns
[2020-09-28T09:27:36.982+0000][30964][safepoint    ] Safepoint "Cleanup", Time since last: 1000104800 ns, Reaching safepoint: 126400 ns, At safepoint: 6100 ns, Total: 132500 ns
[2020-09-28T09:27:37.982+0000][30964][safepoint    ] Safepoint "Cleanup", Time since last: 1000493500 ns, Reaching safepoint: 121600 ns, At safepoint: 73900 ns, Total: 195500 ns
[2020-09-28T09:27:38.983+0000][30964][safepoint    ] Safepoint "Cleanup", Time since last: 1000720500 ns, Reaching safepoint: 119900 ns, At safepoint: 6300 ns, Total: 126200 ns
[2020-09-28T09:27:39.984+0000][30964][safepoint    ] Safepoint "Cleanup", Time since last: 1000534200 ns, Reaching safepoint: 145400 ns, At safepoint: 72700 ns, Total: 218100 ns
[2020-09-28T09:27:41.984+0000][30964][safepoint    ] Safepoint "Cleanup", Time since last: 2000568200 ns, Reaching safepoint: 118200 ns, At safepoint: 6200 ns, Total: 124400 ns
[2020-09-28T09:27:43.985+0000][30964][safepoint    ] Safepoint "Cleanup", Time since last: 2000362200 ns, Reaching safepoint: 115500 ns, At safepoint: 6800 ns, Total: 122300 ns
[2020-09-28T09:27:44.985+0000][30964][safepoint    ] Safepoint "Cleanup", Time since last: 1000356500 ns, Reaching safepoint: 131800 ns, At safepoint: 4500 ns, Total: 136300 ns
[2020-09-28T09:27:46.986+0000][30964][safepoint    ] Safepoint "Cleanup", Time since last: 1999867200 ns, Reaching safepoint: 145200 ns, At safepoint: 13000 ns, Total: 158200 ns
[2020-09-28T09:27:47.986+0000][30964][safepoint    ] Safepoint "Cleanup", Time since last: 1000590900 ns, Reaching safepoint: 104600 ns, At safepoint: 7900 ns, Total: 112500 ns
[2020-09-28T09:27:48.986+0000][30964][safepoint    ] Safepoint "Cleanup", Time since last: 1000080900 ns, Reaching safepoint: 134500 ns, At safepoint: 6100 ns, Total: 140600 ns
[2020-09-28T09:27:49.987+0000][30964][safepoint    ] Safepoint "Cleanup", Time since last: 1000719700 ns, Reaching safepoint: 118600 ns, At safepoint: 6000 ns, Total: 124600 ns
[2020-09-28T09:27:50.988+0000][30964][safepoint    ] Safepoint "Cleanup", Time since last: 1000261500 ns, Reaching safepoint: 105600 ns, At safepoint: 7700 ns, Total: 113300 ns
[2020-09-28T09:27:51.988+0000][30964][safepoint    ] Safepoint "Cleanup", Time since last: 1000117400 ns, Reaching safepoint: 116300 ns, At safepoint: 7800 ns, Total: 124100 ns
[2020-09-28T09:27:52.989+0000][30964][safepoint    ] Safepoint "Cleanup", Time since last: 1000818700 ns, Reaching safepoint: 143300 ns, At safepoint: 5900 ns, Total: 149200 ns
[2020-09-28T09:27:53.990+0000][30964][safepoint    ] Safepoint "Cleanup", Time since last: 1000688500 ns, Reaching safepoint: 182400 ns, At safepoint: 5200 ns, Total: 187600 ns
[2020-09-28T09:27:54.990+0000][30964][safepoint    ] Safepoint "Cleanup", Time since last: 1000382700 ns, Reaching safepoint: 103100 ns, At safepoint: 2500 ns, Total: 105600 ns
[2020-09-28T09:27:56.015+0000][30964][safepoint    ] Safepoint "Cleanup", Time since last: 1024503000 ns, Reaching safepoint: 113700 ns, At safepoint: 2600 ns, Total: 116300 ns
[2020-09-28T09:27:57.016+0000][30964][safepoint    ] Safepoint "Cleanup", Time since last: 1000526700 ns, Reaching safepoint: 144800 ns, At safepoint: 5400 ns, Total: 150200 ns
[2020-09-28T09:27:58.016+0000][30964][safepoint    ] Safepoint "Cleanup", Time since last: 1000155200 ns, Reaching safepoint: 110500 ns, At safepoint: 6800 ns, Total: 117300 ns
[2020-09-28T09:28:00.017+0000][30964][safepoint    ] Safepoint "Cleanup", Time since last: 2000705500 ns, Reaching safepoint: 122800 ns, At safepoint: 6900 ns, Total: 129700 ns
[2020-09-28T09:28:01.017+0000][30964][safepoint    ] Safepoint "Cleanup", Time since last: 1000032100 ns, Reaching safepoint: 120300 ns, At safepoint: 6100 ns, Total: 126400 ns
[2020-09-28T09:28:03.018+0000][30964][safepoint    ] Safepoint "Cleanup", Time since last: 2000510800 ns, Reaching safepoint: 121500 ns, At safepoint: 6600 ns, Total: 128100 ns
[2020-09-28T09:28:04.018+0000][30964][safepoint    ] Safepoint "Cleanup", Time since last: 1000136800 ns, Reaching safepoint: 129200 ns, At safepoint: 9500 ns, Total: 138700 ns
[2020-09-28T09:28:05.018+0000][30964][safepoint    ] Safepoint "Cleanup", Time since last: 1000428000 ns, Reaching safepoint: 105200 ns, At safepoint: 6700 ns, Total: 111900 ns
[2020-09-28T09:28:07.018+0000][30964][safepoint    ] Safepoint "Cleanup", Time since last: 1999970500 ns, Reaching safepoint: 105700 ns, At safepoint: 5900 ns, Total: 111600 ns
[2020-09-28T09:28:08.019+0000][30964][safepoint    ] Safepoint "Cleanup", Time since last: 1000734700 ns, Reaching safepoint: 137000 ns, At safepoint: 5600 ns, Total: 142600 ns
[2020-09-28T09:28:09.020+0000][30964][safepoint    ] Safepoint "Cleanup", Time since last: 1000744400 ns, Reaching safepoint: 123700 ns, At safepoint: 7600 ns, Total: 131300 ns
[2020-09-28T09:28:10.021+0000][30964][safepoint    ] Safepoint "Cleanup", Time since last: 1000727100 ns, Reaching safepoint: 99700 ns, At safepoint: 5400 ns, Total: 105100 ns
[2020-09-28T09:28:11.022+0000][30964][safepoint    ] Safepoint "Cleanup", Time since last: 1000416700 ns, Reaching safepoint: 119000 ns, At safepoint: 5500 ns, Total: 124500 ns
[2020-09-28T09:28:12.022+0000][30964][safepoint    ] Safepoint "Cleanup", Time since last: 1000102000 ns, Reaching safepoint: 82700 ns, At safepoint: 5400 ns, Total: 88100 ns
[2020-09-28T09:28:13.022+0000][30964][safepoint    ] Safepoint "Cleanup", Time since last: 1000171900 ns, Reaching safepoint: 123500 ns, At safepoint: 7700 ns, Total: 131200 ns
[2020-09-28T09:28:14.023+0000][30964][safepoint    ] Safepoint "Cleanup", Time since last: 1000776200 ns, Reaching safepoint: 140300 ns, At safepoint: 4100 ns, Total: 144400 ns
[2020-09-28T09:28:16.023+0000][30964][safepoint    ] Safepoint "Cleanup", Time since last: 2000095500 ns, Reaching safepoint: 128200 ns, At safepoint: 7600 ns, Total: 135800 ns
[2020-09-28T09:28:18.023+0000][30964][safepoint    ] Safepoint "Cleanup", Time since last: 2000078400 ns, Reaching safepoint: 115500 ns, At safepoint: 7800 ns, Total: 123300 ns
[2020-09-28T09:28:19.024+0000][30964][safepoint    ] Safepoint "Cleanup", Time since last: 1000288300 ns, Reaching safepoint: 105000 ns, At safepoint: 6300 ns, Total: 111300 ns
[2020-09-28T09:28:20.024+0000][30964][safepoint    ] Safepoint "Cleanup", Time since last: 1000060200 ns, Reaching safepoint: 117900 ns, At safepoint: 9000 ns, Total: 126900 ns
[2020-09-28T09:28:21.025+0000][30964][safepoint    ] Safepoint "Cleanup", Time since last: 1000771800 ns, Reaching safepoint: 273900 ns, At safepoint: 31300 ns, Total: 305200 ns
[2020-09-28T09:28:22.025+0000][30964][safepoint    ] Safepoint "Cleanup", Time since last: 1000174300 ns, Reaching safepoint: 129400 ns, At safepoint: 6800 ns, Total: 136200 ns
[2020-09-28T09:28:23.026+0000][30964][safepoint    ] Safepoint "Cleanup", Time since last: 1000149400 ns, Reaching safepoint: 84500 ns, At safepoint: 2400 ns, Total: 86900 ns
[2020-09-28T09:28:25.027+0000][30964][safepoint    ] Safepoint "Cleanup", Time since last: 2000872900 ns, Reaching safepoint: 104400 ns, At safepoint: 7600 ns, Total: 112000 ns
[2020-09-28T09:28:26.027+0000][30964][safepoint    ] Safepoint "Cleanup", Time since last: 1000177700 ns, Reaching safepoint: 107400 ns, At safepoint: 6200 ns, Total: 113600 ns
[2020-09-28T09:28:27.027+0000][30964][safepoint    ] Safepoint "Cleanup", Time since last: 1000258600 ns, Reaching safepoint: 103700 ns, At safepoint: 6900 ns, Total: 110600 ns
[2020-09-28T09:28:28.028+0000][30964][safepoint    ] Safepoint "Cleanup", Time since last: 1000128900 ns, Reaching safepoint: 121100 ns, At safepoint: 5800 ns, Total: 126900 ns
[2020-09-28T09:28:29.028+0000][30964][safepoint    ] Safepoint "Cleanup", Time since last: 1000780500 ns, Reaching safepoint: 139700 ns, At safepoint: 5800 ns, Total: 145500 ns
[2020-09-28T09:28:30.029+0000][30964][safepoint    ] Safepoint "Cleanup", Time since last: 1000464300 ns, Reaching safepoint: 112100 ns, At safepoint: 6300 ns, Total: 118400 ns
[2020-09-28T09:28:31.493+0000][30964][safepoint    ] Safepoint "Cleanup", Time since last: 1463399400 ns, Reaching safepoint: 147000 ns, At safepoint: 9100 ns, Total: 156100 ns
[2020-09-28T09:28:32.493+0000][30964][safepoint    ] Safepoint "Cleanup", Time since last: 1000120100 ns, Reaching safepoint: 165200 ns, At safepoint: 6000 ns, Total: 171200 ns
[2020-09-28T09:28:33.493+0000][30964][safepoint    ] Safepoint "Cleanup", Time since last: 1000113900 ns, Reaching safepoint: 135300 ns, At safepoint: 9700 ns, Total: 145000 ns
[2020-09-28T09:28:34.494+0000][30964][safepoint    ] Safepoint "Cleanup", Time since last: 1000593400 ns, Reaching safepoint: 117700 ns, At safepoint: 9900 ns, Total: 127600 ns
[2020-09-28T09:28:35.495+0000][30964][safepoint    ] Safepoint "Cleanup", Time since last: 1000813900 ns, Reaching safepoint: 134700 ns, At safepoint: 9800 ns, Total: 144500 ns
[2020-09-28T09:28:36.495+0000][30964][safepoint    ] Safepoint "Cleanup", Time since last: 1000440100 ns, Reaching safepoint: 301300 ns, At safepoint: 11500 ns, Total: 312800 ns
[2020-09-28T09:28:37.496+0000][30964][safepoint    ] Safepoint "Cleanup", Time since last: 1000331000 ns, Reaching safepoint: 107900 ns, At safepoint: 4800 ns, Total: 112700 ns
[2020-09-28T09:28:38.497+0000][30964][safepoint    ] Safepoint "Cleanup", Time since last: 1000385400 ns, Reaching safepoint: 138600 ns, At safepoint: 5600 ns, Total: 144200 ns
[2020-09-28T09:28:39.497+0000][30964][safepoint    ] Safepoint "Cleanup", Time since last: 1000663900 ns, Reaching safepoint: 110600 ns, At safepoint: 4500 ns, Total: 115100 ns
[2020-09-28T09:28:40.498+0000][30964][safepoint    ] Safepoint "Cleanup", Time since last: 1000470600 ns, Reaching safepoint: 133300 ns, At safepoint: 8100 ns, Total: 141400 ns
[2020-09-28T09:28:41.498+0000][30964][safepoint    ] Safepoint "Cleanup", Time since last: 1000286100 ns, Reaching safepoint: 101200 ns, At safepoint: 3400 ns, Total: 104600 ns
[2020-09-28T09:28:42.499+0000][30964][safepoint    ] Safepoint "Cleanup", Time since last: 1000790200 ns, Reaching safepoint: 120000 ns, At safepoint: 2800 ns, Total: 122800 ns
[2020-09-28T09:28:43.500+0000][30964][safepoint    ] Safepoint "Cleanup", Time since last: 1000121100 ns, Reaching safepoint: 136800 ns, At safepoint: 8800 ns, Total: 145600 ns
[2020-09-28T09:28:44.500+0000][30964][safepoint    ] Safepoint "Cleanup", Time since last: 1000282600 ns, Reaching safepoint: 123000 ns, At safepoint: 4900 ns, Total: 127900 ns
[2020-09-28T09:28:45.500+0000][30964][safepoint    ] Safepoint "Cleanup", Time since last: 1000364000 ns, Reaching safepoint: 295000 ns, At safepoint: 19800 ns, Total: 314800 ns
[2020-09-28T09:28:46.501+0000][30964][safepoint    ] Safepoint "Cleanup", Time since last: 1000016100 ns, Reaching safepoint: 191200 ns, At safepoint: 17000 ns, Total: 208200 ns
[2020-09-28T09:28:47.502+0000][30964][safepoint    ] Safepoint "Cleanup", Time since last: 1000643500 ns, Reaching safepoint: 167500 ns, At safepoint: 8800 ns, Total: 176300 ns
[2020-09-28T09:28:48.502+0000][30964][safepoint    ] Safepoint "Cleanup", Time since last: 1000126300 ns, Reaching safepoint: 124900 ns, At safepoint: 36800 ns, Total: 161700 ns
[2020-09-28T09:28:49.503+0000][30964][safepoint    ] Safepoint "Cleanup", Time since last: 1000388900 ns, Reaching safepoint: 399000 ns, At safepoint: 37100 ns, Total: 436100 ns
[2020-09-28T09:28:50.504+0000][30964][safepoint    ] Safepoint "Cleanup", Time since last: 1000519700 ns, Reaching safepoint: 128400 ns, At safepoint: 5600 ns, Total: 134000 ns
[2020-09-28T09:28:51.504+0000][30964][safepoint    ] Safepoint "Cleanup", Time since last: 1000525600 ns, Reaching safepoint: 113800 ns, At safepoint: 7800 ns, Total: 121600 ns
[2020-09-28T09:28:52.504+0000][30964][safepoint    ] Safepoint "Cleanup", Time since last: 1000163600 ns, Reaching safepoint: 150700 ns, At safepoint: 7600 ns, Total: 158300 ns
[2020-09-28T09:28:53.505+0000][30964][safepoint    ] Safepoint "Cleanup", Time since last: 1000745400 ns, Reaching safepoint: 113400 ns, At safepoint: 3100 ns, Total: 116500 ns
[2020-09-28T09:28:55.506+0000][30964][safepoint    ] Safepoint "Cleanup", Time since last: 2000233300 ns, Reaching safepoint: 126500 ns, At safepoint: 5700 ns, Total: 132200 ns
[2020-09-28T09:28:57.506+0000][30964][safepoint    ] Safepoint "Cleanup", Time since last: 2000336700 ns, Reaching safepoint: 114500 ns, At safepoint: 4200 ns, Total: 118700 ns
[2020-09-28T09:28:58.507+0000][30964][safepoint    ] Safepoint "Cleanup", Time since last: 1000790100 ns, Reaching safepoint: 115300 ns, At safepoint: 6000 ns, Total: 121300 ns
[2020-09-28T09:28:59.507+0000][30964][safepoint    ] Safepoint "Cleanup", Time since last: 1000070500 ns, Reaching safepoint: 100900 ns, At safepoint: 6500 ns, Total: 107400 ns
[2020-09-28T09:29:01.508+0000][30964][safepoint    ] Safepoint "Cleanup", Time since last: 2000505800 ns, Reaching safepoint: 152400 ns, At safepoint: 10600 ns, Total: 163000 ns
[2020-09-28T09:29:03.509+0000][30964][safepoint    ] Safepoint "Cleanup", Time since last: 2000737300 ns, Reaching safepoint: 178900 ns, At safepoint: 12300 ns, Total: 191200 ns
[2020-09-28T09:29:04.510+0000][30964][safepoint    ] Safepoint "Cleanup", Time since last: 1000772500 ns, Reaching safepoint: 189100 ns, At safepoint: 7600 ns, Total: 196700 ns
[2020-09-28T09:29:05.510+0000][30964][safepoint    ] Safepoint "Cleanup", Time since last: 1000137600 ns, Reaching safepoint: 239100 ns, At safepoint: 17100 ns, Total: 256200 ns
[2020-09-28T09:29:07.511+0000][30964][safepoint    ] Safepoint "Cleanup", Time since last: 2000450700 ns, Reaching safepoint: 177500 ns, At safepoint: 10800 ns, Total: 188300 ns
[2020-09-28T09:29:08.512+0000][30964][safepoint    ] Safepoint "Cleanup", Time since last: 1000767200 ns, Reaching safepoint: 141800 ns, At safepoint: 10300 ns, Total: 152100 ns
[2020-09-28T09:29:09.512+0000][30964][safepoint    ] Safepoint "Cleanup", Time since last: 1000433400 ns, Reaching safepoint: 152300 ns, At safepoint: 11200 ns, Total: 163500 ns
[2020-09-28T09:29:10.513+0000][30964][safepoint    ] Safepoint "Cleanup", Time since last: 1000313200 ns, Reaching safepoint: 126400 ns, At safepoint: 9200 ns, Total: 135600 ns
[2020-09-28T09:29:12.297+0000][30964][safepoint    ] Safepoint "Cleanup", Time since last: 1784407400 ns, Reaching safepoint: 246600 ns, At safepoint: 19000 ns, Total: 265600 ns
[2020-09-28T09:29:14.298+0000][30964][safepoint    ] Safepoint "Cleanup", Time since last: 2000488000 ns, Reaching safepoint: 240300 ns, At safepoint: 16200 ns, Total: 256500 ns
[2020-09-28T09:29:16.299+0000][30964][safepoint    ] Safepoint "Cleanup", Time since last: 2000582700 ns, Reaching safepoint: 287600 ns, At safepoint: 23900 ns, Total: 311500 ns
[2020-09-28T09:29:18.300+0000][30964][safepoint    ] Safepoint "Cleanup", Time since last: 2000633000 ns, Reaching safepoint: 240100 ns, At safepoint: 22500 ns, Total: 262600 ns
[2020-09-28T09:29:20.302+0000][30964][safepoint    ] Safepoint "Cleanup", Time since last: 2002104700 ns, Reaching safepoint: 174700 ns, At safepoint: 5000 ns, Total: 179700 ns
[2020-09-28T09:29:21.303+0000][30964][safepoint    ] Safepoint "Cleanup", Time since last: 1000189700 ns, Reaching safepoint: 177300 ns, At safepoint: 12900 ns, Total: 190200 ns
[2020-09-28T09:29:23.303+0000][30964][safepoint    ] Safepoint "Cleanup", Time since last: 2000551900 ns, Reaching safepoint: 193800 ns, At safepoint: 11700 ns, Total: 205500 ns
[2020-09-28T09:29:25.304+0000][30964][safepoint    ] Safepoint "Cleanup", Time since last: 2000450200 ns, Reaching safepoint: 164200 ns, At safepoint: 5300 ns, Total: 169500 ns
[2020-09-28T09:29:26.306+0000][30964][safepoint    ] Safepoint "Cleanup", Time since last: 1000732300 ns, Reaching safepoint: 631600 ns, At safepoint: 5300 ns, Total: 636900 ns
[2020-09-28T09:29:27.306+0000][30964][safepoint    ] Safepoint "Cleanup", Time since last: 1000579800 ns, Reaching safepoint: 507400 ns, At safepoint: 92100 ns, Total: 599500 ns
[2020-09-28T09:29:29.307+0000][30964][safepoint    ] Safepoint "Cleanup", Time since last: 2000512600 ns, Reaching safepoint: 142500 ns, At safepoint: 14600 ns, Total: 157100 ns
[2020-09-28T09:29:30.308+0000][30964][safepoint    ] Safepoint "Cleanup", Time since last: 1000524600 ns, Reaching safepoint: 157200 ns, At safepoint: 11300 ns, Total: 168500 ns
[2020-09-28T09:29:31.308+0000][30964][safepoint    ] Safepoint "Cleanup", Time since last: 1000014300 ns, Reaching safepoint: 135300 ns, At safepoint: 3300 ns, Total: 138600 ns
[2020-09-28T09:29:32.308+0000][30964][safepoint    ] Safepoint "Cleanup", Time since last: 1000049800 ns, Reaching safepoint: 207300 ns, At safepoint: 12600 ns, Total: 219900 ns
[2020-09-28T09:29:33.309+0000][30964][safepoint    ] Safepoint "Cleanup", Time since last: 1000462900 ns, Reaching safepoint: 178900 ns, At safepoint: 12900 ns, Total: 191800 ns
[2020-09-28T09:29:34.310+0000][30964][safepoint    ] Safepoint "Cleanup", Time since last: 1000529400 ns, Reaching safepoint: 151100 ns, At safepoint: 8900 ns, Total: 160000 ns
[2020-09-28T09:29:36.310+0000][30964][safepoint    ] Safepoint "Cleanup", Time since last: 2000278300 ns, Reaching safepoint: 167100 ns, At safepoint: 23600 ns, Total: 190700 ns
[2020-09-28T09:29:38.050+0000][30964][safepoint    ] Safepoint "Cleanup", Time since last: 1739655900 ns, Reaching safepoint: 146800 ns, At safepoint: 10800 ns, Total: 157600 ns
[2020-09-28T09:29:39.050+0000][30964][safepoint    ] Safepoint "Cleanup", Time since last: 1000089600 ns, Reaching safepoint: 166000 ns, At safepoint: 5000 ns, Total: 171000 ns
[2020-09-28T09:29:40.051+0000][30964][safepoint    ] Safepoint "Cleanup", Time since last: 1000658600 ns, Reaching safepoint: 191200 ns, At safepoint: 12800 ns, Total: 204000 ns
[2020-09-28T09:29:41.052+0000][30964][safepoint    ] Safepoint "Cleanup", Time since last: 1000353000 ns, Reaching safepoint: 151100 ns, At safepoint: 8600 ns, Total: 159700 ns
[2020-09-28T09:29:42.053+0000][30964][safepoint    ] Safepoint "Cleanup", Time since last: 1000793200 ns, Reaching safepoint: 116600 ns, At safepoint: 4300 ns, Total: 120900 ns
[2020-09-28T09:29:43.053+0000][30964][safepoint    ] Safepoint "Cleanup", Time since last: 1000384200 ns, Reaching safepoint: 118200 ns, At safepoint: 5700 ns, Total: 123900 ns
[2020-09-28T09:29:45.054+0000][30964][safepoint    ] Safepoint "Cleanup", Time since last: 2000803000 ns, Reaching safepoint: 167400 ns, At safepoint: 6200 ns, Total: 173600 ns
[2020-09-28T09:29:46.054+0000][30964][safepoint    ] Safepoint "Cleanup", Time since last: 1000147100 ns, Reaching safepoint: 126700 ns, At safepoint: 6300 ns, Total: 133000 ns
[2020-09-28T09:29:47.055+0000][30964][safepoint    ] Safepoint "Cleanup", Time since last: 1000506400 ns, Reaching safepoint: 125000 ns, At safepoint: 8900 ns, Total: 133900 ns
[2020-09-28T09:29:48.056+0000][30964][safepoint    ] Safepoint "Cleanup", Time since last: 1000834700 ns, Reaching safepoint: 127700 ns, At safepoint: 5600 ns, Total: 133300 ns
[2020-09-28T09:29:49.057+0000][30964][safepoint    ] Safepoint "Cleanup", Time since last: 1000378700 ns, Reaching safepoint: 137100 ns, At safepoint: 5800 ns, Total: 142900 ns
[2020-09-28T09:29:51.058+0000][30964][safepoint    ] Safepoint "Cleanup", Time since last: 2000913400 ns, Reaching safepoint: 115800 ns, At safepoint: 7100 ns, Total: 122900 ns
[2020-09-28T09:29:52.058+0000][30964][safepoint    ] Safepoint "Cleanup", Time since last: 1000160300 ns, Reaching safepoint: 136400 ns, At safepoint: 5500 ns, Total: 141900 ns
[2020-09-28T09:29:53.058+0000][30964][safepoint    ] Safepoint "Cleanup", Time since last: 1000011100 ns, Reaching safepoint: 136400 ns, At safepoint: 6600 ns, Total: 143000 ns
[2020-09-28T09:29:54.059+0000][30964][safepoint    ] Safepoint "Cleanup", Time since last: 1000427200 ns, Reaching safepoint: 115500 ns, At safepoint: 6700 ns, Total: 122200 ns
[2020-09-28T09:29:56.059+0000][30964][safepoint    ] Safepoint "Cleanup", Time since last: 2000340100 ns, Reaching safepoint: 142300 ns, At safepoint: 5700 ns, Total: 148000 ns
[2020-09-28T09:29:57.060+0000][30964][safepoint    ] Safepoint "Cleanup", Time since last: 1000596900 ns, Reaching safepoint: 99900 ns, At safepoint: 5300 ns, Total: 105200 ns
[2020-09-28T09:29:58.061+0000][30964][safepoint    ] Safepoint "Cleanup", Time since last: 1000770500 ns, Reaching safepoint: 213300 ns, At safepoint: 25900 ns, Total: 239200 ns
[2020-09-28T09:29:59.061+0000][30964][safepoint    ] Safepoint "Cleanup", Time since last: 1000399800 ns, Reaching safepoint: 142300 ns, At safepoint: 18000 ns, Total: 160300 ns
[2020-09-28T09:30:00.062+0000][30964][safepoint    ] Safepoint "Cleanup", Time since last: 1000673700 ns, Reaching safepoint: 141400 ns, At safepoint: 8000 ns, Total: 149400 ns
[2020-09-28T09:30:01.063+0000][30964][safepoint    ] Safepoint "Cleanup", Time since last: 1000625700 ns, Reaching safepoint: 504500 ns, At safepoint: 20100 ns, Total: 524600 ns
[2020-09-28T09:30:03.064+0000][30964][safepoint    ] Safepoint "Cleanup", Time since last: 2000580200 ns, Reaching safepoint: 150700 ns, At safepoint: 5700 ns, Total: 156400 ns
[2020-09-28T09:30:04.064+0000][30964][safepoint    ] Safepoint "Cleanup", Time since last: 1000292500 ns, Reaching safepoint: 128600 ns, At safepoint: 5600 ns, Total: 134200 ns
[2020-09-28T09:30:05.065+0000][30964][safepoint    ] Safepoint "Cleanup", Time since last: 1000534300 ns, Reaching safepoint: 126600 ns, At safepoint: 5900 ns, Total: 132500 ns
[2020-09-28T09:30:06.066+0000][30964][safepoint    ] Safepoint "Cleanup", Time since last: 1000333100 ns, Reaching safepoint: 129900 ns, At safepoint: 5600 ns, Total: 135500 ns
[2020-09-28T09:30:07.066+0000][30964][safepoint    ] Safepoint "Cleanup", Time since last: 1000250300 ns, Reaching safepoint: 130600 ns, At safepoint: 10500 ns, Total: 141100 ns
[2020-09-28T09:30:08.066+0000][30964][safepoint    ] Safepoint "Cleanup", Time since last: 1000173800 ns, Reaching safepoint: 178100 ns, At safepoint: 12400 ns, Total: 190500 ns
[2020-09-28T09:30:09.067+0000][30964][safepoint    ] Safepoint "Cleanup", Time since last: 1000424700 ns, Reaching safepoint: 113500 ns, At safepoint: 8600 ns, Total: 122100 ns
[2020-09-28T09:30:10.068+0000][30964][safepoint    ] Safepoint "Cleanup", Time since last: 1000527700 ns, Reaching safepoint: 143700 ns, At safepoint: 5700 ns, Total: 149400 ns
[2020-09-28T09:30:12.068+0000][30964][safepoint    ] Safepoint "Cleanup", Time since last: 2000569200 ns, Reaching safepoint: 101200 ns, At safepoint: 8500 ns, Total: 109700 ns
[2020-09-28T09:30:13.069+0000][30964][safepoint    ] Safepoint "Cleanup", Time since last: 1000166400 ns, Reaching safepoint: 142900 ns, At safepoint: 6200 ns, Total: 149100 ns
[2020-09-28T09:30:14.069+0000][30964][safepoint    ] Safepoint "Cleanup", Time since last: 1000750300 ns, Reaching safepoint: 165200 ns, At safepoint: 5000 ns, Total: 170200 ns
[2020-09-28T09:30:16.070+0000][30964][safepoint    ] Safepoint "Cleanup", Time since last: 2000276700 ns, Reaching safepoint: 167300 ns, At safepoint: 5100 ns, Total: 172400 ns
[2020-09-28T09:30:17.071+0000][30964][safepoint    ] Safepoint "Cleanup", Time since last: 1000570500 ns, Reaching safepoint: 112500 ns, At safepoint: 10000 ns, Total: 122500 ns
[2020-09-28T09:30:18.071+0000][30964][safepoint    ] Safepoint "Cleanup", Time since last: 1000383500 ns, Reaching safepoint: 117000 ns, At safepoint: 6400 ns, Total: 123400 ns
[2020-09-28T09:30:19.072+0000][30964][safepoint    ] Safepoint "Cleanup", Time since last: 1000179100 ns, Reaching safepoint: 108000 ns, At safepoint: 6700 ns, Total: 114700 ns
[2020-09-28T09:30:20.072+0000][30964][safepoint    ] Safepoint "Cleanup", Time since last: 1000886400 ns, Reaching safepoint: 132900 ns, At safepoint: 3300 ns, Total: 136200 ns
[2020-09-28T09:30:21.073+0000][30964][safepoint    ] Safepoint "Cleanup", Time since last: 1000132400 ns, Reaching safepoint: 106300 ns, At safepoint: 2800 ns, Total: 109100 ns
[2020-09-28T09:30:22.073+0000][30964][safepoint    ] Safepoint "Cleanup", Time since last: 1000153600 ns, Reaching safepoint: 108600 ns, At safepoint: 6100 ns, Total: 114700 ns
[2020-09-28T09:30:23.073+0000][30964][safepoint    ] Safepoint "Cleanup", Time since last: 1000169200 ns, Reaching safepoint: 125100 ns, At safepoint: 5900 ns, Total: 131000 ns
[2020-09-28T09:30:24.074+0000][30964][safepoint    ] Safepoint "Cleanup", Time since last: 1001022700 ns, Reaching safepoint: 620100 ns, At safepoint: 16000 ns, Total: 636100 ns
[2020-09-28T09:30:25.076+0000][30964][safepoint    ] Safepoint "Cleanup", Time since last: 1001054100 ns, Reaching safepoint: 147600 ns, At safepoint: 20800 ns, Total: 168400 ns
[2020-09-28T09:30:26.077+0000][30964][safepoint    ] Safepoint "Cleanup", Time since last: 1000704100 ns, Reaching safepoint: 140200 ns, At safepoint: 6300 ns, Total: 146500 ns
[2020-09-28T09:30:27.078+0000][30964][safepoint    ] Safepoint "Cleanup", Time since last: 1000699700 ns, Reaching safepoint: 449000 ns, At safepoint: 67400 ns, Total: 516400 ns
[2020-09-28T09:30:29.078+0000][30964][safepoint    ] Safepoint "Cleanup", Time since last: 2000093600 ns, Reaching safepoint: 121200 ns, At safepoint: 8400 ns, Total: 129600 ns
[2020-09-28T09:30:30.079+0000][30964][safepoint    ] Safepoint "Cleanup", Time since last: 1000763900 ns, Reaching safepoint: 122400 ns, At safepoint: 8800 ns, Total: 131200 ns
[2020-09-28T09:30:31.080+0000][30964][safepoint    ] Safepoint "Cleanup", Time since last: 1000426200 ns, Reaching safepoint: 172100 ns, At safepoint: 28000 ns, Total: 200100 ns
[2020-09-28T09:30:32.081+0000][30964][safepoint    ] Safepoint "Cleanup", Time since last: 1000771800 ns, Reaching safepoint: 108300 ns, At safepoint: 6700 ns, Total: 115000 ns
[2020-09-28T09:30:34.082+0000][30964][safepoint    ] Safepoint "Cleanup", Time since last: 2000824200 ns, Reaching safepoint: 121600 ns, At safepoint: 7600 ns, Total: 129200 ns
[2020-09-28T09:30:35.083+0000][30964][safepoint    ] Safepoint "Cleanup", Time since last: 1000602700 ns, Reaching safepoint: 122800 ns, At safepoint: 3000 ns, Total: 125800 ns
[2020-09-28T09:30:37.084+0000][30964][safepoint    ] Safepoint "Cleanup", Time since last: 2000914100 ns, Reaching safepoint: 125300 ns, At safepoint: 7100 ns, Total: 132400 ns
[2020-09-28T09:30:38.084+0000][30964][safepoint    ] Safepoint "Cleanup", Time since last: 1000092700 ns, Reaching safepoint: 101900 ns, At safepoint: 9900 ns, Total: 111800 ns
[2020-09-28T09:30:39.084+0000][30964][safepoint    ] Safepoint "Cleanup", Time since last: 1000149600 ns, Reaching safepoint: 125400 ns, At safepoint: 7800 ns, Total: 133200 ns
[2020-09-28T09:30:40.084+0000][30964][safepoint    ] Safepoint "Cleanup", Time since last: 1000135800 ns, Reaching safepoint: 102300 ns, At safepoint: 5800 ns, Total: 108100 ns
[2020-09-28T09:30:41.085+0000][30964][safepoint    ] Safepoint "Cleanup", Time since last: 1000107000 ns, Reaching safepoint: 118200 ns, At safepoint: 37700 ns, Total: 155900 ns
[2020-09-28T09:30:42.304+0000][30964][safepoint    ] Safepoint "Cleanup", Time since last: 1218799300 ns, Reaching safepoint: 114500 ns, At safepoint: 5400 ns, Total: 119900 ns
[2020-09-28T09:30:43.305+0000][30964][safepoint    ] Safepoint "Cleanup", Time since last: 1000827100 ns, Reaching safepoint: 148500 ns, At safepoint: 7900 ns, Total: 156400 ns
[2020-09-28T09:30:44.305+0000][30964][safepoint    ] Safepoint "Cleanup", Time since last: 1000246500 ns, Reaching safepoint: 150300 ns, At safepoint: 10400 ns, Total: 160700 ns
[2020-09-28T09:30:45.305+0000][30964][safepoint    ] Safepoint "Cleanup", Time since last: 1000263000 ns, Reaching safepoint: 120200 ns, At safepoint: 5900 ns, Total: 126100 ns
[2020-09-28T09:30:46.306+0000][30964][safepoint    ] Safepoint "Cleanup", Time since last: 1000814800 ns, Reaching safepoint: 112300 ns, At safepoint: 7100 ns, Total: 119400 ns
[2020-09-28T09:30:47.307+0000][30964][safepoint    ] Safepoint "Cleanup", Time since last: 1000660200 ns, Reaching safepoint: 133500 ns, At safepoint: 6100 ns, Total: 139600 ns
[2020-09-28T09:30:48.308+0000][30964][safepoint    ] Safepoint "Cleanup", Time since last: 1000743900 ns, Reaching safepoint: 118400 ns, At safepoint: 6100 ns, Total: 124500 ns
[2020-09-28T09:30:49.309+0000][30964][safepoint    ] Safepoint "Cleanup", Time since last: 1000813500 ns, Reaching safepoint: 176500 ns, At safepoint: 5200 ns, Total: 181700 ns
[2020-09-28T09:30:50.309+0000][30964][safepoint    ] Safepoint "Cleanup", Time since last: 1000351900 ns, Reaching safepoint: 101200 ns, At safepoint: 5900 ns, Total: 107100 ns
[2020-09-28T09:30:51.310+0000][30964][safepoint    ] Safepoint "Cleanup", Time since last: 1000236800 ns, Reaching safepoint: 104300 ns, At safepoint: 6900 ns, Total: 111200 ns
[2020-09-28T09:30:52.311+0000][30964][safepoint    ] Safepoint "Cleanup", Time since last: 1000609800 ns, Reaching safepoint: 109100 ns, At safepoint: 5400 ns, Total: 114500 ns
[2020-09-28T09:30:53.311+0000][30964][safepoint    ] Safepoint "Cleanup", Time since last: 1000532600 ns, Reaching safepoint: 109500 ns, At safepoint: 6000 ns, Total: 115500 ns
[2020-09-28T09:30:54.312+0000][30964][safepoint    ] Safepoint "Cleanup", Time since last: 1000494100 ns, Reaching safepoint: 124900 ns, At safepoint: 8100 ns, Total: 133000 ns
[2020-09-28T09:30:55.312+0000][30964][safepoint    ] Safepoint "Cleanup", Time since last: 1000114300 ns, Reaching safepoint: 127000 ns, At safepoint: 5400 ns, Total: 132400 ns
[2020-09-28T09:30:57.313+0000][30964][safepoint    ] Safepoint "Cleanup", Time since last: 2000433500 ns, Reaching safepoint: 112600 ns, At safepoint: 3800 ns, Total: 116400 ns
[2020-09-28T09:30:58.313+0000][30964][safepoint    ] Safepoint "Cleanup", Time since last: 1000038000 ns, Reaching safepoint: 170500 ns, At safepoint: 9200 ns, Total: 179700 ns
[2020-09-28T09:30:59.314+0000][30964][safepoint    ] Safepoint "Cleanup", Time since last: 1000668300 ns, Reaching safepoint: 122600 ns, At safepoint: 6400 ns, Total: 129000 ns
[2020-09-28T09:31:00.314+0000][30964][safepoint    ] Safepoint "Cleanup", Time since last: 1000450900 ns, Reaching safepoint: 148500 ns, At safepoint: 7100 ns, Total: 155600 ns
[2020-09-28T09:31:01.315+0000][30964][safepoint    ] Safepoint "Cleanup", Time since last: 1000740700 ns, Reaching safepoint: 122000 ns, At safepoint: 14500 ns, Total: 136500 ns
[2020-09-28T09:31:02.315+0000][30964][safepoint    ] Safepoint "Cleanup", Time since last: 1000178200 ns, Reaching safepoint: 108500 ns, At safepoint: 7400 ns, Total: 115900 ns
[2020-09-28T09:31:03.316+0000][30964][safepoint    ] Safepoint "Cleanup", Time since last: 1000672600 ns, Reaching safepoint: 120000 ns, At safepoint: 6900 ns, Total: 126900 ns
[2020-09-28T09:31:04.317+0000][30964][safepoint    ] Safepoint "Cleanup", Time since last: 1000587700 ns, Reaching safepoint: 150000 ns, At safepoint: 9100 ns, Total: 159100 ns
[2020-09-28T09:31:06.318+0000][30964][safepoint    ] Safepoint "Cleanup", Time since last: 2001063900 ns, Reaching safepoint: 388600 ns, At safepoint: 6900 ns, Total: 395500 ns
[2020-09-28T09:31:08.319+0000][30964][safepoint    ] Safepoint "Cleanup", Time since last: 2000147600 ns, Reaching safepoint: 125400 ns, At safepoint: 5600 ns, Total: 131000 ns
[2020-09-28T09:31:09.320+0000][30964][safepoint    ] Safepoint "Cleanup", Time since last: 1000769800 ns, Reaching safepoint: 142000 ns, At safepoint: 8500 ns, Total: 150500 ns
[2020-09-28T09:31:11.320+0000][30964][safepoint    ] Safepoint "Cleanup", Time since last: 2000740500 ns, Reaching safepoint: 173700 ns, At safepoint: 4100 ns, Total: 177800 ns
[2020-09-28T09:31:12.321+0000][30964][safepoint    ] Safepoint "Cleanup", Time since last: 1000301000 ns, Reaching safepoint: 192300 ns, At safepoint: 7100 ns, Total: 199400 ns
[2020-09-28T09:31:13.322+0000][30964][safepoint    ] Safepoint "Cleanup", Time since last: 1000743500 ns, Reaching safepoint: 137700 ns, At safepoint: 7100 ns, Total: 144800 ns
[2020-09-28T09:31:14.323+0000][30964][safepoint    ] Safepoint "Cleanup", Time since last: 1000587200 ns, Reaching safepoint: 104200 ns, At safepoint: 8300 ns, Total: 112500 ns
[2020-09-28T09:31:15.323+0000][30964][safepoint    ] Safepoint "Cleanup", Time since last: 1000221200 ns, Reaching safepoint: 136000 ns, At safepoint: 22100 ns, Total: 158100 ns
[2020-09-28T09:31:16.324+0000][30964][safepoint    ] Safepoint "Cleanup", Time since last: 1000373000 ns, Reaching safepoint: 107700 ns, At safepoint: 6500 ns, Total: 114200 ns
[2020-09-28T09:31:17.324+0000][30964][safepoint    ] Safepoint "Cleanup", Time since last: 1000282000 ns, Reaching safepoint: 136600 ns, At safepoint: 6500 ns, Total: 143100 ns
[2020-09-28T09:31:18.325+0000][30964][safepoint    ] Safepoint "Cleanup", Time since last: 1000509600 ns, Reaching safepoint: 164200 ns, At safepoint: 18400 ns, Total: 182600 ns
[2020-09-28T09:31:19.325+0000][30964][safepoint    ] Safepoint "Cleanup", Time since last: 1000334600 ns, Reaching safepoint: 120900 ns, At safepoint: 5200 ns, Total: 126100 ns
[2020-09-28T09:31:20.326+0000][30964][safepoint    ] Safepoint "Cleanup", Time since last: 1000722700 ns, Reaching safepoint: 150300 ns, At safepoint: 11000 ns, Total: 161300 ns
[2020-09-28T09:31:22.326+0000][30964][safepoint    ] Safepoint "Cleanup", Time since last: 2000324400 ns, Reaching safepoint: 172000 ns, At safepoint: 10600 ns, Total: 182600 ns
[2020-09-28T09:31:23.327+0000][30964][safepoint    ] Safepoint "Cleanup", Time since last: 1000226700 ns, Reaching safepoint: 165300 ns, At safepoint: 5000 ns, Total: 170300 ns
[2020-09-28T09:31:25.327+0000][30964][safepoint    ] Safepoint "Cleanup", Time since last: 1999997500 ns, Reaching safepoint: 170600 ns, At safepoint: 11400 ns, Total: 182000 ns
[2020-09-28T09:31:26.328+0000][30964][safepoint    ] Safepoint "Cleanup", Time since last: 1000352600 ns, Reaching safepoint: 172900 ns, At safepoint: 12500 ns, Total: 185400 ns
[2020-09-28T09:31:28.328+0000][30964][safepoint    ] Safepoint "Cleanup", Time since last: 2000359200 ns, Reaching safepoint: 152500 ns, At safepoint: 11100 ns, Total: 163600 ns
[2020-09-28T09:31:29.329+0000][30964][safepoint    ] Safepoint "Cleanup", Time since last: 1000406800 ns, Reaching safepoint: 199900 ns, At safepoint: 12800 ns, Total: 212700 ns
[2020-09-28T09:31:31.330+0000][30964][safepoint    ] Safepoint "Cleanup", Time since last: 2000708300 ns, Reaching safepoint: 161900 ns, At safepoint: 5800 ns, Total: 167700 ns
[2020-09-28T09:31:33.330+0000][30964][safepoint    ] Safepoint "Cleanup", Time since last: 2000788300 ns, Reaching safepoint: 160800 ns, At safepoint: 10500 ns, Total: 171300 ns
[2020-09-28T09:31:35.331+0000][30964][safepoint    ] Safepoint "Cleanup", Time since last: 2000446900 ns, Reaching safepoint: 161700 ns, At safepoint: 13400 ns, Total: 175100 ns
[2020-09-28T09:31:36.331+0000][30964][safepoint    ] Safepoint "Cleanup", Time since last: 1000120800 ns, Reaching safepoint: 148800 ns, At safepoint: 8600 ns, Total: 157400 ns
[2020-09-28T09:31:37.332+0000][30964][safepoint    ] Safepoint "Cleanup", Time since last: 1000578300 ns, Reaching safepoint: 116300 ns, At safepoint: 7300 ns, Total: 123600 ns
[2020-09-28T09:31:38.333+0000][30964][safepoint    ] Safepoint "Cleanup", Time since last: 1000317800 ns, Reaching safepoint: 142000 ns, At safepoint: 15600 ns, Total: 157600 ns
[2020-09-28T09:31:40.334+0000][30964][safepoint    ] Safepoint "Cleanup", Time since last: 2000739800 ns, Reaching safepoint: 121400 ns, At safepoint: 5600 ns, Total: 127000 ns
[2020-09-28T09:31:41.334+0000][30964][safepoint    ] Safepoint "Cleanup", Time since last: 1000605900 ns, Reaching safepoint: 118800 ns, At safepoint: 6600 ns, Total: 125400 ns
[2020-09-28T09:31:42.335+0000][30964][safepoint    ] Safepoint "Cleanup", Time since last: 1000361700 ns, Reaching safepoint: 123900 ns, At safepoint: 7600 ns, Total: 131500 ns
[2020-09-28T09:31:43.336+0000][30964][safepoint    ] Safepoint "Cleanup", Time since last: 1000781300 ns, Reaching safepoint: 120000 ns, At safepoint: 7100 ns, Total: 127100 ns
[2020-09-28T09:31:44.337+0000][30964][safepoint    ] Safepoint "Cleanup", Time since last: 1000756900 ns, Reaching safepoint: 135200 ns, At safepoint: 8000 ns, Total: 143200 ns
[2020-09-28T09:31:45.337+0000][30964][safepoint    ] Safepoint "Cleanup", Time since last: 1000733800 ns, Reaching safepoint: 104200 ns, At safepoint: 3000 ns, Total: 107200 ns
[2020-09-28T09:31:46.338+0000][30964][safepoint    ] Safepoint "Cleanup", Time since last: 1000522200 ns, Reaching safepoint: 120600 ns, At safepoint: 8300 ns, Total: 128900 ns
[2020-09-28T09:31:47.338+0000][30964][safepoint    ] Safepoint "Cleanup", Time since last: 1000071100 ns, Reaching safepoint: 106900 ns, At safepoint: 9100 ns, Total: 116000 ns
[2020-09-28T09:31:48.339+0000][30964][safepoint    ] Safepoint "Cleanup", Time since last: 1000576300 ns, Reaching safepoint: 109800 ns, At safepoint: 4100 ns, Total: 113900 ns
[2020-09-28T09:31:49.339+0000][30964][safepoint    ] Safepoint "Cleanup", Time since last: 1000124400 ns, Reaching safepoint: 115700 ns, At safepoint: 9000 ns, Total: 124700 ns
[2020-09-28T09:31:50.339+0000][30964][safepoint    ] Safepoint "Cleanup", Time since last: 1000156100 ns, Reaching safepoint: 130500 ns, At safepoint: 7800 ns, Total: 138300 ns
[2020-09-28T09:31:51.340+0000][30964][safepoint    ] Safepoint "Cleanup", Time since last: 1000140200 ns, Reaching safepoint: 167900 ns, At safepoint: 7800 ns, Total: 175700 ns
[2020-09-28T09:31:52.340+0000][30964][safepoint    ] Safepoint "Cleanup", Time since last: 1000516100 ns, Reaching safepoint: 131700 ns, At safepoint: 9000 ns, Total: 140700 ns
[2020-09-28T09:31:53.341+0000][30964][safepoint    ] Safepoint "Cleanup", Time since last: 1000386900 ns, Reaching safepoint: 138300 ns, At safepoint: 8600 ns, Total: 146900 ns
[2020-09-28T09:31:54.341+0000][30964][safepoint    ] Safepoint "Cleanup", Time since last: 1000062500 ns, Reaching safepoint: 169800 ns, At safepoint: 10900 ns, Total: 180700 ns
[2020-09-28T09:31:55.342+0000][30964][safepoint    ] Safepoint "Cleanup", Time since last: 1000694200 ns, Reaching safepoint: 220300 ns, At safepoint: 11600 ns, Total: 231900 ns
[2020-09-28T09:31:56.342+0000][30964][safepoint    ] Safepoint "Cleanup", Time since last: 1000162500 ns, Reaching safepoint: 201100 ns, At safepoint: 6700 ns, Total: 207800 ns
[2020-09-28T09:31:57.343+0000][30964][safepoint    ] Safepoint "Cleanup", Time since last: 1000181200 ns, Reaching safepoint: 217900 ns, At safepoint: 10600 ns, Total: 228500 ns
[2020-09-28T09:31:58.344+0000][30964][safepoint    ] Safepoint "Cleanup", Time since last: 1000414700 ns, Reaching safepoint: 168700 ns, At safepoint: 6800 ns, Total: 175500 ns
[2020-09-28T09:31:59.344+0000][30964][safepoint    ] Safepoint "Cleanup", Time since last: 1000406600 ns, Reaching safepoint: 185100 ns, At safepoint: 10300 ns, Total: 195400 ns
[2020-09-28T09:32:01.345+0000][30964][safepoint    ] Safepoint "Cleanup", Time since last: 2000702500 ns, Reaching safepoint: 140200 ns, At safepoint: 7700 ns, Total: 147900 ns
[2020-09-28T09:32:03.345+0000][30964][safepoint    ] Safepoint "Cleanup", Time since last: 2000130100 ns, Reaching safepoint: 157500 ns, At safepoint: 8900 ns, Total: 166400 ns
[2020-09-28T09:32:04.346+0000][30964][safepoint    ] Safepoint "Cleanup", Time since last: 1000275400 ns, Reaching safepoint: 112800 ns, At safepoint: 3800 ns, Total: 116600 ns
[2020-09-28T09:32:06.347+0000][30964][safepoint    ] Safepoint "Cleanup", Time since last: 2000701500 ns, Reaching safepoint: 126300 ns, At safepoint: 6500 ns, Total: 132800 ns
[2020-09-28T09:32:07.347+0000][30964][safepoint    ] Safepoint "Cleanup", Time since last: 1000679600 ns, Reaching safepoint: 124900 ns, At safepoint: 8600 ns, Total: 133500 ns
[2020-09-28T09:32:08.348+0000][30964][safepoint    ] Safepoint "Cleanup", Time since last: 1000307200 ns, Reaching safepoint: 150000 ns, At safepoint: 7400 ns, Total: 157400 ns
[2020-09-28T09:32:09.349+0000][30964][safepoint    ] Safepoint "Cleanup", Time since last: 1000794600 ns, Reaching safepoint: 123900 ns, At safepoint: 7600 ns, Total: 131500 ns
[2020-09-28T09:32:10.349+0000][30964][safepoint    ] Safepoint "Cleanup", Time since last: 1000194700 ns, Reaching safepoint: 126400 ns, At safepoint: 6700 ns, Total: 133100 ns
[2020-09-28T09:32:11.350+0000][30964][safepoint    ] Safepoint "Cleanup", Time since last: 1000715400 ns, Reaching safepoint: 145400 ns, At safepoint: 7300 ns, Total: 152700 ns
[2020-09-28T09:32:12.351+0000][30964][safepoint    ] Safepoint "Cleanup", Time since last: 1000524600 ns, Reaching safepoint: 126500 ns, At safepoint: 21300 ns, Total: 147800 ns
[2020-09-28T09:32:13.352+0000][30964][safepoint    ] Safepoint "Cleanup", Time since last: 1000841800 ns, Reaching safepoint: 123500 ns, At safepoint: 6700 ns, Total: 130200 ns
[2020-09-28T09:32:14.352+0000][30964][safepoint    ] Safepoint "Cleanup", Time since last: 1000173100 ns, Reaching safepoint: 122000 ns, At safepoint: 3300 ns, Total: 125300 ns
[2020-09-28T09:32:16.353+0000][30964][safepoint    ] Safepoint "Cleanup", Time since last: 2000585200 ns, Reaching safepoint: 114400 ns, At safepoint: 5800 ns, Total: 120200 ns
[2020-09-28T09:32:17.353+0000][30964][safepoint    ] Safepoint "Cleanup", Time since last: 1000088700 ns, Reaching safepoint: 129300 ns, At safepoint: 7900 ns, Total: 137200 ns
[2020-09-28T09:32:18.353+0000][30964][safepoint    ] Safepoint "Cleanup", Time since last: 1000311400 ns, Reaching safepoint: 96600 ns, At safepoint: 6000 ns, Total: 102600 ns
[2020-09-28T09:32:19.354+0000][30964][safepoint    ] Safepoint "Cleanup", Time since last: 1000532600 ns, Reaching safepoint: 103700 ns, At safepoint: 6400 ns, Total: 110100 ns
[2020-09-28T09:32:20.354+0000][30964][safepoint    ] Safepoint "Cleanup", Time since last: 1000168900 ns, Reaching safepoint: 105300 ns, At safepoint: 5800 ns, Total: 111100 ns
[2020-09-28T09:32:22.355+0000][30964][safepoint    ] Safepoint "Cleanup", Time since last: 2000716300 ns, Reaching safepoint: 122100 ns, At safepoint: 6700 ns, Total: 128800 ns
[2020-09-28T09:32:23.356+0000][30964][safepoint    ] Safepoint "Cleanup", Time since last: 1000740800 ns, Reaching safepoint: 183600 ns, At safepoint: 5000 ns, Total: 188600 ns
[2020-09-28T09:32:24.357+0000][30964][safepoint    ] Safepoint "Cleanup", Time since last: 1000450400 ns, Reaching safepoint: 117100 ns, At safepoint: 6200 ns, Total: 123300 ns
[2020-09-28T09:32:25.357+0000][30964][safepoint    ] Safepoint "Cleanup", Time since last: 1000373100 ns, Reaching safepoint: 131200 ns, At safepoint: 5300 ns, Total: 136500 ns
[2020-09-28T09:32:26.358+0000][30964][safepoint    ] Safepoint "Cleanup", Time since last: 1000834300 ns, Reaching safepoint: 107200 ns, At safepoint: 9600 ns, Total: 116800 ns
[2020-09-28T09:32:27.358+0000][30964][safepoint    ] Safepoint "Cleanup", Time since last: 1000181400 ns, Reaching safepoint: 107100 ns, At safepoint: 7500 ns, Total: 114600 ns
[2020-09-28T09:32:28.359+0000][30964][safepoint    ] Safepoint "Cleanup", Time since last: 1000231500 ns, Reaching safepoint: 129100 ns, At safepoint: 5000 ns, Total: 134100 ns
[2020-09-28T09:32:29.359+0000][30964][safepoint    ] Safepoint "Cleanup", Time since last: 1000253300 ns, Reaching safepoint: 153200 ns, At safepoint: 5700 ns, Total: 158900 ns
[2020-09-28T09:32:31.360+0000][30964][safepoint    ] Safepoint "Cleanup", Time since last: 2000708500 ns, Reaching safepoint: 124200 ns, At safepoint: 5400 ns, Total: 129600 ns
[2020-09-28T09:32:32.361+0000][30964][safepoint    ] Safepoint "Cleanup", Time since last: 1000888000 ns, Reaching safepoint: 144600 ns, At safepoint: 13000 ns, Total: 157600 ns
[2020-09-28T09:32:33.361+0000][30964][safepoint    ] Safepoint "Cleanup", Time since last: 1000195900 ns, Reaching safepoint: 122300 ns, At safepoint: 6100 ns, Total: 128400 ns
[2020-09-28T09:32:34.362+0000][30964][safepoint    ] Safepoint "Cleanup", Time since last: 1000690800 ns, Reaching safepoint: 113800 ns, At safepoint: 8000 ns, Total: 121800 ns
[2020-09-28T09:32:35.362+0000][30964][safepoint    ] Safepoint "Cleanup", Time since last: 1000013100 ns, Reaching safepoint: 115100 ns, At safepoint: 2900 ns, Total: 118000 ns
[2020-09-28T09:32:36.362+0000][30964][safepoint    ] Safepoint "Cleanup", Time since last: 1000013800 ns, Reaching safepoint: 159000 ns, At safepoint: 5500 ns, Total: 164500 ns
[2020-09-28T09:32:37.363+0000][30964][safepoint    ] Safepoint "Cleanup", Time since last: 1000576300 ns, Reaching safepoint: 151900 ns, At safepoint: 15800 ns, Total: 167700 ns
[2020-09-28T09:32:39.364+0000][30964][safepoint    ] Safepoint "Cleanup", Time since last: 2000747200 ns, Reaching safepoint: 184100 ns, At safepoint: 8800 ns, Total: 192900 ns
[2020-09-28T09:32:40.365+0000][30964][safepoint    ] Safepoint "Cleanup", Time since last: 1000545200 ns, Reaching safepoint: 156200 ns, At safepoint: 9500 ns, Total: 165700 ns
[2020-09-28T09:32:41.888+0000][30964][safepoint    ] Safepoint "Cleanup", Time since last: 1523272400 ns, Reaching safepoint: 240100 ns, At safepoint: 10800 ns, Total: 250900 ns
[2020-09-28T09:32:42.889+0000][30964][safepoint    ] Safepoint "Cleanup", Time since last: 1000241600 ns, Reaching safepoint: 147900 ns, At safepoint: 6400 ns, Total: 154300 ns
[2020-09-28T09:32:43.889+0000][30964][safepoint    ] Safepoint "Cleanup", Time since last: 1000536700 ns, Reaching safepoint: 290700 ns, At safepoint: 11000 ns, Total: 301700 ns
[2020-09-28T09:32:44.890+0000][30964][safepoint    ] Safepoint "Cleanup", Time since last: 1000115400 ns, Reaching safepoint: 96100 ns, At safepoint: 3000 ns, Total: 99100 ns
[2020-09-28T09:32:45.890+0000][30964][safepoint    ] Safepoint "Cleanup", Time since last: 1000278800 ns, Reaching safepoint: 123200 ns, At safepoint: 5300 ns, Total: 128500 ns
[2020-09-28T09:32:46.891+0000][30964][safepoint    ] Safepoint "Cleanup", Time since last: 1000262700 ns, Reaching safepoint: 124800 ns, At safepoint: 5800 ns, Total: 130600 ns
[2020-09-28T09:32:47.891+0000][30964][safepoint    ] Safepoint "Cleanup", Time since last: 1000001800 ns, Reaching safepoint: 125800 ns, At safepoint: 7200 ns, Total: 133000 ns
[2020-09-28T09:32:49.892+0000][30964][safepoint    ] Safepoint "Cleanup", Time since last: 2000716700 ns, Reaching safepoint: 134800 ns, At safepoint: 7500 ns, Total: 142300 ns
[2020-09-28T09:32:50.892+0000][30964][safepoint    ] Safepoint "Cleanup", Time since last: 1000757800 ns, Reaching safepoint: 112300 ns, At safepoint: 6300 ns, Total: 118600 ns
[2020-09-28T09:32:51.893+0000][30964][safepoint    ] Safepoint "Cleanup", Time since last: 1000218800 ns, Reaching safepoint: 131600 ns, At safepoint: 5700 ns, Total: 137300 ns
[2020-09-28T09:32:52.893+0000][30964][safepoint    ] Safepoint "Cleanup", Time since last: 1000158200 ns, Reaching safepoint: 116000 ns, At safepoint: 6600 ns, Total: 122600 ns
[2020-09-28T09:32:53.894+0000][30964][safepoint    ] Safepoint "Cleanup", Time since last: 1000367200 ns, Reaching safepoint: 117100 ns, At safepoint: 19300 ns, Total: 136400 ns
[2020-09-28T09:32:54.894+0000][30964][safepoint    ] Safepoint "Cleanup", Time since last: 1000474500 ns, Reaching safepoint: 131400 ns, At safepoint: 59300 ns, Total: 190700 ns
[2020-09-28T09:32:55.895+0000][30964][safepoint    ] Safepoint "Cleanup", Time since last: 1000337800 ns, Reaching safepoint: 138300 ns, At safepoint: 6500 ns, Total: 144800 ns
[2020-09-28T09:32:56.895+0000][30964][safepoint    ] Safepoint "Cleanup", Time since last: 1000082500 ns, Reaching safepoint: 194900 ns, At safepoint: 6700 ns, Total: 201600 ns
[2020-09-28T09:32:57.896+0000][30964][safepoint    ] Safepoint "Cleanup", Time since last: 1000594700 ns, Reaching safepoint: 124400 ns, At safepoint: 6800 ns, Total: 131200 ns
[2020-09-28T09:32:58.896+0000][30964][safepoint    ] Safepoint "Cleanup", Time since last: 1000517000 ns, Reaching safepoint: 104000 ns, At safepoint: 6700 ns, Total: 110700 ns
[2020-09-28T09:32:59.897+0000][30964][safepoint    ] Safepoint "Cleanup", Time since last: 1000328200 ns, Reaching safepoint: 110400 ns, At safepoint: 6100 ns, Total: 116500 ns
[2020-09-28T09:33:00.897+0000][30964][safepoint    ] Safepoint "Cleanup", Time since last: 1000470300 ns, Reaching safepoint: 129400 ns, At safepoint: 5900 ns, Total: 135300 ns
[2020-09-28T09:33:01.898+0000][30964][safepoint    ] Safepoint "Cleanup", Time since last: 1000773600 ns, Reaching safepoint: 125000 ns, At safepoint: 6000 ns, Total: 131000 ns
[2020-09-28T09:33:03.899+0000][30964][safepoint    ] Safepoint "Cleanup", Time since last: 2000291200 ns, Reaching safepoint: 139500 ns, At safepoint: 15100 ns, Total: 154600 ns
[2020-09-28T09:33:04.899+0000][30964][safepoint    ] Safepoint "Cleanup", Time since last: 1000127800 ns, Reaching safepoint: 127500 ns, At safepoint: 5500 ns, Total: 133000 ns
[2020-09-28T09:33:06.899+0000][30964][safepoint    ] Safepoint "Cleanup", Time since last: 1999973100 ns, Reaching safepoint: 162400 ns, At safepoint: 5600 ns, Total: 168000 ns
[2020-09-28T09:33:07.900+0000][30964][safepoint    ] Safepoint "Cleanup", Time since last: 1000662800 ns, Reaching safepoint: 109500 ns, At safepoint: 6600 ns, Total: 116100 ns
[2020-09-28T09:33:08.901+0000][30964][safepoint    ] Safepoint "Cleanup", Time since last: 1000597000 ns, Reaching safepoint: 137200 ns, At safepoint: 6500 ns, Total: 143700 ns
[2020-09-28T09:33:10.901+0000][30964][safepoint    ] Safepoint "Cleanup", Time since last: 1999963300 ns, Reaching safepoint: 106600 ns, At safepoint: 6800 ns, Total: 113400 ns
[2020-09-28T09:33:12.312+0000][30964][safepoint    ] Safepoint "Cleanup", Time since last: 1410799700 ns, Reaching safepoint: 627500 ns, At safepoint: 82700 ns, Total: 710200 ns
[2020-09-28T09:33:13.314+0000][30964][safepoint    ] Safepoint "Cleanup", Time since last: 1001075000 ns, Reaching safepoint: 141900 ns, At safepoint: 11000 ns, Total: 152900 ns
[2020-09-28T09:33:14.315+0000][30964][safepoint    ] Safepoint "Cleanup", Time since last: 1000775800 ns, Reaching safepoint: 143800 ns, At safepoint: 10500 ns, Total: 154300 ns
[2020-09-28T09:33:15.315+0000][30964][safepoint    ] Safepoint "Cleanup", Time since last: 1000098700 ns, Reaching safepoint: 149700 ns, At safepoint: 7800 ns, Total: 157500 ns
[2020-09-28T09:33:16.316+0000][30964][safepoint    ] Safepoint "Cleanup", Time since last: 1000904900 ns, Reaching safepoint: 159900 ns, At safepoint: 24800 ns, Total: 184700 ns
[2020-09-28T09:33:17.316+0000][30964][safepoint    ] Safepoint "Cleanup", Time since last: 1000289100 ns, Reaching safepoint: 146000 ns, At safepoint: 8300 ns, Total: 154300 ns
[2020-09-28T09:33:18.317+0000][30964][safepoint    ] Safepoint "Cleanup", Time since last: 1000109800 ns, Reaching safepoint: 125100 ns, At safepoint: 7700 ns, Total: 132800 ns
[2020-09-28T09:33:19.317+0000][30964][safepoint    ] Safepoint "Cleanup", Time since last: 1000590900 ns, Reaching safepoint: 602000 ns, At safepoint: 30500 ns, Total: 632500 ns
[2020-09-28T09:33:20.318+0000][30964][safepoint    ] Safepoint "Cleanup", Time since last: 1000354100 ns, Reaching safepoint: 207000 ns, At safepoint: 14700 ns, Total: 221700 ns
[2020-09-28T09:33:21.319+0000][30964][safepoint    ] Safepoint "Cleanup", Time since last: 1000459500 ns, Reaching safepoint: 354600 ns, At safepoint: 42800 ns, Total: 397400 ns
[2020-09-28T09:33:23.319+0000][30964][safepoint    ] Safepoint "Cleanup", Time since last: 1999873700 ns, Reaching safepoint: 399200 ns, At safepoint: 34900 ns, Total: 434100 ns
[2020-09-28T09:33:24.321+0000][30964][safepoint    ] Safepoint "Cleanup", Time since last: 1000526200 ns, Reaching safepoint: 533700 ns, At safepoint: 5800 ns, Total: 539500 ns
[2020-09-28T09:33:25.321+0000][30964][safepoint    ] Safepoint "Cleanup", Time since last: 1000195300 ns, Reaching safepoint: 151700 ns, At safepoint: 15400 ns, Total: 167100 ns
[2020-09-28T09:33:26.321+0000][30964][safepoint    ] Safepoint "Cleanup", Time since last: 1000159900 ns, Reaching safepoint: 113000 ns, At safepoint: 7100 ns, Total: 120100 ns
[2020-09-28T09:33:27.322+0000][30964][safepoint    ] Safepoint "Cleanup", Time since last: 1000299100 ns, Reaching safepoint: 139500 ns, At safepoint: 10000 ns, Total: 149500 ns
[2020-09-28T09:33:28.322+0000][30964][safepoint    ] Safepoint "Cleanup", Time since last: 1000395900 ns, Reaching safepoint: 120500 ns, At safepoint: 8400 ns, Total: 128900 ns
[2020-09-28T09:33:29.322+0000][30964][safepoint    ] Safepoint "Cleanup", Time since last: 1000070600 ns, Reaching safepoint: 101800 ns, At safepoint: 3800 ns, Total: 105600 ns
[2020-09-28T09:33:30.323+0000][30964][safepoint    ] Safepoint "Cleanup", Time since last: 1000814000 ns, Reaching safepoint: 155300 ns, At safepoint: 8400 ns, Total: 163700 ns
[2020-09-28T09:33:31.324+0000][30964][safepoint    ] Safepoint "Cleanup", Time since last: 1000784900 ns, Reaching safepoint: 111900 ns, At safepoint: 8800 ns, Total: 120700 ns
[2020-09-28T09:33:33.325+0000][30964][safepoint    ] Safepoint "Cleanup", Time since last: 2000324100 ns, Reaching safepoint: 136700 ns, At safepoint: 6300 ns, Total: 143000 ns
[2020-09-28T09:33:34.325+0000][30964][safepoint    ] Safepoint "Cleanup", Time since last: 1000038400 ns, Reaching safepoint: 149100 ns, At safepoint: 9700 ns, Total: 158800 ns
[2020-09-28T09:33:35.326+0000][30964][safepoint    ] Safepoint "Cleanup", Time since last: 1000563700 ns, Reaching safepoint: 110100 ns, At safepoint: 6400 ns, Total: 116500 ns
[2020-09-28T09:33:36.326+0000][30964][safepoint    ] Safepoint "Cleanup", Time since last: 1000495800 ns, Reaching safepoint: 115100 ns, At safepoint: 7200 ns, Total: 122300 ns
[2020-09-28T09:33:37.327+0000][30964][safepoint    ] Safepoint "Cleanup", Time since last: 1000265300 ns, Reaching safepoint: 127100 ns, At safepoint: 5200 ns, Total: 132300 ns
[2020-09-28T09:33:39.327+0000][30964][safepoint    ] Safepoint "Cleanup", Time since last: 2000785100 ns, Reaching safepoint: 162900 ns, At safepoint: 21000 ns, Total: 183900 ns
[2020-09-28T09:33:40.328+0000][30964][safepoint    ] Safepoint "Cleanup", Time since last: 1000421500 ns, Reaching safepoint: 120900 ns, At safepoint: 9800 ns, Total: 130700 ns
[2020-09-28T09:33:41.329+0000][30964][safepoint    ] Safepoint "Cleanup", Time since last: 1000775600 ns, Reaching safepoint: 114100 ns, At safepoint: 7300 ns, Total: 121400 ns
[2020-09-28T09:33:42.329+0000][30964][safepoint    ] Safepoint "Cleanup", Time since last: 1000261100 ns, Reaching safepoint: 129200 ns, At safepoint: 8900 ns, Total: 138100 ns
[2020-09-28T09:33:44.330+0000][30964][safepoint    ] Safepoint "Cleanup", Time since last: 2000480600 ns, Reaching safepoint: 171200 ns, At safepoint: 6100 ns, Total: 177300 ns
[2020-09-28T09:33:45.331+0000][30964][safepoint    ] Safepoint "Cleanup", Time since last: 1000568300 ns, Reaching safepoint: 134600 ns, At safepoint: 6600 ns, Total: 141200 ns
[2020-09-28T09:33:46.331+0000][30964][safepoint    ] Safepoint "Cleanup", Time since last: 1000508000 ns, Reaching safepoint: 134000 ns, At safepoint: 7100 ns, Total: 141100 ns
[2020-09-28T09:33:47.332+0000][30964][safepoint    ] Safepoint "Cleanup", Time since last: 1000597000 ns, Reaching safepoint: 175100 ns, At safepoint: 6700 ns, Total: 181800 ns
[2020-09-28T09:33:49.333+0000][30964][safepoint    ] Safepoint "Cleanup", Time since last: 2000590500 ns, Reaching safepoint: 132800 ns, At safepoint: 7200 ns, Total: 140000 ns
[2020-09-28T09:33:51.334+0000][30964][safepoint    ] Safepoint "Cleanup", Time since last: 2000820700 ns, Reaching safepoint: 108300 ns, At safepoint: 6500 ns, Total: 114800 ns
[2020-09-28T09:33:52.334+0000][30964][safepoint    ] Safepoint "Cleanup", Time since last: 1000410500 ns, Reaching safepoint: 151300 ns, At safepoint: 6700 ns, Total: 158000 ns
[2020-09-28T09:33:54.335+0000][30964][safepoint    ] Safepoint "Cleanup", Time since last: 2000649700 ns, Reaching safepoint: 103100 ns, At safepoint: 2600 ns, Total: 105700 ns
[2020-09-28T09:33:55.335+0000][30964][safepoint    ] Safepoint "Cleanup", Time since last: 1000070900 ns, Reaching safepoint: 108700 ns, At safepoint: 6500 ns, Total: 115200 ns
[2020-09-28T09:33:57.336+0000][30964][safepoint    ] Safepoint "Cleanup", Time since last: 2000863900 ns, Reaching safepoint: 148400 ns, At safepoint: 6300 ns, Total: 154700 ns
[2020-09-28T09:33:58.337+0000][30964][safepoint    ] Safepoint "Cleanup", Time since last: 1000378300 ns, Reaching safepoint: 107300 ns, At safepoint: 6300 ns, Total: 113600 ns
[2020-09-28T09:33:59.337+0000][30964][safepoint    ] Safepoint "Cleanup", Time since last: 1000216800 ns, Reaching safepoint: 113600 ns, At safepoint: 5800 ns, Total: 119400 ns
[2020-09-28T09:34:00.337+0000][30964][safepoint    ] Safepoint "Cleanup", Time since last: 1000031800 ns, Reaching safepoint: 105200 ns, At safepoint: 5600 ns, Total: 110800 ns
[2020-09-28T09:34:01.338+0000][30964][safepoint    ] Safepoint "Cleanup", Time since last: 1000201200 ns, Reaching safepoint: 134200 ns, At safepoint: 6300 ns, Total: 140500 ns
[2020-09-28T09:34:02.338+0000][30964][safepoint    ] Safepoint "Cleanup", Time since last: 1000417500 ns, Reaching safepoint: 101700 ns, At safepoint: 7100 ns, Total: 108800 ns
[2020-09-28T09:34:03.339+0000][30964][safepoint    ] Safepoint "Cleanup", Time since last: 1000736200 ns, Reaching safepoint: 105500 ns, At safepoint: 6200 ns, Total: 111700 ns
[2020-09-28T09:34:05.340+0000][30964][safepoint    ] Safepoint "Cleanup", Time since last: 2000818900 ns, Reaching safepoint: 179700 ns, At safepoint: 5500 ns, Total: 185200 ns
[2020-09-28T09:34:06.341+0000][30964][safepoint    ] Safepoint "Cleanup", Time since last: 1000478700 ns, Reaching safepoint: 141400 ns, At safepoint: 5200 ns, Total: 146600 ns
[2020-09-28T09:34:07.342+0000][30964][safepoint    ] Safepoint "Cleanup", Time since last: 1000679200 ns, Reaching safepoint: 88600 ns, At safepoint: 3900 ns, Total: 92500 ns
[2020-09-28T09:34:08.342+0000][30964][safepoint    ] Safepoint "Cleanup", Time since last: 1000809400 ns, Reaching safepoint: 155400 ns, At safepoint: 6300 ns, Total: 161700 ns
[2020-09-28T09:34:09.343+0000][30964][safepoint    ] Safepoint "Cleanup", Time since last: 1000718000 ns, Reaching safepoint: 123600 ns, At safepoint: 6500 ns, Total: 130100 ns
[2020-09-28T09:34:10.344+0000][30964][safepoint    ] Safepoint "Cleanup", Time since last: 1000570000 ns, Reaching safepoint: 141100 ns, At safepoint: 5700 ns, Total: 146800 ns
[2020-09-28T09:34:11.344+0000][30964][safepoint    ] Safepoint "Cleanup", Time since last: 1000048700 ns, Reaching safepoint: 154600 ns, At safepoint: 5000 ns, Total: 159600 ns
[2020-09-28T09:34:12.345+0000][30964][safepoint    ] Safepoint "Cleanup", Time since last: 1000405700 ns, Reaching safepoint: 146000 ns, At safepoint: 20400 ns, Total: 166400 ns
[2020-09-28T09:34:13.345+0000][30964][safepoint    ] Safepoint "Cleanup", Time since last: 1000196400 ns, Reaching safepoint: 382300 ns, At safepoint: 8100 ns, Total: 390400 ns
[2020-09-28T09:34:15.346+0000][30964][safepoint    ] Safepoint "Cleanup", Time since last: 2000007100 ns, Reaching safepoint: 134500 ns, At safepoint: 4400 ns, Total: 138900 ns
[2020-09-28T09:34:16.346+0000][30964][safepoint    ] Safepoint "Cleanup", Time since last: 1000069900 ns, Reaching safepoint: 108500 ns, At safepoint: 4600 ns, Total: 113100 ns
[2020-09-28T09:34:17.346+0000][30964][safepoint    ] Safepoint "Cleanup", Time since last: 1000221900 ns, Reaching safepoint: 112000 ns, At safepoint: 8600 ns, Total: 120600 ns
[2020-09-28T09:34:18.346+0000][30964][safepoint    ] Safepoint "Cleanup", Time since last: 1000079100 ns, Reaching safepoint: 142900 ns, At safepoint: 7100 ns, Total: 150000 ns
[2020-09-28T09:34:20.347+0000][30964][safepoint    ] Safepoint "Cleanup", Time since last: 2000193800 ns, Reaching safepoint: 152500 ns, At safepoint: 6400 ns, Total: 158900 ns
[2020-09-28T09:34:21.347+0000][30964][safepoint    ] Safepoint "Cleanup", Time since last: 1000323800 ns, Reaching safepoint: 97100 ns, At safepoint: 7100 ns, Total: 104200 ns
[2020-09-28T09:34:22.347+0000][30964][safepoint    ] Safepoint "Cleanup", Time since last: 1000151900 ns, Reaching safepoint: 167900 ns, At safepoint: 6000 ns, Total: 173900 ns
[2020-09-28T09:34:23.348+0000][30964][safepoint    ] Safepoint "Cleanup", Time since last: 1000075800 ns, Reaching safepoint: 126600 ns, At safepoint: 5800 ns, Total: 132400 ns
[2020-09-28T09:34:24.348+0000][30964][safepoint    ] Safepoint "Cleanup", Time since last: 1000325400 ns, Reaching safepoint: 118100 ns, At safepoint: 5400 ns, Total: 123500 ns
[2020-09-28T09:34:25.349+0000][30964][safepoint    ] Safepoint "Cleanup", Time since last: 1000779900 ns, Reaching safepoint: 107100 ns, At safepoint: 6400 ns, Total: 113500 ns
[2020-09-28T09:34:26.350+0000][30964][safepoint    ] Safepoint "Cleanup", Time since last: 1000637300 ns, Reaching safepoint: 121500 ns, At safepoint: 6200 ns, Total: 127700 ns
[2020-09-28T09:34:27.350+0000][30964][safepoint    ] Safepoint "Cleanup", Time since last: 1000137200 ns, Reaching safepoint: 108700 ns, At safepoint: 6100 ns, Total: 114800 ns
[2020-09-28T09:34:28.351+0000][30964][safepoint    ] Safepoint "Cleanup", Time since last: 1000419100 ns, Reaching safepoint: 127800 ns, At safepoint: 5100 ns, Total: 132900 ns
[2020-09-28T09:34:30.351+0000][30964][safepoint    ] Safepoint "Cleanup", Time since last: 2000488500 ns, Reaching safepoint: 151500 ns, At safepoint: 6000 ns, Total: 157500 ns
[2020-09-28T09:34:31.351+0000][30964][safepoint    ] Safepoint "Cleanup", Time since last: 1000125800 ns, Reaching safepoint: 112900 ns, At safepoint: 3600 ns, Total: 116500 ns
[2020-09-28T09:34:32.352+0000][30964][safepoint    ] Safepoint "Cleanup", Time since last: 1000839200 ns, Reaching safepoint: 141100 ns, At safepoint: 5900 ns, Total: 147000 ns
[2020-09-28T09:34:33.353+0000][30964][safepoint    ] Safepoint "Cleanup", Time since last: 1000772700 ns, Reaching safepoint: 107600 ns, At safepoint: 6200 ns, Total: 113800 ns
[2020-09-28T09:34:35.354+0000][30964][safepoint    ] Safepoint "Cleanup", Time since last: 2000169300 ns, Reaching safepoint: 108800 ns, At safepoint: 2300 ns, Total: 111100 ns
[2020-09-28T09:34:36.354+0000][30964][safepoint    ] Safepoint "Cleanup", Time since last: 1000337700 ns, Reaching safepoint: 126100 ns, At safepoint: 3600 ns, Total: 129700 ns
[2020-09-28T09:34:37.354+0000][30964][safepoint    ] Safepoint "Cleanup", Time since last: 1000094900 ns, Reaching safepoint: 99100 ns, At safepoint: 6000 ns, Total: 105100 ns
[2020-09-28T09:34:38.355+0000][30964][safepoint    ] Safepoint "Cleanup", Time since last: 1000746400 ns, Reaching safepoint: 184700 ns, At safepoint: 7200 ns, Total: 191900 ns
[2020-09-28T09:34:39.356+0000][30964][safepoint    ] Safepoint "Cleanup", Time since last: 1000829800 ns, Reaching safepoint: 129800 ns, At safepoint: 5800 ns, Total: 135600 ns
[2020-09-28T09:34:40.356+0000][30964][safepoint    ] Safepoint "Cleanup", Time since last: 1000120500 ns, Reaching safepoint: 120400 ns, At safepoint: 12300 ns, Total: 132700 ns
[2020-09-28T09:34:41.357+0000][30964][safepoint    ] Safepoint "Cleanup", Time since last: 1000244000 ns, Reaching safepoint: 99900 ns, At safepoint: 6200 ns, Total: 106100 ns
[2020-09-28T09:34:42.358+0000][30964][safepoint    ] Safepoint "Cleanup", Time since last: 1000856000 ns, Reaching safepoint: 154700 ns, At safepoint: 5200 ns, Total: 159900 ns
[2020-09-28T09:34:43.358+0000][30964][safepoint    ] Safepoint "Cleanup", Time since last: 1000052600 ns, Reaching safepoint: 149800 ns, At safepoint: 21400 ns, Total: 171200 ns
[2020-09-28T09:34:44.359+0000][30964][safepoint    ] Safepoint "Cleanup", Time since last: 1000685600 ns, Reaching safepoint: 110400 ns, At safepoint: 7700 ns, Total: 118100 ns
[2020-09-28T09:34:45.359+0000][30964][safepoint    ] Safepoint "Cleanup", Time since last: 1000478400 ns, Reaching safepoint: 135000 ns, At safepoint: 6100 ns, Total: 141100 ns
[2020-09-28T09:34:47.360+0000][30964][safepoint    ] Safepoint "Cleanup", Time since last: 2000312700 ns, Reaching safepoint: 106000 ns, At safepoint: 5500 ns, Total: 111500 ns
[2020-09-28T09:34:48.360+0000][30964][safepoint    ] Safepoint "Cleanup", Time since last: 1000204700 ns, Reaching safepoint: 131100 ns, At safepoint: 5200 ns, Total: 136300 ns
[2020-09-28T09:34:50.361+0000][30964][safepoint    ] Safepoint "Cleanup", Time since last: 2000382100 ns, Reaching safepoint: 103100 ns, At safepoint: 2800 ns, Total: 105900 ns
[2020-09-28T09:34:51.361+0000][30964][safepoint    ] Safepoint "Cleanup", Time since last: 1000206800 ns, Reaching safepoint: 143900 ns, At safepoint: 5100 ns, Total: 149000 ns
[2020-09-28T09:34:52.362+0000][30964][safepoint    ] Safepoint "Cleanup", Time since last: 1000629600 ns, Reaching safepoint: 142200 ns, At safepoint: 5900 ns, Total: 148100 ns
[2020-09-28T09:34:53.691+0000][30964][safepoint    ] Safepoint "Cleanup", Time since last: 1329337300 ns, Reaching safepoint: 119200 ns, At safepoint: 31800 ns, Total: 151000 ns
[2020-09-28T09:34:54.692+0000][30964][safepoint    ] Safepoint "Cleanup", Time since last: 1001016400 ns, Reaching safepoint: 115100 ns, At safepoint: 7800 ns, Total: 122900 ns
[2020-09-28T09:34:55.693+0000][30964][safepoint    ] Safepoint "Cleanup", Time since last: 1000050600 ns, Reaching safepoint: 116200 ns, At safepoint: 10600 ns, Total: 126800 ns
[2020-09-28T09:34:56.693+0000][30964][safepoint    ] Safepoint "Cleanup", Time since last: 1000109300 ns, Reaching safepoint: 109700 ns, At safepoint: 5300 ns, Total: 115000 ns
[2020-09-28T09:34:58.693+0000][30964][safepoint    ] Safepoint "Cleanup", Time since last: 2000333200 ns, Reaching safepoint: 131800 ns, At safepoint: 8100 ns, Total: 139900 ns
[2020-09-28T09:34:59.694+0000][30964][safepoint    ] Safepoint "Cleanup", Time since last: 1000737700 ns, Reaching safepoint: 171300 ns, At safepoint: 5400 ns, Total: 176700 ns
[2020-09-28T09:35:01.695+0000][30964][safepoint    ] Safepoint "Cleanup", Time since last: 2000999500 ns, Reaching safepoint: 145800 ns, At safepoint: 6000 ns, Total: 151800 ns
[2020-09-28T09:35:02.696+0000][30964][safepoint    ] Safepoint "Cleanup", Time since last: 1000512000 ns, Reaching safepoint: 131300 ns, At safepoint: 6600 ns, Total: 137900 ns
[2020-09-28T09:35:03.696+0000][30964][safepoint    ] Safepoint "Cleanup", Time since last: 1000224100 ns, Reaching safepoint: 86700 ns, At safepoint: 3100 ns, Total: 89800 ns
[2020-09-28T09:35:05.696+0000][30964][safepoint    ] Safepoint "Cleanup", Time since last: 1999900800 ns, Reaching safepoint: 126900 ns, At safepoint: 6700 ns, Total: 133600 ns
[2020-09-28T09:35:06.697+0000][30964][safepoint    ] Safepoint "Cleanup", Time since last: 1000530600 ns, Reaching safepoint: 119200 ns, At safepoint: 53300 ns, Total: 172500 ns
[2020-09-28T09:35:07.697+0000][30964][safepoint    ] Safepoint "Cleanup", Time since last: 1000035400 ns, Reaching safepoint: 86100 ns, At safepoint: 64300 ns, Total: 150400 ns
[2020-09-28T09:35:08.697+0000][30964][safepoint    ] Safepoint "Cleanup", Time since last: 1000072900 ns, Reaching safepoint: 119600 ns, At safepoint: 6900 ns, Total: 126500 ns
[2020-09-28T09:35:09.698+0000][30964][safepoint    ] Safepoint "Cleanup", Time since last: 1000800500 ns, Reaching safepoint: 107000 ns, At safepoint: 6000 ns, Total: 113000 ns
[2020-09-28T09:35:10.699+0000][30964][safepoint    ] Safepoint "Cleanup", Time since last: 1000462300 ns, Reaching safepoint: 157500 ns, At safepoint: 60300 ns, Total: 217800 ns
[2020-09-28T09:35:12.320+0000][30964][safepoint    ] Safepoint "Cleanup", Time since last: 1620895600 ns, Reaching safepoint: 130700 ns, At safepoint: 5400 ns, Total: 136100 ns
[2020-09-28T09:35:13.320+0000][30964][safepoint    ] Safepoint "Cleanup", Time since last: 1000141500 ns, Reaching safepoint: 186200 ns, At safepoint: 4900 ns, Total: 191100 ns
[2020-09-28T09:35:14.321+0000][30964][safepoint    ] Safepoint "Cleanup", Time since last: 1000388700 ns, Reaching safepoint: 130000 ns, At safepoint: 5300 ns, Total: 135300 ns
[2020-09-28T09:35:15.322+0000][30964][safepoint    ] Safepoint "Cleanup", Time since last: 1000758500 ns, Reaching safepoint: 120600 ns, At safepoint: 5800 ns, Total: 126400 ns
[2020-09-28T09:35:16.322+0000][30964][safepoint    ] Safepoint "Cleanup", Time since last: 1000227700 ns, Reaching safepoint: 124500 ns, At safepoint: 6000 ns, Total: 130500 ns
[2020-09-28T09:35:17.322+0000][30964][safepoint    ] Safepoint "Cleanup", Time since last: 1000108900 ns, Reaching safepoint: 132200 ns, At safepoint: 6000 ns, Total: 138200 ns
[2020-09-28T09:35:18.323+0000][30964][safepoint    ] Safepoint "Cleanup", Time since last: 1000160000 ns, Reaching safepoint: 149200 ns, At safepoint: 3200 ns, Total: 152400 ns
[2020-09-28T09:35:19.323+0000][30964][safepoint    ] Safepoint "Cleanup", Time since last: 1000053400 ns, Reaching safepoint: 133300 ns, At safepoint: 6300 ns, Total: 139600 ns
[2020-09-28T09:35:20.324+0000][30964][safepoint    ] Safepoint "Cleanup", Time since last: 1000742300 ns, Reaching safepoint: 129000 ns, At safepoint: 10100 ns, Total: 139100 ns
[2020-09-28T09:35:22.324+0000][30964][safepoint    ] Safepoint "Cleanup", Time since last: 2000079600 ns, Reaching safepoint: 93700 ns, At safepoint: 3800 ns, Total: 97500 ns
[2020-09-28T09:35:23.325+0000][30964][safepoint    ] Safepoint "Cleanup", Time since last: 1000382800 ns, Reaching safepoint: 107800 ns, At safepoint: 6100 ns, Total: 113900 ns
[2020-09-28T09:35:24.325+0000][30964][safepoint    ] Safepoint "Cleanup", Time since last: 1000409800 ns, Reaching safepoint: 159700 ns, At safepoint: 5800 ns, Total: 165500 ns
[2020-09-28T09:35:25.325+0000][30964][safepoint    ] Safepoint "Cleanup", Time since last: 1000311000 ns, Reaching safepoint: 114100 ns, At safepoint: 5700 ns, Total: 119800 ns
[2020-09-28T09:35:26.326+0000][30964][safepoint    ] Safepoint "Cleanup", Time since last: 1000269600 ns, Reaching safepoint: 110000 ns, At safepoint: 3100 ns, Total: 113100 ns
[2020-09-28T09:35:27.326+0000][30964][safepoint    ] Safepoint "Cleanup", Time since last: 1000067100 ns, Reaching safepoint: 149700 ns, At safepoint: 7700 ns, Total: 157400 ns
[2020-09-28T09:35:29.327+0000][30964][safepoint    ] Safepoint "Cleanup", Time since last: 2000374700 ns, Reaching safepoint: 98900 ns, At safepoint: 7100 ns, Total: 106000 ns
[2020-09-28T09:35:30.327+0000][30964][safepoint    ] Safepoint "Cleanup", Time since last: 1000100600 ns, Reaching safepoint: 104400 ns, At safepoint: 6600 ns, Total: 111000 ns
[2020-09-28T09:35:31.327+0000][30964][safepoint    ] Safepoint "Cleanup", Time since last: 1000076400 ns, Reaching safepoint: 117500 ns, At safepoint: 6900 ns, Total: 124400 ns
[2020-09-28T09:35:32.328+0000][30964][safepoint    ] Safepoint "Cleanup", Time since last: 1000721200 ns, Reaching safepoint: 154600 ns, At safepoint: 6200 ns, Total: 160800 ns
[2020-09-28T09:35:33.328+0000][30964][safepoint    ] Safepoint "Cleanup", Time since last: 1000253500 ns, Reaching safepoint: 96800 ns, At safepoint: 6200 ns, Total: 103000 ns
[2020-09-28T09:35:34.329+0000][30964][safepoint    ] Safepoint "Cleanup", Time since last: 1000820300 ns, Reaching safepoint: 107800 ns, At safepoint: 7400 ns, Total: 115200 ns
[2020-09-28T09:35:35.330+0000][30964][safepoint    ] Safepoint "Cleanup", Time since last: 1000598400 ns, Reaching safepoint: 120600 ns, At safepoint: 9300 ns, Total: 129900 ns
[2020-09-28T09:35:36.330+0000][30964][safepoint    ] Safepoint "Cleanup", Time since last: 1000319900 ns, Reaching safepoint: 145900 ns, At safepoint: 6200 ns, Total: 152100 ns
[2020-09-28T09:35:37.331+0000][30964][safepoint    ] Safepoint "Cleanup", Time since last: 1000096000 ns, Reaching safepoint: 135300 ns, At safepoint: 8200 ns, Total: 143500 ns
[2020-09-28T09:35:38.331+0000][30964][safepoint    ] Safepoint "Cleanup", Time since last: 1000308900 ns, Reaching safepoint: 117500 ns, At safepoint: 4100 ns, Total: 121600 ns
[2020-09-28T09:35:39.332+0000][30964][safepoint    ] Safepoint "Cleanup", Time since last: 1000449200 ns, Reaching safepoint: 192700 ns, At safepoint: 10400 ns, Total: 203100 ns
[2020-09-28T09:35:40.333+0000][30964][safepoint    ] Safepoint "Cleanup", Time since last: 1000758700 ns, Reaching safepoint: 133000 ns, At safepoint: 20700 ns, Total: 153700 ns
[2020-09-28T09:35:42.323+0000][30964][safepoint    ] Safepoint "Cleanup", Time since last: 1990442100 ns, Reaching safepoint: 107100 ns, At safepoint: 5800 ns, Total: 112900 ns
[2020-09-28T09:35:44.324+0000][30964][safepoint    ] Safepoint "Cleanup", Time since last: 2000616700 ns, Reaching safepoint: 141200 ns, At safepoint: 7200 ns, Total: 148400 ns
[2020-09-28T09:35:45.325+0000][30964][safepoint    ] Safepoint "Cleanup", Time since last: 1000646600 ns, Reaching safepoint: 107900 ns, At safepoint: 4800 ns, Total: 112700 ns
[2020-09-28T09:35:46.325+0000][30964][safepoint    ] Safepoint "Cleanup", Time since last: 1000031500 ns, Reaching safepoint: 131300 ns, At safepoint: 5100 ns, Total: 136400 ns
[2020-09-28T09:35:47.325+0000][30964][safepoint    ] Safepoint "Cleanup", Time since last: 1000324000 ns, Reaching safepoint: 118900 ns, At safepoint: 24700 ns, Total: 143600 ns
[2020-09-28T09:35:48.326+0000][30964][safepoint    ] Safepoint "Cleanup", Time since last: 1000529900 ns, Reaching safepoint: 142800 ns, At safepoint: 61700 ns, Total: 204500 ns
[2020-09-28T09:35:49.327+0000][30964][safepoint    ] Safepoint "Cleanup", Time since last: 1000590300 ns, Reaching safepoint: 103200 ns, At safepoint: 63100 ns, Total: 166300 ns
[2020-09-28T09:35:50.327+0000][30964][safepoint    ] Safepoint "Cleanup", Time since last: 1000424600 ns, Reaching safepoint: 127900 ns, At safepoint: 21600 ns, Total: 149500 ns
[2020-09-28T09:35:51.328+0000][30964][safepoint    ] Safepoint "Cleanup", Time since last: 1000221300 ns, Reaching safepoint: 93300 ns, At safepoint: 7000 ns, Total: 100300 ns
[2020-09-28T09:35:52.328+0000][30964][safepoint    ] Safepoint "Cleanup", Time since last: 1000488000 ns, Reaching safepoint: 120600 ns, At safepoint: 5000 ns, Total: 125600 ns
[2020-09-28T09:35:54.329+0000][30964][safepoint    ] Safepoint "Cleanup", Time since last: 2000604300 ns, Reaching safepoint: 103900 ns, At safepoint: 6800 ns, Total: 110700 ns
[2020-09-28T09:35:55.330+0000][30964][safepoint    ] Safepoint "Cleanup", Time since last: 1000371700 ns, Reaching safepoint: 149800 ns, At safepoint: 22700 ns, Total: 172500 ns
[2020-09-28T09:35:56.331+0000][30964][safepoint    ] Safepoint "Cleanup", Time since last: 1000804300 ns, Reaching safepoint: 105800 ns, At safepoint: 31200 ns, Total: 137000 ns
[2020-09-28T09:35:58.331+0000][30964][safepoint    ] Safepoint "Cleanup", Time since last: 2000126700 ns, Reaching safepoint: 111000 ns, At safepoint: 22800 ns, Total: 133800 ns
[2020-09-28T09:36:00.331+0000][30964][safepoint    ] Safepoint "Cleanup", Time since last: 2000052100 ns, Reaching safepoint: 150200 ns, At safepoint: 12100 ns, Total: 162300 ns
[2020-09-28T09:36:01.331+0000][30964][safepoint    ] Safepoint "Cleanup", Time since last: 1000050400 ns, Reaching safepoint: 133200 ns, At safepoint: 6500 ns, Total: 139700 ns
[2020-09-28T09:36:02.332+0000][30964][safepoint    ] Safepoint "Cleanup", Time since last: 1000291200 ns, Reaching safepoint: 115800 ns, At safepoint: 8500 ns, Total: 124300 ns
[2020-09-28T09:36:03.332+0000][30964][safepoint    ] Safepoint "Cleanup", Time since last: 1000137400 ns, Reaching safepoint: 138000 ns, At safepoint: 9900 ns, Total: 147900 ns
[2020-09-28T09:36:04.332+0000][30964][safepoint    ] Safepoint "Cleanup", Time since last: 1000303200 ns, Reaching safepoint: 123800 ns, At safepoint: 6300 ns, Total: 130100 ns
[2020-09-28T09:36:05.333+0000][30964][safepoint    ] Safepoint "Cleanup", Time since last: 1000626100 ns, Reaching safepoint: 114000 ns, At safepoint: 6200 ns, Total: 120200 ns
[2020-09-28T09:36:06.333+0000][30964][safepoint    ] Safepoint "Cleanup", Time since last: 1000251100 ns, Reaching safepoint: 114800 ns, At safepoint: 6400 ns, Total: 121200 ns
[2020-09-28T09:36:07.334+0000][30964][safepoint    ] Safepoint "Cleanup", Time since last: 1000895000 ns, Reaching safepoint: 121700 ns, At safepoint: 7600 ns, Total: 129300 ns
[2020-09-28T09:36:08.335+0000][30964][safepoint    ] Safepoint "Cleanup", Time since last: 1000105100 ns, Reaching safepoint: 117900 ns, At safepoint: 7200 ns, Total: 125100 ns
[2020-09-28T09:36:09.336+0000][30964][safepoint    ] Safepoint "Cleanup", Time since last: 1000816700 ns, Reaching safepoint: 125500 ns, At safepoint: 8100 ns, Total: 133600 ns
[2020-09-28T09:36:11.337+0000][30964][safepoint    ] Safepoint "Cleanup", Time since last: 2000878500 ns, Reaching safepoint: 98000 ns, At safepoint: 6900 ns, Total: 104900 ns
[2020-09-28T09:36:12.338+0000][30964][safepoint    ] Safepoint "Cleanup", Time since last: 1000798900 ns, Reaching safepoint: 127500 ns, At safepoint: 6300 ns, Total: 133800 ns
[2020-09-28T09:36:13.338+0000][30964][safepoint    ] Safepoint "Cleanup", Time since last: 1000091900 ns, Reaching safepoint: 110000 ns, At safepoint: 6400 ns, Total: 116400 ns
[2020-09-28T09:36:14.338+0000][30964][safepoint    ] Safepoint "Cleanup", Time since last: 1000343900 ns, Reaching safepoint: 138500 ns, At safepoint: 7300 ns, Total: 145800 ns
[2020-09-28T09:36:15.339+0000][30964][safepoint    ] Safepoint "Cleanup", Time since last: 1000281400 ns, Reaching safepoint: 159500 ns, At safepoint: 15100 ns, Total: 174600 ns
[2020-09-28T09:36:16.340+0000][30964][safepoint    ] Safepoint "Cleanup", Time since last: 1000688200 ns, Reaching safepoint: 130900 ns, At safepoint: 5200 ns, Total: 136100 ns
[2020-09-28T09:36:17.340+0000][30964][safepoint    ] Safepoint "Cleanup", Time since last: 1000778600 ns, Reaching safepoint: 152300 ns, At safepoint: 8600 ns, Total: 160900 ns
[2020-09-28T09:36:18.341+0000][30964][safepoint    ] Safepoint "Cleanup", Time since last: 1000785700 ns, Reaching safepoint: 166100 ns, At safepoint: 7100 ns, Total: 173200 ns
[2020-09-28T09:36:20.342+0000][30964][safepoint    ] Safepoint "Cleanup", Time since last: 2000433100 ns, Reaching safepoint: 125500 ns, At safepoint: 6100 ns, Total: 131600 ns
[2020-09-28T09:36:22.343+0000][30964][safepoint    ] Safepoint "Cleanup", Time since last: 2000458900 ns, Reaching safepoint: 118100 ns, At safepoint: 5700 ns, Total: 123800 ns
[2020-09-28T09:36:24.343+0000][30964][safepoint    ] Safepoint "Cleanup", Time since last: 2000252000 ns, Reaching safepoint: 109800 ns, At safepoint: 24200 ns, Total: 134000 ns
[2020-09-28T09:36:26.343+0000][30964][safepoint    ] Safepoint "Cleanup", Time since last: 2000145500 ns, Reaching safepoint: 151700 ns, At safepoint: 6400 ns, Total: 158100 ns
[2020-09-28T09:36:27.344+0000][30964][safepoint    ] Safepoint "Cleanup", Time since last: 1000095800 ns, Reaching safepoint: 119500 ns, At safepoint: 8700 ns, Total: 128200 ns
[2020-09-28T09:36:28.344+0000][30964][safepoint    ] Safepoint "Cleanup", Time since last: 1000462000 ns, Reaching safepoint: 114700 ns, At safepoint: 5300 ns, Total: 120000 ns
[2020-09-28T09:36:29.344+0000][30964][safepoint    ] Safepoint "Cleanup", Time since last: 1000227500 ns, Reaching safepoint: 129400 ns, At safepoint: 6300 ns, Total: 135700 ns
[2020-09-28T09:36:30.345+0000][30964][safepoint    ] Safepoint "Cleanup", Time since last: 1000621100 ns, Reaching safepoint: 103300 ns, At safepoint: 6000 ns, Total: 109300 ns
[2020-09-28T09:36:31.345+0000][30964][safepoint    ] Safepoint "Cleanup", Time since last: 1000067900 ns, Reaching safepoint: 125600 ns, At safepoint: 5800 ns, Total: 131400 ns
[2020-09-28T09:36:32.346+0000][30964][safepoint    ] Safepoint "Cleanup", Time since last: 1000571500 ns, Reaching safepoint: 161600 ns, At safepoint: 6200 ns, Total: 167800 ns
[2020-09-28T09:36:33.346+0000][30964][safepoint    ] Safepoint "Cleanup", Time since last: 1000215500 ns, Reaching safepoint: 138800 ns, At safepoint: 5800 ns, Total: 144600 ns
[2020-09-28T09:36:35.347+0000][30964][safepoint    ] Safepoint "Cleanup", Time since last: 2000525100 ns, Reaching safepoint: 116200 ns, At safepoint: 5500 ns, Total: 121700 ns
[2020-09-28T09:36:36.348+0000][30964][safepoint    ] Safepoint "Cleanup", Time since last: 1000347200 ns, Reaching safepoint: 165200 ns, At safepoint: 5000 ns, Total: 170200 ns
[2020-09-28T09:36:37.349+0000][30964][safepoint    ] Safepoint "Cleanup", Time since last: 1000791900 ns, Reaching safepoint: 105300 ns, At safepoint: 20900 ns, Total: 126200 ns
[2020-09-28T09:36:38.349+0000][30964][safepoint    ] Safepoint "Cleanup", Time since last: 1000597800 ns, Reaching safepoint: 145100 ns, At safepoint: 10100 ns, Total: 155200 ns
[2020-09-28T09:36:39.350+0000][30964][safepoint    ] Safepoint "Cleanup", Time since last: 1000311000 ns, Reaching safepoint: 120000 ns, At safepoint: 7300 ns, Total: 127300 ns
[2020-09-28T09:36:40.350+0000][30964][safepoint    ] Safepoint "Cleanup", Time since last: 1000572200 ns, Reaching safepoint: 119000 ns, At safepoint: 4800 ns, Total: 123800 ns
[2020-09-28T09:36:42.327+0000][30964][safepoint    ] Safepoint "Cleanup", Time since last: 1976610500 ns, Reaching safepoint: 151300 ns, At safepoint: 8400 ns, Total: 159700 ns
[2020-09-28T09:36:43.328+0000][30964][safepoint    ] Safepoint "Cleanup", Time since last: 1000550400 ns, Reaching safepoint: 129900 ns, At safepoint: 5400 ns, Total: 135300 ns
[2020-09-28T09:36:44.329+0000][30964][safepoint    ] Safepoint "Cleanup", Time since last: 1000693700 ns, Reaching safepoint: 130400 ns, At safepoint: 9600 ns, Total: 140000 ns
[2020-09-28T09:36:45.329+0000][30964][safepoint    ] Safepoint "Cleanup", Time since last: 1000190100 ns, Reaching safepoint: 143900 ns, At safepoint: 10000 ns, Total: 153900 ns
[2020-09-28T09:36:46.330+0000][30964][safepoint    ] Safepoint "Cleanup", Time since last: 1000723500 ns, Reaching safepoint: 123200 ns, At safepoint: 5500 ns, Total: 128700 ns
[2020-09-28T09:36:47.330+0000][30964][safepoint    ] Safepoint "Cleanup", Time since last: 1000094200 ns, Reaching safepoint: 105000 ns, At safepoint: 6200 ns, Total: 111200 ns
[2020-09-28T09:36:48.331+0000][30964][safepoint    ] Safepoint "Cleanup", Time since last: 1000833200 ns, Reaching safepoint: 136600 ns, At safepoint: 6300 ns, Total: 142900 ns
[2020-09-28T09:36:49.332+0000][30964][safepoint    ] Safepoint "Cleanup", Time since last: 1000217800 ns, Reaching safepoint: 114200 ns, At safepoint: 5500 ns, Total: 119700 ns
[2020-09-28T09:36:50.332+0000][30964][safepoint    ] Safepoint "Cleanup", Time since last: 1000752100 ns, Reaching safepoint: 108700 ns, At safepoint: 6100 ns, Total: 114800 ns
[2020-09-28T09:36:51.333+0000][30964][safepoint    ] Safepoint "Cleanup", Time since last: 1000225700 ns, Reaching safepoint: 124300 ns, At safepoint: 15900 ns, Total: 140200 ns
[2020-09-28T09:36:52.334+0000][30964][safepoint    ] Safepoint "Cleanup", Time since last: 1000682300 ns, Reaching safepoint: 85700 ns, At safepoint: 3200 ns, Total: 88900 ns
[2020-09-28T09:36:53.334+0000][30964][safepoint    ] Safepoint "Cleanup", Time since last: 1000751700 ns, Reaching safepoint: 102100 ns, At safepoint: 3700 ns, Total: 105800 ns
[2020-09-28T09:36:54.335+0000][30964][safepoint    ] Safepoint "Cleanup", Time since last: 1000505000 ns, Reaching safepoint: 138900 ns, At safepoint: 5800 ns, Total: 144700 ns
[2020-09-28T09:36:55.335+0000][30964][safepoint    ] Safepoint "Cleanup", Time since last: 1000078700 ns, Reaching safepoint: 107500 ns, At safepoint: 3700 ns, Total: 111200 ns
[2020-09-28T09:36:56.336+0000][30964][safepoint    ] Safepoint "Cleanup", Time since last: 1000212800 ns, Reaching safepoint: 229400 ns, At safepoint: 11100 ns, Total: 240500 ns
[2020-09-28T09:36:57.336+0000][30964][safepoint    ] Safepoint "Cleanup", Time since last: 1000310100 ns, Reaching safepoint: 138700 ns, At safepoint: 8800 ns, Total: 147500 ns
[2020-09-28T09:36:58.337+0000][30964][safepoint    ] Safepoint "Cleanup", Time since last: 1000280300 ns, Reaching safepoint: 147400 ns, At safepoint: 7400 ns, Total: 154800 ns
[2020-09-28T09:36:59.337+0000][30964][safepoint    ] Safepoint "Cleanup", Time since last: 1000450100 ns, Reaching safepoint: 166000 ns, At safepoint: 12400 ns, Total: 178400 ns
[2020-09-28T09:37:00.338+0000][30964][safepoint    ] Safepoint "Cleanup", Time since last: 1000553900 ns, Reaching safepoint: 164200 ns, At safepoint: 10200 ns, Total: 174400 ns
[2020-09-28T09:37:01.338+0000][30964][safepoint    ] Safepoint "Cleanup", Time since last: 1000053200 ns, Reaching safepoint: 143100 ns, At safepoint: 8500 ns, Total: 151600 ns
[2020-09-28T09:37:02.338+0000][30964][safepoint    ] Safepoint "Cleanup", Time since last: 1000105700 ns, Reaching safepoint: 109000 ns, At safepoint: 7300 ns, Total: 116300 ns
[2020-09-28T09:37:03.339+0000][30964][safepoint    ] Safepoint "Cleanup", Time since last: 1000308500 ns, Reaching safepoint: 135000 ns, At safepoint: 7000 ns, Total: 142000 ns
[2020-09-28T09:37:04.340+0000][30964][safepoint    ] Safepoint "Cleanup", Time since last: 1000585000 ns, Reaching safepoint: 120700 ns, At safepoint: 7900 ns, Total: 128600 ns
[2020-09-28T09:37:05.340+0000][30964][safepoint    ] Safepoint "Cleanup", Time since last: 1000837900 ns, Reaching safepoint: 127900 ns, At safepoint: 7200 ns, Total: 135100 ns
[2020-09-28T09:37:06.341+0000][30964][safepoint    ] Safepoint "Cleanup", Time since last: 1000816800 ns, Reaching safepoint: 145800 ns, At safepoint: 12400 ns, Total: 158200 ns
[2020-09-28T09:37:07.342+0000][30964][safepoint    ] Safepoint "Cleanup", Time since last: 1000828600 ns, Reaching safepoint: 112600 ns, At safepoint: 6400 ns, Total: 119000 ns
[2020-09-28T09:37:08.343+0000][30964][safepoint    ] Safepoint "Cleanup", Time since last: 1000346600 ns, Reaching safepoint: 179300 ns, At safepoint: 9600 ns, Total: 188900 ns
[2020-09-28T09:37:09.343+0000][30964][safepoint    ] Safepoint "Cleanup", Time since last: 1000117400 ns, Reaching safepoint: 91000 ns, At safepoint: 2500 ns, Total: 93500 ns
[2020-09-28T09:37:10.344+0000][30964][safepoint    ] Safepoint "Cleanup", Time since last: 1000850500 ns, Reaching safepoint: 120100 ns, At safepoint: 5500 ns, Total: 125600 ns
[2020-09-28T09:37:12.332+0000][30964][safepoint    ] Safepoint "Cleanup", Time since last: 1988158200 ns, Reaching safepoint: 136600 ns, At safepoint: 5400 ns, Total: 142000 ns
[2020-09-28T09:37:13.333+0000][30964][safepoint    ] Safepoint "Cleanup", Time since last: 1000614800 ns, Reaching safepoint: 127600 ns, At safepoint: 7000 ns, Total: 134600 ns
[2020-09-28T09:37:14.334+0000][30964][safepoint    ] Safepoint "Cleanup", Time since last: 1000849100 ns, Reaching safepoint: 118900 ns, At safepoint: 5200 ns, Total: 124100 ns
[2020-09-28T09:37:16.334+0000][30964][safepoint    ] Safepoint "Cleanup", Time since last: 2000152800 ns, Reaching safepoint: 87400 ns, At safepoint: 3900 ns, Total: 91300 ns
[2020-09-28T09:37:17.335+0000][30964][safepoint    ] Safepoint "Cleanup", Time since last: 1000548200 ns, Reaching safepoint: 144200 ns, At safepoint: 5400 ns, Total: 149600 ns
[2020-09-28T09:37:19.336+0000][30964][safepoint    ] Safepoint "Cleanup", Time since last: 2000555300 ns, Reaching safepoint: 402200 ns, At safepoint: 19700 ns, Total: 421900 ns
[2020-09-28T09:37:21.336+0000][30964][safepoint    ] Safepoint "Cleanup", Time since last: 2000095800 ns, Reaching safepoint: 129600 ns, At safepoint: 2600 ns, Total: 132200 ns
[2020-09-28T09:37:22.337+0000][30964][safepoint    ] Safepoint "Cleanup", Time since last: 1000462400 ns, Reaching safepoint: 136900 ns, At safepoint: 6900 ns, Total: 143800 ns
[2020-09-28T09:37:23.338+0000][30964][safepoint    ] Safepoint "Cleanup", Time since last: 1000713800 ns, Reaching safepoint: 110600 ns, At safepoint: 7400 ns, Total: 118000 ns
[2020-09-28T09:37:24.338+0000][30964][safepoint    ] Safepoint "Cleanup", Time since last: 1000474700 ns, Reaching safepoint: 206200 ns, At safepoint: 5200 ns, Total: 211400 ns
[2020-09-28T09:37:25.339+0000][30964][safepoint    ] Safepoint "Cleanup", Time since last: 1000285000 ns, Reaching safepoint: 113300 ns, At safepoint: 7500 ns, Total: 120800 ns
[2020-09-28T09:37:26.340+0000][30964][safepoint    ] Safepoint "Cleanup", Time since last: 1000922200 ns, Reaching safepoint: 130700 ns, At safepoint: 6000 ns, Total: 136700 ns
[2020-09-28T09:37:27.341+0000][30964][safepoint    ] Safepoint "Cleanup", Time since last: 1000561100 ns, Reaching safepoint: 105900 ns, At safepoint: 6000 ns, Total: 111900 ns
[2020-09-28T09:37:28.341+0000][30964][safepoint    ] Safepoint "Cleanup", Time since last: 1000480800 ns, Reaching safepoint: 172600 ns, At safepoint: 10400 ns, Total: 183000 ns
[2020-09-28T09:37:29.341+0000][30964][safepoint    ] Safepoint "Cleanup", Time since last: 1000072800 ns, Reaching safepoint: 113400 ns, At safepoint: 7300 ns, Total: 120700 ns
[2020-09-28T09:37:30.342+0000][30964][safepoint    ] Safepoint "Cleanup", Time since last: 1000743700 ns, Reaching safepoint: 132000 ns, At safepoint: 5400 ns, Total: 137400 ns
[2020-09-28T09:37:31.342+0000][30964][safepoint    ] Safepoint "Cleanup", Time since last: 1000041200 ns, Reaching safepoint: 140100 ns, At safepoint: 6100 ns, Total: 146200 ns
[2020-09-28T09:37:32.343+0000][30964][safepoint    ] Safepoint "Cleanup", Time since last: 1000610800 ns, Reaching safepoint: 122200 ns, At safepoint: 6500 ns, Total: 128700 ns
[2020-09-28T09:37:34.344+0000][30964][safepoint    ] Safepoint "Cleanup", Time since last: 2000782800 ns, Reaching safepoint: 132700 ns, At safepoint: 6400 ns, Total: 139100 ns
[2020-09-28T09:37:35.344+0000][30964][safepoint    ] Safepoint "Cleanup", Time since last: 1000070400 ns, Reaching safepoint: 203500 ns, At safepoint: 6200 ns, Total: 209700 ns
[2020-09-28T09:37:37.345+0000][30964][safepoint    ] Safepoint "Cleanup", Time since last: 2000224800 ns, Reaching safepoint: 116400 ns, At safepoint: 6800 ns, Total: 123200 ns
[2020-09-28T09:37:38.345+0000][30964][safepoint    ] Safepoint "Cleanup", Time since last: 1000501400 ns, Reaching safepoint: 183200 ns, At safepoint: 10100 ns, Total: 193300 ns
[2020-09-28T09:37:39.346+0000][30964][safepoint    ] Safepoint "Cleanup", Time since last: 1000546000 ns, Reaching safepoint: 144600 ns, At safepoint: 6100 ns, Total: 150700 ns
[2020-09-28T09:37:40.347+0000][30964][safepoint    ] Safepoint "Cleanup", Time since last: 1000743000 ns, Reaching safepoint: 115200 ns, At safepoint: 6000 ns, Total: 121200 ns
[2020-09-28T09:37:42.333+0000][30964][safepoint    ] Safepoint "Cleanup", Time since last: 1986176400 ns, Reaching safepoint: 131400 ns, At safepoint: 6500 ns, Total: 137900 ns
[2020-09-28T09:37:43.334+0000][30964][safepoint    ] Safepoint "Cleanup", Time since last: 1000407300 ns, Reaching safepoint: 122300 ns, At safepoint: 4400 ns, Total: 126700 ns
[2020-09-28T09:37:44.334+0000][30964][safepoint    ] Safepoint "Cleanup", Time since last: 1000502200 ns, Reaching safepoint: 118400 ns, At safepoint: 59600 ns, Total: 178000 ns
[2020-09-28T09:37:46.335+0000][30964][safepoint    ] Safepoint "Cleanup", Time since last: 2000636200 ns, Reaching safepoint: 130000 ns, At safepoint: 6100 ns, Total: 136100 ns
[2020-09-28T09:37:47.336+0000][30964][safepoint    ] Safepoint "Cleanup", Time since last: 1000502700 ns, Reaching safepoint: 161500 ns, At safepoint: 7100 ns, Total: 168600 ns
[2020-09-28T09:37:48.337+0000][30964][safepoint    ] Safepoint "Cleanup", Time since last: 1000629900 ns, Reaching safepoint: 113100 ns, At safepoint: 8400 ns, Total: 121500 ns
[2020-09-28T09:37:49.337+0000][30964][safepoint    ] Safepoint "Cleanup", Time since last: 1000090600 ns, Reaching safepoint: 144800 ns, At safepoint: 5700 ns, Total: 150500 ns
[2020-09-28T09:37:50.338+0000][30964][safepoint    ] Safepoint "Cleanup", Time since last: 1000462700 ns, Reaching safepoint: 108000 ns, At safepoint: 5800 ns, Total: 113800 ns
[2020-09-28T09:37:51.338+0000][30964][safepoint    ] Safepoint "Cleanup", Time since last: 1000727500 ns, Reaching safepoint: 126000 ns, At safepoint: 5300 ns, Total: 131300 ns
[2020-09-28T09:37:52.339+0000][30964][safepoint    ] Safepoint "Cleanup", Time since last: 1000078800 ns, Reaching safepoint: 260400 ns, At safepoint: 9500 ns, Total: 269900 ns
[2020-09-28T09:37:54.339+0000][30964][safepoint    ] Safepoint "Cleanup", Time since last: 2000076200 ns, Reaching safepoint: 151300 ns, At safepoint: 6800 ns, Total: 158100 ns
[2020-09-28T09:37:55.340+0000][30964][safepoint    ] Safepoint "Cleanup", Time since last: 1000538800 ns, Reaching safepoint: 171000 ns, At safepoint: 5800 ns, Total: 176800 ns
[2020-09-28T09:37:56.340+0000][30964][safepoint    ] Safepoint "Cleanup", Time since last: 1000056300 ns, Reaching safepoint: 173600 ns, At safepoint: 5700 ns, Total: 179300 ns
[2020-09-28T09:37:57.341+0000][30964][safepoint    ] Safepoint "Cleanup", Time since last: 1000656200 ns, Reaching safepoint: 119000 ns, At safepoint: 7100 ns, Total: 126100 ns
[2020-09-28T09:37:58.342+0000][30964][safepoint    ] Safepoint "Cleanup", Time since last: 1000736500 ns, Reaching safepoint: 125100 ns, At safepoint: 5500 ns, Total: 130600 ns
[2020-09-28T09:37:59.342+0000][30964][safepoint    ] Safepoint "Cleanup", Time since last: 1000312500 ns, Reaching safepoint: 131200 ns, At safepoint: 6400 ns, Total: 137600 ns
[2020-09-28T09:38:00.343+0000][30964][safepoint    ] Safepoint "Cleanup", Time since last: 1000347800 ns, Reaching safepoint: 93600 ns, At safepoint: 6300 ns, Total: 99900 ns
[2020-09-28T09:38:01.343+0000][30964][safepoint    ] Safepoint "Cleanup", Time since last: 1000055100 ns, Reaching safepoint: 107700 ns, At safepoint: 5900 ns, Total: 113600 ns
[2020-09-28T09:38:02.344+0000][30964][safepoint    ] Safepoint "Cleanup", Time since last: 1000707000 ns, Reaching safepoint: 138000 ns, At safepoint: 6000 ns, Total: 144000 ns
[2020-09-28T09:38:03.344+0000][30964][safepoint    ] Safepoint "Cleanup", Time since last: 1000763000 ns, Reaching safepoint: 131200 ns, At safepoint: 21300 ns, Total: 152500 ns
[2020-09-28T09:38:04.345+0000][30964][safepoint    ] Safepoint "Cleanup", Time since last: 1000646300 ns, Reaching safepoint: 104800 ns, At safepoint: 6200 ns, Total: 111000 ns
[2020-09-28T09:38:05.346+0000][30964][safepoint    ] Safepoint "Cleanup", Time since last: 1000837900 ns, Reaching safepoint: 115300 ns, At safepoint: 6100 ns, Total: 121400 ns
[2020-09-28T09:38:06.347+0000][30964][safepoint    ] Safepoint "Cleanup", Time since last: 1000463200 ns, Reaching safepoint: 108300 ns, At safepoint: 3500 ns, Total: 111800 ns
[2020-09-28T09:38:07.347+0000][30964][safepoint    ] Safepoint "Cleanup", Time since last: 1000067700 ns, Reaching safepoint: 109400 ns, At safepoint: 3200 ns, Total: 112600 ns
[2020-09-28T09:38:08.347+0000][30964][safepoint    ] Safepoint "Cleanup", Time since last: 1000365100 ns, Reaching safepoint: 119200 ns, At safepoint: 5500 ns, Total: 124700 ns
[2020-09-28T09:38:09.348+0000][30964][safepoint    ] Safepoint "Cleanup", Time since last: 1000321700 ns, Reaching safepoint: 128300 ns, At safepoint: 8400 ns, Total: 136700 ns
[2020-09-28T09:38:10.349+0000][30964][safepoint    ] Safepoint "Cleanup", Time since last: 1000530500 ns, Reaching safepoint: 92600 ns, At safepoint: 3400 ns, Total: 96000 ns
[2020-09-28T09:38:12.342+0000][30964][safepoint    ] Safepoint "Cleanup", Time since last: 1993434000 ns, Reaching safepoint: 134400 ns, At safepoint: 9000 ns, Total: 143400 ns
[2020-09-28T09:38:13.342+0000][30964][safepoint    ] Safepoint "Cleanup", Time since last: 1000069200 ns, Reaching safepoint: 103600 ns, At safepoint: 5400 ns, Total: 109000 ns
[2020-09-28T09:38:14.343+0000][30964][safepoint    ] Safepoint "Cleanup", Time since last: 1000244800 ns, Reaching safepoint: 116000 ns, At safepoint: 5300 ns, Total: 121300 ns
[2020-09-28T09:38:15.343+0000][30964][safepoint    ] Safepoint "Cleanup", Time since last: 1000429100 ns, Reaching safepoint: 103600 ns, At safepoint: 21600 ns, Total: 125200 ns
[2020-09-28T09:38:17.344+0000][30964][safepoint    ] Safepoint "Cleanup", Time since last: 2000446100 ns, Reaching safepoint: 176900 ns, At safepoint: 7300 ns, Total: 184200 ns
[2020-09-28T09:38:18.344+0000][30964][safepoint    ] Safepoint "Cleanup", Time since last: 1000177800 ns, Reaching safepoint: 104300 ns, At safepoint: 3400 ns, Total: 107700 ns
[2020-09-28T09:38:19.345+0000][30964][safepoint    ] Safepoint "Cleanup", Time since last: 1000844100 ns, Reaching safepoint: 117300 ns, At safepoint: 7700 ns, Total: 125000 ns
[2020-09-28T09:38:20.346+0000][30964][safepoint    ] Safepoint "Cleanup", Time since last: 1000390300 ns, Reaching safepoint: 604500 ns, At safepoint: 29800 ns, Total: 634300 ns
[2020-09-28T09:38:21.347+0000][30964][safepoint    ] Safepoint "Cleanup", Time since last: 1001048100 ns, Reaching safepoint: 138800 ns, At safepoint: 5800 ns, Total: 144600 ns
[2020-09-28T09:38:22.348+0000][30964][safepoint    ] Safepoint "Cleanup", Time since last: 1000595800 ns, Reaching safepoint: 128500 ns, At safepoint: 6200 ns, Total: 134700 ns
[2020-09-28T09:38:23.348+0000][30964][safepoint    ] Safepoint "Cleanup", Time since last: 1000012400 ns, Reaching safepoint: 147400 ns, At safepoint: 6600 ns, Total: 154000 ns
[2020-09-28T09:38:24.349+0000][30964][safepoint    ] Safepoint "Cleanup", Time since last: 1000588600 ns, Reaching safepoint: 92200 ns, At safepoint: 3600 ns, Total: 95800 ns
[2020-09-28T09:38:25.350+0000][30964][safepoint    ] Safepoint "Cleanup", Time since last: 1000579800 ns, Reaching safepoint: 100100 ns, At safepoint: 3900 ns, Total: 104000 ns
[2020-09-28T09:38:26.350+0000][30964][safepoint    ] Safepoint "Cleanup", Time since last: 1000737800 ns, Reaching safepoint: 112000 ns, At safepoint: 6000 ns, Total: 118000 ns
[2020-09-28T09:38:27.351+0000][30964][safepoint    ] Safepoint "Cleanup", Time since last: 1000246700 ns, Reaching safepoint: 123500 ns, At safepoint: 7600 ns, Total: 131100 ns
[2020-09-28T09:38:28.352+0000][30964][safepoint    ] Safepoint "Cleanup", Time since last: 1000801600 ns, Reaching safepoint: 125700 ns, At safepoint: 5100 ns, Total: 130800 ns
[2020-09-28T09:38:29.352+0000][30964][safepoint    ] Safepoint "Cleanup", Time since last: 1000305800 ns, Reaching safepoint: 111100 ns, At safepoint: 6500 ns, Total: 117600 ns
[2020-09-28T09:38:30.353+0000][30964][safepoint    ] Safepoint "Cleanup", Time since last: 1000324500 ns, Reaching safepoint: 106400 ns, At safepoint: 10600 ns, Total: 117000 ns
[2020-09-28T09:38:31.353+0000][30964][safepoint    ] Safepoint "Cleanup", Time since last: 1000154800 ns, Reaching safepoint: 125500 ns, At safepoint: 7600 ns, Total: 133100 ns
[2020-09-28T09:38:33.354+0000][30964][safepoint    ] Safepoint "Cleanup", Time since last: 2000546200 ns, Reaching safepoint: 788400 ns, At safepoint: 16400 ns, Total: 804800 ns
[2020-09-28T09:38:34.355+0000][30964][safepoint    ] Safepoint "Cleanup", Time since last: 1000500500 ns, Reaching safepoint: 122600 ns, At safepoint: 6100 ns, Total: 128700 ns
[2020-09-28T09:38:35.355+0000][30964][safepoint    ] Safepoint "Cleanup", Time since last: 1000374200 ns, Reaching safepoint: 133900 ns, At safepoint: 5600 ns, Total: 139500 ns
[2020-09-28T09:38:36.356+0000][30964][safepoint    ] Safepoint "Cleanup", Time since last: 1000423100 ns, Reaching safepoint: 166400 ns, At safepoint: 9000 ns, Total: 175400 ns
[2020-09-28T09:38:38.356+0000][30964][safepoint    ] Safepoint "Cleanup", Time since last: 2000277100 ns, Reaching safepoint: 99900 ns, At safepoint: 5700 ns, Total: 105600 ns
[2020-09-28T09:38:39.357+0000][30964][safepoint    ] Safepoint "Cleanup", Time since last: 1000570900 ns, Reaching safepoint: 128800 ns, At safepoint: 7600 ns, Total: 136400 ns
[2020-09-28T09:38:40.358+0000][30964][safepoint    ] Safepoint "Cleanup", Time since last: 1000344400 ns, Reaching safepoint: 132800 ns, At safepoint: 6900 ns, Total: 139700 ns
[2020-09-28T09:38:41.358+0000][30964][safepoint    ] Safepoint "Cleanup", Time since last: 1000015800 ns, Reaching safepoint: 134600 ns, At safepoint: 6200 ns, Total: 140800 ns
[2020-09-28T09:38:42.358+0000][30964][safepoint    ] Safepoint "Cleanup", Time since last: 1000198100 ns, Reaching safepoint: 203200 ns, At safepoint: 13300 ns, Total: 216500 ns
[2020-09-28T09:38:43.359+0000][30964][safepoint    ] Safepoint "Cleanup", Time since last: 1000720900 ns, Reaching safepoint: 168900 ns, At safepoint: 5900 ns, Total: 174800 ns
[2020-09-28T09:38:44.360+0000][30964][safepoint    ] Safepoint "Cleanup", Time since last: 1000424700 ns, Reaching safepoint: 108000 ns, At safepoint: 7500 ns, Total: 115500 ns
[2020-09-28T09:38:46.360+0000][30964][safepoint    ] Safepoint "Cleanup", Time since last: 2000745100 ns, Reaching safepoint: 116700 ns, At safepoint: 5400 ns, Total: 122100 ns
[2020-09-28T09:38:48.360+0000][30964][safepoint    ] Safepoint "Cleanup", Time since last: 1999942100 ns, Reaching safepoint: 99000 ns, At safepoint: 6400 ns, Total: 105400 ns
[2020-09-28T09:38:49.361+0000][30964][safepoint    ] Safepoint "Cleanup", Time since last: 1000735200 ns, Reaching safepoint: 221500 ns, At safepoint: 6500 ns, Total: 228000 ns
[2020-09-28T09:38:51.362+0000][30964][safepoint    ] Safepoint "Cleanup", Time since last: 2000217600 ns, Reaching safepoint: 108100 ns, At safepoint: 6700 ns, Total: 114800 ns
[2020-09-28T09:38:53.362+0000][30964][safepoint    ] Safepoint "Cleanup", Time since last: 2000303000 ns, Reaching safepoint: 85700 ns, At safepoint: 3900 ns, Total: 89600 ns
[2020-09-28T09:38:54.363+0000][30964][safepoint    ] Safepoint "Cleanup", Time since last: 1000372100 ns, Reaching safepoint: 107500 ns, At safepoint: 13700 ns, Total: 121200 ns
[2020-09-28T09:38:55.363+0000][30964][safepoint    ] Safepoint "Cleanup", Time since last: 1000580100 ns, Reaching safepoint: 121200 ns, At safepoint: 5700 ns, Total: 126900 ns
[2020-09-28T09:38:57.364+0000][30964][safepoint    ] Safepoint "Cleanup", Time since last: 2000321400 ns, Reaching safepoint: 138300 ns, At safepoint: 6100 ns, Total: 144400 ns
[2020-09-28T09:38:58.364+0000][30964][safepoint    ] Safepoint "Cleanup", Time since last: 1000314200 ns, Reaching safepoint: 124500 ns, At safepoint: 6700 ns, Total: 131200 ns
[2020-09-28T09:38:59.365+0000][30964][safepoint    ] Safepoint "Cleanup", Time since last: 1000517500 ns, Reaching safepoint: 138600 ns, At safepoint: 8300 ns, Total: 146900 ns
[2020-09-28T09:39:00.365+0000][30964][safepoint    ] Safepoint "Cleanup", Time since last: 1000356700 ns, Reaching safepoint: 111500 ns, At safepoint: 5500 ns, Total: 117000 ns
[2020-09-28T09:39:01.366+0000][30964][safepoint    ] Safepoint "Cleanup", Time since last: 1000548100 ns, Reaching safepoint: 127200 ns, At safepoint: 3600 ns, Total: 130800 ns
[2020-09-28T09:39:02.367+0000][30964][safepoint    ] Safepoint "Cleanup", Time since last: 1000476800 ns, Reaching safepoint: 129000 ns, At safepoint: 2700 ns, Total: 131700 ns
[2020-09-28T09:39:03.367+0000][30964][safepoint    ] Safepoint "Cleanup", Time since last: 1000559300 ns, Reaching safepoint: 101400 ns, At safepoint: 7600 ns, Total: 109000 ns
[2020-09-28T09:39:04.368+0000][30964][safepoint    ] Safepoint "Cleanup", Time since last: 1000284400 ns, Reaching safepoint: 118900 ns, At safepoint: 6300 ns, Total: 125200 ns
[2020-09-28T09:39:05.369+0000][30964][safepoint    ] Safepoint "Cleanup", Time since last: 1000706400 ns, Reaching safepoint: 146200 ns, At safepoint: 5700 ns, Total: 151900 ns
[2020-09-28T09:39:07.369+0000][30964][safepoint    ] Safepoint "Cleanup", Time since last: 2000125400 ns, Reaching safepoint: 116200 ns, At safepoint: 7600 ns, Total: 123800 ns
[2020-09-28T09:39:08.369+0000][30964][safepoint    ] Safepoint "Cleanup", Time since last: 1000164500 ns, Reaching safepoint: 107500 ns, At safepoint: 6500 ns, Total: 114000 ns
[2020-09-28T09:39:09.370+0000][30964][safepoint    ] Safepoint "Cleanup", Time since last: 1000493700 ns, Reaching safepoint: 198000 ns, At safepoint: 13600 ns, Total: 211600 ns
[2020-09-28T09:39:10.370+0000][30964][safepoint    ] Safepoint "Cleanup", Time since last: 1000539500 ns, Reaching safepoint: 195400 ns, At safepoint: 13000 ns, Total: 208400 ns
[2020-09-28T09:39:11.371+0000][30964][safepoint    ] Safepoint "Cleanup", Time since last: 1000619400 ns, Reaching safepoint: 136500 ns, At safepoint: 7800 ns, Total: 144300 ns
[2020-09-28T09:39:12.372+0000][30964][safepoint    ] Safepoint "Cleanup", Time since last: 1000469800 ns, Reaching safepoint: 108800 ns, At safepoint: 6200 ns, Total: 115000 ns
[2020-09-28T09:39:13.373+0000][30964][safepoint    ] Safepoint "Cleanup", Time since last: 1000511300 ns, Reaching safepoint: 115800 ns, At safepoint: 18900 ns, Total: 134700 ns
[2020-09-28T09:39:14.373+0000][30964][safepoint    ] Safepoint "Cleanup", Time since last: 1000611400 ns, Reaching safepoint: 147200 ns, At safepoint: 10000 ns, Total: 157200 ns
[2020-09-28T09:39:15.373+0000][30964][safepoint    ] Safepoint "Cleanup", Time since last: 1000016900 ns, Reaching safepoint: 457800 ns, At safepoint: 58100 ns, Total: 515900 ns
[2020-09-28T09:39:16.374+0000][30964][safepoint    ] Safepoint "Cleanup", Time since last: 1000288900 ns, Reaching safepoint: 169400 ns, At safepoint: 12100 ns, Total: 181500 ns
[2020-09-28T09:39:17.375+0000][30964][safepoint    ] Safepoint "Cleanup", Time since last: 1000560200 ns, Reaching safepoint: 122400 ns, At safepoint: 5600 ns, Total: 128000 ns
[2020-09-28T09:39:18.376+0000][30964][safepoint    ] Safepoint "Cleanup", Time since last: 1000523900 ns, Reaching safepoint: 129000 ns, At safepoint: 6300 ns, Total: 135300 ns
[2020-09-28T09:39:19.376+0000][30964][safepoint    ] Safepoint "Cleanup", Time since last: 1000313900 ns, Reaching safepoint: 101800 ns, At safepoint: 3900 ns, Total: 105700 ns
[2020-09-28T09:39:20.377+0000][30964][safepoint    ] Safepoint "Cleanup", Time since last: 1000534000 ns, Reaching safepoint: 107200 ns, At safepoint: 22100 ns, Total: 129300 ns
[2020-09-28T09:39:21.378+0000][30964][safepoint    ] Safepoint "Cleanup", Time since last: 1000689500 ns, Reaching safepoint: 137800 ns, At safepoint: 6100 ns, Total: 143900 ns
[2020-09-28T09:39:22.378+0000][30964][safepoint    ] Safepoint "Cleanup", Time since last: 1000537000 ns, Reaching safepoint: 116700 ns, At safepoint: 7900 ns, Total: 124600 ns
[2020-09-28T09:39:23.379+0000][30964][safepoint    ] Safepoint "Cleanup", Time since last: 1000670100 ns, Reaching safepoint: 105200 ns, At safepoint: 8100 ns, Total: 113300 ns
[2020-09-28T09:39:24.379+0000][30964][safepoint    ] Safepoint "Cleanup", Time since last: 1000106200 ns, Reaching safepoint: 155700 ns, At safepoint: 7000 ns, Total: 162700 ns
[2020-09-28T09:39:26.053+0000][30964][safepoint    ] Safepoint "Cleanup", Time since last: 1673895500 ns, Reaching safepoint: 106500 ns, At safepoint: 6200 ns, Total: 112700 ns
[2020-09-28T09:39:27.054+0000][30964][safepoint    ] Safepoint "Cleanup", Time since last: 1000850200 ns, Reaching safepoint: 112900 ns, At safepoint: 7400 ns, Total: 120300 ns
[2020-09-28T09:39:28.055+0000][30964][safepoint    ] Safepoint "Cleanup", Time since last: 1000132600 ns, Reaching safepoint: 105800 ns, At safepoint: 7300 ns, Total: 113100 ns
[2020-09-28T09:39:29.055+0000][30964][safepoint    ] Safepoint "Cleanup", Time since last: 1000158800 ns, Reaching safepoint: 123600 ns, At safepoint: 8900 ns, Total: 132500 ns
[2020-09-28T09:39:31.055+0000][30964][safepoint    ] Safepoint "Cleanup", Time since last: 2000248500 ns, Reaching safepoint: 127200 ns, At safepoint: 6100 ns, Total: 133300 ns
[2020-09-28T09:39:32.056+0000][30964][safepoint    ] Safepoint "Cleanup", Time since last: 1000247100 ns, Reaching safepoint: 121500 ns, At safepoint: 15700 ns, Total: 137200 ns
[2020-09-28T09:39:33.056+0000][30964][safepoint    ] Safepoint "Cleanup", Time since last: 1000201500 ns, Reaching safepoint: 126900 ns, At safepoint: 5800 ns, Total: 132700 ns
[2020-09-28T09:39:34.056+0000][30964][safepoint    ] Safepoint "Cleanup", Time since last: 1000336900 ns, Reaching safepoint: 125900 ns, At safepoint: 7700 ns, Total: 133600 ns
[2020-09-28T09:39:36.057+0000][30964][safepoint    ] Safepoint "Cleanup", Time since last: 2000138500 ns, Reaching safepoint: 128700 ns, At safepoint: 3200 ns, Total: 131900 ns
[2020-09-28T09:39:37.057+0000][30964][safepoint    ] Safepoint "Cleanup", Time since last: 1000314800 ns, Reaching safepoint: 129600 ns, At safepoint: 5600 ns, Total: 135200 ns
[2020-09-28T09:39:38.057+0000][30964][safepoint    ] Safepoint "Cleanup", Time since last: 1000009700 ns, Reaching safepoint: 130500 ns, At safepoint: 6800 ns, Total: 137300 ns
[2020-09-28T09:39:39.058+0000][30964][safepoint    ] Safepoint "Cleanup", Time since last: 1000605400 ns, Reaching safepoint: 115500 ns, At safepoint: 6800 ns, Total: 122300 ns
[2020-09-28T09:39:40.058+0000][30964][safepoint    ] Safepoint "Cleanup", Time since last: 1000022700 ns, Reaching safepoint: 141700 ns, At safepoint: 5400 ns, Total: 147100 ns
[2020-09-28T09:39:42.059+0000][30964][safepoint    ] Safepoint "Cleanup", Time since last: 2000434800 ns, Reaching safepoint: 126400 ns, At safepoint: 20500 ns, Total: 146900 ns
[2020-09-28T09:39:43.059+0000][30964][safepoint    ] Safepoint "Cleanup", Time since last: 1000272900 ns, Reaching safepoint: 112400 ns, At safepoint: 6500 ns, Total: 118900 ns
[2020-09-28T09:39:44.060+0000][30964][safepoint    ] Safepoint "Cleanup", Time since last: 1000771200 ns, Reaching safepoint: 140300 ns, At safepoint: 11800 ns, Total: 152100 ns
[2020-09-28T09:39:45.061+0000][30964][safepoint    ] Safepoint "Cleanup", Time since last: 1000669700 ns, Reaching safepoint: 138900 ns, At safepoint: 58700 ns, Total: 197600 ns
[2020-09-28T09:39:46.062+0000][30964][safepoint    ] Safepoint "Cleanup", Time since last: 1000729300 ns, Reaching safepoint: 141900 ns, At safepoint: 6200 ns, Total: 148100 ns
[2020-09-28T09:39:47.063+0000][30964][safepoint    ] Safepoint "Cleanup", Time since last: 1000767100 ns, Reaching safepoint: 123200 ns, At safepoint: 5500 ns, Total: 128700 ns
[2020-09-28T09:39:49.063+0000][30964][safepoint    ] Safepoint "Cleanup", Time since last: 1999969500 ns, Reaching safepoint: 124400 ns, At safepoint: 5200 ns, Total: 129600 ns
[2020-09-28T09:39:50.064+0000][30964][safepoint    ] Safepoint "Cleanup", Time since last: 1000701600 ns, Reaching safepoint: 106300 ns, At safepoint: 2700 ns, Total: 109000 ns
[2020-09-28T09:39:51.064+0000][30964][safepoint    ] Safepoint "Cleanup", Time since last: 1000524000 ns, Reaching safepoint: 128000 ns, At safepoint: 5700 ns, Total: 133700 ns
[2020-09-28T09:39:52.065+0000][30964][safepoint    ] Safepoint "Cleanup", Time since last: 1000563700 ns, Reaching safepoint: 147200 ns, At safepoint: 6000 ns, Total: 153200 ns
[2020-09-28T09:39:53.065+0000][30964][safepoint    ] Safepoint "Cleanup", Time since last: 1000361600 ns, Reaching safepoint: 333900 ns, At safepoint: 7000 ns, Total: 340900 ns
[2020-09-28T09:39:55.067+0000][30964][safepoint    ] Safepoint "Cleanup", Time since last: 2000759300 ns, Reaching safepoint: 102900 ns, At safepoint: 6300 ns, Total: 109200 ns
[2020-09-28T09:39:56.067+0000][30964][safepoint    ] Safepoint "Cleanup", Time since last: 1000731100 ns, Reaching safepoint: 109600 ns, At safepoint: 5900 ns, Total: 115500 ns
[2020-09-28T09:39:57.068+0000][30964][safepoint    ] Safepoint "Cleanup", Time since last: 1000424200 ns, Reaching safepoint: 117600 ns, At safepoint: 5900 ns, Total: 123500 ns
[2020-09-28T09:39:59.069+0000][30964][safepoint    ] Safepoint "Cleanup", Time since last: 2000813900 ns, Reaching safepoint: 156200 ns, At safepoint: 6100 ns, Total: 162300 ns
[2020-09-28T09:40:00.069+0000][30964][safepoint    ] Safepoint "Cleanup", Time since last: 1000294300 ns, Reaching safepoint: 107300 ns, At safepoint: 6000 ns, Total: 113300 ns
[2020-09-28T09:40:01.070+0000][30964][safepoint    ] Safepoint "Cleanup", Time since last: 1000871700 ns, Reaching safepoint: 105600 ns, At safepoint: 6000 ns, Total: 111600 ns
[2020-09-28T09:40:02.071+0000][30964][safepoint    ] Safepoint "Cleanup", Time since last: 1000821100 ns, Reaching safepoint: 97100 ns, At safepoint: 6000 ns, Total: 103100 ns
[2020-09-28T09:40:03.072+0000][30964][safepoint    ] Safepoint "Cleanup", Time since last: 1000363800 ns, Reaching safepoint: 145200 ns, At safepoint: 5800 ns, Total: 151000 ns
[2020-09-28T09:40:04.072+0000][30964][safepoint    ] Safepoint "Cleanup", Time since last: 1000008200 ns, Reaching safepoint: 121900 ns, At safepoint: 6700 ns, Total: 128600 ns
[2020-09-28T09:40:05.073+0000][30964][safepoint    ] Safepoint "Cleanup", Time since last: 1000700500 ns, Reaching safepoint: 99000 ns, At safepoint: 3500 ns, Total: 102500 ns
[2020-09-28T09:40:06.073+0000][30964][safepoint    ] Safepoint "Cleanup", Time since last: 1000067100 ns, Reaching safepoint: 132500 ns, At safepoint: 6200 ns, Total: 138700 ns
[2020-09-28T09:40:07.074+0000][30964][safepoint    ] Safepoint "Cleanup", Time since last: 1000779200 ns, Reaching safepoint: 96500 ns, At safepoint: 3700 ns, Total: 100200 ns
[2020-09-28T09:40:08.075+0000][30964][safepoint    ] Safepoint "Cleanup", Time since last: 1000884600 ns, Reaching safepoint: 94800 ns, At safepoint: 3400 ns, Total: 98200 ns
[2020-09-28T09:40:10.075+0000][30964][safepoint    ] Safepoint "Cleanup", Time since last: 2000220100 ns, Reaching safepoint: 166100 ns, At safepoint: 6500 ns, Total: 172600 ns
[2020-09-28T09:40:11.345+0000][30964][safepoint    ] Safepoint "Cleanup", Time since last: 1269977200 ns, Reaching safepoint: 197500 ns, At safepoint: 61700 ns, Total: 259200 ns
[2020-09-28T09:40:12.347+0000][30964][safepoint    ] Safepoint "Cleanup", Time since last: 1001041900 ns, Reaching safepoint: 125200 ns, At safepoint: 9200 ns, Total: 134400 ns
[2020-09-28T09:40:13.347+0000][30964][safepoint    ] Safepoint "Cleanup", Time since last: 1000001300 ns, Reaching safepoint: 147700 ns, At safepoint: 7000 ns, Total: 154700 ns
[2020-09-28T09:40:15.347+0000][30964][safepoint    ] Safepoint "Cleanup", Time since last: 2000367200 ns, Reaching safepoint: 141900 ns, At safepoint: 6600 ns, Total: 148500 ns
[2020-09-28T09:40:16.348+0000][30964][safepoint    ] Safepoint "Cleanup", Time since last: 1000729400 ns, Reaching safepoint: 144200 ns, At safepoint: 5500 ns, Total: 149700 ns
[2020-09-28T09:40:17.349+0000][30964][safepoint    ] Safepoint "Cleanup", Time since last: 1000487800 ns, Reaching safepoint: 116500 ns, At safepoint: 6800 ns, Total: 123300 ns
[2020-09-28T09:40:18.350+0000][30964][safepoint    ] Safepoint "Cleanup", Time since last: 1000877500 ns, Reaching safepoint: 162200 ns, At safepoint: 6500 ns, Total: 168700 ns
[2020-09-28T09:40:19.350+0000][30964][safepoint    ] Safepoint "Cleanup", Time since last: 1000346300 ns, Reaching safepoint: 106000 ns, At safepoint: 4300 ns, Total: 110300 ns
[2020-09-28T09:40:21.350+0000][30964][safepoint    ] Safepoint "Cleanup", Time since last: 2000150500 ns, Reaching safepoint: 117100 ns, At safepoint: 4300 ns, Total: 121400 ns
[2020-09-28T09:40:22.351+0000][30964][safepoint    ] Safepoint "Cleanup", Time since last: 1000318700 ns, Reaching safepoint: 90500 ns, At safepoint: 3200 ns, Total: 93700 ns
[2020-09-28T09:40:23.352+0000][30964][safepoint    ] Safepoint "Cleanup", Time since last: 1000552600 ns, Reaching safepoint: 105200 ns, At safepoint: 6800 ns, Total: 112000 ns
[2020-09-28T09:40:24.352+0000][30964][safepoint    ] Safepoint "Cleanup", Time since last: 1000081200 ns, Reaching safepoint: 119600 ns, At safepoint: 5900 ns, Total: 125500 ns
[2020-09-28T09:40:26.352+0000][30964][safepoint    ] Safepoint "Cleanup", Time since last: 2000063600 ns, Reaching safepoint: 99600 ns, At safepoint: 3100 ns, Total: 102700 ns
[2020-09-28T09:40:27.353+0000][30964][safepoint    ] Safepoint "Cleanup", Time since last: 1000880900 ns, Reaching safepoint: 146900 ns, At safepoint: 5400 ns, Total: 152300 ns
[2020-09-28T09:40:28.354+0000][30964][safepoint    ] Safepoint "Cleanup", Time since last: 1000802600 ns, Reaching safepoint: 131600 ns, At safepoint: 6800 ns, Total: 138400 ns
[2020-09-28T09:40:29.355+0000][30964][safepoint    ] Safepoint "Cleanup", Time since last: 1000749900 ns, Reaching safepoint: 142600 ns, At safepoint: 20900 ns, Total: 163500 ns
[2020-09-28T09:40:30.355+0000][30964][safepoint    ] Safepoint "Cleanup", Time since last: 1000463800 ns, Reaching safepoint: 145900 ns, At safepoint: 6800 ns, Total: 152700 ns
[2020-09-28T09:40:31.356+0000][30964][safepoint    ] Safepoint "Cleanup", Time since last: 1000148800 ns, Reaching safepoint: 119400 ns, At safepoint: 6800 ns, Total: 126200 ns
[2020-09-28T09:40:32.356+0000][30964][safepoint    ] Safepoint "Cleanup", Time since last: 1000505800 ns, Reaching safepoint: 145900 ns, At safepoint: 5400 ns, Total: 151300 ns
[2020-09-28T09:40:33.357+0000][30964][safepoint    ] Safepoint "Cleanup", Time since last: 1000221000 ns, Reaching safepoint: 108300 ns, At safepoint: 7500 ns, Total: 115800 ns
[2020-09-28T09:40:34.358+0000][30964][safepoint    ] Safepoint "Cleanup", Time since last: 1000806700 ns, Reaching safepoint: 130400 ns, At safepoint: 6400 ns, Total: 136800 ns
[2020-09-28T09:40:35.358+0000][30964][safepoint    ] Safepoint "Cleanup", Time since last: 1000328900 ns, Reaching safepoint: 124400 ns, At safepoint: 5600 ns, Total: 130000 ns
[2020-09-28T09:40:36.359+0000][30964][safepoint    ] Safepoint "Cleanup", Time since last: 1000717200 ns, Reaching safepoint: 128400 ns, At safepoint: 4300 ns, Total: 132700 ns
[2020-09-28T09:40:38.360+0000][30964][safepoint    ] Safepoint "Cleanup", Time since last: 2000512100 ns, Reaching safepoint: 128300 ns, At safepoint: 20300 ns, Total: 148600 ns
[2020-09-28T09:40:39.360+0000][30964][safepoint    ] Safepoint "Cleanup", Time since last: 1000690300 ns, Reaching safepoint: 119300 ns, At safepoint: 5700 ns, Total: 125000 ns
[2020-09-28T09:40:40.361+0000][30964][safepoint    ] Safepoint "Cleanup", Time since last: 1000326800 ns, Reaching safepoint: 162100 ns, At safepoint: 5500 ns, Total: 167600 ns
[2020-09-28T09:40:42.361+0000][30964][safepoint    ] Safepoint "Cleanup", Time since last: 2000083800 ns, Reaching safepoint: 116200 ns, At safepoint: 5400 ns, Total: 121600 ns
[2020-09-28T09:40:43.361+0000][30964][safepoint    ] Safepoint "Cleanup", Time since last: 1000255900 ns, Reaching safepoint: 210000 ns, At safepoint: 8000 ns, Total: 218000 ns
[2020-09-28T09:40:44.362+0000][30964][safepoint    ] Safepoint "Cleanup", Time since last: 1000110200 ns, Reaching safepoint: 134000 ns, At safepoint: 7200 ns, Total: 141200 ns
[2020-09-28T09:40:45.363+0000][30964][safepoint    ] Safepoint "Cleanup", Time since last: 1000818700 ns, Reaching safepoint: 115700 ns, At safepoint: 4300 ns, Total: 120000 ns
[2020-09-28T09:40:46.363+0000][30964][safepoint    ] Safepoint "Cleanup", Time since last: 1000441500 ns, Reaching safepoint: 114100 ns, At safepoint: 11400 ns, Total: 125500 ns
[2020-09-28T09:40:47.363+0000][30964][safepoint    ] Safepoint "Cleanup", Time since last: 1000053700 ns, Reaching safepoint: 140700 ns, At safepoint: 6300 ns, Total: 147000 ns
[2020-09-28T09:40:48.364+0000][30964][safepoint    ] Safepoint "Cleanup", Time since last: 1000128000 ns, Reaching safepoint: 132900 ns, At safepoint: 2800 ns, Total: 135700 ns
[2020-09-28T09:40:49.364+0000][30964][safepoint    ] Safepoint "Cleanup", Time since last: 1000022300 ns, Reaching safepoint: 127400 ns, At safepoint: 5800 ns, Total: 133200 ns
[2020-09-28T09:40:50.364+0000][30964][safepoint    ] Safepoint "Cleanup", Time since last: 1000207200 ns, Reaching safepoint: 149000 ns, At safepoint: 6300 ns, Total: 155300 ns
[2020-09-28T09:40:51.364+0000][30964][safepoint    ] Safepoint "Cleanup", Time since last: 1000010100 ns, Reaching safepoint: 135700 ns, At safepoint: 5800 ns, Total: 141500 ns
[2020-09-28T09:40:52.365+0000][30964][safepoint    ] Safepoint "Cleanup", Time since last: 1000598100 ns, Reaching safepoint: 128000 ns, At safepoint: 5700 ns, Total: 133700 ns
[2020-09-28T09:40:54.366+0000][30964][safepoint    ] Safepoint "Cleanup", Time since last: 2000389200 ns, Reaching safepoint: 157300 ns, At safepoint: 6000 ns, Total: 163300 ns
[2020-09-28T09:40:55.366+0000][30964][safepoint    ] Safepoint "Cleanup", Time since last: 1000031900 ns, Reaching safepoint: 149600 ns, At safepoint: 7500 ns, Total: 157100 ns
[2020-09-28T09:40:56.367+0000][30964][safepoint    ] Safepoint "Cleanup", Time since last: 1000728100 ns, Reaching safepoint: 123500 ns, At safepoint: 5400 ns, Total: 128900 ns
[2020-09-28T09:40:57.368+0000][30964][safepoint    ] Safepoint "Cleanup", Time since last: 1000696300 ns, Reaching safepoint: 144600 ns, At safepoint: 19100 ns, Total: 163700 ns
[2020-09-28T09:40:58.368+0000][30964][safepoint    ] Safepoint "Cleanup", Time since last: 1000192400 ns, Reaching safepoint: 137400 ns, At safepoint: 6300 ns, Total: 143700 ns
[2020-09-28T09:40:59.369+0000][30964][safepoint    ] Safepoint "Cleanup", Time since last: 1000840300 ns, Reaching safepoint: 137200 ns, At safepoint: 14200 ns, Total: 151400 ns
[2020-09-28T09:41:00.369+0000][30964][safepoint    ] Safepoint "Cleanup", Time since last: 1000196400 ns, Reaching safepoint: 112600 ns, At safepoint: 5700 ns, Total: 118300 ns
[2020-09-28T09:41:01.370+0000][30964][safepoint    ] Safepoint "Cleanup", Time since last: 1000915800 ns, Reaching safepoint: 129200 ns, At safepoint: 4300 ns, Total: 133500 ns
[2020-09-28T09:41:02.783+0000][30964][safepoint    ] Safepoint "Cleanup", Time since last: 1412407400 ns, Reaching safepoint: 135200 ns, At safepoint: 5600 ns, Total: 140800 ns
[2020-09-28T09:41:03.784+0000][30964][safepoint    ] Safepoint "Cleanup", Time since last: 1000704600 ns, Reaching safepoint: 192500 ns, At safepoint: 6400 ns, Total: 198900 ns
[2020-09-28T09:41:04.785+0000][30964][safepoint    ] Safepoint "Cleanup", Time since last: 1000750700 ns, Reaching safepoint: 104300 ns, At safepoint: 6000 ns, Total: 110300 ns
[2020-09-28T09:41:06.786+0000][30964][safepoint    ] Safepoint "Cleanup", Time since last: 2000919500 ns, Reaching safepoint: 196700 ns, At safepoint: 67800 ns, Total: 264500 ns
[2020-09-28T09:41:08.786+0000][30964][safepoint    ] Safepoint "Cleanup", Time since last: 2000493900 ns, Reaching safepoint: 158600 ns, At safepoint: 7800 ns, Total: 166400 ns
[2020-09-28T09:41:09.787+0000][30964][safepoint    ] Safepoint "Cleanup", Time since last: 1000100200 ns, Reaching safepoint: 131800 ns, At safepoint: 3200 ns, Total: 135000 ns
[2020-09-28T09:41:10.787+0000][30964][safepoint    ] Safepoint "Cleanup", Time since last: 1000610500 ns, Reaching safepoint: 176000 ns, At safepoint: 8200 ns, Total: 184200 ns
[2020-09-28T09:41:12.788+0000][30964][safepoint    ] Safepoint "Cleanup", Time since last: 2000004500 ns, Reaching safepoint: 205300 ns, At safepoint: 8100 ns, Total: 213400 ns
[2020-09-28T09:41:13.789+0000][30964][safepoint    ] Safepoint "Cleanup", Time since last: 1000642500 ns, Reaching safepoint: 119600 ns, At safepoint: 7100 ns, Total: 126700 ns
[2020-09-28T09:41:14.789+0000][30964][safepoint    ] Safepoint "Cleanup", Time since last: 1000350000 ns, Reaching safepoint: 115900 ns, At safepoint: 5900 ns, Total: 121800 ns
[2020-09-28T09:41:15.790+0000][30964][safepoint    ] Safepoint "Cleanup", Time since last: 1000502500 ns, Reaching safepoint: 143000 ns, At safepoint: 2600 ns, Total: 145600 ns
[2020-09-28T09:41:16.790+0000][30964][safepoint    ] Safepoint "Cleanup", Time since last: 1000707000 ns, Reaching safepoint: 159800 ns, At safepoint: 7400 ns, Total: 167200 ns
[2020-09-28T09:41:17.791+0000][30964][safepoint    ] Safepoint "Cleanup", Time since last: 1000761500 ns, Reaching safepoint: 174600 ns, At safepoint: 7800 ns, Total: 182400 ns
[2020-09-28T09:41:18.792+0000][30964][safepoint    ] Safepoint "Cleanup", Time since last: 1000575500 ns, Reaching safepoint: 112500 ns, At safepoint: 4600 ns, Total: 117100 ns
[2020-09-28T09:41:19.793+0000][30964][safepoint    ] Safepoint "Cleanup", Time since last: 1000684800 ns, Reaching safepoint: 168000 ns, At safepoint: 6000 ns, Total: 174000 ns
[2020-09-28T09:41:21.793+0000][30964][safepoint    ] Safepoint "Cleanup", Time since last: 1999915800 ns, Reaching safepoint: 140700 ns, At safepoint: 6100 ns, Total: 146800 ns
[2020-09-28T09:41:22.793+0000][30964][safepoint    ] Safepoint "Cleanup", Time since last: 1000134800 ns, Reaching safepoint: 115300 ns, At safepoint: 4000 ns, Total: 119300 ns
[2020-09-28T09:41:23.794+0000][30964][safepoint    ] Safepoint "Cleanup", Time since last: 1000649800 ns, Reaching safepoint: 145000 ns, At safepoint: 5700 ns, Total: 150700 ns
[2020-09-28T09:41:25.795+0000][30964][safepoint    ] Safepoint "Cleanup", Time since last: 2000754000 ns, Reaching safepoint: 100300 ns, At safepoint: 3400 ns, Total: 103700 ns
[2020-09-28T09:41:26.795+0000][30964][safepoint    ] Safepoint "Cleanup", Time since last: 1000302800 ns, Reaching safepoint: 179800 ns, At safepoint: 6400 ns, Total: 186200 ns
[2020-09-28T09:41:27.796+0000][30964][safepoint    ] Safepoint "Cleanup", Time since last: 1000046900 ns, Reaching safepoint: 115100 ns, At safepoint: 9500 ns, Total: 124600 ns
[2020-09-28T09:41:28.797+0000][30964][safepoint    ] Safepoint "Cleanup", Time since last: 1000790800 ns, Reaching safepoint: 183100 ns, At safepoint: 10400 ns, Total: 193500 ns
[2020-09-28T09:41:29.797+0000][30964][safepoint    ] Safepoint "Cleanup", Time since last: 1000528300 ns, Reaching safepoint: 105400 ns, At safepoint: 2900 ns, Total: 108300 ns
[2020-09-28T09:41:31.798+0000][30964][safepoint    ] Safepoint "Cleanup", Time since last: 2000795400 ns, Reaching safepoint: 104200 ns, At safepoint: 7400 ns, Total: 111600 ns
[2020-09-28T09:41:32.799+0000][30964][safepoint    ] Safepoint "Cleanup", Time since last: 1000701900 ns, Reaching safepoint: 125300 ns, At safepoint: 4900 ns, Total: 130200 ns
[2020-09-28T09:41:33.800+0000][30964][safepoint    ] Safepoint "Cleanup", Time since last: 1000610400 ns, Reaching safepoint: 185000 ns, At safepoint: 15300 ns, Total: 200300 ns
[2020-09-28T09:41:35.801+0000][30964][safepoint    ] Safepoint "Cleanup", Time since last: 2000948000 ns, Reaching safepoint: 164800 ns, At safepoint: 8800 ns, Total: 173600 ns
[2020-09-28T09:41:36.801+0000][30964][safepoint    ] Safepoint "Cleanup", Time since last: 1000295200 ns, Reaching safepoint: 130800 ns, At safepoint: 7200 ns, Total: 138000 ns
[2020-09-28T09:41:37.802+0000][30964][safepoint    ] Safepoint "Cleanup", Time since last: 1000260700 ns, Reaching safepoint: 113300 ns, At safepoint: 7200 ns, Total: 120500 ns
[2020-09-28T09:41:38.802+0000][30964][safepoint    ] Safepoint "Cleanup", Time since last: 1000788400 ns, Reaching safepoint: 388900 ns, At safepoint: 15600 ns, Total: 404500 ns
[2020-09-28T09:41:39.804+0000][30964][safepoint    ] Safepoint "Cleanup", Time since last: 1001119700 ns, Reaching safepoint: 135600 ns, At safepoint: 12800 ns, Total: 148400 ns
[2020-09-28T09:41:40.805+0000][30964][safepoint    ] Safepoint "Cleanup", Time since last: 1000845600 ns, Reaching safepoint: 126300 ns, At safepoint: 5900 ns, Total: 132200 ns
[2020-09-28T09:41:42.806+0000][30964][safepoint    ] Safepoint "Cleanup", Time since last: 2000699100 ns, Reaching safepoint: 155600 ns, At safepoint: 5600 ns, Total: 161200 ns
[2020-09-28T09:41:43.807+0000][30964][safepoint    ] Safepoint "Cleanup", Time since last: 1000522400 ns, Reaching safepoint: 136700 ns, At safepoint: 6200 ns, Total: 142900 ns
[2020-09-28T09:41:45.590+0000][30964][safepoint    ] Safepoint "Cleanup", Time since last: 1783279000 ns, Reaching safepoint: 120600 ns, At safepoint: 5700 ns, Total: 126300 ns
[2020-09-28T09:41:46.591+0000][30964][safepoint    ] Safepoint "Cleanup", Time since last: 1000330800 ns, Reaching safepoint: 104200 ns, At safepoint: 5700 ns, Total: 109900 ns
[2020-09-28T09:41:47.591+0000][30964][safepoint    ] Safepoint "Cleanup", Time since last: 1000632100 ns, Reaching safepoint: 112600 ns, At safepoint: 3100 ns, Total: 115700 ns
[2020-09-28T09:41:48.592+0000][30964][safepoint    ] Safepoint "Cleanup", Time since last: 1000732000 ns, Reaching safepoint: 138700 ns, At safepoint: 23900 ns, Total: 162600 ns
[2020-09-28T09:41:49.593+0000][30964][safepoint    ] Safepoint "Cleanup", Time since last: 1000314500 ns, Reaching safepoint: 147600 ns, At safepoint: 5700 ns, Total: 153300 ns
[2020-09-28T09:41:50.593+0000][30964][safepoint    ] Safepoint "Cleanup", Time since last: 1000069900 ns, Reaching safepoint: 87900 ns, At safepoint: 2300 ns, Total: 90200 ns
[2020-09-28T09:41:51.593+0000][30964][safepoint    ] Safepoint "Cleanup", Time since last: 1000472500 ns, Reaching safepoint: 97400 ns, At safepoint: 6300 ns, Total: 103700 ns
[2020-09-28T09:41:52.594+0000][30964][safepoint    ] Safepoint "Cleanup", Time since last: 1000056700 ns, Reaching safepoint: 155200 ns, At safepoint: 5000 ns, Total: 160200 ns
[2020-09-28T09:41:54.594+0000][30964][safepoint    ] Safepoint "Cleanup", Time since last: 2000074100 ns, Reaching safepoint: 157100 ns, At safepoint: 5400 ns, Total: 162500 ns
[2020-09-28T09:41:55.594+0000][30964][safepoint    ] Safepoint "Cleanup", Time since last: 1000066900 ns, Reaching safepoint: 96400 ns, At safepoint: 4200 ns, Total: 100600 ns
[2020-09-28T09:41:56.595+0000][30964][safepoint    ] Safepoint "Cleanup", Time since last: 1000582000 ns, Reaching safepoint: 156100 ns, At safepoint: 5600 ns, Total: 161700 ns
[2020-09-28T09:41:57.595+0000][30964][safepoint    ] Safepoint "Cleanup", Time since last: 1000446600 ns, Reaching safepoint: 129700 ns, At safepoint: 6900 ns, Total: 136600 ns
[2020-09-28T09:41:58.596+0000][30964][safepoint    ] Safepoint "Cleanup", Time since last: 1000723600 ns, Reaching safepoint: 156800 ns, At safepoint: 6300 ns, Total: 163100 ns
[2020-09-28T09:41:59.596+0000][30964][safepoint    ] Safepoint "Cleanup", Time since last: 1000166100 ns, Reaching safepoint: 114900 ns, At safepoint: 10300 ns, Total: 125200 ns
[2020-09-28T09:42:00.597+0000][30964][safepoint    ] Safepoint "Cleanup", Time since last: 1000683600 ns, Reaching safepoint: 174400 ns, At safepoint: 8200 ns, Total: 182600 ns
[2020-09-28T09:42:01.598+0000][30964][safepoint    ] Safepoint "Cleanup", Time since last: 1000503300 ns, Reaching safepoint: 158300 ns, At safepoint: 6200 ns, Total: 164500 ns
[2020-09-28T09:42:02.599+0000][30964][safepoint    ] Safepoint "Cleanup", Time since last: 1000420800 ns, Reaching safepoint: 124000 ns, At safepoint: 3800 ns, Total: 127800 ns
[2020-09-28T09:42:03.599+0000][30964][safepoint    ] Safepoint "Cleanup", Time since last: 1000225300 ns, Reaching safepoint: 143500 ns, At safepoint: 5400 ns, Total: 148900 ns
[2020-09-28T09:42:04.600+0000][30964][safepoint    ] Safepoint "Cleanup", Time since last: 1000724500 ns, Reaching safepoint: 146100 ns, At safepoint: 5700 ns, Total: 151800 ns
[2020-09-28T09:42:06.600+0000][30964][safepoint    ] Safepoint "Cleanup", Time since last: 2000169300 ns, Reaching safepoint: 126000 ns, At safepoint: 3300 ns, Total: 129300 ns
[2020-09-28T09:42:07.601+0000][30964][safepoint    ] Safepoint "Cleanup", Time since last: 1000831800 ns, Reaching safepoint: 104100 ns, At safepoint: 3400 ns, Total: 107500 ns
[2020-09-28T09:42:08.602+0000][30964][safepoint    ] Safepoint "Cleanup", Time since last: 1000867800 ns, Reaching safepoint: 167200 ns, At safepoint: 5800 ns, Total: 173000 ns
[2020-09-28T09:42:09.603+0000][30964][safepoint    ] Safepoint "Cleanup", Time since last: 1000626700 ns, Reaching safepoint: 174000 ns, At safepoint: 5600 ns, Total: 179600 ns
[2020-09-28T09:42:10.604+0000][30964][safepoint    ] Safepoint "Cleanup", Time since last: 1000706500 ns, Reaching safepoint: 122700 ns, At safepoint: 6700 ns, Total: 129400 ns
[2020-09-28T09:42:12.357+0000][30964][safepoint    ] Safepoint "Cleanup", Time since last: 1753259000 ns, Reaching safepoint: 138400 ns, At safepoint: 7300 ns, Total: 145700 ns
[2020-09-28T09:42:13.358+0000][30964][safepoint    ] Safepoint "Cleanup", Time since last: 1000209000 ns, Reaching safepoint: 96800 ns, At safepoint: 7400 ns, Total: 104200 ns
[2020-09-28T09:42:14.358+0000][30964][safepoint    ] Safepoint "Cleanup", Time since last: 1000803300 ns, Reaching safepoint: 119600 ns, At safepoint: 10500 ns, Total: 130100 ns
[2020-09-28T09:42:15.359+0000][30964][safepoint    ] Safepoint "Cleanup", Time since last: 1000463000 ns, Reaching safepoint: 141000 ns, At safepoint: 5200 ns, Total: 146200 ns
[2020-09-28T09:42:17.359+0000][30964][safepoint    ] Safepoint "Cleanup", Time since last: 2000194600 ns, Reaching safepoint: 134200 ns, At safepoint: 6000 ns, Total: 140200 ns
[2020-09-28T09:42:18.360+0000][30964][safepoint    ] Safepoint "Cleanup", Time since last: 1000426800 ns, Reaching safepoint: 128500 ns, At safepoint: 5400 ns, Total: 133900 ns
[2020-09-28T09:42:19.361+0000][30964][safepoint    ] Safepoint "Cleanup", Time since last: 1000794800 ns, Reaching safepoint: 112100 ns, At safepoint: 5900 ns, Total: 118000 ns
[2020-09-28T09:42:20.362+0000][30964][safepoint    ] Safepoint "Cleanup", Time since last: 1000555500 ns, Reaching safepoint: 163600 ns, At safepoint: 8500 ns, Total: 172100 ns
[2020-09-28T09:42:21.362+0000][30964][safepoint    ] Safepoint "Cleanup", Time since last: 1000325100 ns, Reaching safepoint: 215200 ns, At safepoint: 5400 ns, Total: 220600 ns
[2020-09-28T09:42:22.363+0000][30964][safepoint    ] Safepoint "Cleanup", Time since last: 1000429500 ns, Reaching safepoint: 141500 ns, At safepoint: 3000 ns, Total: 144500 ns
[2020-09-28T09:42:23.363+0000][30964][safepoint    ] Safepoint "Cleanup", Time since last: 1000152300 ns, Reaching safepoint: 110900 ns, At safepoint: 6200 ns, Total: 117100 ns
[2020-09-28T09:42:24.364+0000][30964][safepoint    ] Safepoint "Cleanup", Time since last: 1000711600 ns, Reaching safepoint: 136500 ns, At safepoint: 6000 ns, Total: 142500 ns
[2020-09-28T09:42:25.365+0000][30964][safepoint    ] Safepoint "Cleanup", Time since last: 1000713500 ns, Reaching safepoint: 106300 ns, At safepoint: 7300 ns, Total: 113600 ns
[2020-09-28T09:42:26.365+0000][30964][safepoint    ] Safepoint "Cleanup", Time since last: 1000643100 ns, Reaching safepoint: 115400 ns, At safepoint: 6400 ns, Total: 121800 ns
[2020-09-28T09:42:27.366+0000][30964][safepoint    ] Safepoint "Cleanup", Time since last: 1000814600 ns, Reaching safepoint: 114700 ns, At safepoint: 6300 ns, Total: 121000 ns
[2020-09-28T09:42:28.366+0000][30964][safepoint    ] Safepoint "Cleanup", Time since last: 1000014700 ns, Reaching safepoint: 125200 ns, At safepoint: 6800 ns, Total: 132000 ns
[2020-09-28T09:42:29.367+0000][30964][safepoint    ] Safepoint "Cleanup", Time since last: 1000432000 ns, Reaching safepoint: 113900 ns, At safepoint: 2900 ns, Total: 116800 ns
[2020-09-28T09:42:31.368+0000][30964][safepoint    ] Safepoint "Cleanup", Time since last: 2000512600 ns, Reaching safepoint: 100400 ns, At safepoint: 3900 ns, Total: 104300 ns
[2020-09-28T09:42:32.368+0000][30964][safepoint    ] Safepoint "Cleanup", Time since last: 1000322200 ns, Reaching safepoint: 158300 ns, At safepoint: 3000 ns, Total: 161300 ns
[2020-09-28T09:42:33.369+0000][30964][safepoint    ] Safepoint "Cleanup", Time since last: 1000530900 ns, Reaching safepoint: 119600 ns, At safepoint: 6000 ns, Total: 125600 ns
[2020-09-28T09:42:35.369+0000][30964][safepoint    ] Safepoint "Cleanup", Time since last: 2000531000 ns, Reaching safepoint: 146600 ns, At safepoint: 5600 ns, Total: 152200 ns
[2020-09-28T09:42:36.370+0000][30964][safepoint    ] Safepoint "Cleanup", Time since last: 1000599400 ns, Reaching safepoint: 141600 ns, At safepoint: 5800 ns, Total: 147400 ns
[2020-09-28T09:42:37.371+0000][30964][safepoint    ] Safepoint "Cleanup", Time since last: 1000654900 ns, Reaching safepoint: 117400 ns, At safepoint: 7400 ns, Total: 124800 ns
[2020-09-28T09:42:38.372+0000][30964][safepoint    ] Safepoint "Cleanup", Time since last: 1000654600 ns, Reaching safepoint: 176400 ns, At safepoint: 6000 ns, Total: 182400 ns
[2020-09-28T09:42:39.372+0000][30964][safepoint    ] Safepoint "Cleanup", Time since last: 1000571300 ns, Reaching safepoint: 154800 ns, At safepoint: 6800 ns, Total: 161600 ns
[2020-09-28T09:42:40.373+0000][30964][safepoint    ] Safepoint "Cleanup", Time since last: 1000510100 ns, Reaching safepoint: 122000 ns, At safepoint: 7500 ns, Total: 129500 ns
[2020-09-28T09:42:41.374+0000][30964][safepoint    ] Safepoint "Cleanup", Time since last: 1000580900 ns, Reaching safepoint: 129000 ns, At safepoint: 14200 ns, Total: 143200 ns
[2020-09-28T09:42:42.374+0000][30964][safepoint    ] Safepoint "Cleanup", Time since last: 1000344000 ns, Reaching safepoint: 121600 ns, At safepoint: 8600 ns, Total: 130200 ns
[2020-09-28T09:42:43.375+0000][30964][safepoint    ] Safepoint "Cleanup", Time since last: 1000380400 ns, Reaching safepoint: 193900 ns, At safepoint: 21700 ns, Total: 215600 ns
[2020-09-28T09:42:44.376+0000][30964][safepoint    ] Safepoint "Cleanup", Time since last: 1000658800 ns, Reaching safepoint: 125400 ns, At safepoint: 6400 ns, Total: 131800 ns
[2020-09-28T09:42:45.376+0000][30964][safepoint    ] Safepoint "Cleanup", Time since last: 1000579000 ns, Reaching safepoint: 132200 ns, At safepoint: 6400 ns, Total: 138600 ns
[2020-09-28T09:42:46.377+0000][30964][safepoint    ] Safepoint "Cleanup", Time since last: 1000440600 ns, Reaching safepoint: 120000 ns, At safepoint: 10100 ns, Total: 130100 ns
[2020-09-28T09:42:47.378+0000][30964][safepoint    ] Safepoint "Cleanup", Time since last: 1000406900 ns, Reaching safepoint: 99300 ns, At safepoint: 6700 ns, Total: 106000 ns
[2020-09-28T09:42:48.379+0000][30964][safepoint    ] Safepoint "Cleanup", Time since last: 1000835800 ns, Reaching safepoint: 127000 ns, At safepoint: 5700 ns, Total: 132700 ns
[2020-09-28T09:42:49.379+0000][30964][safepoint    ] Safepoint "Cleanup", Time since last: 1000404700 ns, Reaching safepoint: 104300 ns, At safepoint: 6000 ns, Total: 110300 ns
[2020-09-28T09:42:50.379+0000][30964][safepoint    ] Safepoint "Cleanup", Time since last: 1000283600 ns, Reaching safepoint: 137400 ns, At safepoint: 6000 ns, Total: 143400 ns
[2020-09-28T09:42:51.380+0000][30964][safepoint    ] Safepoint "Cleanup", Time since last: 1000622700 ns, Reaching safepoint: 115900 ns, At safepoint: 6300 ns, Total: 122200 ns
[2020-09-28T09:42:52.381+0000][30964][safepoint    ] Safepoint "Cleanup", Time since last: 1000597700 ns, Reaching safepoint: 98700 ns, At safepoint: 2500 ns, Total: 101200 ns
[2020-09-28T09:42:53.381+0000][30964][safepoint    ] Safepoint "Cleanup", Time since last: 1000204300 ns, Reaching safepoint: 133400 ns, At safepoint: 60500 ns, Total: 193900 ns
[2020-09-28T09:42:54.382+0000][30964][safepoint    ] Safepoint "Cleanup", Time since last: 1000269300 ns, Reaching safepoint: 112600 ns, At safepoint: 6300 ns, Total: 118900 ns
[2020-09-28T09:42:55.382+0000][30964][safepoint    ] Safepoint "Cleanup", Time since last: 1000664500 ns, Reaching safepoint: 106900 ns, At safepoint: 5300 ns, Total: 112200 ns
[2020-09-28T09:42:56.383+0000][30964][safepoint    ] Safepoint "Cleanup", Time since last: 1000260300 ns, Reaching safepoint: 117300 ns, At safepoint: 5400 ns, Total: 122700 ns
[2020-09-28T09:42:57.383+0000][30964][safepoint    ] Safepoint "Cleanup", Time since last: 1000299600 ns, Reaching safepoint: 97100 ns, At safepoint: 5600 ns, Total: 102700 ns
[2020-09-28T09:42:58.384+0000][30964][safepoint    ] Safepoint "Cleanup", Time since last: 1000480500 ns, Reaching safepoint: 171900 ns, At safepoint: 5300 ns, Total: 177200 ns
[2020-09-28T09:42:59.385+0000][30964][safepoint    ] Safepoint "Cleanup", Time since last: 1000733800 ns, Reaching safepoint: 133600 ns, At safepoint: 6000 ns, Total: 139600 ns
[2020-09-28T09:43:00.386+0000][30964][safepoint    ] Safepoint "Cleanup", Time since last: 1000656700 ns, Reaching safepoint: 158200 ns, At safepoint: 7500 ns, Total: 165700 ns
[2020-09-28T09:43:01.386+0000][30964][safepoint    ] Safepoint "Cleanup", Time since last: 1000358600 ns, Reaching safepoint: 151200 ns, At safepoint: 3000 ns, Total: 154200 ns
[2020-09-28T09:43:02.386+0000][30964][safepoint    ] Safepoint "Cleanup", Time since last: 1000130100 ns, Reaching safepoint: 138800 ns, At safepoint: 7400 ns, Total: 146200 ns
[2020-09-28T09:43:03.387+0000][30964][safepoint    ] Safepoint "Cleanup", Time since last: 1000508300 ns, Reaching safepoint: 147600 ns, At safepoint: 21400 ns, Total: 169000 ns
[2020-09-28T09:43:04.388+0000][30964][safepoint    ] Safepoint "Cleanup", Time since last: 1000370300 ns, Reaching safepoint: 165400 ns, At safepoint: 5500 ns, Total: 170900 ns
[2020-09-28T09:43:06.389+0000][30964][safepoint    ] Safepoint "Cleanup", Time since last: 2000849000 ns, Reaching safepoint: 189300 ns, At safepoint: 4400 ns, Total: 193700 ns
[2020-09-28T09:43:07.389+0000][30964][safepoint    ] Safepoint "Cleanup", Time since last: 1000185300 ns, Reaching safepoint: 169100 ns, At safepoint: 5800 ns, Total: 174900 ns
[2020-09-28T09:43:08.390+0000][30964][safepoint    ] Safepoint "Cleanup", Time since last: 1000420300 ns, Reaching safepoint: 146700 ns, At safepoint: 7100 ns, Total: 153800 ns
[2020-09-28T09:43:09.390+0000][30964][safepoint    ] Safepoint "Cleanup", Time since last: 1000022000 ns, Reaching safepoint: 136300 ns, At safepoint: 2800 ns, Total: 139100 ns
[2020-09-28T09:43:10.391+0000][30964][safepoint    ] Safepoint "Cleanup", Time since last: 1000663600 ns, Reaching safepoint: 120800 ns, At safepoint: 3200 ns, Total: 124000 ns
[2020-09-28T09:43:12.391+0000][30964][safepoint    ] Safepoint "Cleanup", Time since last: 1999970600 ns, Reaching safepoint: 155000 ns, At safepoint: 5200 ns, Total: 160200 ns
[2020-09-28T09:43:13.391+0000][30964][safepoint    ] Safepoint "Cleanup", Time since last: 1000391200 ns, Reaching safepoint: 120300 ns, At safepoint: 5300 ns, Total: 125600 ns
[2020-09-28T09:43:14.392+0000][30964][safepoint    ] Safepoint "Cleanup", Time since last: 1000478600 ns, Reaching safepoint: 107600 ns, At safepoint: 5800 ns, Total: 113400 ns
[2020-09-28T09:43:16.392+0000][30964][safepoint    ] Safepoint "Cleanup", Time since last: 2000471100 ns, Reaching safepoint: 140900 ns, At safepoint: 9000 ns, Total: 149900 ns
[2020-09-28T09:43:17.393+0000][30964][safepoint    ] Safepoint "Cleanup", Time since last: 1000825400 ns, Reaching safepoint: 155400 ns, At safepoint: 6900 ns, Total: 162300 ns
[2020-09-28T09:43:18.394+0000][30964][safepoint    ] Safepoint "Cleanup", Time since last: 1000504400 ns, Reaching safepoint: 120100 ns, At safepoint: 11800 ns, Total: 131900 ns
[2020-09-28T09:43:19.394+0000][30964][safepoint    ] Safepoint "Cleanup", Time since last: 1000041200 ns, Reaching safepoint: 129700 ns, At safepoint: 7600 ns, Total: 137300 ns
[2020-09-28T09:43:21.395+0000][30964][safepoint    ] Safepoint "Cleanup", Time since last: 2000653100 ns, Reaching safepoint: 138200 ns, At safepoint: 9900 ns, Total: 148100 ns
[2020-09-28T09:43:22.396+0000][30964][safepoint    ] Safepoint "Cleanup", Time since last: 1000467600 ns, Reaching safepoint: 126600 ns, At safepoint: 5800 ns, Total: 132400 ns
[2020-09-28T09:43:23.396+0000][30964][safepoint    ] Safepoint "Cleanup", Time since last: 1000504200 ns, Reaching safepoint: 133500 ns, At safepoint: 5800 ns, Total: 139300 ns
[2020-09-28T09:43:24.397+0000][30964][safepoint    ] Safepoint "Cleanup", Time since last: 1000686300 ns, Reaching safepoint: 108200 ns, At safepoint: 8500 ns, Total: 116700 ns
[2020-09-28T09:43:26.398+0000][30964][safepoint    ] Safepoint "Cleanup", Time since last: 2000863300 ns, Reaching safepoint: 109200 ns, At safepoint: 5900 ns, Total: 115100 ns
[2020-09-28T09:43:27.398+0000][30964][safepoint    ] Safepoint "Cleanup", Time since last: 1000294000 ns, Reaching safepoint: 115800 ns, At safepoint: 5500 ns, Total: 121300 ns
[2020-09-28T09:43:28.399+0000][30964][safepoint    ] Safepoint "Cleanup", Time since last: 1000356600 ns, Reaching safepoint: 155600 ns, At safepoint: 5700 ns, Total: 161300 ns
[2020-09-28T09:43:29.400+0000][30964][safepoint    ] Safepoint "Cleanup", Time since last: 1000492100 ns, Reaching safepoint: 127800 ns, At safepoint: 5600 ns, Total: 133400 ns
[2020-09-28T09:43:30.400+0000][30964][safepoint    ] Safepoint "Cleanup", Time since last: 1000333900 ns, Reaching safepoint: 147700 ns, At safepoint: 7900 ns, Total: 155600 ns
[2020-09-28T09:43:32.401+0000][30964][safepoint    ] Safepoint "Cleanup", Time since last: 2000295600 ns, Reaching safepoint: 126400 ns, At safepoint: 8900 ns, Total: 135300 ns
[2020-09-28T09:43:33.401+0000][30964][safepoint    ] Safepoint "Cleanup", Time since last: 1000579200 ns, Reaching safepoint: 113800 ns, At safepoint: 10500 ns, Total: 124300 ns
[2020-09-28T09:43:35.402+0000][30964][safepoint    ] Safepoint "Cleanup", Time since last: 2000597200 ns, Reaching safepoint: 191100 ns, At safepoint: 11200 ns, Total: 202300 ns
[2020-09-28T09:43:36.403+0000][30964][safepoint    ] Safepoint "Cleanup", Time since last: 1000764600 ns, Reaching safepoint: 168700 ns, At safepoint: 4000 ns, Total: 172700 ns
[2020-09-28T09:43:37.403+0000][30964][safepoint    ] Safepoint "Cleanup", Time since last: 1000410500 ns, Reaching safepoint: 360500 ns, At safepoint: 33200 ns, Total: 393700 ns
[2020-09-28T09:43:38.404+0000][30964][safepoint    ] Safepoint "Cleanup", Time since last: 1000364600 ns, Reaching safepoint: 144100 ns, At safepoint: 6500 ns, Total: 150600 ns
[2020-09-28T09:43:39.404+0000][30964][safepoint    ] Safepoint "Cleanup", Time since last: 1000049000 ns, Reaching safepoint: 112400 ns, At safepoint: 8800 ns, Total: 121200 ns
[2020-09-28T09:43:40.405+0000][30964][safepoint    ] Safepoint "Cleanup", Time since last: 1000597400 ns, Reaching safepoint: 134600 ns, At safepoint: 7700 ns, Total: 142300 ns
[2020-09-28T09:43:42.362+0000][30964][safepoint    ] Safepoint "Cleanup", Time since last: 1956421200 ns, Reaching safepoint: 123700 ns, At safepoint: 5700 ns, Total: 129400 ns
[2020-09-28T09:43:43.363+0000][30964][safepoint    ] Safepoint "Cleanup", Time since last: 1000734900 ns, Reaching safepoint: 164600 ns, At safepoint: 20900 ns, Total: 185500 ns
[2020-09-28T09:43:44.363+0000][30964][safepoint    ] Safepoint "Cleanup", Time since last: 1000605300 ns, Reaching safepoint: 134700 ns, At safepoint: 7600 ns, Total: 142300 ns
[2020-09-28T09:43:45.364+0000][30964][safepoint    ] Safepoint "Cleanup", Time since last: 1000536200 ns, Reaching safepoint: 112200 ns, At safepoint: 6500 ns, Total: 118700 ns
[2020-09-28T09:43:46.365+0000][30964][safepoint    ] Safepoint "Cleanup", Time since last: 1000641900 ns, Reaching safepoint: 131800 ns, At safepoint: 5900 ns, Total: 137700 ns
[2020-09-28T09:43:47.365+0000][30964][safepoint    ] Safepoint "Cleanup", Time since last: 1000047000 ns, Reaching safepoint: 120100 ns, At safepoint: 6100 ns, Total: 126200 ns
[2020-09-28T09:43:48.365+0000][30964][safepoint    ] Safepoint "Cleanup", Time since last: 1000130100 ns, Reaching safepoint: 144300 ns, At safepoint: 7200 ns, Total: 151500 ns
[2020-09-28T09:43:49.366+0000][30964][safepoint    ] Safepoint "Cleanup", Time since last: 1000523800 ns, Reaching safepoint: 149500 ns, At safepoint: 5200 ns, Total: 154700 ns
[2020-09-28T09:43:50.366+0000][30964][safepoint    ] Safepoint "Cleanup", Time since last: 1000130700 ns, Reaching safepoint: 300600 ns, At safepoint: 13600 ns, Total: 314200 ns
[2020-09-28T09:43:52.367+0000][30964][safepoint    ] Safepoint "Cleanup", Time since last: 2000694200 ns, Reaching safepoint: 157500 ns, At safepoint: 11600 ns, Total: 169100 ns
[2020-09-28T09:43:53.368+0000][30964][safepoint    ] Safepoint "Cleanup", Time since last: 1000761500 ns, Reaching safepoint: 139300 ns, At safepoint: 5700 ns, Total: 145000 ns
[2020-09-28T09:43:54.369+0000][30964][safepoint    ] Safepoint "Cleanup", Time since last: 1000558600 ns, Reaching safepoint: 115400 ns, At safepoint: 7200 ns, Total: 122600 ns
[2020-09-28T09:43:55.369+0000][30964][safepoint    ] Safepoint "Cleanup", Time since last: 1000197700 ns, Reaching safepoint: 165800 ns, At safepoint: 6700 ns, Total: 172500 ns
[2020-09-28T09:43:56.370+0000][30964][safepoint    ] Safepoint "Cleanup", Time since last: 1000468300 ns, Reaching safepoint: 116000 ns, At safepoint: 7200 ns, Total: 123200 ns
[2020-09-28T09:43:57.370+0000][30964][safepoint    ] Safepoint "Cleanup", Time since last: 1000581800 ns, Reaching safepoint: 136100 ns, At safepoint: 5900 ns, Total: 142000 ns
[2020-09-28T09:43:58.371+0000][30964][safepoint    ] Safepoint "Cleanup", Time since last: 1000577600 ns, Reaching safepoint: 146300 ns, At safepoint: 5800 ns, Total: 152100 ns
[2020-09-28T09:43:59.372+0000][30964][safepoint    ] Safepoint "Cleanup", Time since last: 1000516000 ns, Reaching safepoint: 108300 ns, At safepoint: 2500 ns, Total: 110800 ns
[2020-09-28T09:44:00.373+0000][30964][safepoint    ] Safepoint "Cleanup", Time since last: 1000642800 ns, Reaching safepoint: 118300 ns, At safepoint: 6400 ns, Total: 124700 ns
[2020-09-28T09:44:02.373+0000][30964][safepoint    ] Safepoint "Cleanup", Time since last: 2000653500 ns, Reaching safepoint: 147200 ns, At safepoint: 6800 ns, Total: 154000 ns
[2020-09-28T09:44:03.374+0000][30964][safepoint    ] Safepoint "Cleanup", Time since last: 1000285300 ns, Reaching safepoint: 102800 ns, At safepoint: 4900 ns, Total: 107700 ns
[2020-09-28T09:44:04.375+0000][30964][safepoint    ] Safepoint "Cleanup", Time since last: 1000521400 ns, Reaching safepoint: 107600 ns, At safepoint: 6900 ns, Total: 114500 ns
[2020-09-28T09:44:05.375+0000][30964][safepoint    ] Safepoint "Cleanup", Time since last: 1000260800 ns, Reaching safepoint: 155800 ns, At safepoint: 8200 ns, Total: 164000 ns
[2020-09-28T09:44:06.375+0000][30964][safepoint    ] Safepoint "Cleanup", Time since last: 1000402600 ns, Reaching safepoint: 139200 ns, At safepoint: 3600 ns, Total: 142800 ns
[2020-09-28T09:44:08.376+0000][30964][safepoint    ] Safepoint "Cleanup", Time since last: 2000126300 ns, Reaching safepoint: 111300 ns, At safepoint: 4200 ns, Total: 115500 ns
[2020-09-28T09:44:10.376+0000][30964][safepoint    ] Safepoint "Cleanup", Time since last: 2000656800 ns, Reaching safepoint: 116000 ns, At safepoint: 6200 ns, Total: 122200 ns
[2020-09-28T09:44:11.377+0000][30964][safepoint    ] Safepoint "Cleanup", Time since last: 1000064900 ns, Reaching safepoint: 146700 ns, At safepoint: 12900 ns, Total: 159600 ns
[2020-09-28T09:44:12.377+0000][30964][safepoint    ] Safepoint "Cleanup", Time since last: 1000601000 ns, Reaching safepoint: 143800 ns, At safepoint: 14500 ns, Total: 158300 ns
[2020-09-28T09:44:13.378+0000][30964][safepoint    ] Safepoint "Cleanup", Time since last: 1000607500 ns, Reaching safepoint: 142000 ns, At safepoint: 20500 ns, Total: 162500 ns
[2020-09-28T09:44:14.379+0000][30964][safepoint    ] Safepoint "Cleanup", Time since last: 1000275800 ns, Reaching safepoint: 120500 ns, At safepoint: 6300 ns, Total: 126800 ns
[2020-09-28T09:44:16.180+0000][30964][safepoint    ] Safepoint "Cleanup", Time since last: 1801481700 ns, Reaching safepoint: 153000 ns, At safepoint: 21300 ns, Total: 174300 ns
[2020-09-28T09:44:17.181+0000][30964][safepoint    ] Safepoint "Cleanup", Time since last: 1000729000 ns, Reaching safepoint: 117600 ns, At safepoint: 72400 ns, Total: 190000 ns
[2020-09-28T09:44:18.182+0000][30964][safepoint    ] Safepoint "Cleanup", Time since last: 1000532000 ns, Reaching safepoint: 148400 ns, At safepoint: 64400 ns, Total: 212800 ns
[2020-09-28T09:44:19.182+0000][30964][safepoint    ] Safepoint "Cleanup", Time since last: 1000406400 ns, Reaching safepoint: 146800 ns, At safepoint: 20900 ns, Total: 167700 ns
[2020-09-28T09:44:20.183+0000][30964][safepoint    ] Safepoint "Cleanup", Time since last: 1000434100 ns, Reaching safepoint: 126200 ns, At safepoint: 53500 ns, Total: 179700 ns
[2020-09-28T09:44:21.183+0000][30964][safepoint    ] Safepoint "Cleanup", Time since last: 1000155800 ns, Reaching safepoint: 92100 ns, At safepoint: 16700 ns, Total: 108800 ns
[2020-09-28T09:44:22.184+0000][30964][safepoint    ] Safepoint "Cleanup", Time since last: 1000800200 ns, Reaching safepoint: 126500 ns, At safepoint: 28800 ns, Total: 155300 ns
[2020-09-28T09:44:23.185+0000][30964][safepoint    ] Safepoint "Cleanup", Time since last: 1000395400 ns, Reaching safepoint: 144000 ns, At safepoint: 30600 ns, Total: 174600 ns
[2020-09-28T09:44:24.185+0000][30964][safepoint    ] Safepoint "Cleanup", Time since last: 1000482200 ns, Reaching safepoint: 271300 ns, At safepoint: 15200 ns, Total: 286500 ns
[2020-09-28T09:44:26.186+0000][30964][safepoint    ] Safepoint "Cleanup", Time since last: 2000274900 ns, Reaching safepoint: 128500 ns, At safepoint: 6200 ns, Total: 134700 ns
[2020-09-28T09:44:28.187+0000][30964][safepoint    ] Safepoint "Cleanup", Time since last: 2000930200 ns, Reaching safepoint: 144000 ns, At safepoint: 20700 ns, Total: 164700 ns
[2020-09-28T09:44:29.187+0000][30964][safepoint    ] Safepoint "Cleanup", Time since last: 1000138300 ns, Reaching safepoint: 131100 ns, At safepoint: 6500 ns, Total: 137600 ns
[2020-09-28T09:44:30.188+0000][30964][safepoint    ] Safepoint "Cleanup", Time since last: 1000669100 ns, Reaching safepoint: 145900 ns, At safepoint: 6900 ns, Total: 152800 ns
[2020-09-28T09:44:31.189+0000][30964][safepoint    ] Safepoint "Cleanup", Time since last: 1000364900 ns, Reaching safepoint: 130700 ns, At safepoint: 6000 ns, Total: 136700 ns
[2020-09-28T09:44:32.189+0000][30964][safepoint    ] Safepoint "Cleanup", Time since last: 1000394400 ns, Reaching safepoint: 96900 ns, At safepoint: 4700 ns, Total: 101600 ns
[2020-09-28T09:44:33.190+0000][30964][safepoint    ] Safepoint "Cleanup", Time since last: 1000629500 ns, Reaching safepoint: 130500 ns, At safepoint: 5800 ns, Total: 136300 ns
[2020-09-28T09:44:34.191+0000][30964][safepoint    ] Safepoint "Cleanup", Time since last: 1000856600 ns, Reaching safepoint: 254000 ns, At safepoint: 20700 ns, Total: 274700 ns
[2020-09-28T09:44:36.192+0000][30964][safepoint    ] Safepoint "Cleanup", Time since last: 2000653100 ns, Reaching safepoint: 130300 ns, At safepoint: 8000 ns, Total: 138300 ns
[2020-09-28T09:44:37.192+0000][30964][safepoint    ] Safepoint "Cleanup", Time since last: 1000037100 ns, Reaching safepoint: 130200 ns, At safepoint: 5800 ns, Total: 136000 ns
[2020-09-28T09:44:38.193+0000][30964][safepoint    ] Safepoint "Cleanup", Time since last: 1000339700 ns, Reaching safepoint: 122300 ns, At safepoint: 7600 ns, Total: 129900 ns
[2020-09-28T09:44:39.193+0000][30964][safepoint    ] Safepoint "Cleanup", Time since last: 1000537300 ns, Reaching safepoint: 175800 ns, At safepoint: 7900 ns, Total: 183700 ns
[2020-09-28T09:44:41.194+0000][30964][safepoint    ] Safepoint "Cleanup", Time since last: 2000282800 ns, Reaching safepoint: 160900 ns, At safepoint: 8100 ns, Total: 169000 ns
[2020-09-28T09:44:42.368+0000][30964][safepoint    ] Safepoint "Cleanup", Time since last: 1174402500 ns, Reaching safepoint: 141600 ns, At safepoint: 7200 ns, Total: 148800 ns
[2020-09-28T09:44:43.369+0000][30964][safepoint    ] Safepoint "Cleanup", Time since last: 1000618900 ns, Reaching safepoint: 136900 ns, At safepoint: 9400 ns, Total: 146300 ns
[2020-09-28T09:44:44.370+0000][30964][safepoint    ] Safepoint "Cleanup", Time since last: 1000732700 ns, Reaching safepoint: 130900 ns, At safepoint: 7900 ns, Total: 138800 ns
[2020-09-28T09:44:45.371+0000][30964][safepoint    ] Safepoint "Cleanup", Time since last: 1000692200 ns, Reaching safepoint: 126100 ns, At safepoint: 10300 ns, Total: 136400 ns
[2020-09-28T09:44:46.371+0000][30964][safepoint    ] Safepoint "Cleanup", Time since last: 1000550800 ns, Reaching safepoint: 162600 ns, At safepoint: 11100 ns, Total: 173700 ns
[2020-09-28T09:44:48.372+0000][30964][safepoint    ] Safepoint "Cleanup", Time since last: 2000137000 ns, Reaching safepoint: 108000 ns, At safepoint: 5700 ns, Total: 113700 ns
[2020-09-28T09:44:49.372+0000][30964][safepoint    ] Safepoint "Cleanup", Time since last: 1000021300 ns, Reaching safepoint: 135300 ns, At safepoint: 6200 ns, Total: 141500 ns
[2020-09-28T09:44:51.372+0000][30964][safepoint    ] Safepoint "Cleanup", Time since last: 2000167100 ns, Reaching safepoint: 132600 ns, At safepoint: 5900 ns, Total: 138500 ns
[2020-09-28T09:44:52.373+0000][30964][safepoint    ] Safepoint "Cleanup", Time since last: 1000301800 ns, Reaching safepoint: 105100 ns, At safepoint: 5600 ns, Total: 110700 ns
[2020-09-28T09:44:53.373+0000][30964][safepoint    ] Safepoint "Cleanup", Time since last: 1000266200 ns, Reaching safepoint: 126900 ns, At safepoint: 2700 ns, Total: 129600 ns
[2020-09-28T09:44:54.374+0000][30964][safepoint    ] Safepoint "Cleanup", Time since last: 1000522000 ns, Reaching safepoint: 137800 ns, At safepoint: 6300 ns, Total: 144100 ns
[2020-09-28T09:44:56.375+0000][30964][safepoint    ] Safepoint "Cleanup", Time since last: 2000842000 ns, Reaching safepoint: 261800 ns, At safepoint: 13500 ns, Total: 275300 ns
[2020-09-28T09:44:57.375+0000][30964][safepoint    ] Safepoint "Cleanup", Time since last: 1000515200 ns, Reaching safepoint: 163500 ns, At safepoint: 6600 ns, Total: 170100 ns
[2020-09-28T09:44:59.376+0000][30964][safepoint    ] Safepoint "Cleanup", Time since last: 2000856300 ns, Reaching safepoint: 104500 ns, At safepoint: 6500 ns, Total: 111000 ns
[2020-09-28T09:45:00.377+0000][30964][safepoint    ] Safepoint "Cleanup", Time since last: 1000182300 ns, Reaching safepoint: 125600 ns, At safepoint: 3400 ns, Total: 129000 ns
[2020-09-28T09:45:02.377+0000][30964][safepoint    ] Safepoint "Cleanup", Time since last: 1999900400 ns, Reaching safepoint: 106000 ns, At safepoint: 5300 ns, Total: 111300 ns
[2020-09-28T09:45:03.377+0000][30964][safepoint    ] Safepoint "Cleanup", Time since last: 1000437600 ns, Reaching safepoint: 126700 ns, At safepoint: 7500 ns, Total: 134200 ns
[2020-09-28T09:45:04.378+0000][30964][safepoint    ] Safepoint "Cleanup", Time since last: 1000745500 ns, Reaching safepoint: 123600 ns, At safepoint: 6000 ns, Total: 129600 ns
[2020-09-28T09:45:06.379+0000][30964][safepoint    ] Safepoint "Cleanup", Time since last: 2000650800 ns, Reaching safepoint: 105200 ns, At safepoint: 6200 ns, Total: 111400 ns
[2020-09-28T09:45:07.379+0000][30964][safepoint    ] Safepoint "Cleanup", Time since last: 1000108100 ns, Reaching safepoint: 100100 ns, At safepoint: 6500 ns, Total: 106600 ns
[2020-09-28T09:45:08.380+0000][30964][safepoint    ] Safepoint "Cleanup", Time since last: 1000396900 ns, Reaching safepoint: 176000 ns, At safepoint: 10500 ns, Total: 186500 ns
[2020-09-28T09:45:10.381+0000][30964][safepoint    ] Safepoint "Cleanup", Time since last: 2000837400 ns, Reaching safepoint: 132900 ns, At safepoint: 7400 ns, Total: 140300 ns
[2020-09-28T09:45:12.378+0000][30964][safepoint    ] Safepoint "Cleanup", Time since last: 1997363300 ns, Reaching safepoint: 118500 ns, At safepoint: 6300 ns, Total: 124800 ns
[2020-09-28T09:45:14.379+0000][30964][safepoint    ] Safepoint "Cleanup", Time since last: 2000852100 ns, Reaching safepoint: 156500 ns, At safepoint: 6200 ns, Total: 162700 ns
[2020-09-28T09:45:15.380+0000][30964][safepoint    ] Safepoint "Cleanup", Time since last: 1000349700 ns, Reaching safepoint: 115800 ns, At safepoint: 5600 ns, Total: 121400 ns
[2020-09-28T09:45:16.381+0000][30964][safepoint    ] Safepoint "Cleanup", Time since last: 1000768100 ns, Reaching safepoint: 96800 ns, At safepoint: 6000 ns, Total: 102800 ns
[2020-09-28T09:45:17.381+0000][30964][safepoint    ] Safepoint "Cleanup", Time since last: 1000787300 ns, Reaching safepoint: 105600 ns, At safepoint: 8400 ns, Total: 114000 ns
[2020-09-28T09:45:19.382+0000][30964][safepoint    ] Safepoint "Cleanup", Time since last: 1999957200 ns, Reaching safepoint: 138500 ns, At safepoint: 7200 ns, Total: 145700 ns
[2020-09-28T09:45:20.382+0000][30964][safepoint    ] Safepoint "Cleanup", Time since last: 1000422900 ns, Reaching safepoint: 137300 ns, At safepoint: 6500 ns, Total: 143800 ns
[2020-09-28T09:45:21.383+0000][30964][safepoint    ] Safepoint "Cleanup", Time since last: 1000263000 ns, Reaching safepoint: 153600 ns, At safepoint: 5500 ns, Total: 159100 ns
[2020-09-28T09:45:22.383+0000][30964][safepoint    ] Safepoint "Cleanup", Time since last: 1000531800 ns, Reaching safepoint: 185500 ns, At safepoint: 6100 ns, Total: 191600 ns
[2020-09-28T09:45:23.384+0000][30964][safepoint    ] Safepoint "Cleanup", Time since last: 1000160700 ns, Reaching safepoint: 110200 ns, At safepoint: 6200 ns, Total: 116400 ns
[2020-09-28T09:45:24.384+0000][30964][safepoint    ] Safepoint "Cleanup", Time since last: 1000501400 ns, Reaching safepoint: 131900 ns, At safepoint: 12100 ns, Total: 144000 ns
[2020-09-28T09:45:25.384+0000][30964][safepoint    ] Safepoint "Cleanup", Time since last: 1000019500 ns, Reaching safepoint: 97600 ns, At safepoint: 7400 ns, Total: 105000 ns
[2020-09-28T09:45:26.385+0000][30964][safepoint    ] Safepoint "Cleanup", Time since last: 1000868600 ns, Reaching safepoint: 97500 ns, At safepoint: 5800 ns, Total: 103300 ns
[2020-09-28T09:45:27.386+0000][30964][safepoint    ] Safepoint "Cleanup", Time since last: 1000563700 ns, Reaching safepoint: 104000 ns, At safepoint: 2900 ns, Total: 106900 ns
[2020-09-28T09:45:28.387+0000][30964][safepoint    ] Safepoint "Cleanup", Time since last: 1000430300 ns, Reaching safepoint: 281200 ns, At safepoint: 5100 ns, Total: 286300 ns
[2020-09-28T09:45:29.388+0000][30964][safepoint    ] Safepoint "Cleanup", Time since last: 1000733100 ns, Reaching safepoint: 182000 ns, At safepoint: 6400 ns, Total: 188400 ns
[2020-09-28T09:45:31.388+0000][30964][safepoint    ] Safepoint "Cleanup", Time since last: 2000010500 ns, Reaching safepoint: 113900 ns, At safepoint: 4500 ns, Total: 118400 ns
[2020-09-28T09:45:32.388+0000][30964][safepoint    ] Safepoint "Cleanup", Time since last: 1000581400 ns, Reaching safepoint: 94600 ns, At safepoint: 6700 ns, Total: 101300 ns
[2020-09-28T09:45:33.389+0000][30964][safepoint    ] Safepoint "Cleanup", Time since last: 1000283200 ns, Reaching safepoint: 141400 ns, At safepoint: 6400 ns, Total: 147800 ns
[2020-09-28T09:45:34.389+0000][30964][safepoint    ] Safepoint "Cleanup", Time since last: 1000129700 ns, Reaching safepoint: 153700 ns, At safepoint: 21200 ns, Total: 174900 ns
[2020-09-28T09:45:35.390+0000][30964][safepoint    ] Safepoint "Cleanup", Time since last: 1000529600 ns, Reaching safepoint: 110700 ns, At safepoint: 6900 ns, Total: 117600 ns
[2020-09-28T09:45:36.391+0000][30964][safepoint    ] Safepoint "Cleanup", Time since last: 1000711600 ns, Reaching safepoint: 136900 ns, At safepoint: 6900 ns, Total: 143800 ns
[2020-09-28T09:45:37.391+0000][30964][safepoint    ] Safepoint "Cleanup", Time since last: 1000194700 ns, Reaching safepoint: 108300 ns, At safepoint: 5800 ns, Total: 114100 ns
[2020-09-28T09:45:38.392+0000][30964][safepoint    ] Safepoint "Cleanup", Time since last: 1000811400 ns, Reaching safepoint: 107600 ns, At safepoint: 7300 ns, Total: 114900 ns
[2020-09-28T09:45:39.392+0000][30964][safepoint    ] Safepoint "Cleanup", Time since last: 1000237800 ns, Reaching safepoint: 128600 ns, At safepoint: 5500 ns, Total: 134100 ns
[2020-09-28T09:45:40.393+0000][30964][safepoint    ] Safepoint "Cleanup", Time since last: 1000531000 ns, Reaching safepoint: 158900 ns, At safepoint: 6100 ns, Total: 165000 ns
[2020-09-28T09:45:42.374+0000][30964][safepoint    ] Safepoint "Cleanup", Time since last: 1981269000 ns, Reaching safepoint: 131500 ns, At safepoint: 8300 ns, Total: 139800 ns
[2020-09-28T09:45:43.375+0000][30964][safepoint    ] Safepoint "Cleanup", Time since last: 1000573000 ns, Reaching safepoint: 159100 ns, At safepoint: 5700 ns, Total: 164800 ns
[2020-09-28T09:45:44.376+0000][30964][safepoint    ] Safepoint "Cleanup", Time since last: 1000456700 ns, Reaching safepoint: 160600 ns, At safepoint: 6600 ns, Total: 167200 ns
[2020-09-28T09:45:45.376+0000][30964][safepoint    ] Safepoint "Cleanup", Time since last: 1000497300 ns, Reaching safepoint: 151500 ns, At safepoint: 26200 ns, Total: 177700 ns
[2020-09-28T09:45:47.377+0000][30964][safepoint    ] Safepoint "Cleanup", Time since last: 2000243100 ns, Reaching safepoint: 131600 ns, At safepoint: 7000 ns, Total: 138600 ns
[2020-09-28T09:45:48.377+0000][30964][safepoint    ] Safepoint "Cleanup", Time since last: 1000477500 ns, Reaching safepoint: 126100 ns, At safepoint: 6300 ns, Total: 132400 ns
[2020-09-28T09:45:49.378+0000][30964][safepoint    ] Safepoint "Cleanup", Time since last: 1000678500 ns, Reaching safepoint: 129700 ns, At safepoint: 8100 ns, Total: 137800 ns
[2020-09-28T09:45:50.378+0000][30964][safepoint    ] Safepoint "Cleanup", Time since last: 1000086100 ns, Reaching safepoint: 115200 ns, At safepoint: 6600 ns, Total: 121800 ns
[2020-09-28T09:45:51.378+0000][30964][safepoint    ] Safepoint "Cleanup", Time since last: 1000002000 ns, Reaching safepoint: 137800 ns, At safepoint: 6100 ns, Total: 143900 ns
[2020-09-28T09:45:52.379+0000][30964][safepoint    ] Safepoint "Cleanup", Time since last: 1000534200 ns, Reaching safepoint: 166200 ns, At safepoint: 6600 ns, Total: 172800 ns
[2020-09-28T09:45:54.380+0000][30964][safepoint    ] Safepoint "Cleanup", Time since last: 2000756000 ns, Reaching safepoint: 162300 ns, At safepoint: 9400 ns, Total: 171700 ns
[2020-09-28T09:45:55.380+0000][30964][safepoint    ] Safepoint "Cleanup", Time since last: 1000078500 ns, Reaching safepoint: 140300 ns, At safepoint: 9800 ns, Total: 150100 ns
[2020-09-28T09:45:56.381+0000][30964][safepoint    ] Safepoint "Cleanup", Time since last: 1000476700 ns, Reaching safepoint: 123300 ns, At safepoint: 5400 ns, Total: 128700 ns
[2020-09-28T09:45:57.381+0000][30964][safepoint    ] Safepoint "Cleanup", Time since last: 1000381000 ns, Reaching safepoint: 129100 ns, At safepoint: 5200 ns, Total: 134300 ns
[2020-09-28T09:45:58.382+0000][30964][safepoint    ] Safepoint "Cleanup", Time since last: 1000473800 ns, Reaching safepoint: 90500 ns, At safepoint: 4400 ns, Total: 94900 ns
[2020-09-28T09:45:59.383+0000][30964][safepoint    ] Safepoint "Cleanup", Time since last: 1000319400 ns, Reaching safepoint: 203200 ns, At safepoint: 19600 ns, Total: 222800 ns
[2020-09-28T09:46:01.384+0000][30964][safepoint    ] Safepoint "Cleanup", Time since last: 2000760400 ns, Reaching safepoint: 108100 ns, At safepoint: 8200 ns, Total: 116300 ns
[2020-09-28T09:46:02.384+0000][30964][safepoint    ] Safepoint "Cleanup", Time since last: 1000055600 ns, Reaching safepoint: 150900 ns, At safepoint: 7000 ns, Total: 157900 ns
[2020-09-28T09:46:03.384+0000][30964][safepoint    ] Safepoint "Cleanup", Time since last: 1000604800 ns, Reaching safepoint: 140900 ns, At safepoint: 5600 ns, Total: 146500 ns
[2020-09-28T09:46:04.385+0000][30964][safepoint    ] Safepoint "Cleanup", Time since last: 1000202700 ns, Reaching safepoint: 122300 ns, At safepoint: 5800 ns, Total: 128100 ns
[2020-09-28T09:46:05.385+0000][30964][safepoint    ] Safepoint "Cleanup", Time since last: 1000070500 ns, Reaching safepoint: 112000 ns, At safepoint: 5100 ns, Total: 117100 ns
[2020-09-28T09:46:06.386+0000][30964][safepoint    ] Safepoint "Cleanup", Time since last: 1000871600 ns, Reaching safepoint: 110600 ns, At safepoint: 6100 ns, Total: 116700 ns
[2020-09-28T09:46:07.387+0000][30964][safepoint    ] Safepoint "Cleanup", Time since last: 1000771600 ns, Reaching safepoint: 115100 ns, At safepoint: 7000 ns, Total: 122100 ns
[2020-09-28T09:46:08.387+0000][30964][safepoint    ] Safepoint "Cleanup", Time since last: 1000185500 ns, Reaching safepoint: 136400 ns, At safepoint: 9100 ns, Total: 145500 ns
[2020-09-28T09:46:09.388+0000][30964][safepoint    ] Safepoint "Cleanup", Time since last: 1000339300 ns, Reaching safepoint: 126700 ns, At safepoint: 6000 ns, Total: 132700 ns
[2020-09-28T09:46:10.388+0000][30964][safepoint    ] Safepoint "Cleanup", Time since last: 1000684600 ns, Reaching safepoint: 136200 ns, At safepoint: 6400 ns, Total: 142600 ns
[2020-09-28T09:46:12.378+0000][30964][safepoint    ] Safepoint "Cleanup", Time since last: 1989264200 ns, Reaching safepoint: 152200 ns, At safepoint: 7200 ns, Total: 159400 ns
[2020-09-28T09:46:14.379+0000][30964][safepoint    ] Safepoint "Cleanup", Time since last: 2000561800 ns, Reaching safepoint: 111500 ns, At safepoint: 88700 ns, Total: 200200 ns
[2020-09-28T09:46:15.379+0000][30964][safepoint    ] Safepoint "Cleanup", Time since last: 1000037700 ns, Reaching safepoint: 123000 ns, At safepoint: 5600 ns, Total: 128600 ns
[2020-09-28T09:46:17.380+0000][30964][safepoint    ] Safepoint "Cleanup", Time since last: 2000582200 ns, Reaching safepoint: 107000 ns, At safepoint: 3100 ns, Total: 110100 ns
[2020-09-28T09:46:18.380+0000][30964][safepoint    ] Safepoint "Cleanup", Time since last: 1000696100 ns, Reaching safepoint: 235800 ns, At safepoint: 7200 ns, Total: 243000 ns
[2020-09-28T09:46:19.381+0000][30964][safepoint    ] Safepoint "Cleanup", Time since last: 1000108500 ns, Reaching safepoint: 315300 ns, At safepoint: 9800 ns, Total: 325100 ns
[2020-09-28T09:46:20.381+0000][30964][safepoint    ] Safepoint "Cleanup", Time since last: 1000529300 ns, Reaching safepoint: 499000 ns, At safepoint: 69900 ns, Total: 568900 ns
[2020-09-28T09:46:21.382+0000][30964][safepoint    ] Safepoint "Cleanup", Time since last: 1000275900 ns, Reaching safepoint: 441700 ns, At safepoint: 28200 ns, Total: 469900 ns
[2020-09-28T09:46:23.383+0000][30964][safepoint    ] Safepoint "Cleanup", Time since last: 1999933200 ns, Reaching safepoint: 97400 ns, At safepoint: 3300 ns, Total: 100700 ns
[2020-09-28T09:46:24.383+0000][30964][safepoint    ] Safepoint "Cleanup", Time since last: 1000559200 ns, Reaching safepoint: 145800 ns, At safepoint: 8200 ns, Total: 154000 ns
[2020-09-28T09:46:26.384+0000][30964][safepoint    ] Safepoint "Cleanup", Time since last: 2000605000 ns, Reaching safepoint: 105700 ns, At safepoint: 9200 ns, Total: 114900 ns
[2020-09-28T09:46:27.384+0000][30964][safepoint    ] Safepoint "Cleanup", Time since last: 1000023000 ns, Reaching safepoint: 95500 ns, At safepoint: 2900 ns, Total: 98400 ns
[2020-09-28T09:46:28.385+0000][30964][safepoint    ] Safepoint "Cleanup", Time since last: 1000687400 ns, Reaching safepoint: 115500 ns, At safepoint: 7400 ns, Total: 122900 ns
[2020-09-28T09:46:29.385+0000][30964][safepoint    ] Safepoint "Cleanup", Time since last: 1000181400 ns, Reaching safepoint: 113600 ns, At safepoint: 5800 ns, Total: 119400 ns
[2020-09-28T09:46:30.386+0000][30964][safepoint    ] Safepoint "Cleanup", Time since last: 1000047400 ns, Reaching safepoint: 115800 ns, At safepoint: 5500 ns, Total: 121300 ns
[2020-09-28T09:46:31.386+0000][30964][safepoint    ] Safepoint "Cleanup", Time since last: 1000674200 ns, Reaching safepoint: 149000 ns, At safepoint: 7400 ns, Total: 156400 ns
[2020-09-28T09:46:32.387+0000][30964][safepoint    ] Safepoint "Cleanup", Time since last: 1000327000 ns, Reaching safepoint: 161100 ns, At safepoint: 18100 ns, Total: 179200 ns
[2020-09-28T09:46:33.388+0000][30964][safepoint    ] Safepoint "Cleanup", Time since last: 1000619800 ns, Reaching safepoint: 118300 ns, At safepoint: 5400 ns, Total: 123700 ns
[2020-09-28T09:46:34.388+0000][30964][safepoint    ] Safepoint "Cleanup", Time since last: 1000060900 ns, Reaching safepoint: 141500 ns, At safepoint: 7600 ns, Total: 149100 ns
[2020-09-28T09:46:35.486+0000][30964][safepoint    ] Safepoint "Cleanup", Time since last: 1097605400 ns, Reaching safepoint: 125200 ns, At safepoint: 4100 ns, Total: 129300 ns
[2020-09-28T09:46:36.486+0000][30964][safepoint    ] Safepoint "Cleanup", Time since last: 1000589400 ns, Reaching safepoint: 179300 ns, At safepoint: 15000 ns, Total: 194300 ns
[2020-09-28T09:46:38.487+0000][30964][safepoint    ] Safepoint "Cleanup", Time since last: 2000270200 ns, Reaching safepoint: 110200 ns, At safepoint: 7400 ns, Total: 117600 ns
[2020-09-28T09:46:39.487+0000][30964][safepoint    ] Safepoint "Cleanup", Time since last: 1000586700 ns, Reaching safepoint: 122200 ns, At safepoint: 6600 ns, Total: 128800 ns
[2020-09-28T09:46:40.488+0000][30964][safepoint    ] Safepoint "Cleanup", Time since last: 1000491700 ns, Reaching safepoint: 142000 ns, At safepoint: 23800 ns, Total: 165800 ns
[2020-09-28T09:46:41.489+0000][30964][safepoint    ] Safepoint "Cleanup", Time since last: 1000771000 ns, Reaching safepoint: 240700 ns, At safepoint: 6900 ns, Total: 247600 ns
[2020-09-28T09:46:43.490+0000][30964][safepoint    ] Safepoint "Cleanup", Time since last: 2000400700 ns, Reaching safepoint: 132700 ns, At safepoint: 6100 ns, Total: 138800 ns
[2020-09-28T09:46:44.491+0000][30964][safepoint    ] Safepoint "Cleanup", Time since last: 1000734500 ns, Reaching safepoint: 105100 ns, At safepoint: 6100 ns, Total: 111200 ns
[2020-09-28T09:46:45.491+0000][30964][safepoint    ] Safepoint "Cleanup", Time since last: 1000032200 ns, Reaching safepoint: 143000 ns, At safepoint: 7200 ns, Total: 150200 ns
[2020-09-28T09:46:46.491+0000][30964][safepoint    ] Safepoint "Cleanup", Time since last: 1000372700 ns, Reaching safepoint: 112900 ns, At safepoint: 8800 ns, Total: 121700 ns
[2020-09-28T09:46:47.492+0000][30964][safepoint    ] Safepoint "Cleanup", Time since last: 1000934700 ns, Reaching safepoint: 127200 ns, At safepoint: 5800 ns, Total: 133000 ns
[2020-09-28T09:46:48.493+0000][30964][safepoint    ] Safepoint "Cleanup", Time since last: 1000791700 ns, Reaching safepoint: 121700 ns, At safepoint: 11500 ns, Total: 133200 ns
[2020-09-28T09:46:49.493+0000][30964][safepoint    ] Safepoint "Cleanup", Time since last: 1000066600 ns, Reaching safepoint: 139900 ns, At safepoint: 3700 ns, Total: 143600 ns
[2020-09-28T09:46:50.494+0000][30964][safepoint    ] Safepoint "Cleanup", Time since last: 1000635300 ns, Reaching safepoint: 152600 ns, At safepoint: 20600 ns, Total: 173200 ns
[2020-09-28T09:46:51.494+0000][30964][safepoint    ] Safepoint "Cleanup", Time since last: 1000022900 ns, Reaching safepoint: 197000 ns, At safepoint: 9100 ns, Total: 206100 ns
[2020-09-28T09:46:52.495+0000][30964][safepoint    ] Safepoint "Cleanup", Time since last: 1000763000 ns, Reaching safepoint: 105400 ns, At safepoint: 3800 ns, Total: 109200 ns
[2020-09-28T09:46:54.495+0000][30964][safepoint    ] Safepoint "Cleanup", Time since last: 1999928200 ns, Reaching safepoint: 150400 ns, At safepoint: 9200 ns, Total: 159600 ns
[2020-09-28T09:46:56.496+0000][30964][safepoint    ] Safepoint "Cleanup", Time since last: 2000538500 ns, Reaching safepoint: 139700 ns, At safepoint: 6000 ns, Total: 145700 ns
[2020-09-28T09:46:57.497+0000][30964][safepoint    ] Safepoint "Cleanup", Time since last: 1000516000 ns, Reaching safepoint: 135500 ns, At safepoint: 10800 ns, Total: 146300 ns
[2020-09-28T09:46:58.497+0000][30964][safepoint    ] Safepoint "Cleanup", Time since last: 1000590700 ns, Reaching safepoint: 112100 ns, At safepoint: 5900 ns, Total: 118000 ns
[2020-09-28T09:47:00.498+0000][30964][safepoint    ] Safepoint "Cleanup", Time since last: 2000722900 ns, Reaching safepoint: 139500 ns, At safepoint: 5800 ns, Total: 145300 ns
[2020-09-28T09:47:02.498+0000][30964][safepoint    ] Safepoint "Cleanup", Time since last: 2000063700 ns, Reaching safepoint: 120800 ns, At safepoint: 5500 ns, Total: 126300 ns
[2020-09-28T09:47:03.499+0000][30964][safepoint    ] Safepoint "Cleanup", Time since last: 1000264100 ns, Reaching safepoint: 111500 ns, At safepoint: 8500 ns, Total: 120000 ns
[2020-09-28T09:47:04.499+0000][30964][safepoint    ] Safepoint "Cleanup", Time since last: 1000049900 ns, Reaching safepoint: 143100 ns, At safepoint: 9100 ns, Total: 152200 ns
[2020-09-28T09:47:06.500+0000][30964][safepoint    ] Safepoint "Cleanup", Time since last: 2000279800 ns, Reaching safepoint: 126000 ns, At safepoint: 3000 ns, Total: 129000 ns
[2020-09-28T09:47:07.500+0000][30964][safepoint    ] Safepoint "Cleanup", Time since last: 1000707500 ns, Reaching safepoint: 103600 ns, At safepoint: 4100 ns, Total: 107700 ns
[2020-09-28T09:47:08.501+0000][30964][safepoint    ] Safepoint "Cleanup", Time since last: 1000850100 ns, Reaching safepoint: 114200 ns, At safepoint: 12500 ns, Total: 126700 ns
[2020-09-28T09:47:09.502+0000][30964][safepoint    ] Safepoint "Cleanup", Time since last: 1000619300 ns, Reaching safepoint: 113900 ns, At safepoint: 6300 ns, Total: 120200 ns
[2020-09-28T09:47:10.503+0000][30964][safepoint    ] Safepoint "Cleanup", Time since last: 1000709200 ns, Reaching safepoint: 119300 ns, At safepoint: 10800 ns, Total: 130100 ns
[2020-09-28T09:47:12.388+0000][30964][safepoint    ] Safepoint "Cleanup", Time since last: 1884820900 ns, Reaching safepoint: 173900 ns, At safepoint: 11600 ns, Total: 185500 ns
[2020-09-28T09:47:13.388+0000][30964][safepoint    ] Safepoint "Cleanup", Time since last: 1000351600 ns, Reaching safepoint: 109800 ns, At safepoint: 6600 ns, Total: 116400 ns
[2020-09-28T09:47:14.389+0000][30964][safepoint    ] Safepoint "Cleanup", Time since last: 1000082700 ns, Reaching safepoint: 106200 ns, At safepoint: 6700 ns, Total: 112900 ns
[2020-09-28T09:47:15.389+0000][30964][safepoint    ] Safepoint "Cleanup", Time since last: 1000547800 ns, Reaching safepoint: 146500 ns, At safepoint: 3300 ns, Total: 149800 ns
[2020-09-28T09:47:16.390+0000][30964][safepoint    ] Safepoint "Cleanup", Time since last: 1000982200 ns, Reaching safepoint: 462000 ns, At safepoint: 66000 ns, Total: 528000 ns
[2020-09-28T09:47:18.391+0000][30964][safepoint    ] Safepoint "Cleanup", Time since last: 2000181600 ns, Reaching safepoint: 132300 ns, At safepoint: 6300 ns, Total: 138600 ns
[2020-09-28T09:47:19.392+0000][30964][safepoint    ] Safepoint "Cleanup", Time since last: 1000532500 ns, Reaching safepoint: 121700 ns, At safepoint: 6200 ns, Total: 127900 ns
[2020-09-28T09:47:20.393+0000][30964][safepoint    ] Safepoint "Cleanup", Time since last: 1000832900 ns, Reaching safepoint: 146300 ns, At safepoint: 5800 ns, Total: 152100 ns
[2020-09-28T09:47:21.393+0000][30964][safepoint    ] Safepoint "Cleanup", Time since last: 1000307900 ns, Reaching safepoint: 140200 ns, At safepoint: 13400 ns, Total: 153600 ns
[2020-09-28T09:47:22.394+0000][30964][safepoint    ] Safepoint "Cleanup", Time since last: 1000310200 ns, Reaching safepoint: 128100 ns, At safepoint: 7500 ns, Total: 135600 ns
[2020-09-28T09:47:23.394+0000][30964][safepoint    ] Safepoint "Cleanup", Time since last: 1000361900 ns, Reaching safepoint: 161700 ns, At safepoint: 9200 ns, Total: 170900 ns
[2020-09-28T09:47:24.395+0000][30964][safepoint    ] Safepoint "Cleanup", Time since last: 1000566900 ns, Reaching safepoint: 149000 ns, At safepoint: 21200 ns, Total: 170200 ns
[2020-09-28T09:47:25.395+0000][30964][safepoint    ] Safepoint "Cleanup", Time since last: 1000302200 ns, Reaching safepoint: 116300 ns, At safepoint: 8800 ns, Total: 125100 ns
[2020-09-28T09:47:26.396+0000][30964][safepoint    ] Safepoint "Cleanup", Time since last: 1000106300 ns, Reaching safepoint: 120400 ns, At safepoint: 6000 ns, Total: 126400 ns
[2020-09-28T09:47:28.247+0000][30964][safepoint    ] Safepoint "Cleanup", Time since last: 1851290100 ns, Reaching safepoint: 164100 ns, At safepoint: 5200 ns, Total: 169300 ns
[2020-09-28T09:47:29.247+0000][30964][safepoint    ] Safepoint "Cleanup", Time since last: 1000186600 ns, Reaching safepoint: 115100 ns, At safepoint: 7100 ns, Total: 122200 ns
[2020-09-28T09:47:30.248+0000][30964][safepoint    ] Safepoint "Cleanup", Time since last: 1000566500 ns, Reaching safepoint: 108000 ns, At safepoint: 7400 ns, Total: 115400 ns
[2020-09-28T09:47:31.249+0000][30964][safepoint    ] Safepoint "Cleanup", Time since last: 1000830300 ns, Reaching safepoint: 123900 ns, At safepoint: 9000 ns, Total: 132900 ns
[2020-09-28T09:47:32.250+0000][30964][safepoint    ] Safepoint "Cleanup", Time since last: 1000514200 ns, Reaching safepoint: 117300 ns, At safepoint: 6300 ns, Total: 123600 ns
[2020-09-28T09:47:33.250+0000][30964][safepoint    ] Safepoint "Cleanup", Time since last: 1000784800 ns, Reaching safepoint: 160000 ns, At safepoint: 7100 ns, Total: 167100 ns
[2020-09-28T09:47:34.251+0000][30964][safepoint    ] Safepoint "Cleanup", Time since last: 1000047800 ns, Reaching safepoint: 217300 ns, At safepoint: 9400 ns, Total: 226700 ns
[2020-09-28T09:47:35.251+0000][30964][safepoint    ] Safepoint "Cleanup", Time since last: 1000022400 ns, Reaching safepoint: 158300 ns, At safepoint: 9200 ns, Total: 167500 ns
[2020-09-28T09:47:36.252+0000][30964][safepoint    ] Safepoint "Cleanup", Time since last: 1000868900 ns, Reaching safepoint: 106100 ns, At safepoint: 2700 ns, Total: 108800 ns
[2020-09-28T09:47:37.253+0000][30964][safepoint    ] Safepoint "Cleanup", Time since last: 1000378500 ns, Reaching safepoint: 252000 ns, At safepoint: 8500 ns, Total: 260500 ns
[2020-09-28T09:47:38.253+0000][30964][safepoint    ] Safepoint "Cleanup", Time since last: 1000518700 ns, Reaching safepoint: 171900 ns, At safepoint: 5500 ns, Total: 177400 ns
[2020-09-28T09:47:39.254+0000][30964][safepoint    ] Safepoint "Cleanup", Time since last: 1000701100 ns, Reaching safepoint: 109800 ns, At safepoint: 5900 ns, Total: 115700 ns
[2020-09-28T09:47:40.254+0000][30964][safepoint    ] Safepoint "Cleanup", Time since last: 1000024000 ns, Reaching safepoint: 157600 ns, At safepoint: 5300 ns, Total: 162900 ns
[2020-09-28T09:47:42.255+0000][30964][safepoint    ] Safepoint "Cleanup", Time since last: 2001063800 ns, Reaching safepoint: 474200 ns, At safepoint: 15800 ns, Total: 490000 ns
[2020-09-28T09:47:44.255+0000][30964][safepoint    ] Safepoint "Cleanup", Time since last: 1999426800 ns, Reaching safepoint: 189800 ns, At safepoint: 6800 ns, Total: 196600 ns
[2020-09-28T09:47:46.256+0000][30964][safepoint    ] Safepoint "Cleanup", Time since last: 2000384800 ns, Reaching safepoint: 143400 ns, At safepoint: 7200 ns, Total: 150600 ns
[2020-09-28T09:47:47.257+0000][30964][safepoint    ] Safepoint "Cleanup", Time since last: 1000717700 ns, Reaching safepoint: 121400 ns, At safepoint: 8100 ns, Total: 129500 ns
[2020-09-28T09:47:48.258+0000][30964][safepoint    ] Safepoint "Cleanup", Time since last: 1000647800 ns, Reaching safepoint: 125900 ns, At safepoint: 17900 ns, Total: 143800 ns
[2020-09-28T09:47:49.258+0000][30964][safepoint    ] Safepoint "Cleanup", Time since last: 1000019000 ns, Reaching safepoint: 119300 ns, At safepoint: 4400 ns, Total: 123700 ns
[2020-09-28T09:47:50.258+0000][30964][safepoint    ] Safepoint "Cleanup", Time since last: 1000436900 ns, Reaching safepoint: 122600 ns, At safepoint: 5400 ns, Total: 128000 ns
[2020-09-28T09:47:51.259+0000][30964][safepoint    ] Safepoint "Cleanup", Time since last: 1000629000 ns, Reaching safepoint: 95000 ns, At safepoint: 6000 ns, Total: 101000 ns
[2020-09-28T09:47:52.260+0000][30964][safepoint    ] Safepoint "Cleanup", Time since last: 1000608900 ns, Reaching safepoint: 105400 ns, At safepoint: 5700 ns, Total: 111100 ns
[2020-09-28T09:47:53.260+0000][30964][safepoint    ] Safepoint "Cleanup", Time since last: 1000364200 ns, Reaching safepoint: 119000 ns, At safepoint: 5300 ns, Total: 124300 ns
[2020-09-28T09:47:54.260+0000][30964][safepoint    ] Safepoint "Cleanup", Time since last: 1000065500 ns, Reaching safepoint: 141100 ns, At safepoint: 6000 ns, Total: 147100 ns
[2020-09-28T09:47:55.261+0000][30964][safepoint    ] Safepoint "Cleanup", Time since last: 1000852300 ns, Reaching safepoint: 120600 ns, At safepoint: 4300 ns, Total: 124900 ns
[2020-09-28T09:47:56.262+0000][30964][safepoint    ] Safepoint "Cleanup", Time since last: 1000594300 ns, Reaching safepoint: 124000 ns, At safepoint: 5600 ns, Total: 129600 ns
[2020-09-28T09:47:57.263+0000][30964][safepoint    ] Safepoint "Cleanup", Time since last: 1000283300 ns, Reaching safepoint: 134100 ns, At safepoint: 8800 ns, Total: 142900 ns
[2020-09-28T09:47:58.263+0000][30964][safepoint    ] Safepoint "Cleanup", Time since last: 1000398800 ns, Reaching safepoint: 119800 ns, At safepoint: 8500 ns, Total: 128300 ns
[2020-09-28T09:47:59.264+0000][30964][safepoint    ] Safepoint "Cleanup", Time since last: 1000294900 ns, Reaching safepoint: 106200 ns, At safepoint: 7700 ns, Total: 113900 ns
[2020-09-28T09:48:00.265+0000][30964][safepoint    ] Safepoint "Cleanup", Time since last: 1000870400 ns, Reaching safepoint: 131700 ns, At safepoint: 6900 ns, Total: 138600 ns
[2020-09-28T09:48:01.265+0000][30964][safepoint    ] Safepoint "Cleanup", Time since last: 1000512100 ns, Reaching safepoint: 175900 ns, At safepoint: 7500 ns, Total: 183400 ns
[2020-09-28T09:48:02.266+0000][30964][safepoint    ] Safepoint "Cleanup", Time since last: 1000510500 ns, Reaching safepoint: 206500 ns, At safepoint: 9400 ns, Total: 215900 ns
[2020-09-28T09:48:03.266+0000][30964][safepoint    ] Safepoint "Cleanup", Time since last: 1000115400 ns, Reaching safepoint: 168400 ns, At safepoint: 26000 ns, Total: 194400 ns
[2020-09-28T09:48:04.267+0000][30964][safepoint    ] Safepoint "Cleanup", Time since last: 1000787500 ns, Reaching safepoint: 118100 ns, At safepoint: 6500 ns, Total: 124600 ns
[2020-09-28T09:48:06.267+0000][30964][safepoint    ] Safepoint "Cleanup", Time since last: 1999937500 ns, Reaching safepoint: 124400 ns, At safepoint: 4500 ns, Total: 128900 ns
[2020-09-28T09:48:08.268+0000][30964][safepoint    ] Safepoint "Cleanup", Time since last: 2000741400 ns, Reaching safepoint: 119900 ns, At safepoint: 6000 ns, Total: 125900 ns
[2020-09-28T09:48:10.268+0000][30964][safepoint    ] Safepoint "Cleanup", Time since last: 1999981400 ns, Reaching safepoint: 159300 ns, At safepoint: 6400 ns, Total: 165700 ns
[2020-09-28T09:48:11.269+0000][30964][safepoint    ] Safepoint "Cleanup", Time since last: 1000553200 ns, Reaching safepoint: 153200 ns, At safepoint: 5500 ns, Total: 158700 ns
[2020-09-28T09:48:12.397+0000][30964][safepoint    ] Safepoint "Cleanup", Time since last: 1127855300 ns, Reaching safepoint: 137100 ns, At safepoint: 11200 ns, Total: 148300 ns
[2020-09-28T09:48:13.397+0000][30964][safepoint    ] Safepoint "Cleanup", Time since last: 1000106500 ns, Reaching safepoint: 114700 ns, At safepoint: 6600 ns, Total: 121300 ns
[2020-09-28T09:48:14.398+0000][30964][safepoint    ] Safepoint "Cleanup", Time since last: 1000689700 ns, Reaching safepoint: 210700 ns, At safepoint: 18900 ns, Total: 229600 ns
[2020-09-28T09:48:16.399+0000][30964][safepoint    ] Safepoint "Cleanup", Time since last: 2000485600 ns, Reaching safepoint: 172800 ns, At safepoint: 6900 ns, Total: 179700 ns
[2020-09-28T09:48:17.399+0000][30964][safepoint    ] Safepoint "Cleanup", Time since last: 1000135800 ns, Reaching safepoint: 107500 ns, At safepoint: 4400 ns, Total: 111900 ns
[2020-09-28T09:48:18.399+0000][30964][safepoint    ] Safepoint "Cleanup", Time since last: 1000222600 ns, Reaching safepoint: 111100 ns, At safepoint: 16600 ns, Total: 127700 ns
[2020-09-28T09:48:19.400+0000][30964][safepoint    ] Safepoint "Cleanup", Time since last: 1000066300 ns, Reaching safepoint: 134700 ns, At safepoint: 5600 ns, Total: 140300 ns
[2020-09-28T09:48:20.400+0000][30964][safepoint    ] Safepoint "Cleanup", Time since last: 1000510500 ns, Reaching safepoint: 118800 ns, At safepoint: 6200 ns, Total: 125000 ns
[2020-09-28T09:48:21.401+0000][30964][safepoint    ] Safepoint "Cleanup", Time since last: 1000244600 ns, Reaching safepoint: 143100 ns, At safepoint: 5200 ns, Total: 148300 ns
[2020-09-28T09:48:23.401+0000][30964][safepoint    ] Safepoint "Cleanup", Time since last: 2000135300 ns, Reaching safepoint: 125100 ns, At safepoint: 7000 ns, Total: 132100 ns
[2020-09-28T09:48:24.402+0000][30964][safepoint    ] Safepoint "Cleanup", Time since last: 1000565900 ns, Reaching safepoint: 152400 ns, At safepoint: 9200 ns, Total: 161600 ns
[2020-09-28T09:48:25.403+0000][30964][safepoint    ] Safepoint "Cleanup", Time since last: 1000871500 ns, Reaching safepoint: 123200 ns, At safepoint: 8600 ns, Total: 131800 ns
[2020-09-28T09:48:26.403+0000][30964][safepoint    ] Safepoint "Cleanup", Time since last: 1000065000 ns, Reaching safepoint: 95100 ns, At safepoint: 4900 ns, Total: 100000 ns
[2020-09-28T09:48:27.403+0000][30964][safepoint    ] Safepoint "Cleanup", Time since last: 1000166200 ns, Reaching safepoint: 116800 ns, At safepoint: 3700 ns, Total: 120500 ns
[2020-09-28T09:48:28.403+0000][30964][safepoint    ] Safepoint "Cleanup", Time since last: 1000012200 ns, Reaching safepoint: 537600 ns, At safepoint: 9200 ns, Total: 546800 ns
[2020-09-28T09:48:30.404+0000][30964][safepoint    ] Safepoint "Cleanup", Time since last: 2000018100 ns, Reaching safepoint: 181800 ns, At safepoint: 9500 ns, Total: 191300 ns
[2020-09-28T09:48:31.404+0000][30964][safepoint    ] Safepoint "Cleanup", Time since last: 1000203400 ns, Reaching safepoint: 285300 ns, At safepoint: 22500 ns, Total: 307800 ns
[2020-09-28T09:48:32.405+0000][30964][safepoint    ] Safepoint "Cleanup", Time since last: 1000166300 ns, Reaching safepoint: 236800 ns, At safepoint: 11400 ns, Total: 248200 ns
[2020-09-28T09:48:34.405+0000][30964][safepoint    ] Safepoint "Cleanup", Time since last: 1999952200 ns, Reaching safepoint: 127200 ns, At safepoint: 3700 ns, Total: 130900 ns
[2020-09-28T09:48:35.405+0000][30964][safepoint    ] Safepoint "Cleanup", Time since last: 1000209400 ns, Reaching safepoint: 130600 ns, At safepoint: 2600 ns, Total: 133200 ns
[2020-09-28T09:48:36.406+0000][30964][safepoint    ] Safepoint "Cleanup", Time since last: 1000258900 ns, Reaching safepoint: 125200 ns, At safepoint: 6300 ns, Total: 131500 ns
[2020-09-28T09:48:37.406+0000][30964][safepoint    ] Safepoint "Cleanup", Time since last: 1000092100 ns, Reaching safepoint: 118600 ns, At safepoint: 9600 ns, Total: 128200 ns
[2020-09-28T09:48:38.407+0000][30964][safepoint    ] Safepoint "Cleanup", Time since last: 1000787100 ns, Reaching safepoint: 167000 ns, At safepoint: 6500 ns, Total: 173500 ns
[2020-09-28T09:48:39.407+0000][30964][safepoint    ] Safepoint "Cleanup", Time since last: 1000523300 ns, Reaching safepoint: 114600 ns, At safepoint: 3400 ns, Total: 118000 ns
[2020-09-28T09:48:40.408+0000][30964][safepoint    ] Safepoint "Cleanup", Time since last: 1000454100 ns, Reaching safepoint: 157400 ns, At safepoint: 3900 ns, Total: 161300 ns
[2020-09-28T09:48:41.409+0000][30964][safepoint    ] Safepoint "Cleanup", Time since last: 1000430900 ns, Reaching safepoint: 161000 ns, At safepoint: 8600 ns, Total: 169600 ns
[2020-09-28T09:48:42.409+0000][30964][safepoint    ] Safepoint "Cleanup", Time since last: 1000011100 ns, Reaching safepoint: 124300 ns, At safepoint: 9200 ns, Total: 133500 ns
[2020-09-28T09:48:44.410+0000][30964][safepoint    ] Safepoint "Cleanup", Time since last: 2000925700 ns, Reaching safepoint: 116400 ns, At safepoint: 5600 ns, Total: 122000 ns
[2020-09-28T09:48:45.411+0000][30964][safepoint    ] Safepoint "Cleanup", Time since last: 1000778000 ns, Reaching safepoint: 212300 ns, At safepoint: 18600 ns, Total: 230900 ns
[2020-09-28T09:48:46.412+0000][30964][safepoint    ] Safepoint "Cleanup", Time since last: 1000650700 ns, Reaching safepoint: 173700 ns, At safepoint: 10400 ns, Total: 184100 ns
[2020-09-28T09:48:47.412+0000][30964][safepoint    ] Safepoint "Cleanup", Time since last: 1000453700 ns, Reaching safepoint: 117300 ns, At safepoint: 6400 ns, Total: 123700 ns
[2020-09-28T09:48:48.413+0000][30964][safepoint    ] Safepoint "Cleanup", Time since last: 1000271900 ns, Reaching safepoint: 126700 ns, At safepoint: 7800 ns, Total: 134500 ns
[2020-09-28T09:48:49.413+0000][30964][safepoint    ] Safepoint "Cleanup", Time since last: 1000127000 ns, Reaching safepoint: 145000 ns, At safepoint: 6600 ns, Total: 151600 ns
[2020-09-28T09:48:50.414+0000][30964][safepoint    ] Safepoint "Cleanup", Time since last: 1000784200 ns, Reaching safepoint: 139500 ns, At safepoint: 5300 ns, Total: 144800 ns
[2020-09-28T09:48:51.414+0000][30964][safepoint    ] Safepoint "Cleanup", Time since last: 1000103800 ns, Reaching safepoint: 111100 ns, At safepoint: 7000 ns, Total: 118100 ns
[2020-09-28T09:48:52.414+0000][30964][safepoint    ] Safepoint "Cleanup", Time since last: 1000065800 ns, Reaching safepoint: 144200 ns, At safepoint: 5800 ns, Total: 150000 ns
[2020-09-28T09:48:53.415+0000][30964][safepoint    ] Safepoint "Cleanup", Time since last: 1000682000 ns, Reaching safepoint: 151300 ns, At safepoint: 6200 ns, Total: 157500 ns
[2020-09-28T09:48:54.416+0000][30964][safepoint    ] Safepoint "Cleanup", Time since last: 1000732900 ns, Reaching safepoint: 139900 ns, At safepoint: 7900 ns, Total: 147800 ns
[2020-09-28T09:48:55.417+0000][30964][safepoint    ] Safepoint "Cleanup", Time since last: 1000731600 ns, Reaching safepoint: 150600 ns, At safepoint: 5600 ns, Total: 156200 ns
[2020-09-28T09:48:56.417+0000][30964][safepoint    ] Safepoint "Cleanup", Time since last: 1000504600 ns, Reaching safepoint: 142500 ns, At safepoint: 6400 ns, Total: 148900 ns
[2020-09-28T09:48:58.418+0000][30964][safepoint    ] Safepoint "Cleanup", Time since last: 2000403100 ns, Reaching safepoint: 154800 ns, At safepoint: 3900 ns, Total: 158700 ns
[2020-09-28T09:48:59.419+0000][30964][safepoint    ] Safepoint "Cleanup", Time since last: 1000415200 ns, Reaching safepoint: 136000 ns, At safepoint: 7300 ns, Total: 143300 ns
[2020-09-28T09:49:00.419+0000][30964][safepoint    ] Safepoint "Cleanup", Time since last: 1000063700 ns, Reaching safepoint: 138000 ns, At safepoint: 6700 ns, Total: 144700 ns
[2020-09-28T09:49:01.420+0000][30964][safepoint    ] Safepoint "Cleanup", Time since last: 1000712600 ns, Reaching safepoint: 132500 ns, At safepoint: 5500 ns, Total: 138000 ns
[2020-09-28T09:49:02.421+0000][30964][safepoint    ] Safepoint "Cleanup", Time since last: 1000802900 ns, Reaching safepoint: 145300 ns, At safepoint: 6000 ns, Total: 151300 ns
[2020-09-28T09:49:03.422+0000][30964][safepoint    ] Safepoint "Cleanup", Time since last: 1000814800 ns, Reaching safepoint: 131700 ns, At safepoint: 5400 ns, Total: 137100 ns
[2020-09-28T09:49:04.422+0000][30964][safepoint    ] Safepoint "Cleanup", Time since last: 1000500400 ns, Reaching safepoint: 147100 ns, At safepoint: 5400 ns, Total: 152500 ns
[2020-09-28T09:49:06.423+0000][30964][safepoint    ] Safepoint "Cleanup", Time since last: 2000446300 ns, Reaching safepoint: 100400 ns, At safepoint: 6600 ns, Total: 107000 ns
[2020-09-28T09:49:07.424+0000][30964][safepoint    ] Safepoint "Cleanup", Time since last: 1000615200 ns, Reaching safepoint: 135100 ns, At safepoint: 7600 ns, Total: 142700 ns
[2020-09-28T09:49:08.424+0000][30964][safepoint    ] Safepoint "Cleanup", Time since last: 1000284300 ns, Reaching safepoint: 215400 ns, At safepoint: 22900 ns, Total: 238300 ns
[2020-09-28T09:49:09.425+0000][30964][safepoint    ] Safepoint "Cleanup", Time since last: 1000381700 ns, Reaching safepoint: 154200 ns, At safepoint: 4700 ns, Total: 158900 ns
[2020-09-28T09:49:10.425+0000][30964][safepoint    ] Safepoint "Cleanup", Time since last: 1000416200 ns, Reaching safepoint: 132800 ns, At safepoint: 7900 ns, Total: 140700 ns
[2020-09-28T09:49:12.392+0000][30964][safepoint    ] Safepoint "Cleanup", Time since last: 1966902300 ns, Reaching safepoint: 112000 ns, At safepoint: 6200 ns, Total: 118200 ns
[2020-09-28T09:49:13.393+0000][30964][safepoint    ] Safepoint "Cleanup", Time since last: 1000592000 ns, Reaching safepoint: 118400 ns, At safepoint: 6600 ns, Total: 125000 ns
[2020-09-28T09:49:14.394+0000][30964][safepoint    ] Safepoint "Cleanup", Time since last: 1000615400 ns, Reaching safepoint: 98300 ns, At safepoint: 6000 ns, Total: 104300 ns
[2020-09-28T09:49:15.394+0000][30964][safepoint    ] Safepoint "Cleanup", Time since last: 1000457400 ns, Reaching safepoint: 123600 ns, At safepoint: 5500 ns, Total: 129100 ns
[2020-09-28T09:49:16.395+0000][30964][safepoint    ] Safepoint "Cleanup", Time since last: 1000226000 ns, Reaching safepoint: 131400 ns, At safepoint: 21500 ns, Total: 152900 ns
[2020-09-28T09:49:17.395+0000][30964][safepoint    ] Safepoint "Cleanup", Time since last: 1000333800 ns, Reaching safepoint: 124700 ns, At safepoint: 5800 ns, Total: 130500 ns
[2020-09-28T09:49:18.396+0000][30964][safepoint    ] Safepoint "Cleanup", Time since last: 1000475100 ns, Reaching safepoint: 120500 ns, At safepoint: 5500 ns, Total: 126000 ns
[2020-09-28T09:49:19.396+0000][30964][safepoint    ] Safepoint "Cleanup", Time since last: 1000304000 ns, Reaching safepoint: 146400 ns, At safepoint: 3300 ns, Total: 149700 ns
[2020-09-28T09:49:20.397+0000][30964][safepoint    ] Safepoint "Cleanup", Time since last: 1000683800 ns, Reaching safepoint: 132000 ns, At safepoint: 3000 ns, Total: 135000 ns
[2020-09-28T09:49:21.397+0000][30964][safepoint    ] Safepoint "Cleanup", Time since last: 1000219600 ns, Reaching safepoint: 128600 ns, At safepoint: 9500 ns, Total: 138100 ns
[2020-09-28T09:49:22.398+0000][30964][safepoint    ] Safepoint "Cleanup", Time since last: 1000539500 ns, Reaching safepoint: 118200 ns, At safepoint: 6500 ns, Total: 124700 ns
[2020-09-28T09:49:23.399+0000][30964][safepoint    ] Safepoint "Cleanup", Time since last: 1000507400 ns, Reaching safepoint: 91500 ns, At safepoint: 4500 ns, Total: 96000 ns
[2020-09-28T09:49:24.399+0000][30964][safepoint    ] Safepoint "Cleanup", Time since last: 1000353000 ns, Reaching safepoint: 94500 ns, At safepoint: 6200 ns, Total: 100700 ns
[2020-09-28T09:49:25.400+0000][30964][safepoint    ] Safepoint "Cleanup", Time since last: 1000608500 ns, Reaching safepoint: 144000 ns, At safepoint: 3300 ns, Total: 147300 ns
[2020-09-28T09:49:26.400+0000][30964][safepoint    ] Safepoint "Cleanup", Time since last: 1000245300 ns, Reaching safepoint: 122500 ns, At safepoint: 5600 ns, Total: 128100 ns
[2020-09-28T09:49:27.400+0000][30964][safepoint    ] Safepoint "Cleanup", Time since last: 1000162200 ns, Reaching safepoint: 112500 ns, At safepoint: 4600 ns, Total: 117100 ns
[2020-09-28T09:49:28.401+0000][30964][safepoint    ] Safepoint "Cleanup", Time since last: 1000475300 ns, Reaching safepoint: 115500 ns, At safepoint: 7600 ns, Total: 123100 ns
[2020-09-28T09:49:30.402+0000][30964][safepoint    ] Safepoint "Cleanup", Time since last: 2000409100 ns, Reaching safepoint: 129500 ns, At safepoint: 5600 ns, Total: 135100 ns
[2020-09-28T09:49:31.402+0000][30964][safepoint    ] Safepoint "Cleanup", Time since last: 1000852900 ns, Reaching safepoint: 98100 ns, At safepoint: 3800 ns, Total: 101900 ns
[2020-09-28T09:49:32.403+0000][30964][safepoint    ] Safepoint "Cleanup", Time since last: 1000529800 ns, Reaching safepoint: 182000 ns, At safepoint: 8300 ns, Total: 190300 ns
[2020-09-28T09:49:33.404+0000][30964][safepoint    ] Safepoint "Cleanup", Time since last: 1000766900 ns, Reaching safepoint: 292200 ns, At safepoint: 5800 ns, Total: 298000 ns
[2020-09-28T09:49:34.495+0000][30964][safepoint    ] Safepoint "Cleanup", Time since last: 1090209100 ns, Reaching safepoint: 134900 ns, At safepoint: 9300 ns, Total: 144200 ns
[2020-09-28T09:49:35.495+0000][30964][safepoint    ] Safepoint "Cleanup", Time since last: 1000519500 ns, Reaching safepoint: 130700 ns, At safepoint: 10600 ns, Total: 141300 ns
[2020-09-28T09:49:36.496+0000][30964][safepoint    ] Safepoint "Cleanup", Time since last: 1000205200 ns, Reaching safepoint: 147700 ns, At safepoint: 7900 ns, Total: 155600 ns
[2020-09-28T09:49:38.497+0000][30964][safepoint    ] Safepoint "Cleanup", Time since last: 2000840700 ns, Reaching safepoint: 111600 ns, At safepoint: 22100 ns, Total: 133700 ns
[2020-09-28T09:49:39.497+0000][30964][safepoint    ] Safepoint "Cleanup", Time since last: 1000335500 ns, Reaching safepoint: 119200 ns, At safepoint: 5300 ns, Total: 124500 ns
[2020-09-28T09:49:40.498+0000][30964][safepoint    ] Safepoint "Cleanup", Time since last: 1000528000 ns, Reaching safepoint: 107000 ns, At safepoint: 2600 ns, Total: 109600 ns
[2020-09-28T09:49:41.498+0000][30964][safepoint    ] Safepoint "Cleanup", Time since last: 1000435800 ns, Reaching safepoint: 120700 ns, At safepoint: 5500 ns, Total: 126200 ns
[2020-09-28T09:49:42.499+0000][30964][safepoint    ] Safepoint "Cleanup", Time since last: 1000234700 ns, Reaching safepoint: 109900 ns, At safepoint: 5500 ns, Total: 115400 ns
[2020-09-28T09:49:43.499+0000][30964][safepoint    ] Safepoint "Cleanup", Time since last: 1000502100 ns, Reaching safepoint: 141900 ns, At safepoint: 5600 ns, Total: 147500 ns
[2020-09-28T09:49:44.500+0000][30964][safepoint    ] Safepoint "Cleanup", Time since last: 1000874900 ns, Reaching safepoint: 133800 ns, At safepoint: 5400 ns, Total: 139200 ns
[2020-09-28T09:49:45.501+0000][30964][safepoint    ] Safepoint "Cleanup", Time since last: 1000636000 ns, Reaching safepoint: 159100 ns, At safepoint: 5500 ns, Total: 164600 ns
[2020-09-28T09:49:46.502+0000][30964][safepoint    ] Safepoint "Cleanup", Time since last: 1000354800 ns, Reaching safepoint: 101300 ns, At safepoint: 6500 ns, Total: 107800 ns
[2020-09-28T09:49:47.502+0000][30964][safepoint    ] Safepoint "Cleanup", Time since last: 1000826700 ns, Reaching safepoint: 151800 ns, At safepoint: 7600 ns, Total: 159400 ns
[2020-09-28T09:49:48.503+0000][30964][safepoint    ] Safepoint "Cleanup", Time since last: 1000435100 ns, Reaching safepoint: 120700 ns, At safepoint: 7700 ns, Total: 128400 ns
[2020-09-28T09:49:49.504+0000][30964][safepoint    ] Safepoint "Cleanup", Time since last: 1000822700 ns, Reaching safepoint: 143600 ns, At safepoint: 6800 ns, Total: 150400 ns
[2020-09-28T09:49:51.505+0000][30964][safepoint    ] Safepoint "Cleanup", Time since last: 2000434000 ns, Reaching safepoint: 148800 ns, At safepoint: 5600 ns, Total: 154400 ns
[2020-09-28T09:49:52.505+0000][30964][safepoint    ] Safepoint "Cleanup", Time since last: 1000040800 ns, Reaching safepoint: 152700 ns, At safepoint: 3100 ns, Total: 155800 ns
[2020-09-28T09:49:53.505+0000][30964][safepoint    ] Safepoint "Cleanup", Time since last: 1000042100 ns, Reaching safepoint: 134500 ns, At safepoint: 6100 ns, Total: 140600 ns
[2020-09-28T09:49:54.506+0000][30964][safepoint    ] Safepoint "Cleanup", Time since last: 1000501000 ns, Reaching safepoint: 203700 ns, At safepoint: 5400 ns, Total: 209100 ns
[2020-09-28T09:49:56.507+0000][30964][safepoint    ] Safepoint "Cleanup", Time since last: 2000786600 ns, Reaching safepoint: 94200 ns, At safepoint: 2900 ns, Total: 97100 ns
[2020-09-28T09:49:57.508+0000][30964][safepoint    ] Safepoint "Cleanup", Time since last: 1000817800 ns, Reaching safepoint: 152900 ns, At safepoint: 6500 ns, Total: 159400 ns
[2020-09-28T09:49:58.508+0000][30964][safepoint    ] Safepoint "Cleanup", Time since last: 1000556900 ns, Reaching safepoint: 124400 ns, At safepoint: 7500 ns, Total: 131900 ns
[2020-09-28T09:49:59.509+0000][30964][safepoint    ] Safepoint "Cleanup", Time since last: 1000265400 ns, Reaching safepoint: 110300 ns, At safepoint: 6200 ns, Total: 116500 ns
[2020-09-28T09:50:00.509+0000][30964][safepoint    ] Safepoint "Cleanup", Time since last: 1000441200 ns, Reaching safepoint: 151300 ns, At safepoint: 5300 ns, Total: 156600 ns
[2020-09-28T09:50:01.510+0000][30964][safepoint    ] Safepoint "Cleanup", Time since last: 1000189700 ns, Reaching safepoint: 185000 ns, At safepoint: 6100 ns, Total: 191100 ns
[2020-09-28T09:50:02.510+0000][30964][safepoint    ] Safepoint "Cleanup", Time since last: 1000544500 ns, Reaching safepoint: 150900 ns, At safepoint: 6000 ns, Total: 156900 ns
[2020-09-28T09:50:03.511+0000][30964][safepoint    ] Safepoint "Cleanup", Time since last: 1000553700 ns, Reaching safepoint: 135400 ns, At safepoint: 5400 ns, Total: 140800 ns
[2020-09-28T09:50:04.512+0000][30964][safepoint    ] Safepoint "Cleanup", Time since last: 1000848100 ns, Reaching safepoint: 129300 ns, At safepoint: 4300 ns, Total: 133600 ns
[2020-09-28T09:50:05.512+0000][30964][safepoint    ] Safepoint "Cleanup", Time since last: 1000311400 ns, Reaching safepoint: 125300 ns, At safepoint: 5700 ns, Total: 131000 ns
[2020-09-28T09:50:06.513+0000][30964][safepoint    ] Safepoint "Cleanup", Time since last: 1000453100 ns, Reaching safepoint: 171500 ns, At safepoint: 5500 ns, Total: 177000 ns
[2020-09-28T09:50:07.514+0000][30964][safepoint    ] Safepoint "Cleanup", Time since last: 1000419500 ns, Reaching safepoint: 186500 ns, At safepoint: 6200 ns, Total: 192700 ns
[2020-09-28T09:50:08.514+0000][30964][safepoint    ] Safepoint "Cleanup", Time since last: 1000518500 ns, Reaching safepoint: 150000 ns, At safepoint: 5800 ns, Total: 155800 ns
[2020-09-28T09:50:09.515+0000][30964][safepoint    ] Safepoint "Cleanup", Time since last: 1000580100 ns, Reaching safepoint: 96100 ns, At safepoint: 6500 ns, Total: 102600 ns
[2020-09-28T09:50:10.515+0000][30964][safepoint    ] Safepoint "Cleanup", Time since last: 1000133300 ns, Reaching safepoint: 115100 ns, At safepoint: 5900 ns, Total: 121000 ns
[2020-09-28T09:50:11.516+0000][30964][safepoint    ] Safepoint "Cleanup", Time since last: 1000459700 ns, Reaching safepoint: 174300 ns, At safepoint: 20700 ns, Total: 195000 ns
[2020-09-28T09:50:12.516+0000][30964][safepoint    ] Safepoint "Cleanup", Time since last: 1000272300 ns, Reaching safepoint: 202400 ns, At safepoint: 10800 ns, Total: 213200 ns
[2020-09-28T09:50:14.517+0000][30964][safepoint    ] Safepoint "Cleanup", Time since last: 2000944700 ns, Reaching safepoint: 126000 ns, At safepoint: 4800 ns, Total: 130800 ns
[2020-09-28T09:50:15.518+0000][30964][safepoint    ] Safepoint "Cleanup", Time since last: 1000838900 ns, Reaching safepoint: 149800 ns, At safepoint: 5600 ns, Total: 155400 ns
[2020-09-28T09:50:17.519+0000][30964][safepoint    ] Safepoint "Cleanup", Time since last: 2000146200 ns, Reaching safepoint: 102100 ns, At safepoint: 6800 ns, Total: 108900 ns
[2020-09-28T09:50:18.519+0000][30964][safepoint    ] Safepoint "Cleanup", Time since last: 1000639200 ns, Reaching safepoint: 103900 ns, At safepoint: 5600 ns, Total: 109500 ns
[2020-09-28T09:50:19.520+0000][30964][safepoint    ] Safepoint "Cleanup", Time since last: 1000146800 ns, Reaching safepoint: 104700 ns, At safepoint: 9600 ns, Total: 114300 ns
[2020-09-28T09:50:20.521+0000][30964][safepoint    ] Safepoint "Cleanup", Time since last: 1000716800 ns, Reaching safepoint: 128400 ns, At safepoint: 7000 ns, Total: 135400 ns
[2020-09-28T09:50:21.521+0000][30964][safepoint    ] Safepoint "Cleanup", Time since last: 1000698200 ns, Reaching safepoint: 135300 ns, At safepoint: 30800 ns, Total: 166100 ns
[2020-09-28T09:50:22.522+0000][30964][safepoint    ] Safepoint "Cleanup", Time since last: 1000851500 ns, Reaching safepoint: 148100 ns, At safepoint: 21200 ns, Total: 169300 ns
[2020-09-28T09:50:23.523+0000][30964][safepoint    ] Safepoint "Cleanup", Time since last: 1000227800 ns, Reaching safepoint: 96300 ns, At safepoint: 6000 ns, Total: 102300 ns
[2020-09-28T09:50:24.523+0000][30964][safepoint    ] Safepoint "Cleanup", Time since last: 1000517500 ns, Reaching safepoint: 125400 ns, At safepoint: 5700 ns, Total: 131100 ns
[2020-09-28T09:50:25.524+0000][30964][safepoint    ] Safepoint "Cleanup", Time since last: 1000394600 ns, Reaching safepoint: 98000 ns, At safepoint: 6200 ns, Total: 104200 ns
[2020-09-28T09:50:27.525+0000][30964][safepoint    ] Safepoint "Cleanup", Time since last: 2000568000 ns, Reaching safepoint: 173400 ns, At safepoint: 10800 ns, Total: 184200 ns
[2020-09-28T09:50:29.525+0000][30964][safepoint    ] Safepoint "Cleanup", Time since last: 2000099800 ns, Reaching safepoint: 88900 ns, At safepoint: 6300 ns, Total: 95200 ns
[2020-09-28T09:50:30.526+0000][30964][safepoint    ] Safepoint "Cleanup", Time since last: 1000806600 ns, Reaching safepoint: 137200 ns, At safepoint: 5700 ns, Total: 142900 ns
[2020-09-28T09:50:31.527+0000][30964][safepoint    ] Safepoint "Cleanup", Time since last: 1000747600 ns, Reaching safepoint: 92100 ns, At safepoint: 3800 ns, Total: 95900 ns
[2020-09-28T09:50:32.527+0000][30964][safepoint    ] Safepoint "Cleanup", Time since last: 1000160500 ns, Reaching safepoint: 117600 ns, At safepoint: 6300 ns, Total: 123900 ns
[2020-09-28T09:50:33.528+0000][30964][safepoint    ] Safepoint "Cleanup", Time since last: 1000762400 ns, Reaching safepoint: 139100 ns, At safepoint: 7200 ns, Total: 146300 ns
[2020-09-28T09:50:34.529+0000][30964][safepoint    ] Safepoint "Cleanup", Time since last: 1000650300 ns, Reaching safepoint: 171100 ns, At safepoint: 20700 ns, Total: 191800 ns
[2020-09-28T09:50:35.529+0000][30964][safepoint    ] Safepoint "Cleanup", Time since last: 1000568700 ns, Reaching safepoint: 156200 ns, At safepoint: 4800 ns, Total: 161000 ns
[2020-09-28T09:50:36.530+0000][30964][safepoint    ] Safepoint "Cleanup", Time since last: 1000369900 ns, Reaching safepoint: 144100 ns, At safepoint: 7100 ns, Total: 151200 ns
[2020-09-28T09:50:38.531+0000][30964][safepoint    ] Safepoint "Cleanup", Time since last: 2000597400 ns, Reaching safepoint: 133300 ns, At safepoint: 5200 ns, Total: 138500 ns
[2020-09-28T09:50:40.531+0000][30964][safepoint    ] Safepoint "Cleanup", Time since last: 2000218700 ns, Reaching safepoint: 140600 ns, At safepoint: 7300 ns, Total: 147900 ns
[2020-09-28T09:50:41.532+0000][30964][safepoint    ] Safepoint "Cleanup", Time since last: 1000432500 ns, Reaching safepoint: 128900 ns, At safepoint: 13800 ns, Total: 142700 ns
[2020-09-28T09:50:43.532+0000][30964][safepoint    ] Safepoint "Cleanup", Time since last: 2000423200 ns, Reaching safepoint: 99600 ns, At safepoint: 3400 ns, Total: 103000 ns
[2020-09-28T09:50:44.533+0000][30964][safepoint    ] Safepoint "Cleanup", Time since last: 1000850500 ns, Reaching safepoint: 234400 ns, At safepoint: 9800 ns, Total: 244200 ns
[2020-09-28T09:50:45.533+0000][30964][safepoint    ] Safepoint "Cleanup", Time since last: 1000112500 ns, Reaching safepoint: 126200 ns, At safepoint: 13900 ns, Total: 140100 ns
[2020-09-28T09:50:46.535+0000][30964][safepoint    ] Safepoint "Cleanup", Time since last: 1000634600 ns, Reaching safepoint: 501800 ns, At safepoint: 47700 ns, Total: 549500 ns
[2020-09-28T09:50:47.536+0000][30964][safepoint    ] Safepoint "Cleanup", Time since last: 1000934500 ns, Reaching safepoint: 117100 ns, At safepoint: 6100 ns, Total: 123200 ns
[2020-09-28T09:50:48.536+0000][30964][safepoint    ] Safepoint "Cleanup", Time since last: 1000332300 ns, Reaching safepoint: 126100 ns, At safepoint: 5800 ns, Total: 131900 ns
[2020-09-28T09:50:49.537+0000][30964][safepoint    ] Safepoint "Cleanup", Time since last: 1000884200 ns, Reaching safepoint: 112400 ns, At safepoint: 10300 ns, Total: 122700 ns
[2020-09-28T09:50:50.538+0000][30964][safepoint    ] Safepoint "Cleanup", Time since last: 1000260900 ns, Reaching safepoint: 108100 ns, At safepoint: 7300 ns, Total: 115400 ns
[2020-09-28T09:50:51.538+0000][30964][safepoint    ] Safepoint "Cleanup", Time since last: 1000532900 ns, Reaching safepoint: 135400 ns, At safepoint: 5400 ns, Total: 140800 ns
[2020-09-28T09:50:52.538+0000][30964][safepoint    ] Safepoint "Cleanup", Time since last: 1000056700 ns, Reaching safepoint: 147800 ns, At safepoint: 20900 ns, Total: 168700 ns
[2020-09-28T09:50:53.539+0000][30964][safepoint    ] Safepoint "Cleanup", Time since last: 1000204900 ns, Reaching safepoint: 129000 ns, At safepoint: 9800 ns, Total: 138800 ns
[2020-09-28T09:50:55.540+0000][30964][safepoint    ] Safepoint "Cleanup", Time since last: 2000928100 ns, Reaching safepoint: 124600 ns, At safepoint: 5600 ns, Total: 130200 ns
[2020-09-28T09:50:57.540+0000][30964][safepoint    ] Safepoint "Cleanup", Time since last: 2000183900 ns, Reaching safepoint: 128700 ns, At safepoint: 5900 ns, Total: 134600 ns
[2020-09-28T09:50:59.541+0000][30964][safepoint    ] Safepoint "Cleanup", Time since last: 2000959000 ns, Reaching safepoint: 129600 ns, At safepoint: 5600 ns, Total: 135200 ns
[2020-09-28T09:51:00.541+0000][30964][safepoint    ] Safepoint "Cleanup", Time since last: 1000035600 ns, Reaching safepoint: 126700 ns, At safepoint: 5700 ns, Total: 132400 ns
[2020-09-28T09:51:01.542+0000][30964][safepoint    ] Safepoint "Cleanup", Time since last: 1000176600 ns, Reaching safepoint: 128900 ns, At safepoint: 6000 ns, Total: 134900 ns
[2020-09-28T09:51:03.542+0000][30964][safepoint    ] Safepoint "Cleanup", Time since last: 2000565100 ns, Reaching safepoint: 271500 ns, At safepoint: 8900 ns, Total: 280400 ns
[2020-09-28T09:51:04.543+0000][30964][safepoint    ] Safepoint "Cleanup", Time since last: 1000169000 ns, Reaching safepoint: 153400 ns, At safepoint: 8600 ns, Total: 162000 ns
[2020-09-28T09:51:05.543+0000][30964][safepoint    ] Safepoint "Cleanup", Time since last: 1000113500 ns, Reaching safepoint: 127800 ns, At safepoint: 7500 ns, Total: 135300 ns
[2020-09-28T09:51:06.543+0000][30964][safepoint    ] Safepoint "Cleanup", Time since last: 1000148700 ns, Reaching safepoint: 137600 ns, At safepoint: 5700 ns, Total: 143300 ns
[2020-09-28T09:51:07.544+0000][30964][safepoint    ] Safepoint "Cleanup", Time since last: 1000275600 ns, Reaching safepoint: 92300 ns, At safepoint: 3100 ns, Total: 95400 ns
[2020-09-28T09:51:08.545+0000][30964][safepoint    ] Safepoint "Cleanup", Time since last: 1000520900 ns, Reaching safepoint: 107000 ns, At safepoint: 6000 ns, Total: 113000 ns
[2020-09-28T09:51:09.546+0000][30964][safepoint    ] Safepoint "Cleanup", Time since last: 1000833300 ns, Reaching safepoint: 223700 ns, At safepoint: 8800 ns, Total: 232500 ns
[2020-09-28T09:51:10.546+0000][30964][safepoint    ] Safepoint "Cleanup", Time since last: 1000656800 ns, Reaching safepoint: 115000 ns, At safepoint: 7900 ns, Total: 122900 ns
[2020-09-28T09:51:12.402+0000][30964][safepoint    ] Safepoint "Cleanup", Time since last: 1855457300 ns, Reaching safepoint: 115800 ns, At safepoint: 6100 ns, Total: 121900 ns
[2020-09-28T09:51:13.402+0000][30964][safepoint    ] Safepoint "Cleanup", Time since last: 1000247000 ns, Reaching safepoint: 139900 ns, At safepoint: 8800 ns, Total: 148700 ns
[2020-09-28T09:51:15.404+0000][30964][safepoint    ] Safepoint "Cleanup", Time since last: 2000842900 ns, Reaching safepoint: 152600 ns, At safepoint: 12600 ns, Total: 165200 ns
[2020-09-28T09:51:16.404+0000][30964][safepoint    ] Safepoint "Cleanup", Time since last: 1000474200 ns, Reaching safepoint: 132800 ns, At safepoint: 6100 ns, Total: 138900 ns
[2020-09-28T09:51:17.405+0000][30964][safepoint    ] Safepoint "Cleanup", Time since last: 1000363100 ns, Reaching safepoint: 191700 ns, At safepoint: 7400 ns, Total: 199100 ns
[2020-09-28T09:51:18.405+0000][30964][safepoint    ] Safepoint "Cleanup", Time since last: 1000430000 ns, Reaching safepoint: 130700 ns, At safepoint: 3400 ns, Total: 134100 ns
[2020-09-28T09:51:19.406+0000][30964][safepoint    ] Safepoint "Cleanup", Time since last: 1000143500 ns, Reaching safepoint: 147800 ns, At safepoint: 10400 ns, Total: 158200 ns
[2020-09-28T09:51:20.406+0000][30964][safepoint    ] Safepoint "Cleanup", Time since last: 1000288300 ns, Reaching safepoint: 106300 ns, At safepoint: 6300 ns, Total: 112600 ns
[2020-09-28T09:51:21.407+0000][30964][safepoint    ] Safepoint "Cleanup", Time since last: 1000616000 ns, Reaching safepoint: 183700 ns, At safepoint: 9500 ns, Total: 193200 ns
[2020-09-28T09:51:22.407+0000][30964][safepoint    ] Safepoint "Cleanup", Time since last: 1000041500 ns, Reaching safepoint: 378000 ns, At safepoint: 21200 ns, Total: 399200 ns
[2020-09-28T09:51:24.408+0000][30964][safepoint    ] Safepoint "Cleanup", Time since last: 2000035800 ns, Reaching safepoint: 164900 ns, At safepoint: 7300 ns, Total: 172200 ns
[2020-09-28T09:51:25.409+0000][30964][safepoint    ] Safepoint "Cleanup", Time since last: 1000721500 ns, Reaching safepoint: 723600 ns, At safepoint: 66400 ns, Total: 790000 ns
[2020-09-28T09:51:26.410+0000][30964][safepoint    ] Safepoint "Cleanup", Time since last: 1000169400 ns, Reaching safepoint: 153100 ns, At safepoint: 9000 ns, Total: 162100 ns
[2020-09-28T09:51:27.410+0000][30964][safepoint    ] Safepoint "Cleanup", Time since last: 1000261000 ns, Reaching safepoint: 142300 ns, At safepoint: 16500 ns, Total: 158800 ns
[2020-09-28T09:51:28.411+0000][30964][safepoint    ] Safepoint "Cleanup", Time since last: 1000563900 ns, Reaching safepoint: 126300 ns, At safepoint: 7400 ns, Total: 133700 ns
[2020-09-28T09:51:29.412+0000][30964][safepoint    ] Safepoint "Cleanup", Time since last: 1000796300 ns, Reaching safepoint: 165900 ns, At safepoint: 7800 ns, Total: 173700 ns
[2020-09-28T09:51:31.412+0000][30964][safepoint    ] Safepoint "Cleanup", Time since last: 1999908200 ns, Reaching safepoint: 175400 ns, At safepoint: 6500 ns, Total: 181900 ns
[2020-09-28T09:51:32.610+0000][30964][safepoint    ] Safepoint "Cleanup", Time since last: 1198056900 ns, Reaching safepoint: 127700 ns, At safepoint: 8100 ns, Total: 135800 ns
[2020-09-28T09:51:33.611+0000][30964][safepoint    ] Safepoint "Cleanup", Time since last: 1000501500 ns, Reaching safepoint: 99900 ns, At safepoint: 7400 ns, Total: 107300 ns
[2020-09-28T09:51:34.611+0000][30964][safepoint    ] Safepoint "Cleanup", Time since last: 1000282200 ns, Reaching safepoint: 143500 ns, At safepoint: 21300 ns, Total: 164800 ns
[2020-09-28T09:51:36.612+0000][30964][safepoint    ] Safepoint "Cleanup", Time since last: 2000833900 ns, Reaching safepoint: 316700 ns, At safepoint: 11300 ns, Total: 328000 ns
[2020-09-28T09:51:37.613+0000][30964][safepoint    ] Safepoint "Cleanup", Time since last: 1000634500 ns, Reaching safepoint: 265700 ns, At safepoint: 28200 ns, Total: 293900 ns
[2020-09-28T09:51:38.614+0000][30964][safepoint    ] Safepoint "Cleanup", Time since last: 1000644900 ns, Reaching safepoint: 191100 ns, At safepoint: 55000 ns, Total: 246100 ns
[2020-09-28T09:51:39.615+0000][30964][safepoint    ] Safepoint "Cleanup", Time since last: 1000199200 ns, Reaching safepoint: 102300 ns, At safepoint: 66100 ns, Total: 168400 ns
[2020-09-28T09:51:40.615+0000][30964][safepoint    ] Safepoint "Cleanup", Time since last: 1000319200 ns, Reaching safepoint: 121500 ns, At safepoint: 20700 ns, Total: 142200 ns
[2020-09-28T09:51:41.616+0000][30964][safepoint    ] Safepoint "Cleanup", Time since last: 1000400800 ns, Reaching safepoint: 125800 ns, At safepoint: 21700 ns, Total: 147500 ns
[2020-09-28T09:51:42.616+0000][30964][safepoint    ] Safepoint "Cleanup", Time since last: 1000393900 ns, Reaching safepoint: 167500 ns, At safepoint: 62000 ns, Total: 229500 ns
[2020-09-28T09:51:43.617+0000][30964][safepoint    ] Safepoint "Cleanup", Time since last: 1000234000 ns, Reaching safepoint: 133200 ns, At safepoint: 20100 ns, Total: 153300 ns
[2020-09-28T09:51:44.618+0000][30964][safepoint    ] Safepoint "Cleanup", Time since last: 1000563500 ns, Reaching safepoint: 121300 ns, At safepoint: 46700 ns, Total: 168000 ns
[2020-09-28T09:51:45.618+0000][30964][safepoint    ] Safepoint "Cleanup", Time since last: 1000586100 ns, Reaching safepoint: 126700 ns, At safepoint: 19800 ns, Total: 146500 ns
[2020-09-28T09:51:46.619+0000][30964][safepoint    ] Safepoint "Cleanup", Time since last: 1000056700 ns, Reaching safepoint: 86000 ns, At safepoint: 17100 ns, Total: 103100 ns
[2020-09-28T09:51:47.619+0000][30964][safepoint    ] Safepoint "Cleanup", Time since last: 1000231400 ns, Reaching safepoint: 116700 ns, At safepoint: 56000 ns, Total: 172700 ns
[2020-09-28T09:51:48.619+0000][30964][safepoint    ] Safepoint "Cleanup", Time since last: 1000259100 ns, Reaching safepoint: 112900 ns, At safepoint: 16200 ns, Total: 129100 ns
[2020-09-28T09:51:49.620+0000][30964][safepoint    ] Safepoint "Cleanup", Time since last: 1000039400 ns, Reaching safepoint: 97200 ns, At safepoint: 6200 ns, Total: 103400 ns
[2020-09-28T09:51:51.620+0000][30964][safepoint    ] Safepoint "Cleanup", Time since last: 1999985300 ns, Reaching safepoint: 143700 ns, At safepoint: 6200 ns, Total: 149900 ns
[2020-09-28T09:51:52.620+0000][30964][safepoint    ] Safepoint "Cleanup", Time since last: 1000272500 ns, Reaching safepoint: 260100 ns, At safepoint: 10100 ns, Total: 270200 ns
[2020-09-28T09:51:53.621+0000][30964][safepoint    ] Safepoint "Cleanup", Time since last: 1000211500 ns, Reaching safepoint: 144000 ns, At safepoint: 6100 ns, Total: 150100 ns
[2020-09-28T09:51:55.621+0000][30964][safepoint    ] Safepoint "Cleanup", Time since last: 2000157100 ns, Reaching safepoint: 402200 ns, At safepoint: 33600 ns, Total: 435800 ns
[2020-09-28T09:51:56.622+0000][30964][safepoint    ] Safepoint "Cleanup", Time since last: 1000134900 ns, Reaching safepoint: 113600 ns, At safepoint: 3800 ns, Total: 117400 ns
[2020-09-28T09:51:58.623+0000][30964][safepoint    ] Safepoint "Cleanup", Time since last: 2000735500 ns, Reaching safepoint: 131600 ns, At safepoint: 6900 ns, Total: 138500 ns
[2020-09-28T09:51:59.624+0000][30964][safepoint    ] Safepoint "Cleanup", Time since last: 1000825100 ns, Reaching safepoint: 132100 ns, At safepoint: 5600 ns, Total: 137700 ns
[2020-09-28T09:52:01.624+0000][30964][safepoint    ] Safepoint "Cleanup", Time since last: 2000523600 ns, Reaching safepoint: 128800 ns, At safepoint: 9100 ns, Total: 137900 ns
[2020-09-28T09:52:02.625+0000][30964][safepoint    ] Safepoint "Cleanup", Time since last: 1000316700 ns, Reaching safepoint: 124600 ns, At safepoint: 5800 ns, Total: 130400 ns
[2020-09-28T09:52:03.625+0000][30964][safepoint    ] Safepoint "Cleanup", Time since last: 1000372900 ns, Reaching safepoint: 106800 ns, At safepoint: 3800 ns, Total: 110600 ns
[2020-09-28T09:52:04.626+0000][30964][safepoint    ] Safepoint "Cleanup", Time since last: 1000542300 ns, Reaching safepoint: 129400 ns, At safepoint: 20600 ns, Total: 150000 ns
[2020-09-28T09:52:05.627+0000][30964][safepoint    ] Safepoint "Cleanup", Time since last: 1000287600 ns, Reaching safepoint: 153800 ns, At safepoint: 7900 ns, Total: 161700 ns
[2020-09-28T09:52:06.627+0000][30964][safepoint    ] Safepoint "Cleanup", Time since last: 1000345200 ns, Reaching safepoint: 148300 ns, At safepoint: 5700 ns, Total: 154000 ns
[2020-09-28T09:52:08.628+0000][30964][safepoint    ] Safepoint "Cleanup", Time since last: 2000679900 ns, Reaching safepoint: 134900 ns, At safepoint: 7700 ns, Total: 142600 ns
[2020-09-28T09:52:09.628+0000][30964][safepoint    ] Safepoint "Cleanup", Time since last: 1000091200 ns, Reaching safepoint: 136800 ns, At safepoint: 5400 ns, Total: 142200 ns
[2020-09-28T09:52:10.629+0000][30964][safepoint    ] Safepoint "Cleanup", Time since last: 1000563200 ns, Reaching safepoint: 115100 ns, At safepoint: 7000 ns, Total: 122100 ns
[2020-09-28T09:52:11.629+0000][30964][safepoint    ] Safepoint "Cleanup", Time since last: 1000091800 ns, Reaching safepoint: 121000 ns, At safepoint: 6200 ns, Total: 127200 ns
[2020-09-28T09:52:13.630+0000][30964][safepoint    ] Safepoint "Cleanup", Time since last: 2000617000 ns, Reaching safepoint: 125500 ns, At safepoint: 4000 ns, Total: 129500 ns
[2020-09-28T09:52:15.630+0000][30964][safepoint    ] Safepoint "Cleanup", Time since last: 2000076700 ns, Reaching safepoint: 108700 ns, At safepoint: 6600 ns, Total: 115300 ns
[2020-09-28T09:52:17.631+0000][30964][safepoint    ] Safepoint "Cleanup", Time since last: 2000789500 ns, Reaching safepoint: 154900 ns, At safepoint: 5200 ns, Total: 160100 ns
[2020-09-28T09:52:18.632+0000][30964][safepoint    ] Safepoint "Cleanup", Time since last: 1000160200 ns, Reaching safepoint: 130700 ns, At safepoint: 7100 ns, Total: 137800 ns
[2020-09-28T09:52:19.632+0000][30964][safepoint    ] Safepoint "Cleanup", Time since last: 1000739700 ns, Reaching safepoint: 130800 ns, At safepoint: 6700 ns, Total: 137500 ns
[2020-09-28T09:52:20.633+0000][30964][safepoint    ] Safepoint "Cleanup", Time since last: 1000209900 ns, Reaching safepoint: 110300 ns, At safepoint: 5400 ns, Total: 115700 ns
[2020-09-28T09:52:21.634+0000][30964][safepoint    ] Safepoint "Cleanup", Time since last: 1000829300 ns, Reaching safepoint: 131600 ns, At safepoint: 10000 ns, Total: 141600 ns
[2020-09-28T09:52:22.634+0000][30964][safepoint    ] Safepoint "Cleanup", Time since last: 1000435400 ns, Reaching safepoint: 231100 ns, At safepoint: 9000 ns, Total: 240100 ns
[2020-09-28T09:52:24.635+0000][30964][safepoint    ] Safepoint "Cleanup", Time since last: 2000676700 ns, Reaching safepoint: 115700 ns, At safepoint: 7800 ns, Total: 123500 ns
[2020-09-28T09:52:25.636+0000][30964][safepoint    ] Safepoint "Cleanup", Time since last: 1000786300 ns, Reaching safepoint: 120400 ns, At safepoint: 7300 ns, Total: 127700 ns
[2020-09-28T09:52:26.637+0000][30964][safepoint    ] Safepoint "Cleanup", Time since last: 1000076900 ns, Reaching safepoint: 158500 ns, At safepoint: 6800 ns, Total: 165300 ns
[2020-09-28T09:52:27.637+0000][30964][safepoint    ] Safepoint "Cleanup", Time since last: 1000264200 ns, Reaching safepoint: 149400 ns, At safepoint: 6100 ns, Total: 155500 ns
[2020-09-28T09:52:28.637+0000][30964][safepoint    ] Safepoint "Cleanup", Time since last: 1000159600 ns, Reaching safepoint: 147300 ns, At safepoint: 8900 ns, Total: 156200 ns
[2020-09-28T09:52:29.638+0000][30964][safepoint    ] Safepoint "Cleanup", Time since last: 1000674200 ns, Reaching safepoint: 144500 ns, At safepoint: 7000 ns, Total: 151500 ns
[2020-09-28T09:52:30.639+0000][30964][safepoint    ] Safepoint "Cleanup", Time since last: 1000136200 ns, Reaching safepoint: 133700 ns, At safepoint: 7400 ns, Total: 141100 ns
[2020-09-28T09:52:31.639+0000][30964][safepoint    ] Safepoint "Cleanup", Time since last: 1000390000 ns, Reaching safepoint: 157900 ns, At safepoint: 6500 ns, Total: 164400 ns
[2020-09-28T09:52:32.639+0000][30964][safepoint    ] Safepoint "Cleanup", Time since last: 1000032800 ns, Reaching safepoint: 122200 ns, At safepoint: 6600 ns, Total: 128800 ns
[2020-09-28T09:52:33.640+0000][30964][safepoint    ] Safepoint "Cleanup", Time since last: 1000830800 ns, Reaching safepoint: 143000 ns, At safepoint: 5500 ns, Total: 148500 ns
[2020-09-28T09:52:35.641+0000][30964][safepoint    ] Safepoint "Cleanup", Time since last: 2000146900 ns, Reaching safepoint: 176000 ns, At safepoint: 5600 ns, Total: 181600 ns
[2020-09-28T09:52:36.641+0000][30964][safepoint    ] Safepoint "Cleanup", Time since last: 1000385000 ns, Reaching safepoint: 103300 ns, At safepoint: 5700 ns, Total: 109000 ns
[2020-09-28T09:52:37.642+0000][30964][safepoint    ] Safepoint "Cleanup", Time since last: 1000533700 ns, Reaching safepoint: 128100 ns, At safepoint: 6300 ns, Total: 134400 ns
[2020-09-28T09:52:38.643+0000][30964][safepoint    ] Safepoint "Cleanup", Time since last: 1000522800 ns, Reaching safepoint: 157900 ns, At safepoint: 6200 ns, Total: 164100 ns
[2020-09-28T09:52:40.643+0000][30964][safepoint    ] Safepoint "Cleanup", Time since last: 1999925600 ns, Reaching safepoint: 135100 ns, At safepoint: 8900 ns, Total: 144000 ns
[2020-09-28T09:52:41.643+0000][30964][safepoint    ] Safepoint "Cleanup", Time since last: 1000239700 ns, Reaching safepoint: 146600 ns, At safepoint: 5500 ns, Total: 152100 ns
[2020-09-28T09:52:42.644+0000][30964][safepoint    ] Safepoint "Cleanup", Time since last: 1000734700 ns, Reaching safepoint: 106300 ns, At safepoint: 5400 ns, Total: 111700 ns
[2020-09-28T09:52:44.645+0000][30964][safepoint    ] Safepoint "Cleanup", Time since last: 2000760700 ns, Reaching safepoint: 130600 ns, At safepoint: 5900 ns, Total: 136500 ns
[2020-09-28T09:52:45.645+0000][30964][safepoint    ] Safepoint "Cleanup", Time since last: 1000167100 ns, Reaching safepoint: 164200 ns, At safepoint: 5700 ns, Total: 169900 ns
[2020-09-28T09:52:47.646+0000][30964][safepoint    ] Safepoint "Cleanup", Time since last: 2000440200 ns, Reaching safepoint: 130600 ns, At safepoint: 7300 ns, Total: 137900 ns
[2020-09-28T09:52:48.646+0000][30964][safepoint    ] Safepoint "Cleanup", Time since last: 1000109500 ns, Reaching safepoint: 113600 ns, At safepoint: 7100 ns, Total: 120700 ns
[2020-09-28T09:52:49.647+0000][30964][safepoint    ] Safepoint "Cleanup", Time since last: 1000669100 ns, Reaching safepoint: 124600 ns, At safepoint: 5700 ns, Total: 130300 ns
[2020-09-28T09:52:50.647+0000][30964][safepoint    ] Safepoint "Cleanup", Time since last: 1000116600 ns, Reaching safepoint: 206600 ns, At safepoint: 8400 ns, Total: 215000 ns
[2020-09-28T09:52:51.648+0000][30964][safepoint    ] Safepoint "Cleanup", Time since last: 1000621100 ns, Reaching safepoint: 128900 ns, At safepoint: 6700 ns, Total: 135600 ns
[2020-09-28T09:52:52.649+0000][30964][safepoint    ] Safepoint "Cleanup", Time since last: 1000169800 ns, Reaching safepoint: 173600 ns, At safepoint: 7500 ns, Total: 181100 ns
[2020-09-28T09:52:53.649+0000][30964][safepoint    ] Safepoint "Cleanup", Time since last: 1000359900 ns, Reaching safepoint: 104900 ns, At safepoint: 6200 ns, Total: 111100 ns
[2020-09-28T09:52:54.650+0000][30964][safepoint    ] Safepoint "Cleanup", Time since last: 1000407500 ns, Reaching safepoint: 115400 ns, At safepoint: 5800 ns, Total: 121200 ns
[2020-09-28T09:52:55.650+0000][30964][safepoint    ] Safepoint "Cleanup", Time since last: 1000289800 ns, Reaching safepoint: 135100 ns, At safepoint: 6500 ns, Total: 141600 ns
[2020-09-28T09:52:56.651+0000][30964][safepoint    ] Safepoint "Cleanup", Time since last: 1000560000 ns, Reaching safepoint: 155800 ns, At safepoint: 5200 ns, Total: 161000 ns
[2020-09-28T09:52:57.651+0000][30964][safepoint    ] Safepoint "Cleanup", Time since last: 1000227800 ns, Reaching safepoint: 136000 ns, At safepoint: 4100 ns, Total: 140100 ns
[2020-09-28T09:52:58.652+0000][30964][safepoint    ] Safepoint "Cleanup", Time since last: 1000599500 ns, Reaching safepoint: 94600 ns, At safepoint: 3900 ns, Total: 98500 ns
[2020-09-28T09:52:59.652+0000][30964][safepoint    ] Safepoint "Cleanup", Time since last: 1000024100 ns, Reaching safepoint: 108800 ns, At safepoint: 7000 ns, Total: 115800 ns
[2020-09-28T09:53:00.653+0000][30964][safepoint    ] Safepoint "Cleanup", Time since last: 1000262300 ns, Reaching safepoint: 110500 ns, At safepoint: 6200 ns, Total: 116700 ns
[2020-09-28T09:53:01.654+0000][30964][safepoint    ] Safepoint "Cleanup", Time since last: 1000737000 ns, Reaching safepoint: 117100 ns, At safepoint: 8500 ns, Total: 125600 ns
[2020-09-28T09:53:02.655+0000][30964][safepoint    ] Safepoint "Cleanup", Time since last: 1000810100 ns, Reaching safepoint: 136400 ns, At safepoint: 17300 ns, Total: 153700 ns
[2020-09-28T09:53:03.655+0000][30964][safepoint    ] Safepoint "Cleanup", Time since last: 1000509500 ns, Reaching safepoint: 159500 ns, At safepoint: 11200 ns, Total: 170700 ns
[2020-09-28T09:53:04.656+0000][30964][safepoint    ] Safepoint "Cleanup", Time since last: 1000534400 ns, Reaching safepoint: 145600 ns, At safepoint: 7700 ns, Total: 153300 ns
[2020-09-28T09:53:06.656+0000][30964][safepoint    ] Safepoint "Cleanup", Time since last: 2000198000 ns, Reaching safepoint: 145800 ns, At safepoint: 8000 ns, Total: 153800 ns
[2020-09-28T09:53:07.657+0000][30964][safepoint    ] Safepoint "Cleanup", Time since last: 1000324400 ns, Reaching safepoint: 114900 ns, At safepoint: 2700 ns, Total: 117600 ns
[2020-09-28T09:53:08.657+0000][30964][safepoint    ] Safepoint "Cleanup", Time since last: 1000421200 ns, Reaching safepoint: 96900 ns, At safepoint: 2800 ns, Total: 99700 ns
[2020-09-28T09:53:09.658+0000][30964][safepoint    ] Safepoint "Cleanup", Time since last: 1000497900 ns, Reaching safepoint: 112500 ns, At safepoint: 5600 ns, Total: 118100 ns
[2020-09-28T09:53:10.658+0000][30964][safepoint    ] Safepoint "Cleanup", Time since last: 1000246100 ns, Reaching safepoint: 132000 ns, At safepoint: 5200 ns, Total: 137200 ns
[2020-09-28T09:53:12.414+0000][30964][safepoint    ] Safepoint "Cleanup", Time since last: 1755344300 ns, Reaching safepoint: 113800 ns, At safepoint: 7200 ns, Total: 121000 ns
[2020-09-28T09:53:13.415+0000][30964][safepoint    ] Safepoint "Cleanup", Time since last: 1000565900 ns, Reaching safepoint: 138800 ns, At safepoint: 7400 ns, Total: 146200 ns
[2020-09-28T09:53:14.416+0000][30964][safepoint    ] Safepoint "Cleanup", Time since last: 1001884100 ns, Reaching safepoint: 141400 ns, At safepoint: 14400 ns, Total: 155800 ns
[2020-09-28T09:53:15.417+0000][30964][safepoint    ] Safepoint "Cleanup", Time since last: 1000325000 ns, Reaching safepoint: 175600 ns, At safepoint: 5400 ns, Total: 181000 ns
[2020-09-28T09:53:16.418+0000][30964][safepoint    ] Safepoint "Cleanup", Time since last: 1000144000 ns, Reaching safepoint: 162900 ns, At safepoint: 9300 ns, Total: 172200 ns
[2020-09-28T09:53:18.418+0000][30964][safepoint    ] Safepoint "Cleanup", Time since last: 1999883700 ns, Reaching safepoint: 133100 ns, At safepoint: 5400 ns, Total: 138500 ns
[2020-09-28T09:53:19.418+0000][30964][safepoint    ] Safepoint "Cleanup", Time since last: 1000291400 ns, Reaching safepoint: 117000 ns, At safepoint: 8800 ns, Total: 125800 ns
[2020-09-28T09:53:20.419+0000][30964][safepoint    ] Safepoint "Cleanup", Time since last: 1000869600 ns, Reaching safepoint: 105900 ns, At safepoint: 3400 ns, Total: 109300 ns
[2020-09-28T09:53:21.420+0000][30964][safepoint    ] Safepoint "Cleanup", Time since last: 1000708400 ns, Reaching safepoint: 163000 ns, At safepoint: 5300 ns, Total: 168300 ns
[2020-09-28T09:53:22.420+0000][30964][safepoint    ] Safepoint "Cleanup", Time since last: 1000107400 ns, Reaching safepoint: 120200 ns, At safepoint: 7400 ns, Total: 127600 ns
[2020-09-28T09:53:23.422+0000][30964][safepoint    ] Safepoint "Cleanup", Time since last: 1001245800 ns, Reaching safepoint: 146700 ns, At safepoint: 22700 ns, Total: 169400 ns
[2020-09-28T09:53:24.422+0000][30964][safepoint    ] Safepoint "Cleanup", Time since last: 1000407700 ns, Reaching safepoint: 122300 ns, At safepoint: 5500 ns, Total: 127800 ns
[2020-09-28T09:53:25.423+0000][30964][safepoint    ] Safepoint "Cleanup", Time since last: 1000781900 ns, Reaching safepoint: 132500 ns, At safepoint: 19600 ns, Total: 152100 ns
[2020-09-28T09:53:26.424+0000][30964][safepoint    ] Safepoint "Cleanup", Time since last: 1000110400 ns, Reaching safepoint: 113200 ns, At safepoint: 2400 ns, Total: 115600 ns
[2020-09-28T09:53:27.425+0000][30964][safepoint    ] Safepoint "Cleanup", Time since last: 1000803600 ns, Reaching safepoint: 110400 ns, At safepoint: 4900 ns, Total: 115300 ns
[2020-09-28T09:53:28.425+0000][30964][safepoint    ] Safepoint "Cleanup", Time since last: 1000016900 ns, Reaching safepoint: 135100 ns, At safepoint: 6700 ns, Total: 141800 ns
[2020-09-28T09:53:29.425+0000][30964][safepoint    ] Safepoint "Cleanup", Time since last: 1000412700 ns, Reaching safepoint: 143200 ns, At safepoint: 6000 ns, Total: 149200 ns
[2020-09-28T09:53:30.426+0000][30964][safepoint    ] Safepoint "Cleanup", Time since last: 1000410900 ns, Reaching safepoint: 185500 ns, At safepoint: 7000 ns, Total: 192500 ns
[2020-09-28T09:53:31.427+0000][30964][safepoint    ] Safepoint "Cleanup", Time since last: 1000669300 ns, Reaching safepoint: 122700 ns, At safepoint: 5700 ns, Total: 128400 ns
[2020-09-28T09:53:32.428+0000][30964][safepoint    ] Safepoint "Cleanup", Time since last: 1000698100 ns, Reaching safepoint: 136400 ns, At safepoint: 8500 ns, Total: 144900 ns
[2020-09-28T09:53:34.428+0000][30964][safepoint    ] Safepoint "Cleanup", Time since last: 2000082000 ns, Reaching safepoint: 117700 ns, At safepoint: 6600 ns, Total: 124300 ns
[2020-09-28T09:53:35.429+0000][30964][safepoint    ] Safepoint "Cleanup", Time since last: 1000710100 ns, Reaching safepoint: 140500 ns, At safepoint: 8800 ns, Total: 149300 ns
[2020-09-28T09:53:36.429+0000][30964][safepoint    ] Safepoint "Cleanup", Time since last: 1000075700 ns, Reaching safepoint: 117500 ns, At safepoint: 7500 ns, Total: 125000 ns
[2020-09-28T09:53:37.430+0000][30964][safepoint    ] Safepoint "Cleanup", Time since last: 1000526200 ns, Reaching safepoint: 123500 ns, At safepoint: 5100 ns, Total: 128600 ns
[2020-09-28T09:53:38.430+0000][30964][safepoint    ] Safepoint "Cleanup", Time since last: 1000404400 ns, Reaching safepoint: 111000 ns, At safepoint: 8800 ns, Total: 119800 ns
[2020-09-28T09:53:40.431+0000][30964][safepoint    ] Safepoint "Cleanup", Time since last: 2000507700 ns, Reaching safepoint: 116300 ns, At safepoint: 5400 ns, Total: 121700 ns
[2020-09-28T09:53:42.418+0000][30964][safepoint    ] Safepoint "Cleanup", Time since last: 1986491100 ns, Reaching safepoint: 143600 ns, At safepoint: 7000 ns, Total: 150600 ns
[2020-09-28T09:53:43.418+0000][30964][safepoint    ] Safepoint "Cleanup", Time since last: 1000200900 ns, Reaching safepoint: 105300 ns, At safepoint: 7400 ns, Total: 112700 ns
[2020-09-28T09:53:44.418+0000][30964][safepoint    ] Safepoint "Cleanup", Time since last: 1000018500 ns, Reaching safepoint: 116900 ns, At safepoint: 7700 ns, Total: 124600 ns
[2020-09-28T09:53:45.419+0000][30964][safepoint    ] Safepoint "Cleanup", Time since last: 1000232500 ns, Reaching safepoint: 116000 ns, At safepoint: 6100 ns, Total: 122100 ns
[2020-09-28T09:53:46.419+0000][30964][safepoint    ] Safepoint "Cleanup", Time since last: 1000565900 ns, Reaching safepoint: 95000 ns, At safepoint: 5800 ns, Total: 100800 ns
[2020-09-28T09:53:47.420+0000][30964][safepoint    ] Safepoint "Cleanup", Time since last: 1000289600 ns, Reaching safepoint: 122700 ns, At safepoint: 4500 ns, Total: 127200 ns
[2020-09-28T09:53:48.420+0000][30964][safepoint    ] Safepoint "Cleanup", Time since last: 1000066400 ns, Reaching safepoint: 112100 ns, At safepoint: 8000 ns, Total: 120100 ns
[2020-09-28T09:53:49.420+0000][30964][safepoint    ] Safepoint "Cleanup", Time since last: 1000387800 ns, Reaching safepoint: 123200 ns, At safepoint: 6300 ns, Total: 129500 ns
[2020-09-28T09:53:50.421+0000][30964][safepoint    ] Safepoint "Cleanup", Time since last: 1000469200 ns, Reaching safepoint: 123700 ns, At safepoint: 7000 ns, Total: 130700 ns
[2020-09-28T09:53:51.421+0000][30964][safepoint    ] Safepoint "Cleanup", Time since last: 1000240100 ns, Reaching safepoint: 107000 ns, At safepoint: 21400 ns, Total: 128400 ns
[2020-09-28T09:53:52.422+0000][30964][safepoint    ] Safepoint "Cleanup", Time since last: 1000455000 ns, Reaching safepoint: 111100 ns, At safepoint: 5400 ns, Total: 116500 ns
[2020-09-28T09:53:53.423+0000][30964][safepoint    ] Safepoint "Cleanup", Time since last: 1000448100 ns, Reaching safepoint: 130200 ns, At safepoint: 4900 ns, Total: 135100 ns
[2020-09-28T09:53:54.423+0000][30964][safepoint    ] Safepoint "Cleanup", Time since last: 1000494200 ns, Reaching safepoint: 144600 ns, At safepoint: 5400 ns, Total: 150000 ns
[2020-09-28T09:53:55.424+0000][30964][safepoint    ] Safepoint "Cleanup", Time since last: 1000298800 ns, Reaching safepoint: 125000 ns, At safepoint: 5300 ns, Total: 130300 ns
[2020-09-28T09:53:56.424+0000][30964][safepoint    ] Safepoint "Cleanup", Time since last: 1000358800 ns, Reaching safepoint: 139100 ns, At safepoint: 8700 ns, Total: 147800 ns
[2020-09-28T09:53:57.425+0000][30964][safepoint    ] Safepoint "Cleanup", Time since last: 1000451200 ns, Reaching safepoint: 107900 ns, At safepoint: 6700 ns, Total: 114600 ns
[2020-09-28T09:53:58.425+0000][30964][safepoint    ] Safepoint "Cleanup", Time since last: 1000243600 ns, Reaching safepoint: 122500 ns, At safepoint: 5700 ns, Total: 128200 ns
[2020-09-28T09:53:59.426+0000][30964][safepoint    ] Safepoint "Cleanup", Time since last: 1000851000 ns, Reaching safepoint: 96900 ns, At safepoint: 6400 ns, Total: 103300 ns
[2020-09-28T09:54:00.427+0000][30964][safepoint    ] Safepoint "Cleanup", Time since last: 1000405900 ns, Reaching safepoint: 118100 ns, At safepoint: 6300 ns, Total: 124400 ns
[2020-09-28T09:54:01.427+0000][30964][safepoint    ] Safepoint "Cleanup", Time since last: 1000243800 ns, Reaching safepoint: 123600 ns, At safepoint: 6100 ns, Total: 129700 ns
[2020-09-28T09:54:02.428+0000][30964][safepoint    ] Safepoint "Cleanup", Time since last: 1000698300 ns, Reaching safepoint: 109100 ns, At safepoint: 5600 ns, Total: 114700 ns
[2020-09-28T09:54:03.429+0000][30964][safepoint    ] Safepoint "Cleanup", Time since last: 1000498900 ns, Reaching safepoint: 110000 ns, At safepoint: 2600 ns, Total: 112600 ns
[2020-09-28T09:54:04.429+0000][30964][safepoint    ] Safepoint "Cleanup", Time since last: 1000571300 ns, Reaching safepoint: 160400 ns, At safepoint: 10100 ns, Total: 170500 ns
[2020-09-28T09:54:05.430+0000][30964][safepoint    ] Safepoint "Cleanup", Time since last: 1000174400 ns, Reaching safepoint: 134200 ns, At safepoint: 6400 ns, Total: 140600 ns
[2020-09-28T09:54:06.430+0000][30964][safepoint    ] Safepoint "Cleanup", Time since last: 1000465700 ns, Reaching safepoint: 150700 ns, At safepoint: 8900 ns, Total: 159600 ns
[2020-09-28T09:54:07.431+0000][30964][safepoint    ] Safepoint "Cleanup", Time since last: 1000069500 ns, Reaching safepoint: 141800 ns, At safepoint: 8000 ns, Total: 149800 ns
[2020-09-28T09:54:08.432+0000][30964][safepoint    ] Safepoint "Cleanup", Time since last: 1000691500 ns, Reaching safepoint: 132200 ns, At safepoint: 7300 ns, Total: 139500 ns
[2020-09-28T09:54:09.432+0000][30964][safepoint    ] Safepoint "Cleanup", Time since last: 1000661700 ns, Reaching safepoint: 84500 ns, At safepoint: 2200 ns, Total: 86700 ns
[2020-09-28T09:54:10.433+0000][30964][safepoint    ] Safepoint "Cleanup", Time since last: 1000252800 ns, Reaching safepoint: 133100 ns, At safepoint: 7400 ns, Total: 140500 ns
[2020-09-28T09:54:12.420+0000][30964][safepoint    ] Safepoint "Cleanup", Time since last: 1986790300 ns, Reaching safepoint: 128000 ns, At safepoint: 18400 ns, Total: 146400 ns
[2020-09-28T09:54:13.421+0000][30964][safepoint    ] Safepoint "Cleanup", Time since last: 1000637300 ns, Reaching safepoint: 126700 ns, At safepoint: 7000 ns, Total: 133700 ns
[2020-09-28T09:54:14.422+0000][30964][safepoint    ] Safepoint "Cleanup", Time since last: 1000769800 ns, Reaching safepoint: 115100 ns, At safepoint: 20700 ns, Total: 135800 ns
[2020-09-28T09:54:16.422+0000][30964][safepoint    ] Safepoint "Cleanup", Time since last: 2000336600 ns, Reaching safepoint: 134700 ns, At safepoint: 5700 ns, Total: 140400 ns
[2020-09-28T09:54:17.422+0000][30964][safepoint    ] Safepoint "Cleanup", Time since last: 1000221600 ns, Reaching safepoint: 112300 ns, At safepoint: 5400 ns, Total: 117700 ns
[2020-09-28T09:54:18.423+0000][30964][safepoint    ] Safepoint "Cleanup", Time since last: 1000759900 ns, Reaching safepoint: 124900 ns, At safepoint: 3400 ns, Total: 128300 ns
[2020-09-28T09:54:19.424+0000][30964][safepoint    ] Safepoint "Cleanup", Time since last: 1000687300 ns, Reaching safepoint: 90700 ns, At safepoint: 6000 ns, Total: 96700 ns
[2020-09-28T09:54:20.425+0000][30964][safepoint    ] Safepoint "Cleanup", Time since last: 1000458800 ns, Reaching safepoint: 136200 ns, At safepoint: 7600 ns, Total: 143800 ns
[2020-09-28T09:54:21.425+0000][30964][safepoint    ] Safepoint "Cleanup", Time since last: 1000097000 ns, Reaching safepoint: 158500 ns, At safepoint: 21400 ns, Total: 179900 ns
[2020-09-28T09:54:23.426+0000][30964][safepoint    ] Safepoint "Cleanup", Time since last: 2000798300 ns, Reaching safepoint: 107100 ns, At safepoint: 7000 ns, Total: 114100 ns
[2020-09-28T09:54:24.427+0000][30964][safepoint    ] Safepoint "Cleanup", Time since last: 1000487400 ns, Reaching safepoint: 111800 ns, At safepoint: 6100 ns, Total: 117900 ns
[2020-09-28T09:54:25.427+0000][30964][safepoint    ] Safepoint "Cleanup", Time since last: 1000483900 ns, Reaching safepoint: 133200 ns, At safepoint: 5500 ns, Total: 138700 ns
[2020-09-28T09:54:26.428+0000][30964][safepoint    ] Safepoint "Cleanup", Time since last: 1000176000 ns, Reaching safepoint: 98200 ns, At safepoint: 7500 ns, Total: 105700 ns
[2020-09-28T09:54:27.429+0000][30964][safepoint    ] Safepoint "Cleanup", Time since last: 1000840200 ns, Reaching safepoint: 121300 ns, At safepoint: 5600 ns, Total: 126900 ns
[2020-09-28T09:54:28.429+0000][30964][safepoint    ] Safepoint "Cleanup", Time since last: 1000195500 ns, Reaching safepoint: 123500 ns, At safepoint: 2500 ns, Total: 126000 ns
[2020-09-28T09:54:29.430+0000][30964][safepoint    ] Safepoint "Cleanup", Time since last: 1000812800 ns, Reaching safepoint: 133600 ns, At safepoint: 3400 ns, Total: 137000 ns
[2020-09-28T09:54:30.431+0000][30964][safepoint    ] Safepoint "Cleanup", Time since last: 1000445400 ns, Reaching safepoint: 122800 ns, At safepoint: 8800 ns, Total: 131600 ns
[2020-09-28T09:54:31.432+0000][30964][safepoint    ] Safepoint "Cleanup", Time since last: 1000769300 ns, Reaching safepoint: 134800 ns, At safepoint: 7700 ns, Total: 142500 ns
[2020-09-28T09:54:32.432+0000][30964][safepoint    ] Safepoint "Cleanup", Time since last: 1000226700 ns, Reaching safepoint: 124000 ns, At safepoint: 22100 ns, Total: 146100 ns
[2020-09-28T09:54:33.433+0000][30964][safepoint    ] Safepoint "Cleanup", Time since last: 1000715300 ns, Reaching safepoint: 119600 ns, At safepoint: 8100 ns, Total: 127700 ns
[2020-09-28T09:54:34.433+0000][30964][safepoint    ] Safepoint "Cleanup", Time since last: 1000414400 ns, Reaching safepoint: 151900 ns, At safepoint: 12900 ns, Total: 164800 ns
[2020-09-28T09:54:35.434+0000][30964][safepoint    ] Safepoint "Cleanup", Time since last: 1000133100 ns, Reaching safepoint: 108300 ns, At safepoint: 13100 ns, Total: 121400 ns
[2020-09-28T09:54:36.434+0000][30964][safepoint    ] Safepoint "Cleanup", Time since last: 1000434800 ns, Reaching safepoint: 116800 ns, At safepoint: 6700 ns, Total: 123500 ns
[2020-09-28T09:54:37.435+0000][30964][safepoint    ] Safepoint "Cleanup", Time since last: 1000820800 ns, Reaching safepoint: 142800 ns, At safepoint: 4100 ns, Total: 146900 ns
[2020-09-28T09:54:38.436+0000][30964][safepoint    ] Safepoint "Cleanup", Time since last: 1000014000 ns, Reaching safepoint: 119300 ns, At safepoint: 8500 ns, Total: 127800 ns
[2020-09-28T09:54:39.436+0000][30964][safepoint    ] Safepoint "Cleanup", Time since last: 1000066600 ns, Reaching safepoint: 128300 ns, At safepoint: 5500 ns, Total: 133800 ns
[2020-09-28T09:54:40.436+0000][30964][safepoint    ] Safepoint "Cleanup", Time since last: 1000224500 ns, Reaching safepoint: 146700 ns, At safepoint: 8900 ns, Total: 155600 ns
[2020-09-28T09:54:42.422+0000][30964][safepoint    ] Safepoint "Cleanup", Time since last: 1985252100 ns, Reaching safepoint: 137800 ns, At safepoint: 9700 ns, Total: 147500 ns
[2020-09-28T09:54:43.422+0000][30964][safepoint    ] Safepoint "Cleanup", Time since last: 1000027800 ns, Reaching safepoint: 124200 ns, At safepoint: 5700 ns, Total: 129900 ns
[2020-09-28T09:54:44.422+0000][30964][safepoint    ] Safepoint "Cleanup", Time since last: 1000071300 ns, Reaching safepoint: 109700 ns, At safepoint: 4200 ns, Total: 113900 ns
[2020-09-28T09:54:45.422+0000][30964][safepoint    ] Safepoint "Cleanup", Time since last: 1000033100 ns, Reaching safepoint: 112300 ns, At safepoint: 6900 ns, Total: 119200 ns
[2020-09-28T09:54:46.423+0000][30964][safepoint    ] Safepoint "Cleanup", Time since last: 1000273000 ns, Reaching safepoint: 122700 ns, At safepoint: 5600 ns, Total: 128300 ns
[2020-09-28T09:54:47.423+0000][30964][safepoint    ] Safepoint "Cleanup", Time since last: 1000310800 ns, Reaching safepoint: 99500 ns, At safepoint: 4300 ns, Total: 103800 ns
[2020-09-28T09:54:48.423+0000][30964][safepoint    ] Safepoint "Cleanup", Time since last: 1000076600 ns, Reaching safepoint: 118100 ns, At safepoint: 9300 ns, Total: 127400 ns
[2020-09-28T09:54:49.424+0000][30964][safepoint    ] Safepoint "Cleanup", Time since last: 1000277400 ns, Reaching safepoint: 179600 ns, At safepoint: 20600 ns, Total: 200200 ns
[2020-09-28T09:54:50.424+0000][30964][safepoint    ] Safepoint "Cleanup", Time since last: 1000519800 ns, Reaching safepoint: 138100 ns, At safepoint: 5800 ns, Total: 143900 ns
[2020-09-28T09:54:51.425+0000][30964][safepoint    ] Safepoint "Cleanup", Time since last: 1000598300 ns, Reaching safepoint: 329300 ns, At safepoint: 16000 ns, Total: 345300 ns
[2020-09-28T09:54:52.426+0000][30964][safepoint    ] Safepoint "Cleanup", Time since last: 1000449900 ns, Reaching safepoint: 114900 ns, At safepoint: 2400 ns, Total: 117300 ns
[2020-09-28T09:54:53.426+0000][30964][safepoint    ] Safepoint "Cleanup", Time since last: 1000060200 ns, Reaching safepoint: 124800 ns, At safepoint: 5800 ns, Total: 130600 ns
[2020-09-28T09:54:54.427+0000][30964][safepoint    ] Safepoint "Cleanup", Time since last: 1000501300 ns, Reaching safepoint: 176600 ns, At safepoint: 8900 ns, Total: 185500 ns
[2020-09-28T09:54:55.427+0000][30964][safepoint    ] Safepoint "Cleanup", Time since last: 1000072200 ns, Reaching safepoint: 117800 ns, At safepoint: 7100 ns, Total: 124900 ns
[2020-09-28T09:54:56.428+0000][30964][safepoint    ] Safepoint "Cleanup", Time since last: 1000561000 ns, Reaching safepoint: 168100 ns, At safepoint: 5500 ns, Total: 173600 ns
[2020-09-28T09:54:57.429+0000][30964][safepoint    ] Safepoint "Cleanup", Time since last: 1000583100 ns, Reaching safepoint: 148400 ns, At safepoint: 6200 ns, Total: 154600 ns
[2020-09-28T09:54:58.429+0000][30964][safepoint    ] Safepoint "Cleanup", Time since last: 1000482900 ns, Reaching safepoint: 134700 ns, At safepoint: 7900 ns, Total: 142600 ns
[2020-09-28T09:54:59.430+0000][30964][safepoint    ] Safepoint "Cleanup", Time since last: 1000447400 ns, Reaching safepoint: 144100 ns, At safepoint: 6700 ns, Total: 150800 ns
[2020-09-28T09:55:00.431+0000][30964][safepoint    ] Safepoint "Cleanup", Time since last: 1000580200 ns, Reaching safepoint: 141300 ns, At safepoint: 7400 ns, Total: 148700 ns
[2020-09-28T09:55:02.431+0000][30964][safepoint    ] Safepoint "Cleanup", Time since last: 2000111300 ns, Reaching safepoint: 146400 ns, At safepoint: 8700 ns, Total: 155100 ns
[2020-09-28T09:55:03.431+0000][30964][safepoint    ] Safepoint "Cleanup", Time since last: 1000142000 ns, Reaching safepoint: 118600 ns, At safepoint: 15800 ns, Total: 134400 ns
[2020-09-28T09:55:04.432+0000][30964][safepoint    ] Safepoint "Cleanup", Time since last: 1000698400 ns, Reaching safepoint: 140600 ns, At safepoint: 6800 ns, Total: 147400 ns
[2020-09-28T09:55:05.433+0000][30964][safepoint    ] Safepoint "Cleanup", Time since last: 1000114300 ns, Reaching safepoint: 124200 ns, At safepoint: 10100 ns, Total: 134300 ns
[2020-09-28T09:55:07.434+0000][30964][safepoint    ] Safepoint "Cleanup", Time since last: 2000772100 ns, Reaching safepoint: 191100 ns, At safepoint: 8500 ns, Total: 199600 ns
[2020-09-28T09:55:08.434+0000][30964][safepoint    ] Safepoint "Cleanup", Time since last: 1000135200 ns, Reaching safepoint: 370500 ns, At safepoint: 9000 ns, Total: 379500 ns
[2020-09-28T09:55:09.436+0000][30964][safepoint    ] Safepoint "Cleanup", Time since last: 1000731600 ns, Reaching safepoint: 655800 ns, At safepoint: 32400 ns, Total: 688200 ns
[2020-09-28T09:55:10.436+0000][30964][safepoint    ] Safepoint "Cleanup", Time since last: 1000495600 ns, Reaching safepoint: 103900 ns, At safepoint: 3500 ns, Total: 107400 ns
[2020-09-28T09:55:11.437+0000][30964][safepoint    ] Safepoint "Cleanup", Time since last: 1000709100 ns, Reaching safepoint: 529400 ns, At safepoint: 52300 ns, Total: 581700 ns
[2020-09-28T09:55:12.439+0000][30964][safepoint    ] Safepoint "Cleanup", Time since last: 1001002200 ns, Reaching safepoint: 184000 ns, At safepoint: 10800 ns, Total: 194800 ns
[2020-09-28T09:55:13.439+0000][30964][safepoint    ] Safepoint "Cleanup", Time since last: 1000328700 ns, Reaching safepoint: 119400 ns, At safepoint: 7600 ns, Total: 127000 ns
[2020-09-28T09:55:15.440+0000][30964][safepoint    ] Safepoint "Cleanup", Time since last: 2000177700 ns, Reaching safepoint: 97900 ns, At safepoint: 7400 ns, Total: 105300 ns
[2020-09-28T09:55:16.441+0000][30964][safepoint    ] Safepoint "Cleanup", Time since last: 1000765400 ns, Reaching safepoint: 103500 ns, At safepoint: 6700 ns, Total: 110200 ns
[2020-09-28T09:55:17.441+0000][30964][safepoint    ] Safepoint "Cleanup", Time since last: 1000018200 ns, Reaching safepoint: 114900 ns, At safepoint: 9600 ns, Total: 124500 ns
[2020-09-28T09:55:18.441+0000][30964][safepoint    ] Safepoint "Cleanup", Time since last: 1000225000 ns, Reaching safepoint: 151700 ns, At safepoint: 10800 ns, Total: 162500 ns
[2020-09-28T09:55:20.442+0000][30964][safepoint    ] Safepoint "Cleanup", Time since last: 2000401600 ns, Reaching safepoint: 129300 ns, At safepoint: 7700 ns, Total: 137000 ns
[2020-09-28T09:55:21.442+0000][30964][safepoint    ] Safepoint "Cleanup", Time since last: 1000638900 ns, Reaching safepoint: 140500 ns, At safepoint: 4200 ns, Total: 144700 ns
[2020-09-28T09:55:22.443+0000][30964][safepoint    ] Safepoint "Cleanup", Time since last: 1000432500 ns, Reaching safepoint: 121100 ns, At safepoint: 6300 ns, Total: 127400 ns
[2020-09-28T09:55:23.444+0000][30964][safepoint    ] Safepoint "Cleanup", Time since last: 1000789900 ns, Reaching safepoint: 194700 ns, At safepoint: 12100 ns, Total: 206800 ns
[2020-09-28T09:55:24.444+0000][30964][safepoint    ] Safepoint "Cleanup", Time since last: 1000156900 ns, Reaching safepoint: 139800 ns, At safepoint: 6000 ns, Total: 145800 ns
[2020-09-28T09:55:25.445+0000][30964][safepoint    ] Safepoint "Cleanup", Time since last: 1000718800 ns, Reaching safepoint: 116700 ns, At safepoint: 6200 ns, Total: 122900 ns
[2020-09-28T09:55:26.445+0000][30964][safepoint    ] Safepoint "Cleanup", Time since last: 1000078800 ns, Reaching safepoint: 113500 ns, At safepoint: 6000 ns, Total: 119500 ns
[2020-09-28T09:55:27.446+0000][30964][safepoint    ] Safepoint "Cleanup", Time since last: 1000436900 ns, Reaching safepoint: 122100 ns, At safepoint: 5900 ns, Total: 128000 ns
[2020-09-28T09:55:29.447+0000][30964][safepoint    ] Safepoint "Cleanup", Time since last: 2000450900 ns, Reaching safepoint: 112400 ns, At safepoint: 6100 ns, Total: 118500 ns
[2020-09-28T09:55:30.447+0000][30964][safepoint    ] Safepoint "Cleanup", Time since last: 1000335600 ns, Reaching safepoint: 106300 ns, At safepoint: 7500 ns, Total: 113800 ns
[2020-09-28T09:55:31.448+0000][30964][safepoint    ] Safepoint "Cleanup", Time since last: 1000748600 ns, Reaching safepoint: 130900 ns, At safepoint: 7600 ns, Total: 138500 ns
[2020-09-28T09:55:32.449+0000][30964][safepoint    ] Safepoint "Cleanup", Time since last: 1000239700 ns, Reaching safepoint: 119500 ns, At safepoint: 5900 ns, Total: 125400 ns
[2020-09-28T09:55:34.449+0000][30964][safepoint    ] Safepoint "Cleanup", Time since last: 2000680300 ns, Reaching safepoint: 124100 ns, At safepoint: 5700 ns, Total: 129800 ns
[2020-09-28T09:55:35.450+0000][30964][safepoint    ] Safepoint "Cleanup", Time since last: 1000711200 ns, Reaching safepoint: 123500 ns, At safepoint: 7500 ns, Total: 131000 ns
[2020-09-28T09:55:36.451+0000][30964][safepoint    ] Safepoint "Cleanup", Time since last: 1000578900 ns, Reaching safepoint: 111600 ns, At safepoint: 5100 ns, Total: 116700 ns
[2020-09-28T09:55:37.452+0000][30964][safepoint    ] Safepoint "Cleanup", Time since last: 1000599600 ns, Reaching safepoint: 96100 ns, At safepoint: 7600 ns, Total: 103700 ns
[2020-09-28T09:55:38.452+0000][30964][safepoint    ] Safepoint "Cleanup", Time since last: 1000106200 ns, Reaching safepoint: 103000 ns, At safepoint: 3500 ns, Total: 106500 ns
[2020-09-28T09:55:39.453+0000][30964][safepoint    ] Safepoint "Cleanup", Time since last: 1000547400 ns, Reaching safepoint: 117500 ns, At safepoint: 10900 ns, Total: 128400 ns
[2020-09-28T09:55:40.454+0000][30964][safepoint    ] Safepoint "Cleanup", Time since last: 1000790800 ns, Reaching safepoint: 136700 ns, At safepoint: 5500 ns, Total: 142200 ns
[2020-09-28T09:55:42.438+0000][30964][safepoint    ] Safepoint "Cleanup", Time since last: 1984316200 ns, Reaching safepoint: 144500 ns, At safepoint: 8400 ns, Total: 152900 ns
[2020-09-28T09:55:43.439+0000][30964][safepoint    ] Safepoint "Cleanup", Time since last: 1000771600 ns, Reaching safepoint: 110300 ns, At safepoint: 6700 ns, Total: 117000 ns
[2020-09-28T09:55:44.440+0000][30964][safepoint    ] Safepoint "Cleanup", Time since last: 1000605500 ns, Reaching safepoint: 123000 ns, At safepoint: 10300 ns, Total: 133300 ns
[2020-09-28T09:55:45.441+0000][30964][safepoint    ] Safepoint "Cleanup", Time since last: 1000621500 ns, Reaching safepoint: 107300 ns, At safepoint: 6200 ns, Total: 113500 ns
[2020-09-28T09:55:46.441+0000][30964][safepoint    ] Safepoint "Cleanup", Time since last: 1000597500 ns, Reaching safepoint: 173800 ns, At safepoint: 23400 ns, Total: 197200 ns
[2020-09-28T09:55:47.442+0000][30964][safepoint    ] Safepoint "Cleanup", Time since last: 1000480900 ns, Reaching safepoint: 151300 ns, At safepoint: 5700 ns, Total: 157000 ns
[2020-09-28T09:55:48.443+0000][30964][safepoint    ] Safepoint "Cleanup", Time since last: 1000349100 ns, Reaching safepoint: 112500 ns, At safepoint: 2600 ns, Total: 115100 ns
[2020-09-28T09:55:49.443+0000][30964][safepoint    ] Safepoint "Cleanup", Time since last: 1000243900 ns, Reaching safepoint: 130000 ns, At safepoint: 7300 ns, Total: 137300 ns
[2020-09-28T09:55:50.444+0000][30964][safepoint    ] Safepoint "Cleanup", Time since last: 1000854200 ns, Reaching safepoint: 162300 ns, At safepoint: 14800 ns, Total: 177100 ns
[2020-09-28T09:55:52.444+0000][30964][safepoint    ] Safepoint "Cleanup", Time since last: 1999769600 ns, Reaching safepoint: 132300 ns, At safepoint: 4000 ns, Total: 136300 ns
[2020-09-28T09:55:53.445+0000][30964][safepoint    ] Safepoint "Cleanup", Time since last: 1000862300 ns, Reaching safepoint: 121600 ns, At safepoint: 6800 ns, Total: 128400 ns
[2020-09-28T09:55:54.446+0000][30964][safepoint    ] Safepoint "Cleanup", Time since last: 1000390600 ns, Reaching safepoint: 129400 ns, At safepoint: 7200 ns, Total: 136600 ns
[2020-09-28T09:55:55.446+0000][30964][safepoint    ] Safepoint "Cleanup", Time since last: 1000007600 ns, Reaching safepoint: 102900 ns, At safepoint: 6300 ns, Total: 109200 ns
[2020-09-28T09:55:56.446+0000][30964][safepoint    ] Safepoint "Cleanup", Time since last: 1000307900 ns, Reaching safepoint: 118800 ns, At safepoint: 6100 ns, Total: 124900 ns
[2020-09-28T09:55:57.447+0000][30964][safepoint    ] Safepoint "Cleanup", Time since last: 1000352600 ns, Reaching safepoint: 141400 ns, At safepoint: 5900 ns, Total: 147300 ns
[2020-09-28T09:55:58.447+0000][30964][safepoint    ] Safepoint "Cleanup", Time since last: 1000132800 ns, Reaching safepoint: 121600 ns, At safepoint: 4200 ns, Total: 125800 ns
[2020-09-28T09:55:59.448+0000][30964][safepoint    ] Safepoint "Cleanup", Time since last: 1000823900 ns, Reaching safepoint: 137900 ns, At safepoint: 5800 ns, Total: 143700 ns
[2020-09-28T09:56:01.449+0000][30964][safepoint    ] Safepoint "Cleanup", Time since last: 2000671300 ns, Reaching safepoint: 152600 ns, At safepoint: 9500 ns, Total: 162100 ns
[2020-09-28T09:56:02.449+0000][30964][safepoint    ] Safepoint "Cleanup", Time since last: 1000233000 ns, Reaching safepoint: 106200 ns, At safepoint: 6600 ns, Total: 112800 ns
[2020-09-28T09:56:03.450+0000][30964][safepoint    ] Safepoint "Cleanup", Time since last: 1000876400 ns, Reaching safepoint: 127400 ns, At safepoint: 6500 ns, Total: 133900 ns
[2020-09-28T09:56:04.451+0000][30964][safepoint    ] Safepoint "Cleanup", Time since last: 1000759700 ns, Reaching safepoint: 135600 ns, At safepoint: 5300 ns, Total: 140900 ns
[2020-09-28T09:56:05.452+0000][30964][safepoint    ] Safepoint "Cleanup", Time since last: 1000359800 ns, Reaching safepoint: 125300 ns, At safepoint: 6900 ns, Total: 132200 ns
[2020-09-28T09:56:06.452+0000][30964][safepoint    ] Safepoint "Cleanup", Time since last: 1000031700 ns, Reaching safepoint: 130500 ns, At safepoint: 6700 ns, Total: 137200 ns
[2020-09-28T09:56:07.453+0000][30964][safepoint    ] Safepoint "Cleanup", Time since last: 1000696600 ns, Reaching safepoint: 156000 ns, At safepoint: 10800 ns, Total: 166800 ns
[2020-09-28T09:56:09.453+0000][30964][safepoint    ] Safepoint "Cleanup", Time since last: 1999921400 ns, Reaching safepoint: 114100 ns, At safepoint: 6500 ns, Total: 120600 ns
[2020-09-28T09:56:10.453+0000][30964][safepoint    ] Safepoint "Cleanup", Time since last: 1000140300 ns, Reaching safepoint: 145000 ns, At safepoint: 8500 ns, Total: 153500 ns
[2020-09-28T09:56:11.454+0000][30964][safepoint    ] Safepoint "Cleanup", Time since last: 1000699200 ns, Reaching safepoint: 177600 ns, At safepoint: 9900 ns, Total: 187500 ns
[2020-09-28T09:56:12.454+0000][30964][safepoint    ] Safepoint "Cleanup", Time since last: 1000028700 ns, Reaching safepoint: 132000 ns, At safepoint: 5500 ns, Total: 137500 ns
[2020-09-28T09:56:13.455+0000][30964][safepoint    ] Safepoint "Cleanup", Time since last: 1000260700 ns, Reaching safepoint: 133100 ns, At safepoint: 6200 ns, Total: 139300 ns
[2020-09-28T09:56:14.455+0000][30964][safepoint    ] Safepoint "Cleanup", Time since last: 1000097800 ns, Reaching safepoint: 118800 ns, At safepoint: 5600 ns, Total: 124400 ns
[2020-09-28T09:56:15.455+0000][30964][safepoint    ] Safepoint "Cleanup", Time since last: 1000098300 ns, Reaching safepoint: 146200 ns, At safepoint: 8100 ns, Total: 154300 ns
[2020-09-28T09:56:16.456+0000][30964][safepoint    ] Safepoint "Cleanup", Time since last: 1000140000 ns, Reaching safepoint: 113300 ns, At safepoint: 11500 ns, Total: 124800 ns
[2020-09-28T09:56:18.456+0000][30964][safepoint    ] Safepoint "Cleanup", Time since last: 2000227300 ns, Reaching safepoint: 125200 ns, At safepoint: 3000 ns, Total: 128200 ns
[2020-09-28T09:56:20.456+0000][30964][safepoint    ] Safepoint "Cleanup", Time since last: 2000096300 ns, Reaching safepoint: 123100 ns, At safepoint: 5400 ns, Total: 128500 ns
[2020-09-28T09:56:21.457+0000][30964][safepoint    ] Safepoint "Cleanup", Time since last: 1000630200 ns, Reaching safepoint: 155400 ns, At safepoint: 20700 ns, Total: 176100 ns
[2020-09-28T09:56:22.457+0000][30964][safepoint    ] Safepoint "Cleanup", Time since last: 1000146900 ns, Reaching safepoint: 126700 ns, At safepoint: 6000 ns, Total: 132700 ns
[2020-09-28T09:56:23.458+0000][30964][safepoint    ] Safepoint "Cleanup", Time since last: 1000570600 ns, Reaching safepoint: 162100 ns, At safepoint: 9200 ns, Total: 171300 ns
[2020-09-28T09:56:24.459+0000][30964][safepoint    ] Safepoint "Cleanup", Time since last: 1000810900 ns, Reaching safepoint: 129500 ns, At safepoint: 9200 ns, Total: 138700 ns
[2020-09-28T09:56:25.460+0000][30964][safepoint    ] Safepoint "Cleanup", Time since last: 1000505100 ns, Reaching safepoint: 152400 ns, At safepoint: 6700 ns, Total: 159100 ns
[2020-09-28T09:56:26.460+0000][30964][safepoint    ] Safepoint "Cleanup", Time since last: 1000263600 ns, Reaching safepoint: 139300 ns, At safepoint: 8100 ns, Total: 147400 ns
[2020-09-28T09:56:27.461+0000][30964][safepoint    ] Safepoint "Cleanup", Time since last: 1000987600 ns, Reaching safepoint: 197700 ns, At safepoint: 5700 ns, Total: 203400 ns
[2020-09-28T09:56:29.462+0000][30964][safepoint    ] Safepoint "Cleanup", Time since last: 2000098300 ns, Reaching safepoint: 130700 ns, At safepoint: 6000 ns, Total: 136700 ns
[2020-09-28T09:56:31.462+0000][30964][safepoint    ] Safepoint "Cleanup", Time since last: 2000165500 ns, Reaching safepoint: 112700 ns, At safepoint: 6300 ns, Total: 119000 ns
[2020-09-28T09:56:32.462+0000][30964][safepoint    ] Safepoint "Cleanup", Time since last: 1000057800 ns, Reaching safepoint: 183500 ns, At safepoint: 11500 ns, Total: 195000 ns
[2020-09-28T09:56:33.463+0000][30964][safepoint    ] Safepoint "Cleanup", Time since last: 1000126300 ns, Reaching safepoint: 159600 ns, At safepoint: 8900 ns, Total: 168500 ns
[2020-09-28T09:56:34.463+0000][30964][safepoint    ] Safepoint "Cleanup", Time since last: 1000665400 ns, Reaching safepoint: 130600 ns, At safepoint: 6000 ns, Total: 136600 ns
[2020-09-28T09:56:35.464+0000][30964][safepoint    ] Safepoint "Cleanup", Time since last: 1000288200 ns, Reaching safepoint: 136500 ns, At safepoint: 8400 ns, Total: 144900 ns
[2020-09-28T09:56:37.465+0000][30964][safepoint    ] Safepoint "Cleanup", Time since last: 2000773500 ns, Reaching safepoint: 105200 ns, At safepoint: 5900 ns, Total: 111100 ns
[2020-09-28T09:56:38.465+0000][30964][safepoint    ] Safepoint "Cleanup", Time since last: 1000525100 ns, Reaching safepoint: 183700 ns, At safepoint: 19100 ns, Total: 202800 ns
[2020-09-28T09:56:39.466+0000][30964][safepoint    ] Safepoint "Cleanup", Time since last: 1000387400 ns, Reaching safepoint: 138800 ns, At safepoint: 5300 ns, Total: 144100 ns
[2020-09-28T09:56:40.467+0000][30964][safepoint    ] Safepoint "Cleanup", Time since last: 1000628300 ns, Reaching safepoint: 127200 ns, At safepoint: 5500 ns, Total: 132700 ns
[2020-09-28T09:56:41.467+0000][30964][safepoint    ] Safepoint "Cleanup", Time since last: 1000461900 ns, Reaching safepoint: 124100 ns, At safepoint: 6100 ns, Total: 130200 ns
[2020-09-28T09:56:43.468+0000][30964][safepoint    ] Safepoint "Cleanup", Time since last: 2000757200 ns, Reaching safepoint: 107100 ns, At safepoint: 8600 ns, Total: 115700 ns
[2020-09-28T09:56:44.469+0000][30964][safepoint    ] Safepoint "Cleanup", Time since last: 1000330200 ns, Reaching safepoint: 177300 ns, At safepoint: 5700 ns, Total: 183000 ns
[2020-09-28T09:56:45.469+0000][30964][safepoint    ] Safepoint "Cleanup", Time since last: 1000190200 ns, Reaching safepoint: 133200 ns, At safepoint: 8500 ns, Total: 141700 ns
[2020-09-28T09:56:46.470+0000][30964][safepoint    ] Safepoint "Cleanup", Time since last: 1000561000 ns, Reaching safepoint: 83500 ns, At safepoint: 2500 ns, Total: 86000 ns
[2020-09-28T09:56:47.470+0000][30964][safepoint    ] Safepoint "Cleanup", Time since last: 1000156200 ns, Reaching safepoint: 92400 ns, At safepoint: 4200 ns, Total: 96600 ns
[2020-09-28T09:56:48.471+0000][30964][safepoint    ] Safepoint "Cleanup", Time since last: 1000362600 ns, Reaching safepoint: 116000 ns, At safepoint: 8700 ns, Total: 124700 ns
[2020-09-28T09:56:49.472+0000][30964][safepoint    ] Safepoint "Cleanup", Time since last: 1000803100 ns, Reaching safepoint: 124200 ns, At safepoint: 7000 ns, Total: 131200 ns
[2020-09-28T09:56:50.472+0000][30964][safepoint    ] Safepoint "Cleanup", Time since last: 1000312900 ns, Reaching safepoint: 113300 ns, At safepoint: 7700 ns, Total: 121000 ns
[2020-09-28T09:56:51.473+0000][30964][safepoint    ] Safepoint "Cleanup", Time since last: 1000794100 ns, Reaching safepoint: 152500 ns, At safepoint: 9300 ns, Total: 161800 ns
[2020-09-28T09:56:53.474+0000][30964][safepoint    ] Safepoint "Cleanup", Time since last: 2000595300 ns, Reaching safepoint: 101100 ns, At safepoint: 6200 ns, Total: 107300 ns
[2020-09-28T09:56:54.474+0000][30964][safepoint    ] Safepoint "Cleanup", Time since last: 1000458300 ns, Reaching safepoint: 111200 ns, At safepoint: 7800 ns, Total: 119000 ns
[2020-09-28T09:56:55.475+0000][30964][safepoint    ] Safepoint "Cleanup", Time since last: 1000174500 ns, Reaching safepoint: 125500 ns, At safepoint: 5400 ns, Total: 130900 ns
[2020-09-28T09:56:56.476+0000][30964][safepoint    ] Safepoint "Cleanup", Time since last: 1000666500 ns, Reaching safepoint: 87200 ns, At safepoint: 3500 ns, Total: 90700 ns
[2020-09-28T09:56:57.476+0000][30964][safepoint    ] Safepoint "Cleanup", Time since last: 1000418100 ns, Reaching safepoint: 247700 ns, At safepoint: 6300 ns, Total: 254000 ns
[2020-09-28T09:56:58.477+0000][30964][safepoint    ] Safepoint "Cleanup", Time since last: 1000242800 ns, Reaching safepoint: 138500 ns, At safepoint: 7900 ns, Total: 146400 ns
[2020-09-28T09:57:00.477+0000][30964][safepoint    ] Safepoint "Cleanup", Time since last: 2000447400 ns, Reaching safepoint: 123900 ns, At safepoint: 5300 ns, Total: 129200 ns
[2020-09-28T09:57:01.478+0000][30964][safepoint    ] Safepoint "Cleanup", Time since last: 1000701400 ns, Reaching safepoint: 174000 ns, At safepoint: 5700 ns, Total: 179700 ns
[2020-09-28T09:57:02.479+0000][30964][safepoint    ] Safepoint "Cleanup", Time since last: 1000578200 ns, Reaching safepoint: 117500 ns, At safepoint: 7800 ns, Total: 125300 ns
[2020-09-28T09:57:03.480+0000][30964][safepoint    ] Safepoint "Cleanup", Time since last: 1000537000 ns, Reaching safepoint: 122800 ns, At safepoint: 9500 ns, Total: 132300 ns
[2020-09-28T09:57:05.480+0000][30964][safepoint    ] Safepoint "Cleanup", Time since last: 2000119600 ns, Reaching safepoint: 123200 ns, At safepoint: 5300 ns, Total: 128500 ns
[2020-09-28T09:57:06.480+0000][30964][safepoint    ] Safepoint "Cleanup", Time since last: 1000349400 ns, Reaching safepoint: 112100 ns, At safepoint: 5700 ns, Total: 117800 ns
[2020-09-28T09:57:07.481+0000][30964][safepoint    ] Safepoint "Cleanup", Time since last: 1000340700 ns, Reaching safepoint: 138800 ns, At safepoint: 6400 ns, Total: 145200 ns
[2020-09-28T09:57:08.481+0000][30964][safepoint    ] Safepoint "Cleanup", Time since last: 1000131400 ns, Reaching safepoint: 149000 ns, At safepoint: 6900 ns, Total: 155900 ns
[2020-09-28T09:57:09.482+0000][30964][safepoint    ] Safepoint "Cleanup", Time since last: 1000684700 ns, Reaching safepoint: 136500 ns, At safepoint: 5300 ns, Total: 141800 ns
[2020-09-28T09:57:10.482+0000][30964][safepoint    ] Safepoint "Cleanup", Time since last: 1000379300 ns, Reaching safepoint: 128900 ns, At safepoint: 6400 ns, Total: 135300 ns
[2020-09-28T09:57:11.483+0000][30964][safepoint    ] Safepoint "Cleanup", Time since last: 1000171500 ns, Reaching safepoint: 126700 ns, At safepoint: 5400 ns, Total: 132100 ns
[2020-09-28T09:57:12.484+0000][30964][safepoint    ] Safepoint "Cleanup", Time since last: 1000744600 ns, Reaching safepoint: 115600 ns, At safepoint: 5800 ns, Total: 121400 ns
[2020-09-28T09:57:13.484+0000][30964][safepoint    ] Safepoint "Cleanup", Time since last: 1000192700 ns, Reaching safepoint: 126700 ns, At safepoint: 5800 ns, Total: 132500 ns
[2020-09-28T09:57:14.484+0000][30964][safepoint    ] Safepoint "Cleanup", Time since last: 1000123600 ns, Reaching safepoint: 128100 ns, At safepoint: 20600 ns, Total: 148700 ns
[2020-09-28T09:57:15.485+0000][30964][safepoint    ] Safepoint "Cleanup", Time since last: 1000627800 ns, Reaching safepoint: 91600 ns, At safepoint: 5800 ns, Total: 97400 ns
[2020-09-28T09:57:17.486+0000][30964][safepoint    ] Safepoint "Cleanup", Time since last: 2000712400 ns, Reaching safepoint: 156000 ns, At safepoint: 14900 ns, Total: 170900 ns
[2020-09-28T09:57:18.486+0000][30964][safepoint    ] Safepoint "Cleanup", Time since last: 1000027400 ns, Reaching safepoint: 149900 ns, At safepoint: 14300 ns, Total: 164200 ns
[2020-09-28T09:57:19.487+0000][30964][safepoint    ] Safepoint "Cleanup", Time since last: 1000410700 ns, Reaching safepoint: 172800 ns, At safepoint: 3400 ns, Total: 176200 ns
[2020-09-28T09:57:20.488+0000][30964][safepoint    ] Safepoint "Cleanup", Time since last: 1000767600 ns, Reaching safepoint: 117700 ns, At safepoint: 6900 ns, Total: 124600 ns
[2020-09-28T09:57:21.488+0000][30964][safepoint    ] Safepoint "Cleanup", Time since last: 1000111900 ns, Reaching safepoint: 111200 ns, At safepoint: 7100 ns, Total: 118300 ns
[2020-09-28T09:57:22.489+0000][30964][safepoint    ] Safepoint "Cleanup", Time since last: 1000719900 ns, Reaching safepoint: 184700 ns, At safepoint: 5400 ns, Total: 190100 ns
[2020-09-28T09:57:23.490+0000][30964][safepoint    ] Safepoint "Cleanup", Time since last: 1000815000 ns, Reaching safepoint: 159700 ns, At safepoint: 8400 ns, Total: 168100 ns
[2020-09-28T09:57:24.491+0000][30964][safepoint    ] Safepoint "Cleanup", Time since last: 1000416800 ns, Reaching safepoint: 148100 ns, At safepoint: 7400 ns, Total: 155500 ns
[2020-09-28T09:57:26.491+0000][30964][safepoint    ] Safepoint "Cleanup", Time since last: 2000617500 ns, Reaching safepoint: 124500 ns, At safepoint: 8000 ns, Total: 132500 ns
[2020-09-28T09:57:27.492+0000][30964][safepoint    ] Safepoint "Cleanup", Time since last: 1000667600 ns, Reaching safepoint: 131100 ns, At safepoint: 9300 ns, Total: 140400 ns
[2020-09-28T09:57:28.493+0000][30964][safepoint    ] Safepoint "Cleanup", Time since last: 1000507200 ns, Reaching safepoint: 152200 ns, At safepoint: 7600 ns, Total: 159800 ns
[2020-09-28T09:57:29.494+0000][30964][safepoint    ] Safepoint "Cleanup", Time since last: 1000594600 ns, Reaching safepoint: 138800 ns, At safepoint: 6900 ns, Total: 145700 ns
[2020-09-28T09:57:30.494+0000][30964][safepoint    ] Safepoint "Cleanup", Time since last: 1000649300 ns, Reaching safepoint: 90000 ns, At safepoint: 3600 ns, Total: 93600 ns
[2020-09-28T09:57:32.495+0000][30964][safepoint    ] Safepoint "Cleanup", Time since last: 2000668100 ns, Reaching safepoint: 153400 ns, At safepoint: 4800 ns, Total: 158200 ns
[2020-09-28T09:57:34.496+0000][30964][safepoint    ] Safepoint "Cleanup", Time since last: 2000636700 ns, Reaching safepoint: 122700 ns, At safepoint: 10700 ns, Total: 133400 ns
[2020-09-28T09:57:35.496+0000][30964][safepoint    ] Safepoint "Cleanup", Time since last: 1000265000 ns, Reaching safepoint: 114300 ns, At safepoint: 6100 ns, Total: 120400 ns
[2020-09-28T09:57:36.497+0000][30964][safepoint    ] Safepoint "Cleanup", Time since last: 1000197900 ns, Reaching safepoint: 114900 ns, At safepoint: 7000 ns, Total: 121900 ns
[2020-09-28T09:57:37.497+0000][30964][safepoint    ] Safepoint "Cleanup", Time since last: 1000197400 ns, Reaching safepoint: 180300 ns, At safepoint: 9500 ns, Total: 189800 ns
[2020-09-28T09:57:38.498+0000][30964][safepoint    ] Safepoint "Cleanup", Time since last: 1000654400 ns, Reaching safepoint: 138000 ns, At safepoint: 11100 ns, Total: 149100 ns
[2020-09-28T09:57:40.498+0000][30964][safepoint    ] Safepoint "Cleanup", Time since last: 1999919000 ns, Reaching safepoint: 103000 ns, At safepoint: 5700 ns, Total: 108700 ns
[2020-09-28T09:57:42.439+0000][30964][safepoint    ] Safepoint "Cleanup", Time since last: 1940480400 ns, Reaching safepoint: 127300 ns, At safepoint: 3200 ns, Total: 130500 ns
[2020-09-28T09:57:43.439+0000][30964][safepoint    ] Safepoint "Cleanup", Time since last: 1000153800 ns, Reaching safepoint: 124700 ns, At safepoint: 5900 ns, Total: 130600 ns
[2020-09-28T09:57:44.440+0000][30964][safepoint    ] Safepoint "Cleanup", Time since last: 1000615000 ns, Reaching safepoint: 111800 ns, At safepoint: 4000 ns, Total: 115800 ns
[2020-09-28T09:57:45.440+0000][30964][safepoint    ] Safepoint "Cleanup", Time since last: 1000313500 ns, Reaching safepoint: 113300 ns, At safepoint: 6200 ns, Total: 119500 ns
[2020-09-28T09:57:46.441+0000][30964][safepoint    ] Safepoint "Cleanup", Time since last: 1000236100 ns, Reaching safepoint: 169200 ns, At safepoint: 9200 ns, Total: 178400 ns
[2020-09-28T09:57:47.441+0000][30964][safepoint    ] Safepoint "Cleanup", Time since last: 1000264100 ns, Reaching safepoint: 104900 ns, At safepoint: 6700 ns, Total: 111600 ns
[2020-09-28T09:57:48.441+0000][30964][safepoint    ] Safepoint "Cleanup", Time since last: 1000194000 ns, Reaching safepoint: 143900 ns, At safepoint: 7100 ns, Total: 151000 ns
[2020-09-28T09:57:49.442+0000][30964][safepoint    ] Safepoint "Cleanup", Time since last: 1000124500 ns, Reaching safepoint: 137000 ns, At safepoint: 7800 ns, Total: 144800 ns
[2020-09-28T09:57:50.443+0000][30964][safepoint    ] Safepoint "Cleanup", Time since last: 1000690600 ns, Reaching safepoint: 109200 ns, At safepoint: 5800 ns, Total: 115000 ns
[2020-09-28T09:57:51.443+0000][30964][safepoint    ] Safepoint "Cleanup", Time since last: 1000702200 ns, Reaching safepoint: 124700 ns, At safepoint: 4900 ns, Total: 129600 ns
[2020-09-28T09:57:52.444+0000][30964][safepoint    ] Safepoint "Cleanup", Time since last: 1000711500 ns, Reaching safepoint: 143100 ns, At safepoint: 10300 ns, Total: 153400 ns
[2020-09-28T09:57:53.445+0000][30964][safepoint    ] Safepoint "Cleanup", Time since last: 1000507300 ns, Reaching safepoint: 136800 ns, At safepoint: 9900 ns, Total: 146700 ns
[2020-09-28T09:57:54.445+0000][30964][safepoint    ] Safepoint "Cleanup", Time since last: 1000015300 ns, Reaching safepoint: 126700 ns, At safepoint: 7100 ns, Total: 133800 ns
[2020-09-28T09:57:55.446+0000][30964][safepoint    ] Safepoint "Cleanup", Time since last: 1000617700 ns, Reaching safepoint: 102600 ns, At safepoint: 2900 ns, Total: 105500 ns
[2020-09-28T09:57:56.446+0000][30964][safepoint    ] Safepoint "Cleanup", Time since last: 1000328700 ns, Reaching safepoint: 120800 ns, At safepoint: 5800 ns, Total: 126600 ns
[2020-09-28T09:57:57.447+0000][30964][safepoint    ] Safepoint "Cleanup", Time since last: 1000195600 ns, Reaching safepoint: 106800 ns, At safepoint: 3900 ns, Total: 110700 ns
[2020-09-28T09:57:58.447+0000][30964][safepoint    ] Safepoint "Cleanup", Time since last: 1000619900 ns, Reaching safepoint: 118400 ns, At safepoint: 7200 ns, Total: 125600 ns
[2020-09-28T09:57:59.448+0000][30964][safepoint    ] Safepoint "Cleanup", Time since last: 1000808200 ns, Reaching safepoint: 119200 ns, At safepoint: 7500 ns, Total: 126700 ns
[2020-09-28T09:58:00.449+0000][30964][safepoint    ] Safepoint "Cleanup", Time since last: 1000204000 ns, Reaching safepoint: 149700 ns, At safepoint: 6700 ns, Total: 156400 ns
[2020-09-28T09:58:01.449+0000][30964][safepoint    ] Safepoint "Cleanup", Time since last: 1000482200 ns, Reaching safepoint: 148400 ns, At safepoint: 5200 ns, Total: 153600 ns
[2020-09-28T09:58:02.450+0000][30964][safepoint    ] Safepoint "Cleanup", Time since last: 1000237300 ns, Reaching safepoint: 120000 ns, At safepoint: 5900 ns, Total: 125900 ns
[2020-09-28T09:58:03.450+0000][30964][safepoint    ] Safepoint "Cleanup", Time since last: 1000112600 ns, Reaching safepoint: 119800 ns, At safepoint: 6100 ns, Total: 125900 ns
[2020-09-28T09:58:04.450+0000][30964][safepoint    ] Safepoint "Cleanup", Time since last: 1000078000 ns, Reaching safepoint: 134100 ns, At safepoint: 7000 ns, Total: 141100 ns
[2020-09-28T09:58:05.451+0000][30964][safepoint    ] Safepoint "Cleanup", Time since last: 1000835500 ns, Reaching safepoint: 103800 ns, At safepoint: 4200 ns, Total: 108000 ns
[2020-09-28T09:58:06.452+0000][30964][safepoint    ] Safepoint "Cleanup", Time since last: 1000820100 ns, Reaching safepoint: 155500 ns, At safepoint: 6800 ns, Total: 162300 ns
[2020-09-28T09:58:07.453+0000][30964][safepoint    ] Safepoint "Cleanup", Time since last: 1000629400 ns, Reaching safepoint: 111500 ns, At safepoint: 6100 ns, Total: 117600 ns
[2020-09-28T09:58:08.454+0000][30964][safepoint    ] Safepoint "Cleanup", Time since last: 1000406400 ns, Reaching safepoint: 107100 ns, At safepoint: 7900 ns, Total: 115000 ns
[2020-09-28T09:58:09.455+0000][30964][safepoint    ] Safepoint "Cleanup", Time since last: 1000762300 ns, Reaching safepoint: 148500 ns, At safepoint: 10400 ns, Total: 158900 ns
[2020-09-28T09:58:11.455+0000][30964][safepoint    ] Safepoint "Cleanup", Time since last: 2000736100 ns, Reaching safepoint: 122300 ns, At safepoint: 6100 ns, Total: 128400 ns
[2020-09-28T09:58:12.456+0000][30964][safepoint    ] Safepoint "Cleanup", Time since last: 1000619300 ns, Reaching safepoint: 124200 ns, At safepoint: 7200 ns, Total: 131400 ns
[2020-09-28T09:58:13.457+0000][30964][safepoint    ] Safepoint "Cleanup", Time since last: 1000695600 ns, Reaching safepoint: 158700 ns, At safepoint: 6500 ns, Total: 165200 ns
[2020-09-28T09:58:14.458+0000][30964][safepoint    ] Safepoint "Cleanup", Time since last: 1000573200 ns, Reaching safepoint: 137600 ns, At safepoint: 5800 ns, Total: 143400 ns
[2020-09-28T09:58:15.458+0000][30964][safepoint    ] Safepoint "Cleanup", Time since last: 1000493900 ns, Reaching safepoint: 190100 ns, At safepoint: 5900 ns, Total: 196000 ns
[2020-09-28T09:58:16.459+0000][30964][safepoint    ] Safepoint "Cleanup", Time since last: 1000514500 ns, Reaching safepoint: 136200 ns, At safepoint: 7300 ns, Total: 143500 ns
[2020-09-28T09:58:17.460+0000][30964][safepoint    ] Safepoint "Cleanup", Time since last: 1000588400 ns, Reaching safepoint: 131300 ns, At safepoint: 5100 ns, Total: 136400 ns
[2020-09-28T09:58:18.460+0000][30964][safepoint    ] Safepoint "Cleanup", Time since last: 1000048700 ns, Reaching safepoint: 131500 ns, At safepoint: 4500 ns, Total: 136000 ns
[2020-09-28T09:58:19.461+0000][30964][safepoint    ] Safepoint "Cleanup", Time since last: 1000573100 ns, Reaching safepoint: 132800 ns, At safepoint: 8900 ns, Total: 141700 ns
[2020-09-28T09:58:20.462+0000][30964][safepoint    ] Safepoint "Cleanup", Time since last: 1000640600 ns, Reaching safepoint: 126100 ns, At safepoint: 5700 ns, Total: 131800 ns
[2020-09-28T09:58:21.463+0000][30964][safepoint    ] Safepoint "Cleanup", Time since last: 1000838400 ns, Reaching safepoint: 123100 ns, At safepoint: 8000 ns, Total: 131100 ns
[2020-09-28T09:58:22.463+0000][30964][safepoint    ] Safepoint "Cleanup", Time since last: 1000077600 ns, Reaching safepoint: 132400 ns, At safepoint: 9600 ns, Total: 142000 ns
[2020-09-28T09:58:23.463+0000][30964][safepoint    ] Safepoint "Cleanup", Time since last: 1000262300 ns, Reaching safepoint: 114600 ns, At safepoint: 7700 ns, Total: 122300 ns
[2020-09-28T09:58:24.464+0000][30964][safepoint    ] Safepoint "Cleanup", Time since last: 1000895900 ns, Reaching safepoint: 144100 ns, At safepoint: 6400 ns, Total: 150500 ns
[2020-09-28T09:58:25.465+0000][30964][safepoint    ] Safepoint "Cleanup", Time since last: 1000592300 ns, Reaching safepoint: 105600 ns, At safepoint: 4100 ns, Total: 109700 ns
[2020-09-28T09:58:26.466+0000][30964][safepoint    ] Safepoint "Cleanup", Time since last: 1000375600 ns, Reaching safepoint: 145000 ns, At safepoint: 5400 ns, Total: 150400 ns
[2020-09-28T09:58:27.466+0000][30964][safepoint    ] Safepoint "Cleanup", Time since last: 1000437900 ns, Reaching safepoint: 121500 ns, At safepoint: 5600 ns, Total: 127100 ns
[2020-09-28T09:58:28.467+0000][30964][safepoint    ] Safepoint "Cleanup", Time since last: 1000177300 ns, Reaching safepoint: 131800 ns, At safepoint: 9900 ns, Total: 141700 ns
[2020-09-28T09:58:29.468+0000][30964][safepoint    ] Safepoint "Cleanup", Time since last: 1000859200 ns, Reaching safepoint: 162500 ns, At safepoint: 6900 ns, Total: 169400 ns
[2020-09-28T09:58:30.468+0000][30964][safepoint    ] Safepoint "Cleanup", Time since last: 1000202300 ns, Reaching safepoint: 111800 ns, At safepoint: 5500 ns, Total: 117300 ns
[2020-09-28T09:58:31.468+0000][30964][safepoint    ] Safepoint "Cleanup", Time since last: 1000140500 ns, Reaching safepoint: 239900 ns, At safepoint: 6400 ns, Total: 246300 ns
[2020-09-28T09:58:32.469+0000][30964][safepoint    ] Safepoint "Cleanup", Time since last: 1000222400 ns, Reaching safepoint: 85900 ns, At safepoint: 3700 ns, Total: 89600 ns
[2020-09-28T09:58:33.469+0000][30964][safepoint    ] Safepoint "Cleanup", Time since last: 1000474500 ns, Reaching safepoint: 129300 ns, At safepoint: 6700 ns, Total: 136000 ns
[2020-09-28T09:58:34.470+0000][30964][safepoint    ] Safepoint "Cleanup", Time since last: 1000812300 ns, Reaching safepoint: 103600 ns, At safepoint: 3600 ns, Total: 107200 ns
[2020-09-28T09:58:35.471+0000][30964][safepoint    ] Safepoint "Cleanup", Time since last: 1000559500 ns, Reaching safepoint: 239500 ns, At safepoint: 9200 ns, Total: 248700 ns
[2020-09-28T09:58:37.472+0000][30964][safepoint    ] Safepoint "Cleanup", Time since last: 2000301000 ns, Reaching safepoint: 121500 ns, At safepoint: 5800 ns, Total: 127300 ns
[2020-09-28T09:58:38.472+0000][30964][safepoint    ] Safepoint "Cleanup", Time since last: 1000651100 ns, Reaching safepoint: 132700 ns, At safepoint: 6000 ns, Total: 138700 ns
[2020-09-28T09:58:39.473+0000][30964][safepoint    ] Safepoint "Cleanup", Time since last: 1000303200 ns, Reaching safepoint: 130300 ns, At safepoint: 7300 ns, Total: 137600 ns
[2020-09-28T09:58:40.473+0000][30964][safepoint    ] Safepoint "Cleanup", Time since last: 1000471500 ns, Reaching safepoint: 124100 ns, At safepoint: 7100 ns, Total: 131200 ns
[2020-09-28T09:58:41.474+0000][30964][safepoint    ] Safepoint "Cleanup", Time since last: 1000070100 ns, Reaching safepoint: 143300 ns, At safepoint: 5700 ns, Total: 149000 ns
[2020-09-28T09:58:42.474+0000][30964][safepoint    ] Safepoint "Cleanup", Time since last: 1000615300 ns, Reaching safepoint: 114200 ns, At safepoint: 5600 ns, Total: 119800 ns
[2020-09-28T09:58:43.977+0000][30964][safepoint    ] Safepoint "Cleanup", Time since last: 1502502300 ns, Reaching safepoint: 92200 ns, At safepoint: 4100 ns, Total: 96300 ns
[2020-09-28T09:58:45.978+0000][30964][safepoint    ] Safepoint "Cleanup", Time since last: 2000851600 ns, Reaching safepoint: 137800 ns, At safepoint: 6100 ns, Total: 143900 ns
[2020-09-28T09:58:46.979+0000][30964][safepoint    ] Safepoint "Cleanup", Time since last: 1000670800 ns, Reaching safepoint: 103600 ns, At safepoint: 3700 ns, Total: 107300 ns
[2020-09-28T09:58:47.980+0000][30964][safepoint    ] Safepoint "Cleanup", Time since last: 1000576800 ns, Reaching safepoint: 153700 ns, At safepoint: 5000 ns, Total: 158700 ns
[2020-09-28T09:58:48.980+0000][30964][safepoint    ] Safepoint "Cleanup", Time since last: 1000357500 ns, Reaching safepoint: 135300 ns, At safepoint: 7000 ns, Total: 142300 ns
[2020-09-28T09:58:50.981+0000][30964][safepoint    ] Safepoint "Cleanup", Time since last: 2000597600 ns, Reaching safepoint: 135500 ns, At safepoint: 6800 ns, Total: 142300 ns
[2020-09-28T09:58:51.982+0000][30964][safepoint    ] Safepoint "Cleanup", Time since last: 1000710800 ns, Reaching safepoint: 169300 ns, At safepoint: 6000 ns, Total: 175300 ns
[2020-09-28T09:58:52.982+0000][30964][safepoint    ] Safepoint "Cleanup", Time since last: 1000228600 ns, Reaching safepoint: 129700 ns, At safepoint: 6400 ns, Total: 136100 ns
[2020-09-28T09:58:53.983+0000][30964][safepoint    ] Safepoint "Cleanup", Time since last: 1000773800 ns, Reaching safepoint: 106000 ns, At safepoint: 6000 ns, Total: 112000 ns
[2020-09-28T09:58:54.983+0000][30964][safepoint    ] Safepoint "Cleanup", Time since last: 1000079800 ns, Reaching safepoint: 99900 ns, At safepoint: 3100 ns, Total: 103000 ns
[2020-09-28T09:58:55.984+0000][30964][safepoint    ] Safepoint "Cleanup", Time since last: 1000153000 ns, Reaching safepoint: 126500 ns, At safepoint: 3700 ns, Total: 130200 ns
[2020-09-28T09:58:56.984+0000][30964][safepoint    ] Safepoint "Cleanup", Time since last: 1000354400 ns, Reaching safepoint: 88500 ns, At safepoint: 2600 ns, Total: 91100 ns
[2020-09-28T09:58:57.985+0000][30964][safepoint    ] Safepoint "Cleanup", Time since last: 1000742800 ns, Reaching safepoint: 130200 ns, At safepoint: 10300 ns, Total: 140500 ns
[2020-09-28T09:58:59.985+0000][30964][safepoint    ] Safepoint "Cleanup", Time since last: 2000093600 ns, Reaching safepoint: 107100 ns, At safepoint: 8000 ns, Total: 115100 ns
[2020-09-28T09:59:00.986+0000][30964][safepoint    ] Safepoint "Cleanup", Time since last: 1000473500 ns, Reaching safepoint: 126900 ns, At safepoint: 5700 ns, Total: 132600 ns
[2020-09-28T09:59:01.986+0000][30964][safepoint    ] Safepoint "Cleanup", Time since last: 1000283700 ns, Reaching safepoint: 123000 ns, At safepoint: 5600 ns, Total: 128600 ns
[2020-09-28T09:59:02.987+0000][30964][safepoint    ] Safepoint "Cleanup", Time since last: 1000716300 ns, Reaching safepoint: 107900 ns, At safepoint: 5800 ns, Total: 113700 ns
[2020-09-28T09:59:03.988+0000][30964][safepoint    ] Safepoint "Cleanup", Time since last: 1000753200 ns, Reaching safepoint: 138900 ns, At safepoint: 6000 ns, Total: 144900 ns
[2020-09-28T09:59:04.989+0000][30964][safepoint    ] Safepoint "Cleanup", Time since last: 1000456800 ns, Reaching safepoint: 143400 ns, At safepoint: 5400 ns, Total: 148800 ns
[2020-09-28T09:59:06.989+0000][30964][safepoint    ] Safepoint "Cleanup", Time since last: 2000147200 ns, Reaching safepoint: 106300 ns, At safepoint: 25300 ns, Total: 131600 ns
[2020-09-28T09:59:07.990+0000][30964][safepoint    ] Safepoint "Cleanup", Time since last: 1000467200 ns, Reaching safepoint: 93300 ns, At safepoint: 3300 ns, Total: 96600 ns
[2020-09-28T09:59:08.990+0000][30964][safepoint    ] Safepoint "Cleanup", Time since last: 1000611600 ns, Reaching safepoint: 170800 ns, At safepoint: 7500 ns, Total: 178300 ns
[2020-09-28T09:59:09.991+0000][30964][safepoint    ] Safepoint "Cleanup", Time since last: 1000632400 ns, Reaching safepoint: 115200 ns, At safepoint: 7800 ns, Total: 123000 ns
[2020-09-28T09:59:10.992+0000][30964][safepoint    ] Safepoint "Cleanup", Time since last: 1000853200 ns, Reaching safepoint: 154600 ns, At safepoint: 5700 ns, Total: 160300 ns
[2020-09-28T09:59:11.993+0000][30964][safepoint    ] Safepoint "Cleanup", Time since last: 1000598800 ns, Reaching safepoint: 157200 ns, At safepoint: 6100 ns, Total: 163300 ns
[2020-09-28T09:59:12.993+0000][30964][safepoint    ] Safepoint "Cleanup", Time since last: 1000302600 ns, Reaching safepoint: 121100 ns, At safepoint: 19600 ns, Total: 140700 ns
[2020-09-28T09:59:14.994+0000][30964][safepoint    ] Safepoint "Cleanup", Time since last: 2000651900 ns, Reaching safepoint: 98100 ns, At safepoint: 3400 ns, Total: 101500 ns
[2020-09-28T09:59:15.995+0000][30964][safepoint    ] Safepoint "Cleanup", Time since last: 1000607700 ns, Reaching safepoint: 100100 ns, At safepoint: 7400 ns, Total: 107500 ns
[2020-09-28T09:59:16.996+0000][30964][safepoint    ] Safepoint "Cleanup", Time since last: 1000553300 ns, Reaching safepoint: 116800 ns, At safepoint: 7400 ns, Total: 124200 ns
[2020-09-28T09:59:18.996+0000][30964][safepoint    ] Safepoint "Cleanup", Time since last: 2000288800 ns, Reaching safepoint: 129600 ns, At safepoint: 5500 ns, Total: 135100 ns
[2020-09-28T09:59:19.997+0000][30964][safepoint    ] Safepoint "Cleanup", Time since last: 1000484200 ns, Reaching safepoint: 120600 ns, At safepoint: 5600 ns, Total: 126200 ns
[2020-09-28T09:59:21.997+0000][30964][safepoint    ] Safepoint "Cleanup", Time since last: 2000130200 ns, Reaching safepoint: 136800 ns, At safepoint: 6000 ns, Total: 142800 ns
[2020-09-28T09:59:22.997+0000][30964][safepoint    ] Safepoint "Cleanup", Time since last: 1000217200 ns, Reaching safepoint: 109800 ns, At safepoint: 5600 ns, Total: 115400 ns
[2020-09-28T09:59:24.998+0000][30964][safepoint    ] Safepoint "Cleanup", Time since last: 2000157500 ns, Reaching safepoint: 125900 ns, At safepoint: 6800 ns, Total: 132700 ns
[2020-09-28T09:59:25.999+0000][30964][safepoint    ] Safepoint "Cleanup", Time since last: 1000690300 ns, Reaching safepoint: 128400 ns, At safepoint: 6400 ns, Total: 134800 ns
[2020-09-28T09:59:26.999+0000][30964][safepoint    ] Safepoint "Cleanup", Time since last: 1000031300 ns, Reaching safepoint: 123400 ns, At safepoint: 5500 ns, Total: 128900 ns
[2020-09-28T09:59:28.000+0000][30964][safepoint    ] Safepoint "Cleanup", Time since last: 1000796900 ns, Reaching safepoint: 143200 ns, At safepoint: 7000 ns, Total: 150200 ns
[2020-09-28T09:59:29.000+0000][30964][safepoint    ] Safepoint "Cleanup", Time since last: 1000443600 ns, Reaching safepoint: 121800 ns, At safepoint: 6100 ns, Total: 127900 ns
[2020-09-28T09:59:30.001+0000][30964][safepoint    ] Safepoint "Cleanup", Time since last: 1000512400 ns, Reaching safepoint: 105700 ns, At safepoint: 8200 ns, Total: 113900 ns
[2020-09-28T09:59:31.001+0000][30964][safepoint    ] Safepoint "Cleanup", Time since last: 1000295100 ns, Reaching safepoint: 100200 ns, At safepoint: 6800 ns, Total: 107000 ns
[2020-09-28T09:59:32.002+0000][30964][safepoint    ] Safepoint "Cleanup", Time since last: 1000517100 ns, Reaching safepoint: 169400 ns, At safepoint: 6100 ns, Total: 175500 ns
[2020-09-28T09:59:33.003+0000][30964][safepoint    ] Safepoint "Cleanup", Time since last: 1000403800 ns, Reaching safepoint: 106000 ns, At safepoint: 3500 ns, Total: 109500 ns
[2020-09-28T09:59:34.003+0000][30964][safepoint    ] Safepoint "Cleanup", Time since last: 1000518200 ns, Reaching safepoint: 92000 ns, At safepoint: 3400 ns, Total: 95400 ns
[2020-09-28T09:59:35.004+0000][30964][safepoint    ] Safepoint "Cleanup", Time since last: 1000832700 ns, Reaching safepoint: 115600 ns, At safepoint: 5800 ns, Total: 121400 ns
[2020-09-28T09:59:36.005+0000][30964][safepoint    ] Safepoint "Cleanup", Time since last: 1000170800 ns, Reaching safepoint: 140300 ns, At safepoint: 4700 ns, Total: 145000 ns
[2020-09-28T09:59:37.005+0000][30964][safepoint    ] Safepoint "Cleanup", Time since last: 1000361400 ns, Reaching safepoint: 139300 ns, At safepoint: 5600 ns, Total: 144900 ns
[2020-09-28T09:59:38.006+0000][30964][safepoint    ] Safepoint "Cleanup", Time since last: 1000615300 ns, Reaching safepoint: 95300 ns, At safepoint: 7500 ns, Total: 102800 ns
[2020-09-28T09:59:39.006+0000][30964][safepoint    ] Safepoint "Cleanup", Time since last: 1000142400 ns, Reaching safepoint: 106900 ns, At safepoint: 6600 ns, Total: 113500 ns
[2020-09-28T09:59:40.007+0000][30964][safepoint    ] Safepoint "Cleanup", Time since last: 1000650500 ns, Reaching safepoint: 124900 ns, At safepoint: 7200 ns, Total: 132100 ns
[2020-09-28T09:59:41.007+0000][30964][safepoint    ] Safepoint "Cleanup", Time since last: 1000378600 ns, Reaching safepoint: 133300 ns, At safepoint: 6000 ns, Total: 139300 ns
[2020-09-28T09:59:42.449+0000][30964][safepoint    ] Safepoint "Cleanup", Time since last: 1441542700 ns, Reaching safepoint: 130400 ns, At safepoint: 7900 ns, Total: 138300 ns
[2020-09-28T09:59:43.450+0000][30964][safepoint    ] Safepoint "Cleanup", Time since last: 1000360500 ns, Reaching safepoint: 92200 ns, At safepoint: 3600 ns, Total: 95800 ns
[2020-09-28T09:59:44.451+0000][30964][safepoint    ] Safepoint "Cleanup", Time since last: 1000796600 ns, Reaching safepoint: 122800 ns, At safepoint: 7800 ns, Total: 130600 ns
[2020-09-28T09:59:45.451+0000][30964][safepoint    ] Safepoint "Cleanup", Time since last: 1000182500 ns, Reaching safepoint: 126200 ns, At safepoint: 5400 ns, Total: 131600 ns
[2020-09-28T09:59:46.451+0000][30964][safepoint    ] Safepoint "Cleanup", Time since last: 1000313500 ns, Reaching safepoint: 140400 ns, At safepoint: 5300 ns, Total: 145700 ns
[2020-09-28T09:59:47.452+0000][30964][safepoint    ] Safepoint "Cleanup", Time since last: 1000280500 ns, Reaching safepoint: 123900 ns, At safepoint: 7900 ns, Total: 131800 ns
[2020-09-28T09:59:49.452+0000][30964][safepoint    ] Safepoint "Cleanup", Time since last: 2000071400 ns, Reaching safepoint: 173700 ns, At safepoint: 6000 ns, Total: 179700 ns
[2020-09-28T09:59:50.453+0000][30964][safepoint    ] Safepoint "Cleanup", Time since last: 1000324800 ns, Reaching safepoint: 116700 ns, At safepoint: 7300 ns, Total: 124000 ns
[2020-09-28T09:59:51.453+0000][30964][safepoint    ] Safepoint "Cleanup", Time since last: 1000449100 ns, Reaching safepoint: 111300 ns, At safepoint: 7700 ns, Total: 119000 ns
[2020-09-28T09:59:52.454+0000][30964][safepoint    ] Safepoint "Cleanup", Time since last: 1000559000 ns, Reaching safepoint: 119300 ns, At safepoint: 6200 ns, Total: 125500 ns
[2020-09-28T09:59:53.454+0000][30964][safepoint    ] Safepoint "Cleanup", Time since last: 1000368400 ns, Reaching safepoint: 115700 ns, At safepoint: 7600 ns, Total: 123300 ns
[2020-09-28T09:59:55.455+0000][30964][safepoint    ] Safepoint "Cleanup", Time since last: 2000545900 ns, Reaching safepoint: 123300 ns, At safepoint: 5400 ns, Total: 128700 ns
[2020-09-28T09:59:56.456+0000][30964][safepoint    ] Safepoint "Cleanup", Time since last: 1000320200 ns, Reaching safepoint: 133400 ns, At safepoint: 7300 ns, Total: 140700 ns
[2020-09-28T09:59:57.456+0000][30964][safepoint    ] Safepoint "Cleanup", Time since last: 1000491600 ns, Reaching safepoint: 214700 ns, At safepoint: 8600 ns, Total: 223300 ns
[2020-09-28T09:59:59.456+0000][30964][safepoint    ] Safepoint "Cleanup", Time since last: 1999823600 ns, Reaching safepoint: 111700 ns, At safepoint: 5900 ns, Total: 117600 ns
[2020-09-28T10:00:00.457+0000][30964][safepoint    ] Safepoint "Cleanup", Time since last: 1000650400 ns, Reaching safepoint: 323100 ns, At safepoint: 19100 ns, Total: 342200 ns
[2020-09-28T10:00:01.458+0000][30964][safepoint    ] Safepoint "Cleanup", Time since last: 1000624500 ns, Reaching safepoint: 141600 ns, At safepoint: 7700 ns, Total: 149300 ns
[2020-09-28T10:00:03.459+0000][30964][safepoint    ] Safepoint "Cleanup", Time since last: 2000654200 ns, Reaching safepoint: 192300 ns, At safepoint: 6400 ns, Total: 198700 ns
[2020-09-28T10:00:05.459+0000][30964][safepoint    ] Safepoint "Cleanup", Time since last: 2000092800 ns, Reaching safepoint: 130600 ns, At safepoint: 7800 ns, Total: 138400 ns
[2020-09-28T10:00:06.460+0000][30964][safepoint    ] Safepoint "Cleanup", Time since last: 1000420400 ns, Reaching safepoint: 134700 ns, At safepoint: 6800 ns, Total: 141500 ns
[2020-09-28T10:00:07.460+0000][30964][safepoint    ] Safepoint "Cleanup", Time since last: 1000171400 ns, Reaching safepoint: 121500 ns, At safepoint: 6400 ns, Total: 127900 ns
[2020-09-28T10:00:08.461+0000][30964][safepoint    ] Safepoint "Cleanup", Time since last: 1000729500 ns, Reaching safepoint: 110500 ns, At safepoint: 8000 ns, Total: 118500 ns
[2020-09-28T10:00:09.462+0000][30964][safepoint    ] Safepoint "Cleanup", Time since last: 1000359400 ns, Reaching safepoint: 124200 ns, At safepoint: 5600 ns, Total: 129800 ns
[2020-09-28T10:00:10.463+0000][30964][safepoint    ] Safepoint "Cleanup", Time since last: 1000765300 ns, Reaching safepoint: 97200 ns, At safepoint: 7900 ns, Total: 105100 ns
[2020-09-28T10:00:11.463+0000][30964][safepoint    ] Safepoint "Cleanup", Time since last: 1000383200 ns, Reaching safepoint: 103500 ns, At safepoint: 3800 ns, Total: 107300 ns
[2020-09-28T10:00:12.463+0000][30964][safepoint    ] Safepoint "Cleanup", Time since last: 1000216700 ns, Reaching safepoint: 116900 ns, At safepoint: 6000 ns, Total: 122900 ns
[2020-09-28T10:00:13.464+0000][30964][safepoint    ] Safepoint "Cleanup", Time since last: 1000811400 ns, Reaching safepoint: 134200 ns, At safepoint: 19000 ns, Total: 153200 ns
[2020-09-28T10:00:14.465+0000][30964][safepoint    ] Safepoint "Cleanup", Time since last: 1000562600 ns, Reaching safepoint: 85500 ns, At safepoint: 3900 ns, Total: 89400 ns
[2020-09-28T10:00:15.465+0000][30964][safepoint    ] Safepoint "Cleanup", Time since last: 1000302100 ns, Reaching safepoint: 141700 ns, At safepoint: 6200 ns, Total: 147900 ns
[2020-09-28T10:00:16.466+0000][30964][safepoint    ] Safepoint "Cleanup", Time since last: 1000441000 ns, Reaching safepoint: 136700 ns, At safepoint: 4700 ns, Total: 141400 ns
[2020-09-28T10:00:17.467+0000][30964][safepoint    ] Safepoint "Cleanup", Time since last: 1000786400 ns, Reaching safepoint: 116600 ns, At safepoint: 6900 ns, Total: 123500 ns
[2020-09-28T10:00:18.468+0000][30964][safepoint    ] Safepoint "Cleanup", Time since last: 1000446200 ns, Reaching safepoint: 143500 ns, At safepoint: 7300 ns, Total: 150800 ns
[2020-09-28T10:00:20.468+0000][30964][safepoint    ] Safepoint "Cleanup", Time since last: 2000208000 ns, Reaching safepoint: 110700 ns, At safepoint: 6300 ns, Total: 117000 ns
[2020-09-28T10:00:21.469+0000][30964][safepoint    ] Safepoint "Cleanup", Time since last: 1000689500 ns, Reaching safepoint: 116600 ns, At safepoint: 8300 ns, Total: 124900 ns
[2020-09-28T10:00:22.469+0000][30964][safepoint    ] Safepoint "Cleanup", Time since last: 1000200400 ns, Reaching safepoint: 120400 ns, At safepoint: 8600 ns, Total: 129000 ns
[2020-09-28T10:00:23.470+0000][30964][safepoint    ] Safepoint "Cleanup", Time since last: 1000233900 ns, Reaching safepoint: 119600 ns, At safepoint: 6200 ns, Total: 125800 ns
[2020-09-28T10:00:24.470+0000][30964][safepoint    ] Safepoint "Cleanup", Time since last: 1000246000 ns, Reaching safepoint: 191400 ns, At safepoint: 13300 ns, Total: 204700 ns
[2020-09-28T10:00:25.471+0000][30964][safepoint    ] Safepoint "Cleanup", Time since last: 1000394900 ns, Reaching safepoint: 126400 ns, At safepoint: 6700 ns, Total: 133100 ns
[2020-09-28T10:00:26.471+0000][30964][safepoint    ] Safepoint "Cleanup", Time since last: 1000446200 ns, Reaching safepoint: 137400 ns, At safepoint: 5300 ns, Total: 142700 ns
[2020-09-28T10:00:28.472+0000][30964][safepoint    ] Safepoint "Cleanup", Time since last: 2000673200 ns, Reaching safepoint: 127800 ns, At safepoint: 6700 ns, Total: 134500 ns
[2020-09-28T10:00:29.472+0000][30964][safepoint    ] Safepoint "Cleanup", Time since last: 1000320800 ns, Reaching safepoint: 206000 ns, At safepoint: 10800 ns, Total: 216800 ns
[2020-09-28T10:00:30.473+0000][30964][safepoint    ] Safepoint "Cleanup", Time since last: 1000721900 ns, Reaching safepoint: 155200 ns, At safepoint: 5700 ns, Total: 160900 ns
[2020-09-28T10:00:32.474+0000][30964][safepoint    ] Safepoint "Cleanup", Time since last: 2000469700 ns, Reaching safepoint: 149000 ns, At safepoint: 5400 ns, Total: 154400 ns
[2020-09-28T10:00:33.475+0000][30964][safepoint    ] Safepoint "Cleanup", Time since last: 1000281100 ns, Reaching safepoint: 104500 ns, At safepoint: 7800 ns, Total: 112300 ns
[2020-09-28T10:00:34.475+0000][30964][safepoint    ] Safepoint "Cleanup", Time since last: 1000031500 ns, Reaching safepoint: 105500 ns, At safepoint: 6300 ns, Total: 111800 ns
[2020-09-28T10:00:36.475+0000][30964][safepoint    ] Safepoint "Cleanup", Time since last: 2000140500 ns, Reaching safepoint: 90000 ns, At safepoint: 3500 ns, Total: 93500 ns
[2020-09-28T10:00:37.476+0000][30964][safepoint    ] Safepoint "Cleanup", Time since last: 1000506600 ns, Reaching safepoint: 130800 ns, At safepoint: 6100 ns, Total: 136900 ns
[2020-09-28T10:00:38.476+0000][30964][safepoint    ] Safepoint "Cleanup", Time since last: 1000602800 ns, Reaching safepoint: 115300 ns, At safepoint: 6200 ns, Total: 121500 ns
[2020-09-28T10:00:39.477+0000][30964][safepoint    ] Safepoint "Cleanup", Time since last: 1000859400 ns, Reaching safepoint: 137700 ns, At safepoint: 6000 ns, Total: 143700 ns
[2020-09-28T10:00:40.478+0000][30964][safepoint    ] Safepoint "Cleanup", Time since last: 1000701600 ns, Reaching safepoint: 135000 ns, At safepoint: 6000 ns, Total: 141000 ns
[2020-09-28T10:00:42.478+0000][30964][safepoint    ] Safepoint "Cleanup", Time since last: 1999846000 ns, Reaching safepoint: 119800 ns, At safepoint: 2500 ns, Total: 122300 ns
[2020-09-28T10:00:43.479+0000][30964][safepoint    ] Safepoint "Cleanup", Time since last: 1000666700 ns, Reaching safepoint: 136500 ns, At safepoint: 5900 ns, Total: 142400 ns
[2020-09-28T10:00:44.480+0000][30964][safepoint    ] Safepoint "Cleanup", Time since last: 1000510500 ns, Reaching safepoint: 144600 ns, At safepoint: 4700 ns, Total: 149300 ns
[2020-09-28T10:00:45.481+0000][30964][safepoint    ] Safepoint "Cleanup", Time since last: 1000557300 ns, Reaching safepoint: 122200 ns, At safepoint: 6600 ns, Total: 128800 ns
[2020-09-28T10:00:46.481+0000][30964][safepoint    ] Safepoint "Cleanup", Time since last: 1000123500 ns, Reaching safepoint: 85700 ns, At safepoint: 2700 ns, Total: 88400 ns
[2020-09-28T10:00:47.481+0000][30964][safepoint    ] Safepoint "Cleanup", Time since last: 1000425500 ns, Reaching safepoint: 114200 ns, At safepoint: 4300 ns, Total: 118500 ns
[2020-09-28T10:00:48.118+0000][30964][gc,start     ] GC(20) Pause Young (Normal) (G1 Evacuation Pause)
[2020-09-28T10:00:48.118+0000][30964][gc,task      ] GC(20) Using 8 workers of 8 for evacuation
[2020-09-28T10:00:48.118+0000][30964][gc,age       ] GC(20) Desired survivor size 33554432 bytes, new threshold 15 (max threshold 15)
[2020-09-28T10:00:48.144+0000][30964][gc,age       ] GC(20) Age table with threshold 15 (max threshold 15)
[2020-09-28T10:00:48.144+0000][30964][gc,age       ] GC(20) - age   1:      21792 bytes,      21792 total
[2020-09-28T10:00:48.144+0000][30964][gc,age       ] GC(20) - age   2:     263840 bytes,     285632 total
[2020-09-28T10:00:48.144+0000][30964][gc,age       ] GC(20) - age   3:    1056184 bytes,    1341816 total
[2020-09-28T10:00:48.144+0000][30964][gc,age       ] GC(20) - age   4:     169776 bytes,    1511592 total
[2020-09-28T10:00:48.144+0000][30964][gc,age       ] GC(20) - age   5:    1688472 bytes,    3200064 total
[2020-09-28T10:00:48.144+0000][30964][gc,age       ] GC(20) - age   6:     613168 bytes,    3813232 total
[2020-09-28T10:00:48.144+0000][30964][gc,age       ] GC(20) - age   7:   10605312 bytes,   14418544 total
[2020-09-28T10:00:48.144+0000][30964][gc,age       ] GC(20) - age   8:    7889656 bytes,   22308200 total
[2020-09-28T10:00:48.144+0000][30964][gc,phases    ] GC(20)   Pre Evacuate Collection Set: 0.2ms
[2020-09-28T10:00:48.144+0000][30964][gc,phases    ] GC(20)   Merge Heap Roots: 0.1ms
[2020-09-28T10:00:48.144+0000][30964][gc,phases    ] GC(20)   Evacuate Collection Set: 22.7ms
[2020-09-28T10:00:48.144+0000][30964][gc,phases    ] GC(20)   Post Evacuate Collection Set: 2.5ms
[2020-09-28T10:00:48.145+0000][30964][gc,phases    ] GC(20)   Other: 0.9ms
[2020-09-28T10:00:48.145+0000][30964][gc,heap      ] GC(20) Eden regions: 483->0(492)
[2020-09-28T10:00:48.145+0000][30964][gc,heap      ] GC(20) Survivor regions: 25->23(64)
[2020-09-28T10:00:48.145+0000][30964][gc,heap      ] GC(20) Old regions: 50->50
[2020-09-28T10:00:48.145+0000][30964][gc,heap      ] GC(20) Archive regions: 0->0
[2020-09-28T10:00:48.145+0000][30964][gc,heap      ] GC(20) Humongous regions: 174->174
[2020-09-28T10:00:48.145+0000][30964][gc,metaspace ] GC(20) Metaspace: 82178K(88192K)->82178K(88192K) NonClass: 71372K(75008K)->71372K(75008K) Class: 10806K(13184K)->10806K(13184K)
[2020-09-28T10:00:48.145+0000][30964][gc           ] GC(20) Pause Young (Normal) (G1 Evacuation Pause) 731M->246M(1024M) 26.820ms
[2020-09-28T10:00:48.145+0000][30964][gc,cpu       ] GC(20) User=0.13s Sys=0.06s Real=0.03s
[2020-09-28T10:00:48.145+0000][30964][safepoint    ] Safepoint "G1CollectForAllocation", Time since last: 637181000 ns, Reaching safepoint: 118100 ns, At safepoint: 27442400 ns, Total: 27560500 ns
[2020-09-28T10:00:50.146+0000][30964][safepoint    ] Safepoint "Cleanup", Time since last: 1999993900 ns, Reaching safepoint: 140900 ns, At safepoint: 8300 ns, Total: 149200 ns
[2020-09-28T10:00:51.146+0000][30964][safepoint    ] Safepoint "Cleanup", Time since last: 1000045600 ns, Reaching safepoint: 134300 ns, At safepoint: 5400 ns, Total: 139700 ns
[2020-09-28T10:00:52.147+0000][30964][safepoint    ] Safepoint "Cleanup", Time since last: 1000380000 ns, Reaching safepoint: 131900 ns, At safepoint: 9600 ns, Total: 141500 ns
[2020-09-28T10:00:53.148+0000][30964][safepoint    ] Safepoint "Cleanup", Time since last: 1000657800 ns, Reaching safepoint: 157800 ns, At safepoint: 8800 ns, Total: 166600 ns
[2020-09-28T10:00:54.161+0000][30964][safepoint    ] Safepoint "Cleanup", Time since last: 1013237800 ns, Reaching safepoint: 121000 ns, At safepoint: 7400 ns, Total: 128400 ns
[2020-09-28T10:00:55.162+0000][30964][safepoint    ] Safepoint "Cleanup", Time since last: 1000726900 ns, Reaching safepoint: 120200 ns, At safepoint: 33300 ns, Total: 153500 ns
[2020-09-28T10:00:57.163+0000][30964][safepoint    ] Safepoint "Cleanup", Time since last: 2000748400 ns, Reaching safepoint: 146400 ns, At safepoint: 29900 ns, Total: 176300 ns
[2020-09-28T10:00:58.164+0000][30964][safepoint    ] Safepoint "Cleanup", Time since last: 1000404700 ns, Reaching safepoint: 266400 ns, At safepoint: 37200 ns, Total: 303600 ns
[2020-09-28T10:00:59.165+0000][30964][safepoint    ] Safepoint "Cleanup", Time since last: 1000495900 ns, Reaching safepoint: 160400 ns, At safepoint: 9200 ns, Total: 169600 ns
[2020-09-28T10:01:00.165+0000][30964][safepoint    ] Safepoint "Cleanup", Time since last: 1000271300 ns, Reaching safepoint: 113500 ns, At safepoint: 20000 ns, Total: 133500 ns
[2020-09-28T10:01:01.165+0000][30964][safepoint    ] Safepoint "Cleanup", Time since last: 1000129700 ns, Reaching safepoint: 133100 ns, At safepoint: 7000 ns, Total: 140100 ns
[2020-09-28T10:01:02.166+0000][30964][safepoint    ] Safepoint "Cleanup", Time since last: 1000731600 ns, Reaching safepoint: 100700 ns, At safepoint: 6300 ns, Total: 107000 ns
[2020-09-28T10:01:03.167+0000][30964][safepoint    ] Safepoint "Cleanup", Time since last: 1000759000 ns, Reaching safepoint: 219600 ns, At safepoint: 8900 ns, Total: 228500 ns
[2020-09-28T10:01:05.168+0000][30964][safepoint    ] Safepoint "Cleanup", Time since last: 2000535100 ns, Reaching safepoint: 96700 ns, At safepoint: 7600 ns, Total: 104300 ns
[2020-09-28T10:01:06.169+0000][30964][safepoint    ] Safepoint "Cleanup", Time since last: 1000608900 ns, Reaching safepoint: 125400 ns, At safepoint: 5700 ns, Total: 131100 ns
[2020-09-28T10:01:08.169+0000][30964][safepoint    ] Safepoint "Cleanup", Time since last: 2000593400 ns, Reaching safepoint: 129600 ns, At safepoint: 9100 ns, Total: 138700 ns
[2020-09-28T10:01:09.170+0000][30964][safepoint    ] Safepoint "Cleanup", Time since last: 1000387800 ns, Reaching safepoint: 139700 ns, At safepoint: 7300 ns, Total: 147000 ns
[2020-09-28T10:01:10.171+0000][30964][safepoint    ] Safepoint "Cleanup", Time since last: 1000574200 ns, Reaching safepoint: 168100 ns, At safepoint: 4600 ns, Total: 172700 ns
[2020-09-28T10:01:11.171+0000][30964][safepoint    ] Safepoint "Cleanup", Time since last: 1000646600 ns, Reaching safepoint: 145400 ns, At safepoint: 11900 ns, Total: 157300 ns
[2020-09-28T10:01:12.172+0000][30964][safepoint    ] Safepoint "Cleanup", Time since last: 1000542600 ns, Reaching safepoint: 122300 ns, At safepoint: 8600 ns, Total: 130900 ns
[2020-09-28T10:01:13.173+0000][30964][safepoint    ] Safepoint "Cleanup", Time since last: 1000624200 ns, Reaching safepoint: 133700 ns, At safepoint: 7800 ns, Total: 141500 ns
[2020-09-28T10:01:14.173+0000][30964][safepoint    ] Safepoint "Cleanup", Time since last: 1000102500 ns, Reaching safepoint: 126500 ns, At safepoint: 8700 ns, Total: 135200 ns
[2020-09-28T10:01:15.174+0000][30964][safepoint    ] Safepoint "Cleanup", Time since last: 1000390600 ns, Reaching safepoint: 131600 ns, At safepoint: 9500 ns, Total: 141100 ns
[2020-09-28T10:01:16.174+0000][30964][safepoint    ] Safepoint "Cleanup", Time since last: 1000115300 ns, Reaching safepoint: 148500 ns, At safepoint: 9000 ns, Total: 157500 ns
[2020-09-28T10:01:17.174+0000][30964][safepoint    ] Safepoint "Cleanup", Time since last: 1000254400 ns, Reaching safepoint: 125300 ns, At safepoint: 9400 ns, Total: 134700 ns
[2020-09-28T10:01:18.175+0000][30964][safepoint    ] Safepoint "Cleanup", Time since last: 1000476100 ns, Reaching safepoint: 145400 ns, At safepoint: 6300 ns, Total: 151700 ns
[2020-09-28T10:01:19.176+0000][30964][safepoint    ] Safepoint "Cleanup", Time since last: 1000335600 ns, Reaching safepoint: 149600 ns, At safepoint: 6900 ns, Total: 156500 ns
[2020-09-28T10:01:20.176+0000][30964][safepoint    ] Safepoint "Cleanup", Time since last: 1000291100 ns, Reaching safepoint: 167300 ns, At safepoint: 9500 ns, Total: 176800 ns
[2020-09-28T10:01:21.176+0000][30964][safepoint    ] Safepoint "Cleanup", Time since last: 1000164500 ns, Reaching safepoint: 139600 ns, At safepoint: 9200 ns, Total: 148800 ns
[2020-09-28T10:01:22.177+0000][30964][safepoint    ] Safepoint "Cleanup", Time since last: 1000520800 ns, Reaching safepoint: 177900 ns, At safepoint: 9500 ns, Total: 187400 ns
[2020-09-28T10:01:23.178+0000][30964][safepoint    ] Safepoint "Cleanup", Time since last: 1000685500 ns, Reaching safepoint: 122100 ns, At safepoint: 4500 ns, Total: 126600 ns
[2020-09-28T10:01:24.178+0000][30964][safepoint    ] Safepoint "Cleanup", Time since last: 1000460800 ns, Reaching safepoint: 178000 ns, At safepoint: 6600 ns, Total: 184600 ns
[2020-09-28T10:01:26.179+0000][30964][safepoint    ] Safepoint "Cleanup", Time since last: 1999831400 ns, Reaching safepoint: 120000 ns, At safepoint: 9700 ns, Total: 129700 ns
[2020-09-28T10:01:27.179+0000][30964][safepoint    ] Safepoint "Cleanup", Time since last: 1000503800 ns, Reaching safepoint: 114600 ns, At safepoint: 5600 ns, Total: 120200 ns
[2020-09-28T10:01:28.180+0000][30964][safepoint    ] Safepoint "Cleanup", Time since last: 1000232000 ns, Reaching safepoint: 117600 ns, At safepoint: 6500 ns, Total: 124100 ns
[2020-09-28T10:01:29.180+0000][30964][safepoint    ] Safepoint "Cleanup", Time since last: 1000100400 ns, Reaching safepoint: 135000 ns, At safepoint: 3400 ns, Total: 138400 ns
[2020-09-28T10:01:30.180+0000][30964][safepoint    ] Safepoint "Cleanup", Time since last: 1000530700 ns, Reaching safepoint: 117300 ns, At safepoint: 6400 ns, Total: 123700 ns
[2020-09-28T10:01:32.181+0000][30964][safepoint    ] Safepoint "Cleanup", Time since last: 2000102500 ns, Reaching safepoint: 420500 ns, At safepoint: 21700 ns, Total: 442200 ns
[2020-09-28T10:01:33.182+0000][30964][safepoint    ] Safepoint "Cleanup", Time since last: 1000362900 ns, Reaching safepoint: 105700 ns, At safepoint: 4300 ns, Total: 110000 ns
[2020-09-28T10:01:34.182+0000][30964][safepoint    ] Safepoint "Cleanup", Time since last: 1000057100 ns, Reaching safepoint: 122400 ns, At safepoint: 3400 ns, Total: 125800 ns
[2020-09-28T10:01:35.182+0000][30964][safepoint    ] Safepoint "Cleanup", Time since last: 1000489100 ns, Reaching safepoint: 124100 ns, At safepoint: 8500 ns, Total: 132600 ns
[2020-09-28T10:01:36.183+0000][30964][safepoint    ] Safepoint "Cleanup", Time since last: 1000169100 ns, Reaching safepoint: 95800 ns, At safepoint: 3300 ns, Total: 99100 ns
[2020-09-28T10:01:37.183+0000][30964][safepoint    ] Safepoint "Cleanup", Time since last: 1000517900 ns, Reaching safepoint: 411600 ns, At safepoint: 10200 ns, Total: 421800 ns
[2020-09-28T10:01:38.184+0000][30964][safepoint    ] Safepoint "Cleanup", Time since last: 1000095600 ns, Reaching safepoint: 110300 ns, At safepoint: 6300 ns, Total: 116600 ns
[2020-09-28T10:01:39.184+0000][30964][safepoint    ] Safepoint "Cleanup", Time since last: 1000414900 ns, Reaching safepoint: 150800 ns, At safepoint: 10100 ns, Total: 160900 ns
[2020-09-28T10:01:40.185+0000][30964][safepoint    ] Safepoint "Cleanup", Time since last: 1000692700 ns, Reaching safepoint: 169500 ns, At safepoint: 11300 ns, Total: 180800 ns
[2020-09-28T10:01:41.186+0000][30964][safepoint    ] Safepoint "Cleanup", Time since last: 1000073800 ns, Reaching safepoint: 146100 ns, At safepoint: 10900 ns, Total: 157000 ns
[2020-09-28T10:01:42.462+0000][30964][safepoint    ] Safepoint "Cleanup", Time since last: 1276495300 ns, Reaching safepoint: 128300 ns, At safepoint: 10000 ns, Total: 138300 ns
[2020-09-28T10:01:43.463+0000][30964][safepoint    ] Safepoint "Cleanup", Time since last: 1000470000 ns, Reaching safepoint: 162600 ns, At safepoint: 9500 ns, Total: 172100 ns
[2020-09-28T10:01:44.463+0000][30964][safepoint    ] Safepoint "Cleanup", Time since last: 1000093500 ns, Reaching safepoint: 136300 ns, At safepoint: 8400 ns, Total: 144700 ns
[2020-09-28T10:01:45.464+0000][30964][safepoint    ] Safepoint "Cleanup", Time since last: 1000757800 ns, Reaching safepoint: 122000 ns, At safepoint: 7500 ns, Total: 129500 ns
[2020-09-28T10:01:47.464+0000][30964][safepoint    ] Safepoint "Cleanup", Time since last: 1999981700 ns, Reaching safepoint: 139200 ns, At safepoint: 9200 ns, Total: 148400 ns
[2020-09-28T10:01:49.465+0000][30964][safepoint    ] Safepoint "Cleanup", Time since last: 2000611400 ns, Reaching safepoint: 94900 ns, At safepoint: 6900 ns, Total: 101800 ns
[2020-09-28T10:01:50.466+0000][30964][safepoint    ] Safepoint "Cleanup", Time since last: 1000535000 ns, Reaching safepoint: 164600 ns, At safepoint: 25500 ns, Total: 190100 ns
[2020-09-28T10:01:51.466+0000][30964][safepoint    ] Safepoint "Cleanup", Time since last: 1000428800 ns, Reaching safepoint: 129700 ns, At safepoint: 9400 ns, Total: 139100 ns
[2020-09-28T10:01:52.467+0000][30964][safepoint    ] Safepoint "Cleanup", Time since last: 1000425400 ns, Reaching safepoint: 160900 ns, At safepoint: 7500 ns, Total: 168400 ns
[2020-09-28T10:01:53.467+0000][30964][safepoint    ] Safepoint "Cleanup", Time since last: 1000190100 ns, Reaching safepoint: 150900 ns, At safepoint: 8500 ns, Total: 159400 ns
[2020-09-28T10:01:54.468+0000][30964][safepoint    ] Safepoint "Cleanup", Time since last: 1000712000 ns, Reaching safepoint: 148600 ns, At safepoint: 13400 ns, Total: 162000 ns
[2020-09-28T10:01:56.469+0000][30964][safepoint    ] Safepoint "Cleanup", Time since last: 2000633800 ns, Reaching safepoint: 144900 ns, At safepoint: 9800 ns, Total: 154700 ns
[2020-09-28T10:01:58.469+0000][30964][safepoint    ] Safepoint "Cleanup", Time since last: 2000181100 ns, Reaching safepoint: 163100 ns, At safepoint: 11300 ns, Total: 174400 ns
[2020-09-28T10:01:59.470+0000][30964][safepoint    ] Safepoint "Cleanup", Time since last: 1000535900 ns, Reaching safepoint: 165200 ns, At safepoint: 11700 ns, Total: 176900 ns
[2020-09-28T10:02:00.471+0000][30964][safepoint    ] Safepoint "Cleanup", Time since last: 1000683500 ns, Reaching safepoint: 198600 ns, At safepoint: 9100 ns, Total: 207700 ns
[2020-09-28T10:02:01.471+0000][30964][safepoint    ] Safepoint "Cleanup", Time since last: 1000056500 ns, Reaching safepoint: 158900 ns, At safepoint: 3800 ns, Total: 162700 ns
[2020-09-28T10:02:03.472+0000][30964][safepoint    ] Safepoint "Cleanup", Time since last: 2000498400 ns, Reaching safepoint: 151900 ns, At safepoint: 9800 ns, Total: 161700 ns
[2020-09-28T10:02:04.473+0000][30964][safepoint    ] Safepoint "Cleanup", Time since last: 1000626900 ns, Reaching safepoint: 149200 ns, At safepoint: 9700 ns, Total: 158900 ns
[2020-09-28T10:02:05.473+0000][30964][safepoint    ] Safepoint "Cleanup", Time since last: 1000502000 ns, Reaching safepoint: 165300 ns, At safepoint: 9200 ns, Total: 174500 ns
[2020-09-28T10:02:06.474+0000][30964][safepoint    ] Safepoint "Cleanup", Time since last: 1000296800 ns, Reaching safepoint: 141700 ns, At safepoint: 10500 ns, Total: 152200 ns
[2020-09-28T10:02:08.474+0000][30964][safepoint    ] Safepoint "Cleanup", Time since last: 1999966400 ns, Reaching safepoint: 164100 ns, At safepoint: 9900 ns, Total: 174000 ns
[2020-09-28T10:02:09.475+0000][30964][safepoint    ] Safepoint "Cleanup", Time since last: 1000485700 ns, Reaching safepoint: 157200 ns, At safepoint: 12200 ns, Total: 169400 ns
[2020-09-28T10:02:10.475+0000][30964][safepoint    ] Safepoint "Cleanup", Time since last: 1000613800 ns, Reaching safepoint: 150100 ns, At safepoint: 3400 ns, Total: 153500 ns
[2020-09-28T10:02:12.466+0000][30964][safepoint    ] Safepoint "Cleanup", Time since last: 1990327700 ns, Reaching safepoint: 104600 ns, At safepoint: 3500 ns, Total: 108100 ns
[2020-09-28T10:02:13.467+0000][30964][safepoint    ] Safepoint "Cleanup", Time since last: 1000658900 ns, Reaching safepoint: 144600 ns, At safepoint: 10200 ns, Total: 154800 ns
[2020-09-28T10:02:14.467+0000][30964][safepoint    ] Safepoint "Cleanup", Time since last: 1000034300 ns, Reaching safepoint: 124000 ns, At safepoint: 11800 ns, Total: 135800 ns
[2020-09-28T10:02:15.467+0000][30964][safepoint    ] Safepoint "Cleanup", Time since last: 1000302200 ns, Reaching safepoint: 176100 ns, At safepoint: 11400 ns, Total: 187500 ns
[2020-09-28T10:02:16.468+0000][30964][safepoint    ] Safepoint "Cleanup", Time since last: 1000737100 ns, Reaching safepoint: 135900 ns, At safepoint: 5500 ns, Total: 141400 ns
[2020-09-28T10:02:17.468+0000][30964][safepoint    ] Safepoint "Cleanup", Time since last: 1000036200 ns, Reaching safepoint: 105000 ns, At safepoint: 3800 ns, Total: 108800 ns
[2020-09-28T10:02:18.469+0000][30964][safepoint    ] Safepoint "Cleanup", Time since last: 1000656600 ns, Reaching safepoint: 139900 ns, At safepoint: 8300 ns, Total: 148200 ns
[2020-09-28T10:02:19.470+0000][30964][safepoint    ] Safepoint "Cleanup", Time since last: 1000563200 ns, Reaching safepoint: 160000 ns, At safepoint: 6000 ns, Total: 166000 ns
[2020-09-28T10:02:20.470+0000][30964][safepoint    ] Safepoint "Cleanup", Time since last: 1000265500 ns, Reaching safepoint: 534500 ns, At safepoint: 19900 ns, Total: 554400 ns
[2020-09-28T10:02:21.471+0000][30964][safepoint    ] Safepoint "Cleanup", Time since last: 1000192200 ns, Reaching safepoint: 111700 ns, At safepoint: 6300 ns, Total: 118000 ns
[2020-09-28T10:02:22.472+0000][30964][safepoint    ] Safepoint "Cleanup", Time since last: 1000604600 ns, Reaching safepoint: 130900 ns, At safepoint: 5400 ns, Total: 136300 ns
[2020-09-28T10:02:23.472+0000][30964][safepoint    ] Safepoint "Cleanup", Time since last: 1000221700 ns, Reaching safepoint: 119500 ns, At safepoint: 2400 ns, Total: 121900 ns
[2020-09-28T10:02:24.473+0000][30964][safepoint    ] Safepoint "Cleanup", Time since last: 1000364300 ns, Reaching safepoint: 119700 ns, At safepoint: 6000 ns, Total: 125700 ns
[2020-09-28T10:02:25.473+0000][30964][safepoint    ] Safepoint "Cleanup", Time since last: 1000353800 ns, Reaching safepoint: 120800 ns, At safepoint: 5000 ns, Total: 125800 ns
[2020-09-28T10:02:26.474+0000][30964][safepoint    ] Safepoint "Cleanup", Time since last: 1000180100 ns, Reaching safepoint: 125300 ns, At safepoint: 4200 ns, Total: 129500 ns
[2020-09-28T10:02:27.474+0000][30964][safepoint    ] Safepoint "Cleanup", Time since last: 1000784700 ns, Reaching safepoint: 149500 ns, At safepoint: 9000 ns, Total: 158500 ns
[2020-09-28T10:02:28.475+0000][30964][safepoint    ] Safepoint "Cleanup", Time since last: 1000479400 ns, Reaching safepoint: 118800 ns, At safepoint: 5600 ns, Total: 124400 ns
[2020-09-28T10:02:29.475+0000][30964][safepoint    ] Safepoint "Cleanup", Time since last: 1000239500 ns, Reaching safepoint: 113800 ns, At safepoint: 7200 ns, Total: 121000 ns
[2020-09-28T10:02:30.476+0000][30964][safepoint    ] Safepoint "Cleanup", Time since last: 1000718800 ns, Reaching safepoint: 132300 ns, At safepoint: 20400 ns, Total: 152700 ns
[2020-09-28T10:02:31.477+0000][30964][safepoint    ] Safepoint "Cleanup", Time since last: 1000768400 ns, Reaching safepoint: 137600 ns, At safepoint: 6300 ns, Total: 143900 ns
[2020-09-28T10:02:32.478+0000][30964][safepoint    ] Safepoint "Cleanup", Time since last: 1000483000 ns, Reaching safepoint: 142200 ns, At safepoint: 6000 ns, Total: 148200 ns
[2020-09-28T10:02:33.479+0000][30964][safepoint    ] Safepoint "Cleanup", Time since last: 1000740400 ns, Reaching safepoint: 121200 ns, At safepoint: 6200 ns, Total: 127400 ns
[2020-09-28T10:02:34.480+0000][30964][safepoint    ] Safepoint "Cleanup", Time since last: 1000675100 ns, Reaching safepoint: 122400 ns, At safepoint: 5400 ns, Total: 127800 ns
[2020-09-28T10:02:35.480+0000][30964][safepoint    ] Safepoint "Cleanup", Time since last: 1000571400 ns, Reaching safepoint: 127600 ns, At safepoint: 5400 ns, Total: 133000 ns
[2020-09-28T10:02:36.481+0000][30964][safepoint    ] Safepoint "Cleanup", Time since last: 1000646800 ns, Reaching safepoint: 149000 ns, At safepoint: 5700 ns, Total: 154700 ns
[2020-09-28T10:02:37.482+0000][30964][safepoint    ] Safepoint "Cleanup", Time since last: 1000259300 ns, Reaching safepoint: 109400 ns, At safepoint: 6000 ns, Total: 115400 ns
[2020-09-28T10:02:38.482+0000][30964][safepoint    ] Safepoint "Cleanup", Time since last: 1000592700 ns, Reaching safepoint: 139900 ns, At safepoint: 9400 ns, Total: 149300 ns
[2020-09-28T10:02:39.483+0000][30964][safepoint    ] Safepoint "Cleanup", Time since last: 1000816000 ns, Reaching safepoint: 110200 ns, At safepoint: 6100 ns, Total: 116300 ns
[2020-09-28T10:02:40.484+0000][30964][safepoint    ] Safepoint "Cleanup", Time since last: 1000213600 ns, Reaching safepoint: 178900 ns, At safepoint: 6100 ns, Total: 185000 ns
[2020-09-28T10:02:41.484+0000][30964][safepoint    ] Safepoint "Cleanup", Time since last: 1000137000 ns, Reaching safepoint: 118100 ns, At safepoint: 6200 ns, Total: 124300 ns
[2020-09-28T10:02:42.484+0000][30964][safepoint    ] Safepoint "Cleanup", Time since last: 1000226700 ns, Reaching safepoint: 138300 ns, At safepoint: 6700 ns, Total: 145000 ns
[2020-09-28T10:02:43.485+0000][30964][safepoint    ] Safepoint "Cleanup", Time since last: 1000794300 ns, Reaching safepoint: 103300 ns, At safepoint: 3000 ns, Total: 106300 ns
[2020-09-28T10:02:44.486+0000][30964][safepoint    ] Safepoint "Cleanup", Time since last: 1000172500 ns, Reaching safepoint: 139800 ns, At safepoint: 5300 ns, Total: 145100 ns
[2020-09-28T10:02:45.486+0000][30964][safepoint    ] Safepoint "Cleanup", Time since last: 1000665900 ns, Reaching safepoint: 133000 ns, At safepoint: 7000 ns, Total: 140000 ns
[2020-09-28T10:02:46.487+0000][30964][safepoint    ] Safepoint "Cleanup", Time since last: 1000315100 ns, Reaching safepoint: 125400 ns, At safepoint: 6400 ns, Total: 131800 ns
[2020-09-28T10:02:48.487+0000][30964][safepoint    ] Safepoint "Cleanup", Time since last: 2000010300 ns, Reaching safepoint: 130200 ns, At safepoint: 2500 ns, Total: 132700 ns
[2020-09-28T10:02:49.488+0000][30964][safepoint    ] Safepoint "Cleanup", Time since last: 1000660700 ns, Reaching safepoint: 139300 ns, At safepoint: 5900 ns, Total: 145200 ns
[2020-09-28T10:02:51.489+0000][30964][safepoint    ] Safepoint "Cleanup", Time since last: 2000902000 ns, Reaching safepoint: 120100 ns, At safepoint: 8700 ns, Total: 128800 ns
[2020-09-28T10:02:52.490+0000][30964][safepoint    ] Safepoint "Cleanup", Time since last: 1000862600 ns, Reaching safepoint: 116700 ns, At safepoint: 6300 ns, Total: 123000 ns
[2020-09-28T10:02:53.491+0000][30964][safepoint    ] Safepoint "Cleanup", Time since last: 1000509300 ns, Reaching safepoint: 108400 ns, At safepoint: 8800 ns, Total: 117200 ns
[2020-09-28T10:02:54.491+0000][30964][safepoint    ] Safepoint "Cleanup", Time since last: 1000198100 ns, Reaching safepoint: 121100 ns, At safepoint: 8000 ns, Total: 129100 ns
[2020-09-28T10:02:55.491+0000][30964][safepoint    ] Safepoint "Cleanup", Time since last: 1000461900 ns, Reaching safepoint: 113400 ns, At safepoint: 6200 ns, Total: 119600 ns
[2020-09-28T10:02:57.492+0000][30964][safepoint    ] Safepoint "Cleanup", Time since last: 2000843100 ns, Reaching safepoint: 105000 ns, At safepoint: 6000 ns, Total: 111000 ns
[2020-09-28T10:02:58.493+0000][30964][safepoint    ] Safepoint "Cleanup", Time since last: 1000778100 ns, Reaching safepoint: 100100 ns, At safepoint: 7200 ns, Total: 107300 ns
[2020-09-28T10:02:59.494+0000][30964][safepoint    ] Safepoint "Cleanup", Time since last: 1000696400 ns, Reaching safepoint: 110200 ns, At safepoint: 21300 ns, Total: 131500 ns
[2020-09-28T10:03:00.495+0000][30964][safepoint    ] Safepoint "Cleanup", Time since last: 1000333700 ns, Reaching safepoint: 97800 ns, At safepoint: 2900 ns, Total: 100700 ns
[2020-09-28T10:03:01.496+0000][30964][safepoint    ] Safepoint "Cleanup", Time since last: 1000778400 ns, Reaching safepoint: 149700 ns, At safepoint: 5700 ns, Total: 155400 ns
[2020-09-28T10:03:02.496+0000][30964][safepoint    ] Safepoint "Cleanup", Time since last: 1000117700 ns, Reaching safepoint: 106100 ns, At safepoint: 5600 ns, Total: 111700 ns
[2020-09-28T10:03:03.497+0000][30964][safepoint    ] Safepoint "Cleanup", Time since last: 1000776700 ns, Reaching safepoint: 118700 ns, At safepoint: 5800 ns, Total: 124500 ns
[2020-09-28T10:03:04.497+0000][30964][safepoint    ] Safepoint "Cleanup", Time since last: 1000022500 ns, Reaching safepoint: 106300 ns, At safepoint: 5600 ns, Total: 111900 ns
[2020-09-28T10:03:05.497+0000][30964][safepoint    ] Safepoint "Cleanup", Time since last: 1000400500 ns, Reaching safepoint: 189800 ns, At safepoint: 6400 ns, Total: 196200 ns
[2020-09-28T10:03:07.499+0000][30964][safepoint    ] Safepoint "Cleanup", Time since last: 2000973500 ns, Reaching safepoint: 137700 ns, At safepoint: 5700 ns, Total: 143400 ns
[2020-09-28T10:03:09.499+0000][30964][safepoint    ] Safepoint "Cleanup", Time since last: 2000418500 ns, Reaching safepoint: 145900 ns, At safepoint: 6800 ns, Total: 152700 ns
[2020-09-28T10:03:10.500+0000][30964][safepoint    ] Safepoint "Cleanup", Time since last: 1000463000 ns, Reaching safepoint: 130000 ns, At safepoint: 9600 ns, Total: 139600 ns
[2020-09-28T10:03:11.501+0000][30964][safepoint    ] Safepoint "Cleanup", Time since last: 1000798200 ns, Reaching safepoint: 166500 ns, At safepoint: 11100 ns, Total: 177600 ns
[2020-09-28T10:03:12.502+0000][30964][safepoint    ] Safepoint "Cleanup", Time since last: 1000839800 ns, Reaching safepoint: 113300 ns, At safepoint: 5600 ns, Total: 118900 ns
[2020-09-28T10:03:13.502+0000][30964][safepoint    ] Safepoint "Cleanup", Time since last: 1000267600 ns, Reaching safepoint: 138300 ns, At safepoint: 11600 ns, Total: 149900 ns
[2020-09-28T10:03:15.503+0000][30964][safepoint    ] Safepoint "Cleanup", Time since last: 2000811200 ns, Reaching safepoint: 132200 ns, At safepoint: 6800 ns, Total: 139000 ns
[2020-09-28T10:03:16.504+0000][30964][safepoint    ] Safepoint "Cleanup", Time since last: 1000549500 ns, Reaching safepoint: 122300 ns, At safepoint: 8800 ns, Total: 131100 ns
[2020-09-28T10:03:18.505+0000][30964][safepoint    ] Safepoint "Cleanup", Time since last: 2000482800 ns, Reaching safepoint: 139800 ns, At safepoint: 10900 ns, Total: 150700 ns
[2020-09-28T10:03:19.505+0000][30964][safepoint    ] Safepoint "Cleanup", Time since last: 1000467100 ns, Reaching safepoint: 155400 ns, At safepoint: 9800 ns, Total: 165200 ns
[2020-09-28T10:03:20.506+0000][30964][safepoint    ] Safepoint "Cleanup", Time since last: 1000498200 ns, Reaching safepoint: 188700 ns, At safepoint: 4100 ns, Total: 192800 ns
[2020-09-28T10:03:21.507+0000][30964][safepoint    ] Safepoint "Cleanup", Time since last: 1000452600 ns, Reaching safepoint: 157300 ns, At safepoint: 8200 ns, Total: 165500 ns
[2020-09-28T10:03:23.507+0000][30964][safepoint    ] Safepoint "Cleanup", Time since last: 2000383800 ns, Reaching safepoint: 142600 ns, At safepoint: 11500 ns, Total: 154100 ns
[2020-09-28T10:03:24.508+0000][30964][safepoint    ] Safepoint "Cleanup", Time since last: 1000551000 ns, Reaching safepoint: 139100 ns, At safepoint: 10000 ns, Total: 149100 ns
[2020-09-28T10:03:25.509+0000][30964][safepoint    ] Safepoint "Cleanup", Time since last: 1000806800 ns, Reaching safepoint: 128400 ns, At safepoint: 5300 ns, Total: 133700 ns
[2020-09-28T10:03:26.509+0000][30964][safepoint    ] Safepoint "Cleanup", Time since last: 1000152300 ns, Reaching safepoint: 142500 ns, At safepoint: 13700 ns, Total: 156200 ns
[2020-09-28T10:03:27.510+0000][30964][safepoint    ] Safepoint "Cleanup", Time since last: 1000292500 ns, Reaching safepoint: 118100 ns, At safepoint: 5600 ns, Total: 123700 ns
[2020-09-28T10:03:28.511+0000][30964][safepoint    ] Safepoint "Cleanup", Time since last: 1000880100 ns, Reaching safepoint: 112600 ns, At safepoint: 5700 ns, Total: 118300 ns
[2020-09-28T10:03:29.511+0000][30964][safepoint    ] Safepoint "Cleanup", Time since last: 1000603600 ns, Reaching safepoint: 133600 ns, At safepoint: 9300 ns, Total: 142900 ns
[2020-09-28T10:03:31.512+0000][30964][safepoint    ] Safepoint "Cleanup", Time since last: 2000825400 ns, Reaching safepoint: 148000 ns, At safepoint: 17500 ns, Total: 165500 ns
[2020-09-28T10:03:32.513+0000][30964][safepoint    ] Safepoint "Cleanup", Time since last: 1000526600 ns, Reaching safepoint: 143200 ns, At safepoint: 8900 ns, Total: 152100 ns
[2020-09-28T10:03:34.514+0000][30964][safepoint    ] Safepoint "Cleanup", Time since last: 2000567500 ns, Reaching safepoint: 127100 ns, At safepoint: 6000 ns, Total: 133100 ns
[2020-09-28T10:03:35.514+0000][30964][safepoint    ] Safepoint "Cleanup", Time since last: 1000204400 ns, Reaching safepoint: 115900 ns, At safepoint: 8400 ns, Total: 124300 ns
[2020-09-28T10:03:36.515+0000][30964][safepoint    ] Safepoint "Cleanup", Time since last: 1000529400 ns, Reaching safepoint: 126500 ns, At safepoint: 7800 ns, Total: 134300 ns
[2020-09-28T10:03:37.516+0000][30964][safepoint    ] Safepoint "Cleanup", Time since last: 1000896700 ns, Reaching safepoint: 137400 ns, At safepoint: 23500 ns, Total: 160900 ns
[2020-09-28T10:03:38.517+0000][30964][safepoint    ] Safepoint "Cleanup", Time since last: 1000729400 ns, Reaching safepoint: 126100 ns, At safepoint: 6300 ns, Total: 132400 ns
[2020-09-28T10:03:39.517+0000][30964][safepoint    ] Safepoint "Cleanup", Time since last: 1000349700 ns, Reaching safepoint: 134900 ns, At safepoint: 10000 ns, Total: 144900 ns
[2020-09-28T10:03:40.517+0000][30964][safepoint    ] Safepoint "Cleanup", Time since last: 1000031900 ns, Reaching safepoint: 140200 ns, At safepoint: 9800 ns, Total: 150000 ns
[2020-09-28T10:03:42.518+0000][30964][safepoint    ] Safepoint "Cleanup", Time since last: 2000516000 ns, Reaching safepoint: 107500 ns, At safepoint: 4300 ns, Total: 111800 ns
[2020-09-28T10:03:43.519+0000][30964][safepoint    ] Safepoint "Cleanup", Time since last: 1000460400 ns, Reaching safepoint: 143900 ns, At safepoint: 9300 ns, Total: 153200 ns
[2020-09-28T10:03:45.519+0000][30964][safepoint    ] Safepoint "Cleanup", Time since last: 2000634900 ns, Reaching safepoint: 247000 ns, At safepoint: 4800 ns, Total: 251800 ns
[2020-09-28T10:03:46.520+0000][30964][safepoint    ] Safepoint "Cleanup", Time since last: 1000490200 ns, Reaching safepoint: 127100 ns, At safepoint: 17600 ns, Total: 144700 ns
[2020-09-28T10:03:47.521+0000][30964][safepoint    ] Safepoint "Cleanup", Time since last: 1000759000 ns, Reaching safepoint: 164900 ns, At safepoint: 9900 ns, Total: 174800 ns
[2020-09-28T10:03:48.521+0000][30964][safepoint    ] Safepoint "Cleanup", Time since last: 1000099300 ns, Reaching safepoint: 133900 ns, At safepoint: 66100 ns, Total: 200000 ns
[2020-09-28T10:03:49.522+0000][30964][safepoint    ] Safepoint "Cleanup", Time since last: 1000103200 ns, Reaching safepoint: 143100 ns, At safepoint: 7900 ns, Total: 151000 ns
[2020-09-28T10:03:50.523+0000][30964][safepoint    ] Safepoint "Cleanup", Time since last: 1000677600 ns, Reaching safepoint: 112500 ns, At safepoint: 5600 ns, Total: 118100 ns
[2020-09-28T10:03:51.523+0000][30964][safepoint    ] Safepoint "Cleanup", Time since last: 1000513100 ns, Reaching safepoint: 120900 ns, At safepoint: 5400 ns, Total: 126300 ns
[2020-09-28T10:03:52.524+0000][30964][safepoint    ] Safepoint "Cleanup", Time since last: 1000149000 ns, Reaching safepoint: 112800 ns, At safepoint: 5700 ns, Total: 118500 ns
[2020-09-28T10:03:54.524+0000][30964][safepoint    ] Safepoint "Cleanup", Time since last: 2000574600 ns, Reaching safepoint: 145200 ns, At safepoint: 7200 ns, Total: 152400 ns
[2020-09-28T10:03:55.525+0000][30964][safepoint    ] Safepoint "Cleanup", Time since last: 1000160000 ns, Reaching safepoint: 127800 ns, At safepoint: 6900 ns, Total: 134700 ns
[2020-09-28T10:03:56.525+0000][30964][safepoint    ] Safepoint "Cleanup", Time since last: 1000595800 ns, Reaching safepoint: 207200 ns, At safepoint: 7000 ns, Total: 214200 ns
[2020-09-28T10:03:57.526+0000][30964][safepoint    ] Safepoint "Cleanup", Time since last: 1000489200 ns, Reaching safepoint: 84900 ns, At safepoint: 3200 ns, Total: 88100 ns
[2020-09-28T10:03:58.527+0000][30964][safepoint    ] Safepoint "Cleanup", Time since last: 1000849500 ns, Reaching safepoint: 148300 ns, At safepoint: 11300 ns, Total: 159600 ns
[2020-09-28T10:04:00.528+0000][30964][safepoint    ] Safepoint "Cleanup", Time since last: 2000650500 ns, Reaching safepoint: 143700 ns, At safepoint: 18800 ns, Total: 162500 ns
[2020-09-28T10:04:01.528+0000][30964][safepoint    ] Safepoint "Cleanup", Time since last: 1000392600 ns, Reaching safepoint: 162900 ns, At safepoint: 11600 ns, Total: 174500 ns
[2020-09-28T10:04:02.529+0000][30964][safepoint    ] Safepoint "Cleanup", Time since last: 1000270700 ns, Reaching safepoint: 136300 ns, At safepoint: 4700 ns, Total: 141000 ns
[2020-09-28T10:04:03.530+0000][30964][safepoint    ] Safepoint "Cleanup", Time since last: 1000732400 ns, Reaching safepoint: 195500 ns, At safepoint: 7700 ns, Total: 203200 ns
[2020-09-28T10:04:04.530+0000][30964][safepoint    ] Safepoint "Cleanup", Time since last: 1000284600 ns, Reaching safepoint: 153000 ns, At safepoint: 11000 ns, Total: 164000 ns
[2020-09-28T10:04:06.531+0000][30964][safepoint    ] Safepoint "Cleanup", Time since last: 2000348000 ns, Reaching safepoint: 129000 ns, At safepoint: 9000 ns, Total: 138000 ns
[2020-09-28T10:04:07.531+0000][30964][safepoint    ] Safepoint "Cleanup", Time since last: 1000244600 ns, Reaching safepoint: 100800 ns, At safepoint: 6100 ns, Total: 106900 ns
[2020-09-28T10:04:08.532+0000][30964][safepoint    ] Safepoint "Cleanup", Time since last: 1000271300 ns, Reaching safepoint: 127400 ns, At safepoint: 6300 ns, Total: 133700 ns
[2020-09-28T10:04:10.532+0000][30964][safepoint    ] Safepoint "Cleanup", Time since last: 2000418600 ns, Reaching safepoint: 164100 ns, At safepoint: 8600 ns, Total: 172700 ns
[2020-09-28T10:04:12.533+0000][30964][safepoint    ] Safepoint "Cleanup", Time since last: 2000669200 ns, Reaching safepoint: 144600 ns, At safepoint: 10500 ns, Total: 155100 ns
[2020-09-28T10:04:13.534+0000][30964][safepoint    ] Safepoint "Cleanup", Time since last: 1000718500 ns, Reaching safepoint: 129600 ns, At safepoint: 7500 ns, Total: 137100 ns
[2020-09-28T10:04:14.535+0000][30964][safepoint    ] Safepoint "Cleanup", Time since last: 1000479700 ns, Reaching safepoint: 179400 ns, At safepoint: 12500 ns, Total: 191900 ns
[2020-09-28T10:04:16.535+0000][30964][safepoint    ] Safepoint "Cleanup", Time since last: 2000710500 ns, Reaching safepoint: 134100 ns, At safepoint: 12000 ns, Total: 146100 ns
[2020-09-28T10:04:17.536+0000][30964][safepoint    ] Safepoint "Cleanup", Time since last: 1000394500 ns, Reaching safepoint: 195300 ns, At safepoint: 7400 ns, Total: 202700 ns
[2020-09-28T10:04:18.536+0000][30964][safepoint    ] Safepoint "Cleanup", Time since last: 1000229500 ns, Reaching safepoint: 124700 ns, At safepoint: 9000 ns, Total: 133700 ns
[2020-09-28T10:04:20.537+0000][30964][safepoint    ] Safepoint "Cleanup", Time since last: 2000411900 ns, Reaching safepoint: 119200 ns, At safepoint: 5600 ns, Total: 124800 ns
[2020-09-28T10:04:22.538+0000][30964][safepoint    ] Safepoint "Cleanup", Time since last: 2000435400 ns, Reaching safepoint: 100600 ns, At safepoint: 8000 ns, Total: 108600 ns
[2020-09-28T10:04:23.538+0000][30964][safepoint    ] Safepoint "Cleanup", Time since last: 1000435300 ns, Reaching safepoint: 122500 ns, At safepoint: 5900 ns, Total: 128400 ns
[2020-09-28T10:04:24.539+0000][30964][safepoint    ] Safepoint "Cleanup", Time since last: 1000798000 ns, Reaching safepoint: 121500 ns, At safepoint: 6500 ns, Total: 128000 ns
[2020-09-28T10:04:25.539+0000][30964][safepoint    ] Safepoint "Cleanup", Time since last: 1000067500 ns, Reaching safepoint: 112600 ns, At safepoint: 12000 ns, Total: 124600 ns
[2020-09-28T10:04:26.540+0000][30964][safepoint    ] Safepoint "Cleanup", Time since last: 1000416600 ns, Reaching safepoint: 108400 ns, At safepoint: 8000 ns, Total: 116400 ns
[2020-09-28T10:04:27.540+0000][30964][safepoint    ] Safepoint "Cleanup", Time since last: 1000210200 ns, Reaching safepoint: 152800 ns, At safepoint: 6400 ns, Total: 159200 ns
[2020-09-28T10:04:28.541+0000][30964][safepoint    ] Safepoint "Cleanup", Time since last: 1000471200 ns, Reaching safepoint: 130200 ns, At safepoint: 7000 ns, Total: 137200 ns
[2020-09-28T10:04:29.542+0000][30964][safepoint    ] Safepoint "Cleanup", Time since last: 1000670500 ns, Reaching safepoint: 161000 ns, At safepoint: 13400 ns, Total: 174400 ns
[2020-09-28T10:04:30.542+0000][30964][safepoint    ] Safepoint "Cleanup", Time since last: 1000489800 ns, Reaching safepoint: 94300 ns, At safepoint: 3800 ns, Total: 98100 ns
[2020-09-28T10:04:31.543+0000][30964][safepoint    ] Safepoint "Cleanup", Time since last: 1000840200 ns, Reaching safepoint: 116400 ns, At safepoint: 6100 ns, Total: 122500 ns
[2020-09-28T10:04:32.544+0000][30964][safepoint    ] Safepoint "Cleanup", Time since last: 1000909600 ns, Reaching safepoint: 142700 ns, At safepoint: 5900 ns, Total: 148600 ns
[2020-09-28T10:04:33.545+0000][30964][safepoint    ] Safepoint "Cleanup", Time since last: 1000562500 ns, Reaching safepoint: 108800 ns, At safepoint: 6000 ns, Total: 114800 ns
[2020-09-28T10:04:35.545+0000][30964][safepoint    ] Safepoint "Cleanup", Time since last: 2000281100 ns, Reaching safepoint: 147600 ns, At safepoint: 8000 ns, Total: 155600 ns
[2020-09-28T10:04:36.546+0000][30964][safepoint    ] Safepoint "Cleanup", Time since last: 1000208100 ns, Reaching safepoint: 135400 ns, At safepoint: 8400 ns, Total: 143800 ns
[2020-09-28T10:04:37.546+0000][30964][safepoint    ] Safepoint "Cleanup", Time since last: 1000038200 ns, Reaching safepoint: 144800 ns, At safepoint: 7300 ns, Total: 152100 ns
[2020-09-28T10:04:38.547+0000][30964][safepoint    ] Safepoint "Cleanup", Time since last: 1000295400 ns, Reaching safepoint: 124900 ns, At safepoint: 8700 ns, Total: 133600 ns
[2020-09-28T10:04:39.547+0000][30964][safepoint    ] Safepoint "Cleanup", Time since last: 1000511200 ns, Reaching safepoint: 107800 ns, At safepoint: 5600 ns, Total: 113400 ns
[2020-09-28T10:04:40.548+0000][30964][safepoint    ] Safepoint "Cleanup", Time since last: 1000853400 ns, Reaching safepoint: 112500 ns, At safepoint: 5700 ns, Total: 118200 ns
[2020-09-28T10:04:41.548+0000][30964][safepoint    ] Safepoint "Cleanup", Time since last: 1000095400 ns, Reaching safepoint: 126400 ns, At safepoint: 6300 ns, Total: 132700 ns
[2020-09-28T10:04:42.550+0000][30964][safepoint    ] Safepoint "Cleanup", Time since last: 1001045900 ns, Reaching safepoint: 149200 ns, At safepoint: 21200 ns, Total: 170400 ns
[2020-09-28T10:04:44.550+0000][30964][safepoint    ] Safepoint "Cleanup", Time since last: 2000679700 ns, Reaching safepoint: 112600 ns, At safepoint: 4000 ns, Total: 116600 ns
[2020-09-28T10:04:45.551+0000][30964][safepoint    ] Safepoint "Cleanup", Time since last: 1000177900 ns, Reaching safepoint: 116000 ns, At safepoint: 5800 ns, Total: 121800 ns
[2020-09-28T10:04:46.551+0000][30964][safepoint    ] Safepoint "Cleanup", Time since last: 1000357900 ns, Reaching safepoint: 110900 ns, At safepoint: 6400 ns, Total: 117300 ns
[2020-09-28T10:04:47.552+0000][30964][safepoint    ] Safepoint "Cleanup", Time since last: 1000148700 ns, Reaching safepoint: 140100 ns, At safepoint: 21100 ns, Total: 161200 ns
[2020-09-28T10:04:49.552+0000][30964][safepoint    ] Safepoint "Cleanup", Time since last: 2000481500 ns, Reaching safepoint: 144800 ns, At safepoint: 5300 ns, Total: 150100 ns
[2020-09-28T10:04:50.553+0000][30964][safepoint    ] Safepoint "Cleanup", Time since last: 1000341500 ns, Reaching safepoint: 120900 ns, At safepoint: 20400 ns, Total: 141300 ns
[2020-09-28T10:04:51.553+0000][30964][safepoint    ] Safepoint "Cleanup", Time since last: 1000292200 ns, Reaching safepoint: 112600 ns, At safepoint: 5900 ns, Total: 118500 ns
[2020-09-28T10:04:52.554+0000][30964][safepoint    ] Safepoint "Cleanup", Time since last: 1000217800 ns, Reaching safepoint: 144800 ns, At safepoint: 20900 ns, Total: 165700 ns
[2020-09-28T10:04:53.554+0000][30964][safepoint    ] Safepoint "Cleanup", Time since last: 1000065300 ns, Reaching safepoint: 125100 ns, At safepoint: 9500 ns, Total: 134600 ns
[2020-09-28T10:04:54.554+0000][30964][safepoint    ] Safepoint "Cleanup", Time since last: 1000316300 ns, Reaching safepoint: 117300 ns, At safepoint: 9000 ns, Total: 126300 ns
[2020-09-28T10:04:55.555+0000][30964][safepoint    ] Safepoint "Cleanup", Time since last: 1000704300 ns, Reaching safepoint: 191900 ns, At safepoint: 6000 ns, Total: 197900 ns
[2020-09-28T10:04:56.866+0000][30964][safepoint    ] Safepoint "Cleanup", Time since last: 1310876300 ns, Reaching safepoint: 197600 ns, At safepoint: 6100 ns, Total: 203700 ns
[2020-09-28T10:04:57.866+0000][30964][safepoint    ] Safepoint "Cleanup", Time since last: 1000090400 ns, Reaching safepoint: 143100 ns, At safepoint: 6400 ns, Total: 149500 ns
[2020-09-28T10:04:58.867+0000][30964][safepoint    ] Safepoint "Cleanup", Time since last: 1000519400 ns, Reaching safepoint: 149300 ns, At safepoint: 5600 ns, Total: 154900 ns
[2020-09-28T10:04:59.868+0000][30964][safepoint    ] Safepoint "Cleanup", Time since last: 1000153500 ns, Reaching safepoint: 109300 ns, At safepoint: 8000 ns, Total: 117300 ns
[2020-09-28T10:05:00.868+0000][30964][safepoint    ] Safepoint "Cleanup", Time since last: 1000236900 ns, Reaching safepoint: 117600 ns, At safepoint: 4300 ns, Total: 121900 ns
[2020-09-28T10:05:01.868+0000][30964][safepoint    ] Safepoint "Cleanup", Time since last: 1000450400 ns, Reaching safepoint: 162600 ns, At safepoint: 9300 ns, Total: 171900 ns
[2020-09-28T10:05:02.869+0000][30964][safepoint    ] Safepoint "Cleanup", Time since last: 1000426600 ns, Reaching safepoint: 147100 ns, At safepoint: 7500 ns, Total: 154600 ns
[2020-09-28T10:05:03.869+0000][30964][safepoint    ] Safepoint "Cleanup", Time since last: 1000032800 ns, Reaching safepoint: 122900 ns, At safepoint: 8200 ns, Total: 131100 ns
[2020-09-28T10:05:04.870+0000][30964][safepoint    ] Safepoint "Cleanup", Time since last: 1000165200 ns, Reaching safepoint: 151900 ns, At safepoint: 7000 ns, Total: 158900 ns
[2020-09-28T10:05:05.870+0000][30964][safepoint    ] Safepoint "Cleanup", Time since last: 1000533900 ns, Reaching safepoint: 118000 ns, At safepoint: 5900 ns, Total: 123900 ns
[2020-09-28T10:05:06.871+0000][30964][safepoint    ] Safepoint "Cleanup", Time since last: 1000196300 ns, Reaching safepoint: 131000 ns, At safepoint: 6000 ns, Total: 137000 ns
[2020-09-28T10:05:07.872+0000][30964][safepoint    ] Safepoint "Cleanup", Time since last: 1000840100 ns, Reaching safepoint: 136200 ns, At safepoint: 6600 ns, Total: 142800 ns
[2020-09-28T10:05:08.872+0000][30964][safepoint    ] Safepoint "Cleanup", Time since last: 1000390900 ns, Reaching safepoint: 116900 ns, At safepoint: 6700 ns, Total: 123600 ns
[2020-09-28T10:05:09.873+0000][30964][safepoint    ] Safepoint "Cleanup", Time since last: 1000769800 ns, Reaching safepoint: 152200 ns, At safepoint: 5100 ns, Total: 157300 ns
[2020-09-28T10:05:10.874+0000][30964][safepoint    ] Safepoint "Cleanup", Time since last: 1000621700 ns, Reaching safepoint: 118900 ns, At safepoint: 6600 ns, Total: 125500 ns
[2020-09-28T10:05:12.480+0000][30964][safepoint    ] Safepoint "Cleanup", Time since last: 1606061100 ns, Reaching safepoint: 117800 ns, At safepoint: 6100 ns, Total: 123900 ns
[2020-09-28T10:05:13.481+0000][30964][safepoint    ] Safepoint "Cleanup", Time since last: 1000569300 ns, Reaching safepoint: 123500 ns, At safepoint: 6600 ns, Total: 130100 ns
[2020-09-28T10:05:14.481+0000][30964][safepoint    ] Safepoint "Cleanup", Time since last: 1000175300 ns, Reaching safepoint: 104600 ns, At safepoint: 7100 ns, Total: 111700 ns
[2020-09-28T10:05:15.481+0000][30964][safepoint    ] Safepoint "Cleanup", Time since last: 1000142400 ns, Reaching safepoint: 112100 ns, At safepoint: 5700 ns, Total: 117800 ns
[2020-09-28T10:05:16.481+0000][30964][safepoint    ] Safepoint "Cleanup", Time since last: 1000010000 ns, Reaching safepoint: 123700 ns, At safepoint: 7100 ns, Total: 130800 ns
[2020-09-28T10:05:17.482+0000][30964][safepoint    ] Safepoint "Cleanup", Time since last: 1000754900 ns, Reaching safepoint: 100200 ns, At safepoint: 6300 ns, Total: 106500 ns
[2020-09-28T10:05:18.483+0000][30964][safepoint    ] Safepoint "Cleanup", Time since last: 1000718300 ns, Reaching safepoint: 106100 ns, At safepoint: 9200 ns, Total: 115300 ns
[2020-09-28T10:05:19.484+0000][30964][safepoint    ] Safepoint "Cleanup", Time since last: 1000944000 ns, Reaching safepoint: 146400 ns, At safepoint: 6000 ns, Total: 152400 ns
[2020-09-28T10:05:20.485+0000][30964][safepoint    ] Safepoint "Cleanup", Time since last: 1000495300 ns, Reaching safepoint: 145900 ns, At safepoint: 5400 ns, Total: 151300 ns
[2020-09-28T10:05:21.485+0000][30964][safepoint    ] Safepoint "Cleanup", Time since last: 1000124300 ns, Reaching safepoint: 118500 ns, At safepoint: 9000 ns, Total: 127500 ns
[2020-09-28T10:05:23.486+0000][30964][safepoint    ] Safepoint "Cleanup", Time since last: 2000410600 ns, Reaching safepoint: 169900 ns, At safepoint: 11600 ns, Total: 181500 ns
[2020-09-28T10:05:24.487+0000][30964][safepoint    ] Safepoint "Cleanup", Time since last: 1000730700 ns, Reaching safepoint: 128300 ns, At safepoint: 8200 ns, Total: 136500 ns
[2020-09-28T10:05:25.487+0000][30964][safepoint    ] Safepoint "Cleanup", Time since last: 1000155500 ns, Reaching safepoint: 127000 ns, At safepoint: 8300 ns, Total: 135300 ns
[2020-09-28T10:05:26.488+0000][30964][safepoint    ] Safepoint "Cleanup", Time since last: 1000660300 ns, Reaching safepoint: 131500 ns, At safepoint: 5800 ns, Total: 137300 ns
[2020-09-28T10:05:27.488+0000][30964][safepoint    ] Safepoint "Cleanup", Time since last: 1000229200 ns, Reaching safepoint: 111900 ns, At safepoint: 7000 ns, Total: 118900 ns
[2020-09-28T10:05:28.489+0000][30964][safepoint    ] Safepoint "Cleanup", Time since last: 1000206400 ns, Reaching safepoint: 130500 ns, At safepoint: 5600 ns, Total: 136100 ns
[2020-09-28T10:05:29.489+0000][30964][safepoint    ] Safepoint "Cleanup", Time since last: 1000596700 ns, Reaching safepoint: 166900 ns, At safepoint: 7100 ns, Total: 174000 ns
[2020-09-28T10:05:30.490+0000][30964][safepoint    ] Safepoint "Cleanup", Time since last: 1000117300 ns, Reaching safepoint: 113800 ns, At safepoint: 6200 ns, Total: 120000 ns
[2020-09-28T10:05:32.491+0000][30964][safepoint    ] Safepoint "Cleanup", Time since last: 2000758000 ns, Reaching safepoint: 116600 ns, At safepoint: 7400 ns, Total: 124000 ns
[2020-09-28T10:05:33.491+0000][30964][safepoint    ] Safepoint "Cleanup", Time since last: 1000417000 ns, Reaching safepoint: 132900 ns, At safepoint: 5500 ns, Total: 138400 ns
[2020-09-28T10:05:34.492+0000][30964][safepoint    ] Safepoint "Cleanup", Time since last: 1000382600 ns, Reaching safepoint: 153100 ns, At safepoint: 12400 ns, Total: 165500 ns
[2020-09-28T10:05:35.492+0000][30964][safepoint    ] Safepoint "Cleanup", Time since last: 1000470200 ns, Reaching safepoint: 121600 ns, At safepoint: 5900 ns, Total: 127500 ns
[2020-09-28T10:05:36.493+0000][30964][safepoint    ] Safepoint "Cleanup", Time since last: 1000344500 ns, Reaching safepoint: 140900 ns, At safepoint: 6000 ns, Total: 146900 ns
[2020-09-28T10:05:37.493+0000][30964][safepoint    ] Safepoint "Cleanup", Time since last: 1000440900 ns, Reaching safepoint: 130100 ns, At safepoint: 5500 ns, Total: 135600 ns
[2020-09-28T10:05:38.494+0000][30964][safepoint    ] Safepoint "Cleanup", Time since last: 1000680800 ns, Reaching safepoint: 155400 ns, At safepoint: 5400 ns, Total: 160800 ns
[2020-09-28T10:05:40.495+0000][30964][safepoint    ] Safepoint "Cleanup", Time since last: 2000274000 ns, Reaching safepoint: 100000 ns, At safepoint: 5700 ns, Total: 105700 ns
[2020-09-28T10:05:41.495+0000][30964][safepoint    ] Safepoint "Cleanup", Time since last: 1000159100 ns, Reaching safepoint: 134700 ns, At safepoint: 6600 ns, Total: 141300 ns
[2020-09-28T10:05:42.495+0000][30964][safepoint    ] Safepoint "Cleanup", Time since last: 1000222700 ns, Reaching safepoint: 100500 ns, At safepoint: 5600 ns, Total: 106100 ns
[2020-09-28T10:05:43.496+0000][30964][safepoint    ] Safepoint "Cleanup", Time since last: 1000174700 ns, Reaching safepoint: 123000 ns, At safepoint: 5500 ns, Total: 128500 ns
[2020-09-28T10:05:44.496+0000][30964][safepoint    ] Safepoint "Cleanup", Time since last: 1000547400 ns, Reaching safepoint: 175800 ns, At safepoint: 6000 ns, Total: 181800 ns
[2020-09-28T10:05:45.497+0000][30964][safepoint    ] Safepoint "Cleanup", Time since last: 1000178800 ns, Reaching safepoint: 133300 ns, At safepoint: 7900 ns, Total: 141200 ns
[2020-09-28T10:05:46.497+0000][30964][safepoint    ] Safepoint "Cleanup", Time since last: 1000375000 ns, Reaching safepoint: 132700 ns, At safepoint: 5400 ns, Total: 138100 ns
[2020-09-28T10:05:47.498+0000][30964][safepoint    ] Safepoint "Cleanup", Time since last: 1000441100 ns, Reaching safepoint: 121300 ns, At safepoint: 6400 ns, Total: 127700 ns
[2020-09-28T10:05:48.498+0000][30964][safepoint    ] Safepoint "Cleanup", Time since last: 1000457700 ns, Reaching safepoint: 104700 ns, At safepoint: 6200 ns, Total: 110900 ns
[2020-09-28T10:05:49.499+0000][30964][safepoint    ] Safepoint "Cleanup", Time since last: 1000462200 ns, Reaching safepoint: 117800 ns, At safepoint: 5900 ns, Total: 123700 ns
[2020-09-28T10:05:51.499+0000][30964][safepoint    ] Safepoint "Cleanup", Time since last: 2000406500 ns, Reaching safepoint: 143600 ns, At safepoint: 2800 ns, Total: 146400 ns
[2020-09-28T10:05:52.500+0000][30964][safepoint    ] Safepoint "Cleanup", Time since last: 1000202900 ns, Reaching safepoint: 151900 ns, At safepoint: 23300 ns, Total: 175200 ns
[2020-09-28T10:05:53.500+0000][30964][safepoint    ] Safepoint "Cleanup", Time since last: 1000274100 ns, Reaching safepoint: 122700 ns, At safepoint: 5400 ns, Total: 128100 ns
[2020-09-28T10:05:54.501+0000][30964][safepoint    ] Safepoint "Cleanup", Time since last: 1000264700 ns, Reaching safepoint: 96100 ns, At safepoint: 2300 ns, Total: 98400 ns
[2020-09-28T10:05:55.501+0000][30964][safepoint    ] Safepoint "Cleanup", Time since last: 1000208000 ns, Reaching safepoint: 98900 ns, At safepoint: 5600 ns, Total: 104500 ns
[2020-09-28T10:05:56.647+0000][30964][safepoint    ] Safepoint "Cleanup", Time since last: 1145555200 ns, Reaching safepoint: 115500 ns, At safepoint: 19000 ns, Total: 134500 ns
[2020-09-28T10:05:57.647+0000][30964][safepoint    ] Safepoint "Cleanup", Time since last: 1000416800 ns, Reaching safepoint: 107300 ns, At safepoint: 3200 ns, Total: 110500 ns
[2020-09-28T10:05:58.648+0000][30964][safepoint    ] Safepoint "Cleanup", Time since last: 1000256300 ns, Reaching safepoint: 117900 ns, At safepoint: 7300 ns, Total: 125200 ns
[2020-09-28T10:06:00.648+0000][30964][safepoint    ] Safepoint "Cleanup", Time since last: 2000539800 ns, Reaching safepoint: 158300 ns, At safepoint: 7500 ns, Total: 165800 ns
[2020-09-28T10:06:01.649+0000][30964][safepoint    ] Safepoint "Cleanup", Time since last: 1000768400 ns, Reaching safepoint: 133900 ns, At safepoint: 8100 ns, Total: 142000 ns
[2020-09-28T10:06:02.650+0000][30964][safepoint    ] Safepoint "Cleanup", Time since last: 1000681700 ns, Reaching safepoint: 185700 ns, At safepoint: 7900 ns, Total: 193600 ns
[2020-09-28T10:06:03.651+0000][30964][safepoint    ] Safepoint "Cleanup", Time since last: 1000374100 ns, Reaching safepoint: 138500 ns, At safepoint: 4100 ns, Total: 142600 ns
[2020-09-28T10:06:05.651+0000][30964][safepoint    ] Safepoint "Cleanup", Time since last: 2000476600 ns, Reaching safepoint: 132600 ns, At safepoint: 4600 ns, Total: 137200 ns
[2020-09-28T10:06:06.652+0000][30964][safepoint    ] Safepoint "Cleanup", Time since last: 1000665800 ns, Reaching safepoint: 106700 ns, At safepoint: 4600 ns, Total: 111300 ns
[2020-09-28T10:06:07.653+0000][30964][safepoint    ] Safepoint "Cleanup", Time since last: 1000332900 ns, Reaching safepoint: 118800 ns, At safepoint: 8900 ns, Total: 127700 ns
[2020-09-28T10:06:08.653+0000][30964][safepoint    ] Safepoint "Cleanup", Time since last: 1000130000 ns, Reaching safepoint: 143400 ns, At safepoint: 7000 ns, Total: 150400 ns
[2020-09-28T10:06:09.654+0000][30964][safepoint    ] Safepoint "Cleanup", Time since last: 1000539700 ns, Reaching safepoint: 143900 ns, At safepoint: 9900 ns, Total: 153800 ns
[2020-09-28T10:06:10.654+0000][30964][safepoint    ] Safepoint "Cleanup", Time since last: 1000124700 ns, Reaching safepoint: 131300 ns, At safepoint: 9700 ns, Total: 141000 ns
[2020-09-28T10:06:11.655+0000][30964][safepoint    ] Safepoint "Cleanup", Time since last: 1000694900 ns, Reaching safepoint: 134900 ns, At safepoint: 10100 ns, Total: 145000 ns
[2020-09-28T10:06:13.655+0000][30964][safepoint    ] Safepoint "Cleanup", Time since last: 2000561500 ns, Reaching safepoint: 120000 ns, At safepoint: 6100 ns, Total: 126100 ns
[2020-09-28T10:06:14.656+0000][30964][safepoint    ] Safepoint "Cleanup", Time since last: 1000389700 ns, Reaching safepoint: 137100 ns, At safepoint: 5900 ns, Total: 143000 ns
[2020-09-28T10:06:15.657+0000][30964][safepoint    ] Safepoint "Cleanup", Time since last: 1000599100 ns, Reaching safepoint: 139300 ns, At safepoint: 20900 ns, Total: 160200 ns
[2020-09-28T10:06:16.657+0000][30964][safepoint    ] Safepoint "Cleanup", Time since last: 1000132200 ns, Reaching safepoint: 191500 ns, At safepoint: 9600 ns, Total: 201100 ns
[2020-09-28T10:06:18.657+0000][30964][safepoint    ] Safepoint "Cleanup", Time since last: 2000201300 ns, Reaching safepoint: 166300 ns, At safepoint: 13800 ns, Total: 180100 ns
[2020-09-28T10:06:20.658+0000][30964][safepoint    ] Safepoint "Cleanup", Time since last: 2000575400 ns, Reaching safepoint: 143300 ns, At safepoint: 7400 ns, Total: 150700 ns
[2020-09-28T10:06:21.659+0000][30964][safepoint    ] Safepoint "Cleanup", Time since last: 1000708800 ns, Reaching safepoint: 133600 ns, At safepoint: 6800 ns, Total: 140400 ns
[2020-09-28T10:06:22.659+0000][30964][safepoint    ] Safepoint "Cleanup", Time since last: 1000108400 ns, Reaching safepoint: 108000 ns, At safepoint: 6600 ns, Total: 114600 ns
[2020-09-28T10:06:24.660+0000][30964][safepoint    ] Safepoint "Cleanup", Time since last: 2000721500 ns, Reaching safepoint: 147000 ns, At safepoint: 20500 ns, Total: 167500 ns
[2020-09-28T10:06:25.661+0000][30964][safepoint    ] Safepoint "Cleanup", Time since last: 1000480300 ns, Reaching safepoint: 120400 ns, At safepoint: 4000 ns, Total: 124400 ns
[2020-09-28T10:06:26.661+0000][30964][safepoint    ] Safepoint "Cleanup", Time since last: 1000067900 ns, Reaching safepoint: 134300 ns, At safepoint: 4500 ns, Total: 138800 ns
[2020-09-28T10:06:28.662+0000][30964][safepoint    ] Safepoint "Cleanup", Time since last: 2000674400 ns, Reaching safepoint: 123100 ns, At safepoint: 6300 ns, Total: 129400 ns
[2020-09-28T10:06:29.663+0000][30964][safepoint    ] Safepoint "Cleanup", Time since last: 1000563700 ns, Reaching safepoint: 144700 ns, At safepoint: 8200 ns, Total: 152900 ns
[2020-09-28T10:06:30.663+0000][30964][safepoint    ] Safepoint "Cleanup", Time since last: 1000598800 ns, Reaching safepoint: 143600 ns, At safepoint: 6200 ns, Total: 149800 ns
[2020-09-28T10:06:31.664+0000][30964][safepoint    ] Safepoint "Cleanup", Time since last: 1000624000 ns, Reaching safepoint: 147900 ns, At safepoint: 10700 ns, Total: 158600 ns
[2020-09-28T10:06:33.665+0000][30964][safepoint    ] Safepoint "Cleanup", Time since last: 2000607800 ns, Reaching safepoint: 138600 ns, At safepoint: 10400 ns, Total: 149000 ns
[2020-09-28T10:06:35.665+0000][30964][safepoint    ] Safepoint "Cleanup", Time since last: 2000140600 ns, Reaching safepoint: 143800 ns, At safepoint: 9700 ns, Total: 153500 ns
[2020-09-28T10:06:36.665+0000][30964][safepoint    ] Safepoint "Cleanup", Time since last: 1000062700 ns, Reaching safepoint: 115700 ns, At safepoint: 9700 ns, Total: 125400 ns
[2020-09-28T10:06:37.666+0000][30964][safepoint    ] Safepoint "Cleanup", Time since last: 1000040100 ns, Reaching safepoint: 121900 ns, At safepoint: 9900 ns, Total: 131800 ns
[2020-09-28T10:06:38.666+0000][30964][safepoint    ] Safepoint "Cleanup", Time since last: 1000403000 ns, Reaching safepoint: 146900 ns, At safepoint: 3300 ns, Total: 150200 ns
[2020-09-28T10:06:39.667+0000][30964][safepoint    ] Safepoint "Cleanup", Time since last: 1000142500 ns, Reaching safepoint: 141200 ns, At safepoint: 7400 ns, Total: 148600 ns
[2020-09-28T10:06:40.667+0000][30964][safepoint    ] Safepoint "Cleanup", Time since last: 1000604000 ns, Reaching safepoint: 131700 ns, At safepoint: 12900 ns, Total: 144600 ns
[2020-09-28T10:06:41.668+0000][30964][safepoint    ] Safepoint "Cleanup", Time since last: 1000510600 ns, Reaching safepoint: 131100 ns, At safepoint: 7500 ns, Total: 138600 ns
[2020-09-28T10:06:42.668+0000][30964][safepoint    ] Safepoint "Cleanup", Time since last: 1000089700 ns, Reaching safepoint: 168700 ns, At safepoint: 17800 ns, Total: 186500 ns
[2020-09-28T10:06:43.669+0000][30964][safepoint    ] Safepoint "Cleanup", Time since last: 1000402400 ns, Reaching safepoint: 129700 ns, At safepoint: 8600 ns, Total: 138300 ns
[2020-09-28T10:06:44.670+0000][30964][safepoint    ] Safepoint "Cleanup", Time since last: 1000791000 ns, Reaching safepoint: 114900 ns, At safepoint: 7700 ns, Total: 122600 ns
[2020-09-28T10:06:45.670+0000][30964][safepoint    ] Safepoint "Cleanup", Time since last: 1000277300 ns, Reaching safepoint: 116900 ns, At safepoint: 7300 ns, Total: 124200 ns
[2020-09-28T10:06:46.671+0000][30964][safepoint    ] Safepoint "Cleanup", Time since last: 1000617200 ns, Reaching safepoint: 140600 ns, At safepoint: 10300 ns, Total: 150900 ns
[2020-09-28T10:06:47.672+0000][30964][safepoint    ] Safepoint "Cleanup", Time since last: 1000773700 ns, Reaching safepoint: 159800 ns, At safepoint: 10600 ns, Total: 170400 ns
[2020-09-28T10:06:49.672+0000][30964][safepoint    ] Safepoint "Cleanup", Time since last: 1999953800 ns, Reaching safepoint: 129200 ns, At safepoint: 9700 ns, Total: 138900 ns
[2020-09-28T10:06:50.672+0000][30964][safepoint    ] Safepoint "Cleanup", Time since last: 1000070900 ns, Reaching safepoint: 121200 ns, At safepoint: 10200 ns, Total: 131400 ns
[2020-09-28T10:06:51.673+0000][30964][safepoint    ] Safepoint "Cleanup", Time since last: 1000744100 ns, Reaching safepoint: 138000 ns, At safepoint: 7700 ns, Total: 145700 ns
[2020-09-28T10:06:52.674+0000][30964][safepoint    ] Safepoint "Cleanup", Time since last: 1000536600 ns, Reaching safepoint: 135300 ns, At safepoint: 6300 ns, Total: 141600 ns
[2020-09-28T10:06:53.675+0000][30964][safepoint    ] Safepoint "Cleanup", Time since last: 1000756600 ns, Reaching safepoint: 143800 ns, At safepoint: 8700 ns, Total: 152500 ns
[2020-09-28T10:06:54.675+0000][30964][safepoint    ] Safepoint "Cleanup", Time since last: 1000157400 ns, Reaching safepoint: 224200 ns, At safepoint: 4700 ns, Total: 228900 ns
[2020-09-28T10:06:55.675+0000][30964][safepoint    ] Safepoint "Cleanup", Time since last: 1000141300 ns, Reaching safepoint: 136300 ns, At safepoint: 9100 ns, Total: 145400 ns
[2020-09-28T10:06:56.676+0000][30964][safepoint    ] Safepoint "Cleanup", Time since last: 1000079500 ns, Reaching safepoint: 176000 ns, At safepoint: 10200 ns, Total: 186200 ns
[2020-09-28T10:06:57.676+0000][30964][safepoint    ] Safepoint "Cleanup", Time since last: 1000003100 ns, Reaching safepoint: 128600 ns, At safepoint: 5500 ns, Total: 134100 ns
[2020-09-28T10:06:58.676+0000][30964][safepoint    ] Safepoint "Cleanup", Time since last: 1000292600 ns, Reaching safepoint: 135100 ns, At safepoint: 9600 ns, Total: 144700 ns
[2020-09-28T10:06:59.677+0000][30964][safepoint    ] Safepoint "Cleanup", Time since last: 1000302200 ns, Reaching safepoint: 135500 ns, At safepoint: 9600 ns, Total: 145100 ns
[2020-09-28T10:07:00.677+0000][30964][safepoint    ] Safepoint "Cleanup", Time since last: 1000603200 ns, Reaching safepoint: 147400 ns, At safepoint: 9100 ns, Total: 156500 ns
[2020-09-28T10:07:01.678+0000][30964][safepoint    ] Safepoint "Cleanup", Time since last: 1000512600 ns, Reaching safepoint: 148300 ns, At safepoint: 9400 ns, Total: 157700 ns
[2020-09-28T10:07:03.679+0000][30964][safepoint    ] Safepoint "Cleanup", Time since last: 2000958100 ns, Reaching safepoint: 141800 ns, At safepoint: 11500 ns, Total: 153300 ns
[2020-09-28T10:07:04.680+0000][30964][safepoint    ] Safepoint "Cleanup", Time since last: 1000491100 ns, Reaching safepoint: 159700 ns, At safepoint: 9600 ns, Total: 169300 ns
[2020-09-28T10:07:06.681+0000][30964][safepoint    ] Safepoint "Cleanup", Time since last: 2000570200 ns, Reaching safepoint: 125500 ns, At safepoint: 7600 ns, Total: 133100 ns
[2020-09-28T10:07:07.681+0000][30964][safepoint    ] Safepoint "Cleanup", Time since last: 1000375900 ns, Reaching safepoint: 126100 ns, At safepoint: 9400 ns, Total: 135500 ns
[2020-09-28T10:07:08.685+0000][30964][safepoint    ] Safepoint "Cleanup", Time since last: 1000651500 ns, Reaching safepoint: 3121500 ns, At safepoint: 29800 ns, Total: 3151300 ns
[2020-09-28T10:07:09.686+0000][30964][safepoint    ] Safepoint "Cleanup", Time since last: 1000528000 ns, Reaching safepoint: 125300 ns, At safepoint: 9200 ns, Total: 134500 ns
[2020-09-28T10:07:10.686+0000][30964][safepoint    ] Safepoint "Cleanup", Time since last: 1000291500 ns, Reaching safepoint: 119100 ns, At safepoint: 6600 ns, Total: 125700 ns
[2020-09-28T10:07:11.686+0000][30964][safepoint    ] Safepoint "Cleanup", Time since last: 1000075500 ns, Reaching safepoint: 115900 ns, At safepoint: 5500 ns, Total: 121400 ns
[2020-09-28T10:07:12.687+0000][30964][safepoint    ] Safepoint "Cleanup", Time since last: 1000627100 ns, Reaching safepoint: 146300 ns, At safepoint: 10300 ns, Total: 156600 ns
[2020-09-28T10:07:14.687+0000][30964][safepoint    ] Safepoint "Cleanup", Time since last: 2000249500 ns, Reaching safepoint: 131300 ns, At safepoint: 22200 ns, Total: 153500 ns
[2020-09-28T10:07:15.688+0000][30964][safepoint    ] Safepoint "Cleanup", Time since last: 1000365800 ns, Reaching safepoint: 195900 ns, At safepoint: 12600 ns, Total: 208500 ns
[2020-09-28T10:07:16.688+0000][30964][safepoint    ] Safepoint "Cleanup", Time since last: 1000319500 ns, Reaching safepoint: 108600 ns, At safepoint: 5300 ns, Total: 113900 ns
[2020-09-28T10:07:18.689+0000][30964][safepoint    ] Safepoint "Cleanup", Time since last: 2000662200 ns, Reaching safepoint: 102500 ns, At safepoint: 7000 ns, Total: 109500 ns
[2020-09-28T10:07:19.690+0000][30964][safepoint    ] Safepoint "Cleanup", Time since last: 1000508400 ns, Reaching safepoint: 128600 ns, At safepoint: 5800 ns, Total: 134400 ns
[2020-09-28T10:07:20.691+0000][30964][safepoint    ] Safepoint "Cleanup", Time since last: 1000734300 ns, Reaching safepoint: 136600 ns, At safepoint: 5800 ns, Total: 142400 ns
[2020-09-28T10:07:21.691+0000][30964][safepoint    ] Safepoint "Cleanup", Time since last: 1000115900 ns, Reaching safepoint: 148900 ns, At safepoint: 7500 ns, Total: 156400 ns
[2020-09-28T10:07:23.692+0000][30964][safepoint    ] Safepoint "Cleanup", Time since last: 2000545800 ns, Reaching safepoint: 151200 ns, At safepoint: 5900 ns, Total: 157100 ns
[2020-09-28T10:07:25.692+0000][30964][safepoint    ] Safepoint "Cleanup", Time since last: 2000423800 ns, Reaching safepoint: 111300 ns, At safepoint: 5300 ns, Total: 116600 ns
[2020-09-28T10:07:27.693+0000][30964][safepoint    ] Safepoint "Cleanup", Time since last: 2000789200 ns, Reaching safepoint: 170300 ns, At safepoint: 9100 ns, Total: 179400 ns
[2020-09-28T10:07:28.694+0000][30964][safepoint    ] Safepoint "Cleanup", Time since last: 1000200300 ns, Reaching safepoint: 118300 ns, At safepoint: 6000 ns, Total: 124300 ns
[2020-09-28T10:07:29.694+0000][30964][safepoint    ] Safepoint "Cleanup", Time since last: 1000029800 ns, Reaching safepoint: 120500 ns, At safepoint: 5400 ns, Total: 125900 ns
[2020-09-28T10:07:30.695+0000][30964][safepoint    ] Safepoint "Cleanup", Time since last: 1000802500 ns, Reaching safepoint: 114700 ns, At safepoint: 5400 ns, Total: 120100 ns
[2020-09-28T10:07:31.695+0000][30964][safepoint    ] Safepoint "Cleanup", Time since last: 1000280200 ns, Reaching safepoint: 135500 ns, At safepoint: 9500 ns, Total: 145000 ns
[2020-09-28T10:07:32.696+0000][30964][safepoint    ] Safepoint "Cleanup", Time since last: 1000406400 ns, Reaching safepoint: 117300 ns, At safepoint: 6000 ns, Total: 123300 ns
[2020-09-28T10:07:33.697+0000][30964][safepoint    ] Safepoint "Cleanup", Time since last: 1000785300 ns, Reaching safepoint: 125700 ns, At safepoint: 6700 ns, Total: 132400 ns
[2020-09-28T10:07:34.697+0000][30964][safepoint    ] Safepoint "Cleanup", Time since last: 1000206200 ns, Reaching safepoint: 116700 ns, At safepoint: 5900 ns, Total: 122600 ns
[2020-09-28T10:07:35.697+0000][30964][safepoint    ] Safepoint "Cleanup", Time since last: 1000310200 ns, Reaching safepoint: 157600 ns, At safepoint: 5600 ns, Total: 163200 ns
[2020-09-28T10:07:36.698+0000][30964][safepoint    ] Safepoint "Cleanup", Time since last: 1000679200 ns, Reaching safepoint: 144600 ns, At safepoint: 6900 ns, Total: 151500 ns
[2020-09-28T10:07:37.699+0000][30964][safepoint    ] Safepoint "Cleanup", Time since last: 1000752300 ns, Reaching safepoint: 126300 ns, At safepoint: 8400 ns, Total: 134700 ns
[2020-09-28T10:07:38.700+0000][30964][safepoint    ] Safepoint "Cleanup", Time since last: 1000201300 ns, Reaching safepoint: 107300 ns, At safepoint: 5700 ns, Total: 113000 ns
[2020-09-28T10:07:39.700+0000][30964][safepoint    ] Safepoint "Cleanup", Time since last: 1000403700 ns, Reaching safepoint: 110900 ns, At safepoint: 4400 ns, Total: 115300 ns
[2020-09-28T10:07:40.701+0000][30964][safepoint    ] Safepoint "Cleanup", Time since last: 1000252200 ns, Reaching safepoint: 126400 ns, At safepoint: 6000 ns, Total: 132400 ns
[2020-09-28T10:07:41.701+0000][30964][safepoint    ] Safepoint "Cleanup", Time since last: 1000553800 ns, Reaching safepoint: 148500 ns, At safepoint: 21900 ns, Total: 170400 ns
[2020-09-28T10:07:43.702+0000][30964][safepoint    ] Safepoint "Cleanup", Time since last: 2000214300 ns, Reaching safepoint: 159200 ns, At safepoint: 19000 ns, Total: 178200 ns
[2020-09-28T10:07:44.702+0000][30964][safepoint    ] Safepoint "Cleanup", Time since last: 1000077300 ns, Reaching safepoint: 133400 ns, At safepoint: 6400 ns, Total: 139800 ns
[2020-09-28T10:07:45.703+0000][30964][safepoint    ] Safepoint "Cleanup", Time since last: 1000806700 ns, Reaching safepoint: 114400 ns, At safepoint: 5800 ns, Total: 120200 ns
[2020-09-28T10:07:46.703+0000][30964][safepoint    ] Safepoint "Cleanup", Time since last: 1000503700 ns, Reaching safepoint: 160800 ns, At safepoint: 6100 ns, Total: 166900 ns
[2020-09-28T10:07:47.704+0000][30964][safepoint    ] Safepoint "Cleanup", Time since last: 1000386900 ns, Reaching safepoint: 103100 ns, At safepoint: 5800 ns, Total: 108900 ns
[2020-09-28T10:07:48.704+0000][30964][safepoint    ] Safepoint "Cleanup", Time since last: 1000318000 ns, Reaching safepoint: 130300 ns, At safepoint: 3600 ns, Total: 133900 ns
[2020-09-28T10:07:49.705+0000][30964][safepoint    ] Safepoint "Cleanup", Time since last: 1000824300 ns, Reaching safepoint: 121400 ns, At safepoint: 5400 ns, Total: 126800 ns
[2020-09-28T10:07:50.706+0000][30964][safepoint    ] Safepoint "Cleanup", Time since last: 1000501400 ns, Reaching safepoint: 97200 ns, At safepoint: 6800 ns, Total: 104000 ns
[2020-09-28T10:07:51.707+0000][30964][safepoint    ] Safepoint "Cleanup", Time since last: 1000327600 ns, Reaching safepoint: 122000 ns, At safepoint: 5800 ns, Total: 127800 ns
[2020-09-28T10:07:52.707+0000][30964][safepoint    ] Safepoint "Cleanup", Time since last: 1000786500 ns, Reaching safepoint: 142300 ns, At safepoint: 4900 ns, Total: 147200 ns
[2020-09-28T10:07:53.708+0000][30964][safepoint    ] Safepoint "Cleanup", Time since last: 1000286600 ns, Reaching safepoint: 124400 ns, At safepoint: 5400 ns, Total: 129800 ns
[2020-09-28T10:07:54.708+0000][30964][safepoint    ] Safepoint "Cleanup", Time since last: 1000282400 ns, Reaching safepoint: 132300 ns, At safepoint: 5300 ns, Total: 137600 ns
[2020-09-28T10:07:55.709+0000][30964][safepoint    ] Safepoint "Cleanup", Time since last: 1000541200 ns, Reaching safepoint: 129600 ns, At safepoint: 9500 ns, Total: 139100 ns
[2020-09-28T10:07:56.710+0000][30964][safepoint    ] Safepoint "Cleanup", Time since last: 1000730400 ns, Reaching safepoint: 116600 ns, At safepoint: 5200 ns, Total: 121800 ns
[2020-09-28T10:07:57.711+0000][30964][safepoint    ] Safepoint "Cleanup", Time since last: 1000773800 ns, Reaching safepoint: 104100 ns, At safepoint: 6100 ns, Total: 110200 ns
[2020-09-28T10:07:58.711+0000][30964][safepoint    ] Safepoint "Cleanup", Time since last: 1000290100 ns, Reaching safepoint: 149600 ns, At safepoint: 6200 ns, Total: 155800 ns
[2020-09-28T10:07:59.711+0000][30964][safepoint    ] Safepoint "Cleanup", Time since last: 1000027600 ns, Reaching safepoint: 113600 ns, At safepoint: 5900 ns, Total: 119500 ns
[2020-09-28T10:08:01.712+0000][30964][safepoint    ] Safepoint "Cleanup", Time since last: 2000827000 ns, Reaching safepoint: 148700 ns, At safepoint: 5800 ns, Total: 154500 ns
[2020-09-28T10:08:02.713+0000][30964][safepoint    ] Safepoint "Cleanup", Time since last: 1000282300 ns, Reaching safepoint: 114500 ns, At safepoint: 7300 ns, Total: 121800 ns
[2020-09-28T10:08:03.713+0000][30964][safepoint    ] Safepoint "Cleanup", Time since last: 1000387700 ns, Reaching safepoint: 122800 ns, At safepoint: 6000 ns, Total: 128800 ns
[2020-09-28T10:08:04.714+0000][30964][safepoint    ] Safepoint "Cleanup", Time since last: 1000242900 ns, Reaching safepoint: 105700 ns, At safepoint: 6700 ns, Total: 112400 ns
[2020-09-28T10:08:05.714+0000][30964][safepoint    ] Safepoint "Cleanup", Time since last: 1000729900 ns, Reaching safepoint: 173400 ns, At safepoint: 7900 ns, Total: 181300 ns
[2020-09-28T10:08:06.715+0000][30964][safepoint    ] Safepoint "Cleanup", Time since last: 1000708400 ns, Reaching safepoint: 120500 ns, At safepoint: 8600 ns, Total: 129100 ns
[2020-09-28T10:08:07.716+0000][30964][safepoint    ] Safepoint "Cleanup", Time since last: 1000501500 ns, Reaching safepoint: 134900 ns, At safepoint: 8000 ns, Total: 142900 ns
[2020-09-28T10:08:08.716+0000][30964][safepoint    ] Safepoint "Cleanup", Time since last: 1000233600 ns, Reaching safepoint: 140500 ns, At safepoint: 8200 ns, Total: 148700 ns
[2020-09-28T10:08:09.717+0000][30964][safepoint    ] Safepoint "Cleanup", Time since last: 1000582800 ns, Reaching safepoint: 118000 ns, At safepoint: 7800 ns, Total: 125800 ns
[2020-09-28T10:08:10.717+0000][30964][safepoint    ] Safepoint "Cleanup", Time since last: 1000091900 ns, Reaching safepoint: 170300 ns, At safepoint: 7500 ns, Total: 177800 ns
[2020-09-28T10:08:11.718+0000][30964][safepoint    ] Safepoint "Cleanup", Time since last: 1000735300 ns, Reaching safepoint: 122800 ns, At safepoint: 8100 ns, Total: 130900 ns
[2020-09-28T10:08:12.719+0000][30964][safepoint    ] Safepoint "Cleanup", Time since last: 1000469300 ns, Reaching safepoint: 123700 ns, At safepoint: 2300 ns, Total: 126000 ns
[2020-09-28T10:08:13.720+0000][30964][safepoint    ] Safepoint "Cleanup", Time since last: 1000499000 ns, Reaching safepoint: 113600 ns, At safepoint: 5800 ns, Total: 119400 ns
[2020-09-28T10:08:14.720+0000][30964][safepoint    ] Safepoint "Cleanup", Time since last: 1000430100 ns, Reaching safepoint: 131700 ns, At safepoint: 5900 ns, Total: 137600 ns
[2020-09-28T10:08:16.721+0000][30964][safepoint    ] Safepoint "Cleanup", Time since last: 2000881300 ns, Reaching safepoint: 120600 ns, At safepoint: 6600 ns, Total: 127200 ns
[2020-09-28T10:08:17.722+0000][30964][safepoint    ] Safepoint "Cleanup", Time since last: 1000347000 ns, Reaching safepoint: 107400 ns, At safepoint: 3900 ns, Total: 111300 ns
[2020-09-28T10:08:18.722+0000][30964][safepoint    ] Safepoint "Cleanup", Time since last: 1000056100 ns, Reaching safepoint: 126900 ns, At safepoint: 9900 ns, Total: 136800 ns
[2020-09-28T10:08:19.723+0000][30964][safepoint    ] Safepoint "Cleanup", Time since last: 1000750600 ns, Reaching safepoint: 125700 ns, At safepoint: 9900 ns, Total: 135600 ns
[2020-09-28T10:08:20.723+0000][30964][safepoint    ] Safepoint "Cleanup", Time since last: 1000151400 ns, Reaching safepoint: 127100 ns, At safepoint: 6200 ns, Total: 133300 ns
[2020-09-28T10:08:21.724+0000][30964][safepoint    ] Safepoint "Cleanup", Time since last: 1000535200 ns, Reaching safepoint: 115900 ns, At safepoint: 6600 ns, Total: 122500 ns
[2020-09-28T10:08:22.725+0000][30964][safepoint    ] Safepoint "Cleanup", Time since last: 1000764600 ns, Reaching safepoint: 104100 ns, At safepoint: 4300 ns, Total: 108400 ns
[2020-09-28T10:08:23.725+0000][30964][safepoint    ] Safepoint "Cleanup", Time since last: 1000462900 ns, Reaching safepoint: 137400 ns, At safepoint: 5500 ns, Total: 142900 ns
[2020-09-28T10:08:24.725+0000][30964][safepoint    ] Safepoint "Cleanup", Time since last: 1000127400 ns, Reaching safepoint: 109100 ns, At safepoint: 6000 ns, Total: 115100 ns
[2020-09-28T10:08:25.726+0000][30964][safepoint    ] Safepoint "Cleanup", Time since last: 1000210100 ns, Reaching safepoint: 131800 ns, At safepoint: 5700 ns, Total: 137500 ns
[2020-09-28T10:08:26.727+0000][30964][safepoint    ] Safepoint "Cleanup", Time since last: 1000607600 ns, Reaching safepoint: 123000 ns, At safepoint: 5800 ns, Total: 128800 ns
[2020-09-28T10:08:27.727+0000][30964][safepoint    ] Safepoint "Cleanup", Time since last: 1000734100 ns, Reaching safepoint: 107500 ns, At safepoint: 7600 ns, Total: 115100 ns
[2020-09-28T10:08:28.728+0000][30964][safepoint    ] Safepoint "Cleanup", Time since last: 1000028200 ns, Reaching safepoint: 125200 ns, At safepoint: 3000 ns, Total: 128200 ns
[2020-09-28T10:08:29.728+0000][30964][safepoint    ] Safepoint "Cleanup", Time since last: 1000479700 ns, Reaching safepoint: 125700 ns, At safepoint: 2600 ns, Total: 128300 ns
[2020-09-28T10:08:30.728+0000][30964][safepoint    ] Safepoint "Cleanup", Time since last: 1000083600 ns, Reaching safepoint: 97500 ns, At safepoint: 14400 ns, Total: 111900 ns
[2020-09-28T10:08:31.729+0000][30964][safepoint    ] Safepoint "Cleanup", Time since last: 1000579400 ns, Reaching safepoint: 108800 ns, At safepoint: 9300 ns, Total: 118100 ns
[2020-09-28T10:08:33.730+0000][30964][safepoint    ] Safepoint "Cleanup", Time since last: 2000313900 ns, Reaching safepoint: 109200 ns, At safepoint: 3600 ns, Total: 112800 ns
[2020-09-28T10:08:34.730+0000][30964][safepoint    ] Safepoint "Cleanup", Time since last: 1000530600 ns, Reaching safepoint: 113000 ns, At safepoint: 8300 ns, Total: 121300 ns
[2020-09-28T10:08:35.731+0000][30964][safepoint    ] Safepoint "Cleanup", Time since last: 1000178500 ns, Reaching safepoint: 143000 ns, At safepoint: 6300 ns, Total: 149300 ns
[2020-09-28T10:08:36.731+0000][30964][safepoint    ] Safepoint "Cleanup", Time since last: 1000169500 ns, Reaching safepoint: 175900 ns, At safepoint: 8800 ns, Total: 184700 ns
[2020-09-28T10:08:37.732+0000][30964][safepoint    ] Safepoint "Cleanup", Time since last: 1000687300 ns, Reaching safepoint: 122100 ns, At safepoint: 9800 ns, Total: 131900 ns
[2020-09-28T10:08:38.733+0000][30964][safepoint    ] Safepoint "Cleanup", Time since last: 1000656400 ns, Reaching safepoint: 138100 ns, At safepoint: 11200 ns, Total: 149300 ns
[2020-09-28T10:08:40.733+0000][30964][safepoint    ] Safepoint "Cleanup", Time since last: 2000478900 ns, Reaching safepoint: 131800 ns, At safepoint: 6900 ns, Total: 138700 ns
[2020-09-28T10:08:41.734+0000][30964][safepoint    ] Safepoint "Cleanup", Time since last: 1000582200 ns, Reaching safepoint: 136300 ns, At safepoint: 20900 ns, Total: 157200 ns
[2020-09-28T10:08:42.734+0000][30964][safepoint    ] Safepoint "Cleanup", Time since last: 1000153300 ns, Reaching safepoint: 141700 ns, At safepoint: 9900 ns, Total: 151600 ns
[2020-09-28T10:08:43.735+0000][30964][safepoint    ] Safepoint "Cleanup", Time since last: 1000846600 ns, Reaching safepoint: 91700 ns, At safepoint: 4400 ns, Total: 96100 ns
[2020-09-28T10:08:44.736+0000][30964][safepoint    ] Safepoint "Cleanup", Time since last: 1000796600 ns, Reaching safepoint: 156700 ns, At safepoint: 5200 ns, Total: 161900 ns
[2020-09-28T10:08:45.737+0000][30964][safepoint    ] Safepoint "Cleanup", Time since last: 1000551700 ns, Reaching safepoint: 118300 ns, At safepoint: 6300 ns, Total: 124600 ns
[2020-09-28T10:08:46.737+0000][30964][safepoint    ] Safepoint "Cleanup", Time since last: 1000203700 ns, Reaching safepoint: 150100 ns, At safepoint: 5400 ns, Total: 155500 ns
[2020-09-28T10:08:47.738+0000][30964][safepoint    ] Safepoint "Cleanup", Time since last: 1000298500 ns, Reaching safepoint: 97400 ns, At safepoint: 7800 ns, Total: 105200 ns
[2020-09-28T10:08:48.738+0000][30964][safepoint    ] Safepoint "Cleanup", Time since last: 1000341700 ns, Reaching safepoint: 99900 ns, At safepoint: 7400 ns, Total: 107300 ns
[2020-09-28T10:08:49.739+0000][30964][safepoint    ] Safepoint "Cleanup", Time since last: 1000752600 ns, Reaching safepoint: 104400 ns, At safepoint: 7600 ns, Total: 112000 ns
[2020-09-28T10:08:51.739+0000][30964][safepoint    ] Safepoint "Cleanup", Time since last: 2000329900 ns, Reaching safepoint: 133100 ns, At safepoint: 21200 ns, Total: 154300 ns
[2020-09-28T10:08:52.740+0000][30964][safepoint    ] Safepoint "Cleanup", Time since last: 1000218800 ns, Reaching safepoint: 133900 ns, At safepoint: 5300 ns, Total: 139200 ns
[2020-09-28T10:08:53.740+0000][30964][safepoint    ] Safepoint "Cleanup", Time since last: 1000280000 ns, Reaching safepoint: 150900 ns, At safepoint: 5400 ns, Total: 156300 ns
[2020-09-28T10:08:54.741+0000][30964][safepoint    ] Safepoint "Cleanup", Time since last: 1000552400 ns, Reaching safepoint: 144400 ns, At safepoint: 2700 ns, Total: 147100 ns
[2020-09-28T10:08:56.741+0000][30964][safepoint    ] Safepoint "Cleanup", Time since last: 2000294100 ns, Reaching safepoint: 115800 ns, At safepoint: 6200 ns, Total: 122000 ns
[2020-09-28T10:08:57.742+0000][30964][safepoint    ] Safepoint "Cleanup", Time since last: 1000665600 ns, Reaching safepoint: 154800 ns, At safepoint: 5800 ns, Total: 160600 ns
[2020-09-28T10:08:58.743+0000][30964][safepoint    ] Safepoint "Cleanup", Time since last: 1000206000 ns, Reaching safepoint: 219400 ns, At safepoint: 6000 ns, Total: 225400 ns
[2020-09-28T10:09:00.744+0000][30964][safepoint    ] Safepoint "Cleanup", Time since last: 2000837900 ns, Reaching safepoint: 141300 ns, At safepoint: 5200 ns, Total: 146500 ns
[2020-09-28T10:09:01.744+0000][30964][safepoint    ] Safepoint "Cleanup", Time since last: 1000533500 ns, Reaching safepoint: 167700 ns, At safepoint: 31000 ns, Total: 198700 ns
[2020-09-28T10:09:03.745+0000][30964][safepoint    ] Safepoint "Cleanup", Time since last: 2000535000 ns, Reaching safepoint: 122300 ns, At safepoint: 8100 ns, Total: 130400 ns
[2020-09-28T10:09:04.746+0000][30964][safepoint    ] Safepoint "Cleanup", Time since last: 1000751400 ns, Reaching safepoint: 118000 ns, At safepoint: 6800 ns, Total: 124800 ns
[2020-09-28T10:09:05.747+0000][30964][safepoint    ] Safepoint "Cleanup", Time since last: 1000716600 ns, Reaching safepoint: 94000 ns, At safepoint: 3600 ns, Total: 97600 ns
[2020-09-28T10:09:06.747+0000][30964][safepoint    ] Safepoint "Cleanup", Time since last: 1000260100 ns, Reaching safepoint: 125300 ns, At safepoint: 6400 ns, Total: 131700 ns
[2020-09-28T10:09:07.747+0000][30964][safepoint    ] Safepoint "Cleanup", Time since last: 1000017200 ns, Reaching safepoint: 123500 ns, At safepoint: 6000 ns, Total: 129500 ns
[2020-09-28T10:09:08.748+0000][30964][safepoint    ] Safepoint "Cleanup", Time since last: 1000695300 ns, Reaching safepoint: 127800 ns, At safepoint: 3200 ns, Total: 131000 ns
[2020-09-28T10:09:09.748+0000][30964][safepoint    ] Safepoint "Cleanup", Time since last: 1000052400 ns, Reaching safepoint: 133300 ns, At safepoint: 5400 ns, Total: 138700 ns
[2020-09-28T10:09:10.749+0000][30964][safepoint    ] Safepoint "Cleanup", Time since last: 1000035100 ns, Reaching safepoint: 143500 ns, At safepoint: 5100 ns, Total: 148600 ns
[2020-09-28T10:09:11.749+0000][30964][safepoint    ] Safepoint "Cleanup", Time since last: 1000130500 ns, Reaching safepoint: 117500 ns, At safepoint: 7700 ns, Total: 125200 ns
[2020-09-28T10:09:12.749+0000][30964][safepoint    ] Safepoint "Cleanup", Time since last: 1000449400 ns, Reaching safepoint: 115700 ns, At safepoint: 5900 ns, Total: 121600 ns
[2020-09-28T10:09:13.750+0000][30964][safepoint    ] Safepoint "Cleanup", Time since last: 1000657800 ns, Reaching safepoint: 122400 ns, At safepoint: 5800 ns, Total: 128200 ns
[2020-09-28T10:09:14.751+0000][30964][safepoint    ] Safepoint "Cleanup", Time since last: 1000800500 ns, Reaching safepoint: 143900 ns, At safepoint: 5200 ns, Total: 149100 ns
[2020-09-28T10:09:16.752+0000][30964][safepoint    ] Safepoint "Cleanup", Time since last: 2000851900 ns, Reaching safepoint: 127600 ns, At safepoint: 7400 ns, Total: 135000 ns
[2020-09-28T10:09:17.753+0000][30964][safepoint    ] Safepoint "Cleanup", Time since last: 1000323800 ns, Reaching safepoint: 106300 ns, At safepoint: 7400 ns, Total: 113700 ns
[2020-09-28T10:09:18.753+0000][30964][safepoint    ] Safepoint "Cleanup", Time since last: 1000445600 ns, Reaching safepoint: 120700 ns, At safepoint: 7500 ns, Total: 128200 ns
[2020-09-28T10:09:19.753+0000][30964][safepoint    ] Safepoint "Cleanup", Time since last: 1000083800 ns, Reaching safepoint: 145100 ns, At safepoint: 12300 ns, Total: 157400 ns
[2020-09-28T10:09:20.754+0000][30964][safepoint    ] Safepoint "Cleanup", Time since last: 1000620200 ns, Reaching safepoint: 144400 ns, At safepoint: 5400 ns, Total: 149800 ns
[2020-09-28T10:09:21.755+0000][30964][safepoint    ] Safepoint "Cleanup", Time since last: 1000366300 ns, Reaching safepoint: 146800 ns, At safepoint: 8000 ns, Total: 154800 ns
[2020-09-28T10:09:22.756+0000][30964][safepoint    ] Safepoint "Cleanup", Time since last: 1000643400 ns, Reaching safepoint: 116100 ns, At safepoint: 5800 ns, Total: 121900 ns
[2020-09-28T10:09:23.756+0000][30964][safepoint    ] Safepoint "Cleanup", Time since last: 1000598500 ns, Reaching safepoint: 133500 ns, At safepoint: 24600 ns, Total: 158100 ns
[2020-09-28T10:09:24.757+0000][30964][safepoint    ] Safepoint "Cleanup", Time since last: 1000533800 ns, Reaching safepoint: 107600 ns, At safepoint: 5900 ns, Total: 113500 ns
[2020-09-28T10:09:25.757+0000][30964][safepoint    ] Safepoint "Cleanup", Time since last: 1000342300 ns, Reaching safepoint: 125700 ns, At safepoint: 5500 ns, Total: 131200 ns
[2020-09-28T10:09:26.758+0000][30964][safepoint    ] Safepoint "Cleanup", Time since last: 1000429800 ns, Reaching safepoint: 142800 ns, At safepoint: 13800 ns, Total: 156600 ns
[2020-09-28T10:09:27.758+0000][30964][safepoint    ] Safepoint "Cleanup", Time since last: 1000279800 ns, Reaching safepoint: 131900 ns, At safepoint: 5600 ns, Total: 137500 ns
[2020-09-28T10:09:28.759+0000][30964][safepoint    ] Safepoint "Cleanup", Time since last: 1000065100 ns, Reaching safepoint: 165600 ns, At safepoint: 5600 ns, Total: 171200 ns
[2020-09-28T10:09:29.759+0000][30964][safepoint    ] Safepoint "Cleanup", Time since last: 1000474100 ns, Reaching safepoint: 115600 ns, At safepoint: 7500 ns, Total: 123100 ns
[2020-09-28T10:09:30.760+0000][30964][safepoint    ] Safepoint "Cleanup", Time since last: 1000194700 ns, Reaching safepoint: 125200 ns, At safepoint: 5700 ns, Total: 130900 ns
[2020-09-28T10:09:31.760+0000][30964][safepoint    ] Safepoint "Cleanup", Time since last: 1000341800 ns, Reaching safepoint: 111700 ns, At safepoint: 4200 ns, Total: 115900 ns
[2020-09-28T10:09:33.760+0000][30964][safepoint    ] Safepoint "Cleanup", Time since last: 2000082500 ns, Reaching safepoint: 97600 ns, At safepoint: 7200 ns, Total: 104800 ns
[2020-09-28T10:09:34.760+0000][30964][safepoint    ] Safepoint "Cleanup", Time since last: 1000027400 ns, Reaching safepoint: 117400 ns, At safepoint: 7300 ns, Total: 124700 ns
[2020-09-28T10:09:35.761+0000][30964][safepoint    ] Safepoint "Cleanup", Time since last: 1000588000 ns, Reaching safepoint: 114700 ns, At safepoint: 6500 ns, Total: 121200 ns
[2020-09-28T10:09:36.762+0000][30964][safepoint    ] Safepoint "Cleanup", Time since last: 1000312300 ns, Reaching safepoint: 126300 ns, At safepoint: 4200 ns, Total: 130500 ns
[2020-09-28T10:09:37.762+0000][30964][safepoint    ] Safepoint "Cleanup", Time since last: 1000109300 ns, Reaching safepoint: 123400 ns, At safepoint: 5500 ns, Total: 128900 ns
[2020-09-28T10:09:38.762+0000][30964][safepoint    ] Safepoint "Cleanup", Time since last: 1000120500 ns, Reaching safepoint: 139800 ns, At safepoint: 3900 ns, Total: 143700 ns
[2020-09-28T10:09:39.763+0000][30964][safepoint    ] Safepoint "Cleanup", Time since last: 1000444800 ns, Reaching safepoint: 114400 ns, At safepoint: 6100 ns, Total: 120500 ns
[2020-09-28T10:09:40.763+0000][30964][safepoint    ] Safepoint "Cleanup", Time since last: 1000292300 ns, Reaching safepoint: 110900 ns, At safepoint: 4800 ns, Total: 115700 ns
[2020-09-28T10:09:41.764+0000][30964][safepoint    ] Safepoint "Cleanup", Time since last: 1000293900 ns, Reaching safepoint: 115500 ns, At safepoint: 7800 ns, Total: 123300 ns
[2020-09-28T10:09:42.764+0000][30964][safepoint    ] Safepoint "Cleanup", Time since last: 1000339200 ns, Reaching safepoint: 106000 ns, At safepoint: 6500 ns, Total: 112500 ns
[2020-09-28T10:09:44.764+0000][30964][safepoint    ] Safepoint "Cleanup", Time since last: 2000146800 ns, Reaching safepoint: 127900 ns, At safepoint: 3800 ns, Total: 131700 ns
[2020-09-28T10:09:45.765+0000][30964][safepoint    ] Safepoint "Cleanup", Time since last: 1000801400 ns, Reaching safepoint: 128700 ns, At safepoint: 7400 ns, Total: 136100 ns
[2020-09-28T10:09:46.766+0000][30964][safepoint    ] Safepoint "Cleanup", Time since last: 1000109300 ns, Reaching safepoint: 135200 ns, At safepoint: 5400 ns, Total: 140600 ns
[2020-09-28T10:09:48.766+0000][30964][safepoint    ] Safepoint "Cleanup", Time since last: 2000728600 ns, Reaching safepoint: 126500 ns, At safepoint: 6300 ns, Total: 132800 ns
[2020-09-28T10:09:50.767+0000][30964][safepoint    ] Safepoint "Cleanup", Time since last: 2000739100 ns, Reaching safepoint: 136600 ns, At safepoint: 4600 ns, Total: 141200 ns
[2020-09-28T10:09:51.768+0000][30964][safepoint    ] Safepoint "Cleanup", Time since last: 1000828400 ns, Reaching safepoint: 138400 ns, At safepoint: 5600 ns, Total: 144000 ns
[2020-09-28T10:09:52.769+0000][30964][safepoint    ] Safepoint "Cleanup", Time since last: 1000461400 ns, Reaching safepoint: 134200 ns, At safepoint: 8000 ns, Total: 142200 ns
[2020-09-28T10:09:54.770+0000][30964][safepoint    ] Safepoint "Cleanup", Time since last: 2000536600 ns, Reaching safepoint: 164200 ns, At safepoint: 5600 ns, Total: 169800 ns
[2020-09-28T10:09:55.770+0000][30964][safepoint    ] Safepoint "Cleanup", Time since last: 1000711500 ns, Reaching safepoint: 151500 ns, At safepoint: 6100 ns, Total: 157600 ns
[2020-09-28T10:09:56.771+0000][30964][safepoint    ] Safepoint "Cleanup", Time since last: 1000692800 ns, Reaching safepoint: 121000 ns, At safepoint: 7100 ns, Total: 128100 ns
[2020-09-28T10:09:57.772+0000][30964][safepoint    ] Safepoint "Cleanup", Time since last: 1000392200 ns, Reaching safepoint: 122500 ns, At safepoint: 6700 ns, Total: 129200 ns
[2020-09-28T10:09:58.772+0000][30964][safepoint    ] Safepoint "Cleanup", Time since last: 1000203800 ns, Reaching safepoint: 285900 ns, At safepoint: 11600 ns, Total: 297500 ns
[2020-09-28T10:09:59.773+0000][30964][safepoint    ] Safepoint "Cleanup", Time since last: 1000075700 ns, Reaching safepoint: 146000 ns, At safepoint: 7700 ns, Total: 153700 ns
[2020-09-28T10:10:00.773+0000][30964][safepoint    ] Safepoint "Cleanup", Time since last: 1000266100 ns, Reaching safepoint: 135900 ns, At safepoint: 5700 ns, Total: 141600 ns
[2020-09-28T10:10:01.773+0000][30964][safepoint    ] Safepoint "Cleanup", Time since last: 1000286000 ns, Reaching safepoint: 115100 ns, At safepoint: 5900 ns, Total: 121000 ns
[2020-09-28T10:10:02.774+0000][30964][safepoint    ] Safepoint "Cleanup", Time since last: 1000795700 ns, Reaching safepoint: 175900 ns, At safepoint: 4100 ns, Total: 180000 ns
[2020-09-28T10:10:03.775+0000][30964][safepoint    ] Safepoint "Cleanup", Time since last: 1000788200 ns, Reaching safepoint: 111000 ns, At safepoint: 8700 ns, Total: 119700 ns
[2020-09-28T10:10:04.776+0000][30964][safepoint    ] Safepoint "Cleanup", Time since last: 1000148200 ns, Reaching safepoint: 139100 ns, At safepoint: 5600 ns, Total: 144700 ns
[2020-09-28T10:10:05.776+0000][30964][safepoint    ] Safepoint "Cleanup", Time since last: 1000564500 ns, Reaching safepoint: 103900 ns, At safepoint: 6500 ns, Total: 110400 ns
[2020-09-28T10:10:07.777+0000][30964][safepoint    ] Safepoint "Cleanup", Time since last: 2000892000 ns, Reaching safepoint: 183500 ns, At safepoint: 6100 ns, Total: 189600 ns
[2020-09-28T10:10:08.778+0000][30964][safepoint    ] Safepoint "Cleanup", Time since last: 1000340200 ns, Reaching safepoint: 124700 ns, At safepoint: 6600 ns, Total: 131300 ns
[2020-09-28T10:10:09.778+0000][30964][safepoint    ] Safepoint "Cleanup", Time since last: 1000186700 ns, Reaching safepoint: 110300 ns, At safepoint: 10900 ns, Total: 121200 ns
[2020-09-28T10:10:10.779+0000][30964][safepoint    ] Safepoint "Cleanup", Time since last: 1000374200 ns, Reaching safepoint: 138300 ns, At safepoint: 5100 ns, Total: 143400 ns
[2020-09-28T10:10:11.779+0000][30964][safepoint    ] Safepoint "Cleanup", Time since last: 1000338800 ns, Reaching safepoint: 128500 ns, At safepoint: 4100 ns, Total: 132600 ns
[2020-09-28T10:10:12.780+0000][30964][safepoint    ] Safepoint "Cleanup", Time since last: 1000846000 ns, Reaching safepoint: 124100 ns, At safepoint: 5900 ns, Total: 130000 ns
[2020-09-28T10:10:13.781+0000][30964][safepoint    ] Safepoint "Cleanup", Time since last: 1000281400 ns, Reaching safepoint: 109300 ns, At safepoint: 6100 ns, Total: 115400 ns
[2020-09-28T10:10:14.781+0000][30964][safepoint    ] Safepoint "Cleanup", Time since last: 1000212600 ns, Reaching safepoint: 140700 ns, At safepoint: 7800 ns, Total: 148500 ns
[2020-09-28T10:10:15.781+0000][30964][safepoint    ] Safepoint "Cleanup", Time since last: 1000296900 ns, Reaching safepoint: 137900 ns, At safepoint: 5700 ns, Total: 143600 ns
[2020-09-28T10:10:16.782+0000][30964][safepoint    ] Safepoint "Cleanup", Time since last: 1000035500 ns, Reaching safepoint: 124600 ns, At safepoint: 3500 ns, Total: 128100 ns
[2020-09-28T10:10:17.782+0000][30964][safepoint    ] Safepoint "Cleanup", Time since last: 1000389100 ns, Reaching safepoint: 105500 ns, At safepoint: 5900 ns, Total: 111400 ns
[2020-09-28T10:10:18.782+0000][30964][safepoint    ] Safepoint "Cleanup", Time since last: 1000214600 ns, Reaching safepoint: 152100 ns, At safepoint: 5200 ns, Total: 157300 ns
[2020-09-28T10:10:19.783+0000][30964][safepoint    ] Safepoint "Cleanup", Time since last: 1000467800 ns, Reaching safepoint: 104400 ns, At safepoint: 6000 ns, Total: 110400 ns
[2020-09-28T10:10:20.784+0000][30964][safepoint    ] Safepoint "Cleanup", Time since last: 1000641100 ns, Reaching safepoint: 123500 ns, At safepoint: 5900 ns, Total: 129400 ns
[2020-09-28T10:10:21.784+0000][30964][safepoint    ] Safepoint "Cleanup", Time since last: 1000161600 ns, Reaching safepoint: 148100 ns, At safepoint: 20500 ns, Total: 168600 ns
[2020-09-28T10:10:22.785+0000][30964][safepoint    ] Safepoint "Cleanup", Time since last: 1000459500 ns, Reaching safepoint: 141500 ns, At safepoint: 5900 ns, Total: 147400 ns
[2020-09-28T10:10:23.785+0000][30964][safepoint    ] Safepoint "Cleanup", Time since last: 1000328300 ns, Reaching safepoint: 111800 ns, At safepoint: 7500 ns, Total: 119300 ns
[2020-09-28T10:10:24.786+0000][30964][safepoint    ] Safepoint "Cleanup", Time since last: 1000745000 ns, Reaching safepoint: 130000 ns, At safepoint: 3500 ns, Total: 133500 ns
[2020-09-28T10:10:25.786+0000][30964][safepoint    ] Safepoint "Cleanup", Time since last: 1000202200 ns, Reaching safepoint: 145400 ns, At safepoint: 5100 ns, Total: 150500 ns
[2020-09-28T10:10:26.787+0000][30964][safepoint    ] Safepoint "Cleanup", Time since last: 1000059000 ns, Reaching safepoint: 161500 ns, At safepoint: 4900 ns, Total: 166400 ns
[2020-09-28T10:10:27.788+0000][30964][safepoint    ] Safepoint "Cleanup", Time since last: 1000689200 ns, Reaching safepoint: 128400 ns, At safepoint: 7400 ns, Total: 135800 ns
[2020-09-28T10:10:28.788+0000][30964][safepoint    ] Safepoint "Cleanup", Time since last: 1000129900 ns, Reaching safepoint: 143000 ns, At safepoint: 5400 ns, Total: 148400 ns
[2020-09-28T10:10:29.789+0000][30964][safepoint    ] Safepoint "Cleanup", Time since last: 1000503000 ns, Reaching safepoint: 114400 ns, At safepoint: 9300 ns, Total: 123700 ns
[2020-09-28T10:10:30.789+0000][30964][safepoint    ] Safepoint "Cleanup", Time since last: 1000431800 ns, Reaching safepoint: 126700 ns, At safepoint: 3000 ns, Total: 129700 ns
[2020-09-28T10:10:31.790+0000][30964][safepoint    ] Safepoint "Cleanup", Time since last: 1000598400 ns, Reaching safepoint: 125600 ns, At safepoint: 3200 ns, Total: 128800 ns
[2020-09-28T10:10:32.790+0000][30964][safepoint    ] Safepoint "Cleanup", Time since last: 1000210100 ns, Reaching safepoint: 129200 ns, At safepoint: 5300 ns, Total: 134500 ns
[2020-09-28T10:10:34.790+0000][30964][safepoint    ] Safepoint "Cleanup", Time since last: 1999978400 ns, Reaching safepoint: 106900 ns, At safepoint: 7800 ns, Total: 114700 ns
[2020-09-28T10:10:35.791+0000][30964][safepoint    ] Safepoint "Cleanup", Time since last: 1000117500 ns, Reaching safepoint: 123800 ns, At safepoint: 3200 ns, Total: 127000 ns
[2020-09-28T10:10:37.791+0000][30964][safepoint    ] Safepoint "Cleanup", Time since last: 2000427100 ns, Reaching safepoint: 121500 ns, At safepoint: 6000 ns, Total: 127500 ns
[2020-09-28T10:10:38.791+0000][30964][safepoint    ] Safepoint "Cleanup", Time since last: 1000052900 ns, Reaching safepoint: 139400 ns, At safepoint: 6500 ns, Total: 145900 ns
[2020-09-28T10:10:39.792+0000][30964][safepoint    ] Safepoint "Cleanup", Time since last: 1000177000 ns, Reaching safepoint: 145400 ns, At safepoint: 5500 ns, Total: 150900 ns
[2020-09-28T10:10:40.914+0000][30964][safepoint    ] Safepoint "Cleanup", Time since last: 1122112200 ns, Reaching safepoint: 100400 ns, At safepoint: 6800 ns, Total: 107200 ns
[2020-09-28T10:10:41.915+0000][30964][safepoint    ] Safepoint "Cleanup", Time since last: 1000531800 ns, Reaching safepoint: 122900 ns, At safepoint: 3500 ns, Total: 126400 ns
[2020-09-28T10:10:42.915+0000][30964][safepoint    ] Safepoint "Cleanup", Time since last: 1000585600 ns, Reaching safepoint: 126000 ns, At safepoint: 6000 ns, Total: 132000 ns
[2020-09-28T10:10:43.916+0000][30964][safepoint    ] Safepoint "Cleanup", Time since last: 1000208700 ns, Reaching safepoint: 131900 ns, At safepoint: 5300 ns, Total: 137200 ns
[2020-09-28T10:10:44.917+0000][30964][safepoint    ] Safepoint "Cleanup", Time since last: 1000770100 ns, Reaching safepoint: 91700 ns, At safepoint: 6500 ns, Total: 98200 ns
[2020-09-28T10:10:45.917+0000][30964][safepoint    ] Safepoint "Cleanup", Time since last: 1000643300 ns, Reaching safepoint: 108800 ns, At safepoint: 4600 ns, Total: 113400 ns
[2020-09-28T10:10:46.918+0000][30964][safepoint    ] Safepoint "Cleanup", Time since last: 1000661300 ns, Reaching safepoint: 111000 ns, At safepoint: 22400 ns, Total: 133400 ns
[2020-09-28T10:10:47.919+0000][30964][safepoint    ] Safepoint "Cleanup", Time since last: 1000260200 ns, Reaching safepoint: 176100 ns, At safepoint: 54000 ns, Total: 230100 ns
[2020-09-28T10:10:49.919+0000][30964][safepoint    ] Safepoint "Cleanup", Time since last: 2000390100 ns, Reaching safepoint: 113600 ns, At safepoint: 52700 ns, Total: 166300 ns
[2020-09-28T10:10:50.919+0000][30964][safepoint    ] Safepoint "Cleanup", Time since last: 1000121900 ns, Reaching safepoint: 108400 ns, At safepoint: 4400 ns, Total: 112800 ns
[2020-09-28T10:10:51.920+0000][30964][safepoint    ] Safepoint "Cleanup", Time since last: 1000709500 ns, Reaching safepoint: 126800 ns, At safepoint: 19000 ns, Total: 145800 ns
[2020-09-28T10:10:52.921+0000][30964][safepoint    ] Safepoint "Cleanup", Time since last: 1000727000 ns, Reaching safepoint: 135000 ns, At safepoint: 77600 ns, Total: 212600 ns
[2020-09-28T10:10:53.921+0000][30964][safepoint    ] Safepoint "Cleanup", Time since last: 1000100100 ns, Reaching safepoint: 109000 ns, At safepoint: 24600 ns, Total: 133600 ns
[2020-09-28T10:10:54.922+0000][30964][safepoint    ] Safepoint "Cleanup", Time since last: 1000673900 ns, Reaching safepoint: 123900 ns, At safepoint: 7800 ns, Total: 131700 ns
[2020-09-28T10:10:55.923+0000][30964][safepoint    ] Safepoint "Cleanup", Time since last: 1000348200 ns, Reaching safepoint: 121800 ns, At safepoint: 8000 ns, Total: 129800 ns
[2020-09-28T10:10:56.923+0000][30964][safepoint    ] Safepoint "Cleanup", Time since last: 1000054400 ns, Reaching safepoint: 164100 ns, At safepoint: 8800 ns, Total: 172900 ns
[2020-09-28T10:10:57.924+0000][30964][safepoint    ] Safepoint "Cleanup", Time since last: 1000412400 ns, Reaching safepoint: 132700 ns, At safepoint: 5900 ns, Total: 138600 ns
[2020-09-28T10:10:59.924+0000][30964][safepoint    ] Safepoint "Cleanup", Time since last: 2000180600 ns, Reaching safepoint: 106900 ns, At safepoint: 7900 ns, Total: 114800 ns
[2020-09-28T10:11:00.925+0000][30964][safepoint    ] Safepoint "Cleanup", Time since last: 1000777100 ns, Reaching safepoint: 115000 ns, At safepoint: 8100 ns, Total: 123100 ns
[2020-09-28T10:11:01.925+0000][30964][safepoint    ] Safepoint "Cleanup", Time since last: 1000127300 ns, Reaching safepoint: 145900 ns, At safepoint: 5500 ns, Total: 151400 ns
[2020-09-28T10:11:02.926+0000][30964][safepoint    ] Safepoint "Cleanup", Time since last: 1000525100 ns, Reaching safepoint: 163900 ns, At safepoint: 8800 ns, Total: 172700 ns
[2020-09-28T10:11:03.926+0000][30964][safepoint    ] Safepoint "Cleanup", Time since last: 1000028400 ns, Reaching safepoint: 114200 ns, At safepoint: 7900 ns, Total: 122100 ns
[2020-09-28T10:11:04.927+0000][30964][safepoint    ] Safepoint "Cleanup", Time since last: 1000766700 ns, Reaching safepoint: 114800 ns, At safepoint: 5500 ns, Total: 120300 ns
[2020-09-28T10:11:05.927+0000][30964][safepoint    ] Safepoint "Cleanup", Time since last: 1000095100 ns, Reaching safepoint: 119600 ns, At safepoint: 6100 ns, Total: 125700 ns
[2020-09-28T10:11:06.927+0000][30964][safepoint    ] Safepoint "Cleanup", Time since last: 1000012300 ns, Reaching safepoint: 109500 ns, At safepoint: 3600 ns, Total: 113100 ns
[2020-09-28T10:11:07.928+0000][30964][safepoint    ] Safepoint "Cleanup", Time since last: 1000498400 ns, Reaching safepoint: 113500 ns, At safepoint: 6100 ns, Total: 119600 ns
[2020-09-28T10:11:08.928+0000][30964][safepoint    ] Safepoint "Cleanup", Time since last: 1000396100 ns, Reaching safepoint: 126700 ns, At safepoint: 16500 ns, Total: 143200 ns
[2020-09-28T10:11:09.929+0000][30964][safepoint    ] Safepoint "Cleanup", Time since last: 1000606100 ns, Reaching safepoint: 110200 ns, At safepoint: 6700 ns, Total: 116900 ns
[2020-09-28T10:11:10.929+0000][30964][safepoint    ] Safepoint "Cleanup", Time since last: 1000220300 ns, Reaching safepoint: 119500 ns, At safepoint: 6500 ns, Total: 126000 ns
[2020-09-28T10:11:12.930+0000][30964][safepoint    ] Safepoint "Cleanup", Time since last: 2000492300 ns, Reaching safepoint: 136800 ns, At safepoint: 5900 ns, Total: 142700 ns
[2020-09-28T10:11:13.931+0000][30964][safepoint    ] Safepoint "Cleanup", Time since last: 1000811000 ns, Reaching safepoint: 143900 ns, At safepoint: 5500 ns, Total: 149400 ns
[2020-09-28T10:11:14.932+0000][30964][safepoint    ] Safepoint "Cleanup", Time since last: 1000731600 ns, Reaching safepoint: 138600 ns, At safepoint: 9500 ns, Total: 148100 ns
[2020-09-28T10:11:15.932+0000][30964][safepoint    ] Safepoint "Cleanup", Time since last: 1000069800 ns, Reaching safepoint: 146700 ns, At safepoint: 8900 ns, Total: 155600 ns
[2020-09-28T10:11:16.933+0000][30964][safepoint    ] Safepoint "Cleanup", Time since last: 1000439400 ns, Reaching safepoint: 116100 ns, At safepoint: 7500 ns, Total: 123600 ns
[2020-09-28T10:11:17.933+0000][30964][safepoint    ] Safepoint "Cleanup", Time since last: 1000337500 ns, Reaching safepoint: 174600 ns, At safepoint: 7400 ns, Total: 182000 ns
[2020-09-28T10:11:19.934+0000][30964][safepoint    ] Safepoint "Cleanup", Time since last: 2000436600 ns, Reaching safepoint: 119900 ns, At safepoint: 7500 ns, Total: 127400 ns
[2020-09-28T10:11:20.935+0000][30964][safepoint    ] Safepoint "Cleanup", Time since last: 1000670400 ns, Reaching safepoint: 113400 ns, At safepoint: 6400 ns, Total: 119800 ns
[2020-09-28T10:11:21.935+0000][30964][safepoint    ] Safepoint "Cleanup", Time since last: 1000204100 ns, Reaching safepoint: 110000 ns, At safepoint: 5700 ns, Total: 115700 ns
[2020-09-28T10:11:22.936+0000][30964][safepoint    ] Safepoint "Cleanup", Time since last: 1000891600 ns, Reaching safepoint: 98300 ns, At safepoint: 7600 ns, Total: 105900 ns
[2020-09-28T10:11:23.937+0000][30964][safepoint    ] Safepoint "Cleanup", Time since last: 1000523600 ns, Reaching safepoint: 142200 ns, At safepoint: 6600 ns, Total: 148800 ns
[2020-09-28T10:11:24.937+0000][30964][safepoint    ] Safepoint "Cleanup", Time since last: 1000363300 ns, Reaching safepoint: 228000 ns, At safepoint: 6400 ns, Total: 234400 ns
[2020-09-28T10:11:25.938+0000][30964][safepoint    ] Safepoint "Cleanup", Time since last: 1000594300 ns, Reaching safepoint: 141200 ns, At safepoint: 9300 ns, Total: 150500 ns
[2020-09-28T10:11:26.939+0000][30964][safepoint    ] Safepoint "Cleanup", Time since last: 1000515400 ns, Reaching safepoint: 122500 ns, At safepoint: 8200 ns, Total: 130700 ns
[2020-09-28T10:11:27.940+0000][30964][safepoint    ] Safepoint "Cleanup", Time since last: 1000840600 ns, Reaching safepoint: 156200 ns, At safepoint: 9700 ns, Total: 165900 ns
[2020-09-28T10:11:28.940+0000][30964][safepoint    ] Safepoint "Cleanup", Time since last: 1000003800 ns, Reaching safepoint: 140500 ns, At safepoint: 10100 ns, Total: 150600 ns
[2020-09-28T10:11:29.940+0000][30964][safepoint    ] Safepoint "Cleanup", Time since last: 1000071000 ns, Reaching safepoint: 162700 ns, At safepoint: 6900 ns, Total: 169600 ns
[2020-09-28T10:11:30.940+0000][30964][safepoint    ] Safepoint "Cleanup", Time since last: 1000053300 ns, Reaching safepoint: 155400 ns, At safepoint: 6200 ns, Total: 161600 ns
[2020-09-28T10:11:31.941+0000][30964][safepoint    ] Safepoint "Cleanup", Time since last: 1000328800 ns, Reaching safepoint: 133600 ns, At safepoint: 5900 ns, Total: 139500 ns
[2020-09-28T10:11:32.941+0000][30964][safepoint    ] Safepoint "Cleanup", Time since last: 1000429700 ns, Reaching safepoint: 119300 ns, At safepoint: 5100 ns, Total: 124400 ns
[2020-09-28T10:11:33.942+0000][30964][safepoint    ] Safepoint "Cleanup", Time since last: 1000205400 ns, Reaching safepoint: 125000 ns, At safepoint: 7000 ns, Total: 132000 ns
[2020-09-28T10:11:34.942+0000][30964][safepoint    ] Safepoint "Cleanup", Time since last: 1000102300 ns, Reaching safepoint: 125100 ns, At safepoint: 5800 ns, Total: 130900 ns
[2020-09-28T10:11:35.942+0000][30964][safepoint    ] Safepoint "Cleanup", Time since last: 1000178100 ns, Reaching safepoint: 124200 ns, At safepoint: 6600 ns, Total: 130800 ns
[2020-09-28T10:11:36.942+0000][30964][safepoint    ] Safepoint "Cleanup", Time since last: 1000046100 ns, Reaching safepoint: 130400 ns, At safepoint: 20800 ns, Total: 151200 ns
[2020-09-28T10:11:38.942+0000][30964][safepoint    ] Safepoint "Cleanup", Time since last: 1999962200 ns, Reaching safepoint: 119200 ns, At safepoint: 6700 ns, Total: 125900 ns
[2020-09-28T10:11:39.943+0000][30964][safepoint    ] Safepoint "Cleanup", Time since last: 1000021100 ns, Reaching safepoint: 136800 ns, At safepoint: 5700 ns, Total: 142500 ns
[2020-09-28T10:11:40.943+0000][30964][safepoint    ] Safepoint "Cleanup", Time since last: 1000356800 ns, Reaching safepoint: 133500 ns, At safepoint: 5900 ns, Total: 139400 ns
[2020-09-28T10:11:41.944+0000][30964][safepoint    ] Safepoint "Cleanup", Time since last: 1000482000 ns, Reaching safepoint: 135600 ns, At safepoint: 5700 ns, Total: 141300 ns
[2020-09-28T10:11:42.944+0000][30964][safepoint    ] Safepoint "Cleanup", Time since last: 1000220900 ns, Reaching safepoint: 100700 ns, At safepoint: 5800 ns, Total: 106500 ns
[2020-09-28T10:11:43.945+0000][30964][safepoint    ] Safepoint "Cleanup", Time since last: 1000196900 ns, Reaching safepoint: 141200 ns, At safepoint: 4000 ns, Total: 145200 ns
[2020-09-28T10:11:44.945+0000][30964][safepoint    ] Safepoint "Cleanup", Time since last: 1000086500 ns, Reaching safepoint: 139000 ns, At safepoint: 5100 ns, Total: 144100 ns
[2020-09-28T10:11:45.945+0000][30964][safepoint    ] Safepoint "Cleanup", Time since last: 1000431200 ns, Reaching safepoint: 151100 ns, At safepoint: 6000 ns, Total: 157100 ns
[2020-09-28T10:11:46.946+0000][30964][safepoint    ] Safepoint "Cleanup", Time since last: 1000436400 ns, Reaching safepoint: 155200 ns, At safepoint: 5200 ns, Total: 160400 ns
[2020-09-28T10:11:47.947+0000][30964][safepoint    ] Safepoint "Cleanup", Time since last: 1000475100 ns, Reaching safepoint: 96600 ns, At safepoint: 6100 ns, Total: 102700 ns
[2020-09-28T10:11:48.947+0000][30964][safepoint    ] Safepoint "Cleanup", Time since last: 1000334300 ns, Reaching safepoint: 98500 ns, At safepoint: 8100 ns, Total: 106600 ns
[2020-09-28T10:11:49.947+0000][30964][safepoint    ] Safepoint "Cleanup", Time since last: 1000234100 ns, Reaching safepoint: 124100 ns, At safepoint: 3500 ns, Total: 127600 ns
[2020-09-28T10:11:50.948+0000][30964][safepoint    ] Safepoint "Cleanup", Time since last: 1000558900 ns, Reaching safepoint: 122700 ns, At safepoint: 7700 ns, Total: 130400 ns
[2020-09-28T10:11:51.949+0000][30964][safepoint    ] Safepoint "Cleanup", Time since last: 1000892900 ns, Reaching safepoint: 96800 ns, At safepoint: 3400 ns, Total: 100200 ns
[2020-09-28T10:11:52.949+0000][30964][safepoint    ] Safepoint "Cleanup", Time since last: 1000240200 ns, Reaching safepoint: 112400 ns, At safepoint: 9600 ns, Total: 122000 ns
[2020-09-28T10:11:53.950+0000][30964][safepoint    ] Safepoint "Cleanup", Time since last: 1000609000 ns, Reaching safepoint: 129000 ns, At safepoint: 5000 ns, Total: 134000 ns
[2020-09-28T10:11:54.950+0000][30964][safepoint    ] Safepoint "Cleanup", Time since last: 1000239300 ns, Reaching safepoint: 134900 ns, At safepoint: 7100 ns, Total: 142000 ns
[2020-09-28T10:11:56.951+0000][30964][safepoint    ] Safepoint "Cleanup", Time since last: 2000333200 ns, Reaching safepoint: 124000 ns, At safepoint: 7000 ns, Total: 131000 ns
[2020-09-28T10:11:57.951+0000][30964][safepoint    ] Safepoint "Cleanup", Time since last: 1000074500 ns, Reaching safepoint: 127600 ns, At safepoint: 5500 ns, Total: 133100 ns
[2020-09-28T10:11:58.952+0000][30964][safepoint    ] Safepoint "Cleanup", Time since last: 1000195000 ns, Reaching safepoint: 142300 ns, At safepoint: 6400 ns, Total: 148700 ns
[2020-09-28T10:11:59.952+0000][30964][safepoint    ] Safepoint "Cleanup", Time since last: 1000167200 ns, Reaching safepoint: 132100 ns, At safepoint: 6900 ns, Total: 139000 ns
[2020-09-28T10:12:01.953+0000][30964][safepoint    ] Safepoint "Cleanup", Time since last: 2000829600 ns, Reaching safepoint: 122600 ns, At safepoint: 4900 ns, Total: 127500 ns
[2020-09-28T10:12:02.953+0000][30964][safepoint    ] Safepoint "Cleanup", Time since last: 1000080100 ns, Reaching safepoint: 134100 ns, At safepoint: 8700 ns, Total: 142800 ns
[2020-09-28T10:12:03.954+0000][30964][safepoint    ] Safepoint "Cleanup", Time since last: 1000558200 ns, Reaching safepoint: 102800 ns, At safepoint: 9200 ns, Total: 112000 ns
[2020-09-28T10:12:04.954+0000][30964][safepoint    ] Safepoint "Cleanup", Time since last: 1000124600 ns, Reaching safepoint: 101900 ns, At safepoint: 3600 ns, Total: 105500 ns
[2020-09-28T10:12:05.954+0000][30964][safepoint    ] Safepoint "Cleanup", Time since last: 1000207600 ns, Reaching safepoint: 112400 ns, At safepoint: 5900 ns, Total: 118300 ns
[2020-09-28T10:12:06.955+0000][30964][safepoint    ] Safepoint "Cleanup", Time since last: 1000532000 ns, Reaching safepoint: 112100 ns, At safepoint: 7600 ns, Total: 119700 ns
[2020-09-28T10:12:08.956+0000][30964][safepoint    ] Safepoint "Cleanup", Time since last: 2000396800 ns, Reaching safepoint: 110800 ns, At safepoint: 9200 ns, Total: 120000 ns
[2020-09-28T10:12:09.956+0000][30964][safepoint    ] Safepoint "Cleanup", Time since last: 1000341400 ns, Reaching safepoint: 111700 ns, At safepoint: 5900 ns, Total: 117600 ns
[2020-09-28T10:12:10.956+0000][30964][safepoint    ] Safepoint "Cleanup", Time since last: 1000147600 ns, Reaching safepoint: 111700 ns, At safepoint: 6300 ns, Total: 118000 ns
[2020-09-28T10:12:11.957+0000][30964][safepoint    ] Safepoint "Cleanup", Time since last: 1000400100 ns, Reaching safepoint: 151400 ns, At safepoint: 5800 ns, Total: 157200 ns
[2020-09-28T10:12:13.957+0000][30964][safepoint    ] Safepoint "Cleanup", Time since last: 2000136000 ns, Reaching safepoint: 119000 ns, At safepoint: 9500 ns, Total: 128500 ns
[2020-09-28T10:12:14.958+0000][30964][safepoint    ] Safepoint "Cleanup", Time since last: 1000503800 ns, Reaching safepoint: 122700 ns, At safepoint: 16400 ns, Total: 139100 ns
[2020-09-28T10:12:15.958+0000][30964][safepoint    ] Safepoint "Cleanup", Time since last: 1000310400 ns, Reaching safepoint: 131300 ns, At safepoint: 6100 ns, Total: 137400 ns
[2020-09-28T10:12:17.499+0000][30964][safepoint    ] Safepoint "Cleanup", Time since last: 1540509600 ns, Reaching safepoint: 114200 ns, At safepoint: 10000 ns, Total: 124200 ns
[2020-09-28T10:12:18.500+0000][30964][safepoint    ] Safepoint "Cleanup", Time since last: 1000805600 ns, Reaching safepoint: 165500 ns, At safepoint: 4300 ns, Total: 169800 ns
[2020-09-28T10:12:19.500+0000][30964][safepoint    ] Safepoint "Cleanup", Time since last: 1000464500 ns, Reaching safepoint: 123600 ns, At safepoint: 7200 ns, Total: 130800 ns
[2020-09-28T10:12:20.501+0000][30964][safepoint    ] Safepoint "Cleanup", Time since last: 1000299700 ns, Reaching safepoint: 159500 ns, At safepoint: 27900 ns, Total: 187400 ns
[2020-09-28T10:12:21.502+0000][30964][safepoint    ] Safepoint "Cleanup", Time since last: 1000698100 ns, Reaching safepoint: 125900 ns, At safepoint: 6500 ns, Total: 132400 ns
[2020-09-28T10:12:22.503+0000][30964][safepoint    ] Safepoint "Cleanup", Time since last: 1000788100 ns, Reaching safepoint: 142300 ns, At safepoint: 6700 ns, Total: 149000 ns
[2020-09-28T10:12:24.504+0000][30964][safepoint    ] Safepoint "Cleanup", Time since last: 2000926200 ns, Reaching safepoint: 107100 ns, At safepoint: 3100 ns, Total: 110200 ns
[2020-09-28T10:12:25.504+0000][30964][safepoint    ] Safepoint "Cleanup", Time since last: 1000121300 ns, Reaching safepoint: 150800 ns, At safepoint: 6600 ns, Total: 157400 ns
[2020-09-28T10:12:26.505+0000][30964][safepoint    ] Safepoint "Cleanup", Time since last: 1000705000 ns, Reaching safepoint: 158400 ns, At safepoint: 5100 ns, Total: 163500 ns
[2020-09-28T10:12:27.506+0000][30964][safepoint    ] Safepoint "Cleanup", Time since last: 1000638900 ns, Reaching safepoint: 116900 ns, At safepoint: 6500 ns, Total: 123400 ns
[2020-09-28T10:12:28.506+0000][30964][safepoint    ] Safepoint "Cleanup", Time since last: 1000314200 ns, Reaching safepoint: 124600 ns, At safepoint: 5500 ns, Total: 130100 ns
[2020-09-28T10:12:29.507+0000][30964][safepoint    ] Safepoint "Cleanup", Time since last: 1000905000 ns, Reaching safepoint: 149200 ns, At safepoint: 4800 ns, Total: 154000 ns
[2020-09-28T10:12:30.508+0000][30964][safepoint    ] Safepoint "Cleanup", Time since last: 1000618700 ns, Reaching safepoint: 116100 ns, At safepoint: 5500 ns, Total: 121600 ns
[2020-09-28T10:12:31.508+0000][30964][safepoint    ] Safepoint "Cleanup", Time since last: 1000132800 ns, Reaching safepoint: 126300 ns, At safepoint: 5200 ns, Total: 131500 ns
[2020-09-28T10:12:32.509+0000][30964][safepoint    ] Safepoint "Cleanup", Time since last: 1000460700 ns, Reaching safepoint: 124700 ns, At safepoint: 7100 ns, Total: 131800 ns
[2020-09-28T10:12:33.510+0000][30964][safepoint    ] Safepoint "Cleanup", Time since last: 1000823000 ns, Reaching safepoint: 113500 ns, At safepoint: 6500 ns, Total: 120000 ns
[2020-09-28T10:12:34.510+0000][30964][safepoint    ] Safepoint "Cleanup", Time since last: 1000581300 ns, Reaching safepoint: 196800 ns, At safepoint: 11600 ns, Total: 208400 ns
[2020-09-28T10:12:36.511+0000][30964][safepoint    ] Safepoint "Cleanup", Time since last: 2000450500 ns, Reaching safepoint: 110600 ns, At safepoint: 6400 ns, Total: 117000 ns
[2020-09-28T10:12:37.512+0000][30964][safepoint    ] Safepoint "Cleanup", Time since last: 1000739400 ns, Reaching safepoint: 129300 ns, At safepoint: 7700 ns, Total: 137000 ns
[2020-09-28T10:12:38.513+0000][30964][safepoint    ] Safepoint "Cleanup", Time since last: 1000647700 ns, Reaching safepoint: 147300 ns, At safepoint: 6000 ns, Total: 153300 ns
[2020-09-28T10:12:40.047+0000][30964][safepoint    ] Safepoint "Cleanup", Time since last: 1534544200 ns, Reaching safepoint: 128200 ns, At safepoint: 5400 ns, Total: 133600 ns
[2020-09-28T10:12:41.048+0000][30964][safepoint    ] Safepoint "Cleanup", Time since last: 1000503900 ns, Reaching safepoint: 130500 ns, At safepoint: 6100 ns, Total: 136600 ns
[2020-09-28T10:12:42.048+0000][30964][safepoint    ] Safepoint "Cleanup", Time since last: 1000275100 ns, Reaching safepoint: 123500 ns, At safepoint: 7200 ns, Total: 130700 ns
[2020-09-28T10:12:43.049+0000][30964][safepoint    ] Safepoint "Cleanup", Time since last: 1000419900 ns, Reaching safepoint: 144900 ns, At safepoint: 78600 ns, Total: 223500 ns
[2020-09-28T10:12:45.049+0000][30964][safepoint    ] Safepoint "Cleanup", Time since last: 2000172600 ns, Reaching safepoint: 150400 ns, At safepoint: 5900 ns, Total: 156300 ns
[2020-09-28T10:12:46.050+0000][30964][safepoint    ] Safepoint "Cleanup", Time since last: 1000772100 ns, Reaching safepoint: 121900 ns, At safepoint: 5700 ns, Total: 127600 ns
[2020-09-28T10:12:48.051+0000][30964][safepoint    ] Safepoint "Cleanup", Time since last: 2000737000 ns, Reaching safepoint: 142400 ns, At safepoint: 6400 ns, Total: 148800 ns
[2020-09-28T10:12:50.051+0000][30964][safepoint    ] Safepoint "Cleanup", Time since last: 2000027000 ns, Reaching safepoint: 141600 ns, At safepoint: 21600 ns, Total: 163200 ns
[2020-09-28T10:12:51.052+0000][30964][safepoint    ] Safepoint "Cleanup", Time since last: 1000447800 ns, Reaching safepoint: 124500 ns, At safepoint: 5800 ns, Total: 130300 ns
[2020-09-28T10:12:52.053+0000][30964][safepoint    ] Safepoint "Cleanup", Time since last: 1000809900 ns, Reaching safepoint: 137300 ns, At safepoint: 5600 ns, Total: 142900 ns
[2020-09-28T10:12:53.054+0000][30964][safepoint    ] Safepoint "Cleanup", Time since last: 1000411100 ns, Reaching safepoint: 137000 ns, At safepoint: 6300 ns, Total: 143300 ns
[2020-09-28T10:12:54.054+0000][30964][safepoint    ] Safepoint "Cleanup", Time since last: 1000707900 ns, Reaching safepoint: 157700 ns, At safepoint: 77300 ns, Total: 235000 ns
[2020-09-28T10:12:55.055+0000][30964][safepoint    ] Safepoint "Cleanup", Time since last: 1000539900 ns, Reaching safepoint: 145200 ns, At safepoint: 4200 ns, Total: 149400 ns
[2020-09-28T10:12:57.056+0000][30964][safepoint    ] Safepoint "Cleanup", Time since last: 2000556600 ns, Reaching safepoint: 158700 ns, At safepoint: 6200 ns, Total: 164900 ns
[2020-09-28T10:12:59.057+0000][30964][safepoint    ] Safepoint "Cleanup", Time since last: 2000810900 ns, Reaching safepoint: 126300 ns, At safepoint: 6100 ns, Total: 132400 ns
[2020-09-28T10:13:00.057+0000][30964][safepoint    ] Safepoint "Cleanup", Time since last: 1000047600 ns, Reaching safepoint: 124100 ns, At safepoint: 6000 ns, Total: 130100 ns
[2020-09-28T10:13:01.058+0000][30964][safepoint    ] Safepoint "Cleanup", Time since last: 1000348600 ns, Reaching safepoint: 149600 ns, At safepoint: 6500 ns, Total: 156100 ns
[2020-09-28T10:13:02.058+0000][30964][safepoint    ] Safepoint "Cleanup", Time since last: 1000121800 ns, Reaching safepoint: 108800 ns, At safepoint: 5100 ns, Total: 113900 ns
[2020-09-28T10:13:04.058+0000][30964][safepoint    ] Safepoint "Cleanup", Time since last: 2000425500 ns, Reaching safepoint: 117600 ns, At safepoint: 7300 ns, Total: 124900 ns
[2020-09-28T10:13:05.059+0000][30964][safepoint    ] Safepoint "Cleanup", Time since last: 1000024100 ns, Reaching safepoint: 145400 ns, At safepoint: 5800 ns, Total: 151200 ns
[2020-09-28T10:13:06.059+0000][30964][safepoint    ] Safepoint "Cleanup", Time since last: 1000414500 ns, Reaching safepoint: 157400 ns, At safepoint: 27700 ns, Total: 185100 ns
[2020-09-28T10:13:07.060+0000][30964][safepoint    ] Safepoint "Cleanup", Time since last: 1000761400 ns, Reaching safepoint: 143500 ns, At safepoint: 5000 ns, Total: 148500 ns
[2020-09-28T10:13:08.060+0000][30964][safepoint    ] Safepoint "Cleanup", Time since last: 1000080900 ns, Reaching safepoint: 116100 ns, At safepoint: 6000 ns, Total: 122100 ns
[2020-09-28T10:13:09.061+0000][30964][safepoint    ] Safepoint "Cleanup", Time since last: 1000463800 ns, Reaching safepoint: 120400 ns, At safepoint: 3200 ns, Total: 123600 ns
[2020-09-28T10:13:10.061+0000][30964][safepoint    ] Safepoint "Cleanup", Time since last: 1000265200 ns, Reaching safepoint: 114800 ns, At safepoint: 7300 ns, Total: 122100 ns
[2020-09-28T10:13:11.062+0000][30964][safepoint    ] Safepoint "Cleanup", Time since last: 1000067100 ns, Reaching safepoint: 156200 ns, At safepoint: 5600 ns, Total: 161800 ns
[2020-09-28T10:13:12.517+0000][30964][safepoint    ] Safepoint "Cleanup", Time since last: 1455091400 ns, Reaching safepoint: 103500 ns, At safepoint: 6100 ns, Total: 109600 ns
[2020-09-28T10:13:13.518+0000][30964][safepoint    ] Safepoint "Cleanup", Time since last: 1000758200 ns, Reaching safepoint: 145200 ns, At safepoint: 20800 ns, Total: 166000 ns
[2020-09-28T10:13:14.518+0000][30964][safepoint    ] Safepoint "Cleanup", Time since last: 1000615200 ns, Reaching safepoint: 126300 ns, At safepoint: 5500 ns, Total: 131800 ns
[2020-09-28T10:13:16.519+0000][30964][safepoint    ] Safepoint "Cleanup", Time since last: 2000848700 ns, Reaching safepoint: 124500 ns, At safepoint: 5700 ns, Total: 130200 ns
[2020-09-28T10:13:17.520+0000][30964][safepoint    ] Safepoint "Cleanup", Time since last: 1000584900 ns, Reaching safepoint: 106900 ns, At safepoint: 6500 ns, Total: 113400 ns
[2020-09-28T10:13:18.521+0000][30964][safepoint    ] Safepoint "Cleanup", Time since last: 1000568800 ns, Reaching safepoint: 155800 ns, At safepoint: 5900 ns, Total: 161700 ns
[2020-09-28T10:13:19.521+0000][30964][safepoint    ] Safepoint "Cleanup", Time since last: 1000406400 ns, Reaching safepoint: 145500 ns, At safepoint: 8900 ns, Total: 154400 ns
[2020-09-28T10:13:21.522+0000][30964][safepoint    ] Safepoint "Cleanup", Time since last: 2000646700 ns, Reaching safepoint: 120200 ns, At safepoint: 7400 ns, Total: 127600 ns
[2020-09-28T10:13:23.523+0000][30964][safepoint    ] Safepoint "Cleanup", Time since last: 2000768800 ns, Reaching safepoint: 144500 ns, At safepoint: 5800 ns, Total: 150300 ns
[2020-09-28T10:13:24.523+0000][30964][safepoint    ] Safepoint "Cleanup", Time since last: 1000086500 ns, Reaching safepoint: 134300 ns, At safepoint: 6100 ns, Total: 140400 ns
[2020-09-28T10:13:25.524+0000][30964][safepoint    ] Safepoint "Cleanup", Time since last: 1000317700 ns, Reaching safepoint: 135000 ns, At safepoint: 10200 ns, Total: 145200 ns
[2020-09-28T10:13:26.525+0000][30964][safepoint    ] Safepoint "Cleanup", Time since last: 1000606000 ns, Reaching safepoint: 113200 ns, At safepoint: 5800 ns, Total: 119000 ns
[2020-09-28T10:13:27.525+0000][30964][safepoint    ] Safepoint "Cleanup", Time since last: 1000656800 ns, Reaching safepoint: 128300 ns, At safepoint: 5800 ns, Total: 134100 ns
[2020-09-28T10:13:29.526+0000][30964][safepoint    ] Safepoint "Cleanup", Time since last: 2000509600 ns, Reaching safepoint: 139200 ns, At safepoint: 5200 ns, Total: 144400 ns
[2020-09-28T10:13:31.526+0000][30964][safepoint    ] Safepoint "Cleanup", Time since last: 1999984600 ns, Reaching safepoint: 111200 ns, At safepoint: 7700 ns, Total: 118900 ns
[2020-09-28T10:13:32.527+0000][30964][safepoint    ] Safepoint "Cleanup", Time since last: 1000459300 ns, Reaching safepoint: 109100 ns, At safepoint: 7700 ns, Total: 116800 ns
[2020-09-28T10:13:33.527+0000][30964][safepoint    ] Safepoint "Cleanup", Time since last: 1000015600 ns, Reaching safepoint: 126900 ns, At safepoint: 5700 ns, Total: 132600 ns
[2020-09-28T10:13:35.527+0000][30964][safepoint    ] Safepoint "Cleanup", Time since last: 2000230500 ns, Reaching safepoint: 122600 ns, At safepoint: 7100 ns, Total: 129700 ns
[2020-09-28T10:13:37.528+0000][30964][safepoint    ] Safepoint "Cleanup", Time since last: 2000860900 ns, Reaching safepoint: 114100 ns, At safepoint: 6200 ns, Total: 120300 ns
[2020-09-28T10:13:38.529+0000][30964][safepoint    ] Safepoint "Cleanup", Time since last: 1000641500 ns, Reaching safepoint: 136300 ns, At safepoint: 9100 ns, Total: 145400 ns
[2020-09-28T10:13:40.530+0000][30964][safepoint    ] Safepoint "Cleanup", Time since last: 2000877600 ns, Reaching safepoint: 120100 ns, At safepoint: 5900 ns, Total: 126000 ns
[2020-09-28T10:13:41.530+0000][30964][safepoint    ] Safepoint "Cleanup", Time since last: 1000102700 ns, Reaching safepoint: 128500 ns, At safepoint: 5700 ns, Total: 134200 ns
[2020-09-28T10:13:42.531+0000][30964][safepoint    ] Safepoint "Cleanup", Time since last: 1000713800 ns, Reaching safepoint: 159200 ns, At safepoint: 5900 ns, Total: 165100 ns
[2020-09-28T10:13:43.531+0000][30964][safepoint    ] Safepoint "Cleanup", Time since last: 1000115200 ns, Reaching safepoint: 125300 ns, At safepoint: 3300 ns, Total: 128600 ns
[2020-09-28T10:13:45.531+0000][30964][safepoint    ] Safepoint "Cleanup", Time since last: 1999852900 ns, Reaching safepoint: 137900 ns, At safepoint: 5300 ns, Total: 143200 ns
[2020-09-28T10:13:46.532+0000][30964][safepoint    ] Safepoint "Cleanup", Time since last: 1000160500 ns, Reaching safepoint: 185000 ns, At safepoint: 8600 ns, Total: 193600 ns
[2020-09-28T10:13:48.533+0000][30964][safepoint    ] Safepoint "Cleanup", Time since last: 2000657300 ns, Reaching safepoint: 117200 ns, At safepoint: 8200 ns, Total: 125400 ns
[2020-09-28T10:13:49.533+0000][30964][safepoint    ] Safepoint "Cleanup", Time since last: 1000611400 ns, Reaching safepoint: 136700 ns, At safepoint: 6700 ns, Total: 143400 ns
[2020-09-28T10:13:50.534+0000][30964][safepoint    ] Safepoint "Cleanup", Time since last: 1000452800 ns, Reaching safepoint: 142600 ns, At safepoint: 13200 ns, Total: 155800 ns
[2020-09-28T10:13:51.535+0000][30964][safepoint    ] Safepoint "Cleanup", Time since last: 1000654300 ns, Reaching safepoint: 131000 ns, At safepoint: 4600 ns, Total: 135600 ns
[2020-09-28T10:13:52.536+0000][30964][safepoint    ] Safepoint "Cleanup", Time since last: 1000845900 ns, Reaching safepoint: 136800 ns, At safepoint: 5800 ns, Total: 142600 ns
[2020-09-28T10:13:53.536+0000][30964][safepoint    ] Safepoint "Cleanup", Time since last: 1000587700 ns, Reaching safepoint: 118600 ns, At safepoint: 6100 ns, Total: 124700 ns
[2020-09-28T10:13:54.537+0000][30964][safepoint    ] Safepoint "Cleanup", Time since last: 1000294000 ns, Reaching safepoint: 117500 ns, At safepoint: 5600 ns, Total: 123100 ns
[2020-09-28T10:13:55.537+0000][30964][safepoint    ] Safepoint "Cleanup", Time since last: 1000402200 ns, Reaching safepoint: 155700 ns, At safepoint: 5100 ns, Total: 160800 ns
[2020-09-28T10:13:57.538+0000][30964][safepoint    ] Safepoint "Cleanup", Time since last: 2000463200 ns, Reaching safepoint: 106000 ns, At safepoint: 6100 ns, Total: 112100 ns
[2020-09-28T10:13:58.538+0000][30964][safepoint    ] Safepoint "Cleanup", Time since last: 1000021700 ns, Reaching safepoint: 126000 ns, At safepoint: 5400 ns, Total: 131400 ns
[2020-09-28T10:13:59.539+0000][30964][safepoint    ] Safepoint "Cleanup", Time since last: 1000619500 ns, Reaching safepoint: 143500 ns, At safepoint: 5300 ns, Total: 148800 ns
[2020-09-28T10:14:00.539+0000][30964][safepoint    ] Safepoint "Cleanup", Time since last: 1000012400 ns, Reaching safepoint: 142500 ns, At safepoint: 5400 ns, Total: 147900 ns
[2020-09-28T10:14:01.540+0000][30964][safepoint    ] Safepoint "Cleanup", Time since last: 1000285300 ns, Reaching safepoint: 109100 ns, At safepoint: 2700 ns, Total: 111800 ns
[2020-09-28T10:14:02.540+0000][30964][safepoint    ] Safepoint "Cleanup", Time since last: 1000558600 ns, Reaching safepoint: 130400 ns, At safepoint: 6000 ns, Total: 136400 ns
[2020-09-28T10:14:03.540+0000][30964][safepoint    ] Safepoint "Cleanup", Time since last: 1000107800 ns, Reaching safepoint: 128800 ns, At safepoint: 6800 ns, Total: 135600 ns
[2020-09-28T10:14:04.541+0000][30964][safepoint    ] Safepoint "Cleanup", Time since last: 1000822000 ns, Reaching safepoint: 139700 ns, At safepoint: 6300 ns, Total: 146000 ns
[2020-09-28T10:14:05.542+0000][30964][safepoint    ] Safepoint "Cleanup", Time since last: 1000434300 ns, Reaching safepoint: 145900 ns, At safepoint: 6000 ns, Total: 151900 ns
[2020-09-28T10:14:06.543+0000][30964][safepoint    ] Safepoint "Cleanup", Time since last: 1000762900 ns, Reaching safepoint: 176100 ns, At safepoint: 6200 ns, Total: 182300 ns
[2020-09-28T10:14:08.543+0000][30964][safepoint    ] Safepoint "Cleanup", Time since last: 2000104200 ns, Reaching safepoint: 104100 ns, At safepoint: 5700 ns, Total: 109800 ns
[2020-09-28T10:14:09.544+0000][30964][safepoint    ] Safepoint "Cleanup", Time since last: 1000548300 ns, Reaching safepoint: 159300 ns, At safepoint: 7800 ns, Total: 167100 ns
[2020-09-28T10:14:11.544+0000][30964][safepoint    ] Safepoint "Cleanup", Time since last: 1999878600 ns, Reaching safepoint: 135400 ns, At safepoint: 8600 ns, Total: 144000 ns
[2020-09-28T10:14:12.545+0000][30964][safepoint    ] Safepoint "Cleanup", Time since last: 1000557100 ns, Reaching safepoint: 113700 ns, At safepoint: 8700 ns, Total: 122400 ns
[2020-09-28T10:14:13.545+0000][30964][safepoint    ] Safepoint "Cleanup", Time since last: 1000526800 ns, Reaching safepoint: 127300 ns, At safepoint: 5900 ns, Total: 133200 ns
[2020-09-28T10:14:14.546+0000][30964][safepoint    ] Safepoint "Cleanup", Time since last: 1000329800 ns, Reaching safepoint: 145200 ns, At safepoint: 10500 ns, Total: 155700 ns
[2020-09-28T10:14:15.546+0000][30964][safepoint    ] Safepoint "Cleanup", Time since last: 1000251300 ns, Reaching safepoint: 119300 ns, At safepoint: 12400 ns, Total: 131700 ns
[2020-09-28T10:14:16.547+0000][30964][safepoint    ] Safepoint "Cleanup", Time since last: 1000268600 ns, Reaching safepoint: 183500 ns, At safepoint: 20300 ns, Total: 203800 ns
[2020-09-28T10:14:18.547+0000][30964][safepoint    ] Safepoint "Cleanup", Time since last: 2000589400 ns, Reaching safepoint: 392300 ns, At safepoint: 4200 ns, Total: 396500 ns
[2020-09-28T10:14:20.548+0000][30964][safepoint    ] Safepoint "Cleanup", Time since last: 2000054100 ns, Reaching safepoint: 123700 ns, At safepoint: 14100 ns, Total: 137800 ns
[2020-09-28T10:14:21.549+0000][30964][safepoint    ] Safepoint "Cleanup", Time since last: 1000513500 ns, Reaching safepoint: 140400 ns, At safepoint: 7900 ns, Total: 148300 ns
[2020-09-28T10:14:22.549+0000][30964][safepoint    ] Safepoint "Cleanup", Time since last: 1000730100 ns, Reaching safepoint: 131200 ns, At safepoint: 7700 ns, Total: 138900 ns
[2020-09-28T10:14:23.550+0000][30964][safepoint    ] Safepoint "Cleanup", Time since last: 1000770100 ns, Reaching safepoint: 143100 ns, At safepoint: 7900 ns, Total: 151000 ns
[2020-09-28T10:14:24.551+0000][30964][safepoint    ] Safepoint "Cleanup", Time since last: 1000047200 ns, Reaching safepoint: 109300 ns, At safepoint: 2700 ns, Total: 112000 ns
[2020-09-28T10:14:26.182+0000][30964][safepoint    ] Safepoint "Cleanup", Time since last: 1630930500 ns, Reaching safepoint: 138900 ns, At safepoint: 6300 ns, Total: 145200 ns
[2020-09-28T10:14:27.182+0000][30964][safepoint    ] Safepoint "Cleanup", Time since last: 1000055100 ns, Reaching safepoint: 122600 ns, At safepoint: 5300 ns, Total: 127900 ns
[2020-09-28T10:14:28.182+0000][30964][safepoint    ] Safepoint "Cleanup", Time since last: 1000250200 ns, Reaching safepoint: 147100 ns, At safepoint: 20900 ns, Total: 168000 ns
[2020-09-28T10:14:29.183+0000][30964][safepoint    ] Safepoint "Cleanup", Time since last: 1000501600 ns, Reaching safepoint: 121800 ns, At safepoint: 11600 ns, Total: 133400 ns
[2020-09-28T10:14:30.183+0000][30964][safepoint    ] Safepoint "Cleanup", Time since last: 1000250400 ns, Reaching safepoint: 125800 ns, At safepoint: 8300 ns, Total: 134100 ns
[2020-09-28T10:14:31.184+0000][30964][safepoint    ] Safepoint "Cleanup", Time since last: 1000182900 ns, Reaching safepoint: 132300 ns, At safepoint: 9900 ns, Total: 142200 ns
[2020-09-28T10:14:32.184+0000][30964][safepoint    ] Safepoint "Cleanup", Time since last: 1000613400 ns, Reaching safepoint: 139800 ns, At safepoint: 7200 ns, Total: 147000 ns
[2020-09-28T10:14:33.185+0000][30964][safepoint    ] Safepoint "Cleanup", Time since last: 1000045200 ns, Reaching safepoint: 180300 ns, At safepoint: 9400 ns, Total: 189700 ns
[2020-09-28T10:14:34.185+0000][30964][safepoint    ] Safepoint "Cleanup", Time since last: 1000421200 ns, Reaching safepoint: 130600 ns, At safepoint: 10100 ns, Total: 140700 ns
[2020-09-28T10:14:35.186+0000][30964][safepoint    ] Safepoint "Cleanup", Time since last: 1000410800 ns, Reaching safepoint: 149800 ns, At safepoint: 4900 ns, Total: 154700 ns
[2020-09-28T10:14:36.186+0000][30964][safepoint    ] Safepoint "Cleanup", Time since last: 1000232700 ns, Reaching safepoint: 105100 ns, At safepoint: 6700 ns, Total: 111800 ns
[2020-09-28T10:14:37.187+0000][30964][safepoint    ] Safepoint "Cleanup", Time since last: 1000492700 ns, Reaching safepoint: 117800 ns, At safepoint: 6800 ns, Total: 124600 ns
[2020-09-28T10:14:38.188+0000][30964][safepoint    ] Safepoint "Cleanup", Time since last: 1001090200 ns, Reaching safepoint: 116000 ns, At safepoint: 4800 ns, Total: 120800 ns
[2020-09-28T10:14:39.188+0000][30964][safepoint    ] Safepoint "Cleanup", Time since last: 1000431000 ns, Reaching safepoint: 127700 ns, At safepoint: 10300 ns, Total: 138000 ns
[2020-09-28T10:14:40.189+0000][30964][safepoint    ] Safepoint "Cleanup", Time since last: 1000223000 ns, Reaching safepoint: 142200 ns, At safepoint: 13100 ns, Total: 155300 ns
[2020-09-28T10:14:41.190+0000][30964][safepoint    ] Safepoint "Cleanup", Time since last: 1000629800 ns, Reaching safepoint: 137100 ns, At safepoint: 9800 ns, Total: 146900 ns
[2020-09-28T10:14:43.190+0000][30964][safepoint    ] Safepoint "Cleanup", Time since last: 2000351800 ns, Reaching safepoint: 154700 ns, At safepoint: 11300 ns, Total: 166000 ns
[2020-09-28T10:14:44.191+0000][30964][safepoint    ] Safepoint "Cleanup", Time since last: 1000223400 ns, Reaching safepoint: 127800 ns, At safepoint: 10400 ns, Total: 138200 ns
[2020-09-28T10:14:45.191+0000][30964][safepoint    ] Safepoint "Cleanup", Time since last: 1000034900 ns, Reaching safepoint: 139900 ns, At safepoint: 10300 ns, Total: 150200 ns
[2020-09-28T10:14:47.191+0000][30964][safepoint    ] Safepoint "Cleanup", Time since last: 2000266500 ns, Reaching safepoint: 203300 ns, At safepoint: 7700 ns, Total: 211000 ns
[2020-09-28T10:14:48.192+0000][30964][safepoint    ] Safepoint "Cleanup", Time since last: 1000739100 ns, Reaching safepoint: 137000 ns, At safepoint: 22600 ns, Total: 159600 ns
[2020-09-28T10:14:49.193+0000][30964][safepoint    ] Safepoint "Cleanup", Time since last: 1000494400 ns, Reaching safepoint: 253300 ns, At safepoint: 29900 ns, Total: 283200 ns
[2020-09-28T10:14:50.272+0000][30964][safepoint    ] Safepoint "Cleanup", Time since last: 1078641500 ns, Reaching safepoint: 134400 ns, At safepoint: 6900 ns, Total: 141300 ns
[2020-09-28T10:14:51.273+0000][30964][safepoint    ] Safepoint "Cleanup", Time since last: 1000719900 ns, Reaching safepoint: 121800 ns, At safepoint: 6400 ns, Total: 128200 ns
[2020-09-28T10:14:52.273+0000][30964][safepoint    ] Safepoint "Cleanup", Time since last: 1000516700 ns, Reaching safepoint: 231600 ns, At safepoint: 11000 ns, Total: 242600 ns
[2020-09-28T10:14:54.274+0000][30964][safepoint    ] Safepoint "Cleanup", Time since last: 2000912300 ns, Reaching safepoint: 158500 ns, At safepoint: 18000 ns, Total: 176500 ns
[2020-09-28T10:14:55.275+0000][30964][safepoint    ] Safepoint "Cleanup", Time since last: 1000052200 ns, Reaching safepoint: 156800 ns, At safepoint: 11400 ns, Total: 168200 ns
[2020-09-28T10:14:56.275+0000][30964][safepoint    ] Safepoint "Cleanup", Time since last: 1000503300 ns, Reaching safepoint: 145000 ns, At safepoint: 10100 ns, Total: 155100 ns
[2020-09-28T10:14:57.276+0000][30964][safepoint    ] Safepoint "Cleanup", Time since last: 1000763300 ns, Reaching safepoint: 138700 ns, At safepoint: 11200 ns, Total: 149900 ns
[2020-09-28T10:14:58.277+0000][30964][safepoint    ] Safepoint "Cleanup", Time since last: 1000770200 ns, Reaching safepoint: 164800 ns, At safepoint: 11200 ns, Total: 176000 ns
[2020-09-28T10:14:59.278+0000][30964][safepoint    ] Safepoint "Cleanup", Time since last: 1000498200 ns, Reaching safepoint: 151300 ns, At safepoint: 11700 ns, Total: 163000 ns
[2020-09-28T10:15:00.279+0000][30964][safepoint    ] Safepoint "Cleanup", Time since last: 1000589100 ns, Reaching safepoint: 145000 ns, At safepoint: 10800 ns, Total: 155800 ns
[2020-09-28T10:15:01.279+0000][30964][safepoint    ] Safepoint "Cleanup", Time since last: 1000824600 ns, Reaching safepoint: 135600 ns, At safepoint: 6800 ns, Total: 142400 ns
[2020-09-28T10:15:02.280+0000][30964][safepoint    ] Safepoint "Cleanup", Time since last: 1000041700 ns, Reaching safepoint: 107100 ns, At safepoint: 4100 ns, Total: 111200 ns
[2020-09-28T10:15:03.280+0000][30964][safepoint    ] Safepoint "Cleanup", Time since last: 1000425200 ns, Reaching safepoint: 145100 ns, At safepoint: 10500 ns, Total: 155600 ns
[2020-09-28T10:15:04.281+0000][30964][safepoint    ] Safepoint "Cleanup", Time since last: 1000626600 ns, Reaching safepoint: 130900 ns, At safepoint: 10400 ns, Total: 141300 ns
[2020-09-28T10:15:05.281+0000][30964][safepoint    ] Safepoint "Cleanup", Time since last: 1000270300 ns, Reaching safepoint: 163500 ns, At safepoint: 11500 ns, Total: 175000 ns
[2020-09-28T10:15:06.282+0000][30964][safepoint    ] Safepoint "Cleanup", Time since last: 1000219900 ns, Reaching safepoint: 132100 ns, At safepoint: 9600 ns, Total: 141700 ns
[2020-09-28T10:15:07.283+0000][30964][safepoint    ] Safepoint "Cleanup", Time since last: 1000513700 ns, Reaching safepoint: 157200 ns, At safepoint: 9300 ns, Total: 166500 ns
[2020-09-28T10:15:09.283+0000][30964][safepoint    ] Safepoint "Cleanup", Time since last: 2000454700 ns, Reaching safepoint: 96400 ns, At safepoint: 6800 ns, Total: 103200 ns
[2020-09-28T10:15:10.284+0000][30964][safepoint    ] Safepoint "Cleanup", Time since last: 1000326700 ns, Reaching safepoint: 116300 ns, At safepoint: 6200 ns, Total: 122500 ns
[2020-09-28T10:15:11.284+0000][30964][safepoint    ] Safepoint "Cleanup", Time since last: 1000661800 ns, Reaching safepoint: 126100 ns, At safepoint: 6800 ns, Total: 132900 ns
[2020-09-28T10:15:12.285+0000][30964][safepoint    ] Safepoint "Cleanup", Time since last: 1000755800 ns, Reaching safepoint: 121400 ns, At safepoint: 4700 ns, Total: 126100 ns
[2020-09-28T10:15:13.286+0000][30964][safepoint    ] Safepoint "Cleanup", Time since last: 1000890800 ns, Reaching safepoint: 156700 ns, At safepoint: 6900 ns, Total: 163600 ns
[2020-09-28T10:15:14.287+0000][30964][safepoint    ] Safepoint "Cleanup", Time since last: 1000582100 ns, Reaching safepoint: 122900 ns, At safepoint: 8200 ns, Total: 131100 ns
[2020-09-28T10:15:15.287+0000][30964][safepoint    ] Safepoint "Cleanup", Time since last: 1000245100 ns, Reaching safepoint: 151300 ns, At safepoint: 10400 ns, Total: 161700 ns
[2020-09-28T10:15:16.288+0000][30964][safepoint    ] Safepoint "Cleanup", Time since last: 1000359900 ns, Reaching safepoint: 136200 ns, At safepoint: 8100 ns, Total: 144300 ns
[2020-09-28T10:15:17.289+0000][30964][safepoint    ] Safepoint "Cleanup", Time since last: 1000720200 ns, Reaching safepoint: 145700 ns, At safepoint: 7400 ns, Total: 153100 ns
[2020-09-28T10:15:19.290+0000][30964][safepoint    ] Safepoint "Cleanup", Time since last: 2000693900 ns, Reaching safepoint: 172200 ns, At safepoint: 9500 ns, Total: 181700 ns
[2020-09-28T10:15:20.291+0000][30964][safepoint    ] Safepoint "Cleanup", Time since last: 1000799200 ns, Reaching safepoint: 129700 ns, At safepoint: 8800 ns, Total: 138500 ns
[2020-09-28T10:15:21.292+0000][30964][safepoint    ] Safepoint "Cleanup", Time since last: 1000764500 ns, Reaching safepoint: 127200 ns, At safepoint: 9700 ns, Total: 136900 ns
[2020-09-28T10:15:22.292+0000][30964][safepoint    ] Safepoint "Cleanup", Time since last: 1000202900 ns, Reaching safepoint: 135100 ns, At safepoint: 10700 ns, Total: 145800 ns
[2020-09-28T10:15:23.292+0000][30964][safepoint    ] Safepoint "Cleanup", Time since last: 1000109100 ns, Reaching safepoint: 152100 ns, At safepoint: 9300 ns, Total: 161400 ns
[2020-09-28T10:15:25.292+0000][30964][safepoint    ] Safepoint "Cleanup", Time since last: 1999932100 ns, Reaching safepoint: 136900 ns, At safepoint: 7100 ns, Total: 144000 ns
[2020-09-28T10:15:26.319+0000][30964][safepoint    ] Safepoint "Cleanup", Time since last: 1026092800 ns, Reaching safepoint: 135300 ns, At safepoint: 8100 ns, Total: 143400 ns
[2020-09-28T10:15:27.319+0000][30964][safepoint    ] Safepoint "Cleanup", Time since last: 1000358100 ns, Reaching safepoint: 161300 ns, At safepoint: 10400 ns, Total: 171700 ns
[2020-09-28T10:15:28.319+0000][30964][safepoint    ] Safepoint "Cleanup", Time since last: 1000153500 ns, Reaching safepoint: 189500 ns, At safepoint: 12400 ns, Total: 201900 ns
[2020-09-28T10:15:30.320+0000][30964][safepoint    ] Safepoint "Cleanup", Time since last: 2000203900 ns, Reaching safepoint: 188000 ns, At safepoint: 18500 ns, Total: 206500 ns
[2020-09-28T10:15:31.320+0000][30964][safepoint    ] Safepoint "Cleanup", Time since last: 1000082700 ns, Reaching safepoint: 213200 ns, At safepoint: 12400 ns, Total: 225600 ns
[2020-09-28T10:15:32.321+0000][30964][safepoint    ] Safepoint "Cleanup", Time since last: 1000562500 ns, Reaching safepoint: 158000 ns, At safepoint: 7500 ns, Total: 165500 ns
[2020-09-28T10:15:33.322+0000][30964][safepoint    ] Safepoint "Cleanup", Time since last: 1000640400 ns, Reaching safepoint: 133100 ns, At safepoint: 7500 ns, Total: 140600 ns
[2020-09-28T10:15:34.322+0000][30964][safepoint    ] Safepoint "Cleanup", Time since last: 1000080600 ns, Reaching safepoint: 170400 ns, At safepoint: 3700 ns, Total: 174100 ns
[2020-09-28T10:15:35.323+0000][30964][safepoint    ] Safepoint "Cleanup", Time since last: 1000786200 ns, Reaching safepoint: 145600 ns, At safepoint: 9600 ns, Total: 155200 ns
[2020-09-28T10:15:36.324+0000][30964][safepoint    ] Safepoint "Cleanup", Time since last: 1000880400 ns, Reaching safepoint: 128900 ns, At safepoint: 7800 ns, Total: 136700 ns
[2020-09-28T10:15:37.325+0000][30964][safepoint    ] Safepoint "Cleanup", Time since last: 1000811800 ns, Reaching safepoint: 144700 ns, At safepoint: 10000 ns, Total: 154700 ns
[2020-09-28T10:15:39.326+0000][30964][safepoint    ] Safepoint "Cleanup", Time since last: 2000522800 ns, Reaching safepoint: 237900 ns, At safepoint: 4400 ns, Total: 242300 ns
[2020-09-28T10:15:41.326+0000][30964][safepoint    ] Safepoint "Cleanup", Time since last: 1999888800 ns, Reaching safepoint: 182200 ns, At safepoint: 6600 ns, Total: 188800 ns
[2020-09-28T10:15:42.327+0000][30964][safepoint    ] Safepoint "Cleanup", Time since last: 1000708900 ns, Reaching safepoint: 136100 ns, At safepoint: 8100 ns, Total: 144200 ns
[2020-09-28T10:15:43.327+0000][30964][safepoint    ] Safepoint "Cleanup", Time since last: 1000611700 ns, Reaching safepoint: 156400 ns, At safepoint: 9600 ns, Total: 166000 ns
[2020-09-28T10:15:44.328+0000][30964][safepoint    ] Safepoint "Cleanup", Time since last: 1000625200 ns, Reaching safepoint: 150500 ns, At safepoint: 7500 ns, Total: 158000 ns
[2020-09-28T10:15:46.329+0000][30964][safepoint    ] Safepoint "Cleanup", Time since last: 2000235300 ns, Reaching safepoint: 187400 ns, At safepoint: 8600 ns, Total: 196000 ns
[2020-09-28T10:15:47.329+0000][30964][safepoint    ] Safepoint "Cleanup", Time since last: 1000579700 ns, Reaching safepoint: 122000 ns, At safepoint: 8700 ns, Total: 130700 ns
[2020-09-28T10:15:48.330+0000][30964][safepoint    ] Safepoint "Cleanup", Time since last: 1000583300 ns, Reaching safepoint: 127700 ns, At safepoint: 8400 ns, Total: 136100 ns
[2020-09-28T10:15:49.330+0000][30964][safepoint    ] Safepoint "Cleanup", Time since last: 1000083700 ns, Reaching safepoint: 134100 ns, At safepoint: 6700 ns, Total: 140800 ns
[2020-09-28T10:15:50.332+0000][30964][safepoint    ] Safepoint "Cleanup", Time since last: 1001158300 ns, Reaching safepoint: 118600 ns, At safepoint: 6700 ns, Total: 125300 ns
[2020-09-28T10:15:52.332+0000][30964][safepoint    ] Safepoint "Cleanup", Time since last: 2000712600 ns, Reaching safepoint: 110400 ns, At safepoint: 5300 ns, Total: 115700 ns
[2020-09-28T10:15:53.333+0000][30964][safepoint    ] Safepoint "Cleanup", Time since last: 1000630400 ns, Reaching safepoint: 103300 ns, At safepoint: 6300 ns, Total: 109600 ns
[2020-09-28T10:15:54.334+0000][30964][safepoint    ] Safepoint "Cleanup", Time since last: 1000478800 ns, Reaching safepoint: 133000 ns, At safepoint: 6700 ns, Total: 139700 ns
[2020-09-28T10:15:56.139+0000][30964][safepoint    ] Safepoint "Cleanup", Time since last: 1804983600 ns, Reaching safepoint: 191900 ns, At safepoint: 11500 ns, Total: 203400 ns
[2020-09-28T10:15:57.140+0000][30964][safepoint    ] Safepoint "Cleanup", Time since last: 1000433300 ns, Reaching safepoint: 101200 ns, At safepoint: 4400 ns, Total: 105600 ns
[2020-09-28T10:15:58.140+0000][30964][safepoint    ] Safepoint "Cleanup", Time since last: 1000244600 ns, Reaching safepoint: 147000 ns, At safepoint: 20500 ns, Total: 167500 ns
[2020-09-28T10:15:59.140+0000][30964][safepoint    ] Safepoint "Cleanup", Time since last: 1000178200 ns, Reaching safepoint: 104400 ns, At safepoint: 6200 ns, Total: 110600 ns
[2020-09-28T10:16:00.141+0000][30964][safepoint    ] Safepoint "Cleanup", Time since last: 1000321200 ns, Reaching safepoint: 97600 ns, At safepoint: 4000 ns, Total: 101600 ns
[2020-09-28T10:16:02.142+0000][30964][safepoint    ] Safepoint "Cleanup", Time since last: 2000781400 ns, Reaching safepoint: 104500 ns, At safepoint: 6000 ns, Total: 110500 ns
[2020-09-28T10:16:03.142+0000][30964][safepoint    ] Safepoint "Cleanup", Time since last: 1000535600 ns, Reaching safepoint: 120000 ns, At safepoint: 5700 ns, Total: 125700 ns
[2020-09-28T10:16:05.143+0000][30964][safepoint    ] Safepoint "Cleanup", Time since last: 2000557600 ns, Reaching safepoint: 118100 ns, At safepoint: 5500 ns, Total: 123600 ns
[2020-09-28T10:16:07.143+0000][30964][safepoint    ] Safepoint "Cleanup", Time since last: 2000310400 ns, Reaching safepoint: 103900 ns, At safepoint: 6900 ns, Total: 110800 ns
[2020-09-28T10:16:08.144+0000][30964][safepoint    ] Safepoint "Cleanup", Time since last: 1000596100 ns, Reaching safepoint: 153700 ns, At safepoint: 5500 ns, Total: 159200 ns
[2020-09-28T10:16:09.145+0000][30964][safepoint    ] Safepoint "Cleanup", Time since last: 1000640400 ns, Reaching safepoint: 105300 ns, At safepoint: 7200 ns, Total: 112500 ns
[2020-09-28T10:16:10.146+0000][30964][safepoint    ] Safepoint "Cleanup", Time since last: 1000812200 ns, Reaching safepoint: 138300 ns, At safepoint: 10800 ns, Total: 149100 ns
[2020-09-28T10:16:11.146+0000][30964][safepoint    ] Safepoint "Cleanup", Time since last: 1000072300 ns, Reaching safepoint: 104000 ns, At safepoint: 5700 ns, Total: 109700 ns
[2020-09-28T10:16:12.147+0000][30964][safepoint    ] Safepoint "Cleanup", Time since last: 1000466300 ns, Reaching safepoint: 140900 ns, At safepoint: 21200 ns, Total: 162100 ns
[2020-09-28T10:16:13.147+0000][30964][safepoint    ] Safepoint "Cleanup", Time since last: 1000187100 ns, Reaching safepoint: 111300 ns, At safepoint: 3700 ns, Total: 115000 ns
[2020-09-28T10:16:14.148+0000][30964][safepoint    ] Safepoint "Cleanup", Time since last: 1000496400 ns, Reaching safepoint: 131900 ns, At safepoint: 5900 ns, Total: 137800 ns
[2020-09-28T10:16:15.148+0000][30964][safepoint    ] Safepoint "Cleanup", Time since last: 1000623100 ns, Reaching safepoint: 152700 ns, At safepoint: 5300 ns, Total: 158000 ns
[2020-09-28T10:16:16.149+0000][30964][safepoint    ] Safepoint "Cleanup", Time since last: 1000547800 ns, Reaching safepoint: 158800 ns, At safepoint: 19600 ns, Total: 178400 ns
[2020-09-28T10:16:17.150+0000][30964][safepoint    ] Safepoint "Cleanup", Time since last: 1000398100 ns, Reaching safepoint: 106300 ns, At safepoint: 5000 ns, Total: 111300 ns
[2020-09-28T10:16:18.150+0000][30964][safepoint    ] Safepoint "Cleanup", Time since last: 1000109300 ns, Reaching safepoint: 162800 ns, At safepoint: 5800 ns, Total: 168600 ns
[2020-09-28T10:16:19.150+0000][30964][safepoint    ] Safepoint "Cleanup", Time since last: 1000228700 ns, Reaching safepoint: 177800 ns, At safepoint: 7100 ns, Total: 184900 ns
[2020-09-28T10:16:20.151+0000][30964][safepoint    ] Safepoint "Cleanup", Time since last: 1000374800 ns, Reaching safepoint: 124500 ns, At safepoint: 6200 ns, Total: 130700 ns
[2020-09-28T10:16:22.152+0000][30964][safepoint    ] Safepoint "Cleanup", Time since last: 2000819400 ns, Reaching safepoint: 133200 ns, At safepoint: 6800 ns, Total: 140000 ns
[2020-09-28T10:16:23.152+0000][30964][safepoint    ] Safepoint "Cleanup", Time since last: 1000353900 ns, Reaching safepoint: 119400 ns, At safepoint: 8200 ns, Total: 127600 ns
[2020-09-28T10:16:24.153+0000][30964][safepoint    ] Safepoint "Cleanup", Time since last: 1000828800 ns, Reaching safepoint: 157500 ns, At safepoint: 6200 ns, Total: 163700 ns
[2020-09-28T10:16:26.154+0000][30964][safepoint    ] Safepoint "Cleanup", Time since last: 2000449200 ns, Reaching safepoint: 133300 ns, At safepoint: 6100 ns, Total: 139400 ns
[2020-09-28T10:16:28.155+0000][30964][safepoint    ] Safepoint "Cleanup", Time since last: 2000637900 ns, Reaching safepoint: 128500 ns, At safepoint: 7700 ns, Total: 136200 ns
[2020-09-28T10:16:29.156+0000][30964][safepoint    ] Safepoint "Cleanup", Time since last: 1000738000 ns, Reaching safepoint: 135100 ns, At safepoint: 6000 ns, Total: 141100 ns
[2020-09-28T10:16:30.156+0000][30964][safepoint    ] Safepoint "Cleanup", Time since last: 1000755900 ns, Reaching safepoint: 136300 ns, At safepoint: 8600 ns, Total: 144900 ns
[2020-09-28T10:16:31.157+0000][30964][safepoint    ] Safepoint "Cleanup", Time since last: 1000787600 ns, Reaching safepoint: 133700 ns, At safepoint: 8200 ns, Total: 141900 ns
[2020-09-28T10:16:32.158+0000][30964][safepoint    ] Safepoint "Cleanup", Time since last: 1000393300 ns, Reaching safepoint: 196200 ns, At safepoint: 11200 ns, Total: 207400 ns
[2020-09-28T10:16:33.158+0000][30964][safepoint    ] Safepoint "Cleanup", Time since last: 1000256100 ns, Reaching safepoint: 118800 ns, At safepoint: 6700 ns, Total: 125500 ns
[2020-09-28T10:16:34.159+0000][30964][safepoint    ] Safepoint "Cleanup", Time since last: 1000659600 ns, Reaching safepoint: 178600 ns, At safepoint: 10400 ns, Total: 189000 ns
[2020-09-28T10:16:35.160+0000][30964][safepoint    ] Safepoint "Cleanup", Time since last: 1000092000 ns, Reaching safepoint: 119500 ns, At safepoint: 7700 ns, Total: 127200 ns
[2020-09-28T10:16:37.160+0000][30964][safepoint    ] Safepoint "Cleanup", Time since last: 2000689100 ns, Reaching safepoint: 132100 ns, At safepoint: 9000 ns, Total: 141100 ns
[2020-09-28T10:16:38.161+0000][30964][safepoint    ] Safepoint "Cleanup", Time since last: 1000447700 ns, Reaching safepoint: 118300 ns, At safepoint: 5900 ns, Total: 124200 ns
[2020-09-28T10:16:39.161+0000][30964][safepoint    ] Safepoint "Cleanup", Time since last: 1000052700 ns, Reaching safepoint: 120800 ns, At safepoint: 5300 ns, Total: 126100 ns
[2020-09-28T10:16:40.162+0000][30964][safepoint    ] Safepoint "Cleanup", Time since last: 1000725300 ns, Reaching safepoint: 117600 ns, At safepoint: 6600 ns, Total: 124200 ns
[2020-09-28T10:16:41.163+0000][30964][safepoint    ] Safepoint "Cleanup", Time since last: 1000742800 ns, Reaching safepoint: 112600 ns, At safepoint: 6600 ns, Total: 119200 ns
[2020-09-28T10:16:42.163+0000][30964][safepoint    ] Safepoint "Cleanup", Time since last: 1000474200 ns, Reaching safepoint: 140800 ns, At safepoint: 6200 ns, Total: 147000 ns
[2020-09-28T10:16:43.164+0000][30964][safepoint    ] Safepoint "Cleanup", Time since last: 1000351700 ns, Reaching safepoint: 108200 ns, At safepoint: 3100 ns, Total: 111300 ns
[2020-09-28T10:16:44.165+0000][30964][safepoint    ] Safepoint "Cleanup", Time since last: 1000603100 ns, Reaching safepoint: 283800 ns, At safepoint: 7100 ns, Total: 290900 ns
[2020-09-28T10:16:45.165+0000][30964][safepoint    ] Safepoint "Cleanup", Time since last: 1000190400 ns, Reaching safepoint: 185400 ns, At safepoint: 21100 ns, Total: 206500 ns
[2020-09-28T10:16:47.165+0000][30964][safepoint    ] Safepoint "Cleanup", Time since last: 2000147200 ns, Reaching safepoint: 484500 ns, At safepoint: 21200 ns, Total: 505700 ns
[2020-09-28T10:16:48.166+0000][30964][safepoint    ] Safepoint "Cleanup", Time since last: 1000181500 ns, Reaching safepoint: 121500 ns, At safepoint: 6900 ns, Total: 128400 ns
[2020-09-28T10:16:49.167+0000][30964][safepoint    ] Safepoint "Cleanup", Time since last: 1000662500 ns, Reaching safepoint: 140000 ns, At safepoint: 7100 ns, Total: 147100 ns
[2020-09-28T10:16:50.168+0000][30964][safepoint    ] Safepoint "Cleanup", Time since last: 1000602800 ns, Reaching safepoint: 128300 ns, At safepoint: 5600 ns, Total: 133900 ns
[2020-09-28T10:16:51.169+0000][30964][safepoint    ] Safepoint "Cleanup", Time since last: 1000630300 ns, Reaching safepoint: 127100 ns, At safepoint: 5600 ns, Total: 132700 ns
[2020-09-28T10:16:52.169+0000][30964][safepoint    ] Safepoint "Cleanup", Time since last: 1000002400 ns, Reaching safepoint: 152000 ns, At safepoint: 4800 ns, Total: 156800 ns
[2020-09-28T10:16:53.170+0000][30964][safepoint    ] Safepoint "Cleanup", Time since last: 1000775500 ns, Reaching safepoint: 104500 ns, At safepoint: 3700 ns, Total: 108200 ns
[2020-09-28T10:16:54.170+0000][30964][safepoint    ] Safepoint "Cleanup", Time since last: 1000097700 ns, Reaching safepoint: 128100 ns, At safepoint: 7000 ns, Total: 135100 ns
[2020-09-28T10:16:55.171+0000][30964][safepoint    ] Safepoint "Cleanup", Time since last: 1000879200 ns, Reaching safepoint: 137400 ns, At safepoint: 6000 ns, Total: 143400 ns
[2020-09-28T10:16:56.171+0000][30964][safepoint    ] Safepoint "Cleanup", Time since last: 1000005200 ns, Reaching safepoint: 114700 ns, At safepoint: 6200 ns, Total: 120900 ns
[2020-09-28T10:16:57.172+0000][30964][safepoint    ] Safepoint "Cleanup", Time since last: 1000700000 ns, Reaching safepoint: 106300 ns, At safepoint: 7500 ns, Total: 113800 ns
[2020-09-28T10:16:58.172+0000][30964][safepoint    ] Safepoint "Cleanup", Time since last: 1000588300 ns, Reaching safepoint: 103700 ns, At safepoint: 4500 ns, Total: 108200 ns
[2020-09-28T10:16:59.173+0000][30964][safepoint    ] Safepoint "Cleanup", Time since last: 1000299600 ns, Reaching safepoint: 129200 ns, At safepoint: 10900 ns, Total: 140100 ns
[2020-09-28T10:17:00.174+0000][30964][safepoint    ] Safepoint "Cleanup", Time since last: 1000673200 ns, Reaching safepoint: 122500 ns, At safepoint: 8700 ns, Total: 131200 ns
[2020-09-28T10:17:01.175+0000][30964][safepoint    ] Safepoint "Cleanup", Time since last: 1000869000 ns, Reaching safepoint: 113000 ns, At safepoint: 7200 ns, Total: 120200 ns
[2020-09-28T10:17:02.175+0000][30964][safepoint    ] Safepoint "Cleanup", Time since last: 1000509500 ns, Reaching safepoint: 142700 ns, At safepoint: 6900 ns, Total: 149600 ns
[2020-09-28T10:17:03.176+0000][30964][safepoint    ] Safepoint "Cleanup", Time since last: 1000811200 ns, Reaching safepoint: 205800 ns, At safepoint: 6600 ns, Total: 212400 ns
[2020-09-28T10:17:04.177+0000][30964][safepoint    ] Safepoint "Cleanup", Time since last: 1000225100 ns, Reaching safepoint: 132700 ns, At safepoint: 4700 ns, Total: 137400 ns
[2020-09-28T10:17:05.178+0000][30964][safepoint    ] Safepoint "Cleanup", Time since last: 1000640700 ns, Reaching safepoint: 158800 ns, At safepoint: 9100 ns, Total: 167900 ns
[2020-09-28T10:17:06.179+0000][30964][safepoint    ] Safepoint "Cleanup", Time since last: 1000885200 ns, Reaching safepoint: 209700 ns, At safepoint: 10200 ns, Total: 219900 ns
[2020-09-28T10:17:07.179+0000][30964][safepoint    ] Safepoint "Cleanup", Time since last: 1000237600 ns, Reaching safepoint: 118200 ns, At safepoint: 8800 ns, Total: 127000 ns
[2020-09-28T10:17:08.180+0000][30964][safepoint    ] Safepoint "Cleanup", Time since last: 1000650800 ns, Reaching safepoint: 140300 ns, At safepoint: 7600 ns, Total: 147900 ns
[2020-09-28T10:17:09.180+0000][30964][safepoint    ] Safepoint "Cleanup", Time since last: 1000464700 ns, Reaching safepoint: 118900 ns, At safepoint: 4100 ns, Total: 123000 ns
[2020-09-28T10:17:10.181+0000][30964][safepoint    ] Safepoint "Cleanup", Time since last: 1000361200 ns, Reaching safepoint: 110300 ns, At safepoint: 5600 ns, Total: 115900 ns
[2020-09-28T10:17:11.181+0000][30964][safepoint    ] Safepoint "Cleanup", Time since last: 1000311500 ns, Reaching safepoint: 123800 ns, At safepoint: 5500 ns, Total: 129300 ns
[2020-09-28T10:17:12.182+0000][30964][safepoint    ] Safepoint "Cleanup", Time since last: 1000742100 ns, Reaching safepoint: 125300 ns, At safepoint: 3300 ns, Total: 128600 ns
[2020-09-28T10:17:14.183+0000][30964][safepoint    ] Safepoint "Cleanup", Time since last: 2000708700 ns, Reaching safepoint: 113300 ns, At safepoint: 7100 ns, Total: 120400 ns
[2020-09-28T10:17:15.184+0000][30964][safepoint    ] Safepoint "Cleanup", Time since last: 1000579900 ns, Reaching safepoint: 116100 ns, At safepoint: 13600 ns, Total: 129700 ns
[2020-09-28T10:17:16.184+0000][30964][safepoint    ] Safepoint "Cleanup", Time since last: 1000678300 ns, Reaching safepoint: 116600 ns, At safepoint: 5900 ns, Total: 122500 ns
[2020-09-28T10:17:17.185+0000][30964][safepoint    ] Safepoint "Cleanup", Time since last: 1000308600 ns, Reaching safepoint: 143100 ns, At safepoint: 5000 ns, Total: 148100 ns
[2020-09-28T10:17:18.185+0000][30964][safepoint    ] Safepoint "Cleanup", Time since last: 1000087600 ns, Reaching safepoint: 143600 ns, At safepoint: 6400 ns, Total: 150000 ns
[2020-09-28T10:17:19.186+0000][30964][safepoint    ] Safepoint "Cleanup", Time since last: 1000470700 ns, Reaching safepoint: 128100 ns, At safepoint: 5600 ns, Total: 133700 ns
[2020-09-28T10:17:20.186+0000][30964][safepoint    ] Safepoint "Cleanup", Time since last: 1000441500 ns, Reaching safepoint: 113400 ns, At safepoint: 6200 ns, Total: 119600 ns
[2020-09-28T10:17:21.187+0000][30964][safepoint    ] Safepoint "Cleanup", Time since last: 1000737800 ns, Reaching safepoint: 158900 ns, At safepoint: 5000 ns, Total: 163900 ns
[2020-09-28T10:17:22.188+0000][30964][safepoint    ] Safepoint "Cleanup", Time since last: 1000540000 ns, Reaching safepoint: 103300 ns, At safepoint: 5300 ns, Total: 108600 ns
[2020-09-28T10:17:23.189+0000][30964][safepoint    ] Safepoint "Cleanup", Time since last: 1000799000 ns, Reaching safepoint: 171900 ns, At safepoint: 14900 ns, Total: 186800 ns
[2020-09-28T10:17:25.189+0000][30964][safepoint    ] Safepoint "Cleanup", Time since last: 2000424800 ns, Reaching safepoint: 109400 ns, At safepoint: 5100 ns, Total: 114500 ns
[2020-09-28T10:17:26.190+0000][30964][safepoint    ] Safepoint "Cleanup", Time since last: 1000554900 ns, Reaching safepoint: 155300 ns, At safepoint: 6700 ns, Total: 162000 ns
[2020-09-28T10:17:27.191+0000][30964][safepoint    ] Safepoint "Cleanup", Time since last: 1000284700 ns, Reaching safepoint: 106200 ns, At safepoint: 5900 ns, Total: 112100 ns
[2020-09-28T10:17:28.191+0000][30964][safepoint    ] Safepoint "Cleanup", Time since last: 1000183600 ns, Reaching safepoint: 156900 ns, At safepoint: 7000 ns, Total: 163900 ns
[2020-09-28T10:17:30.191+0000][30964][safepoint    ] Safepoint "Cleanup", Time since last: 2000263100 ns, Reaching safepoint: 382600 ns, At safepoint: 5700 ns, Total: 388300 ns
[2020-09-28T10:17:31.192+0000][30964][safepoint    ] Safepoint "Cleanup", Time since last: 1000083800 ns, Reaching safepoint: 127700 ns, At safepoint: 12200 ns, Total: 139900 ns
[2020-09-28T10:17:32.192+0000][30964][safepoint    ] Safepoint "Cleanup", Time since last: 1000513700 ns, Reaching safepoint: 103800 ns, At safepoint: 6100 ns, Total: 109900 ns
[2020-09-28T10:17:33.193+0000][30964][safepoint    ] Safepoint "Cleanup", Time since last: 1000333200 ns, Reaching safepoint: 115400 ns, At safepoint: 22400 ns, Total: 137800 ns
[2020-09-28T10:17:34.194+0000][30964][safepoint    ] Safepoint "Cleanup", Time since last: 1000558600 ns, Reaching safepoint: 415500 ns, At safepoint: 46800 ns, Total: 462300 ns
[2020-09-28T10:17:36.195+0000][30964][safepoint    ] Safepoint "Cleanup", Time since last: 2000510800 ns, Reaching safepoint: 126200 ns, At safepoint: 6200 ns, Total: 132400 ns
[2020-09-28T10:17:37.195+0000][30964][safepoint    ] Safepoint "Cleanup", Time since last: 1000534100 ns, Reaching safepoint: 126000 ns, At safepoint: 9300 ns, Total: 135300 ns
[2020-09-28T10:17:38.196+0000][30964][safepoint    ] Safepoint "Cleanup", Time since last: 1000376700 ns, Reaching safepoint: 120000 ns, At safepoint: 7400 ns, Total: 127400 ns
[2020-09-28T10:17:39.196+0000][30964][safepoint    ] Safepoint "Cleanup", Time since last: 1000148800 ns, Reaching safepoint: 135900 ns, At safepoint: 9800 ns, Total: 145700 ns
[2020-09-28T10:17:40.196+0000][30964][safepoint    ] Safepoint "Cleanup", Time since last: 1000141800 ns, Reaching safepoint: 145300 ns, At safepoint: 5400 ns, Total: 150700 ns
[2020-09-28T10:17:41.197+0000][30964][safepoint    ] Safepoint "Cleanup", Time since last: 1000755000 ns, Reaching safepoint: 122000 ns, At safepoint: 7000 ns, Total: 129000 ns
[2020-09-28T10:17:42.198+0000][30964][safepoint    ] Safepoint "Cleanup", Time since last: 1000208000 ns, Reaching safepoint: 117500 ns, At safepoint: 13500 ns, Total: 131000 ns
[2020-09-28T10:17:43.198+0000][30964][safepoint    ] Safepoint "Cleanup", Time since last: 1000128700 ns, Reaching safepoint: 128300 ns, At safepoint: 7000 ns, Total: 135300 ns
[2020-09-28T10:17:44.198+0000][30964][safepoint    ] Safepoint "Cleanup", Time since last: 1000386400 ns, Reaching safepoint: 107400 ns, At safepoint: 8100 ns, Total: 115500 ns
[2020-09-28T10:17:45.199+0000][30964][safepoint    ] Safepoint "Cleanup", Time since last: 1000164200 ns, Reaching safepoint: 135400 ns, At safepoint: 7600 ns, Total: 143000 ns
[2020-09-28T10:17:46.199+0000][30964][safepoint    ] Safepoint "Cleanup", Time since last: 1000675800 ns, Reaching safepoint: 112700 ns, At safepoint: 6400 ns, Total: 119100 ns
[2020-09-28T10:17:47.200+0000][30964][safepoint    ] Safepoint "Cleanup", Time since last: 1000510500 ns, Reaching safepoint: 128000 ns, At safepoint: 10400 ns, Total: 138400 ns
[2020-09-28T10:17:48.201+0000][30964][safepoint    ] Safepoint "Cleanup", Time since last: 1000863900 ns, Reaching safepoint: 121600 ns, At safepoint: 3400 ns, Total: 125000 ns
[2020-09-28T10:17:50.202+0000][30964][safepoint    ] Safepoint "Cleanup", Time since last: 2000448700 ns, Reaching safepoint: 120700 ns, At safepoint: 6100 ns, Total: 126800 ns
[2020-09-28T10:17:52.202+0000][30964][safepoint    ] Safepoint "Cleanup", Time since last: 2000146200 ns, Reaching safepoint: 166400 ns, At safepoint: 6100 ns, Total: 172500 ns
[2020-09-28T10:17:54.202+0000][30964][safepoint    ] Safepoint "Cleanup", Time since last: 2000112500 ns, Reaching safepoint: 136200 ns, At safepoint: 6100 ns, Total: 142300 ns
[2020-09-28T10:17:55.203+0000][30964][safepoint    ] Safepoint "Cleanup", Time since last: 1000749400 ns, Reaching safepoint: 126800 ns, At safepoint: 6900 ns, Total: 133700 ns
[2020-09-28T10:17:56.204+0000][30964][safepoint    ] Safepoint "Cleanup", Time since last: 1000746700 ns, Reaching safepoint: 350400 ns, At safepoint: 10500 ns, Total: 360900 ns
[2020-09-28T10:17:57.205+0000][30964][safepoint    ] Safepoint "Cleanup", Time since last: 1000509400 ns, Reaching safepoint: 542700 ns, At safepoint: 22300 ns, Total: 565000 ns
[2020-09-28T10:17:59.205+0000][30964][safepoint    ] Safepoint "Cleanup", Time since last: 1999903700 ns, Reaching safepoint: 104400 ns, At safepoint: 5900 ns, Total: 110300 ns
[2020-09-28T10:18:00.206+0000][30964][safepoint    ] Safepoint "Cleanup", Time since last: 1000223500 ns, Reaching safepoint: 122000 ns, At safepoint: 8600 ns, Total: 130600 ns
[2020-09-28T10:18:01.206+0000][30964][safepoint    ] Safepoint "Cleanup", Time since last: 1000466400 ns, Reaching safepoint: 123800 ns, At safepoint: 5800 ns, Total: 129600 ns
[2020-09-28T10:18:02.206+0000][30964][safepoint    ] Safepoint "Cleanup", Time since last: 1000082500 ns, Reaching safepoint: 119400 ns, At safepoint: 4200 ns, Total: 123600 ns
[2020-09-28T10:18:03.207+0000][30964][safepoint    ] Safepoint "Cleanup", Time since last: 1000691300 ns, Reaching safepoint: 121000 ns, At safepoint: 7200 ns, Total: 128200 ns
[2020-09-28T10:18:04.207+0000][30964][safepoint    ] Safepoint "Cleanup", Time since last: 1000028400 ns, Reaching safepoint: 136300 ns, At safepoint: 18200 ns, Total: 154500 ns
[2020-09-28T10:18:05.208+0000][30964][safepoint    ] Safepoint "Cleanup", Time since last: 1000006700 ns, Reaching safepoint: 155900 ns, At safepoint: 18800 ns, Total: 174700 ns
[2020-09-28T10:18:06.209+0000][30964][safepoint    ] Safepoint "Cleanup", Time since last: 1000799900 ns, Reaching safepoint: 111800 ns, At safepoint: 6800 ns, Total: 118600 ns
[2020-09-28T10:18:07.209+0000][30964][safepoint    ] Safepoint "Cleanup", Time since last: 1000415700 ns, Reaching safepoint: 124700 ns, At safepoint: 8600 ns, Total: 133300 ns
[2020-09-28T10:18:08.210+0000][30964][safepoint    ] Safepoint "Cleanup", Time since last: 1000700300 ns, Reaching safepoint: 123700 ns, At safepoint: 6500 ns, Total: 130200 ns
[2020-09-28T10:18:09.211+0000][30964][safepoint    ] Safepoint "Cleanup", Time since last: 1000734400 ns, Reaching safepoint: 91000 ns, At safepoint: 2700 ns, Total: 93700 ns
[2020-09-28T10:18:10.211+0000][30964][safepoint    ] Safepoint "Cleanup", Time since last: 1000476300 ns, Reaching safepoint: 157100 ns, At safepoint: 5300 ns, Total: 162400 ns
[2020-09-28T10:18:12.212+0000][30964][safepoint    ] Safepoint "Cleanup", Time since last: 2000695200 ns, Reaching safepoint: 190000 ns, At safepoint: 7200 ns, Total: 197200 ns
[2020-09-28T10:18:13.212+0000][30964][safepoint    ] Safepoint "Cleanup", Time since last: 1000004200 ns, Reaching safepoint: 166900 ns, At safepoint: 5500 ns, Total: 172400 ns
[2020-09-28T10:18:14.213+0000][30964][safepoint    ] Safepoint "Cleanup", Time since last: 1000624500 ns, Reaching safepoint: 157200 ns, At safepoint: 7000 ns, Total: 164200 ns
[2020-09-28T10:18:15.213+0000][30964][safepoint    ] Safepoint "Cleanup", Time since last: 1000034100 ns, Reaching safepoint: 220300 ns, At safepoint: 5600 ns, Total: 225900 ns
[2020-09-28T10:18:16.214+0000][30964][safepoint    ] Safepoint "Cleanup", Time since last: 1000010300 ns, Reaching safepoint: 122400 ns, At safepoint: 8000 ns, Total: 130400 ns
[2020-09-28T10:18:17.214+0000][30964][safepoint    ] Safepoint "Cleanup", Time since last: 1000506200 ns, Reaching safepoint: 126800 ns, At safepoint: 10400 ns, Total: 137200 ns
[2020-09-28T10:18:18.215+0000][30964][safepoint    ] Safepoint "Cleanup", Time since last: 1000335700 ns, Reaching safepoint: 110300 ns, At safepoint: 2700 ns, Total: 113000 ns
[2020-09-28T10:18:19.215+0000][30964][safepoint    ] Safepoint "Cleanup", Time since last: 1000415400 ns, Reaching safepoint: 113300 ns, At safepoint: 5300 ns, Total: 118600 ns
[2020-09-28T10:18:20.216+0000][30964][safepoint    ] Safepoint "Cleanup", Time since last: 1000490700 ns, Reaching safepoint: 126700 ns, At safepoint: 6600 ns, Total: 133300 ns
[2020-09-28T10:18:21.216+0000][30964][safepoint    ] Safepoint "Cleanup", Time since last: 1000098300 ns, Reaching safepoint: 116800 ns, At safepoint: 5500 ns, Total: 122300 ns
[2020-09-28T10:18:22.217+0000][30964][safepoint    ] Safepoint "Cleanup", Time since last: 1000262600 ns, Reaching safepoint: 149900 ns, At safepoint: 9400 ns, Total: 159300 ns
[2020-09-28T10:18:23.217+0000][30964][safepoint    ] Safepoint "Cleanup", Time since last: 1000127000 ns, Reaching safepoint: 98900 ns, At safepoint: 14500 ns, Total: 113400 ns
[2020-09-28T10:18:24.217+0000][30964][safepoint    ] Safepoint "Cleanup", Time since last: 1000380600 ns, Reaching safepoint: 249100 ns, At safepoint: 9700 ns, Total: 258800 ns
[2020-09-28T10:18:26.218+0000][30964][safepoint    ] Safepoint "Cleanup", Time since last: 2000351800 ns, Reaching safepoint: 106700 ns, At safepoint: 4100 ns, Total: 110800 ns
[2020-09-28T10:18:27.218+0000][30964][safepoint    ] Safepoint "Cleanup", Time since last: 1000476000 ns, Reaching safepoint: 118100 ns, At safepoint: 5500 ns, Total: 123600 ns
[2020-09-28T10:18:29.219+0000][30964][safepoint    ] Safepoint "Cleanup", Time since last: 2000736300 ns, Reaching safepoint: 111600 ns, At safepoint: 6300 ns, Total: 117900 ns
[2020-09-28T10:18:30.220+0000][30964][safepoint    ] Safepoint "Cleanup", Time since last: 1000218700 ns, Reaching safepoint: 133000 ns, At safepoint: 6900 ns, Total: 139900 ns
[2020-09-28T10:18:31.221+0000][30964][safepoint    ] Safepoint "Cleanup", Time since last: 1000890600 ns, Reaching safepoint: 230100 ns, At safepoint: 4900 ns, Total: 235000 ns
[2020-09-28T10:18:32.221+0000][30964][safepoint    ] Safepoint "Cleanup", Time since last: 1000400000 ns, Reaching safepoint: 124700 ns, At safepoint: 8100 ns, Total: 132800 ns
[2020-09-28T10:18:33.222+0000][30964][safepoint    ] Safepoint "Cleanup", Time since last: 1000325000 ns, Reaching safepoint: 96600 ns, At safepoint: 3700 ns, Total: 100300 ns
[2020-09-28T10:18:34.222+0000][30964][safepoint    ] Safepoint "Cleanup", Time since last: 1000567500 ns, Reaching safepoint: 132200 ns, At safepoint: 2900 ns, Total: 135100 ns
[2020-09-28T10:18:35.223+0000][30964][safepoint    ] Safepoint "Cleanup", Time since last: 1000448100 ns, Reaching safepoint: 130900 ns, At safepoint: 8600 ns, Total: 139500 ns
[2020-09-28T10:18:36.223+0000][30964][safepoint    ] Safepoint "Cleanup", Time since last: 1000246600 ns, Reaching safepoint: 131600 ns, At safepoint: 6600 ns, Total: 138200 ns
[2020-09-28T10:18:37.224+0000][30964][safepoint    ] Safepoint "Cleanup", Time since last: 1000494900 ns, Reaching safepoint: 130400 ns, At safepoint: 9700 ns, Total: 140100 ns
[2020-09-28T10:18:38.224+0000][30964][safepoint    ] Safepoint "Cleanup", Time since last: 1000169000 ns, Reaching safepoint: 106300 ns, At safepoint: 5900 ns, Total: 112200 ns
[2020-09-28T10:18:39.225+0000][30964][safepoint    ] Safepoint "Cleanup", Time since last: 1000246600 ns, Reaching safepoint: 125600 ns, At safepoint: 6900 ns, Total: 132500 ns
[2020-09-28T10:18:40.225+0000][30964][safepoint    ] Safepoint "Cleanup", Time since last: 1000185100 ns, Reaching safepoint: 163600 ns, At safepoint: 9600 ns, Total: 173200 ns
[2020-09-28T10:18:41.225+0000][30964][safepoint    ] Safepoint "Cleanup", Time since last: 1000221900 ns, Reaching safepoint: 274200 ns, At safepoint: 37300 ns, Total: 311500 ns
[2020-09-28T10:18:42.538+0000][30964][safepoint    ] Safepoint "Cleanup", Time since last: 1312452900 ns, Reaching safepoint: 150900 ns, At safepoint: 6700 ns, Total: 157600 ns
[2020-09-28T10:18:44.539+0000][30964][safepoint    ] Safepoint "Cleanup", Time since last: 2000336500 ns, Reaching safepoint: 146000 ns, At safepoint: 7900 ns, Total: 153900 ns
[2020-09-28T10:18:45.539+0000][30964][safepoint    ] Safepoint "Cleanup", Time since last: 1000221500 ns, Reaching safepoint: 108200 ns, At safepoint: 9000 ns, Total: 117200 ns
[2020-09-28T10:18:46.540+0000][30964][safepoint    ] Safepoint "Cleanup", Time since last: 1000587500 ns, Reaching safepoint: 121100 ns, At safepoint: 9400 ns, Total: 130500 ns
[2020-09-28T10:18:47.540+0000][30964][safepoint    ] Safepoint "Cleanup", Time since last: 1000276200 ns, Reaching safepoint: 121000 ns, At safepoint: 6400 ns, Total: 127400 ns
[2020-09-28T10:18:48.541+0000][30964][safepoint    ] Safepoint "Cleanup", Time since last: 1000591500 ns, Reaching safepoint: 317400 ns, At safepoint: 5600 ns, Total: 323000 ns
[2020-09-28T10:18:49.542+0000][30964][safepoint    ] Safepoint "Cleanup", Time since last: 1000563800 ns, Reaching safepoint: 111400 ns, At safepoint: 4400 ns, Total: 115800 ns
[2020-09-28T10:18:50.543+0000][30964][safepoint    ] Safepoint "Cleanup", Time since last: 1000858800 ns, Reaching safepoint: 104500 ns, At safepoint: 6600 ns, Total: 111100 ns
[2020-09-28T10:18:51.543+0000][30964][safepoint    ] Safepoint "Cleanup", Time since last: 1000504300 ns, Reaching safepoint: 123800 ns, At safepoint: 5100 ns, Total: 128900 ns
[2020-09-28T10:18:52.544+0000][30964][safepoint    ] Safepoint "Cleanup", Time since last: 1000890700 ns, Reaching safepoint: 108900 ns, At safepoint: 3300 ns, Total: 112200 ns
[2020-09-28T10:18:54.545+0000][30964][safepoint    ] Safepoint "Cleanup", Time since last: 2000026700 ns, Reaching safepoint: 136700 ns, At safepoint: 19400 ns, Total: 156100 ns
[2020-09-28T10:18:56.545+0000][30964][safepoint    ] Safepoint "Cleanup", Time since last: 2000353200 ns, Reaching safepoint: 147500 ns, At safepoint: 5500 ns, Total: 153000 ns
[2020-09-28T10:18:57.546+0000][30964][safepoint    ] Safepoint "Cleanup", Time since last: 1000768800 ns, Reaching safepoint: 140600 ns, At safepoint: 5200 ns, Total: 145800 ns
[2020-09-28T10:18:58.547+0000][30964][safepoint    ] Safepoint "Cleanup", Time since last: 1000593700 ns, Reaching safepoint: 106900 ns, At safepoint: 4800 ns, Total: 111700 ns
[2020-09-28T10:18:59.547+0000][30964][safepoint    ] Safepoint "Cleanup", Time since last: 1000133400 ns, Reaching safepoint: 105700 ns, At safepoint: 61900 ns, Total: 167600 ns
[2020-09-28T10:19:00.548+0000][30964][safepoint    ] Safepoint "Cleanup", Time since last: 1000571600 ns, Reaching safepoint: 123100 ns, At safepoint: 6500 ns, Total: 129600 ns
[2020-09-28T10:19:01.548+0000][30964][safepoint    ] Safepoint "Cleanup", Time since last: 1000143800 ns, Reaching safepoint: 118800 ns, At safepoint: 13700 ns, Total: 132500 ns
[2020-09-28T10:19:02.549+0000][30964][safepoint    ] Safepoint "Cleanup", Time since last: 1000591600 ns, Reaching safepoint: 113900 ns, At safepoint: 4600 ns, Total: 118500 ns
[2020-09-28T10:19:04.549+0000][30964][safepoint    ] Safepoint "Cleanup", Time since last: 1999985700 ns, Reaching safepoint: 141700 ns, At safepoint: 6800 ns, Total: 148500 ns
[2020-09-28T10:19:05.549+0000][30964][safepoint    ] Safepoint "Cleanup", Time since last: 1000393300 ns, Reaching safepoint: 126900 ns, At safepoint: 2800 ns, Total: 129700 ns
[2020-09-28T10:19:06.550+0000][30964][safepoint    ] Safepoint "Cleanup", Time since last: 1000272100 ns, Reaching safepoint: 104000 ns, At safepoint: 21900 ns, Total: 125900 ns
[2020-09-28T10:19:07.550+0000][30964][safepoint    ] Safepoint "Cleanup", Time since last: 1000509600 ns, Reaching safepoint: 179800 ns, At safepoint: 5700 ns, Total: 185500 ns
[2020-09-28T10:19:08.551+0000][30964][safepoint    ] Safepoint "Cleanup", Time since last: 1000381700 ns, Reaching safepoint: 141800 ns, At safepoint: 5400 ns, Total: 147200 ns
[2020-09-28T10:19:09.551+0000][30964][safepoint    ] Safepoint "Cleanup", Time since last: 1000016000 ns, Reaching safepoint: 104700 ns, At safepoint: 2800 ns, Total: 107500 ns
[2020-09-28T10:19:10.552+0000][30964][safepoint    ] Safepoint "Cleanup", Time since last: 1000370500 ns, Reaching safepoint: 143400 ns, At safepoint: 6200 ns, Total: 149600 ns
[2020-09-28T10:19:12.545+0000][30964][safepoint    ] Safepoint "Cleanup", Time since last: 1993421700 ns, Reaching safepoint: 163700 ns, At safepoint: 10200 ns, Total: 173900 ns
[2020-09-28T10:19:14.546+0000][30964][safepoint    ] Safepoint "Cleanup", Time since last: 2000741800 ns, Reaching safepoint: 142300 ns, At safepoint: 9000 ns, Total: 151300 ns
[2020-09-28T10:19:15.547+0000][30964][safepoint    ] Safepoint "Cleanup", Time since last: 1000551600 ns, Reaching safepoint: 124500 ns, At safepoint: 7900 ns, Total: 132400 ns
[2020-09-28T10:19:17.548+0000][30964][safepoint    ] Safepoint "Cleanup", Time since last: 2000813500 ns, Reaching safepoint: 121200 ns, At safepoint: 5500 ns, Total: 126700 ns
[2020-09-28T10:19:18.548+0000][30964][safepoint    ] Safepoint "Cleanup", Time since last: 1000439300 ns, Reaching safepoint: 99300 ns, At safepoint: 5800 ns, Total: 105100 ns
[2020-09-28T10:19:20.549+0000][30964][safepoint    ] Safepoint "Cleanup", Time since last: 2000202500 ns, Reaching safepoint: 145300 ns, At safepoint: 5000 ns, Total: 150300 ns
[2020-09-28T10:19:22.549+0000][30964][safepoint    ] Safepoint "Cleanup", Time since last: 2000711200 ns, Reaching safepoint: 139800 ns, At safepoint: 9100 ns, Total: 148900 ns
[2020-09-28T10:19:24.549+0000][30964][safepoint    ] Safepoint "Cleanup", Time since last: 1999893100 ns, Reaching safepoint: 148100 ns, At safepoint: 5300 ns, Total: 153400 ns
[2020-09-28T10:19:26.550+0000][30964][safepoint    ] Safepoint "Cleanup", Time since last: 2000560800 ns, Reaching safepoint: 120400 ns, At safepoint: 6100 ns, Total: 126500 ns
[2020-09-28T10:19:27.550+0000][30964][safepoint    ] Safepoint "Cleanup", Time since last: 1000111600 ns, Reaching safepoint: 102900 ns, At safepoint: 4000 ns, Total: 106900 ns
[2020-09-28T10:19:28.551+0000][30964][safepoint    ] Safepoint "Cleanup", Time since last: 1000360200 ns, Reaching safepoint: 150600 ns, At safepoint: 21700 ns, Total: 172300 ns
[2020-09-28T10:19:29.552+0000][30964][safepoint    ] Safepoint "Cleanup", Time since last: 1000498700 ns, Reaching safepoint: 106300 ns, At safepoint: 5900 ns, Total: 112200 ns
[2020-09-28T10:19:30.553+0000][30964][safepoint    ] Safepoint "Cleanup", Time since last: 1000877800 ns, Reaching safepoint: 109100 ns, At safepoint: 6700 ns, Total: 115800 ns
[2020-09-28T10:19:32.553+0000][30964][safepoint    ] Safepoint "Cleanup", Time since last: 2000236100 ns, Reaching safepoint: 151200 ns, At safepoint: 5700 ns, Total: 156900 ns
[2020-09-28T10:19:33.554+0000][30964][safepoint    ] Safepoint "Cleanup", Time since last: 1000673500 ns, Reaching safepoint: 136700 ns, At safepoint: 5300 ns, Total: 142000 ns
[2020-09-28T10:19:34.554+0000][30964][safepoint    ] Safepoint "Cleanup", Time since last: 1000577500 ns, Reaching safepoint: 212200 ns, At safepoint: 5400 ns, Total: 217600 ns
[2020-09-28T10:19:35.555+0000][30964][safepoint    ] Safepoint "Cleanup", Time since last: 1000550700 ns, Reaching safepoint: 108300 ns, At safepoint: 6000 ns, Total: 114300 ns
[2020-09-28T10:19:36.556+0000][30964][safepoint    ] Safepoint "Cleanup", Time since last: 1000202200 ns, Reaching safepoint: 124200 ns, At safepoint: 6000 ns, Total: 130200 ns
[2020-09-28T10:19:37.556+0000][30964][safepoint    ] Safepoint "Cleanup", Time since last: 1000186900 ns, Reaching safepoint: 108700 ns, At safepoint: 6500 ns, Total: 115200 ns
[2020-09-28T10:19:38.557+0000][30964][safepoint    ] Safepoint "Cleanup", Time since last: 1000620200 ns, Reaching safepoint: 110800 ns, At safepoint: 6700 ns, Total: 117500 ns
[2020-09-28T10:19:39.557+0000][30964][safepoint    ] Safepoint "Cleanup", Time since last: 1000179900 ns, Reaching safepoint: 108800 ns, At safepoint: 6300 ns, Total: 115100 ns
[2020-09-28T10:19:40.558+0000][30964][safepoint    ] Safepoint "Cleanup", Time since last: 1000722200 ns, Reaching safepoint: 131000 ns, At safepoint: 5800 ns, Total: 136800 ns
[2020-09-28T10:19:41.558+0000][30964][safepoint    ] Safepoint "Cleanup", Time since last: 1000550400 ns, Reaching safepoint: 104600 ns, At safepoint: 5900 ns, Total: 110500 ns
[2020-09-28T10:19:42.559+0000][30964][safepoint    ] Safepoint "Cleanup", Time since last: 1000848700 ns, Reaching safepoint: 151300 ns, At safepoint: 5700 ns, Total: 157000 ns
[2020-09-28T10:19:43.560+0000][30964][safepoint    ] Safepoint "Cleanup", Time since last: 1000626800 ns, Reaching safepoint: 111000 ns, At safepoint: 7700 ns, Total: 118700 ns
[2020-09-28T10:19:44.561+0000][30964][safepoint    ] Safepoint "Cleanup", Time since last: 1000183800 ns, Reaching safepoint: 121500 ns, At safepoint: 7700 ns, Total: 129200 ns
[2020-09-28T10:19:45.561+0000][30964][safepoint    ] Safepoint "Cleanup", Time since last: 1000145400 ns, Reaching safepoint: 171000 ns, At safepoint: 6100 ns, Total: 177100 ns
[2020-09-28T10:19:46.562+0000][30964][safepoint    ] Safepoint "Cleanup", Time since last: 1000668800 ns, Reaching safepoint: 140400 ns, At safepoint: 5400 ns, Total: 145800 ns
[2020-09-28T10:19:47.562+0000][30964][safepoint    ] Safepoint "Cleanup", Time since last: 1000406900 ns, Reaching safepoint: 92100 ns, At safepoint: 6400 ns, Total: 98500 ns
[2020-09-28T10:19:48.563+0000][30964][safepoint    ] Safepoint "Cleanup", Time since last: 1000316800 ns, Reaching safepoint: 173900 ns, At safepoint: 5800 ns, Total: 179700 ns
[2020-09-28T10:19:49.563+0000][30964][safepoint    ] Safepoint "Cleanup", Time since last: 1000111000 ns, Reaching safepoint: 141300 ns, At safepoint: 5400 ns, Total: 146700 ns
[2020-09-28T10:19:50.563+0000][30964][safepoint    ] Safepoint "Cleanup", Time since last: 1000020600 ns, Reaching safepoint: 107600 ns, At safepoint: 3200 ns, Total: 110800 ns
[2020-09-28T10:19:52.564+0000][30964][safepoint    ] Safepoint "Cleanup", Time since last: 2000932600 ns, Reaching safepoint: 110900 ns, At safepoint: 7100 ns, Total: 118000 ns
[2020-09-28T10:19:53.565+0000][30964][safepoint    ] Safepoint "Cleanup", Time since last: 1000434300 ns, Reaching safepoint: 102200 ns, At safepoint: 8600 ns, Total: 110800 ns
[2020-09-28T10:19:54.565+0000][30964][safepoint    ] Safepoint "Cleanup", Time since last: 1000633900 ns, Reaching safepoint: 118900 ns, At safepoint: 6100 ns, Total: 125000 ns
[2020-09-28T10:19:56.566+0000][30964][safepoint    ] Safepoint "Cleanup", Time since last: 2000221900 ns, Reaching safepoint: 138700 ns, At safepoint: 6100 ns, Total: 144800 ns
[2020-09-28T10:19:57.566+0000][30964][safepoint    ] Safepoint "Cleanup", Time since last: 1000361700 ns, Reaching safepoint: 106100 ns, At safepoint: 3500 ns, Total: 109600 ns
[2020-09-28T10:19:58.567+0000][30964][safepoint    ] Safepoint "Cleanup", Time since last: 1000438900 ns, Reaching safepoint: 146400 ns, At safepoint: 5100 ns, Total: 151500 ns
[2020-09-28T10:19:59.567+0000][30964][safepoint    ] Safepoint "Cleanup", Time since last: 1000146300 ns, Reaching safepoint: 125100 ns, At safepoint: 5200 ns, Total: 130300 ns
[2020-09-28T10:20:01.568+0000][30964][safepoint    ] Safepoint "Cleanup", Time since last: 2000588000 ns, Reaching safepoint: 117300 ns, At safepoint: 6200 ns, Total: 123500 ns
[2020-09-28T10:20:02.568+0000][30964][safepoint    ] Safepoint "Cleanup", Time since last: 1000336100 ns, Reaching safepoint: 112700 ns, At safepoint: 2900 ns, Total: 115600 ns
[2020-09-28T10:20:04.569+0000][30964][safepoint    ] Safepoint "Cleanup", Time since last: 2000494400 ns, Reaching safepoint: 107500 ns, At safepoint: 6000 ns, Total: 113500 ns
[2020-09-28T10:20:05.569+0000][30964][safepoint    ] Safepoint "Cleanup", Time since last: 1000067100 ns, Reaching safepoint: 122100 ns, At safepoint: 5700 ns, Total: 127800 ns
[2020-09-28T10:20:06.570+0000][30964][safepoint    ] Safepoint "Cleanup", Time since last: 1000328400 ns, Reaching safepoint: 155000 ns, At safepoint: 8200 ns, Total: 163200 ns
[2020-09-28T10:20:08.570+0000][30964][safepoint    ] Safepoint "Cleanup", Time since last: 2000633600 ns, Reaching safepoint: 342800 ns, At safepoint: 5500 ns, Total: 348300 ns
[2020-09-28T10:20:09.571+0000][30964][safepoint    ] Safepoint "Cleanup", Time since last: 1000506400 ns, Reaching safepoint: 119300 ns, At safepoint: 6700 ns, Total: 126000 ns
[2020-09-28T10:20:10.572+0000][30964][safepoint    ] Safepoint "Cleanup", Time since last: 1000620400 ns, Reaching safepoint: 89300 ns, At safepoint: 3000 ns, Total: 92300 ns
[2020-09-28T10:20:11.572+0000][30964][safepoint    ] Safepoint "Cleanup", Time since last: 1000150100 ns, Reaching safepoint: 134400 ns, At safepoint: 6400 ns, Total: 140800 ns
[2020-09-28T10:20:12.572+0000][30964][safepoint    ] Safepoint "Cleanup", Time since last: 1000093900 ns, Reaching safepoint: 149900 ns, At safepoint: 6100 ns, Total: 156000 ns
[2020-09-28T10:20:13.573+0000][30964][safepoint    ] Safepoint "Cleanup", Time since last: 1000157200 ns, Reaching safepoint: 109900 ns, At safepoint: 7100 ns, Total: 117000 ns
[2020-09-28T10:20:14.573+0000][30964][safepoint    ] Safepoint "Cleanup", Time since last: 1000469200 ns, Reaching safepoint: 165400 ns, At safepoint: 21500 ns, Total: 186900 ns
[2020-09-28T10:20:15.574+0000][30964][safepoint    ] Safepoint "Cleanup", Time since last: 1000098800 ns, Reaching safepoint: 98400 ns, At safepoint: 7100 ns, Total: 105500 ns
[2020-09-28T10:20:16.574+0000][30964][safepoint    ] Safepoint "Cleanup", Time since last: 1000312600 ns, Reaching safepoint: 139400 ns, At safepoint: 5800 ns, Total: 145200 ns
[2020-09-28T10:20:18.574+0000][30964][safepoint    ] Safepoint "Cleanup", Time since last: 1999981600 ns, Reaching safepoint: 130200 ns, At safepoint: 20700 ns, Total: 150900 ns
[2020-09-28T10:20:20.575+0000][30964][safepoint    ] Safepoint "Cleanup", Time since last: 2000517700 ns, Reaching safepoint: 123400 ns, At safepoint: 6100 ns, Total: 129500 ns
[2020-09-28T10:20:21.576+0000][30964][safepoint    ] Safepoint "Cleanup", Time since last: 1000741000 ns, Reaching safepoint: 125200 ns, At safepoint: 5900 ns, Total: 131100 ns
[2020-09-28T10:20:22.577+0000][30964][safepoint    ] Safepoint "Cleanup", Time since last: 1000704300 ns, Reaching safepoint: 127800 ns, At safepoint: 7300 ns, Total: 135100 ns
[2020-09-28T10:20:23.577+0000][30964][safepoint    ] Safepoint "Cleanup", Time since last: 1000795900 ns, Reaching safepoint: 112200 ns, At safepoint: 4200 ns, Total: 116400 ns
[2020-09-28T10:20:25.578+0000][30964][safepoint    ] Safepoint "Cleanup", Time since last: 2000367800 ns, Reaching safepoint: 187300 ns, At safepoint: 7600 ns, Total: 194900 ns
[2020-09-28T10:20:27.578+0000][30964][safepoint    ] Safepoint "Cleanup", Time since last: 1999967600 ns, Reaching safepoint: 115400 ns, At safepoint: 6100 ns, Total: 121500 ns
[2020-09-28T10:20:28.579+0000][30964][safepoint    ] Safepoint "Cleanup", Time since last: 1000789200 ns, Reaching safepoint: 153900 ns, At safepoint: 6200 ns, Total: 160100 ns
[2020-09-28T10:20:29.579+0000][30964][safepoint    ] Safepoint "Cleanup", Time since last: 1000118700 ns, Reaching safepoint: 103600 ns, At safepoint: 9200 ns, Total: 112800 ns
[2020-09-28T10:20:30.580+0000][30964][safepoint    ] Safepoint "Cleanup", Time since last: 1000279200 ns, Reaching safepoint: 111700 ns, At safepoint: 7400 ns, Total: 119100 ns
[2020-09-28T10:20:32.580+0000][30964][safepoint    ] Safepoint "Cleanup", Time since last: 2000439500 ns, Reaching safepoint: 143800 ns, At safepoint: 6000 ns, Total: 149800 ns
[2020-09-28T10:20:33.581+0000][30964][safepoint    ] Safepoint "Cleanup", Time since last: 1000540300 ns, Reaching safepoint: 131300 ns, At safepoint: 6100 ns, Total: 137400 ns
[2020-09-28T10:20:34.581+0000][30964][safepoint    ] Safepoint "Cleanup", Time since last: 1000263600 ns, Reaching safepoint: 154300 ns, At safepoint: 20400 ns, Total: 174700 ns
[2020-09-28T10:20:35.582+0000][30964][safepoint    ] Safepoint "Cleanup", Time since last: 1000019400 ns, Reaching safepoint: 113900 ns, At safepoint: 6700 ns, Total: 120600 ns
[2020-09-28T10:20:36.582+0000][30964][safepoint    ] Safepoint "Cleanup", Time since last: 1000717400 ns, Reaching safepoint: 121900 ns, At safepoint: 7400 ns, Total: 129300 ns
[2020-09-28T10:20:37.583+0000][30964][safepoint    ] Safepoint "Cleanup", Time since last: 1000326500 ns, Reaching safepoint: 144900 ns, At safepoint: 5700 ns, Total: 150600 ns
[2020-09-28T10:20:38.584+0000][30964][safepoint    ] Safepoint "Cleanup", Time since last: 1000651300 ns, Reaching safepoint: 491100 ns, At safepoint: 7100 ns, Total: 498200 ns
[2020-09-28T10:20:40.584+0000][30964][safepoint    ] Safepoint "Cleanup", Time since last: 2000223000 ns, Reaching safepoint: 156800 ns, At safepoint: 8900 ns, Total: 165700 ns
[2020-09-28T10:20:41.585+0000][30964][safepoint    ] Safepoint "Cleanup", Time since last: 1000047700 ns, Reaching safepoint: 111400 ns, At safepoint: 5600 ns, Total: 117000 ns
[2020-09-28T10:20:42.585+0000][30964][safepoint    ] Safepoint "Cleanup", Time since last: 1000129800 ns, Reaching safepoint: 144600 ns, At safepoint: 5900 ns, Total: 150500 ns
[2020-09-28T10:20:43.586+0000][30964][safepoint    ] Safepoint "Cleanup", Time since last: 1000833500 ns, Reaching safepoint: 174000 ns, At safepoint: 10300 ns, Total: 184300 ns
[2020-09-28T10:20:44.586+0000][30964][safepoint    ] Safepoint "Cleanup", Time since last: 1000367200 ns, Reaching safepoint: 152800 ns, At safepoint: 5800 ns, Total: 158600 ns
[2020-09-28T10:20:45.587+0000][30964][safepoint    ] Safepoint "Cleanup", Time since last: 1000734300 ns, Reaching safepoint: 114500 ns, At safepoint: 7000 ns, Total: 121500 ns
[2020-09-28T10:20:46.588+0000][30964][safepoint    ] Safepoint "Cleanup", Time since last: 1000860600 ns, Reaching safepoint: 132300 ns, At safepoint: 5500 ns, Total: 137800 ns
[2020-09-28T10:20:47.589+0000][30964][safepoint    ] Safepoint "Cleanup", Time since last: 1000837300 ns, Reaching safepoint: 150000 ns, At safepoint: 20400 ns, Total: 170400 ns
[2020-09-28T10:20:48.590+0000][30964][safepoint    ] Safepoint "Cleanup", Time since last: 1000443500 ns, Reaching safepoint: 130500 ns, At safepoint: 6500 ns, Total: 137000 ns
[2020-09-28T10:20:49.590+0000][30964][safepoint    ] Safepoint "Cleanup", Time since last: 1000051200 ns, Reaching safepoint: 106000 ns, At safepoint: 6700 ns, Total: 112700 ns
[2020-09-28T10:20:50.591+0000][30964][safepoint    ] Safepoint "Cleanup", Time since last: 1000666200 ns, Reaching safepoint: 105900 ns, At safepoint: 4400 ns, Total: 110300 ns
[2020-09-28T10:20:51.591+0000][30964][safepoint    ] Safepoint "Cleanup", Time since last: 1000498000 ns, Reaching safepoint: 104700 ns, At safepoint: 6300 ns, Total: 111000 ns
[2020-09-28T10:20:52.592+0000][30964][safepoint    ] Safepoint "Cleanup", Time since last: 1000907600 ns, Reaching safepoint: 105800 ns, At safepoint: 21100 ns, Total: 126900 ns
[2020-09-28T10:20:53.593+0000][30964][safepoint    ] Safepoint "Cleanup", Time since last: 1000174800 ns, Reaching safepoint: 112600 ns, At safepoint: 21400 ns, Total: 134000 ns
[2020-09-28T10:20:54.593+0000][30964][safepoint    ] Safepoint "Cleanup", Time since last: 1000180200 ns, Reaching safepoint: 143200 ns, At safepoint: 5100 ns, Total: 148300 ns
[2020-09-28T10:20:55.594+0000][30964][safepoint    ] Safepoint "Cleanup", Time since last: 1000581900 ns, Reaching safepoint: 90000 ns, At safepoint: 2400 ns, Total: 92400 ns
[2020-09-28T10:20:56.595+0000][30964][safepoint    ] Safepoint "Cleanup", Time since last: 1000887100 ns, Reaching safepoint: 128700 ns, At safepoint: 5400 ns, Total: 134100 ns
[2020-09-28T10:20:57.596+0000][30964][safepoint    ] Safepoint "Cleanup", Time since last: 1000838300 ns, Reaching safepoint: 157800 ns, At safepoint: 7400 ns, Total: 165200 ns
[2020-09-28T10:20:58.596+0000][30964][safepoint    ] Safepoint "Cleanup", Time since last: 1000438900 ns, Reaching safepoint: 144000 ns, At safepoint: 10500 ns, Total: 154500 ns
[2020-09-28T10:20:59.597+0000][30964][safepoint    ] Safepoint "Cleanup", Time since last: 1000234900 ns, Reaching safepoint: 124500 ns, At safepoint: 10100 ns, Total: 134600 ns
[2020-09-28T10:21:00.597+0000][30964][safepoint    ] Safepoint "Cleanup", Time since last: 1000308200 ns, Reaching safepoint: 357200 ns, At safepoint: 10100 ns, Total: 367300 ns
[2020-09-28T10:21:02.598+0000][30964][safepoint    ] Safepoint "Cleanup", Time since last: 2000556500 ns, Reaching safepoint: 367000 ns, At safepoint: 6300 ns, Total: 373300 ns
[2020-09-28T10:21:03.599+0000][30964][safepoint    ] Safepoint "Cleanup", Time since last: 1000330100 ns, Reaching safepoint: 123600 ns, At safepoint: 5500 ns, Total: 129100 ns
[2020-09-28T10:21:04.599+0000][30964][safepoint    ] Safepoint "Cleanup", Time since last: 1000180900 ns, Reaching safepoint: 134500 ns, At safepoint: 6200 ns, Total: 140700 ns
[2020-09-28T10:21:05.600+0000][30964][safepoint    ] Safepoint "Cleanup", Time since last: 1000404800 ns, Reaching safepoint: 138300 ns, At safepoint: 3600 ns, Total: 141900 ns
[2020-09-28T10:21:06.600+0000][30964][safepoint    ] Safepoint "Cleanup", Time since last: 1000560000 ns, Reaching safepoint: 143300 ns, At safepoint: 6900 ns, Total: 150200 ns
[2020-09-28T10:21:07.601+0000][30964][safepoint    ] Safepoint "Cleanup", Time since last: 1000067700 ns, Reaching safepoint: 100500 ns, At safepoint: 6900 ns, Total: 107400 ns
[2020-09-28T10:21:08.601+0000][30964][safepoint    ] Safepoint "Cleanup", Time since last: 1000598300 ns, Reaching safepoint: 126500 ns, At safepoint: 6600 ns, Total: 133100 ns
[2020-09-28T10:21:09.602+0000][30964][safepoint    ] Safepoint "Cleanup", Time since last: 1000487800 ns, Reaching safepoint: 116700 ns, At safepoint: 6100 ns, Total: 122800 ns
[2020-09-28T10:21:10.602+0000][30964][safepoint    ] Safepoint "Cleanup", Time since last: 1000228700 ns, Reaching safepoint: 126500 ns, At safepoint: 6400 ns, Total: 132900 ns
[2020-09-28T10:21:11.602+0000][30964][safepoint    ] Safepoint "Cleanup", Time since last: 1000023800 ns, Reaching safepoint: 130700 ns, At safepoint: 5700 ns, Total: 136400 ns
[2020-09-28T10:21:12.603+0000][30964][safepoint    ] Safepoint "Cleanup", Time since last: 1000198800 ns, Reaching safepoint: 126500 ns, At safepoint: 5700 ns, Total: 132200 ns
[2020-09-28T10:21:13.603+0000][30964][safepoint    ] Safepoint "Cleanup", Time since last: 1000554400 ns, Reaching safepoint: 135100 ns, At safepoint: 5900 ns, Total: 141000 ns
[2020-09-28T10:21:14.604+0000][30964][safepoint    ] Safepoint "Cleanup", Time since last: 1000809500 ns, Reaching safepoint: 135400 ns, At safepoint: 3400 ns, Total: 138800 ns
[2020-09-28T10:21:15.605+0000][30964][safepoint    ] Safepoint "Cleanup", Time since last: 1000313200 ns, Reaching safepoint: 143200 ns, At safepoint: 5700 ns, Total: 148900 ns
[2020-09-28T10:21:16.605+0000][30964][safepoint    ] Safepoint "Cleanup", Time since last: 1000446500 ns, Reaching safepoint: 124000 ns, At safepoint: 9000 ns, Total: 133000 ns
[2020-09-28T10:21:17.606+0000][30964][safepoint    ] Safepoint "Cleanup", Time since last: 1000160300 ns, Reaching safepoint: 112800 ns, At safepoint: 7200 ns, Total: 120000 ns
[2020-09-28T10:21:18.606+0000][30964][safepoint    ] Safepoint "Cleanup", Time since last: 1000434400 ns, Reaching safepoint: 125400 ns, At safepoint: 6800 ns, Total: 132200 ns
[2020-09-28T10:21:19.607+0000][30964][safepoint    ] Safepoint "Cleanup", Time since last: 1000212300 ns, Reaching safepoint: 118300 ns, At safepoint: 5400 ns, Total: 123700 ns
[2020-09-28T10:21:20.607+0000][30964][safepoint    ] Safepoint "Cleanup", Time since last: 1000500700 ns, Reaching safepoint: 114700 ns, At safepoint: 6200 ns, Total: 120900 ns
[2020-09-28T10:21:21.607+0000][30964][safepoint    ] Safepoint "Cleanup", Time since last: 1000022400 ns, Reaching safepoint: 160400 ns, At safepoint: 4900 ns, Total: 165300 ns
[2020-09-28T10:21:22.608+0000][30964][safepoint    ] Safepoint "Cleanup", Time since last: 1000474300 ns, Reaching safepoint: 122000 ns, At safepoint: 7500 ns, Total: 129500 ns
[2020-09-28T10:21:23.608+0000][30964][safepoint    ] Safepoint "Cleanup", Time since last: 1000297600 ns, Reaching safepoint: 190700 ns, At safepoint: 5600 ns, Total: 196300 ns
[2020-09-28T10:21:24.609+0000][30964][safepoint    ] Safepoint "Cleanup", Time since last: 1000305200 ns, Reaching safepoint: 132800 ns, At safepoint: 7600 ns, Total: 140400 ns
[2020-09-28T10:21:25.610+0000][30964][safepoint    ] Safepoint "Cleanup", Time since last: 1000543800 ns, Reaching safepoint: 107100 ns, At safepoint: 6300 ns, Total: 113400 ns
[2020-09-28T10:21:26.610+0000][30964][safepoint    ] Safepoint "Cleanup", Time since last: 1000039300 ns, Reaching safepoint: 102500 ns, At safepoint: 12800 ns, Total: 115300 ns
[2020-09-28T10:21:27.610+0000][30964][safepoint    ] Safepoint "Cleanup", Time since last: 1000101400 ns, Reaching safepoint: 155900 ns, At safepoint: 5300 ns, Total: 161200 ns
[2020-09-28T10:21:28.611+0000][30964][safepoint    ] Safepoint "Cleanup", Time since last: 1000638800 ns, Reaching safepoint: 149300 ns, At safepoint: 5700 ns, Total: 155000 ns
[2020-09-28T10:21:30.611+0000][30964][safepoint    ] Safepoint "Cleanup", Time since last: 2000004300 ns, Reaching safepoint: 158900 ns, At safepoint: 6600 ns, Total: 165500 ns
[2020-09-28T10:21:31.612+0000][30964][safepoint    ] Safepoint "Cleanup", Time since last: 1000661300 ns, Reaching safepoint: 157200 ns, At safepoint: 6100 ns, Total: 163300 ns
[2020-09-28T10:21:32.612+0000][30964][safepoint    ] Safepoint "Cleanup", Time since last: 1000188400 ns, Reaching safepoint: 116500 ns, At safepoint: 6200 ns, Total: 122700 ns
[2020-09-28T10:21:33.613+0000][30964][safepoint    ] Safepoint "Cleanup", Time since last: 1000509400 ns, Reaching safepoint: 116300 ns, At safepoint: 8300 ns, Total: 124600 ns
[2020-09-28T10:21:34.613+0000][30964][safepoint    ] Safepoint "Cleanup", Time since last: 1000237500 ns, Reaching safepoint: 135300 ns, At safepoint: 5200 ns, Total: 140500 ns
[2020-09-28T10:21:35.614+0000][30964][safepoint    ] Safepoint "Cleanup", Time since last: 1000296000 ns, Reaching safepoint: 172900 ns, At safepoint: 6100 ns, Total: 179000 ns
[2020-09-28T10:21:36.614+0000][30964][safepoint    ] Safepoint "Cleanup", Time since last: 1000449700 ns, Reaching safepoint: 144600 ns, At safepoint: 5100 ns, Total: 149700 ns
[2020-09-28T10:21:37.615+0000][30964][safepoint    ] Safepoint "Cleanup", Time since last: 1000267100 ns, Reaching safepoint: 124600 ns, At safepoint: 5800 ns, Total: 130400 ns
[2020-09-28T10:21:38.615+0000][30964][safepoint    ] Safepoint "Cleanup", Time since last: 1000001500 ns, Reaching safepoint: 144300 ns, At safepoint: 6200 ns, Total: 150500 ns
[2020-09-28T10:21:39.615+0000][30964][safepoint    ] Safepoint "Cleanup", Time since last: 1000340600 ns, Reaching safepoint: 129600 ns, At safepoint: 5500 ns, Total: 135100 ns
[2020-09-28T10:21:40.616+0000][30964][safepoint    ] Safepoint "Cleanup", Time since last: 1000749200 ns, Reaching safepoint: 110000 ns, At safepoint: 6100 ns, Total: 116100 ns
[2020-09-28T10:21:42.553+0000][30964][safepoint    ] Safepoint "Cleanup", Time since last: 1936833100 ns, Reaching safepoint: 98300 ns, At safepoint: 6000 ns, Total: 104300 ns
[2020-09-28T10:21:43.554+0000][30964][safepoint    ] Safepoint "Cleanup", Time since last: 1000577700 ns, Reaching safepoint: 96900 ns, At safepoint: 6000 ns, Total: 102900 ns
[2020-09-28T10:21:44.554+0000][30964][safepoint    ] Safepoint "Cleanup", Time since last: 1000557800 ns, Reaching safepoint: 161200 ns, At safepoint: 6100 ns, Total: 167300 ns
[2020-09-28T10:21:45.555+0000][30964][safepoint    ] Safepoint "Cleanup", Time since last: 1000094500 ns, Reaching safepoint: 162100 ns, At safepoint: 6800 ns, Total: 168900 ns
[2020-09-28T10:21:46.556+0000][30964][safepoint    ] Safepoint "Cleanup", Time since last: 1000797900 ns, Reaching safepoint: 133900 ns, At safepoint: 5400 ns, Total: 139300 ns
[2020-09-28T10:21:47.556+0000][30964][safepoint    ] Safepoint "Cleanup", Time since last: 1000305400 ns, Reaching safepoint: 144800 ns, At safepoint: 5300 ns, Total: 150100 ns
[2020-09-28T10:21:49.556+0000][30964][safepoint    ] Safepoint "Cleanup", Time since last: 2000152800 ns, Reaching safepoint: 117100 ns, At safepoint: 6300 ns, Total: 123400 ns
[2020-09-28T10:21:50.557+0000][30964][safepoint    ] Safepoint "Cleanup", Time since last: 1000701400 ns, Reaching safepoint: 115600 ns, At safepoint: 3800 ns, Total: 119400 ns
[2020-09-28T10:21:51.558+0000][30964][safepoint    ] Safepoint "Cleanup", Time since last: 1000695100 ns, Reaching safepoint: 116400 ns, At safepoint: 4200 ns, Total: 120600 ns
[2020-09-28T10:21:52.558+0000][30964][safepoint    ] Safepoint "Cleanup", Time since last: 1000060800 ns, Reaching safepoint: 94100 ns, At safepoint: 6400 ns, Total: 100500 ns
[2020-09-28T10:21:53.559+0000][30964][safepoint    ] Safepoint "Cleanup", Time since last: 1000816700 ns, Reaching safepoint: 135100 ns, At safepoint: 5900 ns, Total: 141000 ns
[2020-09-28T10:21:54.560+0000][30964][safepoint    ] Safepoint "Cleanup", Time since last: 1000344300 ns, Reaching safepoint: 92600 ns, At safepoint: 3400 ns, Total: 96000 ns
[2020-09-28T10:21:55.560+0000][30964][safepoint    ] Safepoint "Cleanup", Time since last: 1000138200 ns, Reaching safepoint: 151200 ns, At safepoint: 5400 ns, Total: 156600 ns
[2020-09-28T10:21:56.560+0000][30964][safepoint    ] Safepoint "Cleanup", Time since last: 1000411800 ns, Reaching safepoint: 132600 ns, At safepoint: 21000 ns, Total: 153600 ns
[2020-09-28T10:21:58.561+0000][30964][safepoint    ] Safepoint "Cleanup", Time since last: 2000562800 ns, Reaching safepoint: 115600 ns, At safepoint: 6000 ns, Total: 121600 ns
[2020-09-28T10:21:59.562+0000][30964][safepoint    ] Safepoint "Cleanup", Time since last: 1000471800 ns, Reaching safepoint: 132400 ns, At safepoint: 6000 ns, Total: 138400 ns
[2020-09-28T10:22:00.562+0000][30964][safepoint    ] Safepoint "Cleanup", Time since last: 1000318000 ns, Reaching safepoint: 138200 ns, At safepoint: 6700 ns, Total: 144900 ns
[2020-09-28T10:22:01.563+0000][30964][safepoint    ] Safepoint "Cleanup", Time since last: 1000387600 ns, Reaching safepoint: 153100 ns, At safepoint: 20900 ns, Total: 174000 ns
[2020-09-28T10:22:02.563+0000][30964][safepoint    ] Safepoint "Cleanup", Time since last: 1000457400 ns, Reaching safepoint: 116800 ns, At safepoint: 2600 ns, Total: 119400 ns
[2020-09-28T10:22:03.564+0000][30964][safepoint    ] Safepoint "Cleanup", Time since last: 1000717900 ns, Reaching safepoint: 196500 ns, At safepoint: 16200 ns, Total: 212700 ns
[2020-09-28T10:22:05.565+0000][30964][safepoint    ] Safepoint "Cleanup", Time since last: 2000875100 ns, Reaching safepoint: 206200 ns, At safepoint: 11600 ns, Total: 217800 ns
[2020-09-28T10:22:06.566+0000][30964][safepoint    ] Safepoint "Cleanup", Time since last: 1000294100 ns, Reaching safepoint: 95300 ns, At safepoint: 7300 ns, Total: 102600 ns
[2020-09-28T10:22:07.567+0000][30964][safepoint    ] Safepoint "Cleanup", Time since last: 1000886400 ns, Reaching safepoint: 112000 ns, At safepoint: 8000 ns, Total: 120000 ns
[2020-09-28T10:22:08.568+0000][30964][safepoint    ] Safepoint "Cleanup", Time since last: 1000838500 ns, Reaching safepoint: 119800 ns, At safepoint: 5700 ns, Total: 125500 ns
[2020-09-28T10:22:09.568+0000][30964][safepoint    ] Safepoint "Cleanup", Time since last: 1000432800 ns, Reaching safepoint: 104300 ns, At safepoint: 7000 ns, Total: 111300 ns
[2020-09-28T10:22:10.569+0000][30964][safepoint    ] Safepoint "Cleanup", Time since last: 1000399900 ns, Reaching safepoint: 114900 ns, At safepoint: 5900 ns, Total: 120800 ns
[2020-09-28T10:22:11.569+0000][30964][safepoint    ] Safepoint "Cleanup", Time since last: 1000097200 ns, Reaching safepoint: 122100 ns, At safepoint: 4900 ns, Total: 127000 ns
[2020-09-28T10:22:12.569+0000][30964][safepoint    ] Safepoint "Cleanup", Time since last: 1000215000 ns, Reaching safepoint: 121000 ns, At safepoint: 6500 ns, Total: 127500 ns
[2020-09-28T10:22:13.570+0000][30964][safepoint    ] Safepoint "Cleanup", Time since last: 1000911600 ns, Reaching safepoint: 114300 ns, At safepoint: 11200 ns, Total: 125500 ns
[2020-09-28T10:22:14.571+0000][30964][safepoint    ] Safepoint "Cleanup", Time since last: 1000159900 ns, Reaching safepoint: 100300 ns, At safepoint: 14300 ns, Total: 114600 ns
[2020-09-28T10:22:15.572+0000][30964][safepoint    ] Safepoint "Cleanup", Time since last: 1000902300 ns, Reaching safepoint: 118500 ns, At safepoint: 6900 ns, Total: 125400 ns
[2020-09-28T10:22:16.572+0000][30964][safepoint    ] Safepoint "Cleanup", Time since last: 1000606100 ns, Reaching safepoint: 143800 ns, At safepoint: 3800 ns, Total: 147600 ns
[2020-09-28T10:22:17.573+0000][30964][safepoint    ] Safepoint "Cleanup", Time since last: 1000700300 ns, Reaching safepoint: 127400 ns, At safepoint: 5700 ns, Total: 133100 ns
[2020-09-28T10:22:18.574+0000][30964][safepoint    ] Safepoint "Cleanup", Time since last: 1000345500 ns, Reaching safepoint: 136600 ns, At safepoint: 6400 ns, Total: 143000 ns
[2020-09-28T10:22:19.575+0000][30964][safepoint    ] Safepoint "Cleanup", Time since last: 1001062700 ns, Reaching safepoint: 135200 ns, At safepoint: 6200 ns, Total: 141400 ns
[2020-09-28T10:22:20.576+0000][30964][safepoint    ] Safepoint "Cleanup", Time since last: 1000719900 ns, Reaching safepoint: 152200 ns, At safepoint: 5700 ns, Total: 157900 ns
[2020-09-28T10:22:21.576+0000][30964][safepoint    ] Safepoint "Cleanup", Time since last: 1000538900 ns, Reaching safepoint: 113400 ns, At safepoint: 7900 ns, Total: 121300 ns
[2020-09-28T10:22:22.577+0000][30964][safepoint    ] Safepoint "Cleanup", Time since last: 1000278000 ns, Reaching safepoint: 104400 ns, At safepoint: 5900 ns, Total: 110300 ns
[2020-09-28T10:22:23.577+0000][30964][safepoint    ] Safepoint "Cleanup", Time since last: 1000154900 ns, Reaching safepoint: 149500 ns, At safepoint: 5300 ns, Total: 154800 ns
[2020-09-28T10:22:24.577+0000][30964][safepoint    ] Safepoint "Cleanup", Time since last: 1000013800 ns, Reaching safepoint: 137100 ns, At safepoint: 9500 ns, Total: 146600 ns
[2020-09-28T10:22:25.624+0000][30964][safepoint    ] Safepoint "Cleanup", Time since last: 1046675700 ns, Reaching safepoint: 121600 ns, At safepoint: 5500 ns, Total: 127100 ns
[2020-09-28T10:22:26.625+0000][30964][safepoint    ] Safepoint "Cleanup", Time since last: 1000527400 ns, Reaching safepoint: 109200 ns, At safepoint: 3900 ns, Total: 113100 ns
[2020-09-28T10:22:27.626+0000][30964][safepoint    ] Safepoint "Cleanup", Time since last: 1000833800 ns, Reaching safepoint: 144600 ns, At safepoint: 2700 ns, Total: 147300 ns
[2020-09-28T10:22:28.626+0000][30964][safepoint    ] Safepoint "Cleanup", Time since last: 1000541100 ns, Reaching safepoint: 125800 ns, At safepoint: 5400 ns, Total: 131200 ns
[2020-09-28T10:22:29.627+0000][30964][safepoint    ] Safepoint "Cleanup", Time since last: 1000034800 ns, Reaching safepoint: 143900 ns, At safepoint: 7000 ns, Total: 150900 ns
[2020-09-28T10:22:30.627+0000][30964][safepoint    ] Safepoint "Cleanup", Time since last: 1000528400 ns, Reaching safepoint: 162900 ns, At safepoint: 5500 ns, Total: 168400 ns
[2020-09-28T10:22:31.627+0000][30964][safepoint    ] Safepoint "Cleanup", Time since last: 1000039700 ns, Reaching safepoint: 122400 ns, At safepoint: 6700 ns, Total: 129100 ns
[2020-09-28T10:22:32.628+0000][30964][safepoint    ] Safepoint "Cleanup", Time since last: 1000121500 ns, Reaching safepoint: 98500 ns, At safepoint: 3100 ns, Total: 101600 ns
[2020-09-28T10:22:33.628+0000][30964][safepoint    ] Safepoint "Cleanup", Time since last: 1000555100 ns, Reaching safepoint: 108600 ns, At safepoint: 3400 ns, Total: 112000 ns
[2020-09-28T10:22:34.629+0000][30964][safepoint    ] Safepoint "Cleanup", Time since last: 1000306700 ns, Reaching safepoint: 100500 ns, At safepoint: 31500 ns, Total: 132000 ns
[2020-09-28T10:22:35.629+0000][30964][safepoint    ] Safepoint "Cleanup", Time since last: 1000463700 ns, Reaching safepoint: 151500 ns, At safepoint: 20900 ns, Total: 172400 ns
[2020-09-28T10:22:36.630+0000][30964][safepoint    ] Safepoint "Cleanup", Time since last: 1000416200 ns, Reaching safepoint: 143100 ns, At safepoint: 6400 ns, Total: 149500 ns
[2020-09-28T10:22:37.631+0000][30964][safepoint    ] Safepoint "Cleanup", Time since last: 1000354600 ns, Reaching safepoint: 148400 ns, At safepoint: 5700 ns, Total: 154100 ns
[2020-09-28T10:22:38.631+0000][30964][safepoint    ] Safepoint "Cleanup", Time since last: 1000190200 ns, Reaching safepoint: 99700 ns, At safepoint: 6200 ns, Total: 105900 ns
[2020-09-28T10:22:39.632+0000][30964][safepoint    ] Safepoint "Cleanup", Time since last: 1000506300 ns, Reaching safepoint: 100900 ns, At safepoint: 6300 ns, Total: 107200 ns
[2020-09-28T10:22:40.632+0000][30964][safepoint    ] Safepoint "Cleanup", Time since last: 1000277300 ns, Reaching safepoint: 139500 ns, At safepoint: 5300 ns, Total: 144800 ns
[2020-09-28T10:22:41.632+0000][30964][safepoint    ] Safepoint "Cleanup", Time since last: 1000048600 ns, Reaching safepoint: 149500 ns, At safepoint: 6800 ns, Total: 156300 ns
[2020-09-28T10:22:42.632+0000][30964][safepoint    ] Safepoint "Cleanup", Time since last: 1000052700 ns, Reaching safepoint: 111400 ns, At safepoint: 5500 ns, Total: 116900 ns
[2020-09-28T10:22:43.633+0000][30964][safepoint    ] Safepoint "Cleanup", Time since last: 1000664600 ns, Reaching safepoint: 116300 ns, At safepoint: 6000 ns, Total: 122300 ns
[2020-09-28T10:22:44.633+0000][30964][safepoint    ] Safepoint "Cleanup", Time since last: 1000229500 ns, Reaching safepoint: 254400 ns, At safepoint: 13300 ns, Total: 267700 ns
[2020-09-28T10:22:45.634+0000][30964][safepoint    ] Safepoint "Cleanup", Time since last: 1000430000 ns, Reaching safepoint: 169200 ns, At safepoint: 5800 ns, Total: 175000 ns
[2020-09-28T10:22:46.634+0000][30964][safepoint    ] Safepoint "Cleanup", Time since last: 1000076900 ns, Reaching safepoint: 177500 ns, At safepoint: 12400 ns, Total: 189900 ns
[2020-09-28T10:22:48.634+0000][30964][safepoint    ] Safepoint "Cleanup", Time since last: 1999949500 ns, Reaching safepoint: 251000 ns, At safepoint: 21000 ns, Total: 272000 ns
[2020-09-28T10:22:49.635+0000][30964][safepoint    ] Safepoint "Cleanup", Time since last: 1000219200 ns, Reaching safepoint: 146000 ns, At safepoint: 4400 ns, Total: 150400 ns
[2020-09-28T10:22:50.635+0000][30964][safepoint    ] Safepoint "Cleanup", Time since last: 1000162500 ns, Reaching safepoint: 199900 ns, At safepoint: 122100 ns, Total: 322000 ns
[2020-09-28T10:22:51.636+0000][30964][safepoint    ] Safepoint "Cleanup", Time since last: 1000429900 ns, Reaching safepoint: 114800 ns, At safepoint: 6300 ns, Total: 121100 ns
[2020-09-28T10:22:52.637+0000][30964][safepoint    ] Safepoint "Cleanup", Time since last: 1000416600 ns, Reaching safepoint: 139200 ns, At safepoint: 7200 ns, Total: 146400 ns
[2020-09-28T10:22:54.637+0000][30964][safepoint    ] Safepoint "Cleanup", Time since last: 2000400100 ns, Reaching safepoint: 311000 ns, At safepoint: 21800 ns, Total: 332800 ns
[2020-09-28T10:22:56.329+0000][30964][safepoint    ] Safepoint "Cleanup", Time since last: 1691324200 ns, Reaching safepoint: 162000 ns, At safepoint: 10900 ns, Total: 172900 ns
[2020-09-28T10:22:57.329+0000][30964][safepoint    ] Safepoint "Cleanup", Time since last: 1000461000 ns, Reaching safepoint: 164600 ns, At safepoint: 3700 ns, Total: 168300 ns
[2020-09-28T10:22:58.330+0000][30964][safepoint    ] Safepoint "Cleanup", Time since last: 1000261800 ns, Reaching safepoint: 147900 ns, At safepoint: 7000 ns, Total: 154900 ns
[2020-09-28T10:22:59.331+0000][30964][safepoint    ] Safepoint "Cleanup", Time since last: 1000648900 ns, Reaching safepoint: 128100 ns, At safepoint: 6000 ns, Total: 134100 ns
[2020-09-28T10:23:00.331+0000][30964][safepoint    ] Safepoint "Cleanup", Time since last: 1000443900 ns, Reaching safepoint: 163000 ns, At safepoint: 4900 ns, Total: 167900 ns
[2020-09-28T10:23:01.332+0000][30964][safepoint    ] Safepoint "Cleanup", Time since last: 1000343900 ns, Reaching safepoint: 116100 ns, At safepoint: 7100 ns, Total: 123200 ns
[2020-09-28T10:23:02.332+0000][30964][safepoint    ] Safepoint "Cleanup", Time since last: 1000545500 ns, Reaching safepoint: 122100 ns, At safepoint: 8100 ns, Total: 130200 ns
[2020-09-28T10:23:03.333+0000][30964][safepoint    ] Safepoint "Cleanup", Time since last: 1000298000 ns, Reaching safepoint: 102800 ns, At safepoint: 4100 ns, Total: 106900 ns
[2020-09-28T10:23:04.334+0000][30964][safepoint    ] Safepoint "Cleanup", Time since last: 1000669600 ns, Reaching safepoint: 121100 ns, At safepoint: 17000 ns, Total: 138100 ns
[2020-09-28T10:23:05.334+0000][30964][safepoint    ] Safepoint "Cleanup", Time since last: 1000068900 ns, Reaching safepoint: 130800 ns, At safepoint: 6300 ns, Total: 137100 ns
[2020-09-28T10:23:06.334+0000][30964][safepoint    ] Safepoint "Cleanup", Time since last: 1000193200 ns, Reaching safepoint: 112300 ns, At safepoint: 2700 ns, Total: 115000 ns
[2020-09-28T10:23:07.335+0000][30964][safepoint    ] Safepoint "Cleanup", Time since last: 1000266200 ns, Reaching safepoint: 164700 ns, At safepoint: 13200 ns, Total: 177900 ns
[2020-09-28T10:23:08.336+0000][30964][safepoint    ] Safepoint "Cleanup", Time since last: 1000782900 ns, Reaching safepoint: 115400 ns, At safepoint: 7300 ns, Total: 122700 ns
[2020-09-28T10:23:09.336+0000][30964][safepoint    ] Safepoint "Cleanup", Time since last: 1000821800 ns, Reaching safepoint: 113600 ns, At safepoint: 4700 ns, Total: 118300 ns
[2020-09-28T10:23:11.337+0000][30964][safepoint    ] Safepoint "Cleanup", Time since last: 2000252700 ns, Reaching safepoint: 155500 ns, At safepoint: 12300 ns, Total: 167800 ns
[2020-09-28T10:23:12.337+0000][30964][safepoint    ] Safepoint "Cleanup", Time since last: 1000194800 ns, Reaching safepoint: 121500 ns, At safepoint: 6800 ns, Total: 128300 ns
[2020-09-28T10:23:13.338+0000][30964][safepoint    ] Safepoint "Cleanup", Time since last: 1000208700 ns, Reaching safepoint: 141900 ns, At safepoint: 10000 ns, Total: 151900 ns
[2020-09-28T10:23:14.338+0000][30964][safepoint    ] Safepoint "Cleanup", Time since last: 1000607000 ns, Reaching safepoint: 125600 ns, At safepoint: 7900 ns, Total: 133500 ns
[2020-09-28T10:23:15.339+0000][30964][safepoint    ] Safepoint "Cleanup", Time since last: 1000319800 ns, Reaching safepoint: 163100 ns, At safepoint: 9800 ns, Total: 172900 ns
[2020-09-28T10:23:17.340+0000][30964][safepoint    ] Safepoint "Cleanup", Time since last: 2000801100 ns, Reaching safepoint: 152300 ns, At safepoint: 14700 ns, Total: 167000 ns
[2020-09-28T10:23:18.340+0000][30964][safepoint    ] Safepoint "Cleanup", Time since last: 1000125000 ns, Reaching safepoint: 151700 ns, At safepoint: 9000 ns, Total: 160700 ns
[2020-09-28T10:23:19.341+0000][30964][safepoint    ] Safepoint "Cleanup", Time since last: 1000420400 ns, Reaching safepoint: 178400 ns, At safepoint: 10900 ns, Total: 189300 ns
[2020-09-28T10:23:20.341+0000][30964][safepoint    ] Safepoint "Cleanup", Time since last: 1000282500 ns, Reaching safepoint: 126500 ns, At safepoint: 6700 ns, Total: 133200 ns
[2020-09-28T10:23:21.342+0000][30964][safepoint    ] Safepoint "Cleanup", Time since last: 1000624500 ns, Reaching safepoint: 123000 ns, At safepoint: 8500 ns, Total: 131500 ns
[2020-09-28T10:23:22.342+0000][30964][safepoint    ] Safepoint "Cleanup", Time since last: 1000578000 ns, Reaching safepoint: 127200 ns, At safepoint: 5300 ns, Total: 132500 ns
[2020-09-28T10:23:23.343+0000][30964][safepoint    ] Safepoint "Cleanup", Time since last: 1000277400 ns, Reaching safepoint: 113400 ns, At safepoint: 6000 ns, Total: 119400 ns
[2020-09-28T10:23:25.343+0000][30964][safepoint    ] Safepoint "Cleanup", Time since last: 2000192900 ns, Reaching safepoint: 102600 ns, At safepoint: 6300 ns, Total: 108900 ns
[2020-09-28T10:23:26.344+0000][30964][safepoint    ] Safepoint "Cleanup", Time since last: 1000369200 ns, Reaching safepoint: 115500 ns, At safepoint: 7500 ns, Total: 123000 ns
[2020-09-28T10:23:28.345+0000][30964][safepoint    ] Safepoint "Cleanup", Time since last: 2000985700 ns, Reaching safepoint: 138800 ns, At safepoint: 6900 ns, Total: 145700 ns
[2020-09-28T10:23:29.346+0000][30964][safepoint    ] Safepoint "Cleanup", Time since last: 1000707800 ns, Reaching safepoint: 129600 ns, At safepoint: 6500 ns, Total: 136100 ns
[2020-09-28T10:23:30.346+0000][30964][safepoint    ] Safepoint "Cleanup", Time since last: 1000158500 ns, Reaching safepoint: 109800 ns, At safepoint: 6900 ns, Total: 116700 ns
[2020-09-28T10:23:31.347+0000][30964][safepoint    ] Safepoint "Cleanup", Time since last: 1000510400 ns, Reaching safepoint: 153100 ns, At safepoint: 5200 ns, Total: 158300 ns
[2020-09-28T10:23:32.347+0000][30964][safepoint    ] Safepoint "Cleanup", Time since last: 1000674200 ns, Reaching safepoint: 114400 ns, At safepoint: 9000 ns, Total: 123400 ns
[2020-09-28T10:23:33.348+0000][30964][safepoint    ] Safepoint "Cleanup", Time since last: 1000748100 ns, Reaching safepoint: 101300 ns, At safepoint: 6000 ns, Total: 107300 ns
[2020-09-28T10:23:34.349+0000][30964][safepoint    ] Safepoint "Cleanup", Time since last: 1000228300 ns, Reaching safepoint: 108100 ns, At safepoint: 5700 ns, Total: 113800 ns
[2020-09-28T10:23:35.349+0000][30964][safepoint    ] Safepoint "Cleanup", Time since last: 1000735300 ns, Reaching safepoint: 105500 ns, At safepoint: 4200 ns, Total: 109700 ns
[2020-09-28T10:23:36.350+0000][30964][safepoint    ] Safepoint "Cleanup", Time since last: 1000337300 ns, Reaching safepoint: 96200 ns, At safepoint: 7100 ns, Total: 103300 ns
[2020-09-28T10:23:38.350+0000][30964][safepoint    ] Safepoint "Cleanup", Time since last: 2000104300 ns, Reaching safepoint: 222500 ns, At safepoint: 8200 ns, Total: 230700 ns
[2020-09-28T10:23:39.350+0000][30964][safepoint    ] Safepoint "Cleanup", Time since last: 1000077900 ns, Reaching safepoint: 133300 ns, At safepoint: 6600 ns, Total: 139900 ns
[2020-09-28T10:23:40.351+0000][30964][safepoint    ] Safepoint "Cleanup", Time since last: 1000132900 ns, Reaching safepoint: 110300 ns, At safepoint: 3700 ns, Total: 114000 ns
[2020-09-28T10:23:41.351+0000][30964][safepoint    ] Safepoint "Cleanup", Time since last: 1000492200 ns, Reaching safepoint: 100900 ns, At safepoint: 4100 ns, Total: 105000 ns
[2020-09-28T10:23:42.352+0000][30964][safepoint    ] Safepoint "Cleanup", Time since last: 1000351400 ns, Reaching safepoint: 96900 ns, At safepoint: 6000 ns, Total: 102900 ns
[2020-09-28T10:23:43.352+0000][30964][safepoint    ] Safepoint "Cleanup", Time since last: 1000112300 ns, Reaching safepoint: 94300 ns, At safepoint: 4400 ns, Total: 98700 ns
[2020-09-28T10:23:44.352+0000][30964][safepoint    ] Safepoint "Cleanup", Time since last: 1000279900 ns, Reaching safepoint: 126500 ns, At safepoint: 6300 ns, Total: 132800 ns
[2020-09-28T10:23:45.353+0000][30964][safepoint    ] Safepoint "Cleanup", Time since last: 1000477100 ns, Reaching safepoint: 168300 ns, At safepoint: 3900 ns, Total: 172200 ns
[2020-09-28T10:23:46.354+0000][30964][safepoint    ] Safepoint "Cleanup", Time since last: 1000747100 ns, Reaching safepoint: 127400 ns, At safepoint: 6000 ns, Total: 133400 ns
[2020-09-28T10:23:47.355+0000][30964][safepoint    ] Safepoint "Cleanup", Time since last: 1000693600 ns, Reaching safepoint: 108900 ns, At safepoint: 4300 ns, Total: 113200 ns
[2020-09-28T10:23:48.355+0000][30964][safepoint    ] Safepoint "Cleanup", Time since last: 1000057100 ns, Reaching safepoint: 132300 ns, At safepoint: 5300 ns, Total: 137600 ns
[2020-09-28T10:23:49.356+0000][30964][safepoint    ] Safepoint "Cleanup", Time since last: 1000680800 ns, Reaching safepoint: 92100 ns, At safepoint: 3300 ns, Total: 95400 ns
[2020-09-28T10:23:50.356+0000][30964][safepoint    ] Safepoint "Cleanup", Time since last: 1000274800 ns, Reaching safepoint: 146900 ns, At safepoint: 57100 ns, Total: 204000 ns
[2020-09-28T10:23:52.357+0000][30964][safepoint    ] Safepoint "Cleanup", Time since last: 2000659400 ns, Reaching safepoint: 179500 ns, At safepoint: 10500 ns, Total: 190000 ns
[2020-09-28T10:23:53.357+0000][30964][safepoint    ] Safepoint "Cleanup", Time since last: 1000227800 ns, Reaching safepoint: 181600 ns, At safepoint: 10000 ns, Total: 191600 ns
[2020-09-28T10:23:54.358+0000][30964][safepoint    ] Safepoint "Cleanup", Time since last: 1000275700 ns, Reaching safepoint: 158400 ns, At safepoint: 11000 ns, Total: 169400 ns
[2020-09-28T10:23:55.358+0000][30964][safepoint    ] Safepoint "Cleanup", Time since last: 1000288000 ns, Reaching safepoint: 110800 ns, At safepoint: 7600 ns, Total: 118400 ns
[2020-09-28T10:23:56.359+0000][30964][safepoint    ] Safepoint "Cleanup", Time since last: 1000516800 ns, Reaching safepoint: 132200 ns, At safepoint: 8200 ns, Total: 140400 ns
[2020-09-28T10:23:57.359+0000][30964][safepoint    ] Safepoint "Cleanup", Time since last: 1000087000 ns, Reaching safepoint: 121900 ns, At safepoint: 4800 ns, Total: 126700 ns
[2020-09-28T10:23:59.360+0000][30964][safepoint    ] Safepoint "Cleanup", Time since last: 2000660600 ns, Reaching safepoint: 137600 ns, At safepoint: 10400 ns, Total: 148000 ns
[2020-09-28T10:24:00.360+0000][30964][safepoint    ] Safepoint "Cleanup", Time since last: 1000210900 ns, Reaching safepoint: 149700 ns, At safepoint: 10000 ns, Total: 159700 ns
[2020-09-28T10:24:02.361+0000][30964][safepoint    ] Safepoint "Cleanup", Time since last: 2000278900 ns, Reaching safepoint: 140900 ns, At safepoint: 4200 ns, Total: 145100 ns
[2020-09-28T10:24:03.361+0000][30964][safepoint    ] Safepoint "Cleanup", Time since last: 1000313700 ns, Reaching safepoint: 187700 ns, At safepoint: 10600 ns, Total: 198300 ns
[2020-09-28T10:24:04.362+0000][30964][safepoint    ] Safepoint "Cleanup", Time since last: 1000230500 ns, Reaching safepoint: 177500 ns, At safepoint: 9300 ns, Total: 186800 ns
[2020-09-28T10:24:06.362+0000][30964][safepoint    ] Safepoint "Cleanup", Time since last: 1999981500 ns, Reaching safepoint: 170700 ns, At safepoint: 9200 ns, Total: 179900 ns
[2020-09-28T10:24:08.362+0000][30964][safepoint    ] Safepoint "Cleanup", Time since last: 2000346000 ns, Reaching safepoint: 164900 ns, At safepoint: 10800 ns, Total: 175700 ns
[2020-09-28T10:24:09.363+0000][30964][safepoint    ] Safepoint "Cleanup", Time since last: 1000420300 ns, Reaching safepoint: 132700 ns, At safepoint: 9800 ns, Total: 142500 ns
[2020-09-28T10:24:10.364+0000][30964][safepoint    ] Safepoint "Cleanup", Time since last: 1000481400 ns, Reaching safepoint: 138000 ns, At safepoint: 6300 ns, Total: 144300 ns
[2020-09-28T10:24:11.564+0000][30964][safepoint    ] Safepoint "Cleanup", Time since last: 1199940100 ns, Reaching safepoint: 112000 ns, At safepoint: 5600 ns, Total: 117600 ns
[2020-09-28T10:24:12.564+0000][30964][safepoint    ] Safepoint "Cleanup", Time since last: 1000249800 ns, Reaching safepoint: 104700 ns, At safepoint: 7600 ns, Total: 112300 ns
[2020-09-28T10:24:13.565+0000][30964][safepoint    ] Safepoint "Cleanup", Time since last: 1000865200 ns, Reaching safepoint: 185400 ns, At safepoint: 9300 ns, Total: 194700 ns
[2020-09-28T10:24:14.565+0000][30964][safepoint    ] Safepoint "Cleanup", Time since last: 1000154400 ns, Reaching safepoint: 138000 ns, At safepoint: 9500 ns, Total: 147500 ns
[2020-09-28T10:24:15.566+0000][30964][safepoint    ] Safepoint "Cleanup", Time since last: 1000371100 ns, Reaching safepoint: 153600 ns, At safepoint: 6200 ns, Total: 159800 ns
[2020-09-28T10:24:17.566+0000][30964][safepoint    ] Safepoint "Cleanup", Time since last: 2000401500 ns, Reaching safepoint: 118200 ns, At safepoint: 5800 ns, Total: 124000 ns
[2020-09-28T10:24:19.567+0000][30964][safepoint    ] Safepoint "Cleanup", Time since last: 2000347100 ns, Reaching safepoint: 137600 ns, At safepoint: 7600 ns, Total: 145200 ns
[2020-09-28T10:24:20.567+0000][30964][safepoint    ] Safepoint "Cleanup", Time since last: 1000092900 ns, Reaching safepoint: 126800 ns, At safepoint: 5700 ns, Total: 132500 ns
[2020-09-28T10:24:21.568+0000][30964][safepoint    ] Safepoint "Cleanup", Time since last: 1000373900 ns, Reaching safepoint: 133400 ns, At safepoint: 5300 ns, Total: 138700 ns
[2020-09-28T10:24:22.568+0000][30964][safepoint    ] Safepoint "Cleanup", Time since last: 1000715800 ns, Reaching safepoint: 115000 ns, At safepoint: 23400 ns, Total: 138400 ns
[2020-09-28T10:24:23.569+0000][30964][safepoint    ] Safepoint "Cleanup", Time since last: 1000587700 ns, Reaching safepoint: 153300 ns, At safepoint: 6100 ns, Total: 159400 ns
[2020-09-28T10:24:24.570+0000][30964][safepoint    ] Safepoint "Cleanup", Time since last: 1000809600 ns, Reaching safepoint: 102000 ns, At safepoint: 5700 ns, Total: 107700 ns
[2020-09-28T10:24:25.571+0000][30964][safepoint    ] Safepoint "Cleanup", Time since last: 1000626700 ns, Reaching safepoint: 121000 ns, At safepoint: 6800 ns, Total: 127800 ns
[2020-09-28T10:24:26.571+0000][30964][safepoint    ] Safepoint "Cleanup", Time since last: 1000210500 ns, Reaching safepoint: 117600 ns, At safepoint: 6300 ns, Total: 123900 ns
[2020-09-28T10:24:27.572+0000][30964][safepoint    ] Safepoint "Cleanup", Time since last: 1000176100 ns, Reaching safepoint: 131400 ns, At safepoint: 5100 ns, Total: 136500 ns
[2020-09-28T10:24:28.572+0000][30964][safepoint    ] Safepoint "Cleanup", Time since last: 1000137900 ns, Reaching safepoint: 157600 ns, At safepoint: 6200 ns, Total: 163800 ns
[2020-09-28T10:24:29.572+0000][30964][safepoint    ] Safepoint "Cleanup", Time since last: 1000291700 ns, Reaching safepoint: 112900 ns, At safepoint: 7000 ns, Total: 119900 ns
[2020-09-28T10:24:30.572+0000][30964][safepoint    ] Safepoint "Cleanup", Time since last: 1000099400 ns, Reaching safepoint: 138200 ns, At safepoint: 5900 ns, Total: 144100 ns
[2020-09-28T10:24:31.573+0000][30964][safepoint    ] Safepoint "Cleanup", Time since last: 1000462800 ns, Reaching safepoint: 133200 ns, At safepoint: 5200 ns, Total: 138400 ns
[2020-09-28T10:24:32.574+0000][30964][safepoint    ] Safepoint "Cleanup", Time since last: 1000453600 ns, Reaching safepoint: 391100 ns, At safepoint: 4100 ns, Total: 395200 ns
[2020-09-28T10:24:34.574+0000][30964][safepoint    ] Safepoint "Cleanup", Time since last: 1999871100 ns, Reaching safepoint: 118500 ns, At safepoint: 6200 ns, Total: 124700 ns
[2020-09-28T10:24:35.574+0000][30964][safepoint    ] Safepoint "Cleanup", Time since last: 1000133200 ns, Reaching safepoint: 115300 ns, At safepoint: 6400 ns, Total: 121700 ns
[2020-09-28T10:24:36.575+0000][30964][safepoint    ] Safepoint "Cleanup", Time since last: 1000325200 ns, Reaching safepoint: 99800 ns, At safepoint: 6600 ns, Total: 106400 ns
[2020-09-28T10:24:38.575+0000][30964][safepoint    ] Safepoint "Cleanup", Time since last: 2000483600 ns, Reaching safepoint: 110000 ns, At safepoint: 4700 ns, Total: 114700 ns
[2020-09-28T10:24:39.576+0000][30964][safepoint    ] Safepoint "Cleanup", Time since last: 1000587000 ns, Reaching safepoint: 111800 ns, At safepoint: 6800 ns, Total: 118600 ns
[2020-09-28T10:24:40.577+0000][30964][safepoint    ] Safepoint "Cleanup", Time since last: 1000791000 ns, Reaching safepoint: 160400 ns, At safepoint: 5300 ns, Total: 165700 ns
[2020-09-28T10:24:42.561+0000][30964][safepoint    ] Safepoint "Cleanup", Time since last: 1984251700 ns, Reaching safepoint: 115000 ns, At safepoint: 6100 ns, Total: 121100 ns
[2020-09-28T10:24:43.561+0000][30964][safepoint    ] Safepoint "Cleanup", Time since last: 1000063200 ns, Reaching safepoint: 143800 ns, At safepoint: 5400 ns, Total: 149200 ns
[2020-09-28T10:24:44.562+0000][30964][safepoint    ] Safepoint "Cleanup", Time since last: 1000739400 ns, Reaching safepoint: 180500 ns, At safepoint: 5800 ns, Total: 186300 ns
[2020-09-28T10:24:46.563+0000][30964][safepoint    ] Safepoint "Cleanup", Time since last: 2000372600 ns, Reaching safepoint: 107800 ns, At safepoint: 7900 ns, Total: 115700 ns
[2020-09-28T10:24:47.564+0000][30964][safepoint    ] Safepoint "Cleanup", Time since last: 1000732600 ns, Reaching safepoint: 102700 ns, At safepoint: 6300 ns, Total: 109000 ns
[2020-09-28T10:24:48.565+0000][30964][safepoint    ] Safepoint "Cleanup", Time since last: 1000730600 ns, Reaching safepoint: 114100 ns, At safepoint: 6500 ns, Total: 120600 ns
[2020-09-28T10:24:50.565+0000][30964][safepoint    ] Safepoint "Cleanup", Time since last: 2000382600 ns, Reaching safepoint: 205800 ns, At safepoint: 7800 ns, Total: 213600 ns
[2020-09-28T10:24:51.566+0000][30964][safepoint    ] Safepoint "Cleanup", Time since last: 1000719400 ns, Reaching safepoint: 122700 ns, At safepoint: 6300 ns, Total: 129000 ns
[2020-09-28T10:24:52.567+0000][30964][safepoint    ] Safepoint "Cleanup", Time since last: 1000764800 ns, Reaching safepoint: 110600 ns, At safepoint: 5700 ns, Total: 116300 ns
[2020-09-28T10:24:53.567+0000][30964][safepoint    ] Safepoint "Cleanup", Time since last: 1000392900 ns, Reaching safepoint: 142800 ns, At safepoint: 5300 ns, Total: 148100 ns
[2020-09-28T10:24:54.568+0000][30964][safepoint    ] Safepoint "Cleanup", Time since last: 1000852300 ns, Reaching safepoint: 139600 ns, At safepoint: 20900 ns, Total: 160500 ns
[2020-09-28T10:24:55.569+0000][30964][safepoint    ] Safepoint "Cleanup", Time since last: 1000632400 ns, Reaching safepoint: 95800 ns, At safepoint: 6200 ns, Total: 102000 ns
[2020-09-28T10:24:56.570+0000][30964][safepoint    ] Safepoint "Cleanup", Time since last: 1000283000 ns, Reaching safepoint: 113500 ns, At safepoint: 5600 ns, Total: 119100 ns
[2020-09-28T10:24:57.571+0000][30964][safepoint    ] Safepoint "Cleanup", Time since last: 1000933800 ns, Reaching safepoint: 686300 ns, At safepoint: 44700 ns, Total: 731000 ns
[2020-09-28T10:24:58.572+0000][30964][safepoint    ] Safepoint "Cleanup", Time since last: 1000342900 ns, Reaching safepoint: 123100 ns, At safepoint: 6100 ns, Total: 129200 ns
[2020-09-28T10:24:59.572+0000][30964][safepoint    ] Safepoint "Cleanup", Time since last: 1000606700 ns, Reaching safepoint: 133400 ns, At safepoint: 5400 ns, Total: 138800 ns
[2020-09-28T10:25:01.573+0000][30964][safepoint    ] Safepoint "Cleanup", Time since last: 2000031800 ns, Reaching safepoint: 126300 ns, At safepoint: 7100 ns, Total: 133400 ns
[2020-09-28T10:25:02.573+0000][30964][safepoint    ] Safepoint "Cleanup", Time since last: 1000497500 ns, Reaching safepoint: 137000 ns, At safepoint: 6400 ns, Total: 143400 ns
[2020-09-28T10:25:03.574+0000][30964][safepoint    ] Safepoint "Cleanup", Time since last: 1000791500 ns, Reaching safepoint: 113600 ns, At safepoint: 7600 ns, Total: 121200 ns
[2020-09-28T10:25:04.574+0000][30964][safepoint    ] Safepoint "Cleanup", Time since last: 1000146600 ns, Reaching safepoint: 113700 ns, At safepoint: 6500 ns, Total: 120200 ns
[2020-09-28T10:25:05.575+0000][30964][safepoint    ] Safepoint "Cleanup", Time since last: 1000298300 ns, Reaching safepoint: 162900 ns, At safepoint: 7200 ns, Total: 170100 ns
[2020-09-28T10:25:06.575+0000][30964][safepoint    ] Safepoint "Cleanup", Time since last: 1000177200 ns, Reaching safepoint: 112600 ns, At safepoint: 5600 ns, Total: 118200 ns
[2020-09-28T10:25:07.576+0000][30964][safepoint    ] Safepoint "Cleanup", Time since last: 1000474200 ns, Reaching safepoint: 165600 ns, At safepoint: 9700 ns, Total: 175300 ns
[2020-09-28T10:25:08.576+0000][30964][safepoint    ] Safepoint "Cleanup", Time since last: 1000096100 ns, Reaching safepoint: 129400 ns, At safepoint: 2900 ns, Total: 132300 ns
[2020-09-28T10:25:09.577+0000][30964][safepoint    ] Safepoint "Cleanup", Time since last: 1000409000 ns, Reaching safepoint: 116300 ns, At safepoint: 5800 ns, Total: 122100 ns
[2020-09-28T10:25:11.578+0000][30964][safepoint    ] Safepoint "Cleanup", Time since last: 2000835100 ns, Reaching safepoint: 145000 ns, At safepoint: 5200 ns, Total: 150200 ns
[2020-09-28T10:25:12.578+0000][30964][safepoint    ] Safepoint "Cleanup", Time since last: 1000158300 ns, Reaching safepoint: 127500 ns, At safepoint: 5100 ns, Total: 132600 ns
[2020-09-28T10:25:14.578+0000][30964][safepoint    ] Safepoint "Cleanup", Time since last: 2000150900 ns, Reaching safepoint: 99900 ns, At safepoint: 6200 ns, Total: 106100 ns
[2020-09-28T10:25:15.578+0000][30964][safepoint    ] Safepoint "Cleanup", Time since last: 1000182400 ns, Reaching safepoint: 212800 ns, At safepoint: 7000 ns, Total: 219800 ns
[2020-09-28T10:25:16.579+0000][30964][safepoint    ] Safepoint "Cleanup", Time since last: 1000573300 ns, Reaching safepoint: 183000 ns, At safepoint: 6600 ns, Total: 189600 ns
[2020-09-28T10:25:17.580+0000][30964][safepoint    ] Safepoint "Cleanup", Time since last: 1000206400 ns, Reaching safepoint: 163500 ns, At safepoint: 6500 ns, Total: 170000 ns
[2020-09-28T10:25:18.580+0000][30964][safepoint    ] Safepoint "Cleanup", Time since last: 1000175500 ns, Reaching safepoint: 145100 ns, At safepoint: 9400 ns, Total: 154500 ns
[2020-09-28T10:25:19.580+0000][30964][safepoint    ] Safepoint "Cleanup", Time since last: 1000074100 ns, Reaching safepoint: 96800 ns, At safepoint: 5600 ns, Total: 102400 ns
[2020-09-28T10:25:21.581+0000][30964][safepoint    ] Safepoint "Cleanup", Time since last: 2000401600 ns, Reaching safepoint: 136200 ns, At safepoint: 8900 ns, Total: 145100 ns
[2020-09-28T10:25:22.582+0000][30964][safepoint    ] Safepoint "Cleanup", Time since last: 1000663800 ns, Reaching safepoint: 145300 ns, At safepoint: 10900 ns, Total: 156200 ns
[2020-09-28T10:25:23.582+0000][30964][safepoint    ] Safepoint "Cleanup", Time since last: 1000124100 ns, Reaching safepoint: 125600 ns, At safepoint: 8200 ns, Total: 133800 ns
[2020-09-28T10:25:24.582+0000][30964][safepoint    ] Safepoint "Cleanup", Time since last: 1000182500 ns, Reaching safepoint: 231000 ns, At safepoint: 9500 ns, Total: 240500 ns
[2020-09-28T10:25:26.157+0000][30964][safepoint    ] Safepoint "Cleanup", Time since last: 1575046300 ns, Reaching safepoint: 148900 ns, At safepoint: 9300 ns, Total: 158200 ns
[2020-09-28T10:25:27.158+0000][30964][safepoint    ] Safepoint "Cleanup", Time since last: 1000584600 ns, Reaching safepoint: 101900 ns, At safepoint: 3600 ns, Total: 105500 ns
[2020-09-28T10:25:28.158+0000][30964][safepoint    ] Safepoint "Cleanup", Time since last: 1000060100 ns, Reaching safepoint: 127200 ns, At safepoint: 10200 ns, Total: 137400 ns
[2020-09-28T10:25:29.159+0000][30964][safepoint    ] Safepoint "Cleanup", Time since last: 1000136300 ns, Reaching safepoint: 141900 ns, At safepoint: 5800 ns, Total: 147700 ns
[2020-09-28T10:25:30.160+0000][30964][safepoint    ] Safepoint "Cleanup", Time since last: 1000826300 ns, Reaching safepoint: 116500 ns, At safepoint: 5500 ns, Total: 122000 ns
[2020-09-28T10:25:31.160+0000][30964][safepoint    ] Safepoint "Cleanup", Time since last: 1000195300 ns, Reaching safepoint: 127300 ns, At safepoint: 8300 ns, Total: 135600 ns
[2020-09-28T10:25:32.160+0000][30964][safepoint    ] Safepoint "Cleanup", Time since last: 1000437600 ns, Reaching safepoint: 153100 ns, At safepoint: 3400 ns, Total: 156500 ns
[2020-09-28T10:25:33.161+0000][30964][safepoint    ] Safepoint "Cleanup", Time since last: 1000733500 ns, Reaching safepoint: 139500 ns, At safepoint: 6200 ns, Total: 145700 ns
[2020-09-28T10:25:34.162+0000][30964][safepoint    ] Safepoint "Cleanup", Time since last: 1000491600 ns, Reaching safepoint: 104200 ns, At safepoint: 6300 ns, Total: 110500 ns
[2020-09-28T10:25:35.163+0000][30964][safepoint    ] Safepoint "Cleanup", Time since last: 1000453100 ns, Reaching safepoint: 102000 ns, At safepoint: 5200 ns, Total: 107200 ns
[2020-09-28T10:25:36.163+0000][30964][safepoint    ] Safepoint "Cleanup", Time since last: 1000665900 ns, Reaching safepoint: 111400 ns, At safepoint: 4700 ns, Total: 116100 ns
[2020-09-28T10:25:37.164+0000][30964][safepoint    ] Safepoint "Cleanup", Time since last: 1000112400 ns, Reaching safepoint: 239600 ns, At safepoint: 5100 ns, Total: 244700 ns
[2020-09-28T10:25:38.164+0000][30964][safepoint    ] Safepoint "Cleanup", Time since last: 1000318900 ns, Reaching safepoint: 137000 ns, At safepoint: 5700 ns, Total: 142700 ns
[2020-09-28T10:25:40.165+0000][30964][safepoint    ] Safepoint "Cleanup", Time since last: 2000630900 ns, Reaching safepoint: 146300 ns, At safepoint: 12200 ns, Total: 158500 ns
[2020-09-28T10:25:41.165+0000][30964][safepoint    ] Safepoint "Cleanup", Time since last: 1000092700 ns, Reaching safepoint: 110500 ns, At safepoint: 17100 ns, Total: 127600 ns
[2020-09-28T10:25:42.166+0000][30964][safepoint    ] Safepoint "Cleanup", Time since last: 1000585900 ns, Reaching safepoint: 113700 ns, At safepoint: 5800 ns, Total: 119500 ns
[2020-09-28T10:25:43.166+0000][30964][safepoint    ] Safepoint "Cleanup", Time since last: 1000417300 ns, Reaching safepoint: 160400 ns, At safepoint: 7300 ns, Total: 167700 ns
[2020-09-28T10:25:44.167+0000][30964][safepoint    ] Safepoint "Cleanup", Time since last: 1000157700 ns, Reaching safepoint: 136200 ns, At safepoint: 5500 ns, Total: 141700 ns
[2020-09-28T10:25:45.167+0000][30964][safepoint    ] Safepoint "Cleanup", Time since last: 1000410100 ns, Reaching safepoint: 147500 ns, At safepoint: 21300 ns, Total: 168800 ns
[2020-09-28T10:25:47.168+0000][30964][safepoint    ] Safepoint "Cleanup", Time since last: 2000556900 ns, Reaching safepoint: 126100 ns, At safepoint: 5500 ns, Total: 131600 ns
[2020-09-28T10:25:48.168+0000][30964][safepoint    ] Safepoint "Cleanup", Time since last: 1000084500 ns, Reaching safepoint: 134900 ns, At safepoint: 5800 ns, Total: 140700 ns
[2020-09-28T10:25:49.169+0000][30964][safepoint    ] Safepoint "Cleanup", Time since last: 1000791100 ns, Reaching safepoint: 131700 ns, At safepoint: 7000 ns, Total: 138700 ns
[2020-09-28T10:25:50.170+0000][30964][safepoint    ] Safepoint "Cleanup", Time since last: 1000748700 ns, Reaching safepoint: 127800 ns, At safepoint: 6300 ns, Total: 134100 ns
[2020-09-28T10:25:51.171+0000][30964][safepoint    ] Safepoint "Cleanup", Time since last: 1000333400 ns, Reaching safepoint: 120500 ns, At safepoint: 3000 ns, Total: 123500 ns
[2020-09-28T10:25:52.171+0000][30964][safepoint    ] Safepoint "Cleanup", Time since last: 1000392500 ns, Reaching safepoint: 116000 ns, At safepoint: 6600 ns, Total: 122600 ns
[2020-09-28T10:25:53.172+0000][30964][safepoint    ] Safepoint "Cleanup", Time since last: 1000361700 ns, Reaching safepoint: 131600 ns, At safepoint: 9100 ns, Total: 140700 ns
[2020-09-28T10:25:54.172+0000][30964][safepoint    ] Safepoint "Cleanup", Time since last: 1000488500 ns, Reaching safepoint: 97400 ns, At safepoint: 3300 ns, Total: 100700 ns
[2020-09-28T10:25:55.173+0000][30964][safepoint    ] Safepoint "Cleanup", Time since last: 1000249100 ns, Reaching safepoint: 164400 ns, At safepoint: 6100 ns, Total: 170500 ns
[2020-09-28T10:25:56.173+0000][30964][safepoint    ] Safepoint "Cleanup", Time since last: 1000113700 ns, Reaching safepoint: 133100 ns, At safepoint: 15500 ns, Total: 148600 ns
[2020-09-28T10:25:58.173+0000][30964][safepoint    ] Safepoint "Cleanup", Time since last: 2000432400 ns, Reaching safepoint: 143700 ns, At safepoint: 8400 ns, Total: 152100 ns
[2020-09-28T10:26:00.174+0000][30964][safepoint    ] Safepoint "Cleanup", Time since last: 2000347200 ns, Reaching safepoint: 149100 ns, At safepoint: 5100 ns, Total: 154200 ns
[2020-09-28T10:26:01.175+0000][30964][safepoint    ] Safepoint "Cleanup", Time since last: 1000755100 ns, Reaching safepoint: 151800 ns, At safepoint: 8100 ns, Total: 159900 ns
[2020-09-28T10:26:02.175+0000][30964][safepoint    ] Safepoint "Cleanup", Time since last: 1000391800 ns, Reaching safepoint: 129500 ns, At safepoint: 6400 ns, Total: 135900 ns
[2020-09-28T10:26:03.176+0000][30964][safepoint    ] Safepoint "Cleanup", Time since last: 1000348700 ns, Reaching safepoint: 138300 ns, At safepoint: 6000 ns, Total: 144300 ns
[2020-09-28T10:26:04.176+0000][30964][safepoint    ] Safepoint "Cleanup", Time since last: 1000172800 ns, Reaching safepoint: 105400 ns, At safepoint: 3700 ns, Total: 109100 ns
[2020-09-28T10:26:05.176+0000][30964][safepoint    ] Safepoint "Cleanup", Time since last: 1000048500 ns, Reaching safepoint: 140300 ns, At safepoint: 21000 ns, Total: 161300 ns
[2020-09-28T10:26:06.177+0000][30964][safepoint    ] Safepoint "Cleanup", Time since last: 1000468400 ns, Reaching safepoint: 136500 ns, At safepoint: 3500 ns, Total: 140000 ns
[2020-09-28T10:26:08.177+0000][30964][safepoint    ] Safepoint "Cleanup", Time since last: 1999915400 ns, Reaching safepoint: 126200 ns, At safepoint: 6500 ns, Total: 132700 ns
[2020-09-28T10:26:09.178+0000][30964][safepoint    ] Safepoint "Cleanup", Time since last: 1000808900 ns, Reaching safepoint: 162200 ns, At safepoint: 5300 ns, Total: 167500 ns
[2020-09-28T10:26:10.179+0000][30964][safepoint    ] Safepoint "Cleanup", Time since last: 1000697100 ns, Reaching safepoint: 149600 ns, At safepoint: 5300 ns, Total: 154900 ns
[2020-09-28T10:26:11.179+0000][30964][safepoint    ] Safepoint "Cleanup", Time since last: 1000445000 ns, Reaching safepoint: 160200 ns, At safepoint: 43900 ns, Total: 204100 ns
[2020-09-28T10:26:12.573+0000][30964][safepoint    ] Safepoint "Cleanup", Time since last: 1393290300 ns, Reaching safepoint: 158700 ns, At safepoint: 6700 ns, Total: 165400 ns
[2020-09-28T10:26:13.573+0000][30964][safepoint    ] Safepoint "Cleanup", Time since last: 1000269100 ns, Reaching safepoint: 134500 ns, At safepoint: 6000 ns, Total: 140500 ns
[2020-09-28T10:26:14.574+0000][30964][safepoint    ] Safepoint "Cleanup", Time since last: 1000196500 ns, Reaching safepoint: 117700 ns, At safepoint: 6000 ns, Total: 123700 ns
[2020-09-28T10:26:15.574+0000][30964][safepoint    ] Safepoint "Cleanup", Time since last: 1000714700 ns, Reaching safepoint: 114800 ns, At safepoint: 3300 ns, Total: 118100 ns
[2020-09-28T10:26:16.575+0000][30964][safepoint    ] Safepoint "Cleanup", Time since last: 1000643100 ns, Reaching safepoint: 111200 ns, At safepoint: 5900 ns, Total: 117100 ns
[2020-09-28T10:26:17.576+0000][30964][safepoint    ] Safepoint "Cleanup", Time since last: 1000638200 ns, Reaching safepoint: 125400 ns, At safepoint: 6200 ns, Total: 131600 ns
[2020-09-28T10:26:18.577+0000][30964][safepoint    ] Safepoint "Cleanup", Time since last: 1000637000 ns, Reaching safepoint: 105800 ns, At safepoint: 6300 ns, Total: 112100 ns
[2020-09-28T10:26:19.577+0000][30964][safepoint    ] Safepoint "Cleanup", Time since last: 1000535100 ns, Reaching safepoint: 106700 ns, At safepoint: 6200 ns, Total: 112900 ns
[2020-09-28T10:26:20.578+0000][30964][safepoint    ] Safepoint "Cleanup", Time since last: 1000331300 ns, Reaching safepoint: 97700 ns, At safepoint: 5300 ns, Total: 103000 ns
[2020-09-28T10:26:21.578+0000][30964][safepoint    ] Safepoint "Cleanup", Time since last: 1000342600 ns, Reaching safepoint: 152100 ns, At safepoint: 5300 ns, Total: 157400 ns
[2020-09-28T10:26:22.579+0000][30964][safepoint    ] Safepoint "Cleanup", Time since last: 1000503900 ns, Reaching safepoint: 146400 ns, At safepoint: 7000 ns, Total: 153400 ns
[2020-09-28T10:26:23.580+0000][30964][safepoint    ] Safepoint "Cleanup", Time since last: 1000489300 ns, Reaching safepoint: 180900 ns, At safepoint: 7000 ns, Total: 187900 ns
[2020-09-28T10:26:24.580+0000][30964][safepoint    ] Safepoint "Cleanup", Time since last: 1000714200 ns, Reaching safepoint: 112500 ns, At safepoint: 5400 ns, Total: 117900 ns
[2020-09-28T10:26:25.581+0000][30964][safepoint    ] Safepoint "Cleanup", Time since last: 1000741600 ns, Reaching safepoint: 154000 ns, At safepoint: 7100 ns, Total: 161100 ns
[2020-09-28T10:26:27.582+0000][30964][safepoint    ] Safepoint "Cleanup", Time since last: 2000127900 ns, Reaching safepoint: 106500 ns, At safepoint: 6200 ns, Total: 112700 ns
[2020-09-28T10:26:28.583+0000][30964][safepoint    ] Safepoint "Cleanup", Time since last: 1000866400 ns, Reaching safepoint: 129800 ns, At safepoint: 6200 ns, Total: 136000 ns
[2020-09-28T10:26:29.583+0000][30964][safepoint    ] Safepoint "Cleanup", Time since last: 1000227600 ns, Reaching safepoint: 132200 ns, At safepoint: 8500 ns, Total: 140700 ns
[2020-09-28T10:26:30.584+0000][30964][safepoint    ] Safepoint "Cleanup", Time since last: 1000490300 ns, Reaching safepoint: 143900 ns, At safepoint: 7600 ns, Total: 151500 ns
[2020-09-28T10:26:31.584+0000][30964][safepoint    ] Safepoint "Cleanup", Time since last: 1000583000 ns, Reaching safepoint: 112700 ns, At safepoint: 7300 ns, Total: 120000 ns
[2020-09-28T10:26:32.585+0000][30964][safepoint    ] Safepoint "Cleanup", Time since last: 1000267400 ns, Reaching safepoint: 107400 ns, At safepoint: 8700 ns, Total: 116100 ns
[2020-09-28T10:26:33.585+0000][30964][safepoint    ] Safepoint "Cleanup", Time since last: 1000431900 ns, Reaching safepoint: 173900 ns, At safepoint: 10500 ns, Total: 184400 ns
[2020-09-28T10:26:34.586+0000][30964][safepoint    ] Safepoint "Cleanup", Time since last: 1000128600 ns, Reaching safepoint: 175300 ns, At safepoint: 6000 ns, Total: 181300 ns
[2020-09-28T10:26:36.586+0000][30964][safepoint    ] Safepoint "Cleanup", Time since last: 2000263800 ns, Reaching safepoint: 148200 ns, At safepoint: 8800 ns, Total: 157000 ns
[2020-09-28T10:26:37.587+0000][30964][safepoint    ] Safepoint "Cleanup", Time since last: 1000449900 ns, Reaching safepoint: 118500 ns, At safepoint: 9700 ns, Total: 128200 ns
[2020-09-28T10:26:38.588+0000][30964][safepoint    ] Safepoint "Cleanup", Time since last: 1000834600 ns, Reaching safepoint: 154800 ns, At safepoint: 12300 ns, Total: 167100 ns
[2020-09-28T10:26:39.588+0000][30964][safepoint    ] Safepoint "Cleanup", Time since last: 1000515600 ns, Reaching safepoint: 126000 ns, At safepoint: 7600 ns, Total: 133600 ns
[2020-09-28T10:26:40.589+0000][30964][safepoint    ] Safepoint "Cleanup", Time since last: 1000621800 ns, Reaching safepoint: 122900 ns, At safepoint: 5900 ns, Total: 128800 ns
[2020-09-28T10:26:41.590+0000][30964][safepoint    ] Safepoint "Cleanup", Time since last: 1000461400 ns, Reaching safepoint: 151000 ns, At safepoint: 13600 ns, Total: 164600 ns
[2020-09-28T10:26:43.590+0000][30964][safepoint    ] Safepoint "Cleanup", Time since last: 2000465200 ns, Reaching safepoint: 113800 ns, At safepoint: 3000 ns, Total: 116800 ns
[2020-09-28T10:26:44.591+0000][30964][safepoint    ] Safepoint "Cleanup", Time since last: 1000747100 ns, Reaching safepoint: 123100 ns, At safepoint: 5600 ns, Total: 128700 ns
[2020-09-28T10:26:45.592+0000][30964][safepoint    ] Safepoint "Cleanup", Time since last: 1000609300 ns, Reaching safepoint: 130900 ns, At safepoint: 6200 ns, Total: 137100 ns
[2020-09-28T10:26:46.592+0000][30964][safepoint    ] Safepoint "Cleanup", Time since last: 1000493100 ns, Reaching safepoint: 221200 ns, At safepoint: 7200 ns, Total: 228400 ns
[2020-09-28T10:26:48.593+0000][30964][safepoint    ] Safepoint "Cleanup", Time since last: 2000478900 ns, Reaching safepoint: 145100 ns, At safepoint: 5500 ns, Total: 150600 ns
[2020-09-28T10:26:50.594+0000][30964][safepoint    ] Safepoint "Cleanup", Time since last: 2000424400 ns, Reaching safepoint: 158900 ns, At safepoint: 5200 ns, Total: 164100 ns
[2020-09-28T10:26:51.595+0000][30964][safepoint    ] Safepoint "Cleanup", Time since last: 1000610400 ns, Reaching safepoint: 149200 ns, At safepoint: 5700 ns, Total: 154900 ns
[2020-09-28T10:26:52.595+0000][30964][safepoint    ] Safepoint "Cleanup", Time since last: 1000422200 ns, Reaching safepoint: 150000 ns, At safepoint: 5900 ns, Total: 155900 ns
[2020-09-28T10:26:53.596+0000][30964][safepoint    ] Safepoint "Cleanup", Time since last: 1000766600 ns, Reaching safepoint: 169900 ns, At safepoint: 20900 ns, Total: 190800 ns
[2020-09-28T10:26:54.597+0000][30964][safepoint    ] Safepoint "Cleanup", Time since last: 1000523300 ns, Reaching safepoint: 112800 ns, At safepoint: 5600 ns, Total: 118400 ns
[2020-09-28T10:26:55.631+0000][30964][safepoint    ] Safepoint "Cleanup", Time since last: 1033652500 ns, Reaching safepoint: 148400 ns, At safepoint: 6100 ns, Total: 154500 ns
[2020-09-28T10:26:57.631+0000][30964][safepoint    ] Safepoint "Cleanup", Time since last: 1999917100 ns, Reaching safepoint: 130200 ns, At safepoint: 7000 ns, Total: 137200 ns
[2020-09-28T10:26:58.631+0000][30964][safepoint    ] Safepoint "Cleanup", Time since last: 1000686300 ns, Reaching safepoint: 141400 ns, At safepoint: 4300 ns, Total: 145700 ns
[2020-09-28T10:26:59.632+0000][30964][safepoint    ] Safepoint "Cleanup", Time since last: 1000132700 ns, Reaching safepoint: 171600 ns, At safepoint: 6900 ns, Total: 178500 ns
[2020-09-28T10:27:00.633+0000][30964][safepoint    ] Safepoint "Cleanup", Time since last: 1000799300 ns, Reaching safepoint: 144500 ns, At safepoint: 6700 ns, Total: 151200 ns
[2020-09-28T10:27:01.633+0000][30964][safepoint    ] Safepoint "Cleanup", Time since last: 1000070700 ns, Reaching safepoint: 143000 ns, At safepoint: 6100 ns, Total: 149100 ns
[2020-09-28T10:27:02.634+0000][30964][safepoint    ] Safepoint "Cleanup", Time since last: 1000847200 ns, Reaching safepoint: 197600 ns, At safepoint: 8400 ns, Total: 206000 ns
[2020-09-28T10:27:03.635+0000][30964][safepoint    ] Safepoint "Cleanup", Time since last: 1000671100 ns, Reaching safepoint: 170600 ns, At safepoint: 4400 ns, Total: 175000 ns
[2020-09-28T10:27:05.636+0000][30964][safepoint    ] Safepoint "Cleanup", Time since last: 2000971400 ns, Reaching safepoint: 504400 ns, At safepoint: 22400 ns, Total: 526800 ns
[2020-09-28T10:27:07.636+0000][30964][safepoint    ] Safepoint "Cleanup", Time since last: 1999600100 ns, Reaching safepoint: 151500 ns, At safepoint: 6600 ns, Total: 158100 ns
[2020-09-28T10:27:09.636+0000][30964][safepoint    ] Safepoint "Cleanup", Time since last: 2000087900 ns, Reaching safepoint: 124100 ns, At safepoint: 7000 ns, Total: 131100 ns
[2020-09-28T10:27:10.637+0000][30964][safepoint    ] Safepoint "Cleanup", Time since last: 1000448100 ns, Reaching safepoint: 147400 ns, At safepoint: 6400 ns, Total: 153800 ns
[2020-09-28T10:27:12.637+0000][30964][safepoint    ] Safepoint "Cleanup", Time since last: 2000039000 ns, Reaching safepoint: 124700 ns, At safepoint: 5700 ns, Total: 130400 ns
[2020-09-28T10:27:13.638+0000][30964][safepoint    ] Safepoint "Cleanup", Time since last: 1000397000 ns, Reaching safepoint: 126700 ns, At safepoint: 5700 ns, Total: 132400 ns
[2020-09-28T10:27:14.638+0000][30964][safepoint    ] Safepoint "Cleanup", Time since last: 1000275400 ns, Reaching safepoint: 140300 ns, At safepoint: 6100 ns, Total: 146400 ns
[2020-09-28T10:27:15.638+0000][30964][safepoint    ] Safepoint "Cleanup", Time since last: 1000328900 ns, Reaching safepoint: 105500 ns, At safepoint: 7200 ns, Total: 112700 ns
[2020-09-28T10:27:16.639+0000][30964][safepoint    ] Safepoint "Cleanup", Time since last: 1000576000 ns, Reaching safepoint: 126300 ns, At safepoint: 6600 ns, Total: 132900 ns
[2020-09-28T10:27:17.640+0000][30964][safepoint    ] Safepoint "Cleanup", Time since last: 1000664900 ns, Reaching safepoint: 92500 ns, At safepoint: 2700 ns, Total: 95200 ns
[2020-09-28T10:27:18.640+0000][30964][safepoint    ] Safepoint "Cleanup", Time since last: 1000286300 ns, Reaching safepoint: 148200 ns, At safepoint: 6500 ns, Total: 154700 ns
[2020-09-28T10:27:19.641+0000][30964][safepoint    ] Safepoint "Cleanup", Time since last: 1000649800 ns, Reaching safepoint: 113000 ns, At safepoint: 6700 ns, Total: 119700 ns
[2020-09-28T10:27:20.642+0000][30964][safepoint    ] Safepoint "Cleanup", Time since last: 1000330900 ns, Reaching safepoint: 87100 ns, At safepoint: 4000 ns, Total: 91100 ns
[2020-09-28T10:27:21.643+0000][30964][safepoint    ] Safepoint "Cleanup", Time since last: 1000822300 ns, Reaching safepoint: 122500 ns, At safepoint: 5700 ns, Total: 128200 ns
[2020-09-28T10:27:22.643+0000][30964][safepoint    ] Safepoint "Cleanup", Time since last: 1000136300 ns, Reaching safepoint: 107700 ns, At safepoint: 5900 ns, Total: 113600 ns
[2020-09-28T10:27:23.644+0000][30964][safepoint    ] Safepoint "Cleanup", Time since last: 1000661200 ns, Reaching safepoint: 139700 ns, At safepoint: 5800 ns, Total: 145500 ns
[2020-09-28T10:27:24.644+0000][30964][safepoint    ] Safepoint "Cleanup", Time since last: 1000267400 ns, Reaching safepoint: 110400 ns, At safepoint: 5500 ns, Total: 115900 ns
[2020-09-28T10:27:25.645+0000][30964][safepoint    ] Safepoint "Cleanup", Time since last: 1000576500 ns, Reaching safepoint: 128700 ns, At safepoint: 18600 ns, Total: 147300 ns
[2020-09-28T10:27:26.645+0000][30964][safepoint    ] Safepoint "Cleanup", Time since last: 1000506300 ns, Reaching safepoint: 179600 ns, At safepoint: 7900 ns, Total: 187500 ns
[2020-09-28T10:27:27.646+0000][30964][safepoint    ] Safepoint "Cleanup", Time since last: 1000285100 ns, Reaching safepoint: 210300 ns, At safepoint: 19000 ns, Total: 229300 ns
[2020-09-28T10:27:29.647+0000][30964][safepoint    ] Safepoint "Cleanup", Time since last: 2000591200 ns, Reaching safepoint: 116400 ns, At safepoint: 7100 ns, Total: 123500 ns
[2020-09-28T10:27:30.647+0000][30964][safepoint    ] Safepoint "Cleanup", Time since last: 1000365900 ns, Reaching safepoint: 127200 ns, At safepoint: 6000 ns, Total: 133200 ns
[2020-09-28T10:27:32.648+0000][30964][safepoint    ] Safepoint "Cleanup", Time since last: 2000687600 ns, Reaching safepoint: 128700 ns, At safepoint: 8600 ns, Total: 137300 ns
[2020-09-28T10:27:33.648+0000][30964][safepoint    ] Safepoint "Cleanup", Time since last: 1000018500 ns, Reaching safepoint: 102600 ns, At safepoint: 7700 ns, Total: 110300 ns
[2020-09-28T10:27:34.649+0000][30964][safepoint    ] Safepoint "Cleanup", Time since last: 1000708700 ns, Reaching safepoint: 174400 ns, At safepoint: 5900 ns, Total: 180300 ns
[2020-09-28T10:27:35.649+0000][30964][safepoint    ] Safepoint "Cleanup", Time since last: 1000134400 ns, Reaching safepoint: 136400 ns, At safepoint: 7800 ns, Total: 144200 ns
[2020-09-28T10:27:36.650+0000][30964][safepoint    ] Safepoint "Cleanup", Time since last: 1000721900 ns, Reaching safepoint: 165000 ns, At safepoint: 11500 ns, Total: 176500 ns
[2020-09-28T10:27:37.650+0000][30964][safepoint    ] Safepoint "Cleanup", Time since last: 1000188600 ns, Reaching safepoint: 172000 ns, At safepoint: 10300 ns, Total: 182300 ns
[2020-09-28T10:27:38.651+0000][30964][safepoint    ] Safepoint "Cleanup", Time since last: 1000194700 ns, Reaching safepoint: 165600 ns, At safepoint: 9400 ns, Total: 175000 ns
[2020-09-28T10:27:40.651+0000][30964][safepoint    ] Safepoint "Cleanup", Time since last: 1999898300 ns, Reaching safepoint: 141900 ns, At safepoint: 7100 ns, Total: 149000 ns
[2020-09-28T10:27:42.598+0000][30964][safepoint    ] Safepoint "Cleanup", Time since last: 1947261300 ns, Reaching safepoint: 114300 ns, At safepoint: 60300 ns, Total: 174600 ns
[2020-09-28T10:27:43.599+0000][30964][safepoint    ] Safepoint "Cleanup", Time since last: 1000259800 ns, Reaching safepoint: 203600 ns, At safepoint: 22700 ns, Total: 226300 ns
[2020-09-28T10:27:45.600+0000][30964][safepoint    ] Safepoint "Cleanup", Time since last: 2000719200 ns, Reaching safepoint: 156700 ns, At safepoint: 10200 ns, Total: 166900 ns
[2020-09-28T10:27:46.600+0000][30964][safepoint    ] Safepoint "Cleanup", Time since last: 1000288800 ns, Reaching safepoint: 181000 ns, At safepoint: 9700 ns, Total: 190700 ns
[2020-09-28T10:27:47.601+0000][30964][safepoint    ] Safepoint "Cleanup", Time since last: 1000478000 ns, Reaching safepoint: 198500 ns, At safepoint: 44400 ns, Total: 242900 ns
[2020-09-28T10:27:48.601+0000][30964][safepoint    ] Safepoint "Cleanup", Time since last: 1000390300 ns, Reaching safepoint: 121600 ns, At safepoint: 64000 ns, Total: 185600 ns
[2020-09-28T10:27:49.602+0000][30964][safepoint    ] Safepoint "Cleanup", Time since last: 1000099600 ns, Reaching safepoint: 129200 ns, At safepoint: 5400 ns, Total: 134600 ns
[2020-09-28T10:27:50.602+0000][30964][safepoint    ] Safepoint "Cleanup", Time since last: 1000237300 ns, Reaching safepoint: 112900 ns, At safepoint: 29400 ns, Total: 142300 ns
[2020-09-28T10:27:51.603+0000][30964][safepoint    ] Safepoint "Cleanup", Time since last: 1000318400 ns, Reaching safepoint: 125400 ns, At safepoint: 77500 ns, Total: 202900 ns
[2020-09-28T10:27:52.603+0000][30964][safepoint    ] Safepoint "Cleanup", Time since last: 1000132500 ns, Reaching safepoint: 128300 ns, At safepoint: 6400 ns, Total: 134700 ns
[2020-09-28T10:27:54.603+0000][30964][safepoint    ] Safepoint "Cleanup", Time since last: 2000187600 ns, Reaching safepoint: 89200 ns, At safepoint: 27700 ns, Total: 116900 ns
[2020-09-28T10:27:55.604+0000][30964][safepoint    ] Safepoint "Cleanup", Time since last: 1000343700 ns, Reaching safepoint: 123900 ns, At safepoint: 9100 ns, Total: 133000 ns
[2020-09-28T10:27:56.604+0000][30964][safepoint    ] Safepoint "Cleanup", Time since last: 1000587900 ns, Reaching safepoint: 150300 ns, At safepoint: 9500 ns, Total: 159800 ns
[2020-09-28T10:27:57.605+0000][30964][safepoint    ] Safepoint "Cleanup", Time since last: 1000622000 ns, Reaching safepoint: 168300 ns, At safepoint: 33500 ns, Total: 201800 ns
[2020-09-28T10:27:58.606+0000][30964][safepoint    ] Safepoint "Cleanup", Time since last: 1000273500 ns, Reaching safepoint: 177500 ns, At safepoint: 37000 ns, Total: 214500 ns
[2020-09-28T10:27:59.607+0000][30964][safepoint    ] Safepoint "Cleanup", Time since last: 1000768100 ns, Reaching safepoint: 150500 ns, At safepoint: 29400 ns, Total: 179900 ns
[2020-09-28T10:28:00.607+0000][30964][safepoint    ] Safepoint "Cleanup", Time since last: 1000507600 ns, Reaching safepoint: 182400 ns, At safepoint: 83400 ns, Total: 265800 ns
[2020-09-28T10:28:02.608+0000][30964][safepoint    ] Safepoint "Cleanup", Time since last: 2000209900 ns, Reaching safepoint: 124400 ns, At safepoint: 68200 ns, Total: 192600 ns
[2020-09-28T10:28:03.608+0000][30964][safepoint    ] Safepoint "Cleanup", Time since last: 1000144000 ns, Reaching safepoint: 264400 ns, At safepoint: 13400 ns, Total: 277800 ns
[2020-09-28T10:28:04.609+0000][30964][safepoint    ] Safepoint "Cleanup", Time since last: 1000121100 ns, Reaching safepoint: 130500 ns, At safepoint: 8800 ns, Total: 139300 ns
[2020-09-28T10:28:06.609+0000][30964][safepoint    ] Safepoint "Cleanup", Time since last: 2000173600 ns, Reaching safepoint: 155500 ns, At safepoint: 27500 ns, Total: 183000 ns
[2020-09-28T10:28:07.609+0000][30964][safepoint    ] Safepoint "Cleanup", Time since last: 1000290900 ns, Reaching safepoint: 121600 ns, At safepoint: 26500 ns, Total: 148100 ns
[2020-09-28T10:28:09.610+0000][30964][safepoint    ] Safepoint "Cleanup", Time since last: 2000781200 ns, Reaching safepoint: 135600 ns, At safepoint: 22000 ns, Total: 157600 ns
[2020-09-28T10:28:10.611+0000][30964][safepoint    ] Safepoint "Cleanup", Time since last: 1000509100 ns, Reaching safepoint: 108200 ns, At safepoint: 7400 ns, Total: 115600 ns
[2020-09-28T10:28:12.586+0000][30964][safepoint    ] Safepoint "Cleanup", Time since last: 1974529300 ns, Reaching safepoint: 103800 ns, At safepoint: 5700 ns, Total: 109500 ns
[2020-09-28T10:28:13.586+0000][30964][safepoint    ] Safepoint "Cleanup", Time since last: 1000251400 ns, Reaching safepoint: 120900 ns, At safepoint: 3700 ns, Total: 124600 ns
[2020-09-28T10:28:14.587+0000][30964][safepoint    ] Safepoint "Cleanup", Time since last: 1000760000 ns, Reaching safepoint: 100800 ns, At safepoint: 5500 ns, Total: 106300 ns
[2020-09-28T10:28:15.587+0000][30964][safepoint    ] Safepoint "Cleanup", Time since last: 1000267600 ns, Reaching safepoint: 145100 ns, At safepoint: 20700 ns, Total: 165800 ns
[2020-09-28T10:28:16.588+0000][30964][safepoint    ] Safepoint "Cleanup", Time since last: 1000285700 ns, Reaching safepoint: 151700 ns, At safepoint: 5400 ns, Total: 157100 ns
[2020-09-28T10:28:17.588+0000][30964][safepoint    ] Safepoint "Cleanup", Time since last: 1000630900 ns, Reaching safepoint: 217300 ns, At safepoint: 10100 ns, Total: 227400 ns
[2020-09-28T10:28:18.589+0000][30964][safepoint    ] Safepoint "Cleanup", Time since last: 1000393800 ns, Reaching safepoint: 158100 ns, At safepoint: 5400 ns, Total: 163500 ns
[2020-09-28T10:28:19.590+0000][30964][safepoint    ] Safepoint "Cleanup", Time since last: 1000397100 ns, Reaching safepoint: 104000 ns, At safepoint: 6300 ns, Total: 110300 ns
[2020-09-28T10:28:20.591+0000][30964][safepoint    ] Safepoint "Cleanup", Time since last: 1000860600 ns, Reaching safepoint: 127900 ns, At safepoint: 5800 ns, Total: 133700 ns
[2020-09-28T10:28:21.591+0000][30964][safepoint    ] Safepoint "Cleanup", Time since last: 1000128600 ns, Reaching safepoint: 105300 ns, At safepoint: 10900 ns, Total: 116200 ns
[2020-09-28T10:28:22.592+0000][30964][safepoint    ] Safepoint "Cleanup", Time since last: 1000795800 ns, Reaching safepoint: 161400 ns, At safepoint: 5100 ns, Total: 166500 ns
[2020-09-28T10:28:23.592+0000][30964][safepoint    ] Safepoint "Cleanup", Time since last: 1000328600 ns, Reaching safepoint: 137800 ns, At safepoint: 6100 ns, Total: 143900 ns
[2020-09-28T10:28:24.593+0000][30964][safepoint    ] Safepoint "Cleanup", Time since last: 1000248700 ns, Reaching safepoint: 153600 ns, At safepoint: 3200 ns, Total: 156800 ns
[2020-09-28T10:28:25.593+0000][30964][safepoint    ] Safepoint "Cleanup", Time since last: 1000219200 ns, Reaching safepoint: 128500 ns, At safepoint: 3400 ns, Total: 131900 ns
[2020-09-28T10:28:26.594+0000][30964][safepoint    ] Safepoint "Cleanup", Time since last: 1000618300 ns, Reaching safepoint: 111000 ns, At safepoint: 17200 ns, Total: 128200 ns
[2020-09-28T10:28:27.594+0000][30964][safepoint    ] Safepoint "Cleanup", Time since last: 1000247000 ns, Reaching safepoint: 120700 ns, At safepoint: 5500 ns, Total: 126200 ns
[2020-09-28T10:28:29.595+0000][30964][safepoint    ] Safepoint "Cleanup", Time since last: 2000856300 ns, Reaching safepoint: 109700 ns, At safepoint: 8100 ns, Total: 117800 ns
[2020-09-28T10:28:30.596+0000][30964][safepoint    ] Safepoint "Cleanup", Time since last: 1000377300 ns, Reaching safepoint: 141000 ns, At safepoint: 21300 ns, Total: 162300 ns
[2020-09-28T10:28:31.596+0000][30964][safepoint    ] Safepoint "Cleanup", Time since last: 1000425200 ns, Reaching safepoint: 152700 ns, At safepoint: 5100 ns, Total: 157800 ns
[2020-09-28T10:28:32.597+0000][30964][safepoint    ] Safepoint "Cleanup", Time since last: 1000591400 ns, Reaching safepoint: 150300 ns, At safepoint: 5900 ns, Total: 156200 ns
[2020-09-28T10:28:33.597+0000][30964][safepoint    ] Safepoint "Cleanup", Time since last: 1000160900 ns, Reaching safepoint: 105500 ns, At safepoint: 7200 ns, Total: 112700 ns
[2020-09-28T10:28:34.598+0000][30964][safepoint    ] Safepoint "Cleanup", Time since last: 1000199600 ns, Reaching safepoint: 117700 ns, At safepoint: 7100 ns, Total: 124800 ns
[2020-09-28T10:28:36.598+0000][30964][safepoint    ] Safepoint "Cleanup", Time since last: 2000579600 ns, Reaching safepoint: 150000 ns, At safepoint: 8100 ns, Total: 158100 ns
[2020-09-28T10:28:37.599+0000][30964][safepoint    ] Safepoint "Cleanup", Time since last: 1000432900 ns, Reaching safepoint: 117700 ns, At safepoint: 4300 ns, Total: 122000 ns
[2020-09-28T10:28:39.599+0000][30964][safepoint    ] Safepoint "Cleanup", Time since last: 2000157500 ns, Reaching safepoint: 176800 ns, At safepoint: 13200 ns, Total: 190000 ns
[2020-09-28T10:28:41.599+0000][30964][safepoint    ] Safepoint "Cleanup", Time since last: 2000028400 ns, Reaching safepoint: 105200 ns, At safepoint: 4600 ns, Total: 109800 ns
[2020-09-28T10:28:42.604+0000][30964][safepoint    ] Safepoint "Cleanup", Time since last: 1004054300 ns, Reaching safepoint: 124600 ns, At safepoint: 13900 ns, Total: 138500 ns
[2020-09-28T10:28:43.604+0000][30964][safepoint    ] Safepoint "Cleanup", Time since last: 1000376900 ns, Reaching safepoint: 119900 ns, At safepoint: 7300 ns, Total: 127200 ns
[2020-09-28T10:28:44.604+0000][30964][safepoint    ] Safepoint "Cleanup", Time since last: 1000072700 ns, Reaching safepoint: 134400 ns, At safepoint: 5400 ns, Total: 139800 ns
[2020-09-28T10:28:45.605+0000][30964][safepoint    ] Safepoint "Cleanup", Time since last: 1000500000 ns, Reaching safepoint: 145900 ns, At safepoint: 6100 ns, Total: 152000 ns
[2020-09-28T10:28:46.606+0000][30964][safepoint    ] Safepoint "Cleanup", Time since last: 1000483700 ns, Reaching safepoint: 145200 ns, At safepoint: 6700 ns, Total: 151900 ns
[2020-09-28T10:28:47.607+0000][30964][safepoint    ] Safepoint "Cleanup", Time since last: 1000907900 ns, Reaching safepoint: 150200 ns, At safepoint: 9600 ns, Total: 159800 ns
[2020-09-28T10:28:48.607+0000][30964][safepoint    ] Safepoint "Cleanup", Time since last: 1000323200 ns, Reaching safepoint: 143100 ns, At safepoint: 7500 ns, Total: 150600 ns
[2020-09-28T10:28:50.608+0000][30964][safepoint    ] Safepoint "Cleanup", Time since last: 2000339200 ns, Reaching safepoint: 114400 ns, At safepoint: 7400 ns, Total: 121800 ns
[2020-09-28T10:28:51.608+0000][30964][safepoint    ] Safepoint "Cleanup", Time since last: 1000630000 ns, Reaching safepoint: 161400 ns, At safepoint: 10200 ns, Total: 171600 ns
[2020-09-28T10:28:52.609+0000][30964][safepoint    ] Safepoint "Cleanup", Time since last: 1000617500 ns, Reaching safepoint: 126100 ns, At safepoint: 7100 ns, Total: 133200 ns
[2020-09-28T10:28:54.609+0000][30964][safepoint    ] Safepoint "Cleanup", Time since last: 2000058700 ns, Reaching safepoint: 153000 ns, At safepoint: 4700 ns, Total: 157700 ns
[2020-09-28T10:28:55.610+0000][30964][safepoint    ] Safepoint "Cleanup", Time since last: 1000460400 ns, Reaching safepoint: 168000 ns, At safepoint: 7200 ns, Total: 175200 ns
[2020-09-28T10:28:56.610+0000][30964][safepoint    ] Safepoint "Cleanup", Time since last: 1000333500 ns, Reaching safepoint: 165800 ns, At safepoint: 8800 ns, Total: 174600 ns
[2020-09-28T10:28:57.611+0000][30964][safepoint    ] Safepoint "Cleanup", Time since last: 1000618200 ns, Reaching safepoint: 105800 ns, At safepoint: 8200 ns, Total: 114000 ns
[2020-09-28T10:28:58.612+0000][30964][safepoint    ] Safepoint "Cleanup", Time since last: 1000557300 ns, Reaching safepoint: 166100 ns, At safepoint: 6800 ns, Total: 172900 ns
[2020-09-28T10:28:59.612+0000][30964][safepoint    ] Safepoint "Cleanup", Time since last: 1000213500 ns, Reaching safepoint: 115200 ns, At safepoint: 5600 ns, Total: 120800 ns
[2020-09-28T10:29:00.613+0000][30964][safepoint    ] Safepoint "Cleanup", Time since last: 1000411700 ns, Reaching safepoint: 118500 ns, At safepoint: 6300 ns, Total: 124800 ns
[2020-09-28T10:29:01.613+0000][30964][safepoint    ] Safepoint "Cleanup", Time since last: 1000405400 ns, Reaching safepoint: 147800 ns, At safepoint: 5900 ns, Total: 153700 ns
[2020-09-28T10:29:02.614+0000][30964][safepoint    ] Safepoint "Cleanup", Time since last: 1000710600 ns, Reaching safepoint: 113900 ns, At safepoint: 6200 ns, Total: 120100 ns
[2020-09-28T10:29:03.615+0000][30964][safepoint    ] Safepoint "Cleanup", Time since last: 1000595400 ns, Reaching safepoint: 120800 ns, At safepoint: 18200 ns, Total: 139000 ns
[2020-09-28T10:29:04.615+0000][30964][safepoint    ] Safepoint "Cleanup", Time since last: 1000227300 ns, Reaching safepoint: 192900 ns, At safepoint: 10400 ns, Total: 203300 ns
[2020-09-28T10:29:05.616+0000][30964][safepoint    ] Safepoint "Cleanup", Time since last: 1000411100 ns, Reaching safepoint: 159700 ns, At safepoint: 9600 ns, Total: 169300 ns
[2020-09-28T10:29:06.617+0000][30964][safepoint    ] Safepoint "Cleanup", Time since last: 1000835700 ns, Reaching safepoint: 126700 ns, At safepoint: 9500 ns, Total: 136200 ns
[2020-09-28T10:29:07.617+0000][30964][safepoint    ] Safepoint "Cleanup", Time since last: 1000257800 ns, Reaching safepoint: 97100 ns, At safepoint: 6300 ns, Total: 103400 ns
[2020-09-28T10:29:08.617+0000][30964][safepoint    ] Safepoint "Cleanup", Time since last: 1000090100 ns, Reaching safepoint: 104400 ns, At safepoint: 5700 ns, Total: 110100 ns
[2020-09-28T10:29:09.618+0000][30964][safepoint    ] Safepoint "Cleanup", Time since last: 1000009300 ns, Reaching safepoint: 165000 ns, At safepoint: 5300 ns, Total: 170300 ns
[2020-09-28T10:29:10.618+0000][30964][safepoint    ] Safepoint "Cleanup", Time since last: 1000169800 ns, Reaching safepoint: 114200 ns, At safepoint: 5600 ns, Total: 119800 ns
[2020-09-28T10:29:11.618+0000][30964][safepoint    ] Safepoint "Cleanup", Time since last: 1000036000 ns, Reaching safepoint: 151700 ns, At safepoint: 6500 ns, Total: 158200 ns
[2020-09-28T10:29:12.734+0000][30964][safepoint    ] Safepoint "Cleanup", Time since last: 1116100300 ns, Reaching safepoint: 106500 ns, At safepoint: 7400 ns, Total: 113900 ns
[2020-09-28T10:29:13.735+0000][30964][safepoint    ] Safepoint "Cleanup", Time since last: 1000464000 ns, Reaching safepoint: 114800 ns, At safepoint: 2600 ns, Total: 117400 ns
[2020-09-28T10:29:14.736+0000][30964][safepoint    ] Safepoint "Cleanup", Time since last: 1000822900 ns, Reaching safepoint: 109700 ns, At safepoint: 6500 ns, Total: 116200 ns
[2020-09-28T10:29:16.736+0000][30964][safepoint    ] Safepoint "Cleanup", Time since last: 2000107300 ns, Reaching safepoint: 124100 ns, At safepoint: 5900 ns, Total: 130000 ns
[2020-09-28T10:29:17.737+0000][30964][safepoint    ] Safepoint "Cleanup", Time since last: 1000456000 ns, Reaching safepoint: 99200 ns, At safepoint: 7200 ns, Total: 106400 ns
[2020-09-28T10:29:18.738+0000][30964][safepoint    ] Safepoint "Cleanup", Time since last: 1000818800 ns, Reaching safepoint: 129700 ns, At safepoint: 5700 ns, Total: 135400 ns
[2020-09-28T10:29:19.738+0000][30964][safepoint    ] Safepoint "Cleanup", Time since last: 1000436300 ns, Reaching safepoint: 144100 ns, At safepoint: 5900 ns, Total: 150000 ns
[2020-09-28T10:29:20.739+0000][30964][safepoint    ] Safepoint "Cleanup", Time since last: 1000653100 ns, Reaching safepoint: 123500 ns, At safepoint: 6000 ns, Total: 129500 ns
[2020-09-28T10:29:21.740+0000][30964][safepoint    ] Safepoint "Cleanup", Time since last: 1000447400 ns, Reaching safepoint: 153000 ns, At safepoint: 6300 ns, Total: 159300 ns
[2020-09-28T10:29:22.740+0000][30964][safepoint    ] Safepoint "Cleanup", Time since last: 1000691900 ns, Reaching safepoint: 147600 ns, At safepoint: 6000 ns, Total: 153600 ns
[2020-09-28T10:29:23.741+0000][30964][safepoint    ] Safepoint "Cleanup", Time since last: 1000844000 ns, Reaching safepoint: 129000 ns, At safepoint: 5900 ns, Total: 134900 ns
[2020-09-28T10:29:25.742+0000][30964][safepoint    ] Safepoint "Cleanup", Time since last: 2000792800 ns, Reaching safepoint: 182000 ns, At safepoint: 11100 ns, Total: 193100 ns
[2020-09-28T10:29:26.743+0000][30964][safepoint    ] Safepoint "Cleanup", Time since last: 1000801200 ns, Reaching safepoint: 177700 ns, At safepoint: 14700 ns, Total: 192400 ns
[2020-09-28T10:29:27.744+0000][30964][safepoint    ] Safepoint "Cleanup", Time since last: 1000222300 ns, Reaching safepoint: 122900 ns, At safepoint: 7800 ns, Total: 130700 ns
[2020-09-28T10:29:28.744+0000][30964][safepoint    ] Safepoint "Cleanup", Time since last: 1000272000 ns, Reaching safepoint: 134700 ns, At safepoint: 6300 ns, Total: 141000 ns
[2020-09-28T10:29:29.745+0000][30964][safepoint    ] Safepoint "Cleanup", Time since last: 1000731400 ns, Reaching safepoint: 275200 ns, At safepoint: 6100 ns, Total: 281300 ns
[2020-09-28T10:29:31.745+0000][30964][safepoint    ] Safepoint "Cleanup", Time since last: 2000224300 ns, Reaching safepoint: 270300 ns, At safepoint: 10300 ns, Total: 280600 ns
[2020-09-28T10:29:32.746+0000][30964][safepoint    ] Safepoint "Cleanup", Time since last: 1000374400 ns, Reaching safepoint: 145600 ns, At safepoint: 6200 ns, Total: 151800 ns
[2020-09-28T10:29:34.747+0000][30964][safepoint    ] Safepoint "Cleanup", Time since last: 2000394900 ns, Reaching safepoint: 136600 ns, At safepoint: 6400 ns, Total: 143000 ns
[2020-09-28T10:29:35.747+0000][30964][safepoint    ] Safepoint "Cleanup", Time since last: 1000059400 ns, Reaching safepoint: 138300 ns, At safepoint: 5900 ns, Total: 144200 ns
[2020-09-28T10:29:36.748+0000][30964][safepoint    ] Safepoint "Cleanup", Time since last: 1000773500 ns, Reaching safepoint: 123700 ns, At safepoint: 7500 ns, Total: 131200 ns
[2020-09-28T10:29:37.748+0000][30964][safepoint    ] Safepoint "Cleanup", Time since last: 1000279400 ns, Reaching safepoint: 120800 ns, At safepoint: 5800 ns, Total: 126600 ns
[2020-09-28T10:29:38.749+0000][30964][safepoint    ] Safepoint "Cleanup", Time since last: 1000197900 ns, Reaching safepoint: 154900 ns, At safepoint: 7500 ns, Total: 162400 ns
[2020-09-28T10:29:39.749+0000][30964][safepoint    ] Safepoint "Cleanup", Time since last: 1000731400 ns, Reaching safepoint: 138300 ns, At safepoint: 6700 ns, Total: 145000 ns
[2020-09-28T10:29:40.750+0000][30964][safepoint    ] Safepoint "Cleanup", Time since last: 1000741600 ns, Reaching safepoint: 156200 ns, At safepoint: 9100 ns, Total: 165300 ns
[2020-09-28T10:29:42.591+0000][30964][safepoint    ] Safepoint "Cleanup", Time since last: 1840636100 ns, Reaching safepoint: 118300 ns, At safepoint: 9600 ns, Total: 127900 ns
[2020-09-28T10:29:43.592+0000][30964][safepoint    ] Safepoint "Cleanup", Time since last: 1000640300 ns, Reaching safepoint: 111000 ns, At safepoint: 5500 ns, Total: 116500 ns
[2020-09-28T10:29:44.592+0000][30964][safepoint    ] Safepoint "Cleanup", Time since last: 1000137500 ns, Reaching safepoint: 113600 ns, At safepoint: 7000 ns, Total: 120600 ns
[2020-09-28T10:29:45.593+0000][30964][safepoint    ] Safepoint "Cleanup", Time since last: 1000921800 ns, Reaching safepoint: 128700 ns, At safepoint: 20600 ns, Total: 149300 ns
[2020-09-28T10:29:47.594+0000][30964][safepoint    ] Safepoint "Cleanup", Time since last: 2000293800 ns, Reaching safepoint: 173200 ns, At safepoint: 4900 ns, Total: 178100 ns
[2020-09-28T10:29:48.594+0000][30964][safepoint    ] Safepoint "Cleanup", Time since last: 1000386200 ns, Reaching safepoint: 124200 ns, At safepoint: 5300 ns, Total: 129500 ns
[2020-09-28T10:29:49.595+0000][30964][safepoint    ] Safepoint "Cleanup", Time since last: 1000238000 ns, Reaching safepoint: 128600 ns, At safepoint: 8200 ns, Total: 136800 ns
[2020-09-28T10:29:50.595+0000][30964][safepoint    ] Safepoint "Cleanup", Time since last: 1000423100 ns, Reaching safepoint: 131900 ns, At safepoint: 6300 ns, Total: 138200 ns
[2020-09-28T10:29:51.596+0000][30964][safepoint    ] Safepoint "Cleanup", Time since last: 1000269600 ns, Reaching safepoint: 222200 ns, At safepoint: 6800 ns, Total: 229000 ns
[2020-09-28T10:29:52.596+0000][30964][safepoint    ] Safepoint "Cleanup", Time since last: 1000713300 ns, Reaching safepoint: 115400 ns, At safepoint: 6300 ns, Total: 121700 ns
[2020-09-28T10:29:53.597+0000][30964][safepoint    ] Safepoint "Cleanup", Time since last: 1000734700 ns, Reaching safepoint: 95400 ns, At safepoint: 3100 ns, Total: 98500 ns
[2020-09-28T10:29:54.598+0000][30964][safepoint    ] Safepoint "Cleanup", Time since last: 1000271600 ns, Reaching safepoint: 130300 ns, At safepoint: 3100 ns, Total: 133400 ns
[2020-09-28T10:29:55.599+0000][30964][safepoint    ] Safepoint "Cleanup", Time since last: 1000744200 ns, Reaching safepoint: 147600 ns, At safepoint: 7900 ns, Total: 155500 ns
[2020-09-28T10:29:57.599+0000][30964][safepoint    ] Safepoint "Cleanup", Time since last: 1999907100 ns, Reaching safepoint: 96200 ns, At safepoint: 3400 ns, Total: 99600 ns
[2020-09-28T10:29:58.599+0000][30964][safepoint    ] Safepoint "Cleanup", Time since last: 1000234000 ns, Reaching safepoint: 127700 ns, At safepoint: 5500 ns, Total: 133200 ns
[2020-09-28T10:29:59.599+0000][30964][safepoint    ] Safepoint "Cleanup", Time since last: 1000201000 ns, Reaching safepoint: 197500 ns, At safepoint: 5200 ns, Total: 202700 ns
[2020-09-28T10:30:00.600+0000][30964][safepoint    ] Safepoint "Cleanup", Time since last: 1000327900 ns, Reaching safepoint: 596700 ns, At safepoint: 33300 ns, Total: 630000 ns
[2020-09-28T10:30:01.602+0000][30964][safepoint    ] Safepoint "Cleanup", Time since last: 1001123700 ns, Reaching safepoint: 136600 ns, At safepoint: 5100 ns, Total: 141700 ns
[2020-09-28T10:30:03.602+0000][30964][safepoint    ] Safepoint "Cleanup", Time since last: 2000511600 ns, Reaching safepoint: 109900 ns, At safepoint: 12300 ns, Total: 122200 ns
[2020-09-28T10:30:04.602+0000][30964][safepoint    ] Safepoint "Cleanup", Time since last: 1000016600 ns, Reaching safepoint: 123500 ns, At safepoint: 5500 ns, Total: 129000 ns
[2020-09-28T10:30:06.603+0000][30964][safepoint    ] Safepoint "Cleanup", Time since last: 2000723500 ns, Reaching safepoint: 125400 ns, At safepoint: 16300 ns, Total: 141700 ns
[2020-09-28T10:30:07.604+0000][30964][safepoint    ] Safepoint "Cleanup", Time since last: 1000685600 ns, Reaching safepoint: 129900 ns, At safepoint: 10400 ns, Total: 140300 ns
[2020-09-28T10:30:09.605+0000][30964][safepoint    ] Safepoint "Cleanup", Time since last: 2000434100 ns, Reaching safepoint: 142100 ns, At safepoint: 8100 ns, Total: 150200 ns
[2020-09-28T10:30:10.605+0000][30964][safepoint    ] Safepoint "Cleanup", Time since last: 1000469600 ns, Reaching safepoint: 127800 ns, At safepoint: 6100 ns, Total: 133900 ns
[2020-09-28T10:30:11.606+0000][30964][safepoint    ] Safepoint "Cleanup", Time since last: 1000592100 ns, Reaching safepoint: 114800 ns, At safepoint: 8200 ns, Total: 123000 ns
[2020-09-28T10:30:12.607+0000][30964][safepoint    ] Safepoint "Cleanup", Time since last: 1000626100 ns, Reaching safepoint: 202700 ns, At safepoint: 9800 ns, Total: 212500 ns
[2020-09-28T10:30:14.607+0000][30964][safepoint    ] Safepoint "Cleanup", Time since last: 1999986600 ns, Reaching safepoint: 164300 ns, At safepoint: 5500 ns, Total: 169800 ns
[2020-09-28T10:30:15.608+0000][30964][safepoint    ] Safepoint "Cleanup", Time since last: 1000433700 ns, Reaching safepoint: 132400 ns, At safepoint: 5900 ns, Total: 138300 ns
[2020-09-28T10:30:16.608+0000][30964][safepoint    ] Safepoint "Cleanup", Time since last: 1000074600 ns, Reaching safepoint: 116300 ns, At safepoint: 6500 ns, Total: 122800 ns
[2020-09-28T10:30:17.608+0000][30964][safepoint    ] Safepoint "Cleanup", Time since last: 1000179100 ns, Reaching safepoint: 110400 ns, At safepoint: 5700 ns, Total: 116100 ns
[2020-09-28T10:30:18.609+0000][30964][safepoint    ] Safepoint "Cleanup", Time since last: 1000727400 ns, Reaching safepoint: 112600 ns, At safepoint: 4400 ns, Total: 117000 ns
[2020-09-28T10:30:19.609+0000][30964][safepoint    ] Safepoint "Cleanup", Time since last: 1000087600 ns, Reaching safepoint: 176700 ns, At safepoint: 5700 ns, Total: 182400 ns
[2020-09-28T10:30:20.610+0000][30964][safepoint    ] Safepoint "Cleanup", Time since last: 1000687300 ns, Reaching safepoint: 115200 ns, At safepoint: 5300 ns, Total: 120500 ns
[2020-09-28T10:30:22.611+0000][30964][safepoint    ] Safepoint "Cleanup", Time since last: 2000681000 ns, Reaching safepoint: 133300 ns, At safepoint: 6600 ns, Total: 139900 ns
[2020-09-28T10:30:23.612+0000][30964][safepoint    ] Safepoint "Cleanup", Time since last: 1000810300 ns, Reaching safepoint: 256600 ns, At safepoint: 8700 ns, Total: 265300 ns
[2020-09-28T10:30:25.613+0000][30964][safepoint    ] Safepoint "Cleanup", Time since last: 2000821100 ns, Reaching safepoint: 127500 ns, At safepoint: 7000 ns, Total: 134500 ns
[2020-09-28T10:30:26.613+0000][30964][safepoint    ] Safepoint "Cleanup", Time since last: 1000365200 ns, Reaching safepoint: 113700 ns, At safepoint: 7400 ns, Total: 121100 ns
[2020-09-28T10:30:27.614+0000][30964][safepoint    ] Safepoint "Cleanup", Time since last: 1000249100 ns, Reaching safepoint: 138700 ns, At safepoint: 4200 ns, Total: 142900 ns
[2020-09-28T10:30:28.614+0000][30964][safepoint    ] Safepoint "Cleanup", Time since last: 1000294900 ns, Reaching safepoint: 183300 ns, At safepoint: 12200 ns, Total: 195500 ns
[2020-09-28T10:30:29.615+0000][30964][safepoint    ] Safepoint "Cleanup", Time since last: 1000521200 ns, Reaching safepoint: 139700 ns, At safepoint: 9500 ns, Total: 149200 ns
[2020-09-28T10:30:30.615+0000][30964][safepoint    ] Safepoint "Cleanup", Time since last: 1000018400 ns, Reaching safepoint: 102800 ns, At safepoint: 6700 ns, Total: 109500 ns
[2020-09-28T10:30:32.615+0000][30964][safepoint    ] Safepoint "Cleanup", Time since last: 2000341700 ns, Reaching safepoint: 145600 ns, At safepoint: 7400 ns, Total: 153000 ns
[2020-09-28T10:30:34.616+0000][30964][safepoint    ] Safepoint "Cleanup", Time since last: 2000142800 ns, Reaching safepoint: 132000 ns, At safepoint: 7500 ns, Total: 139500 ns
[2020-09-28T10:30:35.616+0000][30964][safepoint    ] Safepoint "Cleanup", Time since last: 1000547100 ns, Reaching safepoint: 125000 ns, At safepoint: 6300 ns, Total: 131300 ns
[2020-09-28T10:30:36.617+0000][30964][safepoint    ] Safepoint "Cleanup", Time since last: 1000750800 ns, Reaching safepoint: 147100 ns, At safepoint: 6500 ns, Total: 153600 ns
[2020-09-28T10:30:38.618+0000][30964][safepoint    ] Safepoint "Cleanup", Time since last: 2000403800 ns, Reaching safepoint: 123400 ns, At safepoint: 4000 ns, Total: 127400 ns
[2020-09-28T10:30:39.618+0000][30964][safepoint    ] Safepoint "Cleanup", Time since last: 1000367400 ns, Reaching safepoint: 132400 ns, At safepoint: 6200 ns, Total: 138600 ns
[2020-09-28T10:30:40.619+0000][30964][safepoint    ] Safepoint "Cleanup", Time since last: 1000123600 ns, Reaching safepoint: 148100 ns, At safepoint: 8200 ns, Total: 156300 ns
[2020-09-28T10:30:41.619+0000][30964][safepoint    ] Safepoint "Cleanup", Time since last: 1000463400 ns, Reaching safepoint: 143600 ns, At safepoint: 7600 ns, Total: 151200 ns
[2020-09-28T10:30:42.620+0000][30964][safepoint    ] Safepoint "Cleanup", Time since last: 1000262600 ns, Reaching safepoint: 112700 ns, At safepoint: 6300 ns, Total: 119000 ns
[2020-09-28T10:30:43.620+0000][30964][safepoint    ] Safepoint "Cleanup", Time since last: 1000024900 ns, Reaching safepoint: 148900 ns, At safepoint: 19800 ns, Total: 168700 ns
[2020-09-28T10:30:44.620+0000][30964][safepoint    ] Safepoint "Cleanup", Time since last: 1000523100 ns, Reaching safepoint: 159600 ns, At safepoint: 7600 ns, Total: 167200 ns
[2020-09-28T10:30:45.621+0000][30964][safepoint    ] Safepoint "Cleanup", Time since last: 1000499800 ns, Reaching safepoint: 142000 ns, At safepoint: 7300 ns, Total: 149300 ns
[2020-09-28T10:30:46.627+0000][30964][safepoint    ] Safepoint "Cleanup", Time since last: 1000813500 ns, Reaching safepoint: 4677800 ns, At safepoint: 237600 ns, Total: 4915400 ns
[2020-09-28T10:30:47.629+0000][30964][safepoint    ] Safepoint "Cleanup", Time since last: 1001485500 ns, Reaching safepoint: 124100 ns, At safepoint: 12400 ns, Total: 136500 ns
[2020-09-28T10:30:48.629+0000][30964][safepoint    ] Safepoint "Cleanup", Time since last: 1000561900 ns, Reaching safepoint: 118700 ns, At safepoint: 6700 ns, Total: 125400 ns
[2020-09-28T10:30:49.629+0000][30964][safepoint    ] Safepoint "Cleanup", Time since last: 1000072200 ns, Reaching safepoint: 121500 ns, At safepoint: 9800 ns, Total: 131300 ns
[2020-09-28T10:30:51.630+0000][30964][safepoint    ] Safepoint "Cleanup", Time since last: 2000633300 ns, Reaching safepoint: 121500 ns, At safepoint: 22700 ns, Total: 144200 ns
[2020-09-28T10:30:52.630+0000][30964][safepoint    ] Safepoint "Cleanup", Time since last: 1000161100 ns, Reaching safepoint: 115300 ns, At safepoint: 6400 ns, Total: 121700 ns
[2020-09-28T10:30:53.631+0000][30964][safepoint    ] Safepoint "Cleanup", Time since last: 1000594300 ns, Reaching safepoint: 104400 ns, At safepoint: 3600 ns, Total: 108000 ns
[2020-09-28T10:30:54.631+0000][30964][safepoint    ] Safepoint "Cleanup", Time since last: 1000045900 ns, Reaching safepoint: 128300 ns, At safepoint: 14000 ns, Total: 142300 ns
[2020-09-28T10:30:56.355+0000][30964][safepoint    ] Safepoint "Cleanup", Time since last: 1722502600 ns, Reaching safepoint: 902700 ns, At safepoint: 41900 ns, Total: 944600 ns
[2020-09-28T10:30:58.355+0000][30964][safepoint    ] Safepoint "Cleanup", Time since last: 2000136700 ns, Reaching safepoint: 320100 ns, At safepoint: 21500 ns, Total: 341600 ns
[2020-09-28T10:30:59.356+0000][30964][safepoint    ] Safepoint "Cleanup", Time since last: 1000628300 ns, Reaching safepoint: 119500 ns, At safepoint: 6400 ns, Total: 125900 ns
[2020-09-28T10:31:00.356+0000][30964][safepoint    ] Safepoint "Cleanup", Time since last: 1000025500 ns, Reaching safepoint: 123000 ns, At safepoint: 4700 ns, Total: 127700 ns
[2020-09-28T10:31:01.356+0000][30964][safepoint    ] Safepoint "Cleanup", Time since last: 1000191000 ns, Reaching safepoint: 96300 ns, At safepoint: 3800 ns, Total: 100100 ns
[2020-09-28T10:31:02.357+0000][30964][safepoint    ] Safepoint "Cleanup", Time since last: 1000728900 ns, Reaching safepoint: 147600 ns, At safepoint: 6800 ns, Total: 154400 ns
[2020-09-28T10:31:03.358+0000][30964][safepoint    ] Safepoint "Cleanup", Time since last: 1000628900 ns, Reaching safepoint: 114500 ns, At safepoint: 5600 ns, Total: 120100 ns
[2020-09-28T10:31:04.359+0000][30964][safepoint    ] Safepoint "Cleanup", Time since last: 1000893600 ns, Reaching safepoint: 143400 ns, At safepoint: 7100 ns, Total: 150500 ns
[2020-09-28T10:31:05.360+0000][30964][safepoint    ] Safepoint "Cleanup", Time since last: 1000761400 ns, Reaching safepoint: 104500 ns, At safepoint: 7600 ns, Total: 112100 ns
[2020-09-28T10:31:07.360+0000][30964][safepoint    ] Safepoint "Cleanup", Time since last: 2000301300 ns, Reaching safepoint: 106800 ns, At safepoint: 5700 ns, Total: 112500 ns
[2020-09-28T10:31:08.361+0000][30964][safepoint    ] Safepoint "Cleanup", Time since last: 1000714200 ns, Reaching safepoint: 122100 ns, At safepoint: 4000 ns, Total: 126100 ns
[2020-09-28T10:31:10.362+0000][30964][safepoint    ] Safepoint "Cleanup", Time since last: 2000638200 ns, Reaching safepoint: 453100 ns, At safepoint: 23500 ns, Total: 476600 ns
[2020-09-28T10:31:11.363+0000][30964][safepoint    ] Safepoint "Cleanup", Time since last: 1000372800 ns, Reaching safepoint: 155200 ns, At safepoint: 6000 ns, Total: 161200 ns
[2020-09-28T10:31:12.363+0000][30964][safepoint    ] Safepoint "Cleanup", Time since last: 1000359400 ns, Reaching safepoint: 133900 ns, At safepoint: 9100 ns, Total: 143000 ns
[2020-09-28T10:31:13.364+0000][30964][safepoint    ] Safepoint "Cleanup", Time since last: 1000703700 ns, Reaching safepoint: 130800 ns, At safepoint: 8000 ns, Total: 138800 ns
[2020-09-28T10:31:14.365+0000][30964][safepoint    ] Safepoint "Cleanup", Time since last: 1000208600 ns, Reaching safepoint: 167500 ns, At safepoint: 7000 ns, Total: 174500 ns
[2020-09-28T10:31:16.365+0000][30964][safepoint    ] Safepoint "Cleanup", Time since last: 2000216600 ns, Reaching safepoint: 178100 ns, At safepoint: 7800 ns, Total: 185900 ns
[2020-09-28T10:31:17.366+0000][30964][safepoint    ] Safepoint "Cleanup", Time since last: 1000646400 ns, Reaching safepoint: 378100 ns, At safepoint: 40900 ns, Total: 419000 ns
[2020-09-28T10:31:18.367+0000][30964][safepoint    ] Safepoint "Cleanup", Time since last: 1000470200 ns, Reaching safepoint: 552800 ns, At safepoint: 57100 ns, Total: 609900 ns
[2020-09-28T10:31:19.368+0000][30964][safepoint    ] Safepoint "Cleanup", Time since last: 1001143400 ns, Reaching safepoint: 447600 ns, At safepoint: 22700 ns, Total: 470300 ns
[2020-09-28T10:31:20.369+0000][30964][safepoint    ] Safepoint "Cleanup", Time since last: 1000153400 ns, Reaching safepoint: 543800 ns, At safepoint: 6700 ns, Total: 550500 ns
[2020-09-28T10:31:22.370+0000][30964][safepoint    ] Safepoint "Cleanup", Time since last: 2000341500 ns, Reaching safepoint: 140800 ns, At safepoint: 10700 ns, Total: 151500 ns
[2020-09-28T10:31:23.370+0000][30964][safepoint    ] Safepoint "Cleanup", Time since last: 1000302000 ns, Reaching safepoint: 540900 ns, At safepoint: 42100 ns, Total: 583000 ns
[2020-09-28T10:31:25.371+0000][30964][safepoint    ] Safepoint "Cleanup", Time since last: 2000064700 ns, Reaching safepoint: 124900 ns, At safepoint: 11100 ns, Total: 136000 ns
[2020-09-28T10:31:26.371+0000][30964][safepoint    ] Safepoint "Cleanup", Time since last: 1000013200 ns, Reaching safepoint: 114200 ns, At safepoint: 4200 ns, Total: 118400 ns
[2020-09-28T10:31:27.372+0000][30964][safepoint    ] Safepoint "Cleanup", Time since last: 1000563300 ns, Reaching safepoint: 126800 ns, At safepoint: 18900 ns, Total: 145700 ns
[2020-09-28T10:31:28.372+0000][30964][safepoint    ] Safepoint "Cleanup", Time since last: 1000100400 ns, Reaching safepoint: 94300 ns, At safepoint: 2800 ns, Total: 97100 ns
[2020-09-28T10:31:30.373+0000][30964][safepoint    ] Safepoint "Cleanup", Time since last: 2000316900 ns, Reaching safepoint: 140400 ns, At safepoint: 5200 ns, Total: 145600 ns
[2020-09-28T10:31:31.373+0000][30964][safepoint    ] Safepoint "Cleanup", Time since last: 1000362500 ns, Reaching safepoint: 121700 ns, At safepoint: 5500 ns, Total: 127200 ns
[2020-09-28T10:31:32.492+0000][30964][safepoint    ] Safepoint "Cleanup", Time since last: 1118962500 ns, Reaching safepoint: 112200 ns, At safepoint: 8500 ns, Total: 120700 ns
[2020-09-28T10:31:33.493+0000][30964][safepoint    ] Safepoint "Cleanup", Time since last: 1000707300 ns, Reaching safepoint: 110800 ns, At safepoint: 6200 ns, Total: 117000 ns
[2020-09-28T10:31:34.493+0000][30964][safepoint    ] Safepoint "Cleanup", Time since last: 1000190400 ns, Reaching safepoint: 136800 ns, At safepoint: 8400 ns, Total: 145200 ns
[2020-09-28T10:31:35.494+0000][30964][safepoint    ] Safepoint "Cleanup", Time since last: 1000770000 ns, Reaching safepoint: 156500 ns, At safepoint: 24900 ns, Total: 181400 ns
[2020-09-28T10:31:36.494+0000][30964][safepoint    ] Safepoint "Cleanup", Time since last: 1000037300 ns, Reaching safepoint: 135800 ns, At safepoint: 6500 ns, Total: 142300 ns
[2020-09-28T10:31:37.495+0000][30964][safepoint    ] Safepoint "Cleanup", Time since last: 1000135600 ns, Reaching safepoint: 153000 ns, At safepoint: 7500 ns, Total: 160500 ns
[2020-09-28T10:31:38.495+0000][30964][safepoint    ] Safepoint "Cleanup", Time since last: 1000306100 ns, Reaching safepoint: 122800 ns, At safepoint: 8900 ns, Total: 131700 ns
[2020-09-28T10:31:39.496+0000][30964][safepoint    ] Safepoint "Cleanup", Time since last: 1000482300 ns, Reaching safepoint: 129700 ns, At safepoint: 8000 ns, Total: 137700 ns
[2020-09-28T10:31:40.496+0000][30964][safepoint    ] Safepoint "Cleanup", Time since last: 1000516600 ns, Reaching safepoint: 467600 ns, At safepoint: 13900 ns, Total: 481500 ns
[2020-09-28T10:31:41.497+0000][30964][safepoint    ] Safepoint "Cleanup", Time since last: 1000486800 ns, Reaching safepoint: 153800 ns, At safepoint: 7600 ns, Total: 161400 ns
[2020-09-28T10:31:42.498+0000][30964][safepoint    ] Safepoint "Cleanup", Time since last: 1000157700 ns, Reaching safepoint: 134600 ns, At safepoint: 8800 ns, Total: 143400 ns
[2020-09-28T10:31:43.499+0000][30964][safepoint    ] Safepoint "Cleanup", Time since last: 1000685000 ns, Reaching safepoint: 189600 ns, At safepoint: 7400 ns, Total: 197000 ns
[2020-09-28T10:31:44.499+0000][30964][safepoint    ] Safepoint "Cleanup", Time since last: 1000643400 ns, Reaching safepoint: 122300 ns, At safepoint: 7400 ns, Total: 129700 ns
[2020-09-28T10:31:45.500+0000][30964][safepoint    ] Safepoint "Cleanup", Time since last: 1000339700 ns, Reaching safepoint: 234400 ns, At safepoint: 6400 ns, Total: 240800 ns
[2020-09-28T10:31:46.501+0000][30964][safepoint    ] Safepoint "Cleanup", Time since last: 1000633900 ns, Reaching safepoint: 101800 ns, At safepoint: 8600 ns, Total: 110400 ns
[2020-09-28T10:31:47.502+0000][30964][safepoint    ] Safepoint "Cleanup", Time since last: 1000723700 ns, Reaching safepoint: 127800 ns, At safepoint: 9600 ns, Total: 137400 ns
[2020-09-28T10:31:48.503+0000][30964][safepoint    ] Safepoint "Cleanup", Time since last: 1000841600 ns, Reaching safepoint: 187600 ns, At safepoint: 6800 ns, Total: 194400 ns
[2020-09-28T10:31:50.503+0000][30964][safepoint    ] Safepoint "Cleanup", Time since last: 2000388400 ns, Reaching safepoint: 142400 ns, At safepoint: 8700 ns, Total: 151100 ns
[2020-09-28T10:31:51.504+0000][30964][safepoint    ] Safepoint "Cleanup", Time since last: 1000747700 ns, Reaching safepoint: 256100 ns, At safepoint: 7900 ns, Total: 264000 ns
[2020-09-28T10:31:52.505+0000][30964][safepoint    ] Safepoint "Cleanup", Time since last: 1000479800 ns, Reaching safepoint: 175900 ns, At safepoint: 11200 ns, Total: 187100 ns
[2020-09-28T10:31:54.506+0000][30964][safepoint    ] Safepoint "Cleanup", Time since last: 2000619400 ns, Reaching safepoint: 169600 ns, At safepoint: 10000 ns, Total: 179600 ns
[2020-09-28T10:31:56.506+0000][30964][safepoint    ] Safepoint "Cleanup", Time since last: 2000726000 ns, Reaching safepoint: 115700 ns, At safepoint: 63900 ns, Total: 179600 ns
[2020-09-28T10:31:58.507+0000][30964][safepoint    ] Safepoint "Cleanup", Time since last: 2000102100 ns, Reaching safepoint: 121900 ns, At safepoint: 6700 ns, Total: 128600 ns
[2020-09-28T10:31:59.507+0000][30964][safepoint    ] Safepoint "Cleanup", Time since last: 1000473000 ns, Reaching safepoint: 123100 ns, At safepoint: 7300 ns, Total: 130400 ns
[2020-09-28T10:32:00.508+0000][30964][safepoint    ] Safepoint "Cleanup", Time since last: 1000794800 ns, Reaching safepoint: 151000 ns, At safepoint: 5700 ns, Total: 156700 ns
[2020-09-28T10:32:01.509+0000][30964][safepoint    ] Safepoint "Cleanup", Time since last: 1000640400 ns, Reaching safepoint: 100300 ns, At safepoint: 7400 ns, Total: 107700 ns
[2020-09-28T10:32:02.510+0000][30964][safepoint    ] Safepoint "Cleanup", Time since last: 1000501500 ns, Reaching safepoint: 285300 ns, At safepoint: 13600 ns, Total: 298900 ns
[2020-09-28T10:32:03.511+0000][30964][safepoint    ] Safepoint "Cleanup", Time since last: 1000490700 ns, Reaching safepoint: 491400 ns, At safepoint: 71500 ns, Total: 562900 ns
[2020-09-28T10:32:04.512+0000][30964][safepoint    ] Safepoint "Cleanup", Time since last: 1001133100 ns, Reaching safepoint: 281200 ns, At safepoint: 17600 ns, Total: 298800 ns
[2020-09-28T10:32:05.513+0000][30964][safepoint    ] Safepoint "Cleanup", Time since last: 1000503700 ns, Reaching safepoint: 107100 ns, At safepoint: 5300 ns, Total: 112400 ns
[2020-09-28T10:32:06.514+0000][30964][safepoint    ] Safepoint "Cleanup", Time since last: 1000422200 ns, Reaching safepoint: 131800 ns, At safepoint: 6300 ns, Total: 138100 ns
[2020-09-28T10:32:07.514+0000][30964][safepoint    ] Safepoint "Cleanup", Time since last: 1000243700 ns, Reaching safepoint: 128100 ns, At safepoint: 8700 ns, Total: 136800 ns
[2020-09-28T10:32:08.515+0000][30964][safepoint    ] Safepoint "Cleanup", Time since last: 1000636500 ns, Reaching safepoint: 121700 ns, At safepoint: 7600 ns, Total: 129300 ns
[2020-09-28T10:32:10.516+0000][30964][safepoint    ] Safepoint "Cleanup", Time since last: 2000788800 ns, Reaching safepoint: 158100 ns, At safepoint: 12700 ns, Total: 170800 ns
[2020-09-28T10:32:11.613+0000][30964][safepoint    ] Safepoint "Cleanup", Time since last: 1096730200 ns, Reaching safepoint: 99900 ns, At safepoint: 73300 ns, Total: 173200 ns
[2020-09-28T10:32:12.613+0000][30964][safepoint    ] Safepoint "Cleanup", Time since last: 1000165400 ns, Reaching safepoint: 116000 ns, At safepoint: 6300 ns, Total: 122300 ns
[2020-09-28T10:32:13.613+0000][30964][safepoint    ] Safepoint "Cleanup", Time since last: 1000492200 ns, Reaching safepoint: 126000 ns, At safepoint: 5600 ns, Total: 131600 ns
[2020-09-28T10:32:15.614+0000][30964][safepoint    ] Safepoint "Cleanup", Time since last: 2000565000 ns, Reaching safepoint: 140200 ns, At safepoint: 3200 ns, Total: 143400 ns
[2020-09-28T10:32:16.615+0000][30964][safepoint    ] Safepoint "Cleanup", Time since last: 1001065900 ns, Reaching safepoint: 163200 ns, At safepoint: 7300 ns, Total: 170500 ns
[2020-09-28T10:32:18.616+0000][30964][safepoint    ] Safepoint "Cleanup", Time since last: 2000461300 ns, Reaching safepoint: 115100 ns, At safepoint: 8800 ns, Total: 123900 ns
[2020-09-28T10:32:19.617+0000][30964][safepoint    ] Safepoint "Cleanup", Time since last: 1000606500 ns, Reaching safepoint: 201200 ns, At safepoint: 14300 ns, Total: 215500 ns
[2020-09-28T10:32:20.617+0000][30964][safepoint    ] Safepoint "Cleanup", Time since last: 1000238800 ns, Reaching safepoint: 117500 ns, At safepoint: 5700 ns, Total: 123200 ns
[2020-09-28T10:32:21.618+0000][30964][safepoint    ] Safepoint "Cleanup", Time since last: 1000727400 ns, Reaching safepoint: 104100 ns, At safepoint: 8900 ns, Total: 113000 ns
[2020-09-28T10:32:22.619+0000][30964][safepoint    ] Safepoint "Cleanup", Time since last: 1000584700 ns, Reaching safepoint: 129200 ns, At safepoint: 6100 ns, Total: 135300 ns
[2020-09-28T10:32:23.619+0000][30964][safepoint    ] Safepoint "Cleanup", Time since last: 1000008200 ns, Reaching safepoint: 147200 ns, At safepoint: 21400 ns, Total: 168600 ns
[2020-09-28T10:32:25.619+0000][30964][safepoint    ] Safepoint "Cleanup", Time since last: 2000009000 ns, Reaching safepoint: 123900 ns, At safepoint: 6200 ns, Total: 130100 ns
[2020-09-28T10:32:26.620+0000][30964][safepoint    ] Safepoint "Cleanup", Time since last: 1000576700 ns, Reaching safepoint: 134900 ns, At safepoint: 6900 ns, Total: 141800 ns
[2020-09-28T10:32:28.620+0000][30964][safepoint    ] Safepoint "Cleanup", Time since last: 2000106100 ns, Reaching safepoint: 147700 ns, At safepoint: 24100 ns, Total: 171800 ns
[2020-09-28T10:32:29.620+0000][30964][safepoint    ] Safepoint "Cleanup", Time since last: 1000118300 ns, Reaching safepoint: 136600 ns, At safepoint: 6200 ns, Total: 142800 ns
[2020-09-28T10:32:30.621+0000][30964][safepoint    ] Safepoint "Cleanup", Time since last: 1000175000 ns, Reaching safepoint: 116400 ns, At safepoint: 7800 ns, Total: 124200 ns
[2020-09-28T10:32:31.622+0000][30964][safepoint    ] Safepoint "Cleanup", Time since last: 1000792400 ns, Reaching safepoint: 131800 ns, At safepoint: 6000 ns, Total: 137800 ns
[2020-09-28T10:32:32.622+0000][30964][safepoint    ] Safepoint "Cleanup", Time since last: 1000283200 ns, Reaching safepoint: 156300 ns, At safepoint: 12300 ns, Total: 168600 ns
[2020-09-28T10:32:34.622+0000][30964][safepoint    ] Safepoint "Cleanup", Time since last: 1999970500 ns, Reaching safepoint: 139900 ns, At safepoint: 6200 ns, Total: 146100 ns
[2020-09-28T10:32:35.622+0000][30964][safepoint    ] Safepoint "Cleanup", Time since last: 1000213200 ns, Reaching safepoint: 96000 ns, At safepoint: 3300 ns, Total: 99300 ns
[2020-09-28T10:32:36.623+0000][30964][safepoint    ] Safepoint "Cleanup", Time since last: 1000049700 ns, Reaching safepoint: 134300 ns, At safepoint: 6400 ns, Total: 140700 ns
[2020-09-28T10:32:37.623+0000][30964][safepoint    ] Safepoint "Cleanup", Time since last: 1000352300 ns, Reaching safepoint: 107900 ns, At safepoint: 7300 ns, Total: 115200 ns
[2020-09-28T10:32:38.766+0000][30964][safepoint    ] Safepoint "Cleanup", Time since last: 1143524300 ns, Reaching safepoint: 102700 ns, At safepoint: 5800 ns, Total: 108500 ns
[2020-09-28T10:32:39.767+0000][30964][safepoint    ] Safepoint "Cleanup", Time since last: 1000580800 ns, Reaching safepoint: 131100 ns, At safepoint: 5600 ns, Total: 136700 ns
[2020-09-28T10:32:40.768+0000][30964][safepoint    ] Safepoint "Cleanup", Time since last: 1000379200 ns, Reaching safepoint: 152200 ns, At safepoint: 20700 ns, Total: 172900 ns
[2020-09-28T10:32:41.769+0000][30964][safepoint    ] Safepoint "Cleanup", Time since last: 1000468200 ns, Reaching safepoint: 108700 ns, At safepoint: 6300 ns, Total: 115000 ns
[2020-09-28T10:32:43.769+0000][30964][safepoint    ] Safepoint "Cleanup", Time since last: 2000517700 ns, Reaching safepoint: 178500 ns, At safepoint: 6700 ns, Total: 185200 ns
[2020-09-28T10:32:44.770+0000][30964][safepoint    ] Safepoint "Cleanup", Time since last: 1000617200 ns, Reaching safepoint: 118300 ns, At safepoint: 7000 ns, Total: 125300 ns
[2020-09-28T10:32:45.771+0000][30964][safepoint    ] Safepoint "Cleanup", Time since last: 1000712200 ns, Reaching safepoint: 115200 ns, At safepoint: 4600 ns, Total: 119800 ns
[2020-09-28T10:32:46.771+0000][30964][safepoint    ] Safepoint "Cleanup", Time since last: 1000220500 ns, Reaching safepoint: 121800 ns, At safepoint: 4900 ns, Total: 126700 ns
[2020-09-28T10:32:47.772+0000][30964][safepoint    ] Safepoint "Cleanup", Time since last: 1000699600 ns, Reaching safepoint: 113200 ns, At safepoint: 3000 ns, Total: 116200 ns
[2020-09-28T10:32:48.772+0000][30964][safepoint    ] Safepoint "Cleanup", Time since last: 1000337600 ns, Reaching safepoint: 142100 ns, At safepoint: 5700 ns, Total: 147800 ns
[2020-09-28T10:32:49.773+0000][30964][safepoint    ] Safepoint "Cleanup", Time since last: 1000710300 ns, Reaching safepoint: 112000 ns, At safepoint: 7400 ns, Total: 119400 ns
[2020-09-28T10:32:50.774+0000][30964][safepoint    ] Safepoint "Cleanup", Time since last: 1000159300 ns, Reaching safepoint: 94000 ns, At safepoint: 3500 ns, Total: 97500 ns
[2020-09-28T10:32:51.775+0000][30964][safepoint    ] Safepoint "Cleanup", Time since last: 1000859800 ns, Reaching safepoint: 128100 ns, At safepoint: 8600 ns, Total: 136700 ns
[2020-09-28T10:32:52.775+0000][30964][safepoint    ] Safepoint "Cleanup", Time since last: 1000234100 ns, Reaching safepoint: 132200 ns, At safepoint: 6900 ns, Total: 139100 ns
[2020-09-28T10:32:53.776+0000][30964][safepoint    ] Safepoint "Cleanup", Time since last: 1000563800 ns, Reaching safepoint: 129700 ns, At safepoint: 25700 ns, Total: 155400 ns
[2020-09-28T10:32:54.776+0000][30964][safepoint    ] Safepoint "Cleanup", Time since last: 1000476100 ns, Reaching safepoint: 189700 ns, At safepoint: 5500 ns, Total: 195200 ns
[2020-09-28T10:32:55.777+0000][30964][safepoint    ] Safepoint "Cleanup", Time since last: 1000570500 ns, Reaching safepoint: 131400 ns, At safepoint: 6800 ns, Total: 138200 ns
[2020-09-28T10:32:56.778+0000][30964][safepoint    ] Safepoint "Cleanup", Time since last: 1000621400 ns, Reaching safepoint: 104000 ns, At safepoint: 7000 ns, Total: 111000 ns
[2020-09-28T10:32:57.779+0000][30964][safepoint    ] Safepoint "Cleanup", Time since last: 1000710800 ns, Reaching safepoint: 105600 ns, At safepoint: 6100 ns, Total: 111700 ns
[2020-09-28T10:32:58.779+0000][30964][safepoint    ] Safepoint "Cleanup", Time since last: 1000107600 ns, Reaching safepoint: 152100 ns, At safepoint: 5700 ns, Total: 157800 ns
[2020-09-28T10:32:59.779+0000][30964][safepoint    ] Safepoint "Cleanup", Time since last: 1000305900 ns, Reaching safepoint: 119600 ns, At safepoint: 9200 ns, Total: 128800 ns
[2020-09-28T10:33:00.780+0000][30964][safepoint    ] Safepoint "Cleanup", Time since last: 1000834400 ns, Reaching safepoint: 126800 ns, At safepoint: 4000 ns, Total: 130800 ns
[2020-09-28T10:33:01.780+0000][30964][safepoint    ] Safepoint "Cleanup", Time since last: 1000070300 ns, Reaching safepoint: 137700 ns, At safepoint: 5500 ns, Total: 143200 ns
[2020-09-28T10:33:02.781+0000][30964][safepoint    ] Safepoint "Cleanup", Time since last: 1000115900 ns, Reaching safepoint: 114000 ns, At safepoint: 6000 ns, Total: 120000 ns
[2020-09-28T10:33:03.781+0000][30964][safepoint    ] Safepoint "Cleanup", Time since last: 1000576100 ns, Reaching safepoint: 131900 ns, At safepoint: 5600 ns, Total: 137500 ns
[2020-09-28T10:33:04.782+0000][30964][safepoint    ] Safepoint "Cleanup", Time since last: 1000758300 ns, Reaching safepoint: 139500 ns, At safepoint: 7100 ns, Total: 146600 ns
[2020-09-28T10:33:06.782+0000][30964][safepoint    ] Safepoint "Cleanup", Time since last: 2000001400 ns, Reaching safepoint: 111000 ns, At safepoint: 6800 ns, Total: 117800 ns
[2020-09-28T10:33:07.783+0000][30964][safepoint    ] Safepoint "Cleanup", Time since last: 1000758700 ns, Reaching safepoint: 159900 ns, At safepoint: 4900 ns, Total: 164800 ns
[2020-09-28T10:33:09.784+0000][30964][safepoint    ] Safepoint "Cleanup", Time since last: 2000912700 ns, Reaching safepoint: 116400 ns, At safepoint: 7300 ns, Total: 123700 ns
[2020-09-28T10:33:11.785+0000][30964][safepoint    ] Safepoint "Cleanup", Time since last: 2000138500 ns, Reaching safepoint: 142100 ns, At safepoint: 6200 ns, Total: 148300 ns
[2020-09-28T10:33:12.785+0000][30964][safepoint    ] Safepoint "Cleanup", Time since last: 1000414900 ns, Reaching safepoint: 123400 ns, At safepoint: 27600 ns, Total: 151000 ns
[2020-09-28T10:33:14.786+0000][30964][safepoint    ] Safepoint "Cleanup", Time since last: 2000843000 ns, Reaching safepoint: 194200 ns, At safepoint: 5700 ns, Total: 199900 ns
[2020-09-28T10:33:15.787+0000][30964][safepoint    ] Safepoint "Cleanup", Time since last: 1000708400 ns, Reaching safepoint: 120200 ns, At safepoint: 6300 ns, Total: 126500 ns
[2020-09-28T10:33:16.788+0000][30964][safepoint    ] Safepoint "Cleanup", Time since last: 1000467700 ns, Reaching safepoint: 164300 ns, At safepoint: 5600 ns, Total: 169900 ns
[2020-09-28T10:33:18.788+0000][30964][safepoint    ] Safepoint "Cleanup", Time since last: 2000105400 ns, Reaching safepoint: 129400 ns, At safepoint: 5700 ns, Total: 135100 ns
[2020-09-28T10:33:19.789+0000][30964][safepoint    ] Safepoint "Cleanup", Time since last: 1000499800 ns, Reaching safepoint: 162900 ns, At safepoint: 20900 ns, Total: 183800 ns
[2020-09-28T10:33:20.790+0000][30964][safepoint    ] Safepoint "Cleanup", Time since last: 1000783800 ns, Reaching safepoint: 130100 ns, At safepoint: 6500 ns, Total: 136600 ns
[2020-09-28T10:33:21.791+0000][30964][safepoint    ] Safepoint "Cleanup", Time since last: 1001215700 ns, Reaching safepoint: 175400 ns, At safepoint: 8200 ns, Total: 183600 ns
[2020-09-28T10:33:22.791+0000][30964][safepoint    ] Safepoint "Cleanup", Time since last: 1000127800 ns, Reaching safepoint: 171300 ns, At safepoint: 9100 ns, Total: 180400 ns
[2020-09-28T10:33:23.792+0000][30964][safepoint    ] Safepoint "Cleanup", Time since last: 1000548900 ns, Reaching safepoint: 133700 ns, At safepoint: 6300 ns, Total: 140000 ns
[2020-09-28T10:33:24.792+0000][30964][safepoint    ] Safepoint "Cleanup", Time since last: 1000118700 ns, Reaching safepoint: 114400 ns, At safepoint: 6400 ns, Total: 120800 ns
[2020-09-28T10:33:25.793+0000][30964][safepoint    ] Safepoint "Cleanup", Time since last: 1000826700 ns, Reaching safepoint: 107500 ns, At safepoint: 6200 ns, Total: 113700 ns
[2020-09-28T10:33:26.794+0000][30964][safepoint    ] Safepoint "Cleanup", Time since last: 1000361800 ns, Reaching safepoint: 141700 ns, At safepoint: 5800 ns, Total: 147500 ns
[2020-09-28T10:33:27.794+0000][30964][safepoint    ] Safepoint "Cleanup", Time since last: 1000468900 ns, Reaching safepoint: 104700 ns, At safepoint: 5000 ns, Total: 109700 ns
[2020-09-28T10:33:28.795+0000][30964][safepoint    ] Safepoint "Cleanup", Time since last: 1000694300 ns, Reaching safepoint: 121300 ns, At safepoint: 6600 ns, Total: 127900 ns
[2020-09-28T10:33:29.795+0000][30964][safepoint    ] Safepoint "Cleanup", Time since last: 1000218500 ns, Reaching safepoint: 100900 ns, At safepoint: 7400 ns, Total: 108300 ns
[2020-09-28T10:33:30.796+0000][30964][safepoint    ] Safepoint "Cleanup", Time since last: 1000913100 ns, Reaching safepoint: 112500 ns, At safepoint: 6300 ns, Total: 118800 ns
[2020-09-28T10:33:31.797+0000][30964][safepoint    ] Safepoint "Cleanup", Time since last: 1000378400 ns, Reaching safepoint: 144500 ns, At safepoint: 7700 ns, Total: 152200 ns
[2020-09-28T10:33:32.797+0000][30964][safepoint    ] Safepoint "Cleanup", Time since last: 1000085500 ns, Reaching safepoint: 130900 ns, At safepoint: 3600 ns, Total: 134500 ns
[2020-09-28T10:33:33.797+0000][30964][safepoint    ] Safepoint "Cleanup", Time since last: 1000155600 ns, Reaching safepoint: 431400 ns, At safepoint: 19700 ns, Total: 451100 ns
[2020-09-28T10:33:34.798+0000][30964][safepoint    ] Safepoint "Cleanup", Time since last: 1000080300 ns, Reaching safepoint: 108700 ns, At safepoint: 5100 ns, Total: 113800 ns
[2020-09-28T10:33:35.798+0000][30964][safepoint    ] Safepoint "Cleanup", Time since last: 1000265300 ns, Reaching safepoint: 161800 ns, At safepoint: 5500 ns, Total: 167300 ns
[2020-09-28T10:33:37.799+0000][30964][safepoint    ] Safepoint "Cleanup", Time since last: 2000645000 ns, Reaching safepoint: 142000 ns, At safepoint: 5700 ns, Total: 147700 ns
[2020-09-28T10:33:38.799+0000][30964][safepoint    ] Safepoint "Cleanup", Time since last: 1000145700 ns, Reaching safepoint: 120300 ns, At safepoint: 6200 ns, Total: 126500 ns
[2020-09-28T10:33:39.800+0000][30964][safepoint    ] Safepoint "Cleanup", Time since last: 1000669200 ns, Reaching safepoint: 115400 ns, At safepoint: 6100 ns, Total: 121500 ns
[2020-09-28T10:33:40.801+0000][30964][safepoint    ] Safepoint "Cleanup", Time since last: 1000290000 ns, Reaching safepoint: 95800 ns, At safepoint: 3900 ns, Total: 99700 ns
[2020-09-28T10:33:42.610+0000][30964][safepoint    ] Safepoint "Cleanup", Time since last: 1809609700 ns, Reaching safepoint: 145800 ns, At safepoint: 6800 ns, Total: 152600 ns
[2020-09-28T10:33:43.611+0000][30964][safepoint    ] Safepoint "Cleanup", Time since last: 1000227700 ns, Reaching safepoint: 117300 ns, At safepoint: 7200 ns, Total: 124500 ns
[2020-09-28T10:33:44.611+0000][30964][safepoint    ] Safepoint "Cleanup", Time since last: 1000028500 ns, Reaching safepoint: 113100 ns, At safepoint: 5700 ns, Total: 118800 ns
[2020-09-28T10:33:45.612+0000][30964][safepoint    ] Safepoint "Cleanup", Time since last: 1000491400 ns, Reaching safepoint: 130600 ns, At safepoint: 7000 ns, Total: 137600 ns
[2020-09-28T10:33:46.612+0000][30964][safepoint    ] Safepoint "Cleanup", Time since last: 1000227900 ns, Reaching safepoint: 101000 ns, At safepoint: 6300 ns, Total: 107300 ns
[2020-09-28T10:33:47.612+0000][30964][safepoint    ] Safepoint "Cleanup", Time since last: 1000317400 ns, Reaching safepoint: 115400 ns, At safepoint: 7400 ns, Total: 122800 ns
[2020-09-28T10:33:48.613+0000][30964][safepoint    ] Safepoint "Cleanup", Time since last: 1001039800 ns, Reaching safepoint: 159900 ns, At safepoint: 6300 ns, Total: 166200 ns
[2020-09-28T10:33:49.614+0000][30964][safepoint    ] Safepoint "Cleanup", Time since last: 1000623700 ns, Reaching safepoint: 139900 ns, At safepoint: 5000 ns, Total: 144900 ns
[2020-09-28T10:33:50.615+0000][30964][safepoint    ] Safepoint "Cleanup", Time since last: 1000612600 ns, Reaching safepoint: 197800 ns, At safepoint: 7200 ns, Total: 205000 ns
[2020-09-28T10:33:51.616+0000][30964][safepoint    ] Safepoint "Cleanup", Time since last: 1000661300 ns, Reaching safepoint: 167000 ns, At safepoint: 5900 ns, Total: 172900 ns
[2020-09-28T10:33:53.616+0000][30964][safepoint    ] Safepoint "Cleanup", Time since last: 2000349200 ns, Reaching safepoint: 141200 ns, At safepoint: 3000 ns, Total: 144200 ns
[2020-09-28T10:33:54.617+0000][30964][safepoint    ] Safepoint "Cleanup", Time since last: 1000691600 ns, Reaching safepoint: 126400 ns, At safepoint: 6800 ns, Total: 133200 ns
[2020-09-28T10:33:55.617+0000][30964][safepoint    ] Safepoint "Cleanup", Time since last: 1000093100 ns, Reaching safepoint: 125600 ns, At safepoint: 5300 ns, Total: 130900 ns
[2020-09-28T10:33:56.618+0000][30964][safepoint    ] Safepoint "Cleanup", Time since last: 1000265100 ns, Reaching safepoint: 138300 ns, At safepoint: 5300 ns, Total: 143600 ns
[2020-09-28T10:33:57.619+0000][30964][safepoint    ] Safepoint "Cleanup", Time since last: 1000707300 ns, Reaching safepoint: 119700 ns, At safepoint: 3600 ns, Total: 123300 ns
[2020-09-28T10:33:58.619+0000][30964][safepoint    ] Safepoint "Cleanup", Time since last: 1000359500 ns, Reaching safepoint: 107600 ns, At safepoint: 7000 ns, Total: 114600 ns
[2020-09-28T10:33:59.620+0000][30964][safepoint    ] Safepoint "Cleanup", Time since last: 1000738800 ns, Reaching safepoint: 124700 ns, At safepoint: 6600 ns, Total: 131300 ns
[2020-09-28T10:34:00.620+0000][30964][safepoint    ] Safepoint "Cleanup", Time since last: 1000335800 ns, Reaching safepoint: 110000 ns, At safepoint: 6200 ns, Total: 116200 ns
[2020-09-28T10:34:01.621+0000][30964][safepoint    ] Safepoint "Cleanup", Time since last: 1000662300 ns, Reaching safepoint: 124600 ns, At safepoint: 6400 ns, Total: 131000 ns
[2020-09-28T10:34:02.622+0000][30964][safepoint    ] Safepoint "Cleanup", Time since last: 1000647200 ns, Reaching safepoint: 131200 ns, At safepoint: 9500 ns, Total: 140700 ns
[2020-09-28T10:34:03.623+0000][30964][safepoint    ] Safepoint "Cleanup", Time since last: 1000664300 ns, Reaching safepoint: 116400 ns, At safepoint: 8200 ns, Total: 124600 ns
[2020-09-28T10:34:04.624+0000][30964][safepoint    ] Safepoint "Cleanup", Time since last: 1000555500 ns, Reaching safepoint: 112200 ns, At safepoint: 7000 ns, Total: 119200 ns
[2020-09-28T10:34:05.624+0000][30964][safepoint    ] Safepoint "Cleanup", Time since last: 1000810800 ns, Reaching safepoint: 123400 ns, At safepoint: 6400 ns, Total: 129800 ns
[2020-09-28T10:34:06.625+0000][30964][safepoint    ] Safepoint "Cleanup", Time since last: 1000160200 ns, Reaching safepoint: 95500 ns, At safepoint: 3700 ns, Total: 99200 ns
[2020-09-28T10:34:07.626+0000][30964][safepoint    ] Safepoint "Cleanup", Time since last: 1000664800 ns, Reaching safepoint: 147600 ns, At safepoint: 7900 ns, Total: 155500 ns
[2020-09-28T10:34:08.626+0000][30964][safepoint    ] Safepoint "Cleanup", Time since last: 1000144300 ns, Reaching safepoint: 115100 ns, At safepoint: 8600 ns, Total: 123700 ns
[2020-09-28T10:34:09.626+0000][30964][safepoint    ] Safepoint "Cleanup", Time since last: 1000451200 ns, Reaching safepoint: 150100 ns, At safepoint: 20900 ns, Total: 171000 ns
[2020-09-28T10:34:10.627+0000][30964][safepoint    ] Safepoint "Cleanup", Time since last: 1000181300 ns, Reaching safepoint: 151600 ns, At safepoint: 21000 ns, Total: 172600 ns
[2020-09-28T10:34:11.627+0000][30964][safepoint    ] Safepoint "Cleanup", Time since last: 1000067400 ns, Reaching safepoint: 120000 ns, At safepoint: 6600 ns, Total: 126600 ns
[2020-09-28T10:34:12.627+0000][30964][safepoint    ] Safepoint "Cleanup", Time since last: 1000190700 ns, Reaching safepoint: 105700 ns, At safepoint: 5600 ns, Total: 111300 ns
[2020-09-28T10:34:13.628+0000][30964][safepoint    ] Safepoint "Cleanup", Time since last: 1000751600 ns, Reaching safepoint: 113500 ns, At safepoint: 20500 ns, Total: 134000 ns
[2020-09-28T10:34:14.628+0000][30964][safepoint    ] Safepoint "Cleanup", Time since last: 1000077700 ns, Reaching safepoint: 146400 ns, At safepoint: 5200 ns, Total: 151600 ns
[2020-09-28T10:34:15.629+0000][30964][safepoint    ] Safepoint "Cleanup", Time since last: 1000038100 ns, Reaching safepoint: 137000 ns, At safepoint: 6500 ns, Total: 143500 ns
[2020-09-28T10:34:16.629+0000][30964][safepoint    ] Safepoint "Cleanup", Time since last: 1000440500 ns, Reaching safepoint: 142200 ns, At safepoint: 5400 ns, Total: 147600 ns
[2020-09-28T10:34:17.630+0000][30964][safepoint    ] Safepoint "Cleanup", Time since last: 1000336700 ns, Reaching safepoint: 114400 ns, At safepoint: 5900 ns, Total: 120300 ns
[2020-09-28T10:34:18.630+0000][30964][safepoint    ] Safepoint "Cleanup", Time since last: 1000396800 ns, Reaching safepoint: 142500 ns, At safepoint: 5500 ns, Total: 148000 ns
[2020-09-28T10:34:19.631+0000][30964][safepoint    ] Safepoint "Cleanup", Time since last: 1000812900 ns, Reaching safepoint: 129600 ns, At safepoint: 20900 ns, Total: 150500 ns
[2020-09-28T10:34:20.632+0000][30964][safepoint    ] Safepoint "Cleanup", Time since last: 1000492300 ns, Reaching safepoint: 140600 ns, At safepoint: 5700 ns, Total: 146300 ns
[2020-09-28T10:34:21.632+0000][30964][safepoint    ] Safepoint "Cleanup", Time since last: 1000458200 ns, Reaching safepoint: 132100 ns, At safepoint: 6200 ns, Total: 138300 ns
[2020-09-28T10:34:22.633+0000][30964][safepoint    ] Safepoint "Cleanup", Time since last: 1000615500 ns, Reaching safepoint: 162100 ns, At safepoint: 5300 ns, Total: 167400 ns
[2020-09-28T10:34:23.633+0000][30964][safepoint    ] Safepoint "Cleanup", Time since last: 1000133100 ns, Reaching safepoint: 110500 ns, At safepoint: 5800 ns, Total: 116300 ns
[2020-09-28T10:34:24.634+0000][30964][safepoint    ] Safepoint "Cleanup", Time since last: 1000364000 ns, Reaching safepoint: 128900 ns, At safepoint: 5600 ns, Total: 134500 ns
[2020-09-28T10:34:25.634+0000][30964][safepoint    ] Safepoint "Cleanup", Time since last: 1000487900 ns, Reaching safepoint: 101100 ns, At safepoint: 6800 ns, Total: 107900 ns
[2020-09-28T10:34:26.635+0000][30964][safepoint    ] Safepoint "Cleanup", Time since last: 1000574400 ns, Reaching safepoint: 168000 ns, At safepoint: 7200 ns, Total: 175200 ns
[2020-09-28T10:34:27.636+0000][30964][safepoint    ] Safepoint "Cleanup", Time since last: 1000805400 ns, Reaching safepoint: 132800 ns, At safepoint: 7700 ns, Total: 140500 ns
[2020-09-28T10:34:28.636+0000][30964][safepoint    ] Safepoint "Cleanup", Time since last: 1000175300 ns, Reaching safepoint: 202600 ns, At safepoint: 13300 ns, Total: 215900 ns
[2020-09-28T10:34:30.637+0000][30964][safepoint    ] Safepoint "Cleanup", Time since last: 2000192200 ns, Reaching safepoint: 129600 ns, At safepoint: 2600 ns, Total: 132200 ns
[2020-09-28T10:34:31.638+0000][30964][safepoint    ] Safepoint "Cleanup", Time since last: 1000569200 ns, Reaching safepoint: 98400 ns, At safepoint: 6000 ns, Total: 104400 ns
[2020-09-28T10:34:32.638+0000][30964][safepoint    ] Safepoint "Cleanup", Time since last: 1000461800 ns, Reaching safepoint: 156200 ns, At safepoint: 21100 ns, Total: 177300 ns
[2020-09-28T10:34:33.638+0000][30964][safepoint    ] Safepoint "Cleanup", Time since last: 1000067500 ns, Reaching safepoint: 143100 ns, At safepoint: 3400 ns, Total: 146500 ns
[2020-09-28T10:34:35.640+0000][30964][safepoint    ] Safepoint "Cleanup", Time since last: 2001025400 ns, Reaching safepoint: 137800 ns, At safepoint: 5500 ns, Total: 143300 ns
[2020-09-28T10:34:36.640+0000][30964][safepoint    ] Safepoint "Cleanup", Time since last: 1000622800 ns, Reaching safepoint: 133600 ns, At safepoint: 6100 ns, Total: 139700 ns
[2020-09-28T10:34:37.641+0000][30964][safepoint    ] Safepoint "Cleanup", Time since last: 1000246100 ns, Reaching safepoint: 146200 ns, At safepoint: 5700 ns, Total: 151900 ns
[2020-09-28T10:34:38.642+0000][30964][safepoint    ] Safepoint "Cleanup", Time since last: 1000783500 ns, Reaching safepoint: 139900 ns, At safepoint: 5600 ns, Total: 145500 ns
[2020-09-28T10:34:40.642+0000][30964][safepoint    ] Safepoint "Cleanup", Time since last: 2000379100 ns, Reaching safepoint: 108400 ns, At safepoint: 6000 ns, Total: 114400 ns
[2020-09-28T10:34:42.615+0000][30964][safepoint    ] Safepoint "Cleanup", Time since last: 1972250900 ns, Reaching safepoint: 176200 ns, At safepoint: 6100 ns, Total: 182300 ns
[2020-09-28T10:34:43.615+0000][30964][safepoint    ] Safepoint "Cleanup", Time since last: 1000523800 ns, Reaching safepoint: 99300 ns, At safepoint: 6800 ns, Total: 106100 ns
[2020-09-28T10:34:44.616+0000][30964][safepoint    ] Safepoint "Cleanup", Time since last: 1000627600 ns, Reaching safepoint: 137300 ns, At safepoint: 5600 ns, Total: 142900 ns
[2020-09-28T10:34:45.617+0000][30964][safepoint    ] Safepoint "Cleanup", Time since last: 1000450200 ns, Reaching safepoint: 125900 ns, At safepoint: 7200 ns, Total: 133100 ns
[2020-09-28T10:34:46.617+0000][30964][safepoint    ] Safepoint "Cleanup", Time since last: 1000516300 ns, Reaching safepoint: 114100 ns, At safepoint: 4300 ns, Total: 118400 ns
[2020-09-28T10:34:47.618+0000][30964][safepoint    ] Safepoint "Cleanup", Time since last: 1000550000 ns, Reaching safepoint: 112000 ns, At safepoint: 5700 ns, Total: 117700 ns
[2020-09-28T10:34:48.619+0000][30964][safepoint    ] Safepoint "Cleanup", Time since last: 1000802200 ns, Reaching safepoint: 89500 ns, At safepoint: 5900 ns, Total: 95400 ns
[2020-09-28T10:34:50.620+0000][30964][safepoint    ] Safepoint "Cleanup", Time since last: 2000709800 ns, Reaching safepoint: 123600 ns, At safepoint: 5800 ns, Total: 129400 ns
[2020-09-28T10:34:51.620+0000][30964][safepoint    ] Safepoint "Cleanup", Time since last: 1000034000 ns, Reaching safepoint: 155300 ns, At safepoint: 9900 ns, Total: 165200 ns
[2020-09-28T10:34:52.620+0000][30964][safepoint    ] Safepoint "Cleanup", Time since last: 1000212800 ns, Reaching safepoint: 281500 ns, At safepoint: 7900 ns, Total: 289400 ns
[2020-09-28T10:34:53.621+0000][30964][safepoint    ] Safepoint "Cleanup", Time since last: 1000168600 ns, Reaching safepoint: 109800 ns, At safepoint: 5500 ns, Total: 115300 ns
[2020-09-28T10:34:54.621+0000][30964][safepoint    ] Safepoint "Cleanup", Time since last: 1000282000 ns, Reaching safepoint: 113600 ns, At safepoint: 5100 ns, Total: 118700 ns
[2020-09-28T10:34:56.622+0000][30964][safepoint    ] Safepoint "Cleanup", Time since last: 2000989100 ns, Reaching safepoint: 131300 ns, At safepoint: 6100 ns, Total: 137400 ns
[2020-09-28T10:34:57.622+0000][30964][safepoint    ] Safepoint "Cleanup", Time since last: 1000242600 ns, Reaching safepoint: 120300 ns, At safepoint: 5700 ns, Total: 126000 ns
[2020-09-28T10:34:58.623+0000][30964][safepoint    ] Safepoint "Cleanup", Time since last: 1000427500 ns, Reaching safepoint: 141600 ns, At safepoint: 4900 ns, Total: 146500 ns
[2020-09-28T10:34:59.623+0000][30964][safepoint    ] Safepoint "Cleanup", Time since last: 1000101700 ns, Reaching safepoint: 136900 ns, At safepoint: 6000 ns, Total: 142900 ns
[2020-09-28T10:35:00.624+0000][30964][safepoint    ] Safepoint "Cleanup", Time since last: 1000205100 ns, Reaching safepoint: 100400 ns, At safepoint: 5900 ns, Total: 106300 ns
[2020-09-28T10:35:01.624+0000][30964][safepoint    ] Safepoint "Cleanup", Time since last: 1000575300 ns, Reaching safepoint: 169800 ns, At safepoint: 6300 ns, Total: 176100 ns
[2020-09-28T10:35:02.625+0000][30964][safepoint    ] Safepoint "Cleanup", Time since last: 1000030200 ns, Reaching safepoint: 116300 ns, At safepoint: 6700 ns, Total: 123000 ns
[2020-09-28T10:35:04.625+0000][30964][safepoint    ] Safepoint "Cleanup", Time since last: 2000285900 ns, Reaching safepoint: 115800 ns, At safepoint: 13800 ns, Total: 129600 ns
[2020-09-28T10:35:05.626+0000][30964][safepoint    ] Safepoint "Cleanup", Time since last: 1000813600 ns, Reaching safepoint: 148900 ns, At safepoint: 8800 ns, Total: 157700 ns
[2020-09-28T10:35:06.626+0000][30964][safepoint    ] Safepoint "Cleanup", Time since last: 1000251300 ns, Reaching safepoint: 108100 ns, At safepoint: 6600 ns, Total: 114700 ns
[2020-09-28T10:35:07.627+0000][30964][safepoint    ] Safepoint "Cleanup", Time since last: 1000213900 ns, Reaching safepoint: 109200 ns, At safepoint: 7100 ns, Total: 116300 ns
[2020-09-28T10:35:09.628+0000][30964][safepoint    ] Safepoint "Cleanup", Time since last: 2000865500 ns, Reaching safepoint: 132100 ns, At safepoint: 8100 ns, Total: 140200 ns
[2020-09-28T10:35:10.628+0000][30964][safepoint    ] Safepoint "Cleanup", Time since last: 1000643600 ns, Reaching safepoint: 105600 ns, At safepoint: 6400 ns, Total: 112000 ns
[2020-09-28T10:35:11.629+0000][30964][safepoint    ] Safepoint "Cleanup", Time since last: 1000410800 ns, Reaching safepoint: 108500 ns, At safepoint: 3900 ns, Total: 112400 ns
[2020-09-28T10:35:12.629+0000][30964][safepoint    ] Safepoint "Cleanup", Time since last: 1000521600 ns, Reaching safepoint: 116900 ns, At safepoint: 6300 ns, Total: 123200 ns
[2020-09-28T10:35:13.630+0000][30964][safepoint    ] Safepoint "Cleanup", Time since last: 1000395800 ns, Reaching safepoint: 122900 ns, At safepoint: 5800 ns, Total: 128700 ns
[2020-09-28T10:35:14.631+0000][30964][safepoint    ] Safepoint "Cleanup", Time since last: 1000697100 ns, Reaching safepoint: 107100 ns, At safepoint: 3700 ns, Total: 110800 ns
[2020-09-28T10:35:15.631+0000][30964][safepoint    ] Safepoint "Cleanup", Time since last: 1000308600 ns, Reaching safepoint: 134500 ns, At safepoint: 4200 ns, Total: 138700 ns
[2020-09-28T10:35:16.632+0000][30964][safepoint    ] Safepoint "Cleanup", Time since last: 1000145900 ns, Reaching safepoint: 123900 ns, At safepoint: 10300 ns, Total: 134200 ns
[2020-09-28T10:35:17.632+0000][30964][safepoint    ] Safepoint "Cleanup", Time since last: 1000323500 ns, Reaching safepoint: 123200 ns, At safepoint: 13400 ns, Total: 136600 ns
[2020-09-28T10:35:18.633+0000][30964][safepoint    ] Safepoint "Cleanup", Time since last: 1000765400 ns, Reaching safepoint: 211600 ns, At safepoint: 10300 ns, Total: 221900 ns
[2020-09-28T10:35:20.633+0000][30964][safepoint    ] Safepoint "Cleanup", Time since last: 2000246800 ns, Reaching safepoint: 120300 ns, At safepoint: 5700 ns, Total: 126000 ns
[2020-09-28T10:35:20.759+0000][30964][gc,start     ] GC(21) Pause Young (Normal) (G1 Evacuation Pause)
[2020-09-28T10:35:20.759+0000][30964][gc,task      ] GC(21) Using 8 workers of 8 for evacuation
[2020-09-28T10:35:20.760+0000][30964][gc,age       ] GC(21) Desired survivor size 34078720 bytes, new threshold 15 (max threshold 15)
[2020-09-28T10:35:20.796+0000][30964][gc,age       ] GC(21) Age table with threshold 15 (max threshold 15)
[2020-09-28T10:35:20.796+0000][30964][gc,age       ] GC(21) - age   1:      16704 bytes,      16704 total
[2020-09-28T10:35:20.797+0000][30964][gc,age       ] GC(21) - age   2:      10008 bytes,      26712 total
[2020-09-28T10:35:20.797+0000][30964][gc,age       ] GC(21) - age   3:     263840 bytes,     290552 total
[2020-09-28T10:35:20.797+0000][30964][gc,age       ] GC(21) - age   4:    1056184 bytes,    1346736 total
[2020-09-28T10:35:20.797+0000][30964][gc,age       ] GC(21) - age   5:     169776 bytes,    1516512 total
[2020-09-28T10:35:20.797+0000][30964][gc,age       ] GC(21) - age   6:    1688472 bytes,    3204984 total
[2020-09-28T10:35:20.797+0000][30964][gc,age       ] GC(21) - age   7:     613168 bytes,    3818152 total
[2020-09-28T10:35:20.797+0000][30964][gc,age       ] GC(21) - age   8:   10605312 bytes,   14423464 total
[2020-09-28T10:35:20.797+0000][30964][gc,age       ] GC(21) - age   9:    7889656 bytes,   22313120 total
[2020-09-28T10:35:20.797+0000][30964][gc,phases    ] GC(21)   Pre Evacuate Collection Set: 0.2ms
[2020-09-28T10:35:20.797+0000][30964][gc,phases    ] GC(21)   Merge Heap Roots: 0.2ms
[2020-09-28T10:35:20.797+0000][30964][gc,phases    ] GC(21)   Evacuate Collection Set: 33.5ms
[2020-09-28T10:35:20.797+0000][30964][gc,phases    ] GC(21)   Post Evacuate Collection Set: 2.3ms
[2020-09-28T10:35:20.797+0000][30964][gc,phases    ] GC(21)   Other: 0.6ms
[2020-09-28T10:35:20.797+0000][30964][gc,heap      ] GC(21) Eden regions: 492->0(498)
[2020-09-28T10:35:20.797+0000][30964][gc,heap      ] GC(21) Survivor regions: 23->23(65)
[2020-09-28T10:35:20.797+0000][30964][gc,heap      ] GC(21) Old regions: 50->50
[2020-09-28T10:35:20.797+0000][30964][gc,heap      ] GC(21) Archive regions: 0->0
[2020-09-28T10:35:20.797+0000][30964][gc,heap      ] GC(21) Humongous regions: 174->174
[2020-09-28T10:35:20.797+0000][30964][gc,metaspace ] GC(21) Metaspace: 82212K(88192K)->82212K(88192K) NonClass: 71406K(75008K)->71406K(75008K) Class: 10806K(13184K)->10806K(13184K)
[2020-09-28T10:35:20.797+0000][30964][gc           ] GC(21) Pause Young (Normal) (G1 Evacuation Pause) 738M->246M(1024M) 36.996ms
[2020-09-28T10:35:20.797+0000][30964][gc,cpu       ] GC(21) User=0.09s Sys=0.06s Real=0.04s
[2020-09-28T10:35:20.797+0000][30964][safepoint    ] Safepoint "G1CollectForAllocation", Time since last: 126493200 ns, Reaching safepoint: 110300 ns, At safepoint: 37217400 ns, Total: 37327700 ns
[2020-09-28T10:35:21.798+0000][30964][safepoint    ] Safepoint "Cleanup", Time since last: 1000306400 ns, Reaching safepoint: 123200 ns, At safepoint: 6900 ns, Total: 130100 ns
[2020-09-28T10:35:23.798+0000][30964][safepoint    ] Safepoint "Cleanup", Time since last: 2000648300 ns, Reaching safepoint: 115200 ns, At safepoint: 10400 ns, Total: 125600 ns
[2020-09-28T10:35:24.799+0000][30964][safepoint    ] Safepoint "Cleanup", Time since last: 1000275700 ns, Reaching safepoint: 188400 ns, At safepoint: 3500 ns, Total: 191900 ns
[2020-09-28T10:35:25.799+0000][30964][safepoint    ] Safepoint "Cleanup", Time since last: 1000385800 ns, Reaching safepoint: 110200 ns, At safepoint: 2900 ns, Total: 113100 ns
[2020-09-28T10:35:26.800+0000][30964][safepoint    ] Safepoint "Cleanup", Time since last: 1000587700 ns, Reaching safepoint: 267900 ns, At safepoint: 6000 ns, Total: 273900 ns
[2020-09-28T10:35:28.801+0000][30964][safepoint    ] Safepoint "Cleanup", Time since last: 2000527900 ns, Reaching safepoint: 121500 ns, At safepoint: 6500 ns, Total: 128000 ns
[2020-09-28T10:35:29.802+0000][30964][safepoint    ] Safepoint "Cleanup", Time since last: 1000734800 ns, Reaching safepoint: 146900 ns, At safepoint: 5800 ns, Total: 152700 ns
[2020-09-28T10:35:30.803+0000][30964][safepoint    ] Safepoint "Cleanup", Time since last: 1000679400 ns, Reaching safepoint: 154800 ns, At safepoint: 5500 ns, Total: 160300 ns
[2020-09-28T10:35:31.803+0000][30964][safepoint    ] Safepoint "Cleanup", Time since last: 1000767500 ns, Reaching safepoint: 166100 ns, At safepoint: 21400 ns, Total: 187500 ns
[2020-09-28T10:35:32.804+0000][30964][safepoint    ] Safepoint "Cleanup", Time since last: 1000228300 ns, Reaching safepoint: 176300 ns, At safepoint: 4600 ns, Total: 180900 ns
[2020-09-28T10:35:34.804+0000][30964][safepoint    ] Safepoint "Cleanup", Time since last: 2000111400 ns, Reaching safepoint: 171600 ns, At safepoint: 11700 ns, Total: 183300 ns
[2020-09-28T10:35:35.805+0000][30964][safepoint    ] Safepoint "Cleanup", Time since last: 1000563600 ns, Reaching safepoint: 106000 ns, At safepoint: 3000 ns, Total: 109000 ns
[2020-09-28T10:35:36.806+0000][30964][safepoint    ] Safepoint "Cleanup", Time since last: 1000714400 ns, Reaching safepoint: 109000 ns, At safepoint: 6600 ns, Total: 115600 ns
[2020-09-28T10:35:37.806+0000][30964][safepoint    ] Safepoint "Cleanup", Time since last: 1000489300 ns, Reaching safepoint: 125900 ns, At safepoint: 5800 ns, Total: 131700 ns
[2020-09-28T10:35:38.807+0000][30964][safepoint    ] Safepoint "Cleanup", Time since last: 1000895400 ns, Reaching safepoint: 150700 ns, At safepoint: 5800 ns, Total: 156500 ns
[2020-09-28T10:35:39.808+0000][30964][safepoint    ] Safepoint "Cleanup", Time since last: 1000012200 ns, Reaching safepoint: 158000 ns, At safepoint: 5500 ns, Total: 163500 ns
[2020-09-28T10:35:40.808+0000][30964][safepoint    ] Safepoint "Cleanup", Time since last: 1000468200 ns, Reaching safepoint: 119500 ns, At safepoint: 5800 ns, Total: 125300 ns
[2020-09-28T10:35:42.623+0000][30964][safepoint    ] Safepoint "Cleanup", Time since last: 1814518400 ns, Reaching safepoint: 146400 ns, At safepoint: 6000 ns, Total: 152400 ns
[2020-09-28T10:35:43.624+0000][30964][safepoint    ] Safepoint "Cleanup", Time since last: 1000648100 ns, Reaching safepoint: 171900 ns, At safepoint: 8400 ns, Total: 180300 ns
[2020-09-28T10:35:44.624+0000][30964][safepoint    ] Safepoint "Cleanup", Time since last: 1000465900 ns, Reaching safepoint: 149600 ns, At safepoint: 5800 ns, Total: 155400 ns
[2020-09-28T10:35:45.625+0000][30964][safepoint    ] Safepoint "Cleanup", Time since last: 1000650200 ns, Reaching safepoint: 141400 ns, At safepoint: 4000 ns, Total: 145400 ns
[2020-09-28T10:35:46.626+0000][30964][safepoint    ] Safepoint "Cleanup", Time since last: 1000267200 ns, Reaching safepoint: 143000 ns, At safepoint: 5600 ns, Total: 148600 ns
[2020-09-28T10:35:47.626+0000][30964][safepoint    ] Safepoint "Cleanup", Time since last: 1000140000 ns, Reaching safepoint: 143200 ns, At safepoint: 5100 ns, Total: 148300 ns
[2020-09-28T10:35:48.626+0000][30964][safepoint    ] Safepoint "Cleanup", Time since last: 1000118100 ns, Reaching safepoint: 133900 ns, At safepoint: 5700 ns, Total: 139600 ns
[2020-09-28T10:35:49.626+0000][30964][safepoint    ] Safepoint "Cleanup", Time since last: 1000115100 ns, Reaching safepoint: 120700 ns, At safepoint: 14200 ns, Total: 134900 ns
[2020-09-28T10:35:50.627+0000][30964][safepoint    ] Safepoint "Cleanup", Time since last: 1000314900 ns, Reaching safepoint: 117100 ns, At safepoint: 15800 ns, Total: 132900 ns
[2020-09-28T10:35:51.627+0000][30964][safepoint    ] Safepoint "Cleanup", Time since last: 1000245700 ns, Reaching safepoint: 130900 ns, At safepoint: 6200 ns, Total: 137100 ns
[2020-09-28T10:35:52.628+0000][30964][safepoint    ] Safepoint "Cleanup", Time since last: 1000271300 ns, Reaching safepoint: 145600 ns, At safepoint: 5100 ns, Total: 150700 ns
[2020-09-28T10:35:53.628+0000][30964][safepoint    ] Safepoint "Cleanup", Time since last: 1000169300 ns, Reaching safepoint: 140400 ns, At safepoint: 7600 ns, Total: 148000 ns
[2020-09-28T10:35:54.629+0000][30964][safepoint    ] Safepoint "Cleanup", Time since last: 1000737500 ns, Reaching safepoint: 124500 ns, At safepoint: 3200 ns, Total: 127700 ns
[2020-09-28T10:35:56.630+0000][30964][safepoint    ] Safepoint "Cleanup", Time since last: 2000672400 ns, Reaching safepoint: 118200 ns, At safepoint: 6800 ns, Total: 125000 ns
[2020-09-28T10:35:57.630+0000][30964][safepoint    ] Safepoint "Cleanup", Time since last: 1000310900 ns, Reaching safepoint: 144200 ns, At safepoint: 7900 ns, Total: 152100 ns
[2020-09-28T10:35:58.631+0000][30964][safepoint    ] Safepoint "Cleanup", Time since last: 1000602100 ns, Reaching safepoint: 243700 ns, At safepoint: 19500 ns, Total: 263200 ns
[2020-09-28T10:35:59.631+0000][30964][safepoint    ] Safepoint "Cleanup", Time since last: 1000288800 ns, Reaching safepoint: 134800 ns, At safepoint: 6100 ns, Total: 140900 ns
[2020-09-28T10:36:01.632+0000][30964][safepoint    ] Safepoint "Cleanup", Time since last: 2000915000 ns, Reaching safepoint: 155600 ns, At safepoint: 6600 ns, Total: 162200 ns
[2020-09-28T10:36:02.633+0000][30964][safepoint    ] Safepoint "Cleanup", Time since last: 1000753000 ns, Reaching safepoint: 118600 ns, At safepoint: 3900 ns, Total: 122500 ns
[2020-09-28T10:36:04.634+0000][30964][safepoint    ] Safepoint "Cleanup", Time since last: 2000507900 ns, Reaching safepoint: 106200 ns, At safepoint: 5400 ns, Total: 111600 ns
[2020-09-28T10:36:05.634+0000][30964][safepoint    ] Safepoint "Cleanup", Time since last: 1000049400 ns, Reaching safepoint: 91900 ns, At safepoint: 14800 ns, Total: 106700 ns
[2020-09-28T10:36:06.634+0000][30964][safepoint    ] Safepoint "Cleanup", Time since last: 1000114800 ns, Reaching safepoint: 132400 ns, At safepoint: 5900 ns, Total: 138300 ns
[2020-09-28T10:36:07.635+0000][30964][safepoint    ] Safepoint "Cleanup", Time since last: 1000816400 ns, Reaching safepoint: 120400 ns, At safepoint: 6300 ns, Total: 126700 ns
[2020-09-28T10:36:08.635+0000][30964][safepoint    ] Safepoint "Cleanup", Time since last: 1000086700 ns, Reaching safepoint: 128900 ns, At safepoint: 7900 ns, Total: 136800 ns
[2020-09-28T10:36:09.636+0000][30964][safepoint    ] Safepoint "Cleanup", Time since last: 1000423100 ns, Reaching safepoint: 165700 ns, At safepoint: 9500 ns, Total: 175200 ns
[2020-09-28T10:36:10.637+0000][30964][safepoint    ] Safepoint "Cleanup", Time since last: 1000749200 ns, Reaching safepoint: 111600 ns, At safepoint: 7600 ns, Total: 119200 ns
[2020-09-28T10:36:11.638+0000][30964][safepoint    ] Safepoint "Cleanup", Time since last: 1000611200 ns, Reaching safepoint: 110200 ns, At safepoint: 8900 ns, Total: 119100 ns
[2020-09-28T10:36:12.638+0000][30964][safepoint    ] Safepoint "Cleanup", Time since last: 1000398700 ns, Reaching safepoint: 128700 ns, At safepoint: 6300 ns, Total: 135000 ns
[2020-09-28T10:36:14.638+0000][30964][safepoint    ] Safepoint "Cleanup", Time since last: 1999911400 ns, Reaching safepoint: 118900 ns, At safepoint: 9900 ns, Total: 128800 ns
[2020-09-28T10:36:15.639+0000][30964][safepoint    ] Safepoint "Cleanup", Time since last: 1000151000 ns, Reaching safepoint: 129200 ns, At safepoint: 8300 ns, Total: 137500 ns
[2020-09-28T10:36:16.639+0000][30964][safepoint    ] Safepoint "Cleanup", Time since last: 1000757300 ns, Reaching safepoint: 118900 ns, At safepoint: 5000 ns, Total: 123900 ns
[2020-09-28T10:36:17.640+0000][30964][safepoint    ] Safepoint "Cleanup", Time since last: 1000418300 ns, Reaching safepoint: 114500 ns, At safepoint: 6400 ns, Total: 120900 ns
[2020-09-28T10:36:18.640+0000][30964][safepoint    ] Safepoint "Cleanup", Time since last: 1000203700 ns, Reaching safepoint: 132500 ns, At safepoint: 9100 ns, Total: 141600 ns
[2020-09-28T10:36:19.641+0000][30964][safepoint    ] Safepoint "Cleanup", Time since last: 1000550500 ns, Reaching safepoint: 175400 ns, At safepoint: 9600 ns, Total: 185000 ns
[2020-09-28T10:36:21.641+0000][30964][safepoint    ] Safepoint "Cleanup", Time since last: 2000174400 ns, Reaching safepoint: 108800 ns, At safepoint: 2800 ns, Total: 111600 ns
[2020-09-28T10:36:22.642+0000][30964][safepoint    ] Safepoint "Cleanup", Time since last: 1000327600 ns, Reaching safepoint: 163700 ns, At safepoint: 6300 ns, Total: 170000 ns
[2020-09-28T10:36:23.642+0000][30964][safepoint    ] Safepoint "Cleanup", Time since last: 1000274400 ns, Reaching safepoint: 121100 ns, At safepoint: 7900 ns, Total: 129000 ns
[2020-09-28T10:36:24.642+0000][30964][safepoint    ] Safepoint "Cleanup", Time since last: 1000009600 ns, Reaching safepoint: 128300 ns, At safepoint: 6500 ns, Total: 134800 ns
[2020-09-28T10:36:25.643+0000][30964][safepoint    ] Safepoint "Cleanup", Time since last: 1000346800 ns, Reaching safepoint: 172100 ns, At safepoint: 5300 ns, Total: 177400 ns
[2020-09-28T10:36:27.643+0000][30964][safepoint    ] Safepoint "Cleanup", Time since last: 2000085300 ns, Reaching safepoint: 125400 ns, At safepoint: 5700 ns, Total: 131100 ns
[2020-09-28T10:36:28.643+0000][30964][safepoint    ] Safepoint "Cleanup", Time since last: 1000240800 ns, Reaching safepoint: 109200 ns, At safepoint: 7700 ns, Total: 116900 ns
[2020-09-28T10:36:30.644+0000][30964][safepoint    ] Safepoint "Cleanup", Time since last: 2000033200 ns, Reaching safepoint: 125900 ns, At safepoint: 6200 ns, Total: 132100 ns
[2020-09-28T10:36:31.644+0000][30964][safepoint    ] Safepoint "Cleanup", Time since last: 1000314900 ns, Reaching safepoint: 142000 ns, At safepoint: 6000 ns, Total: 148000 ns
[2020-09-28T10:36:32.644+0000][30964][safepoint    ] Safepoint "Cleanup", Time since last: 1000096300 ns, Reaching safepoint: 126300 ns, At safepoint: 5400 ns, Total: 131700 ns
[2020-09-28T10:36:33.645+0000][30964][safepoint    ] Safepoint "Cleanup", Time since last: 1000313700 ns, Reaching safepoint: 257200 ns, At safepoint: 27000 ns, Total: 284200 ns
[2020-09-28T10:36:34.662+0000][30964][safepoint    ] Safepoint "Cleanup", Time since last: 1016990600 ns, Reaching safepoint: 364300 ns, At safepoint: 219700 ns, Total: 584000 ns
[2020-09-28T10:36:36.663+0000][30964][safepoint    ] Safepoint "Cleanup", Time since last: 2000322200 ns, Reaching safepoint: 121400 ns, At safepoint: 45600 ns, Total: 167000 ns
[2020-09-28T10:36:38.664+0000][30964][safepoint    ] Safepoint "Cleanup", Time since last: 2000811000 ns, Reaching safepoint: 143700 ns, At safepoint: 21300 ns, Total: 165000 ns
[2020-09-28T10:36:39.664+0000][30964][safepoint    ] Safepoint "Cleanup", Time since last: 1000353400 ns, Reaching safepoint: 141400 ns, At safepoint: 6600 ns, Total: 148000 ns
[2020-09-28T10:36:40.665+0000][30964][safepoint    ] Safepoint "Cleanup", Time since last: 1000351900 ns, Reaching safepoint: 121500 ns, At safepoint: 20100 ns, Total: 141600 ns
[2020-09-28T10:36:42.665+0000][30964][safepoint    ] Safepoint "Cleanup", Time since last: 2000101000 ns, Reaching safepoint: 109100 ns, At safepoint: 28500 ns, Total: 137600 ns
[2020-09-28T10:36:43.666+0000][30964][safepoint    ] Safepoint "Cleanup", Time since last: 1000488500 ns, Reaching safepoint: 223400 ns, At safepoint: 23600 ns, Total: 247000 ns
[2020-09-28T10:36:45.666+0000][30964][safepoint    ] Safepoint "Cleanup", Time since last: 2000308300 ns, Reaching safepoint: 135500 ns, At safepoint: 70000 ns, Total: 205500 ns
[2020-09-28T10:36:46.925+0000][30964][safepoint    ] Safepoint "Cleanup", Time since last: 1258535900 ns, Reaching safepoint: 149300 ns, At safepoint: 13500 ns, Total: 162800 ns
[2020-09-28T10:36:47.926+0000][30964][safepoint    ] Safepoint "Cleanup", Time since last: 1000629300 ns, Reaching safepoint: 194300 ns, At safepoint: 10300 ns, Total: 204600 ns
[2020-09-28T10:36:48.927+0000][30964][safepoint    ] Safepoint "Cleanup", Time since last: 1000524500 ns, Reaching safepoint: 112900 ns, At safepoint: 7900 ns, Total: 120800 ns
[2020-09-28T10:36:49.927+0000][30964][safepoint    ] Safepoint "Cleanup", Time since last: 1000112200 ns, Reaching safepoint: 127900 ns, At safepoint: 5800 ns, Total: 133700 ns
[2020-09-28T10:36:50.928+0000][30964][safepoint    ] Safepoint "Cleanup", Time since last: 1000742600 ns, Reaching safepoint: 177700 ns, At safepoint: 60600 ns, Total: 238300 ns
[2020-09-28T10:36:51.928+0000][30964][safepoint    ] Safepoint "Cleanup", Time since last: 1000389700 ns, Reaching safepoint: 146400 ns, At safepoint: 21700 ns, Total: 168100 ns
[2020-09-28T10:36:52.929+0000][30964][safepoint    ] Safepoint "Cleanup", Time since last: 1000170500 ns, Reaching safepoint: 145300 ns, At safepoint: 38400 ns, Total: 183700 ns
[2020-09-28T10:36:53.929+0000][30964][safepoint    ] Safepoint "Cleanup", Time since last: 1000470100 ns, Reaching safepoint: 136700 ns, At safepoint: 8500 ns, Total: 145200 ns
[2020-09-28T10:36:54.930+0000][30964][safepoint    ] Safepoint "Cleanup", Time since last: 1000775400 ns, Reaching safepoint: 168800 ns, At safepoint: 7100 ns, Total: 175900 ns
[2020-09-28T10:36:55.931+0000][30964][safepoint    ] Safepoint "Cleanup", Time since last: 1000553300 ns, Reaching safepoint: 121300 ns, At safepoint: 5100 ns, Total: 126400 ns
[2020-09-28T10:36:57.931+0000][30964][safepoint    ] Safepoint "Cleanup", Time since last: 2000273700 ns, Reaching safepoint: 138200 ns, At safepoint: 5100 ns, Total: 143300 ns
[2020-09-28T10:36:58.932+0000][30964][safepoint    ] Safepoint "Cleanup", Time since last: 1000496100 ns, Reaching safepoint: 134500 ns, At safepoint: 7400 ns, Total: 141900 ns
[2020-09-28T10:36:59.933+0000][30964][safepoint    ] Safepoint "Cleanup", Time since last: 1000503300 ns, Reaching safepoint: 102500 ns, At safepoint: 8500 ns, Total: 111000 ns
[2020-09-28T10:37:00.933+0000][30964][safepoint    ] Safepoint "Cleanup", Time since last: 1000424500 ns, Reaching safepoint: 112200 ns, At safepoint: 69200 ns, Total: 181400 ns
[2020-09-28T10:37:02.934+0000][30964][safepoint    ] Safepoint "Cleanup", Time since last: 2000250100 ns, Reaching safepoint: 114000 ns, At safepoint: 11200 ns, Total: 125200 ns
[2020-09-28T10:37:03.934+0000][30964][safepoint    ] Safepoint "Cleanup", Time since last: 1000643800 ns, Reaching safepoint: 117100 ns, At safepoint: 7900 ns, Total: 125000 ns
[2020-09-28T10:37:04.935+0000][30964][safepoint    ] Safepoint "Cleanup", Time since last: 1000600100 ns, Reaching safepoint: 180400 ns, At safepoint: 8000 ns, Total: 188400 ns
[2020-09-28T10:37:06.936+0000][30964][safepoint    ] Safepoint "Cleanup", Time since last: 2000875900 ns, Reaching safepoint: 150700 ns, At safepoint: 3900 ns, Total: 154600 ns
[2020-09-28T10:37:07.936+0000][30964][safepoint    ] Safepoint "Cleanup", Time since last: 1000146100 ns, Reaching safepoint: 122300 ns, At safepoint: 7100 ns, Total: 129400 ns
[2020-09-28T10:37:08.937+0000][30964][safepoint    ] Safepoint "Cleanup", Time since last: 1000165500 ns, Reaching safepoint: 192700 ns, At safepoint: 5700 ns, Total: 198400 ns
[2020-09-28T10:37:10.938+0000][30964][safepoint    ] Safepoint "Cleanup", Time since last: 2000782200 ns, Reaching safepoint: 133200 ns, At safepoint: 6100 ns, Total: 139300 ns
[2020-09-28T10:37:11.938+0000][30964][safepoint    ] Safepoint "Cleanup", Time since last: 1000366000 ns, Reaching safepoint: 103100 ns, At safepoint: 5900 ns, Total: 109000 ns
[2020-09-28T10:37:12.939+0000][30964][safepoint    ] Safepoint "Cleanup", Time since last: 1000153300 ns, Reaching safepoint: 127400 ns, At safepoint: 22700 ns, Total: 150100 ns
[2020-09-28T10:37:13.939+0000][30964][safepoint    ] Safepoint "Cleanup", Time since last: 1000518200 ns, Reaching safepoint: 125900 ns, At safepoint: 6600 ns, Total: 132500 ns
[2020-09-28T10:37:14.940+0000][30964][safepoint    ] Safepoint "Cleanup", Time since last: 1000761400 ns, Reaching safepoint: 117800 ns, At safepoint: 5900 ns, Total: 123700 ns
[2020-09-28T10:37:15.940+0000][30964][safepoint    ] Safepoint "Cleanup", Time since last: 1000155500 ns, Reaching safepoint: 119100 ns, At safepoint: 5100 ns, Total: 124200 ns
[2020-09-28T10:37:17.941+0000][30964][safepoint    ] Safepoint "Cleanup", Time since last: 2000539400 ns, Reaching safepoint: 143400 ns, At safepoint: 74000 ns, Total: 217400 ns
[2020-09-28T10:37:18.942+0000][30964][safepoint    ] Safepoint "Cleanup", Time since last: 1000723200 ns, Reaching safepoint: 119200 ns, At safepoint: 5300 ns, Total: 124500 ns
[2020-09-28T10:37:19.942+0000][30964][safepoint    ] Safepoint "Cleanup", Time since last: 1000243200 ns, Reaching safepoint: 161600 ns, At safepoint: 9400 ns, Total: 171000 ns
[2020-09-28T10:37:20.943+0000][30964][safepoint    ] Safepoint "Cleanup", Time since last: 1000342600 ns, Reaching safepoint: 135700 ns, At safepoint: 6600 ns, Total: 142300 ns
[2020-09-28T10:37:21.943+0000][30964][safepoint    ] Safepoint "Cleanup", Time since last: 1000528800 ns, Reaching safepoint: 119100 ns, At safepoint: 10900 ns, Total: 130000 ns
[2020-09-28T10:37:23.944+0000][30964][safepoint    ] Safepoint "Cleanup", Time since last: 2000030900 ns, Reaching safepoint: 105400 ns, At safepoint: 7100 ns, Total: 112500 ns
[2020-09-28T10:37:24.944+0000][30964][safepoint    ] Safepoint "Cleanup", Time since last: 1000421600 ns, Reaching safepoint: 134900 ns, At safepoint: 7300 ns, Total: 142200 ns
[2020-09-28T10:37:26.945+0000][30964][safepoint    ] Safepoint "Cleanup", Time since last: 2000685700 ns, Reaching safepoint: 116900 ns, At safepoint: 6700 ns, Total: 123600 ns
[2020-09-28T10:37:27.946+0000][30964][safepoint    ] Safepoint "Cleanup", Time since last: 1000743800 ns, Reaching safepoint: 117100 ns, At safepoint: 6300 ns, Total: 123400 ns
[2020-09-28T10:37:28.947+0000][30964][safepoint    ] Safepoint "Cleanup", Time since last: 1000842700 ns, Reaching safepoint: 126300 ns, At safepoint: 5400 ns, Total: 131700 ns
[2020-09-28T10:37:29.947+0000][30964][safepoint    ] Safepoint "Cleanup", Time since last: 1000098800 ns, Reaching safepoint: 122100 ns, At safepoint: 7200 ns, Total: 129300 ns
[2020-09-28T10:37:30.948+0000][30964][safepoint    ] Safepoint "Cleanup", Time since last: 1000665800 ns, Reaching safepoint: 126800 ns, At safepoint: 7100 ns, Total: 133900 ns
[2020-09-28T10:37:31.949+0000][30964][safepoint    ] Safepoint "Cleanup", Time since last: 1000740200 ns, Reaching safepoint: 187800 ns, At safepoint: 9100 ns, Total: 196900 ns
[2020-09-28T10:37:32.949+0000][30964][safepoint    ] Safepoint "Cleanup", Time since last: 1000318800 ns, Reaching safepoint: 136400 ns, At safepoint: 6000 ns, Total: 142400 ns
[2020-09-28T10:37:33.950+0000][30964][safepoint    ] Safepoint "Cleanup", Time since last: 1000747000 ns, Reaching safepoint: 165100 ns, At safepoint: 3800 ns, Total: 168900 ns
[2020-09-28T10:37:34.951+0000][30964][safepoint    ] Safepoint "Cleanup", Time since last: 1000548600 ns, Reaching safepoint: 152200 ns, At safepoint: 8300 ns, Total: 160500 ns
[2020-09-28T10:37:35.951+0000][30964][safepoint    ] Safepoint "Cleanup", Time since last: 1000513100 ns, Reaching safepoint: 107100 ns, At safepoint: 9700 ns, Total: 116800 ns
[2020-09-28T10:37:37.952+0000][30964][safepoint    ] Safepoint "Cleanup", Time since last: 2000570700 ns, Reaching safepoint: 130200 ns, At safepoint: 5800 ns, Total: 136000 ns
[2020-09-28T10:37:38.952+0000][30964][safepoint    ] Safepoint "Cleanup", Time since last: 1000204300 ns, Reaching safepoint: 452600 ns, At safepoint: 11900 ns, Total: 464500 ns
[2020-09-28T10:37:39.953+0000][30964][safepoint    ] Safepoint "Cleanup", Time since last: 1000321400 ns, Reaching safepoint: 142200 ns, At safepoint: 6400 ns, Total: 148600 ns
[2020-09-28T10:37:40.954+0000][30964][safepoint    ] Safepoint "Cleanup", Time since last: 1000176500 ns, Reaching safepoint: 132300 ns, At safepoint: 7400 ns, Total: 139700 ns
[2020-09-28T10:37:41.954+0000][30964][safepoint    ] Safepoint "Cleanup", Time since last: 1000549500 ns, Reaching safepoint: 98900 ns, At safepoint: 7000 ns, Total: 105900 ns
[2020-09-28T10:37:42.955+0000][30964][safepoint    ] Safepoint "Cleanup", Time since last: 1000442100 ns, Reaching safepoint: 135300 ns, At safepoint: 6000 ns, Total: 141300 ns
[2020-09-28T10:37:43.956+0000][30964][safepoint    ] Safepoint "Cleanup", Time since last: 1000597200 ns, Reaching safepoint: 122500 ns, At safepoint: 8100 ns, Total: 130600 ns
[2020-09-28T10:37:44.956+0000][30964][safepoint    ] Safepoint "Cleanup", Time since last: 1000540600 ns, Reaching safepoint: 137500 ns, At safepoint: 5900 ns, Total: 143400 ns
[2020-09-28T10:37:45.957+0000][30964][safepoint    ] Safepoint "Cleanup", Time since last: 1000642800 ns, Reaching safepoint: 112600 ns, At safepoint: 2500 ns, Total: 115100 ns
[2020-09-28T10:37:46.958+0000][30964][safepoint    ] Safepoint "Cleanup", Time since last: 1000365300 ns, Reaching safepoint: 154300 ns, At safepoint: 6100 ns, Total: 160400 ns
[2020-09-28T10:37:47.958+0000][30964][safepoint    ] Safepoint "Cleanup", Time since last: 1000191700 ns, Reaching safepoint: 146500 ns, At safepoint: 5100 ns, Total: 151600 ns
[2020-09-28T10:37:48.959+0000][30964][safepoint    ] Safepoint "Cleanup", Time since last: 1000678800 ns, Reaching safepoint: 121400 ns, At safepoint: 5400 ns, Total: 126800 ns
[2020-09-28T10:37:49.959+0000][30964][safepoint    ] Safepoint "Cleanup", Time since last: 1000058300 ns, Reaching safepoint: 148700 ns, At safepoint: 5500 ns, Total: 154200 ns
[2020-09-28T10:37:50.959+0000][30964][safepoint    ] Safepoint "Cleanup", Time since last: 1000344200 ns, Reaching safepoint: 109900 ns, At safepoint: 6200 ns, Total: 116100 ns
[2020-09-28T10:37:51.960+0000][30964][safepoint    ] Safepoint "Cleanup", Time since last: 1000007700 ns, Reaching safepoint: 119400 ns, At safepoint: 5800 ns, Total: 125200 ns
[2020-09-28T10:37:52.960+0000][30964][safepoint    ] Safepoint "Cleanup", Time since last: 1000213100 ns, Reaching safepoint: 107600 ns, At safepoint: 6100 ns, Total: 113700 ns
[2020-09-28T10:37:53.961+0000][30964][safepoint    ] Safepoint "Cleanup", Time since last: 1000564900 ns, Reaching safepoint: 126000 ns, At safepoint: 6000 ns, Total: 132000 ns
[2020-09-28T10:37:54.961+0000][30964][safepoint    ] Safepoint "Cleanup", Time since last: 1000604000 ns, Reaching safepoint: 127800 ns, At safepoint: 5900 ns, Total: 133700 ns
[2020-09-28T10:37:56.938+0000][30964][safepoint    ] Safepoint "Cleanup", Time since last: 1976466600 ns, Reaching safepoint: 127000 ns, At safepoint: 5400 ns, Total: 132400 ns
[2020-09-28T10:37:58.938+0000][30964][safepoint    ] Safepoint "Cleanup", Time since last: 2000224300 ns, Reaching safepoint: 107300 ns, At safepoint: 6300 ns, Total: 113600 ns
[2020-09-28T10:38:00.939+0000][30964][safepoint    ] Safepoint "Cleanup", Time since last: 2000247600 ns, Reaching safepoint: 112400 ns, At safepoint: 8000 ns, Total: 120400 ns
[2020-09-28T10:38:01.939+0000][30964][safepoint    ] Safepoint "Cleanup", Time since last: 1000493800 ns, Reaching safepoint: 140100 ns, At safepoint: 5400 ns, Total: 145500 ns
[2020-09-28T10:38:02.940+0000][30964][safepoint    ] Safepoint "Cleanup", Time since last: 1000367900 ns, Reaching safepoint: 136800 ns, At safepoint: 5800 ns, Total: 142600 ns
[2020-09-28T10:38:03.941+0000][30964][safepoint    ] Safepoint "Cleanup", Time since last: 1000669700 ns, Reaching safepoint: 134000 ns, At safepoint: 8700 ns, Total: 142700 ns
[2020-09-28T10:38:04.941+0000][30964][safepoint    ] Safepoint "Cleanup", Time since last: 1000497200 ns, Reaching safepoint: 142200 ns, At safepoint: 7200 ns, Total: 149400 ns
[2020-09-28T10:38:06.942+0000][30964][safepoint    ] Safepoint "Cleanup", Time since last: 2000551800 ns, Reaching safepoint: 104400 ns, At safepoint: 6500 ns, Total: 110900 ns
[2020-09-28T10:38:08.942+0000][30964][safepoint    ] Safepoint "Cleanup", Time since last: 2000472000 ns, Reaching safepoint: 137400 ns, At safepoint: 8500 ns, Total: 145900 ns
[2020-09-28T10:38:10.943+0000][30964][safepoint    ] Safepoint "Cleanup", Time since last: 2000478000 ns, Reaching safepoint: 155400 ns, At safepoint: 8700 ns, Total: 164100 ns
[2020-09-28T10:38:11.944+0000][30964][safepoint    ] Safepoint "Cleanup", Time since last: 1000317300 ns, Reaching safepoint: 176000 ns, At safepoint: 7600 ns, Total: 183600 ns
[2020-09-28T10:38:13.944+0000][30964][safepoint    ] Safepoint "Cleanup", Time since last: 2000582900 ns, Reaching safepoint: 131700 ns, At safepoint: 6000 ns, Total: 137700 ns
[2020-09-28T10:38:14.945+0000][30964][safepoint    ] Safepoint "Cleanup", Time since last: 1000046900 ns, Reaching safepoint: 132200 ns, At safepoint: 6600 ns, Total: 138800 ns
[2020-09-28T10:38:15.945+0000][30964][safepoint    ] Safepoint "Cleanup", Time since last: 1000679300 ns, Reaching safepoint: 136900 ns, At safepoint: 6000 ns, Total: 142900 ns
[2020-09-28T10:38:16.946+0000][30964][safepoint    ] Safepoint "Cleanup", Time since last: 1000763900 ns, Reaching safepoint: 162700 ns, At safepoint: 9900 ns, Total: 172600 ns
[2020-09-28T10:38:17.947+0000][30964][safepoint    ] Safepoint "Cleanup", Time since last: 1000383800 ns, Reaching safepoint: 449200 ns, At safepoint: 12900 ns, Total: 462100 ns
[2020-09-28T10:38:18.948+0000][30964][safepoint    ] Safepoint "Cleanup", Time since last: 1000621600 ns, Reaching safepoint: 144200 ns, At safepoint: 6700 ns, Total: 150900 ns
[2020-09-28T10:38:19.949+0000][30964][safepoint    ] Safepoint "Cleanup", Time since last: 1000591700 ns, Reaching safepoint: 148600 ns, At safepoint: 5200 ns, Total: 153800 ns
[2020-09-28T10:38:21.949+0000][30964][safepoint    ] Safepoint "Cleanup", Time since last: 2000614700 ns, Reaching safepoint: 127500 ns, At safepoint: 5100 ns, Total: 132600 ns
[2020-09-28T10:38:22.950+0000][30964][safepoint    ] Safepoint "Cleanup", Time since last: 1000671300 ns, Reaching safepoint: 116400 ns, At safepoint: 3100 ns, Total: 119500 ns
[2020-09-28T10:38:24.663+0000][30964][safepoint    ] Safepoint "Cleanup", Time since last: 1712548200 ns, Reaching safepoint: 112400 ns, At safepoint: 5300 ns, Total: 117700 ns
[2020-09-28T10:38:25.664+0000][30964][safepoint    ] Safepoint "Cleanup", Time since last: 1000725800 ns, Reaching safepoint: 132200 ns, At safepoint: 6800 ns, Total: 139000 ns
[2020-09-28T10:38:26.664+0000][30964][safepoint    ] Safepoint "Cleanup", Time since last: 1000216800 ns, Reaching safepoint: 141200 ns, At safepoint: 8600 ns, Total: 149800 ns
[2020-09-28T10:38:27.664+0000][30964][safepoint    ] Safepoint "Cleanup", Time since last: 1000094300 ns, Reaching safepoint: 130300 ns, At safepoint: 7200 ns, Total: 137500 ns
[2020-09-28T10:38:28.665+0000][30964][safepoint    ] Safepoint "Cleanup", Time since last: 1000396100 ns, Reaching safepoint: 113100 ns, At safepoint: 7300 ns, Total: 120400 ns
[2020-09-28T10:38:29.666+0000][30964][safepoint    ] Safepoint "Cleanup", Time since last: 1000604700 ns, Reaching safepoint: 159500 ns, At safepoint: 8300 ns, Total: 167800 ns
[2020-09-28T10:38:30.666+0000][30964][safepoint    ] Safepoint "Cleanup", Time since last: 1000330300 ns, Reaching safepoint: 142600 ns, At safepoint: 9200 ns, Total: 151800 ns
[2020-09-28T10:38:31.667+0000][30964][safepoint    ] Safepoint "Cleanup", Time since last: 1000519300 ns, Reaching safepoint: 139800 ns, At safepoint: 6400 ns, Total: 146200 ns
[2020-09-28T10:38:33.667+0000][30964][safepoint    ] Safepoint "Cleanup", Time since last: 2000270900 ns, Reaching safepoint: 130300 ns, At safepoint: 5700 ns, Total: 136000 ns
[2020-09-28T10:38:34.668+0000][30964][safepoint    ] Safepoint "Cleanup", Time since last: 1000682000 ns, Reaching safepoint: 113900 ns, At safepoint: 7100 ns, Total: 121000 ns
[2020-09-28T10:38:35.668+0000][30964][safepoint    ] Safepoint "Cleanup", Time since last: 1000306800 ns, Reaching safepoint: 110300 ns, At safepoint: 6000 ns, Total: 116300 ns
[2020-09-28T10:38:36.669+0000][30964][safepoint    ] Safepoint "Cleanup", Time since last: 1000104400 ns, Reaching safepoint: 141200 ns, At safepoint: 5700 ns, Total: 146900 ns
[2020-09-28T10:38:37.669+0000][30964][safepoint    ] Safepoint "Cleanup", Time since last: 1000265900 ns, Reaching safepoint: 101900 ns, At safepoint: 5900 ns, Total: 107800 ns
[2020-09-28T10:38:38.669+0000][30964][safepoint    ] Safepoint "Cleanup", Time since last: 1000355700 ns, Reaching safepoint: 111400 ns, At safepoint: 9200 ns, Total: 120600 ns
[2020-09-28T10:38:39.670+0000][30964][safepoint    ] Safepoint "Cleanup", Time since last: 1000416400 ns, Reaching safepoint: 96900 ns, At safepoint: 6300 ns, Total: 103200 ns
[2020-09-28T10:38:40.671+0000][30964][safepoint    ] Safepoint "Cleanup", Time since last: 1000512700 ns, Reaching safepoint: 157500 ns, At safepoint: 25000 ns, Total: 182500 ns
[2020-09-28T10:38:41.671+0000][30964][safepoint    ] Safepoint "Cleanup", Time since last: 1000281100 ns, Reaching safepoint: 124100 ns, At safepoint: 8000 ns, Total: 132100 ns
[2020-09-28T10:38:42.739+0000][30964][safepoint    ] Safepoint "Cleanup", Time since last: 1067332900 ns, Reaching safepoint: 133000 ns, At safepoint: 2900 ns, Total: 135900 ns
[2020-09-28T10:38:43.739+0000][30964][safepoint    ] Safepoint "Cleanup", Time since last: 1000364700 ns, Reaching safepoint: 154600 ns, At safepoint: 5300 ns, Total: 159900 ns
[2020-09-28T10:38:44.740+0000][30964][safepoint    ] Safepoint "Cleanup", Time since last: 1000414600 ns, Reaching safepoint: 260300 ns, At safepoint: 8700 ns, Total: 269000 ns
[2020-09-28T10:38:45.740+0000][30964][safepoint    ] Safepoint "Cleanup", Time since last: 1000041100 ns, Reaching safepoint: 167500 ns, At safepoint: 10000 ns, Total: 177500 ns
[2020-09-28T10:38:46.741+0000][30964][safepoint    ] Safepoint "Cleanup", Time since last: 1000726700 ns, Reaching safepoint: 126400 ns, At safepoint: 6500 ns, Total: 132900 ns
[2020-09-28T10:38:47.741+0000][30964][safepoint    ] Safepoint "Cleanup", Time since last: 1000042300 ns, Reaching safepoint: 140400 ns, At safepoint: 5800 ns, Total: 146200 ns
[2020-09-28T10:38:48.742+0000][30964][safepoint    ] Safepoint "Cleanup", Time since last: 1000461500 ns, Reaching safepoint: 126700 ns, At safepoint: 6100 ns, Total: 132800 ns
[2020-09-28T10:38:49.742+0000][30964][safepoint    ] Safepoint "Cleanup", Time since last: 1000333200 ns, Reaching safepoint: 174600 ns, At safepoint: 6100 ns, Total: 180700 ns
[2020-09-28T10:38:50.743+0000][30964][safepoint    ] Safepoint "Cleanup", Time since last: 1000287500 ns, Reaching safepoint: 188400 ns, At safepoint: 6100 ns, Total: 194500 ns
[2020-09-28T10:38:51.743+0000][30964][safepoint    ] Safepoint "Cleanup", Time since last: 1000043300 ns, Reaching safepoint: 142800 ns, At safepoint: 6300 ns, Total: 149100 ns
[2020-09-28T10:38:52.743+0000][30964][safepoint    ] Safepoint "Cleanup", Time since last: 1000516700 ns, Reaching safepoint: 133000 ns, At safepoint: 7100 ns, Total: 140100 ns
[2020-09-28T10:38:54.744+0000][30964][safepoint    ] Safepoint "Cleanup", Time since last: 2000629800 ns, Reaching safepoint: 132600 ns, At safepoint: 6100 ns, Total: 138700 ns
[2020-09-28T10:38:55.744+0000][30964][safepoint    ] Safepoint "Cleanup", Time since last: 1000104400 ns, Reaching safepoint: 146000 ns, At safepoint: 7800 ns, Total: 153800 ns
[2020-09-28T10:38:56.745+0000][30964][safepoint    ] Safepoint "Cleanup", Time since last: 1000091700 ns, Reaching safepoint: 123800 ns, At safepoint: 7700 ns, Total: 131500 ns
[2020-09-28T10:38:57.745+0000][30964][safepoint    ] Safepoint "Cleanup", Time since last: 1000024600 ns, Reaching safepoint: 120800 ns, At safepoint: 5200 ns, Total: 126000 ns
[2020-09-28T10:38:59.745+0000][30964][safepoint    ] Safepoint "Cleanup", Time since last: 2000274900 ns, Reaching safepoint: 131600 ns, At safepoint: 2600 ns, Total: 134200 ns
[2020-09-28T10:39:00.745+0000][30964][safepoint    ] Safepoint "Cleanup", Time since last: 1000021600 ns, Reaching safepoint: 84200 ns, At safepoint: 2300 ns, Total: 86500 ns
[2020-09-28T10:39:01.746+0000][30964][safepoint    ] Safepoint "Cleanup", Time since last: 1000265800 ns, Reaching safepoint: 124500 ns, At safepoint: 7100 ns, Total: 131600 ns
[2020-09-28T10:39:03.747+0000][30964][safepoint    ] Safepoint "Cleanup", Time since last: 2000648700 ns, Reaching safepoint: 137700 ns, At safepoint: 5700 ns, Total: 143400 ns
[2020-09-28T10:39:04.747+0000][30964][safepoint    ] Safepoint "Cleanup", Time since last: 1000744700 ns, Reaching safepoint: 89800 ns, At safepoint: 8700 ns, Total: 98500 ns
[2020-09-28T10:39:05.748+0000][30964][safepoint    ] Safepoint "Cleanup", Time since last: 1000171500 ns, Reaching safepoint: 149400 ns, At safepoint: 6900 ns, Total: 156300 ns
[2020-09-28T10:39:06.748+0000][30964][safepoint    ] Safepoint "Cleanup", Time since last: 1000327600 ns, Reaching safepoint: 126600 ns, At safepoint: 11700 ns, Total: 138300 ns
[2020-09-28T10:39:07.748+0000][30964][safepoint    ] Safepoint "Cleanup", Time since last: 1000118100 ns, Reaching safepoint: 143600 ns, At safepoint: 9300 ns, Total: 152900 ns
[2020-09-28T10:39:08.749+0000][30964][safepoint    ] Safepoint "Cleanup", Time since last: 1000833200 ns, Reaching safepoint: 130000 ns, At safepoint: 7100 ns, Total: 137100 ns
[2020-09-28T10:39:10.750+0000][30964][safepoint    ] Safepoint "Cleanup", Time since last: 2000307300 ns, Reaching safepoint: 115600 ns, At safepoint: 4800 ns, Total: 120400 ns
[2020-09-28T10:39:12.751+0000][30964][safepoint    ] Safepoint "Cleanup", Time since last: 2000823000 ns, Reaching safepoint: 102100 ns, At safepoint: 5900 ns, Total: 108000 ns
[2020-09-28T10:39:13.751+0000][30964][safepoint    ] Safepoint "Cleanup", Time since last: 1000159400 ns, Reaching safepoint: 136400 ns, At safepoint: 8000 ns, Total: 144400 ns
[2020-09-28T10:39:14.752+0000][30964][safepoint    ] Safepoint "Cleanup", Time since last: 1000432700 ns, Reaching safepoint: 197700 ns, At safepoint: 9500 ns, Total: 207200 ns
[2020-09-28T10:39:15.752+0000][30964][safepoint    ] Safepoint "Cleanup", Time since last: 1000305800 ns, Reaching safepoint: 154300 ns, At safepoint: 5700 ns, Total: 160000 ns
[2020-09-28T10:39:16.753+0000][30964][safepoint    ] Safepoint "Cleanup", Time since last: 1000363000 ns, Reaching safepoint: 552800 ns, At safepoint: 22900 ns, Total: 575700 ns
[2020-09-28T10:39:17.754+0000][30964][safepoint    ] Safepoint "Cleanup", Time since last: 1001185700 ns, Reaching safepoint: 122100 ns, At safepoint: 6300 ns, Total: 128400 ns
[2020-09-28T10:39:18.755+0000][30964][safepoint    ] Safepoint "Cleanup", Time since last: 1000304100 ns, Reaching safepoint: 120600 ns, At safepoint: 2700 ns, Total: 123300 ns
[2020-09-28T10:39:20.756+0000][30964][safepoint    ] Safepoint "Cleanup", Time since last: 2000784100 ns, Reaching safepoint: 130600 ns, At safepoint: 5800 ns, Total: 136400 ns
[2020-09-28T10:39:21.757+0000][30964][safepoint    ] Safepoint "Cleanup", Time since last: 1000593800 ns, Reaching safepoint: 119000 ns, At safepoint: 11500 ns, Total: 130500 ns
[2020-09-28T10:39:22.757+0000][30964][safepoint    ] Safepoint "Cleanup", Time since last: 1000589400 ns, Reaching safepoint: 127300 ns, At safepoint: 5600 ns, Total: 132900 ns
[2020-09-28T10:39:24.758+0000][30964][safepoint    ] Safepoint "Cleanup", Time since last: 2000513800 ns, Reaching safepoint: 114700 ns, At safepoint: 7100 ns, Total: 121800 ns
[2020-09-28T10:39:25.759+0000][30964][safepoint    ] Safepoint "Cleanup", Time since last: 1000626800 ns, Reaching safepoint: 129500 ns, At safepoint: 5200 ns, Total: 134700 ns
[2020-09-28T10:39:26.759+0000][30964][safepoint    ] Safepoint "Cleanup", Time since last: 1000635400 ns, Reaching safepoint: 100800 ns, At safepoint: 6900 ns, Total: 107700 ns
[2020-09-28T10:39:27.760+0000][30964][safepoint    ] Safepoint "Cleanup", Time since last: 1000602300 ns, Reaching safepoint: 150000 ns, At safepoint: 15500 ns, Total: 165500 ns
[2020-09-28T10:39:28.761+0000][30964][safepoint    ] Safepoint "Cleanup", Time since last: 1000780500 ns, Reaching safepoint: 225000 ns, At safepoint: 17900 ns, Total: 242900 ns
[2020-09-28T10:39:29.762+0000][30964][safepoint    ] Safepoint "Cleanup", Time since last: 1000211100 ns, Reaching safepoint: 158000 ns, At safepoint: 8000 ns, Total: 166000 ns
[2020-09-28T10:39:30.762+0000][30964][safepoint    ] Safepoint "Cleanup", Time since last: 1000101900 ns, Reaching safepoint: 215900 ns, At safepoint: 13100 ns, Total: 229000 ns
[2020-09-28T10:39:32.762+0000][30964][safepoint    ] Safepoint "Cleanup", Time since last: 2000202400 ns, Reaching safepoint: 176000 ns, At safepoint: 10200 ns, Total: 186200 ns
[2020-09-28T10:39:33.763+0000][30964][safepoint    ] Safepoint "Cleanup", Time since last: 1000564500 ns, Reaching safepoint: 102400 ns, At safepoint: 4200 ns, Total: 106600 ns
[2020-09-28T10:39:34.764+0000][30964][safepoint    ] Safepoint "Cleanup", Time since last: 1000832500 ns, Reaching safepoint: 138900 ns, At safepoint: 6100 ns, Total: 145000 ns
[2020-09-28T10:39:35.765+0000][30964][safepoint    ] Safepoint "Cleanup", Time since last: 1000805100 ns, Reaching safepoint: 161000 ns, At safepoint: 9400 ns, Total: 170400 ns
[2020-09-28T10:39:36.766+0000][30964][safepoint    ] Safepoint "Cleanup", Time since last: 1000758700 ns, Reaching safepoint: 136000 ns, At safepoint: 8600 ns, Total: 144600 ns
[2020-09-28T10:39:37.767+0000][30964][safepoint    ] Safepoint "Cleanup", Time since last: 1000655000 ns, Reaching safepoint: 149800 ns, At safepoint: 8400 ns, Total: 158200 ns
[2020-09-28T10:39:38.767+0000][30964][safepoint    ] Safepoint "Cleanup", Time since last: 1000654200 ns, Reaching safepoint: 192200 ns, At safepoint: 10700 ns, Total: 202900 ns
[2020-09-28T10:39:40.768+0000][30964][safepoint    ] Safepoint "Cleanup", Time since last: 2000109200 ns, Reaching safepoint: 118500 ns, At safepoint: 7100 ns, Total: 125600 ns
[2020-09-28T10:39:42.638+0000][30964][safepoint    ] Safepoint "Cleanup", Time since last: 1869799200 ns, Reaching safepoint: 132000 ns, At safepoint: 5600 ns, Total: 137600 ns
[2020-09-28T10:39:43.638+0000][30964][safepoint    ] Safepoint "Cleanup", Time since last: 1000113900 ns, Reaching safepoint: 138700 ns, At safepoint: 6700 ns, Total: 145400 ns
[2020-09-28T10:39:44.639+0000][30964][safepoint    ] Safepoint "Cleanup", Time since last: 1000599500 ns, Reaching safepoint: 151900 ns, At safepoint: 6300 ns, Total: 158200 ns
[2020-09-28T10:39:45.639+0000][30964][safepoint    ] Safepoint "Cleanup", Time since last: 1000291800 ns, Reaching safepoint: 141000 ns, At safepoint: 9000 ns, Total: 150000 ns
[2020-09-28T10:39:46.640+0000][30964][safepoint    ] Safepoint "Cleanup", Time since last: 1000391300 ns, Reaching safepoint: 166800 ns, At safepoint: 6000 ns, Total: 172800 ns
[2020-09-28T10:39:47.640+0000][30964][safepoint    ] Safepoint "Cleanup", Time since last: 1000394800 ns, Reaching safepoint: 113700 ns, At safepoint: 8800 ns, Total: 122500 ns
[2020-09-28T10:39:49.641+0000][30964][safepoint    ] Safepoint "Cleanup", Time since last: 2000787800 ns, Reaching safepoint: 105200 ns, At safepoint: 3800 ns, Total: 109000 ns
[2020-09-28T10:39:50.642+0000][30964][safepoint    ] Safepoint "Cleanup", Time since last: 1000797800 ns, Reaching safepoint: 104700 ns, At safepoint: 6300 ns, Total: 111000 ns
[2020-09-28T10:39:52.642+0000][30964][safepoint    ] Safepoint "Cleanup", Time since last: 2000077200 ns, Reaching safepoint: 100700 ns, At safepoint: 6500 ns, Total: 107200 ns
[2020-09-28T10:39:53.643+0000][30964][safepoint    ] Safepoint "Cleanup", Time since last: 1000598400 ns, Reaching safepoint: 86100 ns, At safepoint: 2300 ns, Total: 88400 ns
[2020-09-28T10:39:54.643+0000][30964][safepoint    ] Safepoint "Cleanup", Time since last: 1000444400 ns, Reaching safepoint: 114600 ns, At safepoint: 7700 ns, Total: 122300 ns
[2020-09-28T10:39:56.644+0000][30964][safepoint    ] Safepoint "Cleanup", Time since last: 2000900300 ns, Reaching safepoint: 96300 ns, At safepoint: 5900 ns, Total: 102200 ns
[2020-09-28T10:39:58.645+0000][30964][safepoint    ] Safepoint "Cleanup", Time since last: 2000420500 ns, Reaching safepoint: 124900 ns, At safepoint: 5800 ns, Total: 130700 ns
[2020-09-28T10:39:59.646+0000][30964][safepoint    ] Safepoint "Cleanup", Time since last: 1000501400 ns, Reaching safepoint: 141600 ns, At safepoint: 8000 ns, Total: 149600 ns
[2020-09-28T10:40:01.647+0000][30964][safepoint    ] Safepoint "Cleanup", Time since last: 2000824200 ns, Reaching safepoint: 133000 ns, At safepoint: 8500 ns, Total: 141500 ns
[2020-09-28T10:40:02.647+0000][30964][safepoint    ] Safepoint "Cleanup", Time since last: 1000596900 ns, Reaching safepoint: 121800 ns, At safepoint: 6000 ns, Total: 127800 ns
[2020-09-28T10:40:03.648+0000][30964][safepoint    ] Safepoint "Cleanup", Time since last: 1000227000 ns, Reaching safepoint: 121300 ns, At safepoint: 6000 ns, Total: 127300 ns
[2020-09-28T10:40:04.648+0000][30964][safepoint    ] Safepoint "Cleanup", Time since last: 1000317700 ns, Reaching safepoint: 142100 ns, At safepoint: 5200 ns, Total: 147300 ns
[2020-09-28T10:40:05.649+0000][30964][safepoint    ] Safepoint "Cleanup", Time since last: 1000759500 ns, Reaching safepoint: 124500 ns, At safepoint: 5400 ns, Total: 129900 ns
[2020-09-28T10:40:06.649+0000][30964][safepoint    ] Safepoint "Cleanup", Time since last: 1000275800 ns, Reaching safepoint: 124800 ns, At safepoint: 6500 ns, Total: 131300 ns
[2020-09-28T10:40:07.650+0000][30964][safepoint    ] Safepoint "Cleanup", Time since last: 1000102300 ns, Reaching safepoint: 99800 ns, At safepoint: 4600 ns, Total: 104400 ns
[2020-09-28T10:40:08.650+0000][30964][safepoint    ] Safepoint "Cleanup", Time since last: 1000559600 ns, Reaching safepoint: 107100 ns, At safepoint: 6300 ns, Total: 113400 ns
[2020-09-28T10:40:09.651+0000][30964][safepoint    ] Safepoint "Cleanup", Time since last: 1000720500 ns, Reaching safepoint: 101800 ns, At safepoint: 8400 ns, Total: 110200 ns
[2020-09-28T10:40:10.652+0000][30964][safepoint    ] Safepoint "Cleanup", Time since last: 1000509000 ns, Reaching safepoint: 137000 ns, At safepoint: 9600 ns, Total: 146600 ns
[2020-09-28T10:40:11.652+0000][30964][safepoint    ] Safepoint "Cleanup", Time since last: 1000174900 ns, Reaching safepoint: 112400 ns, At safepoint: 7900 ns, Total: 120300 ns
[2020-09-28T10:40:12.653+0000][30964][safepoint    ] Safepoint "Cleanup", Time since last: 1000784700 ns, Reaching safepoint: 120200 ns, At safepoint: 6000 ns, Total: 126200 ns
[2020-09-28T10:40:13.653+0000][30964][safepoint    ] Safepoint "Cleanup", Time since last: 1000160900 ns, Reaching safepoint: 104900 ns, At safepoint: 6600 ns, Total: 111500 ns
[2020-09-28T10:40:14.654+0000][30964][safepoint    ] Safepoint "Cleanup", Time since last: 1000298000 ns, Reaching safepoint: 120400 ns, At safepoint: 4900 ns, Total: 125300 ns
[2020-09-28T10:40:15.654+0000][30964][safepoint    ] Safepoint "Cleanup", Time since last: 1000030200 ns, Reaching safepoint: 179700 ns, At safepoint: 10400 ns, Total: 190100 ns
[2020-09-28T10:40:16.655+0000][30964][safepoint    ] Safepoint "Cleanup", Time since last: 1000538500 ns, Reaching safepoint: 114400 ns, At safepoint: 6400 ns, Total: 120800 ns
[2020-09-28T10:40:17.655+0000][30964][safepoint    ] Safepoint "Cleanup", Time since last: 1000466400 ns, Reaching safepoint: 141000 ns, At safepoint: 7700 ns, Total: 148700 ns
[2020-09-28T10:40:19.656+0000][30964][safepoint    ] Safepoint "Cleanup", Time since last: 2000629900 ns, Reaching safepoint: 129300 ns, At safepoint: 5300 ns, Total: 134600 ns
[2020-09-28T10:40:20.656+0000][30964][safepoint    ] Safepoint "Cleanup", Time since last: 1000093700 ns, Reaching safepoint: 112100 ns, At safepoint: 7400 ns, Total: 119500 ns
[2020-09-28T10:40:21.657+0000][30964][safepoint    ] Safepoint "Cleanup", Time since last: 1000557700 ns, Reaching safepoint: 104800 ns, At safepoint: 5900 ns, Total: 110700 ns
[2020-09-28T10:40:23.658+0000][30964][safepoint    ] Safepoint "Cleanup", Time since last: 2000700900 ns, Reaching safepoint: 126700 ns, At safepoint: 7200 ns, Total: 133900 ns
[2020-09-28T10:40:24.658+0000][30964][safepoint    ] Safepoint "Cleanup", Time since last: 1000302500 ns, Reaching safepoint: 121100 ns, At safepoint: 7000 ns, Total: 128100 ns
[2020-09-28T10:40:26.658+0000][30964][safepoint    ] Safepoint "Cleanup", Time since last: 2000064000 ns, Reaching safepoint: 150700 ns, At safepoint: 6400 ns, Total: 157100 ns
[2020-09-28T10:40:27.659+0000][30964][safepoint    ] Safepoint "Cleanup", Time since last: 1000196900 ns, Reaching safepoint: 124900 ns, At safepoint: 6700 ns, Total: 131600 ns
[2020-09-28T10:40:28.659+0000][30964][safepoint    ] Safepoint "Cleanup", Time since last: 1000046800 ns, Reaching safepoint: 105700 ns, At safepoint: 7700 ns, Total: 113400 ns
[2020-09-28T10:40:29.659+0000][30964][safepoint    ] Safepoint "Cleanup", Time since last: 1000552300 ns, Reaching safepoint: 133600 ns, At safepoint: 7700 ns, Total: 141300 ns
[2020-09-28T10:40:30.660+0000][30964][safepoint    ] Safepoint "Cleanup", Time since last: 1000628200 ns, Reaching safepoint: 122500 ns, At safepoint: 6100 ns, Total: 128600 ns
[2020-09-28T10:40:32.661+0000][30964][safepoint    ] Safepoint "Cleanup", Time since last: 2000866400 ns, Reaching safepoint: 151400 ns, At safepoint: 32800 ns, Total: 184200 ns
[2020-09-28T10:40:33.662+0000][30964][safepoint    ] Safepoint "Cleanup", Time since last: 1000335100 ns, Reaching safepoint: 92200 ns, At safepoint: 6000 ns, Total: 98200 ns
[2020-09-28T10:40:34.662+0000][30964][safepoint    ] Safepoint "Cleanup", Time since last: 1000363600 ns, Reaching safepoint: 173700 ns, At safepoint: 6000 ns, Total: 179700 ns
[2020-09-28T10:40:35.663+0000][30964][safepoint    ] Safepoint "Cleanup", Time since last: 1000366600 ns, Reaching safepoint: 140700 ns, At safepoint: 6000 ns, Total: 146700 ns
[2020-09-28T10:40:36.663+0000][30964][safepoint    ] Safepoint "Cleanup", Time since last: 1000479600 ns, Reaching safepoint: 113200 ns, At safepoint: 6100 ns, Total: 119300 ns
[2020-09-28T10:40:37.664+0000][30964][safepoint    ] Safepoint "Cleanup", Time since last: 1000228100 ns, Reaching safepoint: 105600 ns, At safepoint: 5500 ns, Total: 111100 ns
[2020-09-28T10:40:38.664+0000][30964][safepoint    ] Safepoint "Cleanup", Time since last: 1000363700 ns, Reaching safepoint: 120700 ns, At safepoint: 7400 ns, Total: 128100 ns
[2020-09-28T10:40:40.665+0000][30964][safepoint    ] Safepoint "Cleanup", Time since last: 2000408100 ns, Reaching safepoint: 137000 ns, At safepoint: 6100 ns, Total: 143100 ns
[2020-09-28T10:40:42.641+0000][30964][safepoint    ] Safepoint "Cleanup", Time since last: 1976565300 ns, Reaching safepoint: 127100 ns, At safepoint: 9500 ns, Total: 136600 ns
[2020-09-28T10:40:43.642+0000][30964][safepoint    ] Safepoint "Cleanup", Time since last: 1000305000 ns, Reaching safepoint: 134800 ns, At safepoint: 5300 ns, Total: 140100 ns
[2020-09-28T10:40:44.643+0000][30964][safepoint    ] Safepoint "Cleanup", Time since last: 1000693300 ns, Reaching safepoint: 138400 ns, At safepoint: 5600 ns, Total: 144000 ns
[2020-09-28T10:40:45.644+0000][30964][safepoint    ] Safepoint "Cleanup", Time since last: 1000859900 ns, Reaching safepoint: 90700 ns, At safepoint: 4000 ns, Total: 94700 ns
[2020-09-28T10:40:46.645+0000][30964][safepoint    ] Safepoint "Cleanup", Time since last: 1000817700 ns, Reaching safepoint: 137100 ns, At safepoint: 6600 ns, Total: 143700 ns
[2020-09-28T10:40:47.645+0000][30964][safepoint    ] Safepoint "Cleanup", Time since last: 1000756400 ns, Reaching safepoint: 151100 ns, At safepoint: 9400 ns, Total: 160500 ns
[2020-09-28T10:40:48.647+0000][30964][safepoint    ] Safepoint "Cleanup", Time since last: 1001031100 ns, Reaching safepoint: 146500 ns, At safepoint: 9100 ns, Total: 155600 ns
[2020-09-28T10:40:49.648+0000][30964][safepoint    ] Safepoint "Cleanup", Time since last: 1000787800 ns, Reaching safepoint: 130200 ns, At safepoint: 6200 ns, Total: 136400 ns
[2020-09-28T10:40:50.648+0000][30964][safepoint    ] Safepoint "Cleanup", Time since last: 1000696500 ns, Reaching safepoint: 138800 ns, At safepoint: 8100 ns, Total: 146900 ns
[2020-09-28T10:40:51.649+0000][30964][safepoint    ] Safepoint "Cleanup", Time since last: 1000564100 ns, Reaching safepoint: 149900 ns, At safepoint: 6300 ns, Total: 156200 ns
[2020-09-28T10:40:52.650+0000][30964][safepoint    ] Safepoint "Cleanup", Time since last: 1000233200 ns, Reaching safepoint: 182700 ns, At safepoint: 12900 ns, Total: 195600 ns
[2020-09-28T10:40:53.650+0000][30964][safepoint    ] Safepoint "Cleanup", Time since last: 1000348300 ns, Reaching safepoint: 113100 ns, At safepoint: 3800 ns, Total: 116900 ns
[2020-09-28T10:40:54.651+0000][30964][safepoint    ] Safepoint "Cleanup", Time since last: 1000750100 ns, Reaching safepoint: 170400 ns, At safepoint: 5300 ns, Total: 175700 ns
[2020-09-28T10:40:55.652+0000][30964][safepoint    ] Safepoint "Cleanup", Time since last: 1000631000 ns, Reaching safepoint: 102700 ns, At safepoint: 6100 ns, Total: 108800 ns
[2020-09-28T10:40:56.652+0000][30964][safepoint    ] Safepoint "Cleanup", Time since last: 1000237600 ns, Reaching safepoint: 110300 ns, At safepoint: 4600 ns, Total: 114900 ns
[2020-09-28T10:40:57.652+0000][30964][safepoint    ] Safepoint "Cleanup", Time since last: 1000201700 ns, Reaching safepoint: 105000 ns, At safepoint: 4400 ns, Total: 109400 ns
[2020-09-28T10:40:58.653+0000][30964][safepoint    ] Safepoint "Cleanup", Time since last: 1000832500 ns, Reaching safepoint: 109000 ns, At safepoint: 4000 ns, Total: 113000 ns
[2020-09-28T10:40:59.654+0000][30964][safepoint    ] Safepoint "Cleanup", Time since last: 1000203800 ns, Reaching safepoint: 124100 ns, At safepoint: 8000 ns, Total: 132100 ns
[2020-09-28T10:41:01.654+0000][30964][safepoint    ] Safepoint "Cleanup", Time since last: 2000005300 ns, Reaching safepoint: 122500 ns, At safepoint: 6000 ns, Total: 128500 ns
[2020-09-28T10:41:02.655+0000][30964][safepoint    ] Safepoint "Cleanup", Time since last: 1000625200 ns, Reaching safepoint: 151500 ns, At safepoint: 7100 ns, Total: 158600 ns
[2020-09-28T10:41:03.655+0000][30964][safepoint    ] Safepoint "Cleanup", Time since last: 1000033500 ns, Reaching safepoint: 123600 ns, At safepoint: 6500 ns, Total: 130100 ns
[2020-09-28T10:41:04.655+0000][30964][safepoint    ] Safepoint "Cleanup", Time since last: 1000077100 ns, Reaching safepoint: 117600 ns, At safepoint: 5900 ns, Total: 123500 ns
[2020-09-28T10:41:05.656+0000][30964][safepoint    ] Safepoint "Cleanup", Time since last: 1000540000 ns, Reaching safepoint: 140300 ns, At safepoint: 5700 ns, Total: 146000 ns
[2020-09-28T10:41:06.656+0000][30964][safepoint    ] Safepoint "Cleanup", Time since last: 1000503200 ns, Reaching safepoint: 223800 ns, At safepoint: 8200 ns, Total: 232000 ns
[2020-09-28T10:41:08.657+0000][30964][safepoint    ] Safepoint "Cleanup", Time since last: 2000067000 ns, Reaching safepoint: 121800 ns, At safepoint: 4900 ns, Total: 126700 ns
[2020-09-28T10:41:09.657+0000][30964][safepoint    ] Safepoint "Cleanup", Time since last: 1000482000 ns, Reaching safepoint: 131800 ns, At safepoint: 7900 ns, Total: 139700 ns
[2020-09-28T10:41:10.657+0000][30964][safepoint    ] Safepoint "Cleanup", Time since last: 1000078400 ns, Reaching safepoint: 145600 ns, At safepoint: 8500 ns, Total: 154100 ns
[2020-09-28T10:41:11.658+0000][30964][safepoint    ] Safepoint "Cleanup", Time since last: 1000209400 ns, Reaching safepoint: 118700 ns, At safepoint: 6200 ns, Total: 124900 ns
[2020-09-28T10:41:13.658+0000][30964][safepoint    ] Safepoint "Cleanup", Time since last: 2000212300 ns, Reaching safepoint: 124200 ns, At safepoint: 10700 ns, Total: 134900 ns
[2020-09-28T10:41:14.659+0000][30964][safepoint    ] Safepoint "Cleanup", Time since last: 1000673700 ns, Reaching safepoint: 99400 ns, At safepoint: 7100 ns, Total: 106500 ns
[2020-09-28T10:41:15.659+0000][30964][safepoint    ] Safepoint "Cleanup", Time since last: 1000270000 ns, Reaching safepoint: 139800 ns, At safepoint: 6600 ns, Total: 146400 ns
[2020-09-28T10:41:16.660+0000][30964][safepoint    ] Safepoint "Cleanup", Time since last: 1000506300 ns, Reaching safepoint: 104600 ns, At safepoint: 5700 ns, Total: 110300 ns
[2020-09-28T10:41:17.660+0000][30964][safepoint    ] Safepoint "Cleanup", Time since last: 1000133600 ns, Reaching safepoint: 253300 ns, At safepoint: 15900 ns, Total: 269200 ns
[2020-09-28T10:41:18.661+0000][30964][safepoint    ] Safepoint "Cleanup", Time since last: 1000305500 ns, Reaching safepoint: 104100 ns, At safepoint: 11000 ns, Total: 115100 ns
[2020-09-28T10:41:19.661+0000][30964][safepoint    ] Safepoint "Cleanup", Time since last: 1000565900 ns, Reaching safepoint: 128800 ns, At safepoint: 6300 ns, Total: 135100 ns
[2020-09-28T10:41:20.662+0000][30964][safepoint    ] Safepoint "Cleanup", Time since last: 1000102400 ns, Reaching safepoint: 99700 ns, At safepoint: 6600 ns, Total: 106300 ns
[2020-09-28T10:41:21.663+0000][30964][safepoint    ] Safepoint "Cleanup", Time since last: 1000791200 ns, Reaching safepoint: 106200 ns, At safepoint: 21300 ns, Total: 127500 ns
[2020-09-28T10:41:22.663+0000][30964][safepoint    ] Safepoint "Cleanup", Time since last: 1000602100 ns, Reaching safepoint: 137200 ns, At safepoint: 6600 ns, Total: 143800 ns
[2020-09-28T10:41:24.664+0000][30964][safepoint    ] Safepoint "Cleanup", Time since last: 2000076600 ns, Reaching safepoint: 117900 ns, At safepoint: 19600 ns, Total: 137500 ns
[2020-09-28T10:41:25.664+0000][30964][safepoint    ] Safepoint "Cleanup", Time since last: 1000081600 ns, Reaching safepoint: 114900 ns, At safepoint: 7000 ns, Total: 121900 ns
[2020-09-28T10:41:26.664+0000][30964][safepoint    ] Safepoint "Cleanup", Time since last: 1000276900 ns, Reaching safepoint: 158000 ns, At safepoint: 5300 ns, Total: 163300 ns
[2020-09-28T10:41:28.665+0000][30964][safepoint    ] Safepoint "Cleanup", Time since last: 2000686400 ns, Reaching safepoint: 139400 ns, At safepoint: 7300 ns, Total: 146700 ns
[2020-09-28T10:41:29.666+0000][30964][safepoint    ] Safepoint "Cleanup", Time since last: 1000482300 ns, Reaching safepoint: 116000 ns, At safepoint: 2300 ns, Total: 118300 ns
[2020-09-28T10:41:30.666+0000][30964][safepoint    ] Safepoint "Cleanup", Time since last: 1000008700 ns, Reaching safepoint: 130100 ns, At safepoint: 3500 ns, Total: 133600 ns
[2020-09-28T10:41:31.666+0000][30964][safepoint    ] Safepoint "Cleanup", Time since last: 1000076800 ns, Reaching safepoint: 127900 ns, At safepoint: 6600 ns, Total: 134500 ns
[2020-09-28T10:41:32.666+0000][30964][safepoint    ] Safepoint "Cleanup", Time since last: 1000309400 ns, Reaching safepoint: 167800 ns, At safepoint: 4700 ns, Total: 172500 ns
[2020-09-28T10:41:34.667+0000][30964][safepoint    ] Safepoint "Cleanup", Time since last: 2000222200 ns, Reaching safepoint: 169700 ns, At safepoint: 7500 ns, Total: 177200 ns
[2020-09-28T10:41:35.668+0000][30964][safepoint    ] Safepoint "Cleanup", Time since last: 1000602300 ns, Reaching safepoint: 120700 ns, At safepoint: 9200 ns, Total: 129900 ns
[2020-09-28T10:41:36.668+0000][30964][safepoint    ] Safepoint "Cleanup", Time since last: 1000409400 ns, Reaching safepoint: 141100 ns, At safepoint: 9500 ns, Total: 150600 ns
[2020-09-28T10:41:37.669+0000][30964][safepoint    ] Safepoint "Cleanup", Time since last: 1000355000 ns, Reaching safepoint: 106900 ns, At safepoint: 5200 ns, Total: 112100 ns
[2020-09-28T10:41:38.669+0000][30964][safepoint    ] Safepoint "Cleanup", Time since last: 1000332900 ns, Reaching safepoint: 92500 ns, At safepoint: 4000 ns, Total: 96500 ns
[2020-09-28T10:41:40.670+0000][30964][safepoint    ] Safepoint "Cleanup", Time since last: 2000639600 ns, Reaching safepoint: 151700 ns, At safepoint: 7400 ns, Total: 159100 ns
[2020-09-28T10:41:41.670+0000][30964][safepoint    ] Safepoint "Cleanup", Time since last: 1000450500 ns, Reaching safepoint: 139300 ns, At safepoint: 8300 ns, Total: 147600 ns
[2020-09-28T10:41:42.671+0000][30964][safepoint    ] Safepoint "Cleanup", Time since last: 1000292400 ns, Reaching safepoint: 98700 ns, At safepoint: 7400 ns, Total: 106100 ns
[2020-09-28T10:41:43.671+0000][30964][safepoint    ] Safepoint "Cleanup", Time since last: 1000181000 ns, Reaching safepoint: 141700 ns, At safepoint: 7300 ns, Total: 149000 ns
[2020-09-28T10:41:44.672+0000][30964][safepoint    ] Safepoint "Cleanup", Time since last: 1000347500 ns, Reaching safepoint: 107200 ns, At safepoint: 7900 ns, Total: 115100 ns
[2020-09-28T10:41:45.672+0000][30964][safepoint    ] Safepoint "Cleanup", Time since last: 1000248600 ns, Reaching safepoint: 148100 ns, At safepoint: 5300 ns, Total: 153400 ns
[2020-09-28T10:41:46.672+0000][30964][safepoint    ] Safepoint "Cleanup", Time since last: 1000318200 ns, Reaching safepoint: 118500 ns, At safepoint: 9500 ns, Total: 128000 ns
[2020-09-28T10:41:47.673+0000][30964][safepoint    ] Safepoint "Cleanup", Time since last: 1000605600 ns, Reaching safepoint: 109200 ns, At safepoint: 8400 ns, Total: 117600 ns
[2020-09-28T10:41:48.674+0000][30964][safepoint    ] Safepoint "Cleanup", Time since last: 1000625600 ns, Reaching safepoint: 136000 ns, At safepoint: 5500 ns, Total: 141500 ns
[2020-09-28T10:41:50.675+0000][30964][safepoint    ] Safepoint "Cleanup", Time since last: 2000626900 ns, Reaching safepoint: 133700 ns, At safepoint: 8000 ns, Total: 141700 ns
[2020-09-28T10:41:52.675+0000][30964][safepoint    ] Safepoint "Cleanup", Time since last: 2000177800 ns, Reaching safepoint: 98600 ns, At safepoint: 5500 ns, Total: 104100 ns
[2020-09-28T10:41:53.676+0000][30964][safepoint    ] Safepoint "Cleanup", Time since last: 1000675400 ns, Reaching safepoint: 150200 ns, At safepoint: 5100 ns, Total: 155300 ns
[2020-09-28T10:41:54.677+0000][30964][safepoint    ] Safepoint "Cleanup", Time since last: 1000585300 ns, Reaching safepoint: 134300 ns, At safepoint: 6300 ns, Total: 140600 ns
[2020-09-28T10:41:55.677+0000][30964][safepoint    ] Safepoint "Cleanup", Time since last: 1000540900 ns, Reaching safepoint: 135500 ns, At safepoint: 5800 ns, Total: 141300 ns
[2020-09-28T10:41:56.677+0000][30964][safepoint    ] Safepoint "Cleanup", Time since last: 1000085700 ns, Reaching safepoint: 103700 ns, At safepoint: 4300 ns, Total: 108000 ns
[2020-09-28T10:41:57.678+0000][30964][safepoint    ] Safepoint "Cleanup", Time since last: 1000077500 ns, Reaching safepoint: 103200 ns, At safepoint: 5900 ns, Total: 109100 ns
[2020-09-28T10:41:58.678+0000][30964][safepoint    ] Safepoint "Cleanup", Time since last: 1000009900 ns, Reaching safepoint: 112500 ns, At safepoint: 6600 ns, Total: 119100 ns
[2020-09-28T10:42:00.678+0000][30964][safepoint    ] Safepoint "Cleanup", Time since last: 1999968500 ns, Reaching safepoint: 107200 ns, At safepoint: 2400 ns, Total: 109600 ns
[2020-09-28T10:42:01.679+0000][30964][safepoint    ] Safepoint "Cleanup", Time since last: 1000621700 ns, Reaching safepoint: 125600 ns, At safepoint: 7400 ns, Total: 133000 ns
[2020-09-28T10:42:02.679+0000][30964][safepoint    ] Safepoint "Cleanup", Time since last: 1000094400 ns, Reaching safepoint: 126000 ns, At safepoint: 8200 ns, Total: 134200 ns
[2020-09-28T10:42:03.680+0000][30964][safepoint    ] Safepoint "Cleanup", Time since last: 1000697600 ns, Reaching safepoint: 145100 ns, At safepoint: 6700 ns, Total: 151800 ns
[2020-09-28T10:42:04.680+0000][30964][safepoint    ] Safepoint "Cleanup", Time since last: 1000102500 ns, Reaching safepoint: 169400 ns, At safepoint: 7000 ns, Total: 176400 ns
[2020-09-28T10:42:06.681+0000][30964][safepoint    ] Safepoint "Cleanup", Time since last: 2000638800 ns, Reaching safepoint: 148000 ns, At safepoint: 21000 ns, Total: 169000 ns
[2020-09-28T10:42:07.681+0000][30964][safepoint    ] Safepoint "Cleanup", Time since last: 1000300400 ns, Reaching safepoint: 129700 ns, At safepoint: 8100 ns, Total: 137800 ns
[2020-09-28T10:42:08.682+0000][30964][safepoint    ] Safepoint "Cleanup", Time since last: 1000418800 ns, Reaching safepoint: 156900 ns, At safepoint: 6300 ns, Total: 163200 ns
[2020-09-28T10:42:09.682+0000][30964][safepoint    ] Safepoint "Cleanup", Time since last: 1000196800 ns, Reaching safepoint: 133900 ns, At safepoint: 5500 ns, Total: 139400 ns
[2020-09-28T10:42:11.682+0000][30964][safepoint    ] Safepoint "Cleanup", Time since last: 2000273300 ns, Reaching safepoint: 112700 ns, At safepoint: 8800 ns, Total: 121500 ns
[2020-09-28T10:42:12.683+0000][30964][safepoint    ] Safepoint "Cleanup", Time since last: 1000423100 ns, Reaching safepoint: 108600 ns, At safepoint: 7200 ns, Total: 115800 ns
[2020-09-28T10:42:14.684+0000][30964][safepoint    ] Safepoint "Cleanup", Time since last: 2000587200 ns, Reaching safepoint: 119400 ns, At safepoint: 7700 ns, Total: 127100 ns
[2020-09-28T10:42:15.684+0000][30964][safepoint    ] Safepoint "Cleanup", Time since last: 1000313200 ns, Reaching safepoint: 91900 ns, At safepoint: 2700 ns, Total: 94600 ns
[2020-09-28T10:42:16.685+0000][30964][safepoint    ] Safepoint "Cleanup", Time since last: 1000866300 ns, Reaching safepoint: 116300 ns, At safepoint: 5700 ns, Total: 122000 ns
[2020-09-28T10:42:17.686+0000][30964][safepoint    ] Safepoint "Cleanup", Time since last: 1000577600 ns, Reaching safepoint: 100500 ns, At safepoint: 2800 ns, Total: 103300 ns
[2020-09-28T10:42:18.686+0000][30964][safepoint    ] Safepoint "Cleanup", Time since last: 1000032300 ns, Reaching safepoint: 133400 ns, At safepoint: 13400 ns, Total: 146800 ns
[2020-09-28T10:42:19.687+0000][30964][safepoint    ] Safepoint "Cleanup", Time since last: 1000572700 ns, Reaching safepoint: 146100 ns, At safepoint: 20900 ns, Total: 167000 ns
[2020-09-28T10:42:21.687+0000][30964][safepoint    ] Safepoint "Cleanup", Time since last: 2000269400 ns, Reaching safepoint: 142300 ns, At safepoint: 6300 ns, Total: 148600 ns
[2020-09-28T10:42:22.688+0000][30964][safepoint    ] Safepoint "Cleanup", Time since last: 1000809400 ns, Reaching safepoint: 122100 ns, At safepoint: 6600 ns, Total: 128700 ns
[2020-09-28T10:42:23.688+0000][30964][safepoint    ] Safepoint "Cleanup", Time since last: 1000305400 ns, Reaching safepoint: 136700 ns, At safepoint: 7800 ns, Total: 144500 ns
[2020-09-28T10:42:24.689+0000][30964][safepoint    ] Safepoint "Cleanup", Time since last: 1000275200 ns, Reaching safepoint: 180200 ns, At safepoint: 10200 ns, Total: 190400 ns
[2020-09-28T10:42:25.689+0000][30964][safepoint    ] Safepoint "Cleanup", Time since last: 1000008500 ns, Reaching safepoint: 115900 ns, At safepoint: 5500 ns, Total: 121400 ns
[2020-09-28T10:42:26.689+0000][30964][safepoint    ] Safepoint "Cleanup", Time since last: 1000048400 ns, Reaching safepoint: 120900 ns, At safepoint: 6800 ns, Total: 127700 ns
[2020-09-28T10:42:27.690+0000][30964][safepoint    ] Safepoint "Cleanup", Time since last: 1000638500 ns, Reaching safepoint: 137500 ns, At safepoint: 9500 ns, Total: 147000 ns
[2020-09-28T10:42:28.691+0000][30964][safepoint    ] Safepoint "Cleanup", Time since last: 1000647800 ns, Reaching safepoint: 124500 ns, At safepoint: 6600 ns, Total: 131100 ns
[2020-09-28T10:42:29.692+0000][30964][safepoint    ] Safepoint "Cleanup", Time since last: 1000585200 ns, Reaching safepoint: 118200 ns, At safepoint: 14300 ns, Total: 132500 ns
[2020-09-28T10:42:30.692+0000][30964][safepoint    ] Safepoint "Cleanup", Time since last: 1000682900 ns, Reaching safepoint: 140900 ns, At safepoint: 9700 ns, Total: 150600 ns
[2020-09-28T10:42:31.693+0000][30964][safepoint    ] Safepoint "Cleanup", Time since last: 1000821300 ns, Reaching safepoint: 133000 ns, At safepoint: 7100 ns, Total: 140100 ns
[2020-09-28T10:42:32.694+0000][30964][safepoint    ] Safepoint "Cleanup", Time since last: 1000185900 ns, Reaching safepoint: 105600 ns, At safepoint: 3900 ns, Total: 109500 ns
[2020-09-28T10:42:33.694+0000][30964][safepoint    ] Safepoint "Cleanup", Time since last: 1000452000 ns, Reaching safepoint: 124000 ns, At safepoint: 5800 ns, Total: 129800 ns
[2020-09-28T10:42:34.695+0000][30964][safepoint    ] Safepoint "Cleanup", Time since last: 1000531700 ns, Reaching safepoint: 216100 ns, At safepoint: 6600 ns, Total: 222700 ns
[2020-09-28T10:42:35.696+0000][30964][safepoint    ] Safepoint "Cleanup", Time since last: 1000414800 ns, Reaching safepoint: 244500 ns, At safepoint: 8600 ns, Total: 253100 ns
[2020-09-28T10:42:36.696+0000][30964][safepoint    ] Safepoint "Cleanup", Time since last: 1000710500 ns, Reaching safepoint: 110400 ns, At safepoint: 7000 ns, Total: 117400 ns
[2020-09-28T10:42:37.697+0000][30964][safepoint    ] Safepoint "Cleanup", Time since last: 1000815400 ns, Reaching safepoint: 90600 ns, At safepoint: 3500 ns, Total: 94100 ns
[2020-09-28T10:42:38.698+0000][30964][safepoint    ] Safepoint "Cleanup", Time since last: 1000657500 ns, Reaching safepoint: 126600 ns, At safepoint: 5600 ns, Total: 132200 ns
[2020-09-28T10:42:39.699+0000][30964][safepoint    ] Safepoint "Cleanup", Time since last: 1000805300 ns, Reaching safepoint: 108300 ns, At safepoint: 5600 ns, Total: 113900 ns
[2020-09-28T10:42:40.700+0000][30964][safepoint    ] Safepoint "Cleanup", Time since last: 1000830100 ns, Reaching safepoint: 107800 ns, At safepoint: 5500 ns, Total: 113300 ns
[2020-09-28T10:42:41.701+0000][30964][safepoint    ] Safepoint "Cleanup", Time since last: 1000807200 ns, Reaching safepoint: 119800 ns, At safepoint: 7100 ns, Total: 126900 ns
[2020-09-28T10:42:42.702+0000][30964][safepoint    ] Safepoint "Cleanup", Time since last: 1000739600 ns, Reaching safepoint: 136100 ns, At safepoint: 6900 ns, Total: 143000 ns
[2020-09-28T10:42:43.702+0000][30964][safepoint    ] Safepoint "Cleanup", Time since last: 1000241100 ns, Reaching safepoint: 141400 ns, At safepoint: 5100 ns, Total: 146500 ns
[2020-09-28T10:42:44.703+0000][30964][safepoint    ] Safepoint "Cleanup", Time since last: 1000563800 ns, Reaching safepoint: 120700 ns, At safepoint: 5400 ns, Total: 126100 ns
[2020-09-28T10:42:46.704+0000][30964][safepoint    ] Safepoint "Cleanup", Time since last: 2000818500 ns, Reaching safepoint: 128100 ns, At safepoint: 10600 ns, Total: 138700 ns
[2020-09-28T10:42:47.704+0000][30964][safepoint    ] Safepoint "Cleanup", Time since last: 1000160400 ns, Reaching safepoint: 145800 ns, At safepoint: 5600 ns, Total: 151400 ns
[2020-09-28T10:42:48.704+0000][30964][safepoint    ] Safepoint "Cleanup", Time since last: 1000091500 ns, Reaching safepoint: 141500 ns, At safepoint: 7500 ns, Total: 149000 ns
[2020-09-28T10:42:50.705+0000][30964][safepoint    ] Safepoint "Cleanup", Time since last: 2000118300 ns, Reaching safepoint: 122000 ns, At safepoint: 8400 ns, Total: 130400 ns
[2020-09-28T10:42:51.705+0000][30964][safepoint    ] Safepoint "Cleanup", Time since last: 1000504400 ns, Reaching safepoint: 125100 ns, At safepoint: 12200 ns, Total: 137300 ns
[2020-09-28T10:42:52.706+0000][30964][safepoint    ] Safepoint "Cleanup", Time since last: 1000617700 ns, Reaching safepoint: 194300 ns, At safepoint: 10900 ns, Total: 205200 ns
[2020-09-28T10:42:53.707+0000][30964][safepoint    ] Safepoint "Cleanup", Time since last: 1000808800 ns, Reaching safepoint: 166900 ns, At safepoint: 9900 ns, Total: 176800 ns
[2020-09-28T10:42:54.708+0000][30964][safepoint    ] Safepoint "Cleanup", Time since last: 1000413200 ns, Reaching safepoint: 121800 ns, At safepoint: 5600 ns, Total: 127400 ns
[2020-09-28T10:42:55.708+0000][30964][safepoint    ] Safepoint "Cleanup", Time since last: 1000103400 ns, Reaching safepoint: 129900 ns, At safepoint: 4000 ns, Total: 133900 ns
[2020-09-28T10:42:56.708+0000][30964][safepoint    ] Safepoint "Cleanup", Time since last: 1000271400 ns, Reaching safepoint: 147200 ns, At safepoint: 5300 ns, Total: 152500 ns
[2020-09-28T10:42:57.709+0000][30964][safepoint    ] Safepoint "Cleanup", Time since last: 1000240100 ns, Reaching safepoint: 128800 ns, At safepoint: 5600 ns, Total: 134400 ns
[2020-09-28T10:42:58.710+0000][30964][safepoint    ] Safepoint "Cleanup", Time since last: 1000786800 ns, Reaching safepoint: 133500 ns, At safepoint: 6500 ns, Total: 140000 ns
[2020-09-28T10:42:59.710+0000][30964][safepoint    ] Safepoint "Cleanup", Time since last: 1000004700 ns, Reaching safepoint: 138600 ns, At safepoint: 7700 ns, Total: 146300 ns
[2020-09-28T10:43:00.711+0000][30964][safepoint    ] Safepoint "Cleanup", Time since last: 1000794200 ns, Reaching safepoint: 94500 ns, At safepoint: 6100 ns, Total: 100600 ns
[2020-09-28T10:43:01.711+0000][30964][safepoint    ] Safepoint "Cleanup", Time since last: 1000185900 ns, Reaching safepoint: 116000 ns, At safepoint: 7100 ns, Total: 123100 ns
[2020-09-28T10:43:02.712+0000][30964][safepoint    ] Safepoint "Cleanup", Time since last: 1000655200 ns, Reaching safepoint: 133000 ns, At safepoint: 6100 ns, Total: 139100 ns
[2020-09-28T10:43:03.712+0000][30964][safepoint    ] Safepoint "Cleanup", Time since last: 1000282800 ns, Reaching safepoint: 121500 ns, At safepoint: 9200 ns, Total: 130700 ns
[2020-09-28T10:43:04.713+0000][30964][safepoint    ] Safepoint "Cleanup", Time since last: 1000592100 ns, Reaching safepoint: 144400 ns, At safepoint: 5600 ns, Total: 150000 ns
[2020-09-28T10:43:06.713+0000][30964][safepoint    ] Safepoint "Cleanup", Time since last: 2000178900 ns, Reaching safepoint: 117700 ns, At safepoint: 6200 ns, Total: 123900 ns
[2020-09-28T10:43:07.714+0000][30964][safepoint    ] Safepoint "Cleanup", Time since last: 1000596000 ns, Reaching safepoint: 118700 ns, At safepoint: 7100 ns, Total: 125800 ns
[2020-09-28T10:43:08.715+0000][30964][safepoint    ] Safepoint "Cleanup", Time since last: 1000692200 ns, Reaching safepoint: 123800 ns, At safepoint: 5200 ns, Total: 129000 ns
[2020-09-28T10:43:09.715+0000][30964][safepoint    ] Safepoint "Cleanup", Time since last: 1000025100 ns, Reaching safepoint: 91200 ns, At safepoint: 3400 ns, Total: 94600 ns
[2020-09-28T10:43:10.715+0000][30964][safepoint    ] Safepoint "Cleanup", Time since last: 1000177200 ns, Reaching safepoint: 115500 ns, At safepoint: 7400 ns, Total: 122900 ns
[2020-09-28T10:43:11.716+0000][30964][safepoint    ] Safepoint "Cleanup", Time since last: 1000528100 ns, Reaching safepoint: 160800 ns, At safepoint: 8200 ns, Total: 169000 ns
[2020-09-28T10:43:12.716+0000][30964][safepoint    ] Safepoint "Cleanup", Time since last: 1000273000 ns, Reaching safepoint: 126800 ns, At safepoint: 10900 ns, Total: 137700 ns
[2020-09-28T10:43:13.717+0000][30964][safepoint    ] Safepoint "Cleanup", Time since last: 1000684600 ns, Reaching safepoint: 111200 ns, At safepoint: 5600 ns, Total: 116800 ns
[2020-09-28T10:43:14.718+0000][30964][safepoint    ] Safepoint "Cleanup", Time since last: 1000415400 ns, Reaching safepoint: 152500 ns, At safepoint: 10200 ns, Total: 162700 ns
[2020-09-28T10:43:15.718+0000][30964][safepoint    ] Safepoint "Cleanup", Time since last: 1000630200 ns, Reaching safepoint: 133100 ns, At safepoint: 9700 ns, Total: 142800 ns
[2020-09-28T10:43:16.719+0000][30964][safepoint    ] Safepoint "Cleanup", Time since last: 1000708900 ns, Reaching safepoint: 142100 ns, At safepoint: 4300 ns, Total: 146400 ns
[2020-09-28T10:43:17.720+0000][30964][safepoint    ] Safepoint "Cleanup", Time since last: 1000651400 ns, Reaching safepoint: 138900 ns, At safepoint: 6500 ns, Total: 145400 ns
[2020-09-28T10:43:18.721+0000][30964][safepoint    ] Safepoint "Cleanup", Time since last: 1000583800 ns, Reaching safepoint: 128400 ns, At safepoint: 5700 ns, Total: 134100 ns
[2020-09-28T10:43:19.722+0000][30964][safepoint    ] Safepoint "Cleanup", Time since last: 1000629300 ns, Reaching safepoint: 139100 ns, At safepoint: 6600 ns, Total: 145700 ns
[2020-09-28T10:43:20.722+0000][30964][safepoint    ] Safepoint "Cleanup", Time since last: 1000569500 ns, Reaching safepoint: 115500 ns, At safepoint: 4400 ns, Total: 119900 ns
[2020-09-28T10:43:21.723+0000][30964][safepoint    ] Safepoint "Cleanup", Time since last: 1000408100 ns, Reaching safepoint: 126400 ns, At safepoint: 7400 ns, Total: 133800 ns
[2020-09-28T10:43:22.723+0000][30964][safepoint    ] Safepoint "Cleanup", Time since last: 1000005300 ns, Reaching safepoint: 113100 ns, At safepoint: 5900 ns, Total: 119000 ns
[2020-09-28T10:43:23.724+0000][30964][safepoint    ] Safepoint "Cleanup", Time since last: 1000558500 ns, Reaching safepoint: 139100 ns, At safepoint: 7000 ns, Total: 146100 ns
[2020-09-28T10:43:25.724+0000][30964][safepoint    ] Safepoint "Cleanup", Time since last: 2000439600 ns, Reaching safepoint: 125400 ns, At safepoint: 6500 ns, Total: 131900 ns
[2020-09-28T10:43:26.724+0000][30964][safepoint    ] Safepoint "Cleanup", Time since last: 1000083700 ns, Reaching safepoint: 124500 ns, At safepoint: 5500 ns, Total: 130000 ns
[2020-09-28T10:43:27.725+0000][30964][safepoint    ] Safepoint "Cleanup", Time since last: 1000538400 ns, Reaching safepoint: 144700 ns, At safepoint: 6100 ns, Total: 150800 ns
[2020-09-28T10:43:28.726+0000][30964][safepoint    ] Safepoint "Cleanup", Time since last: 1000612700 ns, Reaching safepoint: 105600 ns, At safepoint: 6300 ns, Total: 111900 ns
[2020-09-28T10:43:29.727+0000][30964][safepoint    ] Safepoint "Cleanup", Time since last: 1000861500 ns, Reaching safepoint: 137100 ns, At safepoint: 7100 ns, Total: 144200 ns
[2020-09-28T10:43:30.727+0000][30964][safepoint    ] Safepoint "Cleanup", Time since last: 1000587400 ns, Reaching safepoint: 146300 ns, At safepoint: 7000 ns, Total: 153300 ns
[2020-09-28T10:43:31.728+0000][30964][safepoint    ] Safepoint "Cleanup", Time since last: 1000601800 ns, Reaching safepoint: 124200 ns, At safepoint: 10500 ns, Total: 134700 ns
[2020-09-28T10:43:32.729+0000][30964][safepoint    ] Safepoint "Cleanup", Time since last: 1000861000 ns, Reaching safepoint: 138000 ns, At safepoint: 6500 ns, Total: 144500 ns
[2020-09-28T10:43:33.730+0000][30964][safepoint    ] Safepoint "Cleanup", Time since last: 1000404800 ns, Reaching safepoint: 126400 ns, At safepoint: 5900 ns, Total: 132300 ns
[2020-09-28T10:43:34.730+0000][30964][safepoint    ] Safepoint "Cleanup", Time since last: 1000019900 ns, Reaching safepoint: 93800 ns, At safepoint: 3500 ns, Total: 97300 ns
[2020-09-28T10:43:35.730+0000][30964][safepoint    ] Safepoint "Cleanup", Time since last: 1000237900 ns, Reaching safepoint: 123300 ns, At safepoint: 7400 ns, Total: 130700 ns
[2020-09-28T10:43:36.731+0000][30964][safepoint    ] Safepoint "Cleanup", Time since last: 1000732600 ns, Reaching safepoint: 116800 ns, At safepoint: 6000 ns, Total: 122800 ns
[2020-09-28T10:43:37.732+0000][30964][safepoint    ] Safepoint "Cleanup", Time since last: 1000256000 ns, Reaching safepoint: 153500 ns, At safepoint: 5800 ns, Total: 159300 ns
[2020-09-28T10:43:38.732+0000][30964][safepoint    ] Safepoint "Cleanup", Time since last: 1000114200 ns, Reaching safepoint: 113000 ns, At safepoint: 7100 ns, Total: 120100 ns
[2020-09-28T10:43:39.733+0000][30964][safepoint    ] Safepoint "Cleanup", Time since last: 1000597600 ns, Reaching safepoint: 115700 ns, At safepoint: 8300 ns, Total: 124000 ns
[2020-09-28T10:43:40.733+0000][30964][safepoint    ] Safepoint "Cleanup", Time since last: 1000604200 ns, Reaching safepoint: 178800 ns, At safepoint: 8900 ns, Total: 187700 ns
[2020-09-28T10:43:41.734+0000][30964][safepoint    ] Safepoint "Cleanup", Time since last: 1000564000 ns, Reaching safepoint: 146300 ns, At safepoint: 6100 ns, Total: 152400 ns
[2020-09-28T10:43:42.735+0000][30964][safepoint    ] Safepoint "Cleanup", Time since last: 1000581900 ns, Reaching safepoint: 111200 ns, At safepoint: 7000 ns, Total: 118200 ns
[2020-09-28T10:43:43.735+0000][30964][safepoint    ] Safepoint "Cleanup", Time since last: 1000620400 ns, Reaching safepoint: 103700 ns, At safepoint: 3800 ns, Total: 107500 ns
[2020-09-28T10:43:44.736+0000][30964][safepoint    ] Safepoint "Cleanup", Time since last: 1000245000 ns, Reaching safepoint: 144000 ns, At safepoint: 5600 ns, Total: 149600 ns
[2020-09-28T10:43:45.736+0000][30964][safepoint    ] Safepoint "Cleanup", Time since last: 1000253800 ns, Reaching safepoint: 144800 ns, At safepoint: 9700 ns, Total: 154500 ns
[2020-09-28T10:43:46.737+0000][30964][safepoint    ] Safepoint "Cleanup", Time since last: 1000837700 ns, Reaching safepoint: 111200 ns, At safepoint: 6600 ns, Total: 117800 ns
[2020-09-28T10:43:47.738+0000][30964][safepoint    ] Safepoint "Cleanup", Time since last: 1000613400 ns, Reaching safepoint: 127100 ns, At safepoint: 6300 ns, Total: 133400 ns
[2020-09-28T10:43:48.739+0000][30964][safepoint    ] Safepoint "Cleanup", Time since last: 1000527200 ns, Reaching safepoint: 121000 ns, At safepoint: 4500 ns, Total: 125500 ns
[2020-09-28T10:43:49.739+0000][30964][safepoint    ] Safepoint "Cleanup", Time since last: 1000168300 ns, Reaching safepoint: 100500 ns, At safepoint: 3300 ns, Total: 103800 ns
[2020-09-28T10:43:51.740+0000][30964][safepoint    ] Safepoint "Cleanup", Time since last: 2000574800 ns, Reaching safepoint: 124100 ns, At safepoint: 3900 ns, Total: 128000 ns
[2020-09-28T10:43:52.740+0000][30964][safepoint    ] Safepoint "Cleanup", Time since last: 1000096500 ns, Reaching safepoint: 126400 ns, At safepoint: 5800 ns, Total: 132200 ns
[2020-09-28T10:43:54.740+0000][30964][safepoint    ] Safepoint "Cleanup", Time since last: 2000131700 ns, Reaching safepoint: 97700 ns, At safepoint: 6900 ns, Total: 104600 ns
[2020-09-28T10:43:55.740+0000][30964][safepoint    ] Safepoint "Cleanup", Time since last: 1000266600 ns, Reaching safepoint: 107900 ns, At safepoint: 8700 ns, Total: 116600 ns
[2020-09-28T10:43:56.741+0000][30964][safepoint    ] Safepoint "Cleanup", Time since last: 1000131000 ns, Reaching safepoint: 164300 ns, At safepoint: 7200 ns, Total: 171500 ns
[2020-09-28T10:43:57.741+0000][30964][safepoint    ] Safepoint "Cleanup", Time since last: 1000215900 ns, Reaching safepoint: 130000 ns, At safepoint: 5900 ns, Total: 135900 ns
[2020-09-28T10:43:58.741+0000][30964][safepoint    ] Safepoint "Cleanup", Time since last: 1000142800 ns, Reaching safepoint: 112900 ns, At safepoint: 6100 ns, Total: 119000 ns
[2020-09-28T10:43:59.742+0000][30964][safepoint    ] Safepoint "Cleanup", Time since last: 1000104100 ns, Reaching safepoint: 146100 ns, At safepoint: 6000 ns, Total: 152100 ns
[2020-09-28T10:44:00.742+0000][30964][safepoint    ] Safepoint "Cleanup", Time since last: 1000555000 ns, Reaching safepoint: 134100 ns, At safepoint: 5200 ns, Total: 139300 ns
[2020-09-28T10:44:01.743+0000][30964][safepoint    ] Safepoint "Cleanup", Time since last: 1000846900 ns, Reaching safepoint: 133500 ns, At safepoint: 2600 ns, Total: 136100 ns
[2020-09-28T10:44:02.744+0000][30964][safepoint    ] Safepoint "Cleanup", Time since last: 1000660700 ns, Reaching safepoint: 120100 ns, At safepoint: 6200 ns, Total: 126300 ns
[2020-09-28T10:44:03.745+0000][30964][safepoint    ] Safepoint "Cleanup", Time since last: 1000509100 ns, Reaching safepoint: 129900 ns, At safepoint: 16900 ns, Total: 146800 ns
[2020-09-28T10:44:05.745+0000][30964][safepoint    ] Safepoint "Cleanup", Time since last: 2000026700 ns, Reaching safepoint: 135800 ns, At safepoint: 3100 ns, Total: 138900 ns
[2020-09-28T10:44:07.745+0000][30964][safepoint    ] Safepoint "Cleanup", Time since last: 2000168500 ns, Reaching safepoint: 129900 ns, At safepoint: 4800 ns, Total: 134700 ns
[2020-09-28T10:44:08.746+0000][30964][safepoint    ] Safepoint "Cleanup", Time since last: 1000311700 ns, Reaching safepoint: 164100 ns, At safepoint: 6400 ns, Total: 170500 ns
[2020-09-28T10:44:09.746+0000][30964][safepoint    ] Safepoint "Cleanup", Time since last: 1000727800 ns, Reaching safepoint: 236400 ns, At safepoint: 11300 ns, Total: 247700 ns
[2020-09-28T10:44:10.747+0000][30964][safepoint    ] Safepoint "Cleanup", Time since last: 1000557200 ns, Reaching safepoint: 101400 ns, At safepoint: 7400 ns, Total: 108800 ns
[2020-09-28T10:44:11.747+0000][30964][safepoint    ] Safepoint "Cleanup", Time since last: 1000104200 ns, Reaching safepoint: 145200 ns, At safepoint: 30100 ns, Total: 175300 ns
[2020-09-28T10:44:13.748+0000][30964][safepoint    ] Safepoint "Cleanup", Time since last: 2000023800 ns, Reaching safepoint: 177800 ns, At safepoint: 7900 ns, Total: 185700 ns
[2020-09-28T10:44:14.748+0000][30964][safepoint    ] Safepoint "Cleanup", Time since last: 1000360800 ns, Reaching safepoint: 148300 ns, At safepoint: 6500 ns, Total: 154800 ns
[2020-09-28T10:44:15.749+0000][30964][safepoint    ] Safepoint "Cleanup", Time since last: 1000243400 ns, Reaching safepoint: 165700 ns, At safepoint: 7000 ns, Total: 172700 ns
[2020-09-28T10:44:17.749+0000][30964][safepoint    ] Safepoint "Cleanup", Time since last: 1999870300 ns, Reaching safepoint: 128700 ns, At safepoint: 6800 ns, Total: 135500 ns
[2020-09-28T10:44:18.749+0000][30964][safepoint    ] Safepoint "Cleanup", Time since last: 1000645700 ns, Reaching safepoint: 136000 ns, At safepoint: 5200 ns, Total: 141200 ns
[2020-09-28T10:44:19.750+0000][30964][safepoint    ] Safepoint "Cleanup", Time since last: 1000409400 ns, Reaching safepoint: 125500 ns, At safepoint: 10400 ns, Total: 135900 ns
[2020-09-28T10:44:20.750+0000][30964][safepoint    ] Safepoint "Cleanup", Time since last: 1000010500 ns, Reaching safepoint: 177500 ns, At safepoint: 5800 ns, Total: 183300 ns
[2020-09-28T10:44:21.751+0000][30964][safepoint    ] Safepoint "Cleanup", Time since last: 1000856700 ns, Reaching safepoint: 126000 ns, At safepoint: 5800 ns, Total: 131800 ns
[2020-09-28T10:44:22.752+0000][30964][safepoint    ] Safepoint "Cleanup", Time since last: 1000553100 ns, Reaching safepoint: 95200 ns, At safepoint: 4200 ns, Total: 99400 ns
[2020-09-28T10:44:23.753+0000][30964][safepoint    ] Safepoint "Cleanup", Time since last: 1000862900 ns, Reaching safepoint: 103000 ns, At safepoint: 2600 ns, Total: 105600 ns
[2020-09-28T10:44:24.754+0000][30964][safepoint    ] Safepoint "Cleanup", Time since last: 1000825600 ns, Reaching safepoint: 111000 ns, At safepoint: 6000 ns, Total: 117000 ns
[2020-09-28T10:44:25.754+0000][30964][safepoint    ] Safepoint "Cleanup", Time since last: 1000399400 ns, Reaching safepoint: 157600 ns, At safepoint: 8700 ns, Total: 166300 ns
[2020-09-28T10:44:26.755+0000][30964][safepoint    ] Safepoint "Cleanup", Time since last: 1000756100 ns, Reaching safepoint: 155400 ns, At safepoint: 5300 ns, Total: 160700 ns
[2020-09-28T10:44:28.756+0000][30964][safepoint    ] Safepoint "Cleanup", Time since last: 2000667200 ns, Reaching safepoint: 112300 ns, At safepoint: 7500 ns, Total: 119800 ns
[2020-09-28T10:44:29.756+0000][30964][safepoint    ] Safepoint "Cleanup", Time since last: 1000076200 ns, Reaching safepoint: 137800 ns, At safepoint: 5500 ns, Total: 143300 ns
[2020-09-28T10:44:30.757+0000][30964][safepoint    ] Safepoint "Cleanup", Time since last: 1000387700 ns, Reaching safepoint: 131300 ns, At safepoint: 7300 ns, Total: 138600 ns
[2020-09-28T10:44:31.758+0000][30964][safepoint    ] Safepoint "Cleanup", Time since last: 1000731500 ns, Reaching safepoint: 189800 ns, At safepoint: 6400 ns, Total: 196200 ns
[2020-09-28T10:44:32.758+0000][30964][safepoint    ] Safepoint "Cleanup", Time since last: 1000348100 ns, Reaching safepoint: 99500 ns, At safepoint: 3100 ns, Total: 102600 ns
[2020-09-28T10:44:34.759+0000][30964][safepoint    ] Safepoint "Cleanup", Time since last: 2000887400 ns, Reaching safepoint: 182800 ns, At safepoint: 10800 ns, Total: 193600 ns
[2020-09-28T10:44:35.760+0000][30964][safepoint    ] Safepoint "Cleanup", Time since last: 1000442100 ns, Reaching safepoint: 239600 ns, At safepoint: 8800 ns, Total: 248400 ns
[2020-09-28T10:44:36.760+0000][30964][safepoint    ] Safepoint "Cleanup", Time since last: 1000317200 ns, Reaching safepoint: 112800 ns, At safepoint: 7100 ns, Total: 119900 ns
[2020-09-28T10:44:37.761+0000][30964][safepoint    ] Safepoint "Cleanup", Time since last: 1000671300 ns, Reaching safepoint: 118200 ns, At safepoint: 14600 ns, Total: 132800 ns
[2020-09-28T10:44:38.762+0000][30964][safepoint    ] Safepoint "Cleanup", Time since last: 1000262100 ns, Reaching safepoint: 103900 ns, At safepoint: 6500 ns, Total: 110400 ns
[2020-09-28T10:44:39.762+0000][30964][safepoint    ] Safepoint "Cleanup", Time since last: 1000042100 ns, Reaching safepoint: 112600 ns, At safepoint: 11200 ns, Total: 123800 ns
[2020-09-28T10:44:40.762+0000][30964][safepoint    ] Safepoint "Cleanup", Time since last: 1000077400 ns, Reaching safepoint: 160900 ns, At safepoint: 8000 ns, Total: 168900 ns
[2020-09-28T10:44:42.658+0000][30964][safepoint    ] Safepoint "Cleanup", Time since last: 1895964400 ns, Reaching safepoint: 178600 ns, At safepoint: 8600 ns, Total: 187200 ns
[2020-09-28T10:44:43.658+0000][30964][safepoint    ] Safepoint "Cleanup", Time since last: 1000017300 ns, Reaching safepoint: 182600 ns, At safepoint: 11300 ns, Total: 193900 ns
[2020-09-28T10:44:44.658+0000][30964][safepoint    ] Safepoint "Cleanup", Time since last: 1000059300 ns, Reaching safepoint: 200300 ns, At safepoint: 7700 ns, Total: 208000 ns
[2020-09-28T10:44:46.659+0000][30964][safepoint    ] Safepoint "Cleanup", Time since last: 2000430100 ns, Reaching safepoint: 128500 ns, At safepoint: 5700 ns, Total: 134200 ns
[2020-09-28T10:44:47.660+0000][30964][safepoint    ] Safepoint "Cleanup", Time since last: 1000316800 ns, Reaching safepoint: 155300 ns, At safepoint: 14800 ns, Total: 170100 ns
[2020-09-28T10:44:48.660+0000][30964][safepoint    ] Safepoint "Cleanup", Time since last: 1000518400 ns, Reaching safepoint: 139000 ns, At safepoint: 5600 ns, Total: 144600 ns
[2020-09-28T10:44:50.661+0000][30964][safepoint    ] Safepoint "Cleanup", Time since last: 2000488500 ns, Reaching safepoint: 134800 ns, At safepoint: 5800 ns, Total: 140600 ns
[2020-09-28T10:44:51.661+0000][30964][safepoint    ] Safepoint "Cleanup", Time since last: 1000011300 ns, Reaching safepoint: 106900 ns, At safepoint: 5800 ns, Total: 112700 ns
[2020-09-28T10:44:53.662+0000][30964][safepoint    ] Safepoint "Cleanup", Time since last: 2000795600 ns, Reaching safepoint: 161300 ns, At safepoint: 5500 ns, Total: 166800 ns
[2020-09-28T10:44:54.662+0000][30964][safepoint    ] Safepoint "Cleanup", Time since last: 1000361600 ns, Reaching safepoint: 153700 ns, At safepoint: 5700 ns, Total: 159400 ns
[2020-09-28T10:44:55.663+0000][30964][safepoint    ] Safepoint "Cleanup", Time since last: 1000381500 ns, Reaching safepoint: 121200 ns, At safepoint: 6400 ns, Total: 127600 ns
[2020-09-28T10:44:56.663+0000][30964][safepoint    ] Safepoint "Cleanup", Time since last: 1000223200 ns, Reaching safepoint: 237800 ns, At safepoint: 16200 ns, Total: 254000 ns
[2020-09-28T10:44:57.664+0000][30964][safepoint    ] Safepoint "Cleanup", Time since last: 1000526300 ns, Reaching safepoint: 92000 ns, At safepoint: 6400 ns, Total: 98400 ns
[2020-09-28T10:44:58.664+0000][30964][safepoint    ] Safepoint "Cleanup", Time since last: 1000072200 ns, Reaching safepoint: 104100 ns, At safepoint: 6400 ns, Total: 110500 ns
[2020-09-28T10:44:59.665+0000][30964][safepoint    ] Safepoint "Cleanup", Time since last: 1000206600 ns, Reaching safepoint: 140100 ns, At safepoint: 5700 ns, Total: 145800 ns
[2020-09-28T10:45:00.665+0000][30964][safepoint    ] Safepoint "Cleanup", Time since last: 1000068500 ns, Reaching safepoint: 141300 ns, At safepoint: 8200 ns, Total: 149500 ns
[2020-09-28T10:45:01.665+0000][30964][safepoint    ] Safepoint "Cleanup", Time since last: 1000264600 ns, Reaching safepoint: 125100 ns, At safepoint: 7000 ns, Total: 132100 ns
[2020-09-28T10:45:02.666+0000][30964][safepoint    ] Safepoint "Cleanup", Time since last: 1000211400 ns, Reaching safepoint: 118500 ns, At safepoint: 13900 ns, Total: 132400 ns
[2020-09-28T10:45:03.666+0000][30964][safepoint    ] Safepoint "Cleanup", Time since last: 1000274300 ns, Reaching safepoint: 129700 ns, At safepoint: 6600 ns, Total: 136300 ns
[2020-09-28T10:45:04.666+0000][30964][safepoint    ] Safepoint "Cleanup", Time since last: 1000259100 ns, Reaching safepoint: 138600 ns, At safepoint: 7600 ns, Total: 146200 ns
[2020-09-28T10:45:05.667+0000][30964][safepoint    ] Safepoint "Cleanup", Time since last: 1000223100 ns, Reaching safepoint: 139400 ns, At safepoint: 8700 ns, Total: 148100 ns
[2020-09-28T10:45:06.667+0000][30964][safepoint    ] Safepoint "Cleanup", Time since last: 1000278700 ns, Reaching safepoint: 140000 ns, At safepoint: 6000 ns, Total: 146000 ns
[2020-09-28T10:45:07.668+0000][30964][safepoint    ] Safepoint "Cleanup", Time since last: 1000742000 ns, Reaching safepoint: 106200 ns, At safepoint: 9600 ns, Total: 115800 ns
[2020-09-28T10:45:08.669+0000][30964][safepoint    ] Safepoint "Cleanup", Time since last: 1000842900 ns, Reaching safepoint: 111300 ns, At safepoint: 6300 ns, Total: 117600 ns
[2020-09-28T10:45:09.670+0000][30964][safepoint    ] Safepoint "Cleanup", Time since last: 1000738800 ns, Reaching safepoint: 108900 ns, At safepoint: 3000 ns, Total: 111900 ns
[2020-09-28T10:45:10.671+0000][30964][safepoint    ] Safepoint "Cleanup", Time since last: 1000659900 ns, Reaching safepoint: 173400 ns, At safepoint: 13100 ns, Total: 186500 ns
[2020-09-28T10:45:12.468+0000][30964][safepoint    ] Safepoint "Cleanup", Time since last: 1796893500 ns, Reaching safepoint: 126700 ns, At safepoint: 9200 ns, Total: 135900 ns
[2020-09-28T10:45:13.468+0000][30964][safepoint    ] Safepoint "Cleanup", Time since last: 1000280300 ns, Reaching safepoint: 151300 ns, At safepoint: 6400 ns, Total: 157700 ns
[2020-09-28T10:45:14.469+0000][30964][safepoint    ] Safepoint "Cleanup", Time since last: 1000615200 ns, Reaching safepoint: 137400 ns, At safepoint: 6500 ns, Total: 143900 ns
[2020-09-28T10:45:16.470+0000][30964][safepoint    ] Safepoint "Cleanup", Time since last: 2000534000 ns, Reaching safepoint: 141000 ns, At safepoint: 20200 ns, Total: 161200 ns
[2020-09-28T10:45:18.470+0000][30964][safepoint    ] Safepoint "Cleanup", Time since last: 1999985600 ns, Reaching safepoint: 144600 ns, At safepoint: 4100 ns, Total: 148700 ns
[2020-09-28T10:45:19.470+0000][30964][safepoint    ] Safepoint "Cleanup", Time since last: 1000594500 ns, Reaching safepoint: 203300 ns, At safepoint: 5100 ns, Total: 208400 ns
[2020-09-28T10:45:21.471+0000][30964][safepoint    ] Safepoint "Cleanup", Time since last: 2000657800 ns, Reaching safepoint: 127300 ns, At safepoint: 6300 ns, Total: 133600 ns
[2020-09-28T10:45:22.472+0000][30964][safepoint    ] Safepoint "Cleanup", Time since last: 1000403000 ns, Reaching safepoint: 141500 ns, At safepoint: 6600 ns, Total: 148100 ns
[2020-09-28T10:45:23.472+0000][30964][safepoint    ] Safepoint "Cleanup", Time since last: 1000123600 ns, Reaching safepoint: 148400 ns, At safepoint: 8100 ns, Total: 156500 ns
[2020-09-28T10:45:24.472+0000][30964][safepoint    ] Safepoint "Cleanup", Time since last: 1000139400 ns, Reaching safepoint: 126000 ns, At safepoint: 5800 ns, Total: 131800 ns
[2020-09-28T10:45:25.473+0000][30964][safepoint    ] Safepoint "Cleanup", Time since last: 1000271400 ns, Reaching safepoint: 174400 ns, At safepoint: 6700 ns, Total: 181100 ns
[2020-09-28T10:45:26.474+0000][30964][safepoint    ] Safepoint "Cleanup", Time since last: 1000774100 ns, Reaching safepoint: 137200 ns, At safepoint: 6200 ns, Total: 143400 ns
[2020-09-28T10:45:27.474+0000][30964][safepoint    ] Safepoint "Cleanup", Time since last: 1000484800 ns, Reaching safepoint: 144800 ns, At safepoint: 5700 ns, Total: 150500 ns
[2020-09-28T10:45:28.475+0000][30964][safepoint    ] Safepoint "Cleanup", Time since last: 1000038700 ns, Reaching safepoint: 173200 ns, At safepoint: 5500 ns, Total: 178700 ns
[2020-09-28T10:45:29.475+0000][30964][safepoint    ] Safepoint "Cleanup", Time since last: 1000523600 ns, Reaching safepoint: 115100 ns, At safepoint: 7900 ns, Total: 123000 ns
[2020-09-28T10:45:30.476+0000][30964][safepoint    ] Safepoint "Cleanup", Time since last: 1000150600 ns, Reaching safepoint: 97400 ns, At safepoint: 6600 ns, Total: 104000 ns
[2020-09-28T10:45:31.477+0000][30964][safepoint    ] Safepoint "Cleanup", Time since last: 1000857800 ns, Reaching safepoint: 98400 ns, At safepoint: 5900 ns, Total: 104300 ns
[2020-09-28T10:45:32.477+0000][30964][safepoint    ] Safepoint "Cleanup", Time since last: 1000816600 ns, Reaching safepoint: 148800 ns, At safepoint: 7400 ns, Total: 156200 ns
[2020-09-28T10:45:33.478+0000][30964][safepoint    ] Safepoint "Cleanup", Time since last: 1000002300 ns, Reaching safepoint: 128000 ns, At safepoint: 8000 ns, Total: 136000 ns
[2020-09-28T10:45:35.478+0000][30964][safepoint    ] Safepoint "Cleanup", Time since last: 2000577400 ns, Reaching safepoint: 179200 ns, At safepoint: 5000 ns, Total: 184200 ns
[2020-09-28T10:45:36.479+0000][30964][safepoint    ] Safepoint "Cleanup", Time since last: 1000809600 ns, Reaching safepoint: 125600 ns, At safepoint: 5900 ns, Total: 131500 ns
[2020-09-28T10:45:37.480+0000][30964][safepoint    ] Safepoint "Cleanup", Time since last: 1000525600 ns, Reaching safepoint: 135500 ns, At safepoint: 13600 ns, Total: 149100 ns
[2020-09-28T10:45:38.481+0000][30964][safepoint    ] Safepoint "Cleanup", Time since last: 1000765900 ns, Reaching safepoint: 124000 ns, At safepoint: 2600 ns, Total: 126600 ns
[2020-09-28T10:45:39.481+0000][30964][safepoint    ] Safepoint "Cleanup", Time since last: 1000098800 ns, Reaching safepoint: 109700 ns, At safepoint: 8600 ns, Total: 118300 ns
[2020-09-28T10:45:40.482+0000][30964][safepoint    ] Safepoint "Cleanup", Time since last: 1000402200 ns, Reaching safepoint: 126800 ns, At safepoint: 5800 ns, Total: 132600 ns
[2020-09-28T10:45:41.482+0000][30964][safepoint    ] Safepoint "Cleanup", Time since last: 1000562400 ns, Reaching safepoint: 126000 ns, At safepoint: 6000 ns, Total: 132000 ns
[2020-09-28T10:45:42.483+0000][30964][safepoint    ] Safepoint "Cleanup", Time since last: 1000706700 ns, Reaching safepoint: 132700 ns, At safepoint: 8300 ns, Total: 141000 ns
[2020-09-28T10:45:44.484+0000][30964][safepoint    ] Safepoint "Cleanup", Time since last: 2000785700 ns, Reaching safepoint: 142800 ns, At safepoint: 8000 ns, Total: 150800 ns
[2020-09-28T10:45:45.485+0000][30964][safepoint    ] Safepoint "Cleanup", Time since last: 1000324700 ns, Reaching safepoint: 246900 ns, At safepoint: 14500 ns, Total: 261400 ns
[2020-09-28T10:45:46.486+0000][30964][safepoint    ] Safepoint "Cleanup", Time since last: 1000729100 ns, Reaching safepoint: 96900 ns, At safepoint: 8300 ns, Total: 105200 ns
[2020-09-28T10:45:48.486+0000][30964][safepoint    ] Safepoint "Cleanup", Time since last: 2000481900 ns, Reaching safepoint: 346600 ns, At safepoint: 25500 ns, Total: 372100 ns
[2020-09-28T10:45:49.487+0000][30964][safepoint    ] Safepoint "Cleanup", Time since last: 1000135100 ns, Reaching safepoint: 128800 ns, At safepoint: 7500 ns, Total: 136300 ns
[2020-09-28T10:45:50.487+0000][30964][safepoint    ] Safepoint "Cleanup", Time since last: 1000359600 ns, Reaching safepoint: 121900 ns, At safepoint: 7900 ns, Total: 129800 ns
[2020-09-28T10:45:51.487+0000][30964][safepoint    ] Safepoint "Cleanup", Time since last: 1000112300 ns, Reaching safepoint: 110300 ns, At safepoint: 5700 ns, Total: 116000 ns
[2020-09-28T10:45:52.488+0000][30964][safepoint    ] Safepoint "Cleanup", Time since last: 1000383600 ns, Reaching safepoint: 104900 ns, At safepoint: 7100 ns, Total: 112000 ns
[2020-09-28T10:45:53.488+0000][30964][safepoint    ] Safepoint "Cleanup", Time since last: 1000335900 ns, Reaching safepoint: 133900 ns, At safepoint: 5900 ns, Total: 139800 ns
[2020-09-28T10:45:54.489+0000][30964][safepoint    ] Safepoint "Cleanup", Time since last: 1000767700 ns, Reaching safepoint: 172600 ns, At safepoint: 8400 ns, Total: 181000 ns
[2020-09-28T10:45:55.490+0000][30964][safepoint    ] Safepoint "Cleanup", Time since last: 1000191000 ns, Reaching safepoint: 114100 ns, At safepoint: 3900 ns, Total: 118000 ns
[2020-09-28T10:45:56.490+0000][30964][safepoint    ] Safepoint "Cleanup", Time since last: 1000678000 ns, Reaching safepoint: 109300 ns, At safepoint: 12300 ns, Total: 121600 ns
[2020-09-28T10:45:57.491+0000][30964][safepoint    ] Safepoint "Cleanup", Time since last: 1000717900 ns, Reaching safepoint: 126900 ns, At safepoint: 5600 ns, Total: 132500 ns
[2020-09-28T10:45:58.492+0000][30964][safepoint    ] Safepoint "Cleanup", Time since last: 1000369900 ns, Reaching safepoint: 142700 ns, At safepoint: 5600 ns, Total: 148300 ns
[2020-09-28T10:45:59.492+0000][30964][safepoint    ] Safepoint "Cleanup", Time since last: 1000413700 ns, Reaching safepoint: 113400 ns, At safepoint: 7400 ns, Total: 120800 ns
[2020-09-28T10:46:00.493+0000][30964][safepoint    ] Safepoint "Cleanup", Time since last: 1000607400 ns, Reaching safepoint: 103600 ns, At safepoint: 7600 ns, Total: 111200 ns
[2020-09-28T10:46:01.494+0000][30964][safepoint    ] Safepoint "Cleanup", Time since last: 1000860400 ns, Reaching safepoint: 116000 ns, At safepoint: 6400 ns, Total: 122400 ns
[2020-09-28T10:46:03.494+0000][30964][safepoint    ] Safepoint "Cleanup", Time since last: 1999966900 ns, Reaching safepoint: 131600 ns, At safepoint: 6200 ns, Total: 137800 ns
[2020-09-28T10:46:04.495+0000][30964][safepoint    ] Safepoint "Cleanup", Time since last: 1000533200 ns, Reaching safepoint: 120800 ns, At safepoint: 4900 ns, Total: 125700 ns
[2020-09-28T10:46:05.495+0000][30964][safepoint    ] Safepoint "Cleanup", Time since last: 1000341700 ns, Reaching safepoint: 148300 ns, At safepoint: 5900 ns, Total: 154200 ns
[2020-09-28T10:46:06.496+0000][30964][safepoint    ] Safepoint "Cleanup", Time since last: 1000668600 ns, Reaching safepoint: 134600 ns, At safepoint: 7100 ns, Total: 141700 ns
[2020-09-28T10:46:07.496+0000][30964][safepoint    ] Safepoint "Cleanup", Time since last: 1000269900 ns, Reaching safepoint: 150100 ns, At safepoint: 5500 ns, Total: 155600 ns
[2020-09-28T10:46:08.497+0000][30964][safepoint    ] Safepoint "Cleanup", Time since last: 1000618500 ns, Reaching safepoint: 194900 ns, At safepoint: 5100 ns, Total: 200000 ns
[2020-09-28T10:46:09.497+0000][30964][safepoint    ] Safepoint "Cleanup", Time since last: 1000002800 ns, Reaching safepoint: 235600 ns, At safepoint: 13600 ns, Total: 249200 ns
[2020-09-28T10:46:10.498+0000][30964][safepoint    ] Safepoint "Cleanup", Time since last: 1000614100 ns, Reaching safepoint: 129300 ns, At safepoint: 7600 ns, Total: 136900 ns
[2020-09-28T10:46:11.499+0000][30964][safepoint    ] Safepoint "Cleanup", Time since last: 1000817200 ns, Reaching safepoint: 119700 ns, At safepoint: 8400 ns, Total: 128100 ns
[2020-09-28T10:46:12.500+0000][30964][safepoint    ] Safepoint "Cleanup", Time since last: 1000557300 ns, Reaching safepoint: 216600 ns, At safepoint: 8200 ns, Total: 224800 ns
[2020-09-28T10:46:14.500+0000][30964][safepoint    ] Safepoint "Cleanup", Time since last: 2000038600 ns, Reaching safepoint: 146300 ns, At safepoint: 6300 ns, Total: 152600 ns
[2020-09-28T10:46:15.501+0000][30964][safepoint    ] Safepoint "Cleanup", Time since last: 1000390000 ns, Reaching safepoint: 121700 ns, At safepoint: 7000 ns, Total: 128700 ns
[2020-09-28T10:46:16.502+0000][30964][safepoint    ] Safepoint "Cleanup", Time since last: 1000839200 ns, Reaching safepoint: 125800 ns, At safepoint: 5600 ns, Total: 131400 ns
[2020-09-28T10:46:17.502+0000][30964][safepoint    ] Safepoint "Cleanup", Time since last: 1000200300 ns, Reaching safepoint: 89900 ns, At safepoint: 2700 ns, Total: 92600 ns
[2020-09-28T10:46:18.502+0000][30964][safepoint    ] Safepoint "Cleanup", Time since last: 1000179600 ns, Reaching safepoint: 95700 ns, At safepoint: 6300 ns, Total: 102000 ns
[2020-09-28T10:46:19.503+0000][30964][safepoint    ] Safepoint "Cleanup", Time since last: 1000778400 ns, Reaching safepoint: 126900 ns, At safepoint: 5300 ns, Total: 132200 ns
[2020-09-28T10:46:20.504+0000][30964][safepoint    ] Safepoint "Cleanup", Time since last: 1000710300 ns, Reaching safepoint: 120400 ns, At safepoint: 6000 ns, Total: 126400 ns
[2020-09-28T10:46:21.505+0000][30964][safepoint    ] Safepoint "Cleanup", Time since last: 1000788300 ns, Reaching safepoint: 119900 ns, At safepoint: 7400 ns, Total: 127300 ns
[2020-09-28T10:46:23.505+0000][30964][safepoint    ] Safepoint "Cleanup", Time since last: 2000260000 ns, Reaching safepoint: 133600 ns, At safepoint: 21200 ns, Total: 154800 ns
[2020-09-28T10:46:25.505+0000][30964][safepoint    ] Safepoint "Cleanup", Time since last: 2000019800 ns, Reaching safepoint: 95200 ns, At safepoint: 5900 ns, Total: 101100 ns
[2020-09-28T10:46:26.506+0000][30964][safepoint    ] Safepoint "Cleanup", Time since last: 1000400300 ns, Reaching safepoint: 136000 ns, At safepoint: 5100 ns, Total: 141100 ns
[2020-09-28T10:46:27.507+0000][30964][safepoint    ] Safepoint "Cleanup", Time since last: 1000470800 ns, Reaching safepoint: 80400 ns, At safepoint: 3400 ns, Total: 83800 ns
[2020-09-28T10:46:28.507+0000][30964][safepoint    ] Safepoint "Cleanup", Time since last: 1000336400 ns, Reaching safepoint: 111200 ns, At safepoint: 5400 ns, Total: 116600 ns
[2020-09-28T10:46:29.508+0000][30964][safepoint    ] Safepoint "Cleanup", Time since last: 1000668900 ns, Reaching safepoint: 145500 ns, At safepoint: 5800 ns, Total: 151300 ns
[2020-09-28T10:46:31.508+0000][30964][safepoint    ] Safepoint "Cleanup", Time since last: 2000238400 ns, Reaching safepoint: 150700 ns, At safepoint: 5500 ns, Total: 156200 ns
[2020-09-28T10:46:32.509+0000][30964][safepoint    ] Safepoint "Cleanup", Time since last: 1000441800 ns, Reaching safepoint: 140000 ns, At safepoint: 6200 ns, Total: 146200 ns
[2020-09-28T10:46:34.509+0000][30964][safepoint    ] Safepoint "Cleanup", Time since last: 2000304400 ns, Reaching safepoint: 129700 ns, At safepoint: 6300 ns, Total: 136000 ns
[2020-09-28T10:46:35.510+0000][30964][safepoint    ] Safepoint "Cleanup", Time since last: 1000324400 ns, Reaching safepoint: 182600 ns, At safepoint: 10400 ns, Total: 193000 ns
[2020-09-28T10:46:36.511+0000][30964][safepoint    ] Safepoint "Cleanup", Time since last: 1000699900 ns, Reaching safepoint: 217800 ns, At safepoint: 7100 ns, Total: 224900 ns
[2020-09-28T10:46:37.511+0000][30964][safepoint    ] Safepoint "Cleanup", Time since last: 1000467200 ns, Reaching safepoint: 146600 ns, At safepoint: 6000 ns, Total: 152600 ns
[2020-09-28T10:46:38.512+0000][30964][safepoint    ] Safepoint "Cleanup", Time since last: 1000569500 ns, Reaching safepoint: 103200 ns, At safepoint: 7300 ns, Total: 110500 ns
[2020-09-28T10:46:39.512+0000][30964][safepoint    ] Safepoint "Cleanup", Time since last: 1000397100 ns, Reaching safepoint: 119400 ns, At safepoint: 5700 ns, Total: 125100 ns
[2020-09-28T10:46:40.513+0000][30964][safepoint    ] Safepoint "Cleanup", Time since last: 1000444600 ns, Reaching safepoint: 146800 ns, At safepoint: 5100 ns, Total: 151900 ns
[2020-09-28T10:46:41.514+0000][30964][safepoint    ] Safepoint "Cleanup", Time since last: 1000725800 ns, Reaching safepoint: 163400 ns, At safepoint: 7000 ns, Total: 170400 ns
[2020-09-28T10:46:42.672+0000][30964][safepoint    ] Safepoint "Cleanup", Time since last: 1158254800 ns, Reaching safepoint: 135900 ns, At safepoint: 7800 ns, Total: 143700 ns
[2020-09-28T10:46:43.675+0000][30964][safepoint    ] Safepoint "Cleanup", Time since last: 1002941000 ns, Reaching safepoint: 202700 ns, At safepoint: 10900 ns, Total: 213600 ns
[2020-09-28T10:46:44.676+0000][30964][safepoint    ] Safepoint "Cleanup", Time since last: 1000261500 ns, Reaching safepoint: 275900 ns, At safepoint: 7200 ns, Total: 283100 ns
[2020-09-28T10:46:45.677+0000][30964][safepoint    ] Safepoint "Cleanup", Time since last: 1000541400 ns, Reaching safepoint: 133100 ns, At safepoint: 5700 ns, Total: 138800 ns
[2020-09-28T10:46:46.677+0000][30964][safepoint    ] Safepoint "Cleanup", Time since last: 1000028600 ns, Reaching safepoint: 117100 ns, At safepoint: 7900 ns, Total: 125000 ns
[2020-09-28T10:46:47.678+0000][30964][safepoint    ] Safepoint "Cleanup", Time since last: 1000617500 ns, Reaching safepoint: 141100 ns, At safepoint: 6500 ns, Total: 147600 ns
[2020-09-28T10:46:48.678+0000][30964][safepoint    ] Safepoint "Cleanup", Time since last: 1000381600 ns, Reaching safepoint: 113900 ns, At safepoint: 5600 ns, Total: 119500 ns
[2020-09-28T10:46:49.679+0000][30964][safepoint    ] Safepoint "Cleanup", Time since last: 1000776200 ns, Reaching safepoint: 151200 ns, At safepoint: 7500 ns, Total: 158700 ns
[2020-09-28T10:46:50.680+0000][30964][safepoint    ] Safepoint "Cleanup", Time since last: 1000374300 ns, Reaching safepoint: 119000 ns, At safepoint: 5200 ns, Total: 124200 ns
[2020-09-28T10:46:51.680+0000][30964][safepoint    ] Safepoint "Cleanup", Time since last: 1000690400 ns, Reaching safepoint: 119500 ns, At safepoint: 5700 ns, Total: 125200 ns
[2020-09-28T10:46:52.681+0000][30964][safepoint    ] Safepoint "Cleanup", Time since last: 1000142400 ns, Reaching safepoint: 105600 ns, At safepoint: 9700 ns, Total: 115300 ns
[2020-09-28T10:46:53.681+0000][30964][safepoint    ] Safepoint "Cleanup", Time since last: 1000467600 ns, Reaching safepoint: 114500 ns, At safepoint: 6400 ns, Total: 120900 ns
[2020-09-28T10:46:55.682+0000][30964][safepoint    ] Safepoint "Cleanup", Time since last: 2000400000 ns, Reaching safepoint: 126000 ns, At safepoint: 24000 ns, Total: 150000 ns
[2020-09-28T10:46:57.683+0000][30964][safepoint    ] Safepoint "Cleanup", Time since last: 2000565300 ns, Reaching safepoint: 127200 ns, At safepoint: 2500 ns, Total: 129700 ns
[2020-09-28T10:46:58.683+0000][30964][safepoint    ] Safepoint "Cleanup", Time since last: 1000337800 ns, Reaching safepoint: 142900 ns, At safepoint: 20700 ns, Total: 163600 ns
[2020-09-28T10:46:59.684+0000][30964][safepoint    ] Safepoint "Cleanup", Time since last: 1000415500 ns, Reaching safepoint: 110100 ns, At safepoint: 4600 ns, Total: 114700 ns
[2020-09-28T10:47:00.684+0000][30964][safepoint    ] Safepoint "Cleanup", Time since last: 1000206300 ns, Reaching safepoint: 118900 ns, At safepoint: 7900 ns, Total: 126800 ns
[2020-09-28T10:47:02.684+0000][30964][safepoint    ] Safepoint "Cleanup", Time since last: 1999897000 ns, Reaching safepoint: 183800 ns, At safepoint: 5900 ns, Total: 189700 ns
[2020-09-28T10:47:03.684+0000][30964][safepoint    ] Safepoint "Cleanup", Time since last: 1000376300 ns, Reaching safepoint: 144500 ns, At safepoint: 6100 ns, Total: 150600 ns
[2020-09-28T10:47:04.685+0000][30964][safepoint    ] Safepoint "Cleanup", Time since last: 1000400800 ns, Reaching safepoint: 149800 ns, At safepoint: 6100 ns, Total: 155900 ns
[2020-09-28T10:47:05.685+0000][30964][safepoint    ] Safepoint "Cleanup", Time since last: 1000084100 ns, Reaching safepoint: 92400 ns, At safepoint: 3900 ns, Total: 96300 ns
[2020-09-28T10:47:06.686+0000][30964][safepoint    ] Safepoint "Cleanup", Time since last: 1000458300 ns, Reaching safepoint: 118300 ns, At safepoint: 8300 ns, Total: 126600 ns
[2020-09-28T10:47:07.686+0000][30964][safepoint    ] Safepoint "Cleanup", Time since last: 1000397200 ns, Reaching safepoint: 136100 ns, At safepoint: 5300 ns, Total: 141400 ns
[2020-09-28T10:47:08.687+0000][30964][safepoint    ] Safepoint "Cleanup", Time since last: 1000067700 ns, Reaching safepoint: 133300 ns, At safepoint: 5700 ns, Total: 139000 ns
[2020-09-28T10:47:09.687+0000][30964][safepoint    ] Safepoint "Cleanup", Time since last: 1000394000 ns, Reaching safepoint: 110200 ns, At safepoint: 3100 ns, Total: 113300 ns
[2020-09-28T10:47:10.687+0000][30964][safepoint    ] Safepoint "Cleanup", Time since last: 1000164900 ns, Reaching safepoint: 133100 ns, At safepoint: 3600 ns, Total: 136700 ns
[2020-09-28T10:47:12.669+0000][30964][safepoint    ] Safepoint "Cleanup", Time since last: 1981150800 ns, Reaching safepoint: 164700 ns, At safepoint: 8000 ns, Total: 172700 ns
[2020-09-28T10:47:14.669+0000][30964][safepoint    ] Safepoint "Cleanup", Time since last: 2000124400 ns, Reaching safepoint: 121500 ns, At safepoint: 5500 ns, Total: 127000 ns
[2020-09-28T10:47:15.669+0000][30964][safepoint    ] Safepoint "Cleanup", Time since last: 1000162800 ns, Reaching safepoint: 118400 ns, At safepoint: 8700 ns, Total: 127100 ns
[2020-09-28T10:47:16.670+0000][30964][safepoint    ] Safepoint "Cleanup", Time since last: 1000862600 ns, Reaching safepoint: 152400 ns, At safepoint: 6300 ns, Total: 158700 ns
[2020-09-28T10:47:17.671+0000][30964][safepoint    ] Safepoint "Cleanup", Time since last: 1000475900 ns, Reaching safepoint: 142400 ns, At safepoint: 6700 ns, Total: 149100 ns
[2020-09-28T10:47:18.671+0000][30964][safepoint    ] Safepoint "Cleanup", Time since last: 1000009200 ns, Reaching safepoint: 170000 ns, At safepoint: 4900 ns, Total: 174900 ns
[2020-09-28T10:47:19.672+0000][30964][safepoint    ] Safepoint "Cleanup", Time since last: 1000728300 ns, Reaching safepoint: 117400 ns, At safepoint: 5500 ns, Total: 122900 ns
[2020-09-28T10:47:21.672+0000][30964][safepoint    ] Safepoint "Cleanup", Time since last: 2000252000 ns, Reaching safepoint: 122400 ns, At safepoint: 2500 ns, Total: 124900 ns
[2020-09-28T10:47:22.673+0000][30964][safepoint    ] Safepoint "Cleanup", Time since last: 1000277900 ns, Reaching safepoint: 137400 ns, At safepoint: 5900 ns, Total: 143300 ns
[2020-09-28T10:47:23.673+0000][30964][safepoint    ] Safepoint "Cleanup", Time since last: 1000103300 ns, Reaching safepoint: 174500 ns, At safepoint: 8400 ns, Total: 182900 ns
[2020-09-28T10:47:24.674+0000][30964][safepoint    ] Safepoint "Cleanup", Time since last: 1000502600 ns, Reaching safepoint: 382900 ns, At safepoint: 25400 ns, Total: 408300 ns
[2020-09-28T10:47:26.674+0000][30964][safepoint    ] Safepoint "Cleanup", Time since last: 1999855300 ns, Reaching safepoint: 142700 ns, At safepoint: 9100 ns, Total: 151800 ns
[2020-09-28T10:47:27.674+0000][30964][safepoint    ] Safepoint "Cleanup", Time since last: 1000097400 ns, Reaching safepoint: 123600 ns, At safepoint: 4700 ns, Total: 128300 ns
[2020-09-28T10:47:28.674+0000][30964][safepoint    ] Safepoint "Cleanup", Time since last: 1000151500 ns, Reaching safepoint: 128300 ns, At safepoint: 5700 ns, Total: 134000 ns
[2020-09-28T10:47:29.675+0000][30964][safepoint    ] Safepoint "Cleanup", Time since last: 1000222100 ns, Reaching safepoint: 108900 ns, At safepoint: 22500 ns, Total: 131400 ns
[2020-09-28T10:47:31.675+0000][30964][safepoint    ] Safepoint "Cleanup", Time since last: 2000347000 ns, Reaching safepoint: 103000 ns, At safepoint: 6800 ns, Total: 109800 ns
[2020-09-28T10:47:33.675+0000][30964][safepoint    ] Safepoint "Cleanup", Time since last: 1999999100 ns, Reaching safepoint: 105100 ns, At safepoint: 6000 ns, Total: 111100 ns
[2020-09-28T10:47:34.676+0000][30964][safepoint    ] Safepoint "Cleanup", Time since last: 1000723100 ns, Reaching safepoint: 142900 ns, At safepoint: 6500 ns, Total: 149400 ns
[2020-09-28T10:47:35.676+0000][30964][safepoint    ] Safepoint "Cleanup", Time since last: 1000126900 ns, Reaching safepoint: 143900 ns, At safepoint: 5500 ns, Total: 149400 ns
[2020-09-28T10:47:36.677+0000][30964][safepoint    ] Safepoint "Cleanup", Time since last: 1000574900 ns, Reaching safepoint: 107900 ns, At safepoint: 2700 ns, Total: 110600 ns
[2020-09-28T10:47:37.678+0000][30964][safepoint    ] Safepoint "Cleanup", Time since last: 1000523000 ns, Reaching safepoint: 115000 ns, At safepoint: 2900 ns, Total: 117900 ns
[2020-09-28T10:47:38.679+0000][30964][safepoint    ] Safepoint "Cleanup", Time since last: 1000836200 ns, Reaching safepoint: 120900 ns, At safepoint: 5600 ns, Total: 126500 ns
[2020-09-28T10:47:39.679+0000][30964][safepoint    ] Safepoint "Cleanup", Time since last: 1000396400 ns, Reaching safepoint: 151400 ns, At safepoint: 6400 ns, Total: 157800 ns
[2020-09-28T10:47:41.669+0000][30964][safepoint    ] Safepoint "Cleanup", Time since last: 1990446100 ns, Reaching safepoint: 135900 ns, At safepoint: 63800 ns, Total: 199700 ns
[2020-09-28T10:47:42.671+0000][30964][safepoint    ] Safepoint "Cleanup", Time since last: 1000974600 ns, Reaching safepoint: 133900 ns, At safepoint: 5500 ns, Total: 139400 ns
[2020-09-28T10:47:43.672+0000][30964][safepoint    ] Safepoint "Cleanup", Time since last: 1000605600 ns, Reaching safepoint: 117300 ns, At safepoint: 6100 ns, Total: 123400 ns
[2020-09-28T10:47:44.673+0000][30964][safepoint    ] Safepoint "Cleanup", Time since last: 1000753300 ns, Reaching safepoint: 116800 ns, At safepoint: 4300 ns, Total: 121100 ns
[2020-09-28T10:47:45.673+0000][30964][safepoint    ] Safepoint "Cleanup", Time since last: 1000377400 ns, Reaching safepoint: 107100 ns, At safepoint: 14800 ns, Total: 121900 ns
[2020-09-28T10:47:47.674+0000][30964][safepoint    ] Safepoint "Cleanup", Time since last: 2000789700 ns, Reaching safepoint: 123400 ns, At safepoint: 5700 ns, Total: 129100 ns
[2020-09-28T10:47:48.675+0000][30964][safepoint    ] Safepoint "Cleanup", Time since last: 1000540800 ns, Reaching safepoint: 106400 ns, At safepoint: 6900 ns, Total: 113300 ns
[2020-09-28T10:47:49.675+0000][30964][safepoint    ] Safepoint "Cleanup", Time since last: 1000193900 ns, Reaching safepoint: 83700 ns, At safepoint: 3600 ns, Total: 87300 ns
[2020-09-28T10:47:51.675+0000][30964][safepoint    ] Safepoint "Cleanup", Time since last: 2000030300 ns, Reaching safepoint: 118300 ns, At safepoint: 5400 ns, Total: 123700 ns
[2020-09-28T10:47:53.676+0000][30964][safepoint    ] Safepoint "Cleanup", Time since last: 2000773200 ns, Reaching safepoint: 143200 ns, At safepoint: 63800 ns, Total: 207000 ns
[2020-09-28T10:47:54.677+0000][30964][safepoint    ] Safepoint "Cleanup", Time since last: 1000739000 ns, Reaching safepoint: 137200 ns, At safepoint: 64500 ns, Total: 201700 ns
[2020-09-28T10:47:56.677+0000][30964][safepoint    ] Safepoint "Cleanup", Time since last: 2000311900 ns, Reaching safepoint: 155100 ns, At safepoint: 7300 ns, Total: 162400 ns
[2020-09-28T10:47:57.678+0000][30964][safepoint    ] Safepoint "Cleanup", Time since last: 1000745000 ns, Reaching safepoint: 166500 ns, At safepoint: 10000 ns, Total: 176500 ns
[2020-09-28T10:47:58.679+0000][30964][safepoint    ] Safepoint "Cleanup", Time since last: 1000215800 ns, Reaching safepoint: 129500 ns, At safepoint: 16800 ns, Total: 146300 ns
[2020-09-28T10:47:59.679+0000][30964][safepoint    ] Safepoint "Cleanup", Time since last: 1000504600 ns, Reaching safepoint: 131800 ns, At safepoint: 58000 ns, Total: 189800 ns
[2020-09-28T10:48:01.680+0000][30964][safepoint    ] Safepoint "Cleanup", Time since last: 2000579000 ns, Reaching safepoint: 130100 ns, At safepoint: 4300 ns, Total: 134400 ns
[2020-09-28T10:48:02.681+0000][30964][safepoint    ] Safepoint "Cleanup", Time since last: 1000794400 ns, Reaching safepoint: 200700 ns, At safepoint: 6700 ns, Total: 207400 ns
[2020-09-28T10:48:04.682+0000][30964][safepoint    ] Safepoint "Cleanup", Time since last: 2000910100 ns, Reaching safepoint: 149900 ns, At safepoint: 13200 ns, Total: 163100 ns
[2020-09-28T10:48:05.683+0000][30964][safepoint    ] Safepoint "Cleanup", Time since last: 1000314000 ns, Reaching safepoint: 164500 ns, At safepoint: 6700 ns, Total: 171200 ns
[2020-09-28T10:48:06.684+0000][30964][safepoint    ] Safepoint "Cleanup", Time since last: 1000680000 ns, Reaching safepoint: 119600 ns, At safepoint: 6200 ns, Total: 125800 ns
[2020-09-28T10:48:07.684+0000][30964][safepoint    ] Safepoint "Cleanup", Time since last: 1000796200 ns, Reaching safepoint: 124400 ns, At safepoint: 3200 ns, Total: 127600 ns
[2020-09-28T10:48:08.685+0000][30964][safepoint    ] Safepoint "Cleanup", Time since last: 1000837400 ns, Reaching safepoint: 104600 ns, At safepoint: 5800 ns, Total: 110400 ns
[2020-09-28T10:48:09.686+0000][30964][safepoint    ] Safepoint "Cleanup", Time since last: 1000793500 ns, Reaching safepoint: 153400 ns, At safepoint: 10000 ns, Total: 163400 ns
[2020-09-28T10:48:10.687+0000][30964][safepoint    ] Safepoint "Cleanup", Time since last: 1000549800 ns, Reaching safepoint: 106400 ns, At safepoint: 6600 ns, Total: 113000 ns
[2020-09-28T10:48:11.687+0000][30964][safepoint    ] Safepoint "Cleanup", Time since last: 1000061900 ns, Reaching safepoint: 100900 ns, At safepoint: 3700 ns, Total: 104600 ns
[2020-09-28T10:48:12.688+0000][30964][safepoint    ] Safepoint "Cleanup", Time since last: 1000719400 ns, Reaching safepoint: 113700 ns, At safepoint: 6100 ns, Total: 119800 ns
[2020-09-28T10:48:13.688+0000][30964][safepoint    ] Safepoint "Cleanup", Time since last: 1000207900 ns, Reaching safepoint: 106300 ns, At safepoint: 6000 ns, Total: 112300 ns
[2020-09-28T10:48:14.689+0000][30964][safepoint    ] Safepoint "Cleanup", Time since last: 1000465100 ns, Reaching safepoint: 113800 ns, At safepoint: 8000 ns, Total: 121800 ns
[2020-09-28T10:48:15.690+0000][30964][safepoint    ] Safepoint "Cleanup", Time since last: 1000687900 ns, Reaching safepoint: 113100 ns, At safepoint: 6600 ns, Total: 119700 ns
[2020-09-28T10:48:16.690+0000][30964][safepoint    ] Safepoint "Cleanup", Time since last: 1000608300 ns, Reaching safepoint: 112900 ns, At safepoint: 22800 ns, Total: 135700 ns
[2020-09-28T10:48:17.691+0000][30964][safepoint    ] Safepoint "Cleanup", Time since last: 1000551300 ns, Reaching safepoint: 137000 ns, At safepoint: 29800 ns, Total: 166800 ns
[2020-09-28T10:48:18.692+0000][30964][safepoint    ] Safepoint "Cleanup", Time since last: 1000710200 ns, Reaching safepoint: 110800 ns, At safepoint: 9400 ns, Total: 120200 ns
[2020-09-28T10:48:19.693+0000][30964][safepoint    ] Safepoint "Cleanup", Time since last: 1000508800 ns, Reaching safepoint: 134200 ns, At safepoint: 6800 ns, Total: 141000 ns
[2020-09-28T10:48:20.694+0000][30964][safepoint    ] Safepoint "Cleanup", Time since last: 1000901900 ns, Reaching safepoint: 105100 ns, At safepoint: 7800 ns, Total: 112900 ns
[2020-09-28T10:48:21.694+0000][30964][safepoint    ] Safepoint "Cleanup", Time since last: 1000106600 ns, Reaching safepoint: 153800 ns, At safepoint: 66300 ns, Total: 220100 ns
[2020-09-28T10:48:22.695+0000][30964][safepoint    ] Safepoint "Cleanup", Time since last: 1000460300 ns, Reaching safepoint: 124200 ns, At safepoint: 7200 ns, Total: 131400 ns
[2020-09-28T10:48:23.695+0000][30964][safepoint    ] Safepoint "Cleanup", Time since last: 1000434400 ns, Reaching safepoint: 158200 ns, At safepoint: 10200 ns, Total: 168400 ns
[2020-09-28T10:48:24.696+0000][30964][safepoint    ] Safepoint "Cleanup", Time since last: 1000760900 ns, Reaching safepoint: 162400 ns, At safepoint: 27000 ns, Total: 189400 ns
[2020-09-28T10:48:25.697+0000][30964][safepoint    ] Safepoint "Cleanup", Time since last: 1000281300 ns, Reaching safepoint: 144300 ns, At safepoint: 7000 ns, Total: 151300 ns
[2020-09-28T10:48:27.697+0000][30964][safepoint    ] Safepoint "Cleanup", Time since last: 2000361600 ns, Reaching safepoint: 146500 ns, At safepoint: 5900 ns, Total: 152400 ns
[2020-09-28T10:48:28.698+0000][30964][safepoint    ] Safepoint "Cleanup", Time since last: 1000756000 ns, Reaching safepoint: 108700 ns, At safepoint: 2500 ns, Total: 111200 ns
[2020-09-28T10:48:29.699+0000][30964][safepoint    ] Safepoint "Cleanup", Time since last: 1000457400 ns, Reaching safepoint: 105400 ns, At safepoint: 5500 ns, Total: 110900 ns
[2020-09-28T10:48:30.699+0000][30964][safepoint    ] Safepoint "Cleanup", Time since last: 1000480300 ns, Reaching safepoint: 137400 ns, At safepoint: 6300 ns, Total: 143700 ns
[2020-09-28T10:48:31.700+0000][30964][safepoint    ] Safepoint "Cleanup", Time since last: 1000516100 ns, Reaching safepoint: 104700 ns, At safepoint: 5500 ns, Total: 110200 ns
[2020-09-28T10:48:32.700+0000][30964][safepoint    ] Safepoint "Cleanup", Time since last: 1000564600 ns, Reaching safepoint: 147300 ns, At safepoint: 6800 ns, Total: 154100 ns
[2020-09-28T10:48:34.701+0000][30964][safepoint    ] Safepoint "Cleanup", Time since last: 1999891300 ns, Reaching safepoint: 124200 ns, At safepoint: 6300 ns, Total: 130500 ns
[2020-09-28T10:48:35.701+0000][30964][safepoint    ] Safepoint "Cleanup", Time since last: 1000219400 ns, Reaching safepoint: 140400 ns, At safepoint: 5300 ns, Total: 145700 ns
[2020-09-28T10:48:36.701+0000][30964][safepoint    ] Safepoint "Cleanup", Time since last: 1000158900 ns, Reaching safepoint: 107000 ns, At safepoint: 5100 ns, Total: 112100 ns
[2020-09-28T10:48:37.711+0000][30964][safepoint    ] Safepoint "Cleanup", Time since last: 1009861000 ns, Reaching safepoint: 143400 ns, At safepoint: 38300 ns, Total: 181700 ns
[2020-09-28T10:48:38.713+0000][30964][safepoint    ] Safepoint "Cleanup", Time since last: 1001145400 ns, Reaching safepoint: 425900 ns, At safepoint: 83500 ns, Total: 509400 ns
[2020-09-28T10:48:39.713+0000][30964][safepoint    ] Safepoint "Cleanup", Time since last: 1000233300 ns, Reaching safepoint: 139700 ns, At safepoint: 56800 ns, Total: 196500 ns
[2020-09-28T10:48:40.714+0000][30964][safepoint    ] Safepoint "Cleanup", Time since last: 1000492100 ns, Reaching safepoint: 121300 ns, At safepoint: 6200 ns, Total: 127500 ns
[2020-09-28T10:48:41.714+0000][30964][safepoint    ] Safepoint "Cleanup", Time since last: 1000104300 ns, Reaching safepoint: 123000 ns, At safepoint: 7700 ns, Total: 130700 ns
[2020-09-28T10:48:43.715+0000][30964][safepoint    ] Safepoint "Cleanup", Time since last: 2000493500 ns, Reaching safepoint: 156500 ns, At safepoint: 6500 ns, Total: 163000 ns
[2020-09-28T10:48:44.716+0000][30964][safepoint    ] Safepoint "Cleanup", Time since last: 1000758300 ns, Reaching safepoint: 135400 ns, At safepoint: 6100 ns, Total: 141500 ns
[2020-09-28T10:48:45.716+0000][30964][safepoint    ] Safepoint "Cleanup", Time since last: 1000018600 ns, Reaching safepoint: 151400 ns, At safepoint: 8200 ns, Total: 159600 ns
[2020-09-28T10:48:46.717+0000][30964][safepoint    ] Safepoint "Cleanup", Time since last: 1000870400 ns, Reaching safepoint: 150700 ns, At safepoint: 7700 ns, Total: 158400 ns
[2020-09-28T10:48:47.718+0000][30964][safepoint    ] Safepoint "Cleanup", Time since last: 1000623300 ns, Reaching safepoint: 232500 ns, At safepoint: 14400 ns, Total: 246900 ns
[2020-09-28T10:48:49.718+0000][30964][safepoint    ] Safepoint "Cleanup", Time since last: 2000484300 ns, Reaching safepoint: 149300 ns, At safepoint: 6900 ns, Total: 156200 ns
[2020-09-28T10:48:50.719+0000][30964][safepoint    ] Safepoint "Cleanup", Time since last: 1000439500 ns, Reaching safepoint: 127700 ns, At safepoint: 5800 ns, Total: 133500 ns
[2020-09-28T10:48:51.720+0000][30964][safepoint    ] Safepoint "Cleanup", Time since last: 1000723300 ns, Reaching safepoint: 199900 ns, At safepoint: 5800 ns, Total: 205700 ns
[2020-09-28T10:48:52.720+0000][30964][safepoint    ] Safepoint "Cleanup", Time since last: 1000368800 ns, Reaching safepoint: 141900 ns, At safepoint: 5400 ns, Total: 147300 ns
[2020-09-28T10:48:54.721+0000][30964][safepoint    ] Safepoint "Cleanup", Time since last: 2000499400 ns, Reaching safepoint: 133100 ns, At safepoint: 5700 ns, Total: 138800 ns
[2020-09-28T10:48:55.721+0000][30964][safepoint    ] Safepoint "Cleanup", Time since last: 1000309600 ns, Reaching safepoint: 118100 ns, At safepoint: 5300 ns, Total: 123400 ns
[2020-09-28T10:48:56.722+0000][30964][safepoint    ] Safepoint "Cleanup", Time since last: 1000569500 ns, Reaching safepoint: 132000 ns, At safepoint: 5400 ns, Total: 137400 ns
[2020-09-28T10:48:57.723+0000][30964][safepoint    ] Safepoint "Cleanup", Time since last: 1000215700 ns, Reaching safepoint: 124400 ns, At safepoint: 6800 ns, Total: 131200 ns
[2020-09-28T10:48:58.723+0000][30964][safepoint    ] Safepoint "Cleanup", Time since last: 1000778700 ns, Reaching safepoint: 103000 ns, At safepoint: 6300 ns, Total: 109300 ns
[2020-09-28T10:49:00.724+0000][30964][safepoint    ] Safepoint "Cleanup", Time since last: 2000019300 ns, Reaching safepoint: 182400 ns, At safepoint: 8300 ns, Total: 190700 ns
[2020-09-28T10:49:02.725+0000][30964][safepoint    ] Safepoint "Cleanup", Time since last: 2000927500 ns, Reaching safepoint: 149400 ns, At safepoint: 9500 ns, Total: 158900 ns
[2020-09-28T10:49:04.725+0000][30964][safepoint    ] Safepoint "Cleanup", Time since last: 2000217900 ns, Reaching safepoint: 130000 ns, At safepoint: 8900 ns, Total: 138900 ns
[2020-09-28T10:49:06.726+0000][30964][safepoint    ] Safepoint "Cleanup", Time since last: 2000415800 ns, Reaching safepoint: 148700 ns, At safepoint: 5100 ns, Total: 153800 ns
[2020-09-28T10:49:07.726+0000][30964][safepoint    ] Safepoint "Cleanup", Time since last: 1000464000 ns, Reaching safepoint: 124700 ns, At safepoint: 8100 ns, Total: 132800 ns
[2020-09-28T10:49:08.727+0000][30964][safepoint    ] Safepoint "Cleanup", Time since last: 1000777000 ns, Reaching safepoint: 125700 ns, At safepoint: 8000 ns, Total: 133700 ns
[2020-09-28T10:49:09.728+0000][30964][safepoint    ] Safepoint "Cleanup", Time since last: 1000390400 ns, Reaching safepoint: 118900 ns, At safepoint: 7500 ns, Total: 126400 ns
[2020-09-28T10:49:10.728+0000][30964][safepoint    ] Safepoint "Cleanup", Time since last: 1000452200 ns, Reaching safepoint: 115000 ns, At safepoint: 7600 ns, Total: 122600 ns
[2020-09-28T10:49:12.676+0000][30964][safepoint    ] Safepoint "Cleanup", Time since last: 1947837300 ns, Reaching safepoint: 122800 ns, At safepoint: 7100 ns, Total: 129900 ns
[2020-09-28T10:49:13.676+0000][30964][safepoint    ] Safepoint "Cleanup", Time since last: 1000109500 ns, Reaching safepoint: 90100 ns, At safepoint: 3300 ns, Total: 93400 ns
[2020-09-28T10:49:14.677+0000][30964][safepoint    ] Safepoint "Cleanup", Time since last: 1000272200 ns, Reaching safepoint: 117800 ns, At safepoint: 3400 ns, Total: 121200 ns
[2020-09-28T10:49:15.677+0000][30964][safepoint    ] Safepoint "Cleanup", Time since last: 1000317100 ns, Reaching safepoint: 170700 ns, At safepoint: 6600 ns, Total: 177300 ns
[2020-09-28T10:49:16.678+0000][30964][safepoint    ] Safepoint "Cleanup", Time since last: 1000278500 ns, Reaching safepoint: 119900 ns, At safepoint: 4700 ns, Total: 124600 ns
[2020-09-28T10:49:17.678+0000][30964][safepoint    ] Safepoint "Cleanup", Time since last: 1000340100 ns, Reaching safepoint: 121800 ns, At safepoint: 6200 ns, Total: 128000 ns
[2020-09-28T10:49:18.679+0000][30964][safepoint    ] Safepoint "Cleanup", Time since last: 1000572600 ns, Reaching safepoint: 177000 ns, At safepoint: 7000 ns, Total: 184000 ns
[2020-09-28T10:49:19.679+0000][30964][safepoint    ] Safepoint "Cleanup", Time since last: 1000194400 ns, Reaching safepoint: 119000 ns, At safepoint: 5600 ns, Total: 124600 ns
[2020-09-28T10:49:20.680+0000][30964][safepoint    ] Safepoint "Cleanup", Time since last: 1000515600 ns, Reaching safepoint: 113400 ns, At safepoint: 6600 ns, Total: 120000 ns
[2020-09-28T10:49:22.680+0000][30964][safepoint    ] Safepoint "Cleanup", Time since last: 2000205200 ns, Reaching safepoint: 121000 ns, At safepoint: 6400 ns, Total: 127400 ns
[2020-09-28T10:49:23.681+0000][30964][safepoint    ] Safepoint "Cleanup", Time since last: 1000613200 ns, Reaching safepoint: 127700 ns, At safepoint: 8400 ns, Total: 136100 ns
[2020-09-28T10:49:24.681+0000][30964][safepoint    ] Safepoint "Cleanup", Time since last: 1000109400 ns, Reaching safepoint: 135400 ns, At safepoint: 35000 ns, Total: 170400 ns
[2020-09-28T10:49:25.682+0000][30964][safepoint    ] Safepoint "Cleanup", Time since last: 1000729200 ns, Reaching safepoint: 122600 ns, At safepoint: 7300 ns, Total: 129900 ns
[2020-09-28T10:49:26.682+0000][30964][safepoint    ] Safepoint "Cleanup", Time since last: 1000173600 ns, Reaching safepoint: 128400 ns, At safepoint: 9300 ns, Total: 137700 ns
[2020-09-28T10:49:28.683+0000][30964][safepoint    ] Safepoint "Cleanup", Time since last: 2000295000 ns, Reaching safepoint: 134100 ns, At safepoint: 6700 ns, Total: 140800 ns
[2020-09-28T10:49:29.683+0000][30964][safepoint    ] Safepoint "Cleanup", Time since last: 1000070900 ns, Reaching safepoint: 141500 ns, At safepoint: 6100 ns, Total: 147600 ns
[2020-09-28T10:49:30.684+0000][30964][safepoint    ] Safepoint "Cleanup", Time since last: 1000576000 ns, Reaching safepoint: 116000 ns, At safepoint: 7400 ns, Total: 123400 ns
[2020-09-28T10:49:31.684+0000][30964][safepoint    ] Safepoint "Cleanup", Time since last: 1000376100 ns, Reaching safepoint: 143000 ns, At safepoint: 6200 ns, Total: 149200 ns
[2020-09-28T10:49:32.685+0000][30964][safepoint    ] Safepoint "Cleanup", Time since last: 1000328700 ns, Reaching safepoint: 94200 ns, At safepoint: 4500 ns, Total: 98700 ns
[2020-09-28T10:49:33.685+0000][30964][safepoint    ] Safepoint "Cleanup", Time since last: 1000277200 ns, Reaching safepoint: 113500 ns, At safepoint: 7800 ns, Total: 121300 ns
[2020-09-28T10:49:34.686+0000][30964][safepoint    ] Safepoint "Cleanup", Time since last: 1000267000 ns, Reaching safepoint: 118900 ns, At safepoint: 13100 ns, Total: 132000 ns
[2020-09-28T10:49:36.686+0000][30964][safepoint    ] Safepoint "Cleanup", Time since last: 2000604900 ns, Reaching safepoint: 170000 ns, At safepoint: 9100 ns, Total: 179100 ns
[2020-09-28T10:49:37.686+0000][30964][safepoint    ] Safepoint "Cleanup", Time since last: 1000075100 ns, Reaching safepoint: 197700 ns, At safepoint: 7800 ns, Total: 205500 ns
[2020-09-28T10:49:38.687+0000][30964][safepoint    ] Safepoint "Cleanup", Time since last: 1000185200 ns, Reaching safepoint: 135100 ns, At safepoint: 10500 ns, Total: 145600 ns
[2020-09-28T10:49:40.687+0000][30964][safepoint    ] Safepoint "Cleanup", Time since last: 2000173900 ns, Reaching safepoint: 136400 ns, At safepoint: 6600 ns, Total: 143000 ns
[2020-09-28T10:49:42.679+0000][30964][safepoint    ] Safepoint "Cleanup", Time since last: 1991469000 ns, Reaching safepoint: 116900 ns, At safepoint: 6100 ns, Total: 123000 ns
[2020-09-28T10:49:43.679+0000][30964][safepoint    ] Safepoint "Cleanup", Time since last: 1000558300 ns, Reaching safepoint: 136500 ns, At safepoint: 5300 ns, Total: 141800 ns
[2020-09-28T10:49:44.680+0000][30964][safepoint    ] Safepoint "Cleanup", Time since last: 1000123400 ns, Reaching safepoint: 133600 ns, At safepoint: 6300 ns, Total: 139900 ns
[2020-09-28T10:49:45.680+0000][30964][safepoint    ] Safepoint "Cleanup", Time since last: 1000286800 ns, Reaching safepoint: 123000 ns, At safepoint: 15000 ns, Total: 138000 ns
[2020-09-28T10:49:46.681+0000][30964][safepoint    ] Safepoint "Cleanup", Time since last: 1000806400 ns, Reaching safepoint: 147100 ns, At safepoint: 11700 ns, Total: 158800 ns
[2020-09-28T10:49:47.682+0000][30964][safepoint    ] Safepoint "Cleanup", Time since last: 1000773300 ns, Reaching safepoint: 111000 ns, At safepoint: 15300 ns, Total: 126300 ns
[2020-09-28T10:49:48.682+0000][30964][safepoint    ] Safepoint "Cleanup", Time since last: 1000346200 ns, Reaching safepoint: 122400 ns, At safepoint: 6900 ns, Total: 129300 ns
[2020-09-28T10:49:50.683+0000][30964][safepoint    ] Safepoint "Cleanup", Time since last: 2000061500 ns, Reaching safepoint: 163900 ns, At safepoint: 8800 ns, Total: 172700 ns
[2020-09-28T10:49:51.683+0000][30964][safepoint    ] Safepoint "Cleanup", Time since last: 1000438900 ns, Reaching safepoint: 168200 ns, At safepoint: 8900 ns, Total: 177100 ns
[2020-09-28T10:49:52.684+0000][30964][safepoint    ] Safepoint "Cleanup", Time since last: 1000768900 ns, Reaching safepoint: 239800 ns, At safepoint: 5000 ns, Total: 244800 ns
[2020-09-28T10:49:54.685+0000][30964][safepoint    ] Safepoint "Cleanup", Time since last: 2000272200 ns, Reaching safepoint: 150400 ns, At safepoint: 4800 ns, Total: 155200 ns
[2020-09-28T10:49:55.685+0000][30964][safepoint    ] Safepoint "Cleanup", Time since last: 1000216200 ns, Reaching safepoint: 120600 ns, At safepoint: 5700 ns, Total: 126300 ns
[2020-09-28T10:49:57.686+0000][30964][safepoint    ] Safepoint "Cleanup", Time since last: 2000551300 ns, Reaching safepoint: 202600 ns, At safepoint: 54700 ns, Total: 257300 ns
[2020-09-28T10:49:59.687+0000][30964][safepoint    ] Safepoint "Cleanup", Time since last: 2000687200 ns, Reaching safepoint: 120100 ns, At safepoint: 5400 ns, Total: 125500 ns
[2020-09-28T10:50:00.687+0000][30964][safepoint    ] Safepoint "Cleanup", Time since last: 1000162100 ns, Reaching safepoint: 111600 ns, At safepoint: 7700 ns, Total: 119300 ns
[2020-09-28T10:50:01.687+0000][30964][safepoint    ] Safepoint "Cleanup", Time since last: 1000055800 ns, Reaching safepoint: 99700 ns, At safepoint: 6200 ns, Total: 105900 ns
[2020-09-28T10:50:02.688+0000][30964][safepoint    ] Safepoint "Cleanup", Time since last: 1000824800 ns, Reaching safepoint: 124800 ns, At safepoint: 20500 ns, Total: 145300 ns
[2020-09-28T10:50:03.689+0000][30964][safepoint    ] Safepoint "Cleanup", Time since last: 1000459100 ns, Reaching safepoint: 246100 ns, At safepoint: 6200 ns, Total: 252300 ns
[2020-09-28T10:50:04.689+0000][30964][safepoint    ] Safepoint "Cleanup", Time since last: 1000127900 ns, Reaching safepoint: 116900 ns, At safepoint: 5800 ns, Total: 122700 ns
[2020-09-28T10:50:06.690+0000][30964][safepoint    ] Safepoint "Cleanup", Time since last: 2000976000 ns, Reaching safepoint: 129600 ns, At safepoint: 7100 ns, Total: 136700 ns
[2020-09-28T10:50:07.691+0000][30964][safepoint    ] Safepoint "Cleanup", Time since last: 1000704700 ns, Reaching safepoint: 107000 ns, At safepoint: 3400 ns, Total: 110400 ns
[2020-09-28T10:50:09.691+0000][30964][safepoint    ] Safepoint "Cleanup", Time since last: 2000171400 ns, Reaching safepoint: 164700 ns, At safepoint: 7500 ns, Total: 172200 ns
[2020-09-28T10:50:10.692+0000][30964][safepoint    ] Safepoint "Cleanup", Time since last: 1000493000 ns, Reaching safepoint: 142800 ns, At safepoint: 7700 ns, Total: 150500 ns
[2020-09-28T10:50:12.679+0000][30964][safepoint    ] Safepoint "Cleanup", Time since last: 1987069400 ns, Reaching safepoint: 108200 ns, At safepoint: 5400 ns, Total: 113600 ns
[2020-09-28T10:50:14.679+0000][30964][safepoint    ] Safepoint "Cleanup", Time since last: 2000054800 ns, Reaching safepoint: 170500 ns, At safepoint: 9700 ns, Total: 180200 ns
[2020-09-28T10:50:15.680+0000][30964][safepoint    ] Safepoint "Cleanup", Time since last: 1000585400 ns, Reaching safepoint: 138900 ns, At safepoint: 4800 ns, Total: 143700 ns
[2020-09-28T10:50:17.681+0000][30964][safepoint    ] Safepoint "Cleanup", Time since last: 2000876500 ns, Reaching safepoint: 167600 ns, At safepoint: 7400 ns, Total: 175000 ns
[2020-09-28T10:50:18.681+0000][30964][safepoint    ] Safepoint "Cleanup", Time since last: 1000044100 ns, Reaching safepoint: 128600 ns, At safepoint: 7800 ns, Total: 136400 ns
[2020-09-28T10:50:19.682+0000][30964][safepoint    ] Safepoint "Cleanup", Time since last: 1000481500 ns, Reaching safepoint: 146300 ns, At safepoint: 7000 ns, Total: 153300 ns
[2020-09-28T10:50:20.683+0000][30964][safepoint    ] Safepoint "Cleanup", Time since last: 1000606400 ns, Reaching safepoint: 313100 ns, At safepoint: 13300 ns, Total: 326400 ns
[2020-09-28T10:50:21.683+0000][30964][safepoint    ] Safepoint "Cleanup", Time since last: 1000110900 ns, Reaching safepoint: 188600 ns, At safepoint: 9200 ns, Total: 197800 ns
[2020-09-28T10:50:22.684+0000][30964][safepoint    ] Safepoint "Cleanup", Time since last: 1000639200 ns, Reaching safepoint: 121400 ns, At safepoint: 5200 ns, Total: 126600 ns
[2020-09-28T10:50:23.684+0000][30964][safepoint    ] Safepoint "Cleanup", Time since last: 1000137800 ns, Reaching safepoint: 114100 ns, At safepoint: 7200 ns, Total: 121300 ns
[2020-09-28T10:50:24.685+0000][30964][safepoint    ] Safepoint "Cleanup", Time since last: 1000731200 ns, Reaching safepoint: 116200 ns, At safepoint: 8300 ns, Total: 124500 ns
[2020-09-28T10:50:25.686+0000][30964][safepoint    ] Safepoint "Cleanup", Time since last: 1000345700 ns, Reaching safepoint: 140100 ns, At safepoint: 6500 ns, Total: 146600 ns
[2020-09-28T10:50:27.686+0000][30964][safepoint    ] Safepoint "Cleanup", Time since last: 2000353900 ns, Reaching safepoint: 139400 ns, At safepoint: 6900 ns, Total: 146300 ns
[2020-09-28T10:50:28.687+0000][30964][safepoint    ] Safepoint "Cleanup", Time since last: 1000685000 ns, Reaching safepoint: 138200 ns, At safepoint: 4300 ns, Total: 142500 ns
[2020-09-28T10:50:29.688+0000][30964][safepoint    ] Safepoint "Cleanup", Time since last: 1000775100 ns, Reaching safepoint: 165100 ns, At safepoint: 6100 ns, Total: 171200 ns
[2020-09-28T10:50:31.689+0000][30964][safepoint    ] Safepoint "Cleanup", Time since last: 2000692900 ns, Reaching safepoint: 155800 ns, At safepoint: 9000 ns, Total: 164800 ns
[2020-09-28T10:50:32.689+0000][30964][safepoint    ] Safepoint "Cleanup", Time since last: 1000494600 ns, Reaching safepoint: 112300 ns, At safepoint: 6200 ns, Total: 118500 ns
[2020-09-28T10:50:33.690+0000][30964][safepoint    ] Safepoint "Cleanup", Time since last: 1000497500 ns, Reaching safepoint: 166400 ns, At safepoint: 7300 ns, Total: 173700 ns
[2020-09-28T10:50:35.691+0000][30964][safepoint    ] Safepoint "Cleanup", Time since last: 2000534300 ns, Reaching safepoint: 113600 ns, At safepoint: 5100 ns, Total: 118700 ns
[2020-09-28T10:50:36.691+0000][30964][safepoint    ] Safepoint "Cleanup", Time since last: 1000278600 ns, Reaching safepoint: 113300 ns, At safepoint: 9000 ns, Total: 122300 ns
[2020-09-28T10:50:38.392+0000][30964][safepoint    ] Safepoint "Cleanup", Time since last: 1700901600 ns, Reaching safepoint: 168600 ns, At safepoint: 5200 ns, Total: 173800 ns
[2020-09-28T10:50:40.392+0000][30964][safepoint    ] Safepoint "Cleanup", Time since last: 2000169600 ns, Reaching safepoint: 154500 ns, At safepoint: 5200 ns, Total: 159700 ns
[2020-09-28T10:50:41.393+0000][30964][safepoint    ] Safepoint "Cleanup", Time since last: 1000037100 ns, Reaching safepoint: 129500 ns, At safepoint: 5700 ns, Total: 135200 ns
[2020-09-28T10:50:42.393+0000][30964][safepoint    ] Safepoint "Cleanup", Time since last: 1000307700 ns, Reaching safepoint: 112100 ns, At safepoint: 5900 ns, Total: 118000 ns
[2020-09-28T10:50:44.394+0000][30964][safepoint    ] Safepoint "Cleanup", Time since last: 2000342500 ns, Reaching safepoint: 159100 ns, At safepoint: 7500 ns, Total: 166600 ns
[2020-09-28T10:50:45.395+0000][30964][safepoint    ] Safepoint "Cleanup", Time since last: 1000545100 ns, Reaching safepoint: 305600 ns, At safepoint: 9300 ns, Total: 314900 ns
[2020-09-28T10:50:46.395+0000][30964][safepoint    ] Safepoint "Cleanup", Time since last: 1000520500 ns, Reaching safepoint: 144100 ns, At safepoint: 7300 ns, Total: 151400 ns
[2020-09-28T10:50:47.395+0000][30964][safepoint    ] Safepoint "Cleanup", Time since last: 1000058900 ns, Reaching safepoint: 108300 ns, At safepoint: 5200 ns, Total: 113500 ns
[2020-09-28T10:50:48.396+0000][30964][safepoint    ] Safepoint "Cleanup", Time since last: 1000092600 ns, Reaching safepoint: 390800 ns, At safepoint: 6800 ns, Total: 397600 ns
[2020-09-28T10:50:49.396+0000][30964][safepoint    ] Safepoint "Cleanup", Time since last: 1000427800 ns, Reaching safepoint: 436400 ns, At safepoint: 17200 ns, Total: 453600 ns
[2020-09-28T10:50:51.397+0000][30964][safepoint    ] Safepoint "Cleanup", Time since last: 2000532800 ns, Reaching safepoint: 104800 ns, At safepoint: 5600 ns, Total: 110400 ns
[2020-09-28T10:50:52.398+0000][30964][safepoint    ] Safepoint "Cleanup", Time since last: 1000800100 ns, Reaching safepoint: 141800 ns, At safepoint: 6000 ns, Total: 147800 ns
[2020-09-28T10:50:53.399+0000][30964][safepoint    ] Safepoint "Cleanup", Time since last: 1000228200 ns, Reaching safepoint: 146700 ns, At safepoint: 5500 ns, Total: 152200 ns
[2020-09-28T10:50:54.399+0000][30964][safepoint    ] Safepoint "Cleanup", Time since last: 1000043600 ns, Reaching safepoint: 126700 ns, At safepoint: 21100 ns, Total: 147800 ns
[2020-09-28T10:50:56.399+0000][30964][safepoint    ] Safepoint "Cleanup", Time since last: 2000271500 ns, Reaching safepoint: 147900 ns, At safepoint: 6200 ns, Total: 154100 ns
[2020-09-28T10:50:57.400+0000][30964][safepoint    ] Safepoint "Cleanup", Time since last: 1000392000 ns, Reaching safepoint: 107200 ns, At safepoint: 9900 ns, Total: 117100 ns
[2020-09-28T10:50:58.401+0000][30964][safepoint    ] Safepoint "Cleanup", Time since last: 1000820900 ns, Reaching safepoint: 129200 ns, At safepoint: 7000 ns, Total: 136200 ns
[2020-09-28T10:50:59.402+0000][30964][safepoint    ] Safepoint "Cleanup", Time since last: 1000825300 ns, Reaching safepoint: 128300 ns, At safepoint: 6800 ns, Total: 135100 ns
[2020-09-28T10:51:00.403+0000][30964][safepoint    ] Safepoint "Cleanup", Time since last: 1000717500 ns, Reaching safepoint: 146100 ns, At safepoint: 14800 ns, Total: 160900 ns
[2020-09-28T10:51:01.403+0000][30964][safepoint    ] Safepoint "Cleanup", Time since last: 1000582200 ns, Reaching safepoint: 128600 ns, At safepoint: 5700 ns, Total: 134300 ns
[2020-09-28T10:51:02.404+0000][30964][safepoint    ] Safepoint "Cleanup", Time since last: 1000624500 ns, Reaching safepoint: 178900 ns, At safepoint: 6100 ns, Total: 185000 ns
[2020-09-28T10:51:03.405+0000][30964][safepoint    ] Safepoint "Cleanup", Time since last: 1000504500 ns, Reaching safepoint: 134400 ns, At safepoint: 5700 ns, Total: 140100 ns
[2020-09-28T10:51:04.405+0000][30964][safepoint    ] Safepoint "Cleanup", Time since last: 1000270900 ns, Reaching safepoint: 114700 ns, At safepoint: 6200 ns, Total: 120900 ns
[2020-09-28T10:51:05.406+0000][30964][safepoint    ] Safepoint "Cleanup", Time since last: 1000367400 ns, Reaching safepoint: 124900 ns, At safepoint: 6100 ns, Total: 131000 ns
[2020-09-28T10:51:06.406+0000][30964][safepoint    ] Safepoint "Cleanup", Time since last: 1000138600 ns, Reaching safepoint: 123000 ns, At safepoint: 7500 ns, Total: 130500 ns
[2020-09-28T10:51:07.406+0000][30964][safepoint    ] Safepoint "Cleanup", Time since last: 1000341400 ns, Reaching safepoint: 123000 ns, At safepoint: 6100 ns, Total: 129100 ns
[2020-09-28T10:51:08.407+0000][30964][safepoint    ] Safepoint "Cleanup", Time since last: 1000795300 ns, Reaching safepoint: 162600 ns, At safepoint: 7900 ns, Total: 170500 ns
[2020-09-28T10:51:09.408+0000][30964][safepoint    ] Safepoint "Cleanup", Time since last: 1000798900 ns, Reaching safepoint: 144800 ns, At safepoint: 21000 ns, Total: 165800 ns
[2020-09-28T10:51:10.409+0000][30964][safepoint    ] Safepoint "Cleanup", Time since last: 1000169100 ns, Reaching safepoint: 113900 ns, At safepoint: 6400 ns, Total: 120300 ns
[2020-09-28T10:51:11.409+0000][30964][safepoint    ] Safepoint "Cleanup", Time since last: 1000673200 ns, Reaching safepoint: 123400 ns, At safepoint: 6900 ns, Total: 130300 ns
[2020-09-28T10:51:12.410+0000][30964][safepoint    ] Safepoint "Cleanup", Time since last: 1000075700 ns, Reaching safepoint: 124000 ns, At safepoint: 7800 ns, Total: 131800 ns
[2020-09-28T10:51:13.411+0000][30964][safepoint    ] Safepoint "Cleanup", Time since last: 1000863100 ns, Reaching safepoint: 148800 ns, At safepoint: 14500 ns, Total: 163300 ns
[2020-09-28T10:51:15.411+0000][30964][safepoint    ] Safepoint "Cleanup", Time since last: 2000548000 ns, Reaching safepoint: 160900 ns, At safepoint: 6500 ns, Total: 167400 ns
[2020-09-28T10:51:16.412+0000][30964][safepoint    ] Safepoint "Cleanup", Time since last: 1000424900 ns, Reaching safepoint: 144100 ns, At safepoint: 6400 ns, Total: 150500 ns
[2020-09-28T10:51:17.413+0000][30964][safepoint    ] Safepoint "Cleanup", Time since last: 1000705100 ns, Reaching safepoint: 107200 ns, At safepoint: 5300 ns, Total: 112500 ns
[2020-09-28T10:51:18.413+0000][30964][safepoint    ] Safepoint "Cleanup", Time since last: 1000103800 ns, Reaching safepoint: 103900 ns, At safepoint: 7300 ns, Total: 111200 ns
[2020-09-28T10:51:19.413+0000][30964][safepoint    ] Safepoint "Cleanup", Time since last: 1000066500 ns, Reaching safepoint: 107700 ns, At safepoint: 8400 ns, Total: 116100 ns
[2020-09-28T10:51:21.414+0000][30964][safepoint    ] Safepoint "Cleanup", Time since last: 2000393100 ns, Reaching safepoint: 103400 ns, At safepoint: 12200 ns, Total: 115600 ns
[2020-09-28T10:51:22.414+0000][30964][safepoint    ] Safepoint "Cleanup", Time since last: 1000178600 ns, Reaching safepoint: 113300 ns, At safepoint: 2800 ns, Total: 116100 ns
[2020-09-28T10:51:23.414+0000][30964][safepoint    ] Safepoint "Cleanup", Time since last: 1000181300 ns, Reaching safepoint: 139000 ns, At safepoint: 6600 ns, Total: 145600 ns
[2020-09-28T10:51:25.415+0000][30964][safepoint    ] Safepoint "Cleanup", Time since last: 2000915100 ns, Reaching safepoint: 170000 ns, At safepoint: 16400 ns, Total: 186400 ns
[2020-09-28T10:51:26.416+0000][30964][safepoint    ] Safepoint "Cleanup", Time since last: 1000629300 ns, Reaching safepoint: 144100 ns, At safepoint: 9400 ns, Total: 153500 ns
[2020-09-28T10:51:27.416+0000][30964][safepoint    ] Safepoint "Cleanup", Time since last: 1000195800 ns, Reaching safepoint: 131000 ns, At safepoint: 6500 ns, Total: 137500 ns
[2020-09-28T10:51:28.417+0000][30964][safepoint    ] Safepoint "Cleanup", Time since last: 1000851300 ns, Reaching safepoint: 115800 ns, At safepoint: 8300 ns, Total: 124100 ns
[2020-09-28T10:51:29.418+0000][30964][safepoint    ] Safepoint "Cleanup", Time since last: 1000409300 ns, Reaching safepoint: 142500 ns, At safepoint: 5900 ns, Total: 148400 ns
[2020-09-28T10:51:30.419+0000][30964][safepoint    ] Safepoint "Cleanup", Time since last: 1000665200 ns, Reaching safepoint: 159000 ns, At safepoint: 10200 ns, Total: 169200 ns
[2020-09-28T10:51:31.419+0000][30964][safepoint    ] Safepoint "Cleanup", Time since last: 1000253300 ns, Reaching safepoint: 145300 ns, At safepoint: 5500 ns, Total: 150800 ns
[2020-09-28T10:51:32.419+0000][30964][safepoint    ] Safepoint "Cleanup", Time since last: 1000210300 ns, Reaching safepoint: 158900 ns, At safepoint: 5600 ns, Total: 164500 ns
[2020-09-28T10:51:33.420+0000][30964][safepoint    ] Safepoint "Cleanup", Time since last: 1000182800 ns, Reaching safepoint: 120300 ns, At safepoint: 5200 ns, Total: 125500 ns
[2020-09-28T10:51:35.420+0000][30964][safepoint    ] Safepoint "Cleanup", Time since last: 2000441000 ns, Reaching safepoint: 208000 ns, At safepoint: 10500 ns, Total: 218500 ns
[2020-09-28T10:51:36.421+0000][30964][safepoint    ] Safepoint "Cleanup", Time since last: 1000471100 ns, Reaching safepoint: 156400 ns, At safepoint: 7900 ns, Total: 164300 ns
[2020-09-28T10:51:37.422+0000][30964][safepoint    ] Safepoint "Cleanup", Time since last: 1000506800 ns, Reaching safepoint: 118000 ns, At safepoint: 7900 ns, Total: 125900 ns
[2020-09-28T10:51:39.423+0000][30964][safepoint    ] Safepoint "Cleanup", Time since last: 2000653900 ns, Reaching safepoint: 143800 ns, At safepoint: 9400 ns, Total: 153200 ns
[2020-09-28T10:51:40.423+0000][30964][safepoint    ] Safepoint "Cleanup", Time since last: 1000388900 ns, Reaching safepoint: 134500 ns, At safepoint: 6200 ns, Total: 140700 ns
[2020-09-28T10:51:42.423+0000][30964][safepoint    ] Safepoint "Cleanup", Time since last: 2000160900 ns, Reaching safepoint: 181600 ns, At safepoint: 5200 ns, Total: 186800 ns
[2020-09-28T10:51:44.424+0000][30964][safepoint    ] Safepoint "Cleanup", Time since last: 2000116700 ns, Reaching safepoint: 142700 ns, At safepoint: 5700 ns, Total: 148400 ns
[2020-09-28T10:51:46.424+0000][30964][safepoint    ] Safepoint "Cleanup", Time since last: 2000292800 ns, Reaching safepoint: 135000 ns, At safepoint: 5100 ns, Total: 140100 ns
[2020-09-28T10:51:47.425+0000][30964][safepoint    ] Safepoint "Cleanup", Time since last: 1000774100 ns, Reaching safepoint: 139800 ns, At safepoint: 6500 ns, Total: 146300 ns
[2020-09-28T10:51:48.426+0000][30964][safepoint    ] Safepoint "Cleanup", Time since last: 1000414300 ns, Reaching safepoint: 91700 ns, At safepoint: 6100 ns, Total: 97800 ns
[2020-09-28T10:51:49.427+0000][30964][safepoint    ] Safepoint "Cleanup", Time since last: 1000829900 ns, Reaching safepoint: 130200 ns, At safepoint: 9100 ns, Total: 139300 ns
[2020-09-28T10:51:50.427+0000][30964][safepoint    ] Safepoint "Cleanup", Time since last: 1000576900 ns, Reaching safepoint: 118300 ns, At safepoint: 6200 ns, Total: 124500 ns
[2020-09-28T10:51:51.428+0000][30964][safepoint    ] Safepoint "Cleanup", Time since last: 1000490000 ns, Reaching safepoint: 112400 ns, At safepoint: 5700 ns, Total: 118100 ns
[2020-09-28T10:51:53.428+0000][30964][safepoint    ] Safepoint "Cleanup", Time since last: 2000415600 ns, Reaching safepoint: 110600 ns, At safepoint: 5900 ns, Total: 116500 ns
[2020-09-28T10:51:55.429+0000][30964][safepoint    ] Safepoint "Cleanup", Time since last: 2000725400 ns, Reaching safepoint: 107800 ns, At safepoint: 7300 ns, Total: 115100 ns
[2020-09-28T10:51:56.430+0000][30964][safepoint    ] Safepoint "Cleanup", Time since last: 1000813100 ns, Reaching safepoint: 171200 ns, At safepoint: 24600 ns, Total: 195800 ns
[2020-09-28T10:51:57.431+0000][30964][safepoint    ] Safepoint "Cleanup", Time since last: 1000291300 ns, Reaching safepoint: 157500 ns, At safepoint: 7700 ns, Total: 165200 ns
[2020-09-28T10:51:58.432+0000][30964][safepoint    ] Safepoint "Cleanup", Time since last: 1000746200 ns, Reaching safepoint: 116100 ns, At safepoint: 4400 ns, Total: 120500 ns
[2020-09-28T10:51:59.432+0000][30964][safepoint    ] Safepoint "Cleanup", Time since last: 1000164200 ns, Reaching safepoint: 107500 ns, At safepoint: 17500 ns, Total: 125000 ns
[2020-09-28T10:52:00.432+0000][30964][safepoint    ] Safepoint "Cleanup", Time since last: 1000306400 ns, Reaching safepoint: 111000 ns, At safepoint: 6600 ns, Total: 117600 ns
[2020-09-28T10:52:01.433+0000][30964][safepoint    ] Safepoint "Cleanup", Time since last: 1000260700 ns, Reaching safepoint: 95200 ns, At safepoint: 5800 ns, Total: 101000 ns
[2020-09-28T10:52:02.433+0000][30964][safepoint    ] Safepoint "Cleanup", Time since last: 1000023300 ns, Reaching safepoint: 112300 ns, At safepoint: 5400 ns, Total: 117700 ns
[2020-09-28T10:52:03.433+0000][30964][safepoint    ] Safepoint "Cleanup", Time since last: 1000257800 ns, Reaching safepoint: 183600 ns, At safepoint: 8500 ns, Total: 192100 ns
[2020-09-28T10:52:04.434+0000][30964][safepoint    ] Safepoint "Cleanup", Time since last: 1000497800 ns, Reaching safepoint: 190000 ns, At safepoint: 8700 ns, Total: 198700 ns
[2020-09-28T10:52:05.435+0000][30964][safepoint    ] Safepoint "Cleanup", Time since last: 1000663500 ns, Reaching safepoint: 124900 ns, At safepoint: 4600 ns, Total: 129500 ns
[2020-09-28T10:52:06.435+0000][30964][safepoint    ] Safepoint "Cleanup", Time since last: 1000674600 ns, Reaching safepoint: 95500 ns, At safepoint: 3800 ns, Total: 99300 ns
[2020-09-28T10:52:07.436+0000][30964][safepoint    ] Safepoint "Cleanup", Time since last: 1000629300 ns, Reaching safepoint: 105900 ns, At safepoint: 14900 ns, Total: 120800 ns
[2020-09-28T10:52:08.437+0000][30964][safepoint    ] Safepoint "Cleanup", Time since last: 1000722700 ns, Reaching safepoint: 134200 ns, At safepoint: 6500 ns, Total: 140700 ns
[2020-09-28T10:52:10.437+0000][30964][safepoint    ] Safepoint "Cleanup", Time since last: 1999984400 ns, Reaching safepoint: 113200 ns, At safepoint: 6100 ns, Total: 119300 ns
[2020-09-28T10:52:11.437+0000][30964][safepoint    ] Safepoint "Cleanup", Time since last: 1000053100 ns, Reaching safepoint: 150300 ns, At safepoint: 6600 ns, Total: 156900 ns
[2020-09-28T10:52:12.438+0000][30964][safepoint    ] Safepoint "Cleanup", Time since last: 1000753400 ns, Reaching safepoint: 139600 ns, At safepoint: 5900 ns, Total: 145500 ns
[2020-09-28T10:52:13.439+0000][30964][safepoint    ] Safepoint "Cleanup", Time since last: 1000322300 ns, Reaching safepoint: 127800 ns, At safepoint: 6100 ns, Total: 133900 ns
[2020-09-28T10:52:14.439+0000][30964][safepoint    ] Safepoint "Cleanup", Time since last: 1000181100 ns, Reaching safepoint: 127700 ns, At safepoint: 6300 ns, Total: 134000 ns
[2020-09-28T10:52:15.440+0000][30964][safepoint    ] Safepoint "Cleanup", Time since last: 1000735200 ns, Reaching safepoint: 114100 ns, At safepoint: 6000 ns, Total: 120100 ns
[2020-09-28T10:52:16.440+0000][30964][safepoint    ] Safepoint "Cleanup", Time since last: 1000155200 ns, Reaching safepoint: 136300 ns, At safepoint: 5800 ns, Total: 142100 ns
[2020-09-28T10:52:17.441+0000][30964][safepoint    ] Safepoint "Cleanup", Time since last: 1000626700 ns, Reaching safepoint: 112200 ns, At safepoint: 6300 ns, Total: 118500 ns
[2020-09-28T10:52:18.442+0000][30964][safepoint    ] Safepoint "Cleanup", Time since last: 1000447800 ns, Reaching safepoint: 166500 ns, At safepoint: 13700 ns, Total: 180200 ns
[2020-09-28T10:52:19.442+0000][30964][safepoint    ] Safepoint "Cleanup", Time since last: 1000023300 ns, Reaching safepoint: 118600 ns, At safepoint: 6600 ns, Total: 125200 ns
[2020-09-28T10:52:20.442+0000][30964][safepoint    ] Safepoint "Cleanup", Time since last: 1000408900 ns, Reaching safepoint: 103100 ns, At safepoint: 6500 ns, Total: 109600 ns
[2020-09-28T10:52:21.442+0000][30964][safepoint    ] Safepoint "Cleanup", Time since last: 1000116400 ns, Reaching safepoint: 113700 ns, At safepoint: 5200 ns, Total: 118900 ns
[2020-09-28T10:52:22.443+0000][30964][safepoint    ] Safepoint "Cleanup", Time since last: 1000288500 ns, Reaching safepoint: 111400 ns, At safepoint: 6000 ns, Total: 117400 ns
[2020-09-28T10:52:23.443+0000][30964][safepoint    ] Safepoint "Cleanup", Time since last: 1000081900 ns, Reaching safepoint: 124100 ns, At safepoint: 5600 ns, Total: 129700 ns
[2020-09-28T10:52:24.443+0000][30964][safepoint    ] Safepoint "Cleanup", Time since last: 1000016500 ns, Reaching safepoint: 113800 ns, At safepoint: 2800 ns, Total: 116600 ns
[2020-09-28T10:52:25.444+0000][30964][safepoint    ] Safepoint "Cleanup", Time since last: 1000776600 ns, Reaching safepoint: 138800 ns, At safepoint: 6200 ns, Total: 145000 ns
[2020-09-28T10:52:26.444+0000][30964][safepoint    ] Safepoint "Cleanup", Time since last: 1000131500 ns, Reaching safepoint: 119300 ns, At safepoint: 5300 ns, Total: 124600 ns
[2020-09-28T10:52:27.445+0000][30964][safepoint    ] Safepoint "Cleanup", Time since last: 1000852400 ns, Reaching safepoint: 123000 ns, At safepoint: 21400 ns, Total: 144400 ns
[2020-09-28T10:52:28.446+0000][30964][safepoint    ] Safepoint "Cleanup", Time since last: 1000283000 ns, Reaching safepoint: 155800 ns, At safepoint: 11400 ns, Total: 167200 ns
[2020-09-28T10:52:30.447+0000][30964][safepoint    ] Safepoint "Cleanup", Time since last: 2000552000 ns, Reaching safepoint: 145400 ns, At safepoint: 9400 ns, Total: 154800 ns
[2020-09-28T10:52:32.447+0000][30964][safepoint    ] Safepoint "Cleanup", Time since last: 2000082900 ns, Reaching safepoint: 137400 ns, At safepoint: 5000 ns, Total: 142400 ns
[2020-09-28T10:52:33.447+0000][30964][safepoint    ] Safepoint "Cleanup", Time since last: 1000568700 ns, Reaching safepoint: 244600 ns, At safepoint: 11900 ns, Total: 256500 ns
[2020-09-28T10:52:35.448+0000][30964][safepoint    ] Safepoint "Cleanup", Time since last: 2000117100 ns, Reaching safepoint: 105500 ns, At safepoint: 6600 ns, Total: 112100 ns
[2020-09-28T10:52:37.448+0000][30964][safepoint    ] Safepoint "Cleanup", Time since last: 2000070300 ns, Reaching safepoint: 132900 ns, At safepoint: 7300 ns, Total: 140200 ns
[2020-09-28T10:52:38.449+0000][30964][safepoint    ] Safepoint "Cleanup", Time since last: 1000598600 ns, Reaching safepoint: 169700 ns, At safepoint: 9900 ns, Total: 179600 ns
[2020-09-28T10:52:39.449+0000][30964][safepoint    ] Safepoint "Cleanup", Time since last: 1000142600 ns, Reaching safepoint: 149400 ns, At safepoint: 8500 ns, Total: 157900 ns
[2020-09-28T10:52:41.450+0000][30964][safepoint    ] Safepoint "Cleanup", Time since last: 2000699300 ns, Reaching safepoint: 133900 ns, At safepoint: 4900 ns, Total: 138800 ns
[2020-09-28T10:52:42.450+0000][30964][safepoint    ] Safepoint "Cleanup", Time since last: 1000319800 ns, Reaching safepoint: 152300 ns, At safepoint: 9300 ns, Total: 161600 ns
[2020-09-28T10:52:44.451+0000][30964][safepoint    ] Safepoint "Cleanup", Time since last: 2000399000 ns, Reaching safepoint: 323100 ns, At safepoint: 20100 ns, Total: 343200 ns
[2020-09-28T10:52:46.452+0000][30964][safepoint    ] Safepoint "Cleanup", Time since last: 2000378100 ns, Reaching safepoint: 119300 ns, At safepoint: 8300 ns, Total: 127600 ns
[2020-09-28T10:52:48.452+0000][30964][safepoint    ] Safepoint "Cleanup", Time since last: 2000255600 ns, Reaching safepoint: 220200 ns, At safepoint: 11000 ns, Total: 231200 ns
[2020-09-28T10:52:49.453+0000][30964][safepoint    ] Safepoint "Cleanup", Time since last: 1000339000 ns, Reaching safepoint: 220000 ns, At safepoint: 16200 ns, Total: 236200 ns
[2020-09-28T10:52:50.453+0000][30964][safepoint    ] Safepoint "Cleanup", Time since last: 1000494900 ns, Reaching safepoint: 126500 ns, At safepoint: 3900 ns, Total: 130400 ns
[2020-09-28T10:52:51.454+0000][30964][safepoint    ] Safepoint "Cleanup", Time since last: 1000633500 ns, Reaching safepoint: 106500 ns, At safepoint: 6300 ns, Total: 112800 ns
[2020-09-28T10:52:52.454+0000][30964][safepoint    ] Safepoint "Cleanup", Time since last: 1000008300 ns, Reaching safepoint: 122000 ns, At safepoint: 9000 ns, Total: 131000 ns
[2020-09-28T10:52:53.455+0000][30964][safepoint    ] Safepoint "Cleanup", Time since last: 1000706500 ns, Reaching safepoint: 139100 ns, At safepoint: 6500 ns, Total: 145600 ns
[2020-09-28T10:52:54.456+0000][30964][safepoint    ] Safepoint "Cleanup", Time since last: 1000562200 ns, Reaching safepoint: 130700 ns, At safepoint: 7700 ns, Total: 138400 ns
[2020-09-28T10:52:55.456+0000][30964][safepoint    ] Safepoint "Cleanup", Time since last: 1000282900 ns, Reaching safepoint: 116200 ns, At safepoint: 5600 ns, Total: 121800 ns
[2020-09-28T10:52:56.457+0000][30964][safepoint    ] Safepoint "Cleanup", Time since last: 1000392500 ns, Reaching safepoint: 104200 ns, At safepoint: 7900 ns, Total: 112100 ns
[2020-09-28T10:52:57.457+0000][30964][safepoint    ] Safepoint "Cleanup", Time since last: 1000041800 ns, Reaching safepoint: 156500 ns, At safepoint: 8700 ns, Total: 165200 ns
[2020-09-28T10:52:58.458+0000][30964][safepoint    ] Safepoint "Cleanup", Time since last: 1000604700 ns, Reaching safepoint: 122500 ns, At safepoint: 7600 ns, Total: 130100 ns
[2020-09-28T10:53:00.458+0000][30964][safepoint    ] Safepoint "Cleanup", Time since last: 2000208000 ns, Reaching safepoint: 138600 ns, At safepoint: 6100 ns, Total: 144700 ns
[2020-09-28T10:53:01.458+0000][30964][safepoint    ] Safepoint "Cleanup", Time since last: 1000405100 ns, Reaching safepoint: 156100 ns, At safepoint: 9700 ns, Total: 165800 ns
[2020-09-28T10:53:03.459+0000][30964][safepoint    ] Safepoint "Cleanup", Time since last: 2000631900 ns, Reaching safepoint: 125100 ns, At safepoint: 8200 ns, Total: 133300 ns
[2020-09-28T10:53:04.460+0000][30964][safepoint    ] Safepoint "Cleanup", Time since last: 1000730100 ns, Reaching safepoint: 242800 ns, At safepoint: 33500 ns, Total: 276300 ns
[2020-09-28T10:53:05.461+0000][30964][safepoint    ] Safepoint "Cleanup", Time since last: 1000420600 ns, Reaching safepoint: 284900 ns, At safepoint: 12200 ns, Total: 297100 ns
[2020-09-28T10:53:06.461+0000][30964][safepoint    ] Safepoint "Cleanup", Time since last: 1000357900 ns, Reaching safepoint: 109800 ns, At safepoint: 8200 ns, Total: 118000 ns
[2020-09-28T10:53:07.462+0000][30964][safepoint    ] Safepoint "Cleanup", Time since last: 1000317200 ns, Reaching safepoint: 129900 ns, At safepoint: 13100 ns, Total: 143000 ns
[2020-09-28T10:53:08.462+0000][30964][safepoint    ] Safepoint "Cleanup", Time since last: 1000391600 ns, Reaching safepoint: 98900 ns, At safepoint: 6600 ns, Total: 105500 ns
[2020-09-28T10:53:10.463+0000][30964][safepoint    ] Safepoint "Cleanup", Time since last: 2000286400 ns, Reaching safepoint: 125100 ns, At safepoint: 15900 ns, Total: 141000 ns
[2020-09-28T10:53:11.463+0000][30964][safepoint    ] Safepoint "Cleanup", Time since last: 1000331100 ns, Reaching safepoint: 123300 ns, At safepoint: 4700 ns, Total: 128000 ns
[2020-09-28T10:53:12.688+0000][30964][safepoint    ] Safepoint "Cleanup", Time since last: 1224691800 ns, Reaching safepoint: 170900 ns, At safepoint: 5200 ns, Total: 176100 ns
[2020-09-28T10:53:13.689+0000][30964][safepoint    ] Safepoint "Cleanup", Time since last: 1000456000 ns, Reaching safepoint: 117000 ns, At safepoint: 7100 ns, Total: 124100 ns
[2020-09-28T10:53:14.689+0000][30964][safepoint    ] Safepoint "Cleanup", Time since last: 1000273500 ns, Reaching safepoint: 118100 ns, At safepoint: 5500 ns, Total: 123600 ns
[2020-09-28T10:53:15.690+0000][30964][safepoint    ] Safepoint "Cleanup", Time since last: 1000513700 ns, Reaching safepoint: 156100 ns, At safepoint: 4600 ns, Total: 160700 ns
[2020-09-28T10:53:16.690+0000][30964][safepoint    ] Safepoint "Cleanup", Time since last: 1000391300 ns, Reaching safepoint: 114900 ns, At safepoint: 7400 ns, Total: 122300 ns
[2020-09-28T10:53:17.691+0000][30964][safepoint    ] Safepoint "Cleanup", Time since last: 1000558900 ns, Reaching safepoint: 649000 ns, At safepoint: 60900 ns, Total: 709900 ns
[2020-09-28T10:53:18.692+0000][30964][safepoint    ] Safepoint "Cleanup", Time since last: 1000574000 ns, Reaching safepoint: 165700 ns, At safepoint: 9800 ns, Total: 175500 ns
[2020-09-28T10:53:19.693+0000][30964][safepoint    ] Safepoint "Cleanup", Time since last: 1000270400 ns, Reaching safepoint: 96300 ns, At safepoint: 4200 ns, Total: 100500 ns
[2020-09-28T10:53:20.693+0000][30964][safepoint    ] Safepoint "Cleanup", Time since last: 1000316100 ns, Reaching safepoint: 113400 ns, At safepoint: 4600 ns, Total: 118000 ns
[2020-09-28T10:53:21.694+0000][30964][safepoint    ] Safepoint "Cleanup", Time since last: 1000327100 ns, Reaching safepoint: 146100 ns, At safepoint: 5800 ns, Total: 151900 ns
[2020-09-28T10:53:22.695+0000][30964][safepoint    ] Safepoint "Cleanup", Time since last: 1000782000 ns, Reaching safepoint: 132300 ns, At safepoint: 6600 ns, Total: 138900 ns
[2020-09-28T10:53:23.696+0000][30964][safepoint    ] Safepoint "Cleanup", Time since last: 1000659600 ns, Reaching safepoint: 421000 ns, At safepoint: 9200 ns, Total: 430200 ns
[2020-09-28T10:53:24.697+0000][30964][safepoint    ] Safepoint "Cleanup", Time since last: 1000787300 ns, Reaching safepoint: 191600 ns, At safepoint: 5900 ns, Total: 197500 ns
[2020-09-28T10:53:26.697+0000][30964][safepoint    ] Safepoint "Cleanup", Time since last: 2000410000 ns, Reaching safepoint: 127800 ns, At safepoint: 12900 ns, Total: 140700 ns
[2020-09-28T10:53:27.698+0000][30964][safepoint    ] Safepoint "Cleanup", Time since last: 1000296900 ns, Reaching safepoint: 105100 ns, At safepoint: 6200 ns, Total: 111300 ns
[2020-09-28T10:53:28.698+0000][30964][safepoint    ] Safepoint "Cleanup", Time since last: 1000069400 ns, Reaching safepoint: 184200 ns, At safepoint: 9800 ns, Total: 194000 ns
[2020-09-28T10:53:29.698+0000][30964][safepoint    ] Safepoint "Cleanup", Time since last: 1000432200 ns, Reaching safepoint: 107700 ns, At safepoint: 4000 ns, Total: 111700 ns
[2020-09-28T10:53:30.699+0000][30964][safepoint    ] Safepoint "Cleanup", Time since last: 1000537100 ns, Reaching safepoint: 117800 ns, At safepoint: 5900 ns, Total: 123700 ns
[2020-09-28T10:53:31.700+0000][30964][safepoint    ] Safepoint "Cleanup", Time since last: 1000711400 ns, Reaching safepoint: 146500 ns, At safepoint: 7500 ns, Total: 154000 ns
[2020-09-28T10:53:32.701+0000][30964][safepoint    ] Safepoint "Cleanup", Time since last: 1000498200 ns, Reaching safepoint: 140900 ns, At safepoint: 7000 ns, Total: 147900 ns
[2020-09-28T10:53:33.701+0000][30964][safepoint    ] Safepoint "Cleanup", Time since last: 1000504800 ns, Reaching safepoint: 112000 ns, At safepoint: 6400 ns, Total: 118400 ns
[2020-09-28T10:53:34.701+0000][30964][safepoint    ] Safepoint "Cleanup", Time since last: 1000146800 ns, Reaching safepoint: 138900 ns, At safepoint: 13000 ns, Total: 151900 ns
[2020-09-28T10:53:35.702+0000][30964][safepoint    ] Safepoint "Cleanup", Time since last: 1000787500 ns, Reaching safepoint: 127000 ns, At safepoint: 7000 ns, Total: 134000 ns
[2020-09-28T10:53:36.703+0000][30964][safepoint    ] Safepoint "Cleanup", Time since last: 1000393500 ns, Reaching safepoint: 118300 ns, At safepoint: 5700 ns, Total: 124000 ns
[2020-09-28T10:53:37.704+0000][30964][safepoint    ] Safepoint "Cleanup", Time since last: 1000704400 ns, Reaching safepoint: 116900 ns, At safepoint: 3600 ns, Total: 120500 ns
[2020-09-28T10:53:38.705+0000][30964][safepoint    ] Safepoint "Cleanup", Time since last: 1000785000 ns, Reaching safepoint: 576900 ns, At safepoint: 34400 ns, Total: 611300 ns
[2020-09-28T10:53:40.706+0000][30964][safepoint    ] Safepoint "Cleanup", Time since last: 2000899100 ns, Reaching safepoint: 86700 ns, At safepoint: 3600 ns, Total: 90300 ns
[2020-09-28T10:53:42.702+0000][30964][safepoint    ] Safepoint "Cleanup", Time since last: 1995309900 ns, Reaching safepoint: 102100 ns, At safepoint: 5900 ns, Total: 108000 ns
[2020-09-28T10:53:43.703+0000][30964][safepoint    ] Safepoint "Cleanup", Time since last: 1000865900 ns, Reaching safepoint: 153300 ns, At safepoint: 6100 ns, Total: 159400 ns
[2020-09-28T10:53:44.703+0000][30964][safepoint    ] Safepoint "Cleanup", Time since last: 1000621600 ns, Reaching safepoint: 134700 ns, At safepoint: 8600 ns, Total: 143300 ns
[2020-09-28T10:53:45.704+0000][30964][safepoint    ] Safepoint "Cleanup", Time since last: 1000554500 ns, Reaching safepoint: 105600 ns, At safepoint: 6400 ns, Total: 112000 ns
[2020-09-28T10:53:46.704+0000][30964][safepoint    ] Safepoint "Cleanup", Time since last: 1000292300 ns, Reaching safepoint: 167100 ns, At safepoint: 11600 ns, Total: 178700 ns
[2020-09-28T10:53:47.705+0000][30964][safepoint    ] Safepoint "Cleanup", Time since last: 1000025000 ns, Reaching safepoint: 138000 ns, At safepoint: 9700 ns, Total: 147700 ns
[2020-09-28T10:53:48.705+0000][30964][safepoint    ] Safepoint "Cleanup", Time since last: 1000383200 ns, Reaching safepoint: 120500 ns, At safepoint: 3400 ns, Total: 123900 ns
[2020-09-28T10:53:49.705+0000][30964][safepoint    ] Safepoint "Cleanup", Time since last: 1000171000 ns, Reaching safepoint: 118300 ns, At safepoint: 8300 ns, Total: 126600 ns
[2020-09-28T10:53:50.706+0000][30964][safepoint    ] Safepoint "Cleanup", Time since last: 1000416100 ns, Reaching safepoint: 114700 ns, At safepoint: 7300 ns, Total: 122000 ns
[2020-09-28T10:53:51.706+0000][30964][safepoint    ] Safepoint "Cleanup", Time since last: 1000076800 ns, Reaching safepoint: 110700 ns, At safepoint: 6700 ns, Total: 117400 ns
[2020-09-28T10:53:52.707+0000][30964][safepoint    ] Safepoint "Cleanup", Time since last: 1000339800 ns, Reaching safepoint: 103600 ns, At safepoint: 5300 ns, Total: 108900 ns
[2020-09-28T10:53:54.707+0000][30964][safepoint    ] Safepoint "Cleanup", Time since last: 2000410000 ns, Reaching safepoint: 275700 ns, At safepoint: 5900 ns, Total: 281600 ns
[2020-09-28T10:53:56.708+0000][30964][safepoint    ] Safepoint "Cleanup", Time since last: 2000880700 ns, Reaching safepoint: 120100 ns, At safepoint: 7100 ns, Total: 127200 ns
[2020-09-28T10:53:57.709+0000][30964][safepoint    ] Safepoint "Cleanup", Time since last: 1000328100 ns, Reaching safepoint: 179300 ns, At safepoint: 2500 ns, Total: 181800 ns
[2020-09-28T10:53:58.710+0000][30964][safepoint    ] Safepoint "Cleanup", Time since last: 1000657100 ns, Reaching safepoint: 99700 ns, At safepoint: 2600 ns, Total: 102300 ns
[2020-09-28T10:53:59.710+0000][30964][safepoint    ] Safepoint "Cleanup", Time since last: 1000290500 ns, Reaching safepoint: 132500 ns, At safepoint: 5100 ns, Total: 137600 ns
[2020-09-28T10:54:00.711+0000][30964][safepoint    ] Safepoint "Cleanup", Time since last: 1000727400 ns, Reaching safepoint: 109500 ns, At safepoint: 6000 ns, Total: 115500 ns
[2020-09-28T10:54:01.711+0000][30964][safepoint    ] Safepoint "Cleanup", Time since last: 1000494600 ns, Reaching safepoint: 128500 ns, At safepoint: 6100 ns, Total: 134600 ns
[2020-09-28T10:54:02.712+0000][30964][safepoint    ] Safepoint "Cleanup", Time since last: 1000487100 ns, Reaching safepoint: 132900 ns, At safepoint: 6400 ns, Total: 139300 ns
[2020-09-28T10:54:03.713+0000][30964][safepoint    ] Safepoint "Cleanup", Time since last: 1000336400 ns, Reaching safepoint: 118300 ns, At safepoint: 6800 ns, Total: 125100 ns
[2020-09-28T10:54:04.713+0000][30964][safepoint    ] Safepoint "Cleanup", Time since last: 1000513000 ns, Reaching safepoint: 117700 ns, At safepoint: 6100 ns, Total: 123800 ns
[2020-09-28T10:54:05.714+0000][30964][safepoint    ] Safepoint "Cleanup", Time since last: 1000721600 ns, Reaching safepoint: 140100 ns, At safepoint: 5700 ns, Total: 145800 ns
[2020-09-28T10:54:06.715+0000][30964][safepoint    ] Safepoint "Cleanup", Time since last: 1000681600 ns, Reaching safepoint: 95900 ns, At safepoint: 4000 ns, Total: 99900 ns
[2020-09-28T10:54:07.715+0000][30964][safepoint    ] Safepoint "Cleanup", Time since last: 1000115200 ns, Reaching safepoint: 94600 ns, At safepoint: 2700 ns, Total: 97300 ns
[2020-09-28T10:54:08.716+0000][30964][safepoint    ] Safepoint "Cleanup", Time since last: 1000436700 ns, Reaching safepoint: 127800 ns, At safepoint: 6300 ns, Total: 134100 ns
[2020-09-28T10:54:10.716+0000][30964][safepoint    ] Safepoint "Cleanup", Time since last: 2000282300 ns, Reaching safepoint: 158300 ns, At safepoint: 8300 ns, Total: 166600 ns
[2020-09-28T10:54:12.717+0000][30964][safepoint    ] Safepoint "Cleanup", Time since last: 2000733000 ns, Reaching safepoint: 191700 ns, At safepoint: 9500 ns, Total: 201200 ns
[2020-09-28T10:54:13.717+0000][30964][safepoint    ] Safepoint "Cleanup", Time since last: 1000100400 ns, Reaching safepoint: 388400 ns, At safepoint: 9400 ns, Total: 397800 ns
[2020-09-28T10:54:14.718+0000][30964][safepoint    ] Safepoint "Cleanup", Time since last: 1000131400 ns, Reaching safepoint: 125000 ns, At safepoint: 6200 ns, Total: 131200 ns
[2020-09-28T10:54:15.718+0000][30964][safepoint    ] Safepoint "Cleanup", Time since last: 1000345100 ns, Reaching safepoint: 149700 ns, At safepoint: 12800 ns, Total: 162500 ns
[2020-09-28T10:54:16.719+0000][30964][safepoint    ] Safepoint "Cleanup", Time since last: 1000519700 ns, Reaching safepoint: 154200 ns, At safepoint: 14700 ns, Total: 168900 ns
[2020-09-28T10:54:17.719+0000][30964][safepoint    ] Safepoint "Cleanup", Time since last: 1000267700 ns, Reaching safepoint: 144400 ns, At safepoint: 5800 ns, Total: 150200 ns
[2020-09-28T10:54:18.720+0000][30964][safepoint    ] Safepoint "Cleanup", Time since last: 1000628100 ns, Reaching safepoint: 117200 ns, At safepoint: 7100 ns, Total: 124300 ns
[2020-09-28T10:54:19.721+0000][30964][safepoint    ] Safepoint "Cleanup", Time since last: 1000495900 ns, Reaching safepoint: 144800 ns, At safepoint: 5100 ns, Total: 149900 ns
[2020-09-28T10:54:20.721+0000][30964][safepoint    ] Safepoint "Cleanup", Time since last: 1000125300 ns, Reaching safepoint: 126400 ns, At safepoint: 6300 ns, Total: 132700 ns
[2020-09-28T10:54:22.722+0000][30964][safepoint    ] Safepoint "Cleanup", Time since last: 2000553500 ns, Reaching safepoint: 216600 ns, At safepoint: 6600 ns, Total: 223200 ns
[2020-09-28T10:54:23.723+0000][30964][safepoint    ] Safepoint "Cleanup", Time since last: 1000696100 ns, Reaching safepoint: 146000 ns, At safepoint: 19100 ns, Total: 165100 ns
[2020-09-28T10:54:24.724+0000][30964][safepoint    ] Safepoint "Cleanup", Time since last: 1000833500 ns, Reaching safepoint: 127200 ns, At safepoint: 5900 ns, Total: 133100 ns
[2020-09-28T10:54:25.724+0000][30964][safepoint    ] Safepoint "Cleanup", Time since last: 1000088000 ns, Reaching safepoint: 120700 ns, At safepoint: 6300 ns, Total: 127000 ns
[2020-09-28T10:54:26.725+0000][30964][safepoint    ] Safepoint "Cleanup", Time since last: 1000869400 ns, Reaching safepoint: 108300 ns, At safepoint: 3000 ns, Total: 111300 ns
[2020-09-28T10:54:27.726+0000][30964][safepoint    ] Safepoint "Cleanup", Time since last: 1000849400 ns, Reaching safepoint: 139900 ns, At safepoint: 5900 ns, Total: 145800 ns
[2020-09-28T10:54:28.727+0000][30964][safepoint    ] Safepoint "Cleanup", Time since last: 1000647100 ns, Reaching safepoint: 125600 ns, At safepoint: 9100 ns, Total: 134700 ns
[2020-09-28T10:54:29.727+0000][30964][safepoint    ] Safepoint "Cleanup", Time since last: 1000778100 ns, Reaching safepoint: 132900 ns, At safepoint: 7400 ns, Total: 140300 ns
[2020-09-28T10:54:30.728+0000][30964][safepoint    ] Safepoint "Cleanup", Time since last: 1000740200 ns, Reaching safepoint: 99900 ns, At safepoint: 7700 ns, Total: 107600 ns
[2020-09-28T10:54:31.729+0000][30964][safepoint    ] Safepoint "Cleanup", Time since last: 1000164400 ns, Reaching safepoint: 126800 ns, At safepoint: 6600 ns, Total: 133400 ns
[2020-09-28T10:54:33.730+0000][30964][safepoint    ] Safepoint "Cleanup", Time since last: 2000822500 ns, Reaching safepoint: 191300 ns, At safepoint: 9100 ns, Total: 200400 ns
[2020-09-28T10:54:34.730+0000][30964][safepoint    ] Safepoint "Cleanup", Time since last: 1000413500 ns, Reaching safepoint: 223600 ns, At safepoint: 9400 ns, Total: 233000 ns
[2020-09-28T10:54:35.731+0000][30964][safepoint    ] Safepoint "Cleanup", Time since last: 1000347900 ns, Reaching safepoint: 219700 ns, At safepoint: 17700 ns, Total: 237400 ns
[2020-09-28T10:54:37.731+0000][30964][safepoint    ] Safepoint "Cleanup", Time since last: 2000167500 ns, Reaching safepoint: 156900 ns, At safepoint: 7300 ns, Total: 164200 ns
[2020-09-28T10:54:38.732+0000][30964][safepoint    ] Safepoint "Cleanup", Time since last: 1000692100 ns, Reaching safepoint: 107300 ns, At safepoint: 5200 ns, Total: 112500 ns
[2020-09-28T10:54:39.733+0000][30964][safepoint    ] Safepoint "Cleanup", Time since last: 1000790200 ns, Reaching safepoint: 110400 ns, At safepoint: 5300 ns, Total: 115700 ns
[2020-09-28T10:54:40.734+0000][30964][safepoint    ] Safepoint "Cleanup", Time since last: 1000778600 ns, Reaching safepoint: 146100 ns, At safepoint: 10700 ns, Total: 156800 ns
[2020-09-28T10:54:41.735+0000][30964][safepoint    ] Safepoint "Cleanup", Time since last: 1000698700 ns, Reaching safepoint: 179800 ns, At safepoint: 9700 ns, Total: 189500 ns
[2020-09-28T10:54:42.735+0000][30964][safepoint    ] Safepoint "Cleanup", Time since last: 1000534500 ns, Reaching safepoint: 106800 ns, At safepoint: 6500 ns, Total: 113300 ns
[2020-09-28T10:54:43.736+0000][30964][safepoint    ] Safepoint "Cleanup", Time since last: 1000733300 ns, Reaching safepoint: 137400 ns, At safepoint: 7200 ns, Total: 144600 ns
[2020-09-28T10:54:44.737+0000][30964][safepoint    ] Safepoint "Cleanup", Time since last: 1000328800 ns, Reaching safepoint: 125900 ns, At safepoint: 5800 ns, Total: 131700 ns
[2020-09-28T10:54:45.738+0000][30964][safepoint    ] Safepoint "Cleanup", Time since last: 1000875800 ns, Reaching safepoint: 141200 ns, At safepoint: 6100 ns, Total: 147300 ns
[2020-09-28T10:54:46.738+0000][30964][safepoint    ] Safepoint "Cleanup", Time since last: 1000102400 ns, Reaching safepoint: 90200 ns, At safepoint: 3100 ns, Total: 93300 ns
[2020-09-28T10:54:47.739+0000][30964][safepoint    ] Safepoint "Cleanup", Time since last: 1000731800 ns, Reaching safepoint: 121900 ns, At safepoint: 5800 ns, Total: 127700 ns
[2020-09-28T10:54:48.739+0000][30964][safepoint    ] Safepoint "Cleanup", Time since last: 1000399700 ns, Reaching safepoint: 125500 ns, At safepoint: 5700 ns, Total: 131200 ns
[2020-09-28T10:54:49.740+0000][30964][safepoint    ] Safepoint "Cleanup", Time since last: 1000451600 ns, Reaching safepoint: 148300 ns, At safepoint: 8100 ns, Total: 156400 ns
[2020-09-28T10:54:50.740+0000][30964][safepoint    ] Safepoint "Cleanup", Time since last: 1000370200 ns, Reaching safepoint: 143000 ns, At safepoint: 6200 ns, Total: 149200 ns
[2020-09-28T10:54:51.741+0000][30964][safepoint    ] Safepoint "Cleanup", Time since last: 1000230000 ns, Reaching safepoint: 111200 ns, At safepoint: 21200 ns, Total: 132400 ns
[2020-09-28T10:54:52.741+0000][30964][safepoint    ] Safepoint "Cleanup", Time since last: 1000529700 ns, Reaching safepoint: 132600 ns, At safepoint: 6500 ns, Total: 139100 ns
[2020-09-28T10:54:53.742+0000][30964][safepoint    ] Safepoint "Cleanup", Time since last: 1000100100 ns, Reaching safepoint: 98000 ns, At safepoint: 3600 ns, Total: 101600 ns
[2020-09-28T10:54:54.742+0000][30964][safepoint    ] Safepoint "Cleanup", Time since last: 1000052300 ns, Reaching safepoint: 142800 ns, At safepoint: 10000 ns, Total: 152800 ns
[2020-09-28T10:54:55.742+0000][30964][safepoint    ] Safepoint "Cleanup", Time since last: 1000062300 ns, Reaching safepoint: 115200 ns, At safepoint: 8200 ns, Total: 123400 ns
[2020-09-28T10:54:56.743+0000][30964][safepoint    ] Safepoint "Cleanup", Time since last: 1000568000 ns, Reaching safepoint: 199100 ns, At safepoint: 8800 ns, Total: 207900 ns
[2020-09-28T10:54:57.744+0000][30964][safepoint    ] Safepoint "Cleanup", Time since last: 1000798100 ns, Reaching safepoint: 172600 ns, At safepoint: 8900 ns, Total: 181500 ns
[2020-09-28T10:54:59.745+0000][30964][safepoint    ] Safepoint "Cleanup", Time since last: 2000663100 ns, Reaching safepoint: 116800 ns, At safepoint: 4700 ns, Total: 121500 ns
[2020-09-28T10:55:01.745+0000][30964][safepoint    ] Safepoint "Cleanup", Time since last: 2000640800 ns, Reaching safepoint: 117200 ns, At safepoint: 4600 ns, Total: 121800 ns
[2020-09-28T10:55:03.745+0000][30964][safepoint    ] Safepoint "Cleanup", Time since last: 2000057900 ns, Reaching safepoint: 190300 ns, At safepoint: 6000 ns, Total: 196300 ns
[2020-09-28T10:55:04.746+0000][30964][safepoint    ] Safepoint "Cleanup", Time since last: 1000133600 ns, Reaching safepoint: 103300 ns, At safepoint: 6300 ns, Total: 109600 ns
[2020-09-28T10:55:06.747+0000][30964][safepoint    ] Safepoint "Cleanup", Time since last: 2000907200 ns, Reaching safepoint: 138500 ns, At safepoint: 7100 ns, Total: 145600 ns
[2020-09-28T10:55:07.748+0000][30964][safepoint    ] Safepoint "Cleanup", Time since last: 1000861300 ns, Reaching safepoint: 116200 ns, At safepoint: 5600 ns, Total: 121800 ns
[2020-09-28T10:55:09.749+0000][30964][safepoint    ] Safepoint "Cleanup", Time since last: 2000762800 ns, Reaching safepoint: 115100 ns, At safepoint: 8200 ns, Total: 123300 ns
[2020-09-28T10:55:10.750+0000][30964][safepoint    ] Safepoint "Cleanup", Time since last: 1000836000 ns, Reaching safepoint: 105900 ns, At safepoint: 6100 ns, Total: 112000 ns
[2020-09-28T10:55:11.750+0000][30964][safepoint    ] Safepoint "Cleanup", Time since last: 1000412600 ns, Reaching safepoint: 117300 ns, At safepoint: 6000 ns, Total: 123300 ns
[2020-09-28T10:55:12.751+0000][30964][safepoint    ] Safepoint "Cleanup", Time since last: 1000424400 ns, Reaching safepoint: 95800 ns, At safepoint: 7100 ns, Total: 102900 ns
[2020-09-28T10:55:13.751+0000][30964][safepoint    ] Safepoint "Cleanup", Time since last: 1000550600 ns, Reaching safepoint: 102200 ns, At safepoint: 5800 ns, Total: 108000 ns
[2020-09-28T10:55:14.752+0000][30964][safepoint    ] Safepoint "Cleanup", Time since last: 1000650600 ns, Reaching safepoint: 118600 ns, At safepoint: 3100 ns, Total: 121700 ns
[2020-09-28T10:55:15.753+0000][30964][safepoint    ] Safepoint "Cleanup", Time since last: 1000572100 ns, Reaching safepoint: 112200 ns, At safepoint: 3300 ns, Total: 115500 ns
[2020-09-28T10:55:16.753+0000][30964][safepoint    ] Safepoint "Cleanup", Time since last: 1000324400 ns, Reaching safepoint: 141600 ns, At safepoint: 3700 ns, Total: 145300 ns
[2020-09-28T10:55:17.754+0000][30964][safepoint    ] Safepoint "Cleanup", Time since last: 1000726300 ns, Reaching safepoint: 124600 ns, At safepoint: 7400 ns, Total: 132000 ns
[2020-09-28T10:55:18.754+0000][30964][safepoint    ] Safepoint "Cleanup", Time since last: 1000130500 ns, Reaching safepoint: 169800 ns, At safepoint: 8500 ns, Total: 178300 ns
[2020-09-28T10:55:19.755+0000][30964][safepoint    ] Safepoint "Cleanup", Time since last: 1000455500 ns, Reaching safepoint: 113300 ns, At safepoint: 7600 ns, Total: 120900 ns
[2020-09-28T10:55:21.755+0000][30964][safepoint    ] Safepoint "Cleanup", Time since last: 2000039100 ns, Reaching safepoint: 100800 ns, At safepoint: 6700 ns, Total: 107500 ns
[2020-09-28T10:55:22.755+0000][30964][safepoint    ] Safepoint "Cleanup", Time since last: 1000005900 ns, Reaching safepoint: 152000 ns, At safepoint: 5700 ns, Total: 157700 ns
[2020-09-28T10:55:23.756+0000][30964][safepoint    ] Safepoint "Cleanup", Time since last: 1000744800 ns, Reaching safepoint: 157000 ns, At safepoint: 8100 ns, Total: 165100 ns
[2020-09-28T10:55:25.757+0000][30964][safepoint    ] Safepoint "Cleanup", Time since last: 2000753100 ns, Reaching safepoint: 135900 ns, At safepoint: 4400 ns, Total: 140300 ns
[2020-09-28T10:55:26.758+0000][30964][safepoint    ] Safepoint "Cleanup", Time since last: 1000378000 ns, Reaching safepoint: 137300 ns, At safepoint: 5700 ns, Total: 143000 ns
[2020-09-28T10:55:27.758+0000][30964][safepoint    ] Safepoint "Cleanup", Time since last: 1000320200 ns, Reaching safepoint: 128300 ns, At safepoint: 8200 ns, Total: 136500 ns
[2020-09-28T10:55:28.759+0000][30964][safepoint    ] Safepoint "Cleanup", Time since last: 1000510100 ns, Reaching safepoint: 488700 ns, At safepoint: 24900 ns, Total: 513600 ns
[2020-09-28T10:55:29.760+0000][30964][safepoint    ] Safepoint "Cleanup", Time since last: 1000519100 ns, Reaching safepoint: 124400 ns, At safepoint: 6700 ns, Total: 131100 ns
[2020-09-28T10:55:30.760+0000][30964][safepoint    ] Safepoint "Cleanup", Time since last: 1000492200 ns, Reaching safepoint: 151400 ns, At safepoint: 8200 ns, Total: 159600 ns
[2020-09-28T10:55:31.761+0000][30964][safepoint    ] Safepoint "Cleanup", Time since last: 1000428700 ns, Reaching safepoint: 119900 ns, At safepoint: 4400 ns, Total: 124300 ns
[2020-09-28T10:55:32.762+0000][30964][safepoint    ] Safepoint "Cleanup", Time since last: 1000868500 ns, Reaching safepoint: 102300 ns, At safepoint: 7700 ns, Total: 110000 ns
[2020-09-28T10:55:33.763+0000][30964][safepoint    ] Safepoint "Cleanup", Time since last: 1000654500 ns, Reaching safepoint: 221500 ns, At safepoint: 6700 ns, Total: 228200 ns
[2020-09-28T10:55:35.764+0000][30964][safepoint    ] Safepoint "Cleanup", Time since last: 2000682200 ns, Reaching safepoint: 96500 ns, At safepoint: 2300 ns, Total: 98800 ns
[2020-09-28T10:55:36.764+0000][30964][safepoint    ] Safepoint "Cleanup", Time since last: 1000641800 ns, Reaching safepoint: 143200 ns, At safepoint: 5200 ns, Total: 148400 ns
[2020-09-28T10:55:38.765+0000][30964][safepoint    ] Safepoint "Cleanup", Time since last: 2000425000 ns, Reaching safepoint: 109000 ns, At safepoint: 6100 ns, Total: 115100 ns
[2020-09-28T10:55:39.766+0000][30964][safepoint    ] Safepoint "Cleanup", Time since last: 1000820700 ns, Reaching safepoint: 143400 ns, At safepoint: 5400 ns, Total: 148800 ns
[2020-09-28T10:55:40.767+0000][30964][safepoint    ] Safepoint "Cleanup", Time since last: 1000425000 ns, Reaching safepoint: 132700 ns, At safepoint: 5600 ns, Total: 138300 ns
[2020-09-28T10:55:42.698+0000][30964][safepoint    ] Safepoint "Cleanup", Time since last: 1931567700 ns, Reaching safepoint: 151600 ns, At safepoint: 5500 ns, Total: 157100 ns
[2020-09-28T10:55:43.699+0000][30964][safepoint    ] Safepoint "Cleanup", Time since last: 1000591400 ns, Reaching safepoint: 143800 ns, At safepoint: 2900 ns, Total: 146700 ns
[2020-09-28T10:55:44.700+0000][30964][safepoint    ] Safepoint "Cleanup", Time since last: 1000457700 ns, Reaching safepoint: 135800 ns, At safepoint: 5800 ns, Total: 141600 ns
[2020-09-28T10:55:45.700+0000][30964][safepoint    ] Safepoint "Cleanup", Time since last: 1000130400 ns, Reaching safepoint: 104100 ns, At safepoint: 6900 ns, Total: 111000 ns
[2020-09-28T10:55:46.700+0000][30964][safepoint    ] Safepoint "Cleanup", Time since last: 1000279000 ns, Reaching safepoint: 124200 ns, At safepoint: 6100 ns, Total: 130300 ns
[2020-09-28T10:55:47.701+0000][30964][safepoint    ] Safepoint "Cleanup", Time since last: 1000324000 ns, Reaching safepoint: 99800 ns, At safepoint: 6000 ns, Total: 105800 ns
[2020-09-28T10:55:48.702+0000][30964][safepoint    ] Safepoint "Cleanup", Time since last: 1000773200 ns, Reaching safepoint: 189400 ns, At safepoint: 8800 ns, Total: 198200 ns
[2020-09-28T10:55:49.702+0000][30964][safepoint    ] Safepoint "Cleanup", Time since last: 1000431000 ns, Reaching safepoint: 130900 ns, At safepoint: 5300 ns, Total: 136200 ns
[2020-09-28T10:55:50.703+0000][30964][safepoint    ] Safepoint "Cleanup", Time since last: 1000684600 ns, Reaching safepoint: 154000 ns, At safepoint: 8200 ns, Total: 162200 ns
[2020-09-28T10:55:51.704+0000][30964][safepoint    ] Safepoint "Cleanup", Time since last: 1000642500 ns, Reaching safepoint: 152100 ns, At safepoint: 8700 ns, Total: 160800 ns
[2020-09-28T10:55:52.704+0000][30964][safepoint    ] Safepoint "Cleanup", Time since last: 1000267800 ns, Reaching safepoint: 524200 ns, At safepoint: 16900 ns, Total: 541100 ns
[2020-09-28T10:55:53.706+0000][30964][safepoint    ] Safepoint "Cleanup", Time since last: 1001398100 ns, Reaching safepoint: 143000 ns, At safepoint: 6500 ns, Total: 149500 ns
[2020-09-28T10:55:54.707+0000][30964][safepoint    ] Safepoint "Cleanup", Time since last: 1000204600 ns, Reaching safepoint: 88200 ns, At safepoint: 3200 ns, Total: 91400 ns
[2020-09-28T10:55:55.707+0000][30964][safepoint    ] Safepoint "Cleanup", Time since last: 1000139100 ns, Reaching safepoint: 108400 ns, At safepoint: 6600 ns, Total: 115000 ns
[2020-09-28T10:55:56.707+0000][30964][safepoint    ] Safepoint "Cleanup", Time since last: 1000180700 ns, Reaching safepoint: 152100 ns, At safepoint: 5800 ns, Total: 157900 ns
[2020-09-28T10:55:58.707+0000][30964][safepoint    ] Safepoint "Cleanup", Time since last: 2000228400 ns, Reaching safepoint: 121500 ns, At safepoint: 8500 ns, Total: 130000 ns
[2020-09-28T10:55:59.708+0000][30964][safepoint    ] Safepoint "Cleanup", Time since last: 1000265100 ns, Reaching safepoint: 133200 ns, At safepoint: 6800 ns, Total: 140000 ns
[2020-09-28T10:56:00.708+0000][30964][safepoint    ] Safepoint "Cleanup", Time since last: 1000009300 ns, Reaching safepoint: 149100 ns, At safepoint: 7600 ns, Total: 156700 ns
[2020-09-28T10:56:01.709+0000][30964][safepoint    ] Safepoint "Cleanup", Time since last: 1000617100 ns, Reaching safepoint: 133300 ns, At safepoint: 6600 ns, Total: 139900 ns
[2020-09-28T10:56:02.710+0000][30964][safepoint    ] Safepoint "Cleanup", Time since last: 1000698300 ns, Reaching safepoint: 126400 ns, At safepoint: 4400 ns, Total: 130800 ns
[2020-09-28T10:56:03.710+0000][30964][safepoint    ] Safepoint "Cleanup", Time since last: 1000640800 ns, Reaching safepoint: 134200 ns, At safepoint: 9300 ns, Total: 143500 ns
[2020-09-28T10:56:05.711+0000][30964][safepoint    ] Safepoint "Cleanup", Time since last: 2000628000 ns, Reaching safepoint: 113800 ns, At safepoint: 7800 ns, Total: 121600 ns
[2020-09-28T10:56:07.711+0000][30964][safepoint    ] Safepoint "Cleanup", Time since last: 2000137400 ns, Reaching safepoint: 140700 ns, At safepoint: 7200 ns, Total: 147900 ns
[2020-09-28T10:56:08.712+0000][30964][safepoint    ] Safepoint "Cleanup", Time since last: 1000435900 ns, Reaching safepoint: 164000 ns, At safepoint: 4900 ns, Total: 168900 ns
[2020-09-28T10:56:09.712+0000][30964][safepoint    ] Safepoint "Cleanup", Time since last: 1000193400 ns, Reaching safepoint: 117100 ns, At safepoint: 7900 ns, Total: 125000 ns
[2020-09-28T10:56:10.713+0000][30964][safepoint    ] Safepoint "Cleanup", Time since last: 1000436200 ns, Reaching safepoint: 100100 ns, At safepoint: 6600 ns, Total: 106700 ns
[2020-09-28T10:56:12.713+0000][30964][safepoint    ] Safepoint "Cleanup", Time since last: 2000508200 ns, Reaching safepoint: 120800 ns, At safepoint: 23900 ns, Total: 144700 ns
[2020-09-28T10:56:13.714+0000][30964][safepoint    ] Safepoint "Cleanup", Time since last: 1000653700 ns, Reaching safepoint: 118100 ns, At safepoint: 5800 ns, Total: 123900 ns
[2020-09-28T10:56:14.715+0000][30964][safepoint    ] Safepoint "Cleanup", Time since last: 1000616900 ns, Reaching safepoint: 154900 ns, At safepoint: 5700 ns, Total: 160600 ns
[2020-09-28T10:56:15.716+0000][30964][safepoint    ] Safepoint "Cleanup", Time since last: 1000378900 ns, Reaching safepoint: 113300 ns, At safepoint: 3800 ns, Total: 117100 ns
[2020-09-28T10:56:16.716+0000][30964][safepoint    ] Safepoint "Cleanup", Time since last: 1000480800 ns, Reaching safepoint: 203100 ns, At safepoint: 20000 ns, Total: 223100 ns
[2020-09-28T10:56:17.717+0000][30964][safepoint    ] Safepoint "Cleanup", Time since last: 1000847900 ns, Reaching safepoint: 641000 ns, At safepoint: 31600 ns, Total: 672600 ns
[2020-09-28T10:56:18.719+0000][30964][safepoint    ] Safepoint "Cleanup", Time since last: 1001132400 ns, Reaching safepoint: 116600 ns, At safepoint: 5800 ns, Total: 122400 ns
[2020-09-28T10:56:19.719+0000][30964][safepoint    ] Safepoint "Cleanup", Time since last: 1000136300 ns, Reaching safepoint: 128700 ns, At safepoint: 7200 ns, Total: 135900 ns
[2020-09-28T10:56:20.720+0000][30964][safepoint    ] Safepoint "Cleanup", Time since last: 1000787000 ns, Reaching safepoint: 135400 ns, At safepoint: 6100 ns, Total: 141500 ns
[2020-09-28T10:56:21.721+0000][30964][safepoint    ] Safepoint "Cleanup", Time since last: 1000156400 ns, Reaching safepoint: 177700 ns, At safepoint: 4500 ns, Total: 182200 ns
[2020-09-28T10:56:22.721+0000][30964][safepoint    ] Safepoint "Cleanup", Time since last: 1000105000 ns, Reaching safepoint: 95600 ns, At safepoint: 3200 ns, Total: 98800 ns
[2020-09-28T10:56:24.722+0000][30964][safepoint    ] Safepoint "Cleanup", Time since last: 2000652700 ns, Reaching safepoint: 199300 ns, At safepoint: 46500 ns, Total: 245800 ns
[2020-09-28T10:56:25.722+0000][30964][safepoint    ] Safepoint "Cleanup", Time since last: 1000058300 ns, Reaching safepoint: 152200 ns, At safepoint: 6500 ns, Total: 158700 ns
[2020-09-28T10:56:27.723+0000][30964][safepoint    ] Safepoint "Cleanup", Time since last: 2000608500 ns, Reaching safepoint: 115500 ns, At safepoint: 6200 ns, Total: 121700 ns
[2020-09-28T10:56:28.723+0000][30964][safepoint    ] Safepoint "Cleanup", Time since last: 1000471200 ns, Reaching safepoint: 119100 ns, At safepoint: 7700 ns, Total: 126800 ns
[2020-09-28T10:56:29.724+0000][30964][safepoint    ] Safepoint "Cleanup", Time since last: 1000459400 ns, Reaching safepoint: 159000 ns, At safepoint: 5300 ns, Total: 164300 ns
[2020-09-28T10:56:30.725+0000][30964][safepoint    ] Safepoint "Cleanup", Time since last: 1000732700 ns, Reaching safepoint: 102400 ns, At safepoint: 3500 ns, Total: 105900 ns
[2020-09-28T10:56:32.725+0000][30964][safepoint    ] Safepoint "Cleanup", Time since last: 2000697100 ns, Reaching safepoint: 135200 ns, At safepoint: 6600 ns, Total: 141800 ns
[2020-09-28T10:56:34.726+0000][30964][safepoint    ] Safepoint "Cleanup", Time since last: 2000013400 ns, Reaching safepoint: 127700 ns, At safepoint: 6300 ns, Total: 134000 ns
[2020-09-28T10:56:35.726+0000][30964][safepoint    ] Safepoint "Cleanup", Time since last: 1000362600 ns, Reaching safepoint: 119500 ns, At safepoint: 6200 ns, Total: 125700 ns
[2020-09-28T10:56:36.727+0000][30964][safepoint    ] Safepoint "Cleanup", Time since last: 1000644600 ns, Reaching safepoint: 125500 ns, At safepoint: 7400 ns, Total: 132900 ns
[2020-09-28T10:56:38.728+0000][30964][safepoint    ] Safepoint "Cleanup", Time since last: 2000510600 ns, Reaching safepoint: 170600 ns, At safepoint: 8500 ns, Total: 179100 ns
[2020-09-28T10:56:39.728+0000][30964][safepoint    ] Safepoint "Cleanup", Time since last: 1000441600 ns, Reaching safepoint: 111600 ns, At safepoint: 5600 ns, Total: 117200 ns
[2020-09-28T10:56:40.732+0000][30964][safepoint    ] Safepoint "Cleanup", Time since last: 1003742000 ns, Reaching safepoint: 120800 ns, At safepoint: 6500 ns, Total: 127300 ns
[2020-09-28T10:56:41.733+0000][30964][safepoint    ] Safepoint "Cleanup", Time since last: 1000544200 ns, Reaching safepoint: 101300 ns, At safepoint: 7700 ns, Total: 109000 ns
[2020-09-28T10:56:42.733+0000][30964][safepoint    ] Safepoint "Cleanup", Time since last: 1000613100 ns, Reaching safepoint: 136000 ns, At safepoint: 5800 ns, Total: 141800 ns
[2020-09-28T10:56:43.734+0000][30964][safepoint    ] Safepoint "Cleanup", Time since last: 1000767300 ns, Reaching safepoint: 140500 ns, At safepoint: 6500 ns, Total: 147000 ns
[2020-09-28T10:56:44.735+0000][30964][safepoint    ] Safepoint "Cleanup", Time since last: 1000099700 ns, Reaching safepoint: 120100 ns, At safepoint: 4100 ns, Total: 124200 ns
[2020-09-28T10:56:45.735+0000][30964][safepoint    ] Safepoint "Cleanup", Time since last: 1000185400 ns, Reaching safepoint: 131800 ns, At safepoint: 9900 ns, Total: 141700 ns
[2020-09-28T10:56:47.735+0000][30964][safepoint    ] Safepoint "Cleanup", Time since last: 2000274200 ns, Reaching safepoint: 139200 ns, At safepoint: 9300 ns, Total: 148500 ns
[2020-09-28T10:56:48.735+0000][30964][safepoint    ] Safepoint "Cleanup", Time since last: 1000027300 ns, Reaching safepoint: 125700 ns, At safepoint: 7700 ns, Total: 133400 ns
[2020-09-28T10:56:49.736+0000][30964][safepoint    ] Safepoint "Cleanup", Time since last: 1000202700 ns, Reaching safepoint: 113900 ns, At safepoint: 6300 ns, Total: 120200 ns
[2020-09-28T10:56:50.736+0000][30964][safepoint    ] Safepoint "Cleanup", Time since last: 1000043700 ns, Reaching safepoint: 112400 ns, At safepoint: 6800 ns, Total: 119200 ns
[2020-09-28T10:56:51.737+0000][30964][safepoint    ] Safepoint "Cleanup", Time since last: 1000837800 ns, Reaching safepoint: 112700 ns, At safepoint: 6900 ns, Total: 119600 ns
[2020-09-28T10:56:52.738+0000][30964][safepoint    ] Safepoint "Cleanup", Time since last: 1000590300 ns, Reaching safepoint: 115800 ns, At safepoint: 5500 ns, Total: 121300 ns
[2020-09-28T10:56:53.739+0000][30964][safepoint    ] Safepoint "Cleanup", Time since last: 1000764500 ns, Reaching safepoint: 135400 ns, At safepoint: 6100 ns, Total: 141500 ns
[2020-09-28T10:56:55.688+0000][30964][safepoint    ] Safepoint "Cleanup", Time since last: 1949473800 ns, Reaching safepoint: 106600 ns, At safepoint: 6200 ns, Total: 112800 ns
[2020-09-28T10:56:56.689+0000][30964][safepoint    ] Safepoint "Cleanup", Time since last: 1000871700 ns, Reaching safepoint: 128500 ns, At safepoint: 5200 ns, Total: 133700 ns
[2020-09-28T10:56:57.690+0000][30964][safepoint    ] Safepoint "Cleanup", Time since last: 1000791400 ns, Reaching safepoint: 120300 ns, At safepoint: 6400 ns, Total: 126700 ns
[2020-09-28T10:56:58.691+0000][30964][safepoint    ] Safepoint "Cleanup", Time since last: 1000502800 ns, Reaching safepoint: 119200 ns, At safepoint: 27900 ns, Total: 147100 ns
[2020-09-28T10:56:59.691+0000][30964][safepoint    ] Safepoint "Cleanup", Time since last: 1000704900 ns, Reaching safepoint: 133400 ns, At safepoint: 5000 ns, Total: 138400 ns
[2020-09-28T10:57:00.692+0000][30964][safepoint    ] Safepoint "Cleanup", Time since last: 1000126200 ns, Reaching safepoint: 144900 ns, At safepoint: 5400 ns, Total: 150300 ns
[2020-09-28T10:57:01.692+0000][30964][safepoint    ] Safepoint "Cleanup", Time since last: 1000093300 ns, Reaching safepoint: 96000 ns, At safepoint: 5900 ns, Total: 101900 ns
[2020-09-28T10:57:02.692+0000][30964][safepoint    ] Safepoint "Cleanup", Time since last: 1000203900 ns, Reaching safepoint: 144500 ns, At safepoint: 8600 ns, Total: 153100 ns
[2020-09-28T10:57:03.693+0000][30964][safepoint    ] Safepoint "Cleanup", Time since last: 1000426000 ns, Reaching safepoint: 131000 ns, At safepoint: 4200 ns, Total: 135200 ns
[2020-09-28T10:57:04.694+0000][30964][safepoint    ] Safepoint "Cleanup", Time since last: 1000772500 ns, Reaching safepoint: 141300 ns, At safepoint: 4800 ns, Total: 146100 ns
[2020-09-28T10:57:05.694+0000][30964][safepoint    ] Safepoint "Cleanup", Time since last: 1000068200 ns, Reaching safepoint: 213700 ns, At safepoint: 25500 ns, Total: 239200 ns
[2020-09-28T10:57:06.695+0000][30964][safepoint    ] Safepoint "Cleanup", Time since last: 1000626200 ns, Reaching safepoint: 109300 ns, At safepoint: 8500 ns, Total: 117800 ns
[2020-09-28T10:57:08.695+0000][30964][safepoint    ] Safepoint "Cleanup", Time since last: 2000027100 ns, Reaching safepoint: 140800 ns, At safepoint: 8200 ns, Total: 149000 ns
[2020-09-28T10:57:09.696+0000][30964][safepoint    ] Safepoint "Cleanup", Time since last: 1000323200 ns, Reaching safepoint: 113600 ns, At safepoint: 3900 ns, Total: 117500 ns
[2020-09-28T10:57:10.696+0000][30964][safepoint    ] Safepoint "Cleanup", Time since last: 1000633700 ns, Reaching safepoint: 183800 ns, At safepoint: 6300 ns, Total: 190100 ns
[2020-09-28T10:57:11.697+0000][30964][safepoint    ] Safepoint "Cleanup", Time since last: 1000081400 ns, Reaching safepoint: 118600 ns, At safepoint: 17000 ns, Total: 135600 ns
[2020-09-28T10:57:12.705+0000][30964][safepoint    ] Safepoint "Cleanup", Time since last: 1007884100 ns, Reaching safepoint: 116800 ns, At safepoint: 7200 ns, Total: 124000 ns
[2020-09-28T10:57:13.705+0000][30964][safepoint    ] Safepoint "Cleanup", Time since last: 1000320100 ns, Reaching safepoint: 134600 ns, At safepoint: 12400 ns, Total: 147000 ns
[2020-09-28T10:57:15.706+0000][30964][safepoint    ] Safepoint "Cleanup", Time since last: 2000777200 ns, Reaching safepoint: 122700 ns, At safepoint: 5500 ns, Total: 128200 ns
[2020-09-28T10:57:16.707+0000][30964][safepoint    ] Safepoint "Cleanup", Time since last: 1000562400 ns, Reaching safepoint: 97200 ns, At safepoint: 6800 ns, Total: 104000 ns
[2020-09-28T10:57:17.707+0000][30964][safepoint    ] Safepoint "Cleanup", Time since last: 1000114000 ns, Reaching safepoint: 124900 ns, At safepoint: 10700 ns, Total: 135600 ns
[2020-09-28T10:57:18.707+0000][30964][safepoint    ] Safepoint "Cleanup", Time since last: 1000011500 ns, Reaching safepoint: 138400 ns, At safepoint: 6600 ns, Total: 145000 ns
[2020-09-28T10:57:19.708+0000][30964][safepoint    ] Safepoint "Cleanup", Time since last: 1000506300 ns, Reaching safepoint: 139300 ns, At safepoint: 7600 ns, Total: 146900 ns
[2020-09-28T10:57:20.708+0000][30964][safepoint    ] Safepoint "Cleanup", Time since last: 1000169200 ns, Reaching safepoint: 133300 ns, At safepoint: 9100 ns, Total: 142400 ns
[2020-09-28T10:57:21.708+0000][30964][safepoint    ] Safepoint "Cleanup", Time since last: 1000424900 ns, Reaching safepoint: 115000 ns, At safepoint: 6400 ns, Total: 121400 ns
[2020-09-28T10:57:22.709+0000][30964][safepoint    ] Safepoint "Cleanup", Time since last: 1000186600 ns, Reaching safepoint: 154700 ns, At safepoint: 9400 ns, Total: 164100 ns
[2020-09-28T10:57:24.709+0000][30964][safepoint    ] Safepoint "Cleanup", Time since last: 2000498000 ns, Reaching safepoint: 141200 ns, At safepoint: 6100 ns, Total: 147300 ns
[2020-09-28T10:57:25.710+0000][30964][safepoint    ] Safepoint "Cleanup", Time since last: 1000867300 ns, Reaching safepoint: 180200 ns, At safepoint: 9500 ns, Total: 189700 ns
[2020-09-28T10:57:26.711+0000][30964][safepoint    ] Safepoint "Cleanup", Time since last: 1000817800 ns, Reaching safepoint: 169900 ns, At safepoint: 8700 ns, Total: 178600 ns
[2020-09-28T10:57:28.711+0000][30964][safepoint    ] Safepoint "Cleanup", Time since last: 1999896900 ns, Reaching safepoint: 119500 ns, At safepoint: 5600 ns, Total: 125100 ns
[2020-09-28T10:57:29.712+0000][30964][safepoint    ] Safepoint "Cleanup", Time since last: 1000567800 ns, Reaching safepoint: 210900 ns, At safepoint: 5800 ns, Total: 216700 ns
[2020-09-28T10:57:30.713+0000][30964][safepoint    ] Safepoint "Cleanup", Time since last: 1000526400 ns, Reaching safepoint: 103800 ns, At safepoint: 5700 ns, Total: 109500 ns
[2020-09-28T10:57:31.714+0000][30964][safepoint    ] Safepoint "Cleanup", Time since last: 1000556700 ns, Reaching safepoint: 104800 ns, At safepoint: 2400 ns, Total: 107200 ns
[2020-09-28T10:57:32.715+0000][30964][safepoint    ] Safepoint "Cleanup", Time since last: 1000826300 ns, Reaching safepoint: 158900 ns, At safepoint: 5100 ns, Total: 164000 ns
[2020-09-28T10:57:33.715+0000][30964][safepoint    ] Safepoint "Cleanup", Time since last: 1000739200 ns, Reaching safepoint: 126600 ns, At safepoint: 6000 ns, Total: 132600 ns
[2020-09-28T10:57:34.716+0000][30964][safepoint    ] Safepoint "Cleanup", Time since last: 1000845000 ns, Reaching safepoint: 99600 ns, At safepoint: 6500 ns, Total: 106100 ns
[2020-09-28T10:57:35.717+0000][30964][safepoint    ] Safepoint "Cleanup", Time since last: 1000295900 ns, Reaching safepoint: 116200 ns, At safepoint: 6200 ns, Total: 122400 ns
[2020-09-28T10:57:37.717+0000][30964][safepoint    ] Safepoint "Cleanup", Time since last: 1999875200 ns, Reaching safepoint: 139100 ns, At safepoint: 20900 ns, Total: 160000 ns
[2020-09-28T10:57:38.717+0000][30964][safepoint    ] Safepoint "Cleanup", Time since last: 1000388400 ns, Reaching safepoint: 147200 ns, At safepoint: 6200 ns, Total: 153400 ns
[2020-09-28T10:57:39.718+0000][30964][safepoint    ] Safepoint "Cleanup", Time since last: 1000271700 ns, Reaching safepoint: 92600 ns, At safepoint: 2900 ns, Total: 95500 ns
[2020-09-28T10:57:40.719+0000][30964][safepoint    ] Safepoint "Cleanup", Time since last: 1000690000 ns, Reaching safepoint: 169700 ns, At safepoint: 6200 ns, Total: 175900 ns
[2020-09-28T10:57:42.707+0000][30964][safepoint    ] Safepoint "Cleanup", Time since last: 1988214500 ns, Reaching safepoint: 126700 ns, At safepoint: 6400 ns, Total: 133100 ns
[2020-09-28T10:57:43.708+0000][30964][safepoint    ] Safepoint "Cleanup", Time since last: 1000904300 ns, Reaching safepoint: 97600 ns, At safepoint: 3000 ns, Total: 100600 ns
[2020-09-28T10:57:44.709+0000][30964][safepoint    ] Safepoint "Cleanup", Time since last: 1000564200 ns, Reaching safepoint: 214900 ns, At safepoint: 14600 ns, Total: 229500 ns
[2020-09-28T10:57:45.709+0000][30964][safepoint    ] Safepoint "Cleanup", Time since last: 1000597500 ns, Reaching safepoint: 135300 ns, At safepoint: 8200 ns, Total: 143500 ns
[2020-09-28T10:57:46.711+0000][30964][safepoint    ] Safepoint "Cleanup", Time since last: 1000720300 ns, Reaching safepoint: 152400 ns, At safepoint: 6200 ns, Total: 158600 ns
[2020-09-28T10:57:47.711+0000][30964][safepoint    ] Safepoint "Cleanup", Time since last: 1000832700 ns, Reaching safepoint: 152800 ns, At safepoint: 6600 ns, Total: 159400 ns
[2020-09-28T10:57:49.712+0000][30964][safepoint    ] Safepoint "Cleanup", Time since last: 2000369700 ns, Reaching safepoint: 91000 ns, At safepoint: 2900 ns, Total: 93900 ns
[2020-09-28T10:57:50.712+0000][30964][safepoint    ] Safepoint "Cleanup", Time since last: 1000208300 ns, Reaching safepoint: 151000 ns, At safepoint: 14300 ns, Total: 165300 ns
[2020-09-28T10:57:51.713+0000][30964][safepoint    ] Safepoint "Cleanup", Time since last: 1000813200 ns, Reaching safepoint: 207700 ns, At safepoint: 9300 ns, Total: 217000 ns
[2020-09-28T10:57:52.714+0000][30964][safepoint    ] Safepoint "Cleanup", Time since last: 1000304100 ns, Reaching safepoint: 136800 ns, At safepoint: 5900 ns, Total: 142700 ns
[2020-09-28T10:57:53.714+0000][30964][safepoint    ] Safepoint "Cleanup", Time since last: 1000702400 ns, Reaching safepoint: 127100 ns, At safepoint: 7600 ns, Total: 134700 ns
[2020-09-28T10:57:55.715+0000][30964][safepoint    ] Safepoint "Cleanup", Time since last: 2000629800 ns, Reaching safepoint: 185100 ns, At safepoint: 5900 ns, Total: 191000 ns
[2020-09-28T10:57:56.716+0000][30964][safepoint    ] Safepoint "Cleanup", Time since last: 1000495600 ns, Reaching safepoint: 107200 ns, At safepoint: 3100 ns, Total: 110300 ns
[2020-09-28T10:57:58.716+0000][30964][safepoint    ] Safepoint "Cleanup", Time since last: 2000321100 ns, Reaching safepoint: 126600 ns, At safepoint: 5700 ns, Total: 132300 ns
[2020-09-28T10:57:59.717+0000][30964][safepoint    ] Safepoint "Cleanup", Time since last: 1000567400 ns, Reaching safepoint: 131600 ns, At safepoint: 10100 ns, Total: 141700 ns
[2020-09-28T10:58:00.718+0000][30964][safepoint    ] Safepoint "Cleanup", Time since last: 1000433200 ns, Reaching safepoint: 155900 ns, At safepoint: 8100 ns, Total: 164000 ns
[2020-09-28T10:58:01.719+0000][30964][safepoint    ] Safepoint "Cleanup", Time since last: 1000731400 ns, Reaching safepoint: 187000 ns, At safepoint: 9300 ns, Total: 196300 ns
[2020-09-28T10:58:02.719+0000][30964][safepoint    ] Safepoint "Cleanup", Time since last: 1000202000 ns, Reaching safepoint: 370500 ns, At safepoint: 58900 ns, Total: 429400 ns
[2020-09-28T10:58:04.719+0000][30964][safepoint    ] Safepoint "Cleanup", Time since last: 1999792400 ns, Reaching safepoint: 150400 ns, At safepoint: 6100 ns, Total: 156500 ns
[2020-09-28T10:58:06.720+0000][30964][safepoint    ] Safepoint "Cleanup", Time since last: 2000855800 ns, Reaching safepoint: 124100 ns, At safepoint: 5700 ns, Total: 129800 ns
[2020-09-28T10:58:07.721+0000][30964][safepoint    ] Safepoint "Cleanup", Time since last: 1000479300 ns, Reaching safepoint: 118900 ns, At safepoint: 20900 ns, Total: 139800 ns
[2020-09-28T10:58:08.721+0000][30964][safepoint    ] Safepoint "Cleanup", Time since last: 1000457800 ns, Reaching safepoint: 170100 ns, At safepoint: 5600 ns, Total: 175700 ns
[2020-09-28T10:58:09.722+0000][30964][safepoint    ] Safepoint "Cleanup", Time since last: 1000763700 ns, Reaching safepoint: 112300 ns, At safepoint: 6300 ns, Total: 118600 ns
[2020-09-28T10:58:10.723+0000][30964][safepoint    ] Safepoint "Cleanup", Time since last: 1000793600 ns, Reaching safepoint: 97400 ns, At safepoint: 4800 ns, Total: 102200 ns
[2020-09-28T10:58:12.718+0000][30964][safepoint    ] Safepoint "Cleanup", Time since last: 1994859200 ns, Reaching safepoint: 144500 ns, At safepoint: 5900 ns, Total: 150400 ns
[2020-09-28T10:58:13.719+0000][30964][safepoint    ] Safepoint "Cleanup", Time since last: 1000325700 ns, Reaching safepoint: 143400 ns, At safepoint: 8900 ns, Total: 152300 ns
[2020-09-28T10:58:15.719+0000][30964][safepoint    ] Safepoint "Cleanup", Time since last: 2000382600 ns, Reaching safepoint: 143200 ns, At safepoint: 6000 ns, Total: 149200 ns
[2020-09-28T10:58:16.720+0000][30964][safepoint    ] Safepoint "Cleanup", Time since last: 1000676900 ns, Reaching safepoint: 107900 ns, At safepoint: 3400 ns, Total: 111300 ns
[2020-09-28T10:58:17.721+0000][30964][safepoint    ] Safepoint "Cleanup", Time since last: 1000744500 ns, Reaching safepoint: 111200 ns, At safepoint: 6900 ns, Total: 118100 ns
[2020-09-28T10:58:18.722+0000][30964][safepoint    ] Safepoint "Cleanup", Time since last: 1000721900 ns, Reaching safepoint: 141100 ns, At safepoint: 6600 ns, Total: 147700 ns
[2020-09-28T10:58:19.722+0000][30964][safepoint    ] Safepoint "Cleanup", Time since last: 1000007100 ns, Reaching safepoint: 115200 ns, At safepoint: 8300 ns, Total: 123500 ns
[2020-09-28T10:58:20.723+0000][30964][safepoint    ] Safepoint "Cleanup", Time since last: 1000773300 ns, Reaching safepoint: 186200 ns, At safepoint: 5700 ns, Total: 191900 ns
[2020-09-28T10:58:21.723+0000][30964][safepoint    ] Safepoint "Cleanup", Time since last: 1000201500 ns, Reaching safepoint: 110200 ns, At safepoint: 2100 ns, Total: 112300 ns
[2020-09-28T10:58:22.723+0000][30964][safepoint    ] Safepoint "Cleanup", Time since last: 1000009200 ns, Reaching safepoint: 130900 ns, At safepoint: 5700 ns, Total: 136600 ns
[2020-09-28T10:58:23.724+0000][30964][safepoint    ] Safepoint "Cleanup", Time since last: 1000724400 ns, Reaching safepoint: 119700 ns, At safepoint: 11600 ns, Total: 131300 ns
[2020-09-28T10:58:24.725+0000][30964][safepoint    ] Safepoint "Cleanup", Time since last: 1000278300 ns, Reaching safepoint: 117200 ns, At safepoint: 6100 ns, Total: 123300 ns
[2020-09-28T10:58:25.725+0000][30964][safepoint    ] Safepoint "Cleanup", Time since last: 1000252700 ns, Reaching safepoint: 149300 ns, At safepoint: 6000 ns, Total: 155300 ns
[2020-09-28T10:58:26.725+0000][30964][safepoint    ] Safepoint "Cleanup", Time since last: 1000107000 ns, Reaching safepoint: 114700 ns, At safepoint: 8100 ns, Total: 122800 ns
[2020-09-28T10:58:27.725+0000][30964][safepoint    ] Safepoint "Cleanup", Time since last: 1000010800 ns, Reaching safepoint: 106000 ns, At safepoint: 7200 ns, Total: 113200 ns
[2020-09-28T10:58:28.726+0000][30964][safepoint    ] Safepoint "Cleanup", Time since last: 1000396100 ns, Reaching safepoint: 120000 ns, At safepoint: 5500 ns, Total: 125500 ns
[2020-09-28T10:58:29.726+0000][30964][safepoint    ] Safepoint "Cleanup", Time since last: 1000084700 ns, Reaching safepoint: 136500 ns, At safepoint: 5500 ns, Total: 142000 ns
[2020-09-28T10:58:30.727+0000][30964][safepoint    ] Safepoint "Cleanup", Time since last: 1000469100 ns, Reaching safepoint: 132000 ns, At safepoint: 6400 ns, Total: 138400 ns
[2020-09-28T10:58:32.727+0000][30964][safepoint    ] Safepoint "Cleanup", Time since last: 2000276100 ns, Reaching safepoint: 123300 ns, At safepoint: 5500 ns, Total: 128800 ns
[2020-09-28T10:58:33.728+0000][30964][safepoint    ] Safepoint "Cleanup", Time since last: 1000368100 ns, Reaching safepoint: 124100 ns, At safepoint: 5400 ns, Total: 129500 ns
[2020-09-28T10:58:34.728+0000][30964][safepoint    ] Safepoint "Cleanup", Time since last: 1000464300 ns, Reaching safepoint: 135300 ns, At safepoint: 5700 ns, Total: 141000 ns
[2020-09-28T10:58:35.729+0000][30964][safepoint    ] Safepoint "Cleanup", Time since last: 1000419900 ns, Reaching safepoint: 170700 ns, At safepoint: 19200 ns, Total: 189900 ns
[2020-09-28T10:58:36.729+0000][30964][safepoint    ] Safepoint "Cleanup", Time since last: 1000111900 ns, Reaching safepoint: 128300 ns, At safepoint: 7000 ns, Total: 135300 ns
[2020-09-28T10:58:37.729+0000][30964][safepoint    ] Safepoint "Cleanup", Time since last: 1000071500 ns, Reaching safepoint: 123100 ns, At safepoint: 6600 ns, Total: 129700 ns
[2020-09-28T10:58:39.730+0000][30964][safepoint    ] Safepoint "Cleanup", Time since last: 2000392100 ns, Reaching safepoint: 134500 ns, At safepoint: 9800 ns, Total: 144300 ns
[2020-09-28T10:58:41.710+0000][30964][safepoint    ] Safepoint "Cleanup", Time since last: 1980444900 ns, Reaching safepoint: 159700 ns, At safepoint: 34100 ns, Total: 193800 ns
[2020-09-28T10:58:42.712+0000][30964][safepoint    ] Safepoint "Cleanup", Time since last: 1001020500 ns, Reaching safepoint: 172100 ns, At safepoint: 9300 ns, Total: 181400 ns
[2020-09-28T10:58:43.712+0000][30964][safepoint    ] Safepoint "Cleanup", Time since last: 1000734900 ns, Reaching safepoint: 145800 ns, At safepoint: 9700 ns, Total: 155500 ns
[2020-09-28T10:58:44.713+0000][30964][safepoint    ] Safepoint "Cleanup", Time since last: 1000006900 ns, Reaching safepoint: 214200 ns, At safepoint: 11700 ns, Total: 225900 ns
[2020-09-28T10:58:45.714+0000][30964][safepoint    ] Safepoint "Cleanup", Time since last: 1000699800 ns, Reaching safepoint: 232200 ns, At safepoint: 12200 ns, Total: 244400 ns
[2020-09-28T10:58:47.714+0000][30964][safepoint    ] Safepoint "Cleanup", Time since last: 1999996000 ns, Reaching safepoint: 220200 ns, At safepoint: 7400 ns, Total: 227600 ns
[2020-09-28T10:58:48.714+0000][30964][safepoint    ] Safepoint "Cleanup", Time since last: 1000311300 ns, Reaching safepoint: 201500 ns, At safepoint: 4000 ns, Total: 205500 ns
[2020-09-28T10:58:49.715+0000][30964][safepoint    ] Safepoint "Cleanup", Time since last: 1000641500 ns, Reaching safepoint: 173400 ns, At safepoint: 11600 ns, Total: 185000 ns
[2020-09-28T10:58:50.716+0000][30964][safepoint    ] Safepoint "Cleanup", Time since last: 1000321700 ns, Reaching safepoint: 161400 ns, At safepoint: 7400 ns, Total: 168800 ns
[2020-09-28T10:58:51.716+0000][30964][safepoint    ] Safepoint "Cleanup", Time since last: 1000560700 ns, Reaching safepoint: 143800 ns, At safepoint: 9600 ns, Total: 153400 ns
[2020-09-28T10:58:52.717+0000][30964][safepoint    ] Safepoint "Cleanup", Time since last: 1000486700 ns, Reaching safepoint: 134000 ns, At safepoint: 8300 ns, Total: 142300 ns
[2020-09-28T10:58:53.718+0000][30964][safepoint    ] Safepoint "Cleanup", Time since last: 1000616300 ns, Reaching safepoint: 119500 ns, At safepoint: 7000 ns, Total: 126500 ns
[2020-09-28T10:58:54.718+0000][30964][safepoint    ] Safepoint "Cleanup", Time since last: 1000343700 ns, Reaching safepoint: 127100 ns, At safepoint: 24400 ns, Total: 151500 ns
[2020-09-28T10:58:56.719+0000][30964][safepoint    ] Safepoint "Cleanup", Time since last: 2000486200 ns, Reaching safepoint: 97500 ns, At safepoint: 6000 ns, Total: 103500 ns
[2020-09-28T10:58:57.720+0000][30964][safepoint    ] Safepoint "Cleanup", Time since last: 1000581200 ns, Reaching safepoint: 131100 ns, At safepoint: 8000 ns, Total: 139100 ns
[2020-09-28T10:58:58.720+0000][30964][safepoint    ] Safepoint "Cleanup", Time since last: 1000353400 ns, Reaching safepoint: 134600 ns, At safepoint: 6000 ns, Total: 140600 ns
[2020-09-28T10:59:00.721+0000][30964][safepoint    ] Safepoint "Cleanup", Time since last: 2000821800 ns, Reaching safepoint: 185500 ns, At safepoint: 5900 ns, Total: 191400 ns
[2020-09-28T10:59:01.722+0000][30964][safepoint    ] Safepoint "Cleanup", Time since last: 1000735900 ns, Reaching safepoint: 150600 ns, At safepoint: 6000 ns, Total: 156600 ns
[2020-09-28T10:59:02.722+0000][30964][safepoint    ] Safepoint "Cleanup", Time since last: 1000293800 ns, Reaching safepoint: 108500 ns, At safepoint: 6600 ns, Total: 115100 ns
[2020-09-28T10:59:04.723+0000][30964][safepoint    ] Safepoint "Cleanup", Time since last: 2000039400 ns, Reaching safepoint: 123500 ns, At safepoint: 6200 ns, Total: 129700 ns
[2020-09-28T10:59:05.723+0000][30964][safepoint    ] Safepoint "Cleanup", Time since last: 1000046300 ns, Reaching safepoint: 128900 ns, At safepoint: 5500 ns, Total: 134400 ns
[2020-09-28T10:59:06.723+0000][30964][safepoint    ] Safepoint "Cleanup", Time since last: 1000587800 ns, Reaching safepoint: 120600 ns, At safepoint: 6400 ns, Total: 127000 ns
[2020-09-28T10:59:07.724+0000][30964][safepoint    ] Safepoint "Cleanup", Time since last: 1000816900 ns, Reaching safepoint: 140800 ns, At safepoint: 5800 ns, Total: 146600 ns
[2020-09-28T10:59:08.725+0000][30964][safepoint    ] Safepoint "Cleanup", Time since last: 1000726600 ns, Reaching safepoint: 136900 ns, At safepoint: 6400 ns, Total: 143300 ns
[2020-09-28T10:59:09.726+0000][30964][safepoint    ] Safepoint "Cleanup", Time since last: 1000592700 ns, Reaching safepoint: 164000 ns, At safepoint: 6100 ns, Total: 170100 ns
[2020-09-28T10:59:10.726+0000][30964][safepoint    ] Safepoint "Cleanup", Time since last: 1000226700 ns, Reaching safepoint: 245900 ns, At safepoint: 7300 ns, Total: 253200 ns
[2020-09-28T10:59:12.725+0000][30964][safepoint    ] Safepoint "Cleanup", Time since last: 1997972000 ns, Reaching safepoint: 140900 ns, At safepoint: 9700 ns, Total: 150600 ns
[2020-09-28T10:59:13.725+0000][30964][safepoint    ] Safepoint "Cleanup", Time since last: 1000139800 ns, Reaching safepoint: 121100 ns, At safepoint: 5200 ns, Total: 126300 ns
[2020-09-28T10:59:14.726+0000][30964][safepoint    ] Safepoint "Cleanup", Time since last: 1000649400 ns, Reaching safepoint: 171800 ns, At safepoint: 6400 ns, Total: 178200 ns
[2020-09-28T10:59:15.726+0000][30964][safepoint    ] Safepoint "Cleanup", Time since last: 1000109200 ns, Reaching safepoint: 256300 ns, At safepoint: 7000 ns, Total: 263300 ns
[2020-09-28T10:59:17.726+0000][30964][safepoint    ] Safepoint "Cleanup", Time since last: 2000276000 ns, Reaching safepoint: 723600 ns, At safepoint: 18700 ns, Total: 742300 ns
[2020-09-28T10:59:18.727+0000][30964][safepoint    ] Safepoint "Cleanup", Time since last: 1000229000 ns, Reaching safepoint: 417600 ns, At safepoint: 8200 ns, Total: 425800 ns
[2020-09-28T10:59:19.728+0000][30964][safepoint    ] Safepoint "Cleanup", Time since last: 1000392500 ns, Reaching safepoint: 133400 ns, At safepoint: 6300 ns, Total: 139700 ns
[2020-09-28T10:59:20.729+0000][30964][safepoint    ] Safepoint "Cleanup", Time since last: 1000404500 ns, Reaching safepoint: 119300 ns, At safepoint: 8700 ns, Total: 128000 ns
[2020-09-28T10:59:21.730+0000][30964][safepoint    ] Safepoint "Cleanup", Time since last: 1000803600 ns, Reaching safepoint: 129400 ns, At safepoint: 5800 ns, Total: 135200 ns
[2020-09-28T10:59:22.730+0000][30964][safepoint    ] Safepoint "Cleanup", Time since last: 1000436800 ns, Reaching safepoint: 105300 ns, At safepoint: 5400 ns, Total: 110700 ns
[2020-09-28T10:59:23.731+0000][30964][safepoint    ] Safepoint "Cleanup", Time since last: 1000334600 ns, Reaching safepoint: 144600 ns, At safepoint: 6700 ns, Total: 151300 ns
[2020-09-28T10:59:24.731+0000][30964][safepoint    ] Safepoint "Cleanup", Time since last: 1000131300 ns, Reaching safepoint: 119600 ns, At safepoint: 4800 ns, Total: 124400 ns
[2020-09-28T10:59:25.732+0000][30964][safepoint    ] Safepoint "Cleanup", Time since last: 1000400900 ns, Reaching safepoint: 136900 ns, At safepoint: 7500 ns, Total: 144400 ns
[2020-09-28T10:59:27.732+0000][30964][safepoint    ] Safepoint "Cleanup", Time since last: 2000035500 ns, Reaching safepoint: 131100 ns, At safepoint: 5900 ns, Total: 137000 ns
[2020-09-28T10:59:28.732+0000][30964][safepoint    ] Safepoint "Cleanup", Time since last: 1000215000 ns, Reaching safepoint: 105900 ns, At safepoint: 7600 ns, Total: 113500 ns
[2020-09-28T10:59:29.733+0000][30964][safepoint    ] Safepoint "Cleanup", Time since last: 1000881600 ns, Reaching safepoint: 107400 ns, At safepoint: 7100 ns, Total: 114500 ns
[2020-09-28T10:59:30.734+0000][30964][safepoint    ] Safepoint "Cleanup", Time since last: 1000396000 ns, Reaching safepoint: 152300 ns, At safepoint: 6100 ns, Total: 158400 ns
[2020-09-28T10:59:31.734+0000][30964][safepoint    ] Safepoint "Cleanup", Time since last: 1000524900 ns, Reaching safepoint: 142000 ns, At safepoint: 5600 ns, Total: 147600 ns
[2020-09-28T10:59:33.735+0000][30964][safepoint    ] Safepoint "Cleanup", Time since last: 2000470400 ns, Reaching safepoint: 154000 ns, At safepoint: 6000 ns, Total: 160000 ns
[2020-09-28T10:59:34.735+0000][30964][safepoint    ] Safepoint "Cleanup", Time since last: 1000065800 ns, Reaching safepoint: 97900 ns, At safepoint: 6200 ns, Total: 104100 ns
[2020-09-28T10:59:35.736+0000][30964][safepoint    ] Safepoint "Cleanup", Time since last: 1000760700 ns, Reaching safepoint: 113000 ns, At safepoint: 7000 ns, Total: 120000 ns
[2020-09-28T10:59:36.736+0000][30964][safepoint    ] Safepoint "Cleanup", Time since last: 1000018700 ns, Reaching safepoint: 137100 ns, At safepoint: 8800 ns, Total: 145900 ns
[2020-09-28T10:59:37.737+0000][30964][safepoint    ] Safepoint "Cleanup", Time since last: 1000673900 ns, Reaching safepoint: 131700 ns, At safepoint: 6200 ns, Total: 137900 ns
[2020-09-28T10:59:38.737+0000][30964][safepoint    ] Safepoint "Cleanup", Time since last: 1000088100 ns, Reaching safepoint: 126200 ns, At safepoint: 6200 ns, Total: 132400 ns
[2020-09-28T10:59:39.738+0000][30964][safepoint    ] Safepoint "Cleanup", Time since last: 1000632700 ns, Reaching safepoint: 109000 ns, At safepoint: 8100 ns, Total: 117100 ns
[2020-09-28T10:59:40.738+0000][30964][safepoint    ] Safepoint "Cleanup", Time since last: 1000157800 ns, Reaching safepoint: 137100 ns, At safepoint: 8400 ns, Total: 145500 ns
[2020-09-28T10:59:41.738+0000][30964][safepoint    ] Safepoint "Cleanup", Time since last: 1000011400 ns, Reaching safepoint: 161700 ns, At safepoint: 7700 ns, Total: 169400 ns
[2020-09-28T10:59:43.739+0000][30964][safepoint    ] Safepoint "Cleanup", Time since last: 2000027600 ns, Reaching safepoint: 162200 ns, At safepoint: 8200 ns, Total: 170400 ns
[2020-09-28T10:59:44.739+0000][30964][safepoint    ] Safepoint "Cleanup", Time since last: 1000536700 ns, Reaching safepoint: 140000 ns, At safepoint: 9000 ns, Total: 149000 ns
[2020-09-28T10:59:45.740+0000][30964][safepoint    ] Safepoint "Cleanup", Time since last: 1000321000 ns, Reaching safepoint: 113200 ns, At safepoint: 8200 ns, Total: 121400 ns
[2020-09-28T10:59:46.740+0000][30964][safepoint    ] Safepoint "Cleanup", Time since last: 1000009400 ns, Reaching safepoint: 147900 ns, At safepoint: 6700 ns, Total: 154600 ns
[2020-09-28T10:59:48.740+0000][30964][safepoint    ] Safepoint "Cleanup", Time since last: 2000134700 ns, Reaching safepoint: 103200 ns, At safepoint: 7300 ns, Total: 110500 ns
[2020-09-28T10:59:49.741+0000][30964][safepoint    ] Safepoint "Cleanup", Time since last: 1000758900 ns, Reaching safepoint: 135900 ns, At safepoint: 5900 ns, Total: 141800 ns
[2020-09-28T10:59:50.742+0000][30964][safepoint    ] Safepoint "Cleanup", Time since last: 1000390300 ns, Reaching safepoint: 123300 ns, At safepoint: 5900 ns, Total: 129200 ns
[2020-09-28T10:59:51.742+0000][30964][safepoint    ] Safepoint "Cleanup", Time since last: 1000303800 ns, Reaching safepoint: 105800 ns, At safepoint: 3200 ns, Total: 109000 ns
[2020-09-28T10:59:52.743+0000][30964][safepoint    ] Safepoint "Cleanup", Time since last: 1000204600 ns, Reaching safepoint: 151900 ns, At safepoint: 6400 ns, Total: 158300 ns
[2020-09-28T10:59:53.743+0000][30964][safepoint    ] Safepoint "Cleanup", Time since last: 1000766100 ns, Reaching safepoint: 109800 ns, At safepoint: 21800 ns, Total: 131600 ns
[2020-09-28T10:59:55.744+0000][30964][safepoint    ] Safepoint "Cleanup", Time since last: 2000623100 ns, Reaching safepoint: 113400 ns, At safepoint: 6400 ns, Total: 119800 ns
[2020-09-28T10:59:56.745+0000][30964][safepoint    ] Safepoint "Cleanup", Time since last: 1000446100 ns, Reaching safepoint: 155200 ns, At safepoint: 5900 ns, Total: 161100 ns
[2020-09-28T10:59:57.745+0000][30964][safepoint    ] Safepoint "Cleanup", Time since last: 1000153000 ns, Reaching safepoint: 172800 ns, At safepoint: 5800 ns, Total: 178600 ns
[2020-09-28T10:59:58.745+0000][30964][safepoint    ] Safepoint "Cleanup", Time since last: 1000030000 ns, Reaching safepoint: 113600 ns, At safepoint: 5400 ns, Total: 119000 ns
[2020-09-28T10:59:59.746+0000][30964][safepoint    ] Safepoint "Cleanup", Time since last: 1000199500 ns, Reaching safepoint: 142000 ns, At safepoint: 5300 ns, Total: 147300 ns
[2020-09-28T11:00:00.746+0000][30964][safepoint    ] Safepoint "Cleanup", Time since last: 1000150600 ns, Reaching safepoint: 228100 ns, At safepoint: 8100 ns, Total: 236200 ns
[2020-09-28T11:00:01.747+0000][30964][safepoint    ] Safepoint "Cleanup", Time since last: 1000348500 ns, Reaching safepoint: 135300 ns, At safepoint: 5700 ns, Total: 141000 ns
[2020-09-28T11:00:02.747+0000][30964][safepoint    ] Safepoint "Cleanup", Time since last: 1000061300 ns, Reaching safepoint: 106700 ns, At safepoint: 5500 ns, Total: 112200 ns
[2020-09-28T11:00:03.747+0000][30964][safepoint    ] Safepoint "Cleanup", Time since last: 1000616500 ns, Reaching safepoint: 149600 ns, At safepoint: 6500 ns, Total: 156100 ns
[2020-09-28T11:00:04.748+0000][30964][safepoint    ] Safepoint "Cleanup", Time since last: 1000436300 ns, Reaching safepoint: 146900 ns, At safepoint: 8600 ns, Total: 155500 ns
[2020-09-28T11:00:05.749+0000][30964][safepoint    ] Safepoint "Cleanup", Time since last: 1000358400 ns, Reaching safepoint: 110700 ns, At safepoint: 3300 ns, Total: 114000 ns
[2020-09-28T11:00:06.749+0000][30964][safepoint    ] Safepoint "Cleanup", Time since last: 1000332500 ns, Reaching safepoint: 124900 ns, At safepoint: 6100 ns, Total: 131000 ns
[2020-09-28T11:00:07.750+0000][30964][safepoint    ] Safepoint "Cleanup", Time since last: 1000620000 ns, Reaching safepoint: 111000 ns, At safepoint: 6200 ns, Total: 117200 ns
[2020-09-28T11:00:08.750+0000][30964][safepoint    ] Safepoint "Cleanup", Time since last: 1000059900 ns, Reaching safepoint: 169200 ns, At safepoint: 5100 ns, Total: 174300 ns
[2020-09-28T11:00:09.751+0000][30964][safepoint    ] Safepoint "Cleanup", Time since last: 1000331000 ns, Reaching safepoint: 148400 ns, At safepoint: 7600 ns, Total: 156000 ns
[2020-09-28T11:00:10.751+0000][30964][safepoint    ] Safepoint "Cleanup", Time since last: 1000415500 ns, Reaching safepoint: 159600 ns, At safepoint: 6300 ns, Total: 165900 ns
[2020-09-28T11:00:12.752+0000][30964][safepoint    ] Safepoint "Cleanup", Time since last: 2000496100 ns, Reaching safepoint: 172000 ns, At safepoint: 9300 ns, Total: 181300 ns
[2020-09-28T11:00:13.752+0000][30964][safepoint    ] Safepoint "Cleanup", Time since last: 1000209100 ns, Reaching safepoint: 163500 ns, At safepoint: 8300 ns, Total: 171800 ns
[2020-09-28T11:00:14.753+0000][30964][safepoint    ] Safepoint "Cleanup", Time since last: 1000569500 ns, Reaching safepoint: 193000 ns, At safepoint: 58400 ns, Total: 251400 ns
[2020-09-28T11:00:15.754+0000][30964][safepoint    ] Safepoint "Cleanup", Time since last: 1000544200 ns, Reaching safepoint: 125900 ns, At safepoint: 2800 ns, Total: 128700 ns
[2020-09-28T11:00:16.754+0000][30964][safepoint    ] Safepoint "Cleanup", Time since last: 1000370800 ns, Reaching safepoint: 82100 ns, At safepoint: 8500 ns, Total: 90600 ns
[2020-09-28T11:00:17.755+0000][30964][safepoint    ] Safepoint "Cleanup", Time since last: 1000548400 ns, Reaching safepoint: 153600 ns, At safepoint: 5400 ns, Total: 159000 ns
[2020-09-28T11:00:19.755+0000][30964][safepoint    ] Safepoint "Cleanup", Time since last: 2000177200 ns, Reaching safepoint: 126400 ns, At safepoint: 6900 ns, Total: 133300 ns
[2020-09-28T11:00:20.756+0000][30964][safepoint    ] Safepoint "Cleanup", Time since last: 1000239100 ns, Reaching safepoint: 119200 ns, At safepoint: 7100 ns, Total: 126300 ns
[2020-09-28T11:00:21.756+0000][30964][safepoint    ] Safepoint "Cleanup", Time since last: 1000212100 ns, Reaching safepoint: 139300 ns, At safepoint: 9700 ns, Total: 149000 ns
[2020-09-28T11:00:23.757+0000][30964][safepoint    ] Safepoint "Cleanup", Time since last: 2000625600 ns, Reaching safepoint: 143100 ns, At safepoint: 6400 ns, Total: 149500 ns
[2020-09-28T11:00:24.757+0000][30964][safepoint    ] Safepoint "Cleanup", Time since last: 1000335400 ns, Reaching safepoint: 138400 ns, At safepoint: 4300 ns, Total: 142700 ns
[2020-09-28T11:00:25.758+0000][30964][safepoint    ] Safepoint "Cleanup", Time since last: 1000558000 ns, Reaching safepoint: 135000 ns, At safepoint: 8500 ns, Total: 143500 ns
[2020-09-28T11:00:26.759+0000][30964][safepoint    ] Safepoint "Cleanup", Time since last: 1000703600 ns, Reaching safepoint: 158300 ns, At safepoint: 7500 ns, Total: 165800 ns
[2020-09-28T11:00:28.760+0000][30964][safepoint    ] Safepoint "Cleanup", Time since last: 2000934200 ns, Reaching safepoint: 144500 ns, At safepoint: 6000 ns, Total: 150500 ns
[2020-09-28T11:00:30.761+0000][30964][safepoint    ] Safepoint "Cleanup", Time since last: 2000607900 ns, Reaching safepoint: 132500 ns, At safepoint: 5700 ns, Total: 138200 ns
[2020-09-28T11:00:31.761+0000][30964][safepoint    ] Safepoint "Cleanup", Time since last: 1000346500 ns, Reaching safepoint: 117100 ns, At safepoint: 7800 ns, Total: 124900 ns
[2020-09-28T11:00:32.761+0000][30964][safepoint    ] Safepoint "Cleanup", Time since last: 1000039100 ns, Reaching safepoint: 120700 ns, At safepoint: 6000 ns, Total: 126700 ns
[2020-09-28T11:00:33.762+0000][30964][safepoint    ] Safepoint "Cleanup", Time since last: 1000433800 ns, Reaching safepoint: 116700 ns, At safepoint: 6300 ns, Total: 123000 ns
[2020-09-28T11:00:34.763+0000][30964][safepoint    ] Safepoint "Cleanup", Time since last: 1000731500 ns, Reaching safepoint: 133800 ns, At safepoint: 6000 ns, Total: 139800 ns
[2020-09-28T11:00:35.763+0000][30964][safepoint    ] Safepoint "Cleanup", Time since last: 1000255200 ns, Reaching safepoint: 101500 ns, At safepoint: 2400 ns, Total: 103900 ns
[2020-09-28T11:00:36.764+0000][30964][safepoint    ] Safepoint "Cleanup", Time since last: 1000653200 ns, Reaching safepoint: 122300 ns, At safepoint: 6300 ns, Total: 128600 ns
[2020-09-28T11:00:37.765+0000][30964][safepoint    ] Safepoint "Cleanup", Time since last: 1000600000 ns, Reaching safepoint: 155000 ns, At safepoint: 26100 ns, Total: 181100 ns
[2020-09-28T11:00:39.765+0000][30964][safepoint    ] Safepoint "Cleanup", Time since last: 2000000600 ns, Reaching safepoint: 148300 ns, At safepoint: 20500 ns, Total: 168800 ns
[2020-09-28T11:00:40.765+0000][30964][safepoint    ] Safepoint "Cleanup", Time since last: 1000252100 ns, Reaching safepoint: 135500 ns, At safepoint: 5400 ns, Total: 140900 ns
[2020-09-28T11:00:41.766+0000][30964][safepoint    ] Safepoint "Cleanup", Time since last: 1000274600 ns, Reaching safepoint: 185900 ns, At safepoint: 9700 ns, Total: 195600 ns
[2020-09-28T11:00:42.766+0000][30964][safepoint    ] Safepoint "Cleanup", Time since last: 1000143800 ns, Reaching safepoint: 157800 ns, At safepoint: 22000 ns, Total: 179800 ns
[2020-09-28T11:00:43.767+0000][30964][safepoint    ] Safepoint "Cleanup", Time since last: 1000429600 ns, Reaching safepoint: 135900 ns, At safepoint: 10500 ns, Total: 146400 ns
[2020-09-28T11:00:45.768+0000][30964][safepoint    ] Safepoint "Cleanup", Time since last: 2000597800 ns, Reaching safepoint: 144000 ns, At safepoint: 7500 ns, Total: 151500 ns
[2020-09-28T11:00:46.768+0000][30964][safepoint    ] Safepoint "Cleanup", Time since last: 1000256600 ns, Reaching safepoint: 114100 ns, At safepoint: 5500 ns, Total: 119600 ns
[2020-09-28T11:00:47.768+0000][30964][safepoint    ] Safepoint "Cleanup", Time since last: 1000091300 ns, Reaching safepoint: 116800 ns, At safepoint: 11200 ns, Total: 128000 ns
[2020-09-28T11:00:49.769+0000][30964][safepoint    ] Safepoint "Cleanup", Time since last: 2000462900 ns, Reaching safepoint: 139000 ns, At safepoint: 6400 ns, Total: 145400 ns
[2020-09-28T11:00:50.769+0000][30964][safepoint    ] Safepoint "Cleanup", Time since last: 1000551900 ns, Reaching safepoint: 109700 ns, At safepoint: 5200 ns, Total: 114900 ns
[2020-09-28T11:00:51.770+0000][30964][safepoint    ] Safepoint "Cleanup", Time since last: 1000463500 ns, Reaching safepoint: 150000 ns, At safepoint: 5700 ns, Total: 155700 ns
[2020-09-28T11:00:52.770+0000][30964][safepoint    ] Safepoint "Cleanup", Time since last: 1000216800 ns, Reaching safepoint: 100200 ns, At safepoint: 11000 ns, Total: 111200 ns
[2020-09-28T11:00:53.771+0000][30964][safepoint    ] Safepoint "Cleanup", Time since last: 1000266400 ns, Reaching safepoint: 93600 ns, At safepoint: 2800 ns, Total: 96400 ns
[2020-09-28T11:00:54.771+0000][30964][safepoint    ] Safepoint "Cleanup", Time since last: 1000478400 ns, Reaching safepoint: 140500 ns, At safepoint: 5100 ns, Total: 145600 ns
[2020-09-28T11:00:55.772+0000][30964][safepoint    ] Safepoint "Cleanup", Time since last: 1000459300 ns, Reaching safepoint: 141500 ns, At safepoint: 21400 ns, Total: 162900 ns
[2020-09-28T11:00:57.773+0000][30964][safepoint    ] Safepoint "Cleanup", Time since last: 2000976300 ns, Reaching safepoint: 121800 ns, At safepoint: 6200 ns, Total: 128000 ns
[2020-09-28T11:00:58.774+0000][30964][safepoint    ] Safepoint "Cleanup", Time since last: 1000740800 ns, Reaching safepoint: 132100 ns, At safepoint: 19900 ns, Total: 152000 ns
[2020-09-28T11:00:59.775+0000][30964][safepoint    ] Safepoint "Cleanup", Time since last: 1000709400 ns, Reaching safepoint: 144400 ns, At safepoint: 6300 ns, Total: 150700 ns
[2020-09-28T11:01:01.775+0000][30964][safepoint    ] Safepoint "Cleanup", Time since last: 1999927500 ns, Reaching safepoint: 138200 ns, At safepoint: 6100 ns, Total: 144300 ns
[2020-09-28T11:01:03.776+0000][30964][safepoint    ] Safepoint "Cleanup", Time since last: 2000909100 ns, Reaching safepoint: 139800 ns, At safepoint: 5600 ns, Total: 145400 ns
[2020-09-28T11:01:04.776+0000][30964][safepoint    ] Safepoint "Cleanup", Time since last: 1000238700 ns, Reaching safepoint: 144700 ns, At safepoint: 5500 ns, Total: 150200 ns
[2020-09-28T11:01:05.777+0000][30964][safepoint    ] Safepoint "Cleanup", Time since last: 1000109900 ns, Reaching safepoint: 146800 ns, At safepoint: 5900 ns, Total: 152700 ns
[2020-09-28T11:01:06.777+0000][30964][safepoint    ] Safepoint "Cleanup", Time since last: 1000247400 ns, Reaching safepoint: 125400 ns, At safepoint: 8100 ns, Total: 133500 ns
[2020-09-28T11:01:07.778+0000][30964][safepoint    ] Safepoint "Cleanup", Time since last: 1000551800 ns, Reaching safepoint: 143200 ns, At safepoint: 6800 ns, Total: 150000 ns
[2020-09-28T11:01:08.778+0000][30964][safepoint    ] Safepoint "Cleanup", Time since last: 1000335900 ns, Reaching safepoint: 168900 ns, At safepoint: 4800 ns, Total: 173700 ns
[2020-09-28T11:01:09.779+0000][30964][safepoint    ] Safepoint "Cleanup", Time since last: 1000431400 ns, Reaching safepoint: 149400 ns, At safepoint: 4300 ns, Total: 153700 ns
[2020-09-28T11:01:10.779+0000][30964][safepoint    ] Safepoint "Cleanup", Time since last: 1000335700 ns, Reaching safepoint: 119500 ns, At safepoint: 3900 ns, Total: 123400 ns
[2020-09-28T11:01:11.780+0000][30964][safepoint    ] Safepoint "Cleanup", Time since last: 1000143700 ns, Reaching safepoint: 82500 ns, At safepoint: 2200 ns, Total: 84700 ns
[2020-09-28T11:01:12.780+0000][30964][safepoint    ] Safepoint "Cleanup", Time since last: 1000382000 ns, Reaching safepoint: 111200 ns, At safepoint: 5500 ns, Total: 116700 ns
[2020-09-28T11:01:13.781+0000][30964][safepoint    ] Safepoint "Cleanup", Time since last: 1000506800 ns, Reaching safepoint: 173900 ns, At safepoint: 5200 ns, Total: 179100 ns
[2020-09-28T11:01:14.782+0000][30964][safepoint    ] Safepoint "Cleanup", Time since last: 1000539800 ns, Reaching safepoint: 145400 ns, At safepoint: 6100 ns, Total: 151500 ns
[2020-09-28T11:01:15.782+0000][30964][safepoint    ] Safepoint "Cleanup", Time since last: 1000064100 ns, Reaching safepoint: 93100 ns, At safepoint: 7000 ns, Total: 100100 ns
[2020-09-28T11:01:16.782+0000][30964][safepoint    ] Safepoint "Cleanup", Time since last: 1000033700 ns, Reaching safepoint: 150100 ns, At safepoint: 20400 ns, Total: 170500 ns
[2020-09-28T11:01:17.783+0000][30964][safepoint    ] Safepoint "Cleanup", Time since last: 1000434300 ns, Reaching safepoint: 128400 ns, At safepoint: 5700 ns, Total: 134100 ns
[2020-09-28T11:01:18.783+0000][30964][safepoint    ] Safepoint "Cleanup", Time since last: 1000084000 ns, Reaching safepoint: 114400 ns, At safepoint: 7800 ns, Total: 122200 ns
[2020-09-28T11:01:19.783+0000][30964][safepoint    ] Safepoint "Cleanup", Time since last: 1000102600 ns, Reaching safepoint: 126100 ns, At safepoint: 5700 ns, Total: 131800 ns
[2020-09-28T11:01:20.784+0000][30964][safepoint    ] Safepoint "Cleanup", Time since last: 1000820500 ns, Reaching safepoint: 130300 ns, At safepoint: 5700 ns, Total: 136000 ns
[2020-09-28T11:01:21.785+0000][30964][safepoint    ] Safepoint "Cleanup", Time since last: 1000437500 ns, Reaching safepoint: 112600 ns, At safepoint: 4400 ns, Total: 117000 ns
[2020-09-28T11:01:22.785+0000][30964][safepoint    ] Safepoint "Cleanup", Time since last: 1000405000 ns, Reaching safepoint: 174300 ns, At safepoint: 5800 ns, Total: 180100 ns
[2020-09-28T11:01:24.786+0000][30964][safepoint    ] Safepoint "Cleanup", Time since last: 2000855900 ns, Reaching safepoint: 94500 ns, At safepoint: 3400 ns, Total: 97900 ns
[2020-09-28T11:01:25.786+0000][30964][safepoint    ] Safepoint "Cleanup", Time since last: 1000142100 ns, Reaching safepoint: 108600 ns, At safepoint: 4300 ns, Total: 112900 ns
[2020-09-28T11:01:26.787+0000][30964][safepoint    ] Safepoint "Cleanup", Time since last: 1000211000 ns, Reaching safepoint: 132600 ns, At safepoint: 9100 ns, Total: 141700 ns
[2020-09-28T11:01:27.787+0000][30964][safepoint    ] Safepoint "Cleanup", Time since last: 1000470500 ns, Reaching safepoint: 206700 ns, At safepoint: 8900 ns, Total: 215600 ns
[2020-09-28T11:01:28.788+0000][30964][safepoint    ] Safepoint "Cleanup", Time since last: 1000564500 ns, Reaching safepoint: 114300 ns, At safepoint: 6200 ns, Total: 120500 ns
[2020-09-28T11:01:30.789+0000][30964][safepoint    ] Safepoint "Cleanup", Time since last: 2000689400 ns, Reaching safepoint: 131800 ns, At safepoint: 3300 ns, Total: 135100 ns
[2020-09-28T11:01:31.789+0000][30964][safepoint    ] Safepoint "Cleanup", Time since last: 1000013300 ns, Reaching safepoint: 152600 ns, At safepoint: 5400 ns, Total: 158000 ns
[2020-09-28T11:01:32.790+0000][30964][safepoint    ] Safepoint "Cleanup", Time since last: 1000428400 ns, Reaching safepoint: 148800 ns, At safepoint: 7800 ns, Total: 156600 ns
[2020-09-28T11:01:33.791+0000][30964][safepoint    ] Safepoint "Cleanup", Time since last: 1000679400 ns, Reaching safepoint: 113500 ns, At safepoint: 15000 ns, Total: 128500 ns
[2020-09-28T11:01:34.791+0000][30964][safepoint    ] Safepoint "Cleanup", Time since last: 1000295800 ns, Reaching safepoint: 110800 ns, At safepoint: 20300 ns, Total: 131100 ns
[2020-09-28T11:01:36.791+0000][30964][safepoint    ] Safepoint "Cleanup", Time since last: 2000166800 ns, Reaching safepoint: 175500 ns, At safepoint: 8500 ns, Total: 184000 ns
[2020-09-28T11:01:37.792+0000][30964][safepoint    ] Safepoint "Cleanup", Time since last: 1000147100 ns, Reaching safepoint: 198800 ns, At safepoint: 8600 ns, Total: 207400 ns
[2020-09-28T11:01:39.792+0000][30964][safepoint    ] Safepoint "Cleanup", Time since last: 2000194400 ns, Reaching safepoint: 176200 ns, At safepoint: 6100 ns, Total: 182300 ns
[2020-09-28T11:01:40.793+0000][30964][safepoint    ] Safepoint "Cleanup", Time since last: 1000491600 ns, Reaching safepoint: 461500 ns, At safepoint: 43900 ns, Total: 505400 ns
[2020-09-28T11:01:41.794+0000][30964][safepoint    ] Safepoint "Cleanup", Time since last: 1000412300 ns, Reaching safepoint: 144600 ns, At safepoint: 6300 ns, Total: 150900 ns
[2020-09-28T11:01:42.795+0000][30964][safepoint    ] Safepoint "Cleanup", Time since last: 1000800300 ns, Reaching safepoint: 149600 ns, At safepoint: 6700 ns, Total: 156300 ns
[2020-09-28T11:01:43.796+0000][30964][safepoint    ] Safepoint "Cleanup", Time since last: 1000791700 ns, Reaching safepoint: 131800 ns, At safepoint: 5300 ns, Total: 137100 ns
[2020-09-28T11:01:44.796+0000][30964][safepoint    ] Safepoint "Cleanup", Time since last: 1000779900 ns, Reaching safepoint: 111600 ns, At safepoint: 6600 ns, Total: 118200 ns
[2020-09-28T11:01:45.797+0000][30964][safepoint    ] Safepoint "Cleanup", Time since last: 1000766600 ns, Reaching safepoint: 113600 ns, At safepoint: 5900 ns, Total: 119500 ns
[2020-09-28T11:01:46.798+0000][30964][safepoint    ] Safepoint "Cleanup", Time since last: 1000347700 ns, Reaching safepoint: 134000 ns, At safepoint: 5000 ns, Total: 139000 ns
[2020-09-28T11:01:47.798+0000][30964][safepoint    ] Safepoint "Cleanup", Time since last: 1000411400 ns, Reaching safepoint: 159600 ns, At safepoint: 40900 ns, Total: 200500 ns
[2020-09-28T11:01:48.804+0000][30964][safepoint    ] Safepoint "Cleanup", Time since last: 1005879900 ns, Reaching safepoint: 99500 ns, At safepoint: 4300 ns, Total: 103800 ns
[2020-09-28T11:01:49.805+0000][30964][safepoint    ] Safepoint "Cleanup", Time since last: 1000108900 ns, Reaching safepoint: 135800 ns, At safepoint: 6700 ns, Total: 142500 ns
[2020-09-28T11:01:50.805+0000][30964][safepoint    ] Safepoint "Cleanup", Time since last: 1000399800 ns, Reaching safepoint: 130300 ns, At safepoint: 6500 ns, Total: 136800 ns
[2020-09-28T11:01:52.806+0000][30964][safepoint    ] Safepoint "Cleanup", Time since last: 2000592900 ns, Reaching safepoint: 154800 ns, At safepoint: 6300 ns, Total: 161100 ns
[2020-09-28T11:01:53.806+0000][30964][safepoint    ] Safepoint "Cleanup", Time since last: 1000202700 ns, Reaching safepoint: 149700 ns, At safepoint: 4100 ns, Total: 153800 ns
[2020-09-28T11:01:54.807+0000][30964][safepoint    ] Safepoint "Cleanup", Time since last: 1000475300 ns, Reaching safepoint: 151700 ns, At safepoint: 7200 ns, Total: 158900 ns
[2020-09-28T11:01:55.807+0000][30964][safepoint    ] Safepoint "Cleanup", Time since last: 1000161800 ns, Reaching safepoint: 110100 ns, At safepoint: 6000 ns, Total: 116100 ns
[2020-09-28T11:01:56.808+0000][30964][safepoint    ] Safepoint "Cleanup", Time since last: 1000201900 ns, Reaching safepoint: 135100 ns, At safepoint: 6300 ns, Total: 141400 ns
[2020-09-28T11:01:57.808+0000][30964][safepoint    ] Safepoint "Cleanup", Time since last: 1000415900 ns, Reaching safepoint: 144100 ns, At safepoint: 6200 ns, Total: 150300 ns
[2020-09-28T11:01:58.809+0000][30964][safepoint    ] Safepoint "Cleanup", Time since last: 1000646200 ns, Reaching safepoint: 348300 ns, At safepoint: 27900 ns, Total: 376200 ns
[2020-09-28T11:02:00.810+0000][30964][safepoint    ] Safepoint "Cleanup", Time since last: 2000222700 ns, Reaching safepoint: 140700 ns, At safepoint: 5200 ns, Total: 145900 ns
[2020-09-28T11:02:01.810+0000][30964][safepoint    ] Safepoint "Cleanup", Time since last: 1000528400 ns, Reaching safepoint: 112800 ns, At safepoint: 6300 ns, Total: 119100 ns
[2020-09-28T11:02:02.811+0000][30964][safepoint    ] Safepoint "Cleanup", Time since last: 1000194300 ns, Reaching safepoint: 277900 ns, At safepoint: 19400 ns, Total: 297300 ns
[2020-09-28T11:02:04.811+0000][30964][safepoint    ] Safepoint "Cleanup", Time since last: 2000416400 ns, Reaching safepoint: 87700 ns, At safepoint: 3500 ns, Total: 91200 ns
[2020-09-28T11:02:05.812+0000][30964][safepoint    ] Safepoint "Cleanup", Time since last: 1000700400 ns, Reaching safepoint: 137800 ns, At safepoint: 6100 ns, Total: 143900 ns
[2020-09-28T11:02:06.813+0000][30964][safepoint    ] Safepoint "Cleanup", Time since last: 1000769600 ns, Reaching safepoint: 164500 ns, At safepoint: 7900 ns, Total: 172400 ns
[2020-09-28T11:02:08.814+0000][30964][safepoint    ] Safepoint "Cleanup", Time since last: 2000818200 ns, Reaching safepoint: 130700 ns, At safepoint: 10100 ns, Total: 140800 ns
[2020-09-28T11:02:09.815+0000][30964][safepoint    ] Safepoint "Cleanup", Time since last: 1000654500 ns, Reaching safepoint: 137700 ns, At safepoint: 3600 ns, Total: 141300 ns
[2020-09-28T11:02:11.816+0000][30964][safepoint    ] Safepoint "Cleanup", Time since last: 2000916600 ns, Reaching safepoint: 126700 ns, At safepoint: 7100 ns, Total: 133800 ns
[2020-09-28T11:02:12.817+0000][30964][safepoint    ] Safepoint "Cleanup", Time since last: 1000396400 ns, Reaching safepoint: 134400 ns, At safepoint: 8300 ns, Total: 142700 ns
[2020-09-28T11:02:13.817+0000][30964][safepoint    ] Safepoint "Cleanup", Time since last: 1000525700 ns, Reaching safepoint: 112600 ns, At safepoint: 8800 ns, Total: 121400 ns
[2020-09-28T11:02:14.817+0000][30964][safepoint    ] Safepoint "Cleanup", Time since last: 1000103300 ns, Reaching safepoint: 124700 ns, At safepoint: 5400 ns, Total: 130100 ns
[2020-09-28T11:02:15.818+0000][30964][safepoint    ] Safepoint "Cleanup", Time since last: 1000447200 ns, Reaching safepoint: 129000 ns, At safepoint: 6100 ns, Total: 135100 ns
[2020-09-28T11:02:16.818+0000][30964][safepoint    ] Safepoint "Cleanup", Time since last: 1000043300 ns, Reaching safepoint: 136700 ns, At safepoint: 3000 ns, Total: 139700 ns
[2020-09-28T11:02:17.819+0000][30964][safepoint    ] Safepoint "Cleanup", Time since last: 1000796600 ns, Reaching safepoint: 218100 ns, At safepoint: 9900 ns, Total: 228000 ns
[2020-09-28T11:02:18.820+0000][30964][safepoint    ] Safepoint "Cleanup", Time since last: 1000118600 ns, Reaching safepoint: 167200 ns, At safepoint: 10300 ns, Total: 177500 ns
[2020-09-28T11:02:19.820+0000][30964][safepoint    ] Safepoint "Cleanup", Time since last: 1000049100 ns, Reaching safepoint: 169100 ns, At safepoint: 9400 ns, Total: 178500 ns
[2020-09-28T11:02:21.820+0000][30964][safepoint    ] Safepoint "Cleanup", Time since last: 2000524500 ns, Reaching safepoint: 167000 ns, At safepoint: 9300 ns, Total: 176300 ns
[2020-09-28T11:02:23.821+0000][30964][safepoint    ] Safepoint "Cleanup", Time since last: 2000155100 ns, Reaching safepoint: 127100 ns, At safepoint: 5300 ns, Total: 132400 ns
[2020-09-28T11:02:25.822+0000][30964][safepoint    ] Safepoint "Cleanup", Time since last: 2000725100 ns, Reaching safepoint: 120800 ns, At safepoint: 2700 ns, Total: 123500 ns
[2020-09-28T11:02:26.822+0000][30964][safepoint    ] Safepoint "Cleanup", Time since last: 1000478600 ns, Reaching safepoint: 105100 ns, At safepoint: 5400 ns, Total: 110500 ns
[2020-09-28T11:02:27.823+0000][30964][safepoint    ] Safepoint "Cleanup", Time since last: 1000731300 ns, Reaching safepoint: 129500 ns, At safepoint: 6300 ns, Total: 135800 ns
[2020-09-28T11:02:28.824+0000][30964][safepoint    ] Safepoint "Cleanup", Time since last: 1000796300 ns, Reaching safepoint: 122400 ns, At safepoint: 6300 ns, Total: 128700 ns
[2020-09-28T11:02:29.824+0000][30964][safepoint    ] Safepoint "Cleanup", Time since last: 1000189500 ns, Reaching safepoint: 120700 ns, At safepoint: 13900 ns, Total: 134600 ns
[2020-09-28T11:02:30.825+0000][30964][safepoint    ] Safepoint "Cleanup", Time since last: 1000444500 ns, Reaching safepoint: 148800 ns, At safepoint: 7400 ns, Total: 156200 ns
[2020-09-28T11:02:31.825+0000][30964][safepoint    ] Safepoint "Cleanup", Time since last: 1000076100 ns, Reaching safepoint: 140700 ns, At safepoint: 5900 ns, Total: 146600 ns
[2020-09-28T11:02:32.826+0000][30964][safepoint    ] Safepoint "Cleanup", Time since last: 1000169100 ns, Reaching safepoint: 106900 ns, At safepoint: 3300 ns, Total: 110200 ns
[2020-09-28T11:02:33.827+0000][30964][safepoint    ] Safepoint "Cleanup", Time since last: 1000867700 ns, Reaching safepoint: 139900 ns, At safepoint: 6500 ns, Total: 146400 ns
[2020-09-28T11:02:34.827+0000][30964][safepoint    ] Safepoint "Cleanup", Time since last: 1000704400 ns, Reaching safepoint: 116800 ns, At safepoint: 7900 ns, Total: 124700 ns
[2020-09-28T11:02:35.828+0000][30964][safepoint    ] Safepoint "Cleanup", Time since last: 1000407000 ns, Reaching safepoint: 140600 ns, At safepoint: 6500 ns, Total: 147100 ns
[2020-09-28T11:02:37.828+0000][30964][safepoint    ] Safepoint "Cleanup", Time since last: 1999968900 ns, Reaching safepoint: 147600 ns, At safepoint: 7400 ns, Total: 155000 ns
[2020-09-28T11:02:38.829+0000][30964][safepoint    ] Safepoint "Cleanup", Time since last: 1000344700 ns, Reaching safepoint: 107600 ns, At safepoint: 7900 ns, Total: 115500 ns
[2020-09-28T11:02:39.829+0000][30964][safepoint    ] Safepoint "Cleanup", Time since last: 1000138500 ns, Reaching safepoint: 112100 ns, At safepoint: 6400 ns, Total: 118500 ns
[2020-09-28T11:02:40.830+0000][30964][safepoint    ] Safepoint "Cleanup", Time since last: 1000685000 ns, Reaching safepoint: 113000 ns, At safepoint: 5900 ns, Total: 118900 ns
[2020-09-28T11:02:41.830+0000][30964][safepoint    ] Safepoint "Cleanup", Time since last: 1000500000 ns, Reaching safepoint: 124900 ns, At safepoint: 6800 ns, Total: 131700 ns
[2020-09-28T11:02:42.831+0000][30964][safepoint    ] Safepoint "Cleanup", Time since last: 1000483300 ns, Reaching safepoint: 117400 ns, At safepoint: 17100 ns, Total: 134500 ns
[2020-09-28T11:02:43.831+0000][30964][safepoint    ] Safepoint "Cleanup", Time since last: 1000391900 ns, Reaching safepoint: 170800 ns, At safepoint: 6000 ns, Total: 176800 ns
[2020-09-28T11:02:44.832+0000][30964][safepoint    ] Safepoint "Cleanup", Time since last: 1000406400 ns, Reaching safepoint: 134500 ns, At safepoint: 5900 ns, Total: 140400 ns
[2020-09-28T11:02:45.833+0000][30964][safepoint    ] Safepoint "Cleanup", Time since last: 1000718300 ns, Reaching safepoint: 159700 ns, At safepoint: 9100 ns, Total: 168800 ns
[2020-09-28T11:02:46.833+0000][30964][safepoint    ] Safepoint "Cleanup", Time since last: 1000231800 ns, Reaching safepoint: 190500 ns, At safepoint: 7400 ns, Total: 197900 ns
[2020-09-28T11:02:47.834+0000][30964][safepoint    ] Safepoint "Cleanup", Time since last: 1000199300 ns, Reaching safepoint: 111200 ns, At safepoint: 4800 ns, Total: 116000 ns
[2020-09-28T11:02:48.834+0000][30964][safepoint    ] Safepoint "Cleanup", Time since last: 1000251800 ns, Reaching safepoint: 126500 ns, At safepoint: 5500 ns, Total: 132000 ns
[2020-09-28T11:02:49.834+0000][30964][safepoint    ] Safepoint "Cleanup", Time since last: 1000074900 ns, Reaching safepoint: 246400 ns, At safepoint: 24300 ns, Total: 270700 ns
[2020-09-28T11:02:50.835+0000][30964][safepoint    ] Safepoint "Cleanup", Time since last: 1000479700 ns, Reaching safepoint: 139300 ns, At safepoint: 5100 ns, Total: 144400 ns
[2020-09-28T11:02:51.835+0000][30964][safepoint    ] Safepoint "Cleanup", Time since last: 1000153100 ns, Reaching safepoint: 138400 ns, At safepoint: 9900 ns, Total: 148300 ns
[2020-09-28T11:02:52.836+0000][30964][safepoint    ] Safepoint "Cleanup", Time since last: 1000343800 ns, Reaching safepoint: 178600 ns, At safepoint: 8200 ns, Total: 186800 ns
[2020-09-28T11:02:53.836+0000][30964][safepoint    ] Safepoint "Cleanup", Time since last: 1000172600 ns, Reaching safepoint: 112800 ns, At safepoint: 2800 ns, Total: 115600 ns
[2020-09-28T11:02:54.837+0000][30964][safepoint    ] Safepoint "Cleanup", Time since last: 1000376900 ns, Reaching safepoint: 107800 ns, At safepoint: 8200 ns, Total: 116000 ns
[2020-09-28T11:02:55.837+0000][30964][safepoint    ] Safepoint "Cleanup", Time since last: 1000159900 ns, Reaching safepoint: 110400 ns, At safepoint: 3200 ns, Total: 113600 ns
[2020-09-28T11:02:57.837+0000][30964][safepoint    ] Safepoint "Cleanup", Time since last: 2000367300 ns, Reaching safepoint: 127900 ns, At safepoint: 6800 ns, Total: 134700 ns
[2020-09-28T11:02:58.838+0000][30964][safepoint    ] Safepoint "Cleanup", Time since last: 1000412800 ns, Reaching safepoint: 107300 ns, At safepoint: 6400 ns, Total: 113700 ns
[2020-09-28T11:02:59.838+0000][30964][safepoint    ] Safepoint "Cleanup", Time since last: 1000325600 ns, Reaching safepoint: 127200 ns, At safepoint: 6300 ns, Total: 133500 ns
[2020-09-28T11:03:00.839+0000][30964][safepoint    ] Safepoint "Cleanup", Time since last: 1000576200 ns, Reaching safepoint: 123200 ns, At safepoint: 5300 ns, Total: 128500 ns
[2020-09-28T11:03:01.840+0000][30964][safepoint    ] Safepoint "Cleanup", Time since last: 1000616700 ns, Reaching safepoint: 126600 ns, At safepoint: 10400 ns, Total: 137000 ns
[2020-09-28T11:03:02.841+0000][30964][safepoint    ] Safepoint "Cleanup", Time since last: 1000650200 ns, Reaching safepoint: 106000 ns, At safepoint: 5800 ns, Total: 111800 ns
[2020-09-28T11:03:03.841+0000][30964][safepoint    ] Safepoint "Cleanup", Time since last: 1000562100 ns, Reaching safepoint: 120400 ns, At safepoint: 24100 ns, Total: 144500 ns
[2020-09-28T11:03:05.842+0000][30964][safepoint    ] Safepoint "Cleanup", Time since last: 2000409200 ns, Reaching safepoint: 165500 ns, At safepoint: 6300 ns, Total: 171800 ns
[2020-09-28T11:03:06.843+0000][30964][safepoint    ] Safepoint "Cleanup", Time since last: 1000690700 ns, Reaching safepoint: 134600 ns, At safepoint: 4200 ns, Total: 138800 ns
[2020-09-28T11:03:07.844+0000][30964][safepoint    ] Safepoint "Cleanup", Time since last: 1000702000 ns, Reaching safepoint: 119500 ns, At safepoint: 6700 ns, Total: 126200 ns
[2020-09-28T11:03:08.844+0000][30964][safepoint    ] Safepoint "Cleanup", Time since last: 1000199300 ns, Reaching safepoint: 132500 ns, At safepoint: 5900 ns, Total: 138400 ns
[2020-09-28T11:03:09.845+0000][30964][safepoint    ] Safepoint "Cleanup", Time since last: 1000457200 ns, Reaching safepoint: 114200 ns, At safepoint: 6000 ns, Total: 120200 ns
[2020-09-28T11:03:10.846+0000][30964][safepoint    ] Safepoint "Cleanup", Time since last: 1001010700 ns, Reaching safepoint: 154400 ns, At safepoint: 11500 ns, Total: 165900 ns
[2020-09-28T11:03:11.847+0000][30964][safepoint    ] Safepoint "Cleanup", Time since last: 1000662400 ns, Reaching safepoint: 262300 ns, At safepoint: 7500 ns, Total: 269800 ns
[2020-09-28T11:03:13.778+0000][30964][safepoint    ] Safepoint "Cleanup", Time since last: 1931244300 ns, Reaching safepoint: 153200 ns, At safepoint: 7700 ns, Total: 160900 ns
[2020-09-28T11:03:14.779+0000][30964][safepoint    ] Safepoint "Cleanup", Time since last: 1000392500 ns, Reaching safepoint: 140800 ns, At safepoint: 11100 ns, Total: 151900 ns
[2020-09-28T11:03:15.779+0000][30964][safepoint    ] Safepoint "Cleanup", Time since last: 1000443900 ns, Reaching safepoint: 148700 ns, At safepoint: 7100 ns, Total: 155800 ns
[2020-09-28T11:03:16.779+0000][30964][safepoint    ] Safepoint "Cleanup", Time since last: 1000011400 ns, Reaching safepoint: 169500 ns, At safepoint: 14600 ns, Total: 184100 ns
[2020-09-28T11:03:17.780+0000][30964][safepoint    ] Safepoint "Cleanup", Time since last: 1000437200 ns, Reaching safepoint: 155600 ns, At safepoint: 51700 ns, Total: 207300 ns
[2020-09-28T11:03:18.781+0000][30964][safepoint    ] Safepoint "Cleanup", Time since last: 1000631600 ns, Reaching safepoint: 135300 ns, At safepoint: 4000 ns, Total: 139300 ns
[2020-09-28T11:03:19.782+0000][30964][safepoint    ] Safepoint "Cleanup", Time since last: 1000456000 ns, Reaching safepoint: 179500 ns, At safepoint: 10100 ns, Total: 189600 ns
[2020-09-28T11:03:20.782+0000][30964][safepoint    ] Safepoint "Cleanup", Time since last: 1000130400 ns, Reaching safepoint: 146800 ns, At safepoint: 11000 ns, Total: 157800 ns
[2020-09-28T11:03:21.782+0000][30964][safepoint    ] Safepoint "Cleanup", Time since last: 1000353200 ns, Reaching safepoint: 131100 ns, At safepoint: 20900 ns, Total: 152000 ns
[2020-09-28T11:03:23.783+0000][30964][safepoint    ] Safepoint "Cleanup", Time since last: 2000007400 ns, Reaching safepoint: 101200 ns, At safepoint: 5700 ns, Total: 106900 ns
[2020-09-28T11:03:24.783+0000][30964][safepoint    ] Safepoint "Cleanup", Time since last: 1000012800 ns, Reaching safepoint: 111400 ns, At safepoint: 13500 ns, Total: 124900 ns
[2020-09-28T11:03:25.784+0000][30964][safepoint    ] Safepoint "Cleanup", Time since last: 1000786400 ns, Reaching safepoint: 120500 ns, At safepoint: 5500 ns, Total: 126000 ns
[2020-09-28T11:03:26.784+0000][30964][safepoint    ] Safepoint "Cleanup", Time since last: 1000488700 ns, Reaching safepoint: 99300 ns, At safepoint: 6700 ns, Total: 106000 ns
[2020-09-28T11:03:27.785+0000][30964][safepoint    ] Safepoint "Cleanup", Time since last: 1000851300 ns, Reaching safepoint: 120200 ns, At safepoint: 9700 ns, Total: 129900 ns
[2020-09-28T11:03:28.786+0000][30964][safepoint    ] Safepoint "Cleanup", Time since last: 1000166400 ns, Reaching safepoint: 96100 ns, At safepoint: 3600 ns, Total: 99700 ns
[2020-09-28T11:03:29.786+0000][30964][safepoint    ] Safepoint "Cleanup", Time since last: 1000165300 ns, Reaching safepoint: 100800 ns, At safepoint: 3600 ns, Total: 104400 ns
[2020-09-28T11:03:30.786+0000][30964][safepoint    ] Safepoint "Cleanup", Time since last: 1000271400 ns, Reaching safepoint: 123100 ns, At safepoint: 6100 ns, Total: 129200 ns
[2020-09-28T11:03:31.787+0000][30964][safepoint    ] Safepoint "Cleanup", Time since last: 1000591700 ns, Reaching safepoint: 109000 ns, At safepoint: 6400 ns, Total: 115400 ns
[2020-09-28T11:03:32.788+0000][30964][safepoint    ] Safepoint "Cleanup", Time since last: 1000565800 ns, Reaching safepoint: 118400 ns, At safepoint: 3400 ns, Total: 121800 ns
[2020-09-28T11:03:33.789+0000][30964][safepoint    ] Safepoint "Cleanup", Time since last: 1000885700 ns, Reaching safepoint: 124800 ns, At safepoint: 5500 ns, Total: 130300 ns
[2020-09-28T11:03:35.790+0000][30964][safepoint    ] Safepoint "Cleanup", Time since last: 2000801800 ns, Reaching safepoint: 132300 ns, At safepoint: 6500 ns, Total: 138800 ns
[2020-09-28T11:03:36.790+0000][30964][safepoint    ] Safepoint "Cleanup", Time since last: 1000689900 ns, Reaching safepoint: 107300 ns, At safepoint: 7000 ns, Total: 114300 ns
[2020-09-28T11:03:37.791+0000][30964][safepoint    ] Safepoint "Cleanup", Time since last: 1000049700 ns, Reaching safepoint: 103700 ns, At safepoint: 6100 ns, Total: 109800 ns
[2020-09-28T11:03:38.791+0000][30964][safepoint    ] Safepoint "Cleanup", Time since last: 1000475900 ns, Reaching safepoint: 115800 ns, At safepoint: 9000 ns, Total: 124800 ns
[2020-09-28T11:03:39.792+0000][30964][safepoint    ] Safepoint "Cleanup", Time since last: 1000337700 ns, Reaching safepoint: 156100 ns, At safepoint: 9800 ns, Total: 165900 ns
[2020-09-28T11:03:40.792+0000][30964][safepoint    ] Safepoint "Cleanup", Time since last: 1000145200 ns, Reaching safepoint: 98500 ns, At safepoint: 3300 ns, Total: 101800 ns
[2020-09-28T11:03:42.792+0000][30964][safepoint    ] Safepoint "Cleanup", Time since last: 2000229100 ns, Reaching safepoint: 174000 ns, At safepoint: 10200 ns, Total: 184200 ns
[2020-09-28T11:03:43.793+0000][30964][safepoint    ] Safepoint "Cleanup", Time since last: 1000588600 ns, Reaching safepoint: 136000 ns, At safepoint: 12700 ns, Total: 148700 ns
[2020-09-28T11:03:44.793+0000][30964][safepoint    ] Safepoint "Cleanup", Time since last: 1000190500 ns, Reaching safepoint: 137900 ns, At safepoint: 6300 ns, Total: 144200 ns
[2020-09-28T11:03:45.794+0000][30964][safepoint    ] Safepoint "Cleanup", Time since last: 1000637900 ns, Reaching safepoint: 110300 ns, At safepoint: 7400 ns, Total: 117700 ns
[2020-09-28T11:03:47.795+0000][30964][safepoint    ] Safepoint "Cleanup", Time since last: 2000769700 ns, Reaching safepoint: 168000 ns, At safepoint: 5800 ns, Total: 173800 ns
[2020-09-28T11:03:48.795+0000][30964][safepoint    ] Safepoint "Cleanup", Time since last: 1000123300 ns, Reaching safepoint: 150300 ns, At safepoint: 5700 ns, Total: 156000 ns
[2020-09-28T11:03:49.796+0000][30964][safepoint    ] Safepoint "Cleanup", Time since last: 1000414300 ns, Reaching safepoint: 101000 ns, At safepoint: 2900 ns, Total: 103900 ns
[2020-09-28T11:03:50.797+0000][30964][safepoint    ] Safepoint "Cleanup", Time since last: 1000502200 ns, Reaching safepoint: 133900 ns, At safepoint: 18100 ns, Total: 152000 ns
[2020-09-28T11:03:52.797+0000][30964][safepoint    ] Safepoint "Cleanup", Time since last: 2000457100 ns, Reaching safepoint: 122500 ns, At safepoint: 3300 ns, Total: 125800 ns
[2020-09-28T11:03:53.798+0000][30964][safepoint    ] Safepoint "Cleanup", Time since last: 1001000700 ns, Reaching safepoint: 146400 ns, At safepoint: 5300 ns, Total: 151700 ns
[2020-09-28T11:03:54.799+0000][30964][safepoint    ] Safepoint "Cleanup", Time since last: 1000845300 ns, Reaching safepoint: 146800 ns, At safepoint: 7400 ns, Total: 154200 ns
[2020-09-28T11:03:55.800+0000][30964][safepoint    ] Safepoint "Cleanup", Time since last: 1000073800 ns, Reaching safepoint: 116700 ns, At safepoint: 4000 ns, Total: 120700 ns
[2020-09-28T11:03:56.800+0000][30964][safepoint    ] Safepoint "Cleanup", Time since last: 1000333700 ns, Reaching safepoint: 111900 ns, At safepoint: 6200 ns, Total: 118100 ns
[2020-09-28T11:03:57.801+0000][30964][safepoint    ] Safepoint "Cleanup", Time since last: 1000359100 ns, Reaching safepoint: 150000 ns, At safepoint: 21800 ns, Total: 171800 ns
[2020-09-28T11:03:58.801+0000][30964][safepoint    ] Safepoint "Cleanup", Time since last: 1000545700 ns, Reaching safepoint: 115700 ns, At safepoint: 5600 ns, Total: 121300 ns
[2020-09-28T11:03:59.802+0000][30964][safepoint    ] Safepoint "Cleanup", Time since last: 1000712800 ns, Reaching safepoint: 130000 ns, At safepoint: 7500 ns, Total: 137500 ns
[2020-09-28T11:04:01.803+0000][30964][safepoint    ] Safepoint "Cleanup", Time since last: 2000307000 ns, Reaching safepoint: 183800 ns, At safepoint: 5100 ns, Total: 188900 ns
[2020-09-28T11:04:03.803+0000][30964][safepoint    ] Safepoint "Cleanup", Time since last: 2000031600 ns, Reaching safepoint: 157000 ns, At safepoint: 6000 ns, Total: 163000 ns
[2020-09-28T11:04:04.803+0000][30964][safepoint    ] Safepoint "Cleanup", Time since last: 1000114500 ns, Reaching safepoint: 113600 ns, At safepoint: 4900 ns, Total: 118500 ns
[2020-09-28T11:04:05.804+0000][30964][safepoint    ] Safepoint "Cleanup", Time since last: 1000811700 ns, Reaching safepoint: 152100 ns, At safepoint: 5500 ns, Total: 157600 ns
[2020-09-28T11:04:07.804+0000][30964][safepoint    ] Safepoint "Cleanup", Time since last: 2000221000 ns, Reaching safepoint: 151400 ns, At safepoint: 5800 ns, Total: 157200 ns
[2020-09-28T11:04:08.805+0000][30964][safepoint    ] Safepoint "Cleanup", Time since last: 1000549200 ns, Reaching safepoint: 133000 ns, At safepoint: 6500 ns, Total: 139500 ns
[2020-09-28T11:04:09.806+0000][30964][safepoint    ] Safepoint "Cleanup", Time since last: 1000692900 ns, Reaching safepoint: 319400 ns, At safepoint: 10800 ns, Total: 330200 ns
[2020-09-28T11:04:10.807+0000][30964][safepoint    ] Safepoint "Cleanup", Time since last: 1000447200 ns, Reaching safepoint: 341900 ns, At safepoint: 75700 ns, Total: 417600 ns
[2020-09-28T11:04:12.808+0000][30964][safepoint    ] Safepoint "Cleanup", Time since last: 2000695900 ns, Reaching safepoint: 117800 ns, At safepoint: 11600 ns, Total: 129400 ns
[2020-09-28T11:04:13.808+0000][30964][safepoint    ] Safepoint "Cleanup", Time since last: 1000293000 ns, Reaching safepoint: 159500 ns, At safepoint: 4300 ns, Total: 163800 ns
[2020-09-28T11:04:14.809+0000][30964][safepoint    ] Safepoint "Cleanup", Time since last: 1000503900 ns, Reaching safepoint: 523900 ns, At safepoint: 51000 ns, Total: 574900 ns
[2020-09-28T11:04:15.810+0000][30964][safepoint    ] Safepoint "Cleanup", Time since last: 1000414100 ns, Reaching safepoint: 213300 ns, At safepoint: 26200 ns, Total: 239500 ns
[2020-09-28T11:04:16.810+0000][30964][safepoint    ] Safepoint "Cleanup", Time since last: 1000142500 ns, Reaching safepoint: 133700 ns, At safepoint: 17600 ns, Total: 151300 ns
[2020-09-28T11:04:17.811+0000][30964][safepoint    ] Safepoint "Cleanup", Time since last: 1000713500 ns, Reaching safepoint: 112700 ns, At safepoint: 28100 ns, Total: 140800 ns
[2020-09-28T11:04:18.812+0000][30964][safepoint    ] Safepoint "Cleanup", Time since last: 1000740400 ns, Reaching safepoint: 145800 ns, At safepoint: 12000 ns, Total: 157800 ns
[2020-09-28T11:04:19.813+0000][30964][safepoint    ] Safepoint "Cleanup", Time since last: 1000501700 ns, Reaching safepoint: 137100 ns, At safepoint: 4800 ns, Total: 141900 ns
[2020-09-28T11:04:20.814+0000][30964][safepoint    ] Safepoint "Cleanup", Time since last: 1000648100 ns, Reaching safepoint: 137000 ns, At safepoint: 7500 ns, Total: 144500 ns
[2020-09-28T11:04:21.814+0000][30964][safepoint    ] Safepoint "Cleanup", Time since last: 1000089600 ns, Reaching safepoint: 159000 ns, At safepoint: 32300 ns, Total: 191300 ns
[2020-09-28T11:04:22.815+0000][30964][safepoint    ] Safepoint "Cleanup", Time since last: 1000517500 ns, Reaching safepoint: 139200 ns, At safepoint: 8800 ns, Total: 148000 ns
[2020-09-28T11:04:24.819+0000][30964][safepoint    ] Safepoint "Cleanup", Time since last: 2001274300 ns, Reaching safepoint: 1450200 ns, At safepoint: 1027600 ns, Total: 2477800 ns
[2020-09-28T11:04:25.824+0000][30964][safepoint    ] Safepoint "Cleanup", Time since last: 1005135100 ns, Reaching safepoint: 190700 ns, At safepoint: 11800 ns, Total: 202500 ns
[2020-09-28T11:04:26.824+0000][30964][safepoint    ] Safepoint "Cleanup", Time since last: 1000588000 ns, Reaching safepoint: 128400 ns, At safepoint: 9200 ns, Total: 137600 ns
[2020-09-28T11:04:27.825+0000][30964][safepoint    ] Safepoint "Cleanup", Time since last: 1000710500 ns, Reaching safepoint: 110300 ns, At safepoint: 9200 ns, Total: 119500 ns
[2020-09-28T11:04:28.825+0000][30964][safepoint    ] Safepoint "Cleanup", Time since last: 1000053100 ns, Reaching safepoint: 157600 ns, At safepoint: 10300 ns, Total: 167900 ns
[2020-09-28T11:04:29.826+0000][30964][safepoint    ] Safepoint "Cleanup", Time since last: 1000792600 ns, Reaching safepoint: 181100 ns, At safepoint: 12400 ns, Total: 193500 ns
[2020-09-28T11:04:30.827+0000][30964][safepoint    ] Safepoint "Cleanup", Time since last: 1000787300 ns, Reaching safepoint: 121000 ns, At safepoint: 9000 ns, Total: 130000 ns
[2020-09-28T11:04:31.828+0000][30964][safepoint    ] Safepoint "Cleanup", Time since last: 1000049400 ns, Reaching safepoint: 126900 ns, At safepoint: 4800 ns, Total: 131700 ns
[2020-09-28T11:04:33.828+0000][30964][safepoint    ] Safepoint "Cleanup", Time since last: 2000211400 ns, Reaching safepoint: 146200 ns, At safepoint: 11600 ns, Total: 157800 ns
[2020-09-28T11:04:34.828+0000][30964][safepoint    ] Safepoint "Cleanup", Time since last: 1000061100 ns, Reaching safepoint: 160500 ns, At safepoint: 6200 ns, Total: 166700 ns
[2020-09-28T11:04:36.828+0000][30964][safepoint    ] Safepoint "Cleanup", Time since last: 1999992000 ns, Reaching safepoint: 117100 ns, At safepoint: 13400 ns, Total: 130500 ns
[2020-09-28T11:04:37.829+0000][30964][safepoint    ] Safepoint "Cleanup", Time since last: 1000017600 ns, Reaching safepoint: 178400 ns, At safepoint: 19100 ns, Total: 197500 ns
[2020-09-28T11:04:38.829+0000][30964][safepoint    ] Safepoint "Cleanup", Time since last: 1000138900 ns, Reaching safepoint: 108100 ns, At safepoint: 8400 ns, Total: 116500 ns
[2020-09-28T11:04:40.829+0000][30964][safepoint    ] Safepoint "Cleanup", Time since last: 2000267800 ns, Reaching safepoint: 104900 ns, At safepoint: 9500 ns, Total: 114400 ns
[2020-09-28T11:04:41.830+0000][30964][safepoint    ] Safepoint "Cleanup", Time since last: 1000168800 ns, Reaching safepoint: 119100 ns, At safepoint: 4000 ns, Total: 123100 ns
[2020-09-28T11:04:42.831+0000][30964][safepoint    ] Safepoint "Cleanup", Time since last: 1000810600 ns, Reaching safepoint: 107600 ns, At safepoint: 7400 ns, Total: 115000 ns
[2020-09-28T11:04:43.831+0000][30964][safepoint    ] Safepoint "Cleanup", Time since last: 1000010800 ns, Reaching safepoint: 187300 ns, At safepoint: 9500 ns, Total: 196800 ns
[2020-09-28T11:04:44.831+0000][30964][safepoint    ] Safepoint "Cleanup", Time since last: 1000266800 ns, Reaching safepoint: 150300 ns, At safepoint: 11800 ns, Total: 162100 ns
[2020-09-28T11:04:46.832+0000][30964][safepoint    ] Safepoint "Cleanup", Time since last: 2000193100 ns, Reaching safepoint: 178100 ns, At safepoint: 12000 ns, Total: 190100 ns
