[2020-10-06T04:05:29.834+0000][36436][gc,heap] Heap region size: 1M
[2020-10-06T04:05:29.835+0000][36436][gc,heap,coops] Heap address: 0x00000000c0000000, size: 1024 MB, Compressed Oops mode: 32-bit
[2020-10-06T04:05:31.062+0000][36436][gc           ] Using G1
[2020-10-06T04:05:31.137+0000][36436][gc           ] Periodic GC disabled
[2020-10-06T04:05:32.669+0000][36436][safepoint    ] Safepoint "Cleanup", Time since last: 1566017000 ns, Reaching safepoint: 280600 ns, At safepoint: 3800 ns, Total: 284400 ns
[2020-10-06T04:05:33.912+0000][36436][safepoint    ] Safepoint "Cleanup", Time since last: 1242407300 ns, Reaching safepoint: 189900 ns, At safepoint: 13700 ns, Total: 203600 ns
[2020-10-06T04:05:35.422+0000][36436][safepoint    ] Safepoint "Cleanup", Time since last: 1509898600 ns, Reaching safepoint: 173300 ns, At safepoint: 13100 ns, Total: 186400 ns
[2020-10-06T04:05:35.875+0000][36436][gc,start     ] GC(0) Pause Young (Normal) (G1 Evacuation Pause)
[2020-10-06T04:05:35.877+0000][36436][gc,task      ] GC(0) Using 8 workers of 8 for evacuation
[2020-10-06T04:05:35.877+0000][36436][gc,age       ] GC(0) Desired survivor size 3670016 bytes, new threshold 15 (max threshold 15)
[2020-10-06T04:05:35.886+0000][36436][gc,age       ] GC(0) Age table with threshold 15 (max threshold 15)
[2020-10-06T04:05:35.886+0000][36436][gc,age       ] GC(0) - age   1:    5147744 bytes,    5147744 total
[2020-10-06T04:05:35.887+0000][36436][gc,phases    ] GC(0)   Pre Evacuate Collection Set: 0.1ms
[2020-10-06T04:05:35.887+0000][36436][gc,phases    ] GC(0)   Merge Heap Roots: 0.4ms
[2020-10-06T04:05:35.887+0000][36436][gc,phases    ] GC(0)   Evacuate Collection Set: 6.6ms
[2020-10-06T04:05:35.887+0000][36436][gc,phases    ] GC(0)   Post Evacuate Collection Set: 1.7ms
[2020-10-06T04:05:35.887+0000][36436][gc,phases    ] GC(0)   Other: 3.0ms
[2020-10-06T04:05:35.887+0000][36436][gc,heap      ] GC(0) Eden regions: 51->0(55)
[2020-10-06T04:05:35.887+0000][36436][gc,heap      ] GC(0) Survivor regions: 0->5(7)
[2020-10-06T04:05:35.887+0000][36436][gc,heap      ] GC(0) Old regions: 0->0
[2020-10-06T04:05:35.887+0000][36436][gc,heap      ] GC(0) Archive regions: 0->0
[2020-10-06T04:05:35.887+0000][36436][gc,heap      ] GC(0) Humongous regions: 1->1
[2020-10-06T04:05:35.887+0000][36436][gc,metaspace ] GC(0) Metaspace: 12578K(13312K)->12578K(13312K) NonClass: 11043K(11520K)->11043K(11520K) Class: 1534K(1792K)->1534K(1792K)
[2020-10-06T04:05:35.887+0000][36436][gc           ] GC(0) Pause Young (Normal) (G1 Evacuation Pause) 52M->5M(1024M) 12.102ms
[2020-10-06T04:05:35.887+0000][36436][gc,cpu       ] GC(0) User=0.11s Sys=0.00s Real=0.01s
[2020-10-06T04:05:35.887+0000][36436][safepoint    ] Safepoint "G1CollectForAllocation", Time since last: 452689200 ns, Reaching safepoint: 89800 ns, At safepoint: 12676900 ns, Total: 12766700 ns
[2020-10-06T04:05:36.914+0000][36436][safepoint    ] Safepoint "Cleanup", Time since last: 1026202600 ns, Reaching safepoint: 245600 ns, At safepoint: 26500 ns, Total: 272100 ns
[2020-10-06T04:05:36.929+0000][36436][safepoint    ] Safepoint "BulkRevokeBias", Time since last: 14833500 ns, Reaching safepoint: 120100 ns, At safepoint: 259500 ns, Total: 379600 ns
[2020-10-06T04:05:37.967+0000][36436][gc,start     ] GC(1) Pause Young (Normal) (G1 Evacuation Pause)
[2020-10-06T04:05:37.967+0000][36436][gc,task      ] GC(1) Using 8 workers of 8 for evacuation
[2020-10-06T04:05:37.967+0000][36436][gc,age       ] GC(1) Desired survivor size 4194304 bytes, new threshold 1 (max threshold 15)
[2020-10-06T04:05:37.974+0000][36436][gc,age       ] GC(1) Age table with threshold 1 (max threshold 15)
[2020-10-06T04:05:37.974+0000][36436][gc,age       ] GC(1) - age   1:    1102464 bytes,    1102464 total
[2020-10-06T04:05:37.974+0000][36436][gc,phases    ] GC(1)   Pre Evacuate Collection Set: 0.1ms
[2020-10-06T04:05:37.974+0000][36436][gc,phases    ] GC(1)   Merge Heap Roots: 0.1ms
[2020-10-06T04:05:37.974+0000][36436][gc,phases    ] GC(1)   Evacuate Collection Set: 5.6ms
[2020-10-06T04:05:37.974+0000][36436][gc,phases    ] GC(1)   Post Evacuate Collection Set: 0.8ms
[2020-10-06T04:05:37.974+0000][36436][gc,phases    ] GC(1)   Other: 0.5ms
[2020-10-06T04:05:37.974+0000][36436][gc,heap      ] GC(1) Eden regions: 55->0(612)
[2020-10-06T04:05:37.974+0000][36436][gc,heap      ] GC(1) Survivor regions: 5->2(8)
[2020-10-06T04:05:37.974+0000][36436][gc,heap      ] GC(1) Old regions: 0->5
[2020-10-06T04:05:37.974+0000][36436][gc,heap      ] GC(1) Archive regions: 0->0
[2020-10-06T04:05:37.974+0000][36436][gc,heap      ] GC(1) Humongous regions: 1->1
[2020-10-06T04:05:37.974+0000][36436][gc,metaspace ] GC(1) Metaspace: 14499K(14976K)->14499K(14976K) NonClass: 12768K(13056K)->12768K(13056K) Class: 1731K(1920K)->1731K(1920K)
[2020-10-06T04:05:37.974+0000][36436][gc           ] GC(1) Pause Young (Normal) (G1 Evacuation Pause) 60M->7M(1024M) 7.655ms
[2020-10-06T04:05:37.975+0000][36436][gc,cpu       ] GC(1) User=0.00s Sys=0.00s Real=0.01s
[2020-10-06T04:05:37.975+0000][36436][safepoint    ] Safepoint "G1CollectForAllocation", Time since last: 1037369800 ns, Reaching safepoint: 110200 ns, At safepoint: 7817500 ns, Total: 7927700 ns
[2020-10-06T04:05:37.976+0000][36436][safepoint    ] Safepoint "BulkRevokeBias", Time since last: 499700 ns, Reaching safepoint: 79500 ns, At safepoint: 223900 ns, Total: 303400 ns
[2020-10-06T04:05:39.206+0000][36436][safepoint    ] Safepoint "Cleanup", Time since last: 1230396000 ns, Reaching safepoint: 517800 ns, At safepoint: 23000 ns, Total: 540800 ns
[2020-10-06T04:05:41.000+0000][36436][safepoint    ] Safepoint "Cleanup", Time since last: 1793522600 ns, Reaching safepoint: 247400 ns, At safepoint: 18100 ns, Total: 265500 ns
[2020-10-06T04:05:41.508+0000][36436][gc,start     ] GC(2) Pause Young (Concurrent Start) (Metadata GC Threshold)
[2020-10-06T04:05:41.508+0000][36436][gc,task      ] GC(2) Using 8 workers of 8 for evacuation
[2020-10-06T04:05:41.508+0000][36436][gc,age       ] GC(2) Desired survivor size 40370176 bytes, new threshold 15 (max threshold 15)
[2020-10-06T04:05:41.516+0000][36436][gc,age       ] GC(2) Age table with threshold 15 (max threshold 15)
[2020-10-06T04:05:41.516+0000][36436][gc,age       ] GC(2) - age   1:    5665224 bytes,    5665224 total
[2020-10-06T04:05:41.516+0000][36436][gc,age       ] GC(2) - age   2:    1088536 bytes,    6753760 total
[2020-10-06T04:05:41.516+0000][36436][gc,phases    ] GC(2)   Pre Evacuate Collection Set: 0.2ms
[2020-10-06T04:05:41.516+0000][36436][gc,phases    ] GC(2)   Merge Heap Roots: 0.1ms
[2020-10-06T04:05:41.516+0000][36436][gc,phases    ] GC(2)   Evacuate Collection Set: 5.4ms
[2020-10-06T04:05:41.516+0000][36436][gc,phases    ] GC(2)   Post Evacuate Collection Set: 1.4ms
[2020-10-06T04:05:41.516+0000][36436][gc,phases    ] GC(2)   Other: 1.2ms
[2020-10-06T04:05:41.516+0000][36436][gc,heap      ] GC(2) Eden regions: 304->0(530)
[2020-10-06T04:05:41.516+0000][36436][gc,heap      ] GC(2) Survivor regions: 2->7(77)
[2020-10-06T04:05:41.516+0000][36436][gc,heap      ] GC(2) Old regions: 5->5
[2020-10-06T04:05:41.516+0000][36436][gc,heap      ] GC(2) Archive regions: 0->0
[2020-10-06T04:05:41.516+0000][36436][gc,heap      ] GC(2) Humongous regions: 1->1
[2020-10-06T04:05:41.516+0000][36436][gc,metaspace ] GC(2) Metaspace: 20200K(21296K)->20200K(21296K) NonClass: 17811K(18608K)->17811K(18608K) Class: 2388K(2688K)->2388K(2688K)
[2020-10-06T04:05:41.516+0000][36436][gc           ] GC(2) Pause Young (Concurrent Start) (Metadata GC Threshold) 310M->12M(1024M) 8.918ms
[2020-10-06T04:05:41.517+0000][36436][gc,cpu       ] GC(2) User=0.00s Sys=0.00s Real=0.01s
[2020-10-06T04:05:41.517+0000][36436][gc           ] GC(3) Concurrent Cycle
[2020-10-06T04:05:41.517+0000][36436][gc,marking   ] GC(3) Concurrent Clear Claimed Marks
[2020-10-06T04:05:41.517+0000][36436][safepoint    ] Safepoint "CollectForMetadataAllocation", Time since last: 507588500 ns, Reaching safepoint: 103500 ns, At safepoint: 9285800 ns, Total: 9389300 ns
[2020-10-06T04:05:41.517+0000][36436][gc,marking   ] GC(3) Concurrent Clear Claimed Marks 0.090ms
[2020-10-06T04:05:41.517+0000][36436][gc,marking   ] GC(3) Concurrent Scan Root Regions
[2020-10-06T04:05:41.523+0000][36436][safepoint    ] Safepoint "BulkRevokeBias", Time since last: 6279300 ns, Reaching safepoint: 67200 ns, At safepoint: 200300 ns, Total: 267500 ns
[2020-10-06T04:05:41.524+0000][36436][safepoint    ] Safepoint "BulkRevokeBias", Time since last: 445200 ns, Reaching safepoint: 59600 ns, At safepoint: 127800 ns, Total: 187400 ns
[2020-10-06T04:05:41.524+0000][36436][safepoint    ] Safepoint "BulkRevokeBias", Time since last: 164400 ns, Reaching safepoint: 52100 ns, At safepoint: 183600 ns, Total: 235700 ns
[2020-10-06T04:05:41.525+0000][36436][gc,marking   ] GC(3) Concurrent Scan Root Regions 8.369ms
[2020-10-06T04:05:41.525+0000][36436][gc,marking   ] GC(3) Concurrent Mark (11.768s)
[2020-10-06T04:05:41.525+0000][36436][gc,marking   ] GC(3) Concurrent Mark From Roots
[2020-10-06T04:05:41.525+0000][36436][gc,task      ] GC(3) Using 2 workers of 2 for marking
[2020-10-06T04:05:41.563+0000][36436][gc,marking   ] GC(3) Concurrent Mark From Roots 37.437ms
[2020-10-06T04:05:41.563+0000][36436][gc,marking   ] GC(3) Concurrent Preclean
[2020-10-06T04:05:41.563+0000][36436][gc,marking   ] GC(3) Concurrent Preclean 0.441ms
[2020-10-06T04:05:41.563+0000][36436][gc,marking   ] GC(3) Concurrent Mark (11.768s, 11.806s) 38.105ms
[2020-10-06T04:05:41.564+0000][36436][gc,start     ] GC(3) Pause Remark
[2020-10-06T04:05:41.567+0000][36436][gc           ] GC(3) Pause Remark 13M->13M(1024M) 3.597ms
[2020-10-06T04:05:41.567+0000][36436][gc,cpu       ] GC(3) User=0.00s Sys=0.00s Real=0.00s
[2020-10-06T04:05:41.567+0000][36436][safepoint    ] Safepoint "G1Concurrent", Time since last: 39182900 ns, Reaching safepoint: 106200 ns, At safepoint: 3796900 ns, Total: 3903100 ns
[2020-10-06T04:05:41.568+0000][36436][gc,marking   ] GC(3) Concurrent Rebuild Remembered Sets
[2020-10-06T04:05:41.573+0000][36436][gc,marking   ] GC(3) Concurrent Rebuild Remembered Sets 5.085ms
[2020-10-06T04:05:41.573+0000][36436][gc,start     ] GC(3) Pause Cleanup
[2020-10-06T04:05:41.574+0000][36436][gc           ] GC(3) Pause Cleanup 14M->14M(1024M) 0.384ms
[2020-10-06T04:05:41.574+0000][36436][gc,cpu       ] GC(3) User=0.00s Sys=0.00s Real=0.00s
[2020-10-06T04:05:41.575+0000][36436][safepoint    ] Safepoint "G1Concurrent", Time since last: 5290000 ns, Reaching safepoint: 613900 ns, At safepoint: 1435200 ns, Total: 2049100 ns
[2020-10-06T04:05:41.575+0000][36436][gc,marking   ] GC(3) Concurrent Cleanup for Next Mark
[2020-10-06T04:05:41.577+0000][36436][gc,marking   ] GC(3) Concurrent Cleanup for Next Mark 1.886ms
[2020-10-06T04:05:41.577+0000][36436][gc           ] GC(3) Concurrent Cycle 60.378ms
[2020-10-06T04:05:43.477+0000][36436][safepoint    ] Safepoint "Cleanup", Time since last: 1901138700 ns, Reaching safepoint: 632800 ns, At safepoint: 17100 ns, Total: 649900 ns
[2020-10-06T04:05:45.324+0000][36436][safepoint    ] Safepoint "Cleanup", Time since last: 1846808200 ns, Reaching safepoint: 95300 ns, At safepoint: 2900 ns, Total: 98200 ns
[2020-10-06T04:05:46.344+0000][36436][safepoint    ] Safepoint "Cleanup", Time since last: 1019599000 ns, Reaching safepoint: 192900 ns, At safepoint: 2700 ns, Total: 195600 ns
[2020-10-06T04:05:47.753+0000][36436][gc,start     ] GC(4) Pause Young (Normal) (G1 Evacuation Pause)
[2020-10-06T04:05:47.753+0000][36436][gc,task      ] GC(4) Using 8 workers of 8 for evacuation
[2020-10-06T04:05:47.753+0000][36436][gc,age       ] GC(4) Desired survivor size 38273024 bytes, new threshold 15 (max threshold 15)
[2020-10-06T04:05:47.766+0000][36436][gc,age       ] GC(4) Age table with threshold 15 (max threshold 15)
[2020-10-06T04:05:47.766+0000][36436][gc,age       ] GC(4) - age   1:    9764056 bytes,    9764056 total
[2020-10-06T04:05:47.766+0000][36436][gc,age       ] GC(4) - age   2:    5589368 bytes,   15353424 total
[2020-10-06T04:05:47.766+0000][36436][gc,age       ] GC(4) - age   3:    1055712 bytes,   16409136 total
[2020-10-06T04:05:47.766+0000][36436][gc,phases    ] GC(4)   Pre Evacuate Collection Set: 0.2ms
[2020-10-06T04:05:47.767+0000][36436][gc,phases    ] GC(4)   Merge Heap Roots: 0.1ms
[2020-10-06T04:05:47.767+0000][36436][gc,phases    ] GC(4)   Evacuate Collection Set: 11.3ms
[2020-10-06T04:05:47.767+0000][36436][gc,phases    ] GC(4)   Post Evacuate Collection Set: 1.6ms
[2020-10-06T04:05:47.767+0000][36436][gc,phases    ] GC(4)   Other: 0.8ms
[2020-10-06T04:05:47.767+0000][36436][gc,heap      ] GC(4) Eden regions: 574->0(597)
[2020-10-06T04:05:47.767+0000][36436][gc,heap      ] GC(4) Survivor regions: 7->17(73)
[2020-10-06T04:05:47.767+0000][36436][gc,heap      ] GC(4) Old regions: 5->5
[2020-10-06T04:05:47.767+0000][36436][gc,heap      ] GC(4) Archive regions: 0->0
[2020-10-06T04:05:47.767+0000][36436][gc,heap      ] GC(4) Humongous regions: 2->1
[2020-10-06T04:05:47.767+0000][36436][gc,metaspace ] GC(4) Metaspace: 28361K(30384K)->28361K(30384K) NonClass: 24904K(26288K)->24904K(26288K) Class: 3457K(4096K)->3457K(4096K)
[2020-10-06T04:05:47.767+0000][36436][gc           ] GC(4) Pause Young (Normal) (G1 Evacuation Pause) 587M->22M(1024M) 14.536ms
[2020-10-06T04:05:47.767+0000][36436][gc,cpu       ] GC(4) User=0.13s Sys=0.00s Real=0.01s
[2020-10-06T04:05:47.767+0000][36436][safepoint    ] Safepoint "G1CollectForAllocation", Time since last: 1408798500 ns, Reaching safepoint: 222800 ns, At safepoint: 14741800 ns, Total: 14964600 ns
[2020-10-06T04:05:47.800+0000][36436][safepoint    ] Safepoint "BulkRevokeBias", Time since last: 28061800 ns, Reaching safepoint: 989500 ns, At safepoint: 3755000 ns, Total: 4744500 ns
[2020-10-06T04:05:47.801+0000][36436][safepoint    ] Safepoint "BulkRevokeBias", Time since last: 417700 ns, Reaching safepoint: 69000 ns, At safepoint: 370900 ns, Total: 439900 ns
[2020-10-06T04:05:48.803+0000][36436][safepoint    ] Safepoint "Cleanup", Time since last: 1000213400 ns, Reaching safepoint: 1106500 ns, At safepoint: 25100 ns, Total: 1131600 ns
[2020-10-06T04:05:49.805+0000][36436][safepoint    ] Safepoint "Cleanup", Time since last: 1000455300 ns, Reaching safepoint: 93400 ns, At safepoint: 2595900 ns, Total: 2689300 ns
[2020-10-06T04:05:51.480+0000][36436][gc,start     ] GC(5) Pause Young (Concurrent Start) (Metadata GC Threshold)
[2020-10-06T04:05:51.480+0000][36436][gc,task      ] GC(5) Using 8 workers of 8 for evacuation
[2020-10-06T04:05:51.480+0000][36436][gc,age       ] GC(5) Desired survivor size 40370176 bytes, new threshold 15 (max threshold 15)
[2020-10-06T04:05:51.523+0000][36436][gc,age       ] GC(5) Age table with threshold 15 (max threshold 15)
[2020-10-06T04:05:51.523+0000][36436][gc,age       ] GC(5) - age   1:   30138984 bytes,   30138984 total
[2020-10-06T04:05:51.523+0000][36436][gc,age       ] GC(5) - age   2:    9642624 bytes,   39781608 total
[2020-10-06T04:05:51.523+0000][36436][gc,age       ] GC(5) - age   3:    5556568 bytes,   45338176 total
[2020-10-06T04:05:51.523+0000][36436][gc,age       ] GC(5) - age   4:    1054816 bytes,   46392992 total
[2020-10-06T04:05:51.523+0000][36436][gc,phases    ] GC(5)   Pre Evacuate Collection Set: 0.3ms
[2020-10-06T04:05:51.523+0000][36436][gc,phases    ] GC(5)   Merge Heap Roots: 0.1ms
[2020-10-06T04:05:51.523+0000][36436][gc,phases    ] GC(5)   Evacuate Collection Set: 40.3ms
[2020-10-06T04:05:51.523+0000][36436][gc,phases    ] GC(5)   Post Evacuate Collection Set: 1.6ms
[2020-10-06T04:05:51.523+0000][36436][gc,phases    ] GC(5)   Other: 0.8ms
[2020-10-06T04:05:51.523+0000][36436][gc,heap      ] GC(5) Eden regions: 186->0(424)
[2020-10-06T04:05:51.523+0000][36436][gc,heap      ] GC(5) Survivor regions: 17->46(77)
[2020-10-06T04:05:51.523+0000][36436][gc,heap      ] GC(5) Old regions: 5->5
[2020-10-06T04:05:51.523+0000][36436][gc,heap      ] GC(5) Archive regions: 0->0
[2020-10-06T04:05:51.523+0000][36436][gc,heap      ] GC(5) Humongous regions: 1->1
[2020-10-06T04:05:51.524+0000][36436][gc,metaspace ] GC(5) Metaspace: 33374K(35708K)->33374K(35708K) NonClass: 29134K(30588K)->29134K(30588K) Class: 4240K(5120K)->4240K(5120K)
[2020-10-06T04:05:51.524+0000][36436][gc           ] GC(5) Pause Young (Concurrent Start) (Metadata GC Threshold) 208M->51M(1024M) 43.646ms
[2020-10-06T04:05:51.524+0000][36436][gc,cpu       ] GC(5) User=0.25s Sys=0.00s Real=0.04s
[2020-10-06T04:05:51.524+0000][36436][gc           ] GC(6) Concurrent Cycle
[2020-10-06T04:05:51.524+0000][36436][gc,marking   ] GC(6) Concurrent Clear Claimed Marks
[2020-10-06T04:05:51.524+0000][36436][gc,marking   ] GC(6) Concurrent Clear Claimed Marks 0.156ms
[2020-10-06T04:05:51.524+0000][36436][gc,marking   ] GC(6) Concurrent Scan Root Regions
[2020-10-06T04:05:51.524+0000][36436][safepoint    ] Safepoint "CollectForMetadataAllocation", Time since last: 1674260400 ns, Reaching safepoint: 341500 ns, At safepoint: 44250400 ns, Total: 44591900 ns
[2020-10-06T04:05:51.560+0000][36436][gc,marking   ] GC(6) Concurrent Scan Root Regions 36.146ms
[2020-10-06T04:05:51.560+0000][36436][gc,marking   ] GC(6) Concurrent Mark (21.803s)
[2020-10-06T04:05:51.561+0000][36436][gc,marking   ] GC(6) Concurrent Mark From Roots
[2020-10-06T04:05:51.561+0000][36436][gc,task      ] GC(6) Using 2 workers of 2 for marking
[2020-10-06T04:05:51.573+0000][36436][gc,marking   ] GC(6) Concurrent Mark From Roots 12.837ms
[2020-10-06T04:05:51.573+0000][36436][gc,marking   ] GC(6) Concurrent Preclean
[2020-10-06T04:05:51.574+0000][36436][gc,marking   ] GC(6) Concurrent Preclean 0.539ms
[2020-10-06T04:05:51.574+0000][36436][gc,marking   ] GC(6) Concurrent Mark (21.803s, 21.817s) 13.728ms
[2020-10-06T04:05:51.581+0000][36436][gc,start     ] GC(6) Pause Remark
[2020-10-06T04:05:51.583+0000][36436][gc           ] GC(6) Pause Remark 52M->52M(1024M) 2.571ms
[2020-10-06T04:05:51.583+0000][36436][gc,cpu       ] GC(6) User=0.00s Sys=0.00s Real=0.00s
[2020-10-06T04:05:51.583+0000][36436][safepoint    ] Safepoint "G1Concurrent", Time since last: 50140100 ns, Reaching safepoint: 6323100 ns, At safepoint: 2809800 ns, Total: 9132900 ns
[2020-10-06T04:05:51.584+0000][36436][gc,marking   ] GC(6) Concurrent Rebuild Remembered Sets
[2020-10-06T04:05:51.589+0000][36436][gc,marking   ] GC(6) Concurrent Rebuild Remembered Sets 5.178ms
[2020-10-06T04:05:51.589+0000][36436][gc,start     ] GC(6) Pause Cleanup
[2020-10-06T04:05:51.590+0000][36436][gc           ] GC(6) Pause Cleanup 52M->52M(1024M) 0.337ms
[2020-10-06T04:05:51.590+0000][36436][gc,cpu       ] GC(6) User=0.00s Sys=0.00s Real=0.00s
[2020-10-06T04:05:51.590+0000][36436][safepoint    ] Safepoint "G1Concurrent", Time since last: 5440700 ns, Reaching safepoint: 484600 ns, At safepoint: 587000 ns, Total: 1071600 ns
[2020-10-06T04:05:51.590+0000][36436][gc,marking   ] GC(6) Concurrent Cleanup for Next Mark
[2020-10-06T04:05:51.592+0000][36436][gc,marking   ] GC(6) Concurrent Cleanup for Next Mark 2.009ms
[2020-10-06T04:05:51.592+0000][36436][gc           ] GC(6) Concurrent Cycle 68.357ms
[2020-10-06T04:05:52.656+0000][36436][safepoint    ] Safepoint "Cleanup", Time since last: 1065343000 ns, Reaching safepoint: 171100 ns, At safepoint: 3400 ns, Total: 174500 ns
[2020-10-06T04:05:53.656+0000][36436][safepoint    ] Safepoint "Cleanup", Time since last: 1000103600 ns, Reaching safepoint: 167900 ns, At safepoint: 22700 ns, Total: 190600 ns
[2020-10-06T04:05:54.656+0000][36436][safepoint    ] Safepoint "Cleanup", Time since last: 1000022400 ns, Reaching safepoint: 86800 ns, At safepoint: 22400 ns, Total: 109200 ns
[2020-10-06T04:05:55.108+0000][36436][safepoint    ] Safepoint "ICBufferFull", Time since last: 451797300 ns, Reaching safepoint: 257800 ns, At safepoint: 47400 ns, Total: 305200 ns
[2020-10-06T04:05:55.986+0000][36436][safepoint    ] Safepoint "BulkRevokeBias", Time since last: 877137600 ns, Reaching safepoint: 424300 ns, At safepoint: 201700 ns, Total: 626000 ns
[2020-10-06T04:05:56.204+0000][36436][safepoint    ] Safepoint "BulkRevokeBias", Time since last: 217288600 ns, Reaching safepoint: 66700 ns, At safepoint: 183500 ns, Total: 250200 ns
[2020-10-06T04:05:56.208+0000][36436][safepoint    ] Safepoint "BulkRevokeBias", Time since last: 4087700 ns, Reaching safepoint: 95500 ns, At safepoint: 183700 ns, Total: 279200 ns
[2020-10-06T04:05:56.216+0000][36436][safepoint    ] Safepoint "BulkRevokeBias", Time since last: 7422400 ns, Reaching safepoint: 66400 ns, At safepoint: 237500 ns, Total: 303900 ns
[2020-10-06T04:05:57.225+0000][36436][safepoint    ] Safepoint "Cleanup", Time since last: 1009220800 ns, Reaching safepoint: 725500 ns, At safepoint: 65900 ns, Total: 791400 ns
[2020-10-06T04:05:58.535+0000][36436][gc,start     ] GC(7) Pause Young (Concurrent Start) (Metadata GC Threshold)
[2020-10-06T04:05:58.535+0000][36436][gc,task      ] GC(7) Using 8 workers of 8 for evacuation
[2020-10-06T04:05:58.535+0000][36436][gc,age       ] GC(7) Desired survivor size 37224448 bytes, new threshold 2 (max threshold 15)
[2020-10-06T04:05:58.579+0000][36436][gc,age       ] GC(7) Age table with threshold 2 (max threshold 15)
[2020-10-06T04:05:58.579+0000][36436][gc,age       ] GC(7) - age   1:    8738848 bytes,    8738848 total
[2020-10-06T04:05:58.579+0000][36436][gc,age       ] GC(7) - age   2:   30006736 bytes,   38745584 total
[2020-10-06T04:05:58.579+0000][36436][gc,phases    ] GC(7)   Pre Evacuate Collection Set: 0.4ms
[2020-10-06T04:05:58.579+0000][36436][gc,phases    ] GC(7)   Merge Heap Roots: 0.1ms
[2020-10-06T04:05:58.579+0000][36436][gc,phases    ] GC(7)   Evacuate Collection Set: 41.0ms
[2020-10-06T04:05:58.579+0000][36436][gc,phases    ] GC(7)   Post Evacuate Collection Set: 1.9ms
[2020-10-06T04:05:58.579+0000][36436][gc,phases    ] GC(7)   Other: 0.8ms
[2020-10-06T04:05:58.579+0000][36436][gc,heap      ] GC(7) Eden regions: 246->0(274)
[2020-10-06T04:05:58.579+0000][36436][gc,heap      ] GC(7) Survivor regions: 46->40(71)
[2020-10-06T04:05:58.579+0000][36436][gc,heap      ] GC(7) Old regions: 5->21
[2020-10-06T04:05:58.579+0000][36436][gc,heap      ] GC(7) Archive regions: 0->0
[2020-10-06T04:05:58.579+0000][36436][gc,heap      ] GC(7) Humongous regions: 1->1
[2020-10-06T04:05:58.580+0000][36436][gc,metaspace ] GC(7) Metaspace: 55726K(59900K)->55726K(59900K) NonClass: 48123K(50556K)->48123K(50556K) Class: 7602K(9344K)->7602K(9344K)
[2020-10-06T04:05:58.580+0000][36436][gc           ] GC(7) Pause Young (Concurrent Start) (Metadata GC Threshold) 297M->61M(1024M) 44.721ms
[2020-10-06T04:05:58.580+0000][36436][gc,cpu       ] GC(7) User=0.31s Sys=0.00s Real=0.04s
[2020-10-06T04:05:58.580+0000][36436][gc           ] GC(8) Concurrent Cycle
[2020-10-06T04:05:58.580+0000][36436][gc,marking   ] GC(8) Concurrent Clear Claimed Marks
[2020-10-06T04:05:58.580+0000][36436][gc,marking   ] GC(8) Concurrent Clear Claimed Marks 0.256ms
[2020-10-06T04:05:58.580+0000][36436][gc,marking   ] GC(8) Concurrent Scan Root Regions
[2020-10-06T04:05:58.580+0000][36436][safepoint    ] Safepoint "CollectForMetadataAllocation", Time since last: 1307315600 ns, Reaching safepoint: 1718700 ns, At safepoint: 45372900 ns, Total: 47091600 ns
[2020-10-06T04:05:58.627+0000][36436][gc,marking   ] GC(8) Concurrent Scan Root Regions 47.288ms
[2020-10-06T04:05:58.628+0000][36436][gc,marking   ] GC(8) Concurrent Mark (28.870s)
[2020-10-06T04:05:58.628+0000][36436][gc,marking   ] GC(8) Concurrent Mark From Roots
[2020-10-06T04:05:58.628+0000][36436][gc,task      ] GC(8) Using 2 workers of 2 for marking
[2020-10-06T04:05:58.639+0000][36436][gc,marking   ] GC(8) Concurrent Mark From Roots 11.155ms
[2020-10-06T04:05:58.639+0000][36436][gc,marking   ] GC(8) Concurrent Preclean
[2020-10-06T04:05:58.639+0000][36436][gc,marking   ] GC(8) Concurrent Preclean 0.461ms
[2020-10-06T04:05:58.639+0000][36436][gc,marking   ] GC(8) Concurrent Mark (28.870s, 28.881s) 11.843ms
[2020-10-06T04:05:58.640+0000][36436][gc,start     ] GC(8) Pause Remark
[2020-10-06T04:05:58.642+0000][36436][gc           ] GC(8) Pause Remark 61M->61M(1024M) 2.901ms
[2020-10-06T04:05:58.643+0000][36436][gc,cpu       ] GC(8) User=0.00s Sys=0.00s Real=0.00s
[2020-10-06T04:05:58.646+0000][36436][safepoint    ] Safepoint "G1Concurrent", Time since last: 59230300 ns, Reaching safepoint: 112500 ns, At safepoint: 6033900 ns, Total: 6146400 ns
[2020-10-06T04:05:58.646+0000][36436][gc,marking   ] GC(8) Concurrent Rebuild Remembered Sets
[2020-10-06T04:05:58.670+0000][36436][gc,marking   ] GC(8) Concurrent Rebuild Remembered Sets 24.463ms
[2020-10-06T04:05:58.672+0000][36436][gc,start     ] GC(8) Pause Cleanup
[2020-10-06T04:05:58.672+0000][36436][gc           ] GC(8) Pause Cleanup 61M->61M(1024M) 0.320ms
[2020-10-06T04:05:58.673+0000][36436][gc,cpu       ] GC(8) User=0.00s Sys=0.00s Real=0.00s
[2020-10-06T04:05:58.686+0000][36436][safepoint    ] Safepoint "G1Concurrent", Time since last: 24729300 ns, Reaching safepoint: 1834000 ns, At safepoint: 14254500 ns, Total: 16088500 ns
[2020-10-06T04:05:58.687+0000][36436][gc,marking   ] GC(8) Concurrent Cleanup for Next Mark
[2020-10-06T04:05:58.688+0000][36436][gc,marking   ] GC(8) Concurrent Cleanup for Next Mark 1.704ms
[2020-10-06T04:05:58.688+0000][36436][gc           ] GC(8) Concurrent Cycle 108.698ms
[2020-10-06T04:06:00.044+0000][36436][safepoint    ] Safepoint "Cleanup", Time since last: 1356966100 ns, Reaching safepoint: 1115300 ns, At safepoint: 7400 ns, Total: 1122700 ns
[2020-10-06T04:06:01.104+0000][36436][safepoint    ] Safepoint "Cleanup", Time since last: 1059356600 ns, Reaching safepoint: 172400 ns, At safepoint: 3600 ns, Total: 176000 ns
[2020-10-06T04:06:01.753+0000][36436][safepoint    ] Safepoint "BulkRevokeBias", Time since last: 646075400 ns, Reaching safepoint: 223600 ns, At safepoint: 2815000 ns, Total: 3038600 ns
[2020-10-06T04:06:03.731+0000][36436][safepoint    ] Safepoint "Cleanup", Time since last: 1977454500 ns, Reaching safepoint: 386200 ns, At safepoint: 22600 ns, Total: 408800 ns
[2020-10-06T04:06:04.756+0000][36436][safepoint    ] Safepoint "Cleanup", Time since last: 1025771300 ns, Reaching safepoint: 119300 ns, At safepoint: 5800 ns, Total: 125100 ns
[2020-10-06T04:06:05.017+0000][36436][safepoint    ] Safepoint "BulkRevokeBias", Time since last: 236168900 ns, Reaching safepoint: 22777400 ns, At safepoint: 1490500 ns, Total: 24267900 ns
[2020-10-06T04:06:05.028+0000][36436][safepoint    ] Safepoint "BulkRevokeBias", Time since last: 114700 ns, Reaching safepoint: 314100 ns, At safepoint: 10757700 ns, Total: 11071800 ns
[2020-10-06T04:06:05.068+0000][36436][safepoint    ] Safepoint "BulkRevokeBias", Time since last: 141600 ns, Reaching safepoint: 32076900 ns, At safepoint: 7638800 ns, Total: 39715700 ns
[2020-10-06T04:06:05.226+0000][36436][safepoint    ] Safepoint "BulkRevokeBias", Time since last: 133829400 ns, Reaching safepoint: 22536200 ns, At safepoint: 963500 ns, Total: 23499700 ns
[2020-10-06T04:06:05.477+0000][36436][safepoint    ] Safepoint "BulkRevokeBias", Time since last: 250018600 ns, Reaching safepoint: 111100 ns, At safepoint: 1059000 ns, Total: 1170100 ns
[2020-10-06T04:06:05.987+0000][36436][safepoint    ] Safepoint "BulkRevokeBias", Time since last: 502166700 ns, Reaching safepoint: 279900 ns, At safepoint: 7973400 ns, Total: 8253300 ns
[2020-10-06T04:06:06.669+0000][36436][safepoint    ] Safepoint "ICBufferFull", Time since last: 681723900 ns, Reaching safepoint: 267800 ns, At safepoint: 18300 ns, Total: 286100 ns
[2020-10-06T04:06:06.921+0000][36436][safepoint    ] Safepoint "BulkRevokeBias", Time since last: 250762400 ns, Reaching safepoint: 197800 ns, At safepoint: 1088900 ns, Total: 1286700 ns
[2020-10-06T04:06:07.373+0000][36436][safepoint    ] Safepoint "BulkRevokeBias", Time since last: 450440500 ns, Reaching safepoint: 178900 ns, At safepoint: 1381200 ns, Total: 1560100 ns
[2020-10-06T04:06:08.442+0000][36436][safepoint    ] Safepoint "Cleanup", Time since last: 1061727600 ns, Reaching safepoint: 6689000 ns, At safepoint: 587400 ns, Total: 7276400 ns
[2020-10-06T04:06:09.086+0000][36436][safepoint    ] Safepoint "ICBufferFull", Time since last: 636710700 ns, Reaching safepoint: 6881800 ns, At safepoint: 115500 ns, Total: 6997300 ns
[2020-10-06T04:06:10.014+0000][36436][safepoint    ] Safepoint "BulkRevokeBias", Time since last: 926544700 ns, Reaching safepoint: 228000 ns, At safepoint: 1314700 ns, Total: 1542700 ns
[2020-10-06T04:06:10.022+0000][36436][safepoint    ] Safepoint "BulkRevokeBias", Time since last: 3196300 ns, Reaching safepoint: 1804200 ns, At safepoint: 2572100 ns, Total: 4376300 ns
[2020-10-06T04:06:10.028+0000][36436][safepoint    ] Safepoint "BulkRevokeBias", Time since last: 5289600 ns, Reaching safepoint: 111500 ns, At safepoint: 1322800 ns, Total: 1434300 ns
[2020-10-06T04:06:10.518+0000][36436][gc,start     ] GC(9) Pause Young (Normal) (G1 Evacuation Pause)
[2020-10-06T04:06:10.518+0000][36436][gc,task      ] GC(9) Using 8 workers of 8 for evacuation
[2020-10-06T04:06:10.518+0000][36436][gc,age       ] GC(9) Desired survivor size 27787264 bytes, new threshold 2 (max threshold 15)
[2020-10-06T04:06:10.563+0000][36436][gc,age       ] GC(9) Age table with threshold 2 (max threshold 15)
[2020-10-06T04:06:10.563+0000][36436][gc,age       ] GC(9) - age   1:   11561216 bytes,   11561216 total
[2020-10-06T04:06:10.563+0000][36436][gc,age       ] GC(9) - age   2:    8223720 bytes,   19784936 total
[2020-10-06T04:06:10.563+0000][36436][gc,phases    ] GC(9)   Pre Evacuate Collection Set: 0.2ms
[2020-10-06T04:06:10.563+0000][36436][gc,phases    ] GC(9)   Merge Heap Roots: 0.1ms
[2020-10-06T04:06:10.563+0000][36436][gc,phases    ] GC(9)   Evacuate Collection Set: 41.7ms
[2020-10-06T04:06:10.563+0000][36436][gc,phases    ] GC(9)   Post Evacuate Collection Set: 2.1ms
[2020-10-06T04:06:10.563+0000][36436][gc,phases    ] GC(9)   Other: 0.8ms
[2020-10-06T04:06:10.563+0000][36436][gc,heap      ] GC(9) Eden regions: 384->0(593)
[2020-10-06T04:06:10.563+0000][36436][gc,heap      ] GC(9) Survivor regions: 40->21(53)
[2020-10-06T04:06:10.563+0000][36436][gc,heap      ] GC(9) Old regions: 21->50
[2020-10-06T04:06:10.563+0000][36436][gc,heap      ] GC(9) Archive regions: 0->0
[2020-10-06T04:06:10.563+0000][36436][gc,heap      ] GC(9) Humongous regions: 1->1
[2020-10-06T04:06:10.563+0000][36436][gc,metaspace ] GC(9) Metaspace: 74262K(79612K)->74262K(79612K) NonClass: 64260K(67452K)->64260K(67452K) Class: 10002K(12160K)->10002K(12160K)
[2020-10-06T04:06:10.564+0000][36436][gc           ] GC(9) Pause Young (Normal) (G1 Evacuation Pause) 445M->71M(1024M) 45.542ms
[2020-10-06T04:06:10.564+0000][36436][gc,cpu       ] GC(9) User=0.27s Sys=0.00s Real=0.05s
[2020-10-06T04:06:10.564+0000][36436][safepoint    ] Safepoint "G1CollectForAllocation", Time since last: 489603100 ns, Reaching safepoint: 164000 ns, At safepoint: 45837700 ns, Total: 46001700 ns
[2020-10-06T04:06:10.911+0000][36436][safepoint    ] Safepoint "BulkRevokeBias", Time since last: 345185700 ns, Reaching safepoint: 313900 ns, At safepoint: 1243800 ns, Total: 1557700 ns
[2020-10-06T04:06:10.912+0000][36436][safepoint    ] Safepoint "BulkRevokeBias", Time since last: 213500 ns, Reaching safepoint: 111400 ns, At safepoint: 1209600 ns, Total: 1321000 ns
[2020-10-06T04:06:11.989+0000][36436][safepoint    ] Safepoint "Cleanup", Time since last: 1041903700 ns, Reaching safepoint: 34114800 ns, At safepoint: 766400 ns, Total: 34881200 ns
[2020-10-06T04:06:12.990+0000][36436][safepoint    ] Safepoint "Cleanup", Time since last: 1000382800 ns, Reaching safepoint: 147000 ns, At safepoint: 9300 ns, Total: 156300 ns
[2020-10-06T04:06:13.727+0000][36436][safepoint    ] Safepoint "BulkRevokeBias", Time since last: 731765000 ns, Reaching safepoint: 111900 ns, At safepoint: 5384800 ns, Total: 5496700 ns
[2020-10-06T04:06:15.005+0000][36436][safepoint    ] Safepoint "Cleanup", Time since last: 1278185800 ns, Reaching safepoint: 110600 ns, At safepoint: 19900 ns, Total: 130500 ns
[2020-10-06T04:06:16.007+0000][36436][safepoint    ] Safepoint "Cleanup", Time since last: 1001120300 ns, Reaching safepoint: 122700 ns, At safepoint: 24900 ns, Total: 147600 ns
[2020-10-06T04:06:18.008+0000][36436][safepoint    ] Safepoint "Cleanup", Time since last: 2000564000 ns, Reaching safepoint: 133900 ns, At safepoint: 9500 ns, Total: 143400 ns
[2020-10-06T04:06:20.009+0000][36436][safepoint    ] Safepoint "Cleanup", Time since last: 2000682600 ns, Reaching safepoint: 135800 ns, At safepoint: 8900 ns, Total: 144700 ns
[2020-10-06T04:06:22.010+0000][36436][safepoint    ] Safepoint "Cleanup", Time since last: 2000887500 ns, Reaching safepoint: 198900 ns, At safepoint: 19900 ns, Total: 218800 ns
[2020-10-06T04:06:23.011+0000][36436][safepoint    ] Safepoint "Cleanup", Time since last: 1000372100 ns, Reaching safepoint: 123300 ns, At safepoint: 9300 ns, Total: 132600 ns
[2020-10-06T04:06:24.011+0000][36436][safepoint    ] Safepoint "Cleanup", Time since last: 1000396300 ns, Reaching safepoint: 148400 ns, At safepoint: 10600 ns, Total: 159000 ns
[2020-10-06T04:06:25.011+0000][36436][safepoint    ] Safepoint "Cleanup", Time since last: 1000026000 ns, Reaching safepoint: 107800 ns, At safepoint: 8200 ns, Total: 116000 ns
[2020-10-06T04:06:26.012+0000][36436][safepoint    ] Safepoint "Cleanup", Time since last: 1000505500 ns, Reaching safepoint: 114300 ns, At safepoint: 6400 ns, Total: 120700 ns
[2020-10-06T04:06:28.013+0000][36436][safepoint    ] Safepoint "Cleanup", Time since last: 2000647300 ns, Reaching safepoint: 113100 ns, At safepoint: 6300 ns, Total: 119400 ns
[2020-10-06T04:06:29.013+0000][36436][safepoint    ] Safepoint "Cleanup", Time since last: 1000223200 ns, Reaching safepoint: 113300 ns, At safepoint: 6400 ns, Total: 119700 ns
[2020-10-06T04:06:30.013+0000][36436][safepoint    ] Safepoint "Cleanup", Time since last: 1000125700 ns, Reaching safepoint: 116600 ns, At safepoint: 6000 ns, Total: 122600 ns
[2020-10-06T04:06:31.014+0000][36436][safepoint    ] Safepoint "Cleanup", Time since last: 1000097400 ns, Reaching safepoint: 142200 ns, At safepoint: 6500 ns, Total: 148700 ns
[2020-10-06T04:06:32.014+0000][36436][safepoint    ] Safepoint "Cleanup", Time since last: 1000378600 ns, Reaching safepoint: 150400 ns, At safepoint: 9600 ns, Total: 160000 ns
[2020-10-06T04:06:33.015+0000][36436][safepoint    ] Safepoint "Cleanup", Time since last: 1000514100 ns, Reaching safepoint: 128000 ns, At safepoint: 8300 ns, Total: 136300 ns
[2020-10-06T04:06:35.015+0000][36436][safepoint    ] Safepoint "Cleanup", Time since last: 1999994800 ns, Reaching safepoint: 239000 ns, At safepoint: 10600 ns, Total: 249600 ns
[2020-10-06T04:06:36.016+0000][36436][safepoint    ] Safepoint "Cleanup", Time since last: 1000729000 ns, Reaching safepoint: 122700 ns, At safepoint: 23600 ns, Total: 146300 ns
[2020-10-06T04:06:37.951+0000][36436][safepoint    ] Safepoint "Cleanup", Time since last: 1934282900 ns, Reaching safepoint: 109600 ns, At safepoint: 6300 ns, Total: 115900 ns
[2020-10-06T04:06:38.955+0000][36436][safepoint    ] Safepoint "Cleanup", Time since last: 1003959400 ns, Reaching safepoint: 147500 ns, At safepoint: 63600 ns, Total: 211100 ns
[2020-10-06T04:06:38.991+0000][36436][safepoint    ] Safepoint "BulkRevokeBias", Time since last: 31595300 ns, Reaching safepoint: 131800 ns, At safepoint: 4244800 ns, Total: 4376600 ns
[2020-10-06T04:06:39.041+0000][36436][safepoint    ] Safepoint "BulkRevokeBias", Time since last: 47431300 ns, Reaching safepoint: 137300 ns, At safepoint: 2703700 ns, Total: 2841000 ns
[2020-10-06T04:06:39.295+0000][36436][safepoint    ] Safepoint "BulkRevokeBias", Time since last: 252429900 ns, Reaching safepoint: 157100 ns, At safepoint: 962100 ns, Total: 1119200 ns
[2020-10-06T04:06:41.166+0000][36436][safepoint    ] Safepoint "Cleanup", Time since last: 1870628200 ns, Reaching safepoint: 202900 ns, At safepoint: 39000 ns, Total: 241900 ns
[2020-10-06T04:06:42.167+0000][36436][safepoint    ] Safepoint "Cleanup", Time since last: 1000538900 ns, Reaching safepoint: 118900 ns, At safepoint: 25100 ns, Total: 144000 ns
[2020-10-06T04:06:47.170+0000][36436][safepoint    ] Safepoint "Cleanup", Time since last: 5003069300 ns, Reaching safepoint: 137000 ns, At safepoint: 22800 ns, Total: 159800 ns
[2020-10-06T04:06:52.173+0000][36436][safepoint    ] Safepoint "Cleanup", Time since last: 5002544900 ns, Reaching safepoint: 155100 ns, At safepoint: 21200 ns, Total: 176300 ns
[2020-10-06T04:06:54.174+0000][36436][safepoint    ] Safepoint "Cleanup", Time since last: 2000461900 ns, Reaching safepoint: 164900 ns, At safepoint: 31000 ns, Total: 195900 ns
[2020-10-06T04:06:59.176+0000][36436][safepoint    ] Safepoint "Cleanup", Time since last: 5002110800 ns, Reaching safepoint: 155500 ns, At safepoint: 26200 ns, Total: 181700 ns
[2020-10-06T04:07:01.177+0000][36436][safepoint    ] Safepoint "Cleanup", Time since last: 2000632300 ns, Reaching safepoint: 260900 ns, At safepoint: 55900 ns, Total: 316800 ns
[2020-10-06T04:07:04.177+0000][36436][safepoint    ] Safepoint "Cleanup", Time since last: 2999905700 ns, Reaching safepoint: 133100 ns, At safepoint: 26300 ns, Total: 159400 ns
[2020-10-06T04:07:05.027+0000][36436][safepoint    ] Safepoint "BulkRevokeBias", Time since last: 844482200 ns, Reaching safepoint: 138200 ns, At safepoint: 5436600 ns, Total: 5574800 ns
[2020-10-06T04:07:06.028+0000][36436][safepoint    ] Safepoint "Cleanup", Time since last: 1000119100 ns, Reaching safepoint: 138200 ns, At safepoint: 13900 ns, Total: 152100 ns
[2020-10-06T04:07:07.954+0000][36436][safepoint    ] Safepoint "Cleanup", Time since last: 1925808000 ns, Reaching safepoint: 144900 ns, At safepoint: 10000 ns, Total: 154900 ns
[2020-10-06T04:07:09.015+0000][36436][safepoint    ] Safepoint "Cleanup", Time since last: 1060642200 ns, Reaching safepoint: 134300 ns, At safepoint: 8700 ns, Total: 143000 ns
[2020-10-06T04:07:09.300+0000][36436][safepoint    ] Safepoint "BulkRevokeBias", Time since last: 283645600 ns, Reaching safepoint: 132000 ns, At safepoint: 1303400 ns, Total: 1435400 ns
[2020-10-06T04:07:15.303+0000][36436][safepoint    ] Safepoint "Cleanup", Time since last: 6002746800 ns, Reaching safepoint: 146400 ns, At safepoint: 7300 ns, Total: 153700 ns
[2020-10-06T04:07:21.306+0000][36436][safepoint    ] Safepoint "Cleanup", Time since last: 6003022200 ns, Reaching safepoint: 151300 ns, At safepoint: 8400 ns, Total: 159700 ns
[2020-10-06T04:07:29.311+0000][36436][safepoint    ] Safepoint "Cleanup", Time since last: 8004140700 ns, Reaching safepoint: 99500 ns, At safepoint: 19500 ns, Total: 119000 ns
[2020-10-06T04:07:31.312+0000][36436][safepoint    ] Safepoint "Cleanup", Time since last: 2000970700 ns, Reaching safepoint: 129200 ns, At safepoint: 5500 ns, Total: 134700 ns
[2020-10-06T04:07:34.313+0000][36436][safepoint    ] Safepoint "Cleanup", Time since last: 3000292200 ns, Reaching safepoint: 167900 ns, At safepoint: 6700 ns, Total: 174600 ns
[2020-10-06T04:07:36.037+0000][36436][safepoint    ] Safepoint "Cleanup", Time since last: 1724088200 ns, Reaching safepoint: 124900 ns, At safepoint: 7700 ns, Total: 132600 ns
[2020-10-06T04:07:39.954+0000][36436][safepoint    ] Safepoint "Cleanup", Time since last: 3916859400 ns, Reaching safepoint: 104300 ns, At safepoint: 22400 ns, Total: 126700 ns
[2020-10-06T04:07:44.958+0000][36436][safepoint    ] Safepoint "Cleanup", Time since last: 5003408200 ns, Reaching safepoint: 214700 ns, At safepoint: 15600 ns, Total: 230300 ns
[2020-10-06T04:07:47.960+0000][36436][safepoint    ] Safepoint "Cleanup", Time since last: 3001192400 ns, Reaching safepoint: 133600 ns, At safepoint: 19100 ns, Total: 152700 ns
[2020-10-06T04:07:48.961+0000][36436][safepoint    ] Safepoint "Cleanup", Time since last: 1000625300 ns, Reaching safepoint: 146800 ns, At safepoint: 7200 ns, Total: 154000 ns
[2020-10-06T04:07:53.963+0000][36436][safepoint    ] Safepoint "Cleanup", Time since last: 5001924500 ns, Reaching safepoint: 121700 ns, At safepoint: 6500 ns, Total: 128200 ns
[2020-10-06T04:07:58.966+0000][36436][safepoint    ] Safepoint "Cleanup", Time since last: 5003069400 ns, Reaching safepoint: 99500 ns, At safepoint: 18400 ns, Total: 117900 ns
[2020-10-06T04:08:01.968+0000][36436][safepoint    ] Safepoint "Cleanup", Time since last: 3001250400 ns, Reaching safepoint: 174700 ns, At safepoint: 7600 ns, Total: 182300 ns
[2020-10-06T04:08:05.970+0000][36436][safepoint    ] Safepoint "Cleanup", Time since last: 4001573700 ns, Reaching safepoint: 132800 ns, At safepoint: 7300 ns, Total: 140100 ns
[2020-10-06T04:08:08.971+0000][36436][safepoint    ] Safepoint "Cleanup", Time since last: 3001105500 ns, Reaching safepoint: 143300 ns, At safepoint: 7000 ns, Total: 150300 ns
[2020-10-06T04:08:15.976+0000][36436][safepoint    ] Safepoint "Cleanup", Time since last: 7004005700 ns, Reaching safepoint: 132300 ns, At safepoint: 4900 ns, Total: 137200 ns
[2020-10-06T04:08:18.977+0000][36436][safepoint    ] Safepoint "Cleanup", Time since last: 3000780400 ns, Reaching safepoint: 121400 ns, At safepoint: 19400 ns, Total: 140800 ns
[2020-10-06T04:08:38.987+0000][36436][safepoint    ] Safepoint "Cleanup", Time since last: 20008832900 ns, Reaching safepoint: 145200 ns, At safepoint: 6800 ns, Total: 152000 ns
[2020-10-06T04:08:46.990+0000][36436][safepoint    ] Safepoint "Cleanup", Time since last: 8003165600 ns, Reaching safepoint: 139500 ns, At safepoint: 8300 ns, Total: 147800 ns
[2020-10-06T04:08:51.994+0000][36436][safepoint    ] Safepoint "Cleanup", Time since last: 5003300200 ns, Reaching safepoint: 98200 ns, At safepoint: 13900 ns, Total: 112100 ns
[2020-10-06T04:09:05.000+0000][36436][safepoint    ] Safepoint "Cleanup", Time since last: 13005051100 ns, Reaching safepoint: 113900 ns, At safepoint: 6700 ns, Total: 120600 ns
[2020-10-06T04:09:07.001+0000][36436][safepoint    ] Safepoint "Cleanup", Time since last: 2000729400 ns, Reaching safepoint: 118900 ns, At safepoint: 6800 ns, Total: 125700 ns
[2020-10-06T04:09:36.017+0000][36436][safepoint    ] Safepoint "Cleanup", Time since last: 29015048200 ns, Reaching safepoint: 95400 ns, At safepoint: 12500 ns, Total: 107900 ns
[2020-10-06T04:09:50.025+0000][36436][safepoint    ] Safepoint "Cleanup", Time since last: 14006603900 ns, Reaching safepoint: 108400 ns, At safepoint: 4600 ns, Total: 113000 ns
[2020-10-06T04:09:51.025+0000][36436][safepoint    ] Safepoint "Cleanup", Time since last: 1000539100 ns, Reaching safepoint: 102800 ns, At safepoint: 5700 ns, Total: 108500 ns
[2020-10-06T04:09:55.028+0000][36436][safepoint    ] Safepoint "Cleanup", Time since last: 4002071700 ns, Reaching safepoint: 109400 ns, At safepoint: 4400 ns, Total: 113800 ns
[2020-10-06T04:10:06.034+0000][36436][safepoint    ] Safepoint "Cleanup", Time since last: 11005812100 ns, Reaching safepoint: 129000 ns, At safepoint: 6000 ns, Total: 135000 ns
[2020-10-06T04:10:08.035+0000][36436][safepoint    ] Safepoint "Cleanup", Time since last: 2000972900 ns, Reaching safepoint: 85400 ns, At safepoint: 4700 ns, Total: 90100 ns
[2020-10-06T04:10:10.037+0000][36436][safepoint    ] Safepoint "Cleanup", Time since last: 2001594400 ns, Reaching safepoint: 104000 ns, At safepoint: 3400 ns, Total: 107400 ns
[2020-10-06T04:10:27.047+0000][36436][safepoint    ] Safepoint "Cleanup", Time since last: 17009272700 ns, Reaching safepoint: 103200 ns, At safepoint: 5100 ns, Total: 108300 ns
[2020-10-06T04:10:32.049+0000][36436][safepoint    ] Safepoint "Cleanup", Time since last: 5001274300 ns, Reaching safepoint: 135800 ns, At safepoint: 4900 ns, Total: 140700 ns
[2020-10-06T04:10:36.050+0000][36436][safepoint    ] Safepoint "Cleanup", Time since last: 4000703900 ns, Reaching safepoint: 153800 ns, At safepoint: 5000 ns, Total: 158800 ns
[2020-10-06T04:10:38.050+0000][36436][safepoint    ] Safepoint "Cleanup", Time since last: 2000357900 ns, Reaching safepoint: 90300 ns, At safepoint: 6000 ns, Total: 96300 ns
[2020-10-06T04:10:54.060+0000][36436][safepoint    ] Safepoint "Cleanup", Time since last: 16009140200 ns, Reaching safepoint: 111700 ns, At safepoint: 5300 ns, Total: 117000 ns
[2020-10-06T04:11:06.067+0000][36436][safepoint    ] Safepoint "Cleanup", Time since last: 12005703100 ns, Reaching safepoint: 138100 ns, At safepoint: 4800 ns, Total: 142900 ns
[2020-10-06T04:11:08.849+0000][36436][safepoint    ] Safepoint "Cleanup", Time since last: 2781556800 ns, Reaching safepoint: 102100 ns, At safepoint: 20700 ns, Total: 122800 ns
[2020-10-06T04:11:09.853+0000][36436][safepoint    ] Safepoint "Cleanup", Time since last: 1004078200 ns, Reaching safepoint: 122200 ns, At safepoint: 6100 ns, Total: 128300 ns
[2020-10-06T04:11:13.855+0000][36436][safepoint    ] Safepoint "BulkRevokeBias", Time since last: 4000703700 ns, Reaching safepoint: 159400 ns, At safepoint: 824400 ns, Total: 983800 ns
[2020-10-06T04:11:13.856+0000][36436][safepoint    ] Safepoint "BulkRevokeBias", Time since last: 71600 ns, Reaching safepoint: 165300 ns, At safepoint: 680800 ns, Total: 846100 ns
[2020-10-06T04:11:13.856+0000][36436][safepoint    ] Safepoint "BulkRevokeBias", Time since last: 131700 ns, Reaching safepoint: 78800 ns, At safepoint: 614200 ns, Total: 693000 ns
[2020-10-06T04:11:16.856+0000][36436][safepoint    ] Safepoint "Cleanup", Time since last: 2999830700 ns, Reaching safepoint: 110400 ns, At safepoint: 5300 ns, Total: 115700 ns
[2020-10-06T04:11:35.867+0000][36436][safepoint    ] Safepoint "Cleanup", Time since last: 19010595400 ns, Reaching safepoint: 190200 ns, At safepoint: 7400 ns, Total: 197600 ns
[2020-10-06T04:13:04.053+0000][36436][safepoint    ] Safepoint "Cleanup", Time since last: 88183945100 ns, Reaching safepoint: 89600 ns, At safepoint: 5400 ns, Total: 95000 ns
[2020-10-06T04:13:06.054+0000][36436][safepoint    ] Safepoint "Cleanup", Time since last: 2000557000 ns, Reaching safepoint: 133600 ns, At safepoint: 5100 ns, Total: 138700 ns
[2020-10-06T04:13:07.055+0000][36436][safepoint    ] Safepoint "Cleanup", Time since last: 1000525800 ns, Reaching safepoint: 96200 ns, At safepoint: 4900 ns, Total: 101100 ns
[2020-10-06T04:13:32.067+0000][36436][safepoint    ] Safepoint "Cleanup", Time since last: 25011692400 ns, Reaching safepoint: 105700 ns, At safepoint: 4300 ns, Total: 110000 ns
[2020-10-06T04:13:39.070+0000][36436][safepoint    ] Safepoint "Cleanup", Time since last: 7002927700 ns, Reaching safepoint: 112400 ns, At safepoint: 3900 ns, Total: 116300 ns
[2020-10-06T04:13:57.079+0000][36436][safepoint    ] Safepoint "Cleanup", Time since last: 18008514300 ns, Reaching safepoint: 89600 ns, At safepoint: 4400 ns, Total: 94000 ns
[2020-10-06T04:14:09.085+0000][36436][safepoint    ] Safepoint "Cleanup", Time since last: 12005291000 ns, Reaching safepoint: 113700 ns, At safepoint: 6600 ns, Total: 120300 ns
[2020-10-06T04:14:12.087+0000][36436][safepoint    ] Safepoint "Cleanup", Time since last: 3002319700 ns, Reaching safepoint: 155900 ns, At safepoint: 5300 ns, Total: 161200 ns
[2020-10-06T04:14:19.092+0000][36436][safepoint    ] Safepoint "Cleanup", Time since last: 7004088200 ns, Reaching safepoint: 221000 ns, At safepoint: 8300 ns, Total: 229300 ns
[2020-10-06T04:14:29.098+0000][36436][safepoint    ] Safepoint "Cleanup", Time since last: 10005464500 ns, Reaching safepoint: 137600 ns, At safepoint: 4900 ns, Total: 142500 ns
[2020-10-06T04:14:36.100+0000][36436][safepoint    ] Safepoint "Cleanup", Time since last: 7002067700 ns, Reaching safepoint: 133200 ns, At safepoint: 20100 ns, Total: 153300 ns
[2020-10-06T04:14:37.101+0000][36436][safepoint    ] Safepoint "Cleanup", Time since last: 1000526300 ns, Reaching safepoint: 109100 ns, At safepoint: 5200 ns, Total: 114300 ns
[2020-10-06T04:15:18.126+0000][36436][safepoint    ] Safepoint "Cleanup", Time since last: 41023487900 ns, Reaching safepoint: 135600 ns, At safepoint: 5400 ns, Total: 141000 ns
[2020-10-06T04:15:24.129+0000][36436][safepoint    ] Safepoint "Cleanup", Time since last: 6003584200 ns, Reaching safepoint: 128700 ns, At safepoint: 5600 ns, Total: 134300 ns
[2020-10-06T04:15:29.131+0000][36436][safepoint    ] Safepoint "Cleanup", Time since last: 5001645600 ns, Reaching safepoint: 114600 ns, At safepoint: 4800 ns, Total: 119400 ns
[2020-10-06T04:16:01.149+0000][36436][safepoint    ] Safepoint "Cleanup", Time since last: 32016158600 ns, Reaching safepoint: 99200 ns, At safepoint: 5500 ns, Total: 104700 ns
[2020-10-06T04:16:06.150+0000][36436][safepoint    ] Safepoint "Cleanup", Time since last: 5001580000 ns, Reaching safepoint: 160600 ns, At safepoint: 4400 ns, Total: 165000 ns
[2020-10-06T04:16:07.960+0000][36436][safepoint    ] Safepoint "Cleanup", Time since last: 1809262800 ns, Reaching safepoint: 171200 ns, At safepoint: 7000 ns, Total: 178200 ns
[2020-10-06T04:16:09.970+0000][36436][safepoint    ] Safepoint "BulkRevokeBias", Time since last: 2009284700 ns, Reaching safepoint: 139000 ns, At safepoint: 637200 ns, Total: 776200 ns
[2020-10-06T04:16:29.980+0000][36436][safepoint    ] Safepoint "Cleanup", Time since last: 20008873300 ns, Reaching safepoint: 111200 ns, At safepoint: 4200 ns, Total: 115400 ns
[2020-10-06T04:16:35.983+0000][36436][safepoint    ] Safepoint "Cleanup", Time since last: 6002852500 ns, Reaching safepoint: 100100 ns, At safepoint: 3900 ns, Total: 104000 ns
[2020-10-06T04:16:38.984+0000][36436][safepoint    ] Safepoint "Cleanup", Time since last: 3001168300 ns, Reaching safepoint: 104800 ns, At safepoint: 3700 ns, Total: 108500 ns
[2020-10-06T04:16:40.985+0000][36436][safepoint    ] Safepoint "Cleanup", Time since last: 2000565400 ns, Reaching safepoint: 86400 ns, At safepoint: 3200 ns, Total: 89600 ns
[2020-10-06T04:16:41.986+0000][36436][safepoint    ] Safepoint "Cleanup", Time since last: 1000643400 ns, Reaching safepoint: 105000 ns, At safepoint: 4200 ns, Total: 109200 ns
[2020-10-06T04:16:47.989+0000][36436][safepoint    ] Safepoint "Cleanup", Time since last: 6003289000 ns, Reaching safepoint: 141700 ns, At safepoint: 4500 ns, Total: 146200 ns
[2020-10-06T04:16:54.992+0000][36436][safepoint    ] Safepoint "Cleanup", Time since last: 7002077200 ns, Reaching safepoint: 100300 ns, At safepoint: 3800 ns, Total: 104100 ns
[2020-10-06T04:17:05.998+0000][36436][safepoint    ] Safepoint "Cleanup", Time since last: 11006383700 ns, Reaching safepoint: 122200 ns, At safepoint: 5100 ns, Total: 127300 ns
[2020-10-06T04:17:28.009+0000][36436][safepoint    ] Safepoint "Cleanup", Time since last: 22010345300 ns, Reaching safepoint: 108300 ns, At safepoint: 4100 ns, Total: 112400 ns
[2020-10-06T04:17:32.011+0000][36436][safepoint    ] Safepoint "Cleanup", Time since last: 4001703600 ns, Reaching safepoint: 141500 ns, At safepoint: 3500 ns, Total: 145000 ns
[2020-10-06T04:17:36.013+0000][36436][safepoint    ] Safepoint "Cleanup", Time since last: 4001122400 ns, Reaching safepoint: 168200 ns, At safepoint: 4600 ns, Total: 172800 ns
[2020-10-06T04:18:36.041+0000][36436][safepoint    ] Safepoint "Cleanup", Time since last: 60026409000 ns, Reaching safepoint: 101300 ns, At safepoint: 4200 ns, Total: 105500 ns
[2020-10-06T04:19:11.059+0000][36436][safepoint    ] Safepoint "Cleanup", Time since last: 35016728500 ns, Reaching safepoint: 152800 ns, At safepoint: 4600 ns, Total: 157400 ns
[2020-10-06T04:19:33.069+0000][36436][safepoint    ] Safepoint "Cleanup", Time since last: 22009709900 ns, Reaching safepoint: 159100 ns, At safepoint: 26200 ns, Total: 185300 ns
[2020-10-06T04:19:36.070+0000][36436][safepoint    ] Safepoint "Cleanup", Time since last: 3001217400 ns, Reaching safepoint: 121400 ns, At safepoint: 4200 ns, Total: 125600 ns
[2020-10-06T04:19:53.079+0000][36436][safepoint    ] Safepoint "Cleanup", Time since last: 17008892500 ns, Reaching safepoint: 107700 ns, At safepoint: 4100 ns, Total: 111800 ns
[2020-10-06T04:20:00.082+0000][36436][safepoint    ] Safepoint "Cleanup", Time since last: 7002532700 ns, Reaching safepoint: 119800 ns, At safepoint: 5500 ns, Total: 125300 ns
[2020-10-06T04:20:36.102+0000][36436][safepoint    ] Safepoint "Cleanup", Time since last: 36018912600 ns, Reaching safepoint: 104700 ns, At safepoint: 4400 ns, Total: 109100 ns
[2020-10-06T04:20:40.104+0000][36436][safepoint    ] Safepoint "Cleanup", Time since last: 4001662700 ns, Reaching safepoint: 106600 ns, At safepoint: 5200 ns, Total: 111800 ns
[2020-10-06T04:21:11.120+0000][36436][safepoint    ] Safepoint "Cleanup", Time since last: 31016099000 ns, Reaching safepoint: 95000 ns, At safepoint: 4300 ns, Total: 99300 ns
[2020-10-06T04:22:35.162+0000][36436][safepoint    ] Safepoint "Cleanup", Time since last: 84041105700 ns, Reaching safepoint: 139200 ns, At safepoint: 4800 ns, Total: 144000 ns
[2020-10-06T04:23:35.194+0000][36436][safepoint    ] Safepoint "Cleanup", Time since last: 60031223700 ns, Reaching safepoint: 101700 ns, At safepoint: 5900 ns, Total: 107600 ns
[2020-10-06T04:23:48.200+0000][36436][safepoint    ] Safepoint "Cleanup", Time since last: 13005460400 ns, Reaching safepoint: 85400 ns, At safepoint: 4200 ns, Total: 89600 ns
[2020-10-06T04:24:34.225+0000][36436][safepoint    ] Safepoint "Cleanup", Time since last: 46024072200 ns, Reaching safepoint: 138500 ns, At safepoint: 4200 ns, Total: 142700 ns
[2020-10-06T04:24:39.227+0000][36436][safepoint    ] Safepoint "Cleanup", Time since last: 5002504600 ns, Reaching safepoint: 98100 ns, At safepoint: 19700 ns, Total: 117800 ns
[2020-10-06T04:25:05.240+0000][36436][safepoint    ] Safepoint "Cleanup", Time since last: 26012384200 ns, Reaching safepoint: 117600 ns, At safepoint: 4000 ns, Total: 121600 ns
[2020-10-06T04:27:20.018+0000][36436][safepoint    ] Safepoint "Cleanup", Time since last: 134777021500 ns, Reaching safepoint: 132100 ns, At safepoint: 4000 ns, Total: 136100 ns
[2020-10-06T04:27:28.021+0000][36436][safepoint    ] Safepoint "Cleanup", Time since last: 8002794000 ns, Reaching safepoint: 155400 ns, At safepoint: 4300 ns, Total: 159700 ns
[2020-10-06T04:28:06.038+0000][36436][safepoint    ] Safepoint "Cleanup", Time since last: 38017054100 ns, Reaching safepoint: 108800 ns, At safepoint: 4300 ns, Total: 113100 ns
[2020-10-06T04:28:20.047+0000][36436][safepoint    ] Safepoint "Cleanup", Time since last: 14008436200 ns, Reaching safepoint: 140000 ns, At safepoint: 5100 ns, Total: 145100 ns
[2020-10-06T04:28:21.048+0000][36436][safepoint    ] Safepoint "Cleanup", Time since last: 1000785900 ns, Reaching safepoint: 103100 ns, At safepoint: 4700 ns, Total: 107800 ns
[2020-10-06T04:28:37.058+0000][36436][safepoint    ] Safepoint "Cleanup", Time since last: 16009898600 ns, Reaching safepoint: 118400 ns, At safepoint: 5500 ns, Total: 123900 ns
[2020-10-06T04:28:39.059+0000][36436][safepoint    ] Safepoint "Cleanup", Time since last: 2001399700 ns, Reaching safepoint: 136900 ns, At safepoint: 6600 ns, Total: 143500 ns
[2020-10-06T04:29:12.084+0000][36436][safepoint    ] Safepoint "Cleanup", Time since last: 33024584300 ns, Reaching safepoint: 131300 ns, At safepoint: 7700 ns, Total: 139000 ns
[2020-10-06T04:30:57.138+0000][36436][safepoint    ] Safepoint "Cleanup", Time since last: 105053171900 ns, Reaching safepoint: 99900 ns, At safepoint: 3800 ns, Total: 103700 ns
[2020-10-06T04:31:55.166+0000][36436][safepoint    ] Safepoint "Cleanup", Time since last: 58027744100 ns, Reaching safepoint: 134300 ns, At safepoint: 7600 ns, Total: 141900 ns
[2020-10-06T04:32:06.170+0000][36436][safepoint    ] Safepoint "Cleanup", Time since last: 11004287900 ns, Reaching safepoint: 118600 ns, At safepoint: 6900 ns, Total: 125500 ns
[2020-10-06T04:32:10.172+0000][36436][safepoint    ] Safepoint "Cleanup", Time since last: 4001720800 ns, Reaching safepoint: 102100 ns, At safepoint: 5600 ns, Total: 107700 ns
[2020-10-06T04:32:24.181+0000][36436][safepoint    ] Safepoint "Cleanup", Time since last: 14008701600 ns, Reaching safepoint: 131200 ns, At safepoint: 3600 ns, Total: 134800 ns
[2020-10-06T04:32:26.181+0000][36436][safepoint    ] Safepoint "Cleanup", Time since last: 2000203000 ns, Reaching safepoint: 124400 ns, At safepoint: 13400 ns, Total: 137800 ns
[2020-10-06T04:32:53.708+0000][36436][safepoint    ] Safepoint "Cleanup", Time since last: 27527643800 ns, Reaching safepoint: 99500 ns, At safepoint: 5300 ns, Total: 104800 ns
[2020-10-06T04:32:54.937+0000][36436][safepoint    ] Safepoint "Cleanup", Time since last: 1227204500 ns, Reaching safepoint: 159200 ns, At safepoint: 72400 ns, Total: 231600 ns
[2020-10-06T04:33:05.253+0000][36436][safepoint    ] Safepoint "Cleanup", Time since last: 10316136200 ns, Reaching safepoint: 191200 ns, At safepoint: 4100 ns, Total: 195300 ns
[2020-10-06T04:33:35.272+0000][36436][safepoint    ] Safepoint "Cleanup", Time since last: 30018522600 ns, Reaching safepoint: 178300 ns, At safepoint: 4300 ns, Total: 182600 ns
[2020-10-06T04:34:17.086+0000][36436][safepoint    ] Safepoint "Cleanup", Time since last: 41803364500 ns, Reaching safepoint: 10617700 ns, At safepoint: 64500 ns, Total: 10682200 ns
[2020-10-06T04:34:17.596+0000][36436][safepoint    ] Safepoint "BulkRevokeBias", Time since last: 507248900 ns, Reaching safepoint: 122400 ns, At safepoint: 2304200 ns, Total: 2426600 ns
[2020-10-06T04:34:18.727+0000][36436][safepoint    ] Safepoint "Cleanup", Time since last: 1130962200 ns, Reaching safepoint: 103800 ns, At safepoint: 6000 ns, Total: 109800 ns
[2020-10-06T04:36:39.058+0000][36436][safepoint    ] Safepoint "Cleanup", Time since last: 140330507100 ns, Reaching safepoint: 111100 ns, At safepoint: 4200 ns, Total: 115300 ns
[2020-10-06T04:37:56.100+0000][36436][safepoint    ] Safepoint "Cleanup", Time since last: 77041705600 ns, Reaching safepoint: 154500 ns, At safepoint: 6500 ns, Total: 161000 ns
[2020-10-06T04:38:06.104+0000][36436][safepoint    ] Safepoint "Cleanup", Time since last: 10004453900 ns, Reaching safepoint: 99300 ns, At safepoint: 4700 ns, Total: 104000 ns
[2020-10-06T04:38:36.122+0000][36436][safepoint    ] Safepoint "Cleanup", Time since last: 30017978700 ns, Reaching safepoint: 129600 ns, At safepoint: 5500 ns, Total: 135100 ns
[2020-10-06T04:39:19.438+0000][36436][safepoint    ] Safepoint "BulkRevokeBias", Time since last: 43314055100 ns, Reaching safepoint: 115100 ns, At safepoint: 1319200 ns, Total: 1434300 ns
[2020-10-06T04:40:45.482+0000][36436][safepoint    ] Safepoint "Cleanup", Time since last: 86044097400 ns, Reaching safepoint: 93700 ns, At safepoint: 6000 ns, Total: 99700 ns
[2020-10-06T04:41:10.493+0000][36436][safepoint    ] Safepoint "Cleanup", Time since last: 25010167300 ns, Reaching safepoint: 133500 ns, At safepoint: 7900 ns, Total: 141400 ns
[2020-10-06T04:41:19.496+0000][36436][safepoint    ] Safepoint "Cleanup", Time since last: 9003451100 ns, Reaching safepoint: 139200 ns, At safepoint: 10900 ns, Total: 150100 ns
[2020-10-06T04:42:20.524+0000][36436][safepoint    ] Safepoint "Cleanup", Time since last: 61027585000 ns, Reaching safepoint: 113800 ns, At safepoint: 5000 ns, Total: 118800 ns
[2020-10-06T04:43:05.550+0000][36436][safepoint    ] Safepoint "Cleanup", Time since last: 45025836800 ns, Reaching safepoint: 140300 ns, At safepoint: 7300 ns, Total: 147600 ns
[2020-10-06T04:43:35.566+0000][36436][safepoint    ] Safepoint "Cleanup", Time since last: 30015575500 ns, Reaching safepoint: 111100 ns, At safepoint: 4800 ns, Total: 115900 ns
[2020-10-06T04:44:19.589+0000][36436][safepoint    ] Safepoint "Cleanup", Time since last: 44022904900 ns, Reaching safepoint: 115600 ns, At safepoint: 5100 ns, Total: 120700 ns
[2020-10-06T04:44:35.258+0000][36436][gc,start     ] GC(10) Pause Young (Normal) (G1 Evacuation Pause)
[2020-10-06T04:44:35.259+0000][36436][gc,task      ] GC(10) Using 8 workers of 8 for evacuation
[2020-10-06T04:44:35.259+0000][36436][gc,age       ] GC(10) Desired survivor size 40370176 bytes, new threshold 15 (max threshold 15)
[2020-10-06T04:44:35.312+0000][36436][gc,age       ] GC(10) Age table with threshold 15 (max threshold 15)
[2020-10-06T04:44:35.312+0000][36436][gc,age       ] GC(10) - age   1:    4102928 bytes,    4102928 total
[2020-10-06T04:44:35.312+0000][36436][gc,age       ] GC(10) - age   2:   10797536 bytes,   14900464 total
[2020-10-06T04:44:35.312+0000][36436][gc,age       ] GC(10) - age   3:    8219440 bytes,   23119904 total
[2020-10-06T04:44:35.312+0000][36436][gc,phases    ] GC(10)   Pre Evacuate Collection Set: 0.5ms
[2020-10-06T04:44:35.312+0000][36436][gc,phases    ] GC(10)   Merge Heap Roots: 0.3ms
[2020-10-06T04:44:35.312+0000][36436][gc,phases    ] GC(10)   Evacuate Collection Set: 48.4ms
[2020-10-06T04:44:35.312+0000][36436][gc,phases    ] GC(10)   Post Evacuate Collection Set: 3.0ms
[2020-10-06T04:44:35.312+0000][36436][gc,phases    ] GC(10)   Other: 2.0ms
[2020-10-06T04:44:35.312+0000][36436][gc,heap      ] GC(10) Eden regions: 593->0(477)
[2020-10-06T04:44:35.312+0000][36436][gc,heap      ] GC(10) Survivor regions: 21->24(77)
[2020-10-06T04:44:35.312+0000][36436][gc,heap      ] GC(10) Old regions: 50->50
[2020-10-06T04:44:35.312+0000][36436][gc,heap      ] GC(10) Archive regions: 0->0
[2020-10-06T04:44:35.313+0000][36436][gc,heap      ] GC(10) Humongous regions: 171->171
[2020-10-06T04:44:35.313+0000][36436][gc,metaspace ] GC(10) Metaspace: 77795K(83452K)->77795K(83452K) NonClass: 67385K(70780K)->67385K(70780K) Class: 10410K(12672K)->10410K(12672K)
[2020-10-06T04:44:35.313+0000][36436][gc           ] GC(10) Pause Young (Normal) (G1 Evacuation Pause) 834M->244M(1024M) 54.287ms
[2020-10-06T04:44:35.313+0000][36436][gc,cpu       ] GC(10) User=0.22s Sys=0.09s Real=0.06s
[2020-10-06T04:44:35.313+0000][36436][safepoint    ] Safepoint "G1CollectForAllocation", Time since last: 15669026100 ns, Reaching safepoint: 123400 ns, At safepoint: 55226300 ns, Total: 55349700 ns
[2020-10-06T04:46:45.375+0000][36436][safepoint    ] Safepoint "Cleanup", Time since last: 130061998300 ns, Reaching safepoint: 157200 ns, At safepoint: 126900 ns, Total: 284100 ns
[2020-10-06T04:48:05.421+0000][36436][safepoint    ] Safepoint "Cleanup", Time since last: 80044936900 ns, Reaching safepoint: 111000 ns, At safepoint: 5000 ns, Total: 116000 ns
[2020-10-06T04:48:46.448+0000][36436][safepoint    ] Safepoint "Cleanup", Time since last: 41022969100 ns, Reaching safepoint: 97500 ns, At safepoint: 3000 ns, Total: 100500 ns
[2020-10-06T04:48:52.451+0000][36436][safepoint    ] Safepoint "Cleanup", Time since last: 6002439200 ns, Reaching safepoint: 126100 ns, At safepoint: 9200 ns, Total: 135300 ns
[2020-10-06T04:49:05.459+0000][36436][safepoint    ] Safepoint "Cleanup", Time since last: 13006490100 ns, Reaching safepoint: 118800 ns, At safepoint: 2000 ns, Total: 120800 ns
[2020-10-06T04:50:11.500+0000][36436][safepoint    ] Safepoint "Cleanup", Time since last: 66035080800 ns, Reaching safepoint: 136200 ns, At safepoint: 16100 ns, Total: 152300 ns
[2020-10-06T04:50:32.513+0000][36436][safepoint    ] Safepoint "Cleanup", Time since last: 21010517400 ns, Reaching safepoint: 131100 ns, At safepoint: 7900 ns, Total: 139000 ns
[2020-10-06T04:50:52.527+0000][36436][safepoint    ] Safepoint "Cleanup", Time since last: 20012554300 ns, Reaching safepoint: 136500 ns, At safepoint: 15200 ns, Total: 151700 ns
[2020-10-06T04:51:10.537+0000][36436][safepoint    ] Safepoint "Cleanup", Time since last: 18008157900 ns, Reaching safepoint: 136800 ns, At safepoint: 5600 ns, Total: 142400 ns
[2020-10-06T04:53:05.610+0000][36436][safepoint    ] Safepoint "Cleanup", Time since last: 115062157700 ns, Reaching safepoint: 192000 ns, At safepoint: 4200 ns, Total: 196200 ns
[2020-10-06T04:54:41.659+0000][36436][safepoint    ] Safepoint "Cleanup", Time since last: 96045270700 ns, Reaching safepoint: 103700 ns, At safepoint: 4300 ns, Total: 108000 ns
[2020-10-06T04:55:35.689+0000][36436][safepoint    ] Safepoint "Cleanup", Time since last: 54028167000 ns, Reaching safepoint: 94600 ns, At safepoint: 4500 ns, Total: 99100 ns
[2020-10-06T04:56:05.705+0000][36436][safepoint    ] Safepoint "Cleanup", Time since last: 30014401500 ns, Reaching safepoint: 183300 ns, At safepoint: 7000 ns, Total: 190300 ns
[2020-10-06T04:58:05.769+0000][36436][safepoint    ] Safepoint "Cleanup", Time since last: 120059320100 ns, Reaching safepoint: 118200 ns, At safepoint: 5800 ns, Total: 124000 ns
[2020-10-06T04:58:09.770+0000][36436][safepoint    ] Safepoint "Cleanup", Time since last: 4000721500 ns, Reaching safepoint: 148500 ns, At safepoint: 4500 ns, Total: 153000 ns
[2020-10-06T05:00:07.837+0000][36436][safepoint    ] Safepoint "Cleanup", Time since last: 118064739700 ns, Reaching safepoint: 95900 ns, At safepoint: 5200 ns, Total: 101100 ns
[2020-10-06T05:00:30.848+0000][36436][safepoint    ] Safepoint "Cleanup", Time since last: 23010732500 ns, Reaching safepoint: 151700 ns, At safepoint: 5900 ns, Total: 157600 ns
[2020-10-06T05:00:35.850+0000][36436][safepoint    ] Safepoint "Cleanup", Time since last: 5001396800 ns, Reaching safepoint: 98800 ns, At safepoint: 4100 ns, Total: 102900 ns
[2020-10-06T05:01:05.864+0000][36436][safepoint    ] Safepoint "Cleanup", Time since last: 30013972400 ns, Reaching safepoint: 109800 ns, At safepoint: 6300 ns, Total: 116100 ns
[2020-10-06T05:02:05.895+0000][36436][safepoint    ] Safepoint "Cleanup", Time since last: 60030063200 ns, Reaching safepoint: 156000 ns, At safepoint: 5100 ns, Total: 161100 ns
[2020-10-06T05:03:15.931+0000][36436][safepoint    ] Safepoint "Cleanup", Time since last: 70034665800 ns, Reaching safepoint: 104300 ns, At safepoint: 4000 ns, Total: 108300 ns
[2020-10-06T05:05:36.001+0000][36436][safepoint    ] Safepoint "Cleanup", Time since last: 140068509500 ns, Reaching safepoint: 99200 ns, At safepoint: 10600 ns, Total: 109800 ns
[2020-10-06T05:07:06.041+0000][36436][safepoint    ] Safepoint "Cleanup", Time since last: 90039256600 ns, Reaching safepoint: 113500 ns, At safepoint: 4300 ns, Total: 117800 ns
[2020-10-06T05:07:36.056+0000][36436][safepoint    ] Safepoint "Cleanup", Time since last: 30014897200 ns, Reaching safepoint: 123000 ns, At safepoint: 3900 ns, Total: 126900 ns
[2020-10-06T05:08:35.087+0000][36436][safepoint    ] Safepoint "Cleanup", Time since last: 59029832600 ns, Reaching safepoint: 409700 ns, At safepoint: 16100 ns, Total: 425800 ns
[2020-10-06T05:10:06.132+0000][36436][safepoint    ] Safepoint "Cleanup", Time since last: 91044619000 ns, Reaching safepoint: 138400 ns, At safepoint: 5200 ns, Total: 143600 ns
[2020-10-06T05:10:36.149+0000][36436][safepoint    ] Safepoint "Cleanup", Time since last: 30016727000 ns, Reaching safepoint: 137900 ns, At safepoint: 19300 ns, Total: 157200 ns
[2020-10-06T05:11:12.167+0000][36436][safepoint    ] Safepoint "Cleanup", Time since last: 36017947200 ns, Reaching safepoint: 97300 ns, At safepoint: 4600 ns, Total: 101900 ns
[2020-10-06T05:12:06.195+0000][36436][safepoint    ] Safepoint "Cleanup", Time since last: 54027755100 ns, Reaching safepoint: 103400 ns, At safepoint: 4400 ns, Total: 107800 ns
[2020-10-06T05:12:17.200+0000][36436][safepoint    ] Safepoint "Cleanup", Time since last: 11004456200 ns, Reaching safepoint: 109100 ns, At safepoint: 4300 ns, Total: 113400 ns
[2020-10-06T05:14:27.265+0000][36436][safepoint    ] Safepoint "Cleanup", Time since last: 130064692700 ns, Reaching safepoint: 150000 ns, At safepoint: 4700 ns, Total: 154700 ns
[2020-10-06T05:16:49.333+0000][36436][safepoint    ] Safepoint "Cleanup", Time since last: 142067656200 ns, Reaching safepoint: 144700 ns, At safepoint: 4900 ns, Total: 149600 ns
[2020-10-06T05:17:36.360+0000][36436][safepoint    ] Safepoint "Cleanup", Time since last: 47026537400 ns, Reaching safepoint: 152100 ns, At safepoint: 4400 ns, Total: 156500 ns
[2020-10-06T05:17:57.043+0000][36436][gc,start     ] GC(11) Pause Young (Normal) (G1 Evacuation Pause)
[2020-10-06T05:17:57.043+0000][36436][gc,task      ] GC(11) Using 8 workers of 8 for evacuation
[2020-10-06T05:17:57.043+0000][36436][gc,age       ] GC(11) Desired survivor size 33030144 bytes, new threshold 15 (max threshold 15)
[2020-10-06T05:17:57.065+0000][36436][gc,age       ] GC(11) Age table with threshold 15 (max threshold 15)
[2020-10-06T05:17:57.065+0000][36436][gc,age       ] GC(11) - age   1:      19256 bytes,      19256 total
[2020-10-06T05:17:57.065+0000][36436][gc,age       ] GC(11) - age   2:    3638392 bytes,    3657648 total
[2020-10-06T05:17:57.065+0000][36436][gc,age       ] GC(11) - age   3:    9894616 bytes,   13552264 total
[2020-10-06T05:17:57.065+0000][36436][gc,age       ] GC(11) - age   4:    7798072 bytes,   21350336 total
[2020-10-06T05:17:57.065+0000][36436][gc,phases    ] GC(11)   Pre Evacuate Collection Set: 0.1ms
[2020-10-06T05:17:57.065+0000][36436][gc,phases    ] GC(11)   Merge Heap Roots: 0.1ms
[2020-10-06T05:17:57.065+0000][36436][gc,phases    ] GC(11)   Evacuate Collection Set: 19.3ms
[2020-10-06T05:17:57.065+0000][36436][gc,phases    ] GC(11)   Post Evacuate Collection Set: 2.9ms
[2020-10-06T05:17:57.065+0000][36436][gc,phases    ] GC(11)   Other: 0.5ms
[2020-10-06T05:17:57.065+0000][36436][gc,heap      ] GC(11) Eden regions: 477->0(488)
[2020-10-06T05:17:57.065+0000][36436][gc,heap      ] GC(11) Survivor regions: 24->22(63)
[2020-10-06T05:17:57.065+0000][36436][gc,heap      ] GC(11) Old regions: 50->50
[2020-10-06T05:17:57.065+0000][36436][gc,heap      ] GC(11) Archive regions: 0->0
[2020-10-06T05:17:57.065+0000][36436][gc,heap      ] GC(11) Humongous regions: 171->171
[2020-10-06T05:17:57.065+0000][36436][gc,metaspace ] GC(11) Metaspace: 77884K(83452K)->77884K(83452K) NonClass: 67473K(70780K)->67473K(70780K) Class: 10410K(12672K)->10410K(12672K)
[2020-10-06T05:17:57.065+0000][36436][gc           ] GC(11) Pause Young (Normal) (G1 Evacuation Pause) 721M->242M(1024M) 23.139ms
[2020-10-06T05:17:57.065+0000][36436][gc,cpu       ] GC(11) User=0.09s Sys=0.02s Real=0.02s
[2020-10-06T05:17:57.065+0000][36436][safepoint    ] Safepoint "G1CollectForAllocation", Time since last: 20682137100 ns, Reaching safepoint: 236500 ns, At safepoint: 23274200 ns, Total: 23510700 ns
[2020-10-06T05:18:06.071+0000][36436][safepoint    ] Safepoint "Cleanup", Time since last: 9004890200 ns, Reaching safepoint: 91100 ns, At safepoint: 4700 ns, Total: 95800 ns
[2020-10-06T05:21:22.169+0000][36436][safepoint    ] Safepoint "Cleanup", Time since last: 196097707500 ns, Reaching safepoint: 151700 ns, At safepoint: 14000 ns, Total: 165700 ns
[2020-10-06T05:23:06.222+0000][36436][safepoint    ] Safepoint "Cleanup", Time since last: 104052655200 ns, Reaching safepoint: 94800 ns, At safepoint: 3900 ns, Total: 98700 ns
[2020-10-06T05:26:09.310+0000][36436][safepoint    ] Safepoint "Cleanup", Time since last: 183088076200 ns, Reaching safepoint: 137400 ns, At safepoint: 5500 ns, Total: 142900 ns
[2020-10-06T05:26:36.326+0000][36436][safepoint    ] Safepoint "Cleanup", Time since last: 27015905500 ns, Reaching safepoint: 97600 ns, At safepoint: 5600 ns, Total: 103200 ns
[2020-10-06T05:28:36.384+0000][36436][safepoint    ] Safepoint "Cleanup", Time since last: 120057128800 ns, Reaching safepoint: 125300 ns, At safepoint: 4900 ns, Total: 130200 ns
[2020-10-06T05:32:36.508+0000][36436][safepoint    ] Safepoint "Cleanup", Time since last: 240123481100 ns, Reaching safepoint: 132300 ns, At safepoint: 4400 ns, Total: 136700 ns
[2020-10-06T05:37:54.666+0000][36436][safepoint    ] Safepoint "Cleanup", Time since last: 318157538900 ns, Reaching safepoint: 186800 ns, At safepoint: 4900 ns, Total: 191700 ns
[2020-10-06T05:39:05.701+0000][36436][safepoint    ] Safepoint "Cleanup", Time since last: 71035269000 ns, Reaching safepoint: 142900 ns, At safepoint: 5100 ns, Total: 148000 ns
[2020-10-06T05:42:35.810+0000][36436][safepoint    ] Safepoint "Cleanup", Time since last: 210108495600 ns, Reaching safepoint: 146400 ns, At safepoint: 4500 ns, Total: 150900 ns
[2020-10-06T05:44:05.854+0000][36436][safepoint    ] Safepoint "Cleanup", Time since last: 90043400400 ns, Reaching safepoint: 152800 ns, At safepoint: 7200 ns, Total: 160000 ns
[2020-10-06T05:44:09.856+0000][36436][safepoint    ] Safepoint "Cleanup", Time since last: 4002238300 ns, Reaching safepoint: 363100 ns, At safepoint: 5100 ns, Total: 368200 ns
[2020-10-06T05:46:05.910+0000][36436][safepoint    ] Safepoint "Cleanup", Time since last: 116053513900 ns, Reaching safepoint: 172000 ns, At safepoint: 23700 ns, Total: 195700 ns
[2020-10-06T05:48:05.969+0000][36436][safepoint    ] Safepoint "Cleanup", Time since last: 120058104500 ns, Reaching safepoint: 147300 ns, At safepoint: 21000 ns, Total: 168300 ns
[2020-10-06T05:48:37.987+0000][36436][safepoint    ] Safepoint "Cleanup", Time since last: 32018558700 ns, Reaching safepoint: 183300 ns, At safepoint: 4600 ns, Total: 187900 ns
[2020-10-06T05:49:05.999+0000][36436][safepoint    ] Safepoint "Cleanup", Time since last: 28011146400 ns, Reaching safepoint: 153900 ns, At safepoint: 3800 ns, Total: 157700 ns
[2020-10-06T05:52:09.015+0000][36436][gc,start     ] GC(12) Pause Young (Normal) (G1 Evacuation Pause)
[2020-10-06T05:52:09.015+0000][36436][gc,task      ] GC(12) Using 8 workers of 8 for evacuation
[2020-10-06T05:52:09.015+0000][36436][gc,age       ] GC(12) Desired survivor size 33554432 bytes, new threshold 15 (max threshold 15)
[2020-10-06T05:52:09.035+0000][36436][gc,age       ] GC(12) Age table with threshold 15 (max threshold 15)
[2020-10-06T05:52:09.036+0000][36436][gc,age       ] GC(12) - age   1:      14264 bytes,      14264 total
[2020-10-06T05:52:09.036+0000][36436][gc,age       ] GC(12) - age   2:       7272 bytes,      21536 total
[2020-10-06T05:52:09.036+0000][36436][gc,age       ] GC(12) - age   3:    3638392 bytes,    3659928 total
[2020-10-06T05:52:09.036+0000][36436][gc,age       ] GC(12) - age   4:    9894616 bytes,   13554544 total
[2020-10-06T05:52:09.036+0000][36436][gc,age       ] GC(12) - age   5:    7798072 bytes,   21352616 total
[2020-10-06T05:52:09.036+0000][36436][gc,phases    ] GC(12)   Pre Evacuate Collection Set: 0.1ms
[2020-10-06T05:52:09.036+0000][36436][gc,phases    ] GC(12)   Merge Heap Roots: 0.2ms
[2020-10-06T05:52:09.036+0000][36436][gc,phases    ] GC(12)   Evacuate Collection Set: 16.7ms
[2020-10-06T05:52:09.036+0000][36436][gc,phases    ] GC(12)   Post Evacuate Collection Set: 3.2ms
[2020-10-06T05:52:09.036+0000][36436][gc,phases    ] GC(12)   Other: 0.5ms
[2020-10-06T05:52:09.036+0000][36436][gc,heap      ] GC(12) Eden regions: 488->0(495)
[2020-10-06T05:52:09.036+0000][36436][gc,heap      ] GC(12) Survivor regions: 22->23(64)
[2020-10-06T05:52:09.036+0000][36436][gc,heap      ] GC(12) Old regions: 50->50
[2020-10-06T05:52:09.036+0000][36436][gc,heap      ] GC(12) Archive regions: 0->0
[2020-10-06T05:52:09.036+0000][36436][gc,heap      ] GC(12) Humongous regions: 171->171
[2020-10-06T05:52:09.036+0000][36436][gc,metaspace ] GC(12) Metaspace: 77915K(83452K)->77915K(83452K) NonClass: 67504K(70780K)->67504K(70780K) Class: 10410K(12672K)->10410K(12672K)
[2020-10-06T05:52:09.036+0000][36436][gc           ] GC(12) Pause Young (Normal) (G1 Evacuation Pause) 730M->243M(1024M) 20.879ms
[2020-10-06T05:52:09.036+0000][36436][gc,cpu       ] GC(12) User=0.11s Sys=0.00s Real=0.02s
[2020-10-06T05:52:09.036+0000][36436][safepoint    ] Safepoint "G1CollectForAllocation", Time since last: 183015687600 ns, Reaching safepoint: 149400 ns, At safepoint: 20991300 ns, Total: 21140700 ns
[2020-10-06T05:58:10.209+0000][36436][safepoint    ] Safepoint "Cleanup", Time since last: 361172351000 ns, Reaching safepoint: 160600 ns, At safepoint: 18700 ns, Total: 179300 ns
[2020-10-06T05:58:41.226+0000][36436][safepoint    ] Safepoint "Cleanup", Time since last: 31017036300 ns, Reaching safepoint: 130800 ns, At safepoint: 7500 ns, Total: 138300 ns
[2020-10-06T06:01:36.319+0000][36436][safepoint    ] Safepoint "Cleanup", Time since last: 175092754300 ns, Reaching safepoint: 173800 ns, At safepoint: 4500 ns, Total: 178300 ns
[2020-10-06T06:02:09.335+0000][36436][safepoint    ] Safepoint "Cleanup", Time since last: 33015668200 ns, Reaching safepoint: 143600 ns, At safepoint: 6500 ns, Total: 150100 ns
[2020-10-06T06:02:36.347+0000][36436][safepoint    ] Safepoint "Cleanup", Time since last: 27011895900 ns, Reaching safepoint: 129900 ns, At safepoint: 4700 ns, Total: 134600 ns
[2020-10-06T06:04:05.387+0000][36436][safepoint    ] Safepoint "Cleanup", Time since last: 89039889700 ns, Reaching safepoint: 121500 ns, At safepoint: 4300 ns, Total: 125800 ns
[2020-10-06T06:09:36.554+0000][36436][safepoint    ] Safepoint "Cleanup", Time since last: 331166317000 ns, Reaching safepoint: 112500 ns, At safepoint: 19800 ns, Total: 132300 ns
[2020-10-06T06:10:20.580+0000][36436][safepoint    ] Safepoint "Cleanup", Time since last: 44025878200 ns, Reaching safepoint: 119200 ns, At safepoint: 4100 ns, Total: 123300 ns
[2020-10-06T06:13:36.676+0000][36436][safepoint    ] Safepoint "Cleanup", Time since last: 196099448300 ns, Reaching safepoint: 185200 ns, At safepoint: 5000 ns, Total: 190200 ns
[2020-10-06T06:14:36.704+0000][36436][safepoint    ] Safepoint "Cleanup", Time since last: 60030302400 ns, Reaching safepoint: 130500 ns, At safepoint: 19500 ns, Total: 150000 ns
[2020-10-06T06:16:09.745+0000][36436][safepoint    ] Safepoint "Cleanup", Time since last: 93045946600 ns, Reaching safepoint: 139500 ns, At safepoint: 4700 ns, Total: 144200 ns
[2020-10-06T06:16:39.757+0000][36436][safepoint    ] Safepoint "Cleanup", Time since last: 30013343300 ns, Reaching safepoint: 107200 ns, At safepoint: 5500 ns, Total: 112700 ns
[2020-10-06T06:17:11.770+0000][36436][safepoint    ] Safepoint "Cleanup", Time since last: 32014517300 ns, Reaching safepoint: 126600 ns, At safepoint: 5000 ns, Total: 131600 ns
[2020-10-06T06:21:35.894+0000][36436][safepoint    ] Safepoint "Cleanup", Time since last: 264133739200 ns, Reaching safepoint: 155400 ns, At safepoint: 4700 ns, Total: 160100 ns
[2020-10-06T06:24:35.980+0000][36436][safepoint    ] Safepoint "Cleanup", Time since last: 180091523600 ns, Reaching safepoint: 161900 ns, At safepoint: 6800 ns, Total: 168700 ns
[2020-10-06T06:26:56.180+0000][36436][gc,start     ] GC(13) Pause Young (Normal) (G1 Evacuation Pause)
[2020-10-06T06:26:56.180+0000][36436][gc,task      ] GC(13) Using 8 workers of 8 for evacuation
[2020-10-06T06:26:56.180+0000][36436][gc,age       ] GC(13) Desired survivor size 34078720 bytes, new threshold 15 (max threshold 15)
[2020-10-06T06:26:56.209+0000][36436][gc,age       ] GC(13) Age table with threshold 15 (max threshold 15)
[2020-10-06T06:26:56.209+0000][36436][gc,age       ] GC(13) - age   1:      22336 bytes,      22336 total
[2020-10-06T06:26:56.209+0000][36436][gc,age       ] GC(13) - age   2:       2280 bytes,      24616 total
[2020-10-06T06:26:56.210+0000][36436][gc,age       ] GC(13) - age   3:       7272 bytes,      31888 total
[2020-10-06T06:26:56.210+0000][36436][gc,age       ] GC(13) - age   4:    3638304 bytes,    3670192 total
[2020-10-06T06:26:56.210+0000][36436][gc,age       ] GC(13) - age   5:    9894616 bytes,   13564808 total
[2020-10-06T06:26:56.210+0000][36436][gc,age       ] GC(13) - age   6:    7798072 bytes,   21362880 total
[2020-10-06T06:26:56.210+0000][36436][gc,phases    ] GC(13)   Pre Evacuate Collection Set: 0.2ms
[2020-10-06T06:26:56.210+0000][36436][gc,phases    ] GC(13)   Merge Heap Roots: 0.1ms
[2020-10-06T06:26:56.210+0000][36436][gc,phases    ] GC(13)   Evacuate Collection Set: 26.0ms
[2020-10-06T06:26:56.210+0000][36436][gc,phases    ] GC(13)   Post Evacuate Collection Set: 2.7ms
[2020-10-06T06:26:56.210+0000][36436][gc,phases    ] GC(13)   Other: 0.8ms
[2020-10-06T06:26:56.210+0000][36436][gc,heap      ] GC(13) Eden regions: 495->0(501)
[2020-10-06T06:26:56.210+0000][36436][gc,heap      ] GC(13) Survivor regions: 23->23(65)
[2020-10-06T06:26:56.210+0000][36436][gc,heap      ] GC(13) Old regions: 50->50
[2020-10-06T06:26:56.210+0000][36436][gc,heap      ] GC(13) Archive regions: 0->0
[2020-10-06T06:26:56.210+0000][36436][gc,heap      ] GC(13) Humongous regions: 171->171
[2020-10-06T06:26:56.210+0000][36436][gc,metaspace ] GC(13) Metaspace: 77967K(83452K)->77967K(83452K) NonClass: 67556K(70780K)->67556K(70780K) Class: 10411K(12672K)->10411K(12672K)
[2020-10-06T06:26:56.210+0000][36436][gc           ] GC(13) Pause Young (Normal) (G1 Evacuation Pause) 738M->243M(1024M) 30.288ms
[2020-10-06T06:26:56.210+0000][36436][gc,cpu       ] GC(13) User=0.14s Sys=0.02s Real=0.03s
[2020-10-06T06:26:56.211+0000][36436][safepoint    ] Safepoint "G1CollectForAllocation", Time since last: 140203149100 ns, Reaching safepoint: 124000 ns, At safepoint: 30526000 ns, Total: 30650000 ns
[2020-10-06T06:34:25.056+0000][36436][safepoint    ] Safepoint "Cleanup", Time since last: 448853154700 ns, Reaching safepoint: 174400 ns, At safepoint: 5500 ns, Total: 179900 ns
[2020-10-06T06:34:25.317+0000][36436][safepoint    ] Safepoint "BulkRevokeBias", Time since last: 259514100 ns, Reaching safepoint: 716600 ns, At safepoint: 688000 ns, Total: 1404600 ns
[2020-10-06T06:34:25.339+0000][36436][safepoint    ] Safepoint "BulkRevokeBias", Time since last: 21272100 ns, Reaching safepoint: 318600 ns, At safepoint: 700800 ns, Total: 1019400 ns
[2020-10-06T06:34:25.420+0000][36436][safepoint    ] Safepoint "BulkRevokeBias", Time since last: 79659800 ns, Reaching safepoint: 104200 ns, At safepoint: 696300 ns, Total: 800500 ns
[2020-10-06T06:34:25.421+0000][36436][safepoint    ] Safepoint "BulkRevokeBias", Time since last: 127600 ns, Reaching safepoint: 128200 ns, At safepoint: 680600 ns, Total: 808800 ns
[2020-10-06T06:34:25.422+0000][36436][safepoint    ] Safepoint "BulkRevokeBias", Time since last: 179900 ns, Reaching safepoint: 83600 ns, At safepoint: 539700 ns, Total: 623300 ns
[2020-10-06T06:34:25.423+0000][36436][safepoint    ] Safepoint "BulkRevokeBias", Time since last: 446700 ns, Reaching safepoint: 116700 ns, At safepoint: 576100 ns, Total: 692800 ns
[2020-10-06T06:34:25.424+0000][36436][safepoint    ] Safepoint "BulkRevokeBias", Time since last: 199400 ns, Reaching safepoint: 93700 ns, At safepoint: 531500 ns, Total: 625200 ns
[2020-10-06T06:34:25.425+0000][36436][safepoint    ] Safepoint "BulkRevokeBias", Time since last: 260800 ns, Reaching safepoint: 144200 ns, At safepoint: 592800 ns, Total: 737000 ns
[2020-10-06T06:34:25.438+0000][36436][safepoint    ] Safepoint "BulkRevokeBias", Time since last: 12375400 ns, Reaching safepoint: 146500 ns, At safepoint: 738700 ns, Total: 885200 ns
[2020-10-06T06:34:25.968+0000][36436][safepoint    ] Safepoint "BulkRevokeBias", Time since last: 530378400 ns, Reaching safepoint: 175800 ns, At safepoint: 671600 ns, Total: 847400 ns
[2020-10-06T06:34:26.236+0000][36436][safepoint    ] Safepoint "BulkRevokeBias", Time since last: 265288200 ns, Reaching safepoint: 153500 ns, At safepoint: 1048300 ns, Total: 1201800 ns
[2020-10-06T06:34:27.641+0000][36436][safepoint    ] Safepoint "Cleanup", Time since last: 1405224900 ns, Reaching safepoint: 135500 ns, At safepoint: 5900 ns, Total: 141400 ns
[2020-10-06T06:34:27.742+0000][36436][safepoint    ] Safepoint "BulkRevokeBias", Time since last: 99910100 ns, Reaching safepoint: 442200 ns, At safepoint: 1345000 ns, Total: 1787200 ns
[2020-10-06T06:34:27.751+0000][36436][safepoint    ] Safepoint "BulkRevokeBias", Time since last: 6968100 ns, Reaching safepoint: 418200 ns, At safepoint: 1416000 ns, Total: 1834200 ns
[2020-10-06T06:34:28.182+0000][36436][safepoint    ] Safepoint "BulkRevokeBias", Time since last: 428992900 ns, Reaching safepoint: 244100 ns, At safepoint: 1879500 ns, Total: 2123600 ns
[2020-10-06T06:34:28.335+0000][36436][safepoint    ] Safepoint "BulkRevokeBias", Time since last: 151539200 ns, Reaching safepoint: 219500 ns, At safepoint: 1255000 ns, Total: 1474500 ns
[2020-10-06T06:34:28.509+0000][36436][safepoint    ] Safepoint "BulkRevokeBias", Time since last: 170624800 ns, Reaching safepoint: 490800 ns, At safepoint: 1886500 ns, Total: 2377300 ns
[2020-10-06T06:34:28.521+0000][36436][safepoint    ] Safepoint "BulkRevokeBias", Time since last: 11005600 ns, Reaching safepoint: 134400 ns, At safepoint: 1541600 ns, Total: 1676000 ns
[2020-10-06T06:34:29.081+0000][36436][safepoint    ] Safepoint "BulkRevokeBias", Time since last: 555044200 ns, Reaching safepoint: 157300 ns, At safepoint: 4490700 ns, Total: 4648000 ns
[2020-10-06T06:34:29.360+0000][36436][safepoint    ] Safepoint "BulkRevokeBias", Time since last: 275488300 ns, Reaching safepoint: 1233900 ns, At safepoint: 2379200 ns, Total: 3613100 ns
[2020-10-06T06:34:29.561+0000][36436][safepoint    ] Safepoint "ICBufferFull", Time since last: 201077600 ns, Reaching safepoint: 216400 ns, At safepoint: 9800 ns, Total: 226200 ns
[2020-10-06T06:34:30.088+0000][36436][gc,start     ] GC(14) Pause Young (Concurrent Start) (G1 Humongous Allocation)
[2020-10-06T06:34:30.088+0000][36436][gc,task      ] GC(14) Using 8 workers of 8 for evacuation
[2020-10-06T06:34:30.088+0000][36436][gc,age       ] GC(14) Desired survivor size 34603008 bytes, new threshold 15 (max threshold 15)
[2020-10-06T06:34:30.117+0000][36436][gc,age       ] GC(14) Age table with threshold 15 (max threshold 15)
[2020-10-06T06:34:30.117+0000][36436][gc,age       ] GC(14) - age   1:    7687432 bytes,    7687432 total
[2020-10-06T06:34:30.117+0000][36436][gc,age       ] GC(14) - age   2:       8504 bytes,    7695936 total
[2020-10-06T06:34:30.117+0000][36436][gc,age       ] GC(14) - age   3:       2280 bytes,    7698216 total
[2020-10-06T06:34:30.118+0000][36436][gc,age       ] GC(14) - age   4:       7272 bytes,    7705488 total
[2020-10-06T06:34:30.118+0000][36436][gc,age       ] GC(14) - age   5:    3441184 bytes,   11146672 total
[2020-10-06T06:34:30.118+0000][36436][gc,age       ] GC(14) - age   6:    6368056 bytes,   17514728 total
[2020-10-06T06:34:30.118+0000][36436][gc,age       ] GC(14) - age   7:    7795272 bytes,   25310000 total
[2020-10-06T06:34:30.118+0000][36436][gc,phases    ] GC(14)   Pre Evacuate Collection Set: 0.5ms
[2020-10-06T06:34:30.118+0000][36436][gc,phases    ] GC(14)   Merge Heap Roots: 0.1ms
[2020-10-06T06:34:30.118+0000][36436][gc,phases    ] GC(14)   Evacuate Collection Set: 22.6ms
[2020-10-06T06:34:30.118+0000][36436][gc,phases    ] GC(14)   Post Evacuate Collection Set: 4.1ms
[2020-10-06T06:34:30.118+0000][36436][gc,phases    ] GC(14)   Other: 2.5ms
[2020-10-06T06:34:30.118+0000][36436][gc,heap      ] GC(14) Eden regions: 382->0(491)
[2020-10-06T06:34:30.118+0000][36436][gc,heap      ] GC(14) Survivor regions: 23->26(66)
[2020-10-06T06:34:30.118+0000][36436][gc,heap      ] GC(14) Old regions: 50->50
[2020-10-06T06:34:30.118+0000][36436][gc,heap      ] GC(14) Archive regions: 0->0
[2020-10-06T06:34:30.118+0000][36436][gc,heap      ] GC(14) Humongous regions: 257->175
[2020-10-06T06:34:30.118+0000][36436][gc,metaspace ] GC(14) Metaspace: 80257K(86012K)->80257K(86012K) NonClass: 69648K(73084K)->69648K(73084K) Class: 10608K(12928K)->10608K(12928K)
[2020-10-06T06:34:30.118+0000][36436][gc           ] GC(14) Pause Young (Concurrent Start) (G1 Humongous Allocation) 711M->250M(1024M) 30.332ms
[2020-10-06T06:34:30.118+0000][36436][gc,cpu       ] GC(14) User=0.17s Sys=0.00s Real=0.03s
[2020-10-06T06:34:30.118+0000][36436][safepoint    ] Safepoint "G1TryInitiateConcMark", Time since last: 526862800 ns, Reaching safepoint: 194200 ns, At safepoint: 30598400 ns, Total: 30792600 ns
[2020-10-06T06:34:30.119+0000][36436][gc           ] GC(15) Concurrent Cycle
[2020-10-06T06:34:30.119+0000][36436][gc,marking   ] GC(15) Concurrent Clear Claimed Marks
[2020-10-06T06:34:30.120+0000][36436][gc,marking   ] GC(15) Concurrent Clear Claimed Marks 0.555ms
[2020-10-06T06:34:30.120+0000][36436][gc,marking   ] GC(15) Concurrent Scan Root Regions
[2020-10-06T06:34:30.153+0000][36436][gc,marking   ] GC(15) Concurrent Scan Root Regions 33.542ms
[2020-10-06T06:34:30.154+0000][36436][gc,marking   ] GC(15) Concurrent Mark (8940.352s)
[2020-10-06T06:34:30.154+0000][36436][gc,marking   ] GC(15) Concurrent Mark From Roots
[2020-10-06T06:34:30.154+0000][36436][gc,task      ] GC(15) Using 2 workers of 2 for marking
[2020-10-06T06:34:30.355+0000][36436][gc,marking   ] GC(15) Concurrent Mark From Roots 200.938ms
[2020-10-06T06:34:30.355+0000][36436][gc,marking   ] GC(15) Concurrent Preclean
[2020-10-06T06:34:30.356+0000][36436][gc,marking   ] GC(15) Concurrent Preclean 1.041ms
[2020-10-06T06:34:30.356+0000][36436][gc,marking   ] GC(15) Concurrent Mark (8940.352s, 8940.554s) 202.188ms
[2020-10-06T06:34:30.357+0000][36436][gc,start     ] GC(15) Pause Remark
[2020-10-06T06:34:30.460+0000][36436][gc           ] GC(15) Pause Remark 326M->326M(1024M) 103.792ms
[2020-10-06T06:34:30.460+0000][36436][gc,cpu       ] GC(15) User=0.28s Sys=0.23s Real=0.10s
[2020-10-06T06:34:30.460+0000][36436][safepoint    ] Safepoint "G1Concurrent", Time since last: 237310900 ns, Reaching safepoint: 222900 ns, At safepoint: 103989200 ns, Total: 104212100 ns
[2020-10-06T06:34:30.460+0000][36436][gc,marking   ] GC(15) Concurrent Rebuild Remembered Sets
[2020-10-06T06:34:30.527+0000][36436][gc,marking   ] GC(15) Concurrent Rebuild Remembered Sets 67.264ms
[2020-10-06T06:34:30.529+0000][36436][gc,start     ] GC(15) Pause Cleanup
[2020-10-06T06:34:30.530+0000][36436][gc           ] GC(15) Pause Cleanup 335M->335M(1024M) 0.522ms
[2020-10-06T06:34:30.530+0000][36436][gc,cpu       ] GC(15) User=0.00s Sys=0.00s Real=0.00s
[2020-10-06T06:34:30.530+0000][36436][safepoint    ] Safepoint "G1Concurrent", Time since last: 67521800 ns, Reaching safepoint: 1531700 ns, At safepoint: 780500 ns, Total: 2312200 ns
[2020-10-06T06:34:30.530+0000][36436][gc,marking   ] GC(15) Concurrent Cleanup for Next Mark
[2020-10-06T06:34:30.539+0000][36436][gc,marking   ] GC(15) Concurrent Cleanup for Next Mark 9.037ms
[2020-10-06T06:34:30.539+0000][36436][gc           ] GC(15) Concurrent Cycle 420.210ms
[2020-10-06T06:34:30.899+0000][36436][safepoint    ] Safepoint "BulkRevokeBias", Time since last: 367639900 ns, Reaching safepoint: 261800 ns, At safepoint: 1285900 ns, Total: 1547700 ns
[2020-10-06T06:34:31.444+0000][36436][safepoint    ] Safepoint "BulkRevokeBias", Time since last: 542718000 ns, Reaching safepoint: 213600 ns, At safepoint: 1116600 ns, Total: 1330200 ns
[2020-10-06T06:34:31.524+0000][36436][gc,start     ] GC(16) Pause Young (Concurrent Start) (G1 Humongous Allocation)
[2020-10-06T06:34:31.524+0000][36436][gc,task      ] GC(16) Using 8 workers of 8 for evacuation
[2020-10-06T06:34:31.524+0000][36436][gc,age       ] GC(16) Desired survivor size 34078720 bytes, new threshold 15 (max threshold 15)
[2020-10-06T06:34:31.542+0000][36436][gc,age       ] GC(16) Age table with threshold 15 (max threshold 15)
[2020-10-06T06:34:31.542+0000][36436][gc,age       ] GC(16) - age   1:    2625720 bytes,    2625720 total
[2020-10-06T06:34:31.542+0000][36436][gc,age       ] GC(16) - age   2:    4043136 bytes,    6668856 total
[2020-10-06T06:34:31.542+0000][36436][gc,age       ] GC(16) - age   3:       8504 bytes,    6677360 total
[2020-10-06T06:34:31.542+0000][36436][gc,age       ] GC(16) - age   4:       2280 bytes,    6679640 total
[2020-10-06T06:34:31.542+0000][36436][gc,age       ] GC(16) - age   5:       7272 bytes,    6686912 total
[2020-10-06T06:34:31.542+0000][36436][gc,age       ] GC(16) - age   6:    3439936 bytes,   10126848 total
[2020-10-06T06:34:31.542+0000][36436][gc,age       ] GC(16) - age   7:    6222568 bytes,   16349416 total
[2020-10-06T06:34:31.542+0000][36436][gc,age       ] GC(16) - age   8:    7783424 bytes,   24132840 total
[2020-10-06T06:34:31.542+0000][36436][gc,phases    ] GC(16)   Pre Evacuate Collection Set: 0.4ms
[2020-10-06T06:34:31.543+0000][36436][gc,phases    ] GC(16)   Merge Heap Roots: 0.1ms
[2020-10-06T06:34:31.543+0000][36436][gc,phases    ] GC(16)   Evacuate Collection Set: 15.5ms
[2020-10-06T06:34:31.543+0000][36436][gc,phases    ] GC(16)   Post Evacuate Collection Set: 1.7ms
[2020-10-06T06:34:31.543+0000][36436][gc,phases    ] GC(16)   Other: 0.8ms
[2020-10-06T06:34:31.543+0000][36436][gc,heap      ] GC(16) Eden regions: 56->0(491)
[2020-10-06T06:34:31.543+0000][36436][gc,heap      ] GC(16) Survivor regions: 26->26(65)
[2020-10-06T06:34:31.543+0000][36436][gc,heap      ] GC(16) Old regions: 50->50
[2020-10-06T06:34:31.543+0000][36436][gc,heap      ] GC(16) Archive regions: 0->0
[2020-10-06T06:34:31.543+0000][36436][gc,heap      ] GC(16) Humongous regions: 257->175
[2020-10-06T06:34:31.543+0000][36436][gc,metaspace ] GC(16) Metaspace: 82069K(87932K)->82069K(87932K) NonClass: 71164K(74620K)->71164K(74620K) Class: 10905K(13312K)->10905K(13312K)
[2020-10-06T06:34:31.543+0000][36436][gc           ] GC(16) Pause Young (Concurrent Start) (G1 Humongous Allocation) 388M->250M(1024M) 19.000ms
[2020-10-06T06:34:31.543+0000][36436][gc,cpu       ] GC(16) User=0.11s Sys=0.00s Real=0.02s
[2020-10-06T06:34:31.543+0000][36436][gc           ] GC(17) Concurrent Cycle
[2020-10-06T06:34:31.543+0000][36436][gc,marking   ] GC(17) Concurrent Clear Claimed Marks
[2020-10-06T06:34:31.543+0000][36436][safepoint    ] Safepoint "G1TryInitiateConcMark", Time since last: 79938400 ns, Reaching safepoint: 255600 ns, At safepoint: 19222300 ns, Total: 19477900 ns
[2020-10-06T06:34:31.544+0000][36436][gc,marking   ] GC(17) Concurrent Clear Claimed Marks 0.389ms
[2020-10-06T06:34:31.544+0000][36436][gc,marking   ] GC(17) Concurrent Scan Root Regions
[2020-10-06T06:34:31.557+0000][36436][gc,marking   ] GC(17) Concurrent Scan Root Regions 13.700ms
[2020-10-06T06:34:31.557+0000][36436][gc,marking   ] GC(17) Concurrent Mark (8941.755s)
[2020-10-06T06:34:31.557+0000][36436][gc,marking   ] GC(17) Concurrent Mark From Roots
[2020-10-06T06:34:31.557+0000][36436][gc,task      ] GC(17) Using 2 workers of 2 for marking
[2020-10-06T06:34:31.605+0000][36436][safepoint    ] Safepoint "BulkRevokeBias", Time since last: 59533100 ns, Reaching safepoint: 198000 ns, At safepoint: 2465300 ns, Total: 2663300 ns
[2020-10-06T06:34:31.642+0000][36436][gc,marking   ] GC(17) Concurrent Mark From Roots 84.082ms
[2020-10-06T06:34:31.642+0000][36436][gc,marking   ] GC(17) Concurrent Preclean
[2020-10-06T06:34:31.642+0000][36436][gc,marking   ] GC(17) Concurrent Preclean 0.543ms
[2020-10-06T06:34:31.642+0000][36436][gc,marking   ] GC(17) Concurrent Mark (8941.755s, 8941.840s) 84.790ms
[2020-10-06T06:34:31.642+0000][36436][gc,start     ] GC(17) Pause Remark
[2020-10-06T06:34:31.646+0000][36436][gc           ] GC(17) Pause Remark 284M->284M(1024M) 3.914ms
[2020-10-06T06:34:31.646+0000][36436][gc,cpu       ] GC(17) User=0.00s Sys=0.00s Real=0.00s
[2020-10-06T06:34:31.646+0000][36436][safepoint    ] Safepoint "G1Concurrent", Time since last: 36867700 ns, Reaching safepoint: 148400 ns, At safepoint: 4079500 ns, Total: 4227900 ns
[2020-10-06T06:34:31.647+0000][36436][gc,marking   ] GC(17) Concurrent Rebuild Remembered Sets
[2020-10-06T06:34:31.695+0000][36436][gc,marking   ] GC(17) Concurrent Rebuild Remembered Sets 48.754ms
[2020-10-06T06:34:31.696+0000][36436][gc,start     ] GC(17) Pause Cleanup
[2020-10-06T06:34:31.697+0000][36436][gc           ] GC(17) Pause Cleanup 288M->288M(1024M) 0.366ms
[2020-10-06T06:34:31.697+0000][36436][gc,cpu       ] GC(17) User=0.00s Sys=0.00s Real=0.00s
[2020-10-06T06:34:31.697+0000][36436][safepoint    ] Safepoint "G1Concurrent", Time since last: 48977500 ns, Reaching safepoint: 700900 ns, At safepoint: 602100 ns, Total: 1303000 ns
[2020-10-06T06:34:31.697+0000][36436][gc,marking   ] GC(17) Concurrent Cleanup for Next Mark
[2020-10-06T06:34:31.705+0000][36436][gc,marking   ] GC(17) Concurrent Cleanup for Next Mark 8.356ms
[2020-10-06T06:34:31.705+0000][36436][gc           ] GC(17) Concurrent Cycle 162.152ms
[2020-10-06T06:34:31.760+0000][36436][safepoint    ] Safepoint "BulkRevokeBias", Time since last: 61499900 ns, Reaching safepoint: 158700 ns, At safepoint: 1216500 ns, Total: 1375200 ns
[2020-10-06T06:34:31.851+0000][36436][safepoint    ] Safepoint "BulkRevokeBias", Time since last: 90283400 ns, Reaching safepoint: 139500 ns, At safepoint: 1313700 ns, Total: 1453200 ns
[2020-10-06T06:34:31.905+0000][36436][safepoint    ] Safepoint "BulkRevokeBias", Time since last: 52410300 ns, Reaching safepoint: 183600 ns, At safepoint: 1258800 ns, Total: 1442400 ns
[2020-10-06T06:34:31.984+0000][36436][gc,start     ] GC(18) Pause Young (Concurrent Start) (G1 Humongous Allocation)
[2020-10-06T06:34:31.984+0000][36436][gc,task      ] GC(18) Using 8 workers of 8 for evacuation
[2020-10-06T06:34:31.984+0000][36436][gc,age       ] GC(18) Desired survivor size 34078720 bytes, new threshold 15 (max threshold 15)
[2020-10-06T06:34:32.004+0000][36436][gc,age       ] GC(18) Age table with threshold 15 (max threshold 15)
[2020-10-06T06:34:32.004+0000][36436][gc,age       ] GC(18) - age   1:    2733848 bytes,    2733848 total
[2020-10-06T06:34:32.005+0000][36436][gc,age       ] GC(18) - age   2:     668024 bytes,    3401872 total
[2020-10-06T06:34:32.005+0000][36436][gc,age       ] GC(18) - age   3:    4037912 bytes,    7439784 total
[2020-10-06T06:34:32.005+0000][36436][gc,age       ] GC(18) - age   4:       8504 bytes,    7448288 total
[2020-10-06T06:34:32.005+0000][36436][gc,age       ] GC(18) - age   5:       2280 bytes,    7450568 total
[2020-10-06T06:34:32.005+0000][36436][gc,age       ] GC(18) - age   6:       7272 bytes,    7457840 total
[2020-10-06T06:34:32.005+0000][36436][gc,age       ] GC(18) - age   7:    3439872 bytes,   10897712 total
[2020-10-06T06:34:32.005+0000][36436][gc,age       ] GC(18) - age   8:    6222392 bytes,   17120104 total
[2020-10-06T06:34:32.005+0000][36436][gc,age       ] GC(18) - age   9:    7782960 bytes,   24903064 total
[2020-10-06T06:34:32.005+0000][36436][gc,phases    ] GC(18)   Pre Evacuate Collection Set: 0.5ms
[2020-10-06T06:34:32.005+0000][36436][gc,phases    ] GC(18)   Merge Heap Roots: 0.1ms
[2020-10-06T06:34:32.005+0000][36436][gc,phases    ] GC(18)   Evacuate Collection Set: 17.3ms
[2020-10-06T06:34:32.005+0000][36436][gc,phases    ] GC(18)   Post Evacuate Collection Set: 2.1ms
[2020-10-06T06:34:32.005+0000][36436][gc,phases    ] GC(18)   Other: 0.9ms
[2020-10-06T06:34:32.005+0000][36436][gc,heap      ] GC(18) Eden regions: 46->0(491)
[2020-10-06T06:34:32.005+0000][36436][gc,heap      ] GC(18) Survivor regions: 26->26(65)
[2020-10-06T06:34:32.005+0000][36436][gc,heap      ] GC(18) Old regions: 50->50
[2020-10-06T06:34:32.005+0000][36436][gc,heap      ] GC(18) Archive regions: 0->0
[2020-10-06T06:34:32.005+0000][36436][gc,heap      ] GC(18) Humongous regions: 257->175
[2020-10-06T06:34:32.005+0000][36436][gc,metaspace ] GC(18) Metaspace: 82345K(88188K)->82345K(88188K) NonClass: 71399K(74876K)->71399K(74876K) Class: 10946K(13312K)->10946K(13312K)
[2020-10-06T06:34:32.006+0000][36436][gc           ] GC(18) Pause Young (Concurrent Start) (G1 Humongous Allocation) 378M->250M(1024M) 21.370ms
[2020-10-06T06:34:32.006+0000][36436][gc,cpu       ] GC(18) User=0.11s Sys=0.00s Real=0.02s
[2020-10-06T06:34:32.006+0000][36436][gc           ] GC(19) Concurrent Cycle
[2020-10-06T06:34:32.006+0000][36436][safepoint    ] Safepoint "G1TryInitiateConcMark", Time since last: 79005500 ns, Reaching safepoint: 185300 ns, At safepoint: 21599500 ns, Total: 21784800 ns
[2020-10-06T06:34:32.006+0000][36436][gc,marking   ] GC(19) Concurrent Clear Claimed Marks
[2020-10-06T06:34:32.006+0000][36436][gc,marking   ] GC(19) Concurrent Clear Claimed Marks 0.527ms
[2020-10-06T06:34:32.006+0000][36436][gc,marking   ] GC(19) Concurrent Scan Root Regions
[2020-10-06T06:34:32.024+0000][36436][gc,marking   ] GC(19) Concurrent Scan Root Regions 17.173ms
[2020-10-06T06:34:32.024+0000][36436][gc,marking   ] GC(19) Concurrent Mark (8942.222s)
[2020-10-06T06:34:32.024+0000][36436][gc,marking   ] GC(19) Concurrent Mark From Roots
[2020-10-06T06:34:32.024+0000][36436][gc,task      ] GC(19) Using 2 workers of 2 for marking
[2020-10-06T06:34:32.144+0000][36436][gc,marking   ] GC(19) Concurrent Mark From Roots 120.678ms
[2020-10-06T06:34:32.145+0000][36436][gc,marking   ] GC(19) Concurrent Preclean
[2020-10-06T06:34:32.145+0000][36436][gc,marking   ] GC(19) Concurrent Preclean 0.569ms
[2020-10-06T06:34:32.145+0000][36436][gc,marking   ] GC(19) Concurrent Mark (8942.222s, 8942.343s) 121.442ms
[2020-10-06T06:34:32.145+0000][36436][gc,start     ] GC(19) Pause Remark
[2020-10-06T06:34:32.150+0000][36436][gc           ] GC(19) Pause Remark 363M->363M(1024M) 4.433ms
[2020-10-06T06:34:32.150+0000][36436][gc,cpu       ] GC(19) User=0.13s Sys=0.00s Real=0.01s
[2020-10-06T06:34:32.150+0000][36436][safepoint    ] Safepoint "G1Concurrent", Time since last: 139458400 ns, Reaching safepoint: 142800 ns, At safepoint: 4651800 ns, Total: 4794600 ns
[2020-10-06T06:34:32.150+0000][36436][gc,marking   ] GC(19) Concurrent Rebuild Remembered Sets
[2020-10-06T06:34:32.209+0000][36436][gc,marking   ] GC(19) Concurrent Rebuild Remembered Sets 58.649ms
[2020-10-06T06:34:32.210+0000][36436][gc,start     ] GC(19) Pause Cleanup
[2020-10-06T06:34:32.210+0000][36436][gc           ] GC(19) Pause Cleanup 374M->374M(1024M) 0.377ms
[2020-10-06T06:34:32.210+0000][36436][gc,cpu       ] GC(19) User=0.00s Sys=0.00s Real=0.00s
[2020-10-06T06:34:32.210+0000][36436][safepoint    ] Safepoint "G1Concurrent", Time since last: 58884800 ns, Reaching safepoint: 541000 ns, At safepoint: 623900 ns, Total: 1164900 ns
[2020-10-06T06:34:32.210+0000][36436][gc,marking   ] GC(19) Concurrent Cleanup for Next Mark
[2020-10-06T06:34:32.212+0000][36436][gc,marking   ] GC(19) Concurrent Cleanup for Next Mark 1.798ms
[2020-10-06T06:34:32.212+0000][36436][gc           ] GC(19) Concurrent Cycle 206.360ms
[2020-10-06T06:34:33.242+0000][36436][safepoint    ] Safepoint "Cleanup", Time since last: 1032218300 ns, Reaching safepoint: 154500 ns, At safepoint: 7100 ns, Total: 161600 ns
[2020-10-06T06:34:33.386+0000][36436][gc,start     ] GC(20) Pause Young (Concurrent Start) (G1 Humongous Allocation)
[2020-10-06T06:34:33.386+0000][36436][gc,task      ] GC(20) Using 8 workers of 8 for evacuation
[2020-10-06T06:34:33.386+0000][36436][gc,age       ] GC(20) Desired survivor size 34078720 bytes, new threshold 15 (max threshold 15)
[2020-10-06T06:34:33.404+0000][36436][gc,age       ] GC(20) Age table with threshold 15 (max threshold 15)
[2020-10-06T06:34:33.404+0000][36436][gc,age       ] GC(20) - age   1:    2926392 bytes,    2926392 total
[2020-10-06T06:34:33.404+0000][36436][gc,age       ] GC(20) - age   2:     258704 bytes,    3185096 total
[2020-10-06T06:34:33.404+0000][36436][gc,age       ] GC(20) - age   3:     662944 bytes,    3848040 total
[2020-10-06T06:34:33.404+0000][36436][gc,age       ] GC(20) - age   4:    4029960 bytes,    7878000 total
[2020-10-06T06:34:33.404+0000][36436][gc,age       ] GC(20) - age   5:       8504 bytes,    7886504 total
[2020-10-06T06:34:33.404+0000][36436][gc,age       ] GC(20) - age   6:       2280 bytes,    7888784 total
[2020-10-06T06:34:33.404+0000][36436][gc,age       ] GC(20) - age   7:       7272 bytes,    7896056 total
[2020-10-06T06:34:33.404+0000][36436][gc,age       ] GC(20) - age   8:    3439536 bytes,   11335592 total
[2020-10-06T06:34:33.404+0000][36436][gc,age       ] GC(20) - age   9:    6222240 bytes,   17557832 total
[2020-10-06T06:34:33.404+0000][36436][gc,age       ] GC(20) - age  10:    7781848 bytes,   25339680 total
[2020-10-06T06:34:33.404+0000][36436][gc,phases    ] GC(20)   Pre Evacuate Collection Set: 0.4ms
[2020-10-06T06:34:33.404+0000][36436][gc,phases    ] GC(20)   Merge Heap Roots: 0.1ms
[2020-10-06T06:34:33.404+0000][36436][gc,phases    ] GC(20)   Evacuate Collection Set: 14.9ms
[2020-10-06T06:34:33.404+0000][36436][gc,phases    ] GC(20)   Post Evacuate Collection Set: 2.0ms
[2020-10-06T06:34:33.404+0000][36436][gc,phases    ] GC(20)   Other: 0.8ms
[2020-10-06T06:34:33.404+0000][36436][gc,heap      ] GC(20) Eden regions: 47->0(490)
[2020-10-06T06:34:33.404+0000][36436][gc,heap      ] GC(20) Survivor regions: 26->27(65)
[2020-10-06T06:34:33.404+0000][36436][gc,heap      ] GC(20) Old regions: 50->50
[2020-10-06T06:34:33.404+0000][36436][gc,heap      ] GC(20) Archive regions: 0->0
[2020-10-06T06:34:33.404+0000][36436][gc,heap      ] GC(20) Humongous regions: 264->174
[2020-10-06T06:34:33.404+0000][36436][gc,metaspace ] GC(20) Metaspace: 83146K(89084K)->83146K(89084K) NonClass: 72105K(75644K)->72105K(75644K) Class: 11041K(13440K)->11041K(13440K)
[2020-10-06T06:34:33.404+0000][36436][gc           ] GC(20) Pause Young (Concurrent Start) (G1 Humongous Allocation) 386M->250M(1024M) 18.393ms
[2020-10-06T06:34:33.404+0000][36436][gc,cpu       ] GC(20) User=0.13s Sys=0.00s Real=0.02s
[2020-10-06T06:34:33.404+0000][36436][gc           ] GC(21) Concurrent Cycle
[2020-10-06T06:34:33.404+0000][36436][safepoint    ] Safepoint "G1TryInitiateConcMark", Time since last: 143826600 ns, Reaching safepoint: 176900 ns, At safepoint: 18604000 ns, Total: 18780900 ns
[2020-10-06T06:34:33.404+0000][36436][gc,marking   ] GC(21) Concurrent Clear Claimed Marks
[2020-10-06T06:34:33.405+0000][36436][gc,marking   ] GC(21) Concurrent Clear Claimed Marks 0.447ms
[2020-10-06T06:34:33.405+0000][36436][gc,marking   ] GC(21) Concurrent Scan Root Regions
[2020-10-06T06:34:33.422+0000][36436][gc,marking   ] GC(21) Concurrent Scan Root Regions 16.940ms
[2020-10-06T06:34:33.422+0000][36436][gc,marking   ] GC(21) Concurrent Mark (8943.620s)
[2020-10-06T06:34:33.422+0000][36436][gc,marking   ] GC(21) Concurrent Mark From Roots
[2020-10-06T06:34:33.422+0000][36436][gc,task      ] GC(21) Using 2 workers of 2 for marking
[2020-10-06T06:34:33.529+0000][36436][gc,marking   ] GC(21) Concurrent Mark From Roots 106.109ms
[2020-10-06T06:34:33.529+0000][36436][gc,marking   ] GC(21) Concurrent Preclean
[2020-10-06T06:34:33.530+0000][36436][gc,marking   ] GC(21) Concurrent Preclean 0.814ms
[2020-10-06T06:34:33.530+0000][36436][gc,marking   ] GC(21) Concurrent Mark (8943.620s, 8943.728s) 107.171ms
[2020-10-06T06:34:33.530+0000][36436][gc,start     ] GC(21) Pause Remark
[2020-10-06T06:34:33.534+0000][36436][gc           ] GC(21) Pause Remark 375M->375M(1024M) 4.442ms
[2020-10-06T06:34:33.534+0000][36436][gc,cpu       ] GC(21) User=0.00s Sys=0.00s Real=0.00s
[2020-10-06T06:34:33.535+0000][36436][safepoint    ] Safepoint "G1Concurrent", Time since last: 124807100 ns, Reaching safepoint: 174900 ns, At safepoint: 4627100 ns, Total: 4802000 ns
[2020-10-06T06:34:33.535+0000][36436][gc,marking   ] GC(21) Concurrent Rebuild Remembered Sets
[2020-10-06T06:34:33.592+0000][36436][gc,marking   ] GC(21) Concurrent Rebuild Remembered Sets 57.049ms
[2020-10-06T06:34:33.592+0000][36436][gc,start     ] GC(21) Pause Cleanup
[2020-10-06T06:34:33.593+0000][36436][gc           ] GC(21) Pause Cleanup 406M->406M(1024M) 0.237ms
[2020-10-06T06:34:33.593+0000][36436][gc,cpu       ] GC(21) User=0.00s Sys=0.00s Real=0.00s
[2020-10-06T06:34:33.593+0000][36436][safepoint    ] Safepoint "G1Concurrent", Time since last: 57277800 ns, Reaching safepoint: 366100 ns, At safepoint: 402600 ns, Total: 768700 ns
[2020-10-06T06:34:33.593+0000][36436][gc,marking   ] GC(21) Concurrent Cleanup for Next Mark
[2020-10-06T06:34:33.594+0000][36436][gc,marking   ] GC(21) Concurrent Cleanup for Next Mark 1.700ms
[2020-10-06T06:34:33.595+0000][36436][gc           ] GC(21) Concurrent Cycle 189.610ms
[2020-10-06T06:34:33.595+0000][36436][gc,start     ] GC(22) Pause Young (Concurrent Start) (G1 Humongous Allocation)
[2020-10-06T06:34:33.595+0000][36436][gc,task      ] GC(22) Using 8 workers of 8 for evacuation
[2020-10-06T06:34:33.595+0000][36436][gc,age       ] GC(22) Desired survivor size 34078720 bytes, new threshold 15 (max threshold 15)
[2020-10-06T06:34:33.613+0000][36436][gc,age       ] GC(22) Age table with threshold 15 (max threshold 15)
[2020-10-06T06:34:33.613+0000][36436][gc,age       ] GC(22) - age   1:    2268184 bytes,    2268184 total
[2020-10-06T06:34:33.613+0000][36436][gc,age       ] GC(22) - age   2:     292464 bytes,    2560648 total
[2020-10-06T06:34:33.613+0000][36436][gc,age       ] GC(22) - age   3:     258552 bytes,    2819200 total
[2020-10-06T06:34:33.613+0000][36436][gc,age       ] GC(22) - age   4:     662544 bytes,    3481744 total
[2020-10-06T06:34:33.613+0000][36436][gc,age       ] GC(22) - age   5:    4016016 bytes,    7497760 total
[2020-10-06T06:34:33.613+0000][36436][gc,age       ] GC(22) - age   6:       8504 bytes,    7506264 total
[2020-10-06T06:34:33.613+0000][36436][gc,age       ] GC(22) - age   7:       2280 bytes,    7508544 total
[2020-10-06T06:34:33.613+0000][36436][gc,age       ] GC(22) - age   8:       7272 bytes,    7515816 total
[2020-10-06T06:34:33.613+0000][36436][gc,age       ] GC(22) - age   9:    3439472 bytes,   10955288 total
[2020-10-06T06:34:33.613+0000][36436][gc,age       ] GC(22) - age  10:    6222240 bytes,   17177528 total
[2020-10-06T06:34:33.613+0000][36436][gc,age       ] GC(22) - age  11:    7781848 bytes,   24959376 total
[2020-10-06T06:34:33.613+0000][36436][gc,phases    ] GC(22)   Pre Evacuate Collection Set: 0.4ms
[2020-10-06T06:34:33.613+0000][36436][gc,phases    ] GC(22)   Merge Heap Roots: 0.1ms
[2020-10-06T06:34:33.613+0000][36436][gc,phases    ] GC(22)   Evacuate Collection Set: 14.4ms
[2020-10-06T06:34:33.613+0000][36436][gc,phases    ] GC(22)   Post Evacuate Collection Set: 2.7ms
[2020-10-06T06:34:33.613+0000][36436][gc,phases    ] GC(22)   Other: 0.7ms
[2020-10-06T06:34:33.613+0000][36436][gc,heap      ] GC(22) Eden regions: 40->0(491)
[2020-10-06T06:34:33.613+0000][36436][gc,heap      ] GC(22) Survivor regions: 27->26(65)
[2020-10-06T06:34:33.613+0000][36436][gc,heap      ] GC(22) Old regions: 50->50
[2020-10-06T06:34:33.613+0000][36436][gc,heap      ] GC(22) Archive regions: 0->0
[2020-10-06T06:34:33.613+0000][36436][gc,heap      ] GC(22) Humongous regions: 293->175
[2020-10-06T06:34:33.613+0000][36436][gc,metaspace ] GC(22) Metaspace: 83202K(89084K)->83202K(89084K) NonClass: 72161K(75644K)->72161K(75644K) Class: 11041K(13440K)->11041K(13440K)
[2020-10-06T06:34:33.613+0000][36436][gc           ] GC(22) Pause Young (Concurrent Start) (G1 Humongous Allocation) 408M->250M(1024M) 18.581ms
[2020-10-06T06:34:33.614+0000][36436][gc,cpu       ] GC(22) User=0.11s Sys=0.00s Real=0.02s
[2020-10-06T06:34:33.614+0000][36436][gc           ] GC(23) Concurrent Cycle
[2020-10-06T06:34:33.614+0000][36436][safepoint    ] Safepoint "G1TryInitiateConcMark", Time since last: 2007900 ns, Reaching safepoint: 150700 ns, At safepoint: 18796700 ns, Total: 18947400 ns
[2020-10-06T06:34:33.614+0000][36436][gc,marking   ] GC(23) Concurrent Clear Claimed Marks
[2020-10-06T06:34:33.614+0000][36436][gc,marking   ] GC(23) Concurrent Clear Claimed Marks 0.501ms
[2020-10-06T06:34:33.615+0000][36436][gc,marking   ] GC(23) Concurrent Scan Root Regions
[2020-10-06T06:34:33.631+0000][36436][gc,marking   ] GC(23) Concurrent Scan Root Regions 16.758ms
[2020-10-06T06:34:33.632+0000][36436][gc,marking   ] GC(23) Concurrent Mark (8943.829s)
[2020-10-06T06:34:33.632+0000][36436][gc,marking   ] GC(23) Concurrent Mark From Roots
[2020-10-06T06:34:33.632+0000][36436][gc,task      ] GC(23) Using 2 workers of 2 for marking
[2020-10-06T06:34:33.737+0000][36436][gc,marking   ] GC(23) Concurrent Mark From Roots 105.350ms
[2020-10-06T06:34:33.737+0000][36436][gc,marking   ] GC(23) Concurrent Preclean
[2020-10-06T06:34:33.738+0000][36436][gc,marking   ] GC(23) Concurrent Preclean 0.859ms
[2020-10-06T06:34:33.738+0000][36436][gc,marking   ] GC(23) Concurrent Mark (8943.829s, 8943.936s) 106.410ms
[2020-10-06T06:34:33.738+0000][36436][gc,start     ] GC(23) Pause Remark
[2020-10-06T06:34:33.743+0000][36436][gc           ] GC(23) Pause Remark 350M->350M(1024M) 5.196ms
[2020-10-06T06:34:33.744+0000][36436][gc,cpu       ] GC(23) User=0.11s Sys=0.00s Real=0.01s
[2020-10-06T06:34:33.744+0000][36436][safepoint    ] Safepoint "G1Concurrent", Time since last: 124430700 ns, Reaching safepoint: 180800 ns, At safepoint: 5441900 ns, Total: 5622700 ns
[2020-10-06T06:34:33.744+0000][36436][gc,marking   ] GC(23) Concurrent Rebuild Remembered Sets
[2020-10-06T06:34:33.777+0000][36436][safepoint    ] Safepoint "BulkRevokeBias", Time since last: 31433200 ns, Reaching safepoint: 360900 ns, At safepoint: 1559400 ns, Total: 1920300 ns
[2020-10-06T06:34:33.809+0000][36436][gc,marking   ] GC(23) Concurrent Rebuild Remembered Sets 65.561ms
[2020-10-06T06:34:33.810+0000][36436][gc,start     ] GC(23) Pause Cleanup
[2020-10-06T06:34:33.810+0000][36436][gc           ] GC(23) Pause Cleanup 360M->360M(1024M) 0.357ms
[2020-10-06T06:34:33.810+0000][36436][gc,cpu       ] GC(23) User=0.00s Sys=0.00s Real=0.00s
[2020-10-06T06:34:33.810+0000][36436][safepoint    ] Safepoint "G1Concurrent", Time since last: 32396800 ns, Reaching safepoint: 145900 ns, At safepoint: 563300 ns, Total: 709200 ns
[2020-10-06T06:34:33.810+0000][36436][gc,marking   ] GC(23) Concurrent Cleanup for Next Mark
[2020-10-06T06:34:33.812+0000][36436][gc,marking   ] GC(23) Concurrent Cleanup for Next Mark 1.804ms
[2020-10-06T06:34:33.812+0000][36436][gc           ] GC(23) Concurrent Cycle 198.528ms
[2020-10-06T06:34:33.813+0000][36436][gc,start     ] GC(24) Pause Young (Concurrent Start) (G1 Humongous Allocation)
[2020-10-06T06:34:33.813+0000][36436][gc,task      ] GC(24) Using 8 workers of 8 for evacuation
[2020-10-06T06:34:33.813+0000][36436][gc,age       ] GC(24) Desired survivor size 34078720 bytes, new threshold 15 (max threshold 15)
[2020-10-06T06:34:33.832+0000][36436][gc,age       ] GC(24) Age table with threshold 15 (max threshold 15)
[2020-10-06T06:34:33.832+0000][36436][gc,age       ] GC(24) - age   1:    2693904 bytes,    2693904 total
[2020-10-06T06:34:33.832+0000][36436][gc,age       ] GC(24) - age   2:     262232 bytes,    2956136 total
[2020-10-06T06:34:33.832+0000][36436][gc,age       ] GC(24) - age   3:     292264 bytes,    3248400 total
[2020-10-06T06:34:33.832+0000][36436][gc,age       ] GC(24) - age   4:     257688 bytes,    3506088 total
[2020-10-06T06:34:33.832+0000][36436][gc,age       ] GC(24) - age   5:     659968 bytes,    4166056 total
[2020-10-06T06:34:33.832+0000][36436][gc,age       ] GC(24) - age   6:    4015584 bytes,    8181640 total
[2020-10-06T06:34:33.832+0000][36436][gc,age       ] GC(24) - age   7:       8504 bytes,    8190144 total
[2020-10-06T06:34:33.832+0000][36436][gc,age       ] GC(24) - age   8:       2280 bytes,    8192424 total
[2020-10-06T06:34:33.833+0000][36436][gc,age       ] GC(24) - age   9:       7272 bytes,    8199696 total
[2020-10-06T06:34:33.833+0000][36436][gc,age       ] GC(24) - age  10:    3439392 bytes,   11639088 total
[2020-10-06T06:34:33.833+0000][36436][gc,age       ] GC(24) - age  11:    6222240 bytes,   17861328 total
[2020-10-06T06:34:33.833+0000][36436][gc,age       ] GC(24) - age  12:    7781848 bytes,   25643176 total
[2020-10-06T06:34:33.833+0000][36436][gc,phases    ] GC(24)   Pre Evacuate Collection Set: 0.4ms
[2020-10-06T06:34:33.833+0000][36436][gc,phases    ] GC(24)   Merge Heap Roots: 0.1ms
[2020-10-06T06:34:33.833+0000][36436][gc,phases    ] GC(24)   Evacuate Collection Set: 15.7ms
[2020-10-06T06:34:33.833+0000][36436][gc,phases    ] GC(24)   Post Evacuate Collection Set: 2.2ms
[2020-10-06T06:34:33.833+0000][36436][gc,phases    ] GC(24)   Other: 1.1ms
[2020-10-06T06:34:33.833+0000][36436][gc,heap      ] GC(24) Eden regions: 38->0(489)
[2020-10-06T06:34:33.833+0000][36436][gc,heap      ] GC(24) Survivor regions: 26->27(65)
[2020-10-06T06:34:33.833+0000][36436][gc,heap      ] GC(24) Old regions: 50->50
[2020-10-06T06:34:33.833+0000][36436][gc,heap      ] GC(24) Archive regions: 0->0
[2020-10-06T06:34:33.833+0000][36436][gc,heap      ] GC(24) Humongous regions: 257->175
[2020-10-06T06:34:33.833+0000][36436][gc,metaspace ] GC(24) Metaspace: 83261K(89340K)->83261K(89340K) NonClass: 72220K(75900K)->72220K(75900K) Class: 11041K(13440K)->11041K(13440K)
[2020-10-06T06:34:33.833+0000][36436][gc           ] GC(24) Pause Young (Concurrent Start) (G1 Humongous Allocation) 370M->251M(1024M) 20.008ms
[2020-10-06T06:34:33.833+0000][36436][gc,cpu       ] GC(24) User=0.13s Sys=0.00s Real=0.02s
[2020-10-06T06:34:33.833+0000][36436][safepoint    ] Safepoint "G1TryInitiateConcMark", Time since last: 2774200 ns, Reaching safepoint: 267200 ns, At safepoint: 20229400 ns, Total: 20496600 ns
[2020-10-06T06:34:33.833+0000][36436][gc           ] GC(25) Concurrent Cycle
[2020-10-06T06:34:33.834+0000][36436][gc,marking   ] GC(25) Concurrent Clear Claimed Marks
[2020-10-06T06:34:33.834+0000][36436][gc,marking   ] GC(25) Concurrent Clear Claimed Marks 0.440ms
[2020-10-06T06:34:33.834+0000][36436][gc,marking   ] GC(25) Concurrent Scan Root Regions
[2020-10-06T06:34:33.852+0000][36436][gc,marking   ] GC(25) Concurrent Scan Root Regions 17.492ms
[2020-10-06T06:34:33.852+0000][36436][gc,marking   ] GC(25) Concurrent Mark (8944.049s)
[2020-10-06T06:34:33.852+0000][36436][gc,marking   ] GC(25) Concurrent Mark From Roots
[2020-10-06T06:34:33.852+0000][36436][gc,task      ] GC(25) Using 2 workers of 2 for marking
[2020-10-06T06:34:33.960+0000][36436][gc,marking   ] GC(25) Concurrent Mark From Roots 108.155ms
[2020-10-06T06:34:33.960+0000][36436][gc,marking   ] GC(25) Concurrent Preclean
[2020-10-06T06:34:33.961+0000][36436][gc,marking   ] GC(25) Concurrent Preclean 0.898ms
[2020-10-06T06:34:33.961+0000][36436][gc,marking   ] GC(25) Concurrent Mark (8944.049s, 8944.159s) 109.298ms
[2020-10-06T06:34:33.961+0000][36436][gc,start     ] GC(25) Pause Remark
[2020-10-06T06:34:33.966+0000][36436][gc           ] GC(25) Pause Remark 369M->369M(1024M) 5.072ms
[2020-10-06T06:34:33.966+0000][36436][gc,cpu       ] GC(25) User=0.00s Sys=0.00s Real=0.01s
[2020-10-06T06:34:33.967+0000][36436][safepoint    ] Safepoint "G1Concurrent", Time since last: 127593400 ns, Reaching safepoint: 216500 ns, At safepoint: 6218400 ns, Total: 6434900 ns
[2020-10-06T06:34:33.967+0000][36436][gc,marking   ] GC(25) Concurrent Rebuild Remembered Sets
[2020-10-06T06:34:34.040+0000][36436][gc,marking   ] GC(25) Concurrent Rebuild Remembered Sets 72.289ms
[2020-10-06T06:34:34.040+0000][36436][gc,start     ] GC(25) Pause Cleanup
[2020-10-06T06:34:34.040+0000][36436][gc           ] GC(25) Pause Cleanup 379M->379M(1024M) 0.319ms
[2020-10-06T06:34:34.040+0000][36436][gc,cpu       ] GC(25) User=0.00s Sys=0.00s Real=0.00s
[2020-10-06T06:34:34.040+0000][36436][safepoint    ] Safepoint "G1Concurrent", Time since last: 72571800 ns, Reaching safepoint: 173400 ns, At safepoint: 550000 ns, Total: 723400 ns
[2020-10-06T06:34:34.041+0000][36436][gc,marking   ] GC(25) Concurrent Cleanup for Next Mark
[2020-10-06T06:34:34.042+0000][36436][gc,marking   ] GC(25) Concurrent Cleanup for Next Mark 1.848ms
[2020-10-06T06:34:34.043+0000][36436][gc           ] GC(25) Concurrent Cycle 209.406ms
[2020-10-06T06:34:34.046+0000][36436][gc,start     ] GC(26) Pause Young (Concurrent Start) (G1 Humongous Allocation)
[2020-10-06T06:34:34.046+0000][36436][gc,task      ] GC(26) Using 8 workers of 8 for evacuation
[2020-10-06T06:34:34.046+0000][36436][gc,age       ] GC(26) Desired survivor size 34078720 bytes, new threshold 15 (max threshold 15)
[2020-10-06T06:34:34.066+0000][36436][gc,age       ] GC(26) Age table with threshold 15 (max threshold 15)
[2020-10-06T06:34:34.066+0000][36436][gc,age       ] GC(26) - age   1:    2838120 bytes,    2838120 total
[2020-10-06T06:34:34.066+0000][36436][gc,age       ] GC(26) - age   2:     260232 bytes,    3098352 total
[2020-10-06T06:34:34.066+0000][36436][gc,age       ] GC(26) - age   3:     262232 bytes,    3360584 total
[2020-10-06T06:34:34.066+0000][36436][gc,age       ] GC(26) - age   4:     291264 bytes,    3651848 total
[2020-10-06T06:34:34.066+0000][36436][gc,age       ] GC(26) - age   5:     254920 bytes,    3906768 total
[2020-10-06T06:34:34.066+0000][36436][gc,age       ] GC(26) - age   6:     659792 bytes,    4566560 total
[2020-10-06T06:34:34.066+0000][36436][gc,age       ] GC(26) - age   7:    4012128 bytes,    8578688 total
[2020-10-06T06:34:34.066+0000][36436][gc,age       ] GC(26) - age   8:       8504 bytes,    8587192 total
[2020-10-06T06:34:34.066+0000][36436][gc,age       ] GC(26) - age   9:       2280 bytes,    8589472 total
[2020-10-06T06:34:34.066+0000][36436][gc,age       ] GC(26) - age  10:       7272 bytes,    8596744 total
[2020-10-06T06:34:34.066+0000][36436][gc,age       ] GC(26) - age  11:    3439264 bytes,   12036008 total
[2020-10-06T06:34:34.066+0000][36436][gc,age       ] GC(26) - age  12:    6222240 bytes,   18258248 total
[2020-10-06T06:34:34.066+0000][36436][gc,age       ] GC(26) - age  13:    7781848 bytes,   26040096 total
[2020-10-06T06:34:34.066+0000][36436][gc,phases    ] GC(26)   Pre Evacuate Collection Set: 0.5ms
[2020-10-06T06:34:34.066+0000][36436][gc,phases    ] GC(26)   Merge Heap Roots: 0.1ms
[2020-10-06T06:34:34.066+0000][36436][gc,phases    ] GC(26)   Evacuate Collection Set: 16.6ms
[2020-10-06T06:34:34.066+0000][36436][gc,phases    ] GC(26)   Post Evacuate Collection Set: 1.9ms
[2020-10-06T06:34:34.066+0000][36436][gc,phases    ] GC(26)   Other: 1.1ms
[2020-10-06T06:34:34.066+0000][36436][gc,heap      ] GC(26) Eden regions: 39->0(492)
[2020-10-06T06:34:34.066+0000][36436][gc,heap      ] GC(26) Survivor regions: 27->26(65)
[2020-10-06T06:34:34.067+0000][36436][gc,heap      ] GC(26) Old regions: 50->50
[2020-10-06T06:34:34.067+0000][36436][gc,heap      ] GC(26) Archive regions: 0->0
[2020-10-06T06:34:34.067+0000][36436][gc,heap      ] GC(26) Humongous regions: 266->174
[2020-10-06T06:34:34.067+0000][36436][gc,metaspace ] GC(26) Metaspace: 83298K(89340K)->83298K(89340K) NonClass: 72257K(75900K)->72257K(75900K) Class: 11041K(13440K)->11041K(13440K)
[2020-10-06T06:34:34.067+0000][36436][gc           ] GC(26) Pause Young (Concurrent Start) (G1 Humongous Allocation) 381M->249M(1024M) 20.616ms
[2020-10-06T06:34:34.067+0000][36436][gc,cpu       ] GC(26) User=0.13s Sys=0.00s Real=0.02s
[2020-10-06T06:34:34.067+0000][36436][safepoint    ] Safepoint "G1TryInitiateConcMark", Time since last: 5389500 ns, Reaching safepoint: 141300 ns, At safepoint: 20833000 ns, Total: 20974300 ns
[2020-10-06T06:34:34.067+0000][36436][gc           ] GC(27) Concurrent Cycle
[2020-10-06T06:34:34.067+0000][36436][gc,marking   ] GC(27) Concurrent Clear Claimed Marks
[2020-10-06T06:34:34.067+0000][36436][gc,marking   ] GC(27) Concurrent Clear Claimed Marks 0.395ms
[2020-10-06T06:34:34.067+0000][36436][gc,marking   ] GC(27) Concurrent Scan Root Regions
[2020-10-06T06:34:34.086+0000][36436][gc,marking   ] GC(27) Concurrent Scan Root Regions 18.135ms
[2020-10-06T06:34:34.086+0000][36436][gc,marking   ] GC(27) Concurrent Mark (8944.284s)
[2020-10-06T06:34:34.086+0000][36436][gc,marking   ] GC(27) Concurrent Mark From Roots
[2020-10-06T06:34:34.086+0000][36436][gc,task      ] GC(27) Using 2 workers of 2 for marking
[2020-10-06T06:34:34.142+0000][36436][safepoint    ] Safepoint "BulkRevokeBias", Time since last: 73787300 ns, Reaching safepoint: 204900 ns, At safepoint: 1484300 ns, Total: 1689200 ns
[2020-10-06T06:34:34.190+0000][36436][gc,marking   ] GC(27) Concurrent Mark From Roots 104.333ms
[2020-10-06T06:34:34.190+0000][36436][gc,marking   ] GC(27) Concurrent Preclean
[2020-10-06T06:34:34.192+0000][36436][gc,marking   ] GC(27) Concurrent Preclean 0.769ms
[2020-10-06T06:34:34.192+0000][36436][gc,marking   ] GC(27) Concurrent Mark (8944.284s, 8944.389s) 105.308ms
[2020-10-06T06:34:34.192+0000][36436][gc,start     ] GC(27) Pause Remark
[2020-10-06T06:34:34.197+0000][36436][gc           ] GC(27) Pause Remark 376M->376M(1024M) 4.629ms
[2020-10-06T06:34:34.197+0000][36436][gc,cpu       ] GC(27) User=0.02s Sys=0.00s Real=0.01s
[2020-10-06T06:34:34.197+0000][36436][safepoint    ] Safepoint "G1Concurrent", Time since last: 48738700 ns, Reaching safepoint: 197900 ns, At safepoint: 4889300 ns, Total: 5087200 ns
[2020-10-06T06:34:34.197+0000][36436][gc,marking   ] GC(27) Concurrent Rebuild Remembered Sets
[2020-10-06T06:34:34.259+0000][36436][gc,marking   ] GC(27) Concurrent Rebuild Remembered Sets 62.070ms
[2020-10-06T06:34:34.259+0000][36436][gc,start     ] GC(27) Pause Cleanup
[2020-10-06T06:34:34.260+0000][36436][gc           ] GC(27) Pause Cleanup 435M->435M(1024M) 0.317ms
[2020-10-06T06:34:34.260+0000][36436][gc,cpu       ] GC(27) User=0.00s Sys=0.00s Real=0.00s
[2020-10-06T06:34:34.260+0000][36436][safepoint    ] Safepoint "G1Concurrent", Time since last: 62276700 ns, Reaching safepoint: 173800 ns, At safepoint: 520200 ns, Total: 694000 ns
[2020-10-06T06:34:34.260+0000][36436][gc,marking   ] GC(27) Concurrent Cleanup for Next Mark
[2020-10-06T06:34:34.262+0000][36436][gc,marking   ] GC(27) Concurrent Cleanup for Next Mark 1.853ms
[2020-10-06T06:34:34.262+0000][36436][gc           ] GC(27) Concurrent Cycle 194.335ms
[2020-10-06T06:34:34.328+0000][36436][gc,start     ] GC(28) Pause Young (Concurrent Start) (G1 Humongous Allocation)
[2020-10-06T06:34:34.328+0000][36436][gc,task      ] GC(28) Using 8 workers of 8 for evacuation
[2020-10-06T06:34:34.328+0000][36436][gc,age       ] GC(28) Desired survivor size 34078720 bytes, new threshold 15 (max threshold 15)
[2020-10-06T06:34:34.349+0000][36436][gc,age       ] GC(28) Age table with threshold 15 (max threshold 15)
[2020-10-06T06:34:34.349+0000][36436][gc,age       ] GC(28) - age   1:    3244912 bytes,    3244912 total
[2020-10-06T06:34:34.349+0000][36436][gc,age       ] GC(28) - age   2:     233800 bytes,    3478712 total
[2020-10-06T06:34:34.349+0000][36436][gc,age       ] GC(28) - age   3:     256480 bytes,    3735192 total
[2020-10-06T06:34:34.349+0000][36436][gc,age       ] GC(28) - age   4:     261648 bytes,    3996840 total
[2020-10-06T06:34:34.349+0000][36436][gc,age       ] GC(28) - age   5:     287768 bytes,    4284608 total
[2020-10-06T06:34:34.349+0000][36436][gc,age       ] GC(28) - age   6:     254888 bytes,    4539496 total
[2020-10-06T06:34:34.349+0000][36436][gc,age       ] GC(28) - age   7:     659632 bytes,    5199128 total
[2020-10-06T06:34:34.349+0000][36436][gc,age       ] GC(28) - age   8:    4010392 bytes,    9209520 total
[2020-10-06T06:34:34.349+0000][36436][gc,age       ] GC(28) - age   9:       8504 bytes,    9218024 total
[2020-10-06T06:34:34.349+0000][36436][gc,age       ] GC(28) - age  10:       2280 bytes,    9220304 total
[2020-10-06T06:34:34.350+0000][36436][gc,age       ] GC(28) - age  11:       7272 bytes,    9227576 total
[2020-10-06T06:34:34.350+0000][36436][gc,age       ] GC(28) - age  12:    3439264 bytes,   12666840 total
[2020-10-06T06:34:34.350+0000][36436][gc,age       ] GC(28) - age  13:    6222240 bytes,   18889080 total
[2020-10-06T06:34:34.350+0000][36436][gc,age       ] GC(28) - age  14:    7781848 bytes,   26670928 total
[2020-10-06T06:34:34.350+0000][36436][gc,phases    ] GC(28)   Pre Evacuate Collection Set: 0.5ms
[2020-10-06T06:34:34.350+0000][36436][gc,phases    ] GC(28)   Merge Heap Roots: 0.1ms
[2020-10-06T06:34:34.350+0000][36436][gc,phases    ] GC(28)   Evacuate Collection Set: 17.8ms
[2020-10-06T06:34:34.350+0000][36436][gc,phases    ] GC(28)   Post Evacuate Collection Set: 2.3ms
[2020-10-06T06:34:34.350+0000][36436][gc,phases    ] GC(28)   Other: 1.2ms
[2020-10-06T06:34:34.350+0000][36436][gc,heap      ] GC(28) Eden regions: 58->0(488)
[2020-10-06T06:34:34.350+0000][36436][gc,heap      ] GC(28) Survivor regions: 26->28(65)
[2020-10-06T06:34:34.350+0000][36436][gc,heap      ] GC(28) Old regions: 50->50
[2020-10-06T06:34:34.350+0000][36436][gc,heap      ] GC(28) Archive regions: 0->0
[2020-10-06T06:34:34.350+0000][36436][gc,heap      ] GC(28) Humongous regions: 318->174
[2020-10-06T06:34:34.350+0000][36436][gc,metaspace ] GC(28) Metaspace: 83356K(89340K)->83356K(89340K) NonClass: 72315K(75900K)->72315K(75900K) Class: 11041K(13440K)->11041K(13440K)
[2020-10-06T06:34:34.350+0000][36436][gc           ] GC(28) Pause Young (Concurrent Start) (G1 Humongous Allocation) 451M->251M(1024M) 22.450ms
[2020-10-06T06:34:34.350+0000][36436][gc,cpu       ] GC(28) User=0.14s Sys=0.02s Real=0.02s
[2020-10-06T06:34:34.351+0000][36436][gc           ] GC(29) Concurrent Cycle
[2020-10-06T06:34:34.351+0000][36436][safepoint    ] Safepoint "G1TryInitiateConcMark", Time since last: 68895300 ns, Reaching safepoint: 151400 ns, At safepoint: 22677100 ns, Total: 22828500 ns
[2020-10-06T06:34:34.351+0000][36436][gc,marking   ] GC(29) Concurrent Clear Claimed Marks
[2020-10-06T06:34:34.351+0000][36436][gc,marking   ] GC(29) Concurrent Clear Claimed Marks 0.464ms
[2020-10-06T06:34:34.351+0000][36436][gc,marking   ] GC(29) Concurrent Scan Root Regions
[2020-10-06T06:34:34.370+0000][36436][gc,marking   ] GC(29) Concurrent Scan Root Regions 19.252ms
[2020-10-06T06:34:34.370+0000][36436][gc,marking   ] GC(29) Concurrent Mark (8944.569s)
[2020-10-06T06:34:34.371+0000][36436][gc,marking   ] GC(29) Concurrent Mark From Roots
[2020-10-06T06:34:34.371+0000][36436][gc,task      ] GC(29) Using 2 workers of 2 for marking
[2020-10-06T06:34:34.496+0000][36436][gc,marking   ] GC(29) Concurrent Mark From Roots 124.869ms
[2020-10-06T06:34:34.496+0000][36436][gc,marking   ] GC(29) Concurrent Preclean
[2020-10-06T06:34:34.497+0000][36436][gc,marking   ] GC(29) Concurrent Preclean 0.966ms
[2020-10-06T06:34:34.497+0000][36436][gc,marking   ] GC(29) Concurrent Mark (8944.569s, 8944.695s) 126.078ms
[2020-10-06T06:34:34.497+0000][36436][gc,start     ] GC(29) Pause Remark
[2020-10-06T06:34:34.503+0000][36436][gc           ] GC(29) Pause Remark 380M->380M(1024M) 5.219ms
[2020-10-06T06:34:34.503+0000][36436][gc,cpu       ] GC(29) User=0.00s Sys=0.00s Real=0.01s
[2020-10-06T06:34:34.504+0000][36436][safepoint    ] Safepoint "G1Concurrent", Time since last: 146112300 ns, Reaching safepoint: 304500 ns, At safepoint: 6277600 ns, Total: 6582100 ns
[2020-10-06T06:34:34.504+0000][36436][gc,marking   ] GC(29) Concurrent Rebuild Remembered Sets
[2020-10-06T06:34:34.575+0000][36436][gc,marking   ] GC(29) Concurrent Rebuild Remembered Sets 70.931ms
[2020-10-06T06:34:34.575+0000][36436][gc,start     ] GC(29) Pause Cleanup
[2020-10-06T06:34:34.575+0000][36436][gc           ] GC(29) Pause Cleanup 442M->442M(1024M) 0.370ms
[2020-10-06T06:34:34.576+0000][36436][gc,cpu       ] GC(29) User=0.00s Sys=0.00s Real=0.00s
[2020-10-06T06:34:34.576+0000][36436][safepoint    ] Safepoint "G1Concurrent", Time since last: 71197100 ns, Reaching safepoint: 187000 ns, At safepoint: 555400 ns, Total: 742400 ns
[2020-10-06T06:34:34.576+0000][36436][gc,marking   ] GC(29) Concurrent Cleanup for Next Mark
[2020-10-06T06:34:34.578+0000][36436][gc,marking   ] GC(29) Concurrent Cleanup for Next Mark 1.896ms
[2020-10-06T06:34:34.578+0000][36436][gc           ] GC(29) Concurrent Cycle 226.779ms
[2020-10-06T06:34:34.644+0000][36436][gc,start     ] GC(30) Pause Young (Concurrent Start) (G1 Humongous Allocation)
[2020-10-06T06:34:34.644+0000][36436][gc,task      ] GC(30) Using 8 workers of 8 for evacuation
[2020-10-06T06:34:34.644+0000][36436][gc,age       ] GC(30) Desired survivor size 34078720 bytes, new threshold 15 (max threshold 15)
[2020-10-06T06:34:34.664+0000][36436][gc,age       ] GC(30) Age table with threshold 15 (max threshold 15)
[2020-10-06T06:34:34.664+0000][36436][gc,age       ] GC(30) - age   1:    3018616 bytes,    3018616 total
[2020-10-06T06:34:34.664+0000][36436][gc,age       ] GC(30) - age   2:     226120 bytes,    3244736 total
[2020-10-06T06:34:34.664+0000][36436][gc,age       ] GC(30) - age   3:     233552 bytes,    3478288 total
[2020-10-06T06:34:34.665+0000][36436][gc,age       ] GC(30) - age   4:     255776 bytes,    3734064 total
[2020-10-06T06:34:34.665+0000][36436][gc,age       ] GC(30) - age   5:     260440 bytes,    3994504 total
[2020-10-06T06:34:34.665+0000][36436][gc,age       ] GC(30) - age   6:     287736 bytes,    4282240 total
[2020-10-06T06:34:34.665+0000][36436][gc,age       ] GC(30) - age   7:     254568 bytes,    4536808 total
[2020-10-06T06:34:34.665+0000][36436][gc,age       ] GC(30) - age   8:     659600 bytes,    5196408 total
[2020-10-06T06:34:34.665+0000][36436][gc,age       ] GC(30) - age   9:    4010328 bytes,    9206736 total
[2020-10-06T06:34:34.665+0000][36436][gc,age       ] GC(30) - age  10:       8504 bytes,    9215240 total
[2020-10-06T06:34:34.665+0000][36436][gc,age       ] GC(30) - age  11:       2280 bytes,    9217520 total
[2020-10-06T06:34:34.665+0000][36436][gc,age       ] GC(30) - age  12:       7272 bytes,    9224792 total
[2020-10-06T06:34:34.665+0000][36436][gc,age       ] GC(30) - age  13:    3439264 bytes,   12664056 total
[2020-10-06T06:34:34.665+0000][36436][gc,age       ] GC(30) - age  14:    6222240 bytes,   18886296 total
[2020-10-06T06:34:34.665+0000][36436][gc,age       ] GC(30) - age  15:    7781848 bytes,   26668144 total
[2020-10-06T06:34:34.665+0000][36436][gc,phases    ] GC(30)   Pre Evacuate Collection Set: 0.4ms
[2020-10-06T06:34:34.665+0000][36436][gc,phases    ] GC(30)   Merge Heap Roots: 0.1ms
[2020-10-06T06:34:34.665+0000][36436][gc,phases    ] GC(30)   Evacuate Collection Set: 17.1ms
[2020-10-06T06:34:34.665+0000][36436][gc,phases    ] GC(30)   Post Evacuate Collection Set: 2.3ms
[2020-10-06T06:34:34.665+0000][36436][gc,phases    ] GC(30)   Other: 1.2ms
[2020-10-06T06:34:34.665+0000][36436][gc,heap      ] GC(30) Eden regions: 58->0(488)
[2020-10-06T06:34:34.665+0000][36436][gc,heap      ] GC(30) Survivor regions: 28->28(65)
[2020-10-06T06:34:34.666+0000][36436][gc,heap      ] GC(30) Old regions: 50->50
[2020-10-06T06:34:34.666+0000][36436][gc,heap      ] GC(30) Archive regions: 0->0
[2020-10-06T06:34:34.666+0000][36436][gc,heap      ] GC(30) Humongous regions: 322->174
[2020-10-06T06:34:34.666+0000][36436][gc,metaspace ] GC(30) Metaspace: 83405K(89340K)->83405K(89340K) NonClass: 72364K(75900K)->72364K(75900K) Class: 11041K(13440K)->11041K(13440K)
[2020-10-06T06:34:34.666+0000][36436][gc           ] GC(30) Pause Young (Concurrent Start) (G1 Humongous Allocation) 457M->251M(1024M) 21.791ms
[2020-10-06T06:34:34.666+0000][36436][gc,cpu       ] GC(30) User=0.22s Sys=0.00s Real=0.02s
[2020-10-06T06:34:34.666+0000][36436][gc           ] GC(31) Concurrent Cycle
[2020-10-06T06:34:34.666+0000][36436][safepoint    ] Safepoint "G1TryInitiateConcMark", Time since last: 68328800 ns, Reaching safepoint: 150400 ns, At safepoint: 22046800 ns, Total: 22197200 ns
[2020-10-06T06:34:34.666+0000][36436][gc,marking   ] GC(31) Concurrent Clear Claimed Marks
[2020-10-06T06:34:34.667+0000][36436][gc,marking   ] GC(31) Concurrent Clear Claimed Marks 0.531ms
[2020-10-06T06:34:34.667+0000][36436][gc,marking   ] GC(31) Concurrent Scan Root Regions
[2020-10-06T06:34:34.687+0000][36436][gc,marking   ] GC(31) Concurrent Scan Root Regions 20.503ms
[2020-10-06T06:34:34.687+0000][36436][gc,marking   ] GC(31) Concurrent Mark (8944.885s)
[2020-10-06T06:34:34.687+0000][36436][gc,marking   ] GC(31) Concurrent Mark From Roots
[2020-10-06T06:34:34.687+0000][36436][gc,task      ] GC(31) Using 2 workers of 2 for marking
[2020-10-06T06:34:34.807+0000][36436][gc,marking   ] GC(31) Concurrent Mark From Roots 119.716ms
[2020-10-06T06:34:34.807+0000][36436][gc,marking   ] GC(31) Concurrent Preclean
[2020-10-06T06:34:34.808+0000][36436][gc,marking   ] GC(31) Concurrent Preclean 0.953ms
[2020-10-06T06:34:34.808+0000][36436][gc,marking   ] GC(31) Concurrent Mark (8944.885s, 8945.006s) 120.898ms
[2020-10-06T06:34:34.808+0000][36436][gc,start     ] GC(31) Pause Remark
[2020-10-06T06:34:34.814+0000][36436][gc           ] GC(31) Pause Remark 377M->377M(1024M) 5.191ms
[2020-10-06T06:34:34.814+0000][36436][gc,cpu       ] GC(31) User=0.00s Sys=0.00s Real=0.01s
[2020-10-06T06:34:34.814+0000][36436][safepoint    ] Safepoint "G1Concurrent", Time since last: 142285900 ns, Reaching safepoint: 169000 ns, At safepoint: 5433700 ns, Total: 5602700 ns
[2020-10-06T06:34:34.814+0000][36436][gc,marking   ] GC(31) Concurrent Rebuild Remembered Sets
[2020-10-06T06:34:34.878+0000][36436][gc,marking   ] GC(31) Concurrent Rebuild Remembered Sets 64.517ms
[2020-10-06T06:34:34.879+0000][36436][gc,start     ] GC(31) Pause Cleanup
[2020-10-06T06:34:34.879+0000][36436][gc           ] GC(31) Pause Cleanup 437M->437M(1024M) 0.312ms
[2020-10-06T06:34:34.879+0000][36436][gc,cpu       ] GC(31) User=0.00s Sys=0.00s Real=0.00s
[2020-10-06T06:34:34.879+0000][36436][safepoint    ] Safepoint "G1Concurrent", Time since last: 64815800 ns, Reaching safepoint: 145000 ns, At safepoint: 547300 ns, Total: 692300 ns
[2020-10-06T06:34:34.879+0000][36436][gc,marking   ] GC(31) Concurrent Cleanup for Next Mark
[2020-10-06T06:34:34.882+0000][36436][gc,marking   ] GC(31) Concurrent Cleanup for Next Mark 2.243ms
[2020-10-06T06:34:34.882+0000][36436][gc           ] GC(31) Concurrent Cycle 215.926ms
[2020-10-06T06:34:34.972+0000][36436][gc,start     ] GC(32) Pause Young (Concurrent Start) (G1 Humongous Allocation)
[2020-10-06T06:34:34.973+0000][36436][gc,task      ] GC(32) Using 8 workers of 8 for evacuation
[2020-10-06T06:34:34.973+0000][36436][gc,age       ] GC(32) Desired survivor size 34078720 bytes, new threshold 15 (max threshold 15)
[2020-10-06T06:34:35.008+0000][36436][gc,age       ] GC(32) Age table with threshold 15 (max threshold 15)
[2020-10-06T06:34:35.008+0000][36436][gc,age       ] GC(32) - age   1:    3224144 bytes,    3224144 total
[2020-10-06T06:34:35.008+0000][36436][gc,age       ] GC(32) - age   2:     409000 bytes,    3633144 total
[2020-10-06T06:34:35.009+0000][36436][gc,age       ] GC(32) - age   3:     225296 bytes,    3858440 total
[2020-10-06T06:34:35.009+0000][36436][gc,age       ] GC(32) - age   4:     232976 bytes,    4091416 total
[2020-10-06T06:34:35.009+0000][36436][gc,age       ] GC(32) - age   5:     255608 bytes,    4347024 total
[2020-10-06T06:34:35.009+0000][36436][gc,age       ] GC(32) - age   6:     256664 bytes,    4603688 total
[2020-10-06T06:34:35.009+0000][36436][gc,age       ] GC(32) - age   7:     287512 bytes,    4891200 total
[2020-10-06T06:34:35.009+0000][36436][gc,age       ] GC(32) - age   8:     254472 bytes,    5145672 total
[2020-10-06T06:34:35.009+0000][36436][gc,age       ] GC(32) - age   9:     659544 bytes,    5805216 total
[2020-10-06T06:34:35.009+0000][36436][gc,age       ] GC(32) - age  10:    4010248 bytes,    9815464 total
[2020-10-06T06:34:35.009+0000][36436][gc,age       ] GC(32) - age  11:       8504 bytes,    9823968 total
[2020-10-06T06:34:35.009+0000][36436][gc,age       ] GC(32) - age  12:       2280 bytes,    9826248 total
[2020-10-06T06:34:35.009+0000][36436][gc,age       ] GC(32) - age  13:       7272 bytes,    9833520 total
[2020-10-06T06:34:35.009+0000][36436][gc,age       ] GC(32) - age  14:    3439264 bytes,   13272784 total
[2020-10-06T06:34:35.009+0000][36436][gc,age       ] GC(32) - age  15:    6222240 bytes,   19495024 total
[2020-10-06T06:34:35.009+0000][36436][gc,phases    ] GC(32)   Pre Evacuate Collection Set: 0.6ms
[2020-10-06T06:34:35.009+0000][36436][gc,phases    ] GC(32)   Merge Heap Roots: 0.1ms
[2020-10-06T06:34:35.009+0000][36436][gc,phases    ] GC(32)   Evacuate Collection Set: 32.7ms
[2020-10-06T06:34:35.009+0000][36436][gc,phases    ] GC(32)   Post Evacuate Collection Set: 2.1ms
[2020-10-06T06:34:35.010+0000][36436][gc,phases    ] GC(32)   Other: 1.6ms
[2020-10-06T06:34:35.010+0000][36436][gc,heap      ] GC(32) Eden regions: 58->0(494)
[2020-10-06T06:34:35.010+0000][36436][gc,heap      ] GC(32) Survivor regions: 28->21(65)
[2020-10-06T06:34:35.010+0000][36436][gc,heap      ] GC(32) Old regions: 50->58
[2020-10-06T06:34:35.010+0000][36436][gc,heap      ] GC(32) Archive regions: 0->0
[2020-10-06T06:34:35.010+0000][36436][gc,heap      ] GC(32) Humongous regions: 318->174
[2020-10-06T06:34:35.010+0000][36436][gc,metaspace ] GC(32) Metaspace: 83466K(89340K)->83466K(89340K) NonClass: 72425K(75900K)->72425K(75900K) Class: 11041K(13440K)->11041K(13440K)
[2020-10-06T06:34:35.010+0000][36436][gc           ] GC(32) Pause Young (Concurrent Start) (G1 Humongous Allocation) 452M->252M(1024M) 37.594ms
[2020-10-06T06:34:35.010+0000][36436][gc,cpu       ] GC(32) User=0.25s Sys=0.02s Real=0.04s
[2020-10-06T06:34:35.010+0000][36436][gc           ] GC(33) Concurrent Cycle
[2020-10-06T06:34:35.010+0000][36436][safepoint    ] Safepoint "G1TryInitiateConcMark", Time since last: 92785900 ns, Reaching safepoint: 171600 ns, At safepoint: 37816200 ns, Total: 37987800 ns
[2020-10-06T06:34:35.010+0000][36436][gc,marking   ] GC(33) Concurrent Clear Claimed Marks
[2020-10-06T06:34:35.011+0000][36436][gc,marking   ] GC(33) Concurrent Clear Claimed Marks 0.455ms
[2020-10-06T06:34:35.011+0000][36436][gc,marking   ] GC(33) Concurrent Scan Root Regions
[2020-10-06T06:34:35.030+0000][36436][gc,marking   ] GC(33) Concurrent Scan Root Regions 19.673ms
[2020-10-06T06:34:35.030+0000][36436][gc,marking   ] GC(33) Concurrent Mark (8945.229s)
[2020-10-06T06:34:35.030+0000][36436][gc,marking   ] GC(33) Concurrent Mark From Roots
[2020-10-06T06:34:35.030+0000][36436][gc,task      ] GC(33) Using 2 workers of 2 for marking
[2020-10-06T06:34:35.152+0000][36436][gc,marking   ] GC(33) Concurrent Mark From Roots 121.658ms
[2020-10-06T06:34:35.152+0000][36436][gc,marking   ] GC(33) Concurrent Preclean
[2020-10-06T06:34:35.153+0000][36436][gc,marking   ] GC(33) Concurrent Preclean 0.902ms
[2020-10-06T06:34:35.153+0000][36436][gc,marking   ] GC(33) Concurrent Mark (8945.229s, 8945.351s) 122.822ms
[2020-10-06T06:34:35.153+0000][36436][gc,start     ] GC(33) Pause Remark
[2020-10-06T06:34:35.159+0000][36436][gc           ] GC(33) Pause Remark 319M->319M(1024M) 5.417ms
[2020-10-06T06:34:35.159+0000][36436][gc,cpu       ] GC(33) User=0.00s Sys=0.00s Real=0.01s
[2020-10-06T06:34:35.159+0000][36436][safepoint    ] Safepoint "G1Concurrent", Time since last: 143264800 ns, Reaching safepoint: 147900 ns, At safepoint: 5686100 ns, Total: 5834000 ns
[2020-10-06T06:34:35.159+0000][36436][gc,marking   ] GC(33) Concurrent Rebuild Remembered Sets
[2020-10-06T06:34:35.239+0000][36436][gc,marking   ] GC(33) Concurrent Rebuild Remembered Sets 79.450ms
[2020-10-06T06:34:35.239+0000][36436][gc,start     ] GC(33) Pause Cleanup
[2020-10-06T06:34:35.239+0000][36436][gc           ] GC(33) Pause Cleanup 388M->388M(1024M) 0.316ms
[2020-10-06T06:34:35.239+0000][36436][gc,cpu       ] GC(33) User=0.00s Sys=0.00s Real=0.00s
[2020-10-06T06:34:35.240+0000][36436][safepoint    ] Safepoint "G1Concurrent", Time since last: 79706200 ns, Reaching safepoint: 190600 ns, At safepoint: 527600 ns, Total: 718200 ns
[2020-10-06T06:34:35.240+0000][36436][gc,marking   ] GC(33) Concurrent Cleanup for Next Mark
[2020-10-06T06:34:35.241+0000][36436][gc,marking   ] GC(33) Concurrent Cleanup for Next Mark 1.875ms
[2020-10-06T06:34:35.242+0000][36436][gc           ] GC(33) Concurrent Cycle 231.658ms
[2020-10-06T06:34:35.246+0000][36436][gc,start     ] GC(34) Pause Young (Concurrent Start) (G1 Humongous Allocation)
[2020-10-06T06:34:35.246+0000][36436][gc,task      ] GC(34) Using 8 workers of 8 for evacuation
[2020-10-06T06:34:35.246+0000][36436][gc,age       ] GC(34) Desired survivor size 34078720 bytes, new threshold 15 (max threshold 15)
[2020-10-06T06:34:35.262+0000][36436][gc,age       ] GC(34) Age table with threshold 15 (max threshold 15)
[2020-10-06T06:34:35.262+0000][36436][gc,age       ] GC(34) - age   1:    3288456 bytes,    3288456 total
[2020-10-06T06:34:35.262+0000][36436][gc,age       ] GC(34) - age   2:     209016 bytes,    3497472 total
[2020-10-06T06:34:35.262+0000][36436][gc,age       ] GC(34) - age   3:     405472 bytes,    3902944 total
[2020-10-06T06:34:35.262+0000][36436][gc,age       ] GC(34) - age   4:     223368 bytes,    4126312 total
[2020-10-06T06:34:35.262+0000][36436][gc,age       ] GC(34) - age   5:     232976 bytes,    4359288 total
[2020-10-06T06:34:35.262+0000][36436][gc,age       ] GC(34) - age   6:     255608 bytes,    4614896 total
[2020-10-06T06:34:35.262+0000][36436][gc,age       ] GC(34) - age   7:     256296 bytes,    4871192 total
[2020-10-06T06:34:35.263+0000][36436][gc,age       ] GC(34) - age   8:     287416 bytes,    5158608 total
[2020-10-06T06:34:35.263+0000][36436][gc,age       ] GC(34) - age   9:     254472 bytes,    5413080 total
[2020-10-06T06:34:35.263+0000][36436][gc,age       ] GC(34) - age  10:     659544 bytes,    6072624 total
[2020-10-06T06:34:35.263+0000][36436][gc,age       ] GC(34) - age  11:    4010248 bytes,   10082872 total
[2020-10-06T06:34:35.263+0000][36436][gc,age       ] GC(34) - age  12:       8504 bytes,   10091376 total
[2020-10-06T06:34:35.263+0000][36436][gc,age       ] GC(34) - age  13:       2280 bytes,   10093656 total
[2020-10-06T06:34:35.263+0000][36436][gc,age       ] GC(34) - age  14:       7272 bytes,   10100928 total
[2020-10-06T06:34:35.263+0000][36436][gc,age       ] GC(34) - age  15:    3439264 bytes,   13540192 total
[2020-10-06T06:34:35.263+0000][36436][gc,phases    ] GC(34)   Pre Evacuate Collection Set: 0.5ms
[2020-10-06T06:34:35.263+0000][36436][gc,phases    ] GC(34)   Merge Heap Roots: 0.1ms
[2020-10-06T06:34:35.263+0000][36436][gc,phases    ] GC(34)   Evacuate Collection Set: 13.1ms
[2020-10-06T06:34:35.263+0000][36436][gc,phases    ] GC(34)   Post Evacuate Collection Set: 1.9ms
[2020-10-06T06:34:35.263+0000][36436][gc,phases    ] GC(34)   Other: 1.3ms
[2020-10-06T06:34:35.263+0000][36436][gc,heap      ] GC(34) Eden regions: 40->0(500)
[2020-10-06T06:34:35.263+0000][36436][gc,heap      ] GC(34) Survivor regions: 21->15(65)
[2020-10-06T06:34:35.263+0000][36436][gc,heap      ] GC(34) Old regions: 58->64
[2020-10-06T06:34:35.263+0000][36436][gc,heap      ] GC(34) Archive regions: 0->0
[2020-10-06T06:34:35.263+0000][36436][gc,heap      ] GC(34) Humongous regions: 272->174
[2020-10-06T06:34:35.263+0000][36436][gc,metaspace ] GC(34) Metaspace: 83499K(89340K)->83499K(89340K) NonClass: 72458K(75900K)->72458K(75900K) Class: 11041K(13440K)->11041K(13440K)
[2020-10-06T06:34:35.263+0000][36436][gc           ] GC(34) Pause Young (Concurrent Start) (G1 Humongous Allocation) 390M->252M(1024M) 17.442ms
[2020-10-06T06:34:35.264+0000][36436][gc,cpu       ] GC(34) User=0.11s Sys=0.02s Real=0.02s
[2020-10-06T06:34:35.264+0000][36436][gc           ] GC(35) Concurrent Cycle
[2020-10-06T06:34:35.264+0000][36436][safepoint    ] Safepoint "G1TryInitiateConcMark", Time since last: 6275200 ns, Reaching safepoint: 174300 ns, At safepoint: 17678300 ns, Total: 17852600 ns
[2020-10-06T06:34:35.264+0000][36436][gc,marking   ] GC(35) Concurrent Clear Claimed Marks
[2020-10-06T06:34:35.264+0000][36436][gc,marking   ] GC(35) Concurrent Clear Claimed Marks 0.644ms
[2020-10-06T06:34:35.264+0000][36436][gc,marking   ] GC(35) Concurrent Scan Root Regions
[2020-10-06T06:34:35.279+0000][36436][gc,marking   ] GC(35) Concurrent Scan Root Regions 14.898ms
[2020-10-06T06:34:35.279+0000][36436][gc,marking   ] GC(35) Concurrent Mark (8945.478s)
[2020-10-06T06:34:35.280+0000][36436][gc,marking   ] GC(35) Concurrent Mark From Roots
[2020-10-06T06:34:35.280+0000][36436][gc,task      ] GC(35) Using 2 workers of 2 for marking
[2020-10-06T06:34:35.329+0000][36436][safepoint    ] Safepoint "BulkRevokeBias", Time since last: 63655600 ns, Reaching safepoint: 178000 ns, At safepoint: 1869400 ns, Total: 2047400 ns
[2020-10-06T06:34:35.422+0000][36436][gc,marking   ] GC(35) Concurrent Mark From Roots 142.524ms
[2020-10-06T06:34:35.422+0000][36436][gc,marking   ] GC(35) Concurrent Preclean
[2020-10-06T06:34:35.423+0000][36436][gc,marking   ] GC(35) Concurrent Preclean 1.243ms
[2020-10-06T06:34:35.423+0000][36436][gc,marking   ] GC(35) Concurrent Mark (8945.478s, 8945.622s) 144.054ms
[2020-10-06T06:34:35.424+0000][36436][gc,start     ] GC(35) Pause Remark
[2020-10-06T06:34:35.436+0000][36436][gc           ] GC(35) Pause Remark 381M->381M(1024M) 11.744ms
[2020-10-06T06:34:35.436+0000][36436][gc,cpu       ] GC(35) User=0.11s Sys=0.00s Real=0.01s
[2020-10-06T06:34:35.436+0000][36436][safepoint    ] Safepoint "G1Concurrent", Time since last: 94244400 ns, Reaching safepoint: 176100 ns, At safepoint: 12033900 ns, Total: 12210000 ns
[2020-10-06T06:34:35.436+0000][36436][gc,marking   ] GC(35) Concurrent Rebuild Remembered Sets
[2020-10-06T06:34:35.480+0000][36436][safepoint    ] Safepoint "ICBufferFull", Time since last: 43646200 ns, Reaching safepoint: 883000 ns, At safepoint: 57600 ns, Total: 940600 ns
[2020-10-06T06:34:35.527+0000][36436][gc,marking   ] GC(35) Concurrent Rebuild Remembered Sets 91.551ms
[2020-10-06T06:34:35.528+0000][36436][gc,start     ] GC(35) Pause Cleanup
[2020-10-06T06:34:35.528+0000][36436][gc           ] GC(35) Pause Cleanup 446M->446M(1024M) 0.359ms
[2020-10-06T06:34:35.528+0000][36436][gc,cpu       ] GC(35) User=0.00s Sys=0.00s Real=0.00s
[2020-10-06T06:34:35.528+0000][36436][safepoint    ] Safepoint "G1Concurrent", Time since last: 47187700 ns, Reaching safepoint: 279200 ns, At safepoint: 571800 ns, Total: 851000 ns
[2020-10-06T06:34:35.528+0000][36436][gc,marking   ] GC(35) Concurrent Cleanup for Next Mark
[2020-10-06T06:34:35.530+0000][36436][gc,marking   ] GC(35) Concurrent Cleanup for Next Mark 1.895ms
[2020-10-06T06:34:35.530+0000][36436][gc           ] GC(35) Concurrent Cycle 266.922ms
[2020-10-06T06:34:35.554+0000][36436][safepoint    ] Safepoint "BulkRevokeBias", Time since last: 24300700 ns, Reaching safepoint: 216800 ns, At safepoint: 1560000 ns, Total: 1776800 ns
[2020-10-06T06:34:35.576+0000][36436][gc,start     ] GC(36) Pause Young (Concurrent Start) (G1 Humongous Allocation)
[2020-10-06T06:34:35.576+0000][36436][gc,task      ] GC(36) Using 8 workers of 8 for evacuation
[2020-10-06T06:34:35.576+0000][36436][gc,age       ] GC(36) Desired survivor size 34078720 bytes, new threshold 15 (max threshold 15)
[2020-10-06T06:34:35.587+0000][36436][gc,age       ] GC(36) Age table with threshold 15 (max threshold 15)
[2020-10-06T06:34:35.587+0000][36436][gc,age       ] GC(36) - age   1:    3039016 bytes,    3039016 total
[2020-10-06T06:34:35.587+0000][36436][gc,age       ] GC(36) - age   2:     205784 bytes,    3244800 total
[2020-10-06T06:34:35.587+0000][36436][gc,age       ] GC(36) - age   3:     208248 bytes,    3453048 total
[2020-10-06T06:34:35.587+0000][36436][gc,age       ] GC(36) - age   4:     403512 bytes,    3856560 total
[2020-10-06T06:34:35.587+0000][36436][gc,age       ] GC(36) - age   5:     223144 bytes,    4079704 total
[2020-10-06T06:34:35.587+0000][36436][gc,age       ] GC(36) - age   6:     232976 bytes,    4312680 total
[2020-10-06T06:34:35.587+0000][36436][gc,age       ] GC(36) - age   7:     255192 bytes,    4567872 total
[2020-10-06T06:34:35.587+0000][36436][gc,age       ] GC(36) - age   8:     256160 bytes,    4824032 total
[2020-10-06T06:34:35.588+0000][36436][gc,age       ] GC(36) - age   9:     287416 bytes,    5111448 total
[2020-10-06T06:34:35.588+0000][36436][gc,age       ] GC(36) - age  10:     254440 bytes,    5365888 total
[2020-10-06T06:34:35.588+0000][36436][gc,age       ] GC(36) - age  11:     659424 bytes,    6025312 total
[2020-10-06T06:34:35.588+0000][36436][gc,age       ] GC(36) - age  12:    4006888 bytes,   10032200 total
[2020-10-06T06:34:35.588+0000][36436][gc,age       ] GC(36) - age  13:       8504 bytes,   10040704 total
[2020-10-06T06:34:35.588+0000][36436][gc,age       ] GC(36) - age  14:       2280 bytes,   10042984 total
[2020-10-06T06:34:35.588+0000][36436][gc,age       ] GC(36) - age  15:       7272 bytes,   10050256 total
[2020-10-06T06:34:35.588+0000][36436][gc,phases    ] GC(36)   Pre Evacuate Collection Set: 0.5ms
[2020-10-06T06:34:35.588+0000][36436][gc,phases    ] GC(36)   Merge Heap Roots: 0.1ms
[2020-10-06T06:34:35.588+0000][36436][gc,phases    ] GC(36)   Evacuate Collection Set: 9.3ms
[2020-10-06T06:34:35.588+0000][36436][gc,phases    ] GC(36)   Post Evacuate Collection Set: 1.2ms
[2020-10-06T06:34:35.588+0000][36436][gc,phases    ] GC(36)   Other: 1.2ms
[2020-10-06T06:34:35.588+0000][36436][gc,heap      ] GC(36) Eden regions: 58->0(502)
[2020-10-06T06:34:35.588+0000][36436][gc,heap      ] GC(36) Survivor regions: 15->12(65)
[2020-10-06T06:34:35.588+0000][36436][gc,heap      ] GC(36) Old regions: 64->68
[2020-10-06T06:34:35.588+0000][36436][gc,heap      ] GC(36) Archive regions: 0->0
[2020-10-06T06:34:35.588+0000][36436][gc,heap      ] GC(36) Humongous regions: 320->174
[2020-10-06T06:34:35.588+0000][36436][gc,metaspace ] GC(36) Metaspace: 83533K(89596K)->83533K(89596K) NonClass: 72492K(76156K)->72492K(76156K) Class: 11041K(13440K)->11041K(13440K)
[2020-10-06T06:34:35.588+0000][36436][gc           ] GC(36) Pause Young (Concurrent Start) (G1 Humongous Allocation) 455M->253M(1024M) 12.749ms
[2020-10-06T06:34:35.588+0000][36436][gc,cpu       ] GC(36) User=0.11s Sys=0.00s Real=0.01s
[2020-10-06T06:34:35.589+0000][36436][gc           ] GC(37) Concurrent Cycle
[2020-10-06T06:34:35.589+0000][36436][gc,marking   ] GC(37) Concurrent Clear Claimed Marks
[2020-10-06T06:34:35.589+0000][36436][gc,marking   ] GC(37) Concurrent Clear Claimed Marks 0.411ms
[2020-10-06T06:34:35.589+0000][36436][gc,marking   ] GC(37) Concurrent Scan Root Regions
[2020-10-06T06:34:35.589+0000][36436][safepoint    ] Safepoint "G1TryInitiateConcMark", Time since last: 20899200 ns, Reaching safepoint: 209000 ns, At safepoint: 13603400 ns, Total: 13812400 ns
[2020-10-06T06:34:35.598+0000][36436][gc,marking   ] GC(37) Concurrent Scan Root Regions 8.453ms
[2020-10-06T06:34:35.598+0000][36436][gc,marking   ] GC(37) Concurrent Mark (8945.796s)
[2020-10-06T06:34:35.598+0000][36436][gc,marking   ] GC(37) Concurrent Mark From Roots
[2020-10-06T06:34:35.598+0000][36436][gc,task      ] GC(37) Using 2 workers of 2 for marking
[2020-10-06T06:34:35.757+0000][36436][gc,marking   ] GC(37) Concurrent Mark From Roots 159.143ms
[2020-10-06T06:34:35.757+0000][36436][gc,marking   ] GC(37) Concurrent Preclean
[2020-10-06T06:34:35.758+0000][36436][gc,marking   ] GC(37) Concurrent Preclean 0.767ms
[2020-10-06T06:34:35.758+0000][36436][gc,marking   ] GC(37) Concurrent Mark (8945.796s, 8945.956s) 160.125ms
[2020-10-06T06:34:35.758+0000][36436][gc,start     ] GC(37) Pause Remark
[2020-10-06T06:34:35.771+0000][36436][gc           ] GC(37) Pause Remark 377M->377M(1024M) 12.862ms
[2020-10-06T06:34:35.771+0000][36436][gc,cpu       ] GC(37) User=0.06s Sys=0.00s Real=0.01s
[2020-10-06T06:34:35.772+0000][36436][safepoint    ] Safepoint "G1Concurrent", Time since last: 168708500 ns, Reaching safepoint: 223500 ns, At safepoint: 14024800 ns, Total: 14248300 ns
[2020-10-06T06:34:35.772+0000][36436][gc,marking   ] GC(37) Concurrent Rebuild Remembered Sets
[2020-10-06T06:34:35.806+0000][36436][safepoint    ] Safepoint "BulkRevokeBias", Time since last: 29990100 ns, Reaching safepoint: 1071300 ns, At safepoint: 2903800 ns, Total: 3975100 ns
[2020-10-06T06:34:35.833+0000][36436][safepoint    ] Safepoint "ICBufferFull", Time since last: 26441700 ns, Reaching safepoint: 819700 ns, At safepoint: 43300 ns, Total: 863000 ns
[2020-10-06T06:34:35.873+0000][36436][gc,marking   ] GC(37) Concurrent Rebuild Remembered Sets 100.767ms
[2020-10-06T06:34:35.873+0000][36436][gc,start     ] GC(37) Pause Cleanup
[2020-10-06T06:34:35.874+0000][36436][gc           ] GC(37) Pause Cleanup 451M->451M(1024M) 0.418ms
[2020-10-06T06:34:35.874+0000][36436][gc,cpu       ] GC(37) User=0.00s Sys=0.00s Real=0.00s
[2020-10-06T06:34:35.875+0000][36436][safepoint    ] Safepoint "G1Concurrent", Time since last: 39795600 ns, Reaching safepoint: 361200 ns, At safepoint: 1122300 ns, Total: 1483500 ns
[2020-10-06T06:34:35.875+0000][36436][gc,marking   ] GC(37) Concurrent Cleanup for Next Mark
[2020-10-06T06:34:35.878+0000][36436][gc,marking   ] GC(37) Concurrent Cleanup for Next Mark 1.875ms
[2020-10-06T06:34:35.878+0000][36436][gc           ] GC(37) Concurrent Cycle 288.305ms
[2020-10-06T06:34:35.954+0000][36436][gc,start     ] GC(38) Pause Young (Concurrent Start) (G1 Humongous Allocation)
[2020-10-06T06:34:35.954+0000][36436][gc,task      ] GC(38) Using 8 workers of 8 for evacuation
[2020-10-06T06:34:35.954+0000][36436][gc,age       ] GC(38) Desired survivor size 34078720 bytes, new threshold 15 (max threshold 15)
[2020-10-06T06:34:35.964+0000][36436][gc,age       ] GC(38) Age table with threshold 15 (max threshold 15)
[2020-10-06T06:34:35.964+0000][36436][gc,age       ] GC(38) - age   1:    3296800 bytes,    3296800 total
[2020-10-06T06:34:35.964+0000][36436][gc,age       ] GC(38) - age   2:     422352 bytes,    3719152 total
[2020-10-06T06:34:35.964+0000][36436][gc,age       ] GC(38) - age   3:     205600 bytes,    3924752 total
[2020-10-06T06:34:35.964+0000][36436][gc,age       ] GC(38) - age   4:     202408 bytes,    4127160 total
[2020-10-06T06:34:35.964+0000][36436][gc,age       ] GC(38) - age   5:     403320 bytes,    4530480 total
[2020-10-06T06:34:35.964+0000][36436][gc,age       ] GC(38) - age   6:     222984 bytes,    4753464 total
[2020-10-06T06:34:35.964+0000][36436][gc,age       ] GC(38) - age   7:     228848 bytes,    4982312 total
[2020-10-06T06:34:35.964+0000][36436][gc,age       ] GC(38) - age   8:     255160 bytes,    5237472 total
[2020-10-06T06:34:35.964+0000][36436][gc,age       ] GC(38) - age   9:     256160 bytes,    5493632 total
[2020-10-06T06:34:35.964+0000][36436][gc,age       ] GC(38) - age  10:     287328 bytes,    5780960 total
[2020-10-06T06:34:35.965+0000][36436][gc,age       ] GC(38) - age  11:     254440 bytes,    6035400 total
[2020-10-06T06:34:35.965+0000][36436][gc,age       ] GC(38) - age  12:     659424 bytes,    6694824 total
[2020-10-06T06:34:35.965+0000][36436][gc,age       ] GC(38) - age  13:    3999480 bytes,   10694304 total
[2020-10-06T06:34:35.965+0000][36436][gc,age       ] GC(38) - age  14:       8504 bytes,   10702808 total
[2020-10-06T06:34:35.965+0000][36436][gc,age       ] GC(38) - age  15:       2280 bytes,   10705088 total
[2020-10-06T06:34:35.965+0000][36436][gc,phases    ] GC(38)   Pre Evacuate Collection Set: 0.5ms
[2020-10-06T06:34:35.965+0000][36436][gc,phases    ] GC(38)   Merge Heap Roots: 0.1ms
[2020-10-06T06:34:35.965+0000][36436][gc,phases    ] GC(38)   Evacuate Collection Set: 8.3ms
[2020-10-06T06:34:35.965+0000][36436][gc,phases    ] GC(38)   Post Evacuate Collection Set: 1.5ms
[2020-10-06T06:34:35.965+0000][36436][gc,phases    ] GC(38)   Other: 1.4ms
[2020-10-06T06:34:35.965+0000][36436][gc,heap      ] GC(38) Eden regions: 64->0(501)
[2020-10-06T06:34:35.965+0000][36436][gc,heap      ] GC(38) Survivor regions: 12->12(65)
[2020-10-06T06:34:35.965+0000][36436][gc,heap      ] GC(38) Old regions: 68->69
[2020-10-06T06:34:35.965+0000][36436][gc,heap      ] GC(38) Archive regions: 0->0
[2020-10-06T06:34:35.965+0000][36436][gc,heap      ] GC(38) Humongous regions: 320->174
[2020-10-06T06:34:35.965+0000][36436][gc,metaspace ] GC(38) Metaspace: 83491K(89596K)->83491K(89596K) NonClass: 72483K(76156K)->72483K(76156K) Class: 11007K(13440K)->11007K(13440K)
[2020-10-06T06:34:35.965+0000][36436][gc           ] GC(38) Pause Young (Concurrent Start) (G1 Humongous Allocation) 462M->253M(1024M) 12.325ms
[2020-10-06T06:34:35.966+0000][36436][gc,cpu       ] GC(38) User=0.11s Sys=0.00s Real=0.01s
[2020-10-06T06:34:35.966+0000][36436][gc           ] GC(39) Concurrent Cycle
[2020-10-06T06:34:35.966+0000][36436][gc,marking   ] GC(39) Concurrent Clear Claimed Marks
[2020-10-06T06:34:35.966+0000][36436][gc,marking   ] GC(39) Concurrent Clear Claimed Marks 0.344ms
[2020-10-06T06:34:35.966+0000][36436][gc,marking   ] GC(39) Concurrent Scan Root Regions
[2020-10-06T06:34:35.966+0000][36436][safepoint    ] Safepoint "G1TryInitiateConcMark", Time since last: 78368200 ns, Reaching safepoint: 170900 ns, At safepoint: 13118900 ns, Total: 13289800 ns
[2020-10-06T06:34:35.973+0000][36436][gc,marking   ] GC(39) Concurrent Scan Root Regions 6.811ms
[2020-10-06T06:34:35.973+0000][36436][gc,marking   ] GC(39) Concurrent Mark (8946.172s)
[2020-10-06T06:34:35.973+0000][36436][gc,marking   ] GC(39) Concurrent Mark From Roots
[2020-10-06T06:34:35.973+0000][36436][gc,task      ] GC(39) Using 2 workers of 2 for marking
[2020-10-06T06:34:36.140+0000][36436][gc,marking   ] GC(39) Concurrent Mark From Roots 166.561ms
[2020-10-06T06:34:36.140+0000][36436][gc,marking   ] GC(39) Concurrent Preclean
[2020-10-06T06:34:36.141+0000][36436][gc,marking   ] GC(39) Concurrent Preclean 0.879ms
[2020-10-06T06:34:36.141+0000][36436][gc,marking   ] GC(39) Concurrent Mark (8946.172s, 8946.339s) 167.717ms
[2020-10-06T06:34:36.141+0000][36436][gc,start     ] GC(39) Pause Remark
[2020-10-06T06:34:36.155+0000][36436][gc           ] GC(39) Pause Remark 319M->319M(1024M) 14.257ms
[2020-10-06T06:34:36.155+0000][36436][gc,cpu       ] GC(39) User=0.11s Sys=0.00s Real=0.01s
[2020-10-06T06:34:36.156+0000][36436][safepoint    ] Safepoint "G1Concurrent", Time since last: 174740400 ns, Reaching safepoint: 143500 ns, At safepoint: 14558600 ns, Total: 14702100 ns
[2020-10-06T06:34:36.156+0000][36436][gc,marking   ] GC(39) Concurrent Rebuild Remembered Sets
[2020-10-06T06:34:36.209+0000][36436][safepoint    ] Safepoint "ICBufferFull", Time since last: 52461400 ns, Reaching safepoint: 706200 ns, At safepoint: 53600 ns, Total: 759800 ns
[2020-10-06T06:34:36.254+0000][36436][gc,marking   ] GC(39) Concurrent Rebuild Remembered Sets 98.060ms
[2020-10-06T06:34:36.254+0000][36436][gc,start     ] GC(39) Pause Cleanup
[2020-10-06T06:34:36.255+0000][36436][gc           ] GC(39) Pause Cleanup 381M->381M(1024M) 0.367ms
[2020-10-06T06:34:36.255+0000][36436][gc,cpu       ] GC(39) User=0.09s Sys=0.00s Real=0.00s
[2020-10-06T06:34:36.255+0000][36436][safepoint    ] Safepoint "G1Concurrent", Time since last: 45088000 ns, Reaching safepoint: 275200 ns, At safepoint: 636200 ns, Total: 911400 ns
[2020-10-06T06:34:36.255+0000][36436][gc,marking   ] GC(39) Concurrent Cleanup for Next Mark
[2020-10-06T06:34:36.257+0000][36436][gc,marking   ] GC(39) Concurrent Cleanup for Next Mark 1.748ms
[2020-10-06T06:34:36.257+0000][36436][gc           ] GC(39) Concurrent Cycle 291.256ms
[2020-10-06T06:34:36.313+0000][36436][gc,start     ] GC(40) Pause Young (Concurrent Start) (G1 Humongous Allocation)
[2020-10-06T06:34:36.313+0000][36436][gc,task      ] GC(40) Using 8 workers of 8 for evacuation
[2020-10-06T06:34:36.313+0000][36436][gc,age       ] GC(40) Desired survivor size 34078720 bytes, new threshold 15 (max threshold 15)
[2020-10-06T06:34:36.321+0000][36436][gc,age       ] GC(40) Age table with threshold 15 (max threshold 15)
[2020-10-06T06:34:36.321+0000][36436][gc,age       ] GC(40) - age   1:    3220888 bytes,    3220888 total
[2020-10-06T06:34:36.321+0000][36436][gc,age       ] GC(40) - age   2:     218256 bytes,    3439144 total
[2020-10-06T06:34:36.321+0000][36436][gc,age       ] GC(40) - age   3:     418328 bytes,    3857472 total
[2020-10-06T06:34:36.321+0000][36436][gc,age       ] GC(40) - age   4:     204928 bytes,    4062400 total
[2020-10-06T06:34:36.321+0000][36436][gc,age       ] GC(40) - age   5:     202240 bytes,    4264640 total
[2020-10-06T06:34:36.321+0000][36436][gc,age       ] GC(40) - age   6:     403320 bytes,    4667960 total
[2020-10-06T06:34:36.321+0000][36436][gc,age       ] GC(40) - age   7:     222600 bytes,    4890560 total
[2020-10-06T06:34:36.321+0000][36436][gc,age       ] GC(40) - age   8:     228768 bytes,    5119328 total
[2020-10-06T06:34:36.321+0000][36436][gc,age       ] GC(40) - age   9:     255160 bytes,    5374488 total
[2020-10-06T06:34:36.322+0000][36436][gc,age       ] GC(40) - age  10:     256160 bytes,    5630648 total
[2020-10-06T06:34:36.322+0000][36436][gc,age       ] GC(40) - age  11:     287328 bytes,    5917976 total
[2020-10-06T06:34:36.322+0000][36436][gc,age       ] GC(40) - age  12:     254440 bytes,    6172416 total
[2020-10-06T06:34:36.322+0000][36436][gc,age       ] GC(40) - age  13:     659424 bytes,    6831840 total
[2020-10-06T06:34:36.322+0000][36436][gc,age       ] GC(40) - age  14:    3999480 bytes,   10831320 total
[2020-10-06T06:34:36.322+0000][36436][gc,age       ] GC(40) - age  15:       8504 bytes,   10839824 total
[2020-10-06T06:34:36.322+0000][36436][gc,phases    ] GC(40)   Pre Evacuate Collection Set: 0.4ms
[2020-10-06T06:34:36.322+0000][36436][gc,phases    ] GC(40)   Merge Heap Roots: 0.1ms
[2020-10-06T06:34:36.322+0000][36436][gc,phases    ] GC(40)   Evacuate Collection Set: 6.3ms
[2020-10-06T06:34:36.322+0000][36436][gc,phases    ] GC(40)   Post Evacuate Collection Set: 1.2ms
[2020-10-06T06:34:36.322+0000][36436][gc,phases    ] GC(40)   Other: 1.0ms
[2020-10-06T06:34:36.322+0000][36436][gc,heap      ] GC(40) Eden regions: 40->0(501)
[2020-10-06T06:34:36.322+0000][36436][gc,heap      ] GC(40) Survivor regions: 12->12(65)
[2020-10-06T06:34:36.322+0000][36436][gc,heap      ] GC(40) Old regions: 69->69
[2020-10-06T06:34:36.322+0000][36436][gc,heap      ] GC(40) Archive regions: 0->0
[2020-10-06T06:34:36.322+0000][36436][gc,heap      ] GC(40) Humongous regions: 272->174
[2020-10-06T06:34:36.322+0000][36436][gc,metaspace ] GC(40) Metaspace: 83353K(89596K)->83353K(89596K) NonClass: 72396K(76156K)->72396K(76156K) Class: 10957K(13440K)->10957K(13440K)
[2020-10-06T06:34:36.322+0000][36436][gc           ] GC(40) Pause Young (Concurrent Start) (G1 Humongous Allocation) 391M->253M(1024M) 9.382ms
[2020-10-06T06:34:36.322+0000][36436][gc,cpu       ] GC(40) User=0.11s Sys=0.00s Real=0.01s
[2020-10-06T06:34:36.322+0000][36436][safepoint    ] Safepoint "G1TryInitiateConcMark", Time since last: 56764500 ns, Reaching safepoint: 217900 ns, At safepoint: 9549300 ns, Total: 9767200 ns
[2020-10-06T06:34:36.322+0000][36436][gc           ] GC(41) Concurrent Cycle
[2020-10-06T06:34:36.322+0000][36436][gc,marking   ] GC(41) Concurrent Clear Claimed Marks
[2020-10-06T06:34:36.323+0000][36436][gc,marking   ] GC(41) Concurrent Clear Claimed Marks 0.614ms
[2020-10-06T06:34:36.323+0000][36436][gc,marking   ] GC(41) Concurrent Scan Root Regions
[2020-10-06T06:34:36.329+0000][36436][gc,marking   ] GC(41) Concurrent Scan Root Regions 6.167ms
[2020-10-06T06:34:36.329+0000][36436][gc,marking   ] GC(41) Concurrent Mark (8946.527s)
[2020-10-06T06:34:36.329+0000][36436][gc,marking   ] GC(41) Concurrent Mark From Roots
[2020-10-06T06:34:36.329+0000][36436][gc,task      ] GC(41) Using 2 workers of 2 for marking
[2020-10-06T06:34:36.466+0000][36436][gc,marking   ] GC(41) Concurrent Mark From Roots 136.404ms
[2020-10-06T06:34:36.466+0000][36436][gc,marking   ] GC(41) Concurrent Preclean
[2020-10-06T06:34:36.466+0000][36436][gc,marking   ] GC(41) Concurrent Preclean 0.758ms
[2020-10-06T06:34:36.466+0000][36436][gc,marking   ] GC(41) Concurrent Mark (8946.527s, 8946.664s) 137.392ms
[2020-10-06T06:34:36.467+0000][36436][gc,start     ] GC(41) Pause Remark
[2020-10-06T06:34:36.472+0000][36436][gc           ] GC(41) Pause Remark 397M->397M(1024M) 4.789ms
[2020-10-06T06:34:36.472+0000][36436][gc,cpu       ] GC(41) User=0.00s Sys=0.00s Real=0.00s
[2020-10-06T06:34:36.472+0000][36436][safepoint    ] Safepoint "G1Concurrent", Time since last: 144609100 ns, Reaching safepoint: 181900 ns, At safepoint: 4999700 ns, Total: 5181600 ns
[2020-10-06T06:34:36.472+0000][36436][gc,marking   ] GC(41) Concurrent Rebuild Remembered Sets
[2020-10-06T06:34:36.544+0000][36436][gc,marking   ] GC(41) Concurrent Rebuild Remembered Sets 72.356ms
[2020-10-06T06:34:36.544+0000][36436][gc,start     ] GC(41) Pause Cleanup
[2020-10-06T06:34:36.545+0000][36436][gc           ] GC(41) Pause Cleanup 466M->466M(1024M) 0.292ms
[2020-10-06T06:34:36.545+0000][36436][gc,cpu       ] GC(41) User=0.00s Sys=0.00s Real=0.00s
[2020-10-06T06:34:36.545+0000][36436][safepoint    ] Safepoint "G1Concurrent", Time since last: 72560400 ns, Reaching safepoint: 418500 ns, At safepoint: 471000 ns, Total: 889500 ns
[2020-10-06T06:34:36.545+0000][36436][gc,marking   ] GC(41) Concurrent Cleanup for Next Mark
[2020-10-06T06:34:36.547+0000][36436][gc,marking   ] GC(41) Concurrent Cleanup for Next Mark 1.942ms
[2020-10-06T06:34:36.547+0000][36436][gc           ] GC(41) Concurrent Cycle 225.383ms
[2020-10-06T06:34:36.548+0000][36436][gc,start     ] GC(42) Pause Young (Concurrent Start) (G1 Humongous Allocation)
[2020-10-06T06:34:36.548+0000][36436][gc,task      ] GC(42) Using 8 workers of 8 for evacuation
[2020-10-06T06:34:36.548+0000][36436][gc,age       ] GC(42) Desired survivor size 34078720 bytes, new threshold 15 (max threshold 15)
[2020-10-06T06:34:36.556+0000][36436][gc,age       ] GC(42) Age table with threshold 15 (max threshold 15)
[2020-10-06T06:34:36.556+0000][36436][gc,age       ] GC(42) - age   1:    2737432 bytes,    2737432 total
[2020-10-06T06:34:36.557+0000][36436][gc,age       ] GC(42) - age   2:     207944 bytes,    2945376 total
[2020-10-06T06:34:36.557+0000][36436][gc,age       ] GC(42) - age   3:     218040 bytes,    3163416 total
[2020-10-06T06:34:36.557+0000][36436][gc,age       ] GC(42) - age   4:     416312 bytes,    3579728 total
[2020-10-06T06:34:36.557+0000][36436][gc,age       ] GC(42) - age   5:     201576 bytes,    3781304 total
[2020-10-06T06:34:36.557+0000][36436][gc,age       ] GC(42) - age   6:     201016 bytes,    3982320 total
[2020-10-06T06:34:36.557+0000][36436][gc,age       ] GC(42) - age   7:     402968 bytes,    4385288 total
[2020-10-06T06:34:36.557+0000][36436][gc,age       ] GC(42) - age   8:     222568 bytes,    4607856 total
[2020-10-06T06:34:36.557+0000][36436][gc,age       ] GC(42) - age   9:     228768 bytes,    4836624 total
[2020-10-06T06:34:36.557+0000][36436][gc,age       ] GC(42) - age  10:     255096 bytes,    5091720 total
[2020-10-06T06:34:36.557+0000][36436][gc,age       ] GC(42) - age  11:     256104 bytes,    5347824 total
[2020-10-06T06:34:36.557+0000][36436][gc,age       ] GC(42) - age  12:     287056 bytes,    5634880 total
[2020-10-06T06:34:36.557+0000][36436][gc,age       ] GC(42) - age  13:     254440 bytes,    5889320 total
[2020-10-06T06:34:36.557+0000][36436][gc,age       ] GC(42) - age  14:     659296 bytes,    6548616 total
[2020-10-06T06:34:36.557+0000][36436][gc,age       ] GC(42) - age  15:    3999336 bytes,   10547952 total
[2020-10-06T06:34:36.557+0000][36436][gc,phases    ] GC(42)   Pre Evacuate Collection Set: 0.5ms
[2020-10-06T06:34:36.557+0000][36436][gc,phases    ] GC(42)   Merge Heap Roots: 0.1ms
[2020-10-06T06:34:36.557+0000][36436][gc,phases    ] GC(42)   Evacuate Collection Set: 6.5ms
[2020-10-06T06:34:36.557+0000][36436][gc,phases    ] GC(42)   Post Evacuate Collection Set: 1.2ms
[2020-10-06T06:34:36.557+0000][36436][gc,phases    ] GC(42)   Other: 1.2ms
[2020-10-06T06:34:36.557+0000][36436][gc,heap      ] GC(42) Eden regions: 59->0(503)
[2020-10-06T06:34:36.557+0000][36436][gc,heap      ] GC(42) Survivor regions: 12->11(65)
[2020-10-06T06:34:36.557+0000][36436][gc,heap      ] GC(42) Old regions: 69->69
[2020-10-06T06:34:36.557+0000][36436][gc,heap      ] GC(42) Archive regions: 0->0
[2020-10-06T06:34:36.557+0000][36436][gc,heap      ] GC(42) Humongous regions: 330->174
[2020-10-06T06:34:36.557+0000][36436][gc,metaspace ] GC(42) Metaspace: 83386K(89596K)->83386K(89596K) NonClass: 72428K(76156K)->72428K(76156K) Class: 10957K(13440K)->10957K(13440K)
[2020-10-06T06:34:36.557+0000][36436][gc           ] GC(42) Pause Young (Concurrent Start) (G1 Humongous Allocation) 467M->253M(1024M) 9.753ms
[2020-10-06T06:34:36.558+0000][36436][gc,cpu       ] GC(42) User=0.11s Sys=0.00s Real=0.01s
[2020-10-06T06:34:36.558+0000][36436][gc           ] GC(43) Concurrent Cycle
[2020-10-06T06:34:36.558+0000][36436][safepoint    ] Safepoint "G1TryInitiateConcMark", Time since last: 2840800 ns, Reaching safepoint: 172800 ns, At safepoint: 9991600 ns, Total: 10164400 ns
[2020-10-06T06:34:36.558+0000][36436][gc,marking   ] GC(43) Concurrent Clear Claimed Marks
[2020-10-06T06:34:36.558+0000][36436][gc,marking   ] GC(43) Concurrent Clear Claimed Marks 0.446ms
[2020-10-06T06:34:36.558+0000][36436][gc,marking   ] GC(43) Concurrent Scan Root Regions
[2020-10-06T06:34:36.565+0000][36436][gc,marking   ] GC(43) Concurrent Scan Root Regions 7.241ms
[2020-10-06T06:34:36.566+0000][36436][gc,marking   ] GC(43) Concurrent Mark (8946.764s)
[2020-10-06T06:34:36.566+0000][36436][gc,marking   ] GC(43) Concurrent Mark From Roots
[2020-10-06T06:34:36.566+0000][36436][gc,task      ] GC(43) Using 2 workers of 2 for marking
[2020-10-06T06:34:36.717+0000][36436][gc,marking   ] GC(43) Concurrent Mark From Roots 150.435ms
[2020-10-06T06:34:36.717+0000][36436][gc,marking   ] GC(43) Concurrent Preclean
[2020-10-06T06:34:36.718+0000][36436][gc,marking   ] GC(43) Concurrent Preclean 0.810ms
[2020-10-06T06:34:36.718+0000][36436][gc,marking   ] GC(43) Concurrent Mark (8946.764s, 8946.915s) 151.494ms
[2020-10-06T06:34:36.718+0000][36436][gc,start     ] GC(43) Pause Remark
[2020-10-06T06:34:36.723+0000][36436][gc           ] GC(43) Pause Remark 375M->375M(1024M) 5.236ms
[2020-10-06T06:34:36.723+0000][36436][gc,cpu       ] GC(43) User=0.00s Sys=0.00s Real=0.01s
[2020-10-06T06:34:36.724+0000][36436][safepoint    ] Safepoint "G1Concurrent", Time since last: 159448700 ns, Reaching safepoint: 160000 ns, At safepoint: 5779300 ns, Total: 5939300 ns
[2020-10-06T06:34:36.724+0000][36436][gc,marking   ] GC(43) Concurrent Rebuild Remembered Sets
[2020-10-06T06:34:36.812+0000][36436][gc,marking   ] GC(43) Concurrent Rebuild Remembered Sets 88.514ms
[2020-10-06T06:34:36.813+0000][36436][gc,start     ] GC(43) Pause Cleanup
[2020-10-06T06:34:36.813+0000][36436][gc           ] GC(43) Pause Cleanup 377M->377M(1024M) 0.455ms
[2020-10-06T06:34:36.813+0000][36436][gc,cpu       ] GC(43) User=0.00s Sys=0.00s Real=0.00s
[2020-10-06T06:34:36.820+0000][36436][safepoint    ] Safepoint "G1Concurrent", Time since last: 88742200 ns, Reaching safepoint: 263300 ns, At safepoint: 7794900 ns, Total: 8058200 ns
[2020-10-06T06:34:36.821+0000][36436][gc,marking   ] GC(43) Concurrent Cleanup for Next Mark
[2020-10-06T06:34:36.823+0000][36436][gc,marking   ] GC(43) Concurrent Cleanup for Next Mark 2.076ms
[2020-10-06T06:34:36.823+0000][36436][gc           ] GC(43) Concurrent Cycle 264.581ms
[2020-10-06T06:34:37.962+0000][36436][safepoint    ] Safepoint "Cleanup", Time since last: 1141054100 ns, Reaching safepoint: 359200 ns, At safepoint: 26000 ns, Total: 385200 ns
[2020-10-06T06:34:38.962+0000][36436][safepoint    ] Safepoint "BulkRevokeBias", Time since last: 995010700 ns, Reaching safepoint: 165000 ns, At safepoint: 5108700 ns, Total: 5273700 ns
[2020-10-06T06:34:38.972+0000][36436][safepoint    ] Safepoint "BulkRevokeBias", Time since last: 5766300 ns, Reaching safepoint: 156500 ns, At safepoint: 3640500 ns, Total: 3797000 ns
[2020-10-06T06:34:38.986+0000][36436][safepoint    ] Safepoint "BulkRevokeBias", Time since last: 12308600 ns, Reaching safepoint: 242900 ns, At safepoint: 1868200 ns, Total: 2111100 ns
[2020-10-06T06:34:39.031+0000][36436][gc,start     ] GC(44) Pause Young (Concurrent Start) (G1 Humongous Allocation)
[2020-10-06T06:34:39.031+0000][36436][gc,task      ] GC(44) Using 8 workers of 8 for evacuation
[2020-10-06T06:34:39.031+0000][36436][gc,age       ] GC(44) Desired survivor size 34078720 bytes, new threshold 15 (max threshold 15)
[2020-10-06T06:34:39.037+0000][36436][gc,age       ] GC(44) Age table with threshold 15 (max threshold 15)
[2020-10-06T06:34:39.038+0000][36436][gc,age       ] GC(44) - age   1:    3233096 bytes,    3233096 total
[2020-10-06T06:34:39.038+0000][36436][gc,age       ] GC(44) - age   2:       3888 bytes,    3236984 total
[2020-10-06T06:34:39.038+0000][36436][gc,age       ] GC(44) - age   3:       1520 bytes,    3238504 total
[2020-10-06T06:34:39.038+0000][36436][gc,age       ] GC(44) - age   4:      11376 bytes,    3249880 total
[2020-10-06T06:34:39.038+0000][36436][gc,age       ] GC(44) - age   5:      12272 bytes,    3262152 total
[2020-10-06T06:34:39.038+0000][36436][gc,age       ] GC(44) - age   6:       2432 bytes,    3264584 total
[2020-10-06T06:34:39.038+0000][36436][gc,age       ] GC(44) - age   7:       1920 bytes,    3266504 total
[2020-10-06T06:34:39.038+0000][36436][gc,age       ] GC(44) - age   8:       3488 bytes,    3269992 total
[2020-10-06T06:34:39.038+0000][36436][gc,age       ] GC(44) - age   9:      23960 bytes,    3293952 total
[2020-10-06T06:34:39.038+0000][36436][gc,age       ] GC(44) - age  10:      27328 bytes,    3321280 total
[2020-10-06T06:34:39.038+0000][36436][gc,age       ] GC(44) - age  11:      56792 bytes,    3378072 total
[2020-10-06T06:34:39.038+0000][36436][gc,age       ] GC(44) - age  12:      57880 bytes,    3435952 total
[2020-10-06T06:34:39.038+0000][36436][gc,age       ] GC(44) - age  13:     286704 bytes,    3722656 total
[2020-10-06T06:34:39.038+0000][36436][gc,age       ] GC(44) - age  14:     253624 bytes,    3976280 total
[2020-10-06T06:34:39.038+0000][36436][gc,age       ] GC(44) - age  15:     658608 bytes,    4634888 total
[2020-10-06T06:34:39.038+0000][36436][gc,phases    ] GC(44)   Pre Evacuate Collection Set: 0.4ms
[2020-10-06T06:34:39.038+0000][36436][gc,phases    ] GC(44)   Merge Heap Roots: 0.1ms
[2020-10-06T06:34:39.038+0000][36436][gc,phases    ] GC(44)   Evacuate Collection Set: 4.8ms
[2020-10-06T06:34:39.038+0000][36436][gc,phases    ] GC(44)   Post Evacuate Collection Set: 0.9ms
[2020-10-06T06:34:39.038+0000][36436][gc,phases    ] GC(44)   Other: 0.9ms
[2020-10-06T06:34:39.038+0000][36436][gc,heap      ] GC(44) Eden regions: 61->0(506)
[2020-10-06T06:34:39.038+0000][36436][gc,heap      ] GC(44) Survivor regions: 11->6(65)
[2020-10-06T06:34:39.038+0000][36436][gc,heap      ] GC(44) Old regions: 69->73
[2020-10-06T06:34:39.038+0000][36436][gc,heap      ] GC(44) Archive regions: 0->0
[2020-10-06T06:34:39.038+0000][36436][gc,heap      ] GC(44) Humongous regions: 262->174
[2020-10-06T06:34:39.038+0000][36436][gc,metaspace ] GC(44) Metaspace: 83563K(89852K)->83563K(89852K) NonClass: 72605K(76412K)->72605K(76412K) Class: 10957K(13440K)->10957K(13440K)
[2020-10-06T06:34:39.038+0000][36436][gc           ] GC(44) Pause Young (Concurrent Start) (G1 Humongous Allocation) 402M->251M(1024M) 7.360ms
[2020-10-06T06:34:39.038+0000][36436][gc,cpu       ] GC(44) User=0.02s Sys=0.00s Real=0.01s
[2020-10-06T06:34:39.038+0000][36436][gc           ] GC(45) Concurrent Cycle
[2020-10-06T06:34:39.038+0000][36436][safepoint    ] Safepoint "G1TryInitiateConcMark", Time since last: 44298400 ns, Reaching safepoint: 152000 ns, At safepoint: 7556600 ns, Total: 7708600 ns
[2020-10-06T06:34:39.038+0000][36436][gc,marking   ] GC(45) Concurrent Clear Claimed Marks
[2020-10-06T06:34:39.039+0000][36436][gc,marking   ] GC(45) Concurrent Clear Claimed Marks 0.687ms
[2020-10-06T06:34:39.039+0000][36436][gc,marking   ] GC(45) Concurrent Scan Root Regions
[2020-10-06T06:34:39.045+0000][36436][gc,marking   ] GC(45) Concurrent Scan Root Regions 5.757ms
[2020-10-06T06:34:39.045+0000][36436][gc,marking   ] GC(45) Concurrent Mark (8949.243s)
[2020-10-06T06:34:39.045+0000][36436][gc,marking   ] GC(45) Concurrent Mark From Roots
[2020-10-06T06:34:39.045+0000][36436][gc,task      ] GC(45) Using 2 workers of 2 for marking
[2020-10-06T06:34:39.184+0000][36436][gc,marking   ] GC(45) Concurrent Mark From Roots 139.912ms
[2020-10-06T06:34:39.184+0000][36436][gc,marking   ] GC(45) Concurrent Preclean
[2020-10-06T06:34:39.185+0000][36436][gc,marking   ] GC(45) Concurrent Preclean 0.926ms
[2020-10-06T06:34:39.185+0000][36436][gc,marking   ] GC(45) Concurrent Mark (8949.243s, 8949.384s) 141.014ms
[2020-10-06T06:34:39.186+0000][36436][gc,start     ] GC(45) Pause Remark
[2020-10-06T06:34:39.191+0000][36436][gc           ] GC(45) Pause Remark 326M->326M(1024M) 5.110ms
[2020-10-06T06:34:39.191+0000][36436][gc,cpu       ] GC(45) User=0.00s Sys=0.00s Real=0.00s
[2020-10-06T06:34:39.191+0000][36436][safepoint    ] Safepoint "G1Concurrent", Time since last: 147758700 ns, Reaching safepoint: 190000 ns, At safepoint: 5383200 ns, Total: 5573200 ns
[2020-10-06T06:34:39.191+0000][36436][gc,marking   ] GC(45) Concurrent Rebuild Remembered Sets
[2020-10-06T06:34:39.271+0000][36436][gc,marking   ] GC(45) Concurrent Rebuild Remembered Sets 80.040ms
[2020-10-06T06:34:39.271+0000][36436][gc,start     ] GC(45) Pause Cleanup
[2020-10-06T06:34:39.272+0000][36436][gc           ] GC(45) Pause Cleanup 395M->395M(1024M) 0.285ms
[2020-10-06T06:34:39.272+0000][36436][gc,cpu       ] GC(45) User=0.00s Sys=0.00s Real=0.00s
[2020-10-06T06:34:39.272+0000][36436][safepoint    ] Safepoint "G1Concurrent", Time since last: 80207700 ns, Reaching safepoint: 132700 ns, At safepoint: 603400 ns, Total: 736100 ns
[2020-10-06T06:34:39.272+0000][36436][gc,marking   ] GC(45) Concurrent Cleanup for Next Mark
[2020-10-06T06:34:39.274+0000][36436][gc,marking   ] GC(45) Concurrent Cleanup for Next Mark 1.917ms
[2020-10-06T06:34:39.274+0000][36436][gc           ] GC(45) Concurrent Cycle 236.441ms
[2020-10-06T06:34:39.590+0000][36436][gc,start     ] GC(46) Pause Young (Concurrent Start) (G1 Humongous Allocation)
[2020-10-06T06:34:39.590+0000][36436][gc,task      ] GC(46) Using 8 workers of 8 for evacuation
[2020-10-06T06:34:39.590+0000][36436][gc,age       ] GC(46) Desired survivor size 33554432 bytes, new threshold 15 (max threshold 15)
[2020-10-06T06:34:39.597+0000][36436][gc,age       ] GC(46) Age table with threshold 15 (max threshold 15)
[2020-10-06T06:34:39.597+0000][36436][gc,age       ] GC(46) - age   1:    5645944 bytes,    5645944 total
[2020-10-06T06:34:39.597+0000][36436][gc,age       ] GC(46) - age   2:     430072 bytes,    6076016 total
[2020-10-06T06:34:39.597+0000][36436][gc,age       ] GC(46) - age   3:       3504 bytes,    6079520 total
[2020-10-06T06:34:39.597+0000][36436][gc,age       ] GC(46) - age   4:       1392 bytes,    6080912 total
[2020-10-06T06:34:39.597+0000][36436][gc,age       ] GC(46) - age   5:      11056 bytes,    6091968 total
[2020-10-06T06:34:39.597+0000][36436][gc,age       ] GC(46) - age   6:      12176 bytes,    6104144 total
[2020-10-06T06:34:39.597+0000][36436][gc,age       ] GC(46) - age   7:       1912 bytes,    6106056 total
[2020-10-06T06:34:39.597+0000][36436][gc,age       ] GC(46) - age   8:       1416 bytes,    6107472 total
[2020-10-06T06:34:39.597+0000][36436][gc,age       ] GC(46) - age   9:       3488 bytes,    6110960 total
[2020-10-06T06:34:39.597+0000][36436][gc,age       ] GC(46) - age  10:      23808 bytes,    6134768 total
[2020-10-06T06:34:39.597+0000][36436][gc,age       ] GC(46) - age  11:      27328 bytes,    6162096 total
[2020-10-06T06:34:39.597+0000][36436][gc,age       ] GC(46) - age  12:      56728 bytes,    6218824 total
[2020-10-06T06:34:39.597+0000][36436][gc,age       ] GC(46) - age  13:      57880 bytes,    6276704 total
[2020-10-06T06:34:39.597+0000][36436][gc,age       ] GC(46) - age  14:     286456 bytes,    6563160 total
[2020-10-06T06:34:39.597+0000][36436][gc,age       ] GC(46) - age  15:     253624 bytes,    6816784 total
[2020-10-06T06:34:39.597+0000][36436][gc,phases    ] GC(46)   Pre Evacuate Collection Set: 0.5ms
[2020-10-06T06:34:39.597+0000][36436][gc,phases    ] GC(46)   Merge Heap Roots: 0.1ms
[2020-10-06T06:34:39.597+0000][36436][gc,phases    ] GC(46)   Evacuate Collection Set: 4.6ms
[2020-10-06T06:34:39.597+0000][36436][gc,phases    ] GC(46)   Post Evacuate Collection Set: 1.3ms
[2020-10-06T06:34:39.598+0000][36436][gc,phases    ] GC(46)   Other: 1.3ms
[2020-10-06T06:34:39.598+0000][36436][gc,heap      ] GC(46) Eden regions: 52->0(501)
[2020-10-06T06:34:39.598+0000][36436][gc,heap      ] GC(46) Survivor regions: 6->7(64)
[2020-10-06T06:34:39.598+0000][36436][gc,heap      ] GC(46) Old regions: 73->73
[2020-10-06T06:34:39.598+0000][36436][gc,heap      ] GC(46) Archive regions: 0->0
[2020-10-06T06:34:39.598+0000][36436][gc,heap      ] GC(46) Humongous regions: 282->174
[2020-10-06T06:34:39.598+0000][36436][gc,metaspace ] GC(46) Metaspace: 83629K(89852K)->83629K(89852K) NonClass: 72671K(76412K)->72671K(76412K) Class: 10958K(13440K)->10958K(13440K)
[2020-10-06T06:34:39.598+0000][36436][gc           ] GC(46) Pause Young (Concurrent Start) (G1 Humongous Allocation) 411M->253M(1024M) 8.398ms
[2020-10-06T06:34:39.598+0000][36436][gc,cpu       ] GC(46) User=0.00s Sys=0.00s Real=0.01s
[2020-10-06T06:34:39.598+0000][36436][gc           ] GC(47) Concurrent Cycle
[2020-10-06T06:34:39.598+0000][36436][gc,marking   ] GC(47) Concurrent Clear Claimed Marks
[2020-10-06T06:34:39.599+0000][36436][gc,marking   ] GC(47) Concurrent Clear Claimed Marks 0.422ms
[2020-10-06T06:34:39.599+0000][36436][gc,marking   ] GC(47) Concurrent Scan Root Regions
[2020-10-06T06:34:39.599+0000][36436][safepoint    ] Safepoint "G1TryInitiateConcMark", Time since last: 316878500 ns, Reaching safepoint: 246400 ns, At safepoint: 9280100 ns, Total: 9526500 ns
[2020-10-06T06:34:39.603+0000][36436][gc,marking   ] GC(47) Concurrent Scan Root Regions 4.377ms
[2020-10-06T06:34:39.603+0000][36436][gc,marking   ] GC(47) Concurrent Mark (8949.801s)
[2020-10-06T06:34:39.603+0000][36436][gc,marking   ] GC(47) Concurrent Mark From Roots
[2020-10-06T06:34:39.603+0000][36436][gc,task      ] GC(47) Using 2 workers of 2 for marking
[2020-10-06T06:34:39.777+0000][36436][gc,marking   ] GC(47) Concurrent Mark From Roots 173.403ms
[2020-10-06T06:34:39.777+0000][36436][gc,marking   ] GC(47) Concurrent Preclean
[2020-10-06T06:34:39.778+0000][36436][gc,marking   ] GC(47) Concurrent Preclean 0.836ms
[2020-10-06T06:34:39.778+0000][36436][gc,marking   ] GC(47) Concurrent Mark (8949.801s, 8949.976s) 174.493ms
[2020-10-06T06:34:39.783+0000][36436][gc,start     ] GC(47) Pause Remark
[2020-10-06T06:34:39.794+0000][36436][gc           ] GC(47) Pause Remark 529M->529M(1024M) 11.466ms
[2020-10-06T06:34:39.794+0000][36436][gc,cpu       ] GC(47) User=0.11s Sys=0.00s Real=0.01s
[2020-10-06T06:34:39.795+0000][36436][safepoint    ] Safepoint "G1Concurrent", Time since last: 178977500 ns, Reaching safepoint: 4926300 ns, At safepoint: 12644900 ns, Total: 17571200 ns
[2020-10-06T06:34:39.795+0000][36436][gc,marking   ] GC(47) Concurrent Rebuild Remembered Sets
[2020-10-06T06:34:39.893+0000][36436][gc,marking   ] GC(47) Concurrent Rebuild Remembered Sets 97.404ms
[2020-10-06T06:34:39.896+0000][36436][gc,start     ] GC(47) Pause Cleanup
[2020-10-06T06:34:39.897+0000][36436][gc           ] GC(47) Pause Cleanup 553M->553M(1024M) 0.734ms
[2020-10-06T06:34:39.897+0000][36436][gc,cpu       ] GC(47) User=0.00s Sys=0.00s Real=0.00s
[2020-10-06T06:34:39.898+0000][36436][safepoint    ] Safepoint "G1Concurrent", Time since last: 97685900 ns, Reaching safepoint: 3030500 ns, At safepoint: 1942200 ns, Total: 4972700 ns
[2020-10-06T06:34:39.898+0000][36436][gc,marking   ] GC(47) Concurrent Cleanup for Next Mark
[2020-10-06T06:34:39.900+0000][36436][gc,marking   ] GC(47) Concurrent Cleanup for Next Mark 2.087ms
[2020-10-06T06:34:39.900+0000][36436][gc           ] GC(47) Concurrent Cycle 302.189ms
[2020-10-06T06:34:39.906+0000][36436][gc,start     ] GC(48) Pause Young (Concurrent Start) (G1 Humongous Allocation)
[2020-10-06T06:34:39.906+0000][36436][gc,task      ] GC(48) Using 8 workers of 8 for evacuation
[2020-10-06T06:34:39.906+0000][36436][gc,age       ] GC(48) Desired survivor size 33554432 bytes, new threshold 15 (max threshold 15)
[2020-10-06T06:34:39.911+0000][36436][gc,age       ] GC(48) Age table with threshold 15 (max threshold 15)
[2020-10-06T06:34:39.911+0000][36436][gc,age       ] GC(48) - age   1:    2710232 bytes,    2710232 total
[2020-10-06T06:34:39.911+0000][36436][gc,age       ] GC(48) - age   2:     161664 bytes,    2871896 total
[2020-10-06T06:34:39.911+0000][36436][gc,age       ] GC(48) - age   3:     421808 bytes,    3293704 total
[2020-10-06T06:34:39.911+0000][36436][gc,age       ] GC(48) - age   4:       3504 bytes,    3297208 total
[2020-10-06T06:34:39.911+0000][36436][gc,age       ] GC(48) - age   5:       1392 bytes,    3298600 total
[2020-10-06T06:34:39.911+0000][36436][gc,age       ] GC(48) - age   6:      10664 bytes,    3309264 total
[2020-10-06T06:34:39.911+0000][36436][gc,age       ] GC(48) - age   7:      12176 bytes,    3321440 total
[2020-10-06T06:34:39.912+0000][36436][gc,age       ] GC(48) - age   8:       1912 bytes,    3323352 total
[2020-10-06T06:34:39.912+0000][36436][gc,age       ] GC(48) - age   9:       1416 bytes,    3324768 total
[2020-10-06T06:34:39.912+0000][36436][gc,age       ] GC(48) - age  10:       3488 bytes,    3328256 total
[2020-10-06T06:34:39.912+0000][36436][gc,age       ] GC(48) - age  11:      23656 bytes,    3351912 total
[2020-10-06T06:34:39.912+0000][36436][gc,age       ] GC(48) - age  12:      27328 bytes,    3379240 total
[2020-10-06T06:34:39.912+0000][36436][gc,age       ] GC(48) - age  13:      56728 bytes,    3435968 total
[2020-10-06T06:34:39.912+0000][36436][gc,age       ] GC(48) - age  14:      57880 bytes,    3493848 total
[2020-10-06T06:34:39.912+0000][36436][gc,age       ] GC(48) - age  15:     286456 bytes,    3780304 total
[2020-10-06T06:34:39.912+0000][36436][gc,phases    ] GC(48)   Pre Evacuate Collection Set: 0.5ms
[2020-10-06T06:34:39.912+0000][36436][gc,phases    ] GC(48)   Merge Heap Roots: 0.1ms
[2020-10-06T06:34:39.912+0000][36436][gc,phases    ] GC(48)   Evacuate Collection Set: 3.1ms
[2020-10-06T06:34:39.912+0000][36436][gc,phases    ] GC(48)   Post Evacuate Collection Set: 1.3ms
[2020-10-06T06:34:39.912+0000][36436][gc,phases    ] GC(48)   Other: 1.4ms
[2020-10-06T06:34:39.912+0000][36436][gc,heap      ] GC(48) Eden regions: 71->0(490)
[2020-10-06T06:34:39.912+0000][36436][gc,heap      ] GC(48) Survivor regions: 7->4(64)
[2020-10-06T06:34:39.912+0000][36436][gc,heap      ] GC(48) Old regions: 73->74
[2020-10-06T06:34:39.912+0000][36436][gc,heap      ] GC(48) Archive regions: 0->0
[2020-10-06T06:34:39.912+0000][36436][gc,heap      ] GC(48) Humongous regions: 404->174
[2020-10-06T06:34:39.913+0000][36436][gc,metaspace ] GC(48) Metaspace: 83580K(89852K)->83580K(89852K) NonClass: 72641K(76412K)->72641K(76412K) Class: 10938K(13440K)->10938K(13440K)
[2020-10-06T06:34:39.913+0000][36436][gc           ] GC(48) Pause Young (Concurrent Start) (G1 Humongous Allocation) 554M->251M(1024M) 6.896ms
[2020-10-06T06:34:39.913+0000][36436][gc,cpu       ] GC(48) User=0.00s Sys=0.02s Real=0.01s
[2020-10-06T06:34:39.913+0000][36436][gc           ] GC(49) Concurrent Cycle
[2020-10-06T06:34:39.913+0000][36436][safepoint    ] Safepoint "G1TryInitiateConcMark", Time since last: 7480900 ns, Reaching safepoint: 173600 ns, At safepoint: 7121400 ns, Total: 7295000 ns
[2020-10-06T06:34:39.913+0000][36436][gc,marking   ] GC(49) Concurrent Clear Claimed Marks
[2020-10-06T06:34:39.913+0000][36436][gc,marking   ] GC(49) Concurrent Clear Claimed Marks 0.572ms
[2020-10-06T06:34:39.913+0000][36436][gc,marking   ] GC(49) Concurrent Scan Root Regions
[2020-10-06T06:34:39.916+0000][36436][gc,marking   ] GC(49) Concurrent Scan Root Regions 2.972ms
[2020-10-06T06:34:39.917+0000][36436][gc,marking   ] GC(49) Concurrent Mark (8950.114s)
[2020-10-06T06:34:39.917+0000][36436][gc,marking   ] GC(49) Concurrent Mark From Roots
[2020-10-06T06:34:39.917+0000][36436][gc,task      ] GC(49) Using 2 workers of 2 for marking
[2020-10-06T06:34:40.089+0000][36436][gc,marking   ] GC(49) Concurrent Mark From Roots 172.782ms
[2020-10-06T06:34:40.089+0000][36436][gc,marking   ] GC(49) Concurrent Preclean
[2020-10-06T06:34:40.090+0000][36436][gc,marking   ] GC(49) Concurrent Preclean 0.839ms
[2020-10-06T06:34:40.090+0000][36436][gc,marking   ] GC(49) Concurrent Mark (8950.114s, 8950.288s) 173.867ms
[2020-10-06T06:34:40.091+0000][36436][gc,start     ] GC(49) Pause Remark
[2020-10-06T06:34:40.104+0000][36436][gc           ] GC(49) Pause Remark 291M->291M(1024M) 13.295ms
[2020-10-06T06:34:40.104+0000][36436][gc,cpu       ] GC(49) User=0.11s Sys=0.00s Real=0.01s
[2020-10-06T06:34:40.104+0000][36436][safepoint    ] Safepoint "G1Concurrent", Time since last: 177756300 ns, Reaching safepoint: 171000 ns, At safepoint: 13599700 ns, Total: 13770700 ns
[2020-10-06T06:34:40.104+0000][36436][gc,marking   ] GC(49) Concurrent Rebuild Remembered Sets
[2020-10-06T06:34:40.201+0000][36436][gc,marking   ] GC(49) Concurrent Rebuild Remembered Sets 96.998ms
[2020-10-06T06:34:40.202+0000][36436][gc,start     ] GC(49) Pause Cleanup
[2020-10-06T06:34:40.202+0000][36436][gc           ] GC(49) Pause Cleanup 293M->293M(1024M) 0.342ms
[2020-10-06T06:34:40.202+0000][36436][gc,cpu       ] GC(49) User=0.00s Sys=0.00s Real=0.00s
[2020-10-06T06:34:40.202+0000][36436][safepoint    ] Safepoint "G1Concurrent", Time since last: 97221100 ns, Reaching safepoint: 266200 ns, At safepoint: 509400 ns, Total: 775600 ns
[2020-10-06T06:34:40.202+0000][36436][gc,marking   ] GC(49) Concurrent Cleanup for Next Mark
[2020-10-06T06:34:40.204+0000][36436][gc,marking   ] GC(49) Concurrent Cleanup for Next Mark 1.726ms
[2020-10-06T06:34:40.204+0000][36436][gc           ] GC(49) Concurrent Cycle 291.477ms
[2020-10-06T06:34:40.258+0000][36436][safepoint    ] Safepoint "ICBufferFull", Time since last: 52400800 ns, Reaching safepoint: 676100 ns, At safepoint: 2601600 ns, Total: 3277700 ns
[2020-10-06T06:34:40.258+0000][36436][gc,start     ] GC(50) Pause Young (Concurrent Start) (G1 Humongous Allocation)
[2020-10-06T06:34:40.258+0000][36436][gc,task      ] GC(50) Using 8 workers of 8 for evacuation
[2020-10-06T06:34:40.259+0000][36436][gc,age       ] GC(50) Desired survivor size 32505856 bytes, new threshold 15 (max threshold 15)
[2020-10-06T06:34:40.265+0000][36436][gc,age       ] GC(50) Age table with threshold 15 (max threshold 15)
[2020-10-06T06:34:40.265+0000][36436][gc,age       ] GC(50) - age   1:   12514024 bytes,   12514024 total
[2020-10-06T06:34:40.265+0000][36436][gc,age       ] GC(50) - age   2:       6896 bytes,   12520920 total
[2020-10-06T06:34:40.265+0000][36436][gc,age       ] GC(50) - age   3:     130760 bytes,   12651680 total
[2020-10-06T06:34:40.265+0000][36436][gc,age       ] GC(50) - age   4:     420928 bytes,   13072608 total
[2020-10-06T06:34:40.265+0000][36436][gc,age       ] GC(50) - age   5:       3472 bytes,   13076080 total
[2020-10-06T06:34:40.265+0000][36436][gc,age       ] GC(50) - age   6:       1392 bytes,   13077472 total
[2020-10-06T06:34:40.266+0000][36436][gc,age       ] GC(50) - age   7:      10568 bytes,   13088040 total
[2020-10-06T06:34:40.266+0000][36436][gc,age       ] GC(50) - age   8:      12112 bytes,   13100152 total
[2020-10-06T06:34:40.266+0000][36436][gc,age       ] GC(50) - age   9:       1912 bytes,   13102064 total
[2020-10-06T06:34:40.266+0000][36436][gc,age       ] GC(50) - age  10:       1416 bytes,   13103480 total
[2020-10-06T06:34:40.266+0000][36436][gc,age       ] GC(50) - age  11:       3456 bytes,   13106936 total
[2020-10-06T06:34:40.266+0000][36436][gc,age       ] GC(50) - age  12:      23656 bytes,   13130592 total
[2020-10-06T06:34:40.266+0000][36436][gc,age       ] GC(50) - age  13:      27328 bytes,   13157920 total
[2020-10-06T06:34:40.266+0000][36436][gc,age       ] GC(50) - age  14:      56728 bytes,   13214648 total
[2020-10-06T06:34:40.266+0000][36436][gc,age       ] GC(50) - age  15:      57880 bytes,   13272528 total
[2020-10-06T06:34:40.266+0000][36436][gc,phases    ] GC(50)   Pre Evacuate Collection Set: 0.4ms
[2020-10-06T06:34:40.266+0000][36436][gc,phases    ] GC(50)   Merge Heap Roots: 0.1ms
[2020-10-06T06:34:40.266+0000][36436][gc,phases    ] GC(50)   Evacuate Collection Set: 4.7ms
[2020-10-06T06:34:40.266+0000][36436][gc,phases    ] GC(50)   Post Evacuate Collection Set: 1.1ms
[2020-10-06T06:34:40.266+0000][36436][gc,phases    ] GC(50)   Other: 1.5ms
[2020-10-06T06:34:40.266+0000][36436][gc,heap      ] GC(50) Eden regions: 44->0(475)
[2020-10-06T06:34:40.266+0000][36436][gc,heap      ] GC(50) Survivor regions: 4->14(62)
[2020-10-06T06:34:40.267+0000][36436][gc,heap      ] GC(50) Old regions: 74->74
[2020-10-06T06:34:40.267+0000][36436][gc,heap      ] GC(50) Archive regions: 0->0
[2020-10-06T06:34:40.267+0000][36436][gc,heap      ] GC(50) Humongous regions: 233->174
[2020-10-06T06:34:40.267+0000][36436][gc,metaspace ] GC(50) Metaspace: 83539K(90108K)->83539K(90108K) NonClass: 72646K(76668K)->72646K(76668K) Class: 10893K(13440K)->10893K(13440K)
[2020-10-06T06:34:40.267+0000][36436][gc           ] GC(50) Pause Young (Concurrent Start) (G1 Humongous Allocation) 353M->260M(1024M) 8.440ms
[2020-10-06T06:34:40.267+0000][36436][gc,cpu       ] GC(50) User=0.00s Sys=0.00s Real=0.01s
[2020-10-06T06:34:40.267+0000][36436][gc           ] GC(51) Concurrent Cycle
[2020-10-06T06:34:40.267+0000][36436][gc,marking   ] GC(51) Concurrent Clear Claimed Marks
[2020-10-06T06:34:40.268+0000][36436][gc,marking   ] GC(51) Concurrent Clear Claimed Marks 0.557ms
[2020-10-06T06:34:40.268+0000][36436][gc,marking   ] GC(51) Concurrent Scan Root Regions
[2020-10-06T06:34:40.271+0000][36436][gc,marking   ] GC(51) Concurrent Scan Root Regions 2.994ms
[2020-10-06T06:34:40.271+0000][36436][gc,marking   ] GC(51) Concurrent Mark (8950.469s)
[2020-10-06T06:34:40.271+0000][36436][gc,marking   ] GC(51) Concurrent Mark From Roots
[2020-10-06T06:34:40.271+0000][36436][gc,task      ] GC(51) Using 2 workers of 2 for marking
[2020-10-06T06:34:40.272+0000][36436][safepoint    ] Safepoint "G1TryInitiateConcMark", Time since last: 130300 ns, Reaching safepoint: 198000 ns, At safepoint: 13536600 ns, Total: 13734600 ns
[2020-10-06T06:34:40.445+0000][36436][gc,marking   ] GC(51) Concurrent Mark From Roots 173.690ms
[2020-10-06T06:34:40.445+0000][36436][gc,marking   ] GC(51) Concurrent Preclean
[2020-10-06T06:34:40.446+0000][36436][gc,marking   ] GC(51) Concurrent Preclean 0.897ms
[2020-10-06T06:34:40.446+0000][36436][gc,marking   ] GC(51) Concurrent Mark (8950.469s, 8950.644s) 174.847ms
[2020-10-06T06:34:40.446+0000][36436][gc,start     ] GC(51) Pause Remark
[2020-10-06T06:34:40.457+0000][36436][gc           ] GC(51) Pause Remark 554M->554M(1024M) 11.113ms
[2020-10-06T06:34:40.457+0000][36436][gc,cpu       ] GC(51) User=0.00s Sys=0.00s Real=0.01s
[2020-10-06T06:34:40.458+0000][36436][safepoint    ] Safepoint "G1Concurrent", Time since last: 174027500 ns, Reaching safepoint: 281900 ns, At safepoint: 11868200 ns, Total: 12150100 ns
[2020-10-06T06:34:40.458+0000][36436][gc,marking   ] GC(51) Concurrent Rebuild Remembered Sets
[2020-10-06T06:34:40.559+0000][36436][gc,marking   ] GC(51) Concurrent Rebuild Remembered Sets 101.387ms
[2020-10-06T06:34:40.560+0000][36436][gc,start     ] GC(51) Pause Cleanup
[2020-10-06T06:34:40.560+0000][36436][gc           ] GC(51) Pause Cleanup 623M->623M(1024M) 0.365ms
[2020-10-06T06:34:40.560+0000][36436][gc,cpu       ] GC(51) User=0.00s Sys=0.00s Real=0.00s
[2020-10-06T06:34:40.560+0000][36436][safepoint    ] Safepoint "G1Concurrent", Time since last: 101662400 ns, Reaching safepoint: 289300 ns, At safepoint: 548300 ns, Total: 837600 ns
[2020-10-06T06:34:40.561+0000][36436][gc,marking   ] GC(51) Concurrent Cleanup for Next Mark
[2020-10-06T06:34:40.562+0000][36436][gc,marking   ] GC(51) Concurrent Cleanup for Next Mark 1.775ms
[2020-10-06T06:34:40.563+0000][36436][gc           ] GC(51) Concurrent Cycle 295.574ms
[2020-10-06T06:34:40.594+0000][36436][gc,start     ] GC(52) Pause Young (Concurrent Start) (G1 Humongous Allocation)
[2020-10-06T06:34:40.594+0000][36436][gc,task      ] GC(52) Using 8 workers of 8 for evacuation
[2020-10-06T06:34:40.594+0000][36436][gc,age       ] GC(52) Desired survivor size 32505856 bytes, new threshold 15 (max threshold 15)
[2020-10-06T06:34:40.599+0000][36436][gc,age       ] GC(52) Age table with threshold 15 (max threshold 15)
[2020-10-06T06:34:40.599+0000][36436][gc,age       ] GC(52) - age   1:    3980112 bytes,    3980112 total
[2020-10-06T06:34:40.599+0000][36436][gc,age       ] GC(52) - age   2:      16488 bytes,    3996600 total
[2020-10-06T06:34:40.599+0000][36436][gc,age       ] GC(52) - age   3:       6584 bytes,    4003184 total
[2020-10-06T06:34:40.599+0000][36436][gc,age       ] GC(52) - age   4:     129160 bytes,    4132344 total
[2020-10-06T06:34:40.599+0000][36436][gc,age       ] GC(52) - age   5:     420872 bytes,    4553216 total
[2020-10-06T06:34:40.599+0000][36436][gc,age       ] GC(52) - age   6:       3408 bytes,    4556624 total
[2020-10-06T06:34:40.599+0000][36436][gc,age       ] GC(52) - age   7:       1392 bytes,    4558016 total
[2020-10-06T06:34:40.599+0000][36436][gc,age       ] GC(52) - age   8:      10536 bytes,    4568552 total
[2020-10-06T06:34:40.599+0000][36436][gc,age       ] GC(52) - age   9:      11920 bytes,    4580472 total
[2020-10-06T06:34:40.599+0000][36436][gc,age       ] GC(52) - age  10:       1784 bytes,    4582256 total
[2020-10-06T06:34:40.599+0000][36436][gc,age       ] GC(52) - age  11:       1416 bytes,    4583672 total
[2020-10-06T06:34:40.599+0000][36436][gc,age       ] GC(52) - age  12:       3328 bytes,    4587000 total
[2020-10-06T06:34:40.599+0000][36436][gc,age       ] GC(52) - age  13:      23656 bytes,    4610656 total
[2020-10-06T06:34:40.599+0000][36436][gc,age       ] GC(52) - age  14:      27328 bytes,    4637984 total
[2020-10-06T06:34:40.600+0000][36436][gc,age       ] GC(52) - age  15:      56696 bytes,    4694680 total
[2020-10-06T06:34:40.600+0000][36436][gc,phases    ] GC(52)   Pre Evacuate Collection Set: 0.4ms
[2020-10-06T06:34:40.600+0000][36436][gc,phases    ] GC(52)   Merge Heap Roots: 0.1ms
[2020-10-06T06:34:40.600+0000][36436][gc,phases    ] GC(52)   Evacuate Collection Set: 3.4ms
[2020-10-06T06:34:40.600+0000][36436][gc,phases    ] GC(52)   Post Evacuate Collection Set: 1.2ms
[2020-10-06T06:34:40.600+0000][36436][gc,phases    ] GC(52)   Other: 1.2ms
[2020-10-06T06:34:40.600+0000][36436][gc,heap      ] GC(52) Eden regions: 95->0(487)
[2020-10-06T06:34:40.600+0000][36436][gc,heap      ] GC(52) Survivor regions: 14->6(62)
[2020-10-06T06:34:40.600+0000][36436][gc,heap      ] GC(52) Old regions: 74->74
[2020-10-06T06:34:40.600+0000][36436][gc,heap      ] GC(52) Archive regions: 0->0
[2020-10-06T06:34:40.600+0000][36436][gc,heap      ] GC(52) Humongous regions: 449->174
[2020-10-06T06:34:40.600+0000][36436][gc,metaspace ] GC(52) Metaspace: 83549K(90108K)->83549K(90108K) NonClass: 72660K(76668K)->72660K(76668K) Class: 10888K(13440K)->10888K(13440K)
[2020-10-06T06:34:40.600+0000][36436][gc           ] GC(52) Pause Young (Concurrent Start) (G1 Humongous Allocation) 630M->252M(1024M) 6.524ms
[2020-10-06T06:34:40.600+0000][36436][gc,cpu       ] GC(52) User=0.03s Sys=0.00s Real=0.01s
[2020-10-06T06:34:40.600+0000][36436][safepoint    ] Safepoint "G1TryInitiateConcMark", Time since last: 33204500 ns, Reaching safepoint: 271600 ns, At safepoint: 6742400 ns, Total: 7014000 ns
[2020-10-06T06:34:40.600+0000][36436][gc           ] GC(53) Concurrent Cycle
[2020-10-06T06:34:40.600+0000][36436][gc,marking   ] GC(53) Concurrent Clear Claimed Marks
[2020-10-06T06:34:40.601+0000][36436][gc,marking   ] GC(53) Concurrent Clear Claimed Marks 0.366ms
[2020-10-06T06:34:40.601+0000][36436][gc,marking   ] GC(53) Concurrent Scan Root Regions
[2020-10-06T06:34:40.604+0000][36436][gc,marking   ] GC(53) Concurrent Scan Root Regions 3.372ms
[2020-10-06T06:34:40.604+0000][36436][gc,marking   ] GC(53) Concurrent Mark (8950.803s)
[2020-10-06T06:34:40.604+0000][36436][gc,marking   ] GC(53) Concurrent Mark From Roots
[2020-10-06T06:34:40.604+0000][36436][gc,task      ] GC(53) Using 2 workers of 2 for marking
[2020-10-06T06:34:40.766+0000][36436][gc,marking   ] GC(53) Concurrent Mark From Roots 161.299ms
[2020-10-06T06:34:40.766+0000][36436][gc,marking   ] GC(53) Concurrent Preclean
[2020-10-06T06:34:40.767+0000][36436][gc,marking   ] GC(53) Concurrent Preclean 0.905ms
[2020-10-06T06:34:40.767+0000][36436][gc,marking   ] GC(53) Concurrent Mark (8950.803s, 8950.965s) 162.489ms
[2020-10-06T06:34:40.767+0000][36436][gc,start     ] GC(53) Pause Remark
[2020-10-06T06:34:40.778+0000][36436][gc           ] GC(53) Pause Remark 392M->392M(1024M) 11.073ms
[2020-10-06T06:34:40.778+0000][36436][gc,cpu       ] GC(53) User=0.11s Sys=0.00s Real=0.01s
[2020-10-06T06:34:40.780+0000][36436][safepoint    ] Safepoint "G1Concurrent", Time since last: 166657700 ns, Reaching safepoint: 167200 ns, At safepoint: 12793500 ns, Total: 12960700 ns
[2020-10-06T06:34:40.780+0000][36436][gc,marking   ] GC(53) Concurrent Rebuild Remembered Sets
[2020-10-06T06:34:40.874+0000][36436][gc,marking   ] GC(53) Concurrent Rebuild Remembered Sets 93.668ms
[2020-10-06T06:34:40.874+0000][36436][gc,start     ] GC(53) Pause Cleanup
[2020-10-06T06:34:40.874+0000][36436][gc           ] GC(53) Pause Cleanup 463M->463M(1024M) 0.350ms
[2020-10-06T06:34:40.875+0000][36436][gc,cpu       ] GC(53) User=0.00s Sys=0.00s Real=0.00s
[2020-10-06T06:34:40.875+0000][36436][safepoint    ] Safepoint "G1Concurrent", Time since last: 93982700 ns, Reaching safepoint: 335600 ns, At safepoint: 564900 ns, Total: 900500 ns
[2020-10-06T06:34:40.875+0000][36436][gc,marking   ] GC(53) Concurrent Cleanup for Next Mark
[2020-10-06T06:34:40.877+0000][36436][gc,marking   ] GC(53) Concurrent Cleanup for Next Mark 1.955ms
[2020-10-06T06:34:40.877+0000][36436][gc           ] GC(53) Concurrent Cycle 276.642ms
[2020-10-06T06:34:40.909+0000][36436][gc,start     ] GC(54) Pause Young (Concurrent Start) (G1 Humongous Allocation)
[2020-10-06T06:34:40.909+0000][36436][gc,task      ] GC(54) Using 8 workers of 8 for evacuation
[2020-10-06T06:34:40.909+0000][36436][gc,age       ] GC(54) Desired survivor size 32505856 bytes, new threshold 15 (max threshold 15)
[2020-10-06T06:34:40.914+0000][36436][gc,age       ] GC(54) Age table with threshold 15 (max threshold 15)
[2020-10-06T06:34:40.914+0000][36436][gc,age       ] GC(54) - age   1:    3468376 bytes,    3468376 total
[2020-10-06T06:34:40.914+0000][36436][gc,age       ] GC(54) - age   2:     435024 bytes,    3903400 total
[2020-10-06T06:34:40.915+0000][36436][gc,age       ] GC(54) - age   3:      13408 bytes,    3916808 total
[2020-10-06T06:34:40.915+0000][36436][gc,age       ] GC(54) - age   4:       6448 bytes,    3923256 total
[2020-10-06T06:34:40.915+0000][36436][gc,age       ] GC(54) - age   5:     129000 bytes,    4052256 total
[2020-10-06T06:34:40.915+0000][36436][gc,age       ] GC(54) - age   6:     420584 bytes,    4472840 total
[2020-10-06T06:34:40.915+0000][36436][gc,age       ] GC(54) - age   7:       3248 bytes,    4476088 total
[2020-10-06T06:34:40.915+0000][36436][gc,age       ] GC(54) - age   8:       1264 bytes,    4477352 total
[2020-10-06T06:34:40.915+0000][36436][gc,age       ] GC(54) - age   9:      10088 bytes,    4487440 total
[2020-10-06T06:34:40.915+0000][36436][gc,age       ] GC(54) - age  10:      11824 bytes,    4499264 total
[2020-10-06T06:34:40.915+0000][36436][gc,age       ] GC(54) - age  11:       1784 bytes,    4501048 total
[2020-10-06T06:34:40.915+0000][36436][gc,age       ] GC(54) - age  12:       1352 bytes,    4502400 total
[2020-10-06T06:34:40.915+0000][36436][gc,age       ] GC(54) - age  13:       3328 bytes,    4505728 total
[2020-10-06T06:34:40.915+0000][36436][gc,age       ] GC(54) - age  14:      23656 bytes,    4529384 total
[2020-10-06T06:34:40.915+0000][36436][gc,age       ] GC(54) - age  15:      27328 bytes,    4556712 total
[2020-10-06T06:34:40.916+0000][36436][gc,phases    ] GC(54)   Pre Evacuate Collection Set: 0.5ms
[2020-10-06T06:34:40.916+0000][36436][gc,phases    ] GC(54)   Merge Heap Roots: 0.1ms
[2020-10-06T06:34:40.916+0000][36436][gc,phases    ] GC(54)   Evacuate Collection Set: 3.5ms
[2020-10-06T06:34:40.916+0000][36436][gc,phases    ] GC(54)   Post Evacuate Collection Set: 1.0ms
[2020-10-06T06:34:40.916+0000][36436][gc,phases    ] GC(54)   Other: 1.3ms
[2020-10-06T06:34:40.916+0000][36436][gc,heap      ] GC(54) Eden regions: 60->0(492)
[2020-10-06T06:34:40.916+0000][36436][gc,heap      ] GC(54) Survivor regions: 6->5(62)
[2020-10-06T06:34:40.916+0000][36436][gc,heap      ] GC(54) Old regions: 74->74
[2020-10-06T06:34:40.916+0000][36436][gc,heap      ] GC(54) Archive regions: 0->0
[2020-10-06T06:34:40.916+0000][36436][gc,heap      ] GC(54) Humongous regions: 330->174
[2020-10-06T06:34:40.916+0000][36436][gc,metaspace ] GC(54) Metaspace: 83593K(90108K)->83593K(90108K) NonClass: 72707K(76668K)->72707K(76668K) Class: 10885K(13440K)->10885K(13440K)
[2020-10-06T06:34:40.916+0000][36436][gc           ] GC(54) Pause Young (Concurrent Start) (G1 Humongous Allocation) 468M->252M(1024M) 6.835ms
[2020-10-06T06:34:40.916+0000][36436][gc,cpu       ] GC(54) User=0.11s Sys=0.00s Real=0.01s
[2020-10-06T06:34:40.916+0000][36436][safepoint    ] Safepoint "G1TryInitiateConcMark", Time since last: 33779900 ns, Reaching safepoint: 336500 ns, At safepoint: 7045500 ns, Total: 7382000 ns
[2020-10-06T06:34:40.916+0000][36436][gc           ] GC(55) Concurrent Cycle
[2020-10-06T06:34:40.916+0000][36436][gc,marking   ] GC(55) Concurrent Clear Claimed Marks
[2020-10-06T06:34:40.917+0000][36436][gc,marking   ] GC(55) Concurrent Clear Claimed Marks 0.703ms
[2020-10-06T06:34:40.917+0000][36436][gc,marking   ] GC(55) Concurrent Scan Root Regions
[2020-10-06T06:34:40.919+0000][36436][gc,marking   ] GC(55) Concurrent Scan Root Regions 2.104ms
[2020-10-06T06:34:40.919+0000][36436][gc,marking   ] GC(55) Concurrent Mark (8951.118s)
[2020-10-06T06:34:40.919+0000][36436][gc,marking   ] GC(55) Concurrent Mark From Roots
[2020-10-06T06:34:40.919+0000][36436][gc,task      ] GC(55) Using 2 workers of 2 for marking
[2020-10-06T06:34:41.085+0000][36436][gc,marking   ] GC(55) Concurrent Mark From Roots 165.842ms
[2020-10-06T06:34:41.085+0000][36436][gc,marking   ] GC(55) Concurrent Preclean
[2020-10-06T06:34:41.086+0000][36436][gc,marking   ] GC(55) Concurrent Preclean 0.851ms
[2020-10-06T06:34:41.086+0000][36436][gc,marking   ] GC(55) Concurrent Mark (8951.118s, 8951.284s) 166.928ms
[2020-10-06T06:34:41.086+0000][36436][gc,start     ] GC(55) Pause Remark
[2020-10-06T06:34:41.091+0000][36436][gc           ] GC(55) Pause Remark 319M->319M(1024M) 5.225ms
[2020-10-06T06:34:41.092+0000][36436][gc,cpu       ] GC(55) User=0.00s Sys=0.00s Real=0.01s
[2020-10-06T06:34:41.092+0000][36436][safepoint    ] Safepoint "G1Concurrent", Time since last: 170206700 ns, Reaching safepoint: 212000 ns, At safepoint: 5653200 ns, Total: 5865200 ns
[2020-10-06T06:34:41.092+0000][36436][gc,marking   ] GC(55) Concurrent Rebuild Remembered Sets
[2020-10-06T06:34:41.189+0000][36436][gc,marking   ] GC(55) Concurrent Rebuild Remembered Sets 97.010ms
[2020-10-06T06:34:41.189+0000][36436][gc,start     ] GC(55) Pause Cleanup
[2020-10-06T06:34:41.190+0000][36436][gc           ] GC(55) Pause Cleanup 451M->451M(1024M) 0.386ms
[2020-10-06T06:34:41.190+0000][36436][gc,cpu       ] GC(55) User=0.00s Sys=0.00s Real=0.00s
[2020-10-06T06:34:41.190+0000][36436][safepoint    ] Safepoint "G1Concurrent", Time since last: 97288700 ns, Reaching safepoint: 178400 ns, At safepoint: 577000 ns, Total: 755400 ns
[2020-10-06T06:34:41.190+0000][36436][gc,marking   ] GC(55) Concurrent Cleanup for Next Mark
[2020-10-06T06:34:41.192+0000][36436][gc,marking   ] GC(55) Concurrent Cleanup for Next Mark 1.837ms
[2020-10-06T06:34:41.192+0000][36436][gc           ] GC(55) Concurrent Cycle 276.170ms
[2020-10-06T06:34:41.367+0000][36436][gc,start     ] GC(56) Pause Young (Concurrent Start) (G1 Humongous Allocation)
[2020-10-06T06:34:41.368+0000][36436][gc,task      ] GC(56) Using 8 workers of 8 for evacuation
[2020-10-06T06:34:41.368+0000][36436][gc,age       ] GC(56) Desired survivor size 33030144 bytes, new threshold 15 (max threshold 15)
[2020-10-06T06:34:41.373+0000][36436][gc,age       ] GC(56) Age table with threshold 15 (max threshold 15)
[2020-10-06T06:34:41.373+0000][36436][gc,age       ] GC(56) - age   1:    8864232 bytes,    8864232 total
[2020-10-06T06:34:41.373+0000][36436][gc,age       ] GC(56) - age   2:      53680 bytes,    8917912 total
[2020-10-06T06:34:41.373+0000][36436][gc,age       ] GC(56) - age   3:      30520 bytes,    8948432 total
[2020-10-06T06:34:41.373+0000][36436][gc,age       ] GC(56) - age   4:      11232 bytes,    8959664 total
[2020-10-06T06:34:41.374+0000][36436][gc,age       ] GC(56) - age   5:       6448 bytes,    8966112 total
[2020-10-06T06:34:41.374+0000][36436][gc,age       ] GC(56) - age   6:     128512 bytes,    9094624 total
[2020-10-06T06:34:41.374+0000][36436][gc,age       ] GC(56) - age   7:     420360 bytes,    9514984 total
[2020-10-06T06:34:41.374+0000][36436][gc,age       ] GC(56) - age   8:       3216 bytes,    9518200 total
[2020-10-06T06:34:41.374+0000][36436][gc,age       ] GC(56) - age   9:       1264 bytes,    9519464 total
[2020-10-06T06:34:41.374+0000][36436][gc,age       ] GC(56) - age  10:      10088 bytes,    9529552 total
[2020-10-06T06:34:41.374+0000][36436][gc,age       ] GC(56) - age  11:      11824 bytes,    9541376 total
[2020-10-06T06:34:41.374+0000][36436][gc,age       ] GC(56) - age  12:       1720 bytes,    9543096 total
[2020-10-06T06:34:41.374+0000][36436][gc,age       ] GC(56) - age  13:       1352 bytes,    9544448 total
[2020-10-06T06:34:41.374+0000][36436][gc,age       ] GC(56) - age  14:       3328 bytes,    9547776 total
[2020-10-06T06:34:41.374+0000][36436][gc,age       ] GC(56) - age  15:      23656 bytes,    9571432 total
[2020-10-06T06:34:41.374+0000][36436][gc,phases    ] GC(56)   Pre Evacuate Collection Set: 0.5ms
[2020-10-06T06:34:41.374+0000][36436][gc,phases    ] GC(56)   Merge Heap Roots: 0.1ms
[2020-10-06T06:34:41.374+0000][36436][gc,phases    ] GC(56)   Evacuate Collection Set: 3.7ms
[2020-10-06T06:34:41.374+0000][36436][gc,phases    ] GC(56)   Post Evacuate Collection Set: 1.0ms
[2020-10-06T06:34:41.374+0000][36436][gc,phases    ] GC(56)   Other: 1.5ms
[2020-10-06T06:34:41.374+0000][36436][gc,heap      ] GC(56) Eden regions: 74->0(485)
[2020-10-06T06:34:41.374+0000][36436][gc,heap      ] GC(56) Survivor regions: 5->10(63)
[2020-10-06T06:34:41.375+0000][36436][gc,heap      ] GC(56) Old regions: 74->74
[2020-10-06T06:34:41.375+0000][36436][gc,heap      ] GC(56) Archive regions: 0->0
[2020-10-06T06:34:41.375+0000][36436][gc,heap      ] GC(56) Humongous regions: 322->174
[2020-10-06T06:34:41.375+0000][36436][gc,metaspace ] GC(56) Metaspace: 83671K(90108K)->83671K(90108K) NonClass: 72786K(76668K)->72786K(76668K) Class: 10885K(13440K)->10885K(13440K)
[2020-10-06T06:34:41.375+0000][36436][gc           ] GC(56) Pause Young (Concurrent Start) (G1 Humongous Allocation) 473M->257M(1024M) 7.317ms
[2020-10-06T06:34:41.375+0000][36436][gc,cpu       ] GC(56) User=0.00s Sys=0.00s Real=0.01s
[2020-10-06T06:34:41.375+0000][36436][gc           ] GC(57) Concurrent Cycle
[2020-10-06T06:34:41.375+0000][36436][gc,marking   ] GC(57) Concurrent Clear Claimed Marks
[2020-10-06T06:34:41.375+0000][36436][safepoint    ] Safepoint "G1TryInitiateConcMark", Time since last: 177077700 ns, Reaching safepoint: 307700 ns, At safepoint: 7705300 ns, Total: 8013000 ns
[2020-10-06T06:34:41.376+0000][36436][gc,marking   ] GC(57) Concurrent Clear Claimed Marks 0.678ms
[2020-10-06T06:34:41.376+0000][36436][gc,marking   ] GC(57) Concurrent Scan Root Regions
[2020-10-06T06:34:41.380+0000][36436][gc,marking   ] GC(57) Concurrent Scan Root Regions 4.480ms
[2020-10-06T06:34:41.381+0000][36436][gc,marking   ] GC(57) Concurrent Mark (8951.579s)
[2020-10-06T06:34:41.381+0000][36436][gc,marking   ] GC(57) Concurrent Mark From Roots
[2020-10-06T06:34:41.381+0000][36436][gc,task      ] GC(57) Using 2 workers of 2 for marking
[2020-10-06T06:34:41.559+0000][36436][gc,marking   ] GC(57) Concurrent Mark From Roots 177.951ms
[2020-10-06T06:34:41.559+0000][36436][gc,marking   ] GC(57) Concurrent Preclean
[2020-10-06T06:34:41.560+0000][36436][gc,marking   ] GC(57) Concurrent Preclean 0.990ms
[2020-10-06T06:34:41.560+0000][36436][gc,marking   ] GC(57) Concurrent Mark (8951.579s, 8951.758s) 179.238ms
[2020-10-06T06:34:41.561+0000][36436][gc,start     ] GC(57) Pause Remark
[2020-10-06T06:34:41.569+0000][36436][gc           ] GC(57) Pause Remark 594M->594M(1024M) 8.702ms
[2020-10-06T06:34:41.569+0000][36436][gc,cpu       ] GC(57) User=0.11s Sys=0.00s Real=0.01s
[2020-10-06T06:34:41.570+0000][36436][safepoint    ] Safepoint "G1Concurrent", Time since last: 184854700 ns, Reaching safepoint: 265000 ns, At safepoint: 9677800 ns, Total: 9942800 ns
[2020-10-06T06:34:41.570+0000][36436][gc,marking   ] GC(57) Concurrent Rebuild Remembered Sets
[2020-10-06T06:34:41.680+0000][36436][gc,marking   ] GC(57) Concurrent Rebuild Remembered Sets 109.444ms
[2020-10-06T06:34:41.681+0000][36436][gc,start     ] GC(57) Pause Cleanup
[2020-10-06T06:34:41.682+0000][36436][gc           ] GC(57) Pause Cleanup 664M->664M(1024M) 1.318ms
[2020-10-06T06:34:41.683+0000][36436][gc,cpu       ] GC(57) User=0.00s Sys=0.00s Real=0.00s
[2020-10-06T06:34:41.683+0000][36436][safepoint    ] Safepoint "G1Concurrent", Time since last: 109772600 ns, Reaching safepoint: 733200 ns, At safepoint: 2097100 ns, Total: 2830300 ns
[2020-10-06T06:34:41.683+0000][36436][gc,marking   ] GC(57) Concurrent Cleanup for Next Mark
[2020-10-06T06:34:41.686+0000][36436][gc,marking   ] GC(57) Concurrent Cleanup for Next Mark 3.130ms
[2020-10-06T06:34:41.686+0000][36436][gc           ] GC(57) Concurrent Cycle 310.857ms
[2020-10-06T06:34:41.758+0000][36436][gc,start     ] GC(58) Pause Young (Concurrent Start) (G1 Humongous Allocation)
[2020-10-06T06:34:41.758+0000][36436][gc,task      ] GC(58) Using 8 workers of 8 for evacuation
[2020-10-06T06:34:41.758+0000][36436][gc,age       ] GC(58) Desired survivor size 32505856 bytes, new threshold 15 (max threshold 15)
[2020-10-06T06:34:41.768+0000][36436][gc,age       ] GC(58) Age table with threshold 15 (max threshold 15)
[2020-10-06T06:34:41.768+0000][36436][gc,age       ] GC(58) - age   1:    3945304 bytes,    3945304 total
[2020-10-06T06:34:41.768+0000][36436][gc,age       ] GC(58) - age   2:      37952 bytes,    3983256 total
[2020-10-06T06:34:41.768+0000][36436][gc,age       ] GC(58) - age   3:      52872 bytes,    4036128 total
[2020-10-06T06:34:41.768+0000][36436][gc,age       ] GC(58) - age   4:      28832 bytes,    4064960 total
[2020-10-06T06:34:41.768+0000][36436][gc,age       ] GC(58) - age   5:      11136 bytes,    4076096 total
[2020-10-06T06:34:41.768+0000][36436][gc,age       ] GC(58) - age   6:       6352 bytes,    4082448 total
[2020-10-06T06:34:41.769+0000][36436][gc,age       ] GC(58) - age   7:     128384 bytes,    4210832 total
[2020-10-06T06:34:41.769+0000][36436][gc,age       ] GC(58) - age   8:     420304 bytes,    4631136 total
[2020-10-06T06:34:41.769+0000][36436][gc,age       ] GC(58) - age   9:       3152 bytes,    4634288 total
[2020-10-06T06:34:41.769+0000][36436][gc,age       ] GC(58) - age  10:       1264 bytes,    4635552 total
[2020-10-06T06:34:41.769+0000][36436][gc,age       ] GC(58) - age  11:      10088 bytes,    4645640 total
[2020-10-06T06:34:41.769+0000][36436][gc,age       ] GC(58) - age  12:      11728 bytes,    4657368 total
[2020-10-06T06:34:41.769+0000][36436][gc,age       ] GC(58) - age  13:       1720 bytes,    4659088 total
[2020-10-06T06:34:41.769+0000][36436][gc,age       ] GC(58) - age  14:       1256 bytes,    4660344 total
[2020-10-06T06:34:41.769+0000][36436][gc,age       ] GC(58) - age  15:       3328 bytes,    4663672 total
[2020-10-06T06:34:41.769+0000][36436][gc,phases    ] GC(58)   Pre Evacuate Collection Set: 0.5ms
[2020-10-06T06:34:41.769+0000][36436][gc,phases    ] GC(58)   Merge Heap Roots: 1.4ms
[2020-10-06T06:34:41.769+0000][36436][gc,phases    ] GC(58)   Evacuate Collection Set: 6.2ms
[2020-10-06T06:34:41.769+0000][36436][gc,phases    ] GC(58)   Post Evacuate Collection Set: 1.6ms
[2020-10-06T06:34:41.769+0000][36436][gc,phases    ] GC(58)   Other: 1.2ms
[2020-10-06T06:34:41.769+0000][36436][gc,heap      ] GC(58) Eden regions: 106->0(493)
[2020-10-06T06:34:41.769+0000][36436][gc,heap      ] GC(58) Survivor regions: 10->5(62)
[2020-10-06T06:34:41.769+0000][36436][gc,heap      ] GC(58) Old regions: 74->74
[2020-10-06T06:34:41.769+0000][36436][gc,heap      ] GC(58) Archive regions: 0->0
[2020-10-06T06:34:41.769+0000][36436][gc,heap      ] GC(58) Humongous regions: 482->174
[2020-10-06T06:34:41.769+0000][36436][gc,metaspace ] GC(58) Metaspace: 83713K(90108K)->83713K(90108K) NonClass: 72827K(76668K)->72827K(76668K) Class: 10885K(13440K)->10885K(13440K)
[2020-10-06T06:34:41.769+0000][36436][gc           ] GC(58) Pause Young (Concurrent Start) (G1 Humongous Allocation) 670M->252M(1024M) 11.345ms
[2020-10-06T06:34:41.769+0000][36436][gc,cpu       ] GC(58) User=0.00s Sys=0.00s Real=0.01s
[2020-10-06T06:34:41.770+0000][36436][safepoint    ] Safepoint "G1TryInitiateConcMark", Time since last: 74945200 ns, Reaching safepoint: 154500 ns, At safepoint: 11550900 ns, Total: 11705400 ns
[2020-10-06T06:34:41.770+0000][36436][gc           ] GC(59) Concurrent Cycle
[2020-10-06T06:34:41.770+0000][36436][gc,marking   ] GC(59) Concurrent Clear Claimed Marks
[2020-10-06T06:34:41.770+0000][36436][gc,marking   ] GC(59) Concurrent Clear Claimed Marks 0.679ms
[2020-10-06T06:34:41.770+0000][36436][gc,marking   ] GC(59) Concurrent Scan Root Regions
[2020-10-06T06:34:41.773+0000][36436][gc,marking   ] GC(59) Concurrent Scan Root Regions 2.947ms
[2020-10-06T06:34:41.774+0000][36436][gc,marking   ] GC(59) Concurrent Mark (8951.972s)
[2020-10-06T06:34:41.774+0000][36436][gc,marking   ] GC(59) Concurrent Mark From Roots
[2020-10-06T06:34:41.774+0000][36436][gc,task      ] GC(59) Using 2 workers of 2 for marking
[2020-10-06T06:34:41.962+0000][36436][gc,marking   ] GC(59) Concurrent Mark From Roots 187.796ms
[2020-10-06T06:34:41.962+0000][36436][gc,marking   ] GC(59) Concurrent Preclean
[2020-10-06T06:34:41.963+0000][36436][gc,marking   ] GC(59) Concurrent Preclean 1.040ms
[2020-10-06T06:34:41.963+0000][36436][gc,marking   ] GC(59) Concurrent Mark (8951.972s, 8952.161s) 189.060ms
[2020-10-06T06:34:41.963+0000][36436][gc,start     ] GC(59) Pause Remark
[2020-10-06T06:34:41.969+0000][36436][gc           ] GC(59) Pause Remark 386M->386M(1024M) 5.789ms
[2020-10-06T06:34:41.969+0000][36436][gc,cpu       ] GC(59) User=0.00s Sys=0.00s Real=0.01s
[2020-10-06T06:34:41.969+0000][36436][safepoint    ] Safepoint "G1Concurrent", Time since last: 193158800 ns, Reaching safepoint: 199200 ns, At safepoint: 6123900 ns, Total: 6323100 ns
[2020-10-06T06:34:41.970+0000][36436][gc,marking   ] GC(59) Concurrent Rebuild Remembered Sets
[2020-10-06T06:34:42.074+0000][36436][gc,marking   ] GC(59) Concurrent Rebuild Remembered Sets 104.319ms
[2020-10-06T06:34:42.074+0000][36436][gc,start     ] GC(59) Pause Cleanup
[2020-10-06T06:34:42.075+0000][36436][gc           ] GC(59) Pause Cleanup 458M->458M(1024M) 0.370ms
[2020-10-06T06:34:42.075+0000][36436][gc,cpu       ] GC(59) User=0.00s Sys=0.00s Real=0.00s
[2020-10-06T06:34:42.075+0000][36436][safepoint    ] Safepoint "G1Concurrent", Time since last: 104545500 ns, Reaching safepoint: 155100 ns, At safepoint: 580800 ns, Total: 735900 ns
[2020-10-06T06:34:42.075+0000][36436][gc,marking   ] GC(59) Concurrent Cleanup for Next Mark
[2020-10-06T06:34:42.077+0000][36436][gc,marking   ] GC(59) Concurrent Cleanup for Next Mark 2.288ms
[2020-10-06T06:34:42.077+0000][36436][gc           ] GC(59) Concurrent Cycle 307.282ms
[2020-10-06T06:34:42.142+0000][36436][gc,start     ] GC(60) Pause Young (Concurrent Start) (G1 Humongous Allocation)
[2020-10-06T06:34:42.142+0000][36436][gc,task      ] GC(60) Using 8 workers of 8 for evacuation
[2020-10-06T06:34:42.142+0000][36436][gc,age       ] GC(60) Desired survivor size 33030144 bytes, new threshold 15 (max threshold 15)
[2020-10-06T06:34:42.147+0000][36436][gc,age       ] GC(60) Age table with threshold 15 (max threshold 15)
[2020-10-06T06:34:42.147+0000][36436][gc,age       ] GC(60) - age   1:    3417856 bytes,    3417856 total
[2020-10-06T06:34:42.147+0000][36436][gc,age       ] GC(60) - age   2:     409512 bytes,    3827368 total
[2020-10-06T06:34:42.147+0000][36436][gc,age       ] GC(60) - age   3:      35344 bytes,    3862712 total
[2020-10-06T06:34:42.147+0000][36436][gc,age       ] GC(60) - age   4:      52392 bytes,    3915104 total
[2020-10-06T06:34:42.147+0000][36436][gc,age       ] GC(60) - age   5:      28384 bytes,    3943488 total
[2020-10-06T06:34:42.147+0000][36436][gc,age       ] GC(60) - age   6:      11136 bytes,    3954624 total
[2020-10-06T06:34:42.147+0000][36436][gc,age       ] GC(60) - age   7:       6288 bytes,    3960912 total
[2020-10-06T06:34:42.147+0000][36436][gc,age       ] GC(60) - age   8:     128384 bytes,    4089296 total
[2020-10-06T06:34:42.147+0000][36436][gc,age       ] GC(60) - age   9:     419968 bytes,    4509264 total
[2020-10-06T06:34:42.147+0000][36436][gc,age       ] GC(60) - age  10:       3152 bytes,    4512416 total
[2020-10-06T06:34:42.147+0000][36436][gc,age       ] GC(60) - age  11:       1072 bytes,    4513488 total
[2020-10-06T06:34:42.147+0000][36436][gc,age       ] GC(60) - age  12:       9896 bytes,    4523384 total
[2020-10-06T06:34:42.147+0000][36436][gc,age       ] GC(60) - age  13:      11576 bytes,    4534960 total
[2020-10-06T06:34:42.148+0000][36436][gc,age       ] GC(60) - age  14:       1720 bytes,    4536680 total
[2020-10-06T06:34:42.148+0000][36436][gc,age       ] GC(60) - age  15:       1256 bytes,    4537936 total
[2020-10-06T06:34:42.148+0000][36436][gc,phases    ] GC(60)   Pre Evacuate Collection Set: 0.5ms
[2020-10-06T06:34:42.148+0000][36436][gc,phases    ] GC(60)   Merge Heap Roots: 0.1ms
[2020-10-06T06:34:42.148+0000][36436][gc,phases    ] GC(60)   Evacuate Collection Set: 2.8ms
[2020-10-06T06:34:42.148+0000][36436][gc,phases    ] GC(60)   Post Evacuate Collection Set: 1.1ms
[2020-10-06T06:34:42.148+0000][36436][gc,phases    ] GC(60)   Other: 1.2ms
[2020-10-06T06:34:42.148+0000][36436][gc,heap      ] GC(60) Eden regions: 61->0(496)
[2020-10-06T06:34:42.148+0000][36436][gc,heap      ] GC(60) Survivor regions: 5->5(63)
[2020-10-06T06:34:42.148+0000][36436][gc,heap      ] GC(60) Old regions: 74->74
[2020-10-06T06:34:42.148+0000][36436][gc,heap      ] GC(60) Archive regions: 0->0
[2020-10-06T06:34:42.148+0000][36436][gc,heap      ] GC(60) Humongous regions: 330->174
[2020-10-06T06:34:42.148+0000][36436][gc,metaspace ] GC(60) Metaspace: 83733K(90108K)->83733K(90108K) NonClass: 72847K(76668K)->72847K(76668K) Class: 10885K(13440K)->10885K(13440K)
[2020-10-06T06:34:42.148+0000][36436][gc           ] GC(60) Pause Young (Concurrent Start) (G1 Humongous Allocation) 469M->252M(1024M) 6.275ms
[2020-10-06T06:34:42.148+0000][36436][gc,cpu       ] GC(60) User=0.03s Sys=0.00s Real=0.01s
[2020-10-06T06:34:42.148+0000][36436][safepoint    ] Safepoint "G1TryInitiateConcMark", Time since last: 67050700 ns, Reaching safepoint: 136500 ns, At safepoint: 6543000 ns, Total: 6679500 ns
[2020-10-06T06:34:42.148+0000][36436][gc           ] GC(61) Concurrent Cycle
[2020-10-06T06:34:42.149+0000][36436][gc,marking   ] GC(61) Concurrent Clear Claimed Marks
[2020-10-06T06:34:42.149+0000][36436][gc,marking   ] GC(61) Concurrent Clear Claimed Marks 0.763ms
[2020-10-06T06:34:42.149+0000][36436][gc,marking   ] GC(61) Concurrent Scan Root Regions
[2020-10-06T06:34:42.153+0000][36436][gc,marking   ] GC(61) Concurrent Scan Root Regions 3.515ms
[2020-10-06T06:34:42.153+0000][36436][gc,marking   ] GC(61) Concurrent Mark (8952.351s)
[2020-10-06T06:34:42.153+0000][36436][gc,marking   ] GC(61) Concurrent Mark From Roots
[2020-10-06T06:34:42.153+0000][36436][gc,task      ] GC(61) Using 2 workers of 2 for marking
[2020-10-06T06:34:42.327+0000][36436][gc,marking   ] GC(61) Concurrent Mark From Roots 174.221ms
[2020-10-06T06:34:42.327+0000][36436][gc,marking   ] GC(61) Concurrent Preclean
[2020-10-06T06:34:42.329+0000][36436][gc,marking   ] GC(61) Concurrent Preclean 1.331ms
[2020-10-06T06:34:42.329+0000][36436][gc,marking   ] GC(61) Concurrent Mark (8952.351s, 8952.527s) 175.854ms
[2020-10-06T06:34:42.329+0000][36436][gc,start     ] GC(61) Pause Remark
[2020-10-06T06:34:42.335+0000][36436][gc           ] GC(61) Pause Remark 324M->324M(1024M) 5.430ms
[2020-10-06T06:34:42.335+0000][36436][gc,cpu       ] GC(61) User=0.11s Sys=0.00s Real=0.01s
[2020-10-06T06:34:42.337+0000][36436][safepoint    ] Safepoint "G1Concurrent", Time since last: 180660000 ns, Reaching safepoint: 247400 ns, At safepoint: 7643600 ns, Total: 7891000 ns
[2020-10-06T06:34:42.337+0000][36436][gc,marking   ] GC(61) Concurrent Rebuild Remembered Sets
[2020-10-06T06:34:42.462+0000][36436][gc,marking   ] GC(61) Concurrent Rebuild Remembered Sets 124.686ms
[2020-10-06T06:34:42.465+0000][36436][gc,start     ] GC(61) Pause Cleanup
[2020-10-06T06:34:42.465+0000][36436][gc           ] GC(61) Pause Cleanup 581M->581M(1024M) 0.777ms
[2020-10-06T06:34:42.466+0000][36436][gc,cpu       ] GC(61) User=0.00s Sys=0.00s Real=0.00s
[2020-10-06T06:34:42.467+0000][36436][safepoint    ] Safepoint "G1Concurrent", Time since last: 124933300 ns, Reaching safepoint: 2848900 ns, At safepoint: 2501800 ns, Total: 5350700 ns
[2020-10-06T06:34:42.467+0000][36436][gc,marking   ] GC(61) Concurrent Cleanup for Next Mark
[2020-10-06T06:34:42.469+0000][36436][gc,marking   ] GC(61) Concurrent Cleanup for Next Mark 1.889ms
[2020-10-06T06:34:42.469+0000][36436][gc           ] GC(61) Concurrent Cycle 321.001ms
[2020-10-06T06:34:42.504+0000][36436][gc,start     ] GC(62) Pause Young (Concurrent Start) (G1 Humongous Allocation)
[2020-10-06T06:34:42.504+0000][36436][gc,task      ] GC(62) Using 8 workers of 8 for evacuation
[2020-10-06T06:34:42.504+0000][36436][gc,age       ] GC(62) Desired survivor size 33030144 bytes, new threshold 15 (max threshold 15)
[2020-10-06T06:34:42.508+0000][36436][gc,age       ] GC(62) Age table with threshold 15 (max threshold 15)
[2020-10-06T06:34:42.509+0000][36436][gc,age       ] GC(62) - age   1:    4065136 bytes,    4065136 total
[2020-10-06T06:34:42.509+0000][36436][gc,age       ] GC(62) - age   2:       2976 bytes,    4068112 total
[2020-10-06T06:34:42.509+0000][36436][gc,age       ] GC(62) - age   3:       3176 bytes,    4071288 total
[2020-10-06T06:34:42.509+0000][36436][gc,age       ] GC(62) - age   4:      34400 bytes,    4105688 total
[2020-10-06T06:34:42.509+0000][36436][gc,age       ] GC(62) - age   5:      52392 bytes,    4158080 total
[2020-10-06T06:34:42.509+0000][36436][gc,age       ] GC(62) - age   6:      28384 bytes,    4186464 total
[2020-10-06T06:34:42.509+0000][36436][gc,age       ] GC(62) - age   7:      11136 bytes,    4197600 total
[2020-10-06T06:34:42.509+0000][36436][gc,age       ] GC(62) - age   8:       6288 bytes,    4203888 total
[2020-10-06T06:34:42.509+0000][36436][gc,age       ] GC(62) - age   9:     128384 bytes,    4332272 total
[2020-10-06T06:34:42.509+0000][36436][gc,age       ] GC(62) - age  10:     419968 bytes,    4752240 total
[2020-10-06T06:34:42.509+0000][36436][gc,age       ] GC(62) - age  11:       3152 bytes,    4755392 total
[2020-10-06T06:34:42.509+0000][36436][gc,age       ] GC(62) - age  12:       1072 bytes,    4756464 total
[2020-10-06T06:34:42.509+0000][36436][gc,age       ] GC(62) - age  13:       9896 bytes,    4766360 total
[2020-10-06T06:34:42.509+0000][36436][gc,age       ] GC(62) - age  14:      11576 bytes,    4777936 total
[2020-10-06T06:34:42.509+0000][36436][gc,age       ] GC(62) - age  15:       1720 bytes,    4779656 total
[2020-10-06T06:34:42.509+0000][36436][gc,phases    ] GC(62)   Pre Evacuate Collection Set: 0.5ms
[2020-10-06T06:34:42.509+0000][36436][gc,phases    ] GC(62)   Merge Heap Roots: 0.1ms
[2020-10-06T06:34:42.509+0000][36436][gc,phases    ] GC(62)   Evacuate Collection Set: 2.6ms
[2020-10-06T06:34:42.509+0000][36436][gc,phases    ] GC(62)   Post Evacuate Collection Set: 1.1ms
[2020-10-06T06:34:42.510+0000][36436][gc,phases    ] GC(62)   Other: 1.3ms
[2020-10-06T06:34:42.510+0000][36436][gc,heap      ] GC(62) Eden regions: 88->0(496)
[2020-10-06T06:34:42.510+0000][36436][gc,heap      ] GC(62) Survivor regions: 5->5(63)
[2020-10-06T06:34:42.510+0000][36436][gc,heap      ] GC(62) Old regions: 74->74
[2020-10-06T06:34:42.510+0000][36436][gc,heap      ] GC(62) Archive regions: 0->0
[2020-10-06T06:34:42.510+0000][36436][gc,heap      ] GC(62) Humongous regions: 426->174
[2020-10-06T06:34:42.510+0000][36436][gc,metaspace ] GC(62) Metaspace: 83758K(90108K)->83758K(90108K) NonClass: 72872K(76668K)->72872K(76668K) Class: 10885K(13440K)->10885K(13440K)
[2020-10-06T06:34:42.510+0000][36436][gc           ] GC(62) Pause Young (Concurrent Start) (G1 Humongous Allocation) 591M->252M(1024M) 6.163ms
[2020-10-06T06:34:42.510+0000][36436][gc,cpu       ] GC(62) User=0.11s Sys=0.00s Real=0.01s
[2020-10-06T06:34:42.510+0000][36436][gc           ] GC(63) Concurrent Cycle
[2020-10-06T06:34:42.510+0000][36436][safepoint    ] Safepoint "G1TryInitiateConcMark", Time since last: 33406100 ns, Reaching safepoint: 3120800 ns, At safepoint: 6424500 ns, Total: 9545300 ns
[2020-10-06T06:34:42.510+0000][36436][gc,marking   ] GC(63) Concurrent Clear Claimed Marks
[2020-10-06T06:34:42.511+0000][36436][gc,marking   ] GC(63) Concurrent Clear Claimed Marks 0.602ms
[2020-10-06T06:34:42.511+0000][36436][gc,marking   ] GC(63) Concurrent Scan Root Regions
[2020-10-06T06:34:42.515+0000][36436][gc,marking   ] GC(63) Concurrent Scan Root Regions 4.190ms
[2020-10-06T06:34:42.515+0000][36436][gc,marking   ] GC(63) Concurrent Mark (8952.713s)
[2020-10-06T06:34:42.515+0000][36436][gc,marking   ] GC(63) Concurrent Mark From Roots
[2020-10-06T06:34:42.515+0000][36436][gc,task      ] GC(63) Using 2 workers of 2 for marking
[2020-10-06T06:34:42.695+0000][36436][gc,marking   ] GC(63) Concurrent Mark From Roots 179.415ms
[2020-10-06T06:34:42.695+0000][36436][gc,marking   ] GC(63) Concurrent Preclean
[2020-10-06T06:34:42.696+0000][36436][gc,marking   ] GC(63) Concurrent Preclean 0.883ms
[2020-10-06T06:34:42.696+0000][36436][gc,marking   ] GC(63) Concurrent Mark (8952.713s, 8952.893s) 180.518ms
[2020-10-06T06:34:42.696+0000][36436][gc,start     ] GC(63) Pause Remark
[2020-10-06T06:34:42.701+0000][36436][gc           ] GC(63) Pause Remark 329M->329M(1024M) 5.391ms
[2020-10-06T06:34:42.702+0000][36436][gc,cpu       ] GC(63) User=0.00s Sys=0.00s Real=0.01s
[2020-10-06T06:34:42.702+0000][36436][safepoint    ] Safepoint "G1Concurrent", Time since last: 185718900 ns, Reaching safepoint: 160900 ns, At safepoint: 5873000 ns, Total: 6033900 ns
[2020-10-06T06:34:42.702+0000][36436][gc,marking   ] GC(63) Concurrent Rebuild Remembered Sets
[2020-10-06T06:34:42.792+0000][36436][gc,marking   ] GC(63) Concurrent Rebuild Remembered Sets 89.561ms
[2020-10-06T06:34:42.792+0000][36436][gc,start     ] GC(63) Pause Cleanup
[2020-10-06T06:34:42.792+0000][36436][gc           ] GC(63) Pause Cleanup 436M->436M(1024M) 0.400ms
[2020-10-06T06:34:42.792+0000][36436][gc,cpu       ] GC(63) User=0.00s Sys=0.00s Real=0.00s
[2020-10-06T06:34:42.793+0000][36436][safepoint    ] Safepoint "G1Concurrent", Time since last: 89904000 ns, Reaching safepoint: 229500 ns, At safepoint: 586700 ns, Total: 816200 ns
[2020-10-06T06:34:42.793+0000][36436][gc,marking   ] GC(63) Concurrent Cleanup for Next Mark
[2020-10-06T06:34:42.795+0000][36436][gc,marking   ] GC(63) Concurrent Cleanup for Next Mark 2.247ms
[2020-10-06T06:34:42.795+0000][36436][gc           ] GC(63) Concurrent Cycle 284.976ms
[2020-10-06T06:34:42.795+0000][36436][gc,start     ] GC(64) Pause Young (Concurrent Start) (G1 Humongous Allocation)
[2020-10-06T06:34:42.795+0000][36436][gc,task      ] GC(64) Using 8 workers of 8 for evacuation
[2020-10-06T06:34:42.796+0000][36436][gc,age       ] GC(64) Desired survivor size 33030144 bytes, new threshold 15 (max threshold 15)
[2020-10-06T06:34:42.800+0000][36436][gc,age       ] GC(64) Age table with threshold 15 (max threshold 15)
[2020-10-06T06:34:42.800+0000][36436][gc,age       ] GC(64) - age   1:    2249304 bytes,    2249304 total
[2020-10-06T06:34:42.800+0000][36436][gc,age       ] GC(64) - age   2:     213136 bytes,    2462440 total
[2020-10-06T06:34:42.800+0000][36436][gc,age       ] GC(64) - age   3:       2592 bytes,    2465032 total
[2020-10-06T06:34:42.800+0000][36436][gc,age       ] GC(64) - age   4:       2272 bytes,    2467304 total
[2020-10-06T06:34:42.801+0000][36436][gc,age       ] GC(64) - age   5:      34336 bytes,    2501640 total
[2020-10-06T06:34:42.801+0000][36436][gc,age       ] GC(64) - age   6:      52072 bytes,    2553712 total
[2020-10-06T06:34:42.801+0000][36436][gc,age       ] GC(64) - age   7:      28384 bytes,    2582096 total
[2020-10-06T06:34:42.801+0000][36436][gc,age       ] GC(64) - age   8:      11008 bytes,    2593104 total
[2020-10-06T06:34:42.801+0000][36436][gc,age       ] GC(64) - age   9:       6288 bytes,    2599392 total
[2020-10-06T06:34:42.801+0000][36436][gc,age       ] GC(64) - age  10:     128384 bytes,    2727776 total
[2020-10-06T06:34:42.801+0000][36436][gc,age       ] GC(64) - age  11:     419912 bytes,    3147688 total
[2020-10-06T06:34:42.801+0000][36436][gc,age       ] GC(64) - age  12:       3088 bytes,    3150776 total
[2020-10-06T06:34:42.801+0000][36436][gc,age       ] GC(64) - age  13:       1072 bytes,    3151848 total
[2020-10-06T06:34:42.801+0000][36436][gc,age       ] GC(64) - age  14:       9896 bytes,    3161744 total
[2020-10-06T06:34:42.801+0000][36436][gc,age       ] GC(64) - age  15:      11576 bytes,    3173320 total
[2020-10-06T06:34:42.801+0000][36436][gc,phases    ] GC(64)   Pre Evacuate Collection Set: 0.4ms
[2020-10-06T06:34:42.801+0000][36436][gc,phases    ] GC(64)   Merge Heap Roots: 0.1ms
[2020-10-06T06:34:42.801+0000][36436][gc,phases    ] GC(64)   Evacuate Collection Set: 3.1ms
[2020-10-06T06:34:42.801+0000][36436][gc,phases    ] GC(64)   Post Evacuate Collection Set: 0.9ms
[2020-10-06T06:34:42.801+0000][36436][gc,phases    ] GC(64)   Other: 1.1ms
[2020-10-06T06:34:42.801+0000][36436][gc,heap      ] GC(64) Eden regions: 53->0(481)
[2020-10-06T06:34:42.801+0000][36436][gc,heap      ] GC(64) Survivor regions: 5->4(63)
[2020-10-06T06:34:42.801+0000][36436][gc,heap      ] GC(64) Old regions: 74->74
[2020-10-06T06:34:42.801+0000][36436][gc,heap      ] GC(64) Archive regions: 0->0
[2020-10-06T06:34:42.801+0000][36436][gc,heap      ] GC(64) Humongous regions: 324->174
[2020-10-06T06:34:42.801+0000][36436][gc,metaspace ] GC(64) Metaspace: 83777K(90108K)->83777K(90108K) NonClass: 72891K(76668K)->72891K(76668K) Class: 10886K(13440K)->10886K(13440K)
[2020-10-06T06:34:42.801+0000][36436][gc           ] GC(64) Pause Young (Concurrent Start) (G1 Humongous Allocation) 455M->251M(1024M) 6.015ms
[2020-10-06T06:34:42.802+0000][36436][gc,cpu       ] GC(64) User=0.00s Sys=0.00s Real=0.01s
[2020-10-06T06:34:42.802+0000][36436][gc           ] GC(65) Concurrent Cycle
[2020-10-06T06:34:42.802+0000][36436][safepoint    ] Safepoint "G1TryInitiateConcMark", Time since last: 2531000 ns, Reaching safepoint: 271000 ns, At safepoint: 6222900 ns, Total: 6493900 ns
[2020-10-06T06:34:42.802+0000][36436][gc,marking   ] GC(65) Concurrent Clear Claimed Marks
[2020-10-06T06:34:42.802+0000][36436][gc,marking   ] GC(65) Concurrent Clear Claimed Marks 0.385ms
[2020-10-06T06:34:42.802+0000][36436][gc,marking   ] GC(65) Concurrent Scan Root Regions
[2020-10-06T06:34:42.804+0000][36436][gc,marking   ] GC(65) Concurrent Scan Root Regions 2.336ms
[2020-10-06T06:34:42.805+0000][36436][gc,marking   ] GC(65) Concurrent Mark (8953.002s)
[2020-10-06T06:34:42.805+0000][36436][gc,marking   ] GC(65) Concurrent Mark From Roots
[2020-10-06T06:34:42.805+0000][36436][gc,task      ] GC(65) Using 2 workers of 2 for marking
[2020-10-06T06:34:42.949+0000][36436][gc,marking   ] GC(65) Concurrent Mark From Roots 144.402ms
[2020-10-06T06:34:42.949+0000][36436][gc,marking   ] GC(65) Concurrent Preclean
[2020-10-06T06:34:42.950+0000][36436][gc,marking   ] GC(65) Concurrent Preclean 0.997ms
[2020-10-06T06:34:42.950+0000][36436][gc,marking   ] GC(65) Concurrent Mark (8953.002s, 8953.148s) 145.706ms
[2020-10-06T06:34:42.951+0000][36436][gc,start     ] GC(65) Pause Remark
[2020-10-06T06:34:42.957+0000][36436][gc           ] GC(65) Pause Remark 398M->398M(1024M) 5.781ms
[2020-10-06T06:34:42.957+0000][36436][gc,cpu       ] GC(65) User=0.00s Sys=0.00s Real=0.01s
[2020-10-06T06:34:42.957+0000][36436][safepoint    ] Safepoint "G1Concurrent", Time since last: 148759500 ns, Reaching safepoint: 377900 ns, At safepoint: 6036100 ns, Total: 6414000 ns
[2020-10-06T06:34:42.957+0000][36436][gc,marking   ] GC(65) Concurrent Rebuild Remembered Sets
[2020-10-06T06:34:43.048+0000][36436][gc,marking   ] GC(65) Concurrent Rebuild Remembered Sets 91.095ms
[2020-10-06T06:34:43.048+0000][36436][gc,start     ] GC(65) Pause Cleanup
[2020-10-06T06:34:43.049+0000][36436][gc           ] GC(65) Pause Cleanup 474M->474M(1024M) 0.359ms
[2020-10-06T06:34:43.049+0000][36436][gc,cpu       ] GC(65) User=0.00s Sys=0.00s Real=0.00s
[2020-10-06T06:34:43.049+0000][36436][safepoint    ] Safepoint "G1Concurrent", Time since last: 91340200 ns, Reaching safepoint: 222200 ns, At safepoint: 549700 ns, Total: 771900 ns
[2020-10-06T06:34:43.049+0000][36436][gc,marking   ] GC(65) Concurrent Cleanup for Next Mark
[2020-10-06T06:34:43.051+0000][36436][gc,marking   ] GC(65) Concurrent Cleanup for Next Mark 1.818ms
[2020-10-06T06:34:43.051+0000][36436][gc           ] GC(65) Concurrent Cycle 249.348ms
[2020-10-06T06:34:43.430+0000][36436][gc,start     ] GC(66) Pause Young (Concurrent Start) (G1 Humongous Allocation)
[2020-10-06T06:34:43.430+0000][36436][gc,task      ] GC(66) Using 8 workers of 8 for evacuation
[2020-10-06T06:34:43.430+0000][36436][gc,age       ] GC(66) Desired survivor size 31981568 bytes, new threshold 15 (max threshold 15)
[2020-10-06T06:34:43.434+0000][36436][gc,age       ] GC(66) Age table with threshold 15 (max threshold 15)
[2020-10-06T06:34:43.434+0000][36436][gc,age       ] GC(66) - age   1:    2837528 bytes,    2837528 total
[2020-10-06T06:34:43.434+0000][36436][gc,age       ] GC(66) - age   2:       3472 bytes,    2841000 total
[2020-10-06T06:34:43.434+0000][36436][gc,age       ] GC(66) - age   3:       3016 bytes,    2844016 total
[2020-10-06T06:34:43.434+0000][36436][gc,age       ] GC(66) - age   4:       2040 bytes,    2846056 total
[2020-10-06T06:34:43.434+0000][36436][gc,age       ] GC(66) - age   5:       1952 bytes,    2848008 total
[2020-10-06T06:34:43.434+0000][36436][gc,age       ] GC(66) - age   6:      34144 bytes,    2882152 total
[2020-10-06T06:34:43.434+0000][36436][gc,age       ] GC(66) - age   7:      51944 bytes,    2934096 total
[2020-10-06T06:34:43.434+0000][36436][gc,age       ] GC(66) - age   8:      28224 bytes,    2962320 total
[2020-10-06T06:34:43.434+0000][36436][gc,age       ] GC(66) - age   9:      10560 bytes,    2972880 total
[2020-10-06T06:34:43.434+0000][36436][gc,age       ] GC(66) - age  10:       6288 bytes,    2979168 total
[2020-10-06T06:34:43.434+0000][36436][gc,age       ] GC(66) - age  11:     128256 bytes,    3107424 total
[2020-10-06T06:34:43.434+0000][36436][gc,age       ] GC(66) - age  12:     419896 bytes,    3527320 total
[2020-10-06T06:34:43.434+0000][36436][gc,age       ] GC(66) - age  13:       3088 bytes,    3530408 total
[2020-10-06T06:34:43.434+0000][36436][gc,age       ] GC(66) - age  14:       1072 bytes,    3531480 total
[2020-10-06T06:34:43.434+0000][36436][gc,age       ] GC(66) - age  15:       9896 bytes,    3541376 total
[2020-10-06T06:34:43.434+0000][36436][gc,phases    ] GC(66)   Pre Evacuate Collection Set: 0.5ms
[2020-10-06T06:34:43.435+0000][36436][gc,phases    ] GC(66)   Merge Heap Roots: 0.1ms
[2020-10-06T06:34:43.435+0000][36436][gc,phases    ] GC(66)   Evacuate Collection Set: 2.2ms
[2020-10-06T06:34:43.435+0000][36436][gc,phases    ] GC(66)   Post Evacuate Collection Set: 0.9ms
[2020-10-06T06:34:43.435+0000][36436][gc,phases    ] GC(66)   Other: 0.9ms
[2020-10-06T06:34:43.435+0000][36436][gc,heap      ] GC(66) Eden regions: 84->0(486)
[2020-10-06T06:34:43.435+0000][36436][gc,heap      ] GC(66) Survivor regions: 4->4(61)
[2020-10-06T06:34:43.435+0000][36436][gc,heap      ] GC(66) Old regions: 74->74
[2020-10-06T06:34:43.435+0000][36436][gc,heap      ] GC(66) Archive regions: 0->0
[2020-10-06T06:34:43.435+0000][36436][gc,heap      ] GC(66) Humongous regions: 332->174
[2020-10-06T06:34:43.435+0000][36436][gc,metaspace ] GC(66) Metaspace: 84154K(90364K)->84154K(90364K) NonClass: 73213K(76924K)->73213K(76924K) Class: 10941K(13440K)->10941K(13440K)
[2020-10-06T06:34:43.435+0000][36436][gc           ] GC(66) Pause Young (Concurrent Start) (G1 Humongous Allocation) 492M->251M(1024M) 4.938ms
[2020-10-06T06:34:43.435+0000][36436][gc,cpu       ] GC(66) User=0.00s Sys=0.00s Real=0.00s
[2020-10-06T06:34:43.435+0000][36436][gc           ] GC(67) Concurrent Cycle
[2020-10-06T06:34:43.435+0000][36436][safepoint    ] Safepoint "G1TryInitiateConcMark", Time since last: 380973400 ns, Reaching safepoint: 254200 ns, At safepoint: 5171700 ns, Total: 5425900 ns
[2020-10-06T06:34:43.435+0000][36436][gc,marking   ] GC(67) Concurrent Clear Claimed Marks
[2020-10-06T06:34:43.435+0000][36436][gc,marking   ] GC(67) Concurrent Clear Claimed Marks 0.438ms
[2020-10-06T06:34:43.436+0000][36436][gc,marking   ] GC(67) Concurrent Scan Root Regions
[2020-10-06T06:34:43.437+0000][36436][gc,marking   ] GC(67) Concurrent Scan Root Regions 1.769ms
[2020-10-06T06:34:43.437+0000][36436][gc,marking   ] GC(67) Concurrent Mark (8953.636s)
[2020-10-06T06:34:43.438+0000][36436][gc,marking   ] GC(67) Concurrent Mark From Roots
[2020-10-06T06:34:43.438+0000][36436][gc,task      ] GC(67) Using 2 workers of 2 for marking
[2020-10-06T06:34:43.557+0000][36436][gc,marking   ] GC(67) Concurrent Mark From Roots 120.200ms
[2020-10-06T06:34:43.558+0000][36436][gc,marking   ] GC(67) Concurrent Preclean
[2020-10-06T06:34:43.558+0000][36436][gc,marking   ] GC(67) Concurrent Preclean 0.817ms
[2020-10-06T06:34:43.558+0000][36436][gc,marking   ] GC(67) Concurrent Mark (8953.636s, 8953.757s) 121.241ms
[2020-10-06T06:34:43.559+0000][36436][gc,start     ] GC(67) Pause Remark
[2020-10-06T06:34:43.564+0000][36436][gc           ] GC(67) Pause Remark 446M->446M(1024M) 5.617ms
[2020-10-06T06:34:43.564+0000][36436][gc,cpu       ] GC(67) User=0.00s Sys=0.00s Real=0.00s
[2020-10-06T06:34:43.564+0000][36436][safepoint    ] Safepoint "G1Concurrent", Time since last: 123797100 ns, Reaching safepoint: 154400 ns, At safepoint: 5830200 ns, Total: 5984600 ns
[2020-10-06T06:34:43.565+0000][36436][gc,marking   ] GC(67) Concurrent Rebuild Remembered Sets
[2020-10-06T06:34:43.640+0000][36436][gc,marking   ] GC(67) Concurrent Rebuild Remembered Sets 75.341ms
[2020-10-06T06:34:43.641+0000][36436][gc,start     ] GC(67) Pause Cleanup
[2020-10-06T06:34:43.641+0000][36436][gc           ] GC(67) Pause Cleanup 525M->525M(1024M) 0.304ms
[2020-10-06T06:34:43.641+0000][36436][gc,cpu       ] GC(67) User=0.00s Sys=0.00s Real=0.00s
[2020-10-06T06:34:43.642+0000][36436][safepoint    ] Safepoint "G1Concurrent", Time since last: 75657900 ns, Reaching safepoint: 437000 ns, At safepoint: 485100 ns, Total: 922100 ns
[2020-10-06T06:34:43.642+0000][36436][gc,marking   ] GC(67) Concurrent Cleanup for Next Mark
[2020-10-06T06:34:43.643+0000][36436][gc,marking   ] GC(67) Concurrent Cleanup for Next Mark 1.855ms
[2020-10-06T06:34:43.644+0000][36436][gc           ] GC(67) Concurrent Cycle 208.461ms
[2020-10-06T06:34:43.660+0000][36436][gc,start     ] GC(68) Pause Young (Concurrent Start) (G1 Humongous Allocation)
[2020-10-06T06:34:43.660+0000][36436][gc,task      ] GC(68) Using 8 workers of 8 for evacuation
[2020-10-06T06:34:43.660+0000][36436][gc,age       ] GC(68) Desired survivor size 32505856 bytes, new threshold 15 (max threshold 15)
[2020-10-06T06:34:43.665+0000][36436][gc,age       ] GC(68) Age table with threshold 15 (max threshold 15)
[2020-10-06T06:34:43.665+0000][36436][gc,age       ] GC(68) - age   1:    3078280 bytes,    3078280 total
[2020-10-06T06:34:43.665+0000][36436][gc,age       ] GC(68) - age   2:     165448 bytes,    3243728 total
[2020-10-06T06:34:43.665+0000][36436][gc,age       ] GC(68) - age   3:       2760 bytes,    3246488 total
[2020-10-06T06:34:43.665+0000][36436][gc,age       ] GC(68) - age   4:       1776 bytes,    3248264 total
[2020-10-06T06:34:43.665+0000][36436][gc,age       ] GC(68) - age   5:       1560 bytes,    3249824 total
[2020-10-06T06:34:43.665+0000][36436][gc,age       ] GC(68) - age   6:       1920 bytes,    3251744 total
[2020-10-06T06:34:43.665+0000][36436][gc,age       ] GC(68) - age   7:      34080 bytes,    3285824 total
[2020-10-06T06:34:43.665+0000][36436][gc,age       ] GC(68) - age   8:      51944 bytes,    3337768 total
[2020-10-06T06:34:43.665+0000][36436][gc,age       ] GC(68) - age   9:      28224 bytes,    3365992 total
[2020-10-06T06:34:43.665+0000][36436][gc,age       ] GC(68) - age  10:      10560 bytes,    3376552 total
[2020-10-06T06:34:43.665+0000][36436][gc,age       ] GC(68) - age  11:       6288 bytes,    3382840 total
[2020-10-06T06:34:43.665+0000][36436][gc,age       ] GC(68) - age  12:     128192 bytes,    3511032 total
[2020-10-06T06:34:43.665+0000][36436][gc,age       ] GC(68) - age  13:     419864 bytes,    3930896 total
[2020-10-06T06:34:43.665+0000][36436][gc,age       ] GC(68) - age  14:       3088 bytes,    3933984 total
[2020-10-06T06:34:43.665+0000][36436][gc,age       ] GC(68) - age  15:       1072 bytes,    3935056 total
[2020-10-06T06:34:43.665+0000][36436][gc,phases    ] GC(68)   Pre Evacuate Collection Set: 0.4ms
[2020-10-06T06:34:43.665+0000][36436][gc,phases    ] GC(68)   Merge Heap Roots: 0.1ms
[2020-10-06T06:34:43.666+0000][36436][gc,phases    ] GC(68)   Evacuate Collection Set: 2.7ms
[2020-10-06T06:34:43.666+0000][36436][gc,phases    ] GC(68)   Post Evacuate Collection Set: 1.2ms
[2020-10-06T06:34:43.666+0000][36436][gc,phases    ] GC(68)   Other: 1.2ms
[2020-10-06T06:34:43.666+0000][36436][gc,heap      ] GC(68) Eden regions: 80->0(491)
[2020-10-06T06:34:43.666+0000][36436][gc,heap      ] GC(68) Survivor regions: 4->4(62)
[2020-10-06T06:34:43.666+0000][36436][gc,heap      ] GC(68) Old regions: 74->74
[2020-10-06T06:34:43.666+0000][36436][gc,heap      ] GC(68) Archive regions: 0->0
[2020-10-06T06:34:43.666+0000][36436][gc,heap      ] GC(68) Humongous regions: 374->174
[2020-10-06T06:34:43.666+0000][36436][gc,metaspace ] GC(68) Metaspace: 84181K(90364K)->84181K(90364K) NonClass: 73240K(76924K)->73240K(76924K) Class: 10941K(13440K)->10941K(13440K)
[2020-10-06T06:34:43.666+0000][36436][gc           ] GC(68) Pause Young (Concurrent Start) (G1 Humongous Allocation) 530M->251M(1024M) 5.982ms
[2020-10-06T06:34:43.666+0000][36436][gc,cpu       ] GC(68) User=0.11s Sys=0.00s Real=0.01s
[2020-10-06T06:34:43.666+0000][36436][gc           ] GC(69) Concurrent Cycle
[2020-10-06T06:34:43.666+0000][36436][safepoint    ] Safepoint "G1TryInitiateConcMark", Time since last: 18217200 ns, Reaching safepoint: 130400 ns, At safepoint: 6188400 ns, Total: 6318800 ns
[2020-10-06T06:34:43.666+0000][36436][gc,marking   ] GC(69) Concurrent Clear Claimed Marks
[2020-10-06T06:34:43.667+0000][36436][gc,marking   ] GC(69) Concurrent Clear Claimed Marks 0.515ms
[2020-10-06T06:34:43.667+0000][36436][gc,marking   ] GC(69) Concurrent Scan Root Regions
[2020-10-06T06:34:43.669+0000][36436][gc,marking   ] GC(69) Concurrent Scan Root Regions 2.344ms
[2020-10-06T06:34:43.669+0000][36436][gc,marking   ] GC(69) Concurrent Mark (8953.867s)
[2020-10-06T06:34:43.669+0000][36436][gc,marking   ] GC(69) Concurrent Mark From Roots
[2020-10-06T06:34:43.669+0000][36436][gc,task      ] GC(69) Using 2 workers of 2 for marking
[2020-10-06T06:34:43.804+0000][36436][gc,marking   ] GC(69) Concurrent Mark From Roots 134.761ms
[2020-10-06T06:34:43.804+0000][36436][gc,marking   ] GC(69) Concurrent Preclean
[2020-10-06T06:34:43.805+0000][36436][gc,marking   ] GC(69) Concurrent Preclean 0.754ms
[2020-10-06T06:34:43.805+0000][36436][gc,marking   ] GC(69) Concurrent Mark (8953.867s, 8954.003s) 135.689ms
[2020-10-06T06:34:43.805+0000][36436][gc,start     ] GC(69) Pause Remark
[2020-10-06T06:34:43.811+0000][36436][gc           ] GC(69) Pause Remark 445M->445M(1024M) 5.478ms
[2020-10-06T06:34:43.811+0000][36436][gc,cpu       ] GC(69) User=0.00s Sys=0.00s Real=0.01s
[2020-10-06T06:34:43.811+0000][36436][safepoint    ] Safepoint "G1Concurrent", Time since last: 138922300 ns, Reaching safepoint: 210500 ns, At safepoint: 5715700 ns, Total: 5926200 ns
[2020-10-06T06:34:43.811+0000][36436][gc,marking   ] GC(69) Concurrent Rebuild Remembered Sets
[2020-10-06T06:34:43.899+0000][36436][gc,marking   ] GC(69) Concurrent Rebuild Remembered Sets 88.435ms
[2020-10-06T06:34:43.899+0000][36436][gc,start     ] GC(69) Pause Cleanup
[2020-10-06T06:34:43.900+0000][36436][gc           ] GC(69) Pause Cleanup 521M->521M(1024M) 0.461ms
[2020-10-06T06:34:43.900+0000][36436][gc,cpu       ] GC(69) User=0.00s Sys=0.00s Real=0.00s
[2020-10-06T06:34:43.900+0000][36436][safepoint    ] Safepoint "G1Concurrent", Time since last: 88643600 ns, Reaching safepoint: 169200 ns, At safepoint: 800300 ns, Total: 969500 ns
[2020-10-06T06:34:43.900+0000][36436][gc,marking   ] GC(69) Concurrent Cleanup for Next Mark
[2020-10-06T06:34:43.903+0000][36436][gc,marking   ] GC(69) Concurrent Cleanup for Next Mark 2.619ms
[2020-10-06T06:34:43.903+0000][36436][gc           ] GC(69) Concurrent Cycle 237.282ms
[2020-10-06T06:34:43.938+0000][36436][gc,start     ] GC(70) Pause Young (Concurrent Start) (G1 Humongous Allocation)
[2020-10-06T06:34:43.938+0000][36436][gc,task      ] GC(70) Using 8 workers of 8 for evacuation
[2020-10-06T06:34:43.938+0000][36436][gc,age       ] GC(70) Desired survivor size 32505856 bytes, new threshold 15 (max threshold 15)
[2020-10-06T06:34:43.942+0000][36436][gc,age       ] GC(70) Age table with threshold 15 (max threshold 15)
[2020-10-06T06:34:43.942+0000][36436][gc,age       ] GC(70) - age   1:    3087016 bytes,    3087016 total
[2020-10-06T06:34:43.943+0000][36436][gc,age       ] GC(70) - age   2:     414608 bytes,    3501624 total
[2020-10-06T06:34:43.943+0000][36436][gc,age       ] GC(70) - age   3:     159040 bytes,    3660664 total
[2020-10-06T06:34:43.943+0000][36436][gc,age       ] GC(70) - age   4:       2048 bytes,    3662712 total
[2020-10-06T06:34:43.943+0000][36436][gc,age       ] GC(70) - age   5:       1776 bytes,    3664488 total
[2020-10-06T06:34:43.943+0000][36436][gc,age       ] GC(70) - age   6:       1336 bytes,    3665824 total
[2020-10-06T06:34:43.943+0000][36436][gc,age       ] GC(70) - age   7:       1920 bytes,    3667744 total
[2020-10-06T06:34:43.943+0000][36436][gc,age       ] GC(70) - age   8:      34080 bytes,    3701824 total
[2020-10-06T06:34:43.943+0000][36436][gc,age       ] GC(70) - age   9:      51816 bytes,    3753640 total
[2020-10-06T06:34:43.943+0000][36436][gc,age       ] GC(70) - age  10:      28224 bytes,    3781864 total
[2020-10-06T06:34:43.943+0000][36436][gc,age       ] GC(70) - age  11:      10560 bytes,    3792424 total
[2020-10-06T06:34:43.943+0000][36436][gc,age       ] GC(70) - age  12:       6288 bytes,    3798712 total
[2020-10-06T06:34:43.943+0000][36436][gc,age       ] GC(70) - age  13:     128192 bytes,    3926904 total
[2020-10-06T06:34:43.943+0000][36436][gc,age       ] GC(70) - age  14:     419864 bytes,    4346768 total
[2020-10-06T06:34:43.943+0000][36436][gc,age       ] GC(70) - age  15:       3088 bytes,    4349856 total
[2020-10-06T06:34:43.943+0000][36436][gc,phases    ] GC(70)   Pre Evacuate Collection Set: 0.5ms
[2020-10-06T06:34:43.943+0000][36436][gc,phases    ] GC(70)   Merge Heap Roots: 0.1ms
[2020-10-06T06:34:43.943+0000][36436][gc,phases    ] GC(70)   Evacuate Collection Set: 2.7ms
[2020-10-06T06:34:43.943+0000][36436][gc,phases    ] GC(70)   Post Evacuate Collection Set: 1.0ms
[2020-10-06T06:34:43.943+0000][36436][gc,phases    ] GC(70)   Other: 1.1ms
[2020-10-06T06:34:43.943+0000][36436][gc,heap      ] GC(70) Eden regions: 79->0(494)
[2020-10-06T06:34:43.943+0000][36436][gc,heap      ] GC(70) Survivor regions: 4->5(62)
[2020-10-06T06:34:43.943+0000][36436][gc,heap      ] GC(70) Old regions: 74->74
[2020-10-06T06:34:43.943+0000][36436][gc,heap      ] GC(70) Archive regions: 0->0
[2020-10-06T06:34:43.943+0000][36436][gc,heap      ] GC(70) Humongous regions: 374->174
[2020-10-06T06:34:43.943+0000][36436][gc,metaspace ] GC(70) Metaspace: 84210K(90620K)->84210K(90620K) NonClass: 73269K(77180K)->73269K(77180K) Class: 10941K(13440K)->10941K(13440K)
[2020-10-06T06:34:43.943+0000][36436][gc           ] GC(70) Pause Young (Concurrent Start) (G1 Humongous Allocation) 530M->252M(1024M) 5.716ms
[2020-10-06T06:34:43.944+0000][36436][gc,cpu       ] GC(70) User=0.05s Sys=0.00s Real=0.01s
[2020-10-06T06:34:43.944+0000][36436][gc           ] GC(71) Concurrent Cycle
[2020-10-06T06:34:43.944+0000][36436][safepoint    ] Safepoint "G1TryInitiateConcMark", Time since last: 37258500 ns, Reaching safepoint: 164100 ns, At safepoint: 5949000 ns, Total: 6113100 ns
[2020-10-06T06:34:43.944+0000][36436][gc,marking   ] GC(71) Concurrent Clear Claimed Marks
[2020-10-06T06:34:43.944+0000][36436][gc,marking   ] GC(71) Concurrent Clear Claimed Marks 0.549ms
[2020-10-06T06:34:43.944+0000][36436][gc,marking   ] GC(71) Concurrent Scan Root Regions
[2020-10-06T06:34:43.948+0000][36436][gc,marking   ] GC(71) Concurrent Scan Root Regions 3.392ms
[2020-10-06T06:34:43.948+0000][36436][gc,marking   ] GC(71) Concurrent Mark (8954.146s)
[2020-10-06T06:34:43.948+0000][36436][gc,marking   ] GC(71) Concurrent Mark From Roots
[2020-10-06T06:34:43.948+0000][36436][gc,task      ] GC(71) Using 2 workers of 2 for marking
[2020-10-06T06:34:44.110+0000][36436][gc,marking   ] GC(71) Concurrent Mark From Roots 161.796ms
[2020-10-06T06:34:44.110+0000][36436][gc,marking   ] GC(71) Concurrent Preclean
[2020-10-06T06:34:44.111+0000][36436][gc,marking   ] GC(71) Concurrent Preclean 0.893ms
[2020-10-06T06:34:44.111+0000][36436][gc,marking   ] GC(71) Concurrent Mark (8954.146s, 8954.309s) 162.919ms
[2020-10-06T06:34:44.111+0000][36436][gc,start     ] GC(71) Pause Remark
[2020-10-06T06:34:44.117+0000][36436][gc           ] GC(71) Pause Remark 387M->387M(1024M) 6.224ms
[2020-10-06T06:34:44.117+0000][36436][gc,cpu       ] GC(71) User=0.08s Sys=0.00s Real=0.01s
[2020-10-06T06:34:44.118+0000][36436][safepoint    ] Safepoint "G1Concurrent", Time since last: 167222600 ns, Reaching safepoint: 193900 ns, At safepoint: 6594500 ns, Total: 6788400 ns
[2020-10-06T06:34:44.118+0000][36436][gc,marking   ] GC(71) Concurrent Rebuild Remembered Sets
[2020-10-06T06:34:44.210+0000][36436][gc,marking   ] GC(71) Concurrent Rebuild Remembered Sets 92.248ms
[2020-10-06T06:34:44.210+0000][36436][gc,start     ] GC(71) Pause Cleanup
[2020-10-06T06:34:44.211+0000][36436][gc           ] GC(71) Pause Cleanup 515M->515M(1024M) 0.361ms
[2020-10-06T06:34:44.211+0000][36436][gc,cpu       ] GC(71) User=0.00s Sys=0.00s Real=0.00s
[2020-10-06T06:34:44.211+0000][36436][safepoint    ] Safepoint "G1Concurrent", Time since last: 92446000 ns, Reaching safepoint: 160400 ns, At safepoint: 543600 ns, Total: 704000 ns
[2020-10-06T06:34:44.211+0000][36436][gc,marking   ] GC(71) Concurrent Cleanup for Next Mark
[2020-10-06T06:34:44.213+0000][36436][gc,marking   ] GC(71) Concurrent Cleanup for Next Mark 1.950ms
[2020-10-06T06:34:44.213+0000][36436][gc           ] GC(71) Concurrent Cycle 269.348ms
[2020-10-06T06:34:44.267+0000][36436][gc,start     ] GC(72) Pause Young (Concurrent Start) (G1 Humongous Allocation)
[2020-10-06T06:34:44.267+0000][36436][gc,task      ] GC(72) Using 8 workers of 8 for evacuation
[2020-10-06T06:34:44.267+0000][36436][gc,age       ] GC(72) Desired survivor size 33030144 bytes, new threshold 15 (max threshold 15)
[2020-10-06T06:34:44.272+0000][36436][gc,age       ] GC(72) Age table with threshold 15 (max threshold 15)
[2020-10-06T06:34:44.272+0000][36436][gc,age       ] GC(72) - age   1:    3081528 bytes,    3081528 total
[2020-10-06T06:34:44.272+0000][36436][gc,age       ] GC(72) - age   2:     410976 bytes,    3492504 total
[2020-10-06T06:34:44.272+0000][36436][gc,age       ] GC(72) - age   3:     409640 bytes,    3902144 total
[2020-10-06T06:34:44.272+0000][36436][gc,age       ] GC(72) - age   4:     158360 bytes,    4060504 total
[2020-10-06T06:34:44.272+0000][36436][gc,age       ] GC(72) - age   5:       1920 bytes,    4062424 total
[2020-10-06T06:34:44.272+0000][36436][gc,age       ] GC(72) - age   6:       1776 bytes,    4064200 total
[2020-10-06T06:34:44.272+0000][36436][gc,age       ] GC(72) - age   7:       1336 bytes,    4065536 total
[2020-10-06T06:34:44.272+0000][36436][gc,age       ] GC(72) - age   8:       1728 bytes,    4067264 total
[2020-10-06T06:34:44.272+0000][36436][gc,age       ] GC(72) - age   9:      33952 bytes,    4101216 total
[2020-10-06T06:34:44.272+0000][36436][gc,age       ] GC(72) - age  10:      51752 bytes,    4152968 total
[2020-10-06T06:34:44.272+0000][36436][gc,age       ] GC(72) - age  11:      28192 bytes,    4181160 total
[2020-10-06T06:34:44.272+0000][36436][gc,age       ] GC(72) - age  12:      10496 bytes,    4191656 total
[2020-10-06T06:34:44.272+0000][36436][gc,age       ] GC(72) - age  13:       6288 bytes,    4197944 total
[2020-10-06T06:34:44.272+0000][36436][gc,age       ] GC(72) - age  14:     128192 bytes,    4326136 total
[2020-10-06T06:34:44.273+0000][36436][gc,age       ] GC(72) - age  15:     419840 bytes,    4745976 total
[2020-10-06T06:34:44.273+0000][36436][gc,phases    ] GC(72)   Pre Evacuate Collection Set: 0.4ms
[2020-10-06T06:34:44.273+0000][36436][gc,phases    ] GC(72)   Merge Heap Roots: 0.1ms
[2020-10-06T06:34:44.273+0000][36436][gc,phases    ] GC(72)   Evacuate Collection Set: 3.1ms
[2020-10-06T06:34:44.273+0000][36436][gc,phases    ] GC(72)   Post Evacuate Collection Set: 0.9ms
[2020-10-06T06:34:44.273+0000][36436][gc,phases    ] GC(72)   Other: 1.4ms
[2020-10-06T06:34:44.273+0000][36436][gc,heap      ] GC(72) Eden regions: 80->0(496)
[2020-10-06T06:34:44.273+0000][36436][gc,heap      ] GC(72) Survivor regions: 5->5(63)
[2020-10-06T06:34:44.273+0000][36436][gc,heap      ] GC(72) Old regions: 74->74
[2020-10-06T06:34:44.273+0000][36436][gc,heap      ] GC(72) Archive regions: 0->0
[2020-10-06T06:34:44.273+0000][36436][gc,heap      ] GC(72) Humongous regions: 374->174
[2020-10-06T06:34:44.273+0000][36436][gc,metaspace ] GC(72) Metaspace: 84239K(90620K)->84239K(90620K) NonClass: 73298K(77180K)->73298K(77180K) Class: 10941K(13440K)->10941K(13440K)
[2020-10-06T06:34:44.273+0000][36436][gc           ] GC(72) Pause Young (Concurrent Start) (G1 Humongous Allocation) 532M->252M(1024M) 6.514ms
[2020-10-06T06:34:44.273+0000][36436][gc,cpu       ] GC(72) User=0.05s Sys=0.02s Real=0.01s
[2020-10-06T06:34:44.273+0000][36436][gc           ] GC(73) Concurrent Cycle
[2020-10-06T06:34:44.273+0000][36436][safepoint    ] Safepoint "G1TryInitiateConcMark", Time since last: 55775600 ns, Reaching safepoint: 220200 ns, At safepoint: 6741200 ns, Total: 6961400 ns
[2020-10-06T06:34:44.273+0000][36436][gc,marking   ] GC(73) Concurrent Clear Claimed Marks
[2020-10-06T06:34:44.274+0000][36436][gc,marking   ] GC(73) Concurrent Clear Claimed Marks 0.667ms
[2020-10-06T06:34:44.274+0000][36436][gc,marking   ] GC(73) Concurrent Scan Root Regions
[2020-10-06T06:34:44.279+0000][36436][gc,marking   ] GC(73) Concurrent Scan Root Regions 4.027ms
[2020-10-06T06:34:44.279+0000][36436][gc,marking   ] GC(73) Concurrent Mark (8954.477s)
[2020-10-06T06:34:44.279+0000][36436][gc,marking   ] GC(73) Concurrent Mark From Roots
[2020-10-06T06:34:44.279+0000][36436][gc,task      ] GC(73) Using 2 workers of 2 for marking
[2020-10-06T06:34:44.418+0000][36436][gc,marking   ] GC(73) Concurrent Mark From Roots 139.407ms
[2020-10-06T06:34:44.418+0000][36436][gc,marking   ] GC(73) Concurrent Preclean
[2020-10-06T06:34:44.419+0000][36436][gc,marking   ] GC(73) Concurrent Preclean 0.730ms
[2020-10-06T06:34:44.419+0000][36436][gc,marking   ] GC(73) Concurrent Mark (8954.477s, 8954.617s) 140.336ms
[2020-10-06T06:34:44.419+0000][36436][gc,start     ] GC(73) Pause Remark
[2020-10-06T06:34:44.425+0000][36436][gc           ] GC(73) Pause Remark 449M->449M(1024M) 5.515ms
[2020-10-06T06:34:44.425+0000][36436][gc,cpu       ] GC(73) User=0.00s Sys=0.00s Real=0.01s
[2020-10-06T06:34:44.425+0000][36436][safepoint    ] Safepoint "G1Concurrent", Time since last: 145518500 ns, Reaching safepoint: 153600 ns, At safepoint: 5759700 ns, Total: 5913300 ns
[2020-10-06T06:34:44.425+0000][36436][gc,marking   ] GC(73) Concurrent Rebuild Remembered Sets
[2020-10-06T06:34:44.512+0000][36436][gc,marking   ] GC(73) Concurrent Rebuild Remembered Sets 86.878ms
[2020-10-06T06:34:44.513+0000][36436][gc,start     ] GC(73) Pause Cleanup
[2020-10-06T06:34:44.513+0000][36436][gc           ] GC(73) Pause Cleanup 524M->524M(1024M) 0.380ms
[2020-10-06T06:34:44.513+0000][36436][gc,cpu       ] GC(73) User=0.00s Sys=0.00s Real=0.00s
[2020-10-06T06:34:44.513+0000][36436][safepoint    ] Safepoint "G1Concurrent", Time since last: 87094200 ns, Reaching safepoint: 167900 ns, At safepoint: 634500 ns, Total: 802400 ns
[2020-10-06T06:34:44.513+0000][36436][gc,marking   ] GC(73) Concurrent Cleanup for Next Mark
[2020-10-06T06:34:44.515+0000][36436][gc,marking   ] GC(73) Concurrent Cleanup for Next Mark 2.003ms
[2020-10-06T06:34:44.515+0000][36436][gc           ] GC(73) Concurrent Cycle 241.564ms
[2020-10-06T06:34:44.538+0000][36436][gc,start     ] GC(74) Pause Young (Concurrent Start) (G1 Humongous Allocation)
[2020-10-06T06:34:44.538+0000][36436][gc,task      ] GC(74) Using 8 workers of 8 for evacuation
[2020-10-06T06:34:44.538+0000][36436][gc,age       ] GC(74) Desired survivor size 33030144 bytes, new threshold 15 (max threshold 15)
[2020-10-06T06:34:44.544+0000][36436][gc,age       ] GC(74) Age table with threshold 15 (max threshold 15)
[2020-10-06T06:34:44.544+0000][36436][gc,age       ] GC(74) - age   1:    3097272 bytes,    3097272 total
[2020-10-06T06:34:44.544+0000][36436][gc,age       ] GC(74) - age   2:     417480 bytes,    3514752 total
[2020-10-06T06:34:44.544+0000][36436][gc,age       ] GC(74) - age   3:     405912 bytes,    3920664 total
[2020-10-06T06:34:44.544+0000][36436][gc,age       ] GC(74) - age   4:     408560 bytes,    4329224 total
[2020-10-06T06:34:44.544+0000][36436][gc,age       ] GC(74) - age   5:     157880 bytes,    4487104 total
[2020-10-06T06:34:44.544+0000][36436][gc,age       ] GC(74) - age   6:       1920 bytes,    4489024 total
[2020-10-06T06:34:44.544+0000][36436][gc,age       ] GC(74) - age   7:       1776 bytes,    4490800 total
[2020-10-06T06:34:44.544+0000][36436][gc,age       ] GC(74) - age   8:       1272 bytes,    4492072 total
[2020-10-06T06:34:44.544+0000][36436][gc,age       ] GC(74) - age   9:       1632 bytes,    4493704 total
[2020-10-06T06:34:44.545+0000][36436][gc,age       ] GC(74) - age  10:      33952 bytes,    4527656 total
[2020-10-06T06:34:44.545+0000][36436][gc,age       ] GC(74) - age  11:      51752 bytes,    4579408 total
[2020-10-06T06:34:44.545+0000][36436][gc,age       ] GC(74) - age  12:      28192 bytes,    4607600 total
[2020-10-06T06:34:44.545+0000][36436][gc,age       ] GC(74) - age  13:      10496 bytes,    4618096 total
[2020-10-06T06:34:44.545+0000][36436][gc,age       ] GC(74) - age  14:       6288 bytes,    4624384 total
[2020-10-06T06:34:44.545+0000][36436][gc,age       ] GC(74) - age  15:     128192 bytes,    4752576 total
[2020-10-06T06:34:44.545+0000][36436][gc,phases    ] GC(74)   Pre Evacuate Collection Set: 0.4ms
[2020-10-06T06:34:44.545+0000][36436][gc,phases    ] GC(74)   Merge Heap Roots: 0.1ms
[2020-10-06T06:34:44.545+0000][36436][gc,phases    ] GC(74)   Evacuate Collection Set: 4.1ms
[2020-10-06T06:34:44.545+0000][36436][gc,phases    ] GC(74)   Post Evacuate Collection Set: 0.9ms
[2020-10-06T06:34:44.545+0000][36436][gc,phases    ] GC(74)   Other: 1.0ms
[2020-10-06T06:34:44.545+0000][36436][gc,heap      ] GC(74) Eden regions: 80->0(498)
[2020-10-06T06:34:44.545+0000][36436][gc,heap      ] GC(74) Survivor regions: 5->5(63)
[2020-10-06T06:34:44.545+0000][36436][gc,heap      ] GC(74) Old regions: 74->75
[2020-10-06T06:34:44.545+0000][36436][gc,heap      ] GC(74) Archive regions: 0->0
[2020-10-06T06:34:44.545+0000][36436][gc,heap      ] GC(74) Humongous regions: 374->174
[2020-10-06T06:34:44.545+0000][36436][gc,metaspace ] GC(74) Metaspace: 84268K(90620K)->84268K(90620K) NonClass: 73327K(77180K)->73327K(77180K) Class: 10941K(13440K)->10941K(13440K)
[2020-10-06T06:34:44.545+0000][36436][gc           ] GC(74) Pause Young (Concurrent Start) (G1 Humongous Allocation) 532M->253M(1024M) 6.987ms
[2020-10-06T06:34:44.545+0000][36436][gc,cpu       ] GC(74) User=0.00s Sys=0.00s Real=0.01s
[2020-10-06T06:34:44.545+0000][36436][gc           ] GC(75) Concurrent Cycle
[2020-10-06T06:34:44.545+0000][36436][safepoint    ] Safepoint "G1TryInitiateConcMark", Time since last: 24718600 ns, Reaching safepoint: 181000 ns, At safepoint: 7172500 ns, Total: 7353500 ns
[2020-10-06T06:34:44.545+0000][36436][gc,marking   ] GC(75) Concurrent Clear Claimed Marks
[2020-10-06T06:34:44.546+0000][36436][gc,marking   ] GC(75) Concurrent Clear Claimed Marks 0.527ms
[2020-10-06T06:34:44.546+0000][36436][gc,marking   ] GC(75) Concurrent Scan Root Regions
[2020-10-06T06:34:44.550+0000][36436][gc,marking   ] GC(75) Concurrent Scan Root Regions 3.988ms
[2020-10-06T06:34:44.550+0000][36436][gc,marking   ] GC(75) Concurrent Mark (8954.748s)
[2020-10-06T06:34:44.550+0000][36436][gc,marking   ] GC(75) Concurrent Mark From Roots
[2020-10-06T06:34:44.550+0000][36436][gc,task      ] GC(75) Using 2 workers of 2 for marking
[2020-10-06T06:34:44.677+0000][36436][gc,marking   ] GC(75) Concurrent Mark From Roots 127.272ms
[2020-10-06T06:34:44.677+0000][36436][gc,marking   ] GC(75) Concurrent Preclean
[2020-10-06T06:34:44.678+0000][36436][gc,marking   ] GC(75) Concurrent Preclean 0.587ms
[2020-10-06T06:34:44.678+0000][36436][gc,marking   ] GC(75) Concurrent Mark (8954.748s, 8954.876s) 128.006ms
[2020-10-06T06:34:44.678+0000][36436][gc,start     ] GC(75) Pause Remark
[2020-10-06T06:34:44.683+0000][36436][gc           ] GC(75) Pause Remark 452M->452M(1024M) 5.045ms
[2020-10-06T06:34:44.683+0000][36436][gc,cpu       ] GC(75) User=0.00s Sys=0.00s Real=0.01s
[2020-10-06T06:34:44.683+0000][36436][safepoint    ] Safepoint "G1Concurrent", Time since last: 132911300 ns, Reaching safepoint: 202800 ns, At safepoint: 5264400 ns, Total: 5467200 ns
[2020-10-06T06:34:44.683+0000][36436][gc,marking   ] GC(75) Concurrent Rebuild Remembered Sets
[2020-10-06T06:34:44.767+0000][36436][gc,marking   ] GC(75) Concurrent Rebuild Remembered Sets 83.971ms
[2020-10-06T06:34:44.767+0000][36436][gc,start     ] GC(75) Pause Cleanup
[2020-10-06T06:34:44.768+0000][36436][gc           ] GC(75) Pause Cleanup 526M->526M(1024M) 0.369ms
[2020-10-06T06:34:44.768+0000][36436][gc,cpu       ] GC(75) User=0.00s Sys=0.00s Real=0.00s
[2020-10-06T06:34:44.768+0000][36436][safepoint    ] Safepoint "G1Concurrent", Time since last: 84194800 ns, Reaching safepoint: 150200 ns, At safepoint: 605600 ns, Total: 755800 ns
[2020-10-06T06:34:44.768+0000][36436][gc,marking   ] GC(75) Concurrent Cleanup for Next Mark
[2020-10-06T06:34:44.770+0000][36436][gc,marking   ] GC(75) Concurrent Cleanup for Next Mark 1.954ms
[2020-10-06T06:34:44.770+0000][36436][gc           ] GC(75) Concurrent Cycle 225.541ms
[2020-10-06T06:34:44.945+0000][36436][safepoint    ] Safepoint "BulkRevokeBias", Time since last: 174654000 ns, Reaching safepoint: 215900 ns, At safepoint: 2022400 ns, Total: 2238300 ns
[2020-10-06T06:34:45.059+0000][36436][safepoint    ] Safepoint "BulkRevokeBias", Time since last: 110897600 ns, Reaching safepoint: 191600 ns, At safepoint: 2447400 ns, Total: 2639000 ns
[2020-10-06T06:34:45.209+0000][36436][safepoint    ] Safepoint "BulkRevokeBias", Time since last: 147665600 ns, Reaching safepoint: 187400 ns, At safepoint: 3116200 ns, Total: 3303600 ns
[2020-10-06T06:34:45.215+0000][36436][safepoint    ] Safepoint "BulkRevokeBias", Time since last: 1912100 ns, Reaching safepoint: 200000 ns, At safepoint: 3246400 ns, Total: 3446400 ns
[2020-10-06T06:34:46.218+0000][36436][safepoint    ] Safepoint "Cleanup", Time since last: 1002901800 ns, Reaching safepoint: 206500 ns, At safepoint: 6000 ns, Total: 212500 ns
[2020-10-06T06:34:47.041+0000][36436][gc,start     ] GC(76) Pause Young (Concurrent Start) (G1 Humongous Allocation)
[2020-10-06T06:34:47.041+0000][36436][gc,task      ] GC(76) Using 8 workers of 8 for evacuation
[2020-10-06T06:34:47.041+0000][36436][gc,age       ] GC(76) Desired survivor size 33030144 bytes, new threshold 15 (max threshold 15)
[2020-10-06T06:34:47.045+0000][36436][gc,age       ] GC(76) Age table with threshold 15 (max threshold 15)
[2020-10-06T06:34:47.046+0000][36436][gc,age       ] GC(76) - age   1:    3997864 bytes,    3997864 total
[2020-10-06T06:34:47.046+0000][36436][gc,age       ] GC(76) - age   2:       2512 bytes,    4000376 total
[2020-10-06T06:34:47.046+0000][36436][gc,age       ] GC(76) - age   3:       4064 bytes,    4004440 total
[2020-10-06T06:34:47.046+0000][36436][gc,age       ] GC(76) - age   4:       2088 bytes,    4006528 total
[2020-10-06T06:34:47.046+0000][36436][gc,age       ] GC(76) - age   5:       1440 bytes,    4007968 total
[2020-10-06T06:34:47.046+0000][36436][gc,age       ] GC(76) - age   6:     107392 bytes,    4115360 total
[2020-10-06T06:34:47.046+0000][36436][gc,age       ] GC(76) - age   7:       1888 bytes,    4117248 total
[2020-10-06T06:34:47.046+0000][36436][gc,age       ] GC(76) - age   8:       1776 bytes,    4119024 total
[2020-10-06T06:34:47.046+0000][36436][gc,age       ] GC(76) - age   9:        936 bytes,    4119960 total
[2020-10-06T06:34:47.046+0000][36436][gc,age       ] GC(76) - age  10:       1632 bytes,    4121592 total
[2020-10-06T06:34:47.046+0000][36436][gc,age       ] GC(76) - age  11:      33472 bytes,    4155064 total
[2020-10-06T06:34:47.046+0000][36436][gc,age       ] GC(76) - age  12:      51752 bytes,    4206816 total
[2020-10-06T06:34:47.046+0000][36436][gc,age       ] GC(76) - age  13:      28192 bytes,    4235008 total
[2020-10-06T06:34:47.046+0000][36436][gc,age       ] GC(76) - age  14:      10400 bytes,    4245408 total
[2020-10-06T06:34:47.046+0000][36436][gc,age       ] GC(76) - age  15:       6288 bytes,    4251696 total
[2020-10-06T06:34:47.046+0000][36436][gc,phases    ] GC(76)   Pre Evacuate Collection Set: 0.3ms
[2020-10-06T06:34:47.046+0000][36436][gc,phases    ] GC(76)   Merge Heap Roots: 0.1ms
[2020-10-06T06:34:47.046+0000][36436][gc,phases    ] GC(76)   Evacuate Collection Set: 3.0ms
[2020-10-06T06:34:47.046+0000][36436][gc,phases    ] GC(76)   Post Evacuate Collection Set: 0.8ms
[2020-10-06T06:34:47.046+0000][36436][gc,phases    ] GC(76)   Other: 1.0ms
[2020-10-06T06:34:47.046+0000][36436][gc,heap      ] GC(76) Eden regions: 103->0(498)
[2020-10-06T06:34:47.046+0000][36436][gc,heap      ] GC(76) Survivor regions: 5->5(63)
[2020-10-06T06:34:47.046+0000][36436][gc,heap      ] GC(76) Old regions: 75->75
[2020-10-06T06:34:47.046+0000][36436][gc,heap      ] GC(76) Archive regions: 0->0
[2020-10-06T06:34:47.046+0000][36436][gc,heap      ] GC(76) Humongous regions: 374->174
[2020-10-06T06:34:47.046+0000][36436][gc,metaspace ] GC(76) Metaspace: 85229K(91260K)->85229K(91260K) NonClass: 74111K(77692K)->74111K(77692K) Class: 11117K(13568K)->11117K(13568K)
[2020-10-06T06:34:47.046+0000][36436][gc           ] GC(76) Pause Young (Concurrent Start) (G1 Humongous Allocation) 555M->252M(1024M) 5.522ms
[2020-10-06T06:34:47.046+0000][36436][gc,cpu       ] GC(76) User=0.00s Sys=0.00s Real=0.01s
[2020-10-06T06:34:47.047+0000][36436][gc           ] GC(77) Concurrent Cycle
[2020-10-06T06:34:47.047+0000][36436][gc,marking   ] GC(77) Concurrent Clear Claimed Marks
[2020-10-06T06:34:47.047+0000][36436][safepoint    ] Safepoint "G1TryInitiateConcMark", Time since last: 822734900 ns, Reaching safepoint: 186700 ns, At safepoint: 5824900 ns, Total: 6011600 ns
[2020-10-06T06:34:47.047+0000][36436][gc,marking   ] GC(77) Concurrent Clear Claimed Marks 0.658ms
[2020-10-06T06:34:47.047+0000][36436][gc,marking   ] GC(77) Concurrent Scan Root Regions
[2020-10-06T06:34:47.051+0000][36436][gc,marking   ] GC(77) Concurrent Scan Root Regions 3.332ms
[2020-10-06T06:34:47.051+0000][36436][gc,marking   ] GC(77) Concurrent Mark (8957.249s)
[2020-10-06T06:34:47.051+0000][36436][gc,marking   ] GC(77) Concurrent Mark From Roots
[2020-10-06T06:34:47.051+0000][36436][gc,task      ] GC(77) Using 2 workers of 2 for marking
[2020-10-06T06:34:47.185+0000][36436][gc,marking   ] GC(77) Concurrent Mark From Roots 132.943ms
[2020-10-06T06:34:47.185+0000][36436][gc,marking   ] GC(77) Concurrent Preclean
[2020-10-06T06:34:47.185+0000][36436][gc,marking   ] GC(77) Concurrent Preclean 0.778ms
[2020-10-06T06:34:47.185+0000][36436][gc,marking   ] GC(77) Concurrent Mark (8957.249s, 8957.383s) 133.937ms
[2020-10-06T06:34:47.185+0000][36436][gc,start     ] GC(77) Pause Remark
[2020-10-06T06:34:47.190+0000][36436][gc           ] GC(77) Pause Remark 600M->600M(1024M) 4.829ms
[2020-10-06T06:34:47.190+0000][36436][gc,cpu       ] GC(77) User=0.00s Sys=0.00s Real=0.01s
[2020-10-06T06:34:47.190+0000][36436][safepoint    ] Safepoint "G1Concurrent", Time since last: 138298500 ns, Reaching safepoint: 154100 ns, At safepoint: 5074500 ns, Total: 5228600 ns
[2020-10-06T06:34:47.190+0000][36436][gc,marking   ] GC(77) Concurrent Rebuild Remembered Sets
[2020-10-06T06:34:47.261+0000][36436][gc,marking   ] GC(77) Concurrent Rebuild Remembered Sets 70.750ms
[2020-10-06T06:34:47.262+0000][36436][gc,start     ] GC(77) Pause Cleanup
[2020-10-06T06:34:47.262+0000][36436][gc           ] GC(77) Pause Cleanup 668M->668M(1024M) 0.457ms
[2020-10-06T06:34:47.262+0000][36436][gc,cpu       ] GC(77) User=0.00s Sys=0.00s Real=0.00s
[2020-10-06T06:34:47.263+0000][36436][safepoint    ] Safepoint "G1Concurrent", Time since last: 70945000 ns, Reaching safepoint: 578700 ns, At safepoint: 841000 ns, Total: 1419700 ns
[2020-10-06T06:34:47.263+0000][36436][gc,marking   ] GC(77) Concurrent Cleanup for Next Mark
[2020-10-06T06:34:47.265+0000][36436][gc,marking   ] GC(77) Concurrent Cleanup for Next Mark 1.949ms
[2020-10-06T06:34:47.265+0000][36436][gc           ] GC(77) Concurrent Cycle 218.212ms
[2020-10-06T06:34:47.278+0000][36436][gc,start     ] GC(78) Pause Young (Concurrent Start) (G1 Humongous Allocation)
[2020-10-06T06:34:47.278+0000][36436][gc,task      ] GC(78) Using 8 workers of 8 for evacuation
[2020-10-06T06:34:47.278+0000][36436][gc,age       ] GC(78) Desired survivor size 33030144 bytes, new threshold 15 (max threshold 15)
[2020-10-06T06:34:47.282+0000][36436][gc,age       ] GC(78) Age table with threshold 15 (max threshold 15)
[2020-10-06T06:34:47.282+0000][36436][gc,age       ] GC(78) - age   1:    3116488 bytes,    3116488 total
[2020-10-06T06:34:47.282+0000][36436][gc,age       ] GC(78) - age   2:     826384 bytes,    3942872 total
[2020-10-06T06:34:47.282+0000][36436][gc,age       ] GC(78) - age   3:       2320 bytes,    3945192 total
[2020-10-06T06:34:47.282+0000][36436][gc,age       ] GC(78) - age   4:       3704 bytes,    3948896 total
[2020-10-06T06:34:47.283+0000][36436][gc,age       ] GC(78) - age   5:       1928 bytes,    3950824 total
[2020-10-06T06:34:47.283+0000][36436][gc,age       ] GC(78) - age   6:        960 bytes,    3951784 total
[2020-10-06T06:34:47.283+0000][36436][gc,age       ] GC(78) - age   7:     106688 bytes,    4058472 total
[2020-10-06T06:34:47.283+0000][36436][gc,age       ] GC(78) - age   8:       1792 bytes,    4060264 total
[2020-10-06T06:34:47.283+0000][36436][gc,age       ] GC(78) - age   9:       1776 bytes,    4062040 total
[2020-10-06T06:34:47.283+0000][36436][gc,age       ] GC(78) - age  10:        760 bytes,    4062800 total
[2020-10-06T06:34:47.283+0000][36436][gc,age       ] GC(78) - age  11:       1632 bytes,    4064432 total
[2020-10-06T06:34:47.283+0000][36436][gc,age       ] GC(78) - age  12:      33440 bytes,    4097872 total
[2020-10-06T06:34:47.283+0000][36436][gc,age       ] GC(78) - age  13:      51720 bytes,    4149592 total
[2020-10-06T06:34:47.283+0000][36436][gc,age       ] GC(78) - age  14:      28192 bytes,    4177784 total
[2020-10-06T06:34:47.283+0000][36436][gc,age       ] GC(78) - age  15:      10368 bytes,    4188152 total
[2020-10-06T06:34:47.283+0000][36436][gc,phases    ] GC(78)   Pre Evacuate Collection Set: 0.5ms
[2020-10-06T06:34:47.283+0000][36436][gc,phases    ] GC(78)   Merge Heap Roots: 0.1ms
[2020-10-06T06:34:47.283+0000][36436][gc,phases    ] GC(78)   Evacuate Collection Set: 2.8ms
[2020-10-06T06:34:47.283+0000][36436][gc,phases    ] GC(78)   Post Evacuate Collection Set: 1.1ms
[2020-10-06T06:34:47.283+0000][36436][gc,phases    ] GC(78)   Other: 1.0ms
[2020-10-06T06:34:47.283+0000][36436][gc,heap      ] GC(78) Eden regions: 116->0(498)
[2020-10-06T06:34:47.283+0000][36436][gc,heap      ] GC(78) Survivor regions: 5->5(63)
[2020-10-06T06:34:47.283+0000][36436][gc,heap      ] GC(78) Old regions: 75->75
[2020-10-06T06:34:47.283+0000][36436][gc,heap      ] GC(78) Archive regions: 0->0
[2020-10-06T06:34:47.283+0000][36436][gc,heap      ] GC(78) Humongous regions: 480->174
[2020-10-06T06:34:47.283+0000][36436][gc,metaspace ] GC(78) Metaspace: 85283K(91516K)->85283K(91516K) NonClass: 74166K(77948K)->74166K(77948K) Class: 11117K(13568K)->11117K(13568K)
[2020-10-06T06:34:47.283+0000][36436][gc           ] GC(78) Pause Young (Concurrent Start) (G1 Humongous Allocation) 674M->252M(1024M) 5.822ms
[2020-10-06T06:34:47.283+0000][36436][gc,cpu       ] GC(78) User=0.00s Sys=0.00s Real=0.00s
[2020-10-06T06:34:47.283+0000][36436][gc           ] GC(79) Concurrent Cycle
[2020-10-06T06:34:47.284+0000][36436][safepoint    ] Safepoint "G1TryInitiateConcMark", Time since last: 14331600 ns, Reaching safepoint: 144700 ns, At safepoint: 6018100 ns, Total: 6162800 ns
[2020-10-06T06:34:47.284+0000][36436][gc,marking   ] GC(79) Concurrent Clear Claimed Marks
[2020-10-06T06:34:47.284+0000][36436][gc,marking   ] GC(79) Concurrent Clear Claimed Marks 0.437ms
[2020-10-06T06:34:47.284+0000][36436][gc,marking   ] GC(79) Concurrent Scan Root Regions
[2020-10-06T06:34:47.287+0000][36436][gc,marking   ] GC(79) Concurrent Scan Root Regions 2.795ms
[2020-10-06T06:34:47.287+0000][36436][gc,marking   ] GC(79) Concurrent Mark (8957.485s)
[2020-10-06T06:34:47.287+0000][36436][gc,marking   ] GC(79) Concurrent Mark From Roots
[2020-10-06T06:34:47.287+0000][36436][gc,task      ] GC(79) Using 2 workers of 2 for marking
[2020-10-06T06:34:47.415+0000][36436][gc,marking   ] GC(79) Concurrent Mark From Roots 128.297ms
[2020-10-06T06:34:47.415+0000][36436][gc,marking   ] GC(79) Concurrent Preclean
[2020-10-06T06:34:47.416+0000][36436][gc,marking   ] GC(79) Concurrent Preclean 0.791ms
[2020-10-06T06:34:47.416+0000][36436][gc,marking   ] GC(79) Concurrent Mark (8957.485s, 8957.614s) 129.272ms
[2020-10-06T06:34:47.416+0000][36436][gc,start     ] GC(79) Pause Remark
[2020-10-06T06:34:47.422+0000][36436][gc           ] GC(79) Pause Remark 318M->318M(1024M) 5.168ms
[2020-10-06T06:34:47.422+0000][36436][gc,cpu       ] GC(79) User=0.00s Sys=0.00s Real=0.01s
[2020-10-06T06:34:47.422+0000][36436][safepoint    ] Safepoint "G1Concurrent", Time since last: 132824700 ns, Reaching safepoint: 129900 ns, At safepoint: 5414100 ns, Total: 5544000 ns
[2020-10-06T06:34:47.422+0000][36436][gc,marking   ] GC(79) Concurrent Rebuild Remembered Sets
[2020-10-06T06:34:47.504+0000][36436][gc,marking   ] GC(79) Concurrent Rebuild Remembered Sets 82.114ms
[2020-10-06T06:34:47.504+0000][36436][gc,start     ] GC(79) Pause Cleanup
[2020-10-06T06:34:47.504+0000][36436][gc           ] GC(79) Pause Cleanup 318M->318M(1024M) 0.268ms
[2020-10-06T06:34:47.504+0000][36436][gc,cpu       ] GC(79) User=0.00s Sys=0.00s Real=0.00s
[2020-10-06T06:34:47.504+0000][36436][safepoint    ] Safepoint "G1Concurrent", Time since last: 82353400 ns, Reaching safepoint: 149200 ns, At safepoint: 412400 ns, Total: 561600 ns
[2020-10-06T06:34:47.504+0000][36436][gc,marking   ] GC(79) Concurrent Cleanup for Next Mark
[2020-10-06T06:34:47.506+0000][36436][gc,marking   ] GC(79) Concurrent Cleanup for Next Mark 1.644ms
[2020-10-06T06:34:47.506+0000][36436][gc           ] GC(79) Concurrent Cycle 223.123ms
[2020-10-06T06:34:47.730+0000][36436][gc,start     ] GC(80) Pause Young (Concurrent Start) (G1 Humongous Allocation)
[2020-10-06T06:34:47.730+0000][36436][gc,task      ] GC(80) Using 8 workers of 8 for evacuation
[2020-10-06T06:34:47.730+0000][36436][gc,age       ] GC(80) Desired survivor size 33030144 bytes, new threshold 15 (max threshold 15)
[2020-10-06T06:34:47.735+0000][36436][gc,age       ] GC(80) Age table with threshold 15 (max threshold 15)
[2020-10-06T06:34:47.735+0000][36436][gc,age       ] GC(80) - age   1:    2634856 bytes,    2634856 total
[2020-10-06T06:34:47.735+0000][36436][gc,age       ] GC(80) - age   2:      15704 bytes,    2650560 total
[2020-10-06T06:34:47.735+0000][36436][gc,age       ] GC(80) - age   3:     772496 bytes,    3423056 total
[2020-10-06T06:34:47.735+0000][36436][gc,age       ] GC(80) - age   4:       2320 bytes,    3425376 total
[2020-10-06T06:34:47.735+0000][36436][gc,age       ] GC(80) - age   5:       3640 bytes,    3429016 total
[2020-10-06T06:34:47.735+0000][36436][gc,age       ] GC(80) - age   6:       1928 bytes,    3430944 total
[2020-10-06T06:34:47.735+0000][36436][gc,age       ] GC(80) - age   7:        960 bytes,    3431904 total
[2020-10-06T06:34:47.735+0000][36436][gc,age       ] GC(80) - age   8:     106688 bytes,    3538592 total
[2020-10-06T06:34:47.735+0000][36436][gc,age       ] GC(80) - age   9:       1792 bytes,    3540384 total
[2020-10-06T06:34:47.735+0000][36436][gc,age       ] GC(80) - age  10:       1776 bytes,    3542160 total
[2020-10-06T06:34:47.735+0000][36436][gc,age       ] GC(80) - age  11:        760 bytes,    3542920 total
[2020-10-06T06:34:47.735+0000][36436][gc,age       ] GC(80) - age  12:       1632 bytes,    3544552 total
[2020-10-06T06:34:47.735+0000][36436][gc,age       ] GC(80) - age  13:      33400 bytes,    3577952 total
[2020-10-06T06:34:47.735+0000][36436][gc,age       ] GC(80) - age  14:      51720 bytes,    3629672 total
[2020-10-06T06:34:47.735+0000][36436][gc,age       ] GC(80) - age  15:      28192 bytes,    3657864 total
[2020-10-06T06:34:47.736+0000][36436][gc,phases    ] GC(80)   Pre Evacuate Collection Set: 0.6ms
[2020-10-06T06:34:47.736+0000][36436][gc,phases    ] GC(80)   Merge Heap Roots: 0.1ms
[2020-10-06T06:34:47.736+0000][36436][gc,phases    ] GC(80)   Evacuate Collection Set: 2.9ms
[2020-10-06T06:34:47.736+0000][36436][gc,phases    ] GC(80)   Post Evacuate Collection Set: 0.8ms
[2020-10-06T06:34:47.736+0000][36436][gc,phases    ] GC(80)   Other: 1.2ms
[2020-10-06T06:34:47.736+0000][36436][gc,heap      ] GC(80) Eden regions: 29->0(501)
[2020-10-06T06:34:47.736+0000][36436][gc,heap      ] GC(80) Survivor regions: 5->4(63)
[2020-10-06T06:34:47.736+0000][36436][gc,heap      ] GC(80) Old regions: 75->75
[2020-10-06T06:34:47.736+0000][36436][gc,heap      ] GC(80) Archive regions: 0->0
[2020-10-06T06:34:47.736+0000][36436][gc,heap      ] GC(80) Humongous regions: 232->174
[2020-10-06T06:34:47.736+0000][36436][gc,metaspace ] GC(80) Metaspace: 85800K(91772K)->85800K(91772K) NonClass: 74600K(78204K)->74600K(78204K) Class: 11199K(13568K)->11199K(13568K)
[2020-10-06T06:34:47.736+0000][36436][gc           ] GC(80) Pause Young (Concurrent Start) (G1 Humongous Allocation) 339M->251M(1024M) 5.966ms
[2020-10-06T06:34:47.736+0000][36436][gc,cpu       ] GC(80) User=0.00s Sys=0.00s Real=0.01s
[2020-10-06T06:34:47.736+0000][36436][gc           ] GC(81) Concurrent Cycle
[2020-10-06T06:34:47.736+0000][36436][safepoint    ] Safepoint "G1TryInitiateConcMark", Time since last: 224750400 ns, Reaching safepoint: 317600 ns, At safepoint: 6230100 ns, Total: 6547700 ns
[2020-10-06T06:34:47.736+0000][36436][gc,marking   ] GC(81) Concurrent Clear Claimed Marks
[2020-10-06T06:34:47.737+0000][36436][gc,marking   ] GC(81) Concurrent Clear Claimed Marks 0.859ms
[2020-10-06T06:34:47.737+0000][36436][gc,marking   ] GC(81) Concurrent Scan Root Regions
[2020-10-06T06:34:47.741+0000][36436][gc,marking   ] GC(81) Concurrent Scan Root Regions 3.897ms
[2020-10-06T06:34:47.741+0000][36436][gc,marking   ] GC(81) Concurrent Mark (8957.939s)
[2020-10-06T06:34:47.741+0000][36436][gc,marking   ] GC(81) Concurrent Mark From Roots
[2020-10-06T06:34:47.741+0000][36436][gc,task      ] GC(81) Using 2 workers of 2 for marking
[2020-10-06T06:34:47.903+0000][36436][gc,marking   ] GC(81) Concurrent Mark From Roots 161.981ms
[2020-10-06T06:34:47.903+0000][36436][gc,marking   ] GC(81) Concurrent Preclean
[2020-10-06T06:34:47.905+0000][36436][gc,marking   ] GC(81) Concurrent Preclean 1.323ms
[2020-10-06T06:34:47.905+0000][36436][gc,marking   ] GC(81) Concurrent Mark (8957.939s, 8958.103s) 163.637ms
[2020-10-06T06:34:47.905+0000][36436][gc,start     ] GC(81) Pause Remark
[2020-10-06T06:34:47.911+0000][36436][gc           ] GC(81) Pause Remark 378M->378M(1024M) 5.238ms
[2020-10-06T06:34:47.911+0000][36436][gc,cpu       ] GC(81) User=0.00s Sys=0.00s Real=0.01s
[2020-10-06T06:34:47.911+0000][36436][safepoint    ] Safepoint "G1Concurrent", Time since last: 168832000 ns, Reaching safepoint: 374000 ns, At safepoint: 5514600 ns, Total: 5888600 ns
[2020-10-06T06:34:47.911+0000][36436][gc,marking   ] GC(81) Concurrent Rebuild Remembered Sets
[2020-10-06T06:34:48.010+0000][36436][gc,marking   ] GC(81) Concurrent Rebuild Remembered Sets 98.819ms
[2020-10-06T06:34:48.011+0000][36436][gc,start     ] GC(81) Pause Cleanup
[2020-10-06T06:34:48.011+0000][36436][gc           ] GC(81) Pause Cleanup 382M->382M(1024M) 0.408ms
[2020-10-06T06:34:48.011+0000][36436][gc,cpu       ] GC(81) User=0.00s Sys=0.00s Real=0.00s
[2020-10-06T06:34:48.013+0000][36436][safepoint    ] Safepoint "G1Concurrent", Time since last: 99044400 ns, Reaching safepoint: 816200 ns, At safepoint: 2490600 ns, Total: 3306800 ns
[2020-10-06T06:34:48.013+0000][36436][gc,marking   ] GC(81) Concurrent Cleanup for Next Mark
[2020-10-06T06:34:48.016+0000][36436][gc,marking   ] GC(81) Concurrent Cleanup for Next Mark 2.329ms
[2020-10-06T06:34:48.016+0000][36436][gc           ] GC(81) Concurrent Cycle 279.725ms
[2020-10-06T06:34:48.021+0000][36436][gc,start     ] GC(82) Pause Young (Concurrent Start) (G1 Humongous Allocation)
[2020-10-06T06:34:48.021+0000][36436][gc,task      ] GC(82) Using 8 workers of 8 for evacuation
[2020-10-06T06:34:48.022+0000][36436][gc,age       ] GC(82) Desired survivor size 33554432 bytes, new threshold 15 (max threshold 15)
[2020-10-06T06:34:48.027+0000][36436][gc,age       ] GC(82) Age table with threshold 15 (max threshold 15)
[2020-10-06T06:34:48.027+0000][36436][gc,age       ] GC(82) - age   1:    5282440 bytes,    5282440 total
[2020-10-06T06:34:48.027+0000][36436][gc,age       ] GC(82) - age   2:     189080 bytes,    5471520 total
[2020-10-06T06:34:48.027+0000][36436][gc,age       ] GC(82) - age   3:      11216 bytes,    5482736 total
[2020-10-06T06:34:48.027+0000][36436][gc,age       ] GC(82) - age   4:     772008 bytes,    6254744 total
[2020-10-06T06:34:48.027+0000][36436][gc,age       ] GC(82) - age   5:       2320 bytes,    6257064 total
[2020-10-06T06:34:48.027+0000][36436][gc,age       ] GC(82) - age   6:       3544 bytes,    6260608 total
[2020-10-06T06:34:48.027+0000][36436][gc,age       ] GC(82) - age   7:       1800 bytes,    6262408 total
[2020-10-06T06:34:48.027+0000][36436][gc,age       ] GC(82) - age   8:        960 bytes,    6263368 total
[2020-10-06T06:34:48.027+0000][36436][gc,age       ] GC(82) - age   9:     106688 bytes,    6370056 total
[2020-10-06T06:34:48.027+0000][36436][gc,age       ] GC(82) - age  10:       1760 bytes,    6371816 total
[2020-10-06T06:34:48.027+0000][36436][gc,age       ] GC(82) - age  11:       1776 bytes,    6373592 total
[2020-10-06T06:34:48.027+0000][36436][gc,age       ] GC(82) - age  12:        760 bytes,    6374352 total
[2020-10-06T06:34:48.027+0000][36436][gc,age       ] GC(82) - age  13:       1632 bytes,    6375984 total
[2020-10-06T06:34:48.027+0000][36436][gc,age       ] GC(82) - age  14:      33400 bytes,    6409384 total
[2020-10-06T06:34:48.027+0000][36436][gc,age       ] GC(82) - age  15:      51720 bytes,    6461104 total
[2020-10-06T06:34:48.028+0000][36436][gc,phases    ] GC(82)   Pre Evacuate Collection Set: 0.5ms
[2020-10-06T06:34:48.028+0000][36436][gc,phases    ] GC(82)   Merge Heap Roots: 0.1ms
[2020-10-06T06:34:48.028+0000][36436][gc,phases    ] GC(82)   Evacuate Collection Set: 3.6ms
[2020-10-06T06:34:48.028+0000][36436][gc,phases    ] GC(82)   Post Evacuate Collection Set: 0.9ms
[2020-10-06T06:34:48.028+0000][36436][gc,phases    ] GC(82)   Other: 1.2ms
[2020-10-06T06:34:48.028+0000][36436][gc,heap      ] GC(82) Eden regions: 46->0(497)
[2020-10-06T06:34:48.028+0000][36436][gc,heap      ] GC(82) Survivor regions: 4->7(64)
[2020-10-06T06:34:48.028+0000][36436][gc,heap      ] GC(82) Old regions: 75->75
[2020-10-06T06:34:48.028+0000][36436][gc,heap      ] GC(82) Archive regions: 0->0
[2020-10-06T06:34:48.028+0000][36436][gc,heap      ] GC(82) Humongous regions: 266->174
[2020-10-06T06:34:48.028+0000][36436][gc,metaspace ] GC(82) Metaspace: 85834K(91772K)->85834K(91772K) NonClass: 74634K(78204K)->74634K(78204K) Class: 11199K(13568K)->11199K(13568K)
[2020-10-06T06:34:48.028+0000][36436][gc           ] GC(82) Pause Young (Concurrent Start) (G1 Humongous Allocation) 389M->254M(1024M) 6.725ms
[2020-10-06T06:34:48.028+0000][36436][gc,cpu       ] GC(82) User=0.00s Sys=0.00s Real=0.01s
[2020-10-06T06:34:48.028+0000][36436][gc           ] GC(83) Concurrent Cycle
[2020-10-06T06:34:48.028+0000][36436][gc,marking   ] GC(83) Concurrent Clear Claimed Marks
[2020-10-06T06:34:48.028+0000][36436][safepoint    ] Safepoint "G1TryInitiateConcMark", Time since last: 7931200 ns, Reaching safepoint: 174900 ns, At safepoint: 7055200 ns, Total: 7230100 ns
[2020-10-06T06:34:48.029+0000][36436][gc,marking   ] GC(83) Concurrent Clear Claimed Marks 0.665ms
[2020-10-06T06:34:48.029+0000][36436][gc,marking   ] GC(83) Concurrent Scan Root Regions
[2020-10-06T06:34:48.036+0000][36436][gc,marking   ] GC(83) Concurrent Scan Root Regions 6.808ms
[2020-10-06T06:34:48.036+0000][36436][gc,marking   ] GC(83) Concurrent Mark (8958.234s)
[2020-10-06T06:34:48.036+0000][36436][gc,marking   ] GC(83) Concurrent Mark From Roots
[2020-10-06T06:34:48.036+0000][36436][gc,task      ] GC(83) Using 2 workers of 2 for marking
[2020-10-06T06:34:48.213+0000][36436][gc,marking   ] GC(83) Concurrent Mark From Roots 176.770ms
[2020-10-06T06:34:48.213+0000][36436][gc,marking   ] GC(83) Concurrent Preclean
[2020-10-06T06:34:48.214+0000][36436][gc,marking   ] GC(83) Concurrent Preclean 1.043ms
[2020-10-06T06:34:48.214+0000][36436][gc,marking   ] GC(83) Concurrent Mark (8958.234s, 8958.412s) 178.082ms
[2020-10-06T06:34:48.214+0000][36436][gc,start     ] GC(83) Pause Remark
[2020-10-06T06:34:48.220+0000][36436][gc           ] GC(83) Pause Remark 594M->594M(1024M) 5.417ms
[2020-10-06T06:34:48.220+0000][36436][gc,cpu       ] GC(83) User=0.00s Sys=0.00s Real=0.01s
[2020-10-06T06:34:48.220+0000][36436][safepoint    ] Safepoint "G1Concurrent", Time since last: 185833100 ns, Reaching safepoint: 222000 ns, At safepoint: 5744400 ns, Total: 5966400 ns
[2020-10-06T06:34:48.220+0000][36436][gc,marking   ] GC(83) Concurrent Rebuild Remembered Sets
[2020-10-06T06:34:48.323+0000][36436][gc,marking   ] GC(83) Concurrent Rebuild Remembered Sets 102.914ms
[2020-10-06T06:34:48.324+0000][36436][gc,start     ] GC(83) Pause Cleanup
[2020-10-06T06:34:48.325+0000][36436][gc           ] GC(83) Pause Cleanup 660M->660M(1024M) 0.770ms
[2020-10-06T06:34:48.325+0000][36436][gc,cpu       ] GC(83) User=0.00s Sys=0.00s Real=0.00s
[2020-10-06T06:34:48.325+0000][36436][safepoint    ] Safepoint "G1Concurrent", Time since last: 103389700 ns, Reaching safepoint: 358800 ns, At safepoint: 1250300 ns, Total: 1609100 ns
[2020-10-06T06:34:48.325+0000][36436][gc,marking   ] GC(83) Concurrent Cleanup for Next Mark
[2020-10-06T06:34:48.327+0000][36436][gc,marking   ] GC(83) Concurrent Cleanup for Next Mark 2.309ms
[2020-10-06T06:34:48.328+0000][36436][gc           ] GC(83) Concurrent Cycle 299.754ms
[2020-10-06T06:34:48.401+0000][36436][gc,start     ] GC(84) Pause Young (Concurrent Start) (G1 Humongous Allocation)
[2020-10-06T06:34:48.401+0000][36436][gc,task      ] GC(84) Using 8 workers of 8 for evacuation
[2020-10-06T06:34:48.401+0000][36436][gc,age       ] GC(84) Desired survivor size 33030144 bytes, new threshold 15 (max threshold 15)
[2020-10-06T06:34:48.406+0000][36436][gc,age       ] GC(84) Age table with threshold 15 (max threshold 15)
[2020-10-06T06:34:48.407+0000][36436][gc,age       ] GC(84) - age   1:    3121096 bytes,    3121096 total
[2020-10-06T06:34:48.407+0000][36436][gc,age       ] GC(84) - age   2:       5680 bytes,    3126776 total
[2020-10-06T06:34:48.407+0000][36436][gc,age       ] GC(84) - age   3:     185456 bytes,    3312232 total
[2020-10-06T06:34:48.407+0000][36436][gc,age       ] GC(84) - age   4:       4008 bytes,    3316240 total
[2020-10-06T06:34:48.407+0000][36436][gc,age       ] GC(84) - age   5:     771888 bytes,    4088128 total
[2020-10-06T06:34:48.407+0000][36436][gc,age       ] GC(84) - age   6:       2224 bytes,    4090352 total
[2020-10-06T06:34:48.407+0000][36436][gc,age       ] GC(84) - age   7:       3256 bytes,    4093608 total
[2020-10-06T06:34:48.407+0000][36436][gc,age       ] GC(84) - age   8:       1672 bytes,    4095280 total
[2020-10-06T06:34:48.407+0000][36436][gc,age       ] GC(84) - age   9:        864 bytes,    4096144 total
[2020-10-06T06:34:48.407+0000][36436][gc,age       ] GC(84) - age  10:     106688 bytes,    4202832 total
[2020-10-06T06:34:48.407+0000][36436][gc,age       ] GC(84) - age  11:       1632 bytes,    4204464 total
[2020-10-06T06:34:48.407+0000][36436][gc,age       ] GC(84) - age  12:       1776 bytes,    4206240 total
[2020-10-06T06:34:48.407+0000][36436][gc,age       ] GC(84) - age  13:        728 bytes,    4206968 total
[2020-10-06T06:34:48.407+0000][36436][gc,age       ] GC(84) - age  14:       1632 bytes,    4208600 total
[2020-10-06T06:34:48.407+0000][36436][gc,age       ] GC(84) - age  15:      33400 bytes,    4242000 total
[2020-10-06T06:34:48.408+0000][36436][gc,phases    ] GC(84)   Pre Evacuate Collection Set: 0.5ms
[2020-10-06T06:34:48.408+0000][36436][gc,phases    ] GC(84)   Merge Heap Roots: 0.1ms
[2020-10-06T06:34:48.408+0000][36436][gc,phases    ] GC(84)   Evacuate Collection Set: 2.9ms
[2020-10-06T06:34:48.408+0000][36436][gc,phases    ] GC(84)   Post Evacuate Collection Set: 1.2ms
[2020-10-06T06:34:48.408+0000][36436][gc,phases    ] GC(84)   Other: 1.6ms
[2020-10-06T06:34:48.408+0000][36436][gc,heap      ] GC(84) Eden regions: 114->0(500)
[2020-10-06T06:34:48.408+0000][36436][gc,heap      ] GC(84) Survivor regions: 7->5(63)
[2020-10-06T06:34:48.408+0000][36436][gc,heap      ] GC(84) Old regions: 75->75
[2020-10-06T06:34:48.408+0000][36436][gc,heap      ] GC(84) Archive regions: 0->0
[2020-10-06T06:34:48.408+0000][36436][gc,heap      ] GC(84) Humongous regions: 480->174
[2020-10-06T06:34:48.408+0000][36436][gc,metaspace ] GC(84) Metaspace: 85859K(91772K)->85859K(91772K) NonClass: 74660K(78204K)->74660K(78204K) Class: 11199K(13568K)->11199K(13568K)
[2020-10-06T06:34:48.408+0000][36436][gc           ] GC(84) Pause Young (Concurrent Start) (G1 Humongous Allocation) 674M->252M(1024M) 6.811ms
[2020-10-06T06:34:48.408+0000][36436][gc,cpu       ] GC(84) User=0.00s Sys=0.00s Real=0.01s
[2020-10-06T06:34:48.408+0000][36436][gc           ] GC(85) Concurrent Cycle
[2020-10-06T06:34:48.408+0000][36436][safepoint    ] Safepoint "G1TryInitiateConcMark", Time since last: 76108300 ns, Reaching safepoint: 163600 ns, At safepoint: 7028900 ns, Total: 7192500 ns
[2020-10-06T06:34:48.408+0000][36436][gc,marking   ] GC(85) Concurrent Clear Claimed Marks
[2020-10-06T06:34:48.409+0000][36436][gc,marking   ] GC(85) Concurrent Clear Claimed Marks 0.566ms
[2020-10-06T06:34:48.409+0000][36436][gc,marking   ] GC(85) Concurrent Scan Root Regions
[2020-10-06T06:34:48.412+0000][36436][gc,marking   ] GC(85) Concurrent Scan Root Regions 2.790ms
[2020-10-06T06:34:48.412+0000][36436][gc,marking   ] GC(85) Concurrent Mark (8958.610s)
[2020-10-06T06:34:48.412+0000][36436][gc,marking   ] GC(85) Concurrent Mark From Roots
[2020-10-06T06:34:48.412+0000][36436][gc,task      ] GC(85) Using 2 workers of 2 for marking
[2020-10-06T06:34:48.575+0000][36436][gc,marking   ] GC(85) Concurrent Mark From Roots 162.589ms
[2020-10-06T06:34:48.575+0000][36436][gc,marking   ] GC(85) Concurrent Preclean
[2020-10-06T06:34:48.575+0000][36436][gc,marking   ] GC(85) Concurrent Preclean 0.785ms
[2020-10-06T06:34:48.576+0000][36436][gc,marking   ] GC(85) Concurrent Mark (8958.610s, 8958.774s) 163.597ms
[2020-10-06T06:34:48.576+0000][36436][gc,start     ] GC(85) Pause Remark
[2020-10-06T06:34:48.583+0000][36436][gc           ] GC(85) Pause Remark 393M->393M(1024M) 7.379ms
[2020-10-06T06:34:48.583+0000][36436][gc,cpu       ] GC(85) User=0.00s Sys=0.00s Real=0.01s
[2020-10-06T06:34:48.583+0000][36436][safepoint    ] Safepoint "G1Concurrent", Time since last: 167323100 ns, Reaching safepoint: 202200 ns, At safepoint: 7657800 ns, Total: 7860000 ns
[2020-10-06T06:34:48.584+0000][36436][gc,marking   ] GC(85) Concurrent Rebuild Remembered Sets
[2020-10-06T06:34:48.684+0000][36436][gc,marking   ] GC(85) Concurrent Rebuild Remembered Sets 100.444ms
[2020-10-06T06:34:48.684+0000][36436][gc,start     ] GC(85) Pause Cleanup
[2020-10-06T06:34:48.685+0000][36436][gc           ] GC(85) Pause Cleanup 520M->520M(1024M) 0.347ms
[2020-10-06T06:34:48.685+0000][36436][gc,cpu       ] GC(85) User=0.00s Sys=0.00s Real=0.00s
[2020-10-06T06:34:48.685+0000][36436][safepoint    ] Safepoint "G1Concurrent", Time since last: 100657600 ns, Reaching safepoint: 173500 ns, At safepoint: 521900 ns, Total: 695400 ns
[2020-10-06T06:34:48.685+0000][36436][gc,marking   ] GC(85) Concurrent Cleanup for Next Mark
[2020-10-06T06:34:48.687+0000][36436][gc,marking   ] GC(85) Concurrent Cleanup for Next Mark 1.950ms
[2020-10-06T06:34:48.687+0000][36436][gc           ] GC(85) Concurrent Cycle 278.720ms
[2020-10-06T06:34:48.735+0000][36436][gc,start     ] GC(86) Pause Young (Concurrent Start) (G1 Humongous Allocation)
[2020-10-06T06:34:48.735+0000][36436][gc,task      ] GC(86) Using 8 workers of 8 for evacuation
[2020-10-06T06:34:48.735+0000][36436][gc,age       ] GC(86) Desired survivor size 33554432 bytes, new threshold 15 (max threshold 15)
[2020-10-06T06:34:48.741+0000][36436][gc,age       ] GC(86) Age table with threshold 15 (max threshold 15)
[2020-10-06T06:34:48.741+0000][36436][gc,age       ] GC(86) - age   1:    3504944 bytes,    3504944 total
[2020-10-06T06:34:48.741+0000][36436][gc,age       ] GC(86) - age   2:      31072 bytes,    3536016 total
[2020-10-06T06:34:48.741+0000][36436][gc,age       ] GC(86) - age   3:       5328 bytes,    3541344 total
[2020-10-06T06:34:48.741+0000][36436][gc,age       ] GC(86) - age   4:     184008 bytes,    3725352 total
[2020-10-06T06:34:48.741+0000][36436][gc,age       ] GC(86) - age   5:       3944 bytes,    3729296 total
[2020-10-06T06:34:48.741+0000][36436][gc,age       ] GC(86) - age   6:     771888 bytes,    4501184 total
[2020-10-06T06:34:48.741+0000][36436][gc,age       ] GC(86) - age   7:       1872 bytes,    4503056 total
[2020-10-06T06:34:48.741+0000][36436][gc,age       ] GC(86) - age   8:       2968 bytes,    4506024 total
[2020-10-06T06:34:48.741+0000][36436][gc,age       ] GC(86) - age   9:       1672 bytes,    4507696 total
[2020-10-06T06:34:48.741+0000][36436][gc,age       ] GC(86) - age  10:        800 bytes,    4508496 total
[2020-10-06T06:34:48.741+0000][36436][gc,age       ] GC(86) - age  11:     106624 bytes,    4615120 total
[2020-10-06T06:34:48.741+0000][36436][gc,age       ] GC(86) - age  12:       1504 bytes,    4616624 total
[2020-10-06T06:34:48.741+0000][36436][gc,age       ] GC(86) - age  13:       1776 bytes,    4618400 total
[2020-10-06T06:34:48.741+0000][36436][gc,age       ] GC(86) - age  14:        728 bytes,    4619128 total
[2020-10-06T06:34:48.741+0000][36436][gc,age       ] GC(86) - age  15:       1576 bytes,    4620704 total
[2020-10-06T06:34:48.741+0000][36436][gc,phases    ] GC(86)   Pre Evacuate Collection Set: 0.5ms
[2020-10-06T06:34:48.741+0000][36436][gc,phases    ] GC(86)   Merge Heap Roots: 0.1ms
[2020-10-06T06:34:48.741+0000][36436][gc,phases    ] GC(86)   Evacuate Collection Set: 3.4ms
[2020-10-06T06:34:48.741+0000][36436][gc,phases    ] GC(86)   Post Evacuate Collection Set: 1.0ms
[2020-10-06T06:34:48.742+0000][36436][gc,phases    ] GC(86)   Other: 1.2ms
[2020-10-06T06:34:48.742+0000][36436][gc,heap      ] GC(86) Eden regions: 80->0(501)
[2020-10-06T06:34:48.742+0000][36436][gc,heap      ] GC(86) Survivor regions: 5->5(64)
[2020-10-06T06:34:48.742+0000][36436][gc,heap      ] GC(86) Old regions: 75->75
[2020-10-06T06:34:48.742+0000][36436][gc,heap      ] GC(86) Archive regions: 0->0
[2020-10-06T06:34:48.742+0000][36436][gc,heap      ] GC(86) Humongous regions: 374->174
[2020-10-06T06:34:48.742+0000][36436][gc,metaspace ] GC(86) Metaspace: 85898K(91772K)->85898K(91772K) NonClass: 74699K(78204K)->74699K(78204K) Class: 11199K(13568K)->11199K(13568K)
[2020-10-06T06:34:48.742+0000][36436][gc           ] GC(86) Pause Young (Concurrent Start) (G1 Humongous Allocation) 532M->253M(1024M) 6.685ms
[2020-10-06T06:34:48.742+0000][36436][gc,cpu       ] GC(86) User=0.06s Sys=0.00s Real=0.01s
[2020-10-06T06:34:48.742+0000][36436][gc           ] GC(87) Concurrent Cycle
[2020-10-06T06:34:48.742+0000][36436][safepoint    ] Safepoint "G1TryInitiateConcMark", Time since last: 50163500 ns, Reaching safepoint: 144600 ns, At safepoint: 6915400 ns, Total: 7060000 ns
[2020-10-06T06:34:48.742+0000][36436][gc,marking   ] GC(87) Concurrent Clear Claimed Marks
[2020-10-06T06:34:48.743+0000][36436][gc,marking   ] GC(87) Concurrent Clear Claimed Marks 0.747ms
[2020-10-06T06:34:48.743+0000][36436][gc,marking   ] GC(87) Concurrent Scan Root Regions
[2020-10-06T06:34:48.747+0000][36436][gc,marking   ] GC(87) Concurrent Scan Root Regions 4.187ms
[2020-10-06T06:34:48.747+0000][36436][gc,marking   ] GC(87) Concurrent Mark (8958.945s)
[2020-10-06T06:34:48.747+0000][36436][gc,marking   ] GC(87) Concurrent Mark From Roots
[2020-10-06T06:34:48.747+0000][36436][gc,task      ] GC(87) Using 2 workers of 2 for marking
[2020-10-06T06:34:48.915+0000][36436][gc,marking   ] GC(87) Concurrent Mark From Roots 167.853ms
[2020-10-06T06:34:48.915+0000][36436][gc,marking   ] GC(87) Concurrent Preclean
[2020-10-06T06:34:48.916+0000][36436][gc,marking   ] GC(87) Concurrent Preclean 0.599ms
[2020-10-06T06:34:48.916+0000][36436][gc,marking   ] GC(87) Concurrent Mark (8958.945s, 8959.114s) 168.650ms
[2020-10-06T06:34:48.916+0000][36436][gc,start     ] GC(87) Pause Remark
[2020-10-06T06:34:48.921+0000][36436][gc           ] GC(87) Pause Remark 449M->449M(1024M) 5.207ms
[2020-10-06T06:34:48.922+0000][36436][gc,cpu       ] GC(87) User=0.00s Sys=0.00s Real=0.01s
[2020-10-06T06:34:48.922+0000][36436][safepoint    ] Safepoint "G1Concurrent", Time since last: 173990400 ns, Reaching safepoint: 177700 ns, At safepoint: 5513100 ns, Total: 5690800 ns
[2020-10-06T06:34:48.922+0000][36436][gc,marking   ] GC(87) Concurrent Rebuild Remembered Sets
[2020-10-06T06:34:49.004+0000][36436][gc,marking   ] GC(87) Concurrent Rebuild Remembered Sets 82.249ms
[2020-10-06T06:34:49.004+0000][36436][gc,start     ] GC(87) Pause Cleanup
[2020-10-06T06:34:49.005+0000][36436][gc           ] GC(87) Pause Cleanup 524M->524M(1024M) 0.395ms
[2020-10-06T06:34:49.005+0000][36436][gc,cpu       ] GC(87) User=0.03s Sys=0.00s Real=0.00s
[2020-10-06T06:34:49.005+0000][36436][safepoint    ] Safepoint "G1Concurrent", Time since last: 82468000 ns, Reaching safepoint: 144700 ns, At safepoint: 603200 ns, Total: 747900 ns
[2020-10-06T06:34:49.005+0000][36436][gc,marking   ] GC(87) Concurrent Cleanup for Next Mark
[2020-10-06T06:34:49.007+0000][36436][gc,marking   ] GC(87) Concurrent Cleanup for Next Mark 1.758ms
[2020-10-06T06:34:49.007+0000][36436][gc           ] GC(87) Concurrent Cycle 264.920ms
[2020-10-06T06:34:49.041+0000][36436][gc,start     ] GC(88) Pause Young (Concurrent Start) (G1 Humongous Allocation)
[2020-10-06T06:34:49.041+0000][36436][gc,task      ] GC(88) Using 8 workers of 8 for evacuation
[2020-10-06T06:34:49.042+0000][36436][gc,age       ] GC(88) Desired survivor size 33554432 bytes, new threshold 15 (max threshold 15)
[2020-10-06T06:34:49.048+0000][36436][gc,age       ] GC(88) Age table with threshold 15 (max threshold 15)
[2020-10-06T06:34:49.048+0000][36436][gc,age       ] GC(88) - age   1:    3504856 bytes,    3504856 total
[2020-10-06T06:34:49.048+0000][36436][gc,age       ] GC(88) - age   2:     408872 bytes,    3913728 total
[2020-10-06T06:34:49.048+0000][36436][gc,age       ] GC(88) - age   3:      27728 bytes,    3941456 total
[2020-10-06T06:34:49.048+0000][36436][gc,age       ] GC(88) - age   4:       4904 bytes,    3946360 total
[2020-10-06T06:34:49.048+0000][36436][gc,age       ] GC(88) - age   5:     184008 bytes,    4130368 total
[2020-10-06T06:34:49.048+0000][36436][gc,age       ] GC(88) - age   6:       3720 bytes,    4134088 total
[2020-10-06T06:34:49.048+0000][36436][gc,age       ] GC(88) - age   7:     771728 bytes,    4905816 total
[2020-10-06T06:34:49.048+0000][36436][gc,age       ] GC(88) - age   8:       1552 bytes,    4907368 total
[2020-10-06T06:34:49.048+0000][36436][gc,age       ] GC(88) - age   9:       2968 bytes,    4910336 total
[2020-10-06T06:34:49.049+0000][36436][gc,age       ] GC(88) - age  10:       1672 bytes,    4912008 total
[2020-10-06T06:34:49.049+0000][36436][gc,age       ] GC(88) - age  11:        800 bytes,    4912808 total
[2020-10-06T06:34:49.049+0000][36436][gc,age       ] GC(88) - age  12:     106560 bytes,    5019368 total
[2020-10-06T06:34:49.049+0000][36436][gc,age       ] GC(88) - age  13:       1504 bytes,    5020872 total
[2020-10-06T06:34:49.049+0000][36436][gc,age       ] GC(88) - age  14:       1776 bytes,    5022648 total
[2020-10-06T06:34:49.049+0000][36436][gc,age       ] GC(88) - age  15:        728 bytes,    5023376 total
[2020-10-06T06:34:49.049+0000][36436][gc,phases    ] GC(88)   Pre Evacuate Collection Set: 0.5ms
[2020-10-06T06:34:49.049+0000][36436][gc,phases    ] GC(88)   Merge Heap Roots: 0.1ms
[2020-10-06T06:34:49.049+0000][36436][gc,phases    ] GC(88)   Evacuate Collection Set: 4.4ms
[2020-10-06T06:34:49.049+0000][36436][gc,phases    ] GC(88)   Post Evacuate Collection Set: 1.2ms
[2020-10-06T06:34:49.049+0000][36436][gc,phases    ] GC(88)   Other: 1.4ms
[2020-10-06T06:34:49.049+0000][36436][gc,heap      ] GC(88) Eden regions: 79->0(502)
[2020-10-06T06:34:49.049+0000][36436][gc,heap      ] GC(88) Survivor regions: 5->5(64)
[2020-10-06T06:34:49.049+0000][36436][gc,heap      ] GC(88) Old regions: 75->75
[2020-10-06T06:34:49.049+0000][36436][gc,heap      ] GC(88) Archive regions: 0->0
[2020-10-06T06:34:49.049+0000][36436][gc,heap      ] GC(88) Humongous regions: 374->174
[2020-10-06T06:34:49.049+0000][36436][gc,metaspace ] GC(88) Metaspace: 85919K(91772K)->85919K(91772K) NonClass: 74720K(78204K)->74720K(78204K) Class: 11199K(13568K)->11199K(13568K)
[2020-10-06T06:34:49.050+0000][36436][gc           ] GC(88) Pause Young (Concurrent Start) (G1 Humongous Allocation) 531M->253M(1024M) 8.167ms
[2020-10-06T06:34:49.050+0000][36436][gc,cpu       ] GC(88) User=0.00s Sys=0.00s Real=0.01s
[2020-10-06T06:34:49.050+0000][36436][gc           ] GC(89) Concurrent Cycle
[2020-10-06T06:34:49.050+0000][36436][safepoint    ] Safepoint "G1TryInitiateConcMark", Time since last: 36262500 ns, Reaching safepoint: 144200 ns, At safepoint: 8386300 ns, Total: 8530500 ns
[2020-10-06T06:34:49.050+0000][36436][gc,marking   ] GC(89) Concurrent Clear Claimed Marks
[2020-10-06T06:34:49.050+0000][36436][gc,marking   ] GC(89) Concurrent Clear Claimed Marks 0.571ms
[2020-10-06T06:34:49.050+0000][36436][gc,marking   ] GC(89) Concurrent Scan Root Regions
[2020-10-06T06:34:49.055+0000][36436][gc,marking   ] GC(89) Concurrent Scan Root Regions 4.260ms
[2020-10-06T06:34:49.055+0000][36436][gc,marking   ] GC(89) Concurrent Mark (8959.253s)
[2020-10-06T06:34:49.055+0000][36436][gc,marking   ] GC(89) Concurrent Mark From Roots
[2020-10-06T06:34:49.055+0000][36436][gc,task      ] GC(89) Using 2 workers of 2 for marking
[2020-10-06T06:34:49.210+0000][36436][gc,marking   ] GC(89) Concurrent Mark From Roots 154.852ms
[2020-10-06T06:34:49.210+0000][36436][gc,marking   ] GC(89) Concurrent Preclean
[2020-10-06T06:34:49.211+0000][36436][gc,marking   ] GC(89) Concurrent Preclean 0.726ms
[2020-10-06T06:34:49.211+0000][36436][gc,marking   ] GC(89) Concurrent Mark (8959.253s, 8959.409s) 155.793ms
[2020-10-06T06:34:49.211+0000][36436][gc,start     ] GC(89) Pause Remark
[2020-10-06T06:34:49.217+0000][36436][gc           ] GC(89) Pause Remark 453M->453M(1024M) 5.814ms
[2020-10-06T06:34:49.217+0000][36436][gc,cpu       ] GC(89) User=0.00s Sys=0.00s Real=0.01s
[2020-10-06T06:34:49.217+0000][36436][safepoint    ] Safepoint "G1Concurrent", Time since last: 160983700 ns, Reaching safepoint: 189500 ns, At safepoint: 6078500 ns, Total: 6268000 ns
[2020-10-06T06:34:49.217+0000][36436][gc,marking   ] GC(89) Concurrent Rebuild Remembered Sets
[2020-10-06T06:34:49.314+0000][36436][gc,marking   ] GC(89) Concurrent Rebuild Remembered Sets 96.673ms
[2020-10-06T06:34:49.314+0000][36436][gc,start     ] GC(89) Pause Cleanup
[2020-10-06T06:34:49.314+0000][36436][gc           ] GC(89) Pause Cleanup 524M->524M(1024M) 0.410ms
[2020-10-06T06:34:49.315+0000][36436][gc,cpu       ] GC(89) User=0.00s Sys=0.00s Real=0.00s
[2020-10-06T06:34:49.315+0000][36436][safepoint    ] Safepoint "G1Concurrent", Time since last: 96870500 ns, Reaching safepoint: 180600 ns, At safepoint: 639300 ns, Total: 819900 ns
[2020-10-06T06:34:49.315+0000][36436][gc,marking   ] GC(89) Concurrent Cleanup for Next Mark
[2020-10-06T06:34:49.317+0000][36436][gc,marking   ] GC(89) Concurrent Cleanup for Next Mark 1.980ms
[2020-10-06T06:34:49.317+0000][36436][gc           ] GC(89) Concurrent Cycle 267.183ms
[2020-10-06T06:34:49.349+0000][36436][gc,start     ] GC(90) Pause Young (Concurrent Start) (G1 Humongous Allocation)
[2020-10-06T06:34:49.349+0000][36436][gc,task      ] GC(90) Using 8 workers of 8 for evacuation
[2020-10-06T06:34:49.349+0000][36436][gc,age       ] GC(90) Desired survivor size 33554432 bytes, new threshold 15 (max threshold 15)
[2020-10-06T06:34:49.355+0000][36436][gc,age       ] GC(90) Age table with threshold 15 (max threshold 15)
[2020-10-06T06:34:49.356+0000][36436][gc,age       ] GC(90) - age   1:    3503600 bytes,    3503600 total
[2020-10-06T06:34:49.356+0000][36436][gc,age       ] GC(90) - age   2:     412880 bytes,    3916480 total
[2020-10-06T06:34:49.356+0000][36436][gc,age       ] GC(90) - age   3:     407776 bytes,    4324256 total
[2020-10-06T06:34:49.356+0000][36436][gc,age       ] GC(90) - age   4:      21672 bytes,    4345928 total
[2020-10-06T06:34:49.356+0000][36436][gc,age       ] GC(90) - age   5:       4808 bytes,    4350736 total
[2020-10-06T06:34:49.356+0000][36436][gc,age       ] GC(90) - age   6:     184008 bytes,    4534744 total
[2020-10-06T06:34:49.356+0000][36436][gc,age       ] GC(90) - age   7:       3432 bytes,    4538176 total
[2020-10-06T06:34:49.356+0000][36436][gc,age       ] GC(90) - age   8:     771632 bytes,    5309808 total
[2020-10-06T06:34:49.356+0000][36436][gc,age       ] GC(90) - age   9:       1552 bytes,    5311360 total
[2020-10-06T06:34:49.356+0000][36436][gc,age       ] GC(90) - age  10:       2968 bytes,    5314328 total
[2020-10-06T06:34:49.356+0000][36436][gc,age       ] GC(90) - age  11:       1576 bytes,    5315904 total
[2020-10-06T06:34:49.356+0000][36436][gc,age       ] GC(90) - age  12:        800 bytes,    5316704 total
[2020-10-06T06:34:49.356+0000][36436][gc,age       ] GC(90) - age  13:     106560 bytes,    5423264 total
[2020-10-06T06:34:49.356+0000][36436][gc,age       ] GC(90) - age  14:       1504 bytes,    5424768 total
[2020-10-06T06:34:49.356+0000][36436][gc,age       ] GC(90) - age  15:       1776 bytes,    5426544 total
[2020-10-06T06:34:49.356+0000][36436][gc,phases    ] GC(90)   Pre Evacuate Collection Set: 0.4ms
[2020-10-06T06:34:49.356+0000][36436][gc,phases    ] GC(90)   Merge Heap Roots: 0.1ms
[2020-10-06T06:34:49.356+0000][36436][gc,phases    ] GC(90)   Evacuate Collection Set: 4.5ms
[2020-10-06T06:34:49.357+0000][36436][gc,phases    ] GC(90)   Post Evacuate Collection Set: 1.0ms
[2020-10-06T06:34:49.357+0000][36436][gc,phases    ] GC(90)   Other: 1.4ms
[2020-10-06T06:34:49.357+0000][36436][gc,heap      ] GC(90) Eden regions: 79->0(501)
[2020-10-06T06:34:49.357+0000][36436][gc,heap      ] GC(90) Survivor regions: 5->6(64)
[2020-10-06T06:34:49.357+0000][36436][gc,heap      ] GC(90) Old regions: 75->75
[2020-10-06T06:34:49.357+0000][36436][gc,heap      ] GC(90) Archive regions: 0->0
[2020-10-06T06:34:49.357+0000][36436][gc,heap      ] GC(90) Humongous regions: 374->174
[2020-10-06T06:34:49.357+0000][36436][gc,metaspace ] GC(90) Metaspace: 85978K(92028K)->85978K(92028K) NonClass: 74779K(78460K)->74779K(78460K) Class: 11199K(13568K)->11199K(13568K)
[2020-10-06T06:34:49.357+0000][36436][gc           ] GC(90) Pause Young (Concurrent Start) (G1 Humongous Allocation) 532M->253M(1024M) 8.061ms
[2020-10-06T06:34:49.357+0000][36436][gc,cpu       ] GC(90) User=0.00s Sys=0.00s Real=0.01s
[2020-10-06T06:34:49.357+0000][36436][gc           ] GC(91) Concurrent Cycle
[2020-10-06T06:34:49.357+0000][36436][safepoint    ] Safepoint "G1TryInitiateConcMark", Time since last: 34063300 ns, Reaching safepoint: 175800 ns, At safepoint: 8294600 ns, Total: 8470400 ns
[2020-10-06T06:34:49.357+0000][36436][gc,marking   ] GC(91) Concurrent Clear Claimed Marks
[2020-10-06T06:34:49.358+0000][36436][gc,marking   ] GC(91) Concurrent Clear Claimed Marks 0.566ms
[2020-10-06T06:34:49.358+0000][36436][gc,marking   ] GC(91) Concurrent Scan Root Regions
[2020-10-06T06:34:49.362+0000][36436][gc,marking   ] GC(91) Concurrent Scan Root Regions 4.250ms
[2020-10-06T06:34:49.362+0000][36436][gc,marking   ] GC(91) Concurrent Mark (8959.560s)
[2020-10-06T06:34:49.362+0000][36436][gc,marking   ] GC(91) Concurrent Mark From Roots
[2020-10-06T06:34:49.362+0000][36436][gc,task      ] GC(91) Using 2 workers of 2 for marking
[2020-10-06T06:34:49.503+0000][36436][gc,marking   ] GC(91) Concurrent Mark From Roots 141.130ms
[2020-10-06T06:34:49.503+0000][36436][gc,marking   ] GC(91) Concurrent Preclean
[2020-10-06T06:34:49.504+0000][36436][gc,marking   ] GC(91) Concurrent Preclean 0.828ms
[2020-10-06T06:34:49.504+0000][36436][gc,marking   ] GC(91) Concurrent Mark (8959.560s, 8959.703s) 142.176ms
[2020-10-06T06:34:49.504+0000][36436][gc,start     ] GC(91) Pause Remark
[2020-10-06T06:34:49.510+0000][36436][gc           ] GC(91) Pause Remark 455M->455M(1024M) 5.425ms
[2020-10-06T06:34:49.510+0000][36436][gc,cpu       ] GC(91) User=0.11s Sys=0.00s Real=0.01s
[2020-10-06T06:34:49.510+0000][36436][safepoint    ] Safepoint "G1Concurrent", Time since last: 147382800 ns, Reaching safepoint: 127100 ns, At safepoint: 5651200 ns, Total: 5778300 ns
[2020-10-06T06:34:49.510+0000][36436][gc,marking   ] GC(91) Concurrent Rebuild Remembered Sets
[2020-10-06T06:34:49.586+0000][36436][gc,marking   ] GC(91) Concurrent Rebuild Remembered Sets 75.615ms
[2020-10-06T06:34:49.586+0000][36436][gc,start     ] GC(91) Pause Cleanup
[2020-10-06T06:34:49.586+0000][36436][gc           ] GC(91) Pause Cleanup 531M->531M(1024M) 0.318ms
[2020-10-06T06:34:49.586+0000][36436][gc,cpu       ] GC(91) User=0.00s Sys=0.00s Real=0.00s
[2020-10-06T06:34:49.586+0000][36436][safepoint    ] Safepoint "G1Concurrent", Time since last: 75825300 ns, Reaching safepoint: 174000 ns, At safepoint: 475100 ns, Total: 649100 ns
[2020-10-06T06:34:49.586+0000][36436][gc,marking   ] GC(91) Concurrent Cleanup for Next Mark
[2020-10-06T06:34:49.588+0000][36436][gc,marking   ] GC(91) Concurrent Cleanup for Next Mark 1.496ms
[2020-10-06T06:34:49.588+0000][36436][gc           ] GC(91) Concurrent Cycle 231.355ms
[2020-10-06T06:34:49.591+0000][36436][gc,start     ] GC(92) Pause Young (Concurrent Start) (G1 Humongous Allocation)
[2020-10-06T06:34:49.591+0000][36436][gc,task      ] GC(92) Using 8 workers of 8 for evacuation
[2020-10-06T06:34:49.591+0000][36436][gc,age       ] GC(92) Desired survivor size 33554432 bytes, new threshold 15 (max threshold 15)
[2020-10-06T06:34:49.596+0000][36436][gc,age       ] GC(92) Age table with threshold 15 (max threshold 15)
[2020-10-06T06:34:49.597+0000][36436][gc,age       ] GC(92) - age   1:    3505320 bytes,    3505320 total
[2020-10-06T06:34:49.597+0000][36436][gc,age       ] GC(92) - age   2:     412192 bytes,    3917512 total
[2020-10-06T06:34:49.597+0000][36436][gc,age       ] GC(92) - age   3:     410656 bytes,    4328168 total
[2020-10-06T06:34:49.597+0000][36436][gc,age       ] GC(92) - age   4:     406632 bytes,    4734800 total
[2020-10-06T06:34:49.597+0000][36436][gc,age       ] GC(92) - age   5:      21200 bytes,    4756000 total
[2020-10-06T06:34:49.597+0000][36436][gc,age       ] GC(92) - age   6:       4616 bytes,    4760616 total
[2020-10-06T06:34:49.597+0000][36436][gc,age       ] GC(92) - age   7:     183888 bytes,    4944504 total
[2020-10-06T06:34:49.597+0000][36436][gc,age       ] GC(92) - age   8:       3400 bytes,    4947904 total
[2020-10-06T06:34:49.597+0000][36436][gc,age       ] GC(92) - age   9:     769232 bytes,    5717136 total
[2020-10-06T06:34:49.597+0000][36436][gc,age       ] GC(92) - age  10:       1032 bytes,    5718168 total
[2020-10-06T06:34:49.597+0000][36436][gc,age       ] GC(92) - age  11:       2840 bytes,    5721008 total
[2020-10-06T06:34:49.597+0000][36436][gc,age       ] GC(92) - age  12:       1448 bytes,    5722456 total
[2020-10-06T06:34:49.597+0000][36436][gc,age       ] GC(92) - age  13:        800 bytes,    5723256 total
[2020-10-06T06:34:49.597+0000][36436][gc,age       ] GC(92) - age  14:     106560 bytes,    5829816 total
[2020-10-06T06:34:49.597+0000][36436][gc,age       ] GC(92) - age  15:       1504 bytes,    5831320 total
[2020-10-06T06:34:49.597+0000][36436][gc,phases    ] GC(92)   Pre Evacuate Collection Set: 0.4ms
[2020-10-06T06:34:49.597+0000][36436][gc,phases    ] GC(92)   Merge Heap Roots: 0.1ms
[2020-10-06T06:34:49.597+0000][36436][gc,phases    ] GC(92)   Evacuate Collection Set: 3.7ms
[2020-10-06T06:34:49.597+0000][36436][gc,phases    ] GC(92)   Post Evacuate Collection Set: 1.1ms
[2020-10-06T06:34:49.598+0000][36436][gc,phases    ] GC(92)   Other: 1.1ms
[2020-10-06T06:34:49.598+0000][36436][gc,heap      ] GC(92) Eden regions: 80->0(502)
[2020-10-06T06:34:49.598+0000][36436][gc,heap      ] GC(92) Survivor regions: 6->6(64)
[2020-10-06T06:34:49.598+0000][36436][gc,heap      ] GC(92) Old regions: 75->75
[2020-10-06T06:34:49.598+0000][36436][gc,heap      ] GC(92) Archive regions: 0->0
[2020-10-06T06:34:49.598+0000][36436][gc,heap      ] GC(92) Humongous regions: 374->174
[2020-10-06T06:34:49.598+0000][36436][gc,metaspace ] GC(92) Metaspace: 86004K(92028K)->86004K(92028K) NonClass: 74804K(78460K)->74804K(78460K) Class: 11199K(13568K)->11199K(13568K)
[2020-10-06T06:34:49.598+0000][36436][gc           ] GC(92) Pause Young (Concurrent Start) (G1 Humongous Allocation) 533M->254M(1024M) 6.943ms
[2020-10-06T06:34:49.598+0000][36436][gc,cpu       ] GC(92) User=0.00s Sys=0.00s Real=0.01s
[2020-10-06T06:34:49.598+0000][36436][safepoint    ] Safepoint "G1TryInitiateConcMark", Time since last: 4268000 ns, Reaching safepoint: 162600 ns, At safepoint: 7114000 ns, Total: 7276600 ns
[2020-10-06T06:34:49.598+0000][36436][gc           ] GC(93) Concurrent Cycle
[2020-10-06T06:34:49.598+0000][36436][gc,marking   ] GC(93) Concurrent Clear Claimed Marks
[2020-10-06T06:34:49.598+0000][36436][gc,marking   ] GC(93) Concurrent Clear Claimed Marks 0.343ms
[2020-10-06T06:34:49.598+0000][36436][gc,marking   ] GC(93) Concurrent Scan Root Regions
[2020-10-06T06:34:49.601+0000][36436][gc,marking   ] GC(93) Concurrent Scan Root Regions 2.899ms
[2020-10-06T06:34:49.601+0000][36436][gc,marking   ] GC(93) Concurrent Mark (8959.800s)
[2020-10-06T06:34:49.601+0000][36436][gc,marking   ] GC(93) Concurrent Mark From Roots
[2020-10-06T06:34:49.601+0000][36436][gc,task      ] GC(93) Using 2 workers of 2 for marking
[2020-10-06T06:34:49.714+0000][36436][gc,marking   ] GC(93) Concurrent Mark From Roots 112.401ms
[2020-10-06T06:34:49.714+0000][36436][gc,marking   ] GC(93) Concurrent Preclean
[2020-10-06T06:34:49.715+0000][36436][gc,marking   ] GC(93) Concurrent Preclean 0.653ms
[2020-10-06T06:34:49.715+0000][36436][gc,marking   ] GC(93) Concurrent Mark (8959.800s, 8959.913s) 113.233ms
[2020-10-06T06:34:49.715+0000][36436][gc,start     ] GC(93) Pause Remark
[2020-10-06T06:34:49.720+0000][36436][gc           ] GC(93) Pause Remark 449M->449M(1024M) 5.119ms
[2020-10-06T06:34:49.720+0000][36436][gc,cpu       ] GC(93) User=0.00s Sys=0.00s Real=0.01s
[2020-10-06T06:34:49.720+0000][36436][safepoint    ] Safepoint "G1Concurrent", Time since last: 116755400 ns, Reaching safepoint: 138900 ns, At safepoint: 5348400 ns, Total: 5487300 ns
[2020-10-06T06:34:49.720+0000][36436][gc,marking   ] GC(93) Concurrent Rebuild Remembered Sets
[2020-10-06T06:34:49.816+0000][36436][gc,marking   ] GC(93) Concurrent Rebuild Remembered Sets 95.837ms
[2020-10-06T06:34:49.817+0000][36436][gc,start     ] GC(93) Pause Cleanup
[2020-10-06T06:34:49.817+0000][36436][gc           ] GC(93) Pause Cleanup 465M->465M(1024M) 0.345ms
[2020-10-06T06:34:49.817+0000][36436][gc,cpu       ] GC(93) User=0.00s Sys=0.00s Real=0.00s
[2020-10-06T06:34:49.817+0000][36436][safepoint    ] Safepoint "G1Concurrent", Time since last: 96068300 ns, Reaching safepoint: 220700 ns, At safepoint: 512900 ns, Total: 733600 ns
[2020-10-06T06:34:49.817+0000][36436][gc,marking   ] GC(93) Concurrent Cleanup for Next Mark
[2020-10-06T06:34:49.819+0000][36436][gc,marking   ] GC(93) Concurrent Cleanup for Next Mark 1.948ms
[2020-10-06T06:34:49.820+0000][36436][gc           ] GC(93) Concurrent Cycle 221.366ms
[2020-10-06T06:34:50.865+0000][36436][safepoint    ] Safepoint "Cleanup", Time since last: 1046839900 ns, Reaching safepoint: 262700 ns, At safepoint: 728600 ns, Total: 991300 ns
[2020-10-06T06:34:50.903+0000][36436][gc,start     ] GC(94) Pause Young (Concurrent Start) (G1 Humongous Allocation)
[2020-10-06T06:34:50.903+0000][36436][gc,task      ] GC(94) Using 8 workers of 8 for evacuation
[2020-10-06T06:34:50.903+0000][36436][gc,age       ] GC(94) Desired survivor size 33554432 bytes, new threshold 15 (max threshold 15)
[2020-10-06T06:34:50.908+0000][36436][gc,age       ] GC(94) Age table with threshold 15 (max threshold 15)
[2020-10-06T06:34:50.908+0000][36436][gc,age       ] GC(94) - age   1:    2760336 bytes,    2760336 total
[2020-10-06T06:34:50.909+0000][36436][gc,age       ] GC(94) - age   2:       3448 bytes,    2763784 total
[2020-10-06T06:34:50.909+0000][36436][gc,age       ] GC(94) - age   3:       2744 bytes,    2766528 total
[2020-10-06T06:34:50.909+0000][36436][gc,age       ] GC(94) - age   4:       3056 bytes,    2769584 total
[2020-10-06T06:34:50.909+0000][36436][gc,age       ] GC(94) - age   5:       1328 bytes,    2770912 total
[2020-10-06T06:34:50.909+0000][36436][gc,age       ] GC(94) - age   6:      19568 bytes,    2790480 total
[2020-10-06T06:34:50.909+0000][36436][gc,age       ] GC(94) - age   7:       4616 bytes,    2795096 total
[2020-10-06T06:34:50.909+0000][36436][gc,age       ] GC(94) - age   8:     183600 bytes,    2978696 total
[2020-10-06T06:34:50.909+0000][36436][gc,age       ] GC(94) - age   9:       3400 bytes,    2982096 total
[2020-10-06T06:34:50.909+0000][36436][gc,age       ] GC(94) - age  10:     768504 bytes,    3750600 total
[2020-10-06T06:34:50.909+0000][36436][gc,age       ] GC(94) - age  11:        968 bytes,    3751568 total
[2020-10-06T06:34:50.909+0000][36436][gc,age       ] GC(94) - age  12:       2840 bytes,    3754408 total
[2020-10-06T06:34:50.909+0000][36436][gc,age       ] GC(94) - age  13:       1448 bytes,    3755856 total
[2020-10-06T06:34:50.909+0000][36436][gc,age       ] GC(94) - age  14:        800 bytes,    3756656 total
[2020-10-06T06:34:50.909+0000][36436][gc,age       ] GC(94) - age  15:     106528 bytes,    3863184 total
[2020-10-06T06:34:50.909+0000][36436][gc,phases    ] GC(94)   Pre Evacuate Collection Set: 0.4ms
[2020-10-06T06:34:50.909+0000][36436][gc,phases    ] GC(94)   Merge Heap Roots: 0.1ms
[2020-10-06T06:34:50.909+0000][36436][gc,phases    ] GC(94)   Evacuate Collection Set: 3.4ms
[2020-10-06T06:34:50.909+0000][36436][gc,phases    ] GC(94)   Post Evacuate Collection Set: 1.1ms
[2020-10-06T06:34:50.909+0000][36436][gc,phases    ] GC(94)   Other: 0.9ms
[2020-10-06T06:34:50.909+0000][36436][gc,heap      ] GC(94) Eden regions: 74->0(504)
[2020-10-06T06:34:50.909+0000][36436][gc,heap      ] GC(94) Survivor regions: 6->5(64)
[2020-10-06T06:34:50.909+0000][36436][gc,heap      ] GC(94) Old regions: 75->75
[2020-10-06T06:34:50.909+0000][36436][gc,heap      ] GC(94) Archive regions: 0->0
[2020-10-06T06:34:50.909+0000][36436][gc,heap      ] GC(94) Humongous regions: 324->174
[2020-10-06T06:34:50.909+0000][36436][gc,metaspace ] GC(94) Metaspace: 86088K(92028K)->86088K(92028K) NonClass: 74888K(78460K)->74888K(78460K) Class: 11200K(13568K)->11200K(13568K)
[2020-10-06T06:34:50.909+0000][36436][gc           ] GC(94) Pause Young (Concurrent Start) (G1 Humongous Allocation) 478M->252M(1024M) 6.250ms
[2020-10-06T06:34:50.909+0000][36436][gc,cpu       ] GC(94) User=0.00s Sys=0.00s Real=0.01s
[2020-10-06T06:34:50.910+0000][36436][safepoint    ] Safepoint "G1TryInitiateConcMark", Time since last: 37451600 ns, Reaching safepoint: 187900 ns, At safepoint: 6427000 ns, Total: 6614900 ns
[2020-10-06T06:34:50.910+0000][36436][gc           ] GC(95) Concurrent Cycle
[2020-10-06T06:34:50.910+0000][36436][gc,marking   ] GC(95) Concurrent Clear Claimed Marks
[2020-10-06T06:34:50.910+0000][36436][gc,marking   ] GC(95) Concurrent Clear Claimed Marks 0.691ms
[2020-10-06T06:34:50.911+0000][36436][gc,marking   ] GC(95) Concurrent Scan Root Regions
[2020-10-06T06:34:50.914+0000][36436][gc,marking   ] GC(95) Concurrent Scan Root Regions 3.589ms
[2020-10-06T06:34:50.914+0000][36436][gc,marking   ] GC(95) Concurrent Mark (8961.112s)
[2020-10-06T06:34:50.914+0000][36436][gc,marking   ] GC(95) Concurrent Mark From Roots
[2020-10-06T06:34:50.914+0000][36436][gc,task      ] GC(95) Using 2 workers of 2 for marking
[2020-10-06T06:34:51.050+0000][36436][gc,marking   ] GC(95) Concurrent Mark From Roots 135.472ms
[2020-10-06T06:34:51.050+0000][36436][gc,marking   ] GC(95) Concurrent Preclean
[2020-10-06T06:34:51.050+0000][36436][gc,marking   ] GC(95) Concurrent Preclean 0.593ms
[2020-10-06T06:34:51.051+0000][36436][gc,marking   ] GC(95) Concurrent Mark (8961.112s, 8961.248s) 136.283ms
[2020-10-06T06:34:51.051+0000][36436][gc,start     ] GC(95) Pause Remark
[2020-10-06T06:34:51.055+0000][36436][gc           ] GC(95) Pause Remark 387M->387M(1024M) 4.498ms
[2020-10-06T06:34:51.055+0000][36436][gc,cpu       ] GC(95) User=0.02s Sys=0.02s Real=0.00s
[2020-10-06T06:34:51.055+0000][36436][safepoint    ] Safepoint "G1Concurrent", Time since last: 141108400 ns, Reaching safepoint: 134100 ns, At safepoint: 4703700 ns, Total: 4837800 ns
[2020-10-06T06:34:51.056+0000][36436][gc,marking   ] GC(95) Concurrent Rebuild Remembered Sets
[2020-10-06T06:34:51.130+0000][36436][gc,marking   ] GC(95) Concurrent Rebuild Remembered Sets 74.050ms
[2020-10-06T06:34:51.130+0000][36436][gc,start     ] GC(95) Pause Cleanup
[2020-10-06T06:34:51.130+0000][36436][gc           ] GC(95) Pause Cleanup 516M->516M(1024M) 0.307ms
[2020-10-06T06:34:51.130+0000][36436][gc,cpu       ] GC(95) User=0.00s Sys=0.00s Real=0.00s
[2020-10-06T06:34:51.130+0000][36436][safepoint    ] Safepoint "G1Concurrent", Time since last: 74276100 ns, Reaching safepoint: 225500 ns, At safepoint: 443500 ns, Total: 669000 ns
[2020-10-06T06:34:51.130+0000][36436][gc,marking   ] GC(95) Concurrent Cleanup for Next Mark
[2020-10-06T06:34:51.132+0000][36436][gc,marking   ] GC(95) Concurrent Cleanup for Next Mark 1.687ms
[2020-10-06T06:34:51.132+0000][36436][gc           ] GC(95) Concurrent Cycle 222.711ms
[2020-10-06T06:34:51.158+0000][36436][gc,start     ] GC(96) Pause Young (Concurrent Start) (G1 Humongous Allocation)
[2020-10-06T06:34:51.158+0000][36436][gc,task      ] GC(96) Using 8 workers of 8 for evacuation
[2020-10-06T06:34:51.158+0000][36436][gc,age       ] GC(96) Desired survivor size 33554432 bytes, new threshold 15 (max threshold 15)
[2020-10-06T06:34:51.162+0000][36436][gc,age       ] GC(96) Age table with threshold 15 (max threshold 15)
[2020-10-06T06:34:51.162+0000][36436][gc,age       ] GC(96) - age   1:    2784016 bytes,    2784016 total
[2020-10-06T06:34:51.162+0000][36436][gc,age       ] GC(96) - age   2:      81520 bytes,    2865536 total
[2020-10-06T06:34:51.162+0000][36436][gc,age       ] GC(96) - age   3:       2704 bytes,    2868240 total
[2020-10-06T06:34:51.162+0000][36436][gc,age       ] GC(96) - age   4:       2520 bytes,    2870760 total
[2020-10-06T06:34:51.162+0000][36436][gc,age       ] GC(96) - age   5:       2640 bytes,    2873400 total
[2020-10-06T06:34:51.162+0000][36436][gc,age       ] GC(96) - age   6:       1008 bytes,    2874408 total
[2020-10-06T06:34:51.162+0000][36436][gc,age       ] GC(96) - age   7:      19504 bytes,    2893912 total
[2020-10-06T06:34:51.162+0000][36436][gc,age       ] GC(96) - age   8:       4616 bytes,    2898528 total
[2020-10-06T06:34:51.162+0000][36436][gc,age       ] GC(96) - age   9:     183600 bytes,    3082128 total
[2020-10-06T06:34:51.162+0000][36436][gc,age       ] GC(96) - age  10:       3400 bytes,    3085528 total
[2020-10-06T06:34:51.162+0000][36436][gc,age       ] GC(96) - age  11:     768504 bytes,    3854032 total
[2020-10-06T06:34:51.162+0000][36436][gc,age       ] GC(96) - age  12:        936 bytes,    3854968 total
[2020-10-06T06:34:51.162+0000][36436][gc,age       ] GC(96) - age  13:       2840 bytes,    3857808 total
[2020-10-06T06:34:51.162+0000][36436][gc,age       ] GC(96) - age  14:       1448 bytes,    3859256 total
[2020-10-06T06:34:51.162+0000][36436][gc,age       ] GC(96) - age  15:        800 bytes,    3860056 total
[2020-10-06T06:34:51.162+0000][36436][gc,phases    ] GC(96)   Pre Evacuate Collection Set: 0.3ms
[2020-10-06T06:34:51.163+0000][36436][gc,phases    ] GC(96)   Merge Heap Roots: 0.1ms
[2020-10-06T06:34:51.163+0000][36436][gc,phases    ] GC(96)   Evacuate Collection Set: 2.6ms
[2020-10-06T06:34:51.163+0000][36436][gc,phases    ] GC(96)   Post Evacuate Collection Set: 0.8ms
[2020-10-06T06:34:51.163+0000][36436][gc,phases    ] GC(96)   Other: 0.8ms
[2020-10-06T06:34:51.163+0000][36436][gc,heap      ] GC(96) Eden regions: 75->0(504)
[2020-10-06T06:34:51.163+0000][36436][gc,heap      ] GC(96) Survivor regions: 5->5(64)
[2020-10-06T06:34:51.163+0000][36436][gc,heap      ] GC(96) Old regions: 75->75
[2020-10-06T06:34:51.163+0000][36436][gc,heap      ] GC(96) Archive regions: 0->0
[2020-10-06T06:34:51.163+0000][36436][gc,heap      ] GC(96) Humongous regions: 374->174
[2020-10-06T06:34:51.163+0000][36436][gc,metaspace ] GC(96) Metaspace: 86124K(92028K)->86124K(92028K) NonClass: 74924K(78460K)->74924K(78460K) Class: 11200K(13568K)->11200K(13568K)
[2020-10-06T06:34:51.163+0000][36436][gc           ] GC(96) Pause Young (Concurrent Start) (G1 Humongous Allocation) 527M->252M(1024M) 4.980ms
[2020-10-06T06:34:51.163+0000][36436][gc,cpu       ] GC(96) User=0.02s Sys=0.00s Real=0.01s
[2020-10-06T06:34:51.163+0000][36436][safepoint    ] Safepoint "G1TryInitiateConcMark", Time since last: 27320800 ns, Reaching safepoint: 98500 ns, At safepoint: 5156500 ns, Total: 5255000 ns
[2020-10-06T06:34:51.163+0000][36436][gc           ] GC(97) Concurrent Cycle
[2020-10-06T06:34:51.163+0000][36436][gc,marking   ] GC(97) Concurrent Clear Claimed Marks
[2020-10-06T06:34:51.164+0000][36436][gc,marking   ] GC(97) Concurrent Clear Claimed Marks 0.652ms
[2020-10-06T06:34:51.164+0000][36436][gc,marking   ] GC(97) Concurrent Scan Root Regions
[2020-10-06T06:34:51.167+0000][36436][gc,marking   ] GC(97) Concurrent Scan Root Regions 2.789ms
[2020-10-06T06:34:51.167+0000][36436][gc,marking   ] GC(97) Concurrent Mark (8961.365s)
[2020-10-06T06:34:51.167+0000][36436][gc,marking   ] GC(97) Concurrent Mark From Roots
[2020-10-06T06:34:51.167+0000][36436][gc,task      ] GC(97) Using 2 workers of 2 for marking
[2020-10-06T06:34:51.293+0000][36436][gc,marking   ] GC(97) Concurrent Mark From Roots 125.685ms
[2020-10-06T06:34:51.293+0000][36436][gc,marking   ] GC(97) Concurrent Preclean
[2020-10-06T06:34:51.293+0000][36436][gc,marking   ] GC(97) Concurrent Preclean 0.627ms
[2020-10-06T06:34:51.293+0000][36436][gc,marking   ] GC(97) Concurrent Mark (8961.365s, 8961.491s) 126.472ms
[2020-10-06T06:34:51.294+0000][36436][gc,start     ] GC(97) Pause Remark
[2020-10-06T06:34:51.299+0000][36436][gc           ] GC(97) Pause Remark 448M->448M(1024M) 5.333ms
[2020-10-06T06:34:51.299+0000][36436][gc,cpu       ] GC(97) User=0.00s Sys=0.00s Real=0.01s
[2020-10-06T06:34:51.299+0000][36436][safepoint    ] Safepoint "G1Concurrent", Time since last: 130302600 ns, Reaching safepoint: 174100 ns, At safepoint: 5554900 ns, Total: 5729000 ns
[2020-10-06T06:34:51.299+0000][36436][gc,marking   ] GC(97) Concurrent Rebuild Remembered Sets
[2020-10-06T06:34:51.382+0000][36436][gc,marking   ] GC(97) Concurrent Rebuild Remembered Sets 82.791ms
[2020-10-06T06:34:51.382+0000][36436][gc,start     ] GC(97) Pause Cleanup
[2020-10-06T06:34:51.383+0000][36436][gc           ] GC(97) Pause Cleanup 576M->576M(1024M) 0.269ms
[2020-10-06T06:34:51.383+0000][36436][gc,cpu       ] GC(97) User=0.00s Sys=0.00s Real=0.00s
[2020-10-06T06:34:51.383+0000][36436][safepoint    ] Safepoint "G1Concurrent", Time since last: 82997200 ns, Reaching safepoint: 144800 ns, At safepoint: 409200 ns, Total: 554000 ns
[2020-10-06T06:34:51.383+0000][36436][gc,marking   ] GC(97) Concurrent Cleanup for Next Mark
[2020-10-06T06:34:51.384+0000][36436][gc,marking   ] GC(97) Concurrent Cleanup for Next Mark 1.494ms
[2020-10-06T06:34:51.384+0000][36436][gc           ] GC(97) Concurrent Cycle 221.233ms
[2020-10-06T06:34:51.423+0000][36436][gc,start     ] GC(98) Pause Young (Concurrent Start) (G1 Humongous Allocation)
[2020-10-06T06:34:51.423+0000][36436][gc,task      ] GC(98) Using 8 workers of 8 for evacuation
[2020-10-06T06:34:51.424+0000][36436][gc,age       ] GC(98) Desired survivor size 33554432 bytes, new threshold 15 (max threshold 15)
[2020-10-06T06:34:51.429+0000][36436][gc,age       ] GC(98) Age table with threshold 15 (max threshold 15)
[2020-10-06T06:34:51.429+0000][36436][gc,age       ] GC(98) - age   1:    3401056 bytes,    3401056 total
[2020-10-06T06:34:51.429+0000][36436][gc,age       ] GC(98) - age   2:     205160 bytes,    3606216 total
[2020-10-06T06:34:51.429+0000][36436][gc,age       ] GC(98) - age   3:      80400 bytes,    3686616 total
[2020-10-06T06:34:51.429+0000][36436][gc,age       ] GC(98) - age   4:       2608 bytes,    3689224 total
[2020-10-06T06:34:51.429+0000][36436][gc,age       ] GC(98) - age   5:       1976 bytes,    3691200 total
[2020-10-06T06:34:51.429+0000][36436][gc,age       ] GC(98) - age   6:       2224 bytes,    3693424 total
[2020-10-06T06:34:51.429+0000][36436][gc,age       ] GC(98) - age   7:        944 bytes,    3694368 total
[2020-10-06T06:34:51.429+0000][36436][gc,age       ] GC(98) - age   8:      19504 bytes,    3713872 total
[2020-10-06T06:34:51.429+0000][36436][gc,age       ] GC(98) - age   9:       4616 bytes,    3718488 total
[2020-10-06T06:34:51.429+0000][36436][gc,age       ] GC(98) - age  10:     183600 bytes,    3902088 total
[2020-10-06T06:34:51.429+0000][36436][gc,age       ] GC(98) - age  11:       3400 bytes,    3905488 total
[2020-10-06T06:34:51.429+0000][36436][gc,age       ] GC(98) - age  12:     768376 bytes,    4673864 total
[2020-10-06T06:34:51.429+0000][36436][gc,age       ] GC(98) - age  13:        936 bytes,    4674800 total
[2020-10-06T06:34:51.430+0000][36436][gc,age       ] GC(98) - age  14:       2840 bytes,    4677640 total
[2020-10-06T06:34:51.430+0000][36436][gc,age       ] GC(98) - age  15:       1448 bytes,    4679088 total
[2020-10-06T06:34:51.430+0000][36436][gc,phases    ] GC(98)   Pre Evacuate Collection Set: 0.3ms
[2020-10-06T06:34:51.430+0000][36436][gc,phases    ] GC(98)   Merge Heap Roots: 0.1ms
[2020-10-06T06:34:51.430+0000][36436][gc,phases    ] GC(98)   Evacuate Collection Set: 2.6ms
[2020-10-06T06:34:51.430+0000][36436][gc,phases    ] GC(98)   Post Evacuate Collection Set: 1.1ms
[2020-10-06T06:34:51.430+0000][36436][gc,phases    ] GC(98)   Other: 2.2ms
[2020-10-06T06:34:51.430+0000][36436][gc,heap      ] GC(98) Eden regions: 90->0(504)
[2020-10-06T06:34:51.430+0000][36436][gc,heap      ] GC(98) Survivor regions: 5->5(64)
[2020-10-06T06:34:51.430+0000][36436][gc,heap      ] GC(98) Old regions: 75->75
[2020-10-06T06:34:51.430+0000][36436][gc,heap      ] GC(98) Archive regions: 0->0
[2020-10-06T06:34:51.430+0000][36436][gc,heap      ] GC(98) Humongous regions: 418->174
[2020-10-06T06:34:51.430+0000][36436][gc,metaspace ] GC(98) Metaspace: 86140K(92028K)->86140K(92028K) NonClass: 74940K(78460K)->74940K(78460K) Class: 11200K(13568K)->11200K(13568K)
[2020-10-06T06:34:51.430+0000][36436][gc           ] GC(98) Pause Young (Concurrent Start) (G1 Humongous Allocation) 586M->253M(1024M) 6.577ms
[2020-10-06T06:34:51.430+0000][36436][gc,cpu       ] GC(98) User=0.00s Sys=0.00s Real=0.01s
[2020-10-06T06:34:51.430+0000][36436][safepoint    ] Safepoint "G1TryInitiateConcMark", Time since last: 40496800 ns, Reaching safepoint: 149800 ns, At safepoint: 6729700 ns, Total: 6879500 ns
[2020-10-06T06:34:51.430+0000][36436][gc           ] GC(99) Concurrent Cycle
[2020-10-06T06:34:51.430+0000][36436][gc,marking   ] GC(99) Concurrent Clear Claimed Marks
[2020-10-06T06:34:51.431+0000][36436][gc,marking   ] GC(99) Concurrent Clear Claimed Marks 0.538ms
[2020-10-06T06:34:51.431+0000][36436][gc,marking   ] GC(99) Concurrent Scan Root Regions
[2020-10-06T06:34:51.434+0000][36436][gc,marking   ] GC(99) Concurrent Scan Root Regions 3.160ms
[2020-10-06T06:34:51.434+0000][36436][gc,marking   ] GC(99) Concurrent Mark (8961.632s)
[2020-10-06T06:34:51.434+0000][36436][gc,marking   ] GC(99) Concurrent Mark From Roots
[2020-10-06T06:34:51.434+0000][36436][gc,task      ] GC(99) Using 2 workers of 2 for marking
[2020-10-06T06:34:51.551+0000][36436][gc,marking   ] GC(99) Concurrent Mark From Roots 116.668ms
[2020-10-06T06:34:51.551+0000][36436][gc,marking   ] GC(99) Concurrent Preclean
[2020-10-06T06:34:51.551+0000][36436][gc,marking   ] GC(99) Concurrent Preclean 0.564ms
[2020-10-06T06:34:51.551+0000][36436][gc,marking   ] GC(99) Concurrent Mark (8961.632s, 8961.749s) 117.371ms
[2020-10-06T06:34:51.552+0000][36436][gc,start     ] GC(99) Pause Remark
[2020-10-06T06:34:51.562+0000][36436][gc           ] GC(99) Pause Remark 450M->450M(1024M) 10.753ms
[2020-10-06T06:34:51.562+0000][36436][gc,cpu       ] GC(99) User=0.02s Sys=0.00s Real=0.01s
[2020-10-06T06:34:51.563+0000][36436][safepoint    ] Safepoint "G1Concurrent", Time since last: 121370300 ns, Reaching safepoint: 166800 ns, At safepoint: 11404600 ns, Total: 11571400 ns
[2020-10-06T06:34:51.563+0000][36436][gc,marking   ] GC(99) Concurrent Rebuild Remembered Sets
[2020-10-06T06:34:51.582+0000][36436][safepoint    ] Safepoint "ICBufferFull", Time since last: 18330800 ns, Reaching safepoint: 764400 ns, At safepoint: 27800 ns, Total: 792200 ns
[2020-10-06T06:34:51.636+0000][36436][gc,marking   ] GC(99) Concurrent Rebuild Remembered Sets 73.364ms
[2020-10-06T06:34:51.636+0000][36436][gc,start     ] GC(99) Pause Cleanup
[2020-10-06T06:34:51.637+0000][36436][gc           ] GC(99) Pause Cleanup 573M->573M(1024M) 0.322ms
[2020-10-06T06:34:51.637+0000][36436][gc,cpu       ] GC(99) User=0.00s Sys=0.00s Real=0.00s
[2020-10-06T06:34:51.637+0000][36436][safepoint    ] Safepoint "G1Concurrent", Time since last: 54488300 ns, Reaching safepoint: 255100 ns, At safepoint: 556400 ns, Total: 811500 ns
[2020-10-06T06:34:51.637+0000][36436][gc,marking   ] GC(99) Concurrent Cleanup for Next Mark
[2020-10-06T06:34:51.638+0000][36436][gc,marking   ] GC(99) Concurrent Cleanup for Next Mark 1.572ms
[2020-10-06T06:34:51.639+0000][36436][gc           ] GC(99) Concurrent Cycle 209.145ms
[2020-10-06T06:34:51.669+0000][36436][gc,start     ] GC(100) Pause Young (Concurrent Start) (G1 Humongous Allocation)
[2020-10-06T06:34:51.669+0000][36436][gc,task      ] GC(100) Using 8 workers of 8 for evacuation
[2020-10-06T06:34:51.669+0000][36436][gc,age       ] GC(100) Desired survivor size 33554432 bytes, new threshold 15 (max threshold 15)
[2020-10-06T06:34:51.674+0000][36436][gc,age       ] GC(100) Age table with threshold 15 (max threshold 15)
[2020-10-06T06:34:51.674+0000][36436][gc,age       ] GC(100) - age   1:    3267944 bytes,    3267944 total
[2020-10-06T06:34:51.674+0000][36436][gc,age       ] GC(100) - age   2:     407912 bytes,    3675856 total
[2020-10-06T06:34:51.674+0000][36436][gc,age       ] GC(100) - age   3:     204304 bytes,    3880160 total
[2020-10-06T06:34:51.674+0000][36436][gc,age       ] GC(100) - age   4:      73904 bytes,    3954064 total
[2020-10-06T06:34:51.674+0000][36436][gc,age       ] GC(100) - age   5:       1384 bytes,    3955448 total
[2020-10-06T06:34:51.674+0000][36436][gc,age       ] GC(100) - age   6:       1944 bytes,    3957392 total
[2020-10-06T06:34:51.674+0000][36436][gc,age       ] GC(100) - age   7:       2224 bytes,    3959616 total
[2020-10-06T06:34:51.674+0000][36436][gc,age       ] GC(100) - age   8:        944 bytes,    3960560 total
[2020-10-06T06:34:51.674+0000][36436][gc,age       ] GC(100) - age   9:      19504 bytes,    3980064 total
[2020-10-06T06:34:51.674+0000][36436][gc,age       ] GC(100) - age  10:       4616 bytes,    3984680 total
[2020-10-06T06:34:51.674+0000][36436][gc,age       ] GC(100) - age  11:     183600 bytes,    4168280 total
[2020-10-06T06:34:51.674+0000][36436][gc,age       ] GC(100) - age  12:       3336 bytes,    4171616 total
[2020-10-06T06:34:51.674+0000][36436][gc,age       ] GC(100) - age  13:     768376 bytes,    4939992 total
[2020-10-06T06:34:51.674+0000][36436][gc,age       ] GC(100) - age  14:        904 bytes,    4940896 total
[2020-10-06T06:34:51.674+0000][36436][gc,age       ] GC(100) - age  15:       2840 bytes,    4943736 total
[2020-10-06T06:34:51.674+0000][36436][gc,phases    ] GC(100)   Pre Evacuate Collection Set: 0.4ms
[2020-10-06T06:34:51.674+0000][36436][gc,phases    ] GC(100)   Merge Heap Roots: 0.1ms
[2020-10-06T06:34:51.674+0000][36436][gc,phases    ] GC(100)   Evacuate Collection Set: 2.9ms
[2020-10-06T06:34:51.674+0000][36436][gc,phases    ] GC(100)   Post Evacuate Collection Set: 0.8ms
[2020-10-06T06:34:51.674+0000][36436][gc,phases    ] GC(100)   Other: 0.8ms
[2020-10-06T06:34:51.674+0000][36436][gc,heap      ] GC(100) Eden regions: 90->0(504)
[2020-10-06T06:34:51.674+0000][36436][gc,heap      ] GC(100) Survivor regions: 5->5(64)
[2020-10-06T06:34:51.674+0000][36436][gc,heap      ] GC(100) Old regions: 75->75
[2020-10-06T06:34:51.674+0000][36436][gc,heap      ] GC(100) Archive regions: 0->0
[2020-10-06T06:34:51.675+0000][36436][gc,heap      ] GC(100) Humongous regions: 418->174
[2020-10-06T06:34:51.675+0000][36436][gc,metaspace ] GC(100) Metaspace: 86127K(92028K)->86127K(92028K) NonClass: 74937K(78460K)->74937K(78460K) Class: 11189K(13568K)->11189K(13568K)
[2020-10-06T06:34:51.675+0000][36436][gc           ] GC(100) Pause Young (Concurrent Start) (G1 Humongous Allocation) 587M->253M(1024M) 5.287ms
[2020-10-06T06:34:51.675+0000][36436][gc,cpu       ] GC(100) User=0.00s Sys=0.00s Real=0.01s
[2020-10-06T06:34:51.675+0000][36436][gc           ] GC(101) Concurrent Cycle
[2020-10-06T06:34:51.675+0000][36436][safepoint    ] Safepoint "G1TryInitiateConcMark", Time since last: 32293500 ns, Reaching safepoint: 146300 ns, At safepoint: 5451100 ns, Total: 5597400 ns
[2020-10-06T06:34:51.675+0000][36436][gc,marking   ] GC(101) Concurrent Clear Claimed Marks
[2020-10-06T06:34:51.675+0000][36436][gc,marking   ] GC(101) Concurrent Clear Claimed Marks 0.532ms
[2020-10-06T06:34:51.675+0000][36436][gc,marking   ] GC(101) Concurrent Scan Root Regions
[2020-10-06T06:34:51.678+0000][36436][gc,marking   ] GC(101) Concurrent Scan Root Regions 3.080ms
[2020-10-06T06:34:51.678+0000][36436][gc,marking   ] GC(101) Concurrent Mark (8961.877s)
[2020-10-06T06:34:51.678+0000][36436][gc,marking   ] GC(101) Concurrent Mark From Roots
[2020-10-06T06:34:51.678+0000][36436][gc,task      ] GC(101) Using 2 workers of 2 for marking
[2020-10-06T06:34:51.791+0000][36436][gc,marking   ] GC(101) Concurrent Mark From Roots 112.274ms
[2020-10-06T06:34:51.791+0000][36436][gc,marking   ] GC(101) Concurrent Preclean
[2020-10-06T06:34:51.791+0000][36436][gc,marking   ] GC(101) Concurrent Preclean 0.729ms
[2020-10-06T06:34:51.792+0000][36436][gc,marking   ] GC(101) Concurrent Mark (8961.877s, 8961.990s) 113.179ms
[2020-10-06T06:34:51.792+0000][36436][gc,start     ] GC(101) Pause Remark
[2020-10-06T06:34:51.797+0000][36436][gc           ] GC(101) Pause Remark 448M->448M(1024M) 5.357ms
[2020-10-06T06:34:51.797+0000][36436][gc,cpu       ] GC(101) User=0.00s Sys=0.00s Real=0.00s
[2020-10-06T06:34:51.797+0000][36436][safepoint    ] Safepoint "G1Concurrent", Time since last: 117105600 ns, Reaching safepoint: 135700 ns, At safepoint: 5577500 ns, Total: 5713200 ns
[2020-10-06T06:34:51.797+0000][36436][gc,marking   ] GC(101) Concurrent Rebuild Remembered Sets
[2020-10-06T06:34:51.873+0000][36436][gc,marking   ] GC(101) Concurrent Rebuild Remembered Sets 75.471ms
[2020-10-06T06:34:51.874+0000][36436][gc,start     ] GC(101) Pause Cleanup
[2020-10-06T06:34:51.874+0000][36436][gc           ] GC(101) Pause Cleanup 519M->519M(1024M) 0.389ms
[2020-10-06T06:34:51.874+0000][36436][gc,cpu       ] GC(101) User=0.00s Sys=0.00s Real=0.00s
[2020-10-06T06:34:51.874+0000][36436][safepoint    ] Safepoint "G1Concurrent", Time since last: 75699900 ns, Reaching safepoint: 965200 ns, At safepoint: 579900 ns, Total: 1545100 ns
[2020-10-06T06:34:51.875+0000][36436][gc,marking   ] GC(101) Concurrent Cleanup for Next Mark
[2020-10-06T06:34:51.877+0000][36436][gc,marking   ] GC(101) Concurrent Cleanup for Next Mark 2.005ms
[2020-10-06T06:34:51.877+0000][36436][gc           ] GC(101) Concurrent Cycle 202.344ms
[2020-10-06T06:34:51.944+0000][36436][gc,start     ] GC(102) Pause Young (Concurrent Start) (G1 Humongous Allocation)
[2020-10-06T06:34:51.944+0000][36436][gc,task      ] GC(102) Using 8 workers of 8 for evacuation
[2020-10-06T06:34:51.944+0000][36436][gc,age       ] GC(102) Desired survivor size 33554432 bytes, new threshold 15 (max threshold 15)
[2020-10-06T06:34:51.949+0000][36436][gc,age       ] GC(102) Age table with threshold 15 (max threshold 15)
[2020-10-06T06:34:51.949+0000][36436][gc,age       ] GC(102) - age   1:    2724496 bytes,    2724496 total
[2020-10-06T06:34:51.949+0000][36436][gc,age       ] GC(102) - age   2:       5792 bytes,    2730288 total
[2020-10-06T06:34:51.949+0000][36436][gc,age       ] GC(102) - age   3:       2904 bytes,    2733192 total
[2020-10-06T06:34:51.949+0000][36436][gc,age       ] GC(102) - age   4:       2880 bytes,    2736072 total
[2020-10-06T06:34:51.949+0000][36436][gc,age       ] GC(102) - age   5:      69320 bytes,    2805392 total
[2020-10-06T06:34:51.949+0000][36436][gc,age       ] GC(102) - age   6:       1328 bytes,    2806720 total
[2020-10-06T06:34:51.949+0000][36436][gc,age       ] GC(102) - age   7:       1488 bytes,    2808208 total
[2020-10-06T06:34:51.949+0000][36436][gc,age       ] GC(102) - age   8:       2192 bytes,    2810400 total
[2020-10-06T06:34:51.949+0000][36436][gc,age       ] GC(102) - age   9:        816 bytes,    2811216 total
[2020-10-06T06:34:51.949+0000][36436][gc,age       ] GC(102) - age  10:      19408 bytes,    2830624 total
[2020-10-06T06:34:51.949+0000][36436][gc,age       ] GC(102) - age  11:       4616 bytes,    2835240 total
[2020-10-06T06:34:51.949+0000][36436][gc,age       ] GC(102) - age  12:     183600 bytes,    3018840 total
[2020-10-06T06:34:51.949+0000][36436][gc,age       ] GC(102) - age  13:       3336 bytes,    3022176 total
[2020-10-06T06:34:51.949+0000][36436][gc,age       ] GC(102) - age  14:     768376 bytes,    3790552 total
[2020-10-06T06:34:51.950+0000][36436][gc,age       ] GC(102) - age  15:        904 bytes,    3791456 total
[2020-10-06T06:34:51.950+0000][36436][gc,phases    ] GC(102)   Pre Evacuate Collection Set: 0.5ms
[2020-10-06T06:34:51.950+0000][36436][gc,phases    ] GC(102)   Merge Heap Roots: 0.1ms
[2020-10-06T06:34:51.950+0000][36436][gc,phases    ] GC(102)   Evacuate Collection Set: 3.2ms
[2020-10-06T06:34:51.950+0000][36436][gc,phases    ] GC(102)   Post Evacuate Collection Set: 1.0ms
[2020-10-06T06:34:51.950+0000][36436][gc,phases    ] GC(102)   Other: 1.1ms
[2020-10-06T06:34:51.950+0000][36436][gc,heap      ] GC(102) Eden regions: 85->0(506)
[2020-10-06T06:34:51.950+0000][36436][gc,heap      ] GC(102) Survivor regions: 5->4(64)
[2020-10-06T06:34:51.950+0000][36436][gc,heap      ] GC(102) Old regions: 75->75
[2020-10-06T06:34:51.950+0000][36436][gc,heap      ] GC(102) Archive regions: 0->0
[2020-10-06T06:34:51.950+0000][36436][gc,heap      ] GC(102) Humongous regions: 370->174
[2020-10-06T06:34:51.950+0000][36436][gc,metaspace ] GC(102) Metaspace: 86189K(92284K)->86189K(92284K) NonClass: 75000K(78716K)->75000K(78716K) Class: 11189K(13568K)->11189K(13568K)
[2020-10-06T06:34:51.950+0000][36436][gc           ] GC(102) Pause Young (Concurrent Start) (G1 Humongous Allocation) 533M->252M(1024M) 6.313ms
[2020-10-06T06:34:51.950+0000][36436][gc,cpu       ] GC(102) User=0.00s Sys=0.00s Real=0.01s
[2020-10-06T06:34:51.950+0000][36436][gc           ] GC(103) Concurrent Cycle
[2020-10-06T06:34:51.950+0000][36436][safepoint    ] Safepoint "G1TryInitiateConcMark", Time since last: 68377900 ns, Reaching safepoint: 248300 ns, At safepoint: 6513500 ns, Total: 6761800 ns
[2020-10-06T06:34:51.950+0000][36436][gc,marking   ] GC(103) Concurrent Clear Claimed Marks
[2020-10-06T06:34:51.951+0000][36436][gc,marking   ] GC(103) Concurrent Clear Claimed Marks 0.700ms
[2020-10-06T06:34:51.951+0000][36436][gc,marking   ] GC(103) Concurrent Scan Root Regions
[2020-10-06T06:34:51.954+0000][36436][gc,marking   ] GC(103) Concurrent Scan Root Regions 2.913ms
[2020-10-06T06:34:51.954+0000][36436][gc,marking   ] GC(103) Concurrent Mark (8962.152s)
[2020-10-06T06:34:51.954+0000][36436][gc,marking   ] GC(103) Concurrent Mark From Roots
[2020-10-06T06:34:51.954+0000][36436][gc,task      ] GC(103) Using 2 workers of 2 for marking
[2020-10-06T06:34:52.098+0000][36436][gc,marking   ] GC(103) Concurrent Mark From Roots 143.768ms
[2020-10-06T06:34:52.098+0000][36436][gc,marking   ] GC(103) Concurrent Preclean
[2020-10-06T06:34:52.098+0000][36436][gc,marking   ] GC(103) Concurrent Preclean 0.579ms
[2020-10-06T06:34:52.098+0000][36436][gc,marking   ] GC(103) Concurrent Mark (8962.152s, 8962.297s) 144.523ms
[2020-10-06T06:34:52.098+0000][36436][gc,start     ] GC(103) Pause Remark
[2020-10-06T06:34:52.104+0000][36436][gc           ] GC(103) Pause Remark 388M->388M(1024M) 5.428ms
[2020-10-06T06:34:52.104+0000][36436][gc,cpu       ] GC(103) User=0.06s Sys=0.03s Real=0.01s
[2020-10-06T06:34:52.104+0000][36436][safepoint    ] Safepoint "G1Concurrent", Time since last: 148495100 ns, Reaching safepoint: 199000 ns, At safepoint: 5670800 ns, Total: 5869800 ns
[2020-10-06T06:34:52.104+0000][36436][gc,marking   ] GC(103) Concurrent Rebuild Remembered Sets
[2020-10-06T06:34:52.187+0000][36436][gc,marking   ] GC(103) Concurrent Rebuild Remembered Sets 83.193ms
[2020-10-06T06:34:52.188+0000][36436][gc,start     ] GC(103) Pause Cleanup
[2020-10-06T06:34:52.188+0000][36436][gc           ] GC(103) Pause Cleanup 391M->391M(1024M) 0.316ms
[2020-10-06T06:34:52.188+0000][36436][gc,cpu       ] GC(103) User=0.00s Sys=0.00s Real=0.00s
[2020-10-06T06:34:52.188+0000][36436][safepoint    ] Safepoint "G1Concurrent", Time since last: 83385800 ns, Reaching safepoint: 205200 ns, At safepoint: 501200 ns, Total: 706400 ns
[2020-10-06T06:34:52.188+0000][36436][gc,marking   ] GC(103) Concurrent Cleanup for Next Mark
[2020-10-06T06:34:52.190+0000][36436][gc,marking   ] GC(103) Concurrent Cleanup for Next Mark 1.744ms
[2020-10-06T06:34:52.190+0000][36436][gc           ] GC(103) Concurrent Cycle 240.421ms
[2020-10-06T06:34:52.206+0000][36436][gc,start     ] GC(104) Pause Young (Concurrent Start) (G1 Humongous Allocation)
[2020-10-06T06:34:52.206+0000][36436][gc,task      ] GC(104) Using 8 workers of 8 for evacuation
[2020-10-06T06:34:52.206+0000][36436][gc,age       ] GC(104) Desired survivor size 33554432 bytes, new threshold 15 (max threshold 15)
[2020-10-06T06:34:52.211+0000][36436][gc,age       ] GC(104) Age table with threshold 15 (max threshold 15)
[2020-10-06T06:34:52.211+0000][36436][gc,age       ] GC(104) - age   1:    2685744 bytes,    2685744 total
[2020-10-06T06:34:52.212+0000][36436][gc,age       ] GC(104) - age   2:      48464 bytes,    2734208 total
[2020-10-06T06:34:52.212+0000][36436][gc,age       ] GC(104) - age   3:       5016 bytes,    2739224 total
[2020-10-06T06:34:52.212+0000][36436][gc,age       ] GC(104) - age   4:       2776 bytes,    2742000 total
[2020-10-06T06:34:52.212+0000][36436][gc,age       ] GC(104) - age   5:       2520 bytes,    2744520 total
[2020-10-06T06:34:52.212+0000][36436][gc,age       ] GC(104) - age   6:      69224 bytes,    2813744 total
[2020-10-06T06:34:52.212+0000][36436][gc,age       ] GC(104) - age   7:       1328 bytes,    2815072 total
[2020-10-06T06:34:52.212+0000][36436][gc,age       ] GC(104) - age   8:       1488 bytes,    2816560 total
[2020-10-06T06:34:52.212+0000][36436][gc,age       ] GC(104) - age   9:       2192 bytes,    2818752 total
[2020-10-06T06:34:52.212+0000][36436][gc,age       ] GC(104) - age  10:        816 bytes,    2819568 total
[2020-10-06T06:34:52.212+0000][36436][gc,age       ] GC(104) - age  11:      19408 bytes,    2838976 total
[2020-10-06T06:34:52.212+0000][36436][gc,age       ] GC(104) - age  12:       4616 bytes,    2843592 total
[2020-10-06T06:34:52.212+0000][36436][gc,age       ] GC(104) - age  13:     183560 bytes,    3027152 total
[2020-10-06T06:34:52.212+0000][36436][gc,age       ] GC(104) - age  14:       3336 bytes,    3030488 total
[2020-10-06T06:34:52.212+0000][36436][gc,age       ] GC(104) - age  15:     768040 bytes,    3798528 total
[2020-10-06T06:34:52.212+0000][36436][gc,phases    ] GC(104)   Pre Evacuate Collection Set: 0.4ms
[2020-10-06T06:34:52.212+0000][36436][gc,phases    ] GC(104)   Merge Heap Roots: 0.1ms
[2020-10-06T06:34:52.212+0000][36436][gc,phases    ] GC(104)   Evacuate Collection Set: 2.9ms
[2020-10-06T06:34:52.212+0000][36436][gc,phases    ] GC(104)   Post Evacuate Collection Set: 1.5ms
[2020-10-06T06:34:52.212+0000][36436][gc,phases    ] GC(104)   Other: 1.3ms
[2020-10-06T06:34:52.212+0000][36436][gc,heap      ] GC(104) Eden regions: 45->0(506)
[2020-10-06T06:34:52.213+0000][36436][gc,heap      ] GC(104) Survivor regions: 4->4(64)
[2020-10-06T06:34:52.213+0000][36436][gc,heap      ] GC(104) Old regions: 75->75
[2020-10-06T06:34:52.213+0000][36436][gc,heap      ] GC(104) Archive regions: 0->0
[2020-10-06T06:34:52.213+0000][36436][gc,heap      ] GC(104) Humongous regions: 274->174
[2020-10-06T06:34:52.213+0000][36436][gc,metaspace ] GC(104) Metaspace: 86235K(92284K)->86235K(92284K) NonClass: 75046K(78716K)->75046K(78716K) Class: 11189K(13568K)->11189K(13568K)
[2020-10-06T06:34:52.213+0000][36436][gc           ] GC(104) Pause Young (Concurrent Start) (G1 Humongous Allocation) 397M->252M(1024M) 6.706ms
[2020-10-06T06:34:52.213+0000][36436][gc,cpu       ] GC(104) User=0.11s Sys=0.00s Real=0.01s
[2020-10-06T06:34:52.213+0000][36436][gc           ] GC(105) Concurrent Cycle
[2020-10-06T06:34:52.213+0000][36436][safepoint    ] Safepoint "G1TryInitiateConcMark", Time since last: 17837800 ns, Reaching safepoint: 163700 ns, At safepoint: 6941900 ns, Total: 7105600 ns
[2020-10-06T06:34:52.213+0000][36436][gc,marking   ] GC(105) Concurrent Clear Claimed Marks
[2020-10-06T06:34:52.214+0000][36436][gc,marking   ] GC(105) Concurrent Clear Claimed Marks 0.513ms
[2020-10-06T06:34:52.214+0000][36436][gc,marking   ] GC(105) Concurrent Scan Root Regions
[2020-10-06T06:34:52.217+0000][36436][gc,marking   ] GC(105) Concurrent Scan Root Regions 3.332ms
[2020-10-06T06:34:52.217+0000][36436][gc,marking   ] GC(105) Concurrent Mark (8962.416s)
[2020-10-06T06:34:52.217+0000][36436][gc,marking   ] GC(105) Concurrent Mark From Roots
[2020-10-06T06:34:52.217+0000][36436][gc,task      ] GC(105) Using 2 workers of 2 for marking
[2020-10-06T06:34:52.380+0000][36436][gc,marking   ] GC(105) Concurrent Mark From Roots 162.795ms
[2020-10-06T06:34:52.380+0000][36436][gc,marking   ] GC(105) Concurrent Preclean
[2020-10-06T06:34:52.381+0000][36436][gc,marking   ] GC(105) Concurrent Preclean 0.843ms
[2020-10-06T06:34:52.381+0000][36436][gc,marking   ] GC(105) Concurrent Mark (8962.416s, 8962.580s) 163.865ms
[2020-10-06T06:34:52.382+0000][36436][gc,start     ] GC(105) Pause Remark
[2020-10-06T06:34:52.387+0000][36436][gc           ] GC(105) Pause Remark 448M->448M(1024M) 5.748ms
[2020-10-06T06:34:52.388+0000][36436][gc,cpu       ] GC(105) User=0.00s Sys=0.00s Real=0.01s
[2020-10-06T06:34:52.388+0000][36436][safepoint    ] Safepoint "G1Concurrent", Time since last: 168086400 ns, Reaching safepoint: 178200 ns, At safepoint: 6100700 ns, Total: 6278900 ns
[2020-10-06T06:34:52.388+0000][36436][gc,marking   ] GC(105) Concurrent Rebuild Remembered Sets
[2020-10-06T06:34:52.474+0000][36436][gc,marking   ] GC(105) Concurrent Rebuild Remembered Sets 86.540ms
[2020-10-06T06:34:52.474+0000][36436][gc,start     ] GC(105) Pause Cleanup
[2020-10-06T06:34:52.475+0000][36436][gc           ] GC(105) Pause Cleanup 522M->522M(1024M) 0.277ms
[2020-10-06T06:34:52.475+0000][36436][gc,cpu       ] GC(105) User=0.00s Sys=0.00s Real=0.00s
[2020-10-06T06:34:52.475+0000][36436][safepoint    ] Safepoint "G1Concurrent", Time since last: 86772000 ns, Reaching safepoint: 156800 ns, At safepoint: 452100 ns, Total: 608900 ns
[2020-10-06T06:34:52.475+0000][36436][gc,marking   ] GC(105) Concurrent Cleanup for Next Mark
[2020-10-06T06:34:52.477+0000][36436][gc,marking   ] GC(105) Concurrent Cleanup for Next Mark 1.736ms
[2020-10-06T06:34:52.477+0000][36436][gc           ] GC(105) Concurrent Cycle 263.723ms
[2020-10-06T06:34:52.506+0000][36436][gc,start     ] GC(106) Pause Young (Concurrent Start) (G1 Humongous Allocation)
[2020-10-06T06:34:52.506+0000][36436][gc,task      ] GC(106) Using 8 workers of 8 for evacuation
[2020-10-06T06:34:52.506+0000][36436][gc,age       ] GC(106) Desired survivor size 33554432 bytes, new threshold 15 (max threshold 15)
[2020-10-06T06:34:52.513+0000][36436][gc,age       ] GC(106) Age table with threshold 15 (max threshold 15)
[2020-10-06T06:34:52.513+0000][36436][gc,age       ] GC(106) - age   1:    3083744 bytes,    3083744 total
[2020-10-06T06:34:52.513+0000][36436][gc,age       ] GC(106) - age   2:      13648 bytes,    3097392 total
[2020-10-06T06:34:52.513+0000][36436][gc,age       ] GC(106) - age   3:      44264 bytes,    3141656 total
[2020-10-06T06:34:52.513+0000][36436][gc,age       ] GC(106) - age   4:       4368 bytes,    3146024 total
[2020-10-06T06:34:52.513+0000][36436][gc,age       ] GC(106) - age   5:       2128 bytes,    3148152 total
[2020-10-06T06:34:52.513+0000][36436][gc,age       ] GC(106) - age   6:       2424 bytes,    3150576 total
[2020-10-06T06:34:52.513+0000][36436][gc,age       ] GC(106) - age   7:      69224 bytes,    3219800 total
[2020-10-06T06:34:52.513+0000][36436][gc,age       ] GC(106) - age   8:       1296 bytes,    3221096 total
[2020-10-06T06:34:52.513+0000][36436][gc,age       ] GC(106) - age   9:       1488 bytes,    3222584 total
[2020-10-06T06:34:52.513+0000][36436][gc,age       ] GC(106) - age  10:       2192 bytes,    3224776 total
[2020-10-06T06:34:52.513+0000][36436][gc,age       ] GC(106) - age  11:        816 bytes,    3225592 total
[2020-10-06T06:34:52.513+0000][36436][gc,age       ] GC(106) - age  12:      19408 bytes,    3245000 total
[2020-10-06T06:34:52.513+0000][36436][gc,age       ] GC(106) - age  13:       4616 bytes,    3249616 total
[2020-10-06T06:34:52.513+0000][36436][gc,age       ] GC(106) - age  14:     183560 bytes,    3433176 total
[2020-10-06T06:34:52.513+0000][36436][gc,age       ] GC(106) - age  15:       3336 bytes,    3436512 total
[2020-10-06T06:34:52.513+0000][36436][gc,phases    ] GC(106)   Pre Evacuate Collection Set: 0.4ms
[2020-10-06T06:34:52.513+0000][36436][gc,phases    ] GC(106)   Merge Heap Roots: 0.1ms
[2020-10-06T06:34:52.514+0000][36436][gc,phases    ] GC(106)   Evacuate Collection Set: 5.0ms
[2020-10-06T06:34:52.514+0000][36436][gc,phases    ] GC(106)   Post Evacuate Collection Set: 1.2ms
[2020-10-06T06:34:52.514+0000][36436][gc,phases    ] GC(106)   Other: 1.2ms
[2020-10-06T06:34:52.514+0000][36436][gc,heap      ] GC(106) Eden regions: 80->0(505)
[2020-10-06T06:34:52.514+0000][36436][gc,heap      ] GC(106) Survivor regions: 4->4(64)
[2020-10-06T06:34:52.514+0000][36436][gc,heap      ] GC(106) Old regions: 75->76
[2020-10-06T06:34:52.514+0000][36436][gc,heap      ] GC(106) Archive regions: 0->0
[2020-10-06T06:34:52.514+0000][36436][gc,heap      ] GC(106) Humongous regions: 374->174
[2020-10-06T06:34:52.514+0000][36436][gc,metaspace ] GC(106) Metaspace: 86265K(92284K)->86265K(92284K) NonClass: 75075K(78716K)->75075K(78716K) Class: 11189K(13568K)->11189K(13568K)
[2020-10-06T06:34:52.514+0000][36436][gc           ] GC(106) Pause Young (Concurrent Start) (G1 Humongous Allocation) 531M->252M(1024M) 8.293ms
[2020-10-06T06:34:52.514+0000][36436][gc,cpu       ] GC(106) User=0.00s Sys=0.00s Real=0.01s
[2020-10-06T06:34:52.514+0000][36436][gc           ] GC(107) Concurrent Cycle
[2020-10-06T06:34:52.514+0000][36436][safepoint    ] Safepoint "G1TryInitiateConcMark", Time since last: 30429700 ns, Reaching safepoint: 155800 ns, At safepoint: 8499600 ns, Total: 8655400 ns
[2020-10-06T06:34:52.514+0000][36436][gc,marking   ] GC(107) Concurrent Clear Claimed Marks
[2020-10-06T06:34:52.515+0000][36436][gc,marking   ] GC(107) Concurrent Clear Claimed Marks 0.579ms
[2020-10-06T06:34:52.515+0000][36436][gc,marking   ] GC(107) Concurrent Scan Root Regions
[2020-10-06T06:34:52.518+0000][36436][gc,marking   ] GC(107) Concurrent Scan Root Regions 3.747ms
[2020-10-06T06:34:52.519+0000][36436][gc,marking   ] GC(107) Concurrent Mark (8962.717s)
[2020-10-06T06:34:52.519+0000][36436][gc,marking   ] GC(107) Concurrent Mark From Roots
[2020-10-06T06:34:52.519+0000][36436][gc,task      ] GC(107) Using 2 workers of 2 for marking
[2020-10-06T06:34:52.654+0000][36436][gc,marking   ] GC(107) Concurrent Mark From Roots 134.845ms
[2020-10-06T06:34:52.654+0000][36436][gc,marking   ] GC(107) Concurrent Preclean
[2020-10-06T06:34:52.654+0000][36436][gc,marking   ] GC(107) Concurrent Preclean 0.692ms
[2020-10-06T06:34:52.654+0000][36436][gc,marking   ] GC(107) Concurrent Mark (8962.717s, 8962.853s) 135.785ms
[2020-10-06T06:34:52.655+0000][36436][gc,start     ] GC(107) Pause Remark
[2020-10-06T06:34:52.660+0000][36436][gc           ] GC(107) Pause Remark 452M->452M(1024M) 5.448ms
[2020-10-06T06:34:52.660+0000][36436][gc,cpu       ] GC(107) User=0.00s Sys=0.00s Real=0.01s
[2020-10-06T06:34:52.660+0000][36436][safepoint    ] Safepoint "G1Concurrent", Time since last: 140528700 ns, Reaching safepoint: 163400 ns, At safepoint: 5706800 ns, Total: 5870200 ns
[2020-10-06T06:34:52.660+0000][36436][gc,marking   ] GC(107) Concurrent Rebuild Remembered Sets
[2020-10-06T06:34:52.748+0000][36436][gc,marking   ] GC(107) Concurrent Rebuild Remembered Sets 87.588ms
[2020-10-06T06:34:52.748+0000][36436][gc,start     ] GC(107) Pause Cleanup
[2020-10-06T06:34:52.749+0000][36436][gc           ] GC(107) Pause Cleanup 527M->527M(1024M) 0.372ms
[2020-10-06T06:34:52.749+0000][36436][gc,cpu       ] GC(107) User=0.00s Sys=0.00s Real=0.00s
[2020-10-06T06:34:52.749+0000][36436][safepoint    ] Safepoint "G1Concurrent", Time since last: 87791100 ns, Reaching safepoint: 156000 ns, At safepoint: 552000 ns, Total: 708000 ns
[2020-10-06T06:34:52.749+0000][36436][gc,marking   ] GC(107) Concurrent Cleanup for Next Mark
[2020-10-06T06:34:52.751+0000][36436][gc,marking   ] GC(107) Concurrent Cleanup for Next Mark 1.922ms
[2020-10-06T06:34:52.751+0000][36436][gc           ] GC(107) Concurrent Cycle 237.078ms
[2020-10-06T06:34:52.763+0000][36436][gc,start     ] GC(108) Pause Young (Concurrent Start) (G1 Humongous Allocation)
[2020-10-06T06:34:52.763+0000][36436][gc,task      ] GC(108) Using 8 workers of 8 for evacuation
[2020-10-06T06:34:52.763+0000][36436][gc,age       ] GC(108) Desired survivor size 33554432 bytes, new threshold 15 (max threshold 15)
[2020-10-06T06:34:52.768+0000][36436][gc,age       ] GC(108) Age table with threshold 15 (max threshold 15)
[2020-10-06T06:34:52.768+0000][36436][gc,age       ] GC(108) - age   1:    3081576 bytes,    3081576 total
[2020-10-06T06:34:52.768+0000][36436][gc,age       ] GC(108) - age   2:     414312 bytes,    3495888 total
[2020-10-06T06:34:52.768+0000][36436][gc,age       ] GC(108) - age   3:      12752 bytes,    3508640 total
[2020-10-06T06:34:52.768+0000][36436][gc,age       ] GC(108) - age   4:      40696 bytes,    3549336 total
[2020-10-06T06:34:52.768+0000][36436][gc,age       ] GC(108) - age   5:       3104 bytes,    3552440 total
[2020-10-06T06:34:52.768+0000][36436][gc,age       ] GC(108) - age   6:       2096 bytes,    3554536 total
[2020-10-06T06:34:52.768+0000][36436][gc,age       ] GC(108) - age   7:       2360 bytes,    3556896 total
[2020-10-06T06:34:52.768+0000][36436][gc,age       ] GC(108) - age   8:      69224 bytes,    3626120 total
[2020-10-06T06:34:52.768+0000][36436][gc,age       ] GC(108) - age   9:       1264 bytes,    3627384 total
[2020-10-06T06:34:52.768+0000][36436][gc,age       ] GC(108) - age  10:       1488 bytes,    3628872 total
[2020-10-06T06:34:52.768+0000][36436][gc,age       ] GC(108) - age  11:       2160 bytes,    3631032 total
[2020-10-06T06:34:52.769+0000][36436][gc,age       ] GC(108) - age  12:        816 bytes,    3631848 total
[2020-10-06T06:34:52.769+0000][36436][gc,age       ] GC(108) - age  13:      19408 bytes,    3651256 total
[2020-10-06T06:34:52.769+0000][36436][gc,age       ] GC(108) - age  14:       4616 bytes,    3655872 total
[2020-10-06T06:34:52.769+0000][36436][gc,age       ] GC(108) - age  15:     183560 bytes,    3839432 total
[2020-10-06T06:34:52.769+0000][36436][gc,phases    ] GC(108)   Pre Evacuate Collection Set: 0.5ms
[2020-10-06T06:34:52.769+0000][36436][gc,phases    ] GC(108)   Merge Heap Roots: 0.1ms
[2020-10-06T06:34:52.769+0000][36436][gc,phases    ] GC(108)   Evacuate Collection Set: 2.8ms
[2020-10-06T06:34:52.769+0000][36436][gc,phases    ] GC(108)   Post Evacuate Collection Set: 1.1ms
[2020-10-06T06:34:52.769+0000][36436][gc,phases    ] GC(108)   Other: 1.2ms
[2020-10-06T06:34:52.769+0000][36436][gc,heap      ] GC(108) Eden regions: 80->0(505)
[2020-10-06T06:34:52.769+0000][36436][gc,heap      ] GC(108) Survivor regions: 4->4(64)
[2020-10-06T06:34:52.769+0000][36436][gc,heap      ] GC(108) Old regions: 76->76
[2020-10-06T06:34:52.769+0000][36436][gc,heap      ] GC(108) Archive regions: 0->0
[2020-10-06T06:34:52.769+0000][36436][gc,heap      ] GC(108) Humongous regions: 374->174
[2020-10-06T06:34:52.769+0000][36436][gc,metaspace ] GC(108) Metaspace: 86270K(92284K)->86270K(92284K) NonClass: 75080K(78716K)->75080K(78716K) Class: 11189K(13568K)->11189K(13568K)
[2020-10-06T06:34:52.769+0000][36436][gc           ] GC(108) Pause Young (Concurrent Start) (G1 Humongous Allocation) 532M->253M(1024M) 6.027ms
[2020-10-06T06:34:52.769+0000][36436][gc,cpu       ] GC(108) User=0.00s Sys=0.00s Real=0.01s
[2020-10-06T06:34:52.769+0000][36436][gc           ] GC(109) Concurrent Cycle
[2020-10-06T06:34:52.769+0000][36436][safepoint    ] Safepoint "G1TryInitiateConcMark", Time since last: 14156300 ns, Reaching safepoint: 190200 ns, At safepoint: 6252700 ns, Total: 6442900 ns
[2020-10-06T06:34:52.769+0000][36436][gc,marking   ] GC(109) Concurrent Clear Claimed Marks
[2020-10-06T06:34:52.770+0000][36436][gc,marking   ] GC(109) Concurrent Clear Claimed Marks 0.717ms
[2020-10-06T06:34:52.770+0000][36436][gc,marking   ] GC(109) Concurrent Scan Root Regions
[2020-10-06T06:34:52.773+0000][36436][gc,marking   ] GC(109) Concurrent Scan Root Regions 2.579ms
[2020-10-06T06:34:52.773+0000][36436][gc,marking   ] GC(109) Concurrent Mark (8962.972s)
[2020-10-06T06:34:52.773+0000][36436][gc,marking   ] GC(109) Concurrent Mark From Roots
[2020-10-06T06:34:52.773+0000][36436][gc,task      ] GC(109) Using 2 workers of 2 for marking
[2020-10-06T06:34:52.927+0000][36436][gc,marking   ] GC(109) Concurrent Mark From Roots 153.947ms
[2020-10-06T06:34:52.927+0000][36436][gc,marking   ] GC(109) Concurrent Preclean
[2020-10-06T06:34:52.928+0000][36436][gc,marking   ] GC(109) Concurrent Preclean 0.910ms
[2020-10-06T06:34:52.928+0000][36436][gc,marking   ] GC(109) Concurrent Mark (8962.972s, 8963.127s) 155.123ms
[2020-10-06T06:34:52.929+0000][36436][gc,start     ] GC(109) Pause Remark
[2020-10-06T06:34:52.942+0000][36436][gc           ] GC(109) Pause Remark 390M->390M(1024M) 13.563ms
[2020-10-06T06:34:52.942+0000][36436][gc,cpu       ] GC(109) User=0.05s Sys=0.02s Real=0.01s
[2020-10-06T06:34:52.942+0000][36436][safepoint    ] Safepoint "G1Concurrent", Time since last: 158872200 ns, Reaching safepoint: 218400 ns, At safepoint: 13828900 ns, Total: 14047300 ns
[2020-10-06T06:34:52.942+0000][36436][gc,marking   ] GC(109) Concurrent Rebuild Remembered Sets
[2020-10-06T06:34:52.963+0000][36436][safepoint    ] Safepoint "ICBufferFull", Time since last: 16276800 ns, Reaching safepoint: 1425500 ns, At safepoint: 3412600 ns, Total: 4838100 ns
[2020-10-06T06:34:53.039+0000][36436][gc,marking   ] GC(109) Concurrent Rebuild Remembered Sets 96.496ms
[2020-10-06T06:34:53.039+0000][36436][gc,start     ] GC(109) Pause Cleanup
[2020-10-06T06:34:53.040+0000][36436][gc           ] GC(109) Pause Cleanup 392M->392M(1024M) 0.308ms
[2020-10-06T06:34:53.040+0000][36436][gc,cpu       ] GC(109) User=0.00s Sys=0.00s Real=0.00s
[2020-10-06T06:34:53.040+0000][36436][safepoint    ] Safepoint "G1Concurrent", Time since last: 75602200 ns, Reaching safepoint: 220700 ns, At safepoint: 490900 ns, Total: 711600 ns
[2020-10-06T06:34:53.040+0000][36436][gc,marking   ] GC(109) Concurrent Cleanup for Next Mark
[2020-10-06T06:34:53.041+0000][36436][gc,marking   ] GC(109) Concurrent Cleanup for Next Mark 1.460ms
[2020-10-06T06:34:53.041+0000][36436][gc           ] GC(109) Concurrent Cycle 272.017ms
[2020-10-06T06:34:53.706+0000][36436][safepoint    ] Safepoint "BulkRevokeBias", Time since last: 664697200 ns, Reaching safepoint: 264000 ns, At safepoint: 1331500 ns, Total: 1595500 ns
[2020-10-06T06:34:53.912+0000][36436][safepoint    ] Safepoint "ICBufferFull", Time since last: 204846300 ns, Reaching safepoint: 315500 ns, At safepoint: 38600 ns, Total: 354100 ns
[2020-10-06T06:34:54.124+0000][36436][safepoint    ] Safepoint "ICBufferFull", Time since last: 211743500 ns, Reaching safepoint: 337400 ns, At safepoint: 11000 ns, Total: 348400 ns
[2020-10-06T06:34:54.126+0000][36436][gc,start     ] GC(110) Pause Young (Concurrent Start) (G1 Humongous Allocation)
[2020-10-06T06:34:54.126+0000][36436][gc,task      ] GC(110) Using 8 workers of 8 for evacuation
[2020-10-06T06:34:54.126+0000][36436][gc,age       ] GC(110) Desired survivor size 33554432 bytes, new threshold 15 (max threshold 15)
[2020-10-06T06:34:54.155+0000][36436][gc,age       ] GC(110) Age table with threshold 15 (max threshold 15)
[2020-10-06T06:34:54.155+0000][36436][gc,age       ] GC(110) - age   1:    3033920 bytes,    3033920 total
[2020-10-06T06:34:54.155+0000][36436][gc,age       ] GC(110) - age   2:       2472 bytes,    3036392 total
[2020-10-06T06:34:54.155+0000][36436][gc,age       ] GC(110) - age   3:       3032 bytes,    3039424 total
[2020-10-06T06:34:54.155+0000][36436][gc,age       ] GC(110) - age   4:      12128 bytes,    3051552 total
[2020-10-06T06:34:54.155+0000][36436][gc,age       ] GC(110) - age   5:      36712 bytes,    3088264 total
[2020-10-06T06:34:54.155+0000][36436][gc,age       ] GC(110) - age   6:       3008 bytes,    3091272 total
[2020-10-06T06:34:54.155+0000][36436][gc,age       ] GC(110) - age   7:       2032 bytes,    3093304 total
[2020-10-06T06:34:54.155+0000][36436][gc,age       ] GC(110) - age   8:       2328 bytes,    3095632 total
[2020-10-06T06:34:54.155+0000][36436][gc,age       ] GC(110) - age   9:      68584 bytes,    3164216 total
[2020-10-06T06:34:54.155+0000][36436][gc,age       ] GC(110) - age  10:       1264 bytes,    3165480 total
[2020-10-06T06:34:54.156+0000][36436][gc,age       ] GC(110) - age  11:       1488 bytes,    3166968 total
[2020-10-06T06:34:54.156+0000][36436][gc,age       ] GC(110) - age  12:       2160 bytes,    3169128 total
[2020-10-06T06:34:54.156+0000][36436][gc,age       ] GC(110) - age  13:        816 bytes,    3169944 total
[2020-10-06T06:34:54.156+0000][36436][gc,age       ] GC(110) - age  14:      19136 bytes,    3189080 total
[2020-10-06T06:34:54.156+0000][36436][gc,age       ] GC(110) - age  15:       4616 bytes,    3193696 total
[2020-10-06T06:34:54.156+0000][36436][gc,phases    ] GC(110)   Pre Evacuate Collection Set: 0.4ms
[2020-10-06T06:34:54.156+0000][36436][gc,phases    ] GC(110)   Merge Heap Roots: 0.1ms
[2020-10-06T06:34:54.156+0000][36436][gc,phases    ] GC(110)   Evacuate Collection Set: 28.0ms
[2020-10-06T06:34:54.156+0000][36436][gc,phases    ] GC(110)   Post Evacuate Collection Set: 0.9ms
[2020-10-06T06:34:54.156+0000][36436][gc,phases    ] GC(110)   Other: 1.0ms
[2020-10-06T06:34:54.156+0000][36436][gc,heap      ] GC(110) Eden regions: 71->0(505)
[2020-10-06T06:34:54.156+0000][36436][gc,heap      ] GC(110) Survivor regions: 4->4(64)
[2020-10-06T06:34:54.156+0000][36436][gc,heap      ] GC(110) Old regions: 76->76
[2020-10-06T06:34:54.156+0000][36436][gc,heap      ] GC(110) Archive regions: 0->0
[2020-10-06T06:34:54.156+0000][36436][gc,heap      ] GC(110) Humongous regions: 274->174
[2020-10-06T06:34:54.156+0000][36436][gc,metaspace ] GC(110) Metaspace: 86572K(92540K)->86572K(92540K) NonClass: 75433K(78972K)->75433K(78972K) Class: 11138K(13568K)->11138K(13568K)
[2020-10-06T06:34:54.156+0000][36436][gc           ] GC(110) Pause Young (Concurrent Start) (G1 Humongous Allocation) 423M->252M(1024M) 30.565ms
[2020-10-06T06:34:54.156+0000][36436][gc,cpu       ] GC(110) User=0.03s Sys=0.00s Real=0.03s
[2020-10-06T06:34:54.156+0000][36436][gc           ] GC(111) Concurrent Cycle
[2020-10-06T06:34:54.156+0000][36436][safepoint    ] Safepoint "G1TryInitiateConcMark", Time since last: 1686100 ns, Reaching safepoint: 147100 ns, At safepoint: 30747500 ns, Total: 30894600 ns
[2020-10-06T06:34:54.156+0000][36436][gc,marking   ] GC(111) Concurrent Clear Claimed Marks
[2020-10-06T06:34:54.157+0000][36436][gc,marking   ] GC(111) Concurrent Clear Claimed Marks 0.673ms
[2020-10-06T06:34:54.157+0000][36436][gc,marking   ] GC(111) Concurrent Scan Root Regions
[2020-10-06T06:34:54.159+0000][36436][gc,marking   ] GC(111) Concurrent Scan Root Regions 2.345ms
[2020-10-06T06:34:54.160+0000][36436][gc,marking   ] GC(111) Concurrent Mark (8964.358s)
[2020-10-06T06:34:54.160+0000][36436][gc,marking   ] GC(111) Concurrent Mark From Roots
[2020-10-06T06:34:54.160+0000][36436][gc,task      ] GC(111) Using 2 workers of 2 for marking
[2020-10-06T06:34:54.265+0000][36436][gc,marking   ] GC(111) Concurrent Mark From Roots 105.391ms
[2020-10-06T06:34:54.265+0000][36436][gc,marking   ] GC(111) Concurrent Preclean
[2020-10-06T06:34:54.266+0000][36436][gc,marking   ] GC(111) Concurrent Preclean 0.573ms
[2020-10-06T06:34:54.266+0000][36436][gc,marking   ] GC(111) Concurrent Mark (8964.358s, 8964.464s) 106.215ms
[2020-10-06T06:34:54.266+0000][36436][gc,start     ] GC(111) Pause Remark
[2020-10-06T06:34:54.271+0000][36436][gc           ] GC(111) Pause Remark 326M->326M(1024M) 5.282ms
[2020-10-06T06:34:54.271+0000][36436][gc,cpu       ] GC(111) User=0.11s Sys=0.00s Real=0.00s
[2020-10-06T06:34:54.272+0000][36436][safepoint    ] Safepoint "G1Concurrent", Time since last: 109576100 ns, Reaching safepoint: 254600 ns, At safepoint: 5606200 ns, Total: 5860800 ns
[2020-10-06T06:34:54.272+0000][36436][gc,marking   ] GC(111) Concurrent Rebuild Remembered Sets
[2020-10-06T06:34:54.359+0000][36436][gc,marking   ] GC(111) Concurrent Rebuild Remembered Sets 87.087ms
[2020-10-06T06:34:54.359+0000][36436][gc,start     ] GC(111) Pause Cleanup
[2020-10-06T06:34:54.359+0000][36436][gc           ] GC(111) Pause Cleanup 327M->327M(1024M) 0.307ms
[2020-10-06T06:34:54.359+0000][36436][gc,cpu       ] GC(111) User=0.00s Sys=0.00s Real=0.00s
[2020-10-06T06:34:54.360+0000][36436][safepoint    ] Safepoint "G1Concurrent", Time since last: 87316400 ns, Reaching safepoint: 167000 ns, At safepoint: 515400 ns, Total: 682400 ns
[2020-10-06T06:34:54.360+0000][36436][gc,marking   ] GC(111) Concurrent Cleanup for Next Mark
[2020-10-06T06:34:54.361+0000][36436][gc,marking   ] GC(111) Concurrent Cleanup for Next Mark 1.780ms
[2020-10-06T06:34:54.362+0000][36436][gc           ] GC(111) Concurrent Cycle 205.454ms
[2020-10-06T06:34:54.962+0000][36436][safepoint    ] Safepoint "BulkRevokeBias", Time since last: 600422300 ns, Reaching safepoint: 274200 ns, At safepoint: 1990500 ns, Total: 2264700 ns
[2020-10-06T06:34:54.975+0000][36436][gc,start     ] GC(112) Pause Young (Concurrent Start) (G1 Humongous Allocation)
[2020-10-06T06:34:54.975+0000][36436][gc,task      ] GC(112) Using 8 workers of 8 for evacuation
[2020-10-06T06:34:54.975+0000][36436][gc,age       ] GC(112) Desired survivor size 33554432 bytes, new threshold 15 (max threshold 15)
[2020-10-06T06:34:54.979+0000][36436][gc,age       ] GC(112) Age table with threshold 15 (max threshold 15)
[2020-10-06T06:34:54.979+0000][36436][gc,age       ] GC(112) - age   1:    3396768 bytes,    3396768 total
[2020-10-06T06:34:54.979+0000][36436][gc,age       ] GC(112) - age   2:     208768 bytes,    3605536 total
[2020-10-06T06:34:54.979+0000][36436][gc,age       ] GC(112) - age   3:       1800 bytes,    3607336 total
[2020-10-06T06:34:54.979+0000][36436][gc,age       ] GC(112) - age   4:       2720 bytes,    3610056 total
[2020-10-06T06:34:54.979+0000][36436][gc,age       ] GC(112) - age   5:      12000 bytes,    3622056 total
[2020-10-06T06:34:54.979+0000][36436][gc,age       ] GC(112) - age   6:      36648 bytes,    3658704 total
[2020-10-06T06:34:54.979+0000][36436][gc,age       ] GC(112) - age   7:       2944 bytes,    3661648 total
[2020-10-06T06:34:54.979+0000][36436][gc,age       ] GC(112) - age   8:       1776 bytes,    3663424 total
[2020-10-06T06:34:54.979+0000][36436][gc,age       ] GC(112) - age   9:       2328 bytes,    3665752 total
[2020-10-06T06:34:54.979+0000][36436][gc,age       ] GC(112) - age  10:      68584 bytes,    3734336 total
[2020-10-06T06:34:54.979+0000][36436][gc,age       ] GC(112) - age  11:       1264 bytes,    3735600 total
[2020-10-06T06:34:54.979+0000][36436][gc,age       ] GC(112) - age  12:       1488 bytes,    3737088 total
[2020-10-06T06:34:54.979+0000][36436][gc,age       ] GC(112) - age  13:       2160 bytes,    3739248 total
[2020-10-06T06:34:54.979+0000][36436][gc,age       ] GC(112) - age  14:        816 bytes,    3740064 total
[2020-10-06T06:34:54.979+0000][36436][gc,age       ] GC(112) - age  15:      19136 bytes,    3759200 total
[2020-10-06T06:34:54.979+0000][36436][gc,phases    ] GC(112)   Pre Evacuate Collection Set: 0.4ms
[2020-10-06T06:34:54.979+0000][36436][gc,phases    ] GC(112)   Merge Heap Roots: 0.1ms
[2020-10-06T06:34:54.979+0000][36436][gc,phases    ] GC(112)   Evacuate Collection Set: 2.3ms
[2020-10-06T06:34:54.979+0000][36436][gc,phases    ] GC(112)   Post Evacuate Collection Set: 0.8ms
[2020-10-06T06:34:54.980+0000][36436][gc,phases    ] GC(112)   Other: 1.2ms
[2020-10-06T06:34:54.980+0000][36436][gc,heap      ] GC(112) Eden regions: 61->0(505)
[2020-10-06T06:34:54.980+0000][36436][gc,heap      ] GC(112) Survivor regions: 4->4(64)
[2020-10-06T06:34:54.980+0000][36436][gc,heap      ] GC(112) Old regions: 76->76
[2020-10-06T06:34:54.980+0000][36436][gc,heap      ] GC(112) Archive regions: 0->0
[2020-10-06T06:34:54.980+0000][36436][gc,heap      ] GC(112) Humongous regions: 231->174
[2020-10-06T06:34:54.980+0000][36436][gc,metaspace ] GC(112) Metaspace: 86940K(93052K)->86940K(93052K) NonClass: 75800K(79484K)->75800K(79484K) Class: 11139K(13568K)->11139K(13568K)
[2020-10-06T06:34:54.980+0000][36436][gc           ] GC(112) Pause Young (Concurrent Start) (G1 Humongous Allocation) 370M->253M(1024M) 5.006ms
[2020-10-06T06:34:54.980+0000][36436][gc,cpu       ] GC(112) User=0.00s Sys=0.00s Real=0.01s
[2020-10-06T06:34:54.980+0000][36436][gc           ] GC(113) Concurrent Cycle
[2020-10-06T06:34:54.980+0000][36436][safepoint    ] Safepoint "G1TryInitiateConcMark", Time since last: 12047700 ns, Reaching safepoint: 183600 ns, At safepoint: 5173100 ns, Total: 5356700 ns
[2020-10-06T06:34:54.980+0000][36436][gc,marking   ] GC(113) Concurrent Clear Claimed Marks
[2020-10-06T06:34:54.980+0000][36436][safepoint    ] Safepoint "G1TryInitiateConcMark", Time since last: 152700 ns, Reaching safepoint: 136200 ns, At safepoint: 60500 ns, Total: 196700 ns
[2020-10-06T06:34:54.980+0000][36436][gc,marking   ] GC(113) Concurrent Clear Claimed Marks 0.392ms
[2020-10-06T06:34:54.980+0000][36436][gc,marking   ] GC(113) Concurrent Scan Root Regions
[2020-10-06T06:34:54.980+0000][36436][safepoint    ] Safepoint "G1TryInitiateConcMark", Time since last: 124700 ns, Reaching safepoint: 119200 ns, At safepoint: 26800 ns, Total: 146000 ns
[2020-10-06T06:34:54.983+0000][36436][gc,marking   ] GC(113) Concurrent Scan Root Regions 2.727ms
[2020-10-06T06:34:54.983+0000][36436][gc,marking   ] GC(113) Concurrent Mark (8965.181s)
[2020-10-06T06:34:54.983+0000][36436][gc,marking   ] GC(113) Concurrent Mark From Roots
[2020-10-06T06:34:54.983+0000][36436][gc,task      ] GC(113) Using 2 workers of 2 for marking
[2020-10-06T06:34:55.029+0000][36436][safepoint    ] Safepoint "BulkRevokeBias", Time since last: 45464100 ns, Reaching safepoint: 229600 ns, At safepoint: 3033300 ns, Total: 3262900 ns
[2020-10-06T06:34:55.107+0000][36436][gc,marking   ] GC(113) Concurrent Mark From Roots 124.554ms
[2020-10-06T06:34:55.107+0000][36436][gc,marking   ] GC(113) Concurrent Preclean
[2020-10-06T06:34:55.108+0000][36436][gc,marking   ] GC(113) Concurrent Preclean 0.568ms
[2020-10-06T06:34:55.108+0000][36436][gc,marking   ] GC(113) Concurrent Mark (8965.181s, 8965.307s) 125.304ms
[2020-10-06T06:34:55.108+0000][36436][gc,start     ] GC(113) Pause Remark
[2020-10-06T06:34:55.120+0000][36436][gc           ] GC(113) Pause Remark 337M->337M(1024M) 11.383ms
[2020-10-06T06:34:55.120+0000][36436][gc,cpu       ] GC(113) User=0.13s Sys=0.00s Real=0.01s
[2020-10-06T06:34:55.121+0000][36436][safepoint    ] Safepoint "G1Concurrent", Time since last: 79304700 ns, Reaching safepoint: 123300 ns, At safepoint: 11661400 ns, Total: 11784700 ns
[2020-10-06T06:34:55.121+0000][36436][gc,marking   ] GC(113) Concurrent Rebuild Remembered Sets
[2020-10-06T06:34:55.151+0000][36436][safepoint    ] Safepoint "ICBufferFull", Time since last: 29148600 ns, Reaching safepoint: 696900 ns, At safepoint: 65000 ns, Total: 761900 ns
[2020-10-06T06:34:55.198+0000][36436][gc,marking   ] GC(113) Concurrent Rebuild Remembered Sets 77.344ms
[2020-10-06T06:34:55.198+0000][36436][gc,start     ] GC(113) Pause Cleanup
[2020-10-06T06:34:55.198+0000][36436][gc           ] GC(113) Pause Cleanup 342M->342M(1024M) 0.273ms
[2020-10-06T06:34:55.199+0000][36436][gc,cpu       ] GC(113) User=0.00s Sys=0.00s Real=0.00s
[2020-10-06T06:34:55.199+0000][36436][safepoint    ] Safepoint "G1Concurrent", Time since last: 47622100 ns, Reaching safepoint: 262000 ns, At safepoint: 447200 ns, Total: 709200 ns
[2020-10-06T06:34:55.199+0000][36436][gc,marking   ] GC(113) Concurrent Cleanup for Next Mark
[2020-10-06T06:34:55.200+0000][36436][gc,marking   ] GC(113) Concurrent Cleanup for Next Mark 1.549ms
[2020-10-06T06:34:55.200+0000][36436][gc           ] GC(113) Concurrent Cycle 220.443ms
[2020-10-06T06:34:55.244+0000][36436][gc,start     ] GC(114) Pause Young (Concurrent Start) (G1 Humongous Allocation)
[2020-10-06T06:34:55.244+0000][36436][gc,task      ] GC(114) Using 8 workers of 8 for evacuation
[2020-10-06T06:34:55.244+0000][36436][gc,age       ] GC(114) Desired survivor size 33554432 bytes, new threshold 15 (max threshold 15)
[2020-10-06T06:34:55.248+0000][36436][gc,age       ] GC(114) Age table with threshold 15 (max threshold 15)
[2020-10-06T06:34:55.248+0000][36436][gc,age       ] GC(114) - age   1:    3015208 bytes,    3015208 total
[2020-10-06T06:34:55.248+0000][36436][gc,age       ] GC(114) - age   2:     296472 bytes,    3311680 total
[2020-10-06T06:34:55.248+0000][36436][gc,age       ] GC(114) - age   3:     207608 bytes,    3519288 total
[2020-10-06T06:34:55.248+0000][36436][gc,age       ] GC(114) - age   4:       1704 bytes,    3520992 total
[2020-10-06T06:34:55.248+0000][36436][gc,age       ] GC(114) - age   5:       2624 bytes,    3523616 total
[2020-10-06T06:34:55.248+0000][36436][gc,age       ] GC(114) - age   6:      12000 bytes,    3535616 total
[2020-10-06T06:34:55.248+0000][36436][gc,age       ] GC(114) - age   7:      36456 bytes,    3572072 total
[2020-10-06T06:34:55.248+0000][36436][gc,age       ] GC(114) - age   8:       2944 bytes,    3575016 total
[2020-10-06T06:34:55.248+0000][36436][gc,age       ] GC(114) - age   9:       1744 bytes,    3576760 total
[2020-10-06T06:34:55.248+0000][36436][gc,age       ] GC(114) - age  10:       2264 bytes,    3579024 total
[2020-10-06T06:34:55.248+0000][36436][gc,age       ] GC(114) - age  11:      68584 bytes,    3647608 total
[2020-10-06T06:34:55.248+0000][36436][gc,age       ] GC(114) - age  12:       1264 bytes,    3648872 total
[2020-10-06T06:34:55.248+0000][36436][gc,age       ] GC(114) - age  13:       1488 bytes,    3650360 total
[2020-10-06T06:34:55.248+0000][36436][gc,age       ] GC(114) - age  14:       2128 bytes,    3652488 total
[2020-10-06T06:34:55.248+0000][36436][gc,age       ] GC(114) - age  15:        816 bytes,    3653304 total
[2020-10-06T06:34:55.249+0000][36436][gc,phases    ] GC(114)   Pre Evacuate Collection Set: 0.4ms
[2020-10-06T06:34:55.249+0000][36436][gc,phases    ] GC(114)   Merge Heap Roots: 0.1ms
[2020-10-06T06:34:55.249+0000][36436][gc,phases    ] GC(114)   Evacuate Collection Set: 3.0ms
[2020-10-06T06:34:55.249+0000][36436][gc,phases    ] GC(114)   Post Evacuate Collection Set: 0.6ms
[2020-10-06T06:34:55.249+0000][36436][gc,phases    ] GC(114)   Other: 0.9ms
[2020-10-06T06:34:55.249+0000][36436][gc,heap      ] GC(114) Eden regions: 53->0(505)
[2020-10-06T06:34:55.249+0000][36436][gc,heap      ] GC(114) Survivor regions: 4->4(64)
[2020-10-06T06:34:55.249+0000][36436][gc,heap      ] GC(114) Old regions: 76->76
[2020-10-06T06:34:55.249+0000][36436][gc,heap      ] GC(114) Archive regions: 0->0
[2020-10-06T06:34:55.249+0000][36436][gc,heap      ] GC(114) Humongous regions: 231->174
[2020-10-06T06:34:55.249+0000][36436][gc,metaspace ] GC(114) Metaspace: 86963K(93052K)->86963K(93052K) NonClass: 75837K(79484K)->75837K(79484K) Class: 11125K(13568K)->11125K(13568K)
[2020-10-06T06:34:55.249+0000][36436][gc           ] GC(114) Pause Young (Concurrent Start) (G1 Humongous Allocation) 363M->253M(1024M) 5.338ms
[2020-10-06T06:34:55.249+0000][36436][gc,cpu       ] GC(114) User=0.00s Sys=0.00s Real=0.01s
[2020-10-06T06:34:55.249+0000][36436][gc           ] GC(115) Concurrent Cycle
[2020-10-06T06:34:55.249+0000][36436][safepoint    ] Safepoint "G1TryInitiateConcMark", Time since last: 44617700 ns, Reaching safepoint: 397700 ns, At safepoint: 5498800 ns, Total: 5896500 ns
[2020-10-06T06:34:55.249+0000][36436][gc,marking   ] GC(115) Concurrent Clear Claimed Marks
[2020-10-06T06:34:55.249+0000][36436][safepoint    ] Safepoint "G1TryInitiateConcMark", Time since last: 190900 ns, Reaching safepoint: 144800 ns, At safepoint: 10000 ns, Total: 154800 ns
[2020-10-06T06:34:55.250+0000][36436][gc,marking   ] GC(115) Concurrent Clear Claimed Marks 0.440ms
[2020-10-06T06:34:55.250+0000][36436][gc,marking   ] GC(115) Concurrent Scan Root Regions
[2020-10-06T06:34:55.250+0000][36436][safepoint    ] Safepoint "G1TryInitiateConcMark", Time since last: 161600 ns, Reaching safepoint: 121400 ns, At safepoint: 9600 ns, Total: 131000 ns
[2020-10-06T06:34:55.252+0000][36436][gc,marking   ] GC(115) Concurrent Scan Root Regions 2.602ms
[2020-10-06T06:34:55.252+0000][36436][gc,marking   ] GC(115) Concurrent Mark (8965.450s)
[2020-10-06T06:34:55.252+0000][36436][gc,marking   ] GC(115) Concurrent Mark From Roots
[2020-10-06T06:34:55.252+0000][36436][gc,task      ] GC(115) Using 2 workers of 2 for marking
[2020-10-06T06:34:55.320+0000][36436][safepoint    ] Safepoint "BulkRevokeBias", Time since last: 68256600 ns, Reaching safepoint: 210300 ns, At safepoint: 1630600 ns, Total: 1840900 ns
[2020-10-06T06:34:55.392+0000][36436][gc,marking   ] GC(115) Concurrent Mark From Roots 139.949ms
[2020-10-06T06:34:55.392+0000][36436][gc,marking   ] GC(115) Concurrent Preclean
[2020-10-06T06:34:55.393+0000][36436][gc,marking   ] GC(115) Concurrent Preclean 0.849ms
[2020-10-06T06:34:55.393+0000][36436][gc,marking   ] GC(115) Concurrent Mark (8965.450s, 8965.591s) 141.012ms
[2020-10-06T06:34:55.394+0000][36436][gc,start     ] GC(115) Pause Remark
[2020-10-06T06:34:55.400+0000][36436][gc           ] GC(115) Pause Remark 399M->399M(1024M) 6.631ms
[2020-10-06T06:34:55.400+0000][36436][gc,cpu       ] GC(115) User=0.09s Sys=0.00s Real=0.01s
[2020-10-06T06:34:55.401+0000][36436][safepoint    ] Safepoint "G1Concurrent", Time since last: 73617900 ns, Reaching safepoint: 217900 ns, At safepoint: 7269100 ns, Total: 7487000 ns
[2020-10-06T06:34:55.401+0000][36436][gc,marking   ] GC(115) Concurrent Rebuild Remembered Sets
[2020-10-06T06:34:55.491+0000][36436][gc,marking   ] GC(115) Concurrent Rebuild Remembered Sets 90.061ms
[2020-10-06T06:34:55.491+0000][36436][gc,start     ] GC(115) Pause Cleanup
[2020-10-06T06:34:55.492+0000][36436][gc           ] GC(115) Pause Cleanup 432M->432M(1024M) 0.327ms
[2020-10-06T06:34:55.492+0000][36436][gc,cpu       ] GC(115) User=0.00s Sys=0.00s Real=0.00s
[2020-10-06T06:34:55.492+0000][36436][safepoint    ] Safepoint "G1Concurrent", Time since last: 90321800 ns, Reaching safepoint: 143700 ns, At safepoint: 511800 ns, Total: 655500 ns
[2020-10-06T06:34:55.492+0000][36436][gc,marking   ] GC(115) Concurrent Cleanup for Next Mark
[2020-10-06T06:34:55.494+0000][36436][gc,marking   ] GC(115) Concurrent Cleanup for Next Mark 1.890ms
[2020-10-06T06:34:55.494+0000][36436][gc           ] GC(115) Concurrent Cycle 244.941ms
[2020-10-06T06:34:55.514+0000][36436][gc,start     ] GC(116) Pause Young (Concurrent Start) (G1 Humongous Allocation)
[2020-10-06T06:34:55.514+0000][36436][gc,task      ] GC(116) Using 8 workers of 8 for evacuation
[2020-10-06T06:34:55.514+0000][36436][gc,age       ] GC(116) Desired survivor size 33554432 bytes, new threshold 15 (max threshold 15)
[2020-10-06T06:34:55.518+0000][36436][gc,age       ] GC(116) Age table with threshold 15 (max threshold 15)
[2020-10-06T06:34:55.518+0000][36436][gc,age       ] GC(116) - age   1:    3190632 bytes,    3190632 total
[2020-10-06T06:34:55.518+0000][36436][gc,age       ] GC(116) - age   2:      62880 bytes,    3253512 total
[2020-10-06T06:34:55.518+0000][36436][gc,age       ] GC(116) - age   3:     293488 bytes,    3547000 total
[2020-10-06T06:34:55.518+0000][36436][gc,age       ] GC(116) - age   4:     207328 bytes,    3754328 total
[2020-10-06T06:34:55.518+0000][36436][gc,age       ] GC(116) - age   5:       1640 bytes,    3755968 total
[2020-10-06T06:34:55.518+0000][36436][gc,age       ] GC(116) - age   6:       2528 bytes,    3758496 total
[2020-10-06T06:34:55.518+0000][36436][gc,age       ] GC(116) - age   7:      11968 bytes,    3770464 total
[2020-10-06T06:34:55.518+0000][36436][gc,age       ] GC(116) - age   8:      36424 bytes,    3806888 total
[2020-10-06T06:34:55.518+0000][36436][gc,age       ] GC(116) - age   9:       2944 bytes,    3809832 total
[2020-10-06T06:34:55.518+0000][36436][gc,age       ] GC(116) - age  10:       1744 bytes,    3811576 total
[2020-10-06T06:34:55.518+0000][36436][gc,age       ] GC(116) - age  11:       2232 bytes,    3813808 total
[2020-10-06T06:34:55.518+0000][36436][gc,age       ] GC(116) - age  12:      68488 bytes,    3882296 total
[2020-10-06T06:34:55.519+0000][36436][gc,age       ] GC(116) - age  13:       1264 bytes,    3883560 total
[2020-10-06T06:34:55.519+0000][36436][gc,age       ] GC(116) - age  14:       1456 bytes,    3885016 total
[2020-10-06T06:34:55.519+0000][36436][gc,age       ] GC(116) - age  15:       2128 bytes,    3887144 total
[2020-10-06T06:34:55.519+0000][36436][gc,phases    ] GC(116)   Pre Evacuate Collection Set: 0.4ms
[2020-10-06T06:34:55.519+0000][36436][gc,phases    ] GC(116)   Merge Heap Roots: 0.1ms
[2020-10-06T06:34:55.519+0000][36436][gc,phases    ] GC(116)   Evacuate Collection Set: 2.9ms
[2020-10-06T06:34:55.519+0000][36436][gc,phases    ] GC(116)   Post Evacuate Collection Set: 0.7ms
[2020-10-06T06:34:55.519+0000][36436][gc,phases    ] GC(116)   Other: 1.0ms
[2020-10-06T06:34:55.519+0000][36436][gc,heap      ] GC(116) Eden regions: 97->0(505)
[2020-10-06T06:34:55.519+0000][36436][gc,heap      ] GC(116) Survivor regions: 4->4(64)
[2020-10-06T06:34:55.519+0000][36436][gc,heap      ] GC(116) Old regions: 76->76
[2020-10-06T06:34:55.519+0000][36436][gc,heap      ] GC(116) Archive regions: 0->0
[2020-10-06T06:34:55.519+0000][36436][gc,heap      ] GC(116) Humongous regions: 264->174
[2020-10-06T06:34:55.519+0000][36436][gc,metaspace ] GC(116) Metaspace: 87074K(93052K)->87074K(93052K) NonClass: 75948K(79484K)->75948K(79484K) Class: 11125K(13568K)->11125K(13568K)
[2020-10-06T06:34:55.519+0000][36436][gc           ] GC(116) Pause Young (Concurrent Start) (G1 Humongous Allocation) 440M->253M(1024M) 5.386ms
[2020-10-06T06:34:55.519+0000][36436][gc,cpu       ] GC(116) User=0.00s Sys=0.00s Real=0.01s
[2020-10-06T06:34:55.519+0000][36436][gc           ] GC(117) Concurrent Cycle
[2020-10-06T06:34:55.519+0000][36436][safepoint    ] Safepoint "G1TryInitiateConcMark", Time since last: 21473700 ns, Reaching safepoint: 191800 ns, At safepoint: 5591900 ns, Total: 5783700 ns
[2020-10-06T06:34:55.519+0000][36436][gc,marking   ] GC(117) Concurrent Clear Claimed Marks
[2020-10-06T06:34:55.520+0000][36436][safepoint    ] Safepoint "G1TryInitiateConcMark", Time since last: 166000 ns, Reaching safepoint: 180100 ns, At safepoint: 27300 ns, Total: 207400 ns
[2020-10-06T06:34:55.520+0000][36436][gc,marking   ] GC(117) Concurrent Clear Claimed Marks 0.436ms
[2020-10-06T06:34:55.520+0000][36436][gc,marking   ] GC(117) Concurrent Scan Root Regions
[2020-10-06T06:34:55.520+0000][36436][safepoint    ] Safepoint "G1TryInitiateConcMark", Time since last: 174500 ns, Reaching safepoint: 184900 ns, At safepoint: 44000 ns, Total: 228900 ns
[2020-10-06T06:34:55.523+0000][36436][gc,marking   ] GC(117) Concurrent Scan Root Regions 2.846ms
[2020-10-06T06:34:55.523+0000][36436][gc,marking   ] GC(117) Concurrent Mark (8965.721s)
[2020-10-06T06:34:55.523+0000][36436][gc,marking   ] GC(117) Concurrent Mark From Roots
[2020-10-06T06:34:55.523+0000][36436][gc,task      ] GC(117) Using 2 workers of 2 for marking
[2020-10-06T06:34:55.654+0000][36436][gc,marking   ] GC(117) Concurrent Mark From Roots 131.355ms
[2020-10-06T06:34:55.654+0000][36436][gc,marking   ] GC(117) Concurrent Preclean
[2020-10-06T06:34:55.655+0000][36436][gc,marking   ] GC(117) Concurrent Preclean 0.908ms
[2020-10-06T06:34:55.655+0000][36436][gc,marking   ] GC(117) Concurrent Mark (8965.721s, 8965.853s) 132.481ms
[2020-10-06T06:34:55.655+0000][36436][gc,start     ] GC(117) Pause Remark
[2020-10-06T06:34:55.662+0000][36436][gc           ] GC(117) Pause Remark 350M->350M(1024M) 7.260ms
[2020-10-06T06:34:55.662+0000][36436][gc,cpu       ] GC(117) User=0.08s Sys=0.00s Real=0.01s
[2020-10-06T06:34:55.663+0000][36436][safepoint    ] Safepoint "G1Concurrent", Time since last: 135224000 ns, Reaching safepoint: 244900 ns, At safepoint: 8257900 ns, Total: 8502800 ns
[2020-10-06T06:34:55.663+0000][36436][gc,marking   ] GC(117) Concurrent Rebuild Remembered Sets
[2020-10-06T06:34:55.680+0000][36436][safepoint    ] Safepoint "BulkRevokeBias", Time since last: 10245300 ns, Reaching safepoint: 1010700 ns, At safepoint: 5086100 ns, Total: 6096800 ns
[2020-10-06T06:34:55.758+0000][36436][gc,marking   ] GC(117) Concurrent Rebuild Remembered Sets 95.085ms
[2020-10-06T06:34:55.759+0000][36436][gc,start     ] GC(117) Pause Cleanup
[2020-10-06T06:34:55.759+0000][36436][gc           ] GC(117) Pause Cleanup 442M->442M(1024M) 0.362ms
[2020-10-06T06:34:55.759+0000][36436][gc,cpu       ] GC(117) User=0.00s Sys=0.00s Real=0.00s
[2020-10-06T06:34:55.759+0000][36436][safepoint    ] Safepoint "G1Concurrent", Time since last: 78995900 ns, Reaching safepoint: 167000 ns, At safepoint: 560100 ns, Total: 727100 ns
[2020-10-06T06:34:55.759+0000][36436][gc,marking   ] GC(117) Concurrent Cleanup for Next Mark
[2020-10-06T06:34:55.761+0000][36436][gc,marking   ] GC(117) Concurrent Cleanup for Next Mark 1.957ms
[2020-10-06T06:34:55.761+0000][36436][gc           ] GC(117) Concurrent Cycle 242.847ms
[2020-10-06T06:34:55.802+0000][36436][gc,start     ] GC(118) Pause Young (Concurrent Start) (G1 Humongous Allocation)
[2020-10-06T06:34:55.802+0000][36436][gc,task      ] GC(118) Using 8 workers of 8 for evacuation
[2020-10-06T06:34:55.802+0000][36436][gc,age       ] GC(118) Desired survivor size 33554432 bytes, new threshold 15 (max threshold 15)
[2020-10-06T06:34:55.806+0000][36436][gc,age       ] GC(118) Age table with threshold 15 (max threshold 15)
[2020-10-06T06:34:55.806+0000][36436][gc,age       ] GC(118) - age   1:    3162200 bytes,    3162200 total
[2020-10-06T06:34:55.806+0000][36436][gc,age       ] GC(118) - age   2:       5848 bytes,    3168048 total
[2020-10-06T06:34:55.806+0000][36436][gc,age       ] GC(118) - age   3:      62496 bytes,    3230544 total
[2020-10-06T06:34:55.806+0000][36436][gc,age       ] GC(118) - age   4:     291768 bytes,    3522312 total
[2020-10-06T06:34:55.806+0000][36436][gc,age       ] GC(118) - age   5:     207296 bytes,    3729608 total
[2020-10-06T06:34:55.806+0000][36436][gc,age       ] GC(118) - age   6:       1576 bytes,    3731184 total
[2020-10-06T06:34:55.806+0000][36436][gc,age       ] GC(118) - age   7:       2528 bytes,    3733712 total
[2020-10-06T06:34:55.806+0000][36436][gc,age       ] GC(118) - age   8:      11968 bytes,    3745680 total
[2020-10-06T06:34:55.806+0000][36436][gc,age       ] GC(118) - age   9:      36328 bytes,    3782008 total
[2020-10-06T06:34:55.806+0000][36436][gc,age       ] GC(118) - age  10:       2816 bytes,    3784824 total
[2020-10-06T06:34:55.806+0000][36436][gc,age       ] GC(118) - age  11:       1744 bytes,    3786568 total
[2020-10-06T06:34:55.806+0000][36436][gc,age       ] GC(118) - age  12:       2232 bytes,    3788800 total
[2020-10-06T06:34:55.806+0000][36436][gc,age       ] GC(118) - age  13:      68488 bytes,    3857288 total
[2020-10-06T06:34:55.806+0000][36436][gc,age       ] GC(118) - age  14:       1264 bytes,    3858552 total
[2020-10-06T06:34:55.806+0000][36436][gc,age       ] GC(118) - age  15:       1360 bytes,    3859912 total
[2020-10-06T06:34:55.806+0000][36436][gc,phases    ] GC(118)   Pre Evacuate Collection Set: 0.4ms
[2020-10-06T06:34:55.806+0000][36436][gc,phases    ] GC(118)   Merge Heap Roots: 0.1ms
[2020-10-06T06:34:55.806+0000][36436][gc,phases    ] GC(118)   Evacuate Collection Set: 2.5ms
[2020-10-06T06:34:55.807+0000][36436][gc,phases    ] GC(118)   Post Evacuate Collection Set: 0.8ms
[2020-10-06T06:34:55.807+0000][36436][gc,phases    ] GC(118)   Other: 1.0ms
[2020-10-06T06:34:55.807+0000][36436][gc,heap      ] GC(118) Eden regions: 99->0(505)
[2020-10-06T06:34:55.807+0000][36436][gc,heap      ] GC(118) Survivor regions: 4->4(64)
[2020-10-06T06:34:55.807+0000][36436][gc,heap      ] GC(118) Old regions: 76->76
[2020-10-06T06:34:55.807+0000][36436][gc,heap      ] GC(118) Archive regions: 0->0
[2020-10-06T06:34:55.807+0000][36436][gc,heap      ] GC(118) Humongous regions: 274->174
[2020-10-06T06:34:55.807+0000][36436][gc,metaspace ] GC(118) Metaspace: 87136K(93052K)->87136K(93052K) NonClass: 76008K(79484K)->76008K(79484K) Class: 11127K(13568K)->11127K(13568K)
[2020-10-06T06:34:55.807+0000][36436][gc           ] GC(118) Pause Young (Concurrent Start) (G1 Humongous Allocation) 451M->253M(1024M) 5.247ms
[2020-10-06T06:34:55.807+0000][36436][gc,cpu       ] GC(118) User=0.00s Sys=0.00s Real=0.00s
[2020-10-06T06:34:55.807+0000][36436][gc           ] GC(119) Concurrent Cycle
[2020-10-06T06:34:55.807+0000][36436][safepoint    ] Safepoint "G1TryInitiateConcMark", Time since last: 42086000 ns, Reaching safepoint: 207400 ns, At safepoint: 5444200 ns, Total: 5651600 ns
[2020-10-06T06:34:55.807+0000][36436][gc,marking   ] GC(119) Concurrent Clear Claimed Marks
[2020-10-06T06:34:55.808+0000][36436][gc,marking   ] GC(119) Concurrent Clear Claimed Marks 0.651ms
[2020-10-06T06:34:55.808+0000][36436][gc,marking   ] GC(119) Concurrent Scan Root Regions
[2020-10-06T06:34:55.811+0000][36436][gc,marking   ] GC(119) Concurrent Scan Root Regions 3.088ms
[2020-10-06T06:34:55.811+0000][36436][gc,marking   ] GC(119) Concurrent Mark (8966.010s)
[2020-10-06T06:34:55.811+0000][36436][gc,marking   ] GC(119) Concurrent Mark From Roots
[2020-10-06T06:34:55.811+0000][36436][gc,task      ] GC(119) Using 2 workers of 2 for marking
[2020-10-06T06:34:55.979+0000][36436][gc,marking   ] GC(119) Concurrent Mark From Roots 168.085ms
[2020-10-06T06:34:55.979+0000][36436][gc,marking   ] GC(119) Concurrent Preclean
[2020-10-06T06:34:55.980+0000][36436][gc,marking   ] GC(119) Concurrent Preclean 0.932ms
[2020-10-06T06:34:55.980+0000][36436][gc,marking   ] GC(119) Concurrent Mark (8966.010s, 8966.179s) 169.272ms
[2020-10-06T06:34:55.980+0000][36436][gc,start     ] GC(119) Pause Remark
[2020-10-06T06:34:55.987+0000][36436][gc           ] GC(119) Pause Remark 346M->346M(1024M) 6.420ms
[2020-10-06T06:34:55.987+0000][36436][gc,cpu       ] GC(119) User=0.00s Sys=0.00s Real=0.01s
[2020-10-06T06:34:55.987+0000][36436][safepoint    ] Safepoint "G1Concurrent", Time since last: 173336000 ns, Reaching safepoint: 152200 ns, At safepoint: 6677700 ns, Total: 6829900 ns
[2020-10-06T06:34:55.987+0000][36436][gc,marking   ] GC(119) Concurrent Rebuild Remembered Sets
[2020-10-06T06:34:56.088+0000][36436][gc,marking   ] GC(119) Concurrent Rebuild Remembered Sets 100.556ms
[2020-10-06T06:34:56.088+0000][36436][gc,start     ] GC(119) Pause Cleanup
[2020-10-06T06:34:56.089+0000][36436][gc           ] GC(119) Pause Cleanup 386M->386M(1024M) 0.312ms
[2020-10-06T06:34:56.089+0000][36436][gc,cpu       ] GC(119) User=0.00s Sys=0.00s Real=0.00s
[2020-10-06T06:34:56.089+0000][36436][safepoint    ] Safepoint "G1Concurrent", Time since last: 100758200 ns, Reaching safepoint: 191400 ns, At safepoint: 520900 ns, Total: 712300 ns
[2020-10-06T06:34:56.089+0000][36436][gc,marking   ] GC(119) Concurrent Cleanup for Next Mark
[2020-10-06T06:34:56.091+0000][36436][gc,marking   ] GC(119) Concurrent Cleanup for Next Mark 1.820ms
[2020-10-06T06:34:56.091+0000][36436][gc           ] GC(119) Concurrent Cycle 283.739ms
[2020-10-06T06:34:56.116+0000][36436][gc,start     ] GC(120) Pause Young (Concurrent Start) (G1 Humongous Allocation)
[2020-10-06T06:34:56.116+0000][36436][gc,task      ] GC(120) Using 8 workers of 8 for evacuation
[2020-10-06T06:34:56.116+0000][36436][gc,age       ] GC(120) Desired survivor size 33554432 bytes, new threshold 15 (max threshold 15)
[2020-10-06T06:34:56.120+0000][36436][gc,age       ] GC(120) Age table with threshold 15 (max threshold 15)
[2020-10-06T06:34:56.120+0000][36436][gc,age       ] GC(120) - age   1:    1254704 bytes,    1254704 total
[2020-10-06T06:34:56.120+0000][36436][gc,age       ] GC(120) - age   2:       5768 bytes,    1260472 total
[2020-10-06T06:34:56.120+0000][36436][gc,age       ] GC(120) - age   3:       5752 bytes,    1266224 total
[2020-10-06T06:34:56.120+0000][36436][gc,age       ] GC(120) - age   4:      62432 bytes,    1328656 total
[2020-10-06T06:34:56.120+0000][36436][gc,age       ] GC(120) - age   5:     290864 bytes,    1619520 total
[2020-10-06T06:34:56.120+0000][36436][gc,age       ] GC(120) - age   6:     207296 bytes,    1826816 total
[2020-10-06T06:34:56.120+0000][36436][gc,age       ] GC(120) - age   7:       1576 bytes,    1828392 total
[2020-10-06T06:34:56.120+0000][36436][gc,age       ] GC(120) - age   8:       2528 bytes,    1830920 total
[2020-10-06T06:34:56.120+0000][36436][gc,age       ] GC(120) - age   9:      11936 bytes,    1842856 total
[2020-10-06T06:34:56.120+0000][36436][gc,age       ] GC(120) - age  10:      36264 bytes,    1879120 total
[2020-10-06T06:34:56.120+0000][36436][gc,age       ] GC(120) - age  11:       2816 bytes,    1881936 total
[2020-10-06T06:34:56.120+0000][36436][gc,age       ] GC(120) - age  12:       1744 bytes,    1883680 total
[2020-10-06T06:34:56.120+0000][36436][gc,age       ] GC(120) - age  13:       2232 bytes,    1885912 total
[2020-10-06T06:34:56.120+0000][36436][gc,age       ] GC(120) - age  14:      68488 bytes,    1954400 total
[2020-10-06T06:34:56.120+0000][36436][gc,age       ] GC(120) - age  15:       1264 bytes,    1955664 total
[2020-10-06T06:34:56.120+0000][36436][gc,phases    ] GC(120)   Pre Evacuate Collection Set: 0.4ms
[2020-10-06T06:34:56.120+0000][36436][gc,phases    ] GC(120)   Merge Heap Roots: 0.2ms
[2020-10-06T06:34:56.120+0000][36436][gc,phases    ] GC(120)   Evacuate Collection Set: 2.4ms
[2020-10-06T06:34:56.120+0000][36436][gc,phases    ] GC(120)   Post Evacuate Collection Set: 0.7ms
[2020-10-06T06:34:56.120+0000][36436][gc,phases    ] GC(120)   Other: 0.9ms
[2020-10-06T06:34:56.121+0000][36436][gc,heap      ] GC(120) Eden regions: 67->0(508)
[2020-10-06T06:34:56.121+0000][36436][gc,heap      ] GC(120) Survivor regions: 4->2(64)
[2020-10-06T06:34:56.121+0000][36436][gc,heap      ] GC(120) Old regions: 76->76
[2020-10-06T06:34:56.121+0000][36436][gc,heap      ] GC(120) Archive regions: 0->0
[2020-10-06T06:34:56.121+0000][36436][gc,heap      ] GC(120) Humongous regions: 244->174
[2020-10-06T06:34:56.121+0000][36436][gc,metaspace ] GC(120) Metaspace: 87151K(93052K)->87151K(93052K) NonClass: 76023K(79484K)->76023K(79484K) Class: 11127K(13568K)->11127K(13568K)
[2020-10-06T06:34:56.121+0000][36436][gc           ] GC(120) Pause Young (Concurrent Start) (G1 Humongous Allocation) 390M->251M(1024M) 5.147ms
[2020-10-06T06:34:56.121+0000][36436][gc,cpu       ] GC(120) User=0.00s Sys=0.00s Real=0.01s
[2020-10-06T06:34:56.121+0000][36436][gc           ] GC(121) Concurrent Cycle
[2020-10-06T06:34:56.121+0000][36436][safepoint    ] Safepoint "G1TryInitiateConcMark", Time since last: 26465600 ns, Reaching safepoint: 185500 ns, At safepoint: 5338300 ns, Total: 5523800 ns
[2020-10-06T06:34:56.121+0000][36436][gc,marking   ] GC(121) Concurrent Clear Claimed Marks
[2020-10-06T06:34:56.122+0000][36436][gc,marking   ] GC(121) Concurrent Clear Claimed Marks 0.796ms
[2020-10-06T06:34:56.122+0000][36436][gc,marking   ] GC(121) Concurrent Scan Root Regions
[2020-10-06T06:34:56.124+0000][36436][gc,marking   ] GC(121) Concurrent Scan Root Regions 1.974ms
[2020-10-06T06:34:56.124+0000][36436][gc,marking   ] GC(121) Concurrent Mark (8966.322s)
[2020-10-06T06:34:56.124+0000][36436][gc,marking   ] GC(121) Concurrent Mark From Roots
[2020-10-06T06:34:56.124+0000][36436][gc,task      ] GC(121) Using 2 workers of 2 for marking
[2020-10-06T06:34:56.285+0000][36436][gc,marking   ] GC(121) Concurrent Mark From Roots 160.818ms
[2020-10-06T06:34:56.285+0000][36436][gc,marking   ] GC(121) Concurrent Preclean
[2020-10-06T06:34:56.286+0000][36436][gc,marking   ] GC(121) Concurrent Preclean 0.836ms
[2020-10-06T06:34:56.286+0000][36436][gc,marking   ] GC(121) Concurrent Mark (8966.322s, 8966.484s) 161.872ms
[2020-10-06T06:34:56.286+0000][36436][gc,start     ] GC(121) Pause Remark
[2020-10-06T06:34:56.293+0000][36436][gc           ] GC(121) Pause Remark 360M->360M(1024M) 6.434ms
[2020-10-06T06:34:56.293+0000][36436][gc,cpu       ] GC(121) User=0.00s Sys=0.00s Real=0.01s
[2020-10-06T06:34:56.293+0000][36436][safepoint    ] Safepoint "G1Concurrent", Time since last: 165026100 ns, Reaching safepoint: 457700 ns, At safepoint: 6944400 ns, Total: 7402100 ns
[2020-10-06T06:34:56.293+0000][36436][gc,marking   ] GC(121) Concurrent Rebuild Remembered Sets
[2020-10-06T06:34:56.395+0000][36436][gc,marking   ] GC(121) Concurrent Rebuild Remembered Sets 101.724ms
[2020-10-06T06:34:56.395+0000][36436][gc,start     ] GC(121) Pause Cleanup
[2020-10-06T06:34:56.396+0000][36436][gc           ] GC(121) Pause Cleanup 425M->425M(1024M) 0.421ms
[2020-10-06T06:34:56.396+0000][36436][gc,cpu       ] GC(121) User=0.03s Sys=0.02s Real=0.00s
[2020-10-06T06:34:56.396+0000][36436][safepoint    ] Safepoint "G1Concurrent", Time since last: 101939700 ns, Reaching safepoint: 197600 ns, At safepoint: 600100 ns, Total: 797700 ns
[2020-10-06T06:34:56.396+0000][36436][gc,marking   ] GC(121) Concurrent Cleanup for Next Mark
[2020-10-06T06:34:56.398+0000][36436][gc,marking   ] GC(121) Concurrent Cleanup for Next Mark 1.919ms
[2020-10-06T06:34:56.398+0000][36436][gc           ] GC(121) Concurrent Cycle 277.297ms
[2020-10-06T06:34:56.491+0000][36436][gc,start     ] GC(122) Pause Young (Concurrent Start) (G1 Humongous Allocation)
[2020-10-06T06:34:56.492+0000][36436][gc,task      ] GC(122) Using 8 workers of 8 for evacuation
[2020-10-06T06:34:56.492+0000][36436][gc,age       ] GC(122) Desired survivor size 33554432 bytes, new threshold 15 (max threshold 15)
[2020-10-06T06:34:56.497+0000][36436][gc,age       ] GC(122) Age table with threshold 15 (max threshold 15)
[2020-10-06T06:34:56.497+0000][36436][gc,age       ] GC(122) - age   1:    1248472 bytes,    1248472 total
[2020-10-06T06:34:56.497+0000][36436][gc,age       ] GC(122) - age   2:       1728 bytes,    1250200 total
[2020-10-06T06:34:56.497+0000][36436][gc,age       ] GC(122) - age   3:       4736 bytes,    1254936 total
[2020-10-06T06:34:56.497+0000][36436][gc,age       ] GC(122) - age   4:       5528 bytes,    1260464 total
[2020-10-06T06:34:56.497+0000][36436][gc,age       ] GC(122) - age   5:      61936 bytes,    1322400 total
[2020-10-06T06:34:56.497+0000][36436][gc,age       ] GC(122) - age   6:     288944 bytes,    1611344 total
[2020-10-06T06:34:56.497+0000][36436][gc,age       ] GC(122) - age   7:     207232 bytes,    1818576 total
[2020-10-06T06:34:56.497+0000][36436][gc,age       ] GC(122) - age   8:       1576 bytes,    1820152 total
[2020-10-06T06:34:56.497+0000][36436][gc,age       ] GC(122) - age   9:       2528 bytes,    1822680 total
[2020-10-06T06:34:56.497+0000][36436][gc,age       ] GC(122) - age  10:      11936 bytes,    1834616 total
[2020-10-06T06:34:56.497+0000][36436][gc,age       ] GC(122) - age  11:      36264 bytes,    1870880 total
[2020-10-06T06:34:56.497+0000][36436][gc,age       ] GC(122) - age  12:       2816 bytes,    1873696 total
[2020-10-06T06:34:56.497+0000][36436][gc,age       ] GC(122) - age  13:       1744 bytes,    1875440 total
[2020-10-06T06:34:56.497+0000][36436][gc,age       ] GC(122) - age  14:       2232 bytes,    1877672 total
[2020-10-06T06:34:56.497+0000][36436][gc,age       ] GC(122) - age  15:      68488 bytes,    1946160 total
[2020-10-06T06:34:56.497+0000][36436][gc,phases    ] GC(122)   Pre Evacuate Collection Set: 0.5ms
[2020-10-06T06:34:56.497+0000][36436][gc,phases    ] GC(122)   Merge Heap Roots: 0.1ms
[2020-10-06T06:34:56.497+0000][36436][gc,phases    ] GC(122)   Evacuate Collection Set: 3.6ms
[2020-10-06T06:34:56.498+0000][36436][gc,phases    ] GC(122)   Post Evacuate Collection Set: 0.9ms
[2020-10-06T06:34:56.498+0000][36436][gc,phases    ] GC(122)   Other: 1.0ms
[2020-10-06T06:34:56.498+0000][36436][gc,heap      ] GC(122) Eden regions: 89->0(509)
[2020-10-06T06:34:56.498+0000][36436][gc,heap      ] GC(122) Survivor regions: 2->2(64)
[2020-10-06T06:34:56.498+0000][36436][gc,heap      ] GC(122) Old regions: 76->76
[2020-10-06T06:34:56.498+0000][36436][gc,heap      ] GC(122) Archive regions: 0->0
[2020-10-06T06:34:56.498+0000][36436][gc,heap      ] GC(122) Humongous regions: 264->174
[2020-10-06T06:34:56.498+0000][36436][gc,metaspace ] GC(122) Metaspace: 87183K(93308K)->87183K(93308K) NonClass: 76055K(79740K)->76055K(79740K) Class: 11127K(13568K)->11127K(13568K)
[2020-10-06T06:34:56.498+0000][36436][gc           ] GC(122) Pause Young (Concurrent Start) (G1 Humongous Allocation) 430M->251M(1024M) 6.384ms
[2020-10-06T06:34:56.498+0000][36436][gc,cpu       ] GC(122) User=0.00s Sys=0.00s Real=0.01s
[2020-10-06T06:34:56.498+0000][36436][gc           ] GC(123) Concurrent Cycle
[2020-10-06T06:34:56.498+0000][36436][safepoint    ] Safepoint "G1TryInitiateConcMark", Time since last: 94708200 ns, Reaching safepoint: 176200 ns, At safepoint: 6580200 ns, Total: 6756400 ns
[2020-10-06T06:34:56.498+0000][36436][gc,marking   ] GC(123) Concurrent Clear Claimed Marks
[2020-10-06T06:34:56.499+0000][36436][gc,marking   ] GC(123) Concurrent Clear Claimed Marks 0.954ms
[2020-10-06T06:34:56.499+0000][36436][gc,marking   ] GC(123) Concurrent Scan Root Regions
[2020-10-06T06:34:56.502+0000][36436][gc,marking   ] GC(123) Concurrent Scan Root Regions 2.747ms
[2020-10-06T06:34:56.502+0000][36436][gc,marking   ] GC(123) Concurrent Mark (8966.700s)
[2020-10-06T06:34:56.502+0000][36436][gc,marking   ] GC(123) Concurrent Mark From Roots
[2020-10-06T06:34:56.502+0000][36436][gc,task      ] GC(123) Using 2 workers of 2 for marking
[2020-10-06T06:34:56.667+0000][36436][gc,marking   ] GC(123) Concurrent Mark From Roots 164.720ms
[2020-10-06T06:34:56.667+0000][36436][gc,marking   ] GC(123) Concurrent Preclean
[2020-10-06T06:34:56.668+0000][36436][gc,marking   ] GC(123) Concurrent Preclean 0.855ms
[2020-10-06T06:34:56.668+0000][36436][gc,marking   ] GC(123) Concurrent Mark (8966.700s, 8966.866s) 165.762ms
[2020-10-06T06:34:56.668+0000][36436][gc,start     ] GC(123) Pause Remark
[2020-10-06T06:34:56.674+0000][36436][gc           ] GC(123) Pause Remark 365M->365M(1024M) 5.870ms
[2020-10-06T06:34:56.674+0000][36436][gc,cpu       ] GC(123) User=0.00s Sys=0.00s Real=0.01s
[2020-10-06T06:34:56.674+0000][36436][safepoint    ] Safepoint "G1Concurrent", Time since last: 169855500 ns, Reaching safepoint: 247700 ns, At safepoint: 6160400 ns, Total: 6408100 ns
[2020-10-06T06:34:56.674+0000][36436][gc,marking   ] GC(123) Concurrent Rebuild Remembered Sets
[2020-10-06T06:34:56.775+0000][36436][gc,marking   ] GC(123) Concurrent Rebuild Remembered Sets 100.847ms
[2020-10-06T06:34:56.775+0000][36436][gc,start     ] GC(123) Pause Cleanup
[2020-10-06T06:34:56.775+0000][36436][gc           ] GC(123) Pause Cleanup 410M->410M(1024M) 0.389ms
[2020-10-06T06:34:56.775+0000][36436][gc,cpu       ] GC(123) User=0.00s Sys=0.00s Real=0.00s
[2020-10-06T06:34:56.776+0000][36436][safepoint    ] Safepoint "G1Concurrent", Time since last: 101041100 ns, Reaching safepoint: 260300 ns, At safepoint: 605600 ns, Total: 865900 ns
[2020-10-06T06:34:56.776+0000][36436][gc,marking   ] GC(123) Concurrent Cleanup for Next Mark
[2020-10-06T06:34:56.778+0000][36436][gc,marking   ] GC(123) Concurrent Cleanup for Next Mark 2.193ms
[2020-10-06T06:34:56.778+0000][36436][gc           ] GC(123) Concurrent Cycle 280.613ms
[2020-10-06T06:34:56.781+0000][36436][gc,start     ] GC(124) Pause Young (Concurrent Start) (G1 Humongous Allocation)
[2020-10-06T06:34:56.781+0000][36436][gc,task      ] GC(124) Using 8 workers of 8 for evacuation
[2020-10-06T06:34:56.781+0000][36436][gc,age       ] GC(124) Desired survivor size 33554432 bytes, new threshold 15 (max threshold 15)
[2020-10-06T06:34:56.786+0000][36436][gc,age       ] GC(124) Age table with threshold 15 (max threshold 15)
[2020-10-06T06:34:56.786+0000][36436][gc,age       ] GC(124) - age   1:    1844880 bytes,    1844880 total
[2020-10-06T06:34:56.786+0000][36436][gc,age       ] GC(124) - age   2:       7592 bytes,    1852472 total
[2020-10-06T06:34:56.786+0000][36436][gc,age       ] GC(124) - age   3:       1632 bytes,    1854104 total
[2020-10-06T06:34:56.786+0000][36436][gc,age       ] GC(124) - age   4:       3432 bytes,    1857536 total
[2020-10-06T06:34:56.786+0000][36436][gc,age       ] GC(124) - age   5:       5360 bytes,    1862896 total
[2020-10-06T06:34:56.786+0000][36436][gc,age       ] GC(124) - age   6:      61936 bytes,    1924832 total
[2020-10-06T06:34:56.786+0000][36436][gc,age       ] GC(124) - age   7:     287760 bytes,    2212592 total
[2020-10-06T06:34:56.786+0000][36436][gc,age       ] GC(124) - age   8:     207232 bytes,    2419824 total
[2020-10-06T06:34:56.786+0000][36436][gc,age       ] GC(124) - age   9:       1576 bytes,    2421400 total
[2020-10-06T06:34:56.786+0000][36436][gc,age       ] GC(124) - age  10:       2528 bytes,    2423928 total
[2020-10-06T06:34:56.786+0000][36436][gc,age       ] GC(124) - age  11:      11936 bytes,    2435864 total
[2020-10-06T06:34:56.786+0000][36436][gc,age       ] GC(124) - age  12:      36072 bytes,    2471936 total
[2020-10-06T06:34:56.787+0000][36436][gc,age       ] GC(124) - age  13:       2816 bytes,    2474752 total
[2020-10-06T06:34:56.787+0000][36436][gc,age       ] GC(124) - age  14:       1744 bytes,    2476496 total
[2020-10-06T06:34:56.787+0000][36436][gc,age       ] GC(124) - age  15:       2104 bytes,    2478600 total
[2020-10-06T06:34:56.787+0000][36436][gc,phases    ] GC(124)   Pre Evacuate Collection Set: 0.4ms
[2020-10-06T06:34:56.787+0000][36436][gc,phases    ] GC(124)   Merge Heap Roots: 0.1ms
[2020-10-06T06:34:56.787+0000][36436][gc,phases    ] GC(124)   Evacuate Collection Set: 3.1ms
[2020-10-06T06:34:56.787+0000][36436][gc,phases    ] GC(124)   Post Evacuate Collection Set: 0.9ms
[2020-10-06T06:34:56.787+0000][36436][gc,phases    ] GC(124)   Other: 1.3ms
[2020-10-06T06:34:56.787+0000][36436][gc,heap      ] GC(124) Eden regions: 73->0(508)
[2020-10-06T06:34:56.787+0000][36436][gc,heap      ] GC(124) Survivor regions: 2->3(64)
[2020-10-06T06:34:56.787+0000][36436][gc,heap      ] GC(124) Old regions: 76->76
[2020-10-06T06:34:56.787+0000][36436][gc,heap      ] GC(124) Archive regions: 0->0
[2020-10-06T06:34:56.787+0000][36436][gc,heap      ] GC(124) Humongous regions: 264->174
[2020-10-06T06:34:56.787+0000][36436][gc,metaspace ] GC(124) Metaspace: 87192K(93308K)->87192K(93308K) NonClass: 76064K(79740K)->76064K(79740K) Class: 11127K(13568K)->11127K(13568K)
[2020-10-06T06:34:56.787+0000][36436][gc           ] GC(124) Pause Young (Concurrent Start) (G1 Humongous Allocation) 414M->252M(1024M) 6.407ms
[2020-10-06T06:34:56.787+0000][36436][gc,cpu       ] GC(124) User=0.05s Sys=0.02s Real=0.01s
[2020-10-06T06:34:56.788+0000][36436][gc           ] GC(125) Concurrent Cycle
[2020-10-06T06:34:56.788+0000][36436][gc,marking   ] GC(125) Concurrent Clear Claimed Marks
[2020-10-06T06:34:56.788+0000][36436][safepoint    ] Safepoint "G1TryInitiateConcMark", Time since last: 5186200 ns, Reaching safepoint: 155900 ns, At safepoint: 6758000 ns, Total: 6913900 ns
[2020-10-06T06:34:56.788+0000][36436][gc,marking   ] GC(125) Concurrent Clear Claimed Marks 0.397ms
[2020-10-06T06:34:56.788+0000][36436][gc,marking   ] GC(125) Concurrent Scan Root Regions
[2020-10-06T06:34:56.790+0000][36436][gc,marking   ] GC(125) Concurrent Scan Root Regions 2.154ms
[2020-10-06T06:34:56.790+0000][36436][gc,marking   ] GC(125) Concurrent Mark (8966.989s)
[2020-10-06T06:34:56.790+0000][36436][gc,marking   ] GC(125) Concurrent Mark From Roots
[2020-10-06T06:34:56.790+0000][36436][gc,task      ] GC(125) Using 2 workers of 2 for marking
[2020-10-06T06:34:56.966+0000][36436][gc,marking   ] GC(125) Concurrent Mark From Roots 175.982ms
[2020-10-06T06:34:56.966+0000][36436][gc,marking   ] GC(125) Concurrent Preclean
[2020-10-06T06:34:56.967+0000][36436][gc,marking   ] GC(125) Concurrent Preclean 0.817ms
[2020-10-06T06:34:56.967+0000][36436][gc,marking   ] GC(125) Concurrent Mark (8966.989s, 8967.166s) 176.994ms
[2020-10-06T06:34:56.968+0000][36436][gc,start     ] GC(125) Pause Remark
[2020-10-06T06:34:56.975+0000][36436][gc           ] GC(125) Pause Remark 312M->312M(1024M) 6.910ms
[2020-10-06T06:34:56.975+0000][36436][gc,cpu       ] GC(125) User=0.08s Sys=0.00s Real=0.01s
[2020-10-06T06:34:56.975+0000][36436][safepoint    ] Safepoint "G1Concurrent", Time since last: 179759400 ns, Reaching safepoint: 252600 ns, At safepoint: 7687400 ns, Total: 7940000 ns
[2020-10-06T06:34:56.975+0000][36436][gc,marking   ] GC(125) Concurrent Rebuild Remembered Sets
[2020-10-06T06:34:57.082+0000][36436][gc,marking   ] GC(125) Concurrent Rebuild Remembered Sets 106.451ms
[2020-10-06T06:34:57.083+0000][36436][gc,start     ] GC(125) Pause Cleanup
[2020-10-06T06:34:57.083+0000][36436][gc           ] GC(125) Pause Cleanup 358M->358M(1024M) 0.396ms
[2020-10-06T06:34:57.083+0000][36436][gc,cpu       ] GC(125) User=0.00s Sys=0.00s Real=0.00s
[2020-10-06T06:34:57.083+0000][36436][safepoint    ] Safepoint "G1Concurrent", Time since last: 106670700 ns, Reaching safepoint: 178000 ns, At safepoint: 616400 ns, Total: 794400 ns
[2020-10-06T06:34:57.083+0000][36436][gc,marking   ] GC(125) Concurrent Cleanup for Next Mark
[2020-10-06T06:34:57.085+0000][36436][gc,marking   ] GC(125) Concurrent Cleanup for Next Mark 1.875ms
[2020-10-06T06:34:57.085+0000][36436][gc           ] GC(125) Concurrent Cycle 297.426ms
[2020-10-06T06:34:57.204+0000][36436][gc,start     ] GC(126) Pause Young (Concurrent Start) (G1 Humongous Allocation)
[2020-10-06T06:34:57.204+0000][36436][gc,task      ] GC(126) Using 8 workers of 8 for evacuation
[2020-10-06T06:34:57.204+0000][36436][gc,age       ] GC(126) Desired survivor size 33554432 bytes, new threshold 15 (max threshold 15)
[2020-10-06T06:34:57.208+0000][36436][gc,age       ] GC(126) Age table with threshold 15 (max threshold 15)
[2020-10-06T06:34:57.208+0000][36436][gc,age       ] GC(126) - age   1:    2428880 bytes,    2428880 total
[2020-10-06T06:34:57.209+0000][36436][gc,age       ] GC(126) - age   2:       4256 bytes,    2433136 total
[2020-10-06T06:34:57.209+0000][36436][gc,age       ] GC(126) - age   3:       1936 bytes,    2435072 total
[2020-10-06T06:34:57.209+0000][36436][gc,age       ] GC(126) - age   4:       1400 bytes,    2436472 total
[2020-10-06T06:34:57.209+0000][36436][gc,age       ] GC(126) - age   5:       3400 bytes,    2439872 total
[2020-10-06T06:34:57.209+0000][36436][gc,age       ] GC(126) - age   6:       5264 bytes,    2445136 total
[2020-10-06T06:34:57.209+0000][36436][gc,age       ] GC(126) - age   7:      61840 bytes,    2506976 total
[2020-10-06T06:34:57.209+0000][36436][gc,age       ] GC(126) - age   8:     287696 bytes,    2794672 total
[2020-10-06T06:34:57.209+0000][36436][gc,age       ] GC(126) - age   9:     207168 bytes,    3001840 total
[2020-10-06T06:34:57.209+0000][36436][gc,age       ] GC(126) - age  10:       1320 bytes,    3003160 total
[2020-10-06T06:34:57.209+0000][36436][gc,age       ] GC(126) - age  11:       2144 bytes,    3005304 total
[2020-10-06T06:34:57.209+0000][36436][gc,age       ] GC(126) - age  12:      11344 bytes,    3016648 total
[2020-10-06T06:34:57.209+0000][36436][gc,age       ] GC(126) - age  13:      36040 bytes,    3052688 total
[2020-10-06T06:34:57.209+0000][36436][gc,age       ] GC(126) - age  14:       2816 bytes,    3055504 total
[2020-10-06T06:34:57.209+0000][36436][gc,age       ] GC(126) - age  15:       1616 bytes,    3057120 total
[2020-10-06T06:34:57.209+0000][36436][gc,phases    ] GC(126)   Pre Evacuate Collection Set: 0.5ms
[2020-10-06T06:34:57.209+0000][36436][gc,phases    ] GC(126)   Merge Heap Roots: 0.1ms
[2020-10-06T06:34:57.209+0000][36436][gc,phases    ] GC(126)   Evacuate Collection Set: 2.6ms
[2020-10-06T06:34:57.209+0000][36436][gc,phases    ] GC(126)   Post Evacuate Collection Set: 0.9ms
[2020-10-06T06:34:57.209+0000][36436][gc,phases    ] GC(126)   Other: 1.2ms
[2020-10-06T06:34:57.209+0000][36436][gc,heap      ] GC(126) Eden regions: 74->0(507)
[2020-10-06T06:34:57.210+0000][36436][gc,heap      ] GC(126) Survivor regions: 3->4(64)
[2020-10-06T06:34:57.210+0000][36436][gc,heap      ] GC(126) Old regions: 76->76
[2020-10-06T06:34:57.210+0000][36436][gc,heap      ] GC(126) Archive regions: 0->0
[2020-10-06T06:34:57.210+0000][36436][gc,heap      ] GC(126) Humongous regions: 231->174
[2020-10-06T06:34:57.210+0000][36436][gc,metaspace ] GC(126) Metaspace: 87233K(93308K)->87233K(93308K) NonClass: 76105K(79740K)->76105K(79740K) Class: 11127K(13568K)->11127K(13568K)
[2020-10-06T06:34:57.210+0000][36436][gc           ] GC(126) Pause Young (Concurrent Start) (G1 Humongous Allocation) 382M->252M(1024M) 5.646ms
[2020-10-06T06:34:57.210+0000][36436][gc,cpu       ] GC(126) User=0.02s Sys=0.00s Real=0.01s
[2020-10-06T06:34:57.210+0000][36436][gc           ] GC(127) Concurrent Cycle
[2020-10-06T06:34:57.210+0000][36436][safepoint    ] Safepoint "G1TryInitiateConcMark", Time since last: 120645700 ns, Reaching safepoint: 231700 ns, At safepoint: 5945900 ns, Total: 6177600 ns
[2020-10-06T06:34:57.210+0000][36436][gc,marking   ] GC(127) Concurrent Clear Claimed Marks
[2020-10-06T06:34:57.210+0000][36436][safepoint    ] Safepoint "G1TryInitiateConcMark", Time since last: 136300 ns, Reaching safepoint: 178300 ns, At safepoint: 29300 ns, Total: 207600 ns
[2020-10-06T06:34:57.210+0000][36436][gc,marking   ] GC(127) Concurrent Clear Claimed Marks 0.466ms
[2020-10-06T06:34:57.211+0000][36436][gc,marking   ] GC(127) Concurrent Scan Root Regions
[2020-10-06T06:34:57.214+0000][36436][gc,marking   ] GC(127) Concurrent Scan Root Regions 3.022ms
[2020-10-06T06:34:57.214+0000][36436][gc,marking   ] GC(127) Concurrent Mark (8967.412s)
[2020-10-06T06:34:57.214+0000][36436][gc,marking   ] GC(127) Concurrent Mark From Roots
[2020-10-06T06:34:57.214+0000][36436][gc,task      ] GC(127) Using 2 workers of 2 for marking
[2020-10-06T06:34:57.383+0000][36436][gc,marking   ] GC(127) Concurrent Mark From Roots 169.224ms
[2020-10-06T06:34:57.383+0000][36436][gc,marking   ] GC(127) Concurrent Preclean
[2020-10-06T06:34:57.384+0000][36436][gc,marking   ] GC(127) Concurrent Preclean 0.879ms
[2020-10-06T06:34:57.384+0000][36436][gc,marking   ] GC(127) Concurrent Mark (8967.412s, 8967.582s) 170.317ms
[2020-10-06T06:34:57.384+0000][36436][gc,start     ] GC(127) Pause Remark
[2020-10-06T06:34:57.391+0000][36436][gc           ] GC(127) Pause Remark 339M->339M(1024M) 6.347ms
[2020-10-06T06:34:57.391+0000][36436][gc,cpu       ] GC(127) User=0.00s Sys=0.00s Real=0.01s
[2020-10-06T06:34:57.391+0000][36436][safepoint    ] Safepoint "G1Concurrent", Time since last: 173729600 ns, Reaching safepoint: 165600 ns, At safepoint: 6632400 ns, Total: 6798000 ns
[2020-10-06T06:34:57.391+0000][36436][gc,marking   ] GC(127) Concurrent Rebuild Remembered Sets
[2020-10-06T06:34:57.495+0000][36436][gc,marking   ] GC(127) Concurrent Rebuild Remembered Sets 103.792ms
[2020-10-06T06:34:57.495+0000][36436][gc,start     ] GC(127) Pause Cleanup
[2020-10-06T06:34:57.496+0000][36436][gc           ] GC(127) Pause Cleanup 408M->408M(1024M) 0.484ms
[2020-10-06T06:34:57.496+0000][36436][gc,cpu       ] GC(127) User=0.00s Sys=0.00s Real=0.00s
[2020-10-06T06:34:57.496+0000][36436][safepoint    ] Safepoint "G1Concurrent", Time since last: 104034400 ns, Reaching safepoint: 321500 ns, At safepoint: 714500 ns, Total: 1036000 ns
[2020-10-06T06:34:57.496+0000][36436][gc,marking   ] GC(127) Concurrent Cleanup for Next Mark
[2020-10-06T06:34:57.498+0000][36436][gc,marking   ] GC(127) Concurrent Cleanup for Next Mark 1.836ms
[2020-10-06T06:34:57.498+0000][36436][gc           ] GC(127) Concurrent Cycle 288.075ms
[2020-10-06T06:34:57.533+0000][36436][gc,start     ] GC(128) Pause Young (Concurrent Start) (G1 Humongous Allocation)
[2020-10-06T06:34:57.533+0000][36436][gc,task      ] GC(128) Using 8 workers of 8 for evacuation
[2020-10-06T06:34:57.533+0000][36436][gc,age       ] GC(128) Desired survivor size 33554432 bytes, new threshold 15 (max threshold 15)
[2020-10-06T06:34:57.538+0000][36436][gc,age       ] GC(128) Age table with threshold 15 (max threshold 15)
[2020-10-06T06:34:57.538+0000][36436][gc,age       ] GC(128) - age   1:    9484032 bytes,    9484032 total
[2020-10-06T06:34:57.538+0000][36436][gc,age       ] GC(128) - age   2:       5512 bytes,    9489544 total
[2020-10-06T06:34:57.538+0000][36436][gc,age       ] GC(128) - age   3:       3552 bytes,    9493096 total
[2020-10-06T06:34:57.538+0000][36436][gc,age       ] GC(128) - age   4:       1608 bytes,    9494704 total
[2020-10-06T06:34:57.538+0000][36436][gc,age       ] GC(128) - age   5:       1368 bytes,    9496072 total
[2020-10-06T06:34:57.538+0000][36436][gc,age       ] GC(128) - age   6:       3272 bytes,    9499344 total
[2020-10-06T06:34:57.538+0000][36436][gc,age       ] GC(128) - age   7:       5136 bytes,    9504480 total
[2020-10-06T06:34:57.538+0000][36436][gc,age       ] GC(128) - age   8:      61840 bytes,    9566320 total
[2020-10-06T06:34:57.539+0000][36436][gc,age       ] GC(128) - age   9:     284960 bytes,    9851280 total
[2020-10-06T06:34:57.539+0000][36436][gc,age       ] GC(128) - age  10:     204488 bytes,   10055768 total
[2020-10-06T06:34:57.539+0000][36436][gc,age       ] GC(128) - age  11:       1288 bytes,   10057056 total
[2020-10-06T06:34:57.539+0000][36436][gc,age       ] GC(128) - age  12:       1424 bytes,   10058480 total
[2020-10-06T06:34:57.539+0000][36436][gc,age       ] GC(128) - age  13:      11344 bytes,   10069824 total
[2020-10-06T06:34:57.539+0000][36436][gc,age       ] GC(128) - age  14:      36016 bytes,   10105840 total
[2020-10-06T06:34:57.539+0000][36436][gc,age       ] GC(128) - age  15:       2816 bytes,   10108656 total
[2020-10-06T06:34:57.539+0000][36436][gc,phases    ] GC(128)   Pre Evacuate Collection Set: 0.5ms
[2020-10-06T06:34:57.539+0000][36436][gc,phases    ] GC(128)   Merge Heap Roots: 0.1ms
[2020-10-06T06:34:57.539+0000][36436][gc,phases    ] GC(128)   Evacuate Collection Set: 3.3ms
[2020-10-06T06:34:57.539+0000][36436][gc,phases    ] GC(128)   Post Evacuate Collection Set: 1.1ms
[2020-10-06T06:34:57.539+0000][36436][gc,phases    ] GC(128)   Other: 1.5ms
[2020-10-06T06:34:57.539+0000][36436][gc,heap      ] GC(128) Eden regions: 80->0(494)
[2020-10-06T06:34:57.539+0000][36436][gc,heap      ] GC(128) Survivor regions: 4->10(64)
[2020-10-06T06:34:57.539+0000][36436][gc,heap      ] GC(128) Old regions: 76->76
[2020-10-06T06:34:57.539+0000][36436][gc,heap      ] GC(128) Archive regions: 0->0
[2020-10-06T06:34:57.540+0000][36436][gc,heap      ] GC(128) Humongous regions: 265->174
[2020-10-06T06:34:57.540+0000][36436][gc,metaspace ] GC(128) Metaspace: 87257K(93308K)->87257K(93308K) NonClass: 76129K(79740K)->76129K(79740K) Class: 11127K(13568K)->11127K(13568K)
[2020-10-06T06:34:57.540+0000][36436][gc           ] GC(128) Pause Young (Concurrent Start) (G1 Humongous Allocation) 423M->259M(1024M) 7.259ms
[2020-10-06T06:34:57.540+0000][36436][gc,cpu       ] GC(128) User=0.11s Sys=0.00s Real=0.01s
[2020-10-06T06:34:57.540+0000][36436][gc           ] GC(129) Concurrent Cycle
[2020-10-06T06:34:57.540+0000][36436][safepoint    ] Safepoint "G1TryInitiateConcMark", Time since last: 36268300 ns, Reaching safepoint: 272700 ns, At safepoint: 7563400 ns, Total: 7836100 ns
[2020-10-06T06:34:57.540+0000][36436][gc,marking   ] GC(129) Concurrent Clear Claimed Marks
[2020-10-06T06:34:57.541+0000][36436][gc,marking   ] GC(129) Concurrent Clear Claimed Marks 1.051ms
[2020-10-06T06:34:57.541+0000][36436][gc,marking   ] GC(129) Concurrent Scan Root Regions
[2020-10-06T06:34:57.545+0000][36436][gc,marking   ] GC(129) Concurrent Scan Root Regions 3.656ms
[2020-10-06T06:34:57.545+0000][36436][gc,marking   ] GC(129) Concurrent Mark (8967.743s)
[2020-10-06T06:34:57.545+0000][36436][gc,marking   ] GC(129) Concurrent Mark From Roots
[2020-10-06T06:34:57.545+0000][36436][gc,task      ] GC(129) Using 2 workers of 2 for marking
[2020-10-06T06:34:57.719+0000][36436][gc,marking   ] GC(129) Concurrent Mark From Roots 174.446ms
[2020-10-06T06:34:57.719+0000][36436][gc,marking   ] GC(129) Concurrent Preclean
[2020-10-06T06:34:57.720+0000][36436][gc,marking   ] GC(129) Concurrent Preclean 0.977ms
[2020-10-06T06:34:57.720+0000][36436][gc,marking   ] GC(129) Concurrent Mark (8967.743s, 8967.919s) 175.682ms
[2020-10-06T06:34:57.721+0000][36436][gc,start     ] GC(129) Pause Remark
[2020-10-06T06:34:57.727+0000][36436][gc           ] GC(129) Pause Remark 593M->593M(1024M) 6.203ms
[2020-10-06T06:34:57.727+0000][36436][gc,cpu       ] GC(129) User=0.13s Sys=0.00s Real=0.01s
[2020-10-06T06:34:57.727+0000][36436][safepoint    ] Safepoint "G1Concurrent", Time since last: 180871200 ns, Reaching safepoint: 194600 ns, At safepoint: 6446700 ns, Total: 6641300 ns
[2020-10-06T06:34:57.727+0000][36436][gc,marking   ] GC(129) Concurrent Rebuild Remembered Sets
[2020-10-06T06:34:57.825+0000][36436][gc,marking   ] GC(129) Concurrent Rebuild Remembered Sets 97.360ms
[2020-10-06T06:34:57.825+0000][36436][gc,start     ] GC(129) Pause Cleanup
[2020-10-06T06:34:57.826+0000][36436][gc           ] GC(129) Pause Cleanup 594M->594M(1024M) 0.632ms
[2020-10-06T06:34:57.826+0000][36436][gc,cpu       ] GC(129) User=0.00s Sys=0.00s Real=0.00s
[2020-10-06T06:34:57.826+0000][36436][safepoint    ] Safepoint "G1Concurrent", Time since last: 97720200 ns, Reaching safepoint: 277200 ns, At safepoint: 871500 ns, Total: 1148700 ns
[2020-10-06T06:34:57.826+0000][36436][gc,marking   ] GC(129) Concurrent Cleanup for Next Mark
[2020-10-06T06:34:57.828+0000][36436][gc,marking   ] GC(129) Concurrent Cleanup for Next Mark 2.278ms
[2020-10-06T06:34:57.828+0000][36436][gc           ] GC(129) Concurrent Cycle 288.919ms
[2020-10-06T06:34:57.952+0000][36436][safepoint    ] Safepoint "BulkRevokeBias", Time since last: 123465500 ns, Reaching safepoint: 242800 ns, At safepoint: 2196900 ns, Total: 2439700 ns
[2020-10-06T06:34:58.012+0000][36436][gc,start     ] GC(130) Pause Young (Concurrent Start) (G1 Humongous Allocation)
[2020-10-06T06:34:58.012+0000][36436][gc,task      ] GC(130) Using 8 workers of 8 for evacuation
[2020-10-06T06:34:58.012+0000][36436][gc,age       ] GC(130) Desired survivor size 33030144 bytes, new threshold 15 (max threshold 15)
[2020-10-06T06:34:58.017+0000][36436][gc,age       ] GC(130) Age table with threshold 15 (max threshold 15)
[2020-10-06T06:34:58.017+0000][36436][gc,age       ] GC(130) - age   1:    2593088 bytes,    2593088 total
[2020-10-06T06:34:58.017+0000][36436][gc,age       ] GC(130) - age   2:      23744 bytes,    2616832 total
[2020-10-06T06:34:58.017+0000][36436][gc,age       ] GC(130) - age   3:       4832 bytes,    2621664 total
[2020-10-06T06:34:58.017+0000][36436][gc,age       ] GC(130) - age   4:       2272 bytes,    2623936 total
[2020-10-06T06:34:58.017+0000][36436][gc,age       ] GC(130) - age   5:       1576 bytes,    2625512 total
[2020-10-06T06:34:58.017+0000][36436][gc,age       ] GC(130) - age   6:       1368 bytes,    2626880 total
[2020-10-06T06:34:58.017+0000][36436][gc,age       ] GC(130) - age   7:       3176 bytes,    2630056 total
[2020-10-06T06:34:58.017+0000][36436][gc,age       ] GC(130) - age   8:       5136 bytes,    2635192 total
[2020-10-06T06:34:58.017+0000][36436][gc,age       ] GC(130) - age   9:      61840 bytes,    2697032 total
[2020-10-06T06:34:58.017+0000][36436][gc,age       ] GC(130) - age  10:     284832 bytes,    2981864 total
[2020-10-06T06:34:58.018+0000][36436][gc,age       ] GC(130) - age  11:     199520 bytes,    3181384 total
[2020-10-06T06:34:58.018+0000][36436][gc,age       ] GC(130) - age  12:        904 bytes,    3182288 total
[2020-10-06T06:34:58.018+0000][36436][gc,age       ] GC(130) - age  13:       1392 bytes,    3183680 total
[2020-10-06T06:34:58.018+0000][36436][gc,age       ] GC(130) - age  14:      11344 bytes,    3195024 total
[2020-10-06T06:34:58.018+0000][36436][gc,age       ] GC(130) - age  15:      33608 bytes,    3228632 total
[2020-10-06T06:34:58.018+0000][36436][gc,phases    ] GC(130)   Pre Evacuate Collection Set: 0.5ms
[2020-10-06T06:34:58.018+0000][36436][gc,phases    ] GC(130)   Merge Heap Roots: 0.1ms
[2020-10-06T06:34:58.018+0000][36436][gc,phases    ] GC(130)   Evacuate Collection Set: 3.3ms
[2020-10-06T06:34:58.018+0000][36436][gc,phases    ] GC(130)   Post Evacuate Collection Set: 1.1ms
[2020-10-06T06:34:58.018+0000][36436][gc,phases    ] GC(130)   Other: 1.3ms
[2020-10-06T06:34:58.018+0000][36436][gc,heap      ] GC(130) Eden regions: 89->0(501)
[2020-10-06T06:34:58.018+0000][36436][gc,heap      ] GC(130) Survivor regions: 10->4(63)
[2020-10-06T06:34:58.018+0000][36436][gc,heap      ] GC(130) Old regions: 76->76
[2020-10-06T06:34:58.018+0000][36436][gc,heap      ] GC(130) Archive regions: 0->0
[2020-10-06T06:34:58.018+0000][36436][gc,heap      ] GC(130) Humongous regions: 430->174
[2020-10-06T06:34:58.018+0000][36436][gc,metaspace ] GC(130) Metaspace: 87270K(93308K)->87270K(93308K) NonClass: 76143K(79740K)->76143K(79740K) Class: 11127K(13568K)->11127K(13568K)
[2020-10-06T06:34:58.018+0000][36436][gc           ] GC(130) Pause Young (Concurrent Start) (G1 Humongous Allocation) 604M->253M(1024M) 6.876ms
[2020-10-06T06:34:58.019+0000][36436][gc,cpu       ] GC(130) User=0.00s Sys=0.00s Real=0.01s
[2020-10-06T06:34:58.019+0000][36436][gc           ] GC(131) Concurrent Cycle
[2020-10-06T06:34:58.019+0000][36436][safepoint    ] Safepoint "G1TryInitiateConcMark", Time since last: 59573300 ns, Reaching safepoint: 210600 ns, At safepoint: 7120100 ns, Total: 7330700 ns
[2020-10-06T06:34:58.019+0000][36436][gc,marking   ] GC(131) Concurrent Clear Claimed Marks
[2020-10-06T06:34:58.019+0000][36436][gc,marking   ] GC(131) Concurrent Clear Claimed Marks 0.413ms
[2020-10-06T06:34:58.019+0000][36436][gc,marking   ] GC(131) Concurrent Scan Root Regions
[2020-10-06T06:34:58.021+0000][36436][gc,marking   ] GC(131) Concurrent Scan Root Regions 1.654ms
[2020-10-06T06:34:58.021+0000][36436][gc,marking   ] GC(131) Concurrent Mark (8968.220s)
[2020-10-06T06:34:58.021+0000][36436][gc,marking   ] GC(131) Concurrent Mark From Roots
[2020-10-06T06:34:58.021+0000][36436][gc,task      ] GC(131) Using 2 workers of 2 for marking
[2020-10-06T06:34:58.204+0000][36436][gc,marking   ] GC(131) Concurrent Mark From Roots 182.607ms
[2020-10-06T06:34:58.204+0000][36436][gc,marking   ] GC(131) Concurrent Preclean
[2020-10-06T06:34:58.205+0000][36436][gc,marking   ] GC(131) Concurrent Preclean 0.950ms
[2020-10-06T06:34:58.205+0000][36436][gc,marking   ] GC(131) Concurrent Mark (8968.220s, 8968.403s) 183.832ms
[2020-10-06T06:34:58.205+0000][36436][gc,start     ] GC(131) Pause Remark
[2020-10-06T06:34:58.214+0000][36436][gc           ] GC(131) Pause Remark 322M->322M(1024M) 8.489ms
[2020-10-06T06:34:58.214+0000][36436][gc,cpu       ] GC(131) User=0.13s Sys=0.00s Real=0.01s
[2020-10-06T06:34:58.214+0000][36436][safepoint    ] Safepoint "G1Concurrent", Time since last: 186208200 ns, Reaching safepoint: 157000 ns, At safepoint: 9007500 ns, Total: 9164500 ns
[2020-10-06T06:34:58.214+0000][36436][gc,marking   ] GC(131) Concurrent Rebuild Remembered Sets
[2020-10-06T06:34:58.353+0000][36436][gc,marking   ] GC(131) Concurrent Rebuild Remembered Sets 138.907ms
[2020-10-06T06:34:58.353+0000][36436][gc,start     ] GC(131) Pause Cleanup
[2020-10-06T06:34:58.354+0000][36436][gc           ] GC(131) Pause Cleanup 533M->533M(1024M) 0.423ms
[2020-10-06T06:34:58.354+0000][36436][gc,cpu       ] GC(131) User=0.00s Sys=0.00s Real=0.00s
[2020-10-06T06:34:58.355+0000][36436][safepoint    ] Safepoint "G1Concurrent", Time since last: 139143700 ns, Reaching safepoint: 320600 ns, At safepoint: 1353700 ns, Total: 1674300 ns
[2020-10-06T06:34:58.355+0000][36436][gc,marking   ] GC(131) Concurrent Cleanup for Next Mark
[2020-10-06T06:34:58.358+0000][36436][gc,marking   ] GC(131) Concurrent Cleanup for Next Mark 2.654ms
[2020-10-06T06:34:58.358+0000][36436][gc           ] GC(131) Concurrent Cycle 339.133ms
[2020-10-06T06:34:58.375+0000][36436][gc,start     ] GC(132) Pause Young (Concurrent Start) (G1 Humongous Allocation)
[2020-10-06T06:34:58.375+0000][36436][gc,task      ] GC(132) Using 8 workers of 8 for evacuation
[2020-10-06T06:34:58.375+0000][36436][gc,age       ] GC(132) Desired survivor size 33554432 bytes, new threshold 15 (max threshold 15)
[2020-10-06T06:34:58.382+0000][36436][gc,age       ] GC(132) Age table with threshold 15 (max threshold 15)
[2020-10-06T06:34:58.382+0000][36436][gc,age       ] GC(132) - age   1:    3163520 bytes,    3163520 total
[2020-10-06T06:34:58.382+0000][36436][gc,age       ] GC(132) - age   2:       8064 bytes,    3171584 total
[2020-10-06T06:34:58.383+0000][36436][gc,age       ] GC(132) - age   3:      21944 bytes,    3193528 total
[2020-10-06T06:34:58.383+0000][36436][gc,age       ] GC(132) - age   4:       4568 bytes,    3198096 total
[2020-10-06T06:34:58.383+0000][36436][gc,age       ] GC(132) - age   5:       2176 bytes,    3200272 total
[2020-10-06T06:34:58.383+0000][36436][gc,age       ] GC(132) - age   6:       1544 bytes,    3201816 total
[2020-10-06T06:34:58.383+0000][36436][gc,age       ] GC(132) - age   7:       1304 bytes,    3203120 total
[2020-10-06T06:34:58.383+0000][36436][gc,age       ] GC(132) - age   8:       3176 bytes,    3206296 total
[2020-10-06T06:34:58.383+0000][36436][gc,age       ] GC(132) - age   9:       5136 bytes,    3211432 total
[2020-10-06T06:34:58.383+0000][36436][gc,age       ] GC(132) - age  10:      61840 bytes,    3273272 total
[2020-10-06T06:34:58.383+0000][36436][gc,age       ] GC(132) - age  11:     284736 bytes,    3558008 total
[2020-10-06T06:34:58.383+0000][36436][gc,age       ] GC(132) - age  12:     199456 bytes,    3757464 total
[2020-10-06T06:34:58.383+0000][36436][gc,age       ] GC(132) - age  13:        840 bytes,    3758304 total
[2020-10-06T06:34:58.383+0000][36436][gc,age       ] GC(132) - age  14:       1360 bytes,    3759664 total
[2020-10-06T06:34:58.383+0000][36436][gc,age       ] GC(132) - age  15:      11344 bytes,    3771008 total
[2020-10-06T06:34:58.383+0000][36436][gc,phases    ] GC(132)   Pre Evacuate Collection Set: 0.5ms
[2020-10-06T06:34:58.383+0000][36436][gc,phases    ] GC(132)   Merge Heap Roots: 0.2ms
[2020-10-06T06:34:58.383+0000][36436][gc,phases    ] GC(132)   Evacuate Collection Set: 5.5ms
[2020-10-06T06:34:58.383+0000][36436][gc,phases    ] GC(132)   Post Evacuate Collection Set: 1.1ms
[2020-10-06T06:34:58.383+0000][36436][gc,phases    ] GC(132)   Other: 1.3ms
[2020-10-06T06:34:58.383+0000][36436][gc,heap      ] GC(132) Eden regions: 78->0(502)
[2020-10-06T06:34:58.383+0000][36436][gc,heap      ] GC(132) Survivor regions: 4->4(64)
[2020-10-06T06:34:58.384+0000][36436][gc,heap      ] GC(132) Old regions: 76->76
[2020-10-06T06:34:58.384+0000][36436][gc,heap      ] GC(132) Archive regions: 0->0
[2020-10-06T06:34:58.384+0000][36436][gc,heap      ] GC(132) Humongous regions: 378->174
[2020-10-06T06:34:58.384+0000][36436][gc,metaspace ] GC(132) Metaspace: 87294K(93308K)->87294K(93308K) NonClass: 76167K(79740K)->76167K(79740K) Class: 11127K(13568K)->11127K(13568K)
[2020-10-06T06:34:58.384+0000][36436][gc           ] GC(132) Pause Young (Concurrent Start) (G1 Humongous Allocation) 534M->253M(1024M) 9.107ms
[2020-10-06T06:34:58.384+0000][36436][gc,cpu       ] GC(132) User=0.08s Sys=0.02s Real=0.01s
[2020-10-06T06:34:58.384+0000][36436][gc           ] GC(133) Concurrent Cycle
[2020-10-06T06:34:58.384+0000][36436][gc,marking   ] GC(133) Concurrent Clear Claimed Marks
[2020-10-06T06:34:58.384+0000][36436][safepoint    ] Safepoint "G1TryInitiateConcMark", Time since last: 19499100 ns, Reaching safepoint: 248800 ns, At safepoint: 9472500 ns, Total: 9721300 ns
[2020-10-06T06:34:58.385+0000][36436][gc,marking   ] GC(133) Concurrent Clear Claimed Marks 0.590ms
[2020-10-06T06:34:58.385+0000][36436][gc,marking   ] GC(133) Concurrent Scan Root Regions
[2020-10-06T06:34:58.388+0000][36436][gc,marking   ] GC(133) Concurrent Scan Root Regions 3.546ms
[2020-10-06T06:34:58.388+0000][36436][gc,marking   ] GC(133) Concurrent Mark (8968.587s)
[2020-10-06T06:34:58.388+0000][36436][gc,marking   ] GC(133) Concurrent Mark From Roots
[2020-10-06T06:34:58.389+0000][36436][gc,task      ] GC(133) Using 2 workers of 2 for marking
[2020-10-06T06:34:58.573+0000][36436][gc,marking   ] GC(133) Concurrent Mark From Roots 183.844ms
[2020-10-06T06:34:58.573+0000][36436][gc,marking   ] GC(133) Concurrent Preclean
[2020-10-06T06:34:58.574+0000][36436][gc,marking   ] GC(133) Concurrent Preclean 0.848ms
[2020-10-06T06:34:58.574+0000][36436][gc,marking   ] GC(133) Concurrent Mark (8968.587s, 8968.772s) 184.931ms
[2020-10-06T06:34:58.577+0000][36436][gc,start     ] GC(133) Pause Remark
[2020-10-06T06:34:58.584+0000][36436][gc           ] GC(133) Pause Remark 385M->385M(1024M) 6.913ms
[2020-10-06T06:34:58.584+0000][36436][gc,cpu       ] GC(133) User=0.08s Sys=0.02s Real=0.01s
[2020-10-06T06:34:58.584+0000][36436][safepoint    ] Safepoint "G1Concurrent", Time since last: 189412000 ns, Reaching safepoint: 2887800 ns, At safepoint: 7154400 ns, Total: 10042200 ns
[2020-10-06T06:34:58.584+0000][36436][gc,marking   ] GC(133) Concurrent Rebuild Remembered Sets
[2020-10-06T06:34:58.686+0000][36436][gc,marking   ] GC(133) Concurrent Rebuild Remembered Sets 101.316ms
[2020-10-06T06:34:58.686+0000][36436][gc,start     ] GC(133) Pause Cleanup
[2020-10-06T06:34:58.686+0000][36436][gc           ] GC(133) Pause Cleanup 390M->390M(1024M) 0.353ms
[2020-10-06T06:34:58.686+0000][36436][gc,cpu       ] GC(133) User=0.00s Sys=0.00s Real=0.00s
[2020-10-06T06:34:58.687+0000][36436][safepoint    ] Safepoint "G1Concurrent", Time since last: 101507600 ns, Reaching safepoint: 198800 ns, At safepoint: 553200 ns, Total: 752000 ns
[2020-10-06T06:34:58.687+0000][36436][gc,marking   ] GC(133) Concurrent Cleanup for Next Mark
[2020-10-06T06:34:58.689+0000][36436][gc,marking   ] GC(133) Concurrent Cleanup for Next Mark 1.968ms
[2020-10-06T06:34:58.689+0000][36436][gc           ] GC(133) Concurrent Cycle 303.966ms
[2020-10-06T06:34:58.700+0000][36436][gc,start     ] GC(134) Pause Young (Concurrent Start) (G1 Humongous Allocation)
[2020-10-06T06:34:58.700+0000][36436][gc,task      ] GC(134) Using 8 workers of 8 for evacuation
[2020-10-06T06:34:58.700+0000][36436][gc,age       ] GC(134) Desired survivor size 33554432 bytes, new threshold 15 (max threshold 15)
[2020-10-06T06:34:58.705+0000][36436][gc,age       ] GC(134) Age table with threshold 15 (max threshold 15)
[2020-10-06T06:34:58.705+0000][36436][gc,age       ] GC(134) - age   1:    3526872 bytes,    3526872 total
[2020-10-06T06:34:58.705+0000][36436][gc,age       ] GC(134) - age   2:     419976 bytes,    3946848 total
[2020-10-06T06:34:58.705+0000][36436][gc,age       ] GC(134) - age   3:       3512 bytes,    3950360 total
[2020-10-06T06:34:58.705+0000][36436][gc,age       ] GC(134) - age   4:      21784 bytes,    3972144 total
[2020-10-06T06:34:58.705+0000][36436][gc,age       ] GC(134) - age   5:       4376 bytes,    3976520 total
[2020-10-06T06:34:58.705+0000][36436][gc,age       ] GC(134) - age   6:       2144 bytes,    3978664 total
[2020-10-06T06:34:58.705+0000][36436][gc,age       ] GC(134) - age   7:       1480 bytes,    3980144 total
[2020-10-06T06:34:58.705+0000][36436][gc,age       ] GC(134) - age   8:       1304 bytes,    3981448 total
[2020-10-06T06:34:58.705+0000][36436][gc,age       ] GC(134) - age   9:       3176 bytes,    3984624 total
[2020-10-06T06:34:58.705+0000][36436][gc,age       ] GC(134) - age  10:       5136 bytes,    3989760 total
[2020-10-06T06:34:58.705+0000][36436][gc,age       ] GC(134) - age  11:      61840 bytes,    4051600 total
[2020-10-06T06:34:58.706+0000][36436][gc,age       ] GC(134) - age  12:     284640 bytes,    4336240 total
[2020-10-06T06:34:58.706+0000][36436][gc,age       ] GC(134) - age  13:     199392 bytes,    4535632 total
[2020-10-06T06:34:58.706+0000][36436][gc,age       ] GC(134) - age  14:        840 bytes,    4536472 total
[2020-10-06T06:34:58.706+0000][36436][gc,age       ] GC(134) - age  15:       1200 bytes,    4537672 total
[2020-10-06T06:34:58.706+0000][36436][gc,phases    ] GC(134)   Pre Evacuate Collection Set: 0.5ms
[2020-10-06T06:34:58.706+0000][36436][gc,phases    ] GC(134)   Merge Heap Roots: 0.1ms
[2020-10-06T06:34:58.706+0000][36436][gc,phases    ] GC(134)   Evacuate Collection Set: 2.9ms
[2020-10-06T06:34:58.706+0000][36436][gc,phases    ] GC(134)   Post Evacuate Collection Set: 0.9ms
[2020-10-06T06:34:58.706+0000][36436][gc,phases    ] GC(134)   Other: 1.3ms
[2020-10-06T06:34:58.706+0000][36436][gc,heap      ] GC(134) Eden regions: 41->0(501)
[2020-10-06T06:34:58.706+0000][36436][gc,heap      ] GC(134) Survivor regions: 4->5(64)
[2020-10-06T06:34:58.706+0000][36436][gc,heap      ] GC(134) Old regions: 76->76
[2020-10-06T06:34:58.706+0000][36436][gc,heap      ] GC(134) Archive regions: 0->0
[2020-10-06T06:34:58.706+0000][36436][gc,heap      ] GC(134) Humongous regions: 274->174
[2020-10-06T06:34:58.706+0000][36436][gc,metaspace ] GC(134) Metaspace: 87299K(93308K)->87299K(93308K) NonClass: 76171K(79740K)->76171K(79740K) Class: 11127K(13568K)->11127K(13568K)
[2020-10-06T06:34:58.706+0000][36436][gc           ] GC(134) Pause Young (Concurrent Start) (G1 Humongous Allocation) 394M->254M(1024M) 6.283ms
[2020-10-06T06:34:58.706+0000][36436][gc,cpu       ] GC(134) User=0.00s Sys=0.00s Real=0.01s
[2020-10-06T06:34:58.706+0000][36436][gc           ] GC(135) Concurrent Cycle
[2020-10-06T06:34:58.706+0000][36436][safepoint    ] Safepoint "G1TryInitiateConcMark", Time since last: 13186600 ns, Reaching safepoint: 176300 ns, At safepoint: 6499900 ns, Total: 6676200 ns
[2020-10-06T06:34:58.707+0000][36436][gc,marking   ] GC(135) Concurrent Clear Claimed Marks
[2020-10-06T06:34:58.707+0000][36436][gc,marking   ] GC(135) Concurrent Clear Claimed Marks 0.456ms
[2020-10-06T06:34:58.707+0000][36436][gc,marking   ] GC(135) Concurrent Scan Root Regions
[2020-10-06T06:34:58.710+0000][36436][gc,marking   ] GC(135) Concurrent Scan Root Regions 3.055ms
[2020-10-06T06:34:58.710+0000][36436][gc,marking   ] GC(135) Concurrent Mark (8968.908s)
[2020-10-06T06:34:58.710+0000][36436][gc,marking   ] GC(135) Concurrent Mark From Roots
[2020-10-06T06:34:58.710+0000][36436][gc,task      ] GC(135) Using 2 workers of 2 for marking
[2020-10-06T06:34:58.893+0000][36436][gc,marking   ] GC(135) Concurrent Mark From Roots 182.217ms
[2020-10-06T06:34:58.893+0000][36436][gc,marking   ] GC(135) Concurrent Preclean
[2020-10-06T06:34:58.894+0000][36436][gc,marking   ] GC(135) Concurrent Preclean 0.915ms
[2020-10-06T06:34:58.894+0000][36436][gc,marking   ] GC(135) Concurrent Mark (8968.908s, 8969.092s) 183.407ms
[2020-10-06T06:34:58.894+0000][36436][gc,start     ] GC(135) Pause Remark
[2020-10-06T06:34:58.902+0000][36436][gc           ] GC(135) Pause Remark 390M->390M(1024M) 7.596ms
[2020-10-06T06:34:58.902+0000][36436][gc,cpu       ] GC(135) User=0.09s Sys=0.00s Real=0.01s
[2020-10-06T06:34:58.903+0000][36436][safepoint    ] Safepoint "G1Concurrent", Time since last: 187283400 ns, Reaching safepoint: 198300 ns, At safepoint: 8784600 ns, Total: 8982900 ns
[2020-10-06T06:34:58.903+0000][36436][gc,marking   ] GC(135) Concurrent Rebuild Remembered Sets
[2020-10-06T06:34:59.010+0000][36436][gc,marking   ] GC(135) Concurrent Rebuild Remembered Sets 107.430ms
[2020-10-06T06:34:59.011+0000][36436][gc,start     ] GC(135) Pause Cleanup
[2020-10-06T06:34:59.011+0000][36436][gc           ] GC(135) Pause Cleanup 522M->522M(1024M) 0.410ms
[2020-10-06T06:34:59.011+0000][36436][gc,cpu       ] GC(135) User=0.00s Sys=0.00s Real=0.00s
[2020-10-06T06:34:59.011+0000][36436][safepoint    ] Safepoint "G1Concurrent", Time since last: 107729600 ns, Reaching safepoint: 185500 ns, At safepoint: 656000 ns, Total: 841500 ns
[2020-10-06T06:34:59.011+0000][36436][gc,marking   ] GC(135) Concurrent Cleanup for Next Mark
[2020-10-06T06:34:59.013+0000][36436][gc,marking   ] GC(135) Concurrent Cleanup for Next Mark 1.691ms
[2020-10-06T06:34:59.013+0000][36436][gc           ] GC(135) Concurrent Cycle 306.762ms
[2020-10-06T06:34:59.074+0000][36436][gc,start     ] GC(136) Pause Young (Concurrent Start) (G1 Humongous Allocation)
[2020-10-06T06:34:59.074+0000][36436][gc,task      ] GC(136) Using 8 workers of 8 for evacuation
[2020-10-06T06:34:59.074+0000][36436][gc,age       ] GC(136) Desired survivor size 33554432 bytes, new threshold 15 (max threshold 15)
[2020-10-06T06:34:59.079+0000][36436][gc,age       ] GC(136) Age table with threshold 15 (max threshold 15)
[2020-10-06T06:34:59.079+0000][36436][gc,age       ] GC(136) - age   1:    3624064 bytes,    3624064 total
[2020-10-06T06:34:59.079+0000][36436][gc,age       ] GC(136) - age   2:     202536 bytes,    3826600 total
[2020-10-06T06:34:59.079+0000][36436][gc,age       ] GC(136) - age   3:      13552 bytes,    3840152 total
[2020-10-06T06:34:59.079+0000][36436][gc,age       ] GC(136) - age   4:       3024 bytes,    3843176 total
[2020-10-06T06:34:59.080+0000][36436][gc,age       ] GC(136) - age   5:      21720 bytes,    3864896 total
[2020-10-06T06:34:59.080+0000][36436][gc,age       ] GC(136) - age   6:       3544 bytes,    3868440 total
[2020-10-06T06:34:59.080+0000][36436][gc,age       ] GC(136) - age   7:       2144 bytes,    3870584 total
[2020-10-06T06:34:59.080+0000][36436][gc,age       ] GC(136) - age   8:       1480 bytes,    3872064 total
[2020-10-06T06:34:59.080+0000][36436][gc,age       ] GC(136) - age   9:       1272 bytes,    3873336 total
[2020-10-06T06:34:59.080+0000][36436][gc,age       ] GC(136) - age  10:       3176 bytes,    3876512 total
[2020-10-06T06:34:59.080+0000][36436][gc,age       ] GC(136) - age  11:       5136 bytes,    3881648 total
[2020-10-06T06:34:59.080+0000][36436][gc,age       ] GC(136) - age  12:      61840 bytes,    3943488 total
[2020-10-06T06:34:59.080+0000][36436][gc,age       ] GC(136) - age  13:     284512 bytes,    4228000 total
[2020-10-06T06:34:59.080+0000][36436][gc,age       ] GC(136) - age  14:     199392 bytes,    4427392 total
[2020-10-06T06:34:59.080+0000][36436][gc,age       ] GC(136) - age  15:        680 bytes,    4428072 total
[2020-10-06T06:34:59.080+0000][36436][gc,phases    ] GC(136)   Pre Evacuate Collection Set: 0.4ms
[2020-10-06T06:34:59.080+0000][36436][gc,phases    ] GC(136)   Merge Heap Roots: 0.1ms
[2020-10-06T06:34:59.080+0000][36436][gc,phases    ] GC(136)   Evacuate Collection Set: 3.4ms
[2020-10-06T06:34:59.080+0000][36436][gc,phases    ] GC(136)   Post Evacuate Collection Set: 1.0ms
[2020-10-06T06:34:59.080+0000][36436][gc,phases    ] GC(136)   Other: 1.2ms
[2020-10-06T06:34:59.080+0000][36436][gc,heap      ] GC(136) Eden regions: 75->0(501)
[2020-10-06T06:34:59.080+0000][36436][gc,heap      ] GC(136) Survivor regions: 5->5(64)
[2020-10-06T06:34:59.080+0000][36436][gc,heap      ] GC(136) Old regions: 76->76
[2020-10-06T06:34:59.080+0000][36436][gc,heap      ] GC(136) Archive regions: 0->0
[2020-10-06T06:34:59.080+0000][36436][gc,heap      ] GC(136) Humongous regions: 382->174
[2020-10-06T06:34:59.080+0000][36436][gc,metaspace ] GC(136) Metaspace: 87330K(93308K)->87330K(93308K) NonClass: 76203K(79740K)->76203K(79740K) Class: 11127K(13568K)->11127K(13568K)
[2020-10-06T06:34:59.081+0000][36436][gc           ] GC(136) Pause Young (Concurrent Start) (G1 Humongous Allocation) 537M->254M(1024M) 6.507ms
[2020-10-06T06:34:59.081+0000][36436][gc,cpu       ] GC(136) User=0.00s Sys=0.00s Real=0.01s
[2020-10-06T06:34:59.081+0000][36436][gc           ] GC(137) Concurrent Cycle
[2020-10-06T06:34:59.081+0000][36436][safepoint    ] Safepoint "G1TryInitiateConcMark", Time since last: 62509000 ns, Reaching safepoint: 172600 ns, At safepoint: 6731100 ns, Total: 6903700 ns
[2020-10-06T06:34:59.081+0000][36436][gc,marking   ] GC(137) Concurrent Clear Claimed Marks
[2020-10-06T06:34:59.081+0000][36436][gc,marking   ] GC(137) Concurrent Clear Claimed Marks 0.475ms
[2020-10-06T06:34:59.081+0000][36436][gc,marking   ] GC(137) Concurrent Scan Root Regions
[2020-10-06T06:34:59.085+0000][36436][gc,marking   ] GC(137) Concurrent Scan Root Regions 3.316ms
[2020-10-06T06:34:59.085+0000][36436][gc,marking   ] GC(137) Concurrent Mark (8969.283s)
[2020-10-06T06:34:59.085+0000][36436][gc,marking   ] GC(137) Concurrent Mark From Roots
[2020-10-06T06:34:59.085+0000][36436][gc,task      ] GC(137) Using 2 workers of 2 for marking
[2020-10-06T06:34:59.275+0000][36436][gc,marking   ] GC(137) Concurrent Mark From Roots 190.208ms
[2020-10-06T06:34:59.275+0000][36436][gc,marking   ] GC(137) Concurrent Preclean
[2020-10-06T06:34:59.276+0000][36436][gc,marking   ] GC(137) Concurrent Preclean 1.067ms
[2020-10-06T06:34:59.276+0000][36436][gc,marking   ] GC(137) Concurrent Mark (8969.283s, 8969.474s) 191.599ms
[2020-10-06T06:34:59.277+0000][36436][gc,start     ] GC(137) Pause Remark
[2020-10-06T06:34:59.288+0000][36436][gc           ] GC(137) Pause Remark 350M->350M(1024M) 11.148ms
[2020-10-06T06:34:59.288+0000][36436][gc,cpu       ] GC(137) User=0.11s Sys=0.00s Real=0.01s
[2020-10-06T06:34:59.289+0000][36436][safepoint    ] Safepoint "G1Concurrent", Time since last: 195767400 ns, Reaching safepoint: 494500 ns, At safepoint: 11890400 ns, Total: 12384900 ns
[2020-10-06T06:34:59.289+0000][36436][gc,marking   ] GC(137) Concurrent Rebuild Remembered Sets
[2020-10-06T06:34:59.321+0000][36436][safepoint    ] Safepoint "BulkRevokeBias", Time since last: 26393200 ns, Reaching safepoint: 887700 ns, At safepoint: 5180700 ns, Total: 6068400 ns
[2020-10-06T06:34:59.410+0000][36436][gc,marking   ] GC(137) Concurrent Rebuild Remembered Sets 121.566ms
[2020-10-06T06:34:59.418+0000][36436][gc,start     ] GC(137) Pause Cleanup
[2020-10-06T06:34:59.418+0000][36436][gc           ] GC(137) Pause Cleanup 589M->589M(1024M) 0.459ms
[2020-10-06T06:34:59.418+0000][36436][gc,cpu       ] GC(137) User=0.00s Sys=0.00s Real=0.00s
[2020-10-06T06:34:59.419+0000][36436][safepoint    ] Safepoint "G1Concurrent", Time since last: 89337400 ns, Reaching safepoint: 7097600 ns, At safepoint: 891100 ns, Total: 7988700 ns
[2020-10-06T06:34:59.419+0000][36436][gc,marking   ] GC(137) Concurrent Cleanup for Next Mark
[2020-10-06T06:34:59.421+0000][36436][gc,marking   ] GC(137) Concurrent Cleanup for Next Mark 2.024ms
[2020-10-06T06:34:59.421+0000][36436][gc           ] GC(137) Concurrent Cycle 340.200ms
[2020-10-06T06:34:59.442+0000][36436][gc,start     ] GC(138) Pause Young (Concurrent Start) (G1 Humongous Allocation)
[2020-10-06T06:34:59.442+0000][36436][gc,task      ] GC(138) Using 8 workers of 8 for evacuation
[2020-10-06T06:34:59.442+0000][36436][gc,age       ] GC(138) Desired survivor size 33554432 bytes, new threshold 15 (max threshold 15)
[2020-10-06T06:34:59.448+0000][36436][gc,age       ] GC(138) Age table with threshold 15 (max threshold 15)
[2020-10-06T06:34:59.448+0000][36436][gc,age       ] GC(138) - age   1:    4127128 bytes,    4127128 total
[2020-10-06T06:34:59.448+0000][36436][gc,age       ] GC(138) - age   2:       5208 bytes,    4132336 total
[2020-10-06T06:34:59.448+0000][36436][gc,age       ] GC(138) - age   3:       2400 bytes,    4134736 total
[2020-10-06T06:34:59.449+0000][36436][gc,age       ] GC(138) - age   4:      11432 bytes,    4146168 total
[2020-10-06T06:34:59.449+0000][36436][gc,age       ] GC(138) - age   5:       2424 bytes,    4148592 total
[2020-10-06T06:34:59.449+0000][36436][gc,age       ] GC(138) - age   6:      21560 bytes,    4170152 total
[2020-10-06T06:34:59.449+0000][36436][gc,age       ] GC(138) - age   7:       3352 bytes,    4173504 total
[2020-10-06T06:34:59.449+0000][36436][gc,age       ] GC(138) - age   8:       2144 bytes,    4175648 total
[2020-10-06T06:34:59.449+0000][36436][gc,age       ] GC(138) - age   9:       1480 bytes,    4177128 total
[2020-10-06T06:34:59.449+0000][36436][gc,age       ] GC(138) - age  10:       1272 bytes,    4178400 total
[2020-10-06T06:34:59.449+0000][36436][gc,age       ] GC(138) - age  11:       3112 bytes,    4181512 total
[2020-10-06T06:34:59.449+0000][36436][gc,age       ] GC(138) - age  12:       5136 bytes,    4186648 total
[2020-10-06T06:34:59.449+0000][36436][gc,age       ] GC(138) - age  13:      61840 bytes,    4248488 total
[2020-10-06T06:34:59.449+0000][36436][gc,age       ] GC(138) - age  14:     282208 bytes,    4530696 total
[2020-10-06T06:34:59.449+0000][36436][gc,age       ] GC(138) - age  15:     199392 bytes,    4730088 total
[2020-10-06T06:34:59.449+0000][36436][gc,phases    ] GC(138)   Pre Evacuate Collection Set: 0.4ms
[2020-10-06T06:34:59.449+0000][36436][gc,phases    ] GC(138)   Merge Heap Roots: 0.1ms
[2020-10-06T06:34:59.449+0000][36436][gc,phases    ] GC(138)   Evacuate Collection Set: 4.0ms
[2020-10-06T06:34:59.449+0000][36436][gc,phases    ] GC(138)   Post Evacuate Collection Set: 1.2ms
[2020-10-06T06:34:59.449+0000][36436][gc,phases    ] GC(138)   Other: 1.2ms
[2020-10-06T06:34:59.449+0000][36436][gc,heap      ] GC(138) Eden regions: 89->0(500)
[2020-10-06T06:34:59.449+0000][36436][gc,heap      ] GC(138) Survivor regions: 5->5(64)
[2020-10-06T06:34:59.449+0000][36436][gc,heap      ] GC(138) Old regions: 76->76
[2020-10-06T06:34:59.450+0000][36436][gc,heap      ] GC(138) Archive regions: 0->0
[2020-10-06T06:34:59.450+0000][36436][gc,heap      ] GC(138) Humongous regions: 426->174
[2020-10-06T06:34:59.450+0000][36436][gc,metaspace ] GC(138) Metaspace: 87355K(93308K)->87355K(93308K) NonClass: 76228K(79740K)->76228K(79740K) Class: 11127K(13568K)->11127K(13568K)
[2020-10-06T06:34:59.450+0000][36436][gc           ] GC(138) Pause Young (Concurrent Start) (G1 Humongous Allocation) 594M->254M(1024M) 7.589ms
[2020-10-06T06:34:59.450+0000][36436][gc,cpu       ] GC(138) User=0.02s Sys=0.02s Real=0.01s
[2020-10-06T06:34:59.450+0000][36436][gc           ] GC(139) Concurrent Cycle
[2020-10-06T06:34:59.450+0000][36436][gc,marking   ] GC(139) Concurrent Clear Claimed Marks
[2020-10-06T06:34:59.450+0000][36436][safepoint    ] Safepoint "G1TryInitiateConcMark", Time since last: 23323800 ns, Reaching safepoint: 202100 ns, At safepoint: 8132000 ns, Total: 8334100 ns
[2020-10-06T06:34:59.450+0000][36436][gc,marking   ] GC(139) Concurrent Clear Claimed Marks 0.405ms
[2020-10-06T06:34:59.450+0000][36436][gc,marking   ] GC(139) Concurrent Scan Root Regions
[2020-10-06T06:34:59.454+0000][36436][gc,marking   ] GC(139) Concurrent Scan Root Regions 3.619ms
[2020-10-06T06:34:59.454+0000][36436][gc,marking   ] GC(139) Concurrent Mark (8969.652s)
[2020-10-06T06:34:59.454+0000][36436][gc,marking   ] GC(139) Concurrent Mark From Roots
[2020-10-06T06:34:59.454+0000][36436][gc,task      ] GC(139) Using 2 workers of 2 for marking
[2020-10-06T06:34:59.640+0000][36436][gc,marking   ] GC(139) Concurrent Mark From Roots 185.854ms
[2020-10-06T06:34:59.640+0000][36436][gc,marking   ] GC(139) Concurrent Preclean
[2020-10-06T06:34:59.641+0000][36436][gc,marking   ] GC(139) Concurrent Preclean 0.949ms
[2020-10-06T06:34:59.641+0000][36436][gc,marking   ] GC(139) Concurrent Mark (8969.652s, 8969.839s) 187.042ms
[2020-10-06T06:34:59.642+0000][36436][gc,start     ] GC(139) Pause Remark
[2020-10-06T06:34:59.650+0000][36436][gc           ] GC(139) Pause Remark 334M->334M(1024M) 8.024ms
[2020-10-06T06:34:59.650+0000][36436][gc,cpu       ] GC(139) User=0.09s Sys=0.00s Real=0.01s
[2020-10-06T06:34:59.650+0000][36436][safepoint    ] Safepoint "G1Concurrent", Time since last: 191190100 ns, Reaching safepoint: 168400 ns, At safepoint: 8291500 ns, Total: 8459900 ns
[2020-10-06T06:34:59.650+0000][36436][gc,marking   ] GC(139) Concurrent Rebuild Remembered Sets
[2020-10-06T06:34:59.749+0000][36436][gc,marking   ] GC(139) Concurrent Rebuild Remembered Sets 98.942ms
[2020-10-06T06:34:59.749+0000][36436][gc,start     ] GC(139) Pause Cleanup
[2020-10-06T06:34:59.750+0000][36436][gc           ] GC(139) Pause Cleanup 586M->586M(1024M) 0.440ms
[2020-10-06T06:34:59.750+0000][36436][gc,cpu       ] GC(139) User=0.00s Sys=0.00s Real=0.00s
[2020-10-06T06:34:59.750+0000][36436][safepoint    ] Safepoint "G1Concurrent", Time since last: 99176800 ns, Reaching safepoint: 336400 ns, At safepoint: 979400 ns, Total: 1315800 ns
[2020-10-06T06:34:59.750+0000][36436][gc,marking   ] GC(139) Concurrent Cleanup for Next Mark
[2020-10-06T06:34:59.753+0000][36436][gc,marking   ] GC(139) Concurrent Cleanup for Next Mark 2.471ms
[2020-10-06T06:34:59.753+0000][36436][gc           ] GC(139) Concurrent Cycle 303.151ms
[2020-10-06T06:34:59.818+0000][36436][gc,start     ] GC(140) Pause Young (Concurrent Start) (G1 Humongous Allocation)
[2020-10-06T06:34:59.819+0000][36436][gc,task      ] GC(140) Using 8 workers of 8 for evacuation
[2020-10-06T06:34:59.819+0000][36436][gc,age       ] GC(140) Desired survivor size 33554432 bytes, new threshold 15 (max threshold 15)
[2020-10-06T06:34:59.824+0000][36436][gc,age       ] GC(140) Age table with threshold 15 (max threshold 15)
[2020-10-06T06:34:59.824+0000][36436][gc,age       ] GC(140) - age   1:    3515656 bytes,    3515656 total
[2020-10-06T06:34:59.824+0000][36436][gc,age       ] GC(140) - age   2:      28960 bytes,    3544616 total
[2020-10-06T06:34:59.824+0000][36436][gc,age       ] GC(140) - age   3:       4696 bytes,    3549312 total
[2020-10-06T06:34:59.824+0000][36436][gc,age       ] GC(140) - age   4:        816 bytes,    3550128 total
[2020-10-06T06:34:59.824+0000][36436][gc,age       ] GC(140) - age   5:      11112 bytes,    3561240 total
[2020-10-06T06:34:59.824+0000][36436][gc,age       ] GC(140) - age   6:       2424 bytes,    3563664 total
[2020-10-06T06:34:59.826+0000][36436][gc,age       ] GC(140) - age   7:      21528 bytes,    3585192 total
[2020-10-06T06:34:59.826+0000][36436][gc,age       ] GC(140) - age   8:       3224 bytes,    3588416 total
[2020-10-06T06:34:59.826+0000][36436][gc,age       ] GC(140) - age   9:       2144 bytes,    3590560 total
[2020-10-06T06:34:59.826+0000][36436][gc,age       ] GC(140) - age  10:       1480 bytes,    3592040 total
[2020-10-06T06:34:59.826+0000][36436][gc,age       ] GC(140) - age  11:       1272 bytes,    3593312 total
[2020-10-06T06:34:59.826+0000][36436][gc,age       ] GC(140) - age  12:       3016 bytes,    3596328 total
[2020-10-06T06:34:59.826+0000][36436][gc,age       ] GC(140) - age  13:       5136 bytes,    3601464 total
[2020-10-06T06:34:59.826+0000][36436][gc,age       ] GC(140) - age  14:      61840 bytes,    3663304 total
[2020-10-06T06:34:59.826+0000][36436][gc,age       ] GC(140) - age  15:     282176 bytes,    3945480 total
[2020-10-06T06:34:59.826+0000][36436][gc,phases    ] GC(140)   Pre Evacuate Collection Set: 0.5ms
[2020-10-06T06:34:59.826+0000][36436][gc,phases    ] GC(140)   Merge Heap Roots: 0.1ms
[2020-10-06T06:34:59.826+0000][36436][gc,phases    ] GC(140)   Evacuate Collection Set: 3.6ms
[2020-10-06T06:34:59.826+0000][36436][gc,phases    ] GC(140)   Post Evacuate Collection Set: 1.0ms
[2020-10-06T06:34:59.826+0000][36436][gc,phases    ] GC(140)   Other: 1.5ms
[2020-10-06T06:34:59.826+0000][36436][gc,heap      ] GC(140) Eden regions: 110->0(499)
[2020-10-06T06:34:59.826+0000][36436][gc,heap      ] GC(140) Survivor regions: 5->5(64)
[2020-10-06T06:34:59.826+0000][36436][gc,heap      ] GC(140) Old regions: 76->77
[2020-10-06T06:34:59.826+0000][36436][gc,heap      ] GC(140) Archive regions: 0->0
[2020-10-06T06:34:59.826+0000][36436][gc,heap      ] GC(140) Humongous regions: 430->174
[2020-10-06T06:34:59.826+0000][36436][gc,metaspace ] GC(140) Metaspace: 87406K(93564K)->87406K(93564K) NonClass: 76279K(79996K)->76279K(79996K) Class: 11127K(13568K)->11127K(13568K)
[2020-10-06T06:34:59.826+0000][36436][gc           ] GC(140) Pause Young (Concurrent Start) (G1 Humongous Allocation) 619M->254M(1024M) 7.389ms
[2020-10-06T06:34:59.826+0000][36436][gc,cpu       ] GC(140) User=0.00s Sys=0.00s Real=0.01s
[2020-10-06T06:34:59.826+0000][36436][gc           ] GC(141) Concurrent Cycle
[2020-10-06T06:34:59.826+0000][36436][gc,marking   ] GC(141) Concurrent Clear Claimed Marks
[2020-10-06T06:34:59.826+0000][36436][safepoint    ] Safepoint "G1TryInitiateConcMark", Time since last: 68618800 ns, Reaching safepoint: 218000 ns, At safepoint: 7700400 ns, Total: 7918400 ns
[2020-10-06T06:34:59.828+0000][36436][gc,marking   ] GC(141) Concurrent Clear Claimed Marks 0.505ms
[2020-10-06T06:34:59.828+0000][36436][gc,marking   ] GC(141) Concurrent Scan Root Regions
[2020-10-06T06:34:59.831+0000][36436][gc,marking   ] GC(141) Concurrent Scan Root Regions 3.064ms
[2020-10-06T06:34:59.831+0000][36436][gc,marking   ] GC(141) Concurrent Mark (8970.029s)
[2020-10-06T06:34:59.831+0000][36436][gc,marking   ] GC(141) Concurrent Mark From Roots
[2020-10-06T06:34:59.831+0000][36436][gc,task      ] GC(141) Using 2 workers of 2 for marking
[2020-10-06T06:35:00.041+0000][36436][gc,marking   ] GC(141) Concurrent Mark From Roots 210.454ms
[2020-10-06T06:35:00.041+0000][36436][gc,marking   ] GC(141) Concurrent Preclean
[2020-10-06T06:35:00.042+0000][36436][gc,marking   ] GC(141) Concurrent Preclean 0.936ms
[2020-10-06T06:35:00.042+0000][36436][gc,marking   ] GC(141) Concurrent Mark (8970.029s, 8970.240s) 211.635ms
[2020-10-06T06:35:00.091+0000][36436][gc,start     ] GC(141) Pause Remark
[2020-10-06T06:35:00.098+0000][36436][gc           ] GC(141) Pause Remark 315M->315M(1024M) 7.724ms
[2020-10-06T06:35:00.099+0000][36436][gc,cpu       ] GC(141) User=0.02s Sys=0.02s Real=0.01s
[2020-10-06T06:35:00.103+0000][36436][safepoint    ] Safepoint "G1Concurrent", Time since last: 215481900 ns, Reaching safepoint: 48281800 ns, At safepoint: 12081800 ns, Total: 60363600 ns
[2020-10-06T06:35:00.103+0000][36436][gc,marking   ] GC(141) Concurrent Rebuild Remembered Sets
[2020-10-06T06:35:00.224+0000][36436][gc,marking   ] GC(141) Concurrent Rebuild Remembered Sets 121.381ms
[2020-10-06T06:35:00.264+0000][36436][gc,start     ] GC(141) Pause Cleanup
[2020-10-06T06:35:00.264+0000][36436][gc           ] GC(141) Pause Cleanup 315M->315M(1024M) 0.479ms
[2020-10-06T06:35:00.264+0000][36436][gc,cpu       ] GC(141) User=0.00s Sys=0.00s Real=0.00s
[2020-10-06T06:35:00.264+0000][36436][safepoint    ] Safepoint "G1Concurrent", Time since last: 121685000 ns, Reaching safepoint: 39331400 ns, At safepoint: 1307600 ns, Total: 40639000 ns
[2020-10-06T06:35:00.265+0000][36436][gc,marking   ] GC(141) Concurrent Cleanup for Next Mark
[2020-10-06T06:35:00.267+0000][36436][gc,marking   ] GC(141) Concurrent Cleanup for Next Mark 2.388ms
[2020-10-06T06:35:00.267+0000][36436][gc           ] GC(141) Concurrent Cycle 440.916ms
[2020-10-06T06:35:00.435+0000][36436][gc,start     ] GC(142) Pause Young (Concurrent Start) (G1 Humongous Allocation)
[2020-10-06T06:35:00.435+0000][36436][gc,task      ] GC(142) Using 8 workers of 8 for evacuation
[2020-10-06T06:35:00.435+0000][36436][gc,age       ] GC(142) Desired survivor size 33030144 bytes, new threshold 15 (max threshold 15)
[2020-10-06T06:35:00.441+0000][36436][gc,age       ] GC(142) Age table with threshold 15 (max threshold 15)
[2020-10-06T06:35:00.441+0000][36436][gc,age       ] GC(142) - age   1:   13404304 bytes,   13404304 total
[2020-10-06T06:35:00.441+0000][36436][gc,age       ] GC(142) - age   2:       4264 bytes,   13408568 total
[2020-10-06T06:35:00.441+0000][36436][gc,age       ] GC(142) - age   3:      27856 bytes,   13436424 total
[2020-10-06T06:35:00.441+0000][36436][gc,age       ] GC(142) - age   4:       4464 bytes,   13440888 total
[2020-10-06T06:35:00.441+0000][36436][gc,age       ] GC(142) - age   5:        816 bytes,   13441704 total
[2020-10-06T06:35:00.441+0000][36436][gc,age       ] GC(142) - age   6:      11080 bytes,   13452784 total
[2020-10-06T06:35:00.441+0000][36436][gc,age       ] GC(142) - age   7:       2424 bytes,   13455208 total
[2020-10-06T06:35:00.441+0000][36436][gc,age       ] GC(142) - age   8:      21528 bytes,   13476736 total
[2020-10-06T06:35:00.442+0000][36436][gc,age       ] GC(142) - age   9:       3224 bytes,   13479960 total
[2020-10-06T06:35:00.442+0000][36436][gc,age       ] GC(142) - age  10:       2144 bytes,   13482104 total
[2020-10-06T06:35:00.442+0000][36436][gc,age       ] GC(142) - age  11:       1448 bytes,   13483552 total
[2020-10-06T06:35:00.442+0000][36436][gc,age       ] GC(142) - age  12:       1272 bytes,   13484824 total
[2020-10-06T06:35:00.442+0000][36436][gc,age       ] GC(142) - age  13:       3016 bytes,   13487840 total
[2020-10-06T06:35:00.442+0000][36436][gc,age       ] GC(142) - age  14:       5136 bytes,   13492976 total
[2020-10-06T06:35:00.442+0000][36436][gc,age       ] GC(142) - age  15:      61840 bytes,   13554816 total
[2020-10-06T06:35:00.442+0000][36436][gc,phases    ] GC(142)   Pre Evacuate Collection Set: 0.5ms
[2020-10-06T06:35:00.442+0000][36436][gc,phases    ] GC(142)   Merge Heap Roots: 0.1ms
[2020-10-06T06:35:00.442+0000][36436][gc,phases    ] GC(142)   Evacuate Collection Set: 4.1ms
[2020-10-06T06:35:00.442+0000][36436][gc,phases    ] GC(142)   Post Evacuate Collection Set: 0.9ms
[2020-10-06T06:35:00.442+0000][36436][gc,phases    ] GC(142)   Other: 1.6ms
[2020-10-06T06:35:00.442+0000][36436][gc,heap      ] GC(142) Eden regions: 43->0(481)
[2020-10-06T06:35:00.443+0000][36436][gc,heap      ] GC(142) Survivor regions: 5->14(63)
[2020-10-06T06:35:00.443+0000][36436][gc,heap      ] GC(142) Old regions: 77->77
[2020-10-06T06:35:00.443+0000][36436][gc,heap      ] GC(142) Archive regions: 0->0
[2020-10-06T06:35:00.443+0000][36436][gc,heap      ] GC(142) Humongous regions: 230->174
[2020-10-06T06:35:00.443+0000][36436][gc,metaspace ] GC(142) Metaspace: 87433K(93564K)->87433K(93564K) NonClass: 76305K(79996K)->76305K(79996K) Class: 11127K(13568K)->11127K(13568K)
[2020-10-06T06:35:00.443+0000][36436][gc           ] GC(142) Pause Young (Concurrent Start) (G1 Humongous Allocation) 352M->263M(1024M) 7.978ms
[2020-10-06T06:35:00.443+0000][36436][gc,cpu       ] GC(142) User=0.02s Sys=0.00s Real=0.01s
[2020-10-06T06:35:00.443+0000][36436][gc           ] GC(143) Concurrent Cycle
[2020-10-06T06:35:00.443+0000][36436][gc,marking   ] GC(143) Concurrent Clear Claimed Marks
[2020-10-06T06:35:00.444+0000][36436][gc,marking   ] GC(143) Concurrent Clear Claimed Marks 0.522ms
[2020-10-06T06:35:00.444+0000][36436][gc,marking   ] GC(143) Concurrent Scan Root Regions
[2020-10-06T06:35:00.447+0000][36436][gc,marking   ] GC(143) Concurrent Scan Root Regions 3.234ms
[2020-10-06T06:35:00.447+0000][36436][gc,marking   ] GC(143) Concurrent Mark (8970.645s)
[2020-10-06T06:35:00.447+0000][36436][gc,marking   ] GC(143) Concurrent Mark From Roots
[2020-10-06T06:35:00.447+0000][36436][safepoint    ] Safepoint "G1TryInitiateConcMark", Time since last: 169746200 ns, Reaching safepoint: 338700 ns, At safepoint: 12323900 ns, Total: 12662600 ns
[2020-10-06T06:35:00.447+0000][36436][gc,task      ] GC(143) Using 2 workers of 2 for marking
[2020-10-06T06:35:00.630+0000][36436][gc,marking   ] GC(143) Concurrent Mark From Roots 182.883ms
[2020-10-06T06:35:00.630+0000][36436][gc,marking   ] GC(143) Concurrent Preclean
[2020-10-06T06:35:00.631+0000][36436][gc,marking   ] GC(143) Concurrent Preclean 0.892ms
[2020-10-06T06:35:00.631+0000][36436][gc,marking   ] GC(143) Concurrent Mark (8970.645s, 8970.829s) 184.017ms
[2020-10-06T06:35:00.633+0000][36436][gc,start     ] GC(143) Pause Remark
[2020-10-06T06:35:00.642+0000][36436][gc           ] GC(143) Pause Remark 577M->577M(1024M) 8.357ms
[2020-10-06T06:35:00.642+0000][36436][gc,cpu       ] GC(143) User=0.00s Sys=0.00s Real=0.01s
[2020-10-06T06:35:00.642+0000][36436][safepoint    ] Safepoint "G1Concurrent", Time since last: 184014000 ns, Reaching safepoint: 2161700 ns, At safepoint: 8688400 ns, Total: 10850100 ns
[2020-10-06T06:35:00.642+0000][36436][gc,marking   ] GC(143) Concurrent Rebuild Remembered Sets
[2020-10-06T06:35:00.759+0000][36436][gc,marking   ] GC(143) Concurrent Rebuild Remembered Sets 117.206ms
[2020-10-06T06:35:00.760+0000][36436][gc,start     ] GC(143) Pause Cleanup
[2020-10-06T06:35:00.760+0000][36436][gc           ] GC(143) Pause Cleanup 584M->584M(1024M) 0.415ms
[2020-10-06T06:35:00.760+0000][36436][gc,cpu       ] GC(143) User=0.00s Sys=0.00s Real=0.00s
[2020-10-06T06:35:00.760+0000][36436][safepoint    ] Safepoint "G1Concurrent", Time since last: 117462500 ns, Reaching safepoint: 190600 ns, At safepoint: 655300 ns, Total: 845900 ns
[2020-10-06T06:35:00.760+0000][36436][gc,marking   ] GC(143) Concurrent Cleanup for Next Mark
[2020-10-06T06:35:00.763+0000][36436][gc,marking   ] GC(143) Concurrent Cleanup for Next Mark 1.960ms
[2020-10-06T06:35:00.763+0000][36436][gc           ] GC(143) Concurrent Cycle 319.542ms
[2020-10-06T06:35:00.781+0000][36436][gc,start     ] GC(144) Pause Young (Concurrent Start) (G1 Humongous Allocation)
[2020-10-06T06:35:00.781+0000][36436][gc,task      ] GC(144) Using 8 workers of 8 for evacuation
[2020-10-06T06:35:00.781+0000][36436][gc,age       ] GC(144) Desired survivor size 32505856 bytes, new threshold 15 (max threshold 15)
[2020-10-06T06:35:00.786+0000][36436][gc,age       ] GC(144) Age table with threshold 15 (max threshold 15)
[2020-10-06T06:35:00.787+0000][36436][gc,age       ] GC(144) - age   1:    3906696 bytes,    3906696 total
[2020-10-06T06:35:00.787+0000][36436][gc,age       ] GC(144) - age   2:       7408 bytes,    3914104 total
[2020-10-06T06:35:00.787+0000][36436][gc,age       ] GC(144) - age   3:       2576 bytes,    3916680 total
[2020-10-06T06:35:00.787+0000][36436][gc,age       ] GC(144) - age   4:      27824 bytes,    3944504 total
[2020-10-06T06:35:00.787+0000][36436][gc,age       ] GC(144) - age   5:       4400 bytes,    3948904 total
[2020-10-06T06:35:00.787+0000][36436][gc,age       ] GC(144) - age   6:        720 bytes,    3949624 total
[2020-10-06T06:35:00.787+0000][36436][gc,age       ] GC(144) - age   7:      11080 bytes,    3960704 total
[2020-10-06T06:35:00.787+0000][36436][gc,age       ] GC(144) - age   8:       2424 bytes,    3963128 total
[2020-10-06T06:35:00.787+0000][36436][gc,age       ] GC(144) - age   9:      21464 bytes,    3984592 total
[2020-10-06T06:35:00.787+0000][36436][gc,age       ] GC(144) - age  10:       3192 bytes,    3987784 total
[2020-10-06T06:35:00.787+0000][36436][gc,age       ] GC(144) - age  11:       2144 bytes,    3989928 total
[2020-10-06T06:35:00.787+0000][36436][gc,age       ] GC(144) - age  12:       1448 bytes,    3991376 total
[2020-10-06T06:35:00.787+0000][36436][gc,age       ] GC(144) - age  13:       1240 bytes,    3992616 total
[2020-10-06T06:35:00.787+0000][36436][gc,age       ] GC(144) - age  14:       2984 bytes,    3995600 total
[2020-10-06T06:35:00.787+0000][36436][gc,age       ] GC(144) - age  15:       5136 bytes,    4000736 total
[2020-10-06T06:35:00.787+0000][36436][gc,phases    ] GC(144)   Pre Evacuate Collection Set: 0.6ms
[2020-10-06T06:35:00.787+0000][36436][gc,phases    ] GC(144)   Merge Heap Roots: 0.1ms
[2020-10-06T06:35:00.787+0000][36436][gc,phases    ] GC(144)   Evacuate Collection Set: 3.1ms
[2020-10-06T06:35:00.787+0000][36436][gc,phases    ] GC(144)   Post Evacuate Collection Set: 1.2ms
[2020-10-06T06:35:00.788+0000][36436][gc,phases    ] GC(144)   Other: 1.5ms
[2020-10-06T06:35:00.788+0000][36436][gc,heap      ] GC(144) Eden regions: 81->0(492)
[2020-10-06T06:35:00.788+0000][36436][gc,heap      ] GC(144) Survivor regions: 14->5(62)
[2020-10-06T06:35:00.788+0000][36436][gc,heap      ] GC(144) Old regions: 77->77
[2020-10-06T06:35:00.788+0000][36436][gc,heap      ] GC(144) Archive regions: 0->0
[2020-10-06T06:35:00.788+0000][36436][gc,heap      ] GC(144) Humongous regions: 420->174
[2020-10-06T06:35:00.788+0000][36436][gc,metaspace ] GC(144) Metaspace: 87474K(93564K)->87474K(93564K) NonClass: 76347K(79996K)->76347K(79996K) Class: 11127K(13568K)->11127K(13568K)
[2020-10-06T06:35:00.788+0000][36436][gc           ] GC(144) Pause Young (Concurrent Start) (G1 Humongous Allocation) 589M->254M(1024M) 6.974ms
[2020-10-06T06:35:00.788+0000][36436][gc,cpu       ] GC(144) User=0.08s Sys=0.00s Real=0.01s
[2020-10-06T06:35:00.788+0000][36436][gc           ] GC(145) Concurrent Cycle
[2020-10-06T06:35:00.788+0000][36436][safepoint    ] Safepoint "G1TryInitiateConcMark", Time since last: 20462700 ns, Reaching safepoint: 270500 ns, At safepoint: 7240300 ns, Total: 7510800 ns
[2020-10-06T06:35:00.788+0000][36436][gc,marking   ] GC(145) Concurrent Clear Claimed Marks
[2020-10-06T06:35:00.789+0000][36436][gc,marking   ] GC(145) Concurrent Clear Claimed Marks 0.702ms
[2020-10-06T06:35:00.789+0000][36436][gc,marking   ] GC(145) Concurrent Scan Root Regions
[2020-10-06T06:35:00.792+0000][36436][gc,marking   ] GC(145) Concurrent Scan Root Regions 3.381ms
[2020-10-06T06:35:00.793+0000][36436][gc,marking   ] GC(145) Concurrent Mark (8970.991s)
[2020-10-06T06:35:00.793+0000][36436][gc,marking   ] GC(145) Concurrent Mark From Roots
[2020-10-06T06:35:00.793+0000][36436][gc,task      ] GC(145) Using 2 workers of 2 for marking
[2020-10-06T06:35:00.993+0000][36436][gc,marking   ] GC(145) Concurrent Mark From Roots 200.368ms
[2020-10-06T06:35:00.993+0000][36436][gc,marking   ] GC(145) Concurrent Preclean
[2020-10-06T06:35:00.994+0000][36436][gc,marking   ] GC(145) Concurrent Preclean 1.059ms
[2020-10-06T06:35:00.994+0000][36436][gc,marking   ] GC(145) Concurrent Mark (8970.991s, 8971.193s) 201.832ms
[2020-10-06T06:35:00.995+0000][36436][gc,start     ] GC(145) Pause Remark
[2020-10-06T06:35:01.002+0000][36436][gc           ] GC(145) Pause Remark 320M->320M(1024M) 7.061ms
[2020-10-06T06:35:01.002+0000][36436][gc,cpu       ] GC(145) User=0.00s Sys=0.00s Real=0.01s
[2020-10-06T06:35:01.002+0000][36436][safepoint    ] Safepoint "G1Concurrent", Time since last: 206430300 ns, Reaching safepoint: 200600 ns, At safepoint: 7365600 ns, Total: 7566200 ns
[2020-10-06T06:35:01.002+0000][36436][gc,marking   ] GC(145) Concurrent Rebuild Remembered Sets
[2020-10-06T06:35:01.114+0000][36436][gc,marking   ] GC(145) Concurrent Rebuild Remembered Sets 111.778ms
[2020-10-06T06:35:01.114+0000][36436][gc,start     ] GC(145) Pause Cleanup
[2020-10-06T06:35:01.115+0000][36436][gc           ] GC(145) Pause Cleanup 395M->395M(1024M) 0.465ms
[2020-10-06T06:35:01.115+0000][36436][gc,cpu       ] GC(145) User=0.00s Sys=0.00s Real=0.00s
[2020-10-06T06:35:01.115+0000][36436][safepoint    ] Safepoint "G1Concurrent", Time since last: 112054700 ns, Reaching safepoint: 317900 ns, At safepoint: 707600 ns, Total: 1025500 ns
[2020-10-06T06:35:01.115+0000][36436][gc,marking   ] GC(145) Concurrent Cleanup for Next Mark
[2020-10-06T06:35:01.117+0000][36436][gc,marking   ] GC(145) Concurrent Cleanup for Next Mark 2.204ms
[2020-10-06T06:35:01.118+0000][36436][gc           ] GC(145) Concurrent Cycle 329.550ms
[2020-10-06T06:35:01.121+0000][36436][gc,start     ] GC(146) Pause Young (Concurrent Start) (G1 Humongous Allocation)
[2020-10-06T06:35:01.122+0000][36436][gc,task      ] GC(146) Using 8 workers of 8 for evacuation
[2020-10-06T06:35:01.122+0000][36436][gc,age       ] GC(146) Desired survivor size 33030144 bytes, new threshold 15 (max threshold 15)
[2020-10-06T06:35:01.127+0000][36436][gc,age       ] GC(146) Age table with threshold 15 (max threshold 15)
[2020-10-06T06:35:01.127+0000][36436][gc,age       ] GC(146) - age   1:    3307968 bytes,    3307968 total
[2020-10-06T06:35:01.127+0000][36436][gc,age       ] GC(146) - age   2:     608592 bytes,    3916560 total
[2020-10-06T06:35:01.127+0000][36436][gc,age       ] GC(146) - age   3:       4496 bytes,    3921056 total
[2020-10-06T06:35:01.127+0000][36436][gc,age       ] GC(146) - age   4:       2312 bytes,    3923368 total
[2020-10-06T06:35:01.128+0000][36436][gc,age       ] GC(146) - age   5:      27824 bytes,    3951192 total
[2020-10-06T06:35:01.128+0000][36436][gc,age       ] GC(146) - age   6:       4208 bytes,    3955400 total
[2020-10-06T06:35:01.128+0000][36436][gc,age       ] GC(146) - age   7:        624 bytes,    3956024 total
[2020-10-06T06:35:01.128+0000][36436][gc,age       ] GC(146) - age   8:      10952 bytes,    3966976 total
[2020-10-06T06:35:01.128+0000][36436][gc,age       ] GC(146) - age   9:       2424 bytes,    3969400 total
[2020-10-06T06:35:01.128+0000][36436][gc,age       ] GC(146) - age  10:      21432 bytes,    3990832 total
[2020-10-06T06:35:01.128+0000][36436][gc,age       ] GC(146) - age  11:       3160 bytes,    3993992 total
[2020-10-06T06:35:01.128+0000][36436][gc,age       ] GC(146) - age  12:       2144 bytes,    3996136 total
[2020-10-06T06:35:01.128+0000][36436][gc,age       ] GC(146) - age  13:       1448 bytes,    3997584 total
[2020-10-06T06:35:01.128+0000][36436][gc,age       ] GC(146) - age  14:       1208 bytes,    3998792 total
[2020-10-06T06:35:01.128+0000][36436][gc,age       ] GC(146) - age  15:       2984 bytes,    4001776 total
[2020-10-06T06:35:01.128+0000][36436][gc,phases    ] GC(146)   Pre Evacuate Collection Set: 0.5ms
[2020-10-06T06:35:01.128+0000][36436][gc,phases    ] GC(146)   Merge Heap Roots: 0.2ms
[2020-10-06T06:35:01.129+0000][36436][gc,phases    ] GC(146)   Evacuate Collection Set: 3.5ms
[2020-10-06T06:35:01.129+0000][36436][gc,phases    ] GC(146)   Post Evacuate Collection Set: 1.1ms
[2020-10-06T06:35:01.129+0000][36436][gc,phases    ] GC(146)   Other: 1.8ms
[2020-10-06T06:35:01.129+0000][36436][gc,heap      ] GC(146) Eden regions: 42->0(494)
[2020-10-06T06:35:01.129+0000][36436][gc,heap      ] GC(146) Survivor regions: 5->5(63)
[2020-10-06T06:35:01.129+0000][36436][gc,heap      ] GC(146) Old regions: 77->77
[2020-10-06T06:35:01.129+0000][36436][gc,heap      ] GC(146) Archive regions: 0->0
[2020-10-06T06:35:01.129+0000][36436][gc,heap      ] GC(146) Humongous regions: 274->174
[2020-10-06T06:35:01.129+0000][36436][gc,metaspace ] GC(146) Metaspace: 87477K(93564K)->87477K(93564K) NonClass: 76350K(79996K)->76350K(79996K) Class: 11127K(13568K)->11127K(13568K)
[2020-10-06T06:35:01.129+0000][36436][gc           ] GC(146) Pause Young (Concurrent Start) (G1 Humongous Allocation) 396M->254M(1024M) 7.688ms
[2020-10-06T06:35:01.129+0000][36436][gc,cpu       ] GC(146) User=0.00s Sys=0.00s Real=0.01s
[2020-10-06T06:35:01.129+0000][36436][gc           ] GC(147) Concurrent Cycle
[2020-10-06T06:35:01.129+0000][36436][safepoint    ] Safepoint "G1TryInitiateConcMark", Time since last: 5986300 ns, Reaching safepoint: 168900 ns, At safepoint: 7953000 ns, Total: 8121900 ns
[2020-10-06T06:35:01.129+0000][36436][gc,marking   ] GC(147) Concurrent Clear Claimed Marks
[2020-10-06T06:35:01.130+0000][36436][gc,marking   ] GC(147) Concurrent Clear Claimed Marks 0.689ms
[2020-10-06T06:35:01.130+0000][36436][gc,marking   ] GC(147) Concurrent Scan Root Regions
[2020-10-06T06:35:01.134+0000][36436][gc,marking   ] GC(147) Concurrent Scan Root Regions 4.025ms
[2020-10-06T06:35:01.134+0000][36436][gc,marking   ] GC(147) Concurrent Mark (8971.333s)
[2020-10-06T06:35:01.134+0000][36436][gc,marking   ] GC(147) Concurrent Mark From Roots
[2020-10-06T06:35:01.134+0000][36436][gc,task      ] GC(147) Using 2 workers of 2 for marking
[2020-10-06T06:35:01.310+0000][36436][gc,marking   ] GC(147) Concurrent Mark From Roots 175.076ms
[2020-10-06T06:35:01.310+0000][36436][gc,marking   ] GC(147) Concurrent Preclean
[2020-10-06T06:35:01.311+0000][36436][gc,marking   ] GC(147) Concurrent Preclean 1.255ms
[2020-10-06T06:35:01.312+0000][36436][gc,marking   ] GC(147) Concurrent Mark (8971.333s, 8971.510s) 176.721ms
[2020-10-06T06:35:01.313+0000][36436][gc,start     ] GC(147) Pause Remark
[2020-10-06T06:35:01.321+0000][36436][gc           ] GC(147) Pause Remark 434M->434M(1024M) 8.183ms
[2020-10-06T06:35:01.321+0000][36436][gc,cpu       ] GC(147) User=0.13s Sys=0.00s Real=0.01s
[2020-10-06T06:35:01.321+0000][36436][safepoint    ] Safepoint "G1Concurrent", Time since last: 181965800 ns, Reaching safepoint: 1116100 ns, At safepoint: 8556900 ns, Total: 9673000 ns
[2020-10-06T06:35:01.321+0000][36436][gc,marking   ] GC(147) Concurrent Rebuild Remembered Sets
[2020-10-06T06:35:01.429+0000][36436][gc,marking   ] GC(147) Concurrent Rebuild Remembered Sets 107.681ms
[2020-10-06T06:35:01.429+0000][36436][gc,start     ] GC(147) Pause Cleanup
[2020-10-06T06:35:01.430+0000][36436][gc           ] GC(147) Pause Cleanup 462M->462M(1024M) 0.479ms
[2020-10-06T06:35:01.430+0000][36436][gc,cpu       ] GC(147) User=0.00s Sys=0.00s Real=0.00s
[2020-10-06T06:35:01.430+0000][36436][safepoint    ] Safepoint "G1Concurrent", Time since last: 107917900 ns, Reaching safepoint: 195900 ns, At safepoint: 855200 ns, Total: 1051100 ns
[2020-10-06T06:35:01.430+0000][36436][gc,marking   ] GC(147) Concurrent Cleanup for Next Mark
[2020-10-06T06:35:01.432+0000][36436][gc,marking   ] GC(147) Concurrent Cleanup for Next Mark 2.020ms
[2020-10-06T06:35:01.432+0000][36436][gc           ] GC(147) Concurrent Cycle 302.941ms
[2020-10-06T06:35:01.504+0000][36436][gc,start     ] GC(148) Pause Young (Concurrent Start) (G1 Humongous Allocation)
[2020-10-06T06:35:01.504+0000][36436][gc,task      ] GC(148) Using 8 workers of 8 for evacuation
[2020-10-06T06:35:01.504+0000][36436][gc,age       ] GC(148) Desired survivor size 33030144 bytes, new threshold 15 (max threshold 15)
[2020-10-06T06:35:01.508+0000][36436][gc,age       ] GC(148) Age table with threshold 15 (max threshold 15)
[2020-10-06T06:35:01.508+0000][36436][gc,age       ] GC(148) - age   1:    2646512 bytes,    2646512 total
[2020-10-06T06:35:01.508+0000][36436][gc,age       ] GC(148) - age   2:       1784 bytes,    2648296 total
[2020-10-06T06:35:01.508+0000][36436][gc,age       ] GC(148) - age   3:       4160 bytes,    2652456 total
[2020-10-06T06:35:01.508+0000][36436][gc,age       ] GC(148) - age   4:       1000 bytes,    2653456 total
[2020-10-06T06:35:01.508+0000][36436][gc,age       ] GC(148) - age   5:       1704 bytes,    2655160 total
[2020-10-06T06:35:01.508+0000][36436][gc,age       ] GC(148) - age   6:      27600 bytes,    2682760 total
[2020-10-06T06:35:01.508+0000][36436][gc,age       ] GC(148) - age   7:       3664 bytes,    2686424 total
[2020-10-06T06:35:01.508+0000][36436][gc,age       ] GC(148) - age   8:        528 bytes,    2686952 total
[2020-10-06T06:35:01.508+0000][36436][gc,age       ] GC(148) - age   9:      10952 bytes,    2697904 total
[2020-10-06T06:35:01.508+0000][36436][gc,age       ] GC(148) - age  10:       2424 bytes,    2700328 total
[2020-10-06T06:35:01.508+0000][36436][gc,age       ] GC(148) - age  11:      21400 bytes,    2721728 total
[2020-10-06T06:35:01.508+0000][36436][gc,age       ] GC(148) - age  12:       3096 bytes,    2724824 total
[2020-10-06T06:35:01.509+0000][36436][gc,age       ] GC(148) - age  13:       2048 bytes,    2726872 total
[2020-10-06T06:35:01.509+0000][36436][gc,age       ] GC(148) - age  14:       1416 bytes,    2728288 total
[2020-10-06T06:35:01.509+0000][36436][gc,age       ] GC(148) - age  15:       1208 bytes,    2729496 total
[2020-10-06T06:35:01.509+0000][36436][gc,phases    ] GC(148)   Pre Evacuate Collection Set: 0.5ms
[2020-10-06T06:35:01.509+0000][36436][gc,phases    ] GC(148)   Merge Heap Roots: 0.1ms
[2020-10-06T06:35:01.509+0000][36436][gc,phases    ] GC(148)   Evacuate Collection Set: 2.2ms
[2020-10-06T06:35:01.509+0000][36436][gc,phases    ] GC(148)   Post Evacuate Collection Set: 0.8ms
[2020-10-06T06:35:01.509+0000][36436][gc,phases    ] GC(148)   Other: 1.0ms
[2020-10-06T06:35:01.509+0000][36436][gc,heap      ] GC(148) Eden regions: 70->0(499)
[2020-10-06T06:35:01.509+0000][36436][gc,heap      ] GC(148) Survivor regions: 5->3(63)
[2020-10-06T06:35:01.509+0000][36436][gc,heap      ] GC(148) Old regions: 77->77
[2020-10-06T06:35:01.509+0000][36436][gc,heap      ] GC(148) Archive regions: 0->0
[2020-10-06T06:35:01.509+0000][36436][gc,heap      ] GC(148) Humongous regions: 324->174
[2020-10-06T06:35:01.509+0000][36436][gc,metaspace ] GC(148) Metaspace: 87545K(93564K)->87545K(93564K) NonClass: 76417K(79996K)->76417K(79996K) Class: 11128K(13568K)->11128K(13568K)
[2020-10-06T06:35:01.509+0000][36436][gc           ] GC(148) Pause Young (Concurrent Start) (G1 Humongous Allocation) 474M->253M(1024M) 5.131ms
[2020-10-06T06:35:01.509+0000][36436][gc,cpu       ] GC(148) User=0.03s Sys=0.00s Real=0.01s
[2020-10-06T06:35:01.509+0000][36436][gc           ] GC(149) Concurrent Cycle
[2020-10-06T06:35:01.509+0000][36436][gc,marking   ] GC(149) Concurrent Clear Claimed Marks
[2020-10-06T06:35:01.510+0000][36436][gc,marking   ] GC(149) Concurrent Clear Claimed Marks 0.406ms
[2020-10-06T06:35:01.510+0000][36436][gc,marking   ] GC(149) Concurrent Scan Root Regions
[2020-10-06T06:35:01.512+0000][36436][gc,marking   ] GC(149) Concurrent Scan Root Regions 1.791ms
[2020-10-06T06:35:01.512+0000][36436][safepoint    ] Safepoint "G1TryInitiateConcMark", Time since last: 73772200 ns, Reaching safepoint: 216200 ns, At safepoint: 7735800 ns, Total: 7952000 ns
[2020-10-06T06:35:01.512+0000][36436][gc,marking   ] GC(149) Concurrent Mark (8971.710s)
[2020-10-06T06:35:01.512+0000][36436][gc,marking   ] GC(149) Concurrent Mark From Roots
[2020-10-06T06:35:01.512+0000][36436][gc,task      ] GC(149) Using 2 workers of 2 for marking
[2020-10-06T06:35:01.685+0000][36436][gc,marking   ] GC(149) Concurrent Mark From Roots 173.502ms
[2020-10-06T06:35:01.686+0000][36436][gc,marking   ] GC(149) Concurrent Preclean
[2020-10-06T06:35:01.687+0000][36436][gc,marking   ] GC(149) Concurrent Preclean 0.949ms
[2020-10-06T06:35:01.687+0000][36436][gc,marking   ] GC(149) Concurrent Mark (8971.710s, 8971.885s) 174.812ms
[2020-10-06T06:35:01.687+0000][36436][gc,start     ] GC(149) Pause Remark
[2020-10-06T06:35:01.694+0000][36436][gc           ] GC(149) Pause Remark 386M->386M(1024M) 6.870ms
[2020-10-06T06:35:01.694+0000][36436][gc,cpu       ] GC(149) User=0.09s Sys=0.00s Real=0.01s
[2020-10-06T06:35:01.694+0000][36436][safepoint    ] Safepoint "G1Concurrent", Time since last: 174995400 ns, Reaching safepoint: 262400 ns, At safepoint: 7224700 ns, Total: 7487100 ns
[2020-10-06T06:35:01.694+0000][36436][gc,marking   ] GC(149) Concurrent Rebuild Remembered Sets
[2020-10-06T06:35:01.801+0000][36436][gc,marking   ] GC(149) Concurrent Rebuild Remembered Sets 106.299ms
[2020-10-06T06:35:01.804+0000][36436][gc,start     ] GC(149) Pause Cleanup
[2020-10-06T06:35:01.804+0000][36436][gc           ] GC(149) Pause Cleanup 583M->583M(1024M) 0.429ms
[2020-10-06T06:35:01.804+0000][36436][gc,cpu       ] GC(149) User=0.00s Sys=0.00s Real=0.00s
[2020-10-06T06:35:01.805+0000][36436][safepoint    ] Safepoint "G1Concurrent", Time since last: 106518000 ns, Reaching safepoint: 2945000 ns, At safepoint: 1443400 ns, Total: 4388400 ns
[2020-10-06T06:35:01.805+0000][36436][gc,marking   ] GC(149) Concurrent Cleanup for Next Mark
[2020-10-06T06:35:01.807+0000][36436][gc,marking   ] GC(149) Concurrent Cleanup for Next Mark 2.052ms
[2020-10-06T06:35:01.807+0000][36436][gc           ] GC(149) Concurrent Cycle 298.084ms
[2020-10-06T06:35:01.820+0000][36436][gc,start     ] GC(150) Pause Young (Concurrent Start) (G1 Humongous Allocation)
[2020-10-06T06:35:01.820+0000][36436][gc,task      ] GC(150) Using 8 workers of 8 for evacuation
[2020-10-06T06:35:01.820+0000][36436][gc,age       ] GC(150) Desired survivor size 33030144 bytes, new threshold 15 (max threshold 15)
[2020-10-06T06:35:01.825+0000][36436][gc,age       ] GC(150) Age table with threshold 15 (max threshold 15)
[2020-10-06T06:35:01.825+0000][36436][gc,age       ] GC(150) - age   1:    7115544 bytes,    7115544 total
[2020-10-06T06:35:01.825+0000][36436][gc,age       ] GC(150) - age   2:      27560 bytes,    7143104 total
[2020-10-06T06:35:01.825+0000][36436][gc,age       ] GC(150) - age   3:       1136 bytes,    7144240 total
[2020-10-06T06:35:01.825+0000][36436][gc,age       ] GC(150) - age   4:       2432 bytes,    7146672 total
[2020-10-06T06:35:01.825+0000][36436][gc,age       ] GC(150) - age   5:        616 bytes,    7147288 total
[2020-10-06T06:35:01.825+0000][36436][gc,age       ] GC(150) - age   6:       1672 bytes,    7148960 total
[2020-10-06T06:35:01.825+0000][36436][gc,age       ] GC(150) - age   7:      27440 bytes,    7176400 total
[2020-10-06T06:35:01.825+0000][36436][gc,age       ] GC(150) - age   8:       3376 bytes,    7179776 total
[2020-10-06T06:35:01.825+0000][36436][gc,age       ] GC(150) - age   9:        496 bytes,    7180272 total
[2020-10-06T06:35:01.825+0000][36436][gc,age       ] GC(150) - age  10:      10952 bytes,    7191224 total
[2020-10-06T06:35:01.825+0000][36436][gc,age       ] GC(150) - age  11:       2392 bytes,    7193616 total
[2020-10-06T06:35:01.825+0000][36436][gc,age       ] GC(150) - age  12:      21400 bytes,    7215016 total
[2020-10-06T06:35:01.825+0000][36436][gc,age       ] GC(150) - age  13:       3096 bytes,    7218112 total
[2020-10-06T06:35:01.825+0000][36436][gc,age       ] GC(150) - age  14:       2016 bytes,    7220128 total
[2020-10-06T06:35:01.825+0000][36436][gc,age       ] GC(150) - age  15:       1384 bytes,    7221512 total
[2020-10-06T06:35:01.826+0000][36436][gc,phases    ] GC(150)   Pre Evacuate Collection Set: 0.6ms
[2020-10-06T06:35:01.826+0000][36436][gc,phases    ] GC(150)   Merge Heap Roots: 0.1ms
[2020-10-06T06:35:01.826+0000][36436][gc,phases    ] GC(150)   Evacuate Collection Set: 2.8ms
[2020-10-06T06:35:01.826+0000][36436][gc,phases    ] GC(150)   Post Evacuate Collection Set: 1.1ms
[2020-10-06T06:35:01.826+0000][36436][gc,phases    ] GC(150)   Other: 1.3ms
[2020-10-06T06:35:01.826+0000][36436][gc,heap      ] GC(150) Eden regions: 88->0(492)
[2020-10-06T06:35:01.826+0000][36436][gc,heap      ] GC(150) Survivor regions: 3->7(63)
[2020-10-06T06:35:01.826+0000][36436][gc,heap      ] GC(150) Old regions: 77->77
[2020-10-06T06:35:01.826+0000][36436][gc,heap      ] GC(150) Archive regions: 0->0
[2020-10-06T06:35:01.826+0000][36436][gc,heap      ] GC(150) Humongous regions: 426->174
[2020-10-06T06:35:01.826+0000][36436][gc,metaspace ] GC(150) Metaspace: 87557K(93564K)->87557K(93564K) NonClass: 76428K(79996K)->76428K(79996K) Class: 11128K(13568K)->11128K(13568K)
[2020-10-06T06:35:01.826+0000][36436][gc           ] GC(150) Pause Young (Concurrent Start) (G1 Humongous Allocation) 593M->257M(1024M) 6.488ms
[2020-10-06T06:35:01.826+0000][36436][gc,cpu       ] GC(150) User=0.00s Sys=0.00s Real=0.01s
[2020-10-06T06:35:01.826+0000][36436][gc           ] GC(151) Concurrent Cycle
[2020-10-06T06:35:01.826+0000][36436][gc,marking   ] GC(151) Concurrent Clear Claimed Marks
[2020-10-06T06:35:01.826+0000][36436][safepoint    ] Safepoint "G1TryInitiateConcMark", Time since last: 14298900 ns, Reaching safepoint: 231100 ns, At safepoint: 6795800 ns, Total: 7026900 ns
[2020-10-06T06:35:01.827+0000][36436][gc,marking   ] GC(151) Concurrent Clear Claimed Marks 0.515ms
[2020-10-06T06:35:01.827+0000][36436][gc,marking   ] GC(151) Concurrent Scan Root Regions
[2020-10-06T06:35:01.829+0000][36436][gc,marking   ] GC(151) Concurrent Scan Root Regions 2.263ms
[2020-10-06T06:35:01.829+0000][36436][gc,marking   ] GC(151) Concurrent Mark (8972.028s)
[2020-10-06T06:35:01.829+0000][36436][gc,marking   ] GC(151) Concurrent Mark From Roots
[2020-10-06T06:35:01.830+0000][36436][gc,task      ] GC(151) Using 2 workers of 2 for marking
[2020-10-06T06:35:01.855+0000][36436][safepoint    ] Safepoint "BulkRevokeBias", Time since last: 24701500 ns, Reaching safepoint: 320000 ns, At safepoint: 3136000 ns, Total: 3456000 ns
[2020-10-06T06:35:02.011+0000][36436][gc,marking   ] GC(151) Concurrent Mark From Roots 181.553ms
[2020-10-06T06:35:02.012+0000][36436][gc,marking   ] GC(151) Concurrent Preclean
[2020-10-06T06:35:02.012+0000][36436][gc,marking   ] GC(151) Concurrent Preclean 0.901ms
[2020-10-06T06:35:02.013+0000][36436][gc,marking   ] GC(151) Concurrent Mark (8972.028s, 8972.210s) 182.701ms
[2020-10-06T06:35:02.013+0000][36436][gc,start     ] GC(151) Pause Remark
[2020-10-06T06:35:02.019+0000][36436][gc           ] GC(151) Pause Remark 396M->396M(1024M) 6.171ms
[2020-10-06T06:35:02.019+0000][36436][gc,cpu       ] GC(151) User=0.00s Sys=0.00s Real=0.01s
[2020-10-06T06:35:02.020+0000][36436][safepoint    ] Safepoint "G1Concurrent", Time since last: 157603100 ns, Reaching safepoint: 226100 ns, At safepoint: 6748100 ns, Total: 6974200 ns
[2020-10-06T06:35:02.020+0000][36436][gc,marking   ] GC(151) Concurrent Rebuild Remembered Sets
[2020-10-06T06:35:02.111+0000][36436][gc,marking   ] GC(151) Concurrent Rebuild Remembered Sets 91.433ms
[2020-10-06T06:35:02.112+0000][36436][gc,start     ] GC(151) Pause Cleanup
[2020-10-06T06:35:02.112+0000][36436][gc           ] GC(151) Pause Cleanup 406M->406M(1024M) 0.414ms
[2020-10-06T06:35:02.112+0000][36436][gc,cpu       ] GC(151) User=0.00s Sys=0.00s Real=0.00s
[2020-10-06T06:35:02.112+0000][36436][safepoint    ] Safepoint "G1Concurrent", Time since last: 91710300 ns, Reaching safepoint: 203800 ns, At safepoint: 625600 ns, Total: 829400 ns
[2020-10-06T06:35:02.112+0000][36436][gc,marking   ] GC(151) Concurrent Cleanup for Next Mark
[2020-10-06T06:35:02.114+0000][36436][gc,marking   ] GC(151) Concurrent Cleanup for Next Mark 2.211ms
[2020-10-06T06:35:02.115+0000][36436][gc           ] GC(151) Concurrent Cycle 287.851ms
[2020-10-06T06:35:02.207+0000][36436][gc,start     ] GC(152) Pause Young (Concurrent Start) (G1 Humongous Allocation)
[2020-10-06T06:35:02.207+0000][36436][gc,task      ] GC(152) Using 8 workers of 8 for evacuation
[2020-10-06T06:35:02.207+0000][36436][gc,age       ] GC(152) Desired survivor size 33030144 bytes, new threshold 15 (max threshold 15)
[2020-10-06T06:35:02.213+0000][36436][gc,age       ] GC(152) Age table with threshold 15 (max threshold 15)
[2020-10-06T06:35:02.213+0000][36436][gc,age       ] GC(152) - age   1:   13413880 bytes,   13413880 total
[2020-10-06T06:35:02.213+0000][36436][gc,age       ] GC(152) - age   2:      16664 bytes,   13430544 total
[2020-10-06T06:35:02.213+0000][36436][gc,age       ] GC(152) - age   3:      16312 bytes,   13446856 total
[2020-10-06T06:35:02.213+0000][36436][gc,age       ] GC(152) - age   4:        976 bytes,   13447832 total
[2020-10-06T06:35:02.213+0000][36436][gc,age       ] GC(152) - age   5:       2080 bytes,   13449912 total
[2020-10-06T06:35:02.213+0000][36436][gc,age       ] GC(152) - age   6:        584 bytes,   13450496 total
[2020-10-06T06:35:02.213+0000][36436][gc,age       ] GC(152) - age   7:       1672 bytes,   13452168 total
[2020-10-06T06:35:02.213+0000][36436][gc,age       ] GC(152) - age   8:      27440 bytes,   13479608 total
[2020-10-06T06:35:02.213+0000][36436][gc,age       ] GC(152) - age   9:       3248 bytes,   13482856 total
[2020-10-06T06:35:02.213+0000][36436][gc,age       ] GC(152) - age  10:        464 bytes,   13483320 total
[2020-10-06T06:35:02.213+0000][36436][gc,age       ] GC(152) - age  11:      10952 bytes,   13494272 total
[2020-10-06T06:35:02.213+0000][36436][gc,age       ] GC(152) - age  12:       2360 bytes,   13496632 total
[2020-10-06T06:35:02.213+0000][36436][gc,age       ] GC(152) - age  13:      21400 bytes,   13518032 total
[2020-10-06T06:35:02.213+0000][36436][gc,age       ] GC(152) - age  14:       2760 bytes,   13520792 total
[2020-10-06T06:35:02.214+0000][36436][gc,age       ] GC(152) - age  15:       1888 bytes,   13522680 total
[2020-10-06T06:35:02.214+0000][36436][gc,phases    ] GC(152)   Pre Evacuate Collection Set: 0.4ms
[2020-10-06T06:35:02.214+0000][36436][gc,phases    ] GC(152)   Merge Heap Roots: 0.1ms
[2020-10-06T06:35:02.214+0000][36436][gc,phases    ] GC(152)   Evacuate Collection Set: 4.1ms
[2020-10-06T06:35:02.214+0000][36436][gc,phases    ] GC(152)   Post Evacuate Collection Set: 1.0ms
[2020-10-06T06:35:02.214+0000][36436][gc,phases    ] GC(152)   Other: 1.2ms
[2020-10-06T06:35:02.214+0000][36436][gc,heap      ] GC(152) Eden regions: 70->0(478)
[2020-10-06T06:35:02.214+0000][36436][gc,heap      ] GC(152) Survivor regions: 7->14(63)
[2020-10-06T06:35:02.214+0000][36436][gc,heap      ] GC(152) Old regions: 77->77
[2020-10-06T06:35:02.214+0000][36436][gc,heap      ] GC(152) Archive regions: 0->0
[2020-10-06T06:35:02.214+0000][36436][gc,heap      ] GC(152) Humongous regions: 274->174
[2020-10-06T06:35:02.214+0000][36436][gc,metaspace ] GC(152) Metaspace: 87567K(93564K)->87567K(93564K) NonClass: 76438K(79996K)->76438K(79996K) Class: 11129K(13568K)->11129K(13568K)
[2020-10-06T06:35:02.214+0000][36436][gc           ] GC(152) Pause Young (Concurrent Start) (G1 Humongous Allocation) 427M->264M(1024M) 7.313ms
[2020-10-06T06:35:02.214+0000][36436][gc,cpu       ] GC(152) User=0.11s Sys=0.00s Real=0.01s
[2020-10-06T06:35:02.214+0000][36436][gc           ] GC(153) Concurrent Cycle
[2020-10-06T06:35:02.214+0000][36436][safepoint    ] Safepoint "G1TryInitiateConcMark", Time since last: 94386200 ns, Reaching safepoint: 194700 ns, At safepoint: 7571800 ns, Total: 7766500 ns
[2020-10-06T06:35:02.214+0000][36436][gc,marking   ] GC(153) Concurrent Clear Claimed Marks
[2020-10-06T06:35:02.215+0000][36436][gc,marking   ] GC(153) Concurrent Clear Claimed Marks 0.703ms
[2020-10-06T06:35:02.215+0000][36436][gc,marking   ] GC(153) Concurrent Scan Root Regions
[2020-10-06T06:35:02.218+0000][36436][gc,marking   ] GC(153) Concurrent Scan Root Regions 3.010ms
[2020-10-06T06:35:02.218+0000][36436][gc,marking   ] GC(153) Concurrent Mark (8972.416s)
[2020-10-06T06:35:02.218+0000][36436][gc,marking   ] GC(153) Concurrent Mark From Roots
[2020-10-06T06:35:02.218+0000][36436][gc,task      ] GC(153) Using 2 workers of 2 for marking
[2020-10-06T06:35:02.386+0000][36436][gc,marking   ] GC(153) Concurrent Mark From Roots 168.049ms
[2020-10-06T06:35:02.386+0000][36436][gc,marking   ] GC(153) Concurrent Preclean
[2020-10-06T06:35:02.387+0000][36436][gc,marking   ] GC(153) Concurrent Preclean 0.993ms
[2020-10-06T06:35:02.387+0000][36436][gc,marking   ] GC(153) Concurrent Mark (8972.416s, 8972.585s) 169.271ms
[2020-10-06T06:35:02.388+0000][36436][gc,start     ] GC(153) Pause Remark
[2020-10-06T06:35:02.395+0000][36436][gc           ] GC(153) Pause Remark 616M->616M(1024M) 6.927ms
[2020-10-06T06:35:02.395+0000][36436][gc,cpu       ] GC(153) User=0.00s Sys=0.00s Real=0.01s
[2020-10-06T06:35:02.396+0000][36436][safepoint    ] Safepoint "G1Concurrent", Time since last: 173322200 ns, Reaching safepoint: 187600 ns, At safepoint: 8173100 ns, Total: 8360700 ns
[2020-10-06T06:35:02.396+0000][36436][gc,marking   ] GC(153) Concurrent Rebuild Remembered Sets
[2020-10-06T06:35:02.504+0000][36436][gc,marking   ] GC(153) Concurrent Rebuild Remembered Sets 107.796ms
[2020-10-06T06:35:02.504+0000][36436][gc,start     ] GC(153) Pause Cleanup
[2020-10-06T06:35:02.505+0000][36436][gc           ] GC(153) Pause Cleanup 873M->873M(1024M) 0.414ms
[2020-10-06T06:35:02.505+0000][36436][gc,cpu       ] GC(153) User=0.02s Sys=0.00s Real=0.00s
[2020-10-06T06:35:02.505+0000][36436][safepoint    ] Safepoint "G1Concurrent", Time since last: 108038100 ns, Reaching safepoint: 188400 ns, At safepoint: 1337600 ns, Total: 1526000 ns
[2020-10-06T06:35:02.506+0000][36436][gc,marking   ] GC(153) Concurrent Cleanup for Next Mark
[2020-10-06T06:35:02.508+0000][36436][gc,marking   ] GC(153) Concurrent Cleanup for Next Mark 2.078ms
[2020-10-06T06:35:02.508+0000][36436][gc           ] GC(153) Concurrent Cycle 293.652ms
[2020-10-06T06:35:02.508+0000][36436][gc,start     ] GC(154) Pause Young (Concurrent Start) (G1 Humongous Allocation)
[2020-10-06T06:35:02.509+0000][36436][gc,task      ] GC(154) Using 8 workers of 8 for evacuation
[2020-10-06T06:35:02.509+0000][36436][gc,age       ] GC(154) Desired survivor size 32505856 bytes, new threshold 15 (max threshold 15)
[2020-10-06T06:35:02.515+0000][36436][gc,age       ] GC(154) Age table with threshold 15 (max threshold 15)
[2020-10-06T06:35:02.515+0000][36436][gc,age       ] GC(154) - age   1:    3159344 bytes,    3159344 total
[2020-10-06T06:35:02.515+0000][36436][gc,age       ] GC(154) - age   2:       7072 bytes,    3166416 total
[2020-10-06T06:35:02.515+0000][36436][gc,age       ] GC(154) - age   3:      16048 bytes,    3182464 total
[2020-10-06T06:35:02.515+0000][36436][gc,age       ] GC(154) - age   4:      15680 bytes,    3198144 total
[2020-10-06T06:35:02.515+0000][36436][gc,age       ] GC(154) - age   5:        944 bytes,    3199088 total
[2020-10-06T06:35:02.515+0000][36436][gc,age       ] GC(154) - age   6:       2016 bytes,    3201104 total
[2020-10-06T06:35:02.515+0000][36436][gc,age       ] GC(154) - age   7:        552 bytes,    3201656 total
[2020-10-06T06:35:02.515+0000][36436][gc,age       ] GC(154) - age   8:       1640 bytes,    3203296 total
[2020-10-06T06:35:02.515+0000][36436][gc,age       ] GC(154) - age   9:      27408 bytes,    3230704 total
[2020-10-06T06:35:02.515+0000][36436][gc,age       ] GC(154) - age  10:       3120 bytes,    3233824 total
[2020-10-06T06:35:02.516+0000][36436][gc,age       ] GC(154) - age  11:        464 bytes,    3234288 total
[2020-10-06T06:35:02.516+0000][36436][gc,age       ] GC(154) - age  12:      10952 bytes,    3245240 total
[2020-10-06T06:35:02.516+0000][36436][gc,age       ] GC(154) - age  13:       2296 bytes,    3247536 total
[2020-10-06T06:35:02.516+0000][36436][gc,age       ] GC(154) - age  14:      21400 bytes,    3268936 total
[2020-10-06T06:35:02.516+0000][36436][gc,age       ] GC(154) - age  15:       2728 bytes,    3271664 total
[2020-10-06T06:35:02.516+0000][36436][gc,phases    ] GC(154)   Pre Evacuate Collection Set: 0.6ms
[2020-10-06T06:35:02.516+0000][36436][gc,phases    ] GC(154)   Merge Heap Roots: 0.2ms
[2020-10-06T06:35:02.516+0000][36436][gc,phases    ] GC(154)   Evacuate Collection Set: 3.2ms
[2020-10-06T06:35:02.516+0000][36436][gc,phases    ] GC(154)   Post Evacuate Collection Set: 2.2ms
[2020-10-06T06:35:02.516+0000][36436][gc,phases    ] GC(154)   Other: 1.2ms
[2020-10-06T06:35:02.516+0000][36436][gc,heap      ] GC(154) Eden regions: 149->0(490)
[2020-10-06T06:35:02.516+0000][36436][gc,heap      ] GC(154) Survivor regions: 14->4(62)
[2020-10-06T06:35:02.516+0000][36436][gc,heap      ] GC(154) Old regions: 77->77
[2020-10-06T06:35:02.516+0000][36436][gc,heap      ] GC(154) Archive regions: 0->0
[2020-10-06T06:35:02.516+0000][36436][gc,heap      ] GC(154) Humongous regions: 636->174
[2020-10-06T06:35:02.516+0000][36436][gc,metaspace ] GC(154) Metaspace: 87581K(93564K)->87581K(93564K) NonClass: 76452K(79996K)->76452K(79996K) Class: 11129K(13568K)->11129K(13568K)
[2020-10-06T06:35:02.516+0000][36436][gc           ] GC(154) Pause Young (Concurrent Start) (G1 Humongous Allocation) 874M->254M(1024M) 7.711ms
[2020-10-06T06:35:02.516+0000][36436][gc,cpu       ] GC(154) User=0.00s Sys=0.00s Real=0.01s
[2020-10-06T06:35:02.516+0000][36436][gc           ] GC(155) Concurrent Cycle
[2020-10-06T06:35:02.516+0000][36436][safepoint    ] Safepoint "G1TryInitiateConcMark", Time since last: 2767000 ns, Reaching safepoint: 192100 ns, At safepoint: 7926000 ns, Total: 8118100 ns
[2020-10-06T06:35:02.516+0000][36436][gc,marking   ] GC(155) Concurrent Clear Claimed Marks
[2020-10-06T06:35:02.517+0000][36436][gc,marking   ] GC(155) Concurrent Clear Claimed Marks 0.593ms
[2020-10-06T06:35:02.517+0000][36436][gc,marking   ] GC(155) Concurrent Scan Root Regions
[2020-10-06T06:35:02.521+0000][36436][gc,marking   ] GC(155) Concurrent Scan Root Regions 3.953ms
[2020-10-06T06:35:02.521+0000][36436][gc,marking   ] GC(155) Concurrent Mark (8972.719s)
[2020-10-06T06:35:02.521+0000][36436][gc,marking   ] GC(155) Concurrent Mark From Roots
[2020-10-06T06:35:02.521+0000][36436][gc,task      ] GC(155) Using 2 workers of 2 for marking
[2020-10-06T06:35:02.677+0000][36436][gc,marking   ] GC(155) Concurrent Mark From Roots 155.869ms
[2020-10-06T06:35:02.677+0000][36436][gc,marking   ] GC(155) Concurrent Preclean
[2020-10-06T06:35:02.678+0000][36436][gc,marking   ] GC(155) Concurrent Preclean 1.141ms
[2020-10-06T06:35:02.678+0000][36436][gc,marking   ] GC(155) Concurrent Mark (8972.719s, 8972.877s) 157.351ms
[2020-10-06T06:35:02.678+0000][36436][gc,start     ] GC(155) Pause Remark
[2020-10-06T06:35:02.685+0000][36436][gc           ] GC(155) Pause Remark 458M->458M(1024M) 6.943ms
[2020-10-06T06:35:02.686+0000][36436][gc,cpu       ] GC(155) User=0.00s Sys=0.00s Real=0.01s
[2020-10-06T06:35:02.686+0000][36436][safepoint    ] Safepoint "G1Concurrent", Time since last: 162381100 ns, Reaching safepoint: 232700 ns, At safepoint: 7378100 ns, Total: 7610800 ns
[2020-10-06T06:35:02.686+0000][36436][gc,marking   ] GC(155) Concurrent Rebuild Remembered Sets
[2020-10-06T06:35:02.780+0000][36436][gc,marking   ] GC(155) Concurrent Rebuild Remembered Sets 94.513ms
[2020-10-06T06:35:02.781+0000][36436][gc,start     ] GC(155) Pause Cleanup
[2020-10-06T06:35:02.781+0000][36436][gc           ] GC(155) Pause Cleanup 536M->536M(1024M) 0.347ms
[2020-10-06T06:35:02.781+0000][36436][gc,cpu       ] GC(155) User=0.00s Sys=0.00s Real=0.00s
[2020-10-06T06:35:02.781+0000][36436][safepoint    ] Safepoint "G1Concurrent", Time since last: 94771700 ns, Reaching safepoint: 165800 ns, At safepoint: 508400 ns, Total: 674200 ns
[2020-10-06T06:35:02.781+0000][36436][gc,marking   ] GC(155) Concurrent Cleanup for Next Mark
[2020-10-06T06:35:02.783+0000][36436][gc,marking   ] GC(155) Concurrent Cleanup for Next Mark 1.856ms
[2020-10-06T06:35:02.783+0000][36436][gc           ] GC(155) Concurrent Cycle 267.468ms
[2020-10-06T06:35:02.811+0000][36436][gc,start     ] GC(156) Pause Young (Concurrent Start) (G1 Humongous Allocation)
[2020-10-06T06:35:02.812+0000][36436][gc,task      ] GC(156) Using 8 workers of 8 for evacuation
[2020-10-06T06:35:02.812+0000][36436][gc,age       ] GC(156) Desired survivor size 32505856 bytes, new threshold 15 (max threshold 15)
[2020-10-06T06:35:02.816+0000][36436][gc,age       ] GC(156) Age table with threshold 15 (max threshold 15)
[2020-10-06T06:35:02.816+0000][36436][gc,age       ] GC(156) - age   1:    3759704 bytes,    3759704 total
[2020-10-06T06:35:02.816+0000][36436][gc,age       ] GC(156) - age   2:     203016 bytes,    3962720 total
[2020-10-06T06:35:02.816+0000][36436][gc,age       ] GC(156) - age   3:       6752 bytes,    3969472 total
[2020-10-06T06:35:02.816+0000][36436][gc,age       ] GC(156) - age   4:      14840 bytes,    3984312 total
[2020-10-06T06:35:02.816+0000][36436][gc,age       ] GC(156) - age   5:      15424 bytes,    3999736 total
[2020-10-06T06:35:02.816+0000][36436][gc,age       ] GC(156) - age   6:        528 bytes,    4000264 total
[2020-10-06T06:35:02.816+0000][36436][gc,age       ] GC(156) - age   7:       1696 bytes,    4001960 total
[2020-10-06T06:35:02.817+0000][36436][gc,age       ] GC(156) - age   8:        552 bytes,    4002512 total
[2020-10-06T06:35:02.817+0000][36436][gc,age       ] GC(156) - age   9:       1640 bytes,    4004152 total
[2020-10-06T06:35:02.817+0000][36436][gc,age       ] GC(156) - age  10:      27376 bytes,    4031528 total
[2020-10-06T06:35:02.817+0000][36436][gc,age       ] GC(156) - age  11:       2928 bytes,    4034456 total
[2020-10-06T06:35:02.817+0000][36436][gc,age       ] GC(156) - age  12:        432 bytes,    4034888 total
[2020-10-06T06:35:02.817+0000][36436][gc,age       ] GC(156) - age  13:      10856 bytes,    4045744 total
[2020-10-06T06:35:02.817+0000][36436][gc,age       ] GC(156) - age  14:       2232 bytes,    4047976 total
[2020-10-06T06:35:02.817+0000][36436][gc,age       ] GC(156) - age  15:      21368 bytes,    4069344 total
[2020-10-06T06:35:02.817+0000][36436][gc,phases    ] GC(156)   Pre Evacuate Collection Set: 0.5ms
[2020-10-06T06:35:02.817+0000][36436][gc,phases    ] GC(156)   Merge Heap Roots: 0.1ms
[2020-10-06T06:35:02.817+0000][36436][gc,phases    ] GC(156)   Evacuate Collection Set: 2.7ms
[2020-10-06T06:35:02.817+0000][36436][gc,phases    ] GC(156)   Post Evacuate Collection Set: 0.9ms
[2020-10-06T06:35:02.817+0000][36436][gc,phases    ] GC(156)   Other: 1.3ms
[2020-10-06T06:35:02.817+0000][36436][gc,heap      ] GC(156) Eden regions: 85->0(492)
[2020-10-06T06:35:02.817+0000][36436][gc,heap      ] GC(156) Survivor regions: 4->5(62)
[2020-10-06T06:35:02.817+0000][36436][gc,heap      ] GC(156) Old regions: 77->77
[2020-10-06T06:35:02.817+0000][36436][gc,heap      ] GC(156) Archive regions: 0->0
[2020-10-06T06:35:02.817+0000][36436][gc,heap      ] GC(156) Humongous regions: 380->174
[2020-10-06T06:35:02.818+0000][36436][gc,metaspace ] GC(156) Metaspace: 87586K(93564K)->87586K(93564K) NonClass: 76457K(79996K)->76457K(79996K) Class: 11129K(13568K)->11129K(13568K)
[2020-10-06T06:35:02.818+0000][36436][gc           ] GC(156) Pause Young (Concurrent Start) (G1 Humongous Allocation) 544M->254M(1024M) 6.278ms
[2020-10-06T06:35:02.818+0000][36436][gc,cpu       ] GC(156) User=0.03s Sys=0.02s Real=0.01s
[2020-10-06T06:35:02.818+0000][36436][gc           ] GC(157) Concurrent Cycle
[2020-10-06T06:35:02.818+0000][36436][safepoint    ] Safepoint "G1TryInitiateConcMark", Time since last: 30079700 ns, Reaching safepoint: 226700 ns, At safepoint: 6524400 ns, Total: 6751100 ns
[2020-10-06T06:35:02.818+0000][36436][gc,marking   ] GC(157) Concurrent Clear Claimed Marks
[2020-10-06T06:35:02.819+0000][36436][gc,marking   ] GC(157) Concurrent Clear Claimed Marks 0.723ms
[2020-10-06T06:35:02.819+0000][36436][gc,marking   ] GC(157) Concurrent Scan Root Regions
[2020-10-06T06:35:02.822+0000][36436][gc,marking   ] GC(157) Concurrent Scan Root Regions 3.425ms
[2020-10-06T06:35:02.822+0000][36436][gc,marking   ] GC(157) Concurrent Mark (8973.021s)
[2020-10-06T06:35:02.822+0000][36436][gc,marking   ] GC(157) Concurrent Mark From Roots
[2020-10-06T06:35:02.823+0000][36436][gc,task      ] GC(157) Using 2 workers of 2 for marking
[2020-10-06T06:35:02.988+0000][36436][gc,marking   ] GC(157) Concurrent Mark From Roots 165.332ms
[2020-10-06T06:35:02.988+0000][36436][gc,marking   ] GC(157) Concurrent Preclean
[2020-10-06T06:35:02.989+0000][36436][gc,marking   ] GC(157) Concurrent Preclean 0.976ms
[2020-10-06T06:35:02.989+0000][36436][gc,marking   ] GC(157) Concurrent Mark (8973.021s, 8973.188s) 166.556ms
[2020-10-06T06:35:02.990+0000][36436][gc,start     ] GC(157) Pause Remark
[2020-10-06T06:35:02.997+0000][36436][gc           ] GC(157) Pause Remark 389M->389M(1024M) 6.884ms
[2020-10-06T06:35:02.997+0000][36436][gc,cpu       ] GC(157) User=0.00s Sys=0.00s Real=0.01s
[2020-10-06T06:35:02.997+0000][36436][safepoint    ] Safepoint "G1Concurrent", Time since last: 171150000 ns, Reaching safepoint: 196500 ns, At safepoint: 7205100 ns, Total: 7401600 ns
[2020-10-06T06:35:02.997+0000][36436][gc,marking   ] GC(157) Concurrent Rebuild Remembered Sets
[2020-10-06T06:35:03.094+0000][36436][gc,marking   ] GC(157) Concurrent Rebuild Remembered Sets 97.116ms
[2020-10-06T06:35:03.095+0000][36436][gc,start     ] GC(157) Pause Cleanup
[2020-10-06T06:35:03.095+0000][36436][gc           ] GC(157) Pause Cleanup 451M->451M(1024M) 0.497ms
[2020-10-06T06:35:03.095+0000][36436][gc,cpu       ] GC(157) User=0.00s Sys=0.00s Real=0.00s
[2020-10-06T06:35:03.096+0000][36436][safepoint    ] Safepoint "G1Concurrent", Time since last: 97374500 ns, Reaching safepoint: 226100 ns, At safepoint: 1499300 ns, Total: 1725400 ns
[2020-10-06T06:35:03.096+0000][36436][gc,marking   ] GC(157) Concurrent Cleanup for Next Mark
[2020-10-06T06:35:03.098+0000][36436][gc,marking   ] GC(157) Concurrent Cleanup for Next Mark 2.136ms
[2020-10-06T06:35:03.099+0000][36436][gc           ] GC(157) Concurrent Cycle 280.182ms
[2020-10-06T06:35:03.190+0000][36436][gc,start     ] GC(158) Pause Young (Concurrent Start) (G1 Humongous Allocation)
[2020-10-06T06:35:03.190+0000][36436][gc,task      ] GC(158) Using 8 workers of 8 for evacuation
[2020-10-06T06:35:03.190+0000][36436][gc,age       ] GC(158) Desired survivor size 33030144 bytes, new threshold 15 (max threshold 15)
[2020-10-06T06:35:03.197+0000][36436][gc,age       ] GC(158) Age table with threshold 15 (max threshold 15)
[2020-10-06T06:35:03.197+0000][36436][gc,age       ] GC(158) - age   1:   13636688 bytes,   13636688 total
[2020-10-06T06:35:03.197+0000][36436][gc,age       ] GC(158) - age   2:       4008 bytes,   13640696 total
[2020-10-06T06:35:03.197+0000][36436][gc,age       ] GC(158) - age   3:       1512 bytes,   13642208 total
[2020-10-06T06:35:03.197+0000][36436][gc,age       ] GC(158) - age   4:       6104 bytes,   13648312 total
[2020-10-06T06:35:03.197+0000][36436][gc,age       ] GC(158) - age   5:      14680 bytes,   13662992 total
[2020-10-06T06:35:03.197+0000][36436][gc,age       ] GC(158) - age   6:      14904 bytes,   13677896 total
[2020-10-06T06:35:03.197+0000][36436][gc,age       ] GC(158) - age   7:        400 bytes,   13678296 total
[2020-10-06T06:35:03.197+0000][36436][gc,age       ] GC(158) - age   8:       1696 bytes,   13679992 total
[2020-10-06T06:35:03.197+0000][36436][gc,age       ] GC(158) - age   9:        552 bytes,   13680544 total
[2020-10-06T06:35:03.197+0000][36436][gc,age       ] GC(158) - age  10:       1640 bytes,   13682184 total
[2020-10-06T06:35:03.197+0000][36436][gc,age       ] GC(158) - age  11:      27336 bytes,   13709520 total
[2020-10-06T06:35:03.197+0000][36436][gc,age       ] GC(158) - age  12:       2800 bytes,   13712320 total
[2020-10-06T06:35:03.197+0000][36436][gc,age       ] GC(158) - age  13:        432 bytes,   13712752 total
[2020-10-06T06:35:03.197+0000][36436][gc,age       ] GC(158) - age  14:      10856 bytes,   13723608 total
[2020-10-06T06:35:03.197+0000][36436][gc,age       ] GC(158) - age  15:       2232 bytes,   13725840 total
[2020-10-06T06:35:03.197+0000][36436][gc,phases    ] GC(158)   Pre Evacuate Collection Set: 0.4ms
[2020-10-06T06:35:03.198+0000][36436][gc,phases    ] GC(158)   Merge Heap Roots: 0.1ms
[2020-10-06T06:35:03.198+0000][36436][gc,phases    ] GC(158)   Evacuate Collection Set: 5.0ms
[2020-10-06T06:35:03.198+0000][36436][gc,phases    ] GC(158)   Post Evacuate Collection Set: 1.1ms
[2020-10-06T06:35:03.198+0000][36436][gc,phases    ] GC(158)   Other: 1.3ms
[2020-10-06T06:35:03.198+0000][36436][gc,heap      ] GC(158) Eden regions: 83->0(477)
[2020-10-06T06:35:03.198+0000][36436][gc,heap      ] GC(158) Survivor regions: 5->14(63)
[2020-10-06T06:35:03.198+0000][36436][gc,heap      ] GC(158) Old regions: 77->77
[2020-10-06T06:35:03.198+0000][36436][gc,heap      ] GC(158) Archive regions: 0->0
[2020-10-06T06:35:03.198+0000][36436][gc,heap      ] GC(158) Humongous regions: 322->174
[2020-10-06T06:35:03.198+0000][36436][gc,metaspace ] GC(158) Metaspace: 87626K(93564K)->87626K(93564K) NonClass: 76497K(79996K)->76497K(79996K) Class: 11129K(13568K)->11129K(13568K)
[2020-10-06T06:35:03.198+0000][36436][gc           ] GC(158) Pause Young (Concurrent Start) (G1 Humongous Allocation) 485M->264M(1024M) 8.597ms
[2020-10-06T06:35:03.198+0000][36436][gc,cpu       ] GC(158) User=0.11s Sys=0.00s Real=0.01s
[2020-10-06T06:35:03.198+0000][36436][gc           ] GC(159) Concurrent Cycle
[2020-10-06T06:35:03.198+0000][36436][safepoint    ] Safepoint "G1TryInitiateConcMark", Time since last: 93533600 ns, Reaching safepoint: 245900 ns, At safepoint: 8837200 ns, Total: 9083100 ns
[2020-10-06T06:35:03.198+0000][36436][gc,marking   ] GC(159) Concurrent Clear Claimed Marks
[2020-10-06T06:35:03.199+0000][36436][gc,marking   ] GC(159) Concurrent Clear Claimed Marks 0.662ms
[2020-10-06T06:35:03.199+0000][36436][gc,marking   ] GC(159) Concurrent Scan Root Regions
[2020-10-06T06:35:03.204+0000][36436][gc,marking   ] GC(159) Concurrent Scan Root Regions 4.445ms
[2020-10-06T06:35:03.204+0000][36436][gc,marking   ] GC(159) Concurrent Mark (8973.402s)
[2020-10-06T06:35:03.204+0000][36436][gc,marking   ] GC(159) Concurrent Mark From Roots
[2020-10-06T06:35:03.204+0000][36436][gc,task      ] GC(159) Using 2 workers of 2 for marking
[2020-10-06T06:35:03.389+0000][36436][gc,marking   ] GC(159) Concurrent Mark From Roots 185.452ms
[2020-10-06T06:35:03.389+0000][36436][gc,marking   ] GC(159) Concurrent Preclean
[2020-10-06T06:35:03.390+0000][36436][gc,marking   ] GC(159) Concurrent Preclean 0.693ms
[2020-10-06T06:35:03.390+0000][36436][gc,marking   ] GC(159) Concurrent Mark (8973.402s, 8973.589s) 186.384ms
[2020-10-06T06:35:03.390+0000][36436][gc,start     ] GC(159) Pause Remark
[2020-10-06T06:35:03.397+0000][36436][gc           ] GC(159) Pause Remark 591M->591M(1024M) 6.770ms
[2020-10-06T06:35:03.397+0000][36436][gc,cpu       ] GC(159) User=0.11s Sys=0.00s Real=0.01s
[2020-10-06T06:35:03.398+0000][36436][safepoint    ] Safepoint "G1Concurrent", Time since last: 192005200 ns, Reaching safepoint: 224900 ns, At safepoint: 7065500 ns, Total: 7290400 ns
[2020-10-06T06:35:03.398+0000][36436][gc,marking   ] GC(159) Concurrent Rebuild Remembered Sets
[2020-10-06T06:35:03.503+0000][36436][gc,marking   ] GC(159) Concurrent Rebuild Remembered Sets 105.297ms
[2020-10-06T06:35:03.504+0000][36436][gc,start     ] GC(159) Pause Cleanup
[2020-10-06T06:35:03.504+0000][36436][gc           ] GC(159) Pause Cleanup 860M->860M(1024M) 0.374ms
[2020-10-06T06:35:03.504+0000][36436][gc,cpu       ] GC(159) User=0.00s Sys=0.00s Real=0.00s
[2020-10-06T06:35:03.504+0000][36436][safepoint    ] Safepoint "G1Concurrent", Time since last: 105540300 ns, Reaching safepoint: 184800 ns, At safepoint: 613200 ns, Total: 798000 ns
[2020-10-06T06:35:03.504+0000][36436][gc,marking   ] GC(159) Concurrent Cleanup for Next Mark
[2020-10-06T06:35:03.506+0000][36436][gc,marking   ] GC(159) Concurrent Cleanup for Next Mark 1.948ms
[2020-10-06T06:35:03.507+0000][36436][gc           ] GC(159) Concurrent Cycle 307.854ms
[2020-10-06T06:35:03.517+0000][36436][gc,start     ] GC(160) Pause Young (Concurrent Start) (G1 Humongous Allocation)
[2020-10-06T06:35:03.517+0000][36436][gc,task      ] GC(160) Using 8 workers of 8 for evacuation
[2020-10-06T06:35:03.517+0000][36436][gc,age       ] GC(160) Desired survivor size 32505856 bytes, new threshold 15 (max threshold 15)
[2020-10-06T06:35:03.522+0000][36436][gc,age       ] GC(160) Age table with threshold 15 (max threshold 15)
[2020-10-06T06:35:03.522+0000][36436][gc,age       ] GC(160) - age   1:    4051416 bytes,    4051416 total
[2020-10-06T06:35:03.522+0000][36436][gc,age       ] GC(160) - age   2:      23008 bytes,    4074424 total
[2020-10-06T06:35:03.522+0000][36436][gc,age       ] GC(160) - age   3:       3416 bytes,    4077840 total
[2020-10-06T06:35:03.522+0000][36436][gc,age       ] GC(160) - age   4:        824 bytes,    4078664 total
[2020-10-06T06:35:03.522+0000][36436][gc,age       ] GC(160) - age   5:       6072 bytes,    4084736 total
[2020-10-06T06:35:03.522+0000][36436][gc,age       ] GC(160) - age   6:      14680 bytes,    4099416 total
[2020-10-06T06:35:03.522+0000][36436][gc,age       ] GC(160) - age   7:      14840 bytes,    4114256 total
[2020-10-06T06:35:03.522+0000][36436][gc,age       ] GC(160) - age   8:        400 bytes,    4114656 total
[2020-10-06T06:35:03.522+0000][36436][gc,age       ] GC(160) - age   9:       1632 bytes,    4116288 total
[2020-10-06T06:35:03.522+0000][36436][gc,age       ] GC(160) - age  10:        552 bytes,    4116840 total
[2020-10-06T06:35:03.522+0000][36436][gc,age       ] GC(160) - age  11:       1640 bytes,    4118480 total
[2020-10-06T06:35:03.522+0000][36436][gc,age       ] GC(160) - age  12:      27336 bytes,    4145816 total
[2020-10-06T06:35:03.522+0000][36436][gc,age       ] GC(160) - age  13:       2800 bytes,    4148616 total
[2020-10-06T06:35:03.522+0000][36436][gc,age       ] GC(160) - age  14:        432 bytes,    4149048 total
[2020-10-06T06:35:03.522+0000][36436][gc,age       ] GC(160) - age  15:      10856 bytes,    4159904 total
[2020-10-06T06:35:03.522+0000][36436][gc,phases    ] GC(160)   Pre Evacuate Collection Set: 0.5ms
[2020-10-06T06:35:03.522+0000][36436][gc,phases    ] GC(160)   Merge Heap Roots: 0.1ms
[2020-10-06T06:35:03.522+0000][36436][gc,phases    ] GC(160)   Evacuate Collection Set: 2.4ms
[2020-10-06T06:35:03.522+0000][36436][gc,phases    ] GC(160)   Post Evacuate Collection Set: 1.2ms
[2020-10-06T06:35:03.522+0000][36436][gc,phases    ] GC(160)   Other: 1.1ms
[2020-10-06T06:35:03.522+0000][36436][gc,heap      ] GC(160) Eden regions: 142->0(488)
[2020-10-06T06:35:03.522+0000][36436][gc,heap      ] GC(160) Survivor regions: 14->5(62)
[2020-10-06T06:35:03.522+0000][36436][gc,heap      ] GC(160) Old regions: 77->77
[2020-10-06T06:35:03.523+0000][36436][gc,heap      ] GC(160) Archive regions: 0->0
[2020-10-06T06:35:03.523+0000][36436][gc,heap      ] GC(160) Humongous regions: 634->174
[2020-10-06T06:35:03.523+0000][36436][gc,metaspace ] GC(160) Metaspace: 87652K(93564K)->87652K(93564K) NonClass: 76523K(79996K)->76523K(79996K) Class: 11129K(13568K)->11129K(13568K)
[2020-10-06T06:35:03.523+0000][36436][gc           ] GC(160) Pause Young (Concurrent Start) (G1 Humongous Allocation) 866M->255M(1024M) 5.693ms
[2020-10-06T06:35:03.523+0000][36436][gc,cpu       ] GC(160) User=0.09s Sys=0.00s Real=0.01s
[2020-10-06T06:35:03.523+0000][36436][gc           ] GC(161) Concurrent Cycle
[2020-10-06T06:35:03.523+0000][36436][safepoint    ] Safepoint "G1TryInitiateConcMark", Time since last: 12408800 ns, Reaching safepoint: 174600 ns, At safepoint: 5908000 ns, Total: 6082600 ns
[2020-10-06T06:35:03.523+0000][36436][gc,marking   ] GC(161) Concurrent Clear Claimed Marks
[2020-10-06T06:35:03.523+0000][36436][gc,marking   ] GC(161) Concurrent Clear Claimed Marks 0.492ms
[2020-10-06T06:35:03.523+0000][36436][gc,marking   ] GC(161) Concurrent Scan Root Regions
[2020-10-06T06:35:03.526+0000][36436][gc,marking   ] GC(161) Concurrent Scan Root Regions 2.759ms
[2020-10-06T06:35:03.526+0000][36436][gc,marking   ] GC(161) Concurrent Mark (8973.725s)
[2020-10-06T06:35:03.526+0000][36436][gc,marking   ] GC(161) Concurrent Mark From Roots
[2020-10-06T06:35:03.526+0000][36436][gc,task      ] GC(161) Using 2 workers of 2 for marking
[2020-10-06T06:35:03.701+0000][36436][gc,marking   ] GC(161) Concurrent Mark From Roots 174.498ms
[2020-10-06T06:35:03.701+0000][36436][gc,marking   ] GC(161) Concurrent Preclean
[2020-10-06T06:35:03.703+0000][36436][gc,marking   ] GC(161) Concurrent Preclean 1.405ms
[2020-10-06T06:35:03.703+0000][36436][gc,marking   ] GC(161) Concurrent Mark (8973.725s, 8973.901s) 176.340ms
[2020-10-06T06:35:03.703+0000][36436][gc,start     ] GC(161) Pause Remark
[2020-10-06T06:35:03.711+0000][36436][gc           ] GC(161) Pause Remark 405M->405M(1024M) 7.516ms
[2020-10-06T06:35:03.711+0000][36436][gc,cpu       ] GC(161) User=0.11s Sys=0.00s Real=0.01s
[2020-10-06T06:35:03.711+0000][36436][safepoint    ] Safepoint "G1Concurrent", Time since last: 179985600 ns, Reaching safepoint: 340400 ns, At safepoint: 7861500 ns, Total: 8201900 ns
[2020-10-06T06:35:03.711+0000][36436][gc,marking   ] GC(161) Concurrent Rebuild Remembered Sets
[2020-10-06T06:35:03.817+0000][36436][gc,marking   ] GC(161) Concurrent Rebuild Remembered Sets 105.997ms
[2020-10-06T06:35:03.817+0000][36436][gc,start     ] GC(161) Pause Cleanup
[2020-10-06T06:35:03.818+0000][36436][gc           ] GC(161) Pause Cleanup 609M->609M(1024M) 0.403ms
[2020-10-06T06:35:03.818+0000][36436][gc,cpu       ] GC(161) User=0.02s Sys=0.03s Real=0.00s
[2020-10-06T06:35:03.818+0000][36436][safepoint    ] Safepoint "G1Concurrent", Time since last: 106239100 ns, Reaching safepoint: 218300 ns, At safepoint: 622300 ns, Total: 840600 ns
[2020-10-06T06:35:03.818+0000][36436][gc,marking   ] GC(161) Concurrent Cleanup for Next Mark
[2020-10-06T06:35:03.820+0000][36436][gc,marking   ] GC(161) Concurrent Cleanup for Next Mark 2.183ms
[2020-10-06T06:35:03.820+0000][36436][gc           ] GC(161) Concurrent Cycle 297.702ms
[2020-10-06T06:35:03.853+0000][36436][gc,start     ] GC(162) Pause Young (Concurrent Start) (G1 Humongous Allocation)
[2020-10-06T06:35:03.854+0000][36436][gc,task      ] GC(162) Using 8 workers of 8 for evacuation
[2020-10-06T06:35:03.854+0000][36436][gc,age       ] GC(162) Desired survivor size 32505856 bytes, new threshold 15 (max threshold 15)
[2020-10-06T06:35:03.858+0000][36436][gc,age       ] GC(162) Age table with threshold 15 (max threshold 15)
[2020-10-06T06:35:03.858+0000][36436][gc,age       ] GC(162) - age   1:    3515672 bytes,    3515672 total
[2020-10-06T06:35:03.858+0000][36436][gc,age       ] GC(162) - age   2:       3144 bytes,    3518816 total
[2020-10-06T06:35:03.858+0000][36436][gc,age       ] GC(162) - age   3:      22208 bytes,    3541024 total
[2020-10-06T06:35:03.858+0000][36436][gc,age       ] GC(162) - age   4:       2040 bytes,    3543064 total
[2020-10-06T06:35:03.858+0000][36436][gc,age       ] GC(162) - age   5:        648 bytes,    3543712 total
[2020-10-06T06:35:03.858+0000][36436][gc,age       ] GC(162) - age   6:       6072 bytes,    3549784 total
[2020-10-06T06:35:03.858+0000][36436][gc,age       ] GC(162) - age   7:      14680 bytes,    3564464 total
[2020-10-06T06:35:03.858+0000][36436][gc,age       ] GC(162) - age   8:      14776 bytes,    3579240 total
[2020-10-06T06:35:03.858+0000][36436][gc,age       ] GC(162) - age   9:        400 bytes,    3579640 total
[2020-10-06T06:35:03.858+0000][36436][gc,age       ] GC(162) - age  10:       1632 bytes,    3581272 total
[2020-10-06T06:35:03.858+0000][36436][gc,age       ] GC(162) - age  11:        552 bytes,    3581824 total
[2020-10-06T06:35:03.858+0000][36436][gc,age       ] GC(162) - age  12:       1640 bytes,    3583464 total
[2020-10-06T06:35:03.859+0000][36436][gc,age       ] GC(162) - age  13:      27336 bytes,    3610800 total
[2020-10-06T06:35:03.859+0000][36436][gc,age       ] GC(162) - age  14:       2704 bytes,    3613504 total
[2020-10-06T06:35:03.859+0000][36436][gc,age       ] GC(162) - age  15:        432 bytes,    3613936 total
[2020-10-06T06:35:03.859+0000][36436][gc,phases    ] GC(162)   Pre Evacuate Collection Set: 0.4ms
[2020-10-06T06:35:03.859+0000][36436][gc,phases    ] GC(162)   Merge Heap Roots: 0.1ms
[2020-10-06T06:35:03.859+0000][36436][gc,phases    ] GC(162)   Evacuate Collection Set: 2.5ms
[2020-10-06T06:35:03.859+0000][36436][gc,phases    ] GC(162)   Post Evacuate Collection Set: 0.9ms
[2020-10-06T06:35:03.859+0000][36436][gc,phases    ] GC(162)   Other: 1.3ms
[2020-10-06T06:35:03.859+0000][36436][gc,heap      ] GC(162) Eden regions: 108->0(491)
[2020-10-06T06:35:03.859+0000][36436][gc,heap      ] GC(162) Survivor regions: 5->4(62)
[2020-10-06T06:35:03.859+0000][36436][gc,heap      ] GC(162) Old regions: 77->77
[2020-10-06T06:35:03.859+0000][36436][gc,heap      ] GC(162) Archive regions: 0->0
[2020-10-06T06:35:03.859+0000][36436][gc,heap      ] GC(162) Humongous regions: 430->174
[2020-10-06T06:35:03.859+0000][36436][gc,metaspace ] GC(162) Metaspace: 87691K(93820K)->87691K(93820K) NonClass: 76561K(80252K)->76561K(80252K) Class: 11129K(13568K)->11129K(13568K)
[2020-10-06T06:35:03.859+0000][36436][gc           ] GC(162) Pause Young (Concurrent Start) (G1 Humongous Allocation) 618M->254M(1024M) 5.794ms
[2020-10-06T06:35:03.859+0000][36436][gc,cpu       ] GC(162) User=0.00s Sys=0.00s Real=0.01s
[2020-10-06T06:35:03.859+0000][36436][gc           ] GC(163) Concurrent Cycle
[2020-10-06T06:35:03.859+0000][36436][safepoint    ] Safepoint "G1TryInitiateConcMark", Time since last: 35181200 ns, Reaching safepoint: 197800 ns, At safepoint: 6044600 ns, Total: 6242400 ns
[2020-10-06T06:35:03.860+0000][36436][gc,marking   ] GC(163) Concurrent Clear Claimed Marks
[2020-10-06T06:35:03.860+0000][36436][gc,marking   ] GC(163) Concurrent Clear Claimed Marks 0.644ms
[2020-10-06T06:35:03.860+0000][36436][gc,marking   ] GC(163) Concurrent Scan Root Regions
[2020-10-06T06:35:03.863+0000][36436][gc,marking   ] GC(163) Concurrent Scan Root Regions 3.068ms
[2020-10-06T06:35:03.864+0000][36436][gc,marking   ] GC(163) Concurrent Mark (8974.062s)
[2020-10-06T06:35:03.864+0000][36436][gc,marking   ] GC(163) Concurrent Mark From Roots
[2020-10-06T06:35:03.864+0000][36436][gc,task      ] GC(163) Using 2 workers of 2 for marking
[2020-10-06T06:35:03.974+0000][36436][safepoint    ] Safepoint "BulkRevokeBias", Time since last: 112366000 ns, Reaching safepoint: 202900 ns, At safepoint: 2223400 ns, Total: 2426300 ns
[2020-10-06T06:35:04.043+0000][36436][gc,marking   ] GC(163) Concurrent Mark From Roots 179.803ms
[2020-10-06T06:35:04.044+0000][36436][gc,marking   ] GC(163) Concurrent Preclean
[2020-10-06T06:35:04.045+0000][36436][gc,marking   ] GC(163) Concurrent Preclean 0.965ms
[2020-10-06T06:35:04.045+0000][36436][gc,marking   ] GC(163) Concurrent Mark (8974.062s, 8974.243s) 181.058ms
[2020-10-06T06:35:04.045+0000][36436][gc,start     ] GC(163) Pause Remark
[2020-10-06T06:35:04.052+0000][36436][gc           ] GC(163) Pause Remark 521M->521M(1024M) 6.532ms
[2020-10-06T06:35:04.052+0000][36436][gc,cpu       ] GC(163) User=0.09s Sys=0.00s Real=0.01s
[2020-10-06T06:35:04.053+0000][36436][safepoint    ] Safepoint "G1Concurrent", Time since last: 70469500 ns, Reaching safepoint: 674100 ns, At safepoint: 7765800 ns, Total: 8439900 ns
[2020-10-06T06:35:04.053+0000][36436][gc,marking   ] GC(163) Concurrent Rebuild Remembered Sets
[2020-10-06T06:35:04.158+0000][36436][gc,marking   ] GC(163) Concurrent Rebuild Remembered Sets 104.768ms
[2020-10-06T06:35:04.162+0000][36436][gc,start     ] GC(163) Pause Cleanup
[2020-10-06T06:35:04.162+0000][36436][gc           ] GC(163) Pause Cleanup 600M->600M(1024M) 0.390ms
[2020-10-06T06:35:04.162+0000][36436][gc,cpu       ] GC(163) User=0.00s Sys=0.00s Real=0.00s
[2020-10-06T06:35:04.162+0000][36436][safepoint    ] Safepoint "G1Concurrent", Time since last: 105003400 ns, Reaching safepoint: 3524600 ns, At safepoint: 656900 ns, Total: 4181500 ns
[2020-10-06T06:35:04.162+0000][36436][gc,marking   ] GC(163) Concurrent Cleanup for Next Mark
[2020-10-06T06:35:04.164+0000][36436][gc,marking   ] GC(163) Concurrent Cleanup for Next Mark 1.686ms
[2020-10-06T06:35:04.164+0000][36436][gc           ] GC(163) Concurrent Cycle 304.868ms
[2020-10-06T06:35:04.225+0000][36436][gc,start     ] GC(164) Pause Young (Concurrent Start) (G1 Humongous Allocation)
[2020-10-06T06:35:04.226+0000][36436][gc,task      ] GC(164) Using 8 workers of 8 for evacuation
[2020-10-06T06:35:04.226+0000][36436][gc,age       ] GC(164) Desired survivor size 32505856 bytes, new threshold 15 (max threshold 15)
[2020-10-06T06:35:04.231+0000][36436][gc,age       ] GC(164) Age table with threshold 15 (max threshold 15)
[2020-10-06T06:35:04.231+0000][36436][gc,age       ] GC(164) - age   1:    3513584 bytes,    3513584 total
[2020-10-06T06:35:04.231+0000][36436][gc,age       ] GC(164) - age   2:       4304 bytes,    3517888 total
[2020-10-06T06:35:04.231+0000][36436][gc,age       ] GC(164) - age   3:       2440 bytes,    3520328 total
[2020-10-06T06:35:04.231+0000][36436][gc,age       ] GC(164) - age   4:      22008 bytes,    3542336 total
[2020-10-06T06:35:04.231+0000][36436][gc,age       ] GC(164) - age   5:       2040 bytes,    3544376 total
[2020-10-06T06:35:04.231+0000][36436][gc,age       ] GC(164) - age   6:        648 bytes,    3545024 total
[2020-10-06T06:35:04.231+0000][36436][gc,age       ] GC(164) - age   7:       6072 bytes,    3551096 total
[2020-10-06T06:35:04.231+0000][36436][gc,age       ] GC(164) - age   8:      14680 bytes,    3565776 total
[2020-10-06T06:35:04.231+0000][36436][gc,age       ] GC(164) - age   9:      14776 bytes,    3580552 total
[2020-10-06T06:35:04.231+0000][36436][gc,age       ] GC(164) - age  10:        400 bytes,    3580952 total
[2020-10-06T06:35:04.231+0000][36436][gc,age       ] GC(164) - age  11:       1632 bytes,    3582584 total
[2020-10-06T06:35:04.231+0000][36436][gc,age       ] GC(164) - age  12:        552 bytes,    3583136 total
[2020-10-06T06:35:04.231+0000][36436][gc,age       ] GC(164) - age  13:       1640 bytes,    3584776 total
[2020-10-06T06:35:04.231+0000][36436][gc,age       ] GC(164) - age  14:      27336 bytes,    3612112 total
[2020-10-06T06:35:04.231+0000][36436][gc,age       ] GC(164) - age  15:       2704 bytes,    3614816 total
[2020-10-06T06:35:04.232+0000][36436][gc,phases    ] GC(164)   Pre Evacuate Collection Set: 0.6ms
[2020-10-06T06:35:04.232+0000][36436][gc,phases    ] GC(164)   Merge Heap Roots: 0.1ms
[2020-10-06T06:35:04.232+0000][36436][gc,phases    ] GC(164)   Evacuate Collection Set: 2.8ms
[2020-10-06T06:35:04.232+0000][36436][gc,phases    ] GC(164)   Post Evacuate Collection Set: 1.3ms
[2020-10-06T06:35:04.232+0000][36436][gc,phases    ] GC(164)   Other: 1.4ms
[2020-10-06T06:35:04.232+0000][36436][gc,heap      ] GC(164) Eden regions: 98->0(493)
[2020-10-06T06:35:04.232+0000][36436][gc,heap      ] GC(164) Survivor regions: 4->4(62)
[2020-10-06T06:35:04.232+0000][36436][gc,heap      ] GC(164) Old regions: 77->77
[2020-10-06T06:35:04.232+0000][36436][gc,heap      ] GC(164) Archive regions: 0->0
[2020-10-06T06:35:04.232+0000][36436][gc,heap      ] GC(164) Humongous regions: 430->174
[2020-10-06T06:35:04.232+0000][36436][gc,metaspace ] GC(164) Metaspace: 87704K(93820K)->87704K(93820K) NonClass: 76575K(80252K)->76575K(80252K) Class: 11129K(13568K)->11129K(13568K)
[2020-10-06T06:35:04.232+0000][36436][gc           ] GC(164) Pause Young (Concurrent Start) (G1 Humongous Allocation) 608M->254M(1024M) 6.664ms
[2020-10-06T06:35:04.232+0000][36436][gc,cpu       ] GC(164) User=0.00s Sys=0.00s Real=0.01s
[2020-10-06T06:35:04.232+0000][36436][gc           ] GC(165) Concurrent Cycle
[2020-10-06T06:35:04.232+0000][36436][safepoint    ] Safepoint "G1TryInitiateConcMark", Time since last: 62804300 ns, Reaching safepoint: 217600 ns, At safepoint: 6916200 ns, Total: 7133800 ns
[2020-10-06T06:35:04.232+0000][36436][gc,marking   ] GC(165) Concurrent Clear Claimed Marks
[2020-10-06T06:35:04.233+0000][36436][gc,marking   ] GC(165) Concurrent Clear Claimed Marks 0.675ms
[2020-10-06T06:35:04.233+0000][36436][gc,marking   ] GC(165) Concurrent Scan Root Regions
[2020-10-06T06:35:04.235+0000][36436][gc,marking   ] GC(165) Concurrent Scan Root Regions 1.998ms
[2020-10-06T06:35:04.235+0000][36436][gc,marking   ] GC(165) Concurrent Mark (8974.434s)
[2020-10-06T06:35:04.235+0000][36436][gc,marking   ] GC(165) Concurrent Mark From Roots
[2020-10-06T06:35:04.235+0000][36436][gc,task      ] GC(165) Using 2 workers of 2 for marking
[2020-10-06T06:35:04.430+0000][36436][gc,marking   ] GC(165) Concurrent Mark From Roots 194.336ms
[2020-10-06T06:35:04.430+0000][36436][gc,marking   ] GC(165) Concurrent Preclean
[2020-10-06T06:35:04.431+0000][36436][gc,marking   ] GC(165) Concurrent Preclean 1.049ms
[2020-10-06T06:35:04.431+0000][36436][gc,marking   ] GC(165) Concurrent Mark (8974.434s, 8974.629s) 195.640ms
[2020-10-06T06:35:04.431+0000][36436][gc,start     ] GC(165) Pause Remark
[2020-10-06T06:35:04.438+0000][36436][gc           ] GC(165) Pause Remark 328M->328M(1024M) 6.565ms
[2020-10-06T06:35:04.438+0000][36436][gc,cpu       ] GC(165) User=0.00s Sys=0.00s Real=0.01s
[2020-10-06T06:35:04.439+0000][36436][safepoint    ] Safepoint "G1Concurrent", Time since last: 198775300 ns, Reaching safepoint: 167600 ns, At safepoint: 7710800 ns, Total: 7878400 ns
[2020-10-06T06:35:04.439+0000][36436][gc,marking   ] GC(165) Concurrent Rebuild Remembered Sets
[2020-10-06T06:35:04.550+0000][36436][gc,marking   ] GC(165) Concurrent Rebuild Remembered Sets 111.375ms
[2020-10-06T06:35:04.551+0000][36436][gc,start     ] GC(165) Pause Cleanup
[2020-10-06T06:35:04.552+0000][36436][gc           ] GC(165) Pause Cleanup 509M->509M(1024M) 0.617ms
[2020-10-06T06:35:04.552+0000][36436][gc,cpu       ] GC(165) User=0.08s Sys=0.02s Real=0.00s
[2020-10-06T06:35:04.553+0000][36436][safepoint    ] Safepoint "G1Concurrent", Time since last: 111760100 ns, Reaching safepoint: 471800 ns, At safepoint: 1673400 ns, Total: 2145200 ns
[2020-10-06T06:35:04.553+0000][36436][gc,marking   ] GC(165) Concurrent Cleanup for Next Mark
[2020-10-06T06:35:04.555+0000][36436][gc,marking   ] GC(165) Concurrent Cleanup for Next Mark 1.902ms
[2020-10-06T06:35:04.555+0000][36436][gc           ] GC(165) Concurrent Cycle 322.766ms
[2020-10-06T06:35:04.555+0000][36436][gc,start     ] GC(166) Pause Young (Concurrent Start) (G1 Humongous Allocation)
[2020-10-06T06:35:04.556+0000][36436][gc,task      ] GC(166) Using 8 workers of 8 for evacuation
[2020-10-06T06:35:04.556+0000][36436][gc,age       ] GC(166) Desired survivor size 33030144 bytes, new threshold 15 (max threshold 15)
[2020-10-06T06:35:04.561+0000][36436][gc,age       ] GC(166) Age table with threshold 15 (max threshold 15)
[2020-10-06T06:35:04.561+0000][36436][gc,age       ] GC(166) - age   1:    7835112 bytes,    7835112 total
[2020-10-06T06:35:04.561+0000][36436][gc,age       ] GC(166) - age   2:       2456 bytes,    7837568 total
[2020-10-06T06:35:04.561+0000][36436][gc,age       ] GC(166) - age   3:       3384 bytes,    7840952 total
[2020-10-06T06:35:04.561+0000][36436][gc,age       ] GC(166) - age   4:       2008 bytes,    7842960 total
[2020-10-06T06:35:04.561+0000][36436][gc,age       ] GC(166) - age   5:      21944 bytes,    7864904 total
[2020-10-06T06:35:04.561+0000][36436][gc,age       ] GC(166) - age   6:       2040 bytes,    7866944 total
[2020-10-06T06:35:04.561+0000][36436][gc,age       ] GC(166) - age   7:        616 bytes,    7867560 total
[2020-10-06T06:35:04.561+0000][36436][gc,age       ] GC(166) - age   8:       6072 bytes,    7873632 total
[2020-10-06T06:35:04.561+0000][36436][gc,age       ] GC(166) - age   9:      14680 bytes,    7888312 total
[2020-10-06T06:35:04.561+0000][36436][gc,age       ] GC(166) - age  10:      14776 bytes,    7903088 total
[2020-10-06T06:35:04.561+0000][36436][gc,age       ] GC(166) - age  11:        400 bytes,    7903488 total
[2020-10-06T06:35:04.561+0000][36436][gc,age       ] GC(166) - age  12:       1632 bytes,    7905120 total
[2020-10-06T06:35:04.561+0000][36436][gc,age       ] GC(166) - age  13:        552 bytes,    7905672 total
[2020-10-06T06:35:04.561+0000][36436][gc,age       ] GC(166) - age  14:       1640 bytes,    7907312 total
[2020-10-06T06:35:04.561+0000][36436][gc,age       ] GC(166) - age  15:      27336 bytes,    7934648 total
[2020-10-06T06:35:04.562+0000][36436][gc,phases    ] GC(166)   Pre Evacuate Collection Set: 0.5ms
[2020-10-06T06:35:04.562+0000][36436][gc,phases    ] GC(166)   Merge Heap Roots: 0.1ms
[2020-10-06T06:35:04.562+0000][36436][gc,phases    ] GC(166)   Evacuate Collection Set: 2.9ms
[2020-10-06T06:35:04.562+0000][36436][gc,phases    ] GC(166)   Post Evacuate Collection Set: 1.2ms
[2020-10-06T06:35:04.562+0000][36436][gc,phases    ] GC(166)   Other: 1.7ms
[2020-10-06T06:35:04.562+0000][36436][gc,heap      ] GC(166) Eden regions: 55->0(487)
[2020-10-06T06:35:04.562+0000][36436][gc,heap      ] GC(166) Survivor regions: 4->8(63)
[2020-10-06T06:35:04.562+0000][36436][gc,heap      ] GC(166) Old regions: 77->77
[2020-10-06T06:35:04.562+0000][36436][gc,heap      ] GC(166) Archive regions: 0->0
[2020-10-06T06:35:04.562+0000][36436][gc,heap      ] GC(166) Humongous regions: 377->174
[2020-10-06T06:35:04.563+0000][36436][gc,metaspace ] GC(166) Metaspace: 87717K(93820K)->87717K(93820K) NonClass: 76588K(80252K)->76588K(80252K) Class: 11129K(13568K)->11129K(13568K)
[2020-10-06T06:35:04.563+0000][36436][gc           ] GC(166) Pause Young (Concurrent Start) (G1 Humongous Allocation) 512M->258M(1024M) 7.120ms
[2020-10-06T06:35:04.563+0000][36436][gc,cpu       ] GC(166) User=0.00s Sys=0.00s Real=0.01s
[2020-10-06T06:35:04.563+0000][36436][gc           ] GC(167) Concurrent Cycle
[2020-10-06T06:35:04.563+0000][36436][gc,marking   ] GC(167) Concurrent Clear Claimed Marks
[2020-10-06T06:35:04.563+0000][36436][safepoint    ] Safepoint "G1TryInitiateConcMark", Time since last: 2319400 ns, Reaching safepoint: 238100 ns, At safepoint: 7487100 ns, Total: 7725200 ns
[2020-10-06T06:35:04.563+0000][36436][gc,marking   ] GC(167) Concurrent Clear Claimed Marks 0.653ms
[2020-10-06T06:35:04.564+0000][36436][gc,marking   ] GC(167) Concurrent Scan Root Regions
[2020-10-06T06:35:04.567+0000][36436][gc,marking   ] GC(167) Concurrent Scan Root Regions 3.302ms
[2020-10-06T06:35:04.567+0000][36436][gc,marking   ] GC(167) Concurrent Mark (8974.765s)
[2020-10-06T06:35:04.567+0000][36436][gc,marking   ] GC(167) Concurrent Mark From Roots
[2020-10-06T06:35:04.567+0000][36436][gc,task      ] GC(167) Using 2 workers of 2 for marking
[2020-10-06T06:35:04.784+0000][36436][gc,marking   ] GC(167) Concurrent Mark From Roots 216.962ms
[2020-10-06T06:35:04.784+0000][36436][gc,marking   ] GC(167) Concurrent Preclean
[2020-10-06T06:35:04.785+0000][36436][gc,marking   ] GC(167) Concurrent Preclean 1.097ms
[2020-10-06T06:35:04.785+0000][36436][gc,marking   ] GC(167) Concurrent Mark (8974.765s, 8974.984s) 218.316ms
[2020-10-06T06:35:04.786+0000][36436][gc,start     ] GC(167) Pause Remark
[2020-10-06T06:35:04.797+0000][36436][gc           ] GC(167) Pause Remark 405M->405M(1024M) 11.048ms
[2020-10-06T06:35:04.797+0000][36436][gc,cpu       ] GC(167) User=0.00s Sys=0.00s Real=0.01s
[2020-10-06T06:35:04.798+0000][36436][safepoint    ] Safepoint "G1Concurrent", Time since last: 222637200 ns, Reaching safepoint: 563200 ns, At safepoint: 11990100 ns, Total: 12553300 ns
[2020-10-06T06:35:04.798+0000][36436][gc,marking   ] GC(167) Concurrent Rebuild Remembered Sets
[2020-10-06T06:35:04.920+0000][36436][gc,marking   ] GC(167) Concurrent Rebuild Remembered Sets 121.970ms
[2020-10-06T06:35:04.921+0000][36436][gc,start     ] GC(167) Pause Cleanup
[2020-10-06T06:35:04.922+0000][36436][gc           ] GC(167) Pause Cleanup 417M->417M(1024M) 0.744ms
[2020-10-06T06:35:04.922+0000][36436][gc,cpu       ] GC(167) User=0.00s Sys=0.00s Real=0.00s
[2020-10-06T06:35:04.922+0000][36436][safepoint    ] Safepoint "G1Concurrent", Time since last: 122329600 ns, Reaching safepoint: 384200 ns, At safepoint: 1101400 ns, Total: 1485600 ns
[2020-10-06T06:35:04.922+0000][36436][gc,marking   ] GC(167) Concurrent Cleanup for Next Mark
[2020-10-06T06:35:04.924+0000][36436][gc,marking   ] GC(167) Concurrent Cleanup for Next Mark 2.011ms
[2020-10-06T06:35:04.924+0000][36436][gc           ] GC(167) Concurrent Cycle 361.352ms
[2020-10-06T06:35:05.025+0000][36436][gc,start     ] GC(168) Pause Young (Concurrent Start) (G1 Humongous Allocation)
[2020-10-06T06:35:05.025+0000][36436][gc,task      ] GC(168) Using 8 workers of 8 for evacuation
[2020-10-06T06:35:05.025+0000][36436][gc,age       ] GC(168) Desired survivor size 32505856 bytes, new threshold 15 (max threshold 15)
[2020-10-06T06:35:05.030+0000][36436][gc,age       ] GC(168) Age table with threshold 15 (max threshold 15)
[2020-10-06T06:35:05.030+0000][36436][gc,age       ] GC(168) - age   1:    5743128 bytes,    5743128 total
[2020-10-06T06:35:05.031+0000][36436][gc,age       ] GC(168) - age   2:       2376 bytes,    5745504 total
[2020-10-06T06:35:05.031+0000][36436][gc,age       ] GC(168) - age   3:       1152 bytes,    5746656 total
[2020-10-06T06:35:05.031+0000][36436][gc,age       ] GC(168) - age   4:       2056 bytes,    5748712 total
[2020-10-06T06:35:05.031+0000][36436][gc,age       ] GC(168) - age   5:       2008 bytes,    5750720 total
[2020-10-06T06:35:05.031+0000][36436][gc,age       ] GC(168) - age   6:      21944 bytes,    5772664 total
[2020-10-06T06:35:05.031+0000][36436][gc,age       ] GC(168) - age   7:       1976 bytes,    5774640 total
[2020-10-06T06:35:05.031+0000][36436][gc,age       ] GC(168) - age   8:        616 bytes,    5775256 total
[2020-10-06T06:35:05.031+0000][36436][gc,age       ] GC(168) - age   9:       6040 bytes,    5781296 total
[2020-10-06T06:35:05.031+0000][36436][gc,age       ] GC(168) - age  10:      14680 bytes,    5795976 total
[2020-10-06T06:35:05.031+0000][36436][gc,age       ] GC(168) - age  11:      14712 bytes,    5810688 total
[2020-10-06T06:35:05.031+0000][36436][gc,age       ] GC(168) - age  12:        368 bytes,    5811056 total
[2020-10-06T06:35:05.031+0000][36436][gc,age       ] GC(168) - age  13:       1632 bytes,    5812688 total
[2020-10-06T06:35:05.031+0000][36436][gc,age       ] GC(168) - age  14:        552 bytes,    5813240 total
[2020-10-06T06:35:05.031+0000][36436][gc,age       ] GC(168) - age  15:       1640 bytes,    5814880 total
[2020-10-06T06:35:05.031+0000][36436][gc,phases    ] GC(168)   Pre Evacuate Collection Set: 0.6ms
[2020-10-06T06:35:05.031+0000][36436][gc,phases    ] GC(168)   Merge Heap Roots: 0.1ms
[2020-10-06T06:35:05.031+0000][36436][gc,phases    ] GC(168)   Evacuate Collection Set: 3.6ms
[2020-10-06T06:35:05.031+0000][36436][gc,phases    ] GC(168)   Post Evacuate Collection Set: 0.9ms
[2020-10-06T06:35:05.031+0000][36436][gc,phases    ] GC(168)   Other: 1.3ms
[2020-10-06T06:35:05.031+0000][36436][gc,heap      ] GC(168) Eden regions: 75->0(488)
[2020-10-06T06:35:05.031+0000][36436][gc,heap      ] GC(168) Survivor regions: 8->7(62)
[2020-10-06T06:35:05.032+0000][36436][gc,heap      ] GC(168) Old regions: 77->77
[2020-10-06T06:35:05.032+0000][36436][gc,heap      ] GC(168) Archive regions: 0->0
[2020-10-06T06:35:05.032+0000][36436][gc,heap      ] GC(168) Humongous regions: 279->174
[2020-10-06T06:35:05.032+0000][36436][gc,metaspace ] GC(168) Metaspace: 87741K(93820K)->87741K(93820K) NonClass: 76611K(80252K)->76611K(80252K) Class: 11129K(13568K)->11129K(13568K)
[2020-10-06T06:35:05.032+0000][36436][gc           ] GC(168) Pause Young (Concurrent Start) (G1 Humongous Allocation) 438M->256M(1024M) 7.026ms
[2020-10-06T06:35:05.032+0000][36436][gc,cpu       ] GC(168) User=0.00s Sys=0.00s Real=0.01s
[2020-10-06T06:35:05.032+0000][36436][gc           ] GC(169) Concurrent Cycle
[2020-10-06T06:35:05.032+0000][36436][gc,marking   ] GC(169) Concurrent Clear Claimed Marks
[2020-10-06T06:35:05.032+0000][36436][safepoint    ] Safepoint "G1TryInitiateConcMark", Time since last: 101566600 ns, Reaching safepoint: 1262100 ns, At safepoint: 7666700 ns, Total: 8928800 ns
[2020-10-06T06:35:05.032+0000][36436][gc,marking   ] GC(169) Concurrent Clear Claimed Marks 0.364ms
[2020-10-06T06:35:05.032+0000][36436][gc,marking   ] GC(169) Concurrent Scan Root Regions
[2020-10-06T06:35:05.034+0000][36436][gc,marking   ] GC(169) Concurrent Scan Root Regions 2.008ms
[2020-10-06T06:35:05.035+0000][36436][gc,marking   ] GC(169) Concurrent Mark (8975.233s)
[2020-10-06T06:35:05.035+0000][36436][gc,marking   ] GC(169) Concurrent Mark From Roots
[2020-10-06T06:35:05.035+0000][36436][gc,task      ] GC(169) Using 2 workers of 2 for marking
[2020-10-06T06:35:05.227+0000][36436][gc,marking   ] GC(169) Concurrent Mark From Roots 192.529ms
[2020-10-06T06:35:05.227+0000][36436][gc,marking   ] GC(169) Concurrent Preclean
[2020-10-06T06:35:05.228+0000][36436][gc,marking   ] GC(169) Concurrent Preclean 0.976ms
[2020-10-06T06:35:05.228+0000][36436][gc,marking   ] GC(169) Concurrent Mark (8975.233s, 8975.427s) 193.769ms
[2020-10-06T06:35:05.232+0000][36436][gc,start     ] GC(169) Pause Remark
[2020-10-06T06:35:05.238+0000][36436][gc           ] GC(169) Pause Remark 510M->510M(1024M) 6.516ms
[2020-10-06T06:35:05.238+0000][36436][gc,cpu       ] GC(169) User=0.00s Sys=0.00s Real=0.01s
[2020-10-06T06:35:05.238+0000][36436][safepoint    ] Safepoint "G1Concurrent", Time since last: 196182800 ns, Reaching safepoint: 3168100 ns, At safepoint: 6782900 ns, Total: 9951000 ns
[2020-10-06T06:35:05.239+0000][36436][gc,marking   ] GC(169) Concurrent Rebuild Remembered Sets
[2020-10-06T06:35:05.347+0000][36436][gc,marking   ] GC(169) Concurrent Rebuild Remembered Sets 108.592ms
[2020-10-06T06:35:05.350+0000][36436][gc,start     ] GC(169) Pause Cleanup
[2020-10-06T06:35:05.350+0000][36436][gc           ] GC(169) Pause Cleanup 516M->516M(1024M) 0.409ms
[2020-10-06T06:35:05.350+0000][36436][gc,cpu       ] GC(169) User=0.00s Sys=0.00s Real=0.00s
[2020-10-06T06:35:05.352+0000][36436][safepoint    ] Safepoint "G1Concurrent", Time since last: 108842300 ns, Reaching safepoint: 2353400 ns, At safepoint: 2519000 ns, Total: 4872400 ns
[2020-10-06T06:35:05.352+0000][36436][gc,marking   ] GC(169) Concurrent Cleanup for Next Mark
[2020-10-06T06:35:05.355+0000][36436][gc,marking   ] GC(169) Concurrent Cleanup for Next Mark 2.215ms
[2020-10-06T06:35:05.355+0000][36436][gc           ] GC(169) Concurrent Cycle 322.755ms
[2020-10-06T06:35:05.382+0000][36436][gc,start     ] GC(170) Pause Young (Concurrent Start) (G1 Humongous Allocation)
[2020-10-06T06:35:05.382+0000][36436][gc,task      ] GC(170) Using 8 workers of 8 for evacuation
[2020-10-06T06:35:05.382+0000][36436][gc,age       ] GC(170) Desired survivor size 32505856 bytes, new threshold 15 (max threshold 15)
[2020-10-06T06:35:05.389+0000][36436][gc,age       ] GC(170) Age table with threshold 15 (max threshold 15)
[2020-10-06T06:35:05.389+0000][36436][gc,age       ] GC(170) - age   1:     757752 bytes,     757752 total
[2020-10-06T06:35:05.389+0000][36436][gc,age       ] GC(170) - age   2:    2455560 bytes,    3213312 total
[2020-10-06T06:35:05.389+0000][36436][gc,age       ] GC(170) - age   3:       1384 bytes,    3214696 total
[2020-10-06T06:35:05.389+0000][36436][gc,age       ] GC(170) - age   4:       1152 bytes,    3215848 total
[2020-10-06T06:35:05.389+0000][36436][gc,age       ] GC(170) - age   5:       2056 bytes,    3217904 total
[2020-10-06T06:35:05.389+0000][36436][gc,age       ] GC(170) - age   6:       1976 bytes,    3219880 total
[2020-10-06T06:35:05.389+0000][36436][gc,age       ] GC(170) - age   7:      21944 bytes,    3241824 total
[2020-10-06T06:35:05.389+0000][36436][gc,age       ] GC(170) - age   8:       1976 bytes,    3243800 total
[2020-10-06T06:35:05.389+0000][36436][gc,age       ] GC(170) - age   9:        616 bytes,    3244416 total
[2020-10-06T06:35:05.389+0000][36436][gc,age       ] GC(170) - age  10:       6040 bytes,    3250456 total
[2020-10-06T06:35:05.389+0000][36436][gc,age       ] GC(170) - age  11:      14680 bytes,    3265136 total
[2020-10-06T06:35:05.389+0000][36436][gc,age       ] GC(170) - age  12:      14680 bytes,    3279816 total
[2020-10-06T06:35:05.389+0000][36436][gc,age       ] GC(170) - age  13:        368 bytes,    3280184 total
[2020-10-06T06:35:05.389+0000][36436][gc,age       ] GC(170) - age  14:       1632 bytes,    3281816 total
[2020-10-06T06:35:05.390+0000][36436][gc,age       ] GC(170) - age  15:        552 bytes,    3282368 total
[2020-10-06T06:35:05.390+0000][36436][gc,phases    ] GC(170)   Pre Evacuate Collection Set: 0.5ms
[2020-10-06T06:35:05.390+0000][36436][gc,phases    ] GC(170)   Merge Heap Roots: 0.1ms
[2020-10-06T06:35:05.390+0000][36436][gc,phases    ] GC(170)   Evacuate Collection Set: 5.3ms
[2020-10-06T06:35:05.390+0000][36436][gc,phases    ] GC(170)   Post Evacuate Collection Set: 0.9ms
[2020-10-06T06:35:05.390+0000][36436][gc,phases    ] GC(170)   Other: 1.3ms
[2020-10-06T06:35:05.390+0000][36436][gc,heap      ] GC(170) Eden regions: 64->0(495)
[2020-10-06T06:35:05.390+0000][36436][gc,heap      ] GC(170) Survivor regions: 7->4(62)
[2020-10-06T06:35:05.390+0000][36436][gc,heap      ] GC(170) Old regions: 77->77
[2020-10-06T06:35:05.390+0000][36436][gc,heap      ] GC(170) Archive regions: 0->0
[2020-10-06T06:35:05.390+0000][36436][gc,heap      ] GC(170) Humongous regions: 378->174
[2020-10-06T06:35:05.390+0000][36436][gc,metaspace ] GC(170) Metaspace: 87745K(93820K)->87745K(93820K) NonClass: 76615K(80252K)->76615K(80252K) Class: 11129K(13568K)->11129K(13568K)
[2020-10-06T06:35:05.390+0000][36436][gc           ] GC(170) Pause Young (Concurrent Start) (G1 Humongous Allocation) 523M->254M(1024M) 8.495ms
[2020-10-06T06:35:05.390+0000][36436][gc,cpu       ] GC(170) User=0.00s Sys=0.00s Real=0.01s
[2020-10-06T06:35:05.390+0000][36436][gc           ] GC(171) Concurrent Cycle
[2020-10-06T06:35:05.390+0000][36436][safepoint    ] Safepoint "G1TryInitiateConcMark", Time since last: 29245400 ns, Reaching safepoint: 219200 ns, At safepoint: 8729700 ns, Total: 8948900 ns
[2020-10-06T06:35:05.390+0000][36436][gc,marking   ] GC(171) Concurrent Clear Claimed Marks
[2020-10-06T06:35:05.391+0000][36436][gc,marking   ] GC(171) Concurrent Clear Claimed Marks 0.526ms
[2020-10-06T06:35:05.391+0000][36436][gc,marking   ] GC(171) Concurrent Scan Root Regions
[2020-10-06T06:35:05.395+0000][36436][gc,marking   ] GC(171) Concurrent Scan Root Regions 3.880ms
[2020-10-06T06:35:05.395+0000][36436][gc,marking   ] GC(171) Concurrent Mark (8975.593s)
[2020-10-06T06:35:05.395+0000][36436][gc,marking   ] GC(171) Concurrent Mark From Roots
[2020-10-06T06:35:05.395+0000][36436][gc,task      ] GC(171) Using 2 workers of 2 for marking
[2020-10-06T06:35:05.613+0000][36436][gc,marking   ] GC(171) Concurrent Mark From Roots 217.904ms
[2020-10-06T06:35:05.613+0000][36436][gc,marking   ] GC(171) Concurrent Preclean
[2020-10-06T06:35:05.614+0000][36436][gc,marking   ] GC(171) Concurrent Preclean 1.093ms
[2020-10-06T06:35:05.614+0000][36436][gc,marking   ] GC(171) Concurrent Mark (8975.593s, 8975.813s) 219.299ms
[2020-10-06T06:35:05.614+0000][36436][gc,start     ] GC(171) Pause Remark
[2020-10-06T06:35:05.621+0000][36436][gc           ] GC(171) Pause Remark 321M->321M(1024M) 6.539ms
[2020-10-06T06:35:05.621+0000][36436][gc,cpu       ] GC(171) User=0.00s Sys=0.00s Real=0.01s
[2020-10-06T06:35:05.621+0000][36436][safepoint    ] Safepoint "G1Concurrent", Time since last: 224164600 ns, Reaching safepoint: 401700 ns, At safepoint: 6942800 ns, Total: 7344500 ns
[2020-10-06T06:35:05.621+0000][36436][gc,marking   ] GC(171) Concurrent Rebuild Remembered Sets
[2020-10-06T06:35:05.736+0000][36436][gc,marking   ] GC(171) Concurrent Rebuild Remembered Sets 114.393ms
[2020-10-06T06:35:05.736+0000][36436][gc,start     ] GC(171) Pause Cleanup
[2020-10-06T06:35:05.737+0000][36436][gc           ] GC(171) Pause Cleanup 336M->336M(1024M) 0.394ms
[2020-10-06T06:35:05.737+0000][36436][gc,cpu       ] GC(171) User=0.00s Sys=0.00s Real=0.00s
[2020-10-06T06:35:05.737+0000][36436][safepoint    ] Safepoint "G1Concurrent", Time since last: 114627700 ns, Reaching safepoint: 162900 ns, At safepoint: 587300 ns, Total: 750200 ns
[2020-10-06T06:35:05.737+0000][36436][gc,marking   ] GC(171) Concurrent Cleanup for Next Mark
[2020-10-06T06:35:05.739+0000][36436][gc,marking   ] GC(171) Concurrent Cleanup for Next Mark 2.143ms
[2020-10-06T06:35:05.739+0000][36436][gc           ] GC(171) Concurrent Cycle 349.316ms
[2020-10-06T06:35:05.746+0000][36436][gc,start     ] GC(172) Pause Young (Concurrent Start) (G1 Humongous Allocation)
[2020-10-06T06:35:05.746+0000][36436][gc,task      ] GC(172) Using 8 workers of 8 for evacuation
[2020-10-06T06:35:05.746+0000][36436][gc,age       ] GC(172) Desired survivor size 33030144 bytes, new threshold 15 (max threshold 15)
[2020-10-06T06:35:05.751+0000][36436][gc,age       ] GC(172) Age table with threshold 15 (max threshold 15)
[2020-10-06T06:35:05.751+0000][36436][gc,age       ] GC(172) - age   1:    2513872 bytes,    2513872 total
[2020-10-06T06:35:05.751+0000][36436][gc,age       ] GC(172) - age   2:       1856 bytes,    2515728 total
[2020-10-06T06:35:05.751+0000][36436][gc,age       ] GC(172) - age   3:       3256 bytes,    2518984 total
[2020-10-06T06:35:05.751+0000][36436][gc,age       ] GC(172) - age   4:        640 bytes,    2519624 total
[2020-10-06T06:35:05.751+0000][36436][gc,age       ] GC(172) - age   5:       1120 bytes,    2520744 total
[2020-10-06T06:35:05.751+0000][36436][gc,age       ] GC(172) - age   6:       2024 bytes,    2522768 total
[2020-10-06T06:35:05.751+0000][36436][gc,age       ] GC(172) - age   7:       1976 bytes,    2524744 total
[2020-10-06T06:35:05.751+0000][36436][gc,age       ] GC(172) - age   8:      21944 bytes,    2546688 total
[2020-10-06T06:35:05.751+0000][36436][gc,age       ] GC(172) - age   9:       1912 bytes,    2548600 total
[2020-10-06T06:35:05.751+0000][36436][gc,age       ] GC(172) - age  10:        616 bytes,    2549216 total
[2020-10-06T06:35:05.751+0000][36436][gc,age       ] GC(172) - age  11:       6040 bytes,    2555256 total
[2020-10-06T06:35:05.751+0000][36436][gc,age       ] GC(172) - age  12:      14616 bytes,    2569872 total
[2020-10-06T06:35:05.751+0000][36436][gc,age       ] GC(172) - age  13:      14680 bytes,    2584552 total
[2020-10-06T06:35:05.751+0000][36436][gc,age       ] GC(172) - age  14:        368 bytes,    2584920 total
[2020-10-06T06:35:05.751+0000][36436][gc,age       ] GC(172) - age  15:       1600 bytes,    2586520 total
[2020-10-06T06:35:05.751+0000][36436][gc,phases    ] GC(172)   Pre Evacuate Collection Set: 0.4ms
[2020-10-06T06:35:05.751+0000][36436][gc,phases    ] GC(172)   Merge Heap Roots: 0.1ms
[2020-10-06T06:35:05.751+0000][36436][gc,phases    ] GC(172)   Evacuate Collection Set: 2.6ms
[2020-10-06T06:35:05.752+0000][36436][gc,phases    ] GC(172)   Post Evacuate Collection Set: 0.8ms
[2020-10-06T06:35:05.752+0000][36436][gc,phases    ] GC(172)   Other: 1.2ms
[2020-10-06T06:35:05.752+0000][36436][gc,heap      ] GC(172) Eden regions: 32->0(498)
[2020-10-06T06:35:05.752+0000][36436][gc,heap      ] GC(172) Survivor regions: 4->3(63)
[2020-10-06T06:35:05.752+0000][36436][gc,heap      ] GC(172) Old regions: 77->77
[2020-10-06T06:35:05.752+0000][36436][gc,heap      ] GC(172) Archive regions: 0->0
[2020-10-06T06:35:05.752+0000][36436][gc,heap      ] GC(172) Humongous regions: 230->174
[2020-10-06T06:35:05.752+0000][36436][gc,metaspace ] GC(172) Metaspace: 87745K(93820K)->87745K(93820K) NonClass: 76616K(80252K)->76616K(80252K) Class: 11129K(13568K)->11129K(13568K)
[2020-10-06T06:35:05.752+0000][36436][gc           ] GC(172) Pause Young (Concurrent Start) (G1 Humongous Allocation) 342M->253M(1024M) 5.598ms
[2020-10-06T06:35:05.752+0000][36436][gc,cpu       ] GC(172) User=0.00s Sys=0.00s Real=0.01s
[2020-10-06T06:35:05.752+0000][36436][gc           ] GC(173) Concurrent Cycle
[2020-10-06T06:35:05.752+0000][36436][safepoint    ] Safepoint "G1TryInitiateConcMark", Time since last: 9254000 ns, Reaching safepoint: 259900 ns, At safepoint: 5838500 ns, Total: 6098400 ns
[2020-10-06T06:35:05.752+0000][36436][gc,marking   ] GC(173) Concurrent Clear Claimed Marks
[2020-10-06T06:35:05.753+0000][36436][gc,marking   ] GC(173) Concurrent Clear Claimed Marks 0.437ms
[2020-10-06T06:35:05.753+0000][36436][gc,marking   ] GC(173) Concurrent Scan Root Regions
[2020-10-06T06:35:05.755+0000][36436][gc,marking   ] GC(173) Concurrent Scan Root Regions 2.366ms
[2020-10-06T06:35:05.755+0000][36436][gc,marking   ] GC(173) Concurrent Mark (8975.954s)
[2020-10-06T06:35:05.755+0000][36436][gc,marking   ] GC(173) Concurrent Mark From Roots
[2020-10-06T06:35:05.755+0000][36436][gc,task      ] GC(173) Using 2 workers of 2 for marking
[2020-10-06T06:35:05.946+0000][36436][gc,marking   ] GC(173) Concurrent Mark From Roots 190.631ms
[2020-10-06T06:35:05.946+0000][36436][gc,marking   ] GC(173) Concurrent Preclean
[2020-10-06T06:35:05.947+0000][36436][gc,marking   ] GC(173) Concurrent Preclean 1.007ms
[2020-10-06T06:35:05.947+0000][36436][gc,marking   ] GC(173) Concurrent Mark (8975.954s, 8976.146s) 191.913ms
[2020-10-06T06:35:05.948+0000][36436][gc,start     ] GC(173) Pause Remark
[2020-10-06T06:35:05.954+0000][36436][gc           ] GC(173) Pause Remark 380M->380M(1024M) 6.413ms
[2020-10-06T06:35:05.954+0000][36436][gc,cpu       ] GC(173) User=0.00s Sys=0.00s Real=0.01s
[2020-10-06T06:35:05.955+0000][36436][safepoint    ] Safepoint "G1Concurrent", Time since last: 195004400 ns, Reaching safepoint: 314300 ns, At safepoint: 6822300 ns, Total: 7136600 ns
[2020-10-06T06:35:05.955+0000][36436][gc,marking   ] GC(173) Concurrent Rebuild Remembered Sets
[2020-10-06T06:35:06.062+0000][36436][gc,marking   ] GC(173) Concurrent Rebuild Remembered Sets 107.050ms
[2020-10-06T06:35:06.063+0000][36436][gc,start     ] GC(173) Pause Cleanup
[2020-10-06T06:35:06.063+0000][36436][gc           ] GC(173) Pause Cleanup 413M->413M(1024M) 0.498ms
[2020-10-06T06:35:06.063+0000][36436][gc,cpu       ] GC(173) User=0.00s Sys=0.00s Real=0.00s
[2020-10-06T06:35:06.063+0000][36436][safepoint    ] Safepoint "G1Concurrent", Time since last: 107374100 ns, Reaching safepoint: 209600 ns, At safepoint: 729000 ns, Total: 938600 ns
[2020-10-06T06:35:06.064+0000][36436][gc,marking   ] GC(173) Concurrent Cleanup for Next Mark
[2020-10-06T06:35:06.066+0000][36436][gc,marking   ] GC(173) Concurrent Cleanup for Next Mark 2.464ms
[2020-10-06T06:35:06.066+0000][36436][gc           ] GC(173) Concurrent Cycle 313.281ms
[2020-10-06T06:35:06.067+0000][36436][gc,start     ] GC(174) Pause Young (Concurrent Start) (G1 Humongous Allocation)
[2020-10-06T06:35:06.067+0000][36436][gc,task      ] GC(174) Using 8 workers of 8 for evacuation
[2020-10-06T06:35:06.067+0000][36436][gc,age       ] GC(174) Desired survivor size 33030144 bytes, new threshold 15 (max threshold 15)
[2020-10-06T06:35:06.071+0000][36436][gc,age       ] GC(174) Age table with threshold 15 (max threshold 15)
[2020-10-06T06:35:06.071+0000][36436][gc,age       ] GC(174) - age   1:    1585856 bytes,    1585856 total
[2020-10-06T06:35:06.071+0000][36436][gc,age       ] GC(174) - age   2:      12224 bytes,    1598080 total
[2020-10-06T06:35:06.071+0000][36436][gc,age       ] GC(174) - age   3:       1432 bytes,    1599512 total
[2020-10-06T06:35:06.071+0000][36436][gc,age       ] GC(174) - age   4:       2256 bytes,    1601768 total
[2020-10-06T06:35:06.071+0000][36436][gc,age       ] GC(174) - age   5:        512 bytes,    1602280 total
[2020-10-06T06:35:06.071+0000][36436][gc,age       ] GC(174) - age   6:       1120 bytes,    1603400 total
[2020-10-06T06:35:06.071+0000][36436][gc,age       ] GC(174) - age   7:       1928 bytes,    1605328 total
[2020-10-06T06:35:06.071+0000][36436][gc,age       ] GC(174) - age   8:       1976 bytes,    1607304 total
[2020-10-06T06:35:06.071+0000][36436][gc,age       ] GC(174) - age   9:      21904 bytes,    1629208 total
[2020-10-06T06:35:06.072+0000][36436][gc,age       ] GC(174) - age  10:       1656 bytes,    1630864 total
[2020-10-06T06:35:06.072+0000][36436][gc,age       ] GC(174) - age  11:        616 bytes,    1631480 total
[2020-10-06T06:35:06.072+0000][36436][gc,age       ] GC(174) - age  12:       6040 bytes,    1637520 total
[2020-10-06T06:35:06.072+0000][36436][gc,age       ] GC(174) - age  13:      14520 bytes,    1652040 total
[2020-10-06T06:35:06.072+0000][36436][gc,age       ] GC(174) - age  14:      14616 bytes,    1666656 total
[2020-10-06T06:35:06.072+0000][36436][gc,age       ] GC(174) - age  15:        368 bytes,    1667024 total
[2020-10-06T06:35:06.072+0000][36436][gc,phases    ] GC(174)   Pre Evacuate Collection Set: 0.5ms
[2020-10-06T06:35:06.072+0000][36436][gc,phases    ] GC(174)   Merge Heap Roots: 0.1ms
[2020-10-06T06:35:06.072+0000][36436][gc,phases    ] GC(174)   Evacuate Collection Set: 2.4ms
[2020-10-06T06:35:06.072+0000][36436][gc,phases    ] GC(174)   Post Evacuate Collection Set: 0.8ms
[2020-10-06T06:35:06.072+0000][36436][gc,phases    ] GC(174)   Other: 1.4ms
[2020-10-06T06:35:06.072+0000][36436][gc,heap      ] GC(174) Eden regions: 47->0(501)
[2020-10-06T06:35:06.072+0000][36436][gc,heap      ] GC(174) Survivor regions: 3->2(63)
[2020-10-06T06:35:06.072+0000][36436][gc,heap      ] GC(174) Old regions: 77->77
[2020-10-06T06:35:06.072+0000][36436][gc,heap      ] GC(174) Archive regions: 0->0
[2020-10-06T06:35:06.072+0000][36436][gc,heap      ] GC(174) Humongous regions: 298->174
[2020-10-06T06:35:06.072+0000][36436][gc,metaspace ] GC(174) Metaspace: 87771K(93820K)->87771K(93820K) NonClass: 76642K(80252K)->76642K(80252K) Class: 11129K(13568K)->11129K(13568K)
[2020-10-06T06:35:06.073+0000][36436][gc           ] GC(174) Pause Young (Concurrent Start) (G1 Humongous Allocation) 423M->252M(1024M) 5.763ms
[2020-10-06T06:35:06.073+0000][36436][gc,cpu       ] GC(174) User=0.02s Sys=0.00s Real=0.01s
[2020-10-06T06:35:06.073+0000][36436][gc           ] GC(175) Concurrent Cycle
[2020-10-06T06:35:06.073+0000][36436][safepoint    ] Safepoint "G1TryInitiateConcMark", Time since last: 3128300 ns, Reaching safepoint: 183200 ns, At safepoint: 6017000 ns, Total: 6200200 ns
[2020-10-06T06:35:06.073+0000][36436][gc,marking   ] GC(175) Concurrent Clear Claimed Marks
[2020-10-06T06:35:06.073+0000][36436][gc,marking   ] GC(175) Concurrent Clear Claimed Marks 0.396ms
[2020-10-06T06:35:06.073+0000][36436][gc,marking   ] GC(175) Concurrent Scan Root Regions
[2020-10-06T06:35:06.075+0000][36436][gc,marking   ] GC(175) Concurrent Scan Root Regions 1.692ms
[2020-10-06T06:35:06.075+0000][36436][gc,marking   ] GC(175) Concurrent Mark (8976.273s)
[2020-10-06T06:35:06.075+0000][36436][gc,marking   ] GC(175) Concurrent Mark From Roots
[2020-10-06T06:35:06.075+0000][36436][gc,task      ] GC(175) Using 2 workers of 2 for marking
[2020-10-06T06:35:06.259+0000][36436][gc,marking   ] GC(175) Concurrent Mark From Roots 184.208ms
[2020-10-06T06:35:06.259+0000][36436][gc,marking   ] GC(175) Concurrent Preclean
[2020-10-06T06:35:06.260+0000][36436][gc,marking   ] GC(175) Concurrent Preclean 0.931ms
[2020-10-06T06:35:06.260+0000][36436][gc,marking   ] GC(175) Concurrent Mark (8976.273s, 8976.458s) 185.423ms
[2020-10-06T06:35:06.260+0000][36436][gc,start     ] GC(175) Pause Remark
[2020-10-06T06:35:06.267+0000][36436][gc           ] GC(175) Pause Remark 349M->349M(1024M) 6.980ms
[2020-10-06T06:35:06.267+0000][36436][gc,cpu       ] GC(175) User=0.00s Sys=0.00s Real=0.01s
[2020-10-06T06:35:06.267+0000][36436][safepoint    ] Safepoint "G1Concurrent", Time since last: 187807900 ns, Reaching safepoint: 240100 ns, At safepoint: 7256000 ns, Total: 7496100 ns
[2020-10-06T06:35:06.267+0000][36436][gc,marking   ] GC(175) Concurrent Rebuild Remembered Sets
[2020-10-06T06:35:06.370+0000][36436][gc,marking   ] GC(175) Concurrent Rebuild Remembered Sets 102.570ms
[2020-10-06T06:35:06.370+0000][36436][gc,start     ] GC(175) Pause Cleanup
[2020-10-06T06:35:06.371+0000][36436][gc           ] GC(175) Pause Cleanup 409M->409M(1024M) 0.426ms
[2020-10-06T06:35:06.371+0000][36436][gc,cpu       ] GC(175) User=0.00s Sys=0.00s Real=0.00s
[2020-10-06T06:35:06.371+0000][36436][safepoint    ] Safepoint "G1Concurrent", Time since last: 102800900 ns, Reaching safepoint: 201700 ns, At safepoint: 674200 ns, Total: 875900 ns
[2020-10-06T06:35:06.371+0000][36436][gc,marking   ] GC(175) Concurrent Cleanup for Next Mark
[2020-10-06T06:35:06.373+0000][36436][gc,marking   ] GC(175) Concurrent Cleanup for Next Mark 2.086ms
[2020-10-06T06:35:06.373+0000][36436][gc           ] GC(175) Concurrent Cycle 301.317ms
[2020-10-06T06:35:06.507+0000][36436][gc,start     ] GC(176) Pause Young (Concurrent Start) (G1 Humongous Allocation)
[2020-10-06T06:35:06.507+0000][36436][gc,task      ] GC(176) Using 8 workers of 8 for evacuation
[2020-10-06T06:35:06.507+0000][36436][gc,age       ] GC(176) Desired survivor size 33030144 bytes, new threshold 15 (max threshold 15)
[2020-10-06T06:35:06.513+0000][36436][gc,age       ] GC(176) Age table with threshold 15 (max threshold 15)
[2020-10-06T06:35:06.513+0000][36436][gc,age       ] GC(176) - age   1:    3038576 bytes,    3038576 total
[2020-10-06T06:35:06.513+0000][36436][gc,age       ] GC(176) - age   2:      24000 bytes,    3062576 total
[2020-10-06T06:35:06.513+0000][36436][gc,age       ] GC(176) - age   3:       5832 bytes,    3068408 total
[2020-10-06T06:35:06.513+0000][36436][gc,age       ] GC(176) - age   4:        840 bytes,    3069248 total
[2020-10-06T06:35:06.513+0000][36436][gc,age       ] GC(176) - age   5:       2000 bytes,    3071248 total
[2020-10-06T06:35:06.513+0000][36436][gc,age       ] GC(176) - age   6:        480 bytes,    3071728 total
[2020-10-06T06:35:06.513+0000][36436][gc,age       ] GC(176) - age   7:       1088 bytes,    3072816 total
[2020-10-06T06:35:06.513+0000][36436][gc,age       ] GC(176) - age   8:       1864 bytes,    3074680 total
[2020-10-06T06:35:06.513+0000][36436][gc,age       ] GC(176) - age   9:       1976 bytes,    3076656 total
[2020-10-06T06:35:06.513+0000][36436][gc,age       ] GC(176) - age  10:      21904 bytes,    3098560 total
[2020-10-06T06:35:06.513+0000][36436][gc,age       ] GC(176) - age  11:       1016 bytes,    3099576 total
[2020-10-06T06:35:06.513+0000][36436][gc,age       ] GC(176) - age  12:        616 bytes,    3100192 total
[2020-10-06T06:35:06.513+0000][36436][gc,age       ] GC(176) - age  13:       6008 bytes,    3106200 total
[2020-10-06T06:35:06.514+0000][36436][gc,age       ] GC(176) - age  14:      14520 bytes,    3120720 total
[2020-10-06T06:35:06.514+0000][36436][gc,age       ] GC(176) - age  15:      14616 bytes,    3135336 total
[2020-10-06T06:35:06.514+0000][36436][gc,phases    ] GC(176)   Pre Evacuate Collection Set: 0.4ms
[2020-10-06T06:35:06.514+0000][36436][gc,phases    ] GC(176)   Merge Heap Roots: 0.1ms
[2020-10-06T06:35:06.514+0000][36436][gc,phases    ] GC(176)   Evacuate Collection Set: 3.3ms
[2020-10-06T06:35:06.514+0000][36436][gc,phases    ] GC(176)   Post Evacuate Collection Set: 2.0ms
[2020-10-06T06:35:06.514+0000][36436][gc,phases    ] GC(176)   Other: 1.4ms
[2020-10-06T06:35:06.514+0000][36436][gc,heap      ] GC(176) Eden regions: 61->0(500)
[2020-10-06T06:35:06.514+0000][36436][gc,heap      ] GC(176) Survivor regions: 2->4(63)
[2020-10-06T06:35:06.514+0000][36436][gc,heap      ] GC(176) Old regions: 77->77
[2020-10-06T06:35:06.514+0000][36436][gc,heap      ] GC(176) Archive regions: 0->0
[2020-10-06T06:35:06.514+0000][36436][gc,heap      ] GC(176) Humongous regions: 286->174
[2020-10-06T06:35:06.514+0000][36436][gc,metaspace ] GC(176) Metaspace: 87809K(93820K)->87809K(93820K) NonClass: 76680K(80252K)->76680K(80252K) Class: 11129K(13568K)->11129K(13568K)
[2020-10-06T06:35:06.514+0000][36436][gc           ] GC(176) Pause Young (Concurrent Start) (G1 Humongous Allocation) 424M->253M(1024M) 7.710ms
[2020-10-06T06:35:06.514+0000][36436][gc,cpu       ] GC(176) User=0.00s Sys=0.00s Real=0.01s
[2020-10-06T06:35:06.514+0000][36436][gc           ] GC(177) Concurrent Cycle
[2020-10-06T06:35:06.514+0000][36436][safepoint    ] Safepoint "G1TryInitiateConcMark", Time since last: 135003500 ns, Reaching safepoint: 166100 ns, At safepoint: 7920300 ns, Total: 8086400 ns
[2020-10-06T06:35:06.515+0000][36436][gc,marking   ] GC(177) Concurrent Clear Claimed Marks
[2020-10-06T06:35:06.515+0000][36436][gc,marking   ] GC(177) Concurrent Clear Claimed Marks 0.647ms
[2020-10-06T06:35:06.515+0000][36436][gc,marking   ] GC(177) Concurrent Scan Root Regions
[2020-10-06T06:35:06.518+0000][36436][gc,marking   ] GC(177) Concurrent Scan Root Regions 2.693ms
[2020-10-06T06:35:06.518+0000][36436][gc,marking   ] GC(177) Concurrent Mark (8976.717s)
[2020-10-06T06:35:06.518+0000][36436][gc,marking   ] GC(177) Concurrent Mark From Roots
[2020-10-06T06:35:06.518+0000][36436][gc,task      ] GC(177) Using 2 workers of 2 for marking
[2020-10-06T06:35:06.693+0000][36436][gc,marking   ] GC(177) Concurrent Mark From Roots 174.607ms
[2020-10-06T06:35:06.693+0000][36436][gc,marking   ] GC(177) Concurrent Preclean
[2020-10-06T06:35:06.694+0000][36436][gc,marking   ] GC(177) Concurrent Preclean 0.916ms
[2020-10-06T06:35:06.694+0000][36436][gc,marking   ] GC(177) Concurrent Mark (8976.717s, 8976.892s) 175.762ms
[2020-10-06T06:35:06.695+0000][36436][gc,start     ] GC(177) Pause Remark
[2020-10-06T06:35:06.702+0000][36436][gc           ] GC(177) Pause Remark 322M->322M(1024M) 7.183ms
[2020-10-06T06:35:06.702+0000][36436][gc,cpu       ] GC(177) User=0.00s Sys=0.00s Real=0.01s
[2020-10-06T06:35:06.702+0000][36436][safepoint    ] Safepoint "G1Concurrent", Time since last: 179608400 ns, Reaching safepoint: 650600 ns, At safepoint: 7643200 ns, Total: 8293800 ns
[2020-10-06T06:35:06.702+0000][36436][gc,marking   ] GC(177) Concurrent Rebuild Remembered Sets
[2020-10-06T06:35:06.801+0000][36436][gc,marking   ] GC(177) Concurrent Rebuild Remembered Sets 98.475ms
[2020-10-06T06:35:06.801+0000][36436][gc,start     ] GC(177) Pause Cleanup
[2020-10-06T06:35:06.802+0000][36436][gc           ] GC(177) Pause Cleanup 446M->446M(1024M) 0.409ms
[2020-10-06T06:35:06.802+0000][36436][gc,cpu       ] GC(177) User=0.03s Sys=0.00s Real=0.00s
[2020-10-06T06:35:06.802+0000][36436][safepoint    ] Safepoint "G1Concurrent", Time since last: 98677500 ns, Reaching safepoint: 160500 ns, At safepoint: 658100 ns, Total: 818600 ns
[2020-10-06T06:35:06.802+0000][36436][gc,marking   ] GC(177) Concurrent Cleanup for Next Mark
[2020-10-06T06:35:06.804+0000][36436][gc,marking   ] GC(177) Concurrent Cleanup for Next Mark 1.939ms
[2020-10-06T06:35:06.804+0000][36436][gc           ] GC(177) Concurrent Cycle 289.539ms
[2020-10-06T06:35:06.860+0000][36436][gc,start     ] GC(178) Pause Young (Concurrent Start) (G1 Humongous Allocation)
[2020-10-06T06:35:06.860+0000][36436][gc,task      ] GC(178) Using 8 workers of 8 for evacuation
[2020-10-06T06:35:06.860+0000][36436][gc,age       ] GC(178) Desired survivor size 33030144 bytes, new threshold 15 (max threshold 15)
[2020-10-06T06:35:06.865+0000][36436][gc,age       ] GC(178) Age table with threshold 15 (max threshold 15)
[2020-10-06T06:35:06.865+0000][36436][gc,age       ] GC(178) - age   1:    5180480 bytes,    5180480 total
[2020-10-06T06:35:06.865+0000][36436][gc,age       ] GC(178) - age   2:      13944 bytes,    5194424 total
[2020-10-06T06:35:06.865+0000][36436][gc,age       ] GC(178) - age   3:      19840 bytes,    5214264 total
[2020-10-06T06:35:06.865+0000][36436][gc,age       ] GC(178) - age   4:       4168 bytes,    5218432 total
[2020-10-06T06:35:06.865+0000][36436][gc,age       ] GC(178) - age   5:        776 bytes,    5219208 total
[2020-10-06T06:35:06.865+0000][36436][gc,age       ] GC(178) - age   6:       1776 bytes,    5220984 total
[2020-10-06T06:35:06.865+0000][36436][gc,age       ] GC(178) - age   7:        448 bytes,    5221432 total
[2020-10-06T06:35:06.865+0000][36436][gc,age       ] GC(178) - age   8:       1088 bytes,    5222520 total
[2020-10-06T06:35:06.865+0000][36436][gc,age       ] GC(178) - age   9:       1768 bytes,    5224288 total
[2020-10-06T06:35:06.867+0000][36436][gc,age       ] GC(178) - age  10:       1976 bytes,    5226264 total
[2020-10-06T06:35:06.867+0000][36436][gc,age       ] GC(178) - age  11:      21744 bytes,    5248008 total
[2020-10-06T06:35:06.867+0000][36436][gc,age       ] GC(178) - age  12:        888 bytes,    5248896 total
[2020-10-06T06:35:06.867+0000][36436][gc,age       ] GC(178) - age  13:        488 bytes,    5249384 total
[2020-10-06T06:35:06.867+0000][36436][gc,age       ] GC(178) - age  14:       6008 bytes,    5255392 total
[2020-10-06T06:35:06.867+0000][36436][gc,age       ] GC(178) - age  15:      14520 bytes,    5269912 total
[2020-10-06T06:35:06.867+0000][36436][gc,phases    ] GC(178)   Pre Evacuate Collection Set: 0.6ms
[2020-10-06T06:35:06.867+0000][36436][gc,phases    ] GC(178)   Merge Heap Roots: 0.1ms
[2020-10-06T06:35:06.867+0000][36436][gc,phases    ] GC(178)   Evacuate Collection Set: 2.7ms
[2020-10-06T06:35:06.867+0000][36436][gc,phases    ] GC(178)   Post Evacuate Collection Set: 1.0ms
[2020-10-06T06:35:06.867+0000][36436][gc,phases    ] GC(178)   Other: 1.4ms
[2020-10-06T06:35:06.867+0000][36436][gc,heap      ] GC(178) Eden regions: 68->0(497)
[2020-10-06T06:35:06.867+0000][36436][gc,heap      ] GC(178) Survivor regions: 4->6(63)
[2020-10-06T06:35:06.867+0000][36436][gc,heap      ] GC(178) Old regions: 77->77
[2020-10-06T06:35:06.867+0000][36436][gc,heap      ] GC(178) Archive regions: 0->0
[2020-10-06T06:35:06.867+0000][36436][gc,heap      ] GC(178) Humongous regions: 318->174
[2020-10-06T06:35:06.867+0000][36436][gc,metaspace ] GC(178) Metaspace: 87840K(93820K)->87840K(93820K) NonClass: 76711K(80252K)->76711K(80252K) Class: 11129K(13568K)->11129K(13568K)
[2020-10-06T06:35:06.867+0000][36436][gc           ] GC(178) Pause Young (Concurrent Start) (G1 Humongous Allocation) 464M->255M(1024M) 6.214ms
[2020-10-06T06:35:06.867+0000][36436][gc,cpu       ] GC(178) User=0.05s Sys=0.00s Real=0.01s
[2020-10-06T06:35:06.867+0000][36436][gc           ] GC(179) Concurrent Cycle
[2020-10-06T06:35:06.867+0000][36436][safepoint    ] Safepoint "G1TryInitiateConcMark", Time since last: 58644900 ns, Reaching safepoint: 142900 ns, At safepoint: 6468600 ns, Total: 6611500 ns
[2020-10-06T06:35:06.867+0000][36436][gc,marking   ] GC(179) Concurrent Clear Claimed Marks
[2020-10-06T06:35:06.867+0000][36436][gc,marking   ] GC(179) Concurrent Clear Claimed Marks 0.540ms
[2020-10-06T06:35:06.867+0000][36436][gc,marking   ] GC(179) Concurrent Scan Root Regions
[2020-10-06T06:35:06.870+0000][36436][gc,marking   ] GC(179) Concurrent Scan Root Regions 3.024ms
[2020-10-06T06:35:06.870+0000][36436][gc,marking   ] GC(179) Concurrent Mark (8977.069s)
[2020-10-06T06:35:06.871+0000][36436][gc,marking   ] GC(179) Concurrent Mark From Roots
[2020-10-06T06:35:06.871+0000][36436][gc,task      ] GC(179) Using 2 workers of 2 for marking
[2020-10-06T06:35:07.069+0000][36436][gc,marking   ] GC(179) Concurrent Mark From Roots 197.841ms
[2020-10-06T06:35:07.069+0000][36436][gc,marking   ] GC(179) Concurrent Preclean
[2020-10-06T06:35:07.070+0000][36436][gc,marking   ] GC(179) Concurrent Preclean 0.925ms
[2020-10-06T06:35:07.070+0000][36436][gc,marking   ] GC(179) Concurrent Mark (8977.069s, 8977.268s) 199.036ms
[2020-10-06T06:35:07.071+0000][36436][gc,start     ] GC(179) Pause Remark
[2020-10-06T06:35:07.080+0000][36436][gc           ] GC(179) Pause Remark 383M->383M(1024M) 9.314ms
[2020-10-06T06:35:07.080+0000][36436][gc,cpu       ] GC(179) User=0.00s Sys=0.00s Real=0.01s
[2020-10-06T06:35:07.083+0000][36436][safepoint    ] Safepoint "G1Concurrent", Time since last: 203013100 ns, Reaching safepoint: 183400 ns, At safepoint: 11811600 ns, Total: 11995000 ns
[2020-10-06T06:35:07.083+0000][36436][gc,marking   ] GC(179) Concurrent Rebuild Remembered Sets
[2020-10-06T06:35:07.195+0000][36436][gc,marking   ] GC(179) Concurrent Rebuild Remembered Sets 112.776ms
[2020-10-06T06:35:07.196+0000][36436][gc,start     ] GC(179) Pause Cleanup
[2020-10-06T06:35:07.196+0000][36436][gc           ] GC(179) Pause Cleanup 507M->507M(1024M) 0.347ms
[2020-10-06T06:35:07.196+0000][36436][gc,cpu       ] GC(179) User=0.00s Sys=0.00s Real=0.00s
[2020-10-06T06:35:07.196+0000][36436][safepoint    ] Safepoint "G1Concurrent", Time since last: 113051400 ns, Reaching safepoint: 173400 ns, At safepoint: 560300 ns, Total: 733700 ns
[2020-10-06T06:35:07.196+0000][36436][gc,marking   ] GC(179) Concurrent Cleanup for Next Mark
[2020-10-06T06:35:07.198+0000][36436][gc,marking   ] GC(179) Concurrent Cleanup for Next Mark 1.701ms
[2020-10-06T06:35:07.198+0000][36436][gc           ] GC(179) Concurrent Cycle 330.703ms
[2020-10-06T06:35:07.262+0000][36436][gc,start     ] GC(180) Pause Young (Concurrent Start) (G1 Humongous Allocation)
[2020-10-06T06:35:07.262+0000][36436][gc,task      ] GC(180) Using 8 workers of 8 for evacuation
[2020-10-06T06:35:07.262+0000][36436][gc,age       ] GC(180) Desired survivor size 33030144 bytes, new threshold 15 (max threshold 15)
[2020-10-06T06:35:07.267+0000][36436][gc,age       ] GC(180) Age table with threshold 15 (max threshold 15)
[2020-10-06T06:35:07.268+0000][36436][gc,age       ] GC(180) - age   1:   13258216 bytes,   13258216 total
[2020-10-06T06:35:07.268+0000][36436][gc,age       ] GC(180) - age   2:      15200 bytes,   13273416 total
[2020-10-06T06:35:07.268+0000][36436][gc,age       ] GC(180) - age   3:      13080 bytes,   13286496 total
[2020-10-06T06:35:07.268+0000][36436][gc,age       ] GC(180) - age   4:      19440 bytes,   13305936 total
[2020-10-06T06:35:07.268+0000][36436][gc,age       ] GC(180) - age   5:       3896 bytes,   13309832 total
[2020-10-06T06:35:07.268+0000][36436][gc,age       ] GC(180) - age   6:        488 bytes,   13310320 total
[2020-10-06T06:35:07.268+0000][36436][gc,age       ] GC(180) - age   7:       1744 bytes,   13312064 total
[2020-10-06T06:35:07.268+0000][36436][gc,age       ] GC(180) - age   8:        448 bytes,   13312512 total
[2020-10-06T06:35:07.268+0000][36436][gc,age       ] GC(180) - age   9:       1024 bytes,   13313536 total
[2020-10-06T06:35:07.268+0000][36436][gc,age       ] GC(180) - age  10:       1768 bytes,   13315304 total
[2020-10-06T06:35:07.268+0000][36436][gc,age       ] GC(180) - age  11:       1912 bytes,   13317216 total
[2020-10-06T06:35:07.268+0000][36436][gc,age       ] GC(180) - age  12:      21616 bytes,   13338832 total
[2020-10-06T06:35:07.268+0000][36436][gc,age       ] GC(180) - age  13:        888 bytes,   13339720 total
[2020-10-06T06:35:07.268+0000][36436][gc,age       ] GC(180) - age  14:        424 bytes,   13340144 total
[2020-10-06T06:35:07.268+0000][36436][gc,age       ] GC(180) - age  15:       5672 bytes,   13345816 total
[2020-10-06T06:35:07.268+0000][36436][gc,phases    ] GC(180)   Pre Evacuate Collection Set: 0.4ms
[2020-10-06T06:35:07.268+0000][36436][gc,phases    ] GC(180)   Merge Heap Roots: 0.1ms
[2020-10-06T06:35:07.268+0000][36436][gc,phases    ] GC(180)   Evacuate Collection Set: 3.8ms
[2020-10-06T06:35:07.268+0000][36436][gc,phases    ] GC(180)   Post Evacuate Collection Set: 1.0ms
[2020-10-06T06:35:07.268+0000][36436][gc,phases    ] GC(180)   Other: 1.2ms
[2020-10-06T06:35:07.268+0000][36436][gc,heap      ] GC(180) Eden regions: 92->0(482)
[2020-10-06T06:35:07.268+0000][36436][gc,heap      ] GC(180) Survivor regions: 6->13(63)
[2020-10-06T06:35:07.269+0000][36436][gc,heap      ] GC(180) Old regions: 77->77
[2020-10-06T06:35:07.269+0000][36436][gc,heap      ] GC(180) Archive regions: 0->0
[2020-10-06T06:35:07.269+0000][36436][gc,heap      ] GC(180) Humongous regions: 366->174
[2020-10-06T06:35:07.269+0000][36436][gc,metaspace ] GC(180) Metaspace: 87852K(93820K)->87852K(93820K) NonClass: 76723K(80252K)->76723K(80252K) Class: 11129K(13568K)->11129K(13568K)
[2020-10-06T06:35:07.269+0000][36436][gc           ] GC(180) Pause Young (Concurrent Start) (G1 Humongous Allocation) 539M->263M(1024M) 6.972ms
[2020-10-06T06:35:07.269+0000][36436][gc,cpu       ] GC(180) User=0.00s Sys=0.00s Real=0.01s
[2020-10-06T06:35:07.269+0000][36436][gc           ] GC(181) Concurrent Cycle
[2020-10-06T06:35:07.269+0000][36436][gc,marking   ] GC(181) Concurrent Clear Claimed Marks
[2020-10-06T06:35:07.269+0000][36436][safepoint    ] Safepoint "G1TryInitiateConcMark", Time since last: 62290500 ns, Reaching safepoint: 3080100 ns, At safepoint: 7296900 ns, Total: 10377000 ns
[2020-10-06T06:35:07.269+0000][36436][gc,marking   ] GC(181) Concurrent Clear Claimed Marks 0.368ms
[2020-10-06T06:35:07.269+0000][36436][gc,marking   ] GC(181) Concurrent Scan Root Regions
[2020-10-06T06:35:07.273+0000][36436][gc,marking   ] GC(181) Concurrent Scan Root Regions 3.203ms
[2020-10-06T06:35:07.273+0000][36436][gc,marking   ] GC(181) Concurrent Mark (8977.471s)
[2020-10-06T06:35:07.273+0000][36436][gc,marking   ] GC(181) Concurrent Mark From Roots
[2020-10-06T06:35:07.273+0000][36436][gc,task      ] GC(181) Using 2 workers of 2 for marking
[2020-10-06T06:35:07.477+0000][36436][gc,marking   ] GC(181) Concurrent Mark From Roots 203.832ms
[2020-10-06T06:35:07.477+0000][36436][gc,marking   ] GC(181) Concurrent Preclean
[2020-10-06T06:35:07.478+0000][36436][gc,marking   ] GC(181) Concurrent Preclean 1.248ms
[2020-10-06T06:35:07.478+0000][36436][gc,marking   ] GC(181) Concurrent Mark (8977.471s, 8977.676s) 205.358ms
[2020-10-06T06:35:07.478+0000][36436][gc,start     ] GC(181) Pause Remark
[2020-10-06T06:35:07.485+0000][36436][gc           ] GC(181) Pause Remark 582M->582M(1024M) 6.676ms
[2020-10-06T06:35:07.485+0000][36436][gc,cpu       ] GC(181) User=0.00s Sys=0.00s Real=0.01s
[2020-10-06T06:35:07.485+0000][36436][safepoint    ] Safepoint "G1Concurrent", Time since last: 209244900 ns, Reaching safepoint: 211100 ns, At safepoint: 6934300 ns, Total: 7145400 ns
[2020-10-06T06:35:07.485+0000][36436][gc,marking   ] GC(181) Concurrent Rebuild Remembered Sets
[2020-10-06T06:35:07.583+0000][36436][gc,marking   ] GC(181) Concurrent Rebuild Remembered Sets 97.504ms
[2020-10-06T06:35:07.583+0000][36436][gc,start     ] GC(181) Pause Cleanup
[2020-10-06T06:35:07.584+0000][36436][gc           ] GC(181) Pause Cleanup 660M->660M(1024M) 0.414ms
[2020-10-06T06:35:07.584+0000][36436][gc,cpu       ] GC(181) User=0.03s Sys=0.02s Real=0.00s
[2020-10-06T06:35:07.584+0000][36436][safepoint    ] Safepoint "G1Concurrent", Time since last: 97744700 ns, Reaching safepoint: 225300 ns, At safepoint: 582500 ns, Total: 807800 ns
[2020-10-06T06:35:07.584+0000][36436][gc,marking   ] GC(181) Concurrent Cleanup for Next Mark
[2020-10-06T06:35:07.586+0000][36436][gc,marking   ] GC(181) Concurrent Cleanup for Next Mark 1.784ms
[2020-10-06T06:35:07.586+0000][36436][gc           ] GC(181) Concurrent Cycle 317.072ms
[2020-10-06T06:35:07.615+0000][36436][gc,start     ] GC(182) Pause Young (Concurrent Start) (G1 Humongous Allocation)
[2020-10-06T06:35:07.615+0000][36436][gc,task      ] GC(182) Using 8 workers of 8 for evacuation
[2020-10-06T06:35:07.615+0000][36436][gc,age       ] GC(182) Desired survivor size 32505856 bytes, new threshold 15 (max threshold 15)
[2020-10-06T06:35:07.620+0000][36436][gc,age       ] GC(182) Age table with threshold 15 (max threshold 15)
[2020-10-06T06:35:07.620+0000][36436][gc,age       ] GC(182) - age   1:    3941928 bytes,    3941928 total
[2020-10-06T06:35:07.620+0000][36436][gc,age       ] GC(182) - age   2:       6424 bytes,    3948352 total
[2020-10-06T06:35:07.620+0000][36436][gc,age       ] GC(182) - age   3:      12600 bytes,    3960952 total
[2020-10-06T06:35:07.620+0000][36436][gc,age       ] GC(182) - age   4:      12520 bytes,    3973472 total
[2020-10-06T06:35:07.620+0000][36436][gc,age       ] GC(182) - age   5:      19152 bytes,    3992624 total
[2020-10-06T06:35:07.620+0000][36436][gc,age       ] GC(182) - age   6:        848 bytes,    3993472 total
[2020-10-06T06:35:07.620+0000][36436][gc,age       ] GC(182) - age   7:        296 bytes,    3993768 total
[2020-10-06T06:35:07.620+0000][36436][gc,age       ] GC(182) - age   8:       1744 bytes,    3995512 total
[2020-10-06T06:35:07.620+0000][36436][gc,age       ] GC(182) - age   9:        448 bytes,    3995960 total
[2020-10-06T06:35:07.620+0000][36436][gc,age       ] GC(182) - age  10:       1024 bytes,    3996984 total
[2020-10-06T06:35:07.620+0000][36436][gc,age       ] GC(182) - age  11:       1640 bytes,    3998624 total
[2020-10-06T06:35:07.620+0000][36436][gc,age       ] GC(182) - age  12:       1848 bytes,    4000472 total
[2020-10-06T06:35:07.620+0000][36436][gc,age       ] GC(182) - age  13:      21392 bytes,    4021864 total
[2020-10-06T06:35:07.620+0000][36436][gc,age       ] GC(182) - age  14:        856 bytes,    4022720 total
[2020-10-06T06:35:07.620+0000][36436][gc,age       ] GC(182) - age  15:        424 bytes,    4023144 total
[2020-10-06T06:35:07.620+0000][36436][gc,phases    ] GC(182)   Pre Evacuate Collection Set: 0.5ms
[2020-10-06T06:35:07.620+0000][36436][gc,phases    ] GC(182)   Merge Heap Roots: 0.1ms
[2020-10-06T06:35:07.621+0000][36436][gc,phases    ] GC(182)   Evacuate Collection Set: 2.4ms
[2020-10-06T06:35:07.621+0000][36436][gc,phases    ] GC(182)   Post Evacuate Collection Set: 1.0ms
[2020-10-06T06:35:07.621+0000][36436][gc,phases    ] GC(182)   Other: 1.2ms
[2020-10-06T06:35:07.621+0000][36436][gc,heap      ] GC(182) Eden regions: 98->0(492)
[2020-10-06T06:35:07.621+0000][36436][gc,heap      ] GC(182) Survivor regions: 13->5(62)
[2020-10-06T06:35:07.621+0000][36436][gc,heap      ] GC(182) Old regions: 77->77
[2020-10-06T06:35:07.621+0000][36436][gc,heap      ] GC(182) Archive regions: 0->0
[2020-10-06T06:35:07.621+0000][36436][gc,heap      ] GC(182) Humongous regions: 482->174
[2020-10-06T06:35:07.621+0000][36436][gc,metaspace ] GC(182) Metaspace: 87852K(93820K)->87852K(93820K) NonClass: 76723K(80252K)->76723K(80252K) Class: 11129K(13568K)->11129K(13568K)
[2020-10-06T06:35:07.621+0000][36436][gc           ] GC(182) Pause Young (Concurrent Start) (G1 Humongous Allocation) 669M->254M(1024M) 5.667ms
[2020-10-06T06:35:07.621+0000][36436][gc,cpu       ] GC(182) User=0.00s Sys=0.00s Real=0.01s
[2020-10-06T06:35:07.621+0000][36436][safepoint    ] Safepoint "G1TryInitiateConcMark", Time since last: 31224000 ns, Reaching safepoint: 147000 ns, At safepoint: 5880200 ns, Total: 6027200 ns
[2020-10-06T06:35:07.621+0000][36436][gc           ] GC(183) Concurrent Cycle
[2020-10-06T06:35:07.621+0000][36436][gc,marking   ] GC(183) Concurrent Clear Claimed Marks
[2020-10-06T06:35:07.622+0000][36436][gc,marking   ] GC(183) Concurrent Clear Claimed Marks 0.492ms
[2020-10-06T06:35:07.622+0000][36436][gc,marking   ] GC(183) Concurrent Scan Root Regions
[2020-10-06T06:35:07.625+0000][36436][gc,marking   ] GC(183) Concurrent Scan Root Regions 2.745ms
[2020-10-06T06:35:07.625+0000][36436][gc,marking   ] GC(183) Concurrent Mark (8977.823s)
[2020-10-06T06:35:07.625+0000][36436][gc,marking   ] GC(183) Concurrent Mark From Roots
[2020-10-06T06:35:07.625+0000][36436][gc,task      ] GC(183) Using 2 workers of 2 for marking
[2020-10-06T06:35:07.785+0000][36436][gc,marking   ] GC(183) Concurrent Mark From Roots 160.602ms
[2020-10-06T06:35:07.785+0000][36436][gc,marking   ] GC(183) Concurrent Preclean
[2020-10-06T06:35:07.786+0000][36436][gc,marking   ] GC(183) Concurrent Preclean 0.820ms
[2020-10-06T06:35:07.786+0000][36436][gc,marking   ] GC(183) Concurrent Mark (8977.823s, 8977.984s) 161.620ms
[2020-10-06T06:35:07.787+0000][36436][gc,start     ] GC(183) Pause Remark
[2020-10-06T06:35:07.794+0000][36436][gc           ] GC(183) Pause Remark 461M->461M(1024M) 7.182ms
[2020-10-06T06:35:07.794+0000][36436][gc,cpu       ] GC(183) User=0.00s Sys=0.00s Real=0.01s
[2020-10-06T06:35:07.794+0000][36436][safepoint    ] Safepoint "G1Concurrent", Time since last: 165354100 ns, Reaching safepoint: 194700 ns, At safepoint: 7449600 ns, Total: 7644300 ns
[2020-10-06T06:35:07.794+0000][36436][gc,marking   ] GC(183) Concurrent Rebuild Remembered Sets
[2020-10-06T06:35:07.914+0000][36436][gc,marking   ] GC(183) Concurrent Rebuild Remembered Sets 120.197ms
[2020-10-06T06:35:07.915+0000][36436][gc,start     ] GC(183) Pause Cleanup
[2020-10-06T06:35:07.915+0000][36436][gc           ] GC(183) Pause Cleanup 528M->528M(1024M) 0.420ms
[2020-10-06T06:35:07.915+0000][36436][gc,cpu       ] GC(183) User=0.00s Sys=0.00s Real=0.00s
[2020-10-06T06:35:07.915+0000][36436][safepoint    ] Safepoint "G1Concurrent", Time since last: 120497600 ns, Reaching safepoint: 162700 ns, At safepoint: 707500 ns, Total: 870200 ns
[2020-10-06T06:35:07.915+0000][36436][gc,marking   ] GC(183) Concurrent Cleanup for Next Mark
[2020-10-06T06:35:07.918+0000][36436][gc,marking   ] GC(183) Concurrent Cleanup for Next Mark 2.151ms
[2020-10-06T06:35:07.918+0000][36436][gc           ] GC(183) Concurrent Cycle 296.771ms
[2020-10-06T06:35:08.087+0000][36436][gc,start     ] GC(184) Pause Young (Concurrent Start) (G1 Humongous Allocation)
[2020-10-06T06:35:08.087+0000][36436][gc,task      ] GC(184) Using 8 workers of 8 for evacuation
[2020-10-06T06:35:08.087+0000][36436][gc,age       ] GC(184) Desired survivor size 33030144 bytes, new threshold 15 (max threshold 15)
[2020-10-06T06:35:08.092+0000][36436][gc,age       ] GC(184) Age table with threshold 15 (max threshold 15)
[2020-10-06T06:35:08.092+0000][36436][gc,age       ] GC(184) - age   1:   11161536 bytes,   11161536 total
[2020-10-06T06:35:08.092+0000][36436][gc,age       ] GC(184) - age   2:       2288 bytes,   11163824 total
[2020-10-06T06:35:08.092+0000][36436][gc,age       ] GC(184) - age   3:       1320 bytes,   11165144 total
[2020-10-06T06:35:08.092+0000][36436][gc,age       ] GC(184) - age   4:      11424 bytes,   11176568 total
[2020-10-06T06:35:08.092+0000][36436][gc,age       ] GC(184) - age   5:      11880 bytes,   11188448 total
[2020-10-06T06:35:08.092+0000][36436][gc,age       ] GC(184) - age   6:      18896 bytes,   11207344 total
[2020-10-06T06:35:08.092+0000][36436][gc,age       ] GC(184) - age   7:        624 bytes,   11207968 total
[2020-10-06T06:35:08.092+0000][36436][gc,age       ] GC(184) - age   8:        264 bytes,   11208232 total
[2020-10-06T06:35:08.092+0000][36436][gc,age       ] GC(184) - age   9:       1680 bytes,   11209912 total
[2020-10-06T06:35:08.092+0000][36436][gc,age       ] GC(184) - age  10:        384 bytes,   11210296 total
[2020-10-06T06:35:08.092+0000][36436][gc,age       ] GC(184) - age  11:        992 bytes,   11211288 total
[2020-10-06T06:35:08.092+0000][36436][gc,age       ] GC(184) - age  12:       1640 bytes,   11212928 total
[2020-10-06T06:35:08.092+0000][36436][gc,age       ] GC(184) - age  13:       1848 bytes,   11214776 total
[2020-10-06T06:35:08.092+0000][36436][gc,age       ] GC(184) - age  14:      21192 bytes,   11235968 total
[2020-10-06T06:35:08.092+0000][36436][gc,age       ] GC(184) - age  15:        600 bytes,   11236568 total
[2020-10-06T06:35:08.093+0000][36436][gc,phases    ] GC(184)   Pre Evacuate Collection Set: 0.4ms
[2020-10-06T06:35:08.093+0000][36436][gc,phases    ] GC(184)   Merge Heap Roots: 0.1ms
[2020-10-06T06:35:08.093+0000][36436][gc,phases    ] GC(184)   Evacuate Collection Set: 3.3ms
[2020-10-06T06:35:08.093+0000][36436][gc,phases    ] GC(184)   Post Evacuate Collection Set: 1.1ms
[2020-10-06T06:35:08.093+0000][36436][gc,phases    ] GC(184)   Other: 1.3ms
[2020-10-06T06:35:08.093+0000][36436][gc,heap      ] GC(184) Eden regions: 99->0(483)
[2020-10-06T06:35:08.093+0000][36436][gc,heap      ] GC(184) Survivor regions: 5->11(63)
[2020-10-06T06:35:08.093+0000][36436][gc,heap      ] GC(184) Old regions: 77->77
[2020-10-06T06:35:08.093+0000][36436][gc,heap      ] GC(184) Archive regions: 0->0
[2020-10-06T06:35:08.093+0000][36436][gc,heap      ] GC(184) Humongous regions: 378->174
[2020-10-06T06:35:08.093+0000][36436][gc,metaspace ] GC(184) Metaspace: 87859K(93820K)->87859K(93820K) NonClass: 76730K(80252K)->76730K(80252K) Class: 11129K(13568K)->11129K(13568K)
[2020-10-06T06:35:08.093+0000][36436][gc           ] GC(184) Pause Young (Concurrent Start) (G1 Humongous Allocation) 557M->261M(1024M) 6.699ms
[2020-10-06T06:35:08.093+0000][36436][gc,cpu       ] GC(184) User=0.00s Sys=0.00s Real=0.01s
[2020-10-06T06:35:08.093+0000][36436][gc           ] GC(185) Concurrent Cycle
[2020-10-06T06:35:08.093+0000][36436][gc,marking   ] GC(185) Concurrent Clear Claimed Marks
[2020-10-06T06:35:08.093+0000][36436][safepoint    ] Safepoint "G1TryInitiateConcMark", Time since last: 170875600 ns, Reaching safepoint: 160600 ns, At safepoint: 7026200 ns, Total: 7186800 ns
[2020-10-06T06:35:08.094+0000][36436][gc,marking   ] GC(185) Concurrent Clear Claimed Marks 0.709ms
[2020-10-06T06:35:08.094+0000][36436][gc,marking   ] GC(185) Concurrent Scan Root Regions
[2020-10-06T06:35:08.101+0000][36436][gc,marking   ] GC(185) Concurrent Scan Root Regions 7.042ms
[2020-10-06T06:35:08.101+0000][36436][gc,marking   ] GC(185) Concurrent Mark (8978.299s)
[2020-10-06T06:35:08.101+0000][36436][gc,marking   ] GC(185) Concurrent Mark From Roots
[2020-10-06T06:35:08.101+0000][36436][gc,task      ] GC(185) Using 2 workers of 2 for marking
[2020-10-06T06:35:08.288+0000][36436][gc,marking   ] GC(185) Concurrent Mark From Roots 186.641ms
[2020-10-06T06:35:08.288+0000][36436][gc,marking   ] GC(185) Concurrent Preclean
[2020-10-06T06:35:08.289+0000][36436][gc,marking   ] GC(185) Concurrent Preclean 0.917ms
[2020-10-06T06:35:08.289+0000][36436][gc,marking   ] GC(185) Concurrent Mark (8978.299s, 8978.487s) 187.799ms
[2020-10-06T06:35:08.289+0000][36436][gc,start     ] GC(185) Pause Remark
[2020-10-06T06:35:08.298+0000][36436][gc           ] GC(185) Pause Remark 590M->590M(1024M) 9.043ms
[2020-10-06T06:35:08.298+0000][36436][gc,cpu       ] GC(185) User=0.00s Sys=0.00s Real=0.01s
[2020-10-06T06:35:08.298+0000][36436][safepoint    ] Safepoint "G1Concurrent", Time since last: 195814500 ns, Reaching safepoint: 196500 ns, At safepoint: 9347400 ns, Total: 9543900 ns
[2020-10-06T06:35:08.298+0000][36436][gc,marking   ] GC(185) Concurrent Rebuild Remembered Sets
[2020-10-06T06:35:08.406+0000][36436][gc,marking   ] GC(185) Concurrent Rebuild Remembered Sets 107.441ms
[2020-10-06T06:35:08.406+0000][36436][gc,start     ] GC(185) Pause Cleanup
[2020-10-06T06:35:08.407+0000][36436][gc           ] GC(185) Pause Cleanup 844M->844M(1024M) 0.405ms
[2020-10-06T06:35:08.407+0000][36436][gc,cpu       ] GC(185) User=0.00s Sys=0.00s Real=0.00s
[2020-10-06T06:35:08.408+0000][36436][safepoint    ] Safepoint "G1Concurrent", Time since last: 107627500 ns, Reaching safepoint: 219100 ns, At safepoint: 1476500 ns, Total: 1695600 ns
[2020-10-06T06:35:08.408+0000][36436][gc,marking   ] GC(185) Concurrent Cleanup for Next Mark
[2020-10-06T06:35:08.410+0000][36436][gc,marking   ] GC(185) Concurrent Cleanup for Next Mark 2.024ms
[2020-10-06T06:35:08.410+0000][36436][gc           ] GC(185) Concurrent Cycle 317.078ms
[2020-10-06T06:35:08.461+0000][36436][gc,start     ] GC(186) Pause Young (Concurrent Start) (G1 Humongous Allocation)
[2020-10-06T06:35:08.461+0000][36436][gc,task      ] GC(186) Using 8 workers of 8 for evacuation
[2020-10-06T06:35:08.461+0000][36436][gc,age       ] GC(186) Desired survivor size 32505856 bytes, new threshold 15 (max threshold 15)
[2020-10-06T06:35:08.469+0000][36436][gc,age       ] GC(186) Age table with threshold 15 (max threshold 15)
[2020-10-06T06:35:08.469+0000][36436][gc,age       ] GC(186) - age   1:    3544472 bytes,    3544472 total
[2020-10-06T06:35:08.469+0000][36436][gc,age       ] GC(186) - age   2:      15040 bytes,    3559512 total
[2020-10-06T06:35:08.469+0000][36436][gc,age       ] GC(186) - age   3:       1704 bytes,    3561216 total
[2020-10-06T06:35:08.469+0000][36436][gc,age       ] GC(186) - age   4:        968 bytes,    3562184 total
[2020-10-06T06:35:08.469+0000][36436][gc,age       ] GC(186) - age   5:      11296 bytes,    3573480 total
[2020-10-06T06:35:08.469+0000][36436][gc,age       ] GC(186) - age   6:      11880 bytes,    3585360 total
[2020-10-06T06:35:08.469+0000][36436][gc,age       ] GC(186) - age   7:      18896 bytes,    3604256 total
[2020-10-06T06:35:08.469+0000][36436][gc,age       ] GC(186) - age   8:        624 bytes,    3604880 total
[2020-10-06T06:35:08.469+0000][36436][gc,age       ] GC(186) - age   9:        232 bytes,    3605112 total
[2020-10-06T06:35:08.469+0000][36436][gc,age       ] GC(186) - age  10:       1680 bytes,    3606792 total
[2020-10-06T06:35:08.469+0000][36436][gc,age       ] GC(186) - age  11:        384 bytes,    3607176 total
[2020-10-06T06:35:08.469+0000][36436][gc,age       ] GC(186) - age  12:        992 bytes,    3608168 total
[2020-10-06T06:35:08.469+0000][36436][gc,age       ] GC(186) - age  13:       1608 bytes,    3609776 total
[2020-10-06T06:35:08.469+0000][36436][gc,age       ] GC(186) - age  14:       1848 bytes,    3611624 total
[2020-10-06T06:35:08.469+0000][36436][gc,age       ] GC(186) - age  15:      21192 bytes,    3632816 total
[2020-10-06T06:35:08.469+0000][36436][gc,phases    ] GC(186)   Pre Evacuate Collection Set: 2.2ms
[2020-10-06T06:35:08.470+0000][36436][gc,phases    ] GC(186)   Merge Heap Roots: 0.6ms
[2020-10-06T06:35:08.470+0000][36436][gc,phases    ] GC(186)   Evacuate Collection Set: 3.1ms
[2020-10-06T06:35:08.470+0000][36436][gc,phases    ] GC(186)   Post Evacuate Collection Set: 1.4ms
[2020-10-06T06:35:08.470+0000][36436][gc,phases    ] GC(186)   Other: 1.6ms
[2020-10-06T06:35:08.470+0000][36436][gc,heap      ] GC(186) Eden regions: 157->0(491)
[2020-10-06T06:35:08.470+0000][36436][gc,heap      ] GC(186) Survivor regions: 11->5(62)
[2020-10-06T06:35:08.470+0000][36436][gc,heap      ] GC(186) Old regions: 77->77
[2020-10-06T06:35:08.470+0000][36436][gc,heap      ] GC(186) Archive regions: 0->0
[2020-10-06T06:35:08.470+0000][36436][gc,heap      ] GC(186) Humongous regions: 634->174
[2020-10-06T06:35:08.470+0000][36436][gc,metaspace ] GC(186) Metaspace: 87867K(93820K)->87867K(93820K) NonClass: 76738K(80252K)->76738K(80252K) Class: 11129K(13568K)->11129K(13568K)
[2020-10-06T06:35:08.470+0000][36436][gc           ] GC(186) Pause Young (Concurrent Start) (G1 Humongous Allocation) 878M->254M(1024M) 9.170ms
[2020-10-06T06:35:08.470+0000][36436][gc,cpu       ] GC(186) User=0.00s Sys=0.00s Real=0.01s
[2020-10-06T06:35:08.470+0000][36436][gc           ] GC(187) Concurrent Cycle
[2020-10-06T06:35:08.470+0000][36436][gc,marking   ] GC(187) Concurrent Clear Claimed Marks
[2020-10-06T06:35:08.470+0000][36436][safepoint    ] Safepoint "G1TryInitiateConcMark", Time since last: 52235100 ns, Reaching safepoint: 294700 ns, At safepoint: 9668900 ns, Total: 9963600 ns
[2020-10-06T06:35:08.471+0000][36436][gc,marking   ] GC(187) Concurrent Clear Claimed Marks 0.778ms
[2020-10-06T06:35:08.471+0000][36436][gc,marking   ] GC(187) Concurrent Scan Root Regions
[2020-10-06T06:35:08.474+0000][36436][gc,marking   ] GC(187) Concurrent Scan Root Regions 3.100ms
[2020-10-06T06:35:08.474+0000][36436][gc,marking   ] GC(187) Concurrent Mark (8978.672s)
[2020-10-06T06:35:08.474+0000][36436][gc,marking   ] GC(187) Concurrent Mark From Roots
[2020-10-06T06:35:08.474+0000][36436][gc,task      ] GC(187) Using 2 workers of 2 for marking
[2020-10-06T06:35:08.647+0000][36436][gc,marking   ] GC(187) Concurrent Mark From Roots 172.825ms
[2020-10-06T06:35:08.647+0000][36436][gc,marking   ] GC(187) Concurrent Preclean
[2020-10-06T06:35:08.648+0000][36436][gc,marking   ] GC(187) Concurrent Preclean 0.912ms
[2020-10-06T06:35:08.648+0000][36436][gc,marking   ] GC(187) Concurrent Mark (8978.672s, 8978.846s) 174.005ms
[2020-10-06T06:35:08.648+0000][36436][gc,start     ] GC(187) Pause Remark
[2020-10-06T06:35:08.656+0000][36436][gc           ] GC(187) Pause Remark 528M->528M(1024M) 7.042ms
[2020-10-06T06:35:08.656+0000][36436][gc,cpu       ] GC(187) User=0.00s Sys=0.00s Real=0.01s
[2020-10-06T06:35:08.656+0000][36436][safepoint    ] Safepoint "G1Concurrent", Time since last: 178075000 ns, Reaching safepoint: 177600 ns, At safepoint: 7378200 ns, Total: 7555800 ns
[2020-10-06T06:35:08.656+0000][36436][gc,marking   ] GC(187) Concurrent Rebuild Remembered Sets
[2020-10-06T06:35:08.757+0000][36436][gc,marking   ] GC(187) Concurrent Rebuild Remembered Sets 100.935ms
[2020-10-06T06:35:08.757+0000][36436][gc,start     ] GC(187) Pause Cleanup
[2020-10-06T06:35:08.758+0000][36436][gc           ] GC(187) Pause Cleanup 669M->669M(1024M) 0.451ms
[2020-10-06T06:35:08.758+0000][36436][gc,cpu       ] GC(187) User=0.00s Sys=0.00s Real=0.00s
[2020-10-06T06:35:08.758+0000][36436][safepoint    ] Safepoint "G1Concurrent", Time since last: 101191400 ns, Reaching safepoint: 289900 ns, At safepoint: 700600 ns, Total: 990500 ns
[2020-10-06T06:35:08.758+0000][36436][gc,marking   ] GC(187) Concurrent Cleanup for Next Mark
[2020-10-06T06:35:08.760+0000][36436][gc,marking   ] GC(187) Concurrent Cleanup for Next Mark 1.948ms
[2020-10-06T06:35:08.760+0000][36436][gc           ] GC(187) Concurrent Cycle 290.342ms
[2020-10-06T06:35:08.894+0000][36436][gc,start     ] GC(188) Pause Young (Concurrent Start) (G1 Humongous Allocation)
[2020-10-06T06:35:08.894+0000][36436][gc,task      ] GC(188) Using 8 workers of 8 for evacuation
[2020-10-06T06:35:08.894+0000][36436][gc,age       ] GC(188) Desired survivor size 32505856 bytes, new threshold 15 (max threshold 15)
[2020-10-06T06:35:08.902+0000][36436][gc,age       ] GC(188) Age table with threshold 15 (max threshold 15)
[2020-10-06T06:35:08.902+0000][36436][gc,age       ] GC(188) - age   1:   10898480 bytes,   10898480 total
[2020-10-06T06:35:08.902+0000][36436][gc,age       ] GC(188) - age   2:       2000 bytes,   10900480 total
[2020-10-06T06:35:08.902+0000][36436][gc,age       ] GC(188) - age   3:      13064 bytes,   10913544 total
[2020-10-06T06:35:08.902+0000][36436][gc,age       ] GC(188) - age   4:       1248 bytes,   10914792 total
[2020-10-06T06:35:08.903+0000][36436][gc,age       ] GC(188) - age   5:        872 bytes,   10915664 total
[2020-10-06T06:35:08.903+0000][36436][gc,age       ] GC(188) - age   6:      11296 bytes,   10926960 total
[2020-10-06T06:35:08.903+0000][36436][gc,age       ] GC(188) - age   7:      11880 bytes,   10938840 total
[2020-10-06T06:35:08.903+0000][36436][gc,age       ] GC(188) - age   8:      18864 bytes,   10957704 total
[2020-10-06T06:35:08.903+0000][36436][gc,age       ] GC(188) - age   9:        592 bytes,   10958296 total
[2020-10-06T06:35:08.903+0000][36436][gc,age       ] GC(188) - age  10:        232 bytes,   10958528 total
[2020-10-06T06:35:08.903+0000][36436][gc,age       ] GC(188) - age  11:       1680 bytes,   10960208 total
[2020-10-06T06:35:08.903+0000][36436][gc,age       ] GC(188) - age  12:        384 bytes,   10960592 total
[2020-10-06T06:35:08.903+0000][36436][gc,age       ] GC(188) - age  13:        928 bytes,   10961520 total
[2020-10-06T06:35:08.903+0000][36436][gc,age       ] GC(188) - age  14:       1608 bytes,   10963128 total
[2020-10-06T06:35:08.903+0000][36436][gc,age       ] GC(188) - age  15:       1784 bytes,   10964912 total
[2020-10-06T06:35:08.903+0000][36436][gc,phases    ] GC(188)   Pre Evacuate Collection Set: 0.7ms
[2020-10-06T06:35:08.903+0000][36436][gc,phases    ] GC(188)   Merge Heap Roots: 0.2ms
[2020-10-06T06:35:08.903+0000][36436][gc,phases    ] GC(188)   Evacuate Collection Set: 5.6ms
[2020-10-06T06:35:08.903+0000][36436][gc,phases    ] GC(188)   Post Evacuate Collection Set: 1.3ms
[2020-10-06T06:35:08.903+0000][36436][gc,phases    ] GC(188)   Other: 1.4ms
[2020-10-06T06:35:08.903+0000][36436][gc,heap      ] GC(188) Eden regions: 131->0(473)
[2020-10-06T06:35:08.904+0000][36436][gc,heap      ] GC(188) Survivor regions: 5->12(62)
[2020-10-06T06:35:08.904+0000][36436][gc,heap      ] GC(188) Old regions: 77->77
[2020-10-06T06:35:08.904+0000][36436][gc,heap      ] GC(188) Archive regions: 0->0
[2020-10-06T06:35:08.904+0000][36436][gc,heap      ] GC(188) Humongous regions: 482->174
[2020-10-06T06:35:08.904+0000][36436][gc,metaspace ] GC(188) Metaspace: 87886K(93820K)->87886K(93820K) NonClass: 76756K(80252K)->76756K(80252K) Class: 11129K(13568K)->11129K(13568K)
[2020-10-06T06:35:08.904+0000][36436][gc           ] GC(188) Pause Young (Concurrent Start) (G1 Humongous Allocation) 693M->261M(1024M) 9.710ms
[2020-10-06T06:35:08.904+0000][36436][gc,cpu       ] GC(188) User=0.08s Sys=0.00s Real=0.01s
[2020-10-06T06:35:08.904+0000][36436][gc           ] GC(189) Concurrent Cycle
[2020-10-06T06:35:08.904+0000][36436][gc,marking   ] GC(189) Concurrent Clear Claimed Marks
[2020-10-06T06:35:08.904+0000][36436][gc,marking   ] GC(189) Concurrent Clear Claimed Marks 0.379ms
[2020-10-06T06:35:08.904+0000][36436][gc,marking   ] GC(189) Concurrent Scan Root Regions
[2020-10-06T06:35:08.907+0000][36436][gc,marking   ] GC(189) Concurrent Scan Root Regions 2.831ms
[2020-10-06T06:35:08.907+0000][36436][gc,marking   ] GC(189) Concurrent Mark (8979.106s)
[2020-10-06T06:35:08.907+0000][36436][gc,marking   ] GC(189) Concurrent Mark From Roots
[2020-10-06T06:35:08.907+0000][36436][gc,task      ] GC(189) Using 2 workers of 2 for marking
[2020-10-06T06:35:08.913+0000][36436][safepoint    ] Safepoint "G1TryInitiateConcMark", Time since last: 115174900 ns, Reaching safepoint: 20892100 ns, At safepoint: 19234000 ns, Total: 40126100 ns
[2020-10-06T06:35:09.107+0000][36436][gc,marking   ] GC(189) Concurrent Mark From Roots 200.207ms
[2020-10-06T06:35:09.107+0000][36436][gc,marking   ] GC(189) Concurrent Preclean
[2020-10-06T06:35:09.108+0000][36436][gc,marking   ] GC(189) Concurrent Preclean 1.080ms
[2020-10-06T06:35:09.108+0000][36436][gc,marking   ] GC(189) Concurrent Mark (8979.106s, 8979.307s) 201.533ms
[2020-10-06T06:35:09.112+0000][36436][gc,start     ] GC(189) Pause Remark
[2020-10-06T06:35:09.118+0000][36436][gc           ] GC(189) Pause Remark 451M->451M(1024M) 6.682ms
[2020-10-06T06:35:09.119+0000][36436][gc,cpu       ] GC(189) User=0.11s Sys=0.02s Real=0.01s
[2020-10-06T06:35:09.119+0000][36436][safepoint    ] Safepoint "G1Concurrent", Time since last: 195744700 ns, Reaching safepoint: 3175200 ns, At safepoint: 7021100 ns, Total: 10196300 ns
[2020-10-06T06:35:09.119+0000][36436][gc,marking   ] GC(189) Concurrent Rebuild Remembered Sets
[2020-10-06T06:35:09.228+0000][36436][gc,marking   ] GC(189) Concurrent Rebuild Remembered Sets 108.954ms
[2020-10-06T06:35:09.231+0000][36436][gc,start     ] GC(189) Pause Cleanup
[2020-10-06T06:35:09.231+0000][36436][gc           ] GC(189) Pause Cleanup 524M->524M(1024M) 0.405ms
[2020-10-06T06:35:09.231+0000][36436][gc,cpu       ] GC(189) User=0.00s Sys=0.00s Real=0.00s
[2020-10-06T06:35:09.231+0000][36436][safepoint    ] Safepoint "G1Concurrent", Time since last: 109195400 ns, Reaching safepoint: 2821600 ns, At safepoint: 704400 ns, Total: 3526000 ns
[2020-10-06T06:35:09.231+0000][36436][gc,marking   ] GC(189) Concurrent Cleanup for Next Mark
[2020-10-06T06:35:09.234+0000][36436][gc,marking   ] GC(189) Concurrent Cleanup for Next Mark 2.123ms
[2020-10-06T06:35:09.234+0000][36436][gc           ] GC(189) Concurrent Cycle 330.331ms
[2020-10-06T06:35:09.236+0000][36436][gc,start     ] GC(190) Pause Young (Concurrent Start) (G1 Humongous Allocation)
[2020-10-06T06:35:09.236+0000][36436][gc,task      ] GC(190) Using 8 workers of 8 for evacuation
[2020-10-06T06:35:09.236+0000][36436][gc,age       ] GC(190) Desired survivor size 31981568 bytes, new threshold 15 (max threshold 15)
[2020-10-06T06:35:09.240+0000][36436][gc,age       ] GC(190) Age table with threshold 15 (max threshold 15)
[2020-10-06T06:35:09.240+0000][36436][gc,age       ] GC(190) - age   1:    1469616 bytes,    1469616 total
[2020-10-06T06:35:09.241+0000][36436][gc,age       ] GC(190) - age   2:    2419960 bytes,    3889576 total
[2020-10-06T06:35:09.241+0000][36436][gc,age       ] GC(190) - age   3:       1904 bytes,    3891480 total
[2020-10-06T06:35:09.241+0000][36436][gc,age       ] GC(190) - age   4:      12760 bytes,    3904240 total
[2020-10-06T06:35:09.241+0000][36436][gc,age       ] GC(190) - age   5:       1248 bytes,    3905488 total
[2020-10-06T06:35:09.241+0000][36436][gc,age       ] GC(190) - age   6:        872 bytes,    3906360 total
[2020-10-06T06:35:09.241+0000][36436][gc,age       ] GC(190) - age   7:      11296 bytes,    3917656 total
[2020-10-06T06:35:09.241+0000][36436][gc,age       ] GC(190) - age   8:      11880 bytes,    3929536 total
[2020-10-06T06:35:09.241+0000][36436][gc,age       ] GC(190) - age   9:      18864 bytes,    3948400 total
[2020-10-06T06:35:09.241+0000][36436][gc,age       ] GC(190) - age  10:        592 bytes,    3948992 total
[2020-10-06T06:35:09.241+0000][36436][gc,age       ] GC(190) - age  11:        232 bytes,    3949224 total
[2020-10-06T06:35:09.241+0000][36436][gc,age       ] GC(190) - age  12:       1656 bytes,    3950880 total
[2020-10-06T06:35:09.241+0000][36436][gc,age       ] GC(190) - age  13:        384 bytes,    3951264 total
[2020-10-06T06:35:09.241+0000][36436][gc,age       ] GC(190) - age  14:        928 bytes,    3952192 total
[2020-10-06T06:35:09.241+0000][36436][gc,age       ] GC(190) - age  15:       1608 bytes,    3953800 total
[2020-10-06T06:35:09.241+0000][36436][gc,phases    ] GC(190)   Pre Evacuate Collection Set: 0.5ms
[2020-10-06T06:35:09.241+0000][36436][gc,phases    ] GC(190)   Merge Heap Roots: 0.2ms
[2020-10-06T06:35:09.241+0000][36436][gc,phases    ] GC(190)   Evacuate Collection Set: 2.3ms
[2020-10-06T06:35:09.241+0000][36436][gc,phases    ] GC(190)   Post Evacuate Collection Set: 1.1ms
[2020-10-06T06:35:09.242+0000][36436][gc,phases    ] GC(190)   Other: 1.3ms
[2020-10-06T06:35:09.242+0000][36436][gc,heap      ] GC(190) Eden regions: 60->0(486)
[2020-10-06T06:35:09.242+0000][36436][gc,heap      ] GC(190) Survivor regions: 12->5(61)
[2020-10-06T06:35:09.242+0000][36436][gc,heap      ] GC(190) Old regions: 77->77
[2020-10-06T06:35:09.242+0000][36436][gc,heap      ] GC(190) Archive regions: 0->0
[2020-10-06T06:35:09.242+0000][36436][gc,heap      ] GC(190) Humongous regions: 378->174
[2020-10-06T06:35:09.242+0000][36436][gc,metaspace ] GC(190) Metaspace: 87888K(93820K)->87888K(93820K) NonClass: 76758K(80252K)->76758K(80252K) Class: 11129K(13568K)->11129K(13568K)
[2020-10-06T06:35:09.242+0000][36436][gc           ] GC(190) Pause Young (Concurrent Start) (G1 Humongous Allocation) 525M->255M(1024M) 5.901ms
[2020-10-06T06:35:09.242+0000][36436][gc,cpu       ] GC(190) User=0.11s Sys=0.00s Real=0.01s
[2020-10-06T06:35:09.242+0000][36436][gc           ] GC(191) Concurrent Cycle
[2020-10-06T06:35:09.242+0000][36436][safepoint    ] Safepoint "G1TryInitiateConcMark", Time since last: 4347900 ns, Reaching safepoint: 179400 ns, At safepoint: 6168800 ns, Total: 6348200 ns
[2020-10-06T06:35:09.242+0000][36436][gc,marking   ] GC(191) Concurrent Clear Claimed Marks
[2020-10-06T06:35:09.243+0000][36436][gc,marking   ] GC(191) Concurrent Clear Claimed Marks 0.705ms
[2020-10-06T06:35:09.243+0000][36436][gc,marking   ] GC(191) Concurrent Scan Root Regions
[2020-10-06T06:35:09.246+0000][36436][gc,marking   ] GC(191) Concurrent Scan Root Regions 3.286ms
[2020-10-06T06:35:09.246+0000][36436][gc,marking   ] GC(191) Concurrent Mark (8979.445s)
[2020-10-06T06:35:09.246+0000][36436][gc,marking   ] GC(191) Concurrent Mark From Roots
[2020-10-06T06:35:09.246+0000][36436][gc,task      ] GC(191) Using 2 workers of 2 for marking
[2020-10-06T06:35:09.443+0000][36436][gc,marking   ] GC(191) Concurrent Mark From Roots 195.851ms
[2020-10-06T06:35:09.443+0000][36436][gc,marking   ] GC(191) Concurrent Preclean
[2020-10-06T06:35:09.445+0000][36436][gc,marking   ] GC(191) Concurrent Preclean 1.520ms
[2020-10-06T06:35:09.445+0000][36436][gc,marking   ] GC(191) Concurrent Mark (8979.445s, 8979.643s) 197.889ms
[2020-10-06T06:35:09.446+0000][36436][gc,start     ] GC(191) Pause Remark
[2020-10-06T06:35:09.456+0000][36436][gc           ] GC(191) Pause Remark 337M->337M(1024M) 9.867ms
[2020-10-06T06:35:09.456+0000][36436][gc,cpu       ] GC(191) User=0.00s Sys=0.00s Real=0.01s
[2020-10-06T06:35:09.457+0000][36436][safepoint    ] Safepoint "G1Concurrent", Time since last: 202341900 ns, Reaching safepoint: 1311400 ns, At safepoint: 10157100 ns, Total: 11468500 ns
[2020-10-06T06:35:09.457+0000][36436][gc,marking   ] GC(191) Concurrent Rebuild Remembered Sets
[2020-10-06T06:35:09.559+0000][36436][gc,marking   ] GC(191) Concurrent Rebuild Remembered Sets 102.584ms
[2020-10-06T06:35:09.560+0000][36436][gc,start     ] GC(191) Pause Cleanup
[2020-10-06T06:35:09.560+0000][36436][gc           ] GC(191) Pause Cleanup 521M->521M(1024M) 0.426ms
[2020-10-06T06:35:09.560+0000][36436][gc,cpu       ] GC(191) User=0.00s Sys=0.00s Real=0.00s
[2020-10-06T06:35:09.561+0000][36436][safepoint    ] Safepoint "G1Concurrent", Time since last: 102847300 ns, Reaching safepoint: 378400 ns, At safepoint: 978400 ns, Total: 1356800 ns
[2020-10-06T06:35:09.561+0000][36436][gc,marking   ] GC(191) Concurrent Cleanup for Next Mark
[2020-10-06T06:35:09.563+0000][36436][gc,marking   ] GC(191) Concurrent Cleanup for Next Mark 2.151ms
[2020-10-06T06:35:09.563+0000][36436][gc           ] GC(191) Concurrent Cycle 320.505ms
[2020-10-06T06:35:09.622+0000][36436][gc,start     ] GC(192) Pause Young (Concurrent Start) (G1 Humongous Allocation)
[2020-10-06T06:35:09.622+0000][36436][gc,task      ] GC(192) Using 8 workers of 8 for evacuation
[2020-10-06T06:35:09.623+0000][36436][gc,age       ] GC(192) Desired survivor size 32505856 bytes, new threshold 15 (max threshold 15)
[2020-10-06T06:35:09.629+0000][36436][gc,age       ] GC(192) Age table with threshold 15 (max threshold 15)
[2020-10-06T06:35:09.630+0000][36436][gc,age       ] GC(192) - age   1:    3436288 bytes,    3436288 total
[2020-10-06T06:35:09.630+0000][36436][gc,age       ] GC(192) - age   2:        832 bytes,    3437120 total
[2020-10-06T06:35:09.630+0000][36436][gc,age       ] GC(192) - age   3:       3656 bytes,    3440776 total
[2020-10-06T06:35:09.630+0000][36436][gc,age       ] GC(192) - age   4:       1640 bytes,    3442416 total
[2020-10-06T06:35:09.630+0000][36436][gc,age       ] GC(192) - age   5:      12568 bytes,    3454984 total
[2020-10-06T06:35:09.630+0000][36436][gc,age       ] GC(192) - age   6:       1056 bytes,    3456040 total
[2020-10-06T06:35:09.630+0000][36436][gc,age       ] GC(192) - age   7:        840 bytes,    3456880 total
[2020-10-06T06:35:09.630+0000][36436][gc,age       ] GC(192) - age   8:      11264 bytes,    3468144 total
[2020-10-06T06:35:09.630+0000][36436][gc,age       ] GC(192) - age   9:      11688 bytes,    3479832 total
[2020-10-06T06:35:09.630+0000][36436][gc,age       ] GC(192) - age  10:      18864 bytes,    3498696 total
[2020-10-06T06:35:09.630+0000][36436][gc,age       ] GC(192) - age  11:        528 bytes,    3499224 total
[2020-10-06T06:35:09.631+0000][36436][gc,age       ] GC(192) - age  12:        232 bytes,    3499456 total
[2020-10-06T06:35:09.631+0000][36436][gc,age       ] GC(192) - age  13:       1528 bytes,    3500984 total
[2020-10-06T06:35:09.631+0000][36436][gc,age       ] GC(192) - age  14:        320 bytes,    3501304 total
[2020-10-06T06:35:09.631+0000][36436][gc,age       ] GC(192) - age  15:        928 bytes,    3502232 total
[2020-10-06T06:35:09.631+0000][36436][gc,phases    ] GC(192)   Pre Evacuate Collection Set: 0.6ms
[2020-10-06T06:35:09.631+0000][36436][gc,phases    ] GC(192)   Merge Heap Roots: 0.1ms
[2020-10-06T06:35:09.631+0000][36436][gc,phases    ] GC(192)   Evacuate Collection Set: 3.1ms
[2020-10-06T06:35:09.631+0000][36436][gc,phases    ] GC(192)   Post Evacuate Collection Set: 2.6ms
[2020-10-06T06:35:09.631+0000][36436][gc,phases    ] GC(192)   Other: 2.4ms
[2020-10-06T06:35:09.631+0000][36436][gc,heap      ] GC(192) Eden regions: 92->0(490)
[2020-10-06T06:35:09.631+0000][36436][gc,heap      ] GC(192) Survivor regions: 5->4(62)
[2020-10-06T06:35:09.631+0000][36436][gc,heap      ] GC(192) Old regions: 77->77
[2020-10-06T06:35:09.632+0000][36436][gc,heap      ] GC(192) Archive regions: 0->0
[2020-10-06T06:35:09.632+0000][36436][gc,heap      ] GC(192) Humongous regions: 370->174
[2020-10-06T06:35:09.632+0000][36436][gc,metaspace ] GC(192) Metaspace: 87906K(93820K)->87906K(93820K) NonClass: 76776K(80252K)->76776K(80252K) Class: 11129K(13568K)->11129K(13568K)
[2020-10-06T06:35:09.632+0000][36436][gc           ] GC(192) Pause Young (Concurrent Start) (G1 Humongous Allocation) 542M->254M(1024M) 9.309ms
[2020-10-06T06:35:09.632+0000][36436][gc,cpu       ] GC(192) User=0.05s Sys=0.00s Real=0.01s
[2020-10-06T06:35:09.632+0000][36436][gc           ] GC(193) Concurrent Cycle
[2020-10-06T06:35:09.632+0000][36436][gc,marking   ] GC(193) Concurrent Clear Claimed Marks
[2020-10-06T06:35:09.632+0000][36436][safepoint    ] Safepoint "G1TryInitiateConcMark", Time since last: 61385100 ns, Reaching safepoint: 204500 ns, At safepoint: 9714000 ns, Total: 9918500 ns
[2020-10-06T06:35:09.634+0000][36436][gc,marking   ] GC(193) Concurrent Clear Claimed Marks 1.776ms
[2020-10-06T06:35:09.634+0000][36436][gc,marking   ] GC(193) Concurrent Scan Root Regions
[2020-10-06T06:35:09.637+0000][36436][gc,marking   ] GC(193) Concurrent Scan Root Regions 2.726ms
[2020-10-06T06:35:09.637+0000][36436][gc,marking   ] GC(193) Concurrent Mark (8979.835s)
[2020-10-06T06:35:09.637+0000][36436][gc,marking   ] GC(193) Concurrent Mark From Roots
[2020-10-06T06:35:09.637+0000][36436][gc,task      ] GC(193) Using 2 workers of 2 for marking
[2020-10-06T06:35:09.836+0000][36436][gc,marking   ] GC(193) Concurrent Mark From Roots 200.069ms
[2020-10-06T06:35:09.836+0000][36436][gc,marking   ] GC(193) Concurrent Preclean
[2020-10-06T06:35:09.837+0000][36436][gc,marking   ] GC(193) Concurrent Preclean 0.918ms
[2020-10-06T06:35:09.837+0000][36436][gc,marking   ] GC(193) Concurrent Mark (8979.835s, 8980.036s) 201.283ms
[2020-10-06T06:35:09.838+0000][36436][gc,start     ] GC(193) Pause Remark
[2020-10-06T06:35:09.847+0000][36436][gc           ] GC(193) Pause Remark 318M->318M(1024M) 9.119ms
[2020-10-06T06:35:09.847+0000][36436][gc,cpu       ] GC(193) User=0.00s Sys=0.00s Real=0.01s
[2020-10-06T06:35:09.847+0000][36436][safepoint    ] Safepoint "G1Concurrent", Time since last: 206186400 ns, Reaching safepoint: 156400 ns, At safepoint: 9390900 ns, Total: 9547300 ns
[2020-10-06T06:35:09.847+0000][36436][gc,marking   ] GC(193) Concurrent Rebuild Remembered Sets
[2020-10-06T06:35:09.982+0000][36436][gc,marking   ] GC(193) Concurrent Rebuild Remembered Sets 134.571ms
[2020-10-06T06:35:09.982+0000][36436][gc,start     ] GC(193) Pause Cleanup
[2020-10-06T06:35:09.983+0000][36436][gc           ] GC(193) Pause Cleanup 379M->379M(1024M) 0.513ms
[2020-10-06T06:35:09.983+0000][36436][gc,cpu       ] GC(193) User=0.00s Sys=0.00s Real=0.00s
[2020-10-06T06:35:09.983+0000][36436][safepoint    ] Safepoint "G1Concurrent", Time since last: 134839000 ns, Reaching safepoint: 160000 ns, At safepoint: 772500 ns, Total: 932500 ns
[2020-10-06T06:35:09.983+0000][36436][gc,marking   ] GC(193) Concurrent Cleanup for Next Mark
[2020-10-06T06:35:09.986+0000][36436][gc,marking   ] GC(193) Concurrent Cleanup for Next Mark 3.202ms
[2020-10-06T06:35:09.986+0000][36436][gc           ] GC(193) Concurrent Cycle 355.099ms
[2020-10-06T06:35:10.132+0000][36436][gc,start     ] GC(194) Pause Young (Concurrent Start) (G1 Humongous Allocation)
[2020-10-06T06:35:10.132+0000][36436][gc,task      ] GC(194) Using 8 workers of 8 for evacuation
[2020-10-06T06:35:10.132+0000][36436][gc,age       ] GC(194) Desired survivor size 32505856 bytes, new threshold 15 (max threshold 15)
[2020-10-06T06:35:10.137+0000][36436][gc,age       ] GC(194) Age table with threshold 15 (max threshold 15)
[2020-10-06T06:35:10.137+0000][36436][gc,age       ] GC(194) - age   1:    3236096 bytes,    3236096 total
[2020-10-06T06:35:10.137+0000][36436][gc,age       ] GC(194) - age   2:     208376 bytes,    3444472 total
[2020-10-06T06:35:10.137+0000][36436][gc,age       ] GC(194) - age   3:        600 bytes,    3445072 total
[2020-10-06T06:35:10.137+0000][36436][gc,age       ] GC(194) - age   4:       2480 bytes,    3447552 total
[2020-10-06T06:35:10.137+0000][36436][gc,age       ] GC(194) - age   5:       1640 bytes,    3449192 total
[2020-10-06T06:35:10.137+0000][36436][gc,age       ] GC(194) - age   6:      12312 bytes,    3461504 total
[2020-10-06T06:35:10.137+0000][36436][gc,age       ] GC(194) - age   7:        704 bytes,    3462208 total
[2020-10-06T06:35:10.137+0000][36436][gc,age       ] GC(194) - age   8:        840 bytes,    3463048 total
[2020-10-06T06:35:10.137+0000][36436][gc,age       ] GC(194) - age   9:      11232 bytes,    3474280 total
[2020-10-06T06:35:10.137+0000][36436][gc,age       ] GC(194) - age  10:      11688 bytes,    3485968 total
[2020-10-06T06:35:10.137+0000][36436][gc,age       ] GC(194) - age  11:      18864 bytes,    3504832 total
[2020-10-06T06:35:10.137+0000][36436][gc,age       ] GC(194) - age  12:        528 bytes,    3505360 total
[2020-10-06T06:35:10.137+0000][36436][gc,age       ] GC(194) - age  13:        232 bytes,    3505592 total
[2020-10-06T06:35:10.137+0000][36436][gc,age       ] GC(194) - age  14:       1528 bytes,    3507120 total
[2020-10-06T06:35:10.137+0000][36436][gc,age       ] GC(194) - age  15:        320 bytes,    3507440 total
[2020-10-06T06:35:10.137+0000][36436][gc,phases    ] GC(194)   Pre Evacuate Collection Set: 0.5ms
[2020-10-06T06:35:10.138+0000][36436][gc,phases    ] GC(194)   Merge Heap Roots: 0.1ms
[2020-10-06T06:35:10.138+0000][36436][gc,phases    ] GC(194)   Evacuate Collection Set: 2.8ms
[2020-10-06T06:35:10.138+0000][36436][gc,phases    ] GC(194)   Post Evacuate Collection Set: 1.0ms
[2020-10-06T06:35:10.138+0000][36436][gc,phases    ] GC(194)   Other: 1.3ms
[2020-10-06T06:35:10.138+0000][36436][gc,heap      ] GC(194) Eden regions: 42->0(493)
[2020-10-06T06:35:10.138+0000][36436][gc,heap      ] GC(194) Survivor regions: 4->4(62)
[2020-10-06T06:35:10.138+0000][36436][gc,heap      ] GC(194) Old regions: 77->77
[2020-10-06T06:35:10.138+0000][36436][gc,heap      ] GC(194) Archive regions: 0->0
[2020-10-06T06:35:10.138+0000][36436][gc,heap      ] GC(194) Humongous regions: 270->174
[2020-10-06T06:35:10.139+0000][36436][gc,metaspace ] GC(194) Metaspace: 87907K(93820K)->87907K(93820K) NonClass: 76777K(80252K)->76777K(80252K) Class: 11129K(13568K)->11129K(13568K)
[2020-10-06T06:35:10.139+0000][36436][gc           ] GC(194) Pause Young (Concurrent Start) (G1 Humongous Allocation) 391M->254M(1024M) 6.216ms
[2020-10-06T06:35:10.139+0000][36436][gc,cpu       ] GC(194) User=0.00s Sys=0.00s Real=0.01s
[2020-10-06T06:35:10.139+0000][36436][safepoint    ] Safepoint "G1TryInitiateConcMark", Time since last: 148676600 ns, Reaching safepoint: 165700 ns, At safepoint: 6489700 ns, Total: 6655400 ns
[2020-10-06T06:35:10.139+0000][36436][gc           ] GC(195) Concurrent Cycle
[2020-10-06T06:35:10.139+0000][36436][gc,marking   ] GC(195) Concurrent Clear Claimed Marks
[2020-10-06T06:35:10.139+0000][36436][gc,marking   ] GC(195) Concurrent Clear Claimed Marks 0.389ms
[2020-10-06T06:35:10.139+0000][36436][gc,marking   ] GC(195) Concurrent Scan Root Regions
[2020-10-06T06:35:10.141+0000][36436][gc,marking   ] GC(195) Concurrent Scan Root Regions 1.753ms
[2020-10-06T06:35:10.141+0000][36436][gc,marking   ] GC(195) Concurrent Mark (8980.339s)
[2020-10-06T06:35:10.141+0000][36436][gc,marking   ] GC(195) Concurrent Mark From Roots
[2020-10-06T06:35:10.141+0000][36436][gc,task      ] GC(195) Using 2 workers of 2 for marking
[2020-10-06T06:35:10.351+0000][36436][gc,marking   ] GC(195) Concurrent Mark From Roots 210.255ms
[2020-10-06T06:35:10.351+0000][36436][gc,marking   ] GC(195) Concurrent Preclean
[2020-10-06T06:35:10.352+0000][36436][gc,marking   ] GC(195) Concurrent Preclean 0.822ms
[2020-10-06T06:35:10.352+0000][36436][gc,marking   ] GC(195) Concurrent Mark (8980.339s, 8980.551s) 211.320ms
[2020-10-06T06:35:10.352+0000][36436][gc,start     ] GC(195) Pause Remark
[2020-10-06T06:35:10.359+0000][36436][gc           ] GC(195) Pause Remark 324M->324M(1024M) 6.851ms
[2020-10-06T06:35:10.359+0000][36436][gc,cpu       ] GC(195) User=0.00s Sys=0.00s Real=0.01s
[2020-10-06T06:35:10.360+0000][36436][safepoint    ] Safepoint "G1Concurrent", Time since last: 213826000 ns, Reaching safepoint: 147000 ns, At safepoint: 7657700 ns, Total: 7804700 ns
[2020-10-06T06:35:10.360+0000][36436][gc,marking   ] GC(195) Concurrent Rebuild Remembered Sets
[2020-10-06T06:35:10.469+0000][36436][gc,marking   ] GC(195) Concurrent Rebuild Remembered Sets 108.857ms
[2020-10-06T06:35:10.469+0000][36436][gc,start     ] GC(195) Pause Cleanup
[2020-10-06T06:35:10.470+0000][36436][gc           ] GC(195) Pause Cleanup 650M->650M(1024M) 0.418ms
[2020-10-06T06:35:10.470+0000][36436][gc,cpu       ] GC(195) User=0.00s Sys=0.00s Real=0.00s
[2020-10-06T06:35:10.470+0000][36436][safepoint    ] Safepoint "G1Concurrent", Time since last: 109105300 ns, Reaching safepoint: 218200 ns, At safepoint: 681600 ns, Total: 899800 ns
[2020-10-06T06:35:10.470+0000][36436][gc,marking   ] GC(195) Concurrent Cleanup for Next Mark
[2020-10-06T06:35:10.472+0000][36436][gc,marking   ] GC(195) Concurrent Cleanup for Next Mark 1.983ms
[2020-10-06T06:35:10.472+0000][36436][gc           ] GC(195) Concurrent Cycle 333.812ms
[2020-10-06T06:35:10.566+0000][36436][gc,start     ] GC(196) Pause Young (Concurrent Start) (G1 Humongous Allocation)
[2020-10-06T06:35:10.566+0000][36436][gc,task      ] GC(196) Using 8 workers of 8 for evacuation
[2020-10-06T06:35:10.566+0000][36436][gc,age       ] GC(196) Desired survivor size 33030144 bytes, new threshold 15 (max threshold 15)
[2020-10-06T06:35:10.573+0000][36436][gc,age       ] GC(196) Age table with threshold 15 (max threshold 15)
[2020-10-06T06:35:10.573+0000][36436][gc,age       ] GC(196) - age   1:   13949640 bytes,   13949640 total
[2020-10-06T06:35:10.573+0000][36436][gc,age       ] GC(196) - age   2:       2616 bytes,   13952256 total
[2020-10-06T06:35:10.573+0000][36436][gc,age       ] GC(196) - age   3:       1600 bytes,   13953856 total
[2020-10-06T06:35:10.573+0000][36436][gc,age       ] GC(196) - age   4:        264 bytes,   13954120 total
[2020-10-06T06:35:10.573+0000][36436][gc,age       ] GC(196) - age   5:       1448 bytes,   13955568 total
[2020-10-06T06:35:10.573+0000][36436][gc,age       ] GC(196) - age   6:       1544 bytes,   13957112 total
[2020-10-06T06:35:10.573+0000][36436][gc,age       ] GC(196) - age   7:      12120 bytes,   13969232 total
[2020-10-06T06:35:10.573+0000][36436][gc,age       ] GC(196) - age   8:        672 bytes,   13969904 total
[2020-10-06T06:35:10.573+0000][36436][gc,age       ] GC(196) - age   9:        840 bytes,   13970744 total
[2020-10-06T06:35:10.573+0000][36436][gc,age       ] GC(196) - age  10:      11232 bytes,   13981976 total
[2020-10-06T06:35:10.573+0000][36436][gc,age       ] GC(196) - age  11:      11656 bytes,   13993632 total
[2020-10-06T06:35:10.573+0000][36436][gc,age       ] GC(196) - age  12:      18864 bytes,   14012496 total
[2020-10-06T06:35:10.573+0000][36436][gc,age       ] GC(196) - age  13:        464 bytes,   14012960 total
[2020-10-06T06:35:10.573+0000][36436][gc,age       ] GC(196) - age  14:        232 bytes,   14013192 total
[2020-10-06T06:35:10.573+0000][36436][gc,age       ] GC(196) - age  15:       1528 bytes,   14014720 total
[2020-10-06T06:35:10.573+0000][36436][gc,phases    ] GC(196)   Pre Evacuate Collection Set: 0.4ms
[2020-10-06T06:35:10.574+0000][36436][gc,phases    ] GC(196)   Merge Heap Roots: 0.1ms
[2020-10-06T06:35:10.574+0000][36436][gc,phases    ] GC(196)   Evacuate Collection Set: 3.9ms
[2020-10-06T06:35:10.574+0000][36436][gc,phases    ] GC(196)   Post Evacuate Collection Set: 1.4ms
[2020-10-06T06:35:10.574+0000][36436][gc,phases    ] GC(196)   Other: 1.5ms
[2020-10-06T06:35:10.574+0000][36436][gc,heap      ] GC(196) Eden regions: 135->0(477)
[2020-10-06T06:35:10.574+0000][36436][gc,heap      ] GC(196) Survivor regions: 4->14(63)
[2020-10-06T06:35:10.574+0000][36436][gc,heap      ] GC(196) Old regions: 77->77
[2020-10-06T06:35:10.574+0000][36436][gc,heap      ] GC(196) Archive regions: 0->0
[2020-10-06T06:35:10.574+0000][36436][gc,heap      ] GC(196) Humongous regions: 478->174
[2020-10-06T06:35:10.574+0000][36436][gc,metaspace ] GC(196) Metaspace: 87936K(93820K)->87936K(93820K) NonClass: 76805K(80252K)->76805K(80252K) Class: 11130K(13568K)->11130K(13568K)
[2020-10-06T06:35:10.574+0000][36436][gc           ] GC(196) Pause Young (Concurrent Start) (G1 Humongous Allocation) 693M->264M(1024M) 7.903ms
[2020-10-06T06:35:10.574+0000][36436][gc,cpu       ] GC(196) User=0.02s Sys=0.02s Real=0.01s
[2020-10-06T06:35:10.574+0000][36436][gc           ] GC(197) Concurrent Cycle
[2020-10-06T06:35:10.574+0000][36436][gc,marking   ] GC(197) Concurrent Clear Claimed Marks
[2020-10-06T06:35:10.575+0000][36436][gc,marking   ] GC(197) Concurrent Clear Claimed Marks 0.457ms
[2020-10-06T06:35:10.575+0000][36436][gc,marking   ] GC(197) Concurrent Scan Root Regions
[2020-10-06T06:35:10.575+0000][36436][safepoint    ] Safepoint "G1TryInitiateConcMark", Time since last: 95900100 ns, Reaching safepoint: 516300 ns, At safepoint: 8930100 ns, Total: 9446400 ns
[2020-10-06T06:35:10.579+0000][36436][gc,marking   ] GC(197) Concurrent Scan Root Regions 2.812ms
[2020-10-06T06:35:10.579+0000][36436][gc,marking   ] GC(197) Concurrent Mark (8980.777s)
[2020-10-06T06:35:10.579+0000][36436][gc,marking   ] GC(197) Concurrent Mark From Roots
[2020-10-06T06:35:10.579+0000][36436][gc,task      ] GC(197) Using 2 workers of 2 for marking
[2020-10-06T06:35:10.766+0000][36436][gc,marking   ] GC(197) Concurrent Mark From Roots 188.517ms
[2020-10-06T06:35:10.767+0000][36436][gc,marking   ] GC(197) Concurrent Preclean
[2020-10-06T06:35:10.768+0000][36436][gc,marking   ] GC(197) Concurrent Preclean 0.930ms
[2020-10-06T06:35:10.768+0000][36436][gc,marking   ] GC(197) Concurrent Mark (8980.777s, 8980.966s) 189.682ms
[2020-10-06T06:35:10.768+0000][36436][gc,start     ] GC(197) Pause Remark
[2020-10-06T06:35:10.777+0000][36436][gc           ] GC(197) Pause Remark 594M->594M(1024M) 8.688ms
[2020-10-06T06:35:10.777+0000][36436][gc,cpu       ] GC(197) User=0.09s Sys=0.00s Real=0.01s
[2020-10-06T06:35:10.777+0000][36436][safepoint    ] Safepoint "G1Concurrent", Time since last: 192526500 ns, Reaching safepoint: 189900 ns, At safepoint: 9110400 ns, Total: 9300300 ns
[2020-10-06T06:35:10.777+0000][36436][gc,marking   ] GC(197) Concurrent Rebuild Remembered Sets
[2020-10-06T06:35:10.896+0000][36436][gc,marking   ] GC(197) Concurrent Rebuild Remembered Sets 118.245ms
[2020-10-06T06:35:10.897+0000][36436][gc,start     ] GC(197) Pause Cleanup
[2020-10-06T06:35:10.897+0000][36436][gc           ] GC(197) Pause Cleanup 729M->729M(1024M) 0.449ms
[2020-10-06T06:35:10.897+0000][36436][gc,cpu       ] GC(197) User=0.00s Sys=0.00s Real=0.00s
[2020-10-06T06:35:10.897+0000][36436][safepoint    ] Safepoint "G1Concurrent", Time since last: 118482200 ns, Reaching safepoint: 184700 ns, At safepoint: 642800 ns, Total: 827500 ns
[2020-10-06T06:35:10.897+0000][36436][gc,marking   ] GC(197) Concurrent Cleanup for Next Mark
[2020-10-06T06:35:10.899+0000][36436][gc,marking   ] GC(197) Concurrent Cleanup for Next Mark 1.858ms
[2020-10-06T06:35:10.899+0000][36436][gc           ] GC(197) Concurrent Cycle 323.998ms
[2020-10-06T06:35:10.966+0000][36436][gc,start     ] GC(198) Pause Young (Concurrent Start) (G1 Humongous Allocation)
[2020-10-06T06:35:10.966+0000][36436][gc,task      ] GC(198) Using 8 workers of 8 for evacuation
[2020-10-06T06:35:10.966+0000][36436][gc,age       ] GC(198) Desired survivor size 32505856 bytes, new threshold 15 (max threshold 15)
[2020-10-06T06:35:10.971+0000][36436][gc,age       ] GC(198) Age table with threshold 15 (max threshold 15)
[2020-10-06T06:35:10.971+0000][36436][gc,age       ] GC(198) - age   1:    3940312 bytes,    3940312 total
[2020-10-06T06:35:10.971+0000][36436][gc,age       ] GC(198) - age   2:      21928 bytes,    3962240 total
[2020-10-06T06:35:10.971+0000][36436][gc,age       ] GC(198) - age   3:       1184 bytes,    3963424 total
[2020-10-06T06:35:10.971+0000][36436][gc,age       ] GC(198) - age   4:       1280 bytes,    3964704 total
[2020-10-06T06:35:10.971+0000][36436][gc,age       ] GC(198) - age   5:        232 bytes,    3964936 total
[2020-10-06T06:35:10.971+0000][36436][gc,age       ] GC(198) - age   6:       1448 bytes,    3966384 total
[2020-10-06T06:35:10.971+0000][36436][gc,age       ] GC(198) - age   7:       1544 bytes,    3967928 total
[2020-10-06T06:35:10.971+0000][36436][gc,age       ] GC(198) - age   8:      11736 bytes,    3979664 total
[2020-10-06T06:35:10.971+0000][36436][gc,age       ] GC(198) - age   9:        480 bytes,    3980144 total
[2020-10-06T06:35:10.972+0000][36436][gc,age       ] GC(198) - age  10:        840 bytes,    3980984 total
[2020-10-06T06:35:10.972+0000][36436][gc,age       ] GC(198) - age  11:      11232 bytes,    3992216 total
[2020-10-06T06:35:10.972+0000][36436][gc,age       ] GC(198) - age  12:      11656 bytes,    4003872 total
[2020-10-06T06:35:10.972+0000][36436][gc,age       ] GC(198) - age  13:      18864 bytes,    4022736 total
[2020-10-06T06:35:10.972+0000][36436][gc,age       ] GC(198) - age  14:        464 bytes,    4023200 total
[2020-10-06T06:35:10.972+0000][36436][gc,age       ] GC(198) - age  15:        168 bytes,    4023368 total
[2020-10-06T06:35:10.972+0000][36436][gc,phases    ] GC(198)   Pre Evacuate Collection Set: 0.5ms
[2020-10-06T06:35:10.972+0000][36436][gc,phases    ] GC(198)   Merge Heap Roots: 0.1ms
[2020-10-06T06:35:10.972+0000][36436][gc,phases    ] GC(198)   Evacuate Collection Set: 3.0ms
[2020-10-06T06:35:10.972+0000][36436][gc,phases    ] GC(198)   Post Evacuate Collection Set: 1.3ms
[2020-10-06T06:35:10.972+0000][36436][gc,phases    ] GC(198)   Other: 1.3ms
[2020-10-06T06:35:10.972+0000][36436][gc,heap      ] GC(198) Eden regions: 118->0(489)
[2020-10-06T06:35:10.972+0000][36436][gc,heap      ] GC(198) Survivor regions: 14->5(62)
[2020-10-06T06:35:10.972+0000][36436][gc,heap      ] GC(198) Old regions: 77->77
[2020-10-06T06:35:10.972+0000][36436][gc,heap      ] GC(198) Archive regions: 0->0
[2020-10-06T06:35:10.972+0000][36436][gc,heap      ] GC(198) Humongous regions: 534->174
[2020-10-06T06:35:10.972+0000][36436][gc,metaspace ] GC(198) Metaspace: 87947K(93820K)->87947K(93820K) NonClass: 76816K(80252K)->76816K(80252K) Class: 11130K(13568K)->11130K(13568K)
[2020-10-06T06:35:10.973+0000][36436][gc           ] GC(198) Pause Young (Concurrent Start) (G1 Humongous Allocation) 741M->255M(1024M) 6.750ms
[2020-10-06T06:35:10.973+0000][36436][gc,cpu       ] GC(198) User=0.00s Sys=0.00s Real=0.01s
[2020-10-06T06:35:10.973+0000][36436][gc           ] GC(199) Concurrent Cycle
[2020-10-06T06:35:10.973+0000][36436][safepoint    ] Safepoint "G1TryInitiateConcMark", Time since last: 68380400 ns, Reaching safepoint: 183100 ns, At safepoint: 6963100 ns, Total: 7146200 ns
[2020-10-06T06:35:10.973+0000][36436][gc,marking   ] GC(199) Concurrent Clear Claimed Marks
[2020-10-06T06:35:10.973+0000][36436][gc,marking   ] GC(199) Concurrent Clear Claimed Marks 0.565ms
[2020-10-06T06:35:10.973+0000][36436][gc,marking   ] GC(199) Concurrent Scan Root Regions
[2020-10-06T06:35:10.976+0000][36436][gc,marking   ] GC(199) Concurrent Scan Root Regions 2.332ms
[2020-10-06T06:35:10.976+0000][36436][gc,marking   ] GC(199) Concurrent Mark (8981.174s)
[2020-10-06T06:35:10.976+0000][36436][gc,marking   ] GC(199) Concurrent Mark From Roots
[2020-10-06T06:35:10.976+0000][36436][gc,task      ] GC(199) Using 2 workers of 2 for marking
[2020-10-06T06:35:11.174+0000][36436][gc,marking   ] GC(199) Concurrent Mark From Roots 198.389ms
[2020-10-06T06:35:11.174+0000][36436][gc,marking   ] GC(199) Concurrent Preclean
[2020-10-06T06:35:11.175+0000][36436][gc,marking   ] GC(199) Concurrent Preclean 1.017ms
[2020-10-06T06:35:11.175+0000][36436][gc,marking   ] GC(199) Concurrent Mark (8981.174s, 8981.374s) 199.692ms
[2020-10-06T06:35:11.176+0000][36436][gc,start     ] GC(199) Pause Remark
[2020-10-06T06:35:11.184+0000][36436][gc           ] GC(199) Pause Remark 322M->322M(1024M) 8.187ms
[2020-10-06T06:35:11.184+0000][36436][gc,cpu       ] GC(199) User=0.08s Sys=0.00s Real=0.01s
[2020-10-06T06:35:11.185+0000][36436][safepoint    ] Safepoint "G1Concurrent", Time since last: 202991800 ns, Reaching safepoint: 204800 ns, At safepoint: 8778100 ns, Total: 8982900 ns
[2020-10-06T06:35:11.185+0000][36436][gc,marking   ] GC(199) Concurrent Rebuild Remembered Sets
[2020-10-06T06:35:11.294+0000][36436][gc,marking   ] GC(199) Concurrent Rebuild Remembered Sets 109.800ms
[2020-10-06T06:35:11.295+0000][36436][gc,start     ] GC(199) Pause Cleanup
[2020-10-06T06:35:11.295+0000][36436][gc           ] GC(199) Pause Cleanup 395M->395M(1024M) 0.498ms
[2020-10-06T06:35:11.296+0000][36436][gc,cpu       ] GC(199) User=0.00s Sys=0.00s Real=0.00s
[2020-10-06T06:35:11.296+0000][36436][safepoint    ] Safepoint "G1Concurrent", Time since last: 110096200 ns, Reaching safepoint: 212200 ns, At safepoint: 887800 ns, Total: 1100000 ns
[2020-10-06T06:35:11.296+0000][36436][gc,marking   ] GC(199) Concurrent Cleanup for Next Mark
[2020-10-06T06:35:11.298+0000][36436][gc,marking   ] GC(199) Concurrent Cleanup for Next Mark 2.157ms
[2020-10-06T06:35:11.298+0000][36436][gc           ] GC(199) Concurrent Cycle 325.607ms
[2020-10-06T06:35:11.318+0000][36436][gc,start     ] GC(200) Pause Young (Concurrent Start) (G1 Humongous Allocation)
[2020-10-06T06:35:11.318+0000][36436][gc,task      ] GC(200) Using 8 workers of 8 for evacuation
[2020-10-06T06:35:11.318+0000][36436][gc,age       ] GC(200) Desired survivor size 32505856 bytes, new threshold 15 (max threshold 15)
[2020-10-06T06:35:11.322+0000][36436][gc,age       ] GC(200) Age table with threshold 15 (max threshold 15)
[2020-10-06T06:35:11.322+0000][36436][gc,age       ] GC(200) - age   1:    3216240 bytes,    3216240 total
[2020-10-06T06:35:11.322+0000][36436][gc,age       ] GC(200) - age   2:     610168 bytes,    3826408 total
[2020-10-06T06:35:11.322+0000][36436][gc,age       ] GC(200) - age   3:      19992 bytes,    3846400 total
[2020-10-06T06:35:11.322+0000][36436][gc,age       ] GC(200) - age   4:        984 bytes,    3847384 total
[2020-10-06T06:35:11.322+0000][36436][gc,age       ] GC(200) - age   5:       1056 bytes,    3848440 total
[2020-10-06T06:35:11.323+0000][36436][gc,age       ] GC(200) - age   6:        232 bytes,    3848672 total
[2020-10-06T06:35:11.323+0000][36436][gc,age       ] GC(200) - age   7:       1448 bytes,    3850120 total
[2020-10-06T06:35:11.323+0000][36436][gc,age       ] GC(200) - age   8:       1544 bytes,    3851664 total
[2020-10-06T06:35:11.323+0000][36436][gc,age       ] GC(200) - age   9:      11480 bytes,    3863144 total
[2020-10-06T06:35:11.323+0000][36436][gc,age       ] GC(200) - age  10:        480 bytes,    3863624 total
[2020-10-06T06:35:11.323+0000][36436][gc,age       ] GC(200) - age  11:        840 bytes,    3864464 total
[2020-10-06T06:35:11.323+0000][36436][gc,age       ] GC(200) - age  12:      11232 bytes,    3875696 total
[2020-10-06T06:35:11.323+0000][36436][gc,age       ] GC(200) - age  13:      11656 bytes,    3887352 total
[2020-10-06T06:35:11.323+0000][36436][gc,age       ] GC(200) - age  14:      18864 bytes,    3906216 total
[2020-10-06T06:35:11.323+0000][36436][gc,age       ] GC(200) - age  15:        464 bytes,    3906680 total
[2020-10-06T06:35:11.323+0000][36436][gc,phases    ] GC(200)   Pre Evacuate Collection Set: 0.5ms
[2020-10-06T06:35:11.323+0000][36436][gc,phases    ] GC(200)   Merge Heap Roots: 0.1ms
[2020-10-06T06:35:11.323+0000][36436][gc,phases    ] GC(200)   Evacuate Collection Set: 2.4ms
[2020-10-06T06:35:11.323+0000][36436][gc,phases    ] GC(200)   Post Evacuate Collection Set: 0.8ms
[2020-10-06T06:35:11.323+0000][36436][gc,phases    ] GC(200)   Other: 1.3ms
[2020-10-06T06:35:11.323+0000][36436][gc,heap      ] GC(200) Eden regions: 41->0(492)
[2020-10-06T06:35:11.323+0000][36436][gc,heap      ] GC(200) Survivor regions: 5->5(62)
[2020-10-06T06:35:11.323+0000][36436][gc,heap      ] GC(200) Old regions: 77->77
[2020-10-06T06:35:11.323+0000][36436][gc,heap      ] GC(200) Archive regions: 0->0
[2020-10-06T06:35:11.323+0000][36436][gc,heap      ] GC(200) Humongous regions: 278->174
[2020-10-06T06:35:11.324+0000][36436][gc,metaspace ] GC(200) Metaspace: 87961K(93820K)->87961K(93820K) NonClass: 76830K(80252K)->76830K(80252K) Class: 11130K(13568K)->11130K(13568K)
[2020-10-06T06:35:11.324+0000][36436][gc           ] GC(200) Pause Young (Concurrent Start) (G1 Humongous Allocation) 399M->254M(1024M) 5.701ms
[2020-10-06T06:35:11.324+0000][36436][gc,cpu       ] GC(200) User=0.00s Sys=0.00s Real=0.01s
[2020-10-06T06:35:11.324+0000][36436][safepoint    ] Safepoint "G1TryInitiateConcMark", Time since last: 22004700 ns, Reaching safepoint: 171000 ns, At safepoint: 5930600 ns, Total: 6101600 ns
[2020-10-06T06:35:11.324+0000][36436][gc           ] GC(201) Concurrent Cycle
[2020-10-06T06:35:11.324+0000][36436][gc,marking   ] GC(201) Concurrent Clear Claimed Marks
[2020-10-06T06:35:11.325+0000][36436][gc,marking   ] GC(201) Concurrent Clear Claimed Marks 0.779ms
[2020-10-06T06:35:11.325+0000][36436][gc,marking   ] GC(201) Concurrent Scan Root Regions
[2020-10-06T06:35:11.329+0000][36436][gc,marking   ] GC(201) Concurrent Scan Root Regions 3.759ms
[2020-10-06T06:35:11.329+0000][36436][gc,marking   ] GC(201) Concurrent Mark (8981.527s)
[2020-10-06T06:35:11.329+0000][36436][gc,marking   ] GC(201) Concurrent Mark From Roots
[2020-10-06T06:35:11.329+0000][36436][gc,task      ] GC(201) Using 2 workers of 2 for marking
[2020-10-06T06:35:11.520+0000][36436][gc,marking   ] GC(201) Concurrent Mark From Roots 191.376ms
[2020-10-06T06:35:11.520+0000][36436][gc,marking   ] GC(201) Concurrent Preclean
[2020-10-06T06:35:11.521+0000][36436][gc,marking   ] GC(201) Concurrent Preclean 0.888ms
[2020-10-06T06:35:11.521+0000][36436][gc,marking   ] GC(201) Concurrent Mark (8981.527s, 8981.720s) 192.477ms
[2020-10-06T06:35:11.522+0000][36436][gc,start     ] GC(201) Pause Remark
[2020-10-06T06:35:11.530+0000][36436][gc           ] GC(201) Pause Remark 325M->325M(1024M) 7.780ms
[2020-10-06T06:35:11.530+0000][36436][gc,cpu       ] GC(201) User=0.00s Sys=0.00s Real=0.01s
[2020-10-06T06:35:11.530+0000][36436][safepoint    ] Safepoint "G1Concurrent", Time since last: 197661500 ns, Reaching safepoint: 252000 ns, At safepoint: 8210500 ns, Total: 8462500 ns
[2020-10-06T06:35:11.530+0000][36436][gc,marking   ] GC(201) Concurrent Rebuild Remembered Sets
[2020-10-06T06:35:11.674+0000][36436][gc,marking   ] GC(201) Concurrent Rebuild Remembered Sets 143.709ms
[2020-10-06T06:35:11.674+0000][36436][gc,start     ] GC(201) Pause Cleanup
[2020-10-06T06:35:11.675+0000][36436][gc           ] GC(201) Pause Cleanup 459M->459M(1024M) 0.800ms
[2020-10-06T06:35:11.675+0000][36436][gc,cpu       ] GC(201) User=0.00s Sys=0.00s Real=0.00s
[2020-10-06T06:35:11.675+0000][36436][safepoint    ] Safepoint "G1Concurrent", Time since last: 143964800 ns, Reaching safepoint: 182900 ns, At safepoint: 1076700 ns, Total: 1259600 ns
[2020-10-06T06:35:11.675+0000][36436][gc,marking   ] GC(201) Concurrent Cleanup for Next Mark
[2020-10-06T06:35:11.677+0000][36436][gc,marking   ] GC(201) Concurrent Cleanup for Next Mark 2.144ms
[2020-10-06T06:35:11.677+0000][36436][gc           ] GC(201) Concurrent Cycle 353.787ms
[2020-10-06T06:35:11.694+0000][36436][gc,start     ] GC(202) Pause Young (Concurrent Start) (G1 Humongous Allocation)
[2020-10-06T06:35:11.694+0000][36436][gc,task      ] GC(202) Using 8 workers of 8 for evacuation
[2020-10-06T06:35:11.694+0000][36436][gc,age       ] GC(202) Desired survivor size 33030144 bytes, new threshold 15 (max threshold 15)
[2020-10-06T06:35:11.698+0000][36436][gc,age       ] GC(202) Age table with threshold 15 (max threshold 15)
[2020-10-06T06:35:11.698+0000][36436][gc,age       ] GC(202) - age   1:    3084144 bytes,    3084144 total
[2020-10-06T06:35:11.698+0000][36436][gc,age       ] GC(202) - age   2:       2928 bytes,    3087072 total
[2020-10-06T06:35:11.698+0000][36436][gc,age       ] GC(202) - age   3:       3216 bytes,    3090288 total
[2020-10-06T06:35:11.698+0000][36436][gc,age       ] GC(202) - age   4:      17184 bytes,    3107472 total
[2020-10-06T06:35:11.698+0000][36436][gc,age       ] GC(202) - age   5:        856 bytes,    3108328 total
[2020-10-06T06:35:11.698+0000][36436][gc,age       ] GC(202) - age   6:        896 bytes,    3109224 total
[2020-10-06T06:35:11.698+0000][36436][gc,age       ] GC(202) - age   7:        232 bytes,    3109456 total
[2020-10-06T06:35:11.698+0000][36436][gc,age       ] GC(202) - age   8:       1448 bytes,    3110904 total
[2020-10-06T06:35:11.698+0000][36436][gc,age       ] GC(202) - age   9:       1544 bytes,    3112448 total
[2020-10-06T06:35:11.698+0000][36436][gc,age       ] GC(202) - age  10:      11480 bytes,    3123928 total
[2020-10-06T06:35:11.698+0000][36436][gc,age       ] GC(202) - age  11:        416 bytes,    3124344 total
[2020-10-06T06:35:11.698+0000][36436][gc,age       ] GC(202) - age  12:        840 bytes,    3125184 total
[2020-10-06T06:35:11.698+0000][36436][gc,age       ] GC(202) - age  13:      11232 bytes,    3136416 total
[2020-10-06T06:35:11.698+0000][36436][gc,age       ] GC(202) - age  14:      11656 bytes,    3148072 total
[2020-10-06T06:35:11.698+0000][36436][gc,age       ] GC(202) - age  15:      18864 bytes,    3166936 total
[2020-10-06T06:35:11.699+0000][36436][gc,phases    ] GC(202)   Pre Evacuate Collection Set: 0.6ms
[2020-10-06T06:35:11.699+0000][36436][gc,phases    ] GC(202)   Merge Heap Roots: 0.1ms
[2020-10-06T06:35:11.699+0000][36436][gc,phases    ] GC(202)   Evacuate Collection Set: 2.2ms
[2020-10-06T06:35:11.699+0000][36436][gc,phases    ] GC(202)   Post Evacuate Collection Set: 0.8ms
[2020-10-06T06:35:11.699+0000][36436][gc,phases    ] GC(202)   Other: 1.4ms
[2020-10-06T06:35:11.699+0000][36436][gc,heap      ] GC(202) Eden regions: 66->0(496)
[2020-10-06T06:35:11.699+0000][36436][gc,heap      ] GC(202) Survivor regions: 5->4(63)
[2020-10-06T06:35:11.699+0000][36436][gc,heap      ] GC(202) Old regions: 77->77
[2020-10-06T06:35:11.699+0000][36436][gc,heap      ] GC(202) Archive regions: 0->0
[2020-10-06T06:35:11.699+0000][36436][gc,heap      ] GC(202) Humongous regions: 318->174
[2020-10-06T06:35:11.699+0000][36436][gc,metaspace ] GC(202) Metaspace: 87993K(94076K)->87993K(94076K) NonClass: 76862K(80508K)->76862K(80508K) Class: 11130K(13568K)->11130K(13568K)
[2020-10-06T06:35:11.699+0000][36436][gc           ] GC(202) Pause Young (Concurrent Start) (G1 Humongous Allocation) 464M->254M(1024M) 5.667ms
[2020-10-06T06:35:11.699+0000][36436][gc,cpu       ] GC(202) User=0.00s Sys=0.00s Real=0.00s
[2020-10-06T06:35:11.699+0000][36436][gc           ] GC(203) Concurrent Cycle
[2020-10-06T06:35:11.699+0000][36436][safepoint    ] Safepoint "G1TryInitiateConcMark", Time since last: 17975100 ns, Reaching safepoint: 385300 ns, At safepoint: 5926100 ns, Total: 6311400 ns
[2020-10-06T06:35:11.699+0000][36436][gc,marking   ] GC(203) Concurrent Clear Claimed Marks
[2020-10-06T06:35:11.700+0000][36436][gc,marking   ] GC(203) Concurrent Clear Claimed Marks 0.554ms
[2020-10-06T06:35:11.700+0000][36436][gc,marking   ] GC(203) Concurrent Scan Root Regions
[2020-10-06T06:35:11.702+0000][36436][gc,marking   ] GC(203) Concurrent Scan Root Regions 2.142ms
[2020-10-06T06:35:11.702+0000][36436][gc,marking   ] GC(203) Concurrent Mark (8981.901s)
[2020-10-06T06:35:11.702+0000][36436][gc,marking   ] GC(203) Concurrent Mark From Roots
[2020-10-06T06:35:11.702+0000][36436][gc,task      ] GC(203) Using 2 workers of 2 for marking
[2020-10-06T06:35:11.888+0000][36436][gc,marking   ] GC(203) Concurrent Mark From Roots 185.902ms
[2020-10-06T06:35:11.888+0000][36436][gc,marking   ] GC(203) Concurrent Preclean
[2020-10-06T06:35:11.889+0000][36436][gc,marking   ] GC(203) Concurrent Preclean 0.941ms
[2020-10-06T06:35:11.889+0000][36436][gc,marking   ] GC(203) Concurrent Mark (8981.901s, 8982.088s) 187.116ms
[2020-10-06T06:35:11.890+0000][36436][gc,start     ] GC(203) Pause Remark
[2020-10-06T06:35:11.901+0000][36436][gc           ] GC(203) Pause Remark 318M->318M(1024M) 10.965ms
[2020-10-06T06:35:11.901+0000][36436][gc,cpu       ] GC(203) User=0.09s Sys=0.00s Real=0.01s
[2020-10-06T06:35:11.901+0000][36436][safepoint    ] Safepoint "G1Concurrent", Time since last: 190240300 ns, Reaching safepoint: 190000 ns, At safepoint: 11313500 ns, Total: 11503500 ns
[2020-10-06T06:35:11.901+0000][36436][gc,marking   ] GC(203) Concurrent Rebuild Remembered Sets
[2020-10-06T06:35:12.021+0000][36436][gc,marking   ] GC(203) Concurrent Rebuild Remembered Sets 120.125ms
[2020-10-06T06:35:12.022+0000][36436][gc,start     ] GC(203) Pause Cleanup
[2020-10-06T06:35:12.022+0000][36436][gc           ] GC(203) Pause Cleanup 383M->383M(1024M) 0.577ms
[2020-10-06T06:35:12.022+0000][36436][gc,cpu       ] GC(203) User=0.00s Sys=0.00s Real=0.00s
[2020-10-06T06:35:12.023+0000][36436][safepoint    ] Safepoint "G1Concurrent", Time since last: 120370900 ns, Reaching safepoint: 271500 ns, At safepoint: 821600 ns, Total: 1093100 ns
[2020-10-06T06:35:12.023+0000][36436][gc,marking   ] GC(203) Concurrent Cleanup for Next Mark
[2020-10-06T06:35:12.025+0000][36436][gc,marking   ] GC(203) Concurrent Cleanup for Next Mark 2.754ms
[2020-10-06T06:35:12.026+0000][36436][gc           ] GC(203) Concurrent Cycle 326.239ms
[2020-10-06T06:35:12.140+0000][36436][gc,start     ] GC(204) Pause Young (Concurrent Start) (G1 Humongous Allocation)
[2020-10-06T06:35:12.141+0000][36436][gc,task      ] GC(204) Using 8 workers of 8 for evacuation
[2020-10-06T06:35:12.141+0000][36436][gc,age       ] GC(204) Desired survivor size 33030144 bytes, new threshold 15 (max threshold 15)
[2020-10-06T06:35:12.149+0000][36436][gc,age       ] GC(204) Age table with threshold 15 (max threshold 15)
[2020-10-06T06:35:12.149+0000][36436][gc,age       ] GC(204) - age   1:    3034584 bytes,    3034584 total
[2020-10-06T06:35:12.149+0000][36436][gc,age       ] GC(204) - age   2:      74744 bytes,    3109328 total
[2020-10-06T06:35:12.149+0000][36436][gc,age       ] GC(204) - age   3:       2552 bytes,    3111880 total
[2020-10-06T06:35:12.149+0000][36436][gc,age       ] GC(204) - age   4:       2448 bytes,    3114328 total
[2020-10-06T06:35:12.150+0000][36436][gc,age       ] GC(204) - age   5:      17024 bytes,    3131352 total
[2020-10-06T06:35:12.150+0000][36436][gc,age       ] GC(204) - age   6:        472 bytes,    3131824 total
[2020-10-06T06:35:12.150+0000][36436][gc,age       ] GC(204) - age   7:        800 bytes,    3132624 total
[2020-10-06T06:35:12.150+0000][36436][gc,age       ] GC(204) - age   8:        232 bytes,    3132856 total
[2020-10-06T06:35:12.150+0000][36436][gc,age       ] GC(204) - age   9:       1448 bytes,    3134304 total
[2020-10-06T06:35:12.150+0000][36436][gc,age       ] GC(204) - age  10:       1544 bytes,    3135848 total
[2020-10-06T06:35:12.150+0000][36436][gc,age       ] GC(204) - age  11:      11288 bytes,    3147136 total
[2020-10-06T06:35:12.150+0000][36436][gc,age       ] GC(204) - age  12:        416 bytes,    3147552 total
[2020-10-06T06:35:12.150+0000][36436][gc,age       ] GC(204) - age  13:        696 bytes,    3148248 total
[2020-10-06T06:35:12.150+0000][36436][gc,age       ] GC(204) - age  14:      11200 bytes,    3159448 total
[2020-10-06T06:35:12.150+0000][36436][gc,age       ] GC(204) - age  15:      11656 bytes,    3171104 total
[2020-10-06T06:35:12.150+0000][36436][gc,phases    ] GC(204)   Pre Evacuate Collection Set: 0.8ms
[2020-10-06T06:35:12.150+0000][36436][gc,phases    ] GC(204)   Merge Heap Roots: 0.1ms
[2020-10-06T06:35:12.150+0000][36436][gc,phases    ] GC(204)   Evacuate Collection Set: 6.0ms
[2020-10-06T06:35:12.150+0000][36436][gc,phases    ] GC(204)   Post Evacuate Collection Set: 1.2ms
[2020-10-06T06:35:12.150+0000][36436][gc,phases    ] GC(204)   Other: 1.7ms
[2020-10-06T06:35:12.150+0000][36436][gc,heap      ] GC(204) Eden regions: 44->0(498)
[2020-10-06T06:35:12.151+0000][36436][gc,heap      ] GC(204) Survivor regions: 4->4(63)
[2020-10-06T06:35:12.151+0000][36436][gc,heap      ] GC(204) Old regions: 77->77
[2020-10-06T06:35:12.151+0000][36436][gc,heap      ] GC(204) Archive regions: 0->0
[2020-10-06T06:35:12.151+0000][36436][gc,heap      ] GC(204) Humongous regions: 270->174
[2020-10-06T06:35:12.151+0000][36436][gc,metaspace ] GC(204) Metaspace: 88013K(94076K)->88013K(94076K) NonClass: 76882K(80508K)->76882K(80508K) Class: 11130K(13568K)->11130K(13568K)
[2020-10-06T06:35:12.151+0000][36436][gc           ] GC(204) Pause Young (Concurrent Start) (G1 Humongous Allocation) 393M->254M(1024M) 10.436ms
[2020-10-06T06:35:12.151+0000][36436][gc,cpu       ] GC(204) User=0.09s Sys=0.00s Real=0.01s
[2020-10-06T06:35:12.151+0000][36436][gc           ] GC(205) Concurrent Cycle
[2020-10-06T06:35:12.151+0000][36436][gc,marking   ] GC(205) Concurrent Clear Claimed Marks
[2020-10-06T06:35:12.151+0000][36436][safepoint    ] Safepoint "G1TryInitiateConcMark", Time since last: 115901400 ns, Reaching safepoint: 1907500 ns, At safepoint: 10980100 ns, Total: 12887600 ns
[2020-10-06T06:35:12.152+0000][36436][gc,marking   ] GC(205) Concurrent Clear Claimed Marks 1.254ms
[2020-10-06T06:35:12.153+0000][36436][gc,marking   ] GC(205) Concurrent Scan Root Regions
[2020-10-06T06:35:12.155+0000][36436][gc,marking   ] GC(205) Concurrent Scan Root Regions 2.130ms
[2020-10-06T06:35:12.155+0000][36436][gc,marking   ] GC(205) Concurrent Mark (8982.353s)
[2020-10-06T06:35:12.155+0000][36436][gc,marking   ] GC(205) Concurrent Mark From Roots
[2020-10-06T06:35:12.155+0000][36436][gc,task      ] GC(205) Using 2 workers of 2 for marking
[2020-10-06T06:35:12.381+0000][36436][gc,marking   ] GC(205) Concurrent Mark From Roots 226.037ms
[2020-10-06T06:35:12.381+0000][36436][gc,marking   ] GC(205) Concurrent Preclean
[2020-10-06T06:35:12.382+0000][36436][gc,marking   ] GC(205) Concurrent Preclean 1.024ms
[2020-10-06T06:35:12.382+0000][36436][gc,marking   ] GC(205) Concurrent Mark (8982.353s, 8982.580s) 227.272ms
[2020-10-06T06:35:12.383+0000][36436][gc,start     ] GC(205) Pause Remark
[2020-10-06T06:35:12.389+0000][36436][gc           ] GC(205) Pause Remark 456M->456M(1024M) 6.752ms
[2020-10-06T06:35:12.389+0000][36436][gc,cpu       ] GC(205) User=0.00s Sys=0.00s Real=0.01s
[2020-10-06T06:35:12.390+0000][36436][safepoint    ] Safepoint "G1Concurrent", Time since last: 230912100 ns, Reaching safepoint: 319700 ns, At safepoint: 7015100 ns, Total: 7334800 ns
[2020-10-06T06:35:12.390+0000][36436][gc,marking   ] GC(205) Concurrent Rebuild Remembered Sets
[2020-10-06T06:35:12.498+0000][36436][gc,marking   ] GC(205) Concurrent Rebuild Remembered Sets 108.104ms
[2020-10-06T06:35:12.498+0000][36436][gc,start     ] GC(205) Pause Cleanup
[2020-10-06T06:35:12.498+0000][36436][gc           ] GC(205) Pause Cleanup 656M->656M(1024M) 0.369ms
[2020-10-06T06:35:12.499+0000][36436][gc,cpu       ] GC(205) User=0.00s Sys=0.00s Real=0.00s
[2020-10-06T06:35:12.499+0000][36436][safepoint    ] Safepoint "G1Concurrent", Time since last: 108328900 ns, Reaching safepoint: 163300 ns, At safepoint: 574100 ns, Total: 737400 ns
[2020-10-06T06:35:12.499+0000][36436][gc,marking   ] GC(205) Concurrent Cleanup for Next Mark
[2020-10-06T06:35:12.501+0000][36436][gc,marking   ] GC(205) Concurrent Cleanup for Next Mark 1.986ms
[2020-10-06T06:35:12.501+0000][36436][gc           ] GC(205) Concurrent Cycle 349.819ms
[2020-10-06T06:35:12.548+0000][36436][gc,start     ] GC(206) Pause Young (Concurrent Start) (G1 Humongous Allocation)
[2020-10-06T06:35:12.548+0000][36436][gc,task      ] GC(206) Using 8 workers of 8 for evacuation
[2020-10-06T06:35:12.548+0000][36436][gc,age       ] GC(206) Desired survivor size 33030144 bytes, new threshold 15 (max threshold 15)
[2020-10-06T06:35:12.552+0000][36436][gc,age       ] GC(206) Age table with threshold 15 (max threshold 15)
[2020-10-06T06:35:12.553+0000][36436][gc,age       ] GC(206) - age   1:    3915272 bytes,    3915272 total
[2020-10-06T06:35:12.553+0000][36436][gc,age       ] GC(206) - age   2:       6200 bytes,    3921472 total
[2020-10-06T06:35:12.553+0000][36436][gc,age       ] GC(206) - age   3:      66840 bytes,    3988312 total
[2020-10-06T06:35:12.553+0000][36436][gc,age       ] GC(206) - age   4:       1832 bytes,    3990144 total
[2020-10-06T06:35:12.553+0000][36436][gc,age       ] GC(206) - age   5:       1464 bytes,    3991608 total
[2020-10-06T06:35:12.553+0000][36436][gc,age       ] GC(206) - age   6:      16576 bytes,    4008184 total
[2020-10-06T06:35:12.553+0000][36436][gc,age       ] GC(206) - age   7:        472 bytes,    4008656 total
[2020-10-06T06:35:12.553+0000][36436][gc,age       ] GC(206) - age   8:        800 bytes,    4009456 total
[2020-10-06T06:35:12.553+0000][36436][gc,age       ] GC(206) - age   9:        200 bytes,    4009656 total
[2020-10-06T06:35:12.553+0000][36436][gc,age       ] GC(206) - age  10:       1448 bytes,    4011104 total
[2020-10-06T06:35:12.553+0000][36436][gc,age       ] GC(206) - age  11:       1544 bytes,    4012648 total
[2020-10-06T06:35:12.553+0000][36436][gc,age       ] GC(206) - age  12:      11288 bytes,    4023936 total
[2020-10-06T06:35:12.553+0000][36436][gc,age       ] GC(206) - age  13:        416 bytes,    4024352 total
[2020-10-06T06:35:12.553+0000][36436][gc,age       ] GC(206) - age  14:        408 bytes,    4024760 total
[2020-10-06T06:35:12.553+0000][36436][gc,age       ] GC(206) - age  15:      11128 bytes,    4035888 total
[2020-10-06T06:35:12.553+0000][36436][gc,phases    ] GC(206)   Pre Evacuate Collection Set: 0.4ms
[2020-10-06T06:35:12.553+0000][36436][gc,phases    ] GC(206)   Merge Heap Roots: 0.1ms
[2020-10-06T06:35:12.553+0000][36436][gc,phases    ] GC(206)   Evacuate Collection Set: 2.5ms
[2020-10-06T06:35:12.554+0000][36436][gc,phases    ] GC(206)   Post Evacuate Collection Set: 1.1ms
[2020-10-06T06:35:12.554+0000][36436][gc,phases    ] GC(206)   Other: 1.3ms
[2020-10-06T06:35:12.554+0000][36436][gc,heap      ] GC(206) Eden regions: 120->0(498)
[2020-10-06T06:35:12.554+0000][36436][gc,heap      ] GC(206) Survivor regions: 4->4(63)
[2020-10-06T06:35:12.554+0000][36436][gc,heap      ] GC(206) Old regions: 77->77
[2020-10-06T06:35:12.554+0000][36436][gc,heap      ] GC(206) Archive regions: 0->0
[2020-10-06T06:35:12.554+0000][36436][gc,heap      ] GC(206) Humongous regions: 472->174
[2020-10-06T06:35:12.554+0000][36436][gc,metaspace ] GC(206) Metaspace: 88033K(94076K)->88033K(94076K) NonClass: 76902K(80508K)->76902K(80508K) Class: 11130K(13568K)->11130K(13568K)
[2020-10-06T06:35:12.554+0000][36436][gc           ] GC(206) Pause Young (Concurrent Start) (G1 Humongous Allocation) 672M->254M(1024M) 6.057ms
[2020-10-06T06:35:12.554+0000][36436][gc,cpu       ] GC(206) User=0.11s Sys=0.00s Real=0.01s
[2020-10-06T06:35:12.554+0000][36436][gc           ] GC(207) Concurrent Cycle
[2020-10-06T06:35:12.554+0000][36436][gc,marking   ] GC(207) Concurrent Clear Claimed Marks
[2020-10-06T06:35:12.554+0000][36436][safepoint    ] Safepoint "G1TryInitiateConcMark", Time since last: 49384300 ns, Reaching safepoint: 155500 ns, At safepoint: 6331500 ns, Total: 6487000 ns
[2020-10-06T06:35:12.555+0000][36436][gc,marking   ] GC(207) Concurrent Clear Claimed Marks 0.425ms
[2020-10-06T06:35:12.555+0000][36436][gc,marking   ] GC(207) Concurrent Scan Root Regions
[2020-10-06T06:35:12.558+0000][36436][gc,marking   ] GC(207) Concurrent Scan Root Regions 3.196ms
[2020-10-06T06:35:12.558+0000][36436][gc,marking   ] GC(207) Concurrent Mark (8982.757s)
[2020-10-06T06:35:12.558+0000][36436][gc,marking   ] GC(207) Concurrent Mark From Roots
[2020-10-06T06:35:12.558+0000][36436][gc,task      ] GC(207) Using 2 workers of 2 for marking
[2020-10-06T06:35:12.736+0000][36436][gc,marking   ] GC(207) Concurrent Mark From Roots 177.358ms
[2020-10-06T06:35:12.736+0000][36436][gc,marking   ] GC(207) Concurrent Preclean
[2020-10-06T06:35:12.737+0000][36436][gc,marking   ] GC(207) Concurrent Preclean 0.979ms
[2020-10-06T06:35:12.737+0000][36436][gc,marking   ] GC(207) Concurrent Mark (8982.757s, 8982.935s) 178.624ms
[2020-10-06T06:35:12.737+0000][36436][gc,start     ] GC(207) Pause Remark
[2020-10-06T06:35:12.745+0000][36436][gc           ] GC(207) Pause Remark 391M->391M(1024M) 7.239ms
[2020-10-06T06:35:12.745+0000][36436][gc,cpu       ] GC(207) User=0.11s Sys=0.00s Real=0.01s
[2020-10-06T06:35:12.745+0000][36436][safepoint    ] Safepoint "G1Concurrent", Time since last: 182561900 ns, Reaching safepoint: 184300 ns, At safepoint: 7562300 ns, Total: 7746600 ns
[2020-10-06T06:35:12.745+0000][36436][gc,marking   ] GC(207) Concurrent Rebuild Remembered Sets
[2020-10-06T06:35:12.848+0000][36436][gc,marking   ] GC(207) Concurrent Rebuild Remembered Sets 103.443ms
[2020-10-06T06:35:12.849+0000][36436][gc,start     ] GC(207) Pause Cleanup
[2020-10-06T06:35:12.849+0000][36436][gc           ] GC(207) Pause Cleanup 460M->460M(1024M) 0.357ms
[2020-10-06T06:35:12.849+0000][36436][gc,cpu       ] GC(207) User=0.00s Sys=0.00s Real=0.00s
[2020-10-06T06:35:12.849+0000][36436][safepoint    ] Safepoint "G1Concurrent", Time since last: 103639600 ns, Reaching safepoint: 136600 ns, At safepoint: 562400 ns, Total: 699000 ns
[2020-10-06T06:35:12.849+0000][36436][gc,marking   ] GC(207) Concurrent Cleanup for Next Mark
[2020-10-06T06:35:12.851+0000][36436][gc,marking   ] GC(207) Concurrent Cleanup for Next Mark 1.902ms
[2020-10-06T06:35:12.851+0000][36436][gc           ] GC(207) Concurrent Cycle 296.875ms
[2020-10-06T06:35:12.884+0000][36436][gc,start     ] GC(208) Pause Young (Concurrent Start) (G1 Humongous Allocation)
[2020-10-06T06:35:12.884+0000][36436][gc,task      ] GC(208) Using 8 workers of 8 for evacuation
[2020-10-06T06:35:12.884+0000][36436][gc,age       ] GC(208) Desired survivor size 33030144 bytes, new threshold 15 (max threshold 15)
[2020-10-06T06:35:12.889+0000][36436][gc,age       ] GC(208) Age table with threshold 15 (max threshold 15)
[2020-10-06T06:35:12.889+0000][36436][gc,age       ] GC(208) - age   1:    3527776 bytes,    3527776 total
[2020-10-06T06:35:12.889+0000][36436][gc,age       ] GC(208) - age   2:     411896 bytes,    3939672 total
[2020-10-06T06:35:12.889+0000][36436][gc,age       ] GC(208) - age   3:       5496 bytes,    3945168 total
[2020-10-06T06:35:12.889+0000][36436][gc,age       ] GC(208) - age   4:      65760 bytes,    4010928 total
[2020-10-06T06:35:12.889+0000][36436][gc,age       ] GC(208) - age   5:       1736 bytes,    4012664 total
[2020-10-06T06:35:12.889+0000][36436][gc,age       ] GC(208) - age   6:       1112 bytes,    4013776 total
[2020-10-06T06:35:12.889+0000][36436][gc,age       ] GC(208) - age   7:      16576 bytes,    4030352 total
[2020-10-06T06:35:12.889+0000][36436][gc,age       ] GC(208) - age   8:        472 bytes,    4030824 total
[2020-10-06T06:35:12.889+0000][36436][gc,age       ] GC(208) - age   9:        736 bytes,    4031560 total
[2020-10-06T06:35:12.889+0000][36436][gc,age       ] GC(208) - age  10:        200 bytes,    4031760 total
[2020-10-06T06:35:12.889+0000][36436][gc,age       ] GC(208) - age  11:       1448 bytes,    4033208 total
[2020-10-06T06:35:12.889+0000][36436][gc,age       ] GC(208) - age  12:       1544 bytes,    4034752 total
[2020-10-06T06:35:12.889+0000][36436][gc,age       ] GC(208) - age  13:      11224 bytes,    4045976 total
[2020-10-06T06:35:12.889+0000][36436][gc,age       ] GC(208) - age  14:        320 bytes,    4046296 total
[2020-10-06T06:35:12.889+0000][36436][gc,age       ] GC(208) - age  15:        408 bytes,    4046704 total
[2020-10-06T06:35:12.890+0000][36436][gc,phases    ] GC(208)   Pre Evacuate Collection Set: 0.6ms
[2020-10-06T06:35:12.890+0000][36436][gc,phases    ] GC(208)   Merge Heap Roots: 0.1ms
[2020-10-06T06:35:12.890+0000][36436][gc,phases    ] GC(208)   Evacuate Collection Set: 2.6ms
[2020-10-06T06:35:12.890+0000][36436][gc,phases    ] GC(208)   Post Evacuate Collection Set: 1.0ms
[2020-10-06T06:35:12.890+0000][36436][gc,phases    ] GC(208)   Other: 1.2ms
[2020-10-06T06:35:12.890+0000][36436][gc,heap      ] GC(208) Eden regions: 62->0(499)
[2020-10-06T06:35:12.890+0000][36436][gc,heap      ] GC(208) Survivor regions: 4->4(63)
[2020-10-06T06:35:12.890+0000][36436][gc,heap      ] GC(208) Old regions: 77->77
[2020-10-06T06:35:12.890+0000][36436][gc,heap      ] GC(208) Archive regions: 0->0
[2020-10-06T06:35:12.890+0000][36436][gc,heap      ] GC(208) Humongous regions: 324->174
[2020-10-06T06:35:12.890+0000][36436][gc,metaspace ] GC(208) Metaspace: 88049K(94076K)->88049K(94076K) NonClass: 76919K(80508K)->76919K(80508K) Class: 11130K(13568K)->11130K(13568K)
[2020-10-06T06:35:12.890+0000][36436][gc           ] GC(208) Pause Young (Concurrent Start) (G1 Humongous Allocation) 465M->254M(1024M) 5.943ms
[2020-10-06T06:35:12.890+0000][36436][gc,cpu       ] GC(208) User=0.00s Sys=0.00s Real=0.01s
[2020-10-06T06:35:12.890+0000][36436][gc           ] GC(209) Concurrent Cycle
[2020-10-06T06:35:12.890+0000][36436][safepoint    ] Safepoint "G1TryInitiateConcMark", Time since last: 35428700 ns, Reaching safepoint: 166600 ns, At safepoint: 6232700 ns, Total: 6399300 ns
[2020-10-06T06:35:12.890+0000][36436][gc,marking   ] GC(209) Concurrent Clear Claimed Marks
[2020-10-06T06:35:12.891+0000][36436][gc,marking   ] GC(209) Concurrent Clear Claimed Marks 0.712ms
[2020-10-06T06:35:12.891+0000][36436][gc,marking   ] GC(209) Concurrent Scan Root Regions
[2020-10-06T06:35:12.896+0000][36436][gc,marking   ] GC(209) Concurrent Scan Root Regions 3.915ms
[2020-10-06T06:35:12.896+0000][36436][gc,marking   ] GC(209) Concurrent Mark (8983.094s)
[2020-10-06T06:35:12.896+0000][36436][gc,marking   ] GC(209) Concurrent Mark From Roots
[2020-10-06T06:35:12.896+0000][36436][gc,task      ] GC(209) Using 2 workers of 2 for marking
[2020-10-06T06:35:13.100+0000][36436][gc,marking   ] GC(209) Concurrent Mark From Roots 204.189ms
[2020-10-06T06:35:13.100+0000][36436][gc,marking   ] GC(209) Concurrent Preclean
[2020-10-06T06:35:13.101+0000][36436][gc,marking   ] GC(209) Concurrent Preclean 1.073ms
[2020-10-06T06:35:13.101+0000][36436][gc,marking   ] GC(209) Concurrent Mark (8983.094s, 8983.300s) 205.499ms
[2020-10-06T06:35:13.101+0000][36436][gc,start     ] GC(209) Pause Remark
[2020-10-06T06:35:13.109+0000][36436][gc           ] GC(209) Pause Remark 382M->382M(1024M) 7.973ms
[2020-10-06T06:35:13.109+0000][36436][gc,cpu       ] GC(209) User=0.00s Sys=0.00s Real=0.01s
[2020-10-06T06:35:13.109+0000][36436][safepoint    ] Safepoint "G1Concurrent", Time since last: 210520900 ns, Reaching safepoint: 171100 ns, At safepoint: 8431700 ns, Total: 8602800 ns
[2020-10-06T06:35:13.110+0000][36436][gc,marking   ] GC(209) Concurrent Rebuild Remembered Sets
[2020-10-06T06:35:13.228+0000][36436][gc,marking   ] GC(209) Concurrent Rebuild Remembered Sets 117.899ms
[2020-10-06T06:35:13.229+0000][36436][gc,start     ] GC(209) Pause Cleanup
[2020-10-06T06:35:13.230+0000][36436][gc           ] GC(209) Pause Cleanup 386M->386M(1024M) 1.073ms
[2020-10-06T06:35:13.230+0000][36436][gc,cpu       ] GC(209) User=0.00s Sys=0.00s Real=0.00s
[2020-10-06T06:35:13.230+0000][36436][safepoint    ] Safepoint "G1Concurrent", Time since last: 118476800 ns, Reaching safepoint: 593000 ns, At safepoint: 1451000 ns, Total: 2044000 ns
[2020-10-06T06:35:13.231+0000][36436][gc,marking   ] GC(209) Concurrent Cleanup for Next Mark
[2020-10-06T06:35:13.233+0000][36436][gc,marking   ] GC(209) Concurrent Cleanup for Next Mark 2.085ms
[2020-10-06T06:35:13.233+0000][36436][gc           ] GC(209) Concurrent Cycle 342.003ms
[2020-10-06T06:35:13.521+0000][36436][gc,start     ] GC(210) Pause Young (Concurrent Start) (G1 Humongous Allocation)
[2020-10-06T06:35:13.521+0000][36436][gc,task      ] GC(210) Using 8 workers of 8 for evacuation
[2020-10-06T06:35:13.521+0000][36436][gc,age       ] GC(210) Desired survivor size 33030144 bytes, new threshold 15 (max threshold 15)
[2020-10-06T06:35:13.531+0000][36436][gc,age       ] GC(210) Age table with threshold 15 (max threshold 15)
[2020-10-06T06:35:13.532+0000][36436][gc,age       ] GC(210) - age   1:   13785840 bytes,   13785840 total
[2020-10-06T06:35:13.532+0000][36436][gc,age       ] GC(210) - age   2:       2808 bytes,   13788648 total
[2020-10-06T06:35:13.532+0000][36436][gc,age       ] GC(210) - age   3:       6192 bytes,   13794840 total
[2020-10-06T06:35:13.532+0000][36436][gc,age       ] GC(210) - age   4:       5176 bytes,   13800016 total
[2020-10-06T06:35:13.532+0000][36436][gc,age       ] GC(210) - age   5:      65248 bytes,   13865264 total
[2020-10-06T06:35:13.532+0000][36436][gc,age       ] GC(210) - age   6:       1576 bytes,   13866840 total
[2020-10-06T06:35:13.532+0000][36436][gc,age       ] GC(210) - age   7:       1048 bytes,   13867888 total
[2020-10-06T06:35:13.532+0000][36436][gc,age       ] GC(210) - age   8:      16416 bytes,   13884304 total
[2020-10-06T06:35:13.532+0000][36436][gc,age       ] GC(210) - age   9:        408 bytes,   13884712 total
[2020-10-06T06:35:13.532+0000][36436][gc,age       ] GC(210) - age  10:        736 bytes,   13885448 total
[2020-10-06T06:35:13.532+0000][36436][gc,age       ] GC(210) - age  11:        200 bytes,   13885648 total
[2020-10-06T06:35:13.533+0000][36436][gc,age       ] GC(210) - age  12:       1416 bytes,   13887064 total
[2020-10-06T06:35:13.533+0000][36436][gc,age       ] GC(210) - age  13:       1544 bytes,   13888608 total
[2020-10-06T06:35:13.533+0000][36436][gc,age       ] GC(210) - age  14:      11224 bytes,   13899832 total
[2020-10-06T06:35:13.533+0000][36436][gc,age       ] GC(210) - age  15:        320 bytes,   13900152 total
[2020-10-06T06:35:13.533+0000][36436][gc,phases    ] GC(210)   Pre Evacuate Collection Set: 0.6ms
[2020-10-06T06:35:13.533+0000][36436][gc,phases    ] GC(210)   Merge Heap Roots: 0.1ms
[2020-10-06T06:35:13.533+0000][36436][gc,phases    ] GC(210)   Evacuate Collection Set: 5.8ms
[2020-10-06T06:35:13.533+0000][36436][gc,phases    ] GC(210)   Post Evacuate Collection Set: 3.3ms
[2020-10-06T06:35:13.533+0000][36436][gc,phases    ] GC(210)   Other: 2.1ms
[2020-10-06T06:35:13.533+0000][36436][gc,heap      ] GC(210) Eden regions: 65->0(481)
[2020-10-06T06:35:13.533+0000][36436][gc,heap      ] GC(210) Survivor regions: 4->14(63)
[2020-10-06T06:35:13.533+0000][36436][gc,heap      ] GC(210) Old regions: 77->77
[2020-10-06T06:35:13.533+0000][36436][gc,heap      ] GC(210) Archive regions: 0->0
[2020-10-06T06:35:13.533+0000][36436][gc,heap      ] GC(210) Humongous regions: 274->174
[2020-10-06T06:35:13.533+0000][36436][gc,metaspace ] GC(210) Metaspace: 88065K(94076K)->88065K(94076K) NonClass: 76934K(80508K)->76934K(80508K) Class: 11130K(13568K)->11130K(13568K)
[2020-10-06T06:35:13.533+0000][36436][gc           ] GC(210) Pause Young (Concurrent Start) (G1 Humongous Allocation) 419M->264M(1024M) 12.274ms
[2020-10-06T06:35:13.534+0000][36436][gc,cpu       ] GC(210) User=0.00s Sys=0.00s Real=0.01s
[2020-10-06T06:35:13.534+0000][36436][gc           ] GC(211) Concurrent Cycle
[2020-10-06T06:35:13.534+0000][36436][gc,marking   ] GC(211) Concurrent Clear Claimed Marks
[2020-10-06T06:35:13.534+0000][36436][safepoint    ] Safepoint "G1TryInitiateConcMark", Time since last: 290362700 ns, Reaching safepoint: 220600 ns, At safepoint: 12692100 ns, Total: 12912700 ns
[2020-10-06T06:35:13.535+0000][36436][gc,marking   ] GC(211) Concurrent Clear Claimed Marks 0.879ms
[2020-10-06T06:35:13.535+0000][36436][gc,marking   ] GC(211) Concurrent Scan Root Regions
[2020-10-06T06:35:13.540+0000][36436][gc,marking   ] GC(211) Concurrent Scan Root Regions 5.686ms
[2020-10-06T06:35:13.541+0000][36436][gc,marking   ] GC(211) Concurrent Mark (8983.739s)
[2020-10-06T06:35:13.541+0000][36436][gc,marking   ] GC(211) Concurrent Mark From Roots
[2020-10-06T06:35:13.541+0000][36436][gc,task      ] GC(211) Using 2 workers of 2 for marking
[2020-10-06T06:35:13.735+0000][36436][gc,marking   ] GC(211) Concurrent Mark From Roots 194.600ms
[2020-10-06T06:35:13.735+0000][36436][gc,marking   ] GC(211) Concurrent Preclean
[2020-10-06T06:35:13.736+0000][36436][gc,marking   ] GC(211) Concurrent Preclean 0.847ms
[2020-10-06T06:35:13.736+0000][36436][gc,marking   ] GC(211) Concurrent Mark (8983.739s, 8983.935s) 195.682ms
[2020-10-06T06:35:13.737+0000][36436][gc,start     ] GC(211) Pause Remark
[2020-10-06T06:35:13.744+0000][36436][gc           ] GC(211) Pause Remark 583M->583M(1024M) 7.125ms
[2020-10-06T06:35:13.744+0000][36436][gc,cpu       ] GC(211) User=0.11s Sys=0.00s Real=0.01s
[2020-10-06T06:35:13.745+0000][36436][safepoint    ] Safepoint "G1Concurrent", Time since last: 202688300 ns, Reaching safepoint: 199500 ns, At safepoint: 8556900 ns, Total: 8756400 ns
[2020-10-06T06:35:13.745+0000][36436][gc,marking   ] GC(211) Concurrent Rebuild Remembered Sets
[2020-10-06T06:35:13.864+0000][36436][gc,marking   ] GC(211) Concurrent Rebuild Remembered Sets 118.942ms
[2020-10-06T06:35:13.865+0000][36436][gc,start     ] GC(211) Pause Cleanup
[2020-10-06T06:35:13.865+0000][36436][gc           ] GC(211) Pause Cleanup 595M->595M(1024M) 0.436ms
[2020-10-06T06:35:13.866+0000][36436][gc,cpu       ] GC(211) User=0.00s Sys=0.00s Real=0.00s
[2020-10-06T06:35:13.866+0000][36436][safepoint    ] Safepoint "G1Concurrent", Time since last: 119215500 ns, Reaching safepoint: 568500 ns, At safepoint: 883500 ns, Total: 1452000 ns
[2020-10-06T06:35:13.866+0000][36436][gc,marking   ] GC(211) Concurrent Cleanup for Next Mark
[2020-10-06T06:35:13.868+0000][36436][gc,marking   ] GC(211) Concurrent Cleanup for Next Mark 1.746ms
[2020-10-06T06:35:13.868+0000][36436][gc           ] GC(211) Concurrent Cycle 334.302ms
[2020-10-06T06:35:13.905+0000][36436][gc,start     ] GC(212) Pause Young (Concurrent Start) (G1 Humongous Allocation)
[2020-10-06T06:35:13.905+0000][36436][gc,task      ] GC(212) Using 8 workers of 8 for evacuation
[2020-10-06T06:35:13.905+0000][36436][gc,age       ] GC(212) Desired survivor size 32505856 bytes, new threshold 15 (max threshold 15)
[2020-10-06T06:35:13.911+0000][36436][gc,age       ] GC(212) Age table with threshold 15 (max threshold 15)
[2020-10-06T06:35:13.911+0000][36436][gc,age       ] GC(212) - age   1:   13791976 bytes,   13791976 total
[2020-10-06T06:35:13.911+0000][36436][gc,age       ] GC(212) - age   2:       2216 bytes,   13794192 total
[2020-10-06T06:35:13.911+0000][36436][gc,age       ] GC(212) - age   3:       1480 bytes,   13795672 total
[2020-10-06T06:35:13.911+0000][36436][gc,age       ] GC(212) - age   4:       5056 bytes,   13800728 total
[2020-10-06T06:35:13.911+0000][36436][gc,age       ] GC(212) - age   5:       5112 bytes,   13805840 total
[2020-10-06T06:35:13.911+0000][36436][gc,age       ] GC(212) - age   6:      65152 bytes,   13870992 total
[2020-10-06T06:35:13.911+0000][36436][gc,age       ] GC(212) - age   7:       1512 bytes,   13872504 total
[2020-10-06T06:35:13.911+0000][36436][gc,age       ] GC(212) - age   8:       1016 bytes,   13873520 total
[2020-10-06T06:35:13.911+0000][36436][gc,age       ] GC(212) - age   9:      16416 bytes,   13889936 total
[2020-10-06T06:35:13.911+0000][36436][gc,age       ] GC(212) - age  10:        408 bytes,   13890344 total
[2020-10-06T06:35:13.911+0000][36436][gc,age       ] GC(212) - age  11:        736 bytes,   13891080 total
[2020-10-06T06:35:13.911+0000][36436][gc,age       ] GC(212) - age  12:        176 bytes,   13891256 total
[2020-10-06T06:35:13.911+0000][36436][gc,age       ] GC(212) - age  13:       1416 bytes,   13892672 total
[2020-10-06T06:35:13.911+0000][36436][gc,age       ] GC(212) - age  14:       1480 bytes,   13894152 total
[2020-10-06T06:35:13.911+0000][36436][gc,age       ] GC(212) - age  15:      11224 bytes,   13905376 total
[2020-10-06T06:35:13.912+0000][36436][gc,phases    ] GC(212)   Pre Evacuate Collection Set: 0.4ms
[2020-10-06T06:35:13.912+0000][36436][gc,phases    ] GC(212)   Merge Heap Roots: 0.1ms
[2020-10-06T06:35:13.912+0000][36436][gc,phases    ] GC(212)   Evacuate Collection Set: 4.0ms
[2020-10-06T06:35:13.912+0000][36436][gc,phases    ] GC(212)   Post Evacuate Collection Set: 1.1ms
[2020-10-06T06:35:13.912+0000][36436][gc,phases    ] GC(212)   Other: 1.4ms
[2020-10-06T06:35:13.912+0000][36436][gc,heap      ] GC(212) Eden regions: 99->0(476)
[2020-10-06T06:35:13.912+0000][36436][gc,heap      ] GC(212) Survivor regions: 14->14(62)
[2020-10-06T06:35:13.912+0000][36436][gc,heap      ] GC(212) Old regions: 77->77
[2020-10-06T06:35:13.912+0000][36436][gc,heap      ] GC(212) Archive regions: 0->0
[2020-10-06T06:35:13.912+0000][36436][gc,heap      ] GC(212) Humongous regions: 430->174
[2020-10-06T06:35:13.912+0000][36436][gc,metaspace ] GC(212) Metaspace: 88075K(94076K)->88075K(94076K) NonClass: 76944K(80508K)->76944K(80508K) Class: 11130K(13568K)->11130K(13568K)
[2020-10-06T06:35:13.912+0000][36436][gc           ] GC(212) Pause Young (Concurrent Start) (G1 Humongous Allocation) 619M->264M(1024M) 7.487ms
[2020-10-06T06:35:13.912+0000][36436][gc,cpu       ] GC(212) User=0.02s Sys=0.00s Real=0.01s
[2020-10-06T06:35:13.912+0000][36436][gc           ] GC(213) Concurrent Cycle
[2020-10-06T06:35:13.912+0000][36436][safepoint    ] Safepoint "G1TryInitiateConcMark", Time since last: 38547600 ns, Reaching safepoint: 229200 ns, At safepoint: 7803900 ns, Total: 8033100 ns
[2020-10-06T06:35:13.912+0000][36436][gc,marking   ] GC(213) Concurrent Clear Claimed Marks
[2020-10-06T06:35:13.913+0000][36436][gc,marking   ] GC(213) Concurrent Clear Claimed Marks 0.562ms
[2020-10-06T06:35:13.913+0000][36436][gc,marking   ] GC(213) Concurrent Scan Root Regions
[2020-10-06T06:35:13.917+0000][36436][gc,marking   ] GC(213) Concurrent Scan Root Regions 4.298ms
[2020-10-06T06:35:13.918+0000][36436][gc,marking   ] GC(213) Concurrent Mark (8984.116s)
[2020-10-06T06:35:13.918+0000][36436][gc,marking   ] GC(213) Concurrent Mark From Roots
[2020-10-06T06:35:13.918+0000][36436][gc,task      ] GC(213) Using 2 workers of 2 for marking
[2020-10-06T06:35:14.125+0000][36436][gc,marking   ] GC(213) Concurrent Mark From Roots 207.270ms
[2020-10-06T06:35:14.125+0000][36436][gc,marking   ] GC(213) Concurrent Preclean
[2020-10-06T06:35:14.126+0000][36436][gc,marking   ] GC(213) Concurrent Preclean 1.108ms
[2020-10-06T06:35:14.126+0000][36436][gc,marking   ] GC(213) Concurrent Mark (8984.116s, 8984.325s) 208.694ms
[2020-10-06T06:35:14.126+0000][36436][gc,start     ] GC(213) Pause Remark
[2020-10-06T06:35:14.134+0000][36436][gc           ] GC(213) Pause Remark 591M->591M(1024M) 7.363ms
[2020-10-06T06:35:14.134+0000][36436][gc,cpu       ] GC(213) User=0.11s Sys=0.00s Real=0.01s
[2020-10-06T06:35:14.135+0000][36436][safepoint    ] Safepoint "G1Concurrent", Time since last: 213915400 ns, Reaching safepoint: 185000 ns, At safepoint: 8138000 ns, Total: 8323000 ns
[2020-10-06T06:35:14.135+0000][36436][gc,marking   ] GC(213) Concurrent Rebuild Remembered Sets
[2020-10-06T06:35:14.251+0000][36436][gc,marking   ] GC(213) Concurrent Rebuild Remembered Sets 116.785ms
[2020-10-06T06:35:14.252+0000][36436][gc,start     ] GC(213) Pause Cleanup
[2020-10-06T06:35:14.252+0000][36436][gc           ] GC(213) Pause Cleanup 597M->597M(1024M) 0.404ms
[2020-10-06T06:35:14.252+0000][36436][gc,cpu       ] GC(213) User=0.00s Sys=0.00s Real=0.00s
[2020-10-06T06:35:14.256+0000][36436][safepoint    ] Safepoint "G1Concurrent", Time since last: 117052400 ns, Reaching safepoint: 207900 ns, At safepoint: 4314100 ns, Total: 4522000 ns
[2020-10-06T06:35:14.256+0000][36436][gc,marking   ] GC(213) Concurrent Cleanup for Next Mark
[2020-10-06T06:35:14.258+0000][36436][gc,marking   ] GC(213) Concurrent Cleanup for Next Mark 1.863ms
[2020-10-06T06:35:14.258+0000][36436][gc           ] GC(213) Concurrent Cycle 346.076ms
[2020-10-06T06:35:14.295+0000][36436][gc,start     ] GC(214) Pause Young (Concurrent Start) (G1 Humongous Allocation)
[2020-10-06T06:35:14.296+0000][36436][gc,task      ] GC(214) Using 8 workers of 8 for evacuation
[2020-10-06T06:35:14.296+0000][36436][gc,age       ] GC(214) Desired survivor size 32505856 bytes, new threshold 15 (max threshold 15)
[2020-10-06T06:35:14.303+0000][36436][gc,age       ] GC(214) Age table with threshold 15 (max threshold 15)
[2020-10-06T06:35:14.303+0000][36436][gc,age       ] GC(214) - age   1:   13796128 bytes,   13796128 total
[2020-10-06T06:35:14.303+0000][36436][gc,age       ] GC(214) - age   2:       7704 bytes,   13803832 total
[2020-10-06T06:35:14.304+0000][36436][gc,age       ] GC(214) - age   3:       1536 bytes,   13805368 total
[2020-10-06T06:35:14.304+0000][36436][gc,age       ] GC(214) - age   4:       1480 bytes,   13806848 total
[2020-10-06T06:35:14.304+0000][36436][gc,age       ] GC(214) - age   5:       4992 bytes,   13811840 total
[2020-10-06T06:35:14.304+0000][36436][gc,age       ] GC(214) - age   6:       5112 bytes,   13816952 total
[2020-10-06T06:35:14.304+0000][36436][gc,age       ] GC(214) - age   7:      65152 bytes,   13882104 total
[2020-10-06T06:35:14.304+0000][36436][gc,age       ] GC(214) - age   8:       1512 bytes,   13883616 total
[2020-10-06T06:35:14.304+0000][36436][gc,age       ] GC(214) - age   9:       1016 bytes,   13884632 total
[2020-10-06T06:35:14.304+0000][36436][gc,age       ] GC(214) - age  10:      16416 bytes,   13901048 total
[2020-10-06T06:35:14.304+0000][36436][gc,age       ] GC(214) - age  11:        408 bytes,   13901456 total
[2020-10-06T06:35:14.304+0000][36436][gc,age       ] GC(214) - age  12:        704 bytes,   13902160 total
[2020-10-06T06:35:14.304+0000][36436][gc,age       ] GC(214) - age  13:        176 bytes,   13902336 total
[2020-10-06T06:35:14.304+0000][36436][gc,age       ] GC(214) - age  14:       1416 bytes,   13903752 total
[2020-10-06T06:35:14.304+0000][36436][gc,age       ] GC(214) - age  15:       1416 bytes,   13905168 total
[2020-10-06T06:35:14.304+0000][36436][gc,phases    ] GC(214)   Pre Evacuate Collection Set: 1.0ms
[2020-10-06T06:35:14.304+0000][36436][gc,phases    ] GC(214)   Merge Heap Roots: 0.1ms
[2020-10-06T06:35:14.304+0000][36436][gc,phases    ] GC(214)   Evacuate Collection Set: 4.3ms
[2020-10-06T06:35:14.304+0000][36436][gc,phases    ] GC(214)   Post Evacuate Collection Set: 1.3ms
[2020-10-06T06:35:14.304+0000][36436][gc,phases    ] GC(214)   Other: 2.3ms
[2020-10-06T06:35:14.304+0000][36436][gc,heap      ] GC(214) Eden regions: 97->0(472)
[2020-10-06T06:35:14.305+0000][36436][gc,heap      ] GC(214) Survivor regions: 14->15(62)
[2020-10-06T06:35:14.305+0000][36436][gc,heap      ] GC(214) Old regions: 77->77
[2020-10-06T06:35:14.305+0000][36436][gc,heap      ] GC(214) Archive regions: 0->0
[2020-10-06T06:35:14.305+0000][36436][gc,heap      ] GC(214) Humongous regions: 430->174
[2020-10-06T06:35:14.305+0000][36436][gc,metaspace ] GC(214) Metaspace: 88091K(94076K)->88091K(94076K) NonClass: 76960K(80508K)->76960K(80508K) Class: 11130K(13568K)->11130K(13568K)
[2020-10-06T06:35:14.305+0000][36436][gc           ] GC(214) Pause Young (Concurrent Start) (G1 Humongous Allocation) 617M->265M(1024M) 9.430ms
[2020-10-06T06:35:14.305+0000][36436][gc,cpu       ] GC(214) User=0.11s Sys=0.00s Real=0.01s
[2020-10-06T06:35:14.305+0000][36436][gc           ] GC(215) Concurrent Cycle
[2020-10-06T06:35:14.305+0000][36436][gc,marking   ] GC(215) Concurrent Clear Claimed Marks
[2020-10-06T06:35:14.305+0000][36436][safepoint    ] Safepoint "G1TryInitiateConcMark", Time since last: 38517100 ns, Reaching safepoint: 519000 ns, At safepoint: 9861200 ns, Total: 10380200 ns
[2020-10-06T06:35:14.305+0000][36436][gc,marking   ] GC(215) Concurrent Clear Claimed Marks 0.475ms
[2020-10-06T06:35:14.306+0000][36436][gc,marking   ] GC(215) Concurrent Scan Root Regions
[2020-10-06T06:35:14.308+0000][36436][gc,marking   ] GC(215) Concurrent Scan Root Regions 2.719ms
[2020-10-06T06:35:14.308+0000][36436][gc,marking   ] GC(215) Concurrent Mark (8984.507s)
[2020-10-06T06:35:14.309+0000][36436][gc,marking   ] GC(215) Concurrent Mark From Roots
[2020-10-06T06:35:14.309+0000][36436][gc,task      ] GC(215) Using 2 workers of 2 for marking
[2020-10-06T06:35:14.518+0000][36436][gc,marking   ] GC(215) Concurrent Mark From Roots 209.196ms
[2020-10-06T06:35:14.518+0000][36436][gc,marking   ] GC(215) Concurrent Preclean
[2020-10-06T06:35:14.519+0000][36436][gc,marking   ] GC(215) Concurrent Preclean 0.924ms
[2020-10-06T06:35:14.519+0000][36436][gc,marking   ] GC(215) Concurrent Mark (8984.507s, 8984.717s) 210.341ms
[2020-10-06T06:35:14.519+0000][36436][gc,start     ] GC(215) Pause Remark
[2020-10-06T06:35:14.528+0000][36436][gc           ] GC(215) Pause Remark 598M->598M(1024M) 8.701ms
[2020-10-06T06:35:14.528+0000][36436][gc,cpu       ] GC(215) User=0.03s Sys=0.00s Real=0.01s
[2020-10-06T06:35:14.530+0000][36436][safepoint    ] Safepoint "G1Concurrent", Time since last: 213917200 ns, Reaching safepoint: 160600 ns, At safepoint: 10826500 ns, Total: 10987100 ns
[2020-10-06T06:35:14.530+0000][36436][gc,marking   ] GC(215) Concurrent Rebuild Remembered Sets
[2020-10-06T06:35:14.642+0000][36436][gc,marking   ] GC(215) Concurrent Rebuild Remembered Sets 111.112ms
[2020-10-06T06:35:14.642+0000][36436][gc,start     ] GC(215) Pause Cleanup
[2020-10-06T06:35:14.642+0000][36436][gc           ] GC(215) Pause Cleanup 730M->730M(1024M) 0.513ms
[2020-10-06T06:35:14.643+0000][36436][gc,cpu       ] GC(215) User=0.00s Sys=0.00s Real=0.00s
[2020-10-06T06:35:14.643+0000][36436][safepoint    ] Safepoint "G1Concurrent", Time since last: 111356000 ns, Reaching safepoint: 211100 ns, At safepoint: 809700 ns, Total: 1020800 ns
[2020-10-06T06:35:14.643+0000][36436][gc,marking   ] GC(215) Concurrent Cleanup for Next Mark
[2020-10-06T06:35:14.645+0000][36436][gc,marking   ] GC(215) Concurrent Cleanup for Next Mark 2.263ms
[2020-10-06T06:35:14.645+0000][36436][gc           ] GC(215) Concurrent Cycle 339.888ms
[2020-10-06T06:35:14.712+0000][36436][gc,start     ] GC(216) Pause Young (Concurrent Start) (G1 Humongous Allocation)
[2020-10-06T06:35:14.712+0000][36436][gc,task      ] GC(216) Using 8 workers of 8 for evacuation
[2020-10-06T06:35:14.712+0000][36436][gc,age       ] GC(216) Desired survivor size 31981568 bytes, new threshold 15 (max threshold 15)
[2020-10-06T06:35:14.717+0000][36436][gc,age       ] GC(216) Age table with threshold 15 (max threshold 15)
[2020-10-06T06:35:14.717+0000][36436][gc,age       ] GC(216) - age   1:    3939248 bytes,    3939248 total
[2020-10-06T06:35:14.717+0000][36436][gc,age       ] GC(216) - age   2:       5904 bytes,    3945152 total
[2020-10-06T06:35:14.717+0000][36436][gc,age       ] GC(216) - age   3:       5920 bytes,    3951072 total
[2020-10-06T06:35:14.717+0000][36436][gc,age       ] GC(216) - age   4:       1240 bytes,    3952312 total
[2020-10-06T06:35:14.717+0000][36436][gc,age       ] GC(216) - age   5:       1256 bytes,    3953568 total
[2020-10-06T06:35:14.717+0000][36436][gc,age       ] GC(216) - age   6:       4768 bytes,    3958336 total
[2020-10-06T06:35:14.717+0000][36436][gc,age       ] GC(216) - age   7:       4792 bytes,    3963128 total
[2020-10-06T06:35:14.717+0000][36436][gc,age       ] GC(216) - age   8:      65152 bytes,    4028280 total
[2020-10-06T06:35:14.717+0000][36436][gc,age       ] GC(216) - age   9:       1320 bytes,    4029600 total
[2020-10-06T06:35:14.717+0000][36436][gc,age       ] GC(216) - age  10:       1016 bytes,    4030616 total
[2020-10-06T06:35:14.717+0000][36436][gc,age       ] GC(216) - age  11:      16416 bytes,    4047032 total
[2020-10-06T06:35:14.717+0000][36436][gc,age       ] GC(216) - age  12:        408 bytes,    4047440 total
[2020-10-06T06:35:14.717+0000][36436][gc,age       ] GC(216) - age  13:        640 bytes,    4048080 total
[2020-10-06T06:35:14.717+0000][36436][gc,age       ] GC(216) - age  14:        176 bytes,    4048256 total
[2020-10-06T06:35:14.717+0000][36436][gc,age       ] GC(216) - age  15:       1416 bytes,    4049672 total
[2020-10-06T06:35:14.718+0000][36436][gc,phases    ] GC(216)   Pre Evacuate Collection Set: 0.5ms
[2020-10-06T06:35:14.718+0000][36436][gc,phases    ] GC(216)   Merge Heap Roots: 0.1ms
[2020-10-06T06:35:14.718+0000][36436][gc,phases    ] GC(216)   Evacuate Collection Set: 2.7ms
[2020-10-06T06:35:14.718+0000][36436][gc,phases    ] GC(216)   Post Evacuate Collection Set: 1.4ms
[2020-10-06T06:35:14.718+0000][36436][gc,phases    ] GC(216)   Other: 1.4ms
[2020-10-06T06:35:14.718+0000][36436][gc,heap      ] GC(216) Eden regions: 117->0(487)
[2020-10-06T06:35:14.718+0000][36436][gc,heap      ] GC(216) Survivor regions: 15->5(61)
[2020-10-06T06:35:14.718+0000][36436][gc,heap      ] GC(216) Old regions: 77->77
[2020-10-06T06:35:14.718+0000][36436][gc,heap      ] GC(216) Archive regions: 0->0
[2020-10-06T06:35:14.718+0000][36436][gc,heap      ] GC(216) Humongous regions: 534->174
[2020-10-06T06:35:14.718+0000][36436][gc,metaspace ] GC(216) Metaspace: 88091K(94076K)->88091K(94076K) NonClass: 76960K(80508K)->76960K(80508K) Class: 11130K(13568K)->11130K(13568K)
[2020-10-06T06:35:14.718+0000][36436][gc           ] GC(216) Pause Young (Concurrent Start) (G1 Humongous Allocation) 741M->255M(1024M) 6.560ms
[2020-10-06T06:35:14.718+0000][36436][gc,cpu       ] GC(216) User=0.00s Sys=0.00s Real=0.01s
[2020-10-06T06:35:14.718+0000][36436][gc           ] GC(217) Concurrent Cycle
[2020-10-06T06:35:14.718+0000][36436][gc,marking   ] GC(217) Concurrent Clear Claimed Marks
[2020-10-06T06:35:14.718+0000][36436][safepoint    ] Safepoint "G1TryInitiateConcMark", Time since last: 69138100 ns, Reaching safepoint: 158700 ns, At safepoint: 6990900 ns, Total: 7149600 ns
[2020-10-06T06:35:14.719+0000][36436][gc,marking   ] GC(217) Concurrent Clear Claimed Marks 0.421ms
[2020-10-06T06:35:14.719+0000][36436][gc,marking   ] GC(217) Concurrent Scan Root Regions
[2020-10-06T06:35:14.723+0000][36436][gc,marking   ] GC(217) Concurrent Scan Root Regions 4.407ms
[2020-10-06T06:35:14.723+0000][36436][gc,marking   ] GC(217) Concurrent Mark (8984.922s)
[2020-10-06T06:35:14.723+0000][36436][gc,marking   ] GC(217) Concurrent Mark From Roots
[2020-10-06T06:35:14.724+0000][36436][gc,task      ] GC(217) Using 2 workers of 2 for marking
[2020-10-06T06:35:14.907+0000][36436][gc,marking   ] GC(217) Concurrent Mark From Roots 183.216ms
[2020-10-06T06:35:14.907+0000][36436][gc,marking   ] GC(217) Concurrent Preclean
[2020-10-06T06:35:14.908+0000][36436][gc,marking   ] GC(217) Concurrent Preclean 0.897ms
[2020-10-06T06:35:14.908+0000][36436][gc,marking   ] GC(217) Concurrent Mark (8984.922s, 8985.106s) 184.331ms
[2020-10-06T06:35:14.908+0000][36436][gc,start     ] GC(217) Pause Remark
[2020-10-06T06:35:14.916+0000][36436][gc           ] GC(217) Pause Remark 392M->392M(1024M) 7.724ms
[2020-10-06T06:35:14.916+0000][36436][gc,cpu       ] GC(217) User=0.11s Sys=0.00s Real=0.01s
[2020-10-06T06:35:14.916+0000][36436][safepoint    ] Safepoint "G1Concurrent", Time since last: 189392000 ns, Reaching safepoint: 250300 ns, At safepoint: 8024300 ns, Total: 8274600 ns
[2020-10-06T06:35:14.916+0000][36436][gc,marking   ] GC(217) Concurrent Rebuild Remembered Sets
[2020-10-06T06:35:15.006+0000][36436][gc,marking   ] GC(217) Concurrent Rebuild Remembered Sets 89.561ms
[2020-10-06T06:35:15.006+0000][36436][gc,start     ] GC(217) Pause Cleanup
[2020-10-06T06:35:15.006+0000][36436][gc           ] GC(217) Pause Cleanup 461M->461M(1024M) 0.368ms
[2020-10-06T06:35:15.007+0000][36436][gc,cpu       ] GC(217) User=0.00s Sys=0.00s Real=0.00s
[2020-10-06T06:35:15.007+0000][36436][safepoint    ] Safepoint "G1Concurrent", Time since last: 89784300 ns, Reaching safepoint: 152500 ns, At safepoint: 561600 ns, Total: 714100 ns
[2020-10-06T06:35:15.007+0000][36436][gc,marking   ] GC(217) Concurrent Cleanup for Next Mark
[2020-10-06T06:35:15.009+0000][36436][gc,marking   ] GC(217) Concurrent Cleanup for Next Mark 2.006ms
[2020-10-06T06:35:15.009+0000][36436][gc           ] GC(217) Concurrent Cycle 290.626ms
[2020-10-06T06:35:15.082+0000][36436][gc,start     ] GC(218) Pause Young (Concurrent Start) (G1 Humongous Allocation)
[2020-10-06T06:35:15.083+0000][36436][gc,task      ] GC(218) Using 8 workers of 8 for evacuation
[2020-10-06T06:35:15.083+0000][36436][gc,age       ] GC(218) Desired survivor size 32505856 bytes, new threshold 15 (max threshold 15)
[2020-10-06T06:35:15.087+0000][36436][gc,age       ] GC(218) Age table with threshold 15 (max threshold 15)
[2020-10-06T06:35:15.087+0000][36436][gc,age       ] GC(218) - age   1:    8110928 bytes,    8110928 total
[2020-10-06T06:35:15.087+0000][36436][gc,age       ] GC(218) - age   2:       4728 bytes,    8115656 total
[2020-10-06T06:35:15.087+0000][36436][gc,age       ] GC(218) - age   3:       2160 bytes,    8117816 total
[2020-10-06T06:35:15.087+0000][36436][gc,age       ] GC(218) - age   4:       5280 bytes,    8123096 total
[2020-10-06T06:35:15.088+0000][36436][gc,age       ] GC(218) - age   5:       1080 bytes,    8124176 total
[2020-10-06T06:35:15.088+0000][36436][gc,age       ] GC(218) - age   6:        904 bytes,    8125080 total
[2020-10-06T06:35:15.088+0000][36436][gc,age       ] GC(218) - age   7:       4648 bytes,    8129728 total
[2020-10-06T06:35:15.088+0000][36436][gc,age       ] GC(218) - age   8:       4664 bytes,    8134392 total
[2020-10-06T06:35:15.088+0000][36436][gc,age       ] GC(218) - age   9:      65152 bytes,    8199544 total
[2020-10-06T06:35:15.088+0000][36436][gc,age       ] GC(218) - age  10:       1320 bytes,    8200864 total
[2020-10-06T06:35:15.088+0000][36436][gc,age       ] GC(218) - age  11:       1016 bytes,    8201880 total
[2020-10-06T06:35:15.088+0000][36436][gc,age       ] GC(218) - age  12:      16416 bytes,    8218296 total
[2020-10-06T06:35:15.088+0000][36436][gc,age       ] GC(218) - age  13:        408 bytes,    8218704 total
[2020-10-06T06:35:15.088+0000][36436][gc,age       ] GC(218) - age  14:        640 bytes,    8219344 total
[2020-10-06T06:35:15.088+0000][36436][gc,age       ] GC(218) - age  15:        176 bytes,    8219520 total
[2020-10-06T06:35:15.088+0000][36436][gc,phases    ] GC(218)   Pre Evacuate Collection Set: 0.5ms
[2020-10-06T06:35:15.088+0000][36436][gc,phases    ] GC(218)   Merge Heap Roots: 0.1ms
[2020-10-06T06:35:15.088+0000][36436][gc,phases    ] GC(218)   Evacuate Collection Set: 2.8ms
[2020-10-06T06:35:15.089+0000][36436][gc,phases    ] GC(218)   Post Evacuate Collection Set: 1.1ms
[2020-10-06T06:35:15.089+0000][36436][gc,phases    ] GC(218)   Other: 1.5ms
[2020-10-06T06:35:15.089+0000][36436][gc,heap      ] GC(218) Eden regions: 73->0(483)
[2020-10-06T06:35:15.089+0000][36436][gc,heap      ] GC(218) Survivor regions: 5->9(62)
[2020-10-06T06:35:15.089+0000][36436][gc,heap      ] GC(218) Old regions: 77->77
[2020-10-06T06:35:15.089+0000][36436][gc,heap      ] GC(218) Archive regions: 0->0
[2020-10-06T06:35:15.089+0000][36436][gc,heap      ] GC(218) Humongous regions: 326->174
[2020-10-06T06:35:15.089+0000][36436][gc,metaspace ] GC(218) Metaspace: 88102K(94076K)->88102K(94076K) NonClass: 76971K(80508K)->76971K(80508K) Class: 11130K(13568K)->11130K(13568K)
[2020-10-06T06:35:15.089+0000][36436][gc           ] GC(218) Pause Young (Concurrent Start) (G1 Humongous Allocation) 480M->259M(1024M) 6.486ms
[2020-10-06T06:35:15.089+0000][36436][gc,cpu       ] GC(218) User=0.00s Sys=0.02s Real=0.01s
[2020-10-06T06:35:15.089+0000][36436][gc           ] GC(219) Concurrent Cycle
[2020-10-06T06:35:15.089+0000][36436][safepoint    ] Safepoint "G1TryInitiateConcMark", Time since last: 75534900 ns, Reaching safepoint: 224100 ns, At safepoint: 6706000 ns, Total: 6930100 ns
[2020-10-06T06:35:15.089+0000][36436][gc,marking   ] GC(219) Concurrent Clear Claimed Marks
[2020-10-06T06:35:15.090+0000][36436][gc,marking   ] GC(219) Concurrent Clear Claimed Marks 0.658ms
[2020-10-06T06:35:15.090+0000][36436][gc,marking   ] GC(219) Concurrent Scan Root Regions
[2020-10-06T06:35:15.093+0000][36436][gc,marking   ] GC(219) Concurrent Scan Root Regions 3.072ms
[2020-10-06T06:35:15.093+0000][36436][gc,marking   ] GC(219) Concurrent Mark (8985.292s)
[2020-10-06T06:35:15.093+0000][36436][gc,marking   ] GC(219) Concurrent Mark From Roots
[2020-10-06T06:35:15.093+0000][36436][gc,task      ] GC(219) Using 2 workers of 2 for marking
[2020-10-06T06:35:15.277+0000][36436][gc,marking   ] GC(219) Concurrent Mark From Roots 182.859ms
[2020-10-06T06:35:15.277+0000][36436][gc,marking   ] GC(219) Concurrent Preclean
[2020-10-06T06:35:15.278+0000][36436][gc,marking   ] GC(219) Concurrent Preclean 1.016ms
[2020-10-06T06:35:15.278+0000][36436][gc,marking   ] GC(219) Concurrent Mark (8985.292s, 8985.476s) 184.112ms
[2020-10-06T06:35:15.278+0000][36436][gc,start     ] GC(219) Pause Remark
[2020-10-06T06:35:15.285+0000][36436][gc           ] GC(219) Pause Remark 448M->448M(1024M) 7.162ms
[2020-10-06T06:35:15.285+0000][36436][gc,cpu       ] GC(219) User=0.00s Sys=0.00s Real=0.01s
[2020-10-06T06:35:15.285+0000][36436][safepoint    ] Safepoint "G1Concurrent", Time since last: 188282800 ns, Reaching safepoint: 158800 ns, At safepoint: 7404500 ns, Total: 7563300 ns
[2020-10-06T06:35:15.285+0000][36436][gc,marking   ] GC(219) Concurrent Rebuild Remembered Sets
[2020-10-06T06:35:15.396+0000][36436][gc,marking   ] GC(219) Concurrent Rebuild Remembered Sets 110.608ms
[2020-10-06T06:35:15.396+0000][36436][gc,start     ] GC(219) Pause Cleanup
[2020-10-06T06:35:15.396+0000][36436][gc           ] GC(219) Pause Cleanup 587M->587M(1024M) 0.356ms
[2020-10-06T06:35:15.396+0000][36436][gc,cpu       ] GC(219) User=0.00s Sys=0.00s Real=0.00s
[2020-10-06T06:35:15.396+0000][36436][safepoint    ] Safepoint "G1Concurrent", Time since last: 110800700 ns, Reaching safepoint: 221300 ns, At safepoint: 571800 ns, Total: 793100 ns
[2020-10-06T06:35:15.397+0000][36436][gc,marking   ] GC(219) Concurrent Cleanup for Next Mark
[2020-10-06T06:35:15.399+0000][36436][gc,marking   ] GC(219) Concurrent Cleanup for Next Mark 2.330ms
[2020-10-06T06:35:15.399+0000][36436][gc           ] GC(219) Concurrent Cycle 309.991ms
[2020-10-06T06:35:15.475+0000][36436][gc,start     ] GC(220) Pause Young (Concurrent Start) (G1 Humongous Allocation)
[2020-10-06T06:35:15.475+0000][36436][gc,task      ] GC(220) Using 8 workers of 8 for evacuation
[2020-10-06T06:35:15.475+0000][36436][gc,age       ] GC(220) Desired survivor size 32505856 bytes, new threshold 15 (max threshold 15)
[2020-10-06T06:35:15.480+0000][36436][gc,age       ] GC(220) Age table with threshold 15 (max threshold 15)
[2020-10-06T06:35:15.480+0000][36436][gc,age       ] GC(220) - age   1:    5864136 bytes,    5864136 total
[2020-10-06T06:35:15.480+0000][36436][gc,age       ] GC(220) - age   2:       9480 bytes,    5873616 total
[2020-10-06T06:35:15.480+0000][36436][gc,age       ] GC(220) - age   3:       3536 bytes,    5877152 total
[2020-10-06T06:35:15.480+0000][36436][gc,age       ] GC(220) - age   4:       2024 bytes,    5879176 total
[2020-10-06T06:35:15.480+0000][36436][gc,age       ] GC(220) - age   5:       5248 bytes,    5884424 total
[2020-10-06T06:35:15.480+0000][36436][gc,age       ] GC(220) - age   6:        952 bytes,    5885376 total
[2020-10-06T06:35:15.480+0000][36436][gc,age       ] GC(220) - age   7:        808 bytes,    5886184 total
[2020-10-06T06:35:15.480+0000][36436][gc,age       ] GC(220) - age   8:       4648 bytes,    5890832 total
[2020-10-06T06:35:15.480+0000][36436][gc,age       ] GC(220) - age   9:       4472 bytes,    5895304 total
[2020-10-06T06:35:15.480+0000][36436][gc,age       ] GC(220) - age  10:      65152 bytes,    5960456 total
[2020-10-06T06:35:15.480+0000][36436][gc,age       ] GC(220) - age  11:       1256 bytes,    5961712 total
[2020-10-06T06:35:15.480+0000][36436][gc,age       ] GC(220) - age  12:       1016 bytes,    5962728 total
[2020-10-06T06:35:15.480+0000][36436][gc,age       ] GC(220) - age  13:      16312 bytes,    5979040 total
[2020-10-06T06:35:15.480+0000][36436][gc,age       ] GC(220) - age  14:        408 bytes,    5979448 total
[2020-10-06T06:35:15.480+0000][36436][gc,age       ] GC(220) - age  15:        640 bytes,    5980088 total
[2020-10-06T06:35:15.480+0000][36436][gc,phases    ] GC(220)   Pre Evacuate Collection Set: 0.6ms
[2020-10-06T06:35:15.481+0000][36436][gc,phases    ] GC(220)   Merge Heap Roots: 0.1ms
[2020-10-06T06:35:15.481+0000][36436][gc,phases    ] GC(220)   Evacuate Collection Set: 2.7ms
[2020-10-06T06:35:15.481+0000][36436][gc,phases    ] GC(220)   Post Evacuate Collection Set: 1.0ms
[2020-10-06T06:35:15.481+0000][36436][gc,phases    ] GC(220)   Other: 1.1ms
[2020-10-06T06:35:15.481+0000][36436][gc,heap      ] GC(220) Eden regions: 95->0(487)
[2020-10-06T06:35:15.481+0000][36436][gc,heap      ] GC(220) Survivor regions: 9->7(62)
[2020-10-06T06:35:15.481+0000][36436][gc,heap      ] GC(220) Old regions: 77->77
[2020-10-06T06:35:15.481+0000][36436][gc,heap      ] GC(220) Archive regions: 0->0
[2020-10-06T06:35:15.481+0000][36436][gc,heap      ] GC(220) Humongous regions: 426->174
[2020-10-06T06:35:15.481+0000][36436][gc,metaspace ] GC(220) Metaspace: 88120K(94076K)->88120K(94076K) NonClass: 76988K(80508K)->76988K(80508K) Class: 11132K(13568K)->11132K(13568K)
[2020-10-06T06:35:15.481+0000][36436][gc           ] GC(220) Pause Young (Concurrent Start) (G1 Humongous Allocation) 606M->257M(1024M) 5.920ms
[2020-10-06T06:35:15.481+0000][36436][gc,cpu       ] GC(220) User=0.00s Sys=0.00s Real=0.01s
[2020-10-06T06:35:15.481+0000][36436][gc           ] GC(221) Concurrent Cycle
[2020-10-06T06:35:15.481+0000][36436][gc,marking   ] GC(221) Concurrent Clear Claimed Marks
[2020-10-06T06:35:15.481+0000][36436][safepoint    ] Safepoint "G1TryInitiateConcMark", Time since last: 78291600 ns, Reaching safepoint: 249600 ns, At safepoint: 6182700 ns, Total: 6432300 ns
[2020-10-06T06:35:15.482+0000][36436][gc,marking   ] GC(221) Concurrent Clear Claimed Marks 0.431ms
[2020-10-06T06:35:15.482+0000][36436][gc,marking   ] GC(221) Concurrent Scan Root Regions
[2020-10-06T06:35:15.484+0000][36436][gc,marking   ] GC(221) Concurrent Scan Root Regions 2.707ms
[2020-10-06T06:35:15.485+0000][36436][gc,marking   ] GC(221) Concurrent Mark (8985.683s)
[2020-10-06T06:35:15.485+0000][36436][gc,marking   ] GC(221) Concurrent Mark From Roots
[2020-10-06T06:35:15.485+0000][36436][gc,task      ] GC(221) Using 2 workers of 2 for marking
[2020-10-06T06:35:15.591+0000][36436][safepoint    ] Safepoint "BulkRevokeBias", Time since last: 106690400 ns, Reaching safepoint: 218500 ns, At safepoint: 3332200 ns, Total: 3550700 ns
[2020-10-06T06:35:15.656+0000][36436][gc,marking   ] GC(221) Concurrent Mark From Roots 171.570ms
[2020-10-06T06:35:15.656+0000][36436][gc,marking   ] GC(221) Concurrent Preclean
[2020-10-06T06:35:15.657+0000][36436][gc,marking   ] GC(221) Concurrent Preclean 0.873ms
[2020-10-06T06:35:15.657+0000][36436][gc,marking   ] GC(221) Concurrent Mark (8985.683s, 8985.856s) 172.671ms
[2020-10-06T06:35:15.657+0000][36436][gc,start     ] GC(221) Pause Remark
[2020-10-06T06:35:15.665+0000][36436][gc           ] GC(221) Pause Remark 647M->647M(1024M) 7.062ms
[2020-10-06T06:35:15.665+0000][36436][gc,cpu       ] GC(221) User=0.09s Sys=0.00s Real=0.01s
[2020-10-06T06:35:15.665+0000][36436][safepoint    ] Safepoint "G1Concurrent", Time since last: 65816700 ns, Reaching safepoint: 214600 ns, At safepoint: 7526600 ns, Total: 7741200 ns
[2020-10-06T06:35:15.665+0000][36436][gc,marking   ] GC(221) Concurrent Rebuild Remembered Sets
[2020-10-06T06:35:15.766+0000][36436][gc,marking   ] GC(221) Concurrent Rebuild Remembered Sets 100.668ms
[2020-10-06T06:35:15.766+0000][36436][gc,start     ] GC(221) Pause Cleanup
[2020-10-06T06:35:15.766+0000][36436][gc           ] GC(221) Pause Cleanup 737M->737M(1024M) 0.337ms
[2020-10-06T06:35:15.767+0000][36436][gc,cpu       ] GC(221) User=0.00s Sys=0.00s Real=0.00s
[2020-10-06T06:35:15.767+0000][36436][safepoint    ] Safepoint "G1Concurrent", Time since last: 100921700 ns, Reaching safepoint: 208800 ns, At safepoint: 547700 ns, Total: 756500 ns
[2020-10-06T06:35:15.767+0000][36436][gc,marking   ] GC(221) Concurrent Cleanup for Next Mark
[2020-10-06T06:35:15.769+0000][36436][gc,marking   ] GC(221) Concurrent Cleanup for Next Mark 1.952ms
[2020-10-06T06:35:15.769+0000][36436][gc           ] GC(221) Concurrent Cycle 287.763ms
[2020-10-06T06:35:15.789+0000][36436][gc,start     ] GC(222) Pause Young (Concurrent Start) (G1 Humongous Allocation)
[2020-10-06T06:35:15.789+0000][36436][gc,task      ] GC(222) Using 8 workers of 8 for evacuation
[2020-10-06T06:35:15.789+0000][36436][gc,age       ] GC(222) Desired survivor size 32505856 bytes, new threshold 15 (max threshold 15)
[2020-10-06T06:35:15.795+0000][36436][gc,age       ] GC(222) Age table with threshold 15 (max threshold 15)
[2020-10-06T06:35:15.795+0000][36436][gc,age       ] GC(222) - age   1:   13724312 bytes,   13724312 total
[2020-10-06T06:35:15.796+0000][36436][gc,age       ] GC(222) - age   2:      55360 bytes,   13779672 total
[2020-10-06T06:35:15.796+0000][36436][gc,age       ] GC(222) - age   3:       1640 bytes,   13781312 total
[2020-10-06T06:35:15.796+0000][36436][gc,age       ] GC(222) - age   4:       1392 bytes,   13782704 total
[2020-10-06T06:35:15.796+0000][36436][gc,age       ] GC(222) - age   5:       1480 bytes,   13784184 total
[2020-10-06T06:35:15.796+0000][36436][gc,age       ] GC(222) - age   6:       5248 bytes,   13789432 total
[2020-10-06T06:35:15.796+0000][36436][gc,age       ] GC(222) - age   7:        888 bytes,   13790320 total
[2020-10-06T06:35:15.796+0000][36436][gc,age       ] GC(222) - age   8:        616 bytes,   13790936 total
[2020-10-06T06:35:15.796+0000][36436][gc,age       ] GC(222) - age   9:       4648 bytes,   13795584 total
[2020-10-06T06:35:15.796+0000][36436][gc,age       ] GC(222) - age  10:       4408 bytes,   13799992 total
[2020-10-06T06:35:15.796+0000][36436][gc,age       ] GC(222) - age  11:      65152 bytes,   13865144 total
[2020-10-06T06:35:15.796+0000][36436][gc,age       ] GC(222) - age  12:       1256 bytes,   13866400 total
[2020-10-06T06:35:15.796+0000][36436][gc,age       ] GC(222) - age  13:        920 bytes,   13867320 total
[2020-10-06T06:35:15.796+0000][36436][gc,age       ] GC(222) - age  14:      16312 bytes,   13883632 total
[2020-10-06T06:35:15.796+0000][36436][gc,age       ] GC(222) - age  15:        408 bytes,   13884040 total
[2020-10-06T06:35:15.796+0000][36436][gc,phases    ] GC(222)   Pre Evacuate Collection Set: 0.4ms
[2020-10-06T06:35:15.796+0000][36436][gc,phases    ] GC(222)   Merge Heap Roots: 0.1ms
[2020-10-06T06:35:15.796+0000][36436][gc,phases    ] GC(222)   Evacuate Collection Set: 4.1ms
[2020-10-06T06:35:15.796+0000][36436][gc,phases    ] GC(222)   Post Evacuate Collection Set: 1.5ms
[2020-10-06T06:35:15.796+0000][36436][gc,phases    ] GC(222)   Other: 1.2ms
[2020-10-06T06:35:15.796+0000][36436][gc,heap      ] GC(222) Eden regions: 150->0(476)
[2020-10-06T06:35:15.796+0000][36436][gc,heap      ] GC(222) Survivor regions: 7->14(62)
[2020-10-06T06:35:15.796+0000][36436][gc,heap      ] GC(222) Old regions: 77->77
[2020-10-06T06:35:15.796+0000][36436][gc,heap      ] GC(222) Archive regions: 0->0
[2020-10-06T06:35:15.797+0000][36436][gc,heap      ] GC(222) Humongous regions: 526->174
[2020-10-06T06:35:15.797+0000][36436][gc,metaspace ] GC(222) Metaspace: 88124K(94076K)->88124K(94076K) NonClass: 76992K(80508K)->76992K(80508K) Class: 11132K(13568K)->11132K(13568K)
[2020-10-06T06:35:15.797+0000][36436][gc           ] GC(222) Pause Young (Concurrent Start) (G1 Humongous Allocation) 758M->264M(1024M) 7.695ms
[2020-10-06T06:35:15.797+0000][36436][gc,cpu       ] GC(222) User=0.00s Sys=0.00s Real=0.01s
[2020-10-06T06:35:15.797+0000][36436][gc           ] GC(223) Concurrent Cycle
[2020-10-06T06:35:15.797+0000][36436][safepoint    ] Safepoint "G1TryInitiateConcMark", Time since last: 22000500 ns, Reaching safepoint: 183800 ns, At safepoint: 7904800 ns, Total: 8088600 ns
[2020-10-06T06:35:15.797+0000][36436][gc,marking   ] GC(223) Concurrent Clear Claimed Marks
[2020-10-06T06:35:15.798+0000][36436][gc,marking   ] GC(223) Concurrent Clear Claimed Marks 1.088ms
[2020-10-06T06:35:15.798+0000][36436][gc,marking   ] GC(223) Concurrent Scan Root Regions
[2020-10-06T06:35:15.802+0000][36436][gc,marking   ] GC(223) Concurrent Scan Root Regions 3.716ms
[2020-10-06T06:35:15.802+0000][36436][gc,marking   ] GC(223) Concurrent Mark (8986.001s)
[2020-10-06T06:35:15.802+0000][36436][gc,marking   ] GC(223) Concurrent Mark From Roots
[2020-10-06T06:35:15.802+0000][36436][gc,task      ] GC(223) Using 2 workers of 2 for marking
[2020-10-06T06:35:15.986+0000][36436][gc,marking   ] GC(223) Concurrent Mark From Roots 183.945ms
[2020-10-06T06:35:15.986+0000][36436][gc,marking   ] GC(223) Concurrent Preclean
[2020-10-06T06:35:15.987+0000][36436][gc,marking   ] GC(223) Concurrent Preclean 1.075ms
[2020-10-06T06:35:15.987+0000][36436][gc,marking   ] GC(223) Concurrent Mark (8986.001s, 8986.186s) 185.317ms
[2020-10-06T06:35:15.988+0000][36436][gc,start     ] GC(223) Pause Remark
[2020-10-06T06:35:15.998+0000][36436][gc           ] GC(223) Pause Remark 612M->612M(1024M) 9.806ms
[2020-10-06T06:35:15.998+0000][36436][gc,cpu       ] GC(223) User=0.13s Sys=0.00s Real=0.01s
[2020-10-06T06:35:15.998+0000][36436][safepoint    ] Safepoint "G1Concurrent", Time since last: 190614700 ns, Reaching safepoint: 227900 ns, At safepoint: 10317600 ns, Total: 10545500 ns
[2020-10-06T06:35:15.998+0000][36436][gc,marking   ] GC(223) Concurrent Rebuild Remembered Sets
[2020-10-06T06:35:16.115+0000][36436][gc,marking   ] GC(223) Concurrent Rebuild Remembered Sets 116.820ms
[2020-10-06T06:35:16.115+0000][36436][gc,start     ] GC(223) Pause Cleanup
[2020-10-06T06:35:16.116+0000][36436][gc           ] GC(223) Pause Cleanup 937M->937M(1024M) 1.166ms
[2020-10-06T06:35:16.117+0000][36436][gc,cpu       ] GC(223) User=0.00s Sys=0.00s Real=0.00s
[2020-10-06T06:35:16.117+0000][36436][safepoint    ] Safepoint "G1Concurrent", Time since last: 117051700 ns, Reaching safepoint: 250100 ns, At safepoint: 1714400 ns, Total: 1964500 ns
[2020-10-06T06:35:16.117+0000][36436][gc,marking   ] GC(223) Concurrent Cleanup for Next Mark
[2020-10-06T06:35:16.119+0000][36436][gc,marking   ] GC(223) Concurrent Cleanup for Next Mark 2.026ms
[2020-10-06T06:35:16.119+0000][36436][gc           ] GC(223) Concurrent Cycle 322.501ms
[2020-10-06T06:35:16.203+0000][36436][gc,start     ] GC(224) Pause Young (Concurrent Start) (G1 Humongous Allocation)
[2020-10-06T06:35:16.203+0000][36436][gc,task      ] GC(224) Using 8 workers of 8 for evacuation
[2020-10-06T06:35:16.203+0000][36436][gc,age       ] GC(224) Desired survivor size 32505856 bytes, new threshold 15 (max threshold 15)
[2020-10-06T06:35:16.208+0000][36436][gc,age       ] GC(224) Age table with threshold 15 (max threshold 15)
[2020-10-06T06:35:16.209+0000][36436][gc,age       ] GC(224) - age   1:    2638032 bytes,    2638032 total
[2020-10-06T06:35:16.209+0000][36436][gc,age       ] GC(224) - age   2:       4920 bytes,    2642952 total
[2020-10-06T06:35:16.209+0000][36436][gc,age       ] GC(224) - age   3:      55040 bytes,    2697992 total
[2020-10-06T06:35:16.209+0000][36436][gc,age       ] GC(224) - age   4:       1040 bytes,    2699032 total
[2020-10-06T06:35:16.209+0000][36436][gc,age       ] GC(224) - age   5:       1232 bytes,    2700264 total
[2020-10-06T06:35:16.209+0000][36436][gc,age       ] GC(224) - age   6:       1480 bytes,    2701744 total
[2020-10-06T06:35:16.209+0000][36436][gc,age       ] GC(224) - age   7:       5248 bytes,    2706992 total
[2020-10-06T06:35:16.209+0000][36436][gc,age       ] GC(224) - age   8:        888 bytes,    2707880 total
[2020-10-06T06:35:16.209+0000][36436][gc,age       ] GC(224) - age   9:        616 bytes,    2708496 total
[2020-10-06T06:35:16.209+0000][36436][gc,age       ] GC(224) - age  10:       4520 bytes,    2713016 total
[2020-10-06T06:35:16.209+0000][36436][gc,age       ] GC(224) - age  11:       4248 bytes,    2717264 total
[2020-10-06T06:35:16.209+0000][36436][gc,age       ] GC(224) - age  12:      64728 bytes,    2781992 total
[2020-10-06T06:35:16.209+0000][36436][gc,age       ] GC(224) - age  13:       1256 bytes,    2783248 total
[2020-10-06T06:35:16.209+0000][36436][gc,age       ] GC(224) - age  14:        920 bytes,    2784168 total
[2020-10-06T06:35:16.209+0000][36436][gc,age       ] GC(224) - age  15:      16280 bytes,    2800448 total
[2020-10-06T06:35:16.210+0000][36436][gc,phases    ] GC(224)   Pre Evacuate Collection Set: 0.5ms
[2020-10-06T06:35:16.210+0000][36436][gc,phases    ] GC(224)   Merge Heap Roots: 0.2ms
[2020-10-06T06:35:16.210+0000][36436][gc,phases    ] GC(224)   Evacuate Collection Set: 3.1ms
[2020-10-06T06:35:16.210+0000][36436][gc,phases    ] GC(224)   Post Evacuate Collection Set: 1.7ms
[2020-10-06T06:35:16.210+0000][36436][gc,phases    ] GC(224)   Other: 1.5ms
[2020-10-06T06:35:16.210+0000][36436][gc,heap      ] GC(224) Eden regions: 175->0(490)
[2020-10-06T06:35:16.210+0000][36436][gc,heap      ] GC(224) Survivor regions: 14->4(62)
[2020-10-06T06:35:16.210+0000][36436][gc,heap      ] GC(224) Old regions: 77->77
[2020-10-06T06:35:16.210+0000][36436][gc,heap      ] GC(224) Archive regions: 0->0
[2020-10-06T06:35:16.210+0000][36436][gc,heap      ] GC(224) Humongous regions: 688->174
[2020-10-06T06:35:16.210+0000][36436][gc,metaspace ] GC(224) Metaspace: 88124K(94076K)->88124K(94076K) NonClass: 76992K(80508K)->76992K(80508K) Class: 11132K(13568K)->11132K(13568K)
[2020-10-06T06:35:16.211+0000][36436][gc           ] GC(224) Pause Young (Concurrent Start) (G1 Humongous Allocation) 953M->254M(1024M) 7.850ms
[2020-10-06T06:35:16.211+0000][36436][gc,cpu       ] GC(224) User=0.02s Sys=0.00s Real=0.01s
[2020-10-06T06:35:16.211+0000][36436][gc           ] GC(225) Concurrent Cycle
[2020-10-06T06:35:16.211+0000][36436][gc,marking   ] GC(225) Concurrent Clear Claimed Marks
[2020-10-06T06:35:16.211+0000][36436][safepoint    ] Safepoint "G1TryInitiateConcMark", Time since last: 85243300 ns, Reaching safepoint: 209200 ns, At safepoint: 8882700 ns, Total: 9091900 ns
[2020-10-06T06:35:16.213+0000][36436][gc,marking   ] GC(225) Concurrent Clear Claimed Marks 2.095ms
[2020-10-06T06:35:16.213+0000][36436][gc,marking   ] GC(225) Concurrent Scan Root Regions
[2020-10-06T06:35:16.215+0000][36436][gc,marking   ] GC(225) Concurrent Scan Root Regions 1.973ms
[2020-10-06T06:35:16.215+0000][36436][gc,marking   ] GC(225) Concurrent Mark (8986.414s)
[2020-10-06T06:35:16.215+0000][36436][gc,marking   ] GC(225) Concurrent Mark From Roots
[2020-10-06T06:35:16.215+0000][36436][gc,task      ] GC(225) Using 2 workers of 2 for marking
[2020-10-06T06:35:16.391+0000][36436][gc,marking   ] GC(225) Concurrent Mark From Roots 175.527ms
[2020-10-06T06:35:16.391+0000][36436][gc,marking   ] GC(225) Concurrent Preclean
[2020-10-06T06:35:16.392+0000][36436][gc,marking   ] GC(225) Concurrent Preclean 1.166ms
[2020-10-06T06:35:16.393+0000][36436][gc,marking   ] GC(225) Concurrent Mark (8986.414s, 8986.591s) 177.000ms
[2020-10-06T06:35:16.393+0000][36436][gc,start     ] GC(225) Pause Remark
[2020-10-06T06:35:16.400+0000][36436][gc           ] GC(225) Pause Remark 430M->430M(1024M) 6.992ms
[2020-10-06T06:35:16.400+0000][36436][gc,cpu       ] GC(225) User=0.11s Sys=0.00s Real=0.01s
[2020-10-06T06:35:16.400+0000][36436][safepoint    ] Safepoint "G1Concurrent", Time since last: 180978600 ns, Reaching safepoint: 206100 ns, At safepoint: 7222500 ns, Total: 7428600 ns
[2020-10-06T06:35:16.400+0000][36436][gc,marking   ] GC(225) Concurrent Rebuild Remembered Sets
[2020-10-06T06:35:16.502+0000][36436][gc,marking   ] GC(225) Concurrent Rebuild Remembered Sets 102.201ms
[2020-10-06T06:35:16.503+0000][36436][gc,start     ] GC(225) Pause Cleanup
[2020-10-06T06:35:16.503+0000][36436][gc           ] GC(225) Pause Cleanup 631M->631M(1024M) 0.447ms
[2020-10-06T06:35:16.503+0000][36436][gc,cpu       ] GC(225) User=0.00s Sys=0.00s Real=0.00s
[2020-10-06T06:35:16.504+0000][36436][safepoint    ] Safepoint "G1Concurrent", Time since last: 102543000 ns, Reaching safepoint: 259900 ns, At safepoint: 670600 ns, Total: 930500 ns
[2020-10-06T06:35:16.504+0000][36436][gc,marking   ] GC(225) Concurrent Cleanup for Next Mark
[2020-10-06T06:35:16.507+0000][36436][gc,marking   ] GC(225) Concurrent Cleanup for Next Mark 3.533ms
[2020-10-06T06:35:16.508+0000][36436][gc           ] GC(225) Concurrent Cycle 296.257ms
[2020-10-06T06:35:16.508+0000][36436][gc,start     ] GC(226) Pause Young (Concurrent Start) (G1 Humongous Allocation)
[2020-10-06T06:35:16.508+0000][36436][gc,task      ] GC(226) Using 8 workers of 8 for evacuation
[2020-10-06T06:35:16.508+0000][36436][gc,age       ] GC(226) Desired survivor size 32505856 bytes, new threshold 15 (max threshold 15)
[2020-10-06T06:35:16.513+0000][36436][gc,age       ] GC(226) Age table with threshold 15 (max threshold 15)
[2020-10-06T06:35:16.513+0000][36436][gc,age       ] GC(226) - age   1:    7535472 bytes,    7535472 total
[2020-10-06T06:35:16.513+0000][36436][gc,age       ] GC(226) - age   2:      18072 bytes,    7553544 total
[2020-10-06T06:35:16.513+0000][36436][gc,age       ] GC(226) - age   3:       4600 bytes,    7558144 total
[2020-10-06T06:35:16.513+0000][36436][gc,age       ] GC(226) - age   4:      54288 bytes,    7612432 total
[2020-10-06T06:35:16.514+0000][36436][gc,age       ] GC(226) - age   5:       1040 bytes,    7613472 total
[2020-10-06T06:35:16.514+0000][36436][gc,age       ] GC(226) - age   6:       1072 bytes,    7614544 total
[2020-10-06T06:35:16.514+0000][36436][gc,age       ] GC(226) - age   7:       1480 bytes,    7616024 total
[2020-10-06T06:35:16.514+0000][36436][gc,age       ] GC(226) - age   8:       5248 bytes,    7621272 total
[2020-10-06T06:35:16.514+0000][36436][gc,age       ] GC(226) - age   9:        888 bytes,    7622160 total
[2020-10-06T06:35:16.514+0000][36436][gc,age       ] GC(226) - age  10:        616 bytes,    7622776 total
[2020-10-06T06:35:16.514+0000][36436][gc,age       ] GC(226) - age  11:       4456 bytes,    7627232 total
[2020-10-06T06:35:16.514+0000][36436][gc,age       ] GC(226) - age  12:        984 bytes,    7628216 total
[2020-10-06T06:35:16.514+0000][36436][gc,age       ] GC(226) - age  13:      64560 bytes,    7692776 total
[2020-10-06T06:35:16.514+0000][36436][gc,age       ] GC(226) - age  14:       1256 bytes,    7694032 total
[2020-10-06T06:35:16.514+0000][36436][gc,age       ] GC(226) - age  15:        792 bytes,    7694824 total
[2020-10-06T06:35:16.514+0000][36436][gc,phases    ] GC(226)   Pre Evacuate Collection Set: 0.5ms
[2020-10-06T06:35:16.514+0000][36436][gc,phases    ] GC(226)   Merge Heap Roots: 0.2ms
[2020-10-06T06:35:16.514+0000][36436][gc,phases    ] GC(226)   Evacuate Collection Set: 3.2ms
[2020-10-06T06:35:16.514+0000][36436][gc,phases    ] GC(226)   Post Evacuate Collection Set: 1.3ms
[2020-10-06T06:35:16.514+0000][36436][gc,phases    ] GC(226)   Other: 1.3ms
[2020-10-06T06:35:16.514+0000][36436][gc,heap      ] GC(226) Eden regions: 90->0(483)
[2020-10-06T06:35:16.514+0000][36436][gc,heap      ] GC(226) Survivor regions: 4->8(62)
[2020-10-06T06:35:16.514+0000][36436][gc,heap      ] GC(226) Old regions: 77->77
[2020-10-06T06:35:16.514+0000][36436][gc,heap      ] GC(226) Archive regions: 0->0
[2020-10-06T06:35:16.515+0000][36436][gc,heap      ] GC(226) Humongous regions: 495->175
[2020-10-06T06:35:16.515+0000][36436][gc,metaspace ] GC(226) Metaspace: 88134K(94076K)->88134K(94076K) NonClass: 77001K(80508K)->77001K(80508K) Class: 11132K(13568K)->11132K(13568K)
[2020-10-06T06:35:16.515+0000][36436][gc           ] GC(226) Pause Young (Concurrent Start) (G1 Humongous Allocation) 664M->259M(1024M) 6.933ms
[2020-10-06T06:35:16.515+0000][36436][gc,cpu       ] GC(226) User=0.00s Sys=0.00s Real=0.01s
[2020-10-06T06:35:16.515+0000][36436][gc           ] GC(227) Concurrent Cycle
[2020-10-06T06:35:16.515+0000][36436][safepoint    ] Safepoint "G1TryInitiateConcMark", Time since last: 3919200 ns, Reaching safepoint: 232500 ns, At safepoint: 7219100 ns, Total: 7451600 ns
[2020-10-06T06:35:16.515+0000][36436][gc,marking   ] GC(227) Concurrent Clear Claimed Marks
[2020-10-06T06:35:16.516+0000][36436][gc,marking   ] GC(227) Concurrent Clear Claimed Marks 0.866ms
[2020-10-06T06:35:16.516+0000][36436][gc,marking   ] GC(227) Concurrent Scan Root Regions
[2020-10-06T06:35:16.519+0000][36436][gc,marking   ] GC(227) Concurrent Scan Root Regions 2.661ms
[2020-10-06T06:35:16.519+0000][36436][gc,marking   ] GC(227) Concurrent Mark (8986.717s)
[2020-10-06T06:35:16.519+0000][36436][gc,marking   ] GC(227) Concurrent Mark From Roots
[2020-10-06T06:35:16.519+0000][36436][gc,task      ] GC(227) Using 2 workers of 2 for marking
[2020-10-06T06:35:16.697+0000][36436][gc,marking   ] GC(227) Concurrent Mark From Roots 178.761ms
[2020-10-06T06:35:16.698+0000][36436][gc,marking   ] GC(227) Concurrent Preclean
[2020-10-06T06:35:16.698+0000][36436][gc,marking   ] GC(227) Concurrent Preclean 0.919ms
[2020-10-06T06:35:16.699+0000][36436][gc,marking   ] GC(227) Concurrent Mark (8986.717s, 8986.897s) 179.922ms
[2020-10-06T06:35:16.699+0000][36436][gc,start     ] GC(227) Pause Remark
[2020-10-06T06:35:16.706+0000][36436][gc           ] GC(227) Pause Remark 466M->466M(1024M) 6.583ms
[2020-10-06T06:35:16.706+0000][36436][gc,cpu       ] GC(227) User=0.00s Sys=0.00s Real=0.01s
[2020-10-06T06:35:16.706+0000][36436][safepoint    ] Safepoint "G1Concurrent", Time since last: 183797000 ns, Reaching safepoint: 188300 ns, At safepoint: 6856900 ns, Total: 7045200 ns
[2020-10-06T06:35:16.706+0000][36436][gc,marking   ] GC(227) Concurrent Rebuild Remembered Sets
[2020-10-06T06:35:16.802+0000][36436][gc,marking   ] GC(227) Concurrent Rebuild Remembered Sets 96.309ms
[2020-10-06T06:35:16.802+0000][36436][gc,start     ] GC(227) Pause Cleanup
[2020-10-06T06:35:16.803+0000][36436][gc           ] GC(227) Pause Cleanup 602M->602M(1024M) 0.572ms
[2020-10-06T06:35:16.803+0000][36436][gc,cpu       ] GC(227) User=0.00s Sys=0.00s Real=0.00s
[2020-10-06T06:35:16.803+0000][36436][safepoint    ] Safepoint "G1Concurrent", Time since last: 96522200 ns, Reaching safepoint: 158900 ns, At safepoint: 743200 ns, Total: 902100 ns
[2020-10-06T06:35:16.803+0000][36436][gc,marking   ] GC(227) Concurrent Cleanup for Next Mark
[2020-10-06T06:35:16.805+0000][36436][gc,marking   ] GC(227) Concurrent Cleanup for Next Mark 1.837ms
[2020-10-06T06:35:16.805+0000][36436][gc           ] GC(227) Concurrent Cycle 290.351ms
[2020-10-06T06:35:16.844+0000][36436][gc,start     ] GC(228) Pause Young (Concurrent Start) (G1 Humongous Allocation)
[2020-10-06T06:35:16.844+0000][36436][gc,task      ] GC(228) Using 8 workers of 8 for evacuation
[2020-10-06T06:35:16.844+0000][36436][gc,age       ] GC(228) Desired survivor size 32505856 bytes, new threshold 15 (max threshold 15)
[2020-10-06T06:35:16.849+0000][36436][gc,age       ] GC(228) Age table with threshold 15 (max threshold 15)
[2020-10-06T06:35:16.850+0000][36436][gc,age       ] GC(228) - age   1:    3959136 bytes,    3959136 total
[2020-10-06T06:35:16.850+0000][36436][gc,age       ] GC(228) - age   2:       8160 bytes,    3967296 total
[2020-10-06T06:35:16.850+0000][36436][gc,age       ] GC(228) - age   3:       7192 bytes,    3974488 total
[2020-10-06T06:35:16.850+0000][36436][gc,age       ] GC(228) - age   4:       2808 bytes,    3977296 total
[2020-10-06T06:35:16.850+0000][36436][gc,age       ] GC(228) - age   5:      53840 bytes,    4031136 total
[2020-10-06T06:35:16.850+0000][36436][gc,age       ] GC(228) - age   6:        784 bytes,    4031920 total
[2020-10-06T06:35:16.850+0000][36436][gc,age       ] GC(228) - age   7:        784 bytes,    4032704 total
[2020-10-06T06:35:16.850+0000][36436][gc,age       ] GC(228) - age   8:       1480 bytes,    4034184 total
[2020-10-06T06:35:16.850+0000][36436][gc,age       ] GC(228) - age   9:       5248 bytes,    4039432 total
[2020-10-06T06:35:16.850+0000][36436][gc,age       ] GC(228) - age  10:        824 bytes,    4040256 total
[2020-10-06T06:35:16.850+0000][36436][gc,age       ] GC(228) - age  11:        616 bytes,    4040872 total
[2020-10-06T06:35:16.850+0000][36436][gc,age       ] GC(228) - age  12:       4424 bytes,    4045296 total
[2020-10-06T06:35:16.850+0000][36436][gc,age       ] GC(228) - age  13:        920 bytes,    4046216 total
[2020-10-06T06:35:16.850+0000][36436][gc,age       ] GC(228) - age  14:      64496 bytes,    4110712 total
[2020-10-06T06:35:16.850+0000][36436][gc,age       ] GC(228) - age  15:       1256 bytes,    4111968 total
[2020-10-06T06:35:16.850+0000][36436][gc,phases    ] GC(228)   Pre Evacuate Collection Set: 1.3ms
[2020-10-06T06:35:16.850+0000][36436][gc,phases    ] GC(228)   Merge Heap Roots: 0.2ms
[2020-10-06T06:35:16.850+0000][36436][gc,phases    ] GC(228)   Evacuate Collection Set: 2.6ms
[2020-10-06T06:35:16.850+0000][36436][gc,phases    ] GC(228)   Post Evacuate Collection Set: 1.2ms
[2020-10-06T06:35:16.850+0000][36436][gc,phases    ] GC(228)   Other: 1.1ms
[2020-10-06T06:35:16.850+0000][36436][gc,heap      ] GC(228) Eden regions: 122->0(489)
[2020-10-06T06:35:16.850+0000][36436][gc,heap      ] GC(228) Survivor regions: 8->5(62)
[2020-10-06T06:35:16.850+0000][36436][gc,heap      ] GC(228) Old regions: 77->78
[2020-10-06T06:35:16.850+0000][36436][gc,heap      ] GC(228) Archive regions: 0->0
[2020-10-06T06:35:16.850+0000][36436][gc,heap      ] GC(228) Humongous regions: 408->174
[2020-10-06T06:35:16.850+0000][36436][gc,metaspace ] GC(228) Metaspace: 88139K(94076K)->88139K(94076K) NonClass: 77006K(80508K)->77006K(80508K) Class: 11132K(13568K)->11132K(13568K)
[2020-10-06T06:35:16.850+0000][36436][gc           ] GC(228) Pause Young (Concurrent Start) (G1 Humongous Allocation) 614M->255M(1024M) 6.878ms
[2020-10-06T06:35:16.850+0000][36436][gc,cpu       ] GC(228) User=0.03s Sys=0.05s Real=0.01s
[2020-10-06T06:35:16.851+0000][36436][gc           ] GC(229) Concurrent Cycle
[2020-10-06T06:35:16.851+0000][36436][safepoint    ] Safepoint "G1TryInitiateConcMark", Time since last: 40105100 ns, Reaching safepoint: 184100 ns, At safepoint: 7120000 ns, Total: 7304100 ns
[2020-10-06T06:35:16.851+0000][36436][gc,marking   ] GC(229) Concurrent Clear Claimed Marks
[2020-10-06T06:35:16.851+0000][36436][gc,marking   ] GC(229) Concurrent Clear Claimed Marks 0.683ms
[2020-10-06T06:35:16.851+0000][36436][gc,marking   ] GC(229) Concurrent Scan Root Regions
[2020-10-06T06:35:16.855+0000][36436][gc,marking   ] GC(229) Concurrent Scan Root Regions 3.558ms
[2020-10-06T06:35:16.855+0000][36436][gc,marking   ] GC(229) Concurrent Mark (8987.054s)
[2020-10-06T06:35:16.855+0000][36436][gc,marking   ] GC(229) Concurrent Mark From Roots
[2020-10-06T06:35:16.855+0000][36436][gc,task      ] GC(229) Using 2 workers of 2 for marking
[2020-10-06T06:35:17.016+0000][36436][gc,marking   ] GC(229) Concurrent Mark From Roots 160.832ms
[2020-10-06T06:35:17.016+0000][36436][gc,marking   ] GC(229) Concurrent Preclean
[2020-10-06T06:35:17.017+0000][36436][gc,marking   ] GC(229) Concurrent Preclean 0.890ms
[2020-10-06T06:35:17.017+0000][36436][gc,marking   ] GC(229) Concurrent Mark (8987.054s, 8987.216s) 161.983ms
[2020-10-06T06:35:17.017+0000][36436][gc,start     ] GC(229) Pause Remark
[2020-10-06T06:35:17.025+0000][36436][gc           ] GC(229) Pause Remark 396M->396M(1024M) 7.793ms
[2020-10-06T06:35:17.025+0000][36436][gc,cpu       ] GC(229) User=0.09s Sys=0.00s Real=0.01s
[2020-10-06T06:35:17.025+0000][36436][safepoint    ] Safepoint "G1Concurrent", Time since last: 166691000 ns, Reaching safepoint: 271900 ns, At safepoint: 8164200 ns, Total: 8436100 ns
[2020-10-06T06:35:17.026+0000][36436][gc,marking   ] GC(229) Concurrent Rebuild Remembered Sets
[2020-10-06T06:35:17.123+0000][36436][gc,marking   ] GC(229) Concurrent Rebuild Remembered Sets 97.242ms
[2020-10-06T06:35:17.123+0000][36436][gc,start     ] GC(229) Pause Cleanup
[2020-10-06T06:35:17.124+0000][36436][gc           ] GC(229) Pause Cleanup 469M->469M(1024M) 0.445ms
[2020-10-06T06:35:17.124+0000][36436][gc,cpu       ] GC(229) User=0.00s Sys=0.00s Real=0.00s
[2020-10-06T06:35:17.124+0000][36436][safepoint    ] Safepoint "G1Concurrent", Time since last: 97490400 ns, Reaching safepoint: 167400 ns, At safepoint: 681300 ns, Total: 848700 ns
[2020-10-06T06:35:17.124+0000][36436][gc,marking   ] GC(229) Concurrent Cleanup for Next Mark
[2020-10-06T06:35:17.126+0000][36436][gc,marking   ] GC(229) Concurrent Cleanup for Next Mark 1.977ms
[2020-10-06T06:35:17.126+0000][36436][gc           ] GC(229) Concurrent Cycle 275.740ms
[2020-10-06T06:35:17.126+0000][36436][gc,start     ] GC(230) Pause Young (Concurrent Start) (G1 Humongous Allocation)
[2020-10-06T06:35:17.126+0000][36436][gc,task      ] GC(230) Using 8 workers of 8 for evacuation
[2020-10-06T06:35:17.126+0000][36436][gc,age       ] GC(230) Desired survivor size 32505856 bytes, new threshold 15 (max threshold 15)
[2020-10-06T06:35:17.131+0000][36436][gc,age       ] GC(230) Age table with threshold 15 (max threshold 15)
[2020-10-06T06:35:17.131+0000][36436][gc,age       ] GC(230) - age   1:    3058560 bytes,    3058560 total
[2020-10-06T06:35:17.131+0000][36436][gc,age       ] GC(230) - age   2:       6888 bytes,    3065448 total
[2020-10-06T06:35:17.132+0000][36436][gc,age       ] GC(230) - age   3:       1872 bytes,    3067320 total
[2020-10-06T06:35:17.132+0000][36436][gc,age       ] GC(230) - age   4:       6320 bytes,    3073640 total
[2020-10-06T06:35:17.132+0000][36436][gc,age       ] GC(230) - age   5:       2776 bytes,    3076416 total
[2020-10-06T06:35:17.132+0000][36436][gc,age       ] GC(230) - age   6:      53744 bytes,    3130160 total
[2020-10-06T06:35:17.132+0000][36436][gc,age       ] GC(230) - age   7:        688 bytes,    3130848 total
[2020-10-06T06:35:17.132+0000][36436][gc,age       ] GC(230) - age   8:        784 bytes,    3131632 total
[2020-10-06T06:35:17.132+0000][36436][gc,age       ] GC(230) - age   9:       1480 bytes,    3133112 total
[2020-10-06T06:35:17.132+0000][36436][gc,age       ] GC(230) - age  10:       5248 bytes,    3138360 total
[2020-10-06T06:35:17.132+0000][36436][gc,age       ] GC(230) - age  11:        824 bytes,    3139184 total
[2020-10-06T06:35:17.132+0000][36436][gc,age       ] GC(230) - age  12:        616 bytes,    3139800 total
[2020-10-06T06:35:17.132+0000][36436][gc,age       ] GC(230) - age  13:       4328 bytes,    3144128 total
[2020-10-06T06:35:17.132+0000][36436][gc,age       ] GC(230) - age  14:        808 bytes,    3144936 total
[2020-10-06T06:35:17.132+0000][36436][gc,age       ] GC(230) - age  15:      64464 bytes,    3209400 total
[2020-10-06T06:35:17.132+0000][36436][gc,phases    ] GC(230)   Pre Evacuate Collection Set: 0.5ms
[2020-10-06T06:35:17.132+0000][36436][gc,phases    ] GC(230)   Merge Heap Roots: 0.1ms
[2020-10-06T06:35:17.132+0000][36436][gc,phases    ] GC(230)   Evacuate Collection Set: 2.8ms
[2020-10-06T06:35:17.132+0000][36436][gc,phases    ] GC(230)   Post Evacuate Collection Set: 0.8ms
[2020-10-06T06:35:17.132+0000][36436][gc,phases    ] GC(230)   Other: 1.0ms
[2020-10-06T06:35:17.132+0000][36436][gc,heap      ] GC(230) Eden regions: 66->0(493)
[2020-10-06T06:35:17.132+0000][36436][gc,heap      ] GC(230) Survivor regions: 5->4(62)
[2020-10-06T06:35:17.132+0000][36436][gc,heap      ] GC(230) Old regions: 78->78
[2020-10-06T06:35:17.132+0000][36436][gc,heap      ] GC(230) Archive regions: 0->0
[2020-10-06T06:35:17.132+0000][36436][gc,heap      ] GC(230) Humongous regions: 324->174
[2020-10-06T06:35:17.132+0000][36436][gc,metaspace ] GC(230) Metaspace: 88180K(94076K)->88180K(94076K) NonClass: 77047K(80508K)->77047K(80508K) Class: 11132K(13568K)->11132K(13568K)
[2020-10-06T06:35:17.132+0000][36436][gc           ] GC(230) Pause Young (Concurrent Start) (G1 Humongous Allocation) 471M->254M(1024M) 5.650ms
[2020-10-06T06:35:17.133+0000][36436][gc,cpu       ] GC(230) User=0.05s Sys=0.00s Real=0.01s
[2020-10-06T06:35:17.133+0000][36436][safepoint    ] Safepoint "G1TryInitiateConcMark", Time since last: 2324300 ns, Reaching safepoint: 222800 ns, At safepoint: 5858700 ns, Total: 6081500 ns
[2020-10-06T06:35:17.133+0000][36436][gc           ] GC(231) Concurrent Cycle
[2020-10-06T06:35:17.133+0000][36436][gc,marking   ] GC(231) Concurrent Clear Claimed Marks
[2020-10-06T06:35:17.133+0000][36436][gc,marking   ] GC(231) Concurrent Clear Claimed Marks 0.605ms
[2020-10-06T06:35:17.133+0000][36436][gc,marking   ] GC(231) Concurrent Scan Root Regions
[2020-10-06T06:35:17.136+0000][36436][gc,marking   ] GC(231) Concurrent Scan Root Regions 2.267ms
[2020-10-06T06:35:17.136+0000][36436][gc,marking   ] GC(231) Concurrent Mark (8987.334s)
[2020-10-06T06:35:17.136+0000][36436][gc,marking   ] GC(231) Concurrent Mark From Roots
[2020-10-06T06:35:17.136+0000][36436][gc,task      ] GC(231) Using 2 workers of 2 for marking
[2020-10-06T06:35:17.310+0000][36436][gc,marking   ] GC(231) Concurrent Mark From Roots 174.559ms
[2020-10-06T06:35:17.310+0000][36436][gc,marking   ] GC(231) Concurrent Preclean
[2020-10-06T06:35:17.311+0000][36436][gc,marking   ] GC(231) Concurrent Preclean 0.961ms
[2020-10-06T06:35:17.312+0000][36436][gc,marking   ] GC(231) Concurrent Mark (8987.334s, 8987.510s) 175.829ms
[2020-10-06T06:35:17.312+0000][36436][gc,start     ] GC(231) Pause Remark
[2020-10-06T06:35:17.319+0000][36436][gc           ] GC(231) Pause Remark 590M->590M(1024M) 7.458ms
[2020-10-06T06:35:17.320+0000][36436][gc,cpu       ] GC(231) User=0.09s Sys=0.00s Real=0.01s
[2020-10-06T06:35:17.320+0000][36436][safepoint    ] Safepoint "G1Concurrent", Time since last: 179114800 ns, Reaching safepoint: 269900 ns, At safepoint: 7742700 ns, Total: 8012600 ns
[2020-10-06T06:35:17.320+0000][36436][gc,marking   ] GC(231) Concurrent Rebuild Remembered Sets
[2020-10-06T06:35:17.413+0000][36436][gc,marking   ] GC(231) Concurrent Rebuild Remembered Sets 93.561ms
[2020-10-06T06:35:17.413+0000][36436][gc,start     ] GC(231) Pause Cleanup
[2020-10-06T06:35:17.414+0000][36436][gc           ] GC(231) Pause Cleanup 731M->731M(1024M) 0.370ms
[2020-10-06T06:35:17.414+0000][36436][gc,cpu       ] GC(231) User=0.00s Sys=0.00s Real=0.00s
[2020-10-06T06:35:17.414+0000][36436][safepoint    ] Safepoint "G1Concurrent", Time since last: 93746700 ns, Reaching safepoint: 128600 ns, At safepoint: 531700 ns, Total: 660300 ns
[2020-10-06T06:35:17.414+0000][36436][gc,marking   ] GC(231) Concurrent Cleanup for Next Mark
[2020-10-06T06:35:17.416+0000][36436][gc,marking   ] GC(231) Concurrent Cleanup for Next Mark 1.789ms
[2020-10-06T06:35:17.416+0000][36436][gc           ] GC(231) Concurrent Cycle 283.474ms
[2020-10-06T06:35:17.450+0000][36436][gc,start     ] GC(232) Pause Young (Concurrent Start) (G1 Humongous Allocation)
[2020-10-06T06:35:17.450+0000][36436][gc,task      ] GC(232) Using 8 workers of 8 for evacuation
[2020-10-06T06:35:17.450+0000][36436][gc,age       ] GC(232) Desired survivor size 33030144 bytes, new threshold 15 (max threshold 15)
[2020-10-06T06:35:17.454+0000][36436][gc,age       ] GC(232) Age table with threshold 15 (max threshold 15)
[2020-10-06T06:35:17.454+0000][36436][gc,age       ] GC(232) - age   1:    3961768 bytes,    3961768 total
[2020-10-06T06:35:17.454+0000][36436][gc,age       ] GC(232) - age   2:      63592 bytes,    4025360 total
[2020-10-06T06:35:17.454+0000][36436][gc,age       ] GC(232) - age   3:       4592 bytes,    4029952 total
[2020-10-06T06:35:17.454+0000][36436][gc,age       ] GC(232) - age   4:       1032 bytes,    4030984 total
[2020-10-06T06:35:17.454+0000][36436][gc,age       ] GC(232) - age   5:       6256 bytes,    4037240 total
[2020-10-06T06:35:17.454+0000][36436][gc,age       ] GC(232) - age   6:       2744 bytes,    4039984 total
[2020-10-06T06:35:17.454+0000][36436][gc,age       ] GC(232) - age   7:      53488 bytes,    4093472 total
[2020-10-06T06:35:17.454+0000][36436][gc,age       ] GC(232) - age   8:        624 bytes,    4094096 total
[2020-10-06T06:35:17.454+0000][36436][gc,age       ] GC(232) - age   9:        656 bytes,    4094752 total
[2020-10-06T06:35:17.455+0000][36436][gc,age       ] GC(232) - age  10:       1480 bytes,    4096232 total
[2020-10-06T06:35:17.455+0000][36436][gc,age       ] GC(232) - age  11:       5184 bytes,    4101416 total
[2020-10-06T06:35:17.455+0000][36436][gc,age       ] GC(232) - age  12:        792 bytes,    4102208 total
[2020-10-06T06:35:17.455+0000][36436][gc,age       ] GC(232) - age  13:        584 bytes,    4102792 total
[2020-10-06T06:35:17.455+0000][36436][gc,age       ] GC(232) - age  14:       4024 bytes,    4106816 total
[2020-10-06T06:35:17.455+0000][36436][gc,age       ] GC(232) - age  15:        712 bytes,    4107528 total
[2020-10-06T06:35:17.455+0000][36436][gc,phases    ] GC(232)   Pre Evacuate Collection Set: 0.4ms
[2020-10-06T06:35:17.455+0000][36436][gc,phases    ] GC(232)   Merge Heap Roots: 0.1ms
[2020-10-06T06:35:17.455+0000][36436][gc,phases    ] GC(232)   Evacuate Collection Set: 2.4ms
[2020-10-06T06:35:17.455+0000][36436][gc,phases    ] GC(232)   Post Evacuate Collection Set: 0.9ms
[2020-10-06T06:35:17.455+0000][36436][gc,phases    ] GC(232)   Other: 0.8ms
[2020-10-06T06:35:17.455+0000][36436][gc,heap      ] GC(232) Eden regions: 134->0(494)
[2020-10-06T06:35:17.455+0000][36436][gc,heap      ] GC(232) Survivor regions: 4->5(63)
[2020-10-06T06:35:17.455+0000][36436][gc,heap      ] GC(232) Old regions: 78->78
[2020-10-06T06:35:17.455+0000][36436][gc,heap      ] GC(232) Archive regions: 0->0
[2020-10-06T06:35:17.455+0000][36436][gc,heap      ] GC(232) Humongous regions: 528->174
[2020-10-06T06:35:17.455+0000][36436][gc,metaspace ] GC(232) Metaspace: 88184K(94076K)->88184K(94076K) NonClass: 77051K(80508K)->77051K(80508K) Class: 11132K(13568K)->11132K(13568K)
[2020-10-06T06:35:17.455+0000][36436][gc           ] GC(232) Pause Young (Concurrent Start) (G1 Humongous Allocation) 741M->255M(1024M) 4.934ms
[2020-10-06T06:35:17.455+0000][36436][gc,cpu       ] GC(232) User=0.00s Sys=0.00s Real=0.00s
[2020-10-06T06:35:17.455+0000][36436][safepoint    ] Safepoint "G1TryInitiateConcMark", Time since last: 36001600 ns, Reaching safepoint: 148200 ns, At safepoint: 5084600 ns, Total: 5232800 ns
[2020-10-06T06:35:17.455+0000][36436][gc           ] GC(233) Concurrent Cycle
[2020-10-06T06:35:17.455+0000][36436][gc,marking   ] GC(233) Concurrent Clear Claimed Marks
[2020-10-06T06:35:17.456+0000][36436][gc,marking   ] GC(233) Concurrent Clear Claimed Marks 0.454ms
[2020-10-06T06:35:17.456+0000][36436][gc,marking   ] GC(233) Concurrent Scan Root Regions
[2020-10-06T06:35:17.459+0000][36436][gc,marking   ] GC(233) Concurrent Scan Root Regions 2.771ms
[2020-10-06T06:35:17.459+0000][36436][gc,marking   ] GC(233) Concurrent Mark (8987.657s)
[2020-10-06T06:35:17.459+0000][36436][gc,marking   ] GC(233) Concurrent Mark From Roots
[2020-10-06T06:35:17.459+0000][36436][gc,task      ] GC(233) Using 2 workers of 2 for marking
[2020-10-06T06:35:17.590+0000][36436][gc,marking   ] GC(233) Concurrent Mark From Roots 131.072ms
[2020-10-06T06:35:17.590+0000][36436][gc,marking   ] GC(233) Concurrent Preclean
[2020-10-06T06:35:17.591+0000][36436][gc,marking   ] GC(233) Concurrent Preclean 0.644ms
[2020-10-06T06:35:17.591+0000][36436][gc,marking   ] GC(233) Concurrent Mark (8987.657s, 8987.789s) 131.869ms
[2020-10-06T06:35:17.591+0000][36436][gc,start     ] GC(233) Pause Remark
[2020-10-06T06:35:17.598+0000][36436][gc           ] GC(233) Pause Remark 460M->460M(1024M) 6.791ms
[2020-10-06T06:35:17.598+0000][36436][gc,cpu       ] GC(233) User=0.00s Sys=0.00s Real=0.01s
[2020-10-06T06:35:17.598+0000][36436][safepoint    ] Safepoint "G1Concurrent", Time since last: 135532100 ns, Reaching safepoint: 172600 ns, At safepoint: 6990200 ns, Total: 7162800 ns
[2020-10-06T06:35:17.598+0000][36436][gc,marking   ] GC(233) Concurrent Rebuild Remembered Sets
[2020-10-06T06:35:17.681+0000][36436][gc,marking   ] GC(233) Concurrent Rebuild Remembered Sets 82.961ms
[2020-10-06T06:35:17.681+0000][36436][gc,start     ] GC(233) Pause Cleanup
[2020-10-06T06:35:17.682+0000][36436][gc           ] GC(233) Pause Cleanup 539M->539M(1024M) 0.385ms
[2020-10-06T06:35:17.682+0000][36436][gc,cpu       ] GC(233) User=0.00s Sys=0.00s Real=0.00s
[2020-10-06T06:35:17.682+0000][36436][safepoint    ] Safepoint "G1Concurrent", Time since last: 83120900 ns, Reaching safepoint: 191300 ns, At safepoint: 631800 ns, Total: 823100 ns
[2020-10-06T06:35:17.682+0000][36436][gc,marking   ] GC(233) Concurrent Cleanup for Next Mark
[2020-10-06T06:35:17.684+0000][36436][gc,marking   ] GC(233) Concurrent Cleanup for Next Mark 2.043ms
[2020-10-06T06:35:17.684+0000][36436][gc           ] GC(233) Concurrent Cycle 228.994ms
[2020-10-06T06:35:17.708+0000][36436][gc,start     ] GC(234) Pause Young (Concurrent Start) (G1 Humongous Allocation)
[2020-10-06T06:35:17.708+0000][36436][gc,task      ] GC(234) Using 8 workers of 8 for evacuation
[2020-10-06T06:35:17.708+0000][36436][gc,age       ] GC(234) Desired survivor size 33030144 bytes, new threshold 15 (max threshold 15)
[2020-10-06T06:35:17.719+0000][36436][gc,age       ] GC(234) Age table with threshold 15 (max threshold 15)
[2020-10-06T06:35:17.719+0000][36436][gc,age       ] GC(234) - age   1:   13784320 bytes,   13784320 total
[2020-10-06T06:35:17.719+0000][36436][gc,age       ] GC(234) - age   2:       8328 bytes,   13792648 total
[2020-10-06T06:35:17.719+0000][36436][gc,age       ] GC(234) - age   3:      63048 bytes,   13855696 total
[2020-10-06T06:35:17.719+0000][36436][gc,age       ] GC(234) - age   4:       3632 bytes,   13859328 total
[2020-10-06T06:35:17.719+0000][36436][gc,age       ] GC(234) - age   5:        864 bytes,   13860192 total
[2020-10-06T06:35:17.719+0000][36436][gc,age       ] GC(234) - age   6:       5656 bytes,   13865848 total
[2020-10-06T06:35:17.719+0000][36436][gc,age       ] GC(234) - age   7:       2584 bytes,   13868432 total
[2020-10-06T06:35:17.719+0000][36436][gc,age       ] GC(234) - age   8:      53488 bytes,   13921920 total
[2020-10-06T06:35:17.719+0000][36436][gc,age       ] GC(234) - age   9:        560 bytes,   13922480 total
[2020-10-06T06:35:17.719+0000][36436][gc,age       ] GC(234) - age  10:        656 bytes,   13923136 total
[2020-10-06T06:35:17.719+0000][36436][gc,age       ] GC(234) - age  11:       1480 bytes,   13924616 total
[2020-10-06T06:35:17.719+0000][36436][gc,age       ] GC(234) - age  12:       5184 bytes,   13929800 total
[2020-10-06T06:35:17.719+0000][36436][gc,age       ] GC(234) - age  13:        792 bytes,   13930592 total
[2020-10-06T06:35:17.719+0000][36436][gc,age       ] GC(234) - age  14:        264 bytes,   13930856 total
[2020-10-06T06:35:17.719+0000][36436][gc,age       ] GC(234) - age  15:       4024 bytes,   13934880 total
[2020-10-06T06:35:17.719+0000][36436][gc,phases    ] GC(234)   Pre Evacuate Collection Set: 0.8ms
[2020-10-06T06:35:17.720+0000][36436][gc,phases    ] GC(234)   Merge Heap Roots: 0.2ms
[2020-10-06T06:35:17.720+0000][36436][gc,phases    ] GC(234)   Evacuate Collection Set: 8.0ms
[2020-10-06T06:35:17.720+0000][36436][gc,phases    ] GC(234)   Post Evacuate Collection Set: 1.2ms
[2020-10-06T06:35:17.720+0000][36436][gc,phases    ] GC(234)   Other: 1.3ms
[2020-10-06T06:35:17.720+0000][36436][gc,heap      ] GC(234) Eden regions: 102->0(478)
[2020-10-06T06:35:17.720+0000][36436][gc,heap      ] GC(234) Survivor regions: 5->14(63)
[2020-10-06T06:35:17.720+0000][36436][gc,heap      ] GC(234) Old regions: 78->78
[2020-10-06T06:35:17.720+0000][36436][gc,heap      ] GC(234) Archive regions: 0->0
[2020-10-06T06:35:17.720+0000][36436][gc,heap      ] GC(234) Humongous regions: 378->174
[2020-10-06T06:35:17.720+0000][36436][gc,metaspace ] GC(234) Metaspace: 88191K(94332K)->88191K(94332K) NonClass: 77059K(80764K)->77059K(80764K) Class: 11132K(13568K)->11132K(13568K)
[2020-10-06T06:35:17.720+0000][36436][gc           ] GC(234) Pause Young (Concurrent Start) (G1 Humongous Allocation) 561M->264M(1024M) 12.084ms
[2020-10-06T06:35:17.720+0000][36436][gc,cpu       ] GC(234) User=0.00s Sys=0.00s Real=0.01s
[2020-10-06T06:35:17.720+0000][36436][gc           ] GC(235) Concurrent Cycle
[2020-10-06T06:35:17.720+0000][36436][gc,marking   ] GC(235) Concurrent Clear Claimed Marks
[2020-10-06T06:35:17.720+0000][36436][safepoint    ] Safepoint "G1TryInitiateConcMark", Time since last: 25624500 ns, Reaching safepoint: 269800 ns, At safepoint: 12415400 ns, Total: 12685200 ns
[2020-10-06T06:35:17.721+0000][36436][gc,marking   ] GC(235) Concurrent Clear Claimed Marks 0.543ms
[2020-10-06T06:35:17.721+0000][36436][gc,marking   ] GC(235) Concurrent Scan Root Regions
[2020-10-06T06:35:17.723+0000][36436][gc,marking   ] GC(235) Concurrent Scan Root Regions 2.402ms
[2020-10-06T06:35:17.724+0000][36436][gc,marking   ] GC(235) Concurrent Mark (8987.922s)
[2020-10-06T06:35:17.724+0000][36436][gc,marking   ] GC(235) Concurrent Mark From Roots
[2020-10-06T06:35:17.724+0000][36436][gc,task      ] GC(235) Using 2 workers of 2 for marking
[2020-10-06T06:35:17.892+0000][36436][gc,marking   ] GC(235) Concurrent Mark From Roots 168.209ms
[2020-10-06T06:35:17.892+0000][36436][gc,marking   ] GC(235) Concurrent Preclean
[2020-10-06T06:35:17.893+0000][36436][gc,marking   ] GC(235) Concurrent Preclean 1.376ms
[2020-10-06T06:35:17.894+0000][36436][gc,marking   ] GC(235) Concurrent Mark (8987.922s, 8988.092s) 170.072ms
[2020-10-06T06:35:17.894+0000][36436][gc,start     ] GC(235) Pause Remark
[2020-10-06T06:35:17.903+0000][36436][gc           ] GC(235) Pause Remark 657M->657M(1024M) 8.661ms
[2020-10-06T06:35:17.903+0000][36436][gc,cpu       ] GC(235) User=0.00s Sys=0.02s Real=0.01s
[2020-10-06T06:35:17.904+0000][36436][safepoint    ] Safepoint "G1Concurrent", Time since last: 173559800 ns, Reaching safepoint: 456900 ns, At safepoint: 9177900 ns, Total: 9634800 ns
[2020-10-06T06:35:17.904+0000][36436][gc,marking   ] GC(235) Concurrent Rebuild Remembered Sets
[2020-10-06T06:35:18.004+0000][36436][gc,marking   ] GC(235) Concurrent Rebuild Remembered Sets 100.658ms
[2020-10-06T06:35:18.005+0000][36436][gc,start     ] GC(235) Pause Cleanup
[2020-10-06T06:35:18.005+0000][36436][gc           ] GC(235) Pause Cleanup 725M->725M(1024M) 0.490ms
[2020-10-06T06:35:18.005+0000][36436][gc,cpu       ] GC(235) User=0.00s Sys=0.00s Real=0.00s
[2020-10-06T06:35:18.005+0000][36436][safepoint    ] Safepoint "G1Concurrent", Time since last: 100881300 ns, Reaching safepoint: 196100 ns, At safepoint: 692500 ns, Total: 888600 ns
[2020-10-06T06:35:18.005+0000][36436][gc,marking   ] GC(235) Concurrent Cleanup for Next Mark
[2020-10-06T06:35:18.007+0000][36436][gc,marking   ] GC(235) Concurrent Cleanup for Next Mark 1.901ms
[2020-10-06T06:35:18.007+0000][36436][gc           ] GC(235) Concurrent Cycle 287.194ms
[2020-10-06T06:35:18.051+0000][36436][gc,start     ] GC(236) Pause Young (Concurrent Start) (G1 Humongous Allocation)
[2020-10-06T06:35:18.051+0000][36436][gc,task      ] GC(236) Using 8 workers of 8 for evacuation
[2020-10-06T06:35:18.051+0000][36436][gc,age       ] GC(236) Desired survivor size 32505856 bytes, new threshold 15 (max threshold 15)
[2020-10-06T06:35:18.056+0000][36436][gc,age       ] GC(236) Age table with threshold 15 (max threshold 15)
[2020-10-06T06:35:18.056+0000][36436][gc,age       ] GC(236) - age   1:    3915632 bytes,    3915632 total
[2020-10-06T06:35:18.056+0000][36436][gc,age       ] GC(236) - age   2:      67088 bytes,    3982720 total
[2020-10-06T06:35:18.056+0000][36436][gc,age       ] GC(236) - age   3:       7560 bytes,    3990280 total
[2020-10-06T06:35:18.056+0000][36436][gc,age       ] GC(236) - age   4:      62496 bytes,    4052776 total
[2020-10-06T06:35:18.056+0000][36436][gc,age       ] GC(236) - age   5:       2488 bytes,    4055264 total
[2020-10-06T06:35:18.056+0000][36436][gc,age       ] GC(236) - age   6:        832 bytes,    4056096 total
[2020-10-06T06:35:18.056+0000][36436][gc,age       ] GC(236) - age   7:       5656 bytes,    4061752 total
[2020-10-06T06:35:18.056+0000][36436][gc,age       ] GC(236) - age   8:       2488 bytes,    4064240 total
[2020-10-06T06:35:18.056+0000][36436][gc,age       ] GC(236) - age   9:      53488 bytes,    4117728 total
[2020-10-06T06:35:18.056+0000][36436][gc,age       ] GC(236) - age  10:        464 bytes,    4118192 total
[2020-10-06T06:35:18.056+0000][36436][gc,age       ] GC(236) - age  11:        592 bytes,    4118784 total
[2020-10-06T06:35:18.056+0000][36436][gc,age       ] GC(236) - age  12:       1480 bytes,    4120264 total
[2020-10-06T06:35:18.056+0000][36436][gc,age       ] GC(236) - age  13:       5184 bytes,    4125448 total
[2020-10-06T06:35:18.056+0000][36436][gc,age       ] GC(236) - age  14:        792 bytes,    4126240 total
[2020-10-06T06:35:18.057+0000][36436][gc,age       ] GC(236) - age  15:        264 bytes,    4126504 total
[2020-10-06T06:35:18.057+0000][36436][gc,phases    ] GC(236)   Pre Evacuate Collection Set: 0.5ms
[2020-10-06T06:35:18.057+0000][36436][gc,phases    ] GC(236)   Merge Heap Roots: 0.1ms
[2020-10-06T06:35:18.057+0000][36436][gc,phases    ] GC(236)   Evacuate Collection Set: 2.9ms
[2020-10-06T06:35:18.057+0000][36436][gc,phases    ] GC(236)   Post Evacuate Collection Set: 1.2ms
[2020-10-06T06:35:18.057+0000][36436][gc,phases    ] GC(236)   Other: 1.6ms
[2020-10-06T06:35:18.057+0000][36436][gc,heap      ] GC(236) Eden regions: 121->0(489)
[2020-10-06T06:35:18.057+0000][36436][gc,heap      ] GC(236) Survivor regions: 14->5(62)
[2020-10-06T06:35:18.057+0000][36436][gc,heap      ] GC(236) Old regions: 78->78
[2020-10-06T06:35:18.057+0000][36436][gc,heap      ] GC(236) Archive regions: 0->0
[2020-10-06T06:35:18.057+0000][36436][gc,heap      ] GC(236) Humongous regions: 524->174
[2020-10-06T06:35:18.057+0000][36436][gc,metaspace ] GC(236) Metaspace: 88191K(94332K)->88191K(94332K) NonClass: 77059K(80764K)->77059K(80764K) Class: 11132K(13568K)->11132K(13568K)
[2020-10-06T06:35:18.058+0000][36436][gc           ] GC(236) Pause Young (Concurrent Start) (G1 Humongous Allocation) 735M->255M(1024M) 7.088ms
[2020-10-06T06:35:18.058+0000][36436][gc,cpu       ] GC(236) User=0.05s Sys=0.00s Real=0.01s
[2020-10-06T06:35:18.058+0000][36436][gc           ] GC(237) Concurrent Cycle
[2020-10-06T06:35:18.058+0000][36436][safepoint    ] Safepoint "G1TryInitiateConcMark", Time since last: 45478900 ns, Reaching safepoint: 238700 ns, At safepoint: 7451600 ns, Total: 7690300 ns
[2020-10-06T06:35:18.058+0000][36436][gc,marking   ] GC(237) Concurrent Clear Claimed Marks
[2020-10-06T06:35:18.059+0000][36436][gc,marking   ] GC(237) Concurrent Clear Claimed Marks 1.296ms
[2020-10-06T06:35:18.059+0000][36436][gc,marking   ] GC(237) Concurrent Scan Root Regions
[2020-10-06T06:35:18.066+0000][36436][gc,marking   ] GC(237) Concurrent Scan Root Regions 6.802ms
[2020-10-06T06:35:18.066+0000][36436][gc,marking   ] GC(237) Concurrent Mark (8988.265s)
[2020-10-06T06:35:18.066+0000][36436][gc,marking   ] GC(237) Concurrent Mark From Roots
[2020-10-06T06:35:18.066+0000][36436][gc,task      ] GC(237) Using 2 workers of 2 for marking
[2020-10-06T06:35:18.238+0000][36436][gc,marking   ] GC(237) Concurrent Mark From Roots 172.102ms
[2020-10-06T06:35:18.239+0000][36436][gc,marking   ] GC(237) Concurrent Preclean
[2020-10-06T06:35:18.239+0000][36436][gc,marking   ] GC(237) Concurrent Preclean 0.848ms
[2020-10-06T06:35:18.239+0000][36436][gc,marking   ] GC(237) Concurrent Mark (8988.265s, 8988.438s) 173.190ms
[2020-10-06T06:35:18.240+0000][36436][gc,start     ] GC(237) Pause Remark
[2020-10-06T06:35:18.248+0000][36436][gc           ] GC(237) Pause Remark 394M->394M(1024M) 8.213ms
[2020-10-06T06:35:18.248+0000][36436][gc,cpu       ] GC(237) User=0.00s Sys=0.00s Real=0.01s
[2020-10-06T06:35:18.249+0000][36436][safepoint    ] Safepoint "G1Concurrent", Time since last: 181809900 ns, Reaching safepoint: 280500 ns, At safepoint: 8680000 ns, Total: 8960500 ns
[2020-10-06T06:35:18.249+0000][36436][gc,marking   ] GC(237) Concurrent Rebuild Remembered Sets
[2020-10-06T06:35:18.345+0000][36436][gc,marking   ] GC(237) Concurrent Rebuild Remembered Sets 96.550ms
[2020-10-06T06:35:18.345+0000][36436][gc,start     ] GC(237) Pause Cleanup
[2020-10-06T06:35:18.346+0000][36436][gc           ] GC(237) Pause Cleanup 468M->468M(1024M) 0.376ms
[2020-10-06T06:35:18.346+0000][36436][gc,cpu       ] GC(237) User=0.00s Sys=0.00s Real=0.00s
[2020-10-06T06:35:18.346+0000][36436][safepoint    ] Safepoint "G1Concurrent", Time since last: 96751100 ns, Reaching safepoint: 169600 ns, At safepoint: 579000 ns, Total: 748600 ns
[2020-10-06T06:35:18.346+0000][36436][gc,marking   ] GC(237) Concurrent Cleanup for Next Mark
[2020-10-06T06:35:18.348+0000][36436][gc,marking   ] GC(237) Concurrent Cleanup for Next Mark 1.714ms
[2020-10-06T06:35:18.348+0000][36436][gc           ] GC(237) Concurrent Cycle 290.241ms
[2020-10-06T06:35:18.368+0000][36436][gc,start     ] GC(238) Pause Young (Concurrent Start) (G1 Humongous Allocation)
[2020-10-06T06:35:18.368+0000][36436][gc,task      ] GC(238) Using 8 workers of 8 for evacuation
[2020-10-06T06:35:18.369+0000][36436][gc,age       ] GC(238) Desired survivor size 32505856 bytes, new threshold 15 (max threshold 15)
[2020-10-06T06:35:18.372+0000][36436][gc,age       ] GC(238) Age table with threshold 15 (max threshold 15)
[2020-10-06T06:35:18.372+0000][36436][gc,age       ] GC(238) - age   1:    2652768 bytes,    2652768 total
[2020-10-06T06:35:18.372+0000][36436][gc,age       ] GC(238) - age   2:       5120 bytes,    2657888 total
[2020-10-06T06:35:18.372+0000][36436][gc,age       ] GC(238) - age   3:      63784 bytes,    2721672 total
[2020-10-06T06:35:18.372+0000][36436][gc,age       ] GC(238) - age   4:       7016 bytes,    2728688 total
[2020-10-06T06:35:18.372+0000][36436][gc,age       ] GC(238) - age   5:      61752 bytes,    2790440 total
[2020-10-06T06:35:18.372+0000][36436][gc,age       ] GC(238) - age   6:       2136 bytes,    2792576 total
[2020-10-06T06:35:18.372+0000][36436][gc,age       ] GC(238) - age   7:        704 bytes,    2793280 total
[2020-10-06T06:35:18.372+0000][36436][gc,age       ] GC(238) - age   8:       5496 bytes,    2798776 total
[2020-10-06T06:35:18.372+0000][36436][gc,age       ] GC(238) - age   9:       2296 bytes,    2801072 total
[2020-10-06T06:35:18.373+0000][36436][gc,age       ] GC(238) - age  10:      53488 bytes,    2854560 total
[2020-10-06T06:35:18.373+0000][36436][gc,age       ] GC(238) - age  11:        464 bytes,    2855024 total
[2020-10-06T06:35:18.373+0000][36436][gc,age       ] GC(238) - age  12:        592 bytes,    2855616 total
[2020-10-06T06:35:18.373+0000][36436][gc,age       ] GC(238) - age  13:       1416 bytes,    2857032 total
[2020-10-06T06:35:18.373+0000][36436][gc,age       ] GC(238) - age  14:       5184 bytes,    2862216 total
[2020-10-06T06:35:18.373+0000][36436][gc,age       ] GC(238) - age  15:        560 bytes,    2862776 total
[2020-10-06T06:35:18.373+0000][36436][gc,phases    ] GC(238)   Pre Evacuate Collection Set: 0.4ms
[2020-10-06T06:35:18.373+0000][36436][gc,phases    ] GC(238)   Merge Heap Roots: 0.1ms
[2020-10-06T06:35:18.373+0000][36436][gc,phases    ] GC(238)   Evacuate Collection Set: 2.2ms
[2020-10-06T06:35:18.373+0000][36436][gc,phases    ] GC(238)   Post Evacuate Collection Set: 0.8ms
[2020-10-06T06:35:18.373+0000][36436][gc,phases    ] GC(238)   Other: 1.0ms
[2020-10-06T06:35:18.373+0000][36436][gc,heap      ] GC(238) Eden regions: 69->0(494)
[2020-10-06T06:35:18.373+0000][36436][gc,heap      ] GC(238) Survivor regions: 5->4(62)
[2020-10-06T06:35:18.373+0000][36436][gc,heap      ] GC(238) Old regions: 78->78
[2020-10-06T06:35:18.373+0000][36436][gc,heap      ] GC(238) Archive regions: 0->0
[2020-10-06T06:35:18.373+0000][36436][gc,heap      ] GC(238) Humongous regions: 324->174
[2020-10-06T06:35:18.373+0000][36436][gc,metaspace ] GC(238) Metaspace: 88197K(94332K)->88197K(94332K) NonClass: 77064K(80764K)->77064K(80764K) Class: 11132K(13568K)->11132K(13568K)
[2020-10-06T06:35:18.373+0000][36436][gc           ] GC(238) Pause Young (Concurrent Start) (G1 Humongous Allocation) 473M->254M(1024M) 4.847ms
[2020-10-06T06:35:18.373+0000][36436][gc,cpu       ] GC(238) User=0.00s Sys=0.00s Real=0.00s
[2020-10-06T06:35:18.373+0000][36436][gc           ] GC(239) Concurrent Cycle
[2020-10-06T06:35:18.373+0000][36436][safepoint    ] Safepoint "G1TryInitiateConcMark", Time since last: 22171000 ns, Reaching safepoint: 146800 ns, At safepoint: 5048900 ns, Total: 5195700 ns
[2020-10-06T06:35:18.373+0000][36436][gc,marking   ] GC(239) Concurrent Clear Claimed Marks
[2020-10-06T06:35:18.375+0000][36436][gc,marking   ] GC(239) Concurrent Clear Claimed Marks 0.654ms
[2020-10-06T06:35:18.375+0000][36436][gc,marking   ] GC(239) Concurrent Scan Root Regions
[2020-10-06T06:35:18.377+0000][36436][gc,marking   ] GC(239) Concurrent Scan Root Regions 2.840ms
[2020-10-06T06:35:18.377+0000][36436][gc,marking   ] GC(239) Concurrent Mark (8988.576s)
[2020-10-06T06:35:18.377+0000][36436][gc,marking   ] GC(239) Concurrent Mark From Roots
[2020-10-06T06:35:18.377+0000][36436][gc,task      ] GC(239) Using 2 workers of 2 for marking
[2020-10-06T06:35:18.528+0000][36436][gc,marking   ] GC(239) Concurrent Mark From Roots 150.129ms
[2020-10-06T06:35:18.528+0000][36436][gc,marking   ] GC(239) Concurrent Preclean
[2020-10-06T06:35:18.528+0000][36436][gc,marking   ] GC(239) Concurrent Preclean 0.598ms
[2020-10-06T06:35:18.528+0000][36436][gc,marking   ] GC(239) Concurrent Mark (8988.576s, 8988.727s) 150.894ms
[2020-10-06T06:35:18.529+0000][36436][gc,start     ] GC(239) Pause Remark
[2020-10-06T06:35:18.536+0000][36436][gc           ] GC(239) Pause Remark 445M->445M(1024M) 7.731ms
[2020-10-06T06:35:18.537+0000][36436][gc,cpu       ] GC(239) User=0.11s Sys=0.00s Real=0.01s
[2020-10-06T06:35:18.537+0000][36436][safepoint    ] Safepoint "G1Concurrent", Time since last: 154769700 ns, Reaching safepoint: 164600 ns, At safepoint: 8025800 ns, Total: 8190400 ns
[2020-10-06T06:35:18.537+0000][36436][gc,marking   ] GC(239) Concurrent Rebuild Remembered Sets
[2020-10-06T06:35:18.624+0000][36436][gc,marking   ] GC(239) Concurrent Rebuild Remembered Sets 87.276ms
[2020-10-06T06:35:18.624+0000][36436][gc,start     ] GC(239) Pause Cleanup
[2020-10-06T06:35:18.625+0000][36436][gc           ] GC(239) Pause Cleanup 522M->522M(1024M) 0.378ms
[2020-10-06T06:35:18.625+0000][36436][gc,cpu       ] GC(239) User=0.00s Sys=0.00s Real=0.00s
[2020-10-06T06:35:18.625+0000][36436][safepoint    ] Safepoint "G1Concurrent", Time since last: 87451500 ns, Reaching safepoint: 184400 ns, At safepoint: 742000 ns, Total: 926400 ns
[2020-10-06T06:35:18.625+0000][36436][gc,marking   ] GC(239) Concurrent Cleanup for Next Mark
[2020-10-06T06:35:18.628+0000][36436][gc,marking   ] GC(239) Concurrent Cleanup for Next Mark 2.876ms
[2020-10-06T06:35:18.628+0000][36436][gc           ] GC(239) Concurrent Cycle 254.539ms
[2020-10-06T06:35:18.663+0000][36436][gc,start     ] GC(240) Pause Young (Concurrent Start) (G1 Humongous Allocation)
[2020-10-06T06:35:18.663+0000][36436][gc,task      ] GC(240) Using 8 workers of 8 for evacuation
[2020-10-06T06:35:18.663+0000][36436][gc,age       ] GC(240) Desired survivor size 33030144 bytes, new threshold 15 (max threshold 15)
[2020-10-06T06:35:18.667+0000][36436][gc,age       ] GC(240) Age table with threshold 15 (max threshold 15)
[2020-10-06T06:35:18.667+0000][36436][gc,age       ] GC(240) - age   1:    2630128 bytes,    2630128 total
[2020-10-06T06:35:18.667+0000][36436][gc,age       ] GC(240) - age   2:      40768 bytes,    2670896 total
[2020-10-06T06:35:18.667+0000][36436][gc,age       ] GC(240) - age   3:       4320 bytes,    2675216 total
[2020-10-06T06:35:18.667+0000][36436][gc,age       ] GC(240) - age   4:      62616 bytes,    2737832 total
[2020-10-06T06:35:18.667+0000][36436][gc,age       ] GC(240) - age   5:       3664 bytes,    2741496 total
[2020-10-06T06:35:18.667+0000][36436][gc,age       ] GC(240) - age   6:      61424 bytes,    2802920 total
[2020-10-06T06:35:18.667+0000][36436][gc,age       ] GC(240) - age   7:       2008 bytes,    2804928 total
[2020-10-06T06:35:18.667+0000][36436][gc,age       ] GC(240) - age   8:        640 bytes,    2805568 total
[2020-10-06T06:35:18.667+0000][36436][gc,age       ] GC(240) - age   9:       5400 bytes,    2810968 total
[2020-10-06T06:35:18.667+0000][36436][gc,age       ] GC(240) - age  10:       2264 bytes,    2813232 total
[2020-10-06T06:35:18.667+0000][36436][gc,age       ] GC(240) - age  11:      53488 bytes,    2866720 total
[2020-10-06T06:35:18.667+0000][36436][gc,age       ] GC(240) - age  12:        464 bytes,    2867184 total
[2020-10-06T06:35:18.667+0000][36436][gc,age       ] GC(240) - age  13:        592 bytes,    2867776 total
[2020-10-06T06:35:18.667+0000][36436][gc,age       ] GC(240) - age  14:       1416 bytes,    2869192 total
[2020-10-06T06:35:18.667+0000][36436][gc,age       ] GC(240) - age  15:       5184 bytes,    2874376 total
[2020-10-06T06:35:18.668+0000][36436][gc,phases    ] GC(240)   Pre Evacuate Collection Set: 0.4ms
[2020-10-06T06:35:18.668+0000][36436][gc,phases    ] GC(240)   Merge Heap Roots: 0.1ms
[2020-10-06T06:35:18.668+0000][36436][gc,phases    ] GC(240)   Evacuate Collection Set: 2.1ms
[2020-10-06T06:35:18.668+0000][36436][gc,phases    ] GC(240)   Post Evacuate Collection Set: 0.8ms
[2020-10-06T06:35:18.668+0000][36436][gc,phases    ] GC(240)   Other: 1.0ms
[2020-10-06T06:35:18.668+0000][36436][gc,heap      ] GC(240) Eden regions: 84->0(497)
[2020-10-06T06:35:18.668+0000][36436][gc,heap      ] GC(240) Survivor regions: 4->3(63)
[2020-10-06T06:35:18.668+0000][36436][gc,heap      ] GC(240) Old regions: 78->78
[2020-10-06T06:35:18.668+0000][36436][gc,heap      ] GC(240) Archive regions: 0->0
[2020-10-06T06:35:18.668+0000][36436][gc,heap      ] GC(240) Humongous regions: 366->174
[2020-10-06T06:35:18.668+0000][36436][gc,metaspace ] GC(240) Metaspace: 88200K(94332K)->88200K(94332K) NonClass: 77067K(80764K)->77067K(80764K) Class: 11132K(13568K)->11132K(13568K)
[2020-10-06T06:35:18.668+0000][36436][gc           ] GC(240) Pause Young (Concurrent Start) (G1 Humongous Allocation) 529M->254M(1024M) 4.644ms
[2020-10-06T06:35:18.668+0000][36436][gc,cpu       ] GC(240) User=0.00s Sys=0.00s Real=0.00s
[2020-10-06T06:35:18.668+0000][36436][gc           ] GC(241) Concurrent Cycle
[2020-10-06T06:35:18.668+0000][36436][safepoint    ] Safepoint "G1TryInitiateConcMark", Time since last: 37822200 ns, Reaching safepoint: 259800 ns, At safepoint: 4921200 ns, Total: 5181000 ns
[2020-10-06T06:35:18.668+0000][36436][gc,marking   ] GC(241) Concurrent Clear Claimed Marks
[2020-10-06T06:35:18.668+0000][36436][gc,marking   ] GC(241) Concurrent Clear Claimed Marks 0.403ms
[2020-10-06T06:35:18.669+0000][36436][gc,marking   ] GC(241) Concurrent Scan Root Regions
[2020-10-06T06:35:18.671+0000][36436][gc,marking   ] GC(241) Concurrent Scan Root Regions 2.099ms
[2020-10-06T06:35:18.671+0000][36436][gc,marking   ] GC(241) Concurrent Mark (8988.869s)
[2020-10-06T06:35:18.671+0000][36436][gc,marking   ] GC(241) Concurrent Mark From Roots
[2020-10-06T06:35:18.671+0000][36436][gc,task      ] GC(241) Using 2 workers of 2 for marking
[2020-10-06T06:35:18.805+0000][36436][gc,marking   ] GC(241) Concurrent Mark From Roots 133.892ms
[2020-10-06T06:35:18.805+0000][36436][gc,marking   ] GC(241) Concurrent Preclean
[2020-10-06T06:35:18.806+0000][36436][gc,marking   ] GC(241) Concurrent Preclean 0.665ms
[2020-10-06T06:35:18.806+0000][36436][gc,marking   ] GC(241) Concurrent Mark (8988.869s, 8989.004s) 134.756ms
[2020-10-06T06:35:18.806+0000][36436][gc,start     ] GC(241) Pause Remark
[2020-10-06T06:35:18.815+0000][36436][gc           ] GC(241) Pause Remark 392M->392M(1024M) 8.491ms
[2020-10-06T06:35:18.815+0000][36436][gc,cpu       ] GC(241) User=0.00s Sys=0.00s Real=0.01s
[2020-10-06T06:35:18.815+0000][36436][safepoint    ] Safepoint "G1Concurrent", Time since last: 137605500 ns, Reaching safepoint: 190700 ns, At safepoint: 8716000 ns, Total: 8906700 ns
[2020-10-06T06:35:18.815+0000][36436][gc,marking   ] GC(241) Concurrent Rebuild Remembered Sets
[2020-10-06T06:35:18.914+0000][36436][gc,marking   ] GC(241) Concurrent Rebuild Remembered Sets 98.530ms
[2020-10-06T06:35:18.914+0000][36436][gc,start     ] GC(241) Pause Cleanup
[2020-10-06T06:35:18.914+0000][36436][gc           ] GC(241) Pause Cleanup 634M->634M(1024M) 0.398ms
[2020-10-06T06:35:18.915+0000][36436][gc,cpu       ] GC(241) User=0.00s Sys=0.00s Real=0.00s
[2020-10-06T06:35:18.915+0000][36436][safepoint    ] Safepoint "G1Concurrent", Time since last: 98734400 ns, Reaching safepoint: 197600 ns, At safepoint: 1318200 ns, Total: 1515800 ns
[2020-10-06T06:35:18.915+0000][36436][gc,marking   ] GC(241) Concurrent Cleanup for Next Mark
[2020-10-06T06:35:18.918+0000][36436][gc,marking   ] GC(241) Concurrent Cleanup for Next Mark 2.189ms
[2020-10-06T06:35:18.918+0000][36436][gc           ] GC(241) Concurrent Cycle 249.238ms
[2020-10-06T06:35:18.974+0000][36436][gc,start     ] GC(242) Pause Young (Concurrent Start) (G1 Humongous Allocation)
[2020-10-06T06:35:18.974+0000][36436][gc,task      ] GC(242) Using 8 workers of 8 for evacuation
[2020-10-06T06:35:18.974+0000][36436][gc,age       ] GC(242) Desired survivor size 33030144 bytes, new threshold 15 (max threshold 15)
[2020-10-06T06:35:18.979+0000][36436][gc,age       ] GC(242) Age table with threshold 15 (max threshold 15)
[2020-10-06T06:35:18.979+0000][36436][gc,age       ] GC(242) - age   1:    5139200 bytes,    5139200 total
[2020-10-06T06:35:18.979+0000][36436][gc,age       ] GC(242) - age   2:      26776 bytes,    5165976 total
[2020-10-06T06:35:18.979+0000][36436][gc,age       ] GC(242) - age   3:      34472 bytes,    5200448 total
[2020-10-06T06:35:18.979+0000][36436][gc,age       ] GC(242) - age   4:       2368 bytes,    5202816 total
[2020-10-06T06:35:18.979+0000][36436][gc,age       ] GC(242) - age   5:      62552 bytes,    5265368 total
[2020-10-06T06:35:18.979+0000][36436][gc,age       ] GC(242) - age   6:       3536 bytes,    5268904 total
[2020-10-06T06:35:18.979+0000][36436][gc,age       ] GC(242) - age   7:      61424 bytes,    5330328 total
[2020-10-06T06:35:18.979+0000][36436][gc,age       ] GC(242) - age   8:       2008 bytes,    5332336 total
[2020-10-06T06:35:18.979+0000][36436][gc,age       ] GC(242) - age   9:        544 bytes,    5332880 total
[2020-10-06T06:35:18.979+0000][36436][gc,age       ] GC(242) - age  10:       5400 bytes,    5338280 total
[2020-10-06T06:35:18.980+0000][36436][gc,age       ] GC(242) - age  11:       2264 bytes,    5340544 total
[2020-10-06T06:35:18.980+0000][36436][gc,age       ] GC(242) - age  12:      53488 bytes,    5394032 total
[2020-10-06T06:35:18.980+0000][36436][gc,age       ] GC(242) - age  13:        400 bytes,    5394432 total
[2020-10-06T06:35:18.980+0000][36436][gc,age       ] GC(242) - age  14:        592 bytes,    5395024 total
[2020-10-06T06:35:18.980+0000][36436][gc,age       ] GC(242) - age  15:       1416 bytes,    5396440 total
[2020-10-06T06:35:18.980+0000][36436][gc,phases    ] GC(242)   Pre Evacuate Collection Set: 0.5ms
[2020-10-06T06:35:18.980+0000][36436][gc,phases    ] GC(242)   Merge Heap Roots: 0.2ms
[2020-10-06T06:35:18.980+0000][36436][gc,phases    ] GC(242)   Evacuate Collection Set: 2.5ms
[2020-10-06T06:35:18.980+0000][36436][gc,phases    ] GC(242)   Post Evacuate Collection Set: 1.1ms
[2020-10-06T06:35:18.980+0000][36436][gc,phases    ] GC(242)   Other: 1.3ms
[2020-10-06T06:35:18.980+0000][36436][gc,heap      ] GC(242) Eden regions: 122->0(494)
[2020-10-06T06:35:18.980+0000][36436][gc,heap      ] GC(242) Survivor regions: 3->6(63)
[2020-10-06T06:35:18.980+0000][36436][gc,heap      ] GC(242) Old regions: 78->78
[2020-10-06T06:35:18.980+0000][36436][gc,heap      ] GC(242) Archive regions: 0->0
[2020-10-06T06:35:18.980+0000][36436][gc,heap      ] GC(242) Humongous regions: 462->174
[2020-10-06T06:35:18.981+0000][36436][gc,metaspace ] GC(242) Metaspace: 88210K(94332K)->88210K(94332K) NonClass: 77078K(80764K)->77078K(80764K) Class: 11132K(13568K)->11132K(13568K)
[2020-10-06T06:35:18.981+0000][36436][gc           ] GC(242) Pause Young (Concurrent Start) (G1 Humongous Allocation) 663M->256M(1024M) 6.117ms
[2020-10-06T06:35:18.981+0000][36436][gc,cpu       ] GC(242) User=0.00s Sys=0.00s Real=0.01s
[2020-10-06T06:35:18.981+0000][36436][gc           ] GC(243) Concurrent Cycle
[2020-10-06T06:35:18.981+0000][36436][gc,marking   ] GC(243) Concurrent Clear Claimed Marks
[2020-10-06T06:35:18.981+0000][36436][safepoint    ] Safepoint "G1TryInitiateConcMark", Time since last: 59205700 ns, Reaching safepoint: 191200 ns, At safepoint: 6466800 ns, Total: 6658000 ns
[2020-10-06T06:35:18.981+0000][36436][gc,marking   ] GC(243) Concurrent Clear Claimed Marks 0.435ms
[2020-10-06T06:35:18.981+0000][36436][gc,marking   ] GC(243) Concurrent Scan Root Regions
[2020-10-06T06:35:18.984+0000][36436][gc,marking   ] GC(243) Concurrent Scan Root Regions 2.941ms
[2020-10-06T06:35:18.985+0000][36436][gc,marking   ] GC(243) Concurrent Mark (8989.183s)
[2020-10-06T06:35:18.985+0000][36436][gc,marking   ] GC(243) Concurrent Mark From Roots
[2020-10-06T06:35:18.985+0000][36436][gc,task      ] GC(243) Using 2 workers of 2 for marking
[2020-10-06T06:35:19.156+0000][36436][gc,marking   ] GC(243) Concurrent Mark From Roots 171.198ms
[2020-10-06T06:35:19.156+0000][36436][gc,marking   ] GC(243) Concurrent Preclean
[2020-10-06T06:35:19.157+0000][36436][gc,marking   ] GC(243) Concurrent Preclean 0.849ms
[2020-10-06T06:35:19.157+0000][36436][gc,marking   ] GC(243) Concurrent Mark (8989.183s, 8989.355s) 172.319ms
[2020-10-06T06:35:19.157+0000][36436][gc,start     ] GC(243) Pause Remark
[2020-10-06T06:35:19.165+0000][36436][gc           ] GC(243) Pause Remark 509M->509M(1024M) 8.124ms
[2020-10-06T06:35:19.165+0000][36436][gc,cpu       ] GC(243) User=0.09s Sys=0.00s Real=0.01s
[2020-10-06T06:35:19.166+0000][36436][safepoint    ] Safepoint "G1Concurrent", Time since last: 176085400 ns, Reaching safepoint: 214300 ns, At safepoint: 8397000 ns, Total: 8611300 ns
[2020-10-06T06:35:19.166+0000][36436][gc,marking   ] GC(243) Concurrent Rebuild Remembered Sets
[2020-10-06T06:35:19.265+0000][36436][gc,marking   ] GC(243) Concurrent Rebuild Remembered Sets 99.543ms
[2020-10-06T06:35:19.266+0000][36436][gc,start     ] GC(243) Pause Cleanup
[2020-10-06T06:35:19.266+0000][36436][gc           ] GC(243) Pause Cleanup 598M->598M(1024M) 0.452ms
[2020-10-06T06:35:19.266+0000][36436][gc,cpu       ] GC(243) User=0.00s Sys=0.00s Real=0.00s
[2020-10-06T06:35:19.266+0000][36436][safepoint    ] Safepoint "G1Concurrent", Time since last: 99768500 ns, Reaching safepoint: 197900 ns, At safepoint: 695500 ns, Total: 893400 ns
[2020-10-06T06:35:19.266+0000][36436][gc,marking   ] GC(243) Concurrent Cleanup for Next Mark
[2020-10-06T06:35:19.270+0000][36436][gc,marking   ] GC(243) Concurrent Cleanup for Next Mark 3.358ms
[2020-10-06T06:35:19.270+0000][36436][gc           ] GC(243) Concurrent Cycle 289.183ms
[2020-10-06T06:35:19.270+0000][36436][gc,start     ] GC(244) Pause Young (Concurrent Start) (G1 Humongous Allocation)
[2020-10-06T06:35:19.271+0000][36436][gc,task      ] GC(244) Using 8 workers of 8 for evacuation
[2020-10-06T06:35:19.271+0000][36436][gc,age       ] GC(244) Desired survivor size 33030144 bytes, new threshold 15 (max threshold 15)
[2020-10-06T06:35:19.276+0000][36436][gc,age       ] GC(244) Age table with threshold 15 (max threshold 15)
[2020-10-06T06:35:19.276+0000][36436][gc,age       ] GC(244) - age   1:   10545944 bytes,   10545944 total
[2020-10-06T06:35:19.276+0000][36436][gc,age       ] GC(244) - age   2:       6104 bytes,   10552048 total
[2020-10-06T06:35:19.276+0000][36436][gc,age       ] GC(244) - age   3:      26488 bytes,   10578536 total
[2020-10-06T06:35:19.276+0000][36436][gc,age       ] GC(244) - age   4:      33392 bytes,   10611928 total
[2020-10-06T06:35:19.276+0000][36436][gc,age       ] GC(244) - age   5:       1616 bytes,   10613544 total
[2020-10-06T06:35:19.277+0000][36436][gc,age       ] GC(244) - age   6:      62424 bytes,   10675968 total
[2020-10-06T06:35:19.277+0000][36436][gc,age       ] GC(244) - age   7:       3440 bytes,   10679408 total
[2020-10-06T06:35:19.277+0000][36436][gc,age       ] GC(244) - age   8:      61424 bytes,   10740832 total
[2020-10-06T06:35:19.277+0000][36436][gc,age       ] GC(244) - age   9:       1944 bytes,   10742776 total
[2020-10-06T06:35:19.277+0000][36436][gc,age       ] GC(244) - age  10:        544 bytes,   10743320 total
[2020-10-06T06:35:19.277+0000][36436][gc,age       ] GC(244) - age  11:       5336 bytes,   10748656 total
[2020-10-06T06:35:19.277+0000][36436][gc,age       ] GC(244) - age  12:       2232 bytes,   10750888 total
[2020-10-06T06:35:19.277+0000][36436][gc,age       ] GC(244) - age  13:      53488 bytes,   10804376 total
[2020-10-06T06:35:19.277+0000][36436][gc,age       ] GC(244) - age  14:        400 bytes,   10804776 total
[2020-10-06T06:35:19.277+0000][36436][gc,age       ] GC(244) - age  15:        592 bytes,   10805368 total
[2020-10-06T06:35:19.277+0000][36436][gc,phases    ] GC(244)   Pre Evacuate Collection Set: 0.4ms
[2020-10-06T06:35:19.277+0000][36436][gc,phases    ] GC(244)   Merge Heap Roots: 0.1ms
[2020-10-06T06:35:19.277+0000][36436][gc,phases    ] GC(244)   Evacuate Collection Set: 3.6ms
[2020-10-06T06:35:19.277+0000][36436][gc,phases    ] GC(244)   Post Evacuate Collection Set: 1.2ms
[2020-10-06T06:35:19.277+0000][36436][gc,phases    ] GC(244)   Other: 1.4ms
[2020-10-06T06:35:19.277+0000][36436][gc,heap      ] GC(244) Eden regions: 101->0(484)
[2020-10-06T06:35:19.278+0000][36436][gc,heap      ] GC(244) Survivor regions: 6->11(63)
[2020-10-06T06:35:19.278+0000][36436][gc,heap      ] GC(244) Old regions: 78->78
[2020-10-06T06:35:19.278+0000][36436][gc,heap      ] GC(244) Archive regions: 0->0
[2020-10-06T06:35:19.278+0000][36436][gc,heap      ] GC(244) Humongous regions: 446->174
[2020-10-06T06:35:19.278+0000][36436][gc,metaspace ] GC(244) Metaspace: 88212K(94332K)->88212K(94332K) NonClass: 77080K(80764K)->77080K(80764K) Class: 11132K(13568K)->11132K(13568K)
[2020-10-06T06:35:19.278+0000][36436][gc           ] GC(244) Pause Young (Concurrent Start) (G1 Humongous Allocation) 628M->261M(1024M) 7.343ms
[2020-10-06T06:35:19.278+0000][36436][gc,cpu       ] GC(244) User=0.00s Sys=0.02s Real=0.01s
[2020-10-06T06:35:19.278+0000][36436][gc           ] GC(245) Concurrent Cycle
[2020-10-06T06:35:19.278+0000][36436][safepoint    ] Safepoint "G1TryInitiateConcMark", Time since last: 3875800 ns, Reaching safepoint: 252100 ns, At safepoint: 7605400 ns, Total: 7857500 ns
[2020-10-06T06:35:19.278+0000][36436][gc,marking   ] GC(245) Concurrent Clear Claimed Marks
[2020-10-06T06:35:19.278+0000][36436][safepoint    ] Safepoint "G1TryInitiateConcMark", Time since last: 175500 ns, Reaching safepoint: 250800 ns, At safepoint: 23100 ns, Total: 273900 ns
[2020-10-06T06:35:19.278+0000][36436][gc,marking   ] GC(245) Concurrent Clear Claimed Marks 0.473ms
[2020-10-06T06:35:19.279+0000][36436][gc,marking   ] GC(245) Concurrent Scan Root Regions
[2020-10-06T06:35:19.283+0000][36436][gc,marking   ] GC(245) Concurrent Scan Root Regions 4.187ms
[2020-10-06T06:35:19.283+0000][36436][gc,marking   ] GC(245) Concurrent Mark (8989.481s)
[2020-10-06T06:35:19.283+0000][36436][gc,marking   ] GC(245) Concurrent Mark From Roots
[2020-10-06T06:35:19.283+0000][36436][gc,task      ] GC(245) Using 2 workers of 2 for marking
[2020-10-06T06:35:19.440+0000][36436][gc,marking   ] GC(245) Concurrent Mark From Roots 157.566ms
[2020-10-06T06:35:19.440+0000][36436][gc,marking   ] GC(245) Concurrent Preclean
[2020-10-06T06:35:19.441+0000][36436][gc,marking   ] GC(245) Concurrent Preclean 0.637ms
[2020-10-06T06:35:19.441+0000][36436][gc,marking   ] GC(245) Concurrent Mark (8989.481s, 8989.640s) 158.396ms
[2020-10-06T06:35:19.441+0000][36436][gc,start     ] GC(245) Pause Remark
[2020-10-06T06:35:19.448+0000][36436][gc           ] GC(245) Pause Remark 634M->634M(1024M) 7.179ms
[2020-10-06T06:35:19.449+0000][36436][gc,cpu       ] GC(245) User=0.05s Sys=0.05s Real=0.01s
[2020-10-06T06:35:19.449+0000][36436][safepoint    ] Safepoint "G1Concurrent", Time since last: 162963800 ns, Reaching safepoint: 164200 ns, At safepoint: 7451900 ns, Total: 7616100 ns
[2020-10-06T06:35:19.449+0000][36436][gc,marking   ] GC(245) Concurrent Rebuild Remembered Sets
[2020-10-06T06:35:19.523+0000][36436][gc,marking   ] GC(245) Concurrent Rebuild Remembered Sets 73.903ms
[2020-10-06T06:35:19.523+0000][36436][gc,start     ] GC(245) Pause Cleanup
[2020-10-06T06:35:19.523+0000][36436][gc           ] GC(245) Pause Cleanup 716M->716M(1024M) 0.328ms
[2020-10-06T06:35:19.523+0000][36436][gc,cpu       ] GC(245) User=0.00s Sys=0.00s Real=0.00s
[2020-10-06T06:35:19.523+0000][36436][safepoint    ] Safepoint "G1Concurrent", Time since last: 74107300 ns, Reaching safepoint: 180500 ns, At safepoint: 487500 ns, Total: 668000 ns
[2020-10-06T06:35:19.523+0000][36436][gc,marking   ] GC(245) Concurrent Cleanup for Next Mark
[2020-10-06T06:35:19.525+0000][36436][gc,marking   ] GC(245) Concurrent Cleanup for Next Mark 1.751ms
[2020-10-06T06:35:19.525+0000][36436][gc           ] GC(245) Concurrent Cycle 247.804ms
[2020-10-06T06:35:19.532+0000][36436][gc,start     ] GC(246) Pause Young (Concurrent Start) (G1 Humongous Allocation)
[2020-10-06T06:35:19.532+0000][36436][gc,task      ] GC(246) Using 8 workers of 8 for evacuation
[2020-10-06T06:35:19.532+0000][36436][gc,age       ] GC(246) Desired survivor size 32505856 bytes, new threshold 15 (max threshold 15)
[2020-10-06T06:35:19.536+0000][36436][gc,age       ] GC(246) Age table with threshold 15 (max threshold 15)
[2020-10-06T06:35:19.537+0000][36436][gc,age       ] GC(246) - age   1:    3957144 bytes,    3957144 total
[2020-10-06T06:35:19.537+0000][36436][gc,age       ] GC(246) - age   2:       4864 bytes,    3962008 total
[2020-10-06T06:35:19.537+0000][36436][gc,age       ] GC(246) - age   3:       3544 bytes,    3965552 total
[2020-10-06T06:35:19.537+0000][36436][gc,age       ] GC(246) - age   4:      25808 bytes,    3991360 total
[2020-10-06T06:35:19.537+0000][36436][gc,age       ] GC(246) - age   5:      30696 bytes,    4022056 total
[2020-10-06T06:35:19.537+0000][36436][gc,age       ] GC(246) - age   6:       1072 bytes,    4023128 total
[2020-10-06T06:35:19.537+0000][36436][gc,age       ] GC(246) - age   7:      62360 bytes,    4085488 total
[2020-10-06T06:35:19.537+0000][36436][gc,age       ] GC(246) - age   8:       3440 bytes,    4088928 total
[2020-10-06T06:35:19.537+0000][36436][gc,age       ] GC(246) - age   9:      61360 bytes,    4150288 total
[2020-10-06T06:35:19.537+0000][36436][gc,age       ] GC(246) - age  10:       1880 bytes,    4152168 total
[2020-10-06T06:35:19.537+0000][36436][gc,age       ] GC(246) - age  11:        544 bytes,    4152712 total
[2020-10-06T06:35:19.537+0000][36436][gc,age       ] GC(246) - age  12:       5336 bytes,    4158048 total
[2020-10-06T06:35:19.537+0000][36436][gc,age       ] GC(246) - age  13:       2136 bytes,    4160184 total
[2020-10-06T06:35:19.537+0000][36436][gc,age       ] GC(246) - age  14:      53488 bytes,    4213672 total
[2020-10-06T06:35:19.537+0000][36436][gc,age       ] GC(246) - age  15:        400 bytes,    4214072 total
[2020-10-06T06:35:19.537+0000][36436][gc,phases    ] GC(246)   Pre Evacuate Collection Set: 0.4ms
[2020-10-06T06:35:19.537+0000][36436][gc,phases    ] GC(246)   Merge Heap Roots: 0.1ms
[2020-10-06T06:35:19.537+0000][36436][gc,phases    ] GC(246)   Evacuate Collection Set: 2.5ms
[2020-10-06T06:35:19.537+0000][36436][gc,phases    ] GC(246)   Post Evacuate Collection Set: 0.8ms
[2020-10-06T06:35:19.537+0000][36436][gc,phases    ] GC(246)   Other: 0.9ms
[2020-10-06T06:35:19.537+0000][36436][gc,heap      ] GC(246) Eden regions: 128->0(491)
[2020-10-06T06:35:19.537+0000][36436][gc,heap      ] GC(246) Survivor regions: 11->5(62)
[2020-10-06T06:35:19.537+0000][36436][gc,heap      ] GC(246) Old regions: 78->78
[2020-10-06T06:35:19.537+0000][36436][gc,heap      ] GC(246) Archive regions: 0->0
[2020-10-06T06:35:19.537+0000][36436][gc,heap      ] GC(246) Humongous regions: 506->174
[2020-10-06T06:35:19.537+0000][36436][gc,metaspace ] GC(246) Metaspace: 88213K(94332K)->88213K(94332K) NonClass: 77080K(80764K)->77080K(80764K) Class: 11132K(13568K)->11132K(13568K)
[2020-10-06T06:35:19.537+0000][36436][gc           ] GC(246) Pause Young (Concurrent Start) (G1 Humongous Allocation) 721M->255M(1024M) 5.037ms
[2020-10-06T06:35:19.537+0000][36436][gc,cpu       ] GC(246) User=0.02s Sys=0.03s Real=0.00s
[2020-10-06T06:35:19.537+0000][36436][gc           ] GC(247) Concurrent Cycle
[2020-10-06T06:35:19.538+0000][36436][safepoint    ] Safepoint "G1TryInitiateConcMark", Time since last: 8730200 ns, Reaching safepoint: 133800 ns, At safepoint: 5196200 ns, Total: 5330000 ns
[2020-10-06T06:35:19.538+0000][36436][gc,marking   ] GC(247) Concurrent Clear Claimed Marks
[2020-10-06T06:35:19.538+0000][36436][gc,marking   ] GC(247) Concurrent Clear Claimed Marks 0.510ms
[2020-10-06T06:35:19.538+0000][36436][gc,marking   ] GC(247) Concurrent Scan Root Regions
[2020-10-06T06:35:19.541+0000][36436][gc,marking   ] GC(247) Concurrent Scan Root Regions 2.576ms
[2020-10-06T06:35:19.541+0000][36436][gc,marking   ] GC(247) Concurrent Mark (8989.740s)
[2020-10-06T06:35:19.541+0000][36436][gc,marking   ] GC(247) Concurrent Mark From Roots
[2020-10-06T06:35:19.541+0000][36436][gc,task      ] GC(247) Using 2 workers of 2 for marking
[2020-10-06T06:35:19.677+0000][36436][gc,marking   ] GC(247) Concurrent Mark From Roots 136.011ms
[2020-10-06T06:35:19.678+0000][36436][gc,marking   ] GC(247) Concurrent Preclean
[2020-10-06T06:35:19.678+0000][36436][gc,marking   ] GC(247) Concurrent Preclean 0.703ms
[2020-10-06T06:35:19.678+0000][36436][gc,marking   ] GC(247) Concurrent Mark (8989.740s, 8989.877s) 136.922ms
[2020-10-06T06:35:19.679+0000][36436][gc,start     ] GC(247) Pause Remark
[2020-10-06T06:35:19.685+0000][36436][gc           ] GC(247) Pause Remark 453M->453M(1024M) 6.305ms
[2020-10-06T06:35:19.685+0000][36436][gc,cpu       ] GC(247) User=0.00s Sys=0.00s Real=0.01s
[2020-10-06T06:35:19.685+0000][36436][safepoint    ] Safepoint "G1Concurrent", Time since last: 140384500 ns, Reaching safepoint: 218400 ns, At safepoint: 6571500 ns, Total: 6789900 ns
[2020-10-06T06:35:19.685+0000][36436][gc,marking   ] GC(247) Concurrent Rebuild Remembered Sets
[2020-10-06T06:35:19.776+0000][36436][gc,marking   ] GC(247) Concurrent Rebuild Remembered Sets 91.302ms
[2020-10-06T06:35:19.776+0000][36436][gc,start     ] GC(247) Pause Cleanup
[2020-10-06T06:35:19.777+0000][36436][gc           ] GC(247) Pause Cleanup 531M->531M(1024M) 0.546ms
[2020-10-06T06:35:19.777+0000][36436][gc,cpu       ] GC(247) User=0.00s Sys=0.00s Real=0.00s
[2020-10-06T06:35:19.777+0000][36436][safepoint    ] Safepoint "G1Concurrent", Time since last: 91547400 ns, Reaching safepoint: 194900 ns, At safepoint: 823500 ns, Total: 1018400 ns
[2020-10-06T06:35:19.777+0000][36436][gc,marking   ] GC(247) Concurrent Cleanup for Next Mark
[2020-10-06T06:35:19.779+0000][36436][gc,marking   ] GC(247) Concurrent Cleanup for Next Mark 2.075ms
[2020-10-06T06:35:19.780+0000][36436][gc           ] GC(247) Concurrent Cycle 242.089ms
[2020-10-06T06:35:19.832+0000][36436][gc,start     ] GC(248) Pause Young (Concurrent Start) (G1 Humongous Allocation)
[2020-10-06T06:35:19.832+0000][36436][gc,task      ] GC(248) Using 8 workers of 8 for evacuation
[2020-10-06T06:35:19.832+0000][36436][gc,age       ] GC(248) Desired survivor size 32505856 bytes, new threshold 15 (max threshold 15)
[2020-10-06T06:35:19.837+0000][36436][gc,age       ] GC(248) Age table with threshold 15 (max threshold 15)
[2020-10-06T06:35:19.837+0000][36436][gc,age       ] GC(248) - age   1:   13266800 bytes,   13266800 total
[2020-10-06T06:35:19.837+0000][36436][gc,age       ] GC(248) - age   2:       3192 bytes,   13269992 total
[2020-10-06T06:35:19.837+0000][36436][gc,age       ] GC(248) - age   3:       1312 bytes,   13271304 total
[2020-10-06T06:35:19.837+0000][36436][gc,age       ] GC(248) - age   4:       2112 bytes,   13273416 total
[2020-10-06T06:35:19.837+0000][36436][gc,age       ] GC(248) - age   5:      21528 bytes,   13294944 total
[2020-10-06T06:35:19.838+0000][36436][gc,age       ] GC(248) - age   6:      30376 bytes,   13325320 total
[2020-10-06T06:35:19.838+0000][36436][gc,age       ] GC(248) - age   7:       1072 bytes,   13326392 total
[2020-10-06T06:35:19.838+0000][36436][gc,age       ] GC(248) - age   8:      62360 bytes,   13388752 total
[2020-10-06T06:35:19.838+0000][36436][gc,age       ] GC(248) - age   9:       3360 bytes,   13392112 total
[2020-10-06T06:35:19.838+0000][36436][gc,age       ] GC(248) - age  10:      61360 bytes,   13453472 total
[2020-10-06T06:35:19.838+0000][36436][gc,age       ] GC(248) - age  11:       1752 bytes,   13455224 total
[2020-10-06T06:35:19.838+0000][36436][gc,age       ] GC(248) - age  12:        544 bytes,   13455768 total
[2020-10-06T06:35:19.838+0000][36436][gc,age       ] GC(248) - age  13:       5336 bytes,   13461104 total
[2020-10-06T06:35:19.838+0000][36436][gc,age       ] GC(248) - age  14:       2104 bytes,   13463208 total
[2020-10-06T06:35:19.838+0000][36436][gc,age       ] GC(248) - age  15:      53456 bytes,   13516664 total
[2020-10-06T06:35:19.838+0000][36436][gc,phases    ] GC(248)   Pre Evacuate Collection Set: 0.5ms
[2020-10-06T06:35:19.838+0000][36436][gc,phases    ] GC(248)   Merge Heap Roots: 0.1ms
[2020-10-06T06:35:19.838+0000][36436][gc,phases    ] GC(248)   Evacuate Collection Set: 3.6ms
[2020-10-06T06:35:19.838+0000][36436][gc,phases    ] GC(248)   Post Evacuate Collection Set: 0.9ms
[2020-10-06T06:35:19.838+0000][36436][gc,phases    ] GC(248)   Other: 1.0ms
[2020-10-06T06:35:19.838+0000][36436][gc,heap      ] GC(248) Eden regions: 103->0(477)
[2020-10-06T06:35:19.838+0000][36436][gc,heap      ] GC(248) Survivor regions: 5->14(62)
[2020-10-06T06:35:19.838+0000][36436][gc,heap      ] GC(248) Old regions: 78->78
[2020-10-06T06:35:19.838+0000][36436][gc,heap      ] GC(248) Archive regions: 0->0
[2020-10-06T06:35:19.838+0000][36436][gc,heap      ] GC(248) Humongous regions: 370->174
[2020-10-06T06:35:19.838+0000][36436][gc,metaspace ] GC(248) Metaspace: 88222K(94332K)->88222K(94332K) NonClass: 77090K(80764K)->77090K(80764K) Class: 11132K(13568K)->11132K(13568K)
[2020-10-06T06:35:19.838+0000][36436][gc           ] GC(248) Pause Young (Concurrent Start) (G1 Humongous Allocation) 554M->265M(1024M) 6.457ms
[2020-10-06T06:35:19.838+0000][36436][gc,cpu       ] GC(248) User=0.11s Sys=0.00s Real=0.01s
[2020-10-06T06:35:19.838+0000][36436][gc           ] GC(249) Concurrent Cycle
[2020-10-06T06:35:19.838+0000][36436][safepoint    ] Safepoint "G1TryInitiateConcMark", Time since last: 54281900 ns, Reaching safepoint: 226900 ns, At safepoint: 6649200 ns, Total: 6876100 ns
[2020-10-06T06:35:19.838+0000][36436][gc,marking   ] GC(249) Concurrent Clear Claimed Marks
[2020-10-06T06:35:19.839+0000][36436][gc,marking   ] GC(249) Concurrent Clear Claimed Marks 0.585ms
[2020-10-06T06:35:19.839+0000][36436][gc,marking   ] GC(249) Concurrent Scan Root Regions
[2020-10-06T06:35:19.842+0000][36436][gc,marking   ] GC(249) Concurrent Scan Root Regions 2.647ms
[2020-10-06T06:35:19.842+0000][36436][gc,marking   ] GC(249) Concurrent Mark (8990.041s)
[2020-10-06T06:35:19.842+0000][36436][gc,marking   ] GC(249) Concurrent Mark From Roots
[2020-10-06T06:35:19.843+0000][36436][gc,task      ] GC(249) Using 2 workers of 2 for marking
[2020-10-06T06:35:20.035+0000][36436][gc,marking   ] GC(249) Concurrent Mark From Roots 193.065ms
[2020-10-06T06:35:20.035+0000][36436][gc,marking   ] GC(249) Concurrent Preclean
[2020-10-06T06:35:20.036+0000][36436][gc,marking   ] GC(249) Concurrent Preclean 0.879ms
[2020-10-06T06:35:20.036+0000][36436][gc,marking   ] GC(249) Concurrent Mark (8990.041s, 8990.235s) 194.145ms
[2020-10-06T06:35:20.036+0000][36436][gc,start     ] GC(249) Pause Remark
[2020-10-06T06:35:20.044+0000][36436][gc           ] GC(249) Pause Remark 589M->589M(1024M) 7.454ms
[2020-10-06T06:35:20.044+0000][36436][gc,cpu       ] GC(249) User=0.00s Sys=0.00s Real=0.01s
[2020-10-06T06:35:20.044+0000][36436][safepoint    ] Safepoint "G1Concurrent", Time since last: 197772300 ns, Reaching safepoint: 247400 ns, At safepoint: 7914900 ns, Total: 8162300 ns
[2020-10-06T06:35:20.044+0000][36436][gc,marking   ] GC(249) Concurrent Rebuild Remembered Sets
[2020-10-06T06:35:20.146+0000][36436][gc,marking   ] GC(249) Concurrent Rebuild Remembered Sets 101.175ms
[2020-10-06T06:35:20.146+0000][36436][gc,start     ] GC(249) Pause Cleanup
[2020-10-06T06:35:20.146+0000][36436][gc           ] GC(249) Pause Cleanup 665M->665M(1024M) 0.303ms
[2020-10-06T06:35:20.146+0000][36436][gc,cpu       ] GC(249) User=0.00s Sys=0.00s Real=0.00s
[2020-10-06T06:35:20.146+0000][36436][safepoint    ] Safepoint "G1Concurrent", Time since last: 101405700 ns, Reaching safepoint: 200500 ns, At safepoint: 496600 ns, Total: 697100 ns
[2020-10-06T06:35:20.146+0000][36436][gc,marking   ] GC(249) Concurrent Cleanup for Next Mark
[2020-10-06T06:35:20.148+0000][36436][gc,marking   ] GC(249) Concurrent Cleanup for Next Mark 1.925ms
[2020-10-06T06:35:20.149+0000][36436][gc           ] GC(249) Concurrent Cycle 310.233ms
[2020-10-06T06:35:20.165+0000][36436][gc,start     ] GC(250) Pause Young (Concurrent Start) (G1 Humongous Allocation)
[2020-10-06T06:35:20.165+0000][36436][gc,task      ] GC(250) Using 8 workers of 8 for evacuation
[2020-10-06T06:35:20.165+0000][36436][gc,age       ] GC(250) Desired survivor size 32505856 bytes, new threshold 15 (max threshold 15)
[2020-10-06T06:35:20.169+0000][36436][gc,age       ] GC(250) Age table with threshold 15 (max threshold 15)
[2020-10-06T06:35:20.170+0000][36436][gc,age       ] GC(250) - age   1:    3941224 bytes,    3941224 total
[2020-10-06T06:35:20.170+0000][36436][gc,age       ] GC(250) - age   2:      30536 bytes,    3971760 total
[2020-10-06T06:35:20.170+0000][36436][gc,age       ] GC(250) - age   3:       2016 bytes,    3973776 total
[2020-10-06T06:35:20.170+0000][36436][gc,age       ] GC(250) - age   4:       1144 bytes,    3974920 total
[2020-10-06T06:35:20.170+0000][36436][gc,age       ] GC(250) - age   5:       2112 bytes,    3977032 total
[2020-10-06T06:35:20.170+0000][36436][gc,age       ] GC(250) - age   6:      21528 bytes,    3998560 total
[2020-10-06T06:35:20.170+0000][36436][gc,age       ] GC(250) - age   7:      30312 bytes,    4028872 total
[2020-10-06T06:35:20.170+0000][36436][gc,age       ] GC(250) - age   8:       1072 bytes,    4029944 total
[2020-10-06T06:35:20.170+0000][36436][gc,age       ] GC(250) - age   9:      62232 bytes,    4092176 total
[2020-10-06T06:35:20.170+0000][36436][gc,age       ] GC(250) - age  10:       3328 bytes,    4095504 total
[2020-10-06T06:35:20.170+0000][36436][gc,age       ] GC(250) - age  11:      61328 bytes,    4156832 total
[2020-10-06T06:35:20.170+0000][36436][gc,age       ] GC(250) - age  12:       1720 bytes,    4158552 total
[2020-10-06T06:35:20.170+0000][36436][gc,age       ] GC(250) - age  13:        544 bytes,    4159096 total
[2020-10-06T06:35:20.170+0000][36436][gc,age       ] GC(250) - age  14:       5336 bytes,    4164432 total
[2020-10-06T06:35:20.170+0000][36436][gc,age       ] GC(250) - age  15:       2104 bytes,    4166536 total
[2020-10-06T06:35:20.170+0000][36436][gc,phases    ] GC(250)   Pre Evacuate Collection Set: 0.5ms
[2020-10-06T06:35:20.170+0000][36436][gc,phases    ] GC(250)   Merge Heap Roots: 0.1ms
[2020-10-06T06:35:20.170+0000][36436][gc,phases    ] GC(250)   Evacuate Collection Set: 2.4ms
[2020-10-06T06:35:20.170+0000][36436][gc,phases    ] GC(250)   Post Evacuate Collection Set: 1.1ms
[2020-10-06T06:35:20.170+0000][36436][gc,phases    ] GC(250)   Other: 1.1ms
[2020-10-06T06:35:20.170+0000][36436][gc,heap      ] GC(250) Eden regions: 99->0(489)
[2020-10-06T06:35:20.170+0000][36436][gc,heap      ] GC(250) Survivor regions: 14->5(62)
[2020-10-06T06:35:20.170+0000][36436][gc,heap      ] GC(250) Old regions: 78->78
[2020-10-06T06:35:20.170+0000][36436][gc,heap      ] GC(250) Archive regions: 0->0
[2020-10-06T06:35:20.170+0000][36436][gc,heap      ] GC(250) Humongous regions: 482->174
[2020-10-06T06:35:20.170+0000][36436][gc,metaspace ] GC(250) Metaspace: 88231K(94332K)->88231K(94332K) NonClass: 77099K(80764K)->77099K(80764K) Class: 11132K(13568K)->11132K(13568K)
[2020-10-06T06:35:20.170+0000][36436][gc           ] GC(250) Pause Young (Concurrent Start) (G1 Humongous Allocation) 671M->255M(1024M) 5.419ms
[2020-10-06T06:35:20.171+0000][36436][gc,cpu       ] GC(250) User=0.00s Sys=0.00s Real=0.01s
[2020-10-06T06:35:20.171+0000][36436][gc           ] GC(251) Concurrent Cycle
[2020-10-06T06:35:20.171+0000][36436][safepoint    ] Safepoint "G1TryInitiateConcMark", Time since last: 18389100 ns, Reaching safepoint: 188800 ns, At safepoint: 5625300 ns, Total: 5814100 ns
[2020-10-06T06:35:20.171+0000][36436][gc,marking   ] GC(251) Concurrent Clear Claimed Marks
[2020-10-06T06:35:20.171+0000][36436][gc,marking   ] GC(251) Concurrent Clear Claimed Marks 0.439ms
[2020-10-06T06:35:20.171+0000][36436][gc,marking   ] GC(251) Concurrent Scan Root Regions
[2020-10-06T06:35:20.175+0000][36436][gc,marking   ] GC(251) Concurrent Scan Root Regions 3.411ms
[2020-10-06T06:35:20.175+0000][36436][gc,marking   ] GC(251) Concurrent Mark (8990.373s)
[2020-10-06T06:35:20.175+0000][36436][gc,marking   ] GC(251) Concurrent Mark From Roots
[2020-10-06T06:35:20.175+0000][36436][gc,task      ] GC(251) Using 2 workers of 2 for marking
[2020-10-06T06:35:20.318+0000][36436][gc,marking   ] GC(251) Concurrent Mark From Roots 143.261ms
[2020-10-06T06:35:20.318+0000][36436][gc,marking   ] GC(251) Concurrent Preclean
[2020-10-06T06:35:20.319+0000][36436][gc,marking   ] GC(251) Concurrent Preclean 0.641ms
[2020-10-06T06:35:20.319+0000][36436][gc,marking   ] GC(251) Concurrent Mark (8990.373s, 8990.518s) 144.107ms
[2020-10-06T06:35:20.319+0000][36436][gc,start     ] GC(251) Pause Remark
[2020-10-06T06:35:20.327+0000][36436][gc           ] GC(251) Pause Remark 464M->464M(1024M) 7.798ms
[2020-10-06T06:35:20.327+0000][36436][gc,cpu       ] GC(251) User=0.00s Sys=0.00s Real=0.01s
[2020-10-06T06:35:20.327+0000][36436][safepoint    ] Safepoint "G1Concurrent", Time since last: 148270100 ns, Reaching safepoint: 149400 ns, At safepoint: 8036400 ns, Total: 8185800 ns
[2020-10-06T06:35:20.327+0000][36436][gc,marking   ] GC(251) Concurrent Rebuild Remembered Sets
[2020-10-06T06:35:20.413+0000][36436][gc,marking   ] GC(251) Concurrent Rebuild Remembered Sets 86.098ms
[2020-10-06T06:35:20.414+0000][36436][gc,start     ] GC(251) Pause Cleanup
[2020-10-06T06:35:20.414+0000][36436][gc           ] GC(251) Pause Cleanup 539M->539M(1024M) 0.393ms
[2020-10-06T06:35:20.414+0000][36436][gc,cpu       ] GC(251) User=0.00s Sys=0.00s Real=0.00s
[2020-10-06T06:35:20.414+0000][36436][safepoint    ] Safepoint "G1Concurrent", Time since last: 86285700 ns, Reaching safepoint: 187200 ns, At safepoint: 611000 ns, Total: 798200 ns
[2020-10-06T06:35:20.414+0000][36436][gc,marking   ] GC(251) Concurrent Cleanup for Next Mark
[2020-10-06T06:35:20.416+0000][36436][gc,marking   ] GC(251) Concurrent Cleanup for Next Mark 1.951ms
[2020-10-06T06:35:20.416+0000][36436][gc           ] GC(251) Concurrent Cycle 245.736ms
[2020-10-06T06:35:20.435+0000][36436][gc,start     ] GC(252) Pause Young (Concurrent Start) (G1 Humongous Allocation)
[2020-10-06T06:35:20.435+0000][36436][gc,task      ] GC(252) Using 8 workers of 8 for evacuation
[2020-10-06T06:35:20.435+0000][36436][gc,age       ] GC(252) Desired survivor size 32505856 bytes, new threshold 15 (max threshold 15)
[2020-10-06T06:35:20.440+0000][36436][gc,age       ] GC(252) Age table with threshold 15 (max threshold 15)
[2020-10-06T06:35:20.440+0000][36436][gc,age       ] GC(252) - age   1:   13708120 bytes,   13708120 total
[2020-10-06T06:35:20.440+0000][36436][gc,age       ] GC(252) - age   2:       2000 bytes,   13710120 total
[2020-10-06T06:35:20.440+0000][36436][gc,age       ] GC(252) - age   3:      25200 bytes,   13735320 total
[2020-10-06T06:35:20.440+0000][36436][gc,age       ] GC(252) - age   4:       1376 bytes,   13736696 total
[2020-10-06T06:35:20.441+0000][36436][gc,age       ] GC(252) - age   5:        880 bytes,   13737576 total
[2020-10-06T06:35:20.441+0000][36436][gc,age       ] GC(252) - age   6:       2016 bytes,   13739592 total
[2020-10-06T06:35:20.441+0000][36436][gc,age       ] GC(252) - age   7:      21272 bytes,   13760864 total
[2020-10-06T06:35:20.441+0000][36436][gc,age       ] GC(252) - age   8:      30248 bytes,   13791112 total
[2020-10-06T06:35:20.441+0000][36436][gc,age       ] GC(252) - age   9:       1008 bytes,   13792120 total
[2020-10-06T06:35:20.441+0000][36436][gc,age       ] GC(252) - age  10:      62200 bytes,   13854320 total
[2020-10-06T06:35:20.441+0000][36436][gc,age       ] GC(252) - age  11:       3040 bytes,   13857360 total
[2020-10-06T06:35:20.441+0000][36436][gc,age       ] GC(252) - age  12:      61264 bytes,   13918624 total
[2020-10-06T06:35:20.441+0000][36436][gc,age       ] GC(252) - age  13:       1720 bytes,   13920344 total
[2020-10-06T06:35:20.441+0000][36436][gc,age       ] GC(252) - age  14:        544 bytes,   13920888 total
[2020-10-06T06:35:20.441+0000][36436][gc,age       ] GC(252) - age  15:       5336 bytes,   13926224 total
[2020-10-06T06:35:20.442+0000][36436][gc,phases    ] GC(252)   Pre Evacuate Collection Set: 0.4ms
[2020-10-06T06:35:20.442+0000][36436][gc,phases    ] GC(252)   Merge Heap Roots: 0.1ms
[2020-10-06T06:35:20.442+0000][36436][gc,phases    ] GC(252)   Evacuate Collection Set: 3.7ms
[2020-10-06T06:35:20.442+0000][36436][gc,phases    ] GC(252)   Post Evacuate Collection Set: 0.9ms
[2020-10-06T06:35:20.442+0000][36436][gc,phases    ] GC(252)   Other: 1.1ms
[2020-10-06T06:35:20.442+0000][36436][gc,heap      ] GC(252) Eden regions: 99->0(474)
[2020-10-06T06:35:20.442+0000][36436][gc,heap      ] GC(252) Survivor regions: 5->15(62)
[2020-10-06T06:35:20.442+0000][36436][gc,heap      ] GC(252) Old regions: 78->78
[2020-10-06T06:35:20.442+0000][36436][gc,heap      ] GC(252) Archive regions: 0->0
[2020-10-06T06:35:20.442+0000][36436][gc,heap      ] GC(252) Humongous regions: 378->174
[2020-10-06T06:35:20.442+0000][36436][gc,metaspace ] GC(252) Metaspace: 88239K(94332K)->88239K(94332K) NonClass: 77106K(80764K)->77106K(80764K) Class: 11132K(13568K)->11132K(13568K)
[2020-10-06T06:35:20.442+0000][36436][gc           ] GC(252) Pause Young (Concurrent Start) (G1 Humongous Allocation) 558M->265M(1024M) 6.778ms
[2020-10-06T06:35:20.442+0000][36436][gc,cpu       ] GC(252) User=0.02s Sys=0.02s Real=0.01s
[2020-10-06T06:35:20.442+0000][36436][gc           ] GC(253) Concurrent Cycle
[2020-10-06T06:35:20.442+0000][36436][gc,marking   ] GC(253) Concurrent Clear Claimed Marks
[2020-10-06T06:35:20.442+0000][36436][safepoint    ] Safepoint "G1TryInitiateConcMark", Time since last: 20446500 ns, Reaching safepoint: 193700 ns, At safepoint: 7038500 ns, Total: 7232200 ns
[2020-10-06T06:35:20.442+0000][36436][gc,marking   ] GC(253) Concurrent Clear Claimed Marks 0.446ms
[2020-10-06T06:35:20.442+0000][36436][gc,marking   ] GC(253) Concurrent Scan Root Regions
[2020-10-06T06:35:20.446+0000][36436][gc,marking   ] GC(253) Concurrent Scan Root Regions 3.437ms
[2020-10-06T06:35:20.446+0000][36436][gc,marking   ] GC(253) Concurrent Mark (8990.645s)
[2020-10-06T06:35:20.446+0000][36436][gc,marking   ] GC(253) Concurrent Mark From Roots
[2020-10-06T06:35:20.446+0000][36436][gc,task      ] GC(253) Using 2 workers of 2 for marking
[2020-10-06T06:35:20.658+0000][36436][gc,marking   ] GC(253) Concurrent Mark From Roots 212.076ms
[2020-10-06T06:35:20.658+0000][36436][gc,marking   ] GC(253) Concurrent Preclean
[2020-10-06T06:35:20.659+0000][36436][gc,marking   ] GC(253) Concurrent Preclean 1.158ms
[2020-10-06T06:35:20.659+0000][36436][gc,marking   ] GC(253) Concurrent Mark (8990.645s, 8990.858s) 213.493ms
[2020-10-06T06:35:20.660+0000][36436][gc,start     ] GC(253) Pause Remark
[2020-10-06T06:35:20.669+0000][36436][gc           ] GC(253) Pause Remark 598M->598M(1024M) 9.057ms
[2020-10-06T06:35:20.669+0000][36436][gc,cpu       ] GC(253) User=0.03s Sys=0.00s Real=0.01s
[2020-10-06T06:35:20.669+0000][36436][safepoint    ] Safepoint "G1Concurrent", Time since last: 217690800 ns, Reaching safepoint: 216700 ns, At safepoint: 9338000 ns, Total: 9554700 ns
[2020-10-06T06:35:20.669+0000][36436][gc,marking   ] GC(253) Concurrent Rebuild Remembered Sets
[2020-10-06T06:35:20.785+0000][36436][gc,marking   ] GC(253) Concurrent Rebuild Remembered Sets 115.790ms
[2020-10-06T06:35:20.785+0000][36436][gc,start     ] GC(253) Pause Cleanup
[2020-10-06T06:35:20.786+0000][36436][gc           ] GC(253) Pause Cleanup 919M->919M(1024M) 0.456ms
[2020-10-06T06:35:20.786+0000][36436][gc,cpu       ] GC(253) User=0.11s Sys=0.00s Real=0.00s
[2020-10-06T06:35:20.786+0000][36436][safepoint    ] Safepoint "G1Concurrent", Time since last: 116039900 ns, Reaching safepoint: 158700 ns, At safepoint: 712100 ns, Total: 870800 ns
[2020-10-06T06:35:20.786+0000][36436][gc,marking   ] GC(253) Concurrent Cleanup for Next Mark
[2020-10-06T06:35:20.788+0000][36436][gc,marking   ] GC(253) Concurrent Cleanup for Next Mark 2.310ms
[2020-10-06T06:35:20.788+0000][36436][gc           ] GC(253) Concurrent Cycle 346.743ms
[2020-10-06T06:35:20.859+0000][36436][gc,start     ] GC(254) Pause Young (Concurrent Start) (G1 Humongous Allocation)
[2020-10-06T06:35:20.859+0000][36436][gc,task      ] GC(254) Using 8 workers of 8 for evacuation
[2020-10-06T06:35:20.859+0000][36436][gc,age       ] GC(254) Desired survivor size 32505856 bytes, new threshold 15 (max threshold 15)
[2020-10-06T06:35:20.865+0000][36436][gc,age       ] GC(254) Age table with threshold 15 (max threshold 15)
[2020-10-06T06:35:20.865+0000][36436][gc,age       ] GC(254) - age   1:    3937480 bytes,    3937480 total
[2020-10-06T06:35:20.865+0000][36436][gc,age       ] GC(254) - age   2:      12664 bytes,    3950144 total
[2020-10-06T06:35:20.865+0000][36436][gc,age       ] GC(254) - age   3:       1336 bytes,    3951480 total
[2020-10-06T06:35:20.865+0000][36436][gc,age       ] GC(254) - age   4:      23080 bytes,    3974560 total
[2020-10-06T06:35:20.865+0000][36436][gc,age       ] GC(254) - age   5:        984 bytes,    3975544 total
[2020-10-06T06:35:20.865+0000][36436][gc,age       ] GC(254) - age   6:        848 bytes,    3976392 total
[2020-10-06T06:35:20.865+0000][36436][gc,age       ] GC(254) - age   7:       2016 bytes,    3978408 total
[2020-10-06T06:35:20.865+0000][36436][gc,age       ] GC(254) - age   8:      21272 bytes,    3999680 total
[2020-10-06T06:35:20.865+0000][36436][gc,age       ] GC(254) - age   9:      30088 bytes,    4029768 total
[2020-10-06T06:35:20.865+0000][36436][gc,age       ] GC(254) - age  10:       1008 bytes,    4030776 total
[2020-10-06T06:35:20.865+0000][36436][gc,age       ] GC(254) - age  11:      62200 bytes,    4092976 total
[2020-10-06T06:35:20.865+0000][36436][gc,age       ] GC(254) - age  12:       3040 bytes,    4096016 total
[2020-10-06T06:35:20.865+0000][36436][gc,age       ] GC(254) - age  13:      61264 bytes,    4157280 total
[2020-10-06T06:35:20.865+0000][36436][gc,age       ] GC(254) - age  14:       1720 bytes,    4159000 total
[2020-10-06T06:35:20.865+0000][36436][gc,age       ] GC(254) - age  15:        544 bytes,    4159544 total
[2020-10-06T06:35:20.866+0000][36436][gc,phases    ] GC(254)   Pre Evacuate Collection Set: 0.6ms
[2020-10-06T06:35:20.866+0000][36436][gc,phases    ] GC(254)   Merge Heap Roots: 0.1ms
[2020-10-06T06:35:20.866+0000][36436][gc,phases    ] GC(254)   Evacuate Collection Set: 3.2ms
[2020-10-06T06:35:20.866+0000][36436][gc,phases    ] GC(254)   Post Evacuate Collection Set: 1.5ms
[2020-10-06T06:35:20.866+0000][36436][gc,phases    ] GC(254)   Other: 1.2ms
[2020-10-06T06:35:20.866+0000][36436][gc,heap      ] GC(254) Eden regions: 173->0(488)
[2020-10-06T06:35:20.866+0000][36436][gc,heap      ] GC(254) Survivor regions: 15->5(62)
[2020-10-06T06:35:20.866+0000][36436][gc,heap      ] GC(254) Old regions: 78->78
[2020-10-06T06:35:20.866+0000][36436][gc,heap      ] GC(254) Archive regions: 0->0
[2020-10-06T06:35:20.866+0000][36436][gc,heap      ] GC(254) Humongous regions: 686->174
[2020-10-06T06:35:20.866+0000][36436][gc,metaspace ] GC(254) Metaspace: 88243K(94332K)->88243K(94332K) NonClass: 77111K(80764K)->77111K(80764K) Class: 11132K(13568K)->11132K(13568K)
[2020-10-06T06:35:20.866+0000][36436][gc           ] GC(254) Pause Young (Concurrent Start) (G1 Humongous Allocation) 949M->256M(1024M) 7.117ms
[2020-10-06T06:35:20.866+0000][36436][gc,cpu       ] GC(254) User=0.03s Sys=0.00s Real=0.01s
[2020-10-06T06:35:20.866+0000][36436][gc           ] GC(255) Concurrent Cycle
[2020-10-06T06:35:20.866+0000][36436][safepoint    ] Safepoint "G1TryInitiateConcMark", Time since last: 72516000 ns, Reaching safepoint: 178400 ns, At safepoint: 7367700 ns, Total: 7546100 ns
[2020-10-06T06:35:20.866+0000][36436][gc,marking   ] GC(255) Concurrent Clear Claimed Marks
[2020-10-06T06:35:20.867+0000][36436][gc,marking   ] GC(255) Concurrent Clear Claimed Marks 0.482ms
[2020-10-06T06:35:20.867+0000][36436][gc,marking   ] GC(255) Concurrent Scan Root Regions
[2020-10-06T06:35:20.870+0000][36436][gc,marking   ] GC(255) Concurrent Scan Root Regions 3.426ms
[2020-10-06T06:35:20.871+0000][36436][gc,marking   ] GC(255) Concurrent Mark (8991.069s)
[2020-10-06T06:35:20.871+0000][36436][gc,marking   ] GC(255) Concurrent Mark From Roots
[2020-10-06T06:35:20.871+0000][36436][gc,task      ] GC(255) Using 2 workers of 2 for marking
[2020-10-06T06:35:21.040+0000][36436][gc,marking   ] GC(255) Concurrent Mark From Roots 170.119ms
[2020-10-06T06:35:21.040+0000][36436][gc,marking   ] GC(255) Concurrent Preclean
[2020-10-06T06:35:21.042+0000][36436][gc,marking   ] GC(255) Concurrent Preclean 1.243ms
[2020-10-06T06:35:21.042+0000][36436][gc,marking   ] GC(255) Concurrent Mark (8991.069s, 8991.241s) 171.776ms
[2020-10-06T06:35:21.042+0000][36436][gc,start     ] GC(255) Pause Remark
[2020-10-06T06:35:21.050+0000][36436][gc           ] GC(255) Pause Remark 458M->458M(1024M) 7.581ms
[2020-10-06T06:35:21.050+0000][36436][gc,cpu       ] GC(255) User=0.00s Sys=0.00s Real=0.01s
[2020-10-06T06:35:21.050+0000][36436][safepoint    ] Safepoint "G1Concurrent", Time since last: 176126000 ns, Reaching safepoint: 174600 ns, At safepoint: 7843400 ns, Total: 8018000 ns
[2020-10-06T06:35:21.050+0000][36436][gc,marking   ] GC(255) Concurrent Rebuild Remembered Sets
[2020-10-06T06:35:21.163+0000][36436][gc,marking   ] GC(255) Concurrent Rebuild Remembered Sets 112.206ms
[2020-10-06T06:35:21.163+0000][36436][gc,start     ] GC(255) Pause Cleanup
[2020-10-06T06:35:21.163+0000][36436][gc           ] GC(255) Pause Cleanup 532M->532M(1024M) 0.355ms
[2020-10-06T06:35:21.164+0000][36436][gc,cpu       ] GC(255) User=0.00s Sys=0.00s Real=0.00s
[2020-10-06T06:35:21.164+0000][36436][safepoint    ] Safepoint "G1Concurrent", Time since last: 112411600 ns, Reaching safepoint: 175300 ns, At safepoint: 629400 ns, Total: 804700 ns
[2020-10-06T06:35:21.164+0000][36436][gc,marking   ] GC(255) Concurrent Cleanup for Next Mark
[2020-10-06T06:35:21.166+0000][36436][gc,marking   ] GC(255) Concurrent Cleanup for Next Mark 1.838ms
[2020-10-06T06:35:21.166+0000][36436][gc           ] GC(255) Concurrent Cycle 299.452ms
[2020-10-06T06:35:21.212+0000][36436][gc,start     ] GC(256) Pause Young (Concurrent Start) (G1 Humongous Allocation)
[2020-10-06T06:35:21.213+0000][36436][gc,task      ] GC(256) Using 8 workers of 8 for evacuation
[2020-10-06T06:35:21.213+0000][36436][gc,age       ] GC(256) Desired survivor size 32505856 bytes, new threshold 15 (max threshold 15)
[2020-10-06T06:35:21.217+0000][36436][gc,age       ] GC(256) Age table with threshold 15 (max threshold 15)
[2020-10-06T06:35:21.217+0000][36436][gc,age       ] GC(256) - age   1:    3622088 bytes,    3622088 total
[2020-10-06T06:35:21.218+0000][36436][gc,age       ] GC(256) - age   2:     207176 bytes,    3829264 total
[2020-10-06T06:35:21.218+0000][36436][gc,age       ] GC(256) - age   3:      11832 bytes,    3841096 total
[2020-10-06T06:35:21.218+0000][36436][gc,age       ] GC(256) - age   4:        688 bytes,    3841784 total
[2020-10-06T06:35:21.218+0000][36436][gc,age       ] GC(256) - age   5:      22888 bytes,    3864672 total
[2020-10-06T06:35:21.218+0000][36436][gc,age       ] GC(256) - age   6:        952 bytes,    3865624 total
[2020-10-06T06:35:21.218+0000][36436][gc,age       ] GC(256) - age   7:        848 bytes,    3866472 total
[2020-10-06T06:35:21.218+0000][36436][gc,age       ] GC(256) - age   8:       2016 bytes,    3868488 total
[2020-10-06T06:35:21.218+0000][36436][gc,age       ] GC(256) - age   9:      21208 bytes,    3889696 total
[2020-10-06T06:35:21.218+0000][36436][gc,age       ] GC(256) - age  10:      29960 bytes,    3919656 total
[2020-10-06T06:35:21.218+0000][36436][gc,age       ] GC(256) - age  11:       1008 bytes,    3920664 total
[2020-10-06T06:35:21.218+0000][36436][gc,age       ] GC(256) - age  12:      62200 bytes,    3982864 total
[2020-10-06T06:35:21.218+0000][36436][gc,age       ] GC(256) - age  13:       3040 bytes,    3985904 total
[2020-10-06T06:35:21.218+0000][36436][gc,age       ] GC(256) - age  14:      61264 bytes,    4047168 total
[2020-10-06T06:35:21.218+0000][36436][gc,age       ] GC(256) - age  15:       1688 bytes,    4048856 total
[2020-10-06T06:35:21.218+0000][36436][gc,phases    ] GC(256)   Pre Evacuate Collection Set: 0.7ms
[2020-10-06T06:35:21.218+0000][36436][gc,phases    ] GC(256)   Merge Heap Roots: 0.1ms
[2020-10-06T06:35:21.218+0000][36436][gc,phases    ] GC(256)   Evacuate Collection Set: 2.6ms
[2020-10-06T06:35:21.218+0000][36436][gc,phases    ] GC(256)   Post Evacuate Collection Set: 1.0ms
[2020-10-06T06:35:21.218+0000][36436][gc,phases    ] GC(256)   Other: 1.3ms
[2020-10-06T06:35:21.218+0000][36436][gc,heap      ] GC(256) Eden regions: 79->0(491)
[2020-10-06T06:35:21.218+0000][36436][gc,heap      ] GC(256) Survivor regions: 5->5(62)
[2020-10-06T06:35:21.218+0000][36436][gc,heap      ] GC(256) Old regions: 78->78
[2020-10-06T06:35:21.218+0000][36436][gc,heap      ] GC(256) Archive regions: 0->0
[2020-10-06T06:35:21.218+0000][36436][gc,heap      ] GC(256) Humongous regions: 382->174
[2020-10-06T06:35:21.219+0000][36436][gc,metaspace ] GC(256) Metaspace: 88265K(94332K)->88265K(94332K) NonClass: 77133K(80764K)->77133K(80764K) Class: 11132K(13568K)->11132K(13568K)
[2020-10-06T06:35:21.219+0000][36436][gc           ] GC(256) Pause Young (Concurrent Start) (G1 Humongous Allocation) 543M->255M(1024M) 6.181ms
[2020-10-06T06:35:21.219+0000][36436][gc,cpu       ] GC(256) User=0.00s Sys=0.00s Real=0.01s
[2020-10-06T06:35:21.219+0000][36436][gc           ] GC(257) Concurrent Cycle
[2020-10-06T06:35:21.219+0000][36436][safepoint    ] Safepoint "G1TryInitiateConcMark", Time since last: 47719000 ns, Reaching safepoint: 935300 ns, At safepoint: 6464500 ns, Total: 7399800 ns
[2020-10-06T06:35:21.219+0000][36436][gc,marking   ] GC(257) Concurrent Clear Claimed Marks
[2020-10-06T06:35:21.219+0000][36436][gc,marking   ] GC(257) Concurrent Clear Claimed Marks 0.592ms
[2020-10-06T06:35:21.220+0000][36436][gc,marking   ] GC(257) Concurrent Scan Root Regions
[2020-10-06T06:35:21.222+0000][36436][gc,marking   ] GC(257) Concurrent Scan Root Regions 2.918ms
[2020-10-06T06:35:21.223+0000][36436][gc,marking   ] GC(257) Concurrent Mark (8991.421s)
[2020-10-06T06:35:21.223+0000][36436][gc,marking   ] GC(257) Concurrent Mark From Roots
[2020-10-06T06:35:21.223+0000][36436][gc,task      ] GC(257) Using 2 workers of 2 for marking
[2020-10-06T06:35:21.416+0000][36436][gc,marking   ] GC(257) Concurrent Mark From Roots 193.473ms
[2020-10-06T06:35:21.416+0000][36436][gc,marking   ] GC(257) Concurrent Preclean
[2020-10-06T06:35:21.417+0000][36436][gc,marking   ] GC(257) Concurrent Preclean 0.770ms
[2020-10-06T06:35:21.417+0000][36436][gc,marking   ] GC(257) Concurrent Mark (8991.421s, 8991.616s) 194.505ms
[2020-10-06T06:35:21.417+0000][36436][gc,start     ] GC(257) Pause Remark
[2020-10-06T06:35:21.424+0000][36436][gc           ] GC(257) Pause Remark 387M->387M(1024M) 6.995ms
[2020-10-06T06:35:21.425+0000][36436][gc,cpu       ] GC(257) User=0.00s Sys=0.00s Real=0.01s
[2020-10-06T06:35:21.425+0000][36436][safepoint    ] Safepoint "G1Concurrent", Time since last: 198436000 ns, Reaching safepoint: 174100 ns, At safepoint: 7317700 ns, Total: 7491800 ns
[2020-10-06T06:35:21.425+0000][36436][gc,marking   ] GC(257) Concurrent Rebuild Remembered Sets
[2020-10-06T06:35:21.521+0000][36436][gc,marking   ] GC(257) Concurrent Rebuild Remembered Sets 95.861ms
[2020-10-06T06:35:21.521+0000][36436][gc,start     ] GC(257) Pause Cleanup
[2020-10-06T06:35:21.521+0000][36436][gc           ] GC(257) Pause Cleanup 457M->457M(1024M) 0.334ms
[2020-10-06T06:35:21.521+0000][36436][gc,cpu       ] GC(257) User=0.00s Sys=0.00s Real=0.00s
[2020-10-06T06:35:21.521+0000][36436][safepoint    ] Safepoint "G1Concurrent", Time since last: 96082200 ns, Reaching safepoint: 145100 ns, At safepoint: 528900 ns, Total: 674000 ns
[2020-10-06T06:35:21.521+0000][36436][gc,marking   ] GC(257) Concurrent Cleanup for Next Mark
[2020-10-06T06:35:21.524+0000][36436][gc,marking   ] GC(257) Concurrent Cleanup for Next Mark 2.089ms
[2020-10-06T06:35:21.524+0000][36436][gc           ] GC(257) Concurrent Cycle 304.969ms
[2020-10-06T06:35:21.597+0000][36436][gc,start     ] GC(258) Pause Young (Concurrent Start) (G1 Humongous Allocation)
[2020-10-06T06:35:21.597+0000][36436][gc,task      ] GC(258) Using 8 workers of 8 for evacuation
[2020-10-06T06:35:21.597+0000][36436][gc,age       ] GC(258) Desired survivor size 32505856 bytes, new threshold 15 (max threshold 15)
[2020-10-06T06:35:21.603+0000][36436][gc,age       ] GC(258) Age table with threshold 15 (max threshold 15)
[2020-10-06T06:35:21.603+0000][36436][gc,age       ] GC(258) - age   1:   13228512 bytes,   13228512 total
[2020-10-06T06:35:21.603+0000][36436][gc,age       ] GC(258) - age   2:       3400 bytes,   13231912 total
[2020-10-06T06:35:21.603+0000][36436][gc,age       ] GC(258) - age   3:       4272 bytes,   13236184 total
[2020-10-06T06:35:21.603+0000][36436][gc,age       ] GC(258) - age   4:      10824 bytes,   13247008 total
[2020-10-06T06:35:21.603+0000][36436][gc,age       ] GC(258) - age   5:        432 bytes,   13247440 total
[2020-10-06T06:35:21.603+0000][36436][gc,age       ] GC(258) - age   6:      22600 bytes,   13270040 total
[2020-10-06T06:35:21.603+0000][36436][gc,age       ] GC(258) - age   7:        888 bytes,   13270928 total
[2020-10-06T06:35:21.603+0000][36436][gc,age       ] GC(258) - age   8:        776 bytes,   13271704 total
[2020-10-06T06:35:21.603+0000][36436][gc,age       ] GC(258) - age   9:       1952 bytes,   13273656 total
[2020-10-06T06:35:21.603+0000][36436][gc,age       ] GC(258) - age  10:      21176 bytes,   13294832 total
[2020-10-06T06:35:21.603+0000][36436][gc,age       ] GC(258) - age  11:      29896 bytes,   13324728 total
[2020-10-06T06:35:21.603+0000][36436][gc,age       ] GC(258) - age  12:       1008 bytes,   13325736 total
[2020-10-06T06:35:21.603+0000][36436][gc,age       ] GC(258) - age  13:      62200 bytes,   13387936 total
[2020-10-06T06:35:21.603+0000][36436][gc,age       ] GC(258) - age  14:       2944 bytes,   13390880 total
[2020-10-06T06:35:21.603+0000][36436][gc,age       ] GC(258) - age  15:      61264 bytes,   13452144 total
[2020-10-06T06:35:21.603+0000][36436][gc,phases    ] GC(258)   Pre Evacuate Collection Set: 0.5ms
[2020-10-06T06:35:21.604+0000][36436][gc,phases    ] GC(258)   Merge Heap Roots: 0.1ms
[2020-10-06T06:35:21.604+0000][36436][gc,phases    ] GC(258)   Evacuate Collection Set: 3.8ms
[2020-10-06T06:35:21.604+0000][36436][gc,phases    ] GC(258)   Post Evacuate Collection Set: 0.9ms
[2020-10-06T06:35:21.604+0000][36436][gc,phases    ] GC(258)   Other: 1.0ms
[2020-10-06T06:35:21.604+0000][36436][gc,heap      ] GC(258) Eden regions: 84->0(476)
[2020-10-06T06:35:21.604+0000][36436][gc,heap      ] GC(258) Survivor regions: 5->14(62)
[2020-10-06T06:35:21.604+0000][36436][gc,heap      ] GC(258) Old regions: 78->78
[2020-10-06T06:35:21.604+0000][36436][gc,heap      ] GC(258) Archive regions: 0->0
[2020-10-06T06:35:21.604+0000][36436][gc,heap      ] GC(258) Humongous regions: 318->174
[2020-10-06T06:35:21.604+0000][36436][gc,metaspace ] GC(258) Metaspace: 88276K(94332K)->88276K(94332K) NonClass: 77144K(80764K)->77144K(80764K) Class: 11132K(13568K)->11132K(13568K)
[2020-10-06T06:35:21.604+0000][36436][gc           ] GC(258) Pause Young (Concurrent Start) (G1 Humongous Allocation) 482M->264M(1024M) 6.780ms
[2020-10-06T06:35:21.604+0000][36436][gc,cpu       ] GC(258) User=0.11s Sys=0.00s Real=0.01s
[2020-10-06T06:35:21.604+0000][36436][gc           ] GC(259) Concurrent Cycle
[2020-10-06T06:35:21.604+0000][36436][safepoint    ] Safepoint "G1TryInitiateConcMark", Time since last: 75386800 ns, Reaching safepoint: 211800 ns, At safepoint: 6991700 ns, Total: 7203500 ns
[2020-10-06T06:35:21.604+0000][36436][gc,marking   ] GC(259) Concurrent Clear Claimed Marks
[2020-10-06T06:35:21.605+0000][36436][gc,marking   ] GC(259) Concurrent Clear Claimed Marks 0.513ms
[2020-10-06T06:35:21.605+0000][36436][gc,marking   ] GC(259) Concurrent Scan Root Regions
[2020-10-06T06:35:21.608+0000][36436][gc,marking   ] GC(259) Concurrent Scan Root Regions 3.498ms
[2020-10-06T06:35:21.608+0000][36436][gc,marking   ] GC(259) Concurrent Mark (8991.807s)
[2020-10-06T06:35:21.608+0000][36436][gc,marking   ] GC(259) Concurrent Mark From Roots
[2020-10-06T06:35:21.608+0000][36436][gc,task      ] GC(259) Using 2 workers of 2 for marking
[2020-10-06T06:35:21.739+0000][36436][gc,marking   ] GC(259) Concurrent Mark From Roots 131.262ms
[2020-10-06T06:35:21.739+0000][36436][gc,marking   ] GC(259) Concurrent Preclean
[2020-10-06T06:35:21.740+0000][36436][gc,marking   ] GC(259) Concurrent Preclean 0.882ms
[2020-10-06T06:35:21.740+0000][36436][gc,marking   ] GC(259) Concurrent Mark (8991.807s, 8991.939s) 132.377ms
[2020-10-06T06:35:21.741+0000][36436][gc,start     ] GC(259) Pause Remark
[2020-10-06T06:35:21.748+0000][36436][gc           ] GC(259) Pause Remark 657M->657M(1024M) 7.061ms
[2020-10-06T06:35:21.748+0000][36436][gc,cpu       ] GC(259) User=0.00s Sys=0.00s Real=0.01s
[2020-10-06T06:35:21.748+0000][36436][safepoint    ] Safepoint "G1Concurrent", Time since last: 136780900 ns, Reaching safepoint: 247300 ns, At safepoint: 7321800 ns, Total: 7569100 ns
[2020-10-06T06:35:21.748+0000][36436][gc,marking   ] GC(259) Concurrent Rebuild Remembered Sets
[2020-10-06T06:35:21.832+0000][36436][gc,marking   ] GC(259) Concurrent Rebuild Remembered Sets 83.506ms
[2020-10-06T06:35:21.832+0000][36436][gc,start     ] GC(259) Pause Cleanup
[2020-10-06T06:35:21.833+0000][36436][gc           ] GC(259) Pause Cleanup 771M->771M(1024M) 0.398ms
[2020-10-06T06:35:21.833+0000][36436][gc,cpu       ] GC(259) User=0.03s Sys=0.00s Real=0.00s
[2020-10-06T06:35:21.833+0000][36436][safepoint    ] Safepoint "G1Concurrent", Time since last: 83782600 ns, Reaching safepoint: 225100 ns, At safepoint: 633900 ns, Total: 859000 ns
[2020-10-06T06:35:21.833+0000][36436][gc,marking   ] GC(259) Concurrent Cleanup for Next Mark
[2020-10-06T06:35:21.835+0000][36436][gc,marking   ] GC(259) Concurrent Cleanup for Next Mark 1.967ms
[2020-10-06T06:35:21.835+0000][36436][gc           ] GC(259) Concurrent Cycle 231.222ms
[2020-10-06T06:35:21.835+0000][36436][gc,start     ] GC(260) Pause Young (Concurrent Start) (G1 Humongous Allocation)
[2020-10-06T06:35:21.835+0000][36436][gc,task      ] GC(260) Using 8 workers of 8 for evacuation
[2020-10-06T06:35:21.836+0000][36436][gc,age       ] GC(260) Desired survivor size 32505856 bytes, new threshold 15 (max threshold 15)
[2020-10-06T06:35:21.840+0000][36436][gc,age       ] GC(260) Age table with threshold 15 (max threshold 15)
[2020-10-06T06:35:21.840+0000][36436][gc,age       ] GC(260) - age   1:    2534224 bytes,    2534224 total
[2020-10-06T06:35:21.840+0000][36436][gc,age       ] GC(260) - age   2:      31624 bytes,    2565848 total
[2020-10-06T06:35:21.840+0000][36436][gc,age       ] GC(260) - age   3:       2400 bytes,    2568248 total
[2020-10-06T06:35:21.840+0000][36436][gc,age       ] GC(260) - age   4:       2352 bytes,    2570600 total
[2020-10-06T06:35:21.840+0000][36436][gc,age       ] GC(260) - age   5:      10664 bytes,    2581264 total
[2020-10-06T06:35:21.840+0000][36436][gc,age       ] GC(260) - age   6:        432 bytes,    2581696 total
[2020-10-06T06:35:21.840+0000][36436][gc,age       ] GC(260) - age   7:      22536 bytes,    2604232 total
[2020-10-06T06:35:21.840+0000][36436][gc,age       ] GC(260) - age   8:        728 bytes,    2604960 total
[2020-10-06T06:35:21.840+0000][36436][gc,age       ] GC(260) - age   9:        744 bytes,    2605704 total
[2020-10-06T06:35:21.840+0000][36436][gc,age       ] GC(260) - age  10:       1920 bytes,    2607624 total
[2020-10-06T06:35:21.840+0000][36436][gc,age       ] GC(260) - age  11:      21112 bytes,    2628736 total
[2020-10-06T06:35:21.840+0000][36436][gc,age       ] GC(260) - age  12:      29896 bytes,    2658632 total
[2020-10-06T06:35:21.840+0000][36436][gc,age       ] GC(260) - age  13:        976 bytes,    2659608 total
[2020-10-06T06:35:21.840+0000][36436][gc,age       ] GC(260) - age  14:      62200 bytes,    2721808 total
[2020-10-06T06:35:21.840+0000][36436][gc,age       ] GC(260) - age  15:       2944 bytes,    2724752 total
[2020-10-06T06:35:21.840+0000][36436][gc,phases    ] GC(260)   Pre Evacuate Collection Set: 0.4ms
[2020-10-06T06:35:21.841+0000][36436][gc,phases    ] GC(260)   Merge Heap Roots: 0.1ms
[2020-10-06T06:35:21.841+0000][36436][gc,phases    ] GC(260)   Evacuate Collection Set: 2.3ms
[2020-10-06T06:35:21.841+0000][36436][gc,phases    ] GC(260)   Post Evacuate Collection Set: 1.1ms
[2020-10-06T06:35:21.841+0000][36436][gc,phases    ] GC(260)   Other: 1.2ms
[2020-10-06T06:35:21.841+0000][36436][gc,heap      ] GC(260) Eden regions: 125->0(490)
[2020-10-06T06:35:21.841+0000][36436][gc,heap      ] GC(260) Survivor regions: 14->4(62)
[2020-10-06T06:35:21.841+0000][36436][gc,heap      ] GC(260) Old regions: 78->78
[2020-10-06T06:35:21.841+0000][36436][gc,heap      ] GC(260) Archive regions: 0->0
[2020-10-06T06:35:21.841+0000][36436][gc,heap      ] GC(260) Humongous regions: 566->174
[2020-10-06T06:35:21.841+0000][36436][gc,metaspace ] GC(260) Metaspace: 88276K(94332K)->88276K(94332K) NonClass: 77144K(80764K)->77144K(80764K) Class: 11132K(13568K)->11132K(13568K)
[2020-10-06T06:35:21.841+0000][36436][gc           ] GC(260) Pause Young (Concurrent Start) (G1 Humongous Allocation) 781M->254M(1024M) 5.646ms
[2020-10-06T06:35:21.841+0000][36436][gc,cpu       ] GC(260) User=0.00s Sys=0.00s Real=0.01s
[2020-10-06T06:35:21.841+0000][36436][gc           ] GC(261) Concurrent Cycle
[2020-10-06T06:35:21.841+0000][36436][safepoint    ] Safepoint "G1TryInitiateConcMark", Time since last: 2260200 ns, Reaching safepoint: 156200 ns, At safepoint: 5900400 ns, Total: 6056600 ns
[2020-10-06T06:35:21.841+0000][36436][gc,marking   ] GC(261) Concurrent Clear Claimed Marks
[2020-10-06T06:35:21.842+0000][36436][gc,marking   ] GC(261) Concurrent Clear Claimed Marks 0.664ms
[2020-10-06T06:35:21.842+0000][36436][gc,marking   ] GC(261) Concurrent Scan Root Regions
[2020-10-06T06:35:21.845+0000][36436][gc,marking   ] GC(261) Concurrent Scan Root Regions 3.196ms
[2020-10-06T06:35:21.845+0000][36436][gc,marking   ] GC(261) Concurrent Mark (8992.044s)
[2020-10-06T06:35:21.845+0000][36436][gc,marking   ] GC(261) Concurrent Mark From Roots
[2020-10-06T06:35:21.846+0000][36436][gc,task      ] GC(261) Using 2 workers of 2 for marking
[2020-10-06T06:35:21.974+0000][36436][gc,marking   ] GC(261) Concurrent Mark From Roots 128.662ms
[2020-10-06T06:35:21.974+0000][36436][gc,marking   ] GC(261) Concurrent Preclean
[2020-10-06T06:35:21.975+0000][36436][gc,marking   ] GC(261) Concurrent Preclean 1.004ms
[2020-10-06T06:35:21.975+0000][36436][gc,marking   ] GC(261) Concurrent Mark (8992.044s, 8992.174s) 129.922ms
[2020-10-06T06:35:21.976+0000][36436][gc,start     ] GC(261) Pause Remark
[2020-10-06T06:35:21.983+0000][36436][gc           ] GC(261) Pause Remark 412M->412M(1024M) 7.966ms
[2020-10-06T06:35:21.983+0000][36436][gc,cpu       ] GC(261) User=0.00s Sys=0.00s Real=0.01s
[2020-10-06T06:35:21.984+0000][36436][safepoint    ] Safepoint "G1Concurrent", Time since last: 134180600 ns, Reaching safepoint: 200100 ns, At safepoint: 8179800 ns, Total: 8379900 ns
[2020-10-06T06:35:21.984+0000][36436][gc,marking   ] GC(261) Concurrent Rebuild Remembered Sets
[2020-10-06T06:35:22.084+0000][36436][gc,marking   ] GC(261) Concurrent Rebuild Remembered Sets 99.983ms
[2020-10-06T06:35:22.084+0000][36436][gc,start     ] GC(261) Pause Cleanup
[2020-10-06T06:35:22.085+0000][36436][gc           ] GC(261) Pause Cleanup 486M->486M(1024M) 0.378ms
[2020-10-06T06:35:22.085+0000][36436][gc,cpu       ] GC(261) User=0.00s Sys=0.00s Real=0.00s
[2020-10-06T06:35:22.085+0000][36436][safepoint    ] Safepoint "G1Concurrent", Time since last: 100162900 ns, Reaching safepoint: 134400 ns, At safepoint: 567300 ns, Total: 701700 ns
[2020-10-06T06:35:22.085+0000][36436][gc,marking   ] GC(261) Concurrent Cleanup for Next Mark
[2020-10-06T06:35:22.087+0000][36436][gc,marking   ] GC(261) Concurrent Cleanup for Next Mark 1.794ms
[2020-10-06T06:35:22.087+0000][36436][gc           ] GC(261) Concurrent Cycle 245.397ms
[2020-10-06T06:35:22.206+0000][36436][gc,start     ] GC(262) Pause Young (Concurrent Start) (G1 Humongous Allocation)
[2020-10-06T06:35:22.206+0000][36436][gc,task      ] GC(262) Using 8 workers of 8 for evacuation
[2020-10-06T06:35:22.206+0000][36436][gc,age       ] GC(262) Desired survivor size 32505856 bytes, new threshold 15 (max threshold 15)
[2020-10-06T06:35:22.212+0000][36436][gc,age       ] GC(262) Age table with threshold 15 (max threshold 15)
[2020-10-06T06:35:22.212+0000][36436][gc,age       ] GC(262) - age   1:    2925224 bytes,    2925224 total
[2020-10-06T06:35:22.212+0000][36436][gc,age       ] GC(262) - age   2:       3928 bytes,    2929152 total
[2020-10-06T06:35:22.212+0000][36436][gc,age       ] GC(262) - age   3:      28008 bytes,    2957160 total
[2020-10-06T06:35:22.212+0000][36436][gc,age       ] GC(262) - age   4:       1688 bytes,    2958848 total
[2020-10-06T06:35:22.212+0000][36436][gc,age       ] GC(262) - age   5:       2096 bytes,    2960944 total
[2020-10-06T06:35:22.212+0000][36436][gc,age       ] GC(262) - age   6:      10632 bytes,    2971576 total
[2020-10-06T06:35:22.212+0000][36436][gc,age       ] GC(262) - age   7:        432 bytes,    2972008 total
[2020-10-06T06:35:22.212+0000][36436][gc,age       ] GC(262) - age   8:      22536 bytes,    2994544 total
[2020-10-06T06:35:22.212+0000][36436][gc,age       ] GC(262) - age   9:        664 bytes,    2995208 total
[2020-10-06T06:35:22.212+0000][36436][gc,age       ] GC(262) - age  10:        616 bytes,    2995824 total
[2020-10-06T06:35:22.212+0000][36436][gc,age       ] GC(262) - age  11:       1920 bytes,    2997744 total
[2020-10-06T06:35:22.212+0000][36436][gc,age       ] GC(262) - age  12:      21048 bytes,    3018792 total
[2020-10-06T06:35:22.213+0000][36436][gc,age       ] GC(262) - age  13:      29896 bytes,    3048688 total
[2020-10-06T06:35:22.213+0000][36436][gc,age       ] GC(262) - age  14:        976 bytes,    3049664 total
[2020-10-06T06:35:22.213+0000][36436][gc,age       ] GC(262) - age  15:      62200 bytes,    3111864 total
[2020-10-06T06:35:22.213+0000][36436][gc,phases    ] GC(262)   Pre Evacuate Collection Set: 0.5ms
[2020-10-06T06:35:22.213+0000][36436][gc,phases    ] GC(262)   Merge Heap Roots: 0.1ms
[2020-10-06T06:35:22.213+0000][36436][gc,phases    ] GC(262)   Evacuate Collection Set: 3.9ms
[2020-10-06T06:35:22.213+0000][36436][gc,phases    ] GC(262)   Post Evacuate Collection Set: 0.9ms
[2020-10-06T06:35:22.213+0000][36436][gc,phases    ] GC(262)   Other: 1.2ms
[2020-10-06T06:35:22.213+0000][36436][gc,heap      ] GC(262) Eden regions: 89->0(493)
[2020-10-06T06:35:22.213+0000][36436][gc,heap      ] GC(262) Survivor regions: 4->4(62)
[2020-10-06T06:35:22.213+0000][36436][gc,heap      ] GC(262) Old regions: 78->78
[2020-10-06T06:35:22.213+0000][36436][gc,heap      ] GC(262) Archive regions: 0->0
[2020-10-06T06:35:22.213+0000][36436][gc,heap      ] GC(262) Humongous regions: 330->174
[2020-10-06T06:35:22.213+0000][36436][gc,metaspace ] GC(262) Metaspace: 88406K(94332K)->88406K(94332K) NonClass: 77253K(80764K)->77253K(80764K) Class: 11153K(13568K)->11153K(13568K)
[2020-10-06T06:35:22.213+0000][36436][gc           ] GC(262) Pause Young (Concurrent Start) (G1 Humongous Allocation) 499M->254M(1024M) 7.244ms
[2020-10-06T06:35:22.213+0000][36436][gc,cpu       ] GC(262) User=0.08s Sys=0.00s Real=0.01s
[2020-10-06T06:35:22.213+0000][36436][gc           ] GC(263) Concurrent Cycle
[2020-10-06T06:35:22.214+0000][36436][gc,marking   ] GC(263) Concurrent Clear Claimed Marks
[2020-10-06T06:35:22.214+0000][36436][safepoint    ] Safepoint "G1TryInitiateConcMark", Time since last: 120767900 ns, Reaching safepoint: 221600 ns, At safepoint: 7543400 ns, Total: 7765000 ns
[2020-10-06T06:35:22.214+0000][36436][gc,marking   ] GC(263) Concurrent Clear Claimed Marks 0.412ms
[2020-10-06T06:35:22.214+0000][36436][gc,marking   ] GC(263) Concurrent Scan Root Regions
[2020-10-06T06:35:22.220+0000][36436][gc,marking   ] GC(263) Concurrent Scan Root Regions 5.696ms
[2020-10-06T06:35:22.220+0000][36436][gc,marking   ] GC(263) Concurrent Mark (8992.418s)
[2020-10-06T06:35:22.220+0000][36436][gc,marking   ] GC(263) Concurrent Mark From Roots
[2020-10-06T06:35:22.220+0000][36436][gc,task      ] GC(263) Using 2 workers of 2 for marking
[2020-10-06T06:35:22.408+0000][36436][gc,marking   ] GC(263) Concurrent Mark From Roots 188.358ms
[2020-10-06T06:35:22.408+0000][36436][gc,marking   ] GC(263) Concurrent Preclean
[2020-10-06T06:35:22.409+0000][36436][gc,marking   ] GC(263) Concurrent Preclean 0.884ms
[2020-10-06T06:35:22.409+0000][36436][gc,marking   ] GC(263) Concurrent Mark (8992.418s, 8992.608s) 189.471ms
[2020-10-06T06:35:22.410+0000][36436][gc,start     ] GC(263) Pause Remark
[2020-10-06T06:35:22.417+0000][36436][gc           ] GC(263) Pause Remark 578M->578M(1024M) 7.197ms
[2020-10-06T06:35:22.417+0000][36436][gc,cpu       ] GC(263) User=0.06s Sys=0.00s Real=0.01s
[2020-10-06T06:35:22.417+0000][36436][safepoint    ] Safepoint "G1Concurrent", Time since last: 195810100 ns, Reaching safepoint: 195800 ns, At safepoint: 7676600 ns, Total: 7872400 ns
[2020-10-06T06:35:22.417+0000][36436][gc,marking   ] GC(263) Concurrent Rebuild Remembered Sets
[2020-10-06T06:35:22.526+0000][36436][gc,marking   ] GC(263) Concurrent Rebuild Remembered Sets 109.347ms
[2020-10-06T06:35:22.526+0000][36436][gc,start     ] GC(263) Pause Cleanup
[2020-10-06T06:35:22.527+0000][36436][gc           ] GC(263) Pause Cleanup 667M->667M(1024M) 0.415ms
[2020-10-06T06:35:22.527+0000][36436][gc,cpu       ] GC(263) User=0.00s Sys=0.00s Real=0.00s
[2020-10-06T06:35:22.527+0000][36436][safepoint    ] Safepoint "G1Concurrent", Time since last: 109595600 ns, Reaching safepoint: 150100 ns, At safepoint: 1090600 ns, Total: 1240700 ns
[2020-10-06T06:35:22.528+0000][36436][gc,marking   ] GC(263) Concurrent Cleanup for Next Mark
[2020-10-06T06:35:22.530+0000][36436][gc,marking   ] GC(263) Concurrent Cleanup for Next Mark 1.964ms
[2020-10-06T06:35:22.530+0000][36436][gc           ] GC(263) Concurrent Cycle 316.877ms
[2020-10-06T06:35:22.554+0000][36436][gc,start     ] GC(264) Pause Young (Concurrent Start) (G1 Humongous Allocation)
[2020-10-06T06:35:22.554+0000][36436][gc,task      ] GC(264) Using 8 workers of 8 for evacuation
[2020-10-06T06:35:22.554+0000][36436][gc,age       ] GC(264) Desired survivor size 33030144 bytes, new threshold 15 (max threshold 15)
[2020-10-06T06:35:22.559+0000][36436][gc,age       ] GC(264) Age table with threshold 15 (max threshold 15)
[2020-10-06T06:35:22.559+0000][36436][gc,age       ] GC(264) - age   1:    2622984 bytes,    2622984 total
[2020-10-06T06:35:22.559+0000][36436][gc,age       ] GC(264) - age   2:      81984 bytes,    2704968 total
[2020-10-06T06:35:22.559+0000][36436][gc,age       ] GC(264) - age   3:       2816 bytes,    2707784 total
[2020-10-06T06:35:22.559+0000][36436][gc,age       ] GC(264) - age   4:      27320 bytes,    2735104 total
[2020-10-06T06:35:22.559+0000][36436][gc,age       ] GC(264) - age   5:       1688 bytes,    2736792 total
[2020-10-06T06:35:22.559+0000][36436][gc,age       ] GC(264) - age   6:       2032 bytes,    2738824 total
[2020-10-06T06:35:22.559+0000][36436][gc,age       ] GC(264) - age   7:      10600 bytes,    2749424 total
[2020-10-06T06:35:22.559+0000][36436][gc,age       ] GC(264) - age   8:        432 bytes,    2749856 total
[2020-10-06T06:35:22.559+0000][36436][gc,age       ] GC(264) - age   9:      22504 bytes,    2772360 total
[2020-10-06T06:35:22.559+0000][36436][gc,age       ] GC(264) - age  10:        632 bytes,    2772992 total
[2020-10-06T06:35:22.559+0000][36436][gc,age       ] GC(264) - age  11:        584 bytes,    2773576 total
[2020-10-06T06:35:22.559+0000][36436][gc,age       ] GC(264) - age  12:       1856 bytes,    2775432 total
[2020-10-06T06:35:22.559+0000][36436][gc,age       ] GC(264) - age  13:      21048 bytes,    2796480 total
[2020-10-06T06:35:22.559+0000][36436][gc,age       ] GC(264) - age  14:      29896 bytes,    2826376 total
[2020-10-06T06:35:22.559+0000][36436][gc,age       ] GC(264) - age  15:        976 bytes,    2827352 total
[2020-10-06T06:35:22.559+0000][36436][gc,phases    ] GC(264)   Pre Evacuate Collection Set: 0.4ms
[2020-10-06T06:35:22.559+0000][36436][gc,phases    ] GC(264)   Merge Heap Roots: 0.1ms
[2020-10-06T06:35:22.559+0000][36436][gc,phases    ] GC(264)   Evacuate Collection Set: 2.2ms
[2020-10-06T06:35:22.559+0000][36436][gc,phases    ] GC(264)   Post Evacuate Collection Set: 1.2ms
[2020-10-06T06:35:22.559+0000][36436][gc,phases    ] GC(264)   Other: 1.0ms
[2020-10-06T06:35:22.559+0000][36436][gc,heap      ] GC(264) Eden regions: 116->0(497)
[2020-10-06T06:35:22.559+0000][36436][gc,heap      ] GC(264) Survivor regions: 4->3(63)
[2020-10-06T06:35:22.559+0000][36436][gc,heap      ] GC(264) Old regions: 78->78
[2020-10-06T06:35:22.559+0000][36436][gc,heap      ] GC(264) Archive regions: 0->0
[2020-10-06T06:35:22.559+0000][36436][gc,heap      ] GC(264) Humongous regions: 478->174
[2020-10-06T06:35:22.560+0000][36436][gc,metaspace ] GC(264) Metaspace: 88408K(94332K)->88408K(94332K) NonClass: 77254K(80764K)->77254K(80764K) Class: 11153K(13568K)->11153K(13568K)
[2020-10-06T06:35:22.560+0000][36436][gc           ] GC(264) Pause Young (Concurrent Start) (G1 Humongous Allocation) 674M->254M(1024M) 5.335ms
[2020-10-06T06:35:22.560+0000][36436][gc,cpu       ] GC(264) User=0.00s Sys=0.00s Real=0.01s
[2020-10-06T06:35:22.560+0000][36436][gc           ] GC(265) Concurrent Cycle
[2020-10-06T06:35:22.560+0000][36436][safepoint    ] Safepoint "G1TryInitiateConcMark", Time since last: 26624100 ns, Reaching safepoint: 149200 ns, At safepoint: 5588600 ns, Total: 5737800 ns
[2020-10-06T06:35:22.560+0000][36436][gc,marking   ] GC(265) Concurrent Clear Claimed Marks
[2020-10-06T06:35:22.561+0000][36436][gc,marking   ] GC(265) Concurrent Clear Claimed Marks 0.648ms
[2020-10-06T06:35:22.561+0000][36436][gc,marking   ] GC(265) Concurrent Scan Root Regions
[2020-10-06T06:35:22.563+0000][36436][gc,marking   ] GC(265) Concurrent Scan Root Regions 2.153ms
[2020-10-06T06:35:22.563+0000][36436][gc,marking   ] GC(265) Concurrent Mark (8992.762s)
[2020-10-06T06:35:22.563+0000][36436][gc,marking   ] GC(265) Concurrent Mark From Roots
[2020-10-06T06:35:22.563+0000][36436][gc,task      ] GC(265) Using 2 workers of 2 for marking
[2020-10-06T06:35:22.723+0000][36436][gc,marking   ] GC(265) Concurrent Mark From Roots 160.233ms
[2020-10-06T06:35:22.723+0000][36436][gc,marking   ] GC(265) Concurrent Preclean
[2020-10-06T06:35:22.725+0000][36436][gc,marking   ] GC(265) Concurrent Preclean 1.086ms
[2020-10-06T06:35:22.725+0000][36436][gc,marking   ] GC(265) Concurrent Mark (8992.762s, 8992.924s) 161.669ms
[2020-10-06T06:35:22.725+0000][36436][gc,start     ] GC(265) Pause Remark
[2020-10-06T06:35:22.733+0000][36436][gc           ] GC(265) Pause Remark 322M->322M(1024M) 7.842ms
[2020-10-06T06:35:22.733+0000][36436][gc,cpu       ] GC(265) User=0.00s Sys=0.00s Real=0.01s
[2020-10-06T06:35:22.734+0000][36436][safepoint    ] Safepoint "G1Concurrent", Time since last: 164975500 ns, Reaching safepoint: 238800 ns, At safepoint: 8750500 ns, Total: 8989300 ns
[2020-10-06T06:35:22.734+0000][36436][gc,marking   ] GC(265) Concurrent Rebuild Remembered Sets
[2020-10-06T06:35:22.834+0000][36436][gc,marking   ] GC(265) Concurrent Rebuild Remembered Sets 99.430ms
[2020-10-06T06:35:22.834+0000][36436][gc,start     ] GC(265) Pause Cleanup
[2020-10-06T06:35:22.835+0000][36436][gc           ] GC(265) Pause Cleanup 327M->327M(1024M) 0.447ms
[2020-10-06T06:35:22.835+0000][36436][gc,cpu       ] GC(265) User=0.00s Sys=0.00s Real=0.00s
[2020-10-06T06:35:22.835+0000][36436][safepoint    ] Safepoint "G1Concurrent", Time since last: 99887200 ns, Reaching safepoint: 177100 ns, At safepoint: 1304400 ns, Total: 1481500 ns
[2020-10-06T06:35:22.836+0000][36436][gc,marking   ] GC(265) Concurrent Cleanup for Next Mark
[2020-10-06T06:35:22.838+0000][36436][gc,marking   ] GC(265) Concurrent Cleanup for Next Mark 2.288ms
[2020-10-06T06:35:22.838+0000][36436][gc           ] GC(265) Concurrent Cycle 278.024ms
[2020-10-06T06:35:23.836+0000][36436][safepoint    ] Safepoint "Cleanup", Time since last: 1000065100 ns, Reaching safepoint: 210200 ns, At safepoint: 12300 ns, Total: 222500 ns
[2020-10-06T06:35:24.575+0000][36436][gc,start     ] GC(266) Pause Young (Concurrent Start) (G1 Humongous Allocation)
[2020-10-06T06:35:24.575+0000][36436][gc,task      ] GC(266) Using 8 workers of 8 for evacuation
[2020-10-06T06:35:24.575+0000][36436][gc,age       ] GC(266) Desired survivor size 33030144 bytes, new threshold 15 (max threshold 15)
[2020-10-06T06:35:24.579+0000][36436][gc,age       ] GC(266) Age table with threshold 15 (max threshold 15)
[2020-10-06T06:35:24.579+0000][36436][gc,age       ] GC(266) - age   1:    2682416 bytes,    2682416 total
[2020-10-06T06:35:24.579+0000][36436][gc,age       ] GC(266) - age   2:      13056 bytes,    2695472 total
[2020-10-06T06:35:24.579+0000][36436][gc,age       ] GC(266) - age   3:      80688 bytes,    2776160 total
[2020-10-06T06:35:24.579+0000][36436][gc,age       ] GC(266) - age   4:       1472 bytes,    2777632 total
[2020-10-06T06:35:24.579+0000][36436][gc,age       ] GC(266) - age   5:      26864 bytes,    2804496 total
[2020-10-06T06:35:24.579+0000][36436][gc,age       ] GC(266) - age   6:       1688 bytes,    2806184 total
[2020-10-06T06:35:24.579+0000][36436][gc,age       ] GC(266) - age   7:       2032 bytes,    2808216 total
[2020-10-06T06:35:24.579+0000][36436][gc,age       ] GC(266) - age   8:      10600 bytes,    2818816 total
[2020-10-06T06:35:24.579+0000][36436][gc,age       ] GC(266) - age   9:        400 bytes,    2819216 total
[2020-10-06T06:35:24.579+0000][36436][gc,age       ] GC(266) - age  10:      22208 bytes,    2841424 total
[2020-10-06T06:35:24.579+0000][36436][gc,age       ] GC(266) - age  11:        632 bytes,    2842056 total
[2020-10-06T06:35:24.579+0000][36436][gc,age       ] GC(266) - age  12:        520 bytes,    2842576 total
[2020-10-06T06:35:24.579+0000][36436][gc,age       ] GC(266) - age  13:       1728 bytes,    2844304 total
[2020-10-06T06:35:24.580+0000][36436][gc,age       ] GC(266) - age  14:      21048 bytes,    2865352 total
[2020-10-06T06:35:24.580+0000][36436][gc,age       ] GC(266) - age  15:      29576 bytes,    2894928 total
[2020-10-06T06:35:24.580+0000][36436][gc,phases    ] GC(266)   Pre Evacuate Collection Set: 0.5ms
[2020-10-06T06:35:24.580+0000][36436][gc,phases    ] GC(266)   Merge Heap Roots: 0.1ms
[2020-10-06T06:35:24.580+0000][36436][gc,phases    ] GC(266)   Evacuate Collection Set: 2.7ms
[2020-10-06T06:35:24.580+0000][36436][gc,phases    ] GC(266)   Post Evacuate Collection Set: 0.9ms
[2020-10-06T06:35:24.580+0000][36436][gc,phases    ] GC(266)   Other: 1.0ms
[2020-10-06T06:35:24.580+0000][36436][gc,heap      ] GC(266) Eden regions: 146->0(499)
[2020-10-06T06:35:24.580+0000][36436][gc,heap      ] GC(266) Survivor regions: 3->3(63)
[2020-10-06T06:35:24.580+0000][36436][gc,heap      ] GC(266) Old regions: 78->78
[2020-10-06T06:35:24.580+0000][36436][gc,heap      ] GC(266) Archive regions: 0->0
[2020-10-06T06:35:24.580+0000][36436][gc,heap      ] GC(266) Humongous regions: 229->174
[2020-10-06T06:35:24.580+0000][36436][gc,metaspace ] GC(266) Metaspace: 88566K(94332K)->88566K(94332K) NonClass: 77411K(80764K)->77411K(80764K) Class: 11154K(13568K)->11154K(13568K)
[2020-10-06T06:35:24.580+0000][36436][gc           ] GC(266) Pause Young (Concurrent Start) (G1 Humongous Allocation) 455M->254M(1024M) 5.446ms
[2020-10-06T06:35:24.580+0000][36436][gc,cpu       ] GC(266) User=0.00s Sys=0.00s Real=0.00s
[2020-10-06T06:35:24.580+0000][36436][gc           ] GC(267) Concurrent Cycle
[2020-10-06T06:35:24.580+0000][36436][safepoint    ] Safepoint "G1TryInitiateConcMark", Time since last: 737989700 ns, Reaching safepoint: 258000 ns, At safepoint: 5651000 ns, Total: 5909000 ns
[2020-10-06T06:35:24.580+0000][36436][gc,marking   ] GC(267) Concurrent Clear Claimed Marks
[2020-10-06T06:35:24.581+0000][36436][gc,marking   ] GC(267) Concurrent Clear Claimed Marks 0.602ms
[2020-10-06T06:35:24.581+0000][36436][gc,marking   ] GC(267) Concurrent Scan Root Regions
[2020-10-06T06:35:24.583+0000][36436][gc,marking   ] GC(267) Concurrent Scan Root Regions 2.114ms
[2020-10-06T06:35:24.583+0000][36436][gc,marking   ] GC(267) Concurrent Mark (8994.781s)
[2020-10-06T06:35:24.583+0000][36436][gc,marking   ] GC(267) Concurrent Mark From Roots
[2020-10-06T06:35:24.583+0000][36436][gc,task      ] GC(267) Using 2 workers of 2 for marking
[2020-10-06T06:35:24.733+0000][36436][gc,marking   ] GC(267) Concurrent Mark From Roots 150.275ms
[2020-10-06T06:35:24.734+0000][36436][gc,marking   ] GC(267) Concurrent Preclean
[2020-10-06T06:35:24.734+0000][36436][gc,marking   ] GC(267) Concurrent Preclean 0.888ms
[2020-10-06T06:35:24.735+0000][36436][gc,marking   ] GC(267) Concurrent Mark (8994.781s, 8994.933s) 151.408ms
[2020-10-06T06:35:24.735+0000][36436][gc,start     ] GC(267) Pause Remark
[2020-10-06T06:35:24.742+0000][36436][gc           ] GC(267) Pause Remark 401M->401M(1024M) 7.117ms
[2020-10-06T06:35:24.742+0000][36436][gc,cpu       ] GC(267) User=0.09s Sys=0.00s Real=0.01s
[2020-10-06T06:35:24.742+0000][36436][safepoint    ] Safepoint "G1Concurrent", Time since last: 154516400 ns, Reaching safepoint: 194300 ns, At safepoint: 7433900 ns, Total: 7628200 ns
[2020-10-06T06:35:24.742+0000][36436][gc,marking   ] GC(267) Concurrent Rebuild Remembered Sets
[2020-10-06T06:35:24.789+0000][36436][safepoint    ] Safepoint "BulkRevokeBias", Time since last: 45127700 ns, Reaching safepoint: 214200 ns, At safepoint: 1498500 ns, Total: 1712700 ns
[2020-10-06T06:35:24.829+0000][36436][gc,marking   ] GC(267) Concurrent Rebuild Remembered Sets 86.219ms
[2020-10-06T06:35:24.829+0000][36436][gc,start     ] GC(267) Pause Cleanup
[2020-10-06T06:35:24.829+0000][36436][gc           ] GC(267) Pause Cleanup 423M->423M(1024M) 0.336ms
[2020-10-06T06:35:24.829+0000][36436][gc,cpu       ] GC(267) User=0.00s Sys=0.00s Real=0.00s
[2020-10-06T06:35:24.829+0000][36436][safepoint    ] Safepoint "G1Concurrent", Time since last: 39590500 ns, Reaching safepoint: 137800 ns, At safepoint: 505300 ns, Total: 643100 ns
[2020-10-06T06:35:24.829+0000][36436][gc,marking   ] GC(267) Concurrent Cleanup for Next Mark
[2020-10-06T06:35:24.831+0000][36436][gc,marking   ] GC(267) Concurrent Cleanup for Next Mark 1.618ms
[2020-10-06T06:35:24.831+0000][36436][gc           ] GC(267) Concurrent Cycle 251.070ms
[2020-10-06T06:35:24.926+0000][36436][gc,start     ] GC(268) Pause Young (Concurrent Start) (G1 Humongous Allocation)
[2020-10-06T06:35:24.927+0000][36436][gc,task      ] GC(268) Using 8 workers of 8 for evacuation
[2020-10-06T06:35:24.927+0000][36436][gc,age       ] GC(268) Desired survivor size 33030144 bytes, new threshold 15 (max threshold 15)
[2020-10-06T06:35:24.931+0000][36436][gc,age       ] GC(268) Age table with threshold 15 (max threshold 15)
[2020-10-06T06:35:24.932+0000][36436][gc,age       ] GC(268) - age   1:    3306776 bytes,    3306776 total
[2020-10-06T06:35:24.932+0000][36436][gc,age       ] GC(268) - age   2:     161240 bytes,    3468016 total
[2020-10-06T06:35:24.932+0000][36436][gc,age       ] GC(268) - age   3:       9096 bytes,    3477112 total
[2020-10-06T06:35:24.932+0000][36436][gc,age       ] GC(268) - age   4:      80336 bytes,    3557448 total
[2020-10-06T06:35:24.932+0000][36436][gc,age       ] GC(268) - age   5:        960 bytes,    3558408 total
[2020-10-06T06:35:24.932+0000][36436][gc,age       ] GC(268) - age   6:      26800 bytes,    3585208 total
[2020-10-06T06:35:24.932+0000][36436][gc,age       ] GC(268) - age   7:       1624 bytes,    3586832 total
[2020-10-06T06:35:24.932+0000][36436][gc,age       ] GC(268) - age   8:       1968 bytes,    3588800 total
[2020-10-06T06:35:24.932+0000][36436][gc,age       ] GC(268) - age   9:      10440 bytes,    3599240 total
[2020-10-06T06:35:24.932+0000][36436][gc,age       ] GC(268) - age  10:        336 bytes,    3599576 total
[2020-10-06T06:35:24.932+0000][36436][gc,age       ] GC(268) - age  11:      22208 bytes,    3621784 total
[2020-10-06T06:35:24.932+0000][36436][gc,age       ] GC(268) - age  12:        600 bytes,    3622384 total
[2020-10-06T06:35:24.932+0000][36436][gc,age       ] GC(268) - age  13:        520 bytes,    3622904 total
[2020-10-06T06:35:24.932+0000][36436][gc,age       ] GC(268) - age  14:       1728 bytes,    3624632 total
[2020-10-06T06:35:24.932+0000][36436][gc,age       ] GC(268) - age  15:      21048 bytes,    3645680 total
[2020-10-06T06:35:24.932+0000][36436][gc,phases    ] GC(268)   Pre Evacuate Collection Set: 0.5ms
[2020-10-06T06:35:24.932+0000][36436][gc,phases    ] GC(268)   Merge Heap Roots: 0.1ms
[2020-10-06T06:35:24.932+0000][36436][gc,phases    ] GC(268)   Evacuate Collection Set: 2.8ms
[2020-10-06T06:35:24.932+0000][36436][gc,phases    ] GC(268)   Post Evacuate Collection Set: 1.0ms
[2020-10-06T06:35:24.932+0000][36436][gc,phases    ] GC(268)   Other: 1.2ms
[2020-10-06T06:35:24.932+0000][36436][gc,heap      ] GC(268) Eden regions: 57->0(499)
[2020-10-06T06:35:24.932+0000][36436][gc,heap      ] GC(268) Survivor regions: 3->4(63)
[2020-10-06T06:35:24.932+0000][36436][gc,heap      ] GC(268) Old regions: 78->78
[2020-10-06T06:35:24.933+0000][36436][gc,heap      ] GC(268) Archive regions: 0->0
[2020-10-06T06:35:24.933+0000][36436][gc,heap      ] GC(268) Humongous regions: 291->174
[2020-10-06T06:35:24.933+0000][36436][gc,metaspace ] GC(268) Metaspace: 88585K(94332K)->88585K(94332K) NonClass: 77427K(80764K)->77427K(80764K) Class: 11157K(13568K)->11157K(13568K)
[2020-10-06T06:35:24.933+0000][36436][gc           ] GC(268) Pause Young (Concurrent Start) (G1 Humongous Allocation) 428M->255M(1024M) 6.029ms
[2020-10-06T06:35:24.933+0000][36436][gc,cpu       ] GC(268) User=0.03s Sys=0.02s Real=0.01s
[2020-10-06T06:35:24.933+0000][36436][gc           ] GC(269) Concurrent Cycle
[2020-10-06T06:35:24.933+0000][36436][safepoint    ] Safepoint "G1TryInitiateConcMark", Time since last: 97168000 ns, Reaching safepoint: 165400 ns, At safepoint: 6229900 ns, Total: 6395300 ns
[2020-10-06T06:35:24.933+0000][36436][gc,marking   ] GC(269) Concurrent Clear Claimed Marks
[2020-10-06T06:35:24.933+0000][36436][gc,marking   ] GC(269) Concurrent Clear Claimed Marks 0.572ms
[2020-10-06T06:35:24.934+0000][36436][gc,marking   ] GC(269) Concurrent Scan Root Regions
[2020-10-06T06:35:24.936+0000][36436][gc,marking   ] GC(269) Concurrent Scan Root Regions 2.858ms
[2020-10-06T06:35:24.937+0000][36436][gc,marking   ] GC(269) Concurrent Mark (8995.135s)
[2020-10-06T06:35:24.937+0000][36436][gc,marking   ] GC(269) Concurrent Mark From Roots
[2020-10-06T06:35:24.937+0000][36436][gc,task      ] GC(269) Using 2 workers of 2 for marking
[2020-10-06T06:35:25.107+0000][36436][gc,marking   ] GC(269) Concurrent Mark From Roots 170.548ms
[2020-10-06T06:35:25.107+0000][36436][gc,marking   ] GC(269) Concurrent Preclean
[2020-10-06T06:35:25.108+0000][36436][gc,marking   ] GC(269) Concurrent Preclean 0.802ms
[2020-10-06T06:35:25.108+0000][36436][gc,marking   ] GC(269) Concurrent Mark (8995.135s, 8995.306s) 171.545ms
[2020-10-06T06:35:25.108+0000][36436][gc,start     ] GC(269) Pause Remark
[2020-10-06T06:35:25.115+0000][36436][gc           ] GC(269) Pause Remark 396M->396M(1024M) 6.798ms
[2020-10-06T06:35:25.115+0000][36436][gc,cpu       ] GC(269) User=0.11s Sys=0.00s Real=0.01s
[2020-10-06T06:35:25.115+0000][36436][safepoint    ] Safepoint "G1Concurrent", Time since last: 175395700 ns, Reaching safepoint: 207100 ns, At safepoint: 7051500 ns, Total: 7258600 ns
[2020-10-06T06:35:25.116+0000][36436][gc,marking   ] GC(269) Concurrent Rebuild Remembered Sets
[2020-10-06T06:35:25.201+0000][36436][gc,marking   ] GC(269) Concurrent Rebuild Remembered Sets 85.404ms
[2020-10-06T06:35:25.201+0000][36436][gc,start     ] GC(269) Pause Cleanup
[2020-10-06T06:35:25.201+0000][36436][gc           ] GC(269) Pause Cleanup 398M->398M(1024M) 0.350ms
[2020-10-06T06:35:25.202+0000][36436][gc,cpu       ] GC(269) User=0.00s Sys=0.00s Real=0.00s
[2020-10-06T06:35:25.202+0000][36436][safepoint    ] Safepoint "G1Concurrent", Time since last: 85626000 ns, Reaching safepoint: 129900 ns, At safepoint: 540500 ns, Total: 670400 ns
[2020-10-06T06:35:25.202+0000][36436][gc,marking   ] GC(269) Concurrent Cleanup for Next Mark
[2020-10-06T06:35:25.204+0000][36436][gc,marking   ] GC(269) Concurrent Cleanup for Next Mark 2.015ms
[2020-10-06T06:35:25.204+0000][36436][gc           ] GC(269) Concurrent Cycle 271.155ms
[2020-10-06T06:35:25.605+0000][36436][gc,start     ] GC(270) Pause Young (Concurrent Start) (G1 Humongous Allocation)
[2020-10-06T06:35:25.605+0000][36436][gc,task      ] GC(270) Using 8 workers of 8 for evacuation
[2020-10-06T06:35:25.605+0000][36436][gc,age       ] GC(270) Desired survivor size 33030144 bytes, new threshold 15 (max threshold 15)
[2020-10-06T06:35:25.609+0000][36436][gc,age       ] GC(270) Age table with threshold 15 (max threshold 15)
[2020-10-06T06:35:25.609+0000][36436][gc,age       ] GC(270) - age   1:    3273976 bytes,    3273976 total
[2020-10-06T06:35:25.609+0000][36436][gc,age       ] GC(270) - age   2:      21520 bytes,    3295496 total
[2020-10-06T06:35:25.609+0000][36436][gc,age       ] GC(270) - age   3:     151872 bytes,    3447368 total
[2020-10-06T06:35:25.609+0000][36436][gc,age       ] GC(270) - age   4:       8672 bytes,    3456040 total
[2020-10-06T06:35:25.609+0000][36436][gc,age       ] GC(270) - age   5:      76384 bytes,    3532424 total
[2020-10-06T06:35:25.609+0000][36436][gc,age       ] GC(270) - age   6:        960 bytes,    3533384 total
[2020-10-06T06:35:25.609+0000][36436][gc,age       ] GC(270) - age   7:      26800 bytes,    3560184 total
[2020-10-06T06:35:25.609+0000][36436][gc,age       ] GC(270) - age   8:       1624 bytes,    3561808 total
[2020-10-06T06:35:25.609+0000][36436][gc,age       ] GC(270) - age   9:       1968 bytes,    3563776 total
[2020-10-06T06:35:25.610+0000][36436][gc,age       ] GC(270) - age  10:      10440 bytes,    3574216 total
[2020-10-06T06:35:25.610+0000][36436][gc,age       ] GC(270) - age  11:        336 bytes,    3574552 total
[2020-10-06T06:35:25.610+0000][36436][gc,age       ] GC(270) - age  12:      22208 bytes,    3596760 total
[2020-10-06T06:35:25.610+0000][36436][gc,age       ] GC(270) - age  13:        600 bytes,    3597360 total
[2020-10-06T06:35:25.610+0000][36436][gc,age       ] GC(270) - age  14:        520 bytes,    3597880 total
[2020-10-06T06:35:25.610+0000][36436][gc,age       ] GC(270) - age  15:       1728 bytes,    3599608 total
[2020-10-06T06:35:25.610+0000][36436][gc,phases    ] GC(270)   Pre Evacuate Collection Set: 0.4ms
[2020-10-06T06:35:25.610+0000][36436][gc,phases    ] GC(270)   Merge Heap Roots: 0.1ms
[2020-10-06T06:35:25.610+0000][36436][gc,phases    ] GC(270)   Evacuate Collection Set: 2.7ms
[2020-10-06T06:35:25.610+0000][36436][gc,phases    ] GC(270)   Post Evacuate Collection Set: 0.8ms
[2020-10-06T06:35:25.610+0000][36436][gc,phases    ] GC(270)   Other: 1.1ms
[2020-10-06T06:35:25.610+0000][36436][gc,heap      ] GC(270) Eden regions: 50->0(500)
[2020-10-06T06:35:25.610+0000][36436][gc,heap      ] GC(270) Survivor regions: 4->4(63)
[2020-10-06T06:35:25.610+0000][36436][gc,heap      ] GC(270) Old regions: 78->78
[2020-10-06T06:35:25.610+0000][36436][gc,heap      ] GC(270) Archive regions: 0->0
[2020-10-06T06:35:25.610+0000][36436][gc,heap      ] GC(270) Humongous regions: 288->174
[2020-10-06T06:35:25.610+0000][36436][gc,metaspace ] GC(270) Metaspace: 88741K(94588K)->88741K(94588K) NonClass: 77557K(81020K)->77557K(81020K) Class: 11184K(13568K)->11184K(13568K)
[2020-10-06T06:35:25.610+0000][36436][gc           ] GC(270) Pause Young (Concurrent Start) (G1 Humongous Allocation) 418M->254M(1024M) 5.601ms
[2020-10-06T06:35:25.610+0000][36436][gc,cpu       ] GC(270) User=0.00s Sys=0.00s Real=0.00s
[2020-10-06T06:35:25.611+0000][36436][gc           ] GC(271) Concurrent Cycle
[2020-10-06T06:35:25.611+0000][36436][safepoint    ] Safepoint "G1TryInitiateConcMark", Time since last: 403120000 ns, Reaching safepoint: 241500 ns, At safepoint: 5844400 ns, Total: 6085900 ns
[2020-10-06T06:35:25.611+0000][36436][gc,marking   ] GC(271) Concurrent Clear Claimed Marks
[2020-10-06T06:35:25.611+0000][36436][gc,marking   ] GC(271) Concurrent Clear Claimed Marks 0.550ms
[2020-10-06T06:35:25.611+0000][36436][gc,marking   ] GC(271) Concurrent Scan Root Regions
[2020-10-06T06:35:25.615+0000][36436][gc,marking   ] GC(271) Concurrent Scan Root Regions 4.132ms
[2020-10-06T06:35:25.615+0000][36436][gc,marking   ] GC(271) Concurrent Mark (8995.814s)
[2020-10-06T06:35:25.616+0000][36436][gc,marking   ] GC(271) Concurrent Mark From Roots
[2020-10-06T06:35:25.616+0000][36436][gc,task      ] GC(271) Using 2 workers of 2 for marking
[2020-10-06T06:35:25.749+0000][36436][gc,marking   ] GC(271) Concurrent Mark From Roots 133.472ms
[2020-10-06T06:35:25.749+0000][36436][gc,marking   ] GC(271) Concurrent Preclean
[2020-10-06T06:35:25.750+0000][36436][gc,marking   ] GC(271) Concurrent Preclean 0.666ms
[2020-10-06T06:35:25.750+0000][36436][gc,marking   ] GC(271) Concurrent Mark (8995.814s, 8995.948s) 134.348ms
[2020-10-06T06:35:25.750+0000][36436][gc,start     ] GC(271) Pause Remark
[2020-10-06T06:35:25.756+0000][36436][gc           ] GC(271) Pause Remark 424M->424M(1024M) 6.108ms
[2020-10-06T06:35:25.756+0000][36436][gc,cpu       ] GC(271) User=0.11s Sys=0.02s Real=0.01s
[2020-10-06T06:35:25.756+0000][36436][safepoint    ] Safepoint "G1Concurrent", Time since last: 139329900 ns, Reaching safepoint: 139000 ns, At safepoint: 6334100 ns, Total: 6473100 ns
[2020-10-06T06:35:25.756+0000][36436][gc,marking   ] GC(271) Concurrent Rebuild Remembered Sets
[2020-10-06T06:35:25.837+0000][36436][gc,marking   ] GC(271) Concurrent Rebuild Remembered Sets 80.540ms
[2020-10-06T06:35:25.837+0000][36436][gc,start     ] GC(271) Pause Cleanup
[2020-10-06T06:35:25.837+0000][36436][gc           ] GC(271) Pause Cleanup 498M->498M(1024M) 0.336ms
[2020-10-06T06:35:25.838+0000][36436][gc,cpu       ] GC(271) User=0.00s Sys=0.00s Real=0.00s
[2020-10-06T06:35:25.838+0000][36436][safepoint    ] Safepoint "G1Concurrent", Time since last: 80721700 ns, Reaching safepoint: 163100 ns, At safepoint: 539700 ns, Total: 702800 ns
[2020-10-06T06:35:25.838+0000][36436][gc,marking   ] GC(271) Concurrent Cleanup for Next Mark
[2020-10-06T06:35:25.839+0000][36436][gc,marking   ] GC(271) Concurrent Cleanup for Next Mark 1.731ms
[2020-10-06T06:35:25.840+0000][36436][gc           ] GC(271) Concurrent Cycle 229.206ms
[2020-10-06T06:35:25.867+0000][36436][safepoint    ] Safepoint "BulkRevokeBias", Time since last: 26780900 ns, Reaching safepoint: 179300 ns, At safepoint: 1594100 ns, Total: 1773400 ns
[2020-10-06T06:35:25.871+0000][36436][gc,start     ] GC(272) Pause Young (Concurrent Start) (G1 Humongous Allocation)
[2020-10-06T06:35:25.871+0000][36436][gc,task      ] GC(272) Using 8 workers of 8 for evacuation
[2020-10-06T06:35:25.871+0000][36436][gc,age       ] GC(272) Desired survivor size 33030144 bytes, new threshold 15 (max threshold 15)
[2020-10-06T06:35:25.877+0000][36436][gc,age       ] GC(272) Age table with threshold 15 (max threshold 15)
[2020-10-06T06:35:25.877+0000][36436][gc,age       ] GC(272) - age   1:    3435344 bytes,    3435344 total
[2020-10-06T06:35:25.877+0000][36436][gc,age       ] GC(272) - age   2:     546056 bytes,    3981400 total
[2020-10-06T06:35:25.877+0000][36436][gc,age       ] GC(272) - age   3:      18864 bytes,    4000264 total
[2020-10-06T06:35:25.877+0000][36436][gc,age       ] GC(272) - age   4:     151680 bytes,    4151944 total
[2020-10-06T06:35:25.877+0000][36436][gc,age       ] GC(272) - age   5:       8384 bytes,    4160328 total
[2020-10-06T06:35:25.877+0000][36436][gc,age       ] GC(272) - age   6:      76224 bytes,    4236552 total
[2020-10-06T06:35:25.877+0000][36436][gc,age       ] GC(272) - age   7:        768 bytes,    4237320 total
[2020-10-06T06:35:25.877+0000][36436][gc,age       ] GC(272) - age   8:      26736 bytes,    4264056 total
[2020-10-06T06:35:25.877+0000][36436][gc,age       ] GC(272) - age   9:       1624 bytes,    4265680 total
[2020-10-06T06:35:25.877+0000][36436][gc,age       ] GC(272) - age  10:       1872 bytes,    4267552 total
[2020-10-06T06:35:25.877+0000][36436][gc,age       ] GC(272) - age  11:      10440 bytes,    4277992 total
[2020-10-06T06:35:25.877+0000][36436][gc,age       ] GC(272) - age  12:        336 bytes,    4278328 total
[2020-10-06T06:35:25.877+0000][36436][gc,age       ] GC(272) - age  13:      22208 bytes,    4300536 total
[2020-10-06T06:35:25.877+0000][36436][gc,age       ] GC(272) - age  14:        600 bytes,    4301136 total
[2020-10-06T06:35:25.877+0000][36436][gc,age       ] GC(272) - age  15:        520 bytes,    4301656 total
[2020-10-06T06:35:25.877+0000][36436][gc,phases    ] GC(272)   Pre Evacuate Collection Set: 0.5ms
[2020-10-06T06:35:25.877+0000][36436][gc,phases    ] GC(272)   Merge Heap Roots: 0.1ms
[2020-10-06T06:35:25.877+0000][36436][gc,phases    ] GC(272)   Evacuate Collection Set: 3.9ms
[2020-10-06T06:35:25.877+0000][36436][gc,phases    ] GC(272)   Post Evacuate Collection Set: 1.0ms
[2020-10-06T06:35:25.877+0000][36436][gc,phases    ] GC(272)   Other: 1.0ms
[2020-10-06T06:35:25.877+0000][36436][gc,heap      ] GC(272) Eden regions: 73->0(499)
[2020-10-06T06:35:25.877+0000][36436][gc,heap      ] GC(272) Survivor regions: 4->5(63)
[2020-10-06T06:35:25.878+0000][36436][gc,heap      ] GC(272) Old regions: 78->78
[2020-10-06T06:35:25.878+0000][36436][gc,heap      ] GC(272) Archive regions: 0->0
[2020-10-06T06:35:25.878+0000][36436][gc,heap      ] GC(272) Humongous regions: 355->174
[2020-10-06T06:35:25.878+0000][36436][gc,metaspace ] GC(272) Metaspace: 88744K(94588K)->88744K(94588K) NonClass: 77560K(81020K)->77560K(81020K) Class: 11184K(13568K)->11184K(13568K)
[2020-10-06T06:35:25.878+0000][36436][gc           ] GC(272) Pause Young (Concurrent Start) (G1 Humongous Allocation) 508M->255M(1024M) 6.812ms
[2020-10-06T06:35:25.878+0000][36436][gc,cpu       ] GC(272) User=0.00s Sys=0.00s Real=0.01s
[2020-10-06T06:35:25.878+0000][36436][gc           ] GC(273) Concurrent Cycle
[2020-10-06T06:35:25.878+0000][36436][safepoint    ] Safepoint "G1TryInitiateConcMark", Time since last: 3899100 ns, Reaching safepoint: 195300 ns, At safepoint: 6998400 ns, Total: 7193700 ns
[2020-10-06T06:35:25.878+0000][36436][gc,marking   ] GC(273) Concurrent Clear Claimed Marks
[2020-10-06T06:35:25.878+0000][36436][gc,marking   ] GC(273) Concurrent Clear Claimed Marks 0.523ms
[2020-10-06T06:35:25.878+0000][36436][gc,marking   ] GC(273) Concurrent Scan Root Regions
[2020-10-06T06:35:25.882+0000][36436][gc,marking   ] GC(273) Concurrent Scan Root Regions 3.503ms
[2020-10-06T06:35:25.882+0000][36436][gc,marking   ] GC(273) Concurrent Mark (8996.080s)
[2020-10-06T06:35:25.882+0000][36436][gc,marking   ] GC(273) Concurrent Mark From Roots
[2020-10-06T06:35:25.882+0000][36436][gc,task      ] GC(273) Using 2 workers of 2 for marking
[2020-10-06T06:35:25.906+0000][36436][safepoint    ] Safepoint "BulkRevokeBias", Time since last: 27027100 ns, Reaching safepoint: 257600 ns, At safepoint: 1727900 ns, Total: 1985500 ns
[2020-10-06T06:35:26.038+0000][36436][gc,marking   ] GC(273) Concurrent Mark From Roots 156.217ms
[2020-10-06T06:35:26.038+0000][36436][gc,marking   ] GC(273) Concurrent Preclean
[2020-10-06T06:35:26.039+0000][36436][gc,marking   ] GC(273) Concurrent Preclean 0.868ms
[2020-10-06T06:35:26.039+0000][36436][gc,marking   ] GC(273) Concurrent Mark (8996.080s, 8996.238s) 157.295ms
[2020-10-06T06:35:26.040+0000][36436][gc,start     ] GC(273) Pause Remark
[2020-10-06T06:35:26.048+0000][36436][gc           ] GC(273) Pause Remark 403M->403M(1024M) 8.478ms
[2020-10-06T06:35:26.048+0000][36436][gc,cpu       ] GC(273) User=0.00s Sys=0.00s Real=0.01s
[2020-10-06T06:35:26.049+0000][36436][safepoint    ] Safepoint "G1Concurrent", Time since last: 132673500 ns, Reaching safepoint: 336100 ns, At safepoint: 9064700 ns, Total: 9400800 ns
[2020-10-06T06:35:26.049+0000][36436][gc,marking   ] GC(273) Concurrent Rebuild Remembered Sets
[2020-10-06T06:35:26.152+0000][36436][gc,marking   ] GC(273) Concurrent Rebuild Remembered Sets 103.097ms
[2020-10-06T06:35:26.152+0000][36436][gc,start     ] GC(273) Pause Cleanup
[2020-10-06T06:35:26.153+0000][36436][gc           ] GC(273) Pause Cleanup 482M->482M(1024M) 0.372ms
[2020-10-06T06:35:26.153+0000][36436][gc,cpu       ] GC(273) User=0.00s Sys=0.00s Real=0.00s
[2020-10-06T06:35:26.153+0000][36436][safepoint    ] Safepoint "G1Concurrent", Time since last: 103319300 ns, Reaching safepoint: 163100 ns, At safepoint: 615400 ns, Total: 778500 ns
[2020-10-06T06:35:26.153+0000][36436][gc,marking   ] GC(273) Concurrent Cleanup for Next Mark
[2020-10-06T06:35:26.155+0000][36436][gc,marking   ] GC(273) Concurrent Cleanup for Next Mark 1.936ms
[2020-10-06T06:35:26.155+0000][36436][gc           ] GC(273) Concurrent Cycle 277.368ms
[2020-10-06T06:35:26.165+0000][36436][gc,start     ] GC(274) Pause Young (Concurrent Start) (G1 Humongous Allocation)
[2020-10-06T06:35:26.165+0000][36436][gc,task      ] GC(274) Using 8 workers of 8 for evacuation
[2020-10-06T06:35:26.165+0000][36436][gc,age       ] GC(274) Desired survivor size 33030144 bytes, new threshold 15 (max threshold 15)
[2020-10-06T06:35:26.170+0000][36436][gc,age       ] GC(274) Age table with threshold 15 (max threshold 15)
[2020-10-06T06:35:26.170+0000][36436][gc,age       ] GC(274) - age   1:    3246400 bytes,    3246400 total
[2020-10-06T06:35:26.170+0000][36436][gc,age       ] GC(274) - age   2:     525344 bytes,    3771744 total
[2020-10-06T06:35:26.170+0000][36436][gc,age       ] GC(274) - age   3:     453656 bytes,    4225400 total
[2020-10-06T06:35:26.170+0000][36436][gc,age       ] GC(274) - age   4:      18512 bytes,    4243912 total
[2020-10-06T06:35:26.170+0000][36436][gc,age       ] GC(274) - age   5:     151680 bytes,    4395592 total
[2020-10-06T06:35:26.170+0000][36436][gc,age       ] GC(274) - age   6:       8288 bytes,    4403880 total
[2020-10-06T06:35:26.170+0000][36436][gc,age       ] GC(274) - age   7:      76224 bytes,    4480104 total
[2020-10-06T06:35:26.170+0000][36436][gc,age       ] GC(274) - age   8:        608 bytes,    4480712 total
[2020-10-06T06:35:26.170+0000][36436][gc,age       ] GC(274) - age   9:      26736 bytes,    4507448 total
[2020-10-06T06:35:26.170+0000][36436][gc,age       ] GC(274) - age  10:       1496 bytes,    4508944 total
[2020-10-06T06:35:26.170+0000][36436][gc,age       ] GC(274) - age  11:       1808 bytes,    4510752 total
[2020-10-06T06:35:26.170+0000][36436][gc,age       ] GC(274) - age  12:      10440 bytes,    4521192 total
[2020-10-06T06:35:26.170+0000][36436][gc,age       ] GC(274) - age  13:        336 bytes,    4521528 total
[2020-10-06T06:35:26.170+0000][36436][gc,age       ] GC(274) - age  14:      22208 bytes,    4543736 total
[2020-10-06T06:35:26.170+0000][36436][gc,age       ] GC(274) - age  15:        600 bytes,    4544336 total
[2020-10-06T06:35:26.171+0000][36436][gc,phases    ] GC(274)   Pre Evacuate Collection Set: 0.4ms
[2020-10-06T06:35:26.171+0000][36436][gc,phases    ] GC(274)   Merge Heap Roots: 0.1ms
[2020-10-06T06:35:26.171+0000][36436][gc,phases    ] GC(274)   Evacuate Collection Set: 2.8ms
[2020-10-06T06:35:26.171+0000][36436][gc,phases    ] GC(274)   Post Evacuate Collection Set: 1.0ms
[2020-10-06T06:35:26.171+0000][36436][gc,phases    ] GC(274)   Other: 1.2ms
[2020-10-06T06:35:26.171+0000][36436][gc,heap      ] GC(274) Eden regions: 54->0(500)
[2020-10-06T06:35:26.171+0000][36436][gc,heap      ] GC(274) Survivor regions: 5->5(63)
[2020-10-06T06:35:26.171+0000][36436][gc,heap      ] GC(274) Old regions: 78->78
[2020-10-06T06:35:26.171+0000][36436][gc,heap      ] GC(274) Archive regions: 0->0
[2020-10-06T06:35:26.171+0000][36436][gc,heap      ] GC(274) Humongous regions: 351->174
[2020-10-06T06:35:26.171+0000][36436][gc,metaspace ] GC(274) Metaspace: 88821K(94588K)->88821K(94588K) NonClass: 77627K(81020K)->77627K(81020K) Class: 11194K(13568K)->11194K(13568K)
[2020-10-06T06:35:26.171+0000][36436][gc           ] GC(274) Pause Young (Concurrent Start) (G1 Humongous Allocation) 486M->255M(1024M) 6.062ms
[2020-10-06T06:35:26.171+0000][36436][gc,cpu       ] GC(274) User=0.00s Sys=0.00s Real=0.01s
[2020-10-06T06:35:26.171+0000][36436][gc           ] GC(275) Concurrent Cycle
[2020-10-06T06:35:26.171+0000][36436][safepoint    ] Safepoint "G1TryInitiateConcMark", Time since last: 11791400 ns, Reaching safepoint: 161800 ns, At safepoint: 6334700 ns, Total: 6496500 ns
[2020-10-06T06:35:26.171+0000][36436][gc,marking   ] GC(275) Concurrent Clear Claimed Marks
[2020-10-06T06:35:26.172+0000][36436][gc,marking   ] GC(275) Concurrent Clear Claimed Marks 0.495ms
[2020-10-06T06:35:26.172+0000][36436][gc,marking   ] GC(275) Concurrent Scan Root Regions
[2020-10-06T06:35:26.176+0000][36436][gc,marking   ] GC(275) Concurrent Scan Root Regions 4.136ms
[2020-10-06T06:35:26.176+0000][36436][gc,marking   ] GC(275) Concurrent Mark (8996.374s)
[2020-10-06T06:35:26.176+0000][36436][gc,marking   ] GC(275) Concurrent Mark From Roots
[2020-10-06T06:35:26.176+0000][36436][gc,task      ] GC(275) Using 2 workers of 2 for marking
[2020-10-06T06:35:26.306+0000][36436][gc,marking   ] GC(275) Concurrent Mark From Roots 129.895ms
[2020-10-06T06:35:26.306+0000][36436][gc,marking   ] GC(275) Concurrent Preclean
[2020-10-06T06:35:26.307+0000][36436][gc,marking   ] GC(275) Concurrent Preclean 0.737ms
[2020-10-06T06:35:26.307+0000][36436][gc,marking   ] GC(275) Concurrent Mark (8996.374s, 8996.505s) 130.850ms
[2020-10-06T06:35:26.307+0000][36436][gc,start     ] GC(275) Pause Remark
[2020-10-06T06:35:26.314+0000][36436][gc           ] GC(275) Pause Remark 332M->332M(1024M) 6.570ms
[2020-10-06T06:35:26.314+0000][36436][gc,cpu       ] GC(275) User=0.00s Sys=0.00s Real=0.01s
[2020-10-06T06:35:26.314+0000][36436][safepoint    ] Safepoint "G1Concurrent", Time since last: 135818400 ns, Reaching safepoint: 139900 ns, At safepoint: 6757000 ns, Total: 6896900 ns
[2020-10-06T06:35:26.314+0000][36436][gc,marking   ] GC(275) Concurrent Rebuild Remembered Sets
[2020-10-06T06:35:26.385+0000][36436][gc,marking   ] GC(275) Concurrent Rebuild Remembered Sets 70.725ms
[2020-10-06T06:35:26.385+0000][36436][gc,start     ] GC(275) Pause Cleanup
[2020-10-06T06:35:26.385+0000][36436][gc           ] GC(275) Pause Cleanup 332M->332M(1024M) 0.314ms
[2020-10-06T06:35:26.385+0000][36436][gc,cpu       ] GC(275) User=0.00s Sys=0.00s Real=0.00s
[2020-10-06T06:35:26.385+0000][36436][safepoint    ] Safepoint "G1Concurrent", Time since last: 70919100 ns, Reaching safepoint: 168300 ns, At safepoint: 495400 ns, Total: 663700 ns
[2020-10-06T06:35:26.385+0000][36436][gc,marking   ] GC(275) Concurrent Cleanup for Next Mark
[2020-10-06T06:35:26.387+0000][36436][gc,marking   ] GC(275) Concurrent Cleanup for Next Mark 1.534ms
[2020-10-06T06:35:26.387+0000][36436][gc           ] GC(275) Concurrent Cycle 216.145ms
[2020-10-06T06:35:26.442+0000][36436][gc,start     ] GC(276) Pause Young (Concurrent Start) (G1 Humongous Allocation)
[2020-10-06T06:35:26.442+0000][36436][gc,task      ] GC(276) Using 8 workers of 8 for evacuation
[2020-10-06T06:35:26.442+0000][36436][gc,age       ] GC(276) Desired survivor size 33554432 bytes, new threshold 15 (max threshold 15)
[2020-10-06T06:35:26.446+0000][36436][gc,age       ] GC(276) Age table with threshold 15 (max threshold 15)
[2020-10-06T06:35:26.446+0000][36436][gc,age       ] GC(276) - age   1:    2720416 bytes,    2720416 total
[2020-10-06T06:35:26.446+0000][36436][gc,age       ] GC(276) - age   2:     162688 bytes,    2883104 total
[2020-10-06T06:35:26.446+0000][36436][gc,age       ] GC(276) - age   3:      17680 bytes,    2900784 total
[2020-10-06T06:35:26.446+0000][36436][gc,age       ] GC(276) - age   4:     452072 bytes,    3352856 total
[2020-10-06T06:35:26.446+0000][36436][gc,age       ] GC(276) - age   5:      18256 bytes,    3371112 total
[2020-10-06T06:35:26.446+0000][36436][gc,age       ] GC(276) - age   6:     151680 bytes,    3522792 total
[2020-10-06T06:35:26.446+0000][36436][gc,age       ] GC(276) - age   7:       8176 bytes,    3530968 total
[2020-10-06T06:35:26.446+0000][36436][gc,age       ] GC(276) - age   8:      76160 bytes,    3607128 total
[2020-10-06T06:35:26.446+0000][36436][gc,age       ] GC(276) - age   9:        608 bytes,    3607736 total
[2020-10-06T06:35:26.446+0000][36436][gc,age       ] GC(276) - age  10:      26736 bytes,    3634472 total
[2020-10-06T06:35:26.446+0000][36436][gc,age       ] GC(276) - age  11:       1496 bytes,    3635968 total
[2020-10-06T06:35:26.446+0000][36436][gc,age       ] GC(276) - age  12:       1808 bytes,    3637776 total
[2020-10-06T06:35:26.446+0000][36436][gc,age       ] GC(276) - age  13:      10440 bytes,    3648216 total
[2020-10-06T06:35:26.446+0000][36436][gc,age       ] GC(276) - age  14:        336 bytes,    3648552 total
[2020-10-06T06:35:26.446+0000][36436][gc,age       ] GC(276) - age  15:      22208 bytes,    3670760 total
[2020-10-06T06:35:26.446+0000][36436][gc,phases    ] GC(276)   Pre Evacuate Collection Set: 0.3ms
[2020-10-06T06:35:26.446+0000][36436][gc,phases    ] GC(276)   Merge Heap Roots: 0.1ms
[2020-10-06T06:35:26.446+0000][36436][gc,phases    ] GC(276)   Evacuate Collection Set: 2.7ms
[2020-10-06T06:35:26.446+0000][36436][gc,phases    ] GC(276)   Post Evacuate Collection Set: 0.6ms
[2020-10-06T06:35:26.446+0000][36436][gc,phases    ] GC(276)   Other: 0.9ms
[2020-10-06T06:35:26.446+0000][36436][gc,heap      ] GC(276) Eden regions: 22->0(502)
[2020-10-06T06:35:26.446+0000][36436][gc,heap      ] GC(276) Survivor regions: 5->4(64)
[2020-10-06T06:35:26.447+0000][36436][gc,heap      ] GC(276) Old regions: 78->78
[2020-10-06T06:35:26.447+0000][36436][gc,heap      ] GC(276) Archive regions: 0->0
[2020-10-06T06:35:26.447+0000][36436][gc,heap      ] GC(276) Humongous regions: 234->174
[2020-10-06T06:35:26.447+0000][36436][gc,metaspace ] GC(276) Metaspace: 88823K(94588K)->88823K(94588K) NonClass: 77629K(81020K)->77629K(81020K) Class: 11194K(13568K)->11194K(13568K)
[2020-10-06T06:35:26.447+0000][36436][gc           ] GC(276) Pause Young (Concurrent Start) (G1 Humongous Allocation) 337M->255M(1024M) 5.079ms
[2020-10-06T06:35:26.447+0000][36436][gc,cpu       ] GC(276) User=0.00s Sys=0.00s Real=0.01s
[2020-10-06T06:35:26.447+0000][36436][gc           ] GC(277) Concurrent Cycle
[2020-10-06T06:35:26.447+0000][36436][safepoint    ] Safepoint "G1TryInitiateConcMark", Time since last: 56055900 ns, Reaching safepoint: 164300 ns, At safepoint: 5285600 ns, Total: 5449900 ns
[2020-10-06T06:35:26.447+0000][36436][gc,marking   ] GC(277) Concurrent Clear Claimed Marks
[2020-10-06T06:35:26.447+0000][36436][gc,marking   ] GC(277) Concurrent Clear Claimed Marks 0.439ms
[2020-10-06T06:35:26.447+0000][36436][gc,marking   ] GC(277) Concurrent Scan Root Regions
[2020-10-06T06:35:26.451+0000][36436][gc,marking   ] GC(277) Concurrent Scan Root Regions 3.128ms
[2020-10-06T06:35:26.451+0000][36436][gc,marking   ] GC(277) Concurrent Mark (8996.649s)
[2020-10-06T06:35:26.451+0000][36436][gc,marking   ] GC(277) Concurrent Mark From Roots
[2020-10-06T06:35:26.451+0000][36436][gc,task      ] GC(277) Using 2 workers of 2 for marking
[2020-10-06T06:35:26.578+0000][36436][gc,marking   ] GC(277) Concurrent Mark From Roots 127.420ms
[2020-10-06T06:35:26.578+0000][36436][gc,marking   ] GC(277) Concurrent Preclean
[2020-10-06T06:35:26.578+0000][36436][gc,marking   ] GC(277) Concurrent Preclean 0.544ms
[2020-10-06T06:35:26.578+0000][36436][gc,marking   ] GC(277) Concurrent Mark (8996.649s, 8996.777s) 128.141ms
[2020-10-06T06:35:26.579+0000][36436][gc,start     ] GC(277) Pause Remark
[2020-10-06T06:35:26.585+0000][36436][gc           ] GC(277) Pause Remark 394M->394M(1024M) 6.432ms
[2020-10-06T06:35:26.585+0000][36436][gc,cpu       ] GC(277) User=0.11s Sys=0.02s Real=0.01s
[2020-10-06T06:35:26.585+0000][36436][safepoint    ] Safepoint "G1Concurrent", Time since last: 132095900 ns, Reaching safepoint: 158100 ns, At safepoint: 6668100 ns, Total: 6826200 ns
[2020-10-06T06:35:26.585+0000][36436][gc,marking   ] GC(277) Concurrent Rebuild Remembered Sets
[2020-10-06T06:35:26.671+0000][36436][gc,marking   ] GC(277) Concurrent Rebuild Remembered Sets 85.851ms
[2020-10-06T06:35:26.671+0000][36436][gc,start     ] GC(277) Pause Cleanup
[2020-10-06T06:35:26.672+0000][36436][gc           ] GC(277) Pause Cleanup 398M->398M(1024M) 0.318ms
[2020-10-06T06:35:26.672+0000][36436][gc,cpu       ] GC(277) User=0.00s Sys=0.00s Real=0.00s
[2020-10-06T06:35:26.672+0000][36436][safepoint    ] Safepoint "G1Concurrent", Time since last: 86036000 ns, Reaching safepoint: 164800 ns, At safepoint: 495800 ns, Total: 660600 ns
[2020-10-06T06:35:26.672+0000][36436][gc,marking   ] GC(277) Concurrent Cleanup for Next Mark
[2020-10-06T06:35:26.675+0000][36436][gc,marking   ] GC(277) Concurrent Cleanup for Next Mark 2.710ms
[2020-10-06T06:35:26.675+0000][36436][gc           ] GC(277) Concurrent Cycle 228.623ms
[2020-10-06T06:35:26.675+0000][36436][gc,start     ] GC(278) Pause Young (Concurrent Start) (G1 Humongous Allocation)
[2020-10-06T06:35:26.676+0000][36436][gc,task      ] GC(278) Using 8 workers of 8 for evacuation
[2020-10-06T06:35:26.676+0000][36436][gc,age       ] GC(278) Desired survivor size 33554432 bytes, new threshold 15 (max threshold 15)
[2020-10-06T06:35:26.680+0000][36436][gc,age       ] GC(278) Age table with threshold 15 (max threshold 15)
[2020-10-06T06:35:26.680+0000][36436][gc,age       ] GC(278) - age   1:    2359120 bytes,    2359120 total
[2020-10-06T06:35:26.680+0000][36436][gc,age       ] GC(278) - age   2:      12496 bytes,    2371616 total
[2020-10-06T06:35:26.680+0000][36436][gc,age       ] GC(278) - age   3:     162592 bytes,    2534208 total
[2020-10-06T06:35:26.680+0000][36436][gc,age       ] GC(278) - age   4:      16496 bytes,    2550704 total
[2020-10-06T06:35:26.680+0000][36436][gc,age       ] GC(278) - age   5:     451648 bytes,    3002352 total
[2020-10-06T06:35:26.680+0000][36436][gc,age       ] GC(278) - age   6:      18224 bytes,    3020576 total
[2020-10-06T06:35:26.680+0000][36436][gc,age       ] GC(278) - age   7:     151680 bytes,    3172256 total
[2020-10-06T06:35:26.680+0000][36436][gc,age       ] GC(278) - age   8:       8048 bytes,    3180304 total
[2020-10-06T06:35:26.681+0000][36436][gc,age       ] GC(278) - age   9:      76160 bytes,    3256464 total
[2020-10-06T06:35:26.681+0000][36436][gc,age       ] GC(278) - age  10:        608 bytes,    3257072 total
[2020-10-06T06:35:26.681+0000][36436][gc,age       ] GC(278) - age  11:      26736 bytes,    3283808 total
[2020-10-06T06:35:26.681+0000][36436][gc,age       ] GC(278) - age  12:       1496 bytes,    3285304 total
[2020-10-06T06:35:26.681+0000][36436][gc,age       ] GC(278) - age  13:       1808 bytes,    3287112 total
[2020-10-06T06:35:26.681+0000][36436][gc,age       ] GC(278) - age  14:      10440 bytes,    3297552 total
[2020-10-06T06:35:26.681+0000][36436][gc,age       ] GC(278) - age  15:        336 bytes,    3297888 total
[2020-10-06T06:35:26.681+0000][36436][gc,phases    ] GC(278)   Pre Evacuate Collection Set: 0.5ms
[2020-10-06T06:35:26.681+0000][36436][gc,phases    ] GC(278)   Merge Heap Roots: 0.1ms
[2020-10-06T06:35:26.681+0000][36436][gc,phases    ] GC(278)   Evacuate Collection Set: 2.9ms
[2020-10-06T06:35:26.681+0000][36436][gc,phases    ] GC(278)   Post Evacuate Collection Set: 0.8ms
[2020-10-06T06:35:26.681+0000][36436][gc,phases    ] GC(278)   Other: 1.2ms
[2020-10-06T06:35:26.681+0000][36436][gc,heap      ] GC(278) Eden regions: 41->0(502)
[2020-10-06T06:35:26.681+0000][36436][gc,heap      ] GC(278) Survivor regions: 4->4(64)
[2020-10-06T06:35:26.681+0000][36436][gc,heap      ] GC(278) Old regions: 78->78
[2020-10-06T06:35:26.681+0000][36436][gc,heap      ] GC(278) Archive regions: 0->0
[2020-10-06T06:35:26.681+0000][36436][gc,heap      ] GC(278) Humongous regions: 290->174
[2020-10-06T06:35:26.681+0000][36436][gc,metaspace ] GC(278) Metaspace: 88824K(94588K)->88824K(94588K) NonClass: 77630K(81020K)->77630K(81020K) Class: 11194K(13568K)->11194K(13568K)
[2020-10-06T06:35:26.681+0000][36436][gc           ] GC(278) Pause Young (Concurrent Start) (G1 Humongous Allocation) 411M->254M(1024M) 5.943ms
[2020-10-06T06:35:26.681+0000][36436][gc,cpu       ] GC(278) User=0.03s Sys=0.02s Real=0.01s
[2020-10-06T06:35:26.682+0000][36436][safepoint    ] Safepoint "G1TryInitiateConcMark", Time since last: 3184600 ns, Reaching safepoint: 230400 ns, At safepoint: 6170300 ns, Total: 6400700 ns
[2020-10-06T06:35:26.682+0000][36436][gc           ] GC(279) Concurrent Cycle
[2020-10-06T06:35:26.682+0000][36436][gc,marking   ] GC(279) Concurrent Clear Claimed Marks
[2020-10-06T06:35:26.682+0000][36436][gc,marking   ] GC(279) Concurrent Clear Claimed Marks 0.569ms
[2020-10-06T06:35:26.682+0000][36436][gc,marking   ] GC(279) Concurrent Scan Root Regions
[2020-10-06T06:35:26.686+0000][36436][gc,marking   ] GC(279) Concurrent Scan Root Regions 3.720ms
[2020-10-06T06:35:26.686+0000][36436][gc,marking   ] GC(279) Concurrent Mark (8996.885s)
[2020-10-06T06:35:26.686+0000][36436][gc,marking   ] GC(279) Concurrent Mark From Roots
[2020-10-06T06:35:26.686+0000][36436][gc,task      ] GC(279) Using 2 workers of 2 for marking
[2020-10-06T06:35:26.832+0000][36436][gc,marking   ] GC(279) Concurrent Mark From Roots 145.627ms
[2020-10-06T06:35:26.832+0000][36436][gc,marking   ] GC(279) Concurrent Preclean
[2020-10-06T06:35:26.833+0000][36436][gc,marking   ] GC(279) Concurrent Preclean 0.701ms
[2020-10-06T06:35:26.833+0000][36436][gc,marking   ] GC(279) Concurrent Mark (8996.885s, 8997.032s) 146.550ms
[2020-10-06T06:35:26.833+0000][36436][gc,start     ] GC(279) Pause Remark
[2020-10-06T06:35:26.840+0000][36436][gc           ] GC(279) Pause Remark 398M->398M(1024M) 7.606ms
[2020-10-06T06:35:26.841+0000][36436][gc,cpu       ] GC(279) User=0.00s Sys=0.00s Real=0.01s
[2020-10-06T06:35:26.841+0000][36436][safepoint    ] Safepoint "G1Concurrent", Time since last: 151226400 ns, Reaching safepoint: 133400 ns, At safepoint: 7867300 ns, Total: 8000700 ns
[2020-10-06T06:35:26.841+0000][36436][gc,marking   ] GC(279) Concurrent Rebuild Remembered Sets
[2020-10-06T06:35:26.935+0000][36436][gc,marking   ] GC(279) Concurrent Rebuild Remembered Sets 94.117ms
[2020-10-06T06:35:26.936+0000][36436][gc,start     ] GC(279) Pause Cleanup
[2020-10-06T06:35:26.936+0000][36436][gc           ] GC(279) Pause Cleanup 481M->481M(1024M) 0.482ms
[2020-10-06T06:35:26.936+0000][36436][gc,cpu       ] GC(279) User=0.00s Sys=0.00s Real=0.00s
[2020-10-06T06:35:26.937+0000][36436][safepoint    ] Safepoint "G1Concurrent", Time since last: 94420700 ns, Reaching safepoint: 194300 ns, At safepoint: 825700 ns, Total: 1020000 ns
[2020-10-06T06:35:26.937+0000][36436][gc,marking   ] GC(279) Concurrent Cleanup for Next Mark
[2020-10-06T06:35:26.939+0000][36436][gc,marking   ] GC(279) Concurrent Cleanup for Next Mark 1.999ms
[2020-10-06T06:35:26.939+0000][36436][gc           ] GC(279) Concurrent Cycle 256.945ms
[2020-10-06T06:35:26.989+0000][36436][gc,start     ] GC(280) Pause Young (Concurrent Start) (G1 Humongous Allocation)
[2020-10-06T06:35:26.989+0000][36436][gc,task      ] GC(280) Using 8 workers of 8 for evacuation
[2020-10-06T06:35:26.989+0000][36436][gc,age       ] GC(280) Desired survivor size 33554432 bytes, new threshold 15 (max threshold 15)
[2020-10-06T06:35:26.995+0000][36436][gc,age       ] GC(280) Age table with threshold 15 (max threshold 15)
[2020-10-06T06:35:26.995+0000][36436][gc,age       ] GC(280) - age   1:    3425304 bytes,    3425304 total
[2020-10-06T06:35:26.995+0000][36436][gc,age       ] GC(280) - age   2:       3008 bytes,    3428312 total
[2020-10-06T06:35:26.995+0000][36436][gc,age       ] GC(280) - age   3:      11720 bytes,    3440032 total
[2020-10-06T06:35:26.995+0000][36436][gc,age       ] GC(280) - age   4:     161784 bytes,    3601816 total
[2020-10-06T06:35:26.995+0000][36436][gc,age       ] GC(280) - age   5:      14872 bytes,    3616688 total
[2020-10-06T06:35:26.995+0000][36436][gc,age       ] GC(280) - age   6:     446656 bytes,    4063344 total
[2020-10-06T06:35:26.995+0000][36436][gc,age       ] GC(280) - age   7:      17800 bytes,    4081144 total
[2020-10-06T06:35:26.995+0000][36436][gc,age       ] GC(280) - age   8:     151680 bytes,    4232824 total
[2020-10-06T06:35:26.995+0000][36436][gc,age       ] GC(280) - age   9:       8016 bytes,    4240840 total
[2020-10-06T06:35:26.995+0000][36436][gc,age       ] GC(280) - age  10:      76032 bytes,    4316872 total
[2020-10-06T06:35:26.995+0000][36436][gc,age       ] GC(280) - age  11:        544 bytes,    4317416 total
[2020-10-06T06:35:26.995+0000][36436][gc,age       ] GC(280) - age  12:      26736 bytes,    4344152 total
[2020-10-06T06:35:26.995+0000][36436][gc,age       ] GC(280) - age  13:       1400 bytes,    4345552 total
[2020-10-06T06:35:26.996+0000][36436][gc,age       ] GC(280) - age  14:       1776 bytes,    4347328 total
[2020-10-06T06:35:26.996+0000][36436][gc,age       ] GC(280) - age  15:      10440 bytes,    4357768 total
[2020-10-06T06:35:26.996+0000][36436][gc,phases    ] GC(280)   Pre Evacuate Collection Set: 0.5ms
[2020-10-06T06:35:26.996+0000][36436][gc,phases    ] GC(280)   Merge Heap Roots: 0.1ms
[2020-10-06T06:35:26.996+0000][36436][gc,phases    ] GC(280)   Evacuate Collection Set: 3.4ms
[2020-10-06T06:35:26.996+0000][36436][gc,phases    ] GC(280)   Post Evacuate Collection Set: 1.2ms
[2020-10-06T06:35:26.996+0000][36436][gc,phases    ] GC(280)   Other: 1.2ms
[2020-10-06T06:35:26.996+0000][36436][gc,heap      ] GC(280) Eden regions: 72->0(501)
[2020-10-06T06:35:26.996+0000][36436][gc,heap      ] GC(280) Survivor regions: 4->5(64)
[2020-10-06T06:35:26.996+0000][36436][gc,heap      ] GC(280) Old regions: 78->78
[2020-10-06T06:35:26.996+0000][36436][gc,heap      ] GC(280) Archive regions: 0->0
[2020-10-06T06:35:26.996+0000][36436][gc,heap      ] GC(280) Humongous regions: 343->174
[2020-10-06T06:35:26.996+0000][36436][gc,metaspace ] GC(280) Metaspace: 88825K(94588K)->88825K(94588K) NonClass: 77631K(81020K)->77631K(81020K) Class: 11194K(13568K)->11194K(13568K)
[2020-10-06T06:35:26.996+0000][36436][gc           ] GC(280) Pause Young (Concurrent Start) (G1 Humongous Allocation) 495M->255M(1024M) 6.873ms
[2020-10-06T06:35:26.996+0000][36436][gc,cpu       ] GC(280) User=0.00s Sys=0.00s Real=0.01s
[2020-10-06T06:35:26.996+0000][36436][gc           ] GC(281) Concurrent Cycle
[2020-10-06T06:35:26.996+0000][36436][safepoint    ] Safepoint "G1TryInitiateConcMark", Time since last: 52424700 ns, Reaching safepoint: 174400 ns, At safepoint: 7158000 ns, Total: 7332400 ns
[2020-10-06T06:35:26.996+0000][36436][gc,marking   ] GC(281) Concurrent Clear Claimed Marks
[2020-10-06T06:35:26.997+0000][36436][gc,marking   ] GC(281) Concurrent Clear Claimed Marks 0.639ms
[2020-10-06T06:35:26.997+0000][36436][gc,marking   ] GC(281) Concurrent Scan Root Regions
[2020-10-06T06:35:27.001+0000][36436][gc,marking   ] GC(281) Concurrent Scan Root Regions 3.876ms
[2020-10-06T06:35:27.001+0000][36436][gc,marking   ] GC(281) Concurrent Mark (8997.200s)
[2020-10-06T06:35:27.001+0000][36436][gc,marking   ] GC(281) Concurrent Mark From Roots
[2020-10-06T06:35:27.001+0000][36436][gc,task      ] GC(281) Using 2 workers of 2 for marking
[2020-10-06T06:35:27.171+0000][36436][gc,marking   ] GC(281) Concurrent Mark From Roots 169.851ms
[2020-10-06T06:35:27.171+0000][36436][gc,marking   ] GC(281) Concurrent Preclean
[2020-10-06T06:35:27.172+0000][36436][gc,marking   ] GC(281) Concurrent Preclean 0.828ms
[2020-10-06T06:35:27.172+0000][36436][gc,marking   ] GC(281) Concurrent Mark (8997.200s, 8997.371s) 170.903ms
[2020-10-06T06:35:27.172+0000][36436][gc,start     ] GC(281) Pause Remark
[2020-10-06T06:35:27.180+0000][36436][gc           ] GC(281) Pause Remark 402M->402M(1024M) 7.308ms
[2020-10-06T06:35:27.180+0000][36436][gc,cpu       ] GC(281) User=0.13s Sys=0.00s Real=0.01s
[2020-10-06T06:35:27.180+0000][36436][safepoint    ] Safepoint "G1Concurrent", Time since last: 175842100 ns, Reaching safepoint: 163400 ns, At safepoint: 7599800 ns, Total: 7763200 ns
[2020-10-06T06:35:27.180+0000][36436][gc,marking   ] GC(281) Concurrent Rebuild Remembered Sets
[2020-10-06T06:35:27.280+0000][36436][gc,marking   ] GC(281) Concurrent Rebuild Remembered Sets 99.589ms
[2020-10-06T06:35:27.280+0000][36436][gc,start     ] GC(281) Pause Cleanup
[2020-10-06T06:35:27.280+0000][36436][gc           ] GC(281) Pause Cleanup 404M->404M(1024M) 0.391ms
[2020-10-06T06:35:27.281+0000][36436][gc,cpu       ] GC(281) User=0.00s Sys=0.00s Real=0.00s
[2020-10-06T06:35:27.281+0000][36436][safepoint    ] Safepoint "G1Concurrent", Time since last: 99847800 ns, Reaching safepoint: 147400 ns, At safepoint: 634000 ns, Total: 781400 ns
[2020-10-06T06:35:27.281+0000][36436][gc,marking   ] GC(281) Concurrent Cleanup for Next Mark
[2020-10-06T06:35:27.283+0000][36436][gc,marking   ] GC(281) Concurrent Cleanup for Next Mark 1.967ms
[2020-10-06T06:35:27.283+0000][36436][gc           ] GC(281) Concurrent Cycle 286.433ms
[2020-10-06T06:35:27.351+0000][36436][gc,start     ] GC(282) Pause Young (Concurrent Start) (G1 Humongous Allocation)
[2020-10-06T06:35:27.351+0000][36436][gc,task      ] GC(282) Using 8 workers of 8 for evacuation
[2020-10-06T06:35:27.351+0000][36436][gc,age       ] GC(282) Desired survivor size 33554432 bytes, new threshold 15 (max threshold 15)
[2020-10-06T06:35:27.356+0000][36436][gc,age       ] GC(282) Age table with threshold 15 (max threshold 15)
[2020-10-06T06:35:27.356+0000][36436][gc,age       ] GC(282) - age   1:    2724488 bytes,    2724488 total
[2020-10-06T06:35:27.356+0000][36436][gc,age       ] GC(282) - age   2:      24800 bytes,    2749288 total
[2020-10-06T06:35:27.356+0000][36436][gc,age       ] GC(282) - age   3:       1016 bytes,    2750304 total
[2020-10-06T06:35:27.356+0000][36436][gc,age       ] GC(282) - age   4:      11328 bytes,    2761632 total
[2020-10-06T06:35:27.356+0000][36436][gc,age       ] GC(282) - age   5:     161552 bytes,    2923184 total
[2020-10-06T06:35:27.356+0000][36436][gc,age       ] GC(282) - age   6:      14776 bytes,    2937960 total
[2020-10-06T06:35:27.356+0000][36436][gc,age       ] GC(282) - age   7:     446656 bytes,    3384616 total
[2020-10-06T06:35:27.356+0000][36436][gc,age       ] GC(282) - age   8:      17800 bytes,    3402416 total
[2020-10-06T06:35:27.356+0000][36436][gc,age       ] GC(282) - age   9:     151680 bytes,    3554096 total
[2020-10-06T06:35:27.356+0000][36436][gc,age       ] GC(282) - age  10:       8016 bytes,    3562112 total
[2020-10-06T06:35:27.356+0000][36436][gc,age       ] GC(282) - age  11:      75632 bytes,    3637744 total
[2020-10-06T06:35:27.356+0000][36436][gc,age       ] GC(282) - age  12:        480 bytes,    3638224 total
[2020-10-06T06:35:27.356+0000][36436][gc,age       ] GC(282) - age  13:      26736 bytes,    3664960 total
[2020-10-06T06:35:27.357+0000][36436][gc,age       ] GC(282) - age  14:       1400 bytes,    3666360 total
[2020-10-06T06:35:27.357+0000][36436][gc,age       ] GC(282) - age  15:       1712 bytes,    3668072 total
[2020-10-06T06:35:27.357+0000][36436][gc,phases    ] GC(282)   Pre Evacuate Collection Set: 0.4ms
[2020-10-06T06:35:27.357+0000][36436][gc,phases    ] GC(282)   Merge Heap Roots: 0.1ms
[2020-10-06T06:35:27.357+0000][36436][gc,phases    ] GC(282)   Evacuate Collection Set: 2.7ms
[2020-10-06T06:35:27.357+0000][36436][gc,phases    ] GC(282)   Post Evacuate Collection Set: 0.9ms
[2020-10-06T06:35:27.357+0000][36436][gc,phases    ] GC(282)   Other: 1.3ms
[2020-10-06T06:35:27.357+0000][36436][gc,heap      ] GC(282) Eden regions: 40->0(503)
[2020-10-06T06:35:27.357+0000][36436][gc,heap      ] GC(282) Survivor regions: 5->4(64)
[2020-10-06T06:35:27.357+0000][36436][gc,heap      ] GC(282) Old regions: 78->78
[2020-10-06T06:35:27.357+0000][36436][gc,heap      ] GC(282) Archive regions: 0->0
[2020-10-06T06:35:27.357+0000][36436][gc,heap      ] GC(282) Humongous regions: 288->174
[2020-10-06T06:35:27.357+0000][36436][gc,metaspace ] GC(282) Metaspace: 88852K(94588K)->88852K(94588K) NonClass: 77658K(81020K)->77658K(81020K) Class: 11194K(13568K)->11194K(13568K)
[2020-10-06T06:35:27.357+0000][36436][gc           ] GC(282) Pause Young (Concurrent Start) (G1 Humongous Allocation) 409M->255M(1024M) 5.934ms
[2020-10-06T06:35:27.357+0000][36436][gc,cpu       ] GC(282) User=0.00s Sys=0.00s Real=0.01s
[2020-10-06T06:35:27.357+0000][36436][safepoint    ] Safepoint "G1TryInitiateConcMark", Time since last: 70477700 ns, Reaching safepoint: 140900 ns, At safepoint: 6153000 ns, Total: 6293900 ns
[2020-10-06T06:35:27.357+0000][36436][gc           ] GC(283) Concurrent Cycle
[2020-10-06T06:35:27.358+0000][36436][gc,marking   ] GC(283) Concurrent Clear Claimed Marks
[2020-10-06T06:35:27.358+0000][36436][gc,marking   ] GC(283) Concurrent Clear Claimed Marks 0.758ms
[2020-10-06T06:35:27.358+0000][36436][gc,marking   ] GC(283) Concurrent Scan Root Regions
[2020-10-06T06:35:27.362+0000][36436][gc,marking   ] GC(283) Concurrent Scan Root Regions 3.120ms
[2020-10-06T06:35:27.362+0000][36436][gc,marking   ] GC(283) Concurrent Mark (8997.560s)
[2020-10-06T06:35:27.362+0000][36436][gc,marking   ] GC(283) Concurrent Mark From Roots
[2020-10-06T06:35:27.362+0000][36436][gc,task      ] GC(283) Using 2 workers of 2 for marking
[2020-10-06T06:35:27.521+0000][36436][gc,marking   ] GC(283) Concurrent Mark From Roots 158.775ms
[2020-10-06T06:35:27.521+0000][36436][gc,marking   ] GC(283) Concurrent Preclean
[2020-10-06T06:35:27.522+0000][36436][gc,marking   ] GC(283) Concurrent Preclean 0.782ms
[2020-10-06T06:35:27.522+0000][36436][gc,marking   ] GC(283) Concurrent Mark (8997.560s, 8997.720s) 159.792ms
[2020-10-06T06:35:27.522+0000][36436][gc,start     ] GC(283) Pause Remark
[2020-10-06T06:35:27.530+0000][36436][gc           ] GC(283) Pause Remark 408M->408M(1024M) 7.494ms
[2020-10-06T06:35:27.530+0000][36436][gc,cpu       ] GC(283) User=0.00s Sys=0.00s Real=0.01s
[2020-10-06T06:35:27.530+0000][36436][safepoint    ] Safepoint "G1Concurrent", Time since last: 164093500 ns, Reaching safepoint: 146700 ns, At safepoint: 7760000 ns, Total: 7906700 ns
[2020-10-06T06:35:27.530+0000][36436][gc,marking   ] GC(283) Concurrent Rebuild Remembered Sets
[2020-10-06T06:35:27.624+0000][36436][gc,marking   ] GC(283) Concurrent Rebuild Remembered Sets 93.748ms
[2020-10-06T06:35:27.624+0000][36436][gc,start     ] GC(283) Pause Cleanup
[2020-10-06T06:35:27.624+0000][36436][gc           ] GC(283) Pause Cleanup 455M->455M(1024M) 0.408ms
[2020-10-06T06:35:27.625+0000][36436][gc,cpu       ] GC(283) User=0.00s Sys=0.00s Real=0.00s
[2020-10-06T06:35:27.625+0000][36436][safepoint    ] Safepoint "G1Concurrent", Time since last: 94003600 ns, Reaching safepoint: 236600 ns, At safepoint: 602400 ns, Total: 839000 ns
[2020-10-06T06:35:27.625+0000][36436][gc,marking   ] GC(283) Concurrent Cleanup for Next Mark
[2020-10-06T06:35:27.627+0000][36436][gc,marking   ] GC(283) Concurrent Cleanup for Next Mark 2.460ms
[2020-10-06T06:35:27.627+0000][36436][gc           ] GC(283) Concurrent Cycle 269.671ms
[2020-10-06T06:35:27.628+0000][36436][gc,start     ] GC(284) Pause Young (Concurrent Start) (G1 Humongous Allocation)
[2020-10-06T06:35:27.628+0000][36436][gc,task      ] GC(284) Using 8 workers of 8 for evacuation
[2020-10-06T06:35:27.628+0000][36436][gc,age       ] GC(284) Desired survivor size 33554432 bytes, new threshold 15 (max threshold 15)
[2020-10-06T06:35:27.632+0000][36436][gc,age       ] GC(284) Age table with threshold 15 (max threshold 15)
[2020-10-06T06:35:27.633+0000][36436][gc,age       ] GC(284) - age   1:    2297256 bytes,    2297256 total
[2020-10-06T06:35:27.633+0000][36436][gc,age       ] GC(284) - age   2:      17760 bytes,    2315016 total
[2020-10-06T06:35:27.633+0000][36436][gc,age       ] GC(284) - age   3:      23240 bytes,    2338256 total
[2020-10-06T06:35:27.633+0000][36436][gc,age       ] GC(284) - age   4:        432 bytes,    2338688 total
[2020-10-06T06:35:27.633+0000][36436][gc,age       ] GC(284) - age   5:       8736 bytes,    2347424 total
[2020-10-06T06:35:27.633+0000][36436][gc,age       ] GC(284) - age   6:     161488 bytes,    2508912 total
[2020-10-06T06:35:27.633+0000][36436][gc,age       ] GC(284) - age   7:      14368 bytes,    2523280 total
[2020-10-06T06:35:27.633+0000][36436][gc,age       ] GC(284) - age   8:     446616 bytes,    2969896 total
[2020-10-06T06:35:27.633+0000][36436][gc,age       ] GC(284) - age   9:      17288 bytes,    2987184 total
[2020-10-06T06:35:27.633+0000][36436][gc,age       ] GC(284) - age  10:     151680 bytes,    3138864 total
[2020-10-06T06:35:27.633+0000][36436][gc,age       ] GC(284) - age  11:       8016 bytes,    3146880 total
[2020-10-06T06:35:27.633+0000][36436][gc,age       ] GC(284) - age  12:      75632 bytes,    3222512 total
[2020-10-06T06:35:27.633+0000][36436][gc,age       ] GC(284) - age  13:        416 bytes,    3222928 total
[2020-10-06T06:35:27.633+0000][36436][gc,age       ] GC(284) - age  14:      26736 bytes,    3249664 total
[2020-10-06T06:35:27.633+0000][36436][gc,age       ] GC(284) - age  15:       1400 bytes,    3251064 total
[2020-10-06T06:35:27.633+0000][36436][gc,phases    ] GC(284)   Pre Evacuate Collection Set: 0.4ms
[2020-10-06T06:35:27.633+0000][36436][gc,phases    ] GC(284)   Merge Heap Roots: 0.1ms
[2020-10-06T06:35:27.633+0000][36436][gc,phases    ] GC(284)   Evacuate Collection Set: 2.9ms
[2020-10-06T06:35:27.633+0000][36436][gc,phases    ] GC(284)   Post Evacuate Collection Set: 0.8ms
[2020-10-06T06:35:27.634+0000][36436][gc,phases    ] GC(284)   Other: 1.3ms
[2020-10-06T06:35:27.634+0000][36436][gc,heap      ] GC(284) Eden regions: 58->0(503)
[2020-10-06T06:35:27.634+0000][36436][gc,heap      ] GC(284) Survivor regions: 4->4(64)
[2020-10-06T06:35:27.634+0000][36436][gc,heap      ] GC(284) Old regions: 78->78
[2020-10-06T06:35:27.634+0000][36436][gc,heap      ] GC(284) Archive regions: 0->0
[2020-10-06T06:35:27.634+0000][36436][gc,heap      ] GC(284) Humongous regions: 332->174
[2020-10-06T06:35:27.634+0000][36436][gc,metaspace ] GC(284) Metaspace: 88853K(94588K)->88853K(94588K) NonClass: 77659K(81020K)->77659K(81020K) Class: 11194K(13568K)->11194K(13568K)
[2020-10-06T06:35:27.634+0000][36436][gc           ] GC(284) Pause Young (Concurrent Start) (G1 Humongous Allocation) 471M->254M(1024M) 5.991ms
[2020-10-06T06:35:27.634+0000][36436][gc,cpu       ] GC(284) User=0.09s Sys=0.02s Real=0.01s
[2020-10-06T06:35:27.634+0000][36436][safepoint    ] Safepoint "G1TryInitiateConcMark", Time since last: 3030000 ns, Reaching safepoint: 204000 ns, At safepoint: 6218500 ns, Total: 6422500 ns
[2020-10-06T06:35:27.634+0000][36436][gc           ] GC(285) Concurrent Cycle
[2020-10-06T06:35:27.634+0000][36436][gc,marking   ] GC(285) Concurrent Clear Claimed Marks
[2020-10-06T06:35:27.635+0000][36436][gc,marking   ] GC(285) Concurrent Clear Claimed Marks 0.685ms
[2020-10-06T06:35:27.635+0000][36436][gc,marking   ] GC(285) Concurrent Scan Root Regions
[2020-10-06T06:35:27.638+0000][36436][gc,marking   ] GC(285) Concurrent Scan Root Regions 3.220ms
[2020-10-06T06:35:27.638+0000][36436][gc,marking   ] GC(285) Concurrent Mark (8997.836s)
[2020-10-06T06:35:27.638+0000][36436][gc,marking   ] GC(285) Concurrent Mark From Roots
[2020-10-06T06:35:27.638+0000][36436][gc,task      ] GC(285) Using 2 workers of 2 for marking
[2020-10-06T06:35:27.789+0000][36436][gc,marking   ] GC(285) Concurrent Mark From Roots 150.453ms
[2020-10-06T06:35:27.789+0000][36436][gc,marking   ] GC(285) Concurrent Preclean
[2020-10-06T06:35:27.790+0000][36436][gc,marking   ] GC(285) Concurrent Preclean 0.977ms
[2020-10-06T06:35:27.790+0000][36436][gc,marking   ] GC(285) Concurrent Mark (8997.836s, 8997.988s) 151.670ms
[2020-10-06T06:35:27.791+0000][36436][gc,start     ] GC(285) Pause Remark
[2020-10-06T06:35:27.798+0000][36436][gc           ] GC(285) Pause Remark 367M->367M(1024M) 7.162ms
[2020-10-06T06:35:27.798+0000][36436][gc,cpu       ] GC(285) User=0.00s Sys=0.00s Real=0.01s
[2020-10-06T06:35:27.798+0000][36436][safepoint    ] Safepoint "G1Concurrent", Time since last: 156009000 ns, Reaching safepoint: 930200 ns, At safepoint: 7419800 ns, Total: 8350000 ns
[2020-10-06T06:35:27.798+0000][36436][gc,marking   ] GC(285) Concurrent Rebuild Remembered Sets
[2020-10-06T06:35:27.874+0000][36436][gc,marking   ] GC(285) Concurrent Rebuild Remembered Sets 75.194ms
[2020-10-06T06:35:27.874+0000][36436][gc,start     ] GC(285) Pause Cleanup
[2020-10-06T06:35:27.874+0000][36436][gc           ] GC(285) Pause Cleanup 428M->428M(1024M) 0.315ms
[2020-10-06T06:35:27.874+0000][36436][gc,cpu       ] GC(285) User=0.00s Sys=0.00s Real=0.00s
[2020-10-06T06:35:27.874+0000][36436][safepoint    ] Safepoint "G1Concurrent", Time since last: 75421400 ns, Reaching safepoint: 214800 ns, At safepoint: 513400 ns, Total: 728200 ns
[2020-10-06T06:35:27.875+0000][36436][gc,marking   ] GC(285) Concurrent Cleanup for Next Mark
[2020-10-06T06:35:27.876+0000][36436][gc,marking   ] GC(285) Concurrent Cleanup for Next Mark 1.655ms
[2020-10-06T06:35:27.876+0000][36436][gc           ] GC(285) Concurrent Cycle 242.352ms
[2020-10-06T06:35:27.907+0000][36436][gc,start     ] GC(286) Pause Young (Concurrent Start) (G1 Humongous Allocation)
[2020-10-06T06:35:27.907+0000][36436][gc,task      ] GC(286) Using 8 workers of 8 for evacuation
[2020-10-06T06:35:27.907+0000][36436][gc,age       ] GC(286) Desired survivor size 33554432 bytes, new threshold 15 (max threshold 15)
[2020-10-06T06:35:27.911+0000][36436][gc,age       ] GC(286) Age table with threshold 15 (max threshold 15)
[2020-10-06T06:35:27.911+0000][36436][gc,age       ] GC(286) - age   1:    2924960 bytes,    2924960 total
[2020-10-06T06:35:27.911+0000][36436][gc,age       ] GC(286) - age   2:       2840 bytes,    2927800 total
[2020-10-06T06:35:27.911+0000][36436][gc,age       ] GC(286) - age   3:      12752 bytes,    2940552 total
[2020-10-06T06:35:27.911+0000][36436][gc,age       ] GC(286) - age   4:      21712 bytes,    2962264 total
[2020-10-06T06:35:27.911+0000][36436][gc,age       ] GC(286) - age   5:        264 bytes,    2962528 total
[2020-10-06T06:35:27.911+0000][36436][gc,age       ] GC(286) - age   6:       8736 bytes,    2971264 total
[2020-10-06T06:35:27.912+0000][36436][gc,age       ] GC(286) - age   7:     161456 bytes,    3132720 total
[2020-10-06T06:35:27.912+0000][36436][gc,age       ] GC(286) - age   8:      14368 bytes,    3147088 total
[2020-10-06T06:35:27.912+0000][36436][gc,age       ] GC(286) - age   9:     444200 bytes,    3591288 total
[2020-10-06T06:35:27.912+0000][36436][gc,age       ] GC(286) - age  10:      17288 bytes,    3608576 total
[2020-10-06T06:35:27.912+0000][36436][gc,age       ] GC(286) - age  11:     151680 bytes,    3760256 total
[2020-10-06T06:35:27.912+0000][36436][gc,age       ] GC(286) - age  12:       8016 bytes,    3768272 total
[2020-10-06T06:35:27.912+0000][36436][gc,age       ] GC(286) - age  13:      75568 bytes,    3843840 total
[2020-10-06T06:35:27.912+0000][36436][gc,age       ] GC(286) - age  14:        384 bytes,    3844224 total
[2020-10-06T06:35:27.912+0000][36436][gc,age       ] GC(286) - age  15:      26736 bytes,    3870960 total
[2020-10-06T06:35:27.912+0000][36436][gc,phases    ] GC(286)   Pre Evacuate Collection Set: 0.5ms
[2020-10-06T06:35:27.912+0000][36436][gc,phases    ] GC(286)   Merge Heap Roots: 0.1ms
[2020-10-06T06:35:27.912+0000][36436][gc,phases    ] GC(286)   Evacuate Collection Set: 2.6ms
[2020-10-06T06:35:27.912+0000][36436][gc,phases    ] GC(286)   Post Evacuate Collection Set: 0.8ms
[2020-10-06T06:35:27.912+0000][36436][gc,phases    ] GC(286)   Other: 0.9ms
[2020-10-06T06:35:27.912+0000][36436][gc,heap      ] GC(286) Eden regions: 57->0(503)
[2020-10-06T06:35:27.912+0000][36436][gc,heap      ] GC(286) Survivor regions: 4->4(64)
[2020-10-06T06:35:27.912+0000][36436][gc,heap      ] GC(286) Old regions: 78->78
[2020-10-06T06:35:27.912+0000][36436][gc,heap      ] GC(286) Archive regions: 0->0
[2020-10-06T06:35:27.912+0000][36436][gc,heap      ] GC(286) Humongous regions: 306->174
[2020-10-06T06:35:27.912+0000][36436][gc,metaspace ] GC(286) Metaspace: 88868K(94588K)->88868K(94588K) NonClass: 77674K(81020K)->77674K(81020K) Class: 11194K(13568K)->11194K(13568K)
[2020-10-06T06:35:27.912+0000][36436][gc           ] GC(286) Pause Young (Concurrent Start) (G1 Humongous Allocation) 443M->255M(1024M) 5.173ms
[2020-10-06T06:35:27.912+0000][36436][gc,cpu       ] GC(286) User=0.02s Sys=0.00s Real=0.00s
[2020-10-06T06:35:27.912+0000][36436][gc           ] GC(287) Concurrent Cycle
[2020-10-06T06:35:27.912+0000][36436][safepoint    ] Safepoint "G1TryInitiateConcMark", Time since last: 31832800 ns, Reaching safepoint: 653800 ns, At safepoint: 5380800 ns, Total: 6034600 ns
[2020-10-06T06:35:27.912+0000][36436][gc,marking   ] GC(287) Concurrent Clear Claimed Marks
[2020-10-06T06:35:27.913+0000][36436][gc,marking   ] GC(287) Concurrent Clear Claimed Marks 0.524ms
[2020-10-06T06:35:27.913+0000][36436][gc,marking   ] GC(287) Concurrent Scan Root Regions
[2020-10-06T06:35:27.916+0000][36436][gc,marking   ] GC(287) Concurrent Scan Root Regions 2.980ms
[2020-10-06T06:35:27.916+0000][36436][gc,marking   ] GC(287) Concurrent Mark (8998.114s)
[2020-10-06T06:35:27.916+0000][36436][gc,marking   ] GC(287) Concurrent Mark From Roots
[2020-10-06T06:35:27.916+0000][36436][gc,task      ] GC(287) Using 2 workers of 2 for marking
[2020-10-06T06:35:28.049+0000][36436][gc,marking   ] GC(287) Concurrent Mark From Roots 132.494ms
[2020-10-06T06:35:28.049+0000][36436][gc,marking   ] GC(287) Concurrent Preclean
[2020-10-06T06:35:28.050+0000][36436][gc,marking   ] GC(287) Concurrent Preclean 1.419ms
[2020-10-06T06:35:28.050+0000][36436][gc,marking   ] GC(287) Concurrent Mark (8998.114s, 8998.249s) 134.242ms
[2020-10-06T06:35:28.051+0000][36436][gc,start     ] GC(287) Pause Remark
[2020-10-06T06:35:28.058+0000][36436][gc           ] GC(287) Pause Remark 397M->397M(1024M) 7.323ms
[2020-10-06T06:35:28.058+0000][36436][gc,cpu       ] GC(287) User=0.11s Sys=0.00s Real=0.01s
[2020-10-06T06:35:28.058+0000][36436][safepoint    ] Safepoint "G1Concurrent", Time since last: 138195800 ns, Reaching safepoint: 216600 ns, At safepoint: 7612400 ns, Total: 7829000 ns
[2020-10-06T06:35:28.058+0000][36436][gc,marking   ] GC(287) Concurrent Rebuild Remembered Sets
[2020-10-06T06:35:28.143+0000][36436][gc,marking   ] GC(287) Concurrent Rebuild Remembered Sets 85.013ms
[2020-10-06T06:35:28.143+0000][36436][gc,start     ] GC(287) Pause Cleanup
[2020-10-06T06:35:28.144+0000][36436][gc           ] GC(287) Pause Cleanup 507M->507M(1024M) 0.343ms
[2020-10-06T06:35:28.144+0000][36436][gc,cpu       ] GC(287) User=0.00s Sys=0.00s Real=0.00s
[2020-10-06T06:35:28.144+0000][36436][safepoint    ] Safepoint "G1Concurrent", Time since last: 85215300 ns, Reaching safepoint: 129400 ns, At safepoint: 513900 ns, Total: 643300 ns
[2020-10-06T06:35:28.144+0000][36436][gc,marking   ] GC(287) Concurrent Cleanup for Next Mark
[2020-10-06T06:35:28.146+0000][36436][gc,marking   ] GC(287) Concurrent Cleanup for Next Mark 1.733ms
[2020-10-06T06:35:28.146+0000][36436][gc           ] GC(287) Concurrent Cycle 233.916ms
[2020-10-06T06:35:28.240+0000][36436][gc,start     ] GC(288) Pause Young (Concurrent Start) (G1 Humongous Allocation)
[2020-10-06T06:35:28.240+0000][36436][gc,task      ] GC(288) Using 8 workers of 8 for evacuation
[2020-10-06T06:35:28.240+0000][36436][gc,age       ] GC(288) Desired survivor size 33554432 bytes, new threshold 15 (max threshold 15)
[2020-10-06T06:35:28.245+0000][36436][gc,age       ] GC(288) Age table with threshold 15 (max threshold 15)
[2020-10-06T06:35:28.245+0000][36436][gc,age       ] GC(288) - age   1:    3507736 bytes,    3507736 total
[2020-10-06T06:35:28.245+0000][36436][gc,age       ] GC(288) - age   2:     214560 bytes,    3722296 total
[2020-10-06T06:35:28.245+0000][36436][gc,age       ] GC(288) - age   3:       2272 bytes,    3724568 total
[2020-10-06T06:35:28.245+0000][36436][gc,age       ] GC(288) - age   4:       9600 bytes,    3734168 total
[2020-10-06T06:35:28.245+0000][36436][gc,age       ] GC(288) - age   5:      21520 bytes,    3755688 total
[2020-10-06T06:35:28.245+0000][36436][gc,age       ] GC(288) - age   6:        264 bytes,    3755952 total
[2020-10-06T06:35:28.245+0000][36436][gc,age       ] GC(288) - age   7:       3848 bytes,    3759800 total
[2020-10-06T06:35:28.245+0000][36436][gc,age       ] GC(288) - age   8:      70664 bytes,    3830464 total
[2020-10-06T06:35:28.245+0000][36436][gc,age       ] GC(288) - age   9:      13920 bytes,    3844384 total
[2020-10-06T06:35:28.245+0000][36436][gc,age       ] GC(288) - age  10:     443848 bytes,    4288232 total
[2020-10-06T06:35:28.245+0000][36436][gc,age       ] GC(288) - age  11:      17168 bytes,    4305400 total
[2020-10-06T06:35:28.245+0000][36436][gc,age       ] GC(288) - age  12:     150256 bytes,    4455656 total
[2020-10-06T06:35:28.245+0000][36436][gc,age       ] GC(288) - age  13:       7856 bytes,    4463512 total
[2020-10-06T06:35:28.245+0000][36436][gc,age       ] GC(288) - age  14:      75504 bytes,    4539016 total
[2020-10-06T06:35:28.245+0000][36436][gc,age       ] GC(288) - age  15:        352 bytes,    4539368 total
[2020-10-06T06:35:28.245+0000][36436][gc,phases    ] GC(288)   Pre Evacuate Collection Set: 0.6ms
[2020-10-06T06:35:28.245+0000][36436][gc,phases    ] GC(288)   Merge Heap Roots: 0.1ms
[2020-10-06T06:35:28.245+0000][36436][gc,phases    ] GC(288)   Evacuate Collection Set: 2.9ms
[2020-10-06T06:35:28.245+0000][36436][gc,phases    ] GC(288)   Post Evacuate Collection Set: 0.9ms
[2020-10-06T06:35:28.245+0000][36436][gc,phases    ] GC(288)   Other: 1.0ms
[2020-10-06T06:35:28.245+0000][36436][gc,heap      ] GC(288) Eden regions: 77->0(501)
[2020-10-06T06:35:28.245+0000][36436][gc,heap      ] GC(288) Survivor regions: 4->5(64)
[2020-10-06T06:35:28.245+0000][36436][gc,heap      ] GC(288) Old regions: 78->78
[2020-10-06T06:35:28.245+0000][36436][gc,heap      ] GC(288) Archive regions: 0->0
[2020-10-06T06:35:28.245+0000][36436][gc,heap      ] GC(288) Humongous regions: 360->174
[2020-10-06T06:35:28.245+0000][36436][gc,metaspace ] GC(288) Metaspace: 89193K(95100K)->89193K(95100K) NonClass: 77950K(81532K)->77950K(81532K) Class: 11243K(13568K)->11243K(13568K)
[2020-10-06T06:35:28.245+0000][36436][gc           ] GC(288) Pause Young (Concurrent Start) (G1 Humongous Allocation) 517M->256M(1024M) 5.856ms
[2020-10-06T06:35:28.245+0000][36436][gc,cpu       ] GC(288) User=0.00s Sys=0.00s Real=0.00s
[2020-10-06T06:35:28.246+0000][36436][safepoint    ] Safepoint "G1TryInitiateConcMark", Time since last: 95663700 ns, Reaching safepoint: 252700 ns, At safepoint: 6058400 ns, Total: 6311100 ns
[2020-10-06T06:35:28.246+0000][36436][gc           ] GC(289) Concurrent Cycle
[2020-10-06T06:35:28.246+0000][36436][gc,marking   ] GC(289) Concurrent Clear Claimed Marks
[2020-10-06T06:35:28.246+0000][36436][gc,marking   ] GC(289) Concurrent Clear Claimed Marks 0.570ms
[2020-10-06T06:35:28.246+0000][36436][gc,marking   ] GC(289) Concurrent Scan Root Regions
[2020-10-06T06:35:28.250+0000][36436][gc,marking   ] GC(289) Concurrent Scan Root Regions 3.547ms
[2020-10-06T06:35:28.250+0000][36436][gc,marking   ] GC(289) Concurrent Mark (8998.449s)
[2020-10-06T06:35:28.250+0000][36436][gc,marking   ] GC(289) Concurrent Mark From Roots
[2020-10-06T06:35:28.250+0000][36436][gc,task      ] GC(289) Using 2 workers of 2 for marking
[2020-10-06T06:35:28.365+0000][36436][gc,marking   ] GC(289) Concurrent Mark From Roots 115.136ms
[2020-10-06T06:35:28.365+0000][36436][gc,marking   ] GC(289) Concurrent Preclean
[2020-10-06T06:35:28.366+0000][36436][gc,marking   ] GC(289) Concurrent Preclean 0.660ms
[2020-10-06T06:35:28.366+0000][36436][gc,marking   ] GC(289) Concurrent Mark (8998.449s, 8998.565s) 115.948ms
[2020-10-06T06:35:28.366+0000][36436][gc,start     ] GC(289) Pause Remark
[2020-10-06T06:35:28.374+0000][36436][gc           ] GC(289) Pause Remark 399M->399M(1024M) 7.145ms
[2020-10-06T06:35:28.374+0000][36436][gc,cpu       ] GC(289) User=0.00s Sys=0.00s Real=0.01s
[2020-10-06T06:35:28.374+0000][36436][safepoint    ] Safepoint "G1Concurrent", Time since last: 120487900 ns, Reaching safepoint: 163000 ns, At safepoint: 7447800 ns, Total: 7610800 ns
[2020-10-06T06:35:28.374+0000][36436][gc,marking   ] GC(289) Concurrent Rebuild Remembered Sets
[2020-10-06T06:35:28.439+0000][36436][gc,marking   ] GC(289) Concurrent Rebuild Remembered Sets 65.004ms
[2020-10-06T06:35:28.439+0000][36436][gc,start     ] GC(289) Pause Cleanup
[2020-10-06T06:35:28.439+0000][36436][gc           ] GC(289) Pause Cleanup 401M->401M(1024M) 0.366ms
[2020-10-06T06:35:28.439+0000][36436][gc,cpu       ] GC(289) User=0.00s Sys=0.00s Real=0.00s
[2020-10-06T06:35:28.439+0000][36436][safepoint    ] Safepoint "G1Concurrent", Time since last: 65186600 ns, Reaching safepoint: 155000 ns, At safepoint: 543800 ns, Total: 698800 ns
[2020-10-06T06:35:28.439+0000][36436][gc,marking   ] GC(289) Concurrent Cleanup for Next Mark
[2020-10-06T06:35:28.441+0000][36436][gc,marking   ] GC(289) Concurrent Cleanup for Next Mark 1.716ms
[2020-10-06T06:35:28.441+0000][36436][gc           ] GC(289) Concurrent Cycle 195.938ms
[2020-10-06T06:35:28.451+0000][36436][gc,start     ] GC(290) Pause Young (Concurrent Start) (G1 Humongous Allocation)
[2020-10-06T06:35:28.451+0000][36436][gc,task      ] GC(290) Using 8 workers of 8 for evacuation
[2020-10-06T06:35:28.452+0000][36436][gc,age       ] GC(290) Desired survivor size 33554432 bytes, new threshold 15 (max threshold 15)
[2020-10-06T06:35:28.455+0000][36436][gc,age       ] GC(290) Age table with threshold 15 (max threshold 15)
[2020-10-06T06:35:28.456+0000][36436][gc,age       ] GC(290) - age   1:    2790456 bytes,    2790456 total
[2020-10-06T06:35:28.456+0000][36436][gc,age       ] GC(290) - age   2:     164024 bytes,    2954480 total
[2020-10-06T06:35:28.456+0000][36436][gc,age       ] GC(290) - age   3:      11096 bytes,    2965576 total
[2020-10-06T06:35:28.456+0000][36436][gc,age       ] GC(290) - age   4:       2080 bytes,    2967656 total
[2020-10-06T06:35:28.456+0000][36436][gc,age       ] GC(290) - age   5:       9464 bytes,    2977120 total
[2020-10-06T06:35:28.456+0000][36436][gc,age       ] GC(290) - age   6:      21488 bytes,    2998608 total
[2020-10-06T06:35:28.456+0000][36436][gc,age       ] GC(290) - age   7:        264 bytes,    2998872 total
[2020-10-06T06:35:28.456+0000][36436][gc,age       ] GC(290) - age   8:       3848 bytes,    3002720 total
[2020-10-06T06:35:28.456+0000][36436][gc,age       ] GC(290) - age   9:      70568 bytes,    3073288 total
[2020-10-06T06:35:28.456+0000][36436][gc,age       ] GC(290) - age  10:      13856 bytes,    3087144 total
[2020-10-06T06:35:28.456+0000][36436][gc,age       ] GC(290) - age  11:     443752 bytes,    3530896 total
[2020-10-06T06:35:28.456+0000][36436][gc,age       ] GC(290) - age  12:      17136 bytes,    3548032 total
[2020-10-06T06:35:28.456+0000][36436][gc,age       ] GC(290) - age  13:     143664 bytes,    3691696 total
[2020-10-06T06:35:28.456+0000][36436][gc,age       ] GC(290) - age  14:       7856 bytes,    3699552 total
[2020-10-06T06:35:28.456+0000][36436][gc,age       ] GC(290) - age  15:      75504 bytes,    3775056 total
[2020-10-06T06:35:28.456+0000][36436][gc,phases    ] GC(290)   Pre Evacuate Collection Set: 0.4ms
[2020-10-06T06:35:28.456+0000][36436][gc,phases    ] GC(290)   Merge Heap Roots: 0.1ms
[2020-10-06T06:35:28.456+0000][36436][gc,phases    ] GC(290)   Evacuate Collection Set: 2.6ms
[2020-10-06T06:35:28.456+0000][36436][gc,phases    ] GC(290)   Post Evacuate Collection Set: 0.7ms
[2020-10-06T06:35:28.456+0000][36436][gc,phases    ] GC(290)   Other: 0.8ms
[2020-10-06T06:35:28.456+0000][36436][gc,heap      ] GC(290) Eden regions: 36->0(503)
[2020-10-06T06:35:28.456+0000][36436][gc,heap      ] GC(290) Survivor regions: 5->4(64)
[2020-10-06T06:35:28.456+0000][36436][gc,heap      ] GC(290) Old regions: 78->78
[2020-10-06T06:35:28.456+0000][36436][gc,heap      ] GC(290) Archive regions: 0->0
[2020-10-06T06:35:28.456+0000][36436][gc,heap      ] GC(290) Humongous regions: 288->174
[2020-10-06T06:35:28.456+0000][36436][gc,metaspace ] GC(290) Metaspace: 89301K(95228K)->89301K(95228K) NonClass: 78033K(81532K)->78033K(81532K) Class: 11268K(13696K)->11268K(13696K)
[2020-10-06T06:35:28.456+0000][36436][gc           ] GC(290) Pause Young (Concurrent Start) (G1 Humongous Allocation) 406M->255M(1024M) 4.964ms
[2020-10-06T06:35:28.456+0000][36436][gc,cpu       ] GC(290) User=0.00s Sys=0.00s Real=0.01s
[2020-10-06T06:35:28.456+0000][36436][safepoint    ] Safepoint "G1TryInitiateConcMark", Time since last: 11894200 ns, Reaching safepoint: 144500 ns, At safepoint: 5119700 ns, Total: 5264200 ns
[2020-10-06T06:35:28.457+0000][36436][gc           ] GC(291) Concurrent Cycle
[2020-10-06T06:35:28.457+0000][36436][gc,marking   ] GC(291) Concurrent Clear Claimed Marks
[2020-10-06T06:35:28.457+0000][36436][gc,marking   ] GC(291) Concurrent Clear Claimed Marks 0.527ms
[2020-10-06T06:35:28.457+0000][36436][gc,marking   ] GC(291) Concurrent Scan Root Regions
[2020-10-06T06:35:28.460+0000][36436][gc,marking   ] GC(291) Concurrent Scan Root Regions 2.542ms
[2020-10-06T06:35:28.460+0000][36436][gc,marking   ] GC(291) Concurrent Mark (8998.659s)
[2020-10-06T06:35:28.460+0000][36436][gc,marking   ] GC(291) Concurrent Mark From Roots
[2020-10-06T06:35:28.460+0000][36436][gc,task      ] GC(291) Using 2 workers of 2 for marking
[2020-10-06T06:35:28.554+0000][36436][gc,marking   ] GC(291) Concurrent Mark From Roots 93.642ms
[2020-10-06T06:35:28.554+0000][36436][gc,marking   ] GC(291) Concurrent Preclean
[2020-10-06T06:35:28.554+0000][36436][gc,marking   ] GC(291) Concurrent Preclean 0.505ms
[2020-10-06T06:35:28.554+0000][36436][gc,marking   ] GC(291) Concurrent Mark (8998.659s, 8998.753s) 94.283ms
[2020-10-06T06:35:28.554+0000][36436][gc,start     ] GC(291) Pause Remark
[2020-10-06T06:35:28.561+0000][36436][gc           ] GC(291) Pause Remark 410M->410M(1024M) 6.575ms
[2020-10-06T06:35:28.561+0000][36436][gc,cpu       ] GC(291) User=0.00s Sys=0.00s Real=0.01s
[2020-10-06T06:35:28.561+0000][36436][safepoint    ] Safepoint "G1Concurrent", Time since last: 97749200 ns, Reaching safepoint: 136700 ns, At safepoint: 6763700 ns, Total: 6900400 ns
[2020-10-06T06:35:28.561+0000][36436][gc,marking   ] GC(291) Concurrent Rebuild Remembered Sets
[2020-10-06T06:35:28.632+0000][36436][gc,marking   ] GC(291) Concurrent Rebuild Remembered Sets 70.796ms
[2020-10-06T06:35:28.632+0000][36436][gc,start     ] GC(291) Pause Cleanup
[2020-10-06T06:35:28.633+0000][36436][gc           ] GC(291) Pause Cleanup 499M->499M(1024M) 0.257ms
[2020-10-06T06:35:28.633+0000][36436][gc,cpu       ] GC(291) User=0.00s Sys=0.00s Real=0.00s
[2020-10-06T06:35:28.633+0000][36436][safepoint    ] Safepoint "G1Concurrent", Time since last: 70956900 ns, Reaching safepoint: 151200 ns, At safepoint: 395200 ns, Total: 546400 ns
[2020-10-06T06:35:28.633+0000][36436][gc,marking   ] GC(291) Concurrent Cleanup for Next Mark
[2020-10-06T06:35:28.634+0000][36436][gc,marking   ] GC(291) Concurrent Cleanup for Next Mark 1.336ms
[2020-10-06T06:35:28.634+0000][36436][gc           ] GC(291) Concurrent Cycle 177.666ms
[2020-10-06T06:35:28.660+0000][36436][gc,start     ] GC(292) Pause Young (Concurrent Start) (G1 Humongous Allocation)
[2020-10-06T06:35:28.660+0000][36436][gc,task      ] GC(292) Using 8 workers of 8 for evacuation
[2020-10-06T06:35:28.660+0000][36436][gc,age       ] GC(292) Desired survivor size 33554432 bytes, new threshold 15 (max threshold 15)
[2020-10-06T06:35:28.665+0000][36436][gc,age       ] GC(292) Age table with threshold 15 (max threshold 15)
[2020-10-06T06:35:28.665+0000][36436][gc,age       ] GC(292) - age   1:    3404456 bytes,    3404456 total
[2020-10-06T06:35:28.665+0000][36436][gc,age       ] GC(292) - age   2:      77840 bytes,    3482296 total
[2020-10-06T06:35:28.665+0000][36436][gc,age       ] GC(292) - age   3:     163160 bytes,    3645456 total
[2020-10-06T06:35:28.665+0000][36436][gc,age       ] GC(292) - age   4:      10200 bytes,    3655656 total
[2020-10-06T06:35:28.665+0000][36436][gc,age       ] GC(292) - age   5:       1624 bytes,    3657280 total
[2020-10-06T06:35:28.665+0000][36436][gc,age       ] GC(292) - age   6:       9320 bytes,    3666600 total
[2020-10-06T06:35:28.665+0000][36436][gc,age       ] GC(292) - age   7:      21040 bytes,    3687640 total
[2020-10-06T06:35:28.665+0000][36436][gc,age       ] GC(292) - age   8:        264 bytes,    3687904 total
[2020-10-06T06:35:28.665+0000][36436][gc,age       ] GC(292) - age   9:       1416 bytes,    3689320 total
[2020-10-06T06:35:28.665+0000][36436][gc,age       ] GC(292) - age  10:      70568 bytes,    3759888 total
[2020-10-06T06:35:28.665+0000][36436][gc,age       ] GC(292) - age  11:      13504 bytes,    3773392 total
[2020-10-06T06:35:28.665+0000][36436][gc,age       ] GC(292) - age  12:     443752 bytes,    4217144 total
[2020-10-06T06:35:28.665+0000][36436][gc,age       ] GC(292) - age  13:      17136 bytes,    4234280 total
[2020-10-06T06:35:28.665+0000][36436][gc,age       ] GC(292) - age  14:     143600 bytes,    4377880 total
[2020-10-06T06:35:28.665+0000][36436][gc,age       ] GC(292) - age  15:       7856 bytes,    4385736 total
[2020-10-06T06:35:28.665+0000][36436][gc,phases    ] GC(292)   Pre Evacuate Collection Set: 0.4ms
[2020-10-06T06:35:28.665+0000][36436][gc,phases    ] GC(292)   Merge Heap Roots: 0.1ms
[2020-10-06T06:35:28.665+0000][36436][gc,phases    ] GC(292)   Evacuate Collection Set: 3.4ms
[2020-10-06T06:35:28.665+0000][36436][gc,phases    ] GC(292)   Post Evacuate Collection Set: 0.8ms
[2020-10-06T06:35:28.665+0000][36436][gc,phases    ] GC(292)   Other: 0.8ms
[2020-10-06T06:35:28.665+0000][36436][gc,heap      ] GC(292) Eden regions: 73->0(501)
[2020-10-06T06:35:28.665+0000][36436][gc,heap      ] GC(292) Survivor regions: 4->5(64)
[2020-10-06T06:35:28.665+0000][36436][gc,heap      ] GC(292) Old regions: 78->78
[2020-10-06T06:35:28.665+0000][36436][gc,heap      ] GC(292) Archive regions: 0->0
[2020-10-06T06:35:28.665+0000][36436][gc,heap      ] GC(292) Humongous regions: 355->174
[2020-10-06T06:35:28.666+0000][36436][gc,metaspace ] GC(292) Metaspace: 89301K(95228K)->89301K(95228K) NonClass: 78033K(81532K)->78033K(81532K) Class: 11268K(13696K)->11268K(13696K)
[2020-10-06T06:35:28.666+0000][36436][gc           ] GC(292) Pause Young (Concurrent Start) (G1 Humongous Allocation) 509M->256M(1024M) 5.937ms
[2020-10-06T06:35:28.666+0000][36436][gc,cpu       ] GC(292) User=0.11s Sys=0.00s Real=0.01s
[2020-10-06T06:35:28.666+0000][36436][safepoint    ] Safepoint "G1TryInitiateConcMark", Time since last: 26113600 ns, Reaching safepoint: 154500 ns, At safepoint: 6083800 ns, Total: 6238300 ns
[2020-10-06T06:35:28.666+0000][36436][gc           ] GC(293) Concurrent Cycle
[2020-10-06T06:35:28.666+0000][36436][gc,marking   ] GC(293) Concurrent Clear Claimed Marks
[2020-10-06T06:35:28.666+0000][36436][gc,marking   ] GC(293) Concurrent Clear Claimed Marks 0.336ms
[2020-10-06T06:35:28.666+0000][36436][gc,marking   ] GC(293) Concurrent Scan Root Regions
[2020-10-06T06:35:28.669+0000][36436][gc,marking   ] GC(293) Concurrent Scan Root Regions 2.440ms
[2020-10-06T06:35:28.669+0000][36436][gc,marking   ] GC(293) Concurrent Mark (8998.867s)
[2020-10-06T06:35:28.669+0000][36436][gc,marking   ] GC(293) Concurrent Mark From Roots
[2020-10-06T06:35:28.669+0000][36436][gc,task      ] GC(293) Using 2 workers of 2 for marking
[2020-10-06T06:35:28.771+0000][36436][gc,marking   ] GC(293) Concurrent Mark From Roots 102.120ms
[2020-10-06T06:35:28.771+0000][36436][gc,marking   ] GC(293) Concurrent Preclean
[2020-10-06T06:35:28.771+0000][36436][gc,marking   ] GC(293) Concurrent Preclean 0.510ms
[2020-10-06T06:35:28.772+0000][36436][gc,marking   ] GC(293) Concurrent Mark (8998.867s, 8998.970s) 102.794ms
[2020-10-06T06:35:28.772+0000][36436][gc,start     ] GC(293) Pause Remark
[2020-10-06T06:35:28.778+0000][36436][gc           ] GC(293) Pause Remark 330M->330M(1024M) 6.564ms
[2020-10-06T06:35:28.778+0000][36436][gc,cpu       ] GC(293) User=0.00s Sys=0.00s Real=0.01s
[2020-10-06T06:35:28.779+0000][36436][safepoint    ] Safepoint "G1Concurrent", Time since last: 105906100 ns, Reaching safepoint: 134500 ns, At safepoint: 6811800 ns, Total: 6946300 ns
[2020-10-06T06:35:28.779+0000][36436][gc,marking   ] GC(293) Concurrent Rebuild Remembered Sets
[2020-10-06T06:35:28.844+0000][36436][gc,marking   ] GC(293) Concurrent Rebuild Remembered Sets 65.494ms
[2020-10-06T06:35:28.845+0000][36436][gc,start     ] GC(293) Pause Cleanup
[2020-10-06T06:35:28.845+0000][36436][gc           ] GC(293) Pause Cleanup 330M->330M(1024M) 0.313ms
[2020-10-06T06:35:28.845+0000][36436][gc,cpu       ] GC(293) User=0.00s Sys=0.00s Real=0.00s
[2020-10-06T06:35:28.845+0000][36436][safepoint    ] Safepoint "G1Concurrent", Time since last: 65756600 ns, Reaching safepoint: 155600 ns, At safepoint: 449400 ns, Total: 605000 ns
[2020-10-06T06:35:28.845+0000][36436][gc,marking   ] GC(293) Concurrent Cleanup for Next Mark
[2020-10-06T06:35:28.846+0000][36436][gc,marking   ] GC(293) Concurrent Cleanup for Next Mark 1.319ms
[2020-10-06T06:35:28.847+0000][36436][gc           ] GC(293) Concurrent Cycle 180.694ms
[2020-10-06T06:35:29.443+0000][36436][gc,start     ] GC(294) Pause Young (Concurrent Start) (G1 Humongous Allocation)
[2020-10-06T06:35:29.443+0000][36436][gc,task      ] GC(294) Using 8 workers of 8 for evacuation
[2020-10-06T06:35:29.443+0000][36436][gc,age       ] GC(294) Desired survivor size 33554432 bytes, new threshold 15 (max threshold 15)
[2020-10-06T06:35:29.447+0000][36436][gc,age       ] GC(294) Age table with threshold 15 (max threshold 15)
[2020-10-06T06:35:29.447+0000][36436][gc,age       ] GC(294) - age   1:    2856272 bytes,    2856272 total
[2020-10-06T06:35:29.447+0000][36436][gc,age       ] GC(294) - age   2:       4272 bytes,    2860544 total
[2020-10-06T06:35:29.447+0000][36436][gc,age       ] GC(294) - age   3:      74216 bytes,    2934760 total
[2020-10-06T06:35:29.447+0000][36436][gc,age       ] GC(294) - age   4:      72808 bytes,    3007568 total
[2020-10-06T06:35:29.447+0000][36436][gc,age       ] GC(294) - age   5:       8984 bytes,    3016552 total
[2020-10-06T06:35:29.447+0000][36436][gc,age       ] GC(294) - age   6:       1624 bytes,    3018176 total
[2020-10-06T06:35:29.447+0000][36436][gc,age       ] GC(294) - age   7:       7040 bytes,    3025216 total
[2020-10-06T06:35:29.447+0000][36436][gc,age       ] GC(294) - age   8:      20952 bytes,    3046168 total
[2020-10-06T06:35:29.447+0000][36436][gc,age       ] GC(294) - age   9:        264 bytes,    3046432 total
[2020-10-06T06:35:29.448+0000][36436][gc,age       ] GC(294) - age  10:       1384 bytes,    3047816 total
[2020-10-06T06:35:29.448+0000][36436][gc,age       ] GC(294) - age  11:      70504 bytes,    3118320 total
[2020-10-06T06:35:29.448+0000][36436][gc,age       ] GC(294) - age  12:      13504 bytes,    3131824 total
[2020-10-06T06:35:29.448+0000][36436][gc,age       ] GC(294) - age  13:     443552 bytes,    3575376 total
[2020-10-06T06:35:29.448+0000][36436][gc,age       ] GC(294) - age  14:      17136 bytes,    3592512 total
[2020-10-06T06:35:29.448+0000][36436][gc,age       ] GC(294) - age  15:     112688 bytes,    3705200 total
[2020-10-06T06:35:29.448+0000][36436][gc,phases    ] GC(294)   Pre Evacuate Collection Set: 0.4ms
[2020-10-06T06:35:29.448+0000][36436][gc,phases    ] GC(294)   Merge Heap Roots: 0.1ms
[2020-10-06T06:35:29.448+0000][36436][gc,phases    ] GC(294)   Evacuate Collection Set: 2.7ms
[2020-10-06T06:35:29.448+0000][36436][gc,phases    ] GC(294)   Post Evacuate Collection Set: 0.8ms
[2020-10-06T06:35:29.448+0000][36436][gc,phases    ] GC(294)   Other: 0.8ms
[2020-10-06T06:35:29.448+0000][36436][gc,heap      ] GC(294) Eden regions: 39->0(503)
[2020-10-06T06:35:29.448+0000][36436][gc,heap      ] GC(294) Survivor regions: 5->4(64)
[2020-10-06T06:35:29.448+0000][36436][gc,heap      ] GC(294) Old regions: 78->78
[2020-10-06T06:35:29.448+0000][36436][gc,heap      ] GC(294) Archive regions: 0->0
[2020-10-06T06:35:29.448+0000][36436][gc,heap      ] GC(294) Humongous regions: 231->174
[2020-10-06T06:35:29.448+0000][36436][gc,metaspace ] GC(294) Metaspace: 89422K(95228K)->89422K(95228K) NonClass: 78142K(81532K)->78142K(81532K) Class: 11280K(13696K)->11280K(13696K)
[2020-10-06T06:35:29.448+0000][36436][gc           ] GC(294) Pause Young (Concurrent Start) (G1 Humongous Allocation) 351M->255M(1024M) 5.126ms
[2020-10-06T06:35:29.448+0000][36436][gc,cpu       ] GC(294) User=0.00s Sys=0.00s Real=0.00s
[2020-10-06T06:35:29.448+0000][36436][safepoint    ] Safepoint "G1TryInitiateConcMark", Time since last: 597598600 ns, Reaching safepoint: 218000 ns, At safepoint: 5279300 ns, Total: 5497300 ns
[2020-10-06T06:35:29.448+0000][36436][gc           ] GC(295) Concurrent Cycle
[2020-10-06T06:35:29.448+0000][36436][gc,marking   ] GC(295) Concurrent Clear Claimed Marks
[2020-10-06T06:35:29.449+0000][36436][gc,marking   ] GC(295) Concurrent Clear Claimed Marks 0.420ms
[2020-10-06T06:35:29.449+0000][36436][gc,marking   ] GC(295) Concurrent Scan Root Regions
[2020-10-06T06:35:29.452+0000][36436][gc,marking   ] GC(295) Concurrent Scan Root Regions 3.514ms
[2020-10-06T06:35:29.452+0000][36436][gc,marking   ] GC(295) Concurrent Mark (8999.651s)
[2020-10-06T06:35:29.452+0000][36436][gc,marking   ] GC(295) Concurrent Mark From Roots
[2020-10-06T06:35:29.452+0000][36436][gc,task      ] GC(295) Using 2 workers of 2 for marking
[2020-10-06T06:35:29.592+0000][36436][gc,marking   ] GC(295) Concurrent Mark From Roots 139.700ms
[2020-10-06T06:35:29.592+0000][36436][gc,marking   ] GC(295) Concurrent Preclean
[2020-10-06T06:35:29.593+0000][36436][gc,marking   ] GC(295) Concurrent Preclean 0.896ms
[2020-10-06T06:35:29.593+0000][36436][gc,marking   ] GC(295) Concurrent Mark (8999.651s, 8999.791s) 140.785ms
[2020-10-06T06:35:29.593+0000][36436][gc,start     ] GC(295) Pause Remark
[2020-10-06T06:35:29.600+0000][36436][gc           ] GC(295) Pause Remark 424M->424M(1024M) 6.810ms
[2020-10-06T06:35:29.600+0000][36436][gc,cpu       ] GC(295) User=0.09s Sys=0.02s Real=0.01s
[2020-10-06T06:35:29.601+0000][36436][safepoint    ] Safepoint "G1Concurrent", Time since last: 145070100 ns, Reaching safepoint: 188100 ns, At safepoint: 7310100 ns, Total: 7498200 ns
[2020-10-06T06:35:29.601+0000][36436][gc,marking   ] GC(295) Concurrent Rebuild Remembered Sets
[2020-10-06T06:35:29.693+0000][36436][gc,marking   ] GC(295) Concurrent Rebuild Remembered Sets 91.991ms
[2020-10-06T06:35:29.693+0000][36436][gc,start     ] GC(295) Pause Cleanup
[2020-10-06T06:35:29.694+0000][36436][gc           ] GC(295) Pause Cleanup 433M->433M(1024M) 0.379ms
[2020-10-06T06:35:29.694+0000][36436][gc,cpu       ] GC(295) User=0.00s Sys=0.00s Real=0.00s
[2020-10-06T06:35:29.694+0000][36436][safepoint    ] Safepoint "G1Concurrent", Time since last: 92256000 ns, Reaching safepoint: 143900 ns, At safepoint: 593300 ns, Total: 737200 ns
[2020-10-06T06:35:29.694+0000][36436][gc,marking   ] GC(295) Concurrent Cleanup for Next Mark
[2020-10-06T06:35:29.696+0000][36436][gc,marking   ] GC(295) Concurrent Cleanup for Next Mark 2.038ms
[2020-10-06T06:35:29.696+0000][36436][gc           ] GC(295) Concurrent Cycle 247.831ms
[2020-10-06T06:35:29.764+0000][36436][gc,start     ] GC(296) Pause Young (Concurrent Start) (G1 Humongous Allocation)
[2020-10-06T06:35:29.764+0000][36436][gc,task      ] GC(296) Using 8 workers of 8 for evacuation
[2020-10-06T06:35:29.764+0000][36436][gc,age       ] GC(296) Desired survivor size 33554432 bytes, new threshold 15 (max threshold 15)
[2020-10-06T06:35:29.769+0000][36436][gc,age       ] GC(296) Age table with threshold 15 (max threshold 15)
[2020-10-06T06:35:29.769+0000][36436][gc,age       ] GC(296) - age   1:    2716872 bytes,    2716872 total
[2020-10-06T06:35:29.769+0000][36436][gc,age       ] GC(296) - age   2:     143824 bytes,    2860696 total
[2020-10-06T06:35:29.769+0000][36436][gc,age       ] GC(296) - age   3:       2952 bytes,    2863648 total
[2020-10-06T06:35:29.769+0000][36436][gc,age       ] GC(296) - age   4:      74152 bytes,    2937800 total
[2020-10-06T06:35:29.769+0000][36436][gc,age       ] GC(296) - age   5:      72360 bytes,    3010160 total
[2020-10-06T06:35:29.769+0000][36436][gc,age       ] GC(296) - age   6:       8856 bytes,    3019016 total
[2020-10-06T06:35:29.769+0000][36436][gc,age       ] GC(296) - age   7:       1496 bytes,    3020512 total
[2020-10-06T06:35:29.769+0000][36436][gc,age       ] GC(296) - age   8:       4544 bytes,    3025056 total
[2020-10-06T06:35:29.769+0000][36436][gc,age       ] GC(296) - age   9:      20880 bytes,    3045936 total
[2020-10-06T06:35:29.769+0000][36436][gc,age       ] GC(296) - age  10:        264 bytes,    3046200 total
[2020-10-06T06:35:29.769+0000][36436][gc,age       ] GC(296) - age  11:       1384 bytes,    3047584 total
[2020-10-06T06:35:29.769+0000][36436][gc,age       ] GC(296) - age  12:      70504 bytes,    3118088 total
[2020-10-06T06:35:29.769+0000][36436][gc,age       ] GC(296) - age  13:      13408 bytes,    3131496 total
[2020-10-06T06:35:29.769+0000][36436][gc,age       ] GC(296) - age  14:     443552 bytes,    3575048 total
[2020-10-06T06:35:29.769+0000][36436][gc,age       ] GC(296) - age  15:      17136 bytes,    3592184 total
[2020-10-06T06:35:29.769+0000][36436][gc,phases    ] GC(296)   Pre Evacuate Collection Set: 0.4ms
[2020-10-06T06:35:29.769+0000][36436][gc,phases    ] GC(296)   Merge Heap Roots: 0.1ms
[2020-10-06T06:35:29.769+0000][36436][gc,phases    ] GC(296)   Evacuate Collection Set: 3.2ms
[2020-10-06T06:35:29.769+0000][36436][gc,phases    ] GC(296)   Post Evacuate Collection Set: 0.7ms
[2020-10-06T06:35:29.769+0000][36436][gc,phases    ] GC(296)   Other: 0.9ms
[2020-10-06T06:35:29.769+0000][36436][gc,heap      ] GC(296) Eden regions: 60->0(503)
[2020-10-06T06:35:29.769+0000][36436][gc,heap      ] GC(296) Survivor regions: 4->4(64)
[2020-10-06T06:35:29.769+0000][36436][gc,heap      ] GC(296) Old regions: 78->78
[2020-10-06T06:35:29.769+0000][36436][gc,heap      ] GC(296) Archive regions: 0->0
[2020-10-06T06:35:29.769+0000][36436][gc,heap      ] GC(296) Humongous regions: 298->174
[2020-10-06T06:35:29.769+0000][36436][gc,metaspace ] GC(296) Metaspace: 89429K(95228K)->89429K(95228K) NonClass: 78149K(81532K)->78149K(81532K) Class: 11280K(13696K)->11280K(13696K)
[2020-10-06T06:35:29.769+0000][36436][gc           ] GC(296) Pause Young (Concurrent Start) (G1 Humongous Allocation) 438M->255M(1024M) 5.716ms
[2020-10-06T06:35:29.769+0000][36436][gc,cpu       ] GC(296) User=0.00s Sys=0.00s Real=0.01s
[2020-10-06T06:35:29.770+0000][36436][safepoint    ] Safepoint "G1TryInitiateConcMark", Time since last: 69728900 ns, Reaching safepoint: 143000 ns, At safepoint: 5899400 ns, Total: 6042400 ns
[2020-10-06T06:35:29.770+0000][36436][gc           ] GC(297) Concurrent Cycle
[2020-10-06T06:35:29.770+0000][36436][gc,marking   ] GC(297) Concurrent Clear Claimed Marks
[2020-10-06T06:35:29.770+0000][36436][gc,marking   ] GC(297) Concurrent Clear Claimed Marks 0.391ms
[2020-10-06T06:35:29.770+0000][36436][gc,marking   ] GC(297) Concurrent Scan Root Regions
[2020-10-06T06:35:29.774+0000][36436][gc,marking   ] GC(297) Concurrent Scan Root Regions 4.205ms
[2020-10-06T06:35:29.774+0000][36436][gc,marking   ] GC(297) Concurrent Mark (8999.973s)
[2020-10-06T06:35:29.774+0000][36436][gc,marking   ] GC(297) Concurrent Mark From Roots
[2020-10-06T06:35:29.775+0000][36436][gc,task      ] GC(297) Using 2 workers of 2 for marking
[2020-10-06T06:35:29.928+0000][36436][gc,marking   ] GC(297) Concurrent Mark From Roots 154.013ms
[2020-10-06T06:35:29.928+0000][36436][gc,marking   ] GC(297) Concurrent Preclean
[2020-10-06T06:35:29.929+0000][36436][gc,marking   ] GC(297) Concurrent Preclean 0.843ms
[2020-10-06T06:35:29.929+0000][36436][gc,marking   ] GC(297) Concurrent Mark (8999.973s, 9000.128s) 155.072ms
[2020-10-06T06:35:29.929+0000][36436][gc,start     ] GC(297) Pause Remark
[2020-10-06T06:35:29.936+0000][36436][gc           ] GC(297) Pause Remark 427M->427M(1024M) 6.898ms
[2020-10-06T06:35:29.936+0000][36436][gc,cpu       ] GC(297) User=0.00s Sys=0.00s Real=0.01s
[2020-10-06T06:35:29.936+0000][36436][safepoint    ] Safepoint "G1Concurrent", Time since last: 160041900 ns, Reaching safepoint: 131500 ns, At safepoint: 7518400 ns, Total: 7649900 ns
[2020-10-06T06:35:29.937+0000][36436][gc,marking   ] GC(297) Concurrent Rebuild Remembered Sets
[2020-10-06T06:35:30.031+0000][36436][gc,marking   ] GC(297) Concurrent Rebuild Remembered Sets 94.830ms
[2020-10-06T06:35:30.032+0000][36436][gc,start     ] GC(297) Pause Cleanup
[2020-10-06T06:35:30.032+0000][36436][gc           ] GC(297) Pause Cleanup 506M->506M(1024M) 0.365ms
[2020-10-06T06:35:30.032+0000][36436][gc,cpu       ] GC(297) User=0.00s Sys=0.00s Real=0.00s
[2020-10-06T06:35:30.032+0000][36436][safepoint    ] Safepoint "G1Concurrent", Time since last: 95049500 ns, Reaching safepoint: 143100 ns, At safepoint: 574400 ns, Total: 717500 ns
[2020-10-06T06:35:30.032+0000][36436][gc,marking   ] GC(297) Concurrent Cleanup for Next Mark
[2020-10-06T06:35:30.034+0000][36436][gc,marking   ] GC(297) Concurrent Cleanup for Next Mark 2.114ms
[2020-10-06T06:35:30.035+0000][36436][gc           ] GC(297) Concurrent Cycle 265.814ms
[2020-10-06T06:35:30.039+0000][36436][gc,start     ] GC(298) Pause Young (Concurrent Start) (G1 Humongous Allocation)
[2020-10-06T06:35:30.039+0000][36436][gc,task      ] GC(298) Using 8 workers of 8 for evacuation
[2020-10-06T06:35:30.039+0000][36436][gc,age       ] GC(298) Desired survivor size 33554432 bytes, new threshold 15 (max threshold 15)
[2020-10-06T06:35:30.044+0000][36436][gc,age       ] GC(298) Age table with threshold 15 (max threshold 15)
[2020-10-06T06:35:30.044+0000][36436][gc,age       ] GC(298) - age   1:    3407648 bytes,    3407648 total
[2020-10-06T06:35:30.044+0000][36436][gc,age       ] GC(298) - age   2:       6600 bytes,    3414248 total
[2020-10-06T06:35:30.044+0000][36436][gc,age       ] GC(298) - age   3:     142608 bytes,    3556856 total
[2020-10-06T06:35:30.044+0000][36436][gc,age       ] GC(298) - age   4:       1768 bytes,    3558624 total
[2020-10-06T06:35:30.044+0000][36436][gc,age       ] GC(298) - age   5:      73824 bytes,    3632448 total
[2020-10-06T06:35:30.044+0000][36436][gc,age       ] GC(298) - age   6:      72264 bytes,    3704712 total
[2020-10-06T06:35:30.044+0000][36436][gc,age       ] GC(298) - age   7:       6560 bytes,    3711272 total
[2020-10-06T06:35:30.044+0000][36436][gc,age       ] GC(298) - age   8:        632 bytes,    3711904 total
[2020-10-06T06:35:30.044+0000][36436][gc,age       ] GC(298) - age   9:       4544 bytes,    3716448 total
[2020-10-06T06:35:30.045+0000][36436][gc,age       ] GC(298) - age  10:      20816 bytes,    3737264 total
[2020-10-06T06:35:30.045+0000][36436][gc,age       ] GC(298) - age  11:        264 bytes,    3737528 total
[2020-10-06T06:35:30.045+0000][36436][gc,age       ] GC(298) - age  12:       1384 bytes,    3738912 total
[2020-10-06T06:35:30.045+0000][36436][gc,age       ] GC(298) - age  13:      70504 bytes,    3809416 total
[2020-10-06T06:35:30.045+0000][36436][gc,age       ] GC(298) - age  14:      13408 bytes,    3822824 total
[2020-10-06T06:35:30.045+0000][36436][gc,age       ] GC(298) - age  15:     443552 bytes,    4266376 total
[2020-10-06T06:35:30.045+0000][36436][gc,phases    ] GC(298)   Pre Evacuate Collection Set: 0.6ms
[2020-10-06T06:35:30.045+0000][36436][gc,phases    ] GC(298)   Merge Heap Roots: 0.1ms
[2020-10-06T06:35:30.045+0000][36436][gc,phases    ] GC(298)   Evacuate Collection Set: 3.0ms
[2020-10-06T06:35:30.045+0000][36436][gc,phases    ] GC(298)   Post Evacuate Collection Set: 1.1ms
[2020-10-06T06:35:30.045+0000][36436][gc,phases    ] GC(298)   Other: 1.3ms
[2020-10-06T06:35:30.045+0000][36436][gc,heap      ] GC(298) Eden regions: 74->0(502)
[2020-10-06T06:35:30.045+0000][36436][gc,heap      ] GC(298) Survivor regions: 4->5(64)
[2020-10-06T06:35:30.045+0000][36436][gc,heap      ] GC(298) Old regions: 78->78
[2020-10-06T06:35:30.045+0000][36436][gc,heap      ] GC(298) Archive regions: 0->0
[2020-10-06T06:35:30.045+0000][36436][gc,heap      ] GC(298) Humongous regions: 355->174
[2020-10-06T06:35:30.045+0000][36436][gc,metaspace ] GC(298) Metaspace: 89429K(95228K)->89429K(95228K) NonClass: 78149K(81532K)->78149K(81532K) Class: 11280K(13696K)->11280K(13696K)
[2020-10-06T06:35:30.045+0000][36436][gc           ] GC(298) Pause Young (Concurrent Start) (G1 Humongous Allocation) 510M->256M(1024M) 6.540ms
[2020-10-06T06:35:30.046+0000][36436][gc,cpu       ] GC(298) User=0.00s Sys=0.00s Real=0.01s
[2020-10-06T06:35:30.046+0000][36436][gc           ] GC(299) Concurrent Cycle
[2020-10-06T06:35:30.046+0000][36436][safepoint    ] Safepoint "G1TryInitiateConcMark", Time since last: 6457900 ns, Reaching safepoint: 175800 ns, At safepoint: 6813800 ns, Total: 6989600 ns
[2020-10-06T06:35:30.046+0000][36436][gc,marking   ] GC(299) Concurrent Clear Claimed Marks
[2020-10-06T06:35:30.046+0000][36436][gc,marking   ] GC(299) Concurrent Clear Claimed Marks 0.563ms
[2020-10-06T06:35:30.046+0000][36436][gc,marking   ] GC(299) Concurrent Scan Root Regions
[2020-10-06T06:35:30.050+0000][36436][gc,marking   ] GC(299) Concurrent Scan Root Regions 3.791ms
[2020-10-06T06:35:30.050+0000][36436][gc,marking   ] GC(299) Concurrent Mark (9000.249s)
[2020-10-06T06:35:30.050+0000][36436][gc,marking   ] GC(299) Concurrent Mark From Roots
[2020-10-06T06:35:30.050+0000][36436][gc,task      ] GC(299) Using 2 workers of 2 for marking
[2020-10-06T06:35:30.221+0000][36436][gc,marking   ] GC(299) Concurrent Mark From Roots 170.367ms
[2020-10-06T06:35:30.221+0000][36436][gc,marking   ] GC(299) Concurrent Preclean
[2020-10-06T06:35:30.222+0000][36436][gc,marking   ] GC(299) Concurrent Preclean 0.867ms
[2020-10-06T06:35:30.222+0000][36436][gc,marking   ] GC(299) Concurrent Mark (9000.249s, 9000.421s) 171.450ms
[2020-10-06T06:35:30.222+0000][36436][gc,start     ] GC(299) Pause Remark
[2020-10-06T06:35:30.230+0000][36436][gc           ] GC(299) Pause Remark 330M->330M(1024M) 8.079ms
[2020-10-06T06:35:30.230+0000][36436][gc,cpu       ] GC(299) User=0.03s Sys=0.00s Real=0.01s
[2020-10-06T06:35:30.231+0000][36436][safepoint    ] Safepoint "G1Concurrent", Time since last: 176208200 ns, Reaching safepoint: 293200 ns, At safepoint: 8403600 ns, Total: 8696800 ns
[2020-10-06T06:35:30.231+0000][36436][gc,marking   ] GC(299) Concurrent Rebuild Remembered Sets
[2020-10-06T06:35:30.333+0000][36436][gc,marking   ] GC(299) Concurrent Rebuild Remembered Sets 102.777ms
[2020-10-06T06:35:30.334+0000][36436][gc,start     ] GC(299) Pause Cleanup
[2020-10-06T06:35:30.334+0000][36436][gc           ] GC(299) Pause Cleanup 331M->331M(1024M) 0.356ms
[2020-10-06T06:35:30.334+0000][36436][gc,cpu       ] GC(299) User=0.00s Sys=0.00s Real=0.00s
[2020-10-06T06:35:30.334+0000][36436][safepoint    ] Safepoint "G1Concurrent", Time since last: 103065200 ns, Reaching safepoint: 194600 ns, At safepoint: 615700 ns, Total: 810300 ns
[2020-10-06T06:35:30.335+0000][36436][gc,marking   ] GC(299) Concurrent Cleanup for Next Mark
[2020-10-06T06:35:30.336+0000][36436][gc,marking   ] GC(299) Concurrent Cleanup for Next Mark 1.894ms
[2020-10-06T06:35:30.337+0000][36436][gc           ] GC(299) Concurrent Cycle 290.967ms
[2020-10-06T06:35:30.655+0000][36436][gc,start     ] GC(300) Pause Young (Concurrent Start) (G1 Humongous Allocation)
[2020-10-06T06:35:30.655+0000][36436][gc,task      ] GC(300) Using 8 workers of 8 for evacuation
[2020-10-06T06:35:30.655+0000][36436][gc,age       ] GC(300) Desired survivor size 33554432 bytes, new threshold 15 (max threshold 15)
[2020-10-06T06:35:30.661+0000][36436][gc,age       ] GC(300) Age table with threshold 15 (max threshold 15)
[2020-10-06T06:35:30.661+0000][36436][gc,age       ] GC(300) - age   1:    2725512 bytes,    2725512 total
[2020-10-06T06:35:30.661+0000][36436][gc,age       ] GC(300) - age   2:       4728 bytes,    2730240 total
[2020-10-06T06:35:30.661+0000][36436][gc,age       ] GC(300) - age   3:       4352 bytes,    2734592 total
[2020-10-06T06:35:30.661+0000][36436][gc,age       ] GC(300) - age   4:     137176 bytes,    2871768 total
[2020-10-06T06:35:30.661+0000][36436][gc,age       ] GC(300) - age   5:       1768 bytes,    2873536 total
[2020-10-06T06:35:30.661+0000][36436][gc,age       ] GC(300) - age   6:      73824 bytes,    2947360 total
[2020-10-06T06:35:30.661+0000][36436][gc,age       ] GC(300) - age   7:      72264 bytes,    3019624 total
[2020-10-06T06:35:30.662+0000][36436][gc,age       ] GC(300) - age   8:       6560 bytes,    3026184 total
[2020-10-06T06:35:30.662+0000][36436][gc,age       ] GC(300) - age   9:        632 bytes,    3026816 total
[2020-10-06T06:35:30.662+0000][36436][gc,age       ] GC(300) - age  10:       4544 bytes,    3031360 total
[2020-10-06T06:35:30.662+0000][36436][gc,age       ] GC(300) - age  11:      20816 bytes,    3052176 total
[2020-10-06T06:35:30.662+0000][36436][gc,age       ] GC(300) - age  12:        264 bytes,    3052440 total
[2020-10-06T06:35:30.662+0000][36436][gc,age       ] GC(300) - age  13:       1384 bytes,    3053824 total
[2020-10-06T06:35:30.662+0000][36436][gc,age       ] GC(300) - age  14:      70504 bytes,    3124328 total
[2020-10-06T06:35:30.662+0000][36436][gc,age       ] GC(300) - age  15:      13408 bytes,    3137736 total
[2020-10-06T06:35:30.662+0000][36436][gc,phases    ] GC(300)   Pre Evacuate Collection Set: 0.4ms
[2020-10-06T06:35:30.662+0000][36436][gc,phases    ] GC(300)   Merge Heap Roots: 0.1ms
[2020-10-06T06:35:30.662+0000][36436][gc,phases    ] GC(300)   Evacuate Collection Set: 4.7ms
[2020-10-06T06:35:30.662+0000][36436][gc,phases    ] GC(300)   Post Evacuate Collection Set: 0.7ms
[2020-10-06T06:35:30.662+0000][36436][gc,phases    ] GC(300)   Other: 1.2ms
[2020-10-06T06:35:30.662+0000][36436][gc,heap      ] GC(300) Eden regions: 37->0(502)
[2020-10-06T06:35:30.662+0000][36436][gc,heap      ] GC(300) Survivor regions: 5->4(64)
[2020-10-06T06:35:30.662+0000][36436][gc,heap      ] GC(300) Old regions: 78->79
[2020-10-06T06:35:30.662+0000][36436][gc,heap      ] GC(300) Archive regions: 0->0
[2020-10-06T06:35:30.662+0000][36436][gc,heap      ] GC(300) Humongous regions: 231->174
[2020-10-06T06:35:30.662+0000][36436][gc,metaspace ] GC(300) Metaspace: 89556K(95484K)->89556K(95484K) NonClass: 78276K(81788K)->78276K(81788K) Class: 11280K(13696K)->11280K(13696K)
[2020-10-06T06:35:30.662+0000][36436][gc           ] GC(300) Pause Young (Concurrent Start) (G1 Humongous Allocation) 349M->255M(1024M) 7.581ms
[2020-10-06T06:35:30.662+0000][36436][gc,cpu       ] GC(300) User=0.03s Sys=0.00s Real=0.01s
[2020-10-06T06:35:30.663+0000][36436][gc           ] GC(301) Concurrent Cycle
[2020-10-06T06:35:30.663+0000][36436][safepoint    ] Safepoint "G1TryInitiateConcMark", Time since last: 319926200 ns, Reaching safepoint: 194000 ns, At safepoint: 7802300 ns, Total: 7996300 ns
[2020-10-06T06:35:30.663+0000][36436][gc,marking   ] GC(301) Concurrent Clear Claimed Marks
[2020-10-06T06:35:30.663+0000][36436][gc,marking   ] GC(301) Concurrent Clear Claimed Marks 0.674ms
[2020-10-06T06:35:30.663+0000][36436][gc,marking   ] GC(301) Concurrent Scan Root Regions
[2020-10-06T06:35:30.667+0000][36436][gc,marking   ] GC(301) Concurrent Scan Root Regions 3.250ms
[2020-10-06T06:35:30.667+0000][36436][gc,marking   ] GC(301) Concurrent Mark (9000.866s)
[2020-10-06T06:35:30.667+0000][36436][gc,marking   ] GC(301) Concurrent Mark From Roots
[2020-10-06T06:35:30.667+0000][36436][gc,task      ] GC(301) Using 2 workers of 2 for marking
[2020-10-06T06:35:30.822+0000][36436][gc,marking   ] GC(301) Concurrent Mark From Roots 154.566ms
[2020-10-06T06:35:30.822+0000][36436][gc,marking   ] GC(301) Concurrent Preclean
[2020-10-06T06:35:30.823+0000][36436][gc,marking   ] GC(301) Concurrent Preclean 0.921ms
[2020-10-06T06:35:30.823+0000][36436][gc,marking   ] GC(301) Concurrent Mark (9000.866s, 9001.021s) 155.748ms
[2020-10-06T06:35:30.823+0000][36436][gc,start     ] GC(301) Pause Remark
[2020-10-06T06:35:30.830+0000][36436][gc           ] GC(301) Pause Remark 412M->412M(1024M) 6.830ms
[2020-10-06T06:35:30.830+0000][36436][gc,cpu       ] GC(301) User=0.00s Sys=0.00s Real=0.01s
[2020-10-06T06:35:30.830+0000][36436][safepoint    ] Safepoint "G1Concurrent", Time since last: 160057300 ns, Reaching safepoint: 375900 ns, At safepoint: 7053500 ns, Total: 7429400 ns
[2020-10-06T06:35:30.831+0000][36436][gc,marking   ] GC(301) Concurrent Rebuild Remembered Sets
[2020-10-06T06:35:30.922+0000][36436][gc,marking   ] GC(301) Concurrent Rebuild Remembered Sets 91.751ms
[2020-10-06T06:35:30.922+0000][36436][gc,start     ] GC(301) Pause Cleanup
[2020-10-06T06:35:30.922+0000][36436][gc           ] GC(301) Pause Cleanup 501M->501M(1024M) 0.419ms
[2020-10-06T06:35:30.922+0000][36436][gc,cpu       ] GC(301) User=0.00s Sys=0.00s Real=0.00s
[2020-10-06T06:35:30.922+0000][36436][safepoint    ] Safepoint "G1Concurrent", Time since last: 91971700 ns, Reaching safepoint: 162400 ns, At safepoint: 631000 ns, Total: 793400 ns
[2020-10-06T06:35:30.923+0000][36436][gc,marking   ] GC(301) Concurrent Cleanup for Next Mark
[2020-10-06T06:35:30.924+0000][36436][gc,marking   ] GC(301) Concurrent Cleanup for Next Mark 1.680ms
[2020-10-06T06:35:30.924+0000][36436][gc           ] GC(301) Concurrent Cycle 262.133ms
[2020-10-06T06:35:30.947+0000][36436][gc,start     ] GC(302) Pause Young (Concurrent Start) (G1 Humongous Allocation)
[2020-10-06T06:35:30.947+0000][36436][gc,task      ] GC(302) Using 8 workers of 8 for evacuation
[2020-10-06T06:35:30.947+0000][36436][gc,age       ] GC(302) Desired survivor size 33554432 bytes, new threshold 15 (max threshold 15)
[2020-10-06T06:35:30.952+0000][36436][gc,age       ] GC(302) Age table with threshold 15 (max threshold 15)
[2020-10-06T06:35:30.952+0000][36436][gc,age       ] GC(302) - age   1:    3405040 bytes,    3405040 total
[2020-10-06T06:35:30.952+0000][36436][gc,age       ] GC(302) - age   2:      18600 bytes,    3423640 total
[2020-10-06T06:35:30.952+0000][36436][gc,age       ] GC(302) - age   3:       1984 bytes,    3425624 total
[2020-10-06T06:35:30.952+0000][36436][gc,age       ] GC(302) - age   4:       1400 bytes,    3427024 total
[2020-10-06T06:35:30.952+0000][36436][gc,age       ] GC(302) - age   5:     137112 bytes,    3564136 total
[2020-10-06T06:35:30.952+0000][36436][gc,age       ] GC(302) - age   6:       1512 bytes,    3565648 total
[2020-10-06T06:35:30.952+0000][36436][gc,age       ] GC(302) - age   7:      71392 bytes,    3637040 total
[2020-10-06T06:35:30.952+0000][36436][gc,age       ] GC(302) - age   8:      71784 bytes,    3708824 total
[2020-10-06T06:35:30.952+0000][36436][gc,age       ] GC(302) - age   9:       4120 bytes,    3712944 total
[2020-10-06T06:35:30.952+0000][36436][gc,age       ] GC(302) - age  10:        560 bytes,    3713504 total
[2020-10-06T06:35:30.952+0000][36436][gc,age       ] GC(302) - age  11:       4544 bytes,    3718048 total
[2020-10-06T06:35:30.952+0000][36436][gc,age       ] GC(302) - age  12:      20672 bytes,    3738720 total
[2020-10-06T06:35:30.952+0000][36436][gc,age       ] GC(302) - age  13:        264 bytes,    3738984 total
[2020-10-06T06:35:30.952+0000][36436][gc,age       ] GC(302) - age  14:       1384 bytes,    3740368 total
[2020-10-06T06:35:30.952+0000][36436][gc,age       ] GC(302) - age  15:      70504 bytes,    3810872 total
[2020-10-06T06:35:30.952+0000][36436][gc,phases    ] GC(302)   Pre Evacuate Collection Set: 0.4ms
[2020-10-06T06:35:30.953+0000][36436][gc,phases    ] GC(302)   Merge Heap Roots: 0.1ms
[2020-10-06T06:35:30.953+0000][36436][gc,phases    ] GC(302)   Evacuate Collection Set: 2.7ms
[2020-10-06T06:35:30.953+0000][36436][gc,phases    ] GC(302)   Post Evacuate Collection Set: 1.3ms
[2020-10-06T06:35:30.953+0000][36436][gc,phases    ] GC(302)   Other: 1.0ms
[2020-10-06T06:35:30.953+0000][36436][gc,heap      ] GC(302) Eden regions: 73->0(502)
[2020-10-06T06:35:30.953+0000][36436][gc,heap      ] GC(302) Survivor regions: 4->4(64)
[2020-10-06T06:35:30.953+0000][36436][gc,heap      ] GC(302) Old regions: 79->79
[2020-10-06T06:35:30.953+0000][36436][gc,heap      ] GC(302) Archive regions: 0->0
[2020-10-06T06:35:30.953+0000][36436][gc,heap      ] GC(302) Humongous regions: 355->174
[2020-10-06T06:35:30.953+0000][36436][gc,metaspace ] GC(302) Metaspace: 89556K(95484K)->89556K(95484K) NonClass: 78276K(81788K)->78276K(81788K) Class: 11280K(13696K)->11280K(13696K)
[2020-10-06T06:35:30.953+0000][36436][gc           ] GC(302) Pause Young (Concurrent Start) (G1 Humongous Allocation) 509M->256M(1024M) 5.909ms
[2020-10-06T06:35:30.953+0000][36436][gc,cpu       ] GC(302) User=0.00s Sys=0.00s Real=0.01s
[2020-10-06T06:35:30.953+0000][36436][safepoint    ] Safepoint "G1TryInitiateConcMark", Time since last: 24343500 ns, Reaching safepoint: 149700 ns, At safepoint: 6058900 ns, Total: 6208600 ns
[2020-10-06T06:35:30.953+0000][36436][gc           ] GC(303) Concurrent Cycle
[2020-10-06T06:35:30.953+0000][36436][gc,marking   ] GC(303) Concurrent Clear Claimed Marks
[2020-10-06T06:35:30.954+0000][36436][gc,marking   ] GC(303) Concurrent Clear Claimed Marks 0.705ms
[2020-10-06T06:35:30.954+0000][36436][gc,marking   ] GC(303) Concurrent Scan Root Regions
[2020-10-06T06:35:30.959+0000][36436][gc,marking   ] GC(303) Concurrent Scan Root Regions 4.683ms
[2020-10-06T06:35:30.959+0000][36436][gc,marking   ] GC(303) Concurrent Mark (9001.158s)
[2020-10-06T06:35:30.959+0000][36436][gc,marking   ] GC(303) Concurrent Mark From Roots
[2020-10-06T06:35:30.959+0000][36436][gc,task      ] GC(303) Using 2 workers of 2 for marking
[2020-10-06T06:35:31.115+0000][36436][gc,marking   ] GC(303) Concurrent Mark From Roots 155.634ms
[2020-10-06T06:35:31.115+0000][36436][gc,marking   ] GC(303) Concurrent Preclean
[2020-10-06T06:35:31.116+0000][36436][gc,marking   ] GC(303) Concurrent Preclean 0.870ms
[2020-10-06T06:35:31.116+0000][36436][gc,marking   ] GC(303) Concurrent Mark (9001.158s, 9001.315s) 156.755ms
[2020-10-06T06:35:31.117+0000][36436][gc,start     ] GC(303) Pause Remark
[2020-10-06T06:35:31.124+0000][36436][gc           ] GC(303) Pause Remark 334M->334M(1024M) 6.995ms
[2020-10-06T06:35:31.124+0000][36436][gc,cpu       ] GC(303) User=0.00s Sys=0.00s Real=0.01s
[2020-10-06T06:35:31.124+0000][36436][safepoint    ] Safepoint "G1Concurrent", Time since last: 162592100 ns, Reaching safepoint: 164000 ns, At safepoint: 7256300 ns, Total: 7420300 ns
[2020-10-06T06:35:31.124+0000][36436][gc,marking   ] GC(303) Concurrent Rebuild Remembered Sets
[2020-10-06T06:35:31.217+0000][36436][gc,marking   ] GC(303) Concurrent Rebuild Remembered Sets 92.896ms
[2020-10-06T06:35:31.217+0000][36436][gc,start     ] GC(303) Pause Cleanup
[2020-10-06T06:35:31.218+0000][36436][gc           ] GC(303) Pause Cleanup 401M->401M(1024M) 0.293ms
[2020-10-06T06:35:31.218+0000][36436][gc,cpu       ] GC(303) User=0.00s Sys=0.00s Real=0.00s
[2020-10-06T06:35:31.218+0000][36436][safepoint    ] Safepoint "G1Concurrent", Time since last: 93076400 ns, Reaching safepoint: 145300 ns, At safepoint: 467800 ns, Total: 613100 ns
[2020-10-06T06:35:31.218+0000][36436][gc,marking   ] GC(303) Concurrent Cleanup for Next Mark
[2020-10-06T06:35:31.219+0000][36436][gc,marking   ] GC(303) Concurrent Cleanup for Next Mark 1.393ms
[2020-10-06T06:35:31.219+0000][36436][gc           ] GC(303) Concurrent Cycle 265.265ms
[2020-10-06T06:35:31.242+0000][36436][gc,start     ] GC(304) Pause Young (Concurrent Start) (G1 Humongous Allocation)
[2020-10-06T06:35:31.242+0000][36436][gc,task      ] GC(304) Using 8 workers of 8 for evacuation
[2020-10-06T06:35:31.242+0000][36436][gc,age       ] GC(304) Desired survivor size 33554432 bytes, new threshold 15 (max threshold 15)
[2020-10-06T06:35:31.247+0000][36436][gc,age       ] GC(304) Age table with threshold 15 (max threshold 15)
[2020-10-06T06:35:31.247+0000][36436][gc,age       ] GC(304) - age   1:    2925552 bytes,    2925552 total
[2020-10-06T06:35:31.247+0000][36436][gc,age       ] GC(304) - age   2:       4496 bytes,    2930048 total
[2020-10-06T06:35:31.247+0000][36436][gc,age       ] GC(304) - age   3:      13704 bytes,    2943752 total
[2020-10-06T06:35:31.247+0000][36436][gc,age       ] GC(304) - age   4:       1672 bytes,    2945424 total
[2020-10-06T06:35:31.247+0000][36436][gc,age       ] GC(304) - age   5:       1336 bytes,    2946760 total
[2020-10-06T06:35:31.247+0000][36436][gc,age       ] GC(304) - age   6:     137112 bytes,    3083872 total
[2020-10-06T06:35:31.247+0000][36436][gc,age       ] GC(304) - age   7:       1512 bytes,    3085384 total
[2020-10-06T06:35:31.247+0000][36436][gc,age       ] GC(304) - age   8:      71392 bytes,    3156776 total
[2020-10-06T06:35:31.247+0000][36436][gc,age       ] GC(304) - age   9:      71720 bytes,    3228496 total
[2020-10-06T06:35:31.247+0000][36436][gc,age       ] GC(304) - age  10:       4096 bytes,    3232592 total
[2020-10-06T06:35:31.247+0000][36436][gc,age       ] GC(304) - age  11:        560 bytes,    3233152 total
[2020-10-06T06:35:31.247+0000][36436][gc,age       ] GC(304) - age  12:       4544 bytes,    3237696 total
[2020-10-06T06:35:31.247+0000][36436][gc,age       ] GC(304) - age  13:      20576 bytes,    3258272 total
[2020-10-06T06:35:31.247+0000][36436][gc,age       ] GC(304) - age  14:        264 bytes,    3258536 total
[2020-10-06T06:35:31.247+0000][36436][gc,age       ] GC(304) - age  15:       1384 bytes,    3259920 total
[2020-10-06T06:35:31.247+0000][36436][gc,phases    ] GC(304)   Pre Evacuate Collection Set: 0.4ms
[2020-10-06T06:35:31.247+0000][36436][gc,phases    ] GC(304)   Merge Heap Roots: 0.1ms
[2020-10-06T06:35:31.247+0000][36436][gc,phases    ] GC(304)   Evacuate Collection Set: 2.4ms
[2020-10-06T06:35:31.247+0000][36436][gc,phases    ] GC(304)   Post Evacuate Collection Set: 0.8ms
[2020-10-06T06:35:31.247+0000][36436][gc,phases    ] GC(304)   Other: 0.8ms
[2020-10-06T06:35:31.247+0000][36436][gc,heap      ] GC(304) Eden regions: 45->0(502)
[2020-10-06T06:35:31.247+0000][36436][gc,heap      ] GC(304) Survivor regions: 4->4(64)
[2020-10-06T06:35:31.247+0000][36436][gc,heap      ] GC(304) Old regions: 79->79
[2020-10-06T06:35:31.248+0000][36436][gc,heap      ] GC(304) Archive regions: 0->0
[2020-10-06T06:35:31.248+0000][36436][gc,heap      ] GC(304) Humongous regions: 283->174
[2020-10-06T06:35:31.248+0000][36436][gc,metaspace ] GC(304) Metaspace: 89560K(95484K)->89560K(95484K) NonClass: 78280K(81788K)->78280K(81788K) Class: 11280K(13696K)->11280K(13696K)
[2020-10-06T06:35:31.248+0000][36436][gc           ] GC(304) Pause Young (Concurrent Start) (G1 Humongous Allocation) 409M->255M(1024M) 4.891ms
[2020-10-06T06:35:31.248+0000][36436][gc,cpu       ] GC(304) User=0.00s Sys=0.00s Real=0.01s
[2020-10-06T06:35:31.248+0000][36436][safepoint    ] Safepoint "G1TryInitiateConcMark", Time since last: 25007400 ns, Reaching safepoint: 143200 ns, At safepoint: 5045800 ns, Total: 5189000 ns
[2020-10-06T06:35:31.248+0000][36436][gc           ] GC(305) Concurrent Cycle
[2020-10-06T06:35:31.248+0000][36436][gc,marking   ] GC(305) Concurrent Clear Claimed Marks
[2020-10-06T06:35:31.248+0000][36436][gc,marking   ] GC(305) Concurrent Clear Claimed Marks 0.389ms
[2020-10-06T06:35:31.248+0000][36436][gc,marking   ] GC(305) Concurrent Scan Root Regions
[2020-10-06T06:35:31.251+0000][36436][gc,marking   ] GC(305) Concurrent Scan Root Regions 2.226ms
[2020-10-06T06:35:31.251+0000][36436][gc,marking   ] GC(305) Concurrent Mark (9001.449s)
[2020-10-06T06:35:31.251+0000][36436][gc,marking   ] GC(305) Concurrent Mark From Roots
[2020-10-06T06:35:31.251+0000][36436][gc,task      ] GC(305) Using 2 workers of 2 for marking
[2020-10-06T06:35:31.369+0000][36436][gc,marking   ] GC(305) Concurrent Mark From Roots 118.796ms
[2020-10-06T06:35:31.369+0000][36436][gc,marking   ] GC(305) Concurrent Preclean
[2020-10-06T06:35:31.370+0000][36436][gc,marking   ] GC(305) Concurrent Preclean 0.727ms
[2020-10-06T06:35:31.370+0000][36436][gc,marking   ] GC(305) Concurrent Mark (9001.449s, 9001.569s) 119.762ms
[2020-10-06T06:35:31.370+0000][36436][gc,start     ] GC(305) Pause Remark
[2020-10-06T06:35:31.378+0000][36436][gc           ] GC(305) Pause Remark 361M->361M(1024M) 7.202ms
[2020-10-06T06:35:31.378+0000][36436][gc,cpu       ] GC(305) User=0.00s Sys=0.00s Real=0.01s
[2020-10-06T06:35:31.378+0000][36436][safepoint    ] Safepoint "G1Concurrent", Time since last: 122795400 ns, Reaching safepoint: 180100 ns, At safepoint: 7452800 ns, Total: 7632900 ns
[2020-10-06T06:35:31.378+0000][36436][gc,marking   ] GC(305) Concurrent Rebuild Remembered Sets
[2020-10-06T06:35:31.449+0000][36436][gc,marking   ] GC(305) Concurrent Rebuild Remembered Sets 71.448ms
[2020-10-06T06:35:31.450+0000][36436][gc,start     ] GC(305) Pause Cleanup
[2020-10-06T06:35:31.450+0000][36436][gc           ] GC(305) Pause Cleanup 504M->504M(1024M) 0.319ms
[2020-10-06T06:35:31.450+0000][36436][gc,cpu       ] GC(305) User=0.00s Sys=0.00s Real=0.00s
[2020-10-06T06:35:31.450+0000][36436][safepoint    ] Safepoint "G1Concurrent", Time since last: 71649100 ns, Reaching safepoint: 168500 ns, At safepoint: 490800 ns, Total: 659300 ns
[2020-10-06T06:35:31.450+0000][36436][gc,marking   ] GC(305) Concurrent Cleanup for Next Mark
[2020-10-06T06:35:31.452+0000][36436][gc,marking   ] GC(305) Concurrent Cleanup for Next Mark 2.015ms
[2020-10-06T06:35:31.452+0000][36436][gc           ] GC(305) Concurrent Cycle 204.918ms
[2020-10-06T06:35:31.473+0000][36436][gc,start     ] GC(306) Pause Young (Concurrent Start) (G1 Humongous Allocation)
[2020-10-06T06:35:31.473+0000][36436][gc,task      ] GC(306) Using 8 workers of 8 for evacuation
[2020-10-06T06:35:31.473+0000][36436][gc,age       ] GC(306) Desired survivor size 33554432 bytes, new threshold 15 (max threshold 15)
[2020-10-06T06:35:31.478+0000][36436][gc,age       ] GC(306) Age table with threshold 15 (max threshold 15)
[2020-10-06T06:35:31.478+0000][36436][gc,age       ] GC(306) - age   1:    3379424 bytes,    3379424 total
[2020-10-06T06:35:31.478+0000][36436][gc,age       ] GC(306) - age   2:     210672 bytes,    3590096 total
[2020-10-06T06:35:31.478+0000][36436][gc,age       ] GC(306) - age   3:       3248 bytes,    3593344 total
[2020-10-06T06:35:31.478+0000][36436][gc,age       ] GC(306) - age   4:      13440 bytes,    3606784 total
[2020-10-06T06:35:31.478+0000][36436][gc,age       ] GC(306) - age   5:       1288 bytes,    3608072 total
[2020-10-06T06:35:31.478+0000][36436][gc,age       ] GC(306) - age   6:       1272 bytes,    3609344 total
[2020-10-06T06:35:31.478+0000][36436][gc,age       ] GC(306) - age   7:     134680 bytes,    3744024 total
[2020-10-06T06:35:31.478+0000][36436][gc,age       ] GC(306) - age   8:       1184 bytes,    3745208 total
[2020-10-06T06:35:31.478+0000][36436][gc,age       ] GC(306) - age   9:      71192 bytes,    3816400 total
[2020-10-06T06:35:31.478+0000][36436][gc,age       ] GC(306) - age  10:      71720 bytes,    3888120 total
[2020-10-06T06:35:31.478+0000][36436][gc,age       ] GC(306) - age  11:       1456 bytes,    3889576 total
[2020-10-06T06:35:31.478+0000][36436][gc,age       ] GC(306) - age  12:        560 bytes,    3890136 total
[2020-10-06T06:35:31.478+0000][36436][gc,age       ] GC(306) - age  13:       4544 bytes,    3894680 total
[2020-10-06T06:35:31.478+0000][36436][gc,age       ] GC(306) - age  14:      20416 bytes,    3915096 total
[2020-10-06T06:35:31.478+0000][36436][gc,age       ] GC(306) - age  15:        264 bytes,    3915360 total
[2020-10-06T06:35:31.479+0000][36436][gc,phases    ] GC(306)   Pre Evacuate Collection Set: 0.5ms
[2020-10-06T06:35:31.479+0000][36436][gc,phases    ] GC(306)   Merge Heap Roots: 0.1ms
[2020-10-06T06:35:31.479+0000][36436][gc,phases    ] GC(306)   Evacuate Collection Set: 2.7ms
[2020-10-06T06:35:31.479+0000][36436][gc,phases    ] GC(306)   Post Evacuate Collection Set: 1.0ms
[2020-10-06T06:35:31.479+0000][36436][gc,phases    ] GC(306)   Other: 1.3ms
[2020-10-06T06:35:31.479+0000][36436][gc,heap      ] GC(306) Eden regions: 71->0(502)
[2020-10-06T06:35:31.479+0000][36436][gc,heap      ] GC(306) Survivor regions: 4->4(64)
[2020-10-06T06:35:31.479+0000][36436][gc,heap      ] GC(306) Old regions: 79->79
[2020-10-06T06:35:31.479+0000][36436][gc,heap      ] GC(306) Archive regions: 0->0
[2020-10-06T06:35:31.479+0000][36436][gc,heap      ] GC(306) Humongous regions: 360->174
[2020-10-06T06:35:31.479+0000][36436][gc,metaspace ] GC(306) Metaspace: 89560K(95484K)->89560K(95484K) NonClass: 78280K(81788K)->78280K(81788K) Class: 11280K(13696K)->11280K(13696K)
[2020-10-06T06:35:31.479+0000][36436][gc           ] GC(306) Pause Young (Concurrent Start) (G1 Humongous Allocation) 512M->256M(1024M) 6.055ms
[2020-10-06T06:35:31.479+0000][36436][gc,cpu       ] GC(306) User=0.02s Sys=0.00s Real=0.01s
[2020-10-06T06:35:31.479+0000][36436][gc           ] GC(307) Concurrent Cycle
[2020-10-06T06:35:31.479+0000][36436][safepoint    ] Safepoint "G1TryInitiateConcMark", Time since last: 22579600 ns, Reaching safepoint: 176000 ns, At safepoint: 6284200 ns, Total: 6460200 ns
[2020-10-06T06:35:31.479+0000][36436][gc,marking   ] GC(307) Concurrent Clear Claimed Marks
[2020-10-06T06:35:31.480+0000][36436][gc,marking   ] GC(307) Concurrent Clear Claimed Marks 0.506ms
[2020-10-06T06:35:31.480+0000][36436][gc,marking   ] GC(307) Concurrent Scan Root Regions
[2020-10-06T06:35:31.483+0000][36436][gc,marking   ] GC(307) Concurrent Scan Root Regions 3.044ms
[2020-10-06T06:35:31.483+0000][36436][gc,marking   ] GC(307) Concurrent Mark (9001.682s)
[2020-10-06T06:35:31.483+0000][36436][gc,marking   ] GC(307) Concurrent Mark From Roots
[2020-10-06T06:35:31.483+0000][36436][gc,task      ] GC(307) Using 2 workers of 2 for marking
[2020-10-06T06:35:31.605+0000][36436][gc,marking   ] GC(307) Concurrent Mark From Roots 121.430ms
[2020-10-06T06:35:31.605+0000][36436][gc,marking   ] GC(307) Concurrent Preclean
[2020-10-06T06:35:31.605+0000][36436][gc,marking   ] GC(307) Concurrent Preclean 0.587ms
[2020-10-06T06:35:31.605+0000][36436][gc,marking   ] GC(307) Concurrent Mark (9001.682s, 9001.804s) 122.203ms
[2020-10-06T06:35:31.606+0000][36436][gc,start     ] GC(307) Pause Remark
[2020-10-06T06:35:31.613+0000][36436][gc           ] GC(307) Pause Remark 330M->330M(1024M) 7.368ms
[2020-10-06T06:35:31.613+0000][36436][gc,cpu       ] GC(307) User=0.00s Sys=0.00s Real=0.01s
[2020-10-06T06:35:31.613+0000][36436][safepoint    ] Safepoint "G1Concurrent", Time since last: 126121300 ns, Reaching safepoint: 169300 ns, At safepoint: 7625500 ns, Total: 7794800 ns
[2020-10-06T06:35:31.613+0000][36436][gc,marking   ] GC(307) Concurrent Rebuild Remembered Sets
[2020-10-06T06:35:31.697+0000][36436][gc,marking   ] GC(307) Concurrent Rebuild Remembered Sets 84.030ms
[2020-10-06T06:35:31.698+0000][36436][gc,start     ] GC(307) Pause Cleanup
[2020-10-06T06:35:31.698+0000][36436][gc           ] GC(307) Pause Cleanup 469M->469M(1024M) 0.321ms
[2020-10-06T06:35:31.698+0000][36436][gc,cpu       ] GC(307) User=0.00s Sys=0.00s Real=0.00s
[2020-10-06T06:35:31.698+0000][36436][safepoint    ] Safepoint "G1Concurrent", Time since last: 84229400 ns, Reaching safepoint: 163200 ns, At safepoint: 517700 ns, Total: 680900 ns
[2020-10-06T06:35:31.698+0000][36436][gc,marking   ] GC(307) Concurrent Cleanup for Next Mark
[2020-10-06T06:35:31.700+0000][36436][gc,marking   ] GC(307) Concurrent Cleanup for Next Mark 1.527ms
[2020-10-06T06:35:31.700+0000][36436][gc           ] GC(307) Concurrent Cycle 220.565ms
[2020-10-06T06:35:31.710+0000][36436][gc,start     ] GC(308) Pause Young (Concurrent Start) (G1 Humongous Allocation)
[2020-10-06T06:35:31.710+0000][36436][gc,task      ] GC(308) Using 8 workers of 8 for evacuation
[2020-10-06T06:35:31.710+0000][36436][gc,age       ] GC(308) Desired survivor size 33554432 bytes, new threshold 15 (max threshold 15)
[2020-10-06T06:35:31.713+0000][36436][gc,age       ] GC(308) Age table with threshold 15 (max threshold 15)
[2020-10-06T06:35:31.713+0000][36436][gc,age       ] GC(308) - age   1:    1042416 bytes,    1042416 total
[2020-10-06T06:35:31.713+0000][36436][gc,age       ] GC(308) - age   2:       3792 bytes,    1046208 total
[2020-10-06T06:35:31.714+0000][36436][gc,age       ] GC(308) - age   3:       6712 bytes,    1052920 total
[2020-10-06T06:35:31.714+0000][36436][gc,age       ] GC(308) - age   4:       2792 bytes,    1055712 total
[2020-10-06T06:35:31.714+0000][36436][gc,age       ] GC(308) - age   5:      13104 bytes,    1068816 total
[2020-10-06T06:35:31.714+0000][36436][gc,age       ] GC(308) - age   6:       1152 bytes,    1069968 total
[2020-10-06T06:35:31.714+0000][36436][gc,age       ] GC(308) - age   7:       1272 bytes,    1071240 total
[2020-10-06T06:35:31.714+0000][36436][gc,age       ] GC(308) - age   8:     134680 bytes,    1205920 total
[2020-10-06T06:35:31.714+0000][36436][gc,age       ] GC(308) - age   9:       1152 bytes,    1207072 total
[2020-10-06T06:35:31.714+0000][36436][gc,age       ] GC(308) - age  10:      71192 bytes,    1278264 total
[2020-10-06T06:35:31.714+0000][36436][gc,age       ] GC(308) - age  11:      71720 bytes,    1349984 total
[2020-10-06T06:35:31.714+0000][36436][gc,age       ] GC(308) - age  12:       1424 bytes,    1351408 total
[2020-10-06T06:35:31.714+0000][36436][gc,age       ] GC(308) - age  13:        560 bytes,    1351968 total
[2020-10-06T06:35:31.714+0000][36436][gc,age       ] GC(308) - age  14:       4544 bytes,    1356512 total
[2020-10-06T06:35:31.714+0000][36436][gc,age       ] GC(308) - age  15:      20416 bytes,    1376928 total
[2020-10-06T06:35:31.714+0000][36436][gc,phases    ] GC(308)   Pre Evacuate Collection Set: 0.4ms
[2020-10-06T06:35:31.714+0000][36436][gc,phases    ] GC(308)   Merge Heap Roots: 0.1ms
[2020-10-06T06:35:31.714+0000][36436][gc,phases    ] GC(308)   Evacuate Collection Set: 2.1ms
[2020-10-06T06:35:31.714+0000][36436][gc,phases    ] GC(308)   Post Evacuate Collection Set: 0.8ms
[2020-10-06T06:35:31.714+0000][36436][gc,phases    ] GC(308)   Other: 1.2ms
[2020-10-06T06:35:31.714+0000][36436][gc,heap      ] GC(308) Eden regions: 56->0(505)
[2020-10-06T06:35:31.714+0000][36436][gc,heap      ] GC(308) Survivor regions: 4->2(64)
[2020-10-06T06:35:31.714+0000][36436][gc,heap      ] GC(308) Old regions: 79->79
[2020-10-06T06:35:31.714+0000][36436][gc,heap      ] GC(308) Archive regions: 0->0
[2020-10-06T06:35:31.714+0000][36436][gc,heap      ] GC(308) Humongous regions: 335->174
[2020-10-06T06:35:31.714+0000][36436][gc,metaspace ] GC(308) Metaspace: 89560K(95484K)->89560K(95484K) NonClass: 78280K(81788K)->78280K(81788K) Class: 11280K(13696K)->11280K(13696K)
[2020-10-06T06:35:31.714+0000][36436][gc           ] GC(308) Pause Young (Concurrent Start) (G1 Humongous Allocation) 472M->253M(1024M) 4.914ms
[2020-10-06T06:35:31.715+0000][36436][gc,cpu       ] GC(308) User=0.00s Sys=0.00s Real=0.00s
[2020-10-06T06:35:31.715+0000][36436][safepoint    ] Safepoint "G1TryInitiateConcMark", Time since last: 11196200 ns, Reaching safepoint: 156600 ns, At safepoint: 5197300 ns, Total: 5353900 ns
[2020-10-06T06:35:31.715+0000][36436][gc           ] GC(309) Concurrent Cycle
[2020-10-06T06:35:31.715+0000][36436][gc,marking   ] GC(309) Concurrent Clear Claimed Marks
[2020-10-06T06:35:31.715+0000][36436][gc,marking   ] GC(309) Concurrent Clear Claimed Marks 0.370ms
[2020-10-06T06:35:31.715+0000][36436][gc,marking   ] GC(309) Concurrent Scan Root Regions
[2020-10-06T06:35:31.718+0000][36436][gc,marking   ] GC(309) Concurrent Scan Root Regions 2.435ms
[2020-10-06T06:35:31.718+0000][36436][gc,marking   ] GC(309) Concurrent Mark (9001.916s)
[2020-10-06T06:35:31.718+0000][36436][gc,marking   ] GC(309) Concurrent Mark From Roots
[2020-10-06T06:35:31.718+0000][36436][gc,task      ] GC(309) Using 2 workers of 2 for marking
[2020-10-06T06:35:31.834+0000][36436][gc,marking   ] GC(309) Concurrent Mark From Roots 116.580ms
[2020-10-06T06:35:31.835+0000][36436][gc,marking   ] GC(309) Concurrent Preclean
[2020-10-06T06:35:31.835+0000][36436][gc,marking   ] GC(309) Concurrent Preclean 0.529ms
[2020-10-06T06:35:31.835+0000][36436][gc,marking   ] GC(309) Concurrent Mark (9001.916s, 9002.034s) 117.361ms
[2020-10-06T06:35:31.835+0000][36436][gc,start     ] GC(309) Pause Remark
[2020-10-06T06:35:31.842+0000][36436][gc           ] GC(309) Pause Remark 362M->362M(1024M) 6.968ms
[2020-10-06T06:35:31.842+0000][36436][gc,cpu       ] GC(309) User=0.00s Sys=0.00s Real=0.01s
[2020-10-06T06:35:31.842+0000][36436][safepoint    ] Safepoint "G1Concurrent", Time since last: 120463100 ns, Reaching safepoint: 150700 ns, At safepoint: 7182200 ns, Total: 7332900 ns
[2020-10-06T06:35:31.843+0000][36436][gc,marking   ] GC(309) Concurrent Rebuild Remembered Sets
[2020-10-06T06:35:31.921+0000][36436][gc,marking   ] GC(309) Concurrent Rebuild Remembered Sets 78.659ms
[2020-10-06T06:35:31.922+0000][36436][gc,start     ] GC(309) Pause Cleanup
[2020-10-06T06:35:31.922+0000][36436][gc           ] GC(309) Pause Cleanup 440M->440M(1024M) 0.325ms
[2020-10-06T06:35:31.922+0000][36436][gc,cpu       ] GC(309) User=0.00s Sys=0.00s Real=0.00s
[2020-10-06T06:35:31.922+0000][36436][safepoint    ] Safepoint "G1Concurrent", Time since last: 79022000 ns, Reaching safepoint: 141300 ns, At safepoint: 493500 ns, Total: 634800 ns
[2020-10-06T06:35:31.922+0000][36436][gc,marking   ] GC(309) Concurrent Cleanup for Next Mark
[2020-10-06T06:35:31.924+0000][36436][gc,marking   ] GC(309) Concurrent Cleanup for Next Mark 1.855ms
[2020-10-06T06:35:31.924+0000][36436][gc           ] GC(309) Concurrent Cycle 209.494ms
[2020-10-06T06:35:31.928+0000][36436][gc,start     ] GC(310) Pause Young (Concurrent Start) (G1 Humongous Allocation)
[2020-10-06T06:35:31.928+0000][36436][gc,task      ] GC(310) Using 8 workers of 8 for evacuation
[2020-10-06T06:35:31.928+0000][36436][gc,age       ] GC(310) Desired survivor size 33554432 bytes, new threshold 15 (max threshold 15)
[2020-10-06T06:35:31.931+0000][36436][gc,age       ] GC(310) Age table with threshold 15 (max threshold 15)
[2020-10-06T06:35:31.931+0000][36436][gc,age       ] GC(310) - age   1:    3092392 bytes,    3092392 total
[2020-10-06T06:35:31.931+0000][36436][gc,age       ] GC(310) - age   2:     417032 bytes,    3509424 total
[2020-10-06T06:35:31.931+0000][36436][gc,age       ] GC(310) - age   3:       3024 bytes,    3512448 total
[2020-10-06T06:35:31.931+0000][36436][gc,age       ] GC(310) - age   4:       6456 bytes,    3518904 total
[2020-10-06T06:35:31.931+0000][36436][gc,age       ] GC(310) - age   5:       1232 bytes,    3520136 total
[2020-10-06T06:35:31.932+0000][36436][gc,age       ] GC(310) - age   6:       8232 bytes,    3528368 total
[2020-10-06T06:35:31.932+0000][36436][gc,age       ] GC(310) - age   7:        576 bytes,    3528944 total
[2020-10-06T06:35:31.932+0000][36436][gc,age       ] GC(310) - age   8:       1144 bytes,    3530088 total
[2020-10-06T06:35:31.932+0000][36436][gc,age       ] GC(310) - age   9:     132248 bytes,    3662336 total
[2020-10-06T06:35:31.932+0000][36436][gc,age       ] GC(310) - age  10:        616 bytes,    3662952 total
[2020-10-06T06:35:31.932+0000][36436][gc,age       ] GC(310) - age  11:      71128 bytes,    3734080 total
[2020-10-06T06:35:31.932+0000][36436][gc,age       ] GC(310) - age  12:      71528 bytes,    3805608 total
[2020-10-06T06:35:31.932+0000][36436][gc,age       ] GC(310) - age  13:       1424 bytes,    3807032 total
[2020-10-06T06:35:31.932+0000][36436][gc,age       ] GC(310) - age  14:        560 bytes,    3807592 total
[2020-10-06T06:35:31.932+0000][36436][gc,age       ] GC(310) - age  15:       4400 bytes,    3811992 total
[2020-10-06T06:35:31.932+0000][36436][gc,phases    ] GC(310)   Pre Evacuate Collection Set: 0.4ms
[2020-10-06T06:35:31.932+0000][36436][gc,phases    ] GC(310)   Merge Heap Roots: 0.1ms
[2020-10-06T06:35:31.932+0000][36436][gc,phases    ] GC(310)   Evacuate Collection Set: 2.3ms
[2020-10-06T06:35:31.932+0000][36436][gc,phases    ] GC(310)   Post Evacuate Collection Set: 0.7ms
[2020-10-06T06:35:31.932+0000][36436][gc,phases    ] GC(310)   Other: 0.8ms
[2020-10-06T06:35:31.932+0000][36436][gc,heap      ] GC(310) Eden regions: 56->0(503)
[2020-10-06T06:35:31.932+0000][36436][gc,heap      ] GC(310) Survivor regions: 2->4(64)
[2020-10-06T06:35:31.932+0000][36436][gc,heap      ] GC(310) Old regions: 79->79
[2020-10-06T06:35:31.932+0000][36436][gc,heap      ] GC(310) Archive regions: 0->0
[2020-10-06T06:35:31.932+0000][36436][gc,heap      ] GC(310) Humongous regions: 308->174
[2020-10-06T06:35:31.932+0000][36436][gc,metaspace ] GC(310) Metaspace: 89560K(95484K)->89560K(95484K) NonClass: 78280K(81788K)->78280K(81788K) Class: 11280K(13696K)->11280K(13696K)
[2020-10-06T06:35:31.932+0000][36436][gc           ] GC(310) Pause Young (Concurrent Start) (G1 Humongous Allocation) 443M->256M(1024M) 4.661ms
[2020-10-06T06:35:31.932+0000][36436][gc,cpu       ] GC(310) User=0.00s Sys=0.00s Real=0.00s
[2020-10-06T06:35:31.932+0000][36436][gc           ] GC(311) Concurrent Cycle
[2020-10-06T06:35:31.932+0000][36436][safepoint    ] Safepoint "G1TryInitiateConcMark", Time since last: 5211400 ns, Reaching safepoint: 155100 ns, At safepoint: 4815600 ns, Total: 4970700 ns
[2020-10-06T06:35:31.932+0000][36436][gc,marking   ] GC(311) Concurrent Clear Claimed Marks
[2020-10-06T06:35:31.933+0000][36436][gc,marking   ] GC(311) Concurrent Clear Claimed Marks 0.394ms
[2020-10-06T06:35:31.933+0000][36436][gc,marking   ] GC(311) Concurrent Scan Root Regions
[2020-10-06T06:35:31.935+0000][36436][gc,marking   ] GC(311) Concurrent Scan Root Regions 2.599ms
[2020-10-06T06:35:31.936+0000][36436][gc,marking   ] GC(311) Concurrent Mark (9002.134s)
[2020-10-06T06:35:31.936+0000][36436][gc,marking   ] GC(311) Concurrent Mark From Roots
[2020-10-06T06:35:31.936+0000][36436][gc,task      ] GC(311) Using 2 workers of 2 for marking
[2020-10-06T06:35:32.059+0000][36436][gc,marking   ] GC(311) Concurrent Mark From Roots 122.859ms
[2020-10-06T06:35:32.059+0000][36436][gc,marking   ] GC(311) Concurrent Preclean
[2020-10-06T06:35:32.059+0000][36436][gc,marking   ] GC(311) Concurrent Preclean 0.526ms
[2020-10-06T06:35:32.059+0000][36436][gc,marking   ] GC(311) Concurrent Mark (9002.134s, 9002.258s) 123.548ms
[2020-10-06T06:35:32.059+0000][36436][gc,start     ] GC(311) Pause Remark
[2020-10-06T06:35:32.066+0000][36436][gc           ] GC(311) Pause Remark 329M->329M(1024M) 6.662ms
[2020-10-06T06:35:32.066+0000][36436][gc,cpu       ] GC(311) User=0.00s Sys=0.00s Real=0.01s
[2020-10-06T06:35:32.066+0000][36436][safepoint    ] Safepoint "G1Concurrent", Time since last: 126927300 ns, Reaching safepoint: 139300 ns, At safepoint: 6900200 ns, Total: 7039500 ns
[2020-10-06T06:35:32.066+0000][36436][gc,marking   ] GC(311) Concurrent Rebuild Remembered Sets
[2020-10-06T06:35:32.145+0000][36436][gc,marking   ] GC(311) Concurrent Rebuild Remembered Sets 78.534ms
[2020-10-06T06:35:32.145+0000][36436][gc,start     ] GC(311) Pause Cleanup
[2020-10-06T06:35:32.145+0000][36436][gc           ] GC(311) Pause Cleanup 403M->403M(1024M) 0.303ms
[2020-10-06T06:35:32.146+0000][36436][gc,cpu       ] GC(311) User=0.00s Sys=0.02s Real=0.00s
[2020-10-06T06:35:32.146+0000][36436][safepoint    ] Safepoint "G1Concurrent", Time since last: 78720300 ns, Reaching safepoint: 166800 ns, At safepoint: 512300 ns, Total: 679100 ns
[2020-10-06T06:35:32.146+0000][36436][gc,marking   ] GC(311) Concurrent Cleanup for Next Mark
[2020-10-06T06:35:32.147+0000][36436][gc,marking   ] GC(311) Concurrent Cleanup for Next Mark 1.559ms
[2020-10-06T06:35:32.147+0000][36436][gc           ] GC(311) Concurrent Cycle 215.150ms
[2020-10-06T06:35:32.150+0000][36436][gc,start     ] GC(312) Pause Young (Concurrent Start) (G1 Humongous Allocation)
[2020-10-06T06:35:32.150+0000][36436][gc,task      ] GC(312) Using 8 workers of 8 for evacuation
[2020-10-06T06:35:32.150+0000][36436][gc,age       ] GC(312) Desired survivor size 33554432 bytes, new threshold 15 (max threshold 15)
[2020-10-06T06:35:32.154+0000][36436][gc,age       ] GC(312) Age table with threshold 15 (max threshold 15)
[2020-10-06T06:35:32.154+0000][36436][gc,age       ] GC(312) - age   1:    2922200 bytes,    2922200 total
[2020-10-06T06:35:32.154+0000][36436][gc,age       ] GC(312) - age   2:       4656 bytes,    2926856 total
[2020-10-06T06:35:32.154+0000][36436][gc,age       ] GC(312) - age   3:      11896 bytes,    2938752 total
[2020-10-06T06:35:32.154+0000][36436][gc,age       ] GC(312) - age   4:       2704 bytes,    2941456 total
[2020-10-06T06:35:32.154+0000][36436][gc,age       ] GC(312) - age   5:       6392 bytes,    2947848 total
[2020-10-06T06:35:32.154+0000][36436][gc,age       ] GC(312) - age   6:       1232 bytes,    2949080 total
[2020-10-06T06:35:32.154+0000][36436][gc,age       ] GC(312) - age   7:       8232 bytes,    2957312 total
[2020-10-06T06:35:32.155+0000][36436][gc,age       ] GC(312) - age   8:        576 bytes,    2957888 total
[2020-10-06T06:35:32.155+0000][36436][gc,age       ] GC(312) - age   9:       1144 bytes,    2959032 total
[2020-10-06T06:35:32.155+0000][36436][gc,age       ] GC(312) - age  10:     132248 bytes,    3091280 total
[2020-10-06T06:35:32.155+0000][36436][gc,age       ] GC(312) - age  11:        616 bytes,    3091896 total
[2020-10-06T06:35:32.155+0000][36436][gc,age       ] GC(312) - age  12:      71128 bytes,    3163024 total
[2020-10-06T06:35:32.155+0000][36436][gc,age       ] GC(312) - age  13:      71432 bytes,    3234456 total
[2020-10-06T06:35:32.155+0000][36436][gc,age       ] GC(312) - age  14:       1424 bytes,    3235880 total
[2020-10-06T06:35:32.155+0000][36436][gc,age       ] GC(312) - age  15:        560 bytes,    3236440 total
[2020-10-06T06:35:32.155+0000][36436][gc,phases    ] GC(312)   Pre Evacuate Collection Set: 0.5ms
[2020-10-06T06:35:32.155+0000][36436][gc,phases    ] GC(312)   Merge Heap Roots: 0.1ms
[2020-10-06T06:35:32.155+0000][36436][gc,phases    ] GC(312)   Evacuate Collection Set: 2.4ms
[2020-10-06T06:35:32.155+0000][36436][gc,phases    ] GC(312)   Post Evacuate Collection Set: 0.7ms
[2020-10-06T06:35:32.155+0000][36436][gc,phases    ] GC(312)   Other: 1.0ms
[2020-10-06T06:35:32.155+0000][36436][gc,heap      ] GC(312) Eden regions: 40->0(503)
[2020-10-06T06:35:32.155+0000][36436][gc,heap      ] GC(312) Survivor regions: 4->4(64)
[2020-10-06T06:35:32.155+0000][36436][gc,heap      ] GC(312) Old regions: 79->79
[2020-10-06T06:35:32.155+0000][36436][gc,heap      ] GC(312) Archive regions: 0->0
[2020-10-06T06:35:32.155+0000][36436][gc,heap      ] GC(312) Humongous regions: 283->174
[2020-10-06T06:35:32.155+0000][36436][gc,metaspace ] GC(312) Metaspace: 89561K(95484K)->89561K(95484K) NonClass: 78280K(81788K)->78280K(81788K) Class: 11280K(13696K)->11280K(13696K)
[2020-10-06T06:35:32.155+0000][36436][gc           ] GC(312) Pause Young (Concurrent Start) (G1 Humongous Allocation) 405M->255M(1024M) 4.936ms
[2020-10-06T06:35:32.155+0000][36436][gc,cpu       ] GC(312) User=0.00s Sys=0.00s Real=0.00s
[2020-10-06T06:35:32.155+0000][36436][safepoint    ] Safepoint "G1TryInitiateConcMark", Time since last: 4419000 ns, Reaching safepoint: 154100 ns, At safepoint: 5094800 ns, Total: 5248900 ns
[2020-10-06T06:35:32.155+0000][36436][gc           ] GC(313) Concurrent Cycle
[2020-10-06T06:35:32.155+0000][36436][gc,marking   ] GC(313) Concurrent Clear Claimed Marks
[2020-10-06T06:35:32.156+0000][36436][gc,marking   ] GC(313) Concurrent Clear Claimed Marks 0.591ms
[2020-10-06T06:35:32.156+0000][36436][gc,marking   ] GC(313) Concurrent Scan Root Regions
[2020-10-06T06:35:32.159+0000][36436][gc,marking   ] GC(313) Concurrent Scan Root Regions 2.345ms
[2020-10-06T06:35:32.159+0000][36436][gc,marking   ] GC(313) Concurrent Mark (9002.357s)
[2020-10-06T06:35:32.159+0000][36436][gc,marking   ] GC(313) Concurrent Mark From Roots
[2020-10-06T06:35:32.159+0000][36436][gc,task      ] GC(313) Using 2 workers of 2 for marking
[2020-10-06T06:35:32.276+0000][36436][gc,marking   ] GC(313) Concurrent Mark From Roots 117.409ms
[2020-10-06T06:35:32.276+0000][36436][gc,marking   ] GC(313) Concurrent Preclean
[2020-10-06T06:35:32.277+0000][36436][gc,marking   ] GC(313) Concurrent Preclean 0.717ms
[2020-10-06T06:35:32.277+0000][36436][gc,marking   ] GC(313) Concurrent Mark (9002.357s, 9002.475s) 118.296ms
[2020-10-06T06:35:32.277+0000][36436][gc,start     ] GC(313) Pause Remark
[2020-10-06T06:35:32.284+0000][36436][gc           ] GC(313) Pause Remark 359M->359M(1024M) 6.585ms
[2020-10-06T06:35:32.284+0000][36436][gc,cpu       ] GC(313) User=0.00s Sys=0.00s Real=0.01s
[2020-10-06T06:35:32.284+0000][36436][safepoint    ] Safepoint "G1Concurrent", Time since last: 121692400 ns, Reaching safepoint: 151500 ns, At safepoint: 6948200 ns, Total: 7099700 ns
[2020-10-06T06:35:32.284+0000][36436][gc,marking   ] GC(313) Concurrent Rebuild Remembered Sets
[2020-10-06T06:35:32.363+0000][36436][gc,marking   ] GC(313) Concurrent Rebuild Remembered Sets 79.570ms
[2020-10-06T06:35:32.364+0000][36436][gc,start     ] GC(313) Pause Cleanup
[2020-10-06T06:35:32.364+0000][36436][gc           ] GC(313) Pause Cleanup 440M->440M(1024M) 0.317ms
[2020-10-06T06:35:32.364+0000][36436][gc,cpu       ] GC(313) User=0.00s Sys=0.00s Real=0.00s
[2020-10-06T06:35:32.364+0000][36436][safepoint    ] Safepoint "G1Concurrent", Time since last: 79813500 ns, Reaching safepoint: 146700 ns, At safepoint: 456100 ns, Total: 602800 ns
[2020-10-06T06:35:32.364+0000][36436][gc,marking   ] GC(313) Concurrent Cleanup for Next Mark
[2020-10-06T06:35:32.365+0000][36436][gc,marking   ] GC(313) Concurrent Cleanup for Next Mark 1.279ms
[2020-10-06T06:35:32.366+0000][36436][gc           ] GC(313) Concurrent Cycle 210.676ms
[2020-10-06T06:35:32.367+0000][36436][gc,start     ] GC(314) Pause Young (Concurrent Start) (G1 Humongous Allocation)
[2020-10-06T06:35:32.367+0000][36436][gc,task      ] GC(314) Using 8 workers of 8 for evacuation
[2020-10-06T06:35:32.368+0000][36436][gc,age       ] GC(314) Desired survivor size 33554432 bytes, new threshold 15 (max threshold 15)
[2020-10-06T06:35:32.371+0000][36436][gc,age       ] GC(314) Age table with threshold 15 (max threshold 15)
[2020-10-06T06:35:32.371+0000][36436][gc,age       ] GC(314) - age   1:    3245008 bytes,    3245008 total
[2020-10-06T06:35:32.371+0000][36436][gc,age       ] GC(314) - age   2:     209992 bytes,    3455000 total
[2020-10-06T06:35:32.371+0000][36436][gc,age       ] GC(314) - age   3:       3792 bytes,    3458792 total
[2020-10-06T06:35:32.372+0000][36436][gc,age       ] GC(314) - age   4:       6528 bytes,    3465320 total
[2020-10-06T06:35:32.372+0000][36436][gc,age       ] GC(314) - age   5:       2152 bytes,    3467472 total
[2020-10-06T06:35:32.372+0000][36436][gc,age       ] GC(314) - age   6:       6224 bytes,    3473696 total
[2020-10-06T06:35:32.372+0000][36436][gc,age       ] GC(314) - age   7:       1232 bytes,    3474928 total
[2020-10-06T06:35:32.372+0000][36436][gc,age       ] GC(314) - age   8:       8232 bytes,    3483160 total
[2020-10-06T06:35:32.372+0000][36436][gc,age       ] GC(314) - age   9:        576 bytes,    3483736 total
[2020-10-06T06:35:32.372+0000][36436][gc,age       ] GC(314) - age  10:       1080 bytes,    3484816 total
[2020-10-06T06:35:32.372+0000][36436][gc,age       ] GC(314) - age  11:     131736 bytes,    3616552 total
[2020-10-06T06:35:32.372+0000][36436][gc,age       ] GC(314) - age  12:        584 bytes,    3617136 total
[2020-10-06T06:35:32.372+0000][36436][gc,age       ] GC(314) - age  13:      71064 bytes,    3688200 total
[2020-10-06T06:35:32.372+0000][36436][gc,age       ] GC(314) - age  14:      71368 bytes,    3759568 total
[2020-10-06T06:35:32.372+0000][36436][gc,age       ] GC(314) - age  15:       1360 bytes,    3760928 total
[2020-10-06T06:35:32.372+0000][36436][gc,phases    ] GC(314)   Pre Evacuate Collection Set: 0.4ms
[2020-10-06T06:35:32.372+0000][36436][gc,phases    ] GC(314)   Merge Heap Roots: 0.1ms
[2020-10-06T06:35:32.372+0000][36436][gc,phases    ] GC(314)   Evacuate Collection Set: 2.3ms
[2020-10-06T06:35:32.372+0000][36436][gc,phases    ] GC(314)   Post Evacuate Collection Set: 0.8ms
[2020-10-06T06:35:32.372+0000][36436][gc,phases    ] GC(314)   Other: 0.9ms
[2020-10-06T06:35:32.372+0000][36436][gc,heap      ] GC(314) Eden regions: 57->0(503)
[2020-10-06T06:35:32.372+0000][36436][gc,heap      ] GC(314) Survivor regions: 4->4(64)
[2020-10-06T06:35:32.372+0000][36436][gc,heap      ] GC(314) Old regions: 79->79
[2020-10-06T06:35:32.372+0000][36436][gc,heap      ] GC(314) Archive regions: 0->0
[2020-10-06T06:35:32.372+0000][36436][gc,heap      ] GC(314) Humongous regions: 303->174
[2020-10-06T06:35:32.372+0000][36436][gc,metaspace ] GC(314) Metaspace: 89585K(95484K)->89585K(95484K) NonClass: 78304K(81788K)->78304K(81788K) Class: 11281K(13696K)->11281K(13696K)
[2020-10-06T06:35:32.372+0000][36436][gc           ] GC(314) Pause Young (Concurrent Start) (G1 Humongous Allocation) 441M->256M(1024M) 4.830ms
[2020-10-06T06:35:32.372+0000][36436][gc,cpu       ] GC(314) User=0.00s Sys=0.00s Real=0.00s
[2020-10-06T06:35:32.373+0000][36436][safepoint    ] Safepoint "G1TryInitiateConcMark", Time since last: 3091300 ns, Reaching safepoint: 145600 ns, At safepoint: 5017500 ns, Total: 5163100 ns
[2020-10-06T06:35:32.373+0000][36436][gc           ] GC(315) Concurrent Cycle
[2020-10-06T06:35:32.373+0000][36436][gc,marking   ] GC(315) Concurrent Clear Claimed Marks
[2020-10-06T06:35:32.373+0000][36436][gc,marking   ] GC(315) Concurrent Clear Claimed Marks 0.532ms
[2020-10-06T06:35:32.373+0000][36436][gc,marking   ] GC(315) Concurrent Scan Root Regions
[2020-10-06T06:35:32.376+0000][36436][gc,marking   ] GC(315) Concurrent Scan Root Regions 2.650ms
[2020-10-06T06:35:32.376+0000][36436][gc,marking   ] GC(315) Concurrent Mark (9002.575s)
[2020-10-06T06:35:32.376+0000][36436][gc,marking   ] GC(315) Concurrent Mark From Roots
[2020-10-06T06:35:32.376+0000][36436][gc,task      ] GC(315) Using 2 workers of 2 for marking
[2020-10-06T06:35:32.521+0000][36436][gc,marking   ] GC(315) Concurrent Mark From Roots 145.021ms
[2020-10-06T06:35:32.521+0000][36436][gc,marking   ] GC(315) Concurrent Preclean
[2020-10-06T06:35:32.522+0000][36436][gc,marking   ] GC(315) Concurrent Preclean 0.879ms
[2020-10-06T06:35:32.522+0000][36436][gc,marking   ] GC(315) Concurrent Mark (9002.575s, 9002.721s) 146.112ms
[2020-10-06T06:35:32.522+0000][36436][gc,start     ] GC(315) Pause Remark
[2020-10-06T06:35:32.530+0000][36436][gc           ] GC(315) Pause Remark 391M->391M(1024M) 7.925ms
[2020-10-06T06:35:32.530+0000][36436][gc,cpu       ] GC(315) User=0.00s Sys=0.00s Real=0.01s
[2020-10-06T06:35:32.530+0000][36436][safepoint    ] Safepoint "G1Concurrent", Time since last: 149702700 ns, Reaching safepoint: 180600 ns, At safepoint: 8143400 ns, Total: 8324000 ns
[2020-10-06T06:35:32.531+0000][36436][gc,marking   ] GC(315) Concurrent Rebuild Remembered Sets
[2020-10-06T06:35:32.594+0000][36436][gc,marking   ] GC(315) Concurrent Rebuild Remembered Sets 63.041ms
[2020-10-06T06:35:32.594+0000][36436][gc,start     ] GC(315) Pause Cleanup
[2020-10-06T06:35:32.595+0000][36436][gc           ] GC(315) Pause Cleanup 484M->484M(1024M) 0.266ms
[2020-10-06T06:35:32.595+0000][36436][gc,cpu       ] GC(315) User=0.00s Sys=0.00s Real=0.00s
[2020-10-06T06:35:32.595+0000][36436][safepoint    ] Safepoint "G1Concurrent", Time since last: 63244100 ns, Reaching safepoint: 127500 ns, At safepoint: 430600 ns, Total: 558100 ns
[2020-10-06T06:35:32.595+0000][36436][gc,marking   ] GC(315) Concurrent Cleanup for Next Mark
[2020-10-06T06:35:32.596+0000][36436][gc,marking   ] GC(315) Concurrent Cleanup for Next Mark 1.420ms
[2020-10-06T06:35:32.596+0000][36436][gc           ] GC(315) Concurrent Cycle 223.415ms
[2020-10-06T06:35:32.616+0000][36436][gc,start     ] GC(316) Pause Young (Concurrent Start) (G1 Humongous Allocation)
[2020-10-06T06:35:32.616+0000][36436][gc,task      ] GC(316) Using 8 workers of 8 for evacuation
[2020-10-06T06:35:32.616+0000][36436][gc,age       ] GC(316) Desired survivor size 33554432 bytes, new threshold 15 (max threshold 15)
[2020-10-06T06:35:32.619+0000][36436][gc,age       ] GC(316) Age table with threshold 15 (max threshold 15)
[2020-10-06T06:35:32.619+0000][36436][gc,age       ] GC(316) - age   1:    1074048 bytes,    1074048 total
[2020-10-06T06:35:32.619+0000][36436][gc,age       ] GC(316) - age   2:      18792 bytes,    1092840 total
[2020-10-06T06:35:32.619+0000][36436][gc,age       ] GC(316) - age   3:       3416 bytes,    1096256 total
[2020-10-06T06:35:32.619+0000][36436][gc,age       ] GC(316) - age   4:       3272 bytes,    1099528 total
[2020-10-06T06:35:32.619+0000][36436][gc,age       ] GC(316) - age   5:       6200 bytes,    1105728 total
[2020-10-06T06:35:32.619+0000][36436][gc,age       ] GC(316) - age   6:       2088 bytes,    1107816 total
[2020-10-06T06:35:32.619+0000][36436][gc,age       ] GC(316) - age   7:       6224 bytes,    1114040 total
[2020-10-06T06:35:32.619+0000][36436][gc,age       ] GC(316) - age   8:       1232 bytes,    1115272 total
[2020-10-06T06:35:32.619+0000][36436][gc,age       ] GC(316) - age   9:       8232 bytes,    1123504 total
[2020-10-06T06:35:32.619+0000][36436][gc,age       ] GC(316) - age  10:        512 bytes,    1124016 total
[2020-10-06T06:35:32.620+0000][36436][gc,age       ] GC(316) - age  11:       1080 bytes,    1125096 total
[2020-10-06T06:35:32.620+0000][36436][gc,age       ] GC(316) - age  12:     131736 bytes,    1256832 total
[2020-10-06T06:35:32.620+0000][36436][gc,age       ] GC(316) - age  13:        584 bytes,    1257416 total
[2020-10-06T06:35:32.620+0000][36436][gc,age       ] GC(316) - age  14:      71064 bytes,    1328480 total
[2020-10-06T06:35:32.620+0000][36436][gc,age       ] GC(316) - age  15:      71368 bytes,    1399848 total
[2020-10-06T06:35:32.620+0000][36436][gc,phases    ] GC(316)   Pre Evacuate Collection Set: 0.4ms
[2020-10-06T06:35:32.620+0000][36436][gc,phases    ] GC(316)   Merge Heap Roots: 0.1ms
[2020-10-06T06:35:32.620+0000][36436][gc,phases    ] GC(316)   Evacuate Collection Set: 2.0ms
[2020-10-06T06:35:32.620+0000][36436][gc,phases    ] GC(316)   Post Evacuate Collection Set: 0.7ms
[2020-10-06T06:35:32.620+0000][36436][gc,phases    ] GC(316)   Other: 0.8ms
[2020-10-06T06:35:32.620+0000][36436][gc,heap      ] GC(316) Eden regions: 65->0(506)
[2020-10-06T06:35:32.620+0000][36436][gc,heap      ] GC(316) Survivor regions: 4->2(64)
[2020-10-06T06:35:32.620+0000][36436][gc,heap      ] GC(316) Old regions: 79->79
[2020-10-06T06:35:32.620+0000][36436][gc,heap      ] GC(316) Archive regions: 0->0
[2020-10-06T06:35:32.620+0000][36436][gc,heap      ] GC(316) Humongous regions: 345->174
[2020-10-06T06:35:32.620+0000][36436][gc,metaspace ] GC(316) Metaspace: 89585K(95484K)->89585K(95484K) NonClass: 78304K(81788K)->78304K(81788K) Class: 11281K(13696K)->11281K(13696K)
[2020-10-06T06:35:32.620+0000][36436][gc           ] GC(316) Pause Young (Concurrent Start) (G1 Humongous Allocation) 491M->254M(1024M) 4.331ms
[2020-10-06T06:35:32.620+0000][36436][gc,cpu       ] GC(316) User=0.00s Sys=0.00s Real=0.00s
[2020-10-06T06:35:32.620+0000][36436][gc           ] GC(317) Concurrent Cycle
[2020-10-06T06:35:32.620+0000][36436][safepoint    ] Safepoint "G1TryInitiateConcMark", Time since last: 20881500 ns, Reaching safepoint: 131900 ns, At safepoint: 4491200 ns, Total: 4623100 ns
[2020-10-06T06:35:32.620+0000][36436][gc,marking   ] GC(317) Concurrent Clear Claimed Marks
[2020-10-06T06:35:32.621+0000][36436][gc,marking   ] GC(317) Concurrent Clear Claimed Marks 0.397ms
[2020-10-06T06:35:32.621+0000][36436][gc,marking   ] GC(317) Concurrent Scan Root Regions
[2020-10-06T06:35:32.622+0000][36436][gc,marking   ] GC(317) Concurrent Scan Root Regions 1.485ms
[2020-10-06T06:35:32.622+0000][36436][gc,marking   ] GC(317) Concurrent Mark (9002.821s)
[2020-10-06T06:35:32.622+0000][36436][gc,marking   ] GC(317) Concurrent Mark From Roots
[2020-10-06T06:35:32.622+0000][36436][gc,task      ] GC(317) Using 2 workers of 2 for marking
[2020-10-06T06:35:32.731+0000][36436][gc,marking   ] GC(317) Concurrent Mark From Roots 108.450ms
[2020-10-06T06:35:32.731+0000][36436][gc,marking   ] GC(317) Concurrent Preclean
[2020-10-06T06:35:32.732+0000][36436][gc,marking   ] GC(317) Concurrent Preclean 0.696ms
[2020-10-06T06:35:32.732+0000][36436][gc,marking   ] GC(317) Concurrent Mark (9002.821s, 9002.930s) 109.335ms
[2020-10-06T06:35:32.732+0000][36436][gc,start     ] GC(317) Pause Remark
[2020-10-06T06:35:32.738+0000][36436][gc           ] GC(317) Pause Remark 417M->417M(1024M) 6.487ms
[2020-10-06T06:35:32.738+0000][36436][gc,cpu       ] GC(317) User=0.00s Sys=0.00s Real=0.01s
[2020-10-06T06:35:32.739+0000][36436][safepoint    ] Safepoint "G1Concurrent", Time since last: 111512300 ns, Reaching safepoint: 140000 ns, At safepoint: 6733800 ns, Total: 6873800 ns
[2020-10-06T06:35:32.739+0000][36436][gc,marking   ] GC(317) Concurrent Rebuild Remembered Sets
[2020-10-06T06:35:32.805+0000][36436][gc,marking   ] GC(317) Concurrent Rebuild Remembered Sets 66.247ms
[2020-10-06T06:35:32.805+0000][36436][gc,start     ] GC(317) Pause Cleanup
[2020-10-06T06:35:32.806+0000][36436][gc           ] GC(317) Pause Cleanup 426M->426M(1024M) 0.366ms
[2020-10-06T06:35:32.806+0000][36436][gc,cpu       ] GC(317) User=0.00s Sys=0.00s Real=0.00s
[2020-10-06T06:35:32.806+0000][36436][safepoint    ] Safepoint "G1Concurrent", Time since last: 66450200 ns, Reaching safepoint: 174400 ns, At safepoint: 562400 ns, Total: 736800 ns
[2020-10-06T06:35:32.806+0000][36436][gc,marking   ] GC(317) Concurrent Cleanup for Next Mark
[2020-10-06T06:35:32.808+0000][36436][gc,marking   ] GC(317) Concurrent Cleanup for Next Mark 2.146ms
[2020-10-06T06:35:32.808+0000][36436][gc           ] GC(317) Concurrent Cycle 187.972ms
[2020-10-06T06:35:32.886+0000][36436][gc,start     ] GC(318) Pause Young (Concurrent Start) (G1 Humongous Allocation)
[2020-10-06T06:35:32.886+0000][36436][gc,task      ] GC(318) Using 8 workers of 8 for evacuation
[2020-10-06T06:35:32.886+0000][36436][gc,age       ] GC(318) Desired survivor size 33554432 bytes, new threshold 15 (max threshold 15)
[2020-10-06T06:35:32.890+0000][36436][gc,age       ] GC(318) Age table with threshold 15 (max threshold 15)
[2020-10-06T06:35:32.890+0000][36436][gc,age       ] GC(318) - age   1:    2755576 bytes,    2755576 total
[2020-10-06T06:35:32.890+0000][36436][gc,age       ] GC(318) - age   2:       5000 bytes,    2760576 total
[2020-10-06T06:35:32.890+0000][36436][gc,age       ] GC(318) - age   3:      17384 bytes,    2777960 total
[2020-10-06T06:35:32.890+0000][36436][gc,age       ] GC(318) - age   4:       3056 bytes,    2781016 total
[2020-10-06T06:35:32.890+0000][36436][gc,age       ] GC(318) - age   5:       1808 bytes,    2782824 total
[2020-10-06T06:35:32.890+0000][36436][gc,age       ] GC(318) - age   6:       3336 bytes,    2786160 total
[2020-10-06T06:35:32.890+0000][36436][gc,age       ] GC(318) - age   7:       1672 bytes,    2787832 total
[2020-10-06T06:35:32.890+0000][36436][gc,age       ] GC(318) - age   8:       5544 bytes,    2793376 total
[2020-10-06T06:35:32.891+0000][36436][gc,age       ] GC(318) - age   9:       1168 bytes,    2794544 total
[2020-10-06T06:35:32.891+0000][36436][gc,age       ] GC(318) - age  10:       7792 bytes,    2802336 total
[2020-10-06T06:35:32.891+0000][36436][gc,age       ] GC(318) - age  11:        448 bytes,    2802784 total
[2020-10-06T06:35:32.891+0000][36436][gc,age       ] GC(318) - age  12:        920 bytes,    2803704 total
[2020-10-06T06:35:32.891+0000][36436][gc,age       ] GC(318) - age  13:     131736 bytes,    2935440 total
[2020-10-06T06:35:32.891+0000][36436][gc,age       ] GC(318) - age  14:        584 bytes,    2936024 total
[2020-10-06T06:35:32.891+0000][36436][gc,age       ] GC(318) - age  15:      62920 bytes,    2998944 total
[2020-10-06T06:35:32.891+0000][36436][gc,phases    ] GC(318)   Pre Evacuate Collection Set: 0.4ms
[2020-10-06T06:35:32.891+0000][36436][gc,phases    ] GC(318)   Merge Heap Roots: 0.1ms
[2020-10-06T06:35:32.891+0000][36436][gc,phases    ] GC(318)   Evacuate Collection Set: 2.5ms
[2020-10-06T06:35:32.891+0000][36436][gc,phases    ] GC(318)   Post Evacuate Collection Set: 0.8ms
[2020-10-06T06:35:32.891+0000][36436][gc,phases    ] GC(318)   Other: 0.8ms
[2020-10-06T06:35:32.891+0000][36436][gc,heap      ] GC(318) Eden regions: 56->0(505)
[2020-10-06T06:35:32.891+0000][36436][gc,heap      ] GC(318) Survivor regions: 2->3(64)
[2020-10-06T06:35:32.891+0000][36436][gc,heap      ] GC(318) Old regions: 79->79
[2020-10-06T06:35:32.891+0000][36436][gc,heap      ] GC(318) Archive regions: 0->0
[2020-10-06T06:35:32.891+0000][36436][gc,heap      ] GC(318) Humongous regions: 298->174
[2020-10-06T06:35:32.891+0000][36436][gc,metaspace ] GC(318) Metaspace: 89605K(95484K)->89605K(95484K) NonClass: 78320K(81788K)->78320K(81788K) Class: 11284K(13696K)->11284K(13696K)
[2020-10-06T06:35:32.891+0000][36436][gc           ] GC(318) Pause Young (Concurrent Start) (G1 Humongous Allocation) 433M->255M(1024M) 4.917ms
[2020-10-06T06:35:32.891+0000][36436][gc,cpu       ] GC(318) User=0.00s Sys=0.00s Real=0.01s
[2020-10-06T06:35:32.891+0000][36436][safepoint    ] Safepoint "G1TryInitiateConcMark", Time since last: 80112700 ns, Reaching safepoint: 140600 ns, At safepoint: 5055600 ns, Total: 5196200 ns
[2020-10-06T06:35:32.891+0000][36436][gc           ] GC(319) Concurrent Cycle
[2020-10-06T06:35:32.891+0000][36436][gc,marking   ] GC(319) Concurrent Clear Claimed Marks
[2020-10-06T06:35:32.892+0000][36436][gc,marking   ] GC(319) Concurrent Clear Claimed Marks 0.383ms
[2020-10-06T06:35:32.892+0000][36436][gc,marking   ] GC(319) Concurrent Scan Root Regions
[2020-10-06T06:35:32.894+0000][36436][gc,marking   ] GC(319) Concurrent Scan Root Regions 1.932ms
[2020-10-06T06:35:32.894+0000][36436][gc,marking   ] GC(319) Concurrent Mark (9003.092s)
[2020-10-06T06:35:32.894+0000][36436][gc,marking   ] GC(319) Concurrent Mark From Roots
[2020-10-06T06:35:32.894+0000][36436][gc,task      ] GC(319) Using 2 workers of 2 for marking
[2020-10-06T06:35:33.007+0000][36436][gc,marking   ] GC(319) Concurrent Mark From Roots 113.409ms
[2020-10-06T06:35:33.007+0000][36436][gc,marking   ] GC(319) Concurrent Preclean
[2020-10-06T06:35:33.008+0000][36436][gc,marking   ] GC(319) Concurrent Preclean 0.772ms
[2020-10-06T06:35:33.008+0000][36436][gc,marking   ] GC(319) Concurrent Mark (9003.092s, 9003.207s) 114.389ms
[2020-10-06T06:35:33.008+0000][36436][gc,start     ] GC(319) Pause Remark
[2020-10-06T06:35:33.015+0000][36436][gc           ] GC(319) Pause Remark 411M->411M(1024M) 6.528ms
[2020-10-06T06:35:33.015+0000][36436][gc,cpu       ] GC(319) User=0.00s Sys=0.00s Real=0.01s
[2020-10-06T06:35:33.015+0000][36436][safepoint    ] Safepoint "G1Concurrent", Time since last: 117075200 ns, Reaching safepoint: 174600 ns, At safepoint: 6814600 ns, Total: 6989200 ns
[2020-10-06T06:35:33.015+0000][36436][gc,marking   ] GC(319) Concurrent Rebuild Remembered Sets
[2020-10-06T06:35:33.101+0000][36436][gc,marking   ] GC(319) Concurrent Rebuild Remembered Sets 85.425ms
[2020-10-06T06:35:33.101+0000][36436][gc,start     ] GC(319) Pause Cleanup
[2020-10-06T06:35:33.101+0000][36436][gc           ] GC(319) Pause Cleanup 500M->500M(1024M) 0.294ms
[2020-10-06T06:35:33.101+0000][36436][gc,cpu       ] GC(319) User=0.00s Sys=0.00s Real=0.00s
[2020-10-06T06:35:33.101+0000][36436][safepoint    ] Safepoint "G1Concurrent", Time since last: 85615700 ns, Reaching safepoint: 130300 ns, At safepoint: 435300 ns, Total: 565600 ns
[2020-10-06T06:35:33.101+0000][36436][gc,marking   ] GC(319) Concurrent Cleanup for Next Mark
[2020-10-06T06:35:33.103+0000][36436][gc,marking   ] GC(319) Concurrent Cleanup for Next Mark 1.881ms
[2020-10-06T06:35:33.103+0000][36436][gc           ] GC(319) Concurrent Cycle 212.260ms
[2020-10-06T06:35:33.131+0000][36436][gc,start     ] GC(320) Pause Young (Concurrent Start) (G1 Humongous Allocation)
[2020-10-06T06:35:33.131+0000][36436][gc,task      ] GC(320) Using 8 workers of 8 for evacuation
[2020-10-06T06:35:33.131+0000][36436][gc,age       ] GC(320) Desired survivor size 33554432 bytes, new threshold 15 (max threshold 15)
[2020-10-06T06:35:33.135+0000][36436][gc,age       ] GC(320) Age table with threshold 15 (max threshold 15)
[2020-10-06T06:35:33.135+0000][36436][gc,age       ] GC(320) - age   1:    3403448 bytes,    3403448 total
[2020-10-06T06:35:33.135+0000][36436][gc,age       ] GC(320) - age   2:      48064 bytes,    3451512 total
[2020-10-06T06:35:33.135+0000][36436][gc,age       ] GC(320) - age   3:       1200 bytes,    3452712 total
[2020-10-06T06:35:33.135+0000][36436][gc,age       ] GC(320) - age   4:      17056 bytes,    3469768 total
[2020-10-06T06:35:33.135+0000][36436][gc,age       ] GC(320) - age   5:        760 bytes,    3470528 total
[2020-10-06T06:35:33.135+0000][36436][gc,age       ] GC(320) - age   6:       1424 bytes,    3471952 total
[2020-10-06T06:35:33.135+0000][36436][gc,age       ] GC(320) - age   7:       3336 bytes,    3475288 total
[2020-10-06T06:35:33.135+0000][36436][gc,age       ] GC(320) - age   8:       1672 bytes,    3476960 total
[2020-10-06T06:35:33.135+0000][36436][gc,age       ] GC(320) - age   9:       5528 bytes,    3482488 total
[2020-10-06T06:35:33.135+0000][36436][gc,age       ] GC(320) - age  10:        752 bytes,    3483240 total
[2020-10-06T06:35:33.136+0000][36436][gc,age       ] GC(320) - age  11:       7792 bytes,    3491032 total
[2020-10-06T06:35:33.136+0000][36436][gc,age       ] GC(320) - age  12:        320 bytes,    3491352 total
[2020-10-06T06:35:33.136+0000][36436][gc,age       ] GC(320) - age  13:        920 bytes,    3492272 total
[2020-10-06T06:35:33.136+0000][36436][gc,age       ] GC(320) - age  14:     131736 bytes,    3624008 total
[2020-10-06T06:35:33.136+0000][36436][gc,age       ] GC(320) - age  15:        584 bytes,    3624592 total
[2020-10-06T06:35:33.136+0000][36436][gc,phases    ] GC(320)   Pre Evacuate Collection Set: 0.5ms
[2020-10-06T06:35:33.136+0000][36436][gc,phases    ] GC(320)   Merge Heap Roots: 0.1ms
[2020-10-06T06:35:33.136+0000][36436][gc,phases    ] GC(320)   Evacuate Collection Set: 2.2ms
[2020-10-06T06:35:33.136+0000][36436][gc,phases    ] GC(320)   Post Evacuate Collection Set: 1.0ms
[2020-10-06T06:35:33.136+0000][36436][gc,phases    ] GC(320)   Other: 1.0ms
[2020-10-06T06:35:33.136+0000][36436][gc,heap      ] GC(320) Eden regions: 73->0(503)
[2020-10-06T06:35:33.136+0000][36436][gc,heap      ] GC(320) Survivor regions: 3->4(64)
[2020-10-06T06:35:33.136+0000][36436][gc,heap      ] GC(320) Old regions: 79->79
[2020-10-06T06:35:33.136+0000][36436][gc,heap      ] GC(320) Archive regions: 0->0
[2020-10-06T06:35:33.136+0000][36436][gc,heap      ] GC(320) Humongous regions: 355->174
[2020-10-06T06:35:33.136+0000][36436][gc,metaspace ] GC(320) Metaspace: 89605K(95484K)->89605K(95484K) NonClass: 78321K(81788K)->78321K(81788K) Class: 11284K(13696K)->11284K(13696K)
[2020-10-06T06:35:33.136+0000][36436][gc           ] GC(320) Pause Young (Concurrent Start) (G1 Humongous Allocation) 508M->256M(1024M) 5.101ms
[2020-10-06T06:35:33.136+0000][36436][gc,cpu       ] GC(320) User=0.00s Sys=0.00s Real=0.00s
[2020-10-06T06:35:33.136+0000][36436][gc           ] GC(321) Concurrent Cycle
[2020-10-06T06:35:33.136+0000][36436][safepoint    ] Safepoint "G1TryInitiateConcMark", Time since last: 29431500 ns, Reaching safepoint: 152400 ns, At safepoint: 5315400 ns, Total: 5467800 ns
[2020-10-06T06:35:33.136+0000][36436][gc,marking   ] GC(321) Concurrent Clear Claimed Marks
[2020-10-06T06:35:33.137+0000][36436][gc,marking   ] GC(321) Concurrent Clear Claimed Marks 0.777ms
[2020-10-06T06:35:33.137+0000][36436][gc,marking   ] GC(321) Concurrent Scan Root Regions
[2020-10-06T06:35:33.142+0000][36436][gc,marking   ] GC(321) Concurrent Scan Root Regions 4.402ms
[2020-10-06T06:35:33.142+0000][36436][gc,marking   ] GC(321) Concurrent Mark (9003.340s)
[2020-10-06T06:35:33.142+0000][36436][gc,marking   ] GC(321) Concurrent Mark From Roots
[2020-10-06T06:35:33.142+0000][36436][gc,task      ] GC(321) Using 2 workers of 2 for marking
[2020-10-06T06:35:33.277+0000][36436][gc,marking   ] GC(321) Concurrent Mark From Roots 135.354ms
[2020-10-06T06:35:33.277+0000][36436][gc,marking   ] GC(321) Concurrent Preclean
[2020-10-06T06:35:33.278+0000][36436][gc,marking   ] GC(321) Concurrent Preclean 0.604ms
[2020-10-06T06:35:33.278+0000][36436][gc,marking   ] GC(321) Concurrent Mark (9003.340s, 9003.477s) 136.220ms
[2020-10-06T06:35:33.278+0000][36436][gc,start     ] GC(321) Pause Remark
[2020-10-06T06:35:33.291+0000][36436][gc           ] GC(321) Pause Remark 334M->334M(1024M) 12.946ms
[2020-10-06T06:35:33.291+0000][36436][gc,cpu       ] GC(321) User=0.13s Sys=0.00s Real=0.01s
[2020-10-06T06:35:33.291+0000][36436][safepoint    ] Safepoint "G1Concurrent", Time since last: 141884600 ns, Reaching safepoint: 141200 ns, At safepoint: 13305000 ns, Total: 13446200 ns
[2020-10-06T06:35:33.292+0000][36436][gc,marking   ] GC(321) Concurrent Rebuild Remembered Sets
[2020-10-06T06:35:33.361+0000][36436][safepoint    ] Safepoint "ICBufferFull", Time since last: 69451200 ns, Reaching safepoint: 395400 ns, At safepoint: 20100 ns, Total: 415500 ns
[2020-10-06T06:35:33.365+0000][36436][gc,marking   ] GC(321) Concurrent Rebuild Remembered Sets 73.903ms
[2020-10-06T06:35:33.366+0000][36436][gc,start     ] GC(321) Pause Cleanup
[2020-10-06T06:35:33.366+0000][36436][gc           ] GC(321) Pause Cleanup 405M->405M(1024M) 0.279ms
[2020-10-06T06:35:33.366+0000][36436][gc,cpu       ] GC(321) User=0.00s Sys=0.00s Real=0.00s
[2020-10-06T06:35:33.366+0000][36436][safepoint    ] Safepoint "G1Concurrent", Time since last: 4273200 ns, Reaching safepoint: 169000 ns, At safepoint: 493100 ns, Total: 662100 ns
[2020-10-06T06:35:33.366+0000][36436][gc,marking   ] GC(321) Concurrent Cleanup for Next Mark
[2020-10-06T06:35:33.368+0000][36436][gc,marking   ] GC(321) Concurrent Cleanup for Next Mark 1.571ms
[2020-10-06T06:35:33.368+0000][36436][gc           ] GC(321) Concurrent Cycle 231.888ms
[2020-10-06T06:35:33.374+0000][36436][gc,start     ] GC(322) Pause Young (Concurrent Start) (G1 Humongous Allocation)
[2020-10-06T06:35:33.374+0000][36436][gc,task      ] GC(322) Using 8 workers of 8 for evacuation
[2020-10-06T06:35:33.374+0000][36436][gc,age       ] GC(322) Desired survivor size 33554432 bytes, new threshold 15 (max threshold 15)
[2020-10-06T06:35:33.377+0000][36436][gc,age       ] GC(322) Age table with threshold 15 (max threshold 15)
[2020-10-06T06:35:33.377+0000][36436][gc,age       ] GC(322) - age   1:    2925536 bytes,    2925536 total
[2020-10-06T06:35:33.378+0000][36436][gc,age       ] GC(322) - age   2:       2968 bytes,    2928504 total
[2020-10-06T06:35:33.378+0000][36436][gc,age       ] GC(322) - age   3:      45080 bytes,    2973584 total
[2020-10-06T06:35:33.378+0000][36436][gc,age       ] GC(322) - age   4:       1104 bytes,    2974688 total
[2020-10-06T06:35:33.378+0000][36436][gc,age       ] GC(322) - age   5:      16656 bytes,    2991344 total
[2020-10-06T06:35:33.378+0000][36436][gc,age       ] GC(322) - age   6:        760 bytes,    2992104 total
[2020-10-06T06:35:33.378+0000][36436][gc,age       ] GC(322) - age   7:       1424 bytes,    2993528 total
[2020-10-06T06:35:33.378+0000][36436][gc,age       ] GC(322) - age   8:       3336 bytes,    2996864 total
[2020-10-06T06:35:33.378+0000][36436][gc,age       ] GC(322) - age   9:       1544 bytes,    2998408 total
[2020-10-06T06:35:33.378+0000][36436][gc,age       ] GC(322) - age  10:       3312 bytes,    3001720 total
[2020-10-06T06:35:33.378+0000][36436][gc,age       ] GC(322) - age  11:        728 bytes,    3002448 total
[2020-10-06T06:35:33.378+0000][36436][gc,age       ] GC(322) - age  12:       7792 bytes,    3010240 total
[2020-10-06T06:35:33.378+0000][36436][gc,age       ] GC(322) - age  13:        320 bytes,    3010560 total
[2020-10-06T06:35:33.378+0000][36436][gc,age       ] GC(322) - age  14:        920 bytes,    3011480 total
[2020-10-06T06:35:33.378+0000][36436][gc,age       ] GC(322) - age  15:     131736 bytes,    3143216 total
[2020-10-06T06:35:33.378+0000][36436][gc,phases    ] GC(322)   Pre Evacuate Collection Set: 0.4ms
[2020-10-06T06:35:33.378+0000][36436][gc,phases    ] GC(322)   Merge Heap Roots: 0.1ms
[2020-10-06T06:35:33.378+0000][36436][gc,phases    ] GC(322)   Evacuate Collection Set: 2.1ms
[2020-10-06T06:35:33.378+0000][36436][gc,phases    ] GC(322)   Post Evacuate Collection Set: 0.7ms
[2020-10-06T06:35:33.378+0000][36436][gc,phases    ] GC(322)   Other: 1.0ms
[2020-10-06T06:35:33.378+0000][36436][gc,heap      ] GC(322) Eden regions: 46->0(503)
[2020-10-06T06:35:33.378+0000][36436][gc,heap      ] GC(322) Survivor regions: 4->4(64)
[2020-10-06T06:35:33.378+0000][36436][gc,heap      ] GC(322) Old regions: 79->79
[2020-10-06T06:35:33.378+0000][36436][gc,heap      ] GC(322) Archive regions: 0->0
[2020-10-06T06:35:33.378+0000][36436][gc,heap      ] GC(322) Humongous regions: 283->174
[2020-10-06T06:35:33.378+0000][36436][gc,metaspace ] GC(322) Metaspace: 89600K(95484K)->89600K(95484K) NonClass: 78317K(81788K)->78317K(81788K) Class: 11282K(13696K)->11282K(13696K)
[2020-10-06T06:35:33.378+0000][36436][gc           ] GC(322) Pause Young (Concurrent Start) (G1 Humongous Allocation) 410M->255M(1024M) 4.598ms
[2020-10-06T06:35:33.378+0000][36436][gc,cpu       ] GC(322) User=0.00s Sys=0.00s Real=0.00s
[2020-10-06T06:35:33.379+0000][36436][safepoint    ] Safepoint "G1TryInitiateConcMark", Time since last: 7315100 ns, Reaching safepoint: 155000 ns, At safepoint: 4787100 ns, Total: 4942100 ns
[2020-10-06T06:35:33.379+0000][36436][gc           ] GC(323) Concurrent Cycle
[2020-10-06T06:35:33.379+0000][36436][gc,marking   ] GC(323) Concurrent Clear Claimed Marks
[2020-10-06T06:35:33.379+0000][36436][gc,marking   ] GC(323) Concurrent Clear Claimed Marks 0.493ms
[2020-10-06T06:35:33.379+0000][36436][gc,marking   ] GC(323) Concurrent Scan Root Regions
[2020-10-06T06:35:33.382+0000][36436][gc,marking   ] GC(323) Concurrent Scan Root Regions 2.393ms
[2020-10-06T06:35:33.382+0000][36436][gc,marking   ] GC(323) Concurrent Mark (9003.580s)
[2020-10-06T06:35:33.382+0000][36436][gc,marking   ] GC(323) Concurrent Mark From Roots
[2020-10-06T06:35:33.382+0000][36436][gc,task      ] GC(323) Using 2 workers of 2 for marking
[2020-10-06T06:35:33.482+0000][36436][gc,marking   ] GC(323) Concurrent Mark From Roots 100.799ms
[2020-10-06T06:35:33.482+0000][36436][gc,marking   ] GC(323) Concurrent Preclean
[2020-10-06T06:35:33.483+0000][36436][gc,marking   ] GC(323) Concurrent Preclean 0.601ms
[2020-10-06T06:35:33.483+0000][36436][gc,marking   ] GC(323) Concurrent Mark (9003.580s, 9003.682s) 101.560ms
[2020-10-06T06:35:33.483+0000][36436][gc,start     ] GC(323) Pause Remark
[2020-10-06T06:35:33.490+0000][36436][gc           ] GC(323) Pause Remark 360M->360M(1024M) 6.850ms
[2020-10-06T06:35:33.490+0000][36436][gc,cpu       ] GC(323) User=0.08s Sys=0.00s Real=0.01s
[2020-10-06T06:35:33.490+0000][36436][safepoint    ] Safepoint "G1Concurrent", Time since last: 104861900 ns, Reaching safepoint: 162300 ns, At safepoint: 7060300 ns, Total: 7222600 ns
[2020-10-06T06:35:33.490+0000][36436][gc,marking   ] GC(323) Concurrent Rebuild Remembered Sets
[2020-10-06T06:35:33.557+0000][36436][gc,marking   ] GC(323) Concurrent Rebuild Remembered Sets 67.022ms
[2020-10-06T06:35:33.558+0000][36436][gc,start     ] GC(323) Pause Cleanup
[2020-10-06T06:35:33.558+0000][36436][gc           ] GC(323) Pause Cleanup 508M->508M(1024M) 0.255ms
[2020-10-06T06:35:33.558+0000][36436][gc,cpu       ] GC(323) User=0.00s Sys=0.00s Real=0.00s
[2020-10-06T06:35:33.558+0000][36436][safepoint    ] Safepoint "G1Concurrent", Time since last: 67226000 ns, Reaching safepoint: 170400 ns, At safepoint: 411200 ns, Total: 581600 ns
[2020-10-06T06:35:33.558+0000][36436][gc,marking   ] GC(323) Concurrent Cleanup for Next Mark
[2020-10-06T06:35:33.559+0000][36436][gc,marking   ] GC(323) Concurrent Cleanup for Next Mark 1.227ms
[2020-10-06T06:35:33.559+0000][36436][gc           ] GC(323) Concurrent Cycle 181.282ms
[2020-10-06T06:35:33.576+0000][36436][gc,start     ] GC(324) Pause Young (Concurrent Start) (G1 Humongous Allocation)
[2020-10-06T06:35:33.576+0000][36436][gc,task      ] GC(324) Using 8 workers of 8 for evacuation
[2020-10-06T06:35:33.576+0000][36436][gc,age       ] GC(324) Desired survivor size 33554432 bytes, new threshold 15 (max threshold 15)
[2020-10-06T06:35:33.580+0000][36436][gc,age       ] GC(324) Age table with threshold 15 (max threshold 15)
[2020-10-06T06:35:33.580+0000][36436][gc,age       ] GC(324) - age   1:    3490288 bytes,    3490288 total
[2020-10-06T06:35:33.580+0000][36436][gc,age       ] GC(324) - age   2:     213224 bytes,    3703512 total
[2020-10-06T06:35:33.580+0000][36436][gc,age       ] GC(324) - age   3:       1920 bytes,    3705432 total
[2020-10-06T06:35:33.580+0000][36436][gc,age       ] GC(324) - age   4:      36584 bytes,    3742016 total
[2020-10-06T06:35:33.580+0000][36436][gc,age       ] GC(324) - age   5:        736 bytes,    3742752 total
[2020-10-06T06:35:33.580+0000][36436][gc,age       ] GC(324) - age   6:      16240 bytes,    3758992 total
[2020-10-06T06:35:33.580+0000][36436][gc,age       ] GC(324) - age   7:        760 bytes,    3759752 total
[2020-10-06T06:35:33.580+0000][36436][gc,age       ] GC(324) - age   8:       1328 bytes,    3761080 total
[2020-10-06T06:35:33.580+0000][36436][gc,age       ] GC(324) - age   9:       3272 bytes,    3764352 total
[2020-10-06T06:35:33.580+0000][36436][gc,age       ] GC(324) - age  10:       1544 bytes,    3765896 total
[2020-10-06T06:35:33.580+0000][36436][gc,age       ] GC(324) - age  11:       3312 bytes,    3769208 total
[2020-10-06T06:35:33.580+0000][36436][gc,age       ] GC(324) - age  12:        728 bytes,    3769936 total
[2020-10-06T06:35:33.580+0000][36436][gc,age       ] GC(324) - age  13:       7792 bytes,    3777728 total
[2020-10-06T06:35:33.580+0000][36436][gc,age       ] GC(324) - age  14:        320 bytes,    3778048 total
[2020-10-06T06:35:33.581+0000][36436][gc,age       ] GC(324) - age  15:        856 bytes,    3778904 total
[2020-10-06T06:35:33.581+0000][36436][gc,phases    ] GC(324)   Pre Evacuate Collection Set: 0.4ms
[2020-10-06T06:35:33.581+0000][36436][gc,phases    ] GC(324)   Merge Heap Roots: 0.1ms
[2020-10-06T06:35:33.581+0000][36436][gc,phases    ] GC(324)   Evacuate Collection Set: 2.3ms
[2020-10-06T06:35:33.581+0000][36436][gc,phases    ] GC(324)   Post Evacuate Collection Set: 0.8ms
[2020-10-06T06:35:33.581+0000][36436][gc,phases    ] GC(324)   Other: 0.8ms
[2020-10-06T06:35:33.581+0000][36436][gc,heap      ] GC(324) Eden regions: 72->0(502)
[2020-10-06T06:35:33.581+0000][36436][gc,heap      ] GC(324) Survivor regions: 4->4(64)
[2020-10-06T06:35:33.581+0000][36436][gc,heap      ] GC(324) Old regions: 79->79
[2020-10-06T06:35:33.581+0000][36436][gc,heap      ] GC(324) Archive regions: 0->0
[2020-10-06T06:35:33.581+0000][36436][gc,heap      ] GC(324) Humongous regions: 360->174
[2020-10-06T06:35:33.581+0000][36436][gc,metaspace ] GC(324) Metaspace: 89618K(95484K)->89618K(95484K) NonClass: 78334K(81788K)->78334K(81788K) Class: 11284K(13696K)->11284K(13696K)
[2020-10-06T06:35:33.581+0000][36436][gc           ] GC(324) Pause Young (Concurrent Start) (G1 Humongous Allocation) 513M->256M(1024M) 4.842ms
[2020-10-06T06:35:33.581+0000][36436][gc,cpu       ] GC(324) User=0.00s Sys=0.00s Real=0.01s
[2020-10-06T06:35:33.581+0000][36436][gc           ] GC(325) Concurrent Cycle
[2020-10-06T06:35:33.581+0000][36436][safepoint    ] Safepoint "G1TryInitiateConcMark", Time since last: 17813600 ns, Reaching safepoint: 154300 ns, At safepoint: 5001400 ns, Total: 5155700 ns
[2020-10-06T06:35:33.581+0000][36436][gc,marking   ] GC(325) Concurrent Clear Claimed Marks
[2020-10-06T06:35:33.582+0000][36436][gc,marking   ] GC(325) Concurrent Clear Claimed Marks 0.470ms
[2020-10-06T06:35:33.582+0000][36436][gc,marking   ] GC(325) Concurrent Scan Root Regions
[2020-10-06T06:35:33.584+0000][36436][gc,marking   ] GC(325) Concurrent Scan Root Regions 1.827ms
[2020-10-06T06:35:33.584+0000][36436][gc,marking   ] GC(325) Concurrent Mark (9003.783s)
[2020-10-06T06:35:33.584+0000][36436][gc,marking   ] GC(325) Concurrent Mark From Roots
[2020-10-06T06:35:33.584+0000][36436][gc,task      ] GC(325) Using 2 workers of 2 for marking
[2020-10-06T06:35:33.698+0000][36436][gc,marking   ] GC(325) Concurrent Mark From Roots 114.623ms
[2020-10-06T06:35:33.698+0000][36436][gc,marking   ] GC(325) Concurrent Preclean
[2020-10-06T06:35:33.699+0000][36436][gc,marking   ] GC(325) Concurrent Preclean 0.546ms
[2020-10-06T06:35:33.699+0000][36436][gc,marking   ] GC(325) Concurrent Mark (9003.783s, 9003.898s) 115.306ms
[2020-10-06T06:35:33.699+0000][36436][gc,start     ] GC(325) Pause Remark
[2020-10-06T06:35:33.706+0000][36436][gc           ] GC(325) Pause Remark 485M->485M(1024M) 6.868ms
[2020-10-06T06:35:33.706+0000][36436][gc,cpu       ] GC(325) User=0.00s Sys=0.00s Real=0.01s
[2020-10-06T06:35:33.706+0000][36436][safepoint    ] Safepoint "G1Concurrent", Time since last: 117944900 ns, Reaching safepoint: 210700 ns, At safepoint: 7087400 ns, Total: 7298100 ns
[2020-10-06T06:35:33.706+0000][36436][gc,marking   ] GC(325) Concurrent Rebuild Remembered Sets
[2020-10-06T06:35:33.777+0000][36436][gc,marking   ] GC(325) Concurrent Rebuild Remembered Sets 71.038ms
[2020-10-06T06:35:33.778+0000][36436][gc,start     ] GC(325) Pause Cleanup
[2020-10-06T06:35:33.778+0000][36436][gc           ] GC(325) Pause Cleanup 488M->488M(1024M) 0.301ms
[2020-10-06T06:35:33.778+0000][36436][gc,cpu       ] GC(325) User=0.00s Sys=0.00s Real=0.00s
[2020-10-06T06:35:33.778+0000][36436][safepoint    ] Safepoint "G1Concurrent", Time since last: 71293700 ns, Reaching safepoint: 157600 ns, At safepoint: 468600 ns, Total: 626200 ns
[2020-10-06T06:35:33.778+0000][36436][gc,marking   ] GC(325) Concurrent Cleanup for Next Mark
[2020-10-06T06:35:33.780+0000][36436][gc,marking   ] GC(325) Concurrent Cleanup for Next Mark 1.645ms
[2020-10-06T06:35:33.780+0000][36436][gc           ] GC(325) Concurrent Cycle 199.004ms
[2020-10-06T06:35:33.797+0000][36436][gc,start     ] GC(326) Pause Young (Concurrent Start) (G1 Humongous Allocation)
[2020-10-06T06:35:33.797+0000][36436][gc,task      ] GC(326) Using 8 workers of 8 for evacuation
[2020-10-06T06:35:33.797+0000][36436][gc,age       ] GC(326) Desired survivor size 33554432 bytes, new threshold 15 (max threshold 15)
[2020-10-06T06:35:33.801+0000][36436][gc,age       ] GC(326) Age table with threshold 15 (max threshold 15)
[2020-10-06T06:35:33.801+0000][36436][gc,age       ] GC(326) - age   1:    2721344 bytes,    2721344 total
[2020-10-06T06:35:33.801+0000][36436][gc,age       ] GC(326) - age   2:     103048 bytes,    2824392 total
[2020-10-06T06:35:33.801+0000][36436][gc,age       ] GC(326) - age   3:       9736 bytes,    2834128 total
[2020-10-06T06:35:33.801+0000][36436][gc,age       ] GC(326) - age   4:       1568 bytes,    2835696 total
[2020-10-06T06:35:33.801+0000][36436][gc,age       ] GC(326) - age   5:      36320 bytes,    2872016 total
[2020-10-06T06:35:33.801+0000][36436][gc,age       ] GC(326) - age   6:        608 bytes,    2872624 total
[2020-10-06T06:35:33.801+0000][36436][gc,age       ] GC(326) - age   7:      16176 bytes,    2888800 total
[2020-10-06T06:35:33.801+0000][36436][gc,age       ] GC(326) - age   8:        760 bytes,    2889560 total
[2020-10-06T06:35:33.801+0000][36436][gc,age       ] GC(326) - age   9:       1264 bytes,    2890824 total
[2020-10-06T06:35:33.801+0000][36436][gc,age       ] GC(326) - age  10:       3272 bytes,    2894096 total
[2020-10-06T06:35:33.801+0000][36436][gc,age       ] GC(326) - age  11:       1544 bytes,    2895640 total
[2020-10-06T06:35:33.801+0000][36436][gc,age       ] GC(326) - age  12:       3312 bytes,    2898952 total
[2020-10-06T06:35:33.801+0000][36436][gc,age       ] GC(326) - age  13:        664 bytes,    2899616 total
[2020-10-06T06:35:33.801+0000][36436][gc,age       ] GC(326) - age  14:       7792 bytes,    2907408 total
[2020-10-06T06:35:33.801+0000][36436][gc,age       ] GC(326) - age  15:        224 bytes,    2907632 total
[2020-10-06T06:35:33.801+0000][36436][gc,phases    ] GC(326)   Pre Evacuate Collection Set: 0.4ms
[2020-10-06T06:35:33.801+0000][36436][gc,phases    ] GC(326)   Merge Heap Roots: 0.1ms
[2020-10-06T06:35:33.801+0000][36436][gc,phases    ] GC(326)   Evacuate Collection Set: 2.1ms
[2020-10-06T06:35:33.802+0000][36436][gc,phases    ] GC(326)   Post Evacuate Collection Set: 0.8ms
[2020-10-06T06:35:33.802+0000][36436][gc,phases    ] GC(326)   Other: 0.8ms
[2020-10-06T06:35:33.802+0000][36436][gc,heap      ] GC(326) Eden regions: 57->0(504)
[2020-10-06T06:35:33.802+0000][36436][gc,heap      ] GC(326) Survivor regions: 4->3(64)
[2020-10-06T06:35:33.802+0000][36436][gc,heap      ] GC(326) Old regions: 79->79
[2020-10-06T06:35:33.802+0000][36436][gc,heap      ] GC(326) Archive regions: 0->0
[2020-10-06T06:35:33.802+0000][36436][gc,heap      ] GC(326) Humongous regions: 354->174
[2020-10-06T06:35:33.802+0000][36436][gc,metaspace ] GC(326) Metaspace: 89618K(95484K)->89618K(95484K) NonClass: 78334K(81788K)->78334K(81788K) Class: 11284K(13696K)->11284K(13696K)
[2020-10-06T06:35:33.802+0000][36436][gc           ] GC(326) Pause Young (Concurrent Start) (G1 Humongous Allocation) 492M->255M(1024M) 4.434ms
[2020-10-06T06:35:33.802+0000][36436][gc,cpu       ] GC(326) User=0.02s Sys=0.02s Real=0.01s
[2020-10-06T06:35:33.802+0000][36436][safepoint    ] Safepoint "G1TryInitiateConcMark", Time since last: 18841600 ns, Reaching safepoint: 170100 ns, At safepoint: 4575600 ns, Total: 4745700 ns
[2020-10-06T06:35:33.802+0000][36436][gc           ] GC(327) Concurrent Cycle
[2020-10-06T06:35:33.802+0000][36436][gc,marking   ] GC(327) Concurrent Clear Claimed Marks
[2020-10-06T06:35:33.802+0000][36436][gc,marking   ] GC(327) Concurrent Clear Claimed Marks 0.377ms
[2020-10-06T06:35:33.802+0000][36436][gc,marking   ] GC(327) Concurrent Scan Root Regions
[2020-10-06T06:35:33.804+0000][36436][gc,marking   ] GC(327) Concurrent Scan Root Regions 1.737ms
[2020-10-06T06:35:33.804+0000][36436][gc,marking   ] GC(327) Concurrent Mark (9004.003s)
[2020-10-06T06:35:33.804+0000][36436][gc,marking   ] GC(327) Concurrent Mark From Roots
[2020-10-06T06:35:33.804+0000][36436][gc,task      ] GC(327) Using 2 workers of 2 for marking
[2020-10-06T06:35:33.905+0000][36436][gc,marking   ] GC(327) Concurrent Mark From Roots 100.816ms
[2020-10-06T06:35:33.905+0000][36436][gc,marking   ] GC(327) Concurrent Preclean
[2020-10-06T06:35:33.906+0000][36436][gc,marking   ] GC(327) Concurrent Preclean 0.706ms
[2020-10-06T06:35:33.906+0000][36436][gc,marking   ] GC(327) Concurrent Mark (9004.003s, 9004.105s) 101.736ms
[2020-10-06T06:35:33.906+0000][36436][gc,start     ] GC(327) Pause Remark
[2020-10-06T06:35:33.919+0000][36436][gc           ] GC(327) Pause Remark 411M->411M(1024M) 12.668ms
[2020-10-06T06:35:33.919+0000][36436][gc,cpu       ] GC(327) User=0.11s Sys=0.00s Real=0.01s
[2020-10-06T06:35:33.919+0000][36436][safepoint    ] Safepoint "G1Concurrent", Time since last: 104230400 ns, Reaching safepoint: 172000 ns, At safepoint: 12931200 ns, Total: 13103200 ns
[2020-10-06T06:35:33.919+0000][36436][gc,marking   ] GC(327) Concurrent Rebuild Remembered Sets
[2020-10-06T06:35:33.984+0000][36436][safepoint    ] Safepoint "ICBufferFull", Time since last: 64510300 ns, Reaching safepoint: 547300 ns, At safepoint: 37000 ns, Total: 584300 ns
[2020-10-06T06:35:34.001+0000][36436][gc,marking   ] GC(327) Concurrent Rebuild Remembered Sets 81.934ms
[2020-10-06T06:35:34.001+0000][36436][gc,start     ] GC(327) Pause Cleanup
[2020-10-06T06:35:34.002+0000][36436][gc           ] GC(327) Pause Cleanup 498M->498M(1024M) 0.336ms
[2020-10-06T06:35:34.002+0000][36436][gc,cpu       ] GC(327) User=0.00s Sys=0.00s Real=0.00s
[2020-10-06T06:35:34.002+0000][36436][safepoint    ] Safepoint "G1Concurrent", Time since last: 17012600 ns, Reaching safepoint: 160600 ns, At safepoint: 509100 ns, Total: 669700 ns
[2020-10-06T06:35:34.002+0000][36436][gc,marking   ] GC(327) Concurrent Cleanup for Next Mark
[2020-10-06T06:35:34.004+0000][36436][gc,marking   ] GC(327) Concurrent Cleanup for Next Mark 1.811ms
[2020-10-06T06:35:34.004+0000][36436][gc           ] GC(327) Concurrent Cycle 202.071ms
[2020-10-06T06:35:34.032+0000][36436][gc,start     ] GC(328) Pause Young (Concurrent Start) (G1 Humongous Allocation)
[2020-10-06T06:35:34.032+0000][36436][gc,task      ] GC(328) Using 8 workers of 8 for evacuation
[2020-10-06T06:35:34.032+0000][36436][gc,age       ] GC(328) Desired survivor size 33554432 bytes, new threshold 15 (max threshold 15)
[2020-10-06T06:35:34.036+0000][36436][gc,age       ] GC(328) Age table with threshold 15 (max threshold 15)
[2020-10-06T06:35:34.036+0000][36436][gc,age       ] GC(328) - age   1:    3404928 bytes,    3404928 total
[2020-10-06T06:35:34.036+0000][36436][gc,age       ] GC(328) - age   2:      14312 bytes,    3419240 total
[2020-10-06T06:35:34.036+0000][36436][gc,age       ] GC(328) - age   3:     102320 bytes,    3521560 total
[2020-10-06T06:35:34.037+0000][36436][gc,age       ] GC(328) - age   4:       4232 bytes,    3525792 total
[2020-10-06T06:35:34.037+0000][36436][gc,age       ] GC(328) - age   5:        840 bytes,    3526632 total
[2020-10-06T06:35:34.037+0000][36436][gc,age       ] GC(328) - age   6:      34656 bytes,    3561288 total
[2020-10-06T06:35:34.037+0000][36436][gc,age       ] GC(328) - age   7:        576 bytes,    3561864 total
[2020-10-06T06:35:34.037+0000][36436][gc,age       ] GC(328) - age   8:      16176 bytes,    3578040 total
[2020-10-06T06:35:34.037+0000][36436][gc,age       ] GC(328) - age   9:        760 bytes,    3578800 total
[2020-10-06T06:35:34.037+0000][36436][gc,age       ] GC(328) - age  10:       1136 bytes,    3579936 total
[2020-10-06T06:35:34.037+0000][36436][gc,age       ] GC(328) - age  11:       3272 bytes,    3583208 total
[2020-10-06T06:35:34.037+0000][36436][gc,age       ] GC(328) - age  12:       1544 bytes,    3584752 total
[2020-10-06T06:35:34.037+0000][36436][gc,age       ] GC(328) - age  13:        904 bytes,    3585656 total
[2020-10-06T06:35:34.037+0000][36436][gc,age       ] GC(328) - age  14:        560 bytes,    3586216 total
[2020-10-06T06:35:34.037+0000][36436][gc,age       ] GC(328) - age  15:       7696 bytes,    3593912 total
[2020-10-06T06:35:34.037+0000][36436][gc,phases    ] GC(328)   Pre Evacuate Collection Set: 0.5ms
[2020-10-06T06:35:34.037+0000][36436][gc,phases    ] GC(328)   Merge Heap Roots: 0.1ms
[2020-10-06T06:35:34.037+0000][36436][gc,phases    ] GC(328)   Evacuate Collection Set: 2.4ms
[2020-10-06T06:35:34.037+0000][36436][gc,phases    ] GC(328)   Post Evacuate Collection Set: 0.9ms
[2020-10-06T06:35:34.037+0000][36436][gc,phases    ] GC(328)   Other: 1.4ms
[2020-10-06T06:35:34.037+0000][36436][gc,heap      ] GC(328) Eden regions: 73->0(503)
[2020-10-06T06:35:34.037+0000][36436][gc,heap      ] GC(328) Survivor regions: 3->4(64)
[2020-10-06T06:35:34.037+0000][36436][gc,heap      ] GC(328) Old regions: 79->79
[2020-10-06T06:35:34.037+0000][36436][gc,heap      ] GC(328) Archive regions: 0->0
[2020-10-06T06:35:34.037+0000][36436][gc,heap      ] GC(328) Humongous regions: 355->174
[2020-10-06T06:35:34.037+0000][36436][gc,metaspace ] GC(328) Metaspace: 89615K(95484K)->89615K(95484K) NonClass: 78331K(81788K)->78331K(81788K) Class: 11283K(13696K)->11283K(13696K)
[2020-10-06T06:35:34.037+0000][36436][gc           ] GC(328) Pause Young (Concurrent Start) (G1 Humongous Allocation) 508M->256M(1024M) 5.604ms
[2020-10-06T06:35:34.037+0000][36436][gc,cpu       ] GC(328) User=0.13s Sys=0.00s Real=0.00s
[2020-10-06T06:35:34.037+0000][36436][safepoint    ] Safepoint "G1TryInitiateConcMark", Time since last: 29549300 ns, Reaching safepoint: 142500 ns, At safepoint: 5773000 ns, Total: 5915500 ns
[2020-10-06T06:35:34.037+0000][36436][gc           ] GC(329) Concurrent Cycle
[2020-10-06T06:35:34.038+0000][36436][gc,marking   ] GC(329) Concurrent Clear Claimed Marks
[2020-10-06T06:35:34.038+0000][36436][gc,marking   ] GC(329) Concurrent Clear Claimed Marks 0.618ms
[2020-10-06T06:35:34.038+0000][36436][gc,marking   ] GC(329) Concurrent Scan Root Regions
[2020-10-06T06:35:34.042+0000][36436][gc,marking   ] GC(329) Concurrent Scan Root Regions 3.401ms
[2020-10-06T06:35:34.042+0000][36436][gc,marking   ] GC(329) Concurrent Mark (9004.241s)
[2020-10-06T06:35:34.042+0000][36436][gc,marking   ] GC(329) Concurrent Mark From Roots
[2020-10-06T06:35:34.043+0000][36436][gc,task      ] GC(329) Using 2 workers of 2 for marking
[2020-10-06T06:35:34.175+0000][36436][gc,marking   ] GC(329) Concurrent Mark From Roots 132.663ms
[2020-10-06T06:35:34.175+0000][36436][gc,marking   ] GC(329) Concurrent Preclean
[2020-10-06T06:35:34.176+0000][36436][gc,marking   ] GC(329) Concurrent Preclean 0.623ms
[2020-10-06T06:35:34.176+0000][36436][gc,marking   ] GC(329) Concurrent Mark (9004.241s, 9004.374s) 133.490ms
[2020-10-06T06:35:34.176+0000][36436][gc,start     ] GC(329) Pause Remark
[2020-10-06T06:35:34.183+0000][36436][gc           ] GC(329) Pause Remark 334M->334M(1024M) 6.589ms
[2020-10-06T06:35:34.183+0000][36436][gc,cpu       ] GC(329) User=0.11s Sys=0.00s Real=0.01s
[2020-10-06T06:35:34.183+0000][36436][safepoint    ] Safepoint "G1Concurrent", Time since last: 137988400 ns, Reaching safepoint: 260200 ns, At safepoint: 6838100 ns, Total: 7098300 ns
[2020-10-06T06:35:34.183+0000][36436][gc,marking   ] GC(329) Concurrent Rebuild Remembered Sets
[2020-10-06T06:35:34.262+0000][36436][gc,marking   ] GC(329) Concurrent Rebuild Remembered Sets 79.831ms
[2020-10-06T06:35:34.263+0000][36436][gc,start     ] GC(329) Pause Cleanup
[2020-10-06T06:35:34.263+0000][36436][gc           ] GC(329) Pause Cleanup 465M->465M(1024M) 0.289ms
[2020-10-06T06:35:34.263+0000][36436][gc,cpu       ] GC(329) User=0.00s Sys=0.00s Real=0.00s
[2020-10-06T06:35:34.263+0000][36436][safepoint    ] Safepoint "G1Concurrent", Time since last: 80028900 ns, Reaching safepoint: 217300 ns, At safepoint: 425300 ns, Total: 642600 ns
[2020-10-06T06:35:34.263+0000][36436][gc,marking   ] GC(329) Concurrent Cleanup for Next Mark
[2020-10-06T06:35:34.264+0000][36436][gc,marking   ] GC(329) Concurrent Cleanup for Next Mark 1.382ms
[2020-10-06T06:35:34.264+0000][36436][gc           ] GC(329) Concurrent Cycle 227.238ms
[2020-10-06T06:35:34.293+0000][36436][gc,start     ] GC(330) Pause Young (Concurrent Start) (G1 Humongous Allocation)
[2020-10-06T06:35:34.293+0000][36436][gc,task      ] GC(330) Using 8 workers of 8 for evacuation
[2020-10-06T06:35:34.293+0000][36436][gc,age       ] GC(330) Desired survivor size 33554432 bytes, new threshold 15 (max threshold 15)
[2020-10-06T06:35:34.296+0000][36436][gc,age       ] GC(330) Age table with threshold 15 (max threshold 15)
[2020-10-06T06:35:34.296+0000][36436][gc,age       ] GC(330) - age   1:    1068736 bytes,    1068736 total
[2020-10-06T06:35:34.296+0000][36436][gc,age       ] GC(330) - age   2:       3912 bytes,    1072648 total
[2020-10-06T06:35:34.296+0000][36436][gc,age       ] GC(330) - age   3:      11768 bytes,    1084416 total
[2020-10-06T06:35:34.296+0000][36436][gc,age       ] GC(330) - age   4:     101968 bytes,    1186384 total
[2020-10-06T06:35:34.296+0000][36436][gc,age       ] GC(330) - age   5:       3488 bytes,    1189872 total
[2020-10-06T06:35:34.296+0000][36436][gc,age       ] GC(330) - age   6:        768 bytes,    1190640 total
[2020-10-06T06:35:34.296+0000][36436][gc,age       ] GC(330) - age   7:      31616 bytes,    1222256 total
[2020-10-06T06:35:34.296+0000][36436][gc,age       ] GC(330) - age   8:        576 bytes,    1222832 total
[2020-10-06T06:35:34.296+0000][36436][gc,age       ] GC(330) - age   9:      16176 bytes,    1239008 total
[2020-10-06T06:35:34.296+0000][36436][gc,age       ] GC(330) - age  10:        760 bytes,    1239768 total
[2020-10-06T06:35:34.296+0000][36436][gc,age       ] GC(330) - age  11:       1136 bytes,    1240904 total
[2020-10-06T06:35:34.296+0000][36436][gc,age       ] GC(330) - age  12:       3272 bytes,    1244176 total
[2020-10-06T06:35:34.296+0000][36436][gc,age       ] GC(330) - age  13:       1544 bytes,    1245720 total
[2020-10-06T06:35:34.296+0000][36436][gc,age       ] GC(330) - age  14:        816 bytes,    1246536 total
[2020-10-06T06:35:34.296+0000][36436][gc,age       ] GC(330) - age  15:        496 bytes,    1247032 total
[2020-10-06T06:35:34.296+0000][36436][gc,phases    ] GC(330)   Pre Evacuate Collection Set: 0.4ms
[2020-10-06T06:35:34.296+0000][36436][gc,phases    ] GC(330)   Merge Heap Roots: 0.1ms
[2020-10-06T06:35:34.296+0000][36436][gc,phases    ] GC(330)   Evacuate Collection Set: 1.8ms
[2020-10-06T06:35:34.296+0000][36436][gc,phases    ] GC(330)   Post Evacuate Collection Set: 0.8ms
[2020-10-06T06:35:34.297+0000][36436][gc,phases    ] GC(330)   Other: 0.8ms
[2020-10-06T06:35:34.297+0000][36436][gc,heap      ] GC(330) Eden regions: 61->0(505)
[2020-10-06T06:35:34.297+0000][36436][gc,heap      ] GC(330) Survivor regions: 4->2(64)
[2020-10-06T06:35:34.297+0000][36436][gc,heap      ] GC(330) Old regions: 79->79
[2020-10-06T06:35:34.297+0000][36436][gc,heap      ] GC(330) Archive regions: 0->0
[2020-10-06T06:35:34.297+0000][36436][gc,heap      ] GC(330) Humongous regions: 335->174
[2020-10-06T06:35:34.297+0000][36436][gc,metaspace ] GC(330) Metaspace: 89615K(95484K)->89615K(95484K) NonClass: 78331K(81788K)->78331K(81788K) Class: 11283K(13696K)->11283K(13696K)
[2020-10-06T06:35:34.297+0000][36436][gc           ] GC(330) Pause Young (Concurrent Start) (G1 Humongous Allocation) 477M->254M(1024M) 4.160ms
[2020-10-06T06:35:34.297+0000][36436][gc,cpu       ] GC(330) User=0.00s Sys=0.00s Real=0.00s
[2020-10-06T06:35:34.297+0000][36436][safepoint    ] Safepoint "G1TryInitiateConcMark", Time since last: 29360200 ns, Reaching safepoint: 158300 ns, At safepoint: 4325500 ns, Total: 4483800 ns
[2020-10-06T06:35:34.297+0000][36436][gc           ] GC(331) Concurrent Cycle
[2020-10-06T06:35:34.297+0000][36436][gc,marking   ] GC(331) Concurrent Clear Claimed Marks
[2020-10-06T06:35:34.297+0000][36436][gc,marking   ] GC(331) Concurrent Clear Claimed Marks 0.373ms
[2020-10-06T06:35:34.297+0000][36436][gc,marking   ] GC(331) Concurrent Scan Root Regions
[2020-10-06T06:35:34.299+0000][36436][gc,marking   ] GC(331) Concurrent Scan Root Regions 1.659ms
[2020-10-06T06:35:34.299+0000][36436][gc,marking   ] GC(331) Concurrent Mark (9004.498s)
[2020-10-06T06:35:34.299+0000][36436][gc,marking   ] GC(331) Concurrent Mark From Roots
[2020-10-06T06:35:34.299+0000][36436][gc,task      ] GC(331) Using 2 workers of 2 for marking
[2020-10-06T06:35:34.402+0000][36436][gc,marking   ] GC(331) Concurrent Mark From Roots 102.443ms
[2020-10-06T06:35:34.402+0000][36436][gc,marking   ] GC(331) Concurrent Preclean
[2020-10-06T06:35:34.402+0000][36436][gc,marking   ] GC(331) Concurrent Preclean 0.792ms
[2020-10-06T06:35:34.402+0000][36436][gc,marking   ] GC(331) Concurrent Mark (9004.498s, 9004.602s) 103.401ms
[2020-10-06T06:35:34.403+0000][36436][gc,start     ] GC(331) Pause Remark
[2020-10-06T06:35:34.410+0000][36436][gc           ] GC(331) Pause Remark 363M->363M(1024M) 6.936ms
[2020-10-06T06:35:34.410+0000][36436][gc,cpu       ] GC(331) User=0.00s Sys=0.00s Real=0.01s
[2020-10-06T06:35:34.410+0000][36436][safepoint    ] Safepoint "G1Concurrent", Time since last: 105699100 ns, Reaching safepoint: 135800 ns, At safepoint: 7116000 ns, Total: 7251800 ns
[2020-10-06T06:35:34.410+0000][36436][gc,marking   ] GC(331) Concurrent Rebuild Remembered Sets
[2020-10-06T06:35:34.477+0000][36436][gc,marking   ] GC(331) Concurrent Rebuild Remembered Sets 67.109ms
[2020-10-06T06:35:34.477+0000][36436][gc,start     ] GC(331) Pause Cleanup
[2020-10-06T06:35:34.478+0000][36436][gc           ] GC(331) Pause Cleanup 508M->508M(1024M) 0.260ms
[2020-10-06T06:35:34.478+0000][36436][gc,cpu       ] GC(331) User=0.00s Sys=0.00s Real=0.00s
[2020-10-06T06:35:34.478+0000][36436][safepoint    ] Safepoint "G1Concurrent", Time since last: 67256300 ns, Reaching safepoint: 159400 ns, At safepoint: 430200 ns, Total: 589600 ns
[2020-10-06T06:35:34.478+0000][36436][gc,marking   ] GC(331) Concurrent Cleanup for Next Mark
[2020-10-06T06:35:34.480+0000][36436][gc,marking   ] GC(331) Concurrent Cleanup for Next Mark 1.998ms
[2020-10-06T06:35:34.480+0000][36436][gc           ] GC(331) Concurrent Cycle 182.967ms
[2020-10-06T06:35:34.593+0000][36436][gc,start     ] GC(332) Pause Young (Concurrent Start) (G1 Humongous Allocation)
[2020-10-06T06:35:34.593+0000][36436][gc,task      ] GC(332) Using 8 workers of 8 for evacuation
[2020-10-06T06:35:34.593+0000][36436][gc,age       ] GC(332) Desired survivor size 33554432 bytes, new threshold 15 (max threshold 15)
[2020-10-06T06:35:34.596+0000][36436][gc,age       ] GC(332) Age table with threshold 15 (max threshold 15)
[2020-10-06T06:35:34.596+0000][36436][gc,age       ] GC(332) - age   1:    2738240 bytes,    2738240 total
[2020-10-06T06:35:34.596+0000][36436][gc,age       ] GC(332) - age   2:      26344 bytes,    2764584 total
[2020-10-06T06:35:34.596+0000][36436][gc,age       ] GC(332) - age   3:       2912 bytes,    2767496 total
[2020-10-06T06:35:34.596+0000][36436][gc,age       ] GC(332) - age   4:       6576 bytes,    2774072 total
[2020-10-06T06:35:34.596+0000][36436][gc,age       ] GC(332) - age   5:     101008 bytes,    2875080 total
[2020-10-06T06:35:34.596+0000][36436][gc,age       ] GC(332) - age   6:        896 bytes,    2875976 total
[2020-10-06T06:35:34.596+0000][36436][gc,age       ] GC(332) - age   7:        608 bytes,    2876584 total
[2020-10-06T06:35:34.596+0000][36436][gc,age       ] GC(332) - age   8:      31552 bytes,    2908136 total
[2020-10-06T06:35:34.597+0000][36436][gc,age       ] GC(332) - age   9:        576 bytes,    2908712 total
[2020-10-06T06:35:34.597+0000][36436][gc,age       ] GC(332) - age  10:      16112 bytes,    2924824 total
[2020-10-06T06:35:34.597+0000][36436][gc,age       ] GC(332) - age  11:        760 bytes,    2925584 total
[2020-10-06T06:35:34.597+0000][36436][gc,age       ] GC(332) - age  12:       1104 bytes,    2926688 total
[2020-10-06T06:35:34.597+0000][36436][gc,age       ] GC(332) - age  13:       3272 bytes,    2929960 total
[2020-10-06T06:35:34.597+0000][36436][gc,age       ] GC(332) - age  14:       1544 bytes,    2931504 total
[2020-10-06T06:35:34.597+0000][36436][gc,age       ] GC(332) - age  15:        816 bytes,    2932320 total
[2020-10-06T06:35:34.597+0000][36436][gc,phases    ] GC(332)   Pre Evacuate Collection Set: 0.4ms
[2020-10-06T06:35:34.597+0000][36436][gc,phases    ] GC(332)   Merge Heap Roots: 0.1ms
[2020-10-06T06:35:34.597+0000][36436][gc,phases    ] GC(332)   Evacuate Collection Set: 1.9ms
[2020-10-06T06:35:34.597+0000][36436][gc,phases    ] GC(332)   Post Evacuate Collection Set: 1.0ms
[2020-10-06T06:35:34.597+0000][36436][gc,phases    ] GC(332)   Other: 0.8ms
[2020-10-06T06:35:34.597+0000][36436][gc,heap      ] GC(332) Eden regions: 77->0(504)
[2020-10-06T06:35:34.597+0000][36436][gc,heap      ] GC(332) Survivor regions: 2->3(64)
[2020-10-06T06:35:34.597+0000][36436][gc,heap      ] GC(332) Old regions: 79->79
[2020-10-06T06:35:34.597+0000][36436][gc,heap      ] GC(332) Archive regions: 0->0
[2020-10-06T06:35:34.597+0000][36436][gc,heap      ] GC(332) Humongous regions: 365->174
[2020-10-06T06:35:34.597+0000][36436][gc,metaspace ] GC(332) Metaspace: 89620K(95484K)->89620K(95484K) NonClass: 78335K(81788K)->78335K(81788K) Class: 11284K(13696K)->11284K(13696K)
[2020-10-06T06:35:34.597+0000][36436][gc           ] GC(332) Pause Young (Concurrent Start) (G1 Humongous Allocation) 521M->255M(1024M) 4.406ms
[2020-10-06T06:35:34.597+0000][36436][gc,cpu       ] GC(332) User=0.00s Sys=0.00s Real=0.00s
[2020-10-06T06:35:34.597+0000][36436][safepoint    ] Safepoint "G1TryInitiateConcMark", Time since last: 114906300 ns, Reaching safepoint: 132800 ns, At safepoint: 4560200 ns, Total: 4693000 ns
[2020-10-06T06:35:34.597+0000][36436][gc           ] GC(333) Concurrent Cycle
[2020-10-06T06:35:34.597+0000][36436][gc,marking   ] GC(333) Concurrent Clear Claimed Marks
[2020-10-06T06:35:34.598+0000][36436][gc,marking   ] GC(333) Concurrent Clear Claimed Marks 0.348ms
[2020-10-06T06:35:34.598+0000][36436][gc,marking   ] GC(333) Concurrent Scan Root Regions
[2020-10-06T06:35:34.599+0000][36436][gc,marking   ] GC(333) Concurrent Scan Root Regions 1.643ms
[2020-10-06T06:35:34.599+0000][36436][gc,marking   ] GC(333) Concurrent Mark (9004.799s)
[2020-10-06T06:35:34.599+0000][36436][gc,marking   ] GC(333) Concurrent Mark From Roots
[2020-10-06T06:35:34.600+0000][36436][gc,task      ] GC(333) Using 2 workers of 2 for marking
[2020-10-06T06:35:34.698+0000][36436][gc,marking   ] GC(333) Concurrent Mark From Roots 98.771ms
[2020-10-06T06:35:34.698+0000][36436][gc,marking   ] GC(333) Concurrent Preclean
[2020-10-06T06:35:34.699+0000][36436][gc,marking   ] GC(333) Concurrent Preclean 0.550ms
[2020-10-06T06:35:34.699+0000][36436][gc,marking   ] GC(333) Concurrent Mark (9004.799s, 9004.898s) 99.478ms
[2020-10-06T06:35:34.699+0000][36436][gc,start     ] GC(333) Pause Remark
[2020-10-06T06:35:34.706+0000][36436][gc           ] GC(333) Pause Remark 409M->409M(1024M) 6.680ms
[2020-10-06T06:35:34.706+0000][36436][gc,cpu       ] GC(333) User=0.00s Sys=0.00s Real=0.01s
[2020-10-06T06:35:34.706+0000][36436][safepoint    ] Safepoint "G1Concurrent", Time since last: 101794100 ns, Reaching safepoint: 155000 ns, At safepoint: 6910100 ns, Total: 7065100 ns
[2020-10-06T06:35:34.706+0000][36436][gc,marking   ] GC(333) Concurrent Rebuild Remembered Sets
[2020-10-06T06:35:34.777+0000][36436][gc,marking   ] GC(333) Concurrent Rebuild Remembered Sets 70.535ms
[2020-10-06T06:35:34.777+0000][36436][gc,start     ] GC(333) Pause Cleanup
[2020-10-06T06:35:34.778+0000][36436][gc           ] GC(333) Pause Cleanup 461M->461M(1024M) 0.274ms
[2020-10-06T06:35:34.778+0000][36436][gc,cpu       ] GC(333) User=0.00s Sys=0.00s Real=0.00s
[2020-10-06T06:35:34.778+0000][36436][safepoint    ] Safepoint "G1Concurrent", Time since last: 70740300 ns, Reaching safepoint: 163800 ns, At safepoint: 412800 ns, Total: 576600 ns
[2020-10-06T06:35:34.778+0000][36436][gc,marking   ] GC(333) Concurrent Cleanup for Next Mark
[2020-10-06T06:35:34.780+0000][36436][gc,marking   ] GC(333) Concurrent Cleanup for Next Mark 2.074ms
[2020-10-06T06:35:34.780+0000][36436][gc           ] GC(333) Concurrent Cycle 182.441ms
[2020-10-06T06:35:34.780+0000][36436][gc,start     ] GC(334) Pause Young (Concurrent Start) (G1 Humongous Allocation)
[2020-10-06T06:35:34.780+0000][36436][gc,task      ] GC(334) Using 8 workers of 8 for evacuation
[2020-10-06T06:35:34.780+0000][36436][gc,age       ] GC(334) Desired survivor size 33554432 bytes, new threshold 15 (max threshold 15)
[2020-10-06T06:35:34.784+0000][36436][gc,age       ] GC(334) Age table with threshold 15 (max threshold 15)
[2020-10-06T06:35:34.784+0000][36436][gc,age       ] GC(334) - age   1:    2244064 bytes,    2244064 total
[2020-10-06T06:35:34.784+0000][36436][gc,age       ] GC(334) - age   2:      31000 bytes,    2275064 total
[2020-10-06T06:35:34.784+0000][36436][gc,age       ] GC(334) - age   3:      25280 bytes,    2300344 total
[2020-10-06T06:35:34.784+0000][36436][gc,age       ] GC(334) - age   4:       2304 bytes,    2302648 total
[2020-10-06T06:35:34.784+0000][36436][gc,age       ] GC(334) - age   5:       1192 bytes,    2303840 total
[2020-10-06T06:35:34.784+0000][36436][gc,age       ] GC(334) - age   6:     100712 bytes,    2404552 total
[2020-10-06T06:35:34.784+0000][36436][gc,age       ] GC(334) - age   7:        896 bytes,    2405448 total
[2020-10-06T06:35:34.784+0000][36436][gc,age       ] GC(334) - age   8:        480 bytes,    2405928 total
[2020-10-06T06:35:34.784+0000][36436][gc,age       ] GC(334) - age   9:      31488 bytes,    2437416 total
[2020-10-06T06:35:34.784+0000][36436][gc,age       ] GC(334) - age  10:        552 bytes,    2437968 total
[2020-10-06T06:35:34.784+0000][36436][gc,age       ] GC(334) - age  11:      16112 bytes,    2454080 total
[2020-10-06T06:35:34.784+0000][36436][gc,age       ] GC(334) - age  12:        760 bytes,    2454840 total
[2020-10-06T06:35:34.784+0000][36436][gc,age       ] GC(334) - age  13:        976 bytes,    2455816 total
[2020-10-06T06:35:34.784+0000][36436][gc,age       ] GC(334) - age  14:       3272 bytes,    2459088 total
[2020-10-06T06:35:34.784+0000][36436][gc,age       ] GC(334) - age  15:       1480 bytes,    2460568 total
[2020-10-06T06:35:34.784+0000][36436][gc,phases    ] GC(334)   Pre Evacuate Collection Set: 0.4ms
[2020-10-06T06:35:34.784+0000][36436][gc,phases    ] GC(334)   Merge Heap Roots: 0.1ms
[2020-10-06T06:35:34.784+0000][36436][gc,phases    ] GC(334)   Evacuate Collection Set: 2.0ms
[2020-10-06T06:35:34.784+0000][36436][gc,phases    ] GC(334)   Post Evacuate Collection Set: 0.7ms
[2020-10-06T06:35:34.784+0000][36436][gc,phases    ] GC(334)   Other: 0.8ms
[2020-10-06T06:35:34.784+0000][36436][gc,heap      ] GC(334) Eden regions: 58->0(505)
[2020-10-06T06:35:34.785+0000][36436][gc,heap      ] GC(334) Survivor regions: 3->3(64)
[2020-10-06T06:35:34.785+0000][36436][gc,heap      ] GC(334) Old regions: 79->79
[2020-10-06T06:35:34.785+0000][36436][gc,heap      ] GC(334) Archive regions: 0->0
[2020-10-06T06:35:34.785+0000][36436][gc,heap      ] GC(334) Humongous regions: 334->174
[2020-10-06T06:35:34.785+0000][36436][gc,metaspace ] GC(334) Metaspace: 89620K(95484K)->89620K(95484K) NonClass: 78335K(81788K)->78335K(81788K) Class: 11284K(13696K)->11284K(13696K)
[2020-10-06T06:35:34.785+0000][36436][gc           ] GC(334) Pause Young (Concurrent Start) (G1 Humongous Allocation) 473M->255M(1024M) 4.308ms
[2020-10-06T06:35:34.785+0000][36436][gc,cpu       ] GC(334) User=0.00s Sys=0.00s Real=0.01s
[2020-10-06T06:35:34.785+0000][36436][safepoint    ] Safepoint "G1TryInitiateConcMark", Time since last: 2400800 ns, Reaching safepoint: 204300 ns, At safepoint: 4457700 ns, Total: 4662000 ns
[2020-10-06T06:35:34.785+0000][36436][gc           ] GC(335) Concurrent Cycle
[2020-10-06T06:35:34.785+0000][36436][gc,marking   ] GC(335) Concurrent Clear Claimed Marks
[2020-10-06T06:35:34.785+0000][36436][gc,marking   ] GC(335) Concurrent Clear Claimed Marks 0.337ms
[2020-10-06T06:35:34.785+0000][36436][gc,marking   ] GC(335) Concurrent Scan Root Regions
[2020-10-06T06:35:34.787+0000][36436][gc,marking   ] GC(335) Concurrent Scan Root Regions 1.540ms
[2020-10-06T06:35:34.787+0000][36436][gc,marking   ] GC(335) Concurrent Mark (9004.986s)
[2020-10-06T06:35:34.787+0000][36436][gc,marking   ] GC(335) Concurrent Mark From Roots
[2020-10-06T06:35:34.787+0000][36436][gc,task      ] GC(335) Using 2 workers of 2 for marking
[2020-10-06T06:35:34.885+0000][36436][gc,marking   ] GC(335) Concurrent Mark From Roots 97.753ms
[2020-10-06T06:35:34.885+0000][36436][gc,marking   ] GC(335) Concurrent Preclean
[2020-10-06T06:35:34.885+0000][36436][gc,marking   ] GC(335) Concurrent Preclean 0.647ms
[2020-10-06T06:35:34.885+0000][36436][gc,marking   ] GC(335) Concurrent Mark (9004.986s, 9005.084s) 98.588ms
[2020-10-06T06:35:34.886+0000][36436][gc,start     ] GC(335) Pause Remark
[2020-10-06T06:35:34.892+0000][36436][gc           ] GC(335) Pause Remark 366M->366M(1024M) 6.600ms
[2020-10-06T06:35:34.892+0000][36436][gc,cpu       ] GC(335) User=0.00s Sys=0.00s Real=0.01s
[2020-10-06T06:35:34.892+0000][36436][safepoint    ] Safepoint "G1Concurrent", Time since last: 100710800 ns, Reaching safepoint: 136200 ns, At safepoint: 6851600 ns, Total: 6987800 ns
[2020-10-06T06:35:34.893+0000][36436][gc,marking   ] GC(335) Concurrent Rebuild Remembered Sets
[2020-10-06T06:35:34.970+0000][36436][gc,marking   ] GC(335) Concurrent Rebuild Remembered Sets 77.922ms
[2020-10-06T06:35:34.971+0000][36436][gc,start     ] GC(335) Pause Cleanup
[2020-10-06T06:35:34.971+0000][36436][gc           ] GC(335) Pause Cleanup 369M->369M(1024M) 0.354ms
[2020-10-06T06:35:34.971+0000][36436][gc,cpu       ] GC(335) User=0.00s Sys=0.00s Real=0.00s
[2020-10-06T06:35:34.971+0000][36436][safepoint    ] Safepoint "G1Concurrent", Time since last: 78081300 ns, Reaching safepoint: 169800 ns, At safepoint: 538600 ns, Total: 708400 ns
[2020-10-06T06:35:34.971+0000][36436][gc,marking   ] GC(335) Concurrent Cleanup for Next Mark
[2020-10-06T06:35:34.973+0000][36436][gc,marking   ] GC(335) Concurrent Cleanup for Next Mark 2.142ms
[2020-10-06T06:35:34.974+0000][36436][gc           ] GC(335) Concurrent Cycle 188.940ms
[2020-10-06T06:35:35.248+0000][36436][gc,start     ] GC(336) Pause Young (Concurrent Start) (G1 Humongous Allocation)
[2020-10-06T06:35:35.248+0000][36436][gc,task      ] GC(336) Using 8 workers of 8 for evacuation
[2020-10-06T06:35:35.248+0000][36436][gc,age       ] GC(336) Desired survivor size 33554432 bytes, new threshold 15 (max threshold 15)
[2020-10-06T06:35:35.251+0000][36436][gc,age       ] GC(336) Age table with threshold 15 (max threshold 15)
[2020-10-06T06:35:35.252+0000][36436][gc,age       ] GC(336) - age   1:    2729440 bytes,    2729440 total
[2020-10-06T06:35:35.252+0000][36436][gc,age       ] GC(336) - age   2:       3328 bytes,    2732768 total
[2020-10-06T06:35:35.252+0000][36436][gc,age       ] GC(336) - age   3:      24888 bytes,    2757656 total
[2020-10-06T06:35:35.252+0000][36436][gc,age       ] GC(336) - age   4:      22648 bytes,    2780304 total
[2020-10-06T06:35:35.252+0000][36436][gc,age       ] GC(336) - age   5:       1256 bytes,    2781560 total
[2020-10-06T06:35:35.252+0000][36436][gc,age       ] GC(336) - age   6:       1192 bytes,    2782752 total
[2020-10-06T06:35:35.252+0000][36436][gc,age       ] GC(336) - age   7:     100616 bytes,    2883368 total
[2020-10-06T06:35:35.252+0000][36436][gc,age       ] GC(336) - age   8:        896 bytes,    2884264 total
[2020-10-06T06:35:35.252+0000][36436][gc,age       ] GC(336) - age   9:        480 bytes,    2884744 total
[2020-10-06T06:35:35.252+0000][36436][gc,age       ] GC(336) - age  10:      31488 bytes,    2916232 total
[2020-10-06T06:35:35.252+0000][36436][gc,age       ] GC(336) - age  11:        552 bytes,    2916784 total
[2020-10-06T06:35:35.252+0000][36436][gc,age       ] GC(336) - age  12:      16080 bytes,    2932864 total
[2020-10-06T06:35:35.252+0000][36436][gc,age       ] GC(336) - age  13:        760 bytes,    2933624 total
[2020-10-06T06:35:35.252+0000][36436][gc,age       ] GC(336) - age  14:        944 bytes,    2934568 total
[2020-10-06T06:35:35.252+0000][36436][gc,age       ] GC(336) - age  15:       3272 bytes,    2937840 total
[2020-10-06T06:35:35.252+0000][36436][gc,phases    ] GC(336)   Pre Evacuate Collection Set: 0.4ms
[2020-10-06T06:35:35.252+0000][36436][gc,phases    ] GC(336)   Merge Heap Roots: 0.1ms
[2020-10-06T06:35:35.252+0000][36436][gc,phases    ] GC(336)   Evacuate Collection Set: 2.1ms
[2020-10-06T06:35:35.252+0000][36436][gc,phases    ] GC(336)   Post Evacuate Collection Set: 0.7ms
[2020-10-06T06:35:35.252+0000][36436][gc,phases    ] GC(336)   Other: 1.0ms
[2020-10-06T06:35:35.252+0000][36436][gc,heap      ] GC(336) Eden regions: 52->0(505)
[2020-10-06T06:35:35.252+0000][36436][gc,heap      ] GC(336) Survivor regions: 3->3(64)
[2020-10-06T06:35:35.252+0000][36436][gc,heap      ] GC(336) Old regions: 79->79
[2020-10-06T06:35:35.252+0000][36436][gc,heap      ] GC(336) Archive regions: 0->0
[2020-10-06T06:35:35.252+0000][36436][gc,heap      ] GC(336) Humongous regions: 252->174
[2020-10-06T06:35:35.252+0000][36436][gc,metaspace ] GC(336) Metaspace: 89676K(95484K)->89676K(95484K) NonClass: 78390K(81788K)->78390K(81788K) Class: 11285K(13696K)->11285K(13696K)
[2020-10-06T06:35:35.253+0000][36436][gc           ] GC(336) Pause Young (Concurrent Start) (G1 Humongous Allocation) 384M->255M(1024M) 4.568ms
[2020-10-06T06:35:35.253+0000][36436][gc,cpu       ] GC(336) User=0.00s Sys=0.00s Real=0.01s
[2020-10-06T06:35:35.253+0000][36436][safepoint    ] Safepoint "G1TryInitiateConcMark", Time since last: 276790900 ns, Reaching safepoint: 159100 ns, At safepoint: 4720600 ns, Total: 4879700 ns
[2020-10-06T06:35:35.253+0000][36436][gc           ] GC(337) Concurrent Cycle
[2020-10-06T06:35:35.253+0000][36436][gc,marking   ] GC(337) Concurrent Clear Claimed Marks
[2020-10-06T06:35:35.253+0000][36436][gc,marking   ] GC(337) Concurrent Clear Claimed Marks 0.391ms
[2020-10-06T06:35:35.253+0000][36436][gc,marking   ] GC(337) Concurrent Scan Root Regions
[2020-10-06T06:35:35.256+0000][36436][gc,marking   ] GC(337) Concurrent Scan Root Regions 2.417ms
[2020-10-06T06:35:35.256+0000][36436][gc,marking   ] GC(337) Concurrent Mark (9005.455s)
[2020-10-06T06:35:35.256+0000][36436][gc,marking   ] GC(337) Concurrent Mark From Roots
[2020-10-06T06:35:35.256+0000][36436][gc,task      ] GC(337) Using 2 workers of 2 for marking
[2020-10-06T06:35:35.390+0000][36436][gc,marking   ] GC(337) Concurrent Mark From Roots 134.558ms
[2020-10-06T06:35:35.390+0000][36436][gc,marking   ] GC(337) Concurrent Preclean
[2020-10-06T06:35:35.391+0000][36436][gc,marking   ] GC(337) Concurrent Preclean 0.600ms
[2020-10-06T06:35:35.391+0000][36436][gc,marking   ] GC(337) Concurrent Mark (9005.455s, 9005.590s) 135.339ms
[2020-10-06T06:35:35.391+0000][36436][gc,start     ] GC(337) Pause Remark
[2020-10-06T06:35:35.399+0000][36436][gc           ] GC(337) Pause Remark 413M->413M(1024M) 7.330ms
[2020-10-06T06:35:35.399+0000][36436][gc,cpu       ] GC(337) User=0.11s Sys=0.00s Real=0.01s
[2020-10-06T06:35:35.399+0000][36436][safepoint    ] Safepoint "G1Concurrent", Time since last: 138524000 ns, Reaching safepoint: 195300 ns, At safepoint: 7614600 ns, Total: 7809900 ns
[2020-10-06T06:35:35.399+0000][36436][gc,marking   ] GC(337) Concurrent Rebuild Remembered Sets
[2020-10-06T06:35:35.484+0000][36436][gc,marking   ] GC(337) Concurrent Rebuild Remembered Sets 84.612ms
[2020-10-06T06:35:35.484+0000][36436][gc,start     ] GC(337) Pause Cleanup
[2020-10-06T06:35:35.484+0000][36436][gc           ] GC(337) Pause Cleanup 504M->504M(1024M) 0.353ms
[2020-10-06T06:35:35.484+0000][36436][gc,cpu       ] GC(337) User=0.00s Sys=0.00s Real=0.00s
[2020-10-06T06:35:35.484+0000][36436][safepoint    ] Safepoint "G1Concurrent", Time since last: 84841900 ns, Reaching safepoint: 176300 ns, At safepoint: 524600 ns, Total: 700900 ns
[2020-10-06T06:35:35.485+0000][36436][gc,marking   ] GC(337) Concurrent Cleanup for Next Mark
[2020-10-06T06:35:35.486+0000][36436][gc,marking   ] GC(337) Concurrent Cleanup for Next Mark 1.775ms
[2020-10-06T06:35:35.487+0000][36436][gc           ] GC(337) Concurrent Cycle 233.892ms
[2020-10-06T06:35:35.493+0000][36436][gc,start     ] GC(338) Pause Young (Concurrent Start) (G1 Humongous Allocation)
[2020-10-06T06:35:35.493+0000][36436][gc,task      ] GC(338) Using 8 workers of 8 for evacuation
[2020-10-06T06:35:35.494+0000][36436][gc,age       ] GC(338) Desired survivor size 33554432 bytes, new threshold 15 (max threshold 15)
[2020-10-06T06:35:35.497+0000][36436][gc,age       ] GC(338) Age table with threshold 15 (max threshold 15)
[2020-10-06T06:35:35.498+0000][36436][gc,age       ] GC(338) - age   1:    3406416 bytes,    3406416 total
[2020-10-06T06:35:35.498+0000][36436][gc,age       ] GC(338) - age   2:      22312 bytes,    3428728 total
[2020-10-06T06:35:35.498+0000][36436][gc,age       ] GC(338) - age   3:       2336 bytes,    3431064 total
[2020-10-06T06:35:35.498+0000][36436][gc,age       ] GC(338) - age   4:      21088 bytes,    3452152 total
[2020-10-06T06:35:35.498+0000][36436][gc,age       ] GC(338) - age   5:      20184 bytes,    3472336 total
[2020-10-06T06:35:35.498+0000][36436][gc,age       ] GC(338) - age   6:        928 bytes,    3473264 total
[2020-10-06T06:35:35.498+0000][36436][gc,age       ] GC(338) - age   7:       1128 bytes,    3474392 total
[2020-10-06T06:35:35.498+0000][36436][gc,age       ] GC(338) - age   8:     100488 bytes,    3574880 total
[2020-10-06T06:35:35.498+0000][36436][gc,age       ] GC(338) - age   9:        896 bytes,    3575776 total
[2020-10-06T06:35:35.498+0000][36436][gc,age       ] GC(338) - age  10:        416 bytes,    3576192 total
[2020-10-06T06:35:35.498+0000][36436][gc,age       ] GC(338) - age  11:      31424 bytes,    3607616 total
[2020-10-06T06:35:35.498+0000][36436][gc,age       ] GC(338) - age  12:        456 bytes,    3608072 total
[2020-10-06T06:35:35.498+0000][36436][gc,age       ] GC(338) - age  13:      16080 bytes,    3624152 total
[2020-10-06T06:35:35.498+0000][36436][gc,age       ] GC(338) - age  14:        760 bytes,    3624912 total
[2020-10-06T06:35:35.498+0000][36436][gc,age       ] GC(338) - age  15:        880 bytes,    3625792 total
[2020-10-06T06:35:35.498+0000][36436][gc,phases    ] GC(338)   Pre Evacuate Collection Set: 0.5ms
[2020-10-06T06:35:35.498+0000][36436][gc,phases    ] GC(338)   Merge Heap Roots: 0.1ms
[2020-10-06T06:35:35.498+0000][36436][gc,phases    ] GC(338)   Evacuate Collection Set: 2.2ms
[2020-10-06T06:35:35.498+0000][36436][gc,phases    ] GC(338)   Post Evacuate Collection Set: 0.8ms
[2020-10-06T06:35:35.498+0000][36436][gc,phases    ] GC(338)   Other: 1.1ms
[2020-10-06T06:35:35.498+0000][36436][gc,heap      ] GC(338) Eden regions: 73->0(503)
[2020-10-06T06:35:35.498+0000][36436][gc,heap      ] GC(338) Survivor regions: 3->4(64)
[2020-10-06T06:35:35.498+0000][36436][gc,heap      ] GC(338) Old regions: 79->79
[2020-10-06T06:35:35.499+0000][36436][gc,heap      ] GC(338) Archive regions: 0->0
[2020-10-06T06:35:35.499+0000][36436][gc,heap      ] GC(338) Humongous regions: 355->174
[2020-10-06T06:35:35.499+0000][36436][gc,metaspace ] GC(338) Metaspace: 89676K(95484K)->89676K(95484K) NonClass: 78390K(81788K)->78390K(81788K) Class: 11285K(13696K)->11285K(13696K)
[2020-10-06T06:35:35.499+0000][36436][gc           ] GC(338) Pause Young (Concurrent Start) (G1 Humongous Allocation) 508M->256M(1024M) 5.256ms
[2020-10-06T06:35:35.499+0000][36436][gc,cpu       ] GC(338) User=0.00s Sys=0.00s Real=0.01s
[2020-10-06T06:35:35.499+0000][36436][gc           ] GC(339) Concurrent Cycle
[2020-10-06T06:35:35.499+0000][36436][safepoint    ] Safepoint "G1TryInitiateConcMark", Time since last: 8739900 ns, Reaching safepoint: 138100 ns, At safepoint: 5449200 ns, Total: 5587300 ns
[2020-10-06T06:35:35.499+0000][36436][gc,marking   ] GC(339) Concurrent Clear Claimed Marks
[2020-10-06T06:35:35.499+0000][36436][gc,marking   ] GC(339) Concurrent Clear Claimed Marks 0.489ms
[2020-10-06T06:35:35.499+0000][36436][gc,marking   ] GC(339) Concurrent Scan Root Regions
[2020-10-06T06:35:35.502+0000][36436][gc,marking   ] GC(339) Concurrent Scan Root Regions 2.350ms
[2020-10-06T06:35:35.502+0000][36436][gc,marking   ] GC(339) Concurrent Mark (9005.701s)
[2020-10-06T06:35:35.502+0000][36436][gc,marking   ] GC(339) Concurrent Mark From Roots
[2020-10-06T06:35:35.502+0000][36436][gc,task      ] GC(339) Using 2 workers of 2 for marking
[2020-10-06T06:35:35.635+0000][36436][gc,marking   ] GC(339) Concurrent Mark From Roots 132.835ms
[2020-10-06T06:35:35.635+0000][36436][gc,marking   ] GC(339) Concurrent Preclean
[2020-10-06T06:35:35.636+0000][36436][gc,marking   ] GC(339) Concurrent Preclean 0.840ms
[2020-10-06T06:35:35.636+0000][36436][gc,marking   ] GC(339) Concurrent Mark (9005.701s, 9005.835s) 133.941ms
[2020-10-06T06:35:35.637+0000][36436][gc,start     ] GC(339) Pause Remark
[2020-10-06T06:35:35.644+0000][36436][gc           ] GC(339) Pause Remark 403M->403M(1024M) 7.325ms
[2020-10-06T06:35:35.644+0000][36436][gc,cpu       ] GC(339) User=0.00s Sys=0.00s Real=0.01s
[2020-10-06T06:35:35.645+0000][36436][safepoint    ] Safepoint "G1Concurrent", Time since last: 137144800 ns, Reaching safepoint: 174400 ns, At safepoint: 8163700 ns, Total: 8338100 ns
[2020-10-06T06:35:35.645+0000][36436][gc,marking   ] GC(339) Concurrent Rebuild Remembered Sets
[2020-10-06T06:35:35.735+0000][36436][gc,marking   ] GC(339) Concurrent Rebuild Remembered Sets 90.538ms
[2020-10-06T06:35:35.736+0000][36436][gc,start     ] GC(339) Pause Cleanup
[2020-10-06T06:35:35.736+0000][36436][gc           ] GC(339) Pause Cleanup 404M->404M(1024M) 0.338ms
[2020-10-06T06:35:35.736+0000][36436][gc,cpu       ] GC(339) User=0.00s Sys=0.00s Real=0.00s
[2020-10-06T06:35:35.736+0000][36436][safepoint    ] Safepoint "G1Concurrent", Time since last: 90763800 ns, Reaching safepoint: 156800 ns, At safepoint: 507500 ns, Total: 664300 ns
[2020-10-06T06:35:35.736+0000][36436][gc,marking   ] GC(339) Concurrent Cleanup for Next Mark
[2020-10-06T06:35:35.738+0000][36436][gc,marking   ] GC(339) Concurrent Cleanup for Next Mark 1.554ms
[2020-10-06T06:35:35.738+0000][36436][gc           ] GC(339) Concurrent Cycle 238.695ms
[2020-10-06T06:35:35.758+0000][36436][gc,start     ] GC(340) Pause Young (Concurrent Start) (G1 Humongous Allocation)
[2020-10-06T06:35:35.758+0000][36436][gc,task      ] GC(340) Using 8 workers of 8 for evacuation
[2020-10-06T06:35:35.758+0000][36436][gc,age       ] GC(340) Desired survivor size 33554432 bytes, new threshold 15 (max threshold 15)
[2020-10-06T06:35:35.762+0000][36436][gc,age       ] GC(340) Age table with threshold 15 (max threshold 15)
[2020-10-06T06:35:35.763+0000][36436][gc,age       ] GC(340) - age   1:    2729192 bytes,    2729192 total
[2020-10-06T06:35:35.763+0000][36436][gc,age       ] GC(340) - age   2:       3096 bytes,    2732288 total
[2020-10-06T06:35:35.763+0000][36436][gc,age       ] GC(340) - age   3:      19096 bytes,    2751384 total
[2020-10-06T06:35:35.763+0000][36436][gc,age       ] GC(340) - age   4:       1624 bytes,    2753008 total
[2020-10-06T06:35:35.763+0000][36436][gc,age       ] GC(340) - age   5:      12432 bytes,    2765440 total
[2020-10-06T06:35:35.763+0000][36436][gc,age       ] GC(340) - age   6:      20056 bytes,    2785496 total
[2020-10-06T06:35:35.763+0000][36436][gc,age       ] GC(340) - age   7:        928 bytes,    2786424 total
[2020-10-06T06:35:35.763+0000][36436][gc,age       ] GC(340) - age   8:       1128 bytes,    2787552 total
[2020-10-06T06:35:35.763+0000][36436][gc,age       ] GC(340) - age   9:     100488 bytes,    2888040 total
[2020-10-06T06:35:35.763+0000][36436][gc,age       ] GC(340) - age  10:        896 bytes,    2888936 total
[2020-10-06T06:35:35.763+0000][36436][gc,age       ] GC(340) - age  11:        416 bytes,    2889352 total
[2020-10-06T06:35:35.763+0000][36436][gc,age       ] GC(340) - age  12:      31176 bytes,    2920528 total
[2020-10-06T06:35:35.763+0000][36436][gc,age       ] GC(340) - age  13:        456 bytes,    2920984 total
[2020-10-06T06:35:35.763+0000][36436][gc,age       ] GC(340) - age  14:      16048 bytes,    2937032 total
[2020-10-06T06:35:35.763+0000][36436][gc,age       ] GC(340) - age  15:        760 bytes,    2937792 total
[2020-10-06T06:35:35.763+0000][36436][gc,phases    ] GC(340)   Pre Evacuate Collection Set: 0.5ms
[2020-10-06T06:35:35.763+0000][36436][gc,phases    ] GC(340)   Merge Heap Roots: 0.1ms
[2020-10-06T06:35:35.763+0000][36436][gc,phases    ] GC(340)   Evacuate Collection Set: 2.9ms
[2020-10-06T06:35:35.763+0000][36436][gc,phases    ] GC(340)   Post Evacuate Collection Set: 0.7ms
[2020-10-06T06:35:35.763+0000][36436][gc,phases    ] GC(340)   Other: 1.0ms
[2020-10-06T06:35:35.763+0000][36436][gc,heap      ] GC(340) Eden regions: 39->0(504)
[2020-10-06T06:35:35.763+0000][36436][gc,heap      ] GC(340) Survivor regions: 4->3(64)
[2020-10-06T06:35:35.763+0000][36436][gc,heap      ] GC(340) Old regions: 79->79
[2020-10-06T06:35:35.763+0000][36436][gc,heap      ] GC(340) Archive regions: 0->0
[2020-10-06T06:35:35.763+0000][36436][gc,heap      ] GC(340) Humongous regions: 288->174
[2020-10-06T06:35:35.763+0000][36436][gc,metaspace ] GC(340) Metaspace: 89676K(95484K)->89676K(95484K) NonClass: 78390K(81788K)->78390K(81788K) Class: 11285K(13696K)->11285K(13696K)
[2020-10-06T06:35:35.764+0000][36436][gc           ] GC(340) Pause Young (Concurrent Start) (G1 Humongous Allocation) 408M->255M(1024M) 5.563ms
[2020-10-06T06:35:35.764+0000][36436][gc,cpu       ] GC(340) User=0.00s Sys=0.00s Real=0.01s
[2020-10-06T06:35:35.764+0000][36436][safepoint    ] Safepoint "G1TryInitiateConcMark", Time since last: 21667000 ns, Reaching safepoint: 155100 ns, At safepoint: 5744100 ns, Total: 5899200 ns
[2020-10-06T06:35:35.764+0000][36436][gc           ] GC(341) Concurrent Cycle
[2020-10-06T06:35:35.764+0000][36436][gc,marking   ] GC(341) Concurrent Clear Claimed Marks
[2020-10-06T06:35:35.764+0000][36436][gc,marking   ] GC(341) Concurrent Clear Claimed Marks 0.562ms
[2020-10-06T06:35:35.764+0000][36436][gc,marking   ] GC(341) Concurrent Scan Root Regions
[2020-10-06T06:35:35.767+0000][36436][gc,marking   ] GC(341) Concurrent Scan Root Regions 2.179ms
[2020-10-06T06:35:35.767+0000][36436][gc,marking   ] GC(341) Concurrent Mark (9005.966s)
[2020-10-06T06:35:35.767+0000][36436][gc,marking   ] GC(341) Concurrent Mark From Roots
[2020-10-06T06:35:35.767+0000][36436][gc,task      ] GC(341) Using 2 workers of 2 for marking
[2020-10-06T06:35:35.912+0000][36436][gc,marking   ] GC(341) Concurrent Mark From Roots 145.041ms
[2020-10-06T06:35:35.912+0000][36436][gc,marking   ] GC(341) Concurrent Preclean
[2020-10-06T06:35:35.913+0000][36436][gc,marking   ] GC(341) Concurrent Preclean 0.844ms
[2020-10-06T06:35:35.913+0000][36436][gc,marking   ] GC(341) Concurrent Mark (9005.966s, 9006.112s) 146.130ms
[2020-10-06T06:35:35.914+0000][36436][gc,start     ] GC(341) Pause Remark
[2020-10-06T06:35:35.921+0000][36436][gc           ] GC(341) Pause Remark 397M->397M(1024M) 7.022ms
[2020-10-06T06:35:35.921+0000][36436][gc,cpu       ] GC(341) User=0.00s Sys=0.00s Real=0.01s
[2020-10-06T06:35:35.921+0000][36436][safepoint    ] Safepoint "G1Concurrent", Time since last: 149388400 ns, Reaching safepoint: 181700 ns, At safepoint: 7283000 ns, Total: 7464700 ns
[2020-10-06T06:35:35.921+0000][36436][gc,marking   ] GC(341) Concurrent Rebuild Remembered Sets
[2020-10-06T06:35:36.008+0000][36436][gc,marking   ] GC(341) Concurrent Rebuild Remembered Sets 87.012ms
[2020-10-06T06:35:36.008+0000][36436][gc,start     ] GC(341) Pause Cleanup
[2020-10-06T06:35:36.009+0000][36436][gc           ] GC(341) Pause Cleanup 416M->416M(1024M) 0.410ms
[2020-10-06T06:35:36.009+0000][36436][gc,cpu       ] GC(341) User=0.00s Sys=0.00s Real=0.00s
[2020-10-06T06:35:36.009+0000][36436][safepoint    ] Safepoint "G1Concurrent", Time since last: 87193500 ns, Reaching safepoint: 175200 ns, At safepoint: 626300 ns, Total: 801500 ns
[2020-10-06T06:35:36.009+0000][36436][gc,marking   ] GC(341) Concurrent Cleanup for Next Mark
[2020-10-06T06:35:36.011+0000][36436][gc,marking   ] GC(341) Concurrent Cleanup for Next Mark 1.788ms
[2020-10-06T06:35:36.011+0000][36436][gc           ] GC(341) Concurrent Cycle 246.851ms
[2020-10-06T06:35:36.110+0000][36436][gc,start     ] GC(342) Pause Young (Concurrent Start) (G1 Humongous Allocation)
[2020-10-06T06:35:36.110+0000][36436][gc,task      ] GC(342) Using 8 workers of 8 for evacuation
[2020-10-06T06:35:36.110+0000][36436][gc,age       ] GC(342) Desired survivor size 33554432 bytes, new threshold 15 (max threshold 15)
[2020-10-06T06:35:36.114+0000][36436][gc,age       ] GC(342) Age table with threshold 15 (max threshold 15)
[2020-10-06T06:35:36.114+0000][36436][gc,age       ] GC(342) - age   1:     645072 bytes,     645072 total
[2020-10-06T06:35:36.114+0000][36436][gc,age       ] GC(342) - age   2:      20936 bytes,     666008 total
[2020-10-06T06:35:36.114+0000][36436][gc,age       ] GC(342) - age   3:       2088 bytes,     668096 total
[2020-10-06T06:35:36.114+0000][36436][gc,age       ] GC(342) - age   4:      17720 bytes,     685816 total
[2020-10-06T06:35:36.114+0000][36436][gc,age       ] GC(342) - age   5:        848 bytes,     686664 total
[2020-10-06T06:35:36.114+0000][36436][gc,age       ] GC(342) - age   6:       9912 bytes,     696576 total
[2020-10-06T06:35:36.114+0000][36436][gc,age       ] GC(342) - age   7:      19856 bytes,     716432 total
[2020-10-06T06:35:36.114+0000][36436][gc,age       ] GC(342) - age   8:        864 bytes,     717296 total
[2020-10-06T06:35:36.114+0000][36436][gc,age       ] GC(342) - age   9:       1128 bytes,     718424 total
[2020-10-06T06:35:36.114+0000][36436][gc,age       ] GC(342) - age  10:     100424 bytes,     818848 total
[2020-10-06T06:35:36.114+0000][36436][gc,age       ] GC(342) - age  11:        896 bytes,     819744 total
[2020-10-06T06:35:36.115+0000][36436][gc,age       ] GC(342) - age  12:        352 bytes,     820096 total
[2020-10-06T06:35:36.115+0000][36436][gc,age       ] GC(342) - age  13:      31048 bytes,     851144 total
[2020-10-06T06:35:36.115+0000][36436][gc,age       ] GC(342) - age  14:        456 bytes,     851600 total
[2020-10-06T06:35:36.115+0000][36436][gc,age       ] GC(342) - age  15:      16048 bytes,     867648 total
[2020-10-06T06:35:36.115+0000][36436][gc,phases    ] GC(342)   Pre Evacuate Collection Set: 0.5ms
[2020-10-06T06:35:36.115+0000][36436][gc,phases    ] GC(342)   Merge Heap Roots: 0.1ms
[2020-10-06T06:35:36.115+0000][36436][gc,phases    ] GC(342)   Evacuate Collection Set: 2.3ms
[2020-10-06T06:35:36.115+0000][36436][gc,phases    ] GC(342)   Post Evacuate Collection Set: 0.9ms
[2020-10-06T06:35:36.115+0000][36436][gc,phases    ] GC(342)   Other: 1.1ms
[2020-10-06T06:35:36.115+0000][36436][gc,heap      ] GC(342) Eden regions: 50->0(507)
[2020-10-06T06:35:36.115+0000][36436][gc,heap      ] GC(342) Survivor regions: 3->1(64)
[2020-10-06T06:35:36.115+0000][36436][gc,heap      ] GC(342) Old regions: 79->79
[2020-10-06T06:35:36.115+0000][36436][gc,heap      ] GC(342) Archive regions: 0->0
[2020-10-06T06:35:36.115+0000][36436][gc,heap      ] GC(342) Humongous regions: 288->174
[2020-10-06T06:35:36.115+0000][36436][gc,metaspace ] GC(342) Metaspace: 89676K(95484K)->89676K(95484K) NonClass: 78390K(81788K)->78390K(81788K) Class: 11285K(13696K)->11285K(13696K)
[2020-10-06T06:35:36.115+0000][36436][gc           ] GC(342) Pause Young (Concurrent Start) (G1 Humongous Allocation) 419M->253M(1024M) 5.290ms
[2020-10-06T06:35:36.115+0000][36436][gc,cpu       ] GC(342) User=0.02s Sys=0.00s Real=0.01s
[2020-10-06T06:35:36.115+0000][36436][safepoint    ] Safepoint "G1TryInitiateConcMark", Time since last: 100966300 ns, Reaching safepoint: 185400 ns, At safepoint: 5478500 ns, Total: 5663900 ns
[2020-10-06T06:35:36.115+0000][36436][gc           ] GC(343) Concurrent Cycle
[2020-10-06T06:35:36.115+0000][36436][gc,marking   ] GC(343) Concurrent Clear Claimed Marks
[2020-10-06T06:35:36.116+0000][36436][gc,marking   ] GC(343) Concurrent Clear Claimed Marks 0.862ms
[2020-10-06T06:35:36.116+0000][36436][gc,marking   ] GC(343) Concurrent Scan Root Regions
[2020-10-06T06:35:36.118+0000][36436][gc,marking   ] GC(343) Concurrent Scan Root Regions 1.483ms
[2020-10-06T06:35:36.118+0000][36436][gc,marking   ] GC(343) Concurrent Mark (9006.316s)
[2020-10-06T06:35:36.118+0000][36436][gc,marking   ] GC(343) Concurrent Mark From Roots
[2020-10-06T06:35:36.118+0000][36436][gc,task      ] GC(343) Using 2 workers of 2 for marking
[2020-10-06T06:35:36.274+0000][36436][gc,marking   ] GC(343) Concurrent Mark From Roots 155.759ms
[2020-10-06T06:35:36.274+0000][36436][gc,marking   ] GC(343) Concurrent Preclean
[2020-10-06T06:35:36.274+0000][36436][gc,marking   ] GC(343) Concurrent Preclean 0.586ms
[2020-10-06T06:35:36.274+0000][36436][gc,marking   ] GC(343) Concurrent Mark (9006.316s, 9006.473s) 156.524ms
[2020-10-06T06:35:36.275+0000][36436][gc,start     ] GC(343) Pause Remark
[2020-10-06T06:35:36.282+0000][36436][gc           ] GC(343) Pause Remark 292M->292M(1024M) 6.819ms
[2020-10-06T06:35:36.282+0000][36436][gc,cpu       ] GC(343) User=0.00s Sys=0.00s Real=0.01s
[2020-10-06T06:35:36.282+0000][36436][safepoint    ] Safepoint "G1Concurrent", Time since last: 159197700 ns, Reaching safepoint: 160200 ns, At safepoint: 7095800 ns, Total: 7256000 ns
[2020-10-06T06:35:36.282+0000][36436][gc,marking   ] GC(343) Concurrent Rebuild Remembered Sets
[2020-10-06T06:35:36.371+0000][36436][gc,marking   ] GC(343) Concurrent Rebuild Remembered Sets 89.520ms
[2020-10-06T06:35:36.371+0000][36436][gc,start     ] GC(343) Pause Cleanup
[2020-10-06T06:35:36.372+0000][36436][gc           ] GC(343) Pause Cleanup 301M->301M(1024M) 0.431ms
[2020-10-06T06:35:36.372+0000][36436][gc,cpu       ] GC(343) User=0.00s Sys=0.00s Real=0.00s
[2020-10-06T06:35:36.372+0000][36436][safepoint    ] Safepoint "G1Concurrent", Time since last: 89750700 ns, Reaching safepoint: 152000 ns, At safepoint: 620200 ns, Total: 772200 ns
[2020-10-06T06:35:36.372+0000][36436][gc,marking   ] GC(343) Concurrent Cleanup for Next Mark
[2020-10-06T06:35:36.374+0000][36436][gc,marking   ] GC(343) Concurrent Cleanup for Next Mark 2.104ms
[2020-10-06T06:35:36.374+0000][36436][gc           ] GC(343) Concurrent Cycle 259.368ms
[2020-10-06T06:35:36.600+0000][36436][gc,start     ] GC(344) Pause Young (Concurrent Start) (G1 Humongous Allocation)
[2020-10-06T06:35:36.600+0000][36436][gc,task      ] GC(344) Using 8 workers of 8 for evacuation
[2020-10-06T06:35:36.600+0000][36436][gc,age       ] GC(344) Desired survivor size 33554432 bytes, new threshold 15 (max threshold 15)
[2020-10-06T06:35:36.603+0000][36436][gc,age       ] GC(344) Age table with threshold 15 (max threshold 15)
[2020-10-06T06:35:36.603+0000][36436][gc,age       ] GC(344) - age   1:     621720 bytes,     621720 total
[2020-10-06T06:35:36.603+0000][36436][gc,age       ] GC(344) - age   2:      18200 bytes,     639920 total
[2020-10-06T06:35:36.603+0000][36436][gc,age       ] GC(344) - age   3:      20152 bytes,     660072 total
[2020-10-06T06:35:36.603+0000][36436][gc,age       ] GC(344) - age   4:        896 bytes,     660968 total
[2020-10-06T06:35:36.603+0000][36436][gc,age       ] GC(344) - age   5:      12760 bytes,     673728 total
[2020-10-06T06:35:36.603+0000][36436][gc,age       ] GC(344) - age   6:        664 bytes,     674392 total
[2020-10-06T06:35:36.603+0000][36436][gc,age       ] GC(344) - age   7:       7088 bytes,     681480 total
[2020-10-06T06:35:36.603+0000][36436][gc,age       ] GC(344) - age   8:      19856 bytes,     701336 total
[2020-10-06T06:35:36.603+0000][36436][gc,age       ] GC(344) - age   9:        864 bytes,     702200 total
[2020-10-06T06:35:36.603+0000][36436][gc,age       ] GC(344) - age  10:       1000 bytes,     703200 total
[2020-10-06T06:35:36.603+0000][36436][gc,age       ] GC(344) - age  11:     100200 bytes,     803400 total
[2020-10-06T06:35:36.603+0000][36436][gc,age       ] GC(344) - age  12:        800 bytes,     804200 total
[2020-10-06T06:35:36.603+0000][36436][gc,age       ] GC(344) - age  13:        288 bytes,     804488 total
[2020-10-06T06:35:36.603+0000][36436][gc,age       ] GC(344) - age  14:      31048 bytes,     835536 total
[2020-10-06T06:35:36.603+0000][36436][gc,age       ] GC(344) - age  15:        456 bytes,     835992 total
[2020-10-06T06:35:36.604+0000][36436][gc,phases    ] GC(344)   Pre Evacuate Collection Set: 0.4ms
[2020-10-06T06:35:36.604+0000][36436][gc,phases    ] GC(344)   Merge Heap Roots: 0.1ms
[2020-10-06T06:35:36.604+0000][36436][gc,phases    ] GC(344)   Evacuate Collection Set: 1.7ms
[2020-10-06T06:35:36.604+0000][36436][gc,phases    ] GC(344)   Post Evacuate Collection Set: 0.8ms
[2020-10-06T06:35:36.604+0000][36436][gc,phases    ] GC(344)   Other: 0.8ms
[2020-10-06T06:35:36.604+0000][36436][gc,heap      ] GC(344) Eden regions: 57->0(508)
[2020-10-06T06:35:36.604+0000][36436][gc,heap      ] GC(344) Survivor regions: 1->1(64)
[2020-10-06T06:35:36.604+0000][36436][gc,heap      ] GC(344) Old regions: 79->79
[2020-10-06T06:35:36.604+0000][36436][gc,heap      ] GC(344) Archive regions: 0->0
[2020-10-06T06:35:36.604+0000][36436][gc,heap      ] GC(344) Humongous regions: 228->174
[2020-10-06T06:35:36.604+0000][36436][gc,metaspace ] GC(344) Metaspace: 89694K(95484K)->89694K(95484K) NonClass: 78406K(81788K)->78406K(81788K) Class: 11287K(13696K)->11287K(13696K)
[2020-10-06T06:35:36.604+0000][36436][gc           ] GC(344) Pause Young (Concurrent Start) (G1 Humongous Allocation) 363M->253M(1024M) 4.070ms
[2020-10-06T06:35:36.604+0000][36436][gc,cpu       ] GC(344) User=0.00s Sys=0.00s Real=0.00s
[2020-10-06T06:35:36.604+0000][36436][safepoint    ] Safepoint "G1TryInitiateConcMark", Time since last: 227002800 ns, Reaching safepoint: 259500 ns, At safepoint: 4236500 ns, Total: 4496000 ns
[2020-10-06T06:35:36.604+0000][36436][gc           ] GC(345) Concurrent Cycle
[2020-10-06T06:35:36.604+0000][36436][gc,marking   ] GC(345) Concurrent Clear Claimed Marks
[2020-10-06T06:35:36.605+0000][36436][gc,marking   ] GC(345) Concurrent Clear Claimed Marks 0.603ms
[2020-10-06T06:35:36.605+0000][36436][gc,marking   ] GC(345) Concurrent Scan Root Regions
[2020-10-06T06:35:36.607+0000][36436][gc,marking   ] GC(345) Concurrent Scan Root Regions 2.032ms
[2020-10-06T06:35:36.607+0000][36436][gc,marking   ] GC(345) Concurrent Mark (9006.805s)
[2020-10-06T06:35:36.607+0000][36436][gc,marking   ] GC(345) Concurrent Mark From Roots
[2020-10-06T06:35:36.607+0000][36436][gc,task      ] GC(345) Using 2 workers of 2 for marking
[2020-10-06T06:35:36.703+0000][36436][gc,marking   ] GC(345) Concurrent Mark From Roots 96.222ms
[2020-10-06T06:35:36.703+0000][36436][gc,marking   ] GC(345) Concurrent Preclean
[2020-10-06T06:35:36.704+0000][36436][gc,marking   ] GC(345) Concurrent Preclean 0.536ms
[2020-10-06T06:35:36.704+0000][36436][gc,marking   ] GC(345) Concurrent Mark (9006.805s, 9006.902s) 96.902ms
[2020-10-06T06:35:36.704+0000][36436][gc,start     ] GC(345) Pause Remark
[2020-10-06T06:35:36.711+0000][36436][gc           ] GC(345) Pause Remark 289M->289M(1024M) 6.800ms
[2020-10-06T06:35:36.711+0000][36436][gc,cpu       ] GC(345) User=0.11s Sys=0.00s Real=0.01s
[2020-10-06T06:35:36.711+0000][36436][safepoint    ] Safepoint "G1Concurrent", Time since last: 99831100 ns, Reaching safepoint: 143800 ns, At safepoint: 7027300 ns, Total: 7171100 ns
[2020-10-06T06:35:36.711+0000][36436][gc,marking   ] GC(345) Concurrent Rebuild Remembered Sets
[2020-10-06T06:35:36.774+0000][36436][gc,marking   ] GC(345) Concurrent Rebuild Remembered Sets 63.598ms
[2020-10-06T06:35:36.774+0000][36436][gc,start     ] GC(345) Pause Cleanup
[2020-10-06T06:35:36.775+0000][36436][gc           ] GC(345) Pause Cleanup 310M->310M(1024M) 0.269ms
[2020-10-06T06:35:36.775+0000][36436][gc,cpu       ] GC(345) User=0.00s Sys=0.00s Real=0.00s
[2020-10-06T06:35:36.775+0000][36436][safepoint    ] Safepoint "G1Concurrent", Time since last: 63771800 ns, Reaching safepoint: 190400 ns, At safepoint: 433000 ns, Total: 623400 ns
[2020-10-06T06:35:36.775+0000][36436][gc,marking   ] GC(345) Concurrent Cleanup for Next Mark
[2020-10-06T06:35:36.776+0000][36436][gc,marking   ] GC(345) Concurrent Cleanup for Next Mark 1.567ms
[2020-10-06T06:35:36.777+0000][36436][gc           ] GC(345) Concurrent Cycle 173.104ms
[2020-10-06T06:35:36.984+0000][36436][gc,start     ] GC(346) Pause Young (Concurrent Start) (G1 Humongous Allocation)
[2020-10-06T06:35:36.984+0000][36436][gc,task      ] GC(346) Using 8 workers of 8 for evacuation
[2020-10-06T06:35:36.984+0000][36436][gc,age       ] GC(346) Desired survivor size 33554432 bytes, new threshold 15 (max threshold 15)
[2020-10-06T06:35:36.987+0000][36436][gc,age       ] GC(346) Age table with threshold 15 (max threshold 15)
[2020-10-06T06:35:36.987+0000][36436][gc,age       ] GC(346) - age   1:     528080 bytes,     528080 total
[2020-10-06T06:35:36.987+0000][36436][gc,age       ] GC(346) - age   2:      40176 bytes,     568256 total
[2020-10-06T06:35:36.987+0000][36436][gc,age       ] GC(346) - age   3:      13960 bytes,     582216 total
[2020-10-06T06:35:36.988+0000][36436][gc,age       ] GC(346) - age   4:      19824 bytes,     602040 total
[2020-10-06T06:35:36.988+0000][36436][gc,age       ] GC(346) - age   5:        704 bytes,     602744 total
[2020-10-06T06:35:36.988+0000][36436][gc,age       ] GC(346) - age   6:      12760 bytes,     615504 total
[2020-10-06T06:35:36.988+0000][36436][gc,age       ] GC(346) - age   7:        664 bytes,     616168 total
[2020-10-06T06:35:36.988+0000][36436][gc,age       ] GC(346) - age   8:       7024 bytes,     623192 total
[2020-10-06T06:35:36.988+0000][36436][gc,age       ] GC(346) - age   9:      19856 bytes,     643048 total
[2020-10-06T06:35:36.988+0000][36436][gc,age       ] GC(346) - age  10:        768 bytes,     643816 total
[2020-10-06T06:35:36.988+0000][36436][gc,age       ] GC(346) - age  11:       1000 bytes,     644816 total
[2020-10-06T06:35:36.988+0000][36436][gc,age       ] GC(346) - age  12:     100136 bytes,     744952 total
[2020-10-06T06:35:36.988+0000][36436][gc,age       ] GC(346) - age  13:        800 bytes,     745752 total
[2020-10-06T06:35:36.988+0000][36436][gc,age       ] GC(346) - age  14:        288 bytes,     746040 total
[2020-10-06T06:35:36.988+0000][36436][gc,age       ] GC(346) - age  15:      30952 bytes,     776992 total
[2020-10-06T06:35:36.988+0000][36436][gc,phases    ] GC(346)   Pre Evacuate Collection Set: 0.4ms
[2020-10-06T06:35:36.988+0000][36436][gc,phases    ] GC(346)   Merge Heap Roots: 0.1ms
[2020-10-06T06:35:36.988+0000][36436][gc,phases    ] GC(346)   Evacuate Collection Set: 1.9ms
[2020-10-06T06:35:36.988+0000][36436][gc,phases    ] GC(346)   Post Evacuate Collection Set: 0.7ms
[2020-10-06T06:35:36.988+0000][36436][gc,phases    ] GC(346)   Other: 1.2ms
[2020-10-06T06:35:36.988+0000][36436][gc,heap      ] GC(346) Eden regions: 51->0(509)
[2020-10-06T06:35:36.989+0000][36436][gc,heap      ] GC(346) Survivor regions: 1->1(64)
[2020-10-06T06:35:36.989+0000][36436][gc,heap      ] GC(346) Old regions: 79->79
[2020-10-06T06:35:36.989+0000][36436][gc,heap      ] GC(346) Archive regions: 0->0
[2020-10-06T06:35:36.989+0000][36436][gc,heap      ] GC(346) Humongous regions: 228->174
[2020-10-06T06:35:36.989+0000][36436][gc,metaspace ] GC(346) Metaspace: 89704K(95740K)->89704K(95740K) NonClass: 78415K(82044K)->78415K(82044K) Class: 11288K(13696K)->11288K(13696K)
[2020-10-06T06:35:36.989+0000][36436][gc           ] GC(346) Pause Young (Concurrent Start) (G1 Humongous Allocation) 357M->253M(1024M) 4.783ms
[2020-10-06T06:35:36.989+0000][36436][gc,cpu       ] GC(346) User=0.02s Sys=0.00s Real=0.01s
[2020-10-06T06:35:36.989+0000][36436][gc           ] GC(347) Concurrent Cycle
[2020-10-06T06:35:36.989+0000][36436][safepoint    ] Safepoint "G1TryInitiateConcMark", Time since last: 208820600 ns, Reaching safepoint: 149300 ns, At safepoint: 4955800 ns, Total: 5105100 ns
[2020-10-06T06:35:36.989+0000][36436][gc,marking   ] GC(347) Concurrent Clear Claimed Marks
[2020-10-06T06:35:36.989+0000][36436][gc,marking   ] GC(347) Concurrent Clear Claimed Marks 0.402ms
[2020-10-06T06:35:36.989+0000][36436][gc,marking   ] GC(347) Concurrent Scan Root Regions
[2020-10-06T06:35:36.991+0000][36436][gc,marking   ] GC(347) Concurrent Scan Root Regions 1.459ms
[2020-10-06T06:35:36.991+0000][36436][gc,marking   ] GC(347) Concurrent Mark (9007.190s)
[2020-10-06T06:35:36.991+0000][36436][gc,marking   ] GC(347) Concurrent Mark From Roots
[2020-10-06T06:35:36.991+0000][36436][gc,task      ] GC(347) Using 2 workers of 2 for marking
[2020-10-06T06:35:37.136+0000][36436][gc,marking   ] GC(347) Concurrent Mark From Roots 144.651ms
[2020-10-06T06:35:37.136+0000][36436][gc,marking   ] GC(347) Concurrent Preclean
[2020-10-06T06:35:37.136+0000][36436][gc,marking   ] GC(347) Concurrent Preclean 0.636ms
[2020-10-06T06:35:37.136+0000][36436][gc,marking   ] GC(347) Concurrent Mark (9007.190s, 9007.335s) 145.509ms
[2020-10-06T06:35:37.137+0000][36436][gc,start     ] GC(347) Pause Remark
[2020-10-06T06:35:37.143+0000][36436][gc           ] GC(347) Pause Remark 285M->285M(1024M) 6.363ms
[2020-10-06T06:35:37.143+0000][36436][gc,cpu       ] GC(347) User=0.00s Sys=0.00s Real=0.01s
[2020-10-06T06:35:37.143+0000][36436][safepoint    ] Safepoint "G1Concurrent", Time since last: 147624000 ns, Reaching safepoint: 163000 ns, At safepoint: 6603300 ns, Total: 6766300 ns
[2020-10-06T06:35:37.143+0000][36436][gc,marking   ] GC(347) Concurrent Rebuild Remembered Sets
[2020-10-06T06:35:37.228+0000][36436][gc,marking   ] GC(347) Concurrent Rebuild Remembered Sets 84.478ms
[2020-10-06T06:35:37.228+0000][36436][gc,start     ] GC(347) Pause Cleanup
[2020-10-06T06:35:37.229+0000][36436][gc           ] GC(347) Pause Cleanup 302M->302M(1024M) 0.414ms
[2020-10-06T06:35:37.229+0000][36436][gc,cpu       ] GC(347) User=0.00s Sys=0.00s Real=0.00s
[2020-10-06T06:35:37.229+0000][36436][safepoint    ] Safepoint "G1Concurrent", Time since last: 84798700 ns, Reaching safepoint: 163600 ns, At safepoint: 631800 ns, Total: 795400 ns
[2020-10-06T06:35:37.229+0000][36436][gc,marking   ] GC(347) Concurrent Cleanup for Next Mark
[2020-10-06T06:35:37.231+0000][36436][gc,marking   ] GC(347) Concurrent Cleanup for Next Mark 1.808ms
[2020-10-06T06:35:37.231+0000][36436][gc           ] GC(347) Concurrent Cycle 241.990ms
[2020-10-06T06:35:37.435+0000][36436][gc,start     ] GC(348) Pause Young (Concurrent Start) (G1 Humongous Allocation)
[2020-10-06T06:35:37.435+0000][36436][gc,task      ] GC(348) Using 8 workers of 8 for evacuation
[2020-10-06T06:35:37.435+0000][36436][gc,age       ] GC(348) Desired survivor size 33554432 bytes, new threshold 15 (max threshold 15)
[2020-10-06T06:35:37.440+0000][36436][gc,age       ] GC(348) Age table with threshold 15 (max threshold 15)
[2020-10-06T06:35:37.440+0000][36436][gc,age       ] GC(348) - age   1:    2158968 bytes,    2158968 total
[2020-10-06T06:35:37.440+0000][36436][gc,age       ] GC(348) - age   2:      11992 bytes,    2170960 total
[2020-10-06T06:35:37.440+0000][36436][gc,age       ] GC(348) - age   3:      39256 bytes,    2210216 total
[2020-10-06T06:35:37.440+0000][36436][gc,age       ] GC(348) - age   4:      13784 bytes,    2224000 total
[2020-10-06T06:35:37.440+0000][36436][gc,age       ] GC(348) - age   5:      19464 bytes,    2243464 total
[2020-10-06T06:35:37.440+0000][36436][gc,age       ] GC(348) - age   6:        640 bytes,    2244104 total
[2020-10-06T06:35:37.440+0000][36436][gc,age       ] GC(348) - age   7:      12696 bytes,    2256800 total
[2020-10-06T06:35:37.440+0000][36436][gc,age       ] GC(348) - age   8:        664 bytes,    2257464 total
[2020-10-06T06:35:37.440+0000][36436][gc,age       ] GC(348) - age   9:       6992 bytes,    2264456 total
[2020-10-06T06:35:37.440+0000][36436][gc,age       ] GC(348) - age  10:      19856 bytes,    2284312 total
[2020-10-06T06:35:37.440+0000][36436][gc,age       ] GC(348) - age  11:        704 bytes,    2285016 total
[2020-10-06T06:35:37.441+0000][36436][gc,age       ] GC(348) - age  12:       1000 bytes,    2286016 total
[2020-10-06T06:35:37.441+0000][36436][gc,age       ] GC(348) - age  13:     100072 bytes,    2386088 total
[2020-10-06T06:35:37.441+0000][36436][gc,age       ] GC(348) - age  14:        800 bytes,    2386888 total
[2020-10-06T06:35:37.441+0000][36436][gc,age       ] GC(348) - age  15:        288 bytes,    2387176 total
[2020-10-06T06:35:37.441+0000][36436][gc,phases    ] GC(348)   Pre Evacuate Collection Set: 0.4ms
[2020-10-06T06:35:37.441+0000][36436][gc,phases    ] GC(348)   Merge Heap Roots: 0.1ms
[2020-10-06T06:35:37.441+0000][36436][gc,phases    ] GC(348)   Evacuate Collection Set: 3.0ms
[2020-10-06T06:35:37.441+0000][36436][gc,phases    ] GC(348)   Post Evacuate Collection Set: 0.9ms
[2020-10-06T06:35:37.441+0000][36436][gc,phases    ] GC(348)   Other: 1.3ms
[2020-10-06T06:35:37.441+0000][36436][gc,heap      ] GC(348) Eden regions: 45->0(507)
[2020-10-06T06:35:37.441+0000][36436][gc,heap      ] GC(348) Survivor regions: 1->3(64)
[2020-10-06T06:35:37.441+0000][36436][gc,heap      ] GC(348) Old regions: 79->79
[2020-10-06T06:35:37.441+0000][36436][gc,heap      ] GC(348) Archive regions: 0->0
[2020-10-06T06:35:37.441+0000][36436][gc,heap      ] GC(348) Humongous regions: 228->174
[2020-10-06T06:35:37.441+0000][36436][gc,metaspace ] GC(348) Metaspace: 89704K(95740K)->89704K(95740K) NonClass: 78415K(82044K)->78415K(82044K) Class: 11288K(13696K)->11288K(13696K)
[2020-10-06T06:35:37.441+0000][36436][gc           ] GC(348) Pause Young (Concurrent Start) (G1 Humongous Allocation) 352M->255M(1024M) 6.111ms
[2020-10-06T06:35:37.441+0000][36436][gc,cpu       ] GC(348) User=0.00s Sys=0.00s Real=0.01s
[2020-10-06T06:35:37.441+0000][36436][gc           ] GC(349) Concurrent Cycle
[2020-10-06T06:35:37.441+0000][36436][safepoint    ] Safepoint "G1TryInitiateConcMark", Time since last: 206469600 ns, Reaching safepoint: 193900 ns, At safepoint: 6342300 ns, Total: 6536200 ns
[2020-10-06T06:35:37.441+0000][36436][gc,marking   ] GC(349) Concurrent Clear Claimed Marks
[2020-10-06T06:35:37.442+0000][36436][gc,marking   ] GC(349) Concurrent Clear Claimed Marks 0.737ms
[2020-10-06T06:35:37.442+0000][36436][gc,marking   ] GC(349) Concurrent Scan Root Regions
[2020-10-06T06:35:37.446+0000][36436][gc,marking   ] GC(349) Concurrent Scan Root Regions 2.751ms
[2020-10-06T06:35:37.446+0000][36436][gc,marking   ] GC(349) Concurrent Mark (9007.644s)
[2020-10-06T06:35:37.446+0000][36436][gc,marking   ] GC(349) Concurrent Mark From Roots
[2020-10-06T06:35:37.446+0000][36436][gc,task      ] GC(349) Using 2 workers of 2 for marking
[2020-10-06T06:35:37.545+0000][36436][gc,marking   ] GC(349) Concurrent Mark From Roots 99.423ms
[2020-10-06T06:35:37.546+0000][36436][gc,marking   ] GC(349) Concurrent Preclean
[2020-10-06T06:35:37.546+0000][36436][gc,marking   ] GC(349) Concurrent Preclean 0.615ms
[2020-10-06T06:35:37.546+0000][36436][gc,marking   ] GC(349) Concurrent Mark (9007.644s, 9007.745s) 100.239ms
[2020-10-06T06:35:37.546+0000][36436][gc,start     ] GC(349) Pause Remark
[2020-10-06T06:35:37.553+0000][36436][gc           ] GC(349) Pause Remark 316M->316M(1024M) 6.328ms
[2020-10-06T06:35:37.553+0000][36436][gc,cpu       ] GC(349) User=0.11s Sys=0.00s Real=0.01s
[2020-10-06T06:35:37.553+0000][36436][safepoint    ] Safepoint "G1Concurrent", Time since last: 104173000 ns, Reaching safepoint: 149100 ns, At safepoint: 6530000 ns, Total: 6679100 ns
[2020-10-06T06:35:37.553+0000][36436][gc,marking   ] GC(349) Concurrent Rebuild Remembered Sets
[2020-10-06T06:35:37.620+0000][36436][gc,marking   ] GC(349) Concurrent Rebuild Remembered Sets 66.849ms
[2020-10-06T06:35:37.620+0000][36436][gc,start     ] GC(349) Pause Cleanup
[2020-10-06T06:35:37.620+0000][36436][gc           ] GC(349) Pause Cleanup 318M->318M(1024M) 0.298ms
[2020-10-06T06:35:37.621+0000][36436][gc,cpu       ] GC(349) User=0.00s Sys=0.00s Real=0.00s
[2020-10-06T06:35:37.621+0000][36436][safepoint    ] Safepoint "G1Concurrent", Time since last: 67040200 ns, Reaching safepoint: 158900 ns, At safepoint: 450800 ns, Total: 609700 ns
[2020-10-06T06:35:37.621+0000][36436][gc,marking   ] GC(349) Concurrent Cleanup for Next Mark
[2020-10-06T06:35:37.622+0000][36436][gc,marking   ] GC(349) Concurrent Cleanup for Next Mark 1.791ms
[2020-10-06T06:35:37.623+0000][36436][gc           ] GC(349) Concurrent Cycle 180.557ms
[2020-10-06T06:35:37.648+0000][36436][gc,start     ] GC(350) Pause Young (Concurrent Start) (G1 Humongous Allocation)
[2020-10-06T06:35:37.648+0000][36436][gc,task      ] GC(350) Using 8 workers of 8 for evacuation
[2020-10-06T06:35:37.648+0000][36436][gc,age       ] GC(350) Desired survivor size 33554432 bytes, new threshold 15 (max threshold 15)
[2020-10-06T06:35:37.652+0000][36436][gc,age       ] GC(350) Age table with threshold 15 (max threshold 15)
[2020-10-06T06:35:37.652+0000][36436][gc,age       ] GC(350) - age   1:    2259744 bytes,    2259744 total
[2020-10-06T06:35:37.652+0000][36436][gc,age       ] GC(350) - age   2:       6920 bytes,    2266664 total
[2020-10-06T06:35:37.652+0000][36436][gc,age       ] GC(350) - age   3:      11040 bytes,    2277704 total
[2020-10-06T06:35:37.652+0000][36436][gc,age       ] GC(350) - age   4:      38960 bytes,    2316664 total
[2020-10-06T06:35:37.652+0000][36436][gc,age       ] GC(350) - age   5:      11152 bytes,    2327816 total
[2020-10-06T06:35:37.652+0000][36436][gc,age       ] GC(350) - age   6:      19176 bytes,    2346992 total
[2020-10-06T06:35:37.652+0000][36436][gc,age       ] GC(350) - age   7:        640 bytes,    2347632 total
[2020-10-06T06:35:37.652+0000][36436][gc,age       ] GC(350) - age   8:      12600 bytes,    2360232 total
[2020-10-06T06:35:37.652+0000][36436][gc,age       ] GC(350) - age   9:        664 bytes,    2360896 total
[2020-10-06T06:35:37.652+0000][36436][gc,age       ] GC(350) - age  10:       6992 bytes,    2367888 total
[2020-10-06T06:35:37.652+0000][36436][gc,age       ] GC(350) - age  11:      19824 bytes,    2387712 total
[2020-10-06T06:35:37.652+0000][36436][gc,age       ] GC(350) - age  12:        704 bytes,    2388416 total
[2020-10-06T06:35:37.652+0000][36436][gc,age       ] GC(350) - age  13:       1000 bytes,    2389416 total
[2020-10-06T06:35:37.652+0000][36436][gc,age       ] GC(350) - age  14:     100072 bytes,    2489488 total
[2020-10-06T06:35:37.652+0000][36436][gc,age       ] GC(350) - age  15:        800 bytes,    2490288 total
[2020-10-06T06:35:37.652+0000][36436][gc,phases    ] GC(350)   Pre Evacuate Collection Set: 0.4ms
[2020-10-06T06:35:37.652+0000][36436][gc,phases    ] GC(350)   Merge Heap Roots: 0.1ms
[2020-10-06T06:35:37.653+0000][36436][gc,phases    ] GC(350)   Evacuate Collection Set: 2.0ms
[2020-10-06T06:35:37.653+0000][36436][gc,phases    ] GC(350)   Post Evacuate Collection Set: 0.7ms
[2020-10-06T06:35:37.653+0000][36436][gc,phases    ] GC(350)   Other: 1.0ms
[2020-10-06T06:35:37.653+0000][36436][gc,heap      ] GC(350) Eden regions: 31->0(506)
[2020-10-06T06:35:37.653+0000][36436][gc,heap      ] GC(350) Survivor regions: 3->3(64)
[2020-10-06T06:35:37.653+0000][36436][gc,heap      ] GC(350) Old regions: 79->79
[2020-10-06T06:35:37.653+0000][36436][gc,heap      ] GC(350) Archive regions: 0->0
[2020-10-06T06:35:37.653+0000][36436][gc,heap      ] GC(350) Humongous regions: 228->174
[2020-10-06T06:35:37.653+0000][36436][gc,metaspace ] GC(350) Metaspace: 89704K(95740K)->89704K(95740K) NonClass: 78415K(82044K)->78415K(82044K) Class: 11288K(13696K)->11288K(13696K)
[2020-10-06T06:35:37.653+0000][36436][gc           ] GC(350) Pause Young (Concurrent Start) (G1 Humongous Allocation) 340M->255M(1024M) 4.561ms
[2020-10-06T06:35:37.653+0000][36436][gc,cpu       ] GC(350) User=0.00s Sys=0.00s Real=0.01s
[2020-10-06T06:35:37.653+0000][36436][safepoint    ] Safepoint "G1TryInitiateConcMark", Time since last: 27956200 ns, Reaching safepoint: 196800 ns, At safepoint: 4738900 ns, Total: 4935700 ns
[2020-10-06T06:35:37.653+0000][36436][gc           ] GC(351) Concurrent Cycle
[2020-10-06T06:35:37.653+0000][36436][gc,marking   ] GC(351) Concurrent Clear Claimed Marks
[2020-10-06T06:35:37.653+0000][36436][gc,marking   ] GC(351) Concurrent Clear Claimed Marks 0.399ms
[2020-10-06T06:35:37.654+0000][36436][gc,marking   ] GC(351) Concurrent Scan Root Regions
[2020-10-06T06:35:37.657+0000][36436][gc,marking   ] GC(351) Concurrent Scan Root Regions 2.360ms
[2020-10-06T06:35:37.657+0000][36436][gc,marking   ] GC(351) Concurrent Mark (9007.855s)
[2020-10-06T06:35:37.657+0000][36436][gc,marking   ] GC(351) Concurrent Mark From Roots
[2020-10-06T06:35:37.657+0000][36436][gc,task      ] GC(351) Using 2 workers of 2 for marking
[2020-10-06T06:35:37.764+0000][36436][gc,marking   ] GC(351) Concurrent Mark From Roots 108.424ms
[2020-10-06T06:35:37.765+0000][36436][gc,marking   ] GC(351) Concurrent Preclean
[2020-10-06T06:35:37.765+0000][36436][gc,marking   ] GC(351) Concurrent Preclean 0.557ms
[2020-10-06T06:35:37.765+0000][36436][gc,marking   ] GC(351) Concurrent Mark (9007.855s, 9007.964s) 109.201ms
[2020-10-06T06:35:37.765+0000][36436][gc,start     ] GC(351) Pause Remark
[2020-10-06T06:35:37.772+0000][36436][gc           ] GC(351) Pause Remark 319M->319M(1024M) 6.932ms
[2020-10-06T06:35:37.772+0000][36436][gc,cpu       ] GC(351) User=0.11s Sys=0.00s Real=0.01s
[2020-10-06T06:35:37.773+0000][36436][safepoint    ] Safepoint "G1Concurrent", Time since last: 112309200 ns, Reaching safepoint: 132200 ns, At safepoint: 7165400 ns, Total: 7297600 ns
[2020-10-06T06:35:37.773+0000][36436][gc,marking   ] GC(351) Concurrent Rebuild Remembered Sets
[2020-10-06T06:35:37.842+0000][36436][gc,marking   ] GC(351) Concurrent Rebuild Remembered Sets 69.142ms
[2020-10-06T06:35:37.842+0000][36436][gc,start     ] GC(351) Pause Cleanup
[2020-10-06T06:35:37.842+0000][36436][gc           ] GC(351) Pause Cleanup 451M->451M(1024M) 0.250ms
[2020-10-06T06:35:37.842+0000][36436][gc,cpu       ] GC(351) User=0.00s Sys=0.00s Real=0.00s
[2020-10-06T06:35:37.842+0000][36436][safepoint    ] Safepoint "G1Concurrent", Time since last: 69367900 ns, Reaching safepoint: 141000 ns, At safepoint: 396600 ns, Total: 537600 ns
[2020-10-06T06:35:37.843+0000][36436][gc,marking   ] GC(351) Concurrent Cleanup for Next Mark
[2020-10-06T06:35:37.844+0000][36436][gc,marking   ] GC(351) Concurrent Cleanup for Next Mark 1.452ms
[2020-10-06T06:35:37.844+0000][36436][gc           ] GC(351) Concurrent Cycle 191.154ms
[2020-10-06T06:35:37.870+0000][36436][gc,start     ] GC(352) Pause Young (Concurrent Start) (G1 Humongous Allocation)
[2020-10-06T06:35:37.870+0000][36436][gc,task      ] GC(352) Using 8 workers of 8 for evacuation
[2020-10-06T06:35:37.870+0000][36436][gc,age       ] GC(352) Desired survivor size 33554432 bytes, new threshold 15 (max threshold 15)
[2020-10-06T06:35:37.874+0000][36436][gc,age       ] GC(352) Age table with threshold 15 (max threshold 15)
[2020-10-06T06:35:37.874+0000][36436][gc,age       ] GC(352) - age   1:    1199432 bytes,    1199432 total
[2020-10-06T06:35:37.874+0000][36436][gc,age       ] GC(352) - age   2:       4256 bytes,    1203688 total
[2020-10-06T06:35:37.874+0000][36436][gc,age       ] GC(352) - age   3:       5968 bytes,    1209656 total
[2020-10-06T06:35:37.874+0000][36436][gc,age       ] GC(352) - age   4:       9408 bytes,    1219064 total
[2020-10-06T06:35:37.874+0000][36436][gc,age       ] GC(352) - age   5:      38896 bytes,    1257960 total
[2020-10-06T06:35:37.874+0000][36436][gc,age       ] GC(352) - age   6:       8024 bytes,    1265984 total
[2020-10-06T06:35:37.874+0000][36436][gc,age       ] GC(352) - age   7:      19144 bytes,    1285128 total
[2020-10-06T06:35:37.874+0000][36436][gc,age       ] GC(352) - age   8:        640 bytes,    1285768 total
[2020-10-06T06:35:37.874+0000][36436][gc,age       ] GC(352) - age   9:      12600 bytes,    1298368 total
[2020-10-06T06:35:37.874+0000][36436][gc,age       ] GC(352) - age  10:        664 bytes,    1299032 total
[2020-10-06T06:35:37.874+0000][36436][gc,age       ] GC(352) - age  11:       6992 bytes,    1306024 total
[2020-10-06T06:35:37.874+0000][36436][gc,age       ] GC(352) - age  12:      19792 bytes,    1325816 total
[2020-10-06T06:35:37.874+0000][36436][gc,age       ] GC(352) - age  13:        672 bytes,    1326488 total
[2020-10-06T06:35:37.874+0000][36436][gc,age       ] GC(352) - age  14:        936 bytes,    1327424 total
[2020-10-06T06:35:37.875+0000][36436][gc,age       ] GC(352) - age  15:     100040 bytes,    1427464 total
[2020-10-06T06:35:37.875+0000][36436][gc,phases    ] GC(352)   Pre Evacuate Collection Set: 0.5ms
[2020-10-06T06:35:37.875+0000][36436][gc,phases    ] GC(352)   Merge Heap Roots: 0.1ms
[2020-10-06T06:35:37.875+0000][36436][gc,phases    ] GC(352)   Evacuate Collection Set: 2.2ms
[2020-10-06T06:35:37.875+0000][36436][gc,phases    ] GC(352)   Post Evacuate Collection Set: 0.8ms
[2020-10-06T06:35:37.875+0000][36436][gc,phases    ] GC(352)   Other: 1.3ms
[2020-10-06T06:35:37.875+0000][36436][gc,heap      ] GC(352) Eden regions: 63->0(508)
[2020-10-06T06:35:37.875+0000][36436][gc,heap      ] GC(352) Survivor regions: 3->2(64)
[2020-10-06T06:35:37.875+0000][36436][gc,heap      ] GC(352) Old regions: 79->79
[2020-10-06T06:35:37.875+0000][36436][gc,heap      ] GC(352) Archive regions: 0->0
[2020-10-06T06:35:37.875+0000][36436][gc,heap      ] GC(352) Humongous regions: 320->174
[2020-10-06T06:35:37.875+0000][36436][gc,metaspace ] GC(352) Metaspace: 89704K(95740K)->89704K(95740K) NonClass: 78415K(82044K)->78415K(82044K) Class: 11288K(13696K)->11288K(13696K)
[2020-10-06T06:35:37.875+0000][36436][gc           ] GC(352) Pause Young (Concurrent Start) (G1 Humongous Allocation) 463M->254M(1024M) 5.347ms
[2020-10-06T06:35:37.875+0000][36436][gc,cpu       ] GC(352) User=0.00s Sys=0.00s Real=0.01s
[2020-10-06T06:35:37.875+0000][36436][gc           ] GC(353) Concurrent Cycle
[2020-10-06T06:35:37.875+0000][36436][safepoint    ] Safepoint "G1TryInitiateConcMark", Time since last: 27074400 ns, Reaching safepoint: 197700 ns, At safepoint: 5522300 ns, Total: 5720000 ns
[2020-10-06T06:35:37.875+0000][36436][gc,marking   ] GC(353) Concurrent Clear Claimed Marks
[2020-10-06T06:35:37.876+0000][36436][gc,marking   ] GC(353) Concurrent Clear Claimed Marks 0.821ms
[2020-10-06T06:35:37.876+0000][36436][gc,marking   ] GC(353) Concurrent Scan Root Regions
[2020-10-06T06:35:37.878+0000][36436][gc,marking   ] GC(353) Concurrent Scan Root Regions 1.917ms
[2020-10-06T06:35:37.878+0000][36436][gc,marking   ] GC(353) Concurrent Mark (9008.077s)
[2020-10-06T06:35:37.878+0000][36436][gc,marking   ] GC(353) Concurrent Mark From Roots
[2020-10-06T06:35:37.878+0000][36436][gc,task      ] GC(353) Using 2 workers of 2 for marking
[2020-10-06T06:35:38.007+0000][36436][gc,marking   ] GC(353) Concurrent Mark From Roots 128.227ms
[2020-10-06T06:35:38.007+0000][36436][gc,marking   ] GC(353) Concurrent Preclean
[2020-10-06T06:35:38.007+0000][36436][gc,marking   ] GC(353) Concurrent Preclean 0.763ms
[2020-10-06T06:35:38.008+0000][36436][gc,marking   ] GC(353) Concurrent Mark (9008.077s, 9008.207s) 129.240ms
[2020-10-06T06:35:38.008+0000][36436][gc,start     ] GC(353) Pause Remark
[2020-10-06T06:35:38.015+0000][36436][gc           ] GC(353) Pause Remark 284M->284M(1024M) 7.264ms
[2020-10-06T06:35:38.015+0000][36436][gc,cpu       ] GC(353) User=0.00s Sys=0.00s Real=0.01s
[2020-10-06T06:35:38.015+0000][36436][safepoint    ] Safepoint "G1Concurrent", Time since last: 132351200 ns, Reaching safepoint: 235200 ns, At safepoint: 7526300 ns, Total: 7761500 ns
[2020-10-06T06:35:38.015+0000][36436][gc,marking   ] GC(353) Concurrent Rebuild Remembered Sets
[2020-10-06T06:35:38.098+0000][36436][gc,marking   ] GC(353) Concurrent Rebuild Remembered Sets 81.852ms
[2020-10-06T06:35:38.098+0000][36436][gc,start     ] GC(353) Pause Cleanup
[2020-10-06T06:35:38.098+0000][36436][gc           ] GC(353) Pause Cleanup 351M->351M(1024M) 0.355ms
[2020-10-06T06:35:38.098+0000][36436][gc,cpu       ] GC(353) User=0.00s Sys=0.00s Real=0.00s
[2020-10-06T06:35:38.099+0000][36436][safepoint    ] Safepoint "G1Concurrent", Time since last: 82051400 ns, Reaching safepoint: 141100 ns, At safepoint: 525800 ns, Total: 666900 ns
[2020-10-06T06:35:38.099+0000][36436][gc,marking   ] GC(353) Concurrent Cleanup for Next Mark
[2020-10-06T06:35:38.100+0000][36436][gc,marking   ] GC(353) Concurrent Cleanup for Next Mark 1.673ms
[2020-10-06T06:35:38.100+0000][36436][gc           ] GC(353) Concurrent Cycle 224.672ms
[2020-10-06T06:35:38.160+0000][36436][gc,start     ] GC(354) Pause Young (Concurrent Start) (G1 Humongous Allocation)
[2020-10-06T06:35:38.160+0000][36436][gc,task      ] GC(354) Using 8 workers of 8 for evacuation
[2020-10-06T06:35:38.160+0000][36436][gc,age       ] GC(354) Desired survivor size 33554432 bytes, new threshold 15 (max threshold 15)
[2020-10-06T06:35:38.163+0000][36436][gc,age       ] GC(354) Age table with threshold 15 (max threshold 15)
[2020-10-06T06:35:38.163+0000][36436][gc,age       ] GC(354) - age   1:    2843912 bytes,    2843912 total
[2020-10-06T06:35:38.163+0000][36436][gc,age       ] GC(354) - age   2:      10944 bytes,    2854856 total
[2020-10-06T06:35:38.163+0000][36436][gc,age       ] GC(354) - age   3:       1240 bytes,    2856096 total
[2020-10-06T06:35:38.163+0000][36436][gc,age       ] GC(354) - age   4:       5776 bytes,    2861872 total
[2020-10-06T06:35:38.163+0000][36436][gc,age       ] GC(354) - age   5:       9184 bytes,    2871056 total
[2020-10-06T06:35:38.163+0000][36436][gc,age       ] GC(354) - age   6:      38768 bytes,    2909824 total
[2020-10-06T06:35:38.163+0000][36436][gc,age       ] GC(354) - age   7:       8024 bytes,    2917848 total
[2020-10-06T06:35:38.163+0000][36436][gc,age       ] GC(354) - age   8:      18664 bytes,    2936512 total
[2020-10-06T06:35:38.163+0000][36436][gc,age       ] GC(354) - age   9:        640 bytes,    2937152 total
[2020-10-06T06:35:38.163+0000][36436][gc,age       ] GC(354) - age  10:      12600 bytes,    2949752 total
[2020-10-06T06:35:38.163+0000][36436][gc,age       ] GC(354) - age  11:        664 bytes,    2950416 total
[2020-10-06T06:35:38.163+0000][36436][gc,age       ] GC(354) - age  12:       6992 bytes,    2957408 total
[2020-10-06T06:35:38.163+0000][36436][gc,age       ] GC(354) - age  13:      19792 bytes,    2977200 total
[2020-10-06T06:35:38.163+0000][36436][gc,age       ] GC(354) - age  14:        672 bytes,    2977872 total
[2020-10-06T06:35:38.163+0000][36436][gc,age       ] GC(354) - age  15:        808 bytes,    2978680 total
[2020-10-06T06:35:38.163+0000][36436][gc,phases    ] GC(354)   Pre Evacuate Collection Set: 0.4ms
[2020-10-06T06:35:38.164+0000][36436][gc,phases    ] GC(354)   Merge Heap Roots: 0.1ms
[2020-10-06T06:35:38.164+0000][36436][gc,phases    ] GC(354)   Evacuate Collection Set: 2.1ms
[2020-10-06T06:35:38.164+0000][36436][gc,phases    ] GC(354)   Post Evacuate Collection Set: 0.6ms
[2020-10-06T06:35:38.164+0000][36436][gc,phases    ] GC(354)   Other: 0.8ms
[2020-10-06T06:35:38.164+0000][36436][gc,heap      ] GC(354) Eden regions: 45->0(506)
[2020-10-06T06:35:38.164+0000][36436][gc,heap      ] GC(354) Survivor regions: 2->3(64)
[2020-10-06T06:35:38.164+0000][36436][gc,heap      ] GC(354) Old regions: 79->79
[2020-10-06T06:35:38.164+0000][36436][gc,heap      ] GC(354) Archive regions: 0->0
[2020-10-06T06:35:38.164+0000][36436][gc,heap      ] GC(354) Humongous regions: 234->174
[2020-10-06T06:35:38.164+0000][36436][gc,metaspace ] GC(354) Metaspace: 89729K(95740K)->89729K(95740K) NonClass: 78439K(82044K)->78439K(82044K) Class: 11289K(13696K)->11289K(13696K)
[2020-10-06T06:35:38.164+0000][36436][gc           ] GC(354) Pause Young (Concurrent Start) (G1 Humongous Allocation) 359M->255M(1024M) 4.334ms
[2020-10-06T06:35:38.164+0000][36436][gc,cpu       ] GC(354) User=0.13s Sys=0.00s Real=0.01s
[2020-10-06T06:35:38.164+0000][36436][gc           ] GC(355) Concurrent Cycle
[2020-10-06T06:35:38.164+0000][36436][safepoint    ] Safepoint "G1TryInitiateConcMark", Time since last: 61276000 ns, Reaching safepoint: 160200 ns, At safepoint: 4487700 ns, Total: 4647900 ns
[2020-10-06T06:35:38.164+0000][36436][gc,marking   ] GC(355) Concurrent Clear Claimed Marks
[2020-10-06T06:35:38.164+0000][36436][gc,marking   ] GC(355) Concurrent Clear Claimed Marks 0.479ms
[2020-10-06T06:35:38.165+0000][36436][gc,marking   ] GC(355) Concurrent Scan Root Regions
[2020-10-06T06:35:38.167+0000][36436][gc,marking   ] GC(355) Concurrent Scan Root Regions 1.948ms
[2020-10-06T06:35:38.167+0000][36436][gc,marking   ] GC(355) Concurrent Mark (9008.366s)
[2020-10-06T06:35:38.167+0000][36436][gc,marking   ] GC(355) Concurrent Mark From Roots
[2020-10-06T06:35:38.167+0000][36436][gc,task      ] GC(355) Using 2 workers of 2 for marking
[2020-10-06T06:35:38.276+0000][36436][gc,marking   ] GC(355) Concurrent Mark From Roots 109.288ms
[2020-10-06T06:35:38.276+0000][36436][gc,marking   ] GC(355) Concurrent Preclean
[2020-10-06T06:35:38.277+0000][36436][gc,marking   ] GC(355) Concurrent Preclean 0.594ms
[2020-10-06T06:35:38.277+0000][36436][gc,marking   ] GC(355) Concurrent Mark (9008.366s, 9008.476s) 110.053ms
[2020-10-06T06:35:38.277+0000][36436][gc,start     ] GC(355) Pause Remark
[2020-10-06T06:35:38.284+0000][36436][gc           ] GC(355) Pause Remark 375M->375M(1024M) 6.659ms
[2020-10-06T06:35:38.285+0000][36436][gc,cpu       ] GC(355) User=0.00s Sys=0.00s Real=0.01s
[2020-10-06T06:35:38.285+0000][36436][safepoint    ] Safepoint "G1Concurrent", Time since last: 112845200 ns, Reaching safepoint: 156200 ns, At safepoint: 6951200 ns, Total: 7107400 ns
[2020-10-06T06:35:38.285+0000][36436][gc,marking   ] GC(355) Concurrent Rebuild Remembered Sets
[2020-10-06T06:35:38.383+0000][36436][gc,marking   ] GC(355) Concurrent Rebuild Remembered Sets 98.253ms
[2020-10-06T06:35:38.383+0000][36436][gc,start     ] GC(355) Pause Cleanup
[2020-10-06T06:35:38.384+0000][36436][gc           ] GC(355) Pause Cleanup 721M->721M(1024M) 0.317ms
[2020-10-06T06:35:38.384+0000][36436][gc,cpu       ] GC(355) User=0.00s Sys=0.00s Real=0.00s
[2020-10-06T06:35:38.384+0000][36436][safepoint    ] Safepoint "G1Concurrent", Time since last: 98458700 ns, Reaching safepoint: 140700 ns, At safepoint: 497200 ns, Total: 637900 ns
[2020-10-06T06:35:38.384+0000][36436][gc,marking   ] GC(355) Concurrent Cleanup for Next Mark
[2020-10-06T06:35:38.386+0000][36436][gc,marking   ] GC(355) Concurrent Cleanup for Next Mark 1.683ms
[2020-10-06T06:35:38.386+0000][36436][gc           ] GC(355) Concurrent Cycle 220.930ms
[2020-10-06T06:35:38.401+0000][36436][gc,start     ] GC(356) Pause Young (Concurrent Start) (G1 Humongous Allocation)
[2020-10-06T06:35:38.401+0000][36436][gc,task      ] GC(356) Using 8 workers of 8 for evacuation
[2020-10-06T06:35:38.401+0000][36436][gc,age       ] GC(356) Desired survivor size 33554432 bytes, new threshold 15 (max threshold 15)
[2020-10-06T06:35:38.405+0000][36436][gc,age       ] GC(356) Age table with threshold 15 (max threshold 15)
[2020-10-06T06:35:38.405+0000][36436][gc,age       ] GC(356) - age   1:    3607288 bytes,    3607288 total
[2020-10-06T06:35:38.405+0000][36436][gc,age       ] GC(356) - age   2:      30384 bytes,    3637672 total
[2020-10-06T06:35:38.405+0000][36436][gc,age       ] GC(356) - age   3:       9312 bytes,    3646984 total
[2020-10-06T06:35:38.405+0000][36436][gc,age       ] GC(356) - age   4:       1080 bytes,    3648064 total
[2020-10-06T06:35:38.405+0000][36436][gc,age       ] GC(356) - age   5:       5184 bytes,    3653248 total
[2020-10-06T06:35:38.405+0000][36436][gc,age       ] GC(356) - age   6:       8864 bytes,    3662112 total
[2020-10-06T06:35:38.405+0000][36436][gc,age       ] GC(356) - age   7:      38736 bytes,    3700848 total
[2020-10-06T06:35:38.405+0000][36436][gc,age       ] GC(356) - age   8:       8024 bytes,    3708872 total
[2020-10-06T06:35:38.405+0000][36436][gc,age       ] GC(356) - age   9:      18664 bytes,    3727536 total
[2020-10-06T06:35:38.405+0000][36436][gc,age       ] GC(356) - age  10:        640 bytes,    3728176 total
[2020-10-06T06:35:38.405+0000][36436][gc,age       ] GC(356) - age  11:      12568 bytes,    3740744 total
[2020-10-06T06:35:38.405+0000][36436][gc,age       ] GC(356) - age  12:        600 bytes,    3741344 total
[2020-10-06T06:35:38.405+0000][36436][gc,age       ] GC(356) - age  13:       6992 bytes,    3748336 total
[2020-10-06T06:35:38.405+0000][36436][gc,age       ] GC(356) - age  14:      19648 bytes,    3767984 total
[2020-10-06T06:35:38.405+0000][36436][gc,age       ] GC(356) - age  15:        672 bytes,    3768656 total
[2020-10-06T06:35:38.405+0000][36436][gc,phases    ] GC(356)   Pre Evacuate Collection Set: 0.4ms
[2020-10-06T06:35:38.405+0000][36436][gc,phases    ] GC(356)   Merge Heap Roots: 0.1ms
[2020-10-06T06:35:38.405+0000][36436][gc,phases    ] GC(356)   Evacuate Collection Set: 2.4ms
[2020-10-06T06:35:38.405+0000][36436][gc,phases    ] GC(356)   Post Evacuate Collection Set: 0.9ms
[2020-10-06T06:35:38.405+0000][36436][gc,phases    ] GC(356)   Other: 0.9ms
[2020-10-06T06:35:38.405+0000][36436][gc,heap      ] GC(356) Eden regions: 130->0(502)
[2020-10-06T06:35:38.405+0000][36436][gc,heap      ] GC(356) Survivor regions: 3->4(64)
[2020-10-06T06:35:38.406+0000][36436][gc,heap      ] GC(356) Old regions: 79->79
[2020-10-06T06:35:38.406+0000][36436][gc,heap      ] GC(356) Archive regions: 0->0
[2020-10-06T06:35:38.406+0000][36436][gc,heap      ] GC(356) Humongous regions: 518->174
[2020-10-06T06:35:38.406+0000][36436][gc,metaspace ] GC(356) Metaspace: 89729K(95740K)->89729K(95740K) NonClass: 78440K(82044K)->78440K(82044K) Class: 11289K(13696K)->11289K(13696K)
[2020-10-06T06:35:38.406+0000][36436][gc           ] GC(356) Pause Young (Concurrent Start) (G1 Humongous Allocation) 729M->256M(1024M) 5.042ms
[2020-10-06T06:35:38.406+0000][36436][gc,cpu       ] GC(356) User=0.00s Sys=0.00s Real=0.00s
[2020-10-06T06:35:38.406+0000][36436][gc           ] GC(357) Concurrent Cycle
[2020-10-06T06:35:38.406+0000][36436][safepoint    ] Safepoint "G1TryInitiateConcMark", Time since last: 16758100 ns, Reaching safepoint: 163000 ns, At safepoint: 5225700 ns, Total: 5388700 ns
[2020-10-06T06:35:38.406+0000][36436][gc,marking   ] GC(357) Concurrent Clear Claimed Marks
[2020-10-06T06:35:38.406+0000][36436][gc,marking   ] GC(357) Concurrent Clear Claimed Marks 0.492ms
[2020-10-06T06:35:38.406+0000][36436][gc,marking   ] GC(357) Concurrent Scan Root Regions
[2020-10-06T06:35:38.409+0000][36436][gc,marking   ] GC(357) Concurrent Scan Root Regions 2.346ms
[2020-10-06T06:35:38.409+0000][36436][gc,marking   ] GC(357) Concurrent Mark (9008.607s)
[2020-10-06T06:35:38.409+0000][36436][gc,marking   ] GC(357) Concurrent Mark From Roots
[2020-10-06T06:35:38.409+0000][36436][gc,task      ] GC(357) Using 2 workers of 2 for marking
[2020-10-06T06:35:38.532+0000][36436][gc,marking   ] GC(357) Concurrent Mark From Roots 123.514ms
[2020-10-06T06:35:38.532+0000][36436][gc,marking   ] GC(357) Concurrent Preclean
[2020-10-06T06:35:38.533+0000][36436][gc,marking   ] GC(357) Concurrent Preclean 0.554ms
[2020-10-06T06:35:38.533+0000][36436][gc,marking   ] GC(357) Concurrent Mark (9008.607s, 9008.732s) 124.213ms
[2020-10-06T06:35:38.533+0000][36436][gc,start     ] GC(357) Pause Remark
[2020-10-06T06:35:38.540+0000][36436][gc           ] GC(357) Pause Remark 460M->460M(1024M) 7.431ms
[2020-10-06T06:35:38.540+0000][36436][gc,cpu       ] GC(357) User=0.13s Sys=0.00s Real=0.01s
[2020-10-06T06:35:38.540+0000][36436][safepoint    ] Safepoint "G1Concurrent", Time since last: 127420200 ns, Reaching safepoint: 172500 ns, At safepoint: 7679100 ns, Total: 7851600 ns
[2020-10-06T06:35:38.541+0000][36436][gc,marking   ] GC(357) Concurrent Rebuild Remembered Sets
[2020-10-06T06:35:38.614+0000][36436][gc,marking   ] GC(357) Concurrent Rebuild Remembered Sets 72.865ms
[2020-10-06T06:35:38.614+0000][36436][gc,start     ] GC(357) Pause Cleanup
[2020-10-06T06:35:38.615+0000][36436][gc           ] GC(357) Pause Cleanup 556M->556M(1024M) 0.331ms
[2020-10-06T06:35:38.615+0000][36436][gc,cpu       ] GC(357) User=0.00s Sys=0.00s Real=0.00s
[2020-10-06T06:35:38.615+0000][36436][safepoint    ] Safepoint "G1Concurrent", Time since last: 73117500 ns, Reaching safepoint: 166800 ns, At safepoint: 473500 ns, Total: 640300 ns
[2020-10-06T06:35:38.615+0000][36436][gc,marking   ] GC(357) Concurrent Cleanup for Next Mark
[2020-10-06T06:35:38.617+0000][36436][gc,marking   ] GC(357) Concurrent Cleanup for Next Mark 2.044ms
[2020-10-06T06:35:38.617+0000][36436][gc           ] GC(357) Concurrent Cycle 211.293ms
[2020-10-06T06:35:38.617+0000][36436][gc,start     ] GC(358) Pause Young (Concurrent Start) (G1 Humongous Allocation)
[2020-10-06T06:35:38.617+0000][36436][gc,task      ] GC(358) Using 8 workers of 8 for evacuation
[2020-10-06T06:35:38.617+0000][36436][gc,age       ] GC(358) Desired survivor size 33554432 bytes, new threshold 15 (max threshold 15)
[2020-10-06T06:35:38.621+0000][36436][gc,age       ] GC(358) Age table with threshold 15 (max threshold 15)
[2020-10-06T06:35:38.621+0000][36436][gc,age       ] GC(358) - age   1:    2852520 bytes,    2852520 total
[2020-10-06T06:35:38.621+0000][36436][gc,age       ] GC(358) - age   2:     411008 bytes,    3263528 total
[2020-10-06T06:35:38.621+0000][36436][gc,age       ] GC(358) - age   3:      30192 bytes,    3293720 total
[2020-10-06T06:35:38.621+0000][36436][gc,age       ] GC(358) - age   4:       9056 bytes,    3302776 total
[2020-10-06T06:35:38.621+0000][36436][gc,age       ] GC(358) - age   5:        560 bytes,    3303336 total
[2020-10-06T06:35:38.621+0000][36436][gc,age       ] GC(358) - age   6:       4928 bytes,    3308264 total
[2020-10-06T06:35:38.622+0000][36436][gc,age       ] GC(358) - age   7:       8736 bytes,    3317000 total
[2020-10-06T06:35:38.622+0000][36436][gc,age       ] GC(358) - age   8:      38608 bytes,    3355608 total
[2020-10-06T06:35:38.622+0000][36436][gc,age       ] GC(358) - age   9:       7960 bytes,    3363568 total
[2020-10-06T06:35:38.622+0000][36436][gc,age       ] GC(358) - age  10:      18664 bytes,    3382232 total
[2020-10-06T06:35:38.622+0000][36436][gc,age       ] GC(358) - age  11:        640 bytes,    3382872 total
[2020-10-06T06:35:38.622+0000][36436][gc,age       ] GC(358) - age  12:      12568 bytes,    3395440 total
[2020-10-06T06:35:38.622+0000][36436][gc,age       ] GC(358) - age  13:        512 bytes,    3395952 total
[2020-10-06T06:35:38.622+0000][36436][gc,age       ] GC(358) - age  14:       6928 bytes,    3402880 total
[2020-10-06T06:35:38.622+0000][36436][gc,age       ] GC(358) - age  15:      19648 bytes,    3422528 total
[2020-10-06T06:35:38.622+0000][36436][gc,phases    ] GC(358)   Pre Evacuate Collection Set: 0.4ms
[2020-10-06T06:35:38.622+0000][36436][gc,phases    ] GC(358)   Merge Heap Roots: 0.1ms
[2020-10-06T06:35:38.622+0000][36436][gc,phases    ] GC(358)   Evacuate Collection Set: 2.4ms
[2020-10-06T06:35:38.622+0000][36436][gc,phases    ] GC(358)   Post Evacuate Collection Set: 0.8ms
[2020-10-06T06:35:38.622+0000][36436][gc,phases    ] GC(358)   Other: 1.0ms
[2020-10-06T06:35:38.622+0000][36436][gc,heap      ] GC(358) Eden regions: 90->0(502)
[2020-10-06T06:35:38.622+0000][36436][gc,heap      ] GC(358) Survivor regions: 4->4(64)
[2020-10-06T06:35:38.622+0000][36436][gc,heap      ] GC(358) Old regions: 79->79
[2020-10-06T06:35:38.622+0000][36436][gc,heap      ] GC(358) Archive regions: 0->0
[2020-10-06T06:35:38.622+0000][36436][gc,heap      ] GC(358) Humongous regions: 402->174
[2020-10-06T06:35:38.622+0000][36436][gc,metaspace ] GC(358) Metaspace: 89729K(95740K)->89729K(95740K) NonClass: 78440K(82044K)->78440K(82044K) Class: 11289K(13696K)->11289K(13696K)
[2020-10-06T06:35:38.622+0000][36436][gc           ] GC(358) Pause Young (Concurrent Start) (G1 Humongous Allocation) 574M->256M(1024M) 5.188ms
[2020-10-06T06:35:38.623+0000][36436][gc,cpu       ] GC(358) User=0.00s Sys=0.00s Real=0.01s
[2020-10-06T06:35:38.623+0000][36436][safepoint    ] Safepoint "G1TryInitiateConcMark", Time since last: 2326500 ns, Reaching safepoint: 169700 ns, At safepoint: 5390200 ns, Total: 5559900 ns
[2020-10-06T06:35:38.623+0000][36436][gc           ] GC(359) Concurrent Cycle
[2020-10-06T06:35:38.623+0000][36436][gc,marking   ] GC(359) Concurrent Clear Claimed Marks
[2020-10-06T06:35:38.623+0000][36436][gc,marking   ] GC(359) Concurrent Clear Claimed Marks 0.393ms
[2020-10-06T06:35:38.623+0000][36436][gc,marking   ] GC(359) Concurrent Scan Root Regions
[2020-10-06T06:35:38.625+0000][36436][gc,marking   ] GC(359) Concurrent Scan Root Regions 2.303ms
[2020-10-06T06:35:38.626+0000][36436][gc,marking   ] GC(359) Concurrent Mark (9008.824s)
[2020-10-06T06:35:38.626+0000][36436][gc,marking   ] GC(359) Concurrent Mark From Roots
[2020-10-06T06:35:38.626+0000][36436][gc,task      ] GC(359) Using 2 workers of 2 for marking
[2020-10-06T06:35:38.739+0000][36436][gc,marking   ] GC(359) Concurrent Mark From Roots 113.741ms
[2020-10-06T06:35:38.739+0000][36436][gc,marking   ] GC(359) Concurrent Preclean
[2020-10-06T06:35:38.740+0000][36436][gc,marking   ] GC(359) Concurrent Preclean 0.622ms
[2020-10-06T06:35:38.740+0000][36436][gc,marking   ] GC(359) Concurrent Mark (9008.824s, 9008.939s) 114.539ms
[2020-10-06T06:35:38.740+0000][36436][gc,start     ] GC(359) Pause Remark
[2020-10-06T06:35:38.747+0000][36436][gc           ] GC(359) Pause Remark 426M->426M(1024M) 6.482ms
[2020-10-06T06:35:38.747+0000][36436][gc,cpu       ] GC(359) User=0.00s Sys=0.00s Real=0.01s
[2020-10-06T06:35:38.747+0000][36436][safepoint    ] Safepoint "G1Concurrent", Time since last: 117565300 ns, Reaching safepoint: 189900 ns, At safepoint: 6755700 ns, Total: 6945600 ns
[2020-10-06T06:35:38.747+0000][36436][gc,marking   ] GC(359) Concurrent Rebuild Remembered Sets
[2020-10-06T06:35:38.828+0000][36436][gc,marking   ] GC(359) Concurrent Rebuild Remembered Sets 80.958ms
[2020-10-06T06:35:38.828+0000][36436][gc,start     ] GC(359) Pause Cleanup
[2020-10-06T06:35:38.829+0000][36436][gc           ] GC(359) Pause Cleanup 504M->504M(1024M) 0.385ms
[2020-10-06T06:35:38.829+0000][36436][gc,cpu       ] GC(359) User=0.00s Sys=0.00s Real=0.00s
[2020-10-06T06:35:38.830+0000][36436][safepoint    ] Safepoint "G1Concurrent", Time since last: 81175400 ns, Reaching safepoint: 478200 ns, At safepoint: 2003200 ns, Total: 2481400 ns
[2020-10-06T06:35:38.831+0000][36436][gc,marking   ] GC(359) Concurrent Cleanup for Next Mark
[2020-10-06T06:35:38.832+0000][36436][gc,marking   ] GC(359) Concurrent Cleanup for Next Mark 1.805ms
[2020-10-06T06:35:38.833+0000][36436][gc           ] GC(359) Concurrent Cycle 210.298ms
[2020-10-06T06:35:39.008+0000][36436][gc,start     ] GC(360) Pause Young (Concurrent Start) (G1 Humongous Allocation)
[2020-10-06T06:35:39.008+0000][36436][gc,task      ] GC(360) Using 8 workers of 8 for evacuation
[2020-10-06T06:35:39.008+0000][36436][gc,age       ] GC(360) Desired survivor size 33554432 bytes, new threshold 15 (max threshold 15)
[2020-10-06T06:35:39.012+0000][36436][gc,age       ] GC(360) Age table with threshold 15 (max threshold 15)
[2020-10-06T06:35:39.012+0000][36436][gc,age       ] GC(360) - age   1:    2419632 bytes,    2419632 total
[2020-10-06T06:35:39.012+0000][36436][gc,age       ] GC(360) - age   2:       3296 bytes,    2422928 total
[2020-10-06T06:35:39.012+0000][36436][gc,age       ] GC(360) - age   3:       2296 bytes,    2425224 total
[2020-10-06T06:35:39.012+0000][36436][gc,age       ] GC(360) - age   4:      29008 bytes,    2454232 total
[2020-10-06T06:35:39.012+0000][36436][gc,age       ] GC(360) - age   5:       7416 bytes,    2461648 total
[2020-10-06T06:35:39.012+0000][36436][gc,age       ] GC(360) - age   6:        560 bytes,    2462208 total
[2020-10-06T06:35:39.012+0000][36436][gc,age       ] GC(360) - age   7:       4736 bytes,    2466944 total
[2020-10-06T06:35:39.012+0000][36436][gc,age       ] GC(360) - age   8:       8480 bytes,    2475424 total
[2020-10-06T06:35:39.012+0000][36436][gc,age       ] GC(360) - age   9:      38544 bytes,    2513968 total
[2020-10-06T06:35:39.012+0000][36436][gc,age       ] GC(360) - age  10:       7960 bytes,    2521928 total
[2020-10-06T06:35:39.012+0000][36436][gc,age       ] GC(360) - age  11:      18600 bytes,    2540528 total
[2020-10-06T06:35:39.012+0000][36436][gc,age       ] GC(360) - age  12:        640 bytes,    2541168 total
[2020-10-06T06:35:39.012+0000][36436][gc,age       ] GC(360) - age  13:      12504 bytes,    2553672 total
[2020-10-06T06:35:39.012+0000][36436][gc,age       ] GC(360) - age  14:        512 bytes,    2554184 total
[2020-10-06T06:35:39.012+0000][36436][gc,age       ] GC(360) - age  15:       6928 bytes,    2561112 total
[2020-10-06T06:35:39.012+0000][36436][gc,phases    ] GC(360)   Pre Evacuate Collection Set: 0.4ms
[2020-10-06T06:35:39.013+0000][36436][gc,phases    ] GC(360)   Merge Heap Roots: 0.1ms
[2020-10-06T06:35:39.013+0000][36436][gc,phases    ] GC(360)   Evacuate Collection Set: 2.2ms
[2020-10-06T06:35:39.013+0000][36436][gc,phases    ] GC(360)   Post Evacuate Collection Set: 0.8ms
[2020-10-06T06:35:39.013+0000][36436][gc,phases    ] GC(360)   Other: 0.9ms
[2020-10-06T06:35:39.013+0000][36436][gc,heap      ] GC(360) Eden regions: 93->0(502)
[2020-10-06T06:35:39.013+0000][36436][gc,heap      ] GC(360) Survivor regions: 4->3(64)
[2020-10-06T06:35:39.013+0000][36436][gc,heap      ] GC(360) Old regions: 79->80
[2020-10-06T06:35:39.013+0000][36436][gc,heap      ] GC(360) Archive regions: 0->0
[2020-10-06T06:35:39.013+0000][36436][gc,heap      ] GC(360) Humongous regions: 342->174
[2020-10-06T06:35:39.013+0000][36436][gc,metaspace ] GC(360) Metaspace: 89739K(95740K)->89739K(95740K) NonClass: 78449K(82044K)->78449K(82044K) Class: 11289K(13696K)->11289K(13696K)
[2020-10-06T06:35:39.013+0000][36436][gc           ] GC(360) Pause Young (Concurrent Start) (G1 Humongous Allocation) 516M->255M(1024M) 4.774ms
[2020-10-06T06:35:39.013+0000][36436][gc,cpu       ] GC(360) User=0.00s Sys=0.00s Real=0.01s
[2020-10-06T06:35:39.013+0000][36436][gc           ] GC(361) Concurrent Cycle
[2020-10-06T06:35:39.013+0000][36436][safepoint    ] Safepoint "G1TryInitiateConcMark", Time since last: 177300900 ns, Reaching safepoint: 236500 ns, At safepoint: 4973800 ns, Total: 5210300 ns
[2020-10-06T06:35:39.013+0000][36436][gc,marking   ] GC(361) Concurrent Clear Claimed Marks
[2020-10-06T06:35:39.013+0000][36436][gc,marking   ] GC(361) Concurrent Clear Claimed Marks 0.416ms
[2020-10-06T06:35:39.013+0000][36436][gc,marking   ] GC(361) Concurrent Scan Root Regions
[2020-10-06T06:35:39.016+0000][36436][gc,marking   ] GC(361) Concurrent Scan Root Regions 2.457ms
[2020-10-06T06:35:39.016+0000][36436][gc,marking   ] GC(361) Concurrent Mark (9009.215s)
[2020-10-06T06:35:39.016+0000][36436][gc,marking   ] GC(361) Concurrent Mark From Roots
[2020-10-06T06:35:39.016+0000][36436][gc,task      ] GC(361) Using 2 workers of 2 for marking
[2020-10-06T06:35:39.136+0000][36436][gc,marking   ] GC(361) Concurrent Mark From Roots 119.794ms
[2020-10-06T06:35:39.136+0000][36436][gc,marking   ] GC(361) Concurrent Preclean
[2020-10-06T06:35:39.137+0000][36436][gc,marking   ] GC(361) Concurrent Preclean 0.607ms
[2020-10-06T06:35:39.137+0000][36436][gc,marking   ] GC(361) Concurrent Mark (9009.215s, 9009.336s) 120.585ms
[2020-10-06T06:35:39.137+0000][36436][gc,start     ] GC(361) Pause Remark
[2020-10-06T06:35:39.144+0000][36436][gc           ] GC(361) Pause Remark 373M->373M(1024M) 7.437ms
[2020-10-06T06:35:39.145+0000][36436][gc,cpu       ] GC(361) User=0.03s Sys=0.00s Real=0.01s
[2020-10-06T06:35:39.145+0000][36436][safepoint    ] Safepoint "G1Concurrent", Time since last: 123857700 ns, Reaching safepoint: 145100 ns, At safepoint: 7689800 ns, Total: 7834900 ns
[2020-10-06T06:35:39.145+0000][36436][gc,marking   ] GC(361) Concurrent Rebuild Remembered Sets
[2020-10-06T06:35:39.238+0000][36436][gc,marking   ] GC(361) Concurrent Rebuild Remembered Sets 92.412ms
[2020-10-06T06:35:39.238+0000][36436][gc,start     ] GC(361) Pause Cleanup
[2020-10-06T06:35:39.238+0000][36436][gc           ] GC(361) Pause Cleanup 437M->437M(1024M) 0.370ms
[2020-10-06T06:35:39.238+0000][36436][gc,cpu       ] GC(361) User=0.00s Sys=0.00s Real=0.00s
[2020-10-06T06:35:39.238+0000][36436][safepoint    ] Safepoint "G1Concurrent", Time since last: 92644400 ns, Reaching safepoint: 141100 ns, At safepoint: 558900 ns, Total: 700000 ns
[2020-10-06T06:35:39.238+0000][36436][gc,marking   ] GC(361) Concurrent Cleanup for Next Mark
[2020-10-06T06:35:39.241+0000][36436][gc,marking   ] GC(361) Concurrent Cleanup for Next Mark 2.913ms
[2020-10-06T06:35:39.242+0000][36436][gc           ] GC(361) Concurrent Cycle 228.270ms
[2020-10-06T06:35:39.566+0000][36436][gc,start     ] GC(362) Pause Young (Concurrent Start) (G1 Humongous Allocation)
[2020-10-06T06:35:39.566+0000][36436][gc,task      ] GC(362) Using 8 workers of 8 for evacuation
[2020-10-06T06:35:39.566+0000][36436][gc,age       ] GC(362) Desired survivor size 33554432 bytes, new threshold 15 (max threshold 15)
[2020-10-06T06:35:39.570+0000][36436][gc,age       ] GC(362) Age table with threshold 15 (max threshold 15)
[2020-10-06T06:35:39.570+0000][36436][gc,age       ] GC(362) - age   1:    2615232 bytes,    2615232 total
[2020-10-06T06:35:39.570+0000][36436][gc,age       ] GC(362) - age   2:      20640 bytes,    2635872 total
[2020-10-06T06:35:39.570+0000][36436][gc,age       ] GC(362) - age   3:       1712 bytes,    2637584 total
[2020-10-06T06:35:39.570+0000][36436][gc,age       ] GC(362) - age   4:       1736 bytes,    2639320 total
[2020-10-06T06:35:39.570+0000][36436][gc,age       ] GC(362) - age   5:      28944 bytes,    2668264 total
[2020-10-06T06:35:39.570+0000][36436][gc,age       ] GC(362) - age   6:       7352 bytes,    2675616 total
[2020-10-06T06:35:39.570+0000][36436][gc,age       ] GC(362) - age   7:        560 bytes,    2676176 total
[2020-10-06T06:35:39.570+0000][36436][gc,age       ] GC(362) - age   8:       4544 bytes,    2680720 total
[2020-10-06T06:35:39.570+0000][36436][gc,age       ] GC(362) - age   9:       8352 bytes,    2689072 total
[2020-10-06T06:35:39.570+0000][36436][gc,age       ] GC(362) - age  10:      38448 bytes,    2727520 total
[2020-10-06T06:35:39.570+0000][36436][gc,age       ] GC(362) - age  11:       7960 bytes,    2735480 total
[2020-10-06T06:35:39.570+0000][36436][gc,age       ] GC(362) - age  12:      18600 bytes,    2754080 total
[2020-10-06T06:35:39.570+0000][36436][gc,age       ] GC(362) - age  13:        640 bytes,    2754720 total
[2020-10-06T06:35:39.570+0000][36436][gc,age       ] GC(362) - age  14:      12504 bytes,    2767224 total
[2020-10-06T06:35:39.571+0000][36436][gc,age       ] GC(362) - age  15:        512 bytes,    2767736 total
[2020-10-06T06:35:39.571+0000][36436][gc,phases    ] GC(362)   Pre Evacuate Collection Set: 0.4ms
[2020-10-06T06:35:39.571+0000][36436][gc,phases    ] GC(362)   Merge Heap Roots: 0.1ms
[2020-10-06T06:35:39.571+0000][36436][gc,phases    ] GC(362)   Evacuate Collection Set: 2.1ms
[2020-10-06T06:35:39.571+0000][36436][gc,phases    ] GC(362)   Post Evacuate Collection Set: 0.9ms
[2020-10-06T06:35:39.571+0000][36436][gc,phases    ] GC(362)   Other: 1.0ms
[2020-10-06T06:35:39.571+0000][36436][gc,heap      ] GC(362) Eden regions: 57->0(502)
[2020-10-06T06:35:39.571+0000][36436][gc,heap      ] GC(362) Survivor regions: 3->3(64)
[2020-10-06T06:35:39.571+0000][36436][gc,heap      ] GC(362) Old regions: 80->80
[2020-10-06T06:35:39.571+0000][36436][gc,heap      ] GC(362) Archive regions: 0->0
[2020-10-06T06:35:39.571+0000][36436][gc,heap      ] GC(362) Humongous regions: 308->174
[2020-10-06T06:35:39.571+0000][36436][gc,metaspace ] GC(362) Metaspace: 89739K(95740K)->89739K(95740K) NonClass: 78449K(82044K)->78449K(82044K) Class: 11289K(13696K)->11289K(13696K)
[2020-10-06T06:35:39.571+0000][36436][gc           ] GC(362) Pause Young (Concurrent Start) (G1 Humongous Allocation) 446M->255M(1024M) 4.762ms
[2020-10-06T06:35:39.571+0000][36436][gc,cpu       ] GC(362) User=0.02s Sys=0.00s Real=0.01s
[2020-10-06T06:35:39.571+0000][36436][gc           ] GC(363) Concurrent Cycle
[2020-10-06T06:35:39.571+0000][36436][safepoint    ] Safepoint "G1TryInitiateConcMark", Time since last: 328184900 ns, Reaching safepoint: 162500 ns, At safepoint: 4931500 ns, Total: 5094000 ns
[2020-10-06T06:35:39.571+0000][36436][gc,marking   ] GC(363) Concurrent Clear Claimed Marks
[2020-10-06T06:35:39.571+0000][36436][gc,marking   ] GC(363) Concurrent Clear Claimed Marks 0.381ms
[2020-10-06T06:35:39.572+0000][36436][gc,marking   ] GC(363) Concurrent Scan Root Regions
[2020-10-06T06:35:39.573+0000][36436][gc,marking   ] GC(363) Concurrent Scan Root Regions 1.922ms
[2020-10-06T06:35:39.574+0000][36436][gc,marking   ] GC(363) Concurrent Mark (9009.773s)
[2020-10-06T06:35:39.574+0000][36436][gc,marking   ] GC(363) Concurrent Mark From Roots
[2020-10-06T06:35:39.574+0000][36436][gc,task      ] GC(363) Using 2 workers of 2 for marking
[2020-10-06T06:35:39.687+0000][36436][gc,marking   ] GC(363) Concurrent Mark From Roots 113.697ms
[2020-10-06T06:35:39.687+0000][36436][gc,marking   ] GC(363) Concurrent Preclean
[2020-10-06T06:35:39.689+0000][36436][gc,marking   ] GC(363) Concurrent Preclean 1.121ms
[2020-10-06T06:35:39.689+0000][36436][gc,marking   ] GC(363) Concurrent Mark (9009.773s, 9009.888s) 115.102ms
[2020-10-06T06:35:39.689+0000][36436][gc,start     ] GC(363) Pause Remark
[2020-10-06T06:35:39.696+0000][36436][gc           ] GC(363) Pause Remark 386M->386M(1024M) 7.098ms
[2020-10-06T06:35:39.696+0000][36436][gc,cpu       ] GC(363) User=0.11s Sys=0.00s Real=0.01s
[2020-10-06T06:35:39.696+0000][36436][safepoint    ] Safepoint "G1Concurrent", Time since last: 117705500 ns, Reaching safepoint: 152000 ns, At safepoint: 7366200 ns, Total: 7518200 ns
[2020-10-06T06:35:39.696+0000][36436][gc,marking   ] GC(363) Concurrent Rebuild Remembered Sets
[2020-10-06T06:35:39.787+0000][36436][gc,marking   ] GC(363) Concurrent Rebuild Remembered Sets 90.330ms
[2020-10-06T06:35:39.787+0000][36436][gc,start     ] GC(363) Pause Cleanup
[2020-10-06T06:35:39.788+0000][36436][gc           ] GC(363) Pause Cleanup 658M->658M(1024M) 0.489ms
[2020-10-06T06:35:39.788+0000][36436][gc,cpu       ] GC(363) User=0.00s Sys=0.00s Real=0.00s
[2020-10-06T06:35:39.788+0000][36436][safepoint    ] Safepoint "G1Concurrent", Time since last: 90553500 ns, Reaching safepoint: 245800 ns, At safepoint: 821100 ns, Total: 1066900 ns
[2020-10-06T06:35:39.788+0000][36436][gc,marking   ] GC(363) Concurrent Cleanup for Next Mark
[2020-10-06T06:35:39.791+0000][36436][gc,marking   ] GC(363) Concurrent Cleanup for Next Mark 2.744ms
[2020-10-06T06:35:39.791+0000][36436][gc           ] GC(363) Concurrent Cycle 219.840ms
[2020-10-06T06:35:39.791+0000][36436][gc,start     ] GC(364) Pause Young (Concurrent Start) (G1 Humongous Allocation)
[2020-10-06T06:35:39.791+0000][36436][gc,task      ] GC(364) Using 8 workers of 8 for evacuation
[2020-10-06T06:35:39.791+0000][36436][gc,age       ] GC(364) Desired survivor size 33554432 bytes, new threshold 15 (max threshold 15)
[2020-10-06T06:35:39.796+0000][36436][gc,age       ] GC(364) Age table with threshold 15 (max threshold 15)
[2020-10-06T06:35:39.796+0000][36436][gc,age       ] GC(364) - age   1:    6809888 bytes,    6809888 total
[2020-10-06T06:35:39.796+0000][36436][gc,age       ] GC(364) - age   2:       7136 bytes,    6817024 total
[2020-10-06T06:35:39.797+0000][36436][gc,age       ] GC(364) - age   3:      14776 bytes,    6831800 total
[2020-10-06T06:35:39.797+0000][36436][gc,age       ] GC(364) - age   4:       1392 bytes,    6833192 total
[2020-10-06T06:35:39.797+0000][36436][gc,age       ] GC(364) - age   5:       1672 bytes,    6834864 total
[2020-10-06T06:35:39.797+0000][36436][gc,age       ] GC(364) - age   6:      28944 bytes,    6863808 total
[2020-10-06T06:35:39.797+0000][36436][gc,age       ] GC(364) - age   7:       7288 bytes,    6871096 total
[2020-10-06T06:35:39.797+0000][36436][gc,age       ] GC(364) - age   8:        560 bytes,    6871656 total
[2020-10-06T06:35:39.797+0000][36436][gc,age       ] GC(364) - age   9:       4480 bytes,    6876136 total
[2020-10-06T06:35:39.797+0000][36436][gc,age       ] GC(364) - age  10:       8288 bytes,    6884424 total
[2020-10-06T06:35:39.797+0000][36436][gc,age       ] GC(364) - age  11:      38416 bytes,    6922840 total
[2020-10-06T06:35:39.797+0000][36436][gc,age       ] GC(364) - age  12:       7960 bytes,    6930800 total
[2020-10-06T06:35:39.797+0000][36436][gc,age       ] GC(364) - age  13:      18600 bytes,    6949400 total
[2020-10-06T06:35:39.797+0000][36436][gc,age       ] GC(364) - age  14:        576 bytes,    6949976 total
[2020-10-06T06:35:39.797+0000][36436][gc,age       ] GC(364) - age  15:      12504 bytes,    6962480 total
[2020-10-06T06:35:39.797+0000][36436][gc,phases    ] GC(364)   Pre Evacuate Collection Set: 0.5ms
[2020-10-06T06:35:39.797+0000][36436][gc,phases    ] GC(364)   Merge Heap Roots: 0.1ms
[2020-10-06T06:35:39.797+0000][36436][gc,phases    ] GC(364)   Evacuate Collection Set: 3.1ms
[2020-10-06T06:35:39.797+0000][36436][gc,phases    ] GC(364)   Post Evacuate Collection Set: 1.1ms
[2020-10-06T06:35:39.797+0000][36436][gc,phases    ] GC(364)   Other: 1.2ms
[2020-10-06T06:35:39.797+0000][36436][gc,heap      ] GC(364) Eden regions: 85->0(493)
[2020-10-06T06:35:39.797+0000][36436][gc,heap      ] GC(364) Survivor regions: 3->7(64)
[2020-10-06T06:35:39.797+0000][36436][gc,heap      ] GC(364) Old regions: 80->80
[2020-10-06T06:35:39.797+0000][36436][gc,heap      ] GC(364) Archive regions: 0->0
[2020-10-06T06:35:39.797+0000][36436][gc,heap      ] GC(364) Humongous regions: 509->174
[2020-10-06T06:35:39.798+0000][36436][gc,metaspace ] GC(364) Metaspace: 89740K(95740K)->89740K(95740K) NonClass: 78450K(82044K)->78450K(82044K) Class: 11289K(13696K)->11289K(13696K)
[2020-10-06T06:35:39.798+0000][36436][gc           ] GC(364) Pause Young (Concurrent Start) (G1 Humongous Allocation) 675M->259M(1024M) 6.328ms
[2020-10-06T06:35:39.798+0000][36436][gc,cpu       ] GC(364) User=0.00s Sys=0.00s Real=0.01s
[2020-10-06T06:35:39.798+0000][36436][gc           ] GC(365) Concurrent Cycle
[2020-10-06T06:35:39.798+0000][36436][gc,marking   ] GC(365) Concurrent Clear Claimed Marks
[2020-10-06T06:35:39.798+0000][36436][safepoint    ] Safepoint "G1TryInitiateConcMark", Time since last: 3073700 ns, Reaching safepoint: 254900 ns, At safepoint: 6628900 ns, Total: 6883800 ns
[2020-10-06T06:35:39.798+0000][36436][gc,marking   ] GC(365) Concurrent Clear Claimed Marks 0.535ms
[2020-10-06T06:35:39.798+0000][36436][gc,marking   ] GC(365) Concurrent Scan Root Regions
[2020-10-06T06:35:39.801+0000][36436][gc,marking   ] GC(365) Concurrent Scan Root Regions 2.133ms
[2020-10-06T06:35:39.801+0000][36436][gc,marking   ] GC(365) Concurrent Mark (9010.000s)
[2020-10-06T06:35:39.801+0000][36436][gc,marking   ] GC(365) Concurrent Mark From Roots
[2020-10-06T06:35:39.801+0000][36436][gc,task      ] GC(365) Using 2 workers of 2 for marking
[2020-10-06T06:35:39.927+0000][36436][gc,marking   ] GC(365) Concurrent Mark From Roots 126.526ms
[2020-10-06T06:35:39.927+0000][36436][gc,marking   ] GC(365) Concurrent Preclean
[2020-10-06T06:35:39.928+0000][36436][gc,marking   ] GC(365) Concurrent Preclean 0.578ms
[2020-10-06T06:35:39.928+0000][36436][gc,marking   ] GC(365) Concurrent Mark (9010.000s, 9010.127s) 127.283ms
[2020-10-06T06:35:39.928+0000][36436][gc,start     ] GC(365) Pause Remark
[2020-10-06T06:35:39.935+0000][36436][gc           ] GC(365) Pause Remark 375M->375M(1024M) 6.425ms
[2020-10-06T06:35:39.935+0000][36436][gc,cpu       ] GC(365) User=0.00s Sys=0.00s Real=0.01s
[2020-10-06T06:35:39.935+0000][36436][safepoint    ] Safepoint "G1Concurrent", Time since last: 130179400 ns, Reaching safepoint: 134600 ns, At safepoint: 6661800 ns, Total: 6796400 ns
[2020-10-06T06:35:39.935+0000][36436][gc,marking   ] GC(365) Concurrent Rebuild Remembered Sets
[2020-10-06T06:35:40.008+0000][36436][gc,marking   ] GC(365) Concurrent Rebuild Remembered Sets 73.488ms
[2020-10-06T06:35:40.009+0000][36436][gc,start     ] GC(365) Pause Cleanup
[2020-10-06T06:35:40.009+0000][36436][gc           ] GC(365) Pause Cleanup 379M->379M(1024M) 0.333ms
[2020-10-06T06:35:40.009+0000][36436][gc,cpu       ] GC(365) User=0.00s Sys=0.00s Real=0.00s
[2020-10-06T06:35:40.010+0000][36436][safepoint    ] Safepoint "G1Concurrent", Time since last: 73747700 ns, Reaching safepoint: 371400 ns, At safepoint: 562300 ns, Total: 933700 ns
[2020-10-06T06:35:40.010+0000][36436][gc,marking   ] GC(365) Concurrent Cleanup for Next Mark
[2020-10-06T06:35:40.012+0000][36436][gc,marking   ] GC(365) Concurrent Cleanup for Next Mark 2.014ms
[2020-10-06T06:35:40.012+0000][36436][gc           ] GC(365) Concurrent Cycle 213.973ms
[2020-10-06T06:35:40.087+0000][36436][gc,start     ] GC(366) Pause Young (Concurrent Start) (G1 Humongous Allocation)
[2020-10-06T06:35:40.088+0000][36436][gc,task      ] GC(366) Using 8 workers of 8 for evacuation
[2020-10-06T06:35:40.088+0000][36436][gc,age       ] GC(366) Desired survivor size 33030144 bytes, new threshold 15 (max threshold 15)
[2020-10-06T06:35:40.092+0000][36436][gc,age       ] GC(366) Age table with threshold 15 (max threshold 15)
[2020-10-06T06:35:40.092+0000][36436][gc,age       ] GC(366) - age   1:    2471008 bytes,    2471008 total
[2020-10-06T06:35:40.092+0000][36436][gc,age       ] GC(366) - age   2:       7456 bytes,    2478464 total
[2020-10-06T06:35:40.092+0000][36436][gc,age       ] GC(366) - age   3:       3272 bytes,    2481736 total
[2020-10-06T06:35:40.092+0000][36436][gc,age       ] GC(366) - age   4:       4872 bytes,    2486608 total
[2020-10-06T06:35:40.092+0000][36436][gc,age       ] GC(366) - age   5:       1072 bytes,    2487680 total
[2020-10-06T06:35:40.092+0000][36436][gc,age       ] GC(366) - age   6:       1512 bytes,    2489192 total
[2020-10-06T06:35:40.092+0000][36436][gc,age       ] GC(366) - age   7:      28720 bytes,    2517912 total
[2020-10-06T06:35:40.092+0000][36436][gc,age       ] GC(366) - age   8:       7288 bytes,    2525200 total
[2020-10-06T06:35:40.092+0000][36436][gc,age       ] GC(366) - age   9:        560 bytes,    2525760 total
[2020-10-06T06:35:40.092+0000][36436][gc,age       ] GC(366) - age  10:       4480 bytes,    2530240 total
[2020-10-06T06:35:40.092+0000][36436][gc,age       ] GC(366) - age  11:       8288 bytes,    2538528 total
[2020-10-06T06:35:40.092+0000][36436][gc,age       ] GC(366) - age  12:      38416 bytes,    2576944 total
[2020-10-06T06:35:40.092+0000][36436][gc,age       ] GC(366) - age  13:       7960 bytes,    2584904 total
[2020-10-06T06:35:40.092+0000][36436][gc,age       ] GC(366) - age  14:      18600 bytes,    2603504 total
[2020-10-06T06:35:40.092+0000][36436][gc,age       ] GC(366) - age  15:        576 bytes,    2604080 total
[2020-10-06T06:35:40.093+0000][36436][gc,phases    ] GC(366)   Pre Evacuate Collection Set: 0.6ms
[2020-10-06T06:35:40.093+0000][36436][gc,phases    ] GC(366)   Merge Heap Roots: 0.1ms
[2020-10-06T06:35:40.093+0000][36436][gc,phases    ] GC(366)   Evacuate Collection Set: 2.4ms
[2020-10-06T06:35:40.093+0000][36436][gc,phases    ] GC(366)   Post Evacuate Collection Set: 0.9ms
[2020-10-06T06:35:40.093+0000][36436][gc,phases    ] GC(366)   Other: 1.2ms
[2020-10-06T06:35:40.093+0000][36436][gc,heap      ] GC(366) Eden regions: 74->0(499)
[2020-10-06T06:35:40.093+0000][36436][gc,heap      ] GC(366) Survivor regions: 7->3(63)
[2020-10-06T06:35:40.093+0000][36436][gc,heap      ] GC(366) Old regions: 80->80
[2020-10-06T06:35:40.093+0000][36436][gc,heap      ] GC(366) Archive regions: 0->0
[2020-10-06T06:35:40.093+0000][36436][gc,heap      ] GC(366) Humongous regions: 227->174
[2020-10-06T06:35:40.093+0000][36436][gc,metaspace ] GC(366) Metaspace: 89750K(95740K)->89750K(95740K) NonClass: 78461K(82044K)->78461K(82044K) Class: 11289K(13696K)->11289K(13696K)
[2020-10-06T06:35:40.093+0000][36436][gc           ] GC(366) Pause Young (Concurrent Start) (G1 Humongous Allocation) 386M->255M(1024M) 5.704ms
[2020-10-06T06:35:40.093+0000][36436][gc,cpu       ] GC(366) User=0.00s Sys=0.00s Real=0.01s
[2020-10-06T06:35:40.093+0000][36436][safepoint    ] Safepoint "G1TryInitiateConcMark", Time since last: 77627800 ns, Reaching safepoint: 187700 ns, At safepoint: 5956700 ns, Total: 6144400 ns
[2020-10-06T06:35:40.093+0000][36436][gc           ] GC(367) Concurrent Cycle
[2020-10-06T06:35:40.093+0000][36436][gc,marking   ] GC(367) Concurrent Clear Claimed Marks
[2020-10-06T06:35:40.094+0000][36436][gc,marking   ] GC(367) Concurrent Clear Claimed Marks 0.535ms
[2020-10-06T06:35:40.094+0000][36436][gc,marking   ] GC(367) Concurrent Scan Root Regions
[2020-10-06T06:35:40.096+0000][36436][gc,marking   ] GC(367) Concurrent Scan Root Regions 2.124ms
[2020-10-06T06:35:40.096+0000][36436][gc,marking   ] GC(367) Concurrent Mark (9010.295s)
[2020-10-06T06:35:40.096+0000][36436][gc,marking   ] GC(367) Concurrent Mark From Roots
[2020-10-06T06:35:40.096+0000][36436][gc,task      ] GC(367) Using 2 workers of 2 for marking
[2020-10-06T06:35:40.211+0000][36436][gc,marking   ] GC(367) Concurrent Mark From Roots 113.790ms
[2020-10-06T06:35:40.211+0000][36436][gc,marking   ] GC(367) Concurrent Preclean
[2020-10-06T06:35:40.211+0000][36436][gc,marking   ] GC(367) Concurrent Preclean 0.686ms
[2020-10-06T06:35:40.211+0000][36436][gc,marking   ] GC(367) Concurrent Mark (9010.295s, 9010.410s) 114.670ms
[2020-10-06T06:35:40.212+0000][36436][gc,start     ] GC(367) Pause Remark
[2020-10-06T06:35:40.219+0000][36436][gc           ] GC(367) Pause Remark 376M->376M(1024M) 7.170ms
[2020-10-06T06:35:40.219+0000][36436][gc,cpu       ] GC(367) User=0.00s Sys=0.00s Real=0.01s
[2020-10-06T06:35:40.219+0000][36436][safepoint    ] Safepoint "G1Concurrent", Time since last: 117683200 ns, Reaching safepoint: 178200 ns, At safepoint: 7375600 ns, Total: 7553800 ns
[2020-10-06T06:35:40.219+0000][36436][gc,marking   ] GC(367) Concurrent Rebuild Remembered Sets
[2020-10-06T06:35:40.289+0000][36436][gc,marking   ] GC(367) Concurrent Rebuild Remembered Sets 70.307ms
[2020-10-06T06:35:40.290+0000][36436][gc,start     ] GC(367) Pause Cleanup
[2020-10-06T06:35:40.290+0000][36436][gc           ] GC(367) Pause Cleanup 435M->435M(1024M) 0.285ms
[2020-10-06T06:35:40.290+0000][36436][gc,cpu       ] GC(367) User=0.00s Sys=0.00s Real=0.00s
[2020-10-06T06:35:40.290+0000][36436][safepoint    ] Safepoint "G1Concurrent", Time since last: 70484200 ns, Reaching safepoint: 171000 ns, At safepoint: 452300 ns, Total: 623300 ns
[2020-10-06T06:35:40.290+0000][36436][gc,marking   ] GC(367) Concurrent Cleanup for Next Mark
[2020-10-06T06:35:40.291+0000][36436][gc,marking   ] GC(367) Concurrent Cleanup for Next Mark 1.360ms
[2020-10-06T06:35:40.292+0000][36436][gc           ] GC(367) Concurrent Cycle 197.865ms
[2020-10-06T06:35:40.366+0000][36436][gc,start     ] GC(368) Pause Young (Concurrent Start) (G1 Humongous Allocation)
[2020-10-06T06:35:40.366+0000][36436][gc,task      ] GC(368) Using 8 workers of 8 for evacuation
[2020-10-06T06:35:40.367+0000][36436][gc,age       ] GC(368) Desired survivor size 33030144 bytes, new threshold 15 (max threshold 15)
[2020-10-06T06:35:40.371+0000][36436][gc,age       ] GC(368) Age table with threshold 15 (max threshold 15)
[2020-10-06T06:35:40.371+0000][36436][gc,age       ] GC(368) - age   1:   10191440 bytes,   10191440 total
[2020-10-06T06:35:40.371+0000][36436][gc,age       ] GC(368) - age   2:      11872 bytes,   10203312 total
[2020-10-06T06:35:40.371+0000][36436][gc,age       ] GC(368) - age   3:       5984 bytes,   10209296 total
[2020-10-06T06:35:40.371+0000][36436][gc,age       ] GC(368) - age   4:       2368 bytes,   10211664 total
[2020-10-06T06:35:40.371+0000][36436][gc,age       ] GC(368) - age   5:       4616 bytes,   10216280 total
[2020-10-06T06:35:40.371+0000][36436][gc,age       ] GC(368) - age   6:       1008 bytes,   10217288 total
[2020-10-06T06:35:40.371+0000][36436][gc,age       ] GC(368) - age   7:       1512 bytes,   10218800 total
[2020-10-06T06:35:40.371+0000][36436][gc,age       ] GC(368) - age   8:      28720 bytes,   10247520 total
[2020-10-06T06:35:40.371+0000][36436][gc,age       ] GC(368) - age   9:       7288 bytes,   10254808 total
[2020-10-06T06:35:40.371+0000][36436][gc,age       ] GC(368) - age  10:        560 bytes,   10255368 total
[2020-10-06T06:35:40.371+0000][36436][gc,age       ] GC(368) - age  11:       4416 bytes,   10259784 total
[2020-10-06T06:35:40.371+0000][36436][gc,age       ] GC(368) - age  12:       8288 bytes,   10268072 total
[2020-10-06T06:35:40.371+0000][36436][gc,age       ] GC(368) - age  13:      38416 bytes,   10306488 total
[2020-10-06T06:35:40.372+0000][36436][gc,age       ] GC(368) - age  14:       7960 bytes,   10314448 total
[2020-10-06T06:35:40.372+0000][36436][gc,age       ] GC(368) - age  15:      18600 bytes,   10333048 total
[2020-10-06T06:35:40.372+0000][36436][gc,phases    ] GC(368)   Pre Evacuate Collection Set: 0.4ms
[2020-10-06T06:35:40.372+0000][36436][gc,phases    ] GC(368)   Merge Heap Roots: 0.1ms
[2020-10-06T06:35:40.372+0000][36436][gc,phases    ] GC(368)   Evacuate Collection Set: 3.0ms
[2020-10-06T06:35:40.372+0000][36436][gc,phases    ] GC(368)   Post Evacuate Collection Set: 0.8ms
[2020-10-06T06:35:40.372+0000][36436][gc,phases    ] GC(368)   Other: 1.2ms
[2020-10-06T06:35:40.372+0000][36436][gc,heap      ] GC(368) Eden regions: 67->0(484)
[2020-10-06T06:35:40.372+0000][36436][gc,heap      ] GC(368) Survivor regions: 3->11(63)
[2020-10-06T06:35:40.372+0000][36436][gc,heap      ] GC(368) Old regions: 80->80
[2020-10-06T06:35:40.372+0000][36436][gc,heap      ] GC(368) Archive regions: 0->0
[2020-10-06T06:35:40.372+0000][36436][gc,heap      ] GC(368) Humongous regions: 304->174
[2020-10-06T06:35:40.372+0000][36436][gc,metaspace ] GC(368) Metaspace: 89750K(95740K)->89750K(95740K) NonClass: 78461K(82044K)->78461K(82044K) Class: 11289K(13696K)->11289K(13696K)
[2020-10-06T06:35:40.372+0000][36436][gc           ] GC(368) Pause Young (Concurrent Start) (G1 Humongous Allocation) 452M->263M(1024M) 5.896ms
[2020-10-06T06:35:40.372+0000][36436][gc,cpu       ] GC(368) User=0.00s Sys=0.00s Real=0.01s
[2020-10-06T06:35:40.372+0000][36436][gc           ] GC(369) Concurrent Cycle
[2020-10-06T06:35:40.372+0000][36436][gc,marking   ] GC(369) Concurrent Clear Claimed Marks
[2020-10-06T06:35:40.373+0000][36436][safepoint    ] Safepoint "G1TryInitiateConcMark", Time since last: 76188100 ns, Reaching safepoint: 181700 ns, At safepoint: 6171400 ns, Total: 6353100 ns
[2020-10-06T06:35:40.373+0000][36436][gc,marking   ] GC(369) Concurrent Clear Claimed Marks 0.429ms
[2020-10-06T06:35:40.373+0000][36436][gc,marking   ] GC(369) Concurrent Scan Root Regions
[2020-10-06T06:35:40.376+0000][36436][gc,marking   ] GC(369) Concurrent Scan Root Regions 2.619ms
[2020-10-06T06:35:40.376+0000][36436][gc,marking   ] GC(369) Concurrent Mark (9010.575s)
[2020-10-06T06:35:40.376+0000][36436][gc,marking   ] GC(369) Concurrent Mark From Roots
[2020-10-06T06:35:40.376+0000][36436][gc,task      ] GC(369) Using 2 workers of 2 for marking
[2020-10-06T06:35:40.520+0000][36436][gc,marking   ] GC(369) Concurrent Mark From Roots 143.696ms
[2020-10-06T06:35:40.520+0000][36436][gc,marking   ] GC(369) Concurrent Preclean
[2020-10-06T06:35:40.521+0000][36436][gc,marking   ] GC(369) Concurrent Preclean 0.580ms
[2020-10-06T06:35:40.521+0000][36436][gc,marking   ] GC(369) Concurrent Mark (9010.575s, 9010.719s) 144.458ms
[2020-10-06T06:35:40.521+0000][36436][gc,start     ] GC(369) Pause Remark
[2020-10-06T06:35:40.534+0000][36436][gc           ] GC(369) Pause Remark 717M->717M(1024M) 12.948ms
[2020-10-06T06:35:40.534+0000][36436][gc,cpu       ] GC(369) User=0.00s Sys=0.00s Real=0.01s
[2020-10-06T06:35:40.534+0000][36436][safepoint    ] Safepoint "G1Concurrent", Time since last: 147809300 ns, Reaching safepoint: 127300 ns, At safepoint: 13267200 ns, Total: 13394500 ns
[2020-10-06T06:35:40.534+0000][36436][gc,marking   ] GC(369) Concurrent Rebuild Remembered Sets
[2020-10-06T06:35:40.590+0000][36436][safepoint    ] Safepoint "ICBufferFull", Time since last: 54950100 ns, Reaching safepoint: 916700 ns, At safepoint: 45600 ns, Total: 962300 ns
[2020-10-06T06:35:40.615+0000][36436][gc,marking   ] GC(369) Concurrent Rebuild Remembered Sets 81.431ms
[2020-10-06T06:35:40.616+0000][36436][gc,start     ] GC(369) Pause Cleanup
[2020-10-06T06:35:40.616+0000][36436][gc           ] GC(369) Pause Cleanup 725M->725M(1024M) 0.365ms
[2020-10-06T06:35:40.616+0000][36436][gc,cpu       ] GC(369) User=0.00s Sys=0.00s Real=0.00s
[2020-10-06T06:35:40.616+0000][36436][safepoint    ] Safepoint "G1Concurrent", Time since last: 25696600 ns, Reaching safepoint: 220900 ns, At safepoint: 543300 ns, Total: 764200 ns
[2020-10-06T06:35:40.616+0000][36436][gc,marking   ] GC(369) Concurrent Cleanup for Next Mark
[2020-10-06T06:35:40.618+0000][36436][gc,marking   ] GC(369) Concurrent Cleanup for Next Mark 1.603ms
[2020-10-06T06:35:40.618+0000][36436][gc           ] GC(369) Concurrent Cycle 245.502ms
[2020-10-06T06:35:40.680+0000][36436][gc,start     ] GC(370) Pause Young (Concurrent Start) (G1 Humongous Allocation)
[2020-10-06T06:35:40.680+0000][36436][gc,task      ] GC(370) Using 8 workers of 8 for evacuation
[2020-10-06T06:35:40.680+0000][36436][gc,age       ] GC(370) Desired survivor size 32505856 bytes, new threshold 15 (max threshold 15)
[2020-10-06T06:35:40.687+0000][36436][gc,age       ] GC(370) Age table with threshold 15 (max threshold 15)
[2020-10-06T06:35:40.687+0000][36436][gc,age       ] GC(370) - age   1:   16749992 bytes,   16749992 total
[2020-10-06T06:35:40.687+0000][36436][gc,age       ] GC(370) - age   2:       2736 bytes,   16752728 total
[2020-10-06T06:35:40.687+0000][36436][gc,age       ] GC(370) - age   3:       7088 bytes,   16759816 total
[2020-10-06T06:35:40.687+0000][36436][gc,age       ] GC(370) - age   4:       4680 bytes,   16764496 total
[2020-10-06T06:35:40.687+0000][36436][gc,age       ] GC(370) - age   5:       1992 bytes,   16766488 total
[2020-10-06T06:35:40.687+0000][36436][gc,age       ] GC(370) - age   6:       4112 bytes,   16770600 total
[2020-10-06T06:35:40.687+0000][36436][gc,age       ] GC(370) - age   7:        944 bytes,   16771544 total
[2020-10-06T06:35:40.688+0000][36436][gc,age       ] GC(370) - age   8:       1288 bytes,   16772832 total
[2020-10-06T06:35:40.688+0000][36436][gc,age       ] GC(370) - age   9:      28688 bytes,   16801520 total
[2020-10-06T06:35:40.688+0000][36436][gc,age       ] GC(370) - age  10:       7264 bytes,   16808784 total
[2020-10-06T06:35:40.688+0000][36436][gc,age       ] GC(370) - age  11:        560 bytes,   16809344 total
[2020-10-06T06:35:40.688+0000][36436][gc,age       ] GC(370) - age  12:       4384 bytes,   16813728 total
[2020-10-06T06:35:40.688+0000][36436][gc,age       ] GC(370) - age  13:       8224 bytes,   16821952 total
[2020-10-06T06:35:40.688+0000][36436][gc,age       ] GC(370) - age  14:      38416 bytes,   16860368 total
[2020-10-06T06:35:40.688+0000][36436][gc,age       ] GC(370) - age  15:       7960 bytes,   16868328 total
[2020-10-06T06:35:40.688+0000][36436][gc,phases    ] GC(370)   Pre Evacuate Collection Set: 0.4ms
[2020-10-06T06:35:40.688+0000][36436][gc,phases    ] GC(370)   Merge Heap Roots: 0.1ms
[2020-10-06T06:35:40.688+0000][36436][gc,phases    ] GC(370)   Evacuate Collection Set: 4.3ms
[2020-10-06T06:35:40.688+0000][36436][gc,phases    ] GC(370)   Post Evacuate Collection Set: 1.5ms
[2020-10-06T06:35:40.688+0000][36436][gc,phases    ] GC(370)   Other: 1.2ms
[2020-10-06T06:35:40.688+0000][36436][gc,heap      ] GC(370) Eden regions: 145->0(469)
[2020-10-06T06:35:40.688+0000][36436][gc,heap      ] GC(370) Survivor regions: 11->17(62)
[2020-10-06T06:35:40.689+0000][36436][gc,heap      ] GC(370) Old regions: 80->80
[2020-10-06T06:35:40.689+0000][36436][gc,heap      ] GC(370) Archive regions: 0->0
[2020-10-06T06:35:40.689+0000][36436][gc,heap      ] GC(370) Humongous regions: 516->174
[2020-10-06T06:35:40.689+0000][36436][gc,metaspace ] GC(370) Metaspace: 89755K(95740K)->89755K(95740K) NonClass: 78465K(82044K)->78465K(82044K) Class: 11289K(13696K)->11289K(13696K)
[2020-10-06T06:35:40.689+0000][36436][gc           ] GC(370) Pause Young (Concurrent Start) (G1 Humongous Allocation) 750M->269M(1024M) 8.382ms
[2020-10-06T06:35:40.689+0000][36436][gc,cpu       ] GC(370) User=0.00s Sys=0.00s Real=0.01s
[2020-10-06T06:35:40.689+0000][36436][gc           ] GC(371) Concurrent Cycle
[2020-10-06T06:35:40.689+0000][36436][gc,marking   ] GC(371) Concurrent Clear Claimed Marks
[2020-10-06T06:35:40.689+0000][36436][safepoint    ] Safepoint "G1TryInitiateConcMark", Time since last: 64051900 ns, Reaching safepoint: 241000 ns, At safepoint: 8679900 ns, Total: 8920900 ns
[2020-10-06T06:35:40.690+0000][36436][gc,marking   ] GC(371) Concurrent Clear Claimed Marks 0.644ms
[2020-10-06T06:35:40.690+0000][36436][gc,marking   ] GC(371) Concurrent Scan Root Regions
[2020-10-06T06:35:40.694+0000][36436][gc,marking   ] GC(371) Concurrent Scan Root Regions 4.605ms
[2020-10-06T06:35:40.694+0000][36436][gc,marking   ] GC(371) Concurrent Mark (9010.893s)
[2020-10-06T06:35:40.695+0000][36436][gc,marking   ] GC(371) Concurrent Mark From Roots
[2020-10-06T06:35:40.695+0000][36436][gc,task      ] GC(371) Using 2 workers of 2 for marking
[2020-10-06T06:35:40.860+0000][36436][gc,marking   ] GC(371) Concurrent Mark From Roots 165.733ms
[2020-10-06T06:35:40.860+0000][36436][gc,marking   ] GC(371) Concurrent Preclean
[2020-10-06T06:35:40.861+0000][36436][gc,marking   ] GC(371) Concurrent Preclean 0.904ms
[2020-10-06T06:35:40.861+0000][36436][gc,marking   ] GC(371) Concurrent Mark (9010.893s, 9011.060s) 166.929ms
[2020-10-06T06:35:40.862+0000][36436][gc,start     ] GC(371) Pause Remark
[2020-10-06T06:35:40.869+0000][36436][gc           ] GC(371) Pause Remark 719M->719M(1024M) 7.481ms
[2020-10-06T06:35:40.869+0000][36436][gc,cpu       ] GC(371) User=0.13s Sys=0.00s Real=0.01s
[2020-10-06T06:35:40.870+0000][36436][safepoint    ] Safepoint "G1Concurrent", Time since last: 172504200 ns, Reaching safepoint: 228700 ns, At safepoint: 8711600 ns, Total: 8940300 ns
[2020-10-06T06:35:40.871+0000][36436][gc,marking   ] GC(371) Concurrent Rebuild Remembered Sets
[2020-10-06T06:35:40.960+0000][36436][gc,marking   ] GC(371) Concurrent Rebuild Remembered Sets 89.475ms
[2020-10-06T06:35:40.961+0000][36436][gc,start     ] GC(371) Pause Cleanup
[2020-10-06T06:35:40.961+0000][36436][gc           ] GC(371) Pause Cleanup 729M->729M(1024M) 0.470ms
[2020-10-06T06:35:40.961+0000][36436][gc,cpu       ] GC(371) User=0.00s Sys=0.00s Real=0.00s
[2020-10-06T06:35:40.961+0000][36436][safepoint    ] Safepoint "G1Concurrent", Time since last: 89873800 ns, Reaching safepoint: 187200 ns, At safepoint: 706200 ns, Total: 893400 ns
[2020-10-06T06:35:40.961+0000][36436][gc,marking   ] GC(371) Concurrent Cleanup for Next Mark
[2020-10-06T06:35:40.963+0000][36436][gc,marking   ] GC(371) Concurrent Cleanup for Next Mark 1.608ms
[2020-10-06T06:35:40.963+0000][36436][gc           ] GC(371) Concurrent Cycle 274.210ms
[2020-10-06T06:35:41.100+0000][36436][gc,start     ] GC(372) Pause Young (Concurrent Start) (G1 Humongous Allocation)
[2020-10-06T06:35:41.100+0000][36436][gc,task      ] GC(372) Using 8 workers of 8 for evacuation
[2020-10-06T06:35:41.100+0000][36436][gc,age       ] GC(372) Desired survivor size 31981568 bytes, new threshold 15 (max threshold 15)
[2020-10-06T06:35:41.104+0000][36436][gc,age       ] GC(372) Age table with threshold 15 (max threshold 15)
[2020-10-06T06:35:41.104+0000][36436][gc,age       ] GC(372) - age   1:    1947496 bytes,    1947496 total
[2020-10-06T06:35:41.104+0000][36436][gc,age       ] GC(372) - age   2:      13408 bytes,    1960904 total
[2020-10-06T06:35:41.104+0000][36436][gc,age       ] GC(372) - age   3:       2640 bytes,    1963544 total
[2020-10-06T06:35:41.104+0000][36436][gc,age       ] GC(372) - age   4:       3136 bytes,    1966680 total
[2020-10-06T06:35:41.104+0000][36436][gc,age       ] GC(372) - age   5:       2120 bytes,    1968800 total
[2020-10-06T06:35:41.104+0000][36436][gc,age       ] GC(372) - age   6:       1992 bytes,    1970792 total
[2020-10-06T06:35:41.104+0000][36436][gc,age       ] GC(372) - age   7:       4080 bytes,    1974872 total
[2020-10-06T06:35:41.104+0000][36436][gc,age       ] GC(372) - age   8:        944 bytes,    1975816 total
[2020-10-06T06:35:41.104+0000][36436][gc,age       ] GC(372) - age   9:       1256 bytes,    1977072 total
[2020-10-06T06:35:41.104+0000][36436][gc,age       ] GC(372) - age  10:      28624 bytes,    2005696 total
[2020-10-06T06:35:41.104+0000][36436][gc,age       ] GC(372) - age  11:       7200 bytes,    2012896 total
[2020-10-06T06:35:41.104+0000][36436][gc,age       ] GC(372) - age  12:        560 bytes,    2013456 total
[2020-10-06T06:35:41.104+0000][36436][gc,age       ] GC(372) - age  13:       4384 bytes,    2017840 total
[2020-10-06T06:35:41.105+0000][36436][gc,age       ] GC(372) - age  14:       8224 bytes,    2026064 total
[2020-10-06T06:35:41.105+0000][36436][gc,age       ] GC(372) - age  15:      38416 bytes,    2064480 total
[2020-10-06T06:35:41.105+0000][36436][gc,phases    ] GC(372)   Pre Evacuate Collection Set: 0.4ms
[2020-10-06T06:35:41.105+0000][36436][gc,phases    ] GC(372)   Merge Heap Roots: 0.1ms
[2020-10-06T06:35:41.105+0000][36436][gc,phases    ] GC(372)   Evacuate Collection Set: 2.1ms
[2020-10-06T06:35:41.105+0000][36436][gc,phases    ] GC(372)   Post Evacuate Collection Set: 1.4ms
[2020-10-06T06:35:41.105+0000][36436][gc,phases    ] GC(372)   Other: 1.2ms
[2020-10-06T06:35:41.105+0000][36436][gc,heap      ] GC(372) Eden regions: 122->0(481)
[2020-10-06T06:35:41.105+0000][36436][gc,heap      ] GC(372) Survivor regions: 17->3(61)
[2020-10-06T06:35:41.105+0000][36436][gc,heap      ] GC(372) Old regions: 80->80
[2020-10-06T06:35:41.105+0000][36436][gc,heap      ] GC(372) Archive regions: 0->0
[2020-10-06T06:35:41.105+0000][36436][gc,heap      ] GC(372) Humongous regions: 524->174
[2020-10-06T06:35:41.105+0000][36436][gc,metaspace ] GC(372) Metaspace: 89755K(95740K)->89755K(95740K) NonClass: 78466K(82044K)->78466K(82044K) Class: 11289K(13696K)->11289K(13696K)
[2020-10-06T06:35:41.105+0000][36436][gc           ] GC(372) Pause Young (Concurrent Start) (G1 Humongous Allocation) 740M->255M(1024M) 5.830ms
[2020-10-06T06:35:41.105+0000][36436][gc,cpu       ] GC(372) User=0.00s Sys=0.00s Real=0.01s
[2020-10-06T06:35:41.106+0000][36436][gc           ] GC(373) Concurrent Cycle
[2020-10-06T06:35:41.106+0000][36436][safepoint    ] Safepoint "G1TryInitiateConcMark", Time since last: 138086900 ns, Reaching safepoint: 185900 ns, At safepoint: 6073500 ns, Total: 6259400 ns
[2020-10-06T06:35:41.106+0000][36436][gc,marking   ] GC(373) Concurrent Clear Claimed Marks
[2020-10-06T06:35:41.107+0000][36436][gc,marking   ] GC(373) Concurrent Clear Claimed Marks 0.859ms
[2020-10-06T06:35:41.107+0000][36436][gc,marking   ] GC(373) Concurrent Scan Root Regions
[2020-10-06T06:35:41.110+0000][36436][gc,marking   ] GC(373) Concurrent Scan Root Regions 3.648ms
[2020-10-06T06:35:41.110+0000][36436][gc,marking   ] GC(373) Concurrent Mark (9011.309s)
[2020-10-06T06:35:41.110+0000][36436][gc,marking   ] GC(373) Concurrent Mark From Roots
[2020-10-06T06:35:41.110+0000][36436][gc,task      ] GC(373) Using 2 workers of 2 for marking
[2020-10-06T06:35:41.267+0000][36436][gc,marking   ] GC(373) Concurrent Mark From Roots 156.761ms
[2020-10-06T06:35:41.267+0000][36436][gc,marking   ] GC(373) Concurrent Preclean
[2020-10-06T06:35:41.268+0000][36436][gc,marking   ] GC(373) Concurrent Preclean 0.556ms
[2020-10-06T06:35:41.268+0000][36436][gc,marking   ] GC(373) Concurrent Mark (9011.309s, 9011.467s) 157.487ms
[2020-10-06T06:35:41.268+0000][36436][gc,start     ] GC(373) Pause Remark
[2020-10-06T06:35:41.276+0000][36436][gc           ] GC(373) Pause Remark 347M->347M(1024M) 8.045ms
[2020-10-06T06:35:41.276+0000][36436][gc,cpu       ] GC(373) User=0.11s Sys=0.00s Real=0.01s
[2020-10-06T06:35:41.277+0000][36436][safepoint    ] Safepoint "G1Concurrent", Time since last: 162416400 ns, Reaching safepoint: 223900 ns, At safepoint: 8357200 ns, Total: 8581100 ns
[2020-10-06T06:35:41.277+0000][36436][gc,marking   ] GC(373) Concurrent Rebuild Remembered Sets
[2020-10-06T06:35:41.364+0000][36436][gc,marking   ] GC(373) Concurrent Rebuild Remembered Sets 86.678ms
[2020-10-06T06:35:41.364+0000][36436][gc,start     ] GC(373) Pause Cleanup
[2020-10-06T06:35:41.364+0000][36436][gc           ] GC(373) Pause Cleanup 414M->414M(1024M) 0.361ms
[2020-10-06T06:35:41.364+0000][36436][gc,cpu       ] GC(373) User=0.00s Sys=0.00s Real=0.00s
[2020-10-06T06:35:41.365+0000][36436][safepoint    ] Safepoint "G1Concurrent", Time since last: 86954200 ns, Reaching safepoint: 166500 ns, At safepoint: 576600 ns, Total: 743100 ns
[2020-10-06T06:35:41.365+0000][36436][gc,marking   ] GC(373) Concurrent Cleanup for Next Mark
[2020-10-06T06:35:41.366+0000][36436][gc,marking   ] GC(373) Concurrent Cleanup for Next Mark 1.676ms
[2020-10-06T06:35:41.366+0000][36436][gc           ] GC(373) Concurrent Cycle 260.563ms
[2020-10-06T06:35:41.490+0000][36436][gc,start     ] GC(374) Pause Young (Concurrent Start) (G1 Humongous Allocation)
[2020-10-06T06:35:41.491+0000][36436][gc,task      ] GC(374) Using 8 workers of 8 for evacuation
[2020-10-06T06:35:41.491+0000][36436][gc,age       ] GC(374) Desired survivor size 31981568 bytes, new threshold 15 (max threshold 15)
[2020-10-06T06:35:41.494+0000][36436][gc,age       ] GC(374) Age table with threshold 15 (max threshold 15)
[2020-10-06T06:35:41.494+0000][36436][gc,age       ] GC(374) - age   1:    2938872 bytes,    2938872 total
[2020-10-06T06:35:41.494+0000][36436][gc,age       ] GC(374) - age   2:      18752 bytes,    2957624 total
[2020-10-06T06:35:41.494+0000][36436][gc,age       ] GC(374) - age   3:       6376 bytes,    2964000 total
[2020-10-06T06:35:41.494+0000][36436][gc,age       ] GC(374) - age   4:       1792 bytes,    2965792 total
[2020-10-06T06:35:41.494+0000][36436][gc,age       ] GC(374) - age   5:       2992 bytes,    2968784 total
[2020-10-06T06:35:41.494+0000][36436][gc,age       ] GC(374) - age   6:       1704 bytes,    2970488 total
[2020-10-06T06:35:41.494+0000][36436][gc,age       ] GC(374) - age   7:       1832 bytes,    2972320 total
[2020-10-06T06:35:41.494+0000][36436][gc,age       ] GC(374) - age   8:       3984 bytes,    2976304 total
[2020-10-06T06:35:41.495+0000][36436][gc,age       ] GC(374) - age   9:        816 bytes,    2977120 total
[2020-10-06T06:35:41.495+0000][36436][gc,age       ] GC(374) - age  10:       1128 bytes,    2978248 total
[2020-10-06T06:35:41.495+0000][36436][gc,age       ] GC(374) - age  11:      28624 bytes,    3006872 total
[2020-10-06T06:35:41.495+0000][36436][gc,age       ] GC(374) - age  12:       7136 bytes,    3014008 total
[2020-10-06T06:35:41.495+0000][36436][gc,age       ] GC(374) - age  13:        496 bytes,    3014504 total
[2020-10-06T06:35:41.495+0000][36436][gc,age       ] GC(374) - age  14:       4384 bytes,    3018888 total
[2020-10-06T06:35:41.495+0000][36436][gc,age       ] GC(374) - age  15:       8224 bytes,    3027112 total
[2020-10-06T06:35:41.495+0000][36436][gc,phases    ] GC(374)   Pre Evacuate Collection Set: 0.4ms
[2020-10-06T06:35:41.495+0000][36436][gc,phases    ] GC(374)   Merge Heap Roots: 0.1ms
[2020-10-06T06:35:41.495+0000][36436][gc,phases    ] GC(374)   Evacuate Collection Set: 2.1ms
[2020-10-06T06:35:41.495+0000][36436][gc,phases    ] GC(374)   Post Evacuate Collection Set: 0.7ms
[2020-10-06T06:35:41.495+0000][36436][gc,phases    ] GC(374)   Other: 1.1ms
[2020-10-06T06:35:41.495+0000][36436][gc,heap      ] GC(374) Eden regions: 58->0(485)
[2020-10-06T06:35:41.495+0000][36436][gc,heap      ] GC(374) Survivor regions: 3->4(61)
[2020-10-06T06:35:41.495+0000][36436][gc,heap      ] GC(374) Old regions: 80->80
[2020-10-06T06:35:41.495+0000][36436][gc,heap      ] GC(374) Archive regions: 0->0
[2020-10-06T06:35:41.495+0000][36436][gc,heap      ] GC(374) Humongous regions: 286->174
[2020-10-06T06:35:41.495+0000][36436][gc,metaspace ] GC(374) Metaspace: 89758K(95740K)->89758K(95740K) NonClass: 78469K(82044K)->78469K(82044K) Class: 11289K(13696K)->11289K(13696K)
[2020-10-06T06:35:41.495+0000][36436][gc           ] GC(374) Pause Young (Concurrent Start) (G1 Humongous Allocation) 425M->256M(1024M) 4.908ms
[2020-10-06T06:35:41.495+0000][36436][gc,cpu       ] GC(374) User=0.00s Sys=0.00s Real=0.00s
[2020-10-06T06:35:41.496+0000][36436][safepoint    ] Safepoint "G1TryInitiateConcMark", Time since last: 126394000 ns, Reaching safepoint: 148100 ns, At safepoint: 5105500 ns, Total: 5253600 ns
[2020-10-06T06:35:41.496+0000][36436][gc           ] GC(375) Concurrent Cycle
[2020-10-06T06:35:41.496+0000][36436][gc,marking   ] GC(375) Concurrent Clear Claimed Marks
[2020-10-06T06:35:41.496+0000][36436][gc,marking   ] GC(375) Concurrent Clear Claimed Marks 0.420ms
[2020-10-06T06:35:41.496+0000][36436][gc,marking   ] GC(375) Concurrent Scan Root Regions
[2020-10-06T06:35:41.498+0000][36436][gc,marking   ] GC(375) Concurrent Scan Root Regions 2.098ms
[2020-10-06T06:35:41.498+0000][36436][gc,marking   ] GC(375) Concurrent Mark (9011.698s)
[2020-10-06T06:35:41.498+0000][36436][gc,marking   ] GC(375) Concurrent Mark From Roots
[2020-10-06T06:35:41.498+0000][36436][gc,task      ] GC(375) Using 2 workers of 2 for marking
[2020-10-06T06:35:41.607+0000][36436][gc,marking   ] GC(375) Concurrent Mark From Roots 108.713ms
[2020-10-06T06:35:41.607+0000][36436][gc,marking   ] GC(375) Concurrent Preclean
[2020-10-06T06:35:41.608+0000][36436][gc,marking   ] GC(375) Concurrent Preclean 0.698ms
[2020-10-06T06:35:41.608+0000][36436][gc,marking   ] GC(375) Concurrent Mark (9011.698s, 9011.807s) 109.575ms
[2020-10-06T06:35:41.609+0000][36436][gc,start     ] GC(375) Pause Remark
[2020-10-06T06:35:41.615+0000][36436][gc           ] GC(375) Pause Remark 321M->321M(1024M) 6.577ms
[2020-10-06T06:35:41.615+0000][36436][gc,cpu       ] GC(375) User=0.08s Sys=0.03s Real=0.01s
[2020-10-06T06:35:41.615+0000][36436][safepoint    ] Safepoint "G1Concurrent", Time since last: 112519500 ns, Reaching safepoint: 168700 ns, At safepoint: 6794200 ns, Total: 6962900 ns
[2020-10-06T06:35:41.615+0000][36436][gc,marking   ] GC(375) Concurrent Rebuild Remembered Sets
[2020-10-06T06:35:41.684+0000][36436][gc,marking   ] GC(375) Concurrent Rebuild Remembered Sets 68.533ms
[2020-10-06T06:35:41.684+0000][36436][gc,start     ] GC(375) Pause Cleanup
[2020-10-06T06:35:41.685+0000][36436][gc           ] GC(375) Pause Cleanup 325M->325M(1024M) 0.330ms
[2020-10-06T06:35:41.685+0000][36436][gc,cpu       ] GC(375) User=0.00s Sys=0.00s Real=0.00s
[2020-10-06T06:35:41.685+0000][36436][safepoint    ] Safepoint "G1Concurrent", Time since last: 68720800 ns, Reaching safepoint: 125500 ns, At safepoint: 476600 ns, Total: 602100 ns
[2020-10-06T06:35:41.685+0000][36436][gc,marking   ] GC(375) Concurrent Cleanup for Next Mark
[2020-10-06T06:35:41.687+0000][36436][gc,marking   ] GC(375) Concurrent Cleanup for Next Mark 1.791ms
[2020-10-06T06:35:41.687+0000][36436][gc           ] GC(375) Concurrent Cycle 190.848ms
[2020-10-06T06:35:41.746+0000][36436][gc,start     ] GC(376) Pause Young (Concurrent Start) (G1 Humongous Allocation)
[2020-10-06T06:35:41.746+0000][36436][gc,task      ] GC(376) Using 8 workers of 8 for evacuation
[2020-10-06T06:35:41.746+0000][36436][gc,age       ] GC(376) Desired survivor size 32505856 bytes, new threshold 15 (max threshold 15)
[2020-10-06T06:35:41.750+0000][36436][gc,age       ] GC(376) Age table with threshold 15 (max threshold 15)
[2020-10-06T06:35:41.750+0000][36436][gc,age       ] GC(376) - age   1:    8131712 bytes,    8131712 total
[2020-10-06T06:35:41.750+0000][36436][gc,age       ] GC(376) - age   2:      21456 bytes,    8153168 total
[2020-10-06T06:35:41.750+0000][36436][gc,age       ] GC(376) - age   3:      16936 bytes,    8170104 total
[2020-10-06T06:35:41.750+0000][36436][gc,age       ] GC(376) - age   4:       5208 bytes,    8175312 total
[2020-10-06T06:35:41.750+0000][36436][gc,age       ] GC(376) - age   5:       1472 bytes,    8176784 total
[2020-10-06T06:35:41.750+0000][36436][gc,age       ] GC(376) - age   6:       2928 bytes,    8179712 total
[2020-10-06T06:35:41.750+0000][36436][gc,age       ] GC(376) - age   7:       1704 bytes,    8181416 total
[2020-10-06T06:35:41.750+0000][36436][gc,age       ] GC(376) - age   8:       1768 bytes,    8183184 total
[2020-10-06T06:35:41.750+0000][36436][gc,age       ] GC(376) - age   9:       3952 bytes,    8187136 total
[2020-10-06T06:35:41.751+0000][36436][gc,age       ] GC(376) - age  10:        816 bytes,    8187952 total
[2020-10-06T06:35:41.751+0000][36436][gc,age       ] GC(376) - age  11:       1128 bytes,    8189080 total
[2020-10-06T06:35:41.751+0000][36436][gc,age       ] GC(376) - age  12:      28624 bytes,    8217704 total
[2020-10-06T06:35:41.751+0000][36436][gc,age       ] GC(376) - age  13:       7136 bytes,    8224840 total
[2020-10-06T06:35:41.751+0000][36436][gc,age       ] GC(376) - age  14:        496 bytes,    8225336 total
[2020-10-06T06:35:41.751+0000][36436][gc,age       ] GC(376) - age  15:       4384 bytes,    8229720 total
[2020-10-06T06:35:41.751+0000][36436][gc,phases    ] GC(376)   Pre Evacuate Collection Set: 0.5ms
[2020-10-06T06:35:41.751+0000][36436][gc,phases    ] GC(376)   Merge Heap Roots: 0.1ms
[2020-10-06T06:35:41.751+0000][36436][gc,phases    ] GC(376)   Evacuate Collection Set: 2.9ms
[2020-10-06T06:35:41.751+0000][36436][gc,phases    ] GC(376)   Post Evacuate Collection Set: 0.8ms
[2020-10-06T06:35:41.751+0000][36436][gc,phases    ] GC(376)   Other: 0.9ms
[2020-10-06T06:35:41.751+0000][36436][gc,heap      ] GC(376) Eden regions: 34->0(481)
[2020-10-06T06:35:41.751+0000][36436][gc,heap      ] GC(376) Survivor regions: 4->8(62)
[2020-10-06T06:35:41.751+0000][36436][gc,heap      ] GC(376) Old regions: 80->80
[2020-10-06T06:35:41.751+0000][36436][gc,heap      ] GC(376) Archive regions: 0->0
[2020-10-06T06:35:41.751+0000][36436][gc,heap      ] GC(376) Humongous regions: 227->174
[2020-10-06T06:35:41.751+0000][36436][gc,metaspace ] GC(376) Metaspace: 89759K(95740K)->89759K(95740K) NonClass: 78470K(82044K)->78470K(82044K) Class: 11289K(13696K)->11289K(13696K)
[2020-10-06T06:35:41.751+0000][36436][gc           ] GC(376) Pause Young (Concurrent Start) (G1 Humongous Allocation) 342M->261M(1024M) 5.529ms
[2020-10-06T06:35:41.751+0000][36436][gc,cpu       ] GC(376) User=0.00s Sys=0.00s Real=0.00s
[2020-10-06T06:35:41.751+0000][36436][gc           ] GC(377) Concurrent Cycle
[2020-10-06T06:35:41.751+0000][36436][safepoint    ] Safepoint "G1TryInitiateConcMark", Time since last: 60552600 ns, Reaching safepoint: 190000 ns, At safepoint: 5750600 ns, Total: 5940600 ns
[2020-10-06T06:35:41.751+0000][36436][gc,marking   ] GC(377) Concurrent Clear Claimed Marks
[2020-10-06T06:35:41.752+0000][36436][gc,marking   ] GC(377) Concurrent Clear Claimed Marks 0.704ms
[2020-10-06T06:35:41.752+0000][36436][gc,marking   ] GC(377) Concurrent Scan Root Regions
[2020-10-06T06:35:41.755+0000][36436][gc,marking   ] GC(377) Concurrent Scan Root Regions 3.339ms
[2020-10-06T06:35:41.756+0000][36436][gc,marking   ] GC(377) Concurrent Mark (9011.954s)
[2020-10-06T06:35:41.756+0000][36436][gc,marking   ] GC(377) Concurrent Mark From Roots
[2020-10-06T06:35:41.756+0000][36436][gc,task      ] GC(377) Using 2 workers of 2 for marking
[2020-10-06T06:35:41.922+0000][36436][gc,marking   ] GC(377) Concurrent Mark From Roots 166.688ms
[2020-10-06T06:35:41.922+0000][36436][gc,marking   ] GC(377) Concurrent Preclean
[2020-10-06T06:35:41.923+0000][36436][gc,marking   ] GC(377) Concurrent Preclean 0.749ms
[2020-10-06T06:35:41.923+0000][36436][gc,marking   ] GC(377) Concurrent Mark (9011.954s, 9012.122s) 167.649ms
[2020-10-06T06:35:41.924+0000][36436][gc,start     ] GC(377) Pause Remark
[2020-10-06T06:35:41.930+0000][36436][gc           ] GC(377) Pause Remark 722M->722M(1024M) 6.853ms
[2020-10-06T06:35:41.931+0000][36436][gc,cpu       ] GC(377) User=0.11s Sys=0.00s Real=0.01s
[2020-10-06T06:35:41.931+0000][36436][safepoint    ] Safepoint "G1Concurrent", Time since last: 172054500 ns, Reaching safepoint: 184100 ns, At safepoint: 7238700 ns, Total: 7422800 ns
[2020-10-06T06:35:41.931+0000][36436][gc,marking   ] GC(377) Concurrent Rebuild Remembered Sets
[2020-10-06T06:35:42.024+0000][36436][gc,marking   ] GC(377) Concurrent Rebuild Remembered Sets 93.190ms
[2020-10-06T06:35:42.025+0000][36436][gc,start     ] GC(377) Pause Cleanup
[2020-10-06T06:35:42.025+0000][36436][gc           ] GC(377) Pause Cleanup 831M->831M(1024M) 0.427ms
[2020-10-06T06:35:42.025+0000][36436][gc,cpu       ] GC(377) User=0.00s Sys=0.00s Real=0.00s
[2020-10-06T06:35:42.025+0000][36436][safepoint    ] Safepoint "G1Concurrent", Time since last: 93479700 ns, Reaching safepoint: 263600 ns, At safepoint: 635000 ns, Total: 898600 ns
[2020-10-06T06:35:42.025+0000][36436][gc,marking   ] GC(377) Concurrent Cleanup for Next Mark
[2020-10-06T06:35:42.028+0000][36436][gc,marking   ] GC(377) Concurrent Cleanup for Next Mark 2.456ms
[2020-10-06T06:35:42.028+0000][36436][gc           ] GC(377) Concurrent Cycle 276.590ms
[2020-10-06T06:35:42.028+0000][36436][gc,start     ] GC(378) Pause Young (Concurrent Start) (G1 Humongous Allocation)
[2020-10-06T06:35:42.028+0000][36436][gc,task      ] GC(378) Using 8 workers of 8 for evacuation
[2020-10-06T06:35:42.029+0000][36436][gc,age       ] GC(378) Desired survivor size 32505856 bytes, new threshold 15 (max threshold 15)
[2020-10-06T06:35:42.035+0000][36436][gc,age       ] GC(378) Age table with threshold 15 (max threshold 15)
[2020-10-06T06:35:42.035+0000][36436][gc,age       ] GC(378) - age   1:    3015712 bytes,    3015712 total
[2020-10-06T06:35:42.035+0000][36436][gc,age       ] GC(378) - age   2:       8096 bytes,    3023808 total
[2020-10-06T06:35:42.035+0000][36436][gc,age       ] GC(378) - age   3:      20288 bytes,    3044096 total
[2020-10-06T06:35:42.035+0000][36436][gc,age       ] GC(378) - age   4:       7632 bytes,    3051728 total
[2020-10-06T06:35:42.035+0000][36436][gc,age       ] GC(378) - age   5:       4448 bytes,    3056176 total
[2020-10-06T06:35:42.035+0000][36436][gc,age       ] GC(378) - age   6:       1280 bytes,    3057456 total
[2020-10-06T06:35:42.035+0000][36436][gc,age       ] GC(378) - age   7:       2784 bytes,    3060240 total
[2020-10-06T06:35:42.035+0000][36436][gc,age       ] GC(378) - age   8:       1640 bytes,    3061880 total
[2020-10-06T06:35:42.035+0000][36436][gc,age       ] GC(378) - age   9:       1768 bytes,    3063648 total
[2020-10-06T06:35:42.035+0000][36436][gc,age       ] GC(378) - age  10:       3792 bytes,    3067440 total
[2020-10-06T06:35:42.035+0000][36436][gc,age       ] GC(378) - age  11:        816 bytes,    3068256 total
[2020-10-06T06:35:42.035+0000][36436][gc,age       ] GC(378) - age  12:       1096 bytes,    3069352 total
[2020-10-06T06:35:42.035+0000][36436][gc,age       ] GC(378) - age  13:      28592 bytes,    3097944 total
[2020-10-06T06:35:42.035+0000][36436][gc,age       ] GC(378) - age  14:       7136 bytes,    3105080 total
[2020-10-06T06:35:42.035+0000][36436][gc,age       ] GC(378) - age  15:        496 bytes,    3105576 total
[2020-10-06T06:35:42.036+0000][36436][gc,phases    ] GC(378)   Pre Evacuate Collection Set: 0.5ms
[2020-10-06T06:35:42.036+0000][36436][gc,phases    ] GC(378)   Merge Heap Roots: 0.1ms
[2020-10-06T06:35:42.036+0000][36436][gc,phases    ] GC(378)   Evacuate Collection Set: 3.2ms
[2020-10-06T06:35:42.036+0000][36436][gc,phases    ] GC(378)   Post Evacuate Collection Set: 2.1ms
[2020-10-06T06:35:42.036+0000][36436][gc,phases    ] GC(378)   Other: 1.3ms
[2020-10-06T06:35:42.036+0000][36436][gc,heap      ] GC(378) Eden regions: 147->0(488)
[2020-10-06T06:35:42.036+0000][36436][gc,heap      ] GC(378) Survivor regions: 8->4(62)
[2020-10-06T06:35:42.036+0000][36436][gc,heap      ] GC(378) Old regions: 80->80
[2020-10-06T06:35:42.036+0000][36436][gc,heap      ] GC(378) Archive regions: 0->0
[2020-10-06T06:35:42.036+0000][36436][gc,heap      ] GC(378) Humongous regions: 612->174
[2020-10-06T06:35:42.036+0000][36436][gc,metaspace ] GC(378) Metaspace: 89759K(95740K)->89759K(95740K) NonClass: 78470K(82044K)->78470K(82044K) Class: 11289K(13696K)->11289K(13696K)
[2020-10-06T06:35:42.036+0000][36436][gc           ] GC(378) Pause Young (Concurrent Start) (G1 Humongous Allocation) 845M->256M(1024M) 7.745ms
[2020-10-06T06:35:42.036+0000][36436][gc,cpu       ] GC(378) User=0.05s Sys=0.00s Real=0.01s
[2020-10-06T06:35:42.036+0000][36436][safepoint    ] Safepoint "G1TryInitiateConcMark", Time since last: 2750700 ns, Reaching safepoint: 265300 ns, At safepoint: 7984500 ns, Total: 8249800 ns
[2020-10-06T06:35:42.036+0000][36436][gc           ] GC(379) Concurrent Cycle
[2020-10-06T06:35:42.036+0000][36436][gc,marking   ] GC(379) Concurrent Clear Claimed Marks
[2020-10-06T06:35:42.037+0000][36436][gc,marking   ] GC(379) Concurrent Clear Claimed Marks 0.862ms
[2020-10-06T06:35:42.037+0000][36436][gc,marking   ] GC(379) Concurrent Scan Root Regions
[2020-10-06T06:35:42.040+0000][36436][gc,marking   ] GC(379) Concurrent Scan Root Regions 2.606ms
[2020-10-06T06:35:42.040+0000][36436][gc,marking   ] GC(379) Concurrent Mark (9012.239s)
[2020-10-06T06:35:42.040+0000][36436][gc,marking   ] GC(379) Concurrent Mark From Roots
[2020-10-06T06:35:42.040+0000][36436][gc,task      ] GC(379) Using 2 workers of 2 for marking
[2020-10-06T06:35:42.199+0000][36436][gc,marking   ] GC(379) Concurrent Mark From Roots 158.845ms
[2020-10-06T06:35:42.199+0000][36436][gc,marking   ] GC(379) Concurrent Preclean
[2020-10-06T06:35:42.199+0000][36436][gc,marking   ] GC(379) Concurrent Preclean 0.685ms
[2020-10-06T06:35:42.199+0000][36436][gc,marking   ] GC(379) Concurrent Mark (9012.239s, 9012.398s) 159.713ms
[2020-10-06T06:35:42.200+0000][36436][gc,start     ] GC(379) Pause Remark
[2020-10-06T06:35:42.208+0000][36436][gc           ] GC(379) Pause Remark 414M->414M(1024M) 7.891ms
[2020-10-06T06:35:42.208+0000][36436][gc,cpu       ] GC(379) User=0.08s Sys=0.02s Real=0.01s
[2020-10-06T06:35:42.208+0000][36436][safepoint    ] Safepoint "G1Concurrent", Time since last: 163578600 ns, Reaching safepoint: 141000 ns, At safepoint: 8116700 ns, Total: 8257700 ns
[2020-10-06T06:35:42.208+0000][36436][gc,marking   ] GC(379) Concurrent Rebuild Remembered Sets
[2020-10-06T06:35:42.295+0000][36436][gc,marking   ] GC(379) Concurrent Rebuild Remembered Sets 87.006ms
[2020-10-06T06:35:42.295+0000][36436][gc,start     ] GC(379) Pause Cleanup
[2020-10-06T06:35:42.296+0000][36436][gc           ] GC(379) Pause Cleanup 488M->488M(1024M) 0.385ms
[2020-10-06T06:35:42.296+0000][36436][gc,cpu       ] GC(379) User=0.00s Sys=0.00s Real=0.00s
[2020-10-06T06:35:42.296+0000][36436][safepoint    ] Safepoint "G1Concurrent", Time since last: 87247400 ns, Reaching safepoint: 151500 ns, At safepoint: 611500 ns, Total: 763000 ns
[2020-10-06T06:35:42.296+0000][36436][gc,marking   ] GC(379) Concurrent Cleanup for Next Mark
[2020-10-06T06:35:42.298+0000][36436][gc,marking   ] GC(379) Concurrent Cleanup for Next Mark 1.802ms
[2020-10-06T06:35:42.298+0000][36436][gc           ] GC(379) Concurrent Cycle 261.898ms
[2020-10-06T06:35:42.304+0000][36436][gc,start     ] GC(380) Pause Young (Concurrent Start) (G1 Humongous Allocation)
[2020-10-06T06:35:42.304+0000][36436][gc,task      ] GC(380) Using 8 workers of 8 for evacuation
[2020-10-06T06:35:42.304+0000][36436][gc,age       ] GC(380) Desired survivor size 32505856 bytes, new threshold 15 (max threshold 15)
[2020-10-06T06:35:42.309+0000][36436][gc,age       ] GC(380) Age table with threshold 15 (max threshold 15)
[2020-10-06T06:35:42.309+0000][36436][gc,age       ] GC(380) - age   1:    3725944 bytes,    3725944 total
[2020-10-06T06:35:42.309+0000][36436][gc,age       ] GC(380) - age   2:     608592 bytes,    4334536 total
[2020-10-06T06:35:42.309+0000][36436][gc,age       ] GC(380) - age   3:       6072 bytes,    4340608 total
[2020-10-06T06:35:42.309+0000][36436][gc,age       ] GC(380) - age   4:      19480 bytes,    4360088 total
[2020-10-06T06:35:42.309+0000][36436][gc,age       ] GC(380) - age   5:       7512 bytes,    4367600 total
[2020-10-06T06:35:42.309+0000][36436][gc,age       ] GC(380) - age   6:       4288 bytes,    4371888 total
[2020-10-06T06:35:42.309+0000][36436][gc,age       ] GC(380) - age   7:       1280 bytes,    4373168 total
[2020-10-06T06:35:42.309+0000][36436][gc,age       ] GC(380) - age   8:       2784 bytes,    4375952 total
[2020-10-06T06:35:42.309+0000][36436][gc,age       ] GC(380) - age   9:       1576 bytes,    4377528 total
[2020-10-06T06:35:42.309+0000][36436][gc,age       ] GC(380) - age  10:       1768 bytes,    4379296 total
[2020-10-06T06:35:42.309+0000][36436][gc,age       ] GC(380) - age  11:       3664 bytes,    4382960 total
[2020-10-06T06:35:42.309+0000][36436][gc,age       ] GC(380) - age  12:        720 bytes,    4383680 total
[2020-10-06T06:35:42.309+0000][36436][gc,age       ] GC(380) - age  13:       1096 bytes,    4384776 total
[2020-10-06T06:35:42.309+0000][36436][gc,age       ] GC(380) - age  14:      28528 bytes,    4413304 total
[2020-10-06T06:35:42.309+0000][36436][gc,age       ] GC(380) - age  15:       7136 bytes,    4420440 total
[2020-10-06T06:35:42.309+0000][36436][gc,phases    ] GC(380)   Pre Evacuate Collection Set: 0.4ms
[2020-10-06T06:35:42.309+0000][36436][gc,phases    ] GC(380)   Merge Heap Roots: 0.1ms
[2020-10-06T06:35:42.310+0000][36436][gc,phases    ] GC(380)   Evacuate Collection Set: 2.7ms
[2020-10-06T06:35:42.310+0000][36436][gc,phases    ] GC(380)   Post Evacuate Collection Set: 1.0ms
[2020-10-06T06:35:42.310+0000][36436][gc,phases    ] GC(380)   Other: 1.0ms
[2020-10-06T06:35:42.310+0000][36436][gc,heap      ] GC(380) Eden regions: 78->0(489)
[2020-10-06T06:35:42.310+0000][36436][gc,heap      ] GC(380) Survivor regions: 4->5(62)
[2020-10-06T06:35:42.310+0000][36436][gc,heap      ] GC(380) Old regions: 80->80
[2020-10-06T06:35:42.310+0000][36436][gc,heap      ] GC(380) Archive regions: 0->0
[2020-10-06T06:35:42.310+0000][36436][gc,heap      ] GC(380) Humongous regions: 333->174
[2020-10-06T06:35:42.310+0000][36436][gc,metaspace ] GC(380) Metaspace: 89765K(95740K)->89765K(95740K) NonClass: 78476K(82044K)->78476K(82044K) Class: 11289K(13696K)->11289K(13696K)
[2020-10-06T06:35:42.310+0000][36436][gc           ] GC(380) Pause Young (Concurrent Start) (G1 Humongous Allocation) 493M->257M(1024M) 5.671ms
[2020-10-06T06:35:42.310+0000][36436][gc,cpu       ] GC(380) User=0.00s Sys=0.00s Real=0.01s
[2020-10-06T06:35:42.310+0000][36436][gc           ] GC(381) Concurrent Cycle
[2020-10-06T06:35:42.310+0000][36436][safepoint    ] Safepoint "G1TryInitiateConcMark", Time since last: 8377700 ns, Reaching safepoint: 147300 ns, At safepoint: 5936800 ns, Total: 6084100 ns
[2020-10-06T06:35:42.310+0000][36436][gc,marking   ] GC(381) Concurrent Clear Claimed Marks
[2020-10-06T06:35:42.311+0000][36436][gc,marking   ] GC(381) Concurrent Clear Claimed Marks 0.777ms
[2020-10-06T06:35:42.311+0000][36436][gc,marking   ] GC(381) Concurrent Scan Root Regions
[2020-10-06T06:35:42.315+0000][36436][gc,marking   ] GC(381) Concurrent Scan Root Regions 3.611ms
[2020-10-06T06:35:42.315+0000][36436][gc,marking   ] GC(381) Concurrent Mark (9012.514s)
[2020-10-06T06:35:42.315+0000][36436][gc,marking   ] GC(381) Concurrent Mark From Roots
[2020-10-06T06:35:42.315+0000][36436][gc,task      ] GC(381) Using 2 workers of 2 for marking
[2020-10-06T06:35:42.496+0000][36436][gc,marking   ] GC(381) Concurrent Mark From Roots 180.672ms
[2020-10-06T06:35:42.496+0000][36436][gc,marking   ] GC(381) Concurrent Preclean
[2020-10-06T06:35:42.497+0000][36436][gc,marking   ] GC(381) Concurrent Preclean 0.940ms
[2020-10-06T06:35:42.497+0000][36436][gc,marking   ] GC(381) Concurrent Mark (9012.514s, 9012.696s) 181.913ms
[2020-10-06T06:35:42.498+0000][36436][gc,start     ] GC(381) Pause Remark
[2020-10-06T06:35:42.506+0000][36436][gc           ] GC(381) Pause Remark 401M->401M(1024M) 8.236ms
[2020-10-06T06:35:42.506+0000][36436][gc,cpu       ] GC(381) User=0.11s Sys=0.00s Real=0.01s
[2020-10-06T06:35:42.507+0000][36436][safepoint    ] Safepoint "G1Concurrent", Time since last: 186733900 ns, Reaching safepoint: 261500 ns, At safepoint: 9426600 ns, Total: 9688100 ns
[2020-10-06T06:35:42.507+0000][36436][gc,marking   ] GC(381) Concurrent Rebuild Remembered Sets
[2020-10-06T06:35:42.606+0000][36436][gc,marking   ] GC(381) Concurrent Rebuild Remembered Sets 98.545ms
[2020-10-06T06:35:42.606+0000][36436][gc,start     ] GC(381) Pause Cleanup
[2020-10-06T06:35:42.606+0000][36436][gc           ] GC(381) Pause Cleanup 410M->410M(1024M) 0.440ms
[2020-10-06T06:35:42.606+0000][36436][gc,cpu       ] GC(381) User=0.00s Sys=0.00s Real=0.00s
[2020-10-06T06:35:42.606+0000][36436][safepoint    ] Safepoint "G1Concurrent", Time since last: 98812700 ns, Reaching safepoint: 178200 ns, At safepoint: 624600 ns, Total: 802800 ns
[2020-10-06T06:35:42.607+0000][36436][gc,marking   ] GC(381) Concurrent Cleanup for Next Mark
[2020-10-06T06:35:42.609+0000][36436][gc,marking   ] GC(381) Concurrent Cleanup for Next Mark 2.451ms
[2020-10-06T06:35:42.609+0000][36436][gc           ] GC(381) Concurrent Cycle 298.727ms
[2020-10-06T06:35:42.729+0000][36436][gc,start     ] GC(382) Pause Young (Concurrent Start) (G1 Humongous Allocation)
[2020-10-06T06:35:42.729+0000][36436][gc,task      ] GC(382) Using 8 workers of 8 for evacuation
[2020-10-06T06:35:42.729+0000][36436][gc,age       ] GC(382) Desired survivor size 32505856 bytes, new threshold 15 (max threshold 15)
[2020-10-06T06:35:42.735+0000][36436][gc,age       ] GC(382) Age table with threshold 15 (max threshold 15)
[2020-10-06T06:35:42.735+0000][36436][gc,age       ] GC(382) - age   1:    5588456 bytes,    5588456 total
[2020-10-06T06:35:42.735+0000][36436][gc,age       ] GC(382) - age   2:       3304 bytes,    5591760 total
[2020-10-06T06:35:42.735+0000][36436][gc,age       ] GC(382) - age   3:       3280 bytes,    5595040 total
[2020-10-06T06:35:42.735+0000][36436][gc,age       ] GC(382) - age   4:       4936 bytes,    5599976 total
[2020-10-06T06:35:42.735+0000][36436][gc,age       ] GC(382) - age   5:      18608 bytes,    5618584 total
[2020-10-06T06:35:42.735+0000][36436][gc,age       ] GC(382) - age   6:       7136 bytes,    5625720 total
[2020-10-06T06:35:42.735+0000][36436][gc,age       ] GC(382) - age   7:       4160 bytes,    5629880 total
[2020-10-06T06:35:42.735+0000][36436][gc,age       ] GC(382) - age   8:       1088 bytes,    5630968 total
[2020-10-06T06:35:42.735+0000][36436][gc,age       ] GC(382) - age   9:       2784 bytes,    5633752 total
[2020-10-06T06:35:42.735+0000][36436][gc,age       ] GC(382) - age  10:       1576 bytes,    5635328 total
[2020-10-06T06:35:42.735+0000][36436][gc,age       ] GC(382) - age  11:       1640 bytes,    5636968 total
[2020-10-06T06:35:42.735+0000][36436][gc,age       ] GC(382) - age  12:       3440 bytes,    5640408 total
[2020-10-06T06:35:42.736+0000][36436][gc,age       ] GC(382) - age  13:        656 bytes,    5641064 total
[2020-10-06T06:35:42.736+0000][36436][gc,age       ] GC(382) - age  14:       1096 bytes,    5642160 total
[2020-10-06T06:35:42.736+0000][36436][gc,age       ] GC(382) - age  15:      28528 bytes,    5670688 total
[2020-10-06T06:35:42.736+0000][36436][gc,phases    ] GC(382)   Pre Evacuate Collection Set: 0.4ms
[2020-10-06T06:35:42.736+0000][36436][gc,phases    ] GC(382)   Merge Heap Roots: 0.1ms
[2020-10-06T06:35:42.736+0000][36436][gc,phases    ] GC(382)   Evacuate Collection Set: 4.1ms
[2020-10-06T06:35:42.736+0000][36436][gc,phases    ] GC(382)   Post Evacuate Collection Set: 0.9ms
[2020-10-06T06:35:42.736+0000][36436][gc,phases    ] GC(382)   Other: 1.1ms
[2020-10-06T06:35:42.736+0000][36436][gc,heap      ] GC(382) Eden regions: 67->0(489)
[2020-10-06T06:35:42.736+0000][36436][gc,heap      ] GC(382) Survivor regions: 5->6(62)
[2020-10-06T06:35:42.736+0000][36436][gc,heap      ] GC(382) Old regions: 80->80
[2020-10-06T06:35:42.736+0000][36436][gc,heap      ] GC(382) Archive regions: 0->0
[2020-10-06T06:35:42.736+0000][36436][gc,heap      ] GC(382) Humongous regions: 278->174
[2020-10-06T06:35:42.736+0000][36436][gc,metaspace ] GC(382) Metaspace: 89784K(95740K)->89784K(95740K) NonClass: 78494K(82044K)->78494K(82044K) Class: 11289K(13696K)->11289K(13696K)
[2020-10-06T06:35:42.736+0000][36436][gc           ] GC(382) Pause Young (Concurrent Start) (G1 Humongous Allocation) 427M->258M(1024M) 7.011ms
[2020-10-06T06:35:42.736+0000][36436][gc,cpu       ] GC(382) User=0.00s Sys=0.00s Real=0.01s
[2020-10-06T06:35:42.736+0000][36436][gc           ] GC(383) Concurrent Cycle
[2020-10-06T06:35:42.736+0000][36436][gc,marking   ] GC(383) Concurrent Clear Claimed Marks
[2020-10-06T06:35:42.736+0000][36436][safepoint    ] Safepoint "G1TryInitiateConcMark", Time since last: 122431300 ns, Reaching safepoint: 193100 ns, At safepoint: 7234100 ns, Total: 7427200 ns
[2020-10-06T06:35:42.737+0000][36436][gc,marking   ] GC(383) Concurrent Clear Claimed Marks 0.645ms
[2020-10-06T06:35:42.737+0000][36436][gc,marking   ] GC(383) Concurrent Scan Root Regions
[2020-10-06T06:35:42.743+0000][36436][gc,marking   ] GC(383) Concurrent Scan Root Regions 6.232ms
[2020-10-06T06:35:42.743+0000][36436][gc,marking   ] GC(383) Concurrent Mark (9012.942s)
[2020-10-06T06:35:42.744+0000][36436][gc,marking   ] GC(383) Concurrent Mark From Roots
[2020-10-06T06:35:42.744+0000][36436][gc,task      ] GC(383) Using 2 workers of 2 for marking
[2020-10-06T06:35:42.859+0000][36436][gc,marking   ] GC(383) Concurrent Mark From Roots 115.076ms
[2020-10-06T06:35:42.859+0000][36436][gc,marking   ] GC(383) Concurrent Preclean
[2020-10-06T06:35:42.859+0000][36436][gc,marking   ] GC(383) Concurrent Preclean 0.616ms
[2020-10-06T06:35:42.859+0000][36436][gc,marking   ] GC(383) Concurrent Mark (9012.942s, 9013.058s) 115.965ms
[2020-10-06T06:35:42.860+0000][36436][gc,start     ] GC(383) Pause Remark
[2020-10-06T06:35:42.867+0000][36436][gc           ] GC(383) Pause Remark 457M->457M(1024M) 7.002ms
[2020-10-06T06:35:42.867+0000][36436][gc,cpu       ] GC(383) User=0.11s Sys=0.00s Real=0.01s
[2020-10-06T06:35:42.867+0000][36436][safepoint    ] Safepoint "G1Concurrent", Time since last: 123141400 ns, Reaching safepoint: 144000 ns, At safepoint: 7230500 ns, Total: 7374500 ns
[2020-10-06T06:35:42.867+0000][36436][gc,marking   ] GC(383) Concurrent Rebuild Remembered Sets
[2020-10-06T06:35:42.938+0000][36436][gc,marking   ] GC(383) Concurrent Rebuild Remembered Sets 71.532ms
[2020-10-06T06:35:42.939+0000][36436][gc,start     ] GC(383) Pause Cleanup
[2020-10-06T06:35:42.939+0000][36436][gc           ] GC(383) Pause Cleanup 463M->463M(1024M) 0.351ms
[2020-10-06T06:35:42.939+0000][36436][gc,cpu       ] GC(383) User=0.00s Sys=0.00s Real=0.00s
[2020-10-06T06:35:42.939+0000][36436][safepoint    ] Safepoint "G1Concurrent", Time since last: 71777000 ns, Reaching safepoint: 158500 ns, At safepoint: 504400 ns, Total: 662900 ns
[2020-10-06T06:35:42.939+0000][36436][gc,marking   ] GC(383) Concurrent Cleanup for Next Mark
[2020-10-06T06:35:42.941+0000][36436][gc,marking   ] GC(383) Concurrent Cleanup for Next Mark 1.328ms
[2020-10-06T06:35:42.941+0000][36436][gc           ] GC(383) Concurrent Cycle 204.503ms
[2020-10-06T06:35:42.986+0000][36436][gc,start     ] GC(384) Pause Young (Concurrent Start) (G1 Humongous Allocation)
[2020-10-06T06:35:42.986+0000][36436][gc,task      ] GC(384) Using 8 workers of 8 for evacuation
[2020-10-06T06:35:42.986+0000][36436][gc,age       ] GC(384) Desired survivor size 32505856 bytes, new threshold 15 (max threshold 15)
[2020-10-06T06:35:42.992+0000][36436][gc,age       ] GC(384) Age table with threshold 15 (max threshold 15)
[2020-10-06T06:35:42.992+0000][36436][gc,age       ] GC(384) - age   1:   16450440 bytes,   16450440 total
[2020-10-06T06:35:42.992+0000][36436][gc,age       ] GC(384) - age   2:      11392 bytes,   16461832 total
[2020-10-06T06:35:42.992+0000][36436][gc,age       ] GC(384) - age   3:       2464 bytes,   16464296 total
[2020-10-06T06:35:42.992+0000][36436][gc,age       ] GC(384) - age   4:       1848 bytes,   16466144 total
[2020-10-06T06:35:42.992+0000][36436][gc,age       ] GC(384) - age   5:       4608 bytes,   16470752 total
[2020-10-06T06:35:42.992+0000][36436][gc,age       ] GC(384) - age   6:      18208 bytes,   16488960 total
[2020-10-06T06:35:42.992+0000][36436][gc,age       ] GC(384) - age   7:       7080 bytes,   16496040 total
[2020-10-06T06:35:42.992+0000][36436][gc,age       ] GC(384) - age   8:       4104 bytes,   16500144 total
[2020-10-06T06:35:42.993+0000][36436][gc,age       ] GC(384) - age   9:       1024 bytes,   16501168 total
[2020-10-06T06:35:42.993+0000][36436][gc,age       ] GC(384) - age  10:       2688 bytes,   16503856 total
[2020-10-06T06:35:42.993+0000][36436][gc,age       ] GC(384) - age  11:       1544 bytes,   16505400 total
[2020-10-06T06:35:42.993+0000][36436][gc,age       ] GC(384) - age  12:       1576 bytes,   16506976 total
[2020-10-06T06:35:42.993+0000][36436][gc,age       ] GC(384) - age  13:       3376 bytes,   16510352 total
[2020-10-06T06:35:42.993+0000][36436][gc,age       ] GC(384) - age  14:        592 bytes,   16510944 total
[2020-10-06T06:35:42.993+0000][36436][gc,age       ] GC(384) - age  15:       1032 bytes,   16511976 total
[2020-10-06T06:35:42.993+0000][36436][gc,phases    ] GC(384)   Pre Evacuate Collection Set: 0.4ms
[2020-10-06T06:35:42.993+0000][36436][gc,phases    ] GC(384)   Merge Heap Roots: 0.1ms
[2020-10-06T06:35:42.993+0000][36436][gc,phases    ] GC(384)   Evacuate Collection Set: 4.5ms
[2020-10-06T06:35:42.993+0000][36436][gc,phases    ] GC(384)   Post Evacuate Collection Set: 1.0ms
[2020-10-06T06:35:42.993+0000][36436][gc,phases    ] GC(384)   Other: 1.1ms
[2020-10-06T06:35:42.993+0000][36436][gc,heap      ] GC(384) Eden regions: 79->0(470)
[2020-10-06T06:35:42.993+0000][36436][gc,heap      ] GC(384) Survivor regions: 6->16(62)
[2020-10-06T06:35:42.993+0000][36436][gc,heap      ] GC(384) Old regions: 80->80
[2020-10-06T06:35:42.993+0000][36436][gc,heap      ] GC(384) Archive regions: 0->0
[2020-10-06T06:35:42.993+0000][36436][gc,heap      ] GC(384) Humongous regions: 324->174
[2020-10-06T06:35:42.993+0000][36436][gc,metaspace ] GC(384) Metaspace: 89799K(95740K)->89799K(95740K) NonClass: 78509K(82044K)->78509K(82044K) Class: 11289K(13696K)->11289K(13696K)
[2020-10-06T06:35:42.993+0000][36436][gc           ] GC(384) Pause Young (Concurrent Start) (G1 Humongous Allocation) 487M->269M(1024M) 7.405ms
[2020-10-06T06:35:42.993+0000][36436][gc,cpu       ] GC(384) User=0.09s Sys=0.00s Real=0.01s
[2020-10-06T06:35:42.993+0000][36436][gc           ] GC(385) Concurrent Cycle
[2020-10-06T06:35:42.993+0000][36436][safepoint    ] Safepoint "G1TryInitiateConcMark", Time since last: 46394100 ns, Reaching safepoint: 179900 ns, At safepoint: 7588000 ns, Total: 7767900 ns
[2020-10-06T06:35:42.993+0000][36436][gc,marking   ] GC(385) Concurrent Clear Claimed Marks
[2020-10-06T06:35:42.994+0000][36436][gc,marking   ] GC(385) Concurrent Clear Claimed Marks 0.633ms
[2020-10-06T06:35:42.994+0000][36436][gc,marking   ] GC(385) Concurrent Scan Root Regions
[2020-10-06T06:35:42.997+0000][36436][gc,marking   ] GC(385) Concurrent Scan Root Regions 3.275ms
[2020-10-06T06:35:42.998+0000][36436][gc,marking   ] GC(385) Concurrent Mark (9013.196s)
[2020-10-06T06:35:42.998+0000][36436][gc,marking   ] GC(385) Concurrent Mark From Roots
[2020-10-06T06:35:42.998+0000][36436][gc,task      ] GC(385) Using 2 workers of 2 for marking
[2020-10-06T06:35:43.140+0000][36436][gc,marking   ] GC(385) Concurrent Mark From Roots 141.355ms
[2020-10-06T06:35:43.140+0000][36436][gc,marking   ] GC(385) Concurrent Preclean
[2020-10-06T06:35:43.140+0000][36436][gc,marking   ] GC(385) Concurrent Preclean 0.763ms
[2020-10-06T06:35:43.140+0000][36436][gc,marking   ] GC(385) Concurrent Mark (9013.196s, 9013.339s) 142.361ms
[2020-10-06T06:35:43.141+0000][36436][gc,start     ] GC(385) Pause Remark
[2020-10-06T06:35:43.147+0000][36436][gc           ] GC(385) Pause Remark 720M->720M(1024M) 6.626ms
[2020-10-06T06:35:43.147+0000][36436][gc,cpu       ] GC(385) User=0.13s Sys=0.00s Real=0.01s
[2020-10-06T06:35:43.147+0000][36436][safepoint    ] Safepoint "G1Concurrent", Time since last: 146657200 ns, Reaching safepoint: 172300 ns, At safepoint: 6814300 ns, Total: 6986600 ns
[2020-10-06T06:35:43.147+0000][36436][gc,marking   ] GC(385) Concurrent Rebuild Remembered Sets
[2020-10-06T06:35:43.236+0000][36436][gc,marking   ] GC(385) Concurrent Rebuild Remembered Sets 88.557ms
[2020-10-06T06:35:43.236+0000][36436][gc,start     ] GC(385) Pause Cleanup
[2020-10-06T06:35:43.236+0000][36436][gc           ] GC(385) Pause Cleanup 850M->850M(1024M) 0.397ms
[2020-10-06T06:35:43.236+0000][36436][gc,cpu       ] GC(385) User=0.00s Sys=0.00s Real=0.00s
[2020-10-06T06:35:43.236+0000][36436][safepoint    ] Safepoint "G1Concurrent", Time since last: 88761900 ns, Reaching safepoint: 172300 ns, At safepoint: 602300 ns, Total: 774600 ns
[2020-10-06T06:35:43.237+0000][36436][gc,marking   ] GC(385) Concurrent Cleanup for Next Mark
[2020-10-06T06:35:43.239+0000][36436][gc,marking   ] GC(385) Concurrent Cleanup for Next Mark 2.366ms
[2020-10-06T06:35:43.239+0000][36436][gc           ] GC(385) Concurrent Cycle 245.809ms
[2020-10-06T06:35:43.270+0000][36436][gc,start     ] GC(386) Pause Young (Concurrent Start) (G1 Humongous Allocation)
[2020-10-06T06:35:43.270+0000][36436][gc,task      ] GC(386) Using 8 workers of 8 for evacuation
[2020-10-06T06:35:43.270+0000][36436][gc,age       ] GC(386) Desired survivor size 31981568 bytes, new threshold 15 (max threshold 15)
[2020-10-06T06:35:43.275+0000][36436][gc,age       ] GC(386) Age table with threshold 15 (max threshold 15)
[2020-10-06T06:35:43.275+0000][36436][gc,age       ] GC(386) - age   1:    4295448 bytes,    4295448 total
[2020-10-06T06:35:43.276+0000][36436][gc,age       ] GC(386) - age   2:      24488 bytes,    4319936 total
[2020-10-06T06:35:43.276+0000][36436][gc,age       ] GC(386) - age   3:       8448 bytes,    4328384 total
[2020-10-06T06:35:43.276+0000][36436][gc,age       ] GC(386) - age   4:       2144 bytes,    4330528 total
[2020-10-06T06:35:43.276+0000][36436][gc,age       ] GC(386) - age   5:       1464 bytes,    4331992 total
[2020-10-06T06:35:43.276+0000][36436][gc,age       ] GC(386) - age   6:       4576 bytes,    4336568 total
[2020-10-06T06:35:43.276+0000][36436][gc,age       ] GC(386) - age   7:      15792 bytes,    4352360 total
[2020-10-06T06:35:43.276+0000][36436][gc,age       ] GC(386) - age   8:       7048 bytes,    4359408 total
[2020-10-06T06:35:43.276+0000][36436][gc,age       ] GC(386) - age   9:       4048 bytes,    4363456 total
[2020-10-06T06:35:43.276+0000][36436][gc,age       ] GC(386) - age  10:        992 bytes,    4364448 total
[2020-10-06T06:35:43.276+0000][36436][gc,age       ] GC(386) - age  11:       2656 bytes,    4367104 total
[2020-10-06T06:35:43.276+0000][36436][gc,age       ] GC(386) - age  12:       1480 bytes,    4368584 total
[2020-10-06T06:35:43.276+0000][36436][gc,age       ] GC(386) - age  13:       1576 bytes,    4370160 total
[2020-10-06T06:35:43.276+0000][36436][gc,age       ] GC(386) - age  14:       3280 bytes,    4373440 total
[2020-10-06T06:35:43.276+0000][36436][gc,age       ] GC(386) - age  15:        592 bytes,    4374032 total
[2020-10-06T06:35:43.276+0000][36436][gc,phases    ] GC(386)   Pre Evacuate Collection Set: 0.4ms
[2020-10-06T06:35:43.276+0000][36436][gc,phases    ] GC(386)   Merge Heap Roots: 0.1ms
[2020-10-06T06:35:43.276+0000][36436][gc,phases    ] GC(386)   Evacuate Collection Set: 2.8ms
[2020-10-06T06:35:43.276+0000][36436][gc,phases    ] GC(386)   Post Evacuate Collection Set: 1.4ms
[2020-10-06T06:35:43.276+0000][36436][gc,phases    ] GC(386)   Other: 1.1ms
[2020-10-06T06:35:43.276+0000][36436][gc,heap      ] GC(386) Eden regions: 151->0(484)
[2020-10-06T06:35:43.276+0000][36436][gc,heap      ] GC(386) Survivor regions: 16->5(61)
[2020-10-06T06:35:43.276+0000][36436][gc,heap      ] GC(386) Old regions: 80->80
[2020-10-06T06:35:43.276+0000][36436][gc,heap      ] GC(386) Archive regions: 0->0
[2020-10-06T06:35:43.276+0000][36436][gc,heap      ] GC(386) Humongous regions: 616->174
[2020-10-06T06:35:43.276+0000][36436][gc,metaspace ] GC(386) Metaspace: 89799K(95740K)->89799K(95740K) NonClass: 78509K(82044K)->78509K(82044K) Class: 11289K(13696K)->11289K(13696K)
[2020-10-06T06:35:43.276+0000][36436][gc           ] GC(386) Pause Young (Concurrent Start) (G1 Humongous Allocation) 861M->257M(1024M) 6.273ms
[2020-10-06T06:35:43.277+0000][36436][gc,cpu       ] GC(386) User=0.00s Sys=0.00s Real=0.01s
[2020-10-06T06:35:43.277+0000][36436][gc           ] GC(387) Concurrent Cycle
[2020-10-06T06:35:43.277+0000][36436][safepoint    ] Safepoint "G1TryInitiateConcMark", Time since last: 33206500 ns, Reaching safepoint: 154700 ns, At safepoint: 6529800 ns, Total: 6684500 ns
[2020-10-06T06:35:43.277+0000][36436][gc,marking   ] GC(387) Concurrent Clear Claimed Marks
[2020-10-06T06:35:43.277+0000][36436][gc,marking   ] GC(387) Concurrent Clear Claimed Marks 0.653ms
[2020-10-06T06:35:43.277+0000][36436][gc,marking   ] GC(387) Concurrent Scan Root Regions
[2020-10-06T06:35:43.280+0000][36436][gc,marking   ] GC(387) Concurrent Scan Root Regions 2.973ms
[2020-10-06T06:35:43.281+0000][36436][gc,marking   ] GC(387) Concurrent Mark (9013.479s)
[2020-10-06T06:35:43.281+0000][36436][gc,marking   ] GC(387) Concurrent Mark From Roots
[2020-10-06T06:35:43.281+0000][36436][gc,task      ] GC(387) Using 2 workers of 2 for marking
[2020-10-06T06:35:43.403+0000][36436][gc,marking   ] GC(387) Concurrent Mark From Roots 122.689ms
[2020-10-06T06:35:43.403+0000][36436][gc,marking   ] GC(387) Concurrent Preclean
[2020-10-06T06:35:43.404+0000][36436][gc,marking   ] GC(387) Concurrent Preclean 0.720ms
[2020-10-06T06:35:43.404+0000][36436][gc,marking   ] GC(387) Concurrent Mark (9013.479s, 9013.603s) 123.623ms
[2020-10-06T06:35:43.404+0000][36436][gc,start     ] GC(387) Pause Remark
[2020-10-06T06:35:43.412+0000][36436][gc           ] GC(387) Pause Remark 457M->457M(1024M) 7.422ms
[2020-10-06T06:35:43.412+0000][36436][gc,cpu       ] GC(387) User=0.13s Sys=0.00s Real=0.01s
[2020-10-06T06:35:43.412+0000][36436][safepoint    ] Safepoint "G1Concurrent", Time since last: 127600600 ns, Reaching safepoint: 331800 ns, At safepoint: 7648800 ns, Total: 7980600 ns
[2020-10-06T06:35:43.412+0000][36436][gc,marking   ] GC(387) Concurrent Rebuild Remembered Sets
[2020-10-06T06:35:43.485+0000][36436][gc,marking   ] GC(387) Concurrent Rebuild Remembered Sets 72.974ms
[2020-10-06T06:35:43.485+0000][36436][gc,start     ] GC(387) Pause Cleanup
[2020-10-06T06:35:43.486+0000][36436][gc           ] GC(387) Pause Cleanup 532M->532M(1024M) 0.308ms
[2020-10-06T06:35:43.486+0000][36436][gc,cpu       ] GC(387) User=0.00s Sys=0.00s Real=0.00s
[2020-10-06T06:35:43.486+0000][36436][safepoint    ] Safepoint "G1Concurrent", Time since last: 73197800 ns, Reaching safepoint: 142000 ns, At safepoint: 445700 ns, Total: 587700 ns
[2020-10-06T06:35:43.486+0000][36436][gc,marking   ] GC(387) Concurrent Cleanup for Next Mark
[2020-10-06T06:35:43.487+0000][36436][gc,marking   ] GC(387) Concurrent Cleanup for Next Mark 1.669ms
[2020-10-06T06:35:43.488+0000][36436][gc           ] GC(387) Concurrent Cycle 211.308ms
[2020-10-06T06:35:43.496+0000][36436][gc,start     ] GC(388) Pause Young (Concurrent Start) (G1 Humongous Allocation)
[2020-10-06T06:35:43.496+0000][36436][gc,task      ] GC(388) Using 8 workers of 8 for evacuation
[2020-10-06T06:35:43.496+0000][36436][gc,age       ] GC(388) Desired survivor size 32505856 bytes, new threshold 15 (max threshold 15)
[2020-10-06T06:35:43.500+0000][36436][gc,age       ] GC(388) Age table with threshold 15 (max threshold 15)
[2020-10-06T06:35:43.500+0000][36436][gc,age       ] GC(388) - age   1:    3694464 bytes,    3694464 total
[2020-10-06T06:35:43.500+0000][36436][gc,age       ] GC(388) - age   2:     603984 bytes,    4298448 total
[2020-10-06T06:35:43.500+0000][36436][gc,age       ] GC(388) - age   3:      22552 bytes,    4321000 total
[2020-10-06T06:35:43.501+0000][36436][gc,age       ] GC(388) - age   4:       7816 bytes,    4328816 total
[2020-10-06T06:35:43.501+0000][36436][gc,age       ] GC(388) - age   5:       1368 bytes,    4330184 total
[2020-10-06T06:35:43.501+0000][36436][gc,age       ] GC(388) - age   6:       1400 bytes,    4331584 total
[2020-10-06T06:35:43.501+0000][36436][gc,age       ] GC(388) - age   7:       4576 bytes,    4336160 total
[2020-10-06T06:35:43.501+0000][36436][gc,age       ] GC(388) - age   8:      15792 bytes,    4351952 total
[2020-10-06T06:35:43.501+0000][36436][gc,age       ] GC(388) - age   9:       7016 bytes,    4358968 total
[2020-10-06T06:35:43.501+0000][36436][gc,age       ] GC(388) - age  10:       4048 bytes,    4363016 total
[2020-10-06T06:35:43.501+0000][36436][gc,age       ] GC(388) - age  11:        992 bytes,    4364008 total
[2020-10-06T06:35:43.501+0000][36436][gc,age       ] GC(388) - age  12:       2656 bytes,    4366664 total
[2020-10-06T06:35:43.501+0000][36436][gc,age       ] GC(388) - age  13:       1480 bytes,    4368144 total
[2020-10-06T06:35:43.501+0000][36436][gc,age       ] GC(388) - age  14:       1576 bytes,    4369720 total
[2020-10-06T06:35:43.501+0000][36436][gc,age       ] GC(388) - age  15:       3280 bytes,    4373000 total
[2020-10-06T06:35:43.501+0000][36436][gc,phases    ] GC(388)   Pre Evacuate Collection Set: 0.4ms
[2020-10-06T06:35:43.501+0000][36436][gc,phases    ] GC(388)   Merge Heap Roots: 0.1ms
[2020-10-06T06:35:43.501+0000][36436][gc,phases    ] GC(388)   Evacuate Collection Set: 2.6ms
[2020-10-06T06:35:43.501+0000][36436][gc,phases    ] GC(388)   Post Evacuate Collection Set: 0.7ms
[2020-10-06T06:35:43.501+0000][36436][gc,phases    ] GC(388)   Other: 0.9ms
[2020-10-06T06:35:43.501+0000][36436][gc,heap      ] GC(388) Eden regions: 80->0(488)
[2020-10-06T06:35:43.501+0000][36436][gc,heap      ] GC(388) Survivor regions: 5->5(62)
[2020-10-06T06:35:43.501+0000][36436][gc,heap      ] GC(388) Old regions: 80->80
[2020-10-06T06:35:43.501+0000][36436][gc,heap      ] GC(388) Archive regions: 0->0
[2020-10-06T06:35:43.501+0000][36436][gc,heap      ] GC(388) Humongous regions: 374->174
[2020-10-06T06:35:43.501+0000][36436][gc,metaspace ] GC(388) Metaspace: 89799K(95740K)->89799K(95740K) NonClass: 78509K(82044K)->78509K(82044K) Class: 11289K(13696K)->11289K(13696K)
[2020-10-06T06:35:43.501+0000][36436][gc           ] GC(388) Pause Young (Concurrent Start) (G1 Humongous Allocation) 537M->257M(1024M) 4.909ms
[2020-10-06T06:35:43.501+0000][36436][gc,cpu       ] GC(388) User=0.00s Sys=0.00s Real=0.00s
[2020-10-06T06:35:43.501+0000][36436][gc           ] GC(389) Concurrent Cycle
[2020-10-06T06:35:43.501+0000][36436][safepoint    ] Safepoint "G1TryInitiateConcMark", Time since last: 10473500 ns, Reaching safepoint: 144100 ns, At safepoint: 5100400 ns, Total: 5244500 ns
[2020-10-06T06:35:43.501+0000][36436][gc,marking   ] GC(389) Concurrent Clear Claimed Marks
[2020-10-06T06:35:43.502+0000][36436][gc,marking   ] GC(389) Concurrent Clear Claimed Marks 0.576ms
[2020-10-06T06:35:43.502+0000][36436][gc,marking   ] GC(389) Concurrent Scan Root Regions
[2020-10-06T06:35:43.505+0000][36436][gc,marking   ] GC(389) Concurrent Scan Root Regions 2.540ms
[2020-10-06T06:35:43.505+0000][36436][gc,marking   ] GC(389) Concurrent Mark (9013.704s)
[2020-10-06T06:35:43.505+0000][36436][gc,marking   ] GC(389) Concurrent Mark From Roots
[2020-10-06T06:35:43.505+0000][36436][gc,task      ] GC(389) Using 2 workers of 2 for marking
[2020-10-06T06:35:43.624+0000][36436][gc,marking   ] GC(389) Concurrent Mark From Roots 118.885ms
[2020-10-06T06:35:43.624+0000][36436][gc,marking   ] GC(389) Concurrent Preclean
[2020-10-06T06:35:43.624+0000][36436][gc,marking   ] GC(389) Concurrent Preclean 0.561ms
[2020-10-06T06:35:43.624+0000][36436][gc,marking   ] GC(389) Concurrent Mark (9013.704s, 9013.823s) 119.586ms
[2020-10-06T06:35:43.625+0000][36436][gc,start     ] GC(389) Pause Remark
[2020-10-06T06:35:43.631+0000][36436][gc           ] GC(389) Pause Remark 334M->334M(1024M) 6.870ms
[2020-10-06T06:35:43.631+0000][36436][gc,cpu       ] GC(389) User=0.11s Sys=0.00s Real=0.01s
[2020-10-06T06:35:43.632+0000][36436][safepoint    ] Safepoint "G1Concurrent", Time since last: 122993000 ns, Reaching safepoint: 157600 ns, At safepoint: 7106200 ns, Total: 7263800 ns
[2020-10-06T06:35:43.632+0000][36436][gc,marking   ] GC(389) Concurrent Rebuild Remembered Sets
[2020-10-06T06:35:43.701+0000][36436][gc,marking   ] GC(389) Concurrent Rebuild Remembered Sets 69.384ms
[2020-10-06T06:35:43.701+0000][36436][gc,start     ] GC(389) Pause Cleanup
[2020-10-06T06:35:43.701+0000][36436][gc           ] GC(389) Pause Cleanup 467M->467M(1024M) 0.287ms
[2020-10-06T06:35:43.701+0000][36436][gc,cpu       ] GC(389) User=0.00s Sys=0.00s Real=0.00s
[2020-10-06T06:35:43.702+0000][36436][safepoint    ] Safepoint "G1Concurrent", Time since last: 69551700 ns, Reaching safepoint: 172700 ns, At safepoint: 458600 ns, Total: 631300 ns
[2020-10-06T06:35:43.702+0000][36436][gc,marking   ] GC(389) Concurrent Cleanup for Next Mark
[2020-10-06T06:35:43.703+0000][36436][gc,marking   ] GC(389) Concurrent Cleanup for Next Mark 1.599ms
[2020-10-06T06:35:43.703+0000][36436][gc           ] GC(389) Concurrent Cycle 202.252ms
[2020-10-06T06:35:43.796+0000][36436][gc,start     ] GC(390) Pause Young (Concurrent Start) (G1 Humongous Allocation)
[2020-10-06T06:35:43.796+0000][36436][gc,task      ] GC(390) Using 8 workers of 8 for evacuation
[2020-10-06T06:35:43.796+0000][36436][gc,age       ] GC(390) Desired survivor size 32505856 bytes, new threshold 15 (max threshold 15)
[2020-10-06T06:35:43.800+0000][36436][gc,age       ] GC(390) Age table with threshold 15 (max threshold 15)
[2020-10-06T06:35:43.800+0000][36436][gc,age       ] GC(390) - age   1:    2408728 bytes,    2408728 total
[2020-10-06T06:35:43.800+0000][36436][gc,age       ] GC(390) - age   2:       4384 bytes,    2413112 total
[2020-10-06T06:35:43.800+0000][36436][gc,age       ] GC(390) - age   3:       2936 bytes,    2416048 total
[2020-10-06T06:35:43.800+0000][36436][gc,age       ] GC(390) - age   4:      20976 bytes,    2437024 total
[2020-10-06T06:35:43.800+0000][36436][gc,age       ] GC(390) - age   5:       6552 bytes,    2443576 total
[2020-10-06T06:35:43.800+0000][36436][gc,age       ] GC(390) - age   6:       1240 bytes,    2444816 total
[2020-10-06T06:35:43.800+0000][36436][gc,age       ] GC(390) - age   7:       1368 bytes,    2446184 total
[2020-10-06T06:35:43.800+0000][36436][gc,age       ] GC(390) - age   8:       4576 bytes,    2450760 total
[2020-10-06T06:35:43.800+0000][36436][gc,age       ] GC(390) - age   9:      15792 bytes,    2466552 total
[2020-10-06T06:35:43.800+0000][36436][gc,age       ] GC(390) - age  10:       6888 bytes,    2473440 total
[2020-10-06T06:35:43.800+0000][36436][gc,age       ] GC(390) - age  11:       3984 bytes,    2477424 total
[2020-10-06T06:35:43.800+0000][36436][gc,age       ] GC(390) - age  12:        992 bytes,    2478416 total
[2020-10-06T06:35:43.800+0000][36436][gc,age       ] GC(390) - age  13:       2656 bytes,    2481072 total
[2020-10-06T06:35:43.800+0000][36436][gc,age       ] GC(390) - age  14:       1480 bytes,    2482552 total
[2020-10-06T06:35:43.800+0000][36436][gc,age       ] GC(390) - age  15:       1576 bytes,    2484128 total
[2020-10-06T06:35:43.800+0000][36436][gc,phases    ] GC(390)   Pre Evacuate Collection Set: 0.4ms
[2020-10-06T06:35:43.800+0000][36436][gc,phases    ] GC(390)   Merge Heap Roots: 0.1ms
[2020-10-06T06:35:43.800+0000][36436][gc,phases    ] GC(390)   Evacuate Collection Set: 2.1ms
[2020-10-06T06:35:43.800+0000][36436][gc,phases    ] GC(390)   Post Evacuate Collection Set: 0.8ms
[2020-10-06T06:35:43.800+0000][36436][gc,phases    ] GC(390)   Other: 1.0ms
[2020-10-06T06:35:43.800+0000][36436][gc,heap      ] GC(390) Eden regions: 71->0(493)
[2020-10-06T06:35:43.800+0000][36436][gc,heap      ] GC(390) Survivor regions: 5->3(62)
[2020-10-06T06:35:43.801+0000][36436][gc,heap      ] GC(390) Old regions: 80->80
[2020-10-06T06:35:43.801+0000][36436][gc,heap      ] GC(390) Archive regions: 0->0
[2020-10-06T06:35:43.801+0000][36436][gc,heap      ] GC(390) Humongous regions: 324->174
[2020-10-06T06:35:43.801+0000][36436][gc,metaspace ] GC(390) Metaspace: 89806K(95740K)->89806K(95740K) NonClass: 78517K(82044K)->78517K(82044K) Class: 11289K(13696K)->11289K(13696K)
[2020-10-06T06:35:43.801+0000][36436][gc           ] GC(390) Pause Young (Concurrent Start) (G1 Humongous Allocation) 478M->255M(1024M) 4.897ms
[2020-10-06T06:35:43.801+0000][36436][gc,cpu       ] GC(390) User=0.02s Sys=0.02s Real=0.01s
[2020-10-06T06:35:43.801+0000][36436][safepoint    ] Safepoint "G1TryInitiateConcMark", Time since last: 94036800 ns, Reaching safepoint: 142200 ns, At safepoint: 5075200 ns, Total: 5217400 ns
[2020-10-06T06:35:43.801+0000][36436][gc           ] GC(391) Concurrent Cycle
[2020-10-06T06:35:43.801+0000][36436][gc,marking   ] GC(391) Concurrent Clear Claimed Marks
[2020-10-06T06:35:43.801+0000][36436][gc,marking   ] GC(391) Concurrent Clear Claimed Marks 0.457ms
[2020-10-06T06:35:43.802+0000][36436][gc,marking   ] GC(391) Concurrent Scan Root Regions
[2020-10-06T06:35:43.804+0000][36436][gc,marking   ] GC(391) Concurrent Scan Root Regions 2.026ms
[2020-10-06T06:35:43.804+0000][36436][gc,marking   ] GC(391) Concurrent Mark (9014.003s)
[2020-10-06T06:35:43.804+0000][36436][gc,marking   ] GC(391) Concurrent Mark From Roots
[2020-10-06T06:35:43.804+0000][36436][gc,task      ] GC(391) Using 2 workers of 2 for marking
[2020-10-06T06:35:43.917+0000][36436][gc,marking   ] GC(391) Concurrent Mark From Roots 113.214ms
[2020-10-06T06:35:43.917+0000][36436][gc,marking   ] GC(391) Concurrent Preclean
[2020-10-06T06:35:43.918+0000][36436][gc,marking   ] GC(391) Concurrent Preclean 0.812ms
[2020-10-06T06:35:43.918+0000][36436][gc,marking   ] GC(391) Concurrent Mark (9014.003s, 9014.117s) 114.267ms
[2020-10-06T06:35:43.918+0000][36436][gc,start     ] GC(391) Pause Remark
[2020-10-06T06:35:43.928+0000][36436][gc           ] GC(391) Pause Remark 422M->422M(1024M) 9.838ms
[2020-10-06T06:35:43.928+0000][36436][gc,cpu       ] GC(391) User=0.08s Sys=0.00s Real=0.01s
[2020-10-06T06:35:43.928+0000][36436][safepoint    ] Safepoint "G1Concurrent", Time since last: 117190300 ns, Reaching safepoint: 245400 ns, At safepoint: 10105300 ns, Total: 10350700 ns
[2020-10-06T06:35:43.929+0000][36436][gc,marking   ] GC(391) Concurrent Rebuild Remembered Sets
[2020-10-06T06:35:44.016+0000][36436][gc,marking   ] GC(391) Concurrent Rebuild Remembered Sets 87.253ms
[2020-10-06T06:35:44.016+0000][36436][gc,start     ] GC(391) Pause Cleanup
[2020-10-06T06:35:44.016+0000][36436][gc           ] GC(391) Pause Cleanup 433M->433M(1024M) 0.328ms
[2020-10-06T06:35:44.016+0000][36436][gc,cpu       ] GC(391) User=0.00s Sys=0.00s Real=0.00s
[2020-10-06T06:35:44.017+0000][36436][safepoint    ] Safepoint "G1Concurrent", Time since last: 87511900 ns, Reaching safepoint: 146800 ns, At safepoint: 517600 ns, Total: 664400 ns
[2020-10-06T06:35:44.017+0000][36436][gc,marking   ] GC(391) Concurrent Cleanup for Next Mark
[2020-10-06T06:35:44.018+0000][36436][gc,marking   ] GC(391) Concurrent Cleanup for Next Mark 1.593ms
[2020-10-06T06:35:44.018+0000][36436][gc           ] GC(391) Concurrent Cycle 217.520ms
[2020-10-06T06:35:44.066+0000][36436][gc,start     ] GC(392) Pause Young (Concurrent Start) (G1 Humongous Allocation)
[2020-10-06T06:35:44.066+0000][36436][gc,task      ] GC(392) Using 8 workers of 8 for evacuation
[2020-10-06T06:35:44.066+0000][36436][gc,age       ] GC(392) Desired survivor size 32505856 bytes, new threshold 15 (max threshold 15)
[2020-10-06T06:35:44.070+0000][36436][gc,age       ] GC(392) Age table with threshold 15 (max threshold 15)
[2020-10-06T06:35:44.070+0000][36436][gc,age       ] GC(392) - age   1:    2460416 bytes,    2460416 total
[2020-10-06T06:35:44.070+0000][36436][gc,age       ] GC(392) - age   2:      16224 bytes,    2476640 total
[2020-10-06T06:35:44.070+0000][36436][gc,age       ] GC(392) - age   3:       3176 bytes,    2479816 total
[2020-10-06T06:35:44.070+0000][36436][gc,age       ] GC(392) - age   4:       2168 bytes,    2481984 total
[2020-10-06T06:35:44.070+0000][36436][gc,age       ] GC(392) - age   5:      19736 bytes,    2501720 total
[2020-10-06T06:35:44.070+0000][36436][gc,age       ] GC(392) - age   6:       6552 bytes,    2508272 total
[2020-10-06T06:35:44.070+0000][36436][gc,age       ] GC(392) - age   7:       1240 bytes,    2509512 total
[2020-10-06T06:35:44.070+0000][36436][gc,age       ] GC(392) - age   8:       1304 bytes,    2510816 total
[2020-10-06T06:35:44.070+0000][36436][gc,age       ] GC(392) - age   9:       4576 bytes,    2515392 total
[2020-10-06T06:35:44.070+0000][36436][gc,age       ] GC(392) - age  10:      15792 bytes,    2531184 total
[2020-10-06T06:35:44.070+0000][36436][gc,age       ] GC(392) - age  11:       6888 bytes,    2538072 total
[2020-10-06T06:35:44.070+0000][36436][gc,age       ] GC(392) - age  12:       3984 bytes,    2542056 total
[2020-10-06T06:35:44.070+0000][36436][gc,age       ] GC(392) - age  13:        992 bytes,    2543048 total
[2020-10-06T06:35:44.070+0000][36436][gc,age       ] GC(392) - age  14:       2624 bytes,    2545672 total
[2020-10-06T06:35:44.070+0000][36436][gc,age       ] GC(392) - age  15:       1480 bytes,    2547152 total
[2020-10-06T06:35:44.070+0000][36436][gc,phases    ] GC(392)   Pre Evacuate Collection Set: 0.4ms
[2020-10-06T06:35:44.070+0000][36436][gc,phases    ] GC(392)   Merge Heap Roots: 0.1ms
[2020-10-06T06:35:44.070+0000][36436][gc,phases    ] GC(392)   Evacuate Collection Set: 2.1ms
[2020-10-06T06:35:44.070+0000][36436][gc,phases    ] GC(392)   Post Evacuate Collection Set: 0.8ms
[2020-10-06T06:35:44.070+0000][36436][gc,phases    ] GC(392)   Other: 1.0ms
[2020-10-06T06:35:44.071+0000][36436][gc,heap      ] GC(392) Eden regions: 56->0(495)
[2020-10-06T06:35:44.071+0000][36436][gc,heap      ] GC(392) Survivor regions: 3->3(62)
[2020-10-06T06:35:44.071+0000][36436][gc,heap      ] GC(392) Old regions: 80->80
[2020-10-06T06:35:44.071+0000][36436][gc,heap      ] GC(392) Archive regions: 0->0
[2020-10-06T06:35:44.071+0000][36436][gc,heap      ] GC(392) Humongous regions: 300->174
[2020-10-06T06:35:44.071+0000][36436][gc,metaspace ] GC(392) Metaspace: 89809K(95740K)->89809K(95740K) NonClass: 78519K(82044K)->78519K(82044K) Class: 11289K(13696K)->11289K(13696K)
[2020-10-06T06:35:44.071+0000][36436][gc           ] GC(392) Pause Young (Concurrent Start) (G1 Humongous Allocation) 437M->255M(1024M) 4.869ms
[2020-10-06T06:35:44.071+0000][36436][gc,cpu       ] GC(392) User=0.02s Sys=0.00s Real=0.01s
[2020-10-06T06:35:44.071+0000][36436][gc           ] GC(393) Concurrent Cycle
[2020-10-06T06:35:44.071+0000][36436][safepoint    ] Safepoint "G1TryInitiateConcMark", Time since last: 49218100 ns, Reaching safepoint: 167900 ns, At safepoint: 5112200 ns, Total: 5280100 ns
[2020-10-06T06:35:44.071+0000][36436][gc,marking   ] GC(393) Concurrent Clear Claimed Marks
[2020-10-06T06:35:44.072+0000][36436][gc,marking   ] GC(393) Concurrent Clear Claimed Marks 0.754ms
[2020-10-06T06:35:44.072+0000][36436][gc,marking   ] GC(393) Concurrent Scan Root Regions
[2020-10-06T06:35:44.075+0000][36436][gc,marking   ] GC(393) Concurrent Scan Root Regions 2.720ms
[2020-10-06T06:35:44.075+0000][36436][gc,marking   ] GC(393) Concurrent Mark (9014.274s)
[2020-10-06T06:35:44.075+0000][36436][gc,marking   ] GC(393) Concurrent Mark From Roots
[2020-10-06T06:35:44.075+0000][36436][gc,task      ] GC(393) Using 2 workers of 2 for marking
[2020-10-06T06:35:44.229+0000][36436][gc,marking   ] GC(393) Concurrent Mark From Roots 154.430ms
[2020-10-06T06:35:44.230+0000][36436][gc,marking   ] GC(393) Concurrent Preclean
[2020-10-06T06:35:44.230+0000][36436][gc,marking   ] GC(393) Concurrent Preclean 0.799ms
[2020-10-06T06:35:44.230+0000][36436][gc,marking   ] GC(393) Concurrent Mark (9014.274s, 9014.430s) 155.437ms
[2020-10-06T06:35:44.231+0000][36436][gc,start     ] GC(393) Pause Remark
[2020-10-06T06:35:44.239+0000][36436][gc           ] GC(393) Pause Remark 376M->376M(1024M) 8.268ms
[2020-10-06T06:35:44.239+0000][36436][gc,cpu       ] GC(393) User=0.08s Sys=0.00s Real=0.01s
[2020-10-06T06:35:44.239+0000][36436][safepoint    ] Safepoint "G1Concurrent", Time since last: 159370000 ns, Reaching safepoint: 189200 ns, At safepoint: 8521100 ns, Total: 8710300 ns
[2020-10-06T06:35:44.239+0000][36436][gc,marking   ] GC(393) Concurrent Rebuild Remembered Sets
[2020-10-06T06:35:44.332+0000][36436][gc,marking   ] GC(393) Concurrent Rebuild Remembered Sets 92.020ms
[2020-10-06T06:35:44.332+0000][36436][gc,start     ] GC(393) Pause Cleanup
[2020-10-06T06:35:44.332+0000][36436][gc           ] GC(393) Pause Cleanup 436M->436M(1024M) 0.309ms
[2020-10-06T06:35:44.332+0000][36436][gc,cpu       ] GC(393) User=0.00s Sys=0.00s Real=0.00s
[2020-10-06T06:35:44.333+0000][36436][safepoint    ] Safepoint "G1Concurrent", Time since last: 92211700 ns, Reaching safepoint: 163200 ns, At safepoint: 490800 ns, Total: 654000 ns
[2020-10-06T06:35:44.333+0000][36436][gc,marking   ] GC(393) Concurrent Cleanup for Next Mark
[2020-10-06T06:35:44.334+0000][36436][gc,marking   ] GC(393) Concurrent Cleanup for Next Mark 1.544ms
[2020-10-06T06:35:44.334+0000][36436][gc           ] GC(393) Concurrent Cycle 262.703ms
[2020-10-06T06:35:44.463+0000][36436][gc,start     ] GC(394) Pause Young (Concurrent Start) (G1 Humongous Allocation)
[2020-10-06T06:35:44.463+0000][36436][gc,task      ] GC(394) Using 8 workers of 8 for evacuation
[2020-10-06T06:35:44.463+0000][36436][gc,age       ] GC(394) Desired survivor size 33030144 bytes, new threshold 15 (max threshold 15)
[2020-10-06T06:35:44.467+0000][36436][gc,age       ] GC(394) Age table with threshold 15 (max threshold 15)
[2020-10-06T06:35:44.467+0000][36436][gc,age       ] GC(394) - age   1:    2592464 bytes,    2592464 total
[2020-10-06T06:35:44.467+0000][36436][gc,age       ] GC(394) - age   2:       6768 bytes,    2599232 total
[2020-10-06T06:35:44.467+0000][36436][gc,age       ] GC(394) - age   3:      12768 bytes,    2612000 total
[2020-10-06T06:35:44.467+0000][36436][gc,age       ] GC(394) - age   4:       1688 bytes,    2613688 total
[2020-10-06T06:35:44.467+0000][36436][gc,age       ] GC(394) - age   5:       1976 bytes,    2615664 total
[2020-10-06T06:35:44.467+0000][36436][gc,age       ] GC(394) - age   6:      19672 bytes,    2635336 total
[2020-10-06T06:35:44.467+0000][36436][gc,age       ] GC(394) - age   7:       3144 bytes,    2638480 total
[2020-10-06T06:35:44.467+0000][36436][gc,age       ] GC(394) - age   8:        776 bytes,    2639256 total
[2020-10-06T06:35:44.467+0000][36436][gc,age       ] GC(394) - age   9:       1304 bytes,    2640560 total
[2020-10-06T06:35:44.467+0000][36436][gc,age       ] GC(394) - age  10:       4576 bytes,    2645136 total
[2020-10-06T06:35:44.467+0000][36436][gc,age       ] GC(394) - age  11:      15792 bytes,    2660928 total
[2020-10-06T06:35:44.467+0000][36436][gc,age       ] GC(394) - age  12:       6888 bytes,    2667816 total
[2020-10-06T06:35:44.467+0000][36436][gc,age       ] GC(394) - age  13:       3984 bytes,    2671800 total
[2020-10-06T06:35:44.467+0000][36436][gc,age       ] GC(394) - age  14:        928 bytes,    2672728 total
[2020-10-06T06:35:44.467+0000][36436][gc,age       ] GC(394) - age  15:       2624 bytes,    2675352 total
[2020-10-06T06:35:44.467+0000][36436][gc,phases    ] GC(394)   Pre Evacuate Collection Set: 0.4ms
[2020-10-06T06:35:44.467+0000][36436][gc,phases    ] GC(394)   Merge Heap Roots: 0.1ms
[2020-10-06T06:35:44.467+0000][36436][gc,phases    ] GC(394)   Evacuate Collection Set: 2.1ms
[2020-10-06T06:35:44.467+0000][36436][gc,phases    ] GC(394)   Post Evacuate Collection Set: 0.8ms
[2020-10-06T06:35:44.467+0000][36436][gc,phases    ] GC(394)   Other: 0.8ms
[2020-10-06T06:35:44.467+0000][36436][gc,heap      ] GC(394) Eden regions: 57->0(497)
[2020-10-06T06:35:44.467+0000][36436][gc,heap      ] GC(394) Survivor regions: 3->3(63)
[2020-10-06T06:35:44.467+0000][36436][gc,heap      ] GC(394) Old regions: 80->80
[2020-10-06T06:35:44.467+0000][36436][gc,heap      ] GC(394) Archive regions: 0->0
[2020-10-06T06:35:44.467+0000][36436][gc,heap      ] GC(394) Humongous regions: 304->174
[2020-10-06T06:35:44.467+0000][36436][gc,metaspace ] GC(394) Metaspace: 89820K(95740K)->89820K(95740K) NonClass: 78530K(82044K)->78530K(82044K) Class: 11290K(13696K)->11290K(13696K)
[2020-10-06T06:35:44.467+0000][36436][gc           ] GC(394) Pause Young (Concurrent Start) (G1 Humongous Allocation) 442M->255M(1024M) 4.537ms
[2020-10-06T06:35:44.468+0000][36436][gc,cpu       ] GC(394) User=0.00s Sys=0.00s Real=0.00s
[2020-10-06T06:35:44.468+0000][36436][gc           ] GC(395) Concurrent Cycle
[2020-10-06T06:35:44.468+0000][36436][safepoint    ] Safepoint "G1TryInitiateConcMark", Time since last: 130210400 ns, Reaching safepoint: 172800 ns, At safepoint: 4737900 ns, Total: 4910700 ns
[2020-10-06T06:35:44.468+0000][36436][gc,marking   ] GC(395) Concurrent Clear Claimed Marks
[2020-10-06T06:35:44.468+0000][36436][gc,marking   ] GC(395) Concurrent Clear Claimed Marks 0.730ms
[2020-10-06T06:35:44.469+0000][36436][gc,marking   ] GC(395) Concurrent Scan Root Regions
[2020-10-06T06:35:44.472+0000][36436][gc,marking   ] GC(395) Concurrent Scan Root Regions 3.052ms
[2020-10-06T06:35:44.472+0000][36436][gc,marking   ] GC(395) Concurrent Mark (9014.671s)
[2020-10-06T06:35:44.472+0000][36436][gc,marking   ] GC(395) Concurrent Mark From Roots
[2020-10-06T06:35:44.472+0000][36436][gc,task      ] GC(395) Using 2 workers of 2 for marking
[2020-10-06T06:35:44.612+0000][36436][gc,marking   ] GC(395) Concurrent Mark From Roots 140.822ms
[2020-10-06T06:35:44.612+0000][36436][gc,marking   ] GC(395) Concurrent Preclean
[2020-10-06T06:35:44.613+0000][36436][gc,marking   ] GC(395) Concurrent Preclean 0.511ms
[2020-10-06T06:35:44.613+0000][36436][gc,marking   ] GC(395) Concurrent Mark (9014.671s, 9014.812s) 141.502ms
[2020-10-06T06:35:44.613+0000][36436][gc,start     ] GC(395) Pause Remark
[2020-10-06T06:35:44.621+0000][36436][gc           ] GC(395) Pause Remark 785M->785M(1024M) 7.559ms
[2020-10-06T06:35:44.622+0000][36436][gc,cpu       ] GC(395) User=0.11s Sys=0.00s Real=0.01s
[2020-10-06T06:35:44.622+0000][36436][safepoint    ] Safepoint "G1Concurrent", Time since last: 145764500 ns, Reaching safepoint: 157000 ns, At safepoint: 7800100 ns, Total: 7957100 ns
[2020-10-06T06:35:44.622+0000][36436][gc,marking   ] GC(395) Concurrent Rebuild Remembered Sets
[2020-10-06T06:35:44.699+0000][36436][gc,marking   ] GC(395) Concurrent Rebuild Remembered Sets 77.894ms
[2020-10-06T06:35:44.699+0000][36436][gc,start     ] GC(395) Pause Cleanup
[2020-10-06T06:35:44.699+0000][36436][gc           ] GC(395) Pause Cleanup 915M->915M(1024M) 0.292ms
[2020-10-06T06:35:44.699+0000][36436][gc,cpu       ] GC(395) User=0.00s Sys=0.00s Real=0.00s
[2020-10-06T06:35:44.699+0000][36436][safepoint    ] Safepoint "G1Concurrent", Time since last: 78069600 ns, Reaching safepoint: 135600 ns, At safepoint: 456900 ns, Total: 592500 ns
[2020-10-06T06:35:44.700+0000][36436][gc,marking   ] GC(395) Concurrent Cleanup for Next Mark
[2020-10-06T06:35:44.701+0000][36436][gc,marking   ] GC(395) Concurrent Cleanup for Next Mark 1.688ms
[2020-10-06T06:35:44.701+0000][36436][gc           ] GC(395) Concurrent Cycle 234.259ms
[2020-10-06T06:35:44.735+0000][36436][gc,start     ] GC(396) Pause Young (Concurrent Start) (G1 Humongous Allocation)
[2020-10-06T06:35:44.736+0000][36436][gc,task      ] GC(396) Using 8 workers of 8 for evacuation
[2020-10-06T06:35:44.736+0000][36436][gc,age       ] GC(396) Desired survivor size 33030144 bytes, new threshold 15 (max threshold 15)
[2020-10-06T06:35:44.740+0000][36436][gc,age       ] GC(396) Age table with threshold 15 (max threshold 15)
[2020-10-06T06:35:44.740+0000][36436][gc,age       ] GC(396) - age   1:    4244864 bytes,    4244864 total
[2020-10-06T06:35:44.740+0000][36436][gc,age       ] GC(396) - age   2:       8864 bytes,    4253728 total
[2020-10-06T06:35:44.742+0000][36436][gc,age       ] GC(396) - age   3:       2600 bytes,    4256328 total
[2020-10-06T06:35:44.742+0000][36436][gc,age       ] GC(396) - age   4:       8400 bytes,    4264728 total
[2020-10-06T06:35:44.742+0000][36436][gc,age       ] GC(396) - age   5:        920 bytes,    4265648 total
[2020-10-06T06:35:44.742+0000][36436][gc,age       ] GC(396) - age   6:       1368 bytes,    4267016 total
[2020-10-06T06:35:44.742+0000][36436][gc,age       ] GC(396) - age   7:      17200 bytes,    4284216 total
[2020-10-06T06:35:44.742+0000][36436][gc,age       ] GC(396) - age   8:       2704 bytes,    4286920 total
[2020-10-06T06:35:44.742+0000][36436][gc,age       ] GC(396) - age   9:        616 bytes,    4287536 total
[2020-10-06T06:35:44.742+0000][36436][gc,age       ] GC(396) - age  10:       1208 bytes,    4288744 total
[2020-10-06T06:35:44.742+0000][36436][gc,age       ] GC(396) - age  11:       4576 bytes,    4293320 total
[2020-10-06T06:35:44.742+0000][36436][gc,age       ] GC(396) - age  12:      15664 bytes,    4308984 total
[2020-10-06T06:35:44.742+0000][36436][gc,age       ] GC(396) - age  13:       6888 bytes,    4315872 total
[2020-10-06T06:35:44.742+0000][36436][gc,age       ] GC(396) - age  14:       3952 bytes,    4319824 total
[2020-10-06T06:35:44.742+0000][36436][gc,age       ] GC(396) - age  15:        928 bytes,    4320752 total
[2020-10-06T06:35:44.742+0000][36436][gc,phases    ] GC(396)   Pre Evacuate Collection Set: 0.4ms
[2020-10-06T06:35:44.742+0000][36436][gc,phases    ] GC(396)   Merge Heap Roots: 0.1ms
[2020-10-06T06:35:44.742+0000][36436][gc,phases    ] GC(396)   Evacuate Collection Set: 2.8ms
[2020-10-06T06:35:44.742+0000][36436][gc,phases    ] GC(396)   Post Evacuate Collection Set: 1.2ms
[2020-10-06T06:35:44.742+0000][36436][gc,phases    ] GC(396)   Other: 1.0ms
[2020-10-06T06:35:44.742+0000][36436][gc,heap      ] GC(396) Eden regions: 185->0(495)
[2020-10-06T06:35:44.742+0000][36436][gc,heap      ] GC(396) Survivor regions: 3->5(63)
[2020-10-06T06:35:44.742+0000][36436][gc,heap      ] GC(396) Old regions: 80->80
[2020-10-06T06:35:44.742+0000][36436][gc,heap      ] GC(396) Archive regions: 0->0
[2020-10-06T06:35:44.742+0000][36436][gc,heap      ] GC(396) Humongous regions: 660->174
[2020-10-06T06:35:44.742+0000][36436][gc,metaspace ] GC(396) Metaspace: 89820K(95740K)->89820K(95740K) NonClass: 78530K(82044K)->78530K(82044K) Class: 11290K(13696K)->11290K(13696K)
[2020-10-06T06:35:44.742+0000][36436][gc           ] GC(396) Pause Young (Concurrent Start) (G1 Humongous Allocation) 926M->257M(1024M) 5.828ms
[2020-10-06T06:35:44.742+0000][36436][gc,cpu       ] GC(396) User=0.11s Sys=0.00s Real=0.01s
[2020-10-06T06:35:44.742+0000][36436][gc           ] GC(397) Concurrent Cycle
[2020-10-06T06:35:44.742+0000][36436][safepoint    ] Safepoint "G1TryInitiateConcMark", Time since last: 35881500 ns, Reaching safepoint: 119100 ns, At safepoint: 5998500 ns, Total: 6117600 ns
[2020-10-06T06:35:44.742+0000][36436][gc,marking   ] GC(397) Concurrent Clear Claimed Marks
[2020-10-06T06:35:44.742+0000][36436][gc,marking   ] GC(397) Concurrent Clear Claimed Marks 0.440ms
[2020-10-06T06:35:44.742+0000][36436][gc,marking   ] GC(397) Concurrent Scan Root Regions
[2020-10-06T06:35:44.745+0000][36436][gc,marking   ] GC(397) Concurrent Scan Root Regions 3.125ms
[2020-10-06T06:35:44.745+0000][36436][gc,marking   ] GC(397) Concurrent Mark (9014.945s)
[2020-10-06T06:35:44.745+0000][36436][gc,marking   ] GC(397) Concurrent Mark From Roots
[2020-10-06T06:35:44.745+0000][36436][gc,task      ] GC(397) Using 2 workers of 2 for marking
[2020-10-06T06:35:44.849+0000][36436][gc,marking   ] GC(397) Concurrent Mark From Roots 103.692ms
[2020-10-06T06:35:44.849+0000][36436][gc,marking   ] GC(397) Concurrent Preclean
[2020-10-06T06:35:44.850+0000][36436][gc,marking   ] GC(397) Concurrent Preclean 0.903ms
[2020-10-06T06:35:44.850+0000][36436][gc,marking   ] GC(397) Concurrent Mark (9014.945s, 9015.049s) 104.832ms
[2020-10-06T06:35:44.850+0000][36436][gc,start     ] GC(397) Pause Remark
[2020-10-06T06:35:44.879+0000][36436][gc           ] GC(397) Pause Remark 454M->454M(1024M) 28.154ms
[2020-10-06T06:35:44.879+0000][36436][gc,cpu       ] GC(397) User=0.05s Sys=0.02s Real=0.03s
[2020-10-06T06:35:44.879+0000][36436][safepoint    ] Safepoint "G1Concurrent", Time since last: 108736800 ns, Reaching safepoint: 145300 ns, At safepoint: 28381300 ns, Total: 28526600 ns
[2020-10-06T06:35:44.879+0000][36436][gc,marking   ] GC(397) Concurrent Rebuild Remembered Sets
[2020-10-06T06:35:44.944+0000][36436][gc,marking   ] GC(397) Concurrent Rebuild Remembered Sets 64.888ms
[2020-10-06T06:35:44.944+0000][36436][gc,start     ] GC(397) Pause Cleanup
[2020-10-06T06:35:44.944+0000][36436][gc           ] GC(397) Pause Cleanup 532M->532M(1024M) 0.321ms
[2020-10-06T06:35:44.945+0000][36436][gc,cpu       ] GC(397) User=0.00s Sys=0.00s Real=0.00s
[2020-10-06T06:35:44.945+0000][36436][safepoint    ] Safepoint "G1Concurrent", Time since last: 65107200 ns, Reaching safepoint: 160400 ns, At safepoint: 492500 ns, Total: 652900 ns
[2020-10-06T06:35:44.945+0000][36436][gc,marking   ] GC(397) Concurrent Cleanup for Next Mark
[2020-10-06T06:35:44.947+0000][36436][gc,marking   ] GC(397) Concurrent Cleanup for Next Mark 1.891ms
[2020-10-06T06:35:44.947+0000][36436][gc           ] GC(397) Concurrent Cycle 205.145ms
[2020-10-06T06:35:45.033+0000][36436][gc,start     ] GC(398) Pause Young (Concurrent Start) (G1 Humongous Allocation)
[2020-10-06T06:35:45.034+0000][36436][gc,task      ] GC(398) Using 8 workers of 8 for evacuation
[2020-10-06T06:35:45.034+0000][36436][gc,age       ] GC(398) Desired survivor size 33030144 bytes, new threshold 15 (max threshold 15)
[2020-10-06T06:35:45.040+0000][36436][gc,age       ] GC(398) Age table with threshold 15 (max threshold 15)
[2020-10-06T06:35:45.040+0000][36436][gc,age       ] GC(398) - age   1:   13476224 bytes,   13476224 total
[2020-10-06T06:35:45.040+0000][36436][gc,age       ] GC(398) - age   2:       4584 bytes,   13480808 total
[2020-10-06T06:35:45.040+0000][36436][gc,age       ] GC(398) - age   3:       8152 bytes,   13488960 total
[2020-10-06T06:35:45.040+0000][36436][gc,age       ] GC(398) - age   4:       1296 bytes,   13490256 total
[2020-10-06T06:35:45.040+0000][36436][gc,age       ] GC(398) - age   5:       7376 bytes,   13497632 total
[2020-10-06T06:35:45.040+0000][36436][gc,age       ] GC(398) - age   6:        760 bytes,   13498392 total
[2020-10-06T06:35:45.040+0000][36436][gc,age       ] GC(398) - age   7:       1208 bytes,   13499600 total
[2020-10-06T06:35:45.040+0000][36436][gc,age       ] GC(398) - age   8:      17176 bytes,   13516776 total
[2020-10-06T06:35:45.040+0000][36436][gc,age       ] GC(398) - age   9:       2704 bytes,   13519480 total
[2020-10-06T06:35:45.040+0000][36436][gc,age       ] GC(398) - age  10:        520 bytes,   13520000 total
[2020-10-06T06:35:45.040+0000][36436][gc,age       ] GC(398) - age  11:       1144 bytes,   13521144 total
[2020-10-06T06:35:45.040+0000][36436][gc,age       ] GC(398) - age  12:       4576 bytes,   13525720 total
[2020-10-06T06:35:45.040+0000][36436][gc,age       ] GC(398) - age  13:      15664 bytes,   13541384 total
[2020-10-06T06:35:45.040+0000][36436][gc,age       ] GC(398) - age  14:       6888 bytes,   13548272 total
[2020-10-06T06:35:45.040+0000][36436][gc,age       ] GC(398) - age  15:       3952 bytes,   13552224 total
[2020-10-06T06:35:45.040+0000][36436][gc,phases    ] GC(398)   Pre Evacuate Collection Set: 0.5ms
[2020-10-06T06:35:45.040+0000][36436][gc,phases    ] GC(398)   Merge Heap Roots: 0.1ms
[2020-10-06T06:35:45.041+0000][36436][gc,phases    ] GC(398)   Evacuate Collection Set: 3.8ms
[2020-10-06T06:35:45.041+0000][36436][gc,phases    ] GC(398)   Post Evacuate Collection Set: 1.5ms
[2020-10-06T06:35:45.041+0000][36436][gc,phases    ] GC(398)   Other: 1.2ms
[2020-10-06T06:35:45.041+0000][36436][gc,heap      ] GC(398) Eden regions: 105->0(478)
[2020-10-06T06:35:45.041+0000][36436][gc,heap      ] GC(398) Survivor regions: 5->14(63)
[2020-10-06T06:35:45.041+0000][36436][gc,heap      ] GC(398) Old regions: 80->80
[2020-10-06T06:35:45.041+0000][36436][gc,heap      ] GC(398) Archive regions: 0->0
[2020-10-06T06:35:45.041+0000][36436][gc,heap      ] GC(398) Humongous regions: 372->174
[2020-10-06T06:35:45.041+0000][36436][gc,metaspace ] GC(398) Metaspace: 89826K(95740K)->89826K(95740K) NonClass: 78535K(82044K)->78535K(82044K) Class: 11290K(13696K)->11290K(13696K)
[2020-10-06T06:35:45.041+0000][36436][gc           ] GC(398) Pause Young (Concurrent Start) (G1 Humongous Allocation) 560M->266M(1024M) 7.568ms
[2020-10-06T06:35:45.041+0000][36436][gc,cpu       ] GC(398) User=0.11s Sys=0.00s Real=0.01s
[2020-10-06T06:35:45.041+0000][36436][gc           ] GC(399) Concurrent Cycle
[2020-10-06T06:35:45.041+0000][36436][gc,marking   ] GC(399) Concurrent Clear Claimed Marks
[2020-10-06T06:35:45.041+0000][36436][safepoint    ] Safepoint "G1TryInitiateConcMark", Time since last: 88500700 ns, Reaching safepoint: 256800 ns, At safepoint: 7898000 ns, Total: 8154800 ns
[2020-10-06T06:35:45.043+0000][36436][gc,marking   ] GC(399) Concurrent Clear Claimed Marks 0.491ms
[2020-10-06T06:35:45.043+0000][36436][gc,marking   ] GC(399) Concurrent Scan Root Regions
[2020-10-06T06:35:45.045+0000][36436][gc,marking   ] GC(399) Concurrent Scan Root Regions 2.836ms
[2020-10-06T06:35:45.045+0000][36436][gc,marking   ] GC(399) Concurrent Mark (9015.244s)
[2020-10-06T06:35:45.045+0000][36436][gc,marking   ] GC(399) Concurrent Mark From Roots
[2020-10-06T06:35:45.045+0000][36436][gc,task      ] GC(399) Using 2 workers of 2 for marking
[2020-10-06T06:35:45.214+0000][36436][gc,marking   ] GC(399) Concurrent Mark From Roots 169.375ms
[2020-10-06T06:35:45.214+0000][36436][gc,marking   ] GC(399) Concurrent Preclean
[2020-10-06T06:35:45.215+0000][36436][gc,marking   ] GC(399) Concurrent Preclean 0.845ms
[2020-10-06T06:35:45.215+0000][36436][gc,marking   ] GC(399) Concurrent Mark (9015.244s, 9015.414s) 170.434ms
[2020-10-06T06:35:45.216+0000][36436][gc,start     ] GC(399) Pause Remark
[2020-10-06T06:35:45.223+0000][36436][gc           ] GC(399) Pause Remark 854M->854M(1024M) 7.471ms
[2020-10-06T06:35:45.223+0000][36436][gc,cpu       ] GC(399) User=0.09s Sys=0.02s Real=0.01s
[2020-10-06T06:35:45.224+0000][36436][safepoint    ] Safepoint "G1Concurrent", Time since last: 174104200 ns, Reaching safepoint: 199200 ns, At safepoint: 8634700 ns, Total: 8833900 ns
[2020-10-06T06:35:45.224+0000][36436][gc,marking   ] GC(399) Concurrent Rebuild Remembered Sets
[2020-10-06T06:35:45.317+0000][36436][gc,marking   ] GC(399) Concurrent Rebuild Remembered Sets 92.421ms
[2020-10-06T06:35:45.317+0000][36436][gc,start     ] GC(399) Pause Cleanup
[2020-10-06T06:35:45.317+0000][36436][gc           ] GC(399) Pause Cleanup 860M->860M(1024M) 0.367ms
[2020-10-06T06:35:45.317+0000][36436][gc,cpu       ] GC(399) User=0.00s Sys=0.00s Real=0.00s
[2020-10-06T06:35:45.317+0000][36436][safepoint    ] Safepoint "G1Concurrent", Time since last: 92679300 ns, Reaching safepoint: 167700 ns, At safepoint: 540500 ns, Total: 708200 ns
[2020-10-06T06:35:45.317+0000][36436][gc,marking   ] GC(399) Concurrent Cleanup for Next Mark
[2020-10-06T06:35:45.319+0000][36436][gc,marking   ] GC(399) Concurrent Cleanup for Next Mark 1.641ms
[2020-10-06T06:35:45.319+0000][36436][gc           ] GC(399) Concurrent Cycle 278.240ms
[2020-10-06T06:35:45.341+0000][36436][gc,start     ] GC(400) Pause Young (Concurrent Start) (G1 Humongous Allocation)
[2020-10-06T06:35:45.341+0000][36436][gc,task      ] GC(400) Using 8 workers of 8 for evacuation
[2020-10-06T06:35:45.341+0000][36436][gc,age       ] GC(400) Desired survivor size 32505856 bytes, new threshold 15 (max threshold 15)
[2020-10-06T06:35:45.345+0000][36436][gc,age       ] GC(400) Age table with threshold 15 (max threshold 15)
[2020-10-06T06:35:45.345+0000][36436][gc,age       ] GC(400) - age   1:    2444752 bytes,    2444752 total
[2020-10-06T06:35:45.345+0000][36436][gc,age       ] GC(400) - age   2:       6632 bytes,    2451384 total
[2020-10-06T06:35:45.345+0000][36436][gc,age       ] GC(400) - age   3:       3456 bytes,    2454840 total
[2020-10-06T06:35:45.345+0000][36436][gc,age       ] GC(400) - age   4:       7720 bytes,    2462560 total
[2020-10-06T06:35:45.345+0000][36436][gc,age       ] GC(400) - age   5:       1296 bytes,    2463856 total
[2020-10-06T06:35:45.345+0000][36436][gc,age       ] GC(400) - age   6:       7200 bytes,    2471056 total
[2020-10-06T06:35:45.345+0000][36436][gc,age       ] GC(400) - age   7:        760 bytes,    2471816 total
[2020-10-06T06:35:45.345+0000][36436][gc,age       ] GC(400) - age   8:       1112 bytes,    2472928 total
[2020-10-06T06:35:45.345+0000][36436][gc,age       ] GC(400) - age   9:      17112 bytes,    2490040 total
[2020-10-06T06:35:45.345+0000][36436][gc,age       ] GC(400) - age  10:       2704 bytes,    2492744 total
[2020-10-06T06:35:45.345+0000][36436][gc,age       ] GC(400) - age  11:        520 bytes,    2493264 total
[2020-10-06T06:35:45.345+0000][36436][gc,age       ] GC(400) - age  12:       1048 bytes,    2494312 total
[2020-10-06T06:35:45.345+0000][36436][gc,age       ] GC(400) - age  13:       4576 bytes,    2498888 total
[2020-10-06T06:35:45.345+0000][36436][gc,age       ] GC(400) - age  14:      15568 bytes,    2514456 total
[2020-10-06T06:35:45.345+0000][36436][gc,age       ] GC(400) - age  15:       6888 bytes,    2521344 total
[2020-10-06T06:35:45.345+0000][36436][gc,phases    ] GC(400)   Pre Evacuate Collection Set: 0.4ms
[2020-10-06T06:35:45.345+0000][36436][gc,phases    ] GC(400)   Merge Heap Roots: 0.1ms
[2020-10-06T06:35:45.345+0000][36436][gc,phases    ] GC(400)   Evacuate Collection Set: 1.9ms
[2020-10-06T06:35:45.345+0000][36436][gc,phases    ] GC(400)   Post Evacuate Collection Set: 1.0ms
[2020-10-06T06:35:45.345+0000][36436][gc,phases    ] GC(400)   Other: 0.8ms
[2020-10-06T06:35:45.345+0000][36436][gc,heap      ] GC(400) Eden regions: 158->0(483)
[2020-10-06T06:35:45.346+0000][36436][gc,heap      ] GC(400) Survivor regions: 14->3(62)
[2020-10-06T06:35:45.346+0000][36436][gc,heap      ] GC(400) Old regions: 80->80
[2020-10-06T06:35:45.346+0000][36436][gc,heap      ] GC(400) Archive regions: 0->0
[2020-10-06T06:35:45.346+0000][36436][gc,heap      ] GC(400) Humongous regions: 616->174
[2020-10-06T06:35:45.346+0000][36436][gc,metaspace ] GC(400) Metaspace: 89832K(95740K)->89832K(95740K) NonClass: 78541K(82044K)->78541K(82044K) Class: 11290K(13696K)->11290K(13696K)
[2020-10-06T06:35:45.346+0000][36436][gc           ] GC(400) Pause Young (Concurrent Start) (G1 Humongous Allocation) 866M->256M(1024M) 4.511ms
[2020-10-06T06:35:45.346+0000][36436][gc,cpu       ] GC(400) User=0.00s Sys=0.00s Real=0.00s
[2020-10-06T06:35:45.346+0000][36436][safepoint    ] Safepoint "G1TryInitiateConcMark", Time since last: 23594900 ns, Reaching safepoint: 124800 ns, At safepoint: 4658400 ns, Total: 4783200 ns
[2020-10-06T06:35:45.346+0000][36436][gc           ] GC(401) Concurrent Cycle
[2020-10-06T06:35:45.346+0000][36436][gc,marking   ] GC(401) Concurrent Clear Claimed Marks
[2020-10-06T06:35:45.346+0000][36436][gc,marking   ] GC(401) Concurrent Clear Claimed Marks 0.372ms
[2020-10-06T06:35:45.346+0000][36436][gc,marking   ] GC(401) Concurrent Scan Root Regions
[2020-10-06T06:35:45.348+0000][36436][gc,marking   ] GC(401) Concurrent Scan Root Regions 1.573ms
[2020-10-06T06:35:45.348+0000][36436][gc,marking   ] GC(401) Concurrent Mark (9015.547s)
[2020-10-06T06:35:45.348+0000][36436][gc,marking   ] GC(401) Concurrent Mark From Roots
[2020-10-06T06:35:45.348+0000][36436][gc,task      ] GC(401) Using 2 workers of 2 for marking
[2020-10-06T06:35:45.488+0000][36436][gc,marking   ] GC(401) Concurrent Mark From Roots 138.802ms
[2020-10-06T06:35:45.488+0000][36436][gc,marking   ] GC(401) Concurrent Preclean
[2020-10-06T06:35:45.488+0000][36436][gc,marking   ] GC(401) Concurrent Preclean 0.784ms
[2020-10-06T06:35:45.488+0000][36436][gc,marking   ] GC(401) Concurrent Mark (9015.547s, 9015.687s) 139.807ms
[2020-10-06T06:35:45.489+0000][36436][gc,start     ] GC(401) Pause Remark
[2020-10-06T06:35:45.497+0000][36436][gc           ] GC(401) Pause Remark 372M->372M(1024M) 8.070ms
[2020-10-06T06:35:45.497+0000][36436][gc,cpu       ] GC(401) User=0.00s Sys=0.00s Real=0.01s
[2020-10-06T06:35:45.497+0000][36436][safepoint    ] Safepoint "G1Concurrent", Time since last: 142162400 ns, Reaching safepoint: 292900 ns, At safepoint: 8302600 ns, Total: 8595500 ns
[2020-10-06T06:35:45.497+0000][36436][gc,marking   ] GC(401) Concurrent Rebuild Remembered Sets
[2020-10-06T06:35:45.593+0000][36436][gc,marking   ] GC(401) Concurrent Rebuild Remembered Sets 95.572ms
[2020-10-06T06:35:45.593+0000][36436][gc,start     ] GC(401) Pause Cleanup
[2020-10-06T06:35:45.594+0000][36436][gc           ] GC(401) Pause Cleanup 569M->569M(1024M) 0.396ms
[2020-10-06T06:35:45.594+0000][36436][gc,cpu       ] GC(401) User=0.00s Sys=0.00s Real=0.00s
[2020-10-06T06:35:45.594+0000][36436][safepoint    ] Safepoint "G1Concurrent", Time since last: 95778400 ns, Reaching safepoint: 173300 ns, At safepoint: 1358000 ns, Total: 1531300 ns
[2020-10-06T06:35:45.595+0000][36436][gc,marking   ] GC(401) Concurrent Cleanup for Next Mark
[2020-10-06T06:35:45.597+0000][36436][gc,marking   ] GC(401) Concurrent Cleanup for Next Mark 2.022ms
[2020-10-06T06:35:45.597+0000][36436][gc           ] GC(401) Concurrent Cycle 250.343ms
[2020-10-06T06:35:45.623+0000][36436][gc,start     ] GC(402) Pause Young (Concurrent Start) (G1 Humongous Allocation)
[2020-10-06T06:35:45.623+0000][36436][gc,task      ] GC(402) Using 8 workers of 8 for evacuation
[2020-10-06T06:35:45.623+0000][36436][gc,age       ] GC(402) Desired survivor size 31981568 bytes, new threshold 15 (max threshold 15)
[2020-10-06T06:35:45.628+0000][36436][gc,age       ] GC(402) Age table with threshold 15 (max threshold 15)
[2020-10-06T06:35:45.628+0000][36436][gc,age       ] GC(402) - age   1:    6022800 bytes,    6022800 total
[2020-10-06T06:35:45.628+0000][36436][gc,age       ] GC(402) - age   2:      47616 bytes,    6070416 total
[2020-10-06T06:35:45.628+0000][36436][gc,age       ] GC(402) - age   3:       5336 bytes,    6075752 total
[2020-10-06T06:35:45.628+0000][36436][gc,age       ] GC(402) - age   4:       2936 bytes,    6078688 total
[2020-10-06T06:35:45.628+0000][36436][gc,age       ] GC(402) - age   5:       7496 bytes,    6086184 total
[2020-10-06T06:35:45.628+0000][36436][gc,age       ] GC(402) - age   6:       1296 bytes,    6087480 total
[2020-10-06T06:35:45.628+0000][36436][gc,age       ] GC(402) - age   7:       7056 bytes,    6094536 total
[2020-10-06T06:35:45.628+0000][36436][gc,age       ] GC(402) - age   8:        696 bytes,    6095232 total
[2020-10-06T06:35:45.628+0000][36436][gc,age       ] GC(402) - age   9:       1016 bytes,    6096248 total
[2020-10-06T06:35:45.628+0000][36436][gc,age       ] GC(402) - age  10:      17048 bytes,    6113296 total
[2020-10-06T06:35:45.628+0000][36436][gc,age       ] GC(402) - age  11:       2704 bytes,    6116000 total
[2020-10-06T06:35:45.628+0000][36436][gc,age       ] GC(402) - age  12:        456 bytes,    6116456 total
[2020-10-06T06:35:45.628+0000][36436][gc,age       ] GC(402) - age  13:       1016 bytes,    6117472 total
[2020-10-06T06:35:45.628+0000][36436][gc,age       ] GC(402) - age  14:       4576 bytes,    6122048 total
[2020-10-06T06:35:45.628+0000][36436][gc,age       ] GC(402) - age  15:      15568 bytes,    6137616 total
[2020-10-06T06:35:45.628+0000][36436][gc,phases    ] GC(402)   Pre Evacuate Collection Set: 0.5ms
[2020-10-06T06:35:45.629+0000][36436][gc,phases    ] GC(402)   Merge Heap Roots: 0.1ms
[2020-10-06T06:35:45.629+0000][36436][gc,phases    ] GC(402)   Evacuate Collection Set: 2.9ms
[2020-10-06T06:35:45.629+0000][36436][gc,phases    ] GC(402)   Post Evacuate Collection Set: 1.1ms
[2020-10-06T06:35:45.629+0000][36436][gc,phases    ] GC(402)   Other: 1.2ms
[2020-10-06T06:35:45.629+0000][36436][gc,heap      ] GC(402) Eden regions: 96->0(480)
[2020-10-06T06:35:45.629+0000][36436][gc,heap      ] GC(402) Survivor regions: 3->6(61)
[2020-10-06T06:35:45.629+0000][36436][gc,heap      ] GC(402) Old regions: 80->80
[2020-10-06T06:35:45.629+0000][36436][gc,heap      ] GC(402) Archive regions: 0->0
[2020-10-06T06:35:45.629+0000][36436][gc,heap      ] GC(402) Humongous regions: 404->174
[2020-10-06T06:35:45.629+0000][36436][gc,metaspace ] GC(402) Metaspace: 89832K(95740K)->89832K(95740K) NonClass: 78541K(82044K)->78541K(82044K) Class: 11290K(13696K)->11290K(13696K)
[2020-10-06T06:35:45.629+0000][36436][gc           ] GC(402) Pause Young (Concurrent Start) (G1 Humongous Allocation) 582M->259M(1024M) 6.390ms
[2020-10-06T06:35:45.629+0000][36436][gc,cpu       ] GC(402) User=0.00s Sys=0.00s Real=0.01s
[2020-10-06T06:35:45.629+0000][36436][gc           ] GC(403) Concurrent Cycle
[2020-10-06T06:35:45.629+0000][36436][gc,marking   ] GC(403) Concurrent Clear Claimed Marks
[2020-10-06T06:35:45.629+0000][36436][safepoint    ] Safepoint "G1TryInitiateConcMark", Time since last: 27833500 ns, Reaching safepoint: 261000 ns, At safepoint: 6749100 ns, Total: 7010100 ns
[2020-10-06T06:35:45.630+0000][36436][gc,marking   ] GC(403) Concurrent Clear Claimed Marks 0.499ms
[2020-10-06T06:35:45.630+0000][36436][gc,marking   ] GC(403) Concurrent Scan Root Regions
[2020-10-06T06:35:45.633+0000][36436][gc,marking   ] GC(403) Concurrent Scan Root Regions 3.090ms
[2020-10-06T06:35:45.633+0000][36436][gc,marking   ] GC(403) Concurrent Mark (9015.832s)
[2020-10-06T06:35:45.633+0000][36436][gc,marking   ] GC(403) Concurrent Mark From Roots
[2020-10-06T06:35:45.633+0000][36436][gc,task      ] GC(403) Using 2 workers of 2 for marking
[2020-10-06T06:35:45.799+0000][36436][gc,marking   ] GC(403) Concurrent Mark From Roots 166.031ms
[2020-10-06T06:35:45.799+0000][36436][gc,marking   ] GC(403) Concurrent Preclean
[2020-10-06T06:35:45.800+0000][36436][gc,marking   ] GC(403) Concurrent Preclean 0.898ms
[2020-10-06T06:35:45.800+0000][36436][gc,marking   ] GC(403) Concurrent Mark (9015.832s, 9015.999s) 167.160ms
[2020-10-06T06:35:45.801+0000][36436][gc,start     ] GC(403) Pause Remark
[2020-10-06T06:35:45.809+0000][36436][gc           ] GC(403) Pause Remark 519M->519M(1024M) 8.072ms
[2020-10-06T06:35:45.809+0000][36436][gc,cpu       ] GC(403) User=0.02s Sys=0.02s Real=0.01s
[2020-10-06T06:35:45.809+0000][36436][safepoint    ] Safepoint "G1Concurrent", Time since last: 171021900 ns, Reaching safepoint: 255700 ns, At safepoint: 8321800 ns, Total: 8577500 ns
[2020-10-06T06:35:45.809+0000][36436][gc,marking   ] GC(403) Concurrent Rebuild Remembered Sets
[2020-10-06T06:35:45.903+0000][36436][gc,marking   ] GC(403) Concurrent Rebuild Remembered Sets 93.725ms
[2020-10-06T06:35:45.903+0000][36436][gc,start     ] GC(403) Pause Cleanup
[2020-10-06T06:35:45.903+0000][36436][gc           ] GC(403) Pause Cleanup 596M->596M(1024M) 0.381ms
[2020-10-06T06:35:45.903+0000][36436][gc,cpu       ] GC(403) User=0.00s Sys=0.00s Real=0.00s
[2020-10-06T06:35:45.903+0000][36436][safepoint    ] Safepoint "G1Concurrent", Time since last: 93966400 ns, Reaching safepoint: 151000 ns, At safepoint: 586100 ns, Total: 737100 ns
[2020-10-06T06:35:45.904+0000][36436][gc,marking   ] GC(403) Concurrent Cleanup for Next Mark
[2020-10-06T06:35:45.906+0000][36436][gc,marking   ] GC(403) Concurrent Cleanup for Next Mark 2.335ms
[2020-10-06T06:35:45.906+0000][36436][gc           ] GC(403) Concurrent Cycle 277.024ms
[2020-10-06T06:35:45.915+0000][36436][gc,start     ] GC(404) Pause Young (Concurrent Start) (G1 Humongous Allocation)
[2020-10-06T06:35:45.915+0000][36436][gc,task      ] GC(404) Using 8 workers of 8 for evacuation
[2020-10-06T06:35:45.915+0000][36436][gc,age       ] GC(404) Desired survivor size 31981568 bytes, new threshold 15 (max threshold 15)
[2020-10-06T06:35:45.920+0000][36436][gc,age       ] GC(404) Age table with threshold 15 (max threshold 15)
[2020-10-06T06:35:45.920+0000][36436][gc,age       ] GC(404) - age   1:    3915048 bytes,    3915048 total
[2020-10-06T06:35:45.920+0000][36436][gc,age       ] GC(404) - age   2:       3368 bytes,    3918416 total
[2020-10-06T06:35:45.920+0000][36436][gc,age       ] GC(404) - age   3:      43560 bytes,    3961976 total
[2020-10-06T06:35:45.920+0000][36436][gc,age       ] GC(404) - age   4:       3728 bytes,    3965704 total
[2020-10-06T06:35:45.920+0000][36436][gc,age       ] GC(404) - age   5:       2128 bytes,    3967832 total
[2020-10-06T06:35:45.920+0000][36436][gc,age       ] GC(404) - age   6:       7432 bytes,    3975264 total
[2020-10-06T06:35:45.920+0000][36436][gc,age       ] GC(404) - age   7:       1296 bytes,    3976560 total
[2020-10-06T06:35:45.920+0000][36436][gc,age       ] GC(404) - age   8:       6992 bytes,    3983552 total
[2020-10-06T06:35:45.920+0000][36436][gc,age       ] GC(404) - age   9:        696 bytes,    3984248 total
[2020-10-06T06:35:45.920+0000][36436][gc,age       ] GC(404) - age  10:       1016 bytes,    3985264 total
[2020-10-06T06:35:45.920+0000][36436][gc,age       ] GC(404) - age  11:      17048 bytes,    4002312 total
[2020-10-06T06:35:45.920+0000][36436][gc,age       ] GC(404) - age  12:       2640 bytes,    4004952 total
[2020-10-06T06:35:45.920+0000][36436][gc,age       ] GC(404) - age  13:        456 bytes,    4005408 total
[2020-10-06T06:35:45.920+0000][36436][gc,age       ] GC(404) - age  14:       1016 bytes,    4006424 total
[2020-10-06T06:35:45.920+0000][36436][gc,age       ] GC(404) - age  15:       4544 bytes,    4010968 total
[2020-10-06T06:35:45.920+0000][36436][gc,phases    ] GC(404)   Pre Evacuate Collection Set: 0.4ms
[2020-10-06T06:35:45.920+0000][36436][gc,phases    ] GC(404)   Merge Heap Roots: 0.1ms
[2020-10-06T06:35:45.921+0000][36436][gc,phases    ] GC(404)   Evacuate Collection Set: 2.4ms
[2020-10-06T06:35:45.921+0000][36436][gc,phases    ] GC(404)   Post Evacuate Collection Set: 1.0ms
[2020-10-06T06:35:45.921+0000][36436][gc,phases    ] GC(404)   Other: 1.3ms
[2020-10-06T06:35:45.921+0000][36436][gc,heap      ] GC(404) Eden regions: 96->0(485)
[2020-10-06T06:35:45.921+0000][36436][gc,heap      ] GC(404) Survivor regions: 6->5(61)
[2020-10-06T06:35:45.921+0000][36436][gc,heap      ] GC(404) Old regions: 80->80
[2020-10-06T06:35:45.921+0000][36436][gc,heap      ] GC(404) Archive regions: 0->0
[2020-10-06T06:35:45.921+0000][36436][gc,heap      ] GC(404) Humongous regions: 420->174
[2020-10-06T06:35:45.921+0000][36436][gc,metaspace ] GC(404) Metaspace: 89832K(95740K)->89832K(95740K) NonClass: 78542K(82044K)->78542K(82044K) Class: 11290K(13696K)->11290K(13696K)
[2020-10-06T06:35:45.921+0000][36436][gc           ] GC(404) Pause Young (Concurrent Start) (G1 Humongous Allocation) 600M->257M(1024M) 5.839ms
[2020-10-06T06:35:45.921+0000][36436][gc,cpu       ] GC(404) User=0.00s Sys=0.00s Real=0.01s
[2020-10-06T06:35:45.921+0000][36436][safepoint    ] Safepoint "G1TryInitiateConcMark", Time since last: 11561700 ns, Reaching safepoint: 152000 ns, At safepoint: 6037400 ns, Total: 6189400 ns
[2020-10-06T06:35:45.921+0000][36436][gc           ] GC(405) Concurrent Cycle
[2020-10-06T06:35:45.921+0000][36436][gc,marking   ] GC(405) Concurrent Clear Claimed Marks
[2020-10-06T06:35:45.922+0000][36436][gc,marking   ] GC(405) Concurrent Clear Claimed Marks 0.882ms
[2020-10-06T06:35:45.922+0000][36436][gc,marking   ] GC(405) Concurrent Scan Root Regions
[2020-10-06T06:35:45.925+0000][36436][gc,marking   ] GC(405) Concurrent Scan Root Regions 2.632ms
[2020-10-06T06:35:45.925+0000][36436][gc,marking   ] GC(405) Concurrent Mark (9016.124s)
[2020-10-06T06:35:45.925+0000][36436][gc,marking   ] GC(405) Concurrent Mark From Roots
[2020-10-06T06:35:45.925+0000][36436][gc,task      ] GC(405) Using 2 workers of 2 for marking
[2020-10-06T06:35:46.091+0000][36436][gc,marking   ] GC(405) Concurrent Mark From Roots 164.849ms
[2020-10-06T06:35:46.091+0000][36436][gc,marking   ] GC(405) Concurrent Preclean
[2020-10-06T06:35:46.092+0000][36436][gc,marking   ] GC(405) Concurrent Preclean 0.876ms
[2020-10-06T06:35:46.092+0000][36436][gc,marking   ] GC(405) Concurrent Mark (9016.124s, 9016.290s) 165.926ms
[2020-10-06T06:35:46.092+0000][36436][gc,start     ] GC(405) Pause Remark
[2020-10-06T06:35:46.099+0000][36436][gc           ] GC(405) Pause Remark 459M->459M(1024M) 7.399ms
[2020-10-06T06:35:46.099+0000][36436][gc,cpu       ] GC(405) User=0.13s Sys=0.00s Real=0.01s
[2020-10-06T06:35:46.100+0000][36436][safepoint    ] Safepoint "G1Concurrent", Time since last: 170079300 ns, Reaching safepoint: 160200 ns, At safepoint: 7669900 ns, Total: 7830100 ns
[2020-10-06T06:35:46.100+0000][36436][gc,marking   ] GC(405) Concurrent Rebuild Remembered Sets
[2020-10-06T06:35:46.199+0000][36436][gc,marking   ] GC(405) Concurrent Rebuild Remembered Sets 99.557ms
[2020-10-06T06:35:46.199+0000][36436][gc,start     ] GC(405) Pause Cleanup
[2020-10-06T06:35:46.199+0000][36436][gc           ] GC(405) Pause Cleanup 538M->538M(1024M) 0.377ms
[2020-10-06T06:35:46.200+0000][36436][gc,cpu       ] GC(405) User=0.00s Sys=0.00s Real=0.00s
[2020-10-06T06:35:46.200+0000][36436][safepoint    ] Safepoint "G1Concurrent", Time since last: 99783900 ns, Reaching safepoint: 284400 ns, At safepoint: 622400 ns, Total: 906800 ns
[2020-10-06T06:35:46.200+0000][36436][gc,marking   ] GC(405) Concurrent Cleanup for Next Mark
[2020-10-06T06:35:46.202+0000][36436][gc,marking   ] GC(405) Concurrent Cleanup for Next Mark 2.083ms
[2020-10-06T06:35:46.202+0000][36436][gc           ] GC(405) Concurrent Cycle 280.867ms
[2020-10-06T06:35:46.291+0000][36436][gc,start     ] GC(406) Pause Young (Concurrent Start) (G1 Humongous Allocation)
[2020-10-06T06:35:46.291+0000][36436][gc,task      ] GC(406) Using 8 workers of 8 for evacuation
[2020-10-06T06:35:46.292+0000][36436][gc,age       ] GC(406) Desired survivor size 32505856 bytes, new threshold 15 (max threshold 15)
[2020-10-06T06:35:46.295+0000][36436][gc,age       ] GC(406) Age table with threshold 15 (max threshold 15)
[2020-10-06T06:35:46.295+0000][36436][gc,age       ] GC(406) - age   1:    2687816 bytes,    2687816 total
[2020-10-06T06:35:46.295+0000][36436][gc,age       ] GC(406) - age   2:       4792 bytes,    2692608 total
[2020-10-06T06:35:46.295+0000][36436][gc,age       ] GC(406) - age   3:       1544 bytes,    2694152 total
[2020-10-06T06:35:46.295+0000][36436][gc,age       ] GC(406) - age   4:      42744 bytes,    2736896 total
[2020-10-06T06:35:46.295+0000][36436][gc,age       ] GC(406) - age   5:       3376 bytes,    2740272 total
[2020-10-06T06:35:46.295+0000][36436][gc,age       ] GC(406) - age   6:       2128 bytes,    2742400 total
[2020-10-06T06:35:46.295+0000][36436][gc,age       ] GC(406) - age   7:       7432 bytes,    2749832 total
[2020-10-06T06:35:46.295+0000][36436][gc,age       ] GC(406) - age   8:       1296 bytes,    2751128 total
[2020-10-06T06:35:46.295+0000][36436][gc,age       ] GC(406) - age   9:       6928 bytes,    2758056 total
[2020-10-06T06:35:46.295+0000][36436][gc,age       ] GC(406) - age  10:        696 bytes,    2758752 total
[2020-10-06T06:35:46.295+0000][36436][gc,age       ] GC(406) - age  11:        984 bytes,    2759736 total
[2020-10-06T06:35:46.296+0000][36436][gc,age       ] GC(406) - age  12:      17048 bytes,    2776784 total
[2020-10-06T06:35:46.296+0000][36436][gc,age       ] GC(406) - age  13:       2576 bytes,    2779360 total
[2020-10-06T06:35:46.296+0000][36436][gc,age       ] GC(406) - age  14:        392 bytes,    2779752 total
[2020-10-06T06:35:46.296+0000][36436][gc,age       ] GC(406) - age  15:       1016 bytes,    2780768 total
[2020-10-06T06:35:46.296+0000][36436][gc,phases    ] GC(406)   Pre Evacuate Collection Set: 0.4ms
[2020-10-06T06:35:46.296+0000][36436][gc,phases    ] GC(406)   Merge Heap Roots: 0.1ms
[2020-10-06T06:35:46.296+0000][36436][gc,phases    ] GC(406)   Evacuate Collection Set: 2.2ms
[2020-10-06T06:35:46.296+0000][36436][gc,phases    ] GC(406)   Post Evacuate Collection Set: 0.8ms
[2020-10-06T06:35:46.296+0000][36436][gc,phases    ] GC(406)   Other: 1.0ms
[2020-10-06T06:35:46.296+0000][36436][gc,heap      ] GC(406) Eden regions: 87->0(490)
[2020-10-06T06:35:46.296+0000][36436][gc,heap      ] GC(406) Survivor regions: 5->3(62)
[2020-10-06T06:35:46.296+0000][36436][gc,heap      ] GC(406) Old regions: 80->80
[2020-10-06T06:35:46.296+0000][36436][gc,heap      ] GC(406) Archive regions: 0->0
[2020-10-06T06:35:46.296+0000][36436][gc,heap      ] GC(406) Humongous regions: 374->174
[2020-10-06T06:35:46.296+0000][36436][gc,metaspace ] GC(406) Metaspace: 89844K(95740K)->89844K(95740K) NonClass: 78553K(82044K)->78553K(82044K) Class: 11290K(13696K)->11290K(13696K)
[2020-10-06T06:35:46.296+0000][36436][gc           ] GC(406) Pause Young (Concurrent Start) (G1 Humongous Allocation) 544M->256M(1024M) 4.731ms
[2020-10-06T06:35:46.296+0000][36436][gc,cpu       ] GC(406) User=0.00s Sys=0.00s Real=0.01s
[2020-10-06T06:35:46.296+0000][36436][safepoint    ] Safepoint "G1TryInitiateConcMark", Time since last: 91749400 ns, Reaching safepoint: 142400 ns, At safepoint: 4897800 ns, Total: 5040200 ns
[2020-10-06T06:35:46.296+0000][36436][gc           ] GC(407) Concurrent Cycle
[2020-10-06T06:35:46.296+0000][36436][gc,marking   ] GC(407) Concurrent Clear Claimed Marks
[2020-10-06T06:35:46.297+0000][36436][gc,marking   ] GC(407) Concurrent Clear Claimed Marks 0.526ms
[2020-10-06T06:35:46.297+0000][36436][gc,marking   ] GC(407) Concurrent Scan Root Regions
[2020-10-06T06:35:46.299+0000][36436][gc,marking   ] GC(407) Concurrent Scan Root Regions 2.336ms
[2020-10-06T06:35:46.299+0000][36436][gc,marking   ] GC(407) Concurrent Mark (9016.499s)
[2020-10-06T06:35:46.299+0000][36436][gc,marking   ] GC(407) Concurrent Mark From Roots
[2020-10-06T06:35:46.299+0000][36436][gc,task      ] GC(407) Using 2 workers of 2 for marking
[2020-10-06T06:35:46.454+0000][36436][gc,marking   ] GC(407) Concurrent Mark From Roots 154.848ms
[2020-10-06T06:35:46.454+0000][36436][gc,marking   ] GC(407) Concurrent Preclean
[2020-10-06T06:35:46.455+0000][36436][gc,marking   ] GC(407) Concurrent Preclean 0.748ms
[2020-10-06T06:35:46.455+0000][36436][gc,marking   ] GC(407) Concurrent Mark (9016.499s, 9016.654s) 155.819ms
[2020-10-06T06:35:46.455+0000][36436][gc,start     ] GC(407) Pause Remark
[2020-10-06T06:35:46.463+0000][36436][gc           ] GC(407) Pause Remark 383M->383M(1024M) 7.205ms
[2020-10-06T06:35:46.463+0000][36436][gc,cpu       ] GC(407) User=0.11s Sys=0.00s Real=0.01s
[2020-10-06T06:35:46.463+0000][36436][safepoint    ] Safepoint "G1Concurrent", Time since last: 159049600 ns, Reaching safepoint: 167600 ns, At safepoint: 7527400 ns, Total: 7695000 ns
[2020-10-06T06:35:46.463+0000][36436][gc,marking   ] GC(407) Concurrent Rebuild Remembered Sets
[2020-10-06T06:35:46.549+0000][36436][gc,marking   ] GC(407) Concurrent Rebuild Remembered Sets 86.104ms
[2020-10-06T06:35:46.549+0000][36436][gc,start     ] GC(407) Pause Cleanup
[2020-10-06T06:35:46.550+0000][36436][gc           ] GC(407) Pause Cleanup 390M->390M(1024M) 0.374ms
[2020-10-06T06:35:46.550+0000][36436][gc,cpu       ] GC(407) User=0.00s Sys=0.00s Real=0.00s
[2020-10-06T06:35:46.550+0000][36436][safepoint    ] Safepoint "G1Concurrent", Time since last: 86364700 ns, Reaching safepoint: 148000 ns, At safepoint: 585300 ns, Total: 733300 ns
[2020-10-06T06:35:46.550+0000][36436][gc,marking   ] GC(407) Concurrent Cleanup for Next Mark
[2020-10-06T06:35:46.552+0000][36436][gc,marking   ] GC(407) Concurrent Cleanup for Next Mark 1.857ms
[2020-10-06T06:35:46.552+0000][36436][gc           ] GC(407) Concurrent Cycle 255.928ms
[2020-10-06T06:35:46.818+0000][36436][safepoint    ] Safepoint "BulkRevokeBias", Time since last: 263893700 ns, Reaching safepoint: 213100 ns, At safepoint: 3305700 ns, Total: 3518800 ns
[2020-10-06T06:35:46.893+0000][36436][safepoint    ] Safepoint "BulkRevokeBias", Time since last: 72843100 ns, Reaching safepoint: 163400 ns, At safepoint: 2211600 ns, Total: 2375000 ns
[2020-10-06T06:35:46.896+0000][36436][safepoint    ] Safepoint "BulkRevokeBias", Time since last: 369400 ns, Reaching safepoint: 152700 ns, At safepoint: 2785700 ns, Total: 2938400 ns
[2020-10-06T06:35:46.932+0000][36436][safepoint    ] Safepoint "BulkRevokeBias", Time since last: 32794400 ns, Reaching safepoint: 177200 ns, At safepoint: 2318500 ns, Total: 2495700 ns
[2020-10-06T06:35:46.934+0000][36436][safepoint    ] Safepoint "BulkRevokeBias", Time since last: 163600 ns, Reaching safepoint: 152900 ns, At safepoint: 1772800 ns, Total: 1925700 ns
[2020-10-06T06:35:46.936+0000][36436][safepoint    ] Safepoint "BulkRevokeBias", Time since last: 280000 ns, Reaching safepoint: 154600 ns, At safepoint: 2249900 ns, Total: 2404500 ns
[2020-10-06T06:35:47.937+0000][36436][safepoint    ] Safepoint "Cleanup", Time since last: 1000577400 ns, Reaching safepoint: 269400 ns, At safepoint: 11400 ns, Total: 280800 ns
[2020-10-06T06:35:48.938+0000][36436][safepoint    ] Safepoint "Cleanup", Time since last: 1000447900 ns, Reaching safepoint: 123600 ns, At safepoint: 6600 ns, Total: 130200 ns
[2020-10-06T06:35:49.939+0000][36436][safepoint    ] Safepoint "Cleanup", Time since last: 1000784000 ns, Reaching safepoint: 122000 ns, At safepoint: 2900 ns, Total: 124900 ns
[2020-10-06T06:35:51.940+0000][36436][safepoint    ] Safepoint "Cleanup", Time since last: 2000426600 ns, Reaching safepoint: 180500 ns, At safepoint: 11200 ns, Total: 191700 ns
[2020-10-06T06:35:52.940+0000][36436][safepoint    ] Safepoint "Cleanup", Time since last: 1000326300 ns, Reaching safepoint: 184700 ns, At safepoint: 5300 ns, Total: 190000 ns
[2020-10-06T06:35:53.941+0000][36436][safepoint    ] Safepoint "Cleanup", Time since last: 1000367200 ns, Reaching safepoint: 95400 ns, At safepoint: 3200 ns, Total: 98600 ns
[2020-10-06T06:35:54.941+0000][36436][safepoint    ] Safepoint "Cleanup", Time since last: 1000700600 ns, Reaching safepoint: 140000 ns, At safepoint: 5700 ns, Total: 145700 ns
[2020-10-06T06:35:55.942+0000][36436][safepoint    ] Safepoint "Cleanup", Time since last: 1000585200 ns, Reaching safepoint: 148100 ns, At safepoint: 28500 ns, Total: 176600 ns
[2020-10-06T06:35:56.943+0000][36436][safepoint    ] Safepoint "Cleanup", Time since last: 1000431800 ns, Reaching safepoint: 156600 ns, At safepoint: 8700 ns, Total: 165300 ns
[2020-10-06T06:35:58.944+0000][36436][safepoint    ] Safepoint "Cleanup", Time since last: 2000731000 ns, Reaching safepoint: 163700 ns, At safepoint: 5100 ns, Total: 168800 ns
[2020-10-06T06:35:59.944+0000][36436][safepoint    ] Safepoint "Cleanup", Time since last: 1000612200 ns, Reaching safepoint: 177100 ns, At safepoint: 22400 ns, Total: 199500 ns
[2020-10-06T06:36:00.945+0000][36436][safepoint    ] Safepoint "Cleanup", Time since last: 1000439300 ns, Reaching safepoint: 114700 ns, At safepoint: 4400 ns, Total: 119100 ns
[2020-10-06T06:36:01.945+0000][36436][safepoint    ] Safepoint "Cleanup", Time since last: 1000250000 ns, Reaching safepoint: 142600 ns, At safepoint: 11500 ns, Total: 154100 ns
[2020-10-06T06:36:02.946+0000][36436][safepoint    ] Safepoint "Cleanup", Time since last: 1000350800 ns, Reaching safepoint: 126500 ns, At safepoint: 9600 ns, Total: 136100 ns
[2020-10-06T06:36:03.947+0000][36436][safepoint    ] Safepoint "Cleanup", Time since last: 1000859000 ns, Reaching safepoint: 132400 ns, At safepoint: 9200 ns, Total: 141600 ns
[2020-10-06T06:36:04.948+0000][36436][safepoint    ] Safepoint "Cleanup", Time since last: 1000646800 ns, Reaching safepoint: 168300 ns, At safepoint: 6600 ns, Total: 174900 ns
[2020-10-06T06:36:06.883+0000][36436][safepoint    ] Safepoint "Cleanup", Time since last: 1935583600 ns, Reaching safepoint: 158200 ns, At safepoint: 8100 ns, Total: 166300 ns
[2020-10-06T06:36:07.884+0000][36436][safepoint    ] Safepoint "Cleanup", Time since last: 1000166300 ns, Reaching safepoint: 129000 ns, At safepoint: 7500 ns, Total: 136500 ns
[2020-10-06T06:36:08.885+0000][36436][safepoint    ] Safepoint "Cleanup", Time since last: 1000708600 ns, Reaching safepoint: 121700 ns, At safepoint: 6700 ns, Total: 128400 ns
[2020-10-06T06:36:09.885+0000][36436][safepoint    ] Safepoint "Cleanup", Time since last: 1000530700 ns, Reaching safepoint: 128700 ns, At safepoint: 21200 ns, Total: 149900 ns
[2020-10-06T06:36:10.885+0000][36436][safepoint    ] Safepoint "Cleanup", Time since last: 1000040500 ns, Reaching safepoint: 104000 ns, At safepoint: 7800 ns, Total: 111800 ns
[2020-10-06T06:36:11.886+0000][36436][safepoint    ] Safepoint "Cleanup", Time since last: 1000106100 ns, Reaching safepoint: 203300 ns, At safepoint: 11100 ns, Total: 214400 ns
[2020-10-06T06:36:13.886+0000][36436][safepoint    ] Safepoint "Cleanup", Time since last: 2000016800 ns, Reaching safepoint: 113700 ns, At safepoint: 15000 ns, Total: 128700 ns
[2020-10-06T06:36:14.886+0000][36436][safepoint    ] Safepoint "Cleanup", Time since last: 1000135000 ns, Reaching safepoint: 178900 ns, At safepoint: 6600 ns, Total: 185500 ns
[2020-10-06T06:36:15.887+0000][36436][safepoint    ] Safepoint "Cleanup", Time since last: 1000546100 ns, Reaching safepoint: 189700 ns, At safepoint: 5500 ns, Total: 195200 ns
[2020-10-06T06:36:16.932+0000][36436][safepoint    ] Safepoint "Cleanup", Time since last: 1044897900 ns, Reaching safepoint: 156300 ns, At safepoint: 9300 ns, Total: 165600 ns
[2020-10-06T06:36:16.934+0000][36436][safepoint    ] Safepoint "BulkRevokeBias", Time since last: 267200 ns, Reaching safepoint: 95700 ns, At safepoint: 1470600 ns, Total: 1566300 ns
[2020-10-06T06:36:17.251+0000][36436][safepoint    ] Safepoint "ICBufferFull", Time since last: 317913400 ns, Reaching safepoint: 300900 ns, At safepoint: 27200 ns, Total: 328100 ns
[2020-10-06T06:36:17.401+0000][36436][safepoint    ] Safepoint "BulkRevokeBias", Time since last: 146201300 ns, Reaching safepoint: 161500 ns, At safepoint: 2455600 ns, Total: 2617100 ns
[2020-10-06T06:36:17.674+0000][36436][safepoint    ] Safepoint "BulkRevokeBias", Time since last: 272324700 ns, Reaching safepoint: 158700 ns, At safepoint: 1431000 ns, Total: 1589700 ns
[2020-10-06T06:36:17.677+0000][36436][safepoint    ] Safepoint "BulkRevokeBias", Time since last: 1045600 ns, Reaching safepoint: 165100 ns, At safepoint: 1522500 ns, Total: 1687600 ns
[2020-10-06T06:36:18.235+0000][36436][gc,start     ] GC(408) Pause Young (Concurrent Start) (G1 Humongous Allocation)
[2020-10-06T06:36:18.235+0000][36436][gc,task      ] GC(408) Using 8 workers of 8 for evacuation
[2020-10-06T06:36:18.235+0000][36436][gc,age       ] GC(408) Desired survivor size 32505856 bytes, new threshold 15 (max threshold 15)
[2020-10-06T06:36:18.242+0000][36436][gc,age       ] GC(408) Age table with threshold 15 (max threshold 15)
[2020-10-06T06:36:18.242+0000][36436][gc,age       ] GC(408) - age   1:   14058472 bytes,   14058472 total
[2020-10-06T06:36:18.242+0000][36436][gc,age       ] GC(408) - age   2:       6656 bytes,   14065128 total
[2020-10-06T06:36:18.242+0000][36436][gc,age       ] GC(408) - age   3:       2352 bytes,   14067480 total
[2020-10-06T06:36:18.242+0000][36436][gc,age       ] GC(408) - age   4:        936 bytes,   14068416 total
[2020-10-06T06:36:18.243+0000][36436][gc,age       ] GC(408) - age   5:      36720 bytes,   14105136 total
[2020-10-06T06:36:18.243+0000][36436][gc,age       ] GC(408) - age   6:       2488 bytes,   14107624 total
[2020-10-06T06:36:18.243+0000][36436][gc,age       ] GC(408) - age   7:       2064 bytes,   14109688 total
[2020-10-06T06:36:18.243+0000][36436][gc,age       ] GC(408) - age   8:       6712 bytes,   14116400 total
[2020-10-06T06:36:18.243+0000][36436][gc,age       ] GC(408) - age   9:       1016 bytes,   14117416 total
[2020-10-06T06:36:18.243+0000][36436][gc,age       ] GC(408) - age  10:       6016 bytes,   14123432 total
[2020-10-06T06:36:18.243+0000][36436][gc,age       ] GC(408) - age  11:        664 bytes,   14124096 total
[2020-10-06T06:36:18.243+0000][36436][gc,age       ] GC(408) - age  12:        984 bytes,   14125080 total
[2020-10-06T06:36:18.243+0000][36436][gc,age       ] GC(408) - age  13:      16424 bytes,   14141504 total
[2020-10-06T06:36:18.243+0000][36436][gc,age       ] GC(408) - age  14:       1376 bytes,   14142880 total
[2020-10-06T06:36:18.243+0000][36436][gc,age       ] GC(408) - age  15:        296 bytes,   14143176 total
[2020-10-06T06:36:18.243+0000][36436][gc,phases    ] GC(408)   Pre Evacuate Collection Set: 0.4ms
[2020-10-06T06:36:18.243+0000][36436][gc,phases    ] GC(408)   Merge Heap Roots: 0.1ms
[2020-10-06T06:36:18.243+0000][36436][gc,phases    ] GC(408)   Evacuate Collection Set: 5.2ms
[2020-10-06T06:36:18.243+0000][36436][gc,phases    ] GC(408)   Post Evacuate Collection Set: 1.1ms
[2020-10-06T06:36:18.243+0000][36436][gc,phases    ] GC(408)   Other: 1.4ms
[2020-10-06T06:36:18.243+0000][36436][gc,heap      ] GC(408) Eden regions: 250->0(472)
[2020-10-06T06:36:18.244+0000][36436][gc,heap      ] GC(408) Survivor regions: 3->14(62)
[2020-10-06T06:36:18.244+0000][36436][gc,heap      ] GC(408) Old regions: 80->80
[2020-10-06T06:36:18.244+0000][36436][gc,heap      ] GC(408) Archive regions: 0->0
[2020-10-06T06:36:18.244+0000][36436][gc,heap      ] GC(408) Humongous regions: 272->174
[2020-10-06T06:36:18.244+0000][36436][gc,metaspace ] GC(408) Metaspace: 90119K(95996K)->90119K(95996K) NonClass: 78810K(82300K)->78810K(82300K) Class: 11309K(13696K)->11309K(13696K)
[2020-10-06T06:36:18.244+0000][36436][gc           ] GC(408) Pause Young (Concurrent Start) (G1 Humongous Allocation) 603M->267M(1024M) 8.900ms
[2020-10-06T06:36:18.244+0000][36436][gc,cpu       ] GC(408) User=0.09s Sys=0.00s Real=0.01s
[2020-10-06T06:36:18.244+0000][36436][gc           ] GC(409) Concurrent Cycle
[2020-10-06T06:36:18.244+0000][36436][safepoint    ] Safepoint "G1TryInitiateConcMark", Time since last: 557858100 ns, Reaching safepoint: 249000 ns, At safepoint: 9182900 ns, Total: 9431900 ns
[2020-10-06T06:36:18.244+0000][36436][gc,marking   ] GC(409) Concurrent Clear Claimed Marks
[2020-10-06T06:36:18.245+0000][36436][gc,marking   ] GC(409) Concurrent Clear Claimed Marks 0.777ms
[2020-10-06T06:36:18.245+0000][36436][gc,marking   ] GC(409) Concurrent Scan Root Regions
[2020-10-06T06:36:18.253+0000][36436][gc,marking   ] GC(409) Concurrent Scan Root Regions 8.024ms
[2020-10-06T06:36:18.253+0000][36436][gc,marking   ] GC(409) Concurrent Mark (9048.453s)
[2020-10-06T06:36:18.253+0000][36436][gc,marking   ] GC(409) Concurrent Mark From Roots
[2020-10-06T06:36:18.253+0000][36436][gc,task      ] GC(409) Using 2 workers of 2 for marking
[2020-10-06T06:36:18.417+0000][36436][safepoint    ] Safepoint "BulkRevokeBias", Time since last: 170695100 ns, Reaching safepoint: 168300 ns, At safepoint: 2104700 ns, Total: 2273000 ns
[2020-10-06T06:36:18.427+0000][36436][gc,marking   ] GC(409) Concurrent Mark From Roots 174.090ms
[2020-10-06T06:36:18.428+0000][36436][gc,marking   ] GC(409) Concurrent Preclean
[2020-10-06T06:36:18.428+0000][36436][gc,marking   ] GC(409) Concurrent Preclean 0.893ms
[2020-10-06T06:36:18.429+0000][36436][gc,marking   ] GC(409) Concurrent Mark (9048.453s, 9048.628s) 175.362ms
[2020-10-06T06:36:18.429+0000][36436][gc,start     ] GC(409) Pause Remark
[2020-10-06T06:36:18.436+0000][36436][gc           ] GC(409) Pause Remark 539M->539M(1024M) 7.537ms
[2020-10-06T06:36:18.437+0000][36436][gc,cpu       ] GC(409) User=0.00s Sys=0.00s Real=0.01s
[2020-10-06T06:36:18.437+0000][36436][safepoint    ] Safepoint "G1Concurrent", Time since last: 11692700 ns, Reaching safepoint: 147200 ns, At safepoint: 7804500 ns, Total: 7951700 ns
[2020-10-06T06:36:18.437+0000][36436][gc,marking   ] GC(409) Concurrent Rebuild Remembered Sets
[2020-10-06T06:36:18.543+0000][36436][gc,marking   ] GC(409) Concurrent Rebuild Remembered Sets 106.277ms
[2020-10-06T06:36:18.543+0000][36436][gc,start     ] GC(409) Pause Cleanup
[2020-10-06T06:36:18.544+0000][36436][gc           ] GC(409) Pause Cleanup 539M->539M(1024M) 0.377ms
[2020-10-06T06:36:18.544+0000][36436][gc,cpu       ] GC(409) User=0.00s Sys=0.00s Real=0.00s
[2020-10-06T06:36:18.544+0000][36436][safepoint    ] Safepoint "G1Concurrent", Time since last: 106485400 ns, Reaching safepoint: 140700 ns, At safepoint: 582800 ns, Total: 723500 ns
[2020-10-06T06:36:18.544+0000][36436][gc,marking   ] GC(409) Concurrent Cleanup for Next Mark
[2020-10-06T06:36:18.546+0000][36436][gc,marking   ] GC(409) Concurrent Cleanup for Next Mark 1.747ms
[2020-10-06T06:36:18.546+0000][36436][gc           ] GC(409) Concurrent Cycle 301.833ms
[2020-10-06T06:36:18.551+0000][36436][safepoint    ] Safepoint "BulkRevokeBias", Time since last: 4251200 ns, Reaching safepoint: 178700 ns, At safepoint: 2329200 ns, Total: 2507900 ns
[2020-10-06T06:36:18.558+0000][36436][safepoint    ] Safepoint "BulkRevokeBias", Time since last: 5016200 ns, Reaching safepoint: 205800 ns, At safepoint: 2252400 ns, Total: 2458200 ns
[2020-10-06T06:36:18.567+0000][36436][safepoint    ] Safepoint "BulkRevokeBias", Time since last: 5177500 ns, Reaching safepoint: 167700 ns, At safepoint: 3671900 ns, Total: 3839600 ns
[2020-10-06T06:36:18.567+0000][36436][gc,start     ] GC(410) Pause Young (Concurrent Start) (G1 Humongous Allocation)
[2020-10-06T06:36:18.568+0000][36436][gc,task      ] GC(410) Using 8 workers of 8 for evacuation
[2020-10-06T06:36:18.568+0000][36436][gc,age       ] GC(410) Desired survivor size 31981568 bytes, new threshold 15 (max threshold 15)
[2020-10-06T06:36:18.574+0000][36436][gc,age       ] GC(410) Age table with threshold 15 (max threshold 15)
[2020-10-06T06:36:18.574+0000][36436][gc,age       ] GC(410) - age   1:    2966144 bytes,    2966144 total
[2020-10-06T06:36:18.574+0000][36436][gc,age       ] GC(410) - age   2:    2425968 bytes,    5392112 total
[2020-10-06T06:36:18.574+0000][36436][gc,age       ] GC(410) - age   3:       5376 bytes,    5397488 total
[2020-10-06T06:36:18.574+0000][36436][gc,age       ] GC(410) - age   4:       2064 bytes,    5399552 total
[2020-10-06T06:36:18.574+0000][36436][gc,age       ] GC(410) - age   5:        600 bytes,    5400152 total
[2020-10-06T06:36:18.574+0000][36436][gc,age       ] GC(410) - age   6:      35040 bytes,    5435192 total
[2020-10-06T06:36:18.574+0000][36436][gc,age       ] GC(410) - age   7:       1880 bytes,    5437072 total
[2020-10-06T06:36:18.575+0000][36436][gc,age       ] GC(410) - age   8:       1376 bytes,    5438448 total
[2020-10-06T06:36:18.575+0000][36436][gc,age       ] GC(410) - age   9:       6504 bytes,    5444952 total
[2020-10-06T06:36:18.575+0000][36436][gc,age       ] GC(410) - age  10:       1016 bytes,    5445968 total
[2020-10-06T06:36:18.575+0000][36436][gc,age       ] GC(410) - age  11:       1560 bytes,    5447528 total
[2020-10-06T06:36:18.575+0000][36436][gc,age       ] GC(410) - age  12:        456 bytes,    5447984 total
[2020-10-06T06:36:18.575+0000][36436][gc,age       ] GC(410) - age  13:        664 bytes,    5448648 total
[2020-10-06T06:36:18.575+0000][36436][gc,age       ] GC(410) - age  14:       1224 bytes,    5449872 total
[2020-10-06T06:36:18.575+0000][36436][gc,age       ] GC(410) - age  15:        856 bytes,    5450728 total
[2020-10-06T06:36:18.575+0000][36436][gc,phases    ] GC(410)   Pre Evacuate Collection Set: 0.4ms
[2020-10-06T06:36:18.575+0000][36436][gc,phases    ] GC(410)   Merge Heap Roots: 0.1ms
[2020-10-06T06:36:18.575+0000][36436][gc,phases    ] GC(410)   Evacuate Collection Set: 4.6ms
[2020-10-06T06:36:18.575+0000][36436][gc,phases    ] GC(410)   Post Evacuate Collection Set: 1.2ms
[2020-10-06T06:36:18.575+0000][36436][gc,phases    ] GC(410)   Other: 1.3ms
[2020-10-06T06:36:18.575+0000][36436][gc,heap      ] GC(410) Eden regions: 73->0(484)
[2020-10-06T06:36:18.575+0000][36436][gc,heap      ] GC(410) Survivor regions: 14->6(61)
[2020-10-06T06:36:18.575+0000][36436][gc,heap      ] GC(410) Old regions: 80->80
[2020-10-06T06:36:18.575+0000][36436][gc,heap      ] GC(410) Archive regions: 0->0
[2020-10-06T06:36:18.575+0000][36436][gc,heap      ] GC(410) Humongous regions: 390->174
[2020-10-06T06:36:18.575+0000][36436][gc,metaspace ] GC(410) Metaspace: 90127K(95996K)->90127K(95996K) NonClass: 78818K(82300K)->78818K(82300K) Class: 11309K(13696K)->11309K(13696K)
[2020-10-06T06:36:18.576+0000][36436][gc           ] GC(410) Pause Young (Concurrent Start) (G1 Humongous Allocation) 555M->259M(1024M) 8.132ms
[2020-10-06T06:36:18.576+0000][36436][gc,cpu       ] GC(410) User=0.00s Sys=0.00s Real=0.01s
[2020-10-06T06:36:18.576+0000][36436][gc           ] GC(411) Concurrent Cycle
[2020-10-06T06:36:18.576+0000][36436][safepoint    ] Safepoint "G1TryInitiateConcMark", Time since last: 135600 ns, Reaching safepoint: 189600 ns, At safepoint: 8408400 ns, Total: 8598000 ns
[2020-10-06T06:36:18.576+0000][36436][gc,marking   ] GC(411) Concurrent Clear Claimed Marks
[2020-10-06T06:36:18.576+0000][36436][gc,marking   ] GC(411) Concurrent Clear Claimed Marks 0.604ms
[2020-10-06T06:36:18.577+0000][36436][gc,marking   ] GC(411) Concurrent Scan Root Regions
[2020-10-06T06:36:18.581+0000][36436][gc,marking   ] GC(411) Concurrent Scan Root Regions 4.135ms
[2020-10-06T06:36:18.581+0000][36436][gc,marking   ] GC(411) Concurrent Mark (9048.781s)
[2020-10-06T06:36:18.581+0000][36436][gc,marking   ] GC(411) Concurrent Mark From Roots
[2020-10-06T06:36:18.581+0000][36436][gc,task      ] GC(411) Using 2 workers of 2 for marking
[2020-10-06T06:36:18.581+0000][36436][safepoint    ] Safepoint "BulkRevokeBias", Time since last: 742500 ns, Reaching safepoint: 178800 ns, At safepoint: 4359600 ns, Total: 4538400 ns
[2020-10-06T06:36:18.671+0000][36436][safepoint    ] Safepoint "BulkRevokeBias", Time since last: 84924800 ns, Reaching safepoint: 281900 ns, At safepoint: 4297000 ns, Total: 4578900 ns
[2020-10-06T06:36:18.755+0000][36436][gc,marking   ] GC(411) Concurrent Mark From Roots 174.454ms
[2020-10-06T06:36:18.756+0000][36436][gc,marking   ] GC(411) Concurrent Preclean
[2020-10-06T06:36:18.756+0000][36436][gc,marking   ] GC(411) Concurrent Preclean 0.776ms
[2020-10-06T06:36:18.756+0000][36436][gc,marking   ] GC(411) Concurrent Mark (9048.781s, 9048.956s) 175.494ms
[2020-10-06T06:36:18.757+0000][36436][gc,start     ] GC(411) Pause Remark
[2020-10-06T06:36:18.764+0000][36436][gc           ] GC(411) Pause Remark 322M->322M(1024M) 7.433ms
[2020-10-06T06:36:18.764+0000][36436][gc,cpu       ] GC(411) User=0.00s Sys=0.00s Real=0.01s
[2020-10-06T06:36:18.766+0000][36436][safepoint    ] Safepoint "G1Concurrent", Time since last: 85881100 ns, Reaching safepoint: 348200 ns, At safepoint: 9088500 ns, Total: 9436700 ns
[2020-10-06T06:36:18.766+0000][36436][gc,marking   ] GC(411) Concurrent Rebuild Remembered Sets
[2020-10-06T06:36:18.865+0000][36436][gc,marking   ] GC(411) Concurrent Rebuild Remembered Sets 98.932ms
[2020-10-06T06:36:18.865+0000][36436][gc,start     ] GC(411) Pause Cleanup
[2020-10-06T06:36:18.866+0000][36436][gc           ] GC(411) Pause Cleanup 336M->336M(1024M) 0.364ms
[2020-10-06T06:36:18.866+0000][36436][gc,cpu       ] GC(411) User=0.00s Sys=0.00s Real=0.00s
[2020-10-06T06:36:18.866+0000][36436][safepoint    ] Safepoint "G1Concurrent", Time since last: 99182600 ns, Reaching safepoint: 135000 ns, At safepoint: 549600 ns, Total: 684600 ns
[2020-10-06T06:36:18.866+0000][36436][gc,marking   ] GC(411) Concurrent Cleanup for Next Mark
[2020-10-06T06:36:18.868+0000][36436][gc,marking   ] GC(411) Concurrent Cleanup for Next Mark 1.724ms
[2020-10-06T06:36:18.868+0000][36436][gc           ] GC(411) Concurrent Cycle 291.979ms
[2020-10-06T06:36:20.553+0000][36436][safepoint    ] Safepoint "Cleanup", Time since last: 1686150300 ns, Reaching safepoint: 129100 ns, At safepoint: 6800 ns, Total: 135900 ns
[2020-10-06T06:36:22.554+0000][36436][safepoint    ] Safepoint "Cleanup", Time since last: 2000870300 ns, Reaching safepoint: 167100 ns, At safepoint: 9200 ns, Total: 176300 ns
[2020-10-06T06:36:23.555+0000][36436][safepoint    ] Safepoint "Cleanup", Time since last: 1000727400 ns, Reaching safepoint: 160400 ns, At safepoint: 8600 ns, Total: 169000 ns
[2020-10-06T06:36:24.555+0000][36436][safepoint    ] Safepoint "Cleanup", Time since last: 1000108200 ns, Reaching safepoint: 162500 ns, At safepoint: 22500 ns, Total: 185000 ns
[2020-10-06T06:36:25.556+0000][36436][safepoint    ] Safepoint "Cleanup", Time since last: 1000758000 ns, Reaching safepoint: 130100 ns, At safepoint: 8400 ns, Total: 138500 ns
[2020-10-06T06:36:26.557+0000][36436][safepoint    ] Safepoint "Cleanup", Time since last: 1000681600 ns, Reaching safepoint: 150700 ns, At safepoint: 33400 ns, Total: 184100 ns
[2020-10-06T06:36:27.557+0000][36436][safepoint    ] Safepoint "Cleanup", Time since last: 1000100600 ns, Reaching safepoint: 127400 ns, At safepoint: 7300 ns, Total: 134700 ns
[2020-10-06T06:36:28.557+0000][36436][safepoint    ] Safepoint "Cleanup", Time since last: 1000327300 ns, Reaching safepoint: 128900 ns, At safepoint: 7900 ns, Total: 136800 ns
[2020-10-06T06:36:29.558+0000][36436][safepoint    ] Safepoint "Cleanup", Time since last: 1000296100 ns, Reaching safepoint: 125800 ns, At safepoint: 9200 ns, Total: 135000 ns
[2020-10-06T06:36:30.558+0000][36436][safepoint    ] Safepoint "Cleanup", Time since last: 1000398200 ns, Reaching safepoint: 135800 ns, At safepoint: 3200 ns, Total: 139000 ns
[2020-10-06T06:36:31.559+0000][36436][safepoint    ] Safepoint "Cleanup", Time since last: 1000835500 ns, Reaching safepoint: 148800 ns, At safepoint: 21400 ns, Total: 170200 ns
[2020-10-06T06:36:32.560+0000][36436][safepoint    ] Safepoint "Cleanup", Time since last: 1000338000 ns, Reaching safepoint: 121100 ns, At safepoint: 6100 ns, Total: 127200 ns
[2020-10-06T06:36:33.561+0000][36436][safepoint    ] Safepoint "Cleanup", Time since last: 1000822100 ns, Reaching safepoint: 176700 ns, At safepoint: 20600 ns, Total: 197300 ns
[2020-10-06T06:36:34.562+0000][36436][safepoint    ] Safepoint "Cleanup", Time since last: 1000707300 ns, Reaching safepoint: 134900 ns, At safepoint: 6800 ns, Total: 141700 ns
[2020-10-06T06:36:35.562+0000][36436][safepoint    ] Safepoint "Cleanup", Time since last: 1000351400 ns, Reaching safepoint: 125700 ns, At safepoint: 6900 ns, Total: 132600 ns
[2020-10-06T06:36:36.884+0000][36436][safepoint    ] Safepoint "Cleanup", Time since last: 1322229600 ns, Reaching safepoint: 141600 ns, At safepoint: 5900 ns, Total: 147500 ns
[2020-10-06T06:36:37.885+0000][36436][safepoint    ] Safepoint "Cleanup", Time since last: 1000901900 ns, Reaching safepoint: 106800 ns, At safepoint: 7300 ns, Total: 114100 ns
[2020-10-06T06:36:38.886+0000][36436][safepoint    ] Safepoint "Cleanup", Time since last: 1000349100 ns, Reaching safepoint: 154000 ns, At safepoint: 6200 ns, Total: 160200 ns
[2020-10-06T06:36:40.886+0000][36436][safepoint    ] Safepoint "Cleanup", Time since last: 2000013100 ns, Reaching safepoint: 128800 ns, At safepoint: 6000 ns, Total: 134800 ns
[2020-10-06T06:36:41.887+0000][36436][safepoint    ] Safepoint "Cleanup", Time since last: 1000475400 ns, Reaching safepoint: 140500 ns, At safepoint: 8200 ns, Total: 148700 ns
[2020-10-06T06:36:43.394+0000][36436][safepoint    ] Safepoint "Cleanup", Time since last: 1507398100 ns, Reaching safepoint: 131800 ns, At safepoint: 6800 ns, Total: 138600 ns
[2020-10-06T06:36:45.395+0000][36436][safepoint    ] Safepoint "Cleanup", Time since last: 2000727300 ns, Reaching safepoint: 149900 ns, At safepoint: 8600 ns, Total: 158500 ns
[2020-10-06T06:36:46.396+0000][36436][safepoint    ] Safepoint "Cleanup", Time since last: 1000833900 ns, Reaching safepoint: 106700 ns, At safepoint: 6900 ns, Total: 113600 ns
[2020-10-06T06:36:47.256+0000][36436][safepoint    ] Safepoint "BulkRevokeBias", Time since last: 859328400 ns, Reaching safepoint: 113600 ns, At safepoint: 936400 ns, Total: 1050000 ns
[2020-10-06T06:36:48.549+0000][36436][safepoint    ] Safepoint "Cleanup", Time since last: 1292529200 ns, Reaching safepoint: 115000 ns, At safepoint: 6500 ns, Total: 121500 ns
[2020-10-06T06:36:49.549+0000][36436][safepoint    ] Safepoint "Cleanup", Time since last: 1000422500 ns, Reaching safepoint: 141300 ns, At safepoint: 3400 ns, Total: 144700 ns
[2020-10-06T06:36:50.550+0000][36436][safepoint    ] Safepoint "Cleanup", Time since last: 1000381600 ns, Reaching safepoint: 151400 ns, At safepoint: 26400 ns, Total: 177800 ns
[2020-10-06T06:36:51.551+0000][36436][safepoint    ] Safepoint "Cleanup", Time since last: 1000761200 ns, Reaching safepoint: 127900 ns, At safepoint: 5500 ns, Total: 133400 ns
[2020-10-06T06:36:52.552+0000][36436][safepoint    ] Safepoint "Cleanup", Time since last: 1000708600 ns, Reaching safepoint: 143300 ns, At safepoint: 5800 ns, Total: 149100 ns
[2020-10-06T06:36:53.552+0000][36436][safepoint    ] Safepoint "Cleanup", Time since last: 1000490000 ns, Reaching safepoint: 145700 ns, At safepoint: 7400 ns, Total: 153100 ns
[2020-10-06T06:36:55.553+0000][36436][safepoint    ] Safepoint "Cleanup", Time since last: 2000531800 ns, Reaching safepoint: 124600 ns, At safepoint: 20800 ns, Total: 145400 ns
[2020-10-06T06:36:57.554+0000][36436][safepoint    ] Safepoint "Cleanup", Time since last: 2000704800 ns, Reaching safepoint: 570100 ns, At safepoint: 80800 ns, Total: 650900 ns
[2020-10-06T06:36:58.555+0000][36436][safepoint    ] Safepoint "Cleanup", Time since last: 1000651900 ns, Reaching safepoint: 122300 ns, At safepoint: 5600 ns, Total: 127900 ns
[2020-10-06T06:36:59.556+0000][36436][safepoint    ] Safepoint "Cleanup", Time since last: 1000286500 ns, Reaching safepoint: 102000 ns, At safepoint: 6800 ns, Total: 108800 ns
[2020-10-06T06:37:00.556+0000][36436][safepoint    ] Safepoint "Cleanup", Time since last: 1000523000 ns, Reaching safepoint: 113500 ns, At safepoint: 6200 ns, Total: 119700 ns
[2020-10-06T06:37:01.557+0000][36436][safepoint    ] Safepoint "Cleanup", Time since last: 1000754900 ns, Reaching safepoint: 141000 ns, At safepoint: 7800 ns, Total: 148800 ns
[2020-10-06T06:37:03.558+0000][36436][safepoint    ] Safepoint "Cleanup", Time since last: 2000701700 ns, Reaching safepoint: 111300 ns, At safepoint: 6100 ns, Total: 117400 ns
[2020-10-06T06:37:04.558+0000][36436][safepoint    ] Safepoint "Cleanup", Time since last: 1000137700 ns, Reaching safepoint: 113500 ns, At safepoint: 3300 ns, Total: 116800 ns
[2020-10-06T06:37:05.559+0000][36436][safepoint    ] Safepoint "Cleanup", Time since last: 1000706900 ns, Reaching safepoint: 122300 ns, At safepoint: 6000 ns, Total: 128300 ns
[2020-10-06T06:37:06.888+0000][36436][safepoint    ] Safepoint "Cleanup", Time since last: 1329136800 ns, Reaching safepoint: 142400 ns, At safepoint: 5600 ns, Total: 148000 ns
[2020-10-06T06:37:07.889+0000][36436][safepoint    ] Safepoint "Cleanup", Time since last: 1000256600 ns, Reaching safepoint: 109500 ns, At safepoint: 5100 ns, Total: 114600 ns
[2020-10-06T06:37:09.889+0000][36436][safepoint    ] Safepoint "Cleanup", Time since last: 2000458700 ns, Reaching safepoint: 141600 ns, At safepoint: 5700 ns, Total: 147300 ns
[2020-10-06T06:37:10.890+0000][36436][safepoint    ] Safepoint "Cleanup", Time since last: 1000692000 ns, Reaching safepoint: 133400 ns, At safepoint: 8400 ns, Total: 141800 ns
[2020-10-06T06:37:11.891+0000][36436][safepoint    ] Safepoint "Cleanup", Time since last: 1000624400 ns, Reaching safepoint: 135300 ns, At safepoint: 5400 ns, Total: 140700 ns
[2020-10-06T06:37:12.891+0000][36436][safepoint    ] Safepoint "Cleanup", Time since last: 1000033200 ns, Reaching safepoint: 116900 ns, At safepoint: 6100 ns, Total: 123000 ns
[2020-10-06T06:37:13.892+0000][36436][safepoint    ] Safepoint "Cleanup", Time since last: 1000659200 ns, Reaching safepoint: 187000 ns, At safepoint: 13500 ns, Total: 200500 ns
[2020-10-06T06:37:14.892+0000][36436][safepoint    ] Safepoint "Cleanup", Time since last: 1000004500 ns, Reaching safepoint: 142400 ns, At safepoint: 20700 ns, Total: 163100 ns
[2020-10-06T06:37:15.893+0000][36436][safepoint    ] Safepoint "Cleanup", Time since last: 1000703400 ns, Reaching safepoint: 140400 ns, At safepoint: 20400 ns, Total: 160800 ns
[2020-10-06T06:37:16.893+0000][36436][safepoint    ] Safepoint "Cleanup", Time since last: 1000219200 ns, Reaching safepoint: 107100 ns, At safepoint: 6000 ns, Total: 113100 ns
[2020-10-06T06:37:16.951+0000][36436][safepoint    ] Safepoint "BulkRevokeBias", Time since last: 57582000 ns, Reaching safepoint: 97700 ns, At safepoint: 1042900 ns, Total: 1140600 ns
[2020-10-06T06:37:18.952+0000][36436][safepoint    ] Safepoint "Cleanup", Time since last: 1999995000 ns, Reaching safepoint: 146400 ns, At safepoint: 5500 ns, Total: 151900 ns
[2020-10-06T06:37:19.952+0000][36436][safepoint    ] Safepoint "Cleanup", Time since last: 1000466000 ns, Reaching safepoint: 148100 ns, At safepoint: 5100 ns, Total: 153200 ns
[2020-10-06T06:37:20.953+0000][36436][safepoint    ] Safepoint "Cleanup", Time since last: 1000078600 ns, Reaching safepoint: 112600 ns, At safepoint: 2600 ns, Total: 115200 ns
[2020-10-06T06:37:21.953+0000][36436][safepoint    ] Safepoint "Cleanup", Time since last: 1000596500 ns, Reaching safepoint: 123900 ns, At safepoint: 5900 ns, Total: 129800 ns
[2020-10-06T06:37:23.954+0000][36436][safepoint    ] Safepoint "Cleanup", Time since last: 2000544700 ns, Reaching safepoint: 127300 ns, At safepoint: 5700 ns, Total: 133000 ns
[2020-10-06T06:37:24.955+0000][36436][safepoint    ] Safepoint "Cleanup", Time since last: 1000372000 ns, Reaching safepoint: 136700 ns, At safepoint: 5600 ns, Total: 142300 ns
[2020-10-06T06:37:26.955+0000][36436][safepoint    ] Safepoint "Cleanup", Time since last: 2000191000 ns, Reaching safepoint: 136600 ns, At safepoint: 5200 ns, Total: 141800 ns
[2020-10-06T06:37:27.956+0000][36436][safepoint    ] Safepoint "Cleanup", Time since last: 1000557800 ns, Reaching safepoint: 130700 ns, At safepoint: 7600 ns, Total: 138300 ns
[2020-10-06T06:37:28.956+0000][36436][safepoint    ] Safepoint "Cleanup", Time since last: 1000098500 ns, Reaching safepoint: 141700 ns, At safepoint: 5300 ns, Total: 147000 ns
[2020-10-06T06:37:29.956+0000][36436][safepoint    ] Safepoint "Cleanup", Time since last: 1000320400 ns, Reaching safepoint: 110800 ns, At safepoint: 2800 ns, Total: 113600 ns
[2020-10-06T06:37:30.957+0000][36436][safepoint    ] Safepoint "Cleanup", Time since last: 1000670100 ns, Reaching safepoint: 119200 ns, At safepoint: 8400 ns, Total: 127600 ns
[2020-10-06T06:37:31.957+0000][36436][safepoint    ] Safepoint "Cleanup", Time since last: 1000368800 ns, Reaching safepoint: 120900 ns, At safepoint: 6200 ns, Total: 127100 ns
[2020-10-06T06:37:32.958+0000][36436][safepoint    ] Safepoint "Cleanup", Time since last: 1000791000 ns, Reaching safepoint: 108000 ns, At safepoint: 6900 ns, Total: 114900 ns
[2020-10-06T06:37:34.751+0000][36436][safepoint    ] Safepoint "Cleanup", Time since last: 1792310300 ns, Reaching safepoint: 92200 ns, At safepoint: 7800 ns, Total: 100000 ns
[2020-10-06T06:37:35.751+0000][36436][safepoint    ] Safepoint "Cleanup", Time since last: 1000375200 ns, Reaching safepoint: 110900 ns, At safepoint: 6100 ns, Total: 117000 ns
[2020-10-06T06:37:36.752+0000][36436][safepoint    ] Safepoint "Cleanup", Time since last: 1000185800 ns, Reaching safepoint: 110200 ns, At safepoint: 5500 ns, Total: 115700 ns
[2020-10-06T06:37:37.752+0000][36436][safepoint    ] Safepoint "Cleanup", Time since last: 1000194600 ns, Reaching safepoint: 145100 ns, At safepoint: 6000 ns, Total: 151100 ns
[2020-10-06T06:37:38.752+0000][36436][safepoint    ] Safepoint "Cleanup", Time since last: 1000322000 ns, Reaching safepoint: 121600 ns, At safepoint: 7400 ns, Total: 129000 ns
[2020-10-06T06:37:39.753+0000][36436][safepoint    ] Safepoint "Cleanup", Time since last: 1000518600 ns, Reaching safepoint: 113800 ns, At safepoint: 6000 ns, Total: 119800 ns
[2020-10-06T06:37:40.753+0000][36436][safepoint    ] Safepoint "Cleanup", Time since last: 1000290300 ns, Reaching safepoint: 118500 ns, At safepoint: 5400 ns, Total: 123900 ns
[2020-10-06T06:37:42.753+0000][36436][safepoint    ] Safepoint "Cleanup", Time since last: 2000052900 ns, Reaching safepoint: 152400 ns, At safepoint: 39900 ns, Total: 192300 ns
[2020-10-06T06:37:43.754+0000][36436][safepoint    ] Safepoint "Cleanup", Time since last: 1000232100 ns, Reaching safepoint: 116800 ns, At safepoint: 60500 ns, Total: 177300 ns
[2020-10-06T06:37:44.755+0000][36436][safepoint    ] Safepoint "Cleanup", Time since last: 1000736500 ns, Reaching safepoint: 140100 ns, At safepoint: 110600 ns, Total: 250700 ns
[2020-10-06T06:37:45.755+0000][36436][safepoint    ] Safepoint "Cleanup", Time since last: 1000063300 ns, Reaching safepoint: 118100 ns, At safepoint: 5700 ns, Total: 123800 ns
[2020-10-06T06:37:46.756+0000][36436][safepoint    ] Safepoint "Cleanup", Time since last: 1000655300 ns, Reaching safepoint: 130100 ns, At safepoint: 5700 ns, Total: 135800 ns
[2020-10-06T06:37:48.549+0000][36436][safepoint    ] Safepoint "Cleanup", Time since last: 1793127900 ns, Reaching safepoint: 131100 ns, At safepoint: 7500 ns, Total: 138600 ns
[2020-10-06T06:37:50.550+0000][36436][safepoint    ] Safepoint "Cleanup", Time since last: 2000526000 ns, Reaching safepoint: 101200 ns, At safepoint: 6600 ns, Total: 107800 ns
[2020-10-06T06:37:51.551+0000][36436][safepoint    ] Safepoint "Cleanup", Time since last: 1000717600 ns, Reaching safepoint: 132700 ns, At safepoint: 5400 ns, Total: 138100 ns
[2020-10-06T06:37:52.551+0000][36436][safepoint    ] Safepoint "Cleanup", Time since last: 1000461200 ns, Reaching safepoint: 141900 ns, At safepoint: 5900 ns, Total: 147800 ns
[2020-10-06T06:37:53.552+0000][36436][safepoint    ] Safepoint "Cleanup", Time since last: 1000677000 ns, Reaching safepoint: 149000 ns, At safepoint: 6500 ns, Total: 155500 ns
[2020-10-06T06:37:54.552+0000][36436][safepoint    ] Safepoint "Cleanup", Time since last: 1000027700 ns, Reaching safepoint: 118200 ns, At safepoint: 6500 ns, Total: 124700 ns
[2020-10-06T06:37:55.553+0000][36436][safepoint    ] Safepoint "Cleanup", Time since last: 1000299500 ns, Reaching safepoint: 132700 ns, At safepoint: 5900 ns, Total: 138600 ns
[2020-10-06T06:37:56.553+0000][36436][safepoint    ] Safepoint "Cleanup", Time since last: 1000108400 ns, Reaching safepoint: 148100 ns, At safepoint: 21000 ns, Total: 169100 ns
[2020-10-06T06:37:57.553+0000][36436][safepoint    ] Safepoint "Cleanup", Time since last: 1000335500 ns, Reaching safepoint: 137800 ns, At safepoint: 5500 ns, Total: 143300 ns
[2020-10-06T06:37:58.554+0000][36436][safepoint    ] Safepoint "Cleanup", Time since last: 1000773800 ns, Reaching safepoint: 98300 ns, At safepoint: 5000 ns, Total: 103300 ns
[2020-10-06T06:37:59.555+0000][36436][safepoint    ] Safepoint "Cleanup", Time since last: 1000631900 ns, Reaching safepoint: 106600 ns, At safepoint: 5900 ns, Total: 112500 ns
[2020-10-06T06:38:00.555+0000][36436][safepoint    ] Safepoint "Cleanup", Time since last: 1000094200 ns, Reaching safepoint: 107100 ns, At safepoint: 6800 ns, Total: 113900 ns
[2020-10-06T06:38:01.556+0000][36436][safepoint    ] Safepoint "Cleanup", Time since last: 1000275200 ns, Reaching safepoint: 140200 ns, At safepoint: 5700 ns, Total: 145900 ns
[2020-10-06T06:38:02.556+0000][36436][safepoint    ] Safepoint "Cleanup", Time since last: 1000013000 ns, Reaching safepoint: 141500 ns, At safepoint: 3900 ns, Total: 145400 ns
[2020-10-06T06:38:03.556+0000][36436][safepoint    ] Safepoint "Cleanup", Time since last: 1000151500 ns, Reaching safepoint: 109800 ns, At safepoint: 6200 ns, Total: 116000 ns
[2020-10-06T06:38:05.556+0000][36436][safepoint    ] Safepoint "Cleanup", Time since last: 2000138200 ns, Reaching safepoint: 132700 ns, At safepoint: 2800 ns, Total: 135500 ns
[2020-10-06T06:38:06.557+0000][36436][safepoint    ] Safepoint "Cleanup", Time since last: 1000794000 ns, Reaching safepoint: 107800 ns, At safepoint: 5200 ns, Total: 113000 ns
[2020-10-06T06:38:07.558+0000][36436][safepoint    ] Safepoint "Cleanup", Time since last: 1000764900 ns, Reaching safepoint: 138300 ns, At safepoint: 5100 ns, Total: 143400 ns
[2020-10-06T06:38:09.558+0000][36436][safepoint    ] Safepoint "Cleanup", Time since last: 2000109900 ns, Reaching safepoint: 127700 ns, At safepoint: 5600 ns, Total: 133300 ns
[2020-10-06T06:38:11.559+0000][36436][safepoint    ] Safepoint "Cleanup", Time since last: 2000900300 ns, Reaching safepoint: 119300 ns, At safepoint: 7300 ns, Total: 126600 ns
[2020-10-06T06:38:12.560+0000][36436][safepoint    ] Safepoint "Cleanup", Time since last: 1000664200 ns, Reaching safepoint: 111900 ns, At safepoint: 5800 ns, Total: 117700 ns
[2020-10-06T06:38:13.560+0000][36436][safepoint    ] Safepoint "Cleanup", Time since last: 1000195400 ns, Reaching safepoint: 114700 ns, At safepoint: 5900 ns, Total: 120600 ns
[2020-10-06T06:38:14.561+0000][36436][safepoint    ] Safepoint "Cleanup", Time since last: 1000438300 ns, Reaching safepoint: 135500 ns, At safepoint: 5500 ns, Total: 141000 ns
[2020-10-06T06:38:15.561+0000][36436][safepoint    ] Safepoint "Cleanup", Time since last: 1000304800 ns, Reaching safepoint: 140600 ns, At safepoint: 5900 ns, Total: 146500 ns
[2020-10-06T06:38:17.562+0000][36436][safepoint    ] Safepoint "Cleanup", Time since last: 2000344300 ns, Reaching safepoint: 139400 ns, At safepoint: 21400 ns, Total: 160800 ns
[2020-10-06T06:38:18.563+0000][36436][safepoint    ] Safepoint "Cleanup", Time since last: 1000756500 ns, Reaching safepoint: 141500 ns, At safepoint: 5400 ns, Total: 146900 ns
[2020-10-06T06:38:19.563+0000][36436][safepoint    ] Safepoint "Cleanup", Time since last: 1000190700 ns, Reaching safepoint: 113700 ns, At safepoint: 6500 ns, Total: 120200 ns
[2020-10-06T06:38:20.564+0000][36436][safepoint    ] Safepoint "Cleanup", Time since last: 1000362600 ns, Reaching safepoint: 140700 ns, At safepoint: 20900 ns, Total: 161600 ns
[2020-10-06T06:38:21.564+0000][36436][safepoint    ] Safepoint "Cleanup", Time since last: 1000601400 ns, Reaching safepoint: 130000 ns, At safepoint: 7300 ns, Total: 137300 ns
[2020-10-06T06:38:22.565+0000][36436][safepoint    ] Safepoint "Cleanup", Time since last: 1000666700 ns, Reaching safepoint: 141400 ns, At safepoint: 6000 ns, Total: 147400 ns
[2020-10-06T06:38:23.566+0000][36436][safepoint    ] Safepoint "Cleanup", Time since last: 1000620200 ns, Reaching safepoint: 150000 ns, At safepoint: 5700 ns, Total: 155700 ns
[2020-10-06T06:38:24.566+0000][36436][safepoint    ] Safepoint "Cleanup", Time since last: 1000173500 ns, Reaching safepoint: 106900 ns, At safepoint: 2800 ns, Total: 109700 ns
[2020-10-06T06:38:25.567+0000][36436][safepoint    ] Safepoint "Cleanup", Time since last: 1000542600 ns, Reaching safepoint: 114400 ns, At safepoint: 8800 ns, Total: 123200 ns
[2020-10-06T06:38:26.567+0000][36436][safepoint    ] Safepoint "Cleanup", Time since last: 1000416100 ns, Reaching safepoint: 113700 ns, At safepoint: 3200 ns, Total: 116900 ns
[2020-10-06T06:38:28.568+0000][36436][safepoint    ] Safepoint "Cleanup", Time since last: 2000587100 ns, Reaching safepoint: 108000 ns, At safepoint: 7200 ns, Total: 115200 ns
[2020-10-06T06:38:29.568+0000][36436][safepoint    ] Safepoint "Cleanup", Time since last: 1000352400 ns, Reaching safepoint: 105600 ns, At safepoint: 3000 ns, Total: 108600 ns
[2020-10-06T06:38:30.569+0000][36436][safepoint    ] Safepoint "Cleanup", Time since last: 1000043500 ns, Reaching safepoint: 114700 ns, At safepoint: 5400 ns, Total: 120100 ns
[2020-10-06T06:38:32.569+0000][36436][safepoint    ] Safepoint "Cleanup", Time since last: 2000104300 ns, Reaching safepoint: 116900 ns, At safepoint: 6200 ns, Total: 123100 ns
[2020-10-06T06:38:33.569+0000][36436][safepoint    ] Safepoint "Cleanup", Time since last: 1000323800 ns, Reaching safepoint: 113900 ns, At safepoint: 6100 ns, Total: 120000 ns
[2020-10-06T06:38:34.570+0000][36436][safepoint    ] Safepoint "Cleanup", Time since last: 1000280900 ns, Reaching safepoint: 104900 ns, At safepoint: 3400 ns, Total: 108300 ns
[2020-10-06T06:38:35.570+0000][36436][safepoint    ] Safepoint "Cleanup", Time since last: 1000479200 ns, Reaching safepoint: 120700 ns, At safepoint: 20800 ns, Total: 141500 ns
[2020-10-06T06:38:36.571+0000][36436][safepoint    ] Safepoint "Cleanup", Time since last: 1000629400 ns, Reaching safepoint: 173400 ns, At safepoint: 6600 ns, Total: 180000 ns
[2020-10-06T06:38:37.572+0000][36436][safepoint    ] Safepoint "Cleanup", Time since last: 1000446900 ns, Reaching safepoint: 122300 ns, At safepoint: 5400 ns, Total: 127700 ns
[2020-10-06T06:38:38.572+0000][36436][safepoint    ] Safepoint "Cleanup", Time since last: 1000350800 ns, Reaching safepoint: 117300 ns, At safepoint: 6800 ns, Total: 124100 ns
[2020-10-06T06:38:39.572+0000][36436][safepoint    ] Safepoint "Cleanup", Time since last: 1000183000 ns, Reaching safepoint: 122100 ns, At safepoint: 6200 ns, Total: 128300 ns
[2020-10-06T06:38:40.573+0000][36436][safepoint    ] Safepoint "Cleanup", Time since last: 1000510300 ns, Reaching safepoint: 144600 ns, At safepoint: 20800 ns, Total: 165400 ns
[2020-10-06T06:38:41.574+0000][36436][safepoint    ] Safepoint "Cleanup", Time since last: 1000587000 ns, Reaching safepoint: 142800 ns, At safepoint: 20700 ns, Total: 163500 ns
[2020-10-06T06:38:43.574+0000][36436][safepoint    ] Safepoint "Cleanup", Time since last: 2000061100 ns, Reaching safepoint: 158900 ns, At safepoint: 7900 ns, Total: 166800 ns
[2020-10-06T06:38:44.574+0000][36436][safepoint    ] Safepoint "Cleanup", Time since last: 1000037800 ns, Reaching safepoint: 120700 ns, At safepoint: 6400 ns, Total: 127100 ns
[2020-10-06T06:38:45.574+0000][36436][safepoint    ] Safepoint "Cleanup", Time since last: 1000013800 ns, Reaching safepoint: 197700 ns, At safepoint: 6000 ns, Total: 203700 ns
[2020-10-06T06:38:46.575+0000][36436][safepoint    ] Safepoint "Cleanup", Time since last: 1000408200 ns, Reaching safepoint: 118200 ns, At safepoint: 6300 ns, Total: 124500 ns
[2020-10-06T06:38:47.576+0000][36436][safepoint    ] Safepoint "Cleanup", Time since last: 1000831100 ns, Reaching safepoint: 116600 ns, At safepoint: 5500 ns, Total: 122100 ns
[2020-10-06T06:38:48.576+0000][36436][safepoint    ] Safepoint "Cleanup", Time since last: 1000285700 ns, Reaching safepoint: 158600 ns, At safepoint: 5900 ns, Total: 164500 ns
[2020-10-06T06:38:49.577+0000][36436][safepoint    ] Safepoint "Cleanup", Time since last: 1000496300 ns, Reaching safepoint: 147900 ns, At safepoint: 5800 ns, Total: 153700 ns
[2020-10-06T06:38:51.577+0000][36436][safepoint    ] Safepoint "Cleanup", Time since last: 1999899800 ns, Reaching safepoint: 123200 ns, At safepoint: 7600 ns, Total: 130800 ns
[2020-10-06T06:38:52.578+0000][36436][safepoint    ] Safepoint "Cleanup", Time since last: 1000567700 ns, Reaching safepoint: 199600 ns, At safepoint: 12600 ns, Total: 212200 ns
[2020-10-06T06:38:53.578+0000][36436][safepoint    ] Safepoint "Cleanup", Time since last: 1000208400 ns, Reaching safepoint: 187200 ns, At safepoint: 6800 ns, Total: 194000 ns
[2020-10-06T06:38:54.579+0000][36436][safepoint    ] Safepoint "Cleanup", Time since last: 1000694900 ns, Reaching safepoint: 125700 ns, At safepoint: 13800 ns, Total: 139500 ns
[2020-10-06T06:38:55.579+0000][36436][safepoint    ] Safepoint "Cleanup", Time since last: 1000398800 ns, Reaching safepoint: 570000 ns, At safepoint: 12400 ns, Total: 582400 ns
[2020-10-06T06:38:57.580+0000][36436][safepoint    ] Safepoint "Cleanup", Time since last: 1999618200 ns, Reaching safepoint: 166900 ns, At safepoint: 9500 ns, Total: 176400 ns
[2020-10-06T06:38:58.580+0000][36436][safepoint    ] Safepoint "Cleanup", Time since last: 1000116000 ns, Reaching safepoint: 120700 ns, At safepoint: 3900 ns, Total: 124600 ns
[2020-10-06T06:38:59.581+0000][36436][safepoint    ] Safepoint "Cleanup", Time since last: 1000725700 ns, Reaching safepoint: 126700 ns, At safepoint: 7600 ns, Total: 134300 ns
[2020-10-06T06:39:00.582+0000][36436][safepoint    ] Safepoint "Cleanup", Time since last: 1000861500 ns, Reaching safepoint: 132200 ns, At safepoint: 6400 ns, Total: 138600 ns
[2020-10-06T06:39:01.583+0000][36436][safepoint    ] Safepoint "Cleanup", Time since last: 1000689700 ns, Reaching safepoint: 195100 ns, At safepoint: 5800 ns, Total: 200900 ns
[2020-10-06T06:39:02.583+0000][36436][safepoint    ] Safepoint "Cleanup", Time since last: 1000653400 ns, Reaching safepoint: 125800 ns, At safepoint: 6700 ns, Total: 132500 ns
[2020-10-06T06:39:03.584+0000][36436][safepoint    ] Safepoint "Cleanup", Time since last: 1000351500 ns, Reaching safepoint: 116000 ns, At safepoint: 3100 ns, Total: 119100 ns
[2020-10-06T06:39:05.584+0000][36436][safepoint    ] Safepoint "Cleanup", Time since last: 2000013600 ns, Reaching safepoint: 100100 ns, At safepoint: 6400 ns, Total: 106500 ns
[2020-10-06T06:39:06.585+0000][36436][safepoint    ] Safepoint "Cleanup", Time since last: 1000677000 ns, Reaching safepoint: 154700 ns, At safepoint: 6100 ns, Total: 160800 ns
[2020-10-06T06:39:07.586+0000][36436][safepoint    ] Safepoint "Cleanup", Time since last: 1000779100 ns, Reaching safepoint: 100500 ns, At safepoint: 4500 ns, Total: 105000 ns
[2020-10-06T06:39:08.586+0000][36436][safepoint    ] Safepoint "Cleanup", Time since last: 1000604800 ns, Reaching safepoint: 131100 ns, At safepoint: 5800 ns, Total: 136900 ns
[2020-10-06T06:39:09.587+0000][36436][safepoint    ] Safepoint "Cleanup", Time since last: 1000262600 ns, Reaching safepoint: 115900 ns, At safepoint: 6300 ns, Total: 122200 ns
[2020-10-06T06:39:10.588+0000][36436][safepoint    ] Safepoint "Cleanup", Time since last: 1000823100 ns, Reaching safepoint: 127200 ns, At safepoint: 2900 ns, Total: 130100 ns
[2020-10-06T06:39:11.588+0000][36436][safepoint    ] Safepoint "Cleanup", Time since last: 1000314400 ns, Reaching safepoint: 114400 ns, At safepoint: 18200 ns, Total: 132600 ns
[2020-10-06T06:39:12.589+0000][36436][safepoint    ] Safepoint "Cleanup", Time since last: 1000782100 ns, Reaching safepoint: 135200 ns, At safepoint: 6300 ns, Total: 141500 ns
[2020-10-06T06:39:13.589+0000][36436][safepoint    ] Safepoint "Cleanup", Time since last: 1000186800 ns, Reaching safepoint: 143200 ns, At safepoint: 21000 ns, Total: 164200 ns
[2020-10-06T06:39:14.590+0000][36436][safepoint    ] Safepoint "Cleanup", Time since last: 1000227900 ns, Reaching safepoint: 134900 ns, At safepoint: 6000 ns, Total: 140900 ns
[2020-10-06T06:39:15.590+0000][36436][safepoint    ] Safepoint "Cleanup", Time since last: 1000314200 ns, Reaching safepoint: 104900 ns, At safepoint: 8100 ns, Total: 113000 ns
[2020-10-06T06:39:17.591+0000][36436][safepoint    ] Safepoint "Cleanup", Time since last: 2000918300 ns, Reaching safepoint: 134700 ns, At safepoint: 6700 ns, Total: 141400 ns
[2020-10-06T06:39:18.592+0000][36436][safepoint    ] Safepoint "Cleanup", Time since last: 1000790700 ns, Reaching safepoint: 113900 ns, At safepoint: 5800 ns, Total: 119700 ns
[2020-10-06T06:39:19.593+0000][36436][safepoint    ] Safepoint "Cleanup", Time since last: 1000345400 ns, Reaching safepoint: 123000 ns, At safepoint: 6100 ns, Total: 129100 ns
[2020-10-06T06:39:20.594+0000][36436][safepoint    ] Safepoint "Cleanup", Time since last: 1000738200 ns, Reaching safepoint: 104900 ns, At safepoint: 6200 ns, Total: 111100 ns
[2020-10-06T06:39:21.594+0000][36436][safepoint    ] Safepoint "Cleanup", Time since last: 1000587500 ns, Reaching safepoint: 137300 ns, At safepoint: 5700 ns, Total: 143000 ns
[2020-10-06T06:39:22.595+0000][36436][safepoint    ] Safepoint "Cleanup", Time since last: 1000841100 ns, Reaching safepoint: 143100 ns, At safepoint: 3900 ns, Total: 147000 ns
[2020-10-06T06:39:23.596+0000][36436][safepoint    ] Safepoint "Cleanup", Time since last: 1000181300 ns, Reaching safepoint: 104900 ns, At safepoint: 5600 ns, Total: 110500 ns
[2020-10-06T06:39:24.596+0000][36436][safepoint    ] Safepoint "Cleanup", Time since last: 1000643500 ns, Reaching safepoint: 137000 ns, At safepoint: 20800 ns, Total: 157800 ns
[2020-10-06T06:39:25.597+0000][36436][safepoint    ] Safepoint "Cleanup", Time since last: 1000206300 ns, Reaching safepoint: 131600 ns, At safepoint: 8300 ns, Total: 139900 ns
[2020-10-06T06:39:27.597+0000][36436][safepoint    ] Safepoint "Cleanup", Time since last: 1999954300 ns, Reaching safepoint: 134300 ns, At safepoint: 3600 ns, Total: 137900 ns
[2020-10-06T06:39:28.597+0000][36436][safepoint    ] Safepoint "Cleanup", Time since last: 1000483100 ns, Reaching safepoint: 112800 ns, At safepoint: 5900 ns, Total: 118700 ns
[2020-10-06T06:39:29.598+0000][36436][safepoint    ] Safepoint "Cleanup", Time since last: 1000541500 ns, Reaching safepoint: 117200 ns, At safepoint: 6100 ns, Total: 123300 ns
[2020-10-06T06:39:30.599+0000][36436][safepoint    ] Safepoint "Cleanup", Time since last: 1000436600 ns, Reaching safepoint: 111400 ns, At safepoint: 6300 ns, Total: 117700 ns
[2020-10-06T06:39:31.599+0000][36436][safepoint    ] Safepoint "Cleanup", Time since last: 1000853200 ns, Reaching safepoint: 126400 ns, At safepoint: 9900 ns, Total: 136300 ns
[2020-10-06T06:39:32.600+0000][36436][safepoint    ] Safepoint "Cleanup", Time since last: 1000703300 ns, Reaching safepoint: 113900 ns, At safepoint: 6200 ns, Total: 120100 ns
[2020-10-06T06:39:33.601+0000][36436][safepoint    ] Safepoint "Cleanup", Time since last: 1000331400 ns, Reaching safepoint: 135300 ns, At safepoint: 7500 ns, Total: 142800 ns
[2020-10-06T06:39:35.601+0000][36436][safepoint    ] Safepoint "Cleanup", Time since last: 2000419100 ns, Reaching safepoint: 131900 ns, At safepoint: 9100 ns, Total: 141000 ns
[2020-10-06T06:39:36.602+0000][36436][safepoint    ] Safepoint "Cleanup", Time since last: 1000105100 ns, Reaching safepoint: 189800 ns, At safepoint: 8300 ns, Total: 198100 ns
[2020-10-06T06:39:38.602+0000][36436][safepoint    ] Safepoint "Cleanup", Time since last: 2000386200 ns, Reaching safepoint: 180300 ns, At safepoint: 5400 ns, Total: 185700 ns
[2020-10-06T06:39:39.603+0000][36436][safepoint    ] Safepoint "Cleanup", Time since last: 1000315600 ns, Reaching safepoint: 146900 ns, At safepoint: 11400 ns, Total: 158300 ns
[2020-10-06T06:39:40.603+0000][36436][safepoint    ] Safepoint "Cleanup", Time since last: 1000423000 ns, Reaching safepoint: 249500 ns, At safepoint: 17100 ns, Total: 266600 ns
[2020-10-06T06:39:41.604+0000][36436][safepoint    ] Safepoint "Cleanup", Time since last: 1000633300 ns, Reaching safepoint: 116000 ns, At safepoint: 3800 ns, Total: 119800 ns
[2020-10-06T06:39:42.605+0000][36436][safepoint    ] Safepoint "Cleanup", Time since last: 1000364900 ns, Reaching safepoint: 135200 ns, At safepoint: 7800 ns, Total: 143000 ns
[2020-10-06T06:39:43.606+0000][36436][safepoint    ] Safepoint "Cleanup", Time since last: 1000844400 ns, Reaching safepoint: 146300 ns, At safepoint: 13400 ns, Total: 159700 ns
[2020-10-06T06:39:44.606+0000][36436][safepoint    ] Safepoint "Cleanup", Time since last: 1000686600 ns, Reaching safepoint: 175100 ns, At safepoint: 12500 ns, Total: 187600 ns
[2020-10-06T06:39:45.607+0000][36436][safepoint    ] Safepoint "Cleanup", Time since last: 1000719100 ns, Reaching safepoint: 152300 ns, At safepoint: 19300 ns, Total: 171600 ns
[2020-10-06T06:39:46.608+0000][36436][safepoint    ] Safepoint "Cleanup", Time since last: 1000712600 ns, Reaching safepoint: 139800 ns, At safepoint: 11600 ns, Total: 151400 ns
[2020-10-06T06:39:47.609+0000][36436][safepoint    ] Safepoint "Cleanup", Time since last: 1000460500 ns, Reaching safepoint: 142000 ns, At safepoint: 6400 ns, Total: 148400 ns
[2020-10-06T06:39:48.609+0000][36436][safepoint    ] Safepoint "Cleanup", Time since last: 1000271600 ns, Reaching safepoint: 125500 ns, At safepoint: 8000 ns, Total: 133500 ns
[2020-10-06T06:39:50.610+0000][36436][safepoint    ] Safepoint "Cleanup", Time since last: 2000737700 ns, Reaching safepoint: 134200 ns, At safepoint: 8100 ns, Total: 142300 ns
[2020-10-06T06:39:51.611+0000][36436][safepoint    ] Safepoint "Cleanup", Time since last: 1000495000 ns, Reaching safepoint: 315100 ns, At safepoint: 6800 ns, Total: 321900 ns
[2020-10-06T06:39:52.611+0000][36436][safepoint    ] Safepoint "Cleanup", Time since last: 1000137700 ns, Reaching safepoint: 161300 ns, At safepoint: 4300 ns, Total: 165600 ns
[2020-10-06T06:39:54.611+0000][36436][safepoint    ] Safepoint "Cleanup", Time since last: 2000143800 ns, Reaching safepoint: 116800 ns, At safepoint: 6100 ns, Total: 122900 ns
[2020-10-06T06:39:55.612+0000][36436][safepoint    ] Safepoint "Cleanup", Time since last: 1000119000 ns, Reaching safepoint: 298400 ns, At safepoint: 14600 ns, Total: 313000 ns
[2020-10-06T06:39:56.612+0000][36436][safepoint    ] Safepoint "Cleanup", Time since last: 1000268900 ns, Reaching safepoint: 521900 ns, At safepoint: 6200 ns, Total: 528100 ns
[2020-10-06T06:39:57.613+0000][36436][safepoint    ] Safepoint "Cleanup", Time since last: 1000107600 ns, Reaching safepoint: 103600 ns, At safepoint: 4000 ns, Total: 107600 ns
[2020-10-06T06:39:59.613+0000][36436][safepoint    ] Safepoint "Cleanup", Time since last: 2000265500 ns, Reaching safepoint: 156500 ns, At safepoint: 3200 ns, Total: 159700 ns
[2020-10-06T06:40:00.614+0000][36436][safepoint    ] Safepoint "Cleanup", Time since last: 1000464000 ns, Reaching safepoint: 127900 ns, At safepoint: 9400 ns, Total: 137300 ns
[2020-10-06T06:40:01.615+0000][36436][safepoint    ] Safepoint "Cleanup", Time since last: 1000733900 ns, Reaching safepoint: 131900 ns, At safepoint: 6100 ns, Total: 138000 ns
[2020-10-06T06:40:02.616+0000][36436][safepoint    ] Safepoint "Cleanup", Time since last: 1000896200 ns, Reaching safepoint: 142100 ns, At safepoint: 5200 ns, Total: 147300 ns
[2020-10-06T06:40:03.616+0000][36436][safepoint    ] Safepoint "Cleanup", Time since last: 1000622000 ns, Reaching safepoint: 89000 ns, At safepoint: 3600 ns, Total: 92600 ns
[2020-10-06T06:40:04.617+0000][36436][safepoint    ] Safepoint "Cleanup", Time since last: 1000513500 ns, Reaching safepoint: 112000 ns, At safepoint: 4700 ns, Total: 116700 ns
[2020-10-06T06:40:06.618+0000][36436][safepoint    ] Safepoint "Cleanup", Time since last: 2000450400 ns, Reaching safepoint: 134400 ns, At safepoint: 5300 ns, Total: 139700 ns
[2020-10-06T06:40:08.618+0000][36436][safepoint    ] Safepoint "Cleanup", Time since last: 2000236500 ns, Reaching safepoint: 132200 ns, At safepoint: 7200 ns, Total: 139400 ns
[2020-10-06T06:40:10.618+0000][36436][safepoint    ] Safepoint "Cleanup", Time since last: 1999896200 ns, Reaching safepoint: 105100 ns, At safepoint: 7700 ns, Total: 112800 ns
[2020-10-06T06:40:11.619+0000][36436][safepoint    ] Safepoint "Cleanup", Time since last: 1000764300 ns, Reaching safepoint: 125700 ns, At safepoint: 6200 ns, Total: 131900 ns
[2020-10-06T06:40:12.619+0000][36436][safepoint    ] Safepoint "Cleanup", Time since last: 1000337300 ns, Reaching safepoint: 111300 ns, At safepoint: 6700 ns, Total: 118000 ns
[2020-10-06T06:40:14.619+0000][36436][safepoint    ] Safepoint "Cleanup", Time since last: 2000044400 ns, Reaching safepoint: 144100 ns, At safepoint: 5700 ns, Total: 149800 ns
[2020-10-06T06:40:16.620+0000][36436][safepoint    ] Safepoint "Cleanup", Time since last: 2000325400 ns, Reaching safepoint: 126300 ns, At safepoint: 6800 ns, Total: 133100 ns
[2020-10-06T06:40:17.620+0000][36436][safepoint    ] Safepoint "Cleanup", Time since last: 1000159500 ns, Reaching safepoint: 156100 ns, At safepoint: 6200 ns, Total: 162300 ns
[2020-10-06T06:40:18.621+0000][36436][safepoint    ] Safepoint "Cleanup", Time since last: 1000207900 ns, Reaching safepoint: 132600 ns, At safepoint: 6300 ns, Total: 138900 ns
[2020-10-06T06:40:19.621+0000][36436][safepoint    ] Safepoint "Cleanup", Time since last: 1000529900 ns, Reaching safepoint: 132400 ns, At safepoint: 6000 ns, Total: 138400 ns
[2020-10-06T06:40:20.622+0000][36436][safepoint    ] Safepoint "Cleanup", Time since last: 1000473900 ns, Reaching safepoint: 124900 ns, At safepoint: 5600 ns, Total: 130500 ns
[2020-10-06T06:40:21.622+0000][36436][safepoint    ] Safepoint "Cleanup", Time since last: 1000226900 ns, Reaching safepoint: 105200 ns, At safepoint: 3500 ns, Total: 108700 ns
[2020-10-06T06:40:22.623+0000][36436][safepoint    ] Safepoint "Cleanup", Time since last: 1000555700 ns, Reaching safepoint: 156500 ns, At safepoint: 21000 ns, Total: 177500 ns
[2020-10-06T06:40:23.624+0000][36436][safepoint    ] Safepoint "Cleanup", Time since last: 1000660800 ns, Reaching safepoint: 141300 ns, At safepoint: 5100 ns, Total: 146400 ns
[2020-10-06T06:40:24.625+0000][36436][safepoint    ] Safepoint "Cleanup", Time since last: 1000796700 ns, Reaching safepoint: 110900 ns, At safepoint: 7200 ns, Total: 118100 ns
[2020-10-06T06:40:26.625+0000][36436][safepoint    ] Safepoint "Cleanup", Time since last: 2000208100 ns, Reaching safepoint: 132300 ns, At safepoint: 5100 ns, Total: 137400 ns
[2020-10-06T06:40:27.625+0000][36436][safepoint    ] Safepoint "Cleanup", Time since last: 1000205600 ns, Reaching safepoint: 158200 ns, At safepoint: 5700 ns, Total: 163900 ns
[2020-10-06T06:40:28.626+0000][36436][safepoint    ] Safepoint "Cleanup", Time since last: 1000668400 ns, Reaching safepoint: 112700 ns, At safepoint: 6500 ns, Total: 119200 ns
[2020-10-06T06:40:30.627+0000][36436][safepoint    ] Safepoint "Cleanup", Time since last: 2000742400 ns, Reaching safepoint: 116500 ns, At safepoint: 6300 ns, Total: 122800 ns
[2020-10-06T06:40:31.627+0000][36436][safepoint    ] Safepoint "Cleanup", Time since last: 1000376100 ns, Reaching safepoint: 111800 ns, At safepoint: 13100 ns, Total: 124900 ns
[2020-10-06T06:40:32.628+0000][36436][safepoint    ] Safepoint "Cleanup", Time since last: 1000708500 ns, Reaching safepoint: 141400 ns, At safepoint: 5900 ns, Total: 147300 ns
[2020-10-06T06:40:33.629+0000][36436][safepoint    ] Safepoint "Cleanup", Time since last: 1000274500 ns, Reaching safepoint: 115300 ns, At safepoint: 7200 ns, Total: 122500 ns
[2020-10-06T06:40:34.629+0000][36436][safepoint    ] Safepoint "Cleanup", Time since last: 1000407600 ns, Reaching safepoint: 155100 ns, At safepoint: 6700 ns, Total: 161800 ns
[2020-10-06T06:40:35.630+0000][36436][safepoint    ] Safepoint "Cleanup", Time since last: 1000239700 ns, Reaching safepoint: 153600 ns, At safepoint: 7100 ns, Total: 160700 ns
[2020-10-06T06:40:36.900+0000][36436][safepoint    ] Safepoint "Cleanup", Time since last: 1270341400 ns, Reaching safepoint: 140900 ns, At safepoint: 6200 ns, Total: 147100 ns
[2020-10-06T06:40:37.901+0000][36436][safepoint    ] Safepoint "Cleanup", Time since last: 1000439600 ns, Reaching safepoint: 139000 ns, At safepoint: 21800 ns, Total: 160800 ns
[2020-10-06T06:40:38.901+0000][36436][safepoint    ] Safepoint "Cleanup", Time since last: 1000407900 ns, Reaching safepoint: 130400 ns, At safepoint: 8000 ns, Total: 138400 ns
[2020-10-06T06:40:40.901+0000][36436][safepoint    ] Safepoint "Cleanup", Time since last: 2000004600 ns, Reaching safepoint: 103100 ns, At safepoint: 6400 ns, Total: 109500 ns
[2020-10-06T06:40:41.902+0000][36436][safepoint    ] Safepoint "Cleanup", Time since last: 1000832400 ns, Reaching safepoint: 95600 ns, At safepoint: 8500 ns, Total: 104100 ns
[2020-10-06T06:40:42.903+0000][36436][safepoint    ] Safepoint "Cleanup", Time since last: 1000294000 ns, Reaching safepoint: 128600 ns, At safepoint: 6200 ns, Total: 134800 ns
[2020-10-06T06:40:43.903+0000][36436][safepoint    ] Safepoint "Cleanup", Time since last: 1000272600 ns, Reaching safepoint: 93600 ns, At safepoint: 2900 ns, Total: 96500 ns
[2020-10-06T06:40:45.904+0000][36436][safepoint    ] Safepoint "Cleanup", Time since last: 2000902000 ns, Reaching safepoint: 170600 ns, At safepoint: 6900 ns, Total: 177500 ns
[2020-10-06T06:40:46.905+0000][36436][safepoint    ] Safepoint "Cleanup", Time since last: 1000560900 ns, Reaching safepoint: 126900 ns, At safepoint: 5900 ns, Total: 132800 ns
[2020-10-06T06:40:47.905+0000][36436][safepoint    ] Safepoint "Cleanup", Time since last: 1000262700 ns, Reaching safepoint: 120600 ns, At safepoint: 6100 ns, Total: 126700 ns
[2020-10-06T06:40:48.906+0000][36436][safepoint    ] Safepoint "Cleanup", Time since last: 1000800400 ns, Reaching safepoint: 99900 ns, At safepoint: 5900 ns, Total: 105800 ns
[2020-10-06T06:40:49.906+0000][36436][safepoint    ] Safepoint "Cleanup", Time since last: 1000041100 ns, Reaching safepoint: 122800 ns, At safepoint: 2300 ns, Total: 125100 ns
[2020-10-06T06:40:50.906+0000][36436][safepoint    ] Safepoint "Cleanup", Time since last: 1000096500 ns, Reaching safepoint: 91400 ns, At safepoint: 2800 ns, Total: 94200 ns
[2020-10-06T06:40:51.907+0000][36436][safepoint    ] Safepoint "Cleanup", Time since last: 1000266500 ns, Reaching safepoint: 136900 ns, At safepoint: 21900 ns, Total: 158800 ns
[2020-10-06T06:40:52.907+0000][36436][safepoint    ] Safepoint "Cleanup", Time since last: 1000308600 ns, Reaching safepoint: 117000 ns, At safepoint: 6200 ns, Total: 123200 ns
[2020-10-06T06:40:53.908+0000][36436][safepoint    ] Safepoint "Cleanup", Time since last: 1000390700 ns, Reaching safepoint: 92400 ns, At safepoint: 4300 ns, Total: 96700 ns
[2020-10-06T06:40:54.908+0000][36436][safepoint    ] Safepoint "Cleanup", Time since last: 1000184800 ns, Reaching safepoint: 111100 ns, At safepoint: 5400 ns, Total: 116500 ns
[2020-10-06T06:40:55.908+0000][36436][safepoint    ] Safepoint "Cleanup", Time since last: 1000115600 ns, Reaching safepoint: 120600 ns, At safepoint: 6100 ns, Total: 126700 ns
[2020-10-06T06:40:56.909+0000][36436][safepoint    ] Safepoint "Cleanup", Time since last: 1000749900 ns, Reaching safepoint: 127500 ns, At safepoint: 32200 ns, Total: 159700 ns
[2020-10-06T06:40:57.910+0000][36436][safepoint    ] Safepoint "Cleanup", Time since last: 1000624900 ns, Reaching safepoint: 141600 ns, At safepoint: 21000 ns, Total: 162600 ns
[2020-10-06T06:40:58.910+0000][36436][safepoint    ] Safepoint "Cleanup", Time since last: 1000261900 ns, Reaching safepoint: 102000 ns, At safepoint: 2700 ns, Total: 104700 ns
[2020-10-06T06:41:00.911+0000][36436][safepoint    ] Safepoint "Cleanup", Time since last: 2000835000 ns, Reaching safepoint: 93200 ns, At safepoint: 2900 ns, Total: 96100 ns
[2020-10-06T06:41:01.911+0000][36436][safepoint    ] Safepoint "Cleanup", Time since last: 1000074900 ns, Reaching safepoint: 238600 ns, At safepoint: 11600 ns, Total: 250200 ns
[2020-10-06T06:41:02.912+0000][36436][safepoint    ] Safepoint "Cleanup", Time since last: 1000166800 ns, Reaching safepoint: 138400 ns, At safepoint: 6400 ns, Total: 144800 ns
[2020-10-06T06:41:03.912+0000][36436][safepoint    ] Safepoint "Cleanup", Time since last: 1000471600 ns, Reaching safepoint: 135500 ns, At safepoint: 21200 ns, Total: 156700 ns
[2020-10-06T06:41:04.913+0000][36436][safepoint    ] Safepoint "Cleanup", Time since last: 1000123600 ns, Reaching safepoint: 118800 ns, At safepoint: 5700 ns, Total: 124500 ns
[2020-10-06T06:41:05.913+0000][36436][safepoint    ] Safepoint "Cleanup", Time since last: 1000282200 ns, Reaching safepoint: 109100 ns, At safepoint: 6700 ns, Total: 115800 ns
[2020-10-06T06:41:06.913+0000][36436][safepoint    ] Safepoint "Cleanup", Time since last: 1000195600 ns, Reaching safepoint: 113200 ns, At safepoint: 6400 ns, Total: 119600 ns
[2020-10-06T06:41:07.914+0000][36436][safepoint    ] Safepoint "Cleanup", Time since last: 1000227800 ns, Reaching safepoint: 122900 ns, At safepoint: 21100 ns, Total: 144000 ns
[2020-10-06T06:41:09.914+0000][36436][safepoint    ] Safepoint "Cleanup", Time since last: 1999927400 ns, Reaching safepoint: 119200 ns, At safepoint: 6000 ns, Total: 125200 ns
[2020-10-06T06:41:10.914+0000][36436][safepoint    ] Safepoint "Cleanup", Time since last: 1000361600 ns, Reaching safepoint: 159000 ns, At safepoint: 5200 ns, Total: 164200 ns
[2020-10-06T06:41:11.914+0000][36436][safepoint    ] Safepoint "Cleanup", Time since last: 1000069600 ns, Reaching safepoint: 151500 ns, At safepoint: 21000 ns, Total: 172500 ns
[2020-10-06T06:41:12.915+0000][36436][safepoint    ] Safepoint "Cleanup", Time since last: 1000479600 ns, Reaching safepoint: 132300 ns, At safepoint: 6400 ns, Total: 138700 ns
[2020-10-06T06:41:13.916+0000][36436][safepoint    ] Safepoint "Cleanup", Time since last: 1000746500 ns, Reaching safepoint: 102600 ns, At safepoint: 6200 ns, Total: 108800 ns
[2020-10-06T06:41:15.917+0000][36436][safepoint    ] Safepoint "Cleanup", Time since last: 2000792800 ns, Reaching safepoint: 137000 ns, At safepoint: 5300 ns, Total: 142300 ns
[2020-10-06T06:41:16.963+0000][36436][safepoint    ] Safepoint "Cleanup", Time since last: 1045657800 ns, Reaching safepoint: 124900 ns, At safepoint: 17900 ns, Total: 142800 ns
[2020-10-06T06:41:17.645+0000][36436][safepoint    ] Safepoint "BulkRevokeBias", Time since last: 681696700 ns, Reaching safepoint: 105300 ns, At safepoint: 1318500 ns, Total: 1423800 ns
[2020-10-06T06:41:17.649+0000][36436][safepoint    ] Safepoint "BulkRevokeBias", Time since last: 2103100 ns, Reaching safepoint: 112600 ns, At safepoint: 1275100 ns, Total: 1387700 ns
[2020-10-06T06:41:17.650+0000][36436][safepoint    ] Safepoint "BulkRevokeBias", Time since last: 232800 ns, Reaching safepoint: 124200 ns, At safepoint: 1169100 ns, Total: 1293300 ns
[2020-10-06T06:41:17.672+0000][36436][safepoint    ] Safepoint "BulkRevokeBias", Time since last: 19617400 ns, Reaching safepoint: 198200 ns, At safepoint: 1577000 ns, Total: 1775200 ns
[2020-10-06T06:41:19.608+0000][36436][safepoint    ] Safepoint "Cleanup", Time since last: 1935424900 ns, Reaching safepoint: 151300 ns, At safepoint: 40500 ns, Total: 191800 ns
[2020-10-06T06:41:20.609+0000][36436][safepoint    ] Safepoint "Cleanup", Time since last: 1000762600 ns, Reaching safepoint: 112900 ns, At safepoint: 68000 ns, Total: 180900 ns
[2020-10-06T06:41:21.609+0000][36436][safepoint    ] Safepoint "Cleanup", Time since last: 1000421300 ns, Reaching safepoint: 102600 ns, At safepoint: 56600 ns, Total: 159200 ns
[2020-10-06T06:41:22.610+0000][36436][safepoint    ] Safepoint "Cleanup", Time since last: 1000593600 ns, Reaching safepoint: 186400 ns, At safepoint: 16700 ns, Total: 203100 ns
[2020-10-06T06:41:22.667+0000][36436][safepoint    ] Safepoint "BulkRevokeBias", Time since last: 56038900 ns, Reaching safepoint: 104100 ns, At safepoint: 1029400 ns, Total: 1133500 ns
[2020-10-06T06:41:22.699+0000][36436][safepoint    ] Safepoint "BulkRevokeBias", Time since last: 30587500 ns, Reaching safepoint: 119300 ns, At safepoint: 1207400 ns, Total: 1326700 ns
[2020-10-06T06:41:22.704+0000][36436][safepoint    ] Safepoint "BulkRevokeBias", Time since last: 3889200 ns, Reaching safepoint: 110300 ns, At safepoint: 1130600 ns, Total: 1240900 ns
[2020-10-06T06:41:22.705+0000][36436][safepoint    ] Safepoint "BulkRevokeBias", Time since last: 294100 ns, Reaching safepoint: 113500 ns, At safepoint: 1099300 ns, Total: 1212800 ns
[2020-10-06T06:41:22.707+0000][36436][safepoint    ] Safepoint "BulkRevokeBias", Time since last: 137400 ns, Reaching safepoint: 105800 ns, At safepoint: 1045300 ns, Total: 1151100 ns
[2020-10-06T06:41:24.684+0000][36436][safepoint    ] Safepoint "Cleanup", Time since last: 1977009600 ns, Reaching safepoint: 127300 ns, At safepoint: 21900 ns, Total: 149200 ns
[2020-10-06T06:41:25.685+0000][36436][safepoint    ] Safepoint "Cleanup", Time since last: 1000649800 ns, Reaching safepoint: 108000 ns, At safepoint: 22600 ns, Total: 130600 ns
[2020-10-06T06:41:26.686+0000][36436][safepoint    ] Safepoint "Cleanup", Time since last: 1000428200 ns, Reaching safepoint: 133700 ns, At safepoint: 22300 ns, Total: 156000 ns
[2020-10-06T06:41:27.686+0000][36436][safepoint    ] Safepoint "Cleanup", Time since last: 1000361500 ns, Reaching safepoint: 148800 ns, At safepoint: 17100 ns, Total: 165900 ns
[2020-10-06T06:41:28.687+0000][36436][safepoint    ] Safepoint "Cleanup", Time since last: 1000844900 ns, Reaching safepoint: 111500 ns, At safepoint: 67600 ns, Total: 179100 ns
[2020-10-06T06:41:30.688+0000][36436][safepoint    ] Safepoint "Cleanup", Time since last: 2000325700 ns, Reaching safepoint: 112100 ns, At safepoint: 6400 ns, Total: 118500 ns
[2020-10-06T06:41:31.688+0000][36436][safepoint    ] Safepoint "Cleanup", Time since last: 1000121000 ns, Reaching safepoint: 192800 ns, At safepoint: 7400 ns, Total: 200200 ns
[2020-10-06T06:41:32.688+0000][36436][safepoint    ] Safepoint "Cleanup", Time since last: 1000495300 ns, Reaching safepoint: 143900 ns, At safepoint: 6400 ns, Total: 150300 ns
[2020-10-06T06:41:33.689+0000][36436][safepoint    ] Safepoint "Cleanup", Time since last: 1000289000 ns, Reaching safepoint: 126900 ns, At safepoint: 21800 ns, Total: 148700 ns
[2020-10-06T06:41:34.689+0000][36436][safepoint    ] Safepoint "Cleanup", Time since last: 1000390700 ns, Reaching safepoint: 181400 ns, At safepoint: 7600 ns, Total: 189000 ns
[2020-10-06T06:41:35.690+0000][36436][safepoint    ] Safepoint "Cleanup", Time since last: 1000062600 ns, Reaching safepoint: 122600 ns, At safepoint: 6100 ns, Total: 128700 ns
[2020-10-06T06:41:36.690+0000][36436][safepoint    ] Safepoint "Cleanup", Time since last: 1000555700 ns, Reaching safepoint: 136000 ns, At safepoint: 3400 ns, Total: 139400 ns
[2020-10-06T06:41:37.691+0000][36436][safepoint    ] Safepoint "Cleanup", Time since last: 1000101400 ns, Reaching safepoint: 141100 ns, At safepoint: 21200 ns, Total: 162300 ns
[2020-10-06T06:41:39.692+0000][36436][safepoint    ] Safepoint "Cleanup", Time since last: 2000851000 ns, Reaching safepoint: 137900 ns, At safepoint: 5600 ns, Total: 143500 ns
[2020-10-06T06:41:40.692+0000][36436][safepoint    ] Safepoint "Cleanup", Time since last: 1000212400 ns, Reaching safepoint: 136400 ns, At safepoint: 6200 ns, Total: 142600 ns
[2020-10-06T06:41:41.693+0000][36436][safepoint    ] Safepoint "Cleanup", Time since last: 1000536400 ns, Reaching safepoint: 101400 ns, At safepoint: 7200 ns, Total: 108600 ns
[2020-10-06T06:41:42.693+0000][36436][safepoint    ] Safepoint "Cleanup", Time since last: 1000181600 ns, Reaching safepoint: 133100 ns, At safepoint: 8700 ns, Total: 141800 ns
[2020-10-06T06:41:43.694+0000][36436][safepoint    ] Safepoint "Cleanup", Time since last: 1000530400 ns, Reaching safepoint: 132900 ns, At safepoint: 9500 ns, Total: 142400 ns
[2020-10-06T06:41:44.694+0000][36436][safepoint    ] Safepoint "Cleanup", Time since last: 1000639000 ns, Reaching safepoint: 132800 ns, At safepoint: 6700 ns, Total: 139500 ns
[2020-10-06T06:41:45.695+0000][36436][safepoint    ] Safepoint "Cleanup", Time since last: 1000209000 ns, Reaching safepoint: 137700 ns, At safepoint: 6000 ns, Total: 143700 ns
[2020-10-06T06:41:46.695+0000][36436][safepoint    ] Safepoint "Cleanup", Time since last: 1000497400 ns, Reaching safepoint: 108200 ns, At safepoint: 3700 ns, Total: 111900 ns
[2020-10-06T06:41:47.696+0000][36436][safepoint    ] Safepoint "Cleanup", Time since last: 1000682400 ns, Reaching safepoint: 105400 ns, At safepoint: 7800 ns, Total: 113200 ns
[2020-10-06T06:41:48.696+0000][36436][safepoint    ] Safepoint "Cleanup", Time since last: 1000043500 ns, Reaching safepoint: 118200 ns, At safepoint: 3000 ns, Total: 121200 ns
[2020-10-06T06:41:49.697+0000][36436][safepoint    ] Safepoint "Cleanup", Time since last: 1000166300 ns, Reaching safepoint: 136400 ns, At safepoint: 6600 ns, Total: 143000 ns
[2020-10-06T06:41:50.697+0000][36436][safepoint    ] Safepoint "Cleanup", Time since last: 1000317100 ns, Reaching safepoint: 122100 ns, At safepoint: 6500 ns, Total: 128600 ns
[2020-10-06T06:41:52.698+0000][36436][safepoint    ] Safepoint "Cleanup", Time since last: 2000508900 ns, Reaching safepoint: 108500 ns, At safepoint: 6200 ns, Total: 114700 ns
[2020-10-06T06:41:53.698+0000][36436][safepoint    ] Safepoint "Cleanup", Time since last: 1000405100 ns, Reaching safepoint: 124700 ns, At safepoint: 6500 ns, Total: 131200 ns
[2020-10-06T06:41:54.699+0000][36436][safepoint    ] Safepoint "Cleanup", Time since last: 1000622600 ns, Reaching safepoint: 168900 ns, At safepoint: 9000 ns, Total: 177900 ns
[2020-10-06T06:41:56.700+0000][36436][safepoint    ] Safepoint "Cleanup", Time since last: 2000754200 ns, Reaching safepoint: 138300 ns, At safepoint: 3200 ns, Total: 141500 ns
[2020-10-06T06:41:57.701+0000][36436][safepoint    ] Safepoint "Cleanup", Time since last: 1000627400 ns, Reaching safepoint: 139700 ns, At safepoint: 6300 ns, Total: 146000 ns
[2020-10-06T06:41:58.701+0000][36436][safepoint    ] Safepoint "Cleanup", Time since last: 1000153900 ns, Reaching safepoint: 175700 ns, At safepoint: 7600 ns, Total: 183300 ns
[2020-10-06T06:41:59.702+0000][36436][safepoint    ] Safepoint "Cleanup", Time since last: 1000535900 ns, Reaching safepoint: 130600 ns, At safepoint: 7100 ns, Total: 137700 ns
[2020-10-06T06:42:00.702+0000][36436][safepoint    ] Safepoint "Cleanup", Time since last: 1000082100 ns, Reaching safepoint: 321900 ns, At safepoint: 38000 ns, Total: 359900 ns
[2020-10-06T06:42:02.702+0000][36436][safepoint    ] Safepoint "Cleanup", Time since last: 2000078500 ns, Reaching safepoint: 155500 ns, At safepoint: 7000 ns, Total: 162500 ns
[2020-10-06T06:42:03.703+0000][36436][safepoint    ] Safepoint "Cleanup", Time since last: 1000586600 ns, Reaching safepoint: 117300 ns, At safepoint: 6100 ns, Total: 123400 ns
[2020-10-06T06:42:04.703+0000][36436][safepoint    ] Safepoint "Cleanup", Time since last: 1000344100 ns, Reaching safepoint: 174600 ns, At safepoint: 9800 ns, Total: 184400 ns
[2020-10-06T06:42:05.704+0000][36436][safepoint    ] Safepoint "Cleanup", Time since last: 1000419900 ns, Reaching safepoint: 124800 ns, At safepoint: 6700 ns, Total: 131500 ns
[2020-10-06T06:42:07.705+0000][36436][safepoint    ] Safepoint "Cleanup", Time since last: 2000477300 ns, Reaching safepoint: 123400 ns, At safepoint: 7700 ns, Total: 131100 ns
[2020-10-06T06:42:08.705+0000][36436][safepoint    ] Safepoint "Cleanup", Time since last: 1000030400 ns, Reaching safepoint: 151100 ns, At safepoint: 6400 ns, Total: 157500 ns
[2020-10-06T06:42:09.706+0000][36436][safepoint    ] Safepoint "Cleanup", Time since last: 1000765700 ns, Reaching safepoint: 126300 ns, At safepoint: 6600 ns, Total: 132900 ns
[2020-10-06T06:42:10.706+0000][36436][safepoint    ] Safepoint "Cleanup", Time since last: 1000644000 ns, Reaching safepoint: 138100 ns, At safepoint: 5600 ns, Total: 143700 ns
[2020-10-06T06:42:11.707+0000][36436][safepoint    ] Safepoint "Cleanup", Time since last: 1000189900 ns, Reaching safepoint: 134800 ns, At safepoint: 6900 ns, Total: 141700 ns
[2020-10-06T06:42:12.707+0000][36436][safepoint    ] Safepoint "Cleanup", Time since last: 1000344800 ns, Reaching safepoint: 148300 ns, At safepoint: 6000 ns, Total: 154300 ns
[2020-10-06T06:42:13.707+0000][36436][safepoint    ] Safepoint "Cleanup", Time since last: 1000097700 ns, Reaching safepoint: 117400 ns, At safepoint: 5700 ns, Total: 123100 ns
[2020-10-06T06:42:15.708+0000][36436][safepoint    ] Safepoint "Cleanup", Time since last: 2000236700 ns, Reaching safepoint: 125800 ns, At safepoint: 13200 ns, Total: 139000 ns
[2020-10-06T06:42:16.708+0000][36436][safepoint    ] Safepoint "Cleanup", Time since last: 1000557600 ns, Reaching safepoint: 138900 ns, At safepoint: 5900 ns, Total: 144800 ns
[2020-10-06T06:42:17.709+0000][36436][safepoint    ] Safepoint "Cleanup", Time since last: 1000504400 ns, Reaching safepoint: 119300 ns, At safepoint: 6200 ns, Total: 125500 ns
[2020-10-06T06:42:18.710+0000][36436][safepoint    ] Safepoint "Cleanup", Time since last: 1000664700 ns, Reaching safepoint: 134000 ns, At safepoint: 3800 ns, Total: 137800 ns
[2020-10-06T06:42:20.710+0000][36436][safepoint    ] Safepoint "Cleanup", Time since last: 2000241800 ns, Reaching safepoint: 110800 ns, At safepoint: 3300 ns, Total: 114100 ns
[2020-10-06T06:42:21.711+0000][36436][safepoint    ] Safepoint "Cleanup", Time since last: 1000479400 ns, Reaching safepoint: 102100 ns, At safepoint: 3300 ns, Total: 105400 ns
[2020-10-06T06:42:22.712+0000][36436][safepoint    ] Safepoint "Cleanup", Time since last: 1000847900 ns, Reaching safepoint: 135800 ns, At safepoint: 10600 ns, Total: 146400 ns
[2020-10-06T06:42:23.712+0000][36436][safepoint    ] Safepoint "Cleanup", Time since last: 1000004400 ns, Reaching safepoint: 121500 ns, At safepoint: 7000 ns, Total: 128500 ns
[2020-10-06T06:42:24.713+0000][36436][safepoint    ] Safepoint "Cleanup", Time since last: 1000707900 ns, Reaching safepoint: 107300 ns, At safepoint: 3600 ns, Total: 110900 ns
[2020-10-06T06:42:26.713+0000][36436][safepoint    ] Safepoint "Cleanup", Time since last: 2000340500 ns, Reaching safepoint: 112900 ns, At safepoint: 6500 ns, Total: 119400 ns
[2020-10-06T06:42:27.714+0000][36436][safepoint    ] Safepoint "Cleanup", Time since last: 1000266400 ns, Reaching safepoint: 121000 ns, At safepoint: 6500 ns, Total: 127500 ns
[2020-10-06T06:42:28.714+0000][36436][safepoint    ] Safepoint "Cleanup", Time since last: 1000589200 ns, Reaching safepoint: 117700 ns, At safepoint: 7400 ns, Total: 125100 ns
[2020-10-06T06:42:30.715+0000][36436][safepoint    ] Safepoint "Cleanup", Time since last: 2000929700 ns, Reaching safepoint: 135700 ns, At safepoint: 7400 ns, Total: 143100 ns
[2020-10-06T06:42:31.716+0000][36436][safepoint    ] Safepoint "Cleanup", Time since last: 1000380100 ns, Reaching safepoint: 108100 ns, At safepoint: 6400 ns, Total: 114500 ns
[2020-10-06T06:42:32.716+0000][36436][safepoint    ] Safepoint "Cleanup", Time since last: 1000176000 ns, Reaching safepoint: 103700 ns, At safepoint: 3400 ns, Total: 107100 ns
[2020-10-06T06:42:34.716+0000][36436][safepoint    ] Safepoint "Cleanup", Time since last: 1999916200 ns, Reaching safepoint: 100200 ns, At safepoint: 3300 ns, Total: 103500 ns
[2020-10-06T06:42:36.425+0000][36436][safepoint    ] Safepoint "Cleanup", Time since last: 1709318100 ns, Reaching safepoint: 155300 ns, At safepoint: 12300 ns, Total: 167600 ns
[2020-10-06T06:42:37.428+0000][36436][safepoint    ] Safepoint "Cleanup", Time since last: 1002114300 ns, Reaching safepoint: 117400 ns, At safepoint: 4700 ns, Total: 122100 ns
[2020-10-06T06:42:38.429+0000][36436][safepoint    ] Safepoint "Cleanup", Time since last: 1000656300 ns, Reaching safepoint: 153400 ns, At safepoint: 6800 ns, Total: 160200 ns
[2020-10-06T06:42:39.429+0000][36436][safepoint    ] Safepoint "Cleanup", Time since last: 1000183500 ns, Reaching safepoint: 129200 ns, At safepoint: 6600 ns, Total: 135800 ns
[2020-10-06T06:42:40.429+0000][36436][safepoint    ] Safepoint "Cleanup", Time since last: 1000432500 ns, Reaching safepoint: 108900 ns, At safepoint: 6100 ns, Total: 115000 ns
[2020-10-06T06:42:41.430+0000][36436][safepoint    ] Safepoint "Cleanup", Time since last: 1000144400 ns, Reaching safepoint: 166900 ns, At safepoint: 23200 ns, Total: 190100 ns
[2020-10-06T06:42:42.430+0000][36436][safepoint    ] Safepoint "Cleanup", Time since last: 1000583600 ns, Reaching safepoint: 110000 ns, At safepoint: 13400 ns, Total: 123400 ns
[2020-10-06T06:42:43.431+0000][36436][safepoint    ] Safepoint "Cleanup", Time since last: 1000536200 ns, Reaching safepoint: 132300 ns, At safepoint: 21400 ns, Total: 153700 ns
[2020-10-06T06:42:45.431+0000][36436][safepoint    ] Safepoint "Cleanup", Time since last: 1999971200 ns, Reaching safepoint: 136700 ns, At safepoint: 6600 ns, Total: 143300 ns
[2020-10-06T06:42:46.431+0000][36436][safepoint    ] Safepoint "Cleanup", Time since last: 1000039200 ns, Reaching safepoint: 138600 ns, At safepoint: 6000 ns, Total: 144600 ns
[2020-10-06T06:42:48.432+0000][36436][safepoint    ] Safepoint "Cleanup", Time since last: 2000260400 ns, Reaching safepoint: 126400 ns, At safepoint: 6200 ns, Total: 132600 ns
[2020-10-06T06:42:49.433+0000][36436][safepoint    ] Safepoint "Cleanup", Time since last: 1000679700 ns, Reaching safepoint: 130000 ns, At safepoint: 3500 ns, Total: 133500 ns
[2020-10-06T06:42:50.433+0000][36436][safepoint    ] Safepoint "Cleanup", Time since last: 1000079900 ns, Reaching safepoint: 183500 ns, At safepoint: 5600 ns, Total: 189100 ns
[2020-10-06T06:42:51.433+0000][36436][safepoint    ] Safepoint "Cleanup", Time since last: 1000447100 ns, Reaching safepoint: 132000 ns, At safepoint: 6400 ns, Total: 138400 ns
[2020-10-06T06:42:53.434+0000][36436][safepoint    ] Safepoint "Cleanup", Time since last: 2000792200 ns, Reaching safepoint: 148100 ns, At safepoint: 5700 ns, Total: 153800 ns
[2020-10-06T06:42:55.435+0000][36436][safepoint    ] Safepoint "Cleanup", Time since last: 2000854900 ns, Reaching safepoint: 141300 ns, At safepoint: 21400 ns, Total: 162700 ns
[2020-10-06T06:42:57.436+0000][36436][safepoint    ] Safepoint "Cleanup", Time since last: 2000446400 ns, Reaching safepoint: 120000 ns, At safepoint: 21700 ns, Total: 141700 ns
[2020-10-06T06:42:58.436+0000][36436][safepoint    ] Safepoint "Cleanup", Time since last: 1000064200 ns, Reaching safepoint: 140500 ns, At safepoint: 5700 ns, Total: 146200 ns
[2020-10-06T06:42:59.436+0000][36436][safepoint    ] Safepoint "Cleanup", Time since last: 1000142700 ns, Reaching safepoint: 133200 ns, At safepoint: 6200 ns, Total: 139400 ns
[2020-10-06T06:43:00.437+0000][36436][safepoint    ] Safepoint "Cleanup", Time since last: 1000511700 ns, Reaching safepoint: 92500 ns, At safepoint: 3500 ns, Total: 96000 ns
[2020-10-06T06:43:01.438+0000][36436][safepoint    ] Safepoint "Cleanup", Time since last: 1000730200 ns, Reaching safepoint: 123800 ns, At safepoint: 5800 ns, Total: 129600 ns
[2020-10-06T06:43:02.439+0000][36436][safepoint    ] Safepoint "Cleanup", Time since last: 1000684700 ns, Reaching safepoint: 100600 ns, At safepoint: 6600 ns, Total: 107200 ns
[2020-10-06T06:43:03.439+0000][36436][safepoint    ] Safepoint "Cleanup", Time since last: 1000167700 ns, Reaching safepoint: 116600 ns, At safepoint: 5400 ns, Total: 122000 ns
[2020-10-06T06:43:05.440+0000][36436][safepoint    ] Safepoint "Cleanup", Time since last: 2000514000 ns, Reaching safepoint: 118500 ns, At safepoint: 6200 ns, Total: 124700 ns
[2020-10-06T06:43:06.440+0000][36436][safepoint    ] Safepoint "Cleanup", Time since last: 1000578700 ns, Reaching safepoint: 102500 ns, At safepoint: 6400 ns, Total: 108900 ns
[2020-10-06T06:43:07.441+0000][36436][safepoint    ] Safepoint "Cleanup", Time since last: 1000824200 ns, Reaching safepoint: 117300 ns, At safepoint: 4700 ns, Total: 122000 ns
[2020-10-06T06:43:08.442+0000][36436][safepoint    ] Safepoint "Cleanup", Time since last: 1000769100 ns, Reaching safepoint: 142300 ns, At safepoint: 22000 ns, Total: 164300 ns
[2020-10-06T06:43:09.443+0000][36436][safepoint    ] Safepoint "Cleanup", Time since last: 1000337200 ns, Reaching safepoint: 155400 ns, At safepoint: 5700 ns, Total: 161100 ns
[2020-10-06T06:43:10.443+0000][36436][safepoint    ] Safepoint "Cleanup", Time since last: 1000142900 ns, Reaching safepoint: 132100 ns, At safepoint: 6400 ns, Total: 138500 ns
[2020-10-06T06:43:11.444+0000][36436][safepoint    ] Safepoint "Cleanup", Time since last: 1000772300 ns, Reaching safepoint: 183200 ns, At safepoint: 7000 ns, Total: 190200 ns
[2020-10-06T06:43:13.444+0000][36436][safepoint    ] Safepoint "Cleanup", Time since last: 2000174400 ns, Reaching safepoint: 120100 ns, At safepoint: 6900 ns, Total: 127000 ns
[2020-10-06T06:43:14.444+0000][36436][safepoint    ] Safepoint "Cleanup", Time since last: 1000103500 ns, Reaching safepoint: 132200 ns, At safepoint: 21200 ns, Total: 153400 ns
[2020-10-06T06:43:15.445+0000][36436][safepoint    ] Safepoint "Cleanup", Time since last: 1000143700 ns, Reaching safepoint: 129500 ns, At safepoint: 21000 ns, Total: 150500 ns
[2020-10-06T06:43:16.445+0000][36436][safepoint    ] Safepoint "Cleanup", Time since last: 1000337300 ns, Reaching safepoint: 156200 ns, At safepoint: 5600 ns, Total: 161800 ns
[2020-10-06T06:43:17.445+0000][36436][safepoint    ] Safepoint "Cleanup", Time since last: 1000066300 ns, Reaching safepoint: 109500 ns, At safepoint: 5800 ns, Total: 115300 ns
[2020-10-06T06:43:19.446+0000][36436][safepoint    ] Safepoint "Cleanup", Time since last: 2000732100 ns, Reaching safepoint: 121400 ns, At safepoint: 5800 ns, Total: 127200 ns
[2020-10-06T06:43:20.447+0000][36436][safepoint    ] Safepoint "Cleanup", Time since last: 1000800600 ns, Reaching safepoint: 136500 ns, At safepoint: 5600 ns, Total: 142100 ns
[2020-10-06T06:43:21.448+0000][36436][safepoint    ] Safepoint "Cleanup", Time since last: 1000569700 ns, Reaching safepoint: 109900 ns, At safepoint: 2800 ns, Total: 112700 ns
[2020-10-06T06:43:22.449+0000][36436][safepoint    ] Safepoint "Cleanup", Time since last: 1000822400 ns, Reaching safepoint: 158900 ns, At safepoint: 21400 ns, Total: 180300 ns
[2020-10-06T06:43:24.450+0000][36436][safepoint    ] Safepoint "Cleanup", Time since last: 2000520800 ns, Reaching safepoint: 144300 ns, At safepoint: 6400 ns, Total: 150700 ns
[2020-10-06T06:43:25.450+0000][36436][safepoint    ] Safepoint "Cleanup", Time since last: 1000220400 ns, Reaching safepoint: 122500 ns, At safepoint: 6700 ns, Total: 129200 ns
[2020-10-06T06:43:26.451+0000][36436][safepoint    ] Safepoint "Cleanup", Time since last: 1000539500 ns, Reaching safepoint: 141200 ns, At safepoint: 3600 ns, Total: 144800 ns
[2020-10-06T06:43:27.451+0000][36436][safepoint    ] Safepoint "Cleanup", Time since last: 1000023200 ns, Reaching safepoint: 136000 ns, At safepoint: 5900 ns, Total: 141900 ns
[2020-10-06T06:43:28.451+0000][36436][safepoint    ] Safepoint "Cleanup", Time since last: 1000644700 ns, Reaching safepoint: 155300 ns, At safepoint: 21200 ns, Total: 176500 ns
[2020-10-06T06:43:29.452+0000][36436][safepoint    ] Safepoint "Cleanup", Time since last: 1000197500 ns, Reaching safepoint: 101000 ns, At safepoint: 6100 ns, Total: 107100 ns
[2020-10-06T06:43:30.453+0000][36436][safepoint    ] Safepoint "Cleanup", Time since last: 1000760200 ns, Reaching safepoint: 120500 ns, At safepoint: 5800 ns, Total: 126300 ns
[2020-10-06T06:43:31.453+0000][36436][safepoint    ] Safepoint "Cleanup", Time since last: 1000601700 ns, Reaching safepoint: 105600 ns, At safepoint: 6400 ns, Total: 112000 ns
[2020-10-06T06:43:33.454+0000][36436][safepoint    ] Safepoint "Cleanup", Time since last: 2000483100 ns, Reaching safepoint: 130300 ns, At safepoint: 8500 ns, Total: 138800 ns
[2020-10-06T06:43:34.455+0000][36436][safepoint    ] Safepoint "Cleanup", Time since last: 1000688000 ns, Reaching safepoint: 205500 ns, At safepoint: 13300 ns, Total: 218800 ns
[2020-10-06T06:43:35.456+0000][36436][safepoint    ] Safepoint "Cleanup", Time since last: 1000783800 ns, Reaching safepoint: 99300 ns, At safepoint: 6300 ns, Total: 105600 ns
[2020-10-06T06:43:37.456+0000][36436][safepoint    ] Safepoint "Cleanup", Time since last: 2000166400 ns, Reaching safepoint: 113400 ns, At safepoint: 9400 ns, Total: 122800 ns
[2020-10-06T06:43:39.456+0000][36436][safepoint    ] Safepoint "Cleanup", Time since last: 1999905100 ns, Reaching safepoint: 171400 ns, At safepoint: 10100 ns, Total: 181500 ns
[2020-10-06T06:43:41.456+0000][36436][safepoint    ] Safepoint "Cleanup", Time since last: 1999982700 ns, Reaching safepoint: 153800 ns, At safepoint: 10600 ns, Total: 164400 ns
[2020-10-06T06:43:42.457+0000][36436][safepoint    ] Safepoint "Cleanup", Time since last: 1000753000 ns, Reaching safepoint: 137400 ns, At safepoint: 8300 ns, Total: 145700 ns
[2020-10-06T06:43:43.458+0000][36436][safepoint    ] Safepoint "Cleanup", Time since last: 1000500500 ns, Reaching safepoint: 178100 ns, At safepoint: 14100 ns, Total: 192200 ns
[2020-10-06T06:43:44.458+0000][36436][safepoint    ] Safepoint "Cleanup", Time since last: 1000003200 ns, Reaching safepoint: 156800 ns, At safepoint: 11500 ns, Total: 168300 ns
[2020-10-06T06:43:46.459+0000][36436][safepoint    ] Safepoint "Cleanup", Time since last: 2000627500 ns, Reaching safepoint: 207300 ns, At safepoint: 12000 ns, Total: 219300 ns
[2020-10-06T06:43:47.459+0000][36436][safepoint    ] Safepoint "Cleanup", Time since last: 1000319600 ns, Reaching safepoint: 172600 ns, At safepoint: 13700 ns, Total: 186300 ns
[2020-10-06T06:43:48.460+0000][36436][safepoint    ] Safepoint "Cleanup", Time since last: 1000793700 ns, Reaching safepoint: 173000 ns, At safepoint: 12100 ns, Total: 185100 ns
[2020-10-06T06:43:49.461+0000][36436][safepoint    ] Safepoint "Cleanup", Time since last: 1000407100 ns, Reaching safepoint: 156100 ns, At safepoint: 10800 ns, Total: 166900 ns
[2020-10-06T06:43:50.462+0000][36436][safepoint    ] Safepoint "Cleanup", Time since last: 1000625100 ns, Reaching safepoint: 169500 ns, At safepoint: 10700 ns, Total: 180200 ns
[2020-10-06T06:43:52.462+0000][36436][safepoint    ] Safepoint "Cleanup", Time since last: 1999922500 ns, Reaching safepoint: 151500 ns, At safepoint: 14900 ns, Total: 166400 ns
[2020-10-06T06:43:54.463+0000][36436][safepoint    ] Safepoint "Cleanup", Time since last: 2000900200 ns, Reaching safepoint: 133000 ns, At safepoint: 9400 ns, Total: 142400 ns
[2020-10-06T06:43:55.464+0000][36436][safepoint    ] Safepoint "Cleanup", Time since last: 1000858600 ns, Reaching safepoint: 144000 ns, At safepoint: 6400 ns, Total: 150400 ns
[2020-10-06T06:43:57.464+0000][36436][safepoint    ] Safepoint "Cleanup", Time since last: 2000432800 ns, Reaching safepoint: 172000 ns, At safepoint: 12700 ns, Total: 184700 ns
[2020-10-06T06:43:59.465+0000][36436][safepoint    ] Safepoint "Cleanup", Time since last: 2000613300 ns, Reaching safepoint: 179000 ns, At safepoint: 13800 ns, Total: 192800 ns
[2020-10-06T06:44:00.466+0000][36436][safepoint    ] Safepoint "Cleanup", Time since last: 1000305000 ns, Reaching safepoint: 143600 ns, At safepoint: 9200 ns, Total: 152800 ns
[2020-10-06T06:44:02.466+0000][36436][safepoint    ] Safepoint "Cleanup", Time since last: 1999958500 ns, Reaching safepoint: 160900 ns, At safepoint: 12700 ns, Total: 173600 ns
[2020-10-06T06:44:03.466+0000][36436][safepoint    ] Safepoint "Cleanup", Time since last: 1000142000 ns, Reaching safepoint: 160500 ns, At safepoint: 13000 ns, Total: 173500 ns
[2020-10-06T06:44:04.466+0000][36436][safepoint    ] Safepoint "Cleanup", Time since last: 1000006900 ns, Reaching safepoint: 137700 ns, At safepoint: 15400 ns, Total: 153100 ns
[2020-10-06T06:44:05.467+0000][36436][safepoint    ] Safepoint "Cleanup", Time since last: 1000427600 ns, Reaching safepoint: 176000 ns, At safepoint: 13800 ns, Total: 189800 ns
[2020-10-06T06:44:06.468+0000][36436][safepoint    ] Safepoint "Cleanup", Time since last: 1000489100 ns, Reaching safepoint: 156800 ns, At safepoint: 11400 ns, Total: 168200 ns
[2020-10-06T06:44:07.468+0000][36436][safepoint    ] Safepoint "Cleanup", Time since last: 1000026000 ns, Reaching safepoint: 143200 ns, At safepoint: 10100 ns, Total: 153300 ns
[2020-10-06T06:44:08.468+0000][36436][safepoint    ] Safepoint "Cleanup", Time since last: 1000583800 ns, Reaching safepoint: 158000 ns, At safepoint: 5800 ns, Total: 163800 ns
[2020-10-06T06:44:09.469+0000][36436][safepoint    ] Safepoint "Cleanup", Time since last: 1000497900 ns, Reaching safepoint: 137600 ns, At safepoint: 12100 ns, Total: 149700 ns
[2020-10-06T06:44:10.470+0000][36436][safepoint    ] Safepoint "Cleanup", Time since last: 1000258900 ns, Reaching safepoint: 133300 ns, At safepoint: 11800 ns, Total: 145100 ns
[2020-10-06T06:44:11.470+0000][36436][safepoint    ] Safepoint "Cleanup", Time since last: 1000373900 ns, Reaching safepoint: 199100 ns, At safepoint: 14500 ns, Total: 213600 ns
[2020-10-06T06:44:12.471+0000][36436][safepoint    ] Safepoint "Cleanup", Time since last: 1000512400 ns, Reaching safepoint: 144200 ns, At safepoint: 9000 ns, Total: 153200 ns
[2020-10-06T06:44:13.472+0000][36436][safepoint    ] Safepoint "Cleanup", Time since last: 1000725500 ns, Reaching safepoint: 114400 ns, At safepoint: 6600 ns, Total: 121000 ns
[2020-10-06T06:44:14.472+0000][36436][safepoint    ] Safepoint "Cleanup", Time since last: 1000061800 ns, Reaching safepoint: 138400 ns, At safepoint: 9900 ns, Total: 148300 ns
[2020-10-06T06:44:15.472+0000][36436][safepoint    ] Safepoint "Cleanup", Time since last: 1000313900 ns, Reaching safepoint: 130500 ns, At safepoint: 6600 ns, Total: 137100 ns
[2020-10-06T06:44:17.473+0000][36436][safepoint    ] Safepoint "Cleanup", Time since last: 2000327600 ns, Reaching safepoint: 143600 ns, At safepoint: 7700 ns, Total: 151300 ns
[2020-10-06T06:44:18.473+0000][36436][safepoint    ] Safepoint "Cleanup", Time since last: 1000475600 ns, Reaching safepoint: 127100 ns, At safepoint: 6000 ns, Total: 133100 ns
[2020-10-06T06:44:19.474+0000][36436][safepoint    ] Safepoint "Cleanup", Time since last: 1000153400 ns, Reaching safepoint: 146100 ns, At safepoint: 7500 ns, Total: 153600 ns
[2020-10-06T06:44:20.474+0000][36436][safepoint    ] Safepoint "Cleanup", Time since last: 1000060700 ns, Reaching safepoint: 114400 ns, At safepoint: 7200 ns, Total: 121600 ns
[2020-10-06T06:44:21.474+0000][36436][safepoint    ] Safepoint "Cleanup", Time since last: 1000315600 ns, Reaching safepoint: 139800 ns, At safepoint: 7400 ns, Total: 147200 ns
[2020-10-06T06:44:22.475+0000][36436][safepoint    ] Safepoint "Cleanup", Time since last: 1000337300 ns, Reaching safepoint: 144500 ns, At safepoint: 6100 ns, Total: 150600 ns
[2020-10-06T06:44:24.476+0000][36436][safepoint    ] Safepoint "Cleanup", Time since last: 2000902600 ns, Reaching safepoint: 143900 ns, At safepoint: 7000 ns, Total: 150900 ns
[2020-10-06T06:44:26.476+0000][36436][safepoint    ] Safepoint "Cleanup", Time since last: 2000307300 ns, Reaching safepoint: 118000 ns, At safepoint: 5900 ns, Total: 123900 ns
[2020-10-06T06:44:27.477+0000][36436][safepoint    ] Safepoint "Cleanup", Time since last: 1000386500 ns, Reaching safepoint: 104300 ns, At safepoint: 6100 ns, Total: 110400 ns
[2020-10-06T06:44:28.477+0000][36436][safepoint    ] Safepoint "Cleanup", Time since last: 1000580000 ns, Reaching safepoint: 118400 ns, At safepoint: 6400 ns, Total: 124800 ns
[2020-10-06T06:44:29.478+0000][36436][safepoint    ] Safepoint "Cleanup", Time since last: 1000732300 ns, Reaching safepoint: 105800 ns, At safepoint: 6800 ns, Total: 112600 ns
[2020-10-06T06:44:30.478+0000][36436][safepoint    ] Safepoint "Cleanup", Time since last: 1000085100 ns, Reaching safepoint: 126400 ns, At safepoint: 5900 ns, Total: 132300 ns
[2020-10-06T06:44:32.479+0000][36436][safepoint    ] Safepoint "Cleanup", Time since last: 2000129000 ns, Reaching safepoint: 127200 ns, At safepoint: 5600 ns, Total: 132800 ns
[2020-10-06T06:44:34.479+0000][36436][safepoint    ] Safepoint "Cleanup", Time since last: 2000632300 ns, Reaching safepoint: 156700 ns, At safepoint: 6300 ns, Total: 163000 ns
[2020-10-06T06:44:35.480+0000][36436][safepoint    ] Safepoint "Cleanup", Time since last: 1000108000 ns, Reaching safepoint: 153800 ns, At safepoint: 44700 ns, Total: 198500 ns
[2020-10-06T06:44:36.939+0000][36436][safepoint    ] Safepoint "Cleanup", Time since last: 1458688800 ns, Reaching safepoint: 119400 ns, At safepoint: 9000 ns, Total: 128400 ns
[2020-10-06T06:44:37.939+0000][36436][safepoint    ] Safepoint "Cleanup", Time since last: 1000040700 ns, Reaching safepoint: 113100 ns, At safepoint: 5900 ns, Total: 119000 ns
[2020-10-06T06:44:38.939+0000][36436][safepoint    ] Safepoint "Cleanup", Time since last: 1000256200 ns, Reaching safepoint: 114700 ns, At safepoint: 3300 ns, Total: 118000 ns
[2020-10-06T06:44:39.940+0000][36436][safepoint    ] Safepoint "Cleanup", Time since last: 1000590100 ns, Reaching safepoint: 110700 ns, At safepoint: 8900 ns, Total: 119600 ns
[2020-10-06T06:44:40.940+0000][36436][safepoint    ] Safepoint "Cleanup", Time since last: 1000173200 ns, Reaching safepoint: 124100 ns, At safepoint: 6300 ns, Total: 130400 ns
[2020-10-06T06:44:42.941+0000][36436][safepoint    ] Safepoint "Cleanup", Time since last: 2000853000 ns, Reaching safepoint: 132500 ns, At safepoint: 5600 ns, Total: 138100 ns
[2020-10-06T06:44:44.942+0000][36436][safepoint    ] Safepoint "Cleanup", Time since last: 2000873500 ns, Reaching safepoint: 111100 ns, At safepoint: 6000 ns, Total: 117100 ns
[2020-10-06T06:44:45.942+0000][36436][safepoint    ] Safepoint "Cleanup", Time since last: 1000298700 ns, Reaching safepoint: 119900 ns, At safepoint: 5800 ns, Total: 125700 ns
[2020-10-06T06:44:46.943+0000][36436][safepoint    ] Safepoint "Cleanup", Time since last: 1000172600 ns, Reaching safepoint: 106900 ns, At safepoint: 6000 ns, Total: 112900 ns
[2020-10-06T06:44:47.944+0000][36436][safepoint    ] Safepoint "Cleanup", Time since last: 1000642700 ns, Reaching safepoint: 200100 ns, At safepoint: 3700 ns, Total: 203800 ns
[2020-10-06T06:44:48.945+0000][36436][safepoint    ] Safepoint "Cleanup", Time since last: 1000798000 ns, Reaching safepoint: 111900 ns, At safepoint: 2800 ns, Total: 114700 ns
[2020-10-06T06:44:49.945+0000][36436][safepoint    ] Safepoint "Cleanup", Time since last: 1000728000 ns, Reaching safepoint: 138300 ns, At safepoint: 8400 ns, Total: 146700 ns
[2020-10-06T06:44:50.946+0000][36436][safepoint    ] Safepoint "Cleanup", Time since last: 1000791100 ns, Reaching safepoint: 92200 ns, At safepoint: 3400 ns, Total: 95600 ns
[2020-10-06T06:44:51.947+0000][36436][safepoint    ] Safepoint "Cleanup", Time since last: 1000514000 ns, Reaching safepoint: 121500 ns, At safepoint: 6800 ns, Total: 128300 ns
[2020-10-06T06:44:53.948+0000][36436][safepoint    ] Safepoint "Cleanup", Time since last: 2000951300 ns, Reaching safepoint: 109600 ns, At safepoint: 6000 ns, Total: 115600 ns
[2020-10-06T06:44:54.949+0000][36436][safepoint    ] Safepoint "Cleanup", Time since last: 1000789000 ns, Reaching safepoint: 120600 ns, At safepoint: 6900 ns, Total: 127500 ns
[2020-10-06T06:44:55.950+0000][36436][safepoint    ] Safepoint "Cleanup", Time since last: 1000469600 ns, Reaching safepoint: 113800 ns, At safepoint: 7600 ns, Total: 121400 ns
[2020-10-06T06:44:56.950+0000][36436][safepoint    ] Safepoint "Cleanup", Time since last: 1000908300 ns, Reaching safepoint: 115000 ns, At safepoint: 6900 ns, Total: 121900 ns
[2020-10-06T06:44:57.951+0000][36436][safepoint    ] Safepoint "Cleanup", Time since last: 1000269700 ns, Reaching safepoint: 136000 ns, At safepoint: 9500 ns, Total: 145500 ns
[2020-10-06T06:44:58.952+0000][36436][safepoint    ] Safepoint "Cleanup", Time since last: 1000710800 ns, Reaching safepoint: 147400 ns, At safepoint: 6000 ns, Total: 153400 ns
[2020-10-06T06:44:59.952+0000][36436][safepoint    ] Safepoint "Cleanup", Time since last: 1000198100 ns, Reaching safepoint: 128300 ns, At safepoint: 7400 ns, Total: 135700 ns
[2020-10-06T06:45:00.953+0000][36436][safepoint    ] Safepoint "Cleanup", Time since last: 1000781500 ns, Reaching safepoint: 142600 ns, At safepoint: 10200 ns, Total: 152800 ns
[2020-10-06T06:45:01.953+0000][36436][safepoint    ] Safepoint "Cleanup", Time since last: 1000136800 ns, Reaching safepoint: 127800 ns, At safepoint: 6000 ns, Total: 133800 ns
[2020-10-06T06:45:02.954+0000][36436][safepoint    ] Safepoint "Cleanup", Time since last: 1000707700 ns, Reaching safepoint: 114500 ns, At safepoint: 5900 ns, Total: 120400 ns
[2020-10-06T06:45:03.955+0000][36436][safepoint    ] Safepoint "Cleanup", Time since last: 1000438600 ns, Reaching safepoint: 154100 ns, At safepoint: 21200 ns, Total: 175300 ns
[2020-10-06T06:45:04.955+0000][36436][safepoint    ] Safepoint "Cleanup", Time since last: 1000354100 ns, Reaching safepoint: 113500 ns, At safepoint: 5700 ns, Total: 119200 ns
[2020-10-06T06:45:05.955+0000][36436][safepoint    ] Safepoint "Cleanup", Time since last: 1000024200 ns, Reaching safepoint: 141600 ns, At safepoint: 21400 ns, Total: 163000 ns
[2020-10-06T06:45:06.956+0000][36436][safepoint    ] Safepoint "Cleanup", Time since last: 1000530400 ns, Reaching safepoint: 152400 ns, At safepoint: 6800 ns, Total: 159200 ns
[2020-10-06T06:45:07.956+0000][36436][safepoint    ] Safepoint "Cleanup", Time since last: 1000123500 ns, Reaching safepoint: 158200 ns, At safepoint: 8400 ns, Total: 166600 ns
[2020-10-06T06:45:08.957+0000][36436][safepoint    ] Safepoint "Cleanup", Time since last: 1000678400 ns, Reaching safepoint: 109200 ns, At safepoint: 7400 ns, Total: 116600 ns
[2020-10-06T06:45:09.958+0000][36436][safepoint    ] Safepoint "Cleanup", Time since last: 1000433500 ns, Reaching safepoint: 141500 ns, At safepoint: 5700 ns, Total: 147200 ns
[2020-10-06T06:45:11.627+0000][36436][safepoint    ] Safepoint "Cleanup", Time since last: 1668776300 ns, Reaching safepoint: 137600 ns, At safepoint: 8100 ns, Total: 145700 ns
[2020-10-06T06:45:12.627+0000][36436][safepoint    ] Safepoint "Cleanup", Time since last: 1000768500 ns, Reaching safepoint: 117100 ns, At safepoint: 7200 ns, Total: 124300 ns
[2020-10-06T06:45:13.628+0000][36436][safepoint    ] Safepoint "Cleanup", Time since last: 1000443700 ns, Reaching safepoint: 116200 ns, At safepoint: 6100 ns, Total: 122300 ns
[2020-10-06T06:45:14.629+0000][36436][safepoint    ] Safepoint "Cleanup", Time since last: 1000750600 ns, Reaching safepoint: 239900 ns, At safepoint: 22400 ns, Total: 262300 ns
[2020-10-06T06:45:15.630+0000][36436][safepoint    ] Safepoint "Cleanup", Time since last: 1000330600 ns, Reaching safepoint: 163100 ns, At safepoint: 5300 ns, Total: 168400 ns
[2020-10-06T06:45:17.630+0000][36436][safepoint    ] Safepoint "Cleanup", Time since last: 2000491400 ns, Reaching safepoint: 148800 ns, At safepoint: 20400 ns, Total: 169200 ns
[2020-10-06T06:45:18.631+0000][36436][safepoint    ] Safepoint "Cleanup", Time since last: 1000537000 ns, Reaching safepoint: 119600 ns, At safepoint: 8600 ns, Total: 128200 ns
[2020-10-06T06:45:19.632+0000][36436][safepoint    ] Safepoint "Cleanup", Time since last: 1000863700 ns, Reaching safepoint: 120400 ns, At safepoint: 5900 ns, Total: 126300 ns
[2020-10-06T06:45:20.633+0000][36436][safepoint    ] Safepoint "Cleanup", Time since last: 1000550600 ns, Reaching safepoint: 128400 ns, At safepoint: 5600 ns, Total: 134000 ns
[2020-10-06T06:45:21.633+0000][36436][safepoint    ] Safepoint "Cleanup", Time since last: 1000684000 ns, Reaching safepoint: 106400 ns, At safepoint: 6200 ns, Total: 112600 ns
[2020-10-06T06:45:22.634+0000][36436][safepoint    ] Safepoint "Cleanup", Time since last: 1000594800 ns, Reaching safepoint: 125000 ns, At safepoint: 21100 ns, Total: 146100 ns
[2020-10-06T06:45:23.634+0000][36436][safepoint    ] Safepoint "Cleanup", Time since last: 1000233900 ns, Reaching safepoint: 125700 ns, At safepoint: 5500 ns, Total: 131200 ns
[2020-10-06T06:45:24.635+0000][36436][safepoint    ] Safepoint "Cleanup", Time since last: 1000191400 ns, Reaching safepoint: 156300 ns, At safepoint: 5900 ns, Total: 162200 ns
[2020-10-06T06:45:25.635+0000][36436][safepoint    ] Safepoint "Cleanup", Time since last: 1000130300 ns, Reaching safepoint: 125600 ns, At safepoint: 5500 ns, Total: 131100 ns
[2020-10-06T06:45:26.636+0000][36436][safepoint    ] Safepoint "Cleanup", Time since last: 1000771300 ns, Reaching safepoint: 122100 ns, At safepoint: 2900 ns, Total: 125000 ns
[2020-10-06T06:45:27.636+0000][36436][safepoint    ] Safepoint "Cleanup", Time since last: 1000139300 ns, Reaching safepoint: 140900 ns, At safepoint: 7700 ns, Total: 148600 ns
[2020-10-06T06:45:28.637+0000][36436][safepoint    ] Safepoint "Cleanup", Time since last: 1000238800 ns, Reaching safepoint: 167800 ns, At safepoint: 20500 ns, Total: 188300 ns
[2020-10-06T06:45:29.637+0000][36436][safepoint    ] Safepoint "Cleanup", Time since last: 1000453500 ns, Reaching safepoint: 140800 ns, At safepoint: 4800 ns, Total: 145600 ns
[2020-10-06T06:45:31.638+0000][36436][safepoint    ] Safepoint "Cleanup", Time since last: 2000526500 ns, Reaching safepoint: 140900 ns, At safepoint: 7600 ns, Total: 148500 ns
[2020-10-06T06:45:32.638+0000][36436][safepoint    ] Safepoint "Cleanup", Time since last: 1000059400 ns, Reaching safepoint: 121000 ns, At safepoint: 3800 ns, Total: 124800 ns
[2020-10-06T06:45:33.639+0000][36436][safepoint    ] Safepoint "Cleanup", Time since last: 1000479800 ns, Reaching safepoint: 106800 ns, At safepoint: 5900 ns, Total: 112700 ns
[2020-10-06T06:45:34.639+0000][36436][safepoint    ] Safepoint "Cleanup", Time since last: 1000306100 ns, Reaching safepoint: 103400 ns, At safepoint: 5700 ns, Total: 109100 ns
[2020-10-06T06:45:35.640+0000][36436][safepoint    ] Safepoint "Cleanup", Time since last: 1000407600 ns, Reaching safepoint: 131300 ns, At safepoint: 6400 ns, Total: 137700 ns
[2020-10-06T06:45:36.640+0000][36436][safepoint    ] Safepoint "Cleanup", Time since last: 1000693200 ns, Reaching safepoint: 148100 ns, At safepoint: 7200 ns, Total: 155300 ns
[2020-10-06T06:45:37.641+0000][36436][safepoint    ] Safepoint "Cleanup", Time since last: 1000493100 ns, Reaching safepoint: 108800 ns, At safepoint: 5600 ns, Total: 114400 ns
[2020-10-06T06:45:38.642+0000][36436][safepoint    ] Safepoint "Cleanup", Time since last: 1000350600 ns, Reaching safepoint: 103500 ns, At safepoint: 7200 ns, Total: 110700 ns
[2020-10-06T06:45:40.642+0000][36436][safepoint    ] Safepoint "Cleanup", Time since last: 2000616600 ns, Reaching safepoint: 193600 ns, At safepoint: 10300 ns, Total: 203900 ns
[2020-10-06T06:45:41.643+0000][36436][safepoint    ] Safepoint "Cleanup", Time since last: 1000526300 ns, Reaching safepoint: 133200 ns, At safepoint: 4100 ns, Total: 137300 ns
[2020-10-06T06:45:42.643+0000][36436][safepoint    ] Safepoint "Cleanup", Time since last: 1000101800 ns, Reaching safepoint: 124300 ns, At safepoint: 6300 ns, Total: 130600 ns
[2020-10-06T06:45:43.643+0000][36436][safepoint    ] Safepoint "Cleanup", Time since last: 1000037400 ns, Reaching safepoint: 99800 ns, At safepoint: 8600 ns, Total: 108400 ns
[2020-10-06T06:45:44.644+0000][36436][safepoint    ] Safepoint "Cleanup", Time since last: 1000614100 ns, Reaching safepoint: 235400 ns, At safepoint: 5600 ns, Total: 241000 ns
[2020-10-06T06:45:45.645+0000][36436][safepoint    ] Safepoint "Cleanup", Time since last: 1000724600 ns, Reaching safepoint: 133300 ns, At safepoint: 7700 ns, Total: 141000 ns
[2020-10-06T06:45:46.646+0000][36436][safepoint    ] Safepoint "Cleanup", Time since last: 1000777700 ns, Reaching safepoint: 162600 ns, At safepoint: 13300 ns, Total: 175900 ns
[2020-10-06T06:45:47.646+0000][36436][safepoint    ] Safepoint "Cleanup", Time since last: 1000350100 ns, Reaching safepoint: 134200 ns, At safepoint: 13200 ns, Total: 147400 ns
[2020-10-06T06:45:48.647+0000][36436][safepoint    ] Safepoint "Cleanup", Time since last: 1000612500 ns, Reaching safepoint: 145600 ns, At safepoint: 9900 ns, Total: 155500 ns
[2020-10-06T06:45:49.648+0000][36436][safepoint    ] Safepoint "Cleanup", Time since last: 1000556400 ns, Reaching safepoint: 142000 ns, At safepoint: 10300 ns, Total: 152300 ns
[2020-10-06T06:45:50.649+0000][36436][safepoint    ] Safepoint "Cleanup", Time since last: 1000660100 ns, Reaching safepoint: 125000 ns, At safepoint: 7200 ns, Total: 132200 ns
[2020-10-06T06:45:51.650+0000][36436][safepoint    ] Safepoint "Cleanup", Time since last: 1000695400 ns, Reaching safepoint: 114000 ns, At safepoint: 19200 ns, Total: 133200 ns
[2020-10-06T06:45:52.650+0000][36436][safepoint    ] Safepoint "Cleanup", Time since last: 1000401000 ns, Reaching safepoint: 109400 ns, At safepoint: 48700 ns, Total: 158100 ns
[2020-10-06T06:45:53.650+0000][36436][safepoint    ] Safepoint "Cleanup", Time since last: 1000167700 ns, Reaching safepoint: 160600 ns, At safepoint: 29700 ns, Total: 190300 ns
[2020-10-06T06:45:55.651+0000][36436][safepoint    ] Safepoint "Cleanup", Time since last: 2000046500 ns, Reaching safepoint: 155700 ns, At safepoint: 8400 ns, Total: 164100 ns
[2020-10-06T06:45:56.651+0000][36436][safepoint    ] Safepoint "Cleanup", Time since last: 1000151000 ns, Reaching safepoint: 132200 ns, At safepoint: 8600 ns, Total: 140800 ns
[2020-10-06T06:45:57.652+0000][36436][safepoint    ] Safepoint "Cleanup", Time since last: 1000698500 ns, Reaching safepoint: 149700 ns, At safepoint: 29500 ns, Total: 179200 ns
[2020-10-06T06:45:58.653+0000][36436][safepoint    ] Safepoint "Cleanup", Time since last: 1000665400 ns, Reaching safepoint: 154800 ns, At safepoint: 26600 ns, Total: 181400 ns
[2020-10-06T06:46:00.654+0000][36436][safepoint    ] Safepoint "Cleanup", Time since last: 2000856300 ns, Reaching safepoint: 120500 ns, At safepoint: 6500 ns, Total: 127000 ns
[2020-10-06T06:46:01.654+0000][36436][safepoint    ] Safepoint "Cleanup", Time since last: 1000473300 ns, Reaching safepoint: 121000 ns, At safepoint: 6600 ns, Total: 127600 ns
[2020-10-06T06:46:02.655+0000][36436][safepoint    ] Safepoint "Cleanup", Time since last: 1000473500 ns, Reaching safepoint: 102100 ns, At safepoint: 3200 ns, Total: 105300 ns
[2020-10-06T06:46:03.656+0000][36436][safepoint    ] Safepoint "Cleanup", Time since last: 1000605300 ns, Reaching safepoint: 105400 ns, At safepoint: 5600 ns, Total: 111000 ns
[2020-10-06T06:46:05.656+0000][36436][safepoint    ] Safepoint "Cleanup", Time since last: 2000444400 ns, Reaching safepoint: 173700 ns, At safepoint: 10300 ns, Total: 184000 ns
[2020-10-06T06:46:06.656+0000][36436][safepoint    ] Safepoint "Cleanup", Time since last: 1000093700 ns, Reaching safepoint: 142900 ns, At safepoint: 8700 ns, Total: 151600 ns
[2020-10-06T06:46:07.657+0000][36436][safepoint    ] Safepoint "Cleanup", Time since last: 1000047000 ns, Reaching safepoint: 157100 ns, At safepoint: 13100 ns, Total: 170200 ns
[2020-10-06T06:46:09.657+0000][36436][safepoint    ] Safepoint "Cleanup", Time since last: 2000041800 ns, Reaching safepoint: 140500 ns, At safepoint: 9700 ns, Total: 150200 ns
[2020-10-06T06:46:10.657+0000][36436][safepoint    ] Safepoint "Cleanup", Time since last: 1000298600 ns, Reaching safepoint: 138700 ns, At safepoint: 10100 ns, Total: 148800 ns
[2020-10-06T06:46:11.658+0000][36436][safepoint    ] Safepoint "Cleanup", Time since last: 1000331400 ns, Reaching safepoint: 137700 ns, At safepoint: 8700 ns, Total: 146400 ns
[2020-10-06T06:46:12.658+0000][36436][safepoint    ] Safepoint "Cleanup", Time since last: 1000668000 ns, Reaching safepoint: 124500 ns, At safepoint: 7900 ns, Total: 132400 ns
[2020-10-06T06:46:13.659+0000][36436][safepoint    ] Safepoint "Cleanup", Time since last: 1000719200 ns, Reaching safepoint: 146900 ns, At safepoint: 8300 ns, Total: 155200 ns
[2020-10-06T06:46:14.660+0000][36436][safepoint    ] Safepoint "Cleanup", Time since last: 1000446700 ns, Reaching safepoint: 130400 ns, At safepoint: 6900 ns, Total: 137300 ns
[2020-10-06T06:46:15.660+0000][36436][safepoint    ] Safepoint "Cleanup", Time since last: 1000189200 ns, Reaching safepoint: 150500 ns, At safepoint: 8200 ns, Total: 158700 ns
[2020-10-06T06:46:16.661+0000][36436][safepoint    ] Safepoint "Cleanup", Time since last: 1000394200 ns, Reaching safepoint: 132800 ns, At safepoint: 7900 ns, Total: 140700 ns
[2020-10-06T06:46:18.546+0000][36436][safepoint    ] Safepoint "Cleanup", Time since last: 1884813300 ns, Reaching safepoint: 172400 ns, At safepoint: 11300 ns, Total: 183700 ns
[2020-10-06T06:46:19.546+0000][36436][safepoint    ] Safepoint "Cleanup", Time since last: 1000491300 ns, Reaching safepoint: 158300 ns, At safepoint: 10000 ns, Total: 168300 ns
[2020-10-06T06:46:20.547+0000][36436][safepoint    ] Safepoint "Cleanup", Time since last: 1000312600 ns, Reaching safepoint: 154600 ns, At safepoint: 26000 ns, Total: 180600 ns
[2020-10-06T06:46:21.547+0000][36436][safepoint    ] Safepoint "Cleanup", Time since last: 1000099200 ns, Reaching safepoint: 160700 ns, At safepoint: 6700 ns, Total: 167400 ns
[2020-10-06T06:46:22.548+0000][36436][safepoint    ] Safepoint "Cleanup", Time since last: 1000397300 ns, Reaching safepoint: 127500 ns, At safepoint: 3000 ns, Total: 130500 ns
[2020-10-06T06:46:24.549+0000][36436][safepoint    ] Safepoint "Cleanup", Time since last: 2000669800 ns, Reaching safepoint: 170100 ns, At safepoint: 8000 ns, Total: 178100 ns
[2020-10-06T06:46:25.549+0000][36436][safepoint    ] Safepoint "Cleanup", Time since last: 1000434300 ns, Reaching safepoint: 441400 ns, At safepoint: 29700 ns, Total: 471100 ns
[2020-10-06T06:46:26.550+0000][36436][safepoint    ] Safepoint "Cleanup", Time since last: 1000133000 ns, Reaching safepoint: 117600 ns, At safepoint: 7100 ns, Total: 124700 ns
[2020-10-06T06:46:27.550+0000][36436][safepoint    ] Safepoint "Cleanup", Time since last: 1000529400 ns, Reaching safepoint: 154400 ns, At safepoint: 9800 ns, Total: 164200 ns
[2020-10-06T06:46:28.551+0000][36436][safepoint    ] Safepoint "Cleanup", Time since last: 1000625700 ns, Reaching safepoint: 153200 ns, At safepoint: 14900 ns, Total: 168100 ns
[2020-10-06T06:46:29.552+0000][36436][safepoint    ] Safepoint "Cleanup", Time since last: 1000584400 ns, Reaching safepoint: 189500 ns, At safepoint: 11700 ns, Total: 201200 ns
[2020-10-06T06:46:30.552+0000][36436][safepoint    ] Safepoint "Cleanup", Time since last: 1000394900 ns, Reaching safepoint: 129300 ns, At safepoint: 11500 ns, Total: 140800 ns
[2020-10-06T06:46:31.553+0000][36436][safepoint    ] Safepoint "Cleanup", Time since last: 1000148800 ns, Reaching safepoint: 101700 ns, At safepoint: 3600 ns, Total: 105300 ns
[2020-10-06T06:46:32.553+0000][36436][safepoint    ] Safepoint "Cleanup", Time since last: 1000533900 ns, Reaching safepoint: 153100 ns, At safepoint: 12300 ns, Total: 165400 ns
[2020-10-06T06:46:33.554+0000][36436][safepoint    ] Safepoint "Cleanup", Time since last: 1000398400 ns, Reaching safepoint: 148200 ns, At safepoint: 10200 ns, Total: 158400 ns
[2020-10-06T06:46:34.555+0000][36436][safepoint    ] Safepoint "Cleanup", Time since last: 1000477700 ns, Reaching safepoint: 159200 ns, At safepoint: 9400 ns, Total: 168600 ns
[2020-10-06T06:46:35.555+0000][36436][safepoint    ] Safepoint "Cleanup", Time since last: 1000218200 ns, Reaching safepoint: 123200 ns, At safepoint: 10400 ns, Total: 133600 ns
[2020-10-06T06:46:37.555+0000][36436][safepoint    ] Safepoint "Cleanup", Time since last: 2000388000 ns, Reaching safepoint: 150000 ns, At safepoint: 8800 ns, Total: 158800 ns
[2020-10-06T06:46:38.556+0000][36436][safepoint    ] Safepoint "Cleanup", Time since last: 1000543500 ns, Reaching safepoint: 152500 ns, At safepoint: 14100 ns, Total: 166600 ns
[2020-10-06T06:46:39.557+0000][36436][safepoint    ] Safepoint "Cleanup", Time since last: 1000525600 ns, Reaching safepoint: 128300 ns, At safepoint: 10400 ns, Total: 138700 ns
[2020-10-06T06:46:40.558+0000][36436][safepoint    ] Safepoint "Cleanup", Time since last: 1000674300 ns, Reaching safepoint: 124500 ns, At safepoint: 8300 ns, Total: 132800 ns
[2020-10-06T06:46:41.558+0000][36436][safepoint    ] Safepoint "Cleanup", Time since last: 1000192400 ns, Reaching safepoint: 113400 ns, At safepoint: 9500 ns, Total: 122900 ns
[2020-10-06T06:46:43.425+0000][36436][safepoint    ] Safepoint "Cleanup", Time since last: 1866844500 ns, Reaching safepoint: 134500 ns, At safepoint: 5300 ns, Total: 139800 ns
[2020-10-06T06:46:44.425+0000][36436][safepoint    ] Safepoint "Cleanup", Time since last: 1000282300 ns, Reaching safepoint: 120000 ns, At safepoint: 3600 ns, Total: 123600 ns
[2020-10-06T06:46:45.426+0000][36436][safepoint    ] Safepoint "Cleanup", Time since last: 1000484700 ns, Reaching safepoint: 180200 ns, At safepoint: 12400 ns, Total: 192600 ns
[2020-10-06T06:46:46.427+0000][36436][safepoint    ] Safepoint "Cleanup", Time since last: 1000421800 ns, Reaching safepoint: 118100 ns, At safepoint: 12500 ns, Total: 130600 ns
[2020-10-06T06:46:47.427+0000][36436][safepoint    ] Safepoint "Cleanup", Time since last: 1000448100 ns, Reaching safepoint: 145100 ns, At safepoint: 12400 ns, Total: 157500 ns
[2020-10-06T06:46:48.428+0000][36436][safepoint    ] Safepoint "Cleanup", Time since last: 1000704500 ns, Reaching safepoint: 138100 ns, At safepoint: 6300 ns, Total: 144400 ns
[2020-10-06T06:46:49.428+0000][36436][safepoint    ] Safepoint "Cleanup", Time since last: 1000126900 ns, Reaching safepoint: 134100 ns, At safepoint: 7800 ns, Total: 141900 ns
[2020-10-06T06:46:50.429+0000][36436][safepoint    ] Safepoint "Cleanup", Time since last: 1000207400 ns, Reaching safepoint: 119000 ns, At safepoint: 6100 ns, Total: 125100 ns
[2020-10-06T06:46:52.429+0000][36436][safepoint    ] Safepoint "Cleanup", Time since last: 2000364700 ns, Reaching safepoint: 141100 ns, At safepoint: 7700 ns, Total: 148800 ns
[2020-10-06T06:46:53.430+0000][36436][safepoint    ] Safepoint "Cleanup", Time since last: 1000668100 ns, Reaching safepoint: 125600 ns, At safepoint: 6700 ns, Total: 132300 ns
[2020-10-06T06:46:54.431+0000][36436][safepoint    ] Safepoint "Cleanup", Time since last: 1000466500 ns, Reaching safepoint: 118900 ns, At safepoint: 6900 ns, Total: 125800 ns
[2020-10-06T06:46:55.431+0000][36436][safepoint    ] Safepoint "Cleanup", Time since last: 1000832000 ns, Reaching safepoint: 159800 ns, At safepoint: 11300 ns, Total: 171100 ns
[2020-10-06T06:46:56.432+0000][36436][safepoint    ] Safepoint "Cleanup", Time since last: 1000451000 ns, Reaching safepoint: 148800 ns, At safepoint: 7400 ns, Total: 156200 ns
[2020-10-06T06:46:58.433+0000][36436][safepoint    ] Safepoint "Cleanup", Time since last: 2000868700 ns, Reaching safepoint: 129900 ns, At safepoint: 7500 ns, Total: 137400 ns
[2020-10-06T06:46:59.434+0000][36436][safepoint    ] Safepoint "Cleanup", Time since last: 1000542000 ns, Reaching safepoint: 116200 ns, At safepoint: 3200 ns, Total: 119400 ns
[2020-10-06T06:47:00.434+0000][36436][safepoint    ] Safepoint "Cleanup", Time since last: 1000205400 ns, Reaching safepoint: 132000 ns, At safepoint: 5800 ns, Total: 137800 ns
[2020-10-06T06:47:02.435+0000][36436][safepoint    ] Safepoint "Cleanup", Time since last: 2000567200 ns, Reaching safepoint: 151100 ns, At safepoint: 8400 ns, Total: 159500 ns
[2020-10-06T06:47:03.435+0000][36436][safepoint    ] Safepoint "Cleanup", Time since last: 1000385700 ns, Reaching safepoint: 135300 ns, At safepoint: 11100 ns, Total: 146400 ns
[2020-10-06T06:47:04.436+0000][36436][safepoint    ] Safepoint "Cleanup", Time since last: 1000348000 ns, Reaching safepoint: 118900 ns, At safepoint: 7300 ns, Total: 126200 ns
[2020-10-06T06:47:05.436+0000][36436][safepoint    ] Safepoint "Cleanup", Time since last: 1000355500 ns, Reaching safepoint: 123000 ns, At safepoint: 8200 ns, Total: 131200 ns
[2020-10-06T06:47:06.437+0000][36436][safepoint    ] Safepoint "Cleanup", Time since last: 1000808200 ns, Reaching safepoint: 112800 ns, At safepoint: 4300 ns, Total: 117100 ns
[2020-10-06T06:47:07.438+0000][36436][safepoint    ] Safepoint "Cleanup", Time since last: 1000638600 ns, Reaching safepoint: 127900 ns, At safepoint: 6000 ns, Total: 133900 ns
[2020-10-06T06:47:09.438+0000][36436][safepoint    ] Safepoint "Cleanup", Time since last: 2000009800 ns, Reaching safepoint: 126900 ns, At safepoint: 6900 ns, Total: 133800 ns
[2020-10-06T06:47:10.439+0000][36436][safepoint    ] Safepoint "Cleanup", Time since last: 1000778900 ns, Reaching safepoint: 111000 ns, At safepoint: 4100 ns, Total: 115100 ns
[2020-10-06T06:47:11.440+0000][36436][safepoint    ] Safepoint "Cleanup", Time since last: 1000589500 ns, Reaching safepoint: 105900 ns, At safepoint: 5900 ns, Total: 111800 ns
[2020-10-06T06:47:13.440+0000][36436][safepoint    ] Safepoint "Cleanup", Time since last: 1999987100 ns, Reaching safepoint: 155000 ns, At safepoint: 5800 ns, Total: 160800 ns
[2020-10-06T06:47:14.441+0000][36436][safepoint    ] Safepoint "Cleanup", Time since last: 1000691900 ns, Reaching safepoint: 124600 ns, At safepoint: 6500 ns, Total: 131100 ns
[2020-10-06T06:47:15.441+0000][36436][safepoint    ] Safepoint "Cleanup", Time since last: 1000234300 ns, Reaching safepoint: 122100 ns, At safepoint: 6100 ns, Total: 128200 ns
[2020-10-06T06:47:16.441+0000][36436][safepoint    ] Safepoint "Cleanup", Time since last: 1000083800 ns, Reaching safepoint: 126400 ns, At safepoint: 7700 ns, Total: 134100 ns
[2020-10-06T06:47:17.442+0000][36436][safepoint    ] Safepoint "Cleanup", Time since last: 1000570900 ns, Reaching safepoint: 140000 ns, At safepoint: 5500 ns, Total: 145500 ns
[2020-10-06T06:47:18.442+0000][36436][safepoint    ] Safepoint "Cleanup", Time since last: 1000427300 ns, Reaching safepoint: 106100 ns, At safepoint: 5700 ns, Total: 111800 ns
[2020-10-06T06:47:19.443+0000][36436][safepoint    ] Safepoint "Cleanup", Time since last: 1000390100 ns, Reaching safepoint: 117700 ns, At safepoint: 5700 ns, Total: 123400 ns
[2020-10-06T06:47:20.444+0000][36436][safepoint    ] Safepoint "Cleanup", Time since last: 1000691100 ns, Reaching safepoint: 131600 ns, At safepoint: 8200 ns, Total: 139800 ns
[2020-10-06T06:47:21.445+0000][36436][safepoint    ] Safepoint "Cleanup", Time since last: 1000753600 ns, Reaching safepoint: 143800 ns, At safepoint: 10900 ns, Total: 154700 ns
[2020-10-06T06:47:22.445+0000][36436][safepoint    ] Safepoint "Cleanup", Time since last: 1000559300 ns, Reaching safepoint: 150500 ns, At safepoint: 12800 ns, Total: 163300 ns
[2020-10-06T06:47:23.446+0000][36436][safepoint    ] Safepoint "Cleanup", Time since last: 1000151100 ns, Reaching safepoint: 129800 ns, At safepoint: 15500 ns, Total: 145300 ns
[2020-10-06T06:47:24.447+0000][36436][safepoint    ] Safepoint "Cleanup", Time since last: 1000796200 ns, Reaching safepoint: 152200 ns, At safepoint: 11400 ns, Total: 163600 ns
[2020-10-06T06:47:25.447+0000][36436][safepoint    ] Safepoint "Cleanup", Time since last: 1000658200 ns, Reaching safepoint: 120600 ns, At safepoint: 3700 ns, Total: 124300 ns
[2020-10-06T06:47:26.448+0000][36436][safepoint    ] Safepoint "Cleanup", Time since last: 1000695700 ns, Reaching safepoint: 136200 ns, At safepoint: 8900 ns, Total: 145100 ns
[2020-10-06T06:47:27.449+0000][36436][safepoint    ] Safepoint "Cleanup", Time since last: 1000539600 ns, Reaching safepoint: 140100 ns, At safepoint: 6700 ns, Total: 146800 ns
[2020-10-06T06:47:28.450+0000][36436][safepoint    ] Safepoint "Cleanup", Time since last: 1000710500 ns, Reaching safepoint: 101300 ns, At safepoint: 2300 ns, Total: 103600 ns
[2020-10-06T06:47:29.450+0000][36436][safepoint    ] Safepoint "Cleanup", Time since last: 1000258400 ns, Reaching safepoint: 111000 ns, At safepoint: 6100 ns, Total: 117100 ns
[2020-10-06T06:47:30.451+0000][36436][safepoint    ] Safepoint "Cleanup", Time since last: 1000737800 ns, Reaching safepoint: 103600 ns, At safepoint: 5100 ns, Total: 108700 ns
[2020-10-06T06:47:31.451+0000][36436][safepoint    ] Safepoint "Cleanup", Time since last: 1000025100 ns, Reaching safepoint: 119600 ns, At safepoint: 5800 ns, Total: 125400 ns
[2020-10-06T06:47:32.451+0000][36436][safepoint    ] Safepoint "Cleanup", Time since last: 1000093000 ns, Reaching safepoint: 105600 ns, At safepoint: 5000 ns, Total: 110600 ns
[2020-10-06T06:47:33.452+0000][36436][safepoint    ] Safepoint "Cleanup", Time since last: 1000494600 ns, Reaching safepoint: 110100 ns, At safepoint: 7400 ns, Total: 117500 ns
[2020-10-06T06:47:34.453+0000][36436][safepoint    ] Safepoint "Cleanup", Time since last: 1000837800 ns, Reaching safepoint: 112500 ns, At safepoint: 8600 ns, Total: 121100 ns
[2020-10-06T06:47:35.454+0000][36436][safepoint    ] Safepoint "Cleanup", Time since last: 1000624000 ns, Reaching safepoint: 118500 ns, At safepoint: 3700 ns, Total: 122200 ns
[2020-10-06T06:47:36.455+0000][36436][safepoint    ] Safepoint "Cleanup", Time since last: 1000865900 ns, Reaching safepoint: 247900 ns, At safepoint: 9000 ns, Total: 256900 ns
[2020-10-06T06:47:37.455+0000][36436][safepoint    ] Safepoint "Cleanup", Time since last: 1000537000 ns, Reaching safepoint: 131600 ns, At safepoint: 11400 ns, Total: 143000 ns
[2020-10-06T06:47:38.456+0000][36436][safepoint    ] Safepoint "Cleanup", Time since last: 1000268400 ns, Reaching safepoint: 163700 ns, At safepoint: 16600 ns, Total: 180300 ns
[2020-10-06T06:47:39.456+0000][36436][safepoint    ] Safepoint "Cleanup", Time since last: 1000098400 ns, Reaching safepoint: 200500 ns, At safepoint: 6700 ns, Total: 207200 ns
[2020-10-06T06:47:40.457+0000][36436][safepoint    ] Safepoint "Cleanup", Time since last: 1000515900 ns, Reaching safepoint: 183800 ns, At safepoint: 10000 ns, Total: 193800 ns
[2020-10-06T06:47:42.458+0000][36436][safepoint    ] Safepoint "Cleanup", Time since last: 2000690400 ns, Reaching safepoint: 468800 ns, At safepoint: 27300 ns, Total: 496100 ns
[2020-10-06T06:47:44.458+0000][36436][safepoint    ] Safepoint "Cleanup", Time since last: 2000054000 ns, Reaching safepoint: 158100 ns, At safepoint: 5100 ns, Total: 163200 ns
[2020-10-06T06:47:45.459+0000][36436][safepoint    ] Safepoint "Cleanup", Time since last: 1000317800 ns, Reaching safepoint: 146200 ns, At safepoint: 22100 ns, Total: 168300 ns
[2020-10-06T06:47:47.459+0000][36436][safepoint    ] Safepoint "Cleanup", Time since last: 2000493500 ns, Reaching safepoint: 125600 ns, At safepoint: 11900 ns, Total: 137500 ns
[2020-10-06T06:47:48.460+0000][36436][safepoint    ] Safepoint "Cleanup", Time since last: 1000257600 ns, Reaching safepoint: 169100 ns, At safepoint: 9700 ns, Total: 178800 ns
[2020-10-06T06:47:50.461+0000][36436][safepoint    ] Safepoint "Cleanup", Time since last: 2000631000 ns, Reaching safepoint: 137700 ns, At safepoint: 6500 ns, Total: 144200 ns
[2020-10-06T06:47:51.461+0000][36436][safepoint    ] Safepoint "Cleanup", Time since last: 1000630800 ns, Reaching safepoint: 113200 ns, At safepoint: 6500 ns, Total: 119700 ns
[2020-10-06T06:47:52.462+0000][36436][safepoint    ] Safepoint "Cleanup", Time since last: 1000642600 ns, Reaching safepoint: 124900 ns, At safepoint: 6200 ns, Total: 131100 ns
[2020-10-06T06:47:53.462+0000][36436][safepoint    ] Safepoint "Cleanup", Time since last: 1000126300 ns, Reaching safepoint: 137100 ns, At safepoint: 2900 ns, Total: 140000 ns
[2020-10-06T06:47:55.463+0000][36436][safepoint    ] Safepoint "Cleanup", Time since last: 2000275600 ns, Reaching safepoint: 101000 ns, At safepoint: 5700 ns, Total: 106700 ns
[2020-10-06T06:47:56.463+0000][36436][safepoint    ] Safepoint "Cleanup", Time since last: 1000290300 ns, Reaching safepoint: 128500 ns, At safepoint: 5600 ns, Total: 134100 ns
[2020-10-06T06:47:57.464+0000][36436][safepoint    ] Safepoint "Cleanup", Time since last: 1000582900 ns, Reaching safepoint: 120100 ns, At safepoint: 5300 ns, Total: 125400 ns
[2020-10-06T06:47:58.464+0000][36436][safepoint    ] Safepoint "Cleanup", Time since last: 1000022300 ns, Reaching safepoint: 104800 ns, At safepoint: 10500 ns, Total: 115300 ns
[2020-10-06T06:47:59.464+0000][36436][safepoint    ] Safepoint "Cleanup", Time since last: 1000266200 ns, Reaching safepoint: 122200 ns, At safepoint: 6200 ns, Total: 128400 ns
[2020-10-06T06:48:01.465+0000][36436][safepoint    ] Safepoint "Cleanup", Time since last: 2000519100 ns, Reaching safepoint: 161600 ns, At safepoint: 8000 ns, Total: 169600 ns
[2020-10-06T06:48:02.465+0000][36436][safepoint    ] Safepoint "Cleanup", Time since last: 1000276700 ns, Reaching safepoint: 145200 ns, At safepoint: 33000 ns, Total: 178200 ns
[2020-10-06T06:48:04.466+0000][36436][safepoint    ] Safepoint "Cleanup", Time since last: 2000812000 ns, Reaching safepoint: 120200 ns, At safepoint: 6600 ns, Total: 126800 ns
[2020-10-06T06:48:05.467+0000][36436][safepoint    ] Safepoint "Cleanup", Time since last: 1000599800 ns, Reaching safepoint: 110700 ns, At safepoint: 5600 ns, Total: 116300 ns
[2020-10-06T06:48:06.468+0000][36436][safepoint    ] Safepoint "Cleanup", Time since last: 1000752800 ns, Reaching safepoint: 138600 ns, At safepoint: 6500 ns, Total: 145100 ns
[2020-10-06T06:48:07.469+0000][36436][safepoint    ] Safepoint "Cleanup", Time since last: 1000709600 ns, Reaching safepoint: 125400 ns, At safepoint: 6600 ns, Total: 132000 ns
[2020-10-06T06:48:08.469+0000][36436][safepoint    ] Safepoint "Cleanup", Time since last: 1000317200 ns, Reaching safepoint: 141400 ns, At safepoint: 7700 ns, Total: 149100 ns
[2020-10-06T06:48:09.470+0000][36436][safepoint    ] Safepoint "Cleanup", Time since last: 1000326500 ns, Reaching safepoint: 116100 ns, At safepoint: 6000 ns, Total: 122100 ns
[2020-10-06T06:48:10.471+0000][36436][safepoint    ] Safepoint "Cleanup", Time since last: 1000658400 ns, Reaching safepoint: 144400 ns, At safepoint: 25000 ns, Total: 169400 ns
[2020-10-06T06:48:11.471+0000][36436][safepoint    ] Safepoint "Cleanup", Time since last: 1000513200 ns, Reaching safepoint: 234100 ns, At safepoint: 10100 ns, Total: 244200 ns
[2020-10-06T06:48:12.472+0000][36436][safepoint    ] Safepoint "Cleanup", Time since last: 1000119200 ns, Reaching safepoint: 107000 ns, At safepoint: 5800 ns, Total: 112800 ns
[2020-10-06T06:48:13.472+0000][36436][safepoint    ] Safepoint "Cleanup", Time since last: 1000275700 ns, Reaching safepoint: 136000 ns, At safepoint: 17500 ns, Total: 153500 ns
[2020-10-06T06:48:14.473+0000][36436][safepoint    ] Safepoint "Cleanup", Time since last: 1000520700 ns, Reaching safepoint: 125400 ns, At safepoint: 5100 ns, Total: 130500 ns
[2020-10-06T06:48:15.473+0000][36436][safepoint    ] Safepoint "Cleanup", Time since last: 1000313700 ns, Reaching safepoint: 139700 ns, At safepoint: 5500 ns, Total: 145200 ns
[2020-10-06T06:48:16.473+0000][36436][safepoint    ] Safepoint "Cleanup", Time since last: 1000111800 ns, Reaching safepoint: 131600 ns, At safepoint: 5900 ns, Total: 137500 ns
[2020-10-06T06:48:17.474+0000][36436][safepoint    ] Safepoint "Cleanup", Time since last: 1000684300 ns, Reaching safepoint: 99700 ns, At safepoint: 6500 ns, Total: 106200 ns
[2020-10-06T06:48:18.475+0000][36436][safepoint    ] Safepoint "Cleanup", Time since last: 1000424900 ns, Reaching safepoint: 131500 ns, At safepoint: 5400 ns, Total: 136900 ns
[2020-10-06T06:48:19.475+0000][36436][safepoint    ] Safepoint "Cleanup", Time since last: 1000495200 ns, Reaching safepoint: 105700 ns, At safepoint: 5600 ns, Total: 111300 ns
[2020-10-06T06:48:21.476+0000][36436][safepoint    ] Safepoint "Cleanup", Time since last: 2000962400 ns, Reaching safepoint: 109200 ns, At safepoint: 3200 ns, Total: 112400 ns
[2020-10-06T06:48:22.477+0000][36436][safepoint    ] Safepoint "Cleanup", Time since last: 1000171700 ns, Reaching safepoint: 127900 ns, At safepoint: 4100 ns, Total: 132000 ns
[2020-10-06T06:48:23.477+0000][36436][safepoint    ] Safepoint "Cleanup", Time since last: 1000625700 ns, Reaching safepoint: 124000 ns, At safepoint: 6200 ns, Total: 130200 ns
[2020-10-06T06:48:24.478+0000][36436][safepoint    ] Safepoint "Cleanup", Time since last: 1000347300 ns, Reaching safepoint: 90800 ns, At safepoint: 3200 ns, Total: 94000 ns
[2020-10-06T06:48:25.950+0000][36436][safepoint    ] Safepoint "Cleanup", Time since last: 1472168900 ns, Reaching safepoint: 124700 ns, At safepoint: 6200 ns, Total: 130900 ns
[2020-10-06T06:48:26.952+0000][36436][safepoint    ] Safepoint "Cleanup", Time since last: 1001581200 ns, Reaching safepoint: 138800 ns, At safepoint: 6400 ns, Total: 145200 ns
[2020-10-06T06:48:27.953+0000][36436][safepoint    ] Safepoint "Cleanup", Time since last: 1000529900 ns, Reaching safepoint: 121600 ns, At safepoint: 5600 ns, Total: 127200 ns
[2020-10-06T06:48:29.953+0000][36436][safepoint    ] Safepoint "Cleanup", Time since last: 2000711200 ns, Reaching safepoint: 125900 ns, At safepoint: 5400 ns, Total: 131300 ns
[2020-10-06T06:48:30.954+0000][36436][safepoint    ] Safepoint "Cleanup", Time since last: 1000433200 ns, Reaching safepoint: 111700 ns, At safepoint: 6800 ns, Total: 118500 ns
[2020-10-06T06:48:31.954+0000][36436][safepoint    ] Safepoint "Cleanup", Time since last: 1000244200 ns, Reaching safepoint: 135000 ns, At safepoint: 4900 ns, Total: 139900 ns
[2020-10-06T06:48:33.955+0000][36436][safepoint    ] Safepoint "Cleanup", Time since last: 2000443900 ns, Reaching safepoint: 129000 ns, At safepoint: 5600 ns, Total: 134600 ns
[2020-10-06T06:48:34.955+0000][36436][safepoint    ] Safepoint "Cleanup", Time since last: 1000441500 ns, Reaching safepoint: 138800 ns, At safepoint: 3300 ns, Total: 142100 ns
[2020-10-06T06:48:35.956+0000][36436][safepoint    ] Safepoint "Cleanup", Time since last: 1000397300 ns, Reaching safepoint: 120200 ns, At safepoint: 4900 ns, Total: 125100 ns
[2020-10-06T06:48:36.956+0000][36436][safepoint    ] Safepoint "Cleanup", Time since last: 1000078400 ns, Reaching safepoint: 108700 ns, At safepoint: 6300 ns, Total: 115000 ns
[2020-10-06T06:48:37.956+0000][36436][safepoint    ] Safepoint "Cleanup", Time since last: 1000020800 ns, Reaching safepoint: 118900 ns, At safepoint: 5500 ns, Total: 124400 ns
[2020-10-06T06:48:38.957+0000][36436][safepoint    ] Safepoint "Cleanup", Time since last: 1000414500 ns, Reaching safepoint: 132000 ns, At safepoint: 4800 ns, Total: 136800 ns
[2020-10-06T06:48:40.957+0000][36436][safepoint    ] Safepoint "Cleanup", Time since last: 2000008600 ns, Reaching safepoint: 110300 ns, At safepoint: 6300 ns, Total: 116600 ns
[2020-10-06T06:48:41.957+0000][36436][safepoint    ] Safepoint "Cleanup", Time since last: 1000106700 ns, Reaching safepoint: 139100 ns, At safepoint: 5900 ns, Total: 145000 ns
[2020-10-06T06:48:42.958+0000][36436][safepoint    ] Safepoint "Cleanup", Time since last: 1000830500 ns, Reaching safepoint: 120900 ns, At safepoint: 20400 ns, Total: 141300 ns
[2020-10-06T06:48:43.958+0000][36436][safepoint    ] Safepoint "Cleanup", Time since last: 1000103500 ns, Reaching safepoint: 120100 ns, At safepoint: 4100 ns, Total: 124200 ns
[2020-10-06T06:48:44.959+0000][36436][safepoint    ] Safepoint "Cleanup", Time since last: 1000084600 ns, Reaching safepoint: 139300 ns, At safepoint: 21600 ns, Total: 160900 ns
[2020-10-06T06:48:45.959+0000][36436][safepoint    ] Safepoint "Cleanup", Time since last: 1000537700 ns, Reaching safepoint: 163400 ns, At safepoint: 5500 ns, Total: 168900 ns
[2020-10-06T06:48:46.960+0000][36436][safepoint    ] Safepoint "Cleanup", Time since last: 1000088400 ns, Reaching safepoint: 140100 ns, At safepoint: 5500 ns, Total: 145600 ns
[2020-10-06T06:48:48.960+0000][36436][safepoint    ] Safepoint "Cleanup", Time since last: 1999963100 ns, Reaching safepoint: 137100 ns, At safepoint: 21500 ns, Total: 158600 ns
[2020-10-06T06:48:49.961+0000][36436][safepoint    ] Safepoint "Cleanup", Time since last: 1000797800 ns, Reaching safepoint: 155800 ns, At safepoint: 5100 ns, Total: 160900 ns
[2020-10-06T06:48:50.961+0000][36436][safepoint    ] Safepoint "Cleanup", Time since last: 1000285000 ns, Reaching safepoint: 104500 ns, At safepoint: 5000 ns, Total: 109500 ns
[2020-10-06T06:48:51.962+0000][36436][safepoint    ] Safepoint "Cleanup", Time since last: 1000398500 ns, Reaching safepoint: 119500 ns, At safepoint: 5500 ns, Total: 125000 ns
[2020-10-06T06:48:53.962+0000][36436][safepoint    ] Safepoint "Cleanup", Time since last: 2000758000 ns, Reaching safepoint: 120000 ns, At safepoint: 21100 ns, Total: 141100 ns
[2020-10-06T06:48:54.963+0000][36436][safepoint    ] Safepoint "Cleanup", Time since last: 1000002700 ns, Reaching safepoint: 183700 ns, At safepoint: 4900 ns, Total: 188600 ns
[2020-10-06T06:48:55.963+0000][36436][safepoint    ] Safepoint "Cleanup", Time since last: 1000076800 ns, Reaching safepoint: 134200 ns, At safepoint: 5700 ns, Total: 139900 ns
[2020-10-06T06:48:56.963+0000][36436][safepoint    ] Safepoint "Cleanup", Time since last: 1000493500 ns, Reaching safepoint: 128300 ns, At safepoint: 3900 ns, Total: 132200 ns
[2020-10-06T06:48:57.964+0000][36436][safepoint    ] Safepoint "Cleanup", Time since last: 1000162700 ns, Reaching safepoint: 135800 ns, At safepoint: 21900 ns, Total: 157700 ns
[2020-10-06T06:48:58.965+0000][36436][safepoint    ] Safepoint "Cleanup", Time since last: 1000771000 ns, Reaching safepoint: 134500 ns, At safepoint: 5500 ns, Total: 140000 ns
[2020-10-06T06:49:00.965+0000][36436][safepoint    ] Safepoint "Cleanup", Time since last: 2000303300 ns, Reaching safepoint: 140100 ns, At safepoint: 5500 ns, Total: 145600 ns
[2020-10-06T06:49:01.966+0000][36436][safepoint    ] Safepoint "Cleanup", Time since last: 1000480600 ns, Reaching safepoint: 111500 ns, At safepoint: 5500 ns, Total: 117000 ns
[2020-10-06T06:49:03.966+0000][36436][safepoint    ] Safepoint "Cleanup", Time since last: 2000521100 ns, Reaching safepoint: 161300 ns, At safepoint: 20700 ns, Total: 182000 ns
[2020-10-06T06:49:04.967+0000][36436][safepoint    ] Safepoint "Cleanup", Time since last: 1000757100 ns, Reaching safepoint: 99300 ns, At safepoint: 6000 ns, Total: 105300 ns
[2020-10-06T06:49:05.968+0000][36436][safepoint    ] Safepoint "Cleanup", Time since last: 1000415300 ns, Reaching safepoint: 139200 ns, At safepoint: 6700 ns, Total: 145900 ns
[2020-10-06T06:49:07.004+0000][36436][safepoint    ] Safepoint "Cleanup", Time since last: 1035917400 ns, Reaching safepoint: 86600 ns, At safepoint: 2300 ns, Total: 88900 ns
[2020-10-06T06:49:08.005+0000][36436][safepoint    ] Safepoint "Cleanup", Time since last: 1000836700 ns, Reaching safepoint: 136700 ns, At safepoint: 20700 ns, Total: 157400 ns
[2020-10-06T06:49:10.005+0000][36436][safepoint    ] Safepoint "Cleanup", Time since last: 2000387200 ns, Reaching safepoint: 119700 ns, At safepoint: 7600 ns, Total: 127300 ns
[2020-10-06T06:49:11.006+0000][36436][safepoint    ] Safepoint "Cleanup", Time since last: 1000256400 ns, Reaching safepoint: 115100 ns, At safepoint: 5700 ns, Total: 120800 ns
[2020-10-06T06:49:12.007+0000][36436][safepoint    ] Safepoint "Cleanup", Time since last: 1000817500 ns, Reaching safepoint: 155000 ns, At safepoint: 20900 ns, Total: 175900 ns
[2020-10-06T06:49:13.007+0000][36436][safepoint    ] Safepoint "Cleanup", Time since last: 1000563400 ns, Reaching safepoint: 184800 ns, At safepoint: 9400 ns, Total: 194200 ns
[2020-10-06T06:49:14.008+0000][36436][safepoint    ] Safepoint "Cleanup", Time since last: 1000109200 ns, Reaching safepoint: 125000 ns, At safepoint: 5300 ns, Total: 130300 ns
[2020-10-06T06:49:15.008+0000][36436][safepoint    ] Safepoint "Cleanup", Time since last: 1000133800 ns, Reaching safepoint: 121500 ns, At safepoint: 6900 ns, Total: 128400 ns
[2020-10-06T06:49:16.009+0000][36436][safepoint    ] Safepoint "Cleanup", Time since last: 1000632600 ns, Reaching safepoint: 166400 ns, At safepoint: 12900 ns, Total: 179300 ns
[2020-10-06T06:49:17.009+0000][36436][safepoint    ] Safepoint "Cleanup", Time since last: 1000554200 ns, Reaching safepoint: 140300 ns, At safepoint: 5400 ns, Total: 145700 ns
[2020-10-06T06:49:18.010+0000][36436][safepoint    ] Safepoint "Cleanup", Time since last: 1000286500 ns, Reaching safepoint: 133600 ns, At safepoint: 5800 ns, Total: 139400 ns
[2020-10-06T06:49:19.011+0000][36436][safepoint    ] Safepoint "Cleanup", Time since last: 1000552800 ns, Reaching safepoint: 149700 ns, At safepoint: 6900 ns, Total: 156600 ns
[2020-10-06T06:49:20.011+0000][36436][safepoint    ] Safepoint "Cleanup", Time since last: 1000633000 ns, Reaching safepoint: 108400 ns, At safepoint: 6400 ns, Total: 114800 ns
[2020-10-06T06:49:21.012+0000][36436][safepoint    ] Safepoint "Cleanup", Time since last: 1000297100 ns, Reaching safepoint: 115900 ns, At safepoint: 5900 ns, Total: 121800 ns
[2020-10-06T06:49:22.012+0000][36436][safepoint    ] Safepoint "Cleanup", Time since last: 1000391900 ns, Reaching safepoint: 137000 ns, At safepoint: 5300 ns, Total: 142300 ns
[2020-10-06T06:49:23.013+0000][36436][safepoint    ] Safepoint "Cleanup", Time since last: 1000799400 ns, Reaching safepoint: 111900 ns, At safepoint: 6300 ns, Total: 118200 ns
[2020-10-06T06:49:24.014+0000][36436][safepoint    ] Safepoint "Cleanup", Time since last: 1000406300 ns, Reaching safepoint: 118900 ns, At safepoint: 6500 ns, Total: 125400 ns
[2020-10-06T06:49:25.014+0000][36436][safepoint    ] Safepoint "Cleanup", Time since last: 1000148600 ns, Reaching safepoint: 104500 ns, At safepoint: 5800 ns, Total: 110300 ns
[2020-10-06T06:49:26.015+0000][36436][safepoint    ] Safepoint "Cleanup", Time since last: 1000605900 ns, Reaching safepoint: 110100 ns, At safepoint: 5800 ns, Total: 115900 ns
[2020-10-06T06:49:28.015+0000][36436][safepoint    ] Safepoint "Cleanup", Time since last: 2000600000 ns, Reaching safepoint: 131300 ns, At safepoint: 6200 ns, Total: 137500 ns
[2020-10-06T06:49:29.016+0000][36436][safepoint    ] Safepoint "Cleanup", Time since last: 1000033700 ns, Reaching safepoint: 129500 ns, At safepoint: 4600 ns, Total: 134100 ns
[2020-10-06T06:49:30.016+0000][36436][safepoint    ] Safepoint "Cleanup", Time since last: 1000129200 ns, Reaching safepoint: 137700 ns, At safepoint: 5200 ns, Total: 142900 ns
[2020-10-06T06:49:31.016+0000][36436][safepoint    ] Safepoint "Cleanup", Time since last: 1000236400 ns, Reaching safepoint: 139700 ns, At safepoint: 5200 ns, Total: 144900 ns
[2020-10-06T06:49:32.017+0000][36436][safepoint    ] Safepoint "Cleanup", Time since last: 1000658900 ns, Reaching safepoint: 134000 ns, At safepoint: 6300 ns, Total: 140300 ns
[2020-10-06T06:49:33.017+0000][36436][safepoint    ] Safepoint "Cleanup", Time since last: 1000211800 ns, Reaching safepoint: 147500 ns, At safepoint: 5400 ns, Total: 152900 ns
[2020-10-06T06:49:34.018+0000][36436][safepoint    ] Safepoint "Cleanup", Time since last: 1000859500 ns, Reaching safepoint: 123700 ns, At safepoint: 7300 ns, Total: 131000 ns
[2020-10-06T06:49:35.019+0000][36436][safepoint    ] Safepoint "Cleanup", Time since last: 1000787900 ns, Reaching safepoint: 113100 ns, At safepoint: 7500 ns, Total: 120600 ns
[2020-10-06T06:49:36.020+0000][36436][safepoint    ] Safepoint "Cleanup", Time since last: 1000228400 ns, Reaching safepoint: 104900 ns, At safepoint: 8900 ns, Total: 113800 ns
[2020-10-06T06:49:37.020+0000][36436][safepoint    ] Safepoint "Cleanup", Time since last: 1000457600 ns, Reaching safepoint: 104500 ns, At safepoint: 2800 ns, Total: 107300 ns
[2020-10-06T06:49:38.020+0000][36436][safepoint    ] Safepoint "Cleanup", Time since last: 1000036100 ns, Reaching safepoint: 113900 ns, At safepoint: 7100 ns, Total: 121000 ns
[2020-10-06T06:49:39.021+0000][36436][safepoint    ] Safepoint "Cleanup", Time since last: 1000841400 ns, Reaching safepoint: 104000 ns, At safepoint: 6700 ns, Total: 110700 ns
[2020-10-06T06:49:40.021+0000][36436][safepoint    ] Safepoint "Cleanup", Time since last: 1000013600 ns, Reaching safepoint: 138900 ns, At safepoint: 8000 ns, Total: 146900 ns
[2020-10-06T06:49:41.022+0000][36436][safepoint    ] Safepoint "Cleanup", Time since last: 1000483600 ns, Reaching safepoint: 107700 ns, At safepoint: 9300 ns, Total: 117000 ns
[2020-10-06T06:49:42.023+0000][36436][safepoint    ] Safepoint "Cleanup", Time since last: 1000368700 ns, Reaching safepoint: 153100 ns, At safepoint: 5700 ns, Total: 158800 ns
[2020-10-06T06:49:43.023+0000][36436][safepoint    ] Safepoint "Cleanup", Time since last: 1000775400 ns, Reaching safepoint: 124400 ns, At safepoint: 5600 ns, Total: 130000 ns
[2020-10-06T06:49:44.024+0000][36436][safepoint    ] Safepoint "Cleanup", Time since last: 1000183600 ns, Reaching safepoint: 95500 ns, At safepoint: 3400 ns, Total: 98900 ns
[2020-10-06T06:49:45.024+0000][36436][safepoint    ] Safepoint "Cleanup", Time since last: 1000494500 ns, Reaching safepoint: 101700 ns, At safepoint: 2800 ns, Total: 104500 ns
[2020-10-06T06:49:47.025+0000][36436][safepoint    ] Safepoint "Cleanup", Time since last: 2000703700 ns, Reaching safepoint: 101300 ns, At safepoint: 8100 ns, Total: 109400 ns
[2020-10-06T06:49:48.026+0000][36436][safepoint    ] Safepoint "Cleanup", Time since last: 1000512600 ns, Reaching safepoint: 178800 ns, At safepoint: 20400 ns, Total: 199200 ns
[2020-10-06T06:49:50.026+0000][36436][safepoint    ] Safepoint "Cleanup", Time since last: 2000309500 ns, Reaching safepoint: 156500 ns, At safepoint: 14000 ns, Total: 170500 ns
[2020-10-06T06:49:51.027+0000][36436][safepoint    ] Safepoint "Cleanup", Time since last: 1000179400 ns, Reaching safepoint: 164300 ns, At safepoint: 10500 ns, Total: 174800 ns
[2020-10-06T06:49:52.027+0000][36436][safepoint    ] Safepoint "Cleanup", Time since last: 1000285900 ns, Reaching safepoint: 160400 ns, At safepoint: 7400 ns, Total: 167800 ns
[2020-10-06T06:49:53.028+0000][36436][safepoint    ] Safepoint "Cleanup", Time since last: 1000766000 ns, Reaching safepoint: 143500 ns, At safepoint: 15300 ns, Total: 158800 ns
[2020-10-06T06:49:54.029+0000][36436][safepoint    ] Safepoint "Cleanup", Time since last: 1000553000 ns, Reaching safepoint: 185300 ns, At safepoint: 9100 ns, Total: 194400 ns
[2020-10-06T06:49:55.029+0000][36436][safepoint    ] Safepoint "Cleanup", Time since last: 1000255400 ns, Reaching safepoint: 197100 ns, At safepoint: 10200 ns, Total: 207300 ns
[2020-10-06T06:49:56.030+0000][36436][safepoint    ] Safepoint "Cleanup", Time since last: 1000242400 ns, Reaching safepoint: 140900 ns, At safepoint: 7000 ns, Total: 147900 ns
[2020-10-06T06:49:57.030+0000][36436][safepoint    ] Safepoint "Cleanup", Time since last: 1000558300 ns, Reaching safepoint: 118100 ns, At safepoint: 10300 ns, Total: 128400 ns
[2020-10-06T06:49:58.031+0000][36436][safepoint    ] Safepoint "Cleanup", Time since last: 1000113100 ns, Reaching safepoint: 178400 ns, At safepoint: 9700 ns, Total: 188100 ns
[2020-10-06T06:49:59.031+0000][36436][safepoint    ] Safepoint "Cleanup", Time since last: 1000696100 ns, Reaching safepoint: 128600 ns, At safepoint: 13200 ns, Total: 141800 ns
[2020-10-06T06:50:00.032+0000][36436][safepoint    ] Safepoint "Cleanup", Time since last: 1000422200 ns, Reaching safepoint: 157300 ns, At safepoint: 9300 ns, Total: 166600 ns
[2020-10-06T06:50:02.033+0000][36436][safepoint    ] Safepoint "Cleanup", Time since last: 2000818000 ns, Reaching safepoint: 170100 ns, At safepoint: 10600 ns, Total: 180700 ns
[2020-10-06T06:50:03.034+0000][36436][safepoint    ] Safepoint "Cleanup", Time since last: 1000820400 ns, Reaching safepoint: 147600 ns, At safepoint: 12400 ns, Total: 160000 ns
[2020-10-06T06:50:05.035+0000][36436][safepoint    ] Safepoint "Cleanup", Time since last: 2000398600 ns, Reaching safepoint: 135100 ns, At safepoint: 11100 ns, Total: 146200 ns
[2020-10-06T06:50:07.035+0000][36436][safepoint    ] Safepoint "Cleanup", Time since last: 2000579000 ns, Reaching safepoint: 144500 ns, At safepoint: 11700 ns, Total: 156200 ns
[2020-10-06T06:50:09.036+0000][36436][safepoint    ] Safepoint "Cleanup", Time since last: 2000366600 ns, Reaching safepoint: 163000 ns, At safepoint: 12600 ns, Total: 175600 ns
[2020-10-06T06:50:11.037+0000][36436][safepoint    ] Safepoint "Cleanup", Time since last: 2000823300 ns, Reaching safepoint: 143800 ns, At safepoint: 11100 ns, Total: 154900 ns
[2020-10-06T06:50:12.037+0000][36436][safepoint    ] Safepoint "Cleanup", Time since last: 1000126000 ns, Reaching safepoint: 155800 ns, At safepoint: 13100 ns, Total: 168900 ns
[2020-10-06T06:50:13.038+0000][36436][safepoint    ] Safepoint "Cleanup", Time since last: 1000345200 ns, Reaching safepoint: 167000 ns, At safepoint: 12500 ns, Total: 179500 ns
[2020-10-06T06:50:15.038+0000][36436][safepoint    ] Safepoint "Cleanup", Time since last: 1999890700 ns, Reaching safepoint: 156500 ns, At safepoint: 12100 ns, Total: 168600 ns
[2020-10-06T06:50:16.038+0000][36436][safepoint    ] Safepoint "Cleanup", Time since last: 1000455800 ns, Reaching safepoint: 173900 ns, At safepoint: 11600 ns, Total: 185500 ns
[2020-10-06T06:50:17.039+0000][36436][safepoint    ] Safepoint "Cleanup", Time since last: 1000506200 ns, Reaching safepoint: 188500 ns, At safepoint: 12800 ns, Total: 201300 ns
[2020-10-06T06:50:18.040+0000][36436][safepoint    ] Safepoint "Cleanup", Time since last: 1000778700 ns, Reaching safepoint: 128200 ns, At safepoint: 8200 ns, Total: 136400 ns
[2020-10-06T06:50:20.040+0000][36436][safepoint    ] Safepoint "Cleanup", Time since last: 2000168600 ns, Reaching safepoint: 137000 ns, At safepoint: 11200 ns, Total: 148200 ns
[2020-10-06T06:50:21.041+0000][36436][safepoint    ] Safepoint "Cleanup", Time since last: 1000736300 ns, Reaching safepoint: 202700 ns, At safepoint: 9400 ns, Total: 212100 ns
[2020-10-06T06:50:22.042+0000][36436][safepoint    ] Safepoint "Cleanup", Time since last: 1000688800 ns, Reaching safepoint: 171800 ns, At safepoint: 8100 ns, Total: 179900 ns
[2020-10-06T06:50:23.043+0000][36436][safepoint    ] Safepoint "Cleanup", Time since last: 1000354800 ns, Reaching safepoint: 164200 ns, At safepoint: 8200 ns, Total: 172400 ns
[2020-10-06T06:50:24.043+0000][36436][safepoint    ] Safepoint "Cleanup", Time since last: 1000411600 ns, Reaching safepoint: 171200 ns, At safepoint: 9100 ns, Total: 180300 ns
[2020-10-06T06:50:25.044+0000][36436][safepoint    ] Safepoint "Cleanup", Time since last: 1000335700 ns, Reaching safepoint: 140300 ns, At safepoint: 9300 ns, Total: 149600 ns
[2020-10-06T06:50:26.044+0000][36436][safepoint    ] Safepoint "Cleanup", Time since last: 1000141700 ns, Reaching safepoint: 163300 ns, At safepoint: 12100 ns, Total: 175400 ns
[2020-10-06T06:50:27.044+0000][36436][safepoint    ] Safepoint "Cleanup", Time since last: 1000236400 ns, Reaching safepoint: 129300 ns, At safepoint: 7600 ns, Total: 136900 ns
[2020-10-06T06:50:28.044+0000][36436][safepoint    ] Safepoint "Cleanup", Time since last: 1000040500 ns, Reaching safepoint: 120900 ns, At safepoint: 2900 ns, Total: 123800 ns
[2020-10-06T06:50:29.045+0000][36436][safepoint    ] Safepoint "Cleanup", Time since last: 1000494100 ns, Reaching safepoint: 101100 ns, At safepoint: 6800 ns, Total: 107900 ns
[2020-10-06T06:50:30.046+0000][36436][safepoint    ] Safepoint "Cleanup", Time since last: 1000643600 ns, Reaching safepoint: 123400 ns, At safepoint: 9700 ns, Total: 133100 ns
[2020-10-06T06:50:31.046+0000][36436][safepoint    ] Safepoint "Cleanup", Time since last: 1000222500 ns, Reaching safepoint: 111200 ns, At safepoint: 5600 ns, Total: 116800 ns
[2020-10-06T06:50:33.047+0000][36436][safepoint    ] Safepoint "Cleanup", Time since last: 2000402000 ns, Reaching safepoint: 109900 ns, At safepoint: 3100 ns, Total: 113000 ns
[2020-10-06T06:50:34.048+0000][36436][safepoint    ] Safepoint "Cleanup", Time since last: 1000775400 ns, Reaching safepoint: 138700 ns, At safepoint: 8900 ns, Total: 147600 ns
[2020-10-06T06:50:36.049+0000][36436][safepoint    ] Safepoint "Cleanup", Time since last: 2000808200 ns, Reaching safepoint: 104900 ns, At safepoint: 6100 ns, Total: 111000 ns
[2020-10-06T06:50:37.049+0000][36436][safepoint    ] Safepoint "Cleanup", Time since last: 1000433200 ns, Reaching safepoint: 109400 ns, At safepoint: 6700 ns, Total: 116100 ns
[2020-10-06T06:50:38.050+0000][36436][safepoint    ] Safepoint "Cleanup", Time since last: 1000570500 ns, Reaching safepoint: 120100 ns, At safepoint: 3000 ns, Total: 123100 ns
[2020-10-06T06:50:39.050+0000][36436][safepoint    ] Safepoint "Cleanup", Time since last: 1000075200 ns, Reaching safepoint: 117400 ns, At safepoint: 6600 ns, Total: 124000 ns
[2020-10-06T06:50:40.050+0000][36436][safepoint    ] Safepoint "Cleanup", Time since last: 1000324300 ns, Reaching safepoint: 106800 ns, At safepoint: 5700 ns, Total: 112500 ns
[2020-10-06T06:50:41.051+0000][36436][safepoint    ] Safepoint "Cleanup", Time since last: 1000747100 ns, Reaching safepoint: 128000 ns, At safepoint: 6500 ns, Total: 134500 ns
[2020-10-06T06:50:42.052+0000][36436][safepoint    ] Safepoint "Cleanup", Time since last: 1000429100 ns, Reaching safepoint: 123200 ns, At safepoint: 20500 ns, Total: 143700 ns
[2020-10-06T06:50:44.052+0000][36436][safepoint    ] Safepoint "Cleanup", Time since last: 2000542200 ns, Reaching safepoint: 167200 ns, At safepoint: 6100 ns, Total: 173300 ns
[2020-10-06T06:50:45.053+0000][36436][safepoint    ] Safepoint "Cleanup", Time since last: 1000798900 ns, Reaching safepoint: 145000 ns, At safepoint: 5600 ns, Total: 150600 ns
[2020-10-06T06:50:46.054+0000][36436][safepoint    ] Safepoint "Cleanup", Time since last: 1000154800 ns, Reaching safepoint: 137300 ns, At safepoint: 21700 ns, Total: 159000 ns
[2020-10-06T06:50:47.055+0000][36436][safepoint    ] Safepoint "Cleanup", Time since last: 1000837900 ns, Reaching safepoint: 112300 ns, At safepoint: 5400 ns, Total: 117700 ns
[2020-10-06T06:50:48.056+0000][36436][safepoint    ] Safepoint "Cleanup", Time since last: 1000890500 ns, Reaching safepoint: 99900 ns, At safepoint: 5500 ns, Total: 105400 ns
[2020-10-06T06:50:49.057+0000][36436][safepoint    ] Safepoint "Cleanup", Time since last: 1000670000 ns, Reaching safepoint: 94800 ns, At safepoint: 3700 ns, Total: 98500 ns
[2020-10-06T06:50:50.057+0000][36436][safepoint    ] Safepoint "Cleanup", Time since last: 1000499300 ns, Reaching safepoint: 96100 ns, At safepoint: 3500 ns, Total: 99600 ns
[2020-10-06T06:50:51.058+0000][36436][safepoint    ] Safepoint "Cleanup", Time since last: 1000493000 ns, Reaching safepoint: 142100 ns, At safepoint: 5900 ns, Total: 148000 ns
[2020-10-06T06:50:52.058+0000][36436][safepoint    ] Safepoint "Cleanup", Time since last: 1000088300 ns, Reaching safepoint: 101800 ns, At safepoint: 6100 ns, Total: 107900 ns
[2020-10-06T06:50:53.058+0000][36436][safepoint    ] Safepoint "Cleanup", Time since last: 1000332000 ns, Reaching safepoint: 108000 ns, At safepoint: 5500 ns, Total: 113500 ns
[2020-10-06T06:50:54.059+0000][36436][safepoint    ] Safepoint "Cleanup", Time since last: 1000365500 ns, Reaching safepoint: 118200 ns, At safepoint: 11400 ns, Total: 129600 ns
[2020-10-06T06:50:56.060+0000][36436][safepoint    ] Safepoint "Cleanup", Time since last: 2000933700 ns, Reaching safepoint: 181900 ns, At safepoint: 7400 ns, Total: 189300 ns
[2020-10-06T06:50:57.060+0000][36436][safepoint    ] Safepoint "Cleanup", Time since last: 1000261400 ns, Reaching safepoint: 144700 ns, At safepoint: 5200 ns, Total: 149900 ns
[2020-10-06T06:50:59.061+0000][36436][safepoint    ] Safepoint "Cleanup", Time since last: 2000097400 ns, Reaching safepoint: 130200 ns, At safepoint: 21200 ns, Total: 151400 ns
[2020-10-06T06:51:00.061+0000][36436][safepoint    ] Safepoint "Cleanup", Time since last: 1000673600 ns, Reaching safepoint: 110000 ns, At safepoint: 5500 ns, Total: 115500 ns
[2020-10-06T06:51:01.062+0000][36436][safepoint    ] Safepoint "Cleanup", Time since last: 1000799600 ns, Reaching safepoint: 105500 ns, At safepoint: 6000 ns, Total: 111500 ns
[2020-10-06T06:51:02.063+0000][36436][safepoint    ] Safepoint "Cleanup", Time since last: 1000312400 ns, Reaching safepoint: 165900 ns, At safepoint: 4900 ns, Total: 170800 ns
[2020-10-06T06:51:04.063+0000][36436][safepoint    ] Safepoint "Cleanup", Time since last: 2000164700 ns, Reaching safepoint: 108600 ns, At safepoint: 2900 ns, Total: 111500 ns
[2020-10-06T06:51:05.064+0000][36436][safepoint    ] Safepoint "Cleanup", Time since last: 1000626100 ns, Reaching safepoint: 148500 ns, At safepoint: 5300 ns, Total: 153800 ns
[2020-10-06T06:51:06.064+0000][36436][safepoint    ] Safepoint "Cleanup", Time since last: 1000332400 ns, Reaching safepoint: 138900 ns, At safepoint: 22200 ns, Total: 161100 ns
[2020-10-06T06:51:08.065+0000][36436][safepoint    ] Safepoint "Cleanup", Time since last: 2000773900 ns, Reaching safepoint: 141500 ns, At safepoint: 23800 ns, Total: 165300 ns
[2020-10-06T06:51:09.066+0000][36436][safepoint    ] Safepoint "Cleanup", Time since last: 1000399700 ns, Reaching safepoint: 130500 ns, At safepoint: 6300 ns, Total: 136800 ns
[2020-10-06T06:51:11.067+0000][36436][safepoint    ] Safepoint "Cleanup", Time since last: 2000869200 ns, Reaching safepoint: 119700 ns, At safepoint: 6600 ns, Total: 126300 ns
[2020-10-06T06:51:12.067+0000][36436][safepoint    ] Safepoint "Cleanup", Time since last: 1000421300 ns, Reaching safepoint: 130400 ns, At safepoint: 6400 ns, Total: 136800 ns
[2020-10-06T06:51:13.068+0000][36436][safepoint    ] Safepoint "Cleanup", Time since last: 1000712000 ns, Reaching safepoint: 189400 ns, At safepoint: 9900 ns, Total: 199300 ns
[2020-10-06T06:51:14.069+0000][36436][safepoint    ] Safepoint "Cleanup", Time since last: 1000158700 ns, Reaching safepoint: 200000 ns, At safepoint: 6100 ns, Total: 206100 ns
[2020-10-06T06:51:16.069+0000][36436][safepoint    ] Safepoint "Cleanup", Time since last: 2000717300 ns, Reaching safepoint: 155500 ns, At safepoint: 21900 ns, Total: 177400 ns
[2020-10-06T06:51:17.070+0000][36436][safepoint    ] Safepoint "Cleanup", Time since last: 1000399500 ns, Reaching safepoint: 150300 ns, At safepoint: 20900 ns, Total: 171200 ns
[2020-10-06T06:51:18.071+0000][36436][safepoint    ] Safepoint "Cleanup", Time since last: 1000387800 ns, Reaching safepoint: 126800 ns, At safepoint: 8900 ns, Total: 135700 ns
[2020-10-06T06:51:19.071+0000][36436][safepoint    ] Safepoint "Cleanup", Time since last: 1000404000 ns, Reaching safepoint: 154200 ns, At safepoint: 8600 ns, Total: 162800 ns
[2020-10-06T06:51:20.072+0000][36436][safepoint    ] Safepoint "Cleanup", Time since last: 1000396400 ns, Reaching safepoint: 130200 ns, At safepoint: 6800 ns, Total: 137000 ns
[2020-10-06T06:51:22.072+0000][36436][safepoint    ] Safepoint "Cleanup", Time since last: 2000384000 ns, Reaching safepoint: 178700 ns, At safepoint: 11900 ns, Total: 190600 ns
[2020-10-06T06:51:23.073+0000][36436][safepoint    ] Safepoint "Cleanup", Time since last: 1000713900 ns, Reaching safepoint: 180800 ns, At safepoint: 10900 ns, Total: 191700 ns
[2020-10-06T06:51:24.074+0000][36436][safepoint    ] Safepoint "Cleanup", Time since last: 1000340000 ns, Reaching safepoint: 131700 ns, At safepoint: 9100 ns, Total: 140800 ns
[2020-10-06T06:51:25.074+0000][36436][safepoint    ] Safepoint "Cleanup", Time since last: 1000681100 ns, Reaching safepoint: 170700 ns, At safepoint: 20400 ns, Total: 191100 ns
[2020-10-06T06:51:26.075+0000][36436][safepoint    ] Safepoint "Cleanup", Time since last: 1000046400 ns, Reaching safepoint: 110100 ns, At safepoint: 5400 ns, Total: 115500 ns
[2020-10-06T06:51:27.076+0000][36436][safepoint    ] Safepoint "Cleanup", Time since last: 1000753400 ns, Reaching safepoint: 108500 ns, At safepoint: 5600 ns, Total: 114100 ns
[2020-10-06T06:51:28.076+0000][36436][safepoint    ] Safepoint "Cleanup", Time since last: 1000492800 ns, Reaching safepoint: 133800 ns, At safepoint: 5600 ns, Total: 139400 ns
[2020-10-06T06:51:29.077+0000][36436][safepoint    ] Safepoint "Cleanup", Time since last: 1000259700 ns, Reaching safepoint: 122100 ns, At safepoint: 10200 ns, Total: 132300 ns
[2020-10-06T06:51:30.077+0000][36436][safepoint    ] Safepoint "Cleanup", Time since last: 1000243000 ns, Reaching safepoint: 110400 ns, At safepoint: 7000 ns, Total: 117400 ns
[2020-10-06T06:51:32.077+0000][36436][safepoint    ] Safepoint "Cleanup", Time since last: 2000414700 ns, Reaching safepoint: 131100 ns, At safepoint: 6800 ns, Total: 137900 ns
[2020-10-06T06:51:34.078+0000][36436][safepoint    ] Safepoint "Cleanup", Time since last: 2000429000 ns, Reaching safepoint: 129800 ns, At safepoint: 7900 ns, Total: 137700 ns
[2020-10-06T06:51:35.078+0000][36436][safepoint    ] Safepoint "Cleanup", Time since last: 1000297000 ns, Reaching safepoint: 149300 ns, At safepoint: 9200 ns, Total: 158500 ns
[2020-10-06T06:51:36.079+0000][36436][safepoint    ] Safepoint "Cleanup", Time since last: 1000303700 ns, Reaching safepoint: 127200 ns, At safepoint: 7700 ns, Total: 134900 ns
[2020-10-06T06:51:37.079+0000][36436][safepoint    ] Safepoint "Cleanup", Time since last: 1000311800 ns, Reaching safepoint: 165900 ns, At safepoint: 8700 ns, Total: 174600 ns
[2020-10-06T06:51:38.080+0000][36436][safepoint    ] Safepoint "Cleanup", Time since last: 1000680800 ns, Reaching safepoint: 134800 ns, At safepoint: 18200 ns, Total: 153000 ns
[2020-10-06T06:51:39.081+0000][36436][safepoint    ] Safepoint "Cleanup", Time since last: 1000817500 ns, Reaching safepoint: 151400 ns, At safepoint: 21400 ns, Total: 172800 ns
[2020-10-06T06:51:40.081+0000][36436][safepoint    ] Safepoint "Cleanup", Time since last: 1000068600 ns, Reaching safepoint: 107300 ns, At safepoint: 5700 ns, Total: 113000 ns
[2020-10-06T06:51:41.082+0000][36436][safepoint    ] Safepoint "Cleanup", Time since last: 1000302100 ns, Reaching safepoint: 113600 ns, At safepoint: 5900 ns, Total: 119500 ns
[2020-10-06T06:51:42.082+0000][36436][safepoint    ] Safepoint "Cleanup", Time since last: 1000217300 ns, Reaching safepoint: 103700 ns, At safepoint: 2400 ns, Total: 106100 ns
[2020-10-06T06:51:43.944+0000][36436][safepoint    ] Safepoint "Cleanup", Time since last: 1861683700 ns, Reaching safepoint: 123300 ns, At safepoint: 5500 ns, Total: 128800 ns
[2020-10-06T06:51:44.944+0000][36436][safepoint    ] Safepoint "Cleanup", Time since last: 1000074900 ns, Reaching safepoint: 108700 ns, At safepoint: 3500 ns, Total: 112200 ns
[2020-10-06T06:51:45.945+0000][36436][safepoint    ] Safepoint "Cleanup", Time since last: 1000490600 ns, Reaching safepoint: 116000 ns, At safepoint: 12000 ns, Total: 128000 ns
[2020-10-06T06:51:46.945+0000][36436][safepoint    ] Safepoint "Cleanup", Time since last: 1000607400 ns, Reaching safepoint: 147900 ns, At safepoint: 21100 ns, Total: 169000 ns
[2020-10-06T06:51:48.946+0000][36436][safepoint    ] Safepoint "Cleanup", Time since last: 2000771600 ns, Reaching safepoint: 131100 ns, At safepoint: 5200 ns, Total: 136300 ns
[2020-10-06T06:51:49.947+0000][36436][safepoint    ] Safepoint "Cleanup", Time since last: 1000295900 ns, Reaching safepoint: 139500 ns, At safepoint: 5900 ns, Total: 145400 ns
[2020-10-06T06:51:50.948+0000][36436][safepoint    ] Safepoint "Cleanup", Time since last: 1000578500 ns, Reaching safepoint: 117300 ns, At safepoint: 5900 ns, Total: 123200 ns
[2020-10-06T06:51:51.948+0000][36436][safepoint    ] Safepoint "Cleanup", Time since last: 1000743300 ns, Reaching safepoint: 163800 ns, At safepoint: 6100 ns, Total: 169900 ns
[2020-10-06T06:51:52.949+0000][36436][safepoint    ] Safepoint "Cleanup", Time since last: 1000052500 ns, Reaching safepoint: 186400 ns, At safepoint: 7300 ns, Total: 193700 ns
[2020-10-06T06:51:54.949+0000][36436][safepoint    ] Safepoint "Cleanup", Time since last: 2000673100 ns, Reaching safepoint: 114500 ns, At safepoint: 7200 ns, Total: 121700 ns
[2020-10-06T06:51:55.950+0000][36436][safepoint    ] Safepoint "Cleanup", Time since last: 1000332000 ns, Reaching safepoint: 198400 ns, At safepoint: 8300 ns, Total: 206700 ns
[2020-10-06T06:51:57.951+0000][36436][safepoint    ] Safepoint "Cleanup", Time since last: 2000618700 ns, Reaching safepoint: 127900 ns, At safepoint: 5800 ns, Total: 133700 ns
[2020-10-06T06:51:58.951+0000][36436][safepoint    ] Safepoint "Cleanup", Time since last: 1000660400 ns, Reaching safepoint: 160700 ns, At safepoint: 7400 ns, Total: 168100 ns
[2020-10-06T06:51:59.952+0000][36436][safepoint    ] Safepoint "Cleanup", Time since last: 1000044700 ns, Reaching safepoint: 118300 ns, At safepoint: 6200 ns, Total: 124500 ns
[2020-10-06T06:52:00.952+0000][36436][safepoint    ] Safepoint "Cleanup", Time since last: 1000296600 ns, Reaching safepoint: 115900 ns, At safepoint: 5600 ns, Total: 121500 ns
[2020-10-06T06:52:02.953+0000][36436][safepoint    ] Safepoint "Cleanup", Time since last: 2000725000 ns, Reaching safepoint: 128100 ns, At safepoint: 6500 ns, Total: 134600 ns
[2020-10-06T06:52:04.954+0000][36436][safepoint    ] Safepoint "Cleanup", Time since last: 2000622200 ns, Reaching safepoint: 108900 ns, At safepoint: 3700 ns, Total: 112600 ns
[2020-10-06T06:52:05.954+0000][36436][safepoint    ] Safepoint "Cleanup", Time since last: 1000002200 ns, Reaching safepoint: 160400 ns, At safepoint: 6200 ns, Total: 166600 ns
[2020-10-06T06:52:06.954+0000][36436][safepoint    ] Safepoint "Cleanup", Time since last: 1000283100 ns, Reaching safepoint: 142300 ns, At safepoint: 21000 ns, Total: 163300 ns
[2020-10-06T06:52:07.955+0000][36436][safepoint    ] Safepoint "Cleanup", Time since last: 1000498100 ns, Reaching safepoint: 115500 ns, At safepoint: 5800 ns, Total: 121300 ns
[2020-10-06T06:52:08.956+0000][36436][safepoint    ] Safepoint "Cleanup", Time since last: 1000666500 ns, Reaching safepoint: 138400 ns, At safepoint: 6000 ns, Total: 144400 ns
[2020-10-06T06:52:09.957+0000][36436][safepoint    ] Safepoint "Cleanup", Time since last: 1000858600 ns, Reaching safepoint: 114100 ns, At safepoint: 5600 ns, Total: 119700 ns
[2020-10-06T06:52:10.957+0000][36436][safepoint    ] Safepoint "Cleanup", Time since last: 1000380100 ns, Reaching safepoint: 147100 ns, At safepoint: 7300 ns, Total: 154400 ns
[2020-10-06T06:52:11.958+0000][36436][safepoint    ] Safepoint "Cleanup", Time since last: 1000344700 ns, Reaching safepoint: 162600 ns, At safepoint: 7100 ns, Total: 169700 ns
[2020-10-06T06:52:13.958+0000][36436][safepoint    ] Safepoint "Cleanup", Time since last: 1999982000 ns, Reaching safepoint: 137200 ns, At safepoint: 5300 ns, Total: 142500 ns
[2020-10-06T06:52:14.959+0000][36436][safepoint    ] Safepoint "Cleanup", Time since last: 1000786400 ns, Reaching safepoint: 128300 ns, At safepoint: 5900 ns, Total: 134200 ns
[2020-10-06T06:52:15.959+0000][36436][safepoint    ] Safepoint "Cleanup", Time since last: 1000123800 ns, Reaching safepoint: 115400 ns, At safepoint: 6700 ns, Total: 122100 ns
[2020-10-06T06:52:16.960+0000][36436][safepoint    ] Safepoint "Cleanup", Time since last: 1000828400 ns, Reaching safepoint: 146000 ns, At safepoint: 5700 ns, Total: 151700 ns
[2020-10-06T06:52:17.961+0000][36436][safepoint    ] Safepoint "Cleanup", Time since last: 1000353900 ns, Reaching safepoint: 107300 ns, At safepoint: 2800 ns, Total: 110100 ns
[2020-10-06T06:52:18.961+0000][36436][safepoint    ] Safepoint "Cleanup", Time since last: 1000136300 ns, Reaching safepoint: 116900 ns, At safepoint: 5100 ns, Total: 122000 ns
[2020-10-06T06:52:19.961+0000][36436][safepoint    ] Safepoint "Cleanup", Time since last: 1000264200 ns, Reaching safepoint: 123100 ns, At safepoint: 6600 ns, Total: 129700 ns
[2020-10-06T06:52:20.961+0000][36436][safepoint    ] Safepoint "Cleanup", Time since last: 1000238100 ns, Reaching safepoint: 105200 ns, At safepoint: 6800 ns, Total: 112000 ns
[2020-10-06T06:52:21.962+0000][36436][safepoint    ] Safepoint "Cleanup", Time since last: 1000094100 ns, Reaching safepoint: 108000 ns, At safepoint: 6000 ns, Total: 114000 ns
[2020-10-06T06:52:22.962+0000][36436][safepoint    ] Safepoint "Cleanup", Time since last: 1000017600 ns, Reaching safepoint: 92000 ns, At safepoint: 2700 ns, Total: 94700 ns
[2020-10-06T06:52:23.962+0000][36436][safepoint    ] Safepoint "Cleanup", Time since last: 1000187900 ns, Reaching safepoint: 162200 ns, At safepoint: 5200 ns, Total: 167400 ns
[2020-10-06T06:52:25.963+0000][36436][safepoint    ] Safepoint "Cleanup", Time since last: 2000494400 ns, Reaching safepoint: 124800 ns, At safepoint: 5600 ns, Total: 130400 ns
[2020-10-06T06:52:26.964+0000][36436][safepoint    ] Safepoint "Cleanup", Time since last: 1000719400 ns, Reaching safepoint: 111300 ns, At safepoint: 3200 ns, Total: 114500 ns
[2020-10-06T06:52:27.964+0000][36436][safepoint    ] Safepoint "Cleanup", Time since last: 1000310900 ns, Reaching safepoint: 97900 ns, At safepoint: 2500 ns, Total: 100400 ns
[2020-10-06T06:52:28.964+0000][36436][safepoint    ] Safepoint "Cleanup", Time since last: 1000179500 ns, Reaching safepoint: 131500 ns, At safepoint: 6100 ns, Total: 137600 ns
[2020-10-06T06:52:29.965+0000][36436][safepoint    ] Safepoint "Cleanup", Time since last: 1000633800 ns, Reaching safepoint: 172600 ns, At safepoint: 11800 ns, Total: 184400 ns
[2020-10-06T06:52:30.966+0000][36436][safepoint    ] Safepoint "Cleanup", Time since last: 1000277400 ns, Reaching safepoint: 111800 ns, At safepoint: 50600 ns, Total: 162400 ns
[2020-10-06T06:52:31.966+0000][36436][safepoint    ] Safepoint "Cleanup", Time since last: 1000488300 ns, Reaching safepoint: 117700 ns, At safepoint: 7100 ns, Total: 124800 ns
[2020-10-06T06:52:32.967+0000][36436][safepoint    ] Safepoint "Cleanup", Time since last: 1000821400 ns, Reaching safepoint: 107200 ns, At safepoint: 6300 ns, Total: 113500 ns
[2020-10-06T06:52:33.967+0000][36436][safepoint    ] Safepoint "Cleanup", Time since last: 1000081400 ns, Reaching safepoint: 112500 ns, At safepoint: 5800 ns, Total: 118300 ns
[2020-10-06T06:52:35.968+0000][36436][safepoint    ] Safepoint "Cleanup", Time since last: 2000378100 ns, Reaching safepoint: 192400 ns, At safepoint: 5200 ns, Total: 197600 ns
[2020-10-06T06:52:36.968+0000][36436][safepoint    ] Safepoint "Cleanup", Time since last: 1000321800 ns, Reaching safepoint: 138900 ns, At safepoint: 9400 ns, Total: 148300 ns
[2020-10-06T06:52:37.969+0000][36436][safepoint    ] Safepoint "Cleanup", Time since last: 1000085700 ns, Reaching safepoint: 113900 ns, At safepoint: 6200 ns, Total: 120100 ns
[2020-10-06T06:52:39.969+0000][36436][safepoint    ] Safepoint "Cleanup", Time since last: 2000386500 ns, Reaching safepoint: 178700 ns, At safepoint: 9300 ns, Total: 188000 ns
[2020-10-06T06:52:40.969+0000][36436][safepoint    ] Safepoint "Cleanup", Time since last: 1000044300 ns, Reaching safepoint: 102200 ns, At safepoint: 2900 ns, Total: 105100 ns
[2020-10-06T06:52:41.970+0000][36436][safepoint    ] Safepoint "Cleanup", Time since last: 1000705000 ns, Reaching safepoint: 147100 ns, At safepoint: 5300 ns, Total: 152400 ns
[2020-10-06T06:52:42.970+0000][36436][safepoint    ] Safepoint "Cleanup", Time since last: 1000066200 ns, Reaching safepoint: 137300 ns, At safepoint: 5700 ns, Total: 143000 ns
[2020-10-06T06:52:43.971+0000][36436][safepoint    ] Safepoint "Cleanup", Time since last: 1000295300 ns, Reaching safepoint: 149400 ns, At safepoint: 5100 ns, Total: 154500 ns
[2020-10-06T06:52:45.971+0000][36436][safepoint    ] Safepoint "Cleanup", Time since last: 2000114300 ns, Reaching safepoint: 129400 ns, At safepoint: 6800 ns, Total: 136200 ns
[2020-10-06T06:52:47.971+0000][36436][safepoint    ] Safepoint "Cleanup", Time since last: 2000155900 ns, Reaching safepoint: 143700 ns, At safepoint: 7700 ns, Total: 151400 ns
[2020-10-06T06:52:48.972+0000][36436][safepoint    ] Safepoint "Cleanup", Time since last: 1000492500 ns, Reaching safepoint: 207800 ns, At safepoint: 5800 ns, Total: 213600 ns
[2020-10-06T06:52:49.973+0000][36436][safepoint    ] Safepoint "Cleanup", Time since last: 1000699900 ns, Reaching safepoint: 108700 ns, At safepoint: 7100 ns, Total: 115800 ns
[2020-10-06T06:52:50.973+0000][36436][safepoint    ] Safepoint "Cleanup", Time since last: 1000267400 ns, Reaching safepoint: 113800 ns, At safepoint: 7700 ns, Total: 121500 ns
[2020-10-06T06:52:51.974+0000][36436][safepoint    ] Safepoint "Cleanup", Time since last: 1000815100 ns, Reaching safepoint: 104000 ns, At safepoint: 5700 ns, Total: 109700 ns
[2020-10-06T06:52:52.975+0000][36436][safepoint    ] Safepoint "Cleanup", Time since last: 1000411700 ns, Reaching safepoint: 103700 ns, At safepoint: 5500 ns, Total: 109200 ns
[2020-10-06T06:52:53.976+0000][36436][safepoint    ] Safepoint "Cleanup", Time since last: 1000768500 ns, Reaching safepoint: 129000 ns, At safepoint: 5400 ns, Total: 134400 ns
[2020-10-06T06:52:55.976+0000][36436][safepoint    ] Safepoint "Cleanup", Time since last: 2000289100 ns, Reaching safepoint: 111400 ns, At safepoint: 5800 ns, Total: 117200 ns
[2020-10-06T06:52:56.977+0000][36436][safepoint    ] Safepoint "Cleanup", Time since last: 1000824100 ns, Reaching safepoint: 118900 ns, At safepoint: 5800 ns, Total: 124700 ns
[2020-10-06T06:52:57.977+0000][36436][safepoint    ] Safepoint "Cleanup", Time since last: 1000158500 ns, Reaching safepoint: 123900 ns, At safepoint: 4500 ns, Total: 128400 ns
[2020-10-06T06:52:59.978+0000][36436][safepoint    ] Safepoint "Cleanup", Time since last: 2000584200 ns, Reaching safepoint: 162600 ns, At safepoint: 9300 ns, Total: 171900 ns
[2020-10-06T06:53:00.978+0000][36436][safepoint    ] Safepoint "Cleanup", Time since last: 1000016300 ns, Reaching safepoint: 178500 ns, At safepoint: 8600 ns, Total: 187100 ns
[2020-10-06T06:53:01.979+0000][36436][safepoint    ] Safepoint "Cleanup", Time since last: 1000308300 ns, Reaching safepoint: 153000 ns, At safepoint: 24300 ns, Total: 177300 ns
[2020-10-06T06:53:02.979+0000][36436][safepoint    ] Safepoint "Cleanup", Time since last: 1000310800 ns, Reaching safepoint: 171700 ns, At safepoint: 15600 ns, Total: 187300 ns
[2020-10-06T06:53:04.980+0000][36436][safepoint    ] Safepoint "Cleanup", Time since last: 2000313900 ns, Reaching safepoint: 129800 ns, At safepoint: 8100 ns, Total: 137900 ns
[2020-10-06T06:53:05.980+0000][36436][safepoint    ] Safepoint "Cleanup", Time since last: 1000226800 ns, Reaching safepoint: 121600 ns, At safepoint: 5900 ns, Total: 127500 ns
[2020-10-06T06:53:07.981+0000][36436][safepoint    ] Safepoint "Cleanup", Time since last: 2000820700 ns, Reaching safepoint: 131500 ns, At safepoint: 5500 ns, Total: 137000 ns
[2020-10-06T06:53:08.982+0000][36436][safepoint    ] Safepoint "Cleanup", Time since last: 1000756000 ns, Reaching safepoint: 134300 ns, At safepoint: 6300 ns, Total: 140600 ns
[2020-10-06T06:53:09.982+0000][36436][safepoint    ] Safepoint "Cleanup", Time since last: 1000122500 ns, Reaching safepoint: 120200 ns, At safepoint: 9100 ns, Total: 129300 ns
[2020-10-06T06:53:11.982+0000][36436][safepoint    ] Safepoint "Cleanup", Time since last: 2000125600 ns, Reaching safepoint: 173100 ns, At safepoint: 14100 ns, Total: 187200 ns
[2020-10-06T06:53:12.983+0000][36436][safepoint    ] Safepoint "Cleanup", Time since last: 1000262300 ns, Reaching safepoint: 149100 ns, At safepoint: 11400 ns, Total: 160500 ns
[2020-10-06T06:53:13.983+0000][36436][safepoint    ] Safepoint "Cleanup", Time since last: 1000204700 ns, Reaching safepoint: 157100 ns, At safepoint: 11000 ns, Total: 168100 ns
[2020-10-06T06:53:14.984+0000][36436][safepoint    ] Safepoint "Cleanup", Time since last: 1000751900 ns, Reaching safepoint: 166600 ns, At safepoint: 11800 ns, Total: 178400 ns
[2020-10-06T06:53:15.985+0000][36436][safepoint    ] Safepoint "Cleanup", Time since last: 1000652900 ns, Reaching safepoint: 147900 ns, At safepoint: 11200 ns, Total: 159100 ns
[2020-10-06T06:53:16.986+0000][36436][safepoint    ] Safepoint "Cleanup", Time since last: 1000701800 ns, Reaching safepoint: 116400 ns, At safepoint: 6200 ns, Total: 122600 ns
[2020-10-06T06:53:17.986+0000][36436][safepoint    ] Safepoint "Cleanup", Time since last: 1000526200 ns, Reaching safepoint: 111000 ns, At safepoint: 6000 ns, Total: 117000 ns
[2020-10-06T06:53:18.987+0000][36436][safepoint    ] Safepoint "Cleanup", Time since last: 1000080400 ns, Reaching safepoint: 92700 ns, At safepoint: 3700 ns, Total: 96400 ns
[2020-10-06T06:53:20.989+0000][36436][safepoint    ] Safepoint "Cleanup", Time since last: 2000370200 ns, Reaching safepoint: 2023100 ns, At safepoint: 35500 ns, Total: 2058600 ns
[2020-10-06T06:53:21.990+0000][36436][safepoint    ] Safepoint "Cleanup", Time since last: 1000706600 ns, Reaching safepoint: 170600 ns, At safepoint: 4200 ns, Total: 174800 ns
[2020-10-06T06:53:22.991+0000][36436][safepoint    ] Safepoint "Cleanup", Time since last: 1000562200 ns, Reaching safepoint: 166700 ns, At safepoint: 4900 ns, Total: 171600 ns
[2020-10-06T06:53:23.991+0000][36436][safepoint    ] Safepoint "Cleanup", Time since last: 1000309600 ns, Reaching safepoint: 232300 ns, At safepoint: 27100 ns, Total: 259400 ns
[2020-10-06T06:53:24.992+0000][36436][safepoint    ] Safepoint "Cleanup", Time since last: 1000540900 ns, Reaching safepoint: 197700 ns, At safepoint: 9600 ns, Total: 207300 ns
[2020-10-06T06:53:26.992+0000][36436][safepoint    ] Safepoint "Cleanup", Time since last: 2000057800 ns, Reaching safepoint: 168400 ns, At safepoint: 9700 ns, Total: 178100 ns
[2020-10-06T06:53:27.993+0000][36436][safepoint    ] Safepoint "Cleanup", Time since last: 1000527500 ns, Reaching safepoint: 123200 ns, At safepoint: 3500 ns, Total: 126700 ns
[2020-10-06T06:53:28.993+0000][36436][safepoint    ] Safepoint "Cleanup", Time since last: 1000338800 ns, Reaching safepoint: 136900 ns, At safepoint: 22100 ns, Total: 159000 ns
[2020-10-06T06:53:30.993+0000][36436][safepoint    ] Safepoint "Cleanup", Time since last: 1999974400 ns, Reaching safepoint: 105600 ns, At safepoint: 5800 ns, Total: 111400 ns
[2020-10-06T06:53:31.994+0000][36436][safepoint    ] Safepoint "Cleanup", Time since last: 1000421600 ns, Reaching safepoint: 120500 ns, At safepoint: 5500 ns, Total: 126000 ns
[2020-10-06T06:53:32.994+0000][36436][safepoint    ] Safepoint "Cleanup", Time since last: 1000338700 ns, Reaching safepoint: 120300 ns, At safepoint: 2900 ns, Total: 123200 ns
[2020-10-06T06:53:33.995+0000][36436][safepoint    ] Safepoint "Cleanup", Time since last: 1000638400 ns, Reaching safepoint: 130000 ns, At safepoint: 6700 ns, Total: 136700 ns
[2020-10-06T06:53:34.996+0000][36436][safepoint    ] Safepoint "Cleanup", Time since last: 1000422300 ns, Reaching safepoint: 138300 ns, At safepoint: 5100 ns, Total: 143400 ns
[2020-10-06T06:53:35.997+0000][36436][safepoint    ] Safepoint "Cleanup", Time since last: 1000753000 ns, Reaching safepoint: 140500 ns, At safepoint: 6600 ns, Total: 147100 ns
[2020-10-06T06:53:36.997+0000][36436][safepoint    ] Safepoint "Cleanup", Time since last: 1000722900 ns, Reaching safepoint: 133200 ns, At safepoint: 6600 ns, Total: 139800 ns
[2020-10-06T06:53:37.998+0000][36436][safepoint    ] Safepoint "Cleanup", Time since last: 1000704400 ns, Reaching safepoint: 155200 ns, At safepoint: 18000 ns, Total: 173200 ns
[2020-10-06T06:53:39.999+0000][36436][safepoint    ] Safepoint "Cleanup", Time since last: 2000285000 ns, Reaching safepoint: 172900 ns, At safepoint: 8600 ns, Total: 181500 ns
[2020-10-06T06:53:42.000+0000][36436][safepoint    ] Safepoint "Cleanup", Time since last: 2000783800 ns, Reaching safepoint: 155000 ns, At safepoint: 13500 ns, Total: 168500 ns
[2020-10-06T06:53:43.000+0000][36436][safepoint    ] Safepoint "Cleanup", Time since last: 1000332300 ns, Reaching safepoint: 132600 ns, At safepoint: 5600 ns, Total: 138200 ns
[2020-10-06T06:53:44.001+0000][36436][safepoint    ] Safepoint "Cleanup", Time since last: 1000707700 ns, Reaching safepoint: 107400 ns, At safepoint: 6000 ns, Total: 113400 ns
[2020-10-06T06:53:45.001+0000][36436][safepoint    ] Safepoint "Cleanup", Time since last: 1000155300 ns, Reaching safepoint: 133900 ns, At safepoint: 17700 ns, Total: 151600 ns
[2020-10-06T06:53:46.002+0000][36436][safepoint    ] Safepoint "Cleanup", Time since last: 1000415800 ns, Reaching safepoint: 141200 ns, At safepoint: 6500 ns, Total: 147700 ns
[2020-10-06T06:53:47.003+0000][36436][safepoint    ] Safepoint "Cleanup", Time since last: 1000656700 ns, Reaching safepoint: 122400 ns, At safepoint: 21500 ns, Total: 143900 ns
[2020-10-06T06:53:48.003+0000][36436][safepoint    ] Safepoint "Cleanup", Time since last: 1000198400 ns, Reaching safepoint: 99200 ns, At safepoint: 18000 ns, Total: 117200 ns
[2020-10-06T06:53:49.004+0000][36436][safepoint    ] Safepoint "Cleanup", Time since last: 1000429000 ns, Reaching safepoint: 105600 ns, At safepoint: 4400 ns, Total: 110000 ns
[2020-10-06T06:53:50.004+0000][36436][safepoint    ] Safepoint "Cleanup", Time since last: 1000636300 ns, Reaching safepoint: 119200 ns, At safepoint: 5600 ns, Total: 124800 ns
[2020-10-06T06:53:51.005+0000][36436][safepoint    ] Safepoint "Cleanup", Time since last: 1000447300 ns, Reaching safepoint: 144800 ns, At safepoint: 7800 ns, Total: 152600 ns
[2020-10-06T06:53:53.005+0000][36436][safepoint    ] Safepoint "Cleanup", Time since last: 2000177500 ns, Reaching safepoint: 129600 ns, At safepoint: 8000 ns, Total: 137600 ns
[2020-10-06T06:53:55.005+0000][36436][safepoint    ] Safepoint "Cleanup", Time since last: 1999976400 ns, Reaching safepoint: 112000 ns, At safepoint: 6700 ns, Total: 118700 ns
[2020-10-06T06:53:56.006+0000][36436][safepoint    ] Safepoint "Cleanup", Time since last: 1000694200 ns, Reaching safepoint: 101000 ns, At safepoint: 3400 ns, Total: 104400 ns
[2020-10-06T06:53:58.007+0000][36436][safepoint    ] Safepoint "Cleanup", Time since last: 2000510500 ns, Reaching safepoint: 119200 ns, At safepoint: 6400 ns, Total: 125600 ns
[2020-10-06T06:53:59.007+0000][36436][safepoint    ] Safepoint "Cleanup", Time since last: 1000642800 ns, Reaching safepoint: 135900 ns, At safepoint: 5700 ns, Total: 141600 ns
[2020-10-06T06:54:01.008+0000][36436][safepoint    ] Safepoint "Cleanup", Time since last: 2000678400 ns, Reaching safepoint: 136200 ns, At safepoint: 7600 ns, Total: 143800 ns
[2020-10-06T06:54:02.009+0000][36436][safepoint    ] Safepoint "Cleanup", Time since last: 1000065500 ns, Reaching safepoint: 141600 ns, At safepoint: 7700 ns, Total: 149300 ns
[2020-10-06T06:54:03.009+0000][36436][safepoint    ] Safepoint "Cleanup", Time since last: 1000115000 ns, Reaching safepoint: 108000 ns, At safepoint: 7500 ns, Total: 115500 ns
[2020-10-06T06:54:04.009+0000][36436][safepoint    ] Safepoint "Cleanup", Time since last: 1000462000 ns, Reaching safepoint: 120300 ns, At safepoint: 7600 ns, Total: 127900 ns
[2020-10-06T06:54:05.010+0000][36436][safepoint    ] Safepoint "Cleanup", Time since last: 1000304500 ns, Reaching safepoint: 123400 ns, At safepoint: 3100 ns, Total: 126500 ns
[2020-10-06T06:54:06.010+0000][36436][safepoint    ] Safepoint "Cleanup", Time since last: 1000202800 ns, Reaching safepoint: 109700 ns, At safepoint: 22300 ns, Total: 132000 ns
[2020-10-06T06:54:07.050+0000][36436][safepoint    ] Safepoint "Cleanup", Time since last: 1039780500 ns, Reaching safepoint: 220100 ns, At safepoint: 6800 ns, Total: 226900 ns
[2020-10-06T06:54:08.050+0000][36436][safepoint    ] Safepoint "Cleanup", Time since last: 1000133600 ns, Reaching safepoint: 179600 ns, At safepoint: 4400 ns, Total: 184000 ns
[2020-10-06T06:54:09.051+0000][36436][safepoint    ] Safepoint "Cleanup", Time since last: 1000524700 ns, Reaching safepoint: 162900 ns, At safepoint: 12100 ns, Total: 175000 ns
[2020-10-06T06:54:10.052+0000][36436][safepoint    ] Safepoint "Cleanup", Time since last: 1000289600 ns, Reaching safepoint: 146000 ns, At safepoint: 5300 ns, Total: 151300 ns
[2020-10-06T06:54:11.052+0000][36436][safepoint    ] Safepoint "Cleanup", Time since last: 1000664300 ns, Reaching safepoint: 141900 ns, At safepoint: 9200 ns, Total: 151100 ns
[2020-10-06T06:54:12.053+0000][36436][safepoint    ] Safepoint "Cleanup", Time since last: 1000452700 ns, Reaching safepoint: 129800 ns, At safepoint: 9900 ns, Total: 139700 ns
[2020-10-06T06:54:13.053+0000][36436][safepoint    ] Safepoint "Cleanup", Time since last: 1000109400 ns, Reaching safepoint: 117600 ns, At safepoint: 4400 ns, Total: 122000 ns
[2020-10-06T06:54:14.054+0000][36436][safepoint    ] Safepoint "Cleanup", Time since last: 1000183300 ns, Reaching safepoint: 161600 ns, At safepoint: 12600 ns, Total: 174200 ns
[2020-10-06T06:54:15.054+0000][36436][safepoint    ] Safepoint "Cleanup", Time since last: 1000651000 ns, Reaching safepoint: 132100 ns, At safepoint: 18600 ns, Total: 150700 ns
[2020-10-06T06:54:16.055+0000][36436][safepoint    ] Safepoint "Cleanup", Time since last: 1000857100 ns, Reaching safepoint: 141800 ns, At safepoint: 7600 ns, Total: 149400 ns
[2020-10-06T06:54:17.056+0000][36436][safepoint    ] Safepoint "Cleanup", Time since last: 1000836300 ns, Reaching safepoint: 129400 ns, At safepoint: 8000 ns, Total: 137400 ns
[2020-10-06T06:54:18.057+0000][36436][safepoint    ] Safepoint "Cleanup", Time since last: 1000235600 ns, Reaching safepoint: 101500 ns, At safepoint: 3700 ns, Total: 105200 ns
[2020-10-06T06:54:19.058+0000][36436][safepoint    ] Safepoint "Cleanup", Time since last: 1000734700 ns, Reaching safepoint: 134300 ns, At safepoint: 8700 ns, Total: 143000 ns
[2020-10-06T06:54:21.058+0000][36436][safepoint    ] Safepoint "Cleanup", Time since last: 2000602300 ns, Reaching safepoint: 143800 ns, At safepoint: 8800 ns, Total: 152600 ns
[2020-10-06T06:54:22.059+0000][36436][safepoint    ] Safepoint "Cleanup", Time since last: 1000544100 ns, Reaching safepoint: 122100 ns, At safepoint: 7900 ns, Total: 130000 ns
[2020-10-06T06:54:23.060+0000][36436][safepoint    ] Safepoint "Cleanup", Time since last: 1000705200 ns, Reaching safepoint: 125900 ns, At safepoint: 8400 ns, Total: 134300 ns
[2020-10-06T06:54:24.061+0000][36436][safepoint    ] Safepoint "Cleanup", Time since last: 1000748900 ns, Reaching safepoint: 127000 ns, At safepoint: 10400 ns, Total: 137400 ns
[2020-10-06T06:54:25.061+0000][36436][safepoint    ] Safepoint "Cleanup", Time since last: 1000058800 ns, Reaching safepoint: 184600 ns, At safepoint: 6600 ns, Total: 191200 ns
[2020-10-06T06:54:26.062+0000][36436][safepoint    ] Safepoint "Cleanup", Time since last: 1000647200 ns, Reaching safepoint: 133700 ns, At safepoint: 2800 ns, Total: 136500 ns
[2020-10-06T06:54:27.062+0000][36436][safepoint    ] Safepoint "Cleanup", Time since last: 1000460500 ns, Reaching safepoint: 155800 ns, At safepoint: 20800 ns, Total: 176600 ns
[2020-10-06T06:54:28.063+0000][36436][safepoint    ] Safepoint "Cleanup", Time since last: 1000411200 ns, Reaching safepoint: 122900 ns, At safepoint: 6000 ns, Total: 128900 ns
[2020-10-06T06:54:29.064+0000][36436][safepoint    ] Safepoint "Cleanup", Time since last: 1000664000 ns, Reaching safepoint: 146000 ns, At safepoint: 6000 ns, Total: 152000 ns
[2020-10-06T06:54:30.065+0000][36436][safepoint    ] Safepoint "Cleanup", Time since last: 1000765000 ns, Reaching safepoint: 127300 ns, At safepoint: 5200 ns, Total: 132500 ns
[2020-10-06T06:54:31.065+0000][36436][safepoint    ] Safepoint "Cleanup", Time since last: 1000036000 ns, Reaching safepoint: 106800 ns, At safepoint: 5700 ns, Total: 112500 ns
[2020-10-06T06:54:32.065+0000][36436][safepoint    ] Safepoint "Cleanup", Time since last: 1000331100 ns, Reaching safepoint: 163100 ns, At safepoint: 6600 ns, Total: 169700 ns
[2020-10-06T06:54:33.066+0000][36436][safepoint    ] Safepoint "Cleanup", Time since last: 1000511800 ns, Reaching safepoint: 113200 ns, At safepoint: 5800 ns, Total: 119000 ns
[2020-10-06T06:54:34.066+0000][36436][safepoint    ] Safepoint "Cleanup", Time since last: 1000133200 ns, Reaching safepoint: 146400 ns, At safepoint: 8200 ns, Total: 154600 ns
[2020-10-06T06:54:35.067+0000][36436][safepoint    ] Safepoint "Cleanup", Time since last: 1000720400 ns, Reaching safepoint: 101500 ns, At safepoint: 14700 ns, Total: 116200 ns
[2020-10-06T06:54:36.068+0000][36436][safepoint    ] Safepoint "Cleanup", Time since last: 1000474900 ns, Reaching safepoint: 113700 ns, At safepoint: 10000 ns, Total: 123700 ns
[2020-10-06T06:54:37.068+0000][36436][safepoint    ] Safepoint "Cleanup", Time since last: 1000366600 ns, Reaching safepoint: 119300 ns, At safepoint: 5800 ns, Total: 125100 ns
[2020-10-06T06:54:39.069+0000][36436][safepoint    ] Safepoint "Cleanup", Time since last: 2000553700 ns, Reaching safepoint: 136000 ns, At safepoint: 12200 ns, Total: 148200 ns
[2020-10-06T06:54:40.069+0000][36436][safepoint    ] Safepoint "Cleanup", Time since last: 1000495700 ns, Reaching safepoint: 109300 ns, At safepoint: 4000 ns, Total: 113300 ns
[2020-10-06T06:54:41.070+0000][36436][safepoint    ] Safepoint "Cleanup", Time since last: 1000578900 ns, Reaching safepoint: 132800 ns, At safepoint: 11200 ns, Total: 144000 ns
[2020-10-06T06:54:42.071+0000][36436][safepoint    ] Safepoint "Cleanup", Time since last: 1000826900 ns, Reaching safepoint: 164300 ns, At safepoint: 11900 ns, Total: 176200 ns
[2020-10-06T06:54:43.071+0000][36436][safepoint    ] Safepoint "Cleanup", Time since last: 1000156900 ns, Reaching safepoint: 137000 ns, At safepoint: 18900 ns, Total: 155900 ns
[2020-10-06T06:54:44.072+0000][36436][safepoint    ] Safepoint "Cleanup", Time since last: 1000783700 ns, Reaching safepoint: 138800 ns, At safepoint: 8100 ns, Total: 146900 ns
[2020-10-06T06:54:45.073+0000][36436][safepoint    ] Safepoint "Cleanup", Time since last: 1000385500 ns, Reaching safepoint: 122200 ns, At safepoint: 4300 ns, Total: 126500 ns
[2020-10-06T06:54:46.074+0000][36436][safepoint    ] Safepoint "Cleanup", Time since last: 1000816000 ns, Reaching safepoint: 142700 ns, At safepoint: 9100 ns, Total: 151800 ns
[2020-10-06T06:54:47.074+0000][36436][safepoint    ] Safepoint "Cleanup", Time since last: 1000547900 ns, Reaching safepoint: 121900 ns, At safepoint: 7800 ns, Total: 129700 ns
[2020-10-06T06:54:48.075+0000][36436][safepoint    ] Safepoint "Cleanup", Time since last: 1000458600 ns, Reaching safepoint: 134100 ns, At safepoint: 9700 ns, Total: 143800 ns
[2020-10-06T06:54:49.075+0000][36436][safepoint    ] Safepoint "Cleanup", Time since last: 1000125900 ns, Reaching safepoint: 194100 ns, At safepoint: 12900 ns, Total: 207000 ns
[2020-10-06T06:54:51.076+0000][36436][safepoint    ] Safepoint "Cleanup", Time since last: 2000765700 ns, Reaching safepoint: 141200 ns, At safepoint: 9700 ns, Total: 150900 ns
[2020-10-06T06:54:52.077+0000][36436][safepoint    ] Safepoint "Cleanup", Time since last: 1000213600 ns, Reaching safepoint: 127000 ns, At safepoint: 8600 ns, Total: 135600 ns
[2020-10-06T06:54:54.077+0000][36436][safepoint    ] Safepoint "Cleanup", Time since last: 2000446600 ns, Reaching safepoint: 156400 ns, At safepoint: 6600 ns, Total: 163000 ns
[2020-10-06T06:54:55.078+0000][36436][safepoint    ] Safepoint "Cleanup", Time since last: 1000095300 ns, Reaching safepoint: 126000 ns, At safepoint: 5700 ns, Total: 131700 ns
[2020-10-06T06:54:56.078+0000][36436][safepoint    ] Safepoint "Cleanup", Time since last: 1000160600 ns, Reaching safepoint: 142400 ns, At safepoint: 5500 ns, Total: 147900 ns
[2020-10-06T06:54:57.078+0000][36436][safepoint    ] Safepoint "Cleanup", Time since last: 1000560700 ns, Reaching safepoint: 132200 ns, At safepoint: 5500 ns, Total: 137700 ns
[2020-10-06T06:54:59.079+0000][36436][safepoint    ] Safepoint "Cleanup", Time since last: 2000195200 ns, Reaching safepoint: 114500 ns, At safepoint: 5800 ns, Total: 120300 ns
[2020-10-06T06:55:00.079+0000][36436][safepoint    ] Safepoint "Cleanup", Time since last: 1000122600 ns, Reaching safepoint: 110700 ns, At safepoint: 3500 ns, Total: 114200 ns
[2020-10-06T06:55:01.079+0000][36436][safepoint    ] Safepoint "Cleanup", Time since last: 1000202700 ns, Reaching safepoint: 149600 ns, At safepoint: 6600 ns, Total: 156200 ns
[2020-10-06T06:55:02.080+0000][36436][safepoint    ] Safepoint "Cleanup", Time since last: 1000177500 ns, Reaching safepoint: 130800 ns, At safepoint: 6900 ns, Total: 137700 ns
[2020-10-06T06:55:03.080+0000][36436][safepoint    ] Safepoint "Cleanup", Time since last: 1000316000 ns, Reaching safepoint: 159600 ns, At safepoint: 9600 ns, Total: 169200 ns
[2020-10-06T06:55:04.081+0000][36436][safepoint    ] Safepoint "Cleanup", Time since last: 1000187000 ns, Reaching safepoint: 157300 ns, At safepoint: 6800 ns, Total: 164100 ns
[2020-10-06T06:55:05.082+0000][36436][safepoint    ] Safepoint "Cleanup", Time since last: 1000814800 ns, Reaching safepoint: 150400 ns, At safepoint: 5800 ns, Total: 156200 ns
[2020-10-06T06:55:07.053+0000][36436][safepoint    ] Safepoint "Cleanup", Time since last: 1971750200 ns, Reaching safepoint: 122900 ns, At safepoint: 7500 ns, Total: 130400 ns
[2020-10-06T06:55:08.054+0000][36436][safepoint    ] Safepoint "Cleanup", Time since last: 1000064300 ns, Reaching safepoint: 110500 ns, At safepoint: 7300 ns, Total: 117800 ns
[2020-10-06T06:55:09.054+0000][36436][safepoint    ] Safepoint "Cleanup", Time since last: 1000543900 ns, Reaching safepoint: 140700 ns, At safepoint: 5200 ns, Total: 145900 ns
[2020-10-06T06:55:10.055+0000][36436][safepoint    ] Safepoint "Cleanup", Time since last: 1000213600 ns, Reaching safepoint: 126200 ns, At safepoint: 6300 ns, Total: 132500 ns
[2020-10-06T06:55:11.055+0000][36436][safepoint    ] Safepoint "Cleanup", Time since last: 1000764600 ns, Reaching safepoint: 109400 ns, At safepoint: 2500 ns, Total: 111900 ns
[2020-10-06T06:55:12.056+0000][36436][safepoint    ] Safepoint "Cleanup", Time since last: 1000027400 ns, Reaching safepoint: 119400 ns, At safepoint: 20700 ns, Total: 140100 ns
[2020-10-06T06:55:13.056+0000][36436][safepoint    ] Safepoint "Cleanup", Time since last: 1000210500 ns, Reaching safepoint: 128100 ns, At safepoint: 6000 ns, Total: 134100 ns
[2020-10-06T06:55:14.056+0000][36436][safepoint    ] Safepoint "Cleanup", Time since last: 1000014800 ns, Reaching safepoint: 163600 ns, At safepoint: 5700 ns, Total: 169300 ns
[2020-10-06T06:55:15.057+0000][36436][safepoint    ] Safepoint "Cleanup", Time since last: 1000598200 ns, Reaching safepoint: 93500 ns, At safepoint: 3300 ns, Total: 96800 ns
[2020-10-06T06:55:16.057+0000][36436][safepoint    ] Safepoint "Cleanup", Time since last: 1000068000 ns, Reaching safepoint: 142800 ns, At safepoint: 21100 ns, Total: 163900 ns
[2020-10-06T06:55:17.057+0000][36436][safepoint    ] Safepoint "Cleanup", Time since last: 1000191900 ns, Reaching safepoint: 144900 ns, At safepoint: 6900 ns, Total: 151800 ns
[2020-10-06T06:55:18.058+0000][36436][safepoint    ] Safepoint "Cleanup", Time since last: 1000539600 ns, Reaching safepoint: 132500 ns, At safepoint: 25100 ns, Total: 157600 ns
[2020-10-06T06:55:20.059+0000][36436][safepoint    ] Safepoint "Cleanup", Time since last: 2000325800 ns, Reaching safepoint: 118900 ns, At safepoint: 5300 ns, Total: 124200 ns
[2020-10-06T06:55:21.059+0000][36436][safepoint    ] Safepoint "Cleanup", Time since last: 1000332700 ns, Reaching safepoint: 109300 ns, At safepoint: 3000 ns, Total: 112300 ns
[2020-10-06T06:55:22.060+0000][36436][safepoint    ] Safepoint "Cleanup", Time since last: 1000447700 ns, Reaching safepoint: 100800 ns, At safepoint: 5900 ns, Total: 106700 ns
[2020-10-06T06:55:23.060+0000][36436][safepoint    ] Safepoint "Cleanup", Time since last: 1000360600 ns, Reaching safepoint: 124000 ns, At safepoint: 6400 ns, Total: 130400 ns
[2020-10-06T06:55:24.061+0000][36436][safepoint    ] Safepoint "Cleanup", Time since last: 1000544900 ns, Reaching safepoint: 110700 ns, At safepoint: 6100 ns, Total: 116800 ns
[2020-10-06T06:55:25.061+0000][36436][safepoint    ] Safepoint "Cleanup", Time since last: 1000467100 ns, Reaching safepoint: 138200 ns, At safepoint: 21400 ns, Total: 159600 ns
[2020-10-06T06:55:26.062+0000][36436][safepoint    ] Safepoint "Cleanup", Time since last: 1000135400 ns, Reaching safepoint: 146100 ns, At safepoint: 21100 ns, Total: 167200 ns
[2020-10-06T06:55:28.062+0000][36436][safepoint    ] Safepoint "Cleanup", Time since last: 2000119800 ns, Reaching safepoint: 106100 ns, At safepoint: 6200 ns, Total: 112300 ns
[2020-10-06T06:55:29.062+0000][36436][safepoint    ] Safepoint "Cleanup", Time since last: 1000028000 ns, Reaching safepoint: 122600 ns, At safepoint: 12300 ns, Total: 134900 ns
[2020-10-06T06:55:30.063+0000][36436][safepoint    ] Safepoint "Cleanup", Time since last: 1000749300 ns, Reaching safepoint: 139500 ns, At safepoint: 10100 ns, Total: 149600 ns
[2020-10-06T06:55:32.064+0000][36436][safepoint    ] Safepoint "Cleanup", Time since last: 2000521900 ns, Reaching safepoint: 130600 ns, At safepoint: 11100 ns, Total: 141700 ns
[2020-10-06T06:55:33.064+0000][36436][safepoint    ] Safepoint "Cleanup", Time since last: 1000291500 ns, Reaching safepoint: 157300 ns, At safepoint: 10000 ns, Total: 167300 ns
[2020-10-06T06:55:34.065+0000][36436][safepoint    ] Safepoint "Cleanup", Time since last: 1000312500 ns, Reaching safepoint: 158800 ns, At safepoint: 13600 ns, Total: 172400 ns
[2020-10-06T06:55:36.065+0000][36436][safepoint    ] Safepoint "Cleanup", Time since last: 2000222100 ns, Reaching safepoint: 140000 ns, At safepoint: 19700 ns, Total: 159700 ns
[2020-10-06T06:55:37.065+0000][36436][safepoint    ] Safepoint "Cleanup", Time since last: 1000170300 ns, Reaching safepoint: 153000 ns, At safepoint: 3900 ns, Total: 156900 ns
[2020-10-06T06:55:38.066+0000][36436][safepoint    ] Safepoint "Cleanup", Time since last: 1000474100 ns, Reaching safepoint: 123500 ns, At safepoint: 12000 ns, Total: 135500 ns
[2020-10-06T06:55:39.066+0000][36436][safepoint    ] Safepoint "Cleanup", Time since last: 1000032700 ns, Reaching safepoint: 186200 ns, At safepoint: 12300 ns, Total: 198500 ns
[2020-10-06T06:55:40.066+0000][36436][safepoint    ] Safepoint "Cleanup", Time since last: 1000088900 ns, Reaching safepoint: 122100 ns, At safepoint: 8300 ns, Total: 130400 ns
[2020-10-06T06:55:41.067+0000][36436][safepoint    ] Safepoint "Cleanup", Time since last: 1000244200 ns, Reaching safepoint: 119100 ns, At safepoint: 6200 ns, Total: 125300 ns
[2020-10-06T06:55:42.067+0000][36436][safepoint    ] Safepoint "Cleanup", Time since last: 1000471300 ns, Reaching safepoint: 134000 ns, At safepoint: 7300 ns, Total: 141300 ns
[2020-10-06T06:55:44.068+0000][36436][safepoint    ] Safepoint "Cleanup", Time since last: 2000547900 ns, Reaching safepoint: 111800 ns, At safepoint: 4600 ns, Total: 116400 ns
[2020-10-06T06:55:45.069+0000][36436][safepoint    ] Safepoint "Cleanup", Time since last: 1000588800 ns, Reaching safepoint: 138000 ns, At safepoint: 9300 ns, Total: 147300 ns
[2020-10-06T06:55:46.070+0000][36436][safepoint    ] Safepoint "Cleanup", Time since last: 1000716000 ns, Reaching safepoint: 209400 ns, At safepoint: 17000 ns, Total: 226400 ns
[2020-10-06T06:55:48.070+0000][36436][safepoint    ] Safepoint "Cleanup", Time since last: 2000573100 ns, Reaching safepoint: 110100 ns, At safepoint: 4900 ns, Total: 115000 ns
[2020-10-06T06:55:49.071+0000][36436][safepoint    ] Safepoint "Cleanup", Time since last: 1000680400 ns, Reaching safepoint: 119300 ns, At safepoint: 6600 ns, Total: 125900 ns
[2020-10-06T06:55:50.072+0000][36436][safepoint    ] Safepoint "Cleanup", Time since last: 1000595900 ns, Reaching safepoint: 87900 ns, At safepoint: 3000 ns, Total: 90900 ns
[2020-10-06T06:55:52.072+0000][36436][safepoint    ] Safepoint "Cleanup", Time since last: 2000150000 ns, Reaching safepoint: 118500 ns, At safepoint: 6700 ns, Total: 125200 ns
[2020-10-06T06:55:53.073+0000][36436][safepoint    ] Safepoint "Cleanup", Time since last: 1000828800 ns, Reaching safepoint: 141900 ns, At safepoint: 5000 ns, Total: 146900 ns
[2020-10-06T06:55:54.073+0000][36436][safepoint    ] Safepoint "Cleanup", Time since last: 1000273200 ns, Reaching safepoint: 146300 ns, At safepoint: 21300 ns, Total: 167600 ns
[2020-10-06T06:55:55.074+0000][36436][safepoint    ] Safepoint "Cleanup", Time since last: 1000801900 ns, Reaching safepoint: 134400 ns, At safepoint: 20800 ns, Total: 155200 ns
[2020-10-06T06:55:56.075+0000][36436][safepoint    ] Safepoint "Cleanup", Time since last: 1000548700 ns, Reaching safepoint: 105200 ns, At safepoint: 5800 ns, Total: 111000 ns
[2020-10-06T06:55:57.076+0000][36436][safepoint    ] Safepoint "Cleanup", Time since last: 1000588100 ns, Reaching safepoint: 118700 ns, At safepoint: 7500 ns, Total: 126200 ns
[2020-10-06T06:55:58.077+0000][36436][safepoint    ] Safepoint "Cleanup", Time since last: 1000642200 ns, Reaching safepoint: 113600 ns, At safepoint: 18100 ns, Total: 131700 ns
[2020-10-06T06:55:59.747+0000][36436][safepoint    ] Safepoint "Cleanup", Time since last: 1670475600 ns, Reaching safepoint: 113000 ns, At safepoint: 5800 ns, Total: 118800 ns
[2020-10-06T06:56:00.748+0000][36436][safepoint    ] Safepoint "Cleanup", Time since last: 1000545100 ns, Reaching safepoint: 127900 ns, At safepoint: 6000 ns, Total: 133900 ns
[2020-10-06T06:56:01.748+0000][36436][safepoint    ] Safepoint "Cleanup", Time since last: 1000354100 ns, Reaching safepoint: 88100 ns, At safepoint: 3300 ns, Total: 91400 ns
[2020-10-06T06:56:02.749+0000][36436][safepoint    ] Safepoint "Cleanup", Time since last: 1000310900 ns, Reaching safepoint: 158600 ns, At safepoint: 6000 ns, Total: 164600 ns
[2020-10-06T06:56:03.750+0000][36436][safepoint    ] Safepoint "Cleanup", Time since last: 1000789200 ns, Reaching safepoint: 118500 ns, At safepoint: 52000 ns, Total: 170500 ns
[2020-10-06T06:56:04.750+0000][36436][safepoint    ] Safepoint "Cleanup", Time since last: 1000661700 ns, Reaching safepoint: 234200 ns, At safepoint: 5800 ns, Total: 240000 ns
[2020-10-06T06:56:06.752+0000][36436][safepoint    ] Safepoint "Cleanup", Time since last: 2001007500 ns, Reaching safepoint: 104700 ns, At safepoint: 6900 ns, Total: 111600 ns
[2020-10-06T06:56:07.752+0000][36436][safepoint    ] Safepoint "Cleanup", Time since last: 1000511300 ns, Reaching safepoint: 116400 ns, At safepoint: 5200 ns, Total: 121600 ns
[2020-10-06T06:56:08.753+0000][36436][safepoint    ] Safepoint "Cleanup", Time since last: 1000432100 ns, Reaching safepoint: 95000 ns, At safepoint: 6500 ns, Total: 101500 ns
[2020-10-06T06:56:09.753+0000][36436][safepoint    ] Safepoint "Cleanup", Time since last: 1000479600 ns, Reaching safepoint: 138100 ns, At safepoint: 20900 ns, Total: 159000 ns
[2020-10-06T06:56:10.754+0000][36436][safepoint    ] Safepoint "Cleanup", Time since last: 1000306600 ns, Reaching safepoint: 138300 ns, At safepoint: 6400 ns, Total: 144700 ns
[2020-10-06T06:56:11.755+0000][36436][safepoint    ] Safepoint "Cleanup", Time since last: 1000751600 ns, Reaching safepoint: 120200 ns, At safepoint: 8300 ns, Total: 128500 ns
[2020-10-06T06:56:12.755+0000][36436][safepoint    ] Safepoint "Cleanup", Time since last: 1000127000 ns, Reaching safepoint: 136300 ns, At safepoint: 3200 ns, Total: 139500 ns
[2020-10-06T06:56:13.756+0000][36436][safepoint    ] Safepoint "Cleanup", Time since last: 1000734200 ns, Reaching safepoint: 144400 ns, At safepoint: 6300 ns, Total: 150700 ns
[2020-10-06T06:56:14.757+0000][36436][safepoint    ] Safepoint "Cleanup", Time since last: 1000537600 ns, Reaching safepoint: 110400 ns, At safepoint: 6300 ns, Total: 116700 ns
[2020-10-06T06:56:16.757+0000][36436][safepoint    ] Safepoint "Cleanup", Time since last: 2000085800 ns, Reaching safepoint: 137100 ns, At safepoint: 6300 ns, Total: 143400 ns
[2020-10-06T06:56:17.758+0000][36436][safepoint    ] Safepoint "Cleanup", Time since last: 1000781300 ns, Reaching safepoint: 138700 ns, At safepoint: 7200 ns, Total: 145900 ns
[2020-10-06T06:56:18.758+0000][36436][safepoint    ] Safepoint "Cleanup", Time since last: 1000387400 ns, Reaching safepoint: 97400 ns, At safepoint: 6200 ns, Total: 103600 ns
[2020-10-06T06:56:19.759+0000][36436][safepoint    ] Safepoint "Cleanup", Time since last: 1000522100 ns, Reaching safepoint: 122800 ns, At safepoint: 2900 ns, Total: 125700 ns
[2020-10-06T06:56:20.760+0000][36436][safepoint    ] Safepoint "Cleanup", Time since last: 1000760200 ns, Reaching safepoint: 122300 ns, At safepoint: 6400 ns, Total: 128700 ns
[2020-10-06T06:56:21.760+0000][36436][safepoint    ] Safepoint "Cleanup", Time since last: 1000383300 ns, Reaching safepoint: 142000 ns, At safepoint: 31600 ns, Total: 173600 ns
[2020-10-06T06:56:22.761+0000][36436][safepoint    ] Safepoint "Cleanup", Time since last: 1000209600 ns, Reaching safepoint: 145400 ns, At safepoint: 5700 ns, Total: 151100 ns
[2020-10-06T06:56:23.761+0000][36436][safepoint    ] Safepoint "Cleanup", Time since last: 1000088600 ns, Reaching safepoint: 114800 ns, At safepoint: 6300 ns, Total: 121100 ns
[2020-10-06T06:56:24.761+0000][36436][safepoint    ] Safepoint "Cleanup", Time since last: 1000323000 ns, Reaching safepoint: 130400 ns, At safepoint: 6400 ns, Total: 136800 ns
[2020-10-06T06:56:25.762+0000][36436][safepoint    ] Safepoint "Cleanup", Time since last: 1000503700 ns, Reaching safepoint: 144200 ns, At safepoint: 4200 ns, Total: 148400 ns
[2020-10-06T06:56:26.762+0000][36436][safepoint    ] Safepoint "Cleanup", Time since last: 1000220400 ns, Reaching safepoint: 109700 ns, At safepoint: 5200 ns, Total: 114900 ns
[2020-10-06T06:56:27.763+0000][36436][safepoint    ] Safepoint "Cleanup", Time since last: 1000025100 ns, Reaching safepoint: 139700 ns, At safepoint: 5500 ns, Total: 145200 ns
[2020-10-06T06:56:28.763+0000][36436][safepoint    ] Safepoint "Cleanup", Time since last: 1000135100 ns, Reaching safepoint: 133900 ns, At safepoint: 7100 ns, Total: 141000 ns
[2020-10-06T06:56:29.764+0000][36436][safepoint    ] Safepoint "Cleanup", Time since last: 1000763800 ns, Reaching safepoint: 131000 ns, At safepoint: 6600 ns, Total: 137600 ns
[2020-10-06T06:56:30.764+0000][36436][safepoint    ] Safepoint "Cleanup", Time since last: 1000094100 ns, Reaching safepoint: 133600 ns, At safepoint: 5800 ns, Total: 139400 ns
[2020-10-06T06:56:31.764+0000][36436][safepoint    ] Safepoint "Cleanup", Time since last: 1000088800 ns, Reaching safepoint: 125700 ns, At safepoint: 2300 ns, Total: 128000 ns
[2020-10-06T06:56:32.765+0000][36436][safepoint    ] Safepoint "Cleanup", Time since last: 1000814600 ns, Reaching safepoint: 155400 ns, At safepoint: 12000 ns, Total: 167400 ns
[2020-10-06T06:56:33.766+0000][36436][safepoint    ] Safepoint "Cleanup", Time since last: 1000561600 ns, Reaching safepoint: 119600 ns, At safepoint: 9000 ns, Total: 128600 ns
[2020-10-06T06:56:34.766+0000][36436][safepoint    ] Safepoint "Cleanup", Time since last: 1000180800 ns, Reaching safepoint: 160900 ns, At safepoint: 8400 ns, Total: 169300 ns
[2020-10-06T06:56:36.767+0000][36436][safepoint    ] Safepoint "Cleanup", Time since last: 2000914700 ns, Reaching safepoint: 278900 ns, At safepoint: 17100 ns, Total: 296000 ns
[2020-10-06T06:56:37.768+0000][36436][safepoint    ] Safepoint "Cleanup", Time since last: 1000380800 ns, Reaching safepoint: 100000 ns, At safepoint: 5400 ns, Total: 105400 ns
[2020-10-06T06:56:38.769+0000][36436][safepoint    ] Safepoint "Cleanup", Time since last: 1000636200 ns, Reaching safepoint: 97900 ns, At safepoint: 5500 ns, Total: 103400 ns
[2020-10-06T06:56:39.769+0000][36436][safepoint    ] Safepoint "Cleanup", Time since last: 1000371900 ns, Reaching safepoint: 124800 ns, At safepoint: 9300 ns, Total: 134100 ns
[2020-10-06T06:56:40.769+0000][36436][safepoint    ] Safepoint "Cleanup", Time since last: 1000119100 ns, Reaching safepoint: 256400 ns, At safepoint: 6700 ns, Total: 263100 ns
[2020-10-06T06:56:41.770+0000][36436][safepoint    ] Safepoint "Cleanup", Time since last: 1000340700 ns, Reaching safepoint: 257500 ns, At safepoint: 9700 ns, Total: 267200 ns
[2020-10-06T06:56:42.771+0000][36436][safepoint    ] Safepoint "Cleanup", Time since last: 1000614900 ns, Reaching safepoint: 258100 ns, At safepoint: 9500 ns, Total: 267600 ns
[2020-10-06T06:56:43.772+0000][36436][safepoint    ] Safepoint "Cleanup", Time since last: 1000536300 ns, Reaching safepoint: 194900 ns, At safepoint: 8800 ns, Total: 203700 ns
[2020-10-06T06:56:45.772+0000][36436][safepoint    ] Safepoint "Cleanup", Time since last: 2000144200 ns, Reaching safepoint: 196300 ns, At safepoint: 6700 ns, Total: 203000 ns
[2020-10-06T06:56:46.773+0000][36436][safepoint    ] Safepoint "Cleanup", Time since last: 1000568300 ns, Reaching safepoint: 108300 ns, At safepoint: 20800 ns, Total: 129100 ns
[2020-10-06T06:56:47.773+0000][36436][safepoint    ] Safepoint "Cleanup", Time since last: 1000576800 ns, Reaching safepoint: 171600 ns, At safepoint: 8600 ns, Total: 180200 ns
[2020-10-06T06:56:48.774+0000][36436][safepoint    ] Safepoint "Cleanup", Time since last: 1000536500 ns, Reaching safepoint: 145000 ns, At safepoint: 6600 ns, Total: 151600 ns
[2020-10-06T06:56:50.775+0000][36436][safepoint    ] Safepoint "Cleanup", Time since last: 2000797000 ns, Reaching safepoint: 134400 ns, At safepoint: 7200 ns, Total: 141600 ns
[2020-10-06T06:56:51.776+0000][36436][safepoint    ] Safepoint "Cleanup", Time since last: 1000846600 ns, Reaching safepoint: 117900 ns, At safepoint: 6900 ns, Total: 124800 ns
[2020-10-06T06:56:52.777+0000][36436][safepoint    ] Safepoint "Cleanup", Time since last: 1000764300 ns, Reaching safepoint: 112800 ns, At safepoint: 5500 ns, Total: 118300 ns
[2020-10-06T06:56:53.778+0000][36436][safepoint    ] Safepoint "Cleanup", Time since last: 1000571200 ns, Reaching safepoint: 151400 ns, At safepoint: 8200 ns, Total: 159600 ns
[2020-10-06T06:56:55.778+0000][36436][safepoint    ] Safepoint "Cleanup", Time since last: 2000602100 ns, Reaching safepoint: 150700 ns, At safepoint: 7500 ns, Total: 158200 ns
[2020-10-06T06:56:56.779+0000][36436][safepoint    ] Safepoint "Cleanup", Time since last: 1000387900 ns, Reaching safepoint: 126700 ns, At safepoint: 6500 ns, Total: 133200 ns
[2020-10-06T06:56:58.779+0000][36436][safepoint    ] Safepoint "Cleanup", Time since last: 2000250900 ns, Reaching safepoint: 105000 ns, At safepoint: 15000 ns, Total: 120000 ns
[2020-10-06T06:56:59.780+0000][36436][safepoint    ] Safepoint "Cleanup", Time since last: 1000620400 ns, Reaching safepoint: 129900 ns, At safepoint: 7600 ns, Total: 137500 ns
[2020-10-06T06:57:00.781+0000][36436][safepoint    ] Safepoint "Cleanup", Time since last: 1000667500 ns, Reaching safepoint: 128500 ns, At safepoint: 7200 ns, Total: 135700 ns
[2020-10-06T06:57:01.781+0000][36436][safepoint    ] Safepoint "Cleanup", Time since last: 1000234900 ns, Reaching safepoint: 119400 ns, At safepoint: 2800 ns, Total: 122200 ns
[2020-10-06T06:57:02.781+0000][36436][safepoint    ] Safepoint "Cleanup", Time since last: 1000067300 ns, Reaching safepoint: 151600 ns, At safepoint: 5700 ns, Total: 157300 ns
[2020-10-06T06:57:03.782+0000][36436][safepoint    ] Safepoint "Cleanup", Time since last: 1000293200 ns, Reaching safepoint: 116600 ns, At safepoint: 5400 ns, Total: 122000 ns
[2020-10-06T06:57:04.782+0000][36436][safepoint    ] Safepoint "Cleanup", Time since last: 1000061300 ns, Reaching safepoint: 111200 ns, At safepoint: 8100 ns, Total: 119300 ns
[2020-10-06T06:57:05.783+0000][36436][safepoint    ] Safepoint "Cleanup", Time since last: 1000730200 ns, Reaching safepoint: 112400 ns, At safepoint: 5500 ns, Total: 117900 ns
[2020-10-06T06:57:06.784+0000][36436][safepoint    ] Safepoint "Cleanup", Time since last: 1000561000 ns, Reaching safepoint: 134900 ns, At safepoint: 7800 ns, Total: 142700 ns
[2020-10-06T06:57:07.784+0000][36436][safepoint    ] Safepoint "Cleanup", Time since last: 1000069800 ns, Reaching safepoint: 115800 ns, At safepoint: 3700 ns, Total: 119500 ns
[2020-10-06T06:57:08.785+0000][36436][safepoint    ] Safepoint "Cleanup", Time since last: 1000609500 ns, Reaching safepoint: 126400 ns, At safepoint: 3400 ns, Total: 129800 ns
[2020-10-06T06:57:09.785+0000][36436][safepoint    ] Safepoint "Cleanup", Time since last: 1000214400 ns, Reaching safepoint: 111400 ns, At safepoint: 5800 ns, Total: 117200 ns
[2020-10-06T06:57:10.785+0000][36436][safepoint    ] Safepoint "Cleanup", Time since last: 1000107800 ns, Reaching safepoint: 88800 ns, At safepoint: 3300 ns, Total: 92100 ns
[2020-10-06T06:57:11.785+0000][36436][safepoint    ] Safepoint "Cleanup", Time since last: 1000247800 ns, Reaching safepoint: 151700 ns, At safepoint: 5400 ns, Total: 157100 ns
[2020-10-06T06:57:13.786+0000][36436][safepoint    ] Safepoint "Cleanup", Time since last: 2000833100 ns, Reaching safepoint: 111100 ns, At safepoint: 7500 ns, Total: 118600 ns
[2020-10-06T06:57:14.787+0000][36436][safepoint    ] Safepoint "Cleanup", Time since last: 1000799500 ns, Reaching safepoint: 125800 ns, At safepoint: 2900 ns, Total: 128700 ns
[2020-10-06T06:57:15.788+0000][36436][safepoint    ] Safepoint "Cleanup", Time since last: 1000410700 ns, Reaching safepoint: 138700 ns, At safepoint: 5900 ns, Total: 144600 ns
[2020-10-06T06:57:17.789+0000][36436][safepoint    ] Safepoint "Cleanup", Time since last: 2000762200 ns, Reaching safepoint: 110800 ns, At safepoint: 5400 ns, Total: 116200 ns
[2020-10-06T06:57:19.789+0000][36436][safepoint    ] Safepoint "Cleanup", Time since last: 2000162600 ns, Reaching safepoint: 118700 ns, At safepoint: 6800 ns, Total: 125500 ns
[2020-10-06T06:57:21.789+0000][36436][safepoint    ] Safepoint "Cleanup", Time since last: 1999994500 ns, Reaching safepoint: 135400 ns, At safepoint: 6900 ns, Total: 142300 ns
[2020-10-06T06:57:22.790+0000][36436][safepoint    ] Safepoint "Cleanup", Time since last: 1000243300 ns, Reaching safepoint: 110600 ns, At safepoint: 7600 ns, Total: 118200 ns
[2020-10-06T06:57:23.790+0000][36436][safepoint    ] Safepoint "Cleanup", Time since last: 1000643400 ns, Reaching safepoint: 106800 ns, At safepoint: 7700 ns, Total: 114500 ns
[2020-10-06T06:57:24.790+0000][36436][safepoint    ] Safepoint "Cleanup", Time since last: 1000010600 ns, Reaching safepoint: 109100 ns, At safepoint: 6900 ns, Total: 116000 ns
[2020-10-06T06:57:25.791+0000][36436][safepoint    ] Safepoint "Cleanup", Time since last: 1000290000 ns, Reaching safepoint: 117200 ns, At safepoint: 5300 ns, Total: 122500 ns
[2020-10-06T06:57:26.791+0000][36436][safepoint    ] Safepoint "Cleanup", Time since last: 1000336900 ns, Reaching safepoint: 97600 ns, At safepoint: 5400 ns, Total: 103000 ns
[2020-10-06T06:57:27.792+0000][36436][safepoint    ] Safepoint "Cleanup", Time since last: 1000740200 ns, Reaching safepoint: 132200 ns, At safepoint: 3000 ns, Total: 135200 ns
[2020-10-06T06:57:28.793+0000][36436][safepoint    ] Safepoint "Cleanup", Time since last: 1000702200 ns, Reaching safepoint: 142300 ns, At safepoint: 5500 ns, Total: 147800 ns
[2020-10-06T06:57:30.794+0000][36436][safepoint    ] Safepoint "Cleanup", Time since last: 2000923300 ns, Reaching safepoint: 113800 ns, At safepoint: 8900 ns, Total: 122700 ns
[2020-10-06T06:57:31.795+0000][36436][safepoint    ] Safepoint "Cleanup", Time since last: 1000659800 ns, Reaching safepoint: 122500 ns, At safepoint: 6400 ns, Total: 128900 ns
[2020-10-06T06:57:32.796+0000][36436][safepoint    ] Safepoint "Cleanup", Time since last: 1000870700 ns, Reaching safepoint: 121800 ns, At safepoint: 5900 ns, Total: 127700 ns
[2020-10-06T06:57:34.797+0000][36436][safepoint    ] Safepoint "Cleanup", Time since last: 2000672900 ns, Reaching safepoint: 114000 ns, At safepoint: 16100 ns, Total: 130100 ns
[2020-10-06T06:57:35.797+0000][36436][safepoint    ] Safepoint "Cleanup", Time since last: 1000476500 ns, Reaching safepoint: 167300 ns, At safepoint: 21200 ns, Total: 188500 ns
[2020-10-06T06:57:37.797+0000][36436][safepoint    ] Safepoint "Cleanup", Time since last: 1999911400 ns, Reaching safepoint: 147900 ns, At safepoint: 5700 ns, Total: 153600 ns
[2020-10-06T06:57:38.798+0000][36436][safepoint    ] Safepoint "Cleanup", Time since last: 1000153800 ns, Reaching safepoint: 101000 ns, At safepoint: 7900 ns, Total: 108900 ns
[2020-10-06T06:57:39.798+0000][36436][safepoint    ] Safepoint "Cleanup", Time since last: 1000005600 ns, Reaching safepoint: 119600 ns, At safepoint: 7600 ns, Total: 127200 ns
[2020-10-06T06:57:40.799+0000][36436][safepoint    ] Safepoint "Cleanup", Time since last: 1000673900 ns, Reaching safepoint: 153700 ns, At safepoint: 7100 ns, Total: 160800 ns
[2020-10-06T06:57:42.799+0000][36436][safepoint    ] Safepoint "Cleanup", Time since last: 1999884200 ns, Reaching safepoint: 122000 ns, At safepoint: 9600 ns, Total: 131600 ns
[2020-10-06T06:57:43.799+0000][36436][safepoint    ] Safepoint "Cleanup", Time since last: 1000274500 ns, Reaching safepoint: 113800 ns, At safepoint: 6700 ns, Total: 120500 ns
[2020-10-06T06:57:45.799+0000][36436][safepoint    ] Safepoint "Cleanup", Time since last: 2000113500 ns, Reaching safepoint: 153800 ns, At safepoint: 20600 ns, Total: 174400 ns
[2020-10-06T06:57:47.800+0000][36436][safepoint    ] Safepoint "Cleanup", Time since last: 2000448100 ns, Reaching safepoint: 131300 ns, At safepoint: 6100 ns, Total: 137400 ns
[2020-10-06T06:57:49.800+0000][36436][safepoint    ] Safepoint "Cleanup", Time since last: 2000504100 ns, Reaching safepoint: 117800 ns, At safepoint: 6400 ns, Total: 124200 ns
[2020-10-06T06:57:50.801+0000][36436][safepoint    ] Safepoint "Cleanup", Time since last: 1000316500 ns, Reaching safepoint: 113100 ns, At safepoint: 6700 ns, Total: 119800 ns
[2020-10-06T06:57:51.802+0000][36436][safepoint    ] Safepoint "Cleanup", Time since last: 1000804000 ns, Reaching safepoint: 152700 ns, At safepoint: 9700 ns, Total: 162400 ns
[2020-10-06T06:57:52.803+0000][36436][safepoint    ] Safepoint "Cleanup", Time since last: 1000827400 ns, Reaching safepoint: 132800 ns, At safepoint: 8100 ns, Total: 140900 ns
[2020-10-06T06:57:54.803+0000][36436][safepoint    ] Safepoint "Cleanup", Time since last: 2000214100 ns, Reaching safepoint: 150900 ns, At safepoint: 5300 ns, Total: 156200 ns
[2020-10-06T06:57:55.804+0000][36436][safepoint    ] Safepoint "Cleanup", Time since last: 1000159700 ns, Reaching safepoint: 127200 ns, At safepoint: 5300 ns, Total: 132500 ns
[2020-10-06T06:57:56.804+0000][36436][safepoint    ] Safepoint "Cleanup", Time since last: 1000030400 ns, Reaching safepoint: 112900 ns, At safepoint: 5600 ns, Total: 118500 ns
[2020-10-06T06:57:57.804+0000][36436][safepoint    ] Safepoint "Cleanup", Time since last: 1000380500 ns, Reaching safepoint: 125200 ns, At safepoint: 7900 ns, Total: 133100 ns
[2020-10-06T06:57:58.805+0000][36436][safepoint    ] Safepoint "Cleanup", Time since last: 1000417700 ns, Reaching safepoint: 127200 ns, At safepoint: 7400 ns, Total: 134600 ns
[2020-10-06T06:57:59.805+0000][36436][safepoint    ] Safepoint "Cleanup", Time since last: 1000011600 ns, Reaching safepoint: 155800 ns, At safepoint: 12600 ns, Total: 168400 ns
[2020-10-06T06:58:00.805+0000][36436][safepoint    ] Safepoint "Cleanup", Time since last: 1000284300 ns, Reaching safepoint: 152800 ns, At safepoint: 21300 ns, Total: 174100 ns
[2020-10-06T06:58:01.806+0000][36436][safepoint    ] Safepoint "Cleanup", Time since last: 1000652400 ns, Reaching safepoint: 141800 ns, At safepoint: 9700 ns, Total: 151500 ns
[2020-10-06T06:58:02.806+0000][36436][safepoint    ] Safepoint "Cleanup", Time since last: 1000170200 ns, Reaching safepoint: 148500 ns, At safepoint: 8700 ns, Total: 157200 ns
[2020-10-06T06:58:03.807+0000][36436][safepoint    ] Safepoint "Cleanup", Time since last: 1000121900 ns, Reaching safepoint: 165100 ns, At safepoint: 14900 ns, Total: 180000 ns
[2020-10-06T06:58:04.807+0000][36436][safepoint    ] Safepoint "Cleanup", Time since last: 1000386400 ns, Reaching safepoint: 545500 ns, At safepoint: 13000 ns, Total: 558500 ns
[2020-10-06T06:58:06.808+0000][36436][safepoint    ] Safepoint "Cleanup", Time since last: 2000145000 ns, Reaching safepoint: 129500 ns, At safepoint: 9000 ns, Total: 138500 ns
[2020-10-06T06:58:07.808+0000][36436][safepoint    ] Safepoint "Cleanup", Time since last: 1000160200 ns, Reaching safepoint: 133100 ns, At safepoint: 8500 ns, Total: 141600 ns
[2020-10-06T06:58:08.809+0000][36436][safepoint    ] Safepoint "Cleanup", Time since last: 1000332700 ns, Reaching safepoint: 150400 ns, At safepoint: 43500 ns, Total: 193900 ns
[2020-10-06T06:58:09.809+0000][36436][safepoint    ] Safepoint "Cleanup", Time since last: 1000222000 ns, Reaching safepoint: 129800 ns, At safepoint: 10800 ns, Total: 140600 ns
[2020-10-06T06:58:10.809+0000][36436][safepoint    ] Safepoint "Cleanup", Time since last: 1000037900 ns, Reaching safepoint: 144000 ns, At safepoint: 8700 ns, Total: 152700 ns
[2020-10-06T06:58:11.810+0000][36436][safepoint    ] Safepoint "Cleanup", Time since last: 1000653500 ns, Reaching safepoint: 162200 ns, At safepoint: 22700 ns, Total: 184900 ns
[2020-10-06T06:58:12.811+0000][36436][safepoint    ] Safepoint "Cleanup", Time since last: 1000229600 ns, Reaching safepoint: 169300 ns, At safepoint: 12800 ns, Total: 182100 ns
[2020-10-06T06:58:13.811+0000][36436][safepoint    ] Safepoint "Cleanup", Time since last: 1000153200 ns, Reaching safepoint: 169200 ns, At safepoint: 11800 ns, Total: 181000 ns
[2020-10-06T06:58:15.811+0000][36436][safepoint    ] Safepoint "Cleanup", Time since last: 2000010100 ns, Reaching safepoint: 135400 ns, At safepoint: 10700 ns, Total: 146100 ns
[2020-10-06T06:58:16.812+0000][36436][safepoint    ] Safepoint "Cleanup", Time since last: 1000225200 ns, Reaching safepoint: 136800 ns, At safepoint: 6800 ns, Total: 143600 ns
[2020-10-06T06:58:17.812+0000][36436][safepoint    ] Safepoint "Cleanup", Time since last: 1000295400 ns, Reaching safepoint: 136700 ns, At safepoint: 8800 ns, Total: 145500 ns
[2020-10-06T06:58:19.812+0000][36436][safepoint    ] Safepoint "Cleanup", Time since last: 1999966800 ns, Reaching safepoint: 146800 ns, At safepoint: 12500 ns, Total: 159300 ns
[2020-10-06T06:58:20.813+0000][36436][safepoint    ] Safepoint "Cleanup", Time since last: 1000336300 ns, Reaching safepoint: 155500 ns, At safepoint: 6600 ns, Total: 162100 ns
[2020-10-06T06:58:22.813+0000][36436][safepoint    ] Safepoint "Cleanup", Time since last: 1999917300 ns, Reaching safepoint: 139300 ns, At safepoint: 9000 ns, Total: 148300 ns
[2020-10-06T06:58:23.813+0000][36436][safepoint    ] Safepoint "Cleanup", Time since last: 1000066300 ns, Reaching safepoint: 154900 ns, At safepoint: 10100 ns, Total: 165000 ns
[2020-10-06T06:58:24.814+0000][36436][safepoint    ] Safepoint "Cleanup", Time since last: 1000668500 ns, Reaching safepoint: 213900 ns, At safepoint: 16000 ns, Total: 229900 ns
[2020-10-06T06:58:26.815+0000][36436][safepoint    ] Safepoint "Cleanup", Time since last: 2000827400 ns, Reaching safepoint: 137200 ns, At safepoint: 12200 ns, Total: 149400 ns
[2020-10-06T06:58:27.815+0000][36436][safepoint    ] Safepoint "Cleanup", Time since last: 1000472800 ns, Reaching safepoint: 157800 ns, At safepoint: 11800 ns, Total: 169600 ns
[2020-10-06T06:58:28.816+0000][36436][safepoint    ] Safepoint "Cleanup", Time since last: 1000371400 ns, Reaching safepoint: 192600 ns, At safepoint: 13400 ns, Total: 206000 ns
[2020-10-06T06:58:29.816+0000][36436][safepoint    ] Safepoint "Cleanup", Time since last: 1000170600 ns, Reaching safepoint: 169300 ns, At safepoint: 11500 ns, Total: 180800 ns
[2020-10-06T06:58:31.817+0000][36436][safepoint    ] Safepoint "Cleanup", Time since last: 2000832900 ns, Reaching safepoint: 171900 ns, At safepoint: 13000 ns, Total: 184900 ns
[2020-10-06T06:58:32.818+0000][36436][safepoint    ] Safepoint "Cleanup", Time since last: 1000426200 ns, Reaching safepoint: 140100 ns, At safepoint: 12200 ns, Total: 152300 ns
[2020-10-06T06:58:33.819+0000][36436][safepoint    ] Safepoint "Cleanup", Time since last: 1000673000 ns, Reaching safepoint: 147400 ns, At safepoint: 4800 ns, Total: 152200 ns
[2020-10-06T06:58:34.819+0000][36436][safepoint    ] Safepoint "Cleanup", Time since last: 1000569700 ns, Reaching safepoint: 175700 ns, At safepoint: 15500 ns, Total: 191200 ns
[2020-10-06T06:58:35.820+0000][36436][safepoint    ] Safepoint "Cleanup", Time since last: 1000224800 ns, Reaching safepoint: 170600 ns, At safepoint: 10900 ns, Total: 181500 ns
[2020-10-06T06:58:37.821+0000][36436][safepoint    ] Safepoint "Cleanup", Time since last: 2000803700 ns, Reaching safepoint: 160200 ns, At safepoint: 10900 ns, Total: 171100 ns
[2020-10-06T06:58:38.821+0000][36436][safepoint    ] Safepoint "Cleanup", Time since last: 1000330800 ns, Reaching safepoint: 142000 ns, At safepoint: 4200 ns, Total: 146200 ns
[2020-10-06T06:58:39.822+0000][36436][safepoint    ] Safepoint "Cleanup", Time since last: 1000193400 ns, Reaching safepoint: 145100 ns, At safepoint: 9300 ns, Total: 154400 ns
[2020-10-06T06:58:40.822+0000][36436][safepoint    ] Safepoint "Cleanup", Time since last: 1000572700 ns, Reaching safepoint: 137600 ns, At safepoint: 9000 ns, Total: 146600 ns
[2020-10-06T06:58:42.823+0000][36436][safepoint    ] Safepoint "Cleanup", Time since last: 2000203600 ns, Reaching safepoint: 126500 ns, At safepoint: 5500 ns, Total: 132000 ns
[2020-10-06T06:58:43.824+0000][36436][safepoint    ] Safepoint "Cleanup", Time since last: 1000844400 ns, Reaching safepoint: 141900 ns, At safepoint: 10300 ns, Total: 152200 ns
[2020-10-06T06:58:44.824+0000][36436][safepoint    ] Safepoint "Cleanup", Time since last: 1000342600 ns, Reaching safepoint: 123400 ns, At safepoint: 6000 ns, Total: 129400 ns
[2020-10-06T06:58:45.825+0000][36436][safepoint    ] Safepoint "Cleanup", Time since last: 1000813900 ns, Reaching safepoint: 151600 ns, At safepoint: 6200 ns, Total: 157800 ns
[2020-10-06T06:58:46.826+0000][36436][safepoint    ] Safepoint "Cleanup", Time since last: 1000324400 ns, Reaching safepoint: 129700 ns, At safepoint: 5800 ns, Total: 135500 ns
[2020-10-06T06:58:47.826+0000][36436][safepoint    ] Safepoint "Cleanup", Time since last: 1000661700 ns, Reaching safepoint: 98600 ns, At safepoint: 6400 ns, Total: 105000 ns
[2020-10-06T06:58:48.827+0000][36436][safepoint    ] Safepoint "Cleanup", Time since last: 1000586800 ns, Reaching safepoint: 166300 ns, At safepoint: 9800 ns, Total: 176100 ns
[2020-10-06T06:58:49.828+0000][36436][safepoint    ] Safepoint "Cleanup", Time since last: 1000587600 ns, Reaching safepoint: 165100 ns, At safepoint: 7500 ns, Total: 172600 ns
[2020-10-06T06:58:50.829+0000][36436][safepoint    ] Safepoint "Cleanup", Time since last: 1000485000 ns, Reaching safepoint: 111400 ns, At safepoint: 8300 ns, Total: 119700 ns
[2020-10-06T06:58:51.829+0000][36436][safepoint    ] Safepoint "Cleanup", Time since last: 1000063400 ns, Reaching safepoint: 121600 ns, At safepoint: 6100 ns, Total: 127700 ns
[2020-10-06T06:58:52.829+0000][36436][safepoint    ] Safepoint "Cleanup", Time since last: 1000213800 ns, Reaching safepoint: 123100 ns, At safepoint: 20900 ns, Total: 144000 ns
[2020-10-06T06:58:54.830+0000][36436][safepoint    ] Safepoint "Cleanup", Time since last: 2000871600 ns, Reaching safepoint: 106600 ns, At safepoint: 30100 ns, Total: 136700 ns
[2020-10-06T06:58:55.830+0000][36436][safepoint    ] Safepoint "Cleanup", Time since last: 1000117600 ns, Reaching safepoint: 105000 ns, At safepoint: 18400 ns, Total: 123400 ns
[2020-10-06T06:58:56.831+0000][36436][safepoint    ] Safepoint "Cleanup", Time since last: 1000514700 ns, Reaching safepoint: 146800 ns, At safepoint: 6700 ns, Total: 153500 ns
[2020-10-06T06:58:58.831+0000][36436][safepoint    ] Safepoint "Cleanup", Time since last: 2000151900 ns, Reaching safepoint: 137200 ns, At safepoint: 7700 ns, Total: 144900 ns
[2020-10-06T06:58:59.832+0000][36436][safepoint    ] Safepoint "Cleanup", Time since last: 1000614700 ns, Reaching safepoint: 104500 ns, At safepoint: 6100 ns, Total: 110600 ns
[2020-10-06T06:59:00.832+0000][36436][safepoint    ] Safepoint "Cleanup", Time since last: 1000098100 ns, Reaching safepoint: 105300 ns, At safepoint: 6000 ns, Total: 111300 ns
[2020-10-06T06:59:02.296+0000][36436][safepoint    ] Safepoint "Cleanup", Time since last: 1463376900 ns, Reaching safepoint: 98500 ns, At safepoint: 7200 ns, Total: 105700 ns
[2020-10-06T06:59:03.296+0000][36436][safepoint    ] Safepoint "Cleanup", Time since last: 1000688600 ns, Reaching safepoint: 130800 ns, At safepoint: 5500 ns, Total: 136300 ns
[2020-10-06T06:59:04.297+0000][36436][safepoint    ] Safepoint "Cleanup", Time since last: 1000492300 ns, Reaching safepoint: 162700 ns, At safepoint: 5400 ns, Total: 168100 ns
[2020-10-06T06:59:06.297+0000][36436][safepoint    ] Safepoint "Cleanup", Time since last: 1999853500 ns, Reaching safepoint: 352000 ns, At safepoint: 24200 ns, Total: 376200 ns
[2020-10-06T06:59:07.298+0000][36436][safepoint    ] Safepoint "Cleanup", Time since last: 1000050400 ns, Reaching safepoint: 131400 ns, At safepoint: 8500 ns, Total: 139900 ns
[2020-10-06T06:59:08.298+0000][36436][safepoint    ] Safepoint "Cleanup", Time since last: 1000261000 ns, Reaching safepoint: 126800 ns, At safepoint: 4900 ns, Total: 131700 ns
[2020-10-06T06:59:09.298+0000][36436][safepoint    ] Safepoint "Cleanup", Time since last: 1000317600 ns, Reaching safepoint: 123200 ns, At safepoint: 3000 ns, Total: 126200 ns
[2020-10-06T06:59:10.299+0000][36436][safepoint    ] Safepoint "Cleanup", Time since last: 1000404700 ns, Reaching safepoint: 133400 ns, At safepoint: 6000 ns, Total: 139400 ns
[2020-10-06T06:59:11.300+0000][36436][safepoint    ] Safepoint "Cleanup", Time since last: 1000425200 ns, Reaching safepoint: 134800 ns, At safepoint: 5900 ns, Total: 140700 ns
[2020-10-06T06:59:12.300+0000][36436][safepoint    ] Safepoint "Cleanup", Time since last: 1000153600 ns, Reaching safepoint: 142400 ns, At safepoint: 6000 ns, Total: 148400 ns
[2020-10-06T06:59:14.301+0000][36436][safepoint    ] Safepoint "Cleanup", Time since last: 2000648500 ns, Reaching safepoint: 131300 ns, At safepoint: 3000 ns, Total: 134300 ns
[2020-10-06T06:59:15.302+0000][36436][safepoint    ] Safepoint "Cleanup", Time since last: 1000864600 ns, Reaching safepoint: 230900 ns, At safepoint: 25200 ns, Total: 256100 ns
[2020-10-06T06:59:16.302+0000][36436][safepoint    ] Safepoint "Cleanup", Time since last: 1000108700 ns, Reaching safepoint: 114200 ns, At safepoint: 20800 ns, Total: 135000 ns
[2020-10-06T06:59:17.303+0000][36436][safepoint    ] Safepoint "Cleanup", Time since last: 1000589600 ns, Reaching safepoint: 135900 ns, At safepoint: 5600 ns, Total: 141500 ns
[2020-10-06T06:59:18.303+0000][36436][safepoint    ] Safepoint "Cleanup", Time since last: 1000004300 ns, Reaching safepoint: 121300 ns, At safepoint: 5700 ns, Total: 127000 ns
[2020-10-06T06:59:19.304+0000][36436][safepoint    ] Safepoint "Cleanup", Time since last: 1000807100 ns, Reaching safepoint: 104500 ns, At safepoint: 6000 ns, Total: 110500 ns
[2020-10-06T06:59:20.304+0000][36436][safepoint    ] Safepoint "Cleanup", Time since last: 1000094000 ns, Reaching safepoint: 88600 ns, At safepoint: 3100 ns, Total: 91700 ns
[2020-10-06T06:59:21.305+0000][36436][safepoint    ] Safepoint "Cleanup", Time since last: 1000674800 ns, Reaching safepoint: 116000 ns, At safepoint: 10100 ns, Total: 126100 ns
[2020-10-06T06:59:22.305+0000][36436][safepoint    ] Safepoint "Cleanup", Time since last: 1000602700 ns, Reaching safepoint: 134400 ns, At safepoint: 6200 ns, Total: 140600 ns
[2020-10-06T07:03:48.835+0000][36436][gc,start     ] GC(412) Pause Young (Normal) (G1 Evacuation Pause)
[2020-10-06T07:03:48.835+0000][36436][gc,task      ] GC(412) Using 8 workers of 8 for evacuation
[2020-10-06T07:03:48.835+0000][36436][gc,age       ] GC(412) Desired survivor size 32505856 bytes, new threshold 15 (max threshold 15)
[2020-10-06T07:03:48.841+0000][36436][gc,age       ] GC(412) Age table with threshold 15 (max threshold 15)
[2020-10-06T07:03:48.841+0000][36436][gc,age       ] GC(412) - age   1:     413376 bytes,     413376 total
[2020-10-06T07:03:48.841+0000][36436][gc,age       ] GC(412) - age   2:     861184 bytes,    1274560 total
[2020-10-06T07:03:48.841+0000][36436][gc,age       ] GC(412) - age   3:    2192096 bytes,    3466656 total
[2020-10-06T07:03:48.841+0000][36436][gc,age       ] GC(412) - age   4:       5296 bytes,    3471952 total
[2020-10-06T07:03:48.841+0000][36436][gc,age       ] GC(412) - age   5:       2064 bytes,    3474016 total
[2020-10-06T07:03:48.842+0000][36436][gc,age       ] GC(412) - age   6:        600 bytes,    3474616 total
[2020-10-06T07:03:48.842+0000][36436][gc,age       ] GC(412) - age   7:      35008 bytes,    3509624 total
[2020-10-06T07:03:48.842+0000][36436][gc,age       ] GC(412) - age   8:       1880 bytes,    3511504 total
[2020-10-06T07:03:48.842+0000][36436][gc,age       ] GC(412) - age   9:       1376 bytes,    3512880 total
[2020-10-06T07:03:48.842+0000][36436][gc,age       ] GC(412) - age  10:       6504 bytes,    3519384 total
[2020-10-06T07:03:48.842+0000][36436][gc,age       ] GC(412) - age  11:       1016 bytes,    3520400 total
[2020-10-06T07:03:48.842+0000][36436][gc,age       ] GC(412) - age  12:       1560 bytes,    3521960 total
[2020-10-06T07:03:48.842+0000][36436][gc,age       ] GC(412) - age  13:        456 bytes,    3522416 total
[2020-10-06T07:03:48.842+0000][36436][gc,age       ] GC(412) - age  14:        664 bytes,    3523080 total
[2020-10-06T07:03:48.842+0000][36436][gc,age       ] GC(412) - age  15:       1224 bytes,    3524304 total
[2020-10-06T07:03:48.842+0000][36436][gc,phases    ] GC(412)   Pre Evacuate Collection Set: 0.1ms
[2020-10-06T07:03:48.842+0000][36436][gc,phases    ] GC(412)   Merge Heap Roots: 0.1ms
[2020-10-06T07:03:48.842+0000][36436][gc,phases    ] GC(412)   Evacuate Collection Set: 4.2ms
[2020-10-06T07:03:48.842+0000][36436][gc,phases    ] GC(412)   Post Evacuate Collection Set: 1.8ms
[2020-10-06T07:03:48.842+0000][36436][gc,phases    ] GC(412)   Other: 0.6ms
[2020-10-06T07:03:48.842+0000][36436][gc,heap      ] GC(412) Eden regions: 484->0(491)
[2020-10-06T07:03:48.842+0000][36436][gc,heap      ] GC(412) Survivor regions: 6->4(62)
[2020-10-06T07:03:48.842+0000][36436][gc,heap      ] GC(412) Old regions: 80->80
[2020-10-06T07:03:48.842+0000][36436][gc,heap      ] GC(412) Archive regions: 0->0
[2020-10-06T07:03:48.842+0000][36436][gc,heap      ] GC(412) Humongous regions: 194->174
[2020-10-06T07:03:48.842+0000][36436][gc,metaspace ] GC(412) Metaspace: 90163K(95996K)->90163K(95996K) NonClass: 78849K(82300K)->78849K(82300K) Class: 11313K(13696K)->11313K(13696K)
[2020-10-06T07:03:48.842+0000][36436][gc           ] GC(412) Pause Young (Normal) (G1 Evacuation Pause) 763M->257M(1024M) 7.040ms
[2020-10-06T07:03:48.842+0000][36436][gc,cpu       ] GC(412) User=0.00s Sys=0.00s Real=0.01s
[2020-10-06T07:03:48.842+0000][36436][safepoint    ] Safepoint "G1CollectForAllocation", Time since last: 266530281400 ns, Reaching safepoint: 133800 ns, At safepoint: 7197600 ns, Total: 7331400 ns
[2020-10-06T07:05:36.897+0000][36436][safepoint    ] Safepoint "Cleanup", Time since last: 108054177700 ns, Reaching safepoint: 110000 ns, At safepoint: 5600 ns, Total: 115600 ns
[2020-10-06T07:15:36.186+0000][36436][safepoint    ] Safepoint "Cleanup", Time since last: 599288626000 ns, Reaching safepoint: 187000 ns, At safepoint: 6300 ns, Total: 193300 ns
[2020-10-06T07:17:36.241+0000][36436][safepoint    ] Safepoint "Cleanup", Time since last: 120054870100 ns, Reaching safepoint: 112300 ns, At safepoint: 5600 ns, Total: 117900 ns
[2020-10-06T07:18:36.271+0000][36436][safepoint    ] Safepoint "Cleanup", Time since last: 60029737500 ns, Reaching safepoint: 109400 ns, At safepoint: 6200 ns, Total: 115600 ns
[2020-10-06T07:31:36.646+0000][36436][safepoint    ] Safepoint "Cleanup", Time since last: 780380920400 ns, Reaching safepoint: 251800 ns, At safepoint: 7200 ns, Total: 259000 ns
[2020-10-06T07:33:17.694+0000][36436][safepoint    ] Safepoint "Cleanup", Time since last: 101048039100 ns, Reaching safepoint: 102100 ns, At safepoint: 6400 ns, Total: 108500 ns
[2020-10-06T07:38:17.656+0000][36436][gc,start     ] GC(413) Pause Young (Normal) (G1 Evacuation Pause)
[2020-10-06T07:38:17.656+0000][36436][gc,task      ] GC(413) Using 8 workers of 8 for evacuation
[2020-10-06T07:38:17.656+0000][36436][gc,age       ] GC(413) Desired survivor size 32505856 bytes, new threshold 15 (max threshold 15)
[2020-10-06T07:38:17.662+0000][36436][gc,age       ] GC(413) Age table with threshold 15 (max threshold 15)
[2020-10-06T07:38:17.662+0000][36436][gc,age       ] GC(413) - age   1:      11976 bytes,      11976 total
[2020-10-06T07:38:17.662+0000][36436][gc,age       ] GC(413) - age   2:     401320 bytes,     413296 total
[2020-10-06T07:38:17.662+0000][36436][gc,age       ] GC(413) - age   3:     861184 bytes,    1274480 total
[2020-10-06T07:38:17.662+0000][36436][gc,age       ] GC(413) - age   4:    2139240 bytes,    3413720 total
[2020-10-06T07:38:17.662+0000][36436][gc,age       ] GC(413) - age   5:       5296 bytes,    3419016 total
[2020-10-06T07:38:17.662+0000][36436][gc,age       ] GC(413) - age   6:       2064 bytes,    3421080 total
[2020-10-06T07:38:17.662+0000][36436][gc,age       ] GC(413) - age   7:        600 bytes,    3421680 total
[2020-10-06T07:38:17.662+0000][36436][gc,age       ] GC(413) - age   8:       7856 bytes,    3429536 total
[2020-10-06T07:38:17.662+0000][36436][gc,age       ] GC(413) - age   9:       1880 bytes,    3431416 total
[2020-10-06T07:38:17.662+0000][36436][gc,age       ] GC(413) - age  10:       1376 bytes,    3432792 total
[2020-10-06T07:38:17.662+0000][36436][gc,age       ] GC(413) - age  11:       5528 bytes,    3438320 total
[2020-10-06T07:38:17.662+0000][36436][gc,age       ] GC(413) - age  12:       1016 bytes,    3439336 total
[2020-10-06T07:38:17.662+0000][36436][gc,age       ] GC(413) - age  13:       1560 bytes,    3440896 total
[2020-10-06T07:38:17.662+0000][36436][gc,age       ] GC(413) - age  14:        456 bytes,    3441352 total
[2020-10-06T07:38:17.662+0000][36436][gc,age       ] GC(413) - age  15:        664 bytes,    3442016 total
[2020-10-06T07:38:17.662+0000][36436][gc,phases    ] GC(413)   Pre Evacuate Collection Set: 0.2ms
[2020-10-06T07:38:17.662+0000][36436][gc,phases    ] GC(413)   Merge Heap Roots: 0.1ms
[2020-10-06T07:38:17.662+0000][36436][gc,phases    ] GC(413)   Evacuate Collection Set: 3.3ms
[2020-10-06T07:38:17.662+0000][36436][gc,phases    ] GC(413)   Post Evacuate Collection Set: 1.8ms
[2020-10-06T07:38:17.662+0000][36436][gc,phases    ] GC(413)   Other: 0.8ms
[2020-10-06T07:38:17.662+0000][36436][gc,heap      ] GC(413) Eden regions: 491->0(495)
[2020-10-06T07:38:17.662+0000][36436][gc,heap      ] GC(413) Survivor regions: 4->4(62)
[2020-10-06T07:38:17.662+0000][36436][gc,heap      ] GC(413) Old regions: 80->80
[2020-10-06T07:38:17.662+0000][36436][gc,heap      ] GC(413) Archive regions: 0->0
[2020-10-06T07:38:17.662+0000][36436][gc,heap      ] GC(413) Humongous regions: 174->174
[2020-10-06T07:38:17.662+0000][36436][gc,metaspace ] GC(413) Metaspace: 90191K(96252K)->90191K(96252K) NonClass: 78878K(82556K)->78878K(82556K) Class: 11313K(13696K)->11313K(13696K)
[2020-10-06T07:38:17.662+0000][36436][gc           ] GC(413) Pause Young (Normal) (G1 Evacuation Pause) 748M->257M(1024M) 6.471ms
[2020-10-06T07:38:17.662+0000][36436][gc,cpu       ] GC(413) User=0.13s Sys=0.00s Real=0.01s
[2020-10-06T07:38:17.662+0000][36436][safepoint    ] Safepoint "G1CollectForAllocation", Time since last: 299963460600 ns, Reaching safepoint: 155600 ns, At safepoint: 6643700 ns, Total: 6799300 ns
[2020-10-06T07:40:36.733+0000][36436][safepoint    ] Safepoint "Cleanup", Time since last: 139070129900 ns, Reaching safepoint: 157400 ns, At safepoint: 20900 ns, Total: 178300 ns
[2020-10-06T08:09:36.591+0000][36436][safepoint    ] Safepoint "Cleanup", Time since last: 1739877667400 ns, Reaching safepoint: 225600 ns, At safepoint: 6100 ns, Total: 231700 ns
[2020-10-06T08:13:08.851+0000][36436][gc,start     ] GC(414) Pause Young (Normal) (G1 Evacuation Pause)
[2020-10-06T08:13:08.851+0000][36436][gc,task      ] GC(414) Using 8 workers of 8 for evacuation
[2020-10-06T08:13:08.851+0000][36436][gc,age       ] GC(414) Desired survivor size 33030144 bytes, new threshold 15 (max threshold 15)
[2020-10-06T08:13:08.857+0000][36436][gc,age       ] GC(414) Age table with threshold 15 (max threshold 15)
[2020-10-06T08:13:08.858+0000][36436][gc,age       ] GC(414) - age   1:      14088 bytes,      14088 total
[2020-10-06T08:13:08.858+0000][36436][gc,age       ] GC(414) - age   2:        272 bytes,      14360 total
[2020-10-06T08:13:08.858+0000][36436][gc,age       ] GC(414) - age   3:     401320 bytes,     415680 total
[2020-10-06T08:13:08.858+0000][36436][gc,age       ] GC(414) - age   4:     861184 bytes,    1276864 total
[2020-10-06T08:13:08.858+0000][36436][gc,age       ] GC(414) - age   5:    2139240 bytes,    3416104 total
[2020-10-06T08:13:08.858+0000][36436][gc,age       ] GC(414) - age   6:       5296 bytes,    3421400 total
[2020-10-06T08:13:08.858+0000][36436][gc,age       ] GC(414) - age   7:       2064 bytes,    3423464 total
[2020-10-06T08:13:08.858+0000][36436][gc,age       ] GC(414) - age   8:        600 bytes,    3424064 total
[2020-10-06T08:13:08.858+0000][36436][gc,age       ] GC(414) - age   9:       7856 bytes,    3431920 total
[2020-10-06T08:13:08.858+0000][36436][gc,age       ] GC(414) - age  10:       1880 bytes,    3433800 total
[2020-10-06T08:13:08.858+0000][36436][gc,age       ] GC(414) - age  11:       1376 bytes,    3435176 total
[2020-10-06T08:13:08.858+0000][36436][gc,age       ] GC(414) - age  12:       5528 bytes,    3440704 total
[2020-10-06T08:13:08.858+0000][36436][gc,age       ] GC(414) - age  13:       1016 bytes,    3441720 total
[2020-10-06T08:13:08.858+0000][36436][gc,age       ] GC(414) - age  14:       1560 bytes,    3443280 total
[2020-10-06T08:13:08.858+0000][36436][gc,age       ] GC(414) - age  15:        456 bytes,    3443736 total
[2020-10-06T08:13:08.858+0000][36436][gc,phases    ] GC(414)   Pre Evacuate Collection Set: 0.3ms
[2020-10-06T08:13:08.858+0000][36436][gc,phases    ] GC(414)   Merge Heap Roots: 0.1ms
[2020-10-06T08:13:08.858+0000][36436][gc,phases    ] GC(414)   Evacuate Collection Set: 4.6ms
[2020-10-06T08:13:08.858+0000][36436][gc,phases    ] GC(414)   Post Evacuate Collection Set: 1.6ms
[2020-10-06T08:13:08.858+0000][36436][gc,phases    ] GC(414)   Other: 0.7ms
[2020-10-06T08:13:08.858+0000][36436][gc,heap      ] GC(414) Eden regions: 495->0(498)
[2020-10-06T08:13:08.858+0000][36436][gc,heap      ] GC(414) Survivor regions: 4->4(63)
[2020-10-06T08:13:08.858+0000][36436][gc,heap      ] GC(414) Old regions: 80->80
[2020-10-06T08:13:08.858+0000][36436][gc,heap      ] GC(414) Archive regions: 0->0
[2020-10-06T08:13:08.858+0000][36436][gc,heap      ] GC(414) Humongous regions: 174->174
[2020-10-06T08:13:08.858+0000][36436][gc,metaspace ] GC(414) Metaspace: 90196K(96252K)->90196K(96252K) NonClass: 78883K(82556K)->78883K(82556K) Class: 11313K(13696K)->11313K(13696K)
[2020-10-06T08:13:08.858+0000][36436][gc           ] GC(414) Pause Young (Normal) (G1 Evacuation Pause) 752M->257M(1024M) 7.441ms
[2020-10-06T08:13:08.858+0000][36436][gc,cpu       ] GC(414) User=0.00s Sys=0.00s Real=0.01s
[2020-10-06T08:13:08.858+0000][36436][safepoint    ] Safepoint "G1CollectForAllocation", Time since last: 212261139200 ns, Reaching safepoint: 296300 ns, At safepoint: 7625000 ns, Total: 7921300 ns
[2020-10-06T08:17:36.776+0000][36436][safepoint    ] Safepoint "Cleanup", Time since last: 267915197200 ns, Reaching safepoint: 266300 ns, At safepoint: 5800 ns, Total: 272100 ns
[2020-10-06T08:17:36.825+0000][36436][safepoint    ] Safepoint "BulkRevokeBias", Time since last: 45760200 ns, Reaching safepoint: 576200 ns, At safepoint: 2605500 ns, Total: 3181700 ns
[2020-10-06T08:17:36.998+0000][36436][safepoint    ] Safepoint "BulkRevokeBias", Time since last: 171586200 ns, Reaching safepoint: 134200 ns, At safepoint: 940000 ns, Total: 1074200 ns
[2020-10-06T08:17:37.014+0000][36436][safepoint    ] Safepoint "BulkRevokeBias", Time since last: 14585700 ns, Reaching safepoint: 250600 ns, At safepoint: 1218900 ns, Total: 1469500 ns
[2020-10-06T08:17:37.016+0000][36436][safepoint    ] Safepoint "BulkRevokeBias", Time since last: 157300 ns, Reaching safepoint: 287700 ns, At safepoint: 2014900 ns, Total: 2302600 ns
[2020-10-06T08:17:37.021+0000][36436][safepoint    ] Safepoint "BulkRevokeBias", Time since last: 2102600 ns, Reaching safepoint: 396100 ns, At safepoint: 1553200 ns, Total: 1949300 ns
[2020-10-06T08:17:37.023+0000][36436][safepoint    ] Safepoint "BulkRevokeBias", Time since last: 1197500 ns, Reaching safepoint: 149100 ns, At safepoint: 1102500 ns, Total: 1251600 ns
