[2020-09-30T09:15:06.246+0000][16584][gc,heap] Heap region size: 1M
[2020-09-30T09:15:06.247+0000][16584][gc,heap,coops] Heap address: 0x00000000c0000000, size: 1024 MB, Compressed Oops mode: 32-bit
[2020-09-30T09:15:06.870+0000][16584][gc           ] Using G1
[2020-09-30T09:15:06.901+0000][16584][gc           ] Periodic GC disabled
[2020-09-30T09:15:07.998+0000][16584][safepoint    ] Safepoint "Cleanup", Time since last: 1115836200 ns, Reaching safepoint: 197200 ns, At safepoint: 22000 ns, Total: 219200 ns
[2020-09-30T09:15:09.102+0000][16584][safepoint    ] Safepoint "Cleanup", Time since last: 1104187500 ns, Reaching safepoint: 158900 ns, At safepoint: 18400 ns, Total: 177300 ns
[2020-09-30T09:15:09.600+0000][16584][gc,start     ] GC(0) Pause Young (Normal) (G1 Evacuation Pause)
[2020-09-30T09:15:09.601+0000][16584][gc,task      ] GC(0) Using 8 workers of 8 for evacuation
[2020-09-30T09:15:09.601+0000][16584][gc,age       ] GC(0) Desired survivor size 3670016 bytes, new threshold 15 (max threshold 15)
[2020-09-30T09:15:09.607+0000][16584][gc,age       ] GC(0) Age table with threshold 15 (max threshold 15)
[2020-09-30T09:15:09.607+0000][16584][gc,age       ] GC(0) - age   1:    5089168 bytes,    5089168 total
[2020-09-30T09:15:09.607+0000][16584][gc,phases    ] GC(0)   Pre Evacuate Collection Set: 0.1ms
[2020-09-30T09:15:09.607+0000][16584][gc,phases    ] GC(0)   Merge Heap Roots: 0.1ms
[2020-09-30T09:15:09.607+0000][16584][gc,phases    ] GC(0)   Evacuate Collection Set: 4.4ms
[2020-09-30T09:15:09.607+0000][16584][gc,phases    ] GC(0)   Post Evacuate Collection Set: 1.0ms
[2020-09-30T09:15:09.607+0000][16584][gc,phases    ] GC(0)   Other: 1.3ms
[2020-09-30T09:15:09.607+0000][16584][gc,heap      ] GC(0) Eden regions: 51->0(56)
[2020-09-30T09:15:09.607+0000][16584][gc,heap      ] GC(0) Survivor regions: 0->6(7)
[2020-09-30T09:15:09.607+0000][16584][gc,heap      ] GC(0) Old regions: 0->0
[2020-09-30T09:15:09.607+0000][16584][gc,heap      ] GC(0) Archive regions: 0->0
[2020-09-30T09:15:09.608+0000][16584][gc,heap      ] GC(0) Humongous regions: 1->1
[2020-09-30T09:15:09.608+0000][16584][gc,metaspace ] GC(0) Metaspace: 12485K(13056K)->12485K(13056K) NonClass: 10962K(11264K)->10962K(11264K) Class: 1522K(1792K)->1522K(1792K)
[2020-09-30T09:15:09.608+0000][16584][gc           ] GC(0) Pause Young (Normal) (G1 Evacuation Pause) 52M->6M(1024M) 7.293ms
[2020-09-30T09:15:09.608+0000][16584][gc,cpu       ] GC(0) User=0.02s Sys=0.00s Real=0.01s
[2020-09-30T09:15:09.608+0000][16584][safepoint    ] Safepoint "G1CollectForAllocation", Time since last: 498066600 ns, Reaching safepoint: 146700 ns, At safepoint: 7480700 ns, Total: 7627400 ns
[2020-09-30T09:15:10.128+0000][16584][safepoint    ] Safepoint "BulkRevokeBias", Time since last: 519772300 ns, Reaching safepoint: 146500 ns, At safepoint: 76300 ns, Total: 222800 ns
[2020-09-30T09:15:10.462+0000][16584][gc,start     ] GC(1) Pause Young (Normal) (G1 Evacuation Pause)
[2020-09-30T09:15:10.462+0000][16584][gc,task      ] GC(1) Using 8 workers of 8 for evacuation
[2020-09-30T09:15:10.462+0000][16584][gc,age       ] GC(1) Desired survivor size 4194304 bytes, new threshold 1 (max threshold 15)
[2020-09-30T09:15:10.469+0000][16584][gc,age       ] GC(1) Age table with threshold 1 (max threshold 15)
[2020-09-30T09:15:10.469+0000][16584][gc,age       ] GC(1) - age   1:    1241568 bytes,    1241568 total
[2020-09-30T09:15:10.469+0000][16584][gc,phases    ] GC(1)   Pre Evacuate Collection Set: 0.1ms
[2020-09-30T09:15:10.469+0000][16584][gc,phases    ] GC(1)   Merge Heap Roots: 0.1ms
[2020-09-30T09:15:10.469+0000][16584][gc,phases    ] GC(1)   Evacuate Collection Set: 5.3ms
[2020-09-30T09:15:10.469+0000][16584][gc,phases    ] GC(1)   Post Evacuate Collection Set: 0.8ms
[2020-09-30T09:15:10.469+0000][16584][gc,phases    ] GC(1)   Other: 0.4ms
[2020-09-30T09:15:10.469+0000][16584][gc,heap      ] GC(1) Eden regions: 56->0(612)
[2020-09-30T09:15:10.469+0000][16584][gc,heap      ] GC(1) Survivor regions: 6->2(8)
[2020-09-30T09:15:10.469+0000][16584][gc,heap      ] GC(1) Old regions: 0->5
[2020-09-30T09:15:10.469+0000][16584][gc,heap      ] GC(1) Archive regions: 0->0
[2020-09-30T09:15:10.469+0000][16584][gc,heap      ] GC(1) Humongous regions: 1->1
[2020-09-30T09:15:10.469+0000][16584][gc,metaspace ] GC(1) Metaspace: 14996K(15616K)->14996K(15616K) NonClass: 13198K(13568K)->13198K(13568K) Class: 1797K(2048K)->1797K(2048K)
[2020-09-30T09:15:10.469+0000][16584][gc           ] GC(1) Pause Young (Normal) (G1 Evacuation Pause) 62M->7M(1024M) 7.186ms
[2020-09-30T09:15:10.469+0000][16584][gc,cpu       ] GC(1) User=0.11s Sys=0.00s Real=0.01s
[2020-09-30T09:15:10.469+0000][16584][safepoint    ] Safepoint "G1CollectForAllocation", Time since last: 334009300 ns, Reaching safepoint: 114500 ns, At safepoint: 7331400 ns, Total: 7445900 ns
[2020-09-30T09:15:10.473+0000][16584][safepoint    ] Safepoint "BulkRevokeBias", Time since last: 718900 ns, Reaching safepoint: 107800 ns, At safepoint: 2308800 ns, Total: 2416600 ns
[2020-09-30T09:15:10.473+0000][16584][safepoint    ] Safepoint "BulkRevokeBias", Time since last: 800600 ns, Reaching safepoint: 65800 ns, At safepoint: 89800 ns, Total: 155600 ns
[2020-09-30T09:15:10.474+0000][16584][safepoint    ] Safepoint "BulkRevokeBias", Time since last: 110100 ns, Reaching safepoint: 62900 ns, At safepoint: 137100 ns, Total: 200000 ns
[2020-09-30T09:15:11.444+0000][16584][safepoint    ] Safepoint "ICBufferFull", Time since last: 969636300 ns, Reaching safepoint: 181700 ns, At safepoint: 24400 ns, Total: 206100 ns
[2020-09-30T09:15:12.382+0000][16584][gc,start     ] GC(2) Pause Young (Concurrent Start) (Metadata GC Threshold)
[2020-09-30T09:15:12.382+0000][16584][gc,task      ] GC(2) Using 8 workers of 8 for evacuation
[2020-09-30T09:15:12.382+0000][16584][gc,age       ] GC(2) Desired survivor size 40370176 bytes, new threshold 15 (max threshold 15)
[2020-09-30T09:15:12.389+0000][16584][gc,age       ] GC(2) Age table with threshold 15 (max threshold 15)
[2020-09-30T09:15:12.389+0000][16584][gc,age       ] GC(2) - age   1:    6478208 bytes,    6478208 total
[2020-09-30T09:15:12.389+0000][16584][gc,age       ] GC(2) - age   2:    1209584 bytes,    7687792 total
[2020-09-30T09:15:12.390+0000][16584][gc,phases    ] GC(2)   Pre Evacuate Collection Set: 0.1ms
[2020-09-30T09:15:12.390+0000][16584][gc,phases    ] GC(2)   Merge Heap Roots: 0.1ms
[2020-09-30T09:15:12.390+0000][16584][gc,phases    ] GC(2)   Evacuate Collection Set: 5.4ms
[2020-09-30T09:15:12.390+0000][16584][gc,phases    ] GC(2)   Post Evacuate Collection Set: 1.0ms
[2020-09-30T09:15:12.390+0000][16584][gc,phases    ] GC(2)   Other: 1.2ms
[2020-09-30T09:15:12.390+0000][16584][gc,heap      ] GC(2) Eden regions: 347->0(477)
[2020-09-30T09:15:12.390+0000][16584][gc,heap      ] GC(2) Survivor regions: 2->8(77)
[2020-09-30T09:15:12.390+0000][16584][gc,heap      ] GC(2) Old regions: 5->5
[2020-09-30T09:15:12.390+0000][16584][gc,heap      ] GC(2) Archive regions: 0->0
[2020-09-30T09:15:12.390+0000][16584][gc,heap      ] GC(2) Humongous regions: 1->1
[2020-09-30T09:15:12.390+0000][16584][gc,metaspace ] GC(2) Metaspace: 20241K(21248K)->20241K(21248K) NonClass: 17841K(18432K)->17841K(18432K) Class: 2400K(2816K)->2400K(2816K)
[2020-09-30T09:15:12.390+0000][16584][gc           ] GC(2) Pause Young (Concurrent Start) (Metadata GC Threshold) 354M->13M(1024M) 8.207ms
[2020-09-30T09:15:12.390+0000][16584][gc,cpu       ] GC(2) User=0.05s Sys=0.00s Real=0.01s
[2020-09-30T09:15:12.390+0000][16584][gc           ] GC(3) Concurrent Cycle
[2020-09-30T09:15:12.390+0000][16584][gc,marking   ] GC(3) Concurrent Clear Claimed Marks
[2020-09-30T09:15:12.390+0000][16584][gc,marking   ] GC(3) Concurrent Clear Claimed Marks 0.068ms
[2020-09-30T09:15:12.390+0000][16584][gc,marking   ] GC(3) Concurrent Scan Root Regions
[2020-09-30T09:15:12.390+0000][16584][safepoint    ] Safepoint "CollectForMetadataAllocation", Time since last: 938059000 ns, Reaching safepoint: 154200 ns, At safepoint: 8563200 ns, Total: 8717400 ns
[2020-09-30T09:15:12.395+0000][16584][gc,marking   ] GC(3) Concurrent Scan Root Regions 4.491ms
[2020-09-30T09:15:12.395+0000][16584][safepoint    ] Safepoint "BulkRevokeBias", Time since last: 1394000 ns, Reaching safepoint: 2940500 ns, At safepoint: 262000 ns, Total: 3202500 ns
[2020-09-30T09:15:12.395+0000][16584][gc,marking   ] GC(3) Concurrent Mark (6.252s)
[2020-09-30T09:15:12.395+0000][16584][gc,marking   ] GC(3) Concurrent Mark From Roots
[2020-09-30T09:15:12.395+0000][16584][gc,task      ] GC(3) Using 2 workers of 2 for marking
[2020-09-30T09:15:12.405+0000][16584][gc,marking   ] GC(3) Concurrent Mark From Roots 9.444ms
[2020-09-30T09:15:12.405+0000][16584][gc,marking   ] GC(3) Concurrent Preclean
[2020-09-30T09:15:12.405+0000][16584][gc,marking   ] GC(3) Concurrent Preclean 0.266ms
[2020-09-30T09:15:12.405+0000][16584][gc,marking   ] GC(3) Concurrent Mark (6.252s, 6.262s) 10.007ms
[2020-09-30T09:15:12.405+0000][16584][gc,start     ] GC(3) Pause Remark
[2020-09-30T09:15:12.408+0000][16584][gc           ] GC(3) Pause Remark 14M->14M(1024M) 2.727ms
[2020-09-30T09:15:12.408+0000][16584][gc,cpu       ] GC(3) User=0.00s Sys=0.00s Real=0.00s
[2020-09-30T09:15:12.408+0000][16584][safepoint    ] Safepoint "G1Concurrent", Time since last: 10137200 ns, Reaching safepoint: 106300 ns, At safepoint: 2908000 ns, Total: 3014300 ns
[2020-09-30T09:15:12.408+0000][16584][gc,marking   ] GC(3) Concurrent Rebuild Remembered Sets
[2020-09-30T09:15:12.412+0000][16584][safepoint    ] Safepoint "BulkRevokeBias", Time since last: 3165700 ns, Reaching safepoint: 1169400 ns, At safepoint: 110600 ns, Total: 1280000 ns
[2020-09-30T09:15:12.414+0000][16584][gc,marking   ] GC(3) Concurrent Rebuild Remembered Sets 5.773ms
[2020-09-30T09:15:12.414+0000][16584][gc,start     ] GC(3) Pause Cleanup
[2020-09-30T09:15:12.414+0000][16584][gc           ] GC(3) Pause Cleanup 14M->14M(1024M) 0.257ms
[2020-09-30T09:15:12.415+0000][16584][gc,cpu       ] GC(3) User=0.00s Sys=0.00s Real=0.00s
[2020-09-30T09:15:12.415+0000][16584][safepoint    ] Safepoint "G1Concurrent", Time since last: 1492000 ns, Reaching safepoint: 257100 ns, At safepoint: 417900 ns, Total: 675000 ns
[2020-09-30T09:15:12.415+0000][16584][gc,marking   ] GC(3) Concurrent Cleanup for Next Mark
[2020-09-30T09:15:12.416+0000][16584][gc,marking   ] GC(3) Concurrent Cleanup for Next Mark 1.447ms
[2020-09-30T09:15:12.416+0000][16584][gc           ] GC(3) Concurrent Cycle 26.209ms
[2020-09-30T09:15:12.419+0000][16584][safepoint    ] Safepoint "BulkRevokeBias", Time since last: 3913900 ns, Reaching safepoint: 62700 ns, At safepoint: 171400 ns, Total: 234100 ns
[2020-09-30T09:15:12.419+0000][16584][safepoint    ] Safepoint "BulkRevokeBias", Time since last: 135700 ns, Reaching safepoint: 48600 ns, At safepoint: 87500 ns, Total: 136100 ns
[2020-09-30T09:15:13.514+0000][16584][safepoint    ] Safepoint "Cleanup", Time since last: 1094676600 ns, Reaching safepoint: 163900 ns, At safepoint: 28600 ns, Total: 192500 ns
[2020-09-30T09:15:14.739+0000][16584][safepoint    ] Safepoint "Cleanup", Time since last: 1224632100 ns, Reaching safepoint: 279500 ns, At safepoint: 20700 ns, Total: 300200 ns
[2020-09-30T09:15:15.019+0000][16584][gc,start     ] GC(4) Pause Young (Normal) (G1 Evacuation Pause)
[2020-09-30T09:15:15.019+0000][16584][gc,task      ] GC(4) Using 8 workers of 8 for evacuation
[2020-09-30T09:15:15.019+0000][16584][gc,age       ] GC(4) Desired survivor size 34078720 bytes, new threshold 15 (max threshold 15)
[2020-09-30T09:15:15.029+0000][16584][gc,age       ] GC(4) Age table with threshold 15 (max threshold 15)
[2020-09-30T09:15:15.029+0000][16584][gc,age       ] GC(4) - age   1:    6244272 bytes,    6244272 total
[2020-09-30T09:15:15.029+0000][16584][gc,age       ] GC(4) - age   2:    6265856 bytes,   12510128 total
[2020-09-30T09:15:15.029+0000][16584][gc,age       ] GC(4) - age   3:    1161360 bytes,   13671488 total
[2020-09-30T09:15:15.029+0000][16584][gc,phases    ] GC(4)   Pre Evacuate Collection Set: 0.1ms
[2020-09-30T09:15:15.029+0000][16584][gc,phases    ] GC(4)   Merge Heap Roots: 0.1ms
[2020-09-30T09:15:15.029+0000][16584][gc,phases    ] GC(4)   Evacuate Collection Set: 6.9ms
[2020-09-30T09:15:15.029+0000][16584][gc,phases    ] GC(4)   Post Evacuate Collection Set: 1.6ms
[2020-09-30T09:15:15.029+0000][16584][gc,phases    ] GC(4)   Other: 0.6ms
[2020-09-30T09:15:15.029+0000][16584][gc,heap      ] GC(4) Eden regions: 511->0(600)
[2020-09-30T09:15:15.029+0000][16584][gc,heap      ] GC(4) Survivor regions: 8->14(65)
[2020-09-30T09:15:15.029+0000][16584][gc,heap      ] GC(4) Old regions: 5->5
[2020-09-30T09:15:15.029+0000][16584][gc,heap      ] GC(4) Archive regions: 0->0
[2020-09-30T09:15:15.029+0000][16584][gc,heap      ] GC(4) Humongous regions: 2->1
[2020-09-30T09:15:15.029+0000][16584][gc,metaspace ] GC(4) Metaspace: 27831K(29824K)->27831K(29824K) NonClass: 24442K(25856K)->24442K(25856K) Class: 3388K(3968K)->3388K(3968K)
[2020-09-30T09:15:15.029+0000][16584][gc           ] GC(4) Pause Young (Normal) (G1 Evacuation Pause) 525M->19M(1024M) 9.706ms
[2020-09-30T09:15:15.029+0000][16584][gc,cpu       ] GC(4) User=0.06s Sys=0.00s Real=0.01s
[2020-09-30T09:15:15.029+0000][16584][safepoint    ] Safepoint "G1CollectForAllocation", Time since last: 280381000 ns, Reaching safepoint: 157600 ns, At safepoint: 9945200 ns, Total: 10102800 ns
[2020-09-30T09:15:16.030+0000][16584][safepoint    ] Safepoint "Cleanup", Time since last: 1000093500 ns, Reaching safepoint: 136800 ns, At safepoint: 24100 ns, Total: 160900 ns
[2020-09-30T09:15:17.031+0000][16584][safepoint    ] Safepoint "Cleanup", Time since last: 1000095000 ns, Reaching safepoint: 193600 ns, At safepoint: 1711300 ns, Total: 1904900 ns
[2020-09-30T09:15:17.960+0000][16584][gc,start     ] GC(5) Pause Young (Concurrent Start) (Metadata GC Threshold)
[2020-09-30T09:15:17.960+0000][16584][gc,task      ] GC(5) Using 8 workers of 8 for evacuation
[2020-09-30T09:15:17.960+0000][16584][gc,age       ] GC(5) Desired survivor size 40370176 bytes, new threshold 15 (max threshold 15)
[2020-09-30T09:15:18.000+0000][16584][gc,age       ] GC(5) Age table with threshold 15 (max threshold 15)
[2020-09-30T09:15:18.000+0000][16584][gc,age       ] GC(5) - age   1:   33103064 bytes,   33103064 total
[2020-09-30T09:15:18.000+0000][16584][gc,age       ] GC(5) - age   2:    6100696 bytes,   39203760 total
[2020-09-30T09:15:18.000+0000][16584][gc,age       ] GC(5) - age   3:    6233152 bytes,   45436912 total
[2020-09-30T09:15:18.000+0000][16584][gc,age       ] GC(5) - age   4:    1145376 bytes,   46582288 total
[2020-09-30T09:15:18.000+0000][16584][gc,phases    ] GC(5)   Pre Evacuate Collection Set: 0.2ms
[2020-09-30T09:15:18.000+0000][16584][gc,phases    ] GC(5)   Merge Heap Roots: 0.1ms
[2020-09-30T09:15:18.000+0000][16584][gc,phases    ] GC(5)   Evacuate Collection Set: 38.1ms
[2020-09-30T09:15:18.000+0000][16584][gc,phases    ] GC(5)   Post Evacuate Collection Set: 1.4ms
[2020-09-30T09:15:18.000+0000][16584][gc,phases    ] GC(5)   Other: 0.7ms
[2020-09-30T09:15:18.000+0000][16584][gc,heap      ] GC(5) Eden regions: 202->0(336)
[2020-09-30T09:15:18.000+0000][16584][gc,heap      ] GC(5) Survivor regions: 14->45(77)
[2020-09-30T09:15:18.000+0000][16584][gc,heap      ] GC(5) Old regions: 5->5
[2020-09-30T09:15:18.000+0000][16584][gc,heap      ] GC(5) Archive regions: 0->0
[2020-09-30T09:15:18.000+0000][16584][gc,heap      ] GC(5) Humongous regions: 1->1
[2020-09-30T09:15:18.000+0000][16584][gc,metaspace ] GC(5) Metaspace: 33496K(35840K)->33496K(35840K) NonClass: 29230K(30720K)->29230K(30720K) Class: 4265K(5120K)->4265K(5120K)
[2020-09-30T09:15:18.000+0000][16584][gc           ] GC(5) Pause Young (Concurrent Start) (Metadata GC Threshold) 221M->50M(1024M) 40.916ms
[2020-09-30T09:15:18.001+0000][16584][gc,cpu       ] GC(5) User=0.33s Sys=0.00s Real=0.04s
[2020-09-30T09:15:18.001+0000][16584][gc           ] GC(6) Concurrent Cycle
[2020-09-30T09:15:18.001+0000][16584][gc,marking   ] GC(6) Concurrent Clear Claimed Marks
[2020-09-30T09:15:18.001+0000][16584][gc,marking   ] GC(6) Concurrent Clear Claimed Marks 0.115ms
[2020-09-30T09:15:18.001+0000][16584][safepoint    ] Safepoint "CollectForMetadataAllocation", Time since last: 927613200 ns, Reaching safepoint: 248600 ns, At safepoint: 41294200 ns, Total: 41542800 ns
[2020-09-30T09:15:18.001+0000][16584][gc,marking   ] GC(6) Concurrent Scan Root Regions
[2020-09-30T09:15:18.031+0000][16584][gc,marking   ] GC(6) Concurrent Scan Root Regions 29.765ms
[2020-09-30T09:15:18.031+0000][16584][gc,marking   ] GC(6) Concurrent Mark (11.888s)
[2020-09-30T09:15:18.031+0000][16584][gc,marking   ] GC(6) Concurrent Mark From Roots
[2020-09-30T09:15:18.031+0000][16584][gc,task      ] GC(6) Using 2 workers of 2 for marking
[2020-09-30T09:15:18.040+0000][16584][gc,marking   ] GC(6) Concurrent Mark From Roots 9.271ms
[2020-09-30T09:15:18.040+0000][16584][gc,marking   ] GC(6) Concurrent Preclean
[2020-09-30T09:15:18.040+0000][16584][gc,marking   ] GC(6) Concurrent Preclean 0.266ms
[2020-09-30T09:15:18.040+0000][16584][gc,marking   ] GC(6) Concurrent Mark (11.888s, 11.898s) 9.728ms
[2020-09-30T09:15:18.041+0000][16584][gc,start     ] GC(6) Pause Remark
[2020-09-30T09:15:18.043+0000][16584][gc           ] GC(6) Pause Remark 53M->53M(1024M) 2.181ms
[2020-09-30T09:15:18.043+0000][16584][gc,cpu       ] GC(6) User=0.00s Sys=0.00s Real=0.00s
[2020-09-30T09:15:18.043+0000][16584][safepoint    ] Safepoint "G1Concurrent", Time since last: 39680400 ns, Reaching safepoint: 127900 ns, At safepoint: 2389900 ns, Total: 2517800 ns
[2020-09-30T09:15:18.043+0000][16584][gc,marking   ] GC(6) Concurrent Rebuild Remembered Sets
[2020-09-30T09:15:18.048+0000][16584][gc,marking   ] GC(6) Concurrent Rebuild Remembered Sets 5.009ms
[2020-09-30T09:15:18.049+0000][16584][gc,start     ] GC(6) Pause Cleanup
[2020-09-30T09:15:18.049+0000][16584][gc           ] GC(6) Pause Cleanup 54M->54M(1024M) 0.293ms
[2020-09-30T09:15:18.049+0000][16584][gc,cpu       ] GC(6) User=0.00s Sys=0.00s Real=0.00s
[2020-09-30T09:15:18.049+0000][16584][safepoint    ] Safepoint "G1Concurrent", Time since last: 5223200 ns, Reaching safepoint: 562200 ns, At safepoint: 527400 ns, Total: 1089600 ns
[2020-09-30T09:15:18.049+0000][16584][gc,marking   ] GC(6) Concurrent Cleanup for Next Mark
[2020-09-30T09:15:18.051+0000][16584][gc,marking   ] GC(6) Concurrent Cleanup for Next Mark 1.825ms
[2020-09-30T09:15:18.051+0000][16584][gc           ] GC(6) Concurrent Cycle 50.857ms
[2020-09-30T09:15:19.225+0000][16584][safepoint    ] Safepoint "ICBufferFull", Time since last: 1174745200 ns, Reaching safepoint: 194100 ns, At safepoint: 46700 ns, Total: 240800 ns
[2020-09-30T09:15:20.225+0000][16584][safepoint    ] Safepoint "Cleanup", Time since last: 1000196400 ns, Reaching safepoint: 153100 ns, At safepoint: 20600 ns, Total: 173700 ns
[2020-09-30T09:15:20.339+0000][16584][safepoint    ] Safepoint "ICBufferFull", Time since last: 113986800 ns, Reaching safepoint: 235600 ns, At safepoint: 3900 ns, Total: 239500 ns
[2020-09-30T09:15:20.840+0000][16584][safepoint    ] Safepoint "BulkRevokeBias", Time since last: 500408400 ns, Reaching safepoint: 326800 ns, At safepoint: 173500 ns, Total: 500300 ns
[2020-09-30T09:15:21.032+0000][16584][safepoint    ] Safepoint "BulkRevokeBias", Time since last: 192520600 ns, Reaching safepoint: 128800 ns, At safepoint: 164000 ns, Total: 292800 ns
[2020-09-30T09:15:21.038+0000][16584][safepoint    ] Safepoint "BulkRevokeBias", Time since last: 5299400 ns, Reaching safepoint: 88200 ns, At safepoint: 147500 ns, Total: 235700 ns
[2020-09-30T09:15:22.046+0000][16584][safepoint    ] Safepoint "Cleanup", Time since last: 1007027200 ns, Reaching safepoint: 394600 ns, At safepoint: 37600 ns, Total: 432200 ns
[2020-09-30T09:15:22.285+0000][16584][gc,start     ] GC(7) Pause Young (Concurrent Start) (Metadata GC Threshold)
[2020-09-30T09:15:22.285+0000][16584][gc,task      ] GC(7) Using 8 workers of 8 for evacuation
[2020-09-30T09:15:22.285+0000][16584][gc,age       ] GC(7) Desired survivor size 27787264 bytes, new threshold 1 (max threshold 15)
[2020-09-30T09:15:22.329+0000][16584][gc,age       ] GC(7) Age table with threshold 1 (max threshold 15)
[2020-09-30T09:15:22.330+0000][16584][gc,age       ] GC(7) - age   1:    8777496 bytes,    8777496 total
[2020-09-30T09:15:22.330+0000][16584][gc,phases    ] GC(7)   Pre Evacuate Collection Set: 0.3ms
[2020-09-30T09:15:22.330+0000][16584][gc,phases    ] GC(7)   Merge Heap Roots: 0.1ms
[2020-09-30T09:15:22.330+0000][16584][gc,phases    ] GC(7)   Evacuate Collection Set: 42.4ms
[2020-09-30T09:15:22.330+0000][16584][gc,phases    ] GC(7)   Post Evacuate Collection Set: 1.8ms
[2020-09-30T09:15:22.330+0000][16584][gc,phases    ] GC(7)   Other: 0.6ms
[2020-09-30T09:15:22.330+0000][16584][gc,heap      ] GC(7) Eden regions: 246->0(507)
[2020-09-30T09:15:22.330+0000][16584][gc,heap      ] GC(7) Survivor regions: 45->10(53)
[2020-09-30T09:15:22.330+0000][16584][gc,heap      ] GC(7) Old regions: 5->50
[2020-09-30T09:15:22.330+0000][16584][gc,heap      ] GC(7) Archive regions: 0->0
[2020-09-30T09:15:22.330+0000][16584][gc,heap      ] GC(7) Humongous regions: 1->1
[2020-09-30T09:15:22.330+0000][16584][gc,metaspace ] GC(7) Metaspace: 55988K(60160K)->55988K(60160K) NonClass: 48330K(50816K)->48330K(50816K) Class: 7658K(9344K)->7658K(9344K)
[2020-09-30T09:15:22.330+0000][16584][gc           ] GC(7) Pause Young (Concurrent Start) (Metadata GC Threshold) 296M->60M(1024M) 45.743ms
[2020-09-30T09:15:22.330+0000][16584][gc,cpu       ] GC(7) User=0.36s Sys=0.02s Real=0.04s
[2020-09-30T09:15:22.330+0000][16584][gc           ] GC(8) Concurrent Cycle
[2020-09-30T09:15:22.331+0000][16584][gc,marking   ] GC(8) Concurrent Clear Claimed Marks
[2020-09-30T09:15:22.331+0000][16584][safepoint    ] Safepoint "CollectForMetadataAllocation", Time since last: 238431500 ns, Reaching safepoint: 104500 ns, At safepoint: 46092700 ns, Total: 46197200 ns
[2020-09-30T09:15:22.331+0000][16584][gc,marking   ] GC(8) Concurrent Clear Claimed Marks 0.232ms
[2020-09-30T09:15:22.331+0000][16584][gc,marking   ] GC(8) Concurrent Scan Root Regions
[2020-09-30T09:15:22.368+0000][16584][gc,marking   ] GC(8) Concurrent Scan Root Regions 37.738ms
[2020-09-30T09:15:22.368+0000][16584][gc,marking   ] GC(8) Concurrent Mark (16.226s)
[2020-09-30T09:15:22.368+0000][16584][gc,marking   ] GC(8) Concurrent Mark From Roots
[2020-09-30T09:15:22.368+0000][16584][gc,task      ] GC(8) Using 2 workers of 2 for marking
[2020-09-30T09:15:22.378+0000][16584][gc,marking   ] GC(8) Concurrent Mark From Roots 9.989ms
[2020-09-30T09:15:22.378+0000][16584][gc,marking   ] GC(8) Concurrent Preclean
[2020-09-30T09:15:22.379+0000][16584][gc,marking   ] GC(8) Concurrent Preclean 0.311ms
[2020-09-30T09:15:22.379+0000][16584][gc,marking   ] GC(8) Concurrent Mark (16.226s, 16.236s) 10.496ms
[2020-09-30T09:15:22.379+0000][16584][gc,start     ] GC(8) Pause Remark
[2020-09-30T09:15:22.382+0000][16584][gc           ] GC(8) Pause Remark 63M->63M(1024M) 2.846ms
[2020-09-30T09:15:22.382+0000][16584][gc,cpu       ] GC(8) User=0.00s Sys=0.00s Real=0.00s
[2020-09-30T09:15:22.382+0000][16584][safepoint    ] Safepoint "G1Concurrent", Time since last: 48635700 ns, Reaching safepoint: 130700 ns, At safepoint: 3067000 ns, Total: 3197700 ns
[2020-09-30T09:15:22.382+0000][16584][gc,marking   ] GC(8) Concurrent Rebuild Remembered Sets
[2020-09-30T09:15:22.435+0000][16584][gc,marking   ] GC(8) Concurrent Rebuild Remembered Sets 53.348ms
[2020-09-30T09:15:22.436+0000][16584][gc,start     ] GC(8) Pause Cleanup
[2020-09-30T09:15:22.437+0000][16584][gc           ] GC(8) Pause Cleanup 64M->64M(1024M) 0.304ms
[2020-09-30T09:15:22.437+0000][16584][gc,cpu       ] GC(8) User=0.00s Sys=0.00s Real=0.00s
[2020-09-30T09:15:22.437+0000][16584][safepoint    ] Safepoint "G1Concurrent", Time since last: 53560300 ns, Reaching safepoint: 970200 ns, At safepoint: 518200 ns, Total: 1488400 ns
[2020-09-30T09:15:22.437+0000][16584][gc,marking   ] GC(8) Concurrent Cleanup for Next Mark
[2020-09-30T09:15:22.439+0000][16584][gc,marking   ] GC(8) Concurrent Cleanup for Next Mark 1.823ms
[2020-09-30T09:15:22.439+0000][16584][gc           ] GC(8) Concurrent Cycle 109.094ms
[2020-09-30T09:15:23.639+0000][16584][safepoint    ] Safepoint "ICBufferFull", Time since last: 1199448700 ns, Reaching safepoint: 1478700 ns, At safepoint: 63600 ns, Total: 1542300 ns
[2020-09-30T09:15:24.110+0000][16584][safepoint    ] Safepoint "BulkRevokeBias", Time since last: 471106700 ns, Reaching safepoint: 553800 ns, At safepoint: 740200 ns, Total: 1294000 ns
[2020-09-30T09:15:25.151+0000][16584][safepoint    ] Safepoint "Cleanup", Time since last: 1040014100 ns, Reaching safepoint: 256700 ns, At safepoint: 58900 ns, Total: 315600 ns
[2020-09-30T09:15:26.157+0000][16584][safepoint    ] Safepoint "Cleanup", Time since last: 1005611800 ns, Reaching safepoint: 85200 ns, At safepoint: 62300 ns, Total: 147500 ns
[2020-09-30T09:15:26.159+0000][16584][safepoint    ] Safepoint "BulkRevokeBias", Time since last: 1623800 ns, Reaching safepoint: 101000 ns, At safepoint: 536300 ns, Total: 637300 ns
[2020-09-30T09:15:26.160+0000][16584][safepoint    ] Safepoint "BulkRevokeBias", Time since last: 247700 ns, Reaching safepoint: 93900 ns, At safepoint: 406200 ns, Total: 500100 ns
[2020-09-30T09:15:26.161+0000][16584][safepoint    ] Safepoint "BulkRevokeBias", Time since last: 612700 ns, Reaching safepoint: 77200 ns, At safepoint: 377100 ns, Total: 454300 ns
[2020-09-30T09:15:27.160+0000][16584][safepoint    ] Safepoint "BulkRevokeBias", Time since last: 997899400 ns, Reaching safepoint: 312600 ns, At safepoint: 830900 ns, Total: 1143500 ns
[2020-09-30T09:15:27.164+0000][16584][safepoint    ] Safepoint "BulkRevokeBias", Time since last: 3311000 ns, Reaching safepoint: 170100 ns, At safepoint: 706400 ns, Total: 876500 ns
[2020-09-30T09:15:27.165+0000][16584][safepoint    ] Safepoint "BulkRevokeBias", Time since last: 636600 ns, Reaching safepoint: 125300 ns, At safepoint: 577200 ns, Total: 702500 ns
[2020-09-30T09:15:27.167+0000][16584][safepoint    ] Safepoint "BulkRevokeBias", Time since last: 137300 ns, Reaching safepoint: 545700 ns, At safepoint: 531900 ns, Total: 1077600 ns
[2020-09-30T09:15:27.167+0000][16584][safepoint    ] Safepoint "BulkRevokeBias", Time since last: 131300 ns, Reaching safepoint: 84200 ns, At safepoint: 558300 ns, Total: 642500 ns
[2020-09-30T09:15:27.386+0000][16584][safepoint    ] Safepoint "BulkRevokeBias", Time since last: 216585500 ns, Reaching safepoint: 203500 ns, At safepoint: 1544500 ns, Total: 1748000 ns
[2020-09-30T09:15:27.630+0000][16584][safepoint    ] Safepoint "BulkRevokeBias", Time since last: 243561000 ns, Reaching safepoint: 274300 ns, At safepoint: 637500 ns, Total: 911800 ns
[2020-09-30T09:15:28.791+0000][16584][safepoint    ] Safepoint "Cleanup", Time since last: 1159936300 ns, Reaching safepoint: 189500 ns, At safepoint: 4700 ns, Total: 194200 ns
[2020-09-30T09:15:29.791+0000][16584][safepoint    ] Safepoint "Cleanup", Time since last: 1000338000 ns, Reaching safepoint: 135800 ns, At safepoint: 3800 ns, Total: 139600 ns
[2020-09-30T09:15:30.792+0000][16584][safepoint    ] Safepoint "Cleanup", Time since last: 1000798500 ns, Reaching safepoint: 156300 ns, At safepoint: 4000 ns, Total: 160300 ns
[2020-09-30T09:15:31.793+0000][16584][safepoint    ] Safepoint "Cleanup", Time since last: 1000460500 ns, Reaching safepoint: 116000 ns, At safepoint: 4000 ns, Total: 120000 ns
[2020-09-30T09:15:32.793+0000][16584][safepoint    ] Safepoint "Cleanup", Time since last: 1000563800 ns, Reaching safepoint: 155200 ns, At safepoint: 4500 ns, Total: 159700 ns
[2020-09-30T09:15:34.794+0000][16584][safepoint    ] Safepoint "Cleanup", Time since last: 2000181500 ns, Reaching safepoint: 103300 ns, At safepoint: 4300 ns, Total: 107600 ns
[2020-09-30T09:15:35.794+0000][16584][safepoint    ] Safepoint "Cleanup", Time since last: 1000709900 ns, Reaching safepoint: 124000 ns, At safepoint: 4500 ns, Total: 128500 ns
[2020-09-30T09:15:37.795+0000][16584][safepoint    ] Safepoint "Cleanup", Time since last: 2000232300 ns, Reaching safepoint: 97000 ns, At safepoint: 4400 ns, Total: 101400 ns
[2020-09-30T09:15:38.796+0000][16584][safepoint    ] Safepoint "Cleanup", Time since last: 1000812600 ns, Reaching safepoint: 105400 ns, At safepoint: 3900 ns, Total: 109300 ns
[2020-09-30T09:15:39.797+0000][16584][safepoint    ] Safepoint "Cleanup", Time since last: 1000847000 ns, Reaching safepoint: 146200 ns, At safepoint: 4000 ns, Total: 150200 ns
[2020-09-30T09:15:40.797+0000][16584][safepoint    ] Safepoint "Cleanup", Time since last: 1000087900 ns, Reaching safepoint: 85600 ns, At safepoint: 4200 ns, Total: 89800 ns
[2020-09-30T09:15:41.798+0000][16584][safepoint    ] Safepoint "Cleanup", Time since last: 1000812500 ns, Reaching safepoint: 146500 ns, At safepoint: 4500 ns, Total: 151000 ns
[2020-09-30T09:15:42.798+0000][16584][safepoint    ] Safepoint "Cleanup", Time since last: 1000143400 ns, Reaching safepoint: 110800 ns, At safepoint: 5700 ns, Total: 116500 ns
[2020-09-30T09:15:43.799+0000][16584][safepoint    ] Safepoint "Cleanup", Time since last: 1000694700 ns, Reaching safepoint: 80600 ns, At safepoint: 3600 ns, Total: 84200 ns
[2020-09-30T09:15:45.685+0000][16584][safepoint    ] Safepoint "Cleanup", Time since last: 1885630200 ns, Reaching safepoint: 93900 ns, At safepoint: 21400 ns, Total: 115300 ns
[2020-09-30T09:15:46.685+0000][16584][safepoint    ] Safepoint "Cleanup", Time since last: 1000441600 ns, Reaching safepoint: 88900 ns, At safepoint: 19400 ns, Total: 108300 ns
[2020-09-30T09:15:48.686+0000][16584][safepoint    ] Safepoint "Cleanup", Time since last: 2000212800 ns, Reaching safepoint: 99200 ns, At safepoint: 5000 ns, Total: 104200 ns
[2020-09-30T09:15:49.686+0000][16584][safepoint    ] Safepoint "Cleanup", Time since last: 1000430900 ns, Reaching safepoint: 101000 ns, At safepoint: 3800 ns, Total: 104800 ns
[2020-09-30T09:15:51.687+0000][16584][safepoint    ] Safepoint "Cleanup", Time since last: 2000451100 ns, Reaching safepoint: 80200 ns, At safepoint: 4300 ns, Total: 84500 ns
[2020-09-30T09:15:52.687+0000][16584][safepoint    ] Safepoint "Cleanup", Time since last: 1000327800 ns, Reaching safepoint: 76700 ns, At safepoint: 3700 ns, Total: 80400 ns
[2020-09-30T09:15:53.687+0000][16584][safepoint    ] Safepoint "Cleanup", Time since last: 1000309900 ns, Reaching safepoint: 108500 ns, At safepoint: 21400 ns, Total: 129900 ns
[2020-09-30T09:15:54.688+0000][16584][safepoint    ] Safepoint "Cleanup", Time since last: 1000631500 ns, Reaching safepoint: 94300 ns, At safepoint: 4100 ns, Total: 98400 ns
[2020-09-30T09:15:55.689+0000][16584][safepoint    ] Safepoint "Cleanup", Time since last: 1000806100 ns, Reaching safepoint: 99500 ns, At safepoint: 3500 ns, Total: 103000 ns
[2020-09-30T09:15:56.689+0000][16584][safepoint    ] Safepoint "Cleanup", Time since last: 1000202200 ns, Reaching safepoint: 94700 ns, At safepoint: 4200 ns, Total: 98900 ns
[2020-09-30T09:15:57.690+0000][16584][safepoint    ] Safepoint "Cleanup", Time since last: 1000243700 ns, Reaching safepoint: 102000 ns, At safepoint: 3400 ns, Total: 105400 ns
[2020-09-30T09:15:59.691+0000][16584][safepoint    ] Safepoint "Cleanup", Time since last: 2000901000 ns, Reaching safepoint: 79200 ns, At safepoint: 4600 ns, Total: 83800 ns
[2020-09-30T09:16:00.691+0000][16584][safepoint    ] Safepoint "Cleanup", Time since last: 1000455400 ns, Reaching safepoint: 86400 ns, At safepoint: 8800 ns, Total: 95200 ns
[2020-09-30T09:16:01.692+0000][16584][safepoint    ] Safepoint "Cleanup", Time since last: 1000513900 ns, Reaching safepoint: 103600 ns, At safepoint: 3500 ns, Total: 107100 ns
[2020-09-30T09:16:03.692+0000][16584][safepoint    ] Safepoint "Cleanup", Time since last: 2000021700 ns, Reaching safepoint: 95300 ns, At safepoint: 4400 ns, Total: 99700 ns
[2020-09-30T09:16:04.692+0000][16584][safepoint    ] Safepoint "Cleanup", Time since last: 1000272100 ns, Reaching safepoint: 136100 ns, At safepoint: 4900 ns, Total: 141000 ns
[2020-09-30T09:16:05.693+0000][16584][safepoint    ] Safepoint "Cleanup", Time since last: 1000411100 ns, Reaching safepoint: 86900 ns, At safepoint: 5200 ns, Total: 92100 ns
[2020-09-30T09:16:06.694+0000][16584][safepoint    ] Safepoint "Cleanup", Time since last: 1000798600 ns, Reaching safepoint: 92900 ns, At safepoint: 4600 ns, Total: 97500 ns
[2020-09-30T09:16:07.694+0000][16584][safepoint    ] Safepoint "Cleanup", Time since last: 1000307700 ns, Reaching safepoint: 83800 ns, At safepoint: 4600 ns, Total: 88400 ns
[2020-09-30T09:16:08.695+0000][16584][safepoint    ] Safepoint "Cleanup", Time since last: 1000203700 ns, Reaching safepoint: 71000 ns, At safepoint: 3200 ns, Total: 74200 ns
[2020-09-30T09:16:09.695+0000][16584][safepoint    ] Safepoint "Cleanup", Time since last: 1000239600 ns, Reaching safepoint: 101000 ns, At safepoint: 6400 ns, Total: 107400 ns
[2020-09-30T09:16:10.695+0000][16584][safepoint    ] Safepoint "Cleanup", Time since last: 1000041700 ns, Reaching safepoint: 110700 ns, At safepoint: 4900 ns, Total: 115600 ns
[2020-09-30T09:16:12.695+0000][16584][safepoint    ] Safepoint "Cleanup", Time since last: 2000095100 ns, Reaching safepoint: 101700 ns, At safepoint: 6400 ns, Total: 108100 ns
[2020-09-30T09:16:13.696+0000][16584][safepoint    ] Safepoint "Cleanup", Time since last: 1000250300 ns, Reaching safepoint: 128000 ns, At safepoint: 7000 ns, Total: 135000 ns
[2020-09-30T09:16:14.696+0000][16584][safepoint    ] Safepoint "Cleanup", Time since last: 1000745400 ns, Reaching safepoint: 117000 ns, At safepoint: 5700 ns, Total: 122700 ns
[2020-09-30T09:16:15.697+0000][16584][safepoint    ] Safepoint "Cleanup", Time since last: 1000528800 ns, Reaching safepoint: 161400 ns, At safepoint: 7700 ns, Total: 169100 ns
[2020-09-30T09:16:16.697+0000][16584][safepoint    ] Safepoint "Cleanup", Time since last: 1000042200 ns, Reaching safepoint: 119700 ns, At safepoint: 5800 ns, Total: 125500 ns
[2020-09-30T09:16:17.698+0000][16584][safepoint    ] Safepoint "Cleanup", Time since last: 1000080100 ns, Reaching safepoint: 122500 ns, At safepoint: 7100 ns, Total: 129600 ns
[2020-09-30T09:16:18.698+0000][16584][safepoint    ] Safepoint "Cleanup", Time since last: 1000211800 ns, Reaching safepoint: 109100 ns, At safepoint: 6600 ns, Total: 115700 ns
[2020-09-30T09:16:20.199+0000][16584][safepoint    ] Safepoint "Cleanup", Time since last: 1501431800 ns, Reaching safepoint: 116400 ns, At safepoint: 7500 ns, Total: 123900 ns
[2020-09-30T09:16:21.200+0000][16584][safepoint    ] Safepoint "Cleanup", Time since last: 1000132300 ns, Reaching safepoint: 102200 ns, At safepoint: 6800 ns, Total: 109000 ns
[2020-09-30T09:16:22.200+0000][16584][safepoint    ] Safepoint "Cleanup", Time since last: 1000100000 ns, Reaching safepoint: 115200 ns, At safepoint: 3500 ns, Total: 118700 ns
[2020-09-30T09:16:24.200+0000][16584][safepoint    ] Safepoint "Cleanup", Time since last: 2000235400 ns, Reaching safepoint: 117900 ns, At safepoint: 6800 ns, Total: 124700 ns
[2020-09-30T09:16:25.201+0000][16584][safepoint    ] Safepoint "Cleanup", Time since last: 1000488200 ns, Reaching safepoint: 119800 ns, At safepoint: 6900 ns, Total: 126700 ns
[2020-09-30T09:16:26.201+0000][16584][safepoint    ] Safepoint "Cleanup", Time since last: 1000066900 ns, Reaching safepoint: 116100 ns, At safepoint: 4400 ns, Total: 120500 ns
[2020-09-30T09:16:28.202+0000][16584][safepoint    ] Safepoint "Cleanup", Time since last: 2000543000 ns, Reaching safepoint: 109400 ns, At safepoint: 7000 ns, Total: 116400 ns
[2020-09-30T09:16:38.205+0000][16584][safepoint    ] Safepoint "Cleanup", Time since last: 10003091200 ns, Reaching safepoint: 104500 ns, At safepoint: 4000 ns, Total: 108500 ns
[2020-09-30T09:16:39.206+0000][16584][safepoint    ] Safepoint "Cleanup", Time since last: 1000791300 ns, Reaching safepoint: 125300 ns, At safepoint: 6600 ns, Total: 131900 ns
[2020-09-30T09:16:44.208+0000][16584][safepoint    ] Safepoint "Cleanup", Time since last: 5001638100 ns, Reaching safepoint: 98000 ns, At safepoint: 4400 ns, Total: 102400 ns
[2020-09-30T09:16:49.517+0000][16584][safepoint    ] Safepoint "Cleanup", Time since last: 5309194800 ns, Reaching safepoint: 103800 ns, At safepoint: 4700 ns, Total: 108500 ns
[2020-09-30T09:16:50.384+0000][16584][safepoint    ] Safepoint "BulkRevokeBias", Time since last: 865808300 ns, Reaching safepoint: 197300 ns, At safepoint: 683800 ns, Total: 881100 ns
[2020-09-30T09:16:50.771+0000][16584][safepoint    ] Safepoint "BulkRevokeBias", Time since last: 380906200 ns, Reaching safepoint: 3712300 ns, At safepoint: 2728000 ns, Total: 6440300 ns
[2020-09-30T09:16:50.869+0000][16584][safepoint    ] Safepoint "BulkRevokeBias", Time since last: 88561200 ns, Reaching safepoint: 7235800 ns, At safepoint: 2341500 ns, Total: 9577300 ns
[2020-09-30T09:16:51.318+0000][16584][safepoint    ] Safepoint "BulkRevokeBias", Time since last: 446540500 ns, Reaching safepoint: 284600 ns, At safepoint: 1696600 ns, Total: 1981200 ns
[2020-09-30T09:16:51.389+0000][16584][safepoint    ] Safepoint "BulkRevokeBias", Time since last: 71224200 ns, Reaching safepoint: 145600 ns, At safepoint: 535800 ns, Total: 681400 ns
[2020-09-30T09:16:51.748+0000][16584][safepoint    ] Safepoint "BulkRevokeBias", Time since last: 357074800 ns, Reaching safepoint: 237800 ns, At safepoint: 922300 ns, Total: 1160100 ns
[2020-09-30T09:16:52.000+0000][16584][safepoint    ] Safepoint "BulkRevokeBias", Time since last: 252246500 ns, Reaching safepoint: 220900 ns, At safepoint: 812900 ns, Total: 1033800 ns
[2020-09-30T09:16:52.103+0000][16584][safepoint    ] Safepoint "BulkRevokeBias", Time since last: 102057700 ns, Reaching safepoint: 162900 ns, At safepoint: 739400 ns, Total: 902300 ns
[2020-09-30T09:16:52.107+0000][16584][safepoint    ] Safepoint "BulkRevokeBias", Time since last: 2364700 ns, Reaching safepoint: 142700 ns, At safepoint: 773500 ns, Total: 916200 ns
[2020-09-30T09:16:52.306+0000][16584][safepoint    ] Safepoint "BulkRevokeBias", Time since last: 198456100 ns, Reaching safepoint: 208600 ns, At safepoint: 787500 ns, Total: 996100 ns
[2020-09-30T09:16:52.687+0000][16584][safepoint    ] Safepoint "BulkRevokeBias", Time since last: 378710100 ns, Reaching safepoint: 132100 ns, At safepoint: 1463400 ns, Total: 1595500 ns
[2020-09-30T09:16:52.707+0000][16584][safepoint    ] Safepoint "BulkRevokeBias", Time since last: 18986900 ns, Reaching safepoint: 106300 ns, At safepoint: 1192000 ns, Total: 1298300 ns
[2020-09-30T09:16:52.930+0000][16584][safepoint    ] Safepoint "ICBufferFull", Time since last: 211156700 ns, Reaching safepoint: 805200 ns, At safepoint: 10649700 ns, Total: 11454900 ns
[2020-09-30T09:16:53.017+0000][16584][safepoint    ] Safepoint "BulkRevokeBias", Time since last: 85506200 ns, Reaching safepoint: 277400 ns, At safepoint: 1722900 ns, Total: 2000300 ns
[2020-09-30T09:16:53.817+0000][16584][safepoint    ] Safepoint "ICBufferFull", Time since last: 800411300 ns, Reaching safepoint: 272100 ns, At safepoint: 31100 ns, Total: 303200 ns
[2020-09-30T09:16:53.890+0000][16584][safepoint    ] Safepoint "BulkRevokeBias", Time since last: 70754900 ns, Reaching safepoint: 329500 ns, At safepoint: 1444100 ns, Total: 1773600 ns
[2020-09-30T09:16:54.282+0000][16584][safepoint    ] Safepoint "BulkRevokeBias", Time since last: 391201900 ns, Reaching safepoint: 191900 ns, At safepoint: 936200 ns, Total: 1128100 ns
[2020-09-30T09:16:54.961+0000][16584][safepoint    ] Safepoint "BulkRevokeBias", Time since last: 677052300 ns, Reaching safepoint: 169100 ns, At safepoint: 1099700 ns, Total: 1268800 ns
[2020-09-30T09:16:55.094+0000][16584][gc,start     ] GC(9) Pause Young (Concurrent Start) (G1 Humongous Allocation)
[2020-09-30T09:16:55.094+0000][16584][gc,task      ] GC(9) Using 8 workers of 8 for evacuation
[2020-09-30T09:16:55.095+0000][16584][gc,age       ] GC(9) Desired survivor size 37224448 bytes, new threshold 15 (max threshold 15)
[2020-09-30T09:16:55.117+0000][16584][gc,age       ] GC(9) Age table with threshold 15 (max threshold 15)
[2020-09-30T09:16:55.117+0000][16584][gc,age       ] GC(9) - age   1:   14455200 bytes,   14455200 total
[2020-09-30T09:16:55.117+0000][16584][gc,age       ] GC(9) - age   2:    8336800 bytes,   22792000 total
[2020-09-30T09:16:55.117+0000][16584][gc,phases    ] GC(9)   Pre Evacuate Collection Set: 0.5ms
[2020-09-30T09:16:55.117+0000][16584][gc,phases    ] GC(9)   Merge Heap Roots: 0.1ms
[2020-09-30T09:16:55.117+0000][16584][gc,phases    ] GC(9)   Evacuate Collection Set: 19.3ms
[2020-09-30T09:16:55.117+0000][16584][gc,phases    ] GC(9)   Post Evacuate Collection Set: 2.2ms
[2020-09-30T09:16:55.117+0000][16584][gc,phases    ] GC(9)   Other: 0.8ms
[2020-09-30T09:16:55.117+0000][16584][gc,heap      ] GC(9) Eden regions: 535->0(512)
[2020-09-30T09:16:55.117+0000][16584][gc,heap      ] GC(9) Survivor regions: 10->24(71)
[2020-09-30T09:16:55.117+0000][16584][gc,heap      ] GC(9) Old regions: 50->50
[2020-09-30T09:16:55.117+0000][16584][gc,heap      ] GC(9) Archive regions: 0->0
[2020-09-30T09:16:55.117+0000][16584][gc,heap      ] GC(9) Humongous regions: 257->89
[2020-09-30T09:16:55.117+0000][16584][gc,metaspace ] GC(9) Metaspace: 80334K(86144K)->80334K(86144K) NonClass: 69509K(72960K)->69509K(72960K) Class: 10824K(13184K)->10824K(13184K)
[2020-09-30T09:16:55.118+0000][16584][gc           ] GC(9) Pause Young (Concurrent Start) (G1 Humongous Allocation) 850M->161M(1024M) 23.258ms
[2020-09-30T09:16:55.118+0000][16584][gc,cpu       ] GC(9) User=0.11s Sys=0.00s Real=0.02s
[2020-09-30T09:16:55.118+0000][16584][gc           ] GC(10) Concurrent Cycle
[2020-09-30T09:16:55.118+0000][16584][gc,marking   ] GC(10) Concurrent Clear Claimed Marks
[2020-09-30T09:16:55.118+0000][16584][gc,marking   ] GC(10) Concurrent Clear Claimed Marks 0.332ms
[2020-09-30T09:16:55.118+0000][16584][gc,marking   ] GC(10) Concurrent Scan Root Regions
[2020-09-30T09:16:55.118+0000][16584][safepoint    ] Safepoint "G1TryInitiateConcMark", Time since last: 132511900 ns, Reaching safepoint: 251000 ns, At safepoint: 23907400 ns, Total: 24158400 ns
[2020-09-30T09:16:55.136+0000][16584][gc,marking   ] GC(10) Concurrent Scan Root Regions 18.196ms
[2020-09-30T09:16:55.136+0000][16584][gc,marking   ] GC(10) Concurrent Mark (108.993s)
[2020-09-30T09:16:55.136+0000][16584][gc,marking   ] GC(10) Concurrent Mark From Roots
[2020-09-30T09:16:55.136+0000][16584][gc,task      ] GC(10) Using 2 workers of 2 for marking
[2020-09-30T09:16:55.248+0000][16584][gc,marking   ] GC(10) Concurrent Mark From Roots 111.901ms
[2020-09-30T09:16:55.248+0000][16584][gc,marking   ] GC(10) Concurrent Preclean
[2020-09-30T09:16:55.248+0000][16584][gc,marking   ] GC(10) Concurrent Preclean 0.558ms
[2020-09-30T09:16:55.249+0000][16584][gc,marking   ] GC(10) Concurrent Mark (108.993s, 109.106s) 112.714ms
[2020-09-30T09:16:55.249+0000][16584][gc,start     ] GC(10) Pause Remark
[2020-09-30T09:16:55.252+0000][16584][gc           ] GC(10) Pause Remark 201M->201M(1024M) 3.606ms
[2020-09-30T09:16:55.253+0000][16584][gc,cpu       ] GC(10) User=0.00s Sys=0.00s Real=0.00s
[2020-09-30T09:16:55.253+0000][16584][safepoint    ] Safepoint "G1Concurrent", Time since last: 131050600 ns, Reaching safepoint: 165200 ns, At safepoint: 3872000 ns, Total: 4037200 ns
[2020-09-30T09:16:55.253+0000][16584][gc,marking   ] GC(10) Concurrent Rebuild Remembered Sets
[2020-09-30T09:16:55.318+0000][16584][gc,marking   ] GC(10) Concurrent Rebuild Remembered Sets 64.700ms
[2020-09-30T09:16:55.318+0000][16584][gc,start     ] GC(10) Pause Cleanup
[2020-09-30T09:16:55.319+0000][16584][gc           ] GC(10) Pause Cleanup 201M->201M(1024M) 0.352ms
[2020-09-30T09:16:55.319+0000][16584][gc,cpu       ] GC(10) User=0.00s Sys=0.00s Real=0.00s
[2020-09-30T09:16:55.319+0000][16584][safepoint    ] Safepoint "G1Concurrent", Time since last: 64936700 ns, Reaching safepoint: 605800 ns, At safepoint: 527300 ns, Total: 1133100 ns
[2020-09-30T09:16:55.319+0000][16584][gc,marking   ] GC(10) Concurrent Cleanup for Next Mark
[2020-09-30T09:16:55.320+0000][16584][gc,marking   ] GC(10) Concurrent Cleanup for Next Mark 1.468ms
[2020-09-30T09:16:55.320+0000][16584][gc           ] GC(10) Concurrent Cycle 203.263ms
[2020-09-30T09:16:55.536+0000][16584][safepoint    ] Safepoint "BulkRevokeBias", Time since last: 215876400 ns, Reaching safepoint: 179000 ns, At safepoint: 976600 ns, Total: 1155600 ns
[2020-09-30T09:16:55.552+0000][16584][safepoint    ] Safepoint "BulkRevokeBias", Time since last: 13814000 ns, Reaching safepoint: 154500 ns, At safepoint: 1483800 ns, Total: 1638300 ns
[2020-09-30T09:16:55.668+0000][16584][safepoint    ] Safepoint "BulkRevokeBias", Time since last: 115304000 ns, Reaching safepoint: 187800 ns, At safepoint: 928000 ns, Total: 1115800 ns
[2020-09-30T09:16:55.674+0000][16584][safepoint    ] Safepoint "BulkRevokeBias", Time since last: 3568400 ns, Reaching safepoint: 304900 ns, At safepoint: 1966700 ns, Total: 2271600 ns
[2020-09-30T09:16:55.807+0000][16584][gc,start     ] GC(11) Pause Young (Concurrent Start) (G1 Humongous Allocation)
[2020-09-30T09:16:55.807+0000][16584][gc,task      ] GC(11) Using 8 workers of 8 for evacuation
[2020-09-30T09:16:55.807+0000][16584][gc,age       ] GC(11) Desired survivor size 35127296 bytes, new threshold 15 (max threshold 15)
[2020-09-30T09:16:55.828+0000][16584][gc,age       ] GC(11) Age table with threshold 15 (max threshold 15)
[2020-09-30T09:16:55.828+0000][16584][gc,age       ] GC(11) - age   1:    1968512 bytes,    1968512 total
[2020-09-30T09:16:55.828+0000][16584][gc,age       ] GC(11) - age   2:   12361584 bytes,   14330096 total
[2020-09-30T09:16:55.828+0000][16584][gc,age       ] GC(11) - age   3:    8327768 bytes,   22657864 total
[2020-09-30T09:16:55.828+0000][16584][gc,phases    ] GC(11)   Pre Evacuate Collection Set: 0.5ms
[2020-09-30T09:16:55.828+0000][16584][gc,phases    ] GC(11)   Merge Heap Roots: 0.1ms
[2020-09-30T09:16:55.828+0000][16584][gc,phases    ] GC(11)   Evacuate Collection Set: 16.7ms
[2020-09-30T09:16:55.828+0000][16584][gc,phases    ] GC(11)   Post Evacuate Collection Set: 2.6ms
[2020-09-30T09:16:55.828+0000][16584][gc,phases    ] GC(11)   Other: 0.8ms
[2020-09-30T09:16:55.828+0000][16584][gc,heap      ] GC(11) Eden regions: 70->0(529)
[2020-09-30T09:16:55.828+0000][16584][gc,heap      ] GC(11) Survivor regions: 24->24(67)
[2020-09-30T09:16:55.828+0000][16584][gc,heap      ] GC(11) Old regions: 50->50
[2020-09-30T09:16:55.828+0000][16584][gc,heap      ] GC(11) Archive regions: 0->0
[2020-09-30T09:16:55.828+0000][16584][gc,heap      ] GC(11) Humongous regions: 257->89
[2020-09-30T09:16:55.828+0000][16584][gc,metaspace ] GC(11) Metaspace: 80663K(86400K)->80663K(86400K) NonClass: 69794K(73216K)->69794K(73216K) Class: 10868K(13184K)->10868K(13184K)
[2020-09-30T09:16:55.828+0000][16584][gc           ] GC(11) Pause Young (Concurrent Start) (G1 Humongous Allocation) 399M->162M(1024M) 21.202ms
[2020-09-30T09:16:55.829+0000][16584][gc,cpu       ] GC(11) User=0.22s Sys=0.00s Real=0.02s
[2020-09-30T09:16:55.829+0000][16584][gc           ] GC(12) Concurrent Cycle
[2020-09-30T09:16:55.829+0000][16584][safepoint    ] Safepoint "G1TryInitiateConcMark", Time since last: 132896400 ns, Reaching safepoint: 291300 ns, At safepoint: 21477400 ns, Total: 21768700 ns
[2020-09-30T09:16:55.829+0000][16584][gc,marking   ] GC(12) Concurrent Clear Claimed Marks
[2020-09-30T09:16:55.829+0000][16584][gc,marking   ] GC(12) Concurrent Clear Claimed Marks 0.516ms
[2020-09-30T09:16:55.829+0000][16584][gc,marking   ] GC(12) Concurrent Scan Root Regions
[2020-09-30T09:16:55.849+0000][16584][gc,marking   ] GC(12) Concurrent Scan Root Regions 19.306ms
[2020-09-30T09:16:55.849+0000][16584][gc,marking   ] GC(12) Concurrent Mark (109.705s)
[2020-09-30T09:16:55.849+0000][16584][gc,marking   ] GC(12) Concurrent Mark From Roots
[2020-09-30T09:16:55.849+0000][16584][gc,task      ] GC(12) Using 2 workers of 2 for marking
[2020-09-30T09:16:55.986+0000][16584][gc,marking   ] GC(12) Concurrent Mark From Roots 136.780ms
[2020-09-30T09:16:55.986+0000][16584][gc,marking   ] GC(12) Concurrent Preclean
[2020-09-30T09:16:55.986+0000][16584][gc,marking   ] GC(12) Concurrent Preclean 0.495ms
[2020-09-30T09:16:55.986+0000][16584][gc,marking   ] GC(12) Concurrent Mark (109.705s, 109.843s) 137.503ms
[2020-09-30T09:16:55.986+0000][16584][gc,start     ] GC(12) Pause Remark
[2020-09-30T09:16:55.990+0000][16584][gc           ] GC(12) Pause Remark 180M->180M(1024M) 3.463ms
[2020-09-30T09:16:55.990+0000][16584][gc,cpu       ] GC(12) User=0.00s Sys=0.00s Real=0.00s
[2020-09-30T09:16:55.990+0000][16584][safepoint    ] Safepoint "G1Concurrent", Time since last: 157619500 ns, Reaching safepoint: 141000 ns, At safepoint: 3715600 ns, Total: 3856600 ns
[2020-09-30T09:16:55.990+0000][16584][gc,marking   ] GC(12) Concurrent Rebuild Remembered Sets
[2020-09-30T09:16:56.064+0000][16584][gc,marking   ] GC(12) Concurrent Rebuild Remembered Sets 73.337ms
[2020-09-30T09:16:56.064+0000][16584][gc,start     ] GC(12) Pause Cleanup
[2020-09-30T09:16:56.064+0000][16584][gc           ] GC(12) Pause Cleanup 181M->181M(1024M) 0.295ms
[2020-09-30T09:16:56.065+0000][16584][gc,cpu       ] GC(12) User=0.00s Sys=0.00s Real=0.00s
[2020-09-30T09:16:56.065+0000][16584][safepoint    ] Safepoint "G1Concurrent", Time since last: 73542000 ns, Reaching safepoint: 505300 ns, At safepoint: 525900 ns, Total: 1031200 ns
[2020-09-30T09:16:56.065+0000][16584][gc,marking   ] GC(12) Concurrent Cleanup for Next Mark
[2020-09-30T09:16:56.067+0000][16584][gc,marking   ] GC(12) Concurrent Cleanup for Next Mark 1.890ms
[2020-09-30T09:16:56.067+0000][16584][gc           ] GC(12) Concurrent Cycle 238.195ms
[2020-09-30T09:16:57.130+0000][16584][safepoint    ] Safepoint "Cleanup", Time since last: 1065499200 ns, Reaching safepoint: 150100 ns, At safepoint: 27600 ns, Total: 177700 ns
[2020-09-30T09:16:57.756+0000][16584][safepoint    ] Safepoint "BulkRevokeBias", Time since last: 623982100 ns, Reaching safepoint: 293800 ns, At safepoint: 1465900 ns, Total: 1759700 ns
[2020-09-30T09:16:57.783+0000][16584][gc,start     ] GC(13) Pause Young (Concurrent Start) (G1 Humongous Allocation)
[2020-09-30T09:16:57.783+0000][16584][gc,task      ] GC(13) Using 8 workers of 8 for evacuation
[2020-09-30T09:16:57.783+0000][16584][gc,age       ] GC(13) Desired survivor size 36700160 bytes, new threshold 15 (max threshold 15)
[2020-09-30T09:16:57.802+0000][16584][gc,age       ] GC(13) Age table with threshold 15 (max threshold 15)
[2020-09-30T09:16:57.802+0000][16584][gc,age       ] GC(13) - age   1:    3034432 bytes,    3034432 total
[2020-09-30T09:16:57.802+0000][16584][gc,age       ] GC(13) - age   2:     297328 bytes,    3331760 total
[2020-09-30T09:16:57.802+0000][16584][gc,age       ] GC(13) - age   3:   12310296 bytes,   15642056 total
[2020-09-30T09:16:57.802+0000][16584][gc,age       ] GC(13) - age   4:    8327352 bytes,   23969408 total
[2020-09-30T09:16:57.802+0000][16584][gc,phases    ] GC(13)   Pre Evacuate Collection Set: 0.5ms
[2020-09-30T09:16:57.802+0000][16584][gc,phases    ] GC(13)   Merge Heap Roots: 0.1ms
[2020-09-30T09:16:57.802+0000][16584][gc,phases    ] GC(13)   Evacuate Collection Set: 15.4ms
[2020-09-30T09:16:57.802+0000][16584][gc,phases    ] GC(13)   Post Evacuate Collection Set: 2.1ms
[2020-09-30T09:16:57.802+0000][16584][gc,phases    ] GC(13)   Other: 0.8ms
[2020-09-30T09:16:57.802+0000][16584][gc,heap      ] GC(13) Eden regions: 89->0(543)
[2020-09-30T09:16:57.802+0000][16584][gc,heap      ] GC(13) Survivor regions: 24->25(70)
[2020-09-30T09:16:57.802+0000][16584][gc,heap      ] GC(13) Old regions: 50->50
[2020-09-30T09:16:57.802+0000][16584][gc,heap      ] GC(13) Archive regions: 0->0
[2020-09-30T09:16:57.802+0000][16584][gc,heap      ] GC(13) Humongous regions: 257->89
[2020-09-30T09:16:57.802+0000][16584][gc,metaspace ] GC(13) Metaspace: 81601K(87552K)->81601K(87552K) NonClass: 70635K(74240K)->70635K(74240K) Class: 10965K(13312K)->10965K(13312K)
[2020-09-30T09:16:57.802+0000][16584][gc           ] GC(13) Pause Young (Concurrent Start) (G1 Humongous Allocation) 419M->163M(1024M) 19.386ms
[2020-09-30T09:16:57.803+0000][16584][gc,cpu       ] GC(13) User=0.13s Sys=0.00s Real=0.02s
[2020-09-30T09:16:57.803+0000][16584][gc           ] GC(14) Concurrent Cycle
[2020-09-30T09:16:57.803+0000][16584][safepoint    ] Safepoint "G1TryInitiateConcMark", Time since last: 26876700 ns, Reaching safepoint: 180700 ns, At safepoint: 19639600 ns, Total: 19820300 ns
[2020-09-30T09:16:57.803+0000][16584][gc,marking   ] GC(14) Concurrent Clear Claimed Marks
[2020-09-30T09:16:57.803+0000][16584][gc,marking   ] GC(14) Concurrent Clear Claimed Marks 0.447ms
[2020-09-30T09:16:57.803+0000][16584][gc,marking   ] GC(14) Concurrent Scan Root Regions
[2020-09-30T09:16:57.822+0000][16584][gc,marking   ] GC(14) Concurrent Scan Root Regions 18.821ms
[2020-09-30T09:16:57.822+0000][16584][gc,marking   ] GC(14) Concurrent Mark (111.679s)
[2020-09-30T09:16:57.822+0000][16584][gc,marking   ] GC(14) Concurrent Mark From Roots
[2020-09-30T09:16:57.822+0000][16584][gc,task      ] GC(14) Using 2 workers of 2 for marking
[2020-09-30T09:16:57.937+0000][16584][gc,marking   ] GC(14) Concurrent Mark From Roots 114.934ms
[2020-09-30T09:16:57.937+0000][16584][gc,marking   ] GC(14) Concurrent Preclean
[2020-09-30T09:16:57.938+0000][16584][gc,marking   ] GC(14) Concurrent Preclean 0.508ms
[2020-09-30T09:16:57.938+0000][16584][gc,marking   ] GC(14) Concurrent Mark (111.679s, 111.795s) 115.621ms
[2020-09-30T09:16:57.938+0000][16584][gc,start     ] GC(14) Pause Remark
[2020-09-30T09:16:57.942+0000][16584][gc           ] GC(14) Pause Remark 265M->265M(1024M) 4.000ms
[2020-09-30T09:16:57.942+0000][16584][gc,cpu       ] GC(14) User=0.00s Sys=0.00s Real=0.00s
[2020-09-30T09:16:57.942+0000][16584][safepoint    ] Safepoint "G1Concurrent", Time since last: 135196200 ns, Reaching safepoint: 167400 ns, At safepoint: 4240300 ns, Total: 4407700 ns
[2020-09-30T09:16:57.942+0000][16584][gc,marking   ] GC(14) Concurrent Rebuild Remembered Sets
[2020-09-30T09:16:58.005+0000][16584][gc,marking   ] GC(14) Concurrent Rebuild Remembered Sets 63.468ms
[2020-09-30T09:16:58.005+0000][16584][gc,start     ] GC(14) Pause Cleanup
[2020-09-30T09:16:58.006+0000][16584][gc           ] GC(14) Pause Cleanup 275M->275M(1024M) 0.808ms
[2020-09-30T09:16:58.006+0000][16584][gc,cpu       ] GC(14) User=0.00s Sys=0.00s Real=0.00s
[2020-09-30T09:16:58.006+0000][16584][safepoint    ] Safepoint "G1Concurrent", Time since last: 63667900 ns, Reaching safepoint: 181000 ns, At safepoint: 1003200 ns, Total: 1184200 ns
[2020-09-30T09:16:58.007+0000][16584][gc,marking   ] GC(14) Concurrent Cleanup for Next Mark
[2020-09-30T09:16:58.008+0000][16584][gc,marking   ] GC(14) Concurrent Cleanup for Next Mark 1.900ms
[2020-09-30T09:16:58.009+0000][16584][gc           ] GC(14) Concurrent Cycle 206.651ms
[2020-09-30T09:16:58.088+0000][16584][safepoint    ] Safepoint "BulkRevokeBias", Time since last: 80224300 ns, Reaching safepoint: 168000 ns, At safepoint: 1364000 ns, Total: 1532000 ns
[2020-09-30T09:16:58.112+0000][16584][gc,start     ] GC(15) Pause Young (Concurrent Start) (G1 Humongous Allocation)
[2020-09-30T09:16:58.112+0000][16584][gc,task      ] GC(15) Using 8 workers of 8 for evacuation
[2020-09-30T09:16:58.112+0000][16584][gc,age       ] GC(15) Desired survivor size 37224448 bytes, new threshold 15 (max threshold 15)
[2020-09-30T09:16:58.132+0000][16584][gc,age       ] GC(15) Age table with threshold 15 (max threshold 15)
[2020-09-30T09:16:58.132+0000][16584][gc,age       ] GC(15) - age   1:    1794600 bytes,    1794600 total
[2020-09-30T09:16:58.132+0000][16584][gc,age       ] GC(15) - age   2:     556272 bytes,    2350872 total
[2020-09-30T09:16:58.132+0000][16584][gc,age       ] GC(15) - age   3:     293576 bytes,    2644448 total
[2020-09-30T09:16:58.132+0000][16584][gc,age       ] GC(15) - age   4:   12309832 bytes,   14954280 total
[2020-09-30T09:16:58.132+0000][16584][gc,age       ] GC(15) - age   5:    8327352 bytes,   23281632 total
[2020-09-30T09:16:58.132+0000][16584][gc,phases    ] GC(15)   Pre Evacuate Collection Set: 0.6ms
[2020-09-30T09:16:58.132+0000][16584][gc,phases    ] GC(15)   Merge Heap Roots: 0.1ms
[2020-09-30T09:16:58.132+0000][16584][gc,phases    ] GC(15)   Evacuate Collection Set: 16.5ms
[2020-09-30T09:16:58.132+0000][16584][gc,phases    ] GC(15)   Post Evacuate Collection Set: 2.4ms
[2020-09-30T09:16:58.132+0000][16584][gc,phases    ] GC(15)   Other: 0.9ms
[2020-09-30T09:16:58.132+0000][16584][gc,heap      ] GC(15) Eden regions: 61->0(555)
[2020-09-30T09:16:58.132+0000][16584][gc,heap      ] GC(15) Survivor regions: 25->25(71)
[2020-09-30T09:16:58.132+0000][16584][gc,heap      ] GC(15) Old regions: 50->50
[2020-09-30T09:16:58.132+0000][16584][gc,heap      ] GC(15) Archive regions: 0->0
[2020-09-30T09:16:58.132+0000][16584][gc,heap      ] GC(15) Humongous regions: 257->89
[2020-09-30T09:16:58.132+0000][16584][gc,metaspace ] GC(15) Metaspace: 81712K(87552K)->81712K(87552K) NonClass: 70745K(74240K)->70745K(74240K) Class: 10966K(13312K)->10966K(13312K)
[2020-09-30T09:16:58.132+0000][16584][gc           ] GC(15) Pause Young (Concurrent Start) (G1 Humongous Allocation) 392M->163M(1024M) 20.861ms
[2020-09-30T09:16:58.132+0000][16584][gc,cpu       ] GC(15) User=0.11s Sys=0.00s Real=0.02s
[2020-09-30T09:16:58.133+0000][16584][gc           ] GC(16) Concurrent Cycle
[2020-09-30T09:16:58.133+0000][16584][safepoint    ] Safepoint "G1TryInitiateConcMark", Time since last: 23031800 ns, Reaching safepoint: 214100 ns, At safepoint: 21122600 ns, Total: 21336700 ns
[2020-09-30T09:16:58.133+0000][16584][gc,marking   ] GC(16) Concurrent Clear Claimed Marks
[2020-09-30T09:16:58.133+0000][16584][gc,marking   ] GC(16) Concurrent Clear Claimed Marks 0.479ms
[2020-09-30T09:16:58.133+0000][16584][gc,marking   ] GC(16) Concurrent Scan Root Regions
[2020-09-30T09:16:58.151+0000][16584][gc,marking   ] GC(16) Concurrent Scan Root Regions 17.992ms
[2020-09-30T09:16:58.151+0000][16584][gc,marking   ] GC(16) Concurrent Mark (112.009s)
[2020-09-30T09:16:58.151+0000][16584][gc,marking   ] GC(16) Concurrent Mark From Roots
[2020-09-30T09:16:58.151+0000][16584][gc,task      ] GC(16) Using 2 workers of 2 for marking
[2020-09-30T09:16:58.279+0000][16584][gc,marking   ] GC(16) Concurrent Mark From Roots 127.286ms
[2020-09-30T09:16:58.279+0000][16584][gc,marking   ] GC(16) Concurrent Preclean
[2020-09-30T09:16:58.279+0000][16584][gc,marking   ] GC(16) Concurrent Preclean 0.714ms
[2020-09-30T09:16:58.279+0000][16584][gc,marking   ] GC(16) Concurrent Mark (112.009s, 112.137s) 128.215ms
[2020-09-30T09:16:58.280+0000][16584][gc,start     ] GC(16) Pause Remark
[2020-09-30T09:16:58.285+0000][16584][gc           ] GC(16) Pause Remark 250M->250M(1024M) 4.684ms
[2020-09-30T09:16:58.285+0000][16584][gc,cpu       ] GC(16) User=0.00s Sys=0.00s Real=0.01s
[2020-09-30T09:16:58.285+0000][16584][safepoint    ] Safepoint "G1Concurrent", Time since last: 146977100 ns, Reaching safepoint: 496500 ns, At safepoint: 5009600 ns, Total: 5506100 ns
[2020-09-30T09:16:58.285+0000][16584][gc,marking   ] GC(16) Concurrent Rebuild Remembered Sets
[2020-09-30T09:16:58.364+0000][16584][gc,marking   ] GC(16) Concurrent Rebuild Remembered Sets 78.583ms
[2020-09-30T09:16:58.364+0000][16584][gc,start     ] GC(16) Pause Cleanup
[2020-09-30T09:16:58.364+0000][16584][gc           ] GC(16) Pause Cleanup 254M->254M(1024M) 0.303ms
[2020-09-30T09:16:58.364+0000][16584][gc,cpu       ] GC(16) User=0.00s Sys=0.00s Real=0.00s
[2020-09-30T09:16:58.364+0000][16584][safepoint    ] Safepoint "G1Concurrent", Time since last: 78832800 ns, Reaching safepoint: 159300 ns, At safepoint: 487400 ns, Total: 646700 ns
[2020-09-30T09:16:58.365+0000][16584][gc,marking   ] GC(16) Concurrent Cleanup for Next Mark
[2020-09-30T09:16:58.366+0000][16584][gc,marking   ] GC(16) Concurrent Cleanup for Next Mark 1.769ms
[2020-09-30T09:16:58.367+0000][16584][gc           ] GC(16) Concurrent Cycle 234.056ms
[2020-09-30T09:16:58.466+0000][16584][safepoint    ] Safepoint "BulkRevokeBias", Time since last: 100180000 ns, Reaching safepoint: 180300 ns, At safepoint: 1572900 ns, Total: 1753200 ns
[2020-09-30T09:16:58.703+0000][16584][safepoint    ] Safepoint "BulkRevokeBias", Time since last: 234491200 ns, Reaching safepoint: 134200 ns, At safepoint: 1228600 ns, Total: 1362800 ns
[2020-09-30T09:16:59.008+0000][16584][gc,start     ] GC(17) Pause Young (Concurrent Start) (G1 Humongous Allocation)
[2020-09-30T09:16:59.008+0000][16584][gc,task      ] GC(17) Using 8 workers of 8 for evacuation
[2020-09-30T09:16:59.008+0000][16584][gc,age       ] GC(17) Desired survivor size 38273024 bytes, new threshold 15 (max threshold 15)
[2020-09-30T09:16:59.028+0000][16584][gc,age       ] GC(17) Age table with threshold 15 (max threshold 15)
[2020-09-30T09:16:59.028+0000][16584][gc,age       ] GC(17) - age   1:    2653384 bytes,    2653384 total
[2020-09-30T09:16:59.028+0000][16584][gc,age       ] GC(17) - age   2:     437712 bytes,    3091096 total
[2020-09-30T09:16:59.028+0000][16584][gc,age       ] GC(17) - age   3:     552192 bytes,    3643288 total
[2020-09-30T09:16:59.028+0000][16584][gc,age       ] GC(17) - age   4:     293264 bytes,    3936552 total
[2020-09-30T09:16:59.028+0000][16584][gc,age       ] GC(17) - age   5:   12307272 bytes,   16243824 total
[2020-09-30T09:16:59.029+0000][16584][gc,age       ] GC(17) - age   6:    8327352 bytes,   24571176 total
[2020-09-30T09:16:59.029+0000][16584][gc,phases    ] GC(17)   Pre Evacuate Collection Set: 0.5ms
[2020-09-30T09:16:59.029+0000][16584][gc,phases    ] GC(17)   Merge Heap Roots: 0.4ms
[2020-09-30T09:16:59.029+0000][16584][gc,phases    ] GC(17)   Evacuate Collection Set: 17.4ms
[2020-09-30T09:16:59.029+0000][16584][gc,phases    ] GC(17)   Post Evacuate Collection Set: 1.9ms
[2020-09-30T09:16:59.029+0000][16584][gc,phases    ] GC(17)   Other: 1.1ms
[2020-09-30T09:16:59.029+0000][16584][gc,heap      ] GC(17) Eden regions: 82->0(564)
[2020-09-30T09:16:59.029+0000][16584][gc,heap      ] GC(17) Survivor regions: 25->25(73)
[2020-09-30T09:16:59.029+0000][16584][gc,heap      ] GC(17) Old regions: 50->50
[2020-09-30T09:16:59.029+0000][16584][gc,heap      ] GC(17) Archive regions: 0->0
[2020-09-30T09:16:59.029+0000][16584][gc,heap      ] GC(17) Humongous regions: 257->89
[2020-09-30T09:16:59.029+0000][16584][gc,metaspace ] GC(17) Metaspace: 81806K(87552K)->81806K(87552K) NonClass: 70839K(74240K)->70839K(74240K) Class: 10967K(13312K)->10967K(13312K)
[2020-09-30T09:16:59.029+0000][16584][gc           ] GC(17) Pause Young (Concurrent Start) (G1 Humongous Allocation) 413M->163M(1024M) 22.008ms
[2020-09-30T09:16:59.030+0000][16584][gc,cpu       ] GC(17) User=0.13s Sys=0.00s Real=0.02s
[2020-09-30T09:16:59.030+0000][16584][gc           ] GC(18) Concurrent Cycle
[2020-09-30T09:16:59.030+0000][16584][safepoint    ] Safepoint "G1TryInitiateConcMark", Time since last: 304204300 ns, Reaching safepoint: 235100 ns, At safepoint: 22316700 ns, Total: 22551800 ns
[2020-09-30T09:16:59.030+0000][16584][gc,marking   ] GC(18) Concurrent Clear Claimed Marks
[2020-09-30T09:16:59.030+0000][16584][gc,marking   ] GC(18) Concurrent Clear Claimed Marks 0.455ms
[2020-09-30T09:16:59.030+0000][16584][gc,marking   ] GC(18) Concurrent Scan Root Regions
[2020-09-30T09:16:59.053+0000][16584][gc,marking   ] GC(18) Concurrent Scan Root Regions 22.828ms
[2020-09-30T09:16:59.053+0000][16584][gc,marking   ] GC(18) Concurrent Mark (112.910s)
[2020-09-30T09:16:59.053+0000][16584][gc,marking   ] GC(18) Concurrent Mark From Roots
[2020-09-30T09:16:59.053+0000][16584][gc,task      ] GC(18) Using 2 workers of 2 for marking
[2020-09-30T09:16:59.169+0000][16584][gc,marking   ] GC(18) Concurrent Mark From Roots 115.762ms
[2020-09-30T09:16:59.169+0000][16584][gc,marking   ] GC(18) Concurrent Preclean
[2020-09-30T09:16:59.170+0000][16584][gc,marking   ] GC(18) Concurrent Preclean 0.563ms
[2020-09-30T09:16:59.170+0000][16584][gc,marking   ] GC(18) Concurrent Mark (112.910s, 113.027s) 116.521ms
[2020-09-30T09:16:59.170+0000][16584][gc,start     ] GC(18) Pause Remark
[2020-09-30T09:16:59.174+0000][16584][gc           ] GC(18) Pause Remark 277M->277M(1024M) 4.098ms
[2020-09-30T09:16:59.174+0000][16584][gc,cpu       ] GC(18) User=0.00s Sys=0.00s Real=0.00s
[2020-09-30T09:16:59.174+0000][16584][safepoint    ] Safepoint "G1Concurrent", Time since last: 140081100 ns, Reaching safepoint: 187200 ns, At safepoint: 4373400 ns, Total: 4560600 ns
[2020-09-30T09:16:59.174+0000][16584][gc,marking   ] GC(18) Concurrent Rebuild Remembered Sets
[2020-09-30T09:16:59.238+0000][16584][gc,marking   ] GC(18) Concurrent Rebuild Remembered Sets 63.597ms
[2020-09-30T09:16:59.238+0000][16584][gc,start     ] GC(18) Pause Cleanup
[2020-09-30T09:16:59.239+0000][16584][gc           ] GC(18) Pause Cleanup 289M->289M(1024M) 0.277ms
[2020-09-30T09:16:59.239+0000][16584][gc,cpu       ] GC(18) User=0.00s Sys=0.00s Real=0.00s
[2020-09-30T09:16:59.239+0000][16584][safepoint    ] Safepoint "G1Concurrent", Time since last: 63790100 ns, Reaching safepoint: 166900 ns, At safepoint: 572000 ns, Total: 738900 ns
[2020-09-30T09:16:59.239+0000][16584][gc,marking   ] GC(18) Concurrent Cleanup for Next Mark
[2020-09-30T09:16:59.241+0000][16584][gc,marking   ] GC(18) Concurrent Cleanup for Next Mark 2.386ms
[2020-09-30T09:16:59.241+0000][16584][gc           ] GC(18) Concurrent Cycle 211.859ms
[2020-09-30T09:16:59.307+0000][16584][gc,start     ] GC(19) Pause Young (Concurrent Start) (G1 Humongous Allocation)
[2020-09-30T09:16:59.307+0000][16584][gc,task      ] GC(19) Using 8 workers of 8 for evacuation
[2020-09-30T09:16:59.307+0000][16584][gc,age       ] GC(19) Desired survivor size 38797312 bytes, new threshold 15 (max threshold 15)
[2020-09-30T09:16:59.327+0000][16584][gc,age       ] GC(19) Age table with threshold 15 (max threshold 15)
[2020-09-30T09:16:59.327+0000][16584][gc,age       ] GC(19) - age   1:    2012856 bytes,    2012856 total
[2020-09-30T09:16:59.327+0000][16584][gc,age       ] GC(19) - age   2:     430824 bytes,    2443680 total
[2020-09-30T09:16:59.327+0000][16584][gc,age       ] GC(19) - age   3:     436920 bytes,    2880600 total
[2020-09-30T09:16:59.328+0000][16584][gc,age       ] GC(19) - age   4:     548144 bytes,    3428744 total
[2020-09-30T09:16:59.328+0000][16584][gc,age       ] GC(19) - age   5:     292816 bytes,    3721560 total
[2020-09-30T09:16:59.328+0000][16584][gc,age       ] GC(19) - age   6:   12306968 bytes,   16028528 total
[2020-09-30T09:16:59.328+0000][16584][gc,age       ] GC(19) - age   7:    8327352 bytes,   24355880 total
[2020-09-30T09:16:59.328+0000][16584][gc,phases    ] GC(19)   Pre Evacuate Collection Set: 0.5ms
[2020-09-30T09:16:59.328+0000][16584][gc,phases    ] GC(19)   Merge Heap Roots: 0.1ms
[2020-09-30T09:16:59.328+0000][16584][gc,phases    ] GC(19)   Evacuate Collection Set: 17.7ms
[2020-09-30T09:16:59.328+0000][16584][gc,phases    ] GC(19)   Post Evacuate Collection Set: 1.9ms
[2020-09-30T09:16:59.328+0000][16584][gc,phases    ] GC(19)   Other: 0.8ms
[2020-09-30T09:16:59.328+0000][16584][gc,heap      ] GC(19) Eden regions: 63->0(571)
[2020-09-30T09:16:59.328+0000][16584][gc,heap      ] GC(19) Survivor regions: 25->25(74)
[2020-09-30T09:16:59.328+0000][16584][gc,heap      ] GC(19) Old regions: 50->50
[2020-09-30T09:16:59.328+0000][16584][gc,heap      ] GC(19) Archive regions: 0->0
[2020-09-30T09:16:59.328+0000][16584][gc,heap      ] GC(19) Humongous regions: 257->89
[2020-09-30T09:16:59.328+0000][16584][gc,metaspace ] GC(19) Metaspace: 81866K(87808K)->81866K(87808K) NonClass: 70899K(74496K)->70899K(74496K) Class: 10967K(13312K)->10967K(13312K)
[2020-09-30T09:16:59.328+0000][16584][gc           ] GC(19) Pause Young (Concurrent Start) (G1 Humongous Allocation) 394M->163M(1024M) 21.303ms
[2020-09-30T09:16:59.328+0000][16584][gc,cpu       ] GC(19) User=0.22s Sys=0.00s Real=0.02s
[2020-09-30T09:16:59.328+0000][16584][gc           ] GC(20) Concurrent Cycle
[2020-09-30T09:16:59.328+0000][16584][safepoint    ] Safepoint "G1TryInitiateConcMark", Time since last: 67822100 ns, Reaching safepoint: 181400 ns, At safepoint: 21527400 ns, Total: 21708800 ns
[2020-09-30T09:16:59.328+0000][16584][gc,marking   ] GC(20) Concurrent Clear Claimed Marks
[2020-09-30T09:16:59.329+0000][16584][gc,marking   ] GC(20) Concurrent Clear Claimed Marks 0.410ms
[2020-09-30T09:16:59.329+0000][16584][gc,marking   ] GC(20) Concurrent Scan Root Regions
[2020-09-30T09:16:59.347+0000][16584][gc,marking   ] GC(20) Concurrent Scan Root Regions 18.055ms
[2020-09-30T09:16:59.347+0000][16584][gc,marking   ] GC(20) Concurrent Mark (113.204s)
[2020-09-30T09:16:59.347+0000][16584][gc,marking   ] GC(20) Concurrent Mark From Roots
[2020-09-30T09:16:59.347+0000][16584][gc,task      ] GC(20) Using 2 workers of 2 for marking
[2020-09-30T09:16:59.442+0000][16584][gc,marking   ] GC(20) Concurrent Mark From Roots 95.334ms
[2020-09-30T09:16:59.442+0000][16584][gc,marking   ] GC(20) Concurrent Preclean
[2020-09-30T09:16:59.442+0000][16584][gc,marking   ] GC(20) Concurrent Preclean 0.563ms
[2020-09-30T09:16:59.443+0000][16584][gc,marking   ] GC(20) Concurrent Mark (113.204s, 113.300s) 96.103ms
[2020-09-30T09:16:59.443+0000][16584][gc,start     ] GC(20) Pause Remark
[2020-09-30T09:16:59.448+0000][16584][gc           ] GC(20) Pause Remark 255M->255M(1024M) 4.064ms
[2020-09-30T09:16:59.448+0000][16584][gc,cpu       ] GC(20) User=0.00s Sys=0.00s Real=0.00s
[2020-09-30T09:16:59.448+0000][16584][safepoint    ] Safepoint "G1Concurrent", Time since last: 114831200 ns, Reaching safepoint: 279300 ns, At safepoint: 4280800 ns, Total: 4560100 ns
[2020-09-30T09:16:59.448+0000][16584][gc,marking   ] GC(20) Concurrent Rebuild Remembered Sets
[2020-09-30T09:16:59.506+0000][16584][gc,marking   ] GC(20) Concurrent Rebuild Remembered Sets 58.976ms
[2020-09-30T09:16:59.507+0000][16584][gc,start     ] GC(20) Pause Cleanup
[2020-09-30T09:16:59.507+0000][16584][gc           ] GC(20) Pause Cleanup 322M->322M(1024M) 0.247ms
[2020-09-30T09:16:59.507+0000][16584][gc,cpu       ] GC(20) User=0.00s Sys=0.00s Real=0.00s
[2020-09-30T09:16:59.507+0000][16584][safepoint    ] Safepoint "G1Concurrent", Time since last: 59159700 ns, Reaching safepoint: 141700 ns, At safepoint: 456400 ns, Total: 598100 ns
[2020-09-30T09:16:59.507+0000][16584][gc,marking   ] GC(20) Concurrent Cleanup for Next Mark
[2020-09-30T09:16:59.509+0000][16584][gc,marking   ] GC(20) Concurrent Cleanup for Next Mark 1.923ms
[2020-09-30T09:16:59.509+0000][16584][gc           ] GC(20) Concurrent Cycle 181.320ms
[2020-09-30T09:16:59.591+0000][16584][gc,start     ] GC(21) Pause Young (Concurrent Start) (G1 Humongous Allocation)
[2020-09-30T09:16:59.591+0000][16584][gc,task      ] GC(21) Using 8 workers of 8 for evacuation
[2020-09-30T09:16:59.591+0000][16584][gc,age       ] GC(21) Desired survivor size 39321600 bytes, new threshold 15 (max threshold 15)
[2020-09-30T09:16:59.612+0000][16584][gc,age       ] GC(21) Age table with threshold 15 (max threshold 15)
[2020-09-30T09:16:59.612+0000][16584][gc,age       ] GC(21) - age   1:    3188520 bytes,    3188520 total
[2020-09-30T09:16:59.612+0000][16584][gc,age       ] GC(21) - age   2:     213928 bytes,    3402448 total
[2020-09-30T09:16:59.612+0000][16584][gc,age       ] GC(21) - age   3:     428992 bytes,    3831440 total
[2020-09-30T09:16:59.612+0000][16584][gc,age       ] GC(21) - age   4:     436760 bytes,    4268200 total
[2020-09-30T09:16:59.612+0000][16584][gc,age       ] GC(21) - age   5:     545216 bytes,    4813416 total
[2020-09-30T09:16:59.612+0000][16584][gc,age       ] GC(21) - age   6:     292264 bytes,    5105680 total
[2020-09-30T09:16:59.612+0000][16584][gc,age       ] GC(21) - age   7:   12303704 bytes,   17409384 total
[2020-09-30T09:16:59.612+0000][16584][gc,age       ] GC(21) - age   8:    8327352 bytes,   25736736 total
[2020-09-30T09:16:59.612+0000][16584][gc,phases    ] GC(21)   Pre Evacuate Collection Set: 0.8ms
[2020-09-30T09:16:59.612+0000][16584][gc,phases    ] GC(21)   Merge Heap Roots: 0.2ms
[2020-09-30T09:16:59.612+0000][16584][gc,phases    ] GC(21)   Evacuate Collection Set: 17.6ms
[2020-09-30T09:16:59.612+0000][16584][gc,phases    ] GC(21)   Post Evacuate Collection Set: 1.8ms
[2020-09-30T09:16:59.612+0000][16584][gc,phases    ] GC(21)   Other: 1.0ms
[2020-09-30T09:16:59.612+0000][16584][gc,heap      ] GC(21) Eden regions: 75->0(575)
[2020-09-30T09:16:59.612+0000][16584][gc,heap      ] GC(21) Survivor regions: 25->26(75)
[2020-09-30T09:16:59.612+0000][16584][gc,heap      ] GC(21) Old regions: 50->50
[2020-09-30T09:16:59.612+0000][16584][gc,heap      ] GC(21) Archive regions: 0->0
[2020-09-30T09:16:59.612+0000][16584][gc,heap      ] GC(21) Humongous regions: 257->89
[2020-09-30T09:16:59.612+0000][16584][gc,metaspace ] GC(21) Metaspace: 81963K(87808K)->81963K(87808K) NonClass: 70996K(74496K)->70996K(74496K) Class: 10967K(13312K)->10967K(13312K)
[2020-09-30T09:16:59.612+0000][16584][gc           ] GC(21) Pause Young (Concurrent Start) (G1 Humongous Allocation) 406M->164M(1024M) 21.673ms
[2020-09-30T09:16:59.613+0000][16584][gc,cpu       ] GC(21) User=0.13s Sys=0.00s Real=0.02s
[2020-09-30T09:16:59.613+0000][16584][gc           ] GC(22) Concurrent Cycle
[2020-09-30T09:16:59.613+0000][16584][safepoint    ] Safepoint "G1TryInitiateConcMark", Time since last: 83532900 ns, Reaching safepoint: 262400 ns, At safepoint: 21972800 ns, Total: 22235200 ns
[2020-09-30T09:16:59.613+0000][16584][gc,marking   ] GC(22) Concurrent Clear Claimed Marks
[2020-09-30T09:16:59.613+0000][16584][gc,marking   ] GC(22) Concurrent Clear Claimed Marks 0.466ms
[2020-09-30T09:16:59.613+0000][16584][gc,marking   ] GC(22) Concurrent Scan Root Regions
[2020-09-30T09:16:59.630+0000][16584][safepoint    ] Safepoint "BulkRevokeBias", Time since last: 12147600 ns, Reaching safepoint: 284100 ns, At safepoint: 5066400 ns, Total: 5350500 ns
[2020-09-30T09:16:59.631+0000][16584][gc,marking   ] GC(22) Concurrent Scan Root Regions 17.912ms
[2020-09-30T09:16:59.631+0000][16584][gc,marking   ] GC(22) Concurrent Mark (113.489s)
[2020-09-30T09:16:59.631+0000][16584][gc,marking   ] GC(22) Concurrent Mark From Roots
[2020-09-30T09:16:59.631+0000][16584][gc,task      ] GC(22) Using 2 workers of 2 for marking
[2020-09-30T09:16:59.745+0000][16584][gc,marking   ] GC(22) Concurrent Mark From Roots 113.975ms
[2020-09-30T09:16:59.745+0000][16584][gc,marking   ] GC(22) Concurrent Preclean
[2020-09-30T09:16:59.746+0000][16584][gc,marking   ] GC(22) Concurrent Preclean 0.643ms
[2020-09-30T09:16:59.746+0000][16584][gc,marking   ] GC(22) Concurrent Mark (113.489s, 113.604s) 114.798ms
[2020-09-30T09:16:59.746+0000][16584][gc,start     ] GC(22) Pause Remark
[2020-09-30T09:16:59.750+0000][16584][gc           ] GC(22) Pause Remark 280M->280M(1024M) 3.878ms
[2020-09-30T09:16:59.750+0000][16584][gc,cpu       ] GC(22) User=0.11s Sys=0.00s Real=0.00s
[2020-09-30T09:16:59.750+0000][16584][safepoint    ] Safepoint "G1Concurrent", Time since last: 115926100 ns, Reaching safepoint: 170400 ns, At safepoint: 4112600 ns, Total: 4283000 ns
[2020-09-30T09:16:59.750+0000][16584][gc,marking   ] GC(22) Concurrent Rebuild Remembered Sets
[2020-09-30T09:16:59.815+0000][16584][gc,marking   ] GC(22) Concurrent Rebuild Remembered Sets 64.564ms
[2020-09-30T09:16:59.815+0000][16584][gc,start     ] GC(22) Pause Cleanup
[2020-09-30T09:16:59.816+0000][16584][gc           ] GC(22) Pause Cleanup 342M->342M(1024M) 0.249ms
[2020-09-30T09:16:59.816+0000][16584][gc,cpu       ] GC(22) User=0.00s Sys=0.00s Real=0.00s
[2020-09-30T09:16:59.816+0000][16584][safepoint    ] Safepoint "G1Concurrent", Time since last: 64751500 ns, Reaching safepoint: 130300 ns, At safepoint: 568600 ns, Total: 698900 ns
[2020-09-30T09:16:59.816+0000][16584][gc,marking   ] GC(22) Concurrent Cleanup for Next Mark
[2020-09-30T09:16:59.818+0000][16584][gc,marking   ] GC(22) Concurrent Cleanup for Next Mark 1.806ms
[2020-09-30T09:16:59.818+0000][16584][gc           ] GC(22) Concurrent Cycle 205.206ms
[2020-09-30T09:16:59.878+0000][16584][gc,start     ] GC(23) Pause Young (Concurrent Start) (G1 Humongous Allocation)
[2020-09-30T09:16:59.878+0000][16584][gc,task      ] GC(23) Using 8 workers of 8 for evacuation
[2020-09-30T09:16:59.878+0000][16584][gc,age       ] GC(23) Desired survivor size 39845888 bytes, new threshold 15 (max threshold 15)
[2020-09-30T09:16:59.899+0000][16584][gc,age       ] GC(23) Age table with threshold 15 (max threshold 15)
[2020-09-30T09:16:59.899+0000][16584][gc,age       ] GC(23) - age   1:    1969008 bytes,    1969008 total
[2020-09-30T09:16:59.899+0000][16584][gc,age       ] GC(23) - age   2:     412872 bytes,    2381880 total
[2020-09-30T09:16:59.899+0000][16584][gc,age       ] GC(23) - age   3:     213152 bytes,    2595032 total
[2020-09-30T09:16:59.899+0000][16584][gc,age       ] GC(23) - age   4:     428864 bytes,    3023896 total
[2020-09-30T09:16:59.899+0000][16584][gc,age       ] GC(23) - age   5:     436568 bytes,    3460464 total
[2020-09-30T09:16:59.899+0000][16584][gc,age       ] GC(23) - age   6:     544832 bytes,    4005296 total
[2020-09-30T09:16:59.899+0000][16584][gc,age       ] GC(23) - age   7:     292168 bytes,    4297464 total
[2020-09-30T09:16:59.899+0000][16584][gc,age       ] GC(23) - age   8:   12303384 bytes,   16600848 total
[2020-09-30T09:16:59.900+0000][16584][gc,age       ] GC(23) - age   9:    8327352 bytes,   24928200 total
[2020-09-30T09:16:59.900+0000][16584][gc,phases    ] GC(23)   Pre Evacuate Collection Set: 0.5ms
[2020-09-30T09:16:59.900+0000][16584][gc,phases    ] GC(23)   Merge Heap Roots: 0.1ms
[2020-09-30T09:16:59.900+0000][16584][gc,phases    ] GC(23)   Evacuate Collection Set: 18.3ms
[2020-09-30T09:16:59.900+0000][16584][gc,phases    ] GC(23)   Post Evacuate Collection Set: 1.7ms
[2020-09-30T09:16:59.900+0000][16584][gc,phases    ] GC(23)   Other: 0.9ms
[2020-09-30T09:16:59.900+0000][16584][gc,heap      ] GC(23) Eden regions: 55->0(577)
[2020-09-30T09:16:59.900+0000][16584][gc,heap      ] GC(23) Survivor regions: 26->26(76)
[2020-09-30T09:16:59.900+0000][16584][gc,heap      ] GC(23) Old regions: 50->50
[2020-09-30T09:16:59.900+0000][16584][gc,heap      ] GC(23) Archive regions: 0->0
[2020-09-30T09:16:59.900+0000][16584][gc,heap      ] GC(23) Humongous regions: 257->89
[2020-09-30T09:16:59.900+0000][16584][gc,metaspace ] GC(23) Metaspace: 82007K(87808K)->82007K(87808K) NonClass: 71039K(74496K)->71039K(74496K) Class: 10967K(13312K)->10967K(13312K)
[2020-09-30T09:16:59.900+0000][16584][gc           ] GC(23) Pause Young (Concurrent Start) (G1 Humongous Allocation) 387M->164M(1024M) 21.932ms
[2020-09-30T09:16:59.900+0000][16584][gc,cpu       ] GC(23) User=0.13s Sys=0.00s Real=0.02s
[2020-09-30T09:16:59.900+0000][16584][gc           ] GC(24) Concurrent Cycle
[2020-09-30T09:16:59.900+0000][16584][safepoint    ] Safepoint "G1TryInitiateConcMark", Time since last: 62115500 ns, Reaching safepoint: 225400 ns, At safepoint: 22149200 ns, Total: 22374600 ns
[2020-09-30T09:16:59.900+0000][16584][gc,marking   ] GC(24) Concurrent Clear Claimed Marks
[2020-09-30T09:16:59.901+0000][16584][gc,marking   ] GC(24) Concurrent Clear Claimed Marks 0.415ms
[2020-09-30T09:16:59.901+0000][16584][gc,marking   ] GC(24) Concurrent Scan Root Regions
[2020-09-30T09:16:59.922+0000][16584][gc,marking   ] GC(24) Concurrent Scan Root Regions 21.100ms
[2020-09-30T09:16:59.922+0000][16584][gc,marking   ] GC(24) Concurrent Mark (113.780s)
[2020-09-30T09:16:59.922+0000][16584][gc,marking   ] GC(24) Concurrent Mark From Roots
[2020-09-30T09:16:59.922+0000][16584][gc,task      ] GC(24) Using 2 workers of 2 for marking
[2020-09-30T09:17:00.044+0000][16584][gc,marking   ] GC(24) Concurrent Mark From Roots 122.008ms
[2020-09-30T09:17:00.044+0000][16584][gc,marking   ] GC(24) Concurrent Preclean
[2020-09-30T09:17:00.045+0000][16584][gc,marking   ] GC(24) Concurrent Preclean 0.610ms
[2020-09-30T09:17:00.045+0000][16584][gc,marking   ] GC(24) Concurrent Mark (113.780s, 113.902s) 122.845ms
[2020-09-30T09:17:00.045+0000][16584][gc,start     ] GC(24) Pause Remark
[2020-09-30T09:17:00.049+0000][16584][gc           ] GC(24) Pause Remark 194M->194M(1024M) 4.140ms
[2020-09-30T09:17:00.049+0000][16584][gc,cpu       ] GC(24) User=0.00s Sys=0.00s Real=0.00s
[2020-09-30T09:17:00.050+0000][16584][safepoint    ] Safepoint "G1Concurrent", Time since last: 144675900 ns, Reaching safepoint: 168400 ns, At safepoint: 4385300 ns, Total: 4553700 ns
[2020-09-30T09:17:00.050+0000][16584][gc,marking   ] GC(24) Concurrent Rebuild Remembered Sets
[2020-09-30T09:17:00.123+0000][16584][gc,marking   ] GC(24) Concurrent Rebuild Remembered Sets 72.576ms
[2020-09-30T09:17:00.123+0000][16584][gc,start     ] GC(24) Pause Cleanup
[2020-09-30T09:17:00.124+0000][16584][gc           ] GC(24) Pause Cleanup 212M->212M(1024M) 0.408ms
[2020-09-30T09:17:00.124+0000][16584][gc,cpu       ] GC(24) User=0.00s Sys=0.00s Real=0.00s
[2020-09-30T09:17:00.124+0000][16584][safepoint    ] Safepoint "G1Concurrent", Time since last: 73011800 ns, Reaching safepoint: 224200 ns, At safepoint: 621000 ns, Total: 845200 ns
[2020-09-30T09:17:00.124+0000][16584][gc,marking   ] GC(24) Concurrent Cleanup for Next Mark
[2020-09-30T09:17:00.126+0000][16584][gc,marking   ] GC(24) Concurrent Cleanup for Next Mark 2.449ms
[2020-09-30T09:17:00.127+0000][16584][gc           ] GC(24) Concurrent Cycle 225.842ms
[2020-09-30T09:17:00.495+0000][16584][safepoint    ] Safepoint "BulkRevokeBias", Time since last: 361094400 ns, Reaching safepoint: 4734800 ns, At safepoint: 5147100 ns, Total: 9881900 ns
[2020-09-30T09:17:00.523+0000][16584][gc,start     ] GC(25) Pause Young (Concurrent Start) (G1 Humongous Allocation)
[2020-09-30T09:17:00.524+0000][16584][gc,task      ] GC(25) Using 8 workers of 8 for evacuation
[2020-09-30T09:17:00.524+0000][16584][gc,age       ] GC(25) Desired survivor size 39845888 bytes, new threshold 15 (max threshold 15)
[2020-09-30T09:17:00.544+0000][16584][gc,age       ] GC(25) Age table with threshold 15 (max threshold 15)
[2020-09-30T09:17:00.544+0000][16584][gc,age       ] GC(25) - age   1:    2930752 bytes,    2930752 total
[2020-09-30T09:17:00.544+0000][16584][gc,age       ] GC(25) - age   2:     407568 bytes,    3338320 total
[2020-09-30T09:17:00.544+0000][16584][gc,age       ] GC(25) - age   3:     408040 bytes,    3746360 total
[2020-09-30T09:17:00.545+0000][16584][gc,age       ] GC(25) - age   4:     212064 bytes,    3958424 total
[2020-09-30T09:17:00.545+0000][16584][gc,age       ] GC(25) - age   5:     423808 bytes,    4382232 total
[2020-09-30T09:17:00.545+0000][16584][gc,age       ] GC(25) - age   6:     436104 bytes,    4818336 total
[2020-09-30T09:17:00.545+0000][16584][gc,age       ] GC(25) - age   7:     544800 bytes,    5363136 total
[2020-09-30T09:17:00.545+0000][16584][gc,age       ] GC(25) - age   8:     292168 bytes,    5655304 total
[2020-09-30T09:17:00.545+0000][16584][gc,age       ] GC(25) - age   9:   12301424 bytes,   17956728 total
[2020-09-30T09:17:00.545+0000][16584][gc,age       ] GC(25) - age  10:    8327352 bytes,   26284080 total
[2020-09-30T09:17:00.545+0000][16584][gc,phases    ] GC(25)   Pre Evacuate Collection Set: 0.5ms
[2020-09-30T09:17:00.545+0000][16584][gc,phases    ] GC(25)   Merge Heap Roots: 0.1ms
[2020-09-30T09:17:00.545+0000][16584][gc,phases    ] GC(25)   Evacuate Collection Set: 18.0ms
[2020-09-30T09:17:00.545+0000][16584][gc,phases    ] GC(25)   Post Evacuate Collection Set: 1.9ms
[2020-09-30T09:17:00.545+0000][16584][gc,phases    ] GC(25)   Other: 1.2ms
[2020-09-30T09:17:00.545+0000][16584][gc,heap      ] GC(25) Eden regions: 80->0(575)
[2020-09-30T09:17:00.545+0000][16584][gc,heap      ] GC(25) Survivor regions: 26->27(76)
[2020-09-30T09:17:00.545+0000][16584][gc,heap      ] GC(25) Old regions: 50->50
[2020-09-30T09:17:00.546+0000][16584][gc,heap      ] GC(25) Archive regions: 0->0
[2020-09-30T09:17:00.546+0000][16584][gc,heap      ] GC(25) Humongous regions: 257->89
[2020-09-30T09:17:00.546+0000][16584][gc,metaspace ] GC(25) Metaspace: 82059K(87808K)->82059K(87808K) NonClass: 71092K(74496K)->71092K(74496K) Class: 10967K(13312K)->10967K(13312K)
[2020-09-30T09:17:00.546+0000][16584][gc           ] GC(25) Pause Young (Concurrent Start) (G1 Humongous Allocation) 411M->165M(1024M) 22.277ms
[2020-09-30T09:17:00.546+0000][16584][gc,cpu       ] GC(25) User=0.16s Sys=0.00s Real=0.02s
[2020-09-30T09:17:00.546+0000][16584][gc           ] GC(26) Concurrent Cycle
[2020-09-30T09:17:00.546+0000][16584][safepoint    ] Safepoint "G1TryInitiateConcMark", Time since last: 27821900 ns, Reaching safepoint: 221400 ns, At safepoint: 22537300 ns, Total: 22758700 ns
[2020-09-30T09:17:00.546+0000][16584][gc,marking   ] GC(26) Concurrent Clear Claimed Marks
[2020-09-30T09:17:00.546+0000][16584][gc,marking   ] GC(26) Concurrent Clear Claimed Marks 0.488ms
[2020-09-30T09:17:00.547+0000][16584][gc,marking   ] GC(26) Concurrent Scan Root Regions
[2020-09-30T09:17:00.567+0000][16584][gc,marking   ] GC(26) Concurrent Scan Root Regions 20.295ms
[2020-09-30T09:17:00.567+0000][16584][gc,marking   ] GC(26) Concurrent Mark (114.423s)
[2020-09-30T09:17:00.567+0000][16584][gc,marking   ] GC(26) Concurrent Mark From Roots
[2020-09-30T09:17:00.567+0000][16584][gc,task      ] GC(26) Using 2 workers of 2 for marking
[2020-09-30T09:17:00.688+0000][16584][gc,marking   ] GC(26) Concurrent Mark From Roots 121.163ms
[2020-09-30T09:17:00.688+0000][16584][gc,marking   ] GC(26) Concurrent Preclean
[2020-09-30T09:17:00.688+0000][16584][gc,marking   ] GC(26) Concurrent Preclean 0.592ms
[2020-09-30T09:17:00.688+0000][16584][gc,marking   ] GC(26) Concurrent Mark (114.423s, 114.545s) 121.950ms
[2020-09-30T09:17:00.689+0000][16584][gc,start     ] GC(26) Pause Remark
[2020-09-30T09:17:00.693+0000][16584][gc           ] GC(26) Pause Remark 230M->230M(1024M) 4.357ms
[2020-09-30T09:17:00.693+0000][16584][gc,cpu       ] GC(26) User=0.00s Sys=0.00s Real=0.00s
[2020-09-30T09:17:00.693+0000][16584][safepoint    ] Safepoint "G1Concurrent", Time since last: 143075300 ns, Reaching safepoint: 175000 ns, At safepoint: 4754100 ns, Total: 4929100 ns
[2020-09-30T09:17:00.693+0000][16584][gc,marking   ] GC(26) Concurrent Rebuild Remembered Sets
[2020-09-30T09:17:00.762+0000][16584][gc,marking   ] GC(26) Concurrent Rebuild Remembered Sets 68.859ms
[2020-09-30T09:17:00.763+0000][16584][gc,start     ] GC(26) Pause Cleanup
[2020-09-30T09:17:00.764+0000][16584][gc           ] GC(26) Pause Cleanup 290M->290M(1024M) 0.356ms
[2020-09-30T09:17:00.764+0000][16584][gc,cpu       ] GC(26) User=0.03s Sys=0.00s Real=0.00s
[2020-09-30T09:17:00.764+0000][16584][safepoint    ] Safepoint "G1Concurrent", Time since last: 69092800 ns, Reaching safepoint: 936500 ns, At safepoint: 596400 ns, Total: 1532900 ns
[2020-09-30T09:17:00.764+0000][16584][gc,marking   ] GC(26) Concurrent Cleanup for Next Mark
[2020-09-30T09:17:00.766+0000][16584][gc,marking   ] GC(26) Concurrent Cleanup for Next Mark 1.728ms
[2020-09-30T09:17:00.766+0000][16584][gc           ] GC(26) Concurrent Cycle 220.646ms
[2020-09-30T09:17:00.964+0000][16584][gc,start     ] GC(27) Pause Young (Concurrent Start) (G1 Humongous Allocation)
[2020-09-30T09:17:00.964+0000][16584][gc,task      ] GC(27) Using 8 workers of 8 for evacuation
[2020-09-30T09:17:00.964+0000][16584][gc,age       ] GC(27) Desired survivor size 39845888 bytes, new threshold 15 (max threshold 15)
[2020-09-30T09:17:00.985+0000][16584][gc,age       ] GC(27) Age table with threshold 15 (max threshold 15)
[2020-09-30T09:17:00.985+0000][16584][gc,age       ] GC(27) - age   1:    2370696 bytes,    2370696 total
[2020-09-30T09:17:00.985+0000][16584][gc,age       ] GC(27) - age   2:     411304 bytes,    2782000 total
[2020-09-30T09:17:00.985+0000][16584][gc,age       ] GC(27) - age   3:     401944 bytes,    3183944 total
[2020-09-30T09:17:00.985+0000][16584][gc,age       ] GC(27) - age   4:     407760 bytes,    3591704 total
[2020-09-30T09:17:00.985+0000][16584][gc,age       ] GC(27) - age   5:     211776 bytes,    3803480 total
[2020-09-30T09:17:00.985+0000][16584][gc,age       ] GC(27) - age   6:     423168 bytes,    4226648 total
[2020-09-30T09:17:00.985+0000][16584][gc,age       ] GC(27) - age   7:     436104 bytes,    4662752 total
[2020-09-30T09:17:00.985+0000][16584][gc,age       ] GC(27) - age   8:     544736 bytes,    5207488 total
[2020-09-30T09:17:00.985+0000][16584][gc,age       ] GC(27) - age   9:     292112 bytes,    5499600 total
[2020-09-30T09:17:00.985+0000][16584][gc,age       ] GC(27) - age  10:   12301136 bytes,   17800736 total
[2020-09-30T09:17:00.985+0000][16584][gc,age       ] GC(27) - age  11:    8327352 bytes,   26128088 total
[2020-09-30T09:17:00.985+0000][16584][gc,phases    ] GC(27)   Pre Evacuate Collection Set: 0.5ms
[2020-09-30T09:17:00.985+0000][16584][gc,phases    ] GC(27)   Merge Heap Roots: 0.1ms
[2020-09-30T09:17:00.985+0000][16584][gc,phases    ] GC(27)   Evacuate Collection Set: 18.1ms
[2020-09-30T09:17:00.985+0000][16584][gc,phases    ] GC(27)   Post Evacuate Collection Set: 1.9ms
[2020-09-30T09:17:00.985+0000][16584][gc,phases    ] GC(27)   Other: 1.0ms
[2020-09-30T09:17:00.985+0000][16584][gc,heap      ] GC(27) Eden regions: 61->0(573)
[2020-09-30T09:17:00.986+0000][16584][gc,heap      ] GC(27) Survivor regions: 27->28(76)
[2020-09-30T09:17:00.986+0000][16584][gc,heap      ] GC(27) Old regions: 50->50
[2020-09-30T09:17:00.986+0000][16584][gc,heap      ] GC(27) Archive regions: 0->0
[2020-09-30T09:17:00.986+0000][16584][gc,heap      ] GC(27) Humongous regions: 257->89
[2020-09-30T09:17:00.986+0000][16584][gc,metaspace ] GC(27) Metaspace: 82109K(87808K)->82109K(87808K) NonClass: 71141K(74496K)->71141K(74496K) Class: 10968K(13312K)->10968K(13312K)
[2020-09-30T09:17:00.986+0000][16584][gc           ] GC(27) Pause Young (Concurrent Start) (G1 Humongous Allocation) 393M->166M(1024M) 22.067ms
[2020-09-30T09:17:00.986+0000][16584][gc,cpu       ] GC(27) User=0.23s Sys=0.00s Real=0.02s
[2020-09-30T09:17:00.986+0000][16584][gc           ] GC(28) Concurrent Cycle
[2020-09-30T09:17:00.986+0000][16584][safepoint    ] Safepoint "G1TryInitiateConcMark", Time since last: 199095500 ns, Reaching safepoint: 206200 ns, At safepoint: 22307000 ns, Total: 22513200 ns
[2020-09-30T09:17:00.986+0000][16584][gc,marking   ] GC(28) Concurrent Clear Claimed Marks
[2020-09-30T09:17:00.987+0000][16584][gc,marking   ] GC(28) Concurrent Clear Claimed Marks 0.620ms
[2020-09-30T09:17:00.987+0000][16584][gc,marking   ] GC(28) Concurrent Scan Root Regions
[2020-09-30T09:17:01.009+0000][16584][gc,marking   ] GC(28) Concurrent Scan Root Regions 22.421ms
[2020-09-30T09:17:01.009+0000][16584][gc,marking   ] GC(28) Concurrent Mark (114.866s)
[2020-09-30T09:17:01.009+0000][16584][gc,marking   ] GC(28) Concurrent Mark From Roots
[2020-09-30T09:17:01.009+0000][16584][gc,task      ] GC(28) Using 2 workers of 2 for marking
[2020-09-30T09:17:01.136+0000][16584][gc,marking   ] GC(28) Concurrent Mark From Roots 126.546ms
[2020-09-30T09:17:01.136+0000][16584][gc,marking   ] GC(28) Concurrent Preclean
[2020-09-30T09:17:01.136+0000][16584][gc,marking   ] GC(28) Concurrent Preclean 0.529ms
[2020-09-30T09:17:01.136+0000][16584][gc,marking   ] GC(28) Concurrent Mark (114.866s, 114.993s) 127.275ms
[2020-09-30T09:17:01.137+0000][16584][gc,start     ] GC(28) Pause Remark
[2020-09-30T09:17:01.142+0000][16584][gc           ] GC(28) Pause Remark 194M->194M(1024M) 4.986ms
[2020-09-30T09:17:01.142+0000][16584][gc,cpu       ] GC(28) User=0.11s Sys=0.00s Real=0.00s
[2020-09-30T09:17:01.142+0000][16584][safepoint    ] Safepoint "G1Concurrent", Time since last: 150655800 ns, Reaching safepoint: 185000 ns, At safepoint: 5325100 ns, Total: 5510100 ns
[2020-09-30T09:17:01.142+0000][16584][gc,marking   ] GC(28) Concurrent Rebuild Remembered Sets
[2020-09-30T09:17:01.209+0000][16584][gc,marking   ] GC(28) Concurrent Rebuild Remembered Sets 66.716ms
[2020-09-30T09:17:01.212+0000][16584][gc,start     ] GC(28) Pause Cleanup
[2020-09-30T09:17:01.212+0000][16584][gc           ] GC(28) Pause Cleanup 197M->197M(1024M) 0.324ms
[2020-09-30T09:17:01.212+0000][16584][gc,cpu       ] GC(28) User=0.00s Sys=0.00s Real=0.00s
[2020-09-30T09:17:01.212+0000][16584][safepoint    ] Safepoint "G1Concurrent", Time since last: 66969400 ns, Reaching safepoint: 2732800 ns, At safepoint: 560600 ns, Total: 3293400 ns
[2020-09-30T09:17:01.212+0000][16584][gc,marking   ] GC(28) Concurrent Cleanup for Next Mark
[2020-09-30T09:17:01.214+0000][16584][gc,marking   ] GC(28) Concurrent Cleanup for Next Mark 1.922ms
[2020-09-30T09:17:01.214+0000][16584][gc           ] GC(28) Concurrent Cycle 228.602ms
[2020-09-30T09:17:01.237+0000][16584][safepoint    ] Safepoint "BulkRevokeBias", Time since last: 22876300 ns, Reaching safepoint: 210000 ns, At safepoint: 1422400 ns, Total: 1632400 ns
[2020-09-30T09:17:02.679+0000][16584][safepoint    ] Safepoint "Cleanup", Time since last: 1441766300 ns, Reaching safepoint: 244300 ns, At safepoint: 32500 ns, Total: 276800 ns
[2020-09-30T09:17:02.717+0000][16584][gc,start     ] GC(29) Pause Young (Concurrent Start) (G1 Humongous Allocation)
[2020-09-30T09:17:02.717+0000][16584][gc,task      ] GC(29) Using 8 workers of 8 for evacuation
[2020-09-30T09:17:02.717+0000][16584][gc,age       ] GC(29) Desired survivor size 39845888 bytes, new threshold 15 (max threshold 15)
[2020-09-30T09:17:02.738+0000][16584][gc,age       ] GC(29) Age table with threshold 15 (max threshold 15)
[2020-09-30T09:17:02.738+0000][16584][gc,age       ] GC(29) - age   1:    1186040 bytes,    1186040 total
[2020-09-30T09:17:02.738+0000][16584][gc,age       ] GC(29) - age   2:       6344 bytes,    1192384 total
[2020-09-30T09:17:02.738+0000][16584][gc,age       ] GC(29) - age   3:       4448 bytes,    1196832 total
[2020-09-30T09:17:02.738+0000][16584][gc,age       ] GC(29) - age   4:     200464 bytes,    1397296 total
[2020-09-30T09:17:02.738+0000][16584][gc,age       ] GC(29) - age   5:      82784 bytes,    1480080 total
[2020-09-30T09:17:02.738+0000][16584][gc,age       ] GC(29) - age   6:       3656 bytes,    1483736 total
[2020-09-30T09:17:02.738+0000][16584][gc,age       ] GC(29) - age   7:     224608 bytes,    1708344 total
[2020-09-30T09:17:02.738+0000][16584][gc,age       ] GC(29) - age   8:     435912 bytes,    2144256 total
[2020-09-30T09:17:02.738+0000][16584][gc,age       ] GC(29) - age   9:     345600 bytes,    2489856 total
[2020-09-30T09:17:02.738+0000][16584][gc,age       ] GC(29) - age  10:     291600 bytes,    2781456 total
[2020-09-30T09:17:02.738+0000][16584][gc,age       ] GC(29) - age  11:   12299824 bytes,   15081280 total
[2020-09-30T09:17:02.738+0000][16584][gc,age       ] GC(29) - age  12:    8327352 bytes,   23408632 total
[2020-09-30T09:17:02.738+0000][16584][gc,phases    ] GC(29)   Pre Evacuate Collection Set: 0.4ms
[2020-09-30T09:17:02.738+0000][16584][gc,phases    ] GC(29)   Merge Heap Roots: 0.1ms
[2020-09-30T09:17:02.738+0000][16584][gc,phases    ] GC(29)   Evacuate Collection Set: 18.3ms
[2020-09-30T09:17:02.738+0000][16584][gc,phases    ] GC(29)   Post Evacuate Collection Set: 1.9ms
[2020-09-30T09:17:02.739+0000][16584][gc,phases    ] GC(29)   Other: 0.9ms
[2020-09-30T09:17:02.739+0000][16584][gc,heap      ] GC(29) Eden regions: 74->0(545)
[2020-09-30T09:17:02.739+0000][16584][gc,heap      ] GC(29) Survivor regions: 28->25(76)
[2020-09-30T09:17:02.739+0000][16584][gc,heap      ] GC(29) Old regions: 50->50
[2020-09-30T09:17:02.739+0000][16584][gc,heap      ] GC(29) Archive regions: 0->0
[2020-09-30T09:17:02.739+0000][16584][gc,heap      ] GC(29) Humongous regions: 243->123
[2020-09-30T09:17:02.739+0000][16584][gc,metaspace ] GC(29) Metaspace: 82272K(88064K)->82272K(88064K) NonClass: 71304K(74752K)->71304K(74752K) Class: 10968K(13312K)->10968K(13312K)
[2020-09-30T09:17:02.739+0000][16584][gc           ] GC(29) Pause Young (Concurrent Start) (G1 Humongous Allocation) 393M->197M(1024M) 22.007ms
[2020-09-30T09:17:02.739+0000][16584][gc,cpu       ] GC(29) User=0.09s Sys=0.02s Real=0.02s
[2020-09-30T09:17:02.739+0000][16584][gc           ] GC(30) Concurrent Cycle
[2020-09-30T09:17:02.739+0000][16584][gc,marking   ] GC(30) Concurrent Clear Claimed Marks
[2020-09-30T09:17:02.739+0000][16584][gc,marking   ] GC(30) Concurrent Clear Claimed Marks 0.338ms
[2020-09-30T09:17:02.739+0000][16584][gc,marking   ] GC(30) Concurrent Scan Root Regions
[2020-09-30T09:17:02.739+0000][16584][safepoint    ] Safepoint "G1TryInitiateConcMark", Time since last: 33182100 ns, Reaching safepoint: 4459900 ns, At safepoint: 22763200 ns, Total: 27223100 ns
[2020-09-30T09:17:02.761+0000][16584][gc,marking   ] GC(30) Concurrent Scan Root Regions 21.736ms
[2020-09-30T09:17:02.761+0000][16584][gc,marking   ] GC(30) Concurrent Mark (116.618s)
[2020-09-30T09:17:02.761+0000][16584][gc,marking   ] GC(30) Concurrent Mark From Roots
[2020-09-30T09:17:02.761+0000][16584][gc,task      ] GC(30) Using 2 workers of 2 for marking
[2020-09-30T09:17:02.881+0000][16584][gc,marking   ] GC(30) Concurrent Mark From Roots 119.378ms
[2020-09-30T09:17:02.881+0000][16584][gc,marking   ] GC(30) Concurrent Preclean
[2020-09-30T09:17:02.881+0000][16584][gc,marking   ] GC(30) Concurrent Preclean 0.549ms
[2020-09-30T09:17:02.881+0000][16584][gc,marking   ] GC(30) Concurrent Mark (116.618s, 116.738s) 120.148ms
[2020-09-30T09:17:02.882+0000][16584][gc,start     ] GC(30) Pause Remark
[2020-09-30T09:17:02.886+0000][16584][gc           ] GC(30) Pause Remark 323M->323M(1024M) 3.952ms
[2020-09-30T09:17:02.886+0000][16584][gc,cpu       ] GC(30) User=0.00s Sys=0.00s Real=0.00s
[2020-09-30T09:17:02.886+0000][16584][safepoint    ] Safepoint "G1Concurrent", Time since last: 141991400 ns, Reaching safepoint: 176100 ns, At safepoint: 4239300 ns, Total: 4415400 ns
[2020-09-30T09:17:02.886+0000][16584][gc,marking   ] GC(30) Concurrent Rebuild Remembered Sets
[2020-09-30T09:17:02.948+0000][16584][gc,marking   ] GC(30) Concurrent Rebuild Remembered Sets 61.610ms
[2020-09-30T09:17:02.948+0000][16584][gc,start     ] GC(30) Pause Cleanup
[2020-09-30T09:17:02.948+0000][16584][gc           ] GC(30) Pause Cleanup 333M->333M(1024M) 0.321ms
[2020-09-30T09:17:02.948+0000][16584][gc,cpu       ] GC(30) User=0.00s Sys=0.00s Real=0.00s
[2020-09-30T09:17:02.948+0000][16584][safepoint    ] Safepoint "G1Concurrent", Time since last: 61846100 ns, Reaching safepoint: 179100 ns, At safepoint: 562800 ns, Total: 741900 ns
[2020-09-30T09:17:02.949+0000][16584][gc,marking   ] GC(30) Concurrent Cleanup for Next Mark
[2020-09-30T09:17:02.950+0000][16584][gc,marking   ] GC(30) Concurrent Cleanup for Next Mark 1.910ms
[2020-09-30T09:17:02.951+0000][16584][gc           ] GC(30) Concurrent Cycle 211.740ms
[2020-09-30T09:17:02.962+0000][16584][gc,start     ] GC(31) Pause Young (Concurrent Start) (G1 Humongous Allocation)
[2020-09-30T09:17:02.962+0000][16584][gc,task      ] GC(31) Using 8 workers of 8 for evacuation
[2020-09-30T09:17:02.962+0000][16584][gc,age       ] GC(31) Desired survivor size 37748736 bytes, new threshold 15 (max threshold 15)
[2020-09-30T09:17:02.981+0000][16584][gc,age       ] GC(31) Age table with threshold 15 (max threshold 15)
[2020-09-30T09:17:02.981+0000][16584][gc,age       ] GC(31) - age   1:    3360504 bytes,    3360504 total
[2020-09-30T09:17:02.981+0000][16584][gc,age       ] GC(31) - age   2:     919304 bytes,    4279808 total
[2020-09-30T09:17:02.981+0000][16584][gc,age       ] GC(31) - age   3:       6136 bytes,    4285944 total
[2020-09-30T09:17:02.981+0000][16584][gc,age       ] GC(31) - age   4:       4192 bytes,    4290136 total
[2020-09-30T09:17:02.981+0000][16584][gc,age       ] GC(31) - age   5:       1976 bytes,    4292112 total
[2020-09-30T09:17:02.981+0000][16584][gc,age       ] GC(31) - age   6:       7136 bytes,    4299248 total
[2020-09-30T09:17:02.981+0000][16584][gc,age       ] GC(31) - age   7:       3000 bytes,    4302248 total
[2020-09-30T09:17:02.981+0000][16584][gc,age       ] GC(31) - age   8:      26336 bytes,    4328584 total
[2020-09-30T09:17:02.981+0000][16584][gc,age       ] GC(31) - age   9:      36616 bytes,    4365200 total
[2020-09-30T09:17:02.981+0000][16584][gc,age       ] GC(31) - age  10:     345296 bytes,    4710496 total
[2020-09-30T09:17:02.981+0000][16584][gc,age       ] GC(31) - age  11:     291600 bytes,    5002096 total
[2020-09-30T09:17:02.981+0000][16584][gc,age       ] GC(31) - age  12:   12299648 bytes,   17301744 total
[2020-09-30T09:17:02.982+0000][16584][gc,age       ] GC(31) - age  13:    8327352 bytes,   25629096 total
[2020-09-30T09:17:02.982+0000][16584][gc,phases    ] GC(31)   Pre Evacuate Collection Set: 0.6ms
[2020-09-30T09:17:02.982+0000][16584][gc,phases    ] GC(31)   Merge Heap Roots: 0.1ms
[2020-09-30T09:17:02.982+0000][16584][gc,phases    ] GC(31)   Evacuate Collection Set: 16.5ms
[2020-09-30T09:17:02.982+0000][16584][gc,phases    ] GC(31)   Post Evacuate Collection Set: 1.7ms
[2020-09-30T09:17:02.982+0000][16584][gc,phases    ] GC(31)   Other: 1.2ms
[2020-09-30T09:17:02.982+0000][16584][gc,heap      ] GC(31) Eden regions: 36->0(484)
[2020-09-30T09:17:02.982+0000][16584][gc,heap      ] GC(31) Survivor regions: 25->27(72)
[2020-09-30T09:17:02.982+0000][16584][gc,heap      ] GC(31) Old regions: 50->50
[2020-09-30T09:17:02.982+0000][16584][gc,heap      ] GC(31) Archive regions: 0->0
[2020-09-30T09:17:02.982+0000][16584][gc,heap      ] GC(31) Humongous regions: 257->174
[2020-09-30T09:17:02.982+0000][16584][gc,metaspace ] GC(31) Metaspace: 82321K(88064K)->82321K(88064K) NonClass: 71353K(74752K)->71353K(74752K) Class: 10968K(13312K)->10968K(13312K)
[2020-09-30T09:17:02.982+0000][16584][gc           ] GC(31) Pause Young (Concurrent Start) (G1 Humongous Allocation) 366M->250M(1024M) 20.508ms
[2020-09-30T09:17:02.982+0000][16584][gc,cpu       ] GC(31) User=0.13s Sys=0.00s Real=0.02s
[2020-09-30T09:17:02.982+0000][16584][gc           ] GC(32) Concurrent Cycle
[2020-09-30T09:17:02.982+0000][16584][safepoint    ] Safepoint "G1TryInitiateConcMark", Time since last: 12973200 ns, Reaching safepoint: 199600 ns, At safepoint: 20769000 ns, Total: 20968600 ns
[2020-09-30T09:17:02.982+0000][16584][gc,marking   ] GC(32) Concurrent Clear Claimed Marks
[2020-09-30T09:17:02.983+0000][16584][gc,marking   ] GC(32) Concurrent Clear Claimed Marks 0.847ms
[2020-09-30T09:17:02.983+0000][16584][gc,marking   ] GC(32) Concurrent Scan Root Regions
[2020-09-30T09:17:03.002+0000][16584][gc,marking   ] GC(32) Concurrent Scan Root Regions 19.100ms
[2020-09-30T09:17:03.003+0000][16584][gc,marking   ] GC(32) Concurrent Mark (116.859s)
[2020-09-30T09:17:03.003+0000][16584][gc,marking   ] GC(32) Concurrent Mark From Roots
[2020-09-30T09:17:03.003+0000][16584][gc,task      ] GC(32) Using 2 workers of 2 for marking
[2020-09-30T09:17:03.103+0000][16584][gc,marking   ] GC(32) Concurrent Mark From Roots 100.956ms
[2020-09-30T09:17:03.103+0000][16584][gc,marking   ] GC(32) Concurrent Preclean
[2020-09-30T09:17:03.104+0000][16584][gc,marking   ] GC(32) Concurrent Preclean 0.525ms
[2020-09-30T09:17:03.104+0000][16584][gc,marking   ] GC(32) Concurrent Mark (116.859s, 116.961s) 101.694ms
[2020-09-30T09:17:03.104+0000][16584][gc,start     ] GC(32) Pause Remark
[2020-09-30T09:17:03.109+0000][16584][gc           ] GC(32) Pause Remark 290M->290M(1024M) 4.511ms
[2020-09-30T09:17:03.109+0000][16584][gc,cpu       ] GC(32) User=0.08s Sys=0.00s Real=0.00s
[2020-09-30T09:17:03.109+0000][16584][safepoint    ] Safepoint "G1Concurrent", Time since last: 121981400 ns, Reaching safepoint: 161800 ns, At safepoint: 4767500 ns, Total: 4929300 ns
[2020-09-30T09:17:03.109+0000][16584][gc,marking   ] GC(32) Concurrent Rebuild Remembered Sets
[2020-09-30T09:17:03.166+0000][16584][gc,marking   ] GC(32) Concurrent Rebuild Remembered Sets 57.696ms
[2020-09-30T09:17:03.167+0000][16584][gc,start     ] GC(32) Pause Cleanup
[2020-09-30T09:17:03.167+0000][16584][gc           ] GC(32) Pause Cleanup 290M->290M(1024M) 0.280ms
[2020-09-30T09:17:03.167+0000][16584][gc,cpu       ] GC(32) User=0.00s Sys=0.00s Real=0.00s
[2020-09-30T09:17:03.167+0000][16584][safepoint    ] Safepoint "G1Concurrent", Time since last: 57941900 ns, Reaching safepoint: 135600 ns, At safepoint: 502600 ns, Total: 638200 ns
[2020-09-30T09:17:03.167+0000][16584][gc,marking   ] GC(32) Concurrent Cleanup for Next Mark
[2020-09-30T09:17:03.169+0000][16584][gc,marking   ] GC(32) Concurrent Cleanup for Next Mark 1.703ms
[2020-09-30T09:17:03.169+0000][16584][gc           ] GC(32) Concurrent Cycle 187.466ms
[2020-09-30T09:17:03.338+0000][16584][gc,start     ] GC(33) Pause Young (Concurrent Start) (G1 Humongous Allocation)
[2020-09-30T09:17:03.338+0000][16584][gc,task      ] GC(33) Using 8 workers of 8 for evacuation
[2020-09-30T09:17:03.338+0000][16584][gc,age       ] GC(33) Desired survivor size 33554432 bytes, new threshold 15 (max threshold 15)
[2020-09-30T09:17:03.359+0000][16584][gc,age       ] GC(33) Age table with threshold 15 (max threshold 15)
[2020-09-30T09:17:03.359+0000][16584][gc,age       ] GC(33) - age   1:    5933256 bytes,    5933256 total
[2020-09-30T09:17:03.359+0000][16584][gc,age       ] GC(33) - age   2:     996872 bytes,    6930128 total
[2020-09-30T09:17:03.359+0000][16584][gc,age       ] GC(33) - age   3:     917776 bytes,    7847904 total
[2020-09-30T09:17:03.359+0000][16584][gc,age       ] GC(33) - age   4:       5224 bytes,    7853128 total
[2020-09-30T09:17:03.359+0000][16584][gc,age       ] GC(33) - age   5:       4096 bytes,    7857224 total
[2020-09-30T09:17:03.359+0000][16584][gc,age       ] GC(33) - age   6:       1976 bytes,    7859200 total
[2020-09-30T09:17:03.359+0000][16584][gc,age       ] GC(33) - age   7:       6944 bytes,    7866144 total
[2020-09-30T09:17:03.359+0000][16584][gc,age       ] GC(33) - age   8:       2640 bytes,    7868784 total
[2020-09-30T09:17:03.359+0000][16584][gc,age       ] GC(33) - age   9:      26184 bytes,    7894968 total
[2020-09-30T09:17:03.359+0000][16584][gc,age       ] GC(33) - age  10:      36616 bytes,    7931584 total
[2020-09-30T09:17:03.359+0000][16584][gc,age       ] GC(33) - age  11:     345016 bytes,    8276600 total
[2020-09-30T09:17:03.359+0000][16584][gc,age       ] GC(33) - age  12:     291600 bytes,    8568200 total
[2020-09-30T09:17:03.359+0000][16584][gc,age       ] GC(33) - age  13:   12299264 bytes,   20867464 total
[2020-09-30T09:17:03.359+0000][16584][gc,age       ] GC(33) - age  14:    8327352 bytes,   29194816 total
[2020-09-30T09:17:03.359+0000][16584][gc,phases    ] GC(33)   Pre Evacuate Collection Set: 0.5ms
[2020-09-30T09:17:03.359+0000][16584][gc,phases    ] GC(33)   Merge Heap Roots: 0.1ms
[2020-09-30T09:17:03.359+0000][16584][gc,phases    ] GC(33)   Evacuate Collection Set: 17.6ms
[2020-09-30T09:17:03.359+0000][16584][gc,phases    ] GC(33)   Post Evacuate Collection Set: 2.3ms
[2020-09-30T09:17:03.359+0000][16584][gc,phases    ] GC(33)   Other: 1.1ms
[2020-09-30T09:17:03.360+0000][16584][gc,heap      ] GC(33) Eden regions: 40->0(483)
[2020-09-30T09:17:03.360+0000][16584][gc,heap      ] GC(33) Survivor regions: 27->30(64)
[2020-09-30T09:17:03.360+0000][16584][gc,heap      ] GC(33) Old regions: 50->50
[2020-09-30T09:17:03.360+0000][16584][gc,heap      ] GC(33) Archive regions: 0->0
[2020-09-30T09:17:03.360+0000][16584][gc,heap      ] GC(33) Humongous regions: 257->174
[2020-09-30T09:17:03.360+0000][16584][gc,metaspace ] GC(33) Metaspace: 82377K(88320K)->82377K(88320K) NonClass: 71409K(75008K)->71409K(75008K) Class: 10968K(13312K)->10968K(13312K)
[2020-09-30T09:17:03.360+0000][16584][gc           ] GC(33) Pause Young (Concurrent Start) (G1 Humongous Allocation) 372M->253M(1024M) 22.008ms
[2020-09-30T09:17:03.360+0000][16584][gc,cpu       ] GC(33) User=0.13s Sys=0.00s Real=0.02s
[2020-09-30T09:17:03.360+0000][16584][gc           ] GC(34) Concurrent Cycle
[2020-09-30T09:17:03.360+0000][16584][gc,marking   ] GC(34) Concurrent Clear Claimed Marks
[2020-09-30T09:17:03.360+0000][16584][safepoint    ] Safepoint "G1TryInitiateConcMark", Time since last: 170318900 ns, Reaching safepoint: 216800 ns, At safepoint: 22283000 ns, Total: 22499800 ns
[2020-09-30T09:17:03.360+0000][16584][gc,marking   ] GC(34) Concurrent Clear Claimed Marks 0.357ms
[2020-09-30T09:17:03.360+0000][16584][gc,marking   ] GC(34) Concurrent Scan Root Regions
[2020-09-30T09:17:03.361+0000][16584][safepoint    ] Safepoint "G1TryInitiateConcMark", Time since last: 160900 ns, Reaching safepoint: 275900 ns, At safepoint: 158100 ns, Total: 434000 ns
[2020-09-30T09:17:03.383+0000][16584][gc,marking   ] GC(34) Concurrent Scan Root Regions 22.132ms
[2020-09-30T09:17:03.383+0000][16584][gc,marking   ] GC(34) Concurrent Mark (117.240s)
[2020-09-30T09:17:03.383+0000][16584][gc,marking   ] GC(34) Concurrent Mark From Roots
[2020-09-30T09:17:03.383+0000][16584][gc,task      ] GC(34) Using 2 workers of 2 for marking
[2020-09-30T09:17:03.500+0000][16584][gc,marking   ] GC(34) Concurrent Mark From Roots 117.263ms
[2020-09-30T09:17:03.500+0000][16584][gc,marking   ] GC(34) Concurrent Preclean
[2020-09-30T09:17:03.501+0000][16584][gc,marking   ] GC(34) Concurrent Preclean 0.621ms
[2020-09-30T09:17:03.501+0000][16584][gc,marking   ] GC(34) Concurrent Mark (117.240s, 117.358s) 118.081ms
[2020-09-30T09:17:03.501+0000][16584][gc,start     ] GC(34) Pause Remark
[2020-09-30T09:17:03.505+0000][16584][gc           ] GC(34) Pause Remark 455M->455M(1024M) 4.505ms
[2020-09-30T09:17:03.506+0000][16584][gc,cpu       ] GC(34) User=0.00s Sys=0.00s Real=0.01s
[2020-09-30T09:17:03.510+0000][16584][safepoint    ] Safepoint "G1Concurrent", Time since last: 140167300 ns, Reaching safepoint: 198300 ns, At safepoint: 8861300 ns, Total: 9059600 ns
[2020-09-30T09:17:03.510+0000][16584][gc,marking   ] GC(34) Concurrent Rebuild Remembered Sets
[2020-09-30T09:17:03.578+0000][16584][gc,marking   ] GC(34) Concurrent Rebuild Remembered Sets 68.225ms
[2020-09-30T09:17:03.581+0000][16584][gc,start     ] GC(34) Pause Cleanup
[2020-09-30T09:17:03.581+0000][16584][gc           ] GC(34) Pause Cleanup 519M->519M(1024M) 0.300ms
[2020-09-30T09:17:03.581+0000][16584][gc,cpu       ] GC(34) User=0.00s Sys=0.00s Real=0.00s
[2020-09-30T09:17:03.581+0000][16584][safepoint    ] Safepoint "G1Concurrent", Time since last: 68517300 ns, Reaching safepoint: 2422000 ns, At safepoint: 534700 ns, Total: 2956700 ns
[2020-09-30T09:17:03.581+0000][16584][gc,marking   ] GC(34) Concurrent Cleanup for Next Mark
[2020-09-30T09:17:03.583+0000][16584][gc,marking   ] GC(34) Concurrent Cleanup for Next Mark 1.822ms
[2020-09-30T09:17:03.583+0000][16584][gc           ] GC(34) Concurrent Cycle 223.426ms
[2020-09-30T09:17:03.908+0000][16584][gc,start     ] GC(35) Pause Young (Concurrent Start) (G1 Humongous Allocation)
[2020-09-30T09:17:03.908+0000][16584][gc,task      ] GC(35) Using 8 workers of 8 for evacuation
[2020-09-30T09:17:03.908+0000][16584][gc,age       ] GC(35) Desired survivor size 34078720 bytes, new threshold 15 (max threshold 15)
[2020-09-30T09:17:03.929+0000][16584][gc,age       ] GC(35) Age table with threshold 15 (max threshold 15)
[2020-09-30T09:17:03.929+0000][16584][gc,age       ] GC(35) - age   1:    5322816 bytes,    5322816 total
[2020-09-30T09:17:03.929+0000][16584][gc,age       ] GC(35) - age   2:      89920 bytes,    5412736 total
[2020-09-30T09:17:03.929+0000][16584][gc,age       ] GC(35) - age   3:     987976 bytes,    6400712 total
[2020-09-30T09:17:03.929+0000][16584][gc,age       ] GC(35) - age   4:     913904 bytes,    7314616 total
[2020-09-30T09:17:03.929+0000][16584][gc,age       ] GC(35) - age   5:       4936 bytes,    7319552 total
[2020-09-30T09:17:03.929+0000][16584][gc,age       ] GC(35) - age   6:       3736 bytes,    7323288 total
[2020-09-30T09:17:03.929+0000][16584][gc,age       ] GC(35) - age   7:       1912 bytes,    7325200 total
[2020-09-30T09:17:03.929+0000][16584][gc,age       ] GC(35) - age   8:       6888 bytes,    7332088 total
[2020-09-30T09:17:03.929+0000][16584][gc,age       ] GC(35) - age   9:       2608 bytes,    7334696 total
[2020-09-30T09:17:03.929+0000][16584][gc,age       ] GC(35) - age  10:      25872 bytes,    7360568 total
[2020-09-30T09:17:03.929+0000][16584][gc,age       ] GC(35) - age  11:      36616 bytes,    7397184 total
[2020-09-30T09:17:03.929+0000][16584][gc,age       ] GC(35) - age  12:     344952 bytes,    7742136 total
[2020-09-30T09:17:03.930+0000][16584][gc,age       ] GC(35) - age  13:     291600 bytes,    8033736 total
[2020-09-30T09:17:03.930+0000][16584][gc,age       ] GC(35) - age  14:   12299080 bytes,   20332816 total
[2020-09-30T09:17:03.930+0000][16584][gc,age       ] GC(35) - age  15:    8327288 bytes,   28660104 total
[2020-09-30T09:17:03.930+0000][16584][gc,phases    ] GC(35)   Pre Evacuate Collection Set: 0.8ms
[2020-09-30T09:17:03.930+0000][16584][gc,phases    ] GC(35)   Merge Heap Roots: 0.1ms
[2020-09-30T09:17:03.930+0000][16584][gc,phases    ] GC(35)   Evacuate Collection Set: 17.8ms
[2020-09-30T09:17:03.930+0000][16584][gc,phases    ] GC(35)   Post Evacuate Collection Set: 2.0ms
[2020-09-30T09:17:03.930+0000][16584][gc,phases    ] GC(35)   Other: 1.2ms
[2020-09-30T09:17:03.930+0000][16584][gc,heap      ] GC(35) Eden regions: 89->0(453)
[2020-09-30T09:17:03.930+0000][16584][gc,heap      ] GC(35) Survivor regions: 30->30(65)
[2020-09-30T09:17:03.930+0000][16584][gc,heap      ] GC(35) Old regions: 50->50
[2020-09-30T09:17:03.930+0000][16584][gc,heap      ] GC(35) Archive regions: 0->0
[2020-09-30T09:17:03.930+0000][16584][gc,heap      ] GC(35) Humongous regions: 372->174
[2020-09-30T09:17:03.930+0000][16584][gc,metaspace ] GC(35) Metaspace: 82525K(88320K)->82525K(88320K) NonClass: 71547K(75008K)->71547K(75008K) Class: 10978K(13312K)->10978K(13312K)
[2020-09-30T09:17:03.930+0000][16584][gc           ] GC(35) Pause Young (Concurrent Start) (G1 Humongous Allocation) 540M->253M(1024M) 22.284ms
[2020-09-30T09:17:03.930+0000][16584][gc,cpu       ] GC(35) User=0.11s Sys=0.00s Real=0.02s
[2020-09-30T09:17:03.930+0000][16584][gc           ] GC(36) Concurrent Cycle
[2020-09-30T09:17:03.930+0000][16584][gc,marking   ] GC(36) Concurrent Clear Claimed Marks
[2020-09-30T09:17:03.931+0000][16584][gc,marking   ] GC(36) Concurrent Clear Claimed Marks 0.356ms
[2020-09-30T09:17:03.931+0000][16584][gc,marking   ] GC(36) Concurrent Scan Root Regions
[2020-09-30T09:17:03.931+0000][16584][safepoint    ] Safepoint "G1TryInitiateConcMark", Time since last: 325486900 ns, Reaching safepoint: 276100 ns, At safepoint: 23017500 ns, Total: 23293600 ns
[2020-09-30T09:17:03.952+0000][16584][gc,marking   ] GC(36) Concurrent Scan Root Regions 21.478ms
[2020-09-30T09:17:03.952+0000][16584][gc,marking   ] GC(36) Concurrent Mark (117.809s)
[2020-09-30T09:17:03.952+0000][16584][gc,marking   ] GC(36) Concurrent Mark From Roots
[2020-09-30T09:17:03.952+0000][16584][gc,task      ] GC(36) Using 2 workers of 2 for marking
[2020-09-30T09:17:04.080+0000][16584][gc,marking   ] GC(36) Concurrent Mark From Roots 128.062ms
[2020-09-30T09:17:04.080+0000][16584][gc,marking   ] GC(36) Concurrent Preclean
[2020-09-30T09:17:04.081+0000][16584][gc,marking   ] GC(36) Concurrent Preclean 0.635ms
[2020-09-30T09:17:04.081+0000][16584][gc,marking   ] GC(36) Concurrent Mark (117.809s, 117.938s) 128.956ms
[2020-09-30T09:17:04.086+0000][16584][gc,start     ] GC(36) Pause Remark
[2020-09-30T09:17:04.090+0000][16584][gc           ] GC(36) Pause Remark 509M->509M(1024M) 4.666ms
[2020-09-30T09:17:04.091+0000][16584][gc,cpu       ] GC(36) User=0.00s Sys=0.00s Real=0.01s
[2020-09-30T09:17:04.096+0000][16584][safepoint    ] Safepoint "G1Concurrent", Time since last: 150548900 ns, Reaching safepoint: 4666700 ns, At safepoint: 9829100 ns, Total: 14495800 ns
[2020-09-30T09:17:04.096+0000][16584][gc,marking   ] GC(36) Concurrent Rebuild Remembered Sets
[2020-09-30T09:17:04.166+0000][16584][gc,marking   ] GC(36) Concurrent Rebuild Remembered Sets 69.937ms
[2020-09-30T09:17:04.166+0000][16584][gc,start     ] GC(36) Pause Cleanup
[2020-09-30T09:17:04.166+0000][16584][gc           ] GC(36) Pause Cleanup 518M->518M(1024M) 0.302ms
[2020-09-30T09:17:04.166+0000][16584][gc,cpu       ] GC(36) User=0.00s Sys=0.00s Real=0.00s
[2020-09-30T09:17:04.167+0000][16584][safepoint    ] Safepoint "G1Concurrent", Time since last: 70187100 ns, Reaching safepoint: 195900 ns, At safepoint: 621300 ns, Total: 817200 ns
[2020-09-30T09:17:04.167+0000][16584][gc,marking   ] GC(36) Concurrent Cleanup for Next Mark
[2020-09-30T09:17:04.169+0000][16584][gc,marking   ] GC(36) Concurrent Cleanup for Next Mark 1.907ms
[2020-09-30T09:17:04.169+0000][16584][gc           ] GC(36) Concurrent Cycle 238.688ms
[2020-09-30T09:17:04.210+0000][16584][gc,start     ] GC(37) Pause Young (Concurrent Start) (G1 Humongous Allocation)
[2020-09-30T09:17:04.210+0000][16584][gc,task      ] GC(37) Using 8 workers of 8 for evacuation
[2020-09-30T09:17:04.211+0000][16584][gc,age       ] GC(37) Desired survivor size 31981568 bytes, new threshold 15 (max threshold 15)
[2020-09-30T09:17:04.232+0000][16584][gc,age       ] GC(37) Age table with threshold 15 (max threshold 15)
[2020-09-30T09:17:04.232+0000][16584][gc,age       ] GC(37) - age   1:    3489848 bytes,    3489848 total
[2020-09-30T09:17:04.232+0000][16584][gc,age       ] GC(37) - age   2:     129992 bytes,    3619840 total
[2020-09-30T09:17:04.232+0000][16584][gc,age       ] GC(37) - age   3:      88400 bytes,    3708240 total
[2020-09-30T09:17:04.232+0000][16584][gc,age       ] GC(37) - age   4:     987944 bytes,    4696184 total
[2020-09-30T09:17:04.232+0000][16584][gc,age       ] GC(37) - age   5:     913872 bytes,    5610056 total
[2020-09-30T09:17:04.232+0000][16584][gc,age       ] GC(37) - age   6:       4872 bytes,    5614928 total
[2020-09-30T09:17:04.232+0000][16584][gc,age       ] GC(37) - age   7:       3672 bytes,    5618600 total
[2020-09-30T09:17:04.232+0000][16584][gc,age       ] GC(37) - age   8:       1912 bytes,    5620512 total
[2020-09-30T09:17:04.232+0000][16584][gc,age       ] GC(37) - age   9:       6888 bytes,    5627400 total
[2020-09-30T09:17:04.232+0000][16584][gc,age       ] GC(37) - age  10:       2608 bytes,    5630008 total
[2020-09-30T09:17:04.233+0000][16584][gc,age       ] GC(37) - age  11:      25632 bytes,    5655640 total
[2020-09-30T09:17:04.233+0000][16584][gc,age       ] GC(37) - age  12:      36552 bytes,    5692192 total
[2020-09-30T09:17:04.233+0000][16584][gc,age       ] GC(37) - age  13:     344888 bytes,    6037080 total
[2020-09-30T09:17:04.233+0000][16584][gc,age       ] GC(37) - age  14:     291600 bytes,    6328680 total
[2020-09-30T09:17:04.233+0000][16584][gc,age       ] GC(37) - age  15:   12298888 bytes,   18627568 total
[2020-09-30T09:17:04.233+0000][16584][gc,phases    ] GC(37)   Pre Evacuate Collection Set: 0.5ms
[2020-09-30T09:17:04.233+0000][16584][gc,phases    ] GC(37)   Merge Heap Roots: 0.1ms
[2020-09-30T09:17:04.233+0000][16584][gc,phases    ] GC(37)   Evacuate Collection Set: 18.8ms
[2020-09-30T09:17:04.233+0000][16584][gc,phases    ] GC(37)   Post Evacuate Collection Set: 2.0ms
[2020-09-30T09:17:04.233+0000][16584][gc,phases    ] GC(37)   Other: 1.1ms
[2020-09-30T09:17:04.233+0000][16584][gc,heap      ] GC(37) Eden regions: 73->0(464)
[2020-09-30T09:17:04.233+0000][16584][gc,heap      ] GC(37) Survivor regions: 30->20(61)
[2020-09-30T09:17:04.233+0000][16584][gc,heap      ] GC(37) Old regions: 50->58
[2020-09-30T09:17:04.233+0000][16584][gc,heap      ] GC(37) Archive regions: 0->0
[2020-09-30T09:17:04.233+0000][16584][gc,heap      ] GC(37) Humongous regions: 378->174
[2020-09-30T09:17:04.233+0000][16584][gc,metaspace ] GC(37) Metaspace: 82557K(88320K)->82557K(88320K) NonClass: 71578K(75008K)->71578K(75008K) Class: 10978K(13312K)->10978K(13312K)
[2020-09-30T09:17:04.233+0000][16584][gc           ] GC(37) Pause Young (Concurrent Start) (G1 Humongous Allocation) 530M->251M(1024M) 22.910ms
[2020-09-30T09:17:04.233+0000][16584][gc,cpu       ] GC(37) User=0.14s Sys=0.02s Real=0.02s
[2020-09-30T09:17:04.233+0000][16584][gc           ] GC(38) Concurrent Cycle
[2020-09-30T09:17:04.234+0000][16584][gc,marking   ] GC(38) Concurrent Clear Claimed Marks
[2020-09-30T09:17:04.234+0000][16584][gc,marking   ] GC(38) Concurrent Clear Claimed Marks 0.349ms
[2020-09-30T09:17:04.234+0000][16584][gc,marking   ] GC(38) Concurrent Scan Root Regions
[2020-09-30T09:17:04.234+0000][16584][safepoint    ] Safepoint "G1TryInitiateConcMark", Time since last: 43582100 ns, Reaching safepoint: 167100 ns, At safepoint: 23759100 ns, Total: 23926200 ns
[2020-09-30T09:17:04.256+0000][16584][gc,marking   ] GC(38) Concurrent Scan Root Regions 22.455ms
[2020-09-30T09:17:04.256+0000][16584][gc,marking   ] GC(38) Concurrent Mark (118.113s)
[2020-09-30T09:17:04.256+0000][16584][gc,marking   ] GC(38) Concurrent Mark From Roots
[2020-09-30T09:17:04.257+0000][16584][gc,task      ] GC(38) Using 2 workers of 2 for marking
[2020-09-30T09:17:04.381+0000][16584][gc,marking   ] GC(38) Concurrent Mark From Roots 125.218ms
[2020-09-30T09:17:04.381+0000][16584][gc,marking   ] GC(38) Concurrent Preclean
[2020-09-30T09:17:04.382+0000][16584][gc,marking   ] GC(38) Concurrent Preclean 0.589ms
[2020-09-30T09:17:04.382+0000][16584][gc,marking   ] GC(38) Concurrent Mark (118.113s, 118.239s) 126.003ms
[2020-09-30T09:17:04.382+0000][16584][gc,start     ] GC(38) Pause Remark
[2020-09-30T09:17:04.387+0000][16584][gc           ] GC(38) Pause Remark 383M->383M(1024M) 4.505ms
[2020-09-30T09:17:04.387+0000][16584][gc,cpu       ] GC(38) User=0.00s Sys=0.00s Real=0.01s
[2020-09-30T09:17:04.387+0000][16584][safepoint    ] Safepoint "G1Concurrent", Time since last: 148437500 ns, Reaching safepoint: 175000 ns, At safepoint: 4796000 ns, Total: 4971000 ns
[2020-09-30T09:17:04.387+0000][16584][gc,marking   ] GC(38) Concurrent Rebuild Remembered Sets
[2020-09-30T09:17:04.472+0000][16584][gc,marking   ] GC(38) Concurrent Rebuild Remembered Sets 84.460ms
[2020-09-30T09:17:04.472+0000][16584][gc,start     ] GC(38) Pause Cleanup
[2020-09-30T09:17:04.473+0000][16584][gc           ] GC(38) Pause Cleanup 393M->393M(1024M) 0.343ms
[2020-09-30T09:17:04.473+0000][16584][gc,cpu       ] GC(38) User=0.00s Sys=0.00s Real=0.00s
[2020-09-30T09:17:04.473+0000][16584][safepoint    ] Safepoint "G1Concurrent", Time since last: 84661500 ns, Reaching safepoint: 197100 ns, At safepoint: 604500 ns, Total: 801600 ns
[2020-09-30T09:17:04.473+0000][16584][gc,marking   ] GC(38) Concurrent Cleanup for Next Mark
[2020-09-30T09:17:04.475+0000][16584][gc,marking   ] GC(38) Concurrent Cleanup for Next Mark 2.114ms
[2020-09-30T09:17:04.475+0000][16584][gc           ] GC(38) Concurrent Cycle 241.907ms
[2020-09-30T09:17:04.506+0000][16584][gc,start     ] GC(39) Pause Young (Concurrent Start) (G1 Humongous Allocation)
[2020-09-30T09:17:04.506+0000][16584][gc,task      ] GC(39) Using 8 workers of 8 for evacuation
[2020-09-30T09:17:04.506+0000][16584][gc,age       ] GC(39) Desired survivor size 31981568 bytes, new threshold 15 (max threshold 15)
[2020-09-30T09:17:04.520+0000][16584][gc,age       ] GC(39) Age table with threshold 15 (max threshold 15)
[2020-09-30T09:17:04.520+0000][16584][gc,age       ] GC(39) - age   1:    3381312 bytes,    3381312 total
[2020-09-30T09:17:04.520+0000][16584][gc,age       ] GC(39) - age   2:     604168 bytes,    3985480 total
[2020-09-30T09:17:04.520+0000][16584][gc,age       ] GC(39) - age   3:      74464 bytes,    4059944 total
[2020-09-30T09:17:04.520+0000][16584][gc,age       ] GC(39) - age   4:      88208 bytes,    4148152 total
[2020-09-30T09:17:04.520+0000][16584][gc,age       ] GC(39) - age   5:     987912 bytes,    5136064 total
[2020-09-30T09:17:04.520+0000][16584][gc,age       ] GC(39) - age   6:     913872 bytes,    6049936 total
[2020-09-30T09:17:04.520+0000][16584][gc,age       ] GC(39) - age   7:       4680 bytes,    6054616 total
[2020-09-30T09:17:04.520+0000][16584][gc,age       ] GC(39) - age   8:       3512 bytes,    6058128 total
[2020-09-30T09:17:04.520+0000][16584][gc,age       ] GC(39) - age   9:       1656 bytes,    6059784 total
[2020-09-30T09:17:04.520+0000][16584][gc,age       ] GC(39) - age  10:       6856 bytes,    6066640 total
[2020-09-30T09:17:04.520+0000][16584][gc,age       ] GC(39) - age  11:       2512 bytes,    6069152 total
[2020-09-30T09:17:04.520+0000][16584][gc,age       ] GC(39) - age  12:      25632 bytes,    6094784 total
[2020-09-30T09:17:04.520+0000][16584][gc,age       ] GC(39) - age  13:      36552 bytes,    6131336 total
[2020-09-30T09:17:04.520+0000][16584][gc,age       ] GC(39) - age  14:     344888 bytes,    6476224 total
[2020-09-30T09:17:04.520+0000][16584][gc,age       ] GC(39) - age  15:     291600 bytes,    6767824 total
[2020-09-30T09:17:04.521+0000][16584][gc,phases    ] GC(39)   Pre Evacuate Collection Set: 0.5ms
[2020-09-30T09:17:04.521+0000][16584][gc,phases    ] GC(39)   Merge Heap Roots: 0.1ms
[2020-09-30T09:17:04.521+0000][16584][gc,phases    ] GC(39)   Evacuate Collection Set: 12.2ms
[2020-09-30T09:17:04.521+0000][16584][gc,phases    ] GC(39)   Post Evacuate Collection Set: 1.2ms
[2020-09-30T09:17:04.521+0000][16584][gc,phases    ] GC(39)   Other: 1.0ms
[2020-09-30T09:17:04.521+0000][16584][gc,heap      ] GC(39) Eden regions: 43->0(471)
[2020-09-30T09:17:04.521+0000][16584][gc,heap      ] GC(39) Survivor regions: 20->9(61)
[2020-09-30T09:17:04.521+0000][16584][gc,heap      ] GC(39) Old regions: 58->70
[2020-09-30T09:17:04.521+0000][16584][gc,heap      ] GC(39) Archive regions: 0->0
[2020-09-30T09:17:04.521+0000][16584][gc,heap      ] GC(39) Humongous regions: 278->174
[2020-09-30T09:17:04.521+0000][16584][gc,metaspace ] GC(39) Metaspace: 82604K(88320K)->82604K(88320K) NonClass: 71626K(75008K)->71626K(75008K) Class: 10978K(13312K)->10978K(13312K)
[2020-09-30T09:17:04.521+0000][16584][gc           ] GC(39) Pause Young (Concurrent Start) (G1 Humongous Allocation) 398M->252M(1024M) 15.480ms
[2020-09-30T09:17:04.521+0000][16584][gc,cpu       ] GC(39) User=0.13s Sys=0.00s Real=0.01s
[2020-09-30T09:17:04.521+0000][16584][gc           ] GC(40) Concurrent Cycle
[2020-09-30T09:17:04.521+0000][16584][safepoint    ] Safepoint "G1TryInitiateConcMark", Time since last: 32545800 ns, Reaching safepoint: 159200 ns, At safepoint: 15743400 ns, Total: 15902600 ns
[2020-09-30T09:17:04.521+0000][16584][gc,marking   ] GC(40) Concurrent Clear Claimed Marks
[2020-09-30T09:17:04.522+0000][16584][gc,marking   ] GC(40) Concurrent Clear Claimed Marks 0.467ms
[2020-09-30T09:17:04.522+0000][16584][gc,marking   ] GC(40) Concurrent Scan Root Regions
[2020-09-30T09:17:04.536+0000][16584][gc,marking   ] GC(40) Concurrent Scan Root Regions 13.845ms
[2020-09-30T09:17:04.536+0000][16584][gc,marking   ] GC(40) Concurrent Mark (118.393s)
[2020-09-30T09:17:04.536+0000][16584][gc,marking   ] GC(40) Concurrent Mark From Roots
[2020-09-30T09:17:04.536+0000][16584][gc,task      ] GC(40) Using 2 workers of 2 for marking
[2020-09-30T09:17:04.619+0000][16584][safepoint    ] Safepoint "BulkRevokeBias", Time since last: 95181700 ns, Reaching safepoint: 221300 ns, At safepoint: 1584800 ns, Total: 1806100 ns
[2020-09-30T09:17:04.679+0000][16584][gc,marking   ] GC(40) Concurrent Mark From Roots 142.416ms
[2020-09-30T09:17:04.679+0000][16584][gc,marking   ] GC(40) Concurrent Preclean
[2020-09-30T09:17:04.679+0000][16584][gc,marking   ] GC(40) Concurrent Preclean 0.672ms
[2020-09-30T09:17:04.679+0000][16584][gc,marking   ] GC(40) Concurrent Mark (118.393s, 118.536s) 143.286ms
[2020-09-30T09:17:04.680+0000][16584][gc,start     ] GC(40) Pause Remark
[2020-09-30T09:17:04.685+0000][16584][gc           ] GC(40) Pause Remark 381M->381M(1024M) 5.485ms
[2020-09-30T09:17:04.685+0000][16584][gc,cpu       ] GC(40) User=0.00s Sys=0.00s Real=0.00s
[2020-09-30T09:17:04.685+0000][16584][safepoint    ] Safepoint "G1Concurrent", Time since last: 60938300 ns, Reaching safepoint: 190500 ns, At safepoint: 5734200 ns, Total: 5924700 ns
[2020-09-30T09:17:04.686+0000][16584][gc,marking   ] GC(40) Concurrent Rebuild Remembered Sets
[2020-09-30T09:17:04.781+0000][16584][gc,marking   ] GC(40) Concurrent Rebuild Remembered Sets 95.084ms
[2020-09-30T09:17:04.781+0000][16584][gc,start     ] GC(40) Pause Cleanup
[2020-09-30T09:17:04.781+0000][16584][gc           ] GC(40) Pause Cleanup 392M->392M(1024M) 0.310ms
[2020-09-30T09:17:04.781+0000][16584][gc,cpu       ] GC(40) User=0.00s Sys=0.00s Real=0.00s
[2020-09-30T09:17:04.782+0000][16584][safepoint    ] Safepoint "G1Concurrent", Time since last: 95326500 ns, Reaching safepoint: 193700 ns, At safepoint: 617600 ns, Total: 811300 ns
[2020-09-30T09:17:04.782+0000][16584][gc,marking   ] GC(40) Concurrent Cleanup for Next Mark
[2020-09-30T09:17:04.784+0000][16584][gc,marking   ] GC(40) Concurrent Cleanup for Next Mark 1.979ms
[2020-09-30T09:17:04.784+0000][16584][gc           ] GC(40) Concurrent Cycle 262.296ms
[2020-09-30T09:17:04.824+0000][16584][gc,start     ] GC(41) Pause Young (Concurrent Start) (G1 Humongous Allocation)
[2020-09-30T09:17:04.824+0000][16584][gc,task      ] GC(41) Using 8 workers of 8 for evacuation
[2020-09-30T09:17:04.824+0000][16584][gc,age       ] GC(41) Desired survivor size 31457280 bytes, new threshold 15 (max threshold 15)
[2020-09-30T09:17:04.830+0000][16584][gc,age       ] GC(41) Age table with threshold 15 (max threshold 15)
[2020-09-30T09:17:04.830+0000][16584][gc,age       ] GC(41) - age   1:    3378552 bytes,    3378552 total
[2020-09-30T09:17:04.830+0000][16584][gc,age       ] GC(41) - age   2:     434016 bytes,    3812568 total
[2020-09-30T09:17:04.830+0000][16584][gc,age       ] GC(41) - age   3:     203728 bytes,    4016296 total
[2020-09-30T09:17:04.830+0000][16584][gc,age       ] GC(41) - age   4:      73152 bytes,    4089448 total
[2020-09-30T09:17:04.830+0000][16584][gc,age       ] GC(41) - age   5:      88208 bytes,    4177656 total
[2020-09-30T09:17:04.830+0000][16584][gc,age       ] GC(41) - age   6:     987912 bytes,    5165568 total
[2020-09-30T09:17:04.830+0000][16584][gc,age       ] GC(41) - age   7:     913680 bytes,    6079248 total
[2020-09-30T09:17:04.830+0000][16584][gc,age       ] GC(41) - age   8:       4616 bytes,    6083864 total
[2020-09-30T09:17:04.830+0000][16584][gc,age       ] GC(41) - age   9:       3160 bytes,    6087024 total
[2020-09-30T09:17:04.830+0000][16584][gc,age       ] GC(41) - age  10:       1592 bytes,    6088616 total
[2020-09-30T09:17:04.830+0000][16584][gc,age       ] GC(41) - age  11:       6824 bytes,    6095440 total
[2020-09-30T09:17:04.830+0000][16584][gc,age       ] GC(41) - age  12:       2384 bytes,    6097824 total
[2020-09-30T09:17:04.830+0000][16584][gc,age       ] GC(41) - age  13:      25632 bytes,    6123456 total
[2020-09-30T09:17:04.830+0000][16584][gc,age       ] GC(41) - age  14:      36552 bytes,    6160008 total
[2020-09-30T09:17:04.830+0000][16584][gc,age       ] GC(41) - age  15:     344888 bytes,    6504896 total
[2020-09-30T09:17:04.830+0000][16584][gc,phases    ] GC(41)   Pre Evacuate Collection Set: 0.6ms
[2020-09-30T09:17:04.830+0000][16584][gc,phases    ] GC(41)   Merge Heap Roots: 0.1ms
[2020-09-30T09:17:04.830+0000][16584][gc,phases    ] GC(41)   Evacuate Collection Set: 3.6ms
[2020-09-30T09:17:04.831+0000][16584][gc,phases    ] GC(41)   Post Evacuate Collection Set: 0.8ms
[2020-09-30T09:17:04.831+0000][16584][gc,phases    ] GC(41)   Other: 1.2ms
[2020-09-30T09:17:04.831+0000][16584][gc,heap      ] GC(41) Eden regions: 42->0(477)
[2020-09-30T09:17:04.831+0000][16584][gc,heap      ] GC(41) Survivor regions: 9->8(60)
[2020-09-30T09:17:04.831+0000][16584][gc,heap      ] GC(41) Old regions: 70->72
[2020-09-30T09:17:04.831+0000][16584][gc,heap      ] GC(41) Archive regions: 0->0
[2020-09-30T09:17:04.831+0000][16584][gc,heap      ] GC(41) Humongous regions: 278->174
[2020-09-30T09:17:04.831+0000][16584][gc,metaspace ] GC(41) Metaspace: 82622K(88320K)->82622K(88320K) NonClass: 71643K(75008K)->71643K(75008K) Class: 10978K(13312K)->10978K(13312K)
[2020-09-30T09:17:04.831+0000][16584][gc           ] GC(41) Pause Young (Concurrent Start) (G1 Humongous Allocation) 398M->252M(1024M) 6.756ms
[2020-09-30T09:17:04.831+0000][16584][gc,cpu       ] GC(41) User=0.11s Sys=0.00s Real=0.01s
[2020-09-30T09:17:04.831+0000][16584][gc           ] GC(42) Concurrent Cycle
[2020-09-30T09:17:04.831+0000][16584][safepoint    ] Safepoint "G1TryInitiateConcMark", Time since last: 42160100 ns, Reaching safepoint: 211600 ns, At safepoint: 7006700 ns, Total: 7218300 ns
[2020-09-30T09:17:04.831+0000][16584][gc,marking   ] GC(42) Concurrent Clear Claimed Marks
[2020-09-30T09:17:04.832+0000][16584][gc,marking   ] GC(42) Concurrent Clear Claimed Marks 0.502ms
[2020-09-30T09:17:04.832+0000][16584][gc,marking   ] GC(42) Concurrent Scan Root Regions
[2020-09-30T09:17:04.836+0000][16584][gc,marking   ] GC(42) Concurrent Scan Root Regions 4.184ms
[2020-09-30T09:17:04.836+0000][16584][gc,marking   ] GC(42) Concurrent Mark (118.693s)
[2020-09-30T09:17:04.836+0000][16584][gc,marking   ] GC(42) Concurrent Mark From Roots
[2020-09-30T09:17:04.836+0000][16584][gc,task      ] GC(42) Using 2 workers of 2 for marking
[2020-09-30T09:17:05.010+0000][16584][gc,marking   ] GC(42) Concurrent Mark From Roots 174.210ms
[2020-09-30T09:17:05.010+0000][16584][gc,marking   ] GC(42) Concurrent Preclean
[2020-09-30T09:17:05.011+0000][16584][gc,marking   ] GC(42) Concurrent Preclean 0.584ms
[2020-09-30T09:17:05.011+0000][16584][gc,marking   ] GC(42) Concurrent Mark (118.693s, 118.868s) 175.019ms
[2020-09-30T09:17:05.011+0000][16584][gc,start     ] GC(42) Pause Remark
[2020-09-30T09:17:05.026+0000][16584][gc           ] GC(42) Pause Remark 324M->324M(1024M) 14.649ms
[2020-09-30T09:17:05.026+0000][16584][gc,cpu       ] GC(42) User=0.05s Sys=0.00s Real=0.02s
[2020-09-30T09:17:05.027+0000][16584][safepoint    ] Safepoint "G1Concurrent", Time since last: 180071100 ns, Reaching safepoint: 185000 ns, At safepoint: 15616700 ns, Total: 15801700 ns
[2020-09-30T09:17:05.027+0000][16584][gc,marking   ] GC(42) Concurrent Rebuild Remembered Sets
[2020-09-30T09:17:05.123+0000][16584][gc,marking   ] GC(42) Concurrent Rebuild Remembered Sets 96.209ms
[2020-09-30T09:17:05.123+0000][16584][gc,start     ] GC(42) Pause Cleanup
[2020-09-30T09:17:05.124+0000][16584][gc           ] GC(42) Pause Cleanup 386M->386M(1024M) 0.428ms
[2020-09-30T09:17:05.124+0000][16584][gc,cpu       ] GC(42) User=0.00s Sys=0.02s Real=0.00s
[2020-09-30T09:17:05.124+0000][16584][safepoint    ] Safepoint "G1Concurrent", Time since last: 96444500 ns, Reaching safepoint: 220700 ns, At safepoint: 662800 ns, Total: 883500 ns
[2020-09-30T09:17:05.124+0000][16584][gc,marking   ] GC(42) Concurrent Cleanup for Next Mark
[2020-09-30T09:17:05.126+0000][16584][gc,marking   ] GC(42) Concurrent Cleanup for Next Mark 2.130ms
[2020-09-30T09:17:05.126+0000][16584][gc           ] GC(42) Concurrent Cycle 295.671ms
[2020-09-30T09:17:05.180+0000][16584][safepoint    ] Safepoint "BulkRevokeBias", Time since last: 54027200 ns, Reaching safepoint: 357300 ns, At safepoint: 2354100 ns, Total: 2711400 ns
[2020-09-30T09:17:05.235+0000][16584][gc,start     ] GC(43) Pause Young (Concurrent Start) (G1 Humongous Allocation)
[2020-09-30T09:17:05.235+0000][16584][gc,task      ] GC(43) Using 8 workers of 8 for evacuation
[2020-09-30T09:17:05.235+0000][16584][gc,age       ] GC(43) Desired survivor size 31981568 bytes, new threshold 15 (max threshold 15)
[2020-09-30T09:17:05.240+0000][16584][gc,age       ] GC(43) Age table with threshold 15 (max threshold 15)
[2020-09-30T09:17:05.240+0000][16584][gc,age       ] GC(43) - age   1:    2713992 bytes,    2713992 total
[2020-09-30T09:17:05.240+0000][16584][gc,age       ] GC(43) - age   2:      28352 bytes,    2742344 total
[2020-09-30T09:17:05.240+0000][16584][gc,age       ] GC(43) - age   3:      29632 bytes,    2771976 total
[2020-09-30T09:17:05.240+0000][16584][gc,age       ] GC(43) - age   4:       2096 bytes,    2774072 total
[2020-09-30T09:17:05.240+0000][16584][gc,age       ] GC(43) - age   5:      72680 bytes,    2846752 total
[2020-09-30T09:17:05.240+0000][16584][gc,age       ] GC(43) - age   6:      88208 bytes,    2934960 total
[2020-09-30T09:17:05.240+0000][16584][gc,age       ] GC(43) - age   7:     987752 bytes,    3922712 total
[2020-09-30T09:17:05.240+0000][16584][gc,age       ] GC(43) - age   8:     913680 bytes,    4836392 total
[2020-09-30T09:17:05.240+0000][16584][gc,age       ] GC(43) - age   9:       4488 bytes,    4840880 total
[2020-09-30T09:17:05.240+0000][16584][gc,age       ] GC(43) - age  10:       3000 bytes,    4843880 total
[2020-09-30T09:17:05.240+0000][16584][gc,age       ] GC(43) - age  11:       1592 bytes,    4845472 total
[2020-09-30T09:17:05.240+0000][16584][gc,age       ] GC(43) - age  12:       6760 bytes,    4852232 total
[2020-09-30T09:17:05.240+0000][16584][gc,age       ] GC(43) - age  13:       2384 bytes,    4854616 total
[2020-09-30T09:17:05.240+0000][16584][gc,age       ] GC(43) - age  14:      25632 bytes,    4880248 total
[2020-09-30T09:17:05.240+0000][16584][gc,age       ] GC(43) - age  15:      36552 bytes,    4916800 total
[2020-09-30T09:17:05.240+0000][16584][gc,phases    ] GC(43)   Pre Evacuate Collection Set: 0.5ms
[2020-09-30T09:17:05.240+0000][16584][gc,phases    ] GC(43)   Merge Heap Roots: 0.1ms
[2020-09-30T09:17:05.240+0000][16584][gc,phases    ] GC(43)   Evacuate Collection Set: 2.7ms
[2020-09-30T09:17:05.241+0000][16584][gc,phases    ] GC(43)   Post Evacuate Collection Set: 1.0ms
[2020-09-30T09:17:05.241+0000][16584][gc,phases    ] GC(43)   Other: 1.2ms
[2020-09-30T09:17:05.241+0000][16584][gc,heap      ] GC(43) Eden regions: 48->0(485)
[2020-09-30T09:17:05.241+0000][16584][gc,heap      ] GC(43) Survivor regions: 8->5(61)
[2020-09-30T09:17:05.241+0000][16584][gc,heap      ] GC(43) Old regions: 72->73
[2020-09-30T09:17:05.241+0000][16584][gc,heap      ] GC(43) Archive regions: 0->0
[2020-09-30T09:17:05.241+0000][16584][gc,heap      ] GC(43) Humongous regions: 274->174
[2020-09-30T09:17:05.241+0000][16584][gc,metaspace ] GC(43) Metaspace: 82268K(88576K)->82268K(88576K) NonClass: 71423K(75264K)->71423K(75264K) Class: 10845K(13312K)->10845K(13312K)
[2020-09-30T09:17:05.241+0000][16584][gc           ] GC(43) Pause Young (Concurrent Start) (G1 Humongous Allocation) 400M->251M(1024M) 5.916ms
[2020-09-30T09:17:05.241+0000][16584][gc,cpu       ] GC(43) User=0.00s Sys=0.00s Real=0.01s
[2020-09-30T09:17:05.241+0000][16584][safepoint    ] Safepoint "G1TryInitiateConcMark", Time since last: 54372100 ns, Reaching safepoint: 257600 ns, At safepoint: 6189000 ns, Total: 6446600 ns
[2020-09-30T09:17:05.241+0000][16584][gc           ] GC(44) Concurrent Cycle
[2020-09-30T09:17:05.241+0000][16584][gc,marking   ] GC(44) Concurrent Clear Claimed Marks
[2020-09-30T09:17:05.242+0000][16584][gc,marking   ] GC(44) Concurrent Clear Claimed Marks 0.587ms
[2020-09-30T09:17:05.242+0000][16584][gc,marking   ] GC(44) Concurrent Scan Root Regions
[2020-09-30T09:17:05.245+0000][16584][gc,marking   ] GC(44) Concurrent Scan Root Regions 3.251ms
[2020-09-30T09:17:05.245+0000][16584][gc,marking   ] GC(44) Concurrent Mark (119.103s)
[2020-09-30T09:17:05.245+0000][16584][gc,marking   ] GC(44) Concurrent Mark From Roots
[2020-09-30T09:17:05.245+0000][16584][gc,task      ] GC(44) Using 2 workers of 2 for marking
[2020-09-30T09:17:05.407+0000][16584][gc,marking   ] GC(44) Concurrent Mark From Roots 161.171ms
[2020-09-30T09:17:05.407+0000][16584][gc,marking   ] GC(44) Concurrent Preclean
[2020-09-30T09:17:05.408+0000][16584][gc,marking   ] GC(44) Concurrent Preclean 0.817ms
[2020-09-30T09:17:05.408+0000][16584][gc,marking   ] GC(44) Concurrent Mark (119.103s, 119.265s) 162.371ms
[2020-09-30T09:17:05.408+0000][16584][gc,start     ] GC(44) Pause Remark
[2020-09-30T09:17:05.419+0000][16584][gc           ] GC(44) Pause Remark 386M->386M(1024M) 11.021ms
[2020-09-30T09:17:05.419+0000][16584][gc,cpu       ] GC(44) User=0.00s Sys=0.00s Real=0.01s
[2020-09-30T09:17:05.419+0000][16584][safepoint    ] Safepoint "G1Concurrent", Time since last: 166697400 ns, Reaching safepoint: 209100 ns, At safepoint: 11291000 ns, Total: 11500100 ns
[2020-09-30T09:17:05.419+0000][16584][gc,marking   ] GC(44) Concurrent Rebuild Remembered Sets
[2020-09-30T09:17:05.515+0000][16584][gc,marking   ] GC(44) Concurrent Rebuild Remembered Sets 95.982ms
[2020-09-30T09:17:05.516+0000][16584][gc,start     ] GC(44) Pause Cleanup
[2020-09-30T09:17:05.516+0000][16584][gc           ] GC(44) Pause Cleanup 387M->387M(1024M) 0.364ms
[2020-09-30T09:17:05.516+0000][16584][gc,cpu       ] GC(44) User=0.00s Sys=0.00s Real=0.00s
[2020-09-30T09:17:05.517+0000][16584][safepoint    ] Safepoint "G1Concurrent", Time since last: 96215000 ns, Reaching safepoint: 342300 ns, At safepoint: 1000500 ns, Total: 1342800 ns
[2020-09-30T09:17:05.517+0000][16584][gc,marking   ] GC(44) Concurrent Cleanup for Next Mark
[2020-09-30T09:17:05.519+0000][16584][gc,marking   ] GC(44) Concurrent Cleanup for Next Mark 1.754ms
[2020-09-30T09:17:05.519+0000][16584][gc           ] GC(44) Concurrent Cycle 277.791ms
[2020-09-30T09:17:05.558+0000][16584][safepoint    ] Safepoint "ICBufferFull", Time since last: 40991100 ns, Reaching safepoint: 399300 ns, At safepoint: 227000 ns, Total: 626300 ns
[2020-09-30T09:17:05.570+0000][16584][gc,start     ] GC(45) Pause Young (Concurrent Start) (G1 Humongous Allocation)
[2020-09-30T09:17:05.570+0000][16584][gc,task      ] GC(45) Using 8 workers of 8 for evacuation
[2020-09-30T09:17:05.570+0000][16584][gc,age       ] GC(45) Desired survivor size 32505856 bytes, new threshold 15 (max threshold 15)
[2020-09-30T09:17:05.576+0000][16584][gc,age       ] GC(45) Age table with threshold 15 (max threshold 15)
[2020-09-30T09:17:05.576+0000][16584][gc,age       ] GC(45) - age   1:   10766368 bytes,   10766368 total
[2020-09-30T09:17:05.576+0000][16584][gc,age       ] GC(45) - age   2:      36680 bytes,   10803048 total
[2020-09-30T09:17:05.576+0000][16584][gc,age       ] GC(45) - age   3:      27408 bytes,   10830456 total
[2020-09-30T09:17:05.576+0000][16584][gc,age       ] GC(45) - age   4:      29008 bytes,   10859464 total
[2020-09-30T09:17:05.576+0000][16584][gc,age       ] GC(45) - age   5:       1936 bytes,   10861400 total
[2020-09-30T09:17:05.576+0000][16584][gc,age       ] GC(45) - age   6:      72424 bytes,   10933824 total
[2020-09-30T09:17:05.576+0000][16584][gc,age       ] GC(45) - age   7:      87880 bytes,   11021704 total
[2020-09-30T09:17:05.576+0000][16584][gc,age       ] GC(45) - age   8:     987688 bytes,   12009392 total
[2020-09-30T09:17:05.576+0000][16584][gc,age       ] GC(45) - age   9:     913488 bytes,   12922880 total
[2020-09-30T09:17:05.576+0000][16584][gc,age       ] GC(45) - age  10:       4456 bytes,   12927336 total
[2020-09-30T09:17:05.576+0000][16584][gc,age       ] GC(45) - age  11:       3000 bytes,   12930336 total
[2020-09-30T09:17:05.576+0000][16584][gc,age       ] GC(45) - age  12:       1592 bytes,   12931928 total
[2020-09-30T09:17:05.576+0000][16584][gc,age       ] GC(45) - age  13:       6696 bytes,   12938624 total
[2020-09-30T09:17:05.576+0000][16584][gc,age       ] GC(45) - age  14:       2384 bytes,   12941008 total
[2020-09-30T09:17:05.576+0000][16584][gc,age       ] GC(45) - age  15:      25632 bytes,   12966640 total
[2020-09-30T09:17:05.576+0000][16584][gc,phases    ] GC(45)   Pre Evacuate Collection Set: 0.4ms
[2020-09-30T09:17:05.576+0000][16584][gc,phases    ] GC(45)   Merge Heap Roots: 0.1ms
[2020-09-30T09:17:05.576+0000][16584][gc,phases    ] GC(45)   Evacuate Collection Set: 4.0ms
[2020-09-30T09:17:05.576+0000][16584][gc,phases    ] GC(45)   Post Evacuate Collection Set: 1.1ms
[2020-09-30T09:17:05.577+0000][16584][gc,phases    ] GC(45)   Other: 1.0ms
[2020-09-30T09:17:05.577+0000][16584][gc,heap      ] GC(45) Eden regions: 57->0(475)
[2020-09-30T09:17:05.577+0000][16584][gc,heap      ] GC(45) Survivor regions: 5->13(62)
[2020-09-30T09:17:05.577+0000][16584][gc,heap      ] GC(45) Old regions: 73->73
[2020-09-30T09:17:05.577+0000][16584][gc,heap      ] GC(45) Archive regions: 0->0
[2020-09-30T09:17:05.577+0000][16584][gc,heap      ] GC(45) Humongous regions: 274->174
[2020-09-30T09:17:05.577+0000][16584][gc,metaspace ] GC(45) Metaspace: 82319K(88576K)->82319K(88576K) NonClass: 71478K(75264K)->71478K(75264K) Class: 10840K(13312K)->10840K(13312K)
[2020-09-30T09:17:05.577+0000][16584][gc           ] GC(45) Pause Young (Concurrent Start) (G1 Humongous Allocation) 408M->259M(1024M) 7.149ms
[2020-09-30T09:17:05.577+0000][16584][gc,cpu       ] GC(45) User=0.03s Sys=0.02s Real=0.01s
[2020-09-30T09:17:05.577+0000][16584][gc           ] GC(46) Concurrent Cycle
[2020-09-30T09:17:05.577+0000][16584][gc,marking   ] GC(46) Concurrent Clear Claimed Marks
[2020-09-30T09:17:05.577+0000][16584][safepoint    ] Safepoint "G1TryInitiateConcMark", Time since last: 11102000 ns, Reaching safepoint: 214100 ns, At safepoint: 7569600 ns, Total: 7783700 ns
[2020-09-30T09:17:05.578+0000][16584][gc,marking   ] GC(46) Concurrent Clear Claimed Marks 0.296ms
[2020-09-30T09:17:05.578+0000][16584][gc,marking   ] GC(46) Concurrent Scan Root Regions
[2020-09-30T09:17:05.580+0000][16584][gc,marking   ] GC(46) Concurrent Scan Root Regions 2.563ms
[2020-09-30T09:17:05.580+0000][16584][gc,marking   ] GC(46) Concurrent Mark (119.438s)
[2020-09-30T09:17:05.580+0000][16584][gc,marking   ] GC(46) Concurrent Mark From Roots
[2020-09-30T09:17:05.580+0000][16584][gc,task      ] GC(46) Using 2 workers of 2 for marking
[2020-09-30T09:17:05.750+0000][16584][gc,marking   ] GC(46) Concurrent Mark From Roots 169.429ms
[2020-09-30T09:17:05.750+0000][16584][gc,marking   ] GC(46) Concurrent Preclean
[2020-09-30T09:17:05.750+0000][16584][gc,marking   ] GC(46) Concurrent Preclean 0.622ms
[2020-09-30T09:17:05.750+0000][16584][gc,marking   ] GC(46) Concurrent Mark (119.438s, 119.608s) 170.318ms
[2020-09-30T09:17:05.751+0000][16584][gc,start     ] GC(46) Pause Remark
[2020-09-30T09:17:05.762+0000][16584][gc           ] GC(46) Pause Remark 552M->552M(1024M) 10.375ms
[2020-09-30T09:17:05.762+0000][16584][gc,cpu       ] GC(46) User=0.00s Sys=0.00s Real=0.01s
[2020-09-30T09:17:05.762+0000][16584][safepoint    ] Safepoint "G1Concurrent", Time since last: 173308200 ns, Reaching safepoint: 405100 ns, At safepoint: 10975200 ns, Total: 11380300 ns
[2020-09-30T09:17:05.762+0000][16584][gc,marking   ] GC(46) Concurrent Rebuild Remembered Sets
[2020-09-30T09:17:05.828+0000][16584][safepoint    ] Safepoint "ICBufferFull", Time since last: 64996600 ns, Reaching safepoint: 959900 ns, At safepoint: 27500 ns, Total: 987400 ns
[2020-09-30T09:17:05.866+0000][16584][gc,marking   ] GC(46) Concurrent Rebuild Remembered Sets 103.049ms
[2020-09-30T09:17:05.866+0000][16584][gc,start     ] GC(46) Pause Cleanup
[2020-09-30T09:17:05.867+0000][16584][gc           ] GC(46) Pause Cleanup 658M->658M(1024M) 0.442ms
[2020-09-30T09:17:05.867+0000][16584][gc,cpu       ] GC(46) User=0.00s Sys=0.00s Real=0.00s
[2020-09-30T09:17:05.867+0000][16584][safepoint    ] Safepoint "G1Concurrent", Time since last: 37293000 ns, Reaching safepoint: 326800 ns, At safepoint: 658500 ns, Total: 985300 ns
[2020-09-30T09:17:05.867+0000][16584][gc,marking   ] GC(46) Concurrent Cleanup for Next Mark
[2020-09-30T09:17:05.869+0000][16584][gc,marking   ] GC(46) Concurrent Cleanup for Next Mark 1.802ms
[2020-09-30T09:17:05.869+0000][16584][gc           ] GC(46) Concurrent Cycle 291.199ms
[2020-09-30T09:17:05.939+0000][16584][gc,start     ] GC(47) Pause Young (Concurrent Start) (G1 Humongous Allocation)
[2020-09-30T09:17:05.939+0000][16584][gc,task      ] GC(47) Using 8 workers of 8 for evacuation
[2020-09-30T09:17:05.939+0000][16584][gc,age       ] GC(47) Desired survivor size 31981568 bytes, new threshold 15 (max threshold 15)
[2020-09-30T09:17:05.945+0000][16584][gc,age       ] GC(47) Age table with threshold 15 (max threshold 15)
[2020-09-30T09:17:05.945+0000][16584][gc,age       ] GC(47) - age   1:    4075600 bytes,    4075600 total
[2020-09-30T09:17:05.946+0000][16584][gc,age       ] GC(47) - age   2:      32680 bytes,    4108280 total
[2020-09-30T09:17:05.946+0000][16584][gc,age       ] GC(47) - age   3:      28248 bytes,    4136528 total
[2020-09-30T09:17:05.946+0000][16584][gc,age       ] GC(47) - age   4:      26840 bytes,    4163368 total
[2020-09-30T09:17:05.946+0000][16584][gc,age       ] GC(47) - age   5:      28720 bytes,    4192088 total
[2020-09-30T09:17:05.946+0000][16584][gc,age       ] GC(47) - age   6:       1840 bytes,    4193928 total
[2020-09-30T09:17:05.946+0000][16584][gc,age       ] GC(47) - age   7:      72200 bytes,    4266128 total
[2020-09-30T09:17:05.946+0000][16584][gc,age       ] GC(47) - age   8:      87816 bytes,    4353944 total
[2020-09-30T09:17:05.946+0000][16584][gc,age       ] GC(47) - age   9:     987560 bytes,    5341504 total
[2020-09-30T09:17:05.946+0000][16584][gc,age       ] GC(47) - age  10:     913312 bytes,    6254816 total
[2020-09-30T09:17:05.946+0000][16584][gc,age       ] GC(47) - age  11:       4424 bytes,    6259240 total
[2020-09-30T09:17:05.946+0000][16584][gc,age       ] GC(47) - age  12:       2936 bytes,    6262176 total
[2020-09-30T09:17:05.946+0000][16584][gc,age       ] GC(47) - age  13:       1496 bytes,    6263672 total
[2020-09-30T09:17:05.946+0000][16584][gc,age       ] GC(47) - age  14:       6664 bytes,    6270336 total
[2020-09-30T09:17:05.946+0000][16584][gc,age       ] GC(47) - age  15:       2384 bytes,    6272720 total
[2020-09-30T09:17:05.946+0000][16584][gc,phases    ] GC(47)   Pre Evacuate Collection Set: 0.5ms
[2020-09-30T09:17:05.946+0000][16584][gc,phases    ] GC(47)   Merge Heap Roots: 0.1ms
[2020-09-30T09:17:05.946+0000][16584][gc,phases    ] GC(47)   Evacuate Collection Set: 4.2ms
[2020-09-30T09:17:05.946+0000][16584][gc,phases    ] GC(47)   Post Evacuate Collection Set: 1.4ms
[2020-09-30T09:17:05.946+0000][16584][gc,phases    ] GC(47)   Other: 1.1ms
[2020-09-30T09:17:05.946+0000][16584][gc,heap      ] GC(47) Eden regions: 108->0(485)
[2020-09-30T09:17:05.946+0000][16584][gc,heap      ] GC(47) Survivor regions: 13->7(61)
[2020-09-30T09:17:05.946+0000][16584][gc,heap      ] GC(47) Old regions: 73->73
[2020-09-30T09:17:05.946+0000][16584][gc,heap      ] GC(47) Archive regions: 0->0
[2020-09-30T09:17:05.946+0000][16584][gc,heap      ] GC(47) Humongous regions: 482->174
[2020-09-30T09:17:05.946+0000][16584][gc,metaspace ] GC(47) Metaspace: 82487K(88704K)->82487K(88704K) NonClass: 71629K(75264K)->71629K(75264K) Class: 10857K(13440K)->10857K(13440K)
[2020-09-30T09:17:05.946+0000][16584][gc           ] GC(47) Pause Young (Concurrent Start) (G1 Humongous Allocation) 674M->253M(1024M) 7.496ms
[2020-09-30T09:17:05.947+0000][16584][gc,cpu       ] GC(47) User=0.00s Sys=0.00s Real=0.01s
[2020-09-30T09:17:05.947+0000][16584][gc           ] GC(48) Concurrent Cycle
[2020-09-30T09:17:05.947+0000][16584][safepoint    ] Safepoint "G1TryInitiateConcMark", Time since last: 71666100 ns, Reaching safepoint: 219300 ns, At safepoint: 7727200 ns, Total: 7946500 ns
[2020-09-30T09:17:05.947+0000][16584][gc,marking   ] GC(48) Concurrent Clear Claimed Marks
[2020-09-30T09:17:05.947+0000][16584][gc,marking   ] GC(48) Concurrent Clear Claimed Marks 0.458ms
[2020-09-30T09:17:05.947+0000][16584][gc,marking   ] GC(48) Concurrent Scan Root Regions
[2020-09-30T09:17:05.951+0000][16584][gc,marking   ] GC(48) Concurrent Scan Root Regions 3.705ms
[2020-09-30T09:17:05.951+0000][16584][gc,marking   ] GC(48) Concurrent Mark (119.808s)
[2020-09-30T09:17:05.951+0000][16584][gc,marking   ] GC(48) Concurrent Mark From Roots
[2020-09-30T09:17:05.951+0000][16584][gc,task      ] GC(48) Using 2 workers of 2 for marking
[2020-09-30T09:17:06.073+0000][16584][safepoint    ] Safepoint "ICBufferFull", Time since last: 125932200 ns, Reaching safepoint: 403000 ns, At safepoint: 95900 ns, Total: 498900 ns
[2020-09-30T09:17:06.113+0000][16584][gc,marking   ] GC(48) Concurrent Mark From Roots 161.837ms
[2020-09-30T09:17:06.113+0000][16584][gc,marking   ] GC(48) Concurrent Preclean
[2020-09-30T09:17:06.114+0000][16584][gc,marking   ] GC(48) Concurrent Preclean 0.573ms
[2020-09-30T09:17:06.114+0000][16584][gc,marking   ] GC(48) Concurrent Mark (119.808s, 119.970s) 162.652ms
[2020-09-30T09:17:06.114+0000][16584][gc,start     ] GC(48) Pause Remark
[2020-09-30T09:17:06.119+0000][16584][gc           ] GC(48) Pause Remark 356M->356M(1024M) 4.420ms
[2020-09-30T09:17:06.119+0000][16584][gc,cpu       ] GC(48) User=0.00s Sys=0.00s Real=0.00s
[2020-09-30T09:17:06.122+0000][16584][safepoint    ] Safepoint "G1Concurrent", Time since last: 40725000 ns, Reaching safepoint: 677400 ns, At safepoint: 7971100 ns, Total: 8648500 ns
[2020-09-30T09:17:06.123+0000][16584][gc,marking   ] GC(48) Concurrent Rebuild Remembered Sets
[2020-09-30T09:17:06.227+0000][16584][gc,marking   ] GC(48) Concurrent Rebuild Remembered Sets 105.462ms
[2020-09-30T09:17:06.228+0000][16584][gc,start     ] GC(48) Pause Cleanup
[2020-09-30T09:17:06.228+0000][16584][gc           ] GC(48) Pause Cleanup 383M->383M(1024M) 0.360ms
[2020-09-30T09:17:06.228+0000][16584][gc,cpu       ] GC(48) User=0.00s Sys=0.00s Real=0.00s
[2020-09-30T09:17:06.229+0000][16584][safepoint    ] Safepoint "G1Concurrent", Time since last: 105747000 ns, Reaching safepoint: 224000 ns, At safepoint: 688800 ns, Total: 912800 ns
[2020-09-30T09:17:06.229+0000][16584][gc,marking   ] GC(48) Concurrent Cleanup for Next Mark
[2020-09-30T09:17:06.230+0000][16584][gc,marking   ] GC(48) Concurrent Cleanup for Next Mark 1.817ms
[2020-09-30T09:17:06.231+0000][16584][gc           ] GC(48) Concurrent Cycle 284.557ms
[2020-09-30T09:17:06.274+0000][16584][gc,start     ] GC(49) Pause Young (Concurrent Start) (G1 Humongous Allocation)
[2020-09-30T09:17:06.274+0000][16584][gc,task      ] GC(49) Using 8 workers of 8 for evacuation
[2020-09-30T09:17:06.274+0000][16584][gc,age       ] GC(49) Desired survivor size 32505856 bytes, new threshold 15 (max threshold 15)
[2020-09-30T09:17:06.279+0000][16584][gc,age       ] GC(49) Age table with threshold 15 (max threshold 15)
[2020-09-30T09:17:06.279+0000][16584][gc,age       ] GC(49) - age   1:    3189656 bytes,    3189656 total
[2020-09-30T09:17:06.279+0000][16584][gc,age       ] GC(49) - age   2:     850408 bytes,    4040064 total
[2020-09-30T09:17:06.279+0000][16584][gc,age       ] GC(49) - age   3:      31496 bytes,    4071560 total
[2020-09-30T09:17:06.280+0000][16584][gc,age       ] GC(49) - age   4:      27184 bytes,    4098744 total
[2020-09-30T09:17:06.280+0000][16584][gc,age       ] GC(49) - age   5:      26808 bytes,    4125552 total
[2020-09-30T09:17:06.280+0000][16584][gc,age       ] GC(49) - age   6:      28688 bytes,    4154240 total
[2020-09-30T09:17:06.280+0000][16584][gc,age       ] GC(49) - age   7:       1840 bytes,    4156080 total
[2020-09-30T09:17:06.280+0000][16584][gc,age       ] GC(49) - age   8:      72200 bytes,    4228280 total
[2020-09-30T09:17:06.280+0000][16584][gc,age       ] GC(49) - age   9:      87816 bytes,    4316096 total
[2020-09-30T09:17:06.280+0000][16584][gc,age       ] GC(49) - age  10:     987560 bytes,    5303656 total
[2020-09-30T09:17:06.280+0000][16584][gc,age       ] GC(49) - age  11:     913312 bytes,    6216968 total
[2020-09-30T09:17:06.280+0000][16584][gc,age       ] GC(49) - age  12:       4424 bytes,    6221392 total
[2020-09-30T09:17:06.280+0000][16584][gc,age       ] GC(49) - age  13:       2936 bytes,    6224328 total
[2020-09-30T09:17:06.280+0000][16584][gc,age       ] GC(49) - age  14:       1496 bytes,    6225824 total
[2020-09-30T09:17:06.280+0000][16584][gc,age       ] GC(49) - age  15:       6536 bytes,    6232360 total
[2020-09-30T09:17:06.280+0000][16584][gc,phases    ] GC(49)   Pre Evacuate Collection Set: 0.7ms
[2020-09-30T09:17:06.280+0000][16584][gc,phases    ] GC(49)   Merge Heap Roots: 0.1ms
[2020-09-30T09:17:06.280+0000][16584][gc,phases    ] GC(49)   Evacuate Collection Set: 3.3ms
[2020-09-30T09:17:06.280+0000][16584][gc,phases    ] GC(49)   Post Evacuate Collection Set: 1.0ms
[2020-09-30T09:17:06.280+0000][16584][gc,phases    ] GC(49)   Other: 1.1ms
[2020-09-30T09:17:06.280+0000][16584][gc,heap      ] GC(49) Eden regions: 37->0(488)
[2020-09-30T09:17:06.280+0000][16584][gc,heap      ] GC(49) Survivor regions: 7->7(62)
[2020-09-30T09:17:06.280+0000][16584][gc,heap      ] GC(49) Old regions: 73->73
[2020-09-30T09:17:06.280+0000][16584][gc,heap      ] GC(49) Archive regions: 0->0
[2020-09-30T09:17:06.280+0000][16584][gc,heap      ] GC(49) Humongous regions: 278->174
[2020-09-30T09:17:06.280+0000][16584][gc,metaspace ] GC(49) Metaspace: 82804K(89216K)->82804K(89216K) NonClass: 71902K(75776K)->71902K(75776K) Class: 10902K(13440K)->10902K(13440K)
[2020-09-30T09:17:06.280+0000][16584][gc           ] GC(49) Pause Young (Concurrent Start) (G1 Humongous Allocation) 393M->253M(1024M) 6.389ms
[2020-09-30T09:17:06.280+0000][16584][gc,cpu       ] GC(49) User=0.03s Sys=0.02s Real=0.01s
[2020-09-30T09:17:06.281+0000][16584][gc           ] GC(50) Concurrent Cycle
[2020-09-30T09:17:06.281+0000][16584][gc,marking   ] GC(50) Concurrent Clear Claimed Marks
[2020-09-30T09:17:06.281+0000][16584][gc,marking   ] GC(50) Concurrent Clear Claimed Marks 0.353ms
[2020-09-30T09:17:06.281+0000][16584][gc,marking   ] GC(50) Concurrent Scan Root Regions
[2020-09-30T09:17:06.284+0000][16584][gc,marking   ] GC(50) Concurrent Scan Root Regions 2.511ms
[2020-09-30T09:17:06.284+0000][16584][gc,marking   ] GC(50) Concurrent Mark (120.141s)
[2020-09-30T09:17:06.284+0000][16584][safepoint    ] Safepoint "G1TryInitiateConcMark", Time since last: 45082900 ns, Reaching safepoint: 315500 ns, At safepoint: 9738000 ns, Total: 10053500 ns
[2020-09-30T09:17:06.284+0000][16584][gc,marking   ] GC(50) Concurrent Mark From Roots
[2020-09-30T09:17:06.284+0000][16584][gc,task      ] GC(50) Using 2 workers of 2 for marking
[2020-09-30T09:17:06.462+0000][16584][gc,marking   ] GC(50) Concurrent Mark From Roots 178.787ms
[2020-09-30T09:17:06.463+0000][16584][gc,marking   ] GC(50) Concurrent Preclean
[2020-09-30T09:17:06.463+0000][16584][gc,marking   ] GC(50) Concurrent Preclean 0.620ms
[2020-09-30T09:17:06.463+0000][16584][gc,marking   ] GC(50) Concurrent Mark (120.141s, 120.320s) 179.656ms
[2020-09-30T09:17:06.464+0000][16584][gc,start     ] GC(50) Pause Remark
[2020-09-30T09:17:06.470+0000][16584][gc           ] GC(50) Pause Remark 351M->351M(1024M) 5.987ms
[2020-09-30T09:17:06.470+0000][16584][gc,cpu       ] GC(50) User=0.08s Sys=0.00s Real=0.01s
[2020-09-30T09:17:06.470+0000][16584][safepoint    ] Safepoint "G1Concurrent", Time since last: 179719900 ns, Reaching safepoint: 288900 ns, At safepoint: 6274900 ns, Total: 6563800 ns
[2020-09-30T09:17:06.470+0000][16584][gc,marking   ] GC(50) Concurrent Rebuild Remembered Sets
[2020-09-30T09:17:06.569+0000][16584][gc,marking   ] GC(50) Concurrent Rebuild Remembered Sets 98.647ms
[2020-09-30T09:17:06.569+0000][16584][gc,start     ] GC(50) Pause Cleanup
[2020-09-30T09:17:06.569+0000][16584][gc           ] GC(50) Pause Cleanup 395M->395M(1024M) 0.386ms
[2020-09-30T09:17:06.569+0000][16584][gc,cpu       ] GC(50) User=0.00s Sys=0.00s Real=0.00s
[2020-09-30T09:17:06.569+0000][16584][safepoint    ] Safepoint "G1Concurrent", Time since last: 98844400 ns, Reaching safepoint: 167700 ns, At safepoint: 629700 ns, Total: 797400 ns
[2020-09-30T09:17:06.570+0000][16584][gc,marking   ] GC(50) Concurrent Cleanup for Next Mark
[2020-09-30T09:17:06.571+0000][16584][gc,marking   ] GC(50) Concurrent Cleanup for Next Mark 1.788ms
[2020-09-30T09:17:06.571+0000][16584][gc           ] GC(50) Concurrent Cycle 291.031ms
[2020-09-30T09:17:06.614+0000][16584][gc,start     ] GC(51) Pause Young (Concurrent Start) (G1 Humongous Allocation)
[2020-09-30T09:17:06.614+0000][16584][gc,task      ] GC(51) Using 8 workers of 8 for evacuation
[2020-09-30T09:17:06.614+0000][16584][gc,age       ] GC(51) Desired survivor size 32505856 bytes, new threshold 15 (max threshold 15)
[2020-09-30T09:17:06.620+0000][16584][gc,age       ] GC(51) Age table with threshold 15 (max threshold 15)
[2020-09-30T09:17:06.620+0000][16584][gc,age       ] GC(51) - age   1:   11128008 bytes,   11128008 total
[2020-09-30T09:17:06.620+0000][16584][gc,age       ] GC(51) - age   2:      33832 bytes,   11161840 total
[2020-09-30T09:17:06.620+0000][16584][gc,age       ] GC(51) - age   3:      22504 bytes,   11184344 total
[2020-09-30T09:17:06.620+0000][16584][gc,age       ] GC(51) - age   4:      29752 bytes,   11214096 total
[2020-09-30T09:17:06.620+0000][16584][gc,age       ] GC(51) - age   5:      26816 bytes,   11240912 total
[2020-09-30T09:17:06.620+0000][16584][gc,age       ] GC(51) - age   6:      26680 bytes,   11267592 total
[2020-09-30T09:17:06.620+0000][16584][gc,age       ] GC(51) - age   7:      28560 bytes,   11296152 total
[2020-09-30T09:17:06.620+0000][16584][gc,age       ] GC(51) - age   8:       1776 bytes,   11297928 total
[2020-09-30T09:17:06.620+0000][16584][gc,age       ] GC(51) - age   9:      72200 bytes,   11370128 total
[2020-09-30T09:17:06.620+0000][16584][gc,age       ] GC(51) - age  10:      87816 bytes,   11457944 total
[2020-09-30T09:17:06.620+0000][16584][gc,age       ] GC(51) - age  11:     987560 bytes,   12445504 total
[2020-09-30T09:17:06.620+0000][16584][gc,age       ] GC(51) - age  12:     913232 bytes,   13358736 total
[2020-09-30T09:17:06.620+0000][16584][gc,age       ] GC(51) - age  13:       4296 bytes,   13363032 total
[2020-09-30T09:17:06.620+0000][16584][gc,age       ] GC(51) - age  14:       2936 bytes,   13365968 total
[2020-09-30T09:17:06.620+0000][16584][gc,age       ] GC(51) - age  15:       1496 bytes,   13367464 total
[2020-09-30T09:17:06.620+0000][16584][gc,phases    ] GC(51)   Pre Evacuate Collection Set: 0.4ms
[2020-09-30T09:17:06.620+0000][16584][gc,phases    ] GC(51)   Merge Heap Roots: 0.1ms
[2020-09-30T09:17:06.620+0000][16584][gc,phases    ] GC(51)   Evacuate Collection Set: 3.8ms
[2020-09-30T09:17:06.620+0000][16584][gc,phases    ] GC(51)   Post Evacuate Collection Set: 0.9ms
[2020-09-30T09:17:06.620+0000][16584][gc,phases    ] GC(51)   Other: 1.1ms
[2020-09-30T09:17:06.620+0000][16584][gc,heap      ] GC(51) Eden regions: 62->0(478)
[2020-09-30T09:17:06.620+0000][16584][gc,heap      ] GC(51) Survivor regions: 7->14(62)
[2020-09-30T09:17:06.621+0000][16584][gc,heap      ] GC(51) Old regions: 73->73
[2020-09-30T09:17:06.621+0000][16584][gc,heap      ] GC(51) Archive regions: 0->0
[2020-09-30T09:17:06.621+0000][16584][gc,heap      ] GC(51) Humongous regions: 274->174
[2020-09-30T09:17:06.621+0000][16584][gc,metaspace ] GC(51) Metaspace: 82857K(89216K)->82857K(89216K) NonClass: 71952K(75776K)->71952K(75776K) Class: 10905K(13440K)->10905K(13440K)
[2020-09-30T09:17:06.621+0000][16584][gc           ] GC(51) Pause Young (Concurrent Start) (G1 Humongous Allocation) 415M->259M(1024M) 6.801ms
[2020-09-30T09:17:06.621+0000][16584][gc,cpu       ] GC(51) User=0.00s Sys=0.00s Real=0.01s
[2020-09-30T09:17:06.621+0000][16584][gc           ] GC(52) Concurrent Cycle
[2020-09-30T09:17:06.621+0000][16584][gc,marking   ] GC(52) Concurrent Clear Claimed Marks
[2020-09-30T09:17:06.621+0000][16584][safepoint    ] Safepoint "G1TryInitiateConcMark", Time since last: 44191800 ns, Reaching safepoint: 194000 ns, At safepoint: 7212700 ns, Total: 7406700 ns
[2020-09-30T09:17:06.621+0000][16584][gc,marking   ] GC(52) Concurrent Clear Claimed Marks 0.338ms
[2020-09-30T09:17:06.621+0000][16584][gc,marking   ] GC(52) Concurrent Scan Root Regions
[2020-09-30T09:17:06.630+0000][16584][gc,marking   ] GC(52) Concurrent Scan Root Regions 8.234ms
[2020-09-30T09:17:06.630+0000][16584][gc,marking   ] GC(52) Concurrent Mark (120.487s)
[2020-09-30T09:17:06.630+0000][16584][gc,marking   ] GC(52) Concurrent Mark From Roots
[2020-09-30T09:17:06.630+0000][16584][gc,task      ] GC(52) Using 2 workers of 2 for marking
[2020-09-30T09:17:06.801+0000][16584][gc,marking   ] GC(52) Concurrent Mark From Roots 171.027ms
[2020-09-30T09:17:06.801+0000][16584][gc,marking   ] GC(52) Concurrent Preclean
[2020-09-30T09:17:06.802+0000][16584][gc,marking   ] GC(52) Concurrent Preclean 0.785ms
[2020-09-30T09:17:06.802+0000][16584][gc,marking   ] GC(52) Concurrent Mark (120.487s, 120.659s) 172.018ms
[2020-09-30T09:17:06.802+0000][16584][gc,start     ] GC(52) Pause Remark
[2020-09-30T09:17:06.807+0000][16584][gc           ] GC(52) Pause Remark 509M->509M(1024M) 5.257ms
[2020-09-30T09:17:06.807+0000][16584][gc,cpu       ] GC(52) User=0.00s Sys=0.00s Real=0.00s
[2020-09-30T09:17:06.808+0000][16584][safepoint    ] Safepoint "G1Concurrent", Time since last: 180774400 ns, Reaching safepoint: 237200 ns, At safepoint: 5672100 ns, Total: 5909300 ns
[2020-09-30T09:17:06.808+0000][16584][gc,marking   ] GC(52) Concurrent Rebuild Remembered Sets
[2020-09-30T09:17:06.911+0000][16584][gc,marking   ] GC(52) Concurrent Rebuild Remembered Sets 102.989ms
[2020-09-30T09:17:06.914+0000][16584][gc,start     ] GC(52) Pause Cleanup
[2020-09-30T09:17:06.914+0000][16584][gc           ] GC(52) Pause Cleanup 583M->583M(1024M) 0.424ms
[2020-09-30T09:17:06.914+0000][16584][gc,cpu       ] GC(52) User=0.00s Sys=0.00s Real=0.00s
[2020-09-30T09:17:06.917+0000][16584][safepoint    ] Safepoint "G1Concurrent", Time since last: 103350600 ns, Reaching safepoint: 2775200 ns, At safepoint: 2987900 ns, Total: 5763100 ns
[2020-09-30T09:17:06.917+0000][16584][gc,marking   ] GC(52) Concurrent Cleanup for Next Mark
[2020-09-30T09:17:06.919+0000][16584][gc,marking   ] GC(52) Concurrent Cleanup for Next Mark 2.047ms
[2020-09-30T09:17:06.919+0000][16584][gc           ] GC(52) Concurrent Cycle 298.381ms
[2020-09-30T09:17:06.989+0000][16584][gc,start     ] GC(53) Pause Young (Concurrent Start) (G1 Humongous Allocation)
[2020-09-30T09:17:06.990+0000][16584][gc,task      ] GC(53) Using 8 workers of 8 for evacuation
[2020-09-30T09:17:06.990+0000][16584][gc,age       ] GC(53) Desired survivor size 32505856 bytes, new threshold 15 (max threshold 15)
[2020-09-30T09:17:06.995+0000][16584][gc,age       ] GC(53) Age table with threshold 15 (max threshold 15)
[2020-09-30T09:17:06.995+0000][16584][gc,age       ] GC(53) - age   1:    3930512 bytes,    3930512 total
[2020-09-30T09:17:06.995+0000][16584][gc,age       ] GC(53) - age   2:       9400 bytes,    3939912 total
[2020-09-30T09:17:06.995+0000][16584][gc,age       ] GC(53) - age   3:      33744 bytes,    3973656 total
[2020-09-30T09:17:06.995+0000][16584][gc,age       ] GC(53) - age   4:      21800 bytes,    3995456 total
[2020-09-30T09:17:06.995+0000][16584][gc,age       ] GC(53) - age   5:      29720 bytes,    4025176 total
[2020-09-30T09:17:06.995+0000][16584][gc,age       ] GC(53) - age   6:      26688 bytes,    4051864 total
[2020-09-30T09:17:06.996+0000][16584][gc,age       ] GC(53) - age   7:      26648 bytes,    4078512 total
[2020-09-30T09:17:06.996+0000][16584][gc,age       ] GC(53) - age   8:      28560 bytes,    4107072 total
[2020-09-30T09:17:06.996+0000][16584][gc,age       ] GC(53) - age   9:       1744 bytes,    4108816 total
[2020-09-30T09:17:06.996+0000][16584][gc,age       ] GC(53) - age  10:      72200 bytes,    4181016 total
[2020-09-30T09:17:06.996+0000][16584][gc,age       ] GC(53) - age  11:      87816 bytes,    4268832 total
[2020-09-30T09:17:06.996+0000][16584][gc,age       ] GC(53) - age  12:     987528 bytes,    5256360 total
[2020-09-30T09:17:06.996+0000][16584][gc,age       ] GC(53) - age  13:     913112 bytes,    6169472 total
[2020-09-30T09:17:06.996+0000][16584][gc,age       ] GC(53) - age  14:       4296 bytes,    6173768 total
[2020-09-30T09:17:06.996+0000][16584][gc,age       ] GC(53) - age  15:       2936 bytes,    6176704 total
[2020-09-30T09:17:06.996+0000][16584][gc,phases    ] GC(53)   Pre Evacuate Collection Set: 0.5ms
[2020-09-30T09:17:06.996+0000][16584][gc,phases    ] GC(53)   Merge Heap Roots: 0.1ms
[2020-09-30T09:17:06.996+0000][16584][gc,phases    ] GC(53)   Evacuate Collection Set: 3.4ms
[2020-09-30T09:17:06.996+0000][16584][gc,phases    ] GC(53)   Post Evacuate Collection Set: 1.2ms
[2020-09-30T09:17:06.996+0000][16584][gc,phases    ] GC(53)   Other: 1.2ms
[2020-09-30T09:17:06.996+0000][16584][gc,heap      ] GC(53) Eden regions: 82->0(489)
[2020-09-30T09:17:06.996+0000][16584][gc,heap      ] GC(53) Survivor regions: 14->7(62)
[2020-09-30T09:17:06.996+0000][16584][gc,heap      ] GC(53) Old regions: 73->73
[2020-09-30T09:17:06.996+0000][16584][gc,heap      ] GC(53) Archive regions: 0->0
[2020-09-30T09:17:06.996+0000][16584][gc,heap      ] GC(53) Humongous regions: 430->174
[2020-09-30T09:17:06.996+0000][16584][gc,metaspace ] GC(53) Metaspace: 82874K(89216K)->82874K(89216K) NonClass: 71968K(75776K)->71968K(75776K) Class: 10905K(13440K)->10905K(13440K)
[2020-09-30T09:17:06.996+0000][16584][gc           ] GC(53) Pause Young (Concurrent Start) (G1 Humongous Allocation) 596M->253M(1024M) 6.853ms
[2020-09-30T09:17:06.996+0000][16584][gc,cpu       ] GC(53) User=0.00s Sys=0.00s Real=0.01s
[2020-09-30T09:17:06.996+0000][16584][safepoint    ] Safepoint "G1TryInitiateConcMark", Time since last: 72518800 ns, Reaching safepoint: 191200 ns, At safepoint: 7083300 ns, Total: 7274500 ns
[2020-09-30T09:17:06.996+0000][16584][gc           ] GC(54) Concurrent Cycle
[2020-09-30T09:17:06.997+0000][16584][gc,marking   ] GC(54) Concurrent Clear Claimed Marks
[2020-09-30T09:17:06.997+0000][16584][gc,marking   ] GC(54) Concurrent Clear Claimed Marks 0.470ms
[2020-09-30T09:17:06.997+0000][16584][gc,marking   ] GC(54) Concurrent Scan Root Regions
[2020-09-30T09:17:07.001+0000][16584][gc,marking   ] GC(54) Concurrent Scan Root Regions 3.400ms
[2020-09-30T09:17:07.001+0000][16584][gc,marking   ] GC(54) Concurrent Mark (120.858s)
[2020-09-30T09:17:07.001+0000][16584][gc,marking   ] GC(54) Concurrent Mark From Roots
[2020-09-30T09:17:07.001+0000][16584][gc,task      ] GC(54) Using 2 workers of 2 for marking
[2020-09-30T09:17:07.164+0000][16584][gc,marking   ] GC(54) Concurrent Mark From Roots 163.595ms
[2020-09-30T09:17:07.165+0000][16584][gc,marking   ] GC(54) Concurrent Preclean
[2020-09-30T09:17:07.165+0000][16584][gc,marking   ] GC(54) Concurrent Preclean 0.674ms
[2020-09-30T09:17:07.165+0000][16584][gc,marking   ] GC(54) Concurrent Mark (120.858s, 121.023s) 164.552ms
[2020-09-30T09:17:07.166+0000][16584][gc,start     ] GC(54) Pause Remark
[2020-09-30T09:17:07.170+0000][16584][gc           ] GC(54) Pause Remark 320M->320M(1024M) 4.740ms
[2020-09-30T09:17:07.170+0000][16584][gc,cpu       ] GC(54) User=0.11s Sys=0.00s Real=0.00s
[2020-09-30T09:17:07.171+0000][16584][safepoint    ] Safepoint "G1Concurrent", Time since last: 168889400 ns, Reaching safepoint: 178500 ns, At safepoint: 5071800 ns, Total: 5250300 ns
[2020-09-30T09:17:07.171+0000][16584][gc,marking   ] GC(54) Concurrent Rebuild Remembered Sets
[2020-09-30T09:17:07.280+0000][16584][gc,marking   ] GC(54) Concurrent Rebuild Remembered Sets 109.486ms
[2020-09-30T09:17:07.281+0000][16584][gc,start     ] GC(54) Pause Cleanup
[2020-09-30T09:17:07.281+0000][16584][gc           ] GC(54) Pause Cleanup 395M->395M(1024M) 0.361ms
[2020-09-30T09:17:07.281+0000][16584][gc,cpu       ] GC(54) User=0.00s Sys=0.00s Real=0.00s
[2020-09-30T09:17:07.281+0000][16584][safepoint    ] Safepoint "G1Concurrent", Time since last: 109742900 ns, Reaching safepoint: 273000 ns, At safepoint: 601100 ns, Total: 874100 ns
[2020-09-30T09:17:07.281+0000][16584][gc,marking   ] GC(54) Concurrent Cleanup for Next Mark
[2020-09-30T09:17:07.283+0000][16584][gc,marking   ] GC(54) Concurrent Cleanup for Next Mark 1.940ms
[2020-09-30T09:17:07.283+0000][16584][gc           ] GC(54) Concurrent Cycle 286.912ms
[2020-09-30T09:17:07.315+0000][16584][gc,start     ] GC(55) Pause Young (Concurrent Start) (G1 Humongous Allocation)
[2020-09-30T09:17:07.315+0000][16584][gc,task      ] GC(55) Using 8 workers of 8 for evacuation
[2020-09-30T09:17:07.315+0000][16584][gc,age       ] GC(55) Desired survivor size 32505856 bytes, new threshold 15 (max threshold 15)
[2020-09-30T09:17:07.321+0000][16584][gc,age       ] GC(55) Age table with threshold 15 (max threshold 15)
[2020-09-30T09:17:07.321+0000][16584][gc,age       ] GC(55) - age   1:    3340040 bytes,    3340040 total
[2020-09-30T09:17:07.321+0000][16584][gc,age       ] GC(55) - age   2:     602464 bytes,    3942504 total
[2020-09-30T09:17:07.321+0000][16584][gc,age       ] GC(55) - age   3:       7288 bytes,    3949792 total
[2020-09-30T09:17:07.321+0000][16584][gc,age       ] GC(55) - age   4:      32288 bytes,    3982080 total
[2020-09-30T09:17:07.321+0000][16584][gc,age       ] GC(55) - age   5:      21576 bytes,    4003656 total
[2020-09-30T09:17:07.321+0000][16584][gc,age       ] GC(55) - age   6:      29400 bytes,    4033056 total
[2020-09-30T09:17:07.321+0000][16584][gc,age       ] GC(55) - age   7:      26656 bytes,    4059712 total
[2020-09-30T09:17:07.321+0000][16584][gc,age       ] GC(55) - age   8:      26648 bytes,    4086360 total
[2020-09-30T09:17:07.321+0000][16584][gc,age       ] GC(55) - age   9:      28560 bytes,    4114920 total
[2020-09-30T09:17:07.321+0000][16584][gc,age       ] GC(55) - age  10:       1744 bytes,    4116664 total
[2020-09-30T09:17:07.321+0000][16584][gc,age       ] GC(55) - age  11:      72200 bytes,    4188864 total
[2020-09-30T09:17:07.321+0000][16584][gc,age       ] GC(55) - age  12:      87816 bytes,    4276680 total
[2020-09-30T09:17:07.321+0000][16584][gc,age       ] GC(55) - age  13:     987400 bytes,    5264080 total
[2020-09-30T09:17:07.321+0000][16584][gc,age       ] GC(55) - age  14:     913112 bytes,    6177192 total
[2020-09-30T09:17:07.321+0000][16584][gc,age       ] GC(55) - age  15:       4168 bytes,    6181360 total
[2020-09-30T09:17:07.321+0000][16584][gc,phases    ] GC(55)   Pre Evacuate Collection Set: 0.7ms
[2020-09-30T09:17:07.321+0000][16584][gc,phases    ] GC(55)   Merge Heap Roots: 0.1ms
[2020-09-30T09:17:07.322+0000][16584][gc,phases    ] GC(55)   Evacuate Collection Set: 3.4ms
[2020-09-30T09:17:07.322+0000][16584][gc,phases    ] GC(55)   Post Evacuate Collection Set: 1.1ms
[2020-09-30T09:17:07.322+0000][16584][gc,phases    ] GC(55)   Other: 1.0ms
[2020-09-30T09:17:07.322+0000][16584][gc,heap      ] GC(55) Eden regions: 44->0(492)
[2020-09-30T09:17:07.322+0000][16584][gc,heap      ] GC(55) Survivor regions: 7->7(62)
[2020-09-30T09:17:07.322+0000][16584][gc,heap      ] GC(55) Old regions: 73->73
[2020-09-30T09:17:07.322+0000][16584][gc,heap      ] GC(55) Archive regions: 0->0
[2020-09-30T09:17:07.322+0000][16584][gc,heap      ] GC(55) Humongous regions: 278->174
[2020-09-30T09:17:07.322+0000][16584][gc,metaspace ] GC(55) Metaspace: 82907K(89216K)->82907K(89216K) NonClass: 72001K(75776K)->72001K(75776K) Class: 10905K(13440K)->10905K(13440K)
[2020-09-30T09:17:07.322+0000][16584][gc           ] GC(55) Pause Young (Concurrent Start) (G1 Humongous Allocation) 401M->252M(1024M) 6.844ms
[2020-09-30T09:17:07.322+0000][16584][gc,cpu       ] GC(55) User=0.00s Sys=0.00s Real=0.01s
[2020-09-30T09:17:07.322+0000][16584][gc           ] GC(56) Concurrent Cycle
[2020-09-30T09:17:07.322+0000][16584][safepoint    ] Safepoint "G1TryInitiateConcMark", Time since last: 33624400 ns, Reaching safepoint: 199400 ns, At safepoint: 7074000 ns, Total: 7273400 ns
[2020-09-30T09:17:07.322+0000][16584][gc,marking   ] GC(56) Concurrent Clear Claimed Marks
[2020-09-30T09:17:07.323+0000][16584][gc,marking   ] GC(56) Concurrent Clear Claimed Marks 0.555ms
[2020-09-30T09:17:07.323+0000][16584][gc,marking   ] GC(56) Concurrent Scan Root Regions
[2020-09-30T09:17:07.328+0000][16584][gc,marking   ] GC(56) Concurrent Scan Root Regions 5.431ms
[2020-09-30T09:17:07.328+0000][16584][gc,marking   ] GC(56) Concurrent Mark (121.186s)
[2020-09-30T09:17:07.328+0000][16584][gc,marking   ] GC(56) Concurrent Mark From Roots
[2020-09-30T09:17:07.329+0000][16584][gc,task      ] GC(56) Using 2 workers of 2 for marking
[2020-09-30T09:17:07.496+0000][16584][gc,marking   ] GC(56) Concurrent Mark From Roots 167.625ms
[2020-09-30T09:17:07.496+0000][16584][gc,marking   ] GC(56) Concurrent Preclean
[2020-09-30T09:17:07.497+0000][16584][gc,marking   ] GC(56) Concurrent Preclean 0.508ms
[2020-09-30T09:17:07.497+0000][16584][gc,marking   ] GC(56) Concurrent Mark (121.186s, 121.354s) 168.378ms
[2020-09-30T09:17:07.497+0000][16584][gc,start     ] GC(56) Pause Remark
[2020-09-30T09:17:07.502+0000][16584][gc           ] GC(56) Pause Remark 324M->324M(1024M) 4.714ms
[2020-09-30T09:17:07.502+0000][16584][gc,cpu       ] GC(56) User=0.11s Sys=0.00s Real=0.01s
[2020-09-30T09:17:07.502+0000][16584][safepoint    ] Safepoint "G1Concurrent", Time since last: 174821600 ns, Reaching safepoint: 150200 ns, At safepoint: 5087200 ns, Total: 5237400 ns
[2020-09-30T09:17:07.502+0000][16584][gc,marking   ] GC(56) Concurrent Rebuild Remembered Sets
[2020-09-30T09:17:07.599+0000][16584][gc,marking   ] GC(56) Concurrent Rebuild Remembered Sets 96.676ms
[2020-09-30T09:17:07.599+0000][16584][gc,start     ] GC(56) Pause Cleanup
[2020-09-30T09:17:07.600+0000][16584][gc           ] GC(56) Pause Cleanup 390M->390M(1024M) 0.351ms
[2020-09-30T09:17:07.600+0000][16584][gc,cpu       ] GC(56) User=0.00s Sys=0.00s Real=0.00s
[2020-09-30T09:17:07.600+0000][16584][safepoint    ] Safepoint "G1Concurrent", Time since last: 96918700 ns, Reaching safepoint: 139800 ns, At safepoint: 556700 ns, Total: 696500 ns
[2020-09-30T09:17:07.600+0000][16584][gc,marking   ] GC(56) Concurrent Cleanup for Next Mark
[2020-09-30T09:17:07.603+0000][16584][gc,marking   ] GC(56) Concurrent Cleanup for Next Mark 1.825ms
[2020-09-30T09:17:07.603+0000][16584][gc           ] GC(56) Concurrent Cycle 279.760ms
[2020-09-30T09:17:07.634+0000][16584][gc,start     ] GC(57) Pause Young (Concurrent Start) (G1 Humongous Allocation)
[2020-09-30T09:17:07.634+0000][16584][gc,task      ] GC(57) Using 8 workers of 8 for evacuation
[2020-09-30T09:17:07.634+0000][16584][gc,age       ] GC(57) Desired survivor size 33030144 bytes, new threshold 15 (max threshold 15)
[2020-09-30T09:17:07.640+0000][16584][gc,age       ] GC(57) Age table with threshold 15 (max threshold 15)
[2020-09-30T09:17:07.640+0000][16584][gc,age       ] GC(57) - age   1:    3217032 bytes,    3217032 total
[2020-09-30T09:17:07.640+0000][16584][gc,age       ] GC(57) - age   2:     409792 bytes,    3626824 total
[2020-09-30T09:17:07.640+0000][16584][gc,age       ] GC(57) - age   3:     203456 bytes,    3830280 total
[2020-09-30T09:17:07.640+0000][16584][gc,age       ] GC(57) - age   4:       5048 bytes,    3835328 total
[2020-09-30T09:17:07.640+0000][16584][gc,age       ] GC(57) - age   5:      32288 bytes,    3867616 total
[2020-09-30T09:17:07.640+0000][16584][gc,age       ] GC(57) - age   6:      21192 bytes,    3888808 total
[2020-09-30T09:17:07.640+0000][16584][gc,age       ] GC(57) - age   7:      29368 bytes,    3918176 total
[2020-09-30T09:17:07.640+0000][16584][gc,age       ] GC(57) - age   8:      26656 bytes,    3944832 total
[2020-09-30T09:17:07.640+0000][16584][gc,age       ] GC(57) - age   9:      26648 bytes,    3971480 total
[2020-09-30T09:17:07.640+0000][16584][gc,age       ] GC(57) - age  10:      28432 bytes,    3999912 total
[2020-09-30T09:17:07.640+0000][16584][gc,age       ] GC(57) - age  11:       1720 bytes,    4001632 total
[2020-09-30T09:17:07.640+0000][16584][gc,age       ] GC(57) - age  12:      72200 bytes,    4073832 total
[2020-09-30T09:17:07.640+0000][16584][gc,age       ] GC(57) - age  13:      87816 bytes,    4161648 total
[2020-09-30T09:17:07.640+0000][16584][gc,age       ] GC(57) - age  14:     987400 bytes,    5149048 total
[2020-09-30T09:17:07.640+0000][16584][gc,age       ] GC(57) - age  15:     913112 bytes,    6062160 total
[2020-09-30T09:17:07.640+0000][16584][gc,phases    ] GC(57)   Pre Evacuate Collection Set: 0.4ms
[2020-09-30T09:17:07.640+0000][16584][gc,phases    ] GC(57)   Merge Heap Roots: 0.1ms
[2020-09-30T09:17:07.640+0000][16584][gc,phases    ] GC(57)   Evacuate Collection Set: 3.6ms
[2020-09-30T09:17:07.640+0000][16584][gc,phases    ] GC(57)   Post Evacuate Collection Set: 0.8ms
[2020-09-30T09:17:07.640+0000][16584][gc,phases    ] GC(57)   Other: 0.8ms
[2020-09-30T09:17:07.640+0000][16584][gc,heap      ] GC(57) Eden regions: 41->0(495)
[2020-09-30T09:17:07.640+0000][16584][gc,heap      ] GC(57) Survivor regions: 7->7(63)
[2020-09-30T09:17:07.640+0000][16584][gc,heap      ] GC(57) Old regions: 73->73
[2020-09-30T09:17:07.640+0000][16584][gc,heap      ] GC(57) Archive regions: 0->0
[2020-09-30T09:17:07.640+0000][16584][gc,heap      ] GC(57) Humongous regions: 278->174
[2020-09-30T09:17:07.640+0000][16584][gc,metaspace ] GC(57) Metaspace: 82944K(89216K)->82944K(89216K) NonClass: 72038K(75776K)->72038K(75776K) Class: 10905K(13440K)->10905K(13440K)
[2020-09-30T09:17:07.640+0000][16584][gc           ] GC(57) Pause Young (Concurrent Start) (G1 Humongous Allocation) 397M->252M(1024M) 5.987ms
[2020-09-30T09:17:07.640+0000][16584][gc,cpu       ] GC(57) User=0.06s Sys=0.00s Real=0.01s
[2020-09-30T09:17:07.640+0000][16584][gc           ] GC(58) Concurrent Cycle
[2020-09-30T09:17:07.640+0000][16584][safepoint    ] Safepoint "G1TryInitiateConcMark", Time since last: 33927600 ns, Reaching safepoint: 179100 ns, At safepoint: 6177700 ns, Total: 6356800 ns
[2020-09-30T09:17:07.641+0000][16584][gc,marking   ] GC(58) Concurrent Clear Claimed Marks
[2020-09-30T09:17:07.641+0000][16584][gc,marking   ] GC(58) Concurrent Clear Claimed Marks 0.607ms
[2020-09-30T09:17:07.641+0000][16584][gc,marking   ] GC(58) Concurrent Scan Root Regions
[2020-09-30T09:17:07.646+0000][16584][gc,marking   ] GC(58) Concurrent Scan Root Regions 4.223ms
[2020-09-30T09:17:07.646+0000][16584][gc,marking   ] GC(58) Concurrent Mark (121.503s)
[2020-09-30T09:17:07.646+0000][16584][gc,marking   ] GC(58) Concurrent Mark From Roots
[2020-09-30T09:17:07.646+0000][16584][gc,task      ] GC(58) Using 2 workers of 2 for marking
[2020-09-30T09:17:07.803+0000][16584][gc,marking   ] GC(58) Concurrent Mark From Roots 157.348ms
[2020-09-30T09:17:07.803+0000][16584][gc,marking   ] GC(58) Concurrent Preclean
[2020-09-30T09:17:07.804+0000][16584][gc,marking   ] GC(58) Concurrent Preclean 0.596ms
[2020-09-30T09:17:07.804+0000][16584][gc,marking   ] GC(58) Concurrent Mark (121.503s, 121.661s) 158.145ms
[2020-09-30T09:17:07.804+0000][16584][gc,start     ] GC(58) Pause Remark
[2020-09-30T09:17:07.810+0000][16584][gc           ] GC(58) Pause Remark 317M->317M(1024M) 5.611ms
[2020-09-30T09:17:07.810+0000][16584][gc,cpu       ] GC(58) User=0.00s Sys=0.00s Real=0.01s
[2020-09-30T09:17:07.810+0000][16584][safepoint    ] Safepoint "G1Concurrent", Time since last: 163441600 ns, Reaching safepoint: 172900 ns, At safepoint: 5847000 ns, Total: 6019900 ns
[2020-09-30T09:17:07.810+0000][16584][gc,marking   ] GC(58) Concurrent Rebuild Remembered Sets
[2020-09-30T09:17:07.905+0000][16584][gc,marking   ] GC(58) Concurrent Rebuild Remembered Sets 95.101ms
[2020-09-30T09:17:07.905+0000][16584][gc,start     ] GC(58) Pause Cleanup
[2020-09-30T09:17:07.906+0000][16584][gc           ] GC(58) Pause Cleanup 317M->317M(1024M) 0.378ms
[2020-09-30T09:17:07.906+0000][16584][gc,cpu       ] GC(58) User=0.00s Sys=0.00s Real=0.00s
[2020-09-30T09:17:07.906+0000][16584][safepoint    ] Safepoint "G1Concurrent", Time since last: 95439900 ns, Reaching safepoint: 160400 ns, At safepoint: 580600 ns, Total: 741000 ns
[2020-09-30T09:17:07.906+0000][16584][gc,marking   ] GC(58) Concurrent Cleanup for Next Mark
[2020-09-30T09:17:07.908+0000][16584][gc,marking   ] GC(58) Concurrent Cleanup for Next Mark 1.755ms
[2020-09-30T09:17:07.908+0000][16584][gc           ] GC(58) Concurrent Cycle 267.644ms
[2020-09-30T09:17:08.205+0000][16584][gc,start     ] GC(59) Pause Young (Concurrent Start) (G1 Humongous Allocation)
[2020-09-30T09:17:08.205+0000][16584][gc,task      ] GC(59) Using 8 workers of 8 for evacuation
[2020-09-30T09:17:08.205+0000][16584][gc,age       ] GC(59) Desired survivor size 33030144 bytes, new threshold 15 (max threshold 15)
[2020-09-30T09:17:08.210+0000][16584][gc,age       ] GC(59) Age table with threshold 15 (max threshold 15)
[2020-09-30T09:17:08.210+0000][16584][gc,age       ] GC(59) - age   1:    2496056 bytes,    2496056 total
[2020-09-30T09:17:08.210+0000][16584][gc,age       ] GC(59) - age   2:       5072 bytes,    2501128 total
[2020-09-30T09:17:08.210+0000][16584][gc,age       ] GC(59) - age   3:       3960 bytes,    2505088 total
[2020-09-30T09:17:08.210+0000][16584][gc,age       ] GC(59) - age   4:       2608 bytes,    2507696 total
[2020-09-30T09:17:08.210+0000][16584][gc,age       ] GC(59) - age   5:       4264 bytes,    2511960 total
[2020-09-30T09:17:08.210+0000][16584][gc,age       ] GC(59) - age   6:      32200 bytes,    2544160 total
[2020-09-30T09:17:08.210+0000][16584][gc,age       ] GC(59) - age   7:      21192 bytes,    2565352 total
[2020-09-30T09:17:08.210+0000][16584][gc,age       ] GC(59) - age   8:      29368 bytes,    2594720 total
[2020-09-30T09:17:08.210+0000][16584][gc,age       ] GC(59) - age   9:      26656 bytes,    2621376 total
[2020-09-30T09:17:08.210+0000][16584][gc,age       ] GC(59) - age  10:      26616 bytes,    2647992 total
[2020-09-30T09:17:08.210+0000][16584][gc,age       ] GC(59) - age  11:      28432 bytes,    2676424 total
[2020-09-30T09:17:08.210+0000][16584][gc,age       ] GC(59) - age  12:       1720 bytes,    2678144 total
[2020-09-30T09:17:08.211+0000][16584][gc,age       ] GC(59) - age  13:      71752 bytes,    2749896 total
[2020-09-30T09:17:08.211+0000][16584][gc,age       ] GC(59) - age  14:      87800 bytes,    2837696 total
[2020-09-30T09:17:08.211+0000][16584][gc,age       ] GC(59) - age  15:     987400 bytes,    3825096 total
[2020-09-30T09:17:08.211+0000][16584][gc,phases    ] GC(59)   Pre Evacuate Collection Set: 0.5ms
[2020-09-30T09:17:08.211+0000][16584][gc,phases    ] GC(59)   Merge Heap Roots: 0.1ms
[2020-09-30T09:17:08.211+0000][16584][gc,phases    ] GC(59)   Evacuate Collection Set: 2.8ms
[2020-09-30T09:17:08.211+0000][16584][gc,phases    ] GC(59)   Post Evacuate Collection Set: 1.0ms
[2020-09-30T09:17:08.211+0000][16584][gc,phases    ] GC(59)   Other: 1.1ms
[2020-09-30T09:17:08.211+0000][16584][gc,heap      ] GC(59) Eden regions: 33->0(498)
[2020-09-30T09:17:08.211+0000][16584][gc,heap      ] GC(59) Survivor regions: 7->5(63)
[2020-09-30T09:17:08.211+0000][16584][gc,heap      ] GC(59) Old regions: 73->74
[2020-09-30T09:17:08.211+0000][16584][gc,heap      ] GC(59) Archive regions: 0->0
[2020-09-30T09:17:08.211+0000][16584][gc,heap      ] GC(59) Humongous regions: 234->174
[2020-09-30T09:17:08.211+0000][16584][gc,metaspace ] GC(59) Metaspace: 83278K(89472K)->83278K(89472K) NonClass: 72322K(76032K)->72322K(76032K) Class: 10955K(13440K)->10955K(13440K)
[2020-09-30T09:17:08.211+0000][16584][gc           ] GC(59) Pause Young (Concurrent Start) (G1 Humongous Allocation) 345M->251M(1024M) 5.853ms
[2020-09-30T09:17:08.211+0000][16584][gc,cpu       ] GC(59) User=0.00s Sys=0.00s Real=0.01s
[2020-09-30T09:17:08.211+0000][16584][gc           ] GC(60) Concurrent Cycle
[2020-09-30T09:17:08.211+0000][16584][gc,marking   ] GC(60) Concurrent Clear Claimed Marks
[2020-09-30T09:17:08.211+0000][16584][safepoint    ] Safepoint "G1TryInitiateConcMark", Time since last: 298835100 ns, Reaching safepoint: 326300 ns, At safepoint: 6257600 ns, Total: 6583900 ns
[2020-09-30T09:17:08.212+0000][16584][gc,marking   ] GC(60) Concurrent Clear Claimed Marks 0.306ms
[2020-09-30T09:17:08.212+0000][16584][gc,marking   ] GC(60) Concurrent Scan Root Regions
[2020-09-30T09:17:08.215+0000][16584][gc,marking   ] GC(60) Concurrent Scan Root Regions 3.757ms
[2020-09-30T09:17:08.216+0000][16584][gc,marking   ] GC(60) Concurrent Mark (122.073s)
[2020-09-30T09:17:08.216+0000][16584][gc,marking   ] GC(60) Concurrent Mark From Roots
[2020-09-30T09:17:08.216+0000][16584][gc,task      ] GC(60) Using 2 workers of 2 for marking
[2020-09-30T09:17:08.362+0000][16584][gc,marking   ] GC(60) Concurrent Mark From Roots 146.834ms
[2020-09-30T09:17:08.363+0000][16584][gc,marking   ] GC(60) Concurrent Preclean
[2020-09-30T09:17:08.363+0000][16584][gc,marking   ] GC(60) Concurrent Preclean 0.398ms
[2020-09-30T09:17:08.363+0000][16584][gc,marking   ] GC(60) Concurrent Mark (122.073s, 122.220s) 147.386ms
[2020-09-30T09:17:08.363+0000][16584][gc,start     ] GC(60) Pause Remark
[2020-09-30T09:17:08.368+0000][16584][gc           ] GC(60) Pause Remark 381M->381M(1024M) 4.544ms
[2020-09-30T09:17:08.368+0000][16584][gc,cpu       ] GC(60) User=0.00s Sys=0.00s Real=0.01s
[2020-09-30T09:17:08.368+0000][16584][safepoint    ] Safepoint "G1Concurrent", Time since last: 151541100 ns, Reaching safepoint: 191500 ns, At safepoint: 4742600 ns, Total: 4934100 ns
[2020-09-30T09:17:08.368+0000][16584][gc,marking   ] GC(60) Concurrent Rebuild Remembered Sets
[2020-09-30T09:17:08.457+0000][16584][gc,marking   ] GC(60) Concurrent Rebuild Remembered Sets 89.200ms
[2020-09-30T09:17:08.458+0000][16584][gc,start     ] GC(60) Pause Cleanup
[2020-09-30T09:17:08.458+0000][16584][gc           ] GC(60) Pause Cleanup 446M->446M(1024M) 0.392ms
[2020-09-30T09:17:08.459+0000][16584][gc,cpu       ] GC(60) User=0.00s Sys=0.00s Real=0.00s
[2020-09-30T09:17:08.459+0000][16584][safepoint    ] Safepoint "G1Concurrent", Time since last: 89407100 ns, Reaching safepoint: 662000 ns, At safepoint: 660600 ns, Total: 1322600 ns
[2020-09-30T09:17:08.459+0000][16584][gc,marking   ] GC(60) Concurrent Cleanup for Next Mark
[2020-09-30T09:17:08.460+0000][16584][gc,marking   ] GC(60) Concurrent Cleanup for Next Mark 1.711ms
[2020-09-30T09:17:08.461+0000][16584][gc           ] GC(60) Concurrent Cycle 249.379ms
[2020-09-30T09:17:08.474+0000][16584][gc,start     ] GC(61) Pause Young (Concurrent Start) (G1 Humongous Allocation)
[2020-09-30T09:17:08.474+0000][16584][gc,task      ] GC(61) Using 8 workers of 8 for evacuation
[2020-09-30T09:17:08.474+0000][16584][gc,age       ] GC(61) Desired survivor size 33030144 bytes, new threshold 15 (max threshold 15)
[2020-09-30T09:17:08.478+0000][16584][gc,age       ] GC(61) Age table with threshold 15 (max threshold 15)
[2020-09-30T09:17:08.478+0000][16584][gc,age       ] GC(61) - age   1:    3303272 bytes,    3303272 total
[2020-09-30T09:17:08.479+0000][16584][gc,age       ] GC(61) - age   2:     176712 bytes,    3479984 total
[2020-09-30T09:17:08.479+0000][16584][gc,age       ] GC(61) - age   3:       4344 bytes,    3484328 total
[2020-09-30T09:17:08.479+0000][16584][gc,age       ] GC(61) - age   4:       2576 bytes,    3486904 total
[2020-09-30T09:17:08.479+0000][16584][gc,age       ] GC(61) - age   5:       2416 bytes,    3489320 total
[2020-09-30T09:17:08.479+0000][16584][gc,age       ] GC(61) - age   6:       4104 bytes,    3493424 total
[2020-09-30T09:17:08.479+0000][16584][gc,age       ] GC(61) - age   7:      32040 bytes,    3525464 total
[2020-09-30T09:17:08.479+0000][16584][gc,age       ] GC(61) - age   8:      20968 bytes,    3546432 total
[2020-09-30T09:17:08.479+0000][16584][gc,age       ] GC(61) - age   9:      29368 bytes,    3575800 total
[2020-09-30T09:17:08.479+0000][16584][gc,age       ] GC(61) - age  10:      26656 bytes,    3602456 total
[2020-09-30T09:17:08.479+0000][16584][gc,age       ] GC(61) - age  11:      26488 bytes,    3628944 total
[2020-09-30T09:17:08.479+0000][16584][gc,age       ] GC(61) - age  12:      28432 bytes,    3657376 total
[2020-09-30T09:17:08.479+0000][16584][gc,age       ] GC(61) - age  13:       1720 bytes,    3659096 total
[2020-09-30T09:17:08.479+0000][16584][gc,age       ] GC(61) - age  14:      71752 bytes,    3730848 total
[2020-09-30T09:17:08.479+0000][16584][gc,age       ] GC(61) - age  15:      87800 bytes,    3818648 total
[2020-09-30T09:17:08.479+0000][16584][gc,phases    ] GC(61)   Pre Evacuate Collection Set: 0.5ms
[2020-09-30T09:17:08.479+0000][16584][gc,phases    ] GC(61)   Merge Heap Roots: 0.1ms
[2020-09-30T09:17:08.479+0000][16584][gc,phases    ] GC(61)   Evacuate Collection Set: 2.7ms
[2020-09-30T09:17:08.479+0000][16584][gc,phases    ] GC(61)   Post Evacuate Collection Set: 0.8ms
[2020-09-30T09:17:08.479+0000][16584][gc,phases    ] GC(61)   Other: 1.1ms
[2020-09-30T09:17:08.479+0000][16584][gc,heap      ] GC(61) Eden regions: 62->0(500)
[2020-09-30T09:17:08.479+0000][16584][gc,heap      ] GC(61) Survivor regions: 5->4(63)
[2020-09-30T09:17:08.479+0000][16584][gc,heap      ] GC(61) Old regions: 74->75
[2020-09-30T09:17:08.480+0000][16584][gc,heap      ] GC(61) Archive regions: 0->0
[2020-09-30T09:17:08.480+0000][16584][gc,heap      ] GC(61) Humongous regions: 312->174
[2020-09-30T09:17:08.480+0000][16584][gc,metaspace ] GC(61) Metaspace: 83309K(89472K)->83309K(89472K) NonClass: 72354K(76032K)->72354K(76032K) Class: 10955K(13440K)->10955K(13440K)
[2020-09-30T09:17:08.480+0000][16584][gc           ] GC(61) Pause Young (Concurrent Start) (G1 Humongous Allocation) 451M->252M(1024M) 5.830ms
[2020-09-30T09:17:08.480+0000][16584][gc,cpu       ] GC(61) User=0.00s Sys=0.00s Real=0.01s
[2020-09-30T09:17:08.480+0000][16584][gc           ] GC(62) Concurrent Cycle
[2020-09-30T09:17:08.480+0000][16584][safepoint    ] Safepoint "G1TryInitiateConcMark", Time since last: 14984000 ns, Reaching safepoint: 181900 ns, At safepoint: 6077700 ns, Total: 6259600 ns
[2020-09-30T09:17:08.480+0000][16584][gc,marking   ] GC(62) Concurrent Clear Claimed Marks
[2020-09-30T09:17:08.480+0000][16584][gc,marking   ] GC(62) Concurrent Clear Claimed Marks 0.520ms
[2020-09-30T09:17:08.481+0000][16584][gc,marking   ] GC(62) Concurrent Scan Root Regions
[2020-09-30T09:17:08.485+0000][16584][gc,marking   ] GC(62) Concurrent Scan Root Regions 4.133ms
[2020-09-30T09:17:08.485+0000][16584][gc,marking   ] GC(62) Concurrent Mark (122.342s)
[2020-09-30T09:17:08.485+0000][16584][gc,marking   ] GC(62) Concurrent Mark From Roots
[2020-09-30T09:17:08.485+0000][16584][gc,task      ] GC(62) Using 2 workers of 2 for marking
[2020-09-30T09:17:08.641+0000][16584][gc,marking   ] GC(62) Concurrent Mark From Roots 156.172ms
[2020-09-30T09:17:08.641+0000][16584][gc,marking   ] GC(62) Concurrent Preclean
[2020-09-30T09:17:08.642+0000][16584][gc,marking   ] GC(62) Concurrent Preclean 0.677ms
[2020-09-30T09:17:08.642+0000][16584][gc,marking   ] GC(62) Concurrent Mark (122.342s, 122.499s) 157.094ms
[2020-09-30T09:17:08.642+0000][16584][gc,start     ] GC(62) Pause Remark
[2020-09-30T09:17:08.648+0000][16584][gc           ] GC(62) Pause Remark 384M->384M(1024M) 5.402ms
[2020-09-30T09:17:08.648+0000][16584][gc,cpu       ] GC(62) User=0.00s Sys=0.00s Real=0.01s
[2020-09-30T09:17:08.648+0000][16584][safepoint    ] Safepoint "G1Concurrent", Time since last: 162159900 ns, Reaching safepoint: 203100 ns, At safepoint: 5737400 ns, Total: 5940500 ns
[2020-09-30T09:17:08.648+0000][16584][gc,marking   ] GC(62) Concurrent Rebuild Remembered Sets
[2020-09-30T09:17:08.744+0000][16584][gc,marking   ] GC(62) Concurrent Rebuild Remembered Sets 95.880ms
[2020-09-30T09:17:08.744+0000][16584][gc,start     ] GC(62) Pause Cleanup
[2020-09-30T09:17:08.745+0000][16584][gc           ] GC(62) Pause Cleanup 389M->389M(1024M) 0.447ms
[2020-09-30T09:17:08.745+0000][16584][gc,cpu       ] GC(62) User=0.00s Sys=0.00s Real=0.00s
[2020-09-30T09:17:08.745+0000][16584][safepoint    ] Safepoint "G1Concurrent", Time since last: 96106900 ns, Reaching safepoint: 154500 ns, At safepoint: 629700 ns, Total: 784200 ns
[2020-09-30T09:17:08.745+0000][16584][gc,marking   ] GC(62) Concurrent Cleanup for Next Mark
[2020-09-30T09:17:08.747+0000][16584][gc,marking   ] GC(62) Concurrent Cleanup for Next Mark 1.906ms
[2020-09-30T09:17:08.747+0000][16584][gc           ] GC(62) Concurrent Cycle 267.125ms
[2020-09-30T09:17:08.757+0000][16584][gc,start     ] GC(63) Pause Young (Concurrent Start) (G1 Humongous Allocation)
[2020-09-30T09:17:08.757+0000][16584][gc,task      ] GC(63) Using 8 workers of 8 for evacuation
[2020-09-30T09:17:08.757+0000][16584][gc,age       ] GC(63) Desired survivor size 33030144 bytes, new threshold 15 (max threshold 15)
[2020-09-30T09:17:08.761+0000][16584][gc,age       ] GC(63) Age table with threshold 15 (max threshold 15)
[2020-09-30T09:17:08.762+0000][16584][gc,age       ] GC(63) - age   1:    3295416 bytes,    3295416 total
[2020-09-30T09:17:08.762+0000][16584][gc,age       ] GC(63) - age   2:     212648 bytes,    3508064 total
[2020-09-30T09:17:08.762+0000][16584][gc,age       ] GC(63) - age   3:     173792 bytes,    3681856 total
[2020-09-30T09:17:08.762+0000][16584][gc,age       ] GC(63) - age   4:       4080 bytes,    3685936 total
[2020-09-30T09:17:08.762+0000][16584][gc,age       ] GC(63) - age   5:       2104 bytes,    3688040 total
[2020-09-30T09:17:08.762+0000][16584][gc,age       ] GC(63) - age   6:       1864 bytes,    3689904 total
[2020-09-30T09:17:08.762+0000][16584][gc,age       ] GC(63) - age   7:       3944 bytes,    3693848 total
[2020-09-30T09:17:08.762+0000][16584][gc,age       ] GC(63) - age   8:      32008 bytes,    3725856 total
[2020-09-30T09:17:08.762+0000][16584][gc,age       ] GC(63) - age   9:      20968 bytes,    3746824 total
[2020-09-30T09:17:08.762+0000][16584][gc,age       ] GC(63) - age  10:      29368 bytes,    3776192 total
[2020-09-30T09:17:08.762+0000][16584][gc,age       ] GC(63) - age  11:      26656 bytes,    3802848 total
[2020-09-30T09:17:08.762+0000][16584][gc,age       ] GC(63) - age  12:      26488 bytes,    3829336 total
[2020-09-30T09:17:08.762+0000][16584][gc,age       ] GC(63) - age  13:      28432 bytes,    3857768 total
[2020-09-30T09:17:08.762+0000][16584][gc,age       ] GC(63) - age  14:       1688 bytes,    3859456 total
[2020-09-30T09:17:08.762+0000][16584][gc,age       ] GC(63) - age  15:      71688 bytes,    3931144 total
[2020-09-30T09:17:08.762+0000][16584][gc,phases    ] GC(63)   Pre Evacuate Collection Set: 0.5ms
[2020-09-30T09:17:08.762+0000][16584][gc,phases    ] GC(63)   Merge Heap Roots: 0.2ms
[2020-09-30T09:17:08.762+0000][16584][gc,phases    ] GC(63)   Evacuate Collection Set: 2.6ms
[2020-09-30T09:17:08.762+0000][16584][gc,phases    ] GC(63)   Post Evacuate Collection Set: 0.9ms
[2020-09-30T09:17:08.762+0000][16584][gc,phases    ] GC(63)   Other: 1.4ms
[2020-09-30T09:17:08.762+0000][16584][gc,heap      ] GC(63) Eden regions: 42->0(501)
[2020-09-30T09:17:08.762+0000][16584][gc,heap      ] GC(63) Survivor regions: 4->4(63)
[2020-09-30T09:17:08.763+0000][16584][gc,heap      ] GC(63) Old regions: 75->75
[2020-09-30T09:17:08.763+0000][16584][gc,heap      ] GC(63) Archive regions: 0->0
[2020-09-30T09:17:08.763+0000][16584][gc,heap      ] GC(63) Humongous regions: 274->174
[2020-09-30T09:17:08.763+0000][16584][gc,metaspace ] GC(63) Metaspace: 83319K(89472K)->83319K(89472K) NonClass: 72363K(76032K)->72363K(76032K) Class: 10955K(13440K)->10955K(13440K)
[2020-09-30T09:17:08.763+0000][16584][gc           ] GC(63) Pause Young (Concurrent Start) (G1 Humongous Allocation) 393M->252M(1024M) 5.979ms
[2020-09-30T09:17:08.763+0000][16584][gc,cpu       ] GC(63) User=0.00s Sys=0.00s Real=0.01s
[2020-09-30T09:17:08.763+0000][16584][gc           ] GC(64) Concurrent Cycle
[2020-09-30T09:17:08.763+0000][16584][safepoint    ] Safepoint "G1TryInitiateConcMark", Time since last: 11592100 ns, Reaching safepoint: 169200 ns, At safepoint: 6220900 ns, Total: 6390100 ns
[2020-09-30T09:17:08.763+0000][16584][gc,marking   ] GC(64) Concurrent Clear Claimed Marks
[2020-09-30T09:17:08.763+0000][16584][gc,marking   ] GC(64) Concurrent Clear Claimed Marks 0.408ms
[2020-09-30T09:17:08.763+0000][16584][gc,marking   ] GC(64) Concurrent Scan Root Regions
[2020-09-30T09:17:08.766+0000][16584][gc,marking   ] GC(64) Concurrent Scan Root Regions 3.028ms
[2020-09-30T09:17:08.767+0000][16584][gc,marking   ] GC(64) Concurrent Mark (122.624s)
[2020-09-30T09:17:08.767+0000][16584][gc,marking   ] GC(64) Concurrent Mark From Roots
[2020-09-30T09:17:08.767+0000][16584][gc,task      ] GC(64) Using 2 workers of 2 for marking
[2020-09-30T09:17:08.942+0000][16584][gc,marking   ] GC(64) Concurrent Mark From Roots 175.400ms
[2020-09-30T09:17:08.942+0000][16584][gc,marking   ] GC(64) Concurrent Preclean
[2020-09-30T09:17:08.943+0000][16584][gc,marking   ] GC(64) Concurrent Preclean 0.617ms
[2020-09-30T09:17:08.943+0000][16584][gc,marking   ] GC(64) Concurrent Mark (122.624s, 122.800s) 176.253ms
[2020-09-30T09:17:08.943+0000][16584][gc,start     ] GC(64) Pause Remark
[2020-09-30T09:17:08.948+0000][16584][gc           ] GC(64) Pause Remark 376M->376M(1024M) 4.883ms
[2020-09-30T09:17:08.948+0000][16584][gc,cpu       ] GC(64) User=0.00s Sys=0.00s Real=0.00s
[2020-09-30T09:17:08.948+0000][16584][safepoint    ] Safepoint "G1Concurrent", Time since last: 180080100 ns, Reaching safepoint: 148400 ns, At safepoint: 5178900 ns, Total: 5327300 ns
[2020-09-30T09:17:08.948+0000][16584][gc,marking   ] GC(64) Concurrent Rebuild Remembered Sets
[2020-09-30T09:17:09.052+0000][16584][gc,marking   ] GC(64) Concurrent Rebuild Remembered Sets 103.887ms
[2020-09-30T09:17:09.053+0000][16584][gc,start     ] GC(64) Pause Cleanup
[2020-09-30T09:17:09.053+0000][16584][gc           ] GC(64) Pause Cleanup 388M->388M(1024M) 0.331ms
[2020-09-30T09:17:09.053+0000][16584][gc,cpu       ] GC(64) User=0.00s Sys=0.00s Real=0.00s
[2020-09-30T09:17:09.053+0000][16584][safepoint    ] Safepoint "G1Concurrent", Time since last: 104107400 ns, Reaching safepoint: 212500 ns, At safepoint: 555700 ns, Total: 768200 ns
[2020-09-30T09:17:09.053+0000][16584][gc,marking   ] GC(64) Concurrent Cleanup for Next Mark
[2020-09-30T09:17:09.055+0000][16584][gc,marking   ] GC(64) Concurrent Cleanup for Next Mark 1.800ms
[2020-09-30T09:17:09.055+0000][16584][gc           ] GC(64) Concurrent Cycle 292.341ms
[2020-09-30T09:17:09.069+0000][16584][gc,start     ] GC(65) Pause Young (Concurrent Start) (G1 Humongous Allocation)
[2020-09-30T09:17:09.069+0000][16584][gc,task      ] GC(65) Using 8 workers of 8 for evacuation
[2020-09-30T09:17:09.069+0000][16584][gc,age       ] GC(65) Desired survivor size 33554432 bytes, new threshold 15 (max threshold 15)
[2020-09-30T09:17:09.074+0000][16584][gc,age       ] GC(65) Age table with threshold 15 (max threshold 15)
[2020-09-30T09:17:09.074+0000][16584][gc,age       ] GC(65) - age   1:    3302064 bytes,    3302064 total
[2020-09-30T09:17:09.074+0000][16584][gc,age       ] GC(65) - age   2:     204968 bytes,    3507032 total
[2020-09-30T09:17:09.074+0000][16584][gc,age       ] GC(65) - age   3:     211440 bytes,    3718472 total
[2020-09-30T09:17:09.074+0000][16584][gc,age       ] GC(65) - age   4:     173240 bytes,    3891712 total
[2020-09-30T09:17:09.074+0000][16584][gc,age       ] GC(65) - age   5:       3984 bytes,    3895696 total
[2020-09-30T09:17:09.074+0000][16584][gc,age       ] GC(65) - age   6:       2072 bytes,    3897768 total
[2020-09-30T09:17:09.074+0000][16584][gc,age       ] GC(65) - age   7:       1608 bytes,    3899376 total
[2020-09-30T09:17:09.074+0000][16584][gc,age       ] GC(65) - age   8:       3912 bytes,    3903288 total
[2020-09-30T09:17:09.074+0000][16584][gc,age       ] GC(65) - age   9:      32008 bytes,    3935296 total
[2020-09-30T09:17:09.074+0000][16584][gc,age       ] GC(65) - age  10:      20968 bytes,    3956264 total
[2020-09-30T09:17:09.074+0000][16584][gc,age       ] GC(65) - age  11:      29368 bytes,    3985632 total
[2020-09-30T09:17:09.074+0000][16584][gc,age       ] GC(65) - age  12:      26592 bytes,    4012224 total
[2020-09-30T09:17:09.075+0000][16584][gc,age       ] GC(65) - age  13:      26488 bytes,    4038712 total
[2020-09-30T09:17:09.075+0000][16584][gc,age       ] GC(65) - age  14:      28432 bytes,    4067144 total
[2020-09-30T09:17:09.075+0000][16584][gc,age       ] GC(65) - age  15:       1448 bytes,    4068592 total
[2020-09-30T09:17:09.075+0000][16584][gc,phases    ] GC(65)   Pre Evacuate Collection Set: 0.5ms
[2020-09-30T09:17:09.075+0000][16584][gc,phases    ] GC(65)   Merge Heap Roots: 0.1ms
[2020-09-30T09:17:09.075+0000][16584][gc,phases    ] GC(65)   Evacuate Collection Set: 2.7ms
[2020-09-30T09:17:09.075+0000][16584][gc,phases    ] GC(65)   Post Evacuate Collection Set: 0.9ms
[2020-09-30T09:17:09.075+0000][16584][gc,phases    ] GC(65)   Other: 1.7ms
[2020-09-30T09:17:09.075+0000][16584][gc,heap      ] GC(65) Eden regions: 42->0(502)
[2020-09-30T09:17:09.075+0000][16584][gc,heap      ] GC(65) Survivor regions: 4->4(64)
[2020-09-30T09:17:09.075+0000][16584][gc,heap      ] GC(65) Old regions: 75->75
[2020-09-30T09:17:09.075+0000][16584][gc,heap      ] GC(65) Archive regions: 0->0
[2020-09-30T09:17:09.075+0000][16584][gc,heap      ] GC(65) Humongous regions: 274->174
[2020-09-30T09:17:09.075+0000][16584][gc,metaspace ] GC(65) Metaspace: 83331K(89728K)->83331K(89728K) NonClass: 72375K(76288K)->72375K(76288K) Class: 10955K(13440K)->10955K(13440K)
[2020-09-30T09:17:09.075+0000][16584][gc           ] GC(65) Pause Young (Concurrent Start) (G1 Humongous Allocation) 394M->252M(1024M) 6.348ms
[2020-09-30T09:17:09.075+0000][16584][gc,cpu       ] GC(65) User=0.00s Sys=0.00s Real=0.01s
[2020-09-30T09:17:09.076+0000][16584][safepoint    ] Safepoint "G1TryInitiateConcMark", Time since last: 15703900 ns, Reaching safepoint: 150400 ns, At safepoint: 6601200 ns, Total: 6751600 ns
[2020-09-30T09:17:09.076+0000][16584][gc           ] GC(66) Concurrent Cycle
[2020-09-30T09:17:09.076+0000][16584][gc,marking   ] GC(66) Concurrent Clear Claimed Marks
[2020-09-30T09:17:09.076+0000][16584][gc,marking   ] GC(66) Concurrent Clear Claimed Marks 0.395ms
[2020-09-30T09:17:09.076+0000][16584][gc,marking   ] GC(66) Concurrent Scan Root Regions
[2020-09-30T09:17:09.079+0000][16584][gc,marking   ] GC(66) Concurrent Scan Root Regions 2.864ms
[2020-09-30T09:17:09.079+0000][16584][gc,marking   ] GC(66) Concurrent Mark (122.936s)
[2020-09-30T09:17:09.079+0000][16584][gc,marking   ] GC(66) Concurrent Mark From Roots
[2020-09-30T09:17:09.079+0000][16584][gc,task      ] GC(66) Using 2 workers of 2 for marking
[2020-09-30T09:17:09.250+0000][16584][gc,marking   ] GC(66) Concurrent Mark From Roots 170.451ms
[2020-09-30T09:17:09.250+0000][16584][gc,marking   ] GC(66) Concurrent Preclean
[2020-09-30T09:17:09.250+0000][16584][gc,marking   ] GC(66) Concurrent Preclean 0.575ms
[2020-09-30T09:17:09.250+0000][16584][gc,marking   ] GC(66) Concurrent Mark (122.936s, 123.108s) 171.293ms
[2020-09-30T09:17:09.251+0000][16584][gc,start     ] GC(66) Pause Remark
[2020-09-30T09:17:09.257+0000][16584][gc           ] GC(66) Pause Remark 391M->391M(1024M) 5.813ms
[2020-09-30T09:17:09.257+0000][16584][gc,cpu       ] GC(66) User=0.00s Sys=0.00s Real=0.01s
[2020-09-30T09:17:09.257+0000][16584][safepoint    ] Safepoint "G1Concurrent", Time since last: 175032800 ns, Reaching safepoint: 208100 ns, At safepoint: 6329400 ns, Total: 6537500 ns
[2020-09-30T09:17:09.257+0000][16584][gc,marking   ] GC(66) Concurrent Rebuild Remembered Sets
[2020-09-30T09:17:09.358+0000][16584][gc,marking   ] GC(66) Concurrent Rebuild Remembered Sets 100.955ms
[2020-09-30T09:17:09.358+0000][16584][gc,start     ] GC(66) Pause Cleanup
[2020-09-30T09:17:09.359+0000][16584][gc           ] GC(66) Pause Cleanup 461M->461M(1024M) 0.392ms
[2020-09-30T09:17:09.359+0000][16584][gc,cpu       ] GC(66) User=0.00s Sys=0.00s Real=0.00s
[2020-09-30T09:17:09.359+0000][16584][safepoint    ] Safepoint "G1Concurrent", Time since last: 101153800 ns, Reaching safepoint: 161800 ns, At safepoint: 632800 ns, Total: 794600 ns
[2020-09-30T09:17:09.359+0000][16584][gc,marking   ] GC(66) Concurrent Cleanup for Next Mark
[2020-09-30T09:17:09.361+0000][16584][gc,marking   ] GC(66) Concurrent Cleanup for Next Mark 1.722ms
[2020-09-30T09:17:09.361+0000][16584][gc           ] GC(66) Concurrent Cycle 285.480ms
[2020-09-30T09:17:09.385+0000][16584][gc,start     ] GC(67) Pause Young (Concurrent Start) (G1 Humongous Allocation)
[2020-09-30T09:17:09.385+0000][16584][gc,task      ] GC(67) Using 8 workers of 8 for evacuation
[2020-09-30T09:17:09.385+0000][16584][gc,age       ] GC(67) Desired survivor size 33554432 bytes, new threshold 15 (max threshold 15)
[2020-09-30T09:17:09.392+0000][16584][gc,age       ] GC(67) Age table with threshold 15 (max threshold 15)
[2020-09-30T09:17:09.392+0000][16584][gc,age       ] GC(67) - age   1:    3079720 bytes,    3079720 total
[2020-09-30T09:17:09.392+0000][16584][gc,age       ] GC(67) - age   2:     207632 bytes,    3287352 total
[2020-09-30T09:17:09.392+0000][16584][gc,age       ] GC(67) - age   3:     204824 bytes,    3492176 total
[2020-09-30T09:17:09.392+0000][16584][gc,age       ] GC(67) - age   4:     209608 bytes,    3701784 total
[2020-09-30T09:17:09.392+0000][16584][gc,age       ] GC(67) - age   5:     170504 bytes,    3872288 total
[2020-09-30T09:17:09.392+0000][16584][gc,age       ] GC(67) - age   6:       3496 bytes,    3875784 total
[2020-09-30T09:17:09.392+0000][16584][gc,age       ] GC(67) - age   7:       1912 bytes,    3877696 total
[2020-09-30T09:17:09.392+0000][16584][gc,age       ] GC(67) - age   8:       1576 bytes,    3879272 total
[2020-09-30T09:17:09.392+0000][16584][gc,age       ] GC(67) - age   9:       3912 bytes,    3883184 total
[2020-09-30T09:17:09.392+0000][16584][gc,age       ] GC(67) - age  10:      32008 bytes,    3915192 total
[2020-09-30T09:17:09.392+0000][16584][gc,age       ] GC(67) - age  11:      20840 bytes,    3936032 total
[2020-09-30T09:17:09.392+0000][16584][gc,age       ] GC(67) - age  12:      29368 bytes,    3965400 total
[2020-09-30T09:17:09.392+0000][16584][gc,age       ] GC(67) - age  13:      26592 bytes,    3991992 total
[2020-09-30T09:17:09.392+0000][16584][gc,age       ] GC(67) - age  14:      26232 bytes,    4018224 total
[2020-09-30T09:17:09.393+0000][16584][gc,age       ] GC(67) - age  15:      28336 bytes,    4046560 total
[2020-09-30T09:17:09.393+0000][16584][gc,phases    ] GC(67)   Pre Evacuate Collection Set: 0.6ms
[2020-09-30T09:17:09.393+0000][16584][gc,phases    ] GC(67)   Merge Heap Roots: 0.1ms
[2020-09-30T09:17:09.393+0000][16584][gc,phases    ] GC(67)   Evacuate Collection Set: 4.7ms
[2020-09-30T09:17:09.393+0000][16584][gc,phases    ] GC(67)   Post Evacuate Collection Set: 1.2ms
[2020-09-30T09:17:09.393+0000][16584][gc,phases    ] GC(67)   Other: 1.1ms
[2020-09-30T09:17:09.393+0000][16584][gc,heap      ] GC(67) Eden regions: 64->0(503)
[2020-09-30T09:17:09.393+0000][16584][gc,heap      ] GC(67) Survivor regions: 4->4(64)
[2020-09-30T09:17:09.393+0000][16584][gc,heap      ] GC(67) Old regions: 75->75
[2020-09-30T09:17:09.393+0000][16584][gc,heap      ] GC(67) Archive regions: 0->0
[2020-09-30T09:17:09.393+0000][16584][gc,heap      ] GC(67) Humongous regions: 324->174
[2020-09-30T09:17:09.393+0000][16584][gc,metaspace ] GC(67) Metaspace: 83345K(89728K)->83345K(89728K) NonClass: 72389K(76288K)->72389K(76288K) Class: 10955K(13440K)->10955K(13440K)
[2020-09-30T09:17:09.393+0000][16584][gc           ] GC(67) Pause Young (Concurrent Start) (G1 Humongous Allocation) 466M->252M(1024M) 8.080ms
[2020-09-30T09:17:09.393+0000][16584][gc,cpu       ] GC(67) User=0.06s Sys=0.00s Real=0.01s
[2020-09-30T09:17:09.393+0000][16584][gc           ] GC(68) Concurrent Cycle
[2020-09-30T09:17:09.393+0000][16584][safepoint    ] Safepoint "G1TryInitiateConcMark", Time since last: 25662600 ns, Reaching safepoint: 201200 ns, At safepoint: 8311200 ns, Total: 8512400 ns
[2020-09-30T09:17:09.393+0000][16584][gc,marking   ] GC(68) Concurrent Clear Claimed Marks
[2020-09-30T09:17:09.394+0000][16584][gc,marking   ] GC(68) Concurrent Clear Claimed Marks 0.467ms
[2020-09-30T09:17:09.394+0000][16584][gc,marking   ] GC(68) Concurrent Scan Root Regions
[2020-09-30T09:17:09.397+0000][16584][gc,marking   ] GC(68) Concurrent Scan Root Regions 3.000ms
[2020-09-30T09:17:09.397+0000][16584][gc,marking   ] GC(68) Concurrent Mark (123.254s)
[2020-09-30T09:17:09.397+0000][16584][gc,marking   ] GC(68) Concurrent Mark From Roots
[2020-09-30T09:17:09.397+0000][16584][gc,task      ] GC(68) Using 2 workers of 2 for marking
[2020-09-30T09:17:09.571+0000][16584][gc,marking   ] GC(68) Concurrent Mark From Roots 174.515ms
[2020-09-30T09:17:09.572+0000][16584][gc,marking   ] GC(68) Concurrent Preclean
[2020-09-30T09:17:09.572+0000][16584][gc,marking   ] GC(68) Concurrent Preclean 0.635ms
[2020-09-30T09:17:09.572+0000][16584][gc,marking   ] GC(68) Concurrent Mark (123.254s, 123.430s) 175.395ms
[2020-09-30T09:17:09.573+0000][16584][gc,start     ] GC(68) Pause Remark
[2020-09-30T09:17:09.578+0000][16584][gc           ] GC(68) Pause Remark 388M->388M(1024M) 5.603ms
[2020-09-30T09:17:09.578+0000][16584][gc,cpu       ] GC(68) User=0.11s Sys=0.02s Real=0.01s
[2020-09-30T09:17:09.579+0000][16584][safepoint    ] Safepoint "G1Concurrent", Time since last: 179228600 ns, Reaching safepoint: 195200 ns, At safepoint: 5924400 ns, Total: 6119600 ns
[2020-09-30T09:17:09.579+0000][16584][gc,marking   ] GC(68) Concurrent Rebuild Remembered Sets
[2020-09-30T09:17:09.671+0000][16584][gc,marking   ] GC(68) Concurrent Rebuild Remembered Sets 92.126ms
[2020-09-30T09:17:09.671+0000][16584][gc,start     ] GC(68) Pause Cleanup
[2020-09-30T09:17:09.672+0000][16584][gc           ] GC(68) Pause Cleanup 461M->461M(1024M) 0.527ms
[2020-09-30T09:17:09.672+0000][16584][gc,cpu       ] GC(68) User=0.00s Sys=0.00s Real=0.00s
[2020-09-30T09:17:09.672+0000][16584][safepoint    ] Safepoint "G1Concurrent", Time since last: 92458400 ns, Reaching safepoint: 260100 ns, At safepoint: 811000 ns, Total: 1071100 ns
[2020-09-30T09:17:09.672+0000][16584][gc,marking   ] GC(68) Concurrent Cleanup for Next Mark
[2020-09-30T09:17:09.674+0000][16584][gc,marking   ] GC(68) Concurrent Cleanup for Next Mark 1.851ms
[2020-09-30T09:17:09.674+0000][16584][gc           ] GC(68) Concurrent Cycle 281.304ms
[2020-09-30T09:17:09.679+0000][16584][gc,start     ] GC(69) Pause Young (Concurrent Start) (G1 Humongous Allocation)
[2020-09-30T09:17:09.679+0000][16584][gc,task      ] GC(69) Using 8 workers of 8 for evacuation
[2020-09-30T09:17:09.679+0000][16584][gc,age       ] GC(69) Desired survivor size 33554432 bytes, new threshold 15 (max threshold 15)
[2020-09-30T09:17:09.683+0000][16584][gc,age       ] GC(69) Age table with threshold 15 (max threshold 15)
[2020-09-30T09:17:09.683+0000][16584][gc,age       ] GC(69) - age   1:    3302808 bytes,    3302808 total
[2020-09-30T09:17:09.683+0000][16584][gc,age       ] GC(69) - age   2:     413784 bytes,    3716592 total
[2020-09-30T09:17:09.684+0000][16584][gc,age       ] GC(69) - age   3:     207448 bytes,    3924040 total
[2020-09-30T09:17:09.684+0000][16584][gc,age       ] GC(69) - age   4:     203968 bytes,    4128008 total
[2020-09-30T09:17:09.684+0000][16584][gc,age       ] GC(69) - age   5:     205440 bytes,    4333448 total
[2020-09-30T09:17:09.684+0000][16584][gc,age       ] GC(69) - age   6:     170472 bytes,    4503920 total
[2020-09-30T09:17:09.684+0000][16584][gc,age       ] GC(69) - age   7:       3400 bytes,    4507320 total
[2020-09-30T09:17:09.684+0000][16584][gc,age       ] GC(69) - age   8:       1688 bytes,    4509008 total
[2020-09-30T09:17:09.684+0000][16584][gc,age       ] GC(69) - age   9:       1448 bytes,    4510456 total
[2020-09-30T09:17:09.684+0000][16584][gc,age       ] GC(69) - age  10:       3912 bytes,    4514368 total
[2020-09-30T09:17:09.684+0000][16584][gc,age       ] GC(69) - age  11:      32008 bytes,    4546376 total
[2020-09-30T09:17:09.684+0000][16584][gc,age       ] GC(69) - age  12:      20776 bytes,    4567152 total
[2020-09-30T09:17:09.684+0000][16584][gc,age       ] GC(69) - age  13:      29368 bytes,    4596520 total
[2020-09-30T09:17:09.684+0000][16584][gc,age       ] GC(69) - age  14:      26592 bytes,    4623112 total
[2020-09-30T09:17:09.684+0000][16584][gc,age       ] GC(69) - age  15:      26232 bytes,    4649344 total
[2020-09-30T09:17:09.684+0000][16584][gc,phases    ] GC(69)   Pre Evacuate Collection Set: 0.4ms
[2020-09-30T09:17:09.684+0000][16584][gc,phases    ] GC(69)   Merge Heap Roots: 0.1ms
[2020-09-30T09:17:09.684+0000][16584][gc,phases    ] GC(69)   Evacuate Collection Set: 3.0ms
[2020-09-30T09:17:09.684+0000][16584][gc,phases    ] GC(69)   Post Evacuate Collection Set: 0.9ms
[2020-09-30T09:17:09.684+0000][16584][gc,phases    ] GC(69)   Other: 0.9ms
[2020-09-30T09:17:09.684+0000][16584][gc,heap      ] GC(69) Eden regions: 61->0(503)
[2020-09-30T09:17:09.684+0000][16584][gc,heap      ] GC(69) Survivor regions: 4->5(64)
[2020-09-30T09:17:09.684+0000][16584][gc,heap      ] GC(69) Old regions: 75->75
[2020-09-30T09:17:09.684+0000][16584][gc,heap      ] GC(69) Archive regions: 0->0
[2020-09-30T09:17:09.684+0000][16584][gc,heap      ] GC(69) Humongous regions: 324->174
[2020-09-30T09:17:09.684+0000][16584][gc,metaspace ] GC(69) Metaspace: 83391K(89728K)->83391K(89728K) NonClass: 72435K(76288K)->72435K(76288K) Class: 10955K(13440K)->10955K(13440K)
[2020-09-30T09:17:09.684+0000][16584][gc           ] GC(69) Pause Young (Concurrent Start) (G1 Humongous Allocation) 462M->252M(1024M) 5.595ms
[2020-09-30T09:17:09.684+0000][16584][gc,cpu       ] GC(69) User=0.00s Sys=0.00s Real=0.01s
[2020-09-30T09:17:09.684+0000][16584][gc           ] GC(70) Concurrent Cycle
[2020-09-30T09:17:09.684+0000][16584][safepoint    ] Safepoint "G1TryInitiateConcMark", Time since last: 6005200 ns, Reaching safepoint: 141600 ns, At safepoint: 5780500 ns, Total: 5922100 ns
[2020-09-30T09:17:09.685+0000][16584][gc,marking   ] GC(70) Concurrent Clear Claimed Marks
[2020-09-30T09:17:09.685+0000][16584][gc,marking   ] GC(70) Concurrent Clear Claimed Marks 0.453ms
[2020-09-30T09:17:09.685+0000][16584][gc,marking   ] GC(70) Concurrent Scan Root Regions
[2020-09-30T09:17:09.688+0000][16584][gc,marking   ] GC(70) Concurrent Scan Root Regions 3.148ms
[2020-09-30T09:17:09.688+0000][16584][gc,marking   ] GC(70) Concurrent Mark (123.545s)
[2020-09-30T09:17:09.688+0000][16584][gc,marking   ] GC(70) Concurrent Mark From Roots
[2020-09-30T09:17:09.688+0000][16584][gc,task      ] GC(70) Using 2 workers of 2 for marking
[2020-09-30T09:17:09.851+0000][16584][gc,marking   ] GC(70) Concurrent Mark From Roots 162.721ms
[2020-09-30T09:17:09.851+0000][16584][gc,marking   ] GC(70) Concurrent Preclean
[2020-09-30T09:17:09.852+0000][16584][gc,marking   ] GC(70) Concurrent Preclean 0.629ms
[2020-09-30T09:17:09.852+0000][16584][gc,marking   ] GC(70) Concurrent Mark (123.545s, 123.709s) 163.569ms
[2020-09-30T09:17:09.852+0000][16584][gc,start     ] GC(70) Pause Remark
[2020-09-30T09:17:09.857+0000][16584][gc           ] GC(70) Pause Remark 390M->390M(1024M) 5.140ms
[2020-09-30T09:17:09.858+0000][16584][gc,cpu       ] GC(70) User=0.02s Sys=0.02s Real=0.01s
[2020-09-30T09:17:09.858+0000][16584][safepoint    ] Safepoint "G1Concurrent", Time since last: 167556900 ns, Reaching safepoint: 193600 ns, At safepoint: 5576600 ns, Total: 5770200 ns
[2020-09-30T09:17:09.858+0000][16584][gc,marking   ] GC(70) Concurrent Rebuild Remembered Sets
[2020-09-30T09:17:09.948+0000][16584][gc,marking   ] GC(70) Concurrent Rebuild Remembered Sets 90.195ms
[2020-09-30T09:17:09.948+0000][16584][gc,start     ] GC(70) Pause Cleanup
[2020-09-30T09:17:09.949+0000][16584][gc           ] GC(70) Pause Cleanup 464M->464M(1024M) 0.362ms
[2020-09-30T09:17:09.949+0000][16584][gc,cpu       ] GC(70) User=0.00s Sys=0.00s Real=0.00s
[2020-09-30T09:17:09.949+0000][16584][safepoint    ] Safepoint "G1Concurrent", Time since last: 90418400 ns, Reaching safepoint: 198700 ns, At safepoint: 581600 ns, Total: 780300 ns
[2020-09-30T09:17:09.949+0000][16584][gc,marking   ] GC(70) Concurrent Cleanup for Next Mark
[2020-09-30T09:17:09.951+0000][16584][gc,marking   ] GC(70) Concurrent Cleanup for Next Mark 1.790ms
[2020-09-30T09:17:09.951+0000][16584][gc           ] GC(70) Concurrent Cycle 266.552ms
[2020-09-30T09:17:09.952+0000][16584][gc,start     ] GC(71) Pause Young (Concurrent Start) (G1 Humongous Allocation)
[2020-09-30T09:17:09.952+0000][16584][gc,task      ] GC(71) Using 8 workers of 8 for evacuation
[2020-09-30T09:17:09.952+0000][16584][gc,age       ] GC(71) Desired survivor size 33554432 bytes, new threshold 15 (max threshold 15)
[2020-09-30T09:17:09.957+0000][16584][gc,age       ] GC(71) Age table with threshold 15 (max threshold 15)
[2020-09-30T09:17:09.957+0000][16584][gc,age       ] GC(71) - age   1:    3086816 bytes,    3086816 total
[2020-09-30T09:17:09.957+0000][16584][gc,age       ] GC(71) - age   2:     210632 bytes,    3297448 total
[2020-09-30T09:17:09.957+0000][16584][gc,age       ] GC(71) - age   3:     409720 bytes,    3707168 total
[2020-09-30T09:17:09.957+0000][16584][gc,age       ] GC(71) - age   4:     205688 bytes,    3912856 total
[2020-09-30T09:17:09.957+0000][16584][gc,age       ] GC(71) - age   5:     203816 bytes,    4116672 total
[2020-09-30T09:17:09.957+0000][16584][gc,age       ] GC(71) - age   6:     205360 bytes,    4322032 total
[2020-09-30T09:17:09.957+0000][16584][gc,age       ] GC(71) - age   7:     170376 bytes,    4492408 total
[2020-09-30T09:17:09.957+0000][16584][gc,age       ] GC(71) - age   8:       3080 bytes,    4495488 total
[2020-09-30T09:17:09.957+0000][16584][gc,age       ] GC(71) - age   9:       1688 bytes,    4497176 total
[2020-09-30T09:17:09.957+0000][16584][gc,age       ] GC(71) - age  10:       1448 bytes,    4498624 total
[2020-09-30T09:17:09.958+0000][16584][gc,age       ] GC(71) - age  11:       3912 bytes,    4502536 total
[2020-09-30T09:17:09.958+0000][16584][gc,age       ] GC(71) - age  12:      32008 bytes,    4534544 total
[2020-09-30T09:17:09.958+0000][16584][gc,age       ] GC(71) - age  13:      20712 bytes,    4555256 total
[2020-09-30T09:17:09.958+0000][16584][gc,age       ] GC(71) - age  14:      29368 bytes,    4584624 total
[2020-09-30T09:17:09.958+0000][16584][gc,age       ] GC(71) - age  15:      26528 bytes,    4611152 total
[2020-09-30T09:17:09.958+0000][16584][gc,phases    ] GC(71)   Pre Evacuate Collection Set: 0.4ms
[2020-09-30T09:17:09.958+0000][16584][gc,phases    ] GC(71)   Merge Heap Roots: 0.1ms
[2020-09-30T09:17:09.958+0000][16584][gc,phases    ] GC(71)   Evacuate Collection Set: 3.3ms
[2020-09-30T09:17:09.958+0000][16584][gc,phases    ] GC(71)   Post Evacuate Collection Set: 1.1ms
[2020-09-30T09:17:09.958+0000][16584][gc,phases    ] GC(71)   Other: 1.0ms
[2020-09-30T09:17:09.958+0000][16584][gc,heap      ] GC(71) Eden regions: 62->0(503)
[2020-09-30T09:17:09.958+0000][16584][gc,heap      ] GC(71) Survivor regions: 5->5(64)
[2020-09-30T09:17:09.958+0000][16584][gc,heap      ] GC(71) Old regions: 75->75
[2020-09-30T09:17:09.958+0000][16584][gc,heap      ] GC(71) Archive regions: 0->0
[2020-09-30T09:17:09.958+0000][16584][gc,heap      ] GC(71) Humongous regions: 324->174
[2020-09-30T09:17:09.958+0000][16584][gc,metaspace ] GC(71) Metaspace: 83414K(89728K)->83414K(89728K) NonClass: 72458K(76288K)->72458K(76288K) Class: 10955K(13440K)->10955K(13440K)
[2020-09-30T09:17:09.958+0000][16584][gc           ] GC(71) Pause Young (Concurrent Start) (G1 Humongous Allocation) 464M->252M(1024M) 6.287ms
[2020-09-30T09:17:09.958+0000][16584][gc,cpu       ] GC(71) User=0.00s Sys=0.00s Real=0.01s
[2020-09-30T09:17:09.958+0000][16584][gc           ] GC(72) Concurrent Cycle
[2020-09-30T09:17:09.958+0000][16584][safepoint    ] Safepoint "G1TryInitiateConcMark", Time since last: 2693100 ns, Reaching safepoint: 176900 ns, At safepoint: 6540700 ns, Total: 6717600 ns
[2020-09-30T09:17:09.958+0000][16584][gc,marking   ] GC(72) Concurrent Clear Claimed Marks
[2020-09-30T09:17:09.959+0000][16584][gc,marking   ] GC(72) Concurrent Clear Claimed Marks 0.440ms
[2020-09-30T09:17:09.959+0000][16584][gc,marking   ] GC(72) Concurrent Scan Root Regions
[2020-09-30T09:17:09.962+0000][16584][gc,marking   ] GC(72) Concurrent Scan Root Regions 3.218ms
[2020-09-30T09:17:09.962+0000][16584][gc,marking   ] GC(72) Concurrent Mark (123.819s)
[2020-09-30T09:17:09.962+0000][16584][gc,marking   ] GC(72) Concurrent Mark From Roots
[2020-09-30T09:17:09.962+0000][16584][gc,task      ] GC(72) Using 2 workers of 2 for marking
[2020-09-30T09:17:10.121+0000][16584][gc,marking   ] GC(72) Concurrent Mark From Roots 158.749ms
[2020-09-30T09:17:10.121+0000][16584][gc,marking   ] GC(72) Concurrent Preclean
[2020-09-30T09:17:10.122+0000][16584][gc,marking   ] GC(72) Concurrent Preclean 1.032ms
[2020-09-30T09:17:10.122+0000][16584][gc,marking   ] GC(72) Concurrent Mark (123.819s, 123.979s) 159.974ms
[2020-09-30T09:17:10.123+0000][16584][gc,start     ] GC(72) Pause Remark
[2020-09-30T09:17:10.128+0000][16584][gc           ] GC(72) Pause Remark 393M->393M(1024M) 5.811ms
[2020-09-30T09:17:10.129+0000][16584][gc,cpu       ] GC(72) User=0.05s Sys=0.00s Real=0.01s
[2020-09-30T09:17:10.129+0000][16584][safepoint    ] Safepoint "G1Concurrent", Time since last: 163994500 ns, Reaching safepoint: 176500 ns, At safepoint: 6248500 ns, Total: 6425000 ns
[2020-09-30T09:17:10.129+0000][16584][gc,marking   ] GC(72) Concurrent Rebuild Remembered Sets
[2020-09-30T09:17:10.233+0000][16584][gc,marking   ] GC(72) Concurrent Rebuild Remembered Sets 103.675ms
[2020-09-30T09:17:10.233+0000][16584][gc,start     ] GC(72) Pause Cleanup
[2020-09-30T09:17:10.233+0000][16584][gc           ] GC(72) Pause Cleanup 464M->464M(1024M) 0.357ms
[2020-09-30T09:17:10.233+0000][16584][gc,cpu       ] GC(72) User=0.00s Sys=0.00s Real=0.00s
[2020-09-30T09:17:10.233+0000][16584][safepoint    ] Safepoint "G1Concurrent", Time since last: 103917800 ns, Reaching safepoint: 137700 ns, At safepoint: 578800 ns, Total: 716500 ns
[2020-09-30T09:17:10.234+0000][16584][gc,marking   ] GC(72) Concurrent Cleanup for Next Mark
[2020-09-30T09:17:10.236+0000][16584][gc,marking   ] GC(72) Concurrent Cleanup for Next Mark 2.078ms
[2020-09-30T09:17:10.236+0000][16584][gc           ] GC(72) Concurrent Cycle 277.410ms
[2020-09-30T09:17:10.240+0000][16584][gc,start     ] GC(73) Pause Young (Concurrent Start) (G1 Humongous Allocation)
[2020-09-30T09:17:10.240+0000][16584][gc,task      ] GC(73) Using 8 workers of 8 for evacuation
[2020-09-30T09:17:10.240+0000][16584][gc,age       ] GC(73) Desired survivor size 33554432 bytes, new threshold 15 (max threshold 15)
[2020-09-30T09:17:10.246+0000][16584][gc,age       ] GC(73) Age table with threshold 15 (max threshold 15)
[2020-09-30T09:17:10.246+0000][16584][gc,age       ] GC(73) - age   1:    3305976 bytes,    3305976 total
[2020-09-30T09:17:10.246+0000][16584][gc,age       ] GC(73) - age   2:     414400 bytes,    3720376 total
[2020-09-30T09:17:10.246+0000][16584][gc,age       ] GC(73) - age   3:     206760 bytes,    3927136 total
[2020-09-30T09:17:10.246+0000][16584][gc,age       ] GC(73) - age   4:     408184 bytes,    4335320 total
[2020-09-30T09:17:10.246+0000][16584][gc,age       ] GC(73) - age   5:     205552 bytes,    4540872 total
[2020-09-30T09:17:10.246+0000][16584][gc,age       ] GC(73) - age   6:     203816 bytes,    4744688 total
[2020-09-30T09:17:10.246+0000][16584][gc,age       ] GC(73) - age   7:     205008 bytes,    4949696 total
[2020-09-30T09:17:10.246+0000][16584][gc,age       ] GC(73) - age   8:     170376 bytes,    5120072 total
[2020-09-30T09:17:10.246+0000][16584][gc,age       ] GC(73) - age   9:       3016 bytes,    5123088 total
[2020-09-30T09:17:10.246+0000][16584][gc,age       ] GC(73) - age  10:       1688 bytes,    5124776 total
[2020-09-30T09:17:10.247+0000][16584][gc,age       ] GC(73) - age  11:       1448 bytes,    5126224 total
[2020-09-30T09:17:10.247+0000][16584][gc,age       ] GC(73) - age  12:       3912 bytes,    5130136 total
[2020-09-30T09:17:10.247+0000][16584][gc,age       ] GC(73) - age  13:      32008 bytes,    5162144 total
[2020-09-30T09:17:10.247+0000][16584][gc,age       ] GC(73) - age  14:      20712 bytes,    5182856 total
[2020-09-30T09:17:10.247+0000][16584][gc,age       ] GC(73) - age  15:      29368 bytes,    5212224 total
[2020-09-30T09:17:10.247+0000][16584][gc,phases    ] GC(73)   Pre Evacuate Collection Set: 1.1ms
[2020-09-30T09:17:10.247+0000][16584][gc,phases    ] GC(73)   Merge Heap Roots: 0.1ms
[2020-09-30T09:17:10.247+0000][16584][gc,phases    ] GC(73)   Evacuate Collection Set: 3.4ms
[2020-09-30T09:17:10.247+0000][16584][gc,phases    ] GC(73)   Post Evacuate Collection Set: 1.1ms
[2020-09-30T09:17:10.247+0000][16584][gc,phases    ] GC(73)   Other: 1.4ms
[2020-09-30T09:17:10.247+0000][16584][gc,heap      ] GC(73) Eden regions: 65->0(503)
[2020-09-30T09:17:10.247+0000][16584][gc,heap      ] GC(73) Survivor regions: 5->5(64)
[2020-09-30T09:17:10.247+0000][16584][gc,heap      ] GC(73) Old regions: 75->75
[2020-09-30T09:17:10.247+0000][16584][gc,heap      ] GC(73) Archive regions: 0->0
[2020-09-30T09:17:10.247+0000][16584][gc,heap      ] GC(73) Humongous regions: 324->174
[2020-09-30T09:17:10.247+0000][16584][gc,metaspace ] GC(73) Metaspace: 83440K(89728K)->83440K(89728K) NonClass: 72484K(76288K)->72484K(76288K) Class: 10956K(13440K)->10956K(13440K)
[2020-09-30T09:17:10.247+0000][16584][gc           ] GC(73) Pause Young (Concurrent Start) (G1 Humongous Allocation) 466M->253M(1024M) 7.608ms
[2020-09-30T09:17:10.248+0000][16584][gc,cpu       ] GC(73) User=0.00s Sys=0.00s Real=0.01s
[2020-09-30T09:17:10.248+0000][16584][gc           ] GC(74) Concurrent Cycle
[2020-09-30T09:17:10.248+0000][16584][safepoint    ] Safepoint "G1TryInitiateConcMark", Time since last: 6096900 ns, Reaching safepoint: 182100 ns, At safepoint: 7946000 ns, Total: 8128100 ns
[2020-09-30T09:17:10.248+0000][16584][gc,marking   ] GC(74) Concurrent Clear Claimed Marks
[2020-09-30T09:17:10.248+0000][16584][gc,marking   ] GC(74) Concurrent Clear Claimed Marks 0.607ms
[2020-09-30T09:17:10.248+0000][16584][gc,marking   ] GC(74) Concurrent Scan Root Regions
[2020-09-30T09:17:10.253+0000][16584][gc,marking   ] GC(74) Concurrent Scan Root Regions 4.253ms
[2020-09-30T09:17:10.253+0000][16584][gc,marking   ] GC(74) Concurrent Mark (124.110s)
[2020-09-30T09:17:10.253+0000][16584][gc,marking   ] GC(74) Concurrent Mark From Roots
[2020-09-30T09:17:10.253+0000][16584][gc,task      ] GC(74) Using 2 workers of 2 for marking
[2020-09-30T09:17:10.423+0000][16584][gc,marking   ] GC(74) Concurrent Mark From Roots 170.206ms
[2020-09-30T09:17:10.423+0000][16584][gc,marking   ] GC(74) Concurrent Preclean
[2020-09-30T09:17:10.423+0000][16584][gc,marking   ] GC(74) Concurrent Preclean 0.534ms
[2020-09-30T09:17:10.423+0000][16584][gc,marking   ] GC(74) Concurrent Mark (124.110s, 124.281s) 171.003ms
[2020-09-30T09:17:10.424+0000][16584][gc,start     ] GC(74) Pause Remark
[2020-09-30T09:17:10.429+0000][16584][gc           ] GC(74) Pause Remark 321M->321M(1024M) 5.267ms
[2020-09-30T09:17:10.429+0000][16584][gc,cpu       ] GC(74) User=0.00s Sys=0.00s Real=0.00s
[2020-09-30T09:17:10.429+0000][16584][safepoint    ] Safepoint "G1Concurrent", Time since last: 176230700 ns, Reaching safepoint: 232000 ns, At safepoint: 5529200 ns, Total: 5761200 ns
[2020-09-30T09:17:10.429+0000][16584][gc,marking   ] GC(74) Concurrent Rebuild Remembered Sets
[2020-09-30T09:17:10.522+0000][16584][gc,marking   ] GC(74) Concurrent Rebuild Remembered Sets 92.868ms
[2020-09-30T09:17:10.522+0000][16584][gc,start     ] GC(74) Pause Cleanup
[2020-09-30T09:17:10.523+0000][16584][gc           ] GC(74) Pause Cleanup 321M->321M(1024M) 0.389ms
[2020-09-30T09:17:10.523+0000][16584][gc,cpu       ] GC(74) User=0.00s Sys=0.00s Real=0.00s
[2020-09-30T09:17:10.523+0000][16584][safepoint    ] Safepoint "G1Concurrent", Time since last: 93111800 ns, Reaching safepoint: 177200 ns, At safepoint: 662500 ns, Total: 839700 ns
[2020-09-30T09:17:10.523+0000][16584][gc,marking   ] GC(74) Concurrent Cleanup for Next Mark
[2020-09-30T09:17:10.525+0000][16584][gc,marking   ] GC(74) Concurrent Cleanup for Next Mark 1.962ms
[2020-09-30T09:17:10.525+0000][16584][gc           ] GC(74) Concurrent Cycle 278.152ms
[2020-09-30T09:17:10.551+0000][16584][safepoint    ] Safepoint "BulkRevokeBias", Time since last: 26638900 ns, Reaching safepoint: 208800 ns, At safepoint: 1383600 ns, Total: 1592400 ns
[2020-09-30T09:17:10.636+0000][16584][safepoint    ] Safepoint "BulkRevokeBias", Time since last: 83170300 ns, Reaching safepoint: 264800 ns, At safepoint: 1568100 ns, Total: 1832900 ns
[2020-09-30T09:17:10.742+0000][16584][safepoint    ] Safepoint "BulkRevokeBias", Time since last: 101826800 ns, Reaching safepoint: 164600 ns, At safepoint: 4101400 ns, Total: 4266000 ns
[2020-09-30T09:17:11.761+0000][16584][safepoint    ] Safepoint "Cleanup", Time since last: 1017713300 ns, Reaching safepoint: 261700 ns, At safepoint: 7400 ns, Total: 269100 ns
[2020-09-30T09:17:13.762+0000][16584][safepoint    ] Safepoint "Cleanup", Time since last: 2000470400 ns, Reaching safepoint: 193200 ns, At safepoint: 9900 ns, Total: 203100 ns
[2020-09-30T09:17:14.177+0000][16584][gc,start     ] GC(75) Pause Young (Concurrent Start) (G1 Humongous Allocation)
[2020-09-30T09:17:14.177+0000][16584][gc,task      ] GC(75) Using 8 workers of 8 for evacuation
[2020-09-30T09:17:14.177+0000][16584][gc,age       ] GC(75) Desired survivor size 33554432 bytes, new threshold 15 (max threshold 15)
[2020-09-30T09:17:14.182+0000][16584][gc,age       ] GC(75) Age table with threshold 15 (max threshold 15)
[2020-09-30T09:17:14.182+0000][16584][gc,age       ] GC(75) - age   1:    8783112 bytes,    8783112 total
[2020-09-30T09:17:14.182+0000][16584][gc,age       ] GC(75) - age   2:       2672 bytes,    8785784 total
[2020-09-30T09:17:14.182+0000][16584][gc,age       ] GC(75) - age   3:       1448 bytes,    8787232 total
[2020-09-30T09:17:14.182+0000][16584][gc,age       ] GC(75) - age   4:       2840 bytes,    8790072 total
[2020-09-30T09:17:14.182+0000][16584][gc,age       ] GC(75) - age   5:       1872 bytes,    8791944 total
[2020-09-30T09:17:14.182+0000][16584][gc,age       ] GC(75) - age   6:        920 bytes,    8792864 total
[2020-09-30T09:17:14.182+0000][16584][gc,age       ] GC(75) - age   7:       1136 bytes,    8794000 total
[2020-09-30T09:17:14.182+0000][16584][gc,age       ] GC(75) - age   8:       3064 bytes,    8797064 total
[2020-09-30T09:17:14.182+0000][16584][gc,age       ] GC(75) - age   9:     119576 bytes,    8916640 total
[2020-09-30T09:17:14.182+0000][16584][gc,age       ] GC(75) - age  10:       3016 bytes,    8919656 total
[2020-09-30T09:17:14.182+0000][16584][gc,age       ] GC(75) - age  11:       1688 bytes,    8921344 total
[2020-09-30T09:17:14.182+0000][16584][gc,age       ] GC(75) - age  12:       1320 bytes,    8922664 total
[2020-09-30T09:17:14.182+0000][16584][gc,age       ] GC(75) - age  13:       3912 bytes,    8926576 total
[2020-09-30T09:17:14.182+0000][16584][gc,age       ] GC(75) - age  14:      32008 bytes,    8958584 total
[2020-09-30T09:17:14.182+0000][16584][gc,age       ] GC(75) - age  15:      20608 bytes,    8979192 total
[2020-09-30T09:17:14.182+0000][16584][gc,phases    ] GC(75)   Pre Evacuate Collection Set: 0.4ms
[2020-09-30T09:17:14.182+0000][16584][gc,phases    ] GC(75)   Merge Heap Roots: 0.1ms
[2020-09-30T09:17:14.182+0000][16584][gc,phases    ] GC(75)   Evacuate Collection Set: 3.8ms
[2020-09-30T09:17:14.182+0000][16584][gc,phases    ] GC(75)   Post Evacuate Collection Set: 0.8ms
[2020-09-30T09:17:14.182+0000][16584][gc,phases    ] GC(75)   Other: 0.8ms
[2020-09-30T09:17:14.182+0000][16584][gc,heap      ] GC(75) Eden regions: 56->0(494)
[2020-09-30T09:17:14.182+0000][16584][gc,heap      ] GC(75) Survivor regions: 5->9(64)
[2020-09-30T09:17:14.182+0000][16584][gc,heap      ] GC(75) Old regions: 75->75
[2020-09-30T09:17:14.182+0000][16584][gc,heap      ] GC(75) Archive regions: 0->0
[2020-09-30T09:17:14.182+0000][16584][gc,heap      ] GC(75) Humongous regions: 232->174
[2020-09-30T09:17:14.182+0000][16584][gc,metaspace ] GC(75) Metaspace: 84345K(90368K)->84345K(90368K) NonClass: 73226K(76800K)->73226K(76800K) Class: 11119K(13568K)->11119K(13568K)
[2020-09-30T09:17:14.182+0000][16584][gc           ] GC(75) Pause Young (Concurrent Start) (G1 Humongous Allocation) 366M->257M(1024M) 5.985ms
[2020-09-30T09:17:14.183+0000][16584][gc,cpu       ] GC(75) User=0.00s Sys=0.00s Real=0.01s
[2020-09-30T09:17:14.183+0000][16584][gc           ] GC(76) Concurrent Cycle
[2020-09-30T09:17:14.183+0000][16584][gc,marking   ] GC(76) Concurrent Clear Claimed Marks
[2020-09-30T09:17:14.183+0000][16584][safepoint    ] Safepoint "G1TryInitiateConcMark", Time since last: 414507100 ns, Reaching safepoint: 245600 ns, At safepoint: 6318100 ns, Total: 6563700 ns
[2020-09-30T09:17:14.183+0000][16584][gc,marking   ] GC(76) Concurrent Clear Claimed Marks 0.316ms
[2020-09-30T09:17:14.183+0000][16584][gc,marking   ] GC(76) Concurrent Scan Root Regions
[2020-09-30T09:17:14.187+0000][16584][gc,marking   ] GC(76) Concurrent Scan Root Regions 4.097ms
[2020-09-30T09:17:14.187+0000][16584][gc,marking   ] GC(76) Concurrent Mark (128.044s)
[2020-09-30T09:17:14.187+0000][16584][gc,marking   ] GC(76) Concurrent Mark From Roots
[2020-09-30T09:17:14.187+0000][16584][gc,task      ] GC(76) Using 2 workers of 2 for marking
[2020-09-30T09:17:14.332+0000][16584][gc,marking   ] GC(76) Concurrent Mark From Roots 144.862ms
[2020-09-30T09:17:14.332+0000][16584][gc,marking   ] GC(76) Concurrent Preclean
[2020-09-30T09:17:14.333+0000][16584][gc,marking   ] GC(76) Concurrent Preclean 0.497ms
[2020-09-30T09:17:14.333+0000][16584][gc,marking   ] GC(76) Concurrent Mark (128.044s, 128.189s) 145.500ms
[2020-09-30T09:17:14.333+0000][16584][gc,start     ] GC(76) Pause Remark
[2020-09-30T09:17:14.338+0000][16584][gc           ] GC(76) Pause Remark 590M->590M(1024M) 5.013ms
[2020-09-30T09:17:14.338+0000][16584][gc,cpu       ] GC(76) User=0.00s Sys=0.00s Real=0.01s
[2020-09-30T09:17:14.338+0000][16584][safepoint    ] Safepoint "G1Concurrent", Time since last: 150023500 ns, Reaching safepoint: 142700 ns, At safepoint: 5237900 ns, Total: 5380600 ns
[2020-09-30T09:17:14.338+0000][16584][gc,marking   ] GC(76) Concurrent Rebuild Remembered Sets
[2020-09-30T09:17:14.414+0000][16584][gc,marking   ] GC(76) Concurrent Rebuild Remembered Sets 75.954ms
[2020-09-30T09:17:14.415+0000][16584][gc,start     ] GC(76) Pause Cleanup
[2020-09-30T09:17:14.415+0000][16584][gc           ] GC(76) Pause Cleanup 718M->718M(1024M) 0.306ms
[2020-09-30T09:17:14.415+0000][16584][gc,cpu       ] GC(76) User=0.00s Sys=0.00s Real=0.00s
[2020-09-30T09:17:14.415+0000][16584][safepoint    ] Safepoint "G1Concurrent", Time since last: 76127900 ns, Reaching safepoint: 452500 ns, At safepoint: 484600 ns, Total: 937100 ns
[2020-09-30T09:17:14.415+0000][16584][gc,marking   ] GC(76) Concurrent Cleanup for Next Mark
[2020-09-30T09:17:14.417+0000][16584][gc,marking   ] GC(76) Concurrent Cleanup for Next Mark 1.834ms
[2020-09-30T09:17:14.417+0000][16584][gc           ] GC(76) Concurrent Cycle 234.647ms
[2020-09-30T09:17:14.897+0000][16584][gc,start     ] GC(77) Pause Young (Concurrent Start) (G1 Humongous Allocation)
[2020-09-30T09:17:14.897+0000][16584][gc,task      ] GC(77) Using 8 workers of 8 for evacuation
[2020-09-30T09:17:14.897+0000][16584][gc,age       ] GC(77) Desired survivor size 33030144 bytes, new threshold 15 (max threshold 15)
[2020-09-30T09:17:14.902+0000][16584][gc,age       ] GC(77) Age table with threshold 15 (max threshold 15)
[2020-09-30T09:17:14.902+0000][16584][gc,age       ] GC(77) - age   1:    2901568 bytes,    2901568 total
[2020-09-30T09:17:14.902+0000][16584][gc,age       ] GC(77) - age   2:     651776 bytes,    3553344 total
[2020-09-30T09:17:14.902+0000][16584][gc,age       ] GC(77) - age   3:       2384 bytes,    3555728 total
[2020-09-30T09:17:14.902+0000][16584][gc,age       ] GC(77) - age   4:       1288 bytes,    3557016 total
[2020-09-30T09:17:14.902+0000][16584][gc,age       ] GC(77) - age   5:       2808 bytes,    3559824 total
[2020-09-30T09:17:14.902+0000][16584][gc,age       ] GC(77) - age   6:       1136 bytes,    3560960 total
[2020-09-30T09:17:14.902+0000][16584][gc,age       ] GC(77) - age   7:        856 bytes,    3561816 total
[2020-09-30T09:17:14.902+0000][16584][gc,age       ] GC(77) - age   8:        976 bytes,    3562792 total
[2020-09-30T09:17:14.902+0000][16584][gc,age       ] GC(77) - age   9:       2936 bytes,    3565728 total
[2020-09-30T09:17:14.902+0000][16584][gc,age       ] GC(77) - age  10:     119088 bytes,    3684816 total
[2020-09-30T09:17:14.902+0000][16584][gc,age       ] GC(77) - age  11:       2984 bytes,    3687800 total
[2020-09-30T09:17:14.902+0000][16584][gc,age       ] GC(77) - age  12:       1688 bytes,    3689488 total
[2020-09-30T09:17:14.902+0000][16584][gc,age       ] GC(77) - age  13:       1224 bytes,    3690712 total
[2020-09-30T09:17:14.902+0000][16584][gc,age       ] GC(77) - age  14:       3848 bytes,    3694560 total
[2020-09-30T09:17:14.902+0000][16584][gc,age       ] GC(77) - age  15:      32008 bytes,    3726568 total
[2020-09-30T09:17:14.902+0000][16584][gc,phases    ] GC(77)   Pre Evacuate Collection Set: 0.4ms
[2020-09-30T09:17:14.902+0000][16584][gc,phases    ] GC(77)   Merge Heap Roots: 0.1ms
[2020-09-30T09:17:14.902+0000][16584][gc,phases    ] GC(77)   Evacuate Collection Set: 2.8ms
[2020-09-30T09:17:14.903+0000][16584][gc,phases    ] GC(77)   Post Evacuate Collection Set: 1.1ms
[2020-09-30T09:17:14.903+0000][16584][gc,phases    ] GC(77)   Other: 1.0ms
[2020-09-30T09:17:14.903+0000][16584][gc,heap      ] GC(77) Eden regions: 134->0(501)
[2020-09-30T09:17:14.903+0000][16584][gc,heap      ] GC(77) Survivor regions: 9->4(63)
[2020-09-30T09:17:14.903+0000][16584][gc,heap      ] GC(77) Old regions: 75->75
[2020-09-30T09:17:14.903+0000][16584][gc,heap      ] GC(77) Archive regions: 0->0
[2020-09-30T09:17:14.903+0000][16584][gc,heap      ] GC(77) Humongous regions: 522->174
[2020-09-30T09:17:14.903+0000][16584][gc,metaspace ] GC(77) Metaspace: 84888K(90624K)->84888K(90624K) NonClass: 73691K(77056K)->73691K(77056K) Class: 11196K(13568K)->11196K(13568K)
[2020-09-30T09:17:14.903+0000][16584][gc           ] GC(77) Pause Young (Concurrent Start) (G1 Humongous Allocation) 738M->252M(1024M) 5.861ms
[2020-09-30T09:17:14.903+0000][16584][gc,cpu       ] GC(77) User=0.00s Sys=0.00s Real=0.01s
[2020-09-30T09:17:14.903+0000][16584][safepoint    ] Safepoint "G1TryInitiateConcMark", Time since last: 481609100 ns, Reaching safepoint: 207700 ns, At safepoint: 6057100 ns, Total: 6264800 ns
[2020-09-30T09:17:14.903+0000][16584][gc           ] GC(78) Concurrent Cycle
[2020-09-30T09:17:14.903+0000][16584][gc,marking   ] GC(78) Concurrent Clear Claimed Marks
[2020-09-30T09:17:14.904+0000][16584][gc,marking   ] GC(78) Concurrent Clear Claimed Marks 0.537ms
[2020-09-30T09:17:14.904+0000][16584][gc,marking   ] GC(78) Concurrent Scan Root Regions
[2020-09-30T09:17:14.907+0000][16584][gc,marking   ] GC(78) Concurrent Scan Root Regions 2.740ms
[2020-09-30T09:17:14.907+0000][16584][gc,marking   ] GC(78) Concurrent Mark (128.764s)
[2020-09-30T09:17:14.907+0000][16584][gc,marking   ] GC(78) Concurrent Mark From Roots
[2020-09-30T09:17:14.907+0000][16584][gc,task      ] GC(78) Using 2 workers of 2 for marking
[2020-09-30T09:17:15.056+0000][16584][gc,marking   ] GC(78) Concurrent Mark From Roots 149.004ms
[2020-09-30T09:17:15.056+0000][16584][gc,marking   ] GC(78) Concurrent Preclean
[2020-09-30T09:17:15.056+0000][16584][gc,marking   ] GC(78) Concurrent Preclean 0.548ms
[2020-09-30T09:17:15.057+0000][16584][gc,marking   ] GC(78) Concurrent Mark (128.764s, 128.913s) 149.814ms
[2020-09-30T09:17:15.057+0000][16584][gc,start     ] GC(78) Pause Remark
[2020-09-30T09:17:15.062+0000][16584][gc           ] GC(78) Pause Remark 387M->387M(1024M) 5.057ms
[2020-09-30T09:17:15.062+0000][16584][gc,cpu       ] GC(78) User=0.11s Sys=0.00s Real=0.01s
[2020-09-30T09:17:15.062+0000][16584][safepoint    ] Safepoint "G1Concurrent", Time since last: 153605900 ns, Reaching safepoint: 231000 ns, At safepoint: 5280600 ns, Total: 5511600 ns
[2020-09-30T09:17:15.062+0000][16584][gc,marking   ] GC(78) Concurrent Rebuild Remembered Sets
[2020-09-30T09:17:15.132+0000][16584][gc,marking   ] GC(78) Concurrent Rebuild Remembered Sets 70.426ms
[2020-09-30T09:17:15.133+0000][16584][gc,start     ] GC(78) Pause Cleanup
[2020-09-30T09:17:15.133+0000][16584][gc           ] GC(78) Pause Cleanup 387M->387M(1024M) 0.277ms
[2020-09-30T09:17:15.133+0000][16584][gc,cpu       ] GC(78) User=0.00s Sys=0.00s Real=0.00s
[2020-09-30T09:17:15.133+0000][16584][safepoint    ] Safepoint "G1Concurrent", Time since last: 70588600 ns, Reaching safepoint: 520400 ns, At safepoint: 419900 ns, Total: 940300 ns
[2020-09-30T09:17:15.133+0000][16584][gc,marking   ] GC(78) Concurrent Cleanup for Next Mark
[2020-09-30T09:17:15.135+0000][16584][gc,marking   ] GC(78) Concurrent Cleanup for Next Mark 1.644ms
[2020-09-30T09:17:15.135+0000][16584][gc           ] GC(78) Concurrent Cycle 232.517ms
[2020-09-30T09:17:15.173+0000][16584][gc,start     ] GC(79) Pause Young (Concurrent Start) (G1 Humongous Allocation)
[2020-09-30T09:17:15.173+0000][16584][gc,task      ] GC(79) Using 8 workers of 8 for evacuation
[2020-09-30T09:17:15.173+0000][16584][gc,age       ] GC(79) Desired survivor size 33554432 bytes, new threshold 15 (max threshold 15)
[2020-09-30T09:17:15.178+0000][16584][gc,age       ] GC(79) Age table with threshold 15 (max threshold 15)
[2020-09-30T09:17:15.179+0000][16584][gc,age       ] GC(79) - age   1:   13641144 bytes,   13641144 total
[2020-09-30T09:17:15.179+0000][16584][gc,age       ] GC(79) - age   2:     217112 bytes,   13858256 total
[2020-09-30T09:17:15.179+0000][16584][gc,age       ] GC(79) - age   3:     650824 bytes,   14509080 total
[2020-09-30T09:17:15.179+0000][16584][gc,age       ] GC(79) - age   4:       2352 bytes,   14511432 total
[2020-09-30T09:17:15.179+0000][16584][gc,age       ] GC(79) - age   5:       1288 bytes,   14512720 total
[2020-09-30T09:17:15.179+0000][16584][gc,age       ] GC(79) - age   6:       2808 bytes,   14515528 total
[2020-09-30T09:17:15.179+0000][16584][gc,age       ] GC(79) - age   7:       1040 bytes,   14516568 total
[2020-09-30T09:17:15.179+0000][16584][gc,age       ] GC(79) - age   8:        824 bytes,   14517392 total
[2020-09-30T09:17:15.179+0000][16584][gc,age       ] GC(79) - age   9:        944 bytes,   14518336 total
[2020-09-30T09:17:15.179+0000][16584][gc,age       ] GC(79) - age  10:       2936 bytes,   14521272 total
[2020-09-30T09:17:15.179+0000][16584][gc,age       ] GC(79) - age  11:     119088 bytes,   14640360 total
[2020-09-30T09:17:15.179+0000][16584][gc,age       ] GC(79) - age  12:       2984 bytes,   14643344 total
[2020-09-30T09:17:15.179+0000][16584][gc,age       ] GC(79) - age  13:       1688 bytes,   14645032 total
[2020-09-30T09:17:15.179+0000][16584][gc,age       ] GC(79) - age  14:       1224 bytes,   14646256 total
[2020-09-30T09:17:15.179+0000][16584][gc,age       ] GC(79) - age  15:       3848 bytes,   14650104 total
[2020-09-30T09:17:15.179+0000][16584][gc,phases    ] GC(79)   Pre Evacuate Collection Set: 0.5ms
[2020-09-30T09:17:15.179+0000][16584][gc,phases    ] GC(79)   Merge Heap Roots: 0.1ms
[2020-09-30T09:17:15.179+0000][16584][gc,phases    ] GC(79)   Evacuate Collection Set: 4.1ms
[2020-09-30T09:17:15.179+0000][16584][gc,phases    ] GC(79)   Post Evacuate Collection Set: 0.7ms
[2020-09-30T09:17:15.179+0000][16584][gc,phases    ] GC(79)   Other: 0.7ms
[2020-09-30T09:17:15.179+0000][16584][gc,heap      ] GC(79) Eden regions: 61->0(481)
[2020-09-30T09:17:15.179+0000][16584][gc,heap      ] GC(79) Survivor regions: 4->15(64)
[2020-09-30T09:17:15.179+0000][16584][gc,heap      ] GC(79) Old regions: 75->75
[2020-09-30T09:17:15.179+0000][16584][gc,heap      ] GC(79) Archive regions: 0->0
[2020-09-30T09:17:15.179+0000][16584][gc,heap      ] GC(79) Humongous regions: 274->174
[2020-09-30T09:17:15.179+0000][16584][gc,metaspace ] GC(79) Metaspace: 84895K(90880K)->84895K(90880K) NonClass: 73698K(77312K)->73698K(77312K) Class: 11196K(13568K)->11196K(13568K)
[2020-09-30T09:17:15.179+0000][16584][gc           ] GC(79) Pause Young (Concurrent Start) (G1 Humongous Allocation) 413M->263M(1024M) 6.396ms
[2020-09-30T09:17:15.179+0000][16584][gc,cpu       ] GC(79) User=0.00s Sys=0.00s Real=0.01s
[2020-09-30T09:17:15.179+0000][16584][gc           ] GC(80) Concurrent Cycle
[2020-09-30T09:17:15.179+0000][16584][safepoint    ] Safepoint "G1TryInitiateConcMark", Time since last: 39100900 ns, Reaching safepoint: 544400 ns, At safepoint: 6585900 ns, Total: 7130300 ns
[2020-09-30T09:17:15.179+0000][16584][gc,marking   ] GC(80) Concurrent Clear Claimed Marks
[2020-09-30T09:17:15.180+0000][16584][gc,marking   ] GC(80) Concurrent Clear Claimed Marks 0.742ms
[2020-09-30T09:17:15.180+0000][16584][gc,marking   ] GC(80) Concurrent Scan Root Regions
[2020-09-30T09:17:15.186+0000][16584][gc,marking   ] GC(80) Concurrent Scan Root Regions 5.493ms
[2020-09-30T09:17:15.186+0000][16584][gc,marking   ] GC(80) Concurrent Mark (129.043s)
[2020-09-30T09:17:15.186+0000][16584][gc,marking   ] GC(80) Concurrent Mark From Roots
[2020-09-30T09:17:15.186+0000][16584][gc,task      ] GC(80) Using 2 workers of 2 for marking
[2020-09-30T09:17:15.270+0000][16584][safepoint    ] Safepoint "BulkRevokeBias", Time since last: 88632600 ns, Reaching safepoint: 214000 ns, At safepoint: 1443000 ns, Total: 1657000 ns
[2020-09-30T09:17:15.360+0000][16584][gc,marking   ] GC(80) Concurrent Mark From Roots 174.364ms
[2020-09-30T09:17:15.360+0000][16584][gc,marking   ] GC(80) Concurrent Preclean
[2020-09-30T09:17:15.361+0000][16584][gc,marking   ] GC(80) Concurrent Preclean 0.567ms
[2020-09-30T09:17:15.361+0000][16584][gc,marking   ] GC(80) Concurrent Mark (129.043s, 129.218s) 175.124ms
[2020-09-30T09:17:15.361+0000][16584][gc,start     ] GC(80) Pause Remark
[2020-09-30T09:17:15.366+0000][16584][gc           ] GC(80) Pause Remark 599M->599M(1024M) 4.981ms
[2020-09-30T09:17:15.367+0000][16584][gc,cpu       ] GC(80) User=0.00s Sys=0.00s Real=0.00s
[2020-09-30T09:17:15.367+0000][16584][safepoint    ] Safepoint "G1Concurrent", Time since last: 91518700 ns, Reaching safepoint: 204300 ns, At safepoint: 5253900 ns, Total: 5458200 ns
[2020-09-30T09:17:15.367+0000][16584][gc,marking   ] GC(80) Concurrent Rebuild Remembered Sets
[2020-09-30T09:17:15.470+0000][16584][gc,marking   ] GC(80) Concurrent Rebuild Remembered Sets 103.199ms
[2020-09-30T09:17:15.471+0000][16584][gc,start     ] GC(80) Pause Cleanup
[2020-09-30T09:17:15.471+0000][16584][gc           ] GC(80) Pause Cleanup 672M->672M(1024M) 0.368ms
[2020-09-30T09:17:15.471+0000][16584][gc,cpu       ] GC(80) User=0.00s Sys=0.00s Real=0.00s
[2020-09-30T09:17:15.471+0000][16584][safepoint    ] Safepoint "G1Concurrent", Time since last: 103417500 ns, Reaching safepoint: 199400 ns, At safepoint: 568600 ns, Total: 768000 ns
[2020-09-30T09:17:15.471+0000][16584][gc,marking   ] GC(80) Concurrent Cleanup for Next Mark
[2020-09-30T09:17:15.473+0000][16584][gc,marking   ] GC(80) Concurrent Cleanup for Next Mark 1.940ms
[2020-09-30T09:17:15.473+0000][16584][gc           ] GC(80) Concurrent Cycle 293.626ms
[2020-09-30T09:17:15.477+0000][16584][gc,start     ] GC(81) Pause Young (Concurrent Start) (G1 Humongous Allocation)
[2020-09-30T09:17:15.477+0000][16584][gc,task      ] GC(81) Using 8 workers of 8 for evacuation
[2020-09-30T09:17:15.477+0000][16584][gc,age       ] GC(81) Desired survivor size 32505856 bytes, new threshold 15 (max threshold 15)
[2020-09-30T09:17:15.482+0000][16584][gc,age       ] GC(81) Age table with threshold 15 (max threshold 15)
[2020-09-30T09:17:15.482+0000][16584][gc,age       ] GC(81) - age   1:    3138640 bytes,    3138640 total
[2020-09-30T09:17:15.482+0000][16584][gc,age       ] GC(81) - age   2:       3880 bytes,    3142520 total
[2020-09-30T09:17:15.483+0000][16584][gc,age       ] GC(81) - age   3:     206648 bytes,    3349168 total
[2020-09-30T09:17:15.483+0000][16584][gc,age       ] GC(81) - age   4:     650824 bytes,    3999992 total
[2020-09-30T09:17:15.483+0000][16584][gc,age       ] GC(81) - age   5:       2192 bytes,    4002184 total
[2020-09-30T09:17:15.483+0000][16584][gc,age       ] GC(81) - age   6:       1288 bytes,    4003472 total
[2020-09-30T09:17:15.483+0000][16584][gc,age       ] GC(81) - age   7:       2680 bytes,    4006152 total
[2020-09-30T09:17:15.483+0000][16584][gc,age       ] GC(81) - age   8:        816 bytes,    4006968 total
[2020-09-30T09:17:15.483+0000][16584][gc,age       ] GC(81) - age   9:        792 bytes,    4007760 total
[2020-09-30T09:17:15.483+0000][16584][gc,age       ] GC(81) - age  10:        752 bytes,    4008512 total
[2020-09-30T09:17:15.483+0000][16584][gc,age       ] GC(81) - age  11:       2936 bytes,    4011448 total
[2020-09-30T09:17:15.483+0000][16584][gc,age       ] GC(81) - age  12:     119088 bytes,    4130536 total
[2020-09-30T09:17:15.483+0000][16584][gc,age       ] GC(81) - age  13:       2984 bytes,    4133520 total
[2020-09-30T09:17:15.483+0000][16584][gc,age       ] GC(81) - age  14:       1656 bytes,    4135176 total
[2020-09-30T09:17:15.483+0000][16584][gc,age       ] GC(81) - age  15:       1128 bytes,    4136304 total
[2020-09-30T09:17:15.483+0000][16584][gc,phases    ] GC(81)   Pre Evacuate Collection Set: 0.5ms
[2020-09-30T09:17:15.483+0000][16584][gc,phases    ] GC(81)   Merge Heap Roots: 0.1ms
[2020-09-30T09:17:15.483+0000][16584][gc,phases    ] GC(81)   Evacuate Collection Set: 3.1ms
[2020-09-30T09:17:15.483+0000][16584][gc,phases    ] GC(81)   Post Evacuate Collection Set: 1.1ms
[2020-09-30T09:17:15.483+0000][16584][gc,phases    ] GC(81)   Other: 1.1ms
[2020-09-30T09:17:15.483+0000][16584][gc,heap      ] GC(81) Eden regions: 104->0(494)
[2020-09-30T09:17:15.483+0000][16584][gc,heap      ] GC(81) Survivor regions: 15->5(62)
[2020-09-30T09:17:15.483+0000][16584][gc,heap      ] GC(81) Old regions: 75->75
[2020-09-30T09:17:15.483+0000][16584][gc,heap      ] GC(81) Archive regions: 0->0
[2020-09-30T09:17:15.483+0000][16584][gc,heap      ] GC(81) Humongous regions: 480->174
[2020-09-30T09:17:15.483+0000][16584][gc,metaspace ] GC(81) Metaspace: 84976K(90880K)->84976K(90880K) NonClass: 73780K(77312K)->73780K(77312K) Class: 11196K(13568K)->11196K(13568K)
[2020-09-30T09:17:15.483+0000][16584][gc           ] GC(81) Pause Young (Concurrent Start) (G1 Humongous Allocation) 672M->253M(1024M) 6.309ms
[2020-09-30T09:17:15.484+0000][16584][gc,cpu       ] GC(81) User=0.02s Sys=0.02s Real=0.01s
[2020-09-30T09:17:15.484+0000][16584][safepoint    ] Safepoint "G1TryInitiateConcMark", Time since last: 5677300 ns, Reaching safepoint: 165200 ns, At safepoint: 6523100 ns, Total: 6688300 ns
[2020-09-30T09:17:15.484+0000][16584][gc           ] GC(82) Concurrent Cycle
[2020-09-30T09:17:15.484+0000][16584][gc,marking   ] GC(82) Concurrent Clear Claimed Marks
[2020-09-30T09:17:15.484+0000][16584][gc,marking   ] GC(82) Concurrent Clear Claimed Marks 0.473ms
[2020-09-30T09:17:15.484+0000][16584][gc,marking   ] GC(82) Concurrent Scan Root Regions
[2020-09-30T09:17:15.489+0000][16584][gc,marking   ] GC(82) Concurrent Scan Root Regions 4.335ms
[2020-09-30T09:17:15.489+0000][16584][gc,marking   ] GC(82) Concurrent Mark (129.346s)
[2020-09-30T09:17:15.489+0000][16584][gc,marking   ] GC(82) Concurrent Mark From Roots
[2020-09-30T09:17:15.489+0000][16584][gc,task      ] GC(82) Using 2 workers of 2 for marking
[2020-09-30T09:17:15.655+0000][16584][gc,marking   ] GC(82) Concurrent Mark From Roots 166.187ms
[2020-09-30T09:17:15.655+0000][16584][gc,marking   ] GC(82) Concurrent Preclean
[2020-09-30T09:17:15.656+0000][16584][gc,marking   ] GC(82) Concurrent Preclean 0.469ms
[2020-09-30T09:17:15.656+0000][16584][gc,marking   ] GC(82) Concurrent Mark (129.346s, 129.513s) 166.829ms
[2020-09-30T09:17:15.656+0000][16584][gc,start     ] GC(82) Pause Remark
[2020-09-30T09:17:15.661+0000][16584][gc           ] GC(82) Pause Remark 451M->451M(1024M) 5.397ms
[2020-09-30T09:17:15.661+0000][16584][gc,cpu       ] GC(82) User=0.00s Sys=0.00s Real=0.01s
[2020-09-30T09:17:15.662+0000][16584][safepoint    ] Safepoint "G1Concurrent", Time since last: 172025900 ns, Reaching safepoint: 210300 ns, At safepoint: 5677800 ns, Total: 5888100 ns
[2020-09-30T09:17:15.662+0000][16584][gc,marking   ] GC(82) Concurrent Rebuild Remembered Sets
[2020-09-30T09:17:15.761+0000][16584][gc,marking   ] GC(82) Concurrent Rebuild Remembered Sets 99.724ms
[2020-09-30T09:17:15.762+0000][16584][gc,start     ] GC(82) Pause Cleanup
[2020-09-30T09:17:15.762+0000][16584][gc           ] GC(82) Pause Cleanup 525M->525M(1024M) 0.325ms
[2020-09-30T09:17:15.762+0000][16584][gc,cpu       ] GC(82) User=0.00s Sys=0.00s Real=0.00s
[2020-09-30T09:17:15.762+0000][16584][safepoint    ] Safepoint "G1Concurrent", Time since last: 99946200 ns, Reaching safepoint: 205600 ns, At safepoint: 515700 ns, Total: 721300 ns
[2020-09-30T09:17:15.762+0000][16584][gc,marking   ] GC(82) Concurrent Cleanup for Next Mark
[2020-09-30T09:17:15.764+0000][16584][gc,marking   ] GC(82) Concurrent Cleanup for Next Mark 1.884ms
[2020-09-30T09:17:15.764+0000][16584][gc           ] GC(82) Concurrent Cycle 280.683ms
[2020-09-30T09:17:15.795+0000][16584][gc,start     ] GC(83) Pause Young (Concurrent Start) (G1 Humongous Allocation)
[2020-09-30T09:17:15.795+0000][16584][gc,task      ] GC(83) Using 8 workers of 8 for evacuation
[2020-09-30T09:17:15.795+0000][16584][gc,age       ] GC(83) Desired survivor size 33030144 bytes, new threshold 15 (max threshold 15)
[2020-09-30T09:17:15.800+0000][16584][gc,age       ] GC(83) Age table with threshold 15 (max threshold 15)
[2020-09-30T09:17:15.800+0000][16584][gc,age       ] GC(83) - age   1:    3502656 bytes,    3502656 total
[2020-09-30T09:17:15.800+0000][16584][gc,age       ] GC(83) - age   2:      47376 bytes,    3550032 total
[2020-09-30T09:17:15.800+0000][16584][gc,age       ] GC(83) - age   3:       3264 bytes,    3553296 total
[2020-09-30T09:17:15.800+0000][16584][gc,age       ] GC(83) - age   4:     206136 bytes,    3759432 total
[2020-09-30T09:17:15.801+0000][16584][gc,age       ] GC(83) - age   5:     650760 bytes,    4410192 total
[2020-09-30T09:17:15.801+0000][16584][gc,age       ] GC(83) - age   6:       2192 bytes,    4412384 total
[2020-09-30T09:17:15.801+0000][16584][gc,age       ] GC(83) - age   7:       1160 bytes,    4413544 total
[2020-09-30T09:17:15.801+0000][16584][gc,age       ] GC(83) - age   8:       2104 bytes,    4415648 total
[2020-09-30T09:17:15.801+0000][16584][gc,age       ] GC(83) - age   9:        784 bytes,    4416432 total
[2020-09-30T09:17:15.801+0000][16584][gc,age       ] GC(83) - age  10:        728 bytes,    4417160 total
[2020-09-30T09:17:15.801+0000][16584][gc,age       ] GC(83) - age  11:        752 bytes,    4417912 total
[2020-09-30T09:17:15.801+0000][16584][gc,age       ] GC(83) - age  12:       2936 bytes,    4420848 total
[2020-09-30T09:17:15.801+0000][16584][gc,age       ] GC(83) - age  13:     119088 bytes,    4539936 total
[2020-09-30T09:17:15.801+0000][16584][gc,age       ] GC(83) - age  14:       2856 bytes,    4542792 total
[2020-09-30T09:17:15.801+0000][16584][gc,age       ] GC(83) - age  15:       1528 bytes,    4544320 total
[2020-09-30T09:17:15.801+0000][16584][gc,phases    ] GC(83)   Pre Evacuate Collection Set: 0.4ms
[2020-09-30T09:17:15.801+0000][16584][gc,phases    ] GC(83)   Merge Heap Roots: 0.1ms
[2020-09-30T09:17:15.801+0000][16584][gc,phases    ] GC(83)   Evacuate Collection Set: 3.7ms
[2020-09-30T09:17:15.801+0000][16584][gc,phases    ] GC(83)   Post Evacuate Collection Set: 1.1ms
[2020-09-30T09:17:15.801+0000][16584][gc,phases    ] GC(83)   Other: 1.1ms
[2020-09-30T09:17:15.801+0000][16584][gc,heap      ] GC(83) Eden regions: 80->0(496)
[2020-09-30T09:17:15.801+0000][16584][gc,heap      ] GC(83) Survivor regions: 5->5(63)
[2020-09-30T09:17:15.801+0000][16584][gc,heap      ] GC(83) Old regions: 75->75
[2020-09-30T09:17:15.801+0000][16584][gc,heap      ] GC(83) Archive regions: 0->0
[2020-09-30T09:17:15.801+0000][16584][gc,heap      ] GC(83) Humongous regions: 374->174
[2020-09-30T09:17:15.801+0000][16584][gc,metaspace ] GC(83) Metaspace: 85035K(90880K)->85035K(90880K) NonClass: 73839K(77312K)->73839K(77312K) Class: 11196K(13568K)->11196K(13568K)
[2020-09-30T09:17:15.802+0000][16584][gc           ] GC(83) Pause Young (Concurrent Start) (G1 Humongous Allocation) 533M->253M(1024M) 6.864ms
[2020-09-30T09:17:15.802+0000][16584][gc,cpu       ] GC(83) User=0.00s Sys=0.00s Real=0.01s
[2020-09-30T09:17:15.802+0000][16584][safepoint    ] Safepoint "G1TryInitiateConcMark", Time since last: 32199700 ns, Reaching safepoint: 170700 ns, At safepoint: 7240200 ns, Total: 7410900 ns
[2020-09-30T09:17:15.802+0000][16584][gc           ] GC(84) Concurrent Cycle
[2020-09-30T09:17:15.802+0000][16584][gc,marking   ] GC(84) Concurrent Clear Claimed Marks
[2020-09-30T09:17:15.802+0000][16584][gc,marking   ] GC(84) Concurrent Clear Claimed Marks 0.530ms
[2020-09-30T09:17:15.803+0000][16584][gc,marking   ] GC(84) Concurrent Scan Root Regions
[2020-09-30T09:17:15.806+0000][16584][gc,marking   ] GC(84) Concurrent Scan Root Regions 3.875ms
[2020-09-30T09:17:15.807+0000][16584][gc,marking   ] GC(84) Concurrent Mark (129.664s)
[2020-09-30T09:17:15.807+0000][16584][gc,marking   ] GC(84) Concurrent Mark From Roots
[2020-09-30T09:17:15.807+0000][16584][gc,task      ] GC(84) Using 2 workers of 2 for marking
[2020-09-30T09:17:15.985+0000][16584][gc,marking   ] GC(84) Concurrent Mark From Roots 178.304ms
[2020-09-30T09:17:15.985+0000][16584][gc,marking   ] GC(84) Concurrent Preclean
[2020-09-30T09:17:15.986+0000][16584][gc,marking   ] GC(84) Concurrent Preclean 0.602ms
[2020-09-30T09:17:15.986+0000][16584][gc,marking   ] GC(84) Concurrent Mark (129.664s, 129.843s) 179.183ms
[2020-09-30T09:17:15.986+0000][16584][gc,start     ] GC(84) Pause Remark
[2020-09-30T09:17:15.991+0000][16584][gc           ] GC(84) Pause Remark 451M->451M(1024M) 5.338ms
[2020-09-30T09:17:15.992+0000][16584][gc,cpu       ] GC(84) User=0.00s Sys=0.00s Real=0.00s
[2020-09-30T09:17:15.992+0000][16584][safepoint    ] Safepoint "G1Concurrent", Time since last: 184095000 ns, Reaching safepoint: 162600 ns, At safepoint: 5641000 ns, Total: 5803600 ns
[2020-09-30T09:17:15.992+0000][16584][gc,marking   ] GC(84) Concurrent Rebuild Remembered Sets
[2020-09-30T09:17:16.093+0000][16584][gc,marking   ] GC(84) Concurrent Rebuild Remembered Sets 101.289ms
[2020-09-30T09:17:16.093+0000][16584][gc,start     ] GC(84) Pause Cleanup
[2020-09-30T09:17:16.094+0000][16584][gc           ] GC(84) Pause Cleanup 523M->523M(1024M) 0.361ms
[2020-09-30T09:17:16.094+0000][16584][gc,cpu       ] GC(84) User=0.00s Sys=0.00s Real=0.00s
[2020-09-30T09:17:16.094+0000][16584][safepoint    ] Safepoint "G1Concurrent", Time since last: 101554700 ns, Reaching safepoint: 157100 ns, At safepoint: 612200 ns, Total: 769300 ns
[2020-09-30T09:17:16.094+0000][16584][gc,marking   ] GC(84) Concurrent Cleanup for Next Mark
[2020-09-30T09:17:16.096+0000][16584][gc,marking   ] GC(84) Concurrent Cleanup for Next Mark 1.512ms
[2020-09-30T09:17:16.096+0000][16584][gc           ] GC(84) Concurrent Cycle 293.985ms
[2020-09-30T09:17:16.149+0000][16584][gc,start     ] GC(85) Pause Young (Concurrent Start) (G1 Humongous Allocation)
[2020-09-30T09:17:16.149+0000][16584][gc,task      ] GC(85) Using 8 workers of 8 for evacuation
[2020-09-30T09:17:16.149+0000][16584][gc,age       ] GC(85) Desired survivor size 33030144 bytes, new threshold 15 (max threshold 15)
[2020-09-30T09:17:16.155+0000][16584][gc,age       ] GC(85) Age table with threshold 15 (max threshold 15)
[2020-09-30T09:17:16.155+0000][16584][gc,age       ] GC(85) - age   1:    3503648 bytes,    3503648 total
[2020-09-30T09:17:16.155+0000][16584][gc,age       ] GC(85) - age   2:     410584 bytes,    3914232 total
[2020-09-30T09:17:16.155+0000][16584][gc,age       ] GC(85) - age   3:      43872 bytes,    3958104 total
[2020-09-30T09:17:16.155+0000][16584][gc,age       ] GC(85) - age   4:       2408 bytes,    3960512 total
[2020-09-30T09:17:16.155+0000][16584][gc,age       ] GC(85) - age   5:     206040 bytes,    4166552 total
[2020-09-30T09:17:16.155+0000][16584][gc,age       ] GC(85) - age   6:     650760 bytes,    4817312 total
[2020-09-30T09:17:16.155+0000][16584][gc,age       ] GC(85) - age   7:       1968 bytes,    4819280 total
[2020-09-30T09:17:16.155+0000][16584][gc,age       ] GC(85) - age   8:        968 bytes,    4820248 total
[2020-09-30T09:17:16.155+0000][16584][gc,age       ] GC(85) - age   9:       2008 bytes,    4822256 total
[2020-09-30T09:17:16.155+0000][16584][gc,age       ] GC(85) - age  10:        784 bytes,    4823040 total
[2020-09-30T09:17:16.155+0000][16584][gc,age       ] GC(85) - age  11:        728 bytes,    4823768 total
[2020-09-30T09:17:16.155+0000][16584][gc,age       ] GC(85) - age  12:        752 bytes,    4824520 total
[2020-09-30T09:17:16.155+0000][16584][gc,age       ] GC(85) - age  13:       2936 bytes,    4827456 total
[2020-09-30T09:17:16.155+0000][16584][gc,age       ] GC(85) - age  14:     119088 bytes,    4946544 total
[2020-09-30T09:17:16.156+0000][16584][gc,age       ] GC(85) - age  15:       2856 bytes,    4949400 total
[2020-09-30T09:17:16.156+0000][16584][gc,phases    ] GC(85)   Pre Evacuate Collection Set: 0.5ms
[2020-09-30T09:17:16.156+0000][16584][gc,phases    ] GC(85)   Merge Heap Roots: 0.2ms
[2020-09-30T09:17:16.156+0000][16584][gc,phases    ] GC(85)   Evacuate Collection Set: 3.9ms
[2020-09-30T09:17:16.156+0000][16584][gc,phases    ] GC(85)   Post Evacuate Collection Set: 1.4ms
[2020-09-30T09:17:16.156+0000][16584][gc,phases    ] GC(85)   Other: 1.2ms
[2020-09-30T09:17:16.156+0000][16584][gc,heap      ] GC(85) Eden regions: 81->0(497)
[2020-09-30T09:17:16.156+0000][16584][gc,heap      ] GC(85) Survivor regions: 5->6(63)
[2020-09-30T09:17:16.156+0000][16584][gc,heap      ] GC(85) Old regions: 75->75
[2020-09-30T09:17:16.156+0000][16584][gc,heap      ] GC(85) Archive regions: 0->0
[2020-09-30T09:17:16.156+0000][16584][gc,heap      ] GC(85) Humongous regions: 374->174
[2020-09-30T09:17:16.156+0000][16584][gc,metaspace ] GC(85) Metaspace: 85066K(90880K)->85066K(90880K) NonClass: 73869K(77312K)->73869K(77312K) Class: 11196K(13568K)->11196K(13568K)
[2020-09-30T09:17:16.156+0000][16584][gc           ] GC(85) Pause Young (Concurrent Start) (G1 Humongous Allocation) 533M->253M(1024M) 7.573ms
[2020-09-30T09:17:16.156+0000][16584][gc,cpu       ] GC(85) User=0.00s Sys=0.00s Real=0.01s
[2020-09-30T09:17:16.156+0000][16584][gc           ] GC(86) Concurrent Cycle
[2020-09-30T09:17:16.156+0000][16584][gc,marking   ] GC(86) Concurrent Clear Claimed Marks
[2020-09-30T09:17:16.156+0000][16584][safepoint    ] Safepoint "G1TryInitiateConcMark", Time since last: 54382800 ns, Reaching safepoint: 207800 ns, At safepoint: 7938100 ns, Total: 8145900 ns
[2020-09-30T09:17:16.157+0000][16584][gc,marking   ] GC(86) Concurrent Clear Claimed Marks 0.383ms
[2020-09-30T09:17:16.157+0000][16584][gc,marking   ] GC(86) Concurrent Scan Root Regions
[2020-09-30T09:17:16.161+0000][16584][gc,marking   ] GC(86) Concurrent Scan Root Regions 4.017ms
[2020-09-30T09:17:16.161+0000][16584][gc,marking   ] GC(86) Concurrent Mark (130.018s)
[2020-09-30T09:17:16.161+0000][16584][gc,marking   ] GC(86) Concurrent Mark From Roots
[2020-09-30T09:17:16.161+0000][16584][gc,task      ] GC(86) Using 2 workers of 2 for marking
[2020-09-30T09:17:16.339+0000][16584][gc,marking   ] GC(86) Concurrent Mark From Roots 177.422ms
[2020-09-30T09:17:16.339+0000][16584][gc,marking   ] GC(86) Concurrent Preclean
[2020-09-30T09:17:16.340+0000][16584][gc,marking   ] GC(86) Concurrent Preclean 1.402ms
[2020-09-30T09:17:16.340+0000][16584][gc,marking   ] GC(86) Concurrent Mark (130.018s, 130.197s) 179.150ms
[2020-09-30T09:17:16.341+0000][16584][gc,start     ] GC(86) Pause Remark
[2020-09-30T09:17:16.347+0000][16584][gc           ] GC(86) Pause Remark 391M->391M(1024M) 6.120ms
[2020-09-30T09:17:16.347+0000][16584][gc,cpu       ] GC(86) User=0.05s Sys=0.00s Real=0.01s
[2020-09-30T09:17:16.347+0000][16584][safepoint    ] Safepoint "G1Concurrent", Time since last: 183832800 ns, Reaching safepoint: 230700 ns, At safepoint: 6350000 ns, Total: 6580700 ns
[2020-09-30T09:17:16.347+0000][16584][gc,marking   ] GC(86) Concurrent Rebuild Remembered Sets
[2020-09-30T09:17:16.456+0000][16584][gc,marking   ] GC(86) Concurrent Rebuild Remembered Sets 109.103ms
[2020-09-30T09:17:16.457+0000][16584][gc,start     ] GC(86) Pause Cleanup
[2020-09-30T09:17:16.457+0000][16584][gc           ] GC(86) Pause Cleanup 462M->462M(1024M) 0.411ms
[2020-09-30T09:17:16.457+0000][16584][gc,cpu       ] GC(86) User=0.00s Sys=0.00s Real=0.00s
[2020-09-30T09:17:16.457+0000][16584][safepoint    ] Safepoint "G1Concurrent", Time since last: 109355300 ns, Reaching safepoint: 194100 ns, At safepoint: 639000 ns, Total: 833100 ns
[2020-09-30T09:17:16.457+0000][16584][gc,marking   ] GC(86) Concurrent Cleanup for Next Mark
[2020-09-30T09:17:16.459+0000][16584][gc,marking   ] GC(86) Concurrent Cleanup for Next Mark 1.926ms
[2020-09-30T09:17:16.459+0000][16584][gc           ] GC(86) Concurrent Cycle 302.886ms
[2020-09-30T09:17:16.474+0000][16584][gc,start     ] GC(87) Pause Young (Concurrent Start) (G1 Humongous Allocation)
[2020-09-30T09:17:16.474+0000][16584][gc,task      ] GC(87) Using 8 workers of 8 for evacuation
[2020-09-30T09:17:16.474+0000][16584][gc,age       ] GC(87) Desired survivor size 33030144 bytes, new threshold 15 (max threshold 15)
[2020-09-30T09:17:16.480+0000][16584][gc,age       ] GC(87) Age table with threshold 15 (max threshold 15)
[2020-09-30T09:17:16.480+0000][16584][gc,age       ] GC(87) - age   1:    3096952 bytes,    3096952 total
[2020-09-30T09:17:16.480+0000][16584][gc,age       ] GC(87) - age   2:     411336 bytes,    3508288 total
[2020-09-30T09:17:16.480+0000][16584][gc,age       ] GC(87) - age   3:     406952 bytes,    3915240 total
[2020-09-30T09:17:16.480+0000][16584][gc,age       ] GC(87) - age   4:      41632 bytes,    3956872 total
[2020-09-30T09:17:16.480+0000][16584][gc,age       ] GC(87) - age   5:       2280 bytes,    3959152 total
[2020-09-30T09:17:16.480+0000][16584][gc,age       ] GC(87) - age   6:     206040 bytes,    4165192 total
[2020-09-30T09:17:16.480+0000][16584][gc,age       ] GC(87) - age   7:     650760 bytes,    4815952 total
[2020-09-30T09:17:16.480+0000][16584][gc,age       ] GC(87) - age   8:       1776 bytes,    4817728 total
[2020-09-30T09:17:16.480+0000][16584][gc,age       ] GC(87) - age   9:        968 bytes,    4818696 total
[2020-09-30T09:17:16.480+0000][16584][gc,age       ] GC(87) - age  10:       1944 bytes,    4820640 total
[2020-09-30T09:17:16.480+0000][16584][gc,age       ] GC(87) - age  11:        784 bytes,    4821424 total
[2020-09-30T09:17:16.480+0000][16584][gc,age       ] GC(87) - age  12:        728 bytes,    4822152 total
[2020-09-30T09:17:16.480+0000][16584][gc,age       ] GC(87) - age  13:        624 bytes,    4822776 total
[2020-09-30T09:17:16.480+0000][16584][gc,age       ] GC(87) - age  14:       2936 bytes,    4825712 total
[2020-09-30T09:17:16.480+0000][16584][gc,age       ] GC(87) - age  15:     119088 bytes,    4944800 total
[2020-09-30T09:17:16.480+0000][16584][gc,phases    ] GC(87)   Pre Evacuate Collection Set: 0.6ms
[2020-09-30T09:17:16.480+0000][16584][gc,phases    ] GC(87)   Merge Heap Roots: 0.3ms
[2020-09-30T09:17:16.480+0000][16584][gc,phases    ] GC(87)   Evacuate Collection Set: 4.0ms
[2020-09-30T09:17:16.481+0000][16584][gc,phases    ] GC(87)   Post Evacuate Collection Set: 1.0ms
[2020-09-30T09:17:16.481+0000][16584][gc,phases    ] GC(87)   Other: 1.1ms
[2020-09-30T09:17:16.481+0000][16584][gc,heap      ] GC(87) Eden regions: 64->0(499)
[2020-09-30T09:17:16.481+0000][16584][gc,heap      ] GC(87) Survivor regions: 6->6(63)
[2020-09-30T09:17:16.481+0000][16584][gc,heap      ] GC(87) Old regions: 75->75
[2020-09-30T09:17:16.481+0000][16584][gc,heap      ] GC(87) Archive regions: 0->0
[2020-09-30T09:17:16.481+0000][16584][gc,heap      ] GC(87) Humongous regions: 324->174
[2020-09-30T09:17:16.481+0000][16584][gc,metaspace ] GC(87) Metaspace: 85100K(91136K)->85100K(91136K) NonClass: 73903K(77568K)->73903K(77568K) Class: 11196K(13568K)->11196K(13568K)
[2020-09-30T09:17:16.481+0000][16584][gc           ] GC(87) Pause Young (Concurrent Start) (G1 Humongous Allocation) 467M->253M(1024M) 7.360ms
[2020-09-30T09:17:16.481+0000][16584][gc,cpu       ] GC(87) User=0.00s Sys=0.00s Real=0.01s
[2020-09-30T09:17:16.481+0000][16584][gc           ] GC(88) Concurrent Cycle
[2020-09-30T09:17:16.481+0000][16584][safepoint    ] Safepoint "G1TryInitiateConcMark", Time since last: 16214400 ns, Reaching safepoint: 162600 ns, At safepoint: 7590000 ns, Total: 7752600 ns
[2020-09-30T09:17:16.481+0000][16584][gc,marking   ] GC(88) Concurrent Clear Claimed Marks
[2020-09-30T09:17:16.482+0000][16584][gc,marking   ] GC(88) Concurrent Clear Claimed Marks 0.726ms
[2020-09-30T09:17:16.482+0000][16584][gc,marking   ] GC(88) Concurrent Scan Root Regions
[2020-09-30T09:17:16.485+0000][16584][gc,marking   ] GC(88) Concurrent Scan Root Regions 3.499ms
[2020-09-30T09:17:16.486+0000][16584][gc,marking   ] GC(88) Concurrent Mark (130.343s)
[2020-09-30T09:17:16.486+0000][16584][gc,marking   ] GC(88) Concurrent Mark From Roots
[2020-09-30T09:17:16.486+0000][16584][gc,task      ] GC(88) Using 2 workers of 2 for marking
[2020-09-30T09:17:16.649+0000][16584][gc,marking   ] GC(88) Concurrent Mark From Roots 163.693ms
[2020-09-30T09:17:16.649+0000][16584][gc,marking   ] GC(88) Concurrent Preclean
[2020-09-30T09:17:16.650+0000][16584][gc,marking   ] GC(88) Concurrent Preclean 0.576ms
[2020-09-30T09:17:16.650+0000][16584][gc,marking   ] GC(88) Concurrent Mark (130.343s, 130.507s) 164.489ms
[2020-09-30T09:17:16.650+0000][16584][gc,start     ] GC(88) Pause Remark
[2020-09-30T09:17:16.656+0000][16584][gc           ] GC(88) Pause Remark 454M->454M(1024M) 5.201ms
[2020-09-30T09:17:16.656+0000][16584][gc,cpu       ] GC(88) User=0.11s Sys=0.00s Real=0.01s
[2020-09-30T09:17:16.656+0000][16584][safepoint    ] Safepoint "G1Concurrent", Time since last: 169139100 ns, Reaching safepoint: 179100 ns, At safepoint: 5455100 ns, Total: 5634200 ns
[2020-09-30T09:17:16.656+0000][16584][gc,marking   ] GC(88) Concurrent Rebuild Remembered Sets
[2020-09-30T09:17:16.742+0000][16584][gc,marking   ] GC(88) Concurrent Rebuild Remembered Sets 86.498ms
[2020-09-30T09:17:16.742+0000][16584][gc,start     ] GC(88) Pause Cleanup
[2020-09-30T09:17:16.743+0000][16584][gc           ] GC(88) Pause Cleanup 527M->527M(1024M) 0.312ms
[2020-09-30T09:17:16.743+0000][16584][gc,cpu       ] GC(88) User=0.00s Sys=0.00s Real=0.00s
[2020-09-30T09:17:16.743+0000][16584][safepoint    ] Safepoint "G1Concurrent", Time since last: 86709300 ns, Reaching safepoint: 160400 ns, At safepoint: 521100 ns, Total: 681500 ns
[2020-09-30T09:17:16.743+0000][16584][gc,marking   ] GC(88) Concurrent Cleanup for Next Mark
[2020-09-30T09:17:16.745+0000][16584][gc,marking   ] GC(88) Concurrent Cleanup for Next Mark 1.782ms
[2020-09-30T09:17:16.745+0000][16584][gc           ] GC(88) Concurrent Cycle 264.179ms
[2020-09-30T09:17:16.769+0000][16584][gc,start     ] GC(89) Pause Young (Concurrent Start) (G1 Humongous Allocation)
[2020-09-30T09:17:16.769+0000][16584][gc,task      ] GC(89) Using 8 workers of 8 for evacuation
[2020-09-30T09:17:16.769+0000][16584][gc,age       ] GC(89) Desired survivor size 33554432 bytes, new threshold 15 (max threshold 15)
[2020-09-30T09:17:16.775+0000][16584][gc,age       ] GC(89) Age table with threshold 15 (max threshold 15)
[2020-09-30T09:17:16.775+0000][16584][gc,age       ] GC(89) - age   1:    3077048 bytes,    3077048 total
[2020-09-30T09:17:16.775+0000][16584][gc,age       ] GC(89) - age   2:     412384 bytes,    3489432 total
[2020-09-30T09:17:16.775+0000][16584][gc,age       ] GC(89) - age   3:     409232 bytes,    3898664 total
[2020-09-30T09:17:16.775+0000][16584][gc,age       ] GC(89) - age   4:     406280 bytes,    4304944 total
[2020-09-30T09:17:16.775+0000][16584][gc,age       ] GC(89) - age   5:      41568 bytes,    4346512 total
[2020-09-30T09:17:16.775+0000][16584][gc,age       ] GC(89) - age   6:       2120 bytes,    4348632 total
[2020-09-30T09:17:16.775+0000][16584][gc,age       ] GC(89) - age   7:     205824 bytes,    4554456 total
[2020-09-30T09:17:16.775+0000][16584][gc,age       ] GC(89) - age   8:     650672 bytes,    5205128 total
[2020-09-30T09:17:16.775+0000][16584][gc,age       ] GC(89) - age   9:       1320 bytes,    5206448 total
[2020-09-30T09:17:16.775+0000][16584][gc,age       ] GC(89) - age  10:        904 bytes,    5207352 total
[2020-09-30T09:17:16.775+0000][16584][gc,age       ] GC(89) - age  11:       1944 bytes,    5209296 total
[2020-09-30T09:17:16.775+0000][16584][gc,age       ] GC(89) - age  12:        784 bytes,    5210080 total
[2020-09-30T09:17:16.775+0000][16584][gc,age       ] GC(89) - age  13:        600 bytes,    5210680 total
[2020-09-30T09:17:16.775+0000][16584][gc,age       ] GC(89) - age  14:        624 bytes,    5211304 total
[2020-09-30T09:17:16.775+0000][16584][gc,age       ] GC(89) - age  15:       2936 bytes,    5214240 total
[2020-09-30T09:17:16.775+0000][16584][gc,phases    ] GC(89)   Pre Evacuate Collection Set: 0.4ms
[2020-09-30T09:17:16.775+0000][16584][gc,phases    ] GC(89)   Merge Heap Roots: 0.2ms
[2020-09-30T09:17:16.775+0000][16584][gc,phases    ] GC(89)   Evacuate Collection Set: 3.3ms
[2020-09-30T09:17:16.775+0000][16584][gc,phases    ] GC(89)   Post Evacuate Collection Set: 1.0ms
[2020-09-30T09:17:16.776+0000][16584][gc,phases    ] GC(89)   Other: 1.2ms
[2020-09-30T09:17:16.776+0000][16584][gc,heap      ] GC(89) Eden regions: 80->0(500)
[2020-09-30T09:17:16.776+0000][16584][gc,heap      ] GC(89) Survivor regions: 6->6(64)
[2020-09-30T09:17:16.776+0000][16584][gc,heap      ] GC(89) Old regions: 75->75
[2020-09-30T09:17:16.776+0000][16584][gc,heap      ] GC(89) Archive regions: 0->0
[2020-09-30T09:17:16.776+0000][16584][gc,heap      ] GC(89) Humongous regions: 374->174
[2020-09-30T09:17:16.776+0000][16584][gc,metaspace ] GC(89) Metaspace: 85122K(91136K)->85122K(91136K) NonClass: 73925K(77568K)->73925K(77568K) Class: 11196K(13568K)->11196K(13568K)
[2020-09-30T09:17:16.776+0000][16584][gc           ] GC(89) Pause Young (Concurrent Start) (G1 Humongous Allocation) 533M->254M(1024M) 6.547ms
[2020-09-30T09:17:16.776+0000][16584][gc,cpu       ] GC(89) User=0.00s Sys=0.00s Real=0.01s
[2020-09-30T09:17:16.776+0000][16584][gc           ] GC(90) Concurrent Cycle
[2020-09-30T09:17:16.776+0000][16584][safepoint    ] Safepoint "G1TryInitiateConcMark", Time since last: 26467400 ns, Reaching safepoint: 159400 ns, At safepoint: 6731600 ns, Total: 6891000 ns
[2020-09-30T09:17:16.776+0000][16584][gc,marking   ] GC(90) Concurrent Clear Claimed Marks
[2020-09-30T09:17:16.777+0000][16584][gc,marking   ] GC(90) Concurrent Clear Claimed Marks 0.467ms
[2020-09-30T09:17:16.777+0000][16584][gc,marking   ] GC(90) Concurrent Scan Root Regions
[2020-09-30T09:17:16.781+0000][16584][gc,marking   ] GC(90) Concurrent Scan Root Regions 4.697ms
[2020-09-30T09:17:16.781+0000][16584][gc,marking   ] GC(90) Concurrent Mark (130.639s)
[2020-09-30T09:17:16.781+0000][16584][gc,marking   ] GC(90) Concurrent Mark From Roots
[2020-09-30T09:17:16.782+0000][16584][gc,task      ] GC(90) Using 2 workers of 2 for marking
[2020-09-30T09:17:16.959+0000][16584][gc,marking   ] GC(90) Concurrent Mark From Roots 177.275ms
[2020-09-30T09:17:16.959+0000][16584][gc,marking   ] GC(90) Concurrent Preclean
[2020-09-30T09:17:16.960+0000][16584][gc,marking   ] GC(90) Concurrent Preclean 0.600ms
[2020-09-30T09:17:16.960+0000][16584][gc,marking   ] GC(90) Concurrent Mark (130.639s, 130.817s) 178.121ms
[2020-09-30T09:17:16.960+0000][16584][gc,start     ] GC(90) Pause Remark
[2020-09-30T09:17:16.966+0000][16584][gc           ] GC(90) Pause Remark 450M->450M(1024M) 5.790ms
[2020-09-30T09:17:16.966+0000][16584][gc,cpu       ] GC(90) User=0.00s Sys=0.00s Real=0.01s
[2020-09-30T09:17:16.966+0000][16584][safepoint    ] Safepoint "G1Concurrent", Time since last: 183581000 ns, Reaching safepoint: 166800 ns, At safepoint: 6028200 ns, Total: 6195000 ns
[2020-09-30T09:17:16.966+0000][16584][gc,marking   ] GC(90) Concurrent Rebuild Remembered Sets
[2020-09-30T09:17:17.074+0000][16584][gc,marking   ] GC(90) Concurrent Rebuild Remembered Sets 107.650ms
[2020-09-30T09:17:17.074+0000][16584][gc,start     ] GC(90) Pause Cleanup
[2020-09-30T09:17:17.075+0000][16584][gc           ] GC(90) Pause Cleanup 521M->521M(1024M) 0.375ms
[2020-09-30T09:17:17.075+0000][16584][gc,cpu       ] GC(90) User=0.00s Sys=0.00s Real=0.00s
[2020-09-30T09:17:17.075+0000][16584][safepoint    ] Safepoint "G1Concurrent", Time since last: 107868400 ns, Reaching safepoint: 170900 ns, At safepoint: 655500 ns, Total: 826400 ns
[2020-09-30T09:17:17.075+0000][16584][gc,marking   ] GC(90) Concurrent Cleanup for Next Mark
[2020-09-30T09:17:17.077+0000][16584][gc,marking   ] GC(90) Concurrent Cleanup for Next Mark 1.858ms
[2020-09-30T09:17:17.077+0000][16584][gc           ] GC(90) Concurrent Cycle 300.562ms
[2020-09-30T09:17:18.226+0000][16584][safepoint    ] Safepoint "Cleanup", Time since last: 1150191500 ns, Reaching safepoint: 154700 ns, At safepoint: 81600 ns, Total: 236300 ns
[2020-09-30T09:17:18.266+0000][16584][gc,start     ] GC(91) Pause Young (Concurrent Start) (G1 Humongous Allocation)
[2020-09-30T09:17:18.266+0000][16584][gc,task      ] GC(91) Using 8 workers of 8 for evacuation
[2020-09-30T09:17:18.266+0000][16584][gc,age       ] GC(91) Desired survivor size 33554432 bytes, new threshold 15 (max threshold 15)
[2020-09-30T09:17:18.270+0000][16584][gc,age       ] GC(91) Age table with threshold 15 (max threshold 15)
[2020-09-30T09:17:18.270+0000][16584][gc,age       ] GC(91) - age   1:    2701152 bytes,    2701152 total
[2020-09-30T09:17:18.270+0000][16584][gc,age       ] GC(91) - age   2:       1872 bytes,    2703024 total
[2020-09-30T09:17:18.270+0000][16584][gc,age       ] GC(91) - age   3:       2672 bytes,    2705696 total
[2020-09-30T09:17:18.270+0000][16584][gc,age       ] GC(91) - age   4:       2000 bytes,    2707696 total
[2020-09-30T09:17:18.270+0000][16584][gc,age       ] GC(91) - age   5:       2016 bytes,    2709712 total
[2020-09-30T09:17:18.270+0000][16584][gc,age       ] GC(91) - age   6:      40016 bytes,    2749728 total
[2020-09-30T09:17:18.270+0000][16584][gc,age       ] GC(91) - age   7:       2088 bytes,    2751816 total
[2020-09-30T09:17:18.270+0000][16584][gc,age       ] GC(91) - age   8:     205504 bytes,    2957320 total
[2020-09-30T09:17:18.270+0000][16584][gc,age       ] GC(91) - age   9:     647224 bytes,    3604544 total
[2020-09-30T09:17:18.270+0000][16584][gc,age       ] GC(91) - age  10:       1224 bytes,    3605768 total
[2020-09-30T09:17:18.270+0000][16584][gc,age       ] GC(91) - age  11:        904 bytes,    3606672 total
[2020-09-30T09:17:18.270+0000][16584][gc,age       ] GC(91) - age  12:       1944 bytes,    3608616 total
[2020-09-30T09:17:18.270+0000][16584][gc,age       ] GC(91) - age  13:        784 bytes,    3609400 total
[2020-09-30T09:17:18.270+0000][16584][gc,age       ] GC(91) - age  14:        600 bytes,    3610000 total
[2020-09-30T09:17:18.270+0000][16584][gc,age       ] GC(91) - age  15:        624 bytes,    3610624 total
[2020-09-30T09:17:18.270+0000][16584][gc,phases    ] GC(91)   Pre Evacuate Collection Set: 0.3ms
[2020-09-30T09:17:18.270+0000][16584][gc,phases    ] GC(91)   Merge Heap Roots: 0.1ms
[2020-09-30T09:17:18.270+0000][16584][gc,phases    ] GC(91)   Evacuate Collection Set: 2.4ms
[2020-09-30T09:17:18.270+0000][16584][gc,phases    ] GC(91)   Post Evacuate Collection Set: 0.9ms
[2020-09-30T09:17:18.270+0000][16584][gc,phases    ] GC(91)   Other: 0.6ms
[2020-09-30T09:17:18.270+0000][16584][gc,heap      ] GC(91) Eden regions: 93->0(502)
[2020-09-30T09:17:18.270+0000][16584][gc,heap      ] GC(91) Survivor regions: 6->5(64)
[2020-09-30T09:17:18.270+0000][16584][gc,heap      ] GC(91) Old regions: 75->75
[2020-09-30T09:17:18.270+0000][16584][gc,heap      ] GC(91) Archive regions: 0->0
[2020-09-30T09:17:18.270+0000][16584][gc,heap      ] GC(91) Humongous regions: 374->174
[2020-09-30T09:17:18.270+0000][16584][gc,metaspace ] GC(91) Metaspace: 85216K(91136K)->85216K(91136K) NonClass: 74018K(77568K)->74018K(77568K) Class: 11197K(13568K)->11197K(13568K)
[2020-09-30T09:17:18.270+0000][16584][gc           ] GC(91) Pause Young (Concurrent Start) (G1 Humongous Allocation) 547M->252M(1024M) 4.414ms
[2020-09-30T09:17:18.270+0000][16584][gc,cpu       ] GC(91) User=0.00s Sys=0.00s Real=0.00s
[2020-09-30T09:17:18.270+0000][16584][safepoint    ] Safepoint "G1TryInitiateConcMark", Time since last: 39902600 ns, Reaching safepoint: 174000 ns, At safepoint: 4559800 ns, Total: 4733800 ns
[2020-09-30T09:17:18.270+0000][16584][gc           ] GC(92) Concurrent Cycle
[2020-09-30T09:17:18.270+0000][16584][gc,marking   ] GC(92) Concurrent Clear Claimed Marks
[2020-09-30T09:17:18.271+0000][16584][gc,marking   ] GC(92) Concurrent Clear Claimed Marks 0.575ms
[2020-09-30T09:17:18.271+0000][16584][gc,marking   ] GC(92) Concurrent Scan Root Regions
[2020-09-30T09:17:18.274+0000][16584][gc,marking   ] GC(92) Concurrent Scan Root Regions 3.062ms
[2020-09-30T09:17:18.274+0000][16584][gc,marking   ] GC(92) Concurrent Mark (132.131s)
[2020-09-30T09:17:18.274+0000][16584][gc,marking   ] GC(92) Concurrent Mark From Roots
[2020-09-30T09:17:18.275+0000][16584][gc,task      ] GC(92) Using 2 workers of 2 for marking
[2020-09-30T09:17:18.395+0000][16584][gc,marking   ] GC(92) Concurrent Mark From Roots 120.894ms
[2020-09-30T09:17:18.395+0000][16584][gc,marking   ] GC(92) Concurrent Preclean
[2020-09-30T09:17:18.396+0000][16584][gc,marking   ] GC(92) Concurrent Preclean 0.411ms
[2020-09-30T09:17:18.396+0000][16584][gc,marking   ] GC(92) Concurrent Mark (132.131s, 132.253s) 121.505ms
[2020-09-30T09:17:18.396+0000][16584][gc,start     ] GC(92) Pause Remark
[2020-09-30T09:17:18.406+0000][16584][gc           ] GC(92) Pause Remark 387M->387M(1024M) 9.870ms
[2020-09-30T09:17:18.406+0000][16584][gc,cpu       ] GC(92) User=0.09s Sys=0.00s Real=0.01s
[2020-09-30T09:17:18.406+0000][16584][safepoint    ] Safepoint "G1Concurrent", Time since last: 125591600 ns, Reaching safepoint: 137900 ns, At safepoint: 10358600 ns, Total: 10496500 ns
[2020-09-30T09:17:18.407+0000][16584][gc,marking   ] GC(92) Concurrent Rebuild Remembered Sets
[2020-09-30T09:17:18.445+0000][16584][safepoint    ] Safepoint "ICBufferFull", Time since last: 37480100 ns, Reaching safepoint: 848700 ns, At safepoint: 45400 ns, Total: 894100 ns
[2020-09-30T09:17:18.489+0000][16584][gc,marking   ] GC(92) Concurrent Rebuild Remembered Sets 82.036ms
[2020-09-30T09:17:18.489+0000][16584][gc,start     ] GC(92) Pause Cleanup
[2020-09-30T09:17:18.489+0000][16584][gc           ] GC(92) Pause Cleanup 460M->460M(1024M) 0.386ms
[2020-09-30T09:17:18.490+0000][16584][gc,cpu       ] GC(92) User=0.00s Sys=0.00s Real=0.00s
[2020-09-30T09:17:18.490+0000][16584][safepoint    ] Safepoint "G1Concurrent", Time since last: 43858500 ns, Reaching safepoint: 293700 ns, At safepoint: 616900 ns, Total: 910600 ns
[2020-09-30T09:17:18.490+0000][16584][gc,marking   ] GC(92) Concurrent Cleanup for Next Mark
[2020-09-30T09:17:18.492+0000][16584][gc,marking   ] GC(92) Concurrent Cleanup for Next Mark 1.923ms
[2020-09-30T09:17:18.492+0000][16584][gc           ] GC(92) Concurrent Cycle 221.363ms
[2020-09-30T09:17:18.493+0000][16584][gc,start     ] GC(93) Pause Young (Concurrent Start) (G1 Humongous Allocation)
[2020-09-30T09:17:18.493+0000][16584][gc,task      ] GC(93) Using 8 workers of 8 for evacuation
[2020-09-30T09:17:18.493+0000][16584][gc,age       ] GC(93) Desired survivor size 33554432 bytes, new threshold 15 (max threshold 15)
[2020-09-30T09:17:18.497+0000][16584][gc,age       ] GC(93) Age table with threshold 15 (max threshold 15)
[2020-09-30T09:17:18.497+0000][16584][gc,age       ] GC(93) - age   1:    3057456 bytes,    3057456 total
[2020-09-30T09:17:18.497+0000][16584][gc,age       ] GC(93) - age   2:      24976 bytes,    3082432 total
[2020-09-30T09:17:18.497+0000][16584][gc,age       ] GC(93) - age   3:       1520 bytes,    3083952 total
[2020-09-30T09:17:18.497+0000][16584][gc,age       ] GC(93) - age   4:       2544 bytes,    3086496 total
[2020-09-30T09:17:18.497+0000][16584][gc,age       ] GC(93) - age   5:       1968 bytes,    3088464 total
[2020-09-30T09:17:18.497+0000][16584][gc,age       ] GC(93) - age   6:       1792 bytes,    3090256 total
[2020-09-30T09:17:18.497+0000][16584][gc,age       ] GC(93) - age   7:      37560 bytes,    3127816 total
[2020-09-30T09:17:18.497+0000][16584][gc,age       ] GC(93) - age   8:       1632 bytes,    3129448 total
[2020-09-30T09:17:18.497+0000][16584][gc,age       ] GC(93) - age   9:     205504 bytes,    3334952 total
[2020-09-30T09:17:18.497+0000][16584][gc,age       ] GC(93) - age  10:     647128 bytes,    3982080 total
[2020-09-30T09:17:18.497+0000][16584][gc,age       ] GC(93) - age  11:       1128 bytes,    3983208 total
[2020-09-30T09:17:18.497+0000][16584][gc,age       ] GC(93) - age  12:        904 bytes,    3984112 total
[2020-09-30T09:17:18.497+0000][16584][gc,age       ] GC(93) - age  13:       1944 bytes,    3986056 total
[2020-09-30T09:17:18.497+0000][16584][gc,age       ] GC(93) - age  14:        784 bytes,    3986840 total
[2020-09-30T09:17:18.497+0000][16584][gc,age       ] GC(93) - age  15:        600 bytes,    3987440 total
[2020-09-30T09:17:18.497+0000][16584][gc,phases    ] GC(93)   Pre Evacuate Collection Set: 0.4ms
[2020-09-30T09:17:18.497+0000][16584][gc,phases    ] GC(93)   Merge Heap Roots: 0.1ms
[2020-09-30T09:17:18.497+0000][16584][gc,phases    ] GC(93)   Evacuate Collection Set: 2.5ms
[2020-09-30T09:17:18.497+0000][16584][gc,phases    ] GC(93)   Post Evacuate Collection Set: 0.7ms
[2020-09-30T09:17:18.497+0000][16584][gc,phases    ] GC(93)   Other: 0.7ms
[2020-09-30T09:17:18.497+0000][16584][gc,heap      ] GC(93) Eden regions: 58->0(504)
[2020-09-30T09:17:18.497+0000][16584][gc,heap      ] GC(93) Survivor regions: 5->4(64)
[2020-09-30T09:17:18.497+0000][16584][gc,heap      ] GC(93) Old regions: 75->75
[2020-09-30T09:17:18.497+0000][16584][gc,heap      ] GC(93) Archive regions: 0->0
[2020-09-30T09:17:18.498+0000][16584][gc,heap      ] GC(93) Humongous regions: 324->174
[2020-09-30T09:17:18.498+0000][16584][gc,metaspace ] GC(93) Metaspace: 85210K(91136K)->85210K(91136K) NonClass: 74018K(77568K)->74018K(77568K) Class: 11192K(13568K)->11192K(13568K)
[2020-09-30T09:17:18.498+0000][16584][gc           ] GC(93) Pause Young (Concurrent Start) (G1 Humongous Allocation) 460M->252M(1024M) 4.617ms
[2020-09-30T09:17:18.498+0000][16584][gc,cpu       ] GC(93) User=0.00s Sys=0.00s Real=0.00s
[2020-09-30T09:17:18.498+0000][16584][gc           ] GC(94) Concurrent Cycle
[2020-09-30T09:17:18.498+0000][16584][safepoint    ] Safepoint "G1TryInitiateConcMark", Time since last: 3178600 ns, Reaching safepoint: 125000 ns, At safepoint: 4777000 ns, Total: 4902000 ns
[2020-09-30T09:17:18.498+0000][16584][gc,marking   ] GC(94) Concurrent Clear Claimed Marks
[2020-09-30T09:17:18.498+0000][16584][gc,marking   ] GC(94) Concurrent Clear Claimed Marks 0.447ms
[2020-09-30T09:17:18.498+0000][16584][gc,marking   ] GC(94) Concurrent Scan Root Regions
[2020-09-30T09:17:18.501+0000][16584][gc,marking   ] GC(94) Concurrent Scan Root Regions 2.714ms
[2020-09-30T09:17:18.501+0000][16584][gc,marking   ] GC(94) Concurrent Mark (132.358s)
[2020-09-30T09:17:18.501+0000][16584][gc,marking   ] GC(94) Concurrent Mark From Roots
[2020-09-30T09:17:18.501+0000][16584][gc,task      ] GC(94) Using 2 workers of 2 for marking
[2020-09-30T09:17:18.637+0000][16584][gc,marking   ] GC(94) Concurrent Mark From Roots 135.885ms
[2020-09-30T09:17:18.637+0000][16584][gc,marking   ] GC(94) Concurrent Preclean
[2020-09-30T09:17:18.638+0000][16584][gc,marking   ] GC(94) Concurrent Preclean 0.498ms
[2020-09-30T09:17:18.638+0000][16584][gc,marking   ] GC(94) Concurrent Mark (132.358s, 132.494s) 136.588ms
[2020-09-30T09:17:18.638+0000][16584][gc,start     ] GC(94) Pause Remark
[2020-09-30T09:17:18.643+0000][16584][gc           ] GC(94) Pause Remark 444M->444M(1024M) 4.626ms
[2020-09-30T09:17:18.643+0000][16584][gc,cpu       ] GC(94) User=0.09s Sys=0.00s Real=0.00s
[2020-09-30T09:17:18.643+0000][16584][safepoint    ] Safepoint "G1Concurrent", Time since last: 140084800 ns, Reaching safepoint: 177800 ns, At safepoint: 4861700 ns, Total: 5039500 ns
[2020-09-30T09:17:18.643+0000][16584][gc,marking   ] GC(94) Concurrent Rebuild Remembered Sets
[2020-09-30T09:17:18.732+0000][16584][gc,marking   ] GC(94) Concurrent Rebuild Remembered Sets 89.551ms
[2020-09-30T09:17:18.733+0000][16584][gc,start     ] GC(94) Pause Cleanup
[2020-09-30T09:17:18.733+0000][16584][gc           ] GC(94) Pause Cleanup 516M->516M(1024M) 0.351ms
[2020-09-30T09:17:18.733+0000][16584][gc,cpu       ] GC(94) User=0.00s Sys=0.00s Real=0.00s
[2020-09-30T09:17:18.733+0000][16584][safepoint    ] Safepoint "G1Concurrent", Time since last: 89738900 ns, Reaching safepoint: 144100 ns, At safepoint: 545600 ns, Total: 689700 ns
[2020-09-30T09:17:18.733+0000][16584][gc,marking   ] GC(94) Concurrent Cleanup for Next Mark
[2020-09-30T09:17:18.735+0000][16584][gc,marking   ] GC(94) Concurrent Cleanup for Next Mark 1.751ms
[2020-09-30T09:17:18.735+0000][16584][gc           ] GC(94) Concurrent Cycle 237.586ms
[2020-09-30T09:17:18.753+0000][16584][gc,start     ] GC(95) Pause Young (Concurrent Start) (G1 Humongous Allocation)
[2020-09-30T09:17:18.753+0000][16584][gc,task      ] GC(95) Using 8 workers of 8 for evacuation
[2020-09-30T09:17:18.753+0000][16584][gc,age       ] GC(95) Desired survivor size 33554432 bytes, new threshold 15 (max threshold 15)
[2020-09-30T09:17:18.758+0000][16584][gc,age       ] GC(95) Age table with threshold 15 (max threshold 15)
[2020-09-30T09:17:18.758+0000][16584][gc,age       ] GC(95) - age   1:    3460256 bytes,    3460256 total
[2020-09-30T09:17:18.758+0000][16584][gc,age       ] GC(95) - age   2:       7552 bytes,    3467808 total
[2020-09-30T09:17:18.758+0000][16584][gc,age       ] GC(95) - age   3:      17920 bytes,    3485728 total
[2020-09-30T09:17:18.758+0000][16584][gc,age       ] GC(95) - age   4:       1360 bytes,    3487088 total
[2020-09-30T09:17:18.758+0000][16584][gc,age       ] GC(95) - age   5:       2480 bytes,    3489568 total
[2020-09-30T09:17:18.758+0000][16584][gc,age       ] GC(95) - age   6:       1872 bytes,    3491440 total
[2020-09-30T09:17:18.758+0000][16584][gc,age       ] GC(95) - age   7:       1272 bytes,    3492712 total
[2020-09-30T09:17:18.758+0000][16584][gc,age       ] GC(95) - age   8:      37560 bytes,    3530272 total
[2020-09-30T09:17:18.758+0000][16584][gc,age       ] GC(95) - age   9:       1632 bytes,    3531904 total
[2020-09-30T09:17:18.758+0000][16584][gc,age       ] GC(95) - age  10:     205504 bytes,    3737408 total
[2020-09-30T09:17:18.758+0000][16584][gc,age       ] GC(95) - age  11:     647064 bytes,    4384472 total
[2020-09-30T09:17:18.758+0000][16584][gc,age       ] GC(95) - age  12:       1128 bytes,    4385600 total
[2020-09-30T09:17:18.759+0000][16584][gc,age       ] GC(95) - age  13:        904 bytes,    4386504 total
[2020-09-30T09:17:18.759+0000][16584][gc,age       ] GC(95) - age  14:       1944 bytes,    4388448 total
[2020-09-30T09:17:18.759+0000][16584][gc,age       ] GC(95) - age  15:        784 bytes,    4389232 total
[2020-09-30T09:17:18.759+0000][16584][gc,phases    ] GC(95)   Pre Evacuate Collection Set: 0.4ms
[2020-09-30T09:17:18.759+0000][16584][gc,phases    ] GC(95)   Merge Heap Roots: 0.1ms
[2020-09-30T09:17:18.759+0000][16584][gc,phases    ] GC(95)   Evacuate Collection Set: 3.2ms
[2020-09-30T09:17:18.759+0000][16584][gc,phases    ] GC(95)   Post Evacuate Collection Set: 1.2ms
[2020-09-30T09:17:18.759+0000][16584][gc,phases    ] GC(95)   Other: 1.1ms
[2020-09-30T09:17:18.759+0000][16584][gc,heap      ] GC(95) Eden regions: 73->0(503)
[2020-09-30T09:17:18.759+0000][16584][gc,heap      ] GC(95) Survivor regions: 4->5(64)
[2020-09-30T09:17:18.759+0000][16584][gc,heap      ] GC(95) Old regions: 75->75
[2020-09-30T09:17:18.759+0000][16584][gc,heap      ] GC(95) Archive regions: 0->0
[2020-09-30T09:17:18.759+0000][16584][gc,heap      ] GC(95) Humongous regions: 370->174
[2020-09-30T09:17:18.759+0000][16584][gc,metaspace ] GC(95) Metaspace: 85221K(91136K)->85221K(91136K) NonClass: 74029K(77568K)->74029K(77568K) Class: 11192K(13568K)->11192K(13568K)
[2020-09-30T09:17:18.759+0000][16584][gc           ] GC(95) Pause Young (Concurrent Start) (G1 Humongous Allocation) 521M->253M(1024M) 6.374ms
[2020-09-30T09:17:18.759+0000][16584][gc,cpu       ] GC(95) User=0.00s Sys=0.00s Real=0.01s
[2020-09-30T09:17:18.759+0000][16584][safepoint    ] Safepoint "G1TryInitiateConcMark", Time since last: 19241700 ns, Reaching safepoint: 169200 ns, At safepoint: 6581100 ns, Total: 6750300 ns
[2020-09-30T09:17:18.759+0000][16584][gc           ] GC(96) Concurrent Cycle
[2020-09-30T09:17:18.759+0000][16584][gc,marking   ] GC(96) Concurrent Clear Claimed Marks
[2020-09-30T09:17:18.760+0000][16584][gc,marking   ] GC(96) Concurrent Clear Claimed Marks 0.480ms
[2020-09-30T09:17:18.760+0000][16584][gc,marking   ] GC(96) Concurrent Scan Root Regions
[2020-09-30T09:17:18.763+0000][16584][gc,marking   ] GC(96) Concurrent Scan Root Regions 3.272ms
[2020-09-30T09:17:18.763+0000][16584][gc,marking   ] GC(96) Concurrent Mark (132.620s)
[2020-09-30T09:17:18.763+0000][16584][gc,marking   ] GC(96) Concurrent Mark From Roots
[2020-09-30T09:17:18.763+0000][16584][gc,task      ] GC(96) Using 2 workers of 2 for marking
[2020-09-30T09:17:18.928+0000][16584][gc,marking   ] GC(96) Concurrent Mark From Roots 164.493ms
[2020-09-30T09:17:18.928+0000][16584][gc,marking   ] GC(96) Concurrent Preclean
[2020-09-30T09:17:18.929+0000][16584][gc,marking   ] GC(96) Concurrent Preclean 0.481ms
[2020-09-30T09:17:18.929+0000][16584][gc,marking   ] GC(96) Concurrent Mark (132.620s, 132.785s) 165.151ms
[2020-09-30T09:17:18.929+0000][16584][gc,start     ] GC(96) Pause Remark
[2020-09-30T09:17:18.934+0000][16584][gc           ] GC(96) Pause Remark 445M->445M(1024M) 5.047ms
[2020-09-30T09:17:18.934+0000][16584][gc,cpu       ] GC(96) User=0.00s Sys=0.00s Real=0.01s
[2020-09-30T09:17:18.934+0000][16584][safepoint    ] Safepoint "G1Concurrent", Time since last: 169354300 ns, Reaching safepoint: 141600 ns, At safepoint: 5324000 ns, Total: 5465600 ns
[2020-09-30T09:17:18.934+0000][16584][gc,marking   ] GC(96) Concurrent Rebuild Remembered Sets
[2020-09-30T09:17:19.023+0000][16584][gc,marking   ] GC(96) Concurrent Rebuild Remembered Sets 89.760ms
[2020-09-30T09:17:19.024+0000][16584][gc,start     ] GC(96) Pause Cleanup
[2020-09-30T09:17:19.024+0000][16584][gc           ] GC(96) Pause Cleanup 558M->558M(1024M) 0.519ms
[2020-09-30T09:17:19.025+0000][16584][gc,cpu       ] GC(96) User=0.00s Sys=0.00s Real=0.00s
[2020-09-30T09:17:19.025+0000][16584][safepoint    ] Safepoint "G1Concurrent", Time since last: 90037100 ns, Reaching safepoint: 307200 ns, At safepoint: 819700 ns, Total: 1126900 ns
[2020-09-30T09:17:19.025+0000][16584][gc,marking   ] GC(96) Concurrent Cleanup for Next Mark
[2020-09-30T09:17:19.027+0000][16584][gc,marking   ] GC(96) Concurrent Cleanup for Next Mark 2.372ms
[2020-09-30T09:17:19.027+0000][16584][gc           ] GC(96) Concurrent Cycle 268.631ms
[2020-09-30T09:17:19.028+0000][16584][gc,start     ] GC(97) Pause Young (Concurrent Start) (G1 Humongous Allocation)
[2020-09-30T09:17:19.028+0000][16584][gc,task      ] GC(97) Using 8 workers of 8 for evacuation
[2020-09-30T09:17:19.028+0000][16584][gc,age       ] GC(97) Desired survivor size 33554432 bytes, new threshold 15 (max threshold 15)
[2020-09-30T09:17:19.032+0000][16584][gc,age       ] GC(97) Age table with threshold 15 (max threshold 15)
[2020-09-30T09:17:19.032+0000][16584][gc,age       ] GC(97) - age   1:    1947392 bytes,    1947392 total
[2020-09-30T09:17:19.032+0000][16584][gc,age       ] GC(97) - age   2:     405496 bytes,    2352888 total
[2020-09-30T09:17:19.033+0000][16584][gc,age       ] GC(97) - age   3:       6432 bytes,    2359320 total
[2020-09-30T09:17:19.033+0000][16584][gc,age       ] GC(97) - age   4:      17696 bytes,    2377016 total
[2020-09-30T09:17:19.033+0000][16584][gc,age       ] GC(97) - age   5:       1008 bytes,    2378024 total
[2020-09-30T09:17:19.033+0000][16584][gc,age       ] GC(97) - age   6:       2448 bytes,    2380472 total
[2020-09-30T09:17:19.033+0000][16584][gc,age       ] GC(97) - age   7:       1808 bytes,    2382280 total
[2020-09-30T09:17:19.033+0000][16584][gc,age       ] GC(97) - age   8:       1208 bytes,    2383488 total
[2020-09-30T09:17:19.033+0000][16584][gc,age       ] GC(97) - age   9:      37560 bytes,    2421048 total
[2020-09-30T09:17:19.033+0000][16584][gc,age       ] GC(97) - age  10:       1632 bytes,    2422680 total
[2020-09-30T09:17:19.033+0000][16584][gc,age       ] GC(97) - age  11:     205440 bytes,    2628120 total
[2020-09-30T09:17:19.033+0000][16584][gc,age       ] GC(97) - age  12:     647064 bytes,    3275184 total
[2020-09-30T09:17:19.033+0000][16584][gc,age       ] GC(97) - age  13:       1128 bytes,    3276312 total
[2020-09-30T09:17:19.033+0000][16584][gc,age       ] GC(97) - age  14:        904 bytes,    3277216 total
[2020-09-30T09:17:19.033+0000][16584][gc,age       ] GC(97) - age  15:       1944 bytes,    3279160 total
[2020-09-30T09:17:19.033+0000][16584][gc,phases    ] GC(97)   Pre Evacuate Collection Set: 0.5ms
[2020-09-30T09:17:19.033+0000][16584][gc,phases    ] GC(97)   Merge Heap Roots: 0.1ms
[2020-09-30T09:17:19.033+0000][16584][gc,phases    ] GC(97)   Evacuate Collection Set: 2.9ms
[2020-09-30T09:17:19.033+0000][16584][gc,phases    ] GC(97)   Post Evacuate Collection Set: 1.0ms
[2020-09-30T09:17:19.033+0000][16584][gc,phases    ] GC(97)   Other: 0.9ms
[2020-09-30T09:17:19.033+0000][16584][gc,heap      ] GC(97) Eden regions: 75->0(505)
[2020-09-30T09:17:19.033+0000][16584][gc,heap      ] GC(97) Survivor regions: 5->4(64)
[2020-09-30T09:17:19.033+0000][16584][gc,heap      ] GC(97) Old regions: 75->75
[2020-09-30T09:17:19.033+0000][16584][gc,heap      ] GC(97) Archive regions: 0->0
[2020-09-30T09:17:19.033+0000][16584][gc,heap      ] GC(97) Humongous regions: 416->174
[2020-09-30T09:17:19.033+0000][16584][gc,metaspace ] GC(97) Metaspace: 85232K(91136K)->85232K(91136K) NonClass: 74040K(77568K)->74040K(77568K) Class: 11192K(13568K)->11192K(13568K)
[2020-09-30T09:17:19.033+0000][16584][gc           ] GC(97) Pause Young (Concurrent Start) (G1 Humongous Allocation) 569M->252M(1024M) 5.573ms
[2020-09-30T09:17:19.033+0000][16584][gc,cpu       ] GC(97) User=0.03s Sys=0.02s Real=0.00s
[2020-09-30T09:17:19.033+0000][16584][safepoint    ] Safepoint "G1TryInitiateConcMark", Time since last: 2768900 ns, Reaching safepoint: 175900 ns, At safepoint: 5726900 ns, Total: 5902800 ns
[2020-09-30T09:17:19.033+0000][16584][gc           ] GC(98) Concurrent Cycle
[2020-09-30T09:17:19.033+0000][16584][gc,marking   ] GC(98) Concurrent Clear Claimed Marks
[2020-09-30T09:17:19.034+0000][16584][gc,marking   ] GC(98) Concurrent Clear Claimed Marks 0.513ms
[2020-09-30T09:17:19.034+0000][16584][gc,marking   ] GC(98) Concurrent Scan Root Regions
[2020-09-30T09:17:19.037+0000][16584][gc,marking   ] GC(98) Concurrent Scan Root Regions 2.570ms
[2020-09-30T09:17:19.037+0000][16584][gc,marking   ] GC(98) Concurrent Mark (132.894s)
[2020-09-30T09:17:19.037+0000][16584][gc,marking   ] GC(98) Concurrent Mark From Roots
[2020-09-30T09:17:19.037+0000][16584][gc,task      ] GC(98) Using 2 workers of 2 for marking
[2020-09-30T09:17:19.190+0000][16584][gc,marking   ] GC(98) Concurrent Mark From Roots 153.457ms
[2020-09-30T09:17:19.190+0000][16584][gc,marking   ] GC(98) Concurrent Preclean
[2020-09-30T09:17:19.191+0000][16584][gc,marking   ] GC(98) Concurrent Preclean 0.542ms
[2020-09-30T09:17:19.191+0000][16584][gc,marking   ] GC(98) Concurrent Mark (132.894s, 133.048s) 154.174ms
[2020-09-30T09:17:19.191+0000][16584][gc,start     ] GC(98) Pause Remark
[2020-09-30T09:17:19.196+0000][16584][gc           ] GC(98) Pause Remark 400M->400M(1024M) 4.750ms
[2020-09-30T09:17:19.196+0000][16584][gc,cpu       ] GC(98) User=0.00s Sys=0.00s Real=0.01s
[2020-09-30T09:17:19.196+0000][16584][safepoint    ] Safepoint "G1Concurrent", Time since last: 157546400 ns, Reaching safepoint: 191600 ns, At safepoint: 4976800 ns, Total: 5168400 ns
[2020-09-30T09:17:19.196+0000][16584][gc,marking   ] GC(98) Concurrent Rebuild Remembered Sets
[2020-09-30T09:17:19.282+0000][16584][gc,marking   ] GC(98) Concurrent Rebuild Remembered Sets 85.490ms
[2020-09-30T09:17:19.282+0000][16584][gc,start     ] GC(98) Pause Cleanup
[2020-09-30T09:17:19.282+0000][16584][gc           ] GC(98) Pause Cleanup 530M->530M(1024M) 0.351ms
[2020-09-30T09:17:19.282+0000][16584][gc,cpu       ] GC(98) User=0.00s Sys=0.00s Real=0.00s
[2020-09-30T09:17:19.283+0000][16584][safepoint    ] Safepoint "G1Concurrent", Time since last: 85708900 ns, Reaching safepoint: 169500 ns, At safepoint: 558200 ns, Total: 727700 ns
[2020-09-30T09:17:19.283+0000][16584][gc,marking   ] GC(98) Concurrent Cleanup for Next Mark
[2020-09-30T09:17:19.284+0000][16584][gc,marking   ] GC(98) Concurrent Cleanup for Next Mark 1.581ms
[2020-09-30T09:17:19.284+0000][16584][gc           ] GC(98) Concurrent Cycle 250.908ms
[2020-09-30T09:17:19.351+0000][16584][gc,start     ] GC(99) Pause Young (Concurrent Start) (G1 Humongous Allocation)
[2020-09-30T09:17:19.351+0000][16584][gc,task      ] GC(99) Using 8 workers of 8 for evacuation
[2020-09-30T09:17:19.351+0000][16584][gc,age       ] GC(99) Desired survivor size 33554432 bytes, new threshold 15 (max threshold 15)
[2020-09-30T09:17:19.356+0000][16584][gc,age       ] GC(99) Age table with threshold 15 (max threshold 15)
[2020-09-30T09:17:19.357+0000][16584][gc,age       ] GC(99) - age   1:    3213896 bytes,    3213896 total
[2020-09-30T09:17:19.357+0000][16584][gc,age       ] GC(99) - age   2:     403496 bytes,    3617392 total
[2020-09-30T09:17:19.357+0000][16584][gc,age       ] GC(99) - age   3:     404352 bytes,    4021744 total
[2020-09-30T09:17:19.357+0000][16584][gc,age       ] GC(99) - age   4:       6336 bytes,    4028080 total
[2020-09-30T09:17:19.357+0000][16584][gc,age       ] GC(99) - age   5:      16240 bytes,    4044320 total
[2020-09-30T09:17:19.357+0000][16584][gc,age       ] GC(99) - age   6:        976 bytes,    4045296 total
[2020-09-30T09:17:19.357+0000][16584][gc,age       ] GC(99) - age   7:       2192 bytes,    4047488 total
[2020-09-30T09:17:19.357+0000][16584][gc,age       ] GC(99) - age   8:       1616 bytes,    4049104 total
[2020-09-30T09:17:19.357+0000][16584][gc,age       ] GC(99) - age   9:       1144 bytes,    4050248 total
[2020-09-30T09:17:19.357+0000][16584][gc,age       ] GC(99) - age  10:      37504 bytes,    4087752 total
[2020-09-30T09:17:19.357+0000][16584][gc,age       ] GC(99) - age  11:       1632 bytes,    4089384 total
[2020-09-30T09:17:19.357+0000][16584][gc,age       ] GC(99) - age  12:     205344 bytes,    4294728 total
[2020-09-30T09:17:19.357+0000][16584][gc,age       ] GC(99) - age  13:     646824 bytes,    4941552 total
[2020-09-30T09:17:19.357+0000][16584][gc,age       ] GC(99) - age  14:       1128 bytes,    4942680 total
[2020-09-30T09:17:19.357+0000][16584][gc,age       ] GC(99) - age  15:        904 bytes,    4943584 total
[2020-09-30T09:17:19.357+0000][16584][gc,phases    ] GC(99)   Pre Evacuate Collection Set: 0.5ms
[2020-09-30T09:17:19.357+0000][16584][gc,phases    ] GC(99)   Merge Heap Roots: 0.1ms
[2020-09-30T09:17:19.358+0000][16584][gc,phases    ] GC(99)   Evacuate Collection Set: 3.4ms
[2020-09-30T09:17:19.358+0000][16584][gc,phases    ] GC(99)   Post Evacuate Collection Set: 1.3ms
[2020-09-30T09:17:19.358+0000][16584][gc,phases    ] GC(99)   Other: 1.4ms
[2020-09-30T09:17:19.358+0000][16584][gc,heap      ] GC(99) Eden regions: 93->0(504)
[2020-09-30T09:17:19.358+0000][16584][gc,heap      ] GC(99) Survivor regions: 4->5(64)
[2020-09-30T09:17:19.358+0000][16584][gc,heap      ] GC(99) Old regions: 75->75
[2020-09-30T09:17:19.358+0000][16584][gc,heap      ] GC(99) Archive regions: 0->0
[2020-09-30T09:17:19.358+0000][16584][gc,heap      ] GC(99) Humongous regions: 374->174
[2020-09-30T09:17:19.358+0000][16584][gc,metaspace ] GC(99) Metaspace: 85247K(91136K)->85247K(91136K) NonClass: 74055K(77568K)->74055K(77568K) Class: 11192K(13568K)->11192K(13568K)
[2020-09-30T09:17:19.358+0000][16584][gc           ] GC(99) Pause Young (Concurrent Start) (G1 Humongous Allocation) 544M->253M(1024M) 7.264ms
[2020-09-30T09:17:19.358+0000][16584][gc,cpu       ] GC(99) User=0.02s Sys=0.00s Real=0.01s
[2020-09-30T09:17:19.358+0000][16584][gc           ] GC(100) Concurrent Cycle
[2020-09-30T09:17:19.358+0000][16584][safepoint    ] Safepoint "G1TryInitiateConcMark", Time since last: 67341600 ns, Reaching safepoint: 200100 ns, At safepoint: 7554700 ns, Total: 7754800 ns
[2020-09-30T09:17:19.358+0000][16584][gc,marking   ] GC(100) Concurrent Clear Claimed Marks
[2020-09-30T09:17:19.359+0000][16584][gc,marking   ] GC(100) Concurrent Clear Claimed Marks 0.705ms
[2020-09-30T09:17:19.359+0000][16584][gc,marking   ] GC(100) Concurrent Scan Root Regions
[2020-09-30T09:17:19.364+0000][16584][gc,marking   ] GC(100) Concurrent Scan Root Regions 4.757ms
[2020-09-30T09:17:19.364+0000][16584][gc,marking   ] GC(100) Concurrent Mark (133.221s)
[2020-09-30T09:17:19.364+0000][16584][gc,marking   ] GC(100) Concurrent Mark From Roots
[2020-09-30T09:17:19.364+0000][16584][gc,task      ] GC(100) Using 2 workers of 2 for marking
[2020-09-30T09:17:19.539+0000][16584][gc,marking   ] GC(100) Concurrent Mark From Roots 175.222ms
[2020-09-30T09:17:19.539+0000][16584][gc,marking   ] GC(100) Concurrent Preclean
[2020-09-30T09:17:19.540+0000][16584][gc,marking   ] GC(100) Concurrent Preclean 0.634ms
[2020-09-30T09:17:19.540+0000][16584][gc,marking   ] GC(100) Concurrent Mark (133.221s, 133.397s) 176.074ms
[2020-09-30T09:17:19.540+0000][16584][gc,start     ] GC(100) Pause Remark
[2020-09-30T09:17:19.545+0000][16584][gc           ] GC(100) Pause Remark 382M->382M(1024M) 5.127ms
[2020-09-30T09:17:19.546+0000][16584][gc,cpu       ] GC(100) User=0.11s Sys=0.00s Real=0.01s
[2020-09-30T09:17:19.546+0000][16584][safepoint    ] Safepoint "G1Concurrent", Time since last: 181917000 ns, Reaching safepoint: 461500 ns, At safepoint: 5560900 ns, Total: 6022400 ns
[2020-09-30T09:17:19.546+0000][16584][gc,marking   ] GC(100) Concurrent Rebuild Remembered Sets
[2020-09-30T09:17:19.647+0000][16584][gc,marking   ] GC(100) Concurrent Rebuild Remembered Sets 101.553ms
[2020-09-30T09:17:19.648+0000][16584][gc,start     ] GC(100) Pause Cleanup
[2020-09-30T09:17:19.648+0000][16584][gc           ] GC(100) Pause Cleanup 391M->391M(1024M) 0.391ms
[2020-09-30T09:17:19.648+0000][16584][gc,cpu       ] GC(100) User=0.00s Sys=0.00s Real=0.00s
[2020-09-30T09:17:19.649+0000][16584][safepoint    ] Safepoint "G1Concurrent", Time since last: 101825700 ns, Reaching safepoint: 324400 ns, At safepoint: 636100 ns, Total: 960500 ns
[2020-09-30T09:17:19.649+0000][16584][gc,marking   ] GC(100) Concurrent Cleanup for Next Mark
[2020-09-30T09:17:19.650+0000][16584][gc,marking   ] GC(100) Concurrent Cleanup for Next Mark 1.685ms
[2020-09-30T09:17:19.650+0000][16584][gc           ] GC(100) Concurrent Cycle 292.710ms
[2020-09-30T09:17:19.701+0000][16584][gc,start     ] GC(101) Pause Young (Concurrent Start) (G1 Humongous Allocation)
[2020-09-30T09:17:19.701+0000][16584][gc,task      ] GC(101) Using 8 workers of 8 for evacuation
[2020-09-30T09:17:19.701+0000][16584][gc,age       ] GC(101) Desired survivor size 33554432 bytes, new threshold 15 (max threshold 15)
[2020-09-30T09:17:19.707+0000][16584][gc,age       ] GC(101) Age table with threshold 15 (max threshold 15)
[2020-09-30T09:17:19.707+0000][16584][gc,age       ] GC(101) - age   1:    2689824 bytes,    2689824 total
[2020-09-30T09:17:19.707+0000][16584][gc,age       ] GC(101) - age   2:       3856 bytes,    2693680 total
[2020-09-30T09:17:19.707+0000][16584][gc,age       ] GC(101) - age   3:       2392 bytes,    2696072 total
[2020-09-30T09:17:19.707+0000][16584][gc,age       ] GC(101) - age   4:       1864 bytes,    2697936 total
[2020-09-30T09:17:19.707+0000][16584][gc,age       ] GC(101) - age   5:       4616 bytes,    2702552 total
[2020-09-30T09:17:19.707+0000][16584][gc,age       ] GC(101) - age   6:      14408 bytes,    2716960 total
[2020-09-30T09:17:19.707+0000][16584][gc,age       ] GC(101) - age   7:        976 bytes,    2717936 total
[2020-09-30T09:17:19.707+0000][16584][gc,age       ] GC(101) - age   8:       2096 bytes,    2720032 total
[2020-09-30T09:17:19.707+0000][16584][gc,age       ] GC(101) - age   9:       1616 bytes,    2721648 total
[2020-09-30T09:17:19.707+0000][16584][gc,age       ] GC(101) - age  10:       1112 bytes,    2722760 total
[2020-09-30T09:17:19.707+0000][16584][gc,age       ] GC(101) - age  11:      37320 bytes,    2760080 total
[2020-09-30T09:17:19.708+0000][16584][gc,age       ] GC(101) - age  12:       1632 bytes,    2761712 total
[2020-09-30T09:17:19.708+0000][16584][gc,age       ] GC(101) - age  13:     205344 bytes,    2967056 total
[2020-09-30T09:17:19.708+0000][16584][gc,age       ] GC(101) - age  14:     646760 bytes,    3613816 total
[2020-09-30T09:17:19.708+0000][16584][gc,age       ] GC(101) - age  15:       1128 bytes,    3614944 total
[2020-09-30T09:17:19.708+0000][16584][gc,phases    ] GC(101)   Pre Evacuate Collection Set: 0.5ms
[2020-09-30T09:17:19.708+0000][16584][gc,phases    ] GC(101)   Merge Heap Roots: 0.1ms
[2020-09-30T09:17:19.708+0000][16584][gc,phases    ] GC(101)   Evacuate Collection Set: 3.3ms
[2020-09-30T09:17:19.708+0000][16584][gc,phases    ] GC(101)   Post Evacuate Collection Set: 1.6ms
[2020-09-30T09:17:19.708+0000][16584][gc,phases    ] GC(101)   Other: 1.1ms
[2020-09-30T09:17:19.708+0000][16584][gc,heap      ] GC(101) Eden regions: 50->0(505)
[2020-09-30T09:17:19.708+0000][16584][gc,heap      ] GC(101) Survivor regions: 5->4(64)
[2020-09-30T09:17:19.708+0000][16584][gc,heap      ] GC(101) Old regions: 75->75
[2020-09-30T09:17:19.708+0000][16584][gc,heap      ] GC(101) Archive regions: 0->0
[2020-09-30T09:17:19.708+0000][16584][gc,heap      ] GC(101) Humongous regions: 270->174
[2020-09-30T09:17:19.708+0000][16584][gc,metaspace ] GC(101) Metaspace: 85325K(91136K)->85325K(91136K) NonClass: 74133K(77568K)->74133K(77568K) Class: 11192K(13568K)->11192K(13568K)
[2020-09-30T09:17:19.708+0000][16584][gc           ] GC(101) Pause Young (Concurrent Start) (G1 Humongous Allocation) 398M->252M(1024M) 7.198ms
[2020-09-30T09:17:19.708+0000][16584][gc,cpu       ] GC(101) User=0.13s Sys=0.00s Real=0.01s
[2020-09-30T09:17:19.708+0000][16584][gc           ] GC(102) Concurrent Cycle
[2020-09-30T09:17:19.709+0000][16584][gc,marking   ] GC(102) Concurrent Clear Claimed Marks
[2020-09-30T09:17:19.709+0000][16584][gc,marking   ] GC(102) Concurrent Clear Claimed Marks 0.431ms
[2020-09-30T09:17:19.709+0000][16584][gc,marking   ] GC(102) Concurrent Scan Root Regions
[2020-09-30T09:17:19.709+0000][16584][safepoint    ] Safepoint "G1TryInitiateConcMark", Time since last: 52235900 ns, Reaching safepoint: 185400 ns, At safepoint: 8062000 ns, Total: 8247400 ns
[2020-09-30T09:17:19.712+0000][16584][gc,marking   ] GC(102) Concurrent Scan Root Regions 2.846ms
[2020-09-30T09:17:19.712+0000][16584][gc,marking   ] GC(102) Concurrent Mark (133.569s)
[2020-09-30T09:17:19.712+0000][16584][gc,marking   ] GC(102) Concurrent Mark From Roots
[2020-09-30T09:17:19.712+0000][16584][gc,task      ] GC(102) Using 2 workers of 2 for marking
[2020-09-30T09:17:19.888+0000][16584][gc,marking   ] GC(102) Concurrent Mark From Roots 175.989ms
[2020-09-30T09:17:19.888+0000][16584][gc,marking   ] GC(102) Concurrent Preclean
[2020-09-30T09:17:19.889+0000][16584][gc,marking   ] GC(102) Concurrent Preclean 0.707ms
[2020-09-30T09:17:19.890+0000][16584][gc,marking   ] GC(102) Concurrent Mark (133.569s, 133.746s) 177.265ms
[2020-09-30T09:17:19.890+0000][16584][gc,start     ] GC(102) Pause Remark
[2020-09-30T09:17:19.895+0000][16584][gc           ] GC(102) Pause Remark 383M->383M(1024M) 5.202ms
[2020-09-30T09:17:19.895+0000][16584][gc,cpu       ] GC(102) User=0.00s Sys=0.00s Real=0.00s
[2020-09-30T09:17:19.895+0000][16584][safepoint    ] Safepoint "G1Concurrent", Time since last: 180304300 ns, Reaching safepoint: 324800 ns, At safepoint: 5433200 ns, Total: 5758000 ns
[2020-09-30T09:17:19.895+0000][16584][gc,marking   ] GC(102) Concurrent Rebuild Remembered Sets
[2020-09-30T09:17:20.002+0000][16584][gc,marking   ] GC(102) Concurrent Rebuild Remembered Sets 106.887ms
[2020-09-30T09:17:20.002+0000][16584][gc,start     ] GC(102) Pause Cleanup
[2020-09-30T09:17:20.003+0000][16584][gc           ] GC(102) Pause Cleanup 386M->386M(1024M) 0.357ms
[2020-09-30T09:17:20.003+0000][16584][gc,cpu       ] GC(102) User=0.00s Sys=0.00s Real=0.00s
[2020-09-30T09:17:20.003+0000][16584][safepoint    ] Safepoint "G1Concurrent", Time since last: 107093900 ns, Reaching safepoint: 160400 ns, At safepoint: 572300 ns, Total: 732700 ns
[2020-09-30T09:17:20.003+0000][16584][gc,marking   ] GC(102) Concurrent Cleanup for Next Mark
[2020-09-30T09:17:20.005+0000][16584][gc,marking   ] GC(102) Concurrent Cleanup for Next Mark 1.804ms
[2020-09-30T09:17:20.005+0000][16584][gc           ] GC(102) Concurrent Cycle 296.577ms
[2020-09-30T09:17:20.204+0000][16584][gc,start     ] GC(103) Pause Young (Concurrent Start) (G1 Humongous Allocation)
[2020-09-30T09:17:20.204+0000][16584][gc,task      ] GC(103) Using 8 workers of 8 for evacuation
[2020-09-30T09:17:20.204+0000][16584][gc,age       ] GC(103) Desired survivor size 33554432 bytes, new threshold 15 (max threshold 15)
[2020-09-30T09:17:20.208+0000][16584][gc,age       ] GC(103) Age table with threshold 15 (max threshold 15)
[2020-09-30T09:17:20.209+0000][16584][gc,age       ] GC(103) - age   1:    2685112 bytes,    2685112 total
[2020-09-30T09:17:20.209+0000][16584][gc,age       ] GC(103) - age   2:      16136 bytes,    2701248 total
[2020-09-30T09:17:20.209+0000][16584][gc,age       ] GC(103) - age   3:       3520 bytes,    2704768 total
[2020-09-30T09:17:20.209+0000][16584][gc,age       ] GC(103) - age   4:       2104 bytes,    2706872 total
[2020-09-30T09:17:20.209+0000][16584][gc,age       ] GC(103) - age   5:       1584 bytes,    2708456 total
[2020-09-30T09:17:20.209+0000][16584][gc,age       ] GC(103) - age   6:       1776 bytes,    2710232 total
[2020-09-30T09:17:20.209+0000][16584][gc,age       ] GC(103) - age   7:      14280 bytes,    2724512 total
[2020-09-30T09:17:20.209+0000][16584][gc,age       ] GC(103) - age   8:        976 bytes,    2725488 total
[2020-09-30T09:17:20.209+0000][16584][gc,age       ] GC(103) - age   9:       2096 bytes,    2727584 total
[2020-09-30T09:17:20.209+0000][16584][gc,age       ] GC(103) - age  10:       1360 bytes,    2728944 total
[2020-09-30T09:17:20.209+0000][16584][gc,age       ] GC(103) - age  11:       1112 bytes,    2730056 total
[2020-09-30T09:17:20.209+0000][16584][gc,age       ] GC(103) - age  12:      37320 bytes,    2767376 total
[2020-09-30T09:17:20.209+0000][16584][gc,age       ] GC(103) - age  13:       1632 bytes,    2769008 total
[2020-09-30T09:17:20.209+0000][16584][gc,age       ] GC(103) - age  14:     205272 bytes,    2974280 total
[2020-09-30T09:17:20.209+0000][16584][gc,age       ] GC(103) - age  15:     646696 bytes,    3620976 total
[2020-09-30T09:17:20.209+0000][16584][gc,phases    ] GC(103)   Pre Evacuate Collection Set: 0.5ms
[2020-09-30T09:17:20.209+0000][16584][gc,phases    ] GC(103)   Merge Heap Roots: 0.1ms
[2020-09-30T09:17:20.209+0000][16584][gc,phases    ] GC(103)   Evacuate Collection Set: 2.9ms
[2020-09-30T09:17:20.209+0000][16584][gc,phases    ] GC(103)   Post Evacuate Collection Set: 0.9ms
[2020-09-30T09:17:20.210+0000][16584][gc,phases    ] GC(103)   Other: 1.3ms
[2020-09-30T09:17:20.210+0000][16584][gc,heap      ] GC(103) Eden regions: 45->0(506)
[2020-09-30T09:17:20.210+0000][16584][gc,heap      ] GC(103) Survivor regions: 4->4(64)
[2020-09-30T09:17:20.210+0000][16584][gc,heap      ] GC(103) Old regions: 75->75
[2020-09-30T09:17:20.210+0000][16584][gc,heap      ] GC(103) Archive regions: 0->0
[2020-09-30T09:17:20.210+0000][16584][gc,heap      ] GC(103) Humongous regions: 274->174
[2020-09-30T09:17:20.210+0000][16584][gc,metaspace ] GC(103) Metaspace: 85364K(91392K)->85364K(91392K) NonClass: 74172K(77824K)->74172K(77824K) Class: 11192K(13568K)->11192K(13568K)
[2020-09-30T09:17:20.210+0000][16584][gc           ] GC(103) Pause Young (Concurrent Start) (G1 Humongous Allocation) 396M->252M(1024M) 6.203ms
[2020-09-30T09:17:20.210+0000][16584][gc,cpu       ] GC(103) User=0.00s Sys=0.00s Real=0.01s
[2020-09-30T09:17:20.210+0000][16584][gc           ] GC(104) Concurrent Cycle
[2020-09-30T09:17:20.210+0000][16584][safepoint    ] Safepoint "G1TryInitiateConcMark", Time since last: 200566100 ns, Reaching safepoint: 207200 ns, At safepoint: 6480700 ns, Total: 6687900 ns
[2020-09-30T09:17:20.210+0000][16584][gc,marking   ] GC(104) Concurrent Clear Claimed Marks
[2020-09-30T09:17:20.211+0000][16584][gc,marking   ] GC(104) Concurrent Clear Claimed Marks 0.503ms
[2020-09-30T09:17:20.211+0000][16584][gc,marking   ] GC(104) Concurrent Scan Root Regions
[2020-09-30T09:17:20.214+0000][16584][gc,marking   ] GC(104) Concurrent Scan Root Regions 3.499ms
[2020-09-30T09:17:20.214+0000][16584][gc,marking   ] GC(104) Concurrent Mark (134.072s)
[2020-09-30T09:17:20.215+0000][16584][gc,marking   ] GC(104) Concurrent Mark From Roots
[2020-09-30T09:17:20.215+0000][16584][gc,task      ] GC(104) Using 2 workers of 2 for marking
[2020-09-30T09:17:20.389+0000][16584][gc,marking   ] GC(104) Concurrent Mark From Roots 174.146ms
[2020-09-30T09:17:20.389+0000][16584][gc,marking   ] GC(104) Concurrent Preclean
[2020-09-30T09:17:20.390+0000][16584][gc,marking   ] GC(104) Concurrent Preclean 0.789ms
[2020-09-30T09:17:20.390+0000][16584][gc,marking   ] GC(104) Concurrent Mark (134.072s, 134.247s) 175.229ms
[2020-09-30T09:17:20.390+0000][16584][gc,start     ] GC(104) Pause Remark
[2020-09-30T09:17:20.396+0000][16584][gc           ] GC(104) Pause Remark 381M->381M(1024M) 6.284ms
[2020-09-30T09:17:20.397+0000][16584][gc,cpu       ] GC(104) User=0.00s Sys=0.00s Real=0.01s
[2020-09-30T09:17:20.397+0000][16584][safepoint    ] Safepoint "G1Concurrent", Time since last: 179691500 ns, Reaching safepoint: 244400 ns, At safepoint: 6583600 ns, Total: 6828000 ns
[2020-09-30T09:17:20.397+0000][16584][gc,marking   ] GC(104) Concurrent Rebuild Remembered Sets
[2020-09-30T09:17:20.504+0000][16584][gc,marking   ] GC(104) Concurrent Rebuild Remembered Sets 106.830ms
[2020-09-30T09:17:20.504+0000][16584][gc,start     ] GC(104) Pause Cleanup
[2020-09-30T09:17:20.504+0000][16584][gc           ] GC(104) Pause Cleanup 456M->456M(1024M) 0.344ms
[2020-09-30T09:17:20.504+0000][16584][gc,cpu       ] GC(104) User=0.00s Sys=0.00s Real=0.00s
[2020-09-30T09:17:20.504+0000][16584][safepoint    ] Safepoint "G1Concurrent", Time since last: 107054700 ns, Reaching safepoint: 140000 ns, At safepoint: 589800 ns, Total: 729800 ns
[2020-09-30T09:17:20.505+0000][16584][gc,marking   ] GC(104) Concurrent Cleanup for Next Mark
[2020-09-30T09:17:20.506+0000][16584][gc,marking   ] GC(104) Concurrent Cleanup for Next Mark 1.909ms
[2020-09-30T09:17:20.507+0000][16584][gc           ] GC(104) Concurrent Cycle 296.534ms
[2020-09-30T09:17:20.559+0000][16584][gc,start     ] GC(105) Pause Young (Concurrent Start) (G1 Humongous Allocation)
[2020-09-30T09:17:20.559+0000][16584][gc,task      ] GC(105) Using 8 workers of 8 for evacuation
[2020-09-30T09:17:20.559+0000][16584][gc,age       ] GC(105) Desired survivor size 33554432 bytes, new threshold 15 (max threshold 15)
[2020-09-30T09:17:20.564+0000][16584][gc,age       ] GC(105) Age table with threshold 15 (max threshold 15)
[2020-09-30T09:17:20.564+0000][16584][gc,age       ] GC(105) - age   1:    3309168 bytes,    3309168 total
[2020-09-30T09:17:20.564+0000][16584][gc,age       ] GC(105) - age   2:      13288 bytes,    3322456 total
[2020-09-30T09:17:20.564+0000][16584][gc,age       ] GC(105) - age   3:      12448 bytes,    3334904 total
[2020-09-30T09:17:20.564+0000][16584][gc,age       ] GC(105) - age   4:       1968 bytes,    3336872 total
[2020-09-30T09:17:20.564+0000][16584][gc,age       ] GC(105) - age   5:       2072 bytes,    3338944 total
[2020-09-30T09:17:20.564+0000][16584][gc,age       ] GC(105) - age   6:       1168 bytes,    3340112 total
[2020-09-30T09:17:20.564+0000][16584][gc,age       ] GC(105) - age   7:       1776 bytes,    3341888 total
[2020-09-30T09:17:20.564+0000][16584][gc,age       ] GC(105) - age   8:      14280 bytes,    3356168 total
[2020-09-30T09:17:20.564+0000][16584][gc,age       ] GC(105) - age   9:        976 bytes,    3357144 total
[2020-09-30T09:17:20.564+0000][16584][gc,age       ] GC(105) - age  10:       1968 bytes,    3359112 total
[2020-09-30T09:17:20.564+0000][16584][gc,age       ] GC(105) - age  11:       1360 bytes,    3360472 total
[2020-09-30T09:17:20.565+0000][16584][gc,age       ] GC(105) - age  12:       1080 bytes,    3361552 total
[2020-09-30T09:17:20.565+0000][16584][gc,age       ] GC(105) - age  13:      37320 bytes,    3398872 total
[2020-09-30T09:17:20.565+0000][16584][gc,age       ] GC(105) - age  14:       1536 bytes,    3400408 total
[2020-09-30T09:17:20.565+0000][16584][gc,age       ] GC(105) - age  15:     204856 bytes,    3605264 total
[2020-09-30T09:17:20.565+0000][16584][gc,phases    ] GC(105)   Pre Evacuate Collection Set: 0.5ms
[2020-09-30T09:17:20.565+0000][16584][gc,phases    ] GC(105)   Merge Heap Roots: 0.1ms
[2020-09-30T09:17:20.565+0000][16584][gc,phases    ] GC(105)   Evacuate Collection Set: 2.9ms
[2020-09-30T09:17:20.565+0000][16584][gc,phases    ] GC(105)   Post Evacuate Collection Set: 0.9ms
[2020-09-30T09:17:20.565+0000][16584][gc,phases    ] GC(105)   Other: 1.6ms
[2020-09-30T09:17:20.565+0000][16584][gc,heap      ] GC(105) Eden regions: 64->0(505)
[2020-09-30T09:17:20.565+0000][16584][gc,heap      ] GC(105) Survivor regions: 4->4(64)
[2020-09-30T09:17:20.565+0000][16584][gc,heap      ] GC(105) Old regions: 75->76
[2020-09-30T09:17:20.565+0000][16584][gc,heap      ] GC(105) Archive regions: 0->0
[2020-09-30T09:17:20.566+0000][16584][gc,heap      ] GC(105) Humongous regions: 324->174
[2020-09-30T09:17:20.566+0000][16584][gc,metaspace ] GC(105) Metaspace: 85429K(91392K)->85429K(91392K) NonClass: 74234K(77824K)->74234K(77824K) Class: 11194K(13568K)->11194K(13568K)
[2020-09-30T09:17:20.566+0000][16584][gc           ] GC(105) Pause Young (Concurrent Start) (G1 Humongous Allocation) 466M->253M(1024M) 6.566ms
[2020-09-30T09:17:20.566+0000][16584][gc,cpu       ] GC(105) User=0.09s Sys=0.00s Real=0.01s
[2020-09-30T09:17:20.566+0000][16584][gc           ] GC(106) Concurrent Cycle
[2020-09-30T09:17:20.566+0000][16584][safepoint    ] Safepoint "G1TryInitiateConcMark", Time since last: 54425100 ns, Reaching safepoint: 162100 ns, At safepoint: 6864900 ns, Total: 7027000 ns
[2020-09-30T09:17:20.566+0000][16584][gc,marking   ] GC(106) Concurrent Clear Claimed Marks
[2020-09-30T09:17:20.566+0000][16584][gc,marking   ] GC(106) Concurrent Clear Claimed Marks 0.533ms
[2020-09-30T09:17:20.567+0000][16584][gc,marking   ] GC(106) Concurrent Scan Root Regions
[2020-09-30T09:17:20.569+0000][16584][gc,marking   ] GC(106) Concurrent Scan Root Regions 2.705ms
[2020-09-30T09:17:20.569+0000][16584][gc,marking   ] GC(106) Concurrent Mark (134.427s)
[2020-09-30T09:17:20.570+0000][16584][gc,marking   ] GC(106) Concurrent Mark From Roots
[2020-09-30T09:17:20.570+0000][16584][gc,task      ] GC(106) Using 2 workers of 2 for marking
[2020-09-30T09:17:20.758+0000][16584][gc,marking   ] GC(106) Concurrent Mark From Roots 187.971ms
[2020-09-30T09:17:20.758+0000][16584][gc,marking   ] GC(106) Concurrent Preclean
[2020-09-30T09:17:20.758+0000][16584][gc,marking   ] GC(106) Concurrent Preclean 0.553ms
[2020-09-30T09:17:20.758+0000][16584][gc,marking   ] GC(106) Concurrent Mark (134.427s, 134.615s) 188.775ms
[2020-09-30T09:17:20.759+0000][16584][gc,start     ] GC(106) Pause Remark
[2020-09-30T09:17:20.764+0000][16584][gc           ] GC(106) Pause Remark 454M->454M(1024M) 5.232ms
[2020-09-30T09:17:20.764+0000][16584][gc,cpu       ] GC(106) User=0.05s Sys=0.00s Real=0.00s
[2020-09-30T09:17:20.764+0000][16584][safepoint    ] Safepoint "G1Concurrent", Time since last: 192403300 ns, Reaching safepoint: 208300 ns, At safepoint: 5462100 ns, Total: 5670400 ns
[2020-09-30T09:17:20.764+0000][16584][gc,marking   ] GC(106) Concurrent Rebuild Remembered Sets
[2020-09-30T09:17:20.863+0000][16584][gc,marking   ] GC(106) Concurrent Rebuild Remembered Sets 99.157ms
[2020-09-30T09:17:20.863+0000][16584][gc,start     ] GC(106) Pause Cleanup
[2020-09-30T09:17:20.864+0000][16584][gc           ] GC(106) Pause Cleanup 528M->528M(1024M) 0.365ms
[2020-09-30T09:17:20.864+0000][16584][gc,cpu       ] GC(106) User=0.00s Sys=0.00s Real=0.00s
[2020-09-30T09:17:20.864+0000][16584][safepoint    ] Safepoint "G1Concurrent", Time since last: 99374200 ns, Reaching safepoint: 157300 ns, At safepoint: 560000 ns, Total: 717300 ns
[2020-09-30T09:17:20.864+0000][16584][gc,marking   ] GC(106) Concurrent Cleanup for Next Mark
[2020-09-30T09:17:20.866+0000][16584][gc,marking   ] GC(106) Concurrent Cleanup for Next Mark 1.866ms
[2020-09-30T09:17:20.866+0000][16584][gc           ] GC(106) Concurrent Cycle 300.295ms
[2020-09-30T09:17:20.884+0000][16584][gc,start     ] GC(107) Pause Young (Concurrent Start) (G1 Humongous Allocation)
[2020-09-30T09:17:20.884+0000][16584][gc,task      ] GC(107) Using 8 workers of 8 for evacuation
[2020-09-30T09:17:20.884+0000][16584][gc,age       ] GC(107) Desired survivor size 33554432 bytes, new threshold 15 (max threshold 15)
[2020-09-30T09:17:20.888+0000][16584][gc,age       ] GC(107) Age table with threshold 15 (max threshold 15)
[2020-09-30T09:17:20.888+0000][16584][gc,age       ] GC(107) - age   1:    3507976 bytes,    3507976 total
[2020-09-30T09:17:20.888+0000][16584][gc,age       ] GC(107) - age   2:     215112 bytes,    3723088 total
[2020-09-30T09:17:20.888+0000][16584][gc,age       ] GC(107) - age   3:      12552 bytes,    3735640 total
[2020-09-30T09:17:20.888+0000][16584][gc,age       ] GC(107) - age   4:       9680 bytes,    3745320 total
[2020-09-30T09:17:20.888+0000][16584][gc,age       ] GC(107) - age   5:       1496 bytes,    3746816 total
[2020-09-30T09:17:20.888+0000][16584][gc,age       ] GC(107) - age   6:       1848 bytes,    3748664 total
[2020-09-30T09:17:20.889+0000][16584][gc,age       ] GC(107) - age   7:       1048 bytes,    3749712 total
[2020-09-30T09:17:20.889+0000][16584][gc,age       ] GC(107) - age   8:       1320 bytes,    3751032 total
[2020-09-30T09:17:20.889+0000][16584][gc,age       ] GC(107) - age   9:      11264 bytes,    3762296 total
[2020-09-30T09:17:20.889+0000][16584][gc,age       ] GC(107) - age  10:        816 bytes,    3763112 total
[2020-09-30T09:17:20.889+0000][16584][gc,age       ] GC(107) - age  11:       1968 bytes,    3765080 total
[2020-09-30T09:17:20.889+0000][16584][gc,age       ] GC(107) - age  12:       1360 bytes,    3766440 total
[2020-09-30T09:17:20.889+0000][16584][gc,age       ] GC(107) - age  13:       1048 bytes,    3767488 total
[2020-09-30T09:17:20.889+0000][16584][gc,age       ] GC(107) - age  14:      37320 bytes,    3804808 total
[2020-09-30T09:17:20.889+0000][16584][gc,age       ] GC(107) - age  15:       1536 bytes,    3806344 total
[2020-09-30T09:17:20.889+0000][16584][gc,phases    ] GC(107)   Pre Evacuate Collection Set: 0.4ms
[2020-09-30T09:17:20.889+0000][16584][gc,phases    ] GC(107)   Merge Heap Roots: 0.1ms
[2020-09-30T09:17:20.889+0000][16584][gc,phases    ] GC(107)   Evacuate Collection Set: 2.5ms
[2020-09-30T09:17:20.889+0000][16584][gc,phases    ] GC(107)   Post Evacuate Collection Set: 1.1ms
[2020-09-30T09:17:20.890+0000][16584][gc,phases    ] GC(107)   Other: 1.4ms
[2020-09-30T09:17:20.890+0000][16584][gc,heap      ] GC(107) Eden regions: 82->0(505)
[2020-09-30T09:17:20.890+0000][16584][gc,heap      ] GC(107) Survivor regions: 4->4(64)
[2020-09-30T09:17:20.890+0000][16584][gc,heap      ] GC(107) Old regions: 76->76
[2020-09-30T09:17:20.890+0000][16584][gc,heap      ] GC(107) Archive regions: 0->0
[2020-09-30T09:17:20.890+0000][16584][gc,heap      ] GC(107) Humongous regions: 374->174
[2020-09-30T09:17:20.890+0000][16584][gc,metaspace ] GC(107) Metaspace: 85456K(91392K)->85456K(91392K) NonClass: 74261K(77824K)->74261K(77824K) Class: 11195K(13568K)->11195K(13568K)
[2020-09-30T09:17:20.890+0000][16584][gc           ] GC(107) Pause Young (Concurrent Start) (G1 Humongous Allocation) 534M->253M(1024M) 6.203ms
[2020-09-30T09:17:20.890+0000][16584][gc,cpu       ] GC(107) User=0.03s Sys=0.00s Real=0.01s
[2020-09-30T09:17:20.890+0000][16584][gc           ] GC(108) Concurrent Cycle
[2020-09-30T09:17:20.890+0000][16584][safepoint    ] Safepoint "G1TryInitiateConcMark", Time since last: 19647500 ns, Reaching safepoint: 158300 ns, At safepoint: 6449100 ns, Total: 6607400 ns
[2020-09-30T09:17:20.890+0000][16584][gc,marking   ] GC(108) Concurrent Clear Claimed Marks
[2020-09-30T09:17:20.891+0000][16584][gc,marking   ] GC(108) Concurrent Clear Claimed Marks 0.526ms
[2020-09-30T09:17:20.891+0000][16584][gc,marking   ] GC(108) Concurrent Scan Root Regions
[2020-09-30T09:17:20.894+0000][16584][gc,marking   ] GC(108) Concurrent Scan Root Regions 2.904ms
[2020-09-30T09:17:20.894+0000][16584][gc,marking   ] GC(108) Concurrent Mark (134.751s)
[2020-09-30T09:17:20.894+0000][16584][gc,marking   ] GC(108) Concurrent Mark From Roots
[2020-09-30T09:17:20.894+0000][16584][gc,task      ] GC(108) Using 2 workers of 2 for marking
[2020-09-30T09:17:21.063+0000][16584][gc,marking   ] GC(108) Concurrent Mark From Roots 168.311ms
[2020-09-30T09:17:21.063+0000][16584][gc,marking   ] GC(108) Concurrent Preclean
[2020-09-30T09:17:21.064+0000][16584][gc,marking   ] GC(108) Concurrent Preclean 0.627ms
[2020-09-30T09:17:21.064+0000][16584][gc,marking   ] GC(108) Concurrent Mark (134.751s, 134.920s) 169.187ms
[2020-09-30T09:17:21.064+0000][16584][gc,start     ] GC(108) Pause Remark
[2020-09-30T09:17:21.076+0000][16584][gc           ] GC(108) Pause Remark 389M->389M(1024M) 11.948ms
[2020-09-30T09:17:21.076+0000][16584][gc,cpu       ] GC(108) User=0.00s Sys=0.00s Real=0.01s
[2020-09-30T09:17:21.077+0000][16584][safepoint    ] Safepoint "G1Concurrent", Time since last: 172976400 ns, Reaching safepoint: 159100 ns, At safepoint: 13105200 ns, Total: 13264300 ns
[2020-09-30T09:17:21.077+0000][16584][gc,marking   ] GC(108) Concurrent Rebuild Remembered Sets
[2020-09-30T09:17:21.156+0000][16584][safepoint    ] Safepoint "ICBufferFull", Time since last: 78540500 ns, Reaching safepoint: 815200 ns, At safepoint: 44800 ns, Total: 860000 ns
[2020-09-30T09:17:21.173+0000][16584][gc,marking   ] GC(108) Concurrent Rebuild Remembered Sets 96.363ms
[2020-09-30T09:17:21.176+0000][16584][gc,start     ] GC(108) Pause Cleanup
[2020-09-30T09:17:21.176+0000][16584][gc           ] GC(108) Pause Cleanup 458M->458M(1024M) 0.369ms
[2020-09-30T09:17:21.176+0000][16584][gc,cpu       ] GC(108) User=0.00s Sys=0.00s Real=0.00s
[2020-09-30T09:17:21.176+0000][16584][safepoint    ] Safepoint "G1Concurrent", Time since last: 17212900 ns, Reaching safepoint: 2810400 ns, At safepoint: 636400 ns, Total: 3446800 ns
[2020-09-30T09:17:21.176+0000][16584][gc,marking   ] GC(108) Concurrent Cleanup for Next Mark
[2020-09-30T09:17:21.178+0000][16584][gc,marking   ] GC(108) Concurrent Cleanup for Next Mark 1.736ms
[2020-09-30T09:17:21.178+0000][16584][gc           ] GC(108) Concurrent Cycle 288.316ms
[2020-09-30T09:17:21.225+0000][16584][safepoint    ] Safepoint "ICBufferFull", Time since last: 43234100 ns, Reaching safepoint: 392200 ns, At safepoint: 5100600 ns, Total: 5492800 ns
[2020-09-30T09:17:21.417+0000][16584][safepoint    ] Safepoint "BulkRevokeBias", Time since last: 190722900 ns, Reaching safepoint: 246400 ns, At safepoint: 1040500 ns, Total: 1286900 ns
[2020-09-30T09:17:22.074+0000][16584][safepoint    ] Safepoint "BulkRevokeBias", Time since last: 654608300 ns, Reaching safepoint: 462900 ns, At safepoint: 1944900 ns, Total: 2407800 ns
[2020-09-30T09:17:22.521+0000][16584][safepoint    ] Safepoint "ICBufferFull", Time since last: 446447200 ns, Reaching safepoint: 340700 ns, At safepoint: 34800 ns, Total: 375500 ns
[2020-09-30T09:17:22.658+0000][16584][gc,start     ] GC(109) Pause Young (Concurrent Start) (G1 Humongous Allocation)
[2020-09-30T09:17:22.658+0000][16584][gc,task      ] GC(109) Using 8 workers of 8 for evacuation
[2020-09-30T09:17:22.658+0000][16584][gc,age       ] GC(109) Desired survivor size 33554432 bytes, new threshold 15 (max threshold 15)
[2020-09-30T09:17:22.662+0000][16584][gc,age       ] GC(109) Age table with threshold 15 (max threshold 15)
[2020-09-30T09:17:22.662+0000][16584][gc,age       ] GC(109) - age   1:    3055192 bytes,    3055192 total
[2020-09-30T09:17:22.662+0000][16584][gc,age       ] GC(109) - age   2:       2880 bytes,    3058072 total
[2020-09-30T09:17:22.662+0000][16584][gc,age       ] GC(109) - age   3:       6328 bytes,    3064400 total
[2020-09-30T09:17:22.662+0000][16584][gc,age       ] GC(109) - age   4:      11544 bytes,    3075944 total
[2020-09-30T09:17:22.662+0000][16584][gc,age       ] GC(109) - age   5:       8248 bytes,    3084192 total
[2020-09-30T09:17:22.662+0000][16584][gc,age       ] GC(109) - age   6:       1208 bytes,    3085400 total
[2020-09-30T09:17:22.662+0000][16584][gc,age       ] GC(109) - age   7:       1816 bytes,    3087216 total
[2020-09-30T09:17:22.662+0000][16584][gc,age       ] GC(109) - age   8:        920 bytes,    3088136 total
[2020-09-30T09:17:22.663+0000][16584][gc,age       ] GC(109) - age   9:       1320 bytes,    3089456 total
[2020-09-30T09:17:22.663+0000][16584][gc,age       ] GC(109) - age  10:      10560 bytes,    3100016 total
[2020-09-30T09:17:22.663+0000][16584][gc,age       ] GC(109) - age  11:        784 bytes,    3100800 total
[2020-09-30T09:17:22.663+0000][16584][gc,age       ] GC(109) - age  12:       1968 bytes,    3102768 total
[2020-09-30T09:17:22.663+0000][16584][gc,age       ] GC(109) - age  13:       1360 bytes,    3104128 total
[2020-09-30T09:17:22.663+0000][16584][gc,age       ] GC(109) - age  14:       1048 bytes,    3105176 total
[2020-09-30T09:17:22.663+0000][16584][gc,age       ] GC(109) - age  15:      37000 bytes,    3142176 total
[2020-09-30T09:17:22.663+0000][16584][gc,phases    ] GC(109)   Pre Evacuate Collection Set: 0.4ms
[2020-09-30T09:17:22.663+0000][16584][gc,phases    ] GC(109)   Merge Heap Roots: 0.1ms
[2020-09-30T09:17:22.663+0000][16584][gc,phases    ] GC(109)   Evacuate Collection Set: 2.0ms
[2020-09-30T09:17:22.663+0000][16584][gc,phases    ] GC(109)   Post Evacuate Collection Set: 1.0ms
[2020-09-30T09:17:22.663+0000][16584][gc,phases    ] GC(109)   Other: 1.1ms
[2020-09-30T09:17:22.663+0000][16584][gc,heap      ] GC(109) Eden regions: 97->0(505)
[2020-09-30T09:17:22.663+0000][16584][gc,heap      ] GC(109) Survivor regions: 4->4(64)
[2020-09-30T09:17:22.663+0000][16584][gc,heap      ] GC(109) Old regions: 76->76
[2020-09-30T09:17:22.663+0000][16584][gc,heap      ] GC(109) Archive regions: 0->0
[2020-09-30T09:17:22.663+0000][16584][gc,heap      ] GC(109) Humongous regions: 324->174
[2020-09-30T09:17:22.663+0000][16584][gc,metaspace ] GC(109) Metaspace: 85818K(91904K)->85818K(91904K) NonClass: 74666K(78336K)->74666K(78336K) Class: 11151K(13568K)->11151K(13568K)
[2020-09-30T09:17:22.663+0000][16584][gc           ] GC(109) Pause Young (Concurrent Start) (G1 Humongous Allocation) 500M->252M(1024M) 4.919ms
[2020-09-30T09:17:22.663+0000][16584][gc,cpu       ] GC(109) User=0.00s Sys=0.00s Real=0.01s
[2020-09-30T09:17:22.663+0000][16584][safepoint    ] Safepoint "G1TryInitiateConcMark", Time since last: 136452400 ns, Reaching safepoint: 235800 ns, At safepoint: 5107500 ns, Total: 5343300 ns
[2020-09-30T09:17:22.663+0000][16584][gc           ] GC(110) Concurrent Cycle
[2020-09-30T09:17:22.663+0000][16584][gc,marking   ] GC(110) Concurrent Clear Claimed Marks
[2020-09-30T09:17:22.664+0000][16584][gc,marking   ] GC(110) Concurrent Clear Claimed Marks 0.563ms
[2020-09-30T09:17:22.664+0000][16584][gc,marking   ] GC(110) Concurrent Scan Root Regions
[2020-09-30T09:17:22.667+0000][16584][gc,marking   ] GC(110) Concurrent Scan Root Regions 2.654ms
[2020-09-30T09:17:22.667+0000][16584][gc,marking   ] GC(110) Concurrent Mark (136.524s)
[2020-09-30T09:17:22.667+0000][16584][gc,marking   ] GC(110) Concurrent Mark From Roots
[2020-09-30T09:17:22.667+0000][16584][gc,task      ] GC(110) Using 2 workers of 2 for marking
[2020-09-30T09:17:22.822+0000][16584][gc,marking   ] GC(110) Concurrent Mark From Roots 155.186ms
[2020-09-30T09:17:22.822+0000][16584][gc,marking   ] GC(110) Concurrent Preclean
[2020-09-30T09:17:22.822+0000][16584][gc,marking   ] GC(110) Concurrent Preclean 0.604ms
[2020-09-30T09:17:22.822+0000][16584][gc,marking   ] GC(110) Concurrent Mark (136.524s, 136.680s) 156.013ms
[2020-09-30T09:17:22.823+0000][16584][gc,start     ] GC(110) Pause Remark
[2020-09-30T09:17:22.835+0000][16584][gc           ] GC(110) Pause Remark 324M->324M(1024M) 11.788ms
[2020-09-30T09:17:22.835+0000][16584][gc,cpu       ] GC(110) User=0.13s Sys=0.00s Real=0.01s
[2020-09-30T09:17:22.835+0000][16584][safepoint    ] Safepoint "G1Concurrent", Time since last: 159720700 ns, Reaching safepoint: 235800 ns, At safepoint: 12050200 ns, Total: 12286000 ns
[2020-09-30T09:17:22.835+0000][16584][gc,marking   ] GC(110) Concurrent Rebuild Remembered Sets
[2020-09-30T09:17:22.930+0000][16584][gc,marking   ] GC(110) Concurrent Rebuild Remembered Sets 95.447ms
[2020-09-30T09:17:22.931+0000][16584][gc,start     ] GC(110) Pause Cleanup
[2020-09-30T09:17:22.931+0000][16584][gc           ] GC(110) Pause Cleanup 326M->326M(1024M) 0.318ms
[2020-09-30T09:17:22.931+0000][16584][gc,cpu       ] GC(110) User=0.00s Sys=0.00s Real=0.00s
[2020-09-30T09:17:22.931+0000][16584][safepoint    ] Safepoint "G1Concurrent", Time since last: 95672600 ns, Reaching safepoint: 278000 ns, At safepoint: 505600 ns, Total: 783600 ns
[2020-09-30T09:17:22.931+0000][16584][gc,marking   ] GC(110) Concurrent Cleanup for Next Mark
[2020-09-30T09:17:22.933+0000][16584][gc,marking   ] GC(110) Concurrent Cleanup for Next Mark 1.818ms
[2020-09-30T09:17:22.933+0000][16584][gc           ] GC(110) Concurrent Cycle 270.550ms
[2020-09-30T09:17:23.627+0000][16584][safepoint    ] Safepoint "ICBufferFull", Time since last: 695029600 ns, Reaching safepoint: 360800 ns, At safepoint: 322700 ns, Total: 683500 ns
[2020-09-30T09:17:24.036+0000][16584][gc,start     ] GC(111) Pause Young (Concurrent Start) (G1 Humongous Allocation)
[2020-09-30T09:17:24.037+0000][16584][gc,task      ] GC(111) Using 8 workers of 8 for evacuation
[2020-09-30T09:17:24.037+0000][16584][gc,age       ] GC(111) Desired survivor size 33554432 bytes, new threshold 15 (max threshold 15)
[2020-09-30T09:17:24.041+0000][16584][gc,age       ] GC(111) Age table with threshold 15 (max threshold 15)
[2020-09-30T09:17:24.042+0000][16584][gc,age       ] GC(111) - age   1:    3449032 bytes,    3449032 total
[2020-09-30T09:17:24.042+0000][16584][gc,age       ] GC(111) - age   2:     227400 bytes,    3676432 total
[2020-09-30T09:17:24.042+0000][16584][gc,age       ] GC(111) - age   3:       2152 bytes,    3678584 total
[2020-09-30T09:17:24.042+0000][16584][gc,age       ] GC(111) - age   4:       6168 bytes,    3684752 total
[2020-09-30T09:17:24.042+0000][16584][gc,age       ] GC(111) - age   5:      11416 bytes,    3696168 total
[2020-09-30T09:17:24.042+0000][16584][gc,age       ] GC(111) - age   6:       7960 bytes,    3704128 total
[2020-09-30T09:17:24.042+0000][16584][gc,age       ] GC(111) - age   7:       1144 bytes,    3705272 total
[2020-09-30T09:17:24.042+0000][16584][gc,age       ] GC(111) - age   8:       1816 bytes,    3707088 total
[2020-09-30T09:17:24.042+0000][16584][gc,age       ] GC(111) - age   9:        920 bytes,    3708008 total
[2020-09-30T09:17:24.042+0000][16584][gc,age       ] GC(111) - age  10:       1320 bytes,    3709328 total
[2020-09-30T09:17:24.042+0000][16584][gc,age       ] GC(111) - age  11:      10528 bytes,    3719856 total
[2020-09-30T09:17:24.042+0000][16584][gc,age       ] GC(111) - age  12:        784 bytes,    3720640 total
[2020-09-30T09:17:24.042+0000][16584][gc,age       ] GC(111) - age  13:       1968 bytes,    3722608 total
[2020-09-30T09:17:24.042+0000][16584][gc,age       ] GC(111) - age  14:       1360 bytes,    3723968 total
[2020-09-30T09:17:24.042+0000][16584][gc,age       ] GC(111) - age  15:       1048 bytes,    3725016 total
[2020-09-30T09:17:24.042+0000][16584][gc,phases    ] GC(111)   Pre Evacuate Collection Set: 0.5ms
[2020-09-30T09:17:24.042+0000][16584][gc,phases    ] GC(111)   Merge Heap Roots: 0.1ms
[2020-09-30T09:17:24.042+0000][16584][gc,phases    ] GC(111)   Evacuate Collection Set: 3.0ms
[2020-09-30T09:17:24.042+0000][16584][gc,phases    ] GC(111)   Post Evacuate Collection Set: 1.0ms
[2020-09-30T09:17:24.042+0000][16584][gc,phases    ] GC(111)   Other: 0.9ms
[2020-09-30T09:17:24.042+0000][16584][gc,heap      ] GC(111) Eden regions: 68->0(504)
[2020-09-30T09:17:24.042+0000][16584][gc,heap      ] GC(111) Survivor regions: 4->4(64)
[2020-09-30T09:17:24.042+0000][16584][gc,heap      ] GC(111) Old regions: 76->76
[2020-09-30T09:17:24.042+0000][16584][gc,heap      ] GC(111) Archive regions: 0->0
[2020-09-30T09:17:24.042+0000][16584][gc,heap      ] GC(111) Humongous regions: 231->174
[2020-09-30T09:17:24.042+0000][16584][gc,metaspace ] GC(111) Metaspace: 86184K(92160K)->86184K(92160K) NonClass: 75044K(78592K)->75044K(78592K) Class: 11140K(13568K)->11140K(13568K)
[2020-09-30T09:17:24.042+0000][16584][gc           ] GC(111) Pause Young (Concurrent Start) (G1 Humongous Allocation) 377M->253M(1024M) 5.792ms
[2020-09-30T09:17:24.042+0000][16584][gc,cpu       ] GC(111) User=0.00s Sys=0.00s Real=0.01s
[2020-09-30T09:17:24.042+0000][16584][gc           ] GC(112) Concurrent Cycle
[2020-09-30T09:17:24.042+0000][16584][gc,marking   ] GC(112) Concurrent Clear Claimed Marks
[2020-09-30T09:17:24.043+0000][16584][safepoint    ] Safepoint "G1TryInitiateConcMark", Time since last: 408397500 ns, Reaching safepoint: 369400 ns, At safepoint: 6224200 ns, Total: 6593600 ns
[2020-09-30T09:17:24.043+0000][16584][gc,marking   ] GC(112) Concurrent Clear Claimed Marks 0.368ms
[2020-09-30T09:17:24.043+0000][16584][gc,marking   ] GC(112) Concurrent Scan Root Regions
[2020-09-30T09:17:24.045+0000][16584][safepoint    ] Safepoint "G1TryInitiateConcMark", Time since last: 1661400 ns, Reaching safepoint: 241500 ns, At safepoint: 63200 ns, Total: 304700 ns
[2020-09-30T09:17:24.045+0000][16584][gc,marking   ] GC(112) Concurrent Scan Root Regions 1.703ms
[2020-09-30T09:17:24.045+0000][16584][gc,marking   ] GC(112) Concurrent Mark (137.901s)
[2020-09-30T09:17:24.045+0000][16584][gc,marking   ] GC(112) Concurrent Mark From Roots
[2020-09-30T09:17:24.045+0000][16584][gc,task      ] GC(112) Using 2 workers of 2 for marking
[2020-09-30T09:17:24.201+0000][16584][gc,marking   ] GC(112) Concurrent Mark From Roots 156.140ms
[2020-09-30T09:17:24.201+0000][16584][gc,marking   ] GC(112) Concurrent Preclean
[2020-09-30T09:17:24.202+0000][16584][gc,marking   ] GC(112) Concurrent Preclean 0.459ms
[2020-09-30T09:17:24.202+0000][16584][gc,marking   ] GC(112) Concurrent Mark (137.901s, 138.058s) 156.787ms
[2020-09-30T09:17:24.202+0000][16584][gc,start     ] GC(112) Pause Remark
[2020-09-30T09:17:24.208+0000][16584][gc           ] GC(112) Pause Remark 339M->339M(1024M) 6.152ms
[2020-09-30T09:17:24.208+0000][16584][gc,cpu       ] GC(112) User=0.00s Sys=0.00s Real=0.01s
[2020-09-30T09:17:24.208+0000][16584][safepoint    ] Safepoint "G1Concurrent", Time since last: 157024800 ns, Reaching safepoint: 261500 ns, At safepoint: 6374700 ns, Total: 6636200 ns
[2020-09-30T09:17:24.208+0000][16584][gc,marking   ] GC(112) Concurrent Rebuild Remembered Sets
[2020-09-30T09:17:24.266+0000][16584][safepoint    ] Safepoint "ICBufferFull", Time since last: 56933200 ns, Reaching safepoint: 948500 ns, At safepoint: 55200 ns, Total: 1003700 ns
[2020-09-30T09:17:24.304+0000][16584][gc,marking   ] GC(112) Concurrent Rebuild Remembered Sets 95.437ms
[2020-09-30T09:17:24.304+0000][16584][gc,start     ] GC(112) Pause Cleanup
[2020-09-30T09:17:24.304+0000][16584][gc           ] GC(112) Pause Cleanup 345M->345M(1024M) 0.326ms
[2020-09-30T09:17:24.305+0000][16584][gc,cpu       ] GC(112) User=0.00s Sys=0.00s Real=0.00s
[2020-09-30T09:17:24.305+0000][16584][safepoint    ] Safepoint "G1Concurrent", Time since last: 37685200 ns, Reaching safepoint: 161300 ns, At safepoint: 527000 ns, Total: 688300 ns
[2020-09-30T09:17:24.305+0000][16584][gc,marking   ] GC(112) Concurrent Cleanup for Next Mark
[2020-09-30T09:17:24.306+0000][16584][gc,marking   ] GC(112) Concurrent Cleanup for Next Mark 1.391ms
[2020-09-30T09:17:24.306+0000][16584][gc           ] GC(112) Concurrent Cycle 263.722ms
[2020-09-30T09:17:24.376+0000][16584][gc,start     ] GC(113) Pause Young (Concurrent Start) (G1 Humongous Allocation)
[2020-09-30T09:17:24.376+0000][16584][gc,task      ] GC(113) Using 8 workers of 8 for evacuation
[2020-09-30T09:17:24.377+0000][16584][gc,age       ] GC(113) Desired survivor size 33554432 bytes, new threshold 15 (max threshold 15)
[2020-09-30T09:17:24.381+0000][16584][gc,age       ] GC(113) Age table with threshold 15 (max threshold 15)
[2020-09-30T09:17:24.381+0000][16584][gc,age       ] GC(113) - age   1:    3023896 bytes,    3023896 total
[2020-09-30T09:17:24.381+0000][16584][gc,age       ] GC(113) - age   2:     324136 bytes,    3348032 total
[2020-09-30T09:17:24.381+0000][16584][gc,age       ] GC(113) - age   3:     226224 bytes,    3574256 total
[2020-09-30T09:17:24.381+0000][16584][gc,age       ] GC(113) - age   4:       1992 bytes,    3576248 total
[2020-09-30T09:17:24.381+0000][16584][gc,age       ] GC(113) - age   5:       5952 bytes,    3582200 total
[2020-09-30T09:17:24.381+0000][16584][gc,age       ] GC(113) - age   6:      11416 bytes,    3593616 total
[2020-09-30T09:17:24.381+0000][16584][gc,age       ] GC(113) - age   7:       7960 bytes,    3601576 total
[2020-09-30T09:17:24.381+0000][16584][gc,age       ] GC(113) - age   8:        744 bytes,    3602320 total
[2020-09-30T09:17:24.381+0000][16584][gc,age       ] GC(113) - age   9:       1784 bytes,    3604104 total
[2020-09-30T09:17:24.381+0000][16584][gc,age       ] GC(113) - age  10:        856 bytes,    3604960 total
[2020-09-30T09:17:24.381+0000][16584][gc,age       ] GC(113) - age  11:       1320 bytes,    3606280 total
[2020-09-30T09:17:24.381+0000][16584][gc,age       ] GC(113) - age  12:      10528 bytes,    3616808 total
[2020-09-30T09:17:24.382+0000][16584][gc,age       ] GC(113) - age  13:        784 bytes,    3617592 total
[2020-09-30T09:17:24.382+0000][16584][gc,age       ] GC(113) - age  14:       1968 bytes,    3619560 total
[2020-09-30T09:17:24.382+0000][16584][gc,age       ] GC(113) - age  15:       1328 bytes,    3620888 total
[2020-09-30T09:17:24.382+0000][16584][gc,phases    ] GC(113)   Pre Evacuate Collection Set: 0.4ms
[2020-09-30T09:17:24.382+0000][16584][gc,phases    ] GC(113)   Merge Heap Roots: 0.1ms
[2020-09-30T09:17:24.382+0000][16584][gc,phases    ] GC(113)   Evacuate Collection Set: 3.0ms
[2020-09-30T09:17:24.382+0000][16584][gc,phases    ] GC(113)   Post Evacuate Collection Set: 0.8ms
[2020-09-30T09:17:24.382+0000][16584][gc,phases    ] GC(113)   Other: 1.1ms
[2020-09-30T09:17:24.382+0000][16584][gc,heap      ] GC(113) Eden regions: 57->0(504)
[2020-09-30T09:17:24.382+0000][16584][gc,heap      ] GC(113) Survivor regions: 4->4(64)
[2020-09-30T09:17:24.382+0000][16584][gc,heap      ] GC(113) Old regions: 76->76
[2020-09-30T09:17:24.382+0000][16584][gc,heap      ] GC(113) Archive regions: 0->0
[2020-09-30T09:17:24.382+0000][16584][gc,heap      ] GC(113) Humongous regions: 231->175
[2020-09-30T09:17:24.382+0000][16584][gc,metaspace ] GC(113) Metaspace: 86288K(92416K)->86288K(92416K) NonClass: 75142K(78848K)->75142K(78848K) Class: 11145K(13568K)->11145K(13568K)
[2020-09-30T09:17:24.382+0000][16584][gc           ] GC(113) Pause Young (Concurrent Start) (G1 Humongous Allocation) 367M->254M(1024M) 5.819ms
[2020-09-30T09:17:24.382+0000][16584][gc,cpu       ] GC(113) User=0.00s Sys=0.00s Real=0.01s
[2020-09-30T09:17:24.382+0000][16584][gc           ] GC(114) Concurrent Cycle
[2020-09-30T09:17:24.382+0000][16584][gc,marking   ] GC(114) Concurrent Clear Claimed Marks
[2020-09-30T09:17:24.383+0000][16584][gc,marking   ] GC(114) Concurrent Clear Claimed Marks 0.330ms
[2020-09-30T09:17:24.383+0000][16584][gc,marking   ] GC(114) Concurrent Scan Root Regions
[2020-09-30T09:17:24.383+0000][16584][safepoint    ] Safepoint "G1TryInitiateConcMark", Time since last: 71410400 ns, Reaching safepoint: 248900 ns, At safepoint: 6497100 ns, Total: 6746000 ns
[2020-09-30T09:17:24.383+0000][16584][safepoint    ] Safepoint "G1TryInitiateConcMark", Time since last: 454700 ns, Reaching safepoint: 237300 ns, At safepoint: 17200 ns, Total: 254500 ns
[2020-09-30T09:17:24.385+0000][16584][gc,marking   ] GC(114) Concurrent Scan Root Regions 2.340ms
[2020-09-30T09:17:24.385+0000][16584][gc,marking   ] GC(114) Concurrent Mark (138.242s)
[2020-09-30T09:17:24.385+0000][16584][gc,marking   ] GC(114) Concurrent Mark From Roots
[2020-09-30T09:17:24.385+0000][16584][gc,task      ] GC(114) Using 2 workers of 2 for marking
[2020-09-30T09:17:24.531+0000][16584][gc,marking   ] GC(114) Concurrent Mark From Roots 145.298ms
[2020-09-30T09:17:24.531+0000][16584][gc,marking   ] GC(114) Concurrent Preclean
[2020-09-30T09:17:24.531+0000][16584][gc,marking   ] GC(114) Concurrent Preclean 0.378ms
[2020-09-30T09:17:24.531+0000][16584][gc,marking   ] GC(114) Concurrent Mark (138.242s, 138.388s) 145.870ms
[2020-09-30T09:17:24.531+0000][16584][gc,start     ] GC(114) Pause Remark
[2020-09-30T09:17:24.537+0000][16584][gc           ] GC(114) Pause Remark 337M->337M(1024M) 5.730ms
[2020-09-30T09:17:24.537+0000][16584][gc,cpu       ] GC(114) User=0.00s Sys=0.00s Real=0.01s
[2020-09-30T09:17:24.538+0000][16584][safepoint    ] Safepoint "G1Concurrent", Time since last: 147637500 ns, Reaching safepoint: 157200 ns, At safepoint: 7106100 ns, Total: 7263300 ns
[2020-09-30T09:17:24.538+0000][16584][gc,marking   ] GC(114) Concurrent Rebuild Remembered Sets
[2020-09-30T09:17:24.638+0000][16584][gc,marking   ] GC(114) Concurrent Rebuild Remembered Sets 99.895ms
[2020-09-30T09:17:24.639+0000][16584][gc,start     ] GC(114) Pause Cleanup
[2020-09-30T09:17:24.639+0000][16584][gc           ] GC(114) Pause Cleanup 429M->429M(1024M) 0.435ms
[2020-09-30T09:17:24.639+0000][16584][gc,cpu       ] GC(114) User=0.00s Sys=0.00s Real=0.00s
[2020-09-30T09:17:24.639+0000][16584][safepoint    ] Safepoint "G1Concurrent", Time since last: 100141300 ns, Reaching safepoint: 210000 ns, At safepoint: 721800 ns, Total: 931800 ns
[2020-09-30T09:17:24.639+0000][16584][gc,marking   ] GC(114) Concurrent Cleanup for Next Mark
[2020-09-30T09:17:24.641+0000][16584][gc,marking   ] GC(114) Concurrent Cleanup for Next Mark 1.750ms
[2020-09-30T09:17:24.641+0000][16584][gc           ] GC(114) Concurrent Cycle 259.116ms
[2020-09-30T09:17:24.710+0000][16584][gc,start     ] GC(115) Pause Young (Concurrent Start) (G1 Humongous Allocation)
[2020-09-30T09:17:24.710+0000][16584][gc,task      ] GC(115) Using 8 workers of 8 for evacuation
[2020-09-30T09:17:24.710+0000][16584][gc,age       ] GC(115) Desired survivor size 33554432 bytes, new threshold 15 (max threshold 15)
[2020-09-30T09:17:24.714+0000][16584][gc,age       ] GC(115) Age table with threshold 15 (max threshold 15)
[2020-09-30T09:17:24.714+0000][16584][gc,age       ] GC(115) - age   1:    1317488 bytes,    1317488 total
[2020-09-30T09:17:24.714+0000][16584][gc,age       ] GC(115) - age   2:      64288 bytes,    1381776 total
[2020-09-30T09:17:24.714+0000][16584][gc,age       ] GC(115) - age   3:     321432 bytes,    1703208 total
[2020-09-30T09:17:24.714+0000][16584][gc,age       ] GC(115) - age   4:     226128 bytes,    1929336 total
[2020-09-30T09:17:24.714+0000][16584][gc,age       ] GC(115) - age   5:       1960 bytes,    1931296 total
[2020-09-30T09:17:24.714+0000][16584][gc,age       ] GC(115) - age   6:       5760 bytes,    1937056 total
[2020-09-30T09:17:24.714+0000][16584][gc,age       ] GC(115) - age   7:      11416 bytes,    1948472 total
[2020-09-30T09:17:24.714+0000][16584][gc,age       ] GC(115) - age   8:       7896 bytes,    1956368 total
[2020-09-30T09:17:24.714+0000][16584][gc,age       ] GC(115) - age   9:        744 bytes,    1957112 total
[2020-09-30T09:17:24.714+0000][16584][gc,age       ] GC(115) - age  10:       1720 bytes,    1958832 total
[2020-09-30T09:17:24.714+0000][16584][gc,age       ] GC(115) - age  11:        856 bytes,    1959688 total
[2020-09-30T09:17:24.715+0000][16584][gc,age       ] GC(115) - age  12:       1320 bytes,    1961008 total
[2020-09-30T09:17:24.715+0000][16584][gc,age       ] GC(115) - age  13:      10528 bytes,    1971536 total
[2020-09-30T09:17:24.715+0000][16584][gc,age       ] GC(115) - age  14:        688 bytes,    1972224 total
[2020-09-30T09:17:24.715+0000][16584][gc,age       ] GC(115) - age  15:       1968 bytes,    1974192 total
[2020-09-30T09:17:24.715+0000][16584][gc,phases    ] GC(115)   Pre Evacuate Collection Set: 0.5ms
[2020-09-30T09:17:24.715+0000][16584][gc,phases    ] GC(115)   Merge Heap Roots: 0.1ms
[2020-09-30T09:17:24.715+0000][16584][gc,phases    ] GC(115)   Evacuate Collection Set: 2.3ms
[2020-09-30T09:17:24.715+0000][16584][gc,phases    ] GC(115)   Post Evacuate Collection Set: 0.7ms
[2020-09-30T09:17:24.715+0000][16584][gc,phases    ] GC(115)   Other: 1.1ms
[2020-09-30T09:17:24.715+0000][16584][gc,heap      ] GC(115) Eden regions: 96->0(507)
[2020-09-30T09:17:24.715+0000][16584][gc,heap      ] GC(115) Survivor regions: 4->3(64)
[2020-09-30T09:17:24.715+0000][16584][gc,heap      ] GC(115) Old regions: 76->76
[2020-09-30T09:17:24.715+0000][16584][gc,heap      ] GC(115) Archive regions: 0->0
[2020-09-30T09:17:24.715+0000][16584][gc,heap      ] GC(115) Humongous regions: 265->174
[2020-09-30T09:17:24.715+0000][16584][gc,metaspace ] GC(115) Metaspace: 86321K(92416K)->86321K(92416K) NonClass: 75176K(78848K)->75176K(78848K) Class: 11145K(13568K)->11145K(13568K)
[2020-09-30T09:17:24.715+0000][16584][gc           ] GC(115) Pause Young (Concurrent Start) (G1 Humongous Allocation) 439M->251M(1024M) 5.066ms
[2020-09-30T09:17:24.715+0000][16584][gc,cpu       ] GC(115) User=0.00s Sys=0.00s Real=0.00s
[2020-09-30T09:17:24.715+0000][16584][gc           ] GC(116) Concurrent Cycle
[2020-09-30T09:17:24.715+0000][16584][safepoint    ] Safepoint "G1TryInitiateConcMark", Time since last: 70174400 ns, Reaching safepoint: 301200 ns, At safepoint: 5316600 ns, Total: 5617800 ns
[2020-09-30T09:17:24.715+0000][16584][gc,marking   ] GC(116) Concurrent Clear Claimed Marks
[2020-09-30T09:17:24.716+0000][16584][gc,marking   ] GC(116) Concurrent Clear Claimed Marks 0.448ms
[2020-09-30T09:17:24.716+0000][16584][gc,marking   ] GC(116) Concurrent Scan Root Regions
[2020-09-30T09:17:24.716+0000][16584][safepoint    ] Safepoint "G1TryInitiateConcMark", Time since last: 411100 ns, Reaching safepoint: 182700 ns, At safepoint: 209600 ns, Total: 392300 ns
[2020-09-30T09:17:24.718+0000][16584][gc,marking   ] GC(116) Concurrent Scan Root Regions 2.352ms
[2020-09-30T09:17:24.718+0000][16584][gc,marking   ] GC(116) Concurrent Mark (138.575s)
[2020-09-30T09:17:24.718+0000][16584][gc,marking   ] GC(116) Concurrent Mark From Roots
[2020-09-30T09:17:24.718+0000][16584][gc,task      ] GC(116) Using 2 workers of 2 for marking
[2020-09-30T09:17:24.878+0000][16584][gc,marking   ] GC(116) Concurrent Mark From Roots 160.164ms
[2020-09-30T09:17:24.878+0000][16584][gc,marking   ] GC(116) Concurrent Preclean
[2020-09-30T09:17:24.878+0000][16584][gc,marking   ] GC(116) Concurrent Preclean 0.492ms
[2020-09-30T09:17:24.878+0000][16584][gc,marking   ] GC(116) Concurrent Mark (138.575s, 138.736s) 160.843ms
[2020-09-30T09:17:24.879+0000][16584][gc,start     ] GC(116) Pause Remark
[2020-09-30T09:17:24.885+0000][16584][gc           ] GC(116) Pause Remark 348M->348M(1024M) 5.870ms
[2020-09-30T09:17:24.885+0000][16584][gc,cpu       ] GC(116) User=0.00s Sys=0.00s Real=0.01s
[2020-09-30T09:17:24.885+0000][16584][safepoint    ] Safepoint "G1Concurrent", Time since last: 163124700 ns, Reaching safepoint: 183200 ns, At safepoint: 6108800 ns, Total: 6292000 ns
[2020-09-30T09:17:24.885+0000][16584][gc,marking   ] GC(116) Concurrent Rebuild Remembered Sets
[2020-09-30T09:17:24.987+0000][16584][gc,marking   ] GC(116) Concurrent Rebuild Remembered Sets 102.131ms
[2020-09-30T09:17:24.987+0000][16584][gc,start     ] GC(116) Pause Cleanup
[2020-09-30T09:17:24.988+0000][16584][gc           ] GC(116) Pause Cleanup 437M->437M(1024M) 0.402ms
[2020-09-30T09:17:24.988+0000][16584][gc,cpu       ] GC(116) User=0.00s Sys=0.00s Real=0.00s
[2020-09-30T09:17:24.988+0000][16584][safepoint    ] Safepoint "G1Concurrent", Time since last: 102338500 ns, Reaching safepoint: 223300 ns, At safepoint: 724600 ns, Total: 947900 ns
[2020-09-30T09:17:24.988+0000][16584][gc,marking   ] GC(116) Concurrent Cleanup for Next Mark
[2020-09-30T09:17:24.990+0000][16584][gc,marking   ] GC(116) Concurrent Cleanup for Next Mark 1.927ms
[2020-09-30T09:17:24.990+0000][16584][gc           ] GC(116) Concurrent Cycle 275.684ms
[2020-09-30T09:17:25.087+0000][16584][gc,start     ] GC(117) Pause Young (Concurrent Start) (G1 Humongous Allocation)
[2020-09-30T09:17:25.087+0000][16584][gc,task      ] GC(117) Using 8 workers of 8 for evacuation
[2020-09-30T09:17:25.087+0000][16584][gc,age       ] GC(117) Desired survivor size 33554432 bytes, new threshold 15 (max threshold 15)
[2020-09-30T09:17:25.092+0000][16584][gc,age       ] GC(117) Age table with threshold 15 (max threshold 15)
[2020-09-30T09:17:25.092+0000][16584][gc,age       ] GC(117) - age   1:    2586824 bytes,    2586824 total
[2020-09-30T09:17:25.092+0000][16584][gc,age       ] GC(117) - age   2:      21440 bytes,    2608264 total
[2020-09-30T09:17:25.092+0000][16584][gc,age       ] GC(117) - age   3:      64072 bytes,    2672336 total
[2020-09-30T09:17:25.093+0000][16584][gc,age       ] GC(117) - age   4:     319776 bytes,    2992112 total
[2020-09-30T09:17:25.093+0000][16584][gc,age       ] GC(117) - age   5:     226064 bytes,    3218176 total
[2020-09-30T09:17:25.093+0000][16584][gc,age       ] GC(117) - age   6:       1960 bytes,    3220136 total
[2020-09-30T09:17:25.093+0000][16584][gc,age       ] GC(117) - age   7:       5696 bytes,    3225832 total
[2020-09-30T09:17:25.093+0000][16584][gc,age       ] GC(117) - age   8:      11416 bytes,    3237248 total
[2020-09-30T09:17:25.093+0000][16584][gc,age       ] GC(117) - age   9:       7832 bytes,    3245080 total
[2020-09-30T09:17:25.093+0000][16584][gc,age       ] GC(117) - age  10:        712 bytes,    3245792 total
[2020-09-30T09:17:25.093+0000][16584][gc,age       ] GC(117) - age  11:       1720 bytes,    3247512 total
[2020-09-30T09:17:25.093+0000][16584][gc,age       ] GC(117) - age  12:        792 bytes,    3248304 total
[2020-09-30T09:17:25.093+0000][16584][gc,age       ] GC(117) - age  13:       1288 bytes,    3249592 total
[2020-09-30T09:17:25.093+0000][16584][gc,age       ] GC(117) - age  14:      10496 bytes,    3260088 total
[2020-09-30T09:17:25.093+0000][16584][gc,age       ] GC(117) - age  15:        688 bytes,    3260776 total
[2020-09-30T09:17:25.093+0000][16584][gc,phases    ] GC(117)   Pre Evacuate Collection Set: 0.5ms
[2020-09-30T09:17:25.093+0000][16584][gc,phases    ] GC(117)   Merge Heap Roots: 0.3ms
[2020-09-30T09:17:25.093+0000][16584][gc,phases    ] GC(117)   Evacuate Collection Set: 3.1ms
[2020-09-30T09:17:25.093+0000][16584][gc,phases    ] GC(117)   Post Evacuate Collection Set: 0.9ms
[2020-09-30T09:17:25.093+0000][16584][gc,phases    ] GC(117)   Other: 1.2ms
[2020-09-30T09:17:25.093+0000][16584][gc,heap      ] GC(117) Eden regions: 99->0(500)
[2020-09-30T09:17:25.093+0000][16584][gc,heap      ] GC(117) Survivor regions: 3->4(64)
[2020-09-30T09:17:25.093+0000][16584][gc,heap      ] GC(117) Old regions: 76->76
[2020-09-30T09:17:25.093+0000][16584][gc,heap      ] GC(117) Archive regions: 0->0
[2020-09-30T09:17:25.093+0000][16584][gc,heap      ] GC(117) Humongous regions: 274->174
[2020-09-30T09:17:25.093+0000][16584][gc,metaspace ] GC(117) Metaspace: 86445K(92416K)->86445K(92416K) NonClass: 75300K(78848K)->75300K(78848K) Class: 11145K(13568K)->11145K(13568K)
[2020-09-30T09:17:25.094+0000][16584][gc           ] GC(117) Pause Young (Concurrent Start) (G1 Humongous Allocation) 450M->252M(1024M) 6.519ms
[2020-09-30T09:17:25.094+0000][16584][gc,cpu       ] GC(117) User=0.02s Sys=0.00s Real=0.01s
[2020-09-30T09:17:25.094+0000][16584][gc           ] GC(118) Concurrent Cycle
[2020-09-30T09:17:25.094+0000][16584][gc,marking   ] GC(118) Concurrent Clear Claimed Marks
[2020-09-30T09:17:25.094+0000][16584][safepoint    ] Safepoint "G1TryInitiateConcMark", Time since last: 98814000 ns, Reaching safepoint: 164000 ns, At safepoint: 6894700 ns, Total: 7058700 ns
[2020-09-30T09:17:25.094+0000][16584][gc,marking   ] GC(118) Concurrent Clear Claimed Marks 0.377ms
[2020-09-30T09:17:25.094+0000][16584][gc,marking   ] GC(118) Concurrent Scan Root Regions
[2020-09-30T09:17:25.097+0000][16584][gc,marking   ] GC(118) Concurrent Scan Root Regions 2.713ms
[2020-09-30T09:17:25.097+0000][16584][gc,marking   ] GC(118) Concurrent Mark (138.954s)
[2020-09-30T09:17:25.097+0000][16584][gc,marking   ] GC(118) Concurrent Mark From Roots
[2020-09-30T09:17:25.097+0000][16584][gc,task      ] GC(118) Using 2 workers of 2 for marking
[2020-09-30T09:17:25.196+0000][16584][safepoint    ] Safepoint "ICBufferFull", Time since last: 101148200 ns, Reaching safepoint: 513500 ns, At safepoint: 121700 ns, Total: 635200 ns
[2020-09-30T09:17:25.267+0000][16584][gc,marking   ] GC(118) Concurrent Mark From Roots 170.200ms
[2020-09-30T09:17:25.267+0000][16584][gc,marking   ] GC(118) Concurrent Preclean
[2020-09-30T09:17:25.268+0000][16584][gc,marking   ] GC(118) Concurrent Preclean 0.388ms
[2020-09-30T09:17:25.268+0000][16584][gc,marking   ] GC(118) Concurrent Mark (138.954s, 139.125s) 170.738ms
[2020-09-30T09:17:25.268+0000][16584][gc,start     ] GC(118) Pause Remark
[2020-09-30T09:17:25.274+0000][16584][gc           ] GC(118) Pause Remark 384M->384M(1024M) 6.050ms
[2020-09-30T09:17:25.274+0000][16584][gc,cpu       ] GC(118) User=0.00s Sys=0.00s Real=0.01s
[2020-09-30T09:17:25.274+0000][16584][safepoint    ] Safepoint "G1Concurrent", Time since last: 72202500 ns, Reaching safepoint: 204600 ns, At safepoint: 6280100 ns, Total: 6484700 ns
[2020-09-30T09:17:25.274+0000][16584][gc,marking   ] GC(118) Concurrent Rebuild Remembered Sets
[2020-09-30T09:17:25.366+0000][16584][gc,marking   ] GC(118) Concurrent Rebuild Remembered Sets 91.046ms
[2020-09-30T09:17:25.366+0000][16584][gc,start     ] GC(118) Pause Cleanup
[2020-09-30T09:17:25.366+0000][16584][gc           ] GC(118) Pause Cleanup 424M->424M(1024M) 0.249ms
[2020-09-30T09:17:25.366+0000][16584][gc,cpu       ] GC(118) User=0.00s Sys=0.00s Real=0.00s
[2020-09-30T09:17:25.366+0000][16584][safepoint    ] Safepoint "G1Concurrent", Time since last: 91230700 ns, Reaching safepoint: 185600 ns, At safepoint: 401900 ns, Total: 587500 ns
[2020-09-30T09:17:25.366+0000][16584][gc,marking   ] GC(118) Concurrent Cleanup for Next Mark
[2020-09-30T09:17:25.368+0000][16584][gc,marking   ] GC(118) Concurrent Cleanup for Next Mark 1.487ms
[2020-09-30T09:17:25.368+0000][16584][gc           ] GC(118) Concurrent Cycle 274.090ms
[2020-09-30T09:17:25.384+0000][16584][gc,start     ] GC(119) Pause Young (Concurrent Start) (G1 Humongous Allocation)
[2020-09-30T09:17:25.384+0000][16584][gc,task      ] GC(119) Using 8 workers of 8 for evacuation
[2020-09-30T09:17:25.384+0000][16584][gc,age       ] GC(119) Desired survivor size 33030144 bytes, new threshold 15 (max threshold 15)
[2020-09-30T09:17:25.388+0000][16584][gc,age       ] GC(119) Age table with threshold 15 (max threshold 15)
[2020-09-30T09:17:25.388+0000][16584][gc,age       ] GC(119) - age   1:    1256280 bytes,    1256280 total
[2020-09-30T09:17:25.388+0000][16584][gc,age       ] GC(119) - age   2:       3992 bytes,    1260272 total
[2020-09-30T09:17:25.388+0000][16584][gc,age       ] GC(119) - age   3:      21152 bytes,    1281424 total
[2020-09-30T09:17:25.388+0000][16584][gc,age       ] GC(119) - age   4:      62616 bytes,    1344040 total
[2020-09-30T09:17:25.388+0000][16584][gc,age       ] GC(119) - age   5:     319200 bytes,    1663240 total
[2020-09-30T09:17:25.388+0000][16584][gc,age       ] GC(119) - age   6:     226064 bytes,    1889304 total
[2020-09-30T09:17:25.388+0000][16584][gc,age       ] GC(119) - age   7:       1960 bytes,    1891264 total
[2020-09-30T09:17:25.388+0000][16584][gc,age       ] GC(119) - age   8:       5696 bytes,    1896960 total
[2020-09-30T09:17:25.388+0000][16584][gc,age       ] GC(119) - age   9:      11416 bytes,    1908376 total
[2020-09-30T09:17:25.388+0000][16584][gc,age       ] GC(119) - age  10:       7768 bytes,    1916144 total
[2020-09-30T09:17:25.388+0000][16584][gc,age       ] GC(119) - age  11:        712 bytes,    1916856 total
[2020-09-30T09:17:25.388+0000][16584][gc,age       ] GC(119) - age  12:       1720 bytes,    1918576 total
[2020-09-30T09:17:25.388+0000][16584][gc,age       ] GC(119) - age  13:        792 bytes,    1919368 total
[2020-09-30T09:17:25.388+0000][16584][gc,age       ] GC(119) - age  14:       1288 bytes,    1920656 total
[2020-09-30T09:17:25.389+0000][16584][gc,age       ] GC(119) - age  15:      10496 bytes,    1931152 total
[2020-09-30T09:17:25.389+0000][16584][gc,phases    ] GC(119)   Pre Evacuate Collection Set: 0.4ms
[2020-09-30T09:17:25.389+0000][16584][gc,phases    ] GC(119)   Merge Heap Roots: 0.1ms
[2020-09-30T09:17:25.389+0000][16584][gc,phases    ] GC(119)   Evacuate Collection Set: 2.4ms
[2020-09-30T09:17:25.389+0000][16584][gc,phases    ] GC(119)   Post Evacuate Collection Set: 0.9ms
[2020-09-30T09:17:25.389+0000][16584][gc,phases    ] GC(119)   Other: 1.0ms
[2020-09-30T09:17:25.389+0000][16584][gc,heap      ] GC(119) Eden regions: 86->0(504)
[2020-09-30T09:17:25.389+0000][16584][gc,heap      ] GC(119) Survivor regions: 4->2(63)
[2020-09-30T09:17:25.389+0000][16584][gc,heap      ] GC(119) Old regions: 76->76
[2020-09-30T09:17:25.389+0000][16584][gc,heap      ] GC(119) Archive regions: 0->0
[2020-09-30T09:17:25.389+0000][16584][gc,heap      ] GC(119) Humongous regions: 264->174
[2020-09-30T09:17:25.389+0000][16584][gc,metaspace ] GC(119) Metaspace: 86482K(92416K)->86482K(92416K) NonClass: 75337K(78848K)->75337K(78848K) Class: 11145K(13568K)->11145K(13568K)
[2020-09-30T09:17:25.389+0000][16584][gc           ] GC(119) Pause Young (Concurrent Start) (G1 Humongous Allocation) 428M->251M(1024M) 5.120ms
[2020-09-30T09:17:25.389+0000][16584][gc,cpu       ] GC(119) User=0.02s Sys=0.02s Real=0.00s
[2020-09-30T09:17:25.389+0000][16584][gc           ] GC(120) Concurrent Cycle
[2020-09-30T09:17:25.389+0000][16584][gc,marking   ] GC(120) Concurrent Clear Claimed Marks
[2020-09-30T09:17:25.389+0000][16584][safepoint    ] Safepoint "G1TryInitiateConcMark", Time since last: 17464800 ns, Reaching safepoint: 216400 ns, At safepoint: 5451700 ns, Total: 5668100 ns
[2020-09-30T09:17:25.390+0000][16584][gc,marking   ] GC(120) Concurrent Clear Claimed Marks 0.360ms
[2020-09-30T09:17:25.390+0000][16584][gc,marking   ] GC(120) Concurrent Scan Root Regions
[2020-09-30T09:17:25.392+0000][16584][gc,marking   ] GC(120) Concurrent Scan Root Regions 2.204ms
[2020-09-30T09:17:25.392+0000][16584][gc,marking   ] GC(120) Concurrent Mark (139.249s)
[2020-09-30T09:17:25.392+0000][16584][gc,marking   ] GC(120) Concurrent Mark From Roots
[2020-09-30T09:17:25.392+0000][16584][gc,task      ] GC(120) Using 2 workers of 2 for marking
[2020-09-30T09:17:25.545+0000][16584][gc,marking   ] GC(120) Concurrent Mark From Roots 153.089ms
[2020-09-30T09:17:25.545+0000][16584][gc,marking   ] GC(120) Concurrent Preclean
[2020-09-30T09:17:25.546+0000][16584][gc,marking   ] GC(120) Concurrent Preclean 0.500ms
[2020-09-30T09:17:25.546+0000][16584][gc,marking   ] GC(120) Concurrent Mark (139.249s, 139.403s) 153.798ms
[2020-09-30T09:17:25.546+0000][16584][gc,start     ] GC(120) Pause Remark
[2020-09-30T09:17:25.552+0000][16584][gc           ] GC(120) Pause Remark 380M->380M(1024M) 5.581ms
[2020-09-30T09:17:25.552+0000][16584][gc,cpu       ] GC(120) User=0.00s Sys=0.00s Real=0.01s
[2020-09-30T09:17:25.552+0000][16584][safepoint    ] Safepoint "G1Concurrent", Time since last: 156581500 ns, Reaching safepoint: 201800 ns, At safepoint: 5844700 ns, Total: 6046500 ns
[2020-09-30T09:17:25.552+0000][16584][gc,marking   ] GC(120) Concurrent Rebuild Remembered Sets
[2020-09-30T09:17:25.645+0000][16584][gc,marking   ] GC(120) Concurrent Rebuild Remembered Sets 93.251ms
[2020-09-30T09:17:25.646+0000][16584][gc,start     ] GC(120) Pause Cleanup
[2020-09-30T09:17:25.646+0000][16584][gc           ] GC(120) Pause Cleanup 388M->388M(1024M) 0.284ms
[2020-09-30T09:17:25.646+0000][16584][gc,cpu       ] GC(120) User=0.00s Sys=0.00s Real=0.00s
[2020-09-30T09:17:25.646+0000][16584][safepoint    ] Safepoint "G1Concurrent", Time since last: 93417600 ns, Reaching safepoint: 178300 ns, At safepoint: 479600 ns, Total: 657900 ns
[2020-09-30T09:17:25.646+0000][16584][gc,marking   ] GC(120) Concurrent Cleanup for Next Mark
[2020-09-30T09:17:25.648+0000][16584][gc,marking   ] GC(120) Concurrent Cleanup for Next Mark 1.852ms
[2020-09-30T09:17:25.648+0000][16584][gc           ] GC(120) Concurrent Cycle 258.835ms
[2020-09-30T09:17:25.671+0000][16584][gc,start     ] GC(121) Pause Young (Concurrent Start) (G1 Humongous Allocation)
[2020-09-30T09:17:25.671+0000][16584][gc,task      ] GC(121) Using 8 workers of 8 for evacuation
[2020-09-30T09:17:25.671+0000][16584][gc,age       ] GC(121) Desired survivor size 33554432 bytes, new threshold 15 (max threshold 15)
[2020-09-30T09:17:25.675+0000][16584][gc,age       ] GC(121) Age table with threshold 15 (max threshold 15)
[2020-09-30T09:17:25.675+0000][16584][gc,age       ] GC(121) - age   1:    1273712 bytes,    1273712 total
[2020-09-30T09:17:25.675+0000][16584][gc,age       ] GC(121) - age   2:       2904 bytes,    1276616 total
[2020-09-30T09:17:25.675+0000][16584][gc,age       ] GC(121) - age   3:       3280 bytes,    1279896 total
[2020-09-30T09:17:25.675+0000][16584][gc,age       ] GC(121) - age   4:      20592 bytes,    1300488 total
[2020-09-30T09:17:25.676+0000][16584][gc,age       ] GC(121) - age   5:      62584 bytes,    1363072 total
[2020-09-30T09:17:25.676+0000][16584][gc,age       ] GC(121) - age   6:     316640 bytes,    1679712 total
[2020-09-30T09:17:25.676+0000][16584][gc,age       ] GC(121) - age   7:     226032 bytes,    1905744 total
[2020-09-30T09:17:25.676+0000][16584][gc,age       ] GC(121) - age   8:       1960 bytes,    1907704 total
[2020-09-30T09:17:25.676+0000][16584][gc,age       ] GC(121) - age   9:       5696 bytes,    1913400 total
[2020-09-30T09:17:25.676+0000][16584][gc,age       ] GC(121) - age  10:      11416 bytes,    1924816 total
[2020-09-30T09:17:25.676+0000][16584][gc,age       ] GC(121) - age  11:       7768 bytes,    1932584 total
[2020-09-30T09:17:25.676+0000][16584][gc,age       ] GC(121) - age  12:        712 bytes,    1933296 total
[2020-09-30T09:17:25.676+0000][16584][gc,age       ] GC(121) - age  13:       1720 bytes,    1935016 total
[2020-09-30T09:17:25.676+0000][16584][gc,age       ] GC(121) - age  14:        792 bytes,    1935808 total
[2020-09-30T09:17:25.676+0000][16584][gc,age       ] GC(121) - age  15:       1288 bytes,    1937096 total
[2020-09-30T09:17:25.676+0000][16584][gc,phases    ] GC(121)   Pre Evacuate Collection Set: 0.5ms
[2020-09-30T09:17:25.676+0000][16584][gc,phases    ] GC(121)   Merge Heap Roots: 0.2ms
[2020-09-30T09:17:25.676+0000][16584][gc,phases    ] GC(121)   Evacuate Collection Set: 2.6ms
[2020-09-30T09:17:25.676+0000][16584][gc,phases    ] GC(121)   Post Evacuate Collection Set: 0.8ms
[2020-09-30T09:17:25.676+0000][16584][gc,phases    ] GC(121)   Other: 1.2ms
[2020-09-30T09:17:25.676+0000][16584][gc,heap      ] GC(121) Eden regions: 71->0(506)
[2020-09-30T09:17:25.676+0000][16584][gc,heap      ] GC(121) Survivor regions: 2->2(64)
[2020-09-30T09:17:25.676+0000][16584][gc,heap      ] GC(121) Old regions: 76->76
[2020-09-30T09:17:25.676+0000][16584][gc,heap      ] GC(121) Archive regions: 0->0
[2020-09-30T09:17:25.676+0000][16584][gc,heap      ] GC(121) Humongous regions: 244->174
[2020-09-30T09:17:25.676+0000][16584][gc,metaspace ] GC(121) Metaspace: 86503K(92416K)->86503K(92416K) NonClass: 75358K(78848K)->75358K(78848K) Class: 11145K(13568K)->11145K(13568K)
[2020-09-30T09:17:25.676+0000][16584][gc           ] GC(121) Pause Young (Concurrent Start) (G1 Humongous Allocation) 392M->251M(1024M) 5.466ms
[2020-09-30T09:17:25.676+0000][16584][gc,cpu       ] GC(121) User=0.00s Sys=0.00s Real=0.01s
[2020-09-30T09:17:25.676+0000][16584][gc           ] GC(122) Concurrent Cycle
[2020-09-30T09:17:25.676+0000][16584][safepoint    ] Safepoint "G1TryInitiateConcMark", Time since last: 24400800 ns, Reaching safepoint: 175600 ns, At safepoint: 5665100 ns, Total: 5840700 ns
[2020-09-30T09:17:25.676+0000][16584][gc,marking   ] GC(122) Concurrent Clear Claimed Marks
[2020-09-30T09:17:25.677+0000][16584][gc,marking   ] GC(122) Concurrent Clear Claimed Marks 0.938ms
[2020-09-30T09:17:25.678+0000][16584][gc,marking   ] GC(122) Concurrent Scan Root Regions
[2020-09-30T09:17:25.679+0000][16584][gc,marking   ] GC(122) Concurrent Scan Root Regions 1.750ms
[2020-09-30T09:17:25.679+0000][16584][gc,marking   ] GC(122) Concurrent Mark (139.537s)
[2020-09-30T09:17:25.679+0000][16584][gc,marking   ] GC(122) Concurrent Mark From Roots
[2020-09-30T09:17:25.679+0000][16584][gc,task      ] GC(122) Using 2 workers of 2 for marking
[2020-09-30T09:17:25.850+0000][16584][gc,marking   ] GC(122) Concurrent Mark From Roots 170.764ms
[2020-09-30T09:17:25.850+0000][16584][gc,marking   ] GC(122) Concurrent Preclean
[2020-09-30T09:17:25.851+0000][16584][gc,marking   ] GC(122) Concurrent Preclean 0.617ms
[2020-09-30T09:17:25.851+0000][16584][gc,marking   ] GC(122) Concurrent Mark (139.537s, 139.708s) 171.559ms
[2020-09-30T09:17:25.851+0000][16584][gc,start     ] GC(122) Pause Remark
[2020-09-30T09:17:25.857+0000][16584][gc           ] GC(122) Pause Remark 355M->355M(1024M) 6.199ms
[2020-09-30T09:17:25.857+0000][16584][gc,cpu       ] GC(122) User=0.09s Sys=0.00s Real=0.01s
[2020-09-30T09:17:25.858+0000][16584][safepoint    ] Safepoint "G1Concurrent", Time since last: 174671300 ns, Reaching safepoint: 170100 ns, At safepoint: 6477200 ns, Total: 6647300 ns
[2020-09-30T09:17:25.858+0000][16584][gc,marking   ] GC(122) Concurrent Rebuild Remembered Sets
[2020-09-30T09:17:25.956+0000][16584][gc,marking   ] GC(122) Concurrent Rebuild Remembered Sets 98.864ms
[2020-09-30T09:17:25.957+0000][16584][gc,start     ] GC(122) Pause Cleanup
[2020-09-30T09:17:25.957+0000][16584][gc           ] GC(122) Pause Cleanup 369M->369M(1024M) 0.347ms
[2020-09-30T09:17:25.957+0000][16584][gc,cpu       ] GC(122) User=0.00s Sys=0.00s Real=0.00s
[2020-09-30T09:17:25.957+0000][16584][safepoint    ] Safepoint "G1Concurrent", Time since last: 99105400 ns, Reaching safepoint: 182800 ns, At safepoint: 587900 ns, Total: 770700 ns
[2020-09-30T09:17:25.957+0000][16584][gc,marking   ] GC(122) Concurrent Cleanup for Next Mark
[2020-09-30T09:17:25.959+0000][16584][gc,marking   ] GC(122) Concurrent Cleanup for Next Mark 1.539ms
[2020-09-30T09:17:25.959+0000][16584][gc           ] GC(122) Concurrent Cycle 282.982ms
[2020-09-30T09:17:26.006+0000][16584][gc,start     ] GC(123) Pause Young (Concurrent Start) (G1 Humongous Allocation)
[2020-09-30T09:17:26.006+0000][16584][gc,task      ] GC(123) Using 8 workers of 8 for evacuation
[2020-09-30T09:17:26.007+0000][16584][gc,age       ] GC(123) Desired survivor size 33554432 bytes, new threshold 15 (max threshold 15)
[2020-09-30T09:17:26.011+0000][16584][gc,age       ] GC(123) Age table with threshold 15 (max threshold 15)
[2020-09-30T09:17:26.011+0000][16584][gc,age       ] GC(123) - age   1:    2523832 bytes,    2523832 total
[2020-09-30T09:17:26.011+0000][16584][gc,age       ] GC(123) - age   2:      16944 bytes,    2540776 total
[2020-09-30T09:17:26.011+0000][16584][gc,age       ] GC(123) - age   3:       2624 bytes,    2543400 total
[2020-09-30T09:17:26.011+0000][16584][gc,age       ] GC(123) - age   4:       3160 bytes,    2546560 total
[2020-09-30T09:17:26.011+0000][16584][gc,age       ] GC(123) - age   5:      20528 bytes,    2567088 total
[2020-09-30T09:17:26.011+0000][16584][gc,age       ] GC(123) - age   6:      62584 bytes,    2629672 total
[2020-09-30T09:17:26.011+0000][16584][gc,age       ] GC(123) - age   7:     314272 bytes,    2943944 total
[2020-09-30T09:17:26.011+0000][16584][gc,age       ] GC(123) - age   8:     225904 bytes,    3169848 total
[2020-09-30T09:17:26.012+0000][16584][gc,age       ] GC(123) - age   9:       1960 bytes,    3171808 total
[2020-09-30T09:17:26.012+0000][16584][gc,age       ] GC(123) - age  10:       5696 bytes,    3177504 total
[2020-09-30T09:17:26.012+0000][16584][gc,age       ] GC(123) - age  11:      11320 bytes,    3188824 total
[2020-09-30T09:17:26.012+0000][16584][gc,age       ] GC(123) - age  12:       7608 bytes,    3196432 total
[2020-09-30T09:17:26.012+0000][16584][gc,age       ] GC(123) - age  13:        680 bytes,    3197112 total
[2020-09-30T09:17:26.012+0000][16584][gc,age       ] GC(123) - age  14:       1720 bytes,    3198832 total
[2020-09-30T09:17:26.012+0000][16584][gc,age       ] GC(123) - age  15:        792 bytes,    3199624 total
[2020-09-30T09:17:26.012+0000][16584][gc,phases    ] GC(123)   Pre Evacuate Collection Set: 0.6ms
[2020-09-30T09:17:26.012+0000][16584][gc,phases    ] GC(123)   Merge Heap Roots: 0.2ms
[2020-09-30T09:17:26.012+0000][16584][gc,phases    ] GC(123)   Evacuate Collection Set: 2.8ms
[2020-09-30T09:17:26.012+0000][16584][gc,phases    ] GC(123)   Post Evacuate Collection Set: 0.9ms
[2020-09-30T09:17:26.012+0000][16584][gc,phases    ] GC(123)   Other: 1.1ms
[2020-09-30T09:17:26.012+0000][16584][gc,heap      ] GC(123) Eden regions: 65->0(504)
[2020-09-30T09:17:26.012+0000][16584][gc,heap      ] GC(123) Survivor regions: 2->4(64)
[2020-09-30T09:17:26.012+0000][16584][gc,heap      ] GC(123) Old regions: 76->76
[2020-09-30T09:17:26.012+0000][16584][gc,heap      ] GC(123) Archive regions: 0->0
[2020-09-30T09:17:26.012+0000][16584][gc,heap      ] GC(123) Humongous regions: 234->174
[2020-09-30T09:17:26.012+0000][16584][gc,metaspace ] GC(123) Metaspace: 86518K(92416K)->86518K(92416K) NonClass: 75373K(78848K)->75373K(78848K) Class: 11145K(13568K)->11145K(13568K)
[2020-09-30T09:17:26.012+0000][16584][gc           ] GC(123) Pause Young (Concurrent Start) (G1 Humongous Allocation) 376M->252M(1024M) 5.917ms
[2020-09-30T09:17:26.012+0000][16584][gc,cpu       ] GC(123) User=0.00s Sys=0.00s Real=0.01s
[2020-09-30T09:17:26.012+0000][16584][gc           ] GC(124) Concurrent Cycle
[2020-09-30T09:17:26.013+0000][16584][gc,marking   ] GC(124) Concurrent Clear Claimed Marks
[2020-09-30T09:17:26.013+0000][16584][safepoint    ] Safepoint "G1TryInitiateConcMark", Time since last: 48456300 ns, Reaching safepoint: 423600 ns, At safepoint: 6276900 ns, Total: 6700500 ns
[2020-09-30T09:17:26.013+0000][16584][gc,marking   ] GC(124) Concurrent Clear Claimed Marks 0.399ms
[2020-09-30T09:17:26.013+0000][16584][gc,marking   ] GC(124) Concurrent Scan Root Regions
[2020-09-30T09:17:26.015+0000][16584][gc,marking   ] GC(124) Concurrent Scan Root Regions 2.327ms
[2020-09-30T09:17:26.016+0000][16584][gc,marking   ] GC(124) Concurrent Mark (139.873s)
[2020-09-30T09:17:26.016+0000][16584][gc,marking   ] GC(124) Concurrent Mark From Roots
[2020-09-30T09:17:26.016+0000][16584][gc,task      ] GC(124) Using 2 workers of 2 for marking
[2020-09-30T09:17:26.191+0000][16584][gc,marking   ] GC(124) Concurrent Mark From Roots 175.137ms
[2020-09-30T09:17:26.191+0000][16584][gc,marking   ] GC(124) Concurrent Preclean
[2020-09-30T09:17:26.191+0000][16584][gc,marking   ] GC(124) Concurrent Preclean 0.567ms
[2020-09-30T09:17:26.191+0000][16584][gc,marking   ] GC(124) Concurrent Mark (139.873s, 140.049s) 175.914ms
[2020-09-30T09:17:26.192+0000][16584][gc,start     ] GC(124) Pause Remark
[2020-09-30T09:17:26.197+0000][16584][gc           ] GC(124) Pause Remark 330M->330M(1024M) 5.707ms
[2020-09-30T09:17:26.198+0000][16584][gc,cpu       ] GC(124) User=0.00s Sys=0.00s Real=0.01s
[2020-09-30T09:17:26.198+0000][16584][safepoint    ] Safepoint "G1Concurrent", Time since last: 178916000 ns, Reaching safepoint: 260200 ns, At safepoint: 5991700 ns, Total: 6251900 ns
[2020-09-30T09:17:26.198+0000][16584][gc,marking   ] GC(124) Concurrent Rebuild Remembered Sets
[2020-09-30T09:17:26.298+0000][16584][gc,marking   ] GC(124) Concurrent Rebuild Remembered Sets 100.364ms
[2020-09-30T09:17:26.298+0000][16584][gc,start     ] GC(124) Pause Cleanup
[2020-09-30T09:17:26.299+0000][16584][gc           ] GC(124) Pause Cleanup 397M->397M(1024M) 0.331ms
[2020-09-30T09:17:26.299+0000][16584][gc,cpu       ] GC(124) User=0.00s Sys=0.00s Real=0.00s
[2020-09-30T09:17:26.299+0000][16584][safepoint    ] Safepoint "G1Concurrent", Time since last: 100557200 ns, Reaching safepoint: 204600 ns, At safepoint: 531300 ns, Total: 735900 ns
[2020-09-30T09:17:26.299+0000][16584][gc,marking   ] GC(124) Concurrent Cleanup for Next Mark
[2020-09-30T09:17:26.301+0000][16584][gc,marking   ] GC(124) Concurrent Cleanup for Next Mark 1.921ms
[2020-09-30T09:17:26.301+0000][16584][gc           ] GC(124) Concurrent Cycle 288.678ms
[2020-09-30T09:17:26.395+0000][16584][gc,start     ] GC(125) Pause Young (Concurrent Start) (G1 Humongous Allocation)
[2020-09-30T09:17:26.396+0000][16584][gc,task      ] GC(125) Using 8 workers of 8 for evacuation
[2020-09-30T09:17:26.396+0000][16584][gc,age       ] GC(125) Desired survivor size 33554432 bytes, new threshold 15 (max threshold 15)
[2020-09-30T09:17:26.400+0000][16584][gc,age       ] GC(125) Age table with threshold 15 (max threshold 15)
[2020-09-30T09:17:26.400+0000][16584][gc,age       ] GC(125) - age   1:     677920 bytes,     677920 total
[2020-09-30T09:17:26.400+0000][16584][gc,age       ] GC(125) - age   2:       2688 bytes,     680608 total
[2020-09-30T09:17:26.400+0000][16584][gc,age       ] GC(125) - age   3:      11400 bytes,     692008 total
[2020-09-30T09:17:26.400+0000][16584][gc,age       ] GC(125) - age   4:       1232 bytes,     693240 total
[2020-09-30T09:17:26.400+0000][16584][gc,age       ] GC(125) - age   5:       3128 bytes,     696368 total
[2020-09-30T09:17:26.400+0000][16584][gc,age       ] GC(125) - age   6:      20336 bytes,     716704 total
[2020-09-30T09:17:26.400+0000][16584][gc,age       ] GC(125) - age   7:      62552 bytes,     779256 total
[2020-09-30T09:17:26.400+0000][16584][gc,age       ] GC(125) - age   8:     312768 bytes,    1092024 total
[2020-09-30T09:17:26.400+0000][16584][gc,age       ] GC(125) - age   9:     225776 bytes,    1317800 total
[2020-09-30T09:17:26.400+0000][16584][gc,age       ] GC(125) - age  10:       1736 bytes,    1319536 total
[2020-09-30T09:17:26.400+0000][16584][gc,age       ] GC(125) - age  11:       5376 bytes,    1324912 total
[2020-09-30T09:17:26.400+0000][16584][gc,age       ] GC(125) - age  12:      11064 bytes,    1335976 total
[2020-09-30T09:17:26.400+0000][16584][gc,age       ] GC(125) - age  13:       7576 bytes,    1343552 total
[2020-09-30T09:17:26.400+0000][16584][gc,age       ] GC(125) - age  14:        680 bytes,    1344232 total
[2020-09-30T09:17:26.400+0000][16584][gc,age       ] GC(125) - age  15:       1528 bytes,    1345760 total
[2020-09-30T09:17:26.400+0000][16584][gc,phases    ] GC(125)   Pre Evacuate Collection Set: 0.4ms
[2020-09-30T09:17:26.400+0000][16584][gc,phases    ] GC(125)   Merge Heap Roots: 0.1ms
[2020-09-30T09:17:26.400+0000][16584][gc,phases    ] GC(125)   Evacuate Collection Set: 2.5ms
[2020-09-30T09:17:26.400+0000][16584][gc,phases    ] GC(125)   Post Evacuate Collection Set: 0.8ms
[2020-09-30T09:17:26.400+0000][16584][gc,phases    ] GC(125)   Other: 0.9ms
[2020-09-30T09:17:26.400+0000][16584][gc,heap      ] GC(125) Eden regions: 76->0(508)
[2020-09-30T09:17:26.400+0000][16584][gc,heap      ] GC(125) Survivor regions: 4->2(64)
[2020-09-30T09:17:26.400+0000][16584][gc,heap      ] GC(125) Old regions: 76->76
[2020-09-30T09:17:26.400+0000][16584][gc,heap      ] GC(125) Archive regions: 0->0
[2020-09-30T09:17:26.400+0000][16584][gc,heap      ] GC(125) Humongous regions: 254->174
[2020-09-30T09:17:26.400+0000][16584][gc,metaspace ] GC(125) Metaspace: 86538K(92416K)->86538K(92416K) NonClass: 75393K(78848K)->75393K(78848K) Class: 11145K(13568K)->11145K(13568K)
[2020-09-30T09:17:26.401+0000][16584][gc           ] GC(125) Pause Young (Concurrent Start) (G1 Humongous Allocation) 408M->251M(1024M) 5.052ms
[2020-09-30T09:17:26.401+0000][16584][gc,cpu       ] GC(125) User=0.00s Sys=0.00s Real=0.01s
[2020-09-30T09:17:26.401+0000][16584][gc           ] GC(126) Concurrent Cycle
[2020-09-30T09:17:26.401+0000][16584][gc,marking   ] GC(126) Concurrent Clear Claimed Marks
[2020-09-30T09:17:26.401+0000][16584][safepoint    ] Safepoint "G1TryInitiateConcMark", Time since last: 95772200 ns, Reaching safepoint: 238300 ns, At safepoint: 5453600 ns, Total: 5691900 ns
[2020-09-30T09:17:26.401+0000][16584][gc,marking   ] GC(126) Concurrent Clear Claimed Marks 0.374ms
[2020-09-30T09:17:26.401+0000][16584][gc,marking   ] GC(126) Concurrent Scan Root Regions
[2020-09-30T09:17:26.404+0000][16584][gc,marking   ] GC(126) Concurrent Scan Root Regions 2.415ms
[2020-09-30T09:17:26.404+0000][16584][gc,marking   ] GC(126) Concurrent Mark (140.261s)
[2020-09-30T09:17:26.404+0000][16584][gc,marking   ] GC(126) Concurrent Mark From Roots
[2020-09-30T09:17:26.404+0000][16584][gc,task      ] GC(126) Using 2 workers of 2 for marking
[2020-09-30T09:17:26.419+0000][16584][safepoint    ] Safepoint "BulkRevokeBias", Time since last: 15927500 ns, Reaching safepoint: 274400 ns, At safepoint: 1920200 ns, Total: 2194600 ns
[2020-09-30T09:17:26.574+0000][16584][gc,marking   ] GC(126) Concurrent Mark From Roots 170.642ms
[2020-09-30T09:17:26.575+0000][16584][gc,marking   ] GC(126) Concurrent Preclean
[2020-09-30T09:17:26.575+0000][16584][gc,marking   ] GC(126) Concurrent Preclean 0.419ms
[2020-09-30T09:17:26.575+0000][16584][gc,marking   ] GC(126) Concurrent Mark (140.261s, 140.432s) 171.325ms
[2020-09-30T09:17:26.575+0000][16584][gc,start     ] GC(126) Pause Remark
[2020-09-30T09:17:26.582+0000][16584][gc           ] GC(126) Pause Remark 348M->348M(1024M) 6.533ms
[2020-09-30T09:17:26.582+0000][16584][gc,cpu       ] GC(126) User=0.09s Sys=0.00s Real=0.01s
[2020-09-30T09:17:26.582+0000][16584][safepoint    ] Safepoint "G1Concurrent", Time since last: 156101700 ns, Reaching safepoint: 177200 ns, At safepoint: 6786000 ns, Total: 6963200 ns
[2020-09-30T09:17:26.582+0000][16584][gc,marking   ] GC(126) Concurrent Rebuild Remembered Sets
[2020-09-30T09:17:26.681+0000][16584][gc,marking   ] GC(126) Concurrent Rebuild Remembered Sets 99.348ms
[2020-09-30T09:17:26.681+0000][16584][gc,start     ] GC(126) Pause Cleanup
[2020-09-30T09:17:26.682+0000][16584][gc           ] GC(126) Pause Cleanup 417M->417M(1024M) 0.346ms
[2020-09-30T09:17:26.682+0000][16584][gc,cpu       ] GC(126) User=0.00s Sys=0.00s Real=0.00s
[2020-09-30T09:17:26.682+0000][16584][safepoint    ] Safepoint "G1Concurrent", Time since last: 99529700 ns, Reaching safepoint: 253300 ns, At safepoint: 547200 ns, Total: 800500 ns
[2020-09-30T09:17:26.682+0000][16584][gc,marking   ] GC(126) Concurrent Cleanup for Next Mark
[2020-09-30T09:17:26.684+0000][16584][gc,marking   ] GC(126) Concurrent Cleanup for Next Mark 1.841ms
[2020-09-30T09:17:26.684+0000][16584][gc           ] GC(126) Concurrent Cycle 283.763ms
[2020-09-30T09:17:26.722+0000][16584][gc,start     ] GC(127) Pause Young (Concurrent Start) (G1 Humongous Allocation)
[2020-09-30T09:17:26.722+0000][16584][gc,task      ] GC(127) Using 8 workers of 8 for evacuation
[2020-09-30T09:17:26.722+0000][16584][gc,age       ] GC(127) Desired survivor size 33554432 bytes, new threshold 15 (max threshold 15)
[2020-09-30T09:17:26.730+0000][16584][gc,age       ] GC(127) Age table with threshold 15 (max threshold 15)
[2020-09-30T09:17:26.730+0000][16584][gc,age       ] GC(127) - age   1:    8234200 bytes,    8234200 total
[2020-09-30T09:17:26.730+0000][16584][gc,age       ] GC(127) - age   2:       4744 bytes,    8238944 total
[2020-09-30T09:17:26.730+0000][16584][gc,age       ] GC(127) - age   3:       1824 bytes,    8240768 total
[2020-09-30T09:17:26.730+0000][16584][gc,age       ] GC(127) - age   4:      10968 bytes,    8251736 total
[2020-09-30T09:17:26.730+0000][16584][gc,age       ] GC(127) - age   5:       1232 bytes,    8252968 total
[2020-09-30T09:17:26.730+0000][16584][gc,age       ] GC(127) - age   6:       3032 bytes,    8256000 total
[2020-09-30T09:17:26.730+0000][16584][gc,age       ] GC(127) - age   7:      20336 bytes,    8276336 total
[2020-09-30T09:17:26.730+0000][16584][gc,age       ] GC(127) - age   8:      62520 bytes,    8338856 total
[2020-09-30T09:17:26.730+0000][16584][gc,age       ] GC(127) - age   9:     307992 bytes,    8646848 total
[2020-09-30T09:17:26.730+0000][16584][gc,age       ] GC(127) - age  10:     222696 bytes,    8869544 total
[2020-09-30T09:17:26.730+0000][16584][gc,age       ] GC(127) - age  11:       1704 bytes,    8871248 total
[2020-09-30T09:17:26.730+0000][16584][gc,age       ] GC(127) - age  12:       5016 bytes,    8876264 total
[2020-09-30T09:17:26.731+0000][16584][gc,age       ] GC(127) - age  13:      11032 bytes,    8887296 total
[2020-09-30T09:17:26.731+0000][16584][gc,age       ] GC(127) - age  14:       7552 bytes,    8894848 total
[2020-09-30T09:17:26.731+0000][16584][gc,age       ] GC(127) - age  15:        552 bytes,    8895400 total
[2020-09-30T09:17:26.731+0000][16584][gc,phases    ] GC(127)   Pre Evacuate Collection Set: 0.4ms
[2020-09-30T09:17:26.731+0000][16584][gc,phases    ] GC(127)   Merge Heap Roots: 0.1ms
[2020-09-30T09:17:26.731+0000][16584][gc,phases    ] GC(127)   Evacuate Collection Set: 5.6ms
[2020-09-30T09:17:26.731+0000][16584][gc,phases    ] GC(127)   Post Evacuate Collection Set: 1.2ms
[2020-09-30T09:17:26.731+0000][16584][gc,phases    ] GC(127)   Other: 1.2ms
[2020-09-30T09:17:26.731+0000][16584][gc,heap      ] GC(127) Eden regions: 82->0(487)
[2020-09-30T09:17:26.731+0000][16584][gc,heap      ] GC(127) Survivor regions: 2->9(64)
[2020-09-30T09:17:26.731+0000][16584][gc,heap      ] GC(127) Old regions: 76->76
[2020-09-30T09:17:26.731+0000][16584][gc,heap      ] GC(127) Archive regions: 0->0
[2020-09-30T09:17:26.731+0000][16584][gc,heap      ] GC(127) Humongous regions: 272->174
[2020-09-30T09:17:26.731+0000][16584][gc,metaspace ] GC(127) Metaspace: 86602K(92416K)->86602K(92416K) NonClass: 75457K(78848K)->75457K(78848K) Class: 11145K(13568K)->11145K(13568K)
[2020-09-30T09:17:26.731+0000][16584][gc           ] GC(127) Pause Young (Concurrent Start) (G1 Humongous Allocation) 430M->258M(1024M) 8.881ms
[2020-09-30T09:17:26.731+0000][16584][gc,cpu       ] GC(127) User=0.00s Sys=0.00s Real=0.01s
[2020-09-30T09:17:26.731+0000][16584][gc           ] GC(128) Concurrent Cycle
[2020-09-30T09:17:26.731+0000][16584][gc,marking   ] GC(128) Concurrent Clear Claimed Marks
[2020-09-30T09:17:26.732+0000][16584][gc,marking   ] GC(128) Concurrent Clear Claimed Marks 0.348ms
[2020-09-30T09:17:26.732+0000][16584][gc,marking   ] GC(128) Concurrent Scan Root Regions
[2020-09-30T09:17:26.733+0000][16584][safepoint    ] Safepoint "G1TryInitiateConcMark", Time since last: 40072400 ns, Reaching safepoint: 276600 ns, At safepoint: 11103600 ns, Total: 11380200 ns
[2020-09-30T09:17:26.734+0000][16584][gc,marking   ] GC(128) Concurrent Scan Root Regions 2.287ms
[2020-09-30T09:17:26.734+0000][16584][gc,marking   ] GC(128) Concurrent Mark (140.592s)
[2020-09-30T09:17:26.734+0000][16584][gc,marking   ] GC(128) Concurrent Mark From Roots
[2020-09-30T09:17:26.734+0000][16584][gc,task      ] GC(128) Using 2 workers of 2 for marking
[2020-09-30T09:17:26.912+0000][16584][gc,marking   ] GC(128) Concurrent Mark From Roots 178.244ms
[2020-09-30T09:17:26.913+0000][16584][gc,marking   ] GC(128) Concurrent Preclean
[2020-09-30T09:17:26.913+0000][16584][gc,marking   ] GC(128) Concurrent Preclean 0.548ms
[2020-09-30T09:17:26.913+0000][16584][gc,marking   ] GC(128) Concurrent Mark (140.592s, 140.771s) 179.012ms
[2020-09-30T09:17:26.917+0000][16584][gc,start     ] GC(128) Pause Remark
[2020-09-30T09:17:26.923+0000][16584][gc           ] GC(128) Pause Remark 582M->582M(1024M) 6.191ms
[2020-09-30T09:17:26.923+0000][16584][gc,cpu       ] GC(128) User=0.11s Sys=0.00s Real=0.01s
[2020-09-30T09:17:26.923+0000][16584][safepoint    ] Safepoint "G1Concurrent", Time since last: 179923000 ns, Reaching safepoint: 3494200 ns, At safepoint: 6468400 ns, Total: 9962600 ns
[2020-09-30T09:17:26.923+0000][16584][gc,marking   ] GC(128) Concurrent Rebuild Remembered Sets
[2020-09-30T09:17:27.029+0000][16584][gc,marking   ] GC(128) Concurrent Rebuild Remembered Sets 105.724ms
[2020-09-30T09:17:27.029+0000][16584][gc,start     ] GC(128) Pause Cleanup
[2020-09-30T09:17:27.030+0000][16584][gc           ] GC(128) Pause Cleanup 588M->588M(1024M) 0.401ms
[2020-09-30T09:17:27.030+0000][16584][gc,cpu       ] GC(128) User=0.00s Sys=0.00s Real=0.00s
[2020-09-30T09:17:27.031+0000][16584][safepoint    ] Safepoint "G1Concurrent", Time since last: 105943300 ns, Reaching safepoint: 174300 ns, At safepoint: 2002300 ns, Total: 2176600 ns
[2020-09-30T09:17:27.031+0000][16584][gc,marking   ] GC(128) Concurrent Cleanup for Next Mark
[2020-09-30T09:17:27.033+0000][16584][gc,marking   ] GC(128) Concurrent Cleanup for Next Mark 2.000ms
[2020-09-30T09:17:27.034+0000][16584][gc           ] GC(128) Concurrent Cycle 302.323ms
[2020-09-30T09:17:27.115+0000][16584][safepoint    ] Safepoint "BulkRevokeBias", Time since last: 80072400 ns, Reaching safepoint: 2279700 ns, At safepoint: 1682200 ns, Total: 3961900 ns
[2020-09-30T09:17:27.414+0000][16584][gc,start     ] GC(129) Pause Young (Concurrent Start) (G1 Humongous Allocation)
[2020-09-30T09:17:27.414+0000][16584][gc,task      ] GC(129) Using 8 workers of 8 for evacuation
[2020-09-30T09:17:27.414+0000][16584][gc,age       ] GC(129) Desired survivor size 32505856 bytes, new threshold 15 (max threshold 15)
[2020-09-30T09:17:27.419+0000][16584][gc,age       ] GC(129) Age table with threshold 15 (max threshold 15)
[2020-09-30T09:17:27.419+0000][16584][gc,age       ] GC(129) - age   1:    2602216 bytes,    2602216 total
[2020-09-30T09:17:27.419+0000][16584][gc,age       ] GC(129) - age   2:      28512 bytes,    2630728 total
[2020-09-30T09:17:27.419+0000][16584][gc,age       ] GC(129) - age   3:       3288 bytes,    2634016 total
[2020-09-30T09:17:27.419+0000][16584][gc,age       ] GC(129) - age   4:       1640 bytes,    2635656 total
[2020-09-30T09:17:27.419+0000][16584][gc,age       ] GC(129) - age   5:      10872 bytes,    2646528 total
[2020-09-30T09:17:27.419+0000][16584][gc,age       ] GC(129) - age   6:       1232 bytes,    2647760 total
[2020-09-30T09:17:27.419+0000][16584][gc,age       ] GC(129) - age   7:       3000 bytes,    2650760 total
[2020-09-30T09:17:27.419+0000][16584][gc,age       ] GC(129) - age   8:      20272 bytes,    2671032 total
[2020-09-30T09:17:27.419+0000][16584][gc,age       ] GC(129) - age   9:      62520 bytes,    2733552 total
[2020-09-30T09:17:27.419+0000][16584][gc,age       ] GC(129) - age  10:     305280 bytes,    3038832 total
[2020-09-30T09:17:27.419+0000][16584][gc,age       ] GC(129) - age  11:     218800 bytes,    3257632 total
[2020-09-30T09:17:27.419+0000][16584][gc,age       ] GC(129) - age  12:       1704 bytes,    3259336 total
[2020-09-30T09:17:27.419+0000][16584][gc,age       ] GC(129) - age  13:       5016 bytes,    3264352 total
[2020-09-30T09:17:27.419+0000][16584][gc,age       ] GC(129) - age  14:      11032 bytes,    3275384 total
[2020-09-30T09:17:27.419+0000][16584][gc,age       ] GC(129) - age  15:       5040 bytes,    3280424 total
[2020-09-30T09:17:27.420+0000][16584][gc,phases    ] GC(129)   Pre Evacuate Collection Set: 0.5ms
[2020-09-30T09:17:27.420+0000][16584][gc,phases    ] GC(129)   Merge Heap Roots: 0.1ms
[2020-09-30T09:17:27.420+0000][16584][gc,phases    ] GC(129)   Evacuate Collection Set: 2.9ms
[2020-09-30T09:17:27.420+0000][16584][gc,phases    ] GC(129)   Post Evacuate Collection Set: 1.1ms
[2020-09-30T09:17:27.420+0000][16584][gc,phases    ] GC(129)   Other: 1.1ms
[2020-09-30T09:17:27.420+0000][16584][gc,heap      ] GC(129) Eden regions: 99->0(495)
[2020-09-30T09:17:27.420+0000][16584][gc,heap      ] GC(129) Survivor regions: 9->4(62)
[2020-09-30T09:17:27.420+0000][16584][gc,heap      ] GC(129) Old regions: 76->76
[2020-09-30T09:17:27.420+0000][16584][gc,heap      ] GC(129) Archive regions: 0->0
[2020-09-30T09:17:27.420+0000][16584][gc,heap      ] GC(129) Humongous regions: 430->174
[2020-09-30T09:17:27.420+0000][16584][gc,metaspace ] GC(129) Metaspace: 86661K(92672K)->86661K(92672K) NonClass: 75515K(79104K)->75515K(79104K) Class: 11145K(13568K)->11145K(13568K)
[2020-09-30T09:17:27.420+0000][16584][gc           ] GC(129) Pause Young (Concurrent Start) (G1 Humongous Allocation) 612M->253M(1024M) 6.113ms
[2020-09-30T09:17:27.420+0000][16584][gc,cpu       ] GC(129) User=0.00s Sys=0.00s Real=0.01s
[2020-09-30T09:17:27.420+0000][16584][safepoint    ] Safepoint "G1TryInitiateConcMark", Time since last: 297370400 ns, Reaching safepoint: 233500 ns, At safepoint: 6328600 ns, Total: 6562100 ns
[2020-09-30T09:17:27.420+0000][16584][gc           ] GC(130) Concurrent Cycle
[2020-09-30T09:17:27.420+0000][16584][gc,marking   ] GC(130) Concurrent Clear Claimed Marks
[2020-09-30T09:17:27.421+0000][16584][gc,marking   ] GC(130) Concurrent Clear Claimed Marks 0.713ms
[2020-09-30T09:17:27.421+0000][16584][gc,marking   ] GC(130) Concurrent Scan Root Regions
[2020-09-30T09:17:27.424+0000][16584][gc,marking   ] GC(130) Concurrent Scan Root Regions 3.062ms
[2020-09-30T09:17:27.424+0000][16584][gc,marking   ] GC(130) Concurrent Mark (141.281s)
[2020-09-30T09:17:27.424+0000][16584][gc,marking   ] GC(130) Concurrent Mark From Roots
[2020-09-30T09:17:27.424+0000][16584][gc,task      ] GC(130) Using 2 workers of 2 for marking
[2020-09-30T09:17:27.594+0000][16584][gc,marking   ] GC(130) Concurrent Mark From Roots 169.266ms
[2020-09-30T09:17:27.594+0000][16584][gc,marking   ] GC(130) Concurrent Preclean
[2020-09-30T09:17:27.595+0000][16584][gc,marking   ] GC(130) Concurrent Preclean 1.065ms
[2020-09-30T09:17:27.595+0000][16584][gc,marking   ] GC(130) Concurrent Mark (141.281s, 141.452s) 170.736ms
[2020-09-30T09:17:27.596+0000][16584][gc,start     ] GC(130) Pause Remark
[2020-09-30T09:17:27.602+0000][16584][gc           ] GC(130) Pause Remark 394M->394M(1024M) 5.968ms
[2020-09-30T09:17:27.602+0000][16584][gc,cpu       ] GC(130) User=0.00s Sys=0.00s Real=0.01s
[2020-09-30T09:17:27.602+0000][16584][safepoint    ] Safepoint "G1Concurrent", Time since last: 175062400 ns, Reaching safepoint: 233600 ns, At safepoint: 6371200 ns, Total: 6604800 ns
[2020-09-30T09:17:27.602+0000][16584][gc,marking   ] GC(130) Concurrent Rebuild Remembered Sets
[2020-09-30T09:17:27.702+0000][16584][gc,marking   ] GC(130) Concurrent Rebuild Remembered Sets 100.364ms
[2020-09-30T09:17:27.707+0000][16584][gc,start     ] GC(130) Pause Cleanup
[2020-09-30T09:17:27.707+0000][16584][gc           ] GC(130) Pause Cleanup 654M->654M(1024M) 0.394ms
[2020-09-30T09:17:27.707+0000][16584][gc,cpu       ] GC(130) User=0.00s Sys=0.00s Real=0.00s
[2020-09-30T09:17:27.707+0000][16584][safepoint    ] Safepoint "G1Concurrent", Time since last: 100603800 ns, Reaching safepoint: 4226300 ns, At safepoint: 663300 ns, Total: 4889600 ns
[2020-09-30T09:17:27.707+0000][16584][gc,marking   ] GC(130) Concurrent Cleanup for Next Mark
[2020-09-30T09:17:27.709+0000][16584][gc,marking   ] GC(130) Concurrent Cleanup for Next Mark 1.858ms
[2020-09-30T09:17:27.709+0000][16584][gc           ] GC(130) Concurrent Cycle 289.262ms
[2020-09-30T09:17:27.760+0000][16584][gc,start     ] GC(131) Pause Young (Concurrent Start) (G1 Humongous Allocation)
[2020-09-30T09:17:27.760+0000][16584][gc,task      ] GC(131) Using 8 workers of 8 for evacuation
[2020-09-30T09:17:27.760+0000][16584][gc,age       ] GC(131) Desired survivor size 33030144 bytes, new threshold 15 (max threshold 15)
[2020-09-30T09:17:27.765+0000][16584][gc,age       ] GC(131) Age table with threshold 15 (max threshold 15)
[2020-09-30T09:17:27.765+0000][16584][gc,age       ] GC(131) - age   1:    3952488 bytes,    3952488 total
[2020-09-30T09:17:27.765+0000][16584][gc,age       ] GC(131) - age   2:      13200 bytes,    3965688 total
[2020-09-30T09:17:27.765+0000][16584][gc,age       ] GC(131) - age   3:      26280 bytes,    3991968 total
[2020-09-30T09:17:27.765+0000][16584][gc,age       ] GC(131) - age   4:       3064 bytes,    3995032 total
[2020-09-30T09:17:27.766+0000][16584][gc,age       ] GC(131) - age   5:       1448 bytes,    3996480 total
[2020-09-30T09:17:27.766+0000][16584][gc,age       ] GC(131) - age   6:      10840 bytes,    4007320 total
[2020-09-30T09:17:27.766+0000][16584][gc,age       ] GC(131) - age   7:       1200 bytes,    4008520 total
[2020-09-30T09:17:27.766+0000][16584][gc,age       ] GC(131) - age   8:       3000 bytes,    4011520 total
[2020-09-30T09:17:27.766+0000][16584][gc,age       ] GC(131) - age   9:      20176 bytes,    4031696 total
[2020-09-30T09:17:27.766+0000][16584][gc,age       ] GC(131) - age  10:      62520 bytes,    4094216 total
[2020-09-30T09:17:27.766+0000][16584][gc,age       ] GC(131) - age  11:     305200 bytes,    4399416 total
[2020-09-30T09:17:27.766+0000][16584][gc,age       ] GC(131) - age  12:     218768 bytes,    4618184 total
[2020-09-30T09:17:27.766+0000][16584][gc,age       ] GC(131) - age  13:       1704 bytes,    4619888 total
[2020-09-30T09:17:27.766+0000][16584][gc,age       ] GC(131) - age  14:       4920 bytes,    4624808 total
[2020-09-30T09:17:27.766+0000][16584][gc,age       ] GC(131) - age  15:      11032 bytes,    4635840 total
[2020-09-30T09:17:27.766+0000][16584][gc,phases    ] GC(131)   Pre Evacuate Collection Set: 0.5ms
[2020-09-30T09:17:27.766+0000][16584][gc,phases    ] GC(131)   Merge Heap Roots: 0.1ms
[2020-09-30T09:17:27.766+0000][16584][gc,phases    ] GC(131)   Evacuate Collection Set: 3.4ms
[2020-09-30T09:17:27.766+0000][16584][gc,phases    ] GC(131)   Post Evacuate Collection Set: 1.1ms
[2020-09-30T09:17:27.766+0000][16584][gc,phases    ] GC(131)   Other: 1.3ms
[2020-09-30T09:17:27.766+0000][16584][gc,heap      ] GC(131) Eden regions: 116->0(495)
[2020-09-30T09:17:27.766+0000][16584][gc,heap      ] GC(131) Survivor regions: 4->5(63)
[2020-09-30T09:17:27.766+0000][16584][gc,heap      ] GC(131) Old regions: 76->76
[2020-09-30T09:17:27.767+0000][16584][gc,heap      ] GC(131) Archive regions: 0->0
[2020-09-30T09:17:27.767+0000][16584][gc,heap      ] GC(131) Humongous regions: 478->174
[2020-09-30T09:17:27.767+0000][16584][gc,metaspace ] GC(131) Metaspace: 86693K(92672K)->86693K(92672K) NonClass: 75548K(79104K)->75548K(79104K) Class: 11145K(13568K)->11145K(13568K)
[2020-09-30T09:17:27.767+0000][16584][gc           ] GC(131) Pause Young (Concurrent Start) (G1 Humongous Allocation) 672M->254M(1024M) 6.889ms
[2020-09-30T09:17:27.767+0000][16584][gc,cpu       ] GC(131) User=0.03s Sys=0.00s Real=0.01s
[2020-09-30T09:17:27.767+0000][16584][gc           ] GC(132) Concurrent Cycle
[2020-09-30T09:17:27.767+0000][16584][safepoint    ] Safepoint "G1TryInitiateConcMark", Time since last: 52206100 ns, Reaching safepoint: 170600 ns, At safepoint: 7142700 ns, Total: 7313300 ns
[2020-09-30T09:17:27.767+0000][16584][gc,marking   ] GC(132) Concurrent Clear Claimed Marks
[2020-09-30T09:17:27.767+0000][16584][gc,marking   ] GC(132) Concurrent Clear Claimed Marks 0.543ms
[2020-09-30T09:17:27.768+0000][16584][gc,marking   ] GC(132) Concurrent Scan Root Regions
[2020-09-30T09:17:27.771+0000][16584][gc,marking   ] GC(132) Concurrent Scan Root Regions 3.511ms
[2020-09-30T09:17:27.771+0000][16584][gc,marking   ] GC(132) Concurrent Mark (141.628s)
[2020-09-30T09:17:27.771+0000][16584][gc,marking   ] GC(132) Concurrent Mark From Roots
[2020-09-30T09:17:27.771+0000][16584][gc,task      ] GC(132) Using 2 workers of 2 for marking
[2020-09-30T09:17:27.947+0000][16584][gc,marking   ] GC(132) Concurrent Mark From Roots 176.215ms
[2020-09-30T09:17:27.948+0000][16584][gc,marking   ] GC(132) Concurrent Preclean
[2020-09-30T09:17:27.948+0000][16584][gc,marking   ] GC(132) Concurrent Preclean 0.533ms
[2020-09-30T09:17:27.948+0000][16584][gc,marking   ] GC(132) Concurrent Mark (141.628s, 141.805s) 176.931ms
[2020-09-30T09:17:27.951+0000][16584][gc,start     ] GC(132) Pause Remark
[2020-09-30T09:17:27.957+0000][16584][gc           ] GC(132) Pause Remark 391M->391M(1024M) 6.147ms
[2020-09-30T09:17:27.957+0000][16584][gc,cpu       ] GC(132) User=0.02s Sys=0.00s Real=0.01s
[2020-09-30T09:17:27.957+0000][16584][safepoint    ] Safepoint "G1Concurrent", Time since last: 181349300 ns, Reaching safepoint: 2445800 ns, At safepoint: 6432200 ns, Total: 8878000 ns
[2020-09-30T09:17:27.957+0000][16584][gc,marking   ] GC(132) Concurrent Rebuild Remembered Sets
[2020-09-30T09:17:28.060+0000][16584][gc,marking   ] GC(132) Concurrent Rebuild Remembered Sets 102.634ms
[2020-09-30T09:17:28.060+0000][16584][gc,start     ] GC(132) Pause Cleanup
[2020-09-30T09:17:28.061+0000][16584][gc           ] GC(132) Pause Cleanup 465M->465M(1024M) 0.373ms
[2020-09-30T09:17:28.061+0000][16584][gc,cpu       ] GC(132) User=0.11s Sys=0.00s Real=0.00s
[2020-09-30T09:17:28.061+0000][16584][safepoint    ] Safepoint "G1Concurrent", Time since last: 103003400 ns, Reaching safepoint: 155300 ns, At safepoint: 686000 ns, Total: 841300 ns
[2020-09-30T09:17:28.061+0000][16584][gc,marking   ] GC(132) Concurrent Cleanup for Next Mark
[2020-09-30T09:17:28.063+0000][16584][gc,marking   ] GC(132) Concurrent Cleanup for Next Mark 1.915ms
[2020-09-30T09:17:28.063+0000][16584][gc           ] GC(132) Concurrent Cycle 296.275ms
[2020-09-30T09:17:28.083+0000][16584][gc,start     ] GC(133) Pause Young (Concurrent Start) (G1 Humongous Allocation)
[2020-09-30T09:17:28.083+0000][16584][gc,task      ] GC(133) Using 8 workers of 8 for evacuation
[2020-09-30T09:17:28.083+0000][16584][gc,age       ] GC(133) Desired survivor size 33030144 bytes, new threshold 15 (max threshold 15)
[2020-09-30T09:17:28.088+0000][16584][gc,age       ] GC(133) Age table with threshold 15 (max threshold 15)
[2020-09-30T09:17:28.088+0000][16584][gc,age       ] GC(133) - age   1:    3558776 bytes,    3558776 total
[2020-09-30T09:17:28.088+0000][16584][gc,age       ] GC(133) - age   2:     416992 bytes,    3975768 total
[2020-09-30T09:17:28.088+0000][16584][gc,age       ] GC(133) - age   3:      12848 bytes,    3988616 total
[2020-09-30T09:17:28.089+0000][16584][gc,age       ] GC(133) - age   4:      26184 bytes,    4014800 total
[2020-09-30T09:17:28.089+0000][16584][gc,age       ] GC(133) - age   5:       2616 bytes,    4017416 total
[2020-09-30T09:17:28.089+0000][16584][gc,age       ] GC(133) - age   6:       1448 bytes,    4018864 total
[2020-09-30T09:17:28.089+0000][16584][gc,age       ] GC(133) - age   7:      10808 bytes,    4029672 total
[2020-09-30T09:17:28.089+0000][16584][gc,age       ] GC(133) - age   8:       1136 bytes,    4030808 total
[2020-09-30T09:17:28.089+0000][16584][gc,age       ] GC(133) - age   9:       3000 bytes,    4033808 total
[2020-09-30T09:17:28.089+0000][16584][gc,age       ] GC(133) - age  10:      20176 bytes,    4053984 total
[2020-09-30T09:17:28.089+0000][16584][gc,age       ] GC(133) - age  11:      62520 bytes,    4116504 total
[2020-09-30T09:17:28.089+0000][16584][gc,age       ] GC(133) - age  12:     305008 bytes,    4421512 total
[2020-09-30T09:17:28.089+0000][16584][gc,age       ] GC(133) - age  13:     218768 bytes,    4640280 total
[2020-09-30T09:17:28.089+0000][16584][gc,age       ] GC(133) - age  14:       1640 bytes,    4641920 total
[2020-09-30T09:17:28.089+0000][16584][gc,age       ] GC(133) - age  15:       4760 bytes,    4646680 total
[2020-09-30T09:17:28.089+0000][16584][gc,phases    ] GC(133)   Pre Evacuate Collection Set: 0.4ms
[2020-09-30T09:17:28.090+0000][16584][gc,phases    ] GC(133)   Merge Heap Roots: 0.1ms
[2020-09-30T09:17:28.090+0000][16584][gc,phases    ] GC(133)   Evacuate Collection Set: 3.0ms
[2020-09-30T09:17:28.090+0000][16584][gc,phases    ] GC(133)   Post Evacuate Collection Set: 1.1ms
[2020-09-30T09:17:28.090+0000][16584][gc,phases    ] GC(133)   Other: 1.8ms
[2020-09-30T09:17:28.090+0000][16584][gc,heap      ] GC(133) Eden regions: 60->0(497)
[2020-09-30T09:17:28.090+0000][16584][gc,heap      ] GC(133) Survivor regions: 5->5(63)
[2020-09-30T09:17:28.090+0000][16584][gc,heap      ] GC(133) Old regions: 76->76
[2020-09-30T09:17:28.090+0000][16584][gc,heap      ] GC(133) Archive regions: 0->0
[2020-09-30T09:17:28.090+0000][16584][gc,heap      ] GC(133) Humongous regions: 330->174
[2020-09-30T09:17:28.090+0000][16584][gc,metaspace ] GC(133) Metaspace: 86730K(92672K)->86730K(92672K) NonClass: 75585K(79104K)->75585K(79104K) Class: 11145K(13568K)->11145K(13568K)
[2020-09-30T09:17:28.090+0000][16584][gc           ] GC(133) Pause Young (Concurrent Start) (G1 Humongous Allocation) 470M->254M(1024M) 7.013ms
[2020-09-30T09:17:28.090+0000][16584][gc,cpu       ] GC(133) User=0.00s Sys=0.00s Real=0.01s
[2020-09-30T09:17:28.090+0000][16584][safepoint    ] Safepoint "G1TryInitiateConcMark", Time since last: 21919700 ns, Reaching safepoint: 145600 ns, At safepoint: 7253200 ns, Total: 7398800 ns
[2020-09-30T09:17:28.090+0000][16584][gc           ] GC(134) Concurrent Cycle
[2020-09-30T09:17:28.090+0000][16584][gc,marking   ] GC(134) Concurrent Clear Claimed Marks
[2020-09-30T09:17:28.091+0000][16584][gc,marking   ] GC(134) Concurrent Clear Claimed Marks 0.384ms
[2020-09-30T09:17:28.091+0000][16584][gc,marking   ] GC(134) Concurrent Scan Root Regions
[2020-09-30T09:17:28.095+0000][16584][gc,marking   ] GC(134) Concurrent Scan Root Regions 4.203ms
[2020-09-30T09:17:28.095+0000][16584][gc,marking   ] GC(134) Concurrent Mark (141.952s)
[2020-09-30T09:17:28.095+0000][16584][gc,marking   ] GC(134) Concurrent Mark From Roots
[2020-09-30T09:17:28.095+0000][16584][gc,task      ] GC(134) Using 2 workers of 2 for marking
[2020-09-30T09:17:28.277+0000][16584][gc,marking   ] GC(134) Concurrent Mark From Roots 182.169ms
[2020-09-30T09:17:28.278+0000][16584][gc,marking   ] GC(134) Concurrent Preclean
[2020-09-30T09:17:28.278+0000][16584][gc,marking   ] GC(134) Concurrent Preclean 0.545ms
[2020-09-30T09:17:28.278+0000][16584][gc,marking   ] GC(134) Concurrent Mark (141.952s, 142.135s) 182.945ms
[2020-09-30T09:17:28.278+0000][16584][gc,start     ] GC(134) Pause Remark
[2020-09-30T09:17:28.284+0000][16584][gc           ] GC(134) Pause Remark 388M->388M(1024M) 5.854ms
[2020-09-30T09:17:28.284+0000][16584][gc,cpu       ] GC(134) User=0.11s Sys=0.00s Real=0.01s
[2020-09-30T09:17:28.286+0000][16584][safepoint    ] Safepoint "G1Concurrent", Time since last: 187932000 ns, Reaching safepoint: 181000 ns, At safepoint: 8052900 ns, Total: 8233900 ns
[2020-09-30T09:17:28.287+0000][16584][gc,marking   ] GC(134) Concurrent Rebuild Remembered Sets
[2020-09-30T09:17:28.386+0000][16584][gc,marking   ] GC(134) Concurrent Rebuild Remembered Sets 99.841ms
[2020-09-30T09:17:28.387+0000][16584][gc,start     ] GC(134) Pause Cleanup
[2020-09-30T09:17:28.387+0000][16584][gc           ] GC(134) Pause Cleanup 394M->394M(1024M) 0.342ms
[2020-09-30T09:17:28.387+0000][16584][gc,cpu       ] GC(134) User=0.00s Sys=0.00s Real=0.00s
[2020-09-30T09:17:28.387+0000][16584][safepoint    ] Safepoint "G1Concurrent", Time since last: 100128400 ns, Reaching safepoint: 292300 ns, At safepoint: 615200 ns, Total: 907500 ns
[2020-09-30T09:17:28.388+0000][16584][gc,marking   ] GC(134) Concurrent Cleanup for Next Mark
[2020-09-30T09:17:28.390+0000][16584][gc,marking   ] GC(134) Concurrent Cleanup for Next Mark 2.145ms
[2020-09-30T09:17:28.390+0000][16584][gc           ] GC(134) Concurrent Cycle 299.612ms
[2020-09-30T09:17:28.411+0000][16584][gc,start     ] GC(135) Pause Young (Concurrent Start) (G1 Humongous Allocation)
[2020-09-30T09:17:28.411+0000][16584][gc,task      ] GC(135) Using 8 workers of 8 for evacuation
[2020-09-30T09:17:28.411+0000][16584][gc,age       ] GC(135) Desired survivor size 33030144 bytes, new threshold 15 (max threshold 15)
[2020-09-30T09:17:28.417+0000][16584][gc,age       ] GC(135) Age table with threshold 15 (max threshold 15)
[2020-09-30T09:17:28.417+0000][16584][gc,age       ] GC(135) - age   1:   13661528 bytes,   13661528 total
[2020-09-30T09:17:28.417+0000][16584][gc,age       ] GC(135) - age   2:       2680 bytes,   13664208 total
[2020-09-30T09:17:28.417+0000][16584][gc,age       ] GC(135) - age   3:      16024 bytes,   13680232 total
[2020-09-30T09:17:28.417+0000][16584][gc,age       ] GC(135) - age   4:      10912 bytes,   13691144 total
[2020-09-30T09:17:28.417+0000][16584][gc,age       ] GC(135) - age   5:      26024 bytes,   13717168 total
[2020-09-30T09:17:28.417+0000][16584][gc,age       ] GC(135) - age   6:       2072 bytes,   13719240 total
[2020-09-30T09:17:28.418+0000][16584][gc,age       ] GC(135) - age   7:       1448 bytes,   13720688 total
[2020-09-30T09:17:28.418+0000][16584][gc,age       ] GC(135) - age   8:      10744 bytes,   13731432 total
[2020-09-30T09:17:28.418+0000][16584][gc,age       ] GC(135) - age   9:       1136 bytes,   13732568 total
[2020-09-30T09:17:28.418+0000][16584][gc,age       ] GC(135) - age  10:       3000 bytes,   13735568 total
[2020-09-30T09:17:28.418+0000][16584][gc,age       ] GC(135) - age  11:      20176 bytes,   13755744 total
[2020-09-30T09:17:28.418+0000][16584][gc,age       ] GC(135) - age  12:      62520 bytes,   13818264 total
[2020-09-30T09:17:28.418+0000][16584][gc,age       ] GC(135) - age  13:     303664 bytes,   14121928 total
[2020-09-30T09:17:28.418+0000][16584][gc,age       ] GC(135) - age  14:     218616 bytes,   14340544 total
[2020-09-30T09:17:28.418+0000][16584][gc,age       ] GC(135) - age  15:       1512 bytes,   14342056 total
[2020-09-30T09:17:28.418+0000][16584][gc,phases    ] GC(135)   Pre Evacuate Collection Set: 0.5ms
[2020-09-30T09:17:28.418+0000][16584][gc,phases    ] GC(135)   Merge Heap Roots: 0.1ms
[2020-09-30T09:17:28.418+0000][16584][gc,phases    ] GC(135)   Evacuate Collection Set: 4.3ms
[2020-09-30T09:17:28.418+0000][16584][gc,phases    ] GC(135)   Post Evacuate Collection Set: 1.0ms
[2020-09-30T09:17:28.418+0000][16584][gc,phases    ] GC(135)   Other: 1.2ms
[2020-09-30T09:17:28.418+0000][16584][gc,heap      ] GC(135) Eden regions: 61->0(480)
[2020-09-30T09:17:28.418+0000][16584][gc,heap      ] GC(135) Survivor regions: 5->14(63)
[2020-09-30T09:17:28.418+0000][16584][gc,heap      ] GC(135) Old regions: 76->76
[2020-09-30T09:17:28.418+0000][16584][gc,heap      ] GC(135) Archive regions: 0->0
[2020-09-30T09:17:28.418+0000][16584][gc,heap      ] GC(135) Humongous regions: 274->174
[2020-09-30T09:17:28.418+0000][16584][gc,metaspace ] GC(135) Metaspace: 86771K(92672K)->86771K(92672K) NonClass: 75626K(79104K)->75626K(79104K) Class: 11145K(13568K)->11145K(13568K)
[2020-09-30T09:17:28.418+0000][16584][gc           ] GC(135) Pause Young (Concurrent Start) (G1 Humongous Allocation) 415M->263M(1024M) 7.513ms
[2020-09-30T09:17:28.419+0000][16584][gc,cpu       ] GC(135) User=0.00s Sys=0.00s Real=0.01s
[2020-09-30T09:17:28.419+0000][16584][gc           ] GC(136) Concurrent Cycle
[2020-09-30T09:17:28.419+0000][16584][gc,marking   ] GC(136) Concurrent Clear Claimed Marks
[2020-09-30T09:17:28.419+0000][16584][safepoint    ] Safepoint "G1TryInitiateConcMark", Time since last: 23226800 ns, Reaching safepoint: 169800 ns, At safepoint: 7980300 ns, Total: 8150100 ns
[2020-09-30T09:17:28.419+0000][16584][gc,marking   ] GC(136) Concurrent Clear Claimed Marks 0.365ms
[2020-09-30T09:17:28.419+0000][16584][gc,marking   ] GC(136) Concurrent Scan Root Regions
[2020-09-30T09:17:28.426+0000][16584][gc,marking   ] GC(136) Concurrent Scan Root Regions 6.415ms
[2020-09-30T09:17:28.426+0000][16584][gc,marking   ] GC(136) Concurrent Mark (142.282s)
[2020-09-30T09:17:28.426+0000][16584][gc,marking   ] GC(136) Concurrent Mark From Roots
[2020-09-30T09:17:28.426+0000][16584][gc,task      ] GC(136) Using 2 workers of 2 for marking
[2020-09-30T09:17:28.606+0000][16584][gc,marking   ] GC(136) Concurrent Mark From Roots 180.337ms
[2020-09-30T09:17:28.606+0000][16584][gc,marking   ] GC(136) Concurrent Preclean
[2020-09-30T09:17:28.607+0000][16584][gc,marking   ] GC(136) Concurrent Preclean 0.590ms
[2020-09-30T09:17:28.607+0000][16584][gc,marking   ] GC(136) Concurrent Mark (142.282s, 142.464s) 181.196ms
[2020-09-30T09:17:28.607+0000][16584][gc,start     ] GC(136) Pause Remark
[2020-09-30T09:17:28.613+0000][16584][gc           ] GC(136) Pause Remark 591M->591M(1024M) 6.179ms
[2020-09-30T09:17:28.613+0000][16584][gc,cpu       ] GC(136) User=0.11s Sys=0.00s Real=0.01s
[2020-09-30T09:17:28.613+0000][16584][safepoint    ] Safepoint "G1Concurrent", Time since last: 188200600 ns, Reaching safepoint: 156400 ns, At safepoint: 6412400 ns, Total: 6568800 ns
[2020-09-30T09:17:28.613+0000][16584][gc,marking   ] GC(136) Concurrent Rebuild Remembered Sets
[2020-09-30T09:17:28.715+0000][16584][gc,marking   ] GC(136) Concurrent Rebuild Remembered Sets 101.217ms
[2020-09-30T09:17:28.715+0000][16584][gc,start     ] GC(136) Pause Cleanup
[2020-09-30T09:17:28.716+0000][16584][gc           ] GC(136) Pause Cleanup 785M->785M(1024M) 0.402ms
[2020-09-30T09:17:28.716+0000][16584][gc,cpu       ] GC(136) User=0.00s Sys=0.00s Real=0.00s
[2020-09-30T09:17:28.717+0000][16584][safepoint    ] Safepoint "G1Concurrent", Time since last: 101440200 ns, Reaching safepoint: 428400 ns, At safepoint: 2110200 ns, Total: 2538600 ns
[2020-09-30T09:17:28.718+0000][16584][gc,marking   ] GC(136) Concurrent Cleanup for Next Mark
[2020-09-30T09:17:28.720+0000][16584][gc,marking   ] GC(136) Concurrent Cleanup for Next Mark 2.084ms
[2020-09-30T09:17:28.720+0000][16584][gc           ] GC(136) Concurrent Cycle 301.372ms
[2020-09-30T09:17:28.726+0000][16584][safepoint    ] Safepoint "BulkRevokeBias", Time since last: 6501100 ns, Reaching safepoint: 182600 ns, At safepoint: 2386300 ns, Total: 2568900 ns
[2020-09-30T09:17:28.735+0000][16584][gc,start     ] GC(137) Pause Young (Concurrent Start) (G1 Humongous Allocation)
[2020-09-30T09:17:28.735+0000][16584][gc,task      ] GC(137) Using 8 workers of 8 for evacuation
[2020-09-30T09:17:28.736+0000][16584][gc,age       ] GC(137) Desired survivor size 32505856 bytes, new threshold 15 (max threshold 15)
[2020-09-30T09:17:28.744+0000][16584][gc,age       ] GC(137) Age table with threshold 15 (max threshold 15)
[2020-09-30T09:17:28.744+0000][16584][gc,age       ] GC(137) - age   1:    7251072 bytes,    7251072 total
[2020-09-30T09:17:28.745+0000][16584][gc,age       ] GC(137) - age   2:      14008 bytes,    7265080 total
[2020-09-30T09:17:28.745+0000][16584][gc,age       ] GC(137) - age   3:       2352 bytes,    7267432 total
[2020-09-30T09:17:28.745+0000][16584][gc,age       ] GC(137) - age   4:      14856 bytes,    7282288 total
[2020-09-30T09:17:28.745+0000][16584][gc,age       ] GC(137) - age   5:      10880 bytes,    7293168 total
[2020-09-30T09:17:28.745+0000][16584][gc,age       ] GC(137) - age   6:      26024 bytes,    7319192 total
[2020-09-30T09:17:28.745+0000][16584][gc,age       ] GC(137) - age   7:       1912 bytes,    7321104 total
[2020-09-30T09:17:28.745+0000][16584][gc,age       ] GC(137) - age   8:       1448 bytes,    7322552 total
[2020-09-30T09:17:28.745+0000][16584][gc,age       ] GC(137) - age   9:      10744 bytes,    7333296 total
[2020-09-30T09:17:28.745+0000][16584][gc,age       ] GC(137) - age  10:       1072 bytes,    7334368 total
[2020-09-30T09:17:28.745+0000][16584][gc,age       ] GC(137) - age  11:       3000 bytes,    7337368 total
[2020-09-30T09:17:28.745+0000][16584][gc,age       ] GC(137) - age  12:      20176 bytes,    7357544 total
[2020-09-30T09:17:28.745+0000][16584][gc,age       ] GC(137) - age  13:      62520 bytes,    7420064 total
[2020-09-30T09:17:28.745+0000][16584][gc,age       ] GC(137) - age  14:     303664 bytes,    7723728 total
[2020-09-30T09:17:28.745+0000][16584][gc,age       ] GC(137) - age  15:     218456 bytes,    7942184 total
[2020-09-30T09:17:28.745+0000][16584][gc,phases    ] GC(137)   Pre Evacuate Collection Set: 0.5ms
[2020-09-30T09:17:28.745+0000][16584][gc,phases    ] GC(137)   Merge Heap Roots: 0.3ms
[2020-09-30T09:17:28.745+0000][16584][gc,phases    ] GC(137)   Evacuate Collection Set: 5.8ms
[2020-09-30T09:17:28.745+0000][16584][gc,phases    ] GC(137)   Post Evacuate Collection Set: 2.0ms
[2020-09-30T09:17:28.745+0000][16584][gc,phases    ] GC(137)   Other: 1.1ms
[2020-09-30T09:17:28.745+0000][16584][gc,heap      ] GC(137) Eden regions: 125->0(485)
[2020-09-30T09:17:28.745+0000][16584][gc,heap      ] GC(137) Survivor regions: 14->9(62)
[2020-09-30T09:17:28.745+0000][16584][gc,heap      ] GC(137) Old regions: 76->76
[2020-09-30T09:17:28.745+0000][16584][gc,heap      ] GC(137) Archive regions: 0->0
[2020-09-30T09:17:28.745+0000][16584][gc,heap      ] GC(137) Humongous regions: 582->174
[2020-09-30T09:17:28.746+0000][16584][gc,metaspace ] GC(137) Metaspace: 86789K(92672K)->86789K(92672K) NonClass: 75644K(79104K)->75644K(79104K) Class: 11145K(13568K)->11145K(13568K)
[2020-09-30T09:17:28.746+0000][16584][gc           ] GC(137) Pause Young (Concurrent Start) (G1 Humongous Allocation) 796M->258M(1024M) 10.231ms
[2020-09-30T09:17:28.746+0000][16584][gc,cpu       ] GC(137) User=0.00s Sys=0.00s Real=0.01s
[2020-09-30T09:17:28.746+0000][16584][gc           ] GC(138) Concurrent Cycle
[2020-09-30T09:17:28.746+0000][16584][gc,marking   ] GC(138) Concurrent Clear Claimed Marks
[2020-09-30T09:17:28.746+0000][16584][safepoint    ] Safepoint "G1TryInitiateConcMark", Time since last: 8417700 ns, Reaching safepoint: 469900 ns, At safepoint: 10648400 ns, Total: 11118300 ns
[2020-09-30T09:17:28.746+0000][16584][gc,marking   ] GC(138) Concurrent Clear Claimed Marks 0.329ms
[2020-09-30T09:17:28.746+0000][16584][gc,marking   ] GC(138) Concurrent Scan Root Regions
[2020-09-30T09:17:28.749+0000][16584][gc,marking   ] GC(138) Concurrent Scan Root Regions 2.430ms
[2020-09-30T09:17:28.749+0000][16584][gc,marking   ] GC(138) Concurrent Mark (142.606s)
[2020-09-30T09:17:28.749+0000][16584][gc,marking   ] GC(138) Concurrent Mark From Roots
[2020-09-30T09:17:28.749+0000][16584][gc,task      ] GC(138) Using 2 workers of 2 for marking
[2020-09-30T09:17:28.915+0000][16584][gc,marking   ] GC(138) Concurrent Mark From Roots 166.115ms
[2020-09-30T09:17:28.915+0000][16584][gc,marking   ] GC(138) Concurrent Preclean
[2020-09-30T09:17:28.916+0000][16584][gc,marking   ] GC(138) Concurrent Preclean 0.588ms
[2020-09-30T09:17:28.916+0000][16584][gc,marking   ] GC(138) Concurrent Mark (142.606s, 142.772s) 166.911ms
[2020-09-30T09:17:28.916+0000][16584][gc,start     ] GC(138) Pause Remark
[2020-09-30T09:17:28.923+0000][16584][gc           ] GC(138) Pause Remark 399M->399M(1024M) 7.079ms
[2020-09-30T09:17:28.923+0000][16584][gc,cpu       ] GC(138) User=0.06s Sys=0.02s Real=0.01s
[2020-09-30T09:17:28.923+0000][16584][safepoint    ] Safepoint "G1Concurrent", Time since last: 169767700 ns, Reaching safepoint: 159300 ns, At safepoint: 7389400 ns, Total: 7548700 ns
[2020-09-30T09:17:28.923+0000][16584][gc,marking   ] GC(138) Concurrent Rebuild Remembered Sets
[2020-09-30T09:17:29.026+0000][16584][gc,marking   ] GC(138) Concurrent Rebuild Remembered Sets 103.263ms
[2020-09-30T09:17:29.027+0000][16584][gc,start     ] GC(138) Pause Cleanup
[2020-09-30T09:17:29.027+0000][16584][gc           ] GC(138) Pause Cleanup 468M->468M(1024M) 0.408ms
[2020-09-30T09:17:29.027+0000][16584][gc,cpu       ] GC(138) User=0.00s Sys=0.00s Real=0.00s
[2020-09-30T09:17:29.028+0000][16584][safepoint    ] Safepoint "G1Concurrent", Time since last: 103484900 ns, Reaching safepoint: 249500 ns, At safepoint: 1159400 ns, Total: 1408900 ns
[2020-09-30T09:17:29.028+0000][16584][gc,marking   ] GC(138) Concurrent Cleanup for Next Mark
[2020-09-30T09:17:29.030+0000][16584][gc,marking   ] GC(138) Concurrent Cleanup for Next Mark 2.369ms
[2020-09-30T09:17:29.030+0000][16584][gc           ] GC(138) Concurrent Cycle 284.999ms
[2020-09-30T09:17:29.033+0000][16584][gc,start     ] GC(139) Pause Young (Concurrent Start) (G1 Humongous Allocation)
[2020-09-30T09:17:29.033+0000][16584][gc,task      ] GC(139) Using 8 workers of 8 for evacuation
[2020-09-30T09:17:29.033+0000][16584][gc,age       ] GC(139) Desired survivor size 32505856 bytes, new threshold 15 (max threshold 15)
[2020-09-30T09:17:29.040+0000][16584][gc,age       ] GC(139) Age table with threshold 15 (max threshold 15)
[2020-09-30T09:17:29.040+0000][16584][gc,age       ] GC(139) - age   1:    6553696 bytes,    6553696 total
[2020-09-30T09:17:29.040+0000][16584][gc,age       ] GC(139) - age   2:       2360 bytes,    6556056 total
[2020-09-30T09:17:29.040+0000][16584][gc,age       ] GC(139) - age   3:      13256 bytes,    6569312 total
[2020-09-30T09:17:29.041+0000][16584][gc,age       ] GC(139) - age   4:       2104 bytes,    6571416 total
[2020-09-30T09:17:29.041+0000][16584][gc,age       ] GC(139) - age   5:      14792 bytes,    6586208 total
[2020-09-30T09:17:29.041+0000][16584][gc,age       ] GC(139) - age   6:      10880 bytes,    6597088 total
[2020-09-30T09:17:29.041+0000][16584][gc,age       ] GC(139) - age   7:      25992 bytes,    6623080 total
[2020-09-30T09:17:29.041+0000][16584][gc,age       ] GC(139) - age   8:       1912 bytes,    6624992 total
[2020-09-30T09:17:29.041+0000][16584][gc,age       ] GC(139) - age   9:       1448 bytes,    6626440 total
[2020-09-30T09:17:29.041+0000][16584][gc,age       ] GC(139) - age  10:      10648 bytes,    6637088 total
[2020-09-30T09:17:29.041+0000][16584][gc,age       ] GC(139) - age  11:       1072 bytes,    6638160 total
[2020-09-30T09:17:29.041+0000][16584][gc,age       ] GC(139) - age  12:       3000 bytes,    6641160 total
[2020-09-30T09:17:29.041+0000][16584][gc,age       ] GC(139) - age  13:      20176 bytes,    6661336 total
[2020-09-30T09:17:29.041+0000][16584][gc,age       ] GC(139) - age  14:      62520 bytes,    6723856 total
[2020-09-30T09:17:29.041+0000][16584][gc,age       ] GC(139) - age  15:     303600 bytes,    7027456 total
[2020-09-30T09:17:29.041+0000][16584][gc,phases    ] GC(139)   Pre Evacuate Collection Set: 0.6ms
[2020-09-30T09:17:29.041+0000][16584][gc,phases    ] GC(139)   Merge Heap Roots: 0.1ms
[2020-09-30T09:17:29.041+0000][16584][gc,phases    ] GC(139)   Evacuate Collection Set: 4.8ms
[2020-09-30T09:17:29.041+0000][16584][gc,phases    ] GC(139)   Post Evacuate Collection Set: 1.4ms
[2020-09-30T09:17:29.041+0000][16584][gc,phases    ] GC(139)   Other: 1.2ms
[2020-09-30T09:17:29.041+0000][16584][gc,heap      ] GC(139) Eden regions: 66->0(486)
[2020-09-30T09:17:29.041+0000][16584][gc,heap      ] GC(139) Survivor regions: 9->8(62)
[2020-09-30T09:17:29.041+0000][16584][gc,heap      ] GC(139) Old regions: 76->77
[2020-09-30T09:17:29.041+0000][16584][gc,heap      ] GC(139) Archive regions: 0->0
[2020-09-30T09:17:29.041+0000][16584][gc,heap      ] GC(139) Humongous regions: 328->174
[2020-09-30T09:17:29.041+0000][16584][gc,metaspace ] GC(139) Metaspace: 86814K(92928K)->86814K(92928K) NonClass: 75669K(79360K)->75669K(79360K) Class: 11145K(13568K)->11145K(13568K)
[2020-09-30T09:17:29.042+0000][16584][gc           ] GC(139) Pause Young (Concurrent Start) (G1 Humongous Allocation) 477M->257M(1024M) 8.669ms
[2020-09-30T09:17:29.042+0000][16584][gc,cpu       ] GC(139) User=0.00s Sys=0.00s Real=0.01s
[2020-09-30T09:17:29.042+0000][16584][gc           ] GC(140) Concurrent Cycle
[2020-09-30T09:17:29.042+0000][16584][gc,marking   ] GC(140) Concurrent Clear Claimed Marks
[2020-09-30T09:17:29.042+0000][16584][gc,marking   ] GC(140) Concurrent Clear Claimed Marks 0.283ms
[2020-09-30T09:17:29.042+0000][16584][gc,marking   ] GC(140) Concurrent Scan Root Regions
[2020-09-30T09:17:29.043+0000][16584][safepoint    ] Safepoint "G1TryInitiateConcMark", Time since last: 3083600 ns, Reaching safepoint: 2065200 ns, At safepoint: 10306800 ns, Total: 12372000 ns
[2020-09-30T09:17:29.045+0000][16584][gc,marking   ] GC(140) Concurrent Scan Root Regions 2.450ms
[2020-09-30T09:17:29.045+0000][16584][gc,marking   ] GC(140) Concurrent Mark (142.902s)
[2020-09-30T09:17:29.045+0000][16584][gc,marking   ] GC(140) Concurrent Mark From Roots
[2020-09-30T09:17:29.045+0000][16584][gc,task      ] GC(140) Using 2 workers of 2 for marking
[2020-09-30T09:17:29.233+0000][16584][gc,marking   ] GC(140) Concurrent Mark From Roots 188.235ms
[2020-09-30T09:17:29.233+0000][16584][gc,marking   ] GC(140) Concurrent Preclean
[2020-09-30T09:17:29.234+0000][16584][gc,marking   ] GC(140) Concurrent Preclean 0.537ms
[2020-09-30T09:17:29.234+0000][16584][gc,marking   ] GC(140) Concurrent Mark (142.902s, 143.091s) 188.978ms
[2020-09-30T09:17:29.234+0000][16584][gc,start     ] GC(140) Pause Remark
[2020-09-30T09:17:29.248+0000][16584][gc           ] GC(140) Pause Remark 527M->527M(1024M) 13.541ms
[2020-09-30T09:17:29.248+0000][16584][gc,cpu       ] GC(140) User=0.00s Sys=0.00s Real=0.01s
[2020-09-30T09:17:29.248+0000][16584][safepoint    ] Safepoint "G1Concurrent", Time since last: 190677000 ns, Reaching safepoint: 431400 ns, At safepoint: 14121200 ns, Total: 14552600 ns
[2020-09-30T09:17:29.248+0000][16584][gc,marking   ] GC(140) Concurrent Rebuild Remembered Sets
[2020-09-30T09:17:29.367+0000][16584][gc,marking   ] GC(140) Concurrent Rebuild Remembered Sets 118.569ms
[2020-09-30T09:17:29.367+0000][16584][gc,start     ] GC(140) Pause Cleanup
[2020-09-30T09:17:29.369+0000][16584][gc           ] GC(140) Pause Cleanup 607M->607M(1024M) 1.712ms
[2020-09-30T09:17:29.369+0000][16584][gc,cpu       ] GC(140) User=0.00s Sys=0.00s Real=0.00s
[2020-09-30T09:17:29.370+0000][16584][safepoint    ] Safepoint "G1Concurrent", Time since last: 118783300 ns, Reaching safepoint: 249000 ns, At safepoint: 2244700 ns, Total: 2493700 ns
[2020-09-30T09:17:29.370+0000][16584][gc,marking   ] GC(140) Concurrent Cleanup for Next Mark
[2020-09-30T09:17:29.372+0000][16584][gc,marking   ] GC(140) Concurrent Cleanup for Next Mark 1.968ms
[2020-09-30T09:17:29.372+0000][16584][gc           ] GC(140) Concurrent Cycle 330.092ms
[2020-09-30T09:17:29.409+0000][16584][gc,start     ] GC(141) Pause Young (Concurrent Start) (G1 Humongous Allocation)
[2020-09-30T09:17:29.409+0000][16584][gc,task      ] GC(141) Using 8 workers of 8 for evacuation
[2020-09-30T09:17:29.409+0000][16584][gc,age       ] GC(141) Desired survivor size 32505856 bytes, new threshold 15 (max threshold 15)
[2020-09-30T09:17:29.414+0000][16584][gc,age       ] GC(141) Age table with threshold 15 (max threshold 15)
[2020-09-30T09:17:29.414+0000][16584][gc,age       ] GC(141) - age   1:    3929432 bytes,    3929432 total
[2020-09-30T09:17:29.414+0000][16584][gc,age       ] GC(141) - age   2:       4592 bytes,    3934024 total
[2020-09-30T09:17:29.414+0000][16584][gc,age       ] GC(141) - age   3:       1632 bytes,    3935656 total
[2020-09-30T09:17:29.414+0000][16584][gc,age       ] GC(141) - age   4:      12024 bytes,    3947680 total
[2020-09-30T09:17:29.414+0000][16584][gc,age       ] GC(141) - age   5:       2008 bytes,    3949688 total
[2020-09-30T09:17:29.414+0000][16584][gc,age       ] GC(141) - age   6:      14536 bytes,    3964224 total
[2020-09-30T09:17:29.414+0000][16584][gc,age       ] GC(141) - age   7:      10880 bytes,    3975104 total
[2020-09-30T09:17:29.414+0000][16584][gc,age       ] GC(141) - age   8:      25928 bytes,    4001032 total
[2020-09-30T09:17:29.414+0000][16584][gc,age       ] GC(141) - age   9:       1816 bytes,    4002848 total
[2020-09-30T09:17:29.414+0000][16584][gc,age       ] GC(141) - age  10:       1384 bytes,    4004232 total
[2020-09-30T09:17:29.414+0000][16584][gc,age       ] GC(141) - age  11:      10648 bytes,    4014880 total
[2020-09-30T09:17:29.414+0000][16584][gc,age       ] GC(141) - age  12:       1072 bytes,    4015952 total
[2020-09-30T09:17:29.414+0000][16584][gc,age       ] GC(141) - age  13:       3000 bytes,    4018952 total
[2020-09-30T09:17:29.414+0000][16584][gc,age       ] GC(141) - age  14:      20176 bytes,    4039128 total
[2020-09-30T09:17:29.414+0000][16584][gc,age       ] GC(141) - age  15:      62184 bytes,    4101312 total
[2020-09-30T09:17:29.414+0000][16584][gc,phases    ] GC(141)   Pre Evacuate Collection Set: 0.4ms
[2020-09-30T09:17:29.414+0000][16584][gc,phases    ] GC(141)   Merge Heap Roots: 0.1ms
[2020-09-30T09:17:29.414+0000][16584][gc,phases    ] GC(141)   Evacuate Collection Set: 2.8ms
[2020-09-30T09:17:29.415+0000][16584][gc,phases    ] GC(141)   Post Evacuate Collection Set: 1.0ms
[2020-09-30T09:17:29.415+0000][16584][gc,phases    ] GC(141)   Other: 1.1ms
[2020-09-30T09:17:29.415+0000][16584][gc,heap      ] GC(141) Eden regions: 106->0(490)
[2020-09-30T09:17:29.415+0000][16584][gc,heap      ] GC(141) Survivor regions: 8->5(62)
[2020-09-30T09:17:29.415+0000][16584][gc,heap      ] GC(141) Old regions: 77->77
[2020-09-30T09:17:29.415+0000][16584][gc,heap      ] GC(141) Archive regions: 0->0
[2020-09-30T09:17:29.415+0000][16584][gc,heap      ] GC(141) Humongous regions: 424->174
[2020-09-30T09:17:29.415+0000][16584][gc,metaspace ] GC(141) Metaspace: 86901K(92928K)->86901K(92928K) NonClass: 75755K(79360K)->75755K(79360K) Class: 11145K(13568K)->11145K(13568K)
[2020-09-30T09:17:29.415+0000][16584][gc           ] GC(141) Pause Young (Concurrent Start) (G1 Humongous Allocation) 613M->254M(1024M) 5.875ms
[2020-09-30T09:17:29.415+0000][16584][gc,cpu       ] GC(141) User=0.00s Sys=0.00s Real=0.01s
[2020-09-30T09:17:29.415+0000][16584][gc           ] GC(142) Concurrent Cycle
[2020-09-30T09:17:29.415+0000][16584][safepoint    ] Safepoint "G1TryInitiateConcMark", Time since last: 39244900 ns, Reaching safepoint: 139400 ns, At safepoint: 6143500 ns, Total: 6282900 ns
[2020-09-30T09:17:29.415+0000][16584][gc,marking   ] GC(142) Concurrent Clear Claimed Marks
[2020-09-30T09:17:29.416+0000][16584][gc,marking   ] GC(142) Concurrent Clear Claimed Marks 0.584ms
[2020-09-30T09:17:29.416+0000][16584][gc,marking   ] GC(142) Concurrent Scan Root Regions
[2020-09-30T09:17:29.420+0000][16584][gc,marking   ] GC(142) Concurrent Scan Root Regions 3.922ms
[2020-09-30T09:17:29.420+0000][16584][gc,marking   ] GC(142) Concurrent Mark (143.277s)
[2020-09-30T09:17:29.420+0000][16584][gc,marking   ] GC(142) Concurrent Mark From Roots
[2020-09-30T09:17:29.420+0000][16584][gc,task      ] GC(142) Using 2 workers of 2 for marking
[2020-09-30T09:17:29.597+0000][16584][gc,marking   ] GC(142) Concurrent Mark From Roots 177.176ms
[2020-09-30T09:17:29.597+0000][16584][gc,marking   ] GC(142) Concurrent Preclean
[2020-09-30T09:17:29.598+0000][16584][gc,marking   ] GC(142) Concurrent Preclean 0.632ms
[2020-09-30T09:17:29.598+0000][16584][gc,marking   ] GC(142) Concurrent Mark (143.277s, 143.455s) 178.088ms
[2020-09-30T09:17:29.598+0000][16584][gc,start     ] GC(142) Pause Remark
[2020-09-30T09:17:29.605+0000][16584][gc           ] GC(142) Pause Remark 391M->391M(1024M) 6.242ms
[2020-09-30T09:17:29.605+0000][16584][gc,cpu       ] GC(142) User=0.00s Sys=0.00s Real=0.01s
[2020-09-30T09:17:29.606+0000][16584][safepoint    ] Safepoint "G1Concurrent", Time since last: 183041400 ns, Reaching safepoint: 157700 ns, At safepoint: 7535600 ns, Total: 7693300 ns
[2020-09-30T09:17:29.606+0000][16584][gc,marking   ] GC(142) Concurrent Rebuild Remembered Sets
[2020-09-30T09:17:29.711+0000][16584][gc,marking   ] GC(142) Concurrent Rebuild Remembered Sets 104.929ms
[2020-09-30T09:17:29.712+0000][16584][gc,start     ] GC(142) Pause Cleanup
[2020-09-30T09:17:29.712+0000][16584][gc           ] GC(142) Pause Cleanup 465M->465M(1024M) 0.324ms
[2020-09-30T09:17:29.712+0000][16584][gc,cpu       ] GC(142) User=0.00s Sys=0.00s Real=0.00s
[2020-09-30T09:17:29.712+0000][16584][safepoint    ] Safepoint "G1Concurrent", Time since last: 105183400 ns, Reaching safepoint: 206800 ns, At safepoint: 509800 ns, Total: 716600 ns
[2020-09-30T09:17:29.712+0000][16584][gc,marking   ] GC(142) Concurrent Cleanup for Next Mark
[2020-09-30T09:17:29.714+0000][16584][gc,marking   ] GC(142) Concurrent Cleanup for Next Mark 1.492ms
[2020-09-30T09:17:29.714+0000][16584][gc           ] GC(142) Concurrent Cycle 298.324ms
[2020-09-30T09:17:29.720+0000][16584][gc,start     ] GC(143) Pause Young (Concurrent Start) (G1 Humongous Allocation)
[2020-09-30T09:17:29.720+0000][16584][gc,task      ] GC(143) Using 8 workers of 8 for evacuation
[2020-09-30T09:17:29.721+0000][16584][gc,age       ] GC(143) Desired survivor size 32505856 bytes, new threshold 15 (max threshold 15)
[2020-09-30T09:17:29.725+0000][16584][gc,age       ] GC(143) Age table with threshold 15 (max threshold 15)
[2020-09-30T09:17:29.725+0000][16584][gc,age       ] GC(143) - age   1:    3513816 bytes,    3513816 total
[2020-09-30T09:17:29.725+0000][16584][gc,age       ] GC(143) - age   2:     416408 bytes,    3930224 total
[2020-09-30T09:17:29.726+0000][16584][gc,age       ] GC(143) - age   3:       2480 bytes,    3932704 total
[2020-09-30T09:17:29.726+0000][16584][gc,age       ] GC(143) - age   4:        976 bytes,    3933680 total
[2020-09-30T09:17:29.726+0000][16584][gc,age       ] GC(143) - age   5:      11800 bytes,    3945480 total
[2020-09-30T09:17:29.726+0000][16584][gc,age       ] GC(143) - age   6:       1624 bytes,    3947104 total
[2020-09-30T09:17:29.726+0000][16584][gc,age       ] GC(143) - age   7:      14312 bytes,    3961416 total
[2020-09-30T09:17:29.726+0000][16584][gc,age       ] GC(143) - age   8:      10880 bytes,    3972296 total
[2020-09-30T09:17:29.726+0000][16584][gc,age       ] GC(143) - age   9:      25928 bytes,    3998224 total
[2020-09-30T09:17:29.726+0000][16584][gc,age       ] GC(143) - age  10:       1688 bytes,    3999912 total
[2020-09-30T09:17:29.726+0000][16584][gc,age       ] GC(143) - age  11:       1384 bytes,    4001296 total
[2020-09-30T09:17:29.726+0000][16584][gc,age       ] GC(143) - age  12:      10616 bytes,    4011912 total
[2020-09-30T09:17:29.726+0000][16584][gc,age       ] GC(143) - age  13:       1040 bytes,    4012952 total
[2020-09-30T09:17:29.726+0000][16584][gc,age       ] GC(143) - age  14:       3000 bytes,    4015952 total
[2020-09-30T09:17:29.726+0000][16584][gc,age       ] GC(143) - age  15:      20176 bytes,    4036128 total
[2020-09-30T09:17:29.726+0000][16584][gc,phases    ] GC(143)   Pre Evacuate Collection Set: 0.5ms
[2020-09-30T09:17:29.726+0000][16584][gc,phases    ] GC(143)   Merge Heap Roots: 0.1ms
[2020-09-30T09:17:29.726+0000][16584][gc,phases    ] GC(143)   Evacuate Collection Set: 2.9ms
[2020-09-30T09:17:29.726+0000][16584][gc,phases    ] GC(143)   Post Evacuate Collection Set: 1.0ms
[2020-09-30T09:17:29.726+0000][16584][gc,phases    ] GC(143)   Other: 1.2ms
[2020-09-30T09:17:29.726+0000][16584][gc,heap      ] GC(143) Eden regions: 63->0(493)
[2020-09-30T09:17:29.726+0000][16584][gc,heap      ] GC(143) Survivor regions: 5->5(62)
[2020-09-30T09:17:29.726+0000][16584][gc,heap      ] GC(143) Old regions: 77->77
[2020-09-30T09:17:29.726+0000][16584][gc,heap      ] GC(143) Archive regions: 0->0
[2020-09-30T09:17:29.726+0000][16584][gc,heap      ] GC(143) Humongous regions: 324->174
[2020-09-30T09:17:29.726+0000][16584][gc,metaspace ] GC(143) Metaspace: 86949K(92928K)->86949K(92928K) NonClass: 75804K(79360K)->75804K(79360K) Class: 11145K(13568K)->11145K(13568K)
[2020-09-30T09:17:29.727+0000][16584][gc           ] GC(143) Pause Young (Concurrent Start) (G1 Humongous Allocation) 466M->254M(1024M) 6.180ms
[2020-09-30T09:17:29.727+0000][16584][gc,cpu       ] GC(143) User=0.00s Sys=0.00s Real=0.01s
[2020-09-30T09:17:29.727+0000][16584][gc           ] GC(144) Concurrent Cycle
[2020-09-30T09:17:29.727+0000][16584][safepoint    ] Safepoint "G1TryInitiateConcMark", Time since last: 7974000 ns, Reaching safepoint: 173100 ns, At safepoint: 6396100 ns, Total: 6569200 ns
[2020-09-30T09:17:29.727+0000][16584][gc,marking   ] GC(144) Concurrent Clear Claimed Marks
[2020-09-30T09:17:29.727+0000][16584][gc,marking   ] GC(144) Concurrent Clear Claimed Marks 0.544ms
[2020-09-30T09:17:29.727+0000][16584][gc,marking   ] GC(144) Concurrent Scan Root Regions
[2020-09-30T09:17:29.732+0000][16584][gc,marking   ] GC(144) Concurrent Scan Root Regions 4.789ms
[2020-09-30T09:17:29.732+0000][16584][gc,marking   ] GC(144) Concurrent Mark (143.589s)
[2020-09-30T09:17:29.733+0000][16584][gc,marking   ] GC(144) Concurrent Mark From Roots
[2020-09-30T09:17:29.733+0000][16584][gc,task      ] GC(144) Using 2 workers of 2 for marking
[2020-09-30T09:17:29.909+0000][16584][gc,marking   ] GC(144) Concurrent Mark From Roots 176.689ms
[2020-09-30T09:17:29.909+0000][16584][gc,marking   ] GC(144) Concurrent Preclean
[2020-09-30T09:17:29.910+0000][16584][gc,marking   ] GC(144) Concurrent Preclean 0.651ms
[2020-09-30T09:17:29.910+0000][16584][gc,marking   ] GC(144) Concurrent Mark (143.589s, 143.767s) 177.613ms
[2020-09-30T09:17:29.910+0000][16584][gc,start     ] GC(144) Pause Remark
[2020-09-30T09:17:29.916+0000][16584][gc           ] GC(144) Pause Remark 333M->333M(1024M) 6.098ms
[2020-09-30T09:17:29.916+0000][16584][gc,cpu       ] GC(144) User=0.00s Sys=0.00s Real=0.01s
[2020-09-30T09:17:29.916+0000][16584][safepoint    ] Safepoint "G1Concurrent", Time since last: 183368600 ns, Reaching safepoint: 241700 ns, At safepoint: 6358400 ns, Total: 6600100 ns
[2020-09-30T09:17:29.916+0000][16584][gc,marking   ] GC(144) Concurrent Rebuild Remembered Sets
[2020-09-30T09:17:30.023+0000][16584][gc,marking   ] GC(144) Concurrent Rebuild Remembered Sets 106.927ms
[2020-09-30T09:17:30.024+0000][16584][gc,start     ] GC(144) Pause Cleanup
[2020-09-30T09:17:30.024+0000][16584][gc           ] GC(144) Pause Cleanup 453M->453M(1024M) 0.351ms
[2020-09-30T09:17:30.024+0000][16584][gc,cpu       ] GC(144) User=0.00s Sys=0.00s Real=0.00s
[2020-09-30T09:17:30.024+0000][16584][safepoint    ] Safepoint "G1Concurrent", Time since last: 107131700 ns, Reaching safepoint: 188700 ns, At safepoint: 553100 ns, Total: 741800 ns
[2020-09-30T09:17:30.024+0000][16584][gc,marking   ] GC(144) Concurrent Cleanup for Next Mark
[2020-09-30T09:17:30.026+0000][16584][gc,marking   ] GC(144) Concurrent Cleanup for Next Mark 1.860ms
[2020-09-30T09:17:30.026+0000][16584][gc           ] GC(144) Concurrent Cycle 299.931ms
[2020-09-30T09:17:30.128+0000][16584][gc,start     ] GC(145) Pause Young (Concurrent Start) (G1 Humongous Allocation)
[2020-09-30T09:17:30.128+0000][16584][gc,task      ] GC(145) Using 8 workers of 8 for evacuation
[2020-09-30T09:17:30.128+0000][16584][gc,age       ] GC(145) Desired survivor size 33030144 bytes, new threshold 15 (max threshold 15)
[2020-09-30T09:17:30.133+0000][16584][gc,age       ] GC(145) Age table with threshold 15 (max threshold 15)
[2020-09-30T09:17:30.133+0000][16584][gc,age       ] GC(145) - age   1:   13577624 bytes,   13577624 total
[2020-09-30T09:17:30.133+0000][16584][gc,age       ] GC(145) - age   2:       3296 bytes,   13580920 total
[2020-09-30T09:17:30.133+0000][16584][gc,age       ] GC(145) - age   3:       6296 bytes,   13587216 total
[2020-09-30T09:17:30.134+0000][16584][gc,age       ] GC(145) - age   4:       1128 bytes,   13588344 total
[2020-09-30T09:17:30.134+0000][16584][gc,age       ] GC(145) - age   5:        592 bytes,   13588936 total
[2020-09-30T09:17:30.134+0000][16584][gc,age       ] GC(145) - age   6:      11512 bytes,   13600448 total
[2020-09-30T09:17:30.134+0000][16584][gc,age       ] GC(145) - age   7:       1400 bytes,   13601848 total
[2020-09-30T09:17:30.134+0000][16584][gc,age       ] GC(145) - age   8:      14280 bytes,   13616128 total
[2020-09-30T09:17:30.134+0000][16584][gc,age       ] GC(145) - age   9:      10880 bytes,   13627008 total
[2020-09-30T09:17:30.134+0000][16584][gc,age       ] GC(145) - age  10:      25928 bytes,   13652936 total
[2020-09-30T09:17:30.134+0000][16584][gc,age       ] GC(145) - age  11:       1688 bytes,   13654624 total
[2020-09-30T09:17:30.134+0000][16584][gc,age       ] GC(145) - age  12:       1320 bytes,   13655944 total
[2020-09-30T09:17:30.134+0000][16584][gc,age       ] GC(145) - age  13:      10616 bytes,   13666560 total
[2020-09-30T09:17:30.134+0000][16584][gc,age       ] GC(145) - age  14:       1040 bytes,   13667600 total
[2020-09-30T09:17:30.134+0000][16584][gc,age       ] GC(145) - age  15:       2968 bytes,   13670568 total
[2020-09-30T09:17:30.134+0000][16584][gc,phases    ] GC(145)   Pre Evacuate Collection Set: 0.5ms
[2020-09-30T09:17:30.134+0000][16584][gc,phases    ] GC(145)   Merge Heap Roots: 0.1ms
[2020-09-30T09:17:30.134+0000][16584][gc,phases    ] GC(145)   Evacuate Collection Set: 3.7ms
[2020-09-30T09:17:30.134+0000][16584][gc,phases    ] GC(145)   Post Evacuate Collection Set: 1.0ms
[2020-09-30T09:17:30.134+0000][16584][gc,phases    ] GC(145)   Other: 1.2ms
[2020-09-30T09:17:30.134+0000][16584][gc,heap      ] GC(145) Eden regions: 85->0(478)
[2020-09-30T09:17:30.134+0000][16584][gc,heap      ] GC(145) Survivor regions: 5->14(63)
[2020-09-30T09:17:30.134+0000][16584][gc,heap      ] GC(145) Old regions: 77->77
[2020-09-30T09:17:30.134+0000][16584][gc,heap      ] GC(145) Archive regions: 0->0
[2020-09-30T09:17:30.135+0000][16584][gc,heap      ] GC(145) Humongous regions: 320->174
[2020-09-30T09:17:30.135+0000][16584][gc,metaspace ] GC(145) Metaspace: 86982K(92928K)->86982K(92928K) NonClass: 75836K(79360K)->75836K(79360K) Class: 11145K(13568K)->11145K(13568K)
[2020-09-30T09:17:30.135+0000][16584][gc           ] GC(145) Pause Young (Concurrent Start) (G1 Humongous Allocation) 485M->264M(1024M) 7.074ms
[2020-09-30T09:17:30.135+0000][16584][gc,cpu       ] GC(145) User=0.00s Sys=0.00s Real=0.01s
[2020-09-30T09:17:30.135+0000][16584][gc           ] GC(146) Concurrent Cycle
[2020-09-30T09:17:30.135+0000][16584][gc,marking   ] GC(146) Concurrent Clear Claimed Marks
[2020-09-30T09:17:30.135+0000][16584][gc,marking   ] GC(146) Concurrent Clear Claimed Marks 0.354ms
[2020-09-30T09:17:30.135+0000][16584][safepoint    ] Safepoint "G1TryInitiateConcMark", Time since last: 102854200 ns, Reaching safepoint: 218100 ns, At safepoint: 7750000 ns, Total: 7968100 ns
[2020-09-30T09:17:30.135+0000][16584][gc,marking   ] GC(146) Concurrent Scan Root Regions
[2020-09-30T09:17:30.139+0000][16584][gc,marking   ] GC(146) Concurrent Scan Root Regions 3.946ms
[2020-09-30T09:17:30.140+0000][16584][gc,marking   ] GC(146) Concurrent Mark (143.997s)
[2020-09-30T09:17:30.140+0000][16584][gc,marking   ] GC(146) Concurrent Mark From Roots
[2020-09-30T09:17:30.140+0000][16584][gc,task      ] GC(146) Using 2 workers of 2 for marking
[2020-09-30T09:17:30.311+0000][16584][gc,marking   ] GC(146) Concurrent Mark From Roots 171.529ms
[2020-09-30T09:17:30.311+0000][16584][gc,marking   ] GC(146) Concurrent Preclean
[2020-09-30T09:17:30.312+0000][16584][gc,marking   ] GC(146) Concurrent Preclean 0.663ms
[2020-09-30T09:17:30.312+0000][16584][gc,marking   ] GC(146) Concurrent Mark (143.997s, 144.169s) 172.403ms
[2020-09-30T09:17:30.312+0000][16584][gc,start     ] GC(146) Pause Remark
[2020-09-30T09:17:30.318+0000][16584][gc           ] GC(146) Pause Remark 595M->595M(1024M) 6.061ms
[2020-09-30T09:17:30.318+0000][16584][gc,cpu       ] GC(146) User=0.00s Sys=0.00s Real=0.01s
[2020-09-30T09:17:30.319+0000][16584][safepoint    ] Safepoint "G1Concurrent", Time since last: 176758800 ns, Reaching safepoint: 249300 ns, At safepoint: 6320600 ns, Total: 6569900 ns
[2020-09-30T09:17:30.319+0000][16584][gc,marking   ] GC(146) Concurrent Rebuild Remembered Sets
[2020-09-30T09:17:30.420+0000][16584][gc,marking   ] GC(146) Concurrent Rebuild Remembered Sets 101.811ms
[2020-09-30T09:17:30.421+0000][16584][gc,start     ] GC(146) Pause Cleanup
[2020-09-30T09:17:30.422+0000][16584][gc           ] GC(146) Pause Cleanup 597M->597M(1024M) 0.581ms
[2020-09-30T09:17:30.422+0000][16584][gc,cpu       ] GC(146) User=0.00s Sys=0.00s Real=0.00s
[2020-09-30T09:17:30.422+0000][16584][safepoint    ] Safepoint "G1Concurrent", Time since last: 102280400 ns, Reaching safepoint: 239900 ns, At safepoint: 804500 ns, Total: 1044400 ns
[2020-09-30T09:17:30.422+0000][16584][gc,marking   ] GC(146) Concurrent Cleanup for Next Mark
[2020-09-30T09:17:30.424+0000][16584][gc,marking   ] GC(146) Concurrent Cleanup for Next Mark 2.042ms
[2020-09-30T09:17:30.424+0000][16584][gc           ] GC(146) Concurrent Cycle 289.392ms
[2020-09-30T09:17:30.499+0000][16584][gc,start     ] GC(147) Pause Young (Concurrent Start) (G1 Humongous Allocation)
[2020-09-30T09:17:30.499+0000][16584][gc,task      ] GC(147) Using 8 workers of 8 for evacuation
[2020-09-30T09:17:30.500+0000][16584][gc,age       ] GC(147) Desired survivor size 32505856 bytes, new threshold 15 (max threshold 15)
[2020-09-30T09:17:30.506+0000][16584][gc,age       ] GC(147) Age table with threshold 15 (max threshold 15)
[2020-09-30T09:17:30.506+0000][16584][gc,age       ] GC(147) - age   1:   13631432 bytes,   13631432 total
[2020-09-30T09:17:30.506+0000][16584][gc,age       ] GC(147) - age   2:      39608 bytes,   13671040 total
[2020-09-30T09:17:30.506+0000][16584][gc,age       ] GC(147) - age   3:       3000 bytes,   13674040 total
[2020-09-30T09:17:30.506+0000][16584][gc,age       ] GC(147) - age   4:       4480 bytes,   13678520 total
[2020-09-30T09:17:30.506+0000][16584][gc,age       ] GC(147) - age   5:       1032 bytes,   13679552 total
[2020-09-30T09:17:30.506+0000][16584][gc,age       ] GC(147) - age   6:        592 bytes,   13680144 total
[2020-09-30T09:17:30.506+0000][16584][gc,age       ] GC(147) - age   7:      11456 bytes,   13691600 total
[2020-09-30T09:17:30.506+0000][16584][gc,age       ] GC(147) - age   8:       1400 bytes,   13693000 total
[2020-09-30T09:17:30.506+0000][16584][gc,age       ] GC(147) - age   9:      14248 bytes,   13707248 total
[2020-09-30T09:17:30.506+0000][16584][gc,age       ] GC(147) - age  10:      10880 bytes,   13718128 total
[2020-09-30T09:17:30.506+0000][16584][gc,age       ] GC(147) - age  11:      25896 bytes,   13744024 total
[2020-09-30T09:17:30.506+0000][16584][gc,age       ] GC(147) - age  12:       1624 bytes,   13745648 total
[2020-09-30T09:17:30.506+0000][16584][gc,age       ] GC(147) - age  13:       1320 bytes,   13746968 total
[2020-09-30T09:17:30.506+0000][16584][gc,age       ] GC(147) - age  14:      10488 bytes,   13757456 total
[2020-09-30T09:17:30.506+0000][16584][gc,age       ] GC(147) - age  15:       1040 bytes,   13758496 total
[2020-09-30T09:17:30.507+0000][16584][gc,phases    ] GC(147)   Pre Evacuate Collection Set: 0.6ms
[2020-09-30T09:17:30.507+0000][16584][gc,phases    ] GC(147)   Merge Heap Roots: 0.1ms
[2020-09-30T09:17:30.507+0000][16584][gc,phases    ] GC(147)   Evacuate Collection Set: 3.9ms
[2020-09-30T09:17:30.507+0000][16584][gc,phases    ] GC(147)   Post Evacuate Collection Set: 1.3ms
[2020-09-30T09:17:30.507+0000][16584][gc,phases    ] GC(147)   Other: 1.4ms
[2020-09-30T09:17:30.507+0000][16584][gc,heap      ] GC(147) Eden regions: 102->0(474)
[2020-09-30T09:17:30.507+0000][16584][gc,heap      ] GC(147) Survivor regions: 14->14(62)
[2020-09-30T09:17:30.507+0000][16584][gc,heap      ] GC(147) Old regions: 77->77
[2020-09-30T09:17:30.507+0000][16584][gc,heap      ] GC(147) Archive regions: 0->0
[2020-09-30T09:17:30.507+0000][16584][gc,heap      ] GC(147) Humongous regions: 430->174
[2020-09-30T09:17:30.507+0000][16584][gc,metaspace ] GC(147) Metaspace: 86996K(92928K)->86996K(92928K) NonClass: 75850K(79360K)->75850K(79360K) Class: 11145K(13568K)->11145K(13568K)
[2020-09-30T09:17:30.507+0000][16584][gc           ] GC(147) Pause Young (Concurrent Start) (G1 Humongous Allocation) 622M->264M(1024M) 7.777ms
[2020-09-30T09:17:30.507+0000][16584][gc,cpu       ] GC(147) User=0.00s Sys=0.00s Real=0.01s
[2020-09-30T09:17:30.507+0000][16584][gc           ] GC(148) Concurrent Cycle
[2020-09-30T09:17:30.507+0000][16584][gc,marking   ] GC(148) Concurrent Clear Claimed Marks
[2020-09-30T09:17:30.508+0000][16584][safepoint    ] Safepoint "G1TryInitiateConcMark", Time since last: 77209300 ns, Reaching safepoint: 232300 ns, At safepoint: 8327200 ns, Total: 8559500 ns
[2020-09-30T09:17:30.508+0000][16584][gc,marking   ] GC(148) Concurrent Clear Claimed Marks 0.321ms
[2020-09-30T09:17:30.508+0000][16584][gc,marking   ] GC(148) Concurrent Scan Root Regions
[2020-09-30T09:17:30.511+0000][16584][gc,marking   ] GC(148) Concurrent Scan Root Regions 3.403ms
[2020-09-30T09:17:30.511+0000][16584][gc,marking   ] GC(148) Concurrent Mark (144.368s)
[2020-09-30T09:17:30.511+0000][16584][gc,marking   ] GC(148) Concurrent Mark From Roots
[2020-09-30T09:17:30.511+0000][16584][gc,task      ] GC(148) Using 2 workers of 2 for marking
[2020-09-30T09:17:30.688+0000][16584][gc,marking   ] GC(148) Concurrent Mark From Roots 176.399ms
[2020-09-30T09:17:30.688+0000][16584][gc,marking   ] GC(148) Concurrent Preclean
[2020-09-30T09:17:30.689+0000][16584][gc,marking   ] GC(148) Concurrent Preclean 0.593ms
[2020-09-30T09:17:30.689+0000][16584][gc,marking   ] GC(148) Concurrent Mark (144.368s, 144.546s) 177.274ms
[2020-09-30T09:17:30.690+0000][16584][gc,start     ] GC(148) Pause Remark
[2020-09-30T09:17:30.697+0000][16584][gc           ] GC(148) Pause Remark 590M->590M(1024M) 6.744ms
[2020-09-30T09:17:30.697+0000][16584][gc,cpu       ] GC(148) User=0.00s Sys=0.00s Real=0.01s
[2020-09-30T09:17:30.697+0000][16584][safepoint    ] Safepoint "G1Concurrent", Time since last: 181113200 ns, Reaching safepoint: 1068600 ns, At safepoint: 7028000 ns, Total: 8096600 ns
[2020-09-30T09:17:30.697+0000][16584][gc,marking   ] GC(148) Concurrent Rebuild Remembered Sets
[2020-09-30T09:17:30.796+0000][16584][gc,marking   ] GC(148) Concurrent Rebuild Remembered Sets 98.848ms
[2020-09-30T09:17:30.797+0000][16584][gc,start     ] GC(148) Pause Cleanup
[2020-09-30T09:17:30.797+0000][16584][gc           ] GC(148) Pause Cleanup 676M->676M(1024M) 0.432ms
[2020-09-30T09:17:30.797+0000][16584][gc,cpu       ] GC(148) User=0.00s Sys=0.00s Real=0.00s
[2020-09-30T09:17:30.798+0000][16584][safepoint    ] Safepoint "G1Concurrent", Time since last: 99063400 ns, Reaching safepoint: 222600 ns, At safepoint: 1201600 ns, Total: 1424200 ns
[2020-09-30T09:17:30.798+0000][16584][gc,marking   ] GC(148) Concurrent Cleanup for Next Mark
[2020-09-30T09:17:30.800+0000][16584][gc,marking   ] GC(148) Concurrent Cleanup for Next Mark 2.444ms
[2020-09-30T09:17:30.801+0000][16584][gc           ] GC(148) Concurrent Cycle 292.788ms
[2020-09-30T09:17:30.802+0000][16584][gc,start     ] GC(149) Pause Young (Concurrent Start) (G1 Humongous Allocation)
[2020-09-30T09:17:30.802+0000][16584][gc,task      ] GC(149) Using 8 workers of 8 for evacuation
[2020-09-30T09:17:30.802+0000][16584][gc,age       ] GC(149) Desired survivor size 31981568 bytes, new threshold 15 (max threshold 15)
[2020-09-30T09:17:30.809+0000][16584][gc,age       ] GC(149) Age table with threshold 15 (max threshold 15)
[2020-09-30T09:17:30.809+0000][16584][gc,age       ] GC(149) - age   1:   10792928 bytes,   10792928 total
[2020-09-30T09:17:30.809+0000][16584][gc,age       ] GC(149) - age   2:       7352 bytes,   10800280 total
[2020-09-30T09:17:30.809+0000][16584][gc,age       ] GC(149) - age   3:      39024 bytes,   10839304 total
[2020-09-30T09:17:30.809+0000][16584][gc,age       ] GC(149) - age   4:       2472 bytes,   10841776 total
[2020-09-30T09:17:30.809+0000][16584][gc,age       ] GC(149) - age   5:       4352 bytes,   10846128 total
[2020-09-30T09:17:30.809+0000][16584][gc,age       ] GC(149) - age   6:        936 bytes,   10847064 total
[2020-09-30T09:17:30.809+0000][16584][gc,age       ] GC(149) - age   7:        592 bytes,   10847656 total
[2020-09-30T09:17:30.809+0000][16584][gc,age       ] GC(149) - age   8:      11456 bytes,   10859112 total
[2020-09-30T09:17:30.809+0000][16584][gc,age       ] GC(149) - age   9:       1400 bytes,   10860512 total
[2020-09-30T09:17:30.809+0000][16584][gc,age       ] GC(149) - age  10:      14216 bytes,   10874728 total
[2020-09-30T09:17:30.809+0000][16584][gc,age       ] GC(149) - age  11:      10784 bytes,   10885512 total
[2020-09-30T09:17:30.809+0000][16584][gc,age       ] GC(149) - age  12:      25896 bytes,   10911408 total
[2020-09-30T09:17:30.809+0000][16584][gc,age       ] GC(149) - age  13:       1624 bytes,   10913032 total
[2020-09-30T09:17:30.809+0000][16584][gc,age       ] GC(149) - age  14:       1320 bytes,   10914352 total
[2020-09-30T09:17:30.809+0000][16584][gc,age       ] GC(149) - age  15:      10488 bytes,   10924840 total
[2020-09-30T09:17:30.810+0000][16584][gc,phases    ] GC(149)   Pre Evacuate Collection Set: 0.5ms
[2020-09-30T09:17:30.810+0000][16584][gc,phases    ] GC(149)   Merge Heap Roots: 0.1ms
[2020-09-30T09:17:30.810+0000][16584][gc,phases    ] GC(149)   Evacuate Collection Set: 4.5ms
[2020-09-30T09:17:30.810+0000][16584][gc,phases    ] GC(149)   Post Evacuate Collection Set: 1.5ms
[2020-09-30T09:17:30.810+0000][16584][gc,phases    ] GC(149)   Other: 1.4ms
[2020-09-30T09:17:30.810+0000][16584][gc,heap      ] GC(149) Eden regions: 103->0(476)
[2020-09-30T09:17:30.810+0000][16584][gc,heap      ] GC(149) Survivor regions: 14->11(61)
[2020-09-30T09:17:30.810+0000][16584][gc,heap      ] GC(149) Old regions: 77->77
[2020-09-30T09:17:30.810+0000][16584][gc,heap      ] GC(149) Archive regions: 0->0
[2020-09-30T09:17:30.810+0000][16584][gc,heap      ] GC(149) Humongous regions: 500->174
[2020-09-30T09:17:30.810+0000][16584][gc,metaspace ] GC(149) Metaspace: 87016K(92928K)->87016K(92928K) NonClass: 75871K(79360K)->75871K(79360K) Class: 11145K(13568K)->11145K(13568K)
[2020-09-30T09:17:30.810+0000][16584][gc           ] GC(149) Pause Young (Concurrent Start) (G1 Humongous Allocation) 693M->261M(1024M) 8.472ms
[2020-09-30T09:17:30.810+0000][16584][gc,cpu       ] GC(149) User=0.00s Sys=0.00s Real=0.01s
[2020-09-30T09:17:30.810+0000][16584][gc           ] GC(150) Concurrent Cycle
[2020-09-30T09:17:30.810+0000][16584][gc,marking   ] GC(150) Concurrent Clear Claimed Marks
[2020-09-30T09:17:30.811+0000][16584][safepoint    ] Safepoint "G1TryInitiateConcMark", Time since last: 2895500 ns, Reaching safepoint: 957600 ns, At safepoint: 8916300 ns, Total: 9873900 ns
[2020-09-30T09:17:30.811+0000][16584][gc,marking   ] GC(150) Concurrent Clear Claimed Marks 0.446ms
[2020-09-30T09:17:30.811+0000][16584][gc,marking   ] GC(150) Concurrent Scan Root Regions
[2020-09-30T09:17:30.814+0000][16584][gc,marking   ] GC(150) Concurrent Scan Root Regions 3.452ms
[2020-09-30T09:17:30.814+0000][16584][gc,marking   ] GC(150) Concurrent Mark (144.671s)
[2020-09-30T09:17:30.814+0000][16584][gc,marking   ] GC(150) Concurrent Mark From Roots
[2020-09-30T09:17:30.815+0000][16584][gc,task      ] GC(150) Using 2 workers of 2 for marking
[2020-09-30T09:17:30.988+0000][16584][gc,marking   ] GC(150) Concurrent Mark From Roots 173.616ms
[2020-09-30T09:17:30.988+0000][16584][gc,marking   ] GC(150) Concurrent Preclean
[2020-09-30T09:17:30.989+0000][16584][gc,marking   ] GC(150) Concurrent Preclean 0.634ms
[2020-09-30T09:17:30.989+0000][16584][gc,marking   ] GC(150) Concurrent Mark (144.671s, 144.846s) 174.450ms
[2020-09-30T09:17:30.989+0000][16584][gc,start     ] GC(150) Pause Remark
[2020-09-30T09:17:30.996+0000][16584][gc           ] GC(150) Pause Remark 447M->447M(1024M) 6.998ms
[2020-09-30T09:17:30.996+0000][16584][gc,cpu       ] GC(150) User=0.00s Sys=0.00s Real=0.01s
[2020-09-30T09:17:30.996+0000][16584][safepoint    ] Safepoint "G1Concurrent", Time since last: 178428500 ns, Reaching safepoint: 293600 ns, At safepoint: 7233200 ns, Total: 7526800 ns
[2020-09-30T09:17:30.996+0000][16584][gc,marking   ] GC(150) Concurrent Rebuild Remembered Sets
[2020-09-30T09:17:31.096+0000][16584][gc,marking   ] GC(150) Concurrent Rebuild Remembered Sets 99.889ms
[2020-09-30T09:17:31.097+0000][16584][gc,start     ] GC(150) Pause Cleanup
[2020-09-30T09:17:31.097+0000][16584][gc           ] GC(150) Pause Cleanup 580M->580M(1024M) 0.315ms
[2020-09-30T09:17:31.097+0000][16584][gc,cpu       ] GC(150) User=0.00s Sys=0.00s Real=0.00s
[2020-09-30T09:17:31.097+0000][16584][safepoint    ] Safepoint "G1Concurrent", Time since last: 100124300 ns, Reaching safepoint: 135100 ns, At safepoint: 534400 ns, Total: 669500 ns
[2020-09-30T09:17:31.097+0000][16584][gc,marking   ] GC(150) Concurrent Cleanup for Next Mark
[2020-09-30T09:17:31.099+0000][16584][gc,marking   ] GC(150) Concurrent Cleanup for Next Mark 1.646ms
[2020-09-30T09:17:31.099+0000][16584][gc           ] GC(150) Concurrent Cycle 288.801ms
[2020-09-30T09:17:31.149+0000][16584][gc,start     ] GC(151) Pause Young (Concurrent Start) (G1 Humongous Allocation)
[2020-09-30T09:17:31.149+0000][16584][gc,task      ] GC(151) Using 8 workers of 8 for evacuation
[2020-09-30T09:17:31.149+0000][16584][gc,age       ] GC(151) Desired survivor size 31981568 bytes, new threshold 15 (max threshold 15)
[2020-09-30T09:17:31.153+0000][16584][gc,age       ] GC(151) Age table with threshold 15 (max threshold 15)
[2020-09-30T09:17:31.153+0000][16584][gc,age       ] GC(151) - age   1:    3954888 bytes,    3954888 total
[2020-09-30T09:17:31.153+0000][16584][gc,age       ] GC(151) - age   2:       6216 bytes,    3961104 total
[2020-09-30T09:17:31.153+0000][16584][gc,age       ] GC(151) - age   3:       7080 bytes,    3968184 total
[2020-09-30T09:17:31.153+0000][16584][gc,age       ] GC(151) - age   4:      38584 bytes,    4006768 total
[2020-09-30T09:17:31.153+0000][16584][gc,age       ] GC(151) - age   5:       2280 bytes,    4009048 total
[2020-09-30T09:17:31.153+0000][16584][gc,age       ] GC(151) - age   6:       3936 bytes,    4012984 total
[2020-09-30T09:17:31.153+0000][16584][gc,age       ] GC(151) - age   7:        904 bytes,    4013888 total
[2020-09-30T09:17:31.153+0000][16584][gc,age       ] GC(151) - age   8:        560 bytes,    4014448 total
[2020-09-30T09:17:31.153+0000][16584][gc,age       ] GC(151) - age   9:      11424 bytes,    4025872 total
[2020-09-30T09:17:31.154+0000][16584][gc,age       ] GC(151) - age  10:       1336 bytes,    4027208 total
[2020-09-30T09:17:31.154+0000][16584][gc,age       ] GC(151) - age  11:      14216 bytes,    4041424 total
[2020-09-30T09:17:31.154+0000][16584][gc,age       ] GC(151) - age  12:      10784 bytes,    4052208 total
[2020-09-30T09:17:31.154+0000][16584][gc,age       ] GC(151) - age  13:      25896 bytes,    4078104 total
[2020-09-30T09:17:31.154+0000][16584][gc,age       ] GC(151) - age  14:       1624 bytes,    4079728 total
[2020-09-30T09:17:31.154+0000][16584][gc,age       ] GC(151) - age  15:       1288 bytes,    4081016 total
[2020-09-30T09:17:31.154+0000][16584][gc,phases    ] GC(151)   Pre Evacuate Collection Set: 0.4ms
[2020-09-30T09:17:31.154+0000][16584][gc,phases    ] GC(151)   Merge Heap Roots: 0.1ms
[2020-09-30T09:17:31.154+0000][16584][gc,phases    ] GC(151)   Evacuate Collection Set: 2.6ms
[2020-09-30T09:17:31.154+0000][16584][gc,phases    ] GC(151)   Post Evacuate Collection Set: 1.1ms
[2020-09-30T09:17:31.154+0000][16584][gc,phases    ] GC(151)   Other: 1.1ms
[2020-09-30T09:17:31.154+0000][16584][gc,heap      ] GC(151) Eden regions: 92->0(486)
[2020-09-30T09:17:31.154+0000][16584][gc,heap      ] GC(151) Survivor regions: 11->5(61)
[2020-09-30T09:17:31.154+0000][16584][gc,heap      ] GC(151) Old regions: 77->77
[2020-09-30T09:17:31.154+0000][16584][gc,heap      ] GC(151) Archive regions: 0->0
[2020-09-30T09:17:31.154+0000][16584][gc,heap      ] GC(151) Humongous regions: 412->174
[2020-09-30T09:17:31.154+0000][16584][gc,metaspace ] GC(151) Metaspace: 87024K(92928K)->87024K(92928K) NonClass: 75878K(79360K)->75878K(79360K) Class: 11145K(13568K)->11145K(13568K)
[2020-09-30T09:17:31.154+0000][16584][gc           ] GC(151) Pause Young (Concurrent Start) (G1 Humongous Allocation) 591M->255M(1024M) 5.780ms
[2020-09-30T09:17:31.155+0000][16584][gc,cpu       ] GC(151) User=0.00s Sys=0.00s Real=0.01s
[2020-09-30T09:17:31.155+0000][16584][gc           ] GC(152) Concurrent Cycle
[2020-09-30T09:17:31.155+0000][16584][safepoint    ] Safepoint "G1TryInitiateConcMark", Time since last: 51050800 ns, Reaching safepoint: 149900 ns, At safepoint: 6063100 ns, Total: 6213000 ns
[2020-09-30T09:17:31.155+0000][16584][gc,marking   ] GC(152) Concurrent Clear Claimed Marks
[2020-09-30T09:17:31.155+0000][16584][gc,marking   ] GC(152) Concurrent Clear Claimed Marks 0.632ms
[2020-09-30T09:17:31.155+0000][16584][gc,marking   ] GC(152) Concurrent Scan Root Regions
[2020-09-30T09:17:31.159+0000][16584][gc,marking   ] GC(152) Concurrent Scan Root Regions 3.374ms
[2020-09-30T09:17:31.159+0000][16584][gc,marking   ] GC(152) Concurrent Mark (145.016s)
[2020-09-30T09:17:31.159+0000][16584][gc,marking   ] GC(152) Concurrent Mark From Roots
[2020-09-30T09:17:31.159+0000][16584][gc,task      ] GC(152) Using 2 workers of 2 for marking
[2020-09-30T09:17:31.333+0000][16584][gc,marking   ] GC(152) Concurrent Mark From Roots 174.335ms
[2020-09-30T09:17:31.333+0000][16584][gc,marking   ] GC(152) Concurrent Preclean
[2020-09-30T09:17:31.334+0000][16584][gc,marking   ] GC(152) Concurrent Preclean 0.597ms
[2020-09-30T09:17:31.334+0000][16584][gc,marking   ] GC(152) Concurrent Mark (145.016s, 145.191s) 175.163ms
[2020-09-30T09:17:31.335+0000][16584][gc,start     ] GC(152) Pause Remark
[2020-09-30T09:17:31.342+0000][16584][gc           ] GC(152) Pause Remark 463M->463M(1024M) 7.006ms
[2020-09-30T09:17:31.342+0000][16584][gc,cpu       ] GC(152) User=0.05s Sys=0.00s Real=0.01s
[2020-09-30T09:17:31.342+0000][16584][safepoint    ] Safepoint "G1Concurrent", Time since last: 179688300 ns, Reaching safepoint: 316200 ns, At safepoint: 7276200 ns, Total: 7592400 ns
[2020-09-30T09:17:31.342+0000][16584][gc,marking   ] GC(152) Concurrent Rebuild Remembered Sets
[2020-09-30T09:17:31.451+0000][16584][gc,marking   ] GC(152) Concurrent Rebuild Remembered Sets 108.746ms
[2020-09-30T09:17:31.451+0000][16584][gc,start     ] GC(152) Pause Cleanup
[2020-09-30T09:17:31.451+0000][16584][gc           ] GC(152) Pause Cleanup 535M->535M(1024M) 0.348ms
[2020-09-30T09:17:31.451+0000][16584][gc,cpu       ] GC(152) User=0.00s Sys=0.00s Real=0.00s
[2020-09-30T09:17:31.451+0000][16584][safepoint    ] Safepoint "G1Concurrent", Time since last: 108951100 ns, Reaching safepoint: 208600 ns, At safepoint: 556300 ns, Total: 764900 ns
[2020-09-30T09:17:31.451+0000][16584][gc,marking   ] GC(152) Concurrent Cleanup for Next Mark
[2020-09-30T09:17:31.453+0000][16584][gc,marking   ] GC(152) Concurrent Cleanup for Next Mark 1.726ms
[2020-09-30T09:17:31.453+0000][16584][gc           ] GC(152) Concurrent Cycle 298.945ms
[2020-09-30T09:17:31.514+0000][16584][gc,start     ] GC(153) Pause Young (Concurrent Start) (G1 Humongous Allocation)
[2020-09-30T09:17:31.514+0000][16584][gc,task      ] GC(153) Using 8 workers of 8 for evacuation
[2020-09-30T09:17:31.514+0000][16584][gc,age       ] GC(153) Desired survivor size 32505856 bytes, new threshold 15 (max threshold 15)
[2020-09-30T09:17:31.517+0000][16584][gc,age       ] GC(153) Age table with threshold 15 (max threshold 15)
[2020-09-30T09:17:31.517+0000][16584][gc,age       ] GC(153) - age   1:    2626984 bytes,    2626984 total
[2020-09-30T09:17:31.517+0000][16584][gc,age       ] GC(153) - age   2:       4944 bytes,    2631928 total
[2020-09-30T09:17:31.517+0000][16584][gc,age       ] GC(153) - age   3:       1840 bytes,    2633768 total
[2020-09-30T09:17:31.517+0000][16584][gc,age       ] GC(153) - age   4:       5336 bytes,    2639104 total
[2020-09-30T09:17:31.517+0000][16584][gc,age       ] GC(153) - age   5:      38392 bytes,    2677496 total
[2020-09-30T09:17:31.517+0000][16584][gc,age       ] GC(153) - age   6:       1928 bytes,    2679424 total
[2020-09-30T09:17:31.517+0000][16584][gc,age       ] GC(153) - age   7:       3808 bytes,    2683232 total
[2020-09-30T09:17:31.518+0000][16584][gc,age       ] GC(153) - age   8:        904 bytes,    2684136 total
[2020-09-30T09:17:31.518+0000][16584][gc,age       ] GC(153) - age   9:        560 bytes,    2684696 total
[2020-09-30T09:17:31.518+0000][16584][gc,age       ] GC(153) - age  10:      11352 bytes,    2696048 total
[2020-09-30T09:17:31.518+0000][16584][gc,age       ] GC(153) - age  11:       1208 bytes,    2697256 total
[2020-09-30T09:17:31.518+0000][16584][gc,age       ] GC(153) - age  12:      14216 bytes,    2711472 total
[2020-09-30T09:17:31.518+0000][16584][gc,age       ] GC(153) - age  13:      10784 bytes,    2722256 total
[2020-09-30T09:17:31.518+0000][16584][gc,age       ] GC(153) - age  14:      25832 bytes,    2748088 total
[2020-09-30T09:17:31.518+0000][16584][gc,age       ] GC(153) - age  15:       1624 bytes,    2749712 total
[2020-09-30T09:17:31.518+0000][16584][gc,phases    ] GC(153)   Pre Evacuate Collection Set: 0.4ms
[2020-09-30T09:17:31.518+0000][16584][gc,phases    ] GC(153)   Merge Heap Roots: 0.1ms
[2020-09-30T09:17:31.518+0000][16584][gc,phases    ] GC(153)   Evacuate Collection Set: 2.0ms
[2020-09-30T09:17:31.518+0000][16584][gc,phases    ] GC(153)   Post Evacuate Collection Set: 0.8ms
[2020-09-30T09:17:31.518+0000][16584][gc,phases    ] GC(153)   Other: 0.9ms
[2020-09-30T09:17:31.518+0000][16584][gc,heap      ] GC(153) Eden regions: 87->0(491)
[2020-09-30T09:17:31.518+0000][16584][gc,heap      ] GC(153) Survivor regions: 5->4(62)
[2020-09-30T09:17:31.518+0000][16584][gc,heap      ] GC(153) Old regions: 77->77
[2020-09-30T09:17:31.518+0000][16584][gc,heap      ] GC(153) Archive regions: 0->0
[2020-09-30T09:17:31.518+0000][16584][gc,heap      ] GC(153) Humongous regions: 378->174
[2020-09-30T09:17:31.518+0000][16584][gc,metaspace ] GC(153) Metaspace: 87040K(92928K)->87040K(92928K) NonClass: 75895K(79360K)->75895K(79360K) Class: 11145K(13568K)->11145K(13568K)
[2020-09-30T09:17:31.518+0000][16584][gc           ] GC(153) Pause Young (Concurrent Start) (G1 Humongous Allocation) 546M->253M(1024M) 4.498ms
[2020-09-30T09:17:31.518+0000][16584][gc,cpu       ] GC(153) User=0.00s Sys=0.00s Real=0.00s
[2020-09-30T09:17:31.518+0000][16584][safepoint    ] Safepoint "G1TryInitiateConcMark", Time since last: 62612500 ns, Reaching safepoint: 189600 ns, At safepoint: 4666600 ns, Total: 4856200 ns
[2020-09-30T09:17:31.518+0000][16584][gc           ] GC(154) Concurrent Cycle
[2020-09-30T09:17:31.518+0000][16584][gc,marking   ] GC(154) Concurrent Clear Claimed Marks
[2020-09-30T09:17:31.519+0000][16584][gc,marking   ] GC(154) Concurrent Clear Claimed Marks 0.491ms
[2020-09-30T09:17:31.519+0000][16584][gc,marking   ] GC(154) Concurrent Scan Root Regions
[2020-09-30T09:17:31.521+0000][16584][gc,marking   ] GC(154) Concurrent Scan Root Regions 2.207ms
[2020-09-30T09:17:31.521+0000][16584][gc,marking   ] GC(154) Concurrent Mark (145.379s)
[2020-09-30T09:17:31.521+0000][16584][gc,marking   ] GC(154) Concurrent Mark From Roots
[2020-09-30T09:17:31.521+0000][16584][gc,task      ] GC(154) Using 2 workers of 2 for marking
[2020-09-30T09:17:31.677+0000][16584][gc,marking   ] GC(154) Concurrent Mark From Roots 156.121ms
[2020-09-30T09:17:31.678+0000][16584][gc,marking   ] GC(154) Concurrent Preclean
[2020-09-30T09:17:31.678+0000][16584][gc,marking   ] GC(154) Concurrent Preclean 0.589ms
[2020-09-30T09:17:31.678+0000][16584][gc,marking   ] GC(154) Concurrent Mark (145.379s, 145.536s) 156.955ms
[2020-09-30T09:17:31.679+0000][16584][gc,start     ] GC(154) Pause Remark
[2020-09-30T09:17:31.685+0000][16584][gc           ] GC(154) Pause Remark 659M->659M(1024M) 6.071ms
[2020-09-30T09:17:31.685+0000][16584][gc,cpu       ] GC(154) User=0.11s Sys=0.00s Real=0.01s
[2020-09-30T09:17:31.685+0000][16584][safepoint    ] Safepoint "G1Concurrent", Time since last: 160108400 ns, Reaching safepoint: 206000 ns, At safepoint: 6345400 ns, Total: 6551400 ns
[2020-09-30T09:17:31.685+0000][16584][gc,marking   ] GC(154) Concurrent Rebuild Remembered Sets
[2020-09-30T09:17:31.771+0000][16584][gc,marking   ] GC(154) Concurrent Rebuild Remembered Sets 85.816ms
[2020-09-30T09:17:31.771+0000][16584][gc,start     ] GC(154) Pause Cleanup
[2020-09-30T09:17:31.772+0000][16584][gc           ] GC(154) Pause Cleanup 670M->670M(1024M) 0.380ms
[2020-09-30T09:17:31.772+0000][16584][gc,cpu       ] GC(154) User=0.00s Sys=0.00s Real=0.00s
[2020-09-30T09:17:31.772+0000][16584][safepoint    ] Safepoint "G1Concurrent", Time since last: 86074400 ns, Reaching safepoint: 228800 ns, At safepoint: 637000 ns, Total: 865800 ns
[2020-09-30T09:17:31.772+0000][16584][gc,marking   ] GC(154) Concurrent Cleanup for Next Mark
[2020-09-30T09:17:31.774+0000][16584][gc,marking   ] GC(154) Concurrent Cleanup for Next Mark 1.859ms
[2020-09-30T09:17:31.774+0000][16584][gc           ] GC(154) Concurrent Cycle 255.709ms
[2020-09-30T09:17:31.793+0000][16584][gc,start     ] GC(155) Pause Young (Concurrent Start) (G1 Humongous Allocation)
[2020-09-30T09:17:31.794+0000][16584][gc,task      ] GC(155) Using 8 workers of 8 for evacuation
[2020-09-30T09:17:31.794+0000][16584][gc,age       ] GC(155) Desired survivor size 32505856 bytes, new threshold 15 (max threshold 15)
[2020-09-30T09:17:31.800+0000][16584][gc,age       ] GC(155) Age table with threshold 15 (max threshold 15)
[2020-09-30T09:17:31.800+0000][16584][gc,age       ] GC(155) - age   1:   13296056 bytes,   13296056 total
[2020-09-30T09:17:31.800+0000][16584][gc,age       ] GC(155) - age   2:      13488 bytes,   13309544 total
[2020-09-30T09:17:31.800+0000][16584][gc,age       ] GC(155) - age   3:       3680 bytes,   13313224 total
[2020-09-30T09:17:31.800+0000][16584][gc,age       ] GC(155) - age   4:        768 bytes,   13313992 total
[2020-09-30T09:17:31.800+0000][16584][gc,age       ] GC(155) - age   5:       5240 bytes,   13319232 total
[2020-09-30T09:17:31.800+0000][16584][gc,age       ] GC(155) - age   6:      38128 bytes,   13357360 total
[2020-09-30T09:17:31.800+0000][16584][gc,age       ] GC(155) - age   7:       1896 bytes,   13359256 total
[2020-09-30T09:17:31.800+0000][16584][gc,age       ] GC(155) - age   8:       3776 bytes,   13363032 total
[2020-09-30T09:17:31.800+0000][16584][gc,age       ] GC(155) - age   9:        904 bytes,   13363936 total
[2020-09-30T09:17:31.800+0000][16584][gc,age       ] GC(155) - age  10:        528 bytes,   13364464 total
[2020-09-30T09:17:31.800+0000][16584][gc,age       ] GC(155) - age  11:      11352 bytes,   13375816 total
[2020-09-30T09:17:31.800+0000][16584][gc,age       ] GC(155) - age  12:       1176 bytes,   13376992 total
[2020-09-30T09:17:31.800+0000][16584][gc,age       ] GC(155) - age  13:      14216 bytes,   13391208 total
[2020-09-30T09:17:31.800+0000][16584][gc,age       ] GC(155) - age  14:      10720 bytes,   13401928 total
[2020-09-30T09:17:31.800+0000][16584][gc,age       ] GC(155) - age  15:      25832 bytes,   13427760 total
[2020-09-30T09:17:31.800+0000][16584][gc,phases    ] GC(155)   Pre Evacuate Collection Set: 0.4ms
[2020-09-30T09:17:31.800+0000][16584][gc,phases    ] GC(155)   Merge Heap Roots: 0.1ms
[2020-09-30T09:17:31.800+0000][16584][gc,phases    ] GC(155)   Evacuate Collection Set: 3.9ms
[2020-09-30T09:17:31.800+0000][16584][gc,phases    ] GC(155)   Post Evacuate Collection Set: 1.3ms
[2020-09-30T09:17:31.801+0000][16584][gc,phases    ] GC(155)   Other: 1.2ms
[2020-09-30T09:17:31.801+0000][16584][gc,heap      ] GC(155) Eden regions: 134->0(476)
[2020-09-30T09:17:31.801+0000][16584][gc,heap      ] GC(155) Survivor regions: 4->14(62)
[2020-09-30T09:17:31.801+0000][16584][gc,heap      ] GC(155) Old regions: 77->77
[2020-09-30T09:17:31.801+0000][16584][gc,heap      ] GC(155) Archive regions: 0->0
[2020-09-30T09:17:31.801+0000][16584][gc,heap      ] GC(155) Humongous regions: 478->174
[2020-09-30T09:17:31.801+0000][16584][gc,metaspace ] GC(155) Metaspace: 87047K(92928K)->87047K(92928K) NonClass: 75902K(79360K)->75902K(79360K) Class: 11145K(13568K)->11145K(13568K)
[2020-09-30T09:17:31.801+0000][16584][gc           ] GC(155) Pause Young (Concurrent Start) (G1 Humongous Allocation) 691M->263M(1024M) 7.432ms
[2020-09-30T09:17:31.801+0000][16584][gc,cpu       ] GC(155) User=0.11s Sys=0.00s Real=0.01s
[2020-09-30T09:17:31.801+0000][16584][gc           ] GC(156) Concurrent Cycle
[2020-09-30T09:17:31.801+0000][16584][safepoint    ] Safepoint "G1TryInitiateConcMark", Time since last: 21393300 ns, Reaching safepoint: 224300 ns, At safepoint: 7683600 ns, Total: 7907900 ns
[2020-09-30T09:17:31.801+0000][16584][gc,marking   ] GC(156) Concurrent Clear Claimed Marks
[2020-09-30T09:17:31.802+0000][16584][gc,marking   ] GC(156) Concurrent Clear Claimed Marks 0.446ms
[2020-09-30T09:17:31.802+0000][16584][gc,marking   ] GC(156) Concurrent Scan Root Regions
[2020-09-30T09:17:31.805+0000][16584][gc,marking   ] GC(156) Concurrent Scan Root Regions 3.193ms
[2020-09-30T09:17:31.805+0000][16584][gc,marking   ] GC(156) Concurrent Mark (145.663s)
[2020-09-30T09:17:31.805+0000][16584][gc,marking   ] GC(156) Concurrent Mark From Roots
[2020-09-30T09:17:31.805+0000][16584][gc,task      ] GC(156) Using 2 workers of 2 for marking
[2020-09-30T09:17:31.991+0000][16584][gc,marking   ] GC(156) Concurrent Mark From Roots 185.549ms
[2020-09-30T09:17:31.991+0000][16584][gc,marking   ] GC(156) Concurrent Preclean
[2020-09-30T09:17:31.991+0000][16584][gc,marking   ] GC(156) Concurrent Preclean 0.578ms
[2020-09-30T09:17:31.991+0000][16584][gc,marking   ] GC(156) Concurrent Mark (145.663s, 145.849s) 186.333ms
[2020-09-30T09:17:31.992+0000][16584][gc,start     ] GC(156) Pause Remark
[2020-09-30T09:17:31.999+0000][16584][gc           ] GC(156) Pause Remark 590M->590M(1024M) 6.158ms
[2020-09-30T09:17:31.999+0000][16584][gc,cpu       ] GC(156) User=0.09s Sys=0.02s Real=0.01s
[2020-09-30T09:17:31.999+0000][16584][safepoint    ] Safepoint "G1Concurrent", Time since last: 190327100 ns, Reaching safepoint: 908700 ns, At safepoint: 6594300 ns, Total: 7503000 ns
[2020-09-30T09:17:31.999+0000][16584][gc,marking   ] GC(156) Concurrent Rebuild Remembered Sets
[2020-09-30T09:17:32.092+0000][16584][gc,marking   ] GC(156) Concurrent Rebuild Remembered Sets 92.703ms
[2020-09-30T09:17:32.092+0000][16584][gc,start     ] GC(156) Pause Cleanup
[2020-09-30T09:17:32.092+0000][16584][gc           ] GC(156) Pause Cleanup 598M->598M(1024M) 0.378ms
[2020-09-30T09:17:32.093+0000][16584][gc,cpu       ] GC(156) User=0.00s Sys=0.00s Real=0.00s
[2020-09-30T09:17:32.094+0000][16584][safepoint    ] Safepoint "G1Concurrent", Time since last: 92959200 ns, Reaching safepoint: 172600 ns, At safepoint: 2280400 ns, Total: 2453000 ns
[2020-09-30T09:17:32.094+0000][16584][gc,marking   ] GC(156) Concurrent Cleanup for Next Mark
[2020-09-30T09:17:32.096+0000][16584][gc,marking   ] GC(156) Concurrent Cleanup for Next Mark 2.007ms
[2020-09-30T09:17:32.097+0000][16584][gc           ] GC(156) Concurrent Cycle 295.599ms
[2020-09-30T09:17:32.108+0000][16584][gc,start     ] GC(157) Pause Young (Concurrent Start) (G1 Humongous Allocation)
[2020-09-30T09:17:32.108+0000][16584][gc,task      ] GC(157) Using 8 workers of 8 for evacuation
[2020-09-30T09:17:32.108+0000][16584][gc,age       ] GC(157) Desired survivor size 32505856 bytes, new threshold 15 (max threshold 15)
[2020-09-30T09:17:32.114+0000][16584][gc,age       ] GC(157) Age table with threshold 15 (max threshold 15)
[2020-09-30T09:17:32.114+0000][16584][gc,age       ] GC(157) - age   1:   13399920 bytes,   13399920 total
[2020-09-30T09:17:32.114+0000][16584][gc,age       ] GC(157) - age   2:      13544 bytes,   13413464 total
[2020-09-30T09:17:32.114+0000][16584][gc,age       ] GC(157) - age   3:      13152 bytes,   13426616 total
[2020-09-30T09:17:32.114+0000][16584][gc,age       ] GC(157) - age   4:       3464 bytes,   13430080 total
[2020-09-30T09:17:32.114+0000][16584][gc,age       ] GC(157) - age   5:        736 bytes,   13430816 total
[2020-09-30T09:17:32.114+0000][16584][gc,age       ] GC(157) - age   6:       5240 bytes,   13436056 total
[2020-09-30T09:17:32.114+0000][16584][gc,age       ] GC(157) - age   7:      38128 bytes,   13474184 total
[2020-09-30T09:17:32.114+0000][16584][gc,age       ] GC(157) - age   8:       1768 bytes,   13475952 total
[2020-09-30T09:17:32.114+0000][16584][gc,age       ] GC(157) - age   9:       3776 bytes,   13479728 total
[2020-09-30T09:17:32.114+0000][16584][gc,age       ] GC(157) - age  10:        904 bytes,   13480632 total
[2020-09-30T09:17:32.114+0000][16584][gc,age       ] GC(157) - age  11:        528 bytes,   13481160 total
[2020-09-30T09:17:32.114+0000][16584][gc,age       ] GC(157) - age  12:      11352 bytes,   13492512 total
[2020-09-30T09:17:32.114+0000][16584][gc,age       ] GC(157) - age  13:       1176 bytes,   13493688 total
[2020-09-30T09:17:32.114+0000][16584][gc,age       ] GC(157) - age  14:      14216 bytes,   13507904 total
[2020-09-30T09:17:32.114+0000][16584][gc,age       ] GC(157) - age  15:      10688 bytes,   13518592 total
[2020-09-30T09:17:32.115+0000][16584][gc,phases    ] GC(157)   Pre Evacuate Collection Set: 0.6ms
[2020-09-30T09:17:32.115+0000][16584][gc,phases    ] GC(157)   Merge Heap Roots: 0.1ms
[2020-09-30T09:17:32.115+0000][16584][gc,phases    ] GC(157)   Evacuate Collection Set: 3.7ms
[2020-09-30T09:17:32.115+0000][16584][gc,phases    ] GC(157)   Post Evacuate Collection Set: 1.3ms
[2020-09-30T09:17:32.115+0000][16584][gc,phases    ] GC(157)   Other: 1.3ms
[2020-09-30T09:17:32.115+0000][16584][gc,heap      ] GC(157) Eden regions: 98->0(465)
[2020-09-30T09:17:32.115+0000][16584][gc,heap      ] GC(157) Survivor regions: 14->14(62)
[2020-09-30T09:17:32.115+0000][16584][gc,heap      ] GC(157) Old regions: 77->77
[2020-09-30T09:17:32.115+0000][16584][gc,heap      ] GC(157) Archive regions: 0->0
[2020-09-30T09:17:32.115+0000][16584][gc,heap      ] GC(157) Humongous regions: 430->174
[2020-09-30T09:17:32.115+0000][16584][gc,metaspace ] GC(157) Metaspace: 87078K(92928K)->87078K(92928K) NonClass: 75932K(79360K)->75932K(79360K) Class: 11145K(13568K)->11145K(13568K)
[2020-09-30T09:17:32.115+0000][16584][gc           ] GC(157) Pause Young (Concurrent Start) (G1 Humongous Allocation) 617M->264M(1024M) 7.504ms
[2020-09-30T09:17:32.115+0000][16584][gc,cpu       ] GC(157) User=0.00s Sys=0.00s Real=0.01s
[2020-09-30T09:17:32.115+0000][16584][gc           ] GC(158) Concurrent Cycle
[2020-09-30T09:17:32.115+0000][16584][safepoint    ] Safepoint "G1TryInitiateConcMark", Time since last: 13043200 ns, Reaching safepoint: 219700 ns, At safepoint: 7767600 ns, Total: 7987300 ns
[2020-09-30T09:17:32.115+0000][16584][gc,marking   ] GC(158) Concurrent Clear Claimed Marks
[2020-09-30T09:17:32.116+0000][16584][gc,marking   ] GC(158) Concurrent Clear Claimed Marks 0.550ms
[2020-09-30T09:17:32.116+0000][16584][gc,marking   ] GC(158) Concurrent Scan Root Regions
[2020-09-30T09:17:32.120+0000][16584][gc,marking   ] GC(158) Concurrent Scan Root Regions 3.837ms
[2020-09-30T09:17:32.120+0000][16584][gc,marking   ] GC(158) Concurrent Mark (145.978s)
[2020-09-30T09:17:32.120+0000][16584][gc,marking   ] GC(158) Concurrent Mark From Roots
[2020-09-30T09:17:32.120+0000][16584][gc,task      ] GC(158) Using 2 workers of 2 for marking
[2020-09-30T09:17:32.299+0000][16584][gc,marking   ] GC(158) Concurrent Mark From Roots 178.749ms
[2020-09-30T09:17:32.299+0000][16584][gc,marking   ] GC(158) Concurrent Preclean
[2020-09-30T09:17:32.299+0000][16584][gc,marking   ] GC(158) Concurrent Preclean 0.500ms
[2020-09-30T09:17:32.299+0000][16584][gc,marking   ] GC(158) Concurrent Mark (145.978s, 146.157s) 179.465ms
[2020-09-30T09:17:32.300+0000][16584][gc,start     ] GC(158) Pause Remark
[2020-09-30T09:17:32.307+0000][16584][gc           ] GC(158) Pause Remark 593M->593M(1024M) 7.487ms
[2020-09-30T09:17:32.307+0000][16584][gc,cpu       ] GC(158) User=0.00s Sys=0.00s Real=0.01s
[2020-09-30T09:17:32.308+0000][16584][safepoint    ] Safepoint "G1Concurrent", Time since last: 184189100 ns, Reaching safepoint: 201000 ns, At safepoint: 7927700 ns, Total: 8128700 ns
[2020-09-30T09:17:32.308+0000][16584][gc,marking   ] GC(158) Concurrent Rebuild Remembered Sets
[2020-09-30T09:17:32.410+0000][16584][gc,marking   ] GC(158) Concurrent Rebuild Remembered Sets 102.346ms
[2020-09-30T09:17:32.410+0000][16584][gc,start     ] GC(158) Pause Cleanup
[2020-09-30T09:17:32.411+0000][16584][gc           ] GC(158) Pause Cleanup 793M->793M(1024M) 0.393ms
[2020-09-30T09:17:32.411+0000][16584][gc,cpu       ] GC(158) User=0.00s Sys=0.00s Real=0.00s
[2020-09-30T09:17:32.411+0000][16584][safepoint    ] Safepoint "G1Concurrent", Time since last: 102551100 ns, Reaching safepoint: 218200 ns, At safepoint: 688200 ns, Total: 906400 ns
[2020-09-30T09:17:32.411+0000][16584][gc,marking   ] GC(158) Concurrent Cleanup for Next Mark
[2020-09-30T09:17:32.413+0000][16584][gc,marking   ] GC(158) Concurrent Cleanup for Next Mark 1.739ms
[2020-09-30T09:17:32.413+0000][16584][gc           ] GC(158) Concurrent Cycle 297.764ms
[2020-09-30T09:17:32.423+0000][16584][gc,start     ] GC(159) Pause Young (Concurrent Start) (G1 Humongous Allocation)
[2020-09-30T09:17:32.423+0000][16584][gc,task      ] GC(159) Using 8 workers of 8 for evacuation
[2020-09-30T09:17:32.423+0000][16584][gc,age       ] GC(159) Desired survivor size 31457280 bytes, new threshold 15 (max threshold 15)
[2020-09-30T09:17:32.428+0000][16584][gc,age       ] GC(159) Age table with threshold 15 (max threshold 15)
[2020-09-30T09:17:32.428+0000][16584][gc,age       ] GC(159) - age   1:    6704152 bytes,    6704152 total
[2020-09-30T09:17:32.428+0000][16584][gc,age       ] GC(159) - age   2:       2560 bytes,    6706712 total
[2020-09-30T09:17:32.428+0000][16584][gc,age       ] GC(159) - age   3:      12624 bytes,    6719336 total
[2020-09-30T09:17:32.428+0000][16584][gc,age       ] GC(159) - age   4:      11896 bytes,    6731232 total
[2020-09-30T09:17:32.428+0000][16584][gc,age       ] GC(159) - age   5:       3336 bytes,    6734568 total
[2020-09-30T09:17:32.428+0000][16584][gc,age       ] GC(159) - age   6:        736 bytes,    6735304 total
[2020-09-30T09:17:32.428+0000][16584][gc,age       ] GC(159) - age   7:       5176 bytes,    6740480 total
[2020-09-30T09:17:32.428+0000][16584][gc,age       ] GC(159) - age   8:      38096 bytes,    6778576 total
[2020-09-30T09:17:32.428+0000][16584][gc,age       ] GC(159) - age   9:       1768 bytes,    6780344 total
[2020-09-30T09:17:32.428+0000][16584][gc,age       ] GC(159) - age  10:       3712 bytes,    6784056 total
[2020-09-30T09:17:32.428+0000][16584][gc,age       ] GC(159) - age  11:        904 bytes,    6784960 total
[2020-09-30T09:17:32.428+0000][16584][gc,age       ] GC(159) - age  12:        528 bytes,    6785488 total
[2020-09-30T09:17:32.428+0000][16584][gc,age       ] GC(159) - age  13:      11352 bytes,    6796840 total
[2020-09-30T09:17:32.429+0000][16584][gc,age       ] GC(159) - age  14:       1112 bytes,    6797952 total
[2020-09-30T09:17:32.429+0000][16584][gc,age       ] GC(159) - age  15:      14216 bytes,    6812168 total
[2020-09-30T09:17:32.429+0000][16584][gc,phases    ] GC(159)   Pre Evacuate Collection Set: 0.5ms
[2020-09-30T09:17:32.429+0000][16584][gc,phases    ] GC(159)   Merge Heap Roots: 0.1ms
[2020-09-30T09:17:32.429+0000][16584][gc,phases    ] GC(159)   Evacuate Collection Set: 2.7ms
[2020-09-30T09:17:32.429+0000][16584][gc,phases    ] GC(159)   Post Evacuate Collection Set: 1.3ms
[2020-09-30T09:17:32.429+0000][16584][gc,phases    ] GC(159)   Other: 1.3ms
[2020-09-30T09:17:32.429+0000][16584][gc,heap      ] GC(159) Eden regions: 129->0(473)
[2020-09-30T09:17:32.429+0000][16584][gc,heap      ] GC(159) Survivor regions: 14->8(60)
[2020-09-30T09:17:32.429+0000][16584][gc,heap      ] GC(159) Old regions: 77->77
[2020-09-30T09:17:32.429+0000][16584][gc,heap      ] GC(159) Archive regions: 0->0
[2020-09-30T09:17:32.429+0000][16584][gc,heap      ] GC(159) Humongous regions: 582->174
[2020-09-30T09:17:32.429+0000][16584][gc,metaspace ] GC(159) Metaspace: 87108K(93184K)->87108K(93184K) NonClass: 75962K(79616K)->75962K(79616K) Class: 11145K(13568K)->11145K(13568K)
[2020-09-30T09:17:32.429+0000][16584][gc           ] GC(159) Pause Young (Concurrent Start) (G1 Humongous Allocation) 801M->257M(1024M) 6.684ms
[2020-09-30T09:17:32.430+0000][16584][gc,cpu       ] GC(159) User=0.00s Sys=0.00s Real=0.01s
[2020-09-30T09:17:32.430+0000][16584][gc           ] GC(160) Concurrent Cycle
[2020-09-30T09:17:32.430+0000][16584][safepoint    ] Safepoint "G1TryInitiateConcMark", Time since last: 11379200 ns, Reaching safepoint: 234600 ns, At safepoint: 6961800 ns, Total: 7196400 ns
[2020-09-30T09:17:32.430+0000][16584][gc,marking   ] GC(160) Concurrent Clear Claimed Marks
[2020-09-30T09:17:32.430+0000][16584][gc,marking   ] GC(160) Concurrent Clear Claimed Marks 0.411ms
[2020-09-30T09:17:32.430+0000][16584][gc,marking   ] GC(160) Concurrent Scan Root Regions
[2020-09-30T09:17:32.433+0000][16584][gc,marking   ] GC(160) Concurrent Scan Root Regions 2.754ms
[2020-09-30T09:17:32.433+0000][16584][gc,marking   ] GC(160) Concurrent Mark (146.291s)
[2020-09-30T09:17:32.433+0000][16584][gc,marking   ] GC(160) Concurrent Mark From Roots
[2020-09-30T09:17:32.433+0000][16584][gc,task      ] GC(160) Using 2 workers of 2 for marking
[2020-09-30T09:17:32.602+0000][16584][gc,marking   ] GC(160) Concurrent Mark From Roots 169.286ms
[2020-09-30T09:17:32.602+0000][16584][gc,marking   ] GC(160) Concurrent Preclean
[2020-09-30T09:17:32.603+0000][16584][gc,marking   ] GC(160) Concurrent Preclean 0.653ms
[2020-09-30T09:17:32.603+0000][16584][gc,marking   ] GC(160) Concurrent Mark (146.291s, 146.461s) 170.189ms
[2020-09-30T09:17:32.604+0000][16584][gc,start     ] GC(160) Pause Remark
[2020-09-30T09:17:32.610+0000][16584][gc           ] GC(160) Pause Remark 400M->400M(1024M) 6.734ms
[2020-09-30T09:17:32.610+0000][16584][gc,cpu       ] GC(160) User=0.11s Sys=0.00s Real=0.01s
[2020-09-30T09:17:32.611+0000][16584][safepoint    ] Safepoint "G1Concurrent", Time since last: 173625700 ns, Reaching safepoint: 214000 ns, At safepoint: 7005600 ns, Total: 7219600 ns
[2020-09-30T09:17:32.611+0000][16584][gc,marking   ] GC(160) Concurrent Rebuild Remembered Sets
[2020-09-30T09:17:32.714+0000][16584][gc,marking   ] GC(160) Concurrent Rebuild Remembered Sets 103.728ms
[2020-09-30T09:17:32.715+0000][16584][gc,start     ] GC(160) Pause Cleanup
[2020-09-30T09:17:32.715+0000][16584][gc           ] GC(160) Pause Cleanup 551M->551M(1024M) 0.407ms
[2020-09-30T09:17:32.715+0000][16584][gc,cpu       ] GC(160) User=0.00s Sys=0.00s Real=0.00s
[2020-09-30T09:17:32.715+0000][16584][safepoint    ] Safepoint "G1Concurrent", Time since last: 103999700 ns, Reaching safepoint: 191400 ns, At safepoint: 670400 ns, Total: 861800 ns
[2020-09-30T09:17:32.715+0000][16584][gc,marking   ] GC(160) Concurrent Cleanup for Next Mark
[2020-09-30T09:17:32.717+0000][16584][gc,marking   ] GC(160) Concurrent Cleanup for Next Mark 1.905ms
[2020-09-30T09:17:32.718+0000][16584][gc           ] GC(160) Concurrent Cycle 287.897ms
[2020-09-30T09:17:32.718+0000][16584][gc,start     ] GC(161) Pause Young (Concurrent Start) (G1 Humongous Allocation)
[2020-09-30T09:17:32.718+0000][16584][gc,task      ] GC(161) Using 8 workers of 8 for evacuation
[2020-09-30T09:17:32.718+0000][16584][gc,age       ] GC(161) Desired survivor size 31981568 bytes, new threshold 15 (max threshold 15)
[2020-09-30T09:17:32.724+0000][16584][gc,age       ] GC(161) Age table with threshold 15 (max threshold 15)
[2020-09-30T09:17:32.724+0000][16584][gc,age       ] GC(161) - age   1:    9496120 bytes,    9496120 total
[2020-09-30T09:17:32.724+0000][16584][gc,age       ] GC(161) - age   2:       3792 bytes,    9499912 total
[2020-09-30T09:17:32.724+0000][16584][gc,age       ] GC(161) - age   3:       1744 bytes,    9501656 total
[2020-09-30T09:17:32.724+0000][16584][gc,age       ] GC(161) - age   4:      12096 bytes,    9513752 total
[2020-09-30T09:17:32.724+0000][16584][gc,age       ] GC(161) - age   5:      11896 bytes,    9525648 total
[2020-09-30T09:17:32.724+0000][16584][gc,age       ] GC(161) - age   6:       3336 bytes,    9528984 total
[2020-09-30T09:17:32.724+0000][16584][gc,age       ] GC(161) - age   7:        736 bytes,    9529720 total
[2020-09-30T09:17:32.724+0000][16584][gc,age       ] GC(161) - age   8:       5176 bytes,    9534896 total
[2020-09-30T09:17:32.724+0000][16584][gc,age       ] GC(161) - age   9:      38096 bytes,    9572992 total
[2020-09-30T09:17:32.724+0000][16584][gc,age       ] GC(161) - age  10:       1768 bytes,    9574760 total
[2020-09-30T09:17:32.724+0000][16584][gc,age       ] GC(161) - age  11:       3712 bytes,    9578472 total
[2020-09-30T09:17:32.724+0000][16584][gc,age       ] GC(161) - age  12:        904 bytes,    9579376 total
[2020-09-30T09:17:32.724+0000][16584][gc,age       ] GC(161) - age  13:        528 bytes,    9579904 total
[2020-09-30T09:17:32.724+0000][16584][gc,age       ] GC(161) - age  14:      11352 bytes,    9591256 total
[2020-09-30T09:17:32.724+0000][16584][gc,age       ] GC(161) - age  15:       1112 bytes,    9592368 total
[2020-09-30T09:17:32.725+0000][16584][gc,phases    ] GC(161)   Pre Evacuate Collection Set: 0.6ms
[2020-09-30T09:17:32.725+0000][16584][gc,phases    ] GC(161)   Merge Heap Roots: 0.1ms
[2020-09-30T09:17:32.725+0000][16584][gc,phases    ] GC(161)   Evacuate Collection Set: 3.2ms
[2020-09-30T09:17:32.725+0000][16584][gc,phases    ] GC(161)   Post Evacuate Collection Set: 1.4ms
[2020-09-30T09:17:32.725+0000][16584][gc,phases    ] GC(161)   Other: 1.4ms
[2020-09-30T09:17:32.725+0000][16584][gc,heap      ] GC(161) Eden regions: 81->0(472)
[2020-09-30T09:17:32.725+0000][16584][gc,heap      ] GC(161) Survivor regions: 8->10(61)
[2020-09-30T09:17:32.725+0000][16584][gc,heap      ] GC(161) Old regions: 77->77
[2020-09-30T09:17:32.725+0000][16584][gc,heap      ] GC(161) Archive regions: 0->0
[2020-09-30T09:17:32.725+0000][16584][gc,heap      ] GC(161) Humongous regions: 391->174
[2020-09-30T09:17:32.725+0000][16584][gc,metaspace ] GC(161) Metaspace: 87124K(93184K)->87124K(93184K) NonClass: 75978K(79616K)->75978K(79616K) Class: 11145K(13568K)->11145K(13568K)
[2020-09-30T09:17:32.725+0000][16584][gc           ] GC(161) Pause Young (Concurrent Start) (G1 Humongous Allocation) 555M->260M(1024M) 7.150ms
[2020-09-30T09:17:32.725+0000][16584][gc,cpu       ] GC(161) User=0.00s Sys=0.00s Real=0.01s
[2020-09-30T09:17:32.725+0000][16584][gc           ] GC(162) Concurrent Cycle
[2020-09-30T09:17:32.725+0000][16584][gc,marking   ] GC(162) Concurrent Clear Claimed Marks
[2020-09-30T09:17:32.726+0000][16584][gc,marking   ] GC(162) Concurrent Clear Claimed Marks 0.414ms
[2020-09-30T09:17:32.726+0000][16584][gc,marking   ] GC(162) Concurrent Scan Root Regions
[2020-09-30T09:17:32.726+0000][16584][safepoint    ] Safepoint "G1TryInitiateConcMark", Time since last: 2225900 ns, Reaching safepoint: 225300 ns, At safepoint: 8135300 ns, Total: 8360600 ns
[2020-09-30T09:17:32.728+0000][16584][gc,marking   ] GC(162) Concurrent Scan Root Regions 2.092ms
[2020-09-30T09:17:32.728+0000][16584][gc,marking   ] GC(162) Concurrent Mark (146.586s)
[2020-09-30T09:17:32.728+0000][16584][gc,marking   ] GC(162) Concurrent Mark From Roots
[2020-09-30T09:17:32.728+0000][16584][gc,task      ] GC(162) Using 2 workers of 2 for marking
[2020-09-30T09:17:32.905+0000][16584][gc,marking   ] GC(162) Concurrent Mark From Roots 176.811ms
[2020-09-30T09:17:32.905+0000][16584][gc,marking   ] GC(162) Concurrent Preclean
[2020-09-30T09:17:32.906+0000][16584][gc,marking   ] GC(162) Concurrent Preclean 0.672ms
[2020-09-30T09:17:32.906+0000][16584][gc,marking   ] GC(162) Concurrent Mark (146.586s, 146.763s) 177.688ms
[2020-09-30T09:17:32.907+0000][16584][gc,start     ] GC(162) Pause Remark
[2020-09-30T09:17:32.913+0000][16584][gc           ] GC(162) Pause Remark 445M->445M(1024M) 6.311ms
[2020-09-30T09:17:32.913+0000][16584][gc,cpu       ] GC(162) User=0.00s Sys=0.00s Real=0.01s
[2020-09-30T09:17:32.914+0000][16584][safepoint    ] Safepoint "G1Concurrent", Time since last: 179880500 ns, Reaching safepoint: 1038800 ns, At safepoint: 6820300 ns, Total: 7859100 ns
[2020-09-30T09:17:32.914+0000][16584][gc,marking   ] GC(162) Concurrent Rebuild Remembered Sets
[2020-09-30T09:17:33.018+0000][16584][gc,marking   ] GC(162) Concurrent Rebuild Remembered Sets 103.317ms
[2020-09-30T09:17:33.019+0000][16584][gc,start     ] GC(162) Pause Cleanup
[2020-09-30T09:17:33.019+0000][16584][gc           ] GC(162) Pause Cleanup 452M->452M(1024M) 0.371ms
[2020-09-30T09:17:33.019+0000][16584][gc,cpu       ] GC(162) User=0.00s Sys=0.00s Real=0.00s
[2020-09-30T09:17:33.022+0000][16584][safepoint    ] Safepoint "G1Concurrent", Time since last: 103631900 ns, Reaching safepoint: 613700 ns, At safepoint: 2709800 ns, Total: 3323500 ns
[2020-09-30T09:17:33.022+0000][16584][gc,marking   ] GC(162) Concurrent Cleanup for Next Mark
[2020-09-30T09:17:33.024+0000][16584][gc,marking   ] GC(162) Concurrent Cleanup for Next Mark 1.829ms
[2020-09-30T09:17:33.024+0000][16584][gc           ] GC(162) Concurrent Cycle 297.490ms
[2020-09-30T09:17:33.114+0000][16584][gc,start     ] GC(163) Pause Young (Concurrent Start) (G1 Humongous Allocation)
[2020-09-30T09:17:33.114+0000][16584][gc,task      ] GC(163) Using 8 workers of 8 for evacuation
[2020-09-30T09:17:33.114+0000][16584][gc,age       ] GC(163) Desired survivor size 31981568 bytes, new threshold 15 (max threshold 15)
[2020-09-30T09:17:33.119+0000][16584][gc,age       ] GC(163) Age table with threshold 15 (max threshold 15)
[2020-09-30T09:17:33.120+0000][16584][gc,age       ] GC(163) - age   1:    5401824 bytes,    5401824 total
[2020-09-30T09:17:33.120+0000][16584][gc,age       ] GC(163) - age   2:       5296 bytes,    5407120 total
[2020-09-30T09:17:33.120+0000][16584][gc,age       ] GC(163) - age   3:       2832 bytes,    5409952 total
[2020-09-30T09:17:33.120+0000][16584][gc,age       ] GC(163) - age   4:       1624 bytes,    5411576 total
[2020-09-30T09:17:33.120+0000][16584][gc,age       ] GC(163) - age   5:      12096 bytes,    5423672 total
[2020-09-30T09:17:33.120+0000][16584][gc,age       ] GC(163) - age   6:      11896 bytes,    5435568 total
[2020-09-30T09:17:33.120+0000][16584][gc,age       ] GC(163) - age   7:       3304 bytes,    5438872 total
[2020-09-30T09:17:33.120+0000][16584][gc,age       ] GC(163) - age   8:        736 bytes,    5439608 total
[2020-09-30T09:17:33.120+0000][16584][gc,age       ] GC(163) - age   9:       5176 bytes,    5444784 total
[2020-09-30T09:17:33.120+0000][16584][gc,age       ] GC(163) - age  10:      38096 bytes,    5482880 total
[2020-09-30T09:17:33.120+0000][16584][gc,age       ] GC(163) - age  11:       1704 bytes,    5484584 total
[2020-09-30T09:17:33.120+0000][16584][gc,age       ] GC(163) - age  12:       3712 bytes,    5488296 total
[2020-09-30T09:17:33.120+0000][16584][gc,age       ] GC(163) - age  13:        904 bytes,    5489200 total
[2020-09-30T09:17:33.120+0000][16584][gc,age       ] GC(163) - age  14:        464 bytes,    5489664 total
[2020-09-30T09:17:33.120+0000][16584][gc,age       ] GC(163) - age  15:      11352 bytes,    5501016 total
[2020-09-30T09:17:33.120+0000][16584][gc,phases    ] GC(163)   Pre Evacuate Collection Set: 0.6ms
[2020-09-30T09:17:33.120+0000][16584][gc,phases    ] GC(163)   Merge Heap Roots: 0.1ms
[2020-09-30T09:17:33.120+0000][16584][gc,phases    ] GC(163)   Evacuate Collection Set: 3.2ms
[2020-09-30T09:17:33.120+0000][16584][gc,phases    ] GC(163)   Post Evacuate Collection Set: 1.3ms
[2020-09-30T09:17:33.120+0000][16584][gc,phases    ] GC(163)   Other: 1.3ms
[2020-09-30T09:17:33.121+0000][16584][gc,heap      ] GC(163) Eden regions: 75->0(480)
[2020-09-30T09:17:33.121+0000][16584][gc,heap      ] GC(163) Survivor regions: 10->6(61)
[2020-09-30T09:17:33.121+0000][16584][gc,heap      ] GC(163) Old regions: 77->77
[2020-09-30T09:17:33.121+0000][16584][gc,heap      ] GC(163) Archive regions: 0->0
[2020-09-30T09:17:33.121+0000][16584][gc,heap      ] GC(163) Humongous regions: 317->174
[2020-09-30T09:17:33.121+0000][16584][gc,metaspace ] GC(163) Metaspace: 87133K(93184K)->87133K(93184K) NonClass: 75987K(79616K)->75987K(79616K) Class: 11145K(13568K)->11145K(13568K)
[2020-09-30T09:17:33.121+0000][16584][gc           ] GC(163) Pause Young (Concurrent Start) (G1 Humongous Allocation) 477M->256M(1024M) 7.039ms
[2020-09-30T09:17:33.121+0000][16584][gc,cpu       ] GC(163) User=0.00s Sys=0.00s Real=0.01s
[2020-09-30T09:17:33.121+0000][16584][gc           ] GC(164) Concurrent Cycle
[2020-09-30T09:17:33.121+0000][16584][gc,marking   ] GC(164) Concurrent Clear Claimed Marks
[2020-09-30T09:17:33.121+0000][16584][gc,marking   ] GC(164) Concurrent Clear Claimed Marks 0.362ms
[2020-09-30T09:17:33.121+0000][16584][gc,marking   ] GC(164) Concurrent Scan Root Regions
[2020-09-30T09:17:33.123+0000][16584][gc,marking   ] GC(164) Concurrent Scan Root Regions 1.774ms
[2020-09-30T09:17:33.123+0000][16584][gc,marking   ] GC(164) Concurrent Mark (146.980s)
[2020-09-30T09:17:33.123+0000][16584][gc,marking   ] GC(164) Concurrent Mark From Roots
[2020-09-30T09:17:33.123+0000][16584][gc,task      ] GC(164) Using 2 workers of 2 for marking
[2020-09-30T09:17:33.169+0000][16584][safepoint    ] Safepoint "G1TryInitiateConcMark", Time since last: 83015900 ns, Reaching safepoint: 9091700 ns, At safepoint: 55590300 ns, Total: 64682000 ns
[2020-09-30T09:17:33.346+0000][16584][gc,marking   ] GC(164) Concurrent Mark From Roots 222.572ms
[2020-09-30T09:17:33.346+0000][16584][gc,marking   ] GC(164) Concurrent Preclean
[2020-09-30T09:17:33.347+0000][16584][gc,marking   ] GC(164) Concurrent Preclean 0.625ms
[2020-09-30T09:17:33.347+0000][16584][gc,marking   ] GC(164) Concurrent Mark (146.980s, 147.203s) 223.402ms
[2020-09-30T09:17:33.350+0000][16584][gc,start     ] GC(164) Pause Remark
[2020-09-30T09:17:33.357+0000][16584][gc           ] GC(164) Pause Remark 518M->518M(1024M) 6.915ms
[2020-09-30T09:17:33.357+0000][16584][gc,cpu       ] GC(164) User=0.00s Sys=0.00s Real=0.01s
[2020-09-30T09:17:33.358+0000][16584][safepoint    ] Safepoint "G1Concurrent", Time since last: 177509500 ns, Reaching safepoint: 2902400 ns, At safepoint: 8381500 ns, Total: 11283900 ns
[2020-09-30T09:17:33.358+0000][16584][gc,marking   ] GC(164) Concurrent Rebuild Remembered Sets
[2020-09-30T09:17:33.464+0000][16584][gc,marking   ] GC(164) Concurrent Rebuild Remembered Sets 105.727ms
[2020-09-30T09:17:33.466+0000][16584][gc,start     ] GC(164) Pause Cleanup
[2020-09-30T09:17:33.466+0000][16584][gc           ] GC(164) Pause Cleanup 585M->585M(1024M) 0.377ms
[2020-09-30T09:17:33.466+0000][16584][gc,cpu       ] GC(164) User=0.00s Sys=0.00s Real=0.00s
[2020-09-30T09:17:33.466+0000][16584][safepoint    ] Safepoint "G1Concurrent", Time since last: 105987900 ns, Reaching safepoint: 1557600 ns, At safepoint: 631700 ns, Total: 2189300 ns
[2020-09-30T09:17:33.466+0000][16584][gc,marking   ] GC(164) Concurrent Cleanup for Next Mark
[2020-09-30T09:17:33.468+0000][16584][gc,marking   ] GC(164) Concurrent Cleanup for Next Mark 1.879ms
[2020-09-30T09:17:33.468+0000][16584][gc           ] GC(164) Concurrent Cycle 347.417ms
[2020-09-30T09:17:33.600+0000][16584][gc,start     ] GC(165) Pause Young (Concurrent Start) (G1 Humongous Allocation)
[2020-09-30T09:17:33.600+0000][16584][gc,task      ] GC(165) Using 8 workers of 8 for evacuation
[2020-09-30T09:17:33.600+0000][16584][gc,age       ] GC(165) Desired survivor size 31981568 bytes, new threshold 15 (max threshold 15)
[2020-09-30T09:17:33.605+0000][16584][gc,age       ] GC(165) Age table with threshold 15 (max threshold 15)
[2020-09-30T09:17:33.605+0000][16584][gc,age       ] GC(165) - age   1:    2616888 bytes,    2616888 total
[2020-09-30T09:17:33.605+0000][16584][gc,age       ] GC(165) - age   2:       1496 bytes,    2618384 total
[2020-09-30T09:17:33.605+0000][16584][gc,age       ] GC(165) - age   3:       3592 bytes,    2621976 total
[2020-09-30T09:17:33.605+0000][16584][gc,age       ] GC(165) - age   4:       1736 bytes,    2623712 total
[2020-09-30T09:17:33.605+0000][16584][gc,age       ] GC(165) - age   5:       1624 bytes,    2625336 total
[2020-09-30T09:17:33.605+0000][16584][gc,age       ] GC(165) - age   6:      12096 bytes,    2637432 total
[2020-09-30T09:17:33.605+0000][16584][gc,age       ] GC(165) - age   7:      11832 bytes,    2649264 total
[2020-09-30T09:17:33.605+0000][16584][gc,age       ] GC(165) - age   8:       3304 bytes,    2652568 total
[2020-09-30T09:17:33.605+0000][16584][gc,age       ] GC(165) - age   9:        736 bytes,    2653304 total
[2020-09-30T09:17:33.605+0000][16584][gc,age       ] GC(165) - age  10:       4984 bytes,    2658288 total
[2020-09-30T09:17:33.606+0000][16584][gc,age       ] GC(165) - age  11:      38096 bytes,    2696384 total
[2020-09-30T09:17:33.606+0000][16584][gc,age       ] GC(165) - age  12:       1704 bytes,    2698088 total
[2020-09-30T09:17:33.606+0000][16584][gc,age       ] GC(165) - age  13:       3712 bytes,    2701800 total
[2020-09-30T09:17:33.606+0000][16584][gc,age       ] GC(165) - age  14:        904 bytes,    2702704 total
[2020-09-30T09:17:33.606+0000][16584][gc,age       ] GC(165) - age  15:        464 bytes,    2703168 total
[2020-09-30T09:17:33.606+0000][16584][gc,phases    ] GC(165)   Pre Evacuate Collection Set: 0.5ms
[2020-09-30T09:17:33.606+0000][16584][gc,phases    ] GC(165)   Merge Heap Roots: 0.1ms
[2020-09-30T09:17:33.606+0000][16584][gc,phases    ] GC(165)   Evacuate Collection Set: 2.4ms
[2020-09-30T09:17:33.606+0000][16584][gc,phases    ] GC(165)   Post Evacuate Collection Set: 1.5ms
[2020-09-30T09:17:33.606+0000][16584][gc,phases    ] GC(165)   Other: 1.5ms
[2020-09-30T09:17:33.606+0000][16584][gc,heap      ] GC(165) Eden regions: 96->0(487)
[2020-09-30T09:17:33.606+0000][16584][gc,heap      ] GC(165) Survivor regions: 6->4(61)
[2020-09-30T09:17:33.606+0000][16584][gc,heap      ] GC(165) Old regions: 77->77
[2020-09-30T09:17:33.606+0000][16584][gc,heap      ] GC(165) Archive regions: 0->0
[2020-09-30T09:17:33.606+0000][16584][gc,heap      ] GC(165) Humongous regions: 430->174
[2020-09-30T09:17:33.606+0000][16584][gc,metaspace ] GC(165) Metaspace: 87139K(93184K)->87139K(93184K) NonClass: 75993K(79616K)->75993K(79616K) Class: 11145K(13568K)->11145K(13568K)
[2020-09-30T09:17:33.607+0000][16584][gc           ] GC(165) Pause Young (Concurrent Start) (G1 Humongous Allocation) 608M->253M(1024M) 6.489ms
[2020-09-30T09:17:33.607+0000][16584][gc,cpu       ] GC(165) User=0.00s Sys=0.00s Real=0.01s
[2020-09-30T09:17:33.607+0000][16584][gc           ] GC(166) Concurrent Cycle
[2020-09-30T09:17:33.607+0000][16584][safepoint    ] Safepoint "G1TryInitiateConcMark", Time since last: 133541800 ns, Reaching safepoint: 166400 ns, At safepoint: 6762300 ns, Total: 6928700 ns
[2020-09-30T09:17:33.607+0000][16584][gc,marking   ] GC(166) Concurrent Clear Claimed Marks
[2020-09-30T09:17:33.607+0000][16584][gc,marking   ] GC(166) Concurrent Clear Claimed Marks 0.454ms
[2020-09-30T09:17:33.607+0000][16584][gc,marking   ] GC(166) Concurrent Scan Root Regions
[2020-09-30T09:17:33.609+0000][16584][gc,marking   ] GC(166) Concurrent Scan Root Regions 1.779ms
[2020-09-30T09:17:33.609+0000][16584][gc,marking   ] GC(166) Concurrent Mark (147.466s)
[2020-09-30T09:17:33.609+0000][16584][gc,marking   ] GC(166) Concurrent Mark From Roots
[2020-09-30T09:17:33.609+0000][16584][gc,task      ] GC(166) Using 2 workers of 2 for marking
[2020-09-30T09:17:33.784+0000][16584][gc,marking   ] GC(166) Concurrent Mark From Roots 174.947ms
[2020-09-30T09:17:33.784+0000][16584][gc,marking   ] GC(166) Concurrent Preclean
[2020-09-30T09:17:33.785+0000][16584][gc,marking   ] GC(166) Concurrent Preclean 0.587ms
[2020-09-30T09:17:33.785+0000][16584][gc,marking   ] GC(166) Concurrent Mark (147.466s, 147.642s) 175.761ms
[2020-09-30T09:17:33.785+0000][16584][gc,start     ] GC(166) Pause Remark
[2020-09-30T09:17:33.792+0000][16584][gc           ] GC(166) Pause Remark 378M->378M(1024M) 6.593ms
[2020-09-30T09:17:33.792+0000][16584][gc,cpu       ] GC(166) User=0.00s Sys=0.00s Real=0.01s
[2020-09-30T09:17:33.794+0000][16584][safepoint    ] Safepoint "G1Concurrent", Time since last: 178320200 ns, Reaching safepoint: 207100 ns, At safepoint: 8849300 ns, Total: 9056400 ns
[2020-09-30T09:17:33.794+0000][16584][gc,marking   ] GC(166) Concurrent Rebuild Remembered Sets
[2020-09-30T09:17:33.897+0000][16584][gc,marking   ] GC(166) Concurrent Rebuild Remembered Sets 102.915ms
[2020-09-30T09:17:33.898+0000][16584][gc,start     ] GC(166) Pause Cleanup
[2020-09-30T09:17:33.898+0000][16584][gc           ] GC(166) Pause Cleanup 389M->389M(1024M) 0.462ms
[2020-09-30T09:17:33.898+0000][16584][gc,cpu       ] GC(166) User=0.00s Sys=0.00s Real=0.00s
[2020-09-30T09:17:33.898+0000][16584][safepoint    ] Safepoint "G1Concurrent", Time since last: 103226800 ns, Reaching safepoint: 200300 ns, At safepoint: 679200 ns, Total: 879500 ns
[2020-09-30T09:17:33.898+0000][16584][gc,marking   ] GC(166) Concurrent Cleanup for Next Mark
[2020-09-30T09:17:33.900+0000][16584][gc,marking   ] GC(166) Concurrent Cleanup for Next Mark 1.962ms
[2020-09-30T09:17:33.900+0000][16584][gc           ] GC(166) Concurrent Cycle 293.729ms
[2020-09-30T09:17:33.920+0000][16584][gc,start     ] GC(167) Pause Young (Concurrent Start) (G1 Humongous Allocation)
[2020-09-30T09:17:33.920+0000][16584][gc,task      ] GC(167) Using 8 workers of 8 for evacuation
[2020-09-30T09:17:33.920+0000][16584][gc,age       ] GC(167) Desired survivor size 32505856 bytes, new threshold 15 (max threshold 15)
[2020-09-30T09:17:33.924+0000][16584][gc,age       ] GC(167) Age table with threshold 15 (max threshold 15)
[2020-09-30T09:17:33.924+0000][16584][gc,age       ] GC(167) - age   1:    2624096 bytes,    2624096 total
[2020-09-30T09:17:33.925+0000][16584][gc,age       ] GC(167) - age   2:      14432 bytes,    2638528 total
[2020-09-30T09:17:33.925+0000][16584][gc,age       ] GC(167) - age   3:        896 bytes,    2639424 total
[2020-09-30T09:17:33.925+0000][16584][gc,age       ] GC(167) - age   4:       3128 bytes,    2642552 total
[2020-09-30T09:17:33.925+0000][16584][gc,age       ] GC(167) - age   5:       1736 bytes,    2644288 total
[2020-09-30T09:17:33.925+0000][16584][gc,age       ] GC(167) - age   6:       1624 bytes,    2645912 total
[2020-09-30T09:17:33.925+0000][16584][gc,age       ] GC(167) - age   7:      12056 bytes,    2657968 total
[2020-09-30T09:17:33.925+0000][16584][gc,age       ] GC(167) - age   8:      11672 bytes,    2669640 total
[2020-09-30T09:17:33.925+0000][16584][gc,age       ] GC(167) - age   9:       3208 bytes,    2672848 total
[2020-09-30T09:17:33.925+0000][16584][gc,age       ] GC(167) - age  10:        736 bytes,    2673584 total
[2020-09-30T09:17:33.925+0000][16584][gc,age       ] GC(167) - age  11:       4984 bytes,    2678568 total
[2020-09-30T09:17:33.925+0000][16584][gc,age       ] GC(167) - age  12:      37968 bytes,    2716536 total
[2020-09-30T09:17:33.925+0000][16584][gc,age       ] GC(167) - age  13:       1640 bytes,    2718176 total
[2020-09-30T09:17:33.925+0000][16584][gc,age       ] GC(167) - age  14:       3712 bytes,    2721888 total
[2020-09-30T09:17:33.925+0000][16584][gc,age       ] GC(167) - age  15:        840 bytes,    2722728 total
[2020-09-30T09:17:33.925+0000][16584][gc,phases    ] GC(167)   Pre Evacuate Collection Set: 0.5ms
[2020-09-30T09:17:33.925+0000][16584][gc,phases    ] GC(167)   Merge Heap Roots: 0.1ms
[2020-09-30T09:17:33.925+0000][16584][gc,phases    ] GC(167)   Evacuate Collection Set: 2.2ms
[2020-09-30T09:17:33.925+0000][16584][gc,phases    ] GC(167)   Post Evacuate Collection Set: 0.8ms
[2020-09-30T09:17:33.926+0000][16584][gc,phases    ] GC(167)   Other: 1.5ms
[2020-09-30T09:17:33.926+0000][16584][gc,heap      ] GC(167) Eden regions: 45->0(492)
[2020-09-30T09:17:33.926+0000][16584][gc,heap      ] GC(167) Survivor regions: 4->3(62)
[2020-09-30T09:17:33.926+0000][16584][gc,heap      ] GC(167) Old regions: 77->77
[2020-09-30T09:17:33.926+0000][16584][gc,heap      ] GC(167) Archive regions: 0->0
[2020-09-30T09:17:33.926+0000][16584][gc,heap      ] GC(167) Humongous regions: 270->174
[2020-09-30T09:17:33.926+0000][16584][gc,metaspace ] GC(167) Metaspace: 87152K(93184K)->87152K(93184K) NonClass: 76006K(79616K)->76006K(79616K) Class: 11145K(13568K)->11145K(13568K)
[2020-09-30T09:17:33.926+0000][16584][gc           ] GC(167) Pause Young (Concurrent Start) (G1 Humongous Allocation) 394M->253M(1024M) 5.619ms
[2020-09-30T09:17:33.926+0000][16584][gc,cpu       ] GC(167) User=0.03s Sys=0.00s Real=0.01s
[2020-09-30T09:17:33.926+0000][16584][safepoint    ] Safepoint "G1TryInitiateConcMark", Time since last: 21761200 ns, Reaching safepoint: 172400 ns, At safepoint: 5875400 ns, Total: 6047800 ns
[2020-09-30T09:17:33.926+0000][16584][gc           ] GC(168) Concurrent Cycle
[2020-09-30T09:17:33.926+0000][16584][gc,marking   ] GC(168) Concurrent Clear Claimed Marks
[2020-09-30T09:17:33.927+0000][16584][gc,marking   ] GC(168) Concurrent Clear Claimed Marks 0.414ms
[2020-09-30T09:17:33.927+0000][16584][gc,marking   ] GC(168) Concurrent Scan Root Regions
[2020-09-30T09:17:33.928+0000][16584][gc,marking   ] GC(168) Concurrent Scan Root Regions 1.709ms
[2020-09-30T09:17:33.928+0000][16584][gc,marking   ] GC(168) Concurrent Mark (147.785s)
[2020-09-30T09:17:33.929+0000][16584][gc,marking   ] GC(168) Concurrent Mark From Roots
[2020-09-30T09:17:33.929+0000][16584][gc,task      ] GC(168) Using 2 workers of 2 for marking
[2020-09-30T09:17:34.098+0000][16584][gc,marking   ] GC(168) Concurrent Mark From Roots 169.874ms
[2020-09-30T09:17:34.098+0000][16584][gc,marking   ] GC(168) Concurrent Preclean
[2020-09-30T09:17:34.099+0000][16584][gc,marking   ] GC(168) Concurrent Preclean 0.838ms
[2020-09-30T09:17:34.099+0000][16584][gc,marking   ] GC(168) Concurrent Mark (147.785s, 147.956s) 171.075ms
[2020-09-30T09:17:34.099+0000][16584][gc,start     ] GC(168) Pause Remark
[2020-09-30T09:17:34.107+0000][16584][gc           ] GC(168) Pause Remark 383M->383M(1024M) 7.567ms
[2020-09-30T09:17:34.107+0000][16584][gc,cpu       ] GC(168) User=0.00s Sys=0.00s Real=0.01s
[2020-09-30T09:17:34.107+0000][16584][safepoint    ] Safepoint "G1Concurrent", Time since last: 173661200 ns, Reaching safepoint: 193700 ns, At safepoint: 7875600 ns, Total: 8069300 ns
[2020-09-30T09:17:34.107+0000][16584][gc,marking   ] GC(168) Concurrent Rebuild Remembered Sets
[2020-09-30T09:17:34.213+0000][16584][gc,marking   ] GC(168) Concurrent Rebuild Remembered Sets 106.035ms
[2020-09-30T09:17:34.214+0000][16584][gc,start     ] GC(168) Pause Cleanup
[2020-09-30T09:17:34.214+0000][16584][gc           ] GC(168) Pause Cleanup 451M->451M(1024M) 0.294ms
[2020-09-30T09:17:34.214+0000][16584][gc,cpu       ] GC(168) User=0.00s Sys=0.00s Real=0.00s
[2020-09-30T09:17:34.214+0000][16584][safepoint    ] Safepoint "G1Concurrent", Time since last: 106286600 ns, Reaching safepoint: 236900 ns, At safepoint: 476000 ns, Total: 712900 ns
[2020-09-30T09:17:34.214+0000][16584][gc,marking   ] GC(168) Concurrent Cleanup for Next Mark
[2020-09-30T09:17:34.216+0000][16584][gc,marking   ] GC(168) Concurrent Cleanup for Next Mark 1.668ms
[2020-09-30T09:17:34.216+0000][16584][gc           ] GC(168) Concurrent Cycle 290.550ms
[2020-09-30T09:17:34.239+0000][16584][gc,start     ] GC(169) Pause Young (Concurrent Start) (G1 Humongous Allocation)
[2020-09-30T09:17:34.239+0000][16584][gc,task      ] GC(169) Using 8 workers of 8 for evacuation
[2020-09-30T09:17:34.239+0000][16584][gc,age       ] GC(169) Desired survivor size 32505856 bytes, new threshold 15 (max threshold 15)
[2020-09-30T09:17:34.243+0000][16584][gc,age       ] GC(169) Age table with threshold 15 (max threshold 15)
[2020-09-30T09:17:34.243+0000][16584][gc,age       ] GC(169) - age   1:    3040544 bytes,    3040544 total
[2020-09-30T09:17:34.243+0000][16584][gc,age       ] GC(169) - age   2:      16480 bytes,    3057024 total
[2020-09-30T09:17:34.243+0000][16584][gc,age       ] GC(169) - age   3:       9800 bytes,    3066824 total
[2020-09-30T09:17:34.243+0000][16584][gc,age       ] GC(169) - age   4:        624 bytes,    3067448 total
[2020-09-30T09:17:34.243+0000][16584][gc,age       ] GC(169) - age   5:       3096 bytes,    3070544 total
[2020-09-30T09:17:34.243+0000][16584][gc,age       ] GC(169) - age   6:       1736 bytes,    3072280 total
[2020-09-30T09:17:34.243+0000][16584][gc,age       ] GC(169) - age   7:       1624 bytes,    3073904 total
[2020-09-30T09:17:34.243+0000][16584][gc,age       ] GC(169) - age   8:      12056 bytes,    3085960 total
[2020-09-30T09:17:34.243+0000][16584][gc,age       ] GC(169) - age   9:      11448 bytes,    3097408 total
[2020-09-30T09:17:34.243+0000][16584][gc,age       ] GC(169) - age  10:       2888 bytes,    3100296 total
[2020-09-30T09:17:34.243+0000][16584][gc,age       ] GC(169) - age  11:        736 bytes,    3101032 total
[2020-09-30T09:17:34.243+0000][16584][gc,age       ] GC(169) - age  12:       4984 bytes,    3106016 total
[2020-09-30T09:17:34.243+0000][16584][gc,age       ] GC(169) - age  13:      37904 bytes,    3143920 total
[2020-09-30T09:17:34.243+0000][16584][gc,age       ] GC(169) - age  14:       1384 bytes,    3145304 total
[2020-09-30T09:17:34.243+0000][16584][gc,age       ] GC(169) - age  15:       3472 bytes,    3148776 total
[2020-09-30T09:17:34.244+0000][16584][gc,phases    ] GC(169)   Pre Evacuate Collection Set: 0.5ms
[2020-09-30T09:17:34.244+0000][16584][gc,phases    ] GC(169)   Merge Heap Roots: 0.1ms
[2020-09-30T09:17:34.244+0000][16584][gc,phases    ] GC(169)   Evacuate Collection Set: 2.0ms
[2020-09-30T09:17:34.244+0000][16584][gc,phases    ] GC(169)   Post Evacuate Collection Set: 0.9ms
[2020-09-30T09:17:34.244+0000][16584][gc,phases    ] GC(169)   Other: 1.2ms
[2020-09-30T09:17:34.244+0000][16584][gc,heap      ] GC(169) Eden regions: 63->0(494)
[2020-09-30T09:17:34.244+0000][16584][gc,heap      ] GC(169) Survivor regions: 3->4(62)
[2020-09-30T09:17:34.244+0000][16584][gc,heap      ] GC(169) Old regions: 77->77
[2020-09-30T09:17:34.244+0000][16584][gc,heap      ] GC(169) Archive regions: 0->0
[2020-09-30T09:17:34.244+0000][16584][gc,heap      ] GC(169) Humongous regions: 318->174
[2020-09-30T09:17:34.244+0000][16584][gc,metaspace ] GC(169) Metaspace: 87175K(93184K)->87175K(93184K) NonClass: 76029K(79616K)->76029K(79616K) Class: 11145K(13568K)->11145K(13568K)
[2020-09-30T09:17:34.244+0000][16584][gc           ] GC(169) Pause Young (Concurrent Start) (G1 Humongous Allocation) 459M->253M(1024M) 5.110ms
[2020-09-30T09:17:34.244+0000][16584][gc,cpu       ] GC(169) User=0.00s Sys=0.00s Real=0.00s
[2020-09-30T09:17:34.244+0000][16584][gc           ] GC(170) Concurrent Cycle
[2020-09-30T09:17:34.244+0000][16584][safepoint    ] Safepoint "G1TryInitiateConcMark", Time since last: 24456700 ns, Reaching safepoint: 151700 ns, At safepoint: 5349000 ns, Total: 5500700 ns
[2020-09-30T09:17:34.244+0000][16584][gc,marking   ] GC(170) Concurrent Clear Claimed Marks
[2020-09-30T09:17:34.245+0000][16584][gc,marking   ] GC(170) Concurrent Clear Claimed Marks 0.499ms
[2020-09-30T09:17:34.245+0000][16584][gc,marking   ] GC(170) Concurrent Scan Root Regions
[2020-09-30T09:17:34.247+0000][16584][gc,marking   ] GC(170) Concurrent Scan Root Regions 2.099ms
[2020-09-30T09:17:34.247+0000][16584][gc,marking   ] GC(170) Concurrent Mark (148.104s)
[2020-09-30T09:17:34.247+0000][16584][gc,marking   ] GC(170) Concurrent Mark From Roots
[2020-09-30T09:17:34.247+0000][16584][gc,task      ] GC(170) Using 2 workers of 2 for marking
[2020-09-30T09:17:34.417+0000][16584][gc,marking   ] GC(170) Concurrent Mark From Roots 169.857ms
[2020-09-30T09:17:34.417+0000][16584][gc,marking   ] GC(170) Concurrent Preclean
[2020-09-30T09:17:34.418+0000][16584][gc,marking   ] GC(170) Concurrent Preclean 0.556ms
[2020-09-30T09:17:34.418+0000][16584][gc,marking   ] GC(170) Concurrent Mark (148.104s, 148.275s) 170.661ms
[2020-09-30T09:17:34.418+0000][16584][gc,start     ] GC(170) Pause Remark
[2020-09-30T09:17:34.427+0000][16584][gc           ] GC(170) Pause Remark 437M->437M(1024M) 9.044ms
[2020-09-30T09:17:34.427+0000][16584][gc,cpu       ] GC(170) User=0.08s Sys=0.00s Real=0.01s
[2020-09-30T09:17:34.431+0000][16584][safepoint    ] Safepoint "G1Concurrent", Time since last: 173621800 ns, Reaching safepoint: 177500 ns, At safepoint: 12653300 ns, Total: 12830800 ns
[2020-09-30T09:17:34.431+0000][16584][gc,marking   ] GC(170) Concurrent Rebuild Remembered Sets
[2020-09-30T09:17:34.528+0000][16584][gc,marking   ] GC(170) Concurrent Rebuild Remembered Sets 97.011ms
[2020-09-30T09:17:34.528+0000][16584][gc,start     ] GC(170) Pause Cleanup
[2020-09-30T09:17:34.529+0000][16584][gc           ] GC(170) Pause Cleanup 465M->465M(1024M) 0.379ms
[2020-09-30T09:17:34.529+0000][16584][gc,cpu       ] GC(170) User=0.00s Sys=0.00s Real=0.00s
[2020-09-30T09:17:34.529+0000][16584][safepoint    ] Safepoint "G1Concurrent", Time since last: 97264500 ns, Reaching safepoint: 182600 ns, At safepoint: 628900 ns, Total: 811500 ns
[2020-09-30T09:17:34.529+0000][16584][gc,marking   ] GC(170) Concurrent Cleanup for Next Mark
[2020-09-30T09:17:34.531+0000][16584][gc,marking   ] GC(170) Concurrent Cleanup for Next Mark 2.389ms
[2020-09-30T09:17:34.531+0000][16584][gc           ] GC(170) Concurrent Cycle 287.242ms
[2020-09-30T09:17:34.532+0000][16584][gc,start     ] GC(171) Pause Young (Concurrent Start) (G1 Humongous Allocation)
[2020-09-30T09:17:34.532+0000][16584][gc,task      ] GC(171) Using 8 workers of 8 for evacuation
[2020-09-30T09:17:34.533+0000][16584][gc,age       ] GC(171) Desired survivor size 33030144 bytes, new threshold 15 (max threshold 15)
[2020-09-30T09:17:34.536+0000][16584][gc,age       ] GC(171) Age table with threshold 15 (max threshold 15)
[2020-09-30T09:17:34.536+0000][16584][gc,age       ] GC(171) - age   1:    4877440 bytes,    4877440 total
[2020-09-30T09:17:34.536+0000][16584][gc,age       ] GC(171) - age   2:      14648 bytes,    4892088 total
[2020-09-30T09:17:34.536+0000][16584][gc,age       ] GC(171) - age   3:      15008 bytes,    4907096 total
[2020-09-30T09:17:34.536+0000][16584][gc,age       ] GC(171) - age   4:       5128 bytes,    4912224 total
[2020-09-30T09:17:34.536+0000][16584][gc,age       ] GC(171) - age   5:        464 bytes,    4912688 total
[2020-09-30T09:17:34.537+0000][16584][gc,age       ] GC(171) - age   6:       3096 bytes,    4915784 total
[2020-09-30T09:17:34.537+0000][16584][gc,age       ] GC(171) - age   7:       1736 bytes,    4917520 total
[2020-09-30T09:17:34.537+0000][16584][gc,age       ] GC(171) - age   8:       1624 bytes,    4919144 total
[2020-09-30T09:17:34.537+0000][16584][gc,age       ] GC(171) - age   9:      12056 bytes,    4931200 total
[2020-09-30T09:17:34.537+0000][16584][gc,age       ] GC(171) - age  10:      11256 bytes,    4942456 total
[2020-09-30T09:17:34.537+0000][16584][gc,age       ] GC(171) - age  11:       2888 bytes,    4945344 total
[2020-09-30T09:17:34.537+0000][16584][gc,age       ] GC(171) - age  12:        736 bytes,    4946080 total
[2020-09-30T09:17:34.537+0000][16584][gc,age       ] GC(171) - age  13:       4984 bytes,    4951064 total
[2020-09-30T09:17:34.537+0000][16584][gc,age       ] GC(171) - age  14:      37904 bytes,    4988968 total
[2020-09-30T09:17:34.537+0000][16584][gc,age       ] GC(171) - age  15:       1384 bytes,    4990352 total
[2020-09-30T09:17:34.537+0000][16584][gc,phases    ] GC(171)   Pre Evacuate Collection Set: 0.5ms
[2020-09-30T09:17:34.537+0000][16584][gc,phases    ] GC(171)   Merge Heap Roots: 0.1ms
[2020-09-30T09:17:34.537+0000][16584][gc,phases    ] GC(171)   Evacuate Collection Set: 2.5ms
[2020-09-30T09:17:34.537+0000][16584][gc,phases    ] GC(171)   Post Evacuate Collection Set: 1.0ms
[2020-09-30T09:17:34.537+0000][16584][gc,phases    ] GC(171)   Other: 1.4ms
[2020-09-30T09:17:34.538+0000][16584][gc,heap      ] GC(171) Eden regions: 69->0(494)
[2020-09-30T09:17:34.538+0000][16584][gc,heap      ] GC(171) Survivor regions: 4->5(63)
[2020-09-30T09:17:34.538+0000][16584][gc,heap      ] GC(171) Old regions: 77->77
[2020-09-30T09:17:34.538+0000][16584][gc,heap      ] GC(171) Archive regions: 0->0
[2020-09-30T09:17:34.538+0000][16584][gc,heap      ] GC(171) Humongous regions: 334->174
[2020-09-30T09:17:34.538+0000][16584][gc,metaspace ] GC(171) Metaspace: 87192K(93184K)->87192K(93184K) NonClass: 76046K(79616K)->76046K(79616K) Class: 11145K(13568K)->11145K(13568K)
[2020-09-30T09:17:34.538+0000][16584][gc           ] GC(171) Pause Young (Concurrent Start) (G1 Humongous Allocation) 482M->255M(1024M) 5.989ms
[2020-09-30T09:17:34.538+0000][16584][gc,cpu       ] GC(171) User=0.00s Sys=0.00s Real=0.01s
[2020-09-30T09:17:34.538+0000][16584][gc           ] GC(172) Concurrent Cycle
[2020-09-30T09:17:34.538+0000][16584][safepoint    ] Safepoint "G1TryInitiateConcMark", Time since last: 2788800 ns, Reaching safepoint: 234600 ns, At safepoint: 6232000 ns, Total: 6466600 ns
[2020-09-30T09:17:34.538+0000][16584][gc,marking   ] GC(172) Concurrent Clear Claimed Marks
[2020-09-30T09:17:34.539+0000][16584][gc,marking   ] GC(172) Concurrent Clear Claimed Marks 0.497ms
[2020-09-30T09:17:34.539+0000][16584][gc,marking   ] GC(172) Concurrent Scan Root Regions
[2020-09-30T09:17:34.541+0000][16584][gc,marking   ] GC(172) Concurrent Scan Root Regions 2.759ms
[2020-09-30T09:17:34.541+0000][16584][gc,marking   ] GC(172) Concurrent Mark (148.399s)
[2020-09-30T09:17:34.542+0000][16584][gc,marking   ] GC(172) Concurrent Mark From Roots
[2020-09-30T09:17:34.542+0000][16584][gc,task      ] GC(172) Using 2 workers of 2 for marking
[2020-09-30T09:17:34.714+0000][16584][gc,marking   ] GC(172) Concurrent Mark From Roots 172.067ms
[2020-09-30T09:17:34.714+0000][16584][gc,marking   ] GC(172) Concurrent Preclean
[2020-09-30T09:17:34.715+0000][16584][gc,marking   ] GC(172) Concurrent Preclean 0.642ms
[2020-09-30T09:17:34.715+0000][16584][gc,marking   ] GC(172) Concurrent Mark (148.399s, 148.572s) 172.949ms
[2020-09-30T09:17:34.715+0000][16584][gc,start     ] GC(172) Pause Remark
[2020-09-30T09:17:34.722+0000][16584][gc           ] GC(172) Pause Remark 499M->499M(1024M) 6.767ms
[2020-09-30T09:17:34.722+0000][16584][gc,cpu       ] GC(172) User=0.09s Sys=0.02s Real=0.01s
[2020-09-30T09:17:34.723+0000][16584][safepoint    ] Safepoint "G1Concurrent", Time since last: 176519300 ns, Reaching safepoint: 217200 ns, At safepoint: 7439200 ns, Total: 7656400 ns
[2020-09-30T09:17:34.723+0000][16584][gc,marking   ] GC(172) Concurrent Rebuild Remembered Sets
[2020-09-30T09:17:34.822+0000][16584][gc,marking   ] GC(172) Concurrent Rebuild Remembered Sets 99.392ms
[2020-09-30T09:17:34.823+0000][16584][gc,start     ] GC(172) Pause Cleanup
[2020-09-30T09:17:34.823+0000][16584][gc           ] GC(172) Pause Cleanup 640M->640M(1024M) 0.438ms
[2020-09-30T09:17:34.823+0000][16584][gc,cpu       ] GC(172) User=0.00s Sys=0.00s Real=0.00s
[2020-09-30T09:17:34.824+0000][16584][safepoint    ] Safepoint "G1Concurrent", Time since last: 99704000 ns, Reaching safepoint: 328400 ns, At safepoint: 916100 ns, Total: 1244500 ns
[2020-09-30T09:17:34.824+0000][16584][gc,marking   ] GC(172) Concurrent Cleanup for Next Mark
[2020-09-30T09:17:34.826+0000][16584][gc,marking   ] GC(172) Concurrent Cleanup for Next Mark 2.336ms
[2020-09-30T09:17:34.826+0000][16584][gc           ] GC(172) Concurrent Cycle 287.734ms
[2020-09-30T09:17:34.827+0000][16584][gc,start     ] GC(173) Pause Young (Concurrent Start) (G1 Humongous Allocation)
[2020-09-30T09:17:34.827+0000][16584][gc,task      ] GC(173) Using 8 workers of 8 for evacuation
[2020-09-30T09:17:34.827+0000][16584][gc,age       ] GC(173) Desired survivor size 33030144 bytes, new threshold 15 (max threshold 15)
[2020-09-30T09:17:34.831+0000][16584][gc,age       ] GC(173) Age table with threshold 15 (max threshold 15)
[2020-09-30T09:17:34.831+0000][16584][gc,age       ] GC(173) - age   1:    6352096 bytes,    6352096 total
[2020-09-30T09:17:34.832+0000][16584][gc,age       ] GC(173) - age   2:      15472 bytes,    6367568 total
[2020-09-30T09:17:34.832+0000][16584][gc,age       ] GC(173) - age   3:      14128 bytes,    6381696 total
[2020-09-30T09:17:34.832+0000][16584][gc,age       ] GC(173) - age   4:      14192 bytes,    6395888 total
[2020-09-30T09:17:34.832+0000][16584][gc,age       ] GC(173) - age   5:       3744 bytes,    6399632 total
[2020-09-30T09:17:34.832+0000][16584][gc,age       ] GC(173) - age   6:        464 bytes,    6400096 total
[2020-09-30T09:17:34.832+0000][16584][gc,age       ] GC(173) - age   7:       3096 bytes,    6403192 total
[2020-09-30T09:17:34.832+0000][16584][gc,age       ] GC(173) - age   8:       1736 bytes,    6404928 total
[2020-09-30T09:17:34.832+0000][16584][gc,age       ] GC(173) - age   9:       1560 bytes,    6406488 total
[2020-09-30T09:17:34.832+0000][16584][gc,age       ] GC(173) - age  10:      12056 bytes,    6418544 total
[2020-09-30T09:17:34.832+0000][16584][gc,age       ] GC(173) - age  11:      11192 bytes,    6429736 total
[2020-09-30T09:17:34.832+0000][16584][gc,age       ] GC(173) - age  12:       2888 bytes,    6432624 total
[2020-09-30T09:17:34.832+0000][16584][gc,age       ] GC(173) - age  13:        736 bytes,    6433360 total
[2020-09-30T09:17:34.832+0000][16584][gc,age       ] GC(173) - age  14:       4984 bytes,    6438344 total
[2020-09-30T09:17:34.832+0000][16584][gc,age       ] GC(173) - age  15:      37904 bytes,    6476248 total
[2020-09-30T09:17:34.832+0000][16584][gc,phases    ] GC(173)   Pre Evacuate Collection Set: 0.5ms
[2020-09-30T09:17:34.832+0000][16584][gc,phases    ] GC(173)   Merge Heap Roots: 0.1ms
[2020-09-30T09:17:34.832+0000][16584][gc,phases    ] GC(173)   Evacuate Collection Set: 2.6ms
[2020-09-30T09:17:34.832+0000][16584][gc,phases    ] GC(173)   Post Evacuate Collection Set: 1.2ms
[2020-09-30T09:17:34.832+0000][16584][gc,phases    ] GC(173)   Other: 1.1ms
[2020-09-30T09:17:34.832+0000][16584][gc,heap      ] GC(173) Eden regions: 99->0(483)
[2020-09-30T09:17:34.832+0000][16584][gc,heap      ] GC(173) Survivor regions: 5->7(63)
[2020-09-30T09:17:34.832+0000][16584][gc,heap      ] GC(173) Old regions: 77->77
[2020-09-30T09:17:34.832+0000][16584][gc,heap      ] GC(173) Archive regions: 0->0
[2020-09-30T09:17:34.832+0000][16584][gc,heap      ] GC(173) Humongous regions: 474->174
[2020-09-30T09:17:34.832+0000][16584][gc,metaspace ] GC(173) Metaspace: 87211K(93184K)->87211K(93184K) NonClass: 76065K(79616K)->76065K(79616K) Class: 11145K(13568K)->11145K(13568K)
[2020-09-30T09:17:34.832+0000][16584][gc           ] GC(173) Pause Young (Concurrent Start) (G1 Humongous Allocation) 653M->256M(1024M) 5.902ms
[2020-09-30T09:17:34.833+0000][16584][gc,cpu       ] GC(173) User=0.00s Sys=0.00s Real=0.01s
[2020-09-30T09:17:34.833+0000][16584][gc           ] GC(174) Concurrent Cycle
[2020-09-30T09:17:34.833+0000][16584][gc,marking   ] GC(174) Concurrent Clear Claimed Marks
[2020-09-30T09:17:34.833+0000][16584][safepoint    ] Safepoint "G1TryInitiateConcMark", Time since last: 2722100 ns, Reaching safepoint: 245100 ns, At safepoint: 6303100 ns, Total: 6548200 ns
[2020-09-30T09:17:34.833+0000][16584][gc,marking   ] GC(174) Concurrent Clear Claimed Marks 0.361ms
[2020-09-30T09:17:34.833+0000][16584][gc,marking   ] GC(174) Concurrent Scan Root Regions
[2020-09-30T09:17:34.836+0000][16584][gc,marking   ] GC(174) Concurrent Scan Root Regions 2.961ms
[2020-09-30T09:17:34.836+0000][16584][gc,marking   ] GC(174) Concurrent Mark (148.693s)
[2020-09-30T09:17:34.836+0000][16584][gc,marking   ] GC(174) Concurrent Mark From Roots
[2020-09-30T09:17:34.836+0000][16584][gc,task      ] GC(174) Using 2 workers of 2 for marking
[2020-09-30T09:17:35.008+0000][16584][gc,marking   ] GC(174) Concurrent Mark From Roots 171.653ms
[2020-09-30T09:17:35.008+0000][16584][gc,marking   ] GC(174) Concurrent Preclean
[2020-09-30T09:17:35.009+0000][16584][gc,marking   ] GC(174) Concurrent Preclean 0.576ms
[2020-09-30T09:17:35.009+0000][16584][gc,marking   ] GC(174) Concurrent Mark (148.693s, 148.865s) 172.511ms
[2020-09-30T09:17:35.009+0000][16584][gc,start     ] GC(174) Pause Remark
[2020-09-30T09:17:35.015+0000][16584][gc           ] GC(174) Pause Remark 454M->454M(1024M) 6.273ms
[2020-09-30T09:17:35.015+0000][16584][gc,cpu       ] GC(174) User=0.11s Sys=0.00s Real=0.01s
[2020-09-30T09:17:35.016+0000][16584][safepoint    ] Safepoint "G1Concurrent", Time since last: 175944300 ns, Reaching safepoint: 149300 ns, At safepoint: 6621900 ns, Total: 6771200 ns
[2020-09-30T09:17:35.016+0000][16584][gc,marking   ] GC(174) Concurrent Rebuild Remembered Sets
[2020-09-30T09:17:35.115+0000][16584][gc,marking   ] GC(174) Concurrent Rebuild Remembered Sets 99.375ms
[2020-09-30T09:17:35.115+0000][16584][gc,start     ] GC(174) Pause Cleanup
[2020-09-30T09:17:35.116+0000][16584][gc           ] GC(174) Pause Cleanup 529M->529M(1024M) 0.362ms
[2020-09-30T09:17:35.116+0000][16584][gc,cpu       ] GC(174) User=0.00s Sys=0.00s Real=0.00s
[2020-09-30T09:17:35.116+0000][16584][safepoint    ] Safepoint "G1Concurrent", Time since last: 99606200 ns, Reaching safepoint: 184000 ns, At safepoint: 561800 ns, Total: 745800 ns
[2020-09-30T09:17:35.116+0000][16584][gc,marking   ] GC(174) Concurrent Cleanup for Next Mark
[2020-09-30T09:17:35.118+0000][16584][gc,marking   ] GC(174) Concurrent Cleanup for Next Mark 1.816ms
[2020-09-30T09:17:35.118+0000][16584][gc           ] GC(174) Concurrent Cycle 285.284ms
[2020-09-30T09:17:35.122+0000][16584][gc,start     ] GC(175) Pause Young (Concurrent Start) (G1 Humongous Allocation)
[2020-09-30T09:17:35.122+0000][16584][gc,task      ] GC(175) Using 8 workers of 8 for evacuation
[2020-09-30T09:17:35.122+0000][16584][gc,age       ] GC(175) Desired survivor size 32505856 bytes, new threshold 15 (max threshold 15)
[2020-09-30T09:17:35.126+0000][16584][gc,age       ] GC(175) Age table with threshold 15 (max threshold 15)
[2020-09-30T09:17:35.126+0000][16584][gc,age       ] GC(175) - age   1:    3942736 bytes,    3942736 total
[2020-09-30T09:17:35.126+0000][16584][gc,age       ] GC(175) - age   2:       6808 bytes,    3949544 total
[2020-09-30T09:17:35.126+0000][16584][gc,age       ] GC(175) - age   3:      15296 bytes,    3964840 total
[2020-09-30T09:17:35.126+0000][16584][gc,age       ] GC(175) - age   4:      14000 bytes,    3978840 total
[2020-09-30T09:17:35.126+0000][16584][gc,age       ] GC(175) - age   5:      11512 bytes,    3990352 total
[2020-09-30T09:17:35.126+0000][16584][gc,age       ] GC(175) - age   6:        864 bytes,    3991216 total
[2020-09-30T09:17:35.126+0000][16584][gc,age       ] GC(175) - age   7:        400 bytes,    3991616 total
[2020-09-30T09:17:35.126+0000][16584][gc,age       ] GC(175) - age   8:       3096 bytes,    3994712 total
[2020-09-30T09:17:35.126+0000][16584][gc,age       ] GC(175) - age   9:       1736 bytes,    3996448 total
[2020-09-30T09:17:35.126+0000][16584][gc,age       ] GC(175) - age  10:       1560 bytes,    3998008 total
[2020-09-30T09:17:35.126+0000][16584][gc,age       ] GC(175) - age  11:      12024 bytes,    4010032 total
[2020-09-30T09:17:35.127+0000][16584][gc,age       ] GC(175) - age  12:      11000 bytes,    4021032 total
[2020-09-30T09:17:35.127+0000][16584][gc,age       ] GC(175) - age  13:       2856 bytes,    4023888 total
[2020-09-30T09:17:35.127+0000][16584][gc,age       ] GC(175) - age  14:        736 bytes,    4024624 total
[2020-09-30T09:17:35.127+0000][16584][gc,age       ] GC(175) - age  15:       4984 bytes,    4029608 total
[2020-09-30T09:17:35.127+0000][16584][gc,phases    ] GC(175)   Pre Evacuate Collection Set: 0.5ms
[2020-09-30T09:17:35.127+0000][16584][gc,phases    ] GC(175)   Merge Heap Roots: 0.1ms
[2020-09-30T09:17:35.127+0000][16584][gc,phases    ] GC(175)   Evacuate Collection Set: 2.4ms
[2020-09-30T09:17:35.127+0000][16584][gc,phases    ] GC(175)   Post Evacuate Collection Set: 1.0ms
[2020-09-30T09:17:35.127+0000][16584][gc,phases    ] GC(175)   Other: 1.3ms
[2020-09-30T09:17:35.127+0000][16584][gc,heap      ] GC(175) Eden regions: 90->0(488)
[2020-09-30T09:17:35.127+0000][16584][gc,heap      ] GC(175) Survivor regions: 7->5(62)
[2020-09-30T09:17:35.127+0000][16584][gc,heap      ] GC(175) Old regions: 77->77
[2020-09-30T09:17:35.127+0000][16584][gc,heap      ] GC(175) Archive regions: 0->0
[2020-09-30T09:17:35.127+0000][16584][gc,heap      ] GC(175) Humongous regions: 358->174
[2020-09-30T09:17:35.127+0000][16584][gc,metaspace ] GC(175) Metaspace: 87215K(93184K)->87215K(93184K) NonClass: 76069K(79616K)->76069K(79616K) Class: 11145K(13568K)->11145K(13568K)
[2020-09-30T09:17:35.127+0000][16584][gc           ] GC(175) Pause Young (Concurrent Start) (G1 Humongous Allocation) 530M->254M(1024M) 5.574ms
[2020-09-30T09:17:35.127+0000][16584][gc,cpu       ] GC(175) User=0.13s Sys=0.00s Real=0.01s
[2020-09-30T09:17:35.127+0000][16584][safepoint    ] Safepoint "G1TryInitiateConcMark", Time since last: 5496800 ns, Reaching safepoint: 172700 ns, At safepoint: 5786900 ns, Total: 5959600 ns
[2020-09-30T09:17:35.127+0000][16584][gc           ] GC(176) Concurrent Cycle
[2020-09-30T09:17:35.127+0000][16584][gc,marking   ] GC(176) Concurrent Clear Claimed Marks
[2020-09-30T09:17:35.128+0000][16584][gc,marking   ] GC(176) Concurrent Clear Claimed Marks 0.449ms
[2020-09-30T09:17:35.128+0000][16584][gc,marking   ] GC(176) Concurrent Scan Root Regions
[2020-09-30T09:17:35.131+0000][16584][gc,marking   ] GC(176) Concurrent Scan Root Regions 3.177ms
[2020-09-30T09:17:35.131+0000][16584][gc,marking   ] GC(176) Concurrent Mark (148.988s)
[2020-09-30T09:17:35.131+0000][16584][gc,marking   ] GC(176) Concurrent Mark From Roots
[2020-09-30T09:17:35.131+0000][16584][gc,task      ] GC(176) Using 2 workers of 2 for marking
[2020-09-30T09:17:35.303+0000][16584][gc,marking   ] GC(176) Concurrent Mark From Roots 171.490ms
[2020-09-30T09:17:35.303+0000][16584][gc,marking   ] GC(176) Concurrent Preclean
[2020-09-30T09:17:35.303+0000][16584][gc,marking   ] GC(176) Concurrent Preclean 0.574ms
[2020-09-30T09:17:35.303+0000][16584][gc,marking   ] GC(176) Concurrent Mark (148.988s, 149.160s) 172.295ms
[2020-09-30T09:17:35.304+0000][16584][gc,start     ] GC(176) Pause Remark
[2020-09-30T09:17:35.310+0000][16584][gc           ] GC(176) Pause Remark 462M->462M(1024M) 6.642ms
[2020-09-30T09:17:35.311+0000][16584][gc,cpu       ] GC(176) User=0.03s Sys=0.00s Real=0.01s
[2020-09-30T09:17:35.311+0000][16584][safepoint    ] Safepoint "G1Concurrent", Time since last: 176402400 ns, Reaching safepoint: 242200 ns, At safepoint: 7004800 ns, Total: 7247000 ns
[2020-09-30T09:17:35.311+0000][16584][gc,marking   ] GC(176) Concurrent Rebuild Remembered Sets
[2020-09-30T09:17:35.414+0000][16584][gc,marking   ] GC(176) Concurrent Rebuild Remembered Sets 103.151ms
[2020-09-30T09:17:35.414+0000][16584][gc,start     ] GC(176) Pause Cleanup
[2020-09-30T09:17:35.414+0000][16584][gc           ] GC(176) Pause Cleanup 535M->535M(1024M) 0.374ms
[2020-09-30T09:17:35.414+0000][16584][gc,cpu       ] GC(176) User=0.00s Sys=0.00s Real=0.00s
[2020-09-30T09:17:35.416+0000][16584][safepoint    ] Safepoint "G1Concurrent", Time since last: 103399500 ns, Reaching safepoint: 176700 ns, At safepoint: 2436800 ns, Total: 2613500 ns
[2020-09-30T09:17:35.416+0000][16584][gc,marking   ] GC(176) Concurrent Cleanup for Next Mark
[2020-09-30T09:17:35.418+0000][16584][gc,marking   ] GC(176) Concurrent Cleanup for Next Mark 1.958ms
[2020-09-30T09:17:35.419+0000][16584][gc           ] GC(176) Concurrent Cycle 291.984ms
[2020-09-30T09:17:35.508+0000][16584][gc,start     ] GC(177) Pause Young (Concurrent Start) (G1 Humongous Allocation)
[2020-09-30T09:17:35.508+0000][16584][gc,task      ] GC(177) Using 8 workers of 8 for evacuation
[2020-09-30T09:17:35.508+0000][16584][gc,age       ] GC(177) Desired survivor size 32505856 bytes, new threshold 15 (max threshold 15)
[2020-09-30T09:17:35.513+0000][16584][gc,age       ] GC(177) Age table with threshold 15 (max threshold 15)
[2020-09-30T09:17:35.513+0000][16584][gc,age       ] GC(177) - age   1:   13524472 bytes,   13524472 total
[2020-09-30T09:17:35.514+0000][16584][gc,age       ] GC(177) - age   2:       2288 bytes,   13526760 total
[2020-09-30T09:17:35.514+0000][16584][gc,age       ] GC(177) - age   3:       1816 bytes,   13528576 total
[2020-09-30T09:17:35.514+0000][16584][gc,age       ] GC(177) - age   4:      14232 bytes,   13542808 total
[2020-09-30T09:17:35.514+0000][16584][gc,age       ] GC(177) - age   5:      13776 bytes,   13556584 total
[2020-09-30T09:17:35.514+0000][16584][gc,age       ] GC(177) - age   6:      11096 bytes,   13567680 total
[2020-09-30T09:17:35.514+0000][16584][gc,age       ] GC(177) - age   7:        704 bytes,   13568384 total
[2020-09-30T09:17:35.514+0000][16584][gc,age       ] GC(177) - age   8:        400 bytes,   13568784 total
[2020-09-30T09:17:35.514+0000][16584][gc,age       ] GC(177) - age   9:       3096 bytes,   13571880 total
[2020-09-30T09:17:35.514+0000][16584][gc,age       ] GC(177) - age  10:       1736 bytes,   13573616 total
[2020-09-30T09:17:35.514+0000][16584][gc,age       ] GC(177) - age  11:       1496 bytes,   13575112 total
[2020-09-30T09:17:35.514+0000][16584][gc,age       ] GC(177) - age  12:      11960 bytes,   13587072 total
[2020-09-30T09:17:35.514+0000][16584][gc,age       ] GC(177) - age  13:      10672 bytes,   13597744 total
[2020-09-30T09:17:35.514+0000][16584][gc,age       ] GC(177) - age  14:       2856 bytes,   13600600 total
[2020-09-30T09:17:35.514+0000][16584][gc,age       ] GC(177) - age  15:        736 bytes,   13601336 total
[2020-09-30T09:17:35.514+0000][16584][gc,phases    ] GC(177)   Pre Evacuate Collection Set: 0.4ms
[2020-09-30T09:17:35.514+0000][16584][gc,phases    ] GC(177)   Merge Heap Roots: 0.1ms
[2020-09-30T09:17:35.514+0000][16584][gc,phases    ] GC(177)   Evacuate Collection Set: 3.6ms
[2020-09-30T09:17:35.514+0000][16584][gc,phases    ] GC(177)   Post Evacuate Collection Set: 1.0ms
[2020-09-30T09:17:35.514+0000][16584][gc,phases    ] GC(177)   Other: 1.3ms
[2020-09-30T09:17:35.514+0000][16584][gc,heap      ] GC(177) Eden regions: 103->0(474)
[2020-09-30T09:17:35.514+0000][16584][gc,heap      ] GC(177) Survivor regions: 5->14(62)
[2020-09-30T09:17:35.514+0000][16584][gc,heap      ] GC(177) Old regions: 77->77
[2020-09-30T09:17:35.514+0000][16584][gc,heap      ] GC(177) Archive regions: 0->0
[2020-09-30T09:17:35.514+0000][16584][gc,heap      ] GC(177) Humongous regions: 378->174
[2020-09-30T09:17:35.514+0000][16584][gc,metaspace ] GC(177) Metaspace: 87225K(93184K)->87225K(93184K) NonClass: 76079K(79616K)->76079K(79616K) Class: 11145K(13568K)->11145K(13568K)
[2020-09-30T09:17:35.515+0000][16584][gc           ] GC(177) Pause Young (Concurrent Start) (G1 Humongous Allocation) 561M->263M(1024M) 6.669ms
[2020-09-30T09:17:35.515+0000][16584][gc,cpu       ] GC(177) User=0.02s Sys=0.02s Real=0.01s
[2020-09-30T09:17:35.515+0000][16584][gc           ] GC(178) Concurrent Cycle
[2020-09-30T09:17:35.515+0000][16584][gc,marking   ] GC(178) Concurrent Clear Claimed Marks
[2020-09-30T09:17:35.515+0000][16584][safepoint    ] Safepoint "G1TryInitiateConcMark", Time since last: 91411300 ns, Reaching safepoint: 162900 ns, At safepoint: 7093700 ns, Total: 7256600 ns
[2020-09-30T09:17:35.515+0000][16584][gc,marking   ] GC(178) Concurrent Clear Claimed Marks 0.331ms
[2020-09-30T09:17:35.515+0000][16584][gc,marking   ] GC(178) Concurrent Scan Root Regions
[2020-09-30T09:17:35.519+0000][16584][gc,marking   ] GC(178) Concurrent Scan Root Regions 3.402ms
[2020-09-30T09:17:35.519+0000][16584][gc,marking   ] GC(178) Concurrent Mark (149.376s)
[2020-09-30T09:17:35.519+0000][16584][gc,marking   ] GC(178) Concurrent Mark From Roots
[2020-09-30T09:17:35.519+0000][16584][gc,task      ] GC(178) Using 2 workers of 2 for marking
[2020-09-30T09:17:35.545+0000][16584][safepoint    ] Safepoint "BulkRevokeBias", Time since last: 27727800 ns, Reaching safepoint: 247400 ns, At safepoint: 2400300 ns, Total: 2647700 ns
[2020-09-30T09:17:35.698+0000][16584][gc,marking   ] GC(178) Concurrent Mark From Roots 178.716ms
[2020-09-30T09:17:35.698+0000][16584][gc,marking   ] GC(178) Concurrent Preclean
[2020-09-30T09:17:35.698+0000][16584][gc,marking   ] GC(178) Concurrent Preclean 0.655ms
[2020-09-30T09:17:35.698+0000][16584][gc,marking   ] GC(178) Concurrent Mark (149.376s, 149.556s) 179.669ms
[2020-09-30T09:17:35.699+0000][16584][gc,start     ] GC(178) Pause Remark
[2020-09-30T09:17:35.706+0000][16584][gc           ] GC(178) Pause Remark 596M->596M(1024M) 6.795ms
[2020-09-30T09:17:35.706+0000][16584][gc,cpu       ] GC(178) User=0.11s Sys=0.00s Real=0.01s
[2020-09-30T09:17:35.709+0000][16584][safepoint    ] Safepoint "G1Concurrent", Time since last: 153222300 ns, Reaching safepoint: 223800 ns, At safepoint: 10779100 ns, Total: 11002900 ns
[2020-09-30T09:17:35.710+0000][16584][gc,marking   ] GC(178) Concurrent Rebuild Remembered Sets
[2020-09-30T09:17:35.815+0000][16584][gc,marking   ] GC(178) Concurrent Rebuild Remembered Sets 104.545ms
[2020-09-30T09:17:35.815+0000][16584][gc,start     ] GC(178) Pause Cleanup
[2020-09-30T09:17:35.815+0000][16584][gc           ] GC(178) Pause Cleanup 862M->862M(1024M) 0.342ms
[2020-09-30T09:17:35.815+0000][16584][gc,cpu       ] GC(178) User=0.00s Sys=0.00s Real=0.00s
[2020-09-30T09:17:35.816+0000][16584][safepoint    ] Safepoint "G1Concurrent", Time since last: 104837900 ns, Reaching safepoint: 154100 ns, At safepoint: 560700 ns, Total: 714800 ns
[2020-09-30T09:17:35.816+0000][16584][gc,marking   ] GC(178) Concurrent Cleanup for Next Mark
[2020-09-30T09:17:35.817+0000][16584][gc,marking   ] GC(178) Concurrent Cleanup for Next Mark 1.565ms
[2020-09-30T09:17:35.817+0000][16584][gc           ] GC(178) Concurrent Cycle 302.131ms
[2020-09-30T09:17:35.831+0000][16584][gc,start     ] GC(179) Pause Young (Concurrent Start) (G1 Humongous Allocation)
[2020-09-30T09:17:35.831+0000][16584][gc,task      ] GC(179) Using 8 workers of 8 for evacuation
[2020-09-30T09:17:35.831+0000][16584][gc,age       ] GC(179) Desired survivor size 31981568 bytes, new threshold 15 (max threshold 15)
[2020-09-30T09:17:35.835+0000][16584][gc,age       ] GC(179) Age table with threshold 15 (max threshold 15)
[2020-09-30T09:17:35.836+0000][16584][gc,age       ] GC(179) - age   1:    3604352 bytes,    3604352 total
[2020-09-30T09:17:35.836+0000][16584][gc,age       ] GC(179) - age   2:      15560 bytes,    3619912 total
[2020-09-30T09:17:35.836+0000][16584][gc,age       ] GC(179) - age   3:       1888 bytes,    3621800 total
[2020-09-30T09:17:35.836+0000][16584][gc,age       ] GC(179) - age   4:        896 bytes,    3622696 total
[2020-09-30T09:17:35.836+0000][16584][gc,age       ] GC(179) - age   5:      14104 bytes,    3636800 total
[2020-09-30T09:17:35.836+0000][16584][gc,age       ] GC(179) - age   6:      13776 bytes,    3650576 total
[2020-09-30T09:17:35.836+0000][16584][gc,age       ] GC(179) - age   7:      11096 bytes,    3661672 total
[2020-09-30T09:17:35.836+0000][16584][gc,age       ] GC(179) - age   8:        608 bytes,    3662280 total
[2020-09-30T09:17:35.836+0000][16584][gc,age       ] GC(179) - age   9:        400 bytes,    3662680 total
[2020-09-30T09:17:35.836+0000][16584][gc,age       ] GC(179) - age  10:       3096 bytes,    3665776 total
[2020-09-30T09:17:35.836+0000][16584][gc,age       ] GC(179) - age  11:       1736 bytes,    3667512 total
[2020-09-30T09:17:35.836+0000][16584][gc,age       ] GC(179) - age  12:       1464 bytes,    3668976 total
[2020-09-30T09:17:35.836+0000][16584][gc,age       ] GC(179) - age  13:      11928 bytes,    3680904 total
[2020-09-30T09:17:35.836+0000][16584][gc,age       ] GC(179) - age  14:      10672 bytes,    3691576 total
[2020-09-30T09:17:35.836+0000][16584][gc,age       ] GC(179) - age  15:       2856 bytes,    3694432 total
[2020-09-30T09:17:35.836+0000][16584][gc,phases    ] GC(179)   Pre Evacuate Collection Set: 0.4ms
[2020-09-30T09:17:35.836+0000][16584][gc,phases    ] GC(179)   Merge Heap Roots: 0.1ms
[2020-09-30T09:17:35.836+0000][16584][gc,phases    ] GC(179)   Evacuate Collection Set: 2.4ms
[2020-09-30T09:17:35.836+0000][16584][gc,phases    ] GC(179)   Post Evacuate Collection Set: 1.5ms
[2020-09-30T09:17:35.836+0000][16584][gc,phases    ] GC(179)   Other: 1.1ms
[2020-09-30T09:17:35.836+0000][16584][gc,heap      ] GC(179) Eden regions: 142->0(487)
[2020-09-30T09:17:35.837+0000][16584][gc,heap      ] GC(179) Survivor regions: 14->4(61)
[2020-09-30T09:17:35.837+0000][16584][gc,heap      ] GC(179) Old regions: 77->77
[2020-09-30T09:17:35.837+0000][16584][gc,heap      ] GC(179) Archive regions: 0->0
[2020-09-30T09:17:35.837+0000][16584][gc,heap      ] GC(179) Humongous regions: 634->174
[2020-09-30T09:17:35.837+0000][16584][gc,metaspace ] GC(179) Metaspace: 87238K(93184K)->87238K(93184K) NonClass: 76092K(79616K)->76092K(79616K) Class: 11145K(13568K)->11145K(13568K)
[2020-09-30T09:17:35.837+0000][16584][gc           ] GC(179) Pause Young (Concurrent Start) (G1 Humongous Allocation) 865M->254M(1024M) 6.032ms
[2020-09-30T09:17:35.837+0000][16584][gc,cpu       ] GC(179) User=0.00s Sys=0.00s Real=0.01s
[2020-09-30T09:17:35.837+0000][16584][gc           ] GC(180) Concurrent Cycle
[2020-09-30T09:17:35.837+0000][16584][gc,marking   ] GC(180) Concurrent Clear Claimed Marks
[2020-09-30T09:17:35.837+0000][16584][safepoint    ] Safepoint "G1TryInitiateConcMark", Time since last: 11270900 ns, Reaching safepoint: 3896300 ns, At safepoint: 6445600 ns, Total: 10341900 ns
[2020-09-30T09:17:35.838+0000][16584][gc,marking   ] GC(180) Concurrent Clear Claimed Marks 0.639ms
[2020-09-30T09:17:35.838+0000][16584][gc,marking   ] GC(180) Concurrent Scan Root Regions
[2020-09-30T09:17:35.841+0000][16584][gc,marking   ] GC(180) Concurrent Scan Root Regions 3.310ms
[2020-09-30T09:17:35.841+0000][16584][gc,marking   ] GC(180) Concurrent Mark (149.698s)
[2020-09-30T09:17:35.841+0000][16584][gc,marking   ] GC(180) Concurrent Mark From Roots
[2020-09-30T09:17:35.841+0000][16584][gc,task      ] GC(180) Using 2 workers of 2 for marking
[2020-09-30T09:17:36.009+0000][16584][gc,marking   ] GC(180) Concurrent Mark From Roots 167.753ms
[2020-09-30T09:17:36.009+0000][16584][gc,marking   ] GC(180) Concurrent Preclean
[2020-09-30T09:17:36.010+0000][16584][gc,marking   ] GC(180) Concurrent Preclean 0.609ms
[2020-09-30T09:17:36.010+0000][16584][gc,marking   ] GC(180) Concurrent Mark (149.698s, 149.867s) 168.584ms
[2020-09-30T09:17:36.010+0000][16584][gc,start     ] GC(180) Pause Remark
[2020-09-30T09:17:36.017+0000][16584][gc           ] GC(180) Pause Remark 340M->340M(1024M) 6.380ms
[2020-09-30T09:17:36.017+0000][16584][gc,cpu       ] GC(180) User=0.11s Sys=0.00s Real=0.01s
[2020-09-30T09:17:36.018+0000][16584][safepoint    ] Safepoint "G1Concurrent", Time since last: 172772600 ns, Reaching safepoint: 185400 ns, At safepoint: 7918400 ns, Total: 8103800 ns
[2020-09-30T09:17:36.018+0000][16584][gc,marking   ] GC(180) Concurrent Rebuild Remembered Sets
[2020-09-30T09:17:36.127+0000][16584][gc,marking   ] GC(180) Concurrent Rebuild Remembered Sets 109.020ms
[2020-09-30T09:17:36.128+0000][16584][gc,start     ] GC(180) Pause Cleanup
[2020-09-30T09:17:36.128+0000][16584][gc           ] GC(180) Pause Cleanup 679M->679M(1024M) 0.367ms
[2020-09-30T09:17:36.128+0000][16584][gc,cpu       ] GC(180) User=0.00s Sys=0.00s Real=0.00s
[2020-09-30T09:17:36.128+0000][16584][safepoint    ] Safepoint "G1Concurrent", Time since last: 109368100 ns, Reaching safepoint: 255700 ns, At safepoint: 594600 ns, Total: 850300 ns
[2020-09-30T09:17:36.128+0000][16584][gc,marking   ] GC(180) Concurrent Cleanup for Next Mark
[2020-09-30T09:17:36.130+0000][16584][gc,marking   ] GC(180) Concurrent Cleanup for Next Mark 1.846ms
[2020-09-30T09:17:36.130+0000][16584][gc           ] GC(180) Concurrent Cycle 293.396ms
[2020-09-30T09:17:36.199+0000][16584][gc,start     ] GC(181) Pause Young (Concurrent Start) (G1 Humongous Allocation)
[2020-09-30T09:17:36.199+0000][16584][gc,task      ] GC(181) Using 8 workers of 8 for evacuation
[2020-09-30T09:17:36.199+0000][16584][gc,age       ] GC(181) Desired survivor size 32505856 bytes, new threshold 15 (max threshold 15)
[2020-09-30T09:17:36.204+0000][16584][gc,age       ] GC(181) Age table with threshold 15 (max threshold 15)
[2020-09-30T09:17:36.204+0000][16584][gc,age       ] GC(181) - age   1:    8347040 bytes,    8347040 total
[2020-09-30T09:17:36.204+0000][16584][gc,age       ] GC(181) - age   2:       2136 bytes,    8349176 total
[2020-09-30T09:17:36.205+0000][16584][gc,age       ] GC(181) - age   3:      14608 bytes,    8363784 total
[2020-09-30T09:17:36.205+0000][16584][gc,age       ] GC(181) - age   4:       1576 bytes,    8365360 total
[2020-09-30T09:17:36.205+0000][16584][gc,age       ] GC(181) - age   5:        800 bytes,    8366160 total
[2020-09-30T09:17:36.205+0000][16584][gc,age       ] GC(181) - age   6:      14072 bytes,    8380232 total
[2020-09-30T09:17:36.205+0000][16584][gc,age       ] GC(181) - age   7:      13776 bytes,    8394008 total
[2020-09-30T09:17:36.205+0000][16584][gc,age       ] GC(181) - age   8:      11096 bytes,    8405104 total
[2020-09-30T09:17:36.205+0000][16584][gc,age       ] GC(181) - age   9:        576 bytes,    8405680 total
[2020-09-30T09:17:36.205+0000][16584][gc,age       ] GC(181) - age  10:        400 bytes,    8406080 total
[2020-09-30T09:17:36.205+0000][16584][gc,age       ] GC(181) - age  11:       3064 bytes,    8409144 total
[2020-09-30T09:17:36.205+0000][16584][gc,age       ] GC(181) - age  12:       1672 bytes,    8410816 total
[2020-09-30T09:17:36.205+0000][16584][gc,age       ] GC(181) - age  13:       1432 bytes,    8412248 total
[2020-09-30T09:17:36.205+0000][16584][gc,age       ] GC(181) - age  14:      11896 bytes,    8424144 total
[2020-09-30T09:17:36.205+0000][16584][gc,age       ] GC(181) - age  15:      10672 bytes,    8434816 total
[2020-09-30T09:17:36.205+0000][16584][gc,phases    ] GC(181)   Pre Evacuate Collection Set: 0.5ms
[2020-09-30T09:17:36.205+0000][16584][gc,phases    ] GC(181)   Merge Heap Roots: 0.1ms
[2020-09-30T09:17:36.205+0000][16584][gc,phases    ] GC(181)   Evacuate Collection Set: 2.9ms
[2020-09-30T09:17:36.205+0000][16584][gc,phases    ] GC(181)   Post Evacuate Collection Set: 1.2ms
[2020-09-30T09:17:36.205+0000][16584][gc,phases    ] GC(181)   Other: 1.3ms
[2020-09-30T09:17:36.205+0000][16584][gc,heap      ] GC(181) Eden regions: 141->0(482)
[2020-09-30T09:17:36.205+0000][16584][gc,heap      ] GC(181) Survivor regions: 4->9(62)
[2020-09-30T09:17:36.205+0000][16584][gc,heap      ] GC(181) Old regions: 77->77
[2020-09-30T09:17:36.206+0000][16584][gc,heap      ] GC(181) Archive regions: 0->0
[2020-09-30T09:17:36.206+0000][16584][gc,heap      ] GC(181) Humongous regions: 482->174
[2020-09-30T09:17:36.206+0000][16584][gc,metaspace ] GC(181) Metaspace: 87265K(93184K)->87265K(93184K) NonClass: 76119K(79616K)->76119K(79616K) Class: 11145K(13568K)->11145K(13568K)
[2020-09-30T09:17:36.206+0000][16584][gc           ] GC(181) Pause Young (Concurrent Start) (G1 Humongous Allocation) 702M->259M(1024M) 6.524ms
[2020-09-30T09:17:36.206+0000][16584][gc,cpu       ] GC(181) User=0.09s Sys=0.00s Real=0.01s
[2020-09-30T09:17:36.206+0000][16584][gc           ] GC(182) Concurrent Cycle
[2020-09-30T09:17:36.206+0000][16584][gc,marking   ] GC(182) Concurrent Clear Claimed Marks
[2020-09-30T09:17:36.206+0000][16584][gc,marking   ] GC(182) Concurrent Clear Claimed Marks 0.333ms
[2020-09-30T09:17:36.206+0000][16584][gc,marking   ] GC(182) Concurrent Scan Root Regions
[2020-09-30T09:17:36.208+0000][16584][gc,marking   ] GC(182) Concurrent Scan Root Regions 1.943ms
[2020-09-30T09:17:36.208+0000][16584][gc,marking   ] GC(182) Concurrent Mark (150.065s)
[2020-09-30T09:17:36.208+0000][16584][gc,marking   ] GC(182) Concurrent Mark From Roots
[2020-09-30T09:17:36.208+0000][16584][safepoint    ] Safepoint "G1TryInitiateConcMark", Time since last: 70710600 ns, Reaching safepoint: 226200 ns, At safepoint: 9268900 ns, Total: 9495100 ns
[2020-09-30T09:17:36.208+0000][16584][gc,task      ] GC(182) Using 2 workers of 2 for marking
[2020-09-30T09:17:36.391+0000][16584][gc,marking   ] GC(182) Concurrent Mark From Roots 182.582ms
[2020-09-30T09:17:36.391+0000][16584][gc,marking   ] GC(182) Concurrent Preclean
[2020-09-30T09:17:36.392+0000][16584][gc,marking   ] GC(182) Concurrent Preclean 0.610ms
[2020-09-30T09:17:36.392+0000][16584][gc,marking   ] GC(182) Concurrent Mark (150.065s, 150.249s) 183.420ms
[2020-09-30T09:17:36.392+0000][16584][gc,start     ] GC(182) Pause Remark
[2020-09-30T09:17:36.399+0000][16584][gc           ] GC(182) Pause Remark 587M->587M(1024M) 6.215ms
[2020-09-30T09:17:36.399+0000][16584][gc,cpu       ] GC(182) User=0.00s Sys=0.00s Real=0.01s
[2020-09-30T09:17:36.399+0000][16584][safepoint    ] Safepoint "G1Concurrent", Time since last: 183470300 ns, Reaching safepoint: 457900 ns, At safepoint: 6460600 ns, Total: 6918500 ns
[2020-09-30T09:17:36.399+0000][16584][gc,marking   ] GC(182) Concurrent Rebuild Remembered Sets
[2020-09-30T09:17:36.497+0000][16584][gc,marking   ] GC(182) Concurrent Rebuild Remembered Sets 98.333ms
[2020-09-30T09:17:36.498+0000][16584][gc,start     ] GC(182) Pause Cleanup
[2020-09-30T09:17:36.498+0000][16584][gc           ] GC(182) Pause Cleanup 602M->602M(1024M) 0.383ms
[2020-09-30T09:17:36.498+0000][16584][gc,cpu       ] GC(182) User=0.00s Sys=0.00s Real=0.00s
[2020-09-30T09:17:36.502+0000][16584][safepoint    ] Safepoint "G1Concurrent", Time since last: 98613500 ns, Reaching safepoint: 342200 ns, At safepoint: 4180700 ns, Total: 4522900 ns
[2020-09-30T09:17:36.502+0000][16584][gc,marking   ] GC(182) Concurrent Cleanup for Next Mark
[2020-09-30T09:17:36.504+0000][16584][gc,marking   ] GC(182) Concurrent Cleanup for Next Mark 1.919ms
[2020-09-30T09:17:36.504+0000][16584][gc           ] GC(182) Concurrent Cycle 298.263ms
[2020-09-30T09:17:36.590+0000][16584][gc,start     ] GC(183) Pause Young (Concurrent Start) (G1 Humongous Allocation)
[2020-09-30T09:17:36.590+0000][16584][gc,task      ] GC(183) Using 8 workers of 8 for evacuation
[2020-09-30T09:17:36.590+0000][16584][gc,age       ] GC(183) Desired survivor size 32505856 bytes, new threshold 15 (max threshold 15)
[2020-09-30T09:17:36.594+0000][16584][gc,age       ] GC(183) Age table with threshold 15 (max threshold 15)
[2020-09-30T09:17:36.594+0000][16584][gc,age       ] GC(183) - age   1:    5413400 bytes,    5413400 total
[2020-09-30T09:17:36.595+0000][16584][gc,age       ] GC(183) - age   2:       3888 bytes,    5417288 total
[2020-09-30T09:17:36.595+0000][16584][gc,age       ] GC(183) - age   3:       1768 bytes,    5419056 total
[2020-09-30T09:17:36.595+0000][16584][gc,age       ] GC(183) - age   4:      13320 bytes,    5432376 total
[2020-09-30T09:17:36.595+0000][16584][gc,age       ] GC(183) - age   5:       1480 bytes,    5433856 total
[2020-09-30T09:17:36.595+0000][16584][gc,age       ] GC(183) - age   6:        776 bytes,    5434632 total
[2020-09-30T09:17:36.595+0000][16584][gc,age       ] GC(183) - age   7:      14072 bytes,    5448704 total
[2020-09-30T09:17:36.595+0000][16584][gc,age       ] GC(183) - age   8:      13648 bytes,    5462352 total
[2020-09-30T09:17:36.595+0000][16584][gc,age       ] GC(183) - age   9:      11096 bytes,    5473448 total
[2020-09-30T09:17:36.595+0000][16584][gc,age       ] GC(183) - age  10:        576 bytes,    5474024 total
[2020-09-30T09:17:36.595+0000][16584][gc,age       ] GC(183) - age  11:        368 bytes,    5474392 total
[2020-09-30T09:17:36.595+0000][16584][gc,age       ] GC(183) - age  12:       3064 bytes,    5477456 total
[2020-09-30T09:17:36.595+0000][16584][gc,age       ] GC(183) - age  13:       1672 bytes,    5479128 total
[2020-09-30T09:17:36.595+0000][16584][gc,age       ] GC(183) - age  14:       1432 bytes,    5480560 total
[2020-09-30T09:17:36.595+0000][16584][gc,age       ] GC(183) - age  15:      11896 bytes,    5492456 total
[2020-09-30T09:17:36.595+0000][16584][gc,phases    ] GC(183)   Pre Evacuate Collection Set: 0.5ms
[2020-09-30T09:17:36.595+0000][16584][gc,phases    ] GC(183)   Merge Heap Roots: 0.1ms
[2020-09-30T09:17:36.595+0000][16584][gc,phases    ] GC(183)   Evacuate Collection Set: 2.7ms
[2020-09-30T09:17:36.595+0000][16584][gc,phases    ] GC(183)   Post Evacuate Collection Set: 1.0ms
[2020-09-30T09:17:36.595+0000][16584][gc,phases    ] GC(183)   Other: 1.2ms
[2020-09-30T09:17:36.595+0000][16584][gc,heap      ] GC(183) Eden regions: 104->0(487)
[2020-09-30T09:17:36.595+0000][16584][gc,heap      ] GC(183) Survivor regions: 9->6(62)
[2020-09-30T09:17:36.596+0000][16584][gc,heap      ] GC(183) Old regions: 77->77
[2020-09-30T09:17:36.596+0000][16584][gc,heap      ] GC(183) Archive regions: 0->0
[2020-09-30T09:17:36.596+0000][16584][gc,heap      ] GC(183) Humongous regions: 430->174
[2020-09-30T09:17:36.596+0000][16584][gc,metaspace ] GC(183) Metaspace: 87283K(93184K)->87283K(93184K) NonClass: 76137K(79616K)->76137K(79616K) Class: 11145K(13568K)->11145K(13568K)
[2020-09-30T09:17:36.596+0000][16584][gc           ] GC(183) Pause Young (Concurrent Start) (G1 Humongous Allocation) 618M->256M(1024M) 5.995ms
[2020-09-30T09:17:36.596+0000][16584][gc,cpu       ] GC(183) User=0.13s Sys=0.00s Real=0.01s
[2020-09-30T09:17:36.596+0000][16584][gc           ] GC(184) Concurrent Cycle
[2020-09-30T09:17:36.596+0000][16584][gc,marking   ] GC(184) Concurrent Clear Claimed Marks
[2020-09-30T09:17:36.596+0000][16584][gc,marking   ] GC(184) Concurrent Clear Claimed Marks 0.337ms
[2020-09-30T09:17:36.596+0000][16584][gc,marking   ] GC(184) Concurrent Scan Root Regions
[2020-09-30T09:17:36.598+0000][16584][gc,marking   ] GC(184) Concurrent Scan Root Regions 1.721ms
[2020-09-30T09:17:36.598+0000][16584][gc,marking   ] GC(184) Concurrent Mark (150.455s)
[2020-09-30T09:17:36.598+0000][16584][gc,marking   ] GC(184) Concurrent Mark From Roots
[2020-09-30T09:17:36.598+0000][16584][gc,task      ] GC(184) Using 2 workers of 2 for marking
[2020-09-30T09:17:36.604+0000][16584][safepoint    ] Safepoint "G1TryInitiateConcMark", Time since last: 79492900 ns, Reaching safepoint: 8221300 ns, At safepoint: 14558100 ns, Total: 22779400 ns
[2020-09-30T09:17:36.772+0000][16584][gc,marking   ] GC(184) Concurrent Mark From Roots 173.731ms
[2020-09-30T09:17:36.772+0000][16584][gc,marking   ] GC(184) Concurrent Preclean
[2020-09-30T09:17:36.773+0000][16584][gc,marking   ] GC(184) Concurrent Preclean 0.575ms
[2020-09-30T09:17:36.773+0000][16584][gc,marking   ] GC(184) Concurrent Mark (150.455s, 150.630s) 174.535ms
[2020-09-30T09:17:36.773+0000][16584][gc,start     ] GC(184) Pause Remark
[2020-09-30T09:17:36.779+0000][16584][gc           ] GC(184) Pause Remark 447M->447M(1024M) 6.207ms
[2020-09-30T09:17:36.779+0000][16584][gc,cpu       ] GC(184) User=0.00s Sys=0.00s Real=0.01s
[2020-09-30T09:17:36.779+0000][16584][safepoint    ] Safepoint "G1Concurrent", Time since last: 168532000 ns, Reaching safepoint: 187200 ns, At safepoint: 6430700 ns, Total: 6617900 ns
[2020-09-30T09:17:36.779+0000][16584][gc,marking   ] GC(184) Concurrent Rebuild Remembered Sets
[2020-09-30T09:17:36.882+0000][16584][gc,marking   ] GC(184) Concurrent Rebuild Remembered Sets 102.746ms
[2020-09-30T09:17:36.883+0000][16584][gc,start     ] GC(184) Pause Cleanup
[2020-09-30T09:17:36.883+0000][16584][gc           ] GC(184) Pause Cleanup 513M->513M(1024M) 0.369ms
[2020-09-30T09:17:36.883+0000][16584][gc,cpu       ] GC(184) User=0.00s Sys=0.00s Real=0.00s
[2020-09-30T09:17:36.883+0000][16584][safepoint    ] Safepoint "G1Concurrent", Time since last: 102960200 ns, Reaching safepoint: 193900 ns, At safepoint: 826800 ns, Total: 1020700 ns
[2020-09-30T09:17:36.883+0000][16584][gc,marking   ] GC(184) Concurrent Cleanup for Next Mark
[2020-09-30T09:17:36.885+0000][16584][gc,marking   ] GC(184) Concurrent Cleanup for Next Mark 1.923ms
[2020-09-30T09:17:36.885+0000][16584][gc           ] GC(184) Concurrent Cycle 289.655ms
[2020-09-30T09:17:36.951+0000][16584][gc,start     ] GC(185) Pause Young (Concurrent Start) (G1 Humongous Allocation)
[2020-09-30T09:17:36.951+0000][16584][gc,task      ] GC(185) Using 8 workers of 8 for evacuation
[2020-09-30T09:17:36.951+0000][16584][gc,age       ] GC(185) Desired survivor size 32505856 bytes, new threshold 15 (max threshold 15)
[2020-09-30T09:17:36.956+0000][16584][gc,age       ] GC(185) Age table with threshold 15 (max threshold 15)
[2020-09-30T09:17:36.956+0000][16584][gc,age       ] GC(185) - age   1:    3448184 bytes,    3448184 total
[2020-09-30T09:17:36.956+0000][16584][gc,age       ] GC(185) - age   2:      10696 bytes,    3458880 total
[2020-09-30T09:17:36.956+0000][16584][gc,age       ] GC(185) - age   3:       3176 bytes,    3462056 total
[2020-09-30T09:17:36.956+0000][16584][gc,age       ] GC(185) - age   4:       1200 bytes,    3463256 total
[2020-09-30T09:17:36.956+0000][16584][gc,age       ] GC(185) - age   5:      13192 bytes,    3476448 total
[2020-09-30T09:17:36.956+0000][16584][gc,age       ] GC(185) - age   6:       1160 bytes,    3477608 total
[2020-09-30T09:17:36.956+0000][16584][gc,age       ] GC(185) - age   7:        744 bytes,    3478352 total
[2020-09-30T09:17:36.956+0000][16584][gc,age       ] GC(185) - age   8:      13976 bytes,    3492328 total
[2020-09-30T09:17:36.956+0000][16584][gc,age       ] GC(185) - age   9:      13616 bytes,    3505944 total
[2020-09-30T09:17:36.956+0000][16584][gc,age       ] GC(185) - age  10:      11096 bytes,    3517040 total
[2020-09-30T09:17:36.956+0000][16584][gc,age       ] GC(185) - age  11:        576 bytes,    3517616 total
[2020-09-30T09:17:36.956+0000][16584][gc,age       ] GC(185) - age  12:        336 bytes,    3517952 total
[2020-09-30T09:17:36.956+0000][16584][gc,age       ] GC(185) - age  13:       3064 bytes,    3521016 total
[2020-09-30T09:17:36.956+0000][16584][gc,age       ] GC(185) - age  14:       1640 bytes,    3522656 total
[2020-09-30T09:17:36.956+0000][16584][gc,age       ] GC(185) - age  15:       1400 bytes,    3524056 total
[2020-09-30T09:17:36.956+0000][16584][gc,phases    ] GC(185)   Pre Evacuate Collection Set: 0.6ms
[2020-09-30T09:17:36.957+0000][16584][gc,phases    ] GC(185)   Merge Heap Roots: 0.2ms
[2020-09-30T09:17:36.957+0000][16584][gc,phases    ] GC(185)   Evacuate Collection Set: 2.7ms
[2020-09-30T09:17:36.957+0000][16584][gc,phases    ] GC(185)   Post Evacuate Collection Set: 1.1ms
[2020-09-30T09:17:36.957+0000][16584][gc,phases    ] GC(185)   Other: 1.2ms
[2020-09-30T09:17:36.957+0000][16584][gc,heap      ] GC(185) Eden regions: 75->0(492)
[2020-09-30T09:17:36.957+0000][16584][gc,heap      ] GC(185) Survivor regions: 6->4(62)
[2020-09-30T09:17:36.957+0000][16584][gc,heap      ] GC(185) Old regions: 77->77
[2020-09-30T09:17:36.957+0000][16584][gc,heap      ] GC(185) Archive regions: 0->0
[2020-09-30T09:17:36.957+0000][16584][gc,heap      ] GC(185) Humongous regions: 366->174
[2020-09-30T09:17:36.957+0000][16584][gc,metaspace ] GC(185) Metaspace: 87285K(93184K)->87285K(93184K) NonClass: 76139K(79616K)->76139K(79616K) Class: 11145K(13568K)->11145K(13568K)
[2020-09-30T09:17:36.957+0000][16584][gc           ] GC(185) Pause Young (Concurrent Start) (G1 Humongous Allocation) 523M->254M(1024M) 6.311ms
[2020-09-30T09:17:36.957+0000][16584][gc,cpu       ] GC(185) User=0.03s Sys=0.00s Real=0.01s
[2020-09-30T09:17:36.957+0000][16584][gc           ] GC(186) Concurrent Cycle
[2020-09-30T09:17:36.957+0000][16584][safepoint    ] Safepoint "G1TryInitiateConcMark", Time since last: 67185100 ns, Reaching safepoint: 169300 ns, At safepoint: 6566200 ns, Total: 6735500 ns
[2020-09-30T09:17:36.957+0000][16584][gc,marking   ] GC(186) Concurrent Clear Claimed Marks
[2020-09-30T09:17:36.958+0000][16584][gc,marking   ] GC(186) Concurrent Clear Claimed Marks 0.508ms
[2020-09-30T09:17:36.958+0000][16584][gc,marking   ] GC(186) Concurrent Scan Root Regions
[2020-09-30T09:17:36.960+0000][16584][gc,marking   ] GC(186) Concurrent Scan Root Regions 2.472ms
[2020-09-30T09:17:36.961+0000][16584][gc,marking   ] GC(186) Concurrent Mark (150.818s)
[2020-09-30T09:17:36.961+0000][16584][gc,marking   ] GC(186) Concurrent Mark From Roots
[2020-09-30T09:17:36.961+0000][16584][gc,task      ] GC(186) Using 2 workers of 2 for marking
[2020-09-30T09:17:37.129+0000][16584][gc,marking   ] GC(186) Concurrent Mark From Roots 168.177ms
[2020-09-30T09:17:37.129+0000][16584][gc,marking   ] GC(186) Concurrent Preclean
[2020-09-30T09:17:37.130+0000][16584][gc,marking   ] GC(186) Concurrent Preclean 0.720ms
[2020-09-30T09:17:37.130+0000][16584][gc,marking   ] GC(186) Concurrent Mark (150.818s, 150.987s) 169.161ms
[2020-09-30T09:17:37.131+0000][16584][gc,start     ] GC(186) Pause Remark
[2020-09-30T09:17:37.137+0000][16584][gc           ] GC(186) Pause Remark 385M->385M(1024M) 6.666ms
[2020-09-30T09:17:37.137+0000][16584][gc,cpu       ] GC(186) User=0.00s Sys=0.00s Real=0.01s
[2020-09-30T09:17:37.137+0000][16584][safepoint    ] Safepoint "G1Concurrent", Time since last: 172673300 ns, Reaching safepoint: 183400 ns, At safepoint: 6952200 ns, Total: 7135600 ns
[2020-09-30T09:17:37.138+0000][16584][gc,marking   ] GC(186) Concurrent Rebuild Remembered Sets
[2020-09-30T09:17:37.232+0000][16584][gc,marking   ] GC(186) Concurrent Rebuild Remembered Sets 94.171ms
[2020-09-30T09:17:37.232+0000][16584][gc,start     ] GC(186) Pause Cleanup
[2020-09-30T09:17:37.233+0000][16584][gc           ] GC(186) Pause Cleanup 396M->396M(1024M) 0.376ms
[2020-09-30T09:17:37.233+0000][16584][gc,cpu       ] GC(186) User=0.05s Sys=0.00s Real=0.00s
[2020-09-30T09:17:37.234+0000][16584][safepoint    ] Safepoint "G1Concurrent", Time since last: 94405100 ns, Reaching safepoint: 239900 ns, At safepoint: 1442800 ns, Total: 1682700 ns
[2020-09-30T09:17:37.234+0000][16584][gc,marking   ] GC(186) Concurrent Cleanup for Next Mark
[2020-09-30T09:17:37.236+0000][16584][gc,marking   ] GC(186) Concurrent Cleanup for Next Mark 1.856ms
[2020-09-30T09:17:37.236+0000][16584][gc           ] GC(186) Concurrent Cycle 278.052ms
[2020-09-30T09:17:37.255+0000][16584][gc,start     ] GC(187) Pause Young (Concurrent Start) (G1 Humongous Allocation)
[2020-09-30T09:17:37.255+0000][16584][gc,task      ] GC(187) Using 8 workers of 8 for evacuation
[2020-09-30T09:17:37.255+0000][16584][gc,age       ] GC(187) Desired survivor size 32505856 bytes, new threshold 15 (max threshold 15)
[2020-09-30T09:17:37.260+0000][16584][gc,age       ] GC(187) Age table with threshold 15 (max threshold 15)
[2020-09-30T09:17:37.260+0000][16584][gc,age       ] GC(187) - age   1:   11133344 bytes,   11133344 total
[2020-09-30T09:17:37.260+0000][16584][gc,age       ] GC(187) - age   2:       2904 bytes,   11136248 total
[2020-09-30T09:17:37.260+0000][16584][gc,age       ] GC(187) - age   3:       7928 bytes,   11144176 total
[2020-09-30T09:17:37.260+0000][16584][gc,age       ] GC(187) - age   4:       2504 bytes,   11146680 total
[2020-09-30T09:17:37.260+0000][16584][gc,age       ] GC(187) - age   5:       1200 bytes,   11147880 total
[2020-09-30T09:17:37.260+0000][16584][gc,age       ] GC(187) - age   6:      12936 bytes,   11160816 total
[2020-09-30T09:17:37.260+0000][16584][gc,age       ] GC(187) - age   7:        808 bytes,   11161624 total
[2020-09-30T09:17:37.260+0000][16584][gc,age       ] GC(187) - age   8:        744 bytes,   11162368 total
[2020-09-30T09:17:37.261+0000][16584][gc,age       ] GC(187) - age   9:      13816 bytes,   11176184 total
[2020-09-30T09:17:37.261+0000][16584][gc,age       ] GC(187) - age  10:      13616 bytes,   11189800 total
[2020-09-30T09:17:37.261+0000][16584][gc,age       ] GC(187) - age  11:      11032 bytes,   11200832 total
[2020-09-30T09:17:37.261+0000][16584][gc,age       ] GC(187) - age  12:        576 bytes,   11201408 total
[2020-09-30T09:17:37.261+0000][16584][gc,age       ] GC(187) - age  13:        336 bytes,   11201744 total
[2020-09-30T09:17:37.261+0000][16584][gc,age       ] GC(187) - age  14:       3064 bytes,   11204808 total
[2020-09-30T09:17:37.261+0000][16584][gc,age       ] GC(187) - age  15:       1640 bytes,   11206448 total
[2020-09-30T09:17:37.261+0000][16584][gc,phases    ] GC(187)   Pre Evacuate Collection Set: 0.4ms
[2020-09-30T09:17:37.261+0000][16584][gc,phases    ] GC(187)   Merge Heap Roots: 0.2ms
[2020-09-30T09:17:37.261+0000][16584][gc,phases    ] GC(187)   Evacuate Collection Set: 3.4ms
[2020-09-30T09:17:37.261+0000][16584][gc,phases    ] GC(187)   Post Evacuate Collection Set: 0.9ms
[2020-09-30T09:17:37.261+0000][16584][gc,phases    ] GC(187)   Other: 1.1ms
[2020-09-30T09:17:37.261+0000][16584][gc,heap      ] GC(187) Eden regions: 62->0(480)
[2020-09-30T09:17:37.261+0000][16584][gc,heap      ] GC(187) Survivor regions: 4->12(62)
[2020-09-30T09:17:37.261+0000][16584][gc,heap      ] GC(187) Old regions: 77->77
[2020-09-30T09:17:37.261+0000][16584][gc,heap      ] GC(187) Archive regions: 0->0
[2020-09-30T09:17:37.261+0000][16584][gc,heap      ] GC(187) Humongous regions: 270->174
[2020-09-30T09:17:37.261+0000][16584][gc,metaspace ] GC(187) Metaspace: 87331K(93184K)->87331K(93184K) NonClass: 76185K(79616K)->76185K(79616K) Class: 11145K(13568K)->11145K(13568K)
[2020-09-30T09:17:37.261+0000][16584][gc           ] GC(187) Pause Young (Concurrent Start) (G1 Humongous Allocation) 411M->262M(1024M) 6.454ms
[2020-09-30T09:17:37.261+0000][16584][gc,cpu       ] GC(187) User=0.00s Sys=0.00s Real=0.01s
[2020-09-30T09:17:37.261+0000][16584][gc           ] GC(188) Concurrent Cycle
[2020-09-30T09:17:37.261+0000][16584][gc,marking   ] GC(188) Concurrent Clear Claimed Marks
[2020-09-30T09:17:37.262+0000][16584][safepoint    ] Safepoint "G1TryInitiateConcMark", Time since last: 21062000 ns, Reaching safepoint: 161500 ns, At safepoint: 6793400 ns, Total: 6954900 ns
[2020-09-30T09:17:37.262+0000][16584][gc,marking   ] GC(188) Concurrent Clear Claimed Marks 0.360ms
[2020-09-30T09:17:37.262+0000][16584][gc,marking   ] GC(188) Concurrent Scan Root Regions
[2020-09-30T09:17:37.264+0000][16584][gc,marking   ] GC(188) Concurrent Scan Root Regions 2.403ms
[2020-09-30T09:17:37.264+0000][16584][gc,marking   ] GC(188) Concurrent Mark (151.121s)
[2020-09-30T09:17:37.264+0000][16584][gc,marking   ] GC(188) Concurrent Mark From Roots
[2020-09-30T09:17:37.265+0000][16584][gc,task      ] GC(188) Using 2 workers of 2 for marking
[2020-09-30T09:17:37.431+0000][16584][gc,marking   ] GC(188) Concurrent Mark From Roots 167.040ms
[2020-09-30T09:17:37.432+0000][16584][gc,marking   ] GC(188) Concurrent Preclean
[2020-09-30T09:17:37.432+0000][16584][gc,marking   ] GC(188) Concurrent Preclean 0.545ms
[2020-09-30T09:17:37.432+0000][16584][gc,marking   ] GC(188) Concurrent Mark (151.121s, 151.289s) 167.780ms
[2020-09-30T09:17:37.432+0000][16584][gc,start     ] GC(188) Pause Remark
[2020-09-30T09:17:37.440+0000][16584][gc           ] GC(188) Pause Remark 585M->585M(1024M) 7.507ms
[2020-09-30T09:17:37.440+0000][16584][gc,cpu       ] GC(188) User=0.08s Sys=0.00s Real=0.01s
[2020-09-30T09:17:37.440+0000][16584][safepoint    ] Safepoint "G1Concurrent", Time since last: 170678600 ns, Reaching safepoint: 158000 ns, At safepoint: 7789400 ns, Total: 7947400 ns
[2020-09-30T09:17:37.440+0000][16584][gc,marking   ] GC(188) Concurrent Rebuild Remembered Sets
[2020-09-30T09:17:37.543+0000][16584][gc,marking   ] GC(188) Concurrent Rebuild Remembered Sets 102.849ms
[2020-09-30T09:17:37.543+0000][16584][gc,start     ] GC(188) Pause Cleanup
[2020-09-30T09:17:37.544+0000][16584][gc           ] GC(188) Pause Cleanup 666M->666M(1024M) 0.419ms
[2020-09-30T09:17:37.544+0000][16584][gc,cpu       ] GC(188) User=0.00s Sys=0.00s Real=0.00s
[2020-09-30T09:17:37.546+0000][16584][safepoint    ] Safepoint "G1Concurrent", Time since last: 103078700 ns, Reaching safepoint: 194000 ns, At safepoint: 2613900 ns, Total: 2807900 ns
[2020-09-30T09:17:37.546+0000][16584][gc,marking   ] GC(188) Concurrent Cleanup for Next Mark
[2020-09-30T09:17:37.548+0000][16584][gc,marking   ] GC(188) Concurrent Cleanup for Next Mark 1.923ms
[2020-09-30T09:17:37.548+0000][16584][gc           ] GC(188) Concurrent Cycle 286.882ms
[2020-09-30T09:17:37.551+0000][16584][gc,start     ] GC(189) Pause Young (Concurrent Start) (G1 Humongous Allocation)
[2020-09-30T09:17:37.552+0000][16584][gc,task      ] GC(189) Using 8 workers of 8 for evacuation
[2020-09-30T09:17:37.552+0000][16584][gc,age       ] GC(189) Desired survivor size 32505856 bytes, new threshold 15 (max threshold 15)
[2020-09-30T09:17:37.557+0000][16584][gc,age       ] GC(189) Age table with threshold 15 (max threshold 15)
[2020-09-30T09:17:37.557+0000][16584][gc,age       ] GC(189) - age   1:    6030536 bytes,    6030536 total
[2020-09-30T09:17:37.557+0000][16584][gc,age       ] GC(189) - age   2:      14976 bytes,    6045512 total
[2020-09-30T09:17:37.557+0000][16584][gc,age       ] GC(189) - age   3:       2120 bytes,    6047632 total
[2020-09-30T09:17:37.557+0000][16584][gc,age       ] GC(189) - age   4:       1024 bytes,    6048656 total
[2020-09-30T09:17:37.557+0000][16584][gc,age       ] GC(189) - age   5:       2144 bytes,    6050800 total
[2020-09-30T09:17:37.557+0000][16584][gc,age       ] GC(189) - age   6:       1200 bytes,    6052000 total
[2020-09-30T09:17:37.557+0000][16584][gc,age       ] GC(189) - age   7:      12936 bytes,    6064936 total
[2020-09-30T09:17:37.557+0000][16584][gc,age       ] GC(189) - age   8:        776 bytes,    6065712 total
[2020-09-30T09:17:37.557+0000][16584][gc,age       ] GC(189) - age   9:        744 bytes,    6066456 total
[2020-09-30T09:17:37.557+0000][16584][gc,age       ] GC(189) - age  10:      13784 bytes,    6080240 total
[2020-09-30T09:17:37.557+0000][16584][gc,age       ] GC(189) - age  11:      13616 bytes,    6093856 total
[2020-09-30T09:17:37.557+0000][16584][gc,age       ] GC(189) - age  12:      11032 bytes,    6104888 total
[2020-09-30T09:17:37.557+0000][16584][gc,age       ] GC(189) - age  13:        576 bytes,    6105464 total
[2020-09-30T09:17:37.557+0000][16584][gc,age       ] GC(189) - age  14:        336 bytes,    6105800 total
[2020-09-30T09:17:37.557+0000][16584][gc,age       ] GC(189) - age  15:       3064 bytes,    6108864 total
[2020-09-30T09:17:37.557+0000][16584][gc,phases    ] GC(189)   Pre Evacuate Collection Set: 0.5ms
[2020-09-30T09:17:37.557+0000][16584][gc,phases    ] GC(189)   Merge Heap Roots: 0.1ms
[2020-09-30T09:17:37.557+0000][16584][gc,phases    ] GC(189)   Evacuate Collection Set: 2.7ms
[2020-09-30T09:17:37.557+0000][16584][gc,phases    ] GC(189)   Post Evacuate Collection Set: 1.3ms
[2020-09-30T09:17:37.557+0000][16584][gc,phases    ] GC(189)   Other: 1.2ms
[2020-09-30T09:17:37.557+0000][16584][gc,heap      ] GC(189) Eden regions: 98->0(487)
[2020-09-30T09:17:37.558+0000][16584][gc,heap      ] GC(189) Survivor regions: 12->7(62)
[2020-09-30T09:17:37.558+0000][16584][gc,heap      ] GC(189) Old regions: 77->77
[2020-09-30T09:17:37.558+0000][16584][gc,heap      ] GC(189) Archive regions: 0->0
[2020-09-30T09:17:37.558+0000][16584][gc,heap      ] GC(189) Humongous regions: 484->174
[2020-09-30T09:17:37.558+0000][16584][gc,metaspace ] GC(189) Metaspace: 87359K(93184K)->87359K(93184K) NonClass: 76213K(79616K)->76213K(79616K) Class: 11145K(13568K)->11145K(13568K)
[2020-09-30T09:17:37.558+0000][16584][gc           ] GC(189) Pause Young (Concurrent Start) (G1 Humongous Allocation) 669M->257M(1024M) 6.330ms
[2020-09-30T09:17:37.558+0000][16584][gc,cpu       ] GC(189) User=0.00s Sys=0.00s Real=0.01s
[2020-09-30T09:17:37.558+0000][16584][gc           ] GC(190) Concurrent Cycle
[2020-09-30T09:17:37.558+0000][16584][gc,marking   ] GC(190) Concurrent Clear Claimed Marks
[2020-09-30T09:17:37.558+0000][16584][safepoint    ] Safepoint "G1TryInitiateConcMark", Time since last: 5205800 ns, Reaching safepoint: 148500 ns, At safepoint: 6714200 ns, Total: 6862700 ns
[2020-09-30T09:17:37.558+0000][16584][gc,marking   ] GC(190) Concurrent Clear Claimed Marks 0.327ms
[2020-09-30T09:17:37.558+0000][16584][gc,marking   ] GC(190) Concurrent Scan Root Regions
[2020-09-30T09:17:37.561+0000][16584][gc,marking   ] GC(190) Concurrent Scan Root Regions 2.766ms
[2020-09-30T09:17:37.561+0000][16584][gc,marking   ] GC(190) Concurrent Mark (151.418s)
[2020-09-30T09:17:37.561+0000][16584][gc,marking   ] GC(190) Concurrent Mark From Roots
[2020-09-30T09:17:37.561+0000][16584][gc,task      ] GC(190) Using 2 workers of 2 for marking
[2020-09-30T09:17:37.722+0000][16584][gc,marking   ] GC(190) Concurrent Mark From Roots 160.828ms
[2020-09-30T09:17:37.722+0000][16584][gc,marking   ] GC(190) Concurrent Preclean
[2020-09-30T09:17:37.744+0000][16584][gc,marking   ] GC(190) Concurrent Preclean 21.606ms
[2020-09-30T09:17:37.744+0000][16584][gc,marking   ] GC(190) Concurrent Mark (151.418s, 151.601s) 182.703ms
[2020-09-30T09:17:37.744+0000][16584][gc,start     ] GC(190) Pause Remark
[2020-09-30T09:17:37.751+0000][16584][gc           ] GC(190) Pause Remark 458M->458M(1024M) 6.651ms
[2020-09-30T09:17:37.751+0000][16584][gc,cpu       ] GC(190) User=0.09s Sys=0.00s Real=0.01s
[2020-09-30T09:17:37.751+0000][16584][safepoint    ] Safepoint "G1Concurrent", Time since last: 186054000 ns, Reaching safepoint: 196400 ns, At safepoint: 7014500 ns, Total: 7210900 ns
[2020-09-30T09:17:37.751+0000][16584][gc,marking   ] GC(190) Concurrent Rebuild Remembered Sets
[2020-09-30T09:17:37.848+0000][16584][gc,marking   ] GC(190) Concurrent Rebuild Remembered Sets 96.259ms
[2020-09-30T09:17:37.848+0000][16584][gc,start     ] GC(190) Pause Cleanup
[2020-09-30T09:17:37.849+0000][16584][gc           ] GC(190) Pause Cleanup 465M->465M(1024M) 0.403ms
[2020-09-30T09:17:37.849+0000][16584][gc,cpu       ] GC(190) User=0.00s Sys=0.00s Real=0.00s
[2020-09-30T09:17:37.849+0000][16584][safepoint    ] Safepoint "G1Concurrent", Time since last: 96494900 ns, Reaching safepoint: 224100 ns, At safepoint: 640100 ns, Total: 864200 ns
[2020-09-30T09:17:37.849+0000][16584][gc,marking   ] GC(190) Concurrent Cleanup for Next Mark
[2020-09-30T09:17:37.851+0000][16584][gc,marking   ] GC(190) Concurrent Cleanup for Next Mark 2.093ms
[2020-09-30T09:17:37.851+0000][16584][gc           ] GC(190) Concurrent Cycle 293.092ms
[2020-09-30T09:17:37.884+0000][16584][gc,start     ] GC(191) Pause Young (Concurrent Start) (G1 Humongous Allocation)
[2020-09-30T09:17:37.884+0000][16584][gc,task      ] GC(191) Using 8 workers of 8 for evacuation
[2020-09-30T09:17:37.884+0000][16584][gc,age       ] GC(191) Desired survivor size 32505856 bytes, new threshold 15 (max threshold 15)
[2020-09-30T09:17:37.888+0000][16584][gc,age       ] GC(191) Age table with threshold 15 (max threshold 15)
[2020-09-30T09:17:37.888+0000][16584][gc,age       ] GC(191) - age   1:    3450496 bytes,    3450496 total
[2020-09-30T09:17:37.888+0000][16584][gc,age       ] GC(191) - age   2:      65792 bytes,    3516288 total
[2020-09-30T09:17:37.888+0000][16584][gc,age       ] GC(191) - age   3:      14768 bytes,    3531056 total
[2020-09-30T09:17:37.888+0000][16584][gc,age       ] GC(191) - age   4:       1552 bytes,    3532608 total
[2020-09-30T09:17:37.888+0000][16584][gc,age       ] GC(191) - age   5:       1024 bytes,    3533632 total
[2020-09-30T09:17:37.889+0000][16584][gc,age       ] GC(191) - age   6:       2080 bytes,    3535712 total
[2020-09-30T09:17:37.889+0000][16584][gc,age       ] GC(191) - age   7:       1200 bytes,    3536912 total
[2020-09-30T09:17:37.889+0000][16584][gc,age       ] GC(191) - age   8:      12936 bytes,    3549848 total
[2020-09-30T09:17:37.889+0000][16584][gc,age       ] GC(191) - age   9:        744 bytes,    3550592 total
[2020-09-30T09:17:37.889+0000][16584][gc,age       ] GC(191) - age  10:        712 bytes,    3551304 total
[2020-09-30T09:17:37.889+0000][16584][gc,age       ] GC(191) - age  11:      13784 bytes,    3565088 total
[2020-09-30T09:17:37.889+0000][16584][gc,age       ] GC(191) - age  12:      13616 bytes,    3578704 total
[2020-09-30T09:17:37.889+0000][16584][gc,age       ] GC(191) - age  13:      11032 bytes,    3589736 total
[2020-09-30T09:17:37.889+0000][16584][gc,age       ] GC(191) - age  14:        576 bytes,    3590312 total
[2020-09-30T09:17:37.889+0000][16584][gc,age       ] GC(191) - age  15:        272 bytes,    3590584 total
[2020-09-30T09:17:37.889+0000][16584][gc,phases    ] GC(191)   Pre Evacuate Collection Set: 0.5ms
[2020-09-30T09:17:37.889+0000][16584][gc,phases    ] GC(191)   Merge Heap Roots: 0.1ms
[2020-09-30T09:17:37.889+0000][16584][gc,phases    ] GC(191)   Evacuate Collection Set: 2.5ms
[2020-09-30T09:17:37.889+0000][16584][gc,phases    ] GC(191)   Post Evacuate Collection Set: 1.1ms
[2020-09-30T09:17:37.889+0000][16584][gc,phases    ] GC(191)   Other: 1.1ms
[2020-09-30T09:17:37.889+0000][16584][gc,heap      ] GC(191) Eden regions: 63->0(492)
[2020-09-30T09:17:37.889+0000][16584][gc,heap      ] GC(191) Survivor regions: 7->4(62)
[2020-09-30T09:17:37.889+0000][16584][gc,heap      ] GC(191) Old regions: 77->77
[2020-09-30T09:17:37.889+0000][16584][gc,heap      ] GC(191) Archive regions: 0->0
[2020-09-30T09:17:37.889+0000][16584][gc,heap      ] GC(191) Humongous regions: 324->174
[2020-09-30T09:17:37.889+0000][16584][gc,metaspace ] GC(191) Metaspace: 87363K(93184K)->87363K(93184K) NonClass: 76217K(79616K)->76217K(79616K) Class: 11145K(13568K)->11145K(13568K)
[2020-09-30T09:17:37.889+0000][16584][gc           ] GC(191) Pause Young (Concurrent Start) (G1 Humongous Allocation) 469M->254M(1024M) 5.800ms
[2020-09-30T09:17:37.890+0000][16584][gc,cpu       ] GC(191) User=0.03s Sys=0.02s Real=0.01s
[2020-09-30T09:17:37.890+0000][16584][gc           ] GC(192) Concurrent Cycle
[2020-09-30T09:17:37.890+0000][16584][safepoint    ] Safepoint "G1TryInitiateConcMark", Time since last: 34665500 ns, Reaching safepoint: 180600 ns, At safepoint: 6064000 ns, Total: 6244600 ns
[2020-09-30T09:17:37.890+0000][16584][gc,marking   ] GC(192) Concurrent Clear Claimed Marks
[2020-09-30T09:17:37.890+0000][16584][gc,marking   ] GC(192) Concurrent Clear Claimed Marks 0.456ms
[2020-09-30T09:17:37.890+0000][16584][gc,marking   ] GC(192) Concurrent Scan Root Regions
[2020-09-30T09:17:37.893+0000][16584][gc,marking   ] GC(192) Concurrent Scan Root Regions 2.310ms
[2020-09-30T09:17:37.893+0000][16584][gc,marking   ] GC(192) Concurrent Mark (151.749s)
[2020-09-30T09:17:37.893+0000][16584][gc,marking   ] GC(192) Concurrent Mark From Roots
[2020-09-30T09:17:37.893+0000][16584][gc,task      ] GC(192) Using 2 workers of 2 for marking
[2020-09-30T09:17:38.050+0000][16584][gc,marking   ] GC(192) Concurrent Mark From Roots 157.039ms
[2020-09-30T09:17:38.050+0000][16584][gc,marking   ] GC(192) Concurrent Preclean
[2020-09-30T09:17:38.050+0000][16584][gc,marking   ] GC(192) Concurrent Preclean 0.527ms
[2020-09-30T09:17:38.050+0000][16584][gc,marking   ] GC(192) Concurrent Mark (151.749s, 151.907s) 157.779ms
[2020-09-30T09:17:38.051+0000][16584][gc,start     ] GC(192) Pause Remark
[2020-09-30T09:17:38.057+0000][16584][gc           ] GC(192) Pause Remark 388M->388M(1024M) 6.142ms
[2020-09-30T09:17:38.057+0000][16584][gc,cpu       ] GC(192) User=0.00s Sys=0.00s Real=0.01s
[2020-09-30T09:17:38.058+0000][16584][safepoint    ] Safepoint "G1Concurrent", Time since last: 160845100 ns, Reaching safepoint: 613200 ns, At safepoint: 7009300 ns, Total: 7622500 ns
[2020-09-30T09:17:38.058+0000][16584][gc,marking   ] GC(192) Concurrent Rebuild Remembered Sets
[2020-09-30T09:17:38.151+0000][16584][gc,marking   ] GC(192) Concurrent Rebuild Remembered Sets 92.958ms
[2020-09-30T09:17:38.173+0000][16584][gc,start     ] GC(192) Pause Cleanup
[2020-09-30T09:17:38.173+0000][16584][gc           ] GC(192) Pause Cleanup 389M->389M(1024M) 0.339ms
[2020-09-30T09:17:38.173+0000][16584][gc,cpu       ] GC(192) User=0.00s Sys=0.00s Real=0.00s
[2020-09-30T09:17:38.173+0000][16584][safepoint    ] Safepoint "G1Concurrent", Time since last: 93184200 ns, Reaching safepoint: 21579500 ns, At safepoint: 553900 ns, Total: 22133400 ns
[2020-09-30T09:17:38.173+0000][16584][gc,marking   ] GC(192) Concurrent Cleanup for Next Mark
[2020-09-30T09:17:38.175+0000][16584][gc,marking   ] GC(192) Concurrent Cleanup for Next Mark 1.749ms
[2020-09-30T09:17:38.175+0000][16584][gc           ] GC(192) Concurrent Cycle 285.767ms
[2020-09-30T09:17:38.359+0000][16584][gc,start     ] GC(193) Pause Young (Concurrent Start) (G1 Humongous Allocation)
[2020-09-30T09:17:38.359+0000][16584][gc,task      ] GC(193) Using 8 workers of 8 for evacuation
[2020-09-30T09:17:38.359+0000][16584][gc,age       ] GC(193) Desired survivor size 32505856 bytes, new threshold 15 (max threshold 15)
[2020-09-30T09:17:38.364+0000][16584][gc,age       ] GC(193) Age table with threshold 15 (max threshold 15)
[2020-09-30T09:17:38.364+0000][16584][gc,age       ] GC(193) - age   1:    3355520 bytes,    3355520 total
[2020-09-30T09:17:38.364+0000][16584][gc,age       ] GC(193) - age   2:     600992 bytes,    3956512 total
[2020-09-30T09:17:38.364+0000][16584][gc,age       ] GC(193) - age   3:       5024 bytes,    3961536 total
[2020-09-30T09:17:38.364+0000][16584][gc,age       ] GC(193) - age   4:      14640 bytes,    3976176 total
[2020-09-30T09:17:38.364+0000][16584][gc,age       ] GC(193) - age   5:       1336 bytes,    3977512 total
[2020-09-30T09:17:38.364+0000][16584][gc,age       ] GC(193) - age   6:        960 bytes,    3978472 total
[2020-09-30T09:17:38.364+0000][16584][gc,age       ] GC(193) - age   7:       2016 bytes,    3980488 total
[2020-09-30T09:17:38.364+0000][16584][gc,age       ] GC(193) - age   8:       1200 bytes,    3981688 total
[2020-09-30T09:17:38.364+0000][16584][gc,age       ] GC(193) - age   9:      12552 bytes,    3994240 total
[2020-09-30T09:17:38.364+0000][16584][gc,age       ] GC(193) - age  10:        744 bytes,    3994984 total
[2020-09-30T09:17:38.364+0000][16584][gc,age       ] GC(193) - age  11:        712 bytes,    3995696 total
[2020-09-30T09:17:38.364+0000][16584][gc,age       ] GC(193) - age  12:      13784 bytes,    4009480 total
[2020-09-30T09:17:38.364+0000][16584][gc,age       ] GC(193) - age  13:      13488 bytes,    4022968 total
[2020-09-30T09:17:38.364+0000][16584][gc,age       ] GC(193) - age  14:      11000 bytes,    4033968 total
[2020-09-30T09:17:38.364+0000][16584][gc,age       ] GC(193) - age  15:        576 bytes,    4034544 total
[2020-09-30T09:17:38.365+0000][16584][gc,phases    ] GC(193)   Pre Evacuate Collection Set: 0.4ms
[2020-09-30T09:17:38.365+0000][16584][gc,phases    ] GC(193)   Merge Heap Roots: 0.1ms
[2020-09-30T09:17:38.365+0000][16584][gc,phases    ] GC(193)   Evacuate Collection Set: 2.8ms
[2020-09-30T09:17:38.365+0000][16584][gc,phases    ] GC(193)   Post Evacuate Collection Set: 0.9ms
[2020-09-30T09:17:38.365+0000][16584][gc,phases    ] GC(193)   Other: 1.2ms
[2020-09-30T09:17:38.365+0000][16584][gc,heap      ] GC(193) Eden regions: 43->0(493)
[2020-09-30T09:17:38.365+0000][16584][gc,heap      ] GC(193) Survivor regions: 4->5(62)
[2020-09-30T09:17:38.365+0000][16584][gc,heap      ] GC(193) Old regions: 77->77
[2020-09-30T09:17:38.365+0000][16584][gc,heap      ] GC(193) Archive regions: 0->0
[2020-09-30T09:17:38.365+0000][16584][gc,heap      ] GC(193) Humongous regions: 278->174
[2020-09-30T09:17:38.365+0000][16584][gc,metaspace ] GC(193) Metaspace: 87363K(93184K)->87363K(93184K) NonClass: 76217K(79616K)->76217K(79616K) Class: 11145K(13568K)->11145K(13568K)
[2020-09-30T09:17:38.365+0000][16584][gc           ] GC(193) Pause Young (Concurrent Start) (G1 Humongous Allocation) 401M->254M(1024M) 5.893ms
[2020-09-30T09:17:38.365+0000][16584][gc,cpu       ] GC(193) User=0.00s Sys=0.00s Real=0.01s
[2020-09-30T09:17:38.365+0000][16584][gc           ] GC(194) Concurrent Cycle
[2020-09-30T09:17:38.365+0000][16584][safepoint    ] Safepoint "G1TryInitiateConcMark", Time since last: 185558800 ns, Reaching safepoint: 224100 ns, At safepoint: 6127200 ns, Total: 6351300 ns
[2020-09-30T09:17:38.365+0000][16584][gc,marking   ] GC(194) Concurrent Clear Claimed Marks
[2020-09-30T09:17:38.366+0000][16584][gc,marking   ] GC(194) Concurrent Clear Claimed Marks 0.637ms
[2020-09-30T09:17:38.366+0000][16584][gc,marking   ] GC(194) Concurrent Scan Root Regions
[2020-09-30T09:17:38.369+0000][16584][gc,marking   ] GC(194) Concurrent Scan Root Regions 2.983ms
[2020-09-30T09:17:38.369+0000][16584][gc,marking   ] GC(194) Concurrent Mark (152.226s)
[2020-09-30T09:17:38.369+0000][16584][gc,marking   ] GC(194) Concurrent Mark From Roots
[2020-09-30T09:17:38.369+0000][16584][gc,task      ] GC(194) Using 2 workers of 2 for marking
[2020-09-30T09:17:38.534+0000][16584][gc,marking   ] GC(194) Concurrent Mark From Roots 164.975ms
[2020-09-30T09:17:38.534+0000][16584][gc,marking   ] GC(194) Concurrent Preclean
[2020-09-30T09:17:38.535+0000][16584][gc,marking   ] GC(194) Concurrent Preclean 0.672ms
[2020-09-30T09:17:38.535+0000][16584][gc,marking   ] GC(194) Concurrent Mark (152.226s, 152.392s) 165.875ms
[2020-09-30T09:17:38.538+0000][16584][gc,start     ] GC(194) Pause Remark
[2020-09-30T09:17:38.544+0000][16584][gc           ] GC(194) Pause Remark 390M->390M(1024M) 6.597ms
[2020-09-30T09:17:38.544+0000][16584][gc,cpu       ] GC(194) User=0.00s Sys=0.00s Real=0.01s
[2020-09-30T09:17:38.555+0000][16584][safepoint    ] Safepoint "G1Concurrent", Time since last: 169948900 ns, Reaching safepoint: 2524500 ns, At safepoint: 17208500 ns, Total: 19733000 ns
[2020-09-30T09:17:38.555+0000][16584][gc,marking   ] GC(194) Concurrent Rebuild Remembered Sets
[2020-09-30T09:17:38.651+0000][16584][gc,marking   ] GC(194) Concurrent Rebuild Remembered Sets 95.789ms
[2020-09-30T09:17:38.651+0000][16584][gc,start     ] GC(194) Pause Cleanup
[2020-09-30T09:17:38.652+0000][16584][gc           ] GC(194) Pause Cleanup 393M->393M(1024M) 0.409ms
[2020-09-30T09:17:38.652+0000][16584][gc,cpu       ] GC(194) User=0.00s Sys=0.00s Real=0.00s
[2020-09-30T09:17:38.652+0000][16584][safepoint    ] Safepoint "G1Concurrent", Time since last: 96063000 ns, Reaching safepoint: 260400 ns, At safepoint: 612300 ns, Total: 872700 ns
[2020-09-30T09:17:38.652+0000][16584][gc,marking   ] GC(194) Concurrent Cleanup for Next Mark
[2020-09-30T09:17:38.654+0000][16584][gc,marking   ] GC(194) Concurrent Cleanup for Next Mark 1.925ms
[2020-09-30T09:17:38.654+0000][16584][gc           ] GC(194) Concurrent Cycle 288.769ms
[2020-09-30T09:17:38.682+0000][16584][gc,start     ] GC(195) Pause Young (Concurrent Start) (G1 Humongous Allocation)
[2020-09-30T09:17:38.682+0000][16584][gc,task      ] GC(195) Using 8 workers of 8 for evacuation
[2020-09-30T09:17:38.682+0000][16584][gc,age       ] GC(195) Desired survivor size 33030144 bytes, new threshold 15 (max threshold 15)
[2020-09-30T09:17:38.687+0000][16584][gc,age       ] GC(195) Age table with threshold 15 (max threshold 15)
[2020-09-30T09:17:38.687+0000][16584][gc,age       ] GC(195) - age   1:    3354832 bytes,    3354832 total
[2020-09-30T09:17:38.687+0000][16584][gc,age       ] GC(195) - age   2:     406776 bytes,    3761608 total
[2020-09-30T09:17:38.687+0000][16584][gc,age       ] GC(195) - age   3:     201544 bytes,    3963152 total
[2020-09-30T09:17:38.687+0000][16584][gc,age       ] GC(195) - age   4:       2008 bytes,    3965160 total
[2020-09-30T09:17:38.687+0000][16584][gc,age       ] GC(195) - age   5:      14448 bytes,    3979608 total
[2020-09-30T09:17:38.687+0000][16584][gc,age       ] GC(195) - age   6:       1272 bytes,    3980880 total
[2020-09-30T09:17:38.687+0000][16584][gc,age       ] GC(195) - age   7:        832 bytes,    3981712 total
[2020-09-30T09:17:38.687+0000][16584][gc,age       ] GC(195) - age   8:       2016 bytes,    3983728 total
[2020-09-30T09:17:38.687+0000][16584][gc,age       ] GC(195) - age   9:       1200 bytes,    3984928 total
[2020-09-30T09:17:38.687+0000][16584][gc,age       ] GC(195) - age  10:      12424 bytes,    3997352 total
[2020-09-30T09:17:38.687+0000][16584][gc,age       ] GC(195) - age  11:        680 bytes,    3998032 total
[2020-09-30T09:17:38.687+0000][16584][gc,age       ] GC(195) - age  12:        712 bytes,    3998744 total
[2020-09-30T09:17:38.687+0000][16584][gc,age       ] GC(195) - age  13:      13784 bytes,    4012528 total
[2020-09-30T09:17:38.687+0000][16584][gc,age       ] GC(195) - age  14:      13296 bytes,    4025824 total
[2020-09-30T09:17:38.688+0000][16584][gc,age       ] GC(195) - age  15:      11000 bytes,    4036824 total
[2020-09-30T09:17:38.688+0000][16584][gc,phases    ] GC(195)   Pre Evacuate Collection Set: 0.5ms
[2020-09-30T09:17:38.688+0000][16584][gc,phases    ] GC(195)   Merge Heap Roots: 0.1ms
[2020-09-30T09:17:38.688+0000][16584][gc,phases    ] GC(195)   Evacuate Collection Set: 2.6ms
[2020-09-30T09:17:38.688+0000][16584][gc,phases    ] GC(195)   Post Evacuate Collection Set: 1.0ms
[2020-09-30T09:17:38.688+0000][16584][gc,phases    ] GC(195)   Other: 1.3ms
[2020-09-30T09:17:38.688+0000][16584][gc,heap      ] GC(195) Eden regions: 41->0(495)
[2020-09-30T09:17:38.688+0000][16584][gc,heap      ] GC(195) Survivor regions: 5->5(63)
[2020-09-30T09:17:38.688+0000][16584][gc,heap      ] GC(195) Old regions: 77->77
[2020-09-30T09:17:38.688+0000][16584][gc,heap      ] GC(195) Archive regions: 0->0
[2020-09-30T09:17:38.688+0000][16584][gc,heap      ] GC(195) Humongous regions: 278->174
[2020-09-30T09:17:38.688+0000][16584][gc,metaspace ] GC(195) Metaspace: 87363K(93184K)->87363K(93184K) NonClass: 76217K(79616K)->76217K(79616K) Class: 11145K(13568K)->11145K(13568K)
[2020-09-30T09:17:38.688+0000][16584][gc           ] GC(195) Pause Young (Concurrent Start) (G1 Humongous Allocation) 399M->254M(1024M) 6.012ms
[2020-09-30T09:17:38.688+0000][16584][gc,cpu       ] GC(195) User=0.11s Sys=0.00s Real=0.01s
[2020-09-30T09:17:38.688+0000][16584][gc           ] GC(196) Concurrent Cycle
[2020-09-30T09:17:38.688+0000][16584][gc,marking   ] GC(196) Concurrent Clear Claimed Marks
[2020-09-30T09:17:38.689+0000][16584][gc,marking   ] GC(196) Concurrent Clear Claimed Marks 0.484ms
[2020-09-30T09:17:38.689+0000][16584][gc,marking   ] GC(196) Concurrent Scan Root Regions
[2020-09-30T09:17:38.691+0000][16584][safepoint    ] Safepoint "G1TryInitiateConcMark", Time since last: 30060400 ns, Reaching safepoint: 147800 ns, At safepoint: 8507100 ns, Total: 8654900 ns
[2020-09-30T09:17:38.692+0000][16584][gc,marking   ] GC(196) Concurrent Scan Root Regions 2.577ms
[2020-09-30T09:17:38.692+0000][16584][gc,marking   ] GC(196) Concurrent Mark (152.548s)
[2020-09-30T09:17:38.692+0000][16584][gc,marking   ] GC(196) Concurrent Mark From Roots
[2020-09-30T09:17:38.692+0000][16584][gc,task      ] GC(196) Using 2 workers of 2 for marking
[2020-09-30T09:17:38.862+0000][16584][gc,marking   ] GC(196) Concurrent Mark From Roots 170.793ms
[2020-09-30T09:17:38.863+0000][16584][gc,marking   ] GC(196) Concurrent Preclean
[2020-09-30T09:17:38.863+0000][16584][gc,marking   ] GC(196) Concurrent Preclean 0.726ms
[2020-09-30T09:17:38.863+0000][16584][gc,marking   ] GC(196) Concurrent Mark (152.548s, 152.720s) 171.776ms
[2020-09-30T09:17:38.864+0000][16584][gc,start     ] GC(196) Pause Remark
[2020-09-30T09:17:38.870+0000][16584][gc           ] GC(196) Pause Remark 390M->390M(1024M) 6.344ms
[2020-09-30T09:17:38.870+0000][16584][gc,cpu       ] GC(196) User=0.00s Sys=0.00s Real=0.01s
[2020-09-30T09:17:38.870+0000][16584][safepoint    ] Safepoint "G1Concurrent", Time since last: 172981300 ns, Reaching safepoint: 147600 ns, At safepoint: 6623400 ns, Total: 6771000 ns
[2020-09-30T09:17:38.870+0000][16584][gc,marking   ] GC(196) Concurrent Rebuild Remembered Sets
[2020-09-30T09:17:38.972+0000][16584][gc,marking   ] GC(196) Concurrent Rebuild Remembered Sets 101.279ms
[2020-09-30T09:17:38.972+0000][16584][gc,start     ] GC(196) Pause Cleanup
[2020-09-30T09:17:38.972+0000][16584][gc           ] GC(196) Pause Cleanup 398M->398M(1024M) 0.317ms
[2020-09-30T09:17:38.972+0000][16584][gc,cpu       ] GC(196) User=0.00s Sys=0.00s Real=0.00s
[2020-09-30T09:17:38.972+0000][16584][safepoint    ] Safepoint "G1Concurrent", Time since last: 101472900 ns, Reaching safepoint: 204900 ns, At safepoint: 514600 ns, Total: 719500 ns
[2020-09-30T09:17:38.972+0000][16584][gc,marking   ] GC(196) Concurrent Cleanup for Next Mark
[2020-09-30T09:17:38.974+0000][16584][gc,marking   ] GC(196) Concurrent Cleanup for Next Mark 1.827ms
[2020-09-30T09:17:38.974+0000][16584][gc           ] GC(196) Concurrent Cycle 286.238ms
[2020-09-30T09:17:38.997+0000][16584][gc,start     ] GC(197) Pause Young (Concurrent Start) (G1 Humongous Allocation)
[2020-09-30T09:17:38.997+0000][16584][gc,task      ] GC(197) Using 8 workers of 8 for evacuation
[2020-09-30T09:17:38.998+0000][16584][gc,age       ] GC(197) Desired survivor size 33030144 bytes, new threshold 15 (max threshold 15)
[2020-09-30T09:17:39.002+0000][16584][gc,age       ] GC(197) Age table with threshold 15 (max threshold 15)
[2020-09-30T09:17:39.002+0000][16584][gc,age       ] GC(197) - age   1:    7852552 bytes,    7852552 total
[2020-09-30T09:17:39.002+0000][16584][gc,age       ] GC(197) - age   2:       3648 bytes,    7856200 total
[2020-09-30T09:17:39.002+0000][16584][gc,age       ] GC(197) - age   3:       1720 bytes,    7857920 total
[2020-09-30T09:17:39.002+0000][16584][gc,age       ] GC(197) - age   4:        944 bytes,    7858864 total
[2020-09-30T09:17:39.002+0000][16584][gc,age       ] GC(197) - age   5:       1128 bytes,    7859992 total
[2020-09-30T09:17:39.002+0000][16584][gc,age       ] GC(197) - age   6:      14000 bytes,    7873992 total
[2020-09-30T09:17:39.002+0000][16584][gc,age       ] GC(197) - age   7:       1240 bytes,    7875232 total
[2020-09-30T09:17:39.002+0000][16584][gc,age       ] GC(197) - age   8:        832 bytes,    7876064 total
[2020-09-30T09:17:39.002+0000][16584][gc,age       ] GC(197) - age   9:       2016 bytes,    7878080 total
[2020-09-30T09:17:39.002+0000][16584][gc,age       ] GC(197) - age  10:       1200 bytes,    7879280 total
[2020-09-30T09:17:39.002+0000][16584][gc,age       ] GC(197) - age  11:      12296 bytes,    7891576 total
[2020-09-30T09:17:39.002+0000][16584][gc,age       ] GC(197) - age  12:        680 bytes,    7892256 total
[2020-09-30T09:17:39.002+0000][16584][gc,age       ] GC(197) - age  13:        712 bytes,    7892968 total
[2020-09-30T09:17:39.002+0000][16584][gc,age       ] GC(197) - age  14:      13744 bytes,    7906712 total
[2020-09-30T09:17:39.002+0000][16584][gc,age       ] GC(197) - age  15:      12904 bytes,    7919616 total
[2020-09-30T09:17:39.003+0000][16584][gc,phases    ] GC(197)   Pre Evacuate Collection Set: 0.5ms
[2020-09-30T09:17:39.003+0000][16584][gc,phases    ] GC(197)   Merge Heap Roots: 0.1ms
[2020-09-30T09:17:39.003+0000][16584][gc,phases    ] GC(197)   Evacuate Collection Set: 2.6ms
[2020-09-30T09:17:39.003+0000][16584][gc,phases    ] GC(197)   Post Evacuate Collection Set: 1.0ms
[2020-09-30T09:17:39.003+0000][16584][gc,phases    ] GC(197)   Other: 1.1ms
[2020-09-30T09:17:39.003+0000][16584][gc,heap      ] GC(197) Eden regions: 59->0(477)
[2020-09-30T09:17:39.003+0000][16584][gc,heap      ] GC(197) Survivor regions: 5->9(63)
[2020-09-30T09:17:39.003+0000][16584][gc,heap      ] GC(197) Old regions: 77->77
[2020-09-30T09:17:39.003+0000][16584][gc,heap      ] GC(197) Archive regions: 0->0
[2020-09-30T09:17:39.003+0000][16584][gc,heap      ] GC(197) Humongous regions: 274->174
[2020-09-30T09:17:39.003+0000][16584][gc,metaspace ] GC(197) Metaspace: 87377K(93184K)->87377K(93184K) NonClass: 76231K(79616K)->76231K(79616K) Class: 11145K(13568K)->11145K(13568K)
[2020-09-30T09:17:39.003+0000][16584][gc           ] GC(197) Pause Young (Concurrent Start) (G1 Humongous Allocation) 413M->258M(1024M) 5.678ms
[2020-09-30T09:17:39.003+0000][16584][gc,cpu       ] GC(197) User=0.13s Sys=0.00s Real=0.01s
[2020-09-30T09:17:39.003+0000][16584][gc           ] GC(198) Concurrent Cycle
[2020-09-30T09:17:39.003+0000][16584][safepoint    ] Safepoint "G1TryInitiateConcMark", Time since last: 24742400 ns, Reaching safepoint: 174000 ns, At safepoint: 6120400 ns, Total: 6294400 ns
[2020-09-30T09:17:39.003+0000][16584][gc,marking   ] GC(198) Concurrent Clear Claimed Marks
[2020-09-30T09:17:39.004+0000][16584][gc,marking   ] GC(198) Concurrent Clear Claimed Marks 0.568ms
[2020-09-30T09:17:39.004+0000][16584][gc,marking   ] GC(198) Concurrent Scan Root Regions
[2020-09-30T09:17:39.007+0000][16584][gc,marking   ] GC(198) Concurrent Scan Root Regions 2.806ms
[2020-09-30T09:17:39.007+0000][16584][gc,marking   ] GC(198) Concurrent Mark (152.864s)
[2020-09-30T09:17:39.007+0000][16584][gc,marking   ] GC(198) Concurrent Mark From Roots
[2020-09-30T09:17:39.007+0000][16584][gc,task      ] GC(198) Using 2 workers of 2 for marking
[2020-09-30T09:17:39.172+0000][16584][gc,marking   ] GC(198) Concurrent Mark From Roots 164.692ms
[2020-09-30T09:17:39.172+0000][16584][gc,marking   ] GC(198) Concurrent Preclean
[2020-09-30T09:17:39.173+0000][16584][gc,marking   ] GC(198) Concurrent Preclean 0.573ms
[2020-09-30T09:17:39.173+0000][16584][gc,marking   ] GC(198) Concurrent Mark (152.864s, 153.030s) 165.491ms
[2020-09-30T09:17:39.173+0000][16584][gc,start     ] GC(198) Pause Remark
[2020-09-30T09:17:39.219+0000][16584][gc           ] GC(198) Pause Remark 447M->447M(1024M) 46.040ms
[2020-09-30T09:17:39.219+0000][16584][gc,cpu       ] GC(198) User=0.13s Sys=0.02s Real=0.05s
[2020-09-30T09:17:39.219+0000][16584][safepoint    ] Safepoint "G1Concurrent", Time since last: 169420300 ns, Reaching safepoint: 180600 ns, At safepoint: 46372500 ns, Total: 46553100 ns
[2020-09-30T09:17:39.219+0000][16584][gc,marking   ] GC(198) Concurrent Rebuild Remembered Sets
[2020-09-30T09:17:39.325+0000][16584][gc,marking   ] GC(198) Concurrent Rebuild Remembered Sets 105.685ms
[2020-09-30T09:17:39.326+0000][16584][gc,start     ] GC(198) Pause Cleanup
[2020-09-30T09:17:39.326+0000][16584][gc           ] GC(198) Pause Cleanup 511M->511M(1024M) 0.367ms
[2020-09-30T09:17:39.326+0000][16584][gc,cpu       ] GC(198) User=0.00s Sys=0.00s Real=0.00s
[2020-09-30T09:17:39.326+0000][16584][safepoint    ] Safepoint "G1Concurrent", Time since last: 105923000 ns, Reaching safepoint: 184100 ns, At safepoint: 588400 ns, Total: 772500 ns
[2020-09-30T09:17:39.326+0000][16584][gc,marking   ] GC(198) Concurrent Cleanup for Next Mark
[2020-09-30T09:17:39.328+0000][16584][gc,marking   ] GC(198) Concurrent Cleanup for Next Mark 1.804ms
[2020-09-30T09:17:39.328+0000][16584][gc           ] GC(198) Concurrent Cycle 324.778ms
[2020-09-30T09:17:39.385+0000][16584][gc,start     ] GC(199) Pause Young (Concurrent Start) (G1 Humongous Allocation)
[2020-09-30T09:17:39.385+0000][16584][gc,task      ] GC(199) Using 8 workers of 8 for evacuation
[2020-09-30T09:17:39.385+0000][16584][gc,age       ] GC(199) Desired survivor size 31981568 bytes, new threshold 15 (max threshold 15)
[2020-09-30T09:17:39.389+0000][16584][gc,age       ] GC(199) Age table with threshold 15 (max threshold 15)
[2020-09-30T09:17:39.389+0000][16584][gc,age       ] GC(199) - age   1:    3032968 bytes,    3032968 total
[2020-09-30T09:17:39.389+0000][16584][gc,age       ] GC(199) - age   2:      88568 bytes,    3121536 total
[2020-09-30T09:17:39.390+0000][16584][gc,age       ] GC(199) - age   3:       3096 bytes,    3124632 total
[2020-09-30T09:17:39.390+0000][16584][gc,age       ] GC(199) - age   4:       1008 bytes,    3125640 total
[2020-09-30T09:17:39.390+0000][16584][gc,age       ] GC(199) - age   5:        472 bytes,    3126112 total
[2020-09-30T09:17:39.390+0000][16584][gc,age       ] GC(199) - age   6:       1128 bytes,    3127240 total
[2020-09-30T09:17:39.390+0000][16584][gc,age       ] GC(199) - age   7:      13776 bytes,    3141016 total
[2020-09-30T09:17:39.390+0000][16584][gc,age       ] GC(199) - age   8:       1112 bytes,    3142128 total
[2020-09-30T09:17:39.390+0000][16584][gc,age       ] GC(199) - age   9:        768 bytes,    3142896 total
[2020-09-30T09:17:39.390+0000][16584][gc,age       ] GC(199) - age  10:       2016 bytes,    3144912 total
[2020-09-30T09:17:39.390+0000][16584][gc,age       ] GC(199) - age  11:       1200 bytes,    3146112 total
[2020-09-30T09:17:39.390+0000][16584][gc,age       ] GC(199) - age  12:      12168 bytes,    3158280 total
[2020-09-30T09:17:39.390+0000][16584][gc,age       ] GC(199) - age  13:        648 bytes,    3158928 total
[2020-09-30T09:17:39.390+0000][16584][gc,age       ] GC(199) - age  14:        712 bytes,    3159640 total
[2020-09-30T09:17:39.390+0000][16584][gc,age       ] GC(199) - age  15:      11272 bytes,    3170912 total
[2020-09-30T09:17:39.390+0000][16584][gc,phases    ] GC(199)   Pre Evacuate Collection Set: 0.7ms
[2020-09-30T09:17:39.390+0000][16584][gc,phases    ] GC(199)   Merge Heap Roots: 0.1ms
[2020-09-30T09:17:39.390+0000][16584][gc,phases    ] GC(199)   Evacuate Collection Set: 2.1ms
[2020-09-30T09:17:39.390+0000][16584][gc,phases    ] GC(199)   Post Evacuate Collection Set: 0.9ms
[2020-09-30T09:17:39.390+0000][16584][gc,phases    ] GC(199)   Other: 1.2ms
[2020-09-30T09:17:39.390+0000][16584][gc,heap      ] GC(199) Eden regions: 72->0(487)
[2020-09-30T09:17:39.390+0000][16584][gc,heap      ] GC(199) Survivor regions: 9->4(61)
[2020-09-30T09:17:39.390+0000][16584][gc,heap      ] GC(199) Old regions: 77->77
[2020-09-30T09:17:39.391+0000][16584][gc,heap      ] GC(199) Archive regions: 0->0
[2020-09-30T09:17:39.391+0000][16584][gc,heap      ] GC(199) Humongous regions: 366->174
[2020-09-30T09:17:39.391+0000][16584][gc,metaspace ] GC(199) Metaspace: 87389K(93184K)->87389K(93184K) NonClass: 76243K(79616K)->76243K(79616K) Class: 11145K(13568K)->11145K(13568K)
[2020-09-30T09:17:39.391+0000][16584][gc           ] GC(199) Pause Young (Concurrent Start) (G1 Humongous Allocation) 522M->254M(1024M) 5.524ms
[2020-09-30T09:17:39.391+0000][16584][gc,cpu       ] GC(199) User=0.00s Sys=0.02s Real=0.01s
[2020-09-30T09:17:39.391+0000][16584][gc           ] GC(200) Concurrent Cycle
[2020-09-30T09:17:39.391+0000][16584][safepoint    ] Safepoint "G1TryInitiateConcMark", Time since last: 59357800 ns, Reaching safepoint: 156700 ns, At safepoint: 5771700 ns, Total: 5928400 ns
[2020-09-30T09:17:39.391+0000][16584][gc,marking   ] GC(200) Concurrent Clear Claimed Marks
[2020-09-30T09:17:39.391+0000][16584][gc,marking   ] GC(200) Concurrent Clear Claimed Marks 0.420ms
[2020-09-30T09:17:39.391+0000][16584][gc,marking   ] GC(200) Concurrent Scan Root Regions
[2020-09-30T09:17:39.394+0000][16584][gc,marking   ] GC(200) Concurrent Scan Root Regions 2.178ms
[2020-09-30T09:17:39.394+0000][16584][gc,marking   ] GC(200) Concurrent Mark (153.251s)
[2020-09-30T09:17:39.394+0000][16584][gc,marking   ] GC(200) Concurrent Mark From Roots
[2020-09-30T09:17:39.394+0000][16584][gc,task      ] GC(200) Using 2 workers of 2 for marking
[2020-09-30T09:17:39.567+0000][16584][gc,marking   ] GC(200) Concurrent Mark From Roots 172.919ms
[2020-09-30T09:17:39.567+0000][16584][gc,marking   ] GC(200) Concurrent Preclean
[2020-09-30T09:17:39.567+0000][16584][gc,marking   ] GC(200) Concurrent Preclean 0.579ms
[2020-09-30T09:17:39.567+0000][16584][gc,marking   ] GC(200) Concurrent Mark (153.251s, 153.425s) 173.706ms
[2020-09-30T09:17:39.568+0000][16584][gc,start     ] GC(200) Pause Remark
[2020-09-30T09:17:39.575+0000][16584][gc           ] GC(200) Pause Remark 582M->582M(1024M) 6.849ms
[2020-09-30T09:17:39.575+0000][16584][gc,cpu       ] GC(200) User=0.00s Sys=0.00s Real=0.01s
[2020-09-30T09:17:39.576+0000][16584][safepoint    ] Safepoint "G1Concurrent", Time since last: 176669000 ns, Reaching safepoint: 438300 ns, At safepoint: 7659000 ns, Total: 8097300 ns
[2020-09-30T09:17:39.576+0000][16584][gc,marking   ] GC(200) Concurrent Rebuild Remembered Sets
[2020-09-30T09:17:39.677+0000][16584][gc,marking   ] GC(200) Concurrent Rebuild Remembered Sets 101.587ms
[2020-09-30T09:17:39.678+0000][16584][gc,start     ] GC(200) Pause Cleanup
[2020-09-30T09:17:39.678+0000][16584][gc           ] GC(200) Pause Cleanup 665M->665M(1024M) 0.341ms
[2020-09-30T09:17:39.678+0000][16584][gc,cpu       ] GC(200) User=0.00s Sys=0.00s Real=0.00s
[2020-09-30T09:17:39.678+0000][16584][safepoint    ] Safepoint "G1Concurrent", Time since last: 101837100 ns, Reaching safepoint: 182200 ns, At safepoint: 518500 ns, Total: 700700 ns
[2020-09-30T09:17:39.678+0000][16584][gc,marking   ] GC(200) Concurrent Cleanup for Next Mark
[2020-09-30T09:17:39.680+0000][16584][gc,marking   ] GC(200) Concurrent Cleanup for Next Mark 1.882ms
[2020-09-30T09:17:39.680+0000][16584][gc           ] GC(200) Concurrent Cycle 289.441ms
[2020-09-30T09:17:39.696+0000][16584][gc,start     ] GC(201) Pause Young (Concurrent Start) (G1 Humongous Allocation)
[2020-09-30T09:17:39.696+0000][16584][gc,task      ] GC(201) Using 8 workers of 8 for evacuation
[2020-09-30T09:17:39.696+0000][16584][gc,age       ] GC(201) Desired survivor size 32505856 bytes, new threshold 15 (max threshold 15)
[2020-09-30T09:17:39.701+0000][16584][gc,age       ] GC(201) Age table with threshold 15 (max threshold 15)
[2020-09-30T09:17:39.701+0000][16584][gc,age       ] GC(201) - age   1:    3921152 bytes,    3921152 total
[2020-09-30T09:17:39.701+0000][16584][gc,age       ] GC(201) - age   2:       4344 bytes,    3925496 total
[2020-09-30T09:17:39.701+0000][16584][gc,age       ] GC(201) - age   3:      81264 bytes,    4006760 total
[2020-09-30T09:17:39.701+0000][16584][gc,age       ] GC(201) - age   4:       1136 bytes,    4007896 total
[2020-09-30T09:17:39.701+0000][16584][gc,age       ] GC(201) - age   5:        816 bytes,    4008712 total
[2020-09-30T09:17:39.701+0000][16584][gc,age       ] GC(201) - age   6:        376 bytes,    4009088 total
[2020-09-30T09:17:39.701+0000][16584][gc,age       ] GC(201) - age   7:        808 bytes,    4009896 total
[2020-09-30T09:17:39.701+0000][16584][gc,age       ] GC(201) - age   8:      13616 bytes,    4023512 total
[2020-09-30T09:17:39.701+0000][16584][gc,age       ] GC(201) - age   9:       1016 bytes,    4024528 total
[2020-09-30T09:17:39.701+0000][16584][gc,age       ] GC(201) - age  10:        736 bytes,    4025264 total
[2020-09-30T09:17:39.701+0000][16584][gc,age       ] GC(201) - age  11:       2016 bytes,    4027280 total
[2020-09-30T09:17:39.701+0000][16584][gc,age       ] GC(201) - age  12:       1200 bytes,    4028480 total
[2020-09-30T09:17:39.701+0000][16584][gc,age       ] GC(201) - age  13:      12136 bytes,    4040616 total
[2020-09-30T09:17:39.701+0000][16584][gc,age       ] GC(201) - age  14:        616 bytes,    4041232 total
[2020-09-30T09:17:39.701+0000][16584][gc,age       ] GC(201) - age  15:        712 bytes,    4041944 total
[2020-09-30T09:17:39.701+0000][16584][gc,phases    ] GC(201)   Pre Evacuate Collection Set: 0.6ms
[2020-09-30T09:17:39.701+0000][16584][gc,phases    ] GC(201)   Merge Heap Roots: 0.1ms
[2020-09-30T09:17:39.701+0000][16584][gc,phases    ] GC(201)   Evacuate Collection Set: 2.2ms
[2020-09-30T09:17:39.701+0000][16584][gc,phases    ] GC(201)   Post Evacuate Collection Set: 1.2ms
[2020-09-30T09:17:39.702+0000][16584][gc,phases    ] GC(201)   Other: 1.0ms
[2020-09-30T09:17:39.702+0000][16584][gc,heap      ] GC(201) Eden regions: 119->0(489)
[2020-09-30T09:17:39.702+0000][16584][gc,heap      ] GC(201) Survivor regions: 4->5(62)
[2020-09-30T09:17:39.702+0000][16584][gc,heap      ] GC(201) Old regions: 77->77
[2020-09-30T09:17:39.702+0000][16584][gc,heap      ] GC(201) Archive regions: 0->0
[2020-09-30T09:17:39.702+0000][16584][gc,heap      ] GC(201) Humongous regions: 472->174
[2020-09-30T09:17:39.702+0000][16584][gc,metaspace ] GC(201) Metaspace: 87404K(93440K)->87404K(93440K) NonClass: 76258K(79872K)->76258K(79872K) Class: 11145K(13568K)->11145K(13568K)
[2020-09-30T09:17:39.702+0000][16584][gc           ] GC(201) Pause Young (Concurrent Start) (G1 Humongous Allocation) 671M->255M(1024M) 5.661ms
[2020-09-30T09:17:39.702+0000][16584][gc,cpu       ] GC(201) User=0.03s Sys=0.00s Real=0.01s
[2020-09-30T09:17:39.702+0000][16584][safepoint    ] Safepoint "G1TryInitiateConcMark", Time since last: 17828400 ns, Reaching safepoint: 149900 ns, At safepoint: 5872200 ns, Total: 6022100 ns
[2020-09-30T09:17:39.702+0000][16584][gc           ] GC(202) Concurrent Cycle
[2020-09-30T09:17:39.702+0000][16584][gc,marking   ] GC(202) Concurrent Clear Claimed Marks
[2020-09-30T09:17:39.703+0000][16584][gc,marking   ] GC(202) Concurrent Clear Claimed Marks 0.540ms
[2020-09-30T09:17:39.703+0000][16584][gc,marking   ] GC(202) Concurrent Scan Root Regions
[2020-09-30T09:17:39.706+0000][16584][gc,marking   ] GC(202) Concurrent Scan Root Regions 3.203ms
[2020-09-30T09:17:39.706+0000][16584][gc,marking   ] GC(202) Concurrent Mark (153.564s)
[2020-09-30T09:17:39.706+0000][16584][gc,marking   ] GC(202) Concurrent Mark From Roots
[2020-09-30T09:17:39.706+0000][16584][gc,task      ] GC(202) Using 2 workers of 2 for marking
[2020-09-30T09:17:39.887+0000][16584][gc,marking   ] GC(202) Concurrent Mark From Roots 180.624ms
[2020-09-30T09:17:39.887+0000][16584][gc,marking   ] GC(202) Concurrent Preclean
[2020-09-30T09:17:39.887+0000][16584][gc,marking   ] GC(202) Concurrent Preclean 0.536ms
[2020-09-30T09:17:39.887+0000][16584][gc,marking   ] GC(202) Concurrent Mark (153.564s, 153.745s) 181.356ms
[2020-09-30T09:17:39.888+0000][16584][gc,start     ] GC(202) Pause Remark
[2020-09-30T09:17:39.895+0000][16584][gc           ] GC(202) Pause Remark 455M->455M(1024M) 7.235ms
[2020-09-30T09:17:39.895+0000][16584][gc,cpu       ] GC(202) User=0.11s Sys=0.00s Real=0.01s
[2020-09-30T09:17:39.895+0000][16584][safepoint    ] Safepoint "G1Concurrent", Time since last: 185552900 ns, Reaching safepoint: 202000 ns, At safepoint: 7535800 ns, Total: 7737800 ns
[2020-09-30T09:17:39.895+0000][16584][gc,marking   ] GC(202) Concurrent Rebuild Remembered Sets
[2020-09-30T09:17:39.997+0000][16584][gc,marking   ] GC(202) Concurrent Rebuild Remembered Sets 101.953ms
[2020-09-30T09:17:39.998+0000][16584][gc,start     ] GC(202) Pause Cleanup
[2020-09-30T09:17:39.998+0000][16584][gc           ] GC(202) Pause Cleanup 532M->532M(1024M) 0.346ms
[2020-09-30T09:17:39.998+0000][16584][gc,cpu       ] GC(202) User=0.00s Sys=0.00s Real=0.00s
[2020-09-30T09:17:39.998+0000][16584][safepoint    ] Safepoint "G1Concurrent", Time since last: 102177200 ns, Reaching safepoint: 177300 ns, At safepoint: 579100 ns, Total: 756400 ns
[2020-09-30T09:17:39.998+0000][16584][gc,marking   ] GC(202) Concurrent Cleanup for Next Mark
[2020-09-30T09:17:40.000+0000][16584][gc,marking   ] GC(202) Concurrent Cleanup for Next Mark 1.914ms
[2020-09-30T09:17:40.000+0000][16584][gc           ] GC(202) Concurrent Cycle 298.401ms
[2020-09-30T09:17:40.011+0000][16584][gc,start     ] GC(203) Pause Young (Concurrent Start) (G1 Humongous Allocation)
[2020-09-30T09:17:40.011+0000][16584][gc,task      ] GC(203) Using 8 workers of 8 for evacuation
[2020-09-30T09:17:40.011+0000][16584][gc,age       ] GC(203) Desired survivor size 32505856 bytes, new threshold 15 (max threshold 15)
[2020-09-30T09:17:40.015+0000][16584][gc,age       ] GC(203) Age table with threshold 15 (max threshold 15)
[2020-09-30T09:17:40.015+0000][16584][gc,age       ] GC(203) - age   1:    3717960 bytes,    3717960 total
[2020-09-30T09:17:40.015+0000][16584][gc,age       ] GC(203) - age   2:     214096 bytes,    3932056 total
[2020-09-30T09:17:40.015+0000][16584][gc,age       ] GC(203) - age   3:       3400 bytes,    3935456 total
[2020-09-30T09:17:40.015+0000][16584][gc,age       ] GC(203) - age   4:      80552 bytes,    4016008 total
[2020-09-30T09:17:40.015+0000][16584][gc,age       ] GC(203) - age   5:        944 bytes,    4016952 total
[2020-09-30T09:17:40.015+0000][16584][gc,age       ] GC(203) - age   6:        752 bytes,    4017704 total
[2020-09-30T09:17:40.015+0000][16584][gc,age       ] GC(203) - age   7:        376 bytes,    4018080 total
[2020-09-30T09:17:40.015+0000][16584][gc,age       ] GC(203) - age   8:        808 bytes,    4018888 total
[2020-09-30T09:17:40.015+0000][16584][gc,age       ] GC(203) - age   9:      13552 bytes,    4032440 total
[2020-09-30T09:17:40.015+0000][16584][gc,age       ] GC(203) - age  10:       1016 bytes,    4033456 total
[2020-09-30T09:17:40.015+0000][16584][gc,age       ] GC(203) - age  11:        672 bytes,    4034128 total
[2020-09-30T09:17:40.015+0000][16584][gc,age       ] GC(203) - age  12:       2016 bytes,    4036144 total
[2020-09-30T09:17:40.015+0000][16584][gc,age       ] GC(203) - age  13:       1200 bytes,    4037344 total
[2020-09-30T09:17:40.015+0000][16584][gc,age       ] GC(203) - age  14:      12072 bytes,    4049416 total
[2020-09-30T09:17:40.015+0000][16584][gc,age       ] GC(203) - age  15:        584 bytes,    4050000 total
[2020-09-30T09:17:40.016+0000][16584][gc,phases    ] GC(203)   Pre Evacuate Collection Set: 0.4ms
[2020-09-30T09:17:40.016+0000][16584][gc,phases    ] GC(203)   Merge Heap Roots: 0.1ms
[2020-09-30T09:17:40.016+0000][16584][gc,phases    ] GC(203)   Evacuate Collection Set: 2.5ms
[2020-09-30T09:17:40.016+0000][16584][gc,phases    ] GC(203)   Post Evacuate Collection Set: 0.9ms
[2020-09-30T09:17:40.016+0000][16584][gc,phases    ] GC(203)   Other: 1.0ms
[2020-09-30T09:17:40.016+0000][16584][gc,heap      ] GC(203) Eden regions: 83->0(492)
[2020-09-30T09:17:40.016+0000][16584][gc,heap      ] GC(203) Survivor regions: 5->5(62)
[2020-09-30T09:17:40.016+0000][16584][gc,heap      ] GC(203) Old regions: 77->77
[2020-09-30T09:17:40.016+0000][16584][gc,heap      ] GC(203) Archive regions: 0->0
[2020-09-30T09:17:40.016+0000][16584][gc,heap      ] GC(203) Humongous regions: 374->174
[2020-09-30T09:17:40.016+0000][16584][gc,metaspace ] GC(203) Metaspace: 87424K(93440K)->87424K(93440K) NonClass: 76278K(79872K)->76278K(79872K) Class: 11145K(13568K)->11145K(13568K)
[2020-09-30T09:17:40.016+0000][16584][gc           ] GC(203) Pause Young (Concurrent Start) (G1 Humongous Allocation) 537M->255M(1024M) 5.373ms
[2020-09-30T09:17:40.016+0000][16584][gc,cpu       ] GC(203) User=0.11s Sys=0.00s Real=0.01s
[2020-09-30T09:17:40.016+0000][16584][gc           ] GC(204) Concurrent Cycle
[2020-09-30T09:17:40.016+0000][16584][safepoint    ] Safepoint "G1TryInitiateConcMark", Time since last: 12231300 ns, Reaching safepoint: 200600 ns, At safepoint: 5599600 ns, Total: 5800200 ns
[2020-09-30T09:17:40.016+0000][16584][gc,marking   ] GC(204) Concurrent Clear Claimed Marks
[2020-09-30T09:17:40.017+0000][16584][gc,marking   ] GC(204) Concurrent Clear Claimed Marks 0.424ms
[2020-09-30T09:17:40.017+0000][16584][gc,marking   ] GC(204) Concurrent Scan Root Regions
[2020-09-30T09:17:40.022+0000][16584][gc,marking   ] GC(204) Concurrent Scan Root Regions 4.821ms
[2020-09-30T09:17:40.022+0000][16584][gc,marking   ] GC(204) Concurrent Mark (153.879s)
[2020-09-30T09:17:40.022+0000][16584][gc,marking   ] GC(204) Concurrent Mark From Roots
[2020-09-30T09:17:40.022+0000][16584][gc,task      ] GC(204) Using 2 workers of 2 for marking
[2020-09-30T09:17:40.188+0000][16584][gc,marking   ] GC(204) Concurrent Mark From Roots 166.747ms
[2020-09-30T09:17:40.189+0000][16584][gc,marking   ] GC(204) Concurrent Preclean
[2020-09-30T09:17:40.189+0000][16584][gc,marking   ] GC(204) Concurrent Preclean 0.698ms
[2020-09-30T09:17:40.189+0000][16584][gc,marking   ] GC(204) Concurrent Mark (153.879s, 154.047s) 167.651ms
[2020-09-30T09:17:40.190+0000][16584][gc,start     ] GC(204) Pause Remark
[2020-09-30T09:17:40.196+0000][16584][gc           ] GC(204) Pause Remark 529M->529M(1024M) 6.680ms
[2020-09-30T09:17:40.196+0000][16584][gc,cpu       ] GC(204) User=0.00s Sys=0.00s Real=0.01s
[2020-09-30T09:17:40.197+0000][16584][safepoint    ] Safepoint "G1Concurrent", Time since last: 173190400 ns, Reaching safepoint: 233800 ns, At safepoint: 7103000 ns, Total: 7336800 ns
[2020-09-30T09:17:40.197+0000][16584][gc,marking   ] GC(204) Concurrent Rebuild Remembered Sets
[2020-09-30T09:17:40.303+0000][16584][gc,marking   ] GC(204) Concurrent Rebuild Remembered Sets 106.049ms
[2020-09-30T09:17:40.303+0000][16584][gc,start     ] GC(204) Pause Cleanup
[2020-09-30T09:17:40.304+0000][16584][gc           ] GC(204) Pause Cleanup 671M->671M(1024M) 0.364ms
[2020-09-30T09:17:40.304+0000][16584][gc,cpu       ] GC(204) User=0.00s Sys=0.00s Real=0.00s
[2020-09-30T09:17:40.304+0000][16584][safepoint    ] Safepoint "G1Concurrent", Time since last: 106360900 ns, Reaching safepoint: 253800 ns, At safepoint: 578200 ns, Total: 832000 ns
[2020-09-30T09:17:40.304+0000][16584][gc,marking   ] GC(204) Concurrent Cleanup for Next Mark
[2020-09-30T09:17:40.306+0000][16584][gc,marking   ] GC(204) Concurrent Cleanup for Next Mark 1.887ms
[2020-09-30T09:17:40.306+0000][16584][gc           ] GC(204) Concurrent Cycle 289.854ms
[2020-09-30T09:17:40.352+0000][16584][gc,start     ] GC(205) Pause Young (Concurrent Start) (G1 Humongous Allocation)
[2020-09-30T09:17:40.352+0000][16584][gc,task      ] GC(205) Using 8 workers of 8 for evacuation
[2020-09-30T09:17:40.352+0000][16584][gc,age       ] GC(205) Desired survivor size 33030144 bytes, new threshold 15 (max threshold 15)
[2020-09-30T09:17:40.358+0000][16584][gc,age       ] GC(205) Age table with threshold 15 (max threshold 15)
[2020-09-30T09:17:40.358+0000][16584][gc,age       ] GC(205) - age   1:   13471048 bytes,   13471048 total
[2020-09-30T09:17:40.358+0000][16584][gc,age       ] GC(205) - age   2:       2936 bytes,   13473984 total
[2020-09-30T09:17:40.358+0000][16584][gc,age       ] GC(205) - age   3:       8032 bytes,   13482016 total
[2020-09-30T09:17:40.358+0000][16584][gc,age       ] GC(205) - age   4:       3152 bytes,   13485168 total
[2020-09-30T09:17:40.358+0000][16584][gc,age       ] GC(205) - age   5:      80008 bytes,   13565176 total
[2020-09-30T09:17:40.358+0000][16584][gc,age       ] GC(205) - age   6:        752 bytes,   13565928 total
[2020-09-30T09:17:40.358+0000][16584][gc,age       ] GC(205) - age   7:        688 bytes,   13566616 total
[2020-09-30T09:17:40.358+0000][16584][gc,age       ] GC(205) - age   8:        376 bytes,   13566992 total
[2020-09-30T09:17:40.358+0000][16584][gc,age       ] GC(205) - age   9:        712 bytes,   13567704 total
[2020-09-30T09:17:40.358+0000][16584][gc,age       ] GC(205) - age  10:      13552 bytes,   13581256 total
[2020-09-30T09:17:40.358+0000][16584][gc,age       ] GC(205) - age  11:        952 bytes,   13582208 total
[2020-09-30T09:17:40.358+0000][16584][gc,age       ] GC(205) - age  12:        544 bytes,   13582752 total
[2020-09-30T09:17:40.358+0000][16584][gc,age       ] GC(205) - age  13:       2016 bytes,   13584768 total
[2020-09-30T09:17:40.358+0000][16584][gc,age       ] GC(205) - age  14:       1072 bytes,   13585840 total
[2020-09-30T09:17:40.358+0000][16584][gc,age       ] GC(205) - age  15:      11944 bytes,   13597784 total
[2020-09-30T09:17:40.359+0000][16584][gc,phases    ] GC(205)   Pre Evacuate Collection Set: 0.5ms
[2020-09-30T09:17:40.359+0000][16584][gc,phases    ] GC(205)   Merge Heap Roots: 0.2ms
[2020-09-30T09:17:40.359+0000][16584][gc,phases    ] GC(205)   Evacuate Collection Set: 3.9ms
[2020-09-30T09:17:40.359+0000][16584][gc,phases    ] GC(205)   Post Evacuate Collection Set: 1.2ms
[2020-09-30T09:17:40.359+0000][16584][gc,phases    ] GC(205)   Other: 1.1ms
[2020-09-30T09:17:40.359+0000][16584][gc,heap      ] GC(205) Eden regions: 134->0(477)
[2020-09-30T09:17:40.359+0000][16584][gc,heap      ] GC(205) Survivor regions: 5->14(63)
[2020-09-30T09:17:40.359+0000][16584][gc,heap      ] GC(205) Old regions: 77->77
[2020-09-30T09:17:40.359+0000][16584][gc,heap      ] GC(205) Archive regions: 0->0
[2020-09-30T09:17:40.359+0000][16584][gc,heap      ] GC(205) Humongous regions: 480->174
[2020-09-30T09:17:40.359+0000][16584][gc,metaspace ] GC(205) Metaspace: 87445K(93440K)->87445K(93440K) NonClass: 76299K(79872K)->76299K(79872K) Class: 11145K(13568K)->11145K(13568K)
[2020-09-30T09:17:40.359+0000][16584][gc           ] GC(205) Pause Young (Concurrent Start) (G1 Humongous Allocation) 694M->264M(1024M) 7.440ms
[2020-09-30T09:17:40.359+0000][16584][gc,cpu       ] GC(205) User=0.08s Sys=0.02s Real=0.01s
[2020-09-30T09:17:40.359+0000][16584][gc           ] GC(206) Concurrent Cycle
[2020-09-30T09:17:40.359+0000][16584][safepoint    ] Safepoint "G1TryInitiateConcMark", Time since last: 47377200 ns, Reaching safepoint: 194000 ns, At safepoint: 7689400 ns, Total: 7883400 ns
[2020-09-30T09:17:40.359+0000][16584][gc,marking   ] GC(206) Concurrent Clear Claimed Marks
[2020-09-30T09:17:40.360+0000][16584][gc,marking   ] GC(206) Concurrent Clear Claimed Marks 0.565ms
[2020-09-30T09:17:40.360+0000][16584][gc,marking   ] GC(206) Concurrent Scan Root Regions
[2020-09-30T09:17:40.363+0000][16584][gc,marking   ] GC(206) Concurrent Scan Root Regions 3.339ms
[2020-09-30T09:17:40.363+0000][16584][gc,marking   ] GC(206) Concurrent Mark (154.221s)
[2020-09-30T09:17:40.363+0000][16584][gc,marking   ] GC(206) Concurrent Mark From Roots
[2020-09-30T09:17:40.363+0000][16584][gc,task      ] GC(206) Using 2 workers of 2 for marking
[2020-09-30T09:17:40.503+0000][16584][safepoint    ] Safepoint "BulkRevokeBias", Time since last: 140047800 ns, Reaching safepoint: 228300 ns, At safepoint: 4012900 ns, Total: 4241200 ns
[2020-09-30T09:17:40.538+0000][16584][gc,marking   ] GC(206) Concurrent Mark From Roots 174.377ms
[2020-09-30T09:17:40.538+0000][16584][gc,marking   ] GC(206) Concurrent Preclean
[2020-09-30T09:17:40.538+0000][16584][gc,marking   ] GC(206) Concurrent Preclean 0.543ms
[2020-09-30T09:17:40.538+0000][16584][gc,marking   ] GC(206) Concurrent Mark (154.221s, 154.396s) 175.136ms
[2020-09-30T09:17:40.539+0000][16584][gc,start     ] GC(206) Pause Remark
[2020-09-30T09:17:40.545+0000][16584][gc           ] GC(206) Pause Remark 599M->599M(1024M) 6.273ms
[2020-09-30T09:17:40.546+0000][16584][gc,cpu       ] GC(206) User=0.11s Sys=0.00s Real=0.01s
[2020-09-30T09:17:40.546+0000][16584][safepoint    ] Safepoint "G1Concurrent", Time since last: 35076200 ns, Reaching safepoint: 158500 ns, At safepoint: 6534300 ns, Total: 6692800 ns
[2020-09-30T09:17:40.546+0000][16584][gc,marking   ] GC(206) Concurrent Rebuild Remembered Sets
[2020-09-30T09:17:40.654+0000][16584][gc,marking   ] GC(206) Concurrent Rebuild Remembered Sets 108.329ms
[2020-09-30T09:17:40.655+0000][16584][gc,start     ] GC(206) Pause Cleanup
[2020-09-30T09:17:40.656+0000][16584][gc           ] GC(206) Pause Cleanup 934M->934M(1024M) 0.436ms
[2020-09-30T09:17:40.656+0000][16584][gc,cpu       ] GC(206) User=0.00s Sys=0.00s Real=0.00s
[2020-09-30T09:17:40.656+0000][16584][safepoint    ] Safepoint "G1Concurrent", Time since last: 108535100 ns, Reaching safepoint: 580500 ns, At safepoint: 637400 ns, Total: 1217900 ns
[2020-09-30T09:17:40.656+0000][16584][gc,marking   ] GC(206) Concurrent Cleanup for Next Mark
[2020-09-30T09:17:40.658+0000][16584][gc,marking   ] GC(206) Concurrent Cleanup for Next Mark 1.757ms
[2020-09-30T09:17:40.658+0000][16584][gc           ] GC(206) Concurrent Cycle 297.830ms
[2020-09-30T09:17:40.700+0000][16584][gc,start     ] GC(207) Pause Young (Concurrent Start) (G1 Humongous Allocation)
[2020-09-30T09:17:40.700+0000][16584][gc,task      ] GC(207) Using 8 workers of 8 for evacuation
[2020-09-30T09:17:40.701+0000][16584][gc,age       ] GC(207) Desired survivor size 32505856 bytes, new threshold 15 (max threshold 15)
[2020-09-30T09:17:40.706+0000][16584][gc,age       ] GC(207) Age table with threshold 15 (max threshold 15)
[2020-09-30T09:17:40.706+0000][16584][gc,age       ] GC(207) - age   1:    3940464 bytes,    3940464 total
[2020-09-30T09:17:40.706+0000][16584][gc,age       ] GC(207) - age   2:      22808 bytes,    3963272 total
[2020-09-30T09:17:40.706+0000][16584][gc,age       ] GC(207) - age   3:       2472 bytes,    3965744 total
[2020-09-30T09:17:40.706+0000][16584][gc,age       ] GC(207) - age   4:       6616 bytes,    3972360 total
[2020-09-30T09:17:40.706+0000][16584][gc,age       ] GC(207) - age   5:       2728 bytes,    3975088 total
[2020-09-30T09:17:40.707+0000][16584][gc,age       ] GC(207) - age   6:      79944 bytes,    4055032 total
[2020-09-30T09:17:40.707+0000][16584][gc,age       ] GC(207) - age   7:        752 bytes,    4055784 total
[2020-09-30T09:17:40.707+0000][16584][gc,age       ] GC(207) - age   8:        688 bytes,    4056472 total
[2020-09-30T09:17:40.707+0000][16584][gc,age       ] GC(207) - age   9:        376 bytes,    4056848 total
[2020-09-30T09:17:40.707+0000][16584][gc,age       ] GC(207) - age  10:        712 bytes,    4057560 total
[2020-09-30T09:17:40.707+0000][16584][gc,age       ] GC(207) - age  11:      13552 bytes,    4071112 total
[2020-09-30T09:17:40.707+0000][16584][gc,age       ] GC(207) - age  12:        824 bytes,    4071936 total
[2020-09-30T09:17:40.707+0000][16584][gc,age       ] GC(207) - age  13:        448 bytes,    4072384 total
[2020-09-30T09:17:40.707+0000][16584][gc,age       ] GC(207) - age  14:       1920 bytes,    4074304 total
[2020-09-30T09:17:40.707+0000][16584][gc,age       ] GC(207) - age  15:       1072 bytes,    4075376 total
[2020-09-30T09:17:40.707+0000][16584][gc,phases    ] GC(207)   Pre Evacuate Collection Set: 0.5ms
[2020-09-30T09:17:40.707+0000][16584][gc,phases    ] GC(207)   Merge Heap Roots: 0.3ms
[2020-09-30T09:17:40.707+0000][16584][gc,phases    ] GC(207)   Evacuate Collection Set: 3.4ms
[2020-09-30T09:17:40.707+0000][16584][gc,phases    ] GC(207)   Post Evacuate Collection Set: 1.3ms
[2020-09-30T09:17:40.707+0000][16584][gc,phases    ] GC(207)   Other: 1.1ms
[2020-09-30T09:17:40.707+0000][16584][gc,heap      ] GC(207) Eden regions: 173->0(489)
[2020-09-30T09:17:40.707+0000][16584][gc,heap      ] GC(207) Survivor regions: 14->5(62)
[2020-09-30T09:17:40.707+0000][16584][gc,heap      ] GC(207) Old regions: 77->77
[2020-09-30T09:17:40.707+0000][16584][gc,heap      ] GC(207) Archive regions: 0->0
[2020-09-30T09:17:40.707+0000][16584][gc,heap      ] GC(207) Humongous regions: 686->174
[2020-09-30T09:17:40.707+0000][16584][gc,metaspace ] GC(207) Metaspace: 87454K(93440K)->87454K(93440K) NonClass: 76308K(79872K)->76308K(79872K) Class: 11145K(13568K)->11145K(13568K)
[2020-09-30T09:17:40.707+0000][16584][gc           ] GC(207) Pause Young (Concurrent Start) (G1 Humongous Allocation) 949M->255M(1024M) 6.992ms
[2020-09-30T09:17:40.707+0000][16584][gc,cpu       ] GC(207) User=0.09s Sys=0.02s Real=0.01s
[2020-09-30T09:17:40.708+0000][16584][safepoint    ] Safepoint "G1TryInitiateConcMark", Time since last: 44247500 ns, Reaching safepoint: 206800 ns, At safepoint: 7203100 ns, Total: 7409900 ns
[2020-09-30T09:17:40.708+0000][16584][gc           ] GC(208) Concurrent Cycle
[2020-09-30T09:17:40.708+0000][16584][gc,marking   ] GC(208) Concurrent Clear Claimed Marks
[2020-09-30T09:17:40.708+0000][16584][gc,marking   ] GC(208) Concurrent Clear Claimed Marks 0.675ms
[2020-09-30T09:17:40.708+0000][16584][gc,marking   ] GC(208) Concurrent Scan Root Regions
[2020-09-30T09:17:40.712+0000][16584][gc,marking   ] GC(208) Concurrent Scan Root Regions 3.115ms
[2020-09-30T09:17:40.712+0000][16584][gc,marking   ] GC(208) Concurrent Mark (154.568s)
[2020-09-30T09:17:40.712+0000][16584][gc,marking   ] GC(208) Concurrent Mark From Roots
[2020-09-30T09:17:40.712+0000][16584][gc,task      ] GC(208) Using 2 workers of 2 for marking
[2020-09-30T09:17:40.883+0000][16584][gc,marking   ] GC(208) Concurrent Mark From Roots 172.126ms
[2020-09-30T09:17:40.883+0000][16584][gc,marking   ] GC(208) Concurrent Preclean
[2020-09-30T09:17:40.884+0000][16584][gc,marking   ] GC(208) Concurrent Preclean 0.650ms
[2020-09-30T09:17:40.884+0000][16584][gc,marking   ] GC(208) Concurrent Mark (154.568s, 154.741s) 172.965ms
[2020-09-30T09:17:40.884+0000][16584][gc,start     ] GC(208) Pause Remark
[2020-09-30T09:17:40.891+0000][16584][gc           ] GC(208) Pause Remark 392M->392M(1024M) 6.823ms
[2020-09-30T09:17:40.891+0000][16584][gc,cpu       ] GC(208) User=0.11s Sys=0.00s Real=0.01s
[2020-09-30T09:17:40.892+0000][16584][safepoint    ] Safepoint "G1Concurrent", Time since last: 177319200 ns, Reaching safepoint: 185100 ns, At safepoint: 7112600 ns, Total: 7297700 ns
[2020-09-30T09:17:40.892+0000][16584][gc,marking   ] GC(208) Concurrent Rebuild Remembered Sets
[2020-09-30T09:17:40.994+0000][16584][gc,marking   ] GC(208) Concurrent Rebuild Remembered Sets 102.683ms
[2020-09-30T09:17:40.995+0000][16584][gc,start     ] GC(208) Pause Cleanup
[2020-09-30T09:17:40.995+0000][16584][gc           ] GC(208) Pause Cleanup 527M->527M(1024M) 0.352ms
[2020-09-30T09:17:40.995+0000][16584][gc,cpu       ] GC(208) User=0.00s Sys=0.00s Real=0.00s
[2020-09-30T09:17:40.995+0000][16584][safepoint    ] Safepoint "G1Concurrent", Time since last: 102871200 ns, Reaching safepoint: 162200 ns, At safepoint: 568000 ns, Total: 730200 ns
[2020-09-30T09:17:40.995+0000][16584][gc,marking   ] GC(208) Concurrent Cleanup for Next Mark
[2020-09-30T09:17:40.997+0000][16584][gc,marking   ] GC(208) Concurrent Cleanup for Next Mark 1.985ms
[2020-09-30T09:17:40.997+0000][16584][gc           ] GC(208) Concurrent Cycle 290.348ms
[2020-09-30T09:17:41.057+0000][16584][gc,start     ] GC(209) Pause Young (Concurrent Start) (G1 Humongous Allocation)
[2020-09-30T09:17:41.057+0000][16584][gc,task      ] GC(209) Using 8 workers of 8 for evacuation
[2020-09-30T09:17:41.058+0000][16584][gc,age       ] GC(209) Desired survivor size 32505856 bytes, new threshold 15 (max threshold 15)
[2020-09-30T09:17:41.061+0000][16584][gc,age       ] GC(209) Age table with threshold 15 (max threshold 15)
[2020-09-30T09:17:41.062+0000][16584][gc,age       ] GC(209) - age   1:    3622680 bytes,    3622680 total
[2020-09-30T09:17:41.062+0000][16584][gc,age       ] GC(209) - age   2:     205872 bytes,    3828552 total
[2020-09-30T09:17:41.062+0000][16584][gc,age       ] GC(209) - age   3:      22504 bytes,    3851056 total
[2020-09-30T09:17:41.062+0000][16584][gc,age       ] GC(209) - age   4:       1568 bytes,    3852624 total
[2020-09-30T09:17:41.062+0000][16584][gc,age       ] GC(209) - age   5:       6360 bytes,    3858984 total
[2020-09-30T09:17:41.062+0000][16584][gc,age       ] GC(209) - age   6:       2504 bytes,    3861488 total
[2020-09-30T09:17:41.062+0000][16584][gc,age       ] GC(209) - age   7:      79816 bytes,    3941304 total
[2020-09-30T09:17:41.062+0000][16584][gc,age       ] GC(209) - age   8:        688 bytes,    3941992 total
[2020-09-30T09:17:41.062+0000][16584][gc,age       ] GC(209) - age   9:        688 bytes,    3942680 total
[2020-09-30T09:17:41.062+0000][16584][gc,age       ] GC(209) - age  10:        376 bytes,    3943056 total
[2020-09-30T09:17:41.062+0000][16584][gc,age       ] GC(209) - age  11:        712 bytes,    3943768 total
[2020-09-30T09:17:41.062+0000][16584][gc,age       ] GC(209) - age  12:      13488 bytes,    3957256 total
[2020-09-30T09:17:41.062+0000][16584][gc,age       ] GC(209) - age  13:        568 bytes,    3957824 total
[2020-09-30T09:17:41.062+0000][16584][gc,age       ] GC(209) - age  14:        448 bytes,    3958272 total
[2020-09-30T09:17:41.062+0000][16584][gc,age       ] GC(209) - age  15:       1888 bytes,    3960160 total
[2020-09-30T09:17:41.062+0000][16584][gc,phases    ] GC(209)   Pre Evacuate Collection Set: 0.4ms
[2020-09-30T09:17:41.062+0000][16584][gc,phases    ] GC(209)   Merge Heap Roots: 0.1ms
[2020-09-30T09:17:41.063+0000][16584][gc,phases    ] GC(209)   Evacuate Collection Set: 2.4ms
[2020-09-30T09:17:41.063+0000][16584][gc,phases    ] GC(209)   Post Evacuate Collection Set: 0.9ms
[2020-09-30T09:17:41.063+0000][16584][gc,phases    ] GC(209)   Other: 1.3ms
[2020-09-30T09:17:41.063+0000][16584][gc,heap      ] GC(209) Eden regions: 80->0(492)
[2020-09-30T09:17:41.063+0000][16584][gc,heap      ] GC(209) Survivor regions: 5->5(62)
[2020-09-30T09:17:41.063+0000][16584][gc,heap      ] GC(209) Old regions: 77->77
[2020-09-30T09:17:41.063+0000][16584][gc,heap      ] GC(209) Archive regions: 0->0
[2020-09-30T09:17:41.063+0000][16584][gc,heap      ] GC(209) Humongous regions: 382->174
[2020-09-30T09:17:41.063+0000][16584][gc,metaspace ] GC(209) Metaspace: 87455K(93440K)->87455K(93440K) NonClass: 76309K(79872K)->76309K(79872K) Class: 11145K(13568K)->11145K(13568K)
[2020-09-30T09:17:41.063+0000][16584][gc           ] GC(209) Pause Young (Concurrent Start) (G1 Humongous Allocation) 542M->255M(1024M) 5.543ms
[2020-09-30T09:17:41.063+0000][16584][gc,cpu       ] GC(209) User=0.05s Sys=0.00s Real=0.01s
[2020-09-30T09:17:41.063+0000][16584][safepoint    ] Safepoint "G1TryInitiateConcMark", Time since last: 61935100 ns, Reaching safepoint: 211100 ns, At safepoint: 5807000 ns, Total: 6018100 ns
[2020-09-30T09:17:41.063+0000][16584][gc           ] GC(210) Concurrent Cycle
[2020-09-30T09:17:41.063+0000][16584][gc,marking   ] GC(210) Concurrent Clear Claimed Marks
[2020-09-30T09:17:41.064+0000][16584][gc,marking   ] GC(210) Concurrent Clear Claimed Marks 0.584ms
[2020-09-30T09:17:41.064+0000][16584][gc,marking   ] GC(210) Concurrent Scan Root Regions
[2020-09-30T09:17:41.067+0000][16584][gc,marking   ] GC(210) Concurrent Scan Root Regions 2.949ms
[2020-09-30T09:17:41.067+0000][16584][gc,marking   ] GC(210) Concurrent Mark (154.924s)
[2020-09-30T09:17:41.067+0000][16584][gc,marking   ] GC(210) Concurrent Mark From Roots
[2020-09-30T09:17:41.067+0000][16584][gc,task      ] GC(210) Using 2 workers of 2 for marking
[2020-09-30T09:17:41.234+0000][16584][gc,marking   ] GC(210) Concurrent Mark From Roots 167.401ms
[2020-09-30T09:17:41.234+0000][16584][gc,marking   ] GC(210) Concurrent Preclean
[2020-09-30T09:17:41.235+0000][16584][gc,marking   ] GC(210) Concurrent Preclean 0.593ms
[2020-09-30T09:17:41.235+0000][16584][gc,marking   ] GC(210) Concurrent Mark (154.924s, 155.092s) 168.195ms
[2020-09-30T09:17:41.235+0000][16584][gc,start     ] GC(210) Pause Remark
[2020-09-30T09:17:41.242+0000][16584][gc           ] GC(210) Pause Remark 452M->452M(1024M) 6.770ms
[2020-09-30T09:17:41.242+0000][16584][gc,cpu       ] GC(210) User=0.00s Sys=0.00s Real=0.01s
[2020-09-30T09:17:41.242+0000][16584][safepoint    ] Safepoint "G1Concurrent", Time since last: 172177900 ns, Reaching safepoint: 195800 ns, At safepoint: 7037700 ns, Total: 7233500 ns
[2020-09-30T09:17:41.243+0000][16584][gc,marking   ] GC(210) Concurrent Rebuild Remembered Sets
[2020-09-30T09:17:41.342+0000][16584][gc,marking   ] GC(210) Concurrent Rebuild Remembered Sets 99.036ms
[2020-09-30T09:17:41.342+0000][16584][gc,start     ] GC(210) Pause Cleanup
[2020-09-30T09:17:41.342+0000][16584][gc           ] GC(210) Pause Cleanup 523M->523M(1024M) 0.381ms
[2020-09-30T09:17:41.342+0000][16584][gc,cpu       ] GC(210) User=0.00s Sys=0.00s Real=0.00s
[2020-09-30T09:17:41.342+0000][16584][safepoint    ] Safepoint "G1Concurrent", Time since last: 99291900 ns, Reaching safepoint: 146700 ns, At safepoint: 587500 ns, Total: 734200 ns
[2020-09-30T09:17:41.343+0000][16584][gc,marking   ] GC(210) Concurrent Cleanup for Next Mark
[2020-09-30T09:17:41.344+0000][16584][gc,marking   ] GC(210) Concurrent Cleanup for Next Mark 1.867ms
[2020-09-30T09:17:41.345+0000][16584][gc           ] GC(210) Concurrent Cycle 281.624ms
[2020-09-30T09:17:41.381+0000][16584][gc,start     ] GC(211) Pause Young (Concurrent Start) (G1 Humongous Allocation)
[2020-09-30T09:17:41.381+0000][16584][gc,task      ] GC(211) Using 8 workers of 8 for evacuation
[2020-09-30T09:17:41.381+0000][16584][gc,age       ] GC(211) Desired survivor size 33030144 bytes, new threshold 15 (max threshold 15)
[2020-09-30T09:17:41.385+0000][16584][gc,age       ] GC(211) Age table with threshold 15 (max threshold 15)
[2020-09-30T09:17:41.385+0000][16584][gc,age       ] GC(211) - age   1:    6450128 bytes,    6450128 total
[2020-09-30T09:17:41.385+0000][16584][gc,age       ] GC(211) - age   2:       4008 bytes,    6454136 total
[2020-09-30T09:17:41.385+0000][16584][gc,age       ] GC(211) - age   3:       3520 bytes,    6457656 total
[2020-09-30T09:17:41.385+0000][16584][gc,age       ] GC(211) - age   4:      22088 bytes,    6479744 total
[2020-09-30T09:17:41.385+0000][16584][gc,age       ] GC(211) - age   5:       1088 bytes,    6480832 total
[2020-09-30T09:17:41.385+0000][16584][gc,age       ] GC(211) - age   6:       3776 bytes,    6484608 total
[2020-09-30T09:17:41.386+0000][16584][gc,age       ] GC(211) - age   7:       1920 bytes,    6486528 total
[2020-09-30T09:17:41.386+0000][16584][gc,age       ] GC(211) - age   8:      79816 bytes,    6566344 total
[2020-09-30T09:17:41.386+0000][16584][gc,age       ] GC(211) - age   9:        688 bytes,    6567032 total
[2020-09-30T09:17:41.386+0000][16584][gc,age       ] GC(211) - age  10:        656 bytes,    6567688 total
[2020-09-30T09:17:41.386+0000][16584][gc,age       ] GC(211) - age  11:        376 bytes,    6568064 total
[2020-09-30T09:17:41.386+0000][16584][gc,age       ] GC(211) - age  12:        648 bytes,    6568712 total
[2020-09-30T09:17:41.386+0000][16584][gc,age       ] GC(211) - age  13:      13488 bytes,    6582200 total
[2020-09-30T09:17:41.386+0000][16584][gc,age       ] GC(211) - age  14:        568 bytes,    6582768 total
[2020-09-30T09:17:41.386+0000][16584][gc,age       ] GC(211) - age  15:        416 bytes,    6583184 total
[2020-09-30T09:17:41.386+0000][16584][gc,phases    ] GC(211)   Pre Evacuate Collection Set: 0.4ms
[2020-09-30T09:17:41.386+0000][16584][gc,phases    ] GC(211)   Merge Heap Roots: 0.1ms
[2020-09-30T09:17:41.386+0000][16584][gc,phases    ] GC(211)   Evacuate Collection Set: 2.6ms
[2020-09-30T09:17:41.386+0000][16584][gc,phases    ] GC(211)   Post Evacuate Collection Set: 0.9ms
[2020-09-30T09:17:41.386+0000][16584][gc,phases    ] GC(211)   Other: 0.9ms
[2020-09-30T09:17:41.386+0000][16584][gc,heap      ] GC(211) Eden regions: 86->0(490)
[2020-09-30T09:17:41.386+0000][16584][gc,heap      ] GC(211) Survivor regions: 5->7(63)
[2020-09-30T09:17:41.387+0000][16584][gc,heap      ] GC(211) Old regions: 77->77
[2020-09-30T09:17:41.387+0000][16584][gc,heap      ] GC(211) Archive regions: 0->0
[2020-09-30T09:17:41.387+0000][16584][gc,heap      ] GC(211) Humongous regions: 366->174
[2020-09-30T09:17:41.387+0000][16584][gc,metaspace ] GC(211) Metaspace: 87469K(93440K)->87469K(93440K) NonClass: 76321K(79872K)->76321K(79872K) Class: 11147K(13568K)->11147K(13568K)
[2020-09-30T09:17:41.387+0000][16584][gc           ] GC(211) Pause Young (Concurrent Start) (G1 Humongous Allocation) 533M->257M(1024M) 5.334ms
[2020-09-30T09:17:41.387+0000][16584][gc,cpu       ] GC(211) User=0.00s Sys=0.00s Real=0.01s
[2020-09-30T09:17:41.387+0000][16584][gc           ] GC(212) Concurrent Cycle
[2020-09-30T09:17:41.387+0000][16584][safepoint    ] Safepoint "G1TryInitiateConcMark", Time since last: 38096600 ns, Reaching safepoint: 187100 ns, At safepoint: 5537100 ns, Total: 5724200 ns
[2020-09-30T09:17:41.387+0000][16584][gc,marking   ] GC(212) Concurrent Clear Claimed Marks
[2020-09-30T09:17:41.387+0000][16584][gc,marking   ] GC(212) Concurrent Clear Claimed Marks 0.428ms
[2020-09-30T09:17:41.387+0000][16584][gc,marking   ] GC(212) Concurrent Scan Root Regions
[2020-09-30T09:17:41.389+0000][16584][gc,marking   ] GC(212) Concurrent Scan Root Regions 1.932ms
[2020-09-30T09:17:41.389+0000][16584][gc,marking   ] GC(212) Concurrent Mark (155.246s)
[2020-09-30T09:17:41.389+0000][16584][gc,marking   ] GC(212) Concurrent Mark From Roots
[2020-09-30T09:17:41.389+0000][16584][gc,task      ] GC(212) Using 2 workers of 2 for marking
[2020-09-30T09:17:41.541+0000][16584][gc,marking   ] GC(212) Concurrent Mark From Roots 151.840ms
[2020-09-30T09:17:41.541+0000][16584][gc,marking   ] GC(212) Concurrent Preclean
[2020-09-30T09:17:41.542+0000][16584][gc,marking   ] GC(212) Concurrent Preclean 0.558ms
[2020-09-30T09:17:41.542+0000][16584][gc,marking   ] GC(212) Concurrent Mark (155.246s, 155.399s) 152.577ms
[2020-09-30T09:17:41.542+0000][16584][gc,start     ] GC(212) Pause Remark
[2020-09-30T09:17:41.549+0000][16584][gc           ] GC(212) Pause Remark 532M->532M(1024M) 6.533ms
[2020-09-30T09:17:41.549+0000][16584][gc,cpu       ] GC(212) User=0.09s Sys=0.02s Real=0.01s
[2020-09-30T09:17:41.549+0000][16584][safepoint    ] Safepoint "G1Concurrent", Time since last: 155301200 ns, Reaching safepoint: 204200 ns, At safepoint: 6914300 ns, Total: 7118500 ns
[2020-09-30T09:17:41.549+0000][16584][gc,marking   ] GC(212) Concurrent Rebuild Remembered Sets
[2020-09-30T09:17:41.639+0000][16584][gc,marking   ] GC(212) Concurrent Rebuild Remembered Sets 89.755ms
[2020-09-30T09:17:41.639+0000][16584][gc,start     ] GC(212) Pause Cleanup
[2020-09-30T09:17:41.640+0000][16584][gc           ] GC(212) Pause Cleanup 544M->544M(1024M) 0.497ms
[2020-09-30T09:17:41.640+0000][16584][gc,cpu       ] GC(212) User=0.00s Sys=0.00s Real=0.00s
[2020-09-30T09:17:41.641+0000][16584][safepoint    ] Safepoint "G1Concurrent", Time since last: 89990500 ns, Reaching safepoint: 299300 ns, At safepoint: 1472600 ns, Total: 1771900 ns
[2020-09-30T09:17:41.641+0000][16584][gc,marking   ] GC(212) Concurrent Cleanup for Next Mark
[2020-09-30T09:17:41.643+0000][16584][gc,marking   ] GC(212) Concurrent Cleanup for Next Mark 1.992ms
[2020-09-30T09:17:41.643+0000][16584][gc           ] GC(212) Concurrent Cycle 256.572ms
[2020-09-30T09:17:41.647+0000][16584][gc,start     ] GC(213) Pause Young (Concurrent Start) (G1 Humongous Allocation)
[2020-09-30T09:17:41.647+0000][16584][gc,task      ] GC(213) Using 8 workers of 8 for evacuation
[2020-09-30T09:17:41.647+0000][16584][gc,age       ] GC(213) Desired survivor size 33030144 bytes, new threshold 15 (max threshold 15)
[2020-09-30T09:17:41.651+0000][16584][gc,age       ] GC(213) Age table with threshold 15 (max threshold 15)
[2020-09-30T09:17:41.651+0000][16584][gc,age       ] GC(213) - age   1:    5763856 bytes,    5763856 total
[2020-09-30T09:17:41.651+0000][16584][gc,age       ] GC(213) - age   2:      63336 bytes,    5827192 total
[2020-09-30T09:17:41.651+0000][16584][gc,age       ] GC(213) - age   3:       2848 bytes,    5830040 total
[2020-09-30T09:17:41.651+0000][16584][gc,age       ] GC(213) - age   4:       1840 bytes,    5831880 total
[2020-09-30T09:17:41.651+0000][16584][gc,age       ] GC(213) - age   5:      21960 bytes,    5853840 total
[2020-09-30T09:17:41.651+0000][16584][gc,age       ] GC(213) - age   6:        768 bytes,    5854608 total
[2020-09-30T09:17:41.651+0000][16584][gc,age       ] GC(213) - age   7:       3776 bytes,    5858384 total
[2020-09-30T09:17:41.652+0000][16584][gc,age       ] GC(213) - age   8:       1728 bytes,    5860112 total
[2020-09-30T09:17:41.652+0000][16584][gc,age       ] GC(213) - age   9:      79816 bytes,    5939928 total
[2020-09-30T09:17:41.652+0000][16584][gc,age       ] GC(213) - age  10:        688 bytes,    5940616 total
[2020-09-30T09:17:41.652+0000][16584][gc,age       ] GC(213) - age  11:        656 bytes,    5941272 total
[2020-09-30T09:17:41.652+0000][16584][gc,age       ] GC(213) - age  12:        376 bytes,    5941648 total
[2020-09-30T09:17:41.652+0000][16584][gc,age       ] GC(213) - age  13:        648 bytes,    5942296 total
[2020-09-30T09:17:41.652+0000][16584][gc,age       ] GC(213) - age  14:      13488 bytes,    5955784 total
[2020-09-30T09:17:41.652+0000][16584][gc,age       ] GC(213) - age  15:        504 bytes,    5956288 total
[2020-09-30T09:17:41.652+0000][16584][gc,phases    ] GC(213)   Pre Evacuate Collection Set: 0.4ms
[2020-09-30T09:17:41.652+0000][16584][gc,phases    ] GC(213)   Merge Heap Roots: 0.1ms
[2020-09-30T09:17:41.652+0000][16584][gc,phases    ] GC(213)   Evacuate Collection Set: 2.6ms
[2020-09-30T09:17:41.652+0000][16584][gc,phases    ] GC(213)   Post Evacuate Collection Set: 1.0ms
[2020-09-30T09:17:41.652+0000][16584][gc,phases    ] GC(213)   Other: 0.9ms
[2020-09-30T09:17:41.652+0000][16584][gc,heap      ] GC(213) Eden regions: 86->0(490)
[2020-09-30T09:17:41.652+0000][16584][gc,heap      ] GC(213) Survivor regions: 7->7(63)
[2020-09-30T09:17:41.652+0000][16584][gc,heap      ] GC(213) Old regions: 77->77
[2020-09-30T09:17:41.652+0000][16584][gc,heap      ] GC(213) Archive regions: 0->0
[2020-09-30T09:17:41.652+0000][16584][gc,heap      ] GC(213) Humongous regions: 378->174
[2020-09-30T09:17:41.652+0000][16584][gc,metaspace ] GC(213) Metaspace: 87470K(93440K)->87470K(93440K) NonClass: 76323K(79872K)->76323K(79872K) Class: 11147K(13568K)->11147K(13568K)
[2020-09-30T09:17:41.652+0000][16584][gc           ] GC(213) Pause Young (Concurrent Start) (G1 Humongous Allocation) 547M->257M(1024M) 5.369ms
[2020-09-30T09:17:41.652+0000][16584][gc,cpu       ] GC(213) User=0.00s Sys=0.00s Real=0.00s
[2020-09-30T09:17:41.652+0000][16584][gc           ] GC(214) Concurrent Cycle
[2020-09-30T09:17:41.652+0000][16584][gc,marking   ] GC(214) Concurrent Clear Claimed Marks
[2020-09-30T09:17:41.653+0000][16584][safepoint    ] Safepoint "G1TryInitiateConcMark", Time since last: 5678900 ns, Reaching safepoint: 238300 ns, At safepoint: 5861100 ns, Total: 6099400 ns
[2020-09-30T09:17:41.653+0000][16584][gc,marking   ] GC(214) Concurrent Clear Claimed Marks 0.359ms
[2020-09-30T09:17:41.653+0000][16584][gc,marking   ] GC(214) Concurrent Scan Root Regions
[2020-09-30T09:17:41.656+0000][16584][gc,marking   ] GC(214) Concurrent Scan Root Regions 3.373ms
[2020-09-30T09:17:41.656+0000][16584][gc,marking   ] GC(214) Concurrent Mark (155.513s)
[2020-09-30T09:17:41.656+0000][16584][gc,marking   ] GC(214) Concurrent Mark From Roots
[2020-09-30T09:17:41.656+0000][16584][gc,task      ] GC(214) Using 2 workers of 2 for marking
[2020-09-30T09:17:41.833+0000][16584][gc,marking   ] GC(214) Concurrent Mark From Roots 176.194ms
[2020-09-30T09:17:41.833+0000][16584][gc,marking   ] GC(214) Concurrent Preclean
[2020-09-30T09:17:41.834+0000][16584][gc,marking   ] GC(214) Concurrent Preclean 0.600ms
[2020-09-30T09:17:41.834+0000][16584][gc,marking   ] GC(214) Concurrent Mark (155.513s, 155.690s) 176.982ms
[2020-09-30T09:17:41.834+0000][16584][gc,start     ] GC(214) Pause Remark
[2020-09-30T09:17:41.841+0000][16584][gc           ] GC(214) Pause Remark 853M->853M(1024M) 6.723ms
[2020-09-30T09:17:41.841+0000][16584][gc,cpu       ] GC(214) User=0.00s Sys=0.00s Real=0.01s
[2020-09-30T09:17:41.841+0000][16584][safepoint    ] Safepoint "G1Concurrent", Time since last: 180798100 ns, Reaching safepoint: 218900 ns, At safepoint: 7031800 ns, Total: 7250700 ns
[2020-09-30T09:17:41.841+0000][16584][gc,marking   ] GC(214) Concurrent Rebuild Remembered Sets
[2020-09-30T09:17:41.951+0000][16584][gc,marking   ] GC(214) Concurrent Rebuild Remembered Sets 109.814ms
[2020-09-30T09:17:41.951+0000][16584][gc,start     ] GC(214) Pause Cleanup
[2020-09-30T09:17:41.952+0000][16584][gc           ] GC(214) Pause Cleanup 882M->882M(1024M) 0.429ms
[2020-09-30T09:17:41.952+0000][16584][gc,cpu       ] GC(214) User=0.02s Sys=0.00s Real=0.00s
[2020-09-30T09:17:41.953+0000][16584][safepoint    ] Safepoint "G1Concurrent", Time since last: 110018200 ns, Reaching safepoint: 200200 ns, At safepoint: 2042400 ns, Total: 2242600 ns
[2020-09-30T09:17:41.953+0000][16584][gc,marking   ] GC(214) Concurrent Cleanup for Next Mark
[2020-09-30T09:17:41.955+0000][16584][gc,marking   ] GC(214) Concurrent Cleanup for Next Mark 1.836ms
[2020-09-30T09:17:41.955+0000][16584][gc           ] GC(214) Concurrent Cycle 302.704ms
[2020-09-30T09:17:41.980+0000][16584][gc,start     ] GC(215) Pause Young (Concurrent Start) (G1 Humongous Allocation)
[2020-09-30T09:17:41.980+0000][16584][gc,task      ] GC(215) Using 8 workers of 8 for evacuation
[2020-09-30T09:17:41.980+0000][16584][gc,age       ] GC(215) Desired survivor size 33030144 bytes, new threshold 15 (max threshold 15)
[2020-09-30T09:17:41.986+0000][16584][gc,age       ] GC(215) Age table with threshold 15 (max threshold 15)
[2020-09-30T09:17:41.986+0000][16584][gc,age       ] GC(215) - age   1:   13540072 bytes,   13540072 total
[2020-09-30T09:17:41.986+0000][16584][gc,age       ] GC(215) - age   2:       7088 bytes,   13547160 total
[2020-09-30T09:17:41.986+0000][16584][gc,age       ] GC(215) - age   3:      53248 bytes,   13600408 total
[2020-09-30T09:17:41.986+0000][16584][gc,age       ] GC(215) - age   4:       2000 bytes,   13602408 total
[2020-09-30T09:17:41.986+0000][16584][gc,age       ] GC(215) - age   5:        872 bytes,   13603280 total
[2020-09-30T09:17:41.987+0000][16584][gc,age       ] GC(215) - age   6:      21896 bytes,   13625176 total
[2020-09-30T09:17:41.987+0000][16584][gc,age       ] GC(215) - age   7:        704 bytes,   13625880 total
[2020-09-30T09:17:41.987+0000][16584][gc,age       ] GC(215) - age   8:       3744 bytes,   13629624 total
[2020-09-30T09:17:41.987+0000][16584][gc,age       ] GC(215) - age   9:       1696 bytes,   13631320 total
[2020-09-30T09:17:41.987+0000][16584][gc,age       ] GC(215) - age  10:      79816 bytes,   13711136 total
[2020-09-30T09:17:41.987+0000][16584][gc,age       ] GC(215) - age  11:        560 bytes,   13711696 total
[2020-09-30T09:17:41.987+0000][16584][gc,age       ] GC(215) - age  12:        656 bytes,   13712352 total
[2020-09-30T09:17:41.987+0000][16584][gc,age       ] GC(215) - age  13:        344 bytes,   13712696 total
[2020-09-30T09:17:41.987+0000][16584][gc,age       ] GC(215) - age  14:        648 bytes,   13713344 total
[2020-09-30T09:17:41.987+0000][16584][gc,age       ] GC(215) - age  15:      13488 bytes,   13726832 total
[2020-09-30T09:17:41.987+0000][16584][gc,phases    ] GC(215)   Pre Evacuate Collection Set: 0.5ms
[2020-09-30T09:17:41.987+0000][16584][gc,phases    ] GC(215)   Merge Heap Roots: 0.1ms
[2020-09-30T09:17:41.987+0000][16584][gc,phases    ] GC(215)   Evacuate Collection Set: 3.8ms
[2020-09-30T09:17:41.987+0000][16584][gc,phases    ] GC(215)   Post Evacuate Collection Set: 1.5ms
[2020-09-30T09:17:41.987+0000][16584][gc,phases    ] GC(215)   Other: 1.2ms
[2020-09-30T09:17:41.987+0000][16584][gc,heap      ] GC(215) Eden regions: 183->0(477)
[2020-09-30T09:17:41.987+0000][16584][gc,heap      ] GC(215) Survivor regions: 7->14(63)
[2020-09-30T09:17:41.987+0000][16584][gc,heap      ] GC(215) Old regions: 77->77
[2020-09-30T09:17:41.987+0000][16584][gc,heap      ] GC(215) Archive regions: 0->0
[2020-09-30T09:17:41.987+0000][16584][gc,heap      ] GC(215) Humongous regions: 636->174
[2020-09-30T09:17:41.987+0000][16584][gc,metaspace ] GC(215) Metaspace: 87489K(93440K)->87489K(93440K) NonClass: 76341K(79872K)->76341K(79872K) Class: 11147K(13568K)->11147K(13568K)
[2020-09-30T09:17:41.988+0000][16584][gc           ] GC(215) Pause Young (Concurrent Start) (G1 Humongous Allocation) 901M->264M(1024M) 7.612ms
[2020-09-30T09:17:41.988+0000][16584][gc,cpu       ] GC(215) User=0.11s Sys=0.00s Real=0.01s
[2020-09-30T09:17:41.988+0000][16584][gc           ] GC(216) Concurrent Cycle
[2020-09-30T09:17:41.988+0000][16584][gc,marking   ] GC(216) Concurrent Clear Claimed Marks
[2020-09-30T09:17:41.988+0000][16584][gc,marking   ] GC(216) Concurrent Clear Claimed Marks 0.403ms
[2020-09-30T09:17:41.988+0000][16584][gc,marking   ] GC(216) Concurrent Scan Root Regions
[2020-09-30T09:17:41.989+0000][16584][safepoint    ] Safepoint "G1TryInitiateConcMark", Time since last: 26472400 ns, Reaching safepoint: 202900 ns, At safepoint: 8774500 ns, Total: 8977400 ns
[2020-09-30T09:17:41.991+0000][16584][gc,marking   ] GC(216) Concurrent Scan Root Regions 2.694ms
[2020-09-30T09:17:41.991+0000][16584][gc,marking   ] GC(216) Concurrent Mark (155.848s)
[2020-09-30T09:17:41.991+0000][16584][gc,marking   ] GC(216) Concurrent Mark From Roots
[2020-09-30T09:17:41.991+0000][16584][gc,task      ] GC(216) Using 2 workers of 2 for marking
[2020-09-30T09:17:42.167+0000][16584][gc,marking   ] GC(216) Concurrent Mark From Roots 176.047ms
[2020-09-30T09:17:42.167+0000][16584][gc,marking   ] GC(216) Concurrent Preclean
[2020-09-30T09:17:42.168+0000][16584][gc,marking   ] GC(216) Concurrent Preclean 0.802ms
[2020-09-30T09:17:42.168+0000][16584][gc,marking   ] GC(216) Concurrent Mark (155.848s, 156.025s) 177.078ms
[2020-09-30T09:17:42.168+0000][16584][gc,start     ] GC(216) Pause Remark
[2020-09-30T09:17:42.175+0000][16584][gc           ] GC(216) Pause Remark 591M->591M(1024M) 6.911ms
[2020-09-30T09:17:42.176+0000][16584][gc,cpu       ] GC(216) User=0.13s Sys=0.00s Real=0.01s
[2020-09-30T09:17:42.176+0000][16584][safepoint    ] Safepoint "G1Concurrent", Time since last: 179597200 ns, Reaching safepoint: 172300 ns, At safepoint: 7364900 ns, Total: 7537200 ns
[2020-09-30T09:17:42.176+0000][16584][gc,marking   ] GC(216) Concurrent Rebuild Remembered Sets
[2020-09-30T09:17:42.279+0000][16584][gc,marking   ] GC(216) Concurrent Rebuild Remembered Sets 103.584ms
[2020-09-30T09:17:42.280+0000][16584][gc,start     ] GC(216) Pause Cleanup
[2020-09-30T09:17:42.280+0000][16584][gc           ] GC(216) Pause Cleanup 659M->659M(1024M) 0.388ms
[2020-09-30T09:17:42.280+0000][16584][gc,cpu       ] GC(216) User=0.00s Sys=0.00s Real=0.00s
[2020-09-30T09:17:42.280+0000][16584][safepoint    ] Safepoint "G1Concurrent", Time since last: 103818700 ns, Reaching safepoint: 141100 ns, At safepoint: 591700 ns, Total: 732800 ns
[2020-09-30T09:17:42.280+0000][16584][gc,marking   ] GC(216) Concurrent Cleanup for Next Mark
[2020-09-30T09:17:42.282+0000][16584][gc,marking   ] GC(216) Concurrent Cleanup for Next Mark 1.701ms
[2020-09-30T09:17:42.282+0000][16584][gc           ] GC(216) Concurrent Cycle 294.498ms
[2020-09-30T09:17:42.335+0000][16584][gc,start     ] GC(217) Pause Young (Concurrent Start) (G1 Humongous Allocation)
[2020-09-30T09:17:42.335+0000][16584][gc,task      ] GC(217) Using 8 workers of 8 for evacuation
[2020-09-30T09:17:42.335+0000][16584][gc,age       ] GC(217) Desired survivor size 32505856 bytes, new threshold 15 (max threshold 15)
[2020-09-30T09:17:42.339+0000][16584][gc,age       ] GC(217) Age table with threshold 15 (max threshold 15)
[2020-09-30T09:17:42.339+0000][16584][gc,age       ] GC(217) - age   1:    2839576 bytes,    2839576 total
[2020-09-30T09:17:42.339+0000][16584][gc,age       ] GC(217) - age   2:       4520 bytes,    2844096 total
[2020-09-30T09:17:42.340+0000][16584][gc,age       ] GC(217) - age   3:       6960 bytes,    2851056 total
[2020-09-30T09:17:42.340+0000][16584][gc,age       ] GC(217) - age   4:      52912 bytes,    2903968 total
[2020-09-30T09:17:42.340+0000][16584][gc,age       ] GC(217) - age   5:       1832 bytes,    2905800 total
[2020-09-30T09:17:42.340+0000][16584][gc,age       ] GC(217) - age   6:        808 bytes,    2906608 total
[2020-09-30T09:17:42.340+0000][16584][gc,age       ] GC(217) - age   7:      21896 bytes,    2928504 total
[2020-09-30T09:17:42.340+0000][16584][gc,age       ] GC(217) - age   8:        704 bytes,    2929208 total
[2020-09-30T09:17:42.340+0000][16584][gc,age       ] GC(217) - age   9:       3744 bytes,    2932952 total
[2020-09-30T09:17:42.340+0000][16584][gc,age       ] GC(217) - age  10:       1664 bytes,    2934616 total
[2020-09-30T09:17:42.340+0000][16584][gc,age       ] GC(217) - age  11:      79816 bytes,    3014432 total
[2020-09-30T09:17:42.340+0000][16584][gc,age       ] GC(217) - age  12:        560 bytes,    3014992 total
[2020-09-30T09:17:42.340+0000][16584][gc,age       ] GC(217) - age  13:        656 bytes,    3015648 total
[2020-09-30T09:17:42.340+0000][16584][gc,age       ] GC(217) - age  14:        344 bytes,    3015992 total
[2020-09-30T09:17:42.340+0000][16584][gc,age       ] GC(217) - age  15:        648 bytes,    3016640 total
[2020-09-30T09:17:42.340+0000][16584][gc,phases    ] GC(217)   Pre Evacuate Collection Set: 0.5ms
[2020-09-30T09:17:42.340+0000][16584][gc,phases    ] GC(217)   Merge Heap Roots: 0.1ms
[2020-09-30T09:17:42.340+0000][16584][gc,phases    ] GC(217)   Evacuate Collection Set: 2.2ms
[2020-09-30T09:17:42.340+0000][16584][gc,phases    ] GC(217)   Post Evacuate Collection Set: 1.0ms
[2020-09-30T09:17:42.340+0000][16584][gc,phases    ] GC(217)   Other: 1.1ms
[2020-09-30T09:17:42.340+0000][16584][gc,heap      ] GC(217) Eden regions: 101->0(491)
[2020-09-30T09:17:42.340+0000][16584][gc,heap      ] GC(217) Survivor regions: 14->4(62)
[2020-09-30T09:17:42.340+0000][16584][gc,heap      ] GC(217) Old regions: 77->77
[2020-09-30T09:17:42.340+0000][16584][gc,heap      ] GC(217) Archive regions: 0->0
[2020-09-30T09:17:42.340+0000][16584][gc,heap      ] GC(217) Humongous regions: 478->174
[2020-09-30T09:17:42.340+0000][16584][gc,metaspace ] GC(217) Metaspace: 87491K(93440K)->87491K(93440K) NonClass: 76344K(79872K)->76344K(79872K) Class: 11147K(13568K)->11147K(13568K)
[2020-09-30T09:17:42.340+0000][16584][gc           ] GC(217) Pause Young (Concurrent Start) (G1 Humongous Allocation) 669M->254M(1024M) 5.272ms
[2020-09-30T09:17:42.341+0000][16584][gc,cpu       ] GC(217) User=0.00s Sys=0.00s Real=0.01s
[2020-09-30T09:17:42.341+0000][16584][safepoint    ] Safepoint "G1TryInitiateConcMark", Time since last: 54662800 ns, Reaching safepoint: 156800 ns, At safepoint: 5504400 ns, Total: 5661200 ns
[2020-09-30T09:17:42.341+0000][16584][gc           ] GC(218) Concurrent Cycle
[2020-09-30T09:17:42.341+0000][16584][gc,marking   ] GC(218) Concurrent Clear Claimed Marks
[2020-09-30T09:17:42.341+0000][16584][gc,marking   ] GC(218) Concurrent Clear Claimed Marks 0.438ms
[2020-09-30T09:17:42.341+0000][16584][gc,marking   ] GC(218) Concurrent Scan Root Regions
[2020-09-30T09:17:42.344+0000][16584][gc,marking   ] GC(218) Concurrent Scan Root Regions 3.027ms
[2020-09-30T09:17:42.344+0000][16584][gc,marking   ] GC(218) Concurrent Mark (156.201s)
[2020-09-30T09:17:42.344+0000][16584][gc,marking   ] GC(218) Concurrent Mark From Roots
[2020-09-30T09:17:42.345+0000][16584][gc,task      ] GC(218) Using 2 workers of 2 for marking
[2020-09-30T09:17:42.509+0000][16584][gc,marking   ] GC(218) Concurrent Mark From Roots 164.597ms
[2020-09-30T09:17:42.509+0000][16584][gc,marking   ] GC(218) Concurrent Preclean
[2020-09-30T09:17:42.510+0000][16584][gc,marking   ] GC(218) Concurrent Preclean 0.794ms
[2020-09-30T09:17:42.510+0000][16584][gc,marking   ] GC(218) Concurrent Mark (156.201s, 156.367s) 165.656ms
[2020-09-30T09:17:42.510+0000][16584][gc,start     ] GC(218) Pause Remark
[2020-09-30T09:17:42.517+0000][16584][gc           ] GC(218) Pause Remark 555M->555M(1024M) 6.164ms
[2020-09-30T09:17:42.517+0000][16584][gc,cpu       ] GC(218) User=0.11s Sys=0.00s Real=0.01s
[2020-09-30T09:17:42.517+0000][16584][safepoint    ] Safepoint "G1Concurrent", Time since last: 169537500 ns, Reaching safepoint: 260000 ns, At safepoint: 6576300 ns, Total: 6836300 ns
[2020-09-30T09:17:42.517+0000][16584][gc,marking   ] GC(218) Concurrent Rebuild Remembered Sets
[2020-09-30T09:17:42.622+0000][16584][gc,marking   ] GC(218) Concurrent Rebuild Remembered Sets 105.307ms
[2020-09-30T09:17:42.622+0000][16584][gc,start     ] GC(218) Pause Cleanup
[2020-09-30T09:17:42.622+0000][16584][gc           ] GC(218) Pause Cleanup 729M->729M(1024M) 0.317ms
[2020-09-30T09:17:42.623+0000][16584][gc,cpu       ] GC(218) User=0.00s Sys=0.02s Real=0.00s
[2020-09-30T09:17:42.623+0000][16584][safepoint    ] Safepoint "G1Concurrent", Time since last: 105549200 ns, Reaching safepoint: 175500 ns, At safepoint: 510000 ns, Total: 685500 ns
[2020-09-30T09:17:42.623+0000][16584][gc,marking   ] GC(218) Concurrent Cleanup for Next Mark
[2020-09-30T09:17:42.625+0000][16584][gc,marking   ] GC(218) Concurrent Cleanup for Next Mark 2.211ms
[2020-09-30T09:17:42.625+0000][16584][gc           ] GC(218) Concurrent Cycle 285.083ms
[2020-09-30T09:17:42.656+0000][16584][gc,start     ] GC(219) Pause Young (Concurrent Start) (G1 Humongous Allocation)
[2020-09-30T09:17:42.656+0000][16584][gc,task      ] GC(219) Using 8 workers of 8 for evacuation
[2020-09-30T09:17:42.656+0000][16584][gc,age       ] GC(219) Desired survivor size 32505856 bytes, new threshold 15 (max threshold 15)
[2020-09-30T09:17:42.660+0000][16584][gc,age       ] GC(219) Age table with threshold 15 (max threshold 15)
[2020-09-30T09:17:42.661+0000][16584][gc,age       ] GC(219) - age   1:    3939960 bytes,    3939960 total
[2020-09-30T09:17:42.661+0000][16584][gc,age       ] GC(219) - age   2:       2528 bytes,    3942488 total
[2020-09-30T09:17:42.661+0000][16584][gc,age       ] GC(219) - age   3:       2832 bytes,    3945320 total
[2020-09-30T09:17:42.661+0000][16584][gc,age       ] GC(219) - age   4:       5288 bytes,    3950608 total
[2020-09-30T09:17:42.661+0000][16584][gc,age       ] GC(219) - age   5:      52784 bytes,    4003392 total
[2020-09-30T09:17:42.661+0000][16584][gc,age       ] GC(219) - age   6:       1640 bytes,    4005032 total
[2020-09-30T09:17:42.661+0000][16584][gc,age       ] GC(219) - age   7:        712 bytes,    4005744 total
[2020-09-30T09:17:42.661+0000][16584][gc,age       ] GC(219) - age   8:      21864 bytes,    4027608 total
[2020-09-30T09:17:42.661+0000][16584][gc,age       ] GC(219) - age   9:        704 bytes,    4028312 total
[2020-09-30T09:17:42.661+0000][16584][gc,age       ] GC(219) - age  10:       3680 bytes,    4031992 total
[2020-09-30T09:17:42.661+0000][16584][gc,age       ] GC(219) - age  11:       1664 bytes,    4033656 total
[2020-09-30T09:17:42.661+0000][16584][gc,age       ] GC(219) - age  12:      79816 bytes,    4113472 total
[2020-09-30T09:17:42.661+0000][16584][gc,age       ] GC(219) - age  13:        560 bytes,    4114032 total
[2020-09-30T09:17:42.661+0000][16584][gc,age       ] GC(219) - age  14:        656 bytes,    4114688 total
[2020-09-30T09:17:42.661+0000][16584][gc,age       ] GC(219) - age  15:        344 bytes,    4115032 total
[2020-09-30T09:17:42.661+0000][16584][gc,phases    ] GC(219)   Pre Evacuate Collection Set: 0.4ms
[2020-09-30T09:17:42.661+0000][16584][gc,phases    ] GC(219)   Merge Heap Roots: 0.1ms
[2020-09-30T09:17:42.661+0000][16584][gc,phases    ] GC(219)   Evacuate Collection Set: 2.6ms
[2020-09-30T09:17:42.661+0000][16584][gc,phases    ] GC(219)   Post Evacuate Collection Set: 1.2ms
[2020-09-30T09:17:42.661+0000][16584][gc,phases    ] GC(219)   Other: 1.1ms
[2020-09-30T09:17:42.661+0000][16584][gc,heap      ] GC(219) Eden regions: 132->0(493)
[2020-09-30T09:17:42.661+0000][16584][gc,heap      ] GC(219) Survivor regions: 4->5(62)
[2020-09-30T09:17:42.661+0000][16584][gc,heap      ] GC(219) Old regions: 77->77
[2020-09-30T09:17:42.661+0000][16584][gc,heap      ] GC(219) Archive regions: 0->0
[2020-09-30T09:17:42.661+0000][16584][gc,heap      ] GC(219) Humongous regions: 524->174
[2020-09-30T09:17:42.662+0000][16584][gc,metaspace ] GC(219) Metaspace: 87497K(93440K)->87497K(93440K) NonClass: 76349K(79872K)->76349K(79872K) Class: 11147K(13568K)->11147K(13568K)
[2020-09-30T09:17:42.662+0000][16584][gc           ] GC(219) Pause Young (Concurrent Start) (G1 Humongous Allocation) 736M->255M(1024M) 5.907ms
[2020-09-30T09:17:42.662+0000][16584][gc,cpu       ] GC(219) User=0.00s Sys=0.00s Real=0.01s
[2020-09-30T09:17:42.662+0000][16584][gc           ] GC(220) Concurrent Cycle
[2020-09-30T09:17:42.662+0000][16584][safepoint    ] Safepoint "G1TryInitiateConcMark", Time since last: 32786400 ns, Reaching safepoint: 173800 ns, At safepoint: 6160000 ns, Total: 6333800 ns
[2020-09-30T09:17:42.662+0000][16584][gc,marking   ] GC(220) Concurrent Clear Claimed Marks
[2020-09-30T09:17:42.662+0000][16584][gc,marking   ] GC(220) Concurrent Clear Claimed Marks 0.455ms
[2020-09-30T09:17:42.662+0000][16584][gc,marking   ] GC(220) Concurrent Scan Root Regions
[2020-09-30T09:17:42.666+0000][16584][gc,marking   ] GC(220) Concurrent Scan Root Regions 3.635ms
[2020-09-30T09:17:42.666+0000][16584][gc,marking   ] GC(220) Concurrent Mark (156.523s)
[2020-09-30T09:17:42.666+0000][16584][gc,marking   ] GC(220) Concurrent Mark From Roots
[2020-09-30T09:17:42.666+0000][16584][gc,task      ] GC(220) Using 2 workers of 2 for marking
[2020-09-30T09:17:42.839+0000][16584][gc,marking   ] GC(220) Concurrent Mark From Roots 173.199ms
[2020-09-30T09:17:42.839+0000][16584][gc,marking   ] GC(220) Concurrent Preclean
[2020-09-30T09:17:42.840+0000][16584][gc,marking   ] GC(220) Concurrent Preclean 0.636ms
[2020-09-30T09:17:42.840+0000][16584][gc,marking   ] GC(220) Concurrent Mark (156.523s, 156.697s) 174.034ms
[2020-09-30T09:17:42.840+0000][16584][gc,start     ] GC(220) Pause Remark
[2020-09-30T09:17:42.847+0000][16584][gc           ] GC(220) Pause Remark 392M->392M(1024M) 6.107ms
[2020-09-30T09:17:42.847+0000][16584][gc,cpu       ] GC(220) User=0.11s Sys=0.00s Real=0.01s
[2020-09-30T09:17:42.847+0000][16584][safepoint    ] Safepoint "G1Concurrent", Time since last: 178483200 ns, Reaching safepoint: 130400 ns, At safepoint: 6428200 ns, Total: 6558600 ns
[2020-09-30T09:17:42.847+0000][16584][gc,marking   ] GC(220) Concurrent Rebuild Remembered Sets
[2020-09-30T09:17:42.944+0000][16584][gc,marking   ] GC(220) Concurrent Rebuild Remembered Sets 97.028ms
[2020-09-30T09:17:42.944+0000][16584][gc,start     ] GC(220) Pause Cleanup
[2020-09-30T09:17:42.945+0000][16584][gc           ] GC(220) Pause Cleanup 461M->461M(1024M) 0.313ms
[2020-09-30T09:17:42.945+0000][16584][gc,cpu       ] GC(220) User=0.00s Sys=0.00s Real=0.00s
[2020-09-30T09:17:42.945+0000][16584][safepoint    ] Safepoint "G1Concurrent", Time since last: 97232900 ns, Reaching safepoint: 143200 ns, At safepoint: 506800 ns, Total: 650000 ns
[2020-09-30T09:17:42.945+0000][16584][gc,marking   ] GC(220) Concurrent Cleanup for Next Mark
[2020-09-30T09:17:42.947+0000][16584][gc,marking   ] GC(220) Concurrent Cleanup for Next Mark 1.754ms
[2020-09-30T09:17:42.947+0000][16584][gc           ] GC(220) Concurrent Cycle 284.921ms
[2020-09-30T09:17:43.007+0000][16584][gc,start     ] GC(221) Pause Young (Concurrent Start) (G1 Humongous Allocation)
[2020-09-30T09:17:43.007+0000][16584][gc,task      ] GC(221) Using 8 workers of 8 for evacuation
[2020-09-30T09:17:43.007+0000][16584][gc,age       ] GC(221) Desired survivor size 33030144 bytes, new threshold 15 (max threshold 15)
[2020-09-30T09:17:43.011+0000][16584][gc,age       ] GC(221) Age table with threshold 15 (max threshold 15)
[2020-09-30T09:17:43.011+0000][16584][gc,age       ] GC(221) - age   1:    3559304 bytes,    3559304 total
[2020-09-30T09:17:43.011+0000][16584][gc,age       ] GC(221) - age   2:     404408 bytes,    3963712 total
[2020-09-30T09:17:43.011+0000][16584][gc,age       ] GC(221) - age   3:       2160 bytes,    3965872 total
[2020-09-30T09:17:43.012+0000][16584][gc,age       ] GC(221) - age   4:       2280 bytes,    3968152 total
[2020-09-30T09:17:43.012+0000][16584][gc,age       ] GC(221) - age   5:       4968 bytes,    3973120 total
[2020-09-30T09:17:43.012+0000][16584][gc,age       ] GC(221) - age   6:      52784 bytes,    4025904 total
[2020-09-30T09:17:43.012+0000][16584][gc,age       ] GC(221) - age   7:       1256 bytes,    4027160 total
[2020-09-30T09:17:43.012+0000][16584][gc,age       ] GC(221) - age   8:        648 bytes,    4027808 total
[2020-09-30T09:17:43.012+0000][16584][gc,age       ] GC(221) - age   9:      21864 bytes,    4049672 total
[2020-09-30T09:17:43.012+0000][16584][gc,age       ] GC(221) - age  10:        576 bytes,    4050248 total
[2020-09-30T09:17:43.012+0000][16584][gc,age       ] GC(221) - age  11:       3680 bytes,    4053928 total
[2020-09-30T09:17:43.012+0000][16584][gc,age       ] GC(221) - age  12:       1664 bytes,    4055592 total
[2020-09-30T09:17:43.012+0000][16584][gc,age       ] GC(221) - age  13:      79752 bytes,    4135344 total
[2020-09-30T09:17:43.012+0000][16584][gc,age       ] GC(221) - age  14:        560 bytes,    4135904 total
[2020-09-30T09:17:43.012+0000][16584][gc,age       ] GC(221) - age  15:        624 bytes,    4136528 total
[2020-09-30T09:17:43.012+0000][16584][gc,phases    ] GC(221)   Pre Evacuate Collection Set: 0.4ms
[2020-09-30T09:17:43.012+0000][16584][gc,phases    ] GC(221)   Merge Heap Roots: 0.1ms
[2020-09-30T09:17:43.012+0000][16584][gc,phases    ] GC(221)   Evacuate Collection Set: 2.3ms
[2020-09-30T09:17:43.012+0000][16584][gc,phases    ] GC(221)   Post Evacuate Collection Set: 0.9ms
[2020-09-30T09:17:43.012+0000][16584][gc,phases    ] GC(221)   Other: 1.2ms
[2020-09-30T09:17:43.012+0000][16584][gc,heap      ] GC(221) Eden regions: 61->0(495)
[2020-09-30T09:17:43.012+0000][16584][gc,heap      ] GC(221) Survivor regions: 5->5(63)
[2020-09-30T09:17:43.012+0000][16584][gc,heap      ] GC(221) Old regions: 77->77
[2020-09-30T09:17:43.012+0000][16584][gc,heap      ] GC(221) Archive regions: 0->0
[2020-09-30T09:17:43.012+0000][16584][gc,heap      ] GC(221) Humongous regions: 330->174
[2020-09-30T09:17:43.012+0000][16584][gc,metaspace ] GC(221) Metaspace: 87505K(93440K)->87505K(93440K) NonClass: 76357K(79872K)->76357K(79872K) Class: 11147K(13568K)->11147K(13568K)
[2020-09-30T09:17:43.012+0000][16584][gc           ] GC(221) Pause Young (Concurrent Start) (G1 Humongous Allocation) 471M->255M(1024M) 5.293ms
[2020-09-30T09:17:43.013+0000][16584][gc,cpu       ] GC(221) User=0.00s Sys=0.00s Real=0.01s
[2020-09-30T09:17:43.013+0000][16584][gc           ] GC(222) Concurrent Cycle
[2020-09-30T09:17:43.013+0000][16584][safepoint    ] Safepoint "G1TryInitiateConcMark", Time since last: 62277200 ns, Reaching safepoint: 161900 ns, At safepoint: 5543400 ns, Total: 5705300 ns
[2020-09-30T09:17:43.013+0000][16584][gc,marking   ] GC(222) Concurrent Clear Claimed Marks
[2020-09-30T09:17:43.013+0000][16584][gc,marking   ] GC(222) Concurrent Clear Claimed Marks 0.506ms
[2020-09-30T09:17:43.013+0000][16584][gc,marking   ] GC(222) Concurrent Scan Root Regions
[2020-09-30T09:17:43.016+0000][16584][gc,marking   ] GC(222) Concurrent Scan Root Regions 2.943ms
[2020-09-30T09:17:43.016+0000][16584][gc,marking   ] GC(222) Concurrent Mark (156.874s)
[2020-09-30T09:17:43.016+0000][16584][gc,marking   ] GC(222) Concurrent Mark From Roots
[2020-09-30T09:17:43.016+0000][16584][gc,task      ] GC(222) Using 2 workers of 2 for marking
[2020-09-30T09:17:43.183+0000][16584][gc,marking   ] GC(222) Concurrent Mark From Roots 165.804ms
[2020-09-30T09:17:43.183+0000][16584][gc,marking   ] GC(222) Concurrent Preclean
[2020-09-30T09:17:43.183+0000][16584][gc,marking   ] GC(222) Concurrent Preclean 0.617ms
[2020-09-30T09:17:43.183+0000][16584][gc,marking   ] GC(222) Concurrent Mark (156.874s, 157.040s) 166.607ms
[2020-09-30T09:17:43.184+0000][16584][gc,start     ] GC(222) Pause Remark
[2020-09-30T09:17:43.191+0000][16584][gc           ] GC(222) Pause Remark 383M->383M(1024M) 6.418ms
[2020-09-30T09:17:43.191+0000][16584][gc,cpu       ] GC(222) User=0.11s Sys=0.00s Real=0.01s
[2020-09-30T09:17:43.191+0000][16584][safepoint    ] Safepoint "G1Concurrent", Time since last: 170426900 ns, Reaching safepoint: 621100 ns, At safepoint: 6988600 ns, Total: 7609700 ns
[2020-09-30T09:17:43.191+0000][16584][gc,marking   ] GC(222) Concurrent Rebuild Remembered Sets
[2020-09-30T09:17:43.295+0000][16584][gc,marking   ] GC(222) Concurrent Rebuild Remembered Sets 103.906ms
[2020-09-30T09:17:43.295+0000][16584][gc,start     ] GC(222) Pause Cleanup
[2020-09-30T09:17:43.296+0000][16584][gc           ] GC(222) Pause Cleanup 397M->397M(1024M) 0.402ms
[2020-09-30T09:17:43.296+0000][16584][gc,cpu       ] GC(222) User=0.00s Sys=0.00s Real=0.00s
[2020-09-30T09:17:43.296+0000][16584][safepoint    ] Safepoint "G1Concurrent", Time since last: 104131300 ns, Reaching safepoint: 193400 ns, At safepoint: 626800 ns, Total: 820200 ns
[2020-09-30T09:17:43.296+0000][16584][gc,marking   ] GC(222) Concurrent Cleanup for Next Mark
[2020-09-30T09:17:43.298+0000][16584][gc,marking   ] GC(222) Concurrent Cleanup for Next Mark 1.759ms
[2020-09-30T09:17:43.298+0000][16584][gc           ] GC(222) Concurrent Cycle 284.970ms
[2020-09-30T09:17:43.318+0000][16584][gc,start     ] GC(223) Pause Young (Concurrent Start) (G1 Humongous Allocation)
[2020-09-30T09:17:43.318+0000][16584][gc,task      ] GC(223) Using 8 workers of 8 for evacuation
[2020-09-30T09:17:43.318+0000][16584][gc,age       ] GC(223) Desired survivor size 33030144 bytes, new threshold 15 (max threshold 15)
[2020-09-30T09:17:43.322+0000][16584][gc,age       ] GC(223) Age table with threshold 15 (max threshold 15)
[2020-09-30T09:17:43.322+0000][16584][gc,age       ] GC(223) - age   1:    2682824 bytes,    2682824 total
[2020-09-30T09:17:43.322+0000][16584][gc,age       ] GC(223) - age   2:       4264 bytes,    2687088 total
[2020-09-30T09:17:43.322+0000][16584][gc,age       ] GC(223) - age   3:       4120 bytes,    2691208 total
[2020-09-30T09:17:43.322+0000][16584][gc,age       ] GC(223) - age   4:       1552 bytes,    2692760 total
[2020-09-30T09:17:43.322+0000][16584][gc,age       ] GC(223) - age   5:       1896 bytes,    2694656 total
[2020-09-30T09:17:43.322+0000][16584][gc,age       ] GC(223) - age   6:       4536 bytes,    2699192 total
[2020-09-30T09:17:43.322+0000][16584][gc,age       ] GC(223) - age   7:      52784 bytes,    2751976 total
[2020-09-30T09:17:43.322+0000][16584][gc,age       ] GC(223) - age   8:       1032 bytes,    2753008 total
[2020-09-30T09:17:43.322+0000][16584][gc,age       ] GC(223) - age   9:        648 bytes,    2753656 total
[2020-09-30T09:17:43.323+0000][16584][gc,age       ] GC(223) - age  10:      21768 bytes,    2775424 total
[2020-09-30T09:17:43.323+0000][16584][gc,age       ] GC(223) - age  11:        576 bytes,    2776000 total
[2020-09-30T09:17:43.323+0000][16584][gc,age       ] GC(223) - age  12:       3680 bytes,    2779680 total
[2020-09-30T09:17:43.323+0000][16584][gc,age       ] GC(223) - age  13:       1664 bytes,    2781344 total
[2020-09-30T09:17:43.323+0000][16584][gc,age       ] GC(223) - age  14:      79752 bytes,    2861096 total
[2020-09-30T09:17:43.323+0000][16584][gc,age       ] GC(223) - age  15:        560 bytes,    2861656 total
[2020-09-30T09:17:43.323+0000][16584][gc,phases    ] GC(223)   Pre Evacuate Collection Set: 0.5ms
[2020-09-30T09:17:43.323+0000][16584][gc,phases    ] GC(223)   Merge Heap Roots: 0.1ms
[2020-09-30T09:17:43.323+0000][16584][gc,phases    ] GC(223)   Evacuate Collection Set: 2.1ms
[2020-09-30T09:17:43.323+0000][16584][gc,phases    ] GC(223)   Post Evacuate Collection Set: 0.9ms
[2020-09-30T09:17:43.323+0000][16584][gc,phases    ] GC(223)   Other: 1.1ms
[2020-09-30T09:17:43.323+0000][16584][gc,heap      ] GC(223) Eden regions: 47->0(497)
[2020-09-30T09:17:43.323+0000][16584][gc,heap      ] GC(223) Survivor regions: 5->4(63)
[2020-09-30T09:17:43.323+0000][16584][gc,heap      ] GC(223) Old regions: 77->78
[2020-09-30T09:17:43.323+0000][16584][gc,heap      ] GC(223) Archive regions: 0->0
[2020-09-30T09:17:43.323+0000][16584][gc,heap      ] GC(223) Humongous regions: 274->174
[2020-09-30T09:17:43.323+0000][16584][gc,metaspace ] GC(223) Metaspace: 87525K(93440K)->87525K(93440K) NonClass: 76377K(79872K)->76377K(79872K) Class: 11147K(13568K)->11147K(13568K)
[2020-09-30T09:17:43.323+0000][16584][gc           ] GC(223) Pause Young (Concurrent Start) (G1 Humongous Allocation) 402M->254M(1024M) 5.241ms
[2020-09-30T09:17:43.323+0000][16584][gc,cpu       ] GC(223) User=0.00s Sys=0.00s Real=0.00s
[2020-09-30T09:17:43.323+0000][16584][gc           ] GC(224) Concurrent Cycle
[2020-09-30T09:17:43.323+0000][16584][safepoint    ] Safepoint "G1TryInitiateConcMark", Time since last: 21782700 ns, Reaching safepoint: 166200 ns, At safepoint: 5482900 ns, Total: 5649100 ns
[2020-09-30T09:17:43.324+0000][16584][gc,marking   ] GC(224) Concurrent Clear Claimed Marks
[2020-09-30T09:17:43.324+0000][16584][gc,marking   ] GC(224) Concurrent Clear Claimed Marks 0.573ms
[2020-09-30T09:17:43.324+0000][16584][gc,marking   ] GC(224) Concurrent Scan Root Regions
[2020-09-30T09:17:43.327+0000][16584][gc,marking   ] GC(224) Concurrent Scan Root Regions 2.454ms
[2020-09-30T09:17:43.327+0000][16584][gc,marking   ] GC(224) Concurrent Mark (157.184s)
[2020-09-30T09:17:43.327+0000][16584][gc,marking   ] GC(224) Concurrent Mark From Roots
[2020-09-30T09:17:43.327+0000][16584][gc,task      ] GC(224) Using 2 workers of 2 for marking
[2020-09-30T09:17:43.499+0000][16584][gc,marking   ] GC(224) Concurrent Mark From Roots 172.243ms
[2020-09-30T09:17:43.499+0000][16584][gc,marking   ] GC(224) Concurrent Preclean
[2020-09-30T09:17:43.500+0000][16584][gc,marking   ] GC(224) Concurrent Preclean 0.691ms
[2020-09-30T09:17:43.500+0000][16584][gc,marking   ] GC(224) Concurrent Mark (157.184s, 157.357s) 173.190ms
[2020-09-30T09:17:43.500+0000][16584][gc,start     ] GC(224) Pause Remark
[2020-09-30T09:17:43.507+0000][16584][gc           ] GC(224) Pause Remark 384M->384M(1024M) 6.507ms
[2020-09-30T09:17:43.507+0000][16584][gc,cpu       ] GC(224) User=0.00s Sys=0.00s Real=0.01s
[2020-09-30T09:17:43.507+0000][16584][safepoint    ] Safepoint "G1Concurrent", Time since last: 176659300 ns, Reaching safepoint: 247800 ns, At safepoint: 6784200 ns, Total: 7032000 ns
[2020-09-30T09:17:43.507+0000][16584][gc,marking   ] GC(224) Concurrent Rebuild Remembered Sets
[2020-09-30T09:17:43.604+0000][16584][gc,marking   ] GC(224) Concurrent Rebuild Remembered Sets 96.319ms
[2020-09-30T09:17:43.604+0000][16584][gc,start     ] GC(224) Pause Cleanup
[2020-09-30T09:17:43.604+0000][16584][gc           ] GC(224) Pause Cleanup 463M->463M(1024M) 0.419ms
[2020-09-30T09:17:43.604+0000][16584][gc,cpu       ] GC(224) User=0.00s Sys=0.00s Real=0.00s
[2020-09-30T09:17:43.605+0000][16584][safepoint    ] Safepoint "G1Concurrent", Time since last: 96506200 ns, Reaching safepoint: 231500 ns, At safepoint: 1270600 ns, Total: 1502100 ns
[2020-09-30T09:17:43.605+0000][16584][gc,marking   ] GC(224) Concurrent Cleanup for Next Mark
[2020-09-30T09:17:43.608+0000][16584][gc,marking   ] GC(224) Concurrent Cleanup for Next Mark 2.598ms
[2020-09-30T09:17:43.608+0000][16584][gc           ] GC(224) Concurrent Cycle 284.625ms
[2020-09-30T09:17:43.609+0000][16584][gc,start     ] GC(225) Pause Young (Concurrent Start) (G1 Humongous Allocation)
[2020-09-30T09:17:43.609+0000][16584][gc,task      ] GC(225) Using 8 workers of 8 for evacuation
[2020-09-30T09:17:43.609+0000][16584][gc,age       ] GC(225) Desired survivor size 33030144 bytes, new threshold 15 (max threshold 15)
[2020-09-30T09:17:43.614+0000][16584][gc,age       ] GC(225) Age table with threshold 15 (max threshold 15)
[2020-09-30T09:17:43.614+0000][16584][gc,age       ] GC(225) - age   1:   11197768 bytes,   11197768 total
[2020-09-30T09:17:43.614+0000][16584][gc,age       ] GC(225) - age   2:      73496 bytes,   11271264 total
[2020-09-30T09:17:43.614+0000][16584][gc,age       ] GC(225) - age   3:       3160 bytes,   11274424 total
[2020-09-30T09:17:43.614+0000][16584][gc,age       ] GC(225) - age   4:       1992 bytes,   11276416 total
[2020-09-30T09:17:43.614+0000][16584][gc,age       ] GC(225) - age   5:       1520 bytes,   11277936 total
[2020-09-30T09:17:43.614+0000][16584][gc,age       ] GC(225) - age   6:       1896 bytes,   11279832 total
[2020-09-30T09:17:43.614+0000][16584][gc,age       ] GC(225) - age   7:       2160 bytes,   11281992 total
[2020-09-30T09:17:43.614+0000][16584][gc,age       ] GC(225) - age   8:      52592 bytes,   11334584 total
[2020-09-30T09:17:43.614+0000][16584][gc,age       ] GC(225) - age   9:       1032 bytes,   11335616 total
[2020-09-30T09:17:43.614+0000][16584][gc,age       ] GC(225) - age  10:        616 bytes,   11336232 total
[2020-09-30T09:17:43.614+0000][16584][gc,age       ] GC(225) - age  11:      21768 bytes,   11358000 total
[2020-09-30T09:17:43.614+0000][16584][gc,age       ] GC(225) - age  12:        576 bytes,   11358576 total
[2020-09-30T09:17:43.614+0000][16584][gc,age       ] GC(225) - age  13:       3680 bytes,   11362256 total
[2020-09-30T09:17:43.614+0000][16584][gc,age       ] GC(225) - age  14:       1568 bytes,   11363824 total
[2020-09-30T09:17:43.614+0000][16584][gc,age       ] GC(225) - age  15:      79720 bytes,   11443544 total
[2020-09-30T09:17:43.614+0000][16584][gc,phases    ] GC(225)   Pre Evacuate Collection Set: 0.5ms
[2020-09-30T09:17:43.614+0000][16584][gc,phases    ] GC(225)   Merge Heap Roots: 0.1ms
[2020-09-30T09:17:43.615+0000][16584][gc,phases    ] GC(225)   Evacuate Collection Set: 3.1ms
[2020-09-30T09:17:43.615+0000][16584][gc,phases    ] GC(225)   Post Evacuate Collection Set: 1.0ms
[2020-09-30T09:17:43.615+0000][16584][gc,phases    ] GC(225)   Other: 1.2ms
[2020-09-30T09:17:43.615+0000][16584][gc,heap      ] GC(225) Eden regions: 65->0(482)
[2020-09-30T09:17:43.615+0000][16584][gc,heap      ] GC(225) Survivor regions: 4->12(63)
[2020-09-30T09:17:43.615+0000][16584][gc,heap      ] GC(225) Old regions: 78->78
[2020-09-30T09:17:43.615+0000][16584][gc,heap      ] GC(225) Archive regions: 0->0
[2020-09-30T09:17:43.615+0000][16584][gc,heap      ] GC(225) Humongous regions: 334->174
[2020-09-30T09:17:43.615+0000][16584][gc,metaspace ] GC(225) Metaspace: 87537K(93440K)->87537K(93440K) NonClass: 76389K(79872K)->76389K(79872K) Class: 11147K(13568K)->11147K(13568K)
[2020-09-30T09:17:43.615+0000][16584][gc           ] GC(225) Pause Young (Concurrent Start) (G1 Humongous Allocation) 478M->262M(1024M) 6.343ms
[2020-09-30T09:17:43.615+0000][16584][gc,cpu       ] GC(225) User=0.00s Sys=0.00s Real=0.01s
[2020-09-30T09:17:43.615+0000][16584][gc           ] GC(226) Concurrent Cycle
[2020-09-30T09:17:43.615+0000][16584][gc,marking   ] GC(226) Concurrent Clear Claimed Marks
[2020-09-30T09:17:43.615+0000][16584][safepoint    ] Safepoint "G1TryInitiateConcMark", Time since last: 3041000 ns, Reaching safepoint: 236200 ns, At safepoint: 6787800 ns, Total: 7024000 ns
[2020-09-30T09:17:43.615+0000][16584][gc,marking   ] GC(226) Concurrent Clear Claimed Marks 0.319ms
[2020-09-30T09:17:43.615+0000][16584][gc,marking   ] GC(226) Concurrent Scan Root Regions
[2020-09-30T09:17:43.619+0000][16584][gc,marking   ] GC(226) Concurrent Scan Root Regions 3.277ms
[2020-09-30T09:17:43.619+0000][16584][gc,marking   ] GC(226) Concurrent Mark (157.476s)
[2020-09-30T09:17:43.619+0000][16584][gc,marking   ] GC(226) Concurrent Mark From Roots
[2020-09-30T09:17:43.619+0000][16584][gc,task      ] GC(226) Using 2 workers of 2 for marking
[2020-09-30T09:17:43.784+0000][16584][gc,marking   ] GC(226) Concurrent Mark From Roots 165.710ms
[2020-09-30T09:17:43.785+0000][16584][gc,marking   ] GC(226) Concurrent Preclean
[2020-09-30T09:17:43.785+0000][16584][gc,marking   ] GC(226) Concurrent Preclean 0.674ms
[2020-09-30T09:17:43.785+0000][16584][gc,marking   ] GC(226) Concurrent Mark (157.476s, 157.642s) 166.593ms
[2020-09-30T09:17:43.808+0000][16584][gc,start     ] GC(226) Pause Remark
[2020-09-30T09:17:43.814+0000][16584][gc           ] GC(226) Pause Remark 508M->508M(1024M) 6.101ms
[2020-09-30T09:17:43.814+0000][16584][gc,cpu       ] GC(226) User=0.11s Sys=0.00s Real=0.01s
[2020-09-30T09:17:43.815+0000][16584][safepoint    ] Safepoint "G1Concurrent", Time since last: 170295900 ns, Reaching safepoint: 22297500 ns, At safepoint: 7379200 ns, Total: 29676700 ns
[2020-09-30T09:17:43.815+0000][16584][gc,marking   ] GC(226) Concurrent Rebuild Remembered Sets
[2020-09-30T09:17:43.913+0000][16584][gc,marking   ] GC(226) Concurrent Rebuild Remembered Sets 98.175ms
[2020-09-30T09:17:43.913+0000][16584][gc,start     ] GC(226) Pause Cleanup
[2020-09-30T09:17:43.914+0000][16584][gc           ] GC(226) Pause Cleanup 518M->518M(1024M) 0.401ms
[2020-09-30T09:17:43.914+0000][16584][gc,cpu       ] GC(226) User=0.00s Sys=0.00s Real=0.00s
[2020-09-30T09:17:43.914+0000][16584][safepoint    ] Safepoint "G1Concurrent", Time since last: 98576300 ns, Reaching safepoint: 289400 ns, At safepoint: 610000 ns, Total: 899400 ns
[2020-09-30T09:17:43.914+0000][16584][gc,marking   ] GC(226) Concurrent Cleanup for Next Mark
[2020-09-30T09:17:43.917+0000][16584][gc,marking   ] GC(226) Concurrent Cleanup for Next Mark 1.914ms
[2020-09-30T09:17:43.917+0000][16584][gc           ] GC(226) Concurrent Cycle 301.839ms
[2020-09-30T09:17:43.958+0000][16584][gc,start     ] GC(227) Pause Young (Concurrent Start) (G1 Humongous Allocation)
[2020-09-30T09:17:43.958+0000][16584][gc,task      ] GC(227) Using 8 workers of 8 for evacuation
[2020-09-30T09:17:43.958+0000][16584][gc,age       ] GC(227) Desired survivor size 32505856 bytes, new threshold 15 (max threshold 15)
[2020-09-30T09:17:43.963+0000][16584][gc,age       ] GC(227) Age table with threshold 15 (max threshold 15)
[2020-09-30T09:17:43.963+0000][16584][gc,age       ] GC(227) - age   1:    3931904 bytes,    3931904 total
[2020-09-30T09:17:43.963+0000][16584][gc,age       ] GC(227) - age   2:      11472 bytes,    3943376 total
[2020-09-30T09:17:43.963+0000][16584][gc,age       ] GC(227) - age   3:      62392 bytes,    4005768 total
[2020-09-30T09:17:43.963+0000][16584][gc,age       ] GC(227) - age   4:       2376 bytes,    4008144 total
[2020-09-30T09:17:43.963+0000][16584][gc,age       ] GC(227) - age   5:       1424 bytes,    4009568 total
[2020-09-30T09:17:43.963+0000][16584][gc,age       ] GC(227) - age   6:       1520 bytes,    4011088 total
[2020-09-30T09:17:43.963+0000][16584][gc,age       ] GC(227) - age   7:       1832 bytes,    4012920 total
[2020-09-30T09:17:43.963+0000][16584][gc,age       ] GC(227) - age   8:       2096 bytes,    4015016 total
[2020-09-30T09:17:43.963+0000][16584][gc,age       ] GC(227) - age   9:      52592 bytes,    4067608 total
[2020-09-30T09:17:43.963+0000][16584][gc,age       ] GC(227) - age  10:       1032 bytes,    4068640 total
[2020-09-30T09:17:43.963+0000][16584][gc,age       ] GC(227) - age  11:        520 bytes,    4069160 total
[2020-09-30T09:17:43.963+0000][16584][gc,age       ] GC(227) - age  12:      21768 bytes,    4090928 total
[2020-09-30T09:17:43.963+0000][16584][gc,age       ] GC(227) - age  13:        544 bytes,    4091472 total
[2020-09-30T09:17:43.963+0000][16584][gc,age       ] GC(227) - age  14:       3680 bytes,    4095152 total
[2020-09-30T09:17:43.963+0000][16584][gc,age       ] GC(227) - age  15:       1568 bytes,    4096720 total
[2020-09-30T09:17:43.964+0000][16584][gc,phases    ] GC(227)   Pre Evacuate Collection Set: 0.5ms
[2020-09-30T09:17:43.964+0000][16584][gc,phases    ] GC(227)   Merge Heap Roots: 0.1ms
[2020-09-30T09:17:43.964+0000][16584][gc,phases    ] GC(227)   Evacuate Collection Set: 2.5ms
[2020-09-30T09:17:43.964+0000][16584][gc,phases    ] GC(227)   Post Evacuate Collection Set: 1.0ms
[2020-09-30T09:17:43.964+0000][16584][gc,phases    ] GC(227)   Other: 1.1ms
[2020-09-30T09:17:43.964+0000][16584][gc,heap      ] GC(227) Eden regions: 74->0(492)
[2020-09-30T09:17:43.964+0000][16584][gc,heap      ] GC(227) Survivor regions: 12->5(62)
[2020-09-30T09:17:43.964+0000][16584][gc,heap      ] GC(227) Old regions: 78->78
[2020-09-30T09:17:43.964+0000][16584][gc,heap      ] GC(227) Archive regions: 0->0
[2020-09-30T09:17:43.964+0000][16584][gc,heap      ] GC(227) Humongous regions: 366->174
[2020-09-30T09:17:43.964+0000][16584][gc,metaspace ] GC(227) Metaspace: 87537K(93440K)->87537K(93440K) NonClass: 76389K(79872K)->76389K(79872K) Class: 11147K(13568K)->11147K(13568K)
[2020-09-30T09:17:43.964+0000][16584][gc           ] GC(227) Pause Young (Concurrent Start) (G1 Humongous Allocation) 528M->255M(1024M) 5.679ms
[2020-09-30T09:17:43.964+0000][16584][gc,cpu       ] GC(227) User=0.00s Sys=0.00s Real=0.01s
[2020-09-30T09:17:43.964+0000][16584][safepoint    ] Safepoint "G1TryInitiateConcMark", Time since last: 43975900 ns, Reaching safepoint: 259900 ns, At safepoint: 5899800 ns, Total: 6159700 ns
[2020-09-30T09:17:43.964+0000][16584][gc           ] GC(228) Concurrent Cycle
[2020-09-30T09:17:43.964+0000][16584][gc,marking   ] GC(228) Concurrent Clear Claimed Marks
[2020-09-30T09:17:43.965+0000][16584][gc,marking   ] GC(228) Concurrent Clear Claimed Marks 0.618ms
[2020-09-30T09:17:43.965+0000][16584][gc,marking   ] GC(228) Concurrent Scan Root Regions
[2020-09-30T09:17:43.968+0000][16584][gc,marking   ] GC(228) Concurrent Scan Root Regions 3.210ms
[2020-09-30T09:17:43.968+0000][16584][gc,marking   ] GC(228) Concurrent Mark (157.826s)
[2020-09-30T09:17:43.968+0000][16584][gc,marking   ] GC(228) Concurrent Mark From Roots
[2020-09-30T09:17:43.969+0000][16584][gc,task      ] GC(228) Using 2 workers of 2 for marking
[2020-09-30T09:17:44.133+0000][16584][gc,marking   ] GC(228) Concurrent Mark From Roots 164.640ms
[2020-09-30T09:17:44.134+0000][16584][gc,marking   ] GC(228) Concurrent Preclean
[2020-09-30T09:17:44.134+0000][16584][gc,marking   ] GC(228) Concurrent Preclean 0.600ms
[2020-09-30T09:17:44.134+0000][16584][gc,marking   ] GC(228) Concurrent Mark (157.826s, 157.992s) 165.579ms
[2020-09-30T09:17:44.135+0000][16584][gc,start     ] GC(228) Pause Remark
[2020-09-30T09:17:44.141+0000][16584][gc           ] GC(228) Pause Remark 383M->383M(1024M) 6.438ms
[2020-09-30T09:17:44.141+0000][16584][gc,cpu       ] GC(228) User=0.11s Sys=0.00s Real=0.01s
[2020-09-30T09:17:44.141+0000][16584][safepoint    ] Safepoint "G1Concurrent", Time since last: 169901100 ns, Reaching safepoint: 193100 ns, At safepoint: 6684300 ns, Total: 6877400 ns
[2020-09-30T09:17:44.141+0000][16584][gc,marking   ] GC(228) Concurrent Rebuild Remembered Sets
[2020-09-30T09:17:44.245+0000][16584][gc,marking   ] GC(228) Concurrent Rebuild Remembered Sets 102.929ms
[2020-09-30T09:17:44.245+0000][16584][gc,start     ] GC(228) Pause Cleanup
[2020-09-30T09:17:44.246+0000][16584][gc           ] GC(228) Pause Cleanup 461M->461M(1024M) 0.356ms
[2020-09-30T09:17:44.246+0000][16584][gc,cpu       ] GC(228) User=0.00s Sys=0.00s Real=0.00s
[2020-09-30T09:17:44.246+0000][16584][safepoint    ] Safepoint "G1Concurrent", Time since last: 103126900 ns, Reaching safepoint: 223100 ns, At safepoint: 647500 ns, Total: 870600 ns
[2020-09-30T09:17:44.246+0000][16584][gc,marking   ] GC(228) Concurrent Cleanup for Next Mark
[2020-09-30T09:17:44.248+0000][16584][gc,marking   ] GC(228) Concurrent Cleanup for Next Mark 1.784ms
[2020-09-30T09:17:44.248+0000][16584][gc           ] GC(228) Concurrent Cycle 282.788ms
[2020-09-30T09:17:44.284+0000][16584][gc,start     ] GC(229) Pause Young (Concurrent Start) (G1 Humongous Allocation)
[2020-09-30T09:17:44.284+0000][16584][gc,task      ] GC(229) Using 8 workers of 8 for evacuation
[2020-09-30T09:17:44.284+0000][16584][gc,age       ] GC(229) Desired survivor size 33030144 bytes, new threshold 15 (max threshold 15)
[2020-09-30T09:17:44.306+0000][16584][gc,age       ] GC(229) Age table with threshold 15 (max threshold 15)
[2020-09-30T09:17:44.306+0000][16584][gc,age       ] GC(229) - age   1:    3559288 bytes,    3559288 total
[2020-09-30T09:17:44.306+0000][16584][gc,age       ] GC(229) - age   2:     400720 bytes,    3960008 total
[2020-09-30T09:17:44.307+0000][16584][gc,age       ] GC(229) - age   3:       7168 bytes,    3967176 total
[2020-09-30T09:17:44.307+0000][16584][gc,age       ] GC(229) - age   4:      62016 bytes,    4029192 total
[2020-09-30T09:17:44.307+0000][16584][gc,age       ] GC(229) - age   5:       2024 bytes,    4031216 total
[2020-09-30T09:17:44.307+0000][16584][gc,age       ] GC(229) - age   6:       1264 bytes,    4032480 total
[2020-09-30T09:17:44.307+0000][16584][gc,age       ] GC(229) - age   7:       1456 bytes,    4033936 total
[2020-09-30T09:17:44.307+0000][16584][gc,age       ] GC(229) - age   8:       1832 bytes,    4035768 total
[2020-09-30T09:17:44.307+0000][16584][gc,age       ] GC(229) - age   9:       1968 bytes,    4037736 total
[2020-09-30T09:17:44.307+0000][16584][gc,age       ] GC(229) - age  10:      52592 bytes,    4090328 total
[2020-09-30T09:17:44.307+0000][16584][gc,age       ] GC(229) - age  11:        904 bytes,    4091232 total
[2020-09-30T09:17:44.307+0000][16584][gc,age       ] GC(229) - age  12:        520 bytes,    4091752 total
[2020-09-30T09:17:44.307+0000][16584][gc,age       ] GC(229) - age  13:      21768 bytes,    4113520 total
[2020-09-30T09:17:44.307+0000][16584][gc,age       ] GC(229) - age  14:        544 bytes,    4114064 total
[2020-09-30T09:17:44.307+0000][16584][gc,age       ] GC(229) - age  15:       3680 bytes,    4117744 total
[2020-09-30T09:17:44.307+0000][16584][gc,phases    ] GC(229)   Pre Evacuate Collection Set: 0.6ms
[2020-09-30T09:17:44.307+0000][16584][gc,phases    ] GC(229)   Merge Heap Roots: 0.2ms
[2020-09-30T09:17:44.307+0000][16584][gc,phases    ] GC(229)   Evacuate Collection Set: 20.3ms
[2020-09-30T09:17:44.307+0000][16584][gc,phases    ] GC(229)   Post Evacuate Collection Set: 1.2ms
[2020-09-30T09:17:44.307+0000][16584][gc,phases    ] GC(229)   Other: 1.4ms
[2020-09-30T09:17:44.307+0000][16584][gc,heap      ] GC(229) Eden regions: 61->0(494)
[2020-09-30T09:17:44.307+0000][16584][gc,heap      ] GC(229) Survivor regions: 5->5(63)
[2020-09-30T09:17:44.307+0000][16584][gc,heap      ] GC(229) Old regions: 78->78
[2020-09-30T09:17:44.307+0000][16584][gc,heap      ] GC(229) Archive regions: 0->0
[2020-09-30T09:17:44.307+0000][16584][gc,heap      ] GC(229) Humongous regions: 330->174
[2020-09-30T09:17:44.307+0000][16584][gc,metaspace ] GC(229) Metaspace: 87537K(93440K)->87537K(93440K) NonClass: 76389K(79872K)->76389K(79872K) Class: 11147K(13568K)->11147K(13568K)
[2020-09-30T09:17:44.307+0000][16584][gc           ] GC(229) Pause Young (Concurrent Start) (G1 Humongous Allocation) 471M->255M(1024M) 23.870ms
[2020-09-30T09:17:44.308+0000][16584][gc,cpu       ] GC(229) User=0.00s Sys=0.02s Real=0.02s
[2020-09-30T09:17:44.308+0000][16584][gc           ] GC(230) Concurrent Cycle
[2020-09-30T09:17:44.308+0000][16584][safepoint    ] Safepoint "G1TryInitiateConcMark", Time since last: 37450300 ns, Reaching safepoint: 250100 ns, At safepoint: 24125300 ns, Total: 24375400 ns
[2020-09-30T09:17:44.308+0000][16584][gc,marking   ] GC(230) Concurrent Clear Claimed Marks
[2020-09-30T09:17:44.308+0000][16584][gc,marking   ] GC(230) Concurrent Clear Claimed Marks 0.711ms
[2020-09-30T09:17:44.308+0000][16584][gc,marking   ] GC(230) Concurrent Scan Root Regions
[2020-09-30T09:17:44.312+0000][16584][gc,marking   ] GC(230) Concurrent Scan Root Regions 3.578ms
[2020-09-30T09:17:44.312+0000][16584][gc,marking   ] GC(230) Concurrent Mark (158.169s)
[2020-09-30T09:17:44.312+0000][16584][gc,marking   ] GC(230) Concurrent Mark From Roots
[2020-09-30T09:17:44.312+0000][16584][gc,task      ] GC(230) Using 2 workers of 2 for marking
[2020-09-30T09:17:44.487+0000][16584][gc,marking   ] GC(230) Concurrent Mark From Roots 175.213ms
[2020-09-30T09:17:44.487+0000][16584][gc,marking   ] GC(230) Concurrent Preclean
[2020-09-30T09:17:44.488+0000][16584][gc,marking   ] GC(230) Concurrent Preclean 0.550ms
[2020-09-30T09:17:44.488+0000][16584][gc,marking   ] GC(230) Concurrent Mark (158.169s, 158.345s) 175.960ms
[2020-09-30T09:17:44.488+0000][16584][gc,start     ] GC(230) Pause Remark
[2020-09-30T09:17:44.494+0000][16584][gc           ] GC(230) Pause Remark 396M->396M(1024M) 6.372ms
[2020-09-30T09:17:44.495+0000][16584][gc,cpu       ] GC(230) User=0.00s Sys=0.00s Real=0.01s
[2020-09-30T09:17:44.495+0000][16584][safepoint    ] Safepoint "G1Concurrent", Time since last: 180649800 ns, Reaching safepoint: 317500 ns, At safepoint: 6700200 ns, Total: 7017700 ns
[2020-09-30T09:17:44.495+0000][16584][gc,marking   ] GC(230) Concurrent Rebuild Remembered Sets
[2020-09-30T09:17:44.600+0000][16584][gc,marking   ] GC(230) Concurrent Rebuild Remembered Sets 105.017ms
[2020-09-30T09:17:44.601+0000][16584][gc,start     ] GC(230) Pause Cleanup
[2020-09-30T09:17:44.601+0000][16584][gc           ] GC(230) Pause Cleanup 655M->655M(1024M) 0.418ms
[2020-09-30T09:17:44.601+0000][16584][gc,cpu       ] GC(230) User=0.00s Sys=0.00s Real=0.00s
[2020-09-30T09:17:44.601+0000][16584][safepoint    ] Safepoint "G1Concurrent", Time since last: 105241200 ns, Reaching safepoint: 242800 ns, At safepoint: 653900 ns, Total: 896700 ns
[2020-09-30T09:17:44.601+0000][16584][gc,marking   ] GC(230) Concurrent Cleanup for Next Mark
[2020-09-30T09:17:44.604+0000][16584][gc,marking   ] GC(230) Concurrent Cleanup for Next Mark 2.135ms
[2020-09-30T09:17:44.604+0000][16584][gc           ] GC(230) Concurrent Cycle 296.177ms
[2020-09-30T09:17:44.614+0000][16584][gc,start     ] GC(231) Pause Young (Concurrent Start) (G1 Humongous Allocation)
[2020-09-30T09:17:44.614+0000][16584][gc,task      ] GC(231) Using 8 workers of 8 for evacuation
[2020-09-30T09:17:44.614+0000][16584][gc,age       ] GC(231) Desired survivor size 33030144 bytes, new threshold 15 (max threshold 15)
[2020-09-30T09:17:44.619+0000][16584][gc,age       ] GC(231) Age table with threshold 15 (max threshold 15)
[2020-09-30T09:17:44.619+0000][16584][gc,age       ] GC(231) - age   1:    4140680 bytes,    4140680 total
[2020-09-30T09:17:44.619+0000][16584][gc,age       ] GC(231) - age   2:       3408 bytes,    4144088 total
[2020-09-30T09:17:44.619+0000][16584][gc,age       ] GC(231) - age   3:       2168 bytes,    4146256 total
[2020-09-30T09:17:44.619+0000][16584][gc,age       ] GC(231) - age   4:       3784 bytes,    4150040 total
[2020-09-30T09:17:44.619+0000][16584][gc,age       ] GC(231) - age   5:      61736 bytes,    4211776 total
[2020-09-30T09:17:44.619+0000][16584][gc,age       ] GC(231) - age   6:       1960 bytes,    4213736 total
[2020-09-30T09:17:44.619+0000][16584][gc,age       ] GC(231) - age   7:       1168 bytes,    4214904 total
[2020-09-30T09:17:44.619+0000][16584][gc,age       ] GC(231) - age   8:       1104 bytes,    4216008 total
[2020-09-30T09:17:44.619+0000][16584][gc,age       ] GC(231) - age   9:       1800 bytes,    4217808 total
[2020-09-30T09:17:44.620+0000][16584][gc,age       ] GC(231) - age  10:       1968 bytes,    4219776 total
[2020-09-30T09:17:44.620+0000][16584][gc,age       ] GC(231) - age  11:      52592 bytes,    4272368 total
[2020-09-30T09:17:44.620+0000][16584][gc,age       ] GC(231) - age  12:        904 bytes,    4273272 total
[2020-09-30T09:17:44.620+0000][16584][gc,age       ] GC(231) - age  13:        520 bytes,    4273792 total
[2020-09-30T09:17:44.620+0000][16584][gc,age       ] GC(231) - age  14:      21768 bytes,    4295560 total
[2020-09-30T09:17:44.620+0000][16584][gc,age       ] GC(231) - age  15:        544 bytes,    4296104 total
[2020-09-30T09:17:44.620+0000][16584][gc,phases    ] GC(231)   Pre Evacuate Collection Set: 0.5ms
[2020-09-30T09:17:44.620+0000][16584][gc,phases    ] GC(231)   Merge Heap Roots: 0.1ms
[2020-09-30T09:17:44.620+0000][16584][gc,phases    ] GC(231)   Evacuate Collection Set: 2.6ms
[2020-09-30T09:17:44.620+0000][16584][gc,phases    ] GC(231)   Post Evacuate Collection Set: 1.3ms
[2020-09-30T09:17:44.620+0000][16584][gc,phases    ] GC(231)   Other: 1.9ms
[2020-09-30T09:17:44.621+0000][16584][gc,heap      ] GC(231) Eden regions: 108->0(493)
[2020-09-30T09:17:44.621+0000][16584][gc,heap      ] GC(231) Survivor regions: 5->5(63)
[2020-09-30T09:17:44.621+0000][16584][gc,heap      ] GC(231) Old regions: 78->78
[2020-09-30T09:17:44.621+0000][16584][gc,heap      ] GC(231) Archive regions: 0->0
[2020-09-30T09:17:44.621+0000][16584][gc,heap      ] GC(231) Humongous regions: 474->174
[2020-09-30T09:17:44.621+0000][16584][gc,metaspace ] GC(231) Metaspace: 87546K(93440K)->87546K(93440K) NonClass: 76398K(79872K)->76398K(79872K) Class: 11147K(13568K)->11147K(13568K)
[2020-09-30T09:17:44.621+0000][16584][gc           ] GC(231) Pause Young (Concurrent Start) (G1 Humongous Allocation) 663M->255M(1024M) 7.099ms
[2020-09-30T09:17:44.621+0000][16584][gc,cpu       ] GC(231) User=0.00s Sys=0.00s Real=0.01s
[2020-09-30T09:17:44.621+0000][16584][gc           ] GC(232) Concurrent Cycle
[2020-09-30T09:17:44.621+0000][16584][gc,marking   ] GC(232) Concurrent Clear Claimed Marks
[2020-09-30T09:17:44.621+0000][16584][safepoint    ] Safepoint "G1TryInitiateConcMark", Time since last: 12229400 ns, Reaching safepoint: 204200 ns, At safepoint: 7579300 ns, Total: 7783500 ns
[2020-09-30T09:17:44.621+0000][16584][gc,marking   ] GC(232) Concurrent Clear Claimed Marks 0.310ms
[2020-09-30T09:17:44.622+0000][16584][gc,marking   ] GC(232) Concurrent Scan Root Regions
[2020-09-30T09:17:44.624+0000][16584][gc,marking   ] GC(232) Concurrent Scan Root Regions 2.895ms
[2020-09-30T09:17:44.625+0000][16584][gc,marking   ] GC(232) Concurrent Mark (158.481s)
[2020-09-30T09:17:44.625+0000][16584][gc,marking   ] GC(232) Concurrent Mark From Roots
[2020-09-30T09:17:44.625+0000][16584][gc,task      ] GC(232) Using 2 workers of 2 for marking
[2020-09-30T09:17:44.792+0000][16584][gc,marking   ] GC(232) Concurrent Mark From Roots 167.221ms
[2020-09-30T09:17:44.792+0000][16584][gc,marking   ] GC(232) Concurrent Preclean
[2020-09-30T09:17:44.793+0000][16584][gc,marking   ] GC(232) Concurrent Preclean 0.597ms
[2020-09-30T09:17:44.793+0000][16584][gc,marking   ] GC(232) Concurrent Mark (158.481s, 158.649s) 168.008ms
[2020-09-30T09:17:44.793+0000][16584][gc,start     ] GC(232) Pause Remark
[2020-09-30T09:17:44.799+0000][16584][gc           ] GC(232) Pause Remark 405M->405M(1024M) 6.000ms
[2020-09-30T09:17:44.799+0000][16584][gc,cpu       ] GC(232) User=0.11s Sys=0.00s Real=0.01s
[2020-09-30T09:17:44.799+0000][16584][safepoint    ] Safepoint "G1Concurrent", Time since last: 171324700 ns, Reaching safepoint: 174300 ns, At safepoint: 6237300 ns, Total: 6411600 ns
[2020-09-30T09:17:44.799+0000][16584][gc,marking   ] GC(232) Concurrent Rebuild Remembered Sets
[2020-09-30T09:17:44.900+0000][16584][gc,marking   ] GC(232) Concurrent Rebuild Remembered Sets 100.480ms
[2020-09-30T09:17:44.900+0000][16584][gc,start     ] GC(232) Pause Cleanup
[2020-09-30T09:17:44.900+0000][16584][gc           ] GC(232) Pause Cleanup 535M->535M(1024M) 0.396ms
[2020-09-30T09:17:44.900+0000][16584][gc,cpu       ] GC(232) User=0.00s Sys=0.00s Real=0.00s
[2020-09-30T09:17:44.900+0000][16584][safepoint    ] Safepoint "G1Concurrent", Time since last: 100660400 ns, Reaching safepoint: 159900 ns, At safepoint: 586200 ns, Total: 746100 ns
[2020-09-30T09:17:44.901+0000][16584][gc,marking   ] GC(232) Concurrent Cleanup for Next Mark
[2020-09-30T09:17:44.902+0000][16584][gc,marking   ] GC(232) Concurrent Cleanup for Next Mark 1.721ms
[2020-09-30T09:17:44.902+0000][16584][gc           ] GC(232) Concurrent Cycle 281.350ms
[2020-09-30T09:17:44.977+0000][16584][gc,start     ] GC(233) Pause Young (Concurrent Start) (G1 Humongous Allocation)
[2020-09-30T09:17:44.977+0000][16584][gc,task      ] GC(233) Using 8 workers of 8 for evacuation
[2020-09-30T09:17:44.977+0000][16584][gc,age       ] GC(233) Desired survivor size 33030144 bytes, new threshold 15 (max threshold 15)
[2020-09-30T09:17:44.981+0000][16584][gc,age       ] GC(233) Age table with threshold 15 (max threshold 15)
[2020-09-30T09:17:44.981+0000][16584][gc,age       ] GC(233) - age   1:    3733104 bytes,    3733104 total
[2020-09-30T09:17:44.981+0000][16584][gc,age       ] GC(233) - age   2:     267384 bytes,    4000488 total
[2020-09-30T09:17:44.981+0000][16584][gc,age       ] GC(233) - age   3:       2888 bytes,    4003376 total
[2020-09-30T09:17:44.981+0000][16584][gc,age       ] GC(233) - age   4:        976 bytes,    4004352 total
[2020-09-30T09:17:44.981+0000][16584][gc,age       ] GC(233) - age   5:       3528 bytes,    4007880 total
[2020-09-30T09:17:44.981+0000][16584][gc,age       ] GC(233) - age   6:      61640 bytes,    4069520 total
[2020-09-30T09:17:44.981+0000][16584][gc,age       ] GC(233) - age   7:       1864 bytes,    4071384 total
[2020-09-30T09:17:44.981+0000][16584][gc,age       ] GC(233) - age   8:       1040 bytes,    4072424 total
[2020-09-30T09:17:44.982+0000][16584][gc,age       ] GC(233) - age   9:       1104 bytes,    4073528 total
[2020-09-30T09:17:44.982+0000][16584][gc,age       ] GC(233) - age  10:       1800 bytes,    4075328 total
[2020-09-30T09:17:44.982+0000][16584][gc,age       ] GC(233) - age  11:       1968 bytes,    4077296 total
[2020-09-30T09:17:44.982+0000][16584][gc,age       ] GC(233) - age  12:      52592 bytes,    4129888 total
[2020-09-30T09:17:44.982+0000][16584][gc,age       ] GC(233) - age  13:        680 bytes,    4130568 total
[2020-09-30T09:17:44.982+0000][16584][gc,age       ] GC(233) - age  14:        520 bytes,    4131088 total
[2020-09-30T09:17:44.982+0000][16584][gc,age       ] GC(233) - age  15:      21768 bytes,    4152856 total
[2020-09-30T09:17:44.982+0000][16584][gc,phases    ] GC(233)   Pre Evacuate Collection Set: 0.4ms
[2020-09-30T09:17:44.982+0000][16584][gc,phases    ] GC(233)   Merge Heap Roots: 0.1ms
[2020-09-30T09:17:44.982+0000][16584][gc,phases    ] GC(233)   Evacuate Collection Set: 2.4ms
[2020-09-30T09:17:44.982+0000][16584][gc,phases    ] GC(233)   Post Evacuate Collection Set: 0.9ms
[2020-09-30T09:17:44.982+0000][16584][gc,phases    ] GC(233)   Other: 1.2ms
[2020-09-30T09:17:44.982+0000][16584][gc,heap      ] GC(233) Eden regions: 96->0(495)
[2020-09-30T09:17:44.982+0000][16584][gc,heap      ] GC(233) Survivor regions: 5->5(63)
[2020-09-30T09:17:44.982+0000][16584][gc,heap      ] GC(233) Old regions: 78->78
[2020-09-30T09:17:44.982+0000][16584][gc,heap      ] GC(233) Archive regions: 0->0
[2020-09-30T09:17:44.982+0000][16584][gc,heap      ] GC(233) Humongous regions: 374->174
[2020-09-30T09:17:44.982+0000][16584][gc,metaspace ] GC(233) Metaspace: 87547K(93440K)->87547K(93440K) NonClass: 76399K(79872K)->76399K(79872K) Class: 11148K(13568K)->11148K(13568K)
[2020-09-30T09:17:44.982+0000][16584][gc           ] GC(233) Pause Young (Concurrent Start) (G1 Humongous Allocation) 551M->255M(1024M) 5.443ms
[2020-09-30T09:17:44.982+0000][16584][gc,cpu       ] GC(233) User=0.00s Sys=0.00s Real=0.01s
[2020-09-30T09:17:44.982+0000][16584][safepoint    ] Safepoint "G1TryInitiateConcMark", Time since last: 76210200 ns, Reaching safepoint: 162100 ns, At safepoint: 5657600 ns, Total: 5819700 ns
[2020-09-30T09:17:44.982+0000][16584][gc           ] GC(234) Concurrent Cycle
[2020-09-30T09:17:44.983+0000][16584][gc,marking   ] GC(234) Concurrent Clear Claimed Marks
[2020-09-30T09:17:44.983+0000][16584][gc,marking   ] GC(234) Concurrent Clear Claimed Marks 0.739ms
[2020-09-30T09:17:44.983+0000][16584][gc,marking   ] GC(234) Concurrent Scan Root Regions
[2020-09-30T09:17:44.987+0000][16584][gc,marking   ] GC(234) Concurrent Scan Root Regions 3.353ms
[2020-09-30T09:17:44.987+0000][16584][gc,marking   ] GC(234) Concurrent Mark (158.844s)
[2020-09-30T09:17:44.987+0000][16584][gc,marking   ] GC(234) Concurrent Mark From Roots
[2020-09-30T09:17:44.987+0000][16584][gc,task      ] GC(234) Using 2 workers of 2 for marking
[2020-09-30T09:17:45.144+0000][16584][safepoint    ] Safepoint "BulkRevokeBias", Time since last: 158976400 ns, Reaching safepoint: 390700 ns, At safepoint: 1924800 ns, Total: 2315500 ns
[2020-09-30T09:17:45.159+0000][16584][gc,marking   ] GC(234) Concurrent Mark From Roots 172.489ms
[2020-09-30T09:17:45.160+0000][16584][gc,marking   ] GC(234) Concurrent Preclean
[2020-09-30T09:17:45.160+0000][16584][gc,marking   ] GC(234) Concurrent Preclean 0.562ms
[2020-09-30T09:17:45.160+0000][16584][gc,marking   ] GC(234) Concurrent Mark (158.844s, 159.017s) 173.270ms
[2020-09-30T09:17:45.160+0000][16584][gc,start     ] GC(234) Pause Remark
[2020-09-30T09:17:45.167+0000][16584][gc           ] GC(234) Pause Remark 398M->398M(1024M) 6.250ms
[2020-09-30T09:17:45.167+0000][16584][gc,cpu       ] GC(234) User=0.00s Sys=0.00s Real=0.01s
[2020-09-30T09:17:45.167+0000][16584][safepoint    ] Safepoint "G1Concurrent", Time since last: 16574900 ns, Reaching safepoint: 145400 ns, At safepoint: 6500700 ns, Total: 6646100 ns
[2020-09-30T09:17:45.167+0000][16584][gc,marking   ] GC(234) Concurrent Rebuild Remembered Sets
[2020-09-30T09:17:45.255+0000][16584][gc,marking   ] GC(234) Concurrent Rebuild Remembered Sets 87.846ms
[2020-09-30T09:17:45.255+0000][16584][gc,start     ] GC(234) Pause Cleanup
[2020-09-30T09:17:45.255+0000][16584][gc           ] GC(234) Pause Cleanup 526M->526M(1024M) 0.263ms
[2020-09-30T09:17:45.255+0000][16584][gc,cpu       ] GC(234) User=0.00s Sys=0.00s Real=0.00s
[2020-09-30T09:17:45.256+0000][16584][safepoint    ] Safepoint "G1Concurrent", Time since last: 88046000 ns, Reaching safepoint: 161800 ns, At safepoint: 426600 ns, Total: 588400 ns
[2020-09-30T09:17:45.256+0000][16584][gc,marking   ] GC(234) Concurrent Cleanup for Next Mark
[2020-09-30T09:17:45.257+0000][16584][gc,marking   ] GC(234) Concurrent Cleanup for Next Mark 1.532ms
[2020-09-30T09:17:45.257+0000][16584][gc           ] GC(234) Concurrent Cycle 274.849ms
[2020-09-30T09:17:45.318+0000][16584][gc,start     ] GC(235) Pause Young (Concurrent Start) (G1 Humongous Allocation)
[2020-09-30T09:17:45.318+0000][16584][gc,task      ] GC(235) Using 8 workers of 8 for evacuation
[2020-09-30T09:17:45.318+0000][16584][gc,age       ] GC(235) Desired survivor size 33030144 bytes, new threshold 15 (max threshold 15)
[2020-09-30T09:17:45.322+0000][16584][gc,age       ] GC(235) Age table with threshold 15 (max threshold 15)
[2020-09-30T09:17:45.322+0000][16584][gc,age       ] GC(235) - age   1:    2686936 bytes,    2686936 total
[2020-09-30T09:17:45.322+0000][16584][gc,age       ] GC(235) - age   2:       4728 bytes,    2691664 total
[2020-09-30T09:17:45.322+0000][16584][gc,age       ] GC(235) - age   3:      64696 bytes,    2756360 total
[2020-09-30T09:17:45.322+0000][16584][gc,age       ] GC(235) - age   4:       2176 bytes,    2758536 total
[2020-09-30T09:17:45.322+0000][16584][gc,age       ] GC(235) - age   5:        664 bytes,    2759200 total
[2020-09-30T09:17:45.322+0000][16584][gc,age       ] GC(235) - age   6:       3528 bytes,    2762728 total
[2020-09-30T09:17:45.322+0000][16584][gc,age       ] GC(235) - age   7:      61160 bytes,    2823888 total
[2020-09-30T09:17:45.322+0000][16584][gc,age       ] GC(235) - age   8:       1416 bytes,    2825304 total
[2020-09-30T09:17:45.322+0000][16584][gc,age       ] GC(235) - age   9:       1008 bytes,    2826312 total
[2020-09-30T09:17:45.322+0000][16584][gc,age       ] GC(235) - age  10:        952 bytes,    2827264 total
[2020-09-30T09:17:45.322+0000][16584][gc,age       ] GC(235) - age  11:       1672 bytes,    2828936 total
[2020-09-30T09:17:45.322+0000][16584][gc,age       ] GC(235) - age  12:       1904 bytes,    2830840 total
[2020-09-30T09:17:45.322+0000][16584][gc,age       ] GC(235) - age  13:      52464 bytes,    2883304 total
[2020-09-30T09:17:45.322+0000][16584][gc,age       ] GC(235) - age  14:        680 bytes,    2883984 total
[2020-09-30T09:17:45.322+0000][16584][gc,age       ] GC(235) - age  15:        424 bytes,    2884408 total
[2020-09-30T09:17:45.323+0000][16584][gc,phases    ] GC(235)   Pre Evacuate Collection Set: 0.5ms
[2020-09-30T09:17:45.323+0000][16584][gc,phases    ] GC(235)   Merge Heap Roots: 0.1ms
[2020-09-30T09:17:45.323+0000][16584][gc,phases    ] GC(235)   Evacuate Collection Set: 2.3ms
[2020-09-30T09:17:45.323+0000][16584][gc,phases    ] GC(235)   Post Evacuate Collection Set: 1.0ms
[2020-09-30T09:17:45.323+0000][16584][gc,phases    ] GC(235)   Other: 1.1ms
[2020-09-30T09:17:45.323+0000][16584][gc,heap      ] GC(235) Eden regions: 89->0(498)
[2020-09-30T09:17:45.323+0000][16584][gc,heap      ] GC(235) Survivor regions: 5->4(63)
[2020-09-30T09:17:45.323+0000][16584][gc,heap      ] GC(235) Old regions: 78->78
[2020-09-30T09:17:45.323+0000][16584][gc,heap      ] GC(235) Archive regions: 0->0
[2020-09-30T09:17:45.323+0000][16584][gc,heap      ] GC(235) Humongous regions: 370->174
[2020-09-30T09:17:45.323+0000][16584][gc,metaspace ] GC(235) Metaspace: 87572K(93440K)->87572K(93440K) NonClass: 76424K(79872K)->76424K(79872K) Class: 11148K(13568K)->11148K(13568K)
[2020-09-30T09:17:45.323+0000][16584][gc           ] GC(235) Pause Young (Concurrent Start) (G1 Humongous Allocation) 540M->254M(1024M) 5.280ms
[2020-09-30T09:17:45.323+0000][16584][gc,cpu       ] GC(235) User=0.00s Sys=0.00s Real=0.00s
[2020-09-30T09:17:45.323+0000][16584][safepoint    ] Safepoint "G1TryInitiateConcMark", Time since last: 61849200 ns, Reaching safepoint: 187400 ns, At safepoint: 5435300 ns, Total: 5622700 ns
[2020-09-30T09:17:45.323+0000][16584][gc           ] GC(236) Concurrent Cycle
[2020-09-30T09:17:45.323+0000][16584][gc,marking   ] GC(236) Concurrent Clear Claimed Marks
[2020-09-30T09:17:45.324+0000][16584][gc,marking   ] GC(236) Concurrent Clear Claimed Marks 0.409ms
[2020-09-30T09:17:45.324+0000][16584][gc,marking   ] GC(236) Concurrent Scan Root Regions
[2020-09-30T09:17:45.326+0000][16584][gc,marking   ] GC(236) Concurrent Scan Root Regions 2.392ms
[2020-09-30T09:17:45.326+0000][16584][gc,marking   ] GC(236) Concurrent Mark (159.183s)
[2020-09-30T09:17:45.326+0000][16584][gc,marking   ] GC(236) Concurrent Mark From Roots
[2020-09-30T09:17:45.326+0000][16584][gc,task      ] GC(236) Using 2 workers of 2 for marking
[2020-09-30T09:17:45.492+0000][16584][gc,marking   ] GC(236) Concurrent Mark From Roots 165.630ms
[2020-09-30T09:17:45.492+0000][16584][gc,marking   ] GC(236) Concurrent Preclean
[2020-09-30T09:17:45.493+0000][16584][gc,marking   ] GC(236) Concurrent Preclean 0.633ms
[2020-09-30T09:17:45.493+0000][16584][gc,marking   ] GC(236) Concurrent Mark (159.183s, 159.350s) 166.506ms
[2020-09-30T09:17:45.493+0000][16584][gc,start     ] GC(236) Pause Remark
[2020-09-30T09:17:45.499+0000][16584][gc           ] GC(236) Pause Remark 387M->387M(1024M) 6.161ms
[2020-09-30T09:17:45.499+0000][16584][gc,cpu       ] GC(236) User=0.11s Sys=0.00s Real=0.01s
[2020-09-30T09:17:45.499+0000][16584][safepoint    ] Safepoint "G1Concurrent", Time since last: 169785600 ns, Reaching safepoint: 150200 ns, At safepoint: 6444000 ns, Total: 6594200 ns
[2020-09-30T09:17:45.499+0000][16584][gc,marking   ] GC(236) Concurrent Rebuild Remembered Sets
[2020-09-30T09:17:45.596+0000][16584][gc,marking   ] GC(236) Concurrent Rebuild Remembered Sets 97.548ms
[2020-09-30T09:17:45.597+0000][16584][gc,start     ] GC(236) Pause Cleanup
[2020-09-30T09:17:45.597+0000][16584][gc           ] GC(236) Pause Cleanup 511M->511M(1024M) 0.297ms
[2020-09-30T09:17:45.597+0000][16584][gc,cpu       ] GC(236) User=0.00s Sys=0.00s Real=0.00s
[2020-09-30T09:17:45.597+0000][16584][safepoint    ] Safepoint "G1Concurrent", Time since last: 97780400 ns, Reaching safepoint: 166200 ns, At safepoint: 470800 ns, Total: 637000 ns
[2020-09-30T09:17:45.597+0000][16584][gc,marking   ] GC(236) Concurrent Cleanup for Next Mark
[2020-09-30T09:17:45.599+0000][16584][gc,marking   ] GC(236) Concurrent Cleanup for Next Mark 1.657ms
[2020-09-30T09:17:45.599+0000][16584][gc           ] GC(236) Concurrent Cycle 276.647ms
[2020-09-30T09:17:45.667+0000][16584][gc,start     ] GC(237) Pause Young (Concurrent Start) (G1 Humongous Allocation)
[2020-09-30T09:17:45.667+0000][16584][gc,task      ] GC(237) Using 8 workers of 8 for evacuation
[2020-09-30T09:17:45.667+0000][16584][gc,age       ] GC(237) Desired survivor size 33030144 bytes, new threshold 15 (max threshold 15)
[2020-09-30T09:17:45.672+0000][16584][gc,age       ] GC(237) Age table with threshold 15 (max threshold 15)
[2020-09-30T09:17:45.672+0000][16584][gc,age       ] GC(237) - age   1:    5320832 bytes,    5320832 total
[2020-09-30T09:17:45.672+0000][16584][gc,age       ] GC(237) - age   2:      62992 bytes,    5383824 total
[2020-09-30T09:17:45.672+0000][16584][gc,age       ] GC(237) - age   3:       2576 bytes,    5386400 total
[2020-09-30T09:17:45.672+0000][16584][gc,age       ] GC(237) - age   4:      63440 bytes,    5449840 total
[2020-09-30T09:17:45.672+0000][16584][gc,age       ] GC(237) - age   5:       2048 bytes,    5451888 total
[2020-09-30T09:17:45.672+0000][16584][gc,age       ] GC(237) - age   6:        664 bytes,    5452552 total
[2020-09-30T09:17:45.672+0000][16584][gc,age       ] GC(237) - age   7:       3464 bytes,    5456016 total
[2020-09-30T09:17:45.672+0000][16584][gc,age       ] GC(237) - age   8:      60968 bytes,    5516984 total
[2020-09-30T09:17:45.672+0000][16584][gc,age       ] GC(237) - age   9:       1416 bytes,    5518400 total
[2020-09-30T09:17:45.672+0000][16584][gc,age       ] GC(237) - age  10:        912 bytes,    5519312 total
[2020-09-30T09:17:45.672+0000][16584][gc,age       ] GC(237) - age  11:        952 bytes,    5520264 total
[2020-09-30T09:17:45.672+0000][16584][gc,age       ] GC(237) - age  12:       1672 bytes,    5521936 total
[2020-09-30T09:17:45.672+0000][16584][gc,age       ] GC(237) - age  13:       1808 bytes,    5523744 total
[2020-09-30T09:17:45.672+0000][16584][gc,age       ] GC(237) - age  14:      52464 bytes,    5576208 total
[2020-09-30T09:17:45.672+0000][16584][gc,age       ] GC(237) - age  15:        648 bytes,    5576856 total
[2020-09-30T09:17:45.672+0000][16584][gc,phases    ] GC(237)   Pre Evacuate Collection Set: 0.5ms
[2020-09-30T09:17:45.672+0000][16584][gc,phases    ] GC(237)   Merge Heap Roots: 0.1ms
[2020-09-30T09:17:45.672+0000][16584][gc,phases    ] GC(237)   Evacuate Collection Set: 2.4ms
[2020-09-30T09:17:45.672+0000][16584][gc,phases    ] GC(237)   Post Evacuate Collection Set: 1.1ms
[2020-09-30T09:17:45.672+0000][16584][gc,phases    ] GC(237)   Other: 1.2ms
[2020-09-30T09:17:45.672+0000][16584][gc,heap      ] GC(237) Eden regions: 88->0(495)
[2020-09-30T09:17:45.673+0000][16584][gc,heap      ] GC(237) Survivor regions: 4->6(63)
[2020-09-30T09:17:45.673+0000][16584][gc,heap      ] GC(237) Old regions: 78->78
[2020-09-30T09:17:45.673+0000][16584][gc,heap      ] GC(237) Archive regions: 0->0
[2020-09-30T09:17:45.673+0000][16584][gc,heap      ] GC(237) Humongous regions: 366->174
[2020-09-30T09:17:45.673+0000][16584][gc,metaspace ] GC(237) Metaspace: 87578K(93440K)->87578K(93440K) NonClass: 76429K(79872K)->76429K(79872K) Class: 11148K(13568K)->11148K(13568K)
[2020-09-30T09:17:45.673+0000][16584][gc           ] GC(237) Pause Young (Concurrent Start) (G1 Humongous Allocation) 534M->256M(1024M) 5.684ms
[2020-09-30T09:17:45.673+0000][16584][gc,cpu       ] GC(237) User=0.11s Sys=0.00s Real=0.01s
[2020-09-30T09:17:45.673+0000][16584][gc           ] GC(238) Concurrent Cycle
[2020-09-30T09:17:45.673+0000][16584][safepoint    ] Safepoint "G1TryInitiateConcMark", Time since last: 69525000 ns, Reaching safepoint: 208900 ns, At safepoint: 5956300 ns, Total: 6165200 ns
[2020-09-30T09:17:45.673+0000][16584][gc,marking   ] GC(238) Concurrent Clear Claimed Marks
[2020-09-30T09:17:45.674+0000][16584][gc,marking   ] GC(238) Concurrent Clear Claimed Marks 0.655ms
[2020-09-30T09:17:45.674+0000][16584][gc,marking   ] GC(238) Concurrent Scan Root Regions
[2020-09-30T09:17:45.676+0000][16584][gc,marking   ] GC(238) Concurrent Scan Root Regions 2.567ms
[2020-09-30T09:17:45.676+0000][16584][gc,marking   ] GC(238) Concurrent Mark (159.534s)
[2020-09-30T09:17:45.677+0000][16584][gc,marking   ] GC(238) Concurrent Mark From Roots
[2020-09-30T09:17:45.677+0000][16584][gc,task      ] GC(238) Using 2 workers of 2 for marking
[2020-09-30T09:17:45.846+0000][16584][gc,marking   ] GC(238) Concurrent Mark From Roots 169.397ms
[2020-09-30T09:17:45.846+0000][16584][gc,marking   ] GC(238) Concurrent Preclean
[2020-09-30T09:17:45.846+0000][16584][gc,marking   ] GC(238) Concurrent Preclean 0.432ms
[2020-09-30T09:17:45.846+0000][16584][gc,marking   ] GC(238) Concurrent Mark (159.534s, 159.704s) 170.017ms
[2020-09-30T09:17:45.847+0000][16584][gc,start     ] GC(238) Pause Remark
[2020-09-30T09:17:45.853+0000][16584][gc           ] GC(238) Pause Remark 513M->513M(1024M) 6.727ms
[2020-09-30T09:17:45.854+0000][16584][gc,cpu       ] GC(238) User=0.00s Sys=0.00s Real=0.01s
[2020-09-30T09:17:45.854+0000][16584][safepoint    ] Safepoint "G1Concurrent", Time since last: 173605400 ns, Reaching safepoint: 163700 ns, At safepoint: 7024500 ns, Total: 7188200 ns
[2020-09-30T09:17:45.854+0000][16584][gc,marking   ] GC(238) Concurrent Rebuild Remembered Sets
[2020-09-30T09:17:45.944+0000][16584][gc,marking   ] GC(238) Concurrent Rebuild Remembered Sets 90.614ms
[2020-09-30T09:17:45.945+0000][16584][gc,start     ] GC(238) Pause Cleanup
[2020-09-30T09:17:45.945+0000][16584][gc           ] GC(238) Pause Cleanup 642M->642M(1024M) 0.330ms
[2020-09-30T09:17:45.945+0000][16584][gc,cpu       ] GC(238) User=0.00s Sys=0.00s Real=0.00s
[2020-09-30T09:17:45.945+0000][16584][safepoint    ] Safepoint "G1Concurrent", Time since last: 90803500 ns, Reaching safepoint: 168500 ns, At safepoint: 532600 ns, Total: 701100 ns
[2020-09-30T09:17:45.945+0000][16584][gc,marking   ] GC(238) Concurrent Cleanup for Next Mark
[2020-09-30T09:17:45.947+0000][16584][gc,marking   ] GC(238) Concurrent Cleanup for Next Mark 1.951ms
[2020-09-30T09:17:45.947+0000][16584][gc           ] GC(238) Concurrent Cycle 274.462ms
[2020-09-30T09:17:46.002+0000][16584][gc,start     ] GC(239) Pause Young (Concurrent Start) (G1 Humongous Allocation)
[2020-09-30T09:17:46.002+0000][16584][gc,task      ] GC(239) Using 8 workers of 8 for evacuation
[2020-09-30T09:17:46.002+0000][16584][gc,age       ] GC(239) Desired survivor size 33030144 bytes, new threshold 15 (max threshold 15)
[2020-09-30T09:17:46.006+0000][16584][gc,age       ] GC(239) Age table with threshold 15 (max threshold 15)
[2020-09-30T09:17:46.006+0000][16584][gc,age       ] GC(239) - age   1:    2620192 bytes,    2620192 total
[2020-09-30T09:17:46.006+0000][16584][gc,age       ] GC(239) - age   2:      15768 bytes,    2635960 total
[2020-09-30T09:17:46.006+0000][16584][gc,age       ] GC(239) - age   3:      62288 bytes,    2698248 total
[2020-09-30T09:17:46.006+0000][16584][gc,age       ] GC(239) - age   4:       1832 bytes,    2700080 total
[2020-09-30T09:17:46.006+0000][16584][gc,age       ] GC(239) - age   5:      63440 bytes,    2763520 total
[2020-09-30T09:17:46.006+0000][16584][gc,age       ] GC(239) - age   6:       2048 bytes,    2765568 total
[2020-09-30T09:17:46.006+0000][16584][gc,age       ] GC(239) - age   7:        664 bytes,    2766232 total
[2020-09-30T09:17:46.006+0000][16584][gc,age       ] GC(239) - age   8:       3432 bytes,    2769664 total
[2020-09-30T09:17:46.006+0000][16584][gc,age       ] GC(239) - age   9:      60968 bytes,    2830632 total
[2020-09-30T09:17:46.006+0000][16584][gc,age       ] GC(239) - age  10:       1416 bytes,    2832048 total
[2020-09-30T09:17:46.006+0000][16584][gc,age       ] GC(239) - age  11:        912 bytes,    2832960 total
[2020-09-30T09:17:46.006+0000][16584][gc,age       ] GC(239) - age  12:        952 bytes,    2833912 total
[2020-09-30T09:17:46.006+0000][16584][gc,age       ] GC(239) - age  13:       1640 bytes,    2835552 total
[2020-09-30T09:17:46.006+0000][16584][gc,age       ] GC(239) - age  14:       1808 bytes,    2837360 total
[2020-09-30T09:17:46.007+0000][16584][gc,age       ] GC(239) - age  15:      52464 bytes,    2889824 total
[2020-09-30T09:17:46.007+0000][16584][gc,phases    ] GC(239)   Pre Evacuate Collection Set: 0.5ms
[2020-09-30T09:17:46.007+0000][16584][gc,phases    ] GC(239)   Merge Heap Roots: 0.2ms
[2020-09-30T09:17:46.007+0000][16584][gc,phases    ] GC(239)   Evacuate Collection Set: 2.3ms
[2020-09-30T09:17:46.007+0000][16584][gc,phases    ] GC(239)   Post Evacuate Collection Set: 1.1ms
[2020-09-30T09:17:46.007+0000][16584][gc,phases    ] GC(239)   Other: 1.1ms
[2020-09-30T09:17:46.007+0000][16584][gc,heap      ] GC(239) Eden regions: 111->0(500)
[2020-09-30T09:17:46.007+0000][16584][gc,heap      ] GC(239) Survivor regions: 6->3(63)
[2020-09-30T09:17:46.007+0000][16584][gc,heap      ] GC(239) Old regions: 78->78
[2020-09-30T09:17:46.007+0000][16584][gc,heap      ] GC(239) Archive regions: 0->0
[2020-09-30T09:17:46.007+0000][16584][gc,heap      ] GC(239) Humongous regions: 462->174
[2020-09-30T09:17:46.007+0000][16584][gc,metaspace ] GC(239) Metaspace: 87607K(93440K)->87607K(93440K) NonClass: 76459K(79872K)->76459K(79872K) Class: 11148K(13568K)->11148K(13568K)
[2020-09-30T09:17:46.007+0000][16584][gc           ] GC(239) Pause Young (Concurrent Start) (G1 Humongous Allocation) 655M->254M(1024M) 5.550ms
[2020-09-30T09:17:46.007+0000][16584][gc,cpu       ] GC(239) User=0.00s Sys=0.00s Real=0.00s
[2020-09-30T09:17:46.007+0000][16584][gc           ] GC(240) Concurrent Cycle
[2020-09-30T09:17:46.007+0000][16584][safepoint    ] Safepoint "G1TryInitiateConcMark", Time since last: 56014100 ns, Reaching safepoint: 179100 ns, At safepoint: 5780700 ns, Total: 5959800 ns
[2020-09-30T09:17:46.007+0000][16584][gc,marking   ] GC(240) Concurrent Clear Claimed Marks
[2020-09-30T09:17:46.008+0000][16584][gc,marking   ] GC(240) Concurrent Clear Claimed Marks 0.495ms
[2020-09-30T09:17:46.008+0000][16584][gc,marking   ] GC(240) Concurrent Scan Root Regions
[2020-09-30T09:17:46.010+0000][16584][gc,marking   ] GC(240) Concurrent Scan Root Regions 2.361ms
[2020-09-30T09:17:46.010+0000][16584][gc,marking   ] GC(240) Concurrent Mark (159.868s)
[2020-09-30T09:17:46.010+0000][16584][gc,marking   ] GC(240) Concurrent Mark From Roots
[2020-09-30T09:17:46.010+0000][16584][gc,task      ] GC(240) Using 2 workers of 2 for marking
[2020-09-30T09:17:46.173+0000][16584][gc,marking   ] GC(240) Concurrent Mark From Roots 162.240ms
[2020-09-30T09:17:46.173+0000][16584][gc,marking   ] GC(240) Concurrent Preclean
[2020-09-30T09:17:46.174+0000][16584][gc,marking   ] GC(240) Concurrent Preclean 0.546ms
[2020-09-30T09:17:46.174+0000][16584][gc,marking   ] GC(240) Concurrent Mark (159.868s, 160.031s) 163.006ms
[2020-09-30T09:17:46.174+0000][16584][gc,start     ] GC(240) Pause Remark
[2020-09-30T09:17:46.181+0000][16584][gc           ] GC(240) Pause Remark 386M->386M(1024M) 7.092ms
[2020-09-30T09:17:46.181+0000][16584][gc,cpu       ] GC(240) User=0.00s Sys=0.00s Real=0.01s
[2020-09-30T09:17:46.181+0000][16584][safepoint    ] Safepoint "G1Concurrent", Time since last: 166197700 ns, Reaching safepoint: 170500 ns, At safepoint: 7363200 ns, Total: 7533700 ns
[2020-09-30T09:17:46.181+0000][16584][gc,marking   ] GC(240) Concurrent Rebuild Remembered Sets
[2020-09-30T09:17:46.284+0000][16584][gc,marking   ] GC(240) Concurrent Rebuild Remembered Sets 102.703ms
[2020-09-30T09:17:46.287+0000][16584][gc,start     ] GC(240) Pause Cleanup
[2020-09-30T09:17:46.288+0000][16584][gc           ] GC(240) Pause Cleanup 724M->724M(1024M) 0.439ms
[2020-09-30T09:17:46.288+0000][16584][gc,cpu       ] GC(240) User=0.00s Sys=0.00s Real=0.00s
[2020-09-30T09:17:46.289+0000][16584][safepoint    ] Safepoint "G1Concurrent", Time since last: 102876500 ns, Reaching safepoint: 3028700 ns, At safepoint: 1691100 ns, Total: 4719800 ns
[2020-09-30T09:17:46.289+0000][16584][gc,marking   ] GC(240) Concurrent Cleanup for Next Mark
[2020-09-30T09:17:46.291+0000][16584][gc,marking   ] GC(240) Concurrent Cleanup for Next Mark 1.998ms
[2020-09-30T09:17:46.291+0000][16584][gc           ] GC(240) Concurrent Cycle 283.637ms
[2020-09-30T09:17:46.336+0000][16584][gc,start     ] GC(241) Pause Young (Concurrent Start) (G1 Humongous Allocation)
[2020-09-30T09:17:46.336+0000][16584][gc,task      ] GC(241) Using 8 workers of 8 for evacuation
[2020-09-30T09:17:46.336+0000][16584][gc,age       ] GC(241) Desired survivor size 33030144 bytes, new threshold 15 (max threshold 15)
[2020-09-30T09:17:46.341+0000][16584][gc,age       ] GC(241) Age table with threshold 15 (max threshold 15)
[2020-09-30T09:17:46.341+0000][16584][gc,age       ] GC(241) - age   1:    3940696 bytes,    3940696 total
[2020-09-30T09:17:46.341+0000][16584][gc,age       ] GC(241) - age   2:       3632 bytes,    3944328 total
[2020-09-30T09:17:46.341+0000][16584][gc,age       ] GC(241) - age   3:      14976 bytes,    3959304 total
[2020-09-30T09:17:46.341+0000][16584][gc,age       ] GC(241) - age   4:      55448 bytes,    4014752 total
[2020-09-30T09:17:46.341+0000][16584][gc,age       ] GC(241) - age   5:       1672 bytes,    4016424 total
[2020-09-30T09:17:46.341+0000][16584][gc,age       ] GC(241) - age   6:      63376 bytes,    4079800 total
[2020-09-30T09:17:46.341+0000][16584][gc,age       ] GC(241) - age   7:       1952 bytes,    4081752 total
[2020-09-30T09:17:46.341+0000][16584][gc,age       ] GC(241) - age   8:        664 bytes,    4082416 total
[2020-09-30T09:17:46.341+0000][16584][gc,age       ] GC(241) - age   9:       3432 bytes,    4085848 total
[2020-09-30T09:17:46.341+0000][16584][gc,age       ] GC(241) - age  10:      60968 bytes,    4146816 total
[2020-09-30T09:17:46.341+0000][16584][gc,age       ] GC(241) - age  11:       1416 bytes,    4148232 total
[2020-09-30T09:17:46.341+0000][16584][gc,age       ] GC(241) - age  12:        848 bytes,    4149080 total
[2020-09-30T09:17:46.341+0000][16584][gc,age       ] GC(241) - age  13:        920 bytes,    4150000 total
[2020-09-30T09:17:46.341+0000][16584][gc,age       ] GC(241) - age  14:       1640 bytes,    4151640 total
[2020-09-30T09:17:46.341+0000][16584][gc,age       ] GC(241) - age  15:       1808 bytes,    4153448 total
[2020-09-30T09:17:46.341+0000][16584][gc,phases    ] GC(241)   Pre Evacuate Collection Set: 0.5ms
[2020-09-30T09:17:46.341+0000][16584][gc,phases    ] GC(241)   Merge Heap Roots: 0.1ms
[2020-09-30T09:17:46.341+0000][16584][gc,phases    ] GC(241)   Evacuate Collection Set: 2.4ms
[2020-09-30T09:17:46.341+0000][16584][gc,phases    ] GC(241)   Post Evacuate Collection Set: 1.0ms
[2020-09-30T09:17:46.341+0000][16584][gc,phases    ] GC(241)   Other: 0.8ms
[2020-09-30T09:17:46.341+0000][16584][gc,heap      ] GC(241) Eden regions: 134->0(498)
[2020-09-30T09:17:46.341+0000][16584][gc,heap      ] GC(241) Survivor regions: 3->5(63)
[2020-09-30T09:17:46.341+0000][16584][gc,heap      ] GC(241) Old regions: 78->78
[2020-09-30T09:17:46.341+0000][16584][gc,heap      ] GC(241) Archive regions: 0->0
[2020-09-30T09:17:46.341+0000][16584][gc,heap      ] GC(241) Humongous regions: 526->174
[2020-09-30T09:17:46.341+0000][16584][gc,metaspace ] GC(241) Metaspace: 87609K(93440K)->87609K(93440K) NonClass: 76461K(79872K)->76461K(79872K) Class: 11148K(13568K)->11148K(13568K)
[2020-09-30T09:17:46.341+0000][16584][gc           ] GC(241) Pause Young (Concurrent Start) (G1 Humongous Allocation) 739M->255M(1024M) 5.136ms
[2020-09-30T09:17:46.341+0000][16584][gc,cpu       ] GC(241) User=0.00s Sys=0.00s Real=0.01s
[2020-09-30T09:17:46.341+0000][16584][safepoint    ] Safepoint "G1TryInitiateConcMark", Time since last: 47485100 ns, Reaching safepoint: 166100 ns, At safepoint: 5342200 ns, Total: 5508300 ns
[2020-09-30T09:17:46.341+0000][16584][gc           ] GC(242) Concurrent Cycle
[2020-09-30T09:17:46.342+0000][16584][gc,marking   ] GC(242) Concurrent Clear Claimed Marks
[2020-09-30T09:17:46.342+0000][16584][gc,marking   ] GC(242) Concurrent Clear Claimed Marks 0.476ms
[2020-09-30T09:17:46.342+0000][16584][gc,marking   ] GC(242) Concurrent Scan Root Regions
[2020-09-30T09:17:46.346+0000][16584][gc,marking   ] GC(242) Concurrent Scan Root Regions 3.332ms
[2020-09-30T09:17:46.346+0000][16584][gc,marking   ] GC(242) Concurrent Mark (160.203s)
[2020-09-30T09:17:46.346+0000][16584][gc,marking   ] GC(242) Concurrent Mark From Roots
[2020-09-30T09:17:46.346+0000][16584][gc,task      ] GC(242) Using 2 workers of 2 for marking
[2020-09-30T09:17:46.499+0000][16584][gc,marking   ] GC(242) Concurrent Mark From Roots 152.547ms
[2020-09-30T09:17:46.499+0000][16584][gc,marking   ] GC(242) Concurrent Preclean
[2020-09-30T09:17:46.499+0000][16584][gc,marking   ] GC(242) Concurrent Preclean 0.556ms
[2020-09-30T09:17:46.499+0000][16584][gc,marking   ] GC(242) Concurrent Mark (160.203s, 160.356s) 153.275ms
[2020-09-30T09:17:46.500+0000][16584][gc,start     ] GC(242) Pause Remark
[2020-09-30T09:17:46.506+0000][16584][gc           ] GC(242) Pause Remark 463M->463M(1024M) 6.492ms
[2020-09-30T09:17:46.506+0000][16584][gc,cpu       ] GC(242) User=0.00s Sys=0.00s Real=0.01s
[2020-09-30T09:17:46.506+0000][16584][safepoint    ] Safepoint "G1Concurrent", Time since last: 157489300 ns, Reaching safepoint: 153700 ns, At safepoint: 6762700 ns, Total: 6916400 ns
[2020-09-30T09:17:46.506+0000][16584][gc,marking   ] GC(242) Concurrent Rebuild Remembered Sets
[2020-09-30T09:17:46.607+0000][16584][gc,marking   ] GC(242) Concurrent Rebuild Remembered Sets 100.070ms
[2020-09-30T09:17:46.607+0000][16584][gc,start     ] GC(242) Pause Cleanup
[2020-09-30T09:17:46.607+0000][16584][gc           ] GC(242) Pause Cleanup 598M->598M(1024M) 0.301ms
[2020-09-30T09:17:46.607+0000][16584][gc,cpu       ] GC(242) User=0.00s Sys=0.00s Real=0.00s
[2020-09-30T09:17:46.607+0000][16584][safepoint    ] Safepoint "G1Concurrent", Time since last: 100307000 ns, Reaching safepoint: 191500 ns, At safepoint: 470900 ns, Total: 662400 ns
[2020-09-30T09:17:46.607+0000][16584][gc,marking   ] GC(242) Concurrent Cleanup for Next Mark
[2020-09-30T09:17:46.609+0000][16584][gc,marking   ] GC(242) Concurrent Cleanup for Next Mark 1.608ms
[2020-09-30T09:17:46.609+0000][16584][gc           ] GC(242) Concurrent Cycle 267.184ms
[2020-09-30T09:17:46.672+0000][16584][gc,start     ] GC(243) Pause Young (Concurrent Start) (G1 Humongous Allocation)
[2020-09-30T09:17:46.672+0000][16584][gc,task      ] GC(243) Using 8 workers of 8 for evacuation
[2020-09-30T09:17:46.672+0000][16584][gc,age       ] GC(243) Desired survivor size 33030144 bytes, new threshold 15 (max threshold 15)
[2020-09-30T09:17:46.676+0000][16584][gc,age       ] GC(243) Age table with threshold 15 (max threshold 15)
[2020-09-30T09:17:46.676+0000][16584][gc,age       ] GC(243) - age   1:    2627480 bytes,    2627480 total
[2020-09-30T09:17:46.676+0000][16584][gc,age       ] GC(243) - age   2:       4864 bytes,    2632344 total
[2020-09-30T09:17:46.676+0000][16584][gc,age       ] GC(243) - age   3:       2664 bytes,    2635008 total
[2020-09-30T09:17:46.676+0000][16584][gc,age       ] GC(243) - age   4:      13368 bytes,    2648376 total
[2020-09-30T09:17:46.676+0000][16584][gc,age       ] GC(243) - age   5:      54904 bytes,    2703280 total
[2020-09-30T09:17:46.676+0000][16584][gc,age       ] GC(243) - age   6:       1544 bytes,    2704824 total
[2020-09-30T09:17:46.676+0000][16584][gc,age       ] GC(243) - age   7:      63288 bytes,    2768112 total
[2020-09-30T09:17:46.676+0000][16584][gc,age       ] GC(243) - age   8:       1888 bytes,    2770000 total
[2020-09-30T09:17:46.676+0000][16584][gc,age       ] GC(243) - age   9:        664 bytes,    2770664 total
[2020-09-30T09:17:46.676+0000][16584][gc,age       ] GC(243) - age  10:       2928 bytes,    2773592 total
[2020-09-30T09:17:46.676+0000][16584][gc,age       ] GC(243) - age  11:      60968 bytes,    2834560 total
[2020-09-30T09:17:46.676+0000][16584][gc,age       ] GC(243) - age  12:       1384 bytes,    2835944 total
[2020-09-30T09:17:46.676+0000][16584][gc,age       ] GC(243) - age  13:        816 bytes,    2836760 total
[2020-09-30T09:17:46.676+0000][16584][gc,age       ] GC(243) - age  14:        856 bytes,    2837616 total
[2020-09-30T09:17:46.676+0000][16584][gc,age       ] GC(243) - age  15:       1608 bytes,    2839224 total
[2020-09-30T09:17:46.676+0000][16584][gc,phases    ] GC(243)   Pre Evacuate Collection Set: 0.4ms
[2020-09-30T09:17:46.676+0000][16584][gc,phases    ] GC(243)   Merge Heap Roots: 0.1ms
[2020-09-30T09:17:46.676+0000][16584][gc,phases    ] GC(243)   Evacuate Collection Set: 2.0ms
[2020-09-30T09:17:46.676+0000][16584][gc,phases    ] GC(243)   Post Evacuate Collection Set: 1.0ms
[2020-09-30T09:17:46.676+0000][16584][gc,phases    ] GC(243)   Other: 1.0ms
[2020-09-30T09:17:46.677+0000][16584][gc,heap      ] GC(243) Eden regions: 106->0(501)
[2020-09-30T09:17:46.677+0000][16584][gc,heap      ] GC(243) Survivor regions: 5->3(63)
[2020-09-30T09:17:46.677+0000][16584][gc,heap      ] GC(243) Old regions: 78->78
[2020-09-30T09:17:46.677+0000][16584][gc,heap      ] GC(243) Archive regions: 0->0
[2020-09-30T09:17:46.677+0000][16584][gc,heap      ] GC(243) Humongous regions: 430->174
[2020-09-30T09:17:46.677+0000][16584][gc,metaspace ] GC(243) Metaspace: 87637K(93440K)->87637K(93440K) NonClass: 76488K(79872K)->76488K(79872K) Class: 11149K(13568K)->11149K(13568K)
[2020-09-30T09:17:46.677+0000][16584][gc           ] GC(243) Pause Young (Concurrent Start) (G1 Humongous Allocation) 616M->254M(1024M) 4.921ms
[2020-09-30T09:17:46.677+0000][16584][gc,cpu       ] GC(243) User=0.00s Sys=0.00s Real=0.01s
[2020-09-30T09:17:46.677+0000][16584][gc           ] GC(244) Concurrent Cycle
[2020-09-30T09:17:46.677+0000][16584][safepoint    ] Safepoint "G1TryInitiateConcMark", Time since last: 64326600 ns, Reaching safepoint: 193100 ns, At safepoint: 5168000 ns, Total: 5361100 ns
[2020-09-30T09:17:46.677+0000][16584][gc,marking   ] GC(244) Concurrent Clear Claimed Marks
[2020-09-30T09:17:46.678+0000][16584][gc,marking   ] GC(244) Concurrent Clear Claimed Marks 0.634ms
[2020-09-30T09:17:46.678+0000][16584][gc,marking   ] GC(244) Concurrent Scan Root Regions
[2020-09-30T09:17:46.680+0000][16584][gc,marking   ] GC(244) Concurrent Scan Root Regions 2.131ms
[2020-09-30T09:17:46.680+0000][16584][gc,marking   ] GC(244) Concurrent Mark (160.537s)
[2020-09-30T09:17:46.680+0000][16584][gc,marking   ] GC(244) Concurrent Mark From Roots
[2020-09-30T09:17:46.680+0000][16584][gc,task      ] GC(244) Using 2 workers of 2 for marking
[2020-09-30T09:17:46.832+0000][16584][gc,marking   ] GC(244) Concurrent Mark From Roots 151.738ms
[2020-09-30T09:17:46.832+0000][16584][gc,marking   ] GC(244) Concurrent Preclean
[2020-09-30T09:17:46.833+0000][16584][gc,marking   ] GC(244) Concurrent Preclean 0.561ms
[2020-09-30T09:17:46.833+0000][16584][gc,marking   ] GC(244) Concurrent Mark (160.537s, 160.690s) 152.543ms
[2020-09-30T09:17:46.833+0000][16584][gc,start     ] GC(244) Pause Remark
[2020-09-30T09:17:46.840+0000][16584][gc           ] GC(244) Pause Remark 392M->392M(1024M) 6.951ms
[2020-09-30T09:17:46.840+0000][16584][gc,cpu       ] GC(244) User=0.00s Sys=0.00s Real=0.01s
[2020-09-30T09:17:46.841+0000][16584][safepoint    ] Safepoint "G1Concurrent", Time since last: 155753100 ns, Reaching safepoint: 216500 ns, At safepoint: 7858800 ns, Total: 8075300 ns
[2020-09-30T09:17:46.841+0000][16584][gc,marking   ] GC(244) Concurrent Rebuild Remembered Sets
[2020-09-30T09:17:46.948+0000][16584][gc,marking   ] GC(244) Concurrent Rebuild Remembered Sets 107.117ms
[2020-09-30T09:17:46.949+0000][16584][gc,start     ] GC(244) Pause Cleanup
[2020-09-30T09:17:46.949+0000][16584][gc           ] GC(244) Pause Cleanup 673M->673M(1024M) 0.389ms
[2020-09-30T09:17:46.949+0000][16584][gc,cpu       ] GC(244) User=0.00s Sys=0.00s Real=0.00s
[2020-09-30T09:17:46.949+0000][16584][safepoint    ] Safepoint "G1Concurrent", Time since last: 107400600 ns, Reaching safepoint: 308900 ns, At safepoint: 864500 ns, Total: 1173400 ns
[2020-09-30T09:17:46.950+0000][16584][gc,marking   ] GC(244) Concurrent Cleanup for Next Mark
[2020-09-30T09:17:46.951+0000][16584][gc,marking   ] GC(244) Concurrent Cleanup for Next Mark 1.952ms
[2020-09-30T09:17:46.952+0000][16584][gc           ] GC(244) Concurrent Cycle 274.672ms
[2020-09-30T09:17:46.952+0000][16584][gc,start     ] GC(245) Pause Young (Concurrent Start) (G1 Humongous Allocation)
[2020-09-30T09:17:46.952+0000][16584][gc,task      ] GC(245) Using 8 workers of 8 for evacuation
[2020-09-30T09:17:46.953+0000][16584][gc,age       ] GC(245) Desired survivor size 33030144 bytes, new threshold 15 (max threshold 15)
[2020-09-30T09:17:46.957+0000][16584][gc,age       ] GC(245) Age table with threshold 15 (max threshold 15)
[2020-09-30T09:17:46.957+0000][16584][gc,age       ] GC(245) - age   1:    3889472 bytes,    3889472 total
[2020-09-30T09:17:46.957+0000][16584][gc,age       ] GC(245) - age   2:      11976 bytes,    3901448 total
[2020-09-30T09:17:46.957+0000][16584][gc,age       ] GC(245) - age   3:       3384 bytes,    3904832 total
[2020-09-30T09:17:46.957+0000][16584][gc,age       ] GC(245) - age   4:       2144 bytes,    3906976 total
[2020-09-30T09:17:46.957+0000][16584][gc,age       ] GC(245) - age   5:      13296 bytes,    3920272 total
[2020-09-30T09:17:46.957+0000][16584][gc,age       ] GC(245) - age   6:      54560 bytes,    3974832 total
[2020-09-30T09:17:46.957+0000][16584][gc,age       ] GC(245) - age   7:       1448 bytes,    3976280 total
[2020-09-30T09:17:46.957+0000][16584][gc,age       ] GC(245) - age   8:      63256 bytes,    4039536 total
[2020-09-30T09:17:46.957+0000][16584][gc,age       ] GC(245) - age   9:       1888 bytes,    4041424 total
[2020-09-30T09:17:46.957+0000][16584][gc,age       ] GC(245) - age  10:        664 bytes,    4042088 total
[2020-09-30T09:17:46.957+0000][16584][gc,age       ] GC(245) - age  11:        512 bytes,    4042600 total
[2020-09-30T09:17:46.957+0000][16584][gc,age       ] GC(245) - age  12:      60968 bytes,    4103568 total
[2020-09-30T09:17:46.957+0000][16584][gc,age       ] GC(245) - age  13:       1352 bytes,    4104920 total
[2020-09-30T09:17:46.957+0000][16584][gc,age       ] GC(245) - age  14:        816 bytes,    4105736 total
[2020-09-30T09:17:46.957+0000][16584][gc,age       ] GC(245) - age  15:        856 bytes,    4106592 total
[2020-09-30T09:17:46.958+0000][16584][gc,phases    ] GC(245)   Pre Evacuate Collection Set: 0.5ms
[2020-09-30T09:17:46.958+0000][16584][gc,phases    ] GC(245)   Merge Heap Roots: 0.1ms
[2020-09-30T09:17:46.958+0000][16584][gc,phases    ] GC(245)   Evacuate Collection Set: 2.3ms
[2020-09-30T09:17:46.958+0000][16584][gc,phases    ] GC(245)   Post Evacuate Collection Set: 1.2ms
[2020-09-30T09:17:46.958+0000][16584][gc,phases    ] GC(245)   Other: 1.2ms
[2020-09-30T09:17:46.958+0000][16584][gc,heap      ] GC(245) Eden regions: 109->0(499)
[2020-09-30T09:17:46.958+0000][16584][gc,heap      ] GC(245) Survivor regions: 3->4(63)
[2020-09-30T09:17:46.958+0000][16584][gc,heap      ] GC(245) Old regions: 78->78
[2020-09-30T09:17:46.958+0000][16584][gc,heap      ] GC(245) Archive regions: 0->0
[2020-09-30T09:17:46.958+0000][16584][gc,heap      ] GC(245) Humongous regions: 486->174
[2020-09-30T09:17:46.958+0000][16584][gc,metaspace ] GC(245) Metaspace: 87682K(93440K)->87682K(93440K) NonClass: 76532K(79872K)->76532K(79872K) Class: 11149K(13568K)->11149K(13568K)
[2020-09-30T09:17:46.958+0000][16584][gc           ] GC(245) Pause Young (Concurrent Start) (G1 Humongous Allocation) 675M->255M(1024M) 5.736ms
[2020-09-30T09:17:46.958+0000][16584][gc,cpu       ] GC(245) User=0.00s Sys=0.00s Real=0.01s
[2020-09-30T09:17:46.958+0000][16584][gc           ] GC(246) Concurrent Cycle
[2020-09-30T09:17:46.958+0000][16584][safepoint    ] Safepoint "G1TryInitiateConcMark", Time since last: 2352100 ns, Reaching safepoint: 504600 ns, At safepoint: 5976900 ns, Total: 6481500 ns
[2020-09-30T09:17:46.958+0000][16584][gc,marking   ] GC(246) Concurrent Clear Claimed Marks
[2020-09-30T09:17:46.959+0000][16584][gc,marking   ] GC(246) Concurrent Clear Claimed Marks 0.476ms
[2020-09-30T09:17:46.959+0000][16584][gc,marking   ] GC(246) Concurrent Scan Root Regions
[2020-09-30T09:17:46.962+0000][16584][gc,marking   ] GC(246) Concurrent Scan Root Regions 2.846ms
[2020-09-30T09:17:46.962+0000][16584][gc,marking   ] GC(246) Concurrent Mark (160.819s)
[2020-09-30T09:17:46.962+0000][16584][gc,marking   ] GC(246) Concurrent Mark From Roots
[2020-09-30T09:17:46.962+0000][16584][gc,task      ] GC(246) Using 2 workers of 2 for marking
[2020-09-30T09:17:47.132+0000][16584][gc,marking   ] GC(246) Concurrent Mark From Roots 169.851ms
[2020-09-30T09:17:47.132+0000][16584][gc,marking   ] GC(246) Concurrent Preclean
[2020-09-30T09:17:47.132+0000][16584][gc,marking   ] GC(246) Concurrent Preclean 0.581ms
[2020-09-30T09:17:47.133+0000][16584][gc,marking   ] GC(246) Concurrent Mark (160.819s, 160.990s) 170.639ms
[2020-09-30T09:17:47.133+0000][16584][gc,start     ] GC(246) Pause Remark
[2020-09-30T09:17:47.140+0000][16584][gc           ] GC(246) Pause Remark 449M->449M(1024M) 6.910ms
[2020-09-30T09:17:47.140+0000][16584][gc,cpu       ] GC(246) User=0.11s Sys=0.00s Real=0.01s
[2020-09-30T09:17:47.140+0000][16584][safepoint    ] Safepoint "G1Concurrent", Time since last: 174350500 ns, Reaching safepoint: 139900 ns, At safepoint: 7215700 ns, Total: 7355600 ns
[2020-09-30T09:17:47.140+0000][16584][gc,marking   ] GC(246) Concurrent Rebuild Remembered Sets
[2020-09-30T09:17:47.246+0000][16584][gc,marking   ] GC(246) Concurrent Rebuild Remembered Sets 105.642ms
[2020-09-30T09:17:47.246+0000][16584][gc,start     ] GC(246) Pause Cleanup
[2020-09-30T09:17:47.246+0000][16584][gc           ] GC(246) Pause Cleanup 528M->528M(1024M) 0.330ms
[2020-09-30T09:17:47.246+0000][16584][gc,cpu       ] GC(246) User=0.00s Sys=0.00s Real=0.00s
[2020-09-30T09:17:47.247+0000][16584][safepoint    ] Safepoint "G1Concurrent", Time since last: 105866800 ns, Reaching safepoint: 141600 ns, At safepoint: 573500 ns, Total: 715100 ns
[2020-09-30T09:17:47.247+0000][16584][gc,marking   ] GC(246) Concurrent Cleanup for Next Mark
[2020-09-30T09:17:47.248+0000][16584][gc,marking   ] GC(246) Concurrent Cleanup for Next Mark 1.594ms
[2020-09-30T09:17:47.248+0000][16584][gc           ] GC(246) Concurrent Cycle 290.132ms
[2020-09-30T09:17:47.288+0000][16584][gc,start     ] GC(247) Pause Young (Concurrent Start) (G1 Humongous Allocation)
[2020-09-30T09:17:47.288+0000][16584][gc,task      ] GC(247) Using 8 workers of 8 for evacuation
[2020-09-30T09:17:47.288+0000][16584][gc,age       ] GC(247) Desired survivor size 33030144 bytes, new threshold 15 (max threshold 15)
[2020-09-30T09:17:47.293+0000][16584][gc,age       ] GC(247) Age table with threshold 15 (max threshold 15)
[2020-09-30T09:17:47.293+0000][16584][gc,age       ] GC(247) - age   1:    3758224 bytes,    3758224 total
[2020-09-30T09:17:47.293+0000][16584][gc,age       ] GC(247) - age   2:     207696 bytes,    3965920 total
[2020-09-30T09:17:47.294+0000][16584][gc,age       ] GC(247) - age   3:       4936 bytes,    3970856 total
[2020-09-30T09:17:47.294+0000][16584][gc,age       ] GC(247) - age   4:       2888 bytes,    3973744 total
[2020-09-30T09:17:47.294+0000][16584][gc,age       ] GC(247) - age   5:       2144 bytes,    3975888 total
[2020-09-30T09:17:47.294+0000][16584][gc,age       ] GC(247) - age   6:      13264 bytes,    3989152 total
[2020-09-30T09:17:47.294+0000][16584][gc,age       ] GC(247) - age   7:      54464 bytes,    4043616 total
[2020-09-30T09:17:47.294+0000][16584][gc,age       ] GC(247) - age   8:       1416 bytes,    4045032 total
[2020-09-30T09:17:47.294+0000][16584][gc,age       ] GC(247) - age   9:      63256 bytes,    4108288 total
[2020-09-30T09:17:47.294+0000][16584][gc,age       ] GC(247) - age  10:       1760 bytes,    4110048 total
[2020-09-30T09:17:47.294+0000][16584][gc,age       ] GC(247) - age  11:        664 bytes,    4110712 total
[2020-09-30T09:17:47.294+0000][16584][gc,age       ] GC(247) - age  12:        480 bytes,    4111192 total
[2020-09-30T09:17:47.294+0000][16584][gc,age       ] GC(247) - age  13:      60968 bytes,    4172160 total
[2020-09-30T09:17:47.294+0000][16584][gc,age       ] GC(247) - age  14:       1288 bytes,    4173448 total
[2020-09-30T09:17:47.294+0000][16584][gc,age       ] GC(247) - age  15:        816 bytes,    4174264 total
[2020-09-30T09:17:47.294+0000][16584][gc,phases    ] GC(247)   Pre Evacuate Collection Set: 0.9ms
[2020-09-30T09:17:47.294+0000][16584][gc,phases    ] GC(247)   Merge Heap Roots: 0.6ms
[2020-09-30T09:17:47.294+0000][16584][gc,phases    ] GC(247)   Evacuate Collection Set: 2.8ms
[2020-09-30T09:17:47.294+0000][16584][gc,phases    ] GC(247)   Post Evacuate Collection Set: 1.1ms
[2020-09-30T09:17:47.294+0000][16584][gc,phases    ] GC(247)   Other: 1.2ms
[2020-09-30T09:17:47.294+0000][16584][gc,heap      ] GC(247) Eden regions: 86->0(498)
[2020-09-30T09:17:47.294+0000][16584][gc,heap      ] GC(247) Survivor regions: 4->5(63)
[2020-09-30T09:17:47.294+0000][16584][gc,heap      ] GC(247) Old regions: 78->78
[2020-09-30T09:17:47.294+0000][16584][gc,heap      ] GC(247) Archive regions: 0->0
[2020-09-30T09:17:47.294+0000][16584][gc,heap      ] GC(247) Humongous regions: 370->174
[2020-09-30T09:17:47.294+0000][16584][gc,metaspace ] GC(247) Metaspace: 87682K(93440K)->87682K(93440K) NonClass: 76532K(79872K)->76532K(79872K) Class: 11149K(13568K)->11149K(13568K)
[2020-09-30T09:17:47.295+0000][16584][gc           ] GC(247) Pause Young (Concurrent Start) (G1 Humongous Allocation) 536M->255M(1024M) 6.980ms
[2020-09-30T09:17:47.295+0000][16584][gc,cpu       ] GC(247) User=0.03s Sys=0.00s Real=0.01s
[2020-09-30T09:17:47.295+0000][16584][gc           ] GC(248) Concurrent Cycle
[2020-09-30T09:17:47.295+0000][16584][safepoint    ] Safepoint "G1TryInitiateConcMark", Time since last: 40700900 ns, Reaching safepoint: 373900 ns, At safepoint: 7216200 ns, Total: 7590100 ns
[2020-09-30T09:17:47.295+0000][16584][gc,marking   ] GC(248) Concurrent Clear Claimed Marks
[2020-09-30T09:17:47.295+0000][16584][gc,marking   ] GC(248) Concurrent Clear Claimed Marks 0.419ms
[2020-09-30T09:17:47.295+0000][16584][gc,marking   ] GC(248) Concurrent Scan Root Regions
[2020-09-30T09:17:47.298+0000][16584][gc,marking   ] GC(248) Concurrent Scan Root Regions 2.918ms
[2020-09-30T09:17:47.298+0000][16584][gc,marking   ] GC(248) Concurrent Mark (161.155s)
[2020-09-30T09:17:47.298+0000][16584][gc,marking   ] GC(248) Concurrent Mark From Roots
[2020-09-30T09:17:47.298+0000][16584][gc,task      ] GC(248) Using 2 workers of 2 for marking
[2020-09-30T09:17:47.469+0000][16584][gc,marking   ] GC(248) Concurrent Mark From Roots 170.530ms
[2020-09-30T09:17:47.470+0000][16584][gc,marking   ] GC(248) Concurrent Preclean
[2020-09-30T09:17:47.471+0000][16584][gc,marking   ] GC(248) Concurrent Preclean 1.706ms
[2020-09-30T09:17:47.472+0000][16584][gc,marking   ] GC(248) Concurrent Mark (161.155s, 161.328s) 172.793ms
[2020-09-30T09:17:47.477+0000][16584][gc,start     ] GC(248) Pause Remark
[2020-09-30T09:17:47.483+0000][16584][gc           ] GC(248) Pause Remark 395M->395M(1024M) 6.089ms
[2020-09-30T09:17:47.483+0000][16584][gc,cpu       ] GC(248) User=0.02s Sys=0.00s Real=0.01s
[2020-09-30T09:17:47.483+0000][16584][safepoint    ] Safepoint "G1Concurrent", Time since last: 176510500 ns, Reaching safepoint: 5049700 ns, At safepoint: 6427500 ns, Total: 11477200 ns
[2020-09-30T09:17:47.483+0000][16584][gc,marking   ] GC(248) Concurrent Rebuild Remembered Sets
[2020-09-30T09:17:47.590+0000][16584][gc,marking   ] GC(248) Concurrent Rebuild Remembered Sets 106.421ms
[2020-09-30T09:17:47.590+0000][16584][gc,start     ] GC(248) Pause Cleanup
[2020-09-30T09:17:47.590+0000][16584][gc           ] GC(248) Pause Cleanup 657M->657M(1024M) 0.339ms
[2020-09-30T09:17:47.590+0000][16584][gc,cpu       ] GC(248) User=0.00s Sys=0.00s Real=0.00s
[2020-09-30T09:17:47.591+0000][16584][safepoint    ] Safepoint "G1Concurrent", Time since last: 106651100 ns, Reaching safepoint: 195000 ns, At safepoint: 649000 ns, Total: 844000 ns
[2020-09-30T09:17:47.591+0000][16584][gc,marking   ] GC(248) Concurrent Cleanup for Next Mark
[2020-09-30T09:17:47.592+0000][16584][gc,marking   ] GC(248) Concurrent Cleanup for Next Mark 1.700ms
[2020-09-30T09:17:47.593+0000][16584][gc           ] GC(248) Concurrent Cycle 297.393ms
[2020-09-30T09:17:47.620+0000][16584][gc,start     ] GC(249) Pause Young (Concurrent Start) (G1 Humongous Allocation)
[2020-09-30T09:17:47.620+0000][16584][gc,task      ] GC(249) Using 8 workers of 8 for evacuation
[2020-09-30T09:17:47.620+0000][16584][gc,age       ] GC(249) Desired survivor size 33030144 bytes, new threshold 15 (max threshold 15)
[2020-09-30T09:17:47.625+0000][16584][gc,age       ] GC(249) Age table with threshold 15 (max threshold 15)
[2020-09-30T09:17:47.625+0000][16584][gc,age       ] GC(249) - age   1:    3553504 bytes,    3553504 total
[2020-09-30T09:17:47.625+0000][16584][gc,age       ] GC(249) - age   2:       2688 bytes,    3556192 total
[2020-09-30T09:17:47.625+0000][16584][gc,age       ] GC(249) - age   3:       5968 bytes,    3562160 total
[2020-09-30T09:17:47.625+0000][16584][gc,age       ] GC(249) - age   4:       2824 bytes,    3564984 total
[2020-09-30T09:17:47.625+0000][16584][gc,age       ] GC(249) - age   5:       2496 bytes,    3567480 total
[2020-09-30T09:17:47.625+0000][16584][gc,age       ] GC(249) - age   6:       2144 bytes,    3569624 total
[2020-09-30T09:17:47.625+0000][16584][gc,age       ] GC(249) - age   7:      13264 bytes,    3582888 total
[2020-09-30T09:17:47.625+0000][16584][gc,age       ] GC(249) - age   8:      54464 bytes,    3637352 total
[2020-09-30T09:17:47.625+0000][16584][gc,age       ] GC(249) - age   9:       1352 bytes,    3638704 total
[2020-09-30T09:17:47.625+0000][16584][gc,age       ] GC(249) - age  10:      63256 bytes,    3701960 total
[2020-09-30T09:17:47.625+0000][16584][gc,age       ] GC(249) - age  11:       1696 bytes,    3703656 total
[2020-09-30T09:17:47.625+0000][16584][gc,age       ] GC(249) - age  12:        568 bytes,    3704224 total
[2020-09-30T09:17:47.625+0000][16584][gc,age       ] GC(249) - age  13:        480 bytes,    3704704 total
[2020-09-30T09:17:47.625+0000][16584][gc,age       ] GC(249) - age  14:      60968 bytes,    3765672 total
[2020-09-30T09:17:47.625+0000][16584][gc,age       ] GC(249) - age  15:       1256 bytes,    3766928 total
[2020-09-30T09:17:47.625+0000][16584][gc,phases    ] GC(249)   Pre Evacuate Collection Set: 0.4ms
[2020-09-30T09:17:47.625+0000][16584][gc,phases    ] GC(249)   Merge Heap Roots: 0.1ms
[2020-09-30T09:17:47.625+0000][16584][gc,phases    ] GC(249)   Evacuate Collection Set: 2.6ms
[2020-09-30T09:17:47.625+0000][16584][gc,phases    ] GC(249)   Post Evacuate Collection Set: 1.0ms
[2020-09-30T09:17:47.625+0000][16584][gc,phases    ] GC(249)   Other: 0.9ms
[2020-09-30T09:17:47.625+0000][16584][gc,heap      ] GC(249) Eden regions: 117->0(499)
[2020-09-30T09:17:47.625+0000][16584][gc,heap      ] GC(249) Survivor regions: 5->4(63)
[2020-09-30T09:17:47.625+0000][16584][gc,heap      ] GC(249) Old regions: 78->78
[2020-09-30T09:17:47.625+0000][16584][gc,heap      ] GC(249) Archive regions: 0->0
[2020-09-30T09:17:47.625+0000][16584][gc,heap      ] GC(249) Humongous regions: 478->174
[2020-09-30T09:17:47.625+0000][16584][gc,metaspace ] GC(249) Metaspace: 87682K(93696K)->87682K(93696K) NonClass: 76533K(80128K)->76533K(80128K) Class: 11149K(13568K)->11149K(13568K)
[2020-09-30T09:17:47.625+0000][16584][gc           ] GC(249) Pause Young (Concurrent Start) (G1 Humongous Allocation) 675M->255M(1024M) 5.174ms
[2020-09-30T09:17:47.625+0000][16584][gc,cpu       ] GC(249) User=0.00s Sys=0.02s Real=0.01s
[2020-09-30T09:17:47.625+0000][16584][gc           ] GC(250) Concurrent Cycle
[2020-09-30T09:17:47.626+0000][16584][safepoint    ] Safepoint "G1TryInitiateConcMark", Time since last: 29308100 ns, Reaching safepoint: 204300 ns, At safepoint: 5397200 ns, Total: 5601500 ns
[2020-09-30T09:17:47.626+0000][16584][gc,marking   ] GC(250) Concurrent Clear Claimed Marks
[2020-09-30T09:17:47.626+0000][16584][gc,marking   ] GC(250) Concurrent Clear Claimed Marks 0.725ms
[2020-09-30T09:17:47.626+0000][16584][gc,marking   ] GC(250) Concurrent Scan Root Regions
[2020-09-30T09:17:47.629+0000][16584][gc,marking   ] GC(250) Concurrent Scan Root Regions 2.737ms
[2020-09-30T09:17:47.629+0000][16584][gc,marking   ] GC(250) Concurrent Mark (161.486s)
[2020-09-30T09:17:47.629+0000][16584][gc,marking   ] GC(250) Concurrent Mark From Roots
[2020-09-30T09:17:47.629+0000][16584][gc,task      ] GC(250) Using 2 workers of 2 for marking
[2020-09-30T09:17:47.809+0000][16584][gc,marking   ] GC(250) Concurrent Mark From Roots 179.590ms
[2020-09-30T09:17:47.809+0000][16584][gc,marking   ] GC(250) Concurrent Preclean
[2020-09-30T09:17:47.810+0000][16584][gc,marking   ] GC(250) Concurrent Preclean 0.856ms
[2020-09-30T09:17:47.810+0000][16584][gc,marking   ] GC(250) Concurrent Mark (161.486s, 161.667s) 180.730ms
[2020-09-30T09:17:47.811+0000][16584][gc,start     ] GC(250) Pause Remark
[2020-09-30T09:17:47.817+0000][16584][gc           ] GC(250) Pause Remark 467M->467M(1024M) 6.559ms
[2020-09-30T09:17:47.817+0000][16584][gc,cpu       ] GC(250) User=0.00s Sys=0.00s Real=0.01s
[2020-09-30T09:17:47.818+0000][16584][safepoint    ] Safepoint "G1Concurrent", Time since last: 184606800 ns, Reaching safepoint: 394000 ns, At safepoint: 7802600 ns, Total: 8196600 ns
[2020-09-30T09:17:47.818+0000][16584][gc,marking   ] GC(250) Concurrent Rebuild Remembered Sets
[2020-09-30T09:17:47.921+0000][16584][gc,marking   ] GC(250) Concurrent Rebuild Remembered Sets 103.320ms
[2020-09-30T09:17:47.922+0000][16584][gc,start     ] GC(250) Pause Cleanup
[2020-09-30T09:17:47.923+0000][16584][gc           ] GC(250) Pause Cleanup 630M->630M(1024M) 0.448ms
[2020-09-30T09:17:47.923+0000][16584][gc,cpu       ] GC(250) User=0.00s Sys=0.00s Real=0.00s
[2020-09-30T09:17:47.923+0000][16584][safepoint    ] Safepoint "G1Concurrent", Time since last: 103835300 ns, Reaching safepoint: 492500 ns, At safepoint: 701800 ns, Total: 1194300 ns
[2020-09-30T09:17:47.923+0000][16584][gc,marking   ] GC(250) Concurrent Cleanup for Next Mark
[2020-09-30T09:17:47.925+0000][16584][gc,marking   ] GC(250) Concurrent Cleanup for Next Mark 2.263ms
[2020-09-30T09:17:47.925+0000][16584][gc           ] GC(250) Concurrent Cycle 300.440ms
[2020-09-30T09:17:47.926+0000][16584][gc,start     ] GC(251) Pause Young (Concurrent Start) (G1 Humongous Allocation)
[2020-09-30T09:17:47.926+0000][16584][gc,task      ] GC(251) Using 8 workers of 8 for evacuation
[2020-09-30T09:17:47.926+0000][16584][gc,age       ] GC(251) Desired survivor size 33030144 bytes, new threshold 15 (max threshold 15)
[2020-09-30T09:17:47.930+0000][16584][gc,age       ] GC(251) Age table with threshold 15 (max threshold 15)
[2020-09-30T09:17:47.930+0000][16584][gc,age       ] GC(251) - age   1:    2251976 bytes,    2251976 total
[2020-09-30T09:17:47.930+0000][16584][gc,age       ] GC(251) - age   2:      13704 bytes,    2265680 total
[2020-09-30T09:17:47.930+0000][16584][gc,age       ] GC(251) - age   3:       2224 bytes,    2267904 total
[2020-09-30T09:17:47.930+0000][16584][gc,age       ] GC(251) - age   4:       4992 bytes,    2272896 total
[2020-09-30T09:17:47.930+0000][16584][gc,age       ] GC(251) - age   5:       2664 bytes,    2275560 total
[2020-09-30T09:17:47.930+0000][16584][gc,age       ] GC(251) - age   6:       2496 bytes,    2278056 total
[2020-09-30T09:17:47.930+0000][16584][gc,age       ] GC(251) - age   7:       2144 bytes,    2280200 total
[2020-09-30T09:17:47.930+0000][16584][gc,age       ] GC(251) - age   8:      13264 bytes,    2293464 total
[2020-09-30T09:17:47.930+0000][16584][gc,age       ] GC(251) - age   9:      54464 bytes,    2347928 total
[2020-09-30T09:17:47.930+0000][16584][gc,age       ] GC(251) - age  10:       1352 bytes,    2349280 total
[2020-09-30T09:17:47.930+0000][16584][gc,age       ] GC(251) - age  11:      63256 bytes,    2412536 total
[2020-09-30T09:17:47.930+0000][16584][gc,age       ] GC(251) - age  12:       1696 bytes,    2414232 total
[2020-09-30T09:17:47.930+0000][16584][gc,age       ] GC(251) - age  13:        568 bytes,    2414800 total
[2020-09-30T09:17:47.930+0000][16584][gc,age       ] GC(251) - age  14:        448 bytes,    2415248 total
[2020-09-30T09:17:47.930+0000][16584][gc,age       ] GC(251) - age  15:      60968 bytes,    2476216 total
[2020-09-30T09:17:47.930+0000][16584][gc,phases    ] GC(251)   Pre Evacuate Collection Set: 0.5ms
[2020-09-30T09:17:47.930+0000][16584][gc,phases    ] GC(251)   Merge Heap Roots: 0.1ms
[2020-09-30T09:17:47.931+0000][16584][gc,phases    ] GC(251)   Evacuate Collection Set: 1.9ms
[2020-09-30T09:17:47.931+0000][16584][gc,phases    ] GC(251)   Post Evacuate Collection Set: 1.0ms
[2020-09-30T09:17:47.931+0000][16584][gc,phases    ] GC(251)   Other: 1.1ms
[2020-09-30T09:17:47.931+0000][16584][gc,heap      ] GC(251) Eden regions: 98->0(500)
[2020-09-30T09:17:47.931+0000][16584][gc,heap      ] GC(251) Survivor regions: 4->3(63)
[2020-09-30T09:17:47.931+0000][16584][gc,heap      ] GC(251) Old regions: 78->78
[2020-09-30T09:17:47.931+0000][16584][gc,heap      ] GC(251) Archive regions: 0->0
[2020-09-30T09:17:47.931+0000][16584][gc,heap      ] GC(251) Humongous regions: 465->174
[2020-09-30T09:17:47.931+0000][16584][gc,metaspace ] GC(251) Metaspace: 87691K(93696K)->87691K(93696K) NonClass: 76541K(80128K)->76541K(80128K) Class: 11149K(13568K)->11149K(13568K)
[2020-09-30T09:17:47.931+0000][16584][gc           ] GC(251) Pause Young (Concurrent Start) (G1 Humongous Allocation) 643M->253M(1024M) 5.113ms
[2020-09-30T09:17:47.931+0000][16584][gc,cpu       ] GC(251) User=0.00s Sys=0.00s Real=0.00s
[2020-09-30T09:17:47.931+0000][16584][gc           ] GC(252) Concurrent Cycle
[2020-09-30T09:17:47.931+0000][16584][safepoint    ] Safepoint "G1TryInitiateConcMark", Time since last: 2640900 ns, Reaching safepoint: 354600 ns, At safepoint: 5384000 ns, Total: 5738600 ns
[2020-09-30T09:17:47.931+0000][16584][gc,marking   ] GC(252) Concurrent Clear Claimed Marks
[2020-09-30T09:17:47.932+0000][16584][gc,marking   ] GC(252) Concurrent Clear Claimed Marks 0.593ms
[2020-09-30T09:17:47.932+0000][16584][gc,marking   ] GC(252) Concurrent Scan Root Regions
[2020-09-30T09:17:47.934+0000][16584][gc,marking   ] GC(252) Concurrent Scan Root Regions 2.327ms
[2020-09-30T09:17:47.934+0000][16584][gc,marking   ] GC(252) Concurrent Mark (161.792s)
[2020-09-30T09:17:47.934+0000][16584][gc,marking   ] GC(252) Concurrent Mark From Roots
[2020-09-30T09:17:47.934+0000][16584][gc,task      ] GC(252) Using 2 workers of 2 for marking
[2020-09-30T09:17:48.093+0000][16584][gc,marking   ] GC(252) Concurrent Mark From Roots 158.593ms
[2020-09-30T09:17:48.093+0000][16584][gc,marking   ] GC(252) Concurrent Preclean
[2020-09-30T09:17:48.094+0000][16584][gc,marking   ] GC(252) Concurrent Preclean 0.752ms
[2020-09-30T09:17:48.094+0000][16584][gc,marking   ] GC(252) Concurrent Mark (161.792s, 161.951s) 159.578ms
[2020-09-30T09:17:48.094+0000][16584][gc,start     ] GC(252) Pause Remark
[2020-09-30T09:17:48.101+0000][16584][gc           ] GC(252) Pause Remark 426M->426M(1024M) 6.349ms
[2020-09-30T09:17:48.101+0000][16584][gc,cpu       ] GC(252) User=0.00s Sys=0.00s Real=0.01s
[2020-09-30T09:17:48.101+0000][16584][safepoint    ] Safepoint "G1Concurrent", Time since last: 162820600 ns, Reaching safepoint: 162900 ns, At safepoint: 6593300 ns, Total: 6756200 ns
[2020-09-30T09:17:48.101+0000][16584][gc,marking   ] GC(252) Concurrent Rebuild Remembered Sets
[2020-09-30T09:17:48.191+0000][16584][gc,marking   ] GC(252) Concurrent Rebuild Remembered Sets 89.930ms
[2020-09-30T09:17:48.192+0000][16584][gc,start     ] GC(252) Pause Cleanup
[2020-09-30T09:17:48.192+0000][16584][gc           ] GC(252) Pause Cleanup 500M->500M(1024M) 0.390ms
[2020-09-30T09:17:48.192+0000][16584][gc,cpu       ] GC(252) User=0.00s Sys=0.00s Real=0.00s
[2020-09-30T09:17:48.192+0000][16584][safepoint    ] Safepoint "G1Concurrent", Time since last: 90114100 ns, Reaching safepoint: 224600 ns, At safepoint: 593500 ns, Total: 818100 ns
[2020-09-30T09:17:48.192+0000][16584][gc,marking   ] GC(252) Concurrent Cleanup for Next Mark
[2020-09-30T09:17:48.194+0000][16584][gc,marking   ] GC(252) Concurrent Cleanup for Next Mark 1.946ms
[2020-09-30T09:17:48.194+0000][16584][gc           ] GC(252) Concurrent Cycle 262.688ms
[2020-09-30T09:17:48.201+0000][16584][gc,start     ] GC(253) Pause Young (Concurrent Start) (G1 Humongous Allocation)
[2020-09-30T09:17:48.201+0000][16584][gc,task      ] GC(253) Using 8 workers of 8 for evacuation
[2020-09-30T09:17:48.201+0000][16584][gc,age       ] GC(253) Desired survivor size 33030144 bytes, new threshold 15 (max threshold 15)
[2020-09-30T09:17:48.205+0000][16584][gc,age       ] GC(253) Age table with threshold 15 (max threshold 15)
[2020-09-30T09:17:48.206+0000][16584][gc,age       ] GC(253) - age   1:    3955224 bytes,    3955224 total
[2020-09-30T09:17:48.206+0000][16584][gc,age       ] GC(253) - age   2:       7144 bytes,    3962368 total
[2020-09-30T09:17:48.206+0000][16584][gc,age       ] GC(253) - age   3:      13240 bytes,    3975608 total
[2020-09-30T09:17:48.206+0000][16584][gc,age       ] GC(253) - age   4:       1240 bytes,    3976848 total
[2020-09-30T09:17:48.206+0000][16584][gc,age       ] GC(253) - age   5:       4552 bytes,    3981400 total
[2020-09-30T09:17:48.206+0000][16584][gc,age       ] GC(253) - age   6:       2280 bytes,    3983680 total
[2020-09-30T09:17:48.206+0000][16584][gc,age       ] GC(253) - age   7:       2336 bytes,    3986016 total
[2020-09-30T09:17:48.206+0000][16584][gc,age       ] GC(253) - age   8:       2144 bytes,    3988160 total
[2020-09-30T09:17:48.206+0000][16584][gc,age       ] GC(253) - age   9:      13264 bytes,    4001424 total
[2020-09-30T09:17:48.206+0000][16584][gc,age       ] GC(253) - age  10:      54240 bytes,    4055664 total
[2020-09-30T09:17:48.206+0000][16584][gc,age       ] GC(253) - age  11:       1352 bytes,    4057016 total
[2020-09-30T09:17:48.206+0000][16584][gc,age       ] GC(253) - age  12:      63192 bytes,    4120208 total
[2020-09-30T09:17:48.206+0000][16584][gc,age       ] GC(253) - age  13:       1632 bytes,    4121840 total
[2020-09-30T09:17:48.206+0000][16584][gc,age       ] GC(253) - age  14:        536 bytes,    4122376 total
[2020-09-30T09:17:48.206+0000][16584][gc,age       ] GC(253) - age  15:        448 bytes,    4122824 total
[2020-09-30T09:17:48.206+0000][16584][gc,phases    ] GC(253)   Pre Evacuate Collection Set: 0.4ms
[2020-09-30T09:17:48.206+0000][16584][gc,phases    ] GC(253)   Merge Heap Roots: 0.1ms
[2020-09-30T09:17:48.206+0000][16584][gc,phases    ] GC(253)   Evacuate Collection Set: 2.5ms
[2020-09-30T09:17:48.206+0000][16584][gc,phases    ] GC(253)   Post Evacuate Collection Set: 1.1ms
[2020-09-30T09:17:48.206+0000][16584][gc,phases    ] GC(253)   Other: 1.2ms
[2020-09-30T09:17:48.206+0000][16584][gc,heap      ] GC(253) Eden regions: 79->0(480)
[2020-09-30T09:17:48.207+0000][16584][gc,heap      ] GC(253) Survivor regions: 3->4(63)
[2020-09-30T09:17:48.207+0000][16584][gc,heap      ] GC(253) Old regions: 78->78
[2020-09-30T09:17:48.207+0000][16584][gc,heap      ] GC(253) Archive regions: 0->0
[2020-09-30T09:17:48.207+0000][16584][gc,heap      ] GC(253) Humongous regions: 347->174
[2020-09-30T09:17:48.207+0000][16584][gc,metaspace ] GC(253) Metaspace: 87691K(93696K)->87691K(93696K) NonClass: 76542K(80128K)->76542K(80128K) Class: 11149K(13568K)->11149K(13568K)
[2020-09-30T09:17:48.207+0000][16584][gc           ] GC(253) Pause Young (Concurrent Start) (G1 Humongous Allocation) 505M->255M(1024M) 5.741ms
[2020-09-30T09:17:48.207+0000][16584][gc,cpu       ] GC(253) User=0.00s Sys=0.00s Real=0.01s
[2020-09-30T09:17:48.207+0000][16584][gc           ] GC(254) Concurrent Cycle
[2020-09-30T09:17:48.207+0000][16584][safepoint    ] Safepoint "G1TryInitiateConcMark", Time since last: 8707700 ns, Reaching safepoint: 177100 ns, At safepoint: 5990400 ns, Total: 6167500 ns
[2020-09-30T09:17:48.207+0000][16584][gc,marking   ] GC(254) Concurrent Clear Claimed Marks
[2020-09-30T09:17:48.208+0000][16584][gc,marking   ] GC(254) Concurrent Clear Claimed Marks 0.566ms
[2020-09-30T09:17:48.208+0000][16584][gc,marking   ] GC(254) Concurrent Scan Root Regions
[2020-09-30T09:17:48.211+0000][16584][gc,marking   ] GC(254) Concurrent Scan Root Regions 3.406ms
[2020-09-30T09:17:48.211+0000][16584][gc,marking   ] GC(254) Concurrent Mark (162.068s)
[2020-09-30T09:17:48.211+0000][16584][gc,marking   ] GC(254) Concurrent Mark From Roots
[2020-09-30T09:17:48.211+0000][16584][gc,task      ] GC(254) Using 2 workers of 2 for marking
[2020-09-30T09:17:48.396+0000][16584][gc,marking   ] GC(254) Concurrent Mark From Roots 184.978ms
[2020-09-30T09:17:48.396+0000][16584][gc,marking   ] GC(254) Concurrent Preclean
[2020-09-30T09:17:48.397+0000][16584][gc,marking   ] GC(254) Concurrent Preclean 0.633ms
[2020-09-30T09:17:48.397+0000][16584][gc,marking   ] GC(254) Concurrent Mark (162.068s, 162.254s) 185.905ms
[2020-09-30T09:17:48.400+0000][16584][gc,start     ] GC(254) Pause Remark
[2020-09-30T09:17:48.407+0000][16584][gc           ] GC(254) Pause Remark 395M->395M(1024M) 7.777ms
[2020-09-30T09:17:48.408+0000][16584][gc,cpu       ] GC(254) User=0.11s Sys=0.00s Real=0.01s
[2020-09-30T09:17:48.409+0000][16584][safepoint    ] Safepoint "G1Concurrent", Time since last: 190282000 ns, Reaching safepoint: 2533500 ns, At safepoint: 9375100 ns, Total: 11908600 ns
[2020-09-30T09:17:48.409+0000][16584][gc,marking   ] GC(254) Concurrent Rebuild Remembered Sets
[2020-09-30T09:17:48.508+0000][16584][gc,marking   ] GC(254) Concurrent Rebuild Remembered Sets 99.511ms
[2020-09-30T09:17:48.508+0000][16584][gc,start     ] GC(254) Pause Cleanup
[2020-09-30T09:17:48.509+0000][16584][gc           ] GC(254) Pause Cleanup 461M->461M(1024M) 0.318ms
[2020-09-30T09:17:48.509+0000][16584][gc,cpu       ] GC(254) User=0.00s Sys=0.00s Real=0.00s
[2020-09-30T09:17:48.509+0000][16584][safepoint    ] Safepoint "G1Concurrent", Time since last: 99766500 ns, Reaching safepoint: 150400 ns, At safepoint: 495000 ns, Total: 645400 ns
[2020-09-30T09:17:48.509+0000][16584][gc,marking   ] GC(254) Concurrent Cleanup for Next Mark
[2020-09-30T09:17:48.511+0000][16584][gc,marking   ] GC(254) Concurrent Cleanup for Next Mark 1.965ms
[2020-09-30T09:17:48.511+0000][16584][gc           ] GC(254) Concurrent Cycle 304.789ms
[2020-09-30T09:17:48.534+0000][16584][gc,start     ] GC(255) Pause Young (Concurrent Start) (G1 Humongous Allocation)
[2020-09-30T09:17:48.534+0000][16584][gc,task      ] GC(255) Using 8 workers of 8 for evacuation
[2020-09-30T09:17:48.534+0000][16584][gc,age       ] GC(255) Desired survivor size 31981568 bytes, new threshold 15 (max threshold 15)
[2020-09-30T09:17:48.538+0000][16584][gc,age       ] GC(255) Age table with threshold 15 (max threshold 15)
[2020-09-30T09:17:48.538+0000][16584][gc,age       ] GC(255) - age   1:    3047208 bytes,    3047208 total
[2020-09-30T09:17:48.538+0000][16584][gc,age       ] GC(255) - age   2:       3872 bytes,    3051080 total
[2020-09-30T09:17:48.538+0000][16584][gc,age       ] GC(255) - age   3:       2400 bytes,    3053480 total
[2020-09-30T09:17:48.538+0000][16584][gc,age       ] GC(255) - age   4:      11968 bytes,    3065448 total
[2020-09-30T09:17:48.538+0000][16584][gc,age       ] GC(255) - age   5:        920 bytes,    3066368 total
[2020-09-30T09:17:48.538+0000][16584][gc,age       ] GC(255) - age   6:       4520 bytes,    3070888 total
[2020-09-30T09:17:48.538+0000][16584][gc,age       ] GC(255) - age   7:       2280 bytes,    3073168 total
[2020-09-30T09:17:48.538+0000][16584][gc,age       ] GC(255) - age   8:       2304 bytes,    3075472 total
[2020-09-30T09:17:48.538+0000][16584][gc,age       ] GC(255) - age   9:       2080 bytes,    3077552 total
[2020-09-30T09:17:48.538+0000][16584][gc,age       ] GC(255) - age  10:      13200 bytes,    3090752 total
[2020-09-30T09:17:48.538+0000][16584][gc,age       ] GC(255) - age  11:      54176 bytes,    3144928 total
[2020-09-30T09:17:48.538+0000][16584][gc,age       ] GC(255) - age  12:       1352 bytes,    3146280 total
[2020-09-30T09:17:48.538+0000][16584][gc,age       ] GC(255) - age  13:      63128 bytes,    3209408 total
[2020-09-30T09:17:48.538+0000][16584][gc,age       ] GC(255) - age  14:       1632 bytes,    3211040 total
[2020-09-30T09:17:48.539+0000][16584][gc,age       ] GC(255) - age  15:        536 bytes,    3211576 total
[2020-09-30T09:17:48.539+0000][16584][gc,phases    ] GC(255)   Pre Evacuate Collection Set: 0.5ms
[2020-09-30T09:17:48.539+0000][16584][gc,phases    ] GC(255)   Merge Heap Roots: 0.1ms
[2020-09-30T09:17:48.539+0000][16584][gc,phases    ] GC(255)   Evacuate Collection Set: 2.4ms
[2020-09-30T09:17:48.539+0000][16584][gc,phases    ] GC(255)   Post Evacuate Collection Set: 0.9ms
[2020-09-30T09:17:48.539+0000][16584][gc,phases    ] GC(255)   Other: 1.0ms
[2020-09-30T09:17:48.539+0000][16584][gc,heap      ] GC(255) Eden regions: 66->0(485)
[2020-09-30T09:17:48.539+0000][16584][gc,heap      ] GC(255) Survivor regions: 4->4(61)
[2020-09-30T09:17:48.539+0000][16584][gc,heap      ] GC(255) Old regions: 78->78
[2020-09-30T09:17:48.539+0000][16584][gc,heap      ] GC(255) Archive regions: 0->0
[2020-09-30T09:17:48.539+0000][16584][gc,heap      ] GC(255) Humongous regions: 322->174
[2020-09-30T09:17:48.539+0000][16584][gc,metaspace ] GC(255) Metaspace: 87708K(93696K)->87708K(93696K) NonClass: 76558K(80128K)->76558K(80128K) Class: 11149K(13568K)->11149K(13568K)
[2020-09-30T09:17:48.539+0000][16584][gc           ] GC(255) Pause Young (Concurrent Start) (G1 Humongous Allocation) 468M->254M(1024M) 5.126ms
[2020-09-30T09:17:48.539+0000][16584][gc,cpu       ] GC(255) User=0.00s Sys=0.00s Real=0.01s
[2020-09-30T09:17:48.539+0000][16584][safepoint    ] Safepoint "G1TryInitiateConcMark", Time since last: 24754700 ns, Reaching safepoint: 152000 ns, At safepoint: 5303800 ns, Total: 5455800 ns
[2020-09-30T09:17:48.539+0000][16584][gc           ] GC(256) Concurrent Cycle
[2020-09-30T09:17:48.539+0000][16584][gc,marking   ] GC(256) Concurrent Clear Claimed Marks
[2020-09-30T09:17:48.540+0000][16584][gc,marking   ] GC(256) Concurrent Clear Claimed Marks 0.419ms
[2020-09-30T09:17:48.540+0000][16584][gc,marking   ] GC(256) Concurrent Scan Root Regions
[2020-09-30T09:17:48.543+0000][16584][gc,marking   ] GC(256) Concurrent Scan Root Regions 2.535ms
[2020-09-30T09:17:48.543+0000][16584][gc,marking   ] GC(256) Concurrent Mark (162.400s)
[2020-09-30T09:17:48.543+0000][16584][gc,marking   ] GC(256) Concurrent Mark From Roots
[2020-09-30T09:17:48.543+0000][16584][gc,task      ] GC(256) Using 2 workers of 2 for marking
[2020-09-30T09:17:48.707+0000][16584][gc,marking   ] GC(256) Concurrent Mark From Roots 163.839ms
[2020-09-30T09:17:48.707+0000][16584][gc,marking   ] GC(256) Concurrent Preclean
[2020-09-30T09:17:48.707+0000][16584][gc,marking   ] GC(256) Concurrent Preclean 0.722ms
[2020-09-30T09:17:48.708+0000][16584][gc,marking   ] GC(256) Concurrent Mark (162.400s, 162.565s) 164.802ms
[2020-09-30T09:17:48.708+0000][16584][gc,start     ] GC(256) Pause Remark
[2020-09-30T09:17:48.714+0000][16584][gc           ] GC(256) Pause Remark 582M->582M(1024M) 6.473ms
[2020-09-30T09:17:48.714+0000][16584][gc,cpu       ] GC(256) User=0.00s Sys=0.00s Real=0.01s
[2020-09-30T09:17:48.715+0000][16584][safepoint    ] Safepoint "G1Concurrent", Time since last: 168180200 ns, Reaching safepoint: 181300 ns, At safepoint: 6791000 ns, Total: 6972300 ns
[2020-09-30T09:17:48.715+0000][16584][gc,marking   ] GC(256) Concurrent Rebuild Remembered Sets
[2020-09-30T09:17:48.823+0000][16584][gc,marking   ] GC(256) Concurrent Rebuild Remembered Sets 108.376ms
[2020-09-30T09:17:48.823+0000][16584][gc,start     ] GC(256) Pause Cleanup
[2020-09-30T09:17:48.824+0000][16584][gc           ] GC(256) Pause Cleanup 655M->655M(1024M) 0.383ms
[2020-09-30T09:17:48.824+0000][16584][gc,cpu       ] GC(256) User=0.00s Sys=0.00s Real=0.00s
[2020-09-30T09:17:48.824+0000][16584][safepoint    ] Safepoint "G1Concurrent", Time since last: 108561800 ns, Reaching safepoint: 137200 ns, At safepoint: 613000 ns, Total: 750200 ns
[2020-09-30T09:17:48.824+0000][16584][gc,marking   ] GC(256) Concurrent Cleanup for Next Mark
[2020-09-30T09:17:48.826+0000][16584][gc,marking   ] GC(256) Concurrent Cleanup for Next Mark 1.704ms
[2020-09-30T09:17:48.826+0000][16584][gc           ] GC(256) Concurrent Cycle 286.432ms
[2020-09-30T09:17:48.875+0000][16584][gc,start     ] GC(257) Pause Young (Concurrent Start) (G1 Humongous Allocation)
[2020-09-30T09:17:48.875+0000][16584][gc,task      ] GC(257) Using 8 workers of 8 for evacuation
[2020-09-30T09:17:48.875+0000][16584][gc,age       ] GC(257) Desired survivor size 32505856 bytes, new threshold 15 (max threshold 15)
[2020-09-30T09:17:48.879+0000][16584][gc,age       ] GC(257) Age table with threshold 15 (max threshold 15)
[2020-09-30T09:17:48.879+0000][16584][gc,age       ] GC(257) - age   1:    3916896 bytes,    3916896 total
[2020-09-30T09:17:48.879+0000][16584][gc,age       ] GC(257) - age   2:      12992 bytes,    3929888 total
[2020-09-30T09:17:48.879+0000][16584][gc,age       ] GC(257) - age   3:       2160 bytes,    3932048 total
[2020-09-30T09:17:48.879+0000][16584][gc,age       ] GC(257) - age   4:       1424 bytes,    3933472 total
[2020-09-30T09:17:48.879+0000][16584][gc,age       ] GC(257) - age   5:      10816 bytes,    3944288 total
[2020-09-30T09:17:48.879+0000][16584][gc,age       ] GC(257) - age   6:        856 bytes,    3945144 total
[2020-09-30T09:17:48.879+0000][16584][gc,age       ] GC(257) - age   7:       4456 bytes,    3949600 total
[2020-09-30T09:17:48.879+0000][16584][gc,age       ] GC(257) - age   8:       2280 bytes,    3951880 total
[2020-09-30T09:17:48.879+0000][16584][gc,age       ] GC(257) - age   9:       2264 bytes,    3954144 total
[2020-09-30T09:17:48.879+0000][16584][gc,age       ] GC(257) - age  10:       1984 bytes,    3956128 total
[2020-09-30T09:17:48.879+0000][16584][gc,age       ] GC(257) - age  11:      13200 bytes,    3969328 total
[2020-09-30T09:17:48.879+0000][16584][gc,age       ] GC(257) - age  12:      54176 bytes,    4023504 total
[2020-09-30T09:17:48.879+0000][16584][gc,age       ] GC(257) - age  13:       1352 bytes,    4024856 total
[2020-09-30T09:17:48.880+0000][16584][gc,age       ] GC(257) - age  14:      63128 bytes,    4087984 total
[2020-09-30T09:17:48.880+0000][16584][gc,age       ] GC(257) - age  15:       1632 bytes,    4089616 total
[2020-09-30T09:17:48.880+0000][16584][gc,phases    ] GC(257)   Pre Evacuate Collection Set: 0.5ms
[2020-09-30T09:17:48.880+0000][16584][gc,phases    ] GC(257)   Merge Heap Roots: 0.1ms
[2020-09-30T09:17:48.880+0000][16584][gc,phases    ] GC(257)   Evacuate Collection Set: 2.2ms
[2020-09-30T09:17:48.880+0000][16584][gc,phases    ] GC(257)   Post Evacuate Collection Set: 1.0ms
[2020-09-30T09:17:48.880+0000][16584][gc,phases    ] GC(257)   Other: 1.1ms
[2020-09-30T09:17:48.880+0000][16584][gc,heap      ] GC(257) Eden regions: 120->0(488)
[2020-09-30T09:17:48.880+0000][16584][gc,heap      ] GC(257) Survivor regions: 4->4(62)
[2020-09-30T09:17:48.880+0000][16584][gc,heap      ] GC(257) Old regions: 78->78
[2020-09-30T09:17:48.880+0000][16584][gc,heap      ] GC(257) Archive regions: 0->0
[2020-09-30T09:17:48.880+0000][16584][gc,heap      ] GC(257) Humongous regions: 472->174
[2020-09-30T09:17:48.880+0000][16584][gc,metaspace ] GC(257) Metaspace: 87719K(93696K)->87719K(93696K) NonClass: 76569K(80128K)->76569K(80128K) Class: 11149K(13568K)->11149K(13568K)
[2020-09-30T09:17:48.880+0000][16584][gc           ] GC(257) Pause Young (Concurrent Start) (G1 Humongous Allocation) 671M->255M(1024M) 5.305ms
[2020-09-30T09:17:48.880+0000][16584][gc,cpu       ] GC(257) User=0.00s Sys=0.00s Real=0.01s
[2020-09-30T09:17:48.880+0000][16584][safepoint    ] Safepoint "G1TryInitiateConcMark", Time since last: 50728200 ns, Reaching safepoint: 159600 ns, At safepoint: 5494000 ns, Total: 5653600 ns
[2020-09-30T09:17:48.880+0000][16584][gc           ] GC(258) Concurrent Cycle
[2020-09-30T09:17:48.880+0000][16584][gc,marking   ] GC(258) Concurrent Clear Claimed Marks
[2020-09-30T09:17:48.881+0000][16584][gc,marking   ] GC(258) Concurrent Clear Claimed Marks 0.621ms
[2020-09-30T09:17:48.881+0000][16584][gc,marking   ] GC(258) Concurrent Scan Root Regions
[2020-09-30T09:17:48.885+0000][16584][gc,marking   ] GC(258) Concurrent Scan Root Regions 3.886ms
[2020-09-30T09:17:48.885+0000][16584][gc,marking   ] GC(258) Concurrent Mark (162.742s)
[2020-09-30T09:17:48.885+0000][16584][gc,marking   ] GC(258) Concurrent Mark From Roots
[2020-09-30T09:17:48.885+0000][16584][gc,task      ] GC(258) Using 2 workers of 2 for marking
[2020-09-30T09:17:49.063+0000][16584][gc,marking   ] GC(258) Concurrent Mark From Roots 178.071ms
[2020-09-30T09:17:49.063+0000][16584][gc,marking   ] GC(258) Concurrent Preclean
[2020-09-30T09:17:49.064+0000][16584][gc,marking   ] GC(258) Concurrent Preclean 0.634ms
[2020-09-30T09:17:49.064+0000][16584][gc,marking   ] GC(258) Concurrent Mark (162.742s, 162.921s) 178.986ms
[2020-09-30T09:17:49.064+0000][16584][gc,start     ] GC(258) Pause Remark
[2020-09-30T09:17:49.072+0000][16584][gc           ] GC(258) Pause Remark 391M->391M(1024M) 7.108ms
[2020-09-30T09:17:49.072+0000][16584][gc,cpu       ] GC(258) User=0.00s Sys=0.00s Real=0.01s
[2020-09-30T09:17:49.072+0000][16584][safepoint    ] Safepoint "G1Concurrent", Time since last: 183964200 ns, Reaching safepoint: 215300 ns, At safepoint: 7383900 ns, Total: 7599200 ns
[2020-09-30T09:17:49.072+0000][16584][gc,marking   ] GC(258) Concurrent Rebuild Remembered Sets
[2020-09-30T09:17:49.170+0000][16584][gc,marking   ] GC(258) Concurrent Rebuild Remembered Sets 98.517ms
[2020-09-30T09:17:49.171+0000][16584][gc,start     ] GC(258) Pause Cleanup
[2020-09-30T09:17:49.171+0000][16584][gc           ] GC(258) Pause Cleanup 462M->462M(1024M) 0.424ms
[2020-09-30T09:17:49.171+0000][16584][gc,cpu       ] GC(258) User=0.00s Sys=0.00s Real=0.00s
[2020-09-30T09:17:49.172+0000][16584][safepoint    ] Safepoint "G1Concurrent", Time since last: 98787400 ns, Reaching safepoint: 282600 ns, At safepoint: 633700 ns, Total: 916300 ns
[2020-09-30T09:17:49.172+0000][16584][gc,marking   ] GC(258) Concurrent Cleanup for Next Mark
[2020-09-30T09:17:49.174+0000][16584][gc,marking   ] GC(258) Concurrent Cleanup for Next Mark 2.138ms
[2020-09-30T09:17:49.174+0000][16584][gc           ] GC(258) Concurrent Cycle 293.621ms
[2020-09-30T09:17:49.184+0000][16584][gc,start     ] GC(259) Pause Young (Concurrent Start) (G1 Humongous Allocation)
[2020-09-30T09:17:49.184+0000][16584][gc,task      ] GC(259) Using 8 workers of 8 for evacuation
[2020-09-30T09:17:49.185+0000][16584][gc,age       ] GC(259) Desired survivor size 32505856 bytes, new threshold 15 (max threshold 15)
[2020-09-30T09:17:49.190+0000][16584][gc,age       ] GC(259) Age table with threshold 15 (max threshold 15)
[2020-09-30T09:17:49.190+0000][16584][gc,age       ] GC(259) - age   1:    3529496 bytes,    3529496 total
[2020-09-30T09:17:49.190+0000][16584][gc,age       ] GC(259) - age   2:     409872 bytes,    3939368 total
[2020-09-30T09:17:49.190+0000][16584][gc,age       ] GC(259) - age   3:      12400 bytes,    3951768 total
[2020-09-30T09:17:49.190+0000][16584][gc,age       ] GC(259) - age   4:       1560 bytes,    3953328 total
[2020-09-30T09:17:49.190+0000][16584][gc,age       ] GC(259) - age   5:       1424 bytes,    3954752 total
[2020-09-30T09:17:49.190+0000][16584][gc,age       ] GC(259) - age   6:      10816 bytes,    3965568 total
[2020-09-30T09:17:49.190+0000][16584][gc,age       ] GC(259) - age   7:        856 bytes,    3966424 total
[2020-09-30T09:17:49.190+0000][16584][gc,age       ] GC(259) - age   8:       4456 bytes,    3970880 total
[2020-09-30T09:17:49.190+0000][16584][gc,age       ] GC(259) - age   9:       2216 bytes,    3973096 total
[2020-09-30T09:17:49.190+0000][16584][gc,age       ] GC(259) - age  10:       2136 bytes,    3975232 total
[2020-09-30T09:17:49.190+0000][16584][gc,age       ] GC(259) - age  11:       1920 bytes,    3977152 total
[2020-09-30T09:17:49.190+0000][16584][gc,age       ] GC(259) - age  12:      13200 bytes,    3990352 total
[2020-09-30T09:17:49.190+0000][16584][gc,age       ] GC(259) - age  13:      54176 bytes,    4044528 total
[2020-09-30T09:17:49.190+0000][16584][gc,age       ] GC(259) - age  14:       1160 bytes,    4045688 total
[2020-09-30T09:17:49.190+0000][16584][gc,age       ] GC(259) - age  15:      63128 bytes,    4108816 total
[2020-09-30T09:17:49.190+0000][16584][gc,phases    ] GC(259)   Pre Evacuate Collection Set: 0.7ms
[2020-09-30T09:17:49.190+0000][16584][gc,phases    ] GC(259)   Merge Heap Roots: 0.1ms
[2020-09-30T09:17:49.190+0000][16584][gc,phases    ] GC(259)   Evacuate Collection Set: 2.9ms
[2020-09-30T09:17:49.190+0000][16584][gc,phases    ] GC(259)   Post Evacuate Collection Set: 1.2ms
[2020-09-30T09:17:49.191+0000][16584][gc,phases    ] GC(259)   Other: 1.0ms
[2020-09-30T09:17:49.191+0000][16584][gc,heap      ] GC(259) Eden regions: 62->0(490)
[2020-09-30T09:17:49.191+0000][16584][gc,heap      ] GC(259) Survivor regions: 4->5(62)
[2020-09-30T09:17:49.191+0000][16584][gc,heap      ] GC(259) Old regions: 78->78
[2020-09-30T09:17:49.191+0000][16584][gc,heap      ] GC(259) Archive regions: 0->0
[2020-09-30T09:17:49.191+0000][16584][gc,heap      ] GC(259) Humongous regions: 324->174
[2020-09-30T09:17:49.191+0000][16584][gc,metaspace ] GC(259) Metaspace: 87719K(93696K)->87719K(93696K) NonClass: 76569K(80128K)->76569K(80128K) Class: 11149K(13568K)->11149K(13568K)
[2020-09-30T09:17:49.191+0000][16584][gc           ] GC(259) Pause Young (Concurrent Start) (G1 Humongous Allocation) 467M->255M(1024M) 6.396ms
[2020-09-30T09:17:49.191+0000][16584][gc,cpu       ] GC(259) User=0.02s Sys=0.00s Real=0.01s
[2020-09-30T09:17:49.191+0000][16584][safepoint    ] Safepoint "G1TryInitiateConcMark", Time since last: 12626700 ns, Reaching safepoint: 204400 ns, At safepoint: 6595000 ns, Total: 6799400 ns
[2020-09-30T09:17:49.191+0000][16584][gc           ] GC(260) Concurrent Cycle
[2020-09-30T09:17:49.191+0000][16584][gc,marking   ] GC(260) Concurrent Clear Claimed Marks
[2020-09-30T09:17:49.191+0000][16584][gc,marking   ] GC(260) Concurrent Clear Claimed Marks 0.395ms
[2020-09-30T09:17:49.192+0000][16584][gc,marking   ] GC(260) Concurrent Scan Root Regions
[2020-09-30T09:17:49.194+0000][16584][gc,marking   ] GC(260) Concurrent Scan Root Regions 2.666ms
[2020-09-30T09:17:49.194+0000][16584][gc,marking   ] GC(260) Concurrent Mark (163.052s)
[2020-09-30T09:17:49.194+0000][16584][gc,marking   ] GC(260) Concurrent Mark From Roots
[2020-09-30T09:17:49.194+0000][16584][gc,task      ] GC(260) Using 2 workers of 2 for marking
[2020-09-30T09:17:49.342+0000][16584][gc,marking   ] GC(260) Concurrent Mark From Roots 148.022ms
[2020-09-30T09:17:49.342+0000][16584][gc,marking   ] GC(260) Concurrent Preclean
[2020-09-30T09:17:49.343+0000][16584][gc,marking   ] GC(260) Concurrent Preclean 0.587ms
[2020-09-30T09:17:49.343+0000][16584][gc,marking   ] GC(260) Concurrent Mark (163.052s, 163.200s) 148.854ms
[2020-09-30T09:17:49.343+0000][16584][gc,start     ] GC(260) Pause Remark
[2020-09-30T09:17:49.350+0000][16584][gc           ] GC(260) Pause Remark 394M->394M(1024M) 6.126ms
[2020-09-30T09:17:49.350+0000][16584][gc,cpu       ] GC(260) User=0.00s Sys=0.00s Real=0.01s
[2020-09-30T09:17:49.350+0000][16584][safepoint    ] Safepoint "G1Concurrent", Time since last: 152307300 ns, Reaching safepoint: 161400 ns, At safepoint: 6469600 ns, Total: 6631000 ns
[2020-09-30T09:17:49.350+0000][16584][gc,marking   ] GC(260) Concurrent Rebuild Remembered Sets
[2020-09-30T09:17:49.450+0000][16584][gc,marking   ] GC(260) Concurrent Rebuild Remembered Sets 99.982ms
[2020-09-30T09:17:49.450+0000][16584][gc,start     ] GC(260) Pause Cleanup
[2020-09-30T09:17:49.451+0000][16584][gc           ] GC(260) Pause Cleanup 466M->466M(1024M) 0.402ms
[2020-09-30T09:17:49.451+0000][16584][gc,cpu       ] GC(260) User=0.02s Sys=0.02s Real=0.00s
[2020-09-30T09:17:49.451+0000][16584][safepoint    ] Safepoint "G1Concurrent", Time since last: 100186600 ns, Reaching safepoint: 348200 ns, At safepoint: 622500 ns, Total: 970700 ns
[2020-09-30T09:17:49.451+0000][16584][gc,marking   ] GC(260) Concurrent Cleanup for Next Mark
[2020-09-30T09:17:49.453+0000][16584][gc,marking   ] GC(260) Concurrent Cleanup for Next Mark 2.135ms
[2020-09-30T09:17:49.453+0000][16584][gc           ] GC(260) Concurrent Cycle 262.496ms
[2020-09-30T09:17:49.545+0000][16584][gc,start     ] GC(261) Pause Young (Concurrent Start) (G1 Humongous Allocation)
[2020-09-30T09:17:49.545+0000][16584][gc,task      ] GC(261) Using 8 workers of 8 for evacuation
[2020-09-30T09:17:49.545+0000][16584][gc,age       ] GC(261) Desired survivor size 32505856 bytes, new threshold 15 (max threshold 15)
[2020-09-30T09:17:49.549+0000][16584][gc,age       ] GC(261) Age table with threshold 15 (max threshold 15)
[2020-09-30T09:17:49.549+0000][16584][gc,age       ] GC(261) - age   1:    2905496 bytes,    2905496 total
[2020-09-30T09:17:49.549+0000][16584][gc,age       ] GC(261) - age   2:       4744 bytes,    2910240 total
[2020-09-30T09:17:49.549+0000][16584][gc,age       ] GC(261) - age   3:       5104 bytes,    2915344 total
[2020-09-30T09:17:49.549+0000][16584][gc,age       ] GC(261) - age   4:      11104 bytes,    2926448 total
[2020-09-30T09:17:49.549+0000][16584][gc,age       ] GC(261) - age   5:       1336 bytes,    2927784 total
[2020-09-30T09:17:49.549+0000][16584][gc,age       ] GC(261) - age   6:       1296 bytes,    2929080 total
[2020-09-30T09:17:49.550+0000][16584][gc,age       ] GC(261) - age   7:      10656 bytes,    2939736 total
[2020-09-30T09:17:49.550+0000][16584][gc,age       ] GC(261) - age   8:        760 bytes,    2940496 total
[2020-09-30T09:17:49.550+0000][16584][gc,age       ] GC(261) - age   9:       4360 bytes,    2944856 total
[2020-09-30T09:17:49.550+0000][16584][gc,age       ] GC(261) - age  10:       2048 bytes,    2946904 total
[2020-09-30T09:17:49.550+0000][16584][gc,age       ] GC(261) - age  11:       2136 bytes,    2949040 total
[2020-09-30T09:17:49.550+0000][16584][gc,age       ] GC(261) - age  12:       1888 bytes,    2950928 total
[2020-09-30T09:17:49.550+0000][16584][gc,age       ] GC(261) - age  13:      13200 bytes,    2964128 total
[2020-09-30T09:17:49.550+0000][16584][gc,age       ] GC(261) - age  14:      54112 bytes,    3018240 total
[2020-09-30T09:17:49.550+0000][16584][gc,age       ] GC(261) - age  15:       1096 bytes,    3019336 total
[2020-09-30T09:17:49.550+0000][16584][gc,phases    ] GC(261)   Pre Evacuate Collection Set: 0.6ms
[2020-09-30T09:17:49.550+0000][16584][gc,phases    ] GC(261)   Merge Heap Roots: 0.1ms
[2020-09-30T09:17:49.550+0000][16584][gc,phases    ] GC(261)   Evacuate Collection Set: 2.3ms
[2020-09-30T09:17:49.550+0000][16584][gc,phases    ] GC(261)   Post Evacuate Collection Set: 1.0ms
[2020-09-30T09:17:49.550+0000][16584][gc,phases    ] GC(261)   Other: 1.2ms
[2020-09-30T09:17:49.550+0000][16584][gc,heap      ] GC(261) Eden regions: 72->0(494)
[2020-09-30T09:17:49.550+0000][16584][gc,heap      ] GC(261) Survivor regions: 5->4(62)
[2020-09-30T09:17:49.550+0000][16584][gc,heap      ] GC(261) Old regions: 78->78
[2020-09-30T09:17:49.550+0000][16584][gc,heap      ] GC(261) Archive regions: 0->0
[2020-09-30T09:17:49.550+0000][16584][gc,heap      ] GC(261) Humongous regions: 322->174
[2020-09-30T09:17:49.550+0000][16584][gc,metaspace ] GC(261) Metaspace: 87875K(93696K)->87875K(93696K) NonClass: 76706K(80128K)->76706K(80128K) Class: 11168K(13568K)->11168K(13568K)
[2020-09-30T09:17:49.550+0000][16584][gc           ] GC(261) Pause Young (Concurrent Start) (G1 Humongous Allocation) 474M->254M(1024M) 5.519ms
[2020-09-30T09:17:49.550+0000][16584][gc,cpu       ] GC(261) User=0.00s Sys=0.00s Real=0.00s
[2020-09-30T09:17:49.551+0000][16584][gc           ] GC(262) Concurrent Cycle
[2020-09-30T09:17:49.551+0000][16584][safepoint    ] Safepoint "G1TryInitiateConcMark", Time since last: 93528200 ns, Reaching safepoint: 200100 ns, At safepoint: 5812400 ns, Total: 6012500 ns
[2020-09-30T09:17:49.551+0000][16584][gc,marking   ] GC(262) Concurrent Clear Claimed Marks
[2020-09-30T09:17:49.551+0000][16584][gc,marking   ] GC(262) Concurrent Clear Claimed Marks 0.552ms
[2020-09-30T09:17:49.551+0000][16584][gc,marking   ] GC(262) Concurrent Scan Root Regions
[2020-09-30T09:17:49.555+0000][16584][gc,marking   ] GC(262) Concurrent Scan Root Regions 3.304ms
[2020-09-30T09:17:49.555+0000][16584][gc,marking   ] GC(262) Concurrent Mark (163.412s)
[2020-09-30T09:17:49.555+0000][16584][gc,marking   ] GC(262) Concurrent Mark From Roots
[2020-09-30T09:17:49.555+0000][16584][gc,task      ] GC(262) Using 2 workers of 2 for marking
[2020-09-30T09:17:49.722+0000][16584][gc,marking   ] GC(262) Concurrent Mark From Roots 166.766ms
[2020-09-30T09:17:49.722+0000][16584][gc,marking   ] GC(262) Concurrent Preclean
[2020-09-30T09:17:49.722+0000][16584][gc,marking   ] GC(262) Concurrent Preclean 0.606ms
[2020-09-30T09:17:49.722+0000][16584][gc,marking   ] GC(262) Concurrent Mark (163.412s, 163.580s) 167.633ms
[2020-09-30T09:17:49.723+0000][16584][gc,start     ] GC(262) Pause Remark
[2020-09-30T09:17:49.730+0000][16584][gc           ] GC(262) Pause Remark 318M->318M(1024M) 6.914ms
[2020-09-30T09:17:49.730+0000][16584][gc,cpu       ] GC(262) User=0.00s Sys=0.00s Real=0.01s
[2020-09-30T09:17:49.730+0000][16584][safepoint    ] Safepoint "G1Concurrent", Time since last: 171872800 ns, Reaching safepoint: 209200 ns, At safepoint: 7165300 ns, Total: 7374500 ns
[2020-09-30T09:17:49.730+0000][16584][gc,marking   ] GC(262) Concurrent Rebuild Remembered Sets
[2020-09-30T09:17:49.851+0000][16584][gc,marking   ] GC(262) Concurrent Rebuild Remembered Sets 121.118ms
[2020-09-30T09:17:49.852+0000][16584][gc,start     ] GC(262) Pause Cleanup
[2020-09-30T09:17:49.853+0000][16584][gc           ] GC(262) Pause Cleanup 456M->456M(1024M) 0.432ms
[2020-09-30T09:17:49.853+0000][16584][gc,cpu       ] GC(262) User=0.00s Sys=0.00s Real=0.00s
[2020-09-30T09:17:49.889+0000][16584][safepoint    ] Safepoint "G1Concurrent", Time since last: 121351700 ns, Reaching safepoint: 897200 ns, At safepoint: 37389700 ns, Total: 38286900 ns
[2020-09-30T09:17:49.890+0000][16584][gc,marking   ] GC(262) Concurrent Cleanup for Next Mark
[2020-09-30T09:17:49.892+0000][16584][gc,marking   ] GC(262) Concurrent Cleanup for Next Mark 1.944ms
[2020-09-30T09:17:49.892+0000][16584][gc           ] GC(262) Concurrent Cycle 341.318ms
[2020-09-30T09:17:50.055+0000][16584][gc,start     ] GC(263) Pause Young (Concurrent Start) (G1 Humongous Allocation)
[2020-09-30T09:17:50.055+0000][16584][gc,task      ] GC(263) Using 8 workers of 8 for evacuation
[2020-09-30T09:17:50.055+0000][16584][gc,age       ] GC(263) Desired survivor size 33030144 bytes, new threshold 15 (max threshold 15)
[2020-09-30T09:17:50.061+0000][16584][gc,age       ] GC(263) Age table with threshold 15 (max threshold 15)
[2020-09-30T09:17:50.061+0000][16584][gc,age       ] GC(263) - age   1:    3240448 bytes,    3240448 total
[2020-09-30T09:17:50.061+0000][16584][gc,age       ] GC(263) - age   2:      69952 bytes,    3310400 total
[2020-09-30T09:17:50.061+0000][16584][gc,age       ] GC(263) - age   3:       4104 bytes,    3314504 total
[2020-09-30T09:17:50.061+0000][16584][gc,age       ] GC(263) - age   4:       3248 bytes,    3317752 total
[2020-09-30T09:17:50.061+0000][16584][gc,age       ] GC(263) - age   5:      11072 bytes,    3328824 total
[2020-09-30T09:17:50.061+0000][16584][gc,age       ] GC(263) - age   6:       1304 bytes,    3330128 total
[2020-09-30T09:17:50.061+0000][16584][gc,age       ] GC(263) - age   7:       1264 bytes,    3331392 total
[2020-09-30T09:17:50.061+0000][16584][gc,age       ] GC(263) - age   8:      10656 bytes,    3342048 total
[2020-09-30T09:17:50.061+0000][16584][gc,age       ] GC(263) - age   9:        760 bytes,    3342808 total
[2020-09-30T09:17:50.061+0000][16584][gc,age       ] GC(263) - age  10:       4360 bytes,    3347168 total
[2020-09-30T09:17:50.061+0000][16584][gc,age       ] GC(263) - age  11:       2048 bytes,    3349216 total
[2020-09-30T09:17:50.062+0000][16584][gc,age       ] GC(263) - age  12:       2136 bytes,    3351352 total
[2020-09-30T09:17:50.062+0000][16584][gc,age       ] GC(263) - age  13:       1888 bytes,    3353240 total
[2020-09-30T09:17:50.062+0000][16584][gc,age       ] GC(263) - age  14:      13200 bytes,    3366440 total
[2020-09-30T09:17:50.062+0000][16584][gc,age       ] GC(263) - age  15:      54112 bytes,    3420552 total
[2020-09-30T09:17:50.062+0000][16584][gc,phases    ] GC(263)   Pre Evacuate Collection Set: 0.8ms
[2020-09-30T09:17:50.062+0000][16584][gc,phases    ] GC(263)   Merge Heap Roots: 0.2ms
[2020-09-30T09:17:50.062+0000][16584][gc,phases    ] GC(263)   Evacuate Collection Set: 3.0ms
[2020-09-30T09:17:50.062+0000][16584][gc,phases    ] GC(263)   Post Evacuate Collection Set: 1.5ms
[2020-09-30T09:17:50.062+0000][16584][gc,phases    ] GC(263)   Other: 1.4ms
[2020-09-30T09:17:50.062+0000][16584][gc,heap      ] GC(263) Eden regions: 60->0(495)
[2020-09-30T09:17:50.062+0000][16584][gc,heap      ] GC(263) Survivor regions: 4->4(63)
[2020-09-30T09:17:50.062+0000][16584][gc,heap      ] GC(263) Old regions: 78->78
[2020-09-30T09:17:50.062+0000][16584][gc,heap      ] GC(263) Archive regions: 0->0
[2020-09-30T09:17:50.062+0000][16584][gc,heap      ] GC(263) Humongous regions: 322->174
[2020-09-30T09:17:50.062+0000][16584][gc,metaspace ] GC(263) Metaspace: 87875K(93696K)->87875K(93696K) NonClass: 76706K(80128K)->76706K(80128K) Class: 11168K(13568K)->11168K(13568K)
[2020-09-30T09:17:50.062+0000][16584][gc           ] GC(263) Pause Young (Concurrent Start) (G1 Humongous Allocation) 462M->254M(1024M) 7.371ms
[2020-09-30T09:17:50.062+0000][16584][gc,cpu       ] GC(263) User=0.06s Sys=0.00s Real=0.01s
[2020-09-30T09:17:50.063+0000][16584][gc           ] GC(264) Concurrent Cycle
[2020-09-30T09:17:50.063+0000][16584][safepoint    ] Safepoint "G1TryInitiateConcMark", Time since last: 165160200 ns, Reaching safepoint: 288400 ns, At safepoint: 7729900 ns, Total: 8018300 ns
[2020-09-30T09:17:50.063+0000][16584][gc,marking   ] GC(264) Concurrent Clear Claimed Marks
[2020-09-30T09:17:50.063+0000][16584][gc,marking   ] GC(264) Concurrent Clear Claimed Marks 0.757ms
[2020-09-30T09:17:50.063+0000][16584][gc,marking   ] GC(264) Concurrent Scan Root Regions
[2020-09-30T09:17:50.066+0000][16584][gc,marking   ] GC(264) Concurrent Scan Root Regions 2.373ms
[2020-09-30T09:17:50.066+0000][16584][gc,marking   ] GC(264) Concurrent Mark (163.923s)
[2020-09-30T09:17:50.066+0000][16584][gc,marking   ] GC(264) Concurrent Mark From Roots
[2020-09-30T09:17:50.066+0000][16584][gc,task      ] GC(264) Using 2 workers of 2 for marking
[2020-09-30T09:17:50.255+0000][16584][gc,marking   ] GC(264) Concurrent Mark From Roots 189.334ms
[2020-09-30T09:17:50.255+0000][16584][gc,marking   ] GC(264) Concurrent Preclean
[2020-09-30T09:17:50.256+0000][16584][gc,marking   ] GC(264) Concurrent Preclean 0.660ms
[2020-09-30T09:17:50.256+0000][16584][gc,marking   ] GC(264) Concurrent Mark (163.923s, 164.113s) 190.217ms
[2020-09-30T09:17:50.256+0000][16584][gc,start     ] GC(264) Pause Remark
[2020-09-30T09:17:50.264+0000][16584][gc           ] GC(264) Pause Remark 321M->321M(1024M) 7.869ms
[2020-09-30T09:17:50.264+0000][16584][gc,cpu       ] GC(264) User=0.06s Sys=0.00s Real=0.01s
[2020-09-30T09:17:50.266+0000][16584][safepoint    ] Safepoint "G1Concurrent", Time since last: 193654800 ns, Reaching safepoint: 178600 ns, At safepoint: 9347500 ns, Total: 9526100 ns
[2020-09-30T09:17:50.266+0000][16584][gc,marking   ] GC(264) Concurrent Rebuild Remembered Sets
[2020-09-30T09:17:50.369+0000][16584][gc,marking   ] GC(264) Concurrent Rebuild Remembered Sets 102.211ms
[2020-09-30T09:17:50.369+0000][16584][gc,start     ] GC(264) Pause Cleanup
[2020-09-30T09:17:50.370+0000][16584][gc           ] GC(264) Pause Cleanup 449M->449M(1024M) 0.398ms
[2020-09-30T09:17:50.370+0000][16584][gc,cpu       ] GC(264) User=0.00s Sys=0.00s Real=0.00s
[2020-09-30T09:17:50.370+0000][16584][safepoint    ] Safepoint "G1Concurrent", Time since last: 102603900 ns, Reaching safepoint: 228900 ns, At safepoint: 641500 ns, Total: 870400 ns
[2020-09-30T09:17:50.370+0000][16584][gc,marking   ] GC(264) Concurrent Cleanup for Next Mark
[2020-09-30T09:17:50.372+0000][16584][gc,marking   ] GC(264) Concurrent Cleanup for Next Mark 1.904ms
[2020-09-30T09:17:50.372+0000][16584][gc           ] GC(264) Concurrent Cycle 308.797ms
[2020-09-30T09:17:50.590+0000][16584][gc,start     ] GC(265) Pause Young (Concurrent Start) (G1 Humongous Allocation)
[2020-09-30T09:17:50.590+0000][16584][gc,task      ] GC(265) Using 8 workers of 8 for evacuation
[2020-09-30T09:17:50.590+0000][16584][gc,age       ] GC(265) Desired survivor size 33030144 bytes, new threshold 15 (max threshold 15)
[2020-09-30T09:17:50.594+0000][16584][gc,age       ] GC(265) Age table with threshold 15 (max threshold 15)
[2020-09-30T09:17:50.594+0000][16584][gc,age       ] GC(265) - age   1:    2625096 bytes,    2625096 total
[2020-09-30T09:17:50.594+0000][16584][gc,age       ] GC(265) - age   2:       3256 bytes,    2628352 total
[2020-09-30T09:17:50.594+0000][16584][gc,age       ] GC(265) - age   3:      62840 bytes,    2691192 total
[2020-09-30T09:17:50.594+0000][16584][gc,age       ] GC(265) - age   4:       3552 bytes,    2694744 total
[2020-09-30T09:17:50.594+0000][16584][gc,age       ] GC(265) - age   5:       2504 bytes,    2697248 total
[2020-09-30T09:17:50.594+0000][16584][gc,age       ] GC(265) - age   6:      10952 bytes,    2708200 total
[2020-09-30T09:17:50.595+0000][16584][gc,age       ] GC(265) - age   7:       1240 bytes,    2709440 total
[2020-09-30T09:17:50.595+0000][16584][gc,age       ] GC(265) - age   8:       1264 bytes,    2710704 total
[2020-09-30T09:17:50.595+0000][16584][gc,age       ] GC(265) - age   9:      10656 bytes,    2721360 total
[2020-09-30T09:17:50.595+0000][16584][gc,age       ] GC(265) - age  10:        760 bytes,    2722120 total
[2020-09-30T09:17:50.595+0000][16584][gc,age       ] GC(265) - age  11:       4360 bytes,    2726480 total
[2020-09-30T09:17:50.595+0000][16584][gc,age       ] GC(265) - age  12:       2048 bytes,    2728528 total
[2020-09-30T09:17:50.595+0000][16584][gc,age       ] GC(265) - age  13:       2104 bytes,    2730632 total
[2020-09-30T09:17:50.595+0000][16584][gc,age       ] GC(265) - age  14:       1856 bytes,    2732488 total
[2020-09-30T09:17:50.595+0000][16584][gc,age       ] GC(265) - age  15:      13168 bytes,    2745656 total
[2020-09-30T09:17:50.595+0000][16584][gc,phases    ] GC(265)   Pre Evacuate Collection Set: 0.5ms
[2020-09-30T09:17:50.595+0000][16584][gc,phases    ] GC(265)   Merge Heap Roots: 0.1ms
[2020-09-30T09:17:50.595+0000][16584][gc,phases    ] GC(265)   Evacuate Collection Set: 2.4ms
[2020-09-30T09:17:50.595+0000][16584][gc,phases    ] GC(265)   Post Evacuate Collection Set: 0.9ms
[2020-09-30T09:17:50.595+0000][16584][gc,phases    ] GC(265)   Other: 1.2ms
[2020-09-30T09:17:50.595+0000][16584][gc,heap      ] GC(265) Eden regions: 61->0(498)
[2020-09-30T09:17:50.595+0000][16584][gc,heap      ] GC(265) Survivor regions: 4->3(63)
[2020-09-30T09:17:50.595+0000][16584][gc,heap      ] GC(265) Old regions: 78->78
[2020-09-30T09:17:50.595+0000][16584][gc,heap      ] GC(265) Archive regions: 0->0
[2020-09-30T09:17:50.595+0000][16584][gc,heap      ] GC(265) Humongous regions: 330->174
[2020-09-30T09:17:50.595+0000][16584][gc,metaspace ] GC(265) Metaspace: 87875K(93696K)->87875K(93696K) NonClass: 76706K(80128K)->76706K(80128K) Class: 11168K(13568K)->11168K(13568K)
[2020-09-30T09:17:50.595+0000][16584][gc           ] GC(265) Pause Young (Concurrent Start) (G1 Humongous Allocation) 471M->254M(1024M) 5.423ms
[2020-09-30T09:17:50.595+0000][16584][gc,cpu       ] GC(265) User=0.11s Sys=0.00s Real=0.01s
[2020-09-30T09:17:50.596+0000][16584][gc           ] GC(266) Concurrent Cycle
[2020-09-30T09:17:50.596+0000][16584][gc,marking   ] GC(266) Concurrent Clear Claimed Marks
[2020-09-30T09:17:50.596+0000][16584][safepoint    ] Safepoint "G1TryInitiateConcMark", Time since last: 220305100 ns, Reaching safepoint: 228700 ns, At safepoint: 5779400 ns, Total: 6008100 ns
[2020-09-30T09:17:50.596+0000][16584][gc,marking   ] GC(266) Concurrent Clear Claimed Marks 0.453ms
[2020-09-30T09:17:50.596+0000][16584][gc,marking   ] GC(266) Concurrent Scan Root Regions
[2020-09-30T09:17:50.598+0000][16584][gc,marking   ] GC(266) Concurrent Scan Root Regions 2.102ms
[2020-09-30T09:17:50.598+0000][16584][gc,marking   ] GC(266) Concurrent Mark (164.456s)
[2020-09-30T09:17:50.598+0000][16584][gc,marking   ] GC(266) Concurrent Mark From Roots
[2020-09-30T09:17:50.598+0000][16584][gc,task      ] GC(266) Using 2 workers of 2 for marking
[2020-09-30T09:17:50.782+0000][16584][gc,marking   ] GC(266) Concurrent Mark From Roots 184.065ms
[2020-09-30T09:17:50.783+0000][16584][gc,marking   ] GC(266) Concurrent Preclean
[2020-09-30T09:17:50.783+0000][16584][gc,marking   ] GC(266) Concurrent Preclean 0.694ms
[2020-09-30T09:17:50.783+0000][16584][gc,marking   ] GC(266) Concurrent Mark (164.456s, 164.641s) 185.014ms
[2020-09-30T09:17:50.784+0000][16584][gc,start     ] GC(266) Pause Remark
[2020-09-30T09:17:50.791+0000][16584][gc           ] GC(266) Pause Remark 321M->321M(1024M) 7.130ms
[2020-09-30T09:17:50.791+0000][16584][gc,cpu       ] GC(266) User=0.00s Sys=0.00s Real=0.01s
[2020-09-30T09:17:50.791+0000][16584][safepoint    ] Safepoint "G1Concurrent", Time since last: 187847100 ns, Reaching safepoint: 189600 ns, At safepoint: 7386700 ns, Total: 7576300 ns
[2020-09-30T09:17:50.791+0000][16584][gc,marking   ] GC(266) Concurrent Rebuild Remembered Sets
[2020-09-30T09:17:50.889+0000][16584][gc,marking   ] GC(266) Concurrent Rebuild Remembered Sets 98.160ms
[2020-09-30T09:17:50.890+0000][16584][gc,start     ] GC(266) Pause Cleanup
[2020-09-30T09:17:50.890+0000][16584][gc           ] GC(266) Pause Cleanup 323M->323M(1024M) 0.488ms
[2020-09-30T09:17:50.890+0000][16584][gc,cpu       ] GC(266) User=0.00s Sys=0.00s Real=0.00s
[2020-09-30T09:17:50.895+0000][16584][safepoint    ] Safepoint "G1Concurrent", Time since last: 98478400 ns, Reaching safepoint: 228900 ns, At safepoint: 5380200 ns, Total: 5609100 ns
[2020-09-30T09:17:50.895+0000][16584][gc,marking   ] GC(266) Concurrent Cleanup for Next Mark
[2020-09-30T09:17:50.897+0000][16584][gc,marking   ] GC(266) Concurrent Cleanup for Next Mark 1.900ms
[2020-09-30T09:17:50.897+0000][16584][gc           ] GC(266) Concurrent Cycle 301.814ms
[2020-09-30T09:17:51.571+0000][16584][safepoint    ] Safepoint "BulkRevokeBias", Time since last: 661024000 ns, Reaching safepoint: 6584000 ns, At safepoint: 8149900 ns, Total: 14733900 ns
[2020-09-30T09:17:52.572+0000][16584][safepoint    ] Safepoint "Cleanup", Time since last: 1000284400 ns, Reaching safepoint: 240800 ns, At safepoint: 67600 ns, Total: 308400 ns
[2020-09-30T09:17:54.216+0000][16584][gc,start     ] GC(267) Pause Young (Concurrent Start) (G1 Humongous Allocation)
[2020-09-30T09:17:54.216+0000][16584][gc,task      ] GC(267) Using 8 workers of 8 for evacuation
[2020-09-30T09:17:54.217+0000][16584][gc,age       ] GC(267) Desired survivor size 33030144 bytes, new threshold 15 (max threshold 15)
[2020-09-30T09:17:54.221+0000][16584][gc,age       ] GC(267) Age table with threshold 15 (max threshold 15)
[2020-09-30T09:17:54.221+0000][16584][gc,age       ] GC(267) - age   1:    2706528 bytes,    2706528 total
[2020-09-30T09:17:54.221+0000][16584][gc,age       ] GC(267) - age   2:      14384 bytes,    2720912 total
[2020-09-30T09:17:54.221+0000][16584][gc,age       ] GC(267) - age   3:       1680 bytes,    2722592 total
[2020-09-30T09:17:54.221+0000][16584][gc,age       ] GC(267) - age   4:      61776 bytes,    2784368 total
[2020-09-30T09:17:54.221+0000][16584][gc,age       ] GC(267) - age   5:       3456 bytes,    2787824 total
[2020-09-30T09:17:54.221+0000][16584][gc,age       ] GC(267) - age   6:       2248 bytes,    2790072 total
[2020-09-30T09:17:54.221+0000][16584][gc,age       ] GC(267) - age   7:      10720 bytes,    2800792 total
[2020-09-30T09:17:54.221+0000][16584][gc,age       ] GC(267) - age   8:       1176 bytes,    2801968 total
[2020-09-30T09:17:54.221+0000][16584][gc,age       ] GC(267) - age   9:       1264 bytes,    2803232 total
[2020-09-30T09:17:54.221+0000][16584][gc,age       ] GC(267) - age  10:      10656 bytes,    2813888 total
[2020-09-30T09:17:54.221+0000][16584][gc,age       ] GC(267) - age  11:        760 bytes,    2814648 total
[2020-09-30T09:17:54.221+0000][16584][gc,age       ] GC(267) - age  12:       4192 bytes,    2818840 total
[2020-09-30T09:17:54.221+0000][16584][gc,age       ] GC(267) - age  13:       1920 bytes,    2820760 total
[2020-09-30T09:17:54.221+0000][16584][gc,age       ] GC(267) - age  14:       2104 bytes,    2822864 total
[2020-09-30T09:17:54.221+0000][16584][gc,age       ] GC(267) - age  15:       1696 bytes,    2824560 total
[2020-09-30T09:17:54.221+0000][16584][gc,phases    ] GC(267)   Pre Evacuate Collection Set: 0.4ms
[2020-09-30T09:17:54.221+0000][16584][gc,phases    ] GC(267)   Merge Heap Roots: 0.1ms
[2020-09-30T09:17:54.221+0000][16584][gc,phases    ] GC(267)   Evacuate Collection Set: 2.2ms
[2020-09-30T09:17:54.221+0000][16584][gc,phases    ] GC(267)   Post Evacuate Collection Set: 1.1ms
[2020-09-30T09:17:54.221+0000][16584][gc,phases    ] GC(267)   Other: 1.2ms
[2020-09-30T09:17:54.222+0000][16584][gc,heap      ] GC(267) Eden regions: 144->0(500)
[2020-09-30T09:17:54.222+0000][16584][gc,heap      ] GC(267) Survivor regions: 3->3(63)
[2020-09-30T09:17:54.222+0000][16584][gc,heap      ] GC(267) Old regions: 78->78
[2020-09-30T09:17:54.222+0000][16584][gc,heap      ] GC(267) Archive regions: 0->0
[2020-09-30T09:17:54.222+0000][16584][gc,heap      ] GC(267) Humongous regions: 229->174
[2020-09-30T09:17:54.222+0000][16584][gc,metaspace ] GC(267) Metaspace: 88046K(93952K)->88046K(93952K) NonClass: 76875K(80384K)->76875K(80384K) Class: 11171K(13568K)->11171K(13568K)
[2020-09-30T09:17:54.222+0000][16584][gc           ] GC(267) Pause Young (Concurrent Start) (G1 Humongous Allocation) 453M->254M(1024M) 5.443ms
[2020-09-30T09:17:54.222+0000][16584][gc,cpu       ] GC(267) User=0.02s Sys=0.00s Real=0.01s
[2020-09-30T09:17:54.222+0000][16584][safepoint    ] Safepoint "G1TryInitiateConcMark", Time since last: 1643870000 ns, Reaching safepoint: 276600 ns, At safepoint: 5649300 ns, Total: 5925900 ns
[2020-09-30T09:17:54.222+0000][16584][gc           ] GC(268) Concurrent Cycle
[2020-09-30T09:17:54.222+0000][16584][gc,marking   ] GC(268) Concurrent Clear Claimed Marks
[2020-09-30T09:17:54.222+0000][16584][gc,marking   ] GC(268) Concurrent Clear Claimed Marks 0.453ms
[2020-09-30T09:17:54.222+0000][16584][gc,marking   ] GC(268) Concurrent Scan Root Regions
[2020-09-30T09:17:54.225+0000][16584][gc,marking   ] GC(268) Concurrent Scan Root Regions 2.623ms
[2020-09-30T09:17:54.225+0000][16584][gc,marking   ] GC(268) Concurrent Mark (168.082s)
[2020-09-30T09:17:54.225+0000][16584][gc,marking   ] GC(268) Concurrent Mark From Roots
[2020-09-30T09:17:54.225+0000][16584][gc,task      ] GC(268) Using 2 workers of 2 for marking
[2020-09-30T09:17:54.365+0000][16584][gc,marking   ] GC(268) Concurrent Mark From Roots 139.766ms
[2020-09-30T09:17:54.365+0000][16584][gc,marking   ] GC(268) Concurrent Preclean
[2020-09-30T09:17:54.365+0000][16584][gc,marking   ] GC(268) Concurrent Preclean 0.449ms
[2020-09-30T09:17:54.365+0000][16584][gc,marking   ] GC(268) Concurrent Mark (168.082s, 168.222s) 140.368ms
[2020-09-30T09:17:54.366+0000][16584][gc,start     ] GC(268) Pause Remark
[2020-09-30T09:17:54.372+0000][16584][gc           ] GC(268) Pause Remark 402M->402M(1024M) 6.526ms
[2020-09-30T09:17:54.372+0000][16584][gc,cpu       ] GC(268) User=0.00s Sys=0.00s Real=0.01s
[2020-09-30T09:17:54.373+0000][16584][safepoint    ] Safepoint "G1Concurrent", Time since last: 143830100 ns, Reaching safepoint: 169800 ns, At safepoint: 6813700 ns, Total: 6983500 ns
[2020-09-30T09:17:54.373+0000][16584][gc,marking   ] GC(268) Concurrent Rebuild Remembered Sets
[2020-09-30T09:17:54.466+0000][16584][gc,marking   ] GC(268) Concurrent Rebuild Remembered Sets 94.017ms
[2020-09-30T09:17:54.467+0000][16584][gc,start     ] GC(268) Pause Cleanup
[2020-09-30T09:17:54.468+0000][16584][gc           ] GC(268) Pause Cleanup 423M->423M(1024M) 1.483ms
[2020-09-30T09:17:54.468+0000][16584][gc,cpu       ] GC(268) User=0.00s Sys=0.00s Real=0.00s
[2020-09-30T09:17:54.468+0000][16584][safepoint    ] Safepoint "G1Concurrent", Time since last: 94324300 ns, Reaching safepoint: 212400 ns, At safepoint: 1739900 ns, Total: 1952300 ns
[2020-09-30T09:17:54.468+0000][16584][gc,marking   ] GC(268) Concurrent Cleanup for Next Mark
[2020-09-30T09:17:54.471+0000][16584][gc,marking   ] GC(268) Concurrent Cleanup for Next Mark 1.847ms
[2020-09-30T09:17:54.471+0000][16584][gc           ] GC(268) Concurrent Cycle 249.187ms
[2020-09-30T09:17:54.563+0000][16584][gc,start     ] GC(269) Pause Young (Concurrent Start) (G1 Humongous Allocation)
[2020-09-30T09:17:54.563+0000][16584][gc,task      ] GC(269) Using 8 workers of 8 for evacuation
[2020-09-30T09:17:54.563+0000][16584][gc,age       ] GC(269) Desired survivor size 33030144 bytes, new threshold 15 (max threshold 15)
[2020-09-30T09:17:54.568+0000][16584][gc,age       ] GC(269) Age table with threshold 15 (max threshold 15)
[2020-09-30T09:17:54.568+0000][16584][gc,age       ] GC(269) - age   1:    3306008 bytes,    3306008 total
[2020-09-30T09:17:54.568+0000][16584][gc,age       ] GC(269) - age   2:     186712 bytes,    3492720 total
[2020-09-30T09:17:54.568+0000][16584][gc,age       ] GC(269) - age   3:       9832 bytes,    3502552 total
[2020-09-30T09:17:54.568+0000][16584][gc,age       ] GC(269) - age   4:       1368 bytes,    3503920 total
[2020-09-30T09:17:54.568+0000][16584][gc,age       ] GC(269) - age   5:      61168 bytes,    3565088 total
[2020-09-30T09:17:54.568+0000][16584][gc,age       ] GC(269) - age   6:       2560 bytes,    3567648 total
[2020-09-30T09:17:54.568+0000][16584][gc,age       ] GC(269) - age   7:       2216 bytes,    3569864 total
[2020-09-30T09:17:54.568+0000][16584][gc,age       ] GC(269) - age   8:      10720 bytes,    3580584 total
[2020-09-30T09:17:54.568+0000][16584][gc,age       ] GC(269) - age   9:       1112 bytes,    3581696 total
[2020-09-30T09:17:54.568+0000][16584][gc,age       ] GC(269) - age  10:       1264 bytes,    3582960 total
[2020-09-30T09:17:54.568+0000][16584][gc,age       ] GC(269) - age  11:      10656 bytes,    3593616 total
[2020-09-30T09:17:54.568+0000][16584][gc,age       ] GC(269) - age  12:        760 bytes,    3594376 total
[2020-09-30T09:17:54.568+0000][16584][gc,age       ] GC(269) - age  13:       4192 bytes,    3598568 total
[2020-09-30T09:17:54.568+0000][16584][gc,age       ] GC(269) - age  14:       1856 bytes,    3600424 total
[2020-09-30T09:17:54.568+0000][16584][gc,age       ] GC(269) - age  15:       2040 bytes,    3602464 total
[2020-09-30T09:17:54.568+0000][16584][gc,phases    ] GC(269)   Pre Evacuate Collection Set: 0.5ms
[2020-09-30T09:17:54.568+0000][16584][gc,phases    ] GC(269)   Merge Heap Roots: 0.1ms
[2020-09-30T09:17:54.568+0000][16584][gc,phases    ] GC(269)   Evacuate Collection Set: 2.8ms
[2020-09-30T09:17:54.568+0000][16584][gc,phases    ] GC(269)   Post Evacuate Collection Set: 1.0ms
[2020-09-30T09:17:54.569+0000][16584][gc,phases    ] GC(269)   Other: 1.0ms
[2020-09-30T09:17:54.569+0000][16584][gc,heap      ] GC(269) Eden regions: 58->0(500)
[2020-09-30T09:17:54.569+0000][16584][gc,heap      ] GC(269) Survivor regions: 3->4(63)
[2020-09-30T09:17:54.569+0000][16584][gc,heap      ] GC(269) Old regions: 78->78
[2020-09-30T09:17:54.569+0000][16584][gc,heap      ] GC(269) Archive regions: 0->0
[2020-09-30T09:17:54.569+0000][16584][gc,heap      ] GC(269) Humongous regions: 291->174
[2020-09-30T09:17:54.569+0000][16584][gc,metaspace ] GC(269) Metaspace: 88066K(93952K)->88066K(93952K) NonClass: 76893K(80384K)->76893K(80384K) Class: 11173K(13568K)->11173K(13568K)
[2020-09-30T09:17:54.569+0000][16584][gc           ] GC(269) Pause Young (Concurrent Start) (G1 Humongous Allocation) 428M->255M(1024M) 5.879ms
[2020-09-30T09:17:54.569+0000][16584][gc,cpu       ] GC(269) User=0.00s Sys=0.00s Real=0.01s
[2020-09-30T09:17:54.569+0000][16584][gc           ] GC(270) Concurrent Cycle
[2020-09-30T09:17:54.569+0000][16584][safepoint    ] Safepoint "G1TryInitiateConcMark", Time since last: 94464300 ns, Reaching safepoint: 161000 ns, At safepoint: 6118300 ns, Total: 6279300 ns
[2020-09-30T09:17:54.569+0000][16584][gc,marking   ] GC(270) Concurrent Clear Claimed Marks
[2020-09-30T09:17:54.570+0000][16584][gc,marking   ] GC(270) Concurrent Clear Claimed Marks 0.502ms
[2020-09-30T09:17:54.570+0000][16584][gc,marking   ] GC(270) Concurrent Scan Root Regions
[2020-09-30T09:17:54.573+0000][16584][gc,marking   ] GC(270) Concurrent Scan Root Regions 3.191ms
[2020-09-30T09:17:54.573+0000][16584][gc,marking   ] GC(270) Concurrent Mark (168.430s)
[2020-09-30T09:17:54.573+0000][16584][gc,marking   ] GC(270) Concurrent Mark From Roots
[2020-09-30T09:17:54.573+0000][16584][gc,task      ] GC(270) Using 2 workers of 2 for marking
[2020-09-30T09:17:54.716+0000][16584][gc,marking   ] GC(270) Concurrent Mark From Roots 142.710ms
[2020-09-30T09:17:54.716+0000][16584][gc,marking   ] GC(270) Concurrent Preclean
[2020-09-30T09:17:54.716+0000][16584][gc,marking   ] GC(270) Concurrent Preclean 0.383ms
[2020-09-30T09:17:54.716+0000][16584][gc,marking   ] GC(270) Concurrent Mark (168.430s, 168.574s) 143.246ms
[2020-09-30T09:17:54.717+0000][16584][gc,start     ] GC(270) Pause Remark
[2020-09-30T09:17:54.723+0000][16584][gc           ] GC(270) Pause Remark 399M->399M(1024M) 6.100ms
[2020-09-30T09:17:54.723+0000][16584][gc,cpu       ] GC(270) User=0.02s Sys=0.02s Real=0.01s
[2020-09-30T09:17:54.723+0000][16584][safepoint    ] Safepoint "G1Concurrent", Time since last: 147299400 ns, Reaching safepoint: 155800 ns, At safepoint: 6329400 ns, Total: 6485200 ns
[2020-09-30T09:17:54.723+0000][16584][gc,marking   ] GC(270) Concurrent Rebuild Remembered Sets
[2020-09-30T09:17:54.804+0000][16584][gc,marking   ] GC(270) Concurrent Rebuild Remembered Sets 81.295ms
[2020-09-30T09:17:54.805+0000][16584][gc,start     ] GC(270) Pause Cleanup
[2020-09-30T09:17:54.805+0000][16584][gc           ] GC(270) Pause Cleanup 399M->399M(1024M) 0.348ms
[2020-09-30T09:17:54.805+0000][16584][gc,cpu       ] GC(270) User=0.00s Sys=0.00s Real=0.00s
[2020-09-30T09:17:54.805+0000][16584][safepoint    ] Safepoint "G1Concurrent", Time since last: 81514400 ns, Reaching safepoint: 153400 ns, At safepoint: 520300 ns, Total: 673700 ns
[2020-09-30T09:17:54.805+0000][16584][gc,marking   ] GC(270) Concurrent Cleanup for Next Mark
[2020-09-30T09:17:54.807+0000][16584][gc,marking   ] GC(270) Concurrent Cleanup for Next Mark 1.504ms
[2020-09-30T09:17:54.807+0000][16584][gc           ] GC(270) Concurrent Cycle 237.726ms
[2020-09-30T09:17:55.462+0000][16584][gc,start     ] GC(271) Pause Young (Concurrent Start) (G1 Humongous Allocation)
[2020-09-30T09:17:55.463+0000][16584][gc,task      ] GC(271) Using 8 workers of 8 for evacuation
[2020-09-30T09:17:55.463+0000][16584][gc,age       ] GC(271) Desired survivor size 33030144 bytes, new threshold 15 (max threshold 15)
[2020-09-30T09:17:55.467+0000][16584][gc,age       ] GC(271) Age table with threshold 15 (max threshold 15)
[2020-09-30T09:17:55.468+0000][16584][gc,age       ] GC(271) - age   1:    3276216 bytes,    3276216 total
[2020-09-30T09:17:55.468+0000][16584][gc,age       ] GC(271) - age   2:      17320 bytes,    3293536 total
[2020-09-30T09:17:55.468+0000][16584][gc,age       ] GC(271) - age   3:     176208 bytes,    3469744 total
[2020-09-30T09:17:55.468+0000][16584][gc,age       ] GC(271) - age   4:       9512 bytes,    3479256 total
[2020-09-30T09:17:55.468+0000][16584][gc,age       ] GC(271) - age   5:       1120 bytes,    3480376 total
[2020-09-30T09:17:55.468+0000][16584][gc,age       ] GC(271) - age   6:      57280 bytes,    3537656 total
[2020-09-30T09:17:55.468+0000][16584][gc,age       ] GC(271) - age   7:       2368 bytes,    3540024 total
[2020-09-30T09:17:55.468+0000][16584][gc,age       ] GC(271) - age   8:       2120 bytes,    3542144 total
[2020-09-30T09:17:55.468+0000][16584][gc,age       ] GC(271) - age   9:      10720 bytes,    3552864 total
[2020-09-30T09:17:55.468+0000][16584][gc,age       ] GC(271) - age  10:       1112 bytes,    3553976 total
[2020-09-30T09:17:55.468+0000][16584][gc,age       ] GC(271) - age  11:       1264 bytes,    3555240 total
[2020-09-30T09:17:55.468+0000][16584][gc,age       ] GC(271) - age  12:      10624 bytes,    3565864 total
[2020-09-30T09:17:55.468+0000][16584][gc,age       ] GC(271) - age  13:        696 bytes,    3566560 total
[2020-09-30T09:17:55.468+0000][16584][gc,age       ] GC(271) - age  14:       4192 bytes,    3570752 total
[2020-09-30T09:17:55.468+0000][16584][gc,age       ] GC(271) - age  15:       1792 bytes,    3572544 total
[2020-09-30T09:17:55.468+0000][16584][gc,phases    ] GC(271)   Pre Evacuate Collection Set: 0.5ms
[2020-09-30T09:17:55.468+0000][16584][gc,phases    ] GC(271)   Merge Heap Roots: 0.1ms
[2020-09-30T09:17:55.468+0000][16584][gc,phases    ] GC(271)   Evacuate Collection Set: 3.1ms
[2020-09-30T09:17:55.468+0000][16584][gc,phases    ] GC(271)   Post Evacuate Collection Set: 0.9ms
[2020-09-30T09:17:55.468+0000][16584][gc,phases    ] GC(271)   Other: 1.2ms
[2020-09-30T09:17:55.468+0000][16584][gc,heap      ] GC(271) Eden regions: 51->0(500)
[2020-09-30T09:17:55.468+0000][16584][gc,heap      ] GC(271) Survivor regions: 4->4(63)
[2020-09-30T09:17:55.468+0000][16584][gc,heap      ] GC(271) Old regions: 78->78
[2020-09-30T09:17:55.468+0000][16584][gc,heap      ] GC(271) Archive regions: 0->0
[2020-09-30T09:17:55.468+0000][16584][gc,heap      ] GC(271) Humongous regions: 288->174
[2020-09-30T09:17:55.468+0000][16584][gc,metaspace ] GC(271) Metaspace: 88210K(93952K)->88210K(93952K) NonClass: 77010K(80384K)->77010K(80384K) Class: 11199K(13568K)->11199K(13568K)
[2020-09-30T09:17:55.469+0000][16584][gc           ] GC(271) Pause Young (Concurrent Start) (G1 Humongous Allocation) 419M->255M(1024M) 6.180ms
[2020-09-30T09:17:55.469+0000][16584][gc,cpu       ] GC(271) User=0.03s Sys=0.02s Real=0.01s
[2020-09-30T09:17:55.469+0000][16584][gc           ] GC(272) Concurrent Cycle
[2020-09-30T09:17:55.469+0000][16584][safepoint    ] Safepoint "G1TryInitiateConcMark", Time since last: 656686800 ns, Reaching safepoint: 315200 ns, At safepoint: 6442600 ns, Total: 6757800 ns
[2020-09-30T09:17:55.469+0000][16584][gc,marking   ] GC(272) Concurrent Clear Claimed Marks
[2020-09-30T09:17:55.469+0000][16584][gc,marking   ] GC(272) Concurrent Clear Claimed Marks 0.513ms
[2020-09-30T09:17:55.469+0000][16584][gc,marking   ] GC(272) Concurrent Scan Root Regions
[2020-09-30T09:17:55.473+0000][16584][gc,marking   ] GC(272) Concurrent Scan Root Regions 4.092ms
[2020-09-30T09:17:55.474+0000][16584][gc,marking   ] GC(272) Concurrent Mark (169.331s)
[2020-09-30T09:17:55.474+0000][16584][gc,marking   ] GC(272) Concurrent Mark From Roots
[2020-09-30T09:17:55.474+0000][16584][gc,task      ] GC(272) Using 2 workers of 2 for marking
[2020-09-30T09:17:55.652+0000][16584][gc,marking   ] GC(272) Concurrent Mark From Roots 178.915ms
[2020-09-30T09:17:55.653+0000][16584][gc,marking   ] GC(272) Concurrent Preclean
[2020-09-30T09:17:55.653+0000][16584][gc,marking   ] GC(272) Concurrent Preclean 0.573ms
[2020-09-30T09:17:55.653+0000][16584][gc,marking   ] GC(272) Concurrent Mark (169.331s, 169.510s) 179.687ms
[2020-09-30T09:17:55.653+0000][16584][gc,start     ] GC(272) Pause Remark
[2020-09-30T09:17:55.661+0000][16584][gc           ] GC(272) Pause Remark 397M->397M(1024M) 7.137ms
[2020-09-30T09:17:55.661+0000][16584][gc,cpu       ] GC(272) User=0.06s Sys=0.00s Real=0.01s
[2020-09-30T09:17:55.661+0000][16584][safepoint    ] Safepoint "G1Concurrent", Time since last: 184581500 ns, Reaching safepoint: 148400 ns, At safepoint: 7399000 ns, Total: 7547400 ns
[2020-09-30T09:17:55.661+0000][16584][gc,marking   ] GC(272) Concurrent Rebuild Remembered Sets
[2020-09-30T09:17:55.761+0000][16584][gc,marking   ] GC(272) Concurrent Rebuild Remembered Sets 100.085ms
[2020-09-30T09:17:55.761+0000][16584][gc,start     ] GC(272) Pause Cleanup
[2020-09-30T09:17:55.762+0000][16584][gc           ] GC(272) Pause Cleanup 426M->426M(1024M) 0.350ms
[2020-09-30T09:17:55.762+0000][16584][gc,cpu       ] GC(272) User=0.00s Sys=0.00s Real=0.00s
[2020-09-30T09:17:55.762+0000][16584][safepoint    ] Safepoint "G1Concurrent", Time since last: 100266300 ns, Reaching safepoint: 137100 ns, At safepoint: 581500 ns, Total: 718600 ns
[2020-09-30T09:17:55.762+0000][16584][gc,marking   ] GC(272) Concurrent Cleanup for Next Mark
[2020-09-30T09:17:55.764+0000][16584][gc,marking   ] GC(272) Concurrent Cleanup for Next Mark 1.709ms
[2020-09-30T09:17:55.764+0000][16584][gc           ] GC(272) Concurrent Cycle 295.061ms
[2020-09-30T09:17:55.841+0000][16584][gc,start     ] GC(273) Pause Young (Concurrent Start) (G1 Humongous Allocation)
[2020-09-30T09:17:55.841+0000][16584][gc,task      ] GC(273) Using 8 workers of 8 for evacuation
[2020-09-30T09:17:55.841+0000][16584][gc,age       ] GC(273) Desired survivor size 33030144 bytes, new threshold 15 (max threshold 15)
[2020-09-30T09:17:55.847+0000][16584][gc,age       ] GC(273) Age table with threshold 15 (max threshold 15)
[2020-09-30T09:17:55.847+0000][16584][gc,age       ] GC(273) - age   1:    3302888 bytes,    3302888 total
[2020-09-30T09:17:55.847+0000][16584][gc,age       ] GC(273) - age   2:     547448 bytes,    3850336 total
[2020-09-30T09:17:55.847+0000][16584][gc,age       ] GC(273) - age   3:      16056 bytes,    3866392 total
[2020-09-30T09:17:55.847+0000][16584][gc,age       ] GC(273) - age   4:     176080 bytes,    4042472 total
[2020-09-30T09:17:55.847+0000][16584][gc,age       ] GC(273) - age   5:       9304 bytes,    4051776 total
[2020-09-30T09:17:55.847+0000][16584][gc,age       ] GC(273) - age   6:        896 bytes,    4052672 total
[2020-09-30T09:17:55.847+0000][16584][gc,age       ] GC(273) - age   7:      57120 bytes,    4109792 total
[2020-09-30T09:17:55.847+0000][16584][gc,age       ] GC(273) - age   8:       2368 bytes,    4112160 total
[2020-09-30T09:17:55.847+0000][16584][gc,age       ] GC(273) - age   9:       2088 bytes,    4114248 total
[2020-09-30T09:17:55.848+0000][16584][gc,age       ] GC(273) - age  10:      10720 bytes,    4124968 total
[2020-09-30T09:17:55.848+0000][16584][gc,age       ] GC(273) - age  11:       1112 bytes,    4126080 total
[2020-09-30T09:17:55.848+0000][16584][gc,age       ] GC(273) - age  12:       1264 bytes,    4127344 total
[2020-09-30T09:17:55.848+0000][16584][gc,age       ] GC(273) - age  13:      10624 bytes,    4137968 total
[2020-09-30T09:17:55.848+0000][16584][gc,age       ] GC(273) - age  14:        696 bytes,    4138664 total
[2020-09-30T09:17:55.848+0000][16584][gc,age       ] GC(273) - age  15:       4192 bytes,    4142856 total
[2020-09-30T09:17:55.848+0000][16584][gc,phases    ] GC(273)   Pre Evacuate Collection Set: 0.5ms
[2020-09-30T09:17:55.848+0000][16584][gc,phases    ] GC(273)   Merge Heap Roots: 0.1ms
[2020-09-30T09:17:55.848+0000][16584][gc,phases    ] GC(273)   Evacuate Collection Set: 3.2ms
[2020-09-30T09:17:55.848+0000][16584][gc,phases    ] GC(273)   Post Evacuate Collection Set: 1.8ms
[2020-09-30T09:17:55.848+0000][16584][gc,phases    ] GC(273)   Other: 1.4ms
[2020-09-30T09:17:55.848+0000][16584][gc,heap      ] GC(273) Eden regions: 57->0(501)
[2020-09-30T09:17:55.848+0000][16584][gc,heap      ] GC(273) Survivor regions: 4->4(63)
[2020-09-30T09:17:55.848+0000][16584][gc,heap      ] GC(273) Old regions: 78->78
[2020-09-30T09:17:55.848+0000][16584][gc,heap      ] GC(273) Archive regions: 0->0
[2020-09-30T09:17:55.848+0000][16584][gc,heap      ] GC(273) Humongous regions: 298->174
[2020-09-30T09:17:55.848+0000][16584][gc,metaspace ] GC(273) Metaspace: 88213K(93952K)->88213K(93952K) NonClass: 77013K(80384K)->77013K(80384K) Class: 11199K(13568K)->11199K(13568K)
[2020-09-30T09:17:55.848+0000][16584][gc           ] GC(273) Pause Young (Concurrent Start) (G1 Humongous Allocation) 435M->255M(1024M) 7.407ms
[2020-09-30T09:17:55.848+0000][16584][gc,cpu       ] GC(273) User=0.03s Sys=0.00s Real=0.01s
[2020-09-30T09:17:55.848+0000][16584][gc           ] GC(274) Concurrent Cycle
[2020-09-30T09:17:55.848+0000][16584][safepoint    ] Safepoint "G1TryInitiateConcMark", Time since last: 78899200 ns, Reaching safepoint: 160900 ns, At safepoint: 7694600 ns, Total: 7855500 ns
[2020-09-30T09:17:55.849+0000][16584][gc,marking   ] GC(274) Concurrent Clear Claimed Marks
[2020-09-30T09:17:55.849+0000][16584][gc,marking   ] GC(274) Concurrent Clear Claimed Marks 0.473ms
[2020-09-30T09:17:55.849+0000][16584][gc,marking   ] GC(274) Concurrent Scan Root Regions
[2020-09-30T09:17:55.852+0000][16584][gc,marking   ] GC(274) Concurrent Scan Root Regions 3.362ms
[2020-09-30T09:17:55.853+0000][16584][gc,marking   ] GC(274) Concurrent Mark (169.710s)
[2020-09-30T09:17:55.853+0000][16584][gc,marking   ] GC(274) Concurrent Mark From Roots
[2020-09-30T09:17:55.853+0000][16584][gc,task      ] GC(274) Using 2 workers of 2 for marking
[2020-09-30T09:17:55.924+0000][16584][safepoint    ] Safepoint "BulkRevokeBias", Time since last: 73828200 ns, Reaching safepoint: 217800 ns, At safepoint: 1508000 ns, Total: 1725800 ns
[2020-09-30T09:17:55.927+0000][16584][safepoint    ] Safepoint "BulkRevokeBias", Time since last: 411200 ns, Reaching safepoint: 203800 ns, At safepoint: 1936000 ns, Total: 2139800 ns
[2020-09-30T09:17:55.929+0000][16584][safepoint    ] Safepoint "BulkRevokeBias", Time since last: 365400 ns, Reaching safepoint: 215900 ns, At safepoint: 1402100 ns, Total: 1618000 ns
[2020-09-30T09:17:55.931+0000][16584][safepoint    ] Safepoint "BulkRevokeBias", Time since last: 167500 ns, Reaching safepoint: 177900 ns, At safepoint: 1732300 ns, Total: 1910200 ns
[2020-09-30T09:17:55.977+0000][16584][safepoint    ] Safepoint "BulkRevokeBias", Time since last: 43849000 ns, Reaching safepoint: 197100 ns, At safepoint: 1912800 ns, Total: 2109900 ns
[2020-09-30T09:17:55.997+0000][16584][safepoint    ] Safepoint "BulkRevokeBias", Time since last: 15222500 ns, Reaching safepoint: 3347500 ns, At safepoint: 1628200 ns, Total: 4975700 ns
[2020-09-30T09:17:56.000+0000][16584][safepoint    ] Safepoint "BulkRevokeBias", Time since last: 645400 ns, Reaching safepoint: 184000 ns, At safepoint: 1927600 ns, Total: 2111600 ns
[2020-09-30T09:17:56.024+0000][16584][safepoint    ] Safepoint "BulkRevokeBias", Time since last: 22230900 ns, Reaching safepoint: 187800 ns, At safepoint: 1901900 ns, Total: 2089700 ns
[2020-09-30T09:17:56.058+0000][16584][gc,marking   ] GC(274) Concurrent Mark From Roots 205.822ms
[2020-09-30T09:17:56.059+0000][16584][gc,marking   ] GC(274) Concurrent Preclean
[2020-09-30T09:17:56.059+0000][16584][gc,marking   ] GC(274) Concurrent Preclean 0.586ms
[2020-09-30T09:17:56.059+0000][16584][gc,marking   ] GC(274) Concurrent Mark (169.710s, 169.916s) 206.635ms
[2020-09-30T09:17:56.061+0000][16584][gc,start     ] GC(274) Pause Remark
[2020-09-30T09:17:56.068+0000][16584][gc           ] GC(274) Pause Remark 400M->400M(1024M) 7.487ms
[2020-09-30T09:17:56.068+0000][16584][gc,cpu       ] GC(274) User=0.00s Sys=0.00s Real=0.01s
[2020-09-30T09:17:56.069+0000][16584][safepoint    ] Safepoint "G1Concurrent", Time since last: 35505500 ns, Reaching safepoint: 1116200 ns, At safepoint: 8120700 ns, Total: 9236900 ns
[2020-09-30T09:17:56.069+0000][16584][gc,marking   ] GC(274) Concurrent Rebuild Remembered Sets
[2020-09-30T09:17:56.177+0000][16584][gc,marking   ] GC(274) Concurrent Rebuild Remembered Sets 108.740ms
[2020-09-30T09:17:56.178+0000][16584][gc,start     ] GC(274) Pause Cleanup
[2020-09-30T09:17:56.178+0000][16584][gc           ] GC(274) Pause Cleanup 477M->477M(1024M) 0.372ms
[2020-09-30T09:17:56.178+0000][16584][gc,cpu       ] GC(274) User=0.00s Sys=0.00s Real=0.00s
[2020-09-30T09:17:56.178+0000][16584][safepoint    ] Safepoint "G1Concurrent", Time since last: 108991900 ns, Reaching safepoint: 192200 ns, At safepoint: 594000 ns, Total: 786200 ns
[2020-09-30T09:17:56.178+0000][16584][gc,marking   ] GC(274) Concurrent Cleanup for Next Mark
[2020-09-30T09:17:56.180+0000][16584][gc,marking   ] GC(274) Concurrent Cleanup for Next Mark 1.717ms
[2020-09-30T09:17:56.180+0000][16584][gc           ] GC(274) Concurrent Cycle 331.932ms
[2020-09-30T09:17:56.190+0000][16584][gc,start     ] GC(275) Pause Young (Concurrent Start) (G1 Humongous Allocation)
[2020-09-30T09:17:56.190+0000][16584][gc,task      ] GC(275) Using 8 workers of 8 for evacuation
[2020-09-30T09:17:56.190+0000][16584][gc,age       ] GC(275) Desired survivor size 33554432 bytes, new threshold 15 (max threshold 15)
[2020-09-30T09:17:56.195+0000][16584][gc,age       ] GC(275) Age table with threshold 15 (max threshold 15)
[2020-09-30T09:17:56.195+0000][16584][gc,age       ] GC(275) - age   1:    3263048 bytes,    3263048 total
[2020-09-30T09:17:56.195+0000][16584][gc,age       ] GC(275) - age   2:     523728 bytes,    3786776 total
[2020-09-30T09:17:56.195+0000][16584][gc,age       ] GC(275) - age   3:     455712 bytes,    4242488 total
[2020-09-30T09:17:56.195+0000][16584][gc,age       ] GC(275) - age   4:      15512 bytes,    4258000 total
[2020-09-30T09:17:56.195+0000][16584][gc,age       ] GC(275) - age   5:     176080 bytes,    4434080 total
[2020-09-30T09:17:56.195+0000][16584][gc,age       ] GC(275) - age   6:       9272 bytes,    4443352 total
[2020-09-30T09:17:56.195+0000][16584][gc,age       ] GC(275) - age   7:        896 bytes,    4444248 total
[2020-09-30T09:17:56.195+0000][16584][gc,age       ] GC(275) - age   8:      57120 bytes,    4501368 total
[2020-09-30T09:17:56.195+0000][16584][gc,age       ] GC(275) - age   9:       2368 bytes,    4503736 total
[2020-09-30T09:17:56.195+0000][16584][gc,age       ] GC(275) - age  10:       2088 bytes,    4505824 total
[2020-09-30T09:17:56.195+0000][16584][gc,age       ] GC(275) - age  11:      10720 bytes,    4516544 total
[2020-09-30T09:17:56.195+0000][16584][gc,age       ] GC(275) - age  12:       1048 bytes,    4517592 total
[2020-09-30T09:17:56.196+0000][16584][gc,age       ] GC(275) - age  13:       1200 bytes,    4518792 total
[2020-09-30T09:17:56.196+0000][16584][gc,age       ] GC(275) - age  14:      10592 bytes,    4529384 total
[2020-09-30T09:17:56.196+0000][16584][gc,age       ] GC(275) - age  15:        696 bytes,    4530080 total
[2020-09-30T09:17:56.196+0000][16584][gc,phases    ] GC(275)   Pre Evacuate Collection Set: 0.5ms
[2020-09-30T09:17:56.196+0000][16584][gc,phases    ] GC(275)   Merge Heap Roots: 0.1ms
[2020-09-30T09:17:56.196+0000][16584][gc,phases    ] GC(275)   Evacuate Collection Set: 3.3ms
[2020-09-30T09:17:56.196+0000][16584][gc,phases    ] GC(275)   Post Evacuate Collection Set: 1.0ms
[2020-09-30T09:17:56.196+0000][16584][gc,phases    ] GC(275)   Other: 1.3ms
[2020-09-30T09:17:56.196+0000][16584][gc,heap      ] GC(275) Eden regions: 53->0(500)
[2020-09-30T09:17:56.196+0000][16584][gc,heap      ] GC(275) Survivor regions: 4->5(64)
[2020-09-30T09:17:56.196+0000][16584][gc,heap      ] GC(275) Old regions: 78->78
[2020-09-30T09:17:56.196+0000][16584][gc,heap      ] GC(275) Archive regions: 0->0
[2020-09-30T09:17:56.196+0000][16584][gc,heap      ] GC(275) Humongous regions: 348->174
[2020-09-30T09:17:56.196+0000][16584][gc,metaspace ] GC(275) Metaspace: 88257K(94208K)->88257K(94208K) NonClass: 77051K(80640K)->77051K(80640K) Class: 11206K(13568K)->11206K(13568K)
[2020-09-30T09:17:56.196+0000][16584][gc           ] GC(275) Pause Young (Concurrent Start) (G1 Humongous Allocation) 482M->256M(1024M) 6.635ms
[2020-09-30T09:17:56.196+0000][16584][gc,cpu       ] GC(275) User=0.00s Sys=0.00s Real=0.01s
[2020-09-30T09:17:56.196+0000][16584][gc           ] GC(276) Concurrent Cycle
[2020-09-30T09:17:56.196+0000][16584][gc,marking   ] GC(276) Concurrent Clear Claimed Marks
[2020-09-30T09:17:56.197+0000][16584][gc,marking   ] GC(276) Concurrent Clear Claimed Marks 0.386ms
[2020-09-30T09:17:56.197+0000][16584][gc,marking   ] GC(276) Concurrent Scan Root Regions
[2020-09-30T09:17:56.200+0000][16584][gc,marking   ] GC(276) Concurrent Scan Root Regions 2.717ms
[2020-09-30T09:17:56.200+0000][16584][safepoint    ] Safepoint "G1TryInitiateConcMark", Time since last: 10956500 ns, Reaching safepoint: 151000 ns, At safepoint: 10061800 ns, Total: 10212800 ns
[2020-09-30T09:17:56.200+0000][16584][gc,marking   ] GC(276) Concurrent Mark (170.057s)
[2020-09-30T09:17:56.200+0000][16584][gc,marking   ] GC(276) Concurrent Mark From Roots
[2020-09-30T09:17:56.200+0000][16584][gc,task      ] GC(276) Using 2 workers of 2 for marking
[2020-09-30T09:17:56.388+0000][16584][gc,marking   ] GC(276) Concurrent Mark From Roots 187.918ms
[2020-09-30T09:17:56.388+0000][16584][gc,marking   ] GC(276) Concurrent Preclean
[2020-09-30T09:17:56.388+0000][16584][gc,marking   ] GC(276) Concurrent Preclean 0.639ms
[2020-09-30T09:17:56.388+0000][16584][gc,marking   ] GC(276) Concurrent Mark (170.057s, 170.246s) 188.820ms
[2020-09-30T09:17:56.389+0000][16584][gc,start     ] GC(276) Pause Remark
[2020-09-30T09:17:56.395+0000][16584][gc           ] GC(276) Pause Remark 397M->397M(1024M) 6.426ms
[2020-09-30T09:17:56.395+0000][16584][gc,cpu       ] GC(276) User=0.00s Sys=0.00s Real=0.01s
[2020-09-30T09:17:56.395+0000][16584][safepoint    ] Safepoint "G1Concurrent", Time since last: 189010100 ns, Reaching safepoint: 167300 ns, At safepoint: 6716700 ns, Total: 6884000 ns
[2020-09-30T09:17:56.396+0000][16584][gc,marking   ] GC(276) Concurrent Rebuild Remembered Sets
[2020-09-30T09:17:56.499+0000][16584][gc,marking   ] GC(276) Concurrent Rebuild Remembered Sets 103.244ms
[2020-09-30T09:17:56.499+0000][16584][gc,start     ] GC(276) Pause Cleanup
[2020-09-30T09:17:56.499+0000][16584][gc           ] GC(276) Pause Cleanup 405M->405M(1024M) 0.347ms
[2020-09-30T09:17:56.500+0000][16584][gc,cpu       ] GC(276) User=0.00s Sys=0.00s Real=0.00s
[2020-09-30T09:17:56.500+0000][16584][safepoint    ] Safepoint "G1Concurrent", Time since last: 103477800 ns, Reaching safepoint: 145500 ns, At safepoint: 573800 ns, Total: 719300 ns
[2020-09-30T09:17:56.500+0000][16584][gc,marking   ] GC(276) Concurrent Cleanup for Next Mark
[2020-09-30T09:17:56.502+0000][16584][gc,marking   ] GC(276) Concurrent Cleanup for Next Mark 2.266ms
[2020-09-30T09:17:56.502+0000][16584][gc           ] GC(276) Concurrent Cycle 305.855ms
[2020-09-30T09:17:56.774+0000][16584][gc,start     ] GC(277) Pause Young (Concurrent Start) (G1 Humongous Allocation)
[2020-09-30T09:17:56.774+0000][16584][gc,task      ] GC(277) Using 8 workers of 8 for evacuation
[2020-09-30T09:17:56.774+0000][16584][gc,age       ] GC(277) Desired survivor size 33554432 bytes, new threshold 15 (max threshold 15)
[2020-09-30T09:17:56.778+0000][16584][gc,age       ] GC(277) Age table with threshold 15 (max threshold 15)
[2020-09-30T09:17:56.778+0000][16584][gc,age       ] GC(277) - age   1:    2736048 bytes,    2736048 total
[2020-09-30T09:17:56.779+0000][16584][gc,age       ] GC(277) - age   2:     161016 bytes,    2897064 total
[2020-09-30T09:17:56.779+0000][16584][gc,age       ] GC(277) - age   3:      13728 bytes,    2910792 total
[2020-09-30T09:17:56.779+0000][16584][gc,age       ] GC(277) - age   4:     453552 bytes,    3364344 total
[2020-09-30T09:17:56.779+0000][16584][gc,age       ] GC(277) - age   5:      15384 bytes,    3379728 total
[2020-09-30T09:17:56.779+0000][16584][gc,age       ] GC(277) - age   6:     176016 bytes,    3555744 total
[2020-09-30T09:17:56.779+0000][16584][gc,age       ] GC(277) - age   7:       9144 bytes,    3564888 total
[2020-09-30T09:17:56.779+0000][16584][gc,age       ] GC(277) - age   8:        864 bytes,    3565752 total
[2020-09-30T09:17:56.779+0000][16584][gc,age       ] GC(277) - age   9:      57056 bytes,    3622808 total
[2020-09-30T09:17:56.779+0000][16584][gc,age       ] GC(277) - age  10:       2368 bytes,    3625176 total
[2020-09-30T09:17:56.779+0000][16584][gc,age       ] GC(277) - age  11:       1992 bytes,    3627168 total
[2020-09-30T09:17:56.779+0000][16584][gc,age       ] GC(277) - age  12:      10720 bytes,    3637888 total
[2020-09-30T09:17:56.779+0000][16584][gc,age       ] GC(277) - age  13:       1048 bytes,    3638936 total
[2020-09-30T09:17:56.779+0000][16584][gc,age       ] GC(277) - age  14:       1168 bytes,    3640104 total
[2020-09-30T09:17:56.779+0000][16584][gc,age       ] GC(277) - age  15:      10592 bytes,    3650696 total
[2020-09-30T09:17:56.779+0000][16584][gc,phases    ] GC(277)   Pre Evacuate Collection Set: 0.5ms
[2020-09-30T09:17:56.779+0000][16584][gc,phases    ] GC(277)   Merge Heap Roots: 0.1ms
[2020-09-30T09:17:56.779+0000][16584][gc,phases    ] GC(277)   Evacuate Collection Set: 2.8ms
[2020-09-30T09:17:56.779+0000][16584][gc,phases    ] GC(277)   Post Evacuate Collection Set: 0.9ms
[2020-09-30T09:17:56.779+0000][16584][gc,phases    ] GC(277)   Other: 1.3ms
[2020-09-30T09:17:56.780+0000][16584][gc,heap      ] GC(277) Eden regions: 38->0(502)
[2020-09-30T09:17:56.780+0000][16584][gc,heap      ] GC(277) Survivor regions: 5->4(64)
[2020-09-30T09:17:56.780+0000][16584][gc,heap      ] GC(277) Old regions: 78->78
[2020-09-30T09:17:56.780+0000][16584][gc,heap      ] GC(277) Archive regions: 0->0
[2020-09-30T09:17:56.780+0000][16584][gc,heap      ] GC(277) Humongous regions: 294->174
[2020-09-30T09:17:56.780+0000][16584][gc,metaspace ] GC(277) Metaspace: 88298K(94208K)->88298K(94208K) NonClass: 77090K(80640K)->77090K(80640K) Class: 11208K(13568K)->11208K(13568K)
[2020-09-30T09:17:56.780+0000][16584][gc           ] GC(277) Pause Young (Concurrent Start) (G1 Humongous Allocation) 413M->255M(1024M) 6.050ms
[2020-09-30T09:17:56.780+0000][16584][gc,cpu       ] GC(277) User=0.02s Sys=0.02s Real=0.01s
[2020-09-30T09:17:56.780+0000][16584][gc           ] GC(278) Concurrent Cycle
[2020-09-30T09:17:56.780+0000][16584][safepoint    ] Safepoint "G1TryInitiateConcMark", Time since last: 273855300 ns, Reaching safepoint: 170700 ns, At safepoint: 6304800 ns, Total: 6475500 ns
[2020-09-30T09:17:56.780+0000][16584][gc,marking   ] GC(278) Concurrent Clear Claimed Marks
[2020-09-30T09:17:56.781+0000][16584][gc,marking   ] GC(278) Concurrent Clear Claimed Marks 0.563ms
[2020-09-30T09:17:56.781+0000][16584][gc,marking   ] GC(278) Concurrent Scan Root Regions
[2020-09-30T09:17:56.785+0000][16584][gc,marking   ] GC(278) Concurrent Scan Root Regions 4.301ms
[2020-09-30T09:17:56.785+0000][16584][gc,marking   ] GC(278) Concurrent Mark (170.642s)
[2020-09-30T09:17:56.785+0000][16584][gc,marking   ] GC(278) Concurrent Mark From Roots
[2020-09-30T09:17:56.785+0000][16584][gc,task      ] GC(278) Using 2 workers of 2 for marking
[2020-09-30T09:17:56.961+0000][16584][gc,marking   ] GC(278) Concurrent Mark From Roots 175.692ms
[2020-09-30T09:17:56.962+0000][16584][gc,marking   ] GC(278) Concurrent Preclean
[2020-09-30T09:17:56.962+0000][16584][gc,marking   ] GC(278) Concurrent Preclean 0.623ms
[2020-09-30T09:17:56.962+0000][16584][gc,marking   ] GC(278) Concurrent Mark (170.642s, 170.819s) 176.549ms
[2020-09-30T09:17:56.963+0000][16584][gc,start     ] GC(278) Pause Remark
[2020-09-30T09:17:56.969+0000][16584][gc           ] GC(278) Pause Remark 392M->392M(1024M) 6.886ms
[2020-09-30T09:17:56.970+0000][16584][gc,cpu       ] GC(278) User=0.09s Sys=0.00s Real=0.01s
[2020-09-30T09:17:56.970+0000][16584][safepoint    ] Safepoint "G1Concurrent", Time since last: 181845800 ns, Reaching safepoint: 152900 ns, At safepoint: 7173500 ns, Total: 7326400 ns
[2020-09-30T09:17:56.970+0000][16584][gc,marking   ] GC(278) Concurrent Rebuild Remembered Sets
[2020-09-30T09:17:57.070+0000][16584][gc,marking   ] GC(278) Concurrent Rebuild Remembered Sets 100.346ms
[2020-09-30T09:17:57.070+0000][16584][gc,start     ] GC(278) Pause Cleanup
[2020-09-30T09:17:57.071+0000][16584][gc           ] GC(278) Pause Cleanup 392M->392M(1024M) 0.371ms
[2020-09-30T09:17:57.071+0000][16584][gc,cpu       ] GC(278) User=0.00s Sys=0.00s Real=0.00s
[2020-09-30T09:17:57.071+0000][16584][safepoint    ] Safepoint "G1Concurrent", Time since last: 100544900 ns, Reaching safepoint: 155700 ns, At safepoint: 563500 ns, Total: 719200 ns
[2020-09-30T09:17:57.071+0000][16584][gc,marking   ] GC(278) Concurrent Cleanup for Next Mark
[2020-09-30T09:17:57.073+0000][16584][gc,marking   ] GC(278) Concurrent Cleanup for Next Mark 1.761ms
[2020-09-30T09:17:57.073+0000][16584][gc           ] GC(278) Concurrent Cycle 292.419ms
[2020-09-30T09:17:57.120+0000][16584][gc,start     ] GC(279) Pause Young (Concurrent Start) (G1 Humongous Allocation)
[2020-09-30T09:17:57.120+0000][16584][gc,task      ] GC(279) Using 8 workers of 8 for evacuation
[2020-09-30T09:17:57.120+0000][16584][gc,age       ] GC(279) Desired survivor size 33554432 bytes, new threshold 15 (max threshold 15)
[2020-09-30T09:17:57.125+0000][16584][gc,age       ] GC(279) Age table with threshold 15 (max threshold 15)
[2020-09-30T09:17:57.125+0000][16584][gc,age       ] GC(279) - age   1:    2710192 bytes,    2710192 total
[2020-09-30T09:17:57.125+0000][16584][gc,age       ] GC(279) - age   2:      26680 bytes,    2736872 total
[2020-09-30T09:17:57.125+0000][16584][gc,age       ] GC(279) - age   3:     161016 bytes,    2897888 total
[2020-09-30T09:17:57.125+0000][16584][gc,age       ] GC(279) - age   4:      13008 bytes,    2910896 total
[2020-09-30T09:17:57.125+0000][16584][gc,age       ] GC(279) - age   5:     453456 bytes,    3364352 total
[2020-09-30T09:17:57.125+0000][16584][gc,age       ] GC(279) - age   6:      15352 bytes,    3379704 total
[2020-09-30T09:17:57.125+0000][16584][gc,age       ] GC(279) - age   7:     176016 bytes,    3555720 total
[2020-09-30T09:17:57.125+0000][16584][gc,age       ] GC(279) - age   8:       9144 bytes,    3564864 total
[2020-09-30T09:17:57.125+0000][16584][gc,age       ] GC(279) - age   9:        832 bytes,    3565696 total
[2020-09-30T09:17:57.125+0000][16584][gc,age       ] GC(279) - age  10:      57056 bytes,    3622752 total
[2020-09-30T09:17:57.125+0000][16584][gc,age       ] GC(279) - age  11:       2368 bytes,    3625120 total
[2020-09-30T09:17:57.125+0000][16584][gc,age       ] GC(279) - age  12:       1992 bytes,    3627112 total
[2020-09-30T09:17:57.125+0000][16584][gc,age       ] GC(279) - age  13:      10624 bytes,    3637736 total
[2020-09-30T09:17:57.125+0000][16584][gc,age       ] GC(279) - age  14:       1048 bytes,    3638784 total
[2020-09-30T09:17:57.125+0000][16584][gc,age       ] GC(279) - age  15:       1168 bytes,    3639952 total
[2020-09-30T09:17:57.125+0000][16584][gc,phases    ] GC(279)   Pre Evacuate Collection Set: 0.5ms
[2020-09-30T09:17:57.125+0000][16584][gc,phases    ] GC(279)   Merge Heap Roots: 0.1ms
[2020-09-30T09:17:57.125+0000][16584][gc,phases    ] GC(279)   Evacuate Collection Set: 2.6ms
[2020-09-30T09:17:57.125+0000][16584][gc,phases    ] GC(279)   Post Evacuate Collection Set: 0.8ms
[2020-09-30T09:17:57.125+0000][16584][gc,phases    ] GC(279)   Other: 1.1ms
[2020-09-30T09:17:57.125+0000][16584][gc,heap      ] GC(279) Eden regions: 39->0(503)
[2020-09-30T09:17:57.125+0000][16584][gc,heap      ] GC(279) Survivor regions: 4->4(64)
[2020-09-30T09:17:57.125+0000][16584][gc,heap      ] GC(279) Old regions: 78->78
[2020-09-30T09:17:57.126+0000][16584][gc,heap      ] GC(279) Archive regions: 0->0
[2020-09-30T09:17:57.126+0000][16584][gc,heap      ] GC(279) Humongous regions: 278->174
[2020-09-30T09:17:57.126+0000][16584][gc,metaspace ] GC(279) Metaspace: 88315K(94208K)->88315K(94208K) NonClass: 77106K(80640K)->77106K(80640K) Class: 11208K(13568K)->11208K(13568K)
[2020-09-30T09:17:57.126+0000][16584][gc           ] GC(279) Pause Young (Concurrent Start) (G1 Humongous Allocation) 398M->255M(1024M) 5.438ms
[2020-09-30T09:17:57.126+0000][16584][gc,cpu       ] GC(279) User=0.03s Sys=0.00s Real=0.01s
[2020-09-30T09:17:57.126+0000][16584][safepoint    ] Safepoint "G1TryInitiateConcMark", Time since last: 49068200 ns, Reaching safepoint: 162600 ns, At safepoint: 5670900 ns, Total: 5833500 ns
[2020-09-30T09:17:57.126+0000][16584][gc           ] GC(280) Concurrent Cycle
[2020-09-30T09:17:57.126+0000][16584][gc,marking   ] GC(280) Concurrent Clear Claimed Marks
[2020-09-30T09:17:57.126+0000][16584][gc,marking   ] GC(280) Concurrent Clear Claimed Marks 0.397ms
[2020-09-30T09:17:57.126+0000][16584][gc,marking   ] GC(280) Concurrent Scan Root Regions
[2020-09-30T09:17:57.130+0000][16584][gc,marking   ] GC(280) Concurrent Scan Root Regions 3.579ms
[2020-09-30T09:17:57.130+0000][16584][gc,marking   ] GC(280) Concurrent Mark (170.987s)
[2020-09-30T09:17:57.130+0000][16584][gc,marking   ] GC(280) Concurrent Mark From Roots
[2020-09-30T09:17:57.130+0000][16584][gc,task      ] GC(280) Using 2 workers of 2 for marking
[2020-09-30T09:17:57.313+0000][16584][gc,marking   ] GC(280) Concurrent Mark From Roots 182.515ms
[2020-09-30T09:17:57.313+0000][16584][gc,marking   ] GC(280) Concurrent Preclean
[2020-09-30T09:17:57.313+0000][16584][gc,marking   ] GC(280) Concurrent Preclean 0.556ms
[2020-09-30T09:17:57.313+0000][16584][gc,marking   ] GC(280) Concurrent Mark (170.987s, 171.170s) 183.298ms
[2020-09-30T09:17:57.314+0000][16584][gc,start     ] GC(280) Pause Remark
[2020-09-30T09:17:57.321+0000][16584][gc           ] GC(280) Pause Remark 387M->387M(1024M) 7.033ms
[2020-09-30T09:17:57.321+0000][16584][gc,cpu       ] GC(280) User=0.00s Sys=0.00s Real=0.01s
[2020-09-30T09:17:57.321+0000][16584][safepoint    ] Safepoint "G1Concurrent", Time since last: 187720800 ns, Reaching safepoint: 171800 ns, At safepoint: 7538800 ns, Total: 7710600 ns
[2020-09-30T09:17:57.321+0000][16584][gc,marking   ] GC(280) Concurrent Rebuild Remembered Sets
[2020-09-30T09:17:57.428+0000][16584][gc,marking   ] GC(280) Concurrent Rebuild Remembered Sets 106.739ms
[2020-09-30T09:17:57.428+0000][16584][gc,start     ] GC(280) Pause Cleanup
[2020-09-30T09:17:57.429+0000][16584][gc           ] GC(280) Pause Cleanup 408M->408M(1024M) 0.389ms
[2020-09-30T09:17:57.429+0000][16584][gc,cpu       ] GC(280) User=0.00s Sys=0.00s Real=0.00s
[2020-09-30T09:17:57.429+0000][16584][safepoint    ] Safepoint "G1Concurrent", Time since last: 107037500 ns, Reaching safepoint: 197600 ns, At safepoint: 636700 ns, Total: 834300 ns
[2020-09-30T09:17:57.429+0000][16584][gc,marking   ] GC(280) Concurrent Cleanup for Next Mark
[2020-09-30T09:17:57.431+0000][16584][gc,marking   ] GC(280) Concurrent Cleanup for Next Mark 1.843ms
[2020-09-30T09:17:57.431+0000][16584][gc           ] GC(280) Concurrent Cycle 305.369ms
[2020-09-30T09:17:57.526+0000][16584][gc,start     ] GC(281) Pause Young (Concurrent Start) (G1 Humongous Allocation)
[2020-09-30T09:17:57.526+0000][16584][gc,task      ] GC(281) Using 8 workers of 8 for evacuation
[2020-09-30T09:17:57.527+0000][16584][gc,age       ] GC(281) Desired survivor size 33554432 bytes, new threshold 15 (max threshold 15)
[2020-09-30T09:17:57.531+0000][16584][gc,age       ] GC(281) Age table with threshold 15 (max threshold 15)
[2020-09-30T09:17:57.531+0000][16584][gc,age       ] GC(281) - age   1:    1080112 bytes,    1080112 total
[2020-09-30T09:17:57.531+0000][16584][gc,age       ] GC(281) - age   2:       2912 bytes,    1083024 total
[2020-09-30T09:17:57.531+0000][16584][gc,age       ] GC(281) - age   3:      22800 bytes,    1105824 total
[2020-09-30T09:17:57.531+0000][16584][gc,age       ] GC(281) - age   4:     160760 bytes,    1266584 total
[2020-09-30T09:17:57.531+0000][16584][gc,age       ] GC(281) - age   5:      12816 bytes,    1279400 total
[2020-09-30T09:17:57.531+0000][16584][gc,age       ] GC(281) - age   6:     453456 bytes,    1732856 total
[2020-09-30T09:17:57.531+0000][16584][gc,age       ] GC(281) - age   7:      15288 bytes,    1748144 total
[2020-09-30T09:17:57.531+0000][16584][gc,age       ] GC(281) - age   8:     175728 bytes,    1923872 total
[2020-09-30T09:17:57.531+0000][16584][gc,age       ] GC(281) - age   9:       9144 bytes,    1933016 total
[2020-09-30T09:17:57.531+0000][16584][gc,age       ] GC(281) - age  10:        832 bytes,    1933848 total
[2020-09-30T09:17:57.531+0000][16584][gc,age       ] GC(281) - age  11:      57056 bytes,    1990904 total
[2020-09-30T09:17:57.531+0000][16584][gc,age       ] GC(281) - age  12:       2368 bytes,    1993272 total
[2020-09-30T09:17:57.531+0000][16584][gc,age       ] GC(281) - age  13:       1992 bytes,    1995264 total
[2020-09-30T09:17:57.531+0000][16584][gc,age       ] GC(281) - age  14:      10560 bytes,    2005824 total
[2020-09-30T09:17:57.531+0000][16584][gc,age       ] GC(281) - age  15:       1048 bytes,    2006872 total
[2020-09-30T09:17:57.531+0000][16584][gc,phases    ] GC(281)   Pre Evacuate Collection Set: 0.4ms
[2020-09-30T09:17:57.531+0000][16584][gc,phases    ] GC(281)   Merge Heap Roots: 0.1ms
[2020-09-30T09:17:57.531+0000][16584][gc,phases    ] GC(281)   Evacuate Collection Set: 2.4ms
[2020-09-30T09:17:57.531+0000][16584][gc,phases    ] GC(281)   Post Evacuate Collection Set: 0.9ms
[2020-09-30T09:17:57.531+0000][16584][gc,phases    ] GC(281)   Other: 1.1ms
[2020-09-30T09:17:57.531+0000][16584][gc,heap      ] GC(281) Eden regions: 48->0(504)
[2020-09-30T09:17:57.532+0000][16584][gc,heap      ] GC(281) Survivor regions: 4->3(64)
[2020-09-30T09:17:57.532+0000][16584][gc,heap      ] GC(281) Old regions: 78->78
[2020-09-30T09:17:57.532+0000][16584][gc,heap      ] GC(281) Archive regions: 0->0
[2020-09-30T09:17:57.532+0000][16584][gc,heap      ] GC(281) Humongous regions: 288->174
[2020-09-30T09:17:57.532+0000][16584][gc,metaspace ] GC(281) Metaspace: 88320K(94208K)->88320K(94208K) NonClass: 77111K(80640K)->77111K(80640K) Class: 11208K(13568K)->11208K(13568K)
[2020-09-30T09:17:57.532+0000][16584][gc           ] GC(281) Pause Young (Concurrent Start) (G1 Humongous Allocation) 417M->253M(1024M) 5.322ms
[2020-09-30T09:17:57.532+0000][16584][gc,cpu       ] GC(281) User=0.11s Sys=0.00s Real=0.01s
[2020-09-30T09:17:57.532+0000][16584][safepoint    ] Safepoint "G1TryInitiateConcMark", Time since last: 97119900 ns, Reaching safepoint: 175000 ns, At safepoint: 5543100 ns, Total: 5718100 ns
[2020-09-30T09:17:57.532+0000][16584][gc           ] GC(282) Concurrent Cycle
[2020-09-30T09:17:57.532+0000][16584][gc,marking   ] GC(282) Concurrent Clear Claimed Marks
[2020-09-30T09:17:57.533+0000][16584][gc,marking   ] GC(282) Concurrent Clear Claimed Marks 0.531ms
[2020-09-30T09:17:57.533+0000][16584][gc,marking   ] GC(282) Concurrent Scan Root Regions
[2020-09-30T09:17:57.536+0000][16584][gc,marking   ] GC(282) Concurrent Scan Root Regions 3.084ms
[2020-09-30T09:17:57.536+0000][16584][gc,marking   ] GC(282) Concurrent Mark (171.393s)
[2020-09-30T09:17:57.536+0000][16584][gc,marking   ] GC(282) Concurrent Mark From Roots
[2020-09-30T09:17:57.536+0000][16584][gc,task      ] GC(282) Using 2 workers of 2 for marking
[2020-09-30T09:17:57.716+0000][16584][gc,marking   ] GC(282) Concurrent Mark From Roots 180.555ms
[2020-09-30T09:17:57.717+0000][16584][gc,marking   ] GC(282) Concurrent Preclean
[2020-09-30T09:17:57.717+0000][16584][gc,marking   ] GC(282) Concurrent Preclean 0.605ms
[2020-09-30T09:17:57.718+0000][16584][gc,marking   ] GC(282) Concurrent Mark (171.393s, 171.574s) 181.662ms
[2020-09-30T09:17:57.718+0000][16584][gc,start     ] GC(282) Pause Remark
[2020-09-30T09:17:57.725+0000][16584][gc           ] GC(282) Pause Remark 414M->414M(1024M) 6.955ms
[2020-09-30T09:17:57.725+0000][16584][gc,cpu       ] GC(282) User=0.00s Sys=0.00s Real=0.01s
[2020-09-30T09:17:57.725+0000][16584][safepoint    ] Safepoint "G1Concurrent", Time since last: 185727700 ns, Reaching safepoint: 197500 ns, At safepoint: 7179400 ns, Total: 7376900 ns
[2020-09-30T09:17:57.725+0000][16584][gc,marking   ] GC(282) Concurrent Rebuild Remembered Sets
[2020-09-30T09:17:57.828+0000][16584][gc,marking   ] GC(282) Concurrent Rebuild Remembered Sets 103.374ms
[2020-09-30T09:17:57.829+0000][16584][gc,start     ] GC(282) Pause Cleanup
[2020-09-30T09:17:57.829+0000][16584][gc           ] GC(282) Pause Cleanup 490M->490M(1024M) 0.345ms
[2020-09-30T09:17:57.829+0000][16584][gc,cpu       ] GC(282) User=0.00s Sys=0.00s Real=0.00s
[2020-09-30T09:17:57.829+0000][16584][safepoint    ] Safepoint "G1Concurrent", Time since last: 103557500 ns, Reaching safepoint: 154100 ns, At safepoint: 558700 ns, Total: 712800 ns
[2020-09-30T09:17:57.829+0000][16584][gc,marking   ] GC(282) Concurrent Cleanup for Next Mark
[2020-09-30T09:17:57.831+0000][16584][gc,marking   ] GC(282) Concurrent Cleanup for Next Mark 1.957ms
[2020-09-30T09:17:57.831+0000][16584][gc           ] GC(282) Concurrent Cycle 299.568ms
[2020-09-30T09:17:58.235+0000][16584][gc,start     ] GC(283) Pause Young (Concurrent Start) (G1 Humongous Allocation)
[2020-09-30T09:17:58.235+0000][16584][gc,task      ] GC(283) Using 8 workers of 8 for evacuation
[2020-09-30T09:17:58.235+0000][16584][gc,age       ] GC(283) Desired survivor size 33554432 bytes, new threshold 15 (max threshold 15)
[2020-09-30T09:17:58.240+0000][16584][gc,age       ] GC(283) Age table with threshold 15 (max threshold 15)
[2020-09-30T09:17:58.240+0000][16584][gc,age       ] GC(283) - age   1:    2722936 bytes,    2722936 total
[2020-09-30T09:17:58.240+0000][16584][gc,age       ] GC(283) - age   2:       8128 bytes,    2731064 total
[2020-09-30T09:17:58.240+0000][16584][gc,age       ] GC(283) - age   3:        416 bytes,    2731480 total
[2020-09-30T09:17:58.240+0000][16584][gc,age       ] GC(283) - age   4:      18440 bytes,    2749920 total
[2020-09-30T09:17:58.240+0000][16584][gc,age       ] GC(283) - age   5:     160472 bytes,    2910392 total
[2020-09-30T09:17:58.240+0000][16584][gc,age       ] GC(283) - age   6:      12272 bytes,    2922664 total
[2020-09-30T09:17:58.240+0000][16584][gc,age       ] GC(283) - age   7:     450968 bytes,    3373632 total
[2020-09-30T09:17:58.240+0000][16584][gc,age       ] GC(283) - age   8:      14840 bytes,    3388472 total
[2020-09-30T09:17:58.240+0000][16584][gc,age       ] GC(283) - age   9:     175664 bytes,    3564136 total
[2020-09-30T09:17:58.240+0000][16584][gc,age       ] GC(283) - age  10:       9144 bytes,    3573280 total
[2020-09-30T09:17:58.240+0000][16584][gc,age       ] GC(283) - age  11:        832 bytes,    3574112 total
[2020-09-30T09:17:58.240+0000][16584][gc,age       ] GC(283) - age  12:      57056 bytes,    3631168 total
[2020-09-30T09:17:58.240+0000][16584][gc,age       ] GC(283) - age  13:       2368 bytes,    3633536 total
[2020-09-30T09:17:58.240+0000][16584][gc,age       ] GC(283) - age  14:       1896 bytes,    3635432 total
[2020-09-30T09:17:58.240+0000][16584][gc,age       ] GC(283) - age  15:      10560 bytes,    3645992 total
[2020-09-30T09:17:58.240+0000][16584][gc,phases    ] GC(283)   Pre Evacuate Collection Set: 0.5ms
[2020-09-30T09:17:58.240+0000][16584][gc,phases    ] GC(283)   Merge Heap Roots: 0.1ms
[2020-09-30T09:17:58.240+0000][16584][gc,phases    ] GC(283)   Evacuate Collection Set: 2.7ms
[2020-09-30T09:17:58.241+0000][16584][gc,phases    ] GC(283)   Post Evacuate Collection Set: 1.0ms
[2020-09-30T09:17:58.241+0000][16584][gc,phases    ] GC(283)   Other: 1.2ms
[2020-09-30T09:17:58.241+0000][16584][gc,heap      ] GC(283) Eden regions: 68->0(504)
[2020-09-30T09:17:58.241+0000][16584][gc,heap      ] GC(283) Survivor regions: 3->4(64)
[2020-09-30T09:17:58.241+0000][16584][gc,heap      ] GC(283) Old regions: 78->78
[2020-09-30T09:17:58.241+0000][16584][gc,heap      ] GC(283) Archive regions: 0->0
[2020-09-30T09:17:58.241+0000][16584][gc,heap      ] GC(283) Humongous regions: 355->174
[2020-09-30T09:17:58.241+0000][16584][gc,metaspace ] GC(283) Metaspace: 88324K(94208K)->88324K(94208K) NonClass: 77115K(80640K)->77115K(80640K) Class: 11208K(13568K)->11208K(13568K)
[2020-09-30T09:17:58.241+0000][16584][gc           ] GC(283) Pause Young (Concurrent Start) (G1 Humongous Allocation) 502M->255M(1024M) 6.102ms
[2020-09-30T09:17:58.241+0000][16584][gc,cpu       ] GC(283) User=0.00s Sys=0.00s Real=0.01s
[2020-09-30T09:17:58.241+0000][16584][gc           ] GC(284) Concurrent Cycle
[2020-09-30T09:17:58.241+0000][16584][gc,marking   ] GC(284) Concurrent Clear Claimed Marks
[2020-09-30T09:17:58.241+0000][16584][safepoint    ] Safepoint "G1TryInitiateConcMark", Time since last: 405264000 ns, Reaching safepoint: 341800 ns, At safepoint: 6408200 ns, Total: 6750000 ns
[2020-09-30T09:17:58.242+0000][16584][gc,marking   ] GC(284) Concurrent Clear Claimed Marks 0.421ms
[2020-09-30T09:17:58.242+0000][16584][gc,marking   ] GC(284) Concurrent Scan Root Regions
[2020-09-30T09:17:58.245+0000][16584][gc,marking   ] GC(284) Concurrent Scan Root Regions 3.205ms
[2020-09-30T09:17:58.245+0000][16584][gc,marking   ] GC(284) Concurrent Mark (172.102s)
[2020-09-30T09:17:58.245+0000][16584][gc,marking   ] GC(284) Concurrent Mark From Roots
[2020-09-30T09:17:58.245+0000][16584][gc,task      ] GC(284) Using 2 workers of 2 for marking
[2020-09-30T09:17:58.427+0000][16584][gc,marking   ] GC(284) Concurrent Mark From Roots 182.000ms
[2020-09-30T09:17:58.427+0000][16584][gc,marking   ] GC(284) Concurrent Preclean
[2020-09-30T09:17:58.428+0000][16584][gc,marking   ] GC(284) Concurrent Preclean 0.665ms
[2020-09-30T09:17:58.428+0000][16584][gc,marking   ] GC(284) Concurrent Mark (172.102s, 172.285s) 182.999ms
[2020-09-30T09:17:58.428+0000][16584][gc,start     ] GC(284) Pause Remark
[2020-09-30T09:17:58.436+0000][16584][gc           ] GC(284) Pause Remark 392M->392M(1024M) 7.729ms
[2020-09-30T09:17:58.436+0000][16584][gc,cpu       ] GC(284) User=0.02s Sys=0.00s Real=0.01s
[2020-09-30T09:17:58.436+0000][16584][safepoint    ] Safepoint "G1Concurrent", Time since last: 186958900 ns, Reaching safepoint: 151900 ns, At safepoint: 7979200 ns, Total: 8131100 ns
[2020-09-30T09:17:58.436+0000][16584][gc,marking   ] GC(284) Concurrent Rebuild Remembered Sets
[2020-09-30T09:17:58.545+0000][16584][gc,marking   ] GC(284) Concurrent Rebuild Remembered Sets 108.266ms
[2020-09-30T09:17:58.545+0000][16584][gc,start     ] GC(284) Pause Cleanup
[2020-09-30T09:17:58.545+0000][16584][gc           ] GC(284) Pause Cleanup 426M->426M(1024M) 0.355ms
[2020-09-30T09:17:58.545+0000][16584][gc,cpu       ] GC(284) User=0.00s Sys=0.00s Real=0.00s
[2020-09-30T09:17:58.545+0000][16584][safepoint    ] Safepoint "G1Concurrent", Time since last: 108475500 ns, Reaching safepoint: 187700 ns, At safepoint: 585800 ns, Total: 773500 ns
[2020-09-30T09:17:58.545+0000][16584][gc,marking   ] GC(284) Concurrent Cleanup for Next Mark
[2020-09-30T09:17:58.548+0000][16584][gc,marking   ] GC(284) Concurrent Cleanup for Next Mark 2.091ms
[2020-09-30T09:17:58.548+0000][16584][gc           ] GC(284) Concurrent Cycle 306.767ms
[2020-09-30T09:17:58.603+0000][16584][gc,start     ] GC(285) Pause Young (Concurrent Start) (G1 Humongous Allocation)
[2020-09-30T09:17:58.603+0000][16584][gc,task      ] GC(285) Using 8 workers of 8 for evacuation
[2020-09-30T09:17:58.604+0000][16584][gc,age       ] GC(285) Desired survivor size 33554432 bytes, new threshold 15 (max threshold 15)
[2020-09-30T09:17:58.608+0000][16584][gc,age       ] GC(285) Age table with threshold 15 (max threshold 15)
[2020-09-30T09:17:58.608+0000][16584][gc,age       ] GC(285) - age   1:    3294568 bytes,    3294568 total
[2020-09-30T09:17:58.608+0000][16584][gc,age       ] GC(285) - age   2:      14240 bytes,    3308808 total
[2020-09-30T09:17:58.608+0000][16584][gc,age       ] GC(285) - age   3:       6856 bytes,    3315664 total
[2020-09-30T09:17:58.608+0000][16584][gc,age       ] GC(285) - age   4:        128 bytes,    3315792 total
[2020-09-30T09:17:58.608+0000][16584][gc,age       ] GC(285) - age   5:      18280 bytes,    3334072 total
[2020-09-30T09:17:58.608+0000][16584][gc,age       ] GC(285) - age   6:     160392 bytes,    3494464 total
[2020-09-30T09:17:58.608+0000][16584][gc,age       ] GC(285) - age   7:      12080 bytes,    3506544 total
[2020-09-30T09:17:58.609+0000][16584][gc,age       ] GC(285) - age   8:     450904 bytes,    3957448 total
[2020-09-30T09:17:58.609+0000][16584][gc,age       ] GC(285) - age   9:      14712 bytes,    3972160 total
[2020-09-30T09:17:58.609+0000][16584][gc,age       ] GC(285) - age  10:     175600 bytes,    4147760 total
[2020-09-30T09:17:58.609+0000][16584][gc,age       ] GC(285) - age  11:       9144 bytes,    4156904 total
[2020-09-30T09:17:58.609+0000][16584][gc,age       ] GC(285) - age  12:        832 bytes,    4157736 total
[2020-09-30T09:17:58.609+0000][16584][gc,age       ] GC(285) - age  13:      56992 bytes,    4214728 total
[2020-09-30T09:17:58.609+0000][16584][gc,age       ] GC(285) - age  14:       2368 bytes,    4217096 total
[2020-09-30T09:17:58.609+0000][16584][gc,age       ] GC(285) - age  15:       1800 bytes,    4218896 total
[2020-09-30T09:17:58.609+0000][16584][gc,phases    ] GC(285)   Pre Evacuate Collection Set: 0.5ms
[2020-09-30T09:17:58.609+0000][16584][gc,phases    ] GC(285)   Merge Heap Roots: 0.1ms
[2020-09-30T09:17:58.609+0000][16584][gc,phases    ] GC(285)   Evacuate Collection Set: 2.9ms
[2020-09-30T09:17:58.609+0000][16584][gc,phases    ] GC(285)   Post Evacuate Collection Set: 0.9ms
[2020-09-30T09:17:58.609+0000][16584][gc,phases    ] GC(285)   Other: 1.2ms
[2020-09-30T09:17:58.609+0000][16584][gc,heap      ] GC(285) Eden regions: 57->0(502)
[2020-09-30T09:17:58.609+0000][16584][gc,heap      ] GC(285) Survivor regions: 4->5(64)
[2020-09-30T09:17:58.609+0000][16584][gc,heap      ] GC(285) Old regions: 78->78
[2020-09-30T09:17:58.609+0000][16584][gc,heap      ] GC(285) Archive regions: 0->0
[2020-09-30T09:17:58.609+0000][16584][gc,heap      ] GC(285) Humongous regions: 298->174
[2020-09-30T09:17:58.609+0000][16584][gc,metaspace ] GC(285) Metaspace: 88324K(94208K)->88324K(94208K) NonClass: 77115K(80640K)->77115K(80640K) Class: 11208K(13568K)->11208K(13568K)
[2020-09-30T09:17:58.609+0000][16584][gc           ] GC(285) Pause Young (Concurrent Start) (G1 Humongous Allocation) 435M->255M(1024M) 5.784ms
[2020-09-30T09:17:58.609+0000][16584][gc,cpu       ] GC(285) User=0.11s Sys=0.00s Real=0.01s
[2020-09-30T09:17:58.609+0000][16584][gc           ] GC(286) Concurrent Cycle
[2020-09-30T09:17:58.609+0000][16584][safepoint    ] Safepoint "G1TryInitiateConcMark", Time since last: 57713300 ns, Reaching safepoint: 197700 ns, At safepoint: 6003000 ns, Total: 6200700 ns
[2020-09-30T09:17:58.609+0000][16584][gc,marking   ] GC(286) Concurrent Clear Claimed Marks
[2020-09-30T09:17:58.610+0000][16584][gc,marking   ] GC(286) Concurrent Clear Claimed Marks 0.523ms
[2020-09-30T09:17:58.610+0000][16584][gc,marking   ] GC(286) Concurrent Scan Root Regions
[2020-09-30T09:17:58.614+0000][16584][gc,marking   ] GC(286) Concurrent Scan Root Regions 3.760ms
[2020-09-30T09:17:58.614+0000][16584][gc,marking   ] GC(286) Concurrent Mark (172.471s)
[2020-09-30T09:17:58.614+0000][16584][gc,marking   ] GC(286) Concurrent Mark From Roots
[2020-09-30T09:17:58.614+0000][16584][gc,task      ] GC(286) Using 2 workers of 2 for marking
[2020-09-30T09:17:58.806+0000][16584][gc,marking   ] GC(286) Concurrent Mark From Roots 191.940ms
[2020-09-30T09:17:58.806+0000][16584][gc,marking   ] GC(286) Concurrent Preclean
[2020-09-30T09:17:58.807+0000][16584][gc,marking   ] GC(286) Concurrent Preclean 0.588ms
[2020-09-30T09:17:58.807+0000][16584][gc,marking   ] GC(286) Concurrent Mark (172.471s, 172.664s) 192.736ms
[2020-09-30T09:17:58.807+0000][16584][gc,start     ] GC(286) Pause Remark
[2020-09-30T09:17:58.813+0000][16584][gc           ] GC(286) Pause Remark 404M->404M(1024M) 6.588ms
[2020-09-30T09:17:58.814+0000][16584][gc,cpu       ] GC(286) User=0.11s Sys=0.00s Real=0.01s
[2020-09-30T09:17:58.814+0000][16584][safepoint    ] Safepoint "G1Concurrent", Time since last: 197373200 ns, Reaching safepoint: 184400 ns, At safepoint: 6911400 ns, Total: 7095800 ns
[2020-09-30T09:17:58.814+0000][16584][gc,marking   ] GC(286) Concurrent Rebuild Remembered Sets
[2020-09-30T09:17:58.826+0000][16584][safepoint    ] Safepoint "BulkRevokeBias", Time since last: 10314100 ns, Reaching safepoint: 790600 ns, At safepoint: 1616100 ns, Total: 2406700 ns
[2020-09-30T09:17:58.926+0000][16584][gc,marking   ] GC(286) Concurrent Rebuild Remembered Sets 112.008ms
[2020-09-30T09:17:58.926+0000][16584][gc,start     ] GC(286) Pause Cleanup
[2020-09-30T09:17:58.926+0000][16584][gc           ] GC(286) Pause Cleanup 404M->404M(1024M) 0.342ms
[2020-09-30T09:17:58.927+0000][16584][gc,cpu       ] GC(286) User=0.00s Sys=0.00s Real=0.00s
[2020-09-30T09:17:58.927+0000][16584][safepoint    ] Safepoint "G1Concurrent", Time since last: 99510400 ns, Reaching safepoint: 148700 ns, At safepoint: 537500 ns, Total: 686200 ns
[2020-09-30T09:17:58.927+0000][16584][gc,marking   ] GC(286) Concurrent Cleanup for Next Mark
[2020-09-30T09:17:58.929+0000][16584][gc,marking   ] GC(286) Concurrent Cleanup for Next Mark 1.950ms
[2020-09-30T09:17:58.929+0000][16584][gc           ] GC(286) Concurrent Cycle 319.629ms
[2020-09-30T09:17:58.938+0000][16584][gc,start     ] GC(287) Pause Young (Concurrent Start) (G1 Humongous Allocation)
[2020-09-30T09:17:58.938+0000][16584][gc,task      ] GC(287) Using 8 workers of 8 for evacuation
[2020-09-30T09:17:58.938+0000][16584][gc,age       ] GC(287) Desired survivor size 33554432 bytes, new threshold 15 (max threshold 15)
[2020-09-30T09:17:58.942+0000][16584][gc,age       ] GC(287) Age table with threshold 15 (max threshold 15)
[2020-09-30T09:17:58.942+0000][16584][gc,age       ] GC(287) - age   1:    2733896 bytes,    2733896 total
[2020-09-30T09:17:58.942+0000][16584][gc,age       ] GC(287) - age   2:       7120 bytes,    2741016 total
[2020-09-30T09:17:58.942+0000][16584][gc,age       ] GC(287) - age   3:       8168 bytes,    2749184 total
[2020-09-30T09:17:58.942+0000][16584][gc,age       ] GC(287) - age   4:       6792 bytes,    2755976 total
[2020-09-30T09:17:58.942+0000][16584][gc,age       ] GC(287) - age   5:        128 bytes,    2756104 total
[2020-09-30T09:17:58.942+0000][16584][gc,age       ] GC(287) - age   6:      18280 bytes,    2774384 total
[2020-09-30T09:17:58.942+0000][16584][gc,age       ] GC(287) - age   7:     160200 bytes,    2934584 total
[2020-09-30T09:17:58.942+0000][16584][gc,age       ] GC(287) - age   8:      11952 bytes,    2946536 total
[2020-09-30T09:17:58.942+0000][16584][gc,age       ] GC(287) - age   9:     450904 bytes,    3397440 total
[2020-09-30T09:17:58.942+0000][16584][gc,age       ] GC(287) - age  10:      14712 bytes,    3412152 total
[2020-09-30T09:17:58.942+0000][16584][gc,age       ] GC(287) - age  11:     175536 bytes,    3587688 total
[2020-09-30T09:17:58.943+0000][16584][gc,age       ] GC(287) - age  12:       9144 bytes,    3596832 total
[2020-09-30T09:17:58.943+0000][16584][gc,age       ] GC(287) - age  13:        832 bytes,    3597664 total
[2020-09-30T09:17:58.943+0000][16584][gc,age       ] GC(287) - age  14:      56992 bytes,    3654656 total
[2020-09-30T09:17:58.943+0000][16584][gc,age       ] GC(287) - age  15:       2368 bytes,    3657024 total
[2020-09-30T09:17:58.943+0000][16584][gc,phases    ] GC(287)   Pre Evacuate Collection Set: 0.4ms
[2020-09-30T09:17:58.943+0000][16584][gc,phases    ] GC(287)   Merge Heap Roots: 0.1ms
[2020-09-30T09:17:58.943+0000][16584][gc,phases    ] GC(287)   Evacuate Collection Set: 2.6ms
[2020-09-30T09:17:58.943+0000][16584][gc,phases    ] GC(287)   Post Evacuate Collection Set: 0.8ms
[2020-09-30T09:17:58.943+0000][16584][gc,phases    ] GC(287)   Other: 1.1ms
[2020-09-30T09:17:58.943+0000][16584][gc,heap      ] GC(287) Eden regions: 39->0(503)
[2020-09-30T09:17:58.943+0000][16584][gc,heap      ] GC(287) Survivor regions: 5->4(64)
[2020-09-30T09:17:58.943+0000][16584][gc,heap      ] GC(287) Old regions: 78->78
[2020-09-30T09:17:58.943+0000][16584][gc,heap      ] GC(287) Archive regions: 0->0
[2020-09-30T09:17:58.943+0000][16584][gc,heap      ] GC(287) Humongous regions: 288->174
[2020-09-30T09:17:58.943+0000][16584][gc,metaspace ] GC(287) Metaspace: 88324K(94208K)->88324K(94208K) NonClass: 77115K(80640K)->77115K(80640K) Class: 11208K(13568K)->11208K(13568K)
[2020-09-30T09:17:58.943+0000][16584][gc           ] GC(287) Pause Young (Concurrent Start) (G1 Humongous Allocation) 408M->255M(1024M) 5.332ms
[2020-09-30T09:17:58.943+0000][16584][gc,cpu       ] GC(287) User=0.00s Sys=0.00s Real=0.01s
[2020-09-30T09:17:58.943+0000][16584][safepoint    ] Safepoint "G1TryInitiateConcMark", Time since last: 10978000 ns, Reaching safepoint: 145800 ns, At safepoint: 5550600 ns, Total: 5696400 ns
[2020-09-30T09:17:58.943+0000][16584][gc           ] GC(288) Concurrent Cycle
[2020-09-30T09:17:58.943+0000][16584][gc,marking   ] GC(288) Concurrent Clear Claimed Marks
[2020-09-30T09:17:58.944+0000][16584][gc,marking   ] GC(288) Concurrent Clear Claimed Marks 0.628ms
[2020-09-30T09:17:58.944+0000][16584][gc,marking   ] GC(288) Concurrent Scan Root Regions
[2020-09-30T09:17:58.948+0000][16584][gc,marking   ] GC(288) Concurrent Scan Root Regions 3.852ms
[2020-09-30T09:17:58.948+0000][16584][gc,marking   ] GC(288) Concurrent Mark (172.805s)
[2020-09-30T09:17:58.948+0000][16584][gc,marking   ] GC(288) Concurrent Mark From Roots
[2020-09-30T09:17:58.948+0000][16584][gc,task      ] GC(288) Using 2 workers of 2 for marking
[2020-09-30T09:17:59.126+0000][16584][gc,marking   ] GC(288) Concurrent Mark From Roots 177.751ms
[2020-09-30T09:17:59.126+0000][16584][gc,marking   ] GC(288) Concurrent Preclean
[2020-09-30T09:17:59.127+0000][16584][gc,marking   ] GC(288) Concurrent Preclean 0.661ms
[2020-09-30T09:17:59.127+0000][16584][gc,marking   ] GC(288) Concurrent Mark (172.805s, 172.984s) 178.670ms
[2020-09-30T09:17:59.127+0000][16584][gc,start     ] GC(288) Pause Remark
[2020-09-30T09:17:59.134+0000][16584][gc           ] GC(288) Pause Remark 410M->410M(1024M) 7.264ms
[2020-09-30T09:17:59.135+0000][16584][gc,cpu       ] GC(288) User=0.00s Sys=0.00s Real=0.01s
[2020-09-30T09:17:59.135+0000][16584][safepoint    ] Safepoint "G1Concurrent", Time since last: 183604900 ns, Reaching safepoint: 229300 ns, At safepoint: 7679200 ns, Total: 7908500 ns
[2020-09-30T09:17:59.135+0000][16584][gc,marking   ] GC(288) Concurrent Rebuild Remembered Sets
[2020-09-30T09:17:59.238+0000][16584][gc,marking   ] GC(288) Concurrent Rebuild Remembered Sets 102.999ms
[2020-09-30T09:17:59.238+0000][16584][gc,start     ] GC(288) Pause Cleanup
[2020-09-30T09:17:59.239+0000][16584][gc           ] GC(288) Pause Cleanup 435M->435M(1024M) 0.389ms
[2020-09-30T09:17:59.239+0000][16584][gc,cpu       ] GC(288) User=0.00s Sys=0.00s Real=0.00s
[2020-09-30T09:17:59.239+0000][16584][safepoint    ] Safepoint "G1Concurrent", Time since last: 103272100 ns, Reaching safepoint: 164300 ns, At safepoint: 1006100 ns, Total: 1170400 ns
[2020-09-30T09:17:59.239+0000][16584][gc,marking   ] GC(288) Concurrent Cleanup for Next Mark
[2020-09-30T09:17:59.241+0000][16584][gc,marking   ] GC(288) Concurrent Cleanup for Next Mark 1.661ms
[2020-09-30T09:17:59.241+0000][16584][gc           ] GC(288) Concurrent Cycle 297.911ms
[2020-09-30T09:17:59.242+0000][16584][gc,start     ] GC(289) Pause Young (Concurrent Start) (G1 Humongous Allocation)
[2020-09-30T09:17:59.242+0000][16584][gc,task      ] GC(289) Using 8 workers of 8 for evacuation
[2020-09-30T09:17:59.242+0000][16584][gc,age       ] GC(289) Desired survivor size 33554432 bytes, new threshold 15 (max threshold 15)
[2020-09-30T09:17:59.247+0000][16584][gc,age       ] GC(289) Age table with threshold 15 (max threshold 15)
[2020-09-30T09:17:59.247+0000][16584][gc,age       ] GC(289) - age   1:    3290280 bytes,    3290280 total
[2020-09-30T09:17:59.247+0000][16584][gc,age       ] GC(289) - age   2:      25624 bytes,    3315904 total
[2020-09-30T09:17:59.247+0000][16584][gc,age       ] GC(289) - age   3:       6272 bytes,    3322176 total
[2020-09-30T09:17:59.247+0000][16584][gc,age       ] GC(289) - age   4:       5008 bytes,    3327184 total
[2020-09-30T09:17:59.247+0000][16584][gc,age       ] GC(289) - age   5:       6656 bytes,    3333840 total
[2020-09-30T09:17:59.247+0000][16584][gc,age       ] GC(289) - age   6:         96 bytes,    3333936 total
[2020-09-30T09:17:59.247+0000][16584][gc,age       ] GC(289) - age   7:      15808 bytes,    3349744 total
[2020-09-30T09:17:59.247+0000][16584][gc,age       ] GC(289) - age   8:     159816 bytes,    3509560 total
[2020-09-30T09:17:59.247+0000][16584][gc,age       ] GC(289) - age   9:      11880 bytes,    3521440 total
[2020-09-30T09:17:59.247+0000][16584][gc,age       ] GC(289) - age  10:     450904 bytes,    3972344 total
[2020-09-30T09:17:59.247+0000][16584][gc,age       ] GC(289) - age  11:      14712 bytes,    3987056 total
[2020-09-30T09:17:59.247+0000][16584][gc,age       ] GC(289) - age  12:     175536 bytes,    4162592 total
[2020-09-30T09:17:59.247+0000][16584][gc,age       ] GC(289) - age  13:       9144 bytes,    4171736 total
[2020-09-30T09:17:59.247+0000][16584][gc,age       ] GC(289) - age  14:        832 bytes,    4172568 total
[2020-09-30T09:17:59.248+0000][16584][gc,age       ] GC(289) - age  15:      56992 bytes,    4229560 total
[2020-09-30T09:17:59.248+0000][16584][gc,phases    ] GC(289)   Pre Evacuate Collection Set: 0.4ms
[2020-09-30T09:17:59.248+0000][16584][gc,phases    ] GC(289)   Merge Heap Roots: 0.1ms
[2020-09-30T09:17:59.248+0000][16584][gc,phases    ] GC(289)   Evacuate Collection Set: 2.8ms
[2020-09-30T09:17:59.248+0000][16584][gc,phases    ] GC(289)   Post Evacuate Collection Set: 0.9ms
[2020-09-30T09:17:59.248+0000][16584][gc,phases    ] GC(289)   Other: 1.3ms
[2020-09-30T09:17:59.248+0000][16584][gc,heap      ] GC(289) Eden regions: 56->0(502)
[2020-09-30T09:17:59.248+0000][16584][gc,heap      ] GC(289) Survivor regions: 4->5(64)
[2020-09-30T09:17:59.248+0000][16584][gc,heap      ] GC(289) Old regions: 78->78
[2020-09-30T09:17:59.248+0000][16584][gc,heap      ] GC(289) Archive regions: 0->0
[2020-09-30T09:17:59.248+0000][16584][gc,heap      ] GC(289) Humongous regions: 298->174
[2020-09-30T09:17:59.248+0000][16584][gc,metaspace ] GC(289) Metaspace: 88324K(94208K)->88324K(94208K) NonClass: 77115K(80640K)->77115K(80640K) Class: 11208K(13568K)->11208K(13568K)
[2020-09-30T09:17:59.248+0000][16584][gc           ] GC(289) Pause Young (Concurrent Start) (G1 Humongous Allocation) 435M->255M(1024M) 6.145ms
[2020-09-30T09:17:59.248+0000][16584][gc,cpu       ] GC(289) User=0.00s Sys=0.02s Real=0.01s
[2020-09-30T09:17:59.248+0000][16584][gc           ] GC(290) Concurrent Cycle
[2020-09-30T09:17:59.248+0000][16584][safepoint    ] Safepoint "G1TryInitiateConcMark", Time since last: 2577300 ns, Reaching safepoint: 196400 ns, At safepoint: 6503900 ns, Total: 6700300 ns
[2020-09-30T09:17:59.249+0000][16584][gc,marking   ] GC(290) Concurrent Clear Claimed Marks
[2020-09-30T09:17:59.249+0000][16584][gc,marking   ] GC(290) Concurrent Clear Claimed Marks 0.402ms
[2020-09-30T09:17:59.249+0000][16584][gc,marking   ] GC(290) Concurrent Scan Root Regions
[2020-09-30T09:17:59.252+0000][16584][gc,marking   ] GC(290) Concurrent Scan Root Regions 2.856ms
[2020-09-30T09:17:59.252+0000][16584][gc,marking   ] GC(290) Concurrent Mark (173.109s)
[2020-09-30T09:17:59.252+0000][16584][gc,marking   ] GC(290) Concurrent Mark From Roots
[2020-09-30T09:17:59.252+0000][16584][gc,task      ] GC(290) Using 2 workers of 2 for marking
[2020-09-30T09:17:59.390+0000][16584][gc,marking   ] GC(290) Concurrent Mark From Roots 137.773ms
[2020-09-30T09:17:59.390+0000][16584][gc,marking   ] GC(290) Concurrent Preclean
[2020-09-30T09:17:59.391+0000][16584][gc,marking   ] GC(290) Concurrent Preclean 0.700ms
[2020-09-30T09:17:59.391+0000][16584][gc,marking   ] GC(290) Concurrent Mark (173.109s, 173.248s) 138.721ms
[2020-09-30T09:17:59.391+0000][16584][gc,start     ] GC(290) Pause Remark
[2020-09-30T09:17:59.398+0000][16584][gc           ] GC(290) Pause Remark 401M->401M(1024M) 7.317ms
[2020-09-30T09:17:59.398+0000][16584][gc,cpu       ] GC(290) User=0.00s Sys=0.00s Real=0.01s
[2020-09-30T09:17:59.399+0000][16584][safepoint    ] Safepoint "G1Concurrent", Time since last: 142319100 ns, Reaching safepoint: 160500 ns, At safepoint: 7637500 ns, Total: 7798000 ns
[2020-09-30T09:17:59.399+0000][16584][gc,marking   ] GC(290) Concurrent Rebuild Remembered Sets
[2020-09-30T09:17:59.509+0000][16584][gc,marking   ] GC(290) Concurrent Rebuild Remembered Sets 110.191ms
[2020-09-30T09:17:59.511+0000][16584][gc,start     ] GC(290) Pause Cleanup
[2020-09-30T09:17:59.511+0000][16584][gc           ] GC(290) Pause Cleanup 473M->473M(1024M) 0.515ms
[2020-09-30T09:17:59.512+0000][16584][gc,cpu       ] GC(290) User=0.00s Sys=0.00s Real=0.00s
[2020-09-30T09:17:59.512+0000][16584][safepoint    ] Safepoint "G1Concurrent", Time since last: 110410600 ns, Reaching safepoint: 1809600 ns, At safepoint: 815100 ns, Total: 2624700 ns
[2020-09-30T09:17:59.512+0000][16584][gc,marking   ] GC(290) Concurrent Cleanup for Next Mark
[2020-09-30T09:17:59.514+0000][16584][gc,marking   ] GC(290) Concurrent Cleanup for Next Mark 2.015ms
[2020-09-30T09:17:59.514+0000][16584][gc           ] GC(290) Concurrent Cycle 265.448ms
[2020-09-30T09:17:59.620+0000][16584][gc,start     ] GC(291) Pause Young (Concurrent Start) (G1 Humongous Allocation)
[2020-09-30T09:17:59.620+0000][16584][gc,task      ] GC(291) Using 8 workers of 8 for evacuation
[2020-09-30T09:17:59.620+0000][16584][gc,age       ] GC(291) Desired survivor size 33554432 bytes, new threshold 15 (max threshold 15)
[2020-09-30T09:17:59.628+0000][16584][gc,age       ] GC(291) Age table with threshold 15 (max threshold 15)
[2020-09-30T09:17:59.629+0000][16584][gc,age       ] GC(291) - age   1:    3269264 bytes,    3269264 total
[2020-09-30T09:17:59.629+0000][16584][gc,age       ] GC(291) - age   2:     511384 bytes,    3780648 total
[2020-09-30T09:17:59.629+0000][16584][gc,age       ] GC(291) - age   3:      24248 bytes,    3804896 total
[2020-09-30T09:17:59.629+0000][16584][gc,age       ] GC(291) - age   4:       5496 bytes,    3810392 total
[2020-09-30T09:17:59.629+0000][16584][gc,age       ] GC(291) - age   5:       2136 bytes,    3812528 total
[2020-09-30T09:17:59.629+0000][16584][gc,age       ] GC(291) - age   6:       6592 bytes,    3819120 total
[2020-09-30T09:17:59.629+0000][16584][gc,age       ] GC(291) - age   7:         96 bytes,    3819216 total
[2020-09-30T09:17:59.629+0000][16584][gc,age       ] GC(291) - age   8:      13096 bytes,    3832312 total
[2020-09-30T09:17:59.629+0000][16584][gc,age       ] GC(291) - age   9:      69864 bytes,    3902176 total
[2020-09-30T09:17:59.629+0000][16584][gc,age       ] GC(291) - age  10:      11848 bytes,    3914024 total
[2020-09-30T09:17:59.629+0000][16584][gc,age       ] GC(291) - age  11:     450088 bytes,    4364112 total
[2020-09-30T09:17:59.629+0000][16584][gc,age       ] GC(291) - age  12:      14288 bytes,    4378400 total
[2020-09-30T09:17:59.629+0000][16584][gc,age       ] GC(291) - age  13:     172160 bytes,    4550560 total
[2020-09-30T09:17:59.629+0000][16584][gc,age       ] GC(291) - age  14:       9144 bytes,    4559704 total
[2020-09-30T09:17:59.629+0000][16584][gc,age       ] GC(291) - age  15:        832 bytes,    4560536 total
[2020-09-30T09:17:59.629+0000][16584][gc,phases    ] GC(291)   Pre Evacuate Collection Set: 0.4ms
[2020-09-30T09:17:59.629+0000][16584][gc,phases    ] GC(291)   Merge Heap Roots: 0.1ms
[2020-09-30T09:17:59.629+0000][16584][gc,phases    ] GC(291)   Evacuate Collection Set: 4.9ms
[2020-09-30T09:17:59.629+0000][16584][gc,phases    ] GC(291)   Post Evacuate Collection Set: 3.0ms
[2020-09-30T09:17:59.630+0000][16584][gc,phases    ] GC(291)   Other: 1.2ms
[2020-09-30T09:17:59.630+0000][16584][gc,heap      ] GC(291) Eden regions: 55->0(502)
[2020-09-30T09:17:59.630+0000][16584][gc,heap      ] GC(291) Survivor regions: 5->5(64)
[2020-09-30T09:17:59.630+0000][16584][gc,heap      ] GC(291) Old regions: 78->78
[2020-09-30T09:17:59.630+0000][16584][gc,heap      ] GC(291) Archive regions: 0->0
[2020-09-30T09:17:59.630+0000][16584][gc,heap      ] GC(291) Humongous regions: 345->174
[2020-09-30T09:17:59.630+0000][16584][gc,metaspace ] GC(291) Metaspace: 88758K(94592K)->88758K(94592K) NonClass: 77475K(80896K)->77475K(80896K) Class: 11283K(13696K)->11283K(13696K)
[2020-09-30T09:17:59.630+0000][16584][gc           ] GC(291) Pause Young (Concurrent Start) (G1 Humongous Allocation) 481M->256M(1024M) 10.161ms
[2020-09-30T09:17:59.630+0000][16584][gc,cpu       ] GC(291) User=0.11s Sys=0.00s Real=0.01s
[2020-09-30T09:17:59.630+0000][16584][safepoint    ] Safepoint "G1TryInitiateConcMark", Time since last: 107840600 ns, Reaching safepoint: 189600 ns, At safepoint: 10371400 ns, Total: 10561000 ns
[2020-09-30T09:17:59.630+0000][16584][gc           ] GC(292) Concurrent Cycle
[2020-09-30T09:17:59.630+0000][16584][gc,marking   ] GC(292) Concurrent Clear Claimed Marks
[2020-09-30T09:17:59.631+0000][16584][gc,marking   ] GC(292) Concurrent Clear Claimed Marks 0.673ms
[2020-09-30T09:17:59.631+0000][16584][gc,marking   ] GC(292) Concurrent Scan Root Regions
[2020-09-30T09:17:59.635+0000][16584][gc,marking   ] GC(292) Concurrent Scan Root Regions 4.268ms
[2020-09-30T09:17:59.635+0000][16584][gc,marking   ] GC(292) Concurrent Mark (173.492s)
[2020-09-30T09:17:59.635+0000][16584][gc,marking   ] GC(292) Concurrent Mark From Roots
[2020-09-30T09:17:59.635+0000][16584][gc,task      ] GC(292) Using 2 workers of 2 for marking
[2020-09-30T09:17:59.807+0000][16584][gc,marking   ] GC(292) Concurrent Mark From Roots 171.623ms
[2020-09-30T09:17:59.807+0000][16584][gc,marking   ] GC(292) Concurrent Preclean
[2020-09-30T09:17:59.808+0000][16584][gc,marking   ] GC(292) Concurrent Preclean 0.742ms
[2020-09-30T09:17:59.808+0000][16584][gc,marking   ] GC(292) Concurrent Mark (173.492s, 173.665s) 172.632ms
[2020-09-30T09:17:59.808+0000][16584][gc,start     ] GC(292) Pause Remark
[2020-09-30T09:17:59.814+0000][16584][gc           ] GC(292) Pause Remark 328M->328M(1024M) 6.215ms
[2020-09-30T09:17:59.815+0000][16584][gc,cpu       ] GC(292) User=0.11s Sys=0.00s Real=0.01s
[2020-09-30T09:17:59.815+0000][16584][safepoint    ] Safepoint "G1Concurrent", Time since last: 177958400 ns, Reaching safepoint: 150600 ns, At safepoint: 6456300 ns, Total: 6606900 ns
[2020-09-30T09:17:59.815+0000][16584][gc,marking   ] GC(292) Concurrent Rebuild Remembered Sets
[2020-09-30T09:17:59.917+0000][16584][gc,marking   ] GC(292) Concurrent Rebuild Remembered Sets 102.623ms
[2020-09-30T09:17:59.918+0000][16584][gc,start     ] GC(292) Pause Cleanup
[2020-09-30T09:17:59.918+0000][16584][gc           ] GC(292) Pause Cleanup 464M->464M(1024M) 0.409ms
[2020-09-30T09:17:59.918+0000][16584][gc,cpu       ] GC(292) User=0.00s Sys=0.00s Real=0.00s
[2020-09-30T09:17:59.918+0000][16584][safepoint    ] Safepoint "G1Concurrent", Time since last: 102856700 ns, Reaching safepoint: 144100 ns, At safepoint: 637900 ns, Total: 782000 ns
[2020-09-30T09:17:59.918+0000][16584][gc,marking   ] GC(292) Concurrent Cleanup for Next Mark
[2020-09-30T09:17:59.920+0000][16584][gc,marking   ] GC(292) Concurrent Cleanup for Next Mark 1.941ms
[2020-09-30T09:17:59.920+0000][16584][gc           ] GC(292) Concurrent Cycle 290.335ms
[2020-09-30T09:17:59.948+0000][16584][gc,start     ] GC(293) Pause Young (Concurrent Start) (G1 Humongous Allocation)
[2020-09-30T09:17:59.948+0000][16584][gc,task      ] GC(293) Using 8 workers of 8 for evacuation
[2020-09-30T09:17:59.948+0000][16584][gc,age       ] GC(293) Desired survivor size 33554432 bytes, new threshold 15 (max threshold 15)
[2020-09-30T09:17:59.953+0000][16584][gc,age       ] GC(293) Age table with threshold 15 (max threshold 15)
[2020-09-30T09:17:59.953+0000][16584][gc,age       ] GC(293) - age   1:    1043920 bytes,    1043920 total
[2020-09-30T09:17:59.953+0000][16584][gc,age       ] GC(293) - age   2:     232888 bytes,    1276808 total
[2020-09-30T09:17:59.953+0000][16584][gc,age       ] GC(293) - age   3:       2632 bytes,    1279440 total
[2020-09-30T09:17:59.953+0000][16584][gc,age       ] GC(293) - age   4:      21560 bytes,    1301000 total
[2020-09-30T09:17:59.953+0000][16584][gc,age       ] GC(293) - age   5:       5264 bytes,    1306264 total
[2020-09-30T09:17:59.953+0000][16584][gc,age       ] GC(293) - age   6:       2072 bytes,    1308336 total
[2020-09-30T09:17:59.953+0000][16584][gc,age       ] GC(293) - age   7:       6592 bytes,    1314928 total
[2020-09-30T09:17:59.953+0000][16584][gc,age       ] GC(293) - age   8:         96 bytes,    1315024 total
[2020-09-30T09:17:59.953+0000][16584][gc,age       ] GC(293) - age   9:      12968 bytes,    1327992 total
[2020-09-30T09:17:59.953+0000][16584][gc,age       ] GC(293) - age  10:      69864 bytes,    1397856 total
[2020-09-30T09:17:59.953+0000][16584][gc,age       ] GC(293) - age  11:      11848 bytes,    1409704 total
[2020-09-30T09:17:59.953+0000][16584][gc,age       ] GC(293) - age  12:     450088 bytes,    1859792 total
[2020-09-30T09:17:59.953+0000][16584][gc,age       ] GC(293) - age  13:      14288 bytes,    1874080 total
[2020-09-30T09:17:59.953+0000][16584][gc,age       ] GC(293) - age  14:     172160 bytes,    2046240 total
[2020-09-30T09:17:59.953+0000][16584][gc,age       ] GC(293) - age  15:       9144 bytes,    2055384 total
[2020-09-30T09:17:59.954+0000][16584][gc,phases    ] GC(293)   Pre Evacuate Collection Set: 0.4ms
[2020-09-30T09:17:59.954+0000][16584][gc,phases    ] GC(293)   Merge Heap Roots: 0.1ms
[2020-09-30T09:17:59.954+0000][16584][gc,phases    ] GC(293)   Evacuate Collection Set: 3.1ms
[2020-09-30T09:17:59.954+0000][16584][gc,phases    ] GC(293)   Post Evacuate Collection Set: 0.8ms
[2020-09-30T09:17:59.954+0000][16584][gc,phases    ] GC(293)   Other: 0.9ms
[2020-09-30T09:17:59.954+0000][16584][gc,heap      ] GC(293) Eden regions: 54->0(505)
[2020-09-30T09:17:59.954+0000][16584][gc,heap      ] GC(293) Survivor regions: 5->3(64)
[2020-09-30T09:17:59.954+0000][16584][gc,heap      ] GC(293) Old regions: 78->78
[2020-09-30T09:17:59.954+0000][16584][gc,heap      ] GC(293) Archive regions: 0->0
[2020-09-30T09:17:59.954+0000][16584][gc,heap      ] GC(293) Humongous regions: 335->174
[2020-09-30T09:17:59.954+0000][16584][gc,metaspace ] GC(293) Metaspace: 88758K(94592K)->88758K(94592K) NonClass: 77475K(80896K)->77475K(80896K) Class: 11283K(13696K)->11283K(13696K)
[2020-09-30T09:17:59.954+0000][16584][gc           ] GC(293) Pause Young (Concurrent Start) (G1 Humongous Allocation) 470M->253M(1024M) 5.697ms
[2020-09-30T09:17:59.954+0000][16584][gc,cpu       ] GC(293) User=0.11s Sys=0.00s Real=0.01s
[2020-09-30T09:17:59.954+0000][16584][safepoint    ] Safepoint "G1TryInitiateConcMark", Time since last: 29797400 ns, Reaching safepoint: 144000 ns, At safepoint: 5854000 ns, Total: 5998000 ns
[2020-09-30T09:17:59.954+0000][16584][gc           ] GC(294) Concurrent Cycle
[2020-09-30T09:17:59.954+0000][16584][gc,marking   ] GC(294) Concurrent Clear Claimed Marks
[2020-09-30T09:17:59.955+0000][16584][gc,marking   ] GC(294) Concurrent Clear Claimed Marks 0.506ms
[2020-09-30T09:17:59.955+0000][16584][gc,marking   ] GC(294) Concurrent Scan Root Regions
[2020-09-30T09:17:59.957+0000][16584][gc,marking   ] GC(294) Concurrent Scan Root Regions 2.613ms
[2020-09-30T09:17:59.957+0000][16584][gc,marking   ] GC(294) Concurrent Mark (173.815s)
[2020-09-30T09:17:59.957+0000][16584][gc,marking   ] GC(294) Concurrent Mark From Roots
[2020-09-30T09:17:59.957+0000][16584][gc,task      ] GC(294) Using 2 workers of 2 for marking
[2020-09-30T09:18:00.137+0000][16584][gc,marking   ] GC(294) Concurrent Mark From Roots 180.069ms
[2020-09-30T09:18:00.138+0000][16584][gc,marking   ] GC(294) Concurrent Preclean
[2020-09-30T09:18:00.138+0000][16584][gc,marking   ] GC(294) Concurrent Preclean 0.737ms
[2020-09-30T09:18:00.138+0000][16584][gc,marking   ] GC(294) Concurrent Mark (173.815s, 173.996s) 181.039ms
[2020-09-30T09:18:00.139+0000][16584][gc,start     ] GC(294) Pause Remark
[2020-09-30T09:18:00.145+0000][16584][gc           ] GC(294) Pause Remark 360M->360M(1024M) 6.602ms
[2020-09-30T09:18:00.145+0000][16584][gc,cpu       ] GC(294) User=0.00s Sys=0.00s Real=0.01s
[2020-09-30T09:18:00.146+0000][16584][safepoint    ] Safepoint "G1Concurrent", Time since last: 184533600 ns, Reaching safepoint: 181600 ns, At safepoint: 7628300 ns, Total: 7809900 ns
[2020-09-30T09:18:00.146+0000][16584][gc,marking   ] GC(294) Concurrent Rebuild Remembered Sets
[2020-09-30T09:18:00.251+0000][16584][gc,marking   ] GC(294) Concurrent Rebuild Remembered Sets 104.432ms
[2020-09-30T09:18:00.251+0000][16584][gc,start     ] GC(294) Pause Cleanup
[2020-09-30T09:18:00.251+0000][16584][gc           ] GC(294) Pause Cleanup 440M->440M(1024M) 0.345ms
[2020-09-30T09:18:00.252+0000][16584][gc,cpu       ] GC(294) User=0.00s Sys=0.00s Real=0.00s
[2020-09-30T09:18:00.252+0000][16584][safepoint    ] Safepoint "G1Concurrent", Time since last: 104699800 ns, Reaching safepoint: 137900 ns, At safepoint: 585900 ns, Total: 723800 ns
[2020-09-30T09:18:00.252+0000][16584][gc,marking   ] GC(294) Concurrent Cleanup for Next Mark
[2020-09-30T09:18:00.254+0000][16584][gc,marking   ] GC(294) Concurrent Cleanup for Next Mark 1.918ms
[2020-09-30T09:18:00.254+0000][16584][gc           ] GC(294) Concurrent Cycle 299.920ms
[2020-09-30T09:18:01.087+0000][16584][gc,start     ] GC(295) Pause Young (Concurrent Start) (G1 Humongous Allocation)
[2020-09-30T09:18:01.087+0000][16584][gc,task      ] GC(295) Using 8 workers of 8 for evacuation
[2020-09-30T09:18:01.087+0000][16584][gc,age       ] GC(295) Desired survivor size 33554432 bytes, new threshold 15 (max threshold 15)
[2020-09-30T09:18:01.091+0000][16584][gc,age       ] GC(295) Age table with threshold 15 (max threshold 15)
[2020-09-30T09:18:01.091+0000][16584][gc,age       ] GC(295) - age   1:    2864584 bytes,    2864584 total
[2020-09-30T09:18:01.091+0000][16584][gc,age       ] GC(295) - age   2:       9520 bytes,    2874104 total
[2020-09-30T09:18:01.091+0000][16584][gc,age       ] GC(295) - age   3:     139040 bytes,    3013144 total
[2020-09-30T09:18:01.092+0000][16584][gc,age       ] GC(295) - age   4:       1688 bytes,    3014832 total
[2020-09-30T09:18:01.092+0000][16584][gc,age       ] GC(295) - age   5:      16712 bytes,    3031544 total
[2020-09-30T09:18:01.092+0000][16584][gc,age       ] GC(295) - age   6:       4664 bytes,    3036208 total
[2020-09-30T09:18:01.092+0000][16584][gc,age       ] GC(295) - age   7:       1912 bytes,    3038120 total
[2020-09-30T09:18:01.092+0000][16584][gc,age       ] GC(295) - age   8:       6592 bytes,    3044712 total
[2020-09-30T09:18:01.092+0000][16584][gc,age       ] GC(295) - age   9:         96 bytes,    3044808 total
[2020-09-30T09:18:01.092+0000][16584][gc,age       ] GC(295) - age  10:      12936 bytes,    3057744 total
[2020-09-30T09:18:01.092+0000][16584][gc,age       ] GC(295) - age  11:      69800 bytes,    3127544 total
[2020-09-30T09:18:01.092+0000][16584][gc,age       ] GC(295) - age  12:      11688 bytes,    3139232 total
[2020-09-30T09:18:01.092+0000][16584][gc,age       ] GC(295) - age  13:     447152 bytes,    3586384 total
[2020-09-30T09:18:01.092+0000][16584][gc,age       ] GC(295) - age  14:      14160 bytes,    3600544 total
[2020-09-30T09:18:01.092+0000][16584][gc,age       ] GC(295) - age  15:     137152 bytes,    3737696 total
[2020-09-30T09:18:01.092+0000][16584][gc,phases    ] GC(295)   Pre Evacuate Collection Set: 0.5ms
[2020-09-30T09:18:01.092+0000][16584][gc,phases    ] GC(295)   Merge Heap Roots: 0.1ms
[2020-09-30T09:18:01.092+0000][16584][gc,phases    ] GC(295)   Evacuate Collection Set: 2.6ms
[2020-09-30T09:18:01.092+0000][16584][gc,phases    ] GC(295)   Post Evacuate Collection Set: 0.8ms
[2020-09-30T09:18:01.092+0000][16584][gc,phases    ] GC(295)   Other: 0.9ms
[2020-09-30T09:18:01.092+0000][16584][gc,heap      ] GC(295) Eden regions: 78->0(504)
[2020-09-30T09:18:01.092+0000][16584][gc,heap      ] GC(295) Survivor regions: 3->4(64)
[2020-09-30T09:18:01.092+0000][16584][gc,heap      ] GC(295) Old regions: 78->78
[2020-09-30T09:18:01.092+0000][16584][gc,heap      ] GC(295) Archive regions: 0->0
[2020-09-30T09:18:01.092+0000][16584][gc,heap      ] GC(295) Humongous regions: 308->174
[2020-09-30T09:18:01.092+0000][16584][gc,metaspace ] GC(295) Metaspace: 88890K(94848K)->88890K(94848K) NonClass: 77596K(81152K)->77596K(81152K) Class: 11294K(13696K)->11294K(13696K)
[2020-09-30T09:18:01.092+0000][16584][gc           ] GC(295) Pause Young (Concurrent Start) (G1 Humongous Allocation) 465M->255M(1024M) 5.308ms
[2020-09-30T09:18:01.092+0000][16584][gc,cpu       ] GC(295) User=0.02s Sys=0.00s Real=0.01s
[2020-09-30T09:18:01.093+0000][16584][safepoint    ] Safepoint "G1TryInitiateConcMark", Time since last: 834989700 ns, Reaching safepoint: 186500 ns, At safepoint: 5512200 ns, Total: 5698700 ns
[2020-09-30T09:18:01.093+0000][16584][gc           ] GC(296) Concurrent Cycle
[2020-09-30T09:18:01.093+0000][16584][gc,marking   ] GC(296) Concurrent Clear Claimed Marks
[2020-09-30T09:18:01.093+0000][16584][gc,marking   ] GC(296) Concurrent Clear Claimed Marks 0.422ms
[2020-09-30T09:18:01.093+0000][16584][gc,marking   ] GC(296) Concurrent Scan Root Regions
[2020-09-30T09:18:01.097+0000][16584][gc,marking   ] GC(296) Concurrent Scan Root Regions 3.681ms
[2020-09-30T09:18:01.097+0000][16584][gc,marking   ] GC(296) Concurrent Mark (174.954s)
[2020-09-30T09:18:01.097+0000][16584][gc,marking   ] GC(296) Concurrent Mark From Roots
[2020-09-30T09:18:01.097+0000][16584][gc,task      ] GC(296) Using 2 workers of 2 for marking
[2020-09-30T09:18:01.238+0000][16584][gc,marking   ] GC(296) Concurrent Mark From Roots 140.725ms
[2020-09-30T09:18:01.238+0000][16584][gc,marking   ] GC(296) Concurrent Preclean
[2020-09-30T09:18:01.238+0000][16584][gc,marking   ] GC(296) Concurrent Preclean 0.402ms
[2020-09-30T09:18:01.238+0000][16584][gc,marking   ] GC(296) Concurrent Mark (174.954s, 175.095s) 141.252ms
[2020-09-30T09:18:01.238+0000][16584][gc,start     ] GC(296) Pause Remark
[2020-09-30T09:18:01.245+0000][16584][gc           ] GC(296) Pause Remark 411M->411M(1024M) 6.239ms
[2020-09-30T09:18:01.245+0000][16584][gc,cpu       ] GC(296) User=0.00s Sys=0.00s Real=0.01s
[2020-09-30T09:18:01.245+0000][16584][safepoint    ] Safepoint "G1Concurrent", Time since last: 145669600 ns, Reaching safepoint: 145400 ns, At safepoint: 6457300 ns, Total: 6602700 ns
[2020-09-30T09:18:01.245+0000][16584][gc,marking   ] GC(296) Concurrent Rebuild Remembered Sets
[2020-09-30T09:18:01.335+0000][16584][gc,marking   ] GC(296) Concurrent Rebuild Remembered Sets 90.366ms
[2020-09-30T09:18:01.336+0000][16584][gc,start     ] GC(296) Pause Cleanup
[2020-09-30T09:18:01.336+0000][16584][gc           ] GC(296) Pause Cleanup 432M->432M(1024M) 0.314ms
[2020-09-30T09:18:01.336+0000][16584][gc,cpu       ] GC(296) User=0.00s Sys=0.00s Real=0.00s
[2020-09-30T09:18:01.336+0000][16584][safepoint    ] Safepoint "G1Concurrent", Time since last: 90598800 ns, Reaching safepoint: 162600 ns, At safepoint: 516300 ns, Total: 678900 ns
[2020-09-30T09:18:01.336+0000][16584][gc,marking   ] GC(296) Concurrent Cleanup for Next Mark
[2020-09-30T09:18:01.338+0000][16584][gc,marking   ] GC(296) Concurrent Cleanup for Next Mark 1.482ms
[2020-09-30T09:18:01.338+0000][16584][gc           ] GC(296) Concurrent Cycle 245.348ms
[2020-09-30T09:18:01.397+0000][16584][gc,start     ] GC(297) Pause Young (Concurrent Start) (G1 Humongous Allocation)
[2020-09-30T09:18:01.397+0000][16584][gc,task      ] GC(297) Using 8 workers of 8 for evacuation
[2020-09-30T09:18:01.398+0000][16584][gc,age       ] GC(297) Desired survivor size 33554432 bytes, new threshold 15 (max threshold 15)
[2020-09-30T09:18:01.402+0000][16584][gc,age       ] GC(297) Age table with threshold 15 (max threshold 15)
[2020-09-30T09:18:01.402+0000][16584][gc,age       ] GC(297) - age   1:    2717944 bytes,    2717944 total
[2020-09-30T09:18:01.402+0000][16584][gc,age       ] GC(297) - age   2:     150720 bytes,    2868664 total
[2020-09-30T09:18:01.402+0000][16584][gc,age       ] GC(297) - age   3:       8800 bytes,    2877464 total
[2020-09-30T09:18:01.402+0000][16584][gc,age       ] GC(297) - age   4:     138848 bytes,    3016312 total
[2020-09-30T09:18:01.402+0000][16584][gc,age       ] GC(297) - age   5:       1400 bytes,    3017712 total
[2020-09-30T09:18:01.402+0000][16584][gc,age       ] GC(297) - age   6:      16712 bytes,    3034424 total
[2020-09-30T09:18:01.402+0000][16584][gc,age       ] GC(297) - age   7:       4600 bytes,    3039024 total
[2020-09-30T09:18:01.402+0000][16584][gc,age       ] GC(297) - age   8:       1912 bytes,    3040936 total
[2020-09-30T09:18:01.402+0000][16584][gc,age       ] GC(297) - age   9:       6592 bytes,    3047528 total
[2020-09-30T09:18:01.402+0000][16584][gc,age       ] GC(297) - age  10:         96 bytes,    3047624 total
[2020-09-30T09:18:01.402+0000][16584][gc,age       ] GC(297) - age  11:      12872 bytes,    3060496 total
[2020-09-30T09:18:01.402+0000][16584][gc,age       ] GC(297) - age  12:      69800 bytes,    3130296 total
[2020-09-30T09:18:01.402+0000][16584][gc,age       ] GC(297) - age  13:      11688 bytes,    3141984 total
[2020-09-30T09:18:01.403+0000][16584][gc,age       ] GC(297) - age  14:     444720 bytes,    3586704 total
[2020-09-30T09:18:01.403+0000][16584][gc,age       ] GC(297) - age  15:      14000 bytes,    3600704 total
[2020-09-30T09:18:01.403+0000][16584][gc,phases    ] GC(297)   Pre Evacuate Collection Set: 0.4ms
[2020-09-30T09:18:01.403+0000][16584][gc,phases    ] GC(297)   Merge Heap Roots: 0.1ms
[2020-09-30T09:18:01.403+0000][16584][gc,phases    ] GC(297)   Evacuate Collection Set: 3.0ms
[2020-09-30T09:18:01.403+0000][16584][gc,phases    ] GC(297)   Post Evacuate Collection Set: 0.9ms
[2020-09-30T09:18:01.403+0000][16584][gc,phases    ] GC(297)   Other: 0.9ms
[2020-09-30T09:18:01.403+0000][16584][gc,heap      ] GC(297) Eden regions: 59->0(504)
[2020-09-30T09:18:01.403+0000][16584][gc,heap      ] GC(297) Survivor regions: 4->4(64)
[2020-09-30T09:18:01.403+0000][16584][gc,heap      ] GC(297) Old regions: 78->78
[2020-09-30T09:18:01.403+0000][16584][gc,heap      ] GC(297) Archive regions: 0->0
[2020-09-30T09:18:01.403+0000][16584][gc,heap      ] GC(297) Humongous regions: 298->174
[2020-09-30T09:18:01.403+0000][16584][gc,metaspace ] GC(297) Metaspace: 88899K(94848K)->88899K(94848K) NonClass: 77604K(81152K)->77604K(81152K) Class: 11294K(13696K)->11294K(13696K)
[2020-09-30T09:18:01.403+0000][16584][gc           ] GC(297) Pause Young (Concurrent Start) (G1 Humongous Allocation) 438M->255M(1024M) 5.819ms
[2020-09-30T09:18:01.403+0000][16584][gc,cpu       ] GC(297) User=0.00s Sys=0.00s Real=0.01s
[2020-09-30T09:18:01.403+0000][16584][gc           ] GC(298) Concurrent Cycle
[2020-09-30T09:18:01.403+0000][16584][safepoint    ] Safepoint "G1TryInitiateConcMark", Time since last: 61532600 ns, Reaching safepoint: 155000 ns, At safepoint: 6013100 ns, Total: 6168100 ns
[2020-09-30T09:18:01.403+0000][16584][gc,marking   ] GC(298) Concurrent Clear Claimed Marks
[2020-09-30T09:18:01.404+0000][16584][gc,marking   ] GC(298) Concurrent Clear Claimed Marks 0.490ms
[2020-09-30T09:18:01.404+0000][16584][gc,marking   ] GC(298) Concurrent Scan Root Regions
[2020-09-30T09:18:01.409+0000][16584][gc,marking   ] GC(298) Concurrent Scan Root Regions 4.649ms
[2020-09-30T09:18:01.409+0000][16584][gc,marking   ] GC(298) Concurrent Mark (175.266s)
[2020-09-30T09:18:01.409+0000][16584][gc,marking   ] GC(298) Concurrent Mark From Roots
[2020-09-30T09:18:01.409+0000][16584][gc,task      ] GC(298) Using 2 workers of 2 for marking
[2020-09-30T09:18:01.562+0000][16584][gc,marking   ] GC(298) Concurrent Mark From Roots 153.166ms
[2020-09-30T09:18:01.562+0000][16584][gc,marking   ] GC(298) Concurrent Preclean
[2020-09-30T09:18:01.562+0000][16584][gc,marking   ] GC(298) Concurrent Preclean 0.437ms
[2020-09-30T09:18:01.563+0000][16584][gc,marking   ] GC(298) Concurrent Mark (175.266s, 175.420s) 153.834ms
[2020-09-30T09:18:01.563+0000][16584][gc,start     ] GC(298) Pause Remark
[2020-09-30T09:18:01.570+0000][16584][gc           ] GC(298) Pause Remark 427M->427M(1024M) 6.803ms
[2020-09-30T09:18:01.570+0000][16584][gc,cpu       ] GC(298) User=0.00s Sys=0.00s Real=0.01s
[2020-09-30T09:18:01.570+0000][16584][safepoint    ] Safepoint "G1Concurrent", Time since last: 159256500 ns, Reaching safepoint: 192200 ns, At safepoint: 7038500 ns, Total: 7230700 ns
[2020-09-30T09:18:01.570+0000][16584][gc,marking   ] GC(298) Concurrent Rebuild Remembered Sets
[2020-09-30T09:18:01.664+0000][16584][gc,marking   ] GC(298) Concurrent Rebuild Remembered Sets 93.966ms
[2020-09-30T09:18:01.664+0000][16584][gc,start     ] GC(298) Pause Cleanup
[2020-09-30T09:18:01.665+0000][16584][gc           ] GC(298) Pause Cleanup 508M->508M(1024M) 0.390ms
[2020-09-30T09:18:01.665+0000][16584][gc,cpu       ] GC(298) User=0.00s Sys=0.00s Real=0.00s
[2020-09-30T09:18:01.665+0000][16584][safepoint    ] Safepoint "G1Concurrent", Time since last: 94165300 ns, Reaching safepoint: 174700 ns, At safepoint: 564700 ns, Total: 739400 ns
[2020-09-30T09:18:01.665+0000][16584][gc,marking   ] GC(298) Concurrent Cleanup for Next Mark
[2020-09-30T09:18:01.666+0000][16584][gc,marking   ] GC(298) Concurrent Cleanup for Next Mark 1.623ms
[2020-09-30T09:18:01.667+0000][16584][gc           ] GC(298) Concurrent Cycle 263.298ms
[2020-09-30T09:18:01.671+0000][16584][gc,start     ] GC(299) Pause Young (Concurrent Start) (G1 Humongous Allocation)
[2020-09-30T09:18:01.671+0000][16584][gc,task      ] GC(299) Using 8 workers of 8 for evacuation
[2020-09-30T09:18:01.671+0000][16584][gc,age       ] GC(299) Desired survivor size 33554432 bytes, new threshold 15 (max threshold 15)
[2020-09-30T09:18:01.675+0000][16584][gc,age       ] GC(299) Age table with threshold 15 (max threshold 15)
[2020-09-30T09:18:01.675+0000][16584][gc,age       ] GC(299) - age   1:    3415240 bytes,    3415240 total
[2020-09-30T09:18:01.675+0000][16584][gc,age       ] GC(299) - age   2:       6808 bytes,    3422048 total
[2020-09-30T09:18:01.676+0000][16584][gc,age       ] GC(299) - age   3:     146592 bytes,    3568640 total
[2020-09-30T09:18:01.676+0000][16584][gc,age       ] GC(299) - age   4:       8768 bytes,    3577408 total
[2020-09-30T09:18:01.676+0000][16584][gc,age       ] GC(299) - age   5:     138720 bytes,    3716128 total
[2020-09-30T09:18:01.676+0000][16584][gc,age       ] GC(299) - age   6:       1304 bytes,    3717432 total
[2020-09-30T09:18:01.676+0000][16584][gc,age       ] GC(299) - age   7:      14280 bytes,    3731712 total
[2020-09-30T09:18:01.676+0000][16584][gc,age       ] GC(299) - age   8:       4272 bytes,    3735984 total
[2020-09-30T09:18:01.676+0000][16584][gc,age       ] GC(299) - age   9:       1848 bytes,    3737832 total
[2020-09-30T09:18:01.676+0000][16584][gc,age       ] GC(299) - age  10:       6592 bytes,    3744424 total
[2020-09-30T09:18:01.676+0000][16584][gc,age       ] GC(299) - age  11:         96 bytes,    3744520 total
[2020-09-30T09:18:01.676+0000][16584][gc,age       ] GC(299) - age  12:      12872 bytes,    3757392 total
[2020-09-30T09:18:01.676+0000][16584][gc,age       ] GC(299) - age  13:      69800 bytes,    3827192 total
[2020-09-30T09:18:01.676+0000][16584][gc,age       ] GC(299) - age  14:      11560 bytes,    3838752 total
[2020-09-30T09:18:01.676+0000][16584][gc,age       ] GC(299) - age  15:     444720 bytes,    4283472 total
[2020-09-30T09:18:01.677+0000][16584][gc,phases    ] GC(299)   Pre Evacuate Collection Set: 0.4ms
[2020-09-30T09:18:01.677+0000][16584][gc,phases    ] GC(299)   Merge Heap Roots: 0.1ms
[2020-09-30T09:18:01.677+0000][16584][gc,phases    ] GC(299)   Evacuate Collection Set: 3.0ms
[2020-09-30T09:18:01.677+0000][16584][gc,phases    ] GC(299)   Post Evacuate Collection Set: 0.9ms
[2020-09-30T09:18:01.677+0000][16584][gc,phases    ] GC(299)   Other: 1.1ms
[2020-09-30T09:18:01.677+0000][16584][gc,heap      ] GC(299) Eden regions: 74->0(503)
[2020-09-30T09:18:01.677+0000][16584][gc,heap      ] GC(299) Survivor regions: 4->5(64)
[2020-09-30T09:18:01.677+0000][16584][gc,heap      ] GC(299) Old regions: 78->78
[2020-09-30T09:18:01.677+0000][16584][gc,heap      ] GC(299) Archive regions: 0->0
[2020-09-30T09:18:01.677+0000][16584][gc,heap      ] GC(299) Humongous regions: 355->174
[2020-09-30T09:18:01.677+0000][16584][gc,metaspace ] GC(299) Metaspace: 88902K(94848K)->88902K(94848K) NonClass: 77607K(81152K)->77607K(81152K) Class: 11294K(13696K)->11294K(13696K)
[2020-09-30T09:18:01.677+0000][16584][gc           ] GC(299) Pause Young (Concurrent Start) (G1 Humongous Allocation) 509M->256M(1024M) 5.881ms
[2020-09-30T09:18:01.677+0000][16584][gc,cpu       ] GC(299) User=0.00s Sys=0.00s Real=0.01s
[2020-09-30T09:18:01.677+0000][16584][safepoint    ] Safepoint "G1TryInitiateConcMark", Time since last: 5648900 ns, Reaching safepoint: 169900 ns, At safepoint: 6167300 ns, Total: 6337200 ns
[2020-09-30T09:18:01.677+0000][16584][gc           ] GC(300) Concurrent Cycle
[2020-09-30T09:18:01.677+0000][16584][gc,marking   ] GC(300) Concurrent Clear Claimed Marks
[2020-09-30T09:18:01.677+0000][16584][gc,marking   ] GC(300) Concurrent Clear Claimed Marks 0.465ms
[2020-09-30T09:18:01.677+0000][16584][gc,marking   ] GC(300) Concurrent Scan Root Regions
[2020-09-30T09:18:01.682+0000][16584][gc,marking   ] GC(300) Concurrent Scan Root Regions 4.591ms
[2020-09-30T09:18:01.682+0000][16584][gc,marking   ] GC(300) Concurrent Mark (175.540s)
[2020-09-30T09:18:01.682+0000][16584][gc,marking   ] GC(300) Concurrent Mark From Roots
[2020-09-30T09:18:01.682+0000][16584][gc,task      ] GC(300) Using 2 workers of 2 for marking
[2020-09-30T09:18:01.854+0000][16584][gc,marking   ] GC(300) Concurrent Mark From Roots 171.939ms
[2020-09-30T09:18:01.854+0000][16584][gc,marking   ] GC(300) Concurrent Preclean
[2020-09-30T09:18:01.855+0000][16584][gc,marking   ] GC(300) Concurrent Preclean 0.793ms
[2020-09-30T09:18:01.855+0000][16584][gc,marking   ] GC(300) Concurrent Mark (175.540s, 175.713s) 173.032ms
[2020-09-30T09:18:01.855+0000][16584][gc,start     ] GC(300) Pause Remark
[2020-09-30T09:18:01.862+0000][16584][gc           ] GC(300) Pause Remark 329M->329M(1024M) 6.567ms
[2020-09-30T09:18:01.862+0000][16584][gc,cpu       ] GC(300) User=0.11s Sys=0.00s Real=0.01s
[2020-09-30T09:18:01.862+0000][16584][safepoint    ] Safepoint "G1Concurrent", Time since last: 178493300 ns, Reaching safepoint: 182500 ns, At safepoint: 6835600 ns, Total: 7018100 ns
[2020-09-30T09:18:01.862+0000][16584][gc,marking   ] GC(300) Concurrent Rebuild Remembered Sets
[2020-09-30T09:18:01.968+0000][16584][gc,marking   ] GC(300) Concurrent Rebuild Remembered Sets 105.623ms
[2020-09-30T09:18:01.968+0000][16584][gc,start     ] GC(300) Pause Cleanup
[2020-09-30T09:18:01.969+0000][16584][gc           ] GC(300) Pause Cleanup 332M->332M(1024M) 0.395ms
[2020-09-30T09:18:01.969+0000][16584][gc,cpu       ] GC(300) User=0.00s Sys=0.00s Real=0.00s
[2020-09-30T09:18:01.969+0000][16584][safepoint    ] Safepoint "G1Concurrent", Time since last: 105860300 ns, Reaching safepoint: 170000 ns, At safepoint: 601900 ns, Total: 771900 ns
[2020-09-30T09:18:01.969+0000][16584][gc,marking   ] GC(300) Concurrent Cleanup for Next Mark
[2020-09-30T09:18:01.971+0000][16584][gc,marking   ] GC(300) Concurrent Cleanup for Next Mark 1.984ms
[2020-09-30T09:18:01.971+0000][16584][gc           ] GC(300) Concurrent Cycle 294.382ms
[2020-09-30T09:18:02.421+0000][16584][gc,start     ] GC(301) Pause Young (Concurrent Start) (G1 Humongous Allocation)
[2020-09-30T09:18:02.421+0000][16584][gc,task      ] GC(301) Using 8 workers of 8 for evacuation
[2020-09-30T09:18:02.421+0000][16584][gc,age       ] GC(301) Desired survivor size 33554432 bytes, new threshold 15 (max threshold 15)
[2020-09-30T09:18:02.426+0000][16584][gc,age       ] GC(301) Age table with threshold 15 (max threshold 15)
[2020-09-30T09:18:02.426+0000][16584][gc,age       ] GC(301) - age   1:    2727832 bytes,    2727832 total
[2020-09-30T09:18:02.426+0000][16584][gc,age       ] GC(301) - age   2:       4504 bytes,    2732336 total
[2020-09-30T09:18:02.426+0000][16584][gc,age       ] GC(301) - age   3:       4368 bytes,    2736704 total
[2020-09-30T09:18:02.426+0000][16584][gc,age       ] GC(301) - age   4:     144280 bytes,    2880984 total
[2020-09-30T09:18:02.426+0000][16584][gc,age       ] GC(301) - age   5:       8768 bytes,    2889752 total
[2020-09-30T09:18:02.426+0000][16584][gc,age       ] GC(301) - age   6:     138656 bytes,    3028408 total
[2020-09-30T09:18:02.426+0000][16584][gc,age       ] GC(301) - age   7:       1304 bytes,    3029712 total
[2020-09-30T09:18:02.426+0000][16584][gc,age       ] GC(301) - age   8:      14280 bytes,    3043992 total
[2020-09-30T09:18:02.426+0000][16584][gc,age       ] GC(301) - age   9:       4272 bytes,    3048264 total
[2020-09-30T09:18:02.426+0000][16584][gc,age       ] GC(301) - age  10:       1784 bytes,    3050048 total
[2020-09-30T09:18:02.426+0000][16584][gc,age       ] GC(301) - age  11:       6592 bytes,    3056640 total
[2020-09-30T09:18:02.426+0000][16584][gc,age       ] GC(301) - age  12:         96 bytes,    3056736 total
[2020-09-30T09:18:02.426+0000][16584][gc,age       ] GC(301) - age  13:      12872 bytes,    3069608 total
[2020-09-30T09:18:02.426+0000][16584][gc,age       ] GC(301) - age  14:      69800 bytes,    3139408 total
[2020-09-30T09:18:02.426+0000][16584][gc,age       ] GC(301) - age  15:      11560 bytes,    3150968 total
[2020-09-30T09:18:02.427+0000][16584][gc,phases    ] GC(301)   Pre Evacuate Collection Set: 0.4ms
[2020-09-30T09:18:02.427+0000][16584][gc,phases    ] GC(301)   Merge Heap Roots: 0.1ms
[2020-09-30T09:18:02.427+0000][16584][gc,phases    ] GC(301)   Evacuate Collection Set: 3.6ms
[2020-09-30T09:18:02.427+0000][16584][gc,phases    ] GC(301)   Post Evacuate Collection Set: 0.8ms
[2020-09-30T09:18:02.427+0000][16584][gc,phases    ] GC(301)   Other: 1.1ms
[2020-09-30T09:18:02.427+0000][16584][gc,heap      ] GC(301) Eden regions: 35->0(503)
[2020-09-30T09:18:02.427+0000][16584][gc,heap      ] GC(301) Survivor regions: 5->4(64)
[2020-09-30T09:18:02.427+0000][16584][gc,heap      ] GC(301) Old regions: 78->79
[2020-09-30T09:18:02.427+0000][16584][gc,heap      ] GC(301) Archive regions: 0->0
[2020-09-30T09:18:02.427+0000][16584][gc,heap      ] GC(301) Humongous regions: 231->174
[2020-09-30T09:18:02.427+0000][16584][gc,metaspace ] GC(301) Metaspace: 89027K(95104K)->89027K(95104K) NonClass: 77732K(81408K)->77732K(81408K) Class: 11295K(13696K)->11295K(13696K)
[2020-09-30T09:18:02.427+0000][16584][gc           ] GC(301) Pause Young (Concurrent Start) (G1 Humongous Allocation) 348M->255M(1024M) 6.600ms
[2020-09-30T09:18:02.427+0000][16584][gc,cpu       ] GC(301) User=0.00s Sys=0.00s Real=0.01s
[2020-09-30T09:18:02.427+0000][16584][safepoint    ] Safepoint "G1TryInitiateConcMark", Time since last: 451092200 ns, Reaching safepoint: 183600 ns, At safepoint: 6829800 ns, Total: 7013400 ns
[2020-09-30T09:18:02.427+0000][16584][gc           ] GC(302) Concurrent Cycle
[2020-09-30T09:18:02.427+0000][16584][gc,marking   ] GC(302) Concurrent Clear Claimed Marks
[2020-09-30T09:18:02.428+0000][16584][gc,marking   ] GC(302) Concurrent Clear Claimed Marks 0.353ms
[2020-09-30T09:18:02.428+0000][16584][gc,marking   ] GC(302) Concurrent Scan Root Regions
[2020-09-30T09:18:02.432+0000][16584][gc,marking   ] GC(302) Concurrent Scan Root Regions 4.088ms
[2020-09-30T09:18:02.432+0000][16584][gc,marking   ] GC(302) Concurrent Mark (176.289s)
[2020-09-30T09:18:02.432+0000][16584][gc,marking   ] GC(302) Concurrent Mark From Roots
[2020-09-30T09:18:02.432+0000][16584][gc,task      ] GC(302) Using 2 workers of 2 for marking
[2020-09-30T09:18:02.607+0000][16584][gc,marking   ] GC(302) Concurrent Mark From Roots 174.796ms
[2020-09-30T09:18:02.607+0000][16584][gc,marking   ] GC(302) Concurrent Preclean
[2020-09-30T09:18:02.608+0000][16584][gc,marking   ] GC(302) Concurrent Preclean 0.643ms
[2020-09-30T09:18:02.608+0000][16584][gc,marking   ] GC(302) Concurrent Mark (176.289s, 176.465s) 175.727ms
[2020-09-30T09:18:02.608+0000][16584][gc,start     ] GC(302) Pause Remark
[2020-09-30T09:18:02.615+0000][16584][gc           ] GC(302) Pause Remark 423M->423M(1024M) 6.845ms
[2020-09-30T09:18:02.615+0000][16584][gc,cpu       ] GC(302) User=0.00s Sys=0.00s Real=0.01s
[2020-09-30T09:18:02.615+0000][16584][safepoint    ] Safepoint "G1Concurrent", Time since last: 180601100 ns, Reaching safepoint: 184300 ns, At safepoint: 7132700 ns, Total: 7317000 ns
[2020-09-30T09:18:02.615+0000][16584][gc,marking   ] GC(302) Concurrent Rebuild Remembered Sets
[2020-09-30T09:18:02.718+0000][16584][gc,marking   ] GC(302) Concurrent Rebuild Remembered Sets 102.602ms
[2020-09-30T09:18:02.718+0000][16584][gc,start     ] GC(302) Pause Cleanup
[2020-09-30T09:18:02.719+0000][16584][gc           ] GC(302) Pause Cleanup 502M->502M(1024M) 0.443ms
[2020-09-30T09:18:02.719+0000][16584][gc,cpu       ] GC(302) User=0.00s Sys=0.00s Real=0.00s
[2020-09-30T09:18:02.719+0000][16584][safepoint    ] Safepoint "G1Concurrent", Time since last: 102835900 ns, Reaching safepoint: 161500 ns, At safepoint: 688200 ns, Total: 849700 ns
[2020-09-30T09:18:02.719+0000][16584][gc,marking   ] GC(302) Concurrent Cleanup for Next Mark
[2020-09-30T09:18:02.721+0000][16584][gc,marking   ] GC(302) Concurrent Cleanup for Next Mark 1.856ms
[2020-09-30T09:18:02.721+0000][16584][gc           ] GC(302) Concurrent Cycle 293.709ms
[2020-09-30T09:18:02.748+0000][16584][gc,start     ] GC(303) Pause Young (Concurrent Start) (G1 Humongous Allocation)
[2020-09-30T09:18:02.748+0000][16584][gc,task      ] GC(303) Using 8 workers of 8 for evacuation
[2020-09-30T09:18:02.749+0000][16584][gc,age       ] GC(303) Desired survivor size 33554432 bytes, new threshold 15 (max threshold 15)
[2020-09-30T09:18:02.753+0000][16584][gc,age       ] GC(303) Age table with threshold 15 (max threshold 15)
[2020-09-30T09:18:02.753+0000][16584][gc,age       ] GC(303) - age   1:    3407000 bytes,    3407000 total
[2020-09-30T09:18:02.753+0000][16584][gc,age       ] GC(303) - age   2:      16312 bytes,    3423312 total
[2020-09-30T09:18:02.753+0000][16584][gc,age       ] GC(303) - age   3:       2768 bytes,    3426080 total
[2020-09-30T09:18:02.753+0000][16584][gc,age       ] GC(303) - age   4:       4112 bytes,    3430192 total
[2020-09-30T09:18:02.753+0000][16584][gc,age       ] GC(303) - age   5:     141208 bytes,    3571400 total
[2020-09-30T09:18:02.753+0000][16584][gc,age       ] GC(303) - age   6:       6136 bytes,    3577536 total
[2020-09-30T09:18:02.753+0000][16584][gc,age       ] GC(303) - age   7:     138272 bytes,    3715808 total
[2020-09-30T09:18:02.753+0000][16584][gc,age       ] GC(303) - age   8:       1080 bytes,    3716888 total
[2020-09-30T09:18:02.753+0000][16584][gc,age       ] GC(303) - age   9:      14280 bytes,    3731168 total
[2020-09-30T09:18:02.753+0000][16584][gc,age       ] GC(303) - age  10:       4272 bytes,    3735440 total
[2020-09-30T09:18:02.753+0000][16584][gc,age       ] GC(303) - age  11:       1784 bytes,    3737224 total
[2020-09-30T09:18:02.753+0000][16584][gc,age       ] GC(303) - age  12:       6592 bytes,    3743816 total
[2020-09-30T09:18:02.753+0000][16584][gc,age       ] GC(303) - age  13:         96 bytes,    3743912 total
[2020-09-30T09:18:02.753+0000][16584][gc,age       ] GC(303) - age  14:      12872 bytes,    3756784 total
[2020-09-30T09:18:02.753+0000][16584][gc,age       ] GC(303) - age  15:      69800 bytes,    3826584 total
[2020-09-30T09:18:02.754+0000][16584][gc,phases    ] GC(303)   Pre Evacuate Collection Set: 0.5ms
[2020-09-30T09:18:02.754+0000][16584][gc,phases    ] GC(303)   Merge Heap Roots: 0.1ms
[2020-09-30T09:18:02.754+0000][16584][gc,phases    ] GC(303)   Evacuate Collection Set: 2.5ms
[2020-09-30T09:18:02.754+0000][16584][gc,phases    ] GC(303)   Post Evacuate Collection Set: 1.0ms
[2020-09-30T09:18:02.754+0000][16584][gc,phases    ] GC(303)   Other: 1.1ms
[2020-09-30T09:18:02.754+0000][16584][gc,heap      ] GC(303) Eden regions: 74->0(503)
[2020-09-30T09:18:02.754+0000][16584][gc,heap      ] GC(303) Survivor regions: 4->4(64)
[2020-09-30T09:18:02.754+0000][16584][gc,heap      ] GC(303) Old regions: 79->79
[2020-09-30T09:18:02.754+0000][16584][gc,heap      ] GC(303) Archive regions: 0->0
[2020-09-30T09:18:02.754+0000][16584][gc,heap      ] GC(303) Humongous regions: 355->174
[2020-09-30T09:18:02.754+0000][16584][gc,metaspace ] GC(303) Metaspace: 89027K(95104K)->89027K(95104K) NonClass: 77732K(81408K)->77732K(81408K) Class: 11295K(13696K)->11295K(13696K)
[2020-09-30T09:18:02.754+0000][16584][gc           ] GC(303) Pause Young (Concurrent Start) (G1 Humongous Allocation) 510M->256M(1024M) 5.672ms
[2020-09-30T09:18:02.754+0000][16584][gc,cpu       ] GC(303) User=0.00s Sys=0.00s Real=0.01s
[2020-09-30T09:18:02.754+0000][16584][safepoint    ] Safepoint "G1TryInitiateConcMark", Time since last: 29267400 ns, Reaching safepoint: 147800 ns, At safepoint: 5900600 ns, Total: 6048400 ns
[2020-09-30T09:18:02.754+0000][16584][gc           ] GC(304) Concurrent Cycle
[2020-09-30T09:18:02.754+0000][16584][gc,marking   ] GC(304) Concurrent Clear Claimed Marks
[2020-09-30T09:18:02.755+0000][16584][gc,marking   ] GC(304) Concurrent Clear Claimed Marks 0.678ms
[2020-09-30T09:18:02.755+0000][16584][gc,marking   ] GC(304) Concurrent Scan Root Regions
[2020-09-30T09:18:02.758+0000][16584][gc,marking   ] GC(304) Concurrent Scan Root Regions 3.305ms
[2020-09-30T09:18:02.759+0000][16584][gc,marking   ] GC(304) Concurrent Mark (176.616s)
[2020-09-30T09:18:02.759+0000][16584][gc,marking   ] GC(304) Concurrent Mark From Roots
[2020-09-30T09:18:02.759+0000][16584][gc,task      ] GC(304) Using 2 workers of 2 for marking
[2020-09-30T09:18:02.946+0000][16584][gc,marking   ] GC(304) Concurrent Mark From Roots 187.399ms
[2020-09-30T09:18:02.946+0000][16584][gc,marking   ] GC(304) Concurrent Preclean
[2020-09-30T09:18:02.947+0000][16584][gc,marking   ] GC(304) Concurrent Preclean 0.642ms
[2020-09-30T09:18:02.947+0000][16584][gc,marking   ] GC(304) Concurrent Mark (176.616s, 176.804s) 188.250ms
[2020-09-30T09:18:02.948+0000][16584][gc,start     ] GC(304) Pause Remark
[2020-09-30T09:18:02.955+0000][16584][gc           ] GC(304) Pause Remark 333M->333M(1024M) 7.342ms
[2020-09-30T09:18:02.955+0000][16584][gc,cpu       ] GC(304) User=0.09s Sys=0.00s Real=0.01s
[2020-09-30T09:18:02.955+0000][16584][safepoint    ] Safepoint "G1Concurrent", Time since last: 192761800 ns, Reaching safepoint: 898400 ns, At safepoint: 7588500 ns, Total: 8486900 ns
[2020-09-30T09:18:02.956+0000][16584][gc,marking   ] GC(304) Concurrent Rebuild Remembered Sets
[2020-09-30T09:18:03.056+0000][16584][gc,marking   ] GC(304) Concurrent Rebuild Remembered Sets 100.224ms
[2020-09-30T09:18:03.056+0000][16584][gc,start     ] GC(304) Pause Cleanup
[2020-09-30T09:18:03.056+0000][16584][gc           ] GC(304) Pause Cleanup 334M->334M(1024M) 0.372ms
[2020-09-30T09:18:03.057+0000][16584][gc,cpu       ] GC(304) User=0.00s Sys=0.00s Real=0.00s
[2020-09-30T09:18:03.057+0000][16584][safepoint    ] Safepoint "G1Concurrent", Time since last: 100473700 ns, Reaching safepoint: 132100 ns, At safepoint: 651200 ns, Total: 783300 ns
[2020-09-30T09:18:03.057+0000][16584][gc,marking   ] GC(304) Concurrent Cleanup for Next Mark
[2020-09-30T09:18:03.059+0000][16584][gc,marking   ] GC(304) Concurrent Cleanup for Next Mark 1.747ms
[2020-09-30T09:18:03.059+0000][16584][gc           ] GC(304) Concurrent Cycle 304.463ms
[2020-09-30T09:18:03.077+0000][16584][gc,start     ] GC(305) Pause Young (Concurrent Start) (G1 Humongous Allocation)
[2020-09-30T09:18:03.077+0000][16584][gc,task      ] GC(305) Using 8 workers of 8 for evacuation
[2020-09-30T09:18:03.078+0000][16584][gc,age       ] GC(305) Desired survivor size 33554432 bytes, new threshold 15 (max threshold 15)
[2020-09-30T09:18:03.082+0000][16584][gc,age       ] GC(305) Age table with threshold 15 (max threshold 15)
[2020-09-30T09:18:03.082+0000][16584][gc,age       ] GC(305) - age   1:    2722152 bytes,    2722152 total
[2020-09-30T09:18:03.082+0000][16584][gc,age       ] GC(305) - age   2:       5144 bytes,    2727296 total
[2020-09-30T09:18:03.082+0000][16584][gc,age       ] GC(305) - age   3:      13904 bytes,    2741200 total
[2020-09-30T09:18:03.082+0000][16584][gc,age       ] GC(305) - age   4:       2544 bytes,    2743744 total
[2020-09-30T09:18:03.083+0000][16584][gc,age       ] GC(305) - age   5:       4048 bytes,    2747792 total
[2020-09-30T09:18:03.083+0000][16584][gc,age       ] GC(305) - age   6:     141208 bytes,    2889000 total
[2020-09-30T09:18:03.083+0000][16584][gc,age       ] GC(305) - age   7:       3744 bytes,    2892744 total
[2020-09-30T09:18:03.083+0000][16584][gc,age       ] GC(305) - age   8:     138208 bytes,    3030952 total
[2020-09-30T09:18:03.083+0000][16584][gc,age       ] GC(305) - age   9:       1016 bytes,    3031968 total
[2020-09-30T09:18:03.083+0000][16584][gc,age       ] GC(305) - age  10:      14280 bytes,    3046248 total
[2020-09-30T09:18:03.083+0000][16584][gc,age       ] GC(305) - age  11:       4272 bytes,    3050520 total
[2020-09-30T09:18:03.083+0000][16584][gc,age       ] GC(305) - age  12:       1752 bytes,    3052272 total
[2020-09-30T09:18:03.083+0000][16584][gc,age       ] GC(305) - age  13:       6592 bytes,    3058864 total
[2020-09-30T09:18:03.083+0000][16584][gc,age       ] GC(305) - age  14:         96 bytes,    3058960 total
[2020-09-30T09:18:03.083+0000][16584][gc,age       ] GC(305) - age  15:      12872 bytes,    3071832 total
[2020-09-30T09:18:03.083+0000][16584][gc,phases    ] GC(305)   Pre Evacuate Collection Set: 0.6ms
[2020-09-30T09:18:03.083+0000][16584][gc,phases    ] GC(305)   Merge Heap Roots: 0.1ms
[2020-09-30T09:18:03.083+0000][16584][gc,phases    ] GC(305)   Evacuate Collection Set: 2.8ms
[2020-09-30T09:18:03.083+0000][16584][gc,phases    ] GC(305)   Post Evacuate Collection Set: 0.9ms
[2020-09-30T09:18:03.084+0000][16584][gc,phases    ] GC(305)   Other: 1.4ms
[2020-09-30T09:18:03.084+0000][16584][gc,heap      ] GC(305) Eden regions: 27->0(503)
[2020-09-30T09:18:03.084+0000][16584][gc,heap      ] GC(305) Survivor regions: 4->4(64)
[2020-09-30T09:18:03.084+0000][16584][gc,heap      ] GC(305) Old regions: 79->79
[2020-09-30T09:18:03.084+0000][16584][gc,heap      ] GC(305) Archive regions: 0->0
[2020-09-30T09:18:03.084+0000][16584][gc,heap      ] GC(305) Humongous regions: 231->174
[2020-09-30T09:18:03.084+0000][16584][gc,metaspace ] GC(305) Metaspace: 89029K(95104K)->89029K(95104K) NonClass: 77734K(81408K)->77734K(81408K) Class: 11295K(13696K)->11295K(13696K)
[2020-09-30T09:18:03.084+0000][16584][gc           ] GC(305) Pause Young (Concurrent Start) (G1 Humongous Allocation) 339M->255M(1024M) 6.671ms
[2020-09-30T09:18:03.084+0000][16584][gc,cpu       ] GC(305) User=0.00s Sys=0.00s Real=0.01s
[2020-09-30T09:18:03.084+0000][16584][gc           ] GC(306) Concurrent Cycle
[2020-09-30T09:18:03.084+0000][16584][safepoint    ] Safepoint "G1TryInitiateConcMark", Time since last: 20372600 ns, Reaching safepoint: 179800 ns, At safepoint: 6915900 ns, Total: 7095700 ns
[2020-09-30T09:18:03.084+0000][16584][gc,marking   ] GC(306) Concurrent Clear Claimed Marks
[2020-09-30T09:18:03.085+0000][16584][gc,marking   ] GC(306) Concurrent Clear Claimed Marks 0.816ms
[2020-09-30T09:18:03.085+0000][16584][gc,marking   ] GC(306) Concurrent Scan Root Regions
[2020-09-30T09:18:03.088+0000][16584][gc,marking   ] GC(306) Concurrent Scan Root Regions 3.208ms
[2020-09-30T09:18:03.089+0000][16584][gc,marking   ] GC(306) Concurrent Mark (176.946s)
[2020-09-30T09:18:03.089+0000][16584][gc,marking   ] GC(306) Concurrent Mark From Roots
[2020-09-30T09:18:03.089+0000][16584][gc,task      ] GC(306) Using 2 workers of 2 for marking
[2020-09-30T09:18:03.278+0000][16584][gc,marking   ] GC(306) Concurrent Mark From Roots 189.156ms
[2020-09-30T09:18:03.278+0000][16584][gc,marking   ] GC(306) Concurrent Preclean
[2020-09-30T09:18:03.279+0000][16584][gc,marking   ] GC(306) Concurrent Preclean 0.583ms
[2020-09-30T09:18:03.279+0000][16584][gc,marking   ] GC(306) Concurrent Mark (176.946s, 177.136s) 189.979ms
[2020-09-30T09:18:03.279+0000][16584][gc,start     ] GC(306) Pause Remark
[2020-09-30T09:18:03.286+0000][16584][gc           ] GC(306) Pause Remark 411M->411M(1024M) 7.113ms
[2020-09-30T09:18:03.286+0000][16584][gc,cpu       ] GC(306) User=0.11s Sys=0.00s Real=0.01s
[2020-09-30T09:18:03.286+0000][16584][safepoint    ] Safepoint "G1Concurrent", Time since last: 194498400 ns, Reaching safepoint: 151000 ns, At safepoint: 7539900 ns, Total: 7690900 ns
[2020-09-30T09:18:03.287+0000][16584][gc,marking   ] GC(306) Concurrent Rebuild Remembered Sets
[2020-09-30T09:18:03.386+0000][16584][gc,marking   ] GC(306) Concurrent Rebuild Remembered Sets 98.967ms
[2020-09-30T09:18:03.386+0000][16584][gc,start     ] GC(306) Pause Cleanup
[2020-09-30T09:18:03.387+0000][16584][gc           ] GC(306) Pause Cleanup 499M->499M(1024M) 0.378ms
[2020-09-30T09:18:03.387+0000][16584][gc,cpu       ] GC(306) User=0.00s Sys=0.00s Real=0.00s
[2020-09-30T09:18:03.387+0000][16584][safepoint    ] Safepoint "G1Concurrent", Time since last: 99220900 ns, Reaching safepoint: 170900 ns, At safepoint: 576400 ns, Total: 747300 ns
[2020-09-30T09:18:03.387+0000][16584][gc,marking   ] GC(306) Concurrent Cleanup for Next Mark
[2020-09-30T09:18:03.389+0000][16584][gc,marking   ] GC(306) Concurrent Cleanup for Next Mark 1.751ms
[2020-09-30T09:18:03.389+0000][16584][gc           ] GC(306) Concurrent Cycle 304.142ms
[2020-09-30T09:18:03.424+0000][16584][gc,start     ] GC(307) Pause Young (Concurrent Start) (G1 Humongous Allocation)
[2020-09-30T09:18:03.424+0000][16584][gc,task      ] GC(307) Using 8 workers of 8 for evacuation
[2020-09-30T09:18:03.425+0000][16584][gc,age       ] GC(307) Desired survivor size 33554432 bytes, new threshold 15 (max threshold 15)
[2020-09-30T09:18:03.429+0000][16584][gc,age       ] GC(307) Age table with threshold 15 (max threshold 15)
[2020-09-30T09:18:03.429+0000][16584][gc,age       ] GC(307) - age   1:    3406152 bytes,    3406152 total
[2020-09-30T09:18:03.429+0000][16584][gc,age       ] GC(307) - age   2:       6128 bytes,    3412280 total
[2020-09-30T09:18:03.429+0000][16584][gc,age       ] GC(307) - age   3:       3328 bytes,    3415608 total
[2020-09-30T09:18:03.429+0000][16584][gc,age       ] GC(307) - age   4:      13424 bytes,    3429032 total
[2020-09-30T09:18:03.429+0000][16584][gc,age       ] GC(307) - age   5:       2096 bytes,    3431128 total
[2020-09-30T09:18:03.429+0000][16584][gc,age       ] GC(307) - age   6:       3984 bytes,    3435112 total
[2020-09-30T09:18:03.429+0000][16584][gc,age       ] GC(307) - age   7:     140888 bytes,    3576000 total
[2020-09-30T09:18:03.429+0000][16584][gc,age       ] GC(307) - age   8:       3704 bytes,    3579704 total
[2020-09-30T09:18:03.430+0000][16584][gc,age       ] GC(307) - age   9:     137760 bytes,    3717464 total
[2020-09-30T09:18:03.430+0000][16584][gc,age       ] GC(307) - age  10:       1016 bytes,    3718480 total
[2020-09-30T09:18:03.430+0000][16584][gc,age       ] GC(307) - age  11:      14152 bytes,    3732632 total
[2020-09-30T09:18:03.430+0000][16584][gc,age       ] GC(307) - age  12:       4144 bytes,    3736776 total
[2020-09-30T09:18:03.430+0000][16584][gc,age       ] GC(307) - age  13:       1688 bytes,    3738464 total
[2020-09-30T09:18:03.430+0000][16584][gc,age       ] GC(307) - age  14:       6592 bytes,    3745056 total
[2020-09-30T09:18:03.430+0000][16584][gc,age       ] GC(307) - age  15:         96 bytes,    3745152 total
[2020-09-30T09:18:03.430+0000][16584][gc,phases    ] GC(307)   Pre Evacuate Collection Set: 0.6ms
[2020-09-30T09:18:03.430+0000][16584][gc,phases    ] GC(307)   Merge Heap Roots: 0.1ms
[2020-09-30T09:18:03.430+0000][16584][gc,phases    ] GC(307)   Evacuate Collection Set: 2.5ms
[2020-09-30T09:18:03.430+0000][16584][gc,phases    ] GC(307)   Post Evacuate Collection Set: 0.9ms
[2020-09-30T09:18:03.430+0000][16584][gc,phases    ] GC(307)   Other: 1.8ms
[2020-09-30T09:18:03.430+0000][16584][gc,heap      ] GC(307) Eden regions: 73->0(503)
[2020-09-30T09:18:03.430+0000][16584][gc,heap      ] GC(307) Survivor regions: 4->4(64)
[2020-09-30T09:18:03.430+0000][16584][gc,heap      ] GC(307) Old regions: 79->79
[2020-09-30T09:18:03.430+0000][16584][gc,heap      ] GC(307) Archive regions: 0->0
[2020-09-30T09:18:03.430+0000][16584][gc,heap      ] GC(307) Humongous regions: 355->174
[2020-09-30T09:18:03.431+0000][16584][gc,metaspace ] GC(307) Metaspace: 89029K(95104K)->89029K(95104K) NonClass: 77734K(81408K)->77734K(81408K) Class: 11295K(13696K)->11295K(13696K)
[2020-09-30T09:18:03.431+0000][16584][gc           ] GC(307) Pause Young (Concurrent Start) (G1 Humongous Allocation) 509M->256M(1024M) 6.435ms
[2020-09-30T09:18:03.431+0000][16584][gc,cpu       ] GC(307) User=0.00s Sys=0.00s Real=0.01s
[2020-09-30T09:18:03.431+0000][16584][gc           ] GC(308) Concurrent Cycle
[2020-09-30T09:18:03.431+0000][16584][safepoint    ] Safepoint "G1TryInitiateConcMark", Time since last: 36696700 ns, Reaching safepoint: 413000 ns, At safepoint: 6786300 ns, Total: 7199300 ns
[2020-09-30T09:18:03.431+0000][16584][gc,marking   ] GC(308) Concurrent Clear Claimed Marks
[2020-09-30T09:18:03.431+0000][16584][gc,marking   ] GC(308) Concurrent Clear Claimed Marks 0.391ms
[2020-09-30T09:18:03.431+0000][16584][gc,marking   ] GC(308) Concurrent Scan Root Regions
[2020-09-30T09:18:03.435+0000][16584][gc,marking   ] GC(308) Concurrent Scan Root Regions 4.044ms
[2020-09-30T09:18:03.435+0000][16584][gc,marking   ] GC(308) Concurrent Mark (177.292s)
[2020-09-30T09:18:03.435+0000][16584][gc,marking   ] GC(308) Concurrent Mark From Roots
[2020-09-30T09:18:03.436+0000][16584][gc,task      ] GC(308) Using 2 workers of 2 for marking
[2020-09-30T09:18:03.620+0000][16584][gc,marking   ] GC(308) Concurrent Mark From Roots 184.210ms
[2020-09-30T09:18:03.620+0000][16584][gc,marking   ] GC(308) Concurrent Preclean
[2020-09-30T09:18:03.620+0000][16584][gc,marking   ] GC(308) Concurrent Preclean 0.629ms
[2020-09-30T09:18:03.620+0000][16584][gc,marking   ] GC(308) Concurrent Mark (177.292s, 177.477s) 185.098ms
[2020-09-30T09:18:03.621+0000][16584][gc,start     ] GC(308) Pause Remark
[2020-09-30T09:18:03.627+0000][16584][gc           ] GC(308) Pause Remark 403M->403M(1024M) 6.644ms
[2020-09-30T09:18:03.628+0000][16584][gc,cpu       ] GC(308) User=0.11s Sys=0.00s Real=0.01s
[2020-09-30T09:18:03.628+0000][16584][safepoint    ] Safepoint "G1Concurrent", Time since last: 189884700 ns, Reaching safepoint: 231200 ns, At safepoint: 7509100 ns, Total: 7740300 ns
[2020-09-30T09:18:03.628+0000][16584][gc,marking   ] GC(308) Concurrent Rebuild Remembered Sets
[2020-09-30T09:18:03.728+0000][16584][gc,marking   ] GC(308) Concurrent Rebuild Remembered Sets 99.916ms
[2020-09-30T09:18:03.728+0000][16584][gc,start     ] GC(308) Pause Cleanup
[2020-09-30T09:18:03.729+0000][16584][gc           ] GC(308) Pause Cleanup 408M->408M(1024M) 0.362ms
[2020-09-30T09:18:03.729+0000][16584][gc,cpu       ] GC(308) User=0.00s Sys=0.00s Real=0.00s
[2020-09-30T09:18:03.729+0000][16584][safepoint    ] Safepoint "G1Concurrent", Time since last: 100151400 ns, Reaching safepoint: 169500 ns, At safepoint: 579700 ns, Total: 749200 ns
[2020-09-30T09:18:03.729+0000][16584][gc,marking   ] GC(308) Concurrent Cleanup for Next Mark
[2020-09-30T09:18:03.730+0000][16584][gc,marking   ] GC(308) Concurrent Cleanup for Next Mark 1.729ms
[2020-09-30T09:18:03.731+0000][16584][gc           ] GC(308) Concurrent Cycle 300.497ms
[2020-09-30T09:18:03.735+0000][16584][gc,start     ] GC(309) Pause Young (Concurrent Start) (G1 Humongous Allocation)
[2020-09-30T09:18:03.735+0000][16584][gc,task      ] GC(309) Using 8 workers of 8 for evacuation
[2020-09-30T09:18:03.735+0000][16584][gc,age       ] GC(309) Desired survivor size 33554432 bytes, new threshold 15 (max threshold 15)
[2020-09-30T09:18:03.740+0000][16584][gc,age       ] GC(309) Age table with threshold 15 (max threshold 15)
[2020-09-30T09:18:03.740+0000][16584][gc,age       ] GC(309) - age   1:    2723024 bytes,    2723024 total
[2020-09-30T09:18:03.740+0000][16584][gc,age       ] GC(309) - age   2:       3400 bytes,    2726424 total
[2020-09-30T09:18:03.740+0000][16584][gc,age       ] GC(309) - age   3:       4200 bytes,    2730624 total
[2020-09-30T09:18:03.740+0000][16584][gc,age       ] GC(309) - age   4:       1448 bytes,    2732072 total
[2020-09-30T09:18:03.740+0000][16584][gc,age       ] GC(309) - age   5:      13360 bytes,    2745432 total
[2020-09-30T09:18:03.740+0000][16584][gc,age       ] GC(309) - age   6:       2096 bytes,    2747528 total
[2020-09-30T09:18:03.740+0000][16584][gc,age       ] GC(309) - age   7:       3984 bytes,    2751512 total
[2020-09-30T09:18:03.740+0000][16584][gc,age       ] GC(309) - age   8:     140888 bytes,    2892400 total
[2020-09-30T09:18:03.740+0000][16584][gc,age       ] GC(309) - age   9:       1280 bytes,    2893680 total
[2020-09-30T09:18:03.740+0000][16584][gc,age       ] GC(309) - age  10:     137760 bytes,    3031440 total
[2020-09-30T09:18:03.740+0000][16584][gc,age       ] GC(309) - age  11:       1016 bytes,    3032456 total
[2020-09-30T09:18:03.740+0000][16584][gc,age       ] GC(309) - age  12:      14056 bytes,    3046512 total
[2020-09-30T09:18:03.740+0000][16584][gc,age       ] GC(309) - age  13:       4080 bytes,    3050592 total
[2020-09-30T09:18:03.740+0000][16584][gc,age       ] GC(309) - age  14:       1624 bytes,    3052216 total
[2020-09-30T09:18:03.740+0000][16584][gc,age       ] GC(309) - age  15:       6592 bytes,    3058808 total
[2020-09-30T09:18:03.740+0000][16584][gc,phases    ] GC(309)   Pre Evacuate Collection Set: 0.5ms
[2020-09-30T09:18:03.740+0000][16584][gc,phases    ] GC(309)   Merge Heap Roots: 0.1ms
[2020-09-30T09:18:03.740+0000][16584][gc,phases    ] GC(309)   Evacuate Collection Set: 2.4ms
[2020-09-30T09:18:03.740+0000][16584][gc,phases    ] GC(309)   Post Evacuate Collection Set: 1.0ms
[2020-09-30T09:18:03.740+0000][16584][gc,phases    ] GC(309)   Other: 0.9ms
[2020-09-30T09:18:03.740+0000][16584][gc,heap      ] GC(309) Eden regions: 40->0(503)
[2020-09-30T09:18:03.740+0000][16584][gc,heap      ] GC(309) Survivor regions: 4->4(64)
[2020-09-30T09:18:03.740+0000][16584][gc,heap      ] GC(309) Old regions: 79->79
[2020-09-30T09:18:03.740+0000][16584][gc,heap      ] GC(309) Archive regions: 0->0
[2020-09-30T09:18:03.740+0000][16584][gc,heap      ] GC(309) Humongous regions: 288->174
[2020-09-30T09:18:03.740+0000][16584][gc,metaspace ] GC(309) Metaspace: 89029K(95104K)->89029K(95104K) NonClass: 77734K(81408K)->77734K(81408K) Class: 11295K(13696K)->11295K(13696K)
[2020-09-30T09:18:03.740+0000][16584][gc           ] GC(309) Pause Young (Concurrent Start) (G1 Humongous Allocation) 410M->255M(1024M) 5.150ms
[2020-09-30T09:18:03.741+0000][16584][gc,cpu       ] GC(309) User=0.00s Sys=0.00s Real=0.01s
[2020-09-30T09:18:03.741+0000][16584][gc           ] GC(310) Concurrent Cycle
[2020-09-30T09:18:03.741+0000][16584][safepoint    ] Safepoint "G1TryInitiateConcMark", Time since last: 6399100 ns, Reaching safepoint: 172000 ns, At safepoint: 5369500 ns, Total: 5541500 ns
[2020-09-30T09:18:03.741+0000][16584][gc,marking   ] GC(310) Concurrent Clear Claimed Marks
[2020-09-30T09:18:03.741+0000][16584][gc,marking   ] GC(310) Concurrent Clear Claimed Marks 0.536ms
[2020-09-30T09:18:03.741+0000][16584][gc,marking   ] GC(310) Concurrent Scan Root Regions
[2020-09-30T09:18:03.744+0000][16584][gc,marking   ] GC(310) Concurrent Scan Root Regions 2.782ms
[2020-09-30T09:18:03.744+0000][16584][gc,marking   ] GC(310) Concurrent Mark (177.602s)
[2020-09-30T09:18:03.744+0000][16584][gc,marking   ] GC(310) Concurrent Mark From Roots
[2020-09-30T09:18:03.744+0000][16584][gc,task      ] GC(310) Using 2 workers of 2 for marking
[2020-09-30T09:18:03.920+0000][16584][gc,marking   ] GC(310) Concurrent Mark From Roots 175.856ms
[2020-09-30T09:18:03.920+0000][16584][gc,marking   ] GC(310) Concurrent Preclean
[2020-09-30T09:18:03.921+0000][16584][gc,marking   ] GC(310) Concurrent Preclean 0.573ms
[2020-09-30T09:18:03.921+0000][16584][gc,marking   ] GC(310) Concurrent Mark (177.602s, 177.778s) 176.625ms
[2020-09-30T09:18:03.921+0000][16584][gc,start     ] GC(310) Pause Remark
[2020-09-30T09:18:03.928+0000][16584][gc           ] GC(310) Pause Remark 389M->389M(1024M) 6.976ms
[2020-09-30T09:18:03.928+0000][16584][gc,cpu       ] GC(310) User=0.00s Sys=0.00s Real=0.01s
[2020-09-30T09:18:03.931+0000][16584][safepoint    ] Safepoint "G1Concurrent", Time since last: 180343300 ns, Reaching safepoint: 182000 ns, At safepoint: 9565800 ns, Total: 9747800 ns
[2020-09-30T09:18:03.931+0000][16584][gc,marking   ] GC(310) Concurrent Rebuild Remembered Sets
[2020-09-30T09:18:04.037+0000][16584][gc,marking   ] GC(310) Concurrent Rebuild Remembered Sets 106.545ms
[2020-09-30T09:18:04.038+0000][16584][gc,start     ] GC(310) Pause Cleanup
[2020-09-30T09:18:04.038+0000][16584][gc           ] GC(310) Pause Cleanup 423M->423M(1024M) 0.401ms
[2020-09-30T09:18:04.039+0000][16584][gc,cpu       ] GC(310) User=0.00s Sys=0.00s Real=0.00s
[2020-09-30T09:18:04.039+0000][16584][safepoint    ] Safepoint "G1Concurrent", Time since last: 106767600 ns, Reaching safepoint: 643400 ns, At safepoint: 690300 ns, Total: 1333700 ns
[2020-09-30T09:18:04.039+0000][16584][gc,marking   ] GC(310) Concurrent Cleanup for Next Mark
[2020-09-30T09:18:04.041+0000][16584][gc,marking   ] GC(310) Concurrent Cleanup for Next Mark 1.872ms
[2020-09-30T09:18:04.041+0000][16584][gc           ] GC(310) Concurrent Cycle 300.283ms
[2020-09-30T09:18:04.117+0000][16584][gc,start     ] GC(311) Pause Young (Concurrent Start) (G1 Humongous Allocation)
[2020-09-30T09:18:04.117+0000][16584][gc,task      ] GC(311) Using 8 workers of 8 for evacuation
[2020-09-30T09:18:04.117+0000][16584][gc,age       ] GC(311) Desired survivor size 33554432 bytes, new threshold 15 (max threshold 15)
[2020-09-30T09:18:04.122+0000][16584][gc,age       ] GC(311) Age table with threshold 15 (max threshold 15)
[2020-09-30T09:18:04.122+0000][16584][gc,age       ] GC(311) - age   1:    3292552 bytes,    3292552 total
[2020-09-30T09:18:04.122+0000][16584][gc,age       ] GC(311) - age   2:      15296 bytes,    3307848 total
[2020-09-30T09:18:04.122+0000][16584][gc,age       ] GC(311) - age   3:       2456 bytes,    3310304 total
[2020-09-30T09:18:04.122+0000][16584][gc,age       ] GC(311) - age   4:       3968 bytes,    3314272 total
[2020-09-30T09:18:04.122+0000][16584][gc,age       ] GC(311) - age   5:        552 bytes,    3314824 total
[2020-09-30T09:18:04.122+0000][16584][gc,age       ] GC(311) - age   6:      13328 bytes,    3328152 total
[2020-09-30T09:18:04.122+0000][16584][gc,age       ] GC(311) - age   7:       2032 bytes,    3330184 total
[2020-09-30T09:18:04.122+0000][16584][gc,age       ] GC(311) - age   8:       3856 bytes,    3334040 total
[2020-09-30T09:18:04.122+0000][16584][gc,age       ] GC(311) - age   9:     138456 bytes,    3472496 total
[2020-09-30T09:18:04.122+0000][16584][gc,age       ] GC(311) - age  10:       1208 bytes,    3473704 total
[2020-09-30T09:18:04.122+0000][16584][gc,age       ] GC(311) - age  11:     137632 bytes,    3611336 total
[2020-09-30T09:18:04.122+0000][16584][gc,age       ] GC(311) - age  12:        952 bytes,    3612288 total
[2020-09-30T09:18:04.122+0000][16584][gc,age       ] GC(311) - age  13:      14024 bytes,    3626312 total
[2020-09-30T09:18:04.122+0000][16584][gc,age       ] GC(311) - age  14:       4080 bytes,    3630392 total
[2020-09-30T09:18:04.122+0000][16584][gc,age       ] GC(311) - age  15:       1624 bytes,    3632016 total
[2020-09-30T09:18:04.122+0000][16584][gc,phases    ] GC(311)   Pre Evacuate Collection Set: 0.4ms
[2020-09-30T09:18:04.122+0000][16584][gc,phases    ] GC(311)   Merge Heap Roots: 0.1ms
[2020-09-30T09:18:04.122+0000][16584][gc,phases    ] GC(311)   Evacuate Collection Set: 2.5ms
[2020-09-30T09:18:04.122+0000][16584][gc,phases    ] GC(311)   Post Evacuate Collection Set: 0.9ms
[2020-09-30T09:18:04.123+0000][16584][gc,phases    ] GC(311)   Other: 1.1ms
[2020-09-30T09:18:04.123+0000][16584][gc,heap      ] GC(311) Eden regions: 56->0(503)
[2020-09-30T09:18:04.123+0000][16584][gc,heap      ] GC(311) Survivor regions: 4->4(64)
[2020-09-30T09:18:04.123+0000][16584][gc,heap      ] GC(311) Old regions: 79->79
[2020-09-30T09:18:04.123+0000][16584][gc,heap      ] GC(311) Archive regions: 0->0
[2020-09-30T09:18:04.123+0000][16584][gc,heap      ] GC(311) Humongous regions: 298->174
[2020-09-30T09:18:04.123+0000][16584][gc,metaspace ] GC(311) Metaspace: 89029K(95104K)->89029K(95104K) NonClass: 77734K(81408K)->77734K(81408K) Class: 11295K(13696K)->11295K(13696K)
[2020-09-30T09:18:04.123+0000][16584][gc           ] GC(311) Pause Young (Concurrent Start) (G1 Humongous Allocation) 435M->256M(1024M) 5.597ms
[2020-09-30T09:18:04.123+0000][16584][gc,cpu       ] GC(311) User=0.02s Sys=0.00s Real=0.01s
[2020-09-30T09:18:04.123+0000][16584][safepoint    ] Safepoint "G1TryInitiateConcMark", Time since last: 78338900 ns, Reaching safepoint: 147800 ns, At safepoint: 5818100 ns, Total: 5965900 ns
[2020-09-30T09:18:04.123+0000][16584][gc           ] GC(312) Concurrent Cycle
[2020-09-30T09:18:04.123+0000][16584][gc,marking   ] GC(312) Concurrent Clear Claimed Marks
[2020-09-30T09:18:04.124+0000][16584][gc,marking   ] GC(312) Concurrent Clear Claimed Marks 0.587ms
[2020-09-30T09:18:04.124+0000][16584][gc,marking   ] GC(312) Concurrent Scan Root Regions
[2020-09-30T09:18:04.128+0000][16584][gc,marking   ] GC(312) Concurrent Scan Root Regions 3.875ms
[2020-09-30T09:18:04.129+0000][16584][gc,marking   ] GC(312) Concurrent Mark (177.985s)
[2020-09-30T09:18:04.129+0000][16584][gc,marking   ] GC(312) Concurrent Mark From Roots
[2020-09-30T09:18:04.129+0000][16584][gc,task      ] GC(312) Using 2 workers of 2 for marking
[2020-09-30T09:18:04.293+0000][16584][gc,marking   ] GC(312) Concurrent Mark From Roots 164.200ms
[2020-09-30T09:18:04.293+0000][16584][gc,marking   ] GC(312) Concurrent Preclean
[2020-09-30T09:18:04.293+0000][16584][gc,marking   ] GC(312) Concurrent Preclean 0.535ms
[2020-09-30T09:18:04.293+0000][16584][gc,marking   ] GC(312) Concurrent Mark (177.985s, 178.150s) 164.980ms
[2020-09-30T09:18:04.294+0000][16584][gc,start     ] GC(312) Pause Remark
[2020-09-30T09:18:04.300+0000][16584][gc           ] GC(312) Pause Remark 469M->469M(1024M) 6.718ms
[2020-09-30T09:18:04.301+0000][16584][gc,cpu       ] GC(312) User=0.02s Sys=0.00s Real=0.01s
[2020-09-30T09:18:04.301+0000][16584][safepoint    ] Safepoint "G1Concurrent", Time since last: 169932900 ns, Reaching safepoint: 146800 ns, At safepoint: 7081800 ns, Total: 7228600 ns
[2020-09-30T09:18:04.301+0000][16584][gc,marking   ] GC(312) Concurrent Rebuild Remembered Sets
[2020-09-30T09:18:04.396+0000][16584][gc,marking   ] GC(312) Concurrent Rebuild Remembered Sets 95.079ms
[2020-09-30T09:18:04.396+0000][16584][gc,start     ] GC(312) Pause Cleanup
[2020-09-30T09:18:04.397+0000][16584][gc           ] GC(312) Pause Cleanup 479M->479M(1024M) 0.376ms
[2020-09-30T09:18:04.397+0000][16584][gc,cpu       ] GC(312) User=0.00s Sys=0.00s Real=0.00s
[2020-09-30T09:18:04.397+0000][16584][safepoint    ] Safepoint "G1Concurrent", Time since last: 95325800 ns, Reaching safepoint: 139100 ns, At safepoint: 591300 ns, Total: 730400 ns
[2020-09-30T09:18:04.397+0000][16584][gc,marking   ] GC(312) Concurrent Cleanup for Next Mark
[2020-09-30T09:18:04.399+0000][16584][gc,marking   ] GC(312) Concurrent Cleanup for Next Mark 1.816ms
[2020-09-30T09:18:04.399+0000][16584][gc           ] GC(312) Concurrent Cycle 275.248ms
[2020-09-30T09:18:04.489+0000][16584][gc,start     ] GC(313) Pause Young (Concurrent Start) (G1 Humongous Allocation)
[2020-09-30T09:18:04.489+0000][16584][gc,task      ] GC(313) Using 8 workers of 8 for evacuation
[2020-09-30T09:18:04.489+0000][16584][gc,age       ] GC(313) Desired survivor size 33554432 bytes, new threshold 15 (max threshold 15)
[2020-09-30T09:18:04.493+0000][16584][gc,age       ] GC(313) Age table with threshold 15 (max threshold 15)
[2020-09-30T09:18:04.493+0000][16584][gc,age       ] GC(313) - age   1:    2720880 bytes,    2720880 total
[2020-09-30T09:18:04.493+0000][16584][gc,age       ] GC(313) - age   2:       2328 bytes,    2723208 total
[2020-09-30T09:18:04.493+0000][16584][gc,age       ] GC(313) - age   3:      13096 bytes,    2736304 total
[2020-09-30T09:18:04.493+0000][16584][gc,age       ] GC(313) - age   4:       1336 bytes,    2737640 total
[2020-09-30T09:18:04.493+0000][16584][gc,age       ] GC(313) - age   5:       1576 bytes,    2739216 total
[2020-09-30T09:18:04.493+0000][16584][gc,age       ] GC(313) - age   6:        528 bytes,    2739744 total
[2020-09-30T09:18:04.493+0000][16584][gc,age       ] GC(313) - age   7:      13328 bytes,    2753072 total
[2020-09-30T09:18:04.493+0000][16584][gc,age       ] GC(313) - age   8:       1776 bytes,    2754848 total
[2020-09-30T09:18:04.493+0000][16584][gc,age       ] GC(313) - age   9:       3856 bytes,    2758704 total
[2020-09-30T09:18:04.493+0000][16584][gc,age       ] GC(313) - age  10:     138296 bytes,    2897000 total
[2020-09-30T09:18:04.493+0000][16584][gc,age       ] GC(313) - age  11:       1208 bytes,    2898208 total
[2020-09-30T09:18:04.493+0000][16584][gc,age       ] GC(313) - age  12:     136936 bytes,    3035144 total
[2020-09-30T09:18:04.493+0000][16584][gc,age       ] GC(313) - age  13:        952 bytes,    3036096 total
[2020-09-30T09:18:04.493+0000][16584][gc,age       ] GC(313) - age  14:      11384 bytes,    3047480 total
[2020-09-30T09:18:04.493+0000][16584][gc,age       ] GC(313) - age  15:       4080 bytes,    3051560 total
[2020-09-30T09:18:04.493+0000][16584][gc,phases    ] GC(313)   Pre Evacuate Collection Set: 0.4ms
[2020-09-30T09:18:04.493+0000][16584][gc,phases    ] GC(313)   Merge Heap Roots: 0.1ms
[2020-09-30T09:18:04.493+0000][16584][gc,phases    ] GC(313)   Evacuate Collection Set: 2.4ms
[2020-09-30T09:18:04.494+0000][16584][gc,phases    ] GC(313)   Post Evacuate Collection Set: 0.9ms
[2020-09-30T09:18:04.494+0000][16584][gc,phases    ] GC(313)   Other: 1.0ms
[2020-09-30T09:18:04.494+0000][16584][gc,heap      ] GC(313) Eden regions: 57->0(503)
[2020-09-30T09:18:04.494+0000][16584][gc,heap      ] GC(313) Survivor regions: 4->4(64)
[2020-09-30T09:18:04.494+0000][16584][gc,heap      ] GC(313) Old regions: 79->79
[2020-09-30T09:18:04.494+0000][16584][gc,heap      ] GC(313) Archive regions: 0->0
[2020-09-30T09:18:04.494+0000][16584][gc,heap      ] GC(313) Humongous regions: 345->174
[2020-09-30T09:18:04.494+0000][16584][gc,metaspace ] GC(313) Metaspace: 89029K(95104K)->89029K(95104K) NonClass: 77734K(81408K)->77734K(81408K) Class: 11295K(13696K)->11295K(13696K)
[2020-09-30T09:18:04.494+0000][16584][gc           ] GC(313) Pause Young (Concurrent Start) (G1 Humongous Allocation) 483M->255M(1024M) 5.286ms
[2020-09-30T09:18:04.494+0000][16584][gc,cpu       ] GC(313) User=0.00s Sys=0.00s Real=0.00s
[2020-09-30T09:18:04.494+0000][16584][gc           ] GC(314) Concurrent Cycle
[2020-09-30T09:18:04.494+0000][16584][safepoint    ] Safepoint "G1TryInitiateConcMark", Time since last: 91708600 ns, Reaching safepoint: 174400 ns, At safepoint: 5521700 ns, Total: 5696100 ns
[2020-09-30T09:18:04.494+0000][16584][gc,marking   ] GC(314) Concurrent Clear Claimed Marks
[2020-09-30T09:18:04.495+0000][16584][gc,marking   ] GC(314) Concurrent Clear Claimed Marks 0.499ms
[2020-09-30T09:18:04.495+0000][16584][gc,marking   ] GC(314) Concurrent Scan Root Regions
[2020-09-30T09:18:04.497+0000][16584][gc,marking   ] GC(314) Concurrent Scan Root Regions 2.265ms
[2020-09-30T09:18:04.497+0000][16584][gc,marking   ] GC(314) Concurrent Mark (178.354s)
[2020-09-30T09:18:04.497+0000][16584][gc,marking   ] GC(314) Concurrent Mark From Roots
[2020-09-30T09:18:04.497+0000][16584][gc,task      ] GC(314) Using 2 workers of 2 for marking
[2020-09-30T09:18:04.661+0000][16584][gc,marking   ] GC(314) Concurrent Mark From Roots 163.978ms
[2020-09-30T09:18:04.661+0000][16584][gc,marking   ] GC(314) Concurrent Preclean
[2020-09-30T09:18:04.661+0000][16584][gc,marking   ] GC(314) Concurrent Preclean 0.641ms
[2020-09-30T09:18:04.661+0000][16584][gc,marking   ] GC(314) Concurrent Mark (178.354s, 178.519s) 164.806ms
[2020-09-30T09:18:04.662+0000][16584][gc,start     ] GC(314) Pause Remark
[2020-09-30T09:18:04.669+0000][16584][gc           ] GC(314) Pause Remark 412M->412M(1024M) 7.321ms
[2020-09-30T09:18:04.669+0000][16584][gc,cpu       ] GC(314) User=0.00s Sys=0.00s Real=0.01s
[2020-09-30T09:18:04.670+0000][16584][safepoint    ] Safepoint "G1Concurrent", Time since last: 167931800 ns, Reaching safepoint: 188200 ns, At safepoint: 8166800 ns, Total: 8355000 ns
[2020-09-30T09:18:04.670+0000][16584][gc,marking   ] GC(314) Concurrent Rebuild Remembered Sets
[2020-09-30T09:18:04.772+0000][16584][gc,marking   ] GC(314) Concurrent Rebuild Remembered Sets 101.888ms
[2020-09-30T09:18:04.772+0000][16584][gc,start     ] GC(314) Pause Cleanup
[2020-09-30T09:18:04.773+0000][16584][gc           ] GC(314) Pause Cleanup 501M->501M(1024M) 0.456ms
[2020-09-30T09:18:04.773+0000][16584][gc,cpu       ] GC(314) User=0.00s Sys=0.00s Real=0.00s
[2020-09-30T09:18:04.773+0000][16584][safepoint    ] Safepoint "G1Concurrent", Time since last: 102124400 ns, Reaching safepoint: 167100 ns, At safepoint: 702200 ns, Total: 869300 ns
[2020-09-30T09:18:04.773+0000][16584][gc,marking   ] GC(314) Concurrent Cleanup for Next Mark
[2020-09-30T09:18:04.775+0000][16584][gc,marking   ] GC(314) Concurrent Cleanup for Next Mark 1.973ms
[2020-09-30T09:18:04.775+0000][16584][gc           ] GC(314) Concurrent Cycle 281.490ms
[2020-09-30T09:18:04.842+0000][16584][gc,start     ] GC(315) Pause Young (Concurrent Start) (G1 Humongous Allocation)
[2020-09-30T09:18:04.842+0000][16584][gc,task      ] GC(315) Using 8 workers of 8 for evacuation
[2020-09-30T09:18:04.842+0000][16584][gc,age       ] GC(315) Desired survivor size 33554432 bytes, new threshold 15 (max threshold 15)
[2020-09-30T09:18:04.846+0000][16584][gc,age       ] GC(315) Age table with threshold 15 (max threshold 15)
[2020-09-30T09:18:04.847+0000][16584][gc,age       ] GC(315) - age   1:    3457280 bytes,    3457280 total
[2020-09-30T09:18:04.847+0000][16584][gc,age       ] GC(315) - age   2:      12816 bytes,    3470096 total
[2020-09-30T09:18:04.847+0000][16584][gc,age       ] GC(315) - age   3:        808 bytes,    3470904 total
[2020-09-30T09:18:04.847+0000][16584][gc,age       ] GC(315) - age   4:      11248 bytes,    3482152 total
[2020-09-30T09:18:04.847+0000][16584][gc,age       ] GC(315) - age   5:       1112 bytes,    3483264 total
[2020-09-30T09:18:04.847+0000][16584][gc,age       ] GC(315) - age   6:       1512 bytes,    3484776 total
[2020-09-30T09:18:04.847+0000][16584][gc,age       ] GC(315) - age   7:        528 bytes,    3485304 total
[2020-09-30T09:18:04.847+0000][16584][gc,age       ] GC(315) - age   8:      10872 bytes,    3496176 total
[2020-09-30T09:18:04.847+0000][16584][gc,age       ] GC(315) - age   9:       1328 bytes,    3497504 total
[2020-09-30T09:18:04.847+0000][16584][gc,age       ] GC(315) - age  10:       1072 bytes,    3498576 total
[2020-09-30T09:18:04.847+0000][16584][gc,age       ] GC(315) - age  11:     137752 bytes,    3636328 total
[2020-09-30T09:18:04.847+0000][16584][gc,age       ] GC(315) - age  12:       1144 bytes,    3637472 total
[2020-09-30T09:18:04.847+0000][16584][gc,age       ] GC(315) - age  13:     136936 bytes,    3774408 total
[2020-09-30T09:18:04.847+0000][16584][gc,age       ] GC(315) - age  14:        888 bytes,    3775296 total
[2020-09-30T09:18:04.847+0000][16584][gc,age       ] GC(315) - age  15:      11384 bytes,    3786680 total
[2020-09-30T09:18:04.847+0000][16584][gc,phases    ] GC(315)   Pre Evacuate Collection Set: 0.7ms
[2020-09-30T09:18:04.847+0000][16584][gc,phases    ] GC(315)   Merge Heap Roots: 0.1ms
[2020-09-30T09:18:04.847+0000][16584][gc,phases    ] GC(315)   Evacuate Collection Set: 2.4ms
[2020-09-30T09:18:04.847+0000][16584][gc,phases    ] GC(315)   Post Evacuate Collection Set: 1.0ms
[2020-09-30T09:18:04.847+0000][16584][gc,phases    ] GC(315)   Other: 1.3ms
[2020-09-30T09:18:04.847+0000][16584][gc,heap      ] GC(315) Eden regions: 76->0(503)
[2020-09-30T09:18:04.847+0000][16584][gc,heap      ] GC(315) Survivor regions: 4->4(64)
[2020-09-30T09:18:04.848+0000][16584][gc,heap      ] GC(315) Old regions: 79->79
[2020-09-30T09:18:04.848+0000][16584][gc,heap      ] GC(315) Archive regions: 0->0
[2020-09-30T09:18:04.848+0000][16584][gc,heap      ] GC(315) Humongous regions: 355->174
[2020-09-30T09:18:04.848+0000][16584][gc,metaspace ] GC(315) Metaspace: 89065K(95104K)->89065K(95104K) NonClass: 77769K(81408K)->77769K(81408K) Class: 11296K(13696K)->11296K(13696K)
[2020-09-30T09:18:04.848+0000][16584][gc           ] GC(315) Pause Young (Concurrent Start) (G1 Humongous Allocation) 512M->256M(1024M) 5.826ms
[2020-09-30T09:18:04.848+0000][16584][gc,cpu       ] GC(315) User=0.00s Sys=0.00s Real=0.01s
[2020-09-30T09:18:04.848+0000][16584][gc           ] GC(316) Concurrent Cycle
[2020-09-30T09:18:04.848+0000][16584][safepoint    ] Safepoint "G1TryInitiateConcMark", Time since last: 68746000 ns, Reaching safepoint: 182600 ns, At safepoint: 6111900 ns, Total: 6294500 ns
[2020-09-30T09:18:04.848+0000][16584][gc,marking   ] GC(316) Concurrent Clear Claimed Marks
[2020-09-30T09:18:04.849+0000][16584][gc,marking   ] GC(316) Concurrent Clear Claimed Marks 0.720ms
[2020-09-30T09:18:04.849+0000][16584][gc,marking   ] GC(316) Concurrent Scan Root Regions
[2020-09-30T09:18:04.851+0000][16584][gc,marking   ] GC(316) Concurrent Scan Root Regions 2.625ms
[2020-09-30T09:18:04.851+0000][16584][gc,marking   ] GC(316) Concurrent Mark (178.709s)
[2020-09-30T09:18:04.851+0000][16584][gc,marking   ] GC(316) Concurrent Mark From Roots
[2020-09-30T09:18:04.852+0000][16584][gc,task      ] GC(316) Using 2 workers of 2 for marking
[2020-09-30T09:18:05.021+0000][16584][gc,marking   ] GC(316) Concurrent Mark From Roots 169.169ms
[2020-09-30T09:18:05.021+0000][16584][gc,marking   ] GC(316) Concurrent Preclean
[2020-09-30T09:18:05.021+0000][16584][gc,marking   ] GC(316) Concurrent Preclean 0.604ms
[2020-09-30T09:18:05.022+0000][16584][gc,marking   ] GC(316) Concurrent Mark (178.709s, 178.879s) 170.067ms
[2020-09-30T09:18:05.022+0000][16584][gc,start     ] GC(316) Pause Remark
[2020-09-30T09:18:05.029+0000][16584][gc           ] GC(316) Pause Remark 329M->329M(1024M) 6.508ms
[2020-09-30T09:18:05.029+0000][16584][gc,cpu       ] GC(316) User=0.00s Sys=0.00s Real=0.01s
[2020-09-30T09:18:05.029+0000][16584][safepoint    ] Safepoint "G1Concurrent", Time since last: 173722000 ns, Reaching safepoint: 156200 ns, At safepoint: 6762100 ns, Total: 6918300 ns
[2020-09-30T09:18:05.029+0000][16584][gc,marking   ] GC(316) Concurrent Rebuild Remembered Sets
[2020-09-30T09:18:05.133+0000][16584][gc,marking   ] GC(316) Concurrent Rebuild Remembered Sets 104.703ms
[2020-09-30T09:18:05.134+0000][16584][gc,start     ] GC(316) Pause Cleanup
[2020-09-30T09:18:05.134+0000][16584][gc           ] GC(316) Pause Cleanup 397M->397M(1024M) 0.434ms
[2020-09-30T09:18:05.134+0000][16584][gc,cpu       ] GC(316) User=0.00s Sys=0.00s Real=0.00s
[2020-09-30T09:18:05.134+0000][16584][safepoint    ] Safepoint "G1Concurrent", Time since last: 104936900 ns, Reaching safepoint: 184200 ns, At safepoint: 912500 ns, Total: 1096700 ns
[2020-09-30T09:18:05.135+0000][16584][gc,marking   ] GC(316) Concurrent Cleanup for Next Mark
[2020-09-30T09:18:05.136+0000][16584][gc,marking   ] GC(316) Concurrent Cleanup for Next Mark 1.813ms
[2020-09-30T09:18:05.137+0000][16584][gc           ] GC(316) Concurrent Cycle 288.795ms
[2020-09-30T09:18:05.167+0000][16584][gc,start     ] GC(317) Pause Young (Concurrent Start) (G1 Humongous Allocation)
[2020-09-30T09:18:05.167+0000][16584][gc,task      ] GC(317) Using 8 workers of 8 for evacuation
[2020-09-30T09:18:05.167+0000][16584][gc,age       ] GC(317) Desired survivor size 33554432 bytes, new threshold 15 (max threshold 15)
[2020-09-30T09:18:05.172+0000][16584][gc,age       ] GC(317) Age table with threshold 15 (max threshold 15)
[2020-09-30T09:18:05.172+0000][16584][gc,age       ] GC(317) - age   1:    2920904 bytes,    2920904 total
[2020-09-30T09:18:05.172+0000][16584][gc,age       ] GC(317) - age   2:      19736 bytes,    2940640 total
[2020-09-30T09:18:05.172+0000][16584][gc,age       ] GC(317) - age   3:      10792 bytes,    2951432 total
[2020-09-30T09:18:05.172+0000][16584][gc,age       ] GC(317) - age   4:        552 bytes,    2951984 total
[2020-09-30T09:18:05.172+0000][16584][gc,age       ] GC(317) - age   5:      11248 bytes,    2963232 total
[2020-09-30T09:18:05.172+0000][16584][gc,age       ] GC(317) - age   6:       1112 bytes,    2964344 total
[2020-09-30T09:18:05.172+0000][16584][gc,age       ] GC(317) - age   7:       1512 bytes,    2965856 total
[2020-09-30T09:18:05.172+0000][16584][gc,age       ] GC(317) - age   8:        464 bytes,    2966320 total
[2020-09-30T09:18:05.172+0000][16584][gc,age       ] GC(317) - age   9:      10872 bytes,    2977192 total
[2020-09-30T09:18:05.172+0000][16584][gc,age       ] GC(317) - age  10:       1328 bytes,    2978520 total
[2020-09-30T09:18:05.172+0000][16584][gc,age       ] GC(317) - age  11:       1072 bytes,    2979592 total
[2020-09-30T09:18:05.172+0000][16584][gc,age       ] GC(317) - age  12:     137752 bytes,    3117344 total
[2020-09-30T09:18:05.172+0000][16584][gc,age       ] GC(317) - age  13:       1144 bytes,    3118488 total
[2020-09-30T09:18:05.172+0000][16584][gc,age       ] GC(317) - age  14:     136936 bytes,    3255424 total
[2020-09-30T09:18:05.172+0000][16584][gc,age       ] GC(317) - age  15:        888 bytes,    3256312 total
[2020-09-30T09:18:05.173+0000][16584][gc,phases    ] GC(317)   Pre Evacuate Collection Set: 0.5ms
[2020-09-30T09:18:05.173+0000][16584][gc,phases    ] GC(317)   Merge Heap Roots: 0.1ms
[2020-09-30T09:18:05.173+0000][16584][gc,phases    ] GC(317)   Evacuate Collection Set: 2.7ms
[2020-09-30T09:18:05.173+0000][16584][gc,phases    ] GC(317)   Post Evacuate Collection Set: 0.9ms
[2020-09-30T09:18:05.173+0000][16584][gc,phases    ] GC(317)   Other: 1.3ms
[2020-09-30T09:18:05.173+0000][16584][gc,heap      ] GC(317) Eden regions: 40->0(503)
[2020-09-30T09:18:05.173+0000][16584][gc,heap      ] GC(317) Survivor regions: 4->4(64)
[2020-09-30T09:18:05.173+0000][16584][gc,heap      ] GC(317) Old regions: 79->79
[2020-09-30T09:18:05.173+0000][16584][gc,heap      ] GC(317) Archive regions: 0->0
[2020-09-30T09:18:05.173+0000][16584][gc,heap      ] GC(317) Humongous regions: 283->174
[2020-09-30T09:18:05.173+0000][16584][gc,metaspace ] GC(317) Metaspace: 89068K(95104K)->89068K(95104K) NonClass: 77772K(81408K)->77772K(81408K) Class: 11296K(13696K)->11296K(13696K)
[2020-09-30T09:18:05.173+0000][16584][gc           ] GC(317) Pause Young (Concurrent Start) (G1 Humongous Allocation) 405M->255M(1024M) 5.926ms
[2020-09-30T09:18:05.173+0000][16584][gc,cpu       ] GC(317) User=0.11s Sys=0.00s Real=0.01s
[2020-09-30T09:18:05.173+0000][16584][safepoint    ] Safepoint "G1TryInitiateConcMark", Time since last: 32459200 ns, Reaching safepoint: 169800 ns, At safepoint: 6178300 ns, Total: 6348100 ns
[2020-09-30T09:18:05.173+0000][16584][gc           ] GC(318) Concurrent Cycle
[2020-09-30T09:18:05.173+0000][16584][gc,marking   ] GC(318) Concurrent Clear Claimed Marks
[2020-09-30T09:18:05.174+0000][16584][gc,marking   ] GC(318) Concurrent Clear Claimed Marks 0.561ms
[2020-09-30T09:18:05.174+0000][16584][gc,marking   ] GC(318) Concurrent Scan Root Regions
[2020-09-30T09:18:05.177+0000][16584][gc,marking   ] GC(318) Concurrent Scan Root Regions 3.052ms
[2020-09-30T09:18:05.177+0000][16584][gc,marking   ] GC(318) Concurrent Mark (179.035s)
[2020-09-30T09:18:05.177+0000][16584][gc,marking   ] GC(318) Concurrent Mark From Roots
[2020-09-30T09:18:05.177+0000][16584][gc,task      ] GC(318) Using 2 workers of 2 for marking
[2020-09-30T09:18:05.367+0000][16584][gc,marking   ] GC(318) Concurrent Mark From Roots 189.430ms
[2020-09-30T09:18:05.367+0000][16584][gc,marking   ] GC(318) Concurrent Preclean
[2020-09-30T09:18:05.368+0000][16584][gc,marking   ] GC(318) Concurrent Preclean 0.551ms
[2020-09-30T09:18:05.368+0000][16584][gc,marking   ] GC(318) Concurrent Mark (179.035s, 179.225s) 190.254ms
[2020-09-30T09:18:05.368+0000][16584][gc,start     ] GC(318) Pause Remark
[2020-09-30T09:18:05.375+0000][16584][gc           ] GC(318) Pause Remark 428M->428M(1024M) 6.866ms
[2020-09-30T09:18:05.375+0000][16584][gc,cpu       ] GC(318) User=0.11s Sys=0.00s Real=0.01s
[2020-09-30T09:18:05.375+0000][16584][safepoint    ] Safepoint "G1Concurrent", Time since last: 194380900 ns, Reaching safepoint: 162900 ns, At safepoint: 7101400 ns, Total: 7264300 ns
[2020-09-30T09:18:05.375+0000][16584][gc,marking   ] GC(318) Concurrent Rebuild Remembered Sets
[2020-09-30T09:18:05.474+0000][16584][gc,marking   ] GC(318) Concurrent Rebuild Remembered Sets 98.858ms
[2020-09-30T09:18:05.474+0000][16584][gc,start     ] GC(318) Pause Cleanup
[2020-09-30T09:18:05.474+0000][16584][gc           ] GC(318) Pause Cleanup 511M->511M(1024M) 0.287ms
[2020-09-30T09:18:05.475+0000][16584][gc,cpu       ] GC(318) User=0.00s Sys=0.00s Real=0.00s
[2020-09-30T09:18:05.475+0000][16584][safepoint    ] Safepoint "G1Concurrent", Time since last: 99068400 ns, Reaching safepoint: 128400 ns, At safepoint: 472900 ns, Total: 601300 ns
[2020-09-30T09:18:05.475+0000][16584][gc,marking   ] GC(318) Concurrent Cleanup for Next Mark
[2020-09-30T09:18:05.476+0000][16584][gc,marking   ] GC(318) Concurrent Cleanup for Next Mark 1.479ms
[2020-09-30T09:18:05.476+0000][16584][gc           ] GC(318) Concurrent Cycle 302.968ms
[2020-09-30T09:18:05.621+0000][16584][gc,start     ] GC(319) Pause Young (Concurrent Start) (G1 Humongous Allocation)
[2020-09-30T09:18:05.621+0000][16584][gc,task      ] GC(319) Using 8 workers of 8 for evacuation
[2020-09-30T09:18:05.621+0000][16584][gc,age       ] GC(319) Desired survivor size 33554432 bytes, new threshold 15 (max threshold 15)
[2020-09-30T09:18:05.625+0000][16584][gc,age       ] GC(319) Age table with threshold 15 (max threshold 15)
[2020-09-30T09:18:05.625+0000][16584][gc,age       ] GC(319) - age   1:    2758424 bytes,    2758424 total
[2020-09-30T09:18:05.626+0000][16584][gc,age       ] GC(319) - age   2:       4280 bytes,    2762704 total
[2020-09-30T09:18:05.626+0000][16584][gc,age       ] GC(319) - age   3:      17728 bytes,    2780432 total
[2020-09-30T09:18:05.626+0000][16584][gc,age       ] GC(319) - age   4:       9624 bytes,    2790056 total
[2020-09-30T09:18:05.626+0000][16584][gc,age       ] GC(319) - age   5:        456 bytes,    2790512 total
[2020-09-30T09:18:05.626+0000][16584][gc,age       ] GC(319) - age   6:       3208 bytes,    2793720 total
[2020-09-30T09:18:05.626+0000][16584][gc,age       ] GC(319) - age   7:        792 bytes,    2794512 total
[2020-09-30T09:18:05.626+0000][16584][gc,age       ] GC(319) - age   8:       1032 bytes,    2795544 total
[2020-09-30T09:18:05.626+0000][16584][gc,age       ] GC(319) - age   9:        400 bytes,    2795944 total
[2020-09-30T09:18:05.626+0000][16584][gc,age       ] GC(319) - age  10:      10304 bytes,    2806248 total
[2020-09-30T09:18:05.626+0000][16584][gc,age       ] GC(319) - age  11:       1264 bytes,    2807512 total
[2020-09-30T09:18:05.626+0000][16584][gc,age       ] GC(319) - age  12:        912 bytes,    2808424 total
[2020-09-30T09:18:05.626+0000][16584][gc,age       ] GC(319) - age  13:     137720 bytes,    2946144 total
[2020-09-30T09:18:05.626+0000][16584][gc,age       ] GC(319) - age  14:       1144 bytes,    2947288 total
[2020-09-30T09:18:05.626+0000][16584][gc,age       ] GC(319) - age  15:     128536 bytes,    3075824 total
[2020-09-30T09:18:05.626+0000][16584][gc,phases    ] GC(319)   Pre Evacuate Collection Set: 0.4ms
[2020-09-30T09:18:05.626+0000][16584][gc,phases    ] GC(319)   Merge Heap Roots: 0.1ms
[2020-09-30T09:18:05.626+0000][16584][gc,phases    ] GC(319)   Evacuate Collection Set: 2.3ms
[2020-09-30T09:18:05.626+0000][16584][gc,phases    ] GC(319)   Post Evacuate Collection Set: 0.9ms
[2020-09-30T09:18:05.626+0000][16584][gc,phases    ] GC(319)   Other: 1.0ms
[2020-09-30T09:18:05.626+0000][16584][gc,heap      ] GC(319) Eden regions: 80->0(503)
[2020-09-30T09:18:05.626+0000][16584][gc,heap      ] GC(319) Survivor regions: 4->4(64)
[2020-09-30T09:18:05.626+0000][16584][gc,heap      ] GC(319) Old regions: 79->79
[2020-09-30T09:18:05.626+0000][16584][gc,heap      ] GC(319) Archive regions: 0->0
[2020-09-30T09:18:05.626+0000][16584][gc,heap      ] GC(319) Humongous regions: 360->174
[2020-09-30T09:18:05.626+0000][16584][gc,metaspace ] GC(319) Metaspace: 89087K(95104K)->89087K(95104K) NonClass: 77788K(81408K)->77788K(81408K) Class: 11299K(13696K)->11299K(13696K)
[2020-09-30T09:18:05.627+0000][16584][gc           ] GC(319) Pause Young (Concurrent Start) (G1 Humongous Allocation) 521M->255M(1024M) 5.188ms
[2020-09-30T09:18:05.627+0000][16584][gc,cpu       ] GC(319) User=0.11s Sys=0.00s Real=0.01s
[2020-09-30T09:18:05.627+0000][16584][safepoint    ] Safepoint "G1TryInitiateConcMark", Time since last: 146191800 ns, Reaching safepoint: 164100 ns, At safepoint: 5369900 ns, Total: 5534000 ns
[2020-09-30T09:18:05.627+0000][16584][gc           ] GC(320) Concurrent Cycle
[2020-09-30T09:18:05.627+0000][16584][gc,marking   ] GC(320) Concurrent Clear Claimed Marks
[2020-09-30T09:18:05.627+0000][16584][gc,marking   ] GC(320) Concurrent Clear Claimed Marks 0.374ms
[2020-09-30T09:18:05.627+0000][16584][gc,marking   ] GC(320) Concurrent Scan Root Regions
[2020-09-30T09:18:05.629+0000][16584][gc,marking   ] GC(320) Concurrent Scan Root Regions 2.129ms
[2020-09-30T09:18:05.629+0000][16584][gc,marking   ] GC(320) Concurrent Mark (179.487s)
[2020-09-30T09:18:05.629+0000][16584][gc,marking   ] GC(320) Concurrent Mark From Roots
[2020-09-30T09:18:05.630+0000][16584][gc,task      ] GC(320) Using 2 workers of 2 for marking
[2020-09-30T09:18:05.788+0000][16584][gc,marking   ] GC(320) Concurrent Mark From Roots 158.408ms
[2020-09-30T09:18:05.788+0000][16584][gc,marking   ] GC(320) Concurrent Preclean
[2020-09-30T09:18:05.789+0000][16584][gc,marking   ] GC(320) Concurrent Preclean 0.695ms
[2020-09-30T09:18:05.789+0000][16584][gc,marking   ] GC(320) Concurrent Mark (179.487s, 179.646s) 159.300ms
[2020-09-30T09:18:05.789+0000][16584][gc,start     ] GC(320) Pause Remark
[2020-09-30T09:18:05.796+0000][16584][gc           ] GC(320) Pause Remark 427M->427M(1024M) 6.492ms
[2020-09-30T09:18:05.796+0000][16584][gc,cpu       ] GC(320) User=0.11s Sys=0.00s Real=0.01s
[2020-09-30T09:18:05.796+0000][16584][safepoint    ] Safepoint "G1Concurrent", Time since last: 162198200 ns, Reaching safepoint: 158500 ns, At safepoint: 6809900 ns, Total: 6968400 ns
[2020-09-30T09:18:05.796+0000][16584][gc,marking   ] GC(320) Concurrent Rebuild Remembered Sets
[2020-09-30T09:18:05.904+0000][16584][gc,marking   ] GC(320) Concurrent Rebuild Remembered Sets 107.828ms
[2020-09-30T09:18:05.904+0000][16584][gc,start     ] GC(320) Pause Cleanup
[2020-09-30T09:18:05.904+0000][16584][gc           ] GC(320) Pause Cleanup 501M->501M(1024M) 0.345ms
[2020-09-30T09:18:05.905+0000][16584][gc,cpu       ] GC(320) User=0.00s Sys=0.02s Real=0.00s
[2020-09-30T09:18:05.905+0000][16584][safepoint    ] Safepoint "G1Concurrent", Time since last: 108098000 ns, Reaching safepoint: 180300 ns, At safepoint: 565300 ns, Total: 745600 ns
[2020-09-30T09:18:05.905+0000][16584][gc,marking   ] GC(320) Concurrent Cleanup for Next Mark
[2020-09-30T09:18:05.906+0000][16584][gc,marking   ] GC(320) Concurrent Cleanup for Next Mark 1.692ms
[2020-09-30T09:18:05.907+0000][16584][gc           ] GC(320) Concurrent Cycle 279.897ms
[2020-09-30T09:18:05.937+0000][16584][gc,start     ] GC(321) Pause Young (Concurrent Start) (G1 Humongous Allocation)
[2020-09-30T09:18:05.937+0000][16584][gc,task      ] GC(321) Using 8 workers of 8 for evacuation
[2020-09-30T09:18:05.937+0000][16584][gc,age       ] GC(321) Desired survivor size 33554432 bytes, new threshold 15 (max threshold 15)
[2020-09-30T09:18:05.941+0000][16584][gc,age       ] GC(321) Age table with threshold 15 (max threshold 15)
[2020-09-30T09:18:05.941+0000][16584][gc,age       ] GC(321) - age   1:    3409984 bytes,    3409984 total
[2020-09-30T09:18:05.941+0000][16584][gc,age       ] GC(321) - age   2:      46288 bytes,    3456272 total
[2020-09-30T09:18:05.941+0000][16584][gc,age       ] GC(321) - age   3:       3368 bytes,    3459640 total
[2020-09-30T09:18:05.942+0000][16584][gc,age       ] GC(321) - age   4:      16176 bytes,    3475816 total
[2020-09-30T09:18:05.942+0000][16584][gc,age       ] GC(321) - age   5:       6752 bytes,    3482568 total
[2020-09-30T09:18:05.942+0000][16584][gc,age       ] GC(321) - age   6:        360 bytes,    3482928 total
[2020-09-30T09:18:05.942+0000][16584][gc,age       ] GC(321) - age   7:       3144 bytes,    3486072 total
[2020-09-30T09:18:05.942+0000][16584][gc,age       ] GC(321) - age   8:        792 bytes,    3486864 total
[2020-09-30T09:18:05.942+0000][16584][gc,age       ] GC(321) - age   9:       1032 bytes,    3487896 total
[2020-09-30T09:18:05.942+0000][16584][gc,age       ] GC(321) - age  10:        336 bytes,    3488232 total
[2020-09-30T09:18:05.942+0000][16584][gc,age       ] GC(321) - age  11:      10304 bytes,    3498536 total
[2020-09-30T09:18:05.942+0000][16584][gc,age       ] GC(321) - age  12:       1200 bytes,    3499736 total
[2020-09-30T09:18:05.942+0000][16584][gc,age       ] GC(321) - age  13:        912 bytes,    3500648 total
[2020-09-30T09:18:05.942+0000][16584][gc,age       ] GC(321) - age  14:     137720 bytes,    3638368 total
[2020-09-30T09:18:05.942+0000][16584][gc,age       ] GC(321) - age  15:       1144 bytes,    3639512 total
[2020-09-30T09:18:05.942+0000][16584][gc,phases    ] GC(321)   Pre Evacuate Collection Set: 0.6ms
[2020-09-30T09:18:05.942+0000][16584][gc,phases    ] GC(321)   Merge Heap Roots: 0.1ms
[2020-09-30T09:18:05.942+0000][16584][gc,phases    ] GC(321)   Evacuate Collection Set: 2.5ms
[2020-09-30T09:18:05.942+0000][16584][gc,phases    ] GC(321)   Post Evacuate Collection Set: 0.9ms
[2020-09-30T09:18:05.942+0000][16584][gc,phases    ] GC(321)   Other: 1.1ms
[2020-09-30T09:18:05.942+0000][16584][gc,heap      ] GC(321) Eden regions: 74->0(503)
[2020-09-30T09:18:05.942+0000][16584][gc,heap      ] GC(321) Survivor regions: 4->4(64)
[2020-09-30T09:18:05.942+0000][16584][gc,heap      ] GC(321) Old regions: 79->79
[2020-09-30T09:18:05.942+0000][16584][gc,heap      ] GC(321) Archive regions: 0->0
[2020-09-30T09:18:05.942+0000][16584][gc,heap      ] GC(321) Humongous regions: 355->174
[2020-09-30T09:18:05.942+0000][16584][gc,metaspace ] GC(321) Metaspace: 89088K(95104K)->89088K(95104K) NonClass: 77789K(81408K)->77789K(81408K) Class: 11299K(13696K)->11299K(13696K)
[2020-09-30T09:18:05.942+0000][16584][gc           ] GC(321) Pause Young (Concurrent Start) (G1 Humongous Allocation) 509M->256M(1024M) 5.575ms
[2020-09-30T09:18:05.943+0000][16584][gc,cpu       ] GC(321) User=0.00s Sys=0.00s Real=0.01s
[2020-09-30T09:18:05.943+0000][16584][gc           ] GC(322) Concurrent Cycle
[2020-09-30T09:18:05.943+0000][16584][safepoint    ] Safepoint "G1TryInitiateConcMark", Time since last: 31987400 ns, Reaching safepoint: 158000 ns, At safepoint: 5803600 ns, Total: 5961600 ns
[2020-09-30T09:18:05.943+0000][16584][gc,marking   ] GC(322) Concurrent Clear Claimed Marks
[2020-09-30T09:18:05.943+0000][16584][gc,marking   ] GC(322) Concurrent Clear Claimed Marks 0.631ms
[2020-09-30T09:18:05.943+0000][16584][gc,marking   ] GC(322) Concurrent Scan Root Regions
[2020-09-30T09:18:05.947+0000][16584][gc,marking   ] GC(322) Concurrent Scan Root Regions 3.624ms
[2020-09-30T09:18:05.947+0000][16584][gc,marking   ] GC(322) Concurrent Mark (179.804s)
[2020-09-30T09:18:05.947+0000][16584][gc,marking   ] GC(322) Concurrent Mark From Roots
[2020-09-30T09:18:05.947+0000][16584][gc,task      ] GC(322) Using 2 workers of 2 for marking
[2020-09-30T09:18:06.113+0000][16584][gc,marking   ] GC(322) Concurrent Mark From Roots 165.767ms
[2020-09-30T09:18:06.113+0000][16584][gc,marking   ] GC(322) Concurrent Preclean
[2020-09-30T09:18:06.114+0000][16584][gc,marking   ] GC(322) Concurrent Preclean 0.606ms
[2020-09-30T09:18:06.114+0000][16584][gc,marking   ] GC(322) Concurrent Mark (179.804s, 179.971s) 166.593ms
[2020-09-30T09:18:06.114+0000][16584][gc,start     ] GC(322) Pause Remark
[2020-09-30T09:18:06.122+0000][16584][gc           ] GC(322) Pause Remark 334M->334M(1024M) 7.892ms
[2020-09-30T09:18:06.122+0000][16584][gc,cpu       ] GC(322) User=0.00s Sys=0.00s Real=0.01s
[2020-09-30T09:18:06.122+0000][16584][safepoint    ] Safepoint "G1Concurrent", Time since last: 171247900 ns, Reaching safepoint: 169500 ns, At safepoint: 8176900 ns, Total: 8346400 ns
[2020-09-30T09:18:06.122+0000][16584][gc,marking   ] GC(322) Concurrent Rebuild Remembered Sets
[2020-09-30T09:18:06.218+0000][16584][gc,marking   ] GC(322) Concurrent Rebuild Remembered Sets 96.143ms
[2020-09-30T09:18:06.219+0000][16584][gc,start     ] GC(322) Pause Cleanup
[2020-09-30T09:18:06.219+0000][16584][gc           ] GC(322) Pause Cleanup 405M->405M(1024M) 0.377ms
[2020-09-30T09:18:06.219+0000][16584][gc,cpu       ] GC(322) User=0.00s Sys=0.00s Real=0.00s
[2020-09-30T09:18:06.219+0000][16584][safepoint    ] Safepoint "G1Concurrent", Time since last: 96372400 ns, Reaching safepoint: 199900 ns, At safepoint: 600200 ns, Total: 800100 ns
[2020-09-30T09:18:06.219+0000][16584][gc,marking   ] GC(322) Concurrent Cleanup for Next Mark
[2020-09-30T09:18:06.221+0000][16584][gc,marking   ] GC(322) Concurrent Cleanup for Next Mark 1.825ms
[2020-09-30T09:18:06.221+0000][16584][gc           ] GC(322) Concurrent Cycle 278.798ms
[2020-09-30T09:18:06.229+0000][16584][gc,start     ] GC(323) Pause Young (Concurrent Start) (G1 Humongous Allocation)
[2020-09-30T09:18:06.229+0000][16584][gc,task      ] GC(323) Using 8 workers of 8 for evacuation
[2020-09-30T09:18:06.229+0000][16584][gc,age       ] GC(323) Desired survivor size 33554432 bytes, new threshold 15 (max threshold 15)
[2020-09-30T09:18:06.234+0000][16584][gc,age       ] GC(323) Age table with threshold 15 (max threshold 15)
[2020-09-30T09:18:06.234+0000][16584][gc,age       ] GC(323) - age   1:    2923888 bytes,    2923888 total
[2020-09-30T09:18:06.234+0000][16584][gc,age       ] GC(323) - age   2:       4392 bytes,    2928280 total
[2020-09-30T09:18:06.234+0000][16584][gc,age       ] GC(323) - age   3:      43408 bytes,    2971688 total
[2020-09-30T09:18:06.234+0000][16584][gc,age       ] GC(323) - age   4:       3368 bytes,    2975056 total
[2020-09-30T09:18:06.234+0000][16584][gc,age       ] GC(323) - age   5:      16176 bytes,    2991232 total
[2020-09-30T09:18:06.234+0000][16584][gc,age       ] GC(323) - age   6:       4512 bytes,    2995744 total
[2020-09-30T09:18:06.234+0000][16584][gc,age       ] GC(323) - age   7:        360 bytes,    2996104 total
[2020-09-30T09:18:06.234+0000][16584][gc,age       ] GC(323) - age   8:       3144 bytes,    2999248 total
[2020-09-30T09:18:06.234+0000][16584][gc,age       ] GC(323) - age   9:        664 bytes,    2999912 total
[2020-09-30T09:18:06.234+0000][16584][gc,age       ] GC(323) - age  10:       1032 bytes,    3000944 total
[2020-09-30T09:18:06.234+0000][16584][gc,age       ] GC(323) - age  11:        272 bytes,    3001216 total
[2020-09-30T09:18:06.234+0000][16584][gc,age       ] GC(323) - age  12:      10304 bytes,    3011520 total
[2020-09-30T09:18:06.234+0000][16584][gc,age       ] GC(323) - age  13:       1200 bytes,    3012720 total
[2020-09-30T09:18:06.234+0000][16584][gc,age       ] GC(323) - age  14:        912 bytes,    3013632 total
[2020-09-30T09:18:06.234+0000][16584][gc,age       ] GC(323) - age  15:     137656 bytes,    3151288 total
[2020-09-30T09:18:06.235+0000][16584][gc,phases    ] GC(323)   Pre Evacuate Collection Set: 0.4ms
[2020-09-30T09:18:06.235+0000][16584][gc,phases    ] GC(323)   Merge Heap Roots: 0.1ms
[2020-09-30T09:18:06.235+0000][16584][gc,phases    ] GC(323)   Evacuate Collection Set: 2.3ms
[2020-09-30T09:18:06.235+0000][16584][gc,phases    ] GC(323)   Post Evacuate Collection Set: 1.1ms
[2020-09-30T09:18:06.235+0000][16584][gc,phases    ] GC(323)   Other: 1.3ms
[2020-09-30T09:18:06.235+0000][16584][gc,heap      ] GC(323) Eden regions: 45->0(503)
[2020-09-30T09:18:06.235+0000][16584][gc,heap      ] GC(323) Survivor regions: 4->4(64)
[2020-09-30T09:18:06.235+0000][16584][gc,heap      ] GC(323) Old regions: 79->79
[2020-09-30T09:18:06.235+0000][16584][gc,heap      ] GC(323) Archive regions: 0->0
[2020-09-30T09:18:06.235+0000][16584][gc,heap      ] GC(323) Humongous regions: 283->174
[2020-09-30T09:18:06.235+0000][16584][gc,metaspace ] GC(323) Metaspace: 89088K(95104K)->89088K(95104K) NonClass: 77789K(81408K)->77789K(81408K) Class: 11299K(13696K)->11299K(13696K)
[2020-09-30T09:18:06.235+0000][16584][gc           ] GC(323) Pause Young (Concurrent Start) (G1 Humongous Allocation) 409M->255M(1024M) 5.634ms
[2020-09-30T09:18:06.235+0000][16584][gc,cpu       ] GC(323) User=0.02s Sys=0.02s Real=0.01s
[2020-09-30T09:18:06.235+0000][16584][gc           ] GC(324) Concurrent Cycle
[2020-09-30T09:18:06.235+0000][16584][safepoint    ] Safepoint "G1TryInitiateConcMark", Time since last: 9815400 ns, Reaching safepoint: 174300 ns, At safepoint: 5866900 ns, Total: 6041200 ns
[2020-09-30T09:18:06.235+0000][16584][gc,marking   ] GC(324) Concurrent Clear Claimed Marks
[2020-09-30T09:18:06.236+0000][16584][gc,marking   ] GC(324) Concurrent Clear Claimed Marks 0.470ms
[2020-09-30T09:18:06.236+0000][16584][gc,marking   ] GC(324) Concurrent Scan Root Regions
[2020-09-30T09:18:06.238+0000][16584][gc,marking   ] GC(324) Concurrent Scan Root Regions 2.505ms
[2020-09-30T09:18:06.238+0000][16584][gc,marking   ] GC(324) Concurrent Mark (180.096s)
[2020-09-30T09:18:06.238+0000][16584][gc,marking   ] GC(324) Concurrent Mark From Roots
[2020-09-30T09:18:06.239+0000][16584][gc,task      ] GC(324) Using 2 workers of 2 for marking
[2020-09-30T09:18:06.417+0000][16584][gc,marking   ] GC(324) Concurrent Mark From Roots 178.838ms
[2020-09-30T09:18:06.417+0000][16584][gc,marking   ] GC(324) Concurrent Preclean
[2020-09-30T09:18:06.418+0000][16584][gc,marking   ] GC(324) Concurrent Preclean 0.628ms
[2020-09-30T09:18:06.418+0000][16584][gc,marking   ] GC(324) Concurrent Mark (180.096s, 180.275s) 179.657ms
[2020-09-30T09:18:06.418+0000][16584][gc,start     ] GC(324) Pause Remark
[2020-09-30T09:18:06.434+0000][16584][gc           ] GC(324) Pause Remark 366M->366M(1024M) 15.217ms
[2020-09-30T09:18:06.434+0000][16584][gc,cpu       ] GC(324) User=0.03s Sys=0.00s Real=0.02s
[2020-09-30T09:18:06.435+0000][16584][safepoint    ] Safepoint "G1Concurrent", Time since last: 183046700 ns, Reaching safepoint: 137800 ns, At safepoint: 16306800 ns, Total: 16444600 ns
[2020-09-30T09:18:06.435+0000][16584][gc,marking   ] GC(324) Concurrent Rebuild Remembered Sets
[2020-09-30T09:18:06.542+0000][16584][gc,marking   ] GC(324) Concurrent Rebuild Remembered Sets 106.955ms
[2020-09-30T09:18:06.542+0000][16584][gc,start     ] GC(324) Pause Cleanup
[2020-09-30T09:18:06.543+0000][16584][gc           ] GC(324) Pause Cleanup 507M->507M(1024M) 0.438ms
[2020-09-30T09:18:06.543+0000][16584][gc,cpu       ] GC(324) User=0.00s Sys=0.00s Real=0.00s
[2020-09-30T09:18:06.543+0000][16584][safepoint    ] Safepoint "G1Concurrent", Time since last: 107177000 ns, Reaching safepoint: 381100 ns, At safepoint: 662400 ns, Total: 1043500 ns
[2020-09-30T09:18:06.543+0000][16584][gc,marking   ] GC(324) Concurrent Cleanup for Next Mark
[2020-09-30T09:18:06.545+0000][16584][gc,marking   ] GC(324) Concurrent Cleanup for Next Mark 1.795ms
[2020-09-30T09:18:06.545+0000][16584][gc           ] GC(324) Concurrent Cycle 309.774ms
[2020-09-30T09:18:06.576+0000][16584][gc,start     ] GC(325) Pause Young (Concurrent Start) (G1 Humongous Allocation)
[2020-09-30T09:18:06.576+0000][16584][gc,task      ] GC(325) Using 8 workers of 8 for evacuation
[2020-09-30T09:18:06.576+0000][16584][gc,age       ] GC(325) Desired survivor size 33554432 bytes, new threshold 15 (max threshold 15)
[2020-09-30T09:18:06.580+0000][16584][gc,age       ] GC(325) Age table with threshold 15 (max threshold 15)
[2020-09-30T09:18:06.580+0000][16584][gc,age       ] GC(325) - age   1:    3495400 bytes,    3495400 total
[2020-09-30T09:18:06.580+0000][16584][gc,age       ] GC(325) - age   2:     208968 bytes,    3704368 total
[2020-09-30T09:18:06.580+0000][16584][gc,age       ] GC(325) - age   3:       3424 bytes,    3707792 total
[2020-09-30T09:18:06.580+0000][16584][gc,age       ] GC(325) - age   4:      41856 bytes,    3749648 total
[2020-09-30T09:18:06.580+0000][16584][gc,age       ] GC(325) - age   5:       3368 bytes,    3753016 total
[2020-09-30T09:18:06.580+0000][16584][gc,age       ] GC(325) - age   6:      15760 bytes,    3768776 total
[2020-09-30T09:18:06.580+0000][16584][gc,age       ] GC(325) - age   7:       4512 bytes,    3773288 total
[2020-09-30T09:18:06.580+0000][16584][gc,age       ] GC(325) - age   8:        264 bytes,    3773552 total
[2020-09-30T09:18:06.580+0000][16584][gc,age       ] GC(325) - age   9:        912 bytes,    3774464 total
[2020-09-30T09:18:06.580+0000][16584][gc,age       ] GC(325) - age  10:        248 bytes,    3774712 total
[2020-09-30T09:18:06.580+0000][16584][gc,age       ] GC(325) - age  11:       1032 bytes,    3775744 total
[2020-09-30T09:18:06.581+0000][16584][gc,age       ] GC(325) - age  12:        272 bytes,    3776016 total
[2020-09-30T09:18:06.581+0000][16584][gc,age       ] GC(325) - age  13:      10304 bytes,    3786320 total
[2020-09-30T09:18:06.581+0000][16584][gc,age       ] GC(325) - age  14:       1200 bytes,    3787520 total
[2020-09-30T09:18:06.581+0000][16584][gc,age       ] GC(325) - age  15:        912 bytes,    3788432 total
[2020-09-30T09:18:06.581+0000][16584][gc,phases    ] GC(325)   Pre Evacuate Collection Set: 0.5ms
[2020-09-30T09:18:06.581+0000][16584][gc,phases    ] GC(325)   Merge Heap Roots: 0.2ms
[2020-09-30T09:18:06.581+0000][16584][gc,phases    ] GC(325)   Evacuate Collection Set: 2.2ms
[2020-09-30T09:18:06.581+0000][16584][gc,phases    ] GC(325)   Post Evacuate Collection Set: 0.9ms
[2020-09-30T09:18:06.581+0000][16584][gc,phases    ] GC(325)   Other: 1.2ms
[2020-09-30T09:18:06.581+0000][16584][gc,heap      ] GC(325) Eden regions: 73->0(503)
[2020-09-30T09:18:06.581+0000][16584][gc,heap      ] GC(325) Survivor regions: 4->4(64)
[2020-09-30T09:18:06.581+0000][16584][gc,heap      ] GC(325) Old regions: 79->79
[2020-09-30T09:18:06.581+0000][16584][gc,heap      ] GC(325) Archive regions: 0->0
[2020-09-30T09:18:06.581+0000][16584][gc,heap      ] GC(325) Humongous regions: 360->174
[2020-09-30T09:18:06.581+0000][16584][gc,metaspace ] GC(325) Metaspace: 89098K(95104K)->89098K(95104K) NonClass: 77799K(81408K)->77799K(81408K) Class: 11299K(13696K)->11299K(13696K)
[2020-09-30T09:18:06.581+0000][16584][gc           ] GC(325) Pause Young (Concurrent Start) (G1 Humongous Allocation) 513M->256M(1024M) 5.361ms
[2020-09-30T09:18:06.581+0000][16584][gc,cpu       ] GC(325) User=0.00s Sys=0.00s Real=0.01s
[2020-09-30T09:18:06.581+0000][16584][gc           ] GC(326) Concurrent Cycle
[2020-09-30T09:18:06.581+0000][16584][safepoint    ] Safepoint "G1TryInitiateConcMark", Time since last: 32758400 ns, Reaching safepoint: 217000 ns, At safepoint: 5599400 ns, Total: 5816400 ns
[2020-09-30T09:18:06.581+0000][16584][gc,marking   ] GC(326) Concurrent Clear Claimed Marks
[2020-09-30T09:18:06.582+0000][16584][gc,marking   ] GC(326) Concurrent Clear Claimed Marks 0.507ms
[2020-09-30T09:18:06.582+0000][16584][gc,marking   ] GC(326) Concurrent Scan Root Regions
[2020-09-30T09:18:06.584+0000][16584][gc,marking   ] GC(326) Concurrent Scan Root Regions 2.442ms
[2020-09-30T09:18:06.585+0000][16584][gc,marking   ] GC(326) Concurrent Mark (180.442s)
[2020-09-30T09:18:06.585+0000][16584][gc,marking   ] GC(326) Concurrent Mark From Roots
[2020-09-30T09:18:06.585+0000][16584][gc,task      ] GC(326) Using 2 workers of 2 for marking
[2020-09-30T09:18:06.786+0000][16584][gc,marking   ] GC(326) Concurrent Mark From Roots 200.940ms
[2020-09-30T09:18:06.786+0000][16584][gc,marking   ] GC(326) Concurrent Preclean
[2020-09-30T09:18:06.786+0000][16584][gc,marking   ] GC(326) Concurrent Preclean 0.725ms
[2020-09-30T09:18:06.786+0000][16584][gc,marking   ] GC(326) Concurrent Mark (180.442s, 180.644s) 201.883ms
[2020-09-30T09:18:06.787+0000][16584][gc,start     ] GC(326) Pause Remark
[2020-09-30T09:18:06.794+0000][16584][gc           ] GC(326) Pause Remark 475M->475M(1024M) 6.875ms
[2020-09-30T09:18:06.794+0000][16584][gc,cpu       ] GC(326) User=0.00s Sys=0.00s Real=0.01s
[2020-09-30T09:18:06.794+0000][16584][safepoint    ] Safepoint "G1Concurrent", Time since last: 205211600 ns, Reaching safepoint: 197200 ns, At safepoint: 7135700 ns, Total: 7332900 ns
[2020-09-30T09:18:06.794+0000][16584][gc,marking   ] GC(326) Concurrent Rebuild Remembered Sets
[2020-09-30T09:18:06.910+0000][16584][gc,marking   ] GC(326) Concurrent Rebuild Remembered Sets 115.956ms
[2020-09-30T09:18:06.910+0000][16584][gc,start     ] GC(326) Pause Cleanup
[2020-09-30T09:18:06.911+0000][16584][gc           ] GC(326) Pause Cleanup 479M->479M(1024M) 0.397ms
[2020-09-30T09:18:06.911+0000][16584][gc,cpu       ] GC(326) User=0.00s Sys=0.00s Real=0.00s
[2020-09-30T09:18:06.911+0000][16584][safepoint    ] Safepoint "G1Concurrent", Time since last: 116179000 ns, Reaching safepoint: 160000 ns, At safepoint: 633500 ns, Total: 793500 ns
[2020-09-30T09:18:06.911+0000][16584][gc,marking   ] GC(326) Concurrent Cleanup for Next Mark
[2020-09-30T09:18:06.913+0000][16584][gc,marking   ] GC(326) Concurrent Cleanup for Next Mark 1.905ms
[2020-09-30T09:18:06.913+0000][16584][gc           ] GC(326) Concurrent Cycle 331.653ms
[2020-09-30T09:18:07.161+0000][16584][gc,start     ] GC(327) Pause Young (Concurrent Start) (G1 Humongous Allocation)
[2020-09-30T09:18:07.161+0000][16584][gc,task      ] GC(327) Using 8 workers of 8 for evacuation
[2020-09-30T09:18:07.161+0000][16584][gc,age       ] GC(327) Desired survivor size 33554432 bytes, new threshold 15 (max threshold 15)
[2020-09-30T09:18:07.165+0000][16584][gc,age       ] GC(327) Age table with threshold 15 (max threshold 15)
[2020-09-30T09:18:07.165+0000][16584][gc,age       ] GC(327) - age   1:    2727248 bytes,    2727248 total
[2020-09-30T09:18:07.165+0000][16584][gc,age       ] GC(327) - age   2:     103592 bytes,    2830840 total
[2020-09-30T09:18:07.165+0000][16584][gc,age       ] GC(327) - age   3:       4536 bytes,    2835376 total
[2020-09-30T09:18:07.166+0000][16584][gc,age       ] GC(327) - age   4:       1536 bytes,    2836912 total
[2020-09-30T09:18:07.166+0000][16584][gc,age       ] GC(327) - age   5:      41472 bytes,    2878384 total
[2020-09-30T09:18:07.166+0000][16584][gc,age       ] GC(327) - age   6:       3368 bytes,    2881752 total
[2020-09-30T09:18:07.166+0000][16584][gc,age       ] GC(327) - age   7:      15760 bytes,    2897512 total
[2020-09-30T09:18:07.166+0000][16584][gc,age       ] GC(327) - age   8:       4480 bytes,    2901992 total
[2020-09-30T09:18:07.166+0000][16584][gc,age       ] GC(327) - age   9:        264 bytes,    2902256 total
[2020-09-30T09:18:07.166+0000][16584][gc,age       ] GC(327) - age  10:        912 bytes,    2903168 total
[2020-09-30T09:18:07.166+0000][16584][gc,age       ] GC(327) - age  11:        184 bytes,    2903352 total
[2020-09-30T09:18:07.166+0000][16584][gc,age       ] GC(327) - age  12:       1032 bytes,    2904384 total
[2020-09-30T09:18:07.166+0000][16584][gc,age       ] GC(327) - age  13:        208 bytes,    2904592 total
[2020-09-30T09:18:07.166+0000][16584][gc,age       ] GC(327) - age  14:      10304 bytes,    2914896 total
[2020-09-30T09:18:07.166+0000][16584][gc,age       ] GC(327) - age  15:       1168 bytes,    2916064 total
[2020-09-30T09:18:07.166+0000][16584][gc,phases    ] GC(327)   Pre Evacuate Collection Set: 0.5ms
[2020-09-30T09:18:07.166+0000][16584][gc,phases    ] GC(327)   Merge Heap Roots: 0.1ms
[2020-09-30T09:18:07.166+0000][16584][gc,phases    ] GC(327)   Evacuate Collection Set: 2.1ms
[2020-09-30T09:18:07.166+0000][16584][gc,phases    ] GC(327)   Post Evacuate Collection Set: 1.0ms
[2020-09-30T09:18:07.166+0000][16584][gc,phases    ] GC(327)   Other: 1.1ms
[2020-09-30T09:18:07.166+0000][16584][gc,heap      ] GC(327) Eden regions: 54->0(504)
[2020-09-30T09:18:07.166+0000][16584][gc,heap      ] GC(327) Survivor regions: 4->3(64)
[2020-09-30T09:18:07.166+0000][16584][gc,heap      ] GC(327) Old regions: 79->79
[2020-09-30T09:18:07.166+0000][16584][gc,heap      ] GC(327) Archive regions: 0->0
[2020-09-30T09:18:07.166+0000][16584][gc,heap      ] GC(327) Humongous regions: 354->174
[2020-09-30T09:18:07.166+0000][16584][gc,metaspace ] GC(327) Metaspace: 89119K(95104K)->89119K(95104K) NonClass: 77817K(81408K)->77817K(81408K) Class: 11302K(13696K)->11302K(13696K)
[2020-09-30T09:18:07.166+0000][16584][gc           ] GC(327) Pause Young (Concurrent Start) (G1 Humongous Allocation) 490M->255M(1024M) 5.203ms
[2020-09-30T09:18:07.167+0000][16584][gc,cpu       ] GC(327) User=0.00s Sys=0.00s Real=0.01s
[2020-09-30T09:18:07.167+0000][16584][gc           ] GC(328) Concurrent Cycle
[2020-09-30T09:18:07.167+0000][16584][safepoint    ] Safepoint "G1TryInitiateConcMark", Time since last: 250083900 ns, Reaching safepoint: 277100 ns, At safepoint: 5490800 ns, Total: 5767900 ns
[2020-09-30T09:18:07.167+0000][16584][gc,marking   ] GC(328) Concurrent Clear Claimed Marks
[2020-09-30T09:18:07.167+0000][16584][gc,marking   ] GC(328) Concurrent Clear Claimed Marks 0.519ms
[2020-09-30T09:18:07.167+0000][16584][gc,marking   ] GC(328) Concurrent Scan Root Regions
[2020-09-30T09:18:07.170+0000][16584][gc,marking   ] GC(328) Concurrent Scan Root Regions 2.212ms
[2020-09-30T09:18:07.170+0000][16584][gc,marking   ] GC(328) Concurrent Mark (181.027s)
[2020-09-30T09:18:07.170+0000][16584][gc,marking   ] GC(328) Concurrent Mark From Roots
[2020-09-30T09:18:07.170+0000][16584][gc,task      ] GC(328) Using 2 workers of 2 for marking
[2020-09-30T09:18:07.347+0000][16584][gc,marking   ] GC(328) Concurrent Mark From Roots 177.396ms
[2020-09-30T09:18:07.347+0000][16584][gc,marking   ] GC(328) Concurrent Preclean
[2020-09-30T09:18:07.348+0000][16584][gc,marking   ] GC(328) Concurrent Preclean 0.916ms
[2020-09-30T09:18:07.348+0000][16584][gc,marking   ] GC(328) Concurrent Mark (181.027s, 181.206s) 178.624ms
[2020-09-30T09:18:07.350+0000][16584][gc,start     ] GC(328) Pause Remark
[2020-09-30T09:18:07.357+0000][16584][gc           ] GC(328) Pause Remark 353M->353M(1024M) 7.005ms
[2020-09-30T09:18:07.357+0000][16584][gc,cpu       ] GC(328) User=0.03s Sys=0.00s Real=0.01s
[2020-09-30T09:18:07.357+0000][16584][safepoint    ] Safepoint "G1Concurrent", Time since last: 181773200 ns, Reaching safepoint: 1346100 ns, At safepoint: 7327400 ns, Total: 8673500 ns
[2020-09-30T09:18:07.357+0000][16584][gc,marking   ] GC(328) Concurrent Rebuild Remembered Sets
[2020-09-30T09:18:07.460+0000][16584][gc,marking   ] GC(328) Concurrent Rebuild Remembered Sets 102.419ms
[2020-09-30T09:18:07.461+0000][16584][gc,start     ] GC(328) Pause Cleanup
[2020-09-30T09:18:07.461+0000][16584][gc           ] GC(328) Pause Cleanup 409M->409M(1024M) 0.394ms
[2020-09-30T09:18:07.461+0000][16584][gc,cpu       ] GC(328) User=0.00s Sys=0.00s Real=0.00s
[2020-09-30T09:18:07.461+0000][16584][safepoint    ] Safepoint "G1Concurrent", Time since last: 102642800 ns, Reaching safepoint: 140200 ns, At safepoint: 645300 ns, Total: 785500 ns
[2020-09-30T09:18:07.461+0000][16584][gc,marking   ] GC(328) Concurrent Cleanup for Next Mark
[2020-09-30T09:18:07.463+0000][16584][gc,marking   ] GC(328) Concurrent Cleanup for Next Mark 1.845ms
[2020-09-30T09:18:07.463+0000][16584][gc           ] GC(328) Concurrent Cycle 295.946ms
[2020-09-30T09:18:07.490+0000][16584][gc,start     ] GC(329) Pause Young (Concurrent Start) (G1 Humongous Allocation)
[2020-09-30T09:18:07.490+0000][16584][gc,task      ] GC(329) Using 8 workers of 8 for evacuation
[2020-09-30T09:18:07.490+0000][16584][gc,age       ] GC(329) Desired survivor size 33554432 bytes, new threshold 15 (max threshold 15)
[2020-09-30T09:18:07.494+0000][16584][gc,age       ] GC(329) Age table with threshold 15 (max threshold 15)
[2020-09-30T09:18:07.494+0000][16584][gc,age       ] GC(329) - age   1:    1065152 bytes,    1065152 total
[2020-09-30T09:18:07.494+0000][16584][gc,age       ] GC(329) - age   2:      19488 bytes,    1084640 total
[2020-09-30T09:18:07.494+0000][16584][gc,age       ] GC(329) - age   3:     102696 bytes,    1187336 total
[2020-09-30T09:18:07.494+0000][16584][gc,age       ] GC(329) - age   4:       3976 bytes,    1191312 total
[2020-09-30T09:18:07.494+0000][16584][gc,age       ] GC(329) - age   5:       1536 bytes,    1192848 total
[2020-09-30T09:18:07.494+0000][16584][gc,age       ] GC(329) - age   6:      38800 bytes,    1231648 total
[2020-09-30T09:18:07.494+0000][16584][gc,age       ] GC(329) - age   7:       3368 bytes,    1235016 total
[2020-09-30T09:18:07.494+0000][16584][gc,age       ] GC(329) - age   8:      15760 bytes,    1250776 total
[2020-09-30T09:18:07.494+0000][16584][gc,age       ] GC(329) - age   9:       4320 bytes,    1255096 total
[2020-09-30T09:18:07.494+0000][16584][gc,age       ] GC(329) - age  10:        232 bytes,    1255328 total
[2020-09-30T09:18:07.494+0000][16584][gc,age       ] GC(329) - age  11:        912 bytes,    1256240 total
[2020-09-30T09:18:07.495+0000][16584][gc,age       ] GC(329) - age  12:        184 bytes,    1256424 total
[2020-09-30T09:18:07.495+0000][16584][gc,age       ] GC(329) - age  13:       1032 bytes,    1257456 total
[2020-09-30T09:18:07.495+0000][16584][gc,age       ] GC(329) - age  14:        208 bytes,    1257664 total
[2020-09-30T09:18:07.495+0000][16584][gc,age       ] GC(329) - age  15:      10304 bytes,    1267968 total
[2020-09-30T09:18:07.495+0000][16584][gc,phases    ] GC(329)   Pre Evacuate Collection Set: 0.5ms
[2020-09-30T09:18:07.495+0000][16584][gc,phases    ] GC(329)   Merge Heap Roots: 0.1ms
[2020-09-30T09:18:07.495+0000][16584][gc,phases    ] GC(329)   Evacuate Collection Set: 2.0ms
[2020-09-30T09:18:07.495+0000][16584][gc,phases    ] GC(329)   Post Evacuate Collection Set: 0.8ms
[2020-09-30T09:18:07.495+0000][16584][gc,phases    ] GC(329)   Other: 1.1ms
[2020-09-30T09:18:07.495+0000][16584][gc,heap      ] GC(329) Eden regions: 44->0(506)
[2020-09-30T09:18:07.495+0000][16584][gc,heap      ] GC(329) Survivor regions: 3->2(64)
[2020-09-30T09:18:07.495+0000][16584][gc,heap      ] GC(329) Old regions: 79->79
[2020-09-30T09:18:07.495+0000][16584][gc,heap      ] GC(329) Archive regions: 0->0
[2020-09-30T09:18:07.495+0000][16584][gc,heap      ] GC(329) Humongous regions: 288->174
[2020-09-30T09:18:07.495+0000][16584][gc,metaspace ] GC(329) Metaspace: 89120K(95104K)->89120K(95104K) NonClass: 77818K(81408K)->77818K(81408K) Class: 11302K(13696K)->11302K(13696K)
[2020-09-30T09:18:07.495+0000][16584][gc           ] GC(329) Pause Young (Concurrent Start) (G1 Humongous Allocation) 413M->254M(1024M) 4.894ms
[2020-09-30T09:18:07.495+0000][16584][gc,cpu       ] GC(329) User=0.00s Sys=0.00s Real=0.00s
[2020-09-30T09:18:07.495+0000][16584][safepoint    ] Safepoint "G1TryInitiateConcMark", Time since last: 28959100 ns, Reaching safepoint: 156200 ns, At safepoint: 5140900 ns, Total: 5297100 ns
[2020-09-30T09:18:07.495+0000][16584][gc           ] GC(330) Concurrent Cycle
[2020-09-30T09:18:07.495+0000][16584][gc,marking   ] GC(330) Concurrent Clear Claimed Marks
[2020-09-30T09:18:07.496+0000][16584][gc,marking   ] GC(330) Concurrent Clear Claimed Marks 0.510ms
[2020-09-30T09:18:07.496+0000][16584][gc,marking   ] GC(330) Concurrent Scan Root Regions
[2020-09-30T09:18:07.498+0000][16584][gc,marking   ] GC(330) Concurrent Scan Root Regions 2.159ms
[2020-09-30T09:18:07.498+0000][16584][gc,marking   ] GC(330) Concurrent Mark (181.355s)
[2020-09-30T09:18:07.498+0000][16584][gc,marking   ] GC(330) Concurrent Mark From Roots
[2020-09-30T09:18:07.498+0000][16584][gc,task      ] GC(330) Using 2 workers of 2 for marking
[2020-09-30T09:18:07.667+0000][16584][gc,marking   ] GC(330) Concurrent Mark From Roots 169.345ms
[2020-09-30T09:18:07.667+0000][16584][gc,marking   ] GC(330) Concurrent Preclean
[2020-09-30T09:18:07.668+0000][16584][gc,marking   ] GC(330) Concurrent Preclean 0.581ms
[2020-09-30T09:18:07.668+0000][16584][gc,marking   ] GC(330) Concurrent Mark (181.355s, 181.525s) 170.145ms
[2020-09-30T09:18:07.668+0000][16584][gc,start     ] GC(330) Pause Remark
[2020-09-30T09:18:07.675+0000][16584][gc           ] GC(330) Pause Remark 351M->351M(1024M) 6.670ms
[2020-09-30T09:18:07.675+0000][16584][gc,cpu       ] GC(330) User=0.13s Sys=0.00s Real=0.01s
[2020-09-30T09:18:07.675+0000][16584][safepoint    ] Safepoint "G1Concurrent", Time since last: 173159000 ns, Reaching safepoint: 187700 ns, At safepoint: 6896500 ns, Total: 7084200 ns
[2020-09-30T09:18:07.675+0000][16584][gc,marking   ] GC(330) Concurrent Rebuild Remembered Sets
[2020-09-30T09:18:07.769+0000][16584][gc,marking   ] GC(330) Concurrent Rebuild Remembered Sets 93.693ms
[2020-09-30T09:18:07.770+0000][16584][gc,start     ] GC(330) Pause Cleanup
[2020-09-30T09:18:07.770+0000][16584][gc           ] GC(330) Pause Cleanup 427M->427M(1024M) 0.649ms
[2020-09-30T09:18:07.771+0000][16584][gc,cpu       ] GC(330) User=0.00s Sys=0.00s Real=0.00s
[2020-09-30T09:18:07.771+0000][16584][safepoint    ] Safepoint "G1Concurrent", Time since last: 93936300 ns, Reaching safepoint: 374600 ns, At safepoint: 1014600 ns, Total: 1389200 ns
[2020-09-30T09:18:07.771+0000][16584][gc,marking   ] GC(330) Concurrent Cleanup for Next Mark
[2020-09-30T09:18:07.773+0000][16584][gc,marking   ] GC(330) Concurrent Cleanup for Next Mark 2.404ms
[2020-09-30T09:18:07.773+0000][16584][gc           ] GC(330) Concurrent Cycle 278.243ms
[2020-09-30T09:18:07.888+0000][16584][gc,start     ] GC(331) Pause Young (Concurrent Start) (G1 Humongous Allocation)
[2020-09-30T09:18:07.888+0000][16584][gc,task      ] GC(331) Using 8 workers of 8 for evacuation
[2020-09-30T09:18:07.888+0000][16584][gc,age       ] GC(331) Desired survivor size 33554432 bytes, new threshold 15 (max threshold 15)
[2020-09-30T09:18:07.892+0000][16584][gc,age       ] GC(331) Age table with threshold 15 (max threshold 15)
[2020-09-30T09:18:07.892+0000][16584][gc,age       ] GC(331) - age   1:    2734752 bytes,    2734752 total
[2020-09-30T09:18:07.892+0000][16584][gc,age       ] GC(331) - age   2:       2360 bytes,    2737112 total
[2020-09-30T09:18:07.892+0000][16584][gc,age       ] GC(331) - age   3:      14992 bytes,    2752104 total
[2020-09-30T09:18:07.892+0000][16584][gc,age       ] GC(331) - age   4:     102152 bytes,    2854256 total
[2020-09-30T09:18:07.892+0000][16584][gc,age       ] GC(331) - age   5:       3144 bytes,    2857400 total
[2020-09-30T09:18:07.892+0000][16584][gc,age       ] GC(331) - age   6:       1344 bytes,    2858744 total
[2020-09-30T09:18:07.892+0000][16584][gc,age       ] GC(331) - age   7:      24560 bytes,    2883304 total
[2020-09-30T09:18:07.892+0000][16584][gc,age       ] GC(331) - age   8:       3368 bytes,    2886672 total
[2020-09-30T09:18:07.892+0000][16584][gc,age       ] GC(331) - age   9:      15696 bytes,    2902368 total
[2020-09-30T09:18:07.892+0000][16584][gc,age       ] GC(331) - age  10:       1608 bytes,    2903976 total
[2020-09-30T09:18:07.892+0000][16584][gc,age       ] GC(331) - age  11:        232 bytes,    2904208 total
[2020-09-30T09:18:07.892+0000][16584][gc,age       ] GC(331) - age  12:        912 bytes,    2905120 total
[2020-09-30T09:18:07.892+0000][16584][gc,age       ] GC(331) - age  13:        184 bytes,    2905304 total
[2020-09-30T09:18:07.893+0000][16584][gc,age       ] GC(331) - age  14:       1032 bytes,    2906336 total
[2020-09-30T09:18:07.893+0000][16584][gc,age       ] GC(331) - age  15:        144 bytes,    2906480 total
[2020-09-30T09:18:07.893+0000][16584][gc,phases    ] GC(331)   Pre Evacuate Collection Set: 0.6ms
[2020-09-30T09:18:07.893+0000][16584][gc,phases    ] GC(331)   Merge Heap Roots: 0.1ms
[2020-09-30T09:18:07.893+0000][16584][gc,phases    ] GC(331)   Evacuate Collection Set: 2.2ms
[2020-09-30T09:18:07.893+0000][16584][gc,phases    ] GC(331)   Post Evacuate Collection Set: 0.9ms
[2020-09-30T09:18:07.893+0000][16584][gc,phases    ] GC(331)   Other: 1.2ms
[2020-09-30T09:18:07.893+0000][16584][gc,heap      ] GC(331) Eden regions: 56->0(505)
[2020-09-30T09:18:07.893+0000][16584][gc,heap      ] GC(331) Survivor regions: 2->3(64)
[2020-09-30T09:18:07.893+0000][16584][gc,heap      ] GC(331) Old regions: 79->79
[2020-09-30T09:18:07.893+0000][16584][gc,heap      ] GC(331) Archive regions: 0->0
[2020-09-30T09:18:07.893+0000][16584][gc,heap      ] GC(331) Humongous regions: 298->174
[2020-09-30T09:18:07.893+0000][16584][gc,metaspace ] GC(331) Metaspace: 89120K(95104K)->89120K(95104K) NonClass: 77818K(81408K)->77818K(81408K) Class: 11302K(13696K)->11302K(13696K)
[2020-09-30T09:18:07.893+0000][16584][gc           ] GC(331) Pause Young (Concurrent Start) (G1 Humongous Allocation) 434M->255M(1024M) 5.478ms
[2020-09-30T09:18:07.893+0000][16584][gc,cpu       ] GC(331) User=0.02s Sys=0.00s Real=0.00s
[2020-09-30T09:18:07.893+0000][16584][safepoint    ] Safepoint "G1TryInitiateConcMark", Time since last: 116678700 ns, Reaching safepoint: 193700 ns, At safepoint: 5714700 ns, Total: 5908400 ns
[2020-09-30T09:18:07.893+0000][16584][gc           ] GC(332) Concurrent Cycle
[2020-09-30T09:18:07.893+0000][16584][gc,marking   ] GC(332) Concurrent Clear Claimed Marks
[2020-09-30T09:18:07.894+0000][16584][gc,marking   ] GC(332) Concurrent Clear Claimed Marks 0.438ms
[2020-09-30T09:18:07.894+0000][16584][gc,marking   ] GC(332) Concurrent Scan Root Regions
[2020-09-30T09:18:07.896+0000][16584][gc,marking   ] GC(332) Concurrent Scan Root Regions 2.395ms
[2020-09-30T09:18:07.897+0000][16584][gc,marking   ] GC(332) Concurrent Mark (181.754s)
[2020-09-30T09:18:07.897+0000][16584][gc,marking   ] GC(332) Concurrent Mark From Roots
[2020-09-30T09:18:07.897+0000][16584][gc,task      ] GC(332) Using 2 workers of 2 for marking
[2020-09-30T09:18:08.069+0000][16584][gc,marking   ] GC(332) Concurrent Mark From Roots 172.796ms
[2020-09-30T09:18:08.070+0000][16584][gc,marking   ] GC(332) Concurrent Preclean
[2020-09-30T09:18:08.070+0000][16584][gc,marking   ] GC(332) Concurrent Preclean 0.592ms
[2020-09-30T09:18:08.070+0000][16584][gc,marking   ] GC(332) Concurrent Mark (181.754s, 181.927s) 173.620ms
[2020-09-30T09:18:08.071+0000][16584][gc,start     ] GC(332) Pause Remark
[2020-09-30T09:18:08.077+0000][16584][gc           ] GC(332) Pause Remark 408M->408M(1024M) 6.622ms
[2020-09-30T09:18:08.077+0000][16584][gc,cpu       ] GC(332) User=0.11s Sys=0.00s Real=0.01s
[2020-09-30T09:18:08.077+0000][16584][safepoint    ] Safepoint "G1Concurrent", Time since last: 176918200 ns, Reaching safepoint: 172900 ns, At safepoint: 6844200 ns, Total: 7017100 ns
[2020-09-30T09:18:08.077+0000][16584][gc,marking   ] GC(332) Concurrent Rebuild Remembered Sets
[2020-09-30T09:18:08.169+0000][16584][gc,marking   ] GC(332) Concurrent Rebuild Remembered Sets 91.885ms
[2020-09-30T09:18:08.170+0000][16584][gc,start     ] GC(332) Pause Cleanup
[2020-09-30T09:18:08.170+0000][16584][gc           ] GC(332) Pause Cleanup 431M->431M(1024M) 0.346ms
[2020-09-30T09:18:08.170+0000][16584][gc,cpu       ] GC(332) User=0.00s Sys=0.00s Real=0.00s
[2020-09-30T09:18:08.170+0000][16584][safepoint    ] Safepoint "G1Concurrent", Time since last: 92089600 ns, Reaching safepoint: 188900 ns, At safepoint: 599400 ns, Total: 788300 ns
[2020-09-30T09:18:08.170+0000][16584][gc,marking   ] GC(332) Concurrent Cleanup for Next Mark
[2020-09-30T09:18:08.172+0000][16584][gc,marking   ] GC(332) Concurrent Cleanup for Next Mark 1.682ms
[2020-09-30T09:18:08.172+0000][16584][gc           ] GC(332) Concurrent Cycle 278.720ms
[2020-09-30T09:18:08.175+0000][16584][gc,start     ] GC(333) Pause Young (Concurrent Start) (G1 Humongous Allocation)
[2020-09-30T09:18:08.175+0000][16584][gc,task      ] GC(333) Using 8 workers of 8 for evacuation
[2020-09-30T09:18:08.175+0000][16584][gc,age       ] GC(333) Desired survivor size 33554432 bytes, new threshold 15 (max threshold 15)
[2020-09-30T09:18:08.179+0000][16584][gc,age       ] GC(333) Age table with threshold 15 (max threshold 15)
[2020-09-30T09:18:08.179+0000][16584][gc,age       ] GC(333) - age   1:    3289760 bytes,    3289760 total
[2020-09-30T09:18:08.179+0000][16584][gc,age       ] GC(333) - age   2:      26856 bytes,    3316616 total
[2020-09-30T09:18:08.179+0000][16584][gc,age       ] GC(333) - age   3:       1512 bytes,    3318128 total
[2020-09-30T09:18:08.179+0000][16584][gc,age       ] GC(333) - age   4:      12064 bytes,    3330192 total
[2020-09-30T09:18:08.179+0000][16584][gc,age       ] GC(333) - age   5:     101664 bytes,    3431856 total
[2020-09-30T09:18:08.179+0000][16584][gc,age       ] GC(333) - age   6:       3080 bytes,    3434936 total
[2020-09-30T09:18:08.179+0000][16584][gc,age       ] GC(333) - age   7:       1280 bytes,    3436216 total
[2020-09-30T09:18:08.179+0000][16584][gc,age       ] GC(333) - age   8:      24560 bytes,    3460776 total
[2020-09-30T09:18:08.179+0000][16584][gc,age       ] GC(333) - age   9:       3368 bytes,    3464144 total
[2020-09-30T09:18:08.179+0000][16584][gc,age       ] GC(333) - age  10:      15696 bytes,    3479840 total
[2020-09-30T09:18:08.179+0000][16584][gc,age       ] GC(333) - age  11:       1608 bytes,    3481448 total
[2020-09-30T09:18:08.179+0000][16584][gc,age       ] GC(333) - age  12:        232 bytes,    3481680 total
[2020-09-30T09:18:08.179+0000][16584][gc,age       ] GC(333) - age  13:        912 bytes,    3482592 total
[2020-09-30T09:18:08.179+0000][16584][gc,age       ] GC(333) - age  14:        184 bytes,    3482776 total
[2020-09-30T09:18:08.179+0000][16584][gc,age       ] GC(333) - age  15:        968 bytes,    3483744 total
[2020-09-30T09:18:08.179+0000][16584][gc,phases    ] GC(333)   Pre Evacuate Collection Set: 0.4ms
[2020-09-30T09:18:08.179+0000][16584][gc,phases    ] GC(333)   Merge Heap Roots: 0.1ms
[2020-09-30T09:18:08.179+0000][16584][gc,phases    ] GC(333)   Evacuate Collection Set: 2.1ms
[2020-09-30T09:18:08.179+0000][16584][gc,phases    ] GC(333)   Post Evacuate Collection Set: 0.8ms
[2020-09-30T09:18:08.179+0000][16584][gc,phases    ] GC(333)   Other: 1.0ms
[2020-09-30T09:18:08.179+0000][16584][gc,heap      ] GC(333) Eden regions: 56->0(503)
[2020-09-30T09:18:08.179+0000][16584][gc,heap      ] GC(333) Survivor regions: 3->4(64)
[2020-09-30T09:18:08.179+0000][16584][gc,heap      ] GC(333) Old regions: 79->79
[2020-09-30T09:18:08.180+0000][16584][gc,heap      ] GC(333) Archive regions: 0->0
[2020-09-30T09:18:08.180+0000][16584][gc,heap      ] GC(333) Humongous regions: 298->174
[2020-09-30T09:18:08.180+0000][16584][gc,metaspace ] GC(333) Metaspace: 89121K(95104K)->89121K(95104K) NonClass: 77819K(81408K)->77819K(81408K) Class: 11302K(13696K)->11302K(13696K)
[2020-09-30T09:18:08.180+0000][16584][gc           ] GC(333) Pause Young (Concurrent Start) (G1 Humongous Allocation) 435M->256M(1024M) 4.585ms
[2020-09-30T09:18:08.180+0000][16584][gc,cpu       ] GC(333) User=0.00s Sys=0.00s Real=0.01s
[2020-09-30T09:18:08.180+0000][16584][safepoint    ] Safepoint "G1TryInitiateConcMark", Time since last: 4613400 ns, Reaching safepoint: 176200 ns, At safepoint: 4761000 ns, Total: 4937200 ns
[2020-09-30T09:18:08.180+0000][16584][gc           ] GC(334) Concurrent Cycle
[2020-09-30T09:18:08.180+0000][16584][gc,marking   ] GC(334) Concurrent Clear Claimed Marks
[2020-09-30T09:18:08.180+0000][16584][gc,marking   ] GC(334) Concurrent Clear Claimed Marks 0.397ms
[2020-09-30T09:18:08.180+0000][16584][gc,marking   ] GC(334) Concurrent Scan Root Regions
[2020-09-30T09:18:08.183+0000][16584][gc,marking   ] GC(334) Concurrent Scan Root Regions 2.738ms
[2020-09-30T09:18:08.183+0000][16584][gc,marking   ] GC(334) Concurrent Mark (182.040s)
[2020-09-30T09:18:08.183+0000][16584][gc,marking   ] GC(334) Concurrent Mark From Roots
[2020-09-30T09:18:08.183+0000][16584][gc,task      ] GC(334) Using 2 workers of 2 for marking
[2020-09-30T09:18:08.349+0000][16584][gc,marking   ] GC(334) Concurrent Mark From Roots 166.118ms
[2020-09-30T09:18:08.349+0000][16584][gc,marking   ] GC(334) Concurrent Preclean
[2020-09-30T09:18:08.350+0000][16584][gc,marking   ] GC(334) Concurrent Preclean 0.774ms
[2020-09-30T09:18:08.350+0000][16584][gc,marking   ] GC(334) Concurrent Mark (182.040s, 182.207s) 167.106ms
[2020-09-30T09:18:08.351+0000][16584][gc,start     ] GC(334) Pause Remark
[2020-09-30T09:18:08.357+0000][16584][gc           ] GC(334) Pause Remark 474M->474M(1024M) 6.807ms
[2020-09-30T09:18:08.358+0000][16584][gc,cpu       ] GC(334) User=0.00s Sys=0.02s Real=0.01s
[2020-09-30T09:18:08.358+0000][16584][safepoint    ] Safepoint "G1Concurrent", Time since last: 170644800 ns, Reaching safepoint: 173100 ns, At safepoint: 7114300 ns, Total: 7287400 ns
[2020-09-30T09:18:08.358+0000][16584][gc,marking   ] GC(334) Concurrent Rebuild Remembered Sets
[2020-09-30T09:18:08.450+0000][16584][gc,marking   ] GC(334) Concurrent Rebuild Remembered Sets 92.508ms
[2020-09-30T09:18:08.450+0000][16584][gc,start     ] GC(334) Pause Cleanup
[2020-09-30T09:18:08.450+0000][16584][gc           ] GC(334) Pause Cleanup 478M->478M(1024M) 0.357ms
[2020-09-30T09:18:08.451+0000][16584][gc,cpu       ] GC(334) User=0.02s Sys=0.00s Real=0.00s
[2020-09-30T09:18:08.451+0000][16584][safepoint    ] Safepoint "G1Concurrent", Time since last: 92733800 ns, Reaching safepoint: 174500 ns, At safepoint: 527200 ns, Total: 701700 ns
[2020-09-30T09:18:08.451+0000][16584][gc,marking   ] GC(334) Concurrent Cleanup for Next Mark
[2020-09-30T09:18:08.452+0000][16584][gc,marking   ] GC(334) Concurrent Cleanup for Next Mark 1.527ms
[2020-09-30T09:18:08.452+0000][16584][gc           ] GC(334) Concurrent Cycle 273.062ms
[2020-09-30T09:18:08.488+0000][16584][gc,start     ] GC(335) Pause Young (Concurrent Start) (G1 Humongous Allocation)
[2020-09-30T09:18:08.488+0000][16584][gc,task      ] GC(335) Using 8 workers of 8 for evacuation
[2020-09-30T09:18:08.488+0000][16584][gc,age       ] GC(335) Desired survivor size 33554432 bytes, new threshold 15 (max threshold 15)
[2020-09-30T09:18:08.492+0000][16584][gc,age       ] GC(335) Age table with threshold 15 (max threshold 15)
[2020-09-30T09:18:08.492+0000][16584][gc,age       ] GC(335) - age   1:    2737144 bytes,    2737144 total
[2020-09-30T09:18:08.492+0000][16584][gc,age       ] GC(335) - age   2:       2256 bytes,    2739400 total
[2020-09-30T09:18:08.492+0000][16584][gc,age       ] GC(335) - age   3:      14104 bytes,    2753504 total
[2020-09-30T09:18:08.492+0000][16584][gc,age       ] GC(335) - age   4:        840 bytes,    2754344 total
[2020-09-30T09:18:08.492+0000][16584][gc,age       ] GC(335) - age   5:       9784 bytes,    2764128 total
[2020-09-30T09:18:08.492+0000][16584][gc,age       ] GC(335) - age   6:     101416 bytes,    2865544 total
[2020-09-30T09:18:08.492+0000][16584][gc,age       ] GC(335) - age   7:        848 bytes,    2866392 total
[2020-09-30T09:18:08.492+0000][16584][gc,age       ] GC(335) - age   8:        872 bytes,    2867264 total
[2020-09-30T09:18:08.492+0000][16584][gc,age       ] GC(335) - age   9:      24464 bytes,    2891728 total
[2020-09-30T09:18:08.492+0000][16584][gc,age       ] GC(335) - age  10:       3368 bytes,    2895096 total
[2020-09-30T09:18:08.492+0000][16584][gc,age       ] GC(335) - age  11:      15632 bytes,    2910728 total
[2020-09-30T09:18:08.492+0000][16584][gc,age       ] GC(335) - age  12:       1608 bytes,    2912336 total
[2020-09-30T09:18:08.492+0000][16584][gc,age       ] GC(335) - age  13:        232 bytes,    2912568 total
[2020-09-30T09:18:08.492+0000][16584][gc,age       ] GC(335) - age  14:        912 bytes,    2913480 total
[2020-09-30T09:18:08.493+0000][16584][gc,age       ] GC(335) - age  15:        184 bytes,    2913664 total
[2020-09-30T09:18:08.493+0000][16584][gc,phases    ] GC(335)   Pre Evacuate Collection Set: 0.5ms
[2020-09-30T09:18:08.493+0000][16584][gc,phases    ] GC(335)   Merge Heap Roots: 0.1ms
[2020-09-30T09:18:08.493+0000][16584][gc,phases    ] GC(335)   Evacuate Collection Set: 1.9ms
[2020-09-30T09:18:08.493+0000][16584][gc,phases    ] GC(335)   Post Evacuate Collection Set: 0.9ms
[2020-09-30T09:18:08.493+0000][16584][gc,phases    ] GC(335)   Other: 0.9ms
[2020-09-30T09:18:08.493+0000][16584][gc,heap      ] GC(335) Eden regions: 57->0(504)
[2020-09-30T09:18:08.493+0000][16584][gc,heap      ] GC(335) Survivor regions: 4->3(64)
[2020-09-30T09:18:08.493+0000][16584][gc,heap      ] GC(335) Old regions: 79->79
[2020-09-30T09:18:08.493+0000][16584][gc,heap      ] GC(335) Archive regions: 0->0
[2020-09-30T09:18:08.493+0000][16584][gc,heap      ] GC(335) Humongous regions: 345->174
[2020-09-30T09:18:08.493+0000][16584][gc,metaspace ] GC(335) Metaspace: 89127K(95104K)->89127K(95104K) NonClass: 77824K(81408K)->77824K(81408K) Class: 11303K(13696K)->11303K(13696K)
[2020-09-30T09:18:08.493+0000][16584][gc           ] GC(335) Pause Young (Concurrent Start) (G1 Humongous Allocation) 483M->255M(1024M) 4.613ms
[2020-09-30T09:18:08.493+0000][16584][gc,cpu       ] GC(335) User=0.00s Sys=0.00s Real=0.01s
[2020-09-30T09:18:08.493+0000][16584][gc           ] GC(336) Concurrent Cycle
[2020-09-30T09:18:08.493+0000][16584][safepoint    ] Safepoint "G1TryInitiateConcMark", Time since last: 37543800 ns, Reaching safepoint: 180100 ns, At safepoint: 4798300 ns, Total: 4978400 ns
[2020-09-30T09:18:08.493+0000][16584][gc,marking   ] GC(336) Concurrent Clear Claimed Marks
[2020-09-30T09:18:08.494+0000][16584][gc,marking   ] GC(336) Concurrent Clear Claimed Marks 0.633ms
[2020-09-30T09:18:08.494+0000][16584][gc,marking   ] GC(336) Concurrent Scan Root Regions
[2020-09-30T09:18:08.496+0000][16584][gc,marking   ] GC(336) Concurrent Scan Root Regions 2.237ms
[2020-09-30T09:18:08.496+0000][16584][gc,marking   ] GC(336) Concurrent Mark (182.354s)
[2020-09-30T09:18:08.497+0000][16584][gc,marking   ] GC(336) Concurrent Mark From Roots
[2020-09-30T09:18:08.497+0000][16584][gc,task      ] GC(336) Using 2 workers of 2 for marking
[2020-09-30T09:18:08.658+0000][16584][gc,marking   ] GC(336) Concurrent Mark From Roots 160.918ms
[2020-09-30T09:18:08.658+0000][16584][gc,marking   ] GC(336) Concurrent Preclean
[2020-09-30T09:18:08.658+0000][16584][gc,marking   ] GC(336) Concurrent Preclean 0.624ms
[2020-09-30T09:18:08.658+0000][16584][gc,marking   ] GC(336) Concurrent Mark (182.354s, 182.516s) 161.778ms
[2020-09-30T09:18:08.659+0000][16584][gc,start     ] GC(336) Pause Remark
[2020-09-30T09:18:08.665+0000][16584][gc           ] GC(336) Pause Remark 412M->412M(1024M) 6.601ms
[2020-09-30T09:18:08.666+0000][16584][gc,cpu       ] GC(336) User=0.00s Sys=0.00s Real=0.01s
[2020-09-30T09:18:08.666+0000][16584][safepoint    ] Safepoint "G1Concurrent", Time since last: 165212500 ns, Reaching safepoint: 187300 ns, At safepoint: 7105000 ns, Total: 7292300 ns
[2020-09-30T09:18:08.666+0000][16584][gc,marking   ] GC(336) Concurrent Rebuild Remembered Sets
[2020-09-30T09:18:08.766+0000][16584][gc,marking   ] GC(336) Concurrent Rebuild Remembered Sets 99.597ms
[2020-09-30T09:18:08.766+0000][16584][gc,start     ] GC(336) Pause Cleanup
[2020-09-30T09:18:08.767+0000][16584][gc           ] GC(336) Pause Cleanup 499M->499M(1024M) 0.628ms
[2020-09-30T09:18:08.767+0000][16584][gc,cpu       ] GC(336) User=0.00s Sys=0.00s Real=0.00s
[2020-09-30T09:18:08.767+0000][16584][safepoint    ] Safepoint "G1Concurrent", Time since last: 100122200 ns, Reaching safepoint: 198800 ns, At safepoint: 896800 ns, Total: 1095600 ns
[2020-09-30T09:18:08.767+0000][16584][gc,marking   ] GC(336) Concurrent Cleanup for Next Mark
[2020-09-30T09:18:08.769+0000][16584][gc,marking   ] GC(336) Concurrent Cleanup for Next Mark 1.852ms
[2020-09-30T09:18:08.769+0000][16584][gc           ] GC(336) Concurrent Cycle 275.867ms
[2020-09-30T09:18:08.839+0000][16584][gc,start     ] GC(337) Pause Young (Concurrent Start) (G1 Humongous Allocation)
[2020-09-30T09:18:08.840+0000][16584][gc,task      ] GC(337) Using 8 workers of 8 for evacuation
[2020-09-30T09:18:08.840+0000][16584][gc,age       ] GC(337) Desired survivor size 33554432 bytes, new threshold 15 (max threshold 15)
[2020-09-30T09:18:08.844+0000][16584][gc,age       ] GC(337) Age table with threshold 15 (max threshold 15)
[2020-09-30T09:18:08.844+0000][16584][gc,age       ] GC(337) - age   1:    3415640 bytes,    3415640 total
[2020-09-30T09:18:08.844+0000][16584][gc,age       ] GC(337) - age   2:      21200 bytes,    3436840 total
[2020-09-30T09:18:08.844+0000][16584][gc,age       ] GC(337) - age   3:       1016 bytes,    3437856 total
[2020-09-30T09:18:08.844+0000][16584][gc,age       ] GC(337) - age   4:      12352 bytes,    3450208 total
[2020-09-30T09:18:08.844+0000][16584][gc,age       ] GC(337) - age   5:        840 bytes,    3451048 total
[2020-09-30T09:18:08.844+0000][16584][gc,age       ] GC(337) - age   6:       9784 bytes,    3460832 total
[2020-09-30T09:18:08.844+0000][16584][gc,age       ] GC(337) - age   7:     101352 bytes,    3562184 total
[2020-09-30T09:18:08.845+0000][16584][gc,age       ] GC(337) - age   8:        848 bytes,    3563032 total
[2020-09-30T09:18:08.845+0000][16584][gc,age       ] GC(337) - age   9:        712 bytes,    3563744 total
[2020-09-30T09:18:08.845+0000][16584][gc,age       ] GC(337) - age  10:      24432 bytes,    3588176 total
[2020-09-30T09:18:08.845+0000][16584][gc,age       ] GC(337) - age  11:       3368 bytes,    3591544 total
[2020-09-30T09:18:08.845+0000][16584][gc,age       ] GC(337) - age  12:      15632 bytes,    3607176 total
[2020-09-30T09:18:08.845+0000][16584][gc,age       ] GC(337) - age  13:       1608 bytes,    3608784 total
[2020-09-30T09:18:08.845+0000][16584][gc,age       ] GC(337) - age  14:        232 bytes,    3609016 total
[2020-09-30T09:18:08.845+0000][16584][gc,age       ] GC(337) - age  15:        848 bytes,    3609864 total
[2020-09-30T09:18:08.845+0000][16584][gc,phases    ] GC(337)   Pre Evacuate Collection Set: 0.6ms
[2020-09-30T09:18:08.845+0000][16584][gc,phases    ] GC(337)   Merge Heap Roots: 0.2ms
[2020-09-30T09:18:08.845+0000][16584][gc,phases    ] GC(337)   Evacuate Collection Set: 2.6ms
[2020-09-30T09:18:08.845+0000][16584][gc,phases    ] GC(337)   Post Evacuate Collection Set: 1.0ms
[2020-09-30T09:18:08.845+0000][16584][gc,phases    ] GC(337)   Other: 1.2ms
[2020-09-30T09:18:08.845+0000][16584][gc,heap      ] GC(337) Eden regions: 74->0(503)
[2020-09-30T09:18:08.845+0000][16584][gc,heap      ] GC(337) Survivor regions: 3->4(64)
[2020-09-30T09:18:08.845+0000][16584][gc,heap      ] GC(337) Old regions: 79->79
[2020-09-30T09:18:08.845+0000][16584][gc,heap      ] GC(337) Archive regions: 0->0
[2020-09-30T09:18:08.845+0000][16584][gc,heap      ] GC(337) Humongous regions: 355->174
[2020-09-30T09:18:08.845+0000][16584][gc,metaspace ] GC(337) Metaspace: 89127K(95104K)->89127K(95104K) NonClass: 77824K(81408K)->77824K(81408K) Class: 11303K(13696K)->11303K(13696K)
[2020-09-30T09:18:08.845+0000][16584][gc           ] GC(337) Pause Young (Concurrent Start) (G1 Humongous Allocation) 510M->256M(1024M) 5.949ms
[2020-09-30T09:18:08.845+0000][16584][gc,cpu       ] GC(337) User=0.11s Sys=0.00s Real=0.01s
[2020-09-30T09:18:08.846+0000][16584][gc           ] GC(338) Concurrent Cycle
[2020-09-30T09:18:08.846+0000][16584][safepoint    ] Safepoint "G1TryInitiateConcMark", Time since last: 71837700 ns, Reaching safepoint: 244500 ns, At safepoint: 6198200 ns, Total: 6442700 ns
[2020-09-30T09:18:08.846+0000][16584][gc,marking   ] GC(338) Concurrent Clear Claimed Marks
[2020-09-30T09:18:08.846+0000][16584][gc,marking   ] GC(338) Concurrent Clear Claimed Marks 0.528ms
[2020-09-30T09:18:08.846+0000][16584][gc,marking   ] GC(338) Concurrent Scan Root Regions
[2020-09-30T09:18:08.849+0000][16584][gc,marking   ] GC(338) Concurrent Scan Root Regions 2.917ms
[2020-09-30T09:18:08.849+0000][16584][gc,marking   ] GC(338) Concurrent Mark (182.706s)
[2020-09-30T09:18:08.849+0000][16584][gc,marking   ] GC(338) Concurrent Mark From Roots
[2020-09-30T09:18:08.849+0000][16584][gc,task      ] GC(338) Using 2 workers of 2 for marking
[2020-09-30T09:18:09.020+0000][16584][gc,marking   ] GC(338) Concurrent Mark From Roots 170.616ms
[2020-09-30T09:18:09.020+0000][16584][gc,marking   ] GC(338) Concurrent Preclean
[2020-09-30T09:18:09.021+0000][16584][gc,marking   ] GC(338) Concurrent Preclean 0.656ms
[2020-09-30T09:18:09.021+0000][16584][gc,marking   ] GC(338) Concurrent Mark (182.706s, 182.878s) 171.517ms
[2020-09-30T09:18:09.021+0000][16584][gc,start     ] GC(338) Pause Remark
[2020-09-30T09:18:09.028+0000][16584][gc           ] GC(338) Pause Remark 329M->329M(1024M) 6.589ms
[2020-09-30T09:18:09.028+0000][16584][gc,cpu       ] GC(338) User=0.00s Sys=0.00s Real=0.01s
[2020-09-30T09:18:09.028+0000][16584][safepoint    ] Safepoint "G1Concurrent", Time since last: 175379100 ns, Reaching safepoint: 207400 ns, At safepoint: 6971900 ns, Total: 7179300 ns
[2020-09-30T09:18:09.028+0000][16584][gc,marking   ] GC(338) Concurrent Rebuild Remembered Sets
[2020-09-30T09:18:09.131+0000][16584][gc,marking   ] GC(338) Concurrent Rebuild Remembered Sets 102.676ms
[2020-09-30T09:18:09.131+0000][16584][gc,start     ] GC(338) Pause Cleanup
[2020-09-30T09:18:09.132+0000][16584][gc           ] GC(338) Pause Cleanup 333M->333M(1024M) 0.459ms
[2020-09-30T09:18:09.132+0000][16584][gc,cpu       ] GC(338) User=0.00s Sys=0.00s Real=0.00s
[2020-09-30T09:18:09.133+0000][16584][safepoint    ] Safepoint "G1Concurrent", Time since last: 102988000 ns, Reaching safepoint: 184500 ns, At safepoint: 1363200 ns, Total: 1547700 ns
[2020-09-30T09:18:09.133+0000][16584][gc,marking   ] GC(338) Concurrent Cleanup for Next Mark
[2020-09-30T09:18:09.135+0000][16584][gc,marking   ] GC(338) Concurrent Cleanup for Next Mark 2.009ms
[2020-09-30T09:18:09.135+0000][16584][gc           ] GC(338) Concurrent Cycle 289.413ms
[2020-09-30T09:18:09.394+0000][16584][gc,start     ] GC(339) Pause Young (Concurrent Start) (G1 Humongous Allocation)
[2020-09-30T09:18:09.394+0000][16584][gc,task      ] GC(339) Using 8 workers of 8 for evacuation
[2020-09-30T09:18:09.394+0000][16584][gc,age       ] GC(339) Desired survivor size 33554432 bytes, new threshold 15 (max threshold 15)
[2020-09-30T09:18:09.398+0000][16584][gc,age       ] GC(339) Age table with threshold 15 (max threshold 15)
[2020-09-30T09:18:09.398+0000][16584][gc,age       ] GC(339) - age   1:    2722160 bytes,    2722160 total
[2020-09-30T09:18:09.398+0000][16584][gc,age       ] GC(339) - age   2:       4688 bytes,    2726848 total
[2020-09-30T09:18:09.398+0000][16584][gc,age       ] GC(339) - age   3:      18088 bytes,    2744936 total
[2020-09-30T09:18:09.398+0000][16584][gc,age       ] GC(339) - age   4:        952 bytes,    2745888 total
[2020-09-30T09:18:09.398+0000][16584][gc,age       ] GC(339) - age   5:      12136 bytes,    2758024 total
[2020-09-30T09:18:09.398+0000][16584][gc,age       ] GC(339) - age   6:        808 bytes,    2758832 total
[2020-09-30T09:18:09.398+0000][16584][gc,age       ] GC(339) - age   7:       9784 bytes,    2768616 total
[2020-09-30T09:18:09.398+0000][16584][gc,age       ] GC(339) - age   8:     101352 bytes,    2869968 total
[2020-09-30T09:18:09.398+0000][16584][gc,age       ] GC(339) - age   9:        848 bytes,    2870816 total
[2020-09-30T09:18:09.398+0000][16584][gc,age       ] GC(339) - age  10:        712 bytes,    2871528 total
[2020-09-30T09:18:09.398+0000][16584][gc,age       ] GC(339) - age  11:      24432 bytes,    2895960 total
[2020-09-30T09:18:09.398+0000][16584][gc,age       ] GC(339) - age  12:       3368 bytes,    2899328 total
[2020-09-30T09:18:09.398+0000][16584][gc,age       ] GC(339) - age  13:      15632 bytes,    2914960 total
[2020-09-30T09:18:09.398+0000][16584][gc,age       ] GC(339) - age  14:       1272 bytes,    2916232 total
[2020-09-30T09:18:09.398+0000][16584][gc,age       ] GC(339) - age  15:        232 bytes,    2916464 total
[2020-09-30T09:18:09.399+0000][16584][gc,phases    ] GC(339)   Pre Evacuate Collection Set: 0.5ms
[2020-09-30T09:18:09.399+0000][16584][gc,phases    ] GC(339)   Merge Heap Roots: 0.1ms
[2020-09-30T09:18:09.399+0000][16584][gc,phases    ] GC(339)   Evacuate Collection Set: 2.1ms
[2020-09-30T09:18:09.399+0000][16584][gc,phases    ] GC(339)   Post Evacuate Collection Set: 0.7ms
[2020-09-30T09:18:09.399+0000][16584][gc,phases    ] GC(339)   Other: 0.9ms
[2020-09-30T09:18:09.399+0000][16584][gc,heap      ] GC(339) Eden regions: 36->0(504)
[2020-09-30T09:18:09.399+0000][16584][gc,heap      ] GC(339) Survivor regions: 4->3(64)
[2020-09-30T09:18:09.399+0000][16584][gc,heap      ] GC(339) Old regions: 79->79
[2020-09-30T09:18:09.399+0000][16584][gc,heap      ] GC(339) Archive regions: 0->0
[2020-09-30T09:18:09.399+0000][16584][gc,heap      ] GC(339) Humongous regions: 231->174
[2020-09-30T09:18:09.399+0000][16584][gc,metaspace ] GC(339) Metaspace: 89174K(95104K)->89174K(95104K) NonClass: 77871K(81408K)->77871K(81408K) Class: 11303K(13696K)->11303K(13696K)
[2020-09-30T09:18:09.399+0000][16584][gc           ] GC(339) Pause Young (Concurrent Start) (G1 Humongous Allocation) 348M->255M(1024M) 4.803ms
[2020-09-30T09:18:09.399+0000][16584][gc,cpu       ] GC(339) User=0.00s Sys=0.00s Real=0.00s
[2020-09-30T09:18:09.399+0000][16584][gc           ] GC(340) Concurrent Cycle
[2020-09-30T09:18:09.399+0000][16584][safepoint    ] Safepoint "G1TryInitiateConcMark", Time since last: 261580700 ns, Reaching safepoint: 147700 ns, At safepoint: 5003100 ns, Total: 5150800 ns
[2020-09-30T09:18:09.399+0000][16584][gc,marking   ] GC(340) Concurrent Clear Claimed Marks
[2020-09-30T09:18:09.400+0000][16584][gc,marking   ] GC(340) Concurrent Clear Claimed Marks 0.593ms
[2020-09-30T09:18:09.400+0000][16584][gc,marking   ] GC(340) Concurrent Scan Root Regions
[2020-09-30T09:18:09.402+0000][16584][gc,marking   ] GC(340) Concurrent Scan Root Regions 2.176ms
[2020-09-30T09:18:09.402+0000][16584][gc,marking   ] GC(340) Concurrent Mark (183.260s)
[2020-09-30T09:18:09.402+0000][16584][gc,marking   ] GC(340) Concurrent Mark From Roots
[2020-09-30T09:18:09.402+0000][16584][gc,task      ] GC(340) Using 2 workers of 2 for marking
[2020-09-30T09:18:09.551+0000][16584][gc,marking   ] GC(340) Concurrent Mark From Roots 149.006ms
[2020-09-30T09:18:09.552+0000][16584][gc,marking   ] GC(340) Concurrent Preclean
[2020-09-30T09:18:09.552+0000][16584][gc,marking   ] GC(340) Concurrent Preclean 0.585ms
[2020-09-30T09:18:09.552+0000][16584][gc,marking   ] GC(340) Concurrent Mark (183.260s, 183.409s) 149.860ms
[2020-09-30T09:18:09.552+0000][16584][gc,start     ] GC(340) Pause Remark
[2020-09-30T09:18:09.559+0000][16584][gc           ] GC(340) Pause Remark 411M->411M(1024M) 6.107ms
[2020-09-30T09:18:09.559+0000][16584][gc,cpu       ] GC(340) User=0.00s Sys=0.00s Real=0.01s
[2020-09-30T09:18:09.559+0000][16584][safepoint    ] Safepoint "G1Concurrent", Time since last: 153005100 ns, Reaching safepoint: 167800 ns, At safepoint: 6310100 ns, Total: 6477900 ns
[2020-09-30T09:18:09.559+0000][16584][gc,marking   ] GC(340) Concurrent Rebuild Remembered Sets
[2020-09-30T09:18:09.648+0000][16584][gc,marking   ] GC(340) Concurrent Rebuild Remembered Sets 89.126ms
[2020-09-30T09:18:09.648+0000][16584][gc,start     ] GC(340) Pause Cleanup
[2020-09-30T09:18:09.649+0000][16584][gc           ] GC(340) Pause Cleanup 496M->496M(1024M) 0.556ms
[2020-09-30T09:18:09.649+0000][16584][gc,cpu       ] GC(340) User=0.00s Sys=0.00s Real=0.00s
[2020-09-30T09:18:09.649+0000][16584][safepoint    ] Safepoint "G1Concurrent", Time since last: 89326200 ns, Reaching safepoint: 163400 ns, At safepoint: 760600 ns, Total: 924000 ns
[2020-09-30T09:18:09.649+0000][16584][gc,marking   ] GC(340) Concurrent Cleanup for Next Mark
[2020-09-30T09:18:09.651+0000][16584][gc,marking   ] GC(340) Concurrent Cleanup for Next Mark 1.861ms
[2020-09-30T09:18:09.651+0000][16584][gc           ] GC(340) Concurrent Cycle 251.799ms
[2020-09-30T09:18:09.680+0000][16584][gc,start     ] GC(341) Pause Young (Concurrent Start) (G1 Humongous Allocation)
[2020-09-30T09:18:09.680+0000][16584][gc,task      ] GC(341) Using 8 workers of 8 for evacuation
[2020-09-30T09:18:09.680+0000][16584][gc,age       ] GC(341) Desired survivor size 33554432 bytes, new threshold 15 (max threshold 15)
[2020-09-30T09:18:09.686+0000][16584][gc,age       ] GC(341) Age table with threshold 15 (max threshold 15)
[2020-09-30T09:18:09.686+0000][16584][gc,age       ] GC(341) - age   1:    3405976 bytes,    3405976 total
[2020-09-30T09:18:09.686+0000][16584][gc,age       ] GC(341) - age   2:      11888 bytes,    3417864 total
[2020-09-30T09:18:09.686+0000][16584][gc,age       ] GC(341) - age   3:       3088 bytes,    3420952 total
[2020-09-30T09:18:09.686+0000][16584][gc,age       ] GC(341) - age   4:      17320 bytes,    3438272 total
[2020-09-30T09:18:09.686+0000][16584][gc,age       ] GC(341) - age   5:        504 bytes,    3438776 total
[2020-09-30T09:18:09.686+0000][16584][gc,age       ] GC(341) - age   6:       9184 bytes,    3447960 total
[2020-09-30T09:18:09.686+0000][16584][gc,age       ] GC(341) - age   7:        808 bytes,    3448768 total
[2020-09-30T09:18:09.686+0000][16584][gc,age       ] GC(341) - age   8:       9384 bytes,    3458152 total
[2020-09-30T09:18:09.686+0000][16584][gc,age       ] GC(341) - age   9:     101352 bytes,    3559504 total
[2020-09-30T09:18:09.687+0000][16584][gc,age       ] GC(341) - age  10:        848 bytes,    3560352 total
[2020-09-30T09:18:09.687+0000][16584][gc,age       ] GC(341) - age  11:        712 bytes,    3561064 total
[2020-09-30T09:18:09.687+0000][16584][gc,age       ] GC(341) - age  12:      24376 bytes,    3585440 total
[2020-09-30T09:18:09.687+0000][16584][gc,age       ] GC(341) - age  13:        912 bytes,    3586352 total
[2020-09-30T09:18:09.687+0000][16584][gc,age       ] GC(341) - age  14:      15560 bytes,    3601912 total
[2020-09-30T09:18:09.687+0000][16584][gc,age       ] GC(341) - age  15:       1272 bytes,    3603184 total
[2020-09-30T09:18:09.687+0000][16584][gc,phases    ] GC(341)   Pre Evacuate Collection Set: 0.4ms
[2020-09-30T09:18:09.687+0000][16584][gc,phases    ] GC(341)   Merge Heap Roots: 0.1ms
[2020-09-30T09:18:09.687+0000][16584][gc,phases    ] GC(341)   Evacuate Collection Set: 4.5ms
[2020-09-30T09:18:09.687+0000][16584][gc,phases    ] GC(341)   Post Evacuate Collection Set: 0.8ms
[2020-09-30T09:18:09.687+0000][16584][gc,phases    ] GC(341)   Other: 0.8ms
[2020-09-30T09:18:09.687+0000][16584][gc,heap      ] GC(341) Eden regions: 73->0(503)
[2020-09-30T09:18:09.687+0000][16584][gc,heap      ] GC(341) Survivor regions: 3->4(64)
[2020-09-30T09:18:09.687+0000][16584][gc,heap      ] GC(341) Old regions: 79->79
[2020-09-30T09:18:09.687+0000][16584][gc,heap      ] GC(341) Archive regions: 0->0
[2020-09-30T09:18:09.687+0000][16584][gc,heap      ] GC(341) Humongous regions: 355->174
[2020-09-30T09:18:09.687+0000][16584][gc,metaspace ] GC(341) Metaspace: 89174K(95104K)->89174K(95104K) NonClass: 77871K(81408K)->77871K(81408K) Class: 11303K(13696K)->11303K(13696K)
[2020-09-30T09:18:09.687+0000][16584][gc           ] GC(341) Pause Young (Concurrent Start) (G1 Humongous Allocation) 509M->256M(1024M) 6.949ms
[2020-09-30T09:18:09.687+0000][16584][gc,cpu       ] GC(341) User=0.02s Sys=0.00s Real=0.01s
[2020-09-30T09:18:09.687+0000][16584][gc           ] GC(342) Concurrent Cycle
[2020-09-30T09:18:09.687+0000][16584][safepoint    ] Safepoint "G1TryInitiateConcMark", Time since last: 30302800 ns, Reaching safepoint: 132800 ns, At safepoint: 7161500 ns, Total: 7294300 ns
[2020-09-30T09:18:09.687+0000][16584][gc,marking   ] GC(342) Concurrent Clear Claimed Marks
[2020-09-30T09:18:09.687+0000][16584][gc,marking   ] GC(342) Concurrent Clear Claimed Marks 0.527ms
[2020-09-30T09:18:09.687+0000][16584][gc,marking   ] GC(342) Concurrent Scan Root Regions
[2020-09-30T09:18:09.690+0000][16584][gc,marking   ] GC(342) Concurrent Scan Root Regions 2.863ms
[2020-09-30T09:18:09.690+0000][16584][gc,marking   ] GC(342) Concurrent Mark (183.547s)
[2020-09-30T09:18:09.690+0000][16584][gc,marking   ] GC(342) Concurrent Mark From Roots
[2020-09-30T09:18:09.690+0000][16584][gc,task      ] GC(342) Using 2 workers of 2 for marking
[2020-09-30T09:18:09.840+0000][16584][gc,marking   ] GC(342) Concurrent Mark From Roots 149.376ms
[2020-09-30T09:18:09.840+0000][16584][gc,marking   ] GC(342) Concurrent Preclean
[2020-09-30T09:18:09.840+0000][16584][gc,marking   ] GC(342) Concurrent Preclean 0.519ms
[2020-09-30T09:18:09.840+0000][16584][gc,marking   ] GC(342) Concurrent Mark (183.547s, 183.698s) 150.106ms
[2020-09-30T09:18:09.841+0000][16584][gc,start     ] GC(342) Pause Remark
[2020-09-30T09:18:09.848+0000][16584][gc           ] GC(342) Pause Remark 404M->404M(1024M) 7.563ms
[2020-09-30T09:18:09.848+0000][16584][gc,cpu       ] GC(342) User=0.02s Sys=0.00s Real=0.01s
[2020-09-30T09:18:09.850+0000][16584][safepoint    ] Safepoint "G1Concurrent", Time since last: 153890100 ns, Reaching safepoint: 317000 ns, At safepoint: 8978100 ns, Total: 9295100 ns
[2020-09-30T09:18:09.850+0000][16584][gc,marking   ] GC(342) Concurrent Rebuild Remembered Sets
[2020-09-30T09:18:09.955+0000][16584][gc,marking   ] GC(342) Concurrent Rebuild Remembered Sets 104.673ms
[2020-09-30T09:18:09.955+0000][16584][gc,start     ] GC(342) Pause Cleanup
[2020-09-30T09:18:09.955+0000][16584][gc           ] GC(342) Pause Cleanup 465M->465M(1024M) 0.311ms
[2020-09-30T09:18:09.955+0000][16584][gc,cpu       ] GC(342) User=0.00s Sys=0.00s Real=0.00s
[2020-09-30T09:18:09.955+0000][16584][safepoint    ] Safepoint "G1Concurrent", Time since last: 104924500 ns, Reaching safepoint: 163200 ns, At safepoint: 495300 ns, Total: 658500 ns
[2020-09-30T09:18:09.955+0000][16584][gc,marking   ] GC(342) Concurrent Cleanup for Next Mark
[2020-09-30T09:18:09.957+0000][16584][gc,marking   ] GC(342) Concurrent Cleanup for Next Mark 1.737ms
[2020-09-30T09:18:09.957+0000][16584][gc           ] GC(342) Concurrent Cycle 270.748ms
[2020-09-30T09:18:10.000+0000][16584][gc,start     ] GC(343) Pause Young (Concurrent Start) (G1 Humongous Allocation)
[2020-09-30T09:18:10.000+0000][16584][gc,task      ] GC(343) Using 8 workers of 8 for evacuation
[2020-09-30T09:18:10.000+0000][16584][gc,age       ] GC(343) Desired survivor size 33554432 bytes, new threshold 15 (max threshold 15)
[2020-09-30T09:18:10.004+0000][16584][gc,age       ] GC(343) Age table with threshold 15 (max threshold 15)
[2020-09-30T09:18:10.004+0000][16584][gc,age       ] GC(343) - age   1:    2954792 bytes,    2954792 total
[2020-09-30T09:18:10.004+0000][16584][gc,age       ] GC(343) - age   2:       2840 bytes,    2957632 total
[2020-09-30T09:18:10.004+0000][16584][gc,age       ] GC(343) - age   3:       8928 bytes,    2966560 total
[2020-09-30T09:18:10.004+0000][16584][gc,age       ] GC(343) - age   4:       1480 bytes,    2968040 total
[2020-09-30T09:18:10.004+0000][16584][gc,age       ] GC(343) - age   5:       8600 bytes,    2976640 total
[2020-09-30T09:18:10.004+0000][16584][gc,age       ] GC(343) - age   6:        504 bytes,    2977144 total
[2020-09-30T09:18:10.004+0000][16584][gc,age       ] GC(343) - age   7:       9024 bytes,    2986168 total
[2020-09-30T09:18:10.004+0000][16584][gc,age       ] GC(343) - age   8:        808 bytes,    2986976 total
[2020-09-30T09:18:10.004+0000][16584][gc,age       ] GC(343) - age   9:       6928 bytes,    2993904 total
[2020-09-30T09:18:10.004+0000][16584][gc,age       ] GC(343) - age  10:     101288 bytes,    3095192 total
[2020-09-30T09:18:10.004+0000][16584][gc,age       ] GC(343) - age  11:        848 bytes,    3096040 total
[2020-09-30T09:18:10.004+0000][16584][gc,age       ] GC(343) - age  12:        712 bytes,    3096752 total
[2020-09-30T09:18:10.004+0000][16584][gc,age       ] GC(343) - age  13:      24376 bytes,    3121128 total
[2020-09-30T09:18:10.004+0000][16584][gc,age       ] GC(343) - age  14:        912 bytes,    3122040 total
[2020-09-30T09:18:10.004+0000][16584][gc,age       ] GC(343) - age  15:      15560 bytes,    3137600 total
[2020-09-30T09:18:10.004+0000][16584][gc,phases    ] GC(343)   Pre Evacuate Collection Set: 0.5ms
[2020-09-30T09:18:10.004+0000][16584][gc,phases    ] GC(343)   Merge Heap Roots: 0.1ms
[2020-09-30T09:18:10.005+0000][16584][gc,phases    ] GC(343)   Evacuate Collection Set: 2.1ms
[2020-09-30T09:18:10.005+0000][16584][gc,phases    ] GC(343)   Post Evacuate Collection Set: 0.9ms
[2020-09-30T09:18:10.005+0000][16584][gc,phases    ] GC(343)   Other: 1.1ms
[2020-09-30T09:18:10.005+0000][16584][gc,heap      ] GC(343) Eden regions: 57->0(502)
[2020-09-30T09:18:10.005+0000][16584][gc,heap      ] GC(343) Survivor regions: 4->4(64)
[2020-09-30T09:18:10.005+0000][16584][gc,heap      ] GC(343) Old regions: 79->79
[2020-09-30T09:18:10.005+0000][16584][gc,heap      ] GC(343) Archive regions: 0->0
[2020-09-30T09:18:10.005+0000][16584][gc,heap      ] GC(343) Humongous regions: 340->174
[2020-09-30T09:18:10.005+0000][16584][gc,metaspace ] GC(343) Metaspace: 89174K(95104K)->89174K(95104K) NonClass: 77871K(81408K)->77871K(81408K) Class: 11303K(13696K)->11303K(13696K)
[2020-09-30T09:18:10.005+0000][16584][gc           ] GC(343) Pause Young (Concurrent Start) (G1 Humongous Allocation) 479M->255M(1024M) 5.145ms
[2020-09-30T09:18:10.005+0000][16584][gc,cpu       ] GC(343) User=0.00s Sys=0.00s Real=0.01s
[2020-09-30T09:18:10.005+0000][16584][safepoint    ] Safepoint "G1TryInitiateConcMark", Time since last: 44252000 ns, Reaching safepoint: 147500 ns, At safepoint: 5361100 ns, Total: 5508600 ns
[2020-09-30T09:18:10.005+0000][16584][gc           ] GC(344) Concurrent Cycle
[2020-09-30T09:18:10.005+0000][16584][gc,marking   ] GC(344) Concurrent Clear Claimed Marks
[2020-09-30T09:18:10.006+0000][16584][gc,marking   ] GC(344) Concurrent Clear Claimed Marks 0.364ms
[2020-09-30T09:18:10.006+0000][16584][gc,marking   ] GC(344) Concurrent Scan Root Regions
[2020-09-30T09:18:10.008+0000][16584][gc,marking   ] GC(344) Concurrent Scan Root Regions 2.491ms
[2020-09-30T09:18:10.008+0000][16584][gc,marking   ] GC(344) Concurrent Mark (183.865s)
[2020-09-30T09:18:10.008+0000][16584][gc,marking   ] GC(344) Concurrent Mark From Roots
[2020-09-30T09:18:10.008+0000][16584][gc,task      ] GC(344) Using 2 workers of 2 for marking
[2020-09-30T09:18:10.167+0000][16584][gc,marking   ] GC(344) Concurrent Mark From Roots 159.231ms
[2020-09-30T09:18:10.168+0000][16584][gc,marking   ] GC(344) Concurrent Preclean
[2020-09-30T09:18:10.168+0000][16584][gc,marking   ] GC(344) Concurrent Preclean 0.533ms
[2020-09-30T09:18:10.168+0000][16584][gc,marking   ] GC(344) Concurrent Mark (183.865s, 184.025s) 159.961ms
[2020-09-30T09:18:10.168+0000][16584][gc,start     ] GC(344) Pause Remark
[2020-09-30T09:18:10.176+0000][16584][gc           ] GC(344) Pause Remark 336M->336M(1024M) 7.099ms
[2020-09-30T09:18:10.176+0000][16584][gc,cpu       ] GC(344) User=0.02s Sys=0.00s Real=0.01s
[2020-09-30T09:18:10.176+0000][16584][safepoint    ] Safepoint "G1Concurrent", Time since last: 163205200 ns, Reaching safepoint: 175700 ns, At safepoint: 7379600 ns, Total: 7555300 ns
[2020-09-30T09:18:10.176+0000][16584][gc,marking   ] GC(344) Concurrent Rebuild Remembered Sets
[2020-09-30T09:18:10.274+0000][16584][gc,marking   ] GC(344) Concurrent Rebuild Remembered Sets 98.325ms
[2020-09-30T09:18:10.274+0000][16584][gc,start     ] GC(344) Pause Cleanup
[2020-09-30T09:18:10.275+0000][16584][gc           ] GC(344) Pause Cleanup 344M->344M(1024M) 0.350ms
[2020-09-30T09:18:10.275+0000][16584][gc,cpu       ] GC(344) User=0.00s Sys=0.00s Real=0.00s
[2020-09-30T09:18:10.275+0000][16584][safepoint    ] Safepoint "G1Concurrent", Time since last: 98540700 ns, Reaching safepoint: 151800 ns, At safepoint: 591000 ns, Total: 742800 ns
[2020-09-30T09:18:10.275+0000][16584][gc,marking   ] GC(344) Concurrent Cleanup for Next Mark
[2020-09-30T09:18:10.277+0000][16584][gc,marking   ] GC(344) Concurrent Cleanup for Next Mark 1.650ms
[2020-09-30T09:18:10.277+0000][16584][gc           ] GC(344) Concurrent Cycle 271.930ms
[2020-09-30T09:18:10.313+0000][16584][gc,start     ] GC(345) Pause Young (Concurrent Start) (G1 Humongous Allocation)
[2020-09-30T09:18:10.313+0000][16584][gc,task      ] GC(345) Using 8 workers of 8 for evacuation
[2020-09-30T09:18:10.313+0000][16584][gc,age       ] GC(345) Desired survivor size 33554432 bytes, new threshold 15 (max threshold 15)
[2020-09-30T09:18:10.316+0000][16584][gc,age       ] GC(345) Age table with threshold 15 (max threshold 15)
[2020-09-30T09:18:10.316+0000][16584][gc,age       ] GC(345) - age   1:     637216 bytes,     637216 total
[2020-09-30T09:18:10.316+0000][16584][gc,age       ] GC(345) - age   2:      41464 bytes,     678680 total
[2020-09-30T09:18:10.316+0000][16584][gc,age       ] GC(345) - age   3:       2504 bytes,     681184 total
[2020-09-30T09:18:10.316+0000][16584][gc,age       ] GC(345) - age   4:       8640 bytes,     689824 total
[2020-09-30T09:18:10.316+0000][16584][gc,age       ] GC(345) - age   5:        968 bytes,     690792 total
[2020-09-30T09:18:10.316+0000][16584][gc,age       ] GC(345) - age   6:       8536 bytes,     699328 total
[2020-09-30T09:18:10.316+0000][16584][gc,age       ] GC(345) - age   7:        440 bytes,     699768 total
[2020-09-30T09:18:10.316+0000][16584][gc,age       ] GC(345) - age   8:       6448 bytes,     706216 total
[2020-09-30T09:18:10.316+0000][16584][gc,age       ] GC(345) - age   9:        712 bytes,     706928 total
[2020-09-30T09:18:10.317+0000][16584][gc,age       ] GC(345) - age  10:       6928 bytes,     713856 total
[2020-09-30T09:18:10.317+0000][16584][gc,age       ] GC(345) - age  11:     101224 bytes,     815080 total
[2020-09-30T09:18:10.317+0000][16584][gc,age       ] GC(345) - age  12:        848 bytes,     815928 total
[2020-09-30T09:18:10.317+0000][16584][gc,age       ] GC(345) - age  13:        584 bytes,     816512 total
[2020-09-30T09:18:10.317+0000][16584][gc,age       ] GC(345) - age  14:      24376 bytes,     840888 total
[2020-09-30T09:18:10.317+0000][16584][gc,age       ] GC(345) - age  15:        912 bytes,     841800 total
[2020-09-30T09:18:10.317+0000][16584][gc,phases    ] GC(345)   Pre Evacuate Collection Set: 0.4ms
[2020-09-30T09:18:10.317+0000][16584][gc,phases    ] GC(345)   Merge Heap Roots: 0.1ms
[2020-09-30T09:18:10.317+0000][16584][gc,phases    ] GC(345)   Evacuate Collection Set: 2.0ms
[2020-09-30T09:18:10.317+0000][16584][gc,phases    ] GC(345)   Post Evacuate Collection Set: 0.8ms
[2020-09-30T09:18:10.317+0000][16584][gc,phases    ] GC(345)   Other: 1.2ms
[2020-09-30T09:18:10.317+0000][16584][gc,heap      ] GC(345) Eden regions: 29->0(507)
[2020-09-30T09:18:10.317+0000][16584][gc,heap      ] GC(345) Survivor regions: 4->1(64)
[2020-09-30T09:18:10.317+0000][16584][gc,heap      ] GC(345) Old regions: 79->79
[2020-09-30T09:18:10.317+0000][16584][gc,heap      ] GC(345) Archive regions: 0->0
[2020-09-30T09:18:10.317+0000][16584][gc,heap      ] GC(345) Humongous regions: 236->174
[2020-09-30T09:18:10.317+0000][16584][gc,metaspace ] GC(345) Metaspace: 89174K(95104K)->89174K(95104K) NonClass: 77871K(81408K)->77871K(81408K) Class: 11303K(13696K)->11303K(13696K)
[2020-09-30T09:18:10.317+0000][16584][gc           ] GC(345) Pause Young (Concurrent Start) (G1 Humongous Allocation) 346M->253M(1024M) 4.841ms
[2020-09-30T09:18:10.318+0000][16584][gc,cpu       ] GC(345) User=0.00s Sys=0.00s Real=0.01s
[2020-09-30T09:18:10.318+0000][16584][gc           ] GC(346) Concurrent Cycle
[2020-09-30T09:18:10.318+0000][16584][safepoint    ] Safepoint "G1TryInitiateConcMark", Time since last: 36814100 ns, Reaching safepoint: 173700 ns, At safepoint: 5095800 ns, Total: 5269500 ns
[2020-09-30T09:18:10.318+0000][16584][gc,marking   ] GC(346) Concurrent Clear Claimed Marks
[2020-09-30T09:18:10.318+0000][16584][gc,marking   ] GC(346) Concurrent Clear Claimed Marks 0.473ms
[2020-09-30T09:18:10.318+0000][16584][gc,marking   ] GC(346) Concurrent Scan Root Regions
[2020-09-30T09:18:10.320+0000][16584][gc,marking   ] GC(346) Concurrent Scan Root Regions 1.847ms
[2020-09-30T09:18:10.320+0000][16584][gc,marking   ] GC(346) Concurrent Mark (184.177s)
[2020-09-30T09:18:10.320+0000][16584][gc,marking   ] GC(346) Concurrent Mark From Roots
[2020-09-30T09:18:10.320+0000][16584][gc,task      ] GC(346) Using 2 workers of 2 for marking
[2020-09-30T09:18:10.497+0000][16584][gc,marking   ] GC(346) Concurrent Mark From Roots 176.802ms
[2020-09-30T09:18:10.497+0000][16584][gc,marking   ] GC(346) Concurrent Preclean
[2020-09-30T09:18:10.498+0000][16584][gc,marking   ] GC(346) Concurrent Preclean 0.579ms
[2020-09-30T09:18:10.498+0000][16584][gc,marking   ] GC(346) Concurrent Mark (184.177s, 184.355s) 177.600ms
[2020-09-30T09:18:10.498+0000][16584][gc,start     ] GC(346) Pause Remark
[2020-09-30T09:18:10.505+0000][16584][gc           ] GC(346) Pause Remark 292M->292M(1024M) 7.024ms
[2020-09-30T09:18:10.505+0000][16584][gc,cpu       ] GC(346) User=0.08s Sys=0.00s Real=0.01s
[2020-09-30T09:18:10.505+0000][16584][safepoint    ] Safepoint "G1Concurrent", Time since last: 180194500 ns, Reaching safepoint: 151800 ns, At safepoint: 7300200 ns, Total: 7452000 ns
[2020-09-30T09:18:10.505+0000][16584][gc,marking   ] GC(346) Concurrent Rebuild Remembered Sets
[2020-09-30T09:18:10.597+0000][16584][gc,marking   ] GC(346) Concurrent Rebuild Remembered Sets 91.216ms
[2020-09-30T09:18:10.597+0000][16584][gc,start     ] GC(346) Pause Cleanup
[2020-09-30T09:18:10.597+0000][16584][gc           ] GC(346) Pause Cleanup 301M->301M(1024M) 0.373ms
[2020-09-30T09:18:10.597+0000][16584][gc,cpu       ] GC(346) User=0.00s Sys=0.00s Real=0.00s
[2020-09-30T09:18:10.597+0000][16584][safepoint    ] Safepoint "G1Concurrent", Time since last: 91433900 ns, Reaching safepoint: 145500 ns, At safepoint: 569700 ns, Total: 715200 ns
[2020-09-30T09:18:10.597+0000][16584][gc,marking   ] GC(346) Concurrent Cleanup for Next Mark
[2020-09-30T09:18:10.599+0000][16584][gc,marking   ] GC(346) Concurrent Cleanup for Next Mark 1.771ms
[2020-09-30T09:18:10.599+0000][16584][gc           ] GC(346) Concurrent Cycle 281.818ms
[2020-09-30T09:18:10.925+0000][16584][gc,start     ] GC(347) Pause Young (Concurrent Start) (G1 Humongous Allocation)
[2020-09-30T09:18:10.925+0000][16584][gc,task      ] GC(347) Using 8 workers of 8 for evacuation
[2020-09-30T09:18:10.925+0000][16584][gc,age       ] GC(347) Desired survivor size 33554432 bytes, new threshold 15 (max threshold 15)
[2020-09-30T09:18:10.929+0000][16584][gc,age       ] GC(347) Age table with threshold 15 (max threshold 15)
[2020-09-30T09:18:10.929+0000][16584][gc,age       ] GC(347) - age   1:     621520 bytes,     621520 total
[2020-09-30T09:18:10.929+0000][16584][gc,age       ] GC(347) - age   2:       8072 bytes,     629592 total
[2020-09-30T09:18:10.929+0000][16584][gc,age       ] GC(347) - age   3:      39312 bytes,     668904 total
[2020-09-30T09:18:10.929+0000][16584][gc,age       ] GC(347) - age   4:       1240 bytes,     670144 total
[2020-09-30T09:18:10.929+0000][16584][gc,age       ] GC(347) - age   5:       8384 bytes,     678528 total
[2020-09-30T09:18:10.929+0000][16584][gc,age       ] GC(347) - age   6:        744 bytes,     679272 total
[2020-09-30T09:18:10.929+0000][16584][gc,age       ] GC(347) - age   7:       8248 bytes,     687520 total
[2020-09-30T09:18:10.929+0000][16584][gc,age       ] GC(347) - age   8:        312 bytes,     687832 total
[2020-09-30T09:18:10.929+0000][16584][gc,age       ] GC(347) - age   9:       3880 bytes,     691712 total
[2020-09-30T09:18:10.929+0000][16584][gc,age       ] GC(347) - age  10:        640 bytes,     692352 total
[2020-09-30T09:18:10.929+0000][16584][gc,age       ] GC(347) - age  11:       6544 bytes,     698896 total
[2020-09-30T09:18:10.929+0000][16584][gc,age       ] GC(347) - age  12:     100904 bytes,     799800 total
[2020-09-30T09:18:10.929+0000][16584][gc,age       ] GC(347) - age  13:        848 bytes,     800648 total
[2020-09-30T09:18:10.929+0000][16584][gc,age       ] GC(347) - age  14:        520 bytes,     801168 total
[2020-09-30T09:18:10.929+0000][16584][gc,age       ] GC(347) - age  15:      24376 bytes,     825544 total
[2020-09-30T09:18:10.929+0000][16584][gc,phases    ] GC(347)   Pre Evacuate Collection Set: 0.5ms
[2020-09-30T09:18:10.929+0000][16584][gc,phases    ] GC(347)   Merge Heap Roots: 0.1ms
[2020-09-30T09:18:10.929+0000][16584][gc,phases    ] GC(347)   Evacuate Collection Set: 1.9ms
[2020-09-30T09:18:10.930+0000][16584][gc,phases    ] GC(347)   Post Evacuate Collection Set: 0.8ms
[2020-09-30T09:18:10.930+0000][16584][gc,phases    ] GC(347)   Other: 1.0ms
[2020-09-30T09:18:10.930+0000][16584][gc,heap      ] GC(347) Eden regions: 58->0(508)
[2020-09-30T09:18:10.930+0000][16584][gc,heap      ] GC(347) Survivor regions: 1->1(64)
[2020-09-30T09:18:10.930+0000][16584][gc,heap      ] GC(347) Old regions: 79->79
[2020-09-30T09:18:10.930+0000][16584][gc,heap      ] GC(347) Archive regions: 0->0
[2020-09-30T09:18:10.930+0000][16584][gc,heap      ] GC(347) Humongous regions: 228->174
[2020-09-30T09:18:10.930+0000][16584][gc,metaspace ] GC(347) Metaspace: 89193K(95104K)->89193K(95104K) NonClass: 77889K(81408K)->77889K(81408K) Class: 11304K(13696K)->11304K(13696K)
[2020-09-30T09:18:10.930+0000][16584][gc           ] GC(347) Pause Young (Concurrent Start) (G1 Humongous Allocation) 365M->253M(1024M) 4.616ms
[2020-09-30T09:18:10.930+0000][16584][gc,cpu       ] GC(347) User=0.00s Sys=0.00s Real=0.01s
[2020-09-30T09:18:10.930+0000][16584][safepoint    ] Safepoint "G1TryInitiateConcMark", Time since last: 328225200 ns, Reaching safepoint: 167600 ns, At safepoint: 4823300 ns, Total: 4990900 ns
[2020-09-30T09:18:10.930+0000][16584][gc           ] GC(348) Concurrent Cycle
[2020-09-30T09:18:10.930+0000][16584][gc,marking   ] GC(348) Concurrent Clear Claimed Marks
[2020-09-30T09:18:10.931+0000][16584][gc,marking   ] GC(348) Concurrent Clear Claimed Marks 0.490ms
[2020-09-30T09:18:10.931+0000][16584][gc,marking   ] GC(348) Concurrent Scan Root Regions
[2020-09-30T09:18:10.933+0000][16584][gc,marking   ] GC(348) Concurrent Scan Root Regions 2.074ms
[2020-09-30T09:18:10.933+0000][16584][gc,marking   ] GC(348) Concurrent Mark (184.790s)
[2020-09-30T09:18:10.933+0000][16584][gc,marking   ] GC(348) Concurrent Mark From Roots
[2020-09-30T09:18:10.933+0000][16584][gc,task      ] GC(348) Using 2 workers of 2 for marking
[2020-09-30T09:18:11.093+0000][16584][gc,marking   ] GC(348) Concurrent Mark From Roots 159.311ms
[2020-09-30T09:18:11.093+0000][16584][gc,marking   ] GC(348) Concurrent Preclean
[2020-09-30T09:18:11.094+0000][16584][gc,marking   ] GC(348) Concurrent Preclean 0.582ms
[2020-09-30T09:18:11.094+0000][16584][gc,marking   ] GC(348) Concurrent Mark (184.790s, 184.950s) 160.086ms
[2020-09-30T09:18:11.094+0000][16584][gc,start     ] GC(348) Pause Remark
[2020-09-30T09:18:11.101+0000][16584][gc           ] GC(348) Pause Remark 289M->289M(1024M) 7.373ms
[2020-09-30T09:18:11.102+0000][16584][gc,cpu       ] GC(348) User=0.00s Sys=0.00s Real=0.01s
[2020-09-30T09:18:11.102+0000][16584][safepoint    ] Safepoint "G1Concurrent", Time since last: 163025100 ns, Reaching safepoint: 129400 ns, At safepoint: 7827700 ns, Total: 7957100 ns
[2020-09-30T09:18:11.102+0000][16584][gc,marking   ] GC(348) Concurrent Rebuild Remembered Sets
[2020-09-30T09:18:11.194+0000][16584][gc,marking   ] GC(348) Concurrent Rebuild Remembered Sets 93.058ms
[2020-09-30T09:18:11.195+0000][16584][gc,start     ] GC(348) Pause Cleanup
[2020-09-30T09:18:11.195+0000][16584][gc           ] GC(348) Pause Cleanup 309M->309M(1024M) 0.317ms
[2020-09-30T09:18:11.195+0000][16584][gc,cpu       ] GC(348) User=0.00s Sys=0.00s Real=0.00s
[2020-09-30T09:18:11.195+0000][16584][safepoint    ] Safepoint "G1Concurrent", Time since last: 93247400 ns, Reaching safepoint: 155300 ns, At safepoint: 459200 ns, Total: 614500 ns
[2020-09-30T09:18:11.195+0000][16584][gc,marking   ] GC(348) Concurrent Cleanup for Next Mark
[2020-09-30T09:18:11.197+0000][16584][gc,marking   ] GC(348) Concurrent Cleanup for Next Mark 1.664ms
[2020-09-30T09:18:11.197+0000][16584][gc           ] GC(348) Concurrent Cycle 266.682ms
[2020-09-30T09:18:11.420+0000][16584][gc,start     ] GC(349) Pause Young (Concurrent Start) (G1 Humongous Allocation)
[2020-09-30T09:18:11.420+0000][16584][gc,task      ] GC(349) Using 8 workers of 8 for evacuation
[2020-09-30T09:18:11.420+0000][16584][gc,age       ] GC(349) Desired survivor size 33554432 bytes, new threshold 15 (max threshold 15)
[2020-09-30T09:18:11.424+0000][16584][gc,age       ] GC(349) Age table with threshold 15 (max threshold 15)
[2020-09-30T09:18:11.424+0000][16584][gc,age       ] GC(349) - age   1:     531808 bytes,     531808 total
[2020-09-30T09:18:11.424+0000][16584][gc,age       ] GC(349) - age   2:      31400 bytes,     563208 total
[2020-09-30T09:18:11.424+0000][16584][gc,age       ] GC(349) - age   3:       7208 bytes,     570416 total
[2020-09-30T09:18:11.424+0000][16584][gc,age       ] GC(349) - age   4:      36752 bytes,     607168 total
[2020-09-30T09:18:11.424+0000][16584][gc,age       ] GC(349) - age   5:       1080 bytes,     608248 total
[2020-09-30T09:18:11.424+0000][16584][gc,age       ] GC(349) - age   6:       8384 bytes,     616632 total
[2020-09-30T09:18:11.424+0000][16584][gc,age       ] GC(349) - age   7:        680 bytes,     617312 total
[2020-09-30T09:18:11.424+0000][16584][gc,age       ] GC(349) - age   8:       8184 bytes,     625496 total
[2020-09-30T09:18:11.424+0000][16584][gc,age       ] GC(349) - age   9:        248 bytes,     625744 total
[2020-09-30T09:18:11.424+0000][16584][gc,age       ] GC(349) - age  10:       3880 bytes,     629624 total
[2020-09-30T09:18:11.424+0000][16584][gc,age       ] GC(349) - age  11:        640 bytes,     630264 total
[2020-09-30T09:18:11.424+0000][16584][gc,age       ] GC(349) - age  12:       6544 bytes,     636808 total
[2020-09-30T09:18:11.424+0000][16584][gc,age       ] GC(349) - age  13:     100808 bytes,     737616 total
[2020-09-30T09:18:11.424+0000][16584][gc,age       ] GC(349) - age  14:        848 bytes,     738464 total
[2020-09-30T09:18:11.424+0000][16584][gc,age       ] GC(349) - age  15:        456 bytes,     738920 total
[2020-09-30T09:18:11.424+0000][16584][gc,phases    ] GC(349)   Pre Evacuate Collection Set: 0.4ms
[2020-09-30T09:18:11.424+0000][16584][gc,phases    ] GC(349)   Merge Heap Roots: 0.1ms
[2020-09-30T09:18:11.424+0000][16584][gc,phases    ] GC(349)   Evacuate Collection Set: 1.8ms
[2020-09-30T09:18:11.424+0000][16584][gc,phases    ] GC(349)   Post Evacuate Collection Set: 0.7ms
[2020-09-30T09:18:11.424+0000][16584][gc,phases    ] GC(349)   Other: 1.1ms
[2020-09-30T09:18:11.425+0000][16584][gc,heap      ] GC(349) Eden regions: 50->0(509)
[2020-09-30T09:18:11.425+0000][16584][gc,heap      ] GC(349) Survivor regions: 1->1(64)
[2020-09-30T09:18:11.425+0000][16584][gc,heap      ] GC(349) Old regions: 79->79
[2020-09-30T09:18:11.425+0000][16584][gc,heap      ] GC(349) Archive regions: 0->0
[2020-09-30T09:18:11.425+0000][16584][gc,heap      ] GC(349) Humongous regions: 228->174
[2020-09-30T09:18:11.425+0000][16584][gc,metaspace ] GC(349) Metaspace: 89206K(95104K)->89206K(95104K) NonClass: 77900K(81408K)->77900K(81408K) Class: 11305K(13696K)->11305K(13696K)
[2020-09-30T09:18:11.425+0000][16584][gc           ] GC(349) Pause Young (Concurrent Start) (G1 Humongous Allocation) 357M->253M(1024M) 4.470ms
[2020-09-30T09:18:11.425+0000][16584][gc,cpu       ] GC(349) User=0.00s Sys=0.00s Real=0.00s
[2020-09-30T09:18:11.425+0000][16584][gc           ] GC(350) Concurrent Cycle
[2020-09-30T09:18:11.425+0000][16584][safepoint    ] Safepoint "G1TryInitiateConcMark", Time since last: 225015300 ns, Reaching safepoint: 148700 ns, At safepoint: 4667200 ns, Total: 4815900 ns
[2020-09-30T09:18:11.425+0000][16584][gc,marking   ] GC(350) Concurrent Clear Claimed Marks
[2020-09-30T09:18:11.425+0000][16584][gc,marking   ] GC(350) Concurrent Clear Claimed Marks 0.471ms
[2020-09-30T09:18:11.425+0000][16584][gc,marking   ] GC(350) Concurrent Scan Root Regions
[2020-09-30T09:18:11.427+0000][16584][gc,marking   ] GC(350) Concurrent Scan Root Regions 1.353ms
[2020-09-30T09:18:11.427+0000][16584][gc,marking   ] GC(350) Concurrent Mark (185.284s)
[2020-09-30T09:18:11.427+0000][16584][gc,marking   ] GC(350) Concurrent Mark From Roots
[2020-09-30T09:18:11.427+0000][16584][gc,task      ] GC(350) Using 2 workers of 2 for marking
[2020-09-30T09:18:11.575+0000][16584][gc,marking   ] GC(350) Concurrent Mark From Roots 148.213ms
[2020-09-30T09:18:11.575+0000][16584][gc,marking   ] GC(350) Concurrent Preclean
[2020-09-30T09:18:11.576+0000][16584][gc,marking   ] GC(350) Concurrent Preclean 0.578ms
[2020-09-30T09:18:11.576+0000][16584][gc,marking   ] GC(350) Concurrent Mark (185.284s, 185.433s) 148.982ms
[2020-09-30T09:18:11.576+0000][16584][gc,start     ] GC(350) Pause Remark
[2020-09-30T09:18:11.583+0000][16584][gc           ] GC(350) Pause Remark 286M->286M(1024M) 6.901ms
[2020-09-30T09:18:11.583+0000][16584][gc,cpu       ] GC(350) User=0.00s Sys=0.00s Real=0.01s
[2020-09-30T09:18:11.583+0000][16584][safepoint    ] Safepoint "G1Concurrent", Time since last: 151057200 ns, Reaching safepoint: 164600 ns, At safepoint: 7188300 ns, Total: 7352900 ns
[2020-09-30T09:18:11.583+0000][16584][gc,marking   ] GC(350) Concurrent Rebuild Remembered Sets
[2020-09-30T09:18:11.671+0000][16584][gc,marking   ] GC(350) Concurrent Rebuild Remembered Sets 88.045ms
[2020-09-30T09:18:11.671+0000][16584][gc,start     ] GC(350) Pause Cleanup
[2020-09-30T09:18:11.672+0000][16584][gc           ] GC(350) Pause Cleanup 305M->305M(1024M) 0.332ms
[2020-09-30T09:18:11.672+0000][16584][gc,cpu       ] GC(350) User=0.00s Sys=0.00s Real=0.00s
[2020-09-30T09:18:11.672+0000][16584][safepoint    ] Safepoint "G1Concurrent", Time since last: 88230100 ns, Reaching safepoint: 125900 ns, At safepoint: 541800 ns, Total: 667700 ns
[2020-09-30T09:18:11.672+0000][16584][gc,marking   ] GC(350) Concurrent Cleanup for Next Mark
[2020-09-30T09:18:11.674+0000][16584][gc,marking   ] GC(350) Concurrent Cleanup for Next Mark 1.488ms
[2020-09-30T09:18:11.674+0000][16584][gc           ] GC(350) Concurrent Cycle 248.968ms
[2020-09-30T09:18:11.869+0000][16584][gc,start     ] GC(351) Pause Young (Concurrent Start) (G1 Humongous Allocation)
[2020-09-30T09:18:11.869+0000][16584][gc,task      ] GC(351) Using 8 workers of 8 for evacuation
[2020-09-30T09:18:11.869+0000][16584][gc,age       ] GC(351) Desired survivor size 33554432 bytes, new threshold 15 (max threshold 15)
[2020-09-30T09:18:11.872+0000][16584][gc,age       ] GC(351) Age table with threshold 15 (max threshold 15)
[2020-09-30T09:18:11.873+0000][16584][gc,age       ] GC(351) - age   1:    2164448 bytes,    2164448 total
[2020-09-30T09:18:11.873+0000][16584][gc,age       ] GC(351) - age   2:       7712 bytes,    2172160 total
[2020-09-30T09:18:11.873+0000][16584][gc,age       ] GC(351) - age   3:      28736 bytes,    2200896 total
[2020-09-30T09:18:11.873+0000][16584][gc,age       ] GC(351) - age   4:       6872 bytes,    2207768 total
[2020-09-30T09:18:11.873+0000][16584][gc,age       ] GC(351) - age   5:      36328 bytes,    2244096 total
[2020-09-30T09:18:11.873+0000][16584][gc,age       ] GC(351) - age   6:        952 bytes,    2245048 total
[2020-09-30T09:18:11.873+0000][16584][gc,age       ] GC(351) - age   7:       8368 bytes,    2253416 total
[2020-09-30T09:18:11.873+0000][16584][gc,age       ] GC(351) - age   8:        616 bytes,    2254032 total
[2020-09-30T09:18:11.873+0000][16584][gc,age       ] GC(351) - age   9:       8184 bytes,    2262216 total
[2020-09-30T09:18:11.873+0000][16584][gc,age       ] GC(351) - age  10:        248 bytes,    2262464 total
[2020-09-30T09:18:11.873+0000][16584][gc,age       ] GC(351) - age  11:       3688 bytes,    2266152 total
[2020-09-30T09:18:11.873+0000][16584][gc,age       ] GC(351) - age  12:        640 bytes,    2266792 total
[2020-09-30T09:18:11.873+0000][16584][gc,age       ] GC(351) - age  13:       6544 bytes,    2273336 total
[2020-09-30T09:18:11.873+0000][16584][gc,age       ] GC(351) - age  14:     100648 bytes,    2373984 total
[2020-09-30T09:18:11.873+0000][16584][gc,age       ] GC(351) - age  15:        848 bytes,    2374832 total
[2020-09-30T09:18:11.873+0000][16584][gc,phases    ] GC(351)   Pre Evacuate Collection Set: 0.4ms
[2020-09-30T09:18:11.873+0000][16584][gc,phases    ] GC(351)   Merge Heap Roots: 0.1ms
[2020-09-30T09:18:11.873+0000][16584][gc,phases    ] GC(351)   Evacuate Collection Set: 2.0ms
[2020-09-30T09:18:11.873+0000][16584][gc,phases    ] GC(351)   Post Evacuate Collection Set: 0.7ms
[2020-09-30T09:18:11.873+0000][16584][gc,phases    ] GC(351)   Other: 1.0ms
[2020-09-30T09:18:11.873+0000][16584][gc,heap      ] GC(351) Eden regions: 45->0(506)
[2020-09-30T09:18:11.873+0000][16584][gc,heap      ] GC(351) Survivor regions: 1->3(64)
[2020-09-30T09:18:11.873+0000][16584][gc,heap      ] GC(351) Old regions: 79->79
[2020-09-30T09:18:11.873+0000][16584][gc,heap      ] GC(351) Archive regions: 0->0
[2020-09-30T09:18:11.873+0000][16584][gc,heap      ] GC(351) Humongous regions: 228->174
[2020-09-30T09:18:11.873+0000][16584][gc,metaspace ] GC(351) Metaspace: 89206K(95104K)->89206K(95104K) NonClass: 77900K(81408K)->77900K(81408K) Class: 11305K(13696K)->11305K(13696K)
[2020-09-30T09:18:11.874+0000][16584][gc           ] GC(351) Pause Young (Concurrent Start) (G1 Humongous Allocation) 352M->255M(1024M) 4.595ms
[2020-09-30T09:18:11.874+0000][16584][gc,cpu       ] GC(351) User=0.00s Sys=0.02s Real=0.01s
[2020-09-30T09:18:11.874+0000][16584][gc           ] GC(352) Concurrent Cycle
[2020-09-30T09:18:11.874+0000][16584][safepoint    ] Safepoint "G1TryInitiateConcMark", Time since last: 196674900 ns, Reaching safepoint: 222600 ns, At safepoint: 4787800 ns, Total: 5010400 ns
[2020-09-30T09:18:11.874+0000][16584][gc,marking   ] GC(352) Concurrent Clear Claimed Marks
[2020-09-30T09:18:11.874+0000][16584][gc,marking   ] GC(352) Concurrent Clear Claimed Marks 0.442ms
[2020-09-30T09:18:11.874+0000][16584][gc,marking   ] GC(352) Concurrent Scan Root Regions
[2020-09-30T09:18:11.877+0000][16584][gc,marking   ] GC(352) Concurrent Scan Root Regions 2.459ms
[2020-09-30T09:18:11.877+0000][16584][gc,marking   ] GC(352) Concurrent Mark (185.734s)
[2020-09-30T09:18:11.877+0000][16584][gc,marking   ] GC(352) Concurrent Mark From Roots
[2020-09-30T09:18:11.877+0000][16584][gc,task      ] GC(352) Using 2 workers of 2 for marking
[2020-09-30T09:18:12.056+0000][16584][gc,marking   ] GC(352) Concurrent Mark From Roots 178.866ms
[2020-09-30T09:18:12.056+0000][16584][gc,marking   ] GC(352) Concurrent Preclean
[2020-09-30T09:18:12.056+0000][16584][gc,marking   ] GC(352) Concurrent Preclean 0.600ms
[2020-09-30T09:18:12.057+0000][16584][gc,marking   ] GC(352) Concurrent Mark (185.734s, 185.914s) 179.677ms
[2020-09-30T09:18:12.057+0000][16584][gc,start     ] GC(352) Pause Remark
[2020-09-30T09:18:12.064+0000][16584][gc           ] GC(352) Pause Remark 314M->314M(1024M) 7.065ms
[2020-09-30T09:18:12.064+0000][16584][gc,cpu       ] GC(352) User=0.11s Sys=0.00s Real=0.01s
[2020-09-30T09:18:12.064+0000][16584][safepoint    ] Safepoint "G1Concurrent", Time since last: 182938100 ns, Reaching safepoint: 154200 ns, At safepoint: 7342000 ns, Total: 7496200 ns
[2020-09-30T09:18:12.064+0000][16584][gc,marking   ] GC(352) Concurrent Rebuild Remembered Sets
[2020-09-30T09:18:12.154+0000][16584][gc,marking   ] GC(352) Concurrent Rebuild Remembered Sets 89.389ms
[2020-09-30T09:18:12.154+0000][16584][gc,start     ] GC(352) Pause Cleanup
[2020-09-30T09:18:12.154+0000][16584][gc           ] GC(352) Pause Cleanup 314M->314M(1024M) 0.342ms
[2020-09-30T09:18:12.154+0000][16584][gc,cpu       ] GC(352) User=0.00s Sys=0.00s Real=0.00s
[2020-09-30T09:18:12.154+0000][16584][safepoint    ] Safepoint "G1Concurrent", Time since last: 89596300 ns, Reaching safepoint: 177500 ns, At safepoint: 548700 ns, Total: 726200 ns
[2020-09-30T09:18:12.155+0000][16584][gc,marking   ] GC(352) Concurrent Cleanup for Next Mark
[2020-09-30T09:18:12.156+0000][16584][gc,marking   ] GC(352) Concurrent Cleanup for Next Mark 1.810ms
[2020-09-30T09:18:12.157+0000][16584][gc           ] GC(352) Concurrent Cycle 282.881ms
[2020-09-30T09:18:12.260+0000][16584][gc,start     ] GC(353) Pause Young (Concurrent Start) (G1 Humongous Allocation)
[2020-09-30T09:18:12.260+0000][16584][gc,task      ] GC(353) Using 8 workers of 8 for evacuation
[2020-09-30T09:18:12.260+0000][16584][gc,age       ] GC(353) Desired survivor size 33554432 bytes, new threshold 15 (max threshold 15)
[2020-09-30T09:18:12.264+0000][16584][gc,age       ] GC(353) Age table with threshold 15 (max threshold 15)
[2020-09-30T09:18:12.264+0000][16584][gc,age       ] GC(353) - age   1:    2260688 bytes,    2260688 total
[2020-09-30T09:18:12.264+0000][16584][gc,age       ] GC(353) - age   2:      12176 bytes,    2272864 total
[2020-09-30T09:18:12.264+0000][16584][gc,age       ] GC(353) - age   3:       6984 bytes,    2279848 total
[2020-09-30T09:18:12.264+0000][16584][gc,age       ] GC(353) - age   4:      28608 bytes,    2308456 total
[2020-09-30T09:18:12.264+0000][16584][gc,age       ] GC(353) - age   5:       3248 bytes,    2311704 total
[2020-09-30T09:18:12.264+0000][16584][gc,age       ] GC(353) - age   6:      35936 bytes,    2347640 total
[2020-09-30T09:18:12.264+0000][16584][gc,age       ] GC(353) - age   7:        928 bytes,    2348568 total
[2020-09-30T09:18:12.264+0000][16584][gc,age       ] GC(353) - age   8:       8272 bytes,    2356840 total
[2020-09-30T09:18:12.264+0000][16584][gc,age       ] GC(353) - age   9:        616 bytes,    2357456 total
[2020-09-30T09:18:12.264+0000][16584][gc,age       ] GC(353) - age  10:       8184 bytes,    2365640 total
[2020-09-30T09:18:12.264+0000][16584][gc,age       ] GC(353) - age  11:        248 bytes,    2365888 total
[2020-09-30T09:18:12.264+0000][16584][gc,age       ] GC(353) - age  12:       3592 bytes,    2369480 total
[2020-09-30T09:18:12.264+0000][16584][gc,age       ] GC(353) - age  13:        640 bytes,    2370120 total
[2020-09-30T09:18:12.264+0000][16584][gc,age       ] GC(353) - age  14:       6544 bytes,    2376664 total
[2020-09-30T09:18:12.264+0000][16584][gc,age       ] GC(353) - age  15:     100648 bytes,    2477312 total
[2020-09-30T09:18:12.264+0000][16584][gc,phases    ] GC(353)   Pre Evacuate Collection Set: 0.4ms
[2020-09-30T09:18:12.264+0000][16584][gc,phases    ] GC(353)   Merge Heap Roots: 0.1ms
[2020-09-30T09:18:12.264+0000][16584][gc,phases    ] GC(353)   Evacuate Collection Set: 2.0ms
[2020-09-30T09:18:12.264+0000][16584][gc,phases    ] GC(353)   Post Evacuate Collection Set: 0.8ms
[2020-09-30T09:18:12.265+0000][16584][gc,phases    ] GC(353)   Other: 1.0ms
[2020-09-30T09:18:12.265+0000][16584][gc,heap      ] GC(353) Eden regions: 29->0(506)
[2020-09-30T09:18:12.265+0000][16584][gc,heap      ] GC(353) Survivor regions: 3->3(64)
[2020-09-30T09:18:12.265+0000][16584][gc,heap      ] GC(353) Old regions: 79->79
[2020-09-30T09:18:12.265+0000][16584][gc,heap      ] GC(353) Archive regions: 0->0
[2020-09-30T09:18:12.265+0000][16584][gc,heap      ] GC(353) Humongous regions: 228->174
[2020-09-30T09:18:12.265+0000][16584][gc,metaspace ] GC(353) Metaspace: 89206K(95104K)->89206K(95104K) NonClass: 77900K(81408K)->77900K(81408K) Class: 11305K(13696K)->11305K(13696K)
[2020-09-30T09:18:12.265+0000][16584][gc           ] GC(353) Pause Young (Concurrent Start) (G1 Humongous Allocation) 338M->255M(1024M) 5.018ms
[2020-09-30T09:18:12.265+0000][16584][gc,cpu       ] GC(353) User=0.02s Sys=0.00s Real=0.01s
[2020-09-30T09:18:12.265+0000][16584][gc           ] GC(354) Concurrent Cycle
[2020-09-30T09:18:12.265+0000][16584][safepoint    ] Safepoint "G1TryInitiateConcMark", Time since last: 105327300 ns, Reaching safepoint: 219700 ns, At safepoint: 5244400 ns, Total: 5464100 ns
[2020-09-30T09:18:12.265+0000][16584][gc,marking   ] GC(354) Concurrent Clear Claimed Marks
[2020-09-30T09:18:12.266+0000][16584][gc,marking   ] GC(354) Concurrent Clear Claimed Marks 0.643ms
[2020-09-30T09:18:12.266+0000][16584][gc,marking   ] GC(354) Concurrent Scan Root Regions
[2020-09-30T09:18:12.269+0000][16584][gc,marking   ] GC(354) Concurrent Scan Root Regions 2.517ms
[2020-09-30T09:18:12.269+0000][16584][gc,marking   ] GC(354) Concurrent Mark (186.126s)
[2020-09-30T09:18:12.269+0000][16584][gc,marking   ] GC(354) Concurrent Mark From Roots
[2020-09-30T09:18:12.269+0000][16584][gc,task      ] GC(354) Using 2 workers of 2 for marking
[2020-09-30T09:18:12.430+0000][16584][gc,marking   ] GC(354) Concurrent Mark From Roots 160.661ms
[2020-09-30T09:18:12.430+0000][16584][gc,marking   ] GC(354) Concurrent Preclean
[2020-09-30T09:18:12.430+0000][16584][gc,marking   ] GC(354) Concurrent Preclean 0.700ms
[2020-09-30T09:18:12.430+0000][16584][gc,marking   ] GC(354) Concurrent Mark (186.126s, 186.288s) 161.607ms
[2020-09-30T09:18:12.431+0000][16584][gc,start     ] GC(354) Pause Remark
[2020-09-30T09:18:12.439+0000][16584][gc           ] GC(354) Pause Remark 319M->319M(1024M) 8.258ms
[2020-09-30T09:18:12.439+0000][16584][gc,cpu       ] GC(354) User=0.11s Sys=0.00s Real=0.01s
[2020-09-30T09:18:12.439+0000][16584][safepoint    ] Safepoint "G1Concurrent", Time since last: 165104400 ns, Reaching safepoint: 158200 ns, At safepoint: 8655300 ns, Total: 8813500 ns
[2020-09-30T09:18:12.439+0000][16584][gc,marking   ] GC(354) Concurrent Rebuild Remembered Sets
[2020-09-30T09:18:12.534+0000][16584][gc,marking   ] GC(354) Concurrent Rebuild Remembered Sets 94.469ms
[2020-09-30T09:18:12.534+0000][16584][gc,start     ] GC(354) Pause Cleanup
[2020-09-30T09:18:12.534+0000][16584][gc           ] GC(354) Pause Cleanup 394M->394M(1024M) 0.333ms
[2020-09-30T09:18:12.534+0000][16584][gc,cpu       ] GC(354) User=0.00s Sys=0.00s Real=0.00s
[2020-09-30T09:18:12.534+0000][16584][safepoint    ] Safepoint "G1Concurrent", Time since last: 94664600 ns, Reaching safepoint: 179500 ns, At safepoint: 488100 ns, Total: 667600 ns
[2020-09-30T09:18:12.535+0000][16584][gc,marking   ] GC(354) Concurrent Cleanup for Next Mark
[2020-09-30T09:18:12.537+0000][16584][gc,marking   ] GC(354) Concurrent Cleanup for Next Mark 1.968ms
[2020-09-30T09:18:12.537+0000][16584][gc           ] GC(354) Concurrent Cycle 271.451ms
[2020-09-30T09:18:12.539+0000][16584][gc,start     ] GC(355) Pause Young (Concurrent Start) (G1 Humongous Allocation)
[2020-09-30T09:18:12.540+0000][16584][gc,task      ] GC(355) Using 8 workers of 8 for evacuation
[2020-09-30T09:18:12.540+0000][16584][gc,age       ] GC(355) Desired survivor size 33554432 bytes, new threshold 15 (max threshold 15)
[2020-09-30T09:18:12.543+0000][16584][gc,age       ] GC(355) Age table with threshold 15 (max threshold 15)
[2020-09-30T09:18:12.543+0000][16584][gc,age       ] GC(355) - age   1:    2920280 bytes,    2920280 total
[2020-09-30T09:18:12.543+0000][16584][gc,age       ] GC(355) - age   2:       4496 bytes,    2924776 total
[2020-09-30T09:18:12.543+0000][16584][gc,age       ] GC(355) - age   3:      11152 bytes,    2935928 total
[2020-09-30T09:18:12.543+0000][16584][gc,age       ] GC(355) - age   4:       6384 bytes,    2942312 total
[2020-09-30T09:18:12.543+0000][16584][gc,age       ] GC(355) - age   5:      28608 bytes,    2970920 total
[2020-09-30T09:18:12.543+0000][16584][gc,age       ] GC(355) - age   6:       2992 bytes,    2973912 total
[2020-09-30T09:18:12.543+0000][16584][gc,age       ] GC(355) - age   7:      35576 bytes,    3009488 total
[2020-09-30T09:18:12.543+0000][16584][gc,age       ] GC(355) - age   8:        896 bytes,    3010384 total
[2020-09-30T09:18:12.543+0000][16584][gc,age       ] GC(355) - age   9:       8240 bytes,    3018624 total
[2020-09-30T09:18:12.544+0000][16584][gc,age       ] GC(355) - age  10:        616 bytes,    3019240 total
[2020-09-30T09:18:12.544+0000][16584][gc,age       ] GC(355) - age  11:       8152 bytes,    3027392 total
[2020-09-30T09:18:12.544+0000][16584][gc,age       ] GC(355) - age  12:        248 bytes,    3027640 total
[2020-09-30T09:18:12.544+0000][16584][gc,age       ] GC(355) - age  13:       3592 bytes,    3031232 total
[2020-09-30T09:18:12.544+0000][16584][gc,age       ] GC(355) - age  14:        640 bytes,    3031872 total
[2020-09-30T09:18:12.544+0000][16584][gc,age       ] GC(355) - age  15:       6544 bytes,    3038416 total
[2020-09-30T09:18:12.544+0000][16584][gc,phases    ] GC(355)   Pre Evacuate Collection Set: 0.4ms
[2020-09-30T09:18:12.544+0000][16584][gc,phases    ] GC(355)   Merge Heap Roots: 0.1ms
[2020-09-30T09:18:12.544+0000][16584][gc,phases    ] GC(355)   Evacuate Collection Set: 2.1ms
[2020-09-30T09:18:12.544+0000][16584][gc,phases    ] GC(355)   Post Evacuate Collection Set: 0.8ms
[2020-09-30T09:18:12.544+0000][16584][gc,phases    ] GC(355)   Other: 0.9ms
[2020-09-30T09:18:12.544+0000][16584][gc,heap      ] GC(355) Eden regions: 46->0(505)
[2020-09-30T09:18:12.544+0000][16584][gc,heap      ] GC(355) Survivor regions: 3->3(64)
[2020-09-30T09:18:12.544+0000][16584][gc,heap      ] GC(355) Old regions: 79->79
[2020-09-30T09:18:12.544+0000][16584][gc,heap      ] GC(355) Archive regions: 0->0
[2020-09-30T09:18:12.544+0000][16584][gc,heap      ] GC(355) Humongous regions: 268->174
[2020-09-30T09:18:12.544+0000][16584][gc,metaspace ] GC(355) Metaspace: 89207K(95104K)->89207K(95104K) NonClass: 77902K(81408K)->77902K(81408K) Class: 11305K(13696K)->11305K(13696K)
[2020-09-30T09:18:12.544+0000][16584][gc           ] GC(355) Pause Young (Concurrent Start) (G1 Humongous Allocation) 395M->255M(1024M) 4.675ms
[2020-09-30T09:18:12.544+0000][16584][gc,cpu       ] GC(355) User=0.00s Sys=0.00s Real=0.00s
[2020-09-30T09:18:12.544+0000][16584][safepoint    ] Safepoint "G1TryInitiateConcMark", Time since last: 4772300 ns, Reaching safepoint: 148300 ns, At safepoint: 4879100 ns, Total: 5027400 ns
[2020-09-30T09:18:12.544+0000][16584][gc           ] GC(356) Concurrent Cycle
[2020-09-30T09:18:12.544+0000][16584][gc,marking   ] GC(356) Concurrent Clear Claimed Marks
[2020-09-30T09:18:12.545+0000][16584][gc,marking   ] GC(356) Concurrent Clear Claimed Marks 0.442ms
[2020-09-30T09:18:12.545+0000][16584][gc,marking   ] GC(356) Concurrent Scan Root Regions
[2020-09-30T09:18:12.547+0000][16584][gc,marking   ] GC(356) Concurrent Scan Root Regions 2.509ms
[2020-09-30T09:18:12.548+0000][16584][gc,marking   ] GC(356) Concurrent Mark (186.405s)
[2020-09-30T09:18:12.548+0000][16584][gc,marking   ] GC(356) Concurrent Mark From Roots
[2020-09-30T09:18:12.548+0000][16584][gc,task      ] GC(356) Using 2 workers of 2 for marking
[2020-09-30T09:18:12.662+0000][16584][safepoint    ] Safepoint "BulkRevokeBias", Time since last: 115936000 ns, Reaching safepoint: 310300 ns, At safepoint: 1527700 ns, Total: 1838000 ns
[2020-09-30T09:18:12.664+0000][16584][safepoint    ] Safepoint "BulkRevokeBias", Time since last: 332700 ns, Reaching safepoint: 178000 ns, At safepoint: 1382400 ns, Total: 1560400 ns
[2020-09-30T09:18:12.666+0000][16584][safepoint    ] Safepoint "BulkRevokeBias", Time since last: 254400 ns, Reaching safepoint: 203000 ns, At safepoint: 1980700 ns, Total: 2183700 ns
[2020-09-30T09:18:12.712+0000][16584][gc,marking   ] GC(356) Concurrent Mark From Roots 164.708ms
[2020-09-30T09:18:12.712+0000][16584][gc,marking   ] GC(356) Concurrent Preclean
[2020-09-30T09:18:12.713+0000][16584][gc,marking   ] GC(356) Concurrent Preclean 0.439ms
[2020-09-30T09:18:12.713+0000][16584][gc,marking   ] GC(356) Concurrent Mark (186.405s, 186.570s) 165.316ms
[2020-09-30T09:18:12.713+0000][16584][gc,start     ] GC(356) Pause Remark
[2020-09-30T09:18:12.721+0000][16584][gc           ] GC(356) Pause Remark 354M->354M(1024M) 7.539ms
[2020-09-30T09:18:12.721+0000][16584][gc,cpu       ] GC(356) User=0.11s Sys=0.00s Real=0.01s
[2020-09-30T09:18:12.721+0000][16584][safepoint    ] Safepoint "G1Concurrent", Time since last: 46552300 ns, Reaching safepoint: 147100 ns, At safepoint: 7782000 ns, Total: 7929100 ns
[2020-09-30T09:18:12.721+0000][16584][gc,marking   ] GC(356) Concurrent Rebuild Remembered Sets
[2020-09-30T09:18:12.820+0000][16584][gc,marking   ] GC(356) Concurrent Rebuild Remembered Sets 99.347ms
[2020-09-30T09:18:12.821+0000][16584][gc,start     ] GC(356) Pause Cleanup
[2020-09-30T09:18:12.822+0000][16584][gc           ] GC(356) Pause Cleanup 416M->416M(1024M) 0.352ms
[2020-09-30T09:18:12.822+0000][16584][gc,cpu       ] GC(356) User=0.00s Sys=0.00s Real=0.00s
[2020-09-30T09:18:12.822+0000][16584][safepoint    ] Safepoint "G1Concurrent", Time since last: 99534000 ns, Reaching safepoint: 167900 ns, At safepoint: 553500 ns, Total: 721400 ns
[2020-09-30T09:18:12.822+0000][16584][gc,marking   ] GC(356) Concurrent Cleanup for Next Mark
[2020-09-30T09:18:12.823+0000][16584][gc,marking   ] GC(356) Concurrent Cleanup for Next Mark 2.052ms
[2020-09-30T09:18:12.823+0000][16584][gc           ] GC(356) Concurrent Cycle 279.116ms
[2020-09-30T09:18:12.979+0000][16584][gc,start     ] GC(357) Pause Young (Concurrent Start) (G1 Humongous Allocation)
[2020-09-30T09:18:12.979+0000][16584][gc,task      ] GC(357) Using 8 workers of 8 for evacuation
[2020-09-30T09:18:12.979+0000][16584][gc,age       ] GC(357) Desired survivor size 33554432 bytes, new threshold 15 (max threshold 15)
[2020-09-30T09:18:12.983+0000][16584][gc,age       ] GC(357) Age table with threshold 15 (max threshold 15)
[2020-09-30T09:18:12.984+0000][16584][gc,age       ] GC(357) - age   1:    2850984 bytes,    2850984 total
[2020-09-30T09:18:12.984+0000][16584][gc,age       ] GC(357) - age   2:       8528 bytes,    2859512 total
[2020-09-30T09:18:12.984+0000][16584][gc,age       ] GC(357) - age   3:       1000 bytes,    2860512 total
[2020-09-30T09:18:12.984+0000][16584][gc,age       ] GC(357) - age   4:       9336 bytes,    2869848 total
[2020-09-30T09:18:12.984+0000][16584][gc,age       ] GC(357) - age   5:       6000 bytes,    2875848 total
[2020-09-30T09:18:12.984+0000][16584][gc,age       ] GC(357) - age   6:      28544 bytes,    2904392 total
[2020-09-30T09:18:12.984+0000][16584][gc,age       ] GC(357) - age   7:        584 bytes,    2904976 total
[2020-09-30T09:18:12.984+0000][16584][gc,age       ] GC(357) - age   8:      35064 bytes,    2940040 total
[2020-09-30T09:18:12.984+0000][16584][gc,age       ] GC(357) - age   9:        896 bytes,    2940936 total
[2020-09-30T09:18:12.984+0000][16584][gc,age       ] GC(357) - age  10:       8240 bytes,    2949176 total
[2020-09-30T09:18:12.984+0000][16584][gc,age       ] GC(357) - age  11:        616 bytes,    2949792 total
[2020-09-30T09:18:12.984+0000][16584][gc,age       ] GC(357) - age  12:       8088 bytes,    2957880 total
[2020-09-30T09:18:12.984+0000][16584][gc,age       ] GC(357) - age  13:        248 bytes,    2958128 total
[2020-09-30T09:18:12.984+0000][16584][gc,age       ] GC(357) - age  14:       3560 bytes,    2961688 total
[2020-09-30T09:18:12.984+0000][16584][gc,age       ] GC(357) - age  15:        640 bytes,    2962328 total
[2020-09-30T09:18:12.984+0000][16584][gc,phases    ] GC(357)   Pre Evacuate Collection Set: 0.5ms
[2020-09-30T09:18:12.984+0000][16584][gc,phases    ] GC(357)   Merge Heap Roots: 0.1ms
[2020-09-30T09:18:12.984+0000][16584][gc,phases    ] GC(357)   Evacuate Collection Set: 2.2ms
[2020-09-30T09:18:12.984+0000][16584][gc,phases    ] GC(357)   Post Evacuate Collection Set: 1.0ms
[2020-09-30T09:18:12.984+0000][16584][gc,phases    ] GC(357)   Other: 1.1ms
[2020-09-30T09:18:12.984+0000][16584][gc,heap      ] GC(357) Eden regions: 61->0(505)
[2020-09-30T09:18:12.985+0000][16584][gc,heap      ] GC(357) Survivor regions: 3->3(64)
[2020-09-30T09:18:12.985+0000][16584][gc,heap      ] GC(357) Old regions: 79->79
[2020-09-30T09:18:12.985+0000][16584][gc,heap      ] GC(357) Archive regions: 0->0
[2020-09-30T09:18:12.985+0000][16584][gc,heap      ] GC(357) Humongous regions: 286->174
[2020-09-30T09:18:12.985+0000][16584][gc,metaspace ] GC(357) Metaspace: 89248K(95104K)->89248K(95104K) NonClass: 77941K(81408K)->77941K(81408K) Class: 11306K(13696K)->11306K(13696K)
[2020-09-30T09:18:12.985+0000][16584][gc           ] GC(357) Pause Young (Concurrent Start) (G1 Humongous Allocation) 428M->255M(1024M) 5.488ms
[2020-09-30T09:18:12.985+0000][16584][gc,cpu       ] GC(357) User=0.00s Sys=0.02s Real=0.01s
[2020-09-30T09:18:12.985+0000][16584][safepoint    ] Safepoint "G1TryInitiateConcMark", Time since last: 157453600 ns, Reaching safepoint: 172800 ns, At safepoint: 5731500 ns, Total: 5904300 ns
[2020-09-30T09:18:12.985+0000][16584][gc           ] GC(358) Concurrent Cycle
[2020-09-30T09:18:12.985+0000][16584][gc,marking   ] GC(358) Concurrent Clear Claimed Marks
[2020-09-30T09:18:12.986+0000][16584][gc,marking   ] GC(358) Concurrent Clear Claimed Marks 0.840ms
[2020-09-30T09:18:12.986+0000][16584][gc,marking   ] GC(358) Concurrent Scan Root Regions
[2020-09-30T09:18:12.989+0000][16584][gc,marking   ] GC(358) Concurrent Scan Root Regions 2.599ms
[2020-09-30T09:18:12.989+0000][16584][gc,marking   ] GC(358) Concurrent Mark (186.846s)
[2020-09-30T09:18:12.989+0000][16584][gc,marking   ] GC(358) Concurrent Mark From Roots
[2020-09-30T09:18:12.989+0000][16584][gc,task      ] GC(358) Using 2 workers of 2 for marking
[2020-09-30T09:18:13.142+0000][16584][gc,marking   ] GC(358) Concurrent Mark From Roots 153.570ms
[2020-09-30T09:18:13.142+0000][16584][gc,marking   ] GC(358) Concurrent Preclean
[2020-09-30T09:18:13.143+0000][16584][gc,marking   ] GC(358) Concurrent Preclean 0.661ms
[2020-09-30T09:18:13.143+0000][16584][gc,marking   ] GC(358) Concurrent Mark (186.846s, 187.000s) 154.465ms
[2020-09-30T09:18:13.143+0000][16584][gc,start     ] GC(358) Pause Remark
[2020-09-30T09:18:13.151+0000][16584][gc           ] GC(358) Pause Remark 319M->319M(1024M) 7.710ms
[2020-09-30T09:18:13.151+0000][16584][gc,cpu       ] GC(358) User=0.00s Sys=0.00s Real=0.01s
[2020-09-30T09:18:13.151+0000][16584][safepoint    ] Safepoint "G1Concurrent", Time since last: 158424400 ns, Reaching safepoint: 175400 ns, At safepoint: 8163500 ns, Total: 8338900 ns
[2020-09-30T09:18:13.151+0000][16584][gc,marking   ] GC(358) Concurrent Rebuild Remembered Sets
[2020-09-30T09:18:13.258+0000][16584][gc,marking   ] GC(358) Concurrent Rebuild Remembered Sets 106.895ms
[2020-09-30T09:18:13.259+0000][16584][gc,start     ] GC(358) Pause Cleanup
[2020-09-30T09:18:13.259+0000][16584][gc           ] GC(358) Pause Cleanup 648M->648M(1024M) 0.395ms
[2020-09-30T09:18:13.259+0000][16584][gc,cpu       ] GC(358) User=0.00s Sys=0.00s Real=0.00s
[2020-09-30T09:18:13.259+0000][16584][safepoint    ] Safepoint "G1Concurrent", Time since last: 107103900 ns, Reaching safepoint: 308000 ns, At safepoint: 652900 ns, Total: 960900 ns
[2020-09-30T09:18:13.259+0000][16584][gc,marking   ] GC(358) Concurrent Cleanup for Next Mark
[2020-09-30T09:18:13.261+0000][16584][gc,marking   ] GC(358) Concurrent Cleanup for Next Mark 1.745ms
[2020-09-30T09:18:13.261+0000][16584][gc           ] GC(358) Concurrent Cycle 276.781ms
[2020-09-30T09:18:13.292+0000][16584][gc,start     ] GC(359) Pause Young (Concurrent Start) (G1 Humongous Allocation)
[2020-09-30T09:18:13.292+0000][16584][gc,task      ] GC(359) Using 8 workers of 8 for evacuation
[2020-09-30T09:18:13.292+0000][16584][gc,age       ] GC(359) Desired survivor size 33554432 bytes, new threshold 15 (max threshold 15)
[2020-09-30T09:18:13.297+0000][16584][gc,age       ] GC(359) Age table with threshold 15 (max threshold 15)
[2020-09-30T09:18:13.297+0000][16584][gc,age       ] GC(359) - age   1:    6261632 bytes,    6261632 total
[2020-09-30T09:18:13.297+0000][16584][gc,age       ] GC(359) - age   2:      41608 bytes,    6303240 total
[2020-09-30T09:18:13.298+0000][16584][gc,age       ] GC(359) - age   3:       7856 bytes,    6311096 total
[2020-09-30T09:18:13.298+0000][16584][gc,age       ] GC(359) - age   4:        936 bytes,    6312032 total
[2020-09-30T09:18:13.298+0000][16584][gc,age       ] GC(359) - age   5:       8984 bytes,    6321016 total
[2020-09-30T09:18:13.298+0000][16584][gc,age       ] GC(359) - age   6:       5840 bytes,    6326856 total
[2020-09-30T09:18:13.298+0000][16584][gc,age       ] GC(359) - age   7:      28544 bytes,    6355400 total
[2020-09-30T09:18:13.298+0000][16584][gc,age       ] GC(359) - age   8:        584 bytes,    6355984 total
[2020-09-30T09:18:13.298+0000][16584][gc,age       ] GC(359) - age   9:      35064 bytes,    6391048 total
[2020-09-30T09:18:13.298+0000][16584][gc,age       ] GC(359) - age  10:        896 bytes,    6391944 total
[2020-09-30T09:18:13.298+0000][16584][gc,age       ] GC(359) - age  11:       8240 bytes,    6400184 total
[2020-09-30T09:18:13.298+0000][16584][gc,age       ] GC(359) - age  12:        616 bytes,    6400800 total
[2020-09-30T09:18:13.298+0000][16584][gc,age       ] GC(359) - age  13:       8088 bytes,    6408888 total
[2020-09-30T09:18:13.298+0000][16584][gc,age       ] GC(359) - age  14:        248 bytes,    6409136 total
[2020-09-30T09:18:13.298+0000][16584][gc,age       ] GC(359) - age  15:       3560 bytes,    6412696 total
[2020-09-30T09:18:13.298+0000][16584][gc,phases    ] GC(359)   Pre Evacuate Collection Set: 0.4ms
[2020-09-30T09:18:13.298+0000][16584][gc,phases    ] GC(359)   Merge Heap Roots: 0.1ms
[2020-09-30T09:18:13.298+0000][16584][gc,phases    ] GC(359)   Evacuate Collection Set: 3.2ms
[2020-09-30T09:18:13.298+0000][16584][gc,phases    ] GC(359)   Post Evacuate Collection Set: 1.1ms
[2020-09-30T09:18:13.298+0000][16584][gc,phases    ] GC(359)   Other: 1.1ms
[2020-09-30T09:18:13.298+0000][16584][gc,heap      ] GC(359) Eden regions: 118->0(496)
[2020-09-30T09:18:13.298+0000][16584][gc,heap      ] GC(359) Survivor regions: 3->7(64)
[2020-09-30T09:18:13.298+0000][16584][gc,heap      ] GC(359) Old regions: 79->79
[2020-09-30T09:18:13.298+0000][16584][gc,heap      ] GC(359) Archive regions: 0->0
[2020-09-30T09:18:13.298+0000][16584][gc,heap      ] GC(359) Humongous regions: 468->174
[2020-09-30T09:18:13.298+0000][16584][gc,metaspace ] GC(359) Metaspace: 89248K(95104K)->89248K(95104K) NonClass: 77941K(81408K)->77941K(81408K) Class: 11306K(13696K)->11306K(13696K)
[2020-09-30T09:18:13.298+0000][16584][gc           ] GC(359) Pause Young (Concurrent Start) (G1 Humongous Allocation) 667M->259M(1024M) 6.332ms
[2020-09-30T09:18:13.299+0000][16584][gc,cpu       ] GC(359) User=0.13s Sys=0.00s Real=0.01s
[2020-09-30T09:18:13.299+0000][16584][gc           ] GC(360) Concurrent Cycle
[2020-09-30T09:18:13.299+0000][16584][safepoint    ] Safepoint "G1TryInitiateConcMark", Time since last: 32664100 ns, Reaching safepoint: 181600 ns, At safepoint: 6565600 ns, Total: 6747200 ns
[2020-09-30T09:18:13.299+0000][16584][gc,marking   ] GC(360) Concurrent Clear Claimed Marks
[2020-09-30T09:18:13.299+0000][16584][gc,marking   ] GC(360) Concurrent Clear Claimed Marks 0.552ms
[2020-09-30T09:18:13.299+0000][16584][gc,marking   ] GC(360) Concurrent Scan Root Regions
[2020-09-30T09:18:13.302+0000][16584][gc,marking   ] GC(360) Concurrent Scan Root Regions 2.984ms
[2020-09-30T09:18:13.303+0000][16584][gc,marking   ] GC(360) Concurrent Mark (187.160s)
[2020-09-30T09:18:13.303+0000][16584][gc,marking   ] GC(360) Concurrent Mark From Roots
[2020-09-30T09:18:13.303+0000][16584][gc,task      ] GC(360) Using 2 workers of 2 for marking
[2020-09-30T09:18:13.467+0000][16584][gc,marking   ] GC(360) Concurrent Mark From Roots 164.314ms
[2020-09-30T09:18:13.467+0000][16584][gc,marking   ] GC(360) Concurrent Preclean
[2020-09-30T09:18:13.468+0000][16584][gc,marking   ] GC(360) Concurrent Preclean 0.613ms
[2020-09-30T09:18:13.468+0000][16584][gc,marking   ] GC(360) Concurrent Mark (187.160s, 187.325s) 165.134ms
[2020-09-30T09:18:13.468+0000][16584][gc,start     ] GC(360) Pause Remark
[2020-09-30T09:18:13.475+0000][16584][gc           ] GC(360) Pause Remark 520M->520M(1024M) 6.983ms
[2020-09-30T09:18:13.475+0000][16584][gc,cpu       ] GC(360) User=0.00s Sys=0.00s Real=0.01s
[2020-09-30T09:18:13.475+0000][16584][safepoint    ] Safepoint "G1Concurrent", Time since last: 169076000 ns, Reaching safepoint: 174900 ns, At safepoint: 7268900 ns, Total: 7443800 ns
[2020-09-30T09:18:13.475+0000][16584][gc,marking   ] GC(360) Concurrent Rebuild Remembered Sets
[2020-09-30T09:18:13.584+0000][16584][gc,marking   ] GC(360) Concurrent Rebuild Remembered Sets 108.837ms
[2020-09-30T09:18:13.584+0000][16584][gc,start     ] GC(360) Pause Cleanup
[2020-09-30T09:18:13.585+0000][16584][gc           ] GC(360) Pause Cleanup 599M->599M(1024M) 0.438ms
[2020-09-30T09:18:13.585+0000][16584][gc,cpu       ] GC(360) User=0.00s Sys=0.00s Real=0.00s
[2020-09-30T09:18:13.585+0000][16584][safepoint    ] Safepoint "G1Concurrent", Time since last: 109048300 ns, Reaching safepoint: 179700 ns, At safepoint: 766200 ns, Total: 945900 ns
[2020-09-30T09:18:13.585+0000][16584][gc,marking   ] GC(360) Concurrent Cleanup for Next Mark
[2020-09-30T09:18:13.587+0000][16584][gc,marking   ] GC(360) Concurrent Cleanup for Next Mark 2.078ms
[2020-09-30T09:18:13.587+0000][16584][gc           ] GC(360) Concurrent Cycle 288.850ms
[2020-09-30T09:18:13.626+0000][16584][gc,start     ] GC(361) Pause Young (Concurrent Start) (G1 Humongous Allocation)
[2020-09-30T09:18:13.626+0000][16584][gc,task      ] GC(361) Using 8 workers of 8 for evacuation
[2020-09-30T09:18:13.627+0000][16584][gc,age       ] GC(361) Desired survivor size 33030144 bytes, new threshold 15 (max threshold 15)
[2020-09-30T09:18:13.631+0000][16584][gc,age       ] GC(361) Age table with threshold 15 (max threshold 15)
[2020-09-30T09:18:13.632+0000][16584][gc,age       ] GC(361) - age   1:    4132472 bytes,    4132472 total
[2020-09-30T09:18:13.632+0000][16584][gc,age       ] GC(361) - age   2:     238328 bytes,    4370800 total
[2020-09-30T09:18:13.632+0000][16584][gc,age       ] GC(361) - age   3:      38456 bytes,    4409256 total
[2020-09-30T09:18:13.632+0000][16584][gc,age       ] GC(361) - age   4:       7168 bytes,    4416424 total
[2020-09-30T09:18:13.632+0000][16584][gc,age       ] GC(361) - age   5:        776 bytes,    4417200 total
[2020-09-30T09:18:13.632+0000][16584][gc,age       ] GC(361) - age   6:       8632 bytes,    4425832 total
[2020-09-30T09:18:13.632+0000][16584][gc,age       ] GC(361) - age   7:       5648 bytes,    4431480 total
[2020-09-30T09:18:13.632+0000][16584][gc,age       ] GC(361) - age   8:      28544 bytes,    4460024 total
[2020-09-30T09:18:13.632+0000][16584][gc,age       ] GC(361) - age   9:        584 bytes,    4460608 total
[2020-09-30T09:18:13.632+0000][16584][gc,age       ] GC(361) - age  10:      35000 bytes,    4495608 total
[2020-09-30T09:18:13.632+0000][16584][gc,age       ] GC(361) - age  11:        896 bytes,    4496504 total
[2020-09-30T09:18:13.632+0000][16584][gc,age       ] GC(361) - age  12:       8208 bytes,    4504712 total
[2020-09-30T09:18:13.632+0000][16584][gc,age       ] GC(361) - age  13:        616 bytes,    4505328 total
[2020-09-30T09:18:13.632+0000][16584][gc,age       ] GC(361) - age  14:       8088 bytes,    4513416 total
[2020-09-30T09:18:13.632+0000][16584][gc,age       ] GC(361) - age  15:        248 bytes,    4513664 total
[2020-09-30T09:18:13.632+0000][16584][gc,phases    ] GC(361)   Pre Evacuate Collection Set: 0.5ms
[2020-09-30T09:18:13.632+0000][16584][gc,phases    ] GC(361)   Merge Heap Roots: 0.1ms
[2020-09-30T09:18:13.632+0000][16584][gc,phases    ] GC(361)   Evacuate Collection Set: 2.8ms
[2020-09-30T09:18:13.632+0000][16584][gc,phases    ] GC(361)   Post Evacuate Collection Set: 1.3ms
[2020-09-30T09:18:13.633+0000][16584][gc,phases    ] GC(361)   Other: 1.4ms
[2020-09-30T09:18:13.633+0000][16584][gc,heap      ] GC(361) Eden regions: 102->0(478)
[2020-09-30T09:18:13.633+0000][16584][gc,heap      ] GC(361) Survivor regions: 7->5(63)
[2020-09-30T09:18:13.633+0000][16584][gc,heap      ] GC(361) Old regions: 79->79
[2020-09-30T09:18:13.633+0000][16584][gc,heap      ] GC(361) Archive regions: 0->0
[2020-09-30T09:18:13.633+0000][16584][gc,heap      ] GC(361) Humongous regions: 420->174
[2020-09-30T09:18:13.633+0000][16584][gc,metaspace ] GC(361) Metaspace: 89248K(95104K)->89248K(95104K) NonClass: 77941K(81408K)->77941K(81408K) Class: 11306K(13696K)->11306K(13696K)
[2020-09-30T09:18:13.633+0000][16584][gc           ] GC(361) Pause Young (Concurrent Start) (G1 Humongous Allocation) 606M->257M(1024M) 6.527ms
[2020-09-30T09:18:13.633+0000][16584][gc,cpu       ] GC(361) User=0.00s Sys=0.00s Real=0.01s
[2020-09-30T09:18:13.633+0000][16584][gc           ] GC(362) Concurrent Cycle
[2020-09-30T09:18:13.633+0000][16584][safepoint    ] Safepoint "G1TryInitiateConcMark", Time since last: 40970500 ns, Reaching safepoint: 171900 ns, At safepoint: 6743200 ns, Total: 6915100 ns
[2020-09-30T09:18:13.633+0000][16584][gc,marking   ] GC(362) Concurrent Clear Claimed Marks
[2020-09-30T09:18:13.634+0000][16584][gc,marking   ] GC(362) Concurrent Clear Claimed Marks 0.690ms
[2020-09-30T09:18:13.634+0000][16584][gc,marking   ] GC(362) Concurrent Scan Root Regions
[2020-09-30T09:18:13.638+0000][16584][gc,marking   ] GC(362) Concurrent Scan Root Regions 3.621ms
[2020-09-30T09:18:13.638+0000][16584][gc,marking   ] GC(362) Concurrent Mark (187.495s)
[2020-09-30T09:18:13.638+0000][16584][gc,marking   ] GC(362) Concurrent Mark From Roots
[2020-09-30T09:18:13.638+0000][16584][gc,task      ] GC(362) Using 2 workers of 2 for marking
[2020-09-30T09:18:13.837+0000][16584][gc,marking   ] GC(362) Concurrent Mark From Roots 198.701ms
[2020-09-30T09:18:13.837+0000][16584][gc,marking   ] GC(362) Concurrent Preclean
[2020-09-30T09:18:13.837+0000][16584][gc,marking   ] GC(362) Concurrent Preclean 0.701ms
[2020-09-30T09:18:13.837+0000][16584][gc,marking   ] GC(362) Concurrent Mark (187.495s, 187.695s) 199.638ms
[2020-09-30T09:18:13.838+0000][16584][gc,start     ] GC(362) Pause Remark
[2020-09-30T09:18:13.845+0000][16584][gc           ] GC(362) Pause Remark 460M->460M(1024M) 7.337ms
[2020-09-30T09:18:13.845+0000][16584][gc,cpu       ] GC(362) User=0.11s Sys=0.00s Real=0.01s
[2020-09-30T09:18:13.845+0000][16584][safepoint    ] Safepoint "G1Concurrent", Time since last: 204403300 ns, Reaching safepoint: 162800 ns, At safepoint: 7603900 ns, Total: 7766700 ns
[2020-09-30T09:18:13.845+0000][16584][gc,marking   ] GC(362) Concurrent Rebuild Remembered Sets
[2020-09-30T09:18:13.950+0000][16584][gc,marking   ] GC(362) Concurrent Rebuild Remembered Sets 104.707ms
[2020-09-30T09:18:13.950+0000][16584][gc,start     ] GC(362) Pause Cleanup
[2020-09-30T09:18:13.951+0000][16584][gc           ] GC(362) Pause Cleanup 532M->532M(1024M) 0.335ms
[2020-09-30T09:18:13.951+0000][16584][gc,cpu       ] GC(362) User=0.11s Sys=0.02s Real=0.00s
[2020-09-30T09:18:13.951+0000][16584][safepoint    ] Safepoint "G1Concurrent", Time since last: 104906800 ns, Reaching safepoint: 164200 ns, At safepoint: 524700 ns, Total: 688900 ns
[2020-09-30T09:18:13.951+0000][16584][gc,marking   ] GC(362) Concurrent Cleanup for Next Mark
[2020-09-30T09:18:13.953+0000][16584][gc,marking   ] GC(362) Concurrent Cleanup for Next Mark 2.052ms
[2020-09-30T09:18:13.953+0000][16584][gc           ] GC(362) Concurrent Cycle 320.085ms
[2020-09-30T09:18:14.004+0000][16584][safepoint    ] Safepoint "ICBufferFull", Time since last: 52339600 ns, Reaching safepoint: 317500 ns, At safepoint: 29300 ns, Total: 346800 ns
[2020-09-30T09:18:14.306+0000][16584][gc,start     ] GC(363) Pause Young (Concurrent Start) (G1 Humongous Allocation)
[2020-09-30T09:18:14.306+0000][16584][gc,task      ] GC(363) Using 8 workers of 8 for evacuation
[2020-09-30T09:18:14.306+0000][16584][gc,age       ] GC(363) Desired survivor size 31981568 bytes, new threshold 15 (max threshold 15)
[2020-09-30T09:18:14.310+0000][16584][gc,age       ] GC(363) Age table with threshold 15 (max threshold 15)
[2020-09-30T09:18:14.310+0000][16584][gc,age       ] GC(363) - age   1:    2414424 bytes,    2414424 total
[2020-09-30T09:18:14.310+0000][16584][gc,age       ] GC(363) - age   2:       3696 bytes,    2418120 total
[2020-09-30T09:18:14.310+0000][16584][gc,age       ] GC(363) - age   3:      32200 bytes,    2450320 total
[2020-09-30T09:18:14.310+0000][16584][gc,age       ] GC(363) - age   4:      35368 bytes,    2485688 total
[2020-09-30T09:18:14.310+0000][16584][gc,age       ] GC(363) - age   5:       7136 bytes,    2492824 total
[2020-09-30T09:18:14.310+0000][16584][gc,age       ] GC(363) - age   6:        776 bytes,    2493600 total
[2020-09-30T09:18:14.310+0000][16584][gc,age       ] GC(363) - age   7:       8504 bytes,    2502104 total
[2020-09-30T09:18:14.310+0000][16584][gc,age       ] GC(363) - age   8:       5520 bytes,    2507624 total
[2020-09-30T09:18:14.310+0000][16584][gc,age       ] GC(363) - age   9:      28352 bytes,    2535976 total
[2020-09-30T09:18:14.310+0000][16584][gc,age       ] GC(363) - age  10:        520 bytes,    2536496 total
[2020-09-30T09:18:14.310+0000][16584][gc,age       ] GC(363) - age  11:      34872 bytes,    2571368 total
[2020-09-30T09:18:14.310+0000][16584][gc,age       ] GC(363) - age  12:        832 bytes,    2572200 total
[2020-09-30T09:18:14.310+0000][16584][gc,age       ] GC(363) - age  13:       8208 bytes,    2580408 total
[2020-09-30T09:18:14.310+0000][16584][gc,age       ] GC(363) - age  14:        488 bytes,    2580896 total
[2020-09-30T09:18:14.310+0000][16584][gc,age       ] GC(363) - age  15:       8088 bytes,    2588984 total
[2020-09-30T09:18:14.311+0000][16584][gc,phases    ] GC(363)   Pre Evacuate Collection Set: 0.5ms
[2020-09-30T09:18:14.311+0000][16584][gc,phases    ] GC(363)   Merge Heap Roots: 0.2ms
[2020-09-30T09:18:14.311+0000][16584][gc,phases    ] GC(363)   Evacuate Collection Set: 2.1ms
[2020-09-30T09:18:14.311+0000][16584][gc,phases    ] GC(363)   Post Evacuate Collection Set: 1.0ms
[2020-09-30T09:18:14.311+0000][16584][gc,phases    ] GC(363)   Other: 1.3ms
[2020-09-30T09:18:14.311+0000][16584][gc,heap      ] GC(363) Eden regions: 95->0(485)
[2020-09-30T09:18:14.311+0000][16584][gc,heap      ] GC(363) Survivor regions: 5->3(61)
[2020-09-30T09:18:14.311+0000][16584][gc,heap      ] GC(363) Old regions: 79->80
[2020-09-30T09:18:14.311+0000][16584][gc,heap      ] GC(363) Archive regions: 0->0
[2020-09-30T09:18:14.311+0000][16584][gc,heap      ] GC(363) Humongous regions: 374->174
[2020-09-30T09:18:14.311+0000][16584][gc,metaspace ] GC(363) Metaspace: 89258K(95104K)->89258K(95104K) NonClass: 77951K(81408K)->77951K(81408K) Class: 11307K(13696K)->11307K(13696K)
[2020-09-30T09:18:14.311+0000][16584][gc           ] GC(363) Pause Young (Concurrent Start) (G1 Humongous Allocation) 551M->255M(1024M) 5.627ms
[2020-09-30T09:18:14.311+0000][16584][gc,cpu       ] GC(363) User=0.02s Sys=0.02s Real=0.01s
[2020-09-30T09:18:14.311+0000][16584][gc           ] GC(364) Concurrent Cycle
[2020-09-30T09:18:14.311+0000][16584][safepoint    ] Safepoint "G1TryInitiateConcMark", Time since last: 300891200 ns, Reaching safepoint: 177100 ns, At safepoint: 5851700 ns, Total: 6028800 ns
[2020-09-30T09:18:14.311+0000][16584][gc,marking   ] GC(364) Concurrent Clear Claimed Marks
[2020-09-30T09:18:14.312+0000][16584][gc,marking   ] GC(364) Concurrent Clear Claimed Marks 0.507ms
[2020-09-30T09:18:14.312+0000][16584][gc,marking   ] GC(364) Concurrent Scan Root Regions
[2020-09-30T09:18:14.315+0000][16584][gc,marking   ] GC(364) Concurrent Scan Root Regions 3.026ms
[2020-09-30T09:18:14.315+0000][16584][gc,marking   ] GC(364) Concurrent Mark (188.172s)
[2020-09-30T09:18:14.315+0000][16584][gc,marking   ] GC(364) Concurrent Mark From Roots
[2020-09-30T09:18:14.315+0000][16584][gc,task      ] GC(364) Using 2 workers of 2 for marking
[2020-09-30T09:18:14.486+0000][16584][gc,marking   ] GC(364) Concurrent Mark From Roots 170.423ms
[2020-09-30T09:18:14.486+0000][16584][gc,marking   ] GC(364) Concurrent Preclean
[2020-09-30T09:18:14.486+0000][16584][gc,marking   ] GC(364) Concurrent Preclean 0.613ms
[2020-09-30T09:18:14.486+0000][16584][gc,marking   ] GC(364) Concurrent Mark (188.172s, 188.343s) 171.258ms
[2020-09-30T09:18:14.487+0000][16584][gc,start     ] GC(364) Pause Remark
[2020-09-30T09:18:14.494+0000][16584][gc           ] GC(364) Pause Remark 372M->372M(1024M) 7.286ms
[2020-09-30T09:18:14.494+0000][16584][gc,cpu       ] GC(364) User=0.00s Sys=0.00s Real=0.01s
[2020-09-30T09:18:14.494+0000][16584][safepoint    ] Safepoint "G1Concurrent", Time since last: 175156800 ns, Reaching safepoint: 172800 ns, At safepoint: 7633300 ns, Total: 7806100 ns
[2020-09-30T09:18:14.494+0000][16584][gc,marking   ] GC(364) Concurrent Rebuild Remembered Sets
[2020-09-30T09:18:14.593+0000][16584][gc,marking   ] GC(364) Concurrent Rebuild Remembered Sets 98.373ms
[2020-09-30T09:18:14.596+0000][16584][gc,start     ] GC(364) Pause Cleanup
[2020-09-30T09:18:14.596+0000][16584][gc           ] GC(364) Pause Cleanup 375M->375M(1024M) 0.371ms
[2020-09-30T09:18:14.596+0000][16584][gc,cpu       ] GC(364) User=0.00s Sys=0.00s Real=0.00s
[2020-09-30T09:18:14.597+0000][16584][safepoint    ] Safepoint "G1Concurrent", Time since last: 98568200 ns, Reaching safepoint: 2774000 ns, At safepoint: 1090600 ns, Total: 3864600 ns
[2020-09-30T09:18:14.597+0000][16584][gc,marking   ] GC(364) Concurrent Cleanup for Next Mark
[2020-09-30T09:18:14.599+0000][16584][gc,marking   ] GC(364) Concurrent Cleanup for Next Mark 1.844ms
[2020-09-30T09:18:14.599+0000][16584][gc           ] GC(364) Concurrent Cycle 287.611ms
[2020-09-30T09:18:14.662+0000][16584][gc,start     ] GC(365) Pause Young (Concurrent Start) (G1 Humongous Allocation)
[2020-09-30T09:18:14.662+0000][16584][gc,task      ] GC(365) Using 8 workers of 8 for evacuation
[2020-09-30T09:18:14.663+0000][16584][gc,age       ] GC(365) Desired survivor size 31981568 bytes, new threshold 15 (max threshold 15)
[2020-09-30T09:18:14.667+0000][16584][gc,age       ] GC(365) Age table with threshold 15 (max threshold 15)
[2020-09-30T09:18:14.667+0000][16584][gc,age       ] GC(365) - age   1:    2753432 bytes,    2753432 total
[2020-09-30T09:18:14.667+0000][16584][gc,age       ] GC(365) - age   2:      21696 bytes,    2775128 total
[2020-09-30T09:18:14.667+0000][16584][gc,age       ] GC(365) - age   3:       2768 bytes,    2777896 total
[2020-09-30T09:18:14.667+0000][16584][gc,age       ] GC(365) - age   4:      32136 bytes,    2810032 total
[2020-09-30T09:18:14.667+0000][16584][gc,age       ] GC(365) - age   5:      35368 bytes,    2845400 total
[2020-09-30T09:18:14.667+0000][16584][gc,age       ] GC(365) - age   6:       7136 bytes,    2852536 total
[2020-09-30T09:18:14.667+0000][16584][gc,age       ] GC(365) - age   7:        712 bytes,    2853248 total
[2020-09-30T09:18:14.667+0000][16584][gc,age       ] GC(365) - age   8:       8440 bytes,    2861688 total
[2020-09-30T09:18:14.667+0000][16584][gc,age       ] GC(365) - age   9:       5392 bytes,    2867080 total
[2020-09-30T09:18:14.667+0000][16584][gc,age       ] GC(365) - age  10:      28320 bytes,    2895400 total
[2020-09-30T09:18:14.667+0000][16584][gc,age       ] GC(365) - age  11:        520 bytes,    2895920 total
[2020-09-30T09:18:14.667+0000][16584][gc,age       ] GC(365) - age  12:      34840 bytes,    2930760 total
[2020-09-30T09:18:14.667+0000][16584][gc,age       ] GC(365) - age  13:        832 bytes,    2931592 total
[2020-09-30T09:18:14.667+0000][16584][gc,age       ] GC(365) - age  14:       7872 bytes,    2939464 total
[2020-09-30T09:18:14.667+0000][16584][gc,age       ] GC(365) - age  15:        488 bytes,    2939952 total
[2020-09-30T09:18:14.668+0000][16584][gc,phases    ] GC(365)   Pre Evacuate Collection Set: 0.5ms
[2020-09-30T09:18:14.668+0000][16584][gc,phases    ] GC(365)   Merge Heap Roots: 0.1ms
[2020-09-30T09:18:14.668+0000][16584][gc,phases    ] GC(365)   Evacuate Collection Set: 2.4ms
[2020-09-30T09:18:14.668+0000][16584][gc,phases    ] GC(365)   Post Evacuate Collection Set: 1.0ms
[2020-09-30T09:18:14.668+0000][16584][gc,phases    ] GC(365)   Other: 1.2ms
[2020-09-30T09:18:14.668+0000][16584][gc,heap      ] GC(365) Eden regions: 40->0(489)
[2020-09-30T09:18:14.668+0000][16584][gc,heap      ] GC(365) Survivor regions: 3->3(61)
[2020-09-30T09:18:14.668+0000][16584][gc,heap      ] GC(365) Old regions: 80->80
[2020-09-30T09:18:14.668+0000][16584][gc,heap      ] GC(365) Archive regions: 0->0
[2020-09-30T09:18:14.668+0000][16584][gc,heap      ] GC(365) Humongous regions: 262->174
[2020-09-30T09:18:14.668+0000][16584][gc,metaspace ] GC(365) Metaspace: 89258K(95104K)->89258K(95104K) NonClass: 77951K(81408K)->77951K(81408K) Class: 11307K(13696K)->11307K(13696K)
[2020-09-30T09:18:14.668+0000][16584][gc           ] GC(365) Pause Young (Concurrent Start) (G1 Humongous Allocation) 382M->255M(1024M) 5.586ms
[2020-09-30T09:18:14.668+0000][16584][gc,cpu       ] GC(365) User=0.00s Sys=0.00s Real=0.01s
[2020-09-30T09:18:14.668+0000][16584][gc           ] GC(366) Concurrent Cycle
[2020-09-30T09:18:14.668+0000][16584][safepoint    ] Safepoint "G1TryInitiateConcMark", Time since last: 65426600 ns, Reaching safepoint: 144300 ns, At safepoint: 5851500 ns, Total: 5995800 ns
[2020-09-30T09:18:14.668+0000][16584][gc,marking   ] GC(366) Concurrent Clear Claimed Marks
[2020-09-30T09:18:14.669+0000][16584][gc,marking   ] GC(366) Concurrent Clear Claimed Marks 0.832ms
[2020-09-30T09:18:14.669+0000][16584][gc,marking   ] GC(366) Concurrent Scan Root Regions
[2020-09-30T09:18:14.672+0000][16584][gc,marking   ] GC(366) Concurrent Scan Root Regions 2.916ms
[2020-09-30T09:18:14.672+0000][16584][gc,marking   ] GC(366) Concurrent Mark (188.529s)
[2020-09-30T09:18:14.672+0000][16584][gc,marking   ] GC(366) Concurrent Mark From Roots
[2020-09-30T09:18:14.672+0000][16584][gc,task      ] GC(366) Using 2 workers of 2 for marking
[2020-09-30T09:18:14.828+0000][16584][gc,marking   ] GC(366) Concurrent Mark From Roots 156.261ms
[2020-09-30T09:18:14.828+0000][16584][gc,marking   ] GC(366) Concurrent Preclean
[2020-09-30T09:18:14.829+0000][16584][gc,marking   ] GC(366) Concurrent Preclean 0.592ms
[2020-09-30T09:18:14.829+0000][16584][gc,marking   ] GC(366) Concurrent Mark (188.529s, 188.686s) 157.100ms
[2020-09-30T09:18:14.839+0000][16584][gc,start     ] GC(366) Pause Remark
[2020-09-30T09:18:14.846+0000][16584][gc           ] GC(366) Pause Remark 311M->311M(1024M) 6.988ms
[2020-09-30T09:18:14.846+0000][16584][gc,cpu       ] GC(366) User=0.11s Sys=0.00s Real=0.01s
[2020-09-30T09:18:14.847+0000][16584][safepoint    ] Safepoint "G1Concurrent", Time since last: 161330200 ns, Reaching safepoint: 9735900 ns, At safepoint: 8717500 ns, Total: 18453400 ns
[2020-09-30T09:18:14.847+0000][16584][gc,marking   ] GC(366) Concurrent Rebuild Remembered Sets
[2020-09-30T09:18:14.945+0000][16584][gc,marking   ] GC(366) Concurrent Rebuild Remembered Sets 97.373ms
[2020-09-30T09:18:14.945+0000][16584][gc,start     ] GC(366) Pause Cleanup
[2020-09-30T09:18:14.946+0000][16584][gc           ] GC(366) Pause Cleanup 313M->313M(1024M) 0.371ms
[2020-09-30T09:18:14.946+0000][16584][gc,cpu       ] GC(366) User=0.00s Sys=0.00s Real=0.00s
[2020-09-30T09:18:14.973+0000][16584][safepoint    ] Safepoint "G1Concurrent", Time since last: 97618700 ns, Reaching safepoint: 179200 ns, At safepoint: 27349100 ns, Total: 27528300 ns
[2020-09-30T09:18:14.973+0000][16584][gc,marking   ] GC(366) Concurrent Cleanup for Next Mark
[2020-09-30T09:18:14.975+0000][16584][gc,marking   ] GC(366) Concurrent Cleanup for Next Mark 1.951ms
[2020-09-30T09:18:14.975+0000][16584][gc           ] GC(366) Concurrent Cycle 307.165ms
[2020-09-30T09:18:15.591+0000][16584][gc,start     ] GC(367) Pause Young (Concurrent Start) (G1 Humongous Allocation)
[2020-09-30T09:18:15.591+0000][16584][gc,task      ] GC(367) Using 8 workers of 8 for evacuation
[2020-09-30T09:18:15.591+0000][16584][gc,age       ] GC(367) Desired survivor size 32505856 bytes, new threshold 15 (max threshold 15)
[2020-09-30T09:18:15.594+0000][16584][gc,age       ] GC(367) Age table with threshold 15 (max threshold 15)
[2020-09-30T09:18:15.594+0000][16584][gc,age       ] GC(367) - age   1:    2428408 bytes,    2428408 total
[2020-09-30T09:18:15.594+0000][16584][gc,age       ] GC(367) - age   2:       3200 bytes,    2431608 total
[2020-09-30T09:18:15.594+0000][16584][gc,age       ] GC(367) - age   3:      19328 bytes,    2450936 total
[2020-09-30T09:18:15.594+0000][16584][gc,age       ] GC(367) - age   4:       2576 bytes,    2453512 total
[2020-09-30T09:18:15.594+0000][16584][gc,age       ] GC(367) - age   5:      32136 bytes,    2485648 total
[2020-09-30T09:18:15.594+0000][16584][gc,age       ] GC(367) - age   6:      35368 bytes,    2521016 total
[2020-09-30T09:18:15.594+0000][16584][gc,age       ] GC(367) - age   7:       7072 bytes,    2528088 total
[2020-09-30T09:18:15.594+0000][16584][gc,age       ] GC(367) - age   8:        712 bytes,    2528800 total
[2020-09-30T09:18:15.594+0000][16584][gc,age       ] GC(367) - age   9:       8376 bytes,    2537176 total
[2020-09-30T09:18:15.594+0000][16584][gc,age       ] GC(367) - age  10:       5360 bytes,    2542536 total
[2020-09-30T09:18:15.594+0000][16584][gc,age       ] GC(367) - age  11:      28288 bytes,    2570824 total
[2020-09-30T09:18:15.594+0000][16584][gc,age       ] GC(367) - age  12:        520 bytes,    2571344 total
[2020-09-30T09:18:15.594+0000][16584][gc,age       ] GC(367) - age  13:      34744 bytes,    2606088 total
[2020-09-30T09:18:15.594+0000][16584][gc,age       ] GC(367) - age  14:        832 bytes,    2606920 total
[2020-09-30T09:18:15.594+0000][16584][gc,age       ] GC(367) - age  15:       7872 bytes,    2614792 total
[2020-09-30T09:18:15.595+0000][16584][gc,phases    ] GC(367)   Pre Evacuate Collection Set: 0.4ms
[2020-09-30T09:18:15.595+0000][16584][gc,phases    ] GC(367)   Merge Heap Roots: 0.1ms
[2020-09-30T09:18:15.595+0000][16584][gc,phases    ] GC(367)   Evacuate Collection Set: 1.9ms
[2020-09-30T09:18:15.595+0000][16584][gc,phases    ] GC(367)   Post Evacuate Collection Set: 0.7ms
[2020-09-30T09:18:15.595+0000][16584][gc,phases    ] GC(367)   Other: 0.9ms
[2020-09-30T09:18:15.595+0000][16584][gc,heap      ] GC(367) Eden regions: 23->0(492)
[2020-09-30T09:18:15.595+0000][16584][gc,heap      ] GC(367) Survivor regions: 3->3(62)
[2020-09-30T09:18:15.595+0000][16584][gc,heap      ] GC(367) Old regions: 80->80
[2020-09-30T09:18:15.595+0000][16584][gc,heap      ] GC(367) Archive regions: 0->0
[2020-09-30T09:18:15.595+0000][16584][gc,heap      ] GC(367) Humongous regions: 227->174
[2020-09-30T09:18:15.595+0000][16584][gc,metaspace ] GC(367) Metaspace: 89262K(95104K)->89262K(95104K) NonClass: 77954K(81408K)->77954K(81408K) Class: 11307K(13696K)->11307K(13696K)
[2020-09-30T09:18:15.595+0000][16584][gc           ] GC(367) Pause Young (Concurrent Start) (G1 Humongous Allocation) 330M->255M(1024M) 4.315ms
[2020-09-30T09:18:15.595+0000][16584][gc,cpu       ] GC(367) User=0.11s Sys=0.00s Real=0.00s
[2020-09-30T09:18:15.595+0000][16584][safepoint    ] Safepoint "G1TryInitiateConcMark", Time since last: 617523600 ns, Reaching safepoint: 191600 ns, At safepoint: 4495100 ns, Total: 4686700 ns
[2020-09-30T09:18:15.595+0000][16584][gc           ] GC(368) Concurrent Cycle
[2020-09-30T09:18:15.595+0000][16584][gc,marking   ] GC(368) Concurrent Clear Claimed Marks
[2020-09-30T09:18:15.596+0000][16584][gc,marking   ] GC(368) Concurrent Clear Claimed Marks 0.404ms
[2020-09-30T09:18:15.596+0000][16584][gc,marking   ] GC(368) Concurrent Scan Root Regions
[2020-09-30T09:18:15.598+0000][16584][gc,marking   ] GC(368) Concurrent Scan Root Regions 2.264ms
[2020-09-30T09:18:15.598+0000][16584][gc,marking   ] GC(368) Concurrent Mark (189.455s)
[2020-09-30T09:18:15.598+0000][16584][gc,marking   ] GC(368) Concurrent Mark From Roots
[2020-09-30T09:18:15.598+0000][16584][gc,task      ] GC(368) Using 2 workers of 2 for marking
[2020-09-30T09:18:15.758+0000][16584][gc,marking   ] GC(368) Concurrent Mark From Roots 160.239ms
[2020-09-30T09:18:15.758+0000][16584][gc,marking   ] GC(368) Concurrent Preclean
[2020-09-30T09:18:15.759+0000][16584][gc,marking   ] GC(368) Concurrent Preclean 0.542ms
[2020-09-30T09:18:15.759+0000][16584][gc,marking   ] GC(368) Concurrent Mark (189.455s, 189.616s) 160.996ms
[2020-09-30T09:18:15.759+0000][16584][gc,start     ] GC(368) Pause Remark
[2020-09-30T09:18:15.766+0000][16584][gc           ] GC(368) Pause Remark 380M->380M(1024M) 7.061ms
[2020-09-30T09:18:15.767+0000][16584][gc,cpu       ] GC(368) User=0.11s Sys=0.00s Real=0.01s
[2020-09-30T09:18:15.767+0000][16584][safepoint    ] Safepoint "G1Concurrent", Time since last: 164088600 ns, Reaching safepoint: 158200 ns, At safepoint: 7335000 ns, Total: 7493200 ns
[2020-09-30T09:18:15.767+0000][16584][gc,marking   ] GC(368) Concurrent Rebuild Remembered Sets
[2020-09-30T09:18:15.876+0000][16584][gc,marking   ] GC(368) Concurrent Rebuild Remembered Sets 108.823ms
[2020-09-30T09:18:15.876+0000][16584][gc,start     ] GC(368) Pause Cleanup
[2020-09-30T09:18:15.876+0000][16584][gc           ] GC(368) Pause Cleanup 686M->686M(1024M) 0.381ms
[2020-09-30T09:18:15.876+0000][16584][gc,cpu       ] GC(368) User=0.00s Sys=0.00s Real=0.00s
[2020-09-30T09:18:15.876+0000][16584][safepoint    ] Safepoint "G1Concurrent", Time since last: 109014200 ns, Reaching safepoint: 170900 ns, At safepoint: 654300 ns, Total: 825200 ns
[2020-09-30T09:18:15.877+0000][16584][gc,marking   ] GC(368) Concurrent Cleanup for Next Mark
[2020-09-30T09:18:15.879+0000][16584][gc,marking   ] GC(368) Concurrent Cleanup for Next Mark 1.996ms
[2020-09-30T09:18:15.879+0000][16584][gc           ] GC(368) Concurrent Cycle 283.635ms
[2020-09-30T09:18:15.889+0000][16584][gc,start     ] GC(369) Pause Young (Concurrent Start) (G1 Humongous Allocation)
[2020-09-30T09:18:15.889+0000][16584][gc,task      ] GC(369) Using 8 workers of 8 for evacuation
[2020-09-30T09:18:15.889+0000][16584][gc,age       ] GC(369) Desired survivor size 32505856 bytes, new threshold 15 (max threshold 15)
[2020-09-30T09:18:15.893+0000][16584][gc,age       ] GC(369) Age table with threshold 15 (max threshold 15)
[2020-09-30T09:18:15.894+0000][16584][gc,age       ] GC(369) - age   1:    4472872 bytes,    4472872 total
[2020-09-30T09:18:15.894+0000][16584][gc,age       ] GC(369) - age   2:       3904 bytes,    4476776 total
[2020-09-30T09:18:15.894+0000][16584][gc,age       ] GC(369) - age   3:       1760 bytes,    4478536 total
[2020-09-30T09:18:15.894+0000][16584][gc,age       ] GC(369) - age   4:      14960 bytes,    4493496 total
[2020-09-30T09:18:15.894+0000][16584][gc,age       ] GC(369) - age   5:       1848 bytes,    4495344 total
[2020-09-30T09:18:15.894+0000][16584][gc,age       ] GC(369) - age   6:      31912 bytes,    4527256 total
[2020-09-30T09:18:15.894+0000][16584][gc,age       ] GC(369) - age   7:      35264 bytes,    4562520 total
[2020-09-30T09:18:15.894+0000][16584][gc,age       ] GC(369) - age   8:       6712 bytes,    4569232 total
[2020-09-30T09:18:15.894+0000][16584][gc,age       ] GC(369) - age   9:        712 bytes,    4569944 total
[2020-09-30T09:18:15.894+0000][16584][gc,age       ] GC(369) - age  10:       8184 bytes,    4578128 total
[2020-09-30T09:18:15.894+0000][16584][gc,age       ] GC(369) - age  11:       5232 bytes,    4583360 total
[2020-09-30T09:18:15.894+0000][16584][gc,age       ] GC(369) - age  12:      28288 bytes,    4611648 total
[2020-09-30T09:18:15.894+0000][16584][gc,age       ] GC(369) - age  13:        520 bytes,    4612168 total
[2020-09-30T09:18:15.894+0000][16584][gc,age       ] GC(369) - age  14:      34744 bytes,    4646912 total
[2020-09-30T09:18:15.894+0000][16584][gc,age       ] GC(369) - age  15:        832 bytes,    4647744 total
[2020-09-30T09:18:15.894+0000][16584][gc,phases    ] GC(369)   Pre Evacuate Collection Set: 0.4ms
[2020-09-30T09:18:15.894+0000][16584][gc,phases    ] GC(369)   Merge Heap Roots: 0.1ms
[2020-09-30T09:18:15.894+0000][16584][gc,phases    ] GC(369)   Evacuate Collection Set: 2.4ms
[2020-09-30T09:18:15.894+0000][16584][gc,phases    ] GC(369)   Post Evacuate Collection Set: 1.1ms
[2020-09-30T09:18:15.894+0000][16584][gc,phases    ] GC(369)   Other: 1.1ms
[2020-09-30T09:18:15.894+0000][16584][gc,heap      ] GC(369) Eden regions: 113->0(490)
[2020-09-30T09:18:15.894+0000][16584][gc,heap      ] GC(369) Survivor regions: 3->5(62)
[2020-09-30T09:18:15.894+0000][16584][gc,heap      ] GC(369) Old regions: 80->80
[2020-09-30T09:18:15.895+0000][16584][gc,heap      ] GC(369) Archive regions: 0->0
[2020-09-30T09:18:15.895+0000][16584][gc,heap      ] GC(369) Humongous regions: 505->174
[2020-09-30T09:18:15.895+0000][16584][gc,metaspace ] GC(369) Metaspace: 89262K(95104K)->89262K(95104K) NonClass: 77954K(81408K)->77954K(81408K) Class: 11307K(13696K)->11307K(13696K)
[2020-09-30T09:18:15.895+0000][16584][gc           ] GC(369) Pause Young (Concurrent Start) (G1 Humongous Allocation) 699M->257M(1024M) 5.607ms
[2020-09-30T09:18:15.895+0000][16584][gc,cpu       ] GC(369) User=0.00s Sys=0.00s Real=0.01s
[2020-09-30T09:18:15.895+0000][16584][gc           ] GC(370) Concurrent Cycle
[2020-09-30T09:18:15.895+0000][16584][safepoint    ] Safepoint "G1TryInitiateConcMark", Time since last: 12400500 ns, Reaching safepoint: 159300 ns, At safepoint: 5898200 ns, Total: 6057500 ns
[2020-09-30T09:18:15.895+0000][16584][gc,marking   ] GC(370) Concurrent Clear Claimed Marks
[2020-09-30T09:18:15.896+0000][16584][gc,marking   ] GC(370) Concurrent Clear Claimed Marks 0.548ms
[2020-09-30T09:18:15.896+0000][16584][gc,marking   ] GC(370) Concurrent Scan Root Regions
[2020-09-30T09:18:15.899+0000][16584][gc,marking   ] GC(370) Concurrent Scan Root Regions 3.741ms
[2020-09-30T09:18:15.900+0000][16584][gc,marking   ] GC(370) Concurrent Mark (189.756s)
[2020-09-30T09:18:15.900+0000][16584][gc,marking   ] GC(370) Concurrent Mark From Roots
[2020-09-30T09:18:15.900+0000][16584][gc,task      ] GC(370) Using 2 workers of 2 for marking
[2020-09-30T09:18:16.062+0000][16584][gc,marking   ] GC(370) Concurrent Mark From Roots 163.362ms
[2020-09-30T09:18:16.063+0000][16584][gc,marking   ] GC(370) Concurrent Preclean
[2020-09-30T09:18:16.063+0000][16584][gc,marking   ] GC(370) Concurrent Preclean 0.477ms
[2020-09-30T09:18:16.063+0000][16584][gc,marking   ] GC(370) Concurrent Mark (189.756s, 189.920s) 164.006ms
[2020-09-30T09:18:16.063+0000][16584][gc,start     ] GC(370) Pause Remark
[2020-09-30T09:18:16.070+0000][16584][gc           ] GC(370) Pause Remark 410M->410M(1024M) 6.996ms
[2020-09-30T09:18:16.070+0000][16584][gc,cpu       ] GC(370) User=0.00s Sys=0.00s Real=0.01s
[2020-09-30T09:18:16.071+0000][16584][safepoint    ] Safepoint "G1Concurrent", Time since last: 168682800 ns, Reaching safepoint: 146500 ns, At safepoint: 7293400 ns, Total: 7439900 ns
[2020-09-30T09:18:16.071+0000][16584][gc,marking   ] GC(370) Concurrent Rebuild Remembered Sets
[2020-09-30T09:18:16.167+0000][16584][gc,marking   ] GC(370) Concurrent Rebuild Remembered Sets 96.401ms
[2020-09-30T09:18:16.167+0000][16584][gc,start     ] GC(370) Pause Cleanup
[2020-09-30T09:18:16.168+0000][16584][gc           ] GC(370) Pause Cleanup 417M->417M(1024M) 0.373ms
[2020-09-30T09:18:16.168+0000][16584][gc,cpu       ] GC(370) User=0.00s Sys=0.00s Real=0.00s
[2020-09-30T09:18:16.168+0000][16584][safepoint    ] Safepoint "G1Concurrent", Time since last: 96670100 ns, Reaching safepoint: 158600 ns, At safepoint: 578500 ns, Total: 737100 ns
[2020-09-30T09:18:16.169+0000][16584][gc,marking   ] GC(370) Concurrent Cleanup for Next Mark
[2020-09-30T09:18:16.170+0000][16584][gc,marking   ] GC(370) Concurrent Cleanup for Next Mark 1.585ms
[2020-09-30T09:18:16.170+0000][16584][gc           ] GC(370) Concurrent Cycle 275.402ms
[2020-09-30T09:18:16.254+0000][16584][gc,start     ] GC(371) Pause Young (Concurrent Start) (G1 Humongous Allocation)
[2020-09-30T09:18:16.254+0000][16584][gc,task      ] GC(371) Using 8 workers of 8 for evacuation
[2020-09-30T09:18:16.254+0000][16584][gc,age       ] GC(371) Desired survivor size 32505856 bytes, new threshold 15 (max threshold 15)
[2020-09-30T09:18:16.258+0000][16584][gc,age       ] GC(371) Age table with threshold 15 (max threshold 15)
[2020-09-30T09:18:16.258+0000][16584][gc,age       ] GC(371) - age   1:    2479064 bytes,    2479064 total
[2020-09-30T09:18:16.258+0000][16584][gc,age       ] GC(371) - age   2:       5224 bytes,    2484288 total
[2020-09-30T09:18:16.258+0000][16584][gc,age       ] GC(371) - age   3:       1096 bytes,    2485384 total
[2020-09-30T09:18:16.258+0000][16584][gc,age       ] GC(371) - age   4:       1696 bytes,    2487080 total
[2020-09-30T09:18:16.258+0000][16584][gc,age       ] GC(371) - age   5:       5496 bytes,    2492576 total
[2020-09-30T09:18:16.258+0000][16584][gc,age       ] GC(371) - age   6:       1448 bytes,    2494024 total
[2020-09-30T09:18:16.258+0000][16584][gc,age       ] GC(371) - age   7:      31688 bytes,    2525712 total
[2020-09-30T09:18:16.258+0000][16584][gc,age       ] GC(371) - age   8:      32776 bytes,    2558488 total
[2020-09-30T09:18:16.258+0000][16584][gc,age       ] GC(371) - age   9:       6712 bytes,    2565200 total
[2020-09-30T09:18:16.258+0000][16584][gc,age       ] GC(371) - age  10:        712 bytes,    2565912 total
[2020-09-30T09:18:16.258+0000][16584][gc,age       ] GC(371) - age  11:       8184 bytes,    2574096 total
[2020-09-30T09:18:16.258+0000][16584][gc,age       ] GC(371) - age  12:       5232 bytes,    2579328 total
[2020-09-30T09:18:16.258+0000][16584][gc,age       ] GC(371) - age  13:      28288 bytes,    2607616 total
[2020-09-30T09:18:16.258+0000][16584][gc,age       ] GC(371) - age  14:        520 bytes,    2608136 total
[2020-09-30T09:18:16.258+0000][16584][gc,age       ] GC(371) - age  15:      34744 bytes,    2642880 total
[2020-09-30T09:18:16.258+0000][16584][gc,phases    ] GC(371)   Pre Evacuate Collection Set: 0.5ms
[2020-09-30T09:18:16.259+0000][16584][gc,phases    ] GC(371)   Merge Heap Roots: 0.1ms
[2020-09-30T09:18:16.259+0000][16584][gc,phases    ] GC(371)   Evacuate Collection Set: 2.1ms
[2020-09-30T09:18:16.259+0000][16584][gc,phases    ] GC(371)   Post Evacuate Collection Set: 0.9ms
[2020-09-30T09:18:16.259+0000][16584][gc,phases    ] GC(371)   Other: 0.9ms
[2020-09-30T09:18:16.259+0000][16584][gc,heap      ] GC(371) Eden regions: 65->0(494)
[2020-09-30T09:18:16.259+0000][16584][gc,heap      ] GC(371) Survivor regions: 5->3(62)
[2020-09-30T09:18:16.259+0000][16584][gc,heap      ] GC(371) Old regions: 80->80
[2020-09-30T09:18:16.259+0000][16584][gc,heap      ] GC(371) Archive regions: 0->0
[2020-09-30T09:18:16.259+0000][16584][gc,heap      ] GC(371) Humongous regions: 274->174
[2020-09-30T09:18:16.259+0000][16584][gc,metaspace ] GC(371) Metaspace: 89272K(95104K)->89272K(95104K) NonClass: 77964K(81408K)->77964K(81408K) Class: 11307K(13696K)->11307K(13696K)
[2020-09-30T09:18:16.259+0000][16584][gc           ] GC(371) Pause Young (Concurrent Start) (G1 Humongous Allocation) 422M->255M(1024M) 4.800ms
[2020-09-30T09:18:16.259+0000][16584][gc,cpu       ] GC(371) User=0.00s Sys=0.00s Real=0.01s
[2020-09-30T09:18:16.259+0000][16584][gc           ] GC(372) Concurrent Cycle
[2020-09-30T09:18:16.259+0000][16584][safepoint    ] Safepoint "G1TryInitiateConcMark", Time since last: 85904900 ns, Reaching safepoint: 168900 ns, At safepoint: 5076600 ns, Total: 5245500 ns
[2020-09-30T09:18:16.259+0000][16584][gc,marking   ] GC(372) Concurrent Clear Claimed Marks
[2020-09-30T09:18:16.260+0000][16584][gc,marking   ] GC(372) Concurrent Clear Claimed Marks 0.571ms
[2020-09-30T09:18:16.260+0000][16584][gc,marking   ] GC(372) Concurrent Scan Root Regions
[2020-09-30T09:18:16.262+0000][16584][gc,marking   ] GC(372) Concurrent Scan Root Regions 2.028ms
[2020-09-30T09:18:16.262+0000][16584][gc,marking   ] GC(372) Concurrent Mark (190.119s)
[2020-09-30T09:18:16.262+0000][16584][gc,marking   ] GC(372) Concurrent Mark From Roots
[2020-09-30T09:18:16.262+0000][16584][gc,task      ] GC(372) Using 2 workers of 2 for marking
[2020-09-30T09:18:16.423+0000][16584][gc,marking   ] GC(372) Concurrent Mark From Roots 161.422ms
[2020-09-30T09:18:16.424+0000][16584][gc,marking   ] GC(372) Concurrent Preclean
[2020-09-30T09:18:16.424+0000][16584][gc,marking   ] GC(372) Concurrent Preclean 0.547ms
[2020-09-30T09:18:16.424+0000][16584][gc,marking   ] GC(372) Concurrent Mark (190.119s, 190.282s) 162.204ms
[2020-09-30T09:18:16.424+0000][16584][gc,start     ] GC(372) Pause Remark
[2020-09-30T09:18:16.433+0000][16584][gc           ] GC(372) Pause Remark 377M->377M(1024M) 8.135ms
[2020-09-30T09:18:16.433+0000][16584][gc,cpu       ] GC(372) User=0.00s Sys=0.00s Real=0.01s
[2020-09-30T09:18:16.433+0000][16584][safepoint    ] Safepoint "G1Concurrent", Time since last: 165184800 ns, Reaching safepoint: 137600 ns, At safepoint: 8464500 ns, Total: 8602100 ns
[2020-09-30T09:18:16.433+0000][16584][gc,marking   ] GC(372) Concurrent Rebuild Remembered Sets
[2020-09-30T09:18:16.544+0000][16584][gc,marking   ] GC(372) Concurrent Rebuild Remembered Sets 110.620ms
[2020-09-30T09:18:16.544+0000][16584][gc,start     ] GC(372) Pause Cleanup
[2020-09-30T09:18:16.544+0000][16584][gc           ] GC(372) Pause Cleanup 436M->436M(1024M) 0.307ms
[2020-09-30T09:18:16.544+0000][16584][gc,cpu       ] GC(372) User=0.00s Sys=0.00s Real=0.00s
[2020-09-30T09:18:16.544+0000][16584][safepoint    ] Safepoint "G1Concurrent", Time since last: 110828900 ns, Reaching safepoint: 135100 ns, At safepoint: 492300 ns, Total: 627400 ns
[2020-09-30T09:18:16.544+0000][16584][gc,marking   ] GC(372) Concurrent Cleanup for Next Mark
[2020-09-30T09:18:16.546+0000][16584][gc,marking   ] GC(372) Concurrent Cleanup for Next Mark 1.913ms
[2020-09-30T09:18:16.546+0000][16584][gc           ] GC(372) Concurrent Cycle 287.441ms
[2020-09-30T09:18:16.632+0000][16584][gc,start     ] GC(373) Pause Young (Concurrent Start) (G1 Humongous Allocation)
[2020-09-30T09:18:16.633+0000][16584][gc,task      ] GC(373) Using 8 workers of 8 for evacuation
[2020-09-30T09:18:16.633+0000][16584][gc,age       ] GC(373) Desired survivor size 33030144 bytes, new threshold 15 (max threshold 15)
[2020-09-30T09:18:16.638+0000][16584][gc,age       ] GC(373) Age table with threshold 15 (max threshold 15)
[2020-09-30T09:18:16.638+0000][16584][gc,age       ] GC(373) - age   1:   13075952 bytes,   13075952 total
[2020-09-30T09:18:16.638+0000][16584][gc,age       ] GC(373) - age   2:       9600 bytes,   13085552 total
[2020-09-30T09:18:16.638+0000][16584][gc,age       ] GC(373) - age   3:       3864 bytes,   13089416 total
[2020-09-30T09:18:16.638+0000][16584][gc,age       ] GC(373) - age   4:        520 bytes,   13089936 total
[2020-09-30T09:18:16.638+0000][16584][gc,age       ] GC(373) - age   5:       1344 bytes,   13091280 total
[2020-09-30T09:18:16.638+0000][16584][gc,age       ] GC(373) - age   6:       5104 bytes,   13096384 total
[2020-09-30T09:18:16.638+0000][16584][gc,age       ] GC(373) - age   7:       1320 bytes,   13097704 total
[2020-09-30T09:18:16.638+0000][16584][gc,age       ] GC(373) - age   8:      31560 bytes,   13129264 total
[2020-09-30T09:18:16.638+0000][16584][gc,age       ] GC(373) - age   9:      32776 bytes,   13162040 total
[2020-09-30T09:18:16.638+0000][16584][gc,age       ] GC(373) - age  10:       6680 bytes,   13168720 total
[2020-09-30T09:18:16.638+0000][16584][gc,age       ] GC(373) - age  11:        648 bytes,   13169368 total
[2020-09-30T09:18:16.638+0000][16584][gc,age       ] GC(373) - age  12:       8184 bytes,   13177552 total
[2020-09-30T09:18:16.638+0000][16584][gc,age       ] GC(373) - age  13:       5136 bytes,   13182688 total
[2020-09-30T09:18:16.638+0000][16584][gc,age       ] GC(373) - age  14:      28224 bytes,   13210912 total
[2020-09-30T09:18:16.639+0000][16584][gc,age       ] GC(373) - age  15:        520 bytes,   13211432 total
[2020-09-30T09:18:16.639+0000][16584][gc,phases    ] GC(373)   Pre Evacuate Collection Set: 0.4ms
[2020-09-30T09:18:16.639+0000][16584][gc,phases    ] GC(373)   Merge Heap Roots: 0.1ms
[2020-09-30T09:18:16.639+0000][16584][gc,phases    ] GC(373)   Evacuate Collection Set: 3.7ms
[2020-09-30T09:18:16.639+0000][16584][gc,phases    ] GC(373)   Post Evacuate Collection Set: 0.9ms
[2020-09-30T09:18:16.639+0000][16584][gc,phases    ] GC(373)   Other: 1.1ms
[2020-09-30T09:18:16.639+0000][16584][gc,heap      ] GC(373) Eden regions: 72->0(476)
[2020-09-30T09:18:16.639+0000][16584][gc,heap      ] GC(373) Survivor regions: 3->13(63)
[2020-09-30T09:18:16.639+0000][16584][gc,heap      ] GC(373) Old regions: 80->80
[2020-09-30T09:18:16.639+0000][16584][gc,heap      ] GC(373) Archive regions: 0->0
[2020-09-30T09:18:16.639+0000][16584][gc,heap      ] GC(373) Humongous regions: 304->174
[2020-09-30T09:18:16.639+0000][16584][gc,metaspace ] GC(373) Metaspace: 89272K(95104K)->89272K(95104K) NonClass: 77964K(81408K)->77964K(81408K) Class: 11307K(13696K)->11307K(13696K)
[2020-09-30T09:18:16.639+0000][16584][gc           ] GC(373) Pause Young (Concurrent Start) (G1 Humongous Allocation) 457M->265M(1024M) 6.727ms
[2020-09-30T09:18:16.639+0000][16584][gc,cpu       ] GC(373) User=0.03s Sys=0.00s Real=0.01s
[2020-09-30T09:18:16.639+0000][16584][gc           ] GC(374) Concurrent Cycle
[2020-09-30T09:18:16.639+0000][16584][gc,marking   ] GC(374) Concurrent Clear Claimed Marks
[2020-09-30T09:18:16.640+0000][16584][safepoint    ] Safepoint "G1TryInitiateConcMark", Time since last: 87878300 ns, Reaching safepoint: 217500 ns, At safepoint: 7182200 ns, Total: 7399700 ns
[2020-09-30T09:18:16.640+0000][16584][gc,marking   ] GC(374) Concurrent Clear Claimed Marks 0.389ms
[2020-09-30T09:18:16.640+0000][16584][gc,marking   ] GC(374) Concurrent Scan Root Regions
[2020-09-30T09:18:16.643+0000][16584][gc,marking   ] GC(374) Concurrent Scan Root Regions 3.600ms
[2020-09-30T09:18:16.644+0000][16584][gc,marking   ] GC(374) Concurrent Mark (190.501s)
[2020-09-30T09:18:16.644+0000][16584][gc,marking   ] GC(374) Concurrent Mark From Roots
[2020-09-30T09:18:16.644+0000][16584][gc,task      ] GC(374) Using 2 workers of 2 for marking
[2020-09-30T09:18:16.832+0000][16584][gc,marking   ] GC(374) Concurrent Mark From Roots 187.238ms
[2020-09-30T09:18:16.832+0000][16584][gc,marking   ] GC(374) Concurrent Preclean
[2020-09-30T09:18:16.832+0000][16584][gc,marking   ] GC(374) Concurrent Preclean 0.700ms
[2020-09-30T09:18:16.832+0000][16584][gc,marking   ] GC(374) Concurrent Mark (190.501s, 190.689s) 188.160ms
[2020-09-30T09:18:16.833+0000][16584][gc,start     ] GC(374) Pause Remark
[2020-09-30T09:18:16.840+0000][16584][gc           ] GC(374) Pause Remark 715M->715M(1024M) 7.154ms
[2020-09-30T09:18:16.840+0000][16584][gc,cpu       ] GC(374) User=0.00s Sys=0.00s Real=0.01s
[2020-09-30T09:18:16.840+0000][16584][safepoint    ] Safepoint "G1Concurrent", Time since last: 192310600 ns, Reaching safepoint: 200600 ns, At safepoint: 7377000 ns, Total: 7577600 ns
[2020-09-30T09:18:16.840+0000][16584][gc,marking   ] GC(374) Concurrent Rebuild Remembered Sets
[2020-09-30T09:18:16.943+0000][16584][gc,marking   ] GC(374) Concurrent Rebuild Remembered Sets 102.686ms
[2020-09-30T09:18:16.943+0000][16584][gc,start     ] GC(374) Pause Cleanup
[2020-09-30T09:18:16.943+0000][16584][gc           ] GC(374) Pause Cleanup 719M->719M(1024M) 0.372ms
[2020-09-30T09:18:16.944+0000][16584][gc,cpu       ] GC(374) User=0.00s Sys=0.00s Real=0.00s
[2020-09-30T09:18:16.944+0000][16584][safepoint    ] Safepoint "G1Concurrent", Time since last: 102857500 ns, Reaching safepoint: 222500 ns, At safepoint: 950000 ns, Total: 1172500 ns
[2020-09-30T09:18:16.944+0000][16584][gc,marking   ] GC(374) Concurrent Cleanup for Next Mark
[2020-09-30T09:18:16.946+0000][16584][gc,marking   ] GC(374) Concurrent Cleanup for Next Mark 1.928ms
[2020-09-30T09:18:16.946+0000][16584][gc           ] GC(374) Concurrent Cycle 306.424ms
[2020-09-30T09:18:17.142+0000][16584][gc,start     ] GC(375) Pause Young (Concurrent Start) (G1 Humongous Allocation)
[2020-09-30T09:18:17.142+0000][16584][gc,task      ] GC(375) Using 8 workers of 8 for evacuation
[2020-09-30T09:18:17.142+0000][16584][gc,age       ] GC(375) Desired survivor size 32505856 bytes, new threshold 15 (max threshold 15)
[2020-09-30T09:18:17.149+0000][16584][gc,age       ] GC(375) Age table with threshold 15 (max threshold 15)
[2020-09-30T09:18:17.149+0000][16584][gc,age       ] GC(375) - age   1:   13327064 bytes,   13327064 total
[2020-09-30T09:18:17.149+0000][16584][gc,age       ] GC(375) - age   2:       5360 bytes,   13332424 total
[2020-09-30T09:18:17.149+0000][16584][gc,age       ] GC(375) - age   3:       2696 bytes,   13335120 total
[2020-09-30T09:18:17.149+0000][16584][gc,age       ] GC(375) - age   4:       2264 bytes,   13337384 total
[2020-09-30T09:18:17.149+0000][16584][gc,age       ] GC(375) - age   5:        488 bytes,   13337872 total
[2020-09-30T09:18:17.149+0000][16584][gc,age       ] GC(375) - age   6:       1344 bytes,   13339216 total
[2020-09-30T09:18:17.150+0000][16584][gc,age       ] GC(375) - age   7:       4688 bytes,   13343904 total
[2020-09-30T09:18:17.150+0000][16584][gc,age       ] GC(375) - age   8:       1200 bytes,   13345104 total
[2020-09-30T09:18:17.150+0000][16584][gc,age       ] GC(375) - age   9:      29128 bytes,   13374232 total
[2020-09-30T09:18:17.150+0000][16584][gc,age       ] GC(375) - age  10:      32256 bytes,   13406488 total
[2020-09-30T09:18:17.150+0000][16584][gc,age       ] GC(375) - age  11:       6680 bytes,   13413168 total
[2020-09-30T09:18:17.150+0000][16584][gc,age       ] GC(375) - age  12:        584 bytes,   13413752 total
[2020-09-30T09:18:17.150+0000][16584][gc,age       ] GC(375) - age  13:       8152 bytes,   13421904 total
[2020-09-30T09:18:17.150+0000][16584][gc,age       ] GC(375) - age  14:       4976 bytes,   13426880 total
[2020-09-30T09:18:17.150+0000][16584][gc,age       ] GC(375) - age  15:      28224 bytes,   13455104 total
[2020-09-30T09:18:17.150+0000][16584][gc,phases    ] GC(375)   Pre Evacuate Collection Set: 0.6ms
[2020-09-30T09:18:17.150+0000][16584][gc,phases    ] GC(375)   Merge Heap Roots: 0.1ms
[2020-09-30T09:18:17.150+0000][16584][gc,phases    ] GC(375)   Evacuate Collection Set: 4.2ms
[2020-09-30T09:18:17.150+0000][16584][gc,phases    ] GC(375)   Post Evacuate Collection Set: 1.4ms
[2020-09-30T09:18:17.150+0000][16584][gc,phases    ] GC(375)   Other: 1.8ms
[2020-09-30T09:18:17.150+0000][16584][gc,heap      ] GC(375) Eden regions: 136->0(470)
[2020-09-30T09:18:17.150+0000][16584][gc,heap      ] GC(375) Survivor regions: 13->14(62)
[2020-09-30T09:18:17.150+0000][16584][gc,heap      ] GC(375) Old regions: 80->80
[2020-09-30T09:18:17.150+0000][16584][gc,heap      ] GC(375) Archive regions: 0->0
[2020-09-30T09:18:17.150+0000][16584][gc,heap      ] GC(375) Humongous regions: 516->174
[2020-09-30T09:18:17.151+0000][16584][gc,metaspace ] GC(375) Metaspace: 89278K(95104K)->89278K(95104K) NonClass: 77971K(81408K)->77971K(81408K) Class: 11307K(13696K)->11307K(13696K)
[2020-09-30T09:18:17.151+0000][16584][gc           ] GC(375) Pause Young (Concurrent Start) (G1 Humongous Allocation) 743M->266M(1024M) 8.506ms
[2020-09-30T09:18:17.151+0000][16584][gc,cpu       ] GC(375) User=0.00s Sys=0.00s Real=0.01s
[2020-09-30T09:18:17.151+0000][16584][gc           ] GC(376) Concurrent Cycle
[2020-09-30T09:18:17.151+0000][16584][safepoint    ] Safepoint "G1TryInitiateConcMark", Time since last: 197875900 ns, Reaching safepoint: 199900 ns, At safepoint: 8795200 ns, Total: 8995100 ns
[2020-09-30T09:18:17.151+0000][16584][gc,marking   ] GC(376) Concurrent Clear Claimed Marks
[2020-09-30T09:18:17.151+0000][16584][gc,marking   ] GC(376) Concurrent Clear Claimed Marks 0.533ms
[2020-09-30T09:18:17.151+0000][16584][gc,marking   ] GC(376) Concurrent Scan Root Regions
[2020-09-30T09:18:17.155+0000][16584][gc,marking   ] GC(376) Concurrent Scan Root Regions 3.708ms
[2020-09-30T09:18:17.155+0000][16584][gc,marking   ] GC(376) Concurrent Mark (191.012s)
[2020-09-30T09:18:17.155+0000][16584][gc,marking   ] GC(376) Concurrent Mark From Roots
[2020-09-30T09:18:17.155+0000][16584][gc,task      ] GC(376) Using 2 workers of 2 for marking
[2020-09-30T09:18:17.333+0000][16584][gc,marking   ] GC(376) Concurrent Mark From Roots 177.254ms
[2020-09-30T09:18:17.333+0000][16584][gc,marking   ] GC(376) Concurrent Preclean
[2020-09-30T09:18:17.333+0000][16584][gc,marking   ] GC(376) Concurrent Preclean 0.628ms
[2020-09-30T09:18:17.333+0000][16584][gc,marking   ] GC(376) Concurrent Mark (191.012s, 191.190s) 178.139ms
[2020-09-30T09:18:17.334+0000][16584][gc,start     ] GC(376) Pause Remark
[2020-09-30T09:18:17.342+0000][16584][gc           ] GC(376) Pause Remark 661M->661M(1024M) 7.444ms
[2020-09-30T09:18:17.342+0000][16584][gc,cpu       ] GC(376) User=0.03s Sys=0.00s Real=0.01s
[2020-09-30T09:18:17.342+0000][16584][safepoint    ] Safepoint "G1Concurrent", Time since last: 182704700 ns, Reaching safepoint: 820300 ns, At safepoint: 7897800 ns, Total: 8718100 ns
[2020-09-30T09:18:17.342+0000][16584][gc,marking   ] GC(376) Concurrent Rebuild Remembered Sets
[2020-09-30T09:18:17.447+0000][16584][gc,marking   ] GC(376) Concurrent Rebuild Remembered Sets 104.677ms
[2020-09-30T09:18:17.470+0000][16584][gc,start     ] GC(376) Pause Cleanup
[2020-09-30T09:18:17.470+0000][16584][gc           ] GC(376) Pause Cleanup 724M->724M(1024M) 0.403ms
[2020-09-30T09:18:17.470+0000][16584][gc,cpu       ] GC(376) User=0.00s Sys=0.00s Real=0.00s
[2020-09-30T09:18:17.470+0000][16584][safepoint    ] Safepoint "G1Concurrent", Time since last: 104977400 ns, Reaching safepoint: 22461400 ns, At safepoint: 733500 ns, Total: 23194900 ns
[2020-09-30T09:18:17.471+0000][16584][gc,marking   ] GC(376) Concurrent Cleanup for Next Mark
[2020-09-30T09:18:17.472+0000][16584][gc,marking   ] GC(376) Concurrent Cleanup for Next Mark 2.031ms
[2020-09-30T09:18:17.472+0000][16584][gc           ] GC(376) Concurrent Cycle 321.927ms
[2020-09-30T09:18:17.751+0000][16584][gc,start     ] GC(377) Pause Young (Concurrent Start) (G1 Humongous Allocation)
[2020-09-30T09:18:17.751+0000][16584][gc,task      ] GC(377) Using 8 workers of 8 for evacuation
[2020-09-30T09:18:17.751+0000][16584][gc,age       ] GC(377) Desired survivor size 31981568 bytes, new threshold 15 (max threshold 15)
[2020-09-30T09:18:17.755+0000][16584][gc,age       ] GC(377) Age table with threshold 15 (max threshold 15)
[2020-09-30T09:18:17.755+0000][16584][gc,age       ] GC(377) - age   1:    1952592 bytes,    1952592 total
[2020-09-30T09:18:17.755+0000][16584][gc,age       ] GC(377) - age   2:       6320 bytes,    1958912 total
[2020-09-30T09:18:17.755+0000][16584][gc,age       ] GC(377) - age   3:       4344 bytes,    1963256 total
[2020-09-30T09:18:17.755+0000][16584][gc,age       ] GC(377) - age   4:       2448 bytes,    1965704 total
[2020-09-30T09:18:17.755+0000][16584][gc,age       ] GC(377) - age   5:       2264 bytes,    1967968 total
[2020-09-30T09:18:17.755+0000][16584][gc,age       ] GC(377) - age   6:        488 bytes,    1968456 total
[2020-09-30T09:18:17.756+0000][16584][gc,age       ] GC(377) - age   7:       1344 bytes,    1969800 total
[2020-09-30T09:18:17.756+0000][16584][gc,age       ] GC(377) - age   8:       4688 bytes,    1974488 total
[2020-09-30T09:18:17.756+0000][16584][gc,age       ] GC(377) - age   9:       1136 bytes,    1975624 total
[2020-09-30T09:18:17.756+0000][16584][gc,age       ] GC(377) - age  10:      29128 bytes,    2004752 total
[2020-09-30T09:18:17.756+0000][16584][gc,age       ] GC(377) - age  11:      32256 bytes,    2037008 total
[2020-09-30T09:18:17.756+0000][16584][gc,age       ] GC(377) - age  12:       6648 bytes,    2043656 total
[2020-09-30T09:18:17.756+0000][16584][gc,age       ] GC(377) - age  13:        584 bytes,    2044240 total
[2020-09-30T09:18:17.756+0000][16584][gc,age       ] GC(377) - age  14:       8088 bytes,    2052328 total
[2020-09-30T09:18:17.756+0000][16584][gc,age       ] GC(377) - age  15:       4976 bytes,    2057304 total
[2020-09-30T09:18:17.756+0000][16584][gc,phases    ] GC(377)   Pre Evacuate Collection Set: 0.5ms
[2020-09-30T09:18:17.756+0000][16584][gc,phases    ] GC(377)   Merge Heap Roots: 0.1ms
[2020-09-30T09:18:17.756+0000][16584][gc,phases    ] GC(377)   Evacuate Collection Set: 2.1ms
[2020-09-30T09:18:17.756+0000][16584][gc,phases    ] GC(377)   Post Evacuate Collection Set: 1.0ms
[2020-09-30T09:18:17.756+0000][16584][gc,phases    ] GC(377)   Other: 1.0ms
[2020-09-30T09:18:17.756+0000][16584][gc,heap      ] GC(377) Eden regions: 126->0(486)
[2020-09-30T09:18:17.756+0000][16584][gc,heap      ] GC(377) Survivor regions: 14->3(61)
[2020-09-30T09:18:17.756+0000][16584][gc,heap      ] GC(377) Old regions: 80->80
[2020-09-30T09:18:17.756+0000][16584][gc,heap      ] GC(377) Archive regions: 0->0
[2020-09-30T09:18:17.756+0000][16584][gc,heap      ] GC(377) Humongous regions: 524->174
[2020-09-30T09:18:17.756+0000][16584][gc,metaspace ] GC(377) Metaspace: 89280K(95104K)->89280K(95104K) NonClass: 77973K(81408K)->77973K(81408K) Class: 11307K(13696K)->11307K(13696K)
[2020-09-30T09:18:17.756+0000][16584][gc           ] GC(377) Pause Young (Concurrent Start) (G1 Humongous Allocation) 742M->255M(1024M) 4.962ms
[2020-09-30T09:18:17.756+0000][16584][gc,cpu       ] GC(377) User=0.00s Sys=0.00s Real=0.01s
[2020-09-30T09:18:17.756+0000][16584][safepoint    ] Safepoint "G1TryInitiateConcMark", Time since last: 280186900 ns, Reaching safepoint: 176700 ns, At safepoint: 5122800 ns, Total: 5299500 ns
[2020-09-30T09:18:17.756+0000][16584][gc           ] GC(378) Concurrent Cycle
[2020-09-30T09:18:17.756+0000][16584][gc,marking   ] GC(378) Concurrent Clear Claimed Marks
[2020-09-30T09:18:17.757+0000][16584][gc,marking   ] GC(378) Concurrent Clear Claimed Marks 0.638ms
[2020-09-30T09:18:17.757+0000][16584][gc,marking   ] GC(378) Concurrent Scan Root Regions
[2020-09-30T09:18:17.760+0000][16584][gc,marking   ] GC(378) Concurrent Scan Root Regions 2.657ms
[2020-09-30T09:18:17.760+0000][16584][gc,marking   ] GC(378) Concurrent Mark (191.616s)
[2020-09-30T09:18:17.760+0000][16584][gc,marking   ] GC(378) Concurrent Mark From Roots
[2020-09-30T09:18:17.760+0000][16584][gc,task      ] GC(378) Using 2 workers of 2 for marking
[2020-09-30T09:18:17.932+0000][16584][gc,marking   ] GC(378) Concurrent Mark From Roots 173.109ms
[2020-09-30T09:18:17.933+0000][16584][gc,marking   ] GC(378) Concurrent Preclean
[2020-09-30T09:18:17.933+0000][16584][gc,marking   ] GC(378) Concurrent Preclean 0.671ms
[2020-09-30T09:18:17.933+0000][16584][gc,marking   ] GC(378) Concurrent Mark (191.616s, 191.790s) 174.014ms
[2020-09-30T09:18:17.934+0000][16584][gc,start     ] GC(378) Pause Remark
[2020-09-30T09:18:17.941+0000][16584][gc           ] GC(378) Pause Remark 346M->346M(1024M) 7.221ms
[2020-09-30T09:18:17.941+0000][16584][gc,cpu       ] GC(378) User=0.11s Sys=0.00s Real=0.01s
[2020-09-30T09:18:17.941+0000][16584][safepoint    ] Safepoint "G1Concurrent", Time since last: 177698800 ns, Reaching safepoint: 183400 ns, At safepoint: 7484600 ns, Total: 7668000 ns
[2020-09-30T09:18:17.941+0000][16584][gc,marking   ] GC(378) Concurrent Rebuild Remembered Sets
[2020-09-30T09:18:18.038+0000][16584][gc,marking   ] GC(378) Concurrent Rebuild Remembered Sets 96.571ms
[2020-09-30T09:18:18.038+0000][16584][gc,start     ] GC(378) Pause Cleanup
[2020-09-30T09:18:18.038+0000][16584][gc           ] GC(378) Pause Cleanup 347M->347M(1024M) 0.354ms
[2020-09-30T09:18:18.038+0000][16584][gc,cpu       ] GC(378) User=0.00s Sys=0.00s Real=0.00s
[2020-09-30T09:18:18.038+0000][16584][safepoint    ] Safepoint "G1Concurrent", Time since last: 96765300 ns, Reaching safepoint: 142600 ns, At safepoint: 553300 ns, Total: 695900 ns
[2020-09-30T09:18:18.039+0000][16584][gc,marking   ] GC(378) Concurrent Cleanup for Next Mark
[2020-09-30T09:18:18.040+0000][16584][gc,marking   ] GC(378) Concurrent Cleanup for Next Mark 1.822ms
[2020-09-30T09:18:18.041+0000][16584][gc           ] GC(378) Concurrent Cycle 284.928ms
[2020-09-30T09:18:18.103+0000][16584][gc,start     ] GC(379) Pause Young (Concurrent Start) (G1 Humongous Allocation)
[2020-09-30T09:18:18.103+0000][16584][gc,task      ] GC(379) Using 8 workers of 8 for evacuation
[2020-09-30T09:18:18.104+0000][16584][gc,age       ] GC(379) Desired survivor size 32505856 bytes, new threshold 15 (max threshold 15)
[2020-09-30T09:18:18.107+0000][16584][gc,age       ] GC(379) Age table with threshold 15 (max threshold 15)
[2020-09-30T09:18:18.107+0000][16584][gc,age       ] GC(379) - age   1:    2679976 bytes,    2679976 total
[2020-09-30T09:18:18.107+0000][16584][gc,age       ] GC(379) - age   2:      21664 bytes,    2701640 total
[2020-09-30T09:18:18.107+0000][16584][gc,age       ] GC(379) - age   3:       4416 bytes,    2706056 total
[2020-09-30T09:18:18.107+0000][16584][gc,age       ] GC(379) - age   4:       4312 bytes,    2710368 total
[2020-09-30T09:18:18.107+0000][16584][gc,age       ] GC(379) - age   5:       2352 bytes,    2712720 total
[2020-09-30T09:18:18.107+0000][16584][gc,age       ] GC(379) - age   6:       2008 bytes,    2714728 total
[2020-09-30T09:18:18.107+0000][16584][gc,age       ] GC(379) - age   7:        488 bytes,    2715216 total
[2020-09-30T09:18:18.107+0000][16584][gc,age       ] GC(379) - age   8:       1312 bytes,    2716528 total
[2020-09-30T09:18:18.107+0000][16584][gc,age       ] GC(379) - age   9:       4624 bytes,    2721152 total
[2020-09-30T09:18:18.107+0000][16584][gc,age       ] GC(379) - age  10:       1136 bytes,    2722288 total
[2020-09-30T09:18:18.107+0000][16584][gc,age       ] GC(379) - age  11:      29128 bytes,    2751416 total
[2020-09-30T09:18:18.107+0000][16584][gc,age       ] GC(379) - age  12:      32256 bytes,    2783672 total
[2020-09-30T09:18:18.107+0000][16584][gc,age       ] GC(379) - age  13:       6584 bytes,    2790256 total
[2020-09-30T09:18:18.107+0000][16584][gc,age       ] GC(379) - age  14:        584 bytes,    2790840 total
[2020-09-30T09:18:18.108+0000][16584][gc,age       ] GC(379) - age  15:       8088 bytes,    2798928 total
[2020-09-30T09:18:18.108+0000][16584][gc,phases    ] GC(379)   Pre Evacuate Collection Set: 0.4ms
[2020-09-30T09:18:18.108+0000][16584][gc,phases    ] GC(379)   Merge Heap Roots: 0.1ms
[2020-09-30T09:18:18.108+0000][16584][gc,phases    ] GC(379)   Evacuate Collection Set: 2.1ms
[2020-09-30T09:18:18.108+0000][16584][gc,phases    ] GC(379)   Post Evacuate Collection Set: 0.8ms
[2020-09-30T09:18:18.108+0000][16584][gc,phases    ] GC(379)   Other: 0.9ms
[2020-09-30T09:18:18.108+0000][16584][gc,heap      ] GC(379) Eden regions: 35->0(490)
[2020-09-30T09:18:18.108+0000][16584][gc,heap      ] GC(379) Survivor regions: 3->3(62)
[2020-09-30T09:18:18.108+0000][16584][gc,heap      ] GC(379) Old regions: 80->80
[2020-09-30T09:18:18.108+0000][16584][gc,heap      ] GC(379) Archive regions: 0->0
[2020-09-30T09:18:18.108+0000][16584][gc,heap      ] GC(379) Humongous regions: 236->174
[2020-09-30T09:18:18.108+0000][16584][gc,metaspace ] GC(379) Metaspace: 89281K(95104K)->89281K(95104K) NonClass: 77974K(81408K)->77974K(81408K) Class: 11307K(13696K)->11307K(13696K)
[2020-09-30T09:18:18.108+0000][16584][gc           ] GC(379) Pause Young (Concurrent Start) (G1 Humongous Allocation) 352M->256M(1024M) 4.479ms
[2020-09-30T09:18:18.108+0000][16584][gc,cpu       ] GC(379) User=0.03s Sys=0.00s Real=0.01s
[2020-09-30T09:18:18.108+0000][16584][safepoint    ] Safepoint "G1TryInitiateConcMark", Time since last: 64679700 ns, Reaching safepoint: 174600 ns, At safepoint: 4653200 ns, Total: 4827800 ns
[2020-09-30T09:18:18.108+0000][16584][gc           ] GC(380) Concurrent Cycle
[2020-09-30T09:18:18.108+0000][16584][gc,marking   ] GC(380) Concurrent Clear Claimed Marks
[2020-09-30T09:18:18.109+0000][16584][gc,marking   ] GC(380) Concurrent Clear Claimed Marks 0.458ms
[2020-09-30T09:18:18.109+0000][16584][gc,marking   ] GC(380) Concurrent Scan Root Regions
[2020-09-30T09:18:18.111+0000][16584][gc,marking   ] GC(380) Concurrent Scan Root Regions 2.505ms
[2020-09-30T09:18:18.111+0000][16584][gc,marking   ] GC(380) Concurrent Mark (191.968s)
[2020-09-30T09:18:18.111+0000][16584][gc,marking   ] GC(380) Concurrent Mark From Roots
[2020-09-30T09:18:18.111+0000][16584][gc,task      ] GC(380) Using 2 workers of 2 for marking
[2020-09-30T09:18:18.258+0000][16584][gc,marking   ] GC(380) Concurrent Mark From Roots 146.654ms
[2020-09-30T09:18:18.258+0000][16584][gc,marking   ] GC(380) Concurrent Preclean
[2020-09-30T09:18:18.258+0000][16584][gc,marking   ] GC(380) Concurrent Preclean 0.370ms
[2020-09-30T09:18:18.258+0000][16584][gc,marking   ] GC(380) Concurrent Mark (191.968s, 192.116s) 147.195ms
[2020-09-30T09:18:18.259+0000][16584][gc,start     ] GC(380) Pause Remark
[2020-09-30T09:18:18.266+0000][16584][gc           ] GC(380) Pause Remark 320M->320M(1024M) 7.316ms
[2020-09-30T09:18:18.266+0000][16584][gc,cpu       ] GC(380) User=0.09s Sys=0.00s Real=0.01s
[2020-09-30T09:18:18.266+0000][16584][safepoint    ] Safepoint "G1Concurrent", Time since last: 150558400 ns, Reaching safepoint: 143600 ns, At safepoint: 7579100 ns, Total: 7722700 ns
[2020-09-30T09:18:18.266+0000][16584][gc,marking   ] GC(380) Concurrent Rebuild Remembered Sets
[2020-09-30T09:18:18.362+0000][16584][gc,marking   ] GC(380) Concurrent Rebuild Remembered Sets 96.122ms
[2020-09-30T09:18:18.363+0000][16584][gc,start     ] GC(380) Pause Cleanup
[2020-09-30T09:18:18.363+0000][16584][gc           ] GC(380) Pause Cleanup 392M->392M(1024M) 0.348ms
[2020-09-30T09:18:18.363+0000][16584][gc,cpu       ] GC(380) User=0.00s Sys=0.00s Real=0.00s
[2020-09-30T09:18:18.363+0000][16584][safepoint    ] Safepoint "G1Concurrent", Time since last: 96357100 ns, Reaching safepoint: 143000 ns, At safepoint: 547300 ns, Total: 690300 ns
[2020-09-30T09:18:18.363+0000][16584][gc,marking   ] GC(380) Concurrent Cleanup for Next Mark
[2020-09-30T09:18:18.365+0000][16584][gc,marking   ] GC(380) Concurrent Cleanup for Next Mark 1.849ms
[2020-09-30T09:18:18.365+0000][16584][gc           ] GC(380) Concurrent Cycle 257.382ms
[2020-09-30T09:18:18.675+0000][16584][gc,start     ] GC(381) Pause Young (Concurrent Start) (G1 Humongous Allocation)
[2020-09-30T09:18:18.675+0000][16584][gc,task      ] GC(381) Using 8 workers of 8 for evacuation
[2020-09-30T09:18:18.675+0000][16584][gc,age       ] GC(381) Desired survivor size 32505856 bytes, new threshold 15 (max threshold 15)
[2020-09-30T09:18:18.681+0000][16584][gc,age       ] GC(381) Age table with threshold 15 (max threshold 15)
[2020-09-30T09:18:18.681+0000][16584][gc,age       ] GC(381) - age   1:   18979256 bytes,   18979256 total
[2020-09-30T09:18:18.682+0000][16584][gc,age       ] GC(381) - age   2:       4584 bytes,   18983840 total
[2020-09-30T09:18:18.682+0000][16584][gc,age       ] GC(381) - age   3:      16248 bytes,   19000088 total
[2020-09-30T09:18:18.682+0000][16584][gc,age       ] GC(381) - age   4:       2944 bytes,   19003032 total
[2020-09-30T09:18:18.682+0000][16584][gc,age       ] GC(381) - age   5:       3768 bytes,   19006800 total
[2020-09-30T09:18:18.682+0000][16584][gc,age       ] GC(381) - age   6:       2256 bytes,   19009056 total
[2020-09-30T09:18:18.682+0000][16584][gc,age       ] GC(381) - age   7:       1944 bytes,   19011000 total
[2020-09-30T09:18:18.682+0000][16584][gc,age       ] GC(381) - age   8:        488 bytes,   19011488 total
[2020-09-30T09:18:18.682+0000][16584][gc,age       ] GC(381) - age   9:       1312 bytes,   19012800 total
[2020-09-30T09:18:18.682+0000][16584][gc,age       ] GC(381) - age  10:       4528 bytes,   19017328 total
[2020-09-30T09:18:18.682+0000][16584][gc,age       ] GC(381) - age  11:       1104 bytes,   19018432 total
[2020-09-30T09:18:18.682+0000][16584][gc,age       ] GC(381) - age  12:      29064 bytes,   19047496 total
[2020-09-30T09:18:18.682+0000][16584][gc,age       ] GC(381) - age  13:      32256 bytes,   19079752 total
[2020-09-30T09:18:18.682+0000][16584][gc,age       ] GC(381) - age  14:       6584 bytes,   19086336 total
[2020-09-30T09:18:18.682+0000][16584][gc,age       ] GC(381) - age  15:        584 bytes,   19086920 total
[2020-09-30T09:18:18.682+0000][16584][gc,phases    ] GC(381)   Pre Evacuate Collection Set: 0.4ms
[2020-09-30T09:18:18.682+0000][16584][gc,phases    ] GC(381)   Merge Heap Roots: 0.1ms
[2020-09-30T09:18:18.682+0000][16584][gc,phases    ] GC(381)   Evacuate Collection Set: 4.8ms
[2020-09-30T09:18:18.682+0000][16584][gc,phases    ] GC(381)   Post Evacuate Collection Set: 1.0ms
[2020-09-30T09:18:18.682+0000][16584][gc,phases    ] GC(381)   Other: 1.2ms
[2020-09-30T09:18:18.682+0000][16584][gc,heap      ] GC(381) Eden regions: 69->0(464)
[2020-09-30T09:18:18.682+0000][16584][gc,heap      ] GC(381) Survivor regions: 3->19(62)
[2020-09-30T09:18:18.682+0000][16584][gc,heap      ] GC(381) Old regions: 80->80
[2020-09-30T09:18:18.682+0000][16584][gc,heap      ] GC(381) Archive regions: 0->0
[2020-09-30T09:18:18.682+0000][16584][gc,heap      ] GC(381) Humongous regions: 274->174
[2020-09-30T09:18:18.682+0000][16584][gc,metaspace ] GC(381) Metaspace: 89288K(95360K)->89288K(95360K) NonClass: 77980K(81664K)->77980K(81664K) Class: 11307K(13696K)->11307K(13696K)
[2020-09-30T09:18:18.682+0000][16584][gc           ] GC(381) Pause Young (Concurrent Start) (G1 Humongous Allocation) 425M->271M(1024M) 7.746ms
[2020-09-30T09:18:18.682+0000][16584][gc,cpu       ] GC(381) User=0.00s Sys=0.00s Real=0.01s
[2020-09-30T09:18:18.683+0000][16584][gc           ] GC(382) Concurrent Cycle
[2020-09-30T09:18:18.683+0000][16584][gc,marking   ] GC(382) Concurrent Clear Claimed Marks
[2020-09-30T09:18:18.683+0000][16584][safepoint    ] Safepoint "G1TryInitiateConcMark", Time since last: 310751800 ns, Reaching safepoint: 184700 ns, At safepoint: 8162700 ns, Total: 8347400 ns
[2020-09-30T09:18:18.683+0000][16584][gc,marking   ] GC(382) Concurrent Clear Claimed Marks 0.405ms
[2020-09-30T09:18:18.683+0000][16584][gc,marking   ] GC(382) Concurrent Scan Root Regions
[2020-09-30T09:18:18.686+0000][16584][gc,marking   ] GC(382) Concurrent Scan Root Regions 3.326ms
[2020-09-30T09:18:18.687+0000][16584][gc,marking   ] GC(382) Concurrent Mark (192.543s)
[2020-09-30T09:18:18.687+0000][16584][gc,marking   ] GC(382) Concurrent Mark From Roots
[2020-09-30T09:18:18.687+0000][16584][gc,task      ] GC(382) Using 2 workers of 2 for marking
[2020-09-30T09:18:18.872+0000][16584][gc,marking   ] GC(382) Concurrent Mark From Roots 185.724ms
[2020-09-30T09:18:18.872+0000][16584][gc,marking   ] GC(382) Concurrent Preclean
[2020-09-30T09:18:18.873+0000][16584][gc,marking   ] GC(382) Concurrent Preclean 0.598ms
[2020-09-30T09:18:18.873+0000][16584][gc,marking   ] GC(382) Concurrent Mark (192.543s, 192.730s) 186.532ms
[2020-09-30T09:18:18.873+0000][16584][gc,start     ] GC(382) Pause Remark
[2020-09-30T09:18:18.881+0000][16584][gc           ] GC(382) Pause Remark 718M->718M(1024M) 7.646ms
[2020-09-30T09:18:18.881+0000][16584][gc,cpu       ] GC(382) User=0.00s Sys=0.02s Real=0.01s
[2020-09-30T09:18:18.883+0000][16584][safepoint    ] Safepoint "G1Concurrent", Time since last: 190457500 ns, Reaching safepoint: 172200 ns, At safepoint: 9417100 ns, Total: 9589300 ns
[2020-09-30T09:18:18.883+0000][16584][gc,marking   ] GC(382) Concurrent Rebuild Remembered Sets
[2020-09-30T09:18:18.983+0000][16584][gc,marking   ] GC(382) Concurrent Rebuild Remembered Sets 101.078ms
[2020-09-30T09:18:18.984+0000][16584][gc,start     ] GC(382) Pause Cleanup
[2020-09-30T09:18:18.984+0000][16584][gc           ] GC(382) Pause Cleanup 807M->807M(1024M) 0.320ms
[2020-09-30T09:18:18.984+0000][16584][gc,cpu       ] GC(382) User=0.00s Sys=0.00s Real=0.00s
[2020-09-30T09:18:18.984+0000][16584][safepoint    ] Safepoint "G1Concurrent", Time since last: 101303300 ns, Reaching safepoint: 190800 ns, At safepoint: 496500 ns, Total: 687300 ns
[2020-09-30T09:18:18.984+0000][16584][gc,marking   ] GC(382) Concurrent Cleanup for Next Mark
[2020-09-30T09:18:18.986+0000][16584][gc,marking   ] GC(382) Concurrent Cleanup for Next Mark 1.836ms
[2020-09-30T09:18:18.986+0000][16584][gc           ] GC(382) Concurrent Cycle 304.302ms
[2020-09-30T09:18:18.987+0000][16584][gc,start     ] GC(383) Pause Young (Concurrent Start) (G1 Humongous Allocation)
[2020-09-30T09:18:18.987+0000][16584][gc,task      ] GC(383) Using 8 workers of 8 for evacuation
[2020-09-30T09:18:18.987+0000][16584][gc,age       ] GC(383) Desired survivor size 31981568 bytes, new threshold 15 (max threshold 15)
[2020-09-30T09:18:18.991+0000][16584][gc,age       ] GC(383) Age table with threshold 15 (max threshold 15)
[2020-09-30T09:18:18.991+0000][16584][gc,age       ] GC(383) - age   1:    4023848 bytes,    4023848 total
[2020-09-30T09:18:18.991+0000][16584][gc,age       ] GC(383) - age   2:      24760 bytes,    4048608 total
[2020-09-30T09:18:18.991+0000][16584][gc,age       ] GC(383) - age   3:        952 bytes,    4049560 total
[2020-09-30T09:18:18.991+0000][16584][gc,age       ] GC(383) - age   4:       6936 bytes,    4056496 total
[2020-09-30T09:18:18.992+0000][16584][gc,age       ] GC(383) - age   5:       2768 bytes,    4059264 total
[2020-09-30T09:18:18.992+0000][16584][gc,age       ] GC(383) - age   6:       3544 bytes,    4062808 total
[2020-09-30T09:18:18.992+0000][16584][gc,age       ] GC(383) - age   7:       2160 bytes,    4064968 total
[2020-09-30T09:18:18.992+0000][16584][gc,age       ] GC(383) - age   8:       1816 bytes,    4066784 total
[2020-09-30T09:18:18.992+0000][16584][gc,age       ] GC(383) - age   9:        488 bytes,    4067272 total
[2020-09-30T09:18:18.992+0000][16584][gc,age       ] GC(383) - age  10:       1312 bytes,    4068584 total
[2020-09-30T09:18:18.992+0000][16584][gc,age       ] GC(383) - age  11:       4464 bytes,    4073048 total
[2020-09-30T09:18:18.992+0000][16584][gc,age       ] GC(383) - age  12:       1040 bytes,    4074088 total
[2020-09-30T09:18:18.992+0000][16584][gc,age       ] GC(383) - age  13:      29064 bytes,    4103152 total
[2020-09-30T09:18:18.992+0000][16584][gc,age       ] GC(383) - age  14:      32160 bytes,    4135312 total
[2020-09-30T09:18:18.992+0000][16584][gc,age       ] GC(383) - age  15:       6584 bytes,    4141896 total
[2020-09-30T09:18:18.992+0000][16584][gc,phases    ] GC(383)   Pre Evacuate Collection Set: 0.5ms
[2020-09-30T09:18:18.992+0000][16584][gc,phases    ] GC(383)   Merge Heap Roots: 0.1ms
[2020-09-30T09:18:18.992+0000][16584][gc,phases    ] GC(383)   Evacuate Collection Set: 2.6ms
[2020-09-30T09:18:18.992+0000][16584][gc,phases    ] GC(383)   Post Evacuate Collection Set: 1.1ms
[2020-09-30T09:18:18.992+0000][16584][gc,phases    ] GC(383)   Other: 1.1ms
[2020-09-30T09:18:18.992+0000][16584][gc,heap      ] GC(383) Eden regions: 132->0(482)
[2020-09-30T09:18:18.992+0000][16584][gc,heap      ] GC(383) Survivor regions: 19->5(61)
[2020-09-30T09:18:18.992+0000][16584][gc,heap      ] GC(383) Old regions: 80->80
[2020-09-30T09:18:18.992+0000][16584][gc,heap      ] GC(383) Archive regions: 0->0
[2020-09-30T09:18:18.992+0000][16584][gc,heap      ] GC(383) Humongous regions: 585->174
[2020-09-30T09:18:18.992+0000][16584][gc,metaspace ] GC(383) Metaspace: 89288K(95360K)->89288K(95360K) NonClass: 77980K(81664K)->77980K(81664K) Class: 11307K(13696K)->11307K(13696K)
[2020-09-30T09:18:18.993+0000][16584][gc           ] GC(383) Pause Young (Concurrent Start) (G1 Humongous Allocation) 814M->257M(1024M) 5.925ms
[2020-09-30T09:18:18.993+0000][16584][gc,cpu       ] GC(383) User=0.00s Sys=0.00s Real=0.01s
[2020-09-30T09:18:18.993+0000][16584][safepoint    ] Safepoint "G1TryInitiateConcMark", Time since last: 2105100 ns, Reaching safepoint: 203100 ns, At safepoint: 6158400 ns, Total: 6361500 ns
[2020-09-30T09:18:18.993+0000][16584][gc           ] GC(384) Concurrent Cycle
[2020-09-30T09:18:18.993+0000][16584][gc,marking   ] GC(384) Concurrent Clear Claimed Marks
[2020-09-30T09:18:18.993+0000][16584][gc,marking   ] GC(384) Concurrent Clear Claimed Marks 0.319ms
[2020-09-30T09:18:18.993+0000][16584][gc,marking   ] GC(384) Concurrent Scan Root Regions
[2020-09-30T09:18:18.996+0000][16584][gc,marking   ] GC(384) Concurrent Scan Root Regions 2.436ms
[2020-09-30T09:18:18.996+0000][16584][gc,marking   ] GC(384) Concurrent Mark (192.853s)
[2020-09-30T09:18:18.996+0000][16584][gc,marking   ] GC(384) Concurrent Mark From Roots
[2020-09-30T09:18:18.996+0000][16584][gc,task      ] GC(384) Using 2 workers of 2 for marking
[2020-09-30T09:18:19.147+0000][16584][gc,marking   ] GC(384) Concurrent Mark From Roots 150.750ms
[2020-09-30T09:18:19.147+0000][16584][gc,marking   ] GC(384) Concurrent Preclean
[2020-09-30T09:18:19.148+0000][16584][gc,marking   ] GC(384) Concurrent Preclean 0.572ms
[2020-09-30T09:18:19.148+0000][16584][gc,marking   ] GC(384) Concurrent Mark (192.853s, 193.005s) 151.504ms
[2020-09-30T09:18:19.148+0000][16584][gc,start     ] GC(384) Pause Remark
[2020-09-30T09:18:19.155+0000][16584][gc           ] GC(384) Pause Remark 451M->451M(1024M) 7.269ms
[2020-09-30T09:18:19.155+0000][16584][gc,cpu       ] GC(384) User=0.11s Sys=0.00s Real=0.01s
[2020-09-30T09:18:19.156+0000][16584][safepoint    ] Safepoint "G1Concurrent", Time since last: 154656100 ns, Reaching safepoint: 171800 ns, At safepoint: 7575500 ns, Total: 7747300 ns
[2020-09-30T09:18:19.156+0000][16584][gc,marking   ] GC(384) Concurrent Rebuild Remembered Sets
[2020-09-30T09:18:19.254+0000][16584][gc,marking   ] GC(384) Concurrent Rebuild Remembered Sets 97.891ms
[2020-09-30T09:18:19.254+0000][16584][gc,start     ] GC(384) Pause Cleanup
[2020-09-30T09:18:19.254+0000][16584][gc           ] GC(384) Pause Cleanup 585M->585M(1024M) 0.356ms
[2020-09-30T09:18:19.254+0000][16584][gc,cpu       ] GC(384) User=0.00s Sys=0.00s Real=0.00s
[2020-09-30T09:18:19.254+0000][16584][safepoint    ] Safepoint "G1Concurrent", Time since last: 98122600 ns, Reaching safepoint: 150300 ns, At safepoint: 535000 ns, Total: 685300 ns
[2020-09-30T09:18:19.254+0000][16584][gc,marking   ] GC(384) Concurrent Cleanup for Next Mark
[2020-09-30T09:18:19.256+0000][16584][gc,marking   ] GC(384) Concurrent Cleanup for Next Mark 1.760ms
[2020-09-30T09:18:19.256+0000][16584][gc           ] GC(384) Concurrent Cycle 263.149ms
[2020-09-30T09:18:19.286+0000][16584][gc,start     ] GC(385) Pause Young (Concurrent Start) (G1 Humongous Allocation)
[2020-09-30T09:18:19.287+0000][16584][gc,task      ] GC(385) Using 8 workers of 8 for evacuation
[2020-09-30T09:18:19.287+0000][16584][gc,age       ] GC(385) Desired survivor size 31981568 bytes, new threshold 15 (max threshold 15)
[2020-09-30T09:18:19.291+0000][16584][gc,age       ] GC(385) Age table with threshold 15 (max threshold 15)
[2020-09-30T09:18:19.291+0000][16584][gc,age       ] GC(385) - age   1:    3903112 bytes,    3903112 total
[2020-09-30T09:18:19.291+0000][16584][gc,age       ] GC(385) - age   2:     408016 bytes,    4311128 total
[2020-09-30T09:18:19.291+0000][16584][gc,age       ] GC(385) - age   3:      19424 bytes,    4330552 total
[2020-09-30T09:18:19.291+0000][16584][gc,age       ] GC(385) - age   4:        504 bytes,    4331056 total
[2020-09-30T09:18:19.291+0000][16584][gc,age       ] GC(385) - age   5:       6800 bytes,    4337856 total
[2020-09-30T09:18:19.291+0000][16584][gc,age       ] GC(385) - age   6:       2672 bytes,    4340528 total
[2020-09-30T09:18:19.291+0000][16584][gc,age       ] GC(385) - age   7:       3416 bytes,    4343944 total
[2020-09-30T09:18:19.291+0000][16584][gc,age       ] GC(385) - age   8:       2104 bytes,    4346048 total
[2020-09-30T09:18:19.291+0000][16584][gc,age       ] GC(385) - age   9:       1816 bytes,    4347864 total
[2020-09-30T09:18:19.291+0000][16584][gc,age       ] GC(385) - age  10:        424 bytes,    4348288 total
[2020-09-30T09:18:19.292+0000][16584][gc,age       ] GC(385) - age  11:       1312 bytes,    4349600 total
[2020-09-30T09:18:19.292+0000][16584][gc,age       ] GC(385) - age  12:       4176 bytes,    4353776 total
[2020-09-30T09:18:19.292+0000][16584][gc,age       ] GC(385) - age  13:       1040 bytes,    4354816 total
[2020-09-30T09:18:19.292+0000][16584][gc,age       ] GC(385) - age  14:      29032 bytes,    4383848 total
[2020-09-30T09:18:19.292+0000][16584][gc,age       ] GC(385) - age  15:      32160 bytes,    4416008 total
[2020-09-30T09:18:19.292+0000][16584][gc,phases    ] GC(385)   Pre Evacuate Collection Set: 0.4ms
[2020-09-30T09:18:19.292+0000][16584][gc,phases    ] GC(385)   Merge Heap Roots: 0.1ms
[2020-09-30T09:18:19.292+0000][16584][gc,phases    ] GC(385)   Evacuate Collection Set: 2.8ms
[2020-09-30T09:18:19.292+0000][16584][gc,phases    ] GC(385)   Post Evacuate Collection Set: 1.0ms
[2020-09-30T09:18:19.292+0000][16584][gc,phases    ] GC(385)   Other: 1.1ms
[2020-09-30T09:18:19.292+0000][16584][gc,heap      ] GC(385) Eden regions: 99->0(485)
[2020-09-30T09:18:19.292+0000][16584][gc,heap      ] GC(385) Survivor regions: 5->5(61)
[2020-09-30T09:18:19.292+0000][16584][gc,heap      ] GC(385) Old regions: 80->80
[2020-09-30T09:18:19.292+0000][16584][gc,heap      ] GC(385) Archive regions: 0->0
[2020-09-30T09:18:19.292+0000][16584][gc,heap      ] GC(385) Humongous regions: 413->174
[2020-09-30T09:18:19.292+0000][16584][gc,metaspace ] GC(385) Metaspace: 89290K(95360K)->89290K(95360K) NonClass: 77983K(81664K)->77983K(81664K) Class: 11307K(13696K)->11307K(13696K)
[2020-09-30T09:18:19.292+0000][16584][gc           ] GC(385) Pause Young (Concurrent Start) (G1 Humongous Allocation) 595M->257M(1024M) 5.822ms
[2020-09-30T09:18:19.292+0000][16584][gc,cpu       ] GC(385) User=0.00s Sys=0.00s Real=0.01s
[2020-09-30T09:18:19.292+0000][16584][gc           ] GC(386) Concurrent Cycle
[2020-09-30T09:18:19.292+0000][16584][safepoint    ] Safepoint "G1TryInitiateConcMark", Time since last: 31790600 ns, Reaching safepoint: 185800 ns, At safepoint: 6024000 ns, Total: 6209800 ns
[2020-09-30T09:18:19.292+0000][16584][gc,marking   ] GC(386) Concurrent Clear Claimed Marks
[2020-09-30T09:18:19.293+0000][16584][gc,marking   ] GC(386) Concurrent Clear Claimed Marks 0.590ms
[2020-09-30T09:18:19.293+0000][16584][gc,marking   ] GC(386) Concurrent Scan Root Regions
[2020-09-30T09:18:19.296+0000][16584][gc,marking   ] GC(386) Concurrent Scan Root Regions 2.739ms
[2020-09-30T09:18:19.296+0000][16584][gc,marking   ] GC(386) Concurrent Mark (193.153s)
[2020-09-30T09:18:19.296+0000][16584][gc,marking   ] GC(386) Concurrent Mark From Roots
[2020-09-30T09:18:19.296+0000][16584][gc,task      ] GC(386) Using 2 workers of 2 for marking
[2020-09-30T09:18:19.461+0000][16584][gc,marking   ] GC(386) Concurrent Mark From Roots 164.964ms
[2020-09-30T09:18:19.461+0000][16584][gc,marking   ] GC(386) Concurrent Preclean
[2020-09-30T09:18:19.462+0000][16584][gc,marking   ] GC(386) Concurrent Preclean 0.513ms
[2020-09-30T09:18:19.462+0000][16584][gc,marking   ] GC(386) Concurrent Mark (193.153s, 193.319s) 165.679ms
[2020-09-30T09:18:19.462+0000][16584][gc,start     ] GC(386) Pause Remark
[2020-09-30T09:18:19.469+0000][16584][gc           ] GC(386) Pause Remark 334M->334M(1024M) 7.215ms
[2020-09-30T09:18:19.469+0000][16584][gc,cpu       ] GC(386) User=0.13s Sys=0.00s Real=0.01s
[2020-09-30T09:18:19.469+0000][16584][safepoint    ] Safepoint "G1Concurrent", Time since last: 169415100 ns, Reaching safepoint: 151100 ns, At safepoint: 7465400 ns, Total: 7616500 ns
[2020-09-30T09:18:19.469+0000][16584][gc,marking   ] GC(386) Concurrent Rebuild Remembered Sets
[2020-09-30T09:18:19.569+0000][16584][gc,marking   ] GC(386) Concurrent Rebuild Remembered Sets 99.461ms
[2020-09-30T09:18:19.569+0000][16584][gc,start     ] GC(386) Pause Cleanup
[2020-09-30T09:18:19.570+0000][16584][gc           ] GC(386) Pause Cleanup 349M->349M(1024M) 0.312ms
[2020-09-30T09:18:19.570+0000][16584][gc,cpu       ] GC(386) User=0.00s Sys=0.00s Real=0.00s
[2020-09-30T09:18:19.570+0000][16584][safepoint    ] Safepoint "G1Concurrent", Time since last: 99668500 ns, Reaching safepoint: 160500 ns, At safepoint: 489200 ns, Total: 649700 ns
[2020-09-30T09:18:19.570+0000][16584][gc,marking   ] GC(386) Concurrent Cleanup for Next Mark
[2020-09-30T09:18:19.572+0000][16584][gc,marking   ] GC(386) Concurrent Cleanup for Next Mark 1.953ms
[2020-09-30T09:18:19.572+0000][16584][gc           ] GC(386) Concurrent Cycle 279.494ms
[2020-09-30T09:18:19.633+0000][16584][gc,start     ] GC(387) Pause Young (Concurrent Start) (G1 Humongous Allocation)
[2020-09-30T09:18:19.633+0000][16584][gc,task      ] GC(387) Using 8 workers of 8 for evacuation
[2020-09-30T09:18:19.633+0000][16584][gc,age       ] GC(387) Desired survivor size 32505856 bytes, new threshold 15 (max threshold 15)
[2020-09-30T09:18:19.637+0000][16584][gc,age       ] GC(387) Age table with threshold 15 (max threshold 15)
[2020-09-30T09:18:19.637+0000][16584][gc,age       ] GC(387) - age   1:    8329856 bytes,    8329856 total
[2020-09-30T09:18:19.638+0000][16584][gc,age       ] GC(387) - age   2:       4520 bytes,    8334376 total
[2020-09-30T09:18:19.638+0000][16584][gc,age       ] GC(387) - age   3:       2984 bytes,    8337360 total
[2020-09-30T09:18:19.638+0000][16584][gc,age       ] GC(387) - age   4:      17560 bytes,    8354920 total
[2020-09-30T09:18:19.638+0000][16584][gc,age       ] GC(387) - age   5:        504 bytes,    8355424 total
[2020-09-30T09:18:19.638+0000][16584][gc,age       ] GC(387) - age   6:       6544 bytes,    8361968 total
[2020-09-30T09:18:19.638+0000][16584][gc,age       ] GC(387) - age   7:       2640 bytes,    8364608 total
[2020-09-30T09:18:19.638+0000][16584][gc,age       ] GC(387) - age   8:       3352 bytes,    8367960 total
[2020-09-30T09:18:19.638+0000][16584][gc,age       ] GC(387) - age   9:       2072 bytes,    8370032 total
[2020-09-30T09:18:19.638+0000][16584][gc,age       ] GC(387) - age  10:       1816 bytes,    8371848 total
[2020-09-30T09:18:19.638+0000][16584][gc,age       ] GC(387) - age  11:        424 bytes,    8372272 total
[2020-09-30T09:18:19.638+0000][16584][gc,age       ] GC(387) - age  12:        816 bytes,    8373088 total
[2020-09-30T09:18:19.638+0000][16584][gc,age       ] GC(387) - age  13:       4120 bytes,    8377208 total
[2020-09-30T09:18:19.638+0000][16584][gc,age       ] GC(387) - age  14:       1040 bytes,    8378248 total
[2020-09-30T09:18:19.638+0000][16584][gc,age       ] GC(387) - age  15:      29000 bytes,    8407248 total
[2020-09-30T09:18:19.638+0000][16584][gc,phases    ] GC(387)   Pre Evacuate Collection Set: 0.4ms
[2020-09-30T09:18:19.638+0000][16584][gc,phases    ] GC(387)   Merge Heap Roots: 0.1ms
[2020-09-30T09:18:19.638+0000][16584][gc,phases    ] GC(387)   Evacuate Collection Set: 2.7ms
[2020-09-30T09:18:19.638+0000][16584][gc,phases    ] GC(387)   Post Evacuate Collection Set: 0.7ms
[2020-09-30T09:18:19.638+0000][16584][gc,phases    ] GC(387)   Other: 0.8ms
[2020-09-30T09:18:19.638+0000][16584][gc,heap      ] GC(387) Eden regions: 51->0(481)
[2020-09-30T09:18:19.638+0000][16584][gc,heap      ] GC(387) Survivor regions: 5->9(62)
[2020-09-30T09:18:19.638+0000][16584][gc,heap      ] GC(387) Old regions: 80->80
[2020-09-30T09:18:19.638+0000][16584][gc,heap      ] GC(387) Archive regions: 0->0
[2020-09-30T09:18:19.638+0000][16584][gc,heap      ] GC(387) Humongous regions: 228->174
[2020-09-30T09:18:19.638+0000][16584][gc,metaspace ] GC(387) Metaspace: 89296K(95360K)->89296K(95360K) NonClass: 77988K(81664K)->77988K(81664K) Class: 11307K(13696K)->11307K(13696K)
[2020-09-30T09:18:19.638+0000][16584][gc           ] GC(387) Pause Young (Concurrent Start) (G1 Humongous Allocation) 362M->261M(1024M) 4.986ms
[2020-09-30T09:18:19.638+0000][16584][gc,cpu       ] GC(387) User=0.00s Sys=0.00s Real=0.01s
[2020-09-30T09:18:19.638+0000][16584][gc           ] GC(388) Concurrent Cycle
[2020-09-30T09:18:19.638+0000][16584][safepoint    ] Safepoint "G1TryInitiateConcMark", Time since last: 63310100 ns, Reaching safepoint: 172900 ns, At safepoint: 5184700 ns, Total: 5357600 ns
[2020-09-30T09:18:19.638+0000][16584][gc,marking   ] GC(388) Concurrent Clear Claimed Marks
[2020-09-30T09:18:19.639+0000][16584][gc,marking   ] GC(388) Concurrent Clear Claimed Marks 0.721ms
[2020-09-30T09:18:19.639+0000][16584][gc,marking   ] GC(388) Concurrent Scan Root Regions
[2020-09-30T09:18:19.642+0000][16584][gc,marking   ] GC(388) Concurrent Scan Root Regions 3.148ms
[2020-09-30T09:18:19.643+0000][16584][gc,marking   ] GC(388) Concurrent Mark (193.499s)
[2020-09-30T09:18:19.643+0000][16584][gc,marking   ] GC(388) Concurrent Mark From Roots
[2020-09-30T09:18:19.643+0000][16584][gc,task      ] GC(388) Using 2 workers of 2 for marking
[2020-09-30T09:18:19.804+0000][16584][gc,marking   ] GC(388) Concurrent Mark From Roots 161.356ms
[2020-09-30T09:18:19.804+0000][16584][gc,marking   ] GC(388) Concurrent Preclean
[2020-09-30T09:18:19.804+0000][16584][gc,marking   ] GC(388) Concurrent Preclean 0.546ms
[2020-09-30T09:18:19.805+0000][16584][gc,marking   ] GC(388) Concurrent Mark (193.499s, 193.662s) 162.118ms
[2020-09-30T09:18:19.805+0000][16584][gc,start     ] GC(388) Pause Remark
[2020-09-30T09:18:19.812+0000][16584][gc           ] GC(388) Pause Remark 457M->457M(1024M) 7.257ms
[2020-09-30T09:18:19.812+0000][16584][gc,cpu       ] GC(388) User=0.11s Sys=0.00s Real=0.01s
[2020-09-30T09:18:19.812+0000][16584][safepoint    ] Safepoint "G1Concurrent", Time since last: 166350000 ns, Reaching safepoint: 138400 ns, At safepoint: 7454900 ns, Total: 7593300 ns
[2020-09-30T09:18:19.812+0000][16584][gc,marking   ] GC(388) Concurrent Rebuild Remembered Sets
[2020-09-30T09:18:19.913+0000][16584][gc,marking   ] GC(388) Concurrent Rebuild Remembered Sets 101.042ms
[2020-09-30T09:18:19.914+0000][16584][gc,start     ] GC(388) Pause Cleanup
[2020-09-30T09:18:19.914+0000][16584][gc           ] GC(388) Pause Cleanup 462M->462M(1024M) 0.379ms
[2020-09-30T09:18:19.914+0000][16584][gc,cpu       ] GC(388) User=0.00s Sys=0.00s Real=0.00s
[2020-09-30T09:18:19.914+0000][16584][safepoint    ] Safepoint "G1Concurrent", Time since last: 101261000 ns, Reaching safepoint: 172900 ns, At safepoint: 591500 ns, Total: 764400 ns
[2020-09-30T09:18:19.914+0000][16584][gc,marking   ] GC(388) Concurrent Cleanup for Next Mark
[2020-09-30T09:18:19.916+0000][16584][gc,marking   ] GC(388) Concurrent Cleanup for Next Mark 1.840ms
[2020-09-30T09:18:19.916+0000][16584][gc           ] GC(388) Concurrent Cycle 278.316ms
[2020-09-30T09:18:19.973+0000][16584][gc,start     ] GC(389) Pause Young (Concurrent Start) (G1 Humongous Allocation)
[2020-09-30T09:18:19.973+0000][16584][gc,task      ] GC(389) Using 8 workers of 8 for evacuation
[2020-09-30T09:18:19.974+0000][16584][gc,age       ] GC(389) Desired survivor size 32505856 bytes, new threshold 15 (max threshold 15)
[2020-09-30T09:18:19.979+0000][16584][gc,age       ] GC(389) Age table with threshold 15 (max threshold 15)
[2020-09-30T09:18:19.980+0000][16584][gc,age       ] GC(389) - age   1:   16387760 bytes,   16387760 total
[2020-09-30T09:18:19.980+0000][16584][gc,age       ] GC(389) - age   2:      14016 bytes,   16401776 total
[2020-09-30T09:18:19.980+0000][16584][gc,age       ] GC(389) - age   3:       3776 bytes,   16405552 total
[2020-09-30T09:18:19.980+0000][16584][gc,age       ] GC(389) - age   4:       1376 bytes,   16406928 total
[2020-09-30T09:18:19.980+0000][16584][gc,age       ] GC(389) - age   5:      16896 bytes,   16423824 total
[2020-09-30T09:18:19.980+0000][16584][gc,age       ] GC(389) - age   6:        440 bytes,   16424264 total
[2020-09-30T09:18:19.980+0000][16584][gc,age       ] GC(389) - age   7:       6520 bytes,   16430784 total
[2020-09-30T09:18:19.980+0000][16584][gc,age       ] GC(389) - age   8:       2640 bytes,   16433424 total
[2020-09-30T09:18:19.980+0000][16584][gc,age       ] GC(389) - age   9:       3352 bytes,   16436776 total
[2020-09-30T09:18:19.980+0000][16584][gc,age       ] GC(389) - age  10:       2072 bytes,   16438848 total
[2020-09-30T09:18:19.980+0000][16584][gc,age       ] GC(389) - age  11:       1752 bytes,   16440600 total
[2020-09-30T09:18:19.980+0000][16584][gc,age       ] GC(389) - age  12:        424 bytes,   16441024 total
[2020-09-30T09:18:19.980+0000][16584][gc,age       ] GC(389) - age  13:        816 bytes,   16441840 total
[2020-09-30T09:18:19.980+0000][16584][gc,age       ] GC(389) - age  14:       4000 bytes,   16445840 total
[2020-09-30T09:18:19.980+0000][16584][gc,age       ] GC(389) - age  15:       1040 bytes,   16446880 total
[2020-09-30T09:18:19.980+0000][16584][gc,phases    ] GC(389)   Pre Evacuate Collection Set: 0.4ms
[2020-09-30T09:18:19.980+0000][16584][gc,phases    ] GC(389)   Merge Heap Roots: 0.1ms
[2020-09-30T09:18:19.980+0000][16584][gc,phases    ] GC(389)   Evacuate Collection Set: 4.1ms
[2020-09-30T09:18:19.980+0000][16584][gc,phases    ] GC(389)   Post Evacuate Collection Set: 1.0ms
[2020-09-30T09:18:19.980+0000][16584][gc,phases    ] GC(389)   Other: 1.0ms
[2020-09-30T09:18:19.980+0000][16584][gc,heap      ] GC(389) Eden regions: 76->0(466)
[2020-09-30T09:18:19.980+0000][16584][gc,heap      ] GC(389) Survivor regions: 9->17(62)
[2020-09-30T09:18:19.980+0000][16584][gc,heap      ] GC(389) Old regions: 80->80
[2020-09-30T09:18:19.980+0000][16584][gc,heap      ] GC(389) Archive regions: 0->0
[2020-09-30T09:18:19.980+0000][16584][gc,heap      ] GC(389) Humongous regions: 324->174
[2020-09-30T09:18:19.980+0000][16584][gc,metaspace ] GC(389) Metaspace: 89307K(95360K)->89307K(95360K) NonClass: 77999K(81664K)->77999K(81664K) Class: 11307K(13696K)->11307K(13696K)
[2020-09-30T09:18:19.980+0000][16584][gc           ] GC(389) Pause Young (Concurrent Start) (G1 Humongous Allocation) 487M->269M(1024M) 7.007ms
[2020-09-30T09:18:19.980+0000][16584][gc,cpu       ] GC(389) User=0.00s Sys=0.00s Real=0.01s
[2020-09-30T09:18:19.981+0000][16584][gc           ] GC(390) Concurrent Cycle
[2020-09-30T09:18:19.981+0000][16584][safepoint    ] Safepoint "G1TryInitiateConcMark", Time since last: 59018800 ns, Reaching safepoint: 197100 ns, At safepoint: 7238000 ns, Total: 7435100 ns
[2020-09-30T09:18:19.981+0000][16584][gc,marking   ] GC(390) Concurrent Clear Claimed Marks
[2020-09-30T09:18:19.981+0000][16584][gc,marking   ] GC(390) Concurrent Clear Claimed Marks 0.769ms
[2020-09-30T09:18:19.982+0000][16584][gc,marking   ] GC(390) Concurrent Scan Root Regions
[2020-09-30T09:18:19.986+0000][16584][gc,marking   ] GC(390) Concurrent Scan Root Regions 4.481ms
[2020-09-30T09:18:19.986+0000][16584][gc,marking   ] GC(390) Concurrent Mark (193.843s)
[2020-09-30T09:18:19.986+0000][16584][gc,marking   ] GC(390) Concurrent Mark From Roots
[2020-09-30T09:18:19.986+0000][16584][gc,task      ] GC(390) Using 2 workers of 2 for marking
[2020-09-30T09:18:20.163+0000][16584][gc,marking   ] GC(390) Concurrent Mark From Roots 176.951ms
[2020-09-30T09:18:20.163+0000][16584][gc,marking   ] GC(390) Concurrent Preclean
[2020-09-30T09:18:20.164+0000][16584][gc,marking   ] GC(390) Concurrent Preclean 0.652ms
[2020-09-30T09:18:20.164+0000][16584][gc,marking   ] GC(390) Concurrent Mark (193.843s, 194.021s) 177.842ms
[2020-09-30T09:18:20.164+0000][16584][gc,start     ] GC(390) Pause Remark
[2020-09-30T09:18:20.171+0000][16584][gc           ] GC(390) Pause Remark 713M->713M(1024M) 7.261ms
[2020-09-30T09:18:20.172+0000][16584][gc,cpu       ] GC(390) User=0.11s Sys=0.00s Real=0.01s
[2020-09-30T09:18:20.172+0000][16584][safepoint    ] Safepoint "G1Concurrent", Time since last: 183559800 ns, Reaching safepoint: 144600 ns, At safepoint: 7581200 ns, Total: 7725800 ns
[2020-09-30T09:18:20.172+0000][16584][gc,marking   ] GC(390) Concurrent Rebuild Remembered Sets
[2020-09-30T09:18:20.269+0000][16584][gc,marking   ] GC(390) Concurrent Rebuild Remembered Sets 97.501ms
[2020-09-30T09:18:20.270+0000][16584][gc,start     ] GC(390) Pause Cleanup
[2020-09-30T09:18:20.270+0000][16584][gc           ] GC(390) Pause Cleanup 789M->789M(1024M) 0.404ms
[2020-09-30T09:18:20.270+0000][16584][gc,cpu       ] GC(390) User=0.00s Sys=0.00s Real=0.00s
[2020-09-30T09:18:20.270+0000][16584][safepoint    ] Safepoint "G1Concurrent", Time since last: 97734600 ns, Reaching safepoint: 202000 ns, At safepoint: 611200 ns, Total: 813200 ns
[2020-09-30T09:18:20.270+0000][16584][gc,marking   ] GC(390) Concurrent Cleanup for Next Mark
[2020-09-30T09:18:20.272+0000][16584][gc,marking   ] GC(390) Concurrent Cleanup for Next Mark 1.747ms
[2020-09-30T09:18:20.272+0000][16584][gc           ] GC(390) Concurrent Cycle 291.786ms
[2020-09-30T09:18:20.281+0000][16584][gc,start     ] GC(391) Pause Young (Concurrent Start) (G1 Humongous Allocation)
[2020-09-30T09:18:20.281+0000][16584][gc,task      ] GC(391) Using 8 workers of 8 for evacuation
[2020-09-30T09:18:20.281+0000][16584][gc,age       ] GC(391) Desired survivor size 31981568 bytes, new threshold 15 (max threshold 15)
[2020-09-30T09:18:20.285+0000][16584][gc,age       ] GC(391) Age table with threshold 15 (max threshold 15)
[2020-09-30T09:18:20.285+0000][16584][gc,age       ] GC(391) - age   1:    4244592 bytes,    4244592 total
[2020-09-30T09:18:20.286+0000][16584][gc,age       ] GC(391) - age   2:      19424 bytes,    4264016 total
[2020-09-30T09:18:20.286+0000][16584][gc,age       ] GC(391) - age   3:      10328 bytes,    4274344 total
[2020-09-30T09:18:20.286+0000][16584][gc,age       ] GC(391) - age   4:       3120 bytes,    4277464 total
[2020-09-30T09:18:20.286+0000][16584][gc,age       ] GC(391) - age   5:        928 bytes,    4278392 total
[2020-09-30T09:18:20.286+0000][16584][gc,age       ] GC(391) - age   6:      16800 bytes,    4295192 total
[2020-09-30T09:18:20.286+0000][16584][gc,age       ] GC(391) - age   7:        440 bytes,    4295632 total
[2020-09-30T09:18:20.286+0000][16584][gc,age       ] GC(391) - age   8:       6488 bytes,    4302120 total
[2020-09-30T09:18:20.286+0000][16584][gc,age       ] GC(391) - age   9:       2584 bytes,    4304704 total
[2020-09-30T09:18:20.286+0000][16584][gc,age       ] GC(391) - age  10:       3352 bytes,    4308056 total
[2020-09-30T09:18:20.286+0000][16584][gc,age       ] GC(391) - age  11:       2040 bytes,    4310096 total
[2020-09-30T09:18:20.286+0000][16584][gc,age       ] GC(391) - age  12:       1688 bytes,    4311784 total
[2020-09-30T09:18:20.286+0000][16584][gc,age       ] GC(391) - age  13:        360 bytes,    4312144 total
[2020-09-30T09:18:20.286+0000][16584][gc,age       ] GC(391) - age  14:        816 bytes,    4312960 total
[2020-09-30T09:18:20.286+0000][16584][gc,age       ] GC(391) - age  15:       4000 bytes,    4316960 total
[2020-09-30T09:18:20.286+0000][16584][gc,phases    ] GC(391)   Pre Evacuate Collection Set: 0.5ms
[2020-09-30T09:18:20.286+0000][16584][gc,phases    ] GC(391)   Merge Heap Roots: 0.1ms
[2020-09-30T09:18:20.286+0000][16584][gc,phases    ] GC(391)   Evacuate Collection Set: 2.7ms
[2020-09-30T09:18:20.286+0000][16584][gc,phases    ] GC(391)   Post Evacuate Collection Set: 1.1ms
[2020-09-30T09:18:20.286+0000][16584][gc,phases    ] GC(391)   Other: 1.2ms
[2020-09-30T09:18:20.286+0000][16584][gc,heap      ] GC(391) Eden regions: 131->0(481)
[2020-09-30T09:18:20.286+0000][16584][gc,heap      ] GC(391) Survivor regions: 17->6(61)
[2020-09-30T09:18:20.286+0000][16584][gc,heap      ] GC(391) Old regions: 80->80
[2020-09-30T09:18:20.286+0000][16584][gc,heap      ] GC(391) Archive regions: 0->0
[2020-09-30T09:18:20.286+0000][16584][gc,heap      ] GC(391) Humongous regions: 568->174
[2020-09-30T09:18:20.286+0000][16584][gc,metaspace ] GC(391) Metaspace: 89307K(95360K)->89307K(95360K) NonClass: 77999K(81664K)->77999K(81664K) Class: 11307K(13696K)->11307K(13696K)
[2020-09-30T09:18:20.286+0000][16584][gc           ] GC(391) Pause Young (Concurrent Start) (G1 Humongous Allocation) 794M->258M(1024M) 5.597ms
[2020-09-30T09:18:20.286+0000][16584][gc,cpu       ] GC(391) User=0.00s Sys=0.00s Real=0.01s
[2020-09-30T09:18:20.286+0000][16584][gc           ] GC(392) Concurrent Cycle
[2020-09-30T09:18:20.286+0000][16584][gc,marking   ] GC(392) Concurrent Clear Claimed Marks
[2020-09-30T09:18:20.286+0000][16584][safepoint    ] Safepoint "G1TryInitiateConcMark", Time since last: 10083900 ns, Reaching safepoint: 179300 ns, At safepoint: 6064000 ns, Total: 6243300 ns
[2020-09-30T09:18:20.287+0000][16584][gc,marking   ] GC(392) Concurrent Clear Claimed Marks 0.403ms
[2020-09-30T09:18:20.287+0000][16584][gc,marking   ] GC(392) Concurrent Scan Root Regions
[2020-09-30T09:18:20.290+0000][16584][gc,marking   ] GC(392) Concurrent Scan Root Regions 3.274ms
[2020-09-30T09:18:20.290+0000][16584][gc,marking   ] GC(392) Concurrent Mark (194.148s)
[2020-09-30T09:18:20.290+0000][16584][gc,marking   ] GC(392) Concurrent Mark From Roots
[2020-09-30T09:18:20.290+0000][16584][gc,task      ] GC(392) Using 2 workers of 2 for marking
[2020-09-30T09:18:20.454+0000][16584][gc,marking   ] GC(392) Concurrent Mark From Roots 163.338ms
[2020-09-30T09:18:20.454+0000][16584][gc,marking   ] GC(392) Concurrent Preclean
[2020-09-30T09:18:20.454+0000][16584][gc,marking   ] GC(392) Concurrent Preclean 0.405ms
[2020-09-30T09:18:20.454+0000][16584][gc,marking   ] GC(392) Concurrent Mark (194.148s, 194.312s) 163.932ms
[2020-09-30T09:18:20.454+0000][16584][gc,start     ] GC(392) Pause Remark
[2020-09-30T09:18:20.462+0000][16584][gc           ] GC(392) Pause Remark 457M->457M(1024M) 7.793ms
[2020-09-30T09:18:20.462+0000][16584][gc,cpu       ] GC(392) User=0.00s Sys=0.00s Real=0.01s
[2020-09-30T09:18:20.462+0000][16584][safepoint    ] Safepoint "G1Concurrent", Time since last: 167816200 ns, Reaching safepoint: 153900 ns, At safepoint: 8030200 ns, Total: 8184100 ns
[2020-09-30T09:18:20.463+0000][16584][gc,marking   ] GC(392) Concurrent Rebuild Remembered Sets
[2020-09-30T09:18:20.562+0000][16584][gc,marking   ] GC(392) Concurrent Rebuild Remembered Sets 99.608ms
[2020-09-30T09:18:20.562+0000][16584][gc,start     ] GC(392) Pause Cleanup
[2020-09-30T09:18:20.563+0000][16584][gc           ] GC(392) Pause Cleanup 590M->590M(1024M) 0.402ms
[2020-09-30T09:18:20.563+0000][16584][gc,cpu       ] GC(392) User=0.00s Sys=0.00s Real=0.00s
[2020-09-30T09:18:20.563+0000][16584][safepoint    ] Safepoint "G1Concurrent", Time since last: 99810700 ns, Reaching safepoint: 160200 ns, At safepoint: 612400 ns, Total: 772600 ns
[2020-09-30T09:18:20.563+0000][16584][gc,marking   ] GC(392) Concurrent Cleanup for Next Mark
[2020-09-30T09:18:20.565+0000][16584][gc,marking   ] GC(392) Concurrent Cleanup for Next Mark 1.845ms
[2020-09-30T09:18:20.565+0000][16584][gc           ] GC(392) Concurrent Cycle 278.759ms
[2020-09-30T09:18:20.614+0000][16584][gc,start     ] GC(393) Pause Young (Concurrent Start) (G1 Humongous Allocation)
[2020-09-30T09:18:20.614+0000][16584][gc,task      ] GC(393) Using 8 workers of 8 for evacuation
[2020-09-30T09:18:20.614+0000][16584][gc,age       ] GC(393) Desired survivor size 31981568 bytes, new threshold 15 (max threshold 15)
[2020-09-30T09:18:20.618+0000][16584][gc,age       ] GC(393) Age table with threshold 15 (max threshold 15)
[2020-09-30T09:18:20.618+0000][16584][gc,age       ] GC(393) - age   1:    3940368 bytes,    3940368 total
[2020-09-30T09:18:20.618+0000][16584][gc,age       ] GC(393) - age   2:     401880 bytes,    4342248 total
[2020-09-30T09:18:20.618+0000][16584][gc,age       ] GC(393) - age   3:      15968 bytes,    4358216 total
[2020-09-30T09:18:20.618+0000][16584][gc,age       ] GC(393) - age   4:       9840 bytes,    4368056 total
[2020-09-30T09:18:20.618+0000][16584][gc,age       ] GC(393) - age   5:       2288 bytes,    4370344 total
[2020-09-30T09:18:20.618+0000][16584][gc,age       ] GC(393) - age   6:        928 bytes,    4371272 total
[2020-09-30T09:18:20.618+0000][16584][gc,age       ] GC(393) - age   7:      16672 bytes,    4387944 total
[2020-09-30T09:18:20.618+0000][16584][gc,age       ] GC(393) - age   8:        440 bytes,    4388384 total
[2020-09-30T09:18:20.618+0000][16584][gc,age       ] GC(393) - age   9:       6424 bytes,    4394808 total
[2020-09-30T09:18:20.618+0000][16584][gc,age       ] GC(393) - age  10:       2552 bytes,    4397360 total
[2020-09-30T09:18:20.618+0000][16584][gc,age       ] GC(393) - age  11:       3160 bytes,    4400520 total
[2020-09-30T09:18:20.619+0000][16584][gc,age       ] GC(393) - age  12:       2040 bytes,    4402560 total
[2020-09-30T09:18:20.619+0000][16584][gc,age       ] GC(393) - age  13:       1688 bytes,    4404248 total
[2020-09-30T09:18:20.619+0000][16584][gc,age       ] GC(393) - age  14:        296 bytes,    4404544 total
[2020-09-30T09:18:20.619+0000][16584][gc,age       ] GC(393) - age  15:        720 bytes,    4405264 total
[2020-09-30T09:18:20.619+0000][16584][gc,phases    ] GC(393)   Pre Evacuate Collection Set: 0.4ms
[2020-09-30T09:18:20.619+0000][16584][gc,phases    ] GC(393)   Merge Heap Roots: 0.1ms
[2020-09-30T09:18:20.619+0000][16584][gc,phases    ] GC(393)   Evacuate Collection Set: 2.6ms
[2020-09-30T09:18:20.619+0000][16584][gc,phases    ] GC(393)   Post Evacuate Collection Set: 1.0ms
[2020-09-30T09:18:20.619+0000][16584][gc,phases    ] GC(393)   Other: 1.1ms
[2020-09-30T09:18:20.619+0000][16584][gc,heap      ] GC(393) Eden regions: 99->0(485)
[2020-09-30T09:18:20.619+0000][16584][gc,heap      ] GC(393) Survivor regions: 6->5(61)
[2020-09-30T09:18:20.619+0000][16584][gc,heap      ] GC(393) Old regions: 80->80
[2020-09-30T09:18:20.619+0000][16584][gc,heap      ] GC(393) Archive regions: 0->0
[2020-09-30T09:18:20.619+0000][16584][gc,heap      ] GC(393) Humongous regions: 422->174
[2020-09-30T09:18:20.619+0000][16584][gc,metaspace ] GC(393) Metaspace: 89307K(95360K)->89307K(95360K) NonClass: 77999K(81664K)->77999K(81664K) Class: 11307K(13696K)->11307K(13696K)
[2020-09-30T09:18:20.619+0000][16584][gc           ] GC(393) Pause Young (Concurrent Start) (G1 Humongous Allocation) 605M->257M(1024M) 5.611ms
[2020-09-30T09:18:20.619+0000][16584][gc,cpu       ] GC(393) User=0.00s Sys=0.00s Real=0.00s
[2020-09-30T09:18:20.619+0000][16584][gc           ] GC(394) Concurrent Cycle
[2020-09-30T09:18:20.619+0000][16584][safepoint    ] Safepoint "G1TryInitiateConcMark", Time since last: 50247900 ns, Reaching safepoint: 175300 ns, At safepoint: 5840100 ns, Total: 6015400 ns
[2020-09-30T09:18:20.619+0000][16584][gc,marking   ] GC(394) Concurrent Clear Claimed Marks
[2020-09-30T09:18:20.620+0000][16584][gc,marking   ] GC(394) Concurrent Clear Claimed Marks 0.662ms
[2020-09-30T09:18:20.620+0000][16584][gc,marking   ] GC(394) Concurrent Scan Root Regions
[2020-09-30T09:18:20.624+0000][16584][gc,marking   ] GC(394) Concurrent Scan Root Regions 4.042ms
[2020-09-30T09:18:20.624+0000][16584][gc,marking   ] GC(394) Concurrent Mark (194.482s)
[2020-09-30T09:18:20.624+0000][16584][gc,marking   ] GC(394) Concurrent Mark From Roots
[2020-09-30T09:18:20.624+0000][16584][gc,task      ] GC(394) Using 2 workers of 2 for marking
[2020-09-30T09:18:20.765+0000][16584][gc,marking   ] GC(394) Concurrent Mark From Roots 140.253ms
[2020-09-30T09:18:20.765+0000][16584][gc,marking   ] GC(394) Concurrent Preclean
[2020-09-30T09:18:20.765+0000][16584][gc,marking   ] GC(394) Concurrent Preclean 0.540ms
[2020-09-30T09:18:20.765+0000][16584][gc,marking   ] GC(394) Concurrent Mark (194.482s, 194.623s) 141.008ms
[2020-09-30T09:18:20.766+0000][16584][gc,start     ] GC(394) Pause Remark
[2020-09-30T09:18:20.773+0000][16584][gc           ] GC(394) Pause Remark 335M->335M(1024M) 6.952ms
[2020-09-30T09:18:20.773+0000][16584][gc,cpu       ] GC(394) User=0.00s Sys=0.00s Real=0.01s
[2020-09-30T09:18:20.773+0000][16584][safepoint    ] Safepoint "G1Concurrent", Time since last: 146089000 ns, Reaching safepoint: 151300 ns, At safepoint: 7139200 ns, Total: 7290500 ns
[2020-09-30T09:18:20.773+0000][16584][gc,marking   ] GC(394) Concurrent Rebuild Remembered Sets
[2020-09-30T09:18:20.874+0000][16584][gc,marking   ] GC(394) Concurrent Rebuild Remembered Sets 101.508ms
[2020-09-30T09:18:20.875+0000][16584][gc,start     ] GC(394) Pause Cleanup
[2020-09-30T09:18:20.875+0000][16584][gc           ] GC(394) Pause Cleanup 410M->410M(1024M) 0.340ms
[2020-09-30T09:18:20.875+0000][16584][gc,cpu       ] GC(394) User=0.00s Sys=0.00s Real=0.00s
[2020-09-30T09:18:20.875+0000][16584][safepoint    ] Safepoint "G1Concurrent", Time since last: 101703500 ns, Reaching safepoint: 173000 ns, At safepoint: 542300 ns, Total: 715300 ns
[2020-09-30T09:18:20.875+0000][16584][gc,marking   ] GC(394) Concurrent Cleanup for Next Mark
[2020-09-30T09:18:20.877+0000][16584][gc,marking   ] GC(394) Concurrent Cleanup for Next Mark 1.799ms
[2020-09-30T09:18:20.877+0000][16584][gc           ] GC(394) Concurrent Cycle 257.866ms
[2020-09-30T09:18:20.878+0000][16584][gc,start     ] GC(395) Pause Young (Concurrent Start) (G1 Humongous Allocation)
[2020-09-30T09:18:20.878+0000][16584][gc,task      ] GC(395) Using 8 workers of 8 for evacuation
[2020-09-30T09:18:20.878+0000][16584][gc,age       ] GC(395) Desired survivor size 32505856 bytes, new threshold 15 (max threshold 15)
[2020-09-30T09:18:20.883+0000][16584][gc,age       ] GC(395) Age table with threshold 15 (max threshold 15)
[2020-09-30T09:18:20.883+0000][16584][gc,age       ] GC(395) - age   1:    2926248 bytes,    2926248 total
[2020-09-30T09:18:20.883+0000][16584][gc,age       ] GC(395) - age   2:       5056 bytes,    2931304 total
[2020-09-30T09:18:20.883+0000][16584][gc,age       ] GC(395) - age   3:       2240 bytes,    2933544 total
[2020-09-30T09:18:20.883+0000][16584][gc,age       ] GC(395) - age   4:      14088 bytes,    2947632 total
[2020-09-30T09:18:20.883+0000][16584][gc,age       ] GC(395) - age   5:       9264 bytes,    2956896 total
[2020-09-30T09:18:20.883+0000][16584][gc,age       ] GC(395) - age   6:       2256 bytes,    2959152 total
[2020-09-30T09:18:20.883+0000][16584][gc,age       ] GC(395) - age   7:        864 bytes,    2960016 total
[2020-09-30T09:18:20.883+0000][16584][gc,age       ] GC(395) - age   8:      16672 bytes,    2976688 total
[2020-09-30T09:18:20.883+0000][16584][gc,age       ] GC(395) - age   9:        440 bytes,    2977128 total
[2020-09-30T09:18:20.883+0000][16584][gc,age       ] GC(395) - age  10:       6328 bytes,    2983456 total
[2020-09-30T09:18:20.883+0000][16584][gc,age       ] GC(395) - age  11:       2520 bytes,    2985976 total
[2020-09-30T09:18:20.883+0000][16584][gc,age       ] GC(395) - age  12:       3096 bytes,    2989072 total
[2020-09-30T09:18:20.883+0000][16584][gc,age       ] GC(395) - age  13:       2008 bytes,    2991080 total
[2020-09-30T09:18:20.883+0000][16584][gc,age       ] GC(395) - age  14:       1688 bytes,    2992768 total
[2020-09-30T09:18:20.883+0000][16584][gc,age       ] GC(395) - age  15:        296 bytes,    2993064 total
[2020-09-30T09:18:20.883+0000][16584][gc,phases    ] GC(395)   Pre Evacuate Collection Set: 0.5ms
[2020-09-30T09:18:20.883+0000][16584][gc,phases    ] GC(395)   Merge Heap Roots: 0.1ms
[2020-09-30T09:18:20.883+0000][16584][gc,phases    ] GC(395)   Evacuate Collection Set: 2.8ms
[2020-09-30T09:18:20.883+0000][16584][gc,phases    ] GC(395)   Post Evacuate Collection Set: 0.9ms
[2020-09-30T09:18:20.883+0000][16584][gc,phases    ] GC(395)   Other: 1.2ms
[2020-09-30T09:18:20.884+0000][16584][gc,heap      ] GC(395) Eden regions: 53->0(490)
[2020-09-30T09:18:20.884+0000][16584][gc,heap      ] GC(395) Survivor regions: 5->4(62)
[2020-09-30T09:18:20.884+0000][16584][gc,heap      ] GC(395) Old regions: 80->80
[2020-09-30T09:18:20.884+0000][16584][gc,heap      ] GC(395) Archive regions: 0->0
[2020-09-30T09:18:20.884+0000][16584][gc,heap      ] GC(395) Humongous regions: 274->174
[2020-09-30T09:18:20.884+0000][16584][gc,metaspace ] GC(395) Metaspace: 89309K(95360K)->89309K(95360K) NonClass: 78001K(81664K)->78001K(81664K) Class: 11307K(13696K)->11307K(13696K)
[2020-09-30T09:18:20.884+0000][16584][gc           ] GC(395) Pause Young (Concurrent Start) (G1 Humongous Allocation) 410M->256M(1024M) 5.863ms
[2020-09-30T09:18:20.884+0000][16584][gc,cpu       ] GC(395) User=0.00s Sys=0.00s Real=0.01s
[2020-09-30T09:18:20.884+0000][16584][safepoint    ] Safepoint "G1TryInitiateConcMark", Time since last: 2332100 ns, Reaching safepoint: 308100 ns, At safepoint: 6170500 ns, Total: 6478600 ns
[2020-09-30T09:18:20.884+0000][16584][gc           ] GC(396) Concurrent Cycle
[2020-09-30T09:18:20.884+0000][16584][gc,marking   ] GC(396) Concurrent Clear Claimed Marks
[2020-09-30T09:18:20.885+0000][16584][gc,marking   ] GC(396) Concurrent Clear Claimed Marks 0.457ms
[2020-09-30T09:18:20.885+0000][16584][gc,marking   ] GC(396) Concurrent Scan Root Regions
[2020-09-30T09:18:20.887+0000][16584][gc,marking   ] GC(396) Concurrent Scan Root Regions 2.768ms
[2020-09-30T09:18:20.888+0000][16584][gc,marking   ] GC(396) Concurrent Mark (194.745s)
[2020-09-30T09:18:20.888+0000][16584][gc,marking   ] GC(396) Concurrent Mark From Roots
[2020-09-30T09:18:20.888+0000][16584][gc,task      ] GC(396) Using 2 workers of 2 for marking
[2020-09-30T09:18:21.062+0000][16584][gc,marking   ] GC(396) Concurrent Mark From Roots 173.771ms
[2020-09-30T09:18:21.062+0000][16584][gc,marking   ] GC(396) Concurrent Preclean
[2020-09-30T09:18:21.063+0000][16584][gc,marking   ] GC(396) Concurrent Preclean 0.633ms
[2020-09-30T09:18:21.063+0000][16584][gc,marking   ] GC(396) Concurrent Mark (194.745s, 194.920s) 174.602ms
[2020-09-30T09:18:21.063+0000][16584][gc,start     ] GC(396) Pause Remark
[2020-09-30T09:18:21.070+0000][16584][gc           ] GC(396) Pause Remark 327M->327M(1024M) 7.287ms
[2020-09-30T09:18:21.070+0000][16584][gc,cpu       ] GC(396) User=0.00s Sys=0.00s Real=0.01s
[2020-09-30T09:18:21.071+0000][16584][safepoint    ] Safepoint "G1Concurrent", Time since last: 178325300 ns, Reaching safepoint: 186900 ns, At safepoint: 7653000 ns, Total: 7839900 ns
[2020-09-30T09:18:21.071+0000][16584][gc,marking   ] GC(396) Concurrent Rebuild Remembered Sets
[2020-09-30T09:18:21.175+0000][16584][gc,marking   ] GC(396) Concurrent Rebuild Remembered Sets 104.356ms
[2020-09-30T09:18:21.175+0000][16584][gc,start     ] GC(396) Pause Cleanup
[2020-09-30T09:18:21.176+0000][16584][gc           ] GC(396) Pause Cleanup 438M->438M(1024M) 0.433ms
[2020-09-30T09:18:21.176+0000][16584][gc,cpu       ] GC(396) User=0.00s Sys=0.00s Real=0.00s
[2020-09-30T09:18:21.176+0000][16584][safepoint    ] Safepoint "G1Concurrent", Time since last: 104558900 ns, Reaching safepoint: 174700 ns, At safepoint: 657400 ns, Total: 832100 ns
[2020-09-30T09:18:21.176+0000][16584][gc,marking   ] GC(396) Concurrent Cleanup for Next Mark
[2020-09-30T09:18:21.178+0000][16584][gc,marking   ] GC(396) Concurrent Cleanup for Next Mark 1.760ms
[2020-09-30T09:18:21.178+0000][16584][gc           ] GC(396) Concurrent Cycle 293.536ms
[2020-09-30T09:18:21.240+0000][16584][gc,start     ] GC(397) Pause Young (Concurrent Start) (G1 Humongous Allocation)
[2020-09-30T09:18:21.240+0000][16584][gc,task      ] GC(397) Using 8 workers of 8 for evacuation
[2020-09-30T09:18:21.240+0000][16584][gc,age       ] GC(397) Desired survivor size 32505856 bytes, new threshold 15 (max threshold 15)
[2020-09-30T09:18:21.244+0000][16584][gc,age       ] GC(397) Age table with threshold 15 (max threshold 15)
[2020-09-30T09:18:21.244+0000][16584][gc,age       ] GC(397) - age   1:    2630192 bytes,    2630192 total
[2020-09-30T09:18:21.244+0000][16584][gc,age       ] GC(397) - age   2:       9584 bytes,    2639776 total
[2020-09-30T09:18:21.244+0000][16584][gc,age       ] GC(397) - age   3:       3808 bytes,    2643584 total
[2020-09-30T09:18:21.244+0000][16584][gc,age       ] GC(397) - age   4:       1464 bytes,    2645048 total
[2020-09-30T09:18:21.244+0000][16584][gc,age       ] GC(397) - age   5:      12904 bytes,    2657952 total
[2020-09-30T09:18:21.244+0000][16584][gc,age       ] GC(397) - age   6:       9264 bytes,    2667216 total
[2020-09-30T09:18:21.244+0000][16584][gc,age       ] GC(397) - age   7:       1944 bytes,    2669160 total
[2020-09-30T09:18:21.244+0000][16584][gc,age       ] GC(397) - age   8:        736 bytes,    2669896 total
[2020-09-30T09:18:21.245+0000][16584][gc,age       ] GC(397) - age   9:      16672 bytes,    2686568 total
[2020-09-30T09:18:21.245+0000][16584][gc,age       ] GC(397) - age  10:        440 bytes,    2687008 total
[2020-09-30T09:18:21.245+0000][16584][gc,age       ] GC(397) - age  11:       6296 bytes,    2693304 total
[2020-09-30T09:18:21.245+0000][16584][gc,age       ] GC(397) - age  12:       2520 bytes,    2695824 total
[2020-09-30T09:18:21.245+0000][16584][gc,age       ] GC(397) - age  13:       3096 bytes,    2698920 total
[2020-09-30T09:18:21.245+0000][16584][gc,age       ] GC(397) - age  14:       1984 bytes,    2700904 total
[2020-09-30T09:18:21.245+0000][16584][gc,age       ] GC(397) - age  15:       1688 bytes,    2702592 total
[2020-09-30T09:18:21.245+0000][16584][gc,phases    ] GC(397)   Pre Evacuate Collection Set: 0.5ms
[2020-09-30T09:18:21.245+0000][16584][gc,phases    ] GC(397)   Merge Heap Roots: 0.1ms
[2020-09-30T09:18:21.245+0000][16584][gc,phases    ] GC(397)   Evacuate Collection Set: 2.2ms
[2020-09-30T09:18:21.245+0000][16584][gc,phases    ] GC(397)   Post Evacuate Collection Set: 0.9ms
[2020-09-30T09:18:21.245+0000][16584][gc,phases    ] GC(397)   Other: 1.2ms
[2020-09-30T09:18:21.245+0000][16584][gc,heap      ] GC(397) Eden regions: 59->0(494)
[2020-09-30T09:18:21.245+0000][16584][gc,heap      ] GC(397) Survivor regions: 4->3(62)
[2020-09-30T09:18:21.245+0000][16584][gc,heap      ] GC(397) Old regions: 80->80
[2020-09-30T09:18:21.245+0000][16584][gc,heap      ] GC(397) Archive regions: 0->0
[2020-09-30T09:18:21.245+0000][16584][gc,heap      ] GC(397) Humongous regions: 308->174
[2020-09-30T09:18:21.245+0000][16584][gc,metaspace ] GC(397) Metaspace: 89311K(95360K)->89311K(95360K) NonClass: 78004K(81664K)->78004K(81664K) Class: 11307K(13696K)->11307K(13696K)
[2020-09-30T09:18:21.245+0000][16584][gc           ] GC(397) Pause Young (Concurrent Start) (G1 Humongous Allocation) 449M->255M(1024M) 5.200ms
[2020-09-30T09:18:21.245+0000][16584][gc,cpu       ] GC(397) User=0.00s Sys=0.00s Real=0.00s
[2020-09-30T09:18:21.245+0000][16584][gc           ] GC(398) Concurrent Cycle
[2020-09-30T09:18:21.245+0000][16584][safepoint    ] Safepoint "G1TryInitiateConcMark", Time since last: 63890600 ns, Reaching safepoint: 161600 ns, At safepoint: 5424400 ns, Total: 5586000 ns
[2020-09-30T09:18:21.245+0000][16584][gc,marking   ] GC(398) Concurrent Clear Claimed Marks
[2020-09-30T09:18:21.246+0000][16584][gc,marking   ] GC(398) Concurrent Clear Claimed Marks 0.704ms
[2020-09-30T09:18:21.246+0000][16584][gc,marking   ] GC(398) Concurrent Scan Root Regions
[2020-09-30T09:18:21.248+0000][16584][gc,marking   ] GC(398) Concurrent Scan Root Regions 2.208ms
[2020-09-30T09:18:21.249+0000][16584][gc,marking   ] GC(398) Concurrent Mark (195.106s)
[2020-09-30T09:18:21.249+0000][16584][gc,marking   ] GC(398) Concurrent Mark From Roots
[2020-09-30T09:18:21.249+0000][16584][gc,task      ] GC(398) Using 2 workers of 2 for marking
[2020-09-30T09:18:21.421+0000][16584][gc,marking   ] GC(398) Concurrent Mark From Roots 172.284ms
[2020-09-30T09:18:21.421+0000][16584][gc,marking   ] GC(398) Concurrent Preclean
[2020-09-30T09:18:21.422+0000][16584][gc,marking   ] GC(398) Concurrent Preclean 0.923ms
[2020-09-30T09:18:21.422+0000][16584][gc,marking   ] GC(398) Concurrent Mark (195.106s, 195.279s) 173.502ms
[2020-09-30T09:18:21.422+0000][16584][gc,start     ] GC(398) Pause Remark
[2020-09-30T09:18:21.430+0000][16584][gc           ] GC(398) Pause Remark 364M->364M(1024M) 7.872ms
[2020-09-30T09:18:21.430+0000][16584][gc,cpu       ] GC(398) User=0.00s Sys=0.00s Real=0.01s
[2020-09-30T09:18:21.431+0000][16584][safepoint    ] Safepoint "G1Concurrent", Time since last: 176786200 ns, Reaching safepoint: 178600 ns, At safepoint: 8144500 ns, Total: 8323100 ns
[2020-09-30T09:18:21.431+0000][16584][gc,marking   ] GC(398) Concurrent Rebuild Remembered Sets
[2020-09-30T09:18:21.531+0000][16584][gc,marking   ] GC(398) Concurrent Rebuild Remembered Sets 100.758ms
[2020-09-30T09:18:21.532+0000][16584][gc,start     ] GC(398) Pause Cleanup
[2020-09-30T09:18:21.532+0000][16584][gc           ] GC(398) Pause Cleanup 435M->435M(1024M) 0.485ms
[2020-09-30T09:18:21.533+0000][16584][gc,cpu       ] GC(398) User=0.00s Sys=0.00s Real=0.00s
[2020-09-30T09:18:21.533+0000][16584][safepoint    ] Safepoint "G1Concurrent", Time since last: 100976500 ns, Reaching safepoint: 308000 ns, At safepoint: 817600 ns, Total: 1125600 ns
[2020-09-30T09:18:21.533+0000][16584][gc,marking   ] GC(398) Concurrent Cleanup for Next Mark
[2020-09-30T09:18:21.534+0000][16584][gc,marking   ] GC(398) Concurrent Cleanup for Next Mark 1.728ms
[2020-09-30T09:18:21.535+0000][16584][gc           ] GC(398) Concurrent Cycle 289.201ms
[2020-09-30T09:18:21.638+0000][16584][gc,start     ] GC(399) Pause Young (Concurrent Start) (G1 Humongous Allocation)
[2020-09-30T09:18:21.638+0000][16584][gc,task      ] GC(399) Using 8 workers of 8 for evacuation
[2020-09-30T09:18:21.638+0000][16584][gc,age       ] GC(399) Desired survivor size 33030144 bytes, new threshold 15 (max threshold 15)
[2020-09-30T09:18:21.641+0000][16584][gc,age       ] GC(399) Age table with threshold 15 (max threshold 15)
[2020-09-30T09:18:21.641+0000][16584][gc,age       ] GC(399) - age   1:    2413920 bytes,    2413920 total
[2020-09-30T09:18:21.641+0000][16584][gc,age       ] GC(399) - age   2:       9088 bytes,    2423008 total
[2020-09-30T09:18:21.641+0000][16584][gc,age       ] GC(399) - age   3:       8384 bytes,    2431392 total
[2020-09-30T09:18:21.642+0000][16584][gc,age       ] GC(399) - age   4:       2016 bytes,    2433408 total
[2020-09-30T09:18:21.642+0000][16584][gc,age       ] GC(399) - age   5:       1240 bytes,    2434648 total
[2020-09-30T09:18:21.642+0000][16584][gc,age       ] GC(399) - age   6:      12840 bytes,    2447488 total
[2020-09-30T09:18:21.642+0000][16584][gc,age       ] GC(399) - age   7:       9232 bytes,    2456720 total
[2020-09-30T09:18:21.642+0000][16584][gc,age       ] GC(399) - age   8:       1880 bytes,    2458600 total
[2020-09-30T09:18:21.642+0000][16584][gc,age       ] GC(399) - age   9:        736 bytes,    2459336 total
[2020-09-30T09:18:21.642+0000][16584][gc,age       ] GC(399) - age  10:      16544 bytes,    2475880 total
[2020-09-30T09:18:21.642+0000][16584][gc,age       ] GC(399) - age  11:        440 bytes,    2476320 total
[2020-09-30T09:18:21.642+0000][16584][gc,age       ] GC(399) - age  12:       6232 bytes,    2482552 total
[2020-09-30T09:18:21.642+0000][16584][gc,age       ] GC(399) - age  13:       2520 bytes,    2485072 total
[2020-09-30T09:18:21.642+0000][16584][gc,age       ] GC(399) - age  14:       2872 bytes,    2487944 total
[2020-09-30T09:18:21.642+0000][16584][gc,age       ] GC(399) - age  15:       1952 bytes,    2489896 total
[2020-09-30T09:18:21.642+0000][16584][gc,phases    ] GC(399)   Pre Evacuate Collection Set: 0.4ms
[2020-09-30T09:18:21.642+0000][16584][gc,phases    ] GC(399)   Merge Heap Roots: 0.1ms
[2020-09-30T09:18:21.642+0000][16584][gc,phases    ] GC(399)   Evacuate Collection Set: 2.0ms
[2020-09-30T09:18:21.642+0000][16584][gc,phases    ] GC(399)   Post Evacuate Collection Set: 0.9ms
[2020-09-30T09:18:21.642+0000][16584][gc,phases    ] GC(399)   Other: 1.2ms
[2020-09-30T09:18:21.642+0000][16584][gc,heap      ] GC(399) Eden regions: 58->0(496)
[2020-09-30T09:18:21.642+0000][16584][gc,heap      ] GC(399) Survivor regions: 3->3(63)
[2020-09-30T09:18:21.642+0000][16584][gc,heap      ] GC(399) Old regions: 80->80
[2020-09-30T09:18:21.642+0000][16584][gc,heap      ] GC(399) Archive regions: 0->0
[2020-09-30T09:18:21.642+0000][16584][gc,heap      ] GC(399) Humongous regions: 304->174
[2020-09-30T09:18:21.643+0000][16584][gc,metaspace ] GC(399) Metaspace: 89324K(95360K)->89324K(95360K) NonClass: 78015K(81664K)->78015K(81664K) Class: 11308K(13696K)->11308K(13696K)
[2020-09-30T09:18:21.643+0000][16584][gc           ] GC(399) Pause Young (Concurrent Start) (G1 Humongous Allocation) 443M->255M(1024M) 4.923ms
[2020-09-30T09:18:21.643+0000][16584][gc,cpu       ] GC(399) User=0.11s Sys=0.00s Real=0.00s
[2020-09-30T09:18:21.643+0000][16584][gc           ] GC(400) Concurrent Cycle
[2020-09-30T09:18:21.643+0000][16584][safepoint    ] Safepoint "G1TryInitiateConcMark", Time since last: 104762600 ns, Reaching safepoint: 182700 ns, At safepoint: 5133000 ns, Total: 5315700 ns
[2020-09-30T09:18:21.643+0000][16584][gc,marking   ] GC(400) Concurrent Clear Claimed Marks
[2020-09-30T09:18:21.643+0000][16584][gc,marking   ] GC(400) Concurrent Clear Claimed Marks 0.457ms
[2020-09-30T09:18:21.643+0000][16584][gc,marking   ] GC(400) Concurrent Scan Root Regions
[2020-09-30T09:18:21.646+0000][16584][gc,marking   ] GC(400) Concurrent Scan Root Regions 2.155ms
[2020-09-30T09:18:21.646+0000][16584][gc,marking   ] GC(400) Concurrent Mark (195.503s)
[2020-09-30T09:18:21.646+0000][16584][gc,marking   ] GC(400) Concurrent Mark From Roots
[2020-09-30T09:18:21.646+0000][16584][gc,task      ] GC(400) Using 2 workers of 2 for marking
[2020-09-30T09:18:21.812+0000][16584][gc,marking   ] GC(400) Concurrent Mark From Roots 166.990ms
[2020-09-30T09:18:21.812+0000][16584][gc,marking   ] GC(400) Concurrent Preclean
[2020-09-30T09:18:21.813+0000][16584][gc,marking   ] GC(400) Concurrent Preclean 0.623ms
[2020-09-30T09:18:21.813+0000][16584][gc,marking   ] GC(400) Concurrent Mark (195.503s, 195.670s) 167.850ms
[2020-09-30T09:18:21.813+0000][16584][gc,start     ] GC(400) Pause Remark
[2020-09-30T09:18:21.821+0000][16584][gc           ] GC(400) Pause Remark 314M->314M(1024M) 7.231ms
[2020-09-30T09:18:21.821+0000][16584][gc,cpu       ] GC(400) User=0.00s Sys=0.00s Real=0.01s
[2020-09-30T09:18:21.821+0000][16584][safepoint    ] Safepoint "G1Concurrent", Time since last: 170873500 ns, Reaching safepoint: 176700 ns, At safepoint: 7475300 ns, Total: 7652000 ns
[2020-09-30T09:18:21.821+0000][16584][gc,marking   ] GC(400) Concurrent Rebuild Remembered Sets
[2020-09-30T09:18:21.929+0000][16584][gc,marking   ] GC(400) Concurrent Rebuild Remembered Sets 107.761ms
[2020-09-30T09:18:21.929+0000][16584][gc,start     ] GC(400) Pause Cleanup
[2020-09-30T09:18:21.929+0000][16584][gc           ] GC(400) Pause Cleanup 450M->450M(1024M) 0.316ms
[2020-09-30T09:18:21.929+0000][16584][gc,cpu       ] GC(400) User=0.00s Sys=0.00s Real=0.00s
[2020-09-30T09:18:21.929+0000][16584][safepoint    ] Safepoint "G1Concurrent", Time since last: 107936800 ns, Reaching safepoint: 156100 ns, At safepoint: 514600 ns, Total: 670700 ns
[2020-09-30T09:18:21.929+0000][16584][gc,marking   ] GC(400) Concurrent Cleanup for Next Mark
[2020-09-30T09:18:21.932+0000][16584][gc,marking   ] GC(400) Concurrent Cleanup for Next Mark 1.946ms
[2020-09-30T09:18:21.932+0000][16584][gc           ] GC(400) Concurrent Cycle 289.301ms
[2020-09-30T09:18:21.948+0000][16584][gc,start     ] GC(401) Pause Young (Concurrent Start) (G1 Humongous Allocation)
[2020-09-30T09:18:21.950+0000][16584][gc,task      ] GC(401) Using 8 workers of 8 for evacuation
[2020-09-30T09:18:21.950+0000][16584][gc,age       ] GC(401) Desired survivor size 33030144 bytes, new threshold 15 (max threshold 15)
[2020-09-30T09:18:21.956+0000][16584][gc,age       ] GC(401) Age table with threshold 15 (max threshold 15)
[2020-09-30T09:18:21.956+0000][16584][gc,age       ] GC(401) - age   1:   14500216 bytes,   14500216 total
[2020-09-30T09:18:21.956+0000][16584][gc,age       ] GC(401) - age   2:      14248 bytes,   14514464 total
[2020-09-30T09:18:21.956+0000][16584][gc,age       ] GC(401) - age   3:       6392 bytes,   14520856 total
[2020-09-30T09:18:21.956+0000][16584][gc,age       ] GC(401) - age   4:       4096 bytes,   14524952 total
[2020-09-30T09:18:21.956+0000][16584][gc,age       ] GC(401) - age   5:       1808 bytes,   14526760 total
[2020-09-30T09:18:21.956+0000][16584][gc,age       ] GC(401) - age   6:       1176 bytes,   14527936 total
[2020-09-30T09:18:21.957+0000][16584][gc,age       ] GC(401) - age   7:      12840 bytes,   14540776 total
[2020-09-30T09:18:21.957+0000][16584][gc,age       ] GC(401) - age   8:       8696 bytes,   14549472 total
[2020-09-30T09:18:21.957+0000][16584][gc,age       ] GC(401) - age   9:       1344 bytes,   14550816 total
[2020-09-30T09:18:21.957+0000][16584][gc,age       ] GC(401) - age  10:        736 bytes,   14551552 total
[2020-09-30T09:18:21.957+0000][16584][gc,age       ] GC(401) - age  11:      16544 bytes,   14568096 total
[2020-09-30T09:18:21.957+0000][16584][gc,age       ] GC(401) - age  12:        376 bytes,   14568472 total
[2020-09-30T09:18:21.957+0000][16584][gc,age       ] GC(401) - age  13:       6232 bytes,   14574704 total
[2020-09-30T09:18:21.957+0000][16584][gc,age       ] GC(401) - age  14:       2520 bytes,   14577224 total
[2020-09-30T09:18:21.957+0000][16584][gc,age       ] GC(401) - age  15:       2872 bytes,   14580096 total
[2020-09-30T09:18:21.957+0000][16584][gc,phases    ] GC(401)   Pre Evacuate Collection Set: 0.5ms
[2020-09-30T09:18:21.957+0000][16584][gc,phases    ] GC(401)   Merge Heap Roots: 0.1ms
[2020-09-30T09:18:21.957+0000][16584][gc,phases    ] GC(401)   Evacuate Collection Set: 4.0ms
[2020-09-30T09:18:21.957+0000][16584][gc,phases    ] GC(401)   Post Evacuate Collection Set: 1.0ms
[2020-09-30T09:18:21.957+0000][16584][gc,phases    ] GC(401)   Other: 3.7ms
[2020-09-30T09:18:21.957+0000][16584][gc,heap      ] GC(401) Eden regions: 61->0(474)
[2020-09-30T09:18:21.957+0000][16584][gc,heap      ] GC(401) Survivor regions: 3->15(63)
[2020-09-30T09:18:21.957+0000][16584][gc,heap      ] GC(401) Old regions: 80->80
[2020-09-30T09:18:21.957+0000][16584][gc,heap      ] GC(401) Archive regions: 0->0
[2020-09-30T09:18:21.957+0000][16584][gc,heap      ] GC(401) Humongous regions: 314->174
[2020-09-30T09:18:21.957+0000][16584][gc,metaspace ] GC(401) Metaspace: 89324K(95360K)->89324K(95360K) NonClass: 78015K(81664K)->78015K(81664K) Class: 11308K(13696K)->11308K(13696K)
[2020-09-30T09:18:21.958+0000][16584][gc           ] GC(401) Pause Young (Concurrent Start) (G1 Humongous Allocation) 456M->267M(1024M) 9.778ms
[2020-09-30T09:18:21.958+0000][16584][gc,cpu       ] GC(401) User=0.11s Sys=0.00s Real=0.01s
[2020-09-30T09:18:21.958+0000][16584][gc           ] GC(402) Concurrent Cycle
[2020-09-30T09:18:21.958+0000][16584][safepoint    ] Safepoint "G1TryInitiateConcMark", Time since last: 18189600 ns, Reaching safepoint: 204000 ns, At safepoint: 10053400 ns, Total: 10257400 ns
[2020-09-30T09:18:21.958+0000][16584][gc,marking   ] GC(402) Concurrent Clear Claimed Marks
[2020-09-30T09:18:21.958+0000][16584][gc,marking   ] GC(402) Concurrent Clear Claimed Marks 0.508ms
[2020-09-30T09:18:21.958+0000][16584][gc,marking   ] GC(402) Concurrent Scan Root Regions
[2020-09-30T09:18:21.962+0000][16584][gc,marking   ] GC(402) Concurrent Scan Root Regions 3.498ms
[2020-09-30T09:18:21.962+0000][16584][gc,marking   ] GC(402) Concurrent Mark (195.820s)
[2020-09-30T09:18:21.962+0000][16584][gc,marking   ] GC(402) Concurrent Mark From Roots
[2020-09-30T09:18:21.962+0000][16584][gc,task      ] GC(402) Using 2 workers of 2 for marking
[2020-09-30T09:18:22.144+0000][16584][gc,marking   ] GC(402) Concurrent Mark From Roots 181.420ms
[2020-09-30T09:18:22.144+0000][16584][gc,marking   ] GC(402) Concurrent Preclean
[2020-09-30T09:18:22.144+0000][16584][gc,marking   ] GC(402) Concurrent Preclean 0.556ms
[2020-09-30T09:18:22.144+0000][16584][gc,marking   ] GC(402) Concurrent Mark (195.820s, 196.002s) 182.173ms
[2020-09-30T09:18:22.145+0000][16584][gc,start     ] GC(402) Pause Remark
[2020-09-30T09:18:22.152+0000][16584][gc           ] GC(402) Pause Remark 520M->520M(1024M) 7.433ms
[2020-09-30T09:18:22.152+0000][16584][gc,cpu       ] GC(402) User=0.00s Sys=0.00s Real=0.01s
[2020-09-30T09:18:22.152+0000][16584][safepoint    ] Safepoint "G1Concurrent", Time since last: 186519100 ns, Reaching safepoint: 218500 ns, At safepoint: 7943200 ns, Total: 8161700 ns
[2020-09-30T09:18:22.153+0000][16584][gc,marking   ] GC(402) Concurrent Rebuild Remembered Sets
[2020-09-30T09:18:22.256+0000][16584][gc,marking   ] GC(402) Concurrent Rebuild Remembered Sets 102.370ms
[2020-09-30T09:18:22.256+0000][16584][gc,start     ] GC(402) Pause Cleanup
[2020-09-30T09:18:22.256+0000][16584][gc           ] GC(402) Pause Cleanup 593M->593M(1024M) 0.383ms
[2020-09-30T09:18:22.257+0000][16584][gc,cpu       ] GC(402) User=0.00s Sys=0.00s Real=0.00s
[2020-09-30T09:18:22.257+0000][16584][safepoint    ] Safepoint "G1Concurrent", Time since last: 102584400 ns, Reaching safepoint: 185700 ns, At safepoint: 670600 ns, Total: 856300 ns
[2020-09-30T09:18:22.257+0000][16584][gc,marking   ] GC(402) Concurrent Cleanup for Next Mark
[2020-09-30T09:18:22.259+0000][16584][gc,marking   ] GC(402) Concurrent Cleanup for Next Mark 1.948ms
[2020-09-30T09:18:22.259+0000][16584][gc           ] GC(402) Concurrent Cycle 300.343ms
[2020-09-30T09:18:22.281+0000][16584][gc,start     ] GC(403) Pause Young (Concurrent Start) (G1 Humongous Allocation)
[2020-09-30T09:18:22.281+0000][16584][gc,task      ] GC(403) Using 8 workers of 8 for evacuation
[2020-09-30T09:18:22.282+0000][16584][gc,age       ] GC(403) Desired survivor size 32505856 bytes, new threshold 15 (max threshold 15)
[2020-09-30T09:18:22.286+0000][16584][gc,age       ] GC(403) Age table with threshold 15 (max threshold 15)
[2020-09-30T09:18:22.286+0000][16584][gc,age       ] GC(403) - age   1:    4195656 bytes,    4195656 total
[2020-09-30T09:18:22.286+0000][16584][gc,age       ] GC(403) - age   2:      12664 bytes,    4208320 total
[2020-09-30T09:18:22.286+0000][16584][gc,age       ] GC(403) - age   3:      11440 bytes,    4219760 total
[2020-09-30T09:18:22.286+0000][16584][gc,age       ] GC(403) - age   4:       6008 bytes,    4225768 total
[2020-09-30T09:18:22.286+0000][16584][gc,age       ] GC(403) - age   5:       3760 bytes,    4229528 total
[2020-09-30T09:18:22.286+0000][16584][gc,age       ] GC(403) - age   6:       1488 bytes,    4231016 total
[2020-09-30T09:18:22.286+0000][16584][gc,age       ] GC(403) - age   7:        888 bytes,    4231904 total
[2020-09-30T09:18:22.286+0000][16584][gc,age       ] GC(403) - age   8:      12840 bytes,    4244744 total
[2020-09-30T09:18:22.286+0000][16584][gc,age       ] GC(403) - age   9:       3744 bytes,    4248488 total
[2020-09-30T09:18:22.286+0000][16584][gc,age       ] GC(403) - age  10:       1216 bytes,    4249704 total
[2020-09-30T09:18:22.286+0000][16584][gc,age       ] GC(403) - age  11:        640 bytes,    4250344 total
[2020-09-30T09:18:22.286+0000][16584][gc,age       ] GC(403) - age  12:      16544 bytes,    4266888 total
[2020-09-30T09:18:22.286+0000][16584][gc,age       ] GC(403) - age  13:        344 bytes,    4267232 total
[2020-09-30T09:18:22.286+0000][16584][gc,age       ] GC(403) - age  14:       6232 bytes,    4273464 total
[2020-09-30T09:18:22.286+0000][16584][gc,age       ] GC(403) - age  15:       2520 bytes,    4275984 total
[2020-09-30T09:18:22.286+0000][16584][gc,phases    ] GC(403)   Pre Evacuate Collection Set: 0.5ms
[2020-09-30T09:18:22.287+0000][16584][gc,phases    ] GC(403)   Merge Heap Roots: 0.1ms
[2020-09-30T09:18:22.287+0000][16584][gc,phases    ] GC(403)   Evacuate Collection Set: 2.6ms
[2020-09-30T09:18:22.287+0000][16584][gc,phases    ] GC(403)   Post Evacuate Collection Set: 1.1ms
[2020-09-30T09:18:22.287+0000][16584][gc,phases    ] GC(403)   Other: 0.9ms
[2020-09-30T09:18:22.287+0000][16584][gc,heap      ] GC(403) Eden regions: 92->0(487)
[2020-09-30T09:18:22.287+0000][16584][gc,heap      ] GC(403) Survivor regions: 15->5(62)
[2020-09-30T09:18:22.287+0000][16584][gc,heap      ] GC(403) Old regions: 80->80
[2020-09-30T09:18:22.287+0000][16584][gc,heap      ] GC(403) Archive regions: 0->0
[2020-09-30T09:18:22.287+0000][16584][gc,heap      ] GC(403) Humongous regions: 418->174
[2020-09-30T09:18:22.287+0000][16584][gc,metaspace ] GC(403) Metaspace: 89324K(95360K)->89324K(95360K) NonClass: 78015K(81664K)->78015K(81664K) Class: 11308K(13696K)->11308K(13696K)
[2020-09-30T09:18:22.287+0000][16584][gc           ] GC(403) Pause Young (Concurrent Start) (G1 Humongous Allocation) 603M->257M(1024M) 5.846ms
[2020-09-30T09:18:22.287+0000][16584][gc,cpu       ] GC(403) User=0.00s Sys=0.00s Real=0.01s
[2020-09-30T09:18:22.287+0000][16584][safepoint    ] Safepoint "G1TryInitiateConcMark", Time since last: 24346500 ns, Reaching safepoint: 188700 ns, At safepoint: 6048400 ns, Total: 6237100 ns
[2020-09-30T09:18:22.287+0000][16584][gc           ] GC(404) Concurrent Cycle
[2020-09-30T09:18:22.287+0000][16584][gc,marking   ] GC(404) Concurrent Clear Claimed Marks
[2020-09-30T09:18:22.288+0000][16584][gc,marking   ] GC(404) Concurrent Clear Claimed Marks 0.370ms
[2020-09-30T09:18:22.288+0000][16584][gc,marking   ] GC(404) Concurrent Scan Root Regions
[2020-09-30T09:18:22.291+0000][16584][gc,marking   ] GC(404) Concurrent Scan Root Regions 3.278ms
[2020-09-30T09:18:22.291+0000][16584][gc,marking   ] GC(404) Concurrent Mark (196.148s)
[2020-09-30T09:18:22.291+0000][16584][gc,marking   ] GC(404) Concurrent Mark From Roots
[2020-09-30T09:18:22.291+0000][16584][gc,task      ] GC(404) Using 2 workers of 2 for marking
[2020-09-30T09:18:22.463+0000][16584][gc,marking   ] GC(404) Concurrent Mark From Roots 171.808ms
[2020-09-30T09:18:22.463+0000][16584][gc,marking   ] GC(404) Concurrent Preclean
[2020-09-30T09:18:22.464+0000][16584][gc,marking   ] GC(404) Concurrent Preclean 0.641ms
[2020-09-30T09:18:22.464+0000][16584][gc,marking   ] GC(404) Concurrent Mark (196.148s, 196.321s) 172.660ms
[2020-09-30T09:18:22.464+0000][16584][gc,start     ] GC(404) Pause Remark
[2020-09-30T09:18:22.472+0000][16584][gc           ] GC(404) Pause Remark 446M->446M(1024M) 7.458ms
[2020-09-30T09:18:22.472+0000][16584][gc,cpu       ] GC(404) User=0.11s Sys=0.00s Real=0.01s
[2020-09-30T09:18:22.472+0000][16584][safepoint    ] Safepoint "G1Concurrent", Time since last: 176705500 ns, Reaching safepoint: 201300 ns, At safepoint: 7748100 ns, Total: 7949400 ns
[2020-09-30T09:18:22.472+0000][16584][gc,marking   ] GC(404) Concurrent Rebuild Remembered Sets
[2020-09-30T09:18:22.578+0000][16584][gc,marking   ] GC(404) Concurrent Rebuild Remembered Sets 105.594ms
[2020-09-30T09:18:22.578+0000][16584][gc,start     ] GC(404) Pause Cleanup
[2020-09-30T09:18:22.578+0000][16584][gc           ] GC(404) Pause Cleanup 517M->517M(1024M) 0.270ms
[2020-09-30T09:18:22.578+0000][16584][gc,cpu       ] GC(404) User=0.00s Sys=0.00s Real=0.00s
[2020-09-30T09:18:22.578+0000][16584][safepoint    ] Safepoint "G1Concurrent", Time since last: 105808400 ns, Reaching safepoint: 177600 ns, At safepoint: 461600 ns, Total: 639200 ns
[2020-09-30T09:18:22.578+0000][16584][gc,marking   ] GC(404) Concurrent Cleanup for Next Mark
[2020-09-30T09:18:22.581+0000][16584][gc,marking   ] GC(404) Concurrent Cleanup for Next Mark 2.100ms
[2020-09-30T09:18:22.581+0000][16584][gc           ] GC(404) Concurrent Cycle 293.394ms
[2020-09-30T09:18:22.625+0000][16584][gc,start     ] GC(405) Pause Young (Concurrent Start) (G1 Humongous Allocation)
[2020-09-30T09:18:22.625+0000][16584][gc,task      ] GC(405) Using 8 workers of 8 for evacuation
[2020-09-30T09:18:22.625+0000][16584][gc,age       ] GC(405) Desired survivor size 32505856 bytes, new threshold 15 (max threshold 15)
[2020-09-30T09:18:22.630+0000][16584][gc,age       ] GC(405) Age table with threshold 15 (max threshold 15)
[2020-09-30T09:18:22.630+0000][16584][gc,age       ] GC(405) - age   1:    3708624 bytes,    3708624 total
[2020-09-30T09:18:22.630+0000][16584][gc,age       ] GC(405) - age   2:     607648 bytes,    4316272 total
[2020-09-30T09:18:22.630+0000][16584][gc,age       ] GC(405) - age   3:       8888 bytes,    4325160 total
[2020-09-30T09:18:22.630+0000][16584][gc,age       ] GC(405) - age   4:      10584 bytes,    4335744 total
[2020-09-30T09:18:22.630+0000][16584][gc,age       ] GC(405) - age   5:       5976 bytes,    4341720 total
[2020-09-30T09:18:22.630+0000][16584][gc,age       ] GC(405) - age   6:       3632 bytes,    4345352 total
[2020-09-30T09:18:22.630+0000][16584][gc,age       ] GC(405) - age   7:       1392 bytes,    4346744 total
[2020-09-30T09:18:22.630+0000][16584][gc,age       ] GC(405) - age   8:        888 bytes,    4347632 total
[2020-09-30T09:18:22.630+0000][16584][gc,age       ] GC(405) - age   9:      12808 bytes,    4360440 total
[2020-09-30T09:18:22.630+0000][16584][gc,age       ] GC(405) - age  10:       3744 bytes,    4364184 total
[2020-09-30T09:18:22.630+0000][16584][gc,age       ] GC(405) - age  11:        800 bytes,    4364984 total
[2020-09-30T09:18:22.630+0000][16584][gc,age       ] GC(405) - age  12:        608 bytes,    4365592 total
[2020-09-30T09:18:22.630+0000][16584][gc,age       ] GC(405) - age  13:      16320 bytes,    4381912 total
[2020-09-30T09:18:22.630+0000][16584][gc,age       ] GC(405) - age  14:        344 bytes,    4382256 total
[2020-09-30T09:18:22.630+0000][16584][gc,age       ] GC(405) - age  15:       6232 bytes,    4388488 total
[2020-09-30T09:18:22.630+0000][16584][gc,phases    ] GC(405)   Pre Evacuate Collection Set: 0.4ms
[2020-09-30T09:18:22.630+0000][16584][gc,phases    ] GC(405)   Merge Heap Roots: 0.1ms
[2020-09-30T09:18:22.630+0000][16584][gc,phases    ] GC(405)   Evacuate Collection Set: 2.6ms
[2020-09-30T09:18:22.631+0000][16584][gc,phases    ] GC(405)   Post Evacuate Collection Set: 0.9ms
[2020-09-30T09:18:22.631+0000][16584][gc,phases    ] GC(405)   Other: 1.1ms
[2020-09-30T09:18:22.631+0000][16584][gc,heap      ] GC(405) Eden regions: 79->0(489)
[2020-09-30T09:18:22.631+0000][16584][gc,heap      ] GC(405) Survivor regions: 5->5(62)
[2020-09-30T09:18:22.631+0000][16584][gc,heap      ] GC(405) Old regions: 80->80
[2020-09-30T09:18:22.631+0000][16584][gc,heap      ] GC(405) Archive regions: 0->0
[2020-09-30T09:18:22.631+0000][16584][gc,heap      ] GC(405) Humongous regions: 366->174
[2020-09-30T09:18:22.631+0000][16584][gc,metaspace ] GC(405) Metaspace: 89324K(95360K)->89324K(95360K) NonClass: 78015K(81664K)->78015K(81664K) Class: 11308K(13696K)->11308K(13696K)
[2020-09-30T09:18:22.631+0000][16584][gc           ] GC(405) Pause Young (Concurrent Start) (G1 Humongous Allocation) 528M->257M(1024M) 5.931ms
[2020-09-30T09:18:22.631+0000][16584][gc,cpu       ] GC(405) User=0.00s Sys=0.00s Real=0.01s
[2020-09-30T09:18:22.631+0000][16584][safepoint    ] Safepoint "G1TryInitiateConcMark", Time since last: 46785700 ns, Reaching safepoint: 154500 ns, At safepoint: 6240900 ns, Total: 6395400 ns
[2020-09-30T09:18:22.631+0000][16584][gc           ] GC(406) Concurrent Cycle
[2020-09-30T09:18:22.632+0000][16584][gc,marking   ] GC(406) Concurrent Clear Claimed Marks
[2020-09-30T09:18:22.632+0000][16584][gc,marking   ] GC(406) Concurrent Clear Claimed Marks 0.597ms
[2020-09-30T09:18:22.632+0000][16584][gc,marking   ] GC(406) Concurrent Scan Root Regions
[2020-09-30T09:18:22.636+0000][16584][gc,marking   ] GC(406) Concurrent Scan Root Regions 3.849ms
[2020-09-30T09:18:22.636+0000][16584][gc,marking   ] GC(406) Concurrent Mark (196.493s)
[2020-09-30T09:18:22.636+0000][16584][gc,marking   ] GC(406) Concurrent Mark From Roots
[2020-09-30T09:18:22.636+0000][16584][gc,task      ] GC(406) Using 2 workers of 2 for marking
[2020-09-30T09:18:22.813+0000][16584][gc,marking   ] GC(406) Concurrent Mark From Roots 176.869ms
[2020-09-30T09:18:22.813+0000][16584][gc,marking   ] GC(406) Concurrent Preclean
[2020-09-30T09:18:22.814+0000][16584][gc,marking   ] GC(406) Concurrent Preclean 0.876ms
[2020-09-30T09:18:22.814+0000][16584][gc,marking   ] GC(406) Concurrent Mark (196.493s, 196.671s) 177.934ms
[2020-09-30T09:18:22.815+0000][16584][gc,start     ] GC(406) Pause Remark
[2020-09-30T09:18:22.822+0000][16584][gc           ] GC(406) Pause Remark 456M->456M(1024M) 7.123ms
[2020-09-30T09:18:22.822+0000][16584][gc,cpu       ] GC(406) User=0.00s Sys=0.00s Real=0.01s
[2020-09-30T09:18:22.822+0000][16584][safepoint    ] Safepoint "G1Concurrent", Time since last: 182821600 ns, Reaching safepoint: 521900 ns, At safepoint: 7390500 ns, Total: 7912400 ns
[2020-09-30T09:18:22.822+0000][16584][gc,marking   ] GC(406) Concurrent Rebuild Remembered Sets
[2020-09-30T09:18:22.931+0000][16584][gc,marking   ] GC(406) Concurrent Rebuild Remembered Sets 109.493ms
[2020-09-30T09:18:22.932+0000][16584][gc,start     ] GC(406) Pause Cleanup
[2020-09-30T09:18:22.932+0000][16584][gc           ] GC(406) Pause Cleanup 472M->472M(1024M) 0.421ms
[2020-09-30T09:18:22.932+0000][16584][gc,cpu       ] GC(406) User=0.00s Sys=0.00s Real=0.00s
[2020-09-30T09:18:22.932+0000][16584][safepoint    ] Safepoint "G1Concurrent", Time since last: 109678100 ns, Reaching safepoint: 509500 ns, At safepoint: 693300 ns, Total: 1202800 ns
[2020-09-30T09:18:22.933+0000][16584][gc,marking   ] GC(406) Concurrent Cleanup for Next Mark
[2020-09-30T09:18:22.934+0000][16584][gc,marking   ] GC(406) Concurrent Cleanup for Next Mark 1.605ms
[2020-09-30T09:18:22.934+0000][16584][gc           ] GC(406) Concurrent Cycle 303.469ms
[2020-09-30T09:18:23.047+0000][16584][gc,start     ] GC(407) Pause Young (Concurrent Start) (G1 Humongous Allocation)
[2020-09-30T09:18:23.048+0000][16584][gc,task      ] GC(407) Using 8 workers of 8 for evacuation
[2020-09-30T09:18:23.048+0000][16584][gc,age       ] GC(407) Desired survivor size 32505856 bytes, new threshold 15 (max threshold 15)
[2020-09-30T09:18:23.053+0000][16584][gc,age       ] GC(407) Age table with threshold 15 (max threshold 15)
[2020-09-30T09:18:23.053+0000][16584][gc,age       ] GC(407) - age   1:   10755648 bytes,   10755648 total
[2020-09-30T09:18:23.053+0000][16584][gc,age       ] GC(407) - age   2:       3328 bytes,   10758976 total
[2020-09-30T09:18:23.053+0000][16584][gc,age       ] GC(407) - age   3:       1704 bytes,   10760680 total
[2020-09-30T09:18:23.053+0000][16584][gc,age       ] GC(407) - age   4:       5360 bytes,   10766040 total
[2020-09-30T09:18:23.053+0000][16584][gc,age       ] GC(407) - age   5:      10024 bytes,   10776064 total
[2020-09-30T09:18:23.053+0000][16584][gc,age       ] GC(407) - age   6:       5272 bytes,   10781336 total
[2020-09-30T09:18:23.053+0000][16584][gc,age       ] GC(407) - age   7:       2968 bytes,   10784304 total
[2020-09-30T09:18:23.053+0000][16584][gc,age       ] GC(407) - age   8:       1232 bytes,   10785536 total
[2020-09-30T09:18:23.053+0000][16584][gc,age       ] GC(407) - age   9:        856 bytes,   10786392 total
[2020-09-30T09:18:23.053+0000][16584][gc,age       ] GC(407) - age  10:      12808 bytes,   10799200 total
[2020-09-30T09:18:23.053+0000][16584][gc,age       ] GC(407) - age  11:       3744 bytes,   10802944 total
[2020-09-30T09:18:23.053+0000][16584][gc,age       ] GC(407) - age  12:        800 bytes,   10803744 total
[2020-09-30T09:18:23.053+0000][16584][gc,age       ] GC(407) - age  13:        608 bytes,   10804352 total
[2020-09-30T09:18:23.053+0000][16584][gc,age       ] GC(407) - age  14:      16288 bytes,   10820640 total
[2020-09-30T09:18:23.053+0000][16584][gc,age       ] GC(407) - age  15:        344 bytes,   10820984 total
[2020-09-30T09:18:23.054+0000][16584][gc,phases    ] GC(407)   Pre Evacuate Collection Set: 0.5ms
[2020-09-30T09:18:23.054+0000][16584][gc,phases    ] GC(407)   Merge Heap Roots: 0.1ms
[2020-09-30T09:18:23.054+0000][16584][gc,phases    ] GC(407)   Evacuate Collection Set: 3.3ms
[2020-09-30T09:18:23.054+0000][16584][gc,phases    ] GC(407)   Post Evacuate Collection Set: 1.0ms
[2020-09-30T09:18:23.054+0000][16584][gc,phases    ] GC(407)   Other: 1.4ms
[2020-09-30T09:18:23.054+0000][16584][gc,heap      ] GC(407) Eden regions: 83->0(479)
[2020-09-30T09:18:23.054+0000][16584][gc,heap      ] GC(407) Survivor regions: 5->11(62)
[2020-09-30T09:18:23.054+0000][16584][gc,heap      ] GC(407) Old regions: 80->80
[2020-09-30T09:18:23.054+0000][16584][gc,heap      ] GC(407) Archive regions: 0->0
[2020-09-30T09:18:23.054+0000][16584][gc,heap      ] GC(407) Humongous regions: 324->174
[2020-09-30T09:18:23.054+0000][16584][gc,metaspace ] GC(407) Metaspace: 89338K(95360K)->89338K(95360K) NonClass: 78029K(81664K)->78029K(81664K) Class: 11309K(13696K)->11309K(13696K)
[2020-09-30T09:18:23.054+0000][16584][gc           ] GC(407) Pause Young (Concurrent Start) (G1 Humongous Allocation) 490M->264M(1024M) 6.645ms
[2020-09-30T09:18:23.054+0000][16584][gc,cpu       ] GC(407) User=0.00s Sys=0.00s Real=0.01s
[2020-09-30T09:18:23.054+0000][16584][gc           ] GC(408) Concurrent Cycle
[2020-09-30T09:18:23.054+0000][16584][gc,marking   ] GC(408) Concurrent Clear Claimed Marks
[2020-09-30T09:18:23.054+0000][16584][safepoint    ] Safepoint "G1TryInitiateConcMark", Time since last: 114713100 ns, Reaching safepoint: 159000 ns, At safepoint: 7089900 ns, Total: 7248900 ns
[2020-09-30T09:18:23.055+0000][16584][gc,marking   ] GC(408) Concurrent Clear Claimed Marks 0.374ms
[2020-09-30T09:18:23.055+0000][16584][gc,marking   ] GC(408) Concurrent Scan Root Regions
[2020-09-30T09:18:23.058+0000][16584][gc,marking   ] GC(408) Concurrent Scan Root Regions 3.230ms
[2020-09-30T09:18:23.058+0000][16584][gc,marking   ] GC(408) Concurrent Mark (196.916s)
[2020-09-30T09:18:23.058+0000][16584][gc,marking   ] GC(408) Concurrent Mark From Roots
[2020-09-30T09:18:23.058+0000][16584][gc,task      ] GC(408) Using 2 workers of 2 for marking
[2020-09-30T09:18:23.245+0000][16584][gc,marking   ] GC(408) Concurrent Mark From Roots 186.308ms
[2020-09-30T09:18:23.245+0000][16584][gc,marking   ] GC(408) Concurrent Preclean
[2020-09-30T09:18:23.246+0000][16584][gc,marking   ] GC(408) Concurrent Preclean 0.777ms
[2020-09-30T09:18:23.246+0000][16584][gc,marking   ] GC(408) Concurrent Mark (196.916s, 197.103s) 187.302ms
[2020-09-30T09:18:23.253+0000][16584][gc,start     ] GC(408) Pause Remark
[2020-09-30T09:18:23.260+0000][16584][gc           ] GC(408) Pause Remark 698M->698M(1024M) 7.360ms
[2020-09-30T09:18:23.260+0000][16584][gc,cpu       ] GC(408) User=0.00s Sys=0.00s Real=0.01s
[2020-09-30T09:18:23.261+0000][16584][safepoint    ] Safepoint "G1Concurrent", Time since last: 191100000 ns, Reaching safepoint: 6721600 ns, At safepoint: 8053900 ns, Total: 14775500 ns
[2020-09-30T09:18:23.261+0000][16584][gc,marking   ] GC(408) Concurrent Rebuild Remembered Sets
[2020-09-30T09:18:23.370+0000][16584][gc,marking   ] GC(408) Concurrent Rebuild Remembered Sets 109.453ms
[2020-09-30T09:18:23.371+0000][16584][gc,start     ] GC(408) Pause Cleanup
[2020-09-30T09:18:23.371+0000][16584][gc           ] GC(408) Pause Cleanup 722M->722M(1024M) 0.408ms
[2020-09-30T09:18:23.371+0000][16584][gc,cpu       ] GC(408) User=0.00s Sys=0.00s Real=0.00s
[2020-09-30T09:18:23.371+0000][16584][safepoint    ] Safepoint "G1Concurrent", Time since last: 109679800 ns, Reaching safepoint: 220500 ns, At safepoint: 788000 ns, Total: 1008500 ns
[2020-09-30T09:18:23.371+0000][16584][gc,marking   ] GC(408) Concurrent Cleanup for Next Mark
[2020-09-30T09:18:23.373+0000][16584][gc,marking   ] GC(408) Concurrent Cleanup for Next Mark 2.031ms
[2020-09-30T09:18:23.374+0000][16584][gc           ] GC(408) Concurrent Cycle 319.037ms
[2020-09-30T09:18:23.377+0000][16584][gc,start     ] GC(409) Pause Young (Concurrent Start) (G1 Humongous Allocation)
[2020-09-30T09:18:23.378+0000][16584][gc,task      ] GC(409) Using 8 workers of 8 for evacuation
[2020-09-30T09:18:23.378+0000][16584][gc,age       ] GC(409) Desired survivor size 32505856 bytes, new threshold 15 (max threshold 15)
[2020-09-30T09:18:23.383+0000][16584][gc,age       ] GC(409) Age table with threshold 15 (max threshold 15)
[2020-09-30T09:18:23.384+0000][16584][gc,age       ] GC(409) - age   1:    6894224 bytes,    6894224 total
[2020-09-30T09:18:23.384+0000][16584][gc,age       ] GC(409) - age   2:     114176 bytes,    7008400 total
[2020-09-30T09:18:23.384+0000][16584][gc,age       ] GC(409) - age   3:       2752 bytes,    7011152 total
[2020-09-30T09:18:23.384+0000][16584][gc,age       ] GC(409) - age   4:       1104 bytes,    7012256 total
[2020-09-30T09:18:23.384+0000][16584][gc,age       ] GC(409) - age   5:       5232 bytes,    7017488 total
[2020-09-30T09:18:23.384+0000][16584][gc,age       ] GC(409) - age   6:       7568 bytes,    7025056 total
[2020-09-30T09:18:23.384+0000][16584][gc,age       ] GC(409) - age   7:       5272 bytes,    7030328 total
[2020-09-30T09:18:23.384+0000][16584][gc,age       ] GC(409) - age   8:       2936 bytes,    7033264 total
[2020-09-30T09:18:23.384+0000][16584][gc,age       ] GC(409) - age   9:       1104 bytes,    7034368 total
[2020-09-30T09:18:23.384+0000][16584][gc,age       ] GC(409) - age  10:        792 bytes,    7035160 total
[2020-09-30T09:18:23.384+0000][16584][gc,age       ] GC(409) - age  11:      12808 bytes,    7047968 total
[2020-09-30T09:18:23.384+0000][16584][gc,age       ] GC(409) - age  12:       3712 bytes,    7051680 total
[2020-09-30T09:18:23.384+0000][16584][gc,age       ] GC(409) - age  13:        800 bytes,    7052480 total
[2020-09-30T09:18:23.384+0000][16584][gc,age       ] GC(409) - age  14:        608 bytes,    7053088 total
[2020-09-30T09:18:23.384+0000][16584][gc,age       ] GC(409) - age  15:      16288 bytes,    7069376 total
[2020-09-30T09:18:23.384+0000][16584][gc,phases    ] GC(409)   Pre Evacuate Collection Set: 0.7ms
[2020-09-30T09:18:23.384+0000][16584][gc,phases    ] GC(409)   Merge Heap Roots: 0.2ms
[2020-09-30T09:18:23.384+0000][16584][gc,phases    ] GC(409)   Evacuate Collection Set: 3.2ms
[2020-09-30T09:18:23.385+0000][16584][gc,phases    ] GC(409)   Post Evacuate Collection Set: 1.6ms
[2020-09-30T09:18:23.385+0000][16584][gc,phases    ] GC(409)   Other: 1.4ms
[2020-09-30T09:18:23.385+0000][16584][gc,heap      ] GC(409) Eden regions: 119->0(471)
[2020-09-30T09:18:23.385+0000][16584][gc,heap      ] GC(409) Survivor regions: 11->8(62)
[2020-09-30T09:18:23.385+0000][16584][gc,heap      ] GC(409) Old regions: 80->80
[2020-09-30T09:18:23.385+0000][16584][gc,heap      ] GC(409) Archive regions: 0->0
[2020-09-30T09:18:23.385+0000][16584][gc,heap      ] GC(409) Humongous regions: 516->174
[2020-09-30T09:18:23.385+0000][16584][gc,metaspace ] GC(409) Metaspace: 89338K(95360K)->89338K(95360K) NonClass: 78029K(81664K)->78029K(81664K) Class: 11309K(13696K)->11309K(13696K)
[2020-09-30T09:18:23.385+0000][16584][gc           ] GC(409) Pause Young (Concurrent Start) (G1 Humongous Allocation) 725M->261M(1024M) 7.475ms
[2020-09-30T09:18:23.385+0000][16584][gc,cpu       ] GC(409) User=0.00s Sys=0.00s Real=0.01s
[2020-09-30T09:18:23.385+0000][16584][gc           ] GC(410) Concurrent Cycle
[2020-09-30T09:18:23.385+0000][16584][safepoint    ] Safepoint "G1TryInitiateConcMark", Time since last: 5782100 ns, Reaching safepoint: 227000 ns, At safepoint: 7713400 ns, Total: 7940400 ns
[2020-09-30T09:18:23.385+0000][16584][gc,marking   ] GC(410) Concurrent Clear Claimed Marks
[2020-09-30T09:18:23.386+0000][16584][gc,marking   ] GC(410) Concurrent Clear Claimed Marks 0.729ms
[2020-09-30T09:18:23.386+0000][16584][gc,marking   ] GC(410) Concurrent Scan Root Regions
[2020-09-30T09:18:23.390+0000][16584][gc,marking   ] GC(410) Concurrent Scan Root Regions 4.205ms
[2020-09-30T09:18:23.390+0000][16584][gc,marking   ] GC(410) Concurrent Mark (197.247s)
[2020-09-30T09:18:23.390+0000][16584][gc,marking   ] GC(410) Concurrent Mark From Roots
[2020-09-30T09:18:23.390+0000][16584][gc,task      ] GC(410) Using 2 workers of 2 for marking
[2020-09-30T09:18:23.578+0000][16584][gc,marking   ] GC(410) Concurrent Mark From Roots 187.429ms
[2020-09-30T09:18:23.578+0000][16584][gc,marking   ] GC(410) Concurrent Preclean
[2020-09-30T09:18:23.578+0000][16584][gc,marking   ] GC(410) Concurrent Preclean 0.535ms
[2020-09-30T09:18:23.578+0000][16584][gc,marking   ] GC(410) Concurrent Mark (197.247s, 197.435s) 188.167ms
[2020-09-30T09:18:23.579+0000][16584][gc,start     ] GC(410) Pause Remark
[2020-09-30T09:18:23.587+0000][16584][gc           ] GC(410) Pause Remark 399M->399M(1024M) 7.850ms
[2020-09-30T09:18:23.587+0000][16584][gc,cpu       ] GC(410) User=0.00s Sys=0.00s Real=0.01s
[2020-09-30T09:18:23.589+0000][16584][safepoint    ] Safepoint "G1Concurrent", Time since last: 193557000 ns, Reaching safepoint: 587200 ns, At safepoint: 10222200 ns, Total: 10809400 ns
[2020-09-30T09:18:23.590+0000][16584][gc,marking   ] GC(410) Concurrent Rebuild Remembered Sets
[2020-09-30T09:18:23.706+0000][16584][gc,marking   ] GC(410) Concurrent Rebuild Remembered Sets 116.594ms
[2020-09-30T09:18:23.706+0000][16584][gc,start     ] GC(410) Pause Cleanup
[2020-09-30T09:18:23.707+0000][16584][gc           ] GC(410) Pause Cleanup 401M->401M(1024M) 0.360ms
[2020-09-30T09:18:23.707+0000][16584][gc,cpu       ] GC(410) User=0.00s Sys=0.00s Real=0.00s
[2020-09-30T09:18:23.707+0000][16584][safepoint    ] Safepoint "G1Concurrent", Time since last: 116877500 ns, Reaching safepoint: 139200 ns, At safepoint: 576300 ns, Total: 715500 ns
[2020-09-30T09:18:23.707+0000][16584][gc,marking   ] GC(410) Concurrent Cleanup for Next Mark
[2020-09-30T09:18:23.709+0000][16584][gc,marking   ] GC(410) Concurrent Cleanup for Next Mark 1.752ms
[2020-09-30T09:18:23.709+0000][16584][gc           ] GC(410) Concurrent Cycle 323.986ms
[2020-09-30T09:18:23.728+0000][16584][gc,start     ] GC(411) Pause Young (Concurrent Start) (G1 Humongous Allocation)
[2020-09-30T09:18:23.728+0000][16584][gc,task      ] GC(411) Using 8 workers of 8 for evacuation
[2020-09-30T09:18:23.728+0000][16584][gc,age       ] GC(411) Desired survivor size 31457280 bytes, new threshold 15 (max threshold 15)
[2020-09-30T09:18:23.733+0000][16584][gc,age       ] GC(411) Age table with threshold 15 (max threshold 15)
[2020-09-30T09:18:23.733+0000][16584][gc,age       ] GC(411) - age   1:    2413448 bytes,    2413448 total
[2020-09-30T09:18:23.733+0000][16584][gc,age       ] GC(411) - age   2:       2896 bytes,    2416344 total
[2020-09-30T09:18:23.733+0000][16584][gc,age       ] GC(411) - age   3:       6928 bytes,    2423272 total
[2020-09-30T09:18:23.733+0000][16584][gc,age       ] GC(411) - age   4:       2400 bytes,    2425672 total
[2020-09-30T09:18:23.733+0000][16584][gc,age       ] GC(411) - age   5:        944 bytes,    2426616 total
[2020-09-30T09:18:23.733+0000][16584][gc,age       ] GC(411) - age   6:       5200 bytes,    2431816 total
[2020-09-30T09:18:23.733+0000][16584][gc,age       ] GC(411) - age   7:       7504 bytes,    2439320 total
[2020-09-30T09:18:23.733+0000][16584][gc,age       ] GC(411) - age   8:       5176 bytes,    2444496 total
[2020-09-30T09:18:23.733+0000][16584][gc,age       ] GC(411) - age   9:       2912 bytes,    2447408 total
[2020-09-30T09:18:23.733+0000][16584][gc,age       ] GC(411) - age  10:       1104 bytes,    2448512 total
[2020-09-30T09:18:23.734+0000][16584][gc,age       ] GC(411) - age  11:        760 bytes,    2449272 total
[2020-09-30T09:18:23.734+0000][16584][gc,age       ] GC(411) - age  12:      12808 bytes,    2462080 total
[2020-09-30T09:18:23.734+0000][16584][gc,age       ] GC(411) - age  13:       3712 bytes,    2465792 total
[2020-09-30T09:18:23.734+0000][16584][gc,age       ] GC(411) - age  14:        768 bytes,    2466560 total
[2020-09-30T09:18:23.734+0000][16584][gc,age       ] GC(411) - age  15:        608 bytes,    2467168 total
[2020-09-30T09:18:23.734+0000][16584][gc,phases    ] GC(411)   Pre Evacuate Collection Set: 0.5ms
[2020-09-30T09:18:23.734+0000][16584][gc,phases    ] GC(411)   Merge Heap Roots: 0.1ms
[2020-09-30T09:18:23.734+0000][16584][gc,phases    ] GC(411)   Evacuate Collection Set: 2.7ms
[2020-09-30T09:18:23.734+0000][16584][gc,phases    ] GC(411)   Post Evacuate Collection Set: 0.9ms
[2020-09-30T09:18:23.734+0000][16584][gc,phases    ] GC(411)   Other: 1.5ms
[2020-09-30T09:18:23.734+0000][16584][gc,heap      ] GC(411) Eden regions: 45->0(481)
[2020-09-30T09:18:23.734+0000][16584][gc,heap      ] GC(411) Survivor regions: 8->3(60)
[2020-09-30T09:18:23.734+0000][16584][gc,heap      ] GC(411) Old regions: 80->80
[2020-09-30T09:18:23.734+0000][16584][gc,heap      ] GC(411) Archive regions: 0->0
[2020-09-30T09:18:23.734+0000][16584][gc,heap      ] GC(411) Humongous regions: 274->174
[2020-09-30T09:18:23.734+0000][16584][gc,metaspace ] GC(411) Metaspace: 89343K(95360K)->89343K(95360K) NonClass: 78033K(81664K)->78033K(81664K) Class: 11309K(13696K)->11309K(13696K)
[2020-09-30T09:18:23.735+0000][16584][gc           ] GC(411) Pause Young (Concurrent Start) (G1 Humongous Allocation) 405M->256M(1024M) 6.238ms
[2020-09-30T09:18:23.735+0000][16584][gc,cpu       ] GC(411) User=0.03s Sys=0.00s Real=0.01s
[2020-09-30T09:18:23.735+0000][16584][gc           ] GC(412) Concurrent Cycle
[2020-09-30T09:18:23.735+0000][16584][safepoint    ] Safepoint "G1TryInitiateConcMark", Time since last: 21020900 ns, Reaching safepoint: 148900 ns, At safepoint: 6493000 ns, Total: 6641900 ns
[2020-09-30T09:18:23.735+0000][16584][gc,marking   ] GC(412) Concurrent Clear Claimed Marks
[2020-09-30T09:18:23.735+0000][16584][gc,marking   ] GC(412) Concurrent Clear Claimed Marks 0.545ms
[2020-09-30T09:18:23.735+0000][16584][gc,marking   ] GC(412) Concurrent Scan Root Regions
[2020-09-30T09:18:23.738+0000][16584][gc,marking   ] GC(412) Concurrent Scan Root Regions 2.232ms
[2020-09-30T09:18:23.738+0000][16584][gc,marking   ] GC(412) Concurrent Mark (197.595s)
[2020-09-30T09:18:23.738+0000][16584][gc,marking   ] GC(412) Concurrent Mark From Roots
[2020-09-30T09:18:23.738+0000][16584][gc,task      ] GC(412) Using 2 workers of 2 for marking
[2020-09-30T09:18:23.910+0000][16584][gc,marking   ] GC(412) Concurrent Mark From Roots 171.755ms
[2020-09-30T09:18:23.910+0000][16584][gc,marking   ] GC(412) Concurrent Preclean
[2020-09-30T09:18:23.910+0000][16584][gc,marking   ] GC(412) Concurrent Preclean 0.708ms
[2020-09-30T09:18:23.910+0000][16584][gc,marking   ] GC(412) Concurrent Mark (197.595s, 197.767s) 172.692ms
[2020-09-30T09:18:23.911+0000][16584][gc,start     ] GC(412) Pause Remark
[2020-09-30T09:18:23.918+0000][16584][gc           ] GC(412) Pause Remark 373M->373M(1024M) 7.429ms
[2020-09-30T09:18:23.918+0000][16584][gc,cpu       ] GC(412) User=0.00s Sys=0.00s Real=0.01s
[2020-09-30T09:18:23.919+0000][16584][safepoint    ] Safepoint "G1Concurrent", Time since last: 175823500 ns, Reaching safepoint: 184700 ns, At safepoint: 7706400 ns, Total: 7891100 ns
[2020-09-30T09:18:23.919+0000][16584][gc,marking   ] GC(412) Concurrent Rebuild Remembered Sets
[2020-09-30T09:18:24.022+0000][16584][gc,marking   ] GC(412) Concurrent Rebuild Remembered Sets 103.411ms
[2020-09-30T09:18:24.023+0000][16584][gc,start     ] GC(412) Pause Cleanup
[2020-09-30T09:18:24.023+0000][16584][gc           ] GC(412) Pause Cleanup 517M->517M(1024M) 0.355ms
[2020-09-30T09:18:24.023+0000][16584][gc,cpu       ] GC(412) User=0.00s Sys=0.00s Real=0.00s
[2020-09-30T09:18:24.023+0000][16584][safepoint    ] Safepoint "G1Concurrent", Time since last: 103623000 ns, Reaching safepoint: 836300 ns, At safepoint: 549600 ns, Total: 1385900 ns
[2020-09-30T09:18:24.023+0000][16584][gc,marking   ] GC(412) Concurrent Cleanup for Next Mark
[2020-09-30T09:18:24.025+0000][16584][gc,marking   ] GC(412) Concurrent Cleanup for Next Mark 1.797ms
[2020-09-30T09:18:24.025+0000][16584][gc           ] GC(412) Concurrent Cycle 290.716ms
[2020-09-30T09:18:24.041+0000][16584][gc,start     ] GC(413) Pause Young (Concurrent Start) (G1 Humongous Allocation)
[2020-09-30T09:18:24.041+0000][16584][gc,task      ] GC(413) Using 8 workers of 8 for evacuation
[2020-09-30T09:18:24.041+0000][16584][gc,age       ] GC(413) Desired survivor size 31981568 bytes, new threshold 15 (max threshold 15)
[2020-09-30T09:18:24.046+0000][16584][gc,age       ] GC(413) Age table with threshold 15 (max threshold 15)
[2020-09-30T09:18:24.046+0000][16584][gc,age       ] GC(413) - age   1:   13950752 bytes,   13950752 total
[2020-09-30T09:18:24.046+0000][16584][gc,age       ] GC(413) - age   2:      19552 bytes,   13970304 total
[2020-09-30T09:18:24.046+0000][16584][gc,age       ] GC(413) - age   3:       2576 bytes,   13972880 total
[2020-09-30T09:18:24.046+0000][16584][gc,age       ] GC(413) - age   4:       4872 bytes,   13977752 total
[2020-09-30T09:18:24.046+0000][16584][gc,age       ] GC(413) - age   5:       2080 bytes,   13979832 total
[2020-09-30T09:18:24.046+0000][16584][gc,age       ] GC(413) - age   6:        848 bytes,   13980680 total
[2020-09-30T09:18:24.047+0000][16584][gc,age       ] GC(413) - age   7:       5040 bytes,   13985720 total
[2020-09-30T09:18:24.047+0000][16584][gc,age       ] GC(413) - age   8:       7440 bytes,   13993160 total
[2020-09-30T09:18:24.047+0000][16584][gc,age       ] GC(413) - age   9:       5176 bytes,   13998336 total
[2020-09-30T09:18:24.047+0000][16584][gc,age       ] GC(413) - age  10:       2888 bytes,   14001224 total
[2020-09-30T09:18:24.047+0000][16584][gc,age       ] GC(413) - age  11:       1072 bytes,   14002296 total
[2020-09-30T09:18:24.047+0000][16584][gc,age       ] GC(413) - age  12:        728 bytes,   14003024 total
[2020-09-30T09:18:24.047+0000][16584][gc,age       ] GC(413) - age  13:      12808 bytes,   14015832 total
[2020-09-30T09:18:24.047+0000][16584][gc,age       ] GC(413) - age  14:       3712 bytes,   14019544 total
[2020-09-30T09:18:24.047+0000][16584][gc,age       ] GC(413) - age  15:        736 bytes,   14020280 total
[2020-09-30T09:18:24.047+0000][16584][gc,phases    ] GC(413)   Pre Evacuate Collection Set: 0.4ms
[2020-09-30T09:18:24.047+0000][16584][gc,phases    ] GC(413)   Merge Heap Roots: 0.1ms
[2020-09-30T09:18:24.047+0000][16584][gc,phases    ] GC(413)   Evacuate Collection Set: 3.7ms
[2020-09-30T09:18:24.047+0000][16584][gc,phases    ] GC(413)   Post Evacuate Collection Set: 1.0ms
[2020-09-30T09:18:24.047+0000][16584][gc,phases    ] GC(413)   Other: 1.1ms
[2020-09-30T09:18:24.047+0000][16584][gc,heap      ] GC(413) Eden regions: 85->0(463)
[2020-09-30T09:18:24.047+0000][16584][gc,heap      ] GC(413) Survivor regions: 3->15(61)
[2020-09-30T09:18:24.047+0000][16584][gc,heap      ] GC(413) Old regions: 80->80
[2020-09-30T09:18:24.047+0000][16584][gc,heap      ] GC(413) Archive regions: 0->0
[2020-09-30T09:18:24.047+0000][16584][gc,heap      ] GC(413) Humongous regions: 354->174
[2020-09-30T09:18:24.047+0000][16584][gc,metaspace ] GC(413) Metaspace: 89343K(95360K)->89343K(95360K) NonClass: 78033K(81664K)->78033K(81664K) Class: 11309K(13696K)->11309K(13696K)
[2020-09-30T09:18:24.047+0000][16584][gc           ] GC(413) Pause Young (Concurrent Start) (G1 Humongous Allocation) 521M->267M(1024M) 6.783ms
[2020-09-30T09:18:24.047+0000][16584][gc,cpu       ] GC(413) User=0.11s Sys=0.00s Real=0.01s
[2020-09-30T09:18:24.047+0000][16584][gc           ] GC(414) Concurrent Cycle
[2020-09-30T09:18:24.048+0000][16584][safepoint    ] Safepoint "G1TryInitiateConcMark", Time since last: 16978100 ns, Reaching safepoint: 183900 ns, At safepoint: 7024300 ns, Total: 7208200 ns
[2020-09-30T09:18:24.048+0000][16584][gc,marking   ] GC(414) Concurrent Clear Claimed Marks
[2020-09-30T09:18:24.048+0000][16584][gc,marking   ] GC(414) Concurrent Clear Claimed Marks 0.772ms
[2020-09-30T09:18:24.048+0000][16584][gc,marking   ] GC(414) Concurrent Scan Root Regions
[2020-09-30T09:18:24.052+0000][16584][gc,marking   ] GC(414) Concurrent Scan Root Regions 3.253ms
[2020-09-30T09:18:24.052+0000][16584][gc,marking   ] GC(414) Concurrent Mark (197.909s)
[2020-09-30T09:18:24.052+0000][16584][gc,marking   ] GC(414) Concurrent Mark From Roots
[2020-09-30T09:18:24.052+0000][16584][gc,task      ] GC(414) Using 2 workers of 2 for marking
[2020-09-30T09:18:24.237+0000][16584][gc,marking   ] GC(414) Concurrent Mark From Roots 185.007ms
[2020-09-30T09:18:24.237+0000][16584][gc,marking   ] GC(414) Concurrent Preclean
[2020-09-30T09:18:24.238+0000][16584][gc,marking   ] GC(414) Concurrent Preclean 0.625ms
[2020-09-30T09:18:24.238+0000][16584][gc,marking   ] GC(414) Concurrent Mark (197.909s, 198.095s) 185.831ms
[2020-09-30T09:18:24.238+0000][16584][gc,start     ] GC(414) Pause Remark
[2020-09-30T09:18:24.245+0000][16584][gc           ] GC(414) Pause Remark 526M->526M(1024M) 7.249ms
[2020-09-30T09:18:24.245+0000][16584][gc,cpu       ] GC(414) User=0.00s Sys=0.00s Real=0.01s
[2020-09-30T09:18:24.245+0000][16584][safepoint    ] Safepoint "G1Concurrent", Time since last: 190258800 ns, Reaching safepoint: 150300 ns, At safepoint: 7484000 ns, Total: 7634300 ns
[2020-09-30T09:18:24.245+0000][16584][gc,marking   ] GC(414) Concurrent Rebuild Remembered Sets
[2020-09-30T09:18:24.359+0000][16584][gc,marking   ] GC(414) Concurrent Rebuild Remembered Sets 113.374ms
[2020-09-30T09:18:24.359+0000][16584][gc,start     ] GC(414) Pause Cleanup
[2020-09-30T09:18:24.359+0000][16584][gc           ] GC(414) Pause Cleanup 653M->653M(1024M) 0.314ms
[2020-09-30T09:18:24.360+0000][16584][gc,cpu       ] GC(414) User=0.00s Sys=0.00s Real=0.00s
[2020-09-30T09:18:24.360+0000][16584][safepoint    ] Safepoint "G1Concurrent", Time since last: 113586800 ns, Reaching safepoint: 200000 ns, At safepoint: 493600 ns, Total: 693600 ns
[2020-09-30T09:18:24.360+0000][16584][gc,marking   ] GC(414) Concurrent Cleanup for Next Mark
[2020-09-30T09:18:24.361+0000][16584][gc,marking   ] GC(414) Concurrent Cleanup for Next Mark 1.717ms
[2020-09-30T09:18:24.362+0000][16584][gc           ] GC(414) Concurrent Cycle 314.273ms
[2020-09-30T09:18:24.414+0000][16584][gc,start     ] GC(415) Pause Young (Concurrent Start) (G1 Humongous Allocation)
[2020-09-30T09:18:24.414+0000][16584][gc,task      ] GC(415) Using 8 workers of 8 for evacuation
[2020-09-30T09:18:24.414+0000][16584][gc,age       ] GC(415) Desired survivor size 31457280 bytes, new threshold 15 (max threshold 15)
[2020-09-30T09:18:24.419+0000][16584][gc,age       ] GC(415) Age table with threshold 15 (max threshold 15)
[2020-09-30T09:18:24.419+0000][16584][gc,age       ] GC(415) - age   1:    4256944 bytes,    4256944 total
[2020-09-30T09:18:24.419+0000][16584][gc,age       ] GC(415) - age   2:       7704 bytes,    4264648 total
[2020-09-30T09:18:24.419+0000][16584][gc,age       ] GC(415) - age   3:      15736 bytes,    4280384 total
[2020-09-30T09:18:24.419+0000][16584][gc,age       ] GC(415) - age   4:       2016 bytes,    4282400 total
[2020-09-30T09:18:24.419+0000][16584][gc,age       ] GC(415) - age   5:       4712 bytes,    4287112 total
[2020-09-30T09:18:24.419+0000][16584][gc,age       ] GC(415) - age   6:       1792 bytes,    4288904 total
[2020-09-30T09:18:24.419+0000][16584][gc,age       ] GC(415) - age   7:        816 bytes,    4289720 total
[2020-09-30T09:18:24.419+0000][16584][gc,age       ] GC(415) - age   8:       4976 bytes,    4294696 total
[2020-09-30T09:18:24.419+0000][16584][gc,age       ] GC(415) - age   9:       7440 bytes,    4302136 total
[2020-09-30T09:18:24.419+0000][16584][gc,age       ] GC(415) - age  10:       5176 bytes,    4307312 total
[2020-09-30T09:18:24.419+0000][16584][gc,age       ] GC(415) - age  11:       2832 bytes,    4310144 total
[2020-09-30T09:18:24.419+0000][16584][gc,age       ] GC(415) - age  12:       1048 bytes,    4311192 total
[2020-09-30T09:18:24.419+0000][16584][gc,age       ] GC(415) - age  13:        728 bytes,    4311920 total
[2020-09-30T09:18:24.419+0000][16584][gc,age       ] GC(415) - age  14:      12712 bytes,    4324632 total
[2020-09-30T09:18:24.419+0000][16584][gc,age       ] GC(415) - age  15:       3312 bytes,    4327944 total
[2020-09-30T09:18:24.419+0000][16584][gc,phases    ] GC(415)   Pre Evacuate Collection Set: 0.6ms
[2020-09-30T09:18:24.419+0000][16584][gc,phases    ] GC(415)   Merge Heap Roots: 0.1ms
[2020-09-30T09:18:24.419+0000][16584][gc,phases    ] GC(415)   Evacuate Collection Set: 2.6ms
[2020-09-30T09:18:24.419+0000][16584][gc,phases    ] GC(415)   Post Evacuate Collection Set: 1.1ms
[2020-09-30T09:18:24.419+0000][16584][gc,phases    ] GC(415)   Other: 0.9ms
[2020-09-30T09:18:24.420+0000][16584][gc,heap      ] GC(415) Eden regions: 105->0(478)
[2020-09-30T09:18:24.420+0000][16584][gc,heap      ] GC(415) Survivor regions: 15->5(60)
[2020-09-30T09:18:24.420+0000][16584][gc,heap      ] GC(415) Old regions: 80->80
[2020-09-30T09:18:24.420+0000][16584][gc,heap      ] GC(415) Archive regions: 0->0
[2020-09-30T09:18:24.420+0000][16584][gc,heap      ] GC(415) Humongous regions: 472->174
[2020-09-30T09:18:24.420+0000][16584][gc,metaspace ] GC(415) Metaspace: 89343K(95360K)->89343K(95360K) NonClass: 78033K(81664K)->78033K(81664K) Class: 11309K(13696K)->11309K(13696K)
[2020-09-30T09:18:24.420+0000][16584][gc           ] GC(415) Pause Young (Concurrent Start) (G1 Humongous Allocation) 669M->258M(1024M) 5.608ms
[2020-09-30T09:18:24.420+0000][16584][gc,cpu       ] GC(415) User=0.00s Sys=0.02s Real=0.01s
[2020-09-30T09:18:24.420+0000][16584][safepoint    ] Safepoint "G1TryInitiateConcMark", Time since last: 54259600 ns, Reaching safepoint: 214700 ns, At safepoint: 5849700 ns, Total: 6064400 ns
[2020-09-30T09:18:24.420+0000][16584][gc           ] GC(416) Concurrent Cycle
[2020-09-30T09:18:24.420+0000][16584][gc,marking   ] GC(416) Concurrent Clear Claimed Marks
[2020-09-30T09:18:24.421+0000][16584][gc,marking   ] GC(416) Concurrent Clear Claimed Marks 0.561ms
[2020-09-30T09:18:24.421+0000][16584][gc,marking   ] GC(416) Concurrent Scan Root Regions
[2020-09-30T09:18:24.424+0000][16584][gc,marking   ] GC(416) Concurrent Scan Root Regions 3.458ms
[2020-09-30T09:18:24.424+0000][16584][gc,marking   ] GC(416) Concurrent Mark (198.281s)
[2020-09-30T09:18:24.424+0000][16584][gc,marking   ] GC(416) Concurrent Mark From Roots
[2020-09-30T09:18:24.424+0000][16584][gc,task      ] GC(416) Using 2 workers of 2 for marking
[2020-09-30T09:18:24.592+0000][16584][gc,marking   ] GC(416) Concurrent Mark From Roots 167.211ms
[2020-09-30T09:18:24.592+0000][16584][gc,marking   ] GC(416) Concurrent Preclean
[2020-09-30T09:18:24.593+0000][16584][gc,marking   ] GC(416) Concurrent Preclean 0.679ms
[2020-09-30T09:18:24.593+0000][16584][gc,marking   ] GC(416) Concurrent Mark (198.281s, 198.450s) 168.105ms
[2020-09-30T09:18:24.593+0000][16584][gc,start     ] GC(416) Pause Remark
[2020-09-30T09:18:24.601+0000][16584][gc           ] GC(416) Pause Remark 455M->455M(1024M) 7.481ms
[2020-09-30T09:18:24.601+0000][16584][gc,cpu       ] GC(416) User=0.00s Sys=0.00s Real=0.01s
[2020-09-30T09:18:24.601+0000][16584][safepoint    ] Safepoint "G1Concurrent", Time since last: 172501700 ns, Reaching safepoint: 180600 ns, At safepoint: 7874700 ns, Total: 8055300 ns
[2020-09-30T09:18:24.601+0000][16584][gc,marking   ] GC(416) Concurrent Rebuild Remembered Sets
[2020-09-30T09:18:24.709+0000][16584][gc,marking   ] GC(416) Concurrent Rebuild Remembered Sets 107.829ms
[2020-09-30T09:18:24.709+0000][16584][gc,start     ] GC(416) Pause Cleanup
[2020-09-30T09:18:24.710+0000][16584][gc           ] GC(416) Pause Cleanup 529M->529M(1024M) 0.346ms
[2020-09-30T09:18:24.710+0000][16584][gc,cpu       ] GC(416) User=0.00s Sys=0.00s Real=0.00s
[2020-09-30T09:18:24.710+0000][16584][safepoint    ] Safepoint "G1Concurrent", Time since last: 108054200 ns, Reaching safepoint: 198500 ns, At safepoint: 532800 ns, Total: 731300 ns
[2020-09-30T09:18:24.710+0000][16584][gc,marking   ] GC(416) Concurrent Cleanup for Next Mark
[2020-09-30T09:18:24.712+0000][16584][gc,marking   ] GC(416) Concurrent Cleanup for Next Mark 1.755ms
[2020-09-30T09:18:24.712+0000][16584][gc           ] GC(416) Concurrent Cycle 291.353ms
[2020-09-30T09:18:24.732+0000][16584][gc,start     ] GC(417) Pause Young (Concurrent Start) (G1 Humongous Allocation)
[2020-09-30T09:18:24.732+0000][16584][gc,task      ] GC(417) Using 8 workers of 8 for evacuation
[2020-09-30T09:18:24.732+0000][16584][gc,age       ] GC(417) Desired survivor size 31981568 bytes, new threshold 15 (max threshold 15)
[2020-09-30T09:18:24.736+0000][16584][gc,age       ] GC(417) Age table with threshold 15 (max threshold 15)
[2020-09-30T09:18:24.736+0000][16584][gc,age       ] GC(417) - age   1:    3705296 bytes,    3705296 total
[2020-09-30T09:18:24.736+0000][16584][gc,age       ] GC(417) - age   2:     605144 bytes,    4310440 total
[2020-09-30T09:18:24.736+0000][16584][gc,age       ] GC(417) - age   3:       4408 bytes,    4314848 total
[2020-09-30T09:18:24.737+0000][16584][gc,age       ] GC(417) - age   4:      14968 bytes,    4329816 total
[2020-09-30T09:18:24.737+0000][16584][gc,age       ] GC(417) - age   5:       1856 bytes,    4331672 total
[2020-09-30T09:18:24.737+0000][16584][gc,age       ] GC(417) - age   6:       4424 bytes,    4336096 total
[2020-09-30T09:18:24.737+0000][16584][gc,age       ] GC(417) - age   7:       1416 bytes,    4337512 total
[2020-09-30T09:18:24.737+0000][16584][gc,age       ] GC(417) - age   8:        816 bytes,    4338328 total
[2020-09-30T09:18:24.737+0000][16584][gc,age       ] GC(417) - age   9:       4880 bytes,    4343208 total
[2020-09-30T09:18:24.737+0000][16584][gc,age       ] GC(417) - age  10:       7408 bytes,    4350616 total
[2020-09-30T09:18:24.737+0000][16584][gc,age       ] GC(417) - age  11:       5112 bytes,    4355728 total
[2020-09-30T09:18:24.737+0000][16584][gc,age       ] GC(417) - age  12:       2832 bytes,    4358560 total
[2020-09-30T09:18:24.737+0000][16584][gc,age       ] GC(417) - age  13:       1048 bytes,    4359608 total
[2020-09-30T09:18:24.737+0000][16584][gc,age       ] GC(417) - age  14:        728 bytes,    4360336 total
[2020-09-30T09:18:24.737+0000][16584][gc,age       ] GC(417) - age  15:      12712 bytes,    4373048 total
[2020-09-30T09:18:24.737+0000][16584][gc,phases    ] GC(417)   Pre Evacuate Collection Set: 0.5ms
[2020-09-30T09:18:24.737+0000][16584][gc,phases    ] GC(417)   Merge Heap Roots: 0.1ms
[2020-09-30T09:18:24.737+0000][16584][gc,phases    ] GC(417)   Evacuate Collection Set: 2.5ms
[2020-09-30T09:18:24.737+0000][16584][gc,phases    ] GC(417)   Post Evacuate Collection Set: 1.0ms
[2020-09-30T09:18:24.738+0000][16584][gc,phases    ] GC(417)   Other: 1.6ms
[2020-09-30T09:18:24.738+0000][16584][gc,heap      ] GC(417) Eden regions: 80->0(482)
[2020-09-30T09:18:24.738+0000][16584][gc,heap      ] GC(417) Survivor regions: 5->5(61)
[2020-09-30T09:18:24.738+0000][16584][gc,heap      ] GC(417) Old regions: 80->80
[2020-09-30T09:18:24.738+0000][16584][gc,heap      ] GC(417) Archive regions: 0->0
[2020-09-30T09:18:24.738+0000][16584][gc,heap      ] GC(417) Humongous regions: 372->174
[2020-09-30T09:18:24.738+0000][16584][gc,metaspace ] GC(417) Metaspace: 89344K(95360K)->89344K(95360K) NonClass: 78035K(81664K)->78035K(81664K) Class: 11309K(13696K)->11309K(13696K)
[2020-09-30T09:18:24.738+0000][16584][gc           ] GC(417) Pause Young (Concurrent Start) (G1 Humongous Allocation) 535M->258M(1024M) 6.366ms
[2020-09-30T09:18:24.738+0000][16584][gc,cpu       ] GC(417) User=0.02s Sys=0.02s Real=0.01s
[2020-09-30T09:18:24.738+0000][16584][gc           ] GC(418) Concurrent Cycle
[2020-09-30T09:18:24.738+0000][16584][safepoint    ] Safepoint "G1TryInitiateConcMark", Time since last: 21693700 ns, Reaching safepoint: 188500 ns, At safepoint: 6647100 ns, Total: 6835600 ns
[2020-09-30T09:18:24.738+0000][16584][gc,marking   ] GC(418) Concurrent Clear Claimed Marks
[2020-09-30T09:18:24.739+0000][16584][gc,marking   ] GC(418) Concurrent Clear Claimed Marks 0.524ms
[2020-09-30T09:18:24.739+0000][16584][gc,marking   ] GC(418) Concurrent Scan Root Regions
[2020-09-30T09:18:24.742+0000][16584][gc,marking   ] GC(418) Concurrent Scan Root Regions 2.609ms
[2020-09-30T09:18:24.742+0000][16584][gc,marking   ] GC(418) Concurrent Mark (198.598s)
[2020-09-30T09:18:24.742+0000][16584][gc,marking   ] GC(418) Concurrent Mark From Roots
[2020-09-30T09:18:24.742+0000][16584][gc,task      ] GC(418) Using 2 workers of 2 for marking
[2020-09-30T09:18:24.913+0000][16584][gc,marking   ] GC(418) Concurrent Mark From Roots 171.095ms
[2020-09-30T09:18:24.913+0000][16584][gc,marking   ] GC(418) Concurrent Preclean
[2020-09-30T09:18:24.914+0000][16584][gc,marking   ] GC(418) Concurrent Preclean 0.669ms
[2020-09-30T09:18:24.914+0000][16584][gc,marking   ] GC(418) Concurrent Mark (198.598s, 198.770s) 172.010ms
[2020-09-30T09:18:24.914+0000][16584][gc,start     ] GC(418) Pause Remark
[2020-09-30T09:18:24.921+0000][16584][gc           ] GC(418) Pause Remark 392M->392M(1024M) 6.927ms
[2020-09-30T09:18:24.921+0000][16584][gc,cpu       ] GC(418) User=0.03s Sys=0.00s Real=0.01s
[2020-09-30T09:18:24.921+0000][16584][safepoint    ] Safepoint "G1Concurrent", Time since last: 175557500 ns, Reaching safepoint: 266900 ns, At safepoint: 7176000 ns, Total: 7442900 ns
[2020-09-30T09:18:24.921+0000][16584][gc,marking   ] GC(418) Concurrent Rebuild Remembered Sets
[2020-09-30T09:18:25.024+0000][16584][gc,marking   ] GC(418) Concurrent Rebuild Remembered Sets 103.482ms
[2020-09-30T09:18:25.024+0000][16584][gc,start     ] GC(418) Pause Cleanup
[2020-09-30T09:18:25.025+0000][16584][gc           ] GC(418) Pause Cleanup 402M->402M(1024M) 0.316ms
[2020-09-30T09:18:25.025+0000][16584][gc,cpu       ] GC(418) User=0.00s Sys=0.00s Real=0.00s
[2020-09-30T09:18:25.025+0000][16584][safepoint    ] Safepoint "G1Concurrent", Time since last: 103660900 ns, Reaching safepoint: 157700 ns, At safepoint: 460200 ns, Total: 617900 ns
[2020-09-30T09:18:25.025+0000][16584][gc,marking   ] GC(418) Concurrent Cleanup for Next Mark
[2020-09-30T09:18:25.027+0000][16584][gc,marking   ] GC(418) Concurrent Cleanup for Next Mark 1.793ms
[2020-09-30T09:18:25.027+0000][16584][gc           ] GC(418) Concurrent Cycle 289.236ms
[2020-09-30T09:18:25.065+0000][16584][gc,start     ] GC(419) Pause Young (Concurrent Start) (G1 Humongous Allocation)
[2020-09-30T09:18:25.065+0000][16584][gc,task      ] GC(419) Using 8 workers of 8 for evacuation
[2020-09-30T09:18:25.065+0000][16584][gc,age       ] GC(419) Desired survivor size 31981568 bytes, new threshold 15 (max threshold 15)
[2020-09-30T09:18:25.069+0000][16584][gc,age       ] GC(419) Age table with threshold 15 (max threshold 15)
[2020-09-30T09:18:25.069+0000][16584][gc,age       ] GC(419) - age   1:    2685384 bytes,    2685384 total
[2020-09-30T09:18:25.069+0000][16584][gc,age       ] GC(419) - age   2:       4184 bytes,    2689568 total
[2020-09-30T09:18:25.069+0000][16584][gc,age       ] GC(419) - age   3:       3392 bytes,    2692960 total
[2020-09-30T09:18:25.069+0000][16584][gc,age       ] GC(419) - age   4:       1800 bytes,    2694760 total
[2020-09-30T09:18:25.069+0000][16584][gc,age       ] GC(419) - age   5:      14144 bytes,    2708904 total
[2020-09-30T09:18:25.069+0000][16584][gc,age       ] GC(419) - age   6:       1336 bytes,    2710240 total
[2020-09-30T09:18:25.069+0000][16584][gc,age       ] GC(419) - age   7:       4296 bytes,    2714536 total
[2020-09-30T09:18:25.069+0000][16584][gc,age       ] GC(419) - age   8:       1352 bytes,    2715888 total
[2020-09-30T09:18:25.069+0000][16584][gc,age       ] GC(419) - age   9:        816 bytes,    2716704 total
[2020-09-30T09:18:25.069+0000][16584][gc,age       ] GC(419) - age  10:       4816 bytes,    2721520 total
[2020-09-30T09:18:25.069+0000][16584][gc,age       ] GC(419) - age  11:       7408 bytes,    2728928 total
[2020-09-30T09:18:25.069+0000][16584][gc,age       ] GC(419) - age  12:       5080 bytes,    2734008 total
[2020-09-30T09:18:25.069+0000][16584][gc,age       ] GC(419) - age  13:       2832 bytes,    2736840 total
[2020-09-30T09:18:25.069+0000][16584][gc,age       ] GC(419) - age  14:       1048 bytes,    2737888 total
[2020-09-30T09:18:25.069+0000][16584][gc,age       ] GC(419) - age  15:        728 bytes,    2738616 total
[2020-09-30T09:18:25.069+0000][16584][gc,phases    ] GC(419)   Pre Evacuate Collection Set: 0.4ms
[2020-09-30T09:18:25.069+0000][16584][gc,phases    ] GC(419)   Merge Heap Roots: 0.1ms
[2020-09-30T09:18:25.069+0000][16584][gc,phases    ] GC(419)   Evacuate Collection Set: 2.0ms
[2020-09-30T09:18:25.069+0000][16584][gc,phases    ] GC(419)   Post Evacuate Collection Set: 0.7ms
[2020-09-30T09:18:25.069+0000][16584][gc,phases    ] GC(419)   Other: 0.9ms
[2020-09-30T09:18:25.069+0000][16584][gc,heap      ] GC(419) Eden regions: 50->0(488)
[2020-09-30T09:18:25.069+0000][16584][gc,heap      ] GC(419) Survivor regions: 5->4(61)
[2020-09-30T09:18:25.069+0000][16584][gc,heap      ] GC(419) Old regions: 80->80
[2020-09-30T09:18:25.070+0000][16584][gc,heap      ] GC(419) Archive regions: 0->0
[2020-09-30T09:18:25.070+0000][16584][gc,heap      ] GC(419) Humongous regions: 274->174
[2020-09-30T09:18:25.070+0000][16584][gc,metaspace ] GC(419) Metaspace: 89352K(95360K)->89352K(95360K) NonClass: 78043K(81664K)->78043K(81664K) Class: 11309K(13696K)->11309K(13696K)
[2020-09-30T09:18:25.070+0000][16584][gc           ] GC(419) Pause Young (Concurrent Start) (G1 Humongous Allocation) 408M->256M(1024M) 4.388ms
[2020-09-30T09:18:25.070+0000][16584][gc,cpu       ] GC(419) User=0.00s Sys=0.00s Real=0.00s
[2020-09-30T09:18:25.070+0000][16584][gc           ] GC(420) Concurrent Cycle
[2020-09-30T09:18:25.070+0000][16584][safepoint    ] Safepoint "G1TryInitiateConcMark", Time since last: 40091800 ns, Reaching safepoint: 178900 ns, At safepoint: 4605200 ns, Total: 4784100 ns
[2020-09-30T09:18:25.070+0000][16584][gc,marking   ] GC(420) Concurrent Clear Claimed Marks
[2020-09-30T09:18:25.070+0000][16584][gc,marking   ] GC(420) Concurrent Clear Claimed Marks 0.596ms
[2020-09-30T09:18:25.071+0000][16584][gc,marking   ] GC(420) Concurrent Scan Root Regions
[2020-09-30T09:18:25.073+0000][16584][gc,marking   ] GC(420) Concurrent Scan Root Regions 2.108ms
[2020-09-30T09:18:25.073+0000][16584][gc,marking   ] GC(420) Concurrent Mark (198.930s)
[2020-09-30T09:18:25.073+0000][16584][gc,marking   ] GC(420) Concurrent Mark From Roots
[2020-09-30T09:18:25.073+0000][16584][gc,task      ] GC(420) Using 2 workers of 2 for marking
[2020-09-30T09:18:25.244+0000][16584][gc,marking   ] GC(420) Concurrent Mark From Roots 170.598ms
[2020-09-30T09:18:25.244+0000][16584][gc,marking   ] GC(420) Concurrent Preclean
[2020-09-30T09:18:25.244+0000][16584][gc,marking   ] GC(420) Concurrent Preclean 0.449ms
[2020-09-30T09:18:25.244+0000][16584][gc,marking   ] GC(420) Concurrent Mark (198.930s, 199.101s) 171.225ms
[2020-09-30T09:18:25.245+0000][16584][gc,start     ] GC(420) Pause Remark
[2020-09-30T09:18:25.252+0000][16584][gc           ] GC(420) Pause Remark 325M->325M(1024M) 7.462ms
[2020-09-30T09:18:25.252+0000][16584][gc,cpu       ] GC(420) User=0.11s Sys=0.00s Real=0.01s
[2020-09-30T09:18:25.252+0000][16584][safepoint    ] Safepoint "G1Concurrent", Time since last: 174350600 ns, Reaching safepoint: 193300 ns, At safepoint: 7729200 ns, Total: 7922500 ns
[2020-09-30T09:18:25.253+0000][16584][gc,marking   ] GC(420) Concurrent Rebuild Remembered Sets
[2020-09-30T09:18:25.343+0000][16584][gc,marking   ] GC(420) Concurrent Rebuild Remembered Sets 90.080ms
[2020-09-30T09:18:25.343+0000][16584][gc,start     ] GC(420) Pause Cleanup
[2020-09-30T09:18:25.343+0000][16584][gc           ] GC(420) Pause Cleanup 390M->390M(1024M) 0.333ms
[2020-09-30T09:18:25.343+0000][16584][gc,cpu       ] GC(420) User=0.00s Sys=0.00s Real=0.00s
[2020-09-30T09:18:25.343+0000][16584][safepoint    ] Safepoint "G1Concurrent", Time since last: 90299000 ns, Reaching safepoint: 151100 ns, At safepoint: 507200 ns, Total: 658300 ns
[2020-09-30T09:18:25.343+0000][16584][gc,marking   ] GC(420) Concurrent Cleanup for Next Mark
[2020-09-30T09:18:25.346+0000][16584][gc,marking   ] GC(420) Concurrent Cleanup for Next Mark 2.055ms
[2020-09-30T09:18:25.346+0000][16584][gc           ] GC(420) Concurrent Cycle 275.566ms
[2020-09-30T09:18:25.588+0000][16584][safepoint    ] Safepoint "BulkRevokeBias", Time since last: 243039300 ns, Reaching safepoint: 207200 ns, At safepoint: 1359200 ns, Total: 1566400 ns
[2020-09-30T09:18:25.704+0000][16584][safepoint    ] Safepoint "BulkRevokeBias", Time since last: 115285400 ns, Reaching safepoint: 135900 ns, At safepoint: 1173100 ns, Total: 1309000 ns
[2020-09-30T09:18:25.706+0000][16584][safepoint    ] Safepoint "BulkRevokeBias", Time since last: 705400 ns, Reaching safepoint: 112300 ns, At safepoint: 1292200 ns, Total: 1404500 ns
[2020-09-30T09:18:25.708+0000][16584][safepoint    ] Safepoint "BulkRevokeBias", Time since last: 371100 ns, Reaching safepoint: 119700 ns, At safepoint: 1167300 ns, Total: 1287000 ns
[2020-09-30T09:18:27.243+0000][16584][safepoint    ] Safepoint "Cleanup", Time since last: 1534112200 ns, Reaching safepoint: 244900 ns, At safepoint: 10400 ns, Total: 255300 ns
[2020-09-30T09:18:28.243+0000][16584][safepoint    ] Safepoint "Cleanup", Time since last: 1000045500 ns, Reaching safepoint: 136500 ns, At safepoint: 7900 ns, Total: 144400 ns
[2020-09-30T09:18:29.243+0000][16584][safepoint    ] Safepoint "Cleanup", Time since last: 1000093900 ns, Reaching safepoint: 165000 ns, At safepoint: 20400 ns, Total: 185400 ns
[2020-09-30T09:18:31.244+0000][16584][safepoint    ] Safepoint "Cleanup", Time since last: 1999868700 ns, Reaching safepoint: 191600 ns, At safepoint: 11000 ns, Total: 202600 ns
[2020-09-30T09:18:33.244+0000][16584][safepoint    ] Safepoint "Cleanup", Time since last: 2000051300 ns, Reaching safepoint: 146400 ns, At safepoint: 11100 ns, Total: 157500 ns
[2020-09-30T09:18:34.245+0000][16584][safepoint    ] Safepoint "Cleanup", Time since last: 1000783400 ns, Reaching safepoint: 114600 ns, At safepoint: 8400 ns, Total: 123000 ns
[2020-09-30T09:18:35.245+0000][16584][safepoint    ] Safepoint "Cleanup", Time since last: 1000108600 ns, Reaching safepoint: 155400 ns, At safepoint: 4400 ns, Total: 159800 ns
[2020-09-30T09:18:36.245+0000][16584][safepoint    ] Safepoint "Cleanup", Time since last: 1000145600 ns, Reaching safepoint: 119900 ns, At safepoint: 7700 ns, Total: 127600 ns
[2020-09-30T09:18:37.246+0000][16584][safepoint    ] Safepoint "Cleanup", Time since last: 1000580300 ns, Reaching safepoint: 137400 ns, At safepoint: 12300 ns, Total: 149700 ns
[2020-09-30T09:18:38.247+0000][16584][safepoint    ] Safepoint "Cleanup", Time since last: 1000825800 ns, Reaching safepoint: 137200 ns, At safepoint: 5800 ns, Total: 143000 ns
[2020-09-30T09:18:40.248+0000][16584][safepoint    ] Safepoint "Cleanup", Time since last: 2000717100 ns, Reaching safepoint: 134400 ns, At safepoint: 5600 ns, Total: 140000 ns
[2020-09-30T09:18:41.249+0000][16584][safepoint    ] Safepoint "Cleanup", Time since last: 1000717200 ns, Reaching safepoint: 154300 ns, At safepoint: 5800 ns, Total: 160100 ns
[2020-09-30T09:18:42.250+0000][16584][safepoint    ] Safepoint "Cleanup", Time since last: 1000722500 ns, Reaching safepoint: 119300 ns, At safepoint: 3000 ns, Total: 122300 ns
[2020-09-30T09:18:43.250+0000][16584][safepoint    ] Safepoint "Cleanup", Time since last: 1000306200 ns, Reaching safepoint: 121400 ns, At safepoint: 6100 ns, Total: 127500 ns
[2020-09-30T09:18:44.250+0000][16584][safepoint    ] Safepoint "Cleanup", Time since last: 1000011900 ns, Reaching safepoint: 117700 ns, At safepoint: 6100 ns, Total: 123800 ns
[2020-09-30T09:18:46.251+0000][16584][safepoint    ] Safepoint "Cleanup", Time since last: 2000926500 ns, Reaching safepoint: 117700 ns, At safepoint: 6500 ns, Total: 124200 ns
[2020-09-30T09:18:47.252+0000][16584][safepoint    ] Safepoint "Cleanup", Time since last: 1000504900 ns, Reaching safepoint: 139700 ns, At safepoint: 10100 ns, Total: 149800 ns
[2020-09-30T09:18:49.252+0000][16584][safepoint    ] Safepoint "Cleanup", Time since last: 2000521200 ns, Reaching safepoint: 163100 ns, At safepoint: 4700 ns, Total: 167800 ns
[2020-09-30T09:18:50.253+0000][16584][safepoint    ] Safepoint "Cleanup", Time since last: 1000069900 ns, Reaching safepoint: 117400 ns, At safepoint: 8500 ns, Total: 125900 ns
[2020-09-30T09:18:51.253+0000][16584][safepoint    ] Safepoint "Cleanup", Time since last: 1000554100 ns, Reaching safepoint: 122900 ns, At safepoint: 7800 ns, Total: 130700 ns
[2020-09-30T09:18:52.254+0000][16584][safepoint    ] Safepoint "Cleanup", Time since last: 1000420400 ns, Reaching safepoint: 138700 ns, At safepoint: 8800 ns, Total: 147500 ns
[2020-09-30T09:18:54.255+0000][16584][safepoint    ] Safepoint "Cleanup", Time since last: 2000873100 ns, Reaching safepoint: 130300 ns, At safepoint: 7800 ns, Total: 138100 ns
[2020-09-30T09:18:55.256+0000][16584][safepoint    ] Safepoint "Cleanup", Time since last: 1000633900 ns, Reaching safepoint: 115000 ns, At safepoint: 7600 ns, Total: 122600 ns
[2020-09-30T09:18:56.257+0000][16584][safepoint    ] Safepoint "Cleanup", Time since last: 1000814100 ns, Reaching safepoint: 100200 ns, At safepoint: 9700 ns, Total: 109900 ns
[2020-09-30T09:18:57.258+0000][16584][safepoint    ] Safepoint "Cleanup", Time since last: 1000792800 ns, Reaching safepoint: 121000 ns, At safepoint: 8500 ns, Total: 129500 ns
[2020-09-30T09:18:58.258+0000][16584][safepoint    ] Safepoint "Cleanup", Time since last: 1000080500 ns, Reaching safepoint: 161200 ns, At safepoint: 8600 ns, Total: 169800 ns
[2020-09-30T09:18:59.258+0000][16584][safepoint    ] Safepoint "Cleanup", Time since last: 1000287300 ns, Reaching safepoint: 106100 ns, At safepoint: 8500 ns, Total: 114600 ns
[2020-09-30T09:19:00.259+0000][16584][safepoint    ] Safepoint "Cleanup", Time since last: 1000211500 ns, Reaching safepoint: 138600 ns, At safepoint: 10300 ns, Total: 148900 ns
[2020-09-30T09:19:01.259+0000][16584][safepoint    ] Safepoint "Cleanup", Time since last: 1000760200 ns, Reaching safepoint: 501000 ns, At safepoint: 21500 ns, Total: 522500 ns
[2020-09-30T09:19:03.260+0000][16584][safepoint    ] Safepoint "Cleanup", Time since last: 2000465800 ns, Reaching safepoint: 487700 ns, At safepoint: 25000 ns, Total: 512700 ns
[2020-09-30T09:19:05.262+0000][16584][safepoint    ] Safepoint "Cleanup", Time since last: 2001026300 ns, Reaching safepoint: 130800 ns, At safepoint: 74800 ns, Total: 205600 ns
[2020-09-30T09:19:06.262+0000][16584][safepoint    ] Safepoint "Cleanup", Time since last: 1000197600 ns, Reaching safepoint: 141600 ns, At safepoint: 76600 ns, Total: 218200 ns
[2020-09-30T09:19:07.263+0000][16584][safepoint    ] Safepoint "Cleanup", Time since last: 1000272700 ns, Reaching safepoint: 159400 ns, At safepoint: 84100 ns, Total: 243500 ns
[2020-09-30T09:19:08.263+0000][16584][safepoint    ] Safepoint "Cleanup", Time since last: 1000311500 ns, Reaching safepoint: 157400 ns, At safepoint: 120300 ns, Total: 277700 ns
[2020-09-30T09:19:09.264+0000][16584][safepoint    ] Safepoint "Cleanup", Time since last: 1000489500 ns, Reaching safepoint: 167000 ns, At safepoint: 101900 ns, Total: 268900 ns
[2020-09-30T09:19:10.265+0000][16584][safepoint    ] Safepoint "Cleanup", Time since last: 1000378300 ns, Reaching safepoint: 145600 ns, At safepoint: 114700 ns, Total: 260300 ns
[2020-09-30T09:19:11.265+0000][16584][safepoint    ] Safepoint "Cleanup", Time since last: 1000148200 ns, Reaching safepoint: 138200 ns, At safepoint: 269600 ns, Total: 407800 ns
[2020-09-30T09:19:13.066+0000][16584][safepoint    ] Safepoint "Cleanup", Time since last: 1800049200 ns, Reaching safepoint: 154100 ns, At safepoint: 11600 ns, Total: 165700 ns
[2020-09-30T09:19:14.066+0000][16584][safepoint    ] Safepoint "Cleanup", Time since last: 1000271400 ns, Reaching safepoint: 217900 ns, At safepoint: 11000 ns, Total: 228900 ns
[2020-09-30T09:19:15.067+0000][16584][safepoint    ] Safepoint "Cleanup", Time since last: 1000206300 ns, Reaching safepoint: 119400 ns, At safepoint: 10700 ns, Total: 130100 ns
[2020-09-30T09:19:16.068+0000][16584][safepoint    ] Safepoint "Cleanup", Time since last: 1000830200 ns, Reaching safepoint: 132900 ns, At safepoint: 10600 ns, Total: 143500 ns
[2020-09-30T09:19:17.068+0000][16584][safepoint    ] Safepoint "Cleanup", Time since last: 1000383700 ns, Reaching safepoint: 145200 ns, At safepoint: 12000 ns, Total: 157200 ns
[2020-09-30T09:19:18.068+0000][16584][safepoint    ] Safepoint "Cleanup", Time since last: 1000077400 ns, Reaching safepoint: 127400 ns, At safepoint: 6200 ns, Total: 133600 ns
[2020-09-30T09:19:19.069+0000][16584][safepoint    ] Safepoint "Cleanup", Time since last: 1000545900 ns, Reaching safepoint: 150600 ns, At safepoint: 46800 ns, Total: 197400 ns
[2020-09-30T09:19:20.070+0000][16584][safepoint    ] Safepoint "Cleanup", Time since last: 1000367700 ns, Reaching safepoint: 163100 ns, At safepoint: 41500 ns, Total: 204600 ns
[2020-09-30T09:19:21.070+0000][16584][safepoint    ] Safepoint "Cleanup", Time since last: 1000521800 ns, Reaching safepoint: 156400 ns, At safepoint: 31400 ns, Total: 187800 ns
[2020-09-30T09:19:22.071+0000][16584][safepoint    ] Safepoint "Cleanup", Time since last: 1000032300 ns, Reaching safepoint: 158000 ns, At safepoint: 30800 ns, Total: 188800 ns
[2020-09-30T09:19:24.071+0000][16584][safepoint    ] Safepoint "Cleanup", Time since last: 2000398900 ns, Reaching safepoint: 128200 ns, At safepoint: 8200 ns, Total: 136400 ns
[2020-09-30T09:19:25.072+0000][16584][safepoint    ] Safepoint "Cleanup", Time since last: 1000690700 ns, Reaching safepoint: 134300 ns, At safepoint: 6900 ns, Total: 141200 ns
[2020-09-30T09:19:26.073+0000][16584][safepoint    ] Safepoint "Cleanup", Time since last: 1000570400 ns, Reaching safepoint: 127300 ns, At safepoint: 8200 ns, Total: 135500 ns
[2020-09-30T09:19:27.073+0000][16584][safepoint    ] Safepoint "Cleanup", Time since last: 1000148300 ns, Reaching safepoint: 187500 ns, At safepoint: 12400 ns, Total: 199900 ns
[2020-09-30T09:19:28.607+0000][16584][safepoint    ] Safepoint "Cleanup", Time since last: 1534291500 ns, Reaching safepoint: 143800 ns, At safepoint: 7700 ns, Total: 151500 ns
[2020-09-30T09:19:30.608+0000][16584][safepoint    ] Safepoint "Cleanup", Time since last: 2000496900 ns, Reaching safepoint: 156900 ns, At safepoint: 12400 ns, Total: 169300 ns
[2020-09-30T09:19:31.609+0000][16584][safepoint    ] Safepoint "Cleanup", Time since last: 1000737400 ns, Reaching safepoint: 121200 ns, At safepoint: 10300 ns, Total: 131500 ns
[2020-09-30T09:19:32.610+0000][16584][safepoint    ] Safepoint "Cleanup", Time since last: 1000773800 ns, Reaching safepoint: 168900 ns, At safepoint: 11300 ns, Total: 180200 ns
[2020-09-30T09:19:33.610+0000][16584][safepoint    ] Safepoint "Cleanup", Time since last: 1000075000 ns, Reaching safepoint: 149900 ns, At safepoint: 13100 ns, Total: 163000 ns
[2020-09-30T09:19:35.450+0000][16584][safepoint    ] Safepoint "Cleanup", Time since last: 1839677500 ns, Reaching safepoint: 186500 ns, At safepoint: 14000 ns, Total: 200500 ns
[2020-09-30T09:19:36.450+0000][16584][safepoint    ] Safepoint "Cleanup", Time since last: 1000239200 ns, Reaching safepoint: 158500 ns, At safepoint: 9400 ns, Total: 167900 ns
[2020-09-30T09:19:37.451+0000][16584][safepoint    ] Safepoint "Cleanup", Time since last: 1000536400 ns, Reaching safepoint: 185600 ns, At safepoint: 28900 ns, Total: 214500 ns
[2020-09-30T09:19:39.452+0000][16584][safepoint    ] Safepoint "Cleanup", Time since last: 2000800100 ns, Reaching safepoint: 124500 ns, At safepoint: 23500 ns, Total: 148000 ns
[2020-09-30T09:19:40.452+0000][16584][safepoint    ] Safepoint "Cleanup", Time since last: 1000028800 ns, Reaching safepoint: 594800 ns, At safepoint: 11800 ns, Total: 606600 ns
[2020-09-30T09:19:41.454+0000][16584][safepoint    ] Safepoint "Cleanup", Time since last: 1000893100 ns, Reaching safepoint: 160700 ns, At safepoint: 13500 ns, Total: 174200 ns
[2020-09-30T09:19:42.454+0000][16584][safepoint    ] Safepoint "Cleanup", Time since last: 1000540100 ns, Reaching safepoint: 482700 ns, At safepoint: 39000 ns, Total: 521700 ns
[2020-09-30T09:19:43.456+0000][16584][safepoint    ] Safepoint "Cleanup", Time since last: 1000789600 ns, Reaching safepoint: 155800 ns, At safepoint: 8800 ns, Total: 164600 ns
[2020-09-30T09:19:44.456+0000][16584][safepoint    ] Safepoint "Cleanup", Time since last: 1000371400 ns, Reaching safepoint: 120500 ns, At safepoint: 7500 ns, Total: 128000 ns
[2020-09-30T09:19:46.457+0000][16584][safepoint    ] Safepoint "Cleanup", Time since last: 2000935100 ns, Reaching safepoint: 94000 ns, At safepoint: 4400 ns, Total: 98400 ns
[2020-09-30T09:19:47.458+0000][16584][safepoint    ] Safepoint "Cleanup", Time since last: 1000164200 ns, Reaching safepoint: 135000 ns, At safepoint: 7600 ns, Total: 142600 ns
[2020-09-30T09:19:48.458+0000][16584][safepoint    ] Safepoint "Cleanup", Time since last: 1000480300 ns, Reaching safepoint: 124500 ns, At safepoint: 8100 ns, Total: 132600 ns
[2020-09-30T09:19:49.459+0000][16584][safepoint    ] Safepoint "Cleanup", Time since last: 1000464800 ns, Reaching safepoint: 158700 ns, At safepoint: 13000 ns, Total: 171700 ns
[2020-09-30T09:19:50.459+0000][16584][safepoint    ] Safepoint "Cleanup", Time since last: 1000036700 ns, Reaching safepoint: 134100 ns, At safepoint: 8600 ns, Total: 142700 ns
[2020-09-30T09:19:51.460+0000][16584][safepoint    ] Safepoint "Cleanup", Time since last: 1000248800 ns, Reaching safepoint: 163300 ns, At safepoint: 34500 ns, Total: 197800 ns
[2020-09-30T09:19:52.460+0000][16584][safepoint    ] Safepoint "Cleanup", Time since last: 1000687500 ns, Reaching safepoint: 511600 ns, At safepoint: 63100 ns, Total: 574700 ns
[2020-09-30T09:19:53.462+0000][16584][safepoint    ] Safepoint "Cleanup", Time since last: 1000641900 ns, Reaching safepoint: 150900 ns, At safepoint: 7700 ns, Total: 158600 ns
[2020-09-30T09:19:54.462+0000][16584][safepoint    ] Safepoint "Cleanup", Time since last: 1000494500 ns, Reaching safepoint: 121300 ns, At safepoint: 4500 ns, Total: 125800 ns
[2020-09-30T09:19:55.463+0000][16584][safepoint    ] Safepoint "Cleanup", Time since last: 1000512200 ns, Reaching safepoint: 132600 ns, At safepoint: 9700 ns, Total: 142300 ns
[2020-09-30T09:19:56.464+0000][16584][safepoint    ] Safepoint "Cleanup", Time since last: 1000764800 ns, Reaching safepoint: 127200 ns, At safepoint: 7100 ns, Total: 134300 ns
[2020-09-30T09:19:57.464+0000][16584][safepoint    ] Safepoint "Cleanup", Time since last: 1000451600 ns, Reaching safepoint: 147300 ns, At safepoint: 8200 ns, Total: 155500 ns
[2020-09-30T09:19:58.465+0000][16584][safepoint    ] Safepoint "Cleanup", Time since last: 1000137100 ns, Reaching safepoint: 163400 ns, At safepoint: 10900 ns, Total: 174300 ns
[2020-09-30T09:19:59.465+0000][16584][safepoint    ] Safepoint "Cleanup", Time since last: 1000275700 ns, Reaching safepoint: 383100 ns, At safepoint: 14200 ns, Total: 397300 ns
[2020-09-30T09:20:01.466+0000][16584][safepoint    ] Safepoint "Cleanup", Time since last: 2000057700 ns, Reaching safepoint: 105700 ns, At safepoint: 11400 ns, Total: 117100 ns
[2020-09-30T09:20:02.466+0000][16584][safepoint    ] Safepoint "Cleanup", Time since last: 1000042700 ns, Reaching safepoint: 161300 ns, At safepoint: 12100 ns, Total: 173400 ns
[2020-09-30T09:20:03.467+0000][16584][safepoint    ] Safepoint "Cleanup", Time since last: 1000617600 ns, Reaching safepoint: 147500 ns, At safepoint: 10700 ns, Total: 158200 ns
[2020-09-30T09:20:05.467+0000][16584][safepoint    ] Safepoint "Cleanup", Time since last: 2000537300 ns, Reaching safepoint: 149400 ns, At safepoint: 10900 ns, Total: 160300 ns
[2020-09-30T09:20:06.468+0000][16584][safepoint    ] Safepoint "Cleanup", Time since last: 1000776200 ns, Reaching safepoint: 691500 ns, At safepoint: 138800 ns, Total: 830300 ns
[2020-09-30T09:20:07.469+0000][16584][safepoint    ] Safepoint "Cleanup", Time since last: 1000195500 ns, Reaching safepoint: 250100 ns, At safepoint: 12900 ns, Total: 263000 ns
[2020-09-30T09:20:08.470+0000][16584][safepoint    ] Safepoint "Cleanup", Time since last: 1000096900 ns, Reaching safepoint: 148400 ns, At safepoint: 19200 ns, Total: 167600 ns
[2020-09-30T09:20:09.470+0000][16584][safepoint    ] Safepoint "Cleanup", Time since last: 1000280300 ns, Reaching safepoint: 145800 ns, At safepoint: 20100 ns, Total: 165900 ns
[2020-09-30T09:20:10.471+0000][16584][safepoint    ] Safepoint "Cleanup", Time since last: 1000525900 ns, Reaching safepoint: 173200 ns, At safepoint: 11400 ns, Total: 184600 ns
[2020-09-30T09:20:11.472+0000][16584][safepoint    ] Safepoint "Cleanup", Time since last: 1000656800 ns, Reaching safepoint: 145500 ns, At safepoint: 9500 ns, Total: 155000 ns
[2020-09-30T09:20:12.472+0000][16584][safepoint    ] Safepoint "Cleanup", Time since last: 1000265900 ns, Reaching safepoint: 135700 ns, At safepoint: 15200 ns, Total: 150900 ns
[2020-09-30T09:20:13.472+0000][16584][safepoint    ] Safepoint "Cleanup", Time since last: 1000039600 ns, Reaching safepoint: 175100 ns, At safepoint: 7700 ns, Total: 182800 ns
[2020-09-30T09:20:14.473+0000][16584][safepoint    ] Safepoint "Cleanup", Time since last: 1000807900 ns, Reaching safepoint: 191200 ns, At safepoint: 13900 ns, Total: 205100 ns
[2020-09-30T09:20:15.474+0000][16584][safepoint    ] Safepoint "Cleanup", Time since last: 1000300700 ns, Reaching safepoint: 152000 ns, At safepoint: 13500 ns, Total: 165500 ns
[2020-09-30T09:20:16.474+0000][16584][safepoint    ] Safepoint "Cleanup", Time since last: 1000480000 ns, Reaching safepoint: 122300 ns, At safepoint: 10000 ns, Total: 132300 ns
[2020-09-30T09:20:17.475+0000][16584][safepoint    ] Safepoint "Cleanup", Time since last: 1000669000 ns, Reaching safepoint: 132200 ns, At safepoint: 9700 ns, Total: 141900 ns
[2020-09-30T09:20:18.476+0000][16584][safepoint    ] Safepoint "Cleanup", Time since last: 1000424000 ns, Reaching safepoint: 131400 ns, At safepoint: 7900 ns, Total: 139300 ns
[2020-09-30T09:20:20.477+0000][16584][safepoint    ] Safepoint "Cleanup", Time since last: 2000770200 ns, Reaching safepoint: 143800 ns, At safepoint: 8700 ns, Total: 152500 ns
[2020-09-30T09:20:21.477+0000][16584][safepoint    ] Safepoint "Cleanup", Time since last: 1000688700 ns, Reaching safepoint: 116800 ns, At safepoint: 9100 ns, Total: 125900 ns
[2020-09-30T09:20:22.478+0000][16584][safepoint    ] Safepoint "Cleanup", Time since last: 1000061800 ns, Reaching safepoint: 100200 ns, At safepoint: 8200 ns, Total: 108400 ns
[2020-09-30T09:20:23.478+0000][16584][safepoint    ] Safepoint "Cleanup", Time since last: 1000164200 ns, Reaching safepoint: 123400 ns, At safepoint: 10800 ns, Total: 134200 ns
[2020-09-30T09:20:24.478+0000][16584][safepoint    ] Safepoint "Cleanup", Time since last: 1000428000 ns, Reaching safepoint: 97600 ns, At safepoint: 3100 ns, Total: 100700 ns
[2020-09-30T09:20:25.479+0000][16584][safepoint    ] Safepoint "Cleanup", Time since last: 1000284500 ns, Reaching safepoint: 113600 ns, At safepoint: 9300 ns, Total: 122900 ns
[2020-09-30T09:20:26.479+0000][16584][safepoint    ] Safepoint "Cleanup", Time since last: 1000505000 ns, Reaching safepoint: 131100 ns, At safepoint: 7000 ns, Total: 138100 ns
[2020-09-30T09:20:27.480+0000][16584][safepoint    ] Safepoint "Cleanup", Time since last: 1000438300 ns, Reaching safepoint: 116500 ns, At safepoint: 4200 ns, Total: 120700 ns
[2020-09-30T09:20:28.481+0000][16584][safepoint    ] Safepoint "Cleanup", Time since last: 1000727400 ns, Reaching safepoint: 123000 ns, At safepoint: 7700 ns, Total: 130700 ns
[2020-09-30T09:20:29.481+0000][16584][safepoint    ] Safepoint "Cleanup", Time since last: 1000362100 ns, Reaching safepoint: 115000 ns, At safepoint: 8600 ns, Total: 123600 ns
[2020-09-30T09:20:30.482+0000][16584][safepoint    ] Safepoint "Cleanup", Time since last: 1000600900 ns, Reaching safepoint: 142300 ns, At safepoint: 7500 ns, Total: 149800 ns
[2020-09-30T09:20:31.482+0000][16584][safepoint    ] Safepoint "Cleanup", Time since last: 1000155300 ns, Reaching safepoint: 156100 ns, At safepoint: 10600 ns, Total: 166700 ns
[2020-09-30T09:20:33.483+0000][16584][safepoint    ] Safepoint "Cleanup", Time since last: 1999996400 ns, Reaching safepoint: 136900 ns, At safepoint: 4300 ns, Total: 141200 ns
[2020-09-30T09:20:34.483+0000][16584][safepoint    ] Safepoint "Cleanup", Time since last: 1000615300 ns, Reaching safepoint: 131600 ns, At safepoint: 9200 ns, Total: 140800 ns
[2020-09-30T09:20:35.484+0000][16584][safepoint    ] Safepoint "Cleanup", Time since last: 1000325500 ns, Reaching safepoint: 116700 ns, At safepoint: 8000 ns, Total: 124700 ns
[2020-09-30T09:20:37.484+0000][16584][safepoint    ] Safepoint "Cleanup", Time since last: 2000409700 ns, Reaching safepoint: 148900 ns, At safepoint: 12800 ns, Total: 161700 ns
[2020-09-30T09:20:38.485+0000][16584][safepoint    ] Safepoint "Cleanup", Time since last: 1000042200 ns, Reaching safepoint: 121400 ns, At safepoint: 6200 ns, Total: 127600 ns
[2020-09-30T09:20:39.485+0000][16584][safepoint    ] Safepoint "Cleanup", Time since last: 1000621400 ns, Reaching safepoint: 106100 ns, At safepoint: 7800 ns, Total: 113900 ns
[2020-09-30T09:20:40.486+0000][16584][safepoint    ] Safepoint "Cleanup", Time since last: 1000211600 ns, Reaching safepoint: 111500 ns, At safepoint: 6900 ns, Total: 118400 ns
[2020-09-30T09:20:41.486+0000][16584][safepoint    ] Safepoint "Cleanup", Time since last: 1000049800 ns, Reaching safepoint: 108400 ns, At safepoint: 6500 ns, Total: 114900 ns
[2020-09-30T09:20:42.486+0000][16584][safepoint    ] Safepoint "Cleanup", Time since last: 1000541700 ns, Reaching safepoint: 124900 ns, At safepoint: 9600 ns, Total: 134500 ns
[2020-09-30T09:20:43.487+0000][16584][safepoint    ] Safepoint "Cleanup", Time since last: 1000848500 ns, Reaching safepoint: 132500 ns, At safepoint: 9700 ns, Total: 142200 ns
[2020-09-30T09:20:44.488+0000][16584][safepoint    ] Safepoint "Cleanup", Time since last: 1000685000 ns, Reaching safepoint: 120300 ns, At safepoint: 11600 ns, Total: 131900 ns
[2020-09-30T09:20:45.488+0000][16584][safepoint    ] Safepoint "Cleanup", Time since last: 1000031400 ns, Reaching safepoint: 143000 ns, At safepoint: 9200 ns, Total: 152200 ns
[2020-09-30T09:20:46.489+0000][16584][safepoint    ] Safepoint "Cleanup", Time since last: 1000324700 ns, Reaching safepoint: 130300 ns, At safepoint: 8100 ns, Total: 138400 ns
[2020-09-30T09:20:47.490+0000][16584][safepoint    ] Safepoint "Cleanup", Time since last: 1000487600 ns, Reaching safepoint: 127200 ns, At safepoint: 7300 ns, Total: 134500 ns
[2020-09-30T09:20:48.490+0000][16584][safepoint    ] Safepoint "Cleanup", Time since last: 1000155300 ns, Reaching safepoint: 126100 ns, At safepoint: 8600 ns, Total: 134700 ns
[2020-09-30T09:20:50.491+0000][16584][safepoint    ] Safepoint "Cleanup", Time since last: 2000739000 ns, Reaching safepoint: 122900 ns, At safepoint: 6600 ns, Total: 129500 ns
[2020-09-30T09:20:51.491+0000][16584][safepoint    ] Safepoint "Cleanup", Time since last: 1000528100 ns, Reaching safepoint: 108500 ns, At safepoint: 6000 ns, Total: 114500 ns
[2020-09-30T09:20:52.492+0000][16584][safepoint    ] Safepoint "Cleanup", Time since last: 1000788000 ns, Reaching safepoint: 101100 ns, At safepoint: 9100 ns, Total: 110200 ns
[2020-09-30T09:20:53.493+0000][16584][safepoint    ] Safepoint "Cleanup", Time since last: 1000227400 ns, Reaching safepoint: 148900 ns, At safepoint: 4500 ns, Total: 153400 ns
[2020-09-30T09:20:54.494+0000][16584][safepoint    ] Safepoint "Cleanup", Time since last: 1000801400 ns, Reaching safepoint: 142300 ns, At safepoint: 8300 ns, Total: 150600 ns
[2020-09-30T09:20:55.494+0000][16584][safepoint    ] Safepoint "Cleanup", Time since last: 1000461600 ns, Reaching safepoint: 99600 ns, At safepoint: 8500 ns, Total: 108100 ns
[2020-09-30T09:20:56.494+0000][16584][safepoint    ] Safepoint "Cleanup", Time since last: 1000110700 ns, Reaching safepoint: 125400 ns, At safepoint: 8800 ns, Total: 134200 ns
[2020-09-30T09:20:57.495+0000][16584][safepoint    ] Safepoint "Cleanup", Time since last: 1000022900 ns, Reaching safepoint: 132300 ns, At safepoint: 7100 ns, Total: 139400 ns
[2020-09-30T09:20:58.495+0000][16584][safepoint    ] Safepoint "Cleanup", Time since last: 1000081200 ns, Reaching safepoint: 114100 ns, At safepoint: 6200 ns, Total: 120300 ns
[2020-09-30T09:20:59.496+0000][16584][safepoint    ] Safepoint "Cleanup", Time since last: 1000689700 ns, Reaching safepoint: 115000 ns, At safepoint: 7100 ns, Total: 122100 ns
[2020-09-30T09:21:00.497+0000][16584][safepoint    ] Safepoint "Cleanup", Time since last: 1000880300 ns, Reaching safepoint: 140500 ns, At safepoint: 6200 ns, Total: 146700 ns
[2020-09-30T09:21:01.497+0000][16584][safepoint    ] Safepoint "Cleanup", Time since last: 1000205100 ns, Reaching safepoint: 104700 ns, At safepoint: 6800 ns, Total: 111500 ns
[2020-09-30T09:21:02.497+0000][16584][safepoint    ] Safepoint "Cleanup", Time since last: 1000388900 ns, Reaching safepoint: 107600 ns, At safepoint: 7400 ns, Total: 115000 ns
[2020-09-30T09:21:03.498+0000][16584][safepoint    ] Safepoint "Cleanup", Time since last: 1000278300 ns, Reaching safepoint: 113000 ns, At safepoint: 6600 ns, Total: 119600 ns
[2020-09-30T09:21:04.498+0000][16584][safepoint    ] Safepoint "Cleanup", Time since last: 1000503500 ns, Reaching safepoint: 109400 ns, At safepoint: 6700 ns, Total: 116100 ns
[2020-09-30T09:21:05.499+0000][16584][safepoint    ] Safepoint "Cleanup", Time since last: 1000350600 ns, Reaching safepoint: 109800 ns, At safepoint: 6000 ns, Total: 115800 ns
[2020-09-30T09:21:06.500+0000][16584][safepoint    ] Safepoint "Cleanup", Time since last: 1000778600 ns, Reaching safepoint: 117100 ns, At safepoint: 6700 ns, Total: 123800 ns
[2020-09-30T09:21:07.500+0000][16584][safepoint    ] Safepoint "Cleanup", Time since last: 1000531400 ns, Reaching safepoint: 153300 ns, At safepoint: 11900 ns, Total: 165200 ns
[2020-09-30T09:21:08.501+0000][16584][safepoint    ] Safepoint "Cleanup", Time since last: 1000233200 ns, Reaching safepoint: 142000 ns, At safepoint: 6100 ns, Total: 148100 ns
[2020-09-30T09:21:09.501+0000][16584][safepoint    ] Safepoint "Cleanup", Time since last: 1000439000 ns, Reaching safepoint: 90500 ns, At safepoint: 8100 ns, Total: 98600 ns
[2020-09-30T09:21:10.502+0000][16584][safepoint    ] Safepoint "Cleanup", Time since last: 1000426600 ns, Reaching safepoint: 118200 ns, At safepoint: 5700 ns, Total: 123900 ns
[2020-09-30T09:21:11.503+0000][16584][safepoint    ] Safepoint "Cleanup", Time since last: 1000749600 ns, Reaching safepoint: 117900 ns, At safepoint: 49800 ns, Total: 167700 ns
[2020-09-30T09:21:13.504+0000][16584][safepoint    ] Safepoint "Cleanup", Time since last: 2000517700 ns, Reaching safepoint: 117500 ns, At safepoint: 5900 ns, Total: 123400 ns
[2020-09-30T09:21:14.504+0000][16584][safepoint    ] Safepoint "Cleanup", Time since last: 1000172100 ns, Reaching safepoint: 124800 ns, At safepoint: 8300 ns, Total: 133100 ns
[2020-09-30T09:21:15.504+0000][16584][safepoint    ] Safepoint "Cleanup", Time since last: 1000020400 ns, Reaching safepoint: 102700 ns, At safepoint: 7500 ns, Total: 110200 ns
[2020-09-30T09:21:16.504+0000][16584][safepoint    ] Safepoint "Cleanup", Time since last: 1000326100 ns, Reaching safepoint: 118000 ns, At safepoint: 7600 ns, Total: 125600 ns
[2020-09-30T09:21:17.505+0000][16584][safepoint    ] Safepoint "Cleanup", Time since last: 1000538500 ns, Reaching safepoint: 165000 ns, At safepoint: 9000 ns, Total: 174000 ns
[2020-09-30T09:21:18.506+0000][16584][safepoint    ] Safepoint "Cleanup", Time since last: 1000765800 ns, Reaching safepoint: 118600 ns, At safepoint: 10300 ns, Total: 128900 ns
[2020-09-30T09:21:19.507+0000][16584][safepoint    ] Safepoint "Cleanup", Time since last: 1000439100 ns, Reaching safepoint: 120900 ns, At safepoint: 7100 ns, Total: 128000 ns
[2020-09-30T09:21:20.508+0000][16584][safepoint    ] Safepoint "Cleanup", Time since last: 1000778800 ns, Reaching safepoint: 142700 ns, At safepoint: 6800 ns, Total: 149500 ns
[2020-09-30T09:21:21.508+0000][16584][safepoint    ] Safepoint "Cleanup", Time since last: 1000334500 ns, Reaching safepoint: 136700 ns, At safepoint: 9500 ns, Total: 146200 ns
[2020-09-30T09:21:22.509+0000][16584][safepoint    ] Safepoint "Cleanup", Time since last: 1000440400 ns, Reaching safepoint: 113700 ns, At safepoint: 7000 ns, Total: 120700 ns
[2020-09-30T09:21:23.509+0000][16584][safepoint    ] Safepoint "Cleanup", Time since last: 1000060400 ns, Reaching safepoint: 94900 ns, At safepoint: 7700 ns, Total: 102600 ns
[2020-09-30T09:21:24.509+0000][16584][safepoint    ] Safepoint "Cleanup", Time since last: 1000470400 ns, Reaching safepoint: 93600 ns, At safepoint: 4000 ns, Total: 97600 ns
[2020-09-30T09:21:25.510+0000][16584][safepoint    ] Safepoint "Cleanup", Time since last: 1000743800 ns, Reaching safepoint: 120700 ns, At safepoint: 8200 ns, Total: 128900 ns
[2020-09-30T09:21:26.511+0000][16584][safepoint    ] Safepoint "Cleanup", Time since last: 1000260700 ns, Reaching safepoint: 95100 ns, At safepoint: 3400 ns, Total: 98500 ns
[2020-09-30T09:21:27.511+0000][16584][safepoint    ] Safepoint "Cleanup", Time since last: 1000626300 ns, Reaching safepoint: 132900 ns, At safepoint: 7400 ns, Total: 140300 ns
[2020-09-30T09:21:28.512+0000][16584][safepoint    ] Safepoint "Cleanup", Time since last: 1000613300 ns, Reaching safepoint: 109400 ns, At safepoint: 6400 ns, Total: 115800 ns
[2020-09-30T09:21:29.512+0000][16584][safepoint    ] Safepoint "Cleanup", Time since last: 1000108000 ns, Reaching safepoint: 162800 ns, At safepoint: 5900 ns, Total: 168700 ns
[2020-09-30T09:21:30.513+0000][16584][safepoint    ] Safepoint "Cleanup", Time since last: 1000571100 ns, Reaching safepoint: 99300 ns, At safepoint: 7500 ns, Total: 106800 ns
[2020-09-30T09:21:31.513+0000][16584][safepoint    ] Safepoint "Cleanup", Time since last: 1000197400 ns, Reaching safepoint: 113400 ns, At safepoint: 7700 ns, Total: 121100 ns
[2020-09-30T09:21:32.514+0000][16584][safepoint    ] Safepoint "Cleanup", Time since last: 1000641600 ns, Reaching safepoint: 141400 ns, At safepoint: 14500 ns, Total: 155900 ns
[2020-09-30T09:21:34.514+0000][16584][safepoint    ] Safepoint "Cleanup", Time since last: 2000081300 ns, Reaching safepoint: 155600 ns, At safepoint: 10100 ns, Total: 165700 ns
[2020-09-30T09:21:35.515+0000][16584][safepoint    ] Safepoint "Cleanup", Time since last: 1000249000 ns, Reaching safepoint: 147800 ns, At safepoint: 9900 ns, Total: 157700 ns
[2020-09-30T09:21:36.515+0000][16584][safepoint    ] Safepoint "Cleanup", Time since last: 1000038700 ns, Reaching safepoint: 126000 ns, At safepoint: 10900 ns, Total: 136900 ns
[2020-09-30T09:21:37.515+0000][16584][safepoint    ] Safepoint "Cleanup", Time since last: 1000252200 ns, Reaching safepoint: 141700 ns, At safepoint: 10300 ns, Total: 152000 ns
[2020-09-30T09:21:38.516+0000][16584][safepoint    ] Safepoint "Cleanup", Time since last: 1000320200 ns, Reaching safepoint: 267400 ns, At safepoint: 12800 ns, Total: 280200 ns
[2020-09-30T09:21:40.517+0000][16584][safepoint    ] Safepoint "Cleanup", Time since last: 2000619000 ns, Reaching safepoint: 121000 ns, At safepoint: 9300 ns, Total: 130300 ns
[2020-09-30T09:21:41.517+0000][16584][safepoint    ] Safepoint "Cleanup", Time since last: 1000283600 ns, Reaching safepoint: 197700 ns, At safepoint: 11400 ns, Total: 209100 ns
[2020-09-30T09:21:42.753+0000][16584][safepoint    ] Safepoint "Cleanup", Time since last: 1235863200 ns, Reaching safepoint: 157400 ns, At safepoint: 12800 ns, Total: 170200 ns
[2020-09-30T09:21:44.753+0000][16584][safepoint    ] Safepoint "Cleanup", Time since last: 1999870300 ns, Reaching safepoint: 167100 ns, At safepoint: 9900 ns, Total: 177000 ns
[2020-09-30T09:21:45.754+0000][16584][safepoint    ] Safepoint "Cleanup", Time since last: 1000577100 ns, Reaching safepoint: 155000 ns, At safepoint: 11400 ns, Total: 166400 ns
[2020-09-30T09:21:46.754+0000][16584][safepoint    ] Safepoint "Cleanup", Time since last: 1000029200 ns, Reaching safepoint: 210100 ns, At safepoint: 12200 ns, Total: 222300 ns
[2020-09-30T09:21:48.755+0000][16584][safepoint    ] Safepoint "Cleanup", Time since last: 2000746000 ns, Reaching safepoint: 126700 ns, At safepoint: 8500 ns, Total: 135200 ns
[2020-09-30T09:21:49.756+0000][16584][safepoint    ] Safepoint "Cleanup", Time since last: 1000754700 ns, Reaching safepoint: 445000 ns, At safepoint: 27800 ns, Total: 472800 ns
[2020-09-30T09:21:50.757+0000][16584][safepoint    ] Safepoint "Cleanup", Time since last: 1000384500 ns, Reaching safepoint: 129100 ns, At safepoint: 20500 ns, Total: 149600 ns
[2020-09-30T09:21:51.757+0000][16584][safepoint    ] Safepoint "Cleanup", Time since last: 1000261000 ns, Reaching safepoint: 122200 ns, At safepoint: 9700 ns, Total: 131900 ns
[2020-09-30T09:21:52.758+0000][16584][safepoint    ] Safepoint "Cleanup", Time since last: 1000196500 ns, Reaching safepoint: 133000 ns, At safepoint: 9800 ns, Total: 142800 ns
[2020-09-30T09:21:53.758+0000][16584][safepoint    ] Safepoint "Cleanup", Time since last: 1000115100 ns, Reaching safepoint: 159800 ns, At safepoint: 11000 ns, Total: 170800 ns
[2020-09-30T09:21:54.758+0000][16584][safepoint    ] Safepoint "Cleanup", Time since last: 1000013100 ns, Reaching safepoint: 139400 ns, At safepoint: 11000 ns, Total: 150400 ns
[2020-09-30T09:21:55.759+0000][16584][safepoint    ] Safepoint "Cleanup", Time since last: 1000826500 ns, Reaching safepoint: 118500 ns, At safepoint: 4700 ns, Total: 123200 ns
[2020-09-30T09:21:57.760+0000][16584][safepoint    ] Safepoint "Cleanup", Time since last: 2000536000 ns, Reaching safepoint: 156200 ns, At safepoint: 9100 ns, Total: 165300 ns
[2020-09-30T09:21:58.760+0000][16584][safepoint    ] Safepoint "Cleanup", Time since last: 1000559900 ns, Reaching safepoint: 147200 ns, At safepoint: 10800 ns, Total: 158000 ns
[2020-09-30T09:22:00.761+0000][16584][safepoint    ] Safepoint "Cleanup", Time since last: 2000298500 ns, Reaching safepoint: 166400 ns, At safepoint: 10800 ns, Total: 177200 ns
[2020-09-30T09:22:01.762+0000][16584][safepoint    ] Safepoint "Cleanup", Time since last: 1000562700 ns, Reaching safepoint: 135200 ns, At safepoint: 7000 ns, Total: 142200 ns
[2020-09-30T09:22:02.763+0000][16584][safepoint    ] Safepoint "Cleanup", Time since last: 1000792100 ns, Reaching safepoint: 148600 ns, At safepoint: 11100 ns, Total: 159700 ns
[2020-09-30T09:22:03.763+0000][16584][safepoint    ] Safepoint "Cleanup", Time since last: 1000580300 ns, Reaching safepoint: 145900 ns, At safepoint: 20100 ns, Total: 166000 ns
[2020-09-30T09:22:05.764+0000][16584][safepoint    ] Safepoint "Cleanup", Time since last: 2000101600 ns, Reaching safepoint: 143300 ns, At safepoint: 9200 ns, Total: 152500 ns
[2020-09-30T09:22:06.764+0000][16584][safepoint    ] Safepoint "Cleanup", Time since last: 1000025200 ns, Reaching safepoint: 144100 ns, At safepoint: 9300 ns, Total: 153400 ns
[2020-09-30T09:22:07.764+0000][16584][safepoint    ] Safepoint "Cleanup", Time since last: 1000190400 ns, Reaching safepoint: 139700 ns, At safepoint: 10800 ns, Total: 150500 ns
[2020-09-30T09:22:08.764+0000][16584][safepoint    ] Safepoint "Cleanup", Time since last: 1000138300 ns, Reaching safepoint: 134200 ns, At safepoint: 10600 ns, Total: 144800 ns
[2020-09-30T09:22:10.765+0000][16584][safepoint    ] Safepoint "Cleanup", Time since last: 2000309800 ns, Reaching safepoint: 199800 ns, At safepoint: 13200 ns, Total: 213000 ns
[2020-09-30T09:22:11.765+0000][16584][safepoint    ] Safepoint "Cleanup", Time since last: 1000296700 ns, Reaching safepoint: 138900 ns, At safepoint: 7500 ns, Total: 146400 ns
[2020-09-30T09:22:12.766+0000][16584][safepoint    ] Safepoint "Cleanup", Time since last: 1000370700 ns, Reaching safepoint: 157900 ns, At safepoint: 11300 ns, Total: 169200 ns
[2020-09-30T09:22:13.767+0000][16584][safepoint    ] Safepoint "Cleanup", Time since last: 1000577600 ns, Reaching safepoint: 222100 ns, At safepoint: 16100 ns, Total: 238200 ns
[2020-09-30T09:22:15.767+0000][16584][safepoint    ] Safepoint "Cleanup", Time since last: 2000270300 ns, Reaching safepoint: 153400 ns, At safepoint: 9700 ns, Total: 163100 ns
[2020-09-30T09:22:16.767+0000][16584][safepoint    ] Safepoint "Cleanup", Time since last: 1000089800 ns, Reaching safepoint: 167700 ns, At safepoint: 9800 ns, Total: 177500 ns
[2020-09-30T09:22:17.768+0000][16584][safepoint    ] Safepoint "Cleanup", Time since last: 1000386700 ns, Reaching safepoint: 170100 ns, At safepoint: 13400 ns, Total: 183500 ns
[2020-09-30T09:22:18.768+0000][16584][safepoint    ] Safepoint "Cleanup", Time since last: 1000130200 ns, Reaching safepoint: 133800 ns, At safepoint: 16600 ns, Total: 150400 ns
[2020-09-30T09:22:19.769+0000][16584][safepoint    ] Safepoint "Cleanup", Time since last: 1000527900 ns, Reaching safepoint: 126800 ns, At safepoint: 13900 ns, Total: 140700 ns
[2020-09-30T09:22:20.770+0000][16584][safepoint    ] Safepoint "Cleanup", Time since last: 1000639600 ns, Reaching safepoint: 139500 ns, At safepoint: 9900 ns, Total: 149400 ns
[2020-09-30T09:22:22.770+0000][16584][safepoint    ] Safepoint "Cleanup", Time since last: 2000301400 ns, Reaching safepoint: 101100 ns, At safepoint: 4800 ns, Total: 105900 ns
[2020-09-30T09:22:24.771+0000][16584][safepoint    ] Safepoint "Cleanup", Time since last: 2000745900 ns, Reaching safepoint: 114200 ns, At safepoint: 10300 ns, Total: 124500 ns
[2020-09-30T09:22:25.772+0000][16584][safepoint    ] Safepoint "Cleanup", Time since last: 1000458300 ns, Reaching safepoint: 159700 ns, At safepoint: 10600 ns, Total: 170300 ns
[2020-09-30T09:22:27.772+0000][16584][safepoint    ] Safepoint "Cleanup", Time since last: 2000385900 ns, Reaching safepoint: 112300 ns, At safepoint: 8500 ns, Total: 120800 ns
[2020-09-30T09:22:28.772+0000][16584][safepoint    ] Safepoint "Cleanup", Time since last: 1000090000 ns, Reaching safepoint: 125800 ns, At safepoint: 5900 ns, Total: 131700 ns
[2020-09-30T09:22:29.773+0000][16584][safepoint    ] Safepoint "Cleanup", Time since last: 1000463700 ns, Reaching safepoint: 122000 ns, At safepoint: 8000 ns, Total: 130000 ns
[2020-09-30T09:22:30.773+0000][16584][safepoint    ] Safepoint "Cleanup", Time since last: 1000195100 ns, Reaching safepoint: 111200 ns, At safepoint: 4500 ns, Total: 115700 ns
[2020-09-30T09:22:31.774+0000][16584][safepoint    ] Safepoint "Cleanup", Time since last: 1000693500 ns, Reaching safepoint: 129700 ns, At safepoint: 9400 ns, Total: 139100 ns
[2020-09-30T09:22:32.774+0000][16584][safepoint    ] Safepoint "Cleanup", Time since last: 1000221800 ns, Reaching safepoint: 117200 ns, At safepoint: 7600 ns, Total: 124800 ns
[2020-09-30T09:22:33.775+0000][16584][safepoint    ] Safepoint "Cleanup", Time since last: 1000787600 ns, Reaching safepoint: 132100 ns, At safepoint: 7900 ns, Total: 140000 ns
[2020-09-30T09:22:34.776+0000][16584][safepoint    ] Safepoint "Cleanup", Time since last: 1000779200 ns, Reaching safepoint: 123900 ns, At safepoint: 7200 ns, Total: 131100 ns
[2020-09-30T09:22:35.777+0000][16584][safepoint    ] Safepoint "Cleanup", Time since last: 1000153300 ns, Reaching safepoint: 127300 ns, At safepoint: 9000 ns, Total: 136300 ns
[2020-09-30T09:22:36.777+0000][16584][safepoint    ] Safepoint "Cleanup", Time since last: 1000259200 ns, Reaching safepoint: 105800 ns, At safepoint: 5000 ns, Total: 110800 ns
[2020-09-30T09:22:37.778+0000][16584][safepoint    ] Safepoint "Cleanup", Time since last: 1000599400 ns, Reaching safepoint: 93700 ns, At safepoint: 3500 ns, Total: 97200 ns
[2020-09-30T09:22:38.778+0000][16584][safepoint    ] Safepoint "Cleanup", Time since last: 1000340100 ns, Reaching safepoint: 99500 ns, At safepoint: 6900 ns, Total: 106400 ns
[2020-09-30T09:22:39.779+0000][16584][safepoint    ] Safepoint "Cleanup", Time since last: 1000337000 ns, Reaching safepoint: 124200 ns, At safepoint: 17300 ns, Total: 141500 ns
[2020-09-30T09:22:40.779+0000][16584][safepoint    ] Safepoint "Cleanup", Time since last: 1000153600 ns, Reaching safepoint: 124500 ns, At safepoint: 5600 ns, Total: 130100 ns
[2020-09-30T09:22:41.779+0000][16584][safepoint    ] Safepoint "Cleanup", Time since last: 1000110700 ns, Reaching safepoint: 110400 ns, At safepoint: 7700 ns, Total: 118100 ns
[2020-09-30T09:22:43.780+0000][16584][safepoint    ] Safepoint "Cleanup", Time since last: 2000721800 ns, Reaching safepoint: 417200 ns, At safepoint: 39800 ns, Total: 457000 ns
[2020-09-30T09:22:44.781+0000][16584][safepoint    ] Safepoint "Cleanup", Time since last: 1000460400 ns, Reaching safepoint: 109900 ns, At safepoint: 7700 ns, Total: 117600 ns
[2020-09-30T09:22:45.781+0000][16584][safepoint    ] Safepoint "Cleanup", Time since last: 1000369400 ns, Reaching safepoint: 153000 ns, At safepoint: 16000 ns, Total: 169000 ns
[2020-09-30T09:22:46.782+0000][16584][safepoint    ] Safepoint "Cleanup", Time since last: 1000611800 ns, Reaching safepoint: 111100 ns, At safepoint: 9200 ns, Total: 120300 ns
[2020-09-30T09:22:47.782+0000][16584][safepoint    ] Safepoint "Cleanup", Time since last: 1000052600 ns, Reaching safepoint: 131500 ns, At safepoint: 27200 ns, Total: 158700 ns
[2020-09-30T09:22:48.783+0000][16584][safepoint    ] Safepoint "Cleanup", Time since last: 1000162500 ns, Reaching safepoint: 155400 ns, At safepoint: 10000 ns, Total: 165400 ns
[2020-09-30T09:22:49.783+0000][16584][safepoint    ] Safepoint "Cleanup", Time since last: 1000136500 ns, Reaching safepoint: 103800 ns, At safepoint: 9600 ns, Total: 113400 ns
[2020-09-30T09:22:50.783+0000][16584][safepoint    ] Safepoint "Cleanup", Time since last: 1000320500 ns, Reaching safepoint: 111900 ns, At safepoint: 6700 ns, Total: 118600 ns
[2020-09-30T09:22:51.784+0000][16584][safepoint    ] Safepoint "Cleanup", Time since last: 1000215500 ns, Reaching safepoint: 125000 ns, At safepoint: 8000 ns, Total: 133000 ns
[2020-09-30T09:22:52.784+0000][16584][safepoint    ] Safepoint "Cleanup", Time since last: 1000282700 ns, Reaching safepoint: 117300 ns, At safepoint: 7900 ns, Total: 125200 ns
[2020-09-30T09:22:53.785+0000][16584][safepoint    ] Safepoint "Cleanup", Time since last: 1000275400 ns, Reaching safepoint: 111900 ns, At safepoint: 6900 ns, Total: 118800 ns
[2020-09-30T09:22:54.785+0000][16584][safepoint    ] Safepoint "Cleanup", Time since last: 1000675600 ns, Reaching safepoint: 128400 ns, At safepoint: 6600 ns, Total: 135000 ns
[2020-09-30T09:22:55.786+0000][16584][safepoint    ] Safepoint "Cleanup", Time since last: 1000245000 ns, Reaching safepoint: 126900 ns, At safepoint: 6100 ns, Total: 133000 ns
[2020-09-30T09:22:56.786+0000][16584][safepoint    ] Safepoint "Cleanup", Time since last: 1000076500 ns, Reaching safepoint: 137000 ns, At safepoint: 7500 ns, Total: 144500 ns
[2020-09-30T09:22:58.355+0000][16584][safepoint    ] Safepoint "Cleanup", Time since last: 1569397900 ns, Reaching safepoint: 129200 ns, At safepoint: 9500 ns, Total: 138700 ns
[2020-09-30T09:22:59.356+0000][16584][safepoint    ] Safepoint "Cleanup", Time since last: 1000287600 ns, Reaching safepoint: 149600 ns, At safepoint: 9200 ns, Total: 158800 ns
[2020-09-30T09:23:00.356+0000][16584][safepoint    ] Safepoint "Cleanup", Time since last: 1000362700 ns, Reaching safepoint: 116100 ns, At safepoint: 8800 ns, Total: 124900 ns
[2020-09-30T09:23:01.357+0000][16584][safepoint    ] Safepoint "Cleanup", Time since last: 1000475900 ns, Reaching safepoint: 163900 ns, At safepoint: 8400 ns, Total: 172300 ns
[2020-09-30T09:23:02.358+0000][16584][safepoint    ] Safepoint "Cleanup", Time since last: 1000354100 ns, Reaching safepoint: 148300 ns, At safepoint: 11100 ns, Total: 159400 ns
[2020-09-30T09:23:03.358+0000][16584][safepoint    ] Safepoint "Cleanup", Time since last: 1000310900 ns, Reaching safepoint: 135900 ns, At safepoint: 8900 ns, Total: 144800 ns
[2020-09-30T09:23:05.358+0000][16584][safepoint    ] Safepoint "Cleanup", Time since last: 1999910300 ns, Reaching safepoint: 132900 ns, At safepoint: 9100 ns, Total: 142000 ns
[2020-09-30T09:23:06.358+0000][16584][safepoint    ] Safepoint "Cleanup", Time since last: 1000225500 ns, Reaching safepoint: 130400 ns, At safepoint: 8600 ns, Total: 139000 ns
[2020-09-30T09:23:07.359+0000][16584][safepoint    ] Safepoint "Cleanup", Time since last: 1000844300 ns, Reaching safepoint: 140400 ns, At safepoint: 7500 ns, Total: 147900 ns
[2020-09-30T09:23:08.360+0000][16584][safepoint    ] Safepoint "Cleanup", Time since last: 1000218800 ns, Reaching safepoint: 136400 ns, At safepoint: 8800 ns, Total: 145200 ns
[2020-09-30T09:23:09.360+0000][16584][safepoint    ] Safepoint "Cleanup", Time since last: 1000244700 ns, Reaching safepoint: 104200 ns, At safepoint: 7900 ns, Total: 112100 ns
[2020-09-30T09:23:10.361+0000][16584][safepoint    ] Safepoint "Cleanup", Time since last: 1000885000 ns, Reaching safepoint: 134300 ns, At safepoint: 8700 ns, Total: 143000 ns
[2020-09-30T09:23:11.362+0000][16584][safepoint    ] Safepoint "Cleanup", Time since last: 1000716200 ns, Reaching safepoint: 114000 ns, At safepoint: 5100 ns, Total: 119100 ns
[2020-09-30T09:23:13.362+0000][16584][safepoint    ] Safepoint "Cleanup", Time since last: 2000408700 ns, Reaching safepoint: 379700 ns, At safepoint: 8000 ns, Total: 387700 ns
[2020-09-30T09:23:14.364+0000][16584][safepoint    ] Safepoint "Cleanup", Time since last: 1000794500 ns, Reaching safepoint: 250900 ns, At safepoint: 11300 ns, Total: 262200 ns
[2020-09-30T09:23:16.364+0000][16584][safepoint    ] Safepoint "Cleanup", Time since last: 2000183100 ns, Reaching safepoint: 142200 ns, At safepoint: 9200 ns, Total: 151400 ns
[2020-09-30T09:23:18.365+0000][16584][safepoint    ] Safepoint "Cleanup", Time since last: 2000957300 ns, Reaching safepoint: 124900 ns, At safepoint: 8800 ns, Total: 133700 ns
[2020-09-30T09:23:20.365+0000][16584][safepoint    ] Safepoint "Cleanup", Time since last: 2000071400 ns, Reaching safepoint: 170000 ns, At safepoint: 14900 ns, Total: 184900 ns
[2020-09-30T09:23:21.366+0000][16584][safepoint    ] Safepoint "Cleanup", Time since last: 1000619000 ns, Reaching safepoint: 147200 ns, At safepoint: 7500 ns, Total: 154700 ns
[2020-09-30T09:23:22.367+0000][16584][safepoint    ] Safepoint "Cleanup", Time since last: 1000830500 ns, Reaching safepoint: 149700 ns, At safepoint: 10500 ns, Total: 160200 ns
[2020-09-30T09:23:23.368+0000][16584][safepoint    ] Safepoint "Cleanup", Time since last: 1000187100 ns, Reaching safepoint: 91000 ns, At safepoint: 3700 ns, Total: 94700 ns
[2020-09-30T09:23:24.368+0000][16584][safepoint    ] Safepoint "Cleanup", Time since last: 1000084200 ns, Reaching safepoint: 118100 ns, At safepoint: 8100 ns, Total: 126200 ns
[2020-09-30T09:23:57.382+0000][16584][safepoint    ] Safepoint "Cleanup", Time since last: 33013947200 ns, Reaching safepoint: 128100 ns, At safepoint: 9800 ns, Total: 137900 ns
[2020-09-30T09:24:00.383+0000][16584][safepoint    ] Safepoint "Cleanup", Time since last: 3001248600 ns, Reaching safepoint: 123900 ns, At safepoint: 8100 ns, Total: 132000 ns
[2020-09-30T09:24:49.410+0000][16584][safepoint    ] Safepoint "Cleanup", Time since last: 49026839100 ns, Reaching safepoint: 120400 ns, At safepoint: 7900 ns, Total: 128300 ns
[2020-09-30T09:25:19.425+0000][16584][safepoint    ] Safepoint "Cleanup", Time since last: 30014658700 ns, Reaching safepoint: 143700 ns, At safepoint: 6000 ns, Total: 149700 ns
[2020-09-30T09:25:21.426+0000][16584][safepoint    ] Safepoint "Cleanup", Time since last: 2000687500 ns, Reaching safepoint: 106000 ns, At safepoint: 6000 ns, Total: 112000 ns
[2020-09-30T09:26:05.449+0000][16584][safepoint    ] Safepoint "Cleanup", Time since last: 44022843900 ns, Reaching safepoint: 147300 ns, At safepoint: 7700 ns, Total: 155000 ns
[2020-09-30T09:29:00.538+0000][16584][safepoint    ] Safepoint "Cleanup", Time since last: 175089371400 ns, Reaching safepoint: 150300 ns, At safepoint: 10300 ns, Total: 160600 ns
[2020-09-30T09:30:27.579+0000][16584][safepoint    ] Safepoint "Cleanup", Time since last: 87040291400 ns, Reaching safepoint: 190800 ns, At safepoint: 11400 ns, Total: 202200 ns
[2020-09-30T09:32:52.651+0000][16584][safepoint    ] Safepoint "Cleanup", Time since last: 145071711100 ns, Reaching safepoint: 178000 ns, At safepoint: 5000 ns, Total: 183000 ns
[2020-09-30T09:36:46.759+0000][16584][safepoint    ] Safepoint "Cleanup", Time since last: 234108423600 ns, Reaching safepoint: 133800 ns, At safepoint: 5900 ns, Total: 139700 ns
[2020-09-30T09:36:51.763+0000][16584][safepoint    ] Safepoint "Cleanup", Time since last: 5003195100 ns, Reaching safepoint: 182200 ns, At safepoint: 6000 ns, Total: 188200 ns
[2020-09-30T09:37:44.788+0000][16584][safepoint    ] Safepoint "Cleanup", Time since last: 53025338200 ns, Reaching safepoint: 256900 ns, At safepoint: 21600 ns, Total: 278500 ns
[2020-09-30T09:37:46.788+0000][16584][safepoint    ] Safepoint "Cleanup", Time since last: 2000011900 ns, Reaching safepoint: 263000 ns, At safepoint: 15900 ns, Total: 278900 ns
[2020-09-30T09:41:02.887+0000][16584][safepoint    ] Safepoint "Cleanup", Time since last: 196098782500 ns, Reaching safepoint: 275300 ns, At safepoint: 10500 ns, Total: 285800 ns
[2020-09-30T09:41:20.898+0000][16584][safepoint    ] Safepoint "Cleanup", Time since last: 18009863100 ns, Reaching safepoint: 250600 ns, At safepoint: 15700 ns, Total: 266300 ns
[2020-09-30T09:46:02.003+0000][16584][safepoint    ] Safepoint "Cleanup", Time since last: 281136833800 ns, Reaching safepoint: 148200 ns, At safepoint: 8100 ns, Total: 156300 ns
[2020-09-30T09:47:28.030+0000][16584][safepoint    ] Safepoint "Cleanup", Time since last: 86040029200 ns, Reaching safepoint: 129100 ns, At safepoint: 7400 ns, Total: 136500 ns
[2020-09-30T09:49:37.399+0000][16584][gc,start     ] GC(421) Pause Young (Normal) (G1 Evacuation Pause)
[2020-09-30T09:49:37.403+0000][16584][gc,task      ] GC(421) Using 8 workers of 8 for evacuation
[2020-09-30T09:49:37.409+0000][16584][gc,age       ] GC(421) Desired survivor size 32505856 bytes, new threshold 15 (max threshold 15)
[2020-09-30T09:49:37.501+0000][16584][gc,age       ] GC(421) Age table with threshold 15 (max threshold 15)
[2020-09-30T09:49:37.503+0000][16584][gc,age       ] GC(421) - age   1:     114104 bytes,     114104 total
[2020-09-30T09:49:37.503+0000][16584][gc,age       ] GC(421) - age   2:       6096 bytes,     120200 total
[2020-09-30T09:49:37.503+0000][16584][gc,age       ] GC(421) - age   3:       2912 bytes,     123112 total
[2020-09-30T09:49:37.503+0000][16584][gc,age       ] GC(421) - age   4:       2352 bytes,     125464 total
[2020-09-30T09:49:37.503+0000][16584][gc,age       ] GC(421) - age   5:       1096 bytes,     126560 total
[2020-09-30T09:49:37.503+0000][16584][gc,age       ] GC(421) - age   6:       5904 bytes,     132464 total
[2020-09-30T09:49:37.503+0000][16584][gc,age       ] GC(421) - age   7:        952 bytes,     133416 total
[2020-09-30T09:49:37.503+0000][16584][gc,age       ] GC(421) - age   8:       3080 bytes,     136496 total
[2020-09-30T09:49:37.503+0000][16584][gc,age       ] GC(421) - age   9:       1000 bytes,     137496 total
[2020-09-30T09:49:37.503+0000][16584][gc,age       ] GC(421) - age  10:        352 bytes,     137848 total
[2020-09-30T09:49:37.503+0000][16584][gc,age       ] GC(421) - age  11:       4296 bytes,     142144 total
[2020-09-30T09:49:37.503+0000][16584][gc,age       ] GC(421) - age  12:       6360 bytes,     148504 total
[2020-09-30T09:49:37.503+0000][16584][gc,age       ] GC(421) - age  13:       5016 bytes,     153520 total
[2020-09-30T09:49:37.503+0000][16584][gc,age       ] GC(421) - age  14:       2128 bytes,     155648 total
[2020-09-30T09:49:37.503+0000][16584][gc,age       ] GC(421) - age  15:        744 bytes,     156392 total
[2020-09-30T09:49:37.504+0000][16584][gc,phases    ] GC(421)   Pre Evacuate Collection Set: 12.8ms
[2020-09-30T09:49:37.504+0000][16584][gc,phases    ] GC(421)   Merge Heap Roots: 8.2ms
[2020-09-30T09:49:37.504+0000][16584][gc,phases    ] GC(421)   Evacuate Collection Set: 55.3ms
[2020-09-30T09:49:37.504+0000][16584][gc,phases    ] GC(421)   Post Evacuate Collection Set: 13.4ms
[2020-09-30T09:49:37.504+0000][16584][gc,phases    ] GC(421)   Other: 20.4ms
[2020-09-30T09:49:37.504+0000][16584][gc,heap      ] GC(421) Eden regions: 488->0(495)
[2020-09-30T09:49:37.505+0000][16584][gc,heap      ] GC(421) Survivor regions: 4->1(62)
[2020-09-30T09:49:37.505+0000][16584][gc,heap      ] GC(421) Old regions: 80->80
[2020-09-30T09:49:37.505+0000][16584][gc,heap      ] GC(421) Archive regions: 0->0
[2020-09-30T09:49:37.505+0000][16584][gc,heap      ] GC(421) Humongous regions: 272->174
[2020-09-30T09:49:37.505+0000][16584][gc,metaspace ] GC(421) Metaspace: 89512K(95488K)->89512K(95488K) NonClass: 78186K(81664K)->78186K(81664K) Class: 11325K(13824K)->11325K(13824K)
[2020-09-30T09:49:37.505+0000][16584][gc           ] GC(421) Pause Young (Normal) (G1 Evacuation Pause) 842M->253M(1024M) 106.536ms
[2020-09-30T09:49:37.506+0000][16584][gc,cpu       ] GC(421) User=0.05s Sys=0.14s Real=0.11s
[2020-09-30T09:49:37.506+0000][16584][safepoint    ] Safepoint "G1CollectForAllocation", Time since last: 129375225800 ns, Reaching safepoint: 2396600 ns, At safepoint: 113890500 ns, Total: 116287100 ns
[2020-09-30T09:49:38.506+0000][16584][safepoint    ] Safepoint "Cleanup", Time since last: 1000291600 ns, Reaching safepoint: 147800 ns, At safepoint: 9500 ns, Total: 157300 ns
[2020-09-30T09:51:43.554+0000][16584][safepoint    ] Safepoint "Cleanup", Time since last: 125061090900 ns, Reaching safepoint: 172100 ns, At safepoint: 9100 ns, Total: 181200 ns
[2020-09-30T09:58:20.715+0000][16584][safepoint    ] Safepoint "Cleanup", Time since last: 397193884700 ns, Reaching safepoint: 133400 ns, At safepoint: 7200 ns, Total: 140600 ns
[2020-09-30T10:00:15.766+0000][16584][safepoint    ] Safepoint "Cleanup", Time since last: 115056729700 ns, Reaching safepoint: 137100 ns, At safepoint: 9000 ns, Total: 146100 ns
[2020-09-30T10:00:57.782+0000][16584][safepoint    ] Safepoint "Cleanup", Time since last: 42018576400 ns, Reaching safepoint: 142700 ns, At safepoint: 10900 ns, Total: 153600 ns
[2020-09-30T10:17:26.243+0000][16584][safepoint    ] Safepoint "Cleanup", Time since last: 988493389600 ns, Reaching safepoint: 366100 ns, At safepoint: 10500 ns, Total: 376600 ns
[2020-09-30T10:20:28.329+0000][16584][safepoint    ] Safepoint "Cleanup", Time since last: 182088241900 ns, Reaching safepoint: 229800 ns, At safepoint: 5500 ns, Total: 235300 ns
[2020-09-30T10:27:01.866+0000][16584][gc,start     ] GC(422) Pause Young (Normal) (G1 Evacuation Pause)
[2020-09-30T10:27:01.866+0000][16584][gc,task      ] GC(422) Using 8 workers of 8 for evacuation
[2020-09-30T10:27:01.866+0000][16584][gc,age       ] GC(422) Desired survivor size 32505856 bytes, new threshold 15 (max threshold 15)
[2020-09-30T10:27:01.878+0000][16584][gc,age       ] GC(422) Age table with threshold 15 (max threshold 15)
[2020-09-30T10:27:01.878+0000][16584][gc,age       ] GC(422) - age   1:       9664 bytes,       9664 total
[2020-09-30T10:27:01.878+0000][16584][gc,age       ] GC(422) - age   2:     108376 bytes,     118040 total
[2020-09-30T10:27:01.878+0000][16584][gc,age       ] GC(422) - age   3:       6096 bytes,     124136 total
[2020-09-30T10:27:01.878+0000][16584][gc,age       ] GC(422) - age   4:       2912 bytes,     127048 total
[2020-09-30T10:27:01.878+0000][16584][gc,age       ] GC(422) - age   5:       2352 bytes,     129400 total
[2020-09-30T10:27:01.878+0000][16584][gc,age       ] GC(422) - age   6:       1096 bytes,     130496 total
[2020-09-30T10:27:01.878+0000][16584][gc,age       ] GC(422) - age   7:       5904 bytes,     136400 total
[2020-09-30T10:27:01.878+0000][16584][gc,age       ] GC(422) - age   8:        952 bytes,     137352 total
[2020-09-30T10:27:01.878+0000][16584][gc,age       ] GC(422) - age   9:       3080 bytes,     140432 total
[2020-09-30T10:27:01.878+0000][16584][gc,age       ] GC(422) - age  10:       1000 bytes,     141432 total
[2020-09-30T10:27:01.878+0000][16584][gc,age       ] GC(422) - age  11:        352 bytes,     141784 total
[2020-09-30T10:27:01.878+0000][16584][gc,age       ] GC(422) - age  12:       4296 bytes,     146080 total
[2020-09-30T10:27:01.878+0000][16584][gc,age       ] GC(422) - age  13:       5384 bytes,     151464 total
[2020-09-30T10:27:01.878+0000][16584][gc,age       ] GC(422) - age  14:       5016 bytes,     156480 total
[2020-09-30T10:27:01.878+0000][16584][gc,age       ] GC(422) - age  15:       2128 bytes,     158608 total
[2020-09-30T10:27:01.879+0000][16584][gc,phases    ] GC(422)   Pre Evacuate Collection Set: 1.4ms
[2020-09-30T10:27:01.879+0000][16584][gc,phases    ] GC(422)   Merge Heap Roots: 0.1ms
[2020-09-30T10:27:01.879+0000][16584][gc,phases    ] GC(422)   Evacuate Collection Set: 3.0ms
[2020-09-30T10:27:01.879+0000][16584][gc,phases    ] GC(422)   Post Evacuate Collection Set: 4.5ms
[2020-09-30T10:27:01.879+0000][16584][gc,phases    ] GC(422)   Other: 5.4ms
[2020-09-30T10:27:01.879+0000][16584][gc,heap      ] GC(422) Eden regions: 495->0(499)
[2020-09-30T10:27:01.879+0000][16584][gc,heap      ] GC(422) Survivor regions: 1->1(62)
[2020-09-30T10:27:01.879+0000][16584][gc,heap      ] GC(422) Old regions: 80->80
[2020-09-30T10:27:01.879+0000][16584][gc,heap      ] GC(422) Archive regions: 0->0
[2020-09-30T10:27:01.879+0000][16584][gc,heap      ] GC(422) Humongous regions: 174->174
[2020-09-30T10:27:01.880+0000][16584][gc,metaspace ] GC(422) Metaspace: 89553K(95744K)->89553K(95744K) NonClass: 78226K(81920K)->78226K(81920K) Class: 11327K(13824K)->11327K(13824K)
[2020-09-30T10:27:01.880+0000][16584][gc           ] GC(422) Pause Young (Normal) (G1 Evacuation Pause) 748M->253M(1024M) 14.132ms
[2020-09-30T10:27:01.880+0000][16584][gc,cpu       ] GC(422) User=0.09s Sys=0.00s Real=0.01s
[2020-09-30T10:27:01.881+0000][16584][safepoint    ] Safepoint "G1CollectForAllocation", Time since last: 393538384900 ns, Reaching safepoint: 206500 ns, At safepoint: 16229200 ns, Total: 16435700 ns
[2020-09-30T10:29:57.968+0000][16584][safepoint    ] Safepoint "Cleanup", Time since last: 176088467400 ns, Reaching safepoint: 157200 ns, At safepoint: 18600 ns, Total: 175800 ns
[2020-09-30T10:51:58.625+0000][16584][safepoint    ] Safepoint "Cleanup", Time since last: 1320646777400 ns, Reaching safepoint: 9654200 ns, At safepoint: 9700 ns, Total: 9663900 ns
[2020-09-30T10:55:28.747+0000][16584][safepoint    ] Safepoint "Cleanup", Time since last: 210102077800 ns, Reaching safepoint: 653700 ns, At safepoint: 53000 ns, Total: 706700 ns
[2020-09-30T10:56:28.783+0000][16584][safepoint    ] Safepoint "Cleanup", Time since last: 60029909200 ns, Reaching safepoint: 122600 ns, At safepoint: 5500 ns, Total: 128100 ns
[2020-09-30T11:04:53.573+0000][16584][gc,start     ] GC(423) Pause Young (Normal) (G1 Evacuation Pause)
[2020-09-30T11:04:53.573+0000][16584][gc,task      ] GC(423) Using 8 workers of 8 for evacuation
[2020-09-30T11:04:53.574+0000][16584][gc,age       ] GC(423) Desired survivor size 33030144 bytes, new threshold 15 (max threshold 15)
[2020-09-30T11:04:53.613+0000][16584][gc,age       ] GC(423) Age table with threshold 15 (max threshold 15)
[2020-09-30T11:04:53.613+0000][16584][gc,age       ] GC(423) - age   1:       6544 bytes,       6544 total
[2020-09-30T11:04:53.613+0000][16584][gc,age       ] GC(423) - age   2:       3560 bytes,      10104 total
[2020-09-30T11:04:53.613+0000][16584][gc,age       ] GC(423) - age   3:     108376 bytes,     118480 total
[2020-09-30T11:04:53.614+0000][16584][gc,age       ] GC(423) - age   4:       6096 bytes,     124576 total
[2020-09-30T11:04:53.614+0000][16584][gc,age       ] GC(423) - age   5:       2912 bytes,     127488 total
[2020-09-30T11:04:53.614+0000][16584][gc,age       ] GC(423) - age   6:       2352 bytes,     129840 total
[2020-09-30T11:04:53.614+0000][16584][gc,age       ] GC(423) - age   7:       1096 bytes,     130936 total
[2020-09-30T11:04:53.614+0000][16584][gc,age       ] GC(423) - age   8:       5904 bytes,     136840 total
[2020-09-30T11:04:53.614+0000][16584][gc,age       ] GC(423) - age   9:        952 bytes,     137792 total
[2020-09-30T11:04:53.614+0000][16584][gc,age       ] GC(423) - age  10:       3080 bytes,     140872 total
[2020-09-30T11:04:53.614+0000][16584][gc,age       ] GC(423) - age  11:       1000 bytes,     141872 total
[2020-09-30T11:04:53.614+0000][16584][gc,age       ] GC(423) - age  12:        352 bytes,     142224 total
[2020-09-30T11:04:53.614+0000][16584][gc,age       ] GC(423) - age  13:       4296 bytes,     146520 total
[2020-09-30T11:04:53.614+0000][16584][gc,age       ] GC(423) - age  14:       5384 bytes,     151904 total
[2020-09-30T11:04:53.614+0000][16584][gc,age       ] GC(423) - age  15:       5016 bytes,     156920 total
[2020-09-30T11:04:53.614+0000][16584][gc,phases    ] GC(423)   Pre Evacuate Collection Set: 2.1ms
[2020-09-30T11:04:53.614+0000][16584][gc,phases    ] GC(423)   Merge Heap Roots: 0.3ms
[2020-09-30T11:04:53.614+0000][16584][gc,phases    ] GC(423)   Evacuate Collection Set: 28.0ms
[2020-09-30T11:04:53.614+0000][16584][gc,phases    ] GC(423)   Post Evacuate Collection Set: 7.5ms
[2020-09-30T11:04:53.614+0000][16584][gc,phases    ] GC(423)   Other: 3.7ms
[2020-09-30T11:04:53.614+0000][16584][gc,heap      ] GC(423) Eden regions: 499->0(502)
[2020-09-30T11:04:53.614+0000][16584][gc,heap      ] GC(423) Survivor regions: 1->1(63)
[2020-09-30T11:04:53.614+0000][16584][gc,heap      ] GC(423) Old regions: 80->80
[2020-09-30T11:04:53.615+0000][16584][gc,heap      ] GC(423) Archive regions: 0->0
[2020-09-30T11:04:53.615+0000][16584][gc,heap      ] GC(423) Humongous regions: 174->174
[2020-09-30T11:04:53.615+0000][16584][gc,metaspace ] GC(423) Metaspace: 89565K(95744K)->89565K(95744K) NonClass: 78238K(81920K)->78238K(81920K) Class: 11327K(13824K)->11327K(13824K)
[2020-09-30T11:04:53.616+0000][16584][gc           ] GC(423) Pause Young (Normal) (G1 Evacuation Pause) 752M->253M(1024M) 42.932ms
[2020-09-30T11:04:53.616+0000][16584][gc,cpu       ] GC(423) User=0.03s Sys=0.11s Real=0.04s
[2020-09-30T11:04:53.616+0000][16584][safepoint    ] Safepoint "G1CollectForAllocation", Time since last: 504749136400 ns, Reaching safepoint: 3141300 ns, At safepoint: 43255800 ns, Total: 46397100 ns
[2020-09-30T11:10:04.798+0000][16584][safepoint    ] Safepoint "Cleanup", Time since last: 311163077500 ns, Reaching safepoint: 183400 ns, At safepoint: 5200 ns, Total: 188600 ns
[2020-09-30T11:12:55.879+0000][16584][safepoint    ] Safepoint "Cleanup", Time since last: 171071519500 ns, Reaching safepoint: 196400 ns, At safepoint: 10700 ns, Total: 207100 ns
[2020-09-30T11:22:58.181+0000][16584][safepoint    ] Safepoint "Cleanup", Time since last: 602275402900 ns, Reaching safepoint: 1351800 ns, At safepoint: 35300 ns, Total: 1387100 ns
[2020-09-30T11:25:28.267+0000][16584][safepoint    ] Safepoint "Cleanup", Time since last: 150079822000 ns, Reaching safepoint: 180800 ns, At safepoint: 10100 ns, Total: 190900 ns
[2020-09-30T11:32:25.504+0000][16584][safepoint    ] Safepoint "Cleanup", Time since last: 417224147600 ns, Reaching safepoint: 151600 ns, At safepoint: 5500 ns, Total: 157100 ns
[2020-09-30T11:33:20.978+0000][16584][safepoint    ] Safepoint "BulkRevokeBias", Time since last: 55445341900 ns, Reaching safepoint: 3076000 ns, At safepoint: 23901100 ns, Total: 26977100 ns
