[2020-09-29T09:55:36.951+0000][7792][gc,heap] Heap region size: 1M
[2020-09-29T09:55:36.951+0000][7792][gc,heap,coops] Heap address: 0x00000000c0000000, size: 1024 MB, Compressed Oops mode: 32-bit
[2020-09-29T09:55:37.775+0000][7792][gc           ] Using G1
[2020-09-29T09:55:37.817+0000][7792][gc           ] Periodic GC disabled
[2020-09-29T09:55:38.972+0000][7792][safepoint    ] Safepoint "Cleanup", Time since last: 1178584500 ns, Reaching safepoint: 187900 ns, At safepoint: 33100 ns, Total: 221000 ns
[2020-09-29T09:55:40.054+0000][7792][safepoint    ] Safepoint "Cleanup", Time since last: 1080876500 ns, Reaching safepoint: 202600 ns, At safepoint: 22500 ns, Total: 225100 ns
[2020-09-29T09:55:40.566+0000][7792][gc,start     ] GC(0) Pause Young (Normal) (G1 Evacuation Pause)
[2020-09-29T09:55:40.566+0000][7792][gc,task      ] GC(0) Using 8 workers of 8 for evacuation
[2020-09-29T09:55:40.566+0000][7792][gc,age       ] GC(0) Desired survivor size 3670016 bytes, new threshold 15 (max threshold 15)
[2020-09-29T09:55:40.572+0000][7792][gc,age       ] GC(0) Age table with threshold 15 (max threshold 15)
[2020-09-29T09:55:40.572+0000][7792][gc,age       ] GC(0) - age   1:    5095832 bytes,    5095832 total
[2020-09-29T09:55:40.572+0000][7792][gc,phases    ] GC(0)   Pre Evacuate Collection Set: 0.2ms
[2020-09-29T09:55:40.572+0000][7792][gc,phases    ] GC(0)   Merge Heap Roots: 0.1ms
[2020-09-29T09:55:40.572+0000][7792][gc,phases    ] GC(0)   Evacuate Collection Set: 4.1ms
[2020-09-29T09:55:40.572+0000][7792][gc,phases    ] GC(0)   Post Evacuate Collection Set: 0.9ms
[2020-09-29T09:55:40.572+0000][7792][gc,phases    ] GC(0)   Other: 1.3ms
[2020-09-29T09:55:40.572+0000][7792][gc,heap      ] GC(0) Eden regions: 51->0(56)
[2020-09-29T09:55:40.572+0000][7792][gc,heap      ] GC(0) Survivor regions: 0->5(7)
[2020-09-29T09:55:40.572+0000][7792][gc,heap      ] GC(0) Old regions: 0->0
[2020-09-29T09:55:40.572+0000][7792][gc,heap      ] GC(0) Archive regions: 0->0
[2020-09-29T09:55:40.572+0000][7792][gc,heap      ] GC(0) Humongous regions: 1->1
[2020-09-29T09:55:40.572+0000][7792][gc,metaspace ] GC(0) Metaspace: 12479K(13056K)->12479K(13056K) NonClass: 10955K(11264K)->10955K(11264K) Class: 1524K(1792K)->1524K(1792K)
[2020-09-29T09:55:40.572+0000][7792][gc           ] GC(0) Pause Young (Normal) (G1 Evacuation Pause) 52M->5M(1024M) 6.905ms
[2020-09-29T09:55:40.572+0000][7792][gc,cpu       ] GC(0) User=0.00s Sys=0.00s Real=0.01s
[2020-09-29T09:55:40.573+0000][7792][safepoint    ] Safepoint "G1CollectForAllocation", Time since last: 511876300 ns, Reaching safepoint: 152600 ns, At safepoint: 7127000 ns, Total: 7279600 ns
[2020-09-29T09:55:41.135+0000][7792][safepoint    ] Safepoint "BulkRevokeBias", Time since last: 561711600 ns, Reaching safepoint: 195300 ns, At safepoint: 102500 ns, Total: 297800 ns
[2020-09-29T09:55:41.639+0000][7792][gc,start     ] GC(1) Pause Young (Normal) (G1 Evacuation Pause)
[2020-09-29T09:55:41.639+0000][7792][gc,task      ] GC(1) Using 8 workers of 8 for evacuation
[2020-09-29T09:55:41.639+0000][7792][gc,age       ] GC(1) Desired survivor size 4194304 bytes, new threshold 1 (max threshold 15)
[2020-09-29T09:55:41.648+0000][7792][gc,age       ] GC(1) Age table with threshold 1 (max threshold 15)
[2020-09-29T09:55:41.648+0000][7792][gc,age       ] GC(1) - age   1:    2991648 bytes,    2991648 total
[2020-09-29T09:55:41.648+0000][7792][gc,phases    ] GC(1)   Pre Evacuate Collection Set: 0.2ms
[2020-09-29T09:55:41.648+0000][7792][gc,phases    ] GC(1)   Merge Heap Roots: 0.1ms
[2020-09-29T09:55:41.648+0000][7792][gc,phases    ] GC(1)   Evacuate Collection Set: 7.1ms
[2020-09-29T09:55:41.648+0000][7792][gc,phases    ] GC(1)   Post Evacuate Collection Set: 0.9ms
[2020-09-29T09:55:41.648+0000][7792][gc,phases    ] GC(1)   Other: 0.5ms
[2020-09-29T09:55:41.648+0000][7792][gc,heap      ] GC(1) Eden regions: 56->0(610)
[2020-09-29T09:55:41.648+0000][7792][gc,heap      ] GC(1) Survivor regions: 5->4(8)
[2020-09-29T09:55:41.648+0000][7792][gc,heap      ] GC(1) Old regions: 0->5
[2020-09-29T09:55:41.648+0000][7792][gc,heap      ] GC(1) Archive regions: 0->0
[2020-09-29T09:55:41.648+0000][7792][gc,heap      ] GC(1) Humongous regions: 1->1
[2020-09-29T09:55:41.649+0000][7792][gc,metaspace ] GC(1) Metaspace: 14336K(14976K)->14336K(14976K) NonClass: 12621K(13056K)->12621K(13056K) Class: 1714K(1920K)->1714K(1920K)
[2020-09-29T09:55:41.649+0000][7792][gc           ] GC(1) Pause Young (Normal) (G1 Evacuation Pause) 61M->9M(1024M) 9.477ms
[2020-09-29T09:55:41.649+0000][7792][gc,cpu       ] GC(1) User=0.00s Sys=0.00s Real=0.01s
[2020-09-29T09:55:41.649+0000][7792][safepoint    ] Safepoint "G1CollectForAllocation", Time since last: 504510000 ns, Reaching safepoint: 130400 ns, At safepoint: 9700300 ns, Total: 9830700 ns
[2020-09-29T09:55:41.650+0000][7792][safepoint    ] Safepoint "BulkRevokeBias", Time since last: 456500 ns, Reaching safepoint: 82000 ns, At safepoint: 268700 ns, Total: 350700 ns
[2020-09-29T09:55:42.798+0000][7792][safepoint    ] Safepoint "ICBufferFull", Time since last: 1147686900 ns, Reaching safepoint: 289100 ns, At safepoint: 29700 ns, Total: 318800 ns
[2020-09-29T09:55:43.945+0000][7792][safepoint    ] Safepoint "Cleanup", Time since last: 1146291800 ns, Reaching safepoint: 228800 ns, At safepoint: 24500 ns, Total: 253300 ns
[2020-09-29T09:55:44.401+0000][7792][gc,start     ] GC(2) Pause Young (Concurrent Start) (Metadata GC Threshold)
[2020-09-29T09:55:44.402+0000][7792][gc,task      ] GC(2) Using 8 workers of 8 for evacuation
[2020-09-29T09:55:44.402+0000][7792][gc,age       ] GC(2) Desired survivor size 40370176 bytes, new threshold 15 (max threshold 15)
[2020-09-29T09:55:44.412+0000][7792][gc,age       ] GC(2) Age table with threshold 15 (max threshold 15)
[2020-09-29T09:55:44.412+0000][7792][gc,age       ] GC(2) - age   1:    5772376 bytes,    5772376 total
[2020-09-29T09:55:44.412+0000][7792][gc,age       ] GC(2) - age   2:    1069192 bytes,    6841568 total
[2020-09-29T09:55:44.412+0000][7792][gc,phases    ] GC(2)   Pre Evacuate Collection Set: 0.2ms
[2020-09-29T09:55:44.412+0000][7792][gc,phases    ] GC(2)   Merge Heap Roots: 0.1ms
[2020-09-29T09:55:44.412+0000][7792][gc,phases    ] GC(2)   Evacuate Collection Set: 7.6ms
[2020-09-29T09:55:44.412+0000][7792][gc,phases    ] GC(2)   Post Evacuate Collection Set: 1.3ms
[2020-09-29T09:55:44.412+0000][7792][gc,phases    ] GC(2)   Other: 1.2ms
[2020-09-29T09:55:44.412+0000][7792][gc,heap      ] GC(2) Eden regions: 305->0(451)
[2020-09-29T09:55:44.412+0000][7792][gc,heap      ] GC(2) Survivor regions: 4->7(77)
[2020-09-29T09:55:44.412+0000][7792][gc,heap      ] GC(2) Old regions: 5->5
[2020-09-29T09:55:44.412+0000][7792][gc,heap      ] GC(2) Archive regions: 0->0
[2020-09-29T09:55:44.412+0000][7792][gc,heap      ] GC(2) Humongous regions: 1->1
[2020-09-29T09:55:44.412+0000][7792][gc,metaspace ] GC(2) Metaspace: 20233K(21248K)->20233K(21248K) NonClass: 17837K(18432K)->17837K(18432K) Class: 2395K(2816K)->2395K(2816K)
[2020-09-29T09:55:44.412+0000][7792][gc           ] GC(2) Pause Young (Concurrent Start) (Metadata GC Threshold) 313M->12M(1024M) 10.860ms
[2020-09-29T09:55:44.412+0000][7792][gc,cpu       ] GC(2) User=0.11s Sys=0.00s Real=0.01s
[2020-09-29T09:55:44.412+0000][7792][gc           ] GC(3) Concurrent Cycle
[2020-09-29T09:55:44.413+0000][7792][gc,marking   ] GC(3) Concurrent Clear Claimed Marks
[2020-09-29T09:55:44.413+0000][7792][gc,marking   ] GC(3) Concurrent Clear Claimed Marks 0.086ms
[2020-09-29T09:55:44.413+0000][7792][gc,marking   ] GC(3) Concurrent Scan Root Regions
[2020-09-29T09:55:44.413+0000][7792][safepoint    ] Safepoint "CollectForMetadataAllocation", Time since last: 457055600 ns, Reaching safepoint: 113900 ns, At safepoint: 11301000 ns, Total: 11414900 ns
[2020-09-29T09:55:44.420+0000][7792][gc,marking   ] GC(3) Concurrent Scan Root Regions 7.107ms
[2020-09-29T09:55:44.420+0000][7792][gc,marking   ] GC(3) Concurrent Mark (7.523s)
[2020-09-29T09:55:44.420+0000][7792][gc,marking   ] GC(3) Concurrent Mark From Roots
[2020-09-29T09:55:44.420+0000][7792][gc,task      ] GC(3) Using 2 workers of 2 for marking
[2020-09-29T09:55:44.425+0000][7792][safepoint    ] Safepoint "BulkRevokeBias", Time since last: 9188600 ns, Reaching safepoint: 2971300 ns, At safepoint: 512900 ns, Total: 3484200 ns
[2020-09-29T09:55:44.430+0000][7792][safepoint    ] Safepoint "BulkRevokeBias", Time since last: 2319200 ns, Reaching safepoint: 2256000 ns, At safepoint: 326200 ns, Total: 2582200 ns
[2020-09-29T09:55:44.432+0000][7792][safepoint    ] Safepoint "BulkRevokeBias", Time since last: 281300 ns, Reaching safepoint: 577100 ns, At safepoint: 1096400 ns, Total: 1673500 ns
[2020-09-29T09:55:44.441+0000][7792][gc,marking   ] GC(3) Concurrent Mark From Roots 20.825ms
[2020-09-29T09:55:44.441+0000][7792][gc,marking   ] GC(3) Concurrent Preclean
[2020-09-29T09:55:44.441+0000][7792][gc,marking   ] GC(3) Concurrent Preclean 0.331ms
[2020-09-29T09:55:44.441+0000][7792][gc,marking   ] GC(3) Concurrent Mark (7.523s, 7.544s) 21.379ms
[2020-09-29T09:55:44.445+0000][7792][gc,start     ] GC(3) Pause Remark
[2020-09-29T09:55:44.447+0000][7792][gc           ] GC(3) Pause Remark 13M->13M(1024M) 2.659ms
[2020-09-29T09:55:44.447+0000][7792][gc,cpu       ] GC(3) User=0.00s Sys=0.00s Real=0.00s
[2020-09-29T09:55:44.448+0000][7792][safepoint    ] Safepoint "G1Concurrent", Time since last: 9140600 ns, Reaching safepoint: 3269000 ns, At safepoint: 3162400 ns, Total: 6431400 ns
[2020-09-29T09:55:44.448+0000][7792][gc,marking   ] GC(3) Concurrent Rebuild Remembered Sets
[2020-09-29T09:55:44.453+0000][7792][gc,marking   ] GC(3) Concurrent Rebuild Remembered Sets 5.301ms
[2020-09-29T09:55:44.455+0000][7792][gc,start     ] GC(3) Pause Cleanup
[2020-09-29T09:55:44.455+0000][7792][gc           ] GC(3) Pause Cleanup 13M->13M(1024M) 0.309ms
[2020-09-29T09:55:44.455+0000][7792][gc,cpu       ] GC(3) User=0.00s Sys=0.00s Real=0.00s
[2020-09-29T09:55:44.458+0000][7792][safepoint    ] Safepoint "G1Concurrent", Time since last: 5528800 ns, Reaching safepoint: 1662600 ns, At safepoint: 3120500 ns, Total: 4783100 ns
[2020-09-29T09:55:44.458+0000][7792][gc,marking   ] GC(3) Concurrent Cleanup for Next Mark
[2020-09-29T09:55:44.461+0000][7792][gc,marking   ] GC(3) Concurrent Cleanup for Next Mark 2.792ms
[2020-09-29T09:55:44.461+0000][7792][gc           ] GC(3) Concurrent Cycle 49.014ms
[2020-09-29T09:55:45.666+0000][7792][safepoint    ] Safepoint "Cleanup", Time since last: 1206989700 ns, Reaching safepoint: 184100 ns, At safepoint: 19800 ns, Total: 203900 ns
[2020-09-29T09:55:46.114+0000][7792][gc,start     ] GC(4) Pause Young (Normal) (G1 Evacuation Pause)
[2020-09-29T09:55:46.114+0000][7792][gc,task      ] GC(4) Using 8 workers of 8 for evacuation
[2020-09-29T09:55:46.114+0000][7792][gc,age       ] GC(4) Desired survivor size 32505856 bytes, new threshold 15 (max threshold 15)
[2020-09-29T09:55:46.121+0000][7792][gc,age       ] GC(4) Age table with threshold 15 (max threshold 15)
[2020-09-29T09:55:46.121+0000][7792][gc,age       ] GC(4) - age   1:    3734536 bytes,    3734536 total
[2020-09-29T09:55:46.121+0000][7792][gc,age       ] GC(4) - age   2:    5713784 bytes,    9448320 total
[2020-09-29T09:55:46.121+0000][7792][gc,age       ] GC(4) - age   3:    1068872 bytes,   10517192 total
[2020-09-29T09:55:46.121+0000][7792][gc,phases    ] GC(4)   Pre Evacuate Collection Set: 0.1ms
[2020-09-29T09:55:46.121+0000][7792][gc,phases    ] GC(4)   Merge Heap Roots: 0.1ms
[2020-09-29T09:55:46.121+0000][7792][gc,phases    ] GC(4)   Evacuate Collection Set: 5.5ms
[2020-09-29T09:55:46.121+0000][7792][gc,phases    ] GC(4)   Post Evacuate Collection Set: 0.9ms
[2020-09-29T09:55:46.121+0000][7792][gc,phases    ] GC(4)   Other: 0.5ms
[2020-09-29T09:55:46.121+0000][7792][gc,heap      ] GC(4) Eden regions: 482->0(603)
[2020-09-29T09:55:46.121+0000][7792][gc,heap      ] GC(4) Survivor regions: 7->11(62)
[2020-09-29T09:55:46.121+0000][7792][gc,heap      ] GC(4) Old regions: 5->5
[2020-09-29T09:55:46.121+0000][7792][gc,heap      ] GC(4) Archive regions: 0->0
[2020-09-29T09:55:46.121+0000][7792][gc,heap      ] GC(4) Humongous regions: 2->1
[2020-09-29T09:55:46.121+0000][7792][gc,metaspace ] GC(4) Metaspace: 22137K(23552K)->22137K(23552K) NonClass: 19514K(20480K)->19514K(20480K) Class: 2622K(3072K)->2622K(3072K)
[2020-09-29T09:55:46.121+0000][7792][gc           ] GC(4) Pause Young (Normal) (G1 Evacuation Pause) 495M->16M(1024M) 7.362ms
[2020-09-29T09:55:46.121+0000][7792][gc,cpu       ] GC(4) User=0.00s Sys=0.00s Real=0.01s
[2020-09-29T09:55:46.121+0000][7792][safepoint    ] Safepoint "G1CollectForAllocation", Time since last: 448276500 ns, Reaching safepoint: 78500 ns, At safepoint: 7486000 ns, Total: 7564500 ns
[2020-09-29T09:55:46.125+0000][7792][safepoint    ] Safepoint "BulkRevokeBias", Time since last: 3246300 ns, Reaching safepoint: 49500 ns, At safepoint: 95300 ns, Total: 144800 ns
[2020-09-29T09:55:46.125+0000][7792][safepoint    ] Safepoint "BulkRevokeBias", Time since last: 96300 ns, Reaching safepoint: 68800 ns, At safepoint: 68900 ns, Total: 137700 ns
[2020-09-29T09:55:47.238+0000][7792][safepoint    ] Safepoint "Cleanup", Time since last: 1112528700 ns, Reaching safepoint: 107700 ns, At safepoint: 2900 ns, Total: 110600 ns
[2020-09-29T09:55:48.190+0000][7792][safepoint    ] Safepoint "ICBufferFull", Time since last: 952031800 ns, Reaching safepoint: 247300 ns, At safepoint: 4400 ns, Total: 251700 ns
[2020-09-29T09:55:49.191+0000][7792][safepoint    ] Safepoint "Cleanup", Time since last: 1000439500 ns, Reaching safepoint: 556300 ns, At safepoint: 10900 ns, Total: 567200 ns
[2020-09-29T09:55:50.192+0000][7792][safepoint    ] Safepoint "Cleanup", Time since last: 1000598700 ns, Reaching safepoint: 170500 ns, At safepoint: 24200 ns, Total: 194700 ns
[2020-09-29T09:55:50.764+0000][7792][gc,start     ] GC(5) Pause Young (Concurrent Start) (Metadata GC Threshold)
[2020-09-29T09:55:50.764+0000][7792][gc,task      ] GC(5) Using 8 workers of 8 for evacuation
[2020-09-29T09:55:50.764+0000][7792][gc,age       ] GC(5) Desired survivor size 40370176 bytes, new threshold 15 (max threshold 15)
[2020-09-29T09:55:50.804+0000][7792][gc,age       ] GC(5) Age table with threshold 15 (max threshold 15)
[2020-09-29T09:55:50.804+0000][7792][gc,age       ] GC(5) - age   1:   36476720 bytes,   36476720 total
[2020-09-29T09:55:50.804+0000][7792][gc,age       ] GC(5) - age   2:    3441056 bytes,   39917776 total
[2020-09-29T09:55:50.804+0000][7792][gc,age       ] GC(5) - age   3:    5662736 bytes,   45580512 total
[2020-09-29T09:55:50.804+0000][7792][gc,age       ] GC(5) - age   4:    1035408 bytes,   46615920 total
[2020-09-29T09:55:50.804+0000][7792][gc,phases    ] GC(5)   Pre Evacuate Collection Set: 0.2ms
[2020-09-29T09:55:50.804+0000][7792][gc,phases    ] GC(5)   Merge Heap Roots: 0.1ms
[2020-09-29T09:55:50.804+0000][7792][gc,phases    ] GC(5)   Evacuate Collection Set: 37.9ms
[2020-09-29T09:55:50.804+0000][7792][gc,phases    ] GC(5)   Post Evacuate Collection Set: 1.6ms
[2020-09-29T09:55:50.804+0000][7792][gc,phases    ] GC(5)   Other: 0.7ms
[2020-09-29T09:55:50.804+0000][7792][gc,heap      ] GC(5) Eden regions: 280->0(568)
[2020-09-29T09:55:50.804+0000][7792][gc,heap      ] GC(5) Survivor regions: 11->46(77)
[2020-09-29T09:55:50.804+0000][7792][gc,heap      ] GC(5) Old regions: 5->5
[2020-09-29T09:55:50.804+0000][7792][gc,heap      ] GC(5) Archive regions: 0->0
[2020-09-29T09:55:50.805+0000][7792][gc,heap      ] GC(5) Humongous regions: 1->1
[2020-09-29T09:55:50.805+0000][7792][gc,metaspace ] GC(5) Metaspace: 33514K(35840K)->33514K(35840K) NonClass: 29248K(30720K)->29248K(30720K) Class: 4266K(5120K)->4266K(5120K)
[2020-09-29T09:55:50.805+0000][7792][gc           ] GC(5) Pause Young (Concurrent Start) (Metadata GC Threshold) 295M->51M(1024M) 40.828ms
[2020-09-29T09:55:50.805+0000][7792][gc,cpu       ] GC(5) User=0.20s Sys=0.00s Real=0.04s
[2020-09-29T09:55:50.805+0000][7792][gc           ] GC(6) Concurrent Cycle
[2020-09-29T09:55:50.805+0000][7792][gc,marking   ] GC(6) Concurrent Clear Claimed Marks
[2020-09-29T09:55:50.805+0000][7792][gc,marking   ] GC(6) Concurrent Clear Claimed Marks 0.101ms
[2020-09-29T09:55:50.805+0000][7792][gc,marking   ] GC(6) Concurrent Scan Root Regions
[2020-09-29T09:55:50.805+0000][7792][safepoint    ] Safepoint "CollectForMetadataAllocation", Time since last: 571909300 ns, Reaching safepoint: 109700 ns, At safepoint: 41212500 ns, Total: 41322200 ns
[2020-09-29T09:55:50.831+0000][7792][gc,marking   ] GC(6) Concurrent Scan Root Regions 26.504ms
[2020-09-29T09:55:50.831+0000][7792][gc,marking   ] GC(6) Concurrent Mark (13.934s)
[2020-09-29T09:55:50.832+0000][7792][gc,marking   ] GC(6) Concurrent Mark From Roots
[2020-09-29T09:55:50.832+0000][7792][gc,task      ] GC(6) Using 2 workers of 2 for marking
[2020-09-29T09:55:50.839+0000][7792][gc,marking   ] GC(6) Concurrent Mark From Roots 7.094ms
[2020-09-29T09:55:50.839+0000][7792][gc,marking   ] GC(6) Concurrent Preclean
[2020-09-29T09:55:50.839+0000][7792][gc,marking   ] GC(6) Concurrent Preclean 0.258ms
[2020-09-29T09:55:50.839+0000][7792][gc,marking   ] GC(6) Concurrent Mark (13.934s, 13.942s) 7.548ms
[2020-09-29T09:55:50.839+0000][7792][gc,start     ] GC(6) Pause Remark
[2020-09-29T09:55:50.841+0000][7792][gc           ] GC(6) Pause Remark 53M->53M(1024M) 2.032ms
[2020-09-29T09:55:50.841+0000][7792][gc,cpu       ] GC(6) User=0.00s Sys=0.00s Real=0.00s
[2020-09-29T09:55:50.841+0000][7792][safepoint    ] Safepoint "G1Concurrent", Time since last: 34165200 ns, Reaching safepoint: 78100 ns, At safepoint: 2169500 ns, Total: 2247600 ns
[2020-09-29T09:55:50.841+0000][7792][gc,marking   ] GC(6) Concurrent Rebuild Remembered Sets
[2020-09-29T09:55:50.846+0000][7792][gc,marking   ] GC(6) Concurrent Rebuild Remembered Sets 5.022ms
[2020-09-29T09:55:50.847+0000][7792][gc,start     ] GC(6) Pause Cleanup
[2020-09-29T09:55:50.847+0000][7792][gc           ] GC(6) Pause Cleanup 55M->55M(1024M) 0.225ms
[2020-09-29T09:55:50.847+0000][7792][gc,cpu       ] GC(6) User=0.00s Sys=0.00s Real=0.00s
[2020-09-29T09:55:50.847+0000][7792][safepoint    ] Safepoint "G1Concurrent", Time since last: 5284600 ns, Reaching safepoint: 362200 ns, At safepoint: 347100 ns, Total: 709300 ns
[2020-09-29T09:55:50.847+0000][7792][gc,marking   ] GC(6) Concurrent Cleanup for Next Mark
[2020-09-29T09:55:50.849+0000][7792][gc,marking   ] GC(6) Concurrent Cleanup for Next Mark 1.882ms
[2020-09-29T09:55:50.849+0000][7792][gc           ] GC(6) Concurrent Cycle 44.772ms
[2020-09-29T09:55:52.119+0000][7792][safepoint    ] Safepoint "ICBufferFull", Time since last: 1271683900 ns, Reaching safepoint: 183800 ns, At safepoint: 25600 ns, Total: 209400 ns
[2020-09-29T09:55:53.120+0000][7792][safepoint    ] Safepoint "Cleanup", Time since last: 1000644400 ns, Reaching safepoint: 187500 ns, At safepoint: 22300 ns, Total: 209800 ns
[2020-09-29T09:55:53.251+0000][7792][safepoint    ] Safepoint "ICBufferFull", Time since last: 130159900 ns, Reaching safepoint: 228800 ns, At safepoint: 5400 ns, Total: 234200 ns
[2020-09-29T09:55:53.782+0000][7792][safepoint    ] Safepoint "BulkRevokeBias", Time since last: 529817100 ns, Reaching safepoint: 316800 ns, At safepoint: 609500 ns, Total: 926300 ns
[2020-09-29T09:55:53.959+0000][7792][safepoint    ] Safepoint "BulkRevokeBias", Time since last: 178315200 ns, Reaching safepoint: 127000 ns, At safepoint: 146700 ns, Total: 273700 ns
[2020-09-29T09:55:53.961+0000][7792][safepoint    ] Safepoint "BulkRevokeBias", Time since last: 1228600 ns, Reaching safepoint: 123300 ns, At safepoint: 93800 ns, Total: 217100 ns
[2020-09-29T09:55:53.966+0000][7792][safepoint    ] Safepoint "BulkRevokeBias", Time since last: 4431700 ns, Reaching safepoint: 74100 ns, At safepoint: 160700 ns, Total: 234800 ns
[2020-09-29T09:55:54.972+0000][7792][safepoint    ] Safepoint "Cleanup", Time since last: 1005501700 ns, Reaching safepoint: 571200 ns, At safepoint: 34200 ns, Total: 605400 ns
[2020-09-29T09:55:55.205+0000][7792][gc,start     ] GC(7) Pause Young (Concurrent Start) (Metadata GC Threshold)
[2020-09-29T09:55:55.205+0000][7792][gc,task      ] GC(7) Using 8 workers of 8 for evacuation
[2020-09-29T09:55:55.205+0000][7792][gc,age       ] GC(7) Desired survivor size 40370176 bytes, new threshold 3 (max threshold 15)
[2020-09-29T09:55:55.248+0000][7792][gc,age       ] GC(7) Age table with threshold 3 (max threshold 15)
[2020-09-29T09:55:55.248+0000][7792][gc,age       ] GC(7) - age   1:    8774952 bytes,    8774952 total
[2020-09-29T09:55:55.249+0000][7792][gc,age       ] GC(7) - age   2:   36080920 bytes,   44855872 total
[2020-09-29T09:55:55.249+0000][7792][gc,age       ] GC(7) - age   3:    3387664 bytes,   48243536 total
[2020-09-29T09:55:55.249+0000][7792][gc,phases    ] GC(7)   Pre Evacuate Collection Set: 0.3ms
[2020-09-29T09:55:55.249+0000][7792][gc,phases    ] GC(7)   Merge Heap Roots: 0.1ms
[2020-09-29T09:55:55.249+0000][7792][gc,phases    ] GC(7)   Evacuate Collection Set: 40.8ms
[2020-09-29T09:55:55.249+0000][7792][gc,phases    ] GC(7)   Post Evacuate Collection Set: 1.9ms
[2020-09-29T09:55:55.249+0000][7792][gc,phases    ] GC(7)   Other: 0.6ms
[2020-09-29T09:55:55.249+0000][7792][gc,heap      ] GC(7) Eden regions: 249->0(181)
[2020-09-29T09:55:55.249+0000][7792][gc,heap      ] GC(7) Survivor regions: 46->49(77)
[2020-09-29T09:55:55.249+0000][7792][gc,heap      ] GC(7) Old regions: 5->12
[2020-09-29T09:55:55.249+0000][7792][gc,heap      ] GC(7) Archive regions: 0->0
[2020-09-29T09:55:55.249+0000][7792][gc,heap      ] GC(7) Humongous regions: 1->1
[2020-09-29T09:55:55.249+0000][7792][gc,metaspace ] GC(7) Metaspace: 56011K(60160K)->56011K(60160K) NonClass: 48353K(50816K)->48353K(50816K) Class: 7657K(9344K)->7657K(9344K)
[2020-09-29T09:55:55.249+0000][7792][gc           ] GC(7) Pause Young (Concurrent Start) (Metadata GC Threshold) 299M->60M(1024M) 44.218ms
[2020-09-29T09:55:55.249+0000][7792][gc,cpu       ] GC(7) User=0.25s Sys=0.02s Real=0.04s
[2020-09-29T09:55:55.249+0000][7792][gc           ] GC(8) Concurrent Cycle
[2020-09-29T09:55:55.249+0000][7792][gc,marking   ] GC(8) Concurrent Clear Claimed Marks
[2020-09-29T09:55:55.249+0000][7792][safepoint    ] Safepoint "CollectForMetadataAllocation", Time since last: 232563300 ns, Reaching safepoint: 101300 ns, At safepoint: 44524200 ns, Total: 44625500 ns
[2020-09-29T09:55:55.250+0000][7792][gc,marking   ] GC(8) Concurrent Clear Claimed Marks 0.252ms
[2020-09-29T09:55:55.250+0000][7792][gc,marking   ] GC(8) Concurrent Scan Root Regions
[2020-09-29T09:55:55.288+0000][7792][gc,marking   ] GC(8) Concurrent Scan Root Regions 39.309ms
[2020-09-29T09:55:55.288+0000][7792][gc,marking   ] GC(8) Concurrent Mark (18.392s)
[2020-09-29T09:55:55.288+0000][7792][gc,marking   ] GC(8) Concurrent Mark From Roots
[2020-09-29T09:55:55.289+0000][7792][gc,task      ] GC(8) Using 2 workers of 2 for marking
[2020-09-29T09:55:55.295+0000][7792][safepoint    ] Safepoint "CollectForMetadataAllocation", Time since last: 46017400 ns, Reaching safepoint: 145100 ns, At safepoint: 208800 ns, Total: 353900 ns
[2020-09-29T09:55:55.299+0000][7792][gc,marking   ] GC(8) Concurrent Mark From Roots 10.730ms
[2020-09-29T09:55:55.299+0000][7792][gc,marking   ] GC(8) Concurrent Preclean
[2020-09-29T09:55:55.300+0000][7792][gc,marking   ] GC(8) Concurrent Preclean 0.285ms
[2020-09-29T09:55:55.300+0000][7792][gc,marking   ] GC(8) Concurrent Mark (18.392s, 18.403s) 11.234ms
[2020-09-29T09:55:55.300+0000][7792][gc,start     ] GC(8) Pause Remark
[2020-09-29T09:55:55.303+0000][7792][gc           ] GC(8) Pause Remark 63M->63M(1024M) 3.268ms
[2020-09-29T09:55:55.303+0000][7792][gc,cpu       ] GC(8) User=0.00s Sys=0.00s Real=0.00s
[2020-09-29T09:55:55.303+0000][7792][safepoint    ] Safepoint "G1Concurrent", Time since last: 4573100 ns, Reaching safepoint: 84800 ns, At safepoint: 3501900 ns, Total: 3586700 ns
[2020-09-29T09:55:55.303+0000][7792][gc,marking   ] GC(8) Concurrent Rebuild Remembered Sets
[2020-09-29T09:55:55.312+0000][7792][gc,marking   ] GC(8) Concurrent Rebuild Remembered Sets 8.964ms
[2020-09-29T09:55:55.314+0000][7792][gc,start     ] GC(8) Pause Cleanup
[2020-09-29T09:55:55.314+0000][7792][gc           ] GC(8) Pause Cleanup 63M->63M(1024M) 0.332ms
[2020-09-29T09:55:55.314+0000][7792][gc,cpu       ] GC(8) User=0.00s Sys=0.00s Real=0.00s
[2020-09-29T09:55:55.314+0000][7792][safepoint    ] Safepoint "G1Concurrent", Time since last: 9196700 ns, Reaching safepoint: 1036700 ns, At safepoint: 493500 ns, Total: 1530200 ns
[2020-09-29T09:55:55.314+0000][7792][gc,marking   ] GC(8) Concurrent Cleanup for Next Mark
[2020-09-29T09:55:55.316+0000][7792][gc,marking   ] GC(8) Concurrent Cleanup for Next Mark 1.846ms
[2020-09-29T09:55:55.316+0000][7792][gc           ] GC(8) Concurrent Cycle 67.494ms
[2020-09-29T09:55:56.345+0000][7792][safepoint    ] Safepoint "ICBufferFull", Time since last: 1029857700 ns, Reaching safepoint: 693500 ns, At safepoint: 18600 ns, Total: 712100 ns
[2020-09-29T09:55:57.069+0000][7792][safepoint    ] Safepoint "BulkRevokeBias", Time since last: 723264500 ns, Reaching safepoint: 179900 ns, At safepoint: 423300 ns, Total: 603200 ns
[2020-09-29T09:55:58.125+0000][7792][safepoint    ] Safepoint "Cleanup", Time since last: 1055504000 ns, Reaching safepoint: 272800 ns, At safepoint: 28800 ns, Total: 301600 ns
[2020-09-29T09:55:59.130+0000][7792][safepoint    ] Safepoint "Cleanup", Time since last: 1005658900 ns, Reaching safepoint: 92800 ns, At safepoint: 21700 ns, Total: 114500 ns
[2020-09-29T09:55:59.133+0000][7792][safepoint    ] Safepoint "BulkRevokeBias", Time since last: 1180100 ns, Reaching safepoint: 156700 ns, At safepoint: 1418200 ns, Total: 1574900 ns
[2020-09-29T09:55:59.134+0000][7792][safepoint    ] Safepoint "BulkRevokeBias", Time since last: 278000 ns, Reaching safepoint: 80000 ns, At safepoint: 436400 ns, Total: 516400 ns
[2020-09-29T09:55:59.135+0000][7792][safepoint    ] Safepoint "BulkRevokeBias", Time since last: 551900 ns, Reaching safepoint: 59500 ns, At safepoint: 416700 ns, Total: 476200 ns
[2020-09-29T09:56:00.108+0000][7792][safepoint    ] Safepoint "BulkRevokeBias", Time since last: 971846900 ns, Reaching safepoint: 107300 ns, At safepoint: 555200 ns, Total: 662500 ns
[2020-09-29T09:56:00.150+0000][7792][safepoint    ] Safepoint "BulkRevokeBias", Time since last: 39573400 ns, Reaching safepoint: 347600 ns, At safepoint: 1978300 ns, Total: 2325900 ns
[2020-09-29T09:56:00.164+0000][7792][safepoint    ] Safepoint "BulkRevokeBias", Time since last: 466700 ns, Reaching safepoint: 265100 ns, At safepoint: 13070000 ns, Total: 13335100 ns
[2020-09-29T09:56:00.166+0000][7792][safepoint    ] Safepoint "BulkRevokeBias", Time since last: 155900 ns, Reaching safepoint: 303900 ns, At safepoint: 2255300 ns, Total: 2559200 ns
[2020-09-29T09:56:00.170+0000][7792][safepoint    ] Safepoint "BulkRevokeBias", Time since last: 139400 ns, Reaching safepoint: 82300 ns, At safepoint: 2957100 ns, Total: 3039400 ns
[2020-09-29T09:56:00.313+0000][7792][safepoint    ] Safepoint "BulkRevokeBias", Time since last: 143775900 ns, Reaching safepoint: 142200 ns, At safepoint: 474800 ns, Total: 617000 ns
[2020-09-29T09:56:00.430+0000][7792][safepoint    ] Safepoint "BulkRevokeBias", Time since last: 116042400 ns, Reaching safepoint: 153200 ns, At safepoint: 473800 ns, Total: 627000 ns
[2020-09-29T09:56:00.596+0000][7792][safepoint    ] Safepoint "BulkRevokeBias", Time since last: 159919300 ns, Reaching safepoint: 3203000 ns, At safepoint: 2301100 ns, Total: 5504100 ns
[2020-09-29T09:56:01.062+0000][7792][safepoint    ] Safepoint "ICBufferFull", Time since last: 466789100 ns, Reaching safepoint: 260900 ns, At safepoint: 13300 ns, Total: 274200 ns
[2020-09-29T09:56:01.162+0000][7792][safepoint    ] Safepoint "BulkRevokeBias", Time since last: 97148100 ns, Reaching safepoint: 156700 ns, At safepoint: 2089400 ns, Total: 2246100 ns
[2020-09-29T09:56:01.653+0000][7792][safepoint    ] Safepoint "BulkRevokeBias", Time since last: 485974700 ns, Reaching safepoint: 2989700 ns, At safepoint: 1849100 ns, Total: 4838800 ns
[2020-09-29T09:56:01.835+0000][7792][gc,start     ] GC(9) Pause Young (Concurrent Start) (G1 Evacuation Pause)
[2020-09-29T09:56:01.835+0000][7792][gc,task      ] GC(9) Using 8 workers of 8 for evacuation
[2020-09-29T09:56:01.835+0000][7792][gc,age       ] GC(9) Desired survivor size 20971520 bytes, new threshold 2 (max threshold 15)
[2020-09-29T09:56:01.889+0000][7792][gc,age       ] GC(9) Age table with threshold 2 (max threshold 15)
[2020-09-29T09:56:01.889+0000][7792][gc,age       ] GC(9) - age   1:    8997568 bytes,    8997568 total
[2020-09-29T09:56:01.889+0000][7792][gc,age       ] GC(9) - age   2:    8267768 bytes,   17265336 total
[2020-09-29T09:56:01.889+0000][7792][gc,phases    ] GC(9)   Pre Evacuate Collection Set: 0.4ms
[2020-09-29T09:56:01.889+0000][7792][gc,phases    ] GC(9)   Merge Heap Roots: 0.1ms
[2020-09-29T09:56:01.889+0000][7792][gc,phases    ] GC(9)   Evacuate Collection Set: 50.6ms
[2020-09-29T09:56:01.889+0000][7792][gc,phases    ] GC(9)   Post Evacuate Collection Set: 2.2ms
[2020-09-29T09:56:01.889+0000][7792][gc,phases    ] GC(9)   Other: 0.6ms
[2020-09-29T09:56:01.889+0000][7792][gc,heap      ] GC(9) Eden regions: 268->0(596)
[2020-09-29T09:56:01.889+0000][7792][gc,heap      ] GC(9) Survivor regions: 49->18(40)
[2020-09-29T09:56:01.889+0000][7792][gc,heap      ] GC(9) Old regions: 12->50
[2020-09-29T09:56:01.889+0000][7792][gc,heap      ] GC(9) Archive regions: 0->0
[2020-09-29T09:56:01.890+0000][7792][gc,heap      ] GC(9) Humongous regions: 18->18
[2020-09-29T09:56:01.890+0000][7792][gc,metaspace ] GC(9) Metaspace: 74025K(79232K)->74025K(79232K) NonClass: 63960K(67072K)->63960K(67072K) Class: 10065K(12160K)->10065K(12160K)
[2020-09-29T09:56:01.890+0000][7792][gc           ] GC(9) Pause Young (Concurrent Start) (G1 Evacuation Pause) 345M->84M(1024M) 54.565ms
[2020-09-29T09:56:01.890+0000][7792][gc,cpu       ] GC(9) User=0.44s Sys=0.00s Real=0.06s
[2020-09-29T09:56:01.890+0000][7792][gc           ] GC(10) Concurrent Cycle
[2020-09-29T09:56:01.890+0000][7792][gc,marking   ] GC(10) Concurrent Clear Claimed Marks
[2020-09-29T09:56:01.890+0000][7792][gc,marking   ] GC(10) Concurrent Clear Claimed Marks 0.336ms
[2020-09-29T09:56:01.890+0000][7792][gc,marking   ] GC(10) Concurrent Scan Root Regions
[2020-09-29T09:56:01.911+0000][7792][safepoint    ] Safepoint "G1CollectForAllocation", Time since last: 182242400 ns, Reaching safepoint: 192500 ns, At safepoint: 75987700 ns, Total: 76180200 ns
[2020-09-29T09:56:01.925+0000][7792][safepoint    ] Safepoint "BulkRevokeBias", Time since last: 7904000 ns, Reaching safepoint: 168800 ns, At safepoint: 5933500 ns, Total: 6102300 ns
[2020-09-29T09:56:01.933+0000][7792][gc,marking   ] GC(10) Concurrent Scan Root Regions 42.893ms
[2020-09-29T09:56:01.933+0000][7792][gc,marking   ] GC(10) Concurrent Mark (25.037s)
[2020-09-29T09:56:01.933+0000][7792][gc,marking   ] GC(10) Concurrent Mark From Roots
[2020-09-29T09:56:01.933+0000][7792][gc,task      ] GC(10) Using 2 workers of 2 for marking
[2020-09-29T09:56:01.953+0000][7792][gc,marking   ] GC(10) Concurrent Mark From Roots 20.123ms
[2020-09-29T09:56:01.954+0000][7792][gc,marking   ] GC(10) Concurrent Preclean
[2020-09-29T09:56:01.954+0000][7792][gc,marking   ] GC(10) Concurrent Preclean 0.310ms
[2020-09-29T09:56:01.954+0000][7792][gc,marking   ] GC(10) Concurrent Mark (25.037s, 25.057s) 20.629ms
[2020-09-29T09:56:01.954+0000][7792][gc,start     ] GC(10) Pause Remark
[2020-09-29T09:56:01.958+0000][7792][gc           ] GC(10) Pause Remark 88M->88M(1024M) 3.274ms
[2020-09-29T09:56:01.958+0000][7792][gc,cpu       ] GC(10) User=0.00s Sys=0.00s Real=0.00s
[2020-09-29T09:56:01.962+0000][7792][safepoint    ] Safepoint "G1Concurrent", Time since last: 28933900 ns, Reaching safepoint: 366900 ns, At safepoint: 7672600 ns, Total: 8039500 ns
[2020-09-29T09:56:01.962+0000][7792][gc,marking   ] GC(10) Concurrent Rebuild Remembered Sets
[2020-09-29T09:56:02.016+0000][7792][gc,marking   ] GC(10) Concurrent Rebuild Remembered Sets 53.592ms
[2020-09-29T09:56:02.021+0000][7792][gc,start     ] GC(10) Pause Cleanup
[2020-09-29T09:56:02.022+0000][7792][gc           ] GC(10) Pause Cleanup 91M->91M(1024M) 0.449ms
[2020-09-29T09:56:02.022+0000][7792][gc,cpu       ] GC(10) User=0.00s Sys=0.00s Real=0.00s
[2020-09-29T09:56:02.024+0000][7792][safepoint    ] Safepoint "G1Concurrent", Time since last: 53871300 ns, Reaching safepoint: 5303000 ns, At safepoint: 2361500 ns, Total: 7664500 ns
[2020-09-29T09:56:02.024+0000][7792][gc,marking   ] GC(10) Concurrent Cleanup for Next Mark
[2020-09-29T09:56:02.026+0000][7792][gc,marking   ] GC(10) Concurrent Cleanup for Next Mark 2.036ms
[2020-09-29T09:56:02.026+0000][7792][gc           ] GC(10) Concurrent Cycle 136.132ms
[2020-09-29T09:56:02.245+0000][7792][safepoint    ] Safepoint "BulkRevokeBias", Time since last: 212349600 ns, Reaching safepoint: 6790400 ns, At safepoint: 2435100 ns, Total: 9225500 ns
[2020-09-29T09:56:02.680+0000][7792][safepoint    ] Safepoint "ICBufferFull", Time since last: 433318200 ns, Reaching safepoint: 507800 ns, At safepoint: 312300 ns, Total: 820100 ns
[2020-09-29T09:56:03.197+0000][7792][safepoint    ] Safepoint "BulkRevokeBias", Time since last: 516098900 ns, Reaching safepoint: 246400 ns, At safepoint: 1194800 ns, Total: 1441200 ns
[2020-09-29T09:56:03.202+0000][7792][safepoint    ] Safepoint "BulkRevokeBias", Time since last: 2796400 ns, Reaching safepoint: 174500 ns, At safepoint: 1530500 ns, Total: 1705000 ns
[2020-09-29T09:56:03.210+0000][7792][safepoint    ] Safepoint "BulkRevokeBias", Time since last: 7314200 ns, Reaching safepoint: 228700 ns, At safepoint: 1401000 ns, Total: 1629700 ns
[2020-09-29T09:56:03.877+0000][7792][safepoint    ] Safepoint "BulkRevokeBias", Time since last: 665430800 ns, Reaching safepoint: 129500 ns, At safepoint: 919900 ns, Total: 1049400 ns
[2020-09-29T09:56:03.878+0000][7792][safepoint    ] Safepoint "BulkRevokeBias", Time since last: 103000 ns, Reaching safepoint: 81300 ns, At safepoint: 914600 ns, Total: 995900 ns
[2020-09-29T09:56:05.070+0000][7792][safepoint    ] Safepoint "Cleanup", Time since last: 1191198000 ns, Reaching safepoint: 118300 ns, At safepoint: 78100 ns, Total: 196400 ns
[2020-09-29T09:56:07.070+0000][7792][safepoint    ] Safepoint "Cleanup", Time since last: 2000159900 ns, Reaching safepoint: 114500 ns, At safepoint: 7500 ns, Total: 122000 ns
[2020-09-29T09:56:07.088+0000][7792][safepoint    ] Safepoint "BulkRevokeBias", Time since last: 17418800 ns, Reaching safepoint: 90000 ns, At safepoint: 745100 ns, Total: 835100 ns
[2020-09-29T09:56:09.089+0000][7792][safepoint    ] Safepoint "Cleanup", Time since last: 2000295500 ns, Reaching safepoint: 115300 ns, At safepoint: 5000 ns, Total: 120300 ns
[2020-09-29T09:56:10.089+0000][7792][safepoint    ] Safepoint "Cleanup", Time since last: 1000238600 ns, Reaching safepoint: 104900 ns, At safepoint: 5800 ns, Total: 110700 ns
[2020-09-29T09:56:11.089+0000][7792][safepoint    ] Safepoint "Cleanup", Time since last: 1000020500 ns, Reaching safepoint: 95700 ns, At safepoint: 6000 ns, Total: 101700 ns
[2020-09-29T09:56:12.090+0000][7792][safepoint    ] Safepoint "Cleanup", Time since last: 1000678500 ns, Reaching safepoint: 106500 ns, At safepoint: 5800 ns, Total: 112300 ns
[2020-09-29T09:56:13.091+0000][7792][safepoint    ] Safepoint "Cleanup", Time since last: 1000649400 ns, Reaching safepoint: 100100 ns, At safepoint: 6700 ns, Total: 106800 ns
[2020-09-29T09:56:14.091+0000][7792][safepoint    ] Safepoint "Cleanup", Time since last: 1000038900 ns, Reaching safepoint: 108900 ns, At safepoint: 6800 ns, Total: 115700 ns
[2020-09-29T09:56:15.091+0000][7792][safepoint    ] Safepoint "Cleanup", Time since last: 1000273300 ns, Reaching safepoint: 110100 ns, At safepoint: 6000 ns, Total: 116100 ns
[2020-09-29T09:56:16.092+0000][7792][safepoint    ] Safepoint "Cleanup", Time since last: 1000693900 ns, Reaching safepoint: 126000 ns, At safepoint: 7700 ns, Total: 133700 ns
[2020-09-29T09:56:17.093+0000][7792][safepoint    ] Safepoint "Cleanup", Time since last: 1000548400 ns, Reaching safepoint: 121300 ns, At safepoint: 7200 ns, Total: 128500 ns
[2020-09-29T09:56:18.093+0000][7792][safepoint    ] Safepoint "Cleanup", Time since last: 1000061000 ns, Reaching safepoint: 117100 ns, At safepoint: 7800 ns, Total: 124900 ns
[2020-09-29T09:56:20.094+0000][7792][safepoint    ] Safepoint "Cleanup", Time since last: 2000888400 ns, Reaching safepoint: 118000 ns, At safepoint: 8000 ns, Total: 126000 ns
[2020-09-29T09:56:21.094+0000][7792][safepoint    ] Safepoint "Cleanup", Time since last: 1000038000 ns, Reaching safepoint: 183300 ns, At safepoint: 11300 ns, Total: 194600 ns
[2020-09-29T09:56:22.095+0000][7792][safepoint    ] Safepoint "Cleanup", Time since last: 1000406400 ns, Reaching safepoint: 130700 ns, At safepoint: 6500 ns, Total: 137200 ns
[2020-09-29T09:56:23.096+0000][7792][safepoint    ] Safepoint "Cleanup", Time since last: 1000681300 ns, Reaching safepoint: 111100 ns, At safepoint: 13100 ns, Total: 124200 ns
[2020-09-29T09:56:24.096+0000][7792][safepoint    ] Safepoint "Cleanup", Time since last: 1000154200 ns, Reaching safepoint: 116600 ns, At safepoint: 8100 ns, Total: 124700 ns
[2020-09-29T09:56:25.097+0000][7792][safepoint    ] Safepoint "Cleanup", Time since last: 1000709600 ns, Reaching safepoint: 133300 ns, At safepoint: 10000 ns, Total: 143300 ns
[2020-09-29T09:56:26.098+0000][7792][safepoint    ] Safepoint "Cleanup", Time since last: 1000540800 ns, Reaching safepoint: 146300 ns, At safepoint: 7000 ns, Total: 153300 ns
[2020-09-29T09:56:27.098+0000][7792][safepoint    ] Safepoint "Cleanup", Time since last: 1000208800 ns, Reaching safepoint: 187400 ns, At safepoint: 8700 ns, Total: 196100 ns
[2020-09-29T09:56:28.098+0000][7792][safepoint    ] Safepoint "Cleanup", Time since last: 1000279000 ns, Reaching safepoint: 150500 ns, At safepoint: 3500 ns, Total: 154000 ns
[2020-09-29T09:56:29.099+0000][7792][safepoint    ] Safepoint "Cleanup", Time since last: 1000634800 ns, Reaching safepoint: 105700 ns, At safepoint: 8500 ns, Total: 114200 ns
[2020-09-29T09:56:31.100+0000][7792][safepoint    ] Safepoint "Cleanup", Time since last: 2000453700 ns, Reaching safepoint: 123500 ns, At safepoint: 6900 ns, Total: 130400 ns
[2020-09-29T09:56:32.431+0000][7792][safepoint    ] Safepoint "Cleanup", Time since last: 1331141500 ns, Reaching safepoint: 161800 ns, At safepoint: 22400 ns, Total: 184200 ns
[2020-09-29T09:56:32.877+0000][7792][safepoint    ] Safepoint "BulkRevokeBias", Time since last: 444412800 ns, Reaching safepoint: 113500 ns, At safepoint: 1558300 ns, Total: 1671800 ns
[2020-09-29T09:56:34.070+0000][7792][safepoint    ] Safepoint "Cleanup", Time since last: 1193064300 ns, Reaching safepoint: 103400 ns, At safepoint: 6600 ns, Total: 110000 ns
[2020-09-29T09:56:35.071+0000][7792][safepoint    ] Safepoint "Cleanup", Time since last: 1000629300 ns, Reaching safepoint: 112800 ns, At safepoint: 7000 ns, Total: 119800 ns
[2020-09-29T09:56:36.072+0000][7792][safepoint    ] Safepoint "Cleanup", Time since last: 1000583200 ns, Reaching safepoint: 153900 ns, At safepoint: 8000 ns, Total: 161900 ns
[2020-09-29T09:56:37.072+0000][7792][safepoint    ] Safepoint "Cleanup", Time since last: 1000205200 ns, Reaching safepoint: 102100 ns, At safepoint: 2700 ns, Total: 104800 ns
[2020-09-29T09:56:38.072+0000][7792][safepoint    ] Safepoint "Cleanup", Time since last: 1000109100 ns, Reaching safepoint: 112700 ns, At safepoint: 7700 ns, Total: 120400 ns
[2020-09-29T09:56:39.073+0000][7792][safepoint    ] Safepoint "Cleanup", Time since last: 1000144800 ns, Reaching safepoint: 101100 ns, At safepoint: 5100 ns, Total: 106200 ns
[2020-09-29T09:56:40.073+0000][7792][safepoint    ] Safepoint "Cleanup", Time since last: 1000541000 ns, Reaching safepoint: 101400 ns, At safepoint: 6700 ns, Total: 108100 ns
[2020-09-29T09:56:41.074+0000][7792][safepoint    ] Safepoint "Cleanup", Time since last: 1000628900 ns, Reaching safepoint: 136700 ns, At safepoint: 19800 ns, Total: 156500 ns
[2020-09-29T09:56:42.075+0000][7792][safepoint    ] Safepoint "Cleanup", Time since last: 1000760000 ns, Reaching safepoint: 124600 ns, At safepoint: 10100 ns, Total: 134700 ns
[2020-09-29T09:56:43.075+0000][7792][safepoint    ] Safepoint "Cleanup", Time since last: 1000024800 ns, Reaching safepoint: 105300 ns, At safepoint: 3800 ns, Total: 109100 ns
[2020-09-29T09:56:44.076+0000][7792][safepoint    ] Safepoint "Cleanup", Time since last: 1000339500 ns, Reaching safepoint: 84500 ns, At safepoint: 4200 ns, Total: 88700 ns
[2020-09-29T09:56:45.076+0000][7792][safepoint    ] Safepoint "Cleanup", Time since last: 1000364100 ns, Reaching safepoint: 96900 ns, At safepoint: 5700 ns, Total: 102600 ns
[2020-09-29T09:56:47.076+0000][7792][safepoint    ] Safepoint "Cleanup", Time since last: 2000244100 ns, Reaching safepoint: 109200 ns, At safepoint: 7500 ns, Total: 116700 ns
[2020-09-29T09:56:48.076+0000][7792][safepoint    ] Safepoint "Cleanup", Time since last: 1000049300 ns, Reaching safepoint: 110800 ns, At safepoint: 5500 ns, Total: 116300 ns
[2020-09-29T09:56:49.077+0000][7792][safepoint    ] Safepoint "Cleanup", Time since last: 1000393100 ns, Reaching safepoint: 109800 ns, At safepoint: 7000 ns, Total: 116800 ns
[2020-09-29T09:56:50.077+0000][7792][safepoint    ] Safepoint "Cleanup", Time since last: 1000052400 ns, Reaching safepoint: 102500 ns, At safepoint: 5100 ns, Total: 107600 ns
[2020-09-29T09:56:52.078+0000][7792][safepoint    ] Safepoint "Cleanup", Time since last: 2000678500 ns, Reaching safepoint: 161800 ns, At safepoint: 7900 ns, Total: 169700 ns
[2020-09-29T09:56:53.078+0000][7792][safepoint    ] Safepoint "Cleanup", Time since last: 1000205700 ns, Reaching safepoint: 101700 ns, At safepoint: 5100 ns, Total: 106800 ns
[2020-09-29T09:56:54.079+0000][7792][safepoint    ] Safepoint "Cleanup", Time since last: 1000611900 ns, Reaching safepoint: 109100 ns, At safepoint: 8100 ns, Total: 117200 ns
[2020-09-29T09:56:55.080+0000][7792][safepoint    ] Safepoint "Cleanup", Time since last: 1000739100 ns, Reaching safepoint: 137300 ns, At safepoint: 7900 ns, Total: 145200 ns
[2020-09-29T09:56:57.080+0000][7792][safepoint    ] Safepoint "Cleanup", Time since last: 1999961500 ns, Reaching safepoint: 172700 ns, At safepoint: 21400 ns, Total: 194100 ns
[2020-09-29T09:56:58.081+0000][7792][safepoint    ] Safepoint "Cleanup", Time since last: 1000314200 ns, Reaching safepoint: 126200 ns, At safepoint: 6200 ns, Total: 132400 ns
[2020-09-29T09:56:59.081+0000][7792][safepoint    ] Safepoint "Cleanup", Time since last: 1000732200 ns, Reaching safepoint: 105700 ns, At safepoint: 7200 ns, Total: 112900 ns
[2020-09-29T09:57:00.082+0000][7792][safepoint    ] Safepoint "Cleanup", Time since last: 1000186400 ns, Reaching safepoint: 115000 ns, At safepoint: 19700 ns, Total: 134700 ns
[2020-09-29T09:57:00.148+0000][7792][safepoint    ] Safepoint "BulkRevokeBias", Time since last: 65064400 ns, Reaching safepoint: 103500 ns, At safepoint: 1467200 ns, Total: 1570700 ns
[2020-09-29T09:57:01.196+0000][7792][safepoint    ] Safepoint "Cleanup", Time since last: 1047941300 ns, Reaching safepoint: 107000 ns, At safepoint: 9100 ns, Total: 116100 ns
[2020-09-29T09:57:02.879+0000][7792][safepoint    ] Safepoint "BulkRevokeBias", Time since last: 1682157700 ns, Reaching safepoint: 69900 ns, At safepoint: 658400 ns, Total: 728300 ns
[2020-09-29T09:57:08.883+0000][7792][safepoint    ] Safepoint "Cleanup", Time since last: 6003484100 ns, Reaching safepoint: 118800 ns, At safepoint: 4600 ns, Total: 123400 ns
[2020-09-29T09:57:10.884+0000][7792][safepoint    ] Safepoint "Cleanup", Time since last: 2001342400 ns, Reaching safepoint: 101100 ns, At safepoint: 6300 ns, Total: 107400 ns
[2020-09-29T09:57:11.885+0000][7792][safepoint    ] Safepoint "Cleanup", Time since last: 1000243600 ns, Reaching safepoint: 98500 ns, At safepoint: 5600 ns, Total: 104100 ns
[2020-09-29T09:57:22.890+0000][7792][safepoint    ] Safepoint "Cleanup", Time since last: 11005438400 ns, Reaching safepoint: 124600 ns, At safepoint: 13300 ns, Total: 137900 ns
[2020-09-29T09:57:25.892+0000][7792][safepoint    ] Safepoint "Cleanup", Time since last: 3001653800 ns, Reaching safepoint: 100100 ns, At safepoint: 6100 ns, Total: 106200 ns
[2020-09-29T09:57:30.152+0000][7792][safepoint    ] Safepoint "Cleanup", Time since last: 4259893500 ns, Reaching safepoint: 85800 ns, At safepoint: 67000 ns, Total: 152800 ns
[2020-09-29T09:57:33.073+0000][7792][safepoint    ] Safepoint "Cleanup", Time since last: 2921393000 ns, Reaching safepoint: 117500 ns, At safepoint: 7000 ns, Total: 124500 ns
[2020-09-29T09:57:41.078+0000][7792][safepoint    ] Safepoint "Cleanup", Time since last: 8004246200 ns, Reaching safepoint: 123700 ns, At safepoint: 9200 ns, Total: 132900 ns
[2020-09-29T09:57:45.079+0000][7792][safepoint    ] Safepoint "Cleanup", Time since last: 4000850300 ns, Reaching safepoint: 135000 ns, At safepoint: 10500 ns, Total: 145500 ns
[2020-09-29T09:57:47.080+0000][7792][safepoint    ] Safepoint "Cleanup", Time since last: 2000855600 ns, Reaching safepoint: 113900 ns, At safepoint: 9900 ns, Total: 123800 ns
[2020-09-29T09:57:48.081+0000][7792][safepoint    ] Safepoint "Cleanup", Time since last: 1000583200 ns, Reaching safepoint: 109800 ns, At safepoint: 5800 ns, Total: 115600 ns
[2020-09-29T09:58:00.086+0000][7792][safepoint    ] Safepoint "Cleanup", Time since last: 12005241000 ns, Reaching safepoint: 108200 ns, At safepoint: 6900 ns, Total: 115100 ns
[2020-09-29T09:58:01.087+0000][7792][safepoint    ] Safepoint "Cleanup", Time since last: 1000846800 ns, Reaching safepoint: 148100 ns, At safepoint: 9200 ns, Total: 157300 ns
[2020-09-29T09:58:03.088+0000][7792][safepoint    ] Safepoint "Cleanup", Time since last: 2000388500 ns, Reaching safepoint: 116600 ns, At safepoint: 7600 ns, Total: 124200 ns
[2020-09-29T09:58:04.088+0000][7792][safepoint    ] Safepoint "Cleanup", Time since last: 1000074400 ns, Reaching safepoint: 129300 ns, At safepoint: 6600 ns, Total: 135900 ns
[2020-09-29T09:58:10.090+0000][7792][safepoint    ] Safepoint "Cleanup", Time since last: 6002539600 ns, Reaching safepoint: 135100 ns, At safepoint: 6800 ns, Total: 141900 ns
[2020-09-29T09:58:11.091+0000][7792][safepoint    ] Safepoint "Cleanup", Time since last: 1000558700 ns, Reaching safepoint: 109000 ns, At safepoint: 6900 ns, Total: 115900 ns
[2020-09-29T09:58:21.097+0000][7792][safepoint    ] Safepoint "Cleanup", Time since last: 10005571000 ns, Reaching safepoint: 161500 ns, At safepoint: 6400 ns, Total: 167900 ns
[2020-09-29T09:58:34.104+0000][7792][safepoint    ] Safepoint "Cleanup", Time since last: 13006845900 ns, Reaching safepoint: 132900 ns, At safepoint: 6900 ns, Total: 139800 ns
[2020-09-29T09:58:47.111+0000][7792][safepoint    ] Safepoint "Cleanup", Time since last: 13006722700 ns, Reaching safepoint: 116500 ns, At safepoint: 7400 ns, Total: 123900 ns
[2020-09-29T09:59:03.119+0000][7792][safepoint    ] Safepoint "Cleanup", Time since last: 16007748800 ns, Reaching safepoint: 135200 ns, At safepoint: 6500 ns, Total: 141700 ns
[2020-09-29T09:59:07.120+0000][7792][safepoint    ] Safepoint "Cleanup", Time since last: 4001238800 ns, Reaching safepoint: 110300 ns, At safepoint: 5000 ns, Total: 115300 ns
[2020-09-29T09:59:23.127+0000][7792][safepoint    ] Safepoint "Cleanup", Time since last: 16006603700 ns, Reaching safepoint: 101100 ns, At safepoint: 7900 ns, Total: 109000 ns
[2020-09-29T09:59:31.129+0000][7792][safepoint    ] Safepoint "Cleanup", Time since last: 8002148200 ns, Reaching safepoint: 97500 ns, At safepoint: 5200 ns, Total: 102700 ns
[2020-09-29T09:59:33.130+0000][7792][safepoint    ] Safepoint "Cleanup", Time since last: 2000713600 ns, Reaching safepoint: 87200 ns, At safepoint: 5300 ns, Total: 92500 ns
[2020-09-29T09:59:34.130+0000][7792][safepoint    ] Safepoint "Cleanup", Time since last: 1000588800 ns, Reaching safepoint: 146700 ns, At safepoint: 4500 ns, Total: 151200 ns
[2020-09-29T09:59:36.131+0000][7792][safepoint    ] Safepoint "Cleanup", Time since last: 2000479900 ns, Reaching safepoint: 144000 ns, At safepoint: 5000 ns, Total: 149000 ns
[2020-09-29T09:59:37.132+0000][7792][safepoint    ] Safepoint "Cleanup", Time since last: 1000693300 ns, Reaching safepoint: 105100 ns, At safepoint: 8200 ns, Total: 113300 ns
[2020-09-29T09:59:42.135+0000][7792][safepoint    ] Safepoint "Cleanup", Time since last: 5003058100 ns, Reaching safepoint: 107600 ns, At safepoint: 8000 ns, Total: 115600 ns
[2020-09-29T09:59:44.136+0000][7792][safepoint    ] Safepoint "Cleanup", Time since last: 2001008600 ns, Reaching safepoint: 137100 ns, At safepoint: 7700 ns, Total: 144800 ns
[2020-09-29T09:59:45.137+0000][7792][safepoint    ] Safepoint "Cleanup", Time since last: 1000247300 ns, Reaching safepoint: 104000 ns, At safepoint: 5300 ns, Total: 109300 ns
[2020-09-29T10:00:01.145+0000][7792][safepoint    ] Safepoint "Cleanup", Time since last: 16007825900 ns, Reaching safepoint: 363500 ns, At safepoint: 15400 ns, Total: 378900 ns
[2020-09-29T10:00:03.145+0000][7792][safepoint    ] Safepoint "Cleanup", Time since last: 1999776100 ns, Reaching safepoint: 107400 ns, At safepoint: 5300 ns, Total: 112700 ns
[2020-09-29T10:00:31.157+0000][7792][safepoint    ] Safepoint "Cleanup", Time since last: 28012078000 ns, Reaching safepoint: 112200 ns, At safepoint: 4100 ns, Total: 116300 ns
[2020-09-29T10:00:32.157+0000][7792][safepoint    ] Safepoint "Cleanup", Time since last: 1000178500 ns, Reaching safepoint: 86600 ns, At safepoint: 6300 ns, Total: 92900 ns
[2020-09-29T10:00:33.157+0000][7792][safepoint    ] Safepoint "Cleanup", Time since last: 1000114000 ns, Reaching safepoint: 109900 ns, At safepoint: 5400 ns, Total: 115300 ns
[2020-09-29T10:00:42.161+0000][7792][safepoint    ] Safepoint "Cleanup", Time since last: 9003303400 ns, Reaching safepoint: 128600 ns, At safepoint: 4800 ns, Total: 133400 ns
[2020-09-29T10:00:49.164+0000][7792][safepoint    ] Safepoint "Cleanup", Time since last: 7002815800 ns, Reaching safepoint: 196600 ns, At safepoint: 4600 ns, Total: 201200 ns
[2020-09-29T10:00:57.169+0000][7792][safepoint    ] Safepoint "Cleanup", Time since last: 8004901800 ns, Reaching safepoint: 162900 ns, At safepoint: 4700 ns, Total: 167600 ns
[2020-09-29T10:00:58.170+0000][7792][safepoint    ] Safepoint "Cleanup", Time since last: 1000710200 ns, Reaching safepoint: 98100 ns, At safepoint: 4100 ns, Total: 102200 ns
[2020-09-29T10:01:01.171+0000][7792][safepoint    ] Safepoint "Cleanup", Time since last: 3001330900 ns, Reaching safepoint: 107700 ns, At safepoint: 4200 ns, Total: 111900 ns
[2020-09-29T10:01:02.172+0000][7792][safepoint    ] Safepoint "Cleanup", Time since last: 1000749300 ns, Reaching safepoint: 156500 ns, At safepoint: 27400 ns, Total: 183900 ns
[2020-09-29T10:01:03.173+0000][7792][safepoint    ] Safepoint "Cleanup", Time since last: 1001031700 ns, Reaching safepoint: 137300 ns, At safepoint: 5800 ns, Total: 143100 ns
[2020-09-29T10:01:05.175+0000][7792][safepoint    ] Safepoint "Cleanup", Time since last: 2001066700 ns, Reaching safepoint: 115100 ns, At safepoint: 3500 ns, Total: 118600 ns
[2020-09-29T10:01:07.170+0000][7792][safepoint    ] Safepoint "BulkRevokeBias", Time since last: 1994853000 ns, Reaching safepoint: 140300 ns, At safepoint: 1008100 ns, Total: 1148400 ns
[2020-09-29T10:01:07.173+0000][7792][safepoint    ] Safepoint "BulkRevokeBias", Time since last: 1763900 ns, Reaching safepoint: 69900 ns, At safepoint: 704800 ns, Total: 774700 ns
[2020-09-29T10:01:07.174+0000][7792][safepoint    ] Safepoint "BulkRevokeBias", Time since last: 165600 ns, Reaching safepoint: 94000 ns, At safepoint: 590600 ns, Total: 684600 ns
[2020-09-29T10:01:07.175+0000][7792][safepoint    ] Safepoint "BulkRevokeBias", Time since last: 443900 ns, Reaching safepoint: 75300 ns, At safepoint: 465700 ns, Total: 541000 ns
[2020-09-29T10:01:32.187+0000][7792][safepoint    ] Safepoint "Cleanup", Time since last: 25011690600 ns, Reaching safepoint: 163700 ns, At safepoint: 3900 ns, Total: 167600 ns
[2020-09-29T10:02:00.198+0000][7792][safepoint    ] Safepoint "Cleanup", Time since last: 28011028000 ns, Reaching safepoint: 110000 ns, At safepoint: 6400 ns, Total: 116400 ns
[2020-09-29T10:02:48.221+0000][7792][safepoint    ] Safepoint "Cleanup", Time since last: 48022567300 ns, Reaching safepoint: 91400 ns, At safepoint: 5200 ns, Total: 96600 ns
[2020-09-29T10:03:02.227+0000][7792][safepoint    ] Safepoint "Cleanup", Time since last: 14006614600 ns, Reaching safepoint: 107900 ns, At safepoint: 6400 ns, Total: 114300 ns
[2020-09-29T10:03:27.236+0000][7792][safepoint    ] Safepoint "Cleanup", Time since last: 25008908100 ns, Reaching safepoint: 126800 ns, At safepoint: 8600 ns, Total: 135400 ns
[2020-09-29T10:03:33.239+0000][7792][safepoint    ] Safepoint "Cleanup", Time since last: 6002746700 ns, Reaching safepoint: 103400 ns, At safepoint: 4100 ns, Total: 107500 ns
[2020-09-29T10:03:52.251+0000][7792][safepoint    ] Safepoint "Cleanup", Time since last: 19011300900 ns, Reaching safepoint: 814800 ns, At safepoint: 10900 ns, Total: 825700 ns
[2020-09-29T10:03:59.256+0000][7792][safepoint    ] Safepoint "Cleanup", Time since last: 7004774600 ns, Reaching safepoint: 145700 ns, At safepoint: 5900 ns, Total: 151600 ns
[2020-09-29T10:04:00.257+0000][7792][safepoint    ] Safepoint "Cleanup", Time since last: 1000530900 ns, Reaching safepoint: 128600 ns, At safepoint: 7500 ns, Total: 136100 ns
[2020-09-29T10:04:13.264+0000][7792][safepoint    ] Safepoint "Cleanup", Time since last: 13006787000 ns, Reaching safepoint: 106600 ns, At safepoint: 7800 ns, Total: 114400 ns
[2020-09-29T10:04:25.269+0000][7792][safepoint    ] Safepoint "Cleanup", Time since last: 12005171100 ns, Reaching safepoint: 139600 ns, At safepoint: 2600 ns, Total: 142200 ns
[2020-09-29T10:04:30.272+0000][7792][safepoint    ] Safepoint "Cleanup", Time since last: 5002663200 ns, Reaching safepoint: 98100 ns, At safepoint: 10800 ns, Total: 108900 ns
[2020-09-29T10:04:33.274+0000][7792][safepoint    ] Safepoint "Cleanup", Time since last: 3001964100 ns, Reaching safepoint: 121100 ns, At safepoint: 7300 ns, Total: 128400 ns
[2020-09-29T10:05:23.299+0000][7792][safepoint    ] Safepoint "Cleanup", Time since last: 50025142400 ns, Reaching safepoint: 120800 ns, At safepoint: 8200 ns, Total: 129000 ns
[2020-09-29T10:05:33.303+0000][7792][safepoint    ] Safepoint "Cleanup", Time since last: 10003924900 ns, Reaching safepoint: 119000 ns, At safepoint: 6300 ns, Total: 125300 ns
[2020-09-29T10:05:54.314+0000][7792][safepoint    ] Safepoint "Cleanup", Time since last: 21009924900 ns, Reaching safepoint: 139600 ns, At safepoint: 5700 ns, Total: 145300 ns
[2020-09-29T10:05:55.314+0000][7792][safepoint    ] Safepoint "Cleanup", Time since last: 1000276600 ns, Reaching safepoint: 93400 ns, At safepoint: 6500 ns, Total: 99900 ns
[2020-09-29T10:06:00.316+0000][7792][safepoint    ] Safepoint "Cleanup", Time since last: 5001910800 ns, Reaching safepoint: 98800 ns, At safepoint: 5400 ns, Total: 104200 ns
[2020-09-29T10:06:01.755+0000][7792][safepoint    ] Safepoint "Cleanup", Time since last: 1439174600 ns, Reaching safepoint: 84800 ns, At safepoint: 4300 ns, Total: 89100 ns
[2020-09-29T10:06:03.072+0000][7792][safepoint    ] Safepoint "BulkRevokeBias", Time since last: 1314918500 ns, Reaching safepoint: 94600 ns, At safepoint: 1230400 ns, Total: 1325000 ns
[2020-09-29T10:06:23.082+0000][7792][safepoint    ] Safepoint "Cleanup", Time since last: 20010824100 ns, Reaching safepoint: 142500 ns, At safepoint: 9000 ns, Total: 151500 ns
[2020-09-29T10:06:31.087+0000][7792][safepoint    ] Safepoint "Cleanup", Time since last: 8004217400 ns, Reaching safepoint: 124300 ns, At safepoint: 7400 ns, Total: 131700 ns
[2020-09-29T10:06:38.088+0000][7792][safepoint    ] Safepoint "Cleanup", Time since last: 7001490700 ns, Reaching safepoint: 87700 ns, At safepoint: 4500 ns, Total: 92200 ns
[2020-09-29T10:07:58.128+0000][7792][safepoint    ] Safepoint "Cleanup", Time since last: 80039539200 ns, Reaching safepoint: 129100 ns, At safepoint: 8700 ns, Total: 137800 ns
[2020-09-29T10:08:03.130+0000][7792][safepoint    ] Safepoint "Cleanup", Time since last: 5001450400 ns, Reaching safepoint: 89300 ns, At safepoint: 4000 ns, Total: 93300 ns
[2020-09-29T10:08:12.137+0000][7792][safepoint    ] Safepoint "Cleanup", Time since last: 9006893900 ns, Reaching safepoint: 114200 ns, At safepoint: 4900 ns, Total: 119100 ns
[2020-09-29T10:08:31.148+0000][7792][safepoint    ] Safepoint "Cleanup", Time since last: 19011567000 ns, Reaching safepoint: 83400 ns, At safepoint: 3000 ns, Total: 86400 ns
[2020-09-29T10:09:01.164+0000][7792][safepoint    ] Safepoint "Cleanup", Time since last: 30015401400 ns, Reaching safepoint: 113200 ns, At safepoint: 6300 ns, Total: 119500 ns
[2020-09-29T10:09:03.165+0000][7792][safepoint    ] Safepoint "Cleanup", Time since last: 2001127800 ns, Reaching safepoint: 111900 ns, At safepoint: 5900 ns, Total: 117800 ns
[2020-09-29T10:09:08.973+0000][7792][safepoint    ] Safepoint "Cleanup", Time since last: 5807763900 ns, Reaching safepoint: 90000 ns, At safepoint: 5400 ns, Total: 95400 ns
[2020-09-29T10:09:09.089+0000][7792][safepoint    ] Safepoint "BulkRevokeBias", Time since last: 115797700 ns, Reaching safepoint: 128200 ns, At safepoint: 869900 ns, Total: 998100 ns
[2020-09-29T10:09:09.090+0000][7792][safepoint    ] Safepoint "BulkRevokeBias", Time since last: 270600 ns, Reaching safepoint: 87800 ns, At safepoint: 508200 ns, Total: 596000 ns
[2020-09-29T10:09:09.115+0000][7792][safepoint    ] Safepoint "BulkRevokeBias", Time since last: 24637300 ns, Reaching safepoint: 154400 ns, At safepoint: 535600 ns, Total: 690000 ns
[2020-09-29T10:09:09.239+0000][7792][safepoint    ] Safepoint "BulkRevokeBias", Time since last: 122964900 ns, Reaching safepoint: 107200 ns, At safepoint: 587700 ns, Total: 694900 ns
[2020-09-29T10:09:09.240+0000][7792][safepoint    ] Safepoint "BulkRevokeBias", Time since last: 121500 ns, Reaching safepoint: 116000 ns, At safepoint: 622400 ns, Total: 738400 ns
[2020-09-29T10:09:09.241+0000][7792][safepoint    ] Safepoint "BulkRevokeBias", Time since last: 107400 ns, Reaching safepoint: 90200 ns, At safepoint: 516600 ns, Total: 606800 ns
[2020-09-29T10:09:09.242+0000][7792][safepoint    ] Safepoint "BulkRevokeBias", Time since last: 579800 ns, Reaching safepoint: 92900 ns, At safepoint: 493100 ns, Total: 586000 ns
[2020-09-29T10:09:09.243+0000][7792][safepoint    ] Safepoint "BulkRevokeBias", Time since last: 223700 ns, Reaching safepoint: 74000 ns, At safepoint: 660600 ns, Total: 734600 ns
[2020-09-29T10:09:09.243+0000][7792][safepoint    ] Safepoint "BulkRevokeBias", Time since last: 153700 ns, Reaching safepoint: 84100 ns, At safepoint: 545700 ns, Total: 629800 ns
[2020-09-29T10:09:09.887+0000][7792][safepoint    ] Safepoint "BulkRevokeBias", Time since last: 642105700 ns, Reaching safepoint: 179200 ns, At safepoint: 700600 ns, Total: 879800 ns
[2020-09-29T10:09:10.747+0000][7792][safepoint    ] Safepoint "BulkRevokeBias", Time since last: 857946500 ns, Reaching safepoint: 989400 ns, At safepoint: 1685700 ns, Total: 2675100 ns
[2020-09-29T10:09:10.757+0000][7792][safepoint    ] Safepoint "BulkRevokeBias", Time since last: 7042600 ns, Reaching safepoint: 246700 ns, At safepoint: 1754200 ns, Total: 2000900 ns
[2020-09-29T10:09:11.133+0000][7792][safepoint    ] Safepoint "BulkRevokeBias", Time since last: 375441400 ns, Reaching safepoint: 219200 ns, At safepoint: 676500 ns, Total: 895700 ns
[2020-09-29T10:09:11.358+0000][7792][safepoint    ] Safepoint "BulkRevokeBias", Time since last: 223796700 ns, Reaching safepoint: 170300 ns, At safepoint: 925600 ns, Total: 1095900 ns
[2020-09-29T10:09:11.539+0000][7792][safepoint    ] Safepoint "BulkRevokeBias", Time since last: 180070900 ns, Reaching safepoint: 158800 ns, At safepoint: 882100 ns, Total: 1040900 ns
[2020-09-29T10:09:11.564+0000][7792][safepoint    ] Safepoint "BulkRevokeBias", Time since last: 24381600 ns, Reaching safepoint: 164000 ns, At safepoint: 866800 ns, Total: 1030800 ns
[2020-09-29T10:09:12.109+0000][7792][safepoint    ] Safepoint "BulkRevokeBias", Time since last: 543334500 ns, Reaching safepoint: 173000 ns, At safepoint: 1845100 ns, Total: 2018100 ns
[2020-09-29T10:09:12.379+0000][7792][safepoint    ] Safepoint "ICBufferFull", Time since last: 262097100 ns, Reaching safepoint: 1189900 ns, At safepoint: 5209100 ns, Total: 6399000 ns
[2020-09-29T10:09:12.530+0000][7792][gc,start     ] GC(11) Pause Young (Normal) (G1 Evacuation Pause)
[2020-09-29T10:09:12.530+0000][7792][gc,task      ] GC(11) Using 8 workers of 8 for evacuation
[2020-09-29T10:09:12.531+0000][7792][gc,age       ] GC(11) Desired survivor size 40370176 bytes, new threshold 15 (max threshold 15)
[2020-09-29T10:09:12.553+0000][7792][gc,age       ] GC(11) Age table with threshold 15 (max threshold 15)
[2020-09-29T10:09:12.553+0000][7792][gc,age       ] GC(11) - age   1:    5502960 bytes,    5502960 total
[2020-09-29T10:09:12.553+0000][7792][gc,age       ] GC(11) - age   2:    7419416 bytes,   12922376 total
[2020-09-29T10:09:12.553+0000][7792][gc,age       ] GC(11) - age   3:    8255240 bytes,   21177616 total
[2020-09-29T10:09:12.553+0000][7792][gc,phases    ] GC(11)   Pre Evacuate Collection Set: 0.2ms
[2020-09-29T10:09:12.553+0000][7792][gc,phases    ] GC(11)   Merge Heap Roots: 0.6ms
[2020-09-29T10:09:12.553+0000][7792][gc,phases    ] GC(11)   Evacuate Collection Set: 17.9ms
[2020-09-29T10:09:12.553+0000][7792][gc,phases    ] GC(11)   Post Evacuate Collection Set: 2.6ms
[2020-09-29T10:09:12.553+0000][7792][gc,phases    ] GC(11)   Other: 2.0ms
[2020-09-29T10:09:12.553+0000][7792][gc,heap      ] GC(11) Eden regions: 596->0(510)
[2020-09-29T10:09:12.553+0000][7792][gc,heap      ] GC(11) Survivor regions: 18->22(77)
[2020-09-29T10:09:12.553+0000][7792][gc,heap      ] GC(11) Old regions: 50->50
[2020-09-29T10:09:12.553+0000][7792][gc,heap      ] GC(11) Archive regions: 0->0
[2020-09-29T10:09:12.553+0000][7792][gc,heap      ] GC(11) Humongous regions: 157->137
[2020-09-29T10:09:12.553+0000][7792][gc,metaspace ] GC(11) Metaspace: 79339K(84736K)->79339K(84736K) NonClass: 68791K(71936K)->68791K(71936K) Class: 10548K(12800K)->10548K(12800K)
[2020-09-29T10:09:12.554+0000][7792][gc           ] GC(11) Pause Young (Normal) (G1 Evacuation Pause) 819M->208M(1024M) 23.171ms
[2020-09-29T10:09:12.554+0000][7792][gc,cpu       ] GC(11) User=0.13s Sys=0.00s Real=0.02s
[2020-09-29T10:09:12.554+0000][7792][safepoint    ] Safepoint "G1CollectForAllocation", Time since last: 150808200 ns, Reaching safepoint: 218500 ns, At safepoint: 24075700 ns, Total: 24294200 ns
[2020-09-29T10:09:12.753+0000][7792][safepoint    ] Safepoint "BulkRevokeBias", Time since last: 198462600 ns, Reaching safepoint: 164600 ns, At safepoint: 1158800 ns, Total: 1323400 ns
[2020-09-29T10:09:13.284+0000][7792][safepoint    ] Safepoint "BulkRevokeBias", Time since last: 529836100 ns, Reaching safepoint: 136900 ns, At safepoint: 915500 ns, Total: 1052400 ns
[2020-09-29T10:09:13.305+0000][7792][safepoint    ] Safepoint "BulkRevokeBias", Time since last: 20459300 ns, Reaching safepoint: 113300 ns, At safepoint: 676500 ns, Total: 789800 ns
[2020-09-29T10:09:13.373+0000][7792][safepoint    ] Safepoint "BulkRevokeBias", Time since last: 67600200 ns, Reaching safepoint: 127800 ns, At safepoint: 642700 ns, Total: 770500 ns
[2020-09-29T10:09:13.377+0000][7792][safepoint    ] Safepoint "BulkRevokeBias", Time since last: 1392300 ns, Reaching safepoint: 193400 ns, At safepoint: 1796500 ns, Total: 1989900 ns
[2020-09-29T10:09:13.417+0000][7792][safepoint    ] Safepoint "BulkRevokeBias", Time since last: 39606000 ns, Reaching safepoint: 98000 ns, At safepoint: 889700 ns, Total: 987700 ns
[2020-09-29T10:09:13.428+0000][7792][safepoint    ] Safepoint "BulkRevokeBias", Time since last: 9385000 ns, Reaching safepoint: 107000 ns, At safepoint: 846800 ns, Total: 953800 ns
[2020-09-29T10:09:13.429+0000][7792][safepoint    ] Safepoint "BulkRevokeBias", Time since last: 121600 ns, Reaching safepoint: 78500 ns, At safepoint: 732100 ns, Total: 810600 ns
[2020-09-29T10:09:13.429+0000][7792][safepoint    ] Safepoint "BulkRevokeBias", Time since last: 128500 ns, Reaching safepoint: 84600 ns, At safepoint: 677600 ns, Total: 762200 ns
[2020-09-29T10:09:13.431+0000][7792][safepoint    ] Safepoint "BulkRevokeBias", Time since last: 606200 ns, Reaching safepoint: 82000 ns, At safepoint: 716100 ns, Total: 798100 ns
[2020-09-29T10:09:13.432+0000][7792][safepoint    ] Safepoint "BulkRevokeBias", Time since last: 211400 ns, Reaching safepoint: 76000 ns, At safepoint: 602700 ns, Total: 678700 ns
[2020-09-29T10:09:13.433+0000][7792][safepoint    ] Safepoint "BulkRevokeBias", Time since last: 170100 ns, Reaching safepoint: 84900 ns, At safepoint: 633600 ns, Total: 718500 ns
[2020-09-29T10:09:14.507+0000][7792][safepoint    ] Safepoint "Cleanup", Time since last: 1073770600 ns, Reaching safepoint: 144500 ns, At safepoint: 5400 ns, Total: 149900 ns
[2020-09-29T10:09:30.515+0000][7792][safepoint    ] Safepoint "Cleanup", Time since last: 16007882800 ns, Reaching safepoint: 121200 ns, At safepoint: 51800 ns, Total: 173000 ns
[2020-09-29T10:09:33.517+0000][7792][safepoint    ] Safepoint "Cleanup", Time since last: 3001430800 ns, Reaching safepoint: 120200 ns, At safepoint: 18400 ns, Total: 138600 ns
[2020-09-29T10:09:40.679+0000][7792][safepoint    ] Safepoint "Cleanup", Time since last: 7162951300 ns, Reaching safepoint: 113800 ns, At safepoint: 7900 ns, Total: 121700 ns
[2020-09-29T10:09:41.160+0000][7792][safepoint    ] Safepoint "BulkRevokeBias", Time since last: 478204300 ns, Reaching safepoint: 138300 ns, At safepoint: 2190400 ns, Total: 2328700 ns
[2020-09-29T10:09:42.050+0000][7792][safepoint    ] Safepoint "BulkRevokeBias", Time since last: 888044700 ns, Reaching safepoint: 254000 ns, At safepoint: 1589700 ns, Total: 1843700 ns
[2020-09-29T10:09:42.196+0000][7792][safepoint    ] Safepoint "BulkRevokeBias", Time since last: 145138000 ns, Reaching safepoint: 186500 ns, At safepoint: 1103700 ns, Total: 1290200 ns
[2020-09-29T10:09:42.495+0000][7792][safepoint    ] Safepoint "BulkRevokeBias", Time since last: 296766600 ns, Reaching safepoint: 181700 ns, At safepoint: 2215600 ns, Total: 2397300 ns
[2020-09-29T10:09:42.501+0000][7792][safepoint    ] Safepoint "BulkRevokeBias", Time since last: 1484600 ns, Reaching safepoint: 170700 ns, At safepoint: 3806800 ns, Total: 3977500 ns
[2020-09-29T10:09:42.795+0000][7792][safepoint    ] Safepoint "BulkRevokeBias", Time since last: 292735500 ns, Reaching safepoint: 184900 ns, At safepoint: 980300 ns, Total: 1165200 ns
[2020-09-29T10:09:43.225+0000][7792][safepoint    ] Safepoint "BulkRevokeBias", Time since last: 429227100 ns, Reaching safepoint: 197100 ns, At safepoint: 1117800 ns, Total: 1314900 ns
[2020-09-29T10:09:43.825+0000][7792][safepoint    ] Safepoint "BulkRevokeBias", Time since last: 598139100 ns, Reaching safepoint: 136000 ns, At safepoint: 1031300 ns, Total: 1167300 ns
[2020-09-29T10:09:43.826+0000][7792][safepoint    ] Safepoint "BulkRevokeBias", Time since last: 307300 ns, Reaching safepoint: 86400 ns, At safepoint: 780800 ns, Total: 867200 ns
[2020-09-29T10:09:43.828+0000][7792][safepoint    ] Safepoint "BulkRevokeBias", Time since last: 733100 ns, Reaching safepoint: 100200 ns, At safepoint: 974700 ns, Total: 1074900 ns
[2020-09-29T10:09:44.896+0000][7792][safepoint    ] Safepoint "Cleanup", Time since last: 1067563900 ns, Reaching safepoint: 119200 ns, At safepoint: 6300 ns, Total: 125500 ns
[2020-09-29T10:09:45.896+0000][7792][safepoint    ] Safepoint "Cleanup", Time since last: 1000579000 ns, Reaching safepoint: 105000 ns, At safepoint: 6400 ns, Total: 111400 ns
[2020-09-29T10:09:46.897+0000][7792][safepoint    ] Safepoint "Cleanup", Time since last: 1000293500 ns, Reaching safepoint: 301000 ns, At safepoint: 11300 ns, Total: 312300 ns
[2020-09-29T10:09:48.897+0000][7792][safepoint    ] Safepoint "Cleanup", Time since last: 1999954100 ns, Reaching safepoint: 190200 ns, At safepoint: 5700 ns, Total: 195900 ns
[2020-09-29T10:09:49.898+0000][7792][safepoint    ] Safepoint "Cleanup", Time since last: 1000551300 ns, Reaching safepoint: 161000 ns, At safepoint: 9900 ns, Total: 170900 ns
[2020-09-29T10:09:50.899+0000][7792][safepoint    ] Safepoint "Cleanup", Time since last: 1000594000 ns, Reaching safepoint: 129800 ns, At safepoint: 8600 ns, Total: 138400 ns
[2020-09-29T10:09:51.899+0000][7792][safepoint    ] Safepoint "Cleanup", Time since last: 1000673100 ns, Reaching safepoint: 105200 ns, At safepoint: 8000 ns, Total: 113200 ns
[2020-09-29T10:09:52.900+0000][7792][safepoint    ] Safepoint "Cleanup", Time since last: 1000459700 ns, Reaching safepoint: 108400 ns, At safepoint: 6400 ns, Total: 114800 ns
[2020-09-29T10:09:53.900+0000][7792][safepoint    ] Safepoint "Cleanup", Time since last: 1000101400 ns, Reaching safepoint: 112800 ns, At safepoint: 15200 ns, Total: 128000 ns
[2020-09-29T10:09:54.901+0000][7792][safepoint    ] Safepoint "Cleanup", Time since last: 1000808400 ns, Reaching safepoint: 115000 ns, At safepoint: 4800 ns, Total: 119800 ns
[2020-09-29T10:09:55.902+0000][7792][safepoint    ] Safepoint "Cleanup", Time since last: 1000829700 ns, Reaching safepoint: 117400 ns, At safepoint: 6600 ns, Total: 124000 ns
[2020-09-29T10:09:57.317+0000][7792][safepoint    ] Safepoint "Cleanup", Time since last: 1415153400 ns, Reaching safepoint: 140800 ns, At safepoint: 30200 ns, Total: 171000 ns
[2020-09-29T10:09:58.171+0000][7792][safepoint    ] Safepoint "BulkRevokeBias", Time since last: 852331500 ns, Reaching safepoint: 240100 ns, At safepoint: 1002900 ns, Total: 1243000 ns
[2020-09-29T10:09:58.291+0000][7792][safepoint    ] Safepoint "BulkRevokeBias", Time since last: 118395800 ns, Reaching safepoint: 179400 ns, At safepoint: 1190900 ns, Total: 1370300 ns
[2020-09-29T10:09:58.405+0000][7792][safepoint    ] Safepoint "BulkRevokeBias", Time since last: 112611700 ns, Reaching safepoint: 210800 ns, At safepoint: 1248600 ns, Total: 1459400 ns
[2020-09-29T10:09:58.575+0000][7792][safepoint    ] Safepoint "BulkRevokeBias", Time since last: 165794900 ns, Reaching safepoint: 2300400 ns, At safepoint: 2604800 ns, Total: 4905200 ns
[2020-09-29T10:09:58.905+0000][7792][safepoint    ] Safepoint "BulkRevokeBias", Time since last: 325885900 ns, Reaching safepoint: 204800 ns, At safepoint: 3221500 ns, Total: 3426300 ns
[2020-09-29T10:09:58.968+0000][7792][gc,start     ] GC(12) Pause Young (Normal) (G1 Evacuation Pause)
[2020-09-29T10:09:58.968+0000][7792][gc,task      ] GC(12) Using 8 workers of 8 for evacuation
[2020-09-29T10:09:58.968+0000][7792][gc,age       ] GC(12) Desired survivor size 35127296 bytes, new threshold 15 (max threshold 15)
[2020-09-29T10:09:58.988+0000][7792][gc,age       ] GC(12) Age table with threshold 15 (max threshold 15)
[2020-09-29T10:09:58.988+0000][7792][gc,age       ] GC(12) - age   1:    5648224 bytes,    5648224 total
[2020-09-29T10:09:58.989+0000][7792][gc,age       ] GC(12) - age   2:    2867584 bytes,    8515808 total
[2020-09-29T10:09:58.989+0000][7792][gc,age       ] GC(12) - age   3:    7415336 bytes,   15931144 total
[2020-09-29T10:09:58.989+0000][7792][gc,age       ] GC(12) - age   4:    8254328 bytes,   24185472 total
[2020-09-29T10:09:58.989+0000][7792][gc,phases    ] GC(12)   Pre Evacuate Collection Set: 0.2ms
[2020-09-29T10:09:58.989+0000][7792][gc,phases    ] GC(12)   Merge Heap Roots: 0.2ms
[2020-09-29T10:09:58.989+0000][7792][gc,phases    ] GC(12)   Evacuate Collection Set: 17.3ms
[2020-09-29T10:09:58.989+0000][7792][gc,phases    ] GC(12)   Post Evacuate Collection Set: 2.4ms
[2020-09-29T10:09:58.989+0000][7792][gc,phases    ] GC(12)   Other: 0.8ms
[2020-09-29T10:09:58.989+0000][7792][gc,heap      ] GC(12) Eden regions: 510->0(479)
[2020-09-29T10:09:58.989+0000][7792][gc,heap      ] GC(12) Survivor regions: 22->26(67)
[2020-09-29T10:09:58.989+0000][7792][gc,heap      ] GC(12) Old regions: 50->50
[2020-09-29T10:09:58.989+0000][7792][gc,heap      ] GC(12) Archive regions: 0->0
[2020-09-29T10:09:58.989+0000][7792][gc,heap      ] GC(12) Humongous regions: 211->171
[2020-09-29T10:09:58.989+0000][7792][gc,metaspace ] GC(12) Metaspace: 80934K(86784K)->80934K(86784K) NonClass: 70251K(73728K)->70251K(73728K) Class: 10682K(13056K)->10682K(13056K)
[2020-09-29T10:09:58.989+0000][7792][gc           ] GC(12) Pause Young (Normal) (G1 Evacuation Pause) 792M->245M(1024M) 21.384ms
[2020-09-29T10:09:58.989+0000][7792][gc,cpu       ] GC(12) User=0.11s Sys=0.00s Real=0.02s
[2020-09-29T10:09:58.991+0000][7792][safepoint    ] Safepoint "G1CollectForAllocation", Time since last: 62969300 ns, Reaching safepoint: 236300 ns, At safepoint: 23029300 ns, Total: 23265600 ns
[2020-09-29T10:09:58.999+0000][7792][safepoint    ] Safepoint "BulkRevokeBias", Time since last: 1362100 ns, Reaching safepoint: 254600 ns, At safepoint: 6617400 ns, Total: 6872000 ns
[2020-09-29T10:09:59.157+0000][7792][safepoint    ] Safepoint "BulkRevokeBias", Time since last: 156766900 ns, Reaching safepoint: 153400 ns, At safepoint: 1377900 ns, Total: 1531300 ns
[2020-09-29T10:09:59.476+0000][7792][safepoint    ] Safepoint "BulkRevokeBias", Time since last: 317001200 ns, Reaching safepoint: 122000 ns, At safepoint: 1078300 ns, Total: 1200300 ns
[2020-09-29T10:09:59.793+0000][7792][gc,start     ] GC(13) Pause Young (Concurrent Start) (G1 Humongous Allocation)
[2020-09-29T10:09:59.793+0000][7792][gc,task      ] GC(13) Using 8 workers of 8 for evacuation
[2020-09-29T10:09:59.793+0000][7792][gc,age       ] GC(13) Desired survivor size 33554432 bytes, new threshold 15 (max threshold 15)
[2020-09-29T10:09:59.812+0000][7792][gc,age       ] GC(13) Age table with threshold 15 (max threshold 15)
[2020-09-29T10:09:59.812+0000][7792][gc,age       ] GC(13) - age   1:    3150936 bytes,    3150936 total
[2020-09-29T10:09:59.812+0000][7792][gc,age       ] GC(13) - age   2:    4629672 bytes,    7780608 total
[2020-09-29T10:09:59.812+0000][7792][gc,age       ] GC(13) - age   3:    2660368 bytes,   10440976 total
[2020-09-29T10:09:59.812+0000][7792][gc,age       ] GC(13) - age   4:    6795920 bytes,   17236896 total
[2020-09-29T10:09:59.812+0000][7792][gc,age       ] GC(13) - age   5:    7892856 bytes,   25129752 total
[2020-09-29T10:09:59.812+0000][7792][gc,phases    ] GC(13)   Pre Evacuate Collection Set: 0.5ms
[2020-09-29T10:09:59.813+0000][7792][gc,phases    ] GC(13)   Merge Heap Roots: 0.1ms
[2020-09-29T10:09:59.813+0000][7792][gc,phases    ] GC(13)   Evacuate Collection Set: 14.8ms
[2020-09-29T10:09:59.813+0000][7792][gc,phases    ] GC(13)   Post Evacuate Collection Set: 3.2ms
[2020-09-29T10:09:59.813+0000][7792][gc,phases    ] GC(13)   Other: 0.8ms
[2020-09-29T10:09:59.813+0000][7792][gc,heap      ] GC(13) Eden regions: 55->0(481)
[2020-09-29T10:09:59.813+0000][7792][gc,heap      ] GC(13) Survivor regions: 26->26(64)
[2020-09-29T10:09:59.813+0000][7792][gc,heap      ] GC(13) Old regions: 50->50
[2020-09-29T10:09:59.813+0000][7792][gc,heap      ] GC(13) Archive regions: 0->0
[2020-09-29T10:09:59.813+0000][7792][gc,heap      ] GC(13) Humongous regions: 257->175
[2020-09-29T10:09:59.813+0000][7792][gc,metaspace ] GC(13) Metaspace: 81361K(87040K)->81361K(87040K) NonClass: 70643K(73984K)->70643K(73984K) Class: 10717K(13056K)->10717K(13056K)
[2020-09-29T10:09:59.813+0000][7792][gc           ] GC(13) Pause Young (Concurrent Start) (G1 Humongous Allocation) 386M->250M(1024M) 20.155ms
[2020-09-29T10:09:59.813+0000][7792][gc,cpu       ] GC(13) User=0.19s Sys=0.00s Real=0.02s
[2020-09-29T10:09:59.814+0000][7792][safepoint    ] Safepoint "G1TryInitiateConcMark", Time since last: 317636800 ns, Reaching safepoint: 266800 ns, At safepoint: 20756700 ns, Total: 21023500 ns
[2020-09-29T10:09:59.814+0000][7792][gc           ] GC(14) Concurrent Cycle
[2020-09-29T10:09:59.814+0000][7792][gc,marking   ] GC(14) Concurrent Clear Claimed Marks
[2020-09-29T10:09:59.814+0000][7792][gc,marking   ] GC(14) Concurrent Clear Claimed Marks 0.397ms
[2020-09-29T10:09:59.814+0000][7792][gc,marking   ] GC(14) Concurrent Scan Root Regions
[2020-09-29T10:09:59.832+0000][7792][gc,marking   ] GC(14) Concurrent Scan Root Regions 17.444ms
[2020-09-29T10:09:59.832+0000][7792][gc,marking   ] GC(14) Concurrent Mark (862.935s)
[2020-09-29T10:09:59.832+0000][7792][gc,marking   ] GC(14) Concurrent Mark From Roots
[2020-09-29T10:09:59.832+0000][7792][gc,task      ] GC(14) Using 2 workers of 2 for marking
[2020-09-29T10:09:59.954+0000][7792][gc,marking   ] GC(14) Concurrent Mark From Roots 122.448ms
[2020-09-29T10:09:59.955+0000][7792][gc,marking   ] GC(14) Concurrent Preclean
[2020-09-29T10:09:59.955+0000][7792][gc,marking   ] GC(14) Concurrent Preclean 0.953ms
[2020-09-29T10:09:59.956+0000][7792][gc,marking   ] GC(14) Concurrent Mark (862.935s, 863.058s) 123.733ms
[2020-09-29T10:09:59.956+0000][7792][gc,start     ] GC(14) Pause Remark
[2020-09-29T10:09:59.970+0000][7792][gc           ] GC(14) Pause Remark 291M->291M(1024M) 13.857ms
[2020-09-29T10:09:59.970+0000][7792][gc,cpu       ] GC(14) User=0.06s Sys=0.05s Real=0.01s
[2020-09-29T10:09:59.973+0000][7792][safepoint    ] Safepoint "G1Concurrent", Time since last: 142018700 ns, Reaching safepoint: 645700 ns, At safepoint: 16469200 ns, Total: 17114900 ns
[2020-09-29T10:09:59.973+0000][7792][gc,marking   ] GC(14) Concurrent Rebuild Remembered Sets
[2020-09-29T10:10:00.038+0000][7792][gc,marking   ] GC(14) Concurrent Rebuild Remembered Sets 64.528ms
[2020-09-29T10:10:00.039+0000][7792][gc,start     ] GC(14) Pause Cleanup
[2020-09-29T10:10:00.039+0000][7792][gc           ] GC(14) Pause Cleanup 295M->295M(1024M) 0.396ms
[2020-09-29T10:10:00.040+0000][7792][gc,cpu       ] GC(14) User=0.00s Sys=0.00s Real=0.00s
[2020-09-29T10:10:00.040+0000][7792][safepoint    ] Safepoint "G1Concurrent", Time since last: 64969800 ns, Reaching safepoint: 698000 ns, At safepoint: 864700 ns, Total: 1562700 ns
[2020-09-29T10:10:00.040+0000][7792][gc,marking   ] GC(14) Concurrent Cleanup for Next Mark
[2020-09-29T10:10:00.042+0000][7792][gc,marking   ] GC(14) Concurrent Cleanup for Next Mark 2.462ms
[2020-09-29T10:10:00.043+0000][7792][gc           ] GC(14) Concurrent Cycle 228.285ms
[2020-09-29T10:10:00.099+0000][7792][safepoint    ] Safepoint "BulkRevokeBias", Time since last: 57759000 ns, Reaching safepoint: 167100 ns, At safepoint: 1396500 ns, Total: 1563600 ns
[2020-09-29T10:10:00.732+0000][7792][safepoint    ] Safepoint "ICBufferFull", Time since last: 631606100 ns, Reaching safepoint: 316600 ns, At safepoint: 44600 ns, Total: 361200 ns
[2020-09-29T10:10:01.022+0000][7792][safepoint    ] Safepoint "BulkRevokeBias", Time since last: 289627800 ns, Reaching safepoint: 254100 ns, At safepoint: 1707400 ns, Total: 1961500 ns
[2020-09-29T10:10:01.307+0000][7792][safepoint    ] Safepoint "BulkRevokeBias", Time since last: 282537900 ns, Reaching safepoint: 186500 ns, At safepoint: 1022300 ns, Total: 1208800 ns
[2020-09-29T10:10:01.407+0000][7792][safepoint    ] Safepoint "BulkRevokeBias", Time since last: 98533700 ns, Reaching safepoint: 178900 ns, At safepoint: 996300 ns, Total: 1175200 ns
[2020-09-29T10:10:01.421+0000][7792][gc,start     ] GC(15) Pause Young (Concurrent Start) (G1 Humongous Allocation)
[2020-09-29T10:10:01.421+0000][7792][gc,task      ] GC(15) Using 8 workers of 8 for evacuation
[2020-09-29T10:10:01.421+0000][7792][gc,age       ] GC(15) Desired survivor size 33554432 bytes, new threshold 15 (max threshold 15)
[2020-09-29T10:10:01.439+0000][7792][gc,age       ] GC(15) Age table with threshold 15 (max threshold 15)
[2020-09-29T10:10:01.439+0000][7792][gc,age       ] GC(15) - age   1:    1754360 bytes,    1754360 total
[2020-09-29T10:10:01.439+0000][7792][gc,age       ] GC(15) - age   2:     248208 bytes,    2002568 total
[2020-09-29T10:10:01.439+0000][7792][gc,age       ] GC(15) - age   3:    4595800 bytes,    6598368 total
[2020-09-29T10:10:01.439+0000][7792][gc,age       ] GC(15) - age   4:    2659640 bytes,    9258008 total
[2020-09-29T10:10:01.439+0000][7792][gc,age       ] GC(15) - age   5:    6655328 bytes,   15913336 total
[2020-09-29T10:10:01.439+0000][7792][gc,age       ] GC(15) - age   6:    7890560 bytes,   23803896 total
[2020-09-29T10:10:01.439+0000][7792][gc,phases    ] GC(15)   Pre Evacuate Collection Set: 0.4ms
[2020-09-29T10:10:01.439+0000][7792][gc,phases    ] GC(15)   Merge Heap Roots: 0.1ms
[2020-09-29T10:10:01.439+0000][7792][gc,phases    ] GC(15)   Evacuate Collection Set: 15.7ms
[2020-09-29T10:10:01.439+0000][7792][gc,phases    ] GC(15)   Post Evacuate Collection Set: 2.1ms
[2020-09-29T10:10:01.440+0000][7792][gc,phases    ] GC(15)   Other: 0.6ms
[2020-09-29T10:10:01.440+0000][7792][gc,heap      ] GC(15) Eden regions: 58->0(488)
[2020-09-29T10:10:01.440+0000][7792][gc,heap      ] GC(15) Survivor regions: 26->25(64)
[2020-09-29T10:10:01.440+0000][7792][gc,heap      ] GC(15) Old regions: 50->50
[2020-09-29T10:10:01.440+0000][7792][gc,heap      ] GC(15) Archive regions: 0->0
[2020-09-29T10:10:01.440+0000][7792][gc,heap      ] GC(15) Humongous regions: 257->175
[2020-09-29T10:10:01.440+0000][7792][gc,metaspace ] GC(15) Metaspace: 82413K(88320K)->82413K(88320K) NonClass: 71525K(75008K)->71525K(75008K) Class: 10888K(13312K)->10888K(13312K)
[2020-09-29T10:10:01.440+0000][7792][gc           ] GC(15) Pause Young (Concurrent Start) (G1 Humongous Allocation) 390M->249M(1024M) 19.475ms
[2020-09-29T10:10:01.440+0000][7792][gc,cpu       ] GC(15) User=0.14s Sys=0.00s Real=0.02s
[2020-09-29T10:10:01.440+0000][7792][gc           ] GC(16) Concurrent Cycle
[2020-09-29T10:10:01.440+0000][7792][safepoint    ] Safepoint "G1TryInitiateConcMark", Time since last: 14142600 ns, Reaching safepoint: 163100 ns, At safepoint: 19705200 ns, Total: 19868300 ns
[2020-09-29T10:10:01.440+0000][7792][gc,marking   ] GC(16) Concurrent Clear Claimed Marks
[2020-09-29T10:10:01.441+0000][7792][gc,marking   ] GC(16) Concurrent Clear Claimed Marks 0.508ms
[2020-09-29T10:10:01.441+0000][7792][gc,marking   ] GC(16) Concurrent Scan Root Regions
[2020-09-29T10:10:01.454+0000][7792][gc,marking   ] GC(16) Concurrent Scan Root Regions 13.632ms
[2020-09-29T10:10:01.454+0000][7792][gc,marking   ] GC(16) Concurrent Mark (864.557s)
[2020-09-29T10:10:01.454+0000][7792][gc,marking   ] GC(16) Concurrent Mark From Roots
[2020-09-29T10:10:01.454+0000][7792][gc,task      ] GC(16) Using 2 workers of 2 for marking
[2020-09-29T10:10:01.479+0000][7792][safepoint    ] Safepoint "BulkRevokeBias", Time since last: 37072300 ns, Reaching safepoint: 224800 ns, At safepoint: 1320600 ns, Total: 1545400 ns
[2020-09-29T10:10:01.543+0000][7792][gc,marking   ] GC(16) Concurrent Mark From Roots 87.817ms
[2020-09-29T10:10:01.543+0000][7792][gc,marking   ] GC(16) Concurrent Preclean
[2020-09-29T10:10:01.543+0000][7792][gc,marking   ] GC(16) Concurrent Preclean 0.355ms
[2020-09-29T10:10:01.543+0000][7792][gc,marking   ] GC(16) Concurrent Mark (864.557s, 864.645s) 88.310ms
[2020-09-29T10:10:01.543+0000][7792][gc,start     ] GC(16) Pause Remark
[2020-09-29T10:10:01.548+0000][7792][gc           ] GC(16) Pause Remark 262M->262M(1024M) 4.732ms
[2020-09-29T10:10:01.548+0000][7792][gc,cpu       ] GC(16) User=0.09s Sys=0.00s Real=0.01s
[2020-09-29T10:10:01.548+0000][7792][safepoint    ] Safepoint "G1Concurrent", Time since last: 64081000 ns, Reaching safepoint: 158900 ns, At safepoint: 5113600 ns, Total: 5272500 ns
[2020-09-29T10:10:01.549+0000][7792][gc,marking   ] GC(16) Concurrent Rebuild Remembered Sets
[2020-09-29T10:10:01.613+0000][7792][gc,marking   ] GC(16) Concurrent Rebuild Remembered Sets 63.909ms
[2020-09-29T10:10:01.613+0000][7792][gc,start     ] GC(16) Pause Cleanup
[2020-09-29T10:10:01.613+0000][7792][gc           ] GC(16) Pause Cleanup 263M->263M(1024M) 0.379ms
[2020-09-29T10:10:01.613+0000][7792][gc,cpu       ] GC(16) User=0.00s Sys=0.00s Real=0.00s
[2020-09-29T10:10:01.613+0000][7792][safepoint    ] Safepoint "G1Concurrent", Time since last: 64112800 ns, Reaching safepoint: 800000 ns, At safepoint: 632500 ns, Total: 1432500 ns
[2020-09-29T10:10:01.614+0000][7792][gc,marking   ] GC(16) Concurrent Cleanup for Next Mark
[2020-09-29T10:10:01.616+0000][7792][gc,marking   ] GC(16) Concurrent Cleanup for Next Mark 2.416ms
[2020-09-29T10:10:01.616+0000][7792][gc           ] GC(16) Concurrent Cycle 176.199ms
[2020-09-29T10:10:01.885+0000][7792][safepoint    ] Safepoint "BulkRevokeBias", Time since last: 269689700 ns, Reaching safepoint: 175600 ns, At safepoint: 1339600 ns, Total: 1515200 ns
[2020-09-29T10:10:02.041+0000][7792][gc,start     ] GC(17) Pause Young (Concurrent Start) (G1 Humongous Allocation)
[2020-09-29T10:10:02.041+0000][7792][gc,task      ] GC(17) Using 8 workers of 8 for evacuation
[2020-09-29T10:10:02.041+0000][7792][gc,age       ] GC(17) Desired survivor size 34078720 bytes, new threshold 15 (max threshold 15)
[2020-09-29T10:10:02.061+0000][7792][gc,age       ] GC(17) Age table with threshold 15 (max threshold 15)
[2020-09-29T10:10:02.061+0000][7792][gc,age       ] GC(17) - age   1:    2035368 bytes,    2035368 total
[2020-09-29T10:10:02.061+0000][7792][gc,age       ] GC(17) - age   2:     478920 bytes,    2514288 total
[2020-09-29T10:10:02.061+0000][7792][gc,age       ] GC(17) - age   3:     247776 bytes,    2762064 total
[2020-09-29T10:10:02.061+0000][7792][gc,age       ] GC(17) - age   4:    4590240 bytes,    7352304 total
[2020-09-29T10:10:02.061+0000][7792][gc,age       ] GC(17) - age   5:    2659592 bytes,   10011896 total
[2020-09-29T10:10:02.061+0000][7792][gc,age       ] GC(17) - age   6:    6655056 bytes,   16666952 total
[2020-09-29T10:10:02.061+0000][7792][gc,age       ] GC(17) - age   7:    7890128 bytes,   24557080 total
[2020-09-29T10:10:02.062+0000][7792][gc,phases    ] GC(17)   Pre Evacuate Collection Set: 0.5ms
[2020-09-29T10:10:02.062+0000][7792][gc,phases    ] GC(17)   Merge Heap Roots: 0.1ms
[2020-09-29T10:10:02.062+0000][7792][gc,phases    ] GC(17)   Evacuate Collection Set: 16.3ms
[2020-09-29T10:10:02.062+0000][7792][gc,phases    ] GC(17)   Post Evacuate Collection Set: 2.5ms
[2020-09-29T10:10:02.062+0000][7792][gc,phases    ] GC(17)   Other: 1.2ms
[2020-09-29T10:10:02.062+0000][7792][gc,heap      ] GC(17) Eden regions: 43->0(493)
[2020-09-29T10:10:02.062+0000][7792][gc,heap      ] GC(17) Survivor regions: 25->25(65)
[2020-09-29T10:10:02.062+0000][7792][gc,heap      ] GC(17) Old regions: 50->50
[2020-09-29T10:10:02.062+0000][7792][gc,heap      ] GC(17) Archive regions: 0->0
[2020-09-29T10:10:02.062+0000][7792][gc,heap      ] GC(17) Humongous regions: 257->175
[2020-09-29T10:10:02.062+0000][7792][gc,metaspace ] GC(17) Metaspace: 82670K(88576K)->82670K(88576K) NonClass: 71741K(75264K)->71741K(75264K) Class: 10928K(13312K)->10928K(13312K)
[2020-09-29T10:10:02.062+0000][7792][gc           ] GC(17) Pause Young (Concurrent Start) (G1 Humongous Allocation) 374M->249M(1024M) 21.063ms
[2020-09-29T10:10:02.062+0000][7792][gc,cpu       ] GC(17) User=0.16s Sys=0.02s Real=0.02s
[2020-09-29T10:10:02.062+0000][7792][gc           ] GC(18) Concurrent Cycle
[2020-09-29T10:10:02.062+0000][7792][safepoint    ] Safepoint "G1TryInitiateConcMark", Time since last: 156346200 ns, Reaching safepoint: 168700 ns, At safepoint: 21299500 ns, Total: 21468200 ns
[2020-09-29T10:10:02.062+0000][7792][gc,marking   ] GC(18) Concurrent Clear Claimed Marks
[2020-09-29T10:10:02.063+0000][7792][gc,marking   ] GC(18) Concurrent Clear Claimed Marks 0.412ms
[2020-09-29T10:10:02.063+0000][7792][gc,marking   ] GC(18) Concurrent Scan Root Regions
[2020-09-29T10:10:02.081+0000][7792][gc,marking   ] GC(18) Concurrent Scan Root Regions 17.867ms
[2020-09-29T10:10:02.081+0000][7792][gc,marking   ] GC(18) Concurrent Mark (865.184s)
[2020-09-29T10:10:02.081+0000][7792][gc,marking   ] GC(18) Concurrent Mark From Roots
[2020-09-29T10:10:02.081+0000][7792][gc,task      ] GC(18) Using 2 workers of 2 for marking
[2020-09-29T10:10:02.210+0000][7792][gc,marking   ] GC(18) Concurrent Mark From Roots 128.513ms
[2020-09-29T10:10:02.210+0000][7792][gc,marking   ] GC(18) Concurrent Preclean
[2020-09-29T10:10:02.211+0000][7792][gc,marking   ] GC(18) Concurrent Preclean 0.729ms
[2020-09-29T10:10:02.211+0000][7792][gc,marking   ] GC(18) Concurrent Mark (865.184s, 865.313s) 129.466ms
[2020-09-29T10:10:02.211+0000][7792][gc,start     ] GC(18) Pause Remark
[2020-09-29T10:10:02.217+0000][7792][gc           ] GC(18) Pause Remark 346M->346M(1024M) 6.062ms
[2020-09-29T10:10:02.217+0000][7792][gc,cpu       ] GC(18) User=0.00s Sys=0.00s Real=0.01s
[2020-09-29T10:10:02.218+0000][7792][safepoint    ] Safepoint "G1Concurrent", Time since last: 148192000 ns, Reaching safepoint: 202500 ns, At safepoint: 6321700 ns, Total: 6524200 ns
[2020-09-29T10:10:02.218+0000][7792][gc,marking   ] GC(18) Concurrent Rebuild Remembered Sets
[2020-09-29T10:10:02.282+0000][7792][gc,marking   ] GC(18) Concurrent Rebuild Remembered Sets 65.376ms
[2020-09-29T10:10:02.283+0000][7792][gc,start     ] GC(18) Pause Cleanup
[2020-09-29T10:10:02.283+0000][7792][gc           ] GC(18) Pause Cleanup 351M->351M(1024M) 0.351ms
[2020-09-29T10:10:02.284+0000][7792][gc,cpu       ] GC(18) User=0.00s Sys=0.00s Real=0.00s
[2020-09-29T10:10:02.284+0000][7792][safepoint    ] Safepoint "G1Concurrent", Time since last: 65589400 ns, Reaching safepoint: 512300 ns, At safepoint: 590200 ns, Total: 1102500 ns
[2020-09-29T10:10:02.284+0000][7792][gc,marking   ] GC(18) Concurrent Cleanup for Next Mark
[2020-09-29T10:10:02.286+0000][7792][gc,marking   ] GC(18) Concurrent Cleanup for Next Mark 1.862ms
[2020-09-29T10:10:02.286+0000][7792][gc           ] GC(18) Concurrent Cycle 223.528ms
[2020-09-29T10:10:02.850+0000][7792][safepoint    ] Safepoint "BulkRevokeBias", Time since last: 565265500 ns, Reaching safepoint: 141900 ns, At safepoint: 928200 ns, Total: 1070100 ns
[2020-09-29T10:10:03.851+0000][7792][safepoint    ] Safepoint "Cleanup", Time since last: 1000281600 ns, Reaching safepoint: 124000 ns, At safepoint: 9100 ns, Total: 133100 ns
[2020-09-29T10:10:04.469+0000][7792][gc,start     ] GC(19) Pause Young (Concurrent Start) (G1 Humongous Allocation)
[2020-09-29T10:10:04.469+0000][7792][gc,task      ] GC(19) Using 8 workers of 8 for evacuation
[2020-09-29T10:10:04.469+0000][7792][gc,age       ] GC(19) Desired survivor size 34078720 bytes, new threshold 15 (max threshold 15)
[2020-09-29T10:10:04.484+0000][7792][gc,age       ] GC(19) Age table with threshold 15 (max threshold 15)
[2020-09-29T10:10:04.485+0000][7792][gc,age       ] GC(19) - age   1:    2340584 bytes,    2340584 total
[2020-09-29T10:10:04.485+0000][7792][gc,age       ] GC(19) - age   2:     268008 bytes,    2608592 total
[2020-09-29T10:10:04.485+0000][7792][gc,age       ] GC(19) - age   3:     477864 bytes,    3086456 total
[2020-09-29T10:10:04.485+0000][7792][gc,age       ] GC(19) - age   4:     247776 bytes,    3334232 total
[2020-09-29T10:10:04.485+0000][7792][gc,age       ] GC(19) - age   5:    4588096 bytes,    7922328 total
[2020-09-29T10:10:04.485+0000][7792][gc,age       ] GC(19) - age   6:    2659448 bytes,   10581776 total
[2020-09-29T10:10:04.485+0000][7792][gc,age       ] GC(19) - age   7:    6654992 bytes,   17236768 total
[2020-09-29T10:10:04.485+0000][7792][gc,age       ] GC(19) - age   8:    7890128 bytes,   25126896 total
[2020-09-29T10:10:04.485+0000][7792][gc,phases    ] GC(19)   Pre Evacuate Collection Set: 0.4ms
[2020-09-29T10:10:04.485+0000][7792][gc,phases    ] GC(19)   Merge Heap Roots: 0.1ms
[2020-09-29T10:10:04.485+0000][7792][gc,phases    ] GC(19)   Evacuate Collection Set: 13.2ms
[2020-09-29T10:10:04.485+0000][7792][gc,phases    ] GC(19)   Post Evacuate Collection Set: 1.7ms
[2020-09-29T10:10:04.485+0000][7792][gc,phases    ] GC(19)   Other: 0.7ms
[2020-09-29T10:10:04.485+0000][7792][gc,heap      ] GC(19) Eden regions: 42->0(491)
[2020-09-29T10:10:04.485+0000][7792][gc,heap      ] GC(19) Survivor regions: 25->26(65)
[2020-09-29T10:10:04.485+0000][7792][gc,heap      ] GC(19) Old regions: 50->50
[2020-09-29T10:10:04.485+0000][7792][gc,heap      ] GC(19) Archive regions: 0->0
[2020-09-29T10:10:04.485+0000][7792][gc,heap      ] GC(19) Humongous regions: 257->175
[2020-09-29T10:10:04.485+0000][7792][gc,metaspace ] GC(19) Metaspace: 82752K(88576K)->82752K(88576K) NonClass: 71823K(75264K)->71823K(75264K) Class: 10928K(13312K)->10928K(13312K)
[2020-09-29T10:10:04.485+0000][7792][gc           ] GC(19) Pause Young (Concurrent Start) (G1 Humongous Allocation) 373M->250M(1024M) 16.293ms
[2020-09-29T10:10:04.485+0000][7792][gc,cpu       ] GC(19) User=0.11s Sys=0.00s Real=0.02s
[2020-09-29T10:10:04.485+0000][7792][gc           ] GC(20) Concurrent Cycle
[2020-09-29T10:10:04.485+0000][7792][gc,marking   ] GC(20) Concurrent Clear Claimed Marks
[2020-09-29T10:10:04.486+0000][7792][gc,marking   ] GC(20) Concurrent Clear Claimed Marks 0.388ms
[2020-09-29T10:10:04.486+0000][7792][safepoint    ] Safepoint "G1TryInitiateConcMark", Time since last: 617631100 ns, Reaching safepoint: 214400 ns, At safepoint: 16914700 ns, Total: 17129100 ns
[2020-09-29T10:10:04.486+0000][7792][gc,marking   ] GC(20) Concurrent Scan Root Regions
[2020-09-29T10:10:04.502+0000][7792][gc,marking   ] GC(20) Concurrent Scan Root Regions 16.200ms
[2020-09-29T10:10:04.502+0000][7792][gc,marking   ] GC(20) Concurrent Mark (867.604s)
[2020-09-29T10:10:04.502+0000][7792][gc,marking   ] GC(20) Concurrent Mark From Roots
[2020-09-29T10:10:04.502+0000][7792][gc,task      ] GC(20) Using 2 workers of 2 for marking
[2020-09-29T10:10:04.581+0000][7792][gc,marking   ] GC(20) Concurrent Mark From Roots 78.679ms
[2020-09-29T10:10:04.581+0000][7792][gc,marking   ] GC(20) Concurrent Preclean
[2020-09-29T10:10:04.582+0000][7792][gc,marking   ] GC(20) Concurrent Preclean 0.504ms
[2020-09-29T10:10:04.582+0000][7792][gc,marking   ] GC(20) Concurrent Mark (867.604s, 867.684s) 79.352ms
[2020-09-29T10:10:04.582+0000][7792][gc,start     ] GC(20) Pause Remark
[2020-09-29T10:10:04.586+0000][7792][gc           ] GC(20) Pause Remark 359M->359M(1024M) 4.247ms
[2020-09-29T10:10:04.586+0000][7792][gc,cpu       ] GC(20) User=0.00s Sys=0.00s Real=0.00s
[2020-09-29T10:10:04.586+0000][7792][safepoint    ] Safepoint "G1Concurrent", Time since last: 95739900 ns, Reaching safepoint: 148300 ns, At safepoint: 4454100 ns, Total: 4602400 ns
[2020-09-29T10:10:04.586+0000][7792][gc,marking   ] GC(20) Concurrent Rebuild Remembered Sets
[2020-09-29T10:10:04.637+0000][7792][gc,marking   ] GC(20) Concurrent Rebuild Remembered Sets 50.541ms
[2020-09-29T10:10:04.637+0000][7792][gc,start     ] GC(20) Pause Cleanup
[2020-09-29T10:10:04.638+0000][7792][gc           ] GC(20) Pause Cleanup 370M->370M(1024M) 0.260ms
[2020-09-29T10:10:04.638+0000][7792][gc,cpu       ] GC(20) User=0.00s Sys=0.00s Real=0.00s
[2020-09-29T10:10:04.638+0000][7792][safepoint    ] Safepoint "G1Concurrent", Time since last: 50721700 ns, Reaching safepoint: 144700 ns, At safepoint: 451700 ns, Total: 596400 ns
[2020-09-29T10:10:04.638+0000][7792][gc,marking   ] GC(20) Concurrent Cleanup for Next Mark
[2020-09-29T10:10:04.640+0000][7792][gc,marking   ] GC(20) Concurrent Cleanup for Next Mark 1.814ms
[2020-09-29T10:10:04.640+0000][7792][gc           ] GC(20) Concurrent Cycle 154.099ms
[2020-09-29T10:10:04.642+0000][7792][gc,start     ] GC(21) Pause Young (Concurrent Start) (G1 Humongous Allocation)
[2020-09-29T10:10:04.642+0000][7792][gc,task      ] GC(21) Using 8 workers of 8 for evacuation
[2020-09-29T10:10:04.642+0000][7792][gc,age       ] GC(21) Desired survivor size 34078720 bytes, new threshold 15 (max threshold 15)
[2020-09-29T10:10:04.660+0000][7792][gc,age       ] GC(21) Age table with threshold 15 (max threshold 15)
[2020-09-29T10:10:04.660+0000][7792][gc,age       ] GC(21) - age   1:    2866800 bytes,    2866800 total
[2020-09-29T10:10:04.660+0000][7792][gc,age       ] GC(21) - age   2:      67256 bytes,    2934056 total
[2020-09-29T10:10:04.660+0000][7792][gc,age       ] GC(21) - age   3:     267856 bytes,    3201912 total
[2020-09-29T10:10:04.660+0000][7792][gc,age       ] GC(21) - age   4:     477560 bytes,    3679472 total
[2020-09-29T10:10:04.660+0000][7792][gc,age       ] GC(21) - age   5:     247240 bytes,    3926712 total
[2020-09-29T10:10:04.660+0000][7792][gc,age       ] GC(21) - age   6:    4588096 bytes,    8514808 total
[2020-09-29T10:10:04.660+0000][7792][gc,age       ] GC(21) - age   7:    2659304 bytes,   11174112 total
[2020-09-29T10:10:04.660+0000][7792][gc,age       ] GC(21) - age   8:    6654992 bytes,   17829104 total
[2020-09-29T10:10:04.660+0000][7792][gc,age       ] GC(21) - age   9:    7890128 bytes,   25719232 total
[2020-09-29T10:10:04.660+0000][7792][gc,phases    ] GC(21)   Pre Evacuate Collection Set: 0.4ms
[2020-09-29T10:10:04.660+0000][7792][gc,phases    ] GC(21)   Merge Heap Roots: 0.1ms
[2020-09-29T10:10:04.660+0000][7792][gc,phases    ] GC(21)   Evacuate Collection Set: 15.0ms
[2020-09-29T10:10:04.660+0000][7792][gc,phases    ] GC(21)   Post Evacuate Collection Set: 1.9ms
[2020-09-29T10:10:04.660+0000][7792][gc,phases    ] GC(21)   Other: 0.8ms
[2020-09-29T10:10:04.661+0000][7792][gc,heap      ] GC(21) Eden regions: 39->0(490)
[2020-09-29T10:10:04.661+0000][7792][gc,heap      ] GC(21) Survivor regions: 26->27(65)
[2020-09-29T10:10:04.661+0000][7792][gc,heap      ] GC(21) Old regions: 50->50
[2020-09-29T10:10:04.661+0000][7792][gc,heap      ] GC(21) Archive regions: 0->0
[2020-09-29T10:10:04.661+0000][7792][gc,heap      ] GC(21) Humongous regions: 258->174
[2020-09-29T10:10:04.661+0000][7792][gc,metaspace ] GC(21) Metaspace: 82799K(88576K)->82799K(88576K) NonClass: 71870K(75264K)->71870K(75264K) Class: 10928K(13312K)->10928K(13312K)
[2020-09-29T10:10:04.661+0000][7792][gc           ] GC(21) Pause Young (Concurrent Start) (G1 Humongous Allocation) 371M->249M(1024M) 18.769ms
[2020-09-29T10:10:04.661+0000][7792][gc,cpu       ] GC(21) User=0.13s Sys=0.00s Real=0.02s
[2020-09-29T10:10:04.661+0000][7792][gc           ] GC(22) Concurrent Cycle
[2020-09-29T10:10:04.661+0000][7792][safepoint    ] Safepoint "G1TryInitiateConcMark", Time since last: 4679300 ns, Reaching safepoint: 114500 ns, At safepoint: 18983200 ns, Total: 19097700 ns
[2020-09-29T10:10:04.661+0000][7792][gc,marking   ] GC(22) Concurrent Clear Claimed Marks
[2020-09-29T10:10:04.662+0000][7792][gc,marking   ] GC(22) Concurrent Clear Claimed Marks 0.488ms
[2020-09-29T10:10:04.662+0000][7792][gc,marking   ] GC(22) Concurrent Scan Root Regions
[2020-09-29T10:10:04.679+0000][7792][gc,marking   ] GC(22) Concurrent Scan Root Regions 17.205ms
[2020-09-29T10:10:04.679+0000][7792][gc,marking   ] GC(22) Concurrent Mark (867.781s)
[2020-09-29T10:10:04.679+0000][7792][gc,marking   ] GC(22) Concurrent Mark From Roots
[2020-09-29T10:10:04.679+0000][7792][gc,task      ] GC(22) Using 2 workers of 2 for marking
[2020-09-29T10:10:04.774+0000][7792][gc,marking   ] GC(22) Concurrent Mark From Roots 95.250ms
[2020-09-29T10:10:04.774+0000][7792][gc,marking   ] GC(22) Concurrent Preclean
[2020-09-29T10:10:04.775+0000][7792][gc,marking   ] GC(22) Concurrent Preclean 0.503ms
[2020-09-29T10:10:04.775+0000][7792][gc,marking   ] GC(22) Concurrent Mark (867.781s, 867.877s) 95.918ms
[2020-09-29T10:10:04.775+0000][7792][gc,start     ] GC(22) Pause Remark
[2020-09-29T10:10:04.780+0000][7792][gc           ] GC(22) Pause Remark 376M->376M(1024M) 5.037ms
[2020-09-29T10:10:04.780+0000][7792][gc,cpu       ] GC(22) User=0.09s Sys=0.00s Real=0.00s
[2020-09-29T10:10:04.780+0000][7792][safepoint    ] Safepoint "G1Concurrent", Time since last: 113908100 ns, Reaching safepoint: 135500 ns, At safepoint: 5310100 ns, Total: 5445600 ns
[2020-09-29T10:10:04.780+0000][7792][gc,marking   ] GC(22) Concurrent Rebuild Remembered Sets
[2020-09-29T10:10:04.794+0000][7792][safepoint    ] Safepoint "BulkRevokeBias", Time since last: 9416800 ns, Reaching safepoint: 458200 ns, At safepoint: 3456100 ns, Total: 3914300 ns
[2020-09-29T10:10:04.841+0000][7792][gc,marking   ] GC(22) Concurrent Rebuild Remembered Sets 60.809ms
[2020-09-29T10:10:04.842+0000][7792][gc,start     ] GC(22) Pause Cleanup
[2020-09-29T10:10:04.842+0000][7792][gc           ] GC(22) Pause Cleanup 397M->397M(1024M) 0.329ms
[2020-09-29T10:10:04.842+0000][7792][gc,cpu       ] GC(22) User=0.00s Sys=0.00s Real=0.00s
[2020-09-29T10:10:04.842+0000][7792][safepoint    ] Safepoint "G1Concurrent", Time since last: 47691900 ns, Reaching safepoint: 214900 ns, At safepoint: 494800 ns, Total: 709700 ns
[2020-09-29T10:10:04.842+0000][7792][gc,marking   ] GC(22) Concurrent Cleanup for Next Mark
[2020-09-29T10:10:04.844+0000][7792][gc,marking   ] GC(22) Concurrent Cleanup for Next Mark 1.991ms
[2020-09-29T10:10:04.844+0000][7792][gc           ] GC(22) Concurrent Cycle 183.291ms
[2020-09-29T10:10:04.845+0000][7792][gc,start     ] GC(23) Pause Young (Concurrent Start) (G1 Humongous Allocation)
[2020-09-29T10:10:04.845+0000][7792][gc,task      ] GC(23) Using 8 workers of 8 for evacuation
[2020-09-29T10:10:04.845+0000][7792][gc,age       ] GC(23) Desired survivor size 34078720 bytes, new threshold 15 (max threshold 15)
[2020-09-29T10:10:04.864+0000][7792][gc,age       ] GC(23) Age table with threshold 15 (max threshold 15)
[2020-09-29T10:10:04.865+0000][7792][gc,age       ] GC(23) - age   1:    2434008 bytes,    2434008 total
[2020-09-29T10:10:04.865+0000][7792][gc,age       ] GC(23) - age   2:     259728 bytes,    2693736 total
[2020-09-29T10:10:04.865+0000][7792][gc,age       ] GC(23) - age   3:      67224 bytes,    2760960 total
[2020-09-29T10:10:04.865+0000][7792][gc,age       ] GC(23) - age   4:     267424 bytes,    3028384 total
[2020-09-29T10:10:04.865+0000][7792][gc,age       ] GC(23) - age   5:     475048 bytes,    3503432 total
[2020-09-29T10:10:04.865+0000][7792][gc,age       ] GC(23) - age   6:     246808 bytes,    3750240 total
[2020-09-29T10:10:04.865+0000][7792][gc,age       ] GC(23) - age   7:    4587424 bytes,    8337664 total
[2020-09-29T10:10:04.865+0000][7792][gc,age       ] GC(23) - age   8:    2659304 bytes,   10996968 total
[2020-09-29T10:10:04.865+0000][7792][gc,age       ] GC(23) - age   9:    6654992 bytes,   17651960 total
[2020-09-29T10:10:04.865+0000][7792][gc,age       ] GC(23) - age  10:    7890128 bytes,   25542088 total
[2020-09-29T10:10:04.865+0000][7792][gc,phases    ] GC(23)   Pre Evacuate Collection Set: 0.5ms
[2020-09-29T10:10:04.865+0000][7792][gc,phases    ] GC(23)   Merge Heap Roots: 0.3ms
[2020-09-29T10:10:04.865+0000][7792][gc,phases    ] GC(23)   Evacuate Collection Set: 16.5ms
[2020-09-29T10:10:04.865+0000][7792][gc,phases    ] GC(23)   Post Evacuate Collection Set: 2.0ms
[2020-09-29T10:10:04.865+0000][7792][gc,phases    ] GC(23)   Other: 0.9ms
[2020-09-29T10:10:04.865+0000][7792][gc,heap      ] GC(23) Eden regions: 39->0(492)
[2020-09-29T10:10:04.865+0000][7792][gc,heap      ] GC(23) Survivor regions: 27->26(65)
[2020-09-29T10:10:04.865+0000][7792][gc,heap      ] GC(23) Old regions: 50->50
[2020-09-29T10:10:04.865+0000][7792][gc,heap      ] GC(23) Archive regions: 0->0
[2020-09-29T10:10:04.865+0000][7792][gc,heap      ] GC(23) Humongous regions: 288->174
[2020-09-29T10:10:04.865+0000][7792][gc,metaspace ] GC(23) Metaspace: 82849K(88832K)->82849K(88832K) NonClass: 71921K(75520K)->71921K(75520K) Class: 10928K(13312K)->10928K(13312K)
[2020-09-29T10:10:04.866+0000][7792][gc           ] GC(23) Pause Young (Concurrent Start) (G1 Humongous Allocation) 402M->249M(1024M) 20.766ms
[2020-09-29T10:10:04.866+0000][7792][gc,cpu       ] GC(23) User=0.13s Sys=0.00s Real=0.02s
[2020-09-29T10:10:04.866+0000][7792][gc           ] GC(24) Concurrent Cycle
[2020-09-29T10:10:04.866+0000][7792][gc,marking   ] GC(24) Concurrent Clear Claimed Marks
[2020-09-29T10:10:04.866+0000][7792][gc,marking   ] GC(24) Concurrent Clear Claimed Marks 0.343ms
[2020-09-29T10:10:04.866+0000][7792][gc,marking   ] GC(24) Concurrent Scan Root Regions
[2020-09-29T10:10:04.867+0000][7792][safepoint    ] Safepoint "G1TryInitiateConcMark", Time since last: 2484100 ns, Reaching safepoint: 180300 ns, At safepoint: 22312900 ns, Total: 22493200 ns
[2020-09-29T10:10:04.886+0000][7792][gc,marking   ] GC(24) Concurrent Scan Root Regions 19.557ms
[2020-09-29T10:10:04.886+0000][7792][gc,marking   ] GC(24) Concurrent Mark (867.988s)
[2020-09-29T10:10:04.886+0000][7792][gc,marking   ] GC(24) Concurrent Mark From Roots
[2020-09-29T10:10:04.886+0000][7792][gc,task      ] GC(24) Using 2 workers of 2 for marking
[2020-09-29T10:10:04.990+0000][7792][gc,marking   ] GC(24) Concurrent Mark From Roots 104.618ms
[2020-09-29T10:10:04.991+0000][7792][gc,marking   ] GC(24) Concurrent Preclean
[2020-09-29T10:10:04.991+0000][7792][gc,marking   ] GC(24) Concurrent Preclean 0.500ms
[2020-09-29T10:10:04.991+0000][7792][gc,marking   ] GC(24) Concurrent Mark (867.988s, 868.094s) 105.345ms
[2020-09-29T10:10:04.991+0000][7792][gc,start     ] GC(24) Pause Remark
[2020-09-29T10:10:04.996+0000][7792][gc           ] GC(24) Pause Remark 296M->296M(1024M) 4.514ms
[2020-09-29T10:10:04.996+0000][7792][gc,cpu       ] GC(24) User=0.00s Sys=0.00s Real=0.01s
[2020-09-29T10:10:04.996+0000][7792][safepoint    ] Safepoint "G1Concurrent", Time since last: 124214000 ns, Reaching safepoint: 181200 ns, At safepoint: 4823700 ns, Total: 5004900 ns
[2020-09-29T10:10:04.996+0000][7792][gc,marking   ] GC(24) Concurrent Rebuild Remembered Sets
[2020-09-29T10:10:05.062+0000][7792][gc,marking   ] GC(24) Concurrent Rebuild Remembered Sets 65.520ms
[2020-09-29T10:10:05.062+0000][7792][gc,start     ] GC(24) Pause Cleanup
[2020-09-29T10:10:05.062+0000][7792][gc           ] GC(24) Pause Cleanup 361M->361M(1024M) 0.340ms
[2020-09-29T10:10:05.063+0000][7792][gc,cpu       ] GC(24) User=0.00s Sys=0.00s Real=0.00s
[2020-09-29T10:10:05.063+0000][7792][safepoint    ] Safepoint "G1Concurrent", Time since last: 65764200 ns, Reaching safepoint: 144100 ns, At safepoint: 559200 ns, Total: 703300 ns
[2020-09-29T10:10:05.063+0000][7792][gc,marking   ] GC(24) Concurrent Cleanup for Next Mark
[2020-09-29T10:10:05.065+0000][7792][gc,marking   ] GC(24) Concurrent Cleanup for Next Mark 1.774ms
[2020-09-29T10:10:05.065+0000][7792][gc           ] GC(24) Concurrent Cycle 199.030ms
[2020-09-29T10:10:05.116+0000][7792][gc,start     ] GC(25) Pause Young (Concurrent Start) (G1 Humongous Allocation)
[2020-09-29T10:10:05.116+0000][7792][gc,task      ] GC(25) Using 8 workers of 8 for evacuation
[2020-09-29T10:10:05.116+0000][7792][gc,age       ] GC(25) Desired survivor size 34078720 bytes, new threshold 15 (max threshold 15)
[2020-09-29T10:10:05.138+0000][7792][gc,age       ] GC(25) Age table with threshold 15 (max threshold 15)
[2020-09-29T10:10:05.138+0000][7792][gc,age       ] GC(25) - age   1:    2841488 bytes,    2841488 total
[2020-09-29T10:10:05.138+0000][7792][gc,age       ] GC(25) - age   2:     258808 bytes,    3100296 total
[2020-09-29T10:10:05.138+0000][7792][gc,age       ] GC(25) - age   3:     256320 bytes,    3356616 total
[2020-09-29T10:10:05.138+0000][7792][gc,age       ] GC(25) - age   4:      65448 bytes,    3422064 total
[2020-09-29T10:10:05.138+0000][7792][gc,age       ] GC(25) - age   5:     267208 bytes,    3689272 total
[2020-09-29T10:10:05.138+0000][7792][gc,age       ] GC(25) - age   6:     474880 bytes,    4164152 total
[2020-09-29T10:10:05.138+0000][7792][gc,age       ] GC(25) - age   7:     246448 bytes,    4410600 total
[2020-09-29T10:10:05.138+0000][7792][gc,age       ] GC(25) - age   8:    4587152 bytes,    8997752 total
[2020-09-29T10:10:05.138+0000][7792][gc,age       ] GC(25) - age   9:    2659304 bytes,   11657056 total
[2020-09-29T10:10:05.139+0000][7792][gc,age       ] GC(25) - age  10:    6654992 bytes,   18312048 total
[2020-09-29T10:10:05.139+0000][7792][gc,age       ] GC(25) - age  11:    7890128 bytes,   26202176 total
[2020-09-29T10:10:05.139+0000][7792][gc,phases    ] GC(25)   Pre Evacuate Collection Set: 0.5ms
[2020-09-29T10:10:05.139+0000][7792][gc,phases    ] GC(25)   Merge Heap Roots: 0.1ms
[2020-09-29T10:10:05.139+0000][7792][gc,phases    ] GC(25)   Evacuate Collection Set: 18.9ms
[2020-09-29T10:10:05.139+0000][7792][gc,phases    ] GC(25)   Post Evacuate Collection Set: 2.2ms
[2020-09-29T10:10:05.139+0000][7792][gc,phases    ] GC(25)   Other: 1.2ms
[2020-09-29T10:10:05.139+0000][7792][gc,heap      ] GC(25) Eden regions: 40->0(489)
[2020-09-29T10:10:05.139+0000][7792][gc,heap      ] GC(25) Survivor regions: 26->27(65)
[2020-09-29T10:10:05.139+0000][7792][gc,heap      ] GC(25) Old regions: 50->50
[2020-09-29T10:10:05.139+0000][7792][gc,heap      ] GC(25) Archive regions: 0->0
[2020-09-29T10:10:05.139+0000][7792][gc,heap      ] GC(25) Humongous regions: 257->175
[2020-09-29T10:10:05.139+0000][7792][gc,metaspace ] GC(25) Metaspace: 82889K(88832K)->82889K(88832K) NonClass: 71960K(75520K)->71960K(75520K) Class: 10928K(13312K)->10928K(13312K)
[2020-09-29T10:10:05.139+0000][7792][gc           ] GC(25) Pause Young (Concurrent Start) (G1 Humongous Allocation) 371M->250M(1024M) 23.401ms
[2020-09-29T10:10:05.139+0000][7792][gc,cpu       ] GC(25) User=0.11s Sys=0.00s Real=0.02s
[2020-09-29T10:10:05.139+0000][7792][gc           ] GC(26) Concurrent Cycle
[2020-09-29T10:10:05.139+0000][7792][safepoint    ] Safepoint "G1TryInitiateConcMark", Time since last: 52935700 ns, Reaching safepoint: 175700 ns, At safepoint: 23671700 ns, Total: 23847400 ns
[2020-09-29T10:10:05.140+0000][7792][gc,marking   ] GC(26) Concurrent Clear Claimed Marks
[2020-09-29T10:10:05.140+0000][7792][gc,marking   ] GC(26) Concurrent Clear Claimed Marks 0.416ms
[2020-09-29T10:10:05.140+0000][7792][gc,marking   ] GC(26) Concurrent Scan Root Regions
[2020-09-29T10:10:05.161+0000][7792][gc,marking   ] GC(26) Concurrent Scan Root Regions 20.532ms
[2020-09-29T10:10:05.161+0000][7792][gc,marking   ] GC(26) Concurrent Mark (868.263s)
[2020-09-29T10:10:05.161+0000][7792][gc,marking   ] GC(26) Concurrent Mark From Roots
[2020-09-29T10:10:05.161+0000][7792][gc,task      ] GC(26) Using 2 workers of 2 for marking
[2020-09-29T10:10:05.278+0000][7792][gc,marking   ] GC(26) Concurrent Mark From Roots 117.054ms
[2020-09-29T10:10:05.278+0000][7792][gc,marking   ] GC(26) Concurrent Preclean
[2020-09-29T10:10:05.278+0000][7792][gc,marking   ] GC(26) Concurrent Preclean 0.571ms
[2020-09-29T10:10:05.279+0000][7792][gc,marking   ] GC(26) Concurrent Mark (868.263s, 868.381s) 117.877ms
[2020-09-29T10:10:05.279+0000][7792][gc,start     ] GC(26) Pause Remark
[2020-09-29T10:10:05.284+0000][7792][gc           ] GC(26) Pause Remark 351M->351M(1024M) 5.372ms
[2020-09-29T10:10:05.284+0000][7792][gc,cpu       ] GC(26) User=0.11s Sys=0.00s Real=0.00s
[2020-09-29T10:10:05.284+0000][7792][safepoint    ] Safepoint "G1Concurrent", Time since last: 139124500 ns, Reaching safepoint: 230800 ns, At safepoint: 5663000 ns, Total: 5893800 ns
[2020-09-29T10:10:05.285+0000][7792][gc,marking   ] GC(26) Concurrent Rebuild Remembered Sets
[2020-09-29T10:10:05.347+0000][7792][gc,marking   ] GC(26) Concurrent Rebuild Remembered Sets 62.714ms
[2020-09-29T10:10:05.348+0000][7792][gc,start     ] GC(26) Pause Cleanup
[2020-09-29T10:10:05.348+0000][7792][gc           ] GC(26) Pause Cleanup 378M->378M(1024M) 0.431ms
[2020-09-29T10:10:05.348+0000][7792][gc,cpu       ] GC(26) User=0.00s Sys=0.00s Real=0.00s
[2020-09-29T10:10:05.348+0000][7792][safepoint    ] Safepoint "G1Concurrent", Time since last: 62970700 ns, Reaching safepoint: 212800 ns, At safepoint: 762100 ns, Total: 974900 ns
[2020-09-29T10:10:05.348+0000][7792][gc,marking   ] GC(26) Concurrent Cleanup for Next Mark
[2020-09-29T10:10:05.350+0000][7792][gc,marking   ] GC(26) Concurrent Cleanup for Next Mark 2.026ms
[2020-09-29T10:10:05.351+0000][7792][gc           ] GC(26) Concurrent Cycle 211.311ms
[2020-09-29T10:10:05.363+0000][7792][safepoint    ] Safepoint "BulkRevokeBias", Time since last: 9692300 ns, Reaching safepoint: 153600 ns, At safepoint: 4809000 ns, Total: 4962600 ns
[2020-09-29T10:10:05.392+0000][7792][gc,start     ] GC(27) Pause Young (Concurrent Start) (G1 Humongous Allocation)
[2020-09-29T10:10:05.392+0000][7792][gc,task      ] GC(27) Using 8 workers of 8 for evacuation
[2020-09-29T10:10:05.392+0000][7792][gc,age       ] GC(27) Desired survivor size 34078720 bytes, new threshold 15 (max threshold 15)
[2020-09-29T10:10:05.412+0000][7792][gc,age       ] GC(27) Age table with threshold 15 (max threshold 15)
[2020-09-29T10:10:05.412+0000][7792][gc,age       ] GC(27) - age   1:    2834720 bytes,    2834720 total
[2020-09-29T10:10:05.412+0000][7792][gc,age       ] GC(27) - age   2:     236360 bytes,    3071080 total
[2020-09-29T10:10:05.412+0000][7792][gc,age       ] GC(27) - age   3:     258808 bytes,    3329888 total
[2020-09-29T10:10:05.412+0000][7792][gc,age       ] GC(27) - age   4:     256136 bytes,    3586024 total
[2020-09-29T10:10:05.412+0000][7792][gc,age       ] GC(27) - age   5:      64560 bytes,    3650584 total
[2020-09-29T10:10:05.412+0000][7792][gc,age       ] GC(27) - age   6:     267136 bytes,    3917720 total
[2020-09-29T10:10:05.412+0000][7792][gc,age       ] GC(27) - age   7:     472464 bytes,    4390184 total
[2020-09-29T10:10:05.413+0000][7792][gc,age       ] GC(27) - age   8:     246032 bytes,    4636216 total
[2020-09-29T10:10:05.413+0000][7792][gc,age       ] GC(27) - age   9:    4585280 bytes,    9221496 total
[2020-09-29T10:10:05.413+0000][7792][gc,age       ] GC(27) - age  10:    2659304 bytes,   11880800 total
[2020-09-29T10:10:05.413+0000][7792][gc,age       ] GC(27) - age  11:    6654992 bytes,   18535792 total
[2020-09-29T10:10:05.413+0000][7792][gc,age       ] GC(27) - age  12:    7890128 bytes,   26425920 total
[2020-09-29T10:10:05.413+0000][7792][gc,phases    ] GC(27)   Pre Evacuate Collection Set: 0.5ms
[2020-09-29T10:10:05.413+0000][7792][gc,phases    ] GC(27)   Merge Heap Roots: 0.1ms
[2020-09-29T10:10:05.413+0000][7792][gc,phases    ] GC(27)   Evacuate Collection Set: 16.5ms
[2020-09-29T10:10:05.413+0000][7792][gc,phases    ] GC(27)   Post Evacuate Collection Set: 2.6ms
[2020-09-29T10:10:05.413+0000][7792][gc,phases    ] GC(27)   Other: 1.2ms
[2020-09-29T10:10:05.413+0000][7792][gc,heap      ] GC(27) Eden regions: 40->0(490)
[2020-09-29T10:10:05.413+0000][7792][gc,heap      ] GC(27) Survivor regions: 27->27(65)
[2020-09-29T10:10:05.413+0000][7792][gc,heap      ] GC(27) Old regions: 50->50
[2020-09-29T10:10:05.413+0000][7792][gc,heap      ] GC(27) Archive regions: 0->0
[2020-09-29T10:10:05.413+0000][7792][gc,heap      ] GC(27) Humongous regions: 270->174
[2020-09-29T10:10:05.413+0000][7792][gc,metaspace ] GC(27) Metaspace: 82923K(88832K)->82923K(88832K) NonClass: 71994K(75520K)->71994K(75520K) Class: 10928K(13312K)->10928K(13312K)
[2020-09-29T10:10:05.413+0000][7792][gc           ] GC(27) Pause Young (Concurrent Start) (G1 Humongous Allocation) 385M->249M(1024M) 21.456ms
[2020-09-29T10:10:05.414+0000][7792][gc,cpu       ] GC(27) User=0.13s Sys=0.00s Real=0.02s
[2020-09-29T10:10:05.414+0000][7792][gc           ] GC(28) Concurrent Cycle
[2020-09-29T10:10:05.414+0000][7792][safepoint    ] Safepoint "G1TryInitiateConcMark", Time since last: 28872000 ns, Reaching safepoint: 178400 ns, At safepoint: 21706600 ns, Total: 21885000 ns
[2020-09-29T10:10:05.414+0000][7792][gc,marking   ] GC(28) Concurrent Clear Claimed Marks
[2020-09-29T10:10:05.414+0000][7792][gc,marking   ] GC(28) Concurrent Clear Claimed Marks 0.625ms
[2020-09-29T10:10:05.414+0000][7792][gc,marking   ] GC(28) Concurrent Scan Root Regions
[2020-09-29T10:10:05.435+0000][7792][gc,marking   ] GC(28) Concurrent Scan Root Regions 20.803ms
[2020-09-29T10:10:05.435+0000][7792][gc,marking   ] GC(28) Concurrent Mark (868.538s)
[2020-09-29T10:10:05.436+0000][7792][gc,marking   ] GC(28) Concurrent Mark From Roots
[2020-09-29T10:10:05.436+0000][7792][gc,task      ] GC(28) Using 2 workers of 2 for marking
[2020-09-29T10:10:05.564+0000][7792][gc,marking   ] GC(28) Concurrent Mark From Roots 128.074ms
[2020-09-29T10:10:05.564+0000][7792][gc,marking   ] GC(28) Concurrent Preclean
[2020-09-29T10:10:05.564+0000][7792][gc,marking   ] GC(28) Concurrent Preclean 0.582ms
[2020-09-29T10:10:05.564+0000][7792][gc,marking   ] GC(28) Concurrent Mark (868.538s, 868.667s) 128.890ms
[2020-09-29T10:10:05.565+0000][7792][gc,start     ] GC(28) Pause Remark
[2020-09-29T10:10:05.570+0000][7792][gc           ] GC(28) Pause Remark 369M->369M(1024M) 5.126ms
[2020-09-29T10:10:05.570+0000][7792][gc,cpu       ] GC(28) User=0.00s Sys=0.00s Real=0.00s
[2020-09-29T10:10:05.573+0000][7792][safepoint    ] Safepoint "G1Concurrent", Time since last: 150788900 ns, Reaching safepoint: 282300 ns, At safepoint: 7775400 ns, Total: 8057700 ns
[2020-09-29T10:10:05.573+0000][7792][gc,marking   ] GC(28) Concurrent Rebuild Remembered Sets
[2020-09-29T10:10:05.655+0000][7792][gc,marking   ] GC(28) Concurrent Rebuild Remembered Sets 82.170ms
[2020-09-29T10:10:05.655+0000][7792][gc,start     ] GC(28) Pause Cleanup
[2020-09-29T10:10:05.656+0000][7792][gc           ] GC(28) Pause Cleanup 371M->371M(1024M) 0.333ms
[2020-09-29T10:10:05.656+0000][7792][gc,cpu       ] GC(28) User=0.00s Sys=0.00s Real=0.00s
[2020-09-29T10:10:05.656+0000][7792][safepoint    ] Safepoint "G1Concurrent", Time since last: 82434600 ns, Reaching safepoint: 182600 ns, At safepoint: 588200 ns, Total: 770800 ns
[2020-09-29T10:10:05.656+0000][7792][gc,marking   ] GC(28) Concurrent Cleanup for Next Mark
[2020-09-29T10:10:05.658+0000][7792][gc,marking   ] GC(28) Concurrent Cleanup for Next Mark 1.679ms
[2020-09-29T10:10:05.658+0000][7792][gc           ] GC(28) Concurrent Cycle 244.032ms
[2020-09-29T10:10:05.737+0000][7792][gc,start     ] GC(29) Pause Young (Concurrent Start) (G1 Humongous Allocation)
[2020-09-29T10:10:05.737+0000][7792][gc,task      ] GC(29) Using 8 workers of 8 for evacuation
[2020-09-29T10:10:05.737+0000][7792][gc,age       ] GC(29) Desired survivor size 34078720 bytes, new threshold 15 (max threshold 15)
[2020-09-29T10:10:05.757+0000][7792][gc,age       ] GC(29) Age table with threshold 15 (max threshold 15)
[2020-09-29T10:10:05.757+0000][7792][gc,age       ] GC(29) - age   1:    2873928 bytes,    2873928 total
[2020-09-29T10:10:05.757+0000][7792][gc,age       ] GC(29) - age   2:     244376 bytes,    3118304 total
[2020-09-29T10:10:05.757+0000][7792][gc,age       ] GC(29) - age   3:     236328 bytes,    3354632 total
[2020-09-29T10:10:05.757+0000][7792][gc,age       ] GC(29) - age   4:     258624 bytes,    3613256 total
[2020-09-29T10:10:05.757+0000][7792][gc,age       ] GC(29) - age   5:     255440 bytes,    3868696 total
[2020-09-29T10:10:05.757+0000][7792][gc,age       ] GC(29) - age   6:      64528 bytes,    3933224 total
[2020-09-29T10:10:05.757+0000][7792][gc,age       ] GC(29) - age   7:     267136 bytes,    4200360 total
[2020-09-29T10:10:05.757+0000][7792][gc,age       ] GC(29) - age   8:     472368 bytes,    4672728 total
[2020-09-29T10:10:05.757+0000][7792][gc,age       ] GC(29) - age   9:     246032 bytes,    4918760 total
[2020-09-29T10:10:05.757+0000][7792][gc,age       ] GC(29) - age  10:    4582848 bytes,    9501608 total
[2020-09-29T10:10:05.757+0000][7792][gc,age       ] GC(29) - age  11:    2659304 bytes,   12160912 total
[2020-09-29T10:10:05.757+0000][7792][gc,age       ] GC(29) - age  12:    6654992 bytes,   18815904 total
[2020-09-29T10:10:05.757+0000][7792][gc,age       ] GC(29) - age  13:    7890128 bytes,   26706032 total
[2020-09-29T10:10:05.757+0000][7792][gc,phases    ] GC(29)   Pre Evacuate Collection Set: 0.4ms
[2020-09-29T10:10:05.757+0000][7792][gc,phases    ] GC(29)   Merge Heap Roots: 0.1ms
[2020-09-29T10:10:05.757+0000][7792][gc,phases    ] GC(29)   Evacuate Collection Set: 16.4ms
[2020-09-29T10:10:05.757+0000][7792][gc,phases    ] GC(29)   Post Evacuate Collection Set: 2.1ms
[2020-09-29T10:10:05.757+0000][7792][gc,phases    ] GC(29)   Other: 1.1ms
[2020-09-29T10:10:05.757+0000][7792][gc,heap      ] GC(29) Eden regions: 39->0(490)
[2020-09-29T10:10:05.757+0000][7792][gc,heap      ] GC(29) Survivor regions: 27->27(65)
[2020-09-29T10:10:05.757+0000][7792][gc,heap      ] GC(29) Old regions: 50->50
[2020-09-29T10:10:05.758+0000][7792][gc,heap      ] GC(29) Archive regions: 0->0
[2020-09-29T10:10:05.758+0000][7792][gc,heap      ] GC(29) Humongous regions: 270->174
[2020-09-29T10:10:05.758+0000][7792][gc,metaspace ] GC(29) Metaspace: 82969K(88832K)->82969K(88832K) NonClass: 72040K(75520K)->72040K(75520K) Class: 10928K(13312K)->10928K(13312K)
[2020-09-29T10:10:05.758+0000][7792][gc           ] GC(29) Pause Young (Concurrent Start) (G1 Humongous Allocation) 384M->250M(1024M) 20.397ms
[2020-09-29T10:10:05.758+0000][7792][gc,cpu       ] GC(29) User=0.13s Sys=0.00s Real=0.02s
[2020-09-29T10:10:05.758+0000][7792][gc           ] GC(30) Concurrent Cycle
[2020-09-29T10:10:05.758+0000][7792][safepoint    ] Safepoint "G1TryInitiateConcMark", Time since last: 81288400 ns, Reaching safepoint: 163000 ns, At safepoint: 20688200 ns, Total: 20851200 ns
[2020-09-29T10:10:05.758+0000][7792][gc,marking   ] GC(30) Concurrent Clear Claimed Marks
[2020-09-29T10:10:05.758+0000][7792][gc,marking   ] GC(30) Concurrent Clear Claimed Marks 0.495ms
[2020-09-29T10:10:05.758+0000][7792][gc,marking   ] GC(30) Concurrent Scan Root Regions
[2020-09-29T10:10:05.778+0000][7792][gc,marking   ] GC(30) Concurrent Scan Root Regions 19.307ms
[2020-09-29T10:10:05.778+0000][7792][gc,marking   ] GC(30) Concurrent Mark (868.881s)
[2020-09-29T10:10:05.778+0000][7792][gc,marking   ] GC(30) Concurrent Mark From Roots
[2020-09-29T10:10:05.778+0000][7792][gc,task      ] GC(30) Using 2 workers of 2 for marking
[2020-09-29T10:10:05.826+0000][7792][safepoint    ] Safepoint "BulkRevokeBias", Time since last: 66307500 ns, Reaching safepoint: 195600 ns, At safepoint: 1184800 ns, Total: 1380400 ns
[2020-09-29T10:10:05.883+0000][7792][gc,marking   ] GC(30) Concurrent Mark From Roots 104.219ms
[2020-09-29T10:10:05.883+0000][7792][gc,marking   ] GC(30) Concurrent Preclean
[2020-09-29T10:10:05.884+0000][7792][gc,marking   ] GC(30) Concurrent Preclean 0.674ms
[2020-09-29T10:10:05.884+0000][7792][gc,marking   ] GC(30) Concurrent Mark (868.881s, 868.986s) 105.125ms
[2020-09-29T10:10:05.884+0000][7792][gc,start     ] GC(30) Pause Remark
[2020-09-29T10:10:05.889+0000][7792][gc           ] GC(30) Pause Remark 378M->378M(1024M) 5.008ms
[2020-09-29T10:10:05.889+0000][7792][gc,cpu       ] GC(30) User=0.00s Sys=0.00s Real=0.00s
[2020-09-29T10:10:05.889+0000][7792][safepoint    ] Safepoint "G1Concurrent", Time since last: 57765300 ns, Reaching safepoint: 192000 ns, At safepoint: 5316000 ns, Total: 5508000 ns
[2020-09-29T10:10:05.889+0000][7792][gc,marking   ] GC(30) Concurrent Rebuild Remembered Sets
[2020-09-29T10:10:05.956+0000][7792][gc,marking   ] GC(30) Concurrent Rebuild Remembered Sets 66.937ms
[2020-09-29T10:10:05.957+0000][7792][gc,start     ] GC(30) Pause Cleanup
[2020-09-29T10:10:05.957+0000][7792][gc           ] GC(30) Pause Cleanup 382M->382M(1024M) 0.417ms
[2020-09-29T10:10:05.957+0000][7792][gc,cpu       ] GC(30) User=0.00s Sys=0.00s Real=0.00s
[2020-09-29T10:10:05.957+0000][7792][safepoint    ] Safepoint "G1Concurrent", Time since last: 67142300 ns, Reaching safepoint: 213400 ns, At safepoint: 708100 ns, Total: 921500 ns
[2020-09-29T10:10:05.957+0000][7792][gc,marking   ] GC(30) Concurrent Cleanup for Next Mark
[2020-09-29T10:10:05.959+0000][7792][gc,marking   ] GC(30) Concurrent Cleanup for Next Mark 1.841ms
[2020-09-29T10:10:05.959+0000][7792][gc           ] GC(30) Concurrent Cycle 201.162ms
[2020-09-29T10:10:06.021+0000][7792][gc,start     ] GC(31) Pause Young (Concurrent Start) (G1 Humongous Allocation)
[2020-09-29T10:10:06.021+0000][7792][gc,task      ] GC(31) Using 8 workers of 8 for evacuation
[2020-09-29T10:10:06.021+0000][7792][gc,age       ] GC(31) Desired survivor size 34078720 bytes, new threshold 15 (max threshold 15)
[2020-09-29T10:10:06.042+0000][7792][gc,age       ] GC(31) Age table with threshold 15 (max threshold 15)
[2020-09-29T10:10:06.042+0000][7792][gc,age       ] GC(31) - age   1:    2823752 bytes,    2823752 total
[2020-09-29T10:10:06.042+0000][7792][gc,age       ] GC(31) - age   2:     211200 bytes,    3034952 total
[2020-09-29T10:10:06.042+0000][7792][gc,age       ] GC(31) - age   3:     244280 bytes,    3279232 total
[2020-09-29T10:10:06.042+0000][7792][gc,age       ] GC(31) - age   4:     234584 bytes,    3513816 total
[2020-09-29T10:10:06.042+0000][7792][gc,age       ] GC(31) - age   5:     258248 bytes,    3772064 total
[2020-09-29T10:10:06.042+0000][7792][gc,age       ] GC(31) - age   6:     255408 bytes,    4027472 total
[2020-09-29T10:10:06.042+0000][7792][gc,age       ] GC(31) - age   7:      64528 bytes,    4092000 total
[2020-09-29T10:10:06.042+0000][7792][gc,age       ] GC(31) - age   8:     266976 bytes,    4358976 total
[2020-09-29T10:10:06.042+0000][7792][gc,age       ] GC(31) - age   9:     472176 bytes,    4831152 total
[2020-09-29T10:10:06.042+0000][7792][gc,age       ] GC(31) - age  10:     246032 bytes,    5077184 total
[2020-09-29T10:10:06.042+0000][7792][gc,age       ] GC(31) - age  11:    4582496 bytes,    9659680 total
[2020-09-29T10:10:06.042+0000][7792][gc,age       ] GC(31) - age  12:    2659304 bytes,   12318984 total
[2020-09-29T10:10:06.042+0000][7792][gc,age       ] GC(31) - age  13:    6654992 bytes,   18973976 total
[2020-09-29T10:10:06.042+0000][7792][gc,age       ] GC(31) - age  14:    7890128 bytes,   26864104 total
[2020-09-29T10:10:06.042+0000][7792][gc,phases    ] GC(31)   Pre Evacuate Collection Set: 0.4ms
[2020-09-29T10:10:06.042+0000][7792][gc,phases    ] GC(31)   Merge Heap Roots: 0.1ms
[2020-09-29T10:10:06.042+0000][7792][gc,phases    ] GC(31)   Evacuate Collection Set: 17.6ms
[2020-09-29T10:10:06.043+0000][7792][gc,phases    ] GC(31)   Post Evacuate Collection Set: 2.2ms
[2020-09-29T10:10:06.043+0000][7792][gc,phases    ] GC(31)   Other: 1.2ms
[2020-09-29T10:10:06.043+0000][7792][gc,heap      ] GC(31) Eden regions: 40->0(488)
[2020-09-29T10:10:06.043+0000][7792][gc,heap      ] GC(31) Survivor regions: 27->28(65)
[2020-09-29T10:10:06.043+0000][7792][gc,heap      ] GC(31) Old regions: 50->50
[2020-09-29T10:10:06.043+0000][7792][gc,heap      ] GC(31) Archive regions: 0->0
[2020-09-29T10:10:06.043+0000][7792][gc,heap      ] GC(31) Humongous regions: 274->174
[2020-09-29T10:10:06.043+0000][7792][gc,metaspace ] GC(31) Metaspace: 82996K(88832K)->82996K(88832K) NonClass: 72067K(75520K)->72067K(75520K) Class: 10929K(13312K)->10929K(13312K)
[2020-09-29T10:10:06.043+0000][7792][gc           ] GC(31) Pause Young (Concurrent Start) (G1 Humongous Allocation) 390M->250M(1024M) 22.015ms
[2020-09-29T10:10:06.043+0000][7792][gc,cpu       ] GC(31) User=0.09s Sys=0.00s Real=0.02s
[2020-09-29T10:10:06.043+0000][7792][gc           ] GC(32) Concurrent Cycle
[2020-09-29T10:10:06.043+0000][7792][safepoint    ] Safepoint "G1TryInitiateConcMark", Time since last: 63882700 ns, Reaching safepoint: 173900 ns, At safepoint: 22241300 ns, Total: 22415200 ns
[2020-09-29T10:10:06.043+0000][7792][gc,marking   ] GC(32) Concurrent Clear Claimed Marks
[2020-09-29T10:10:06.044+0000][7792][gc,marking   ] GC(32) Concurrent Clear Claimed Marks 0.449ms
[2020-09-29T10:10:06.044+0000][7792][gc,marking   ] GC(32) Concurrent Scan Root Regions
[2020-09-29T10:10:06.063+0000][7792][gc,marking   ] GC(32) Concurrent Scan Root Regions 19.530ms
[2020-09-29T10:10:06.063+0000][7792][gc,marking   ] GC(32) Concurrent Mark (869.166s)
[2020-09-29T10:10:06.063+0000][7792][gc,marking   ] GC(32) Concurrent Mark From Roots
[2020-09-29T10:10:06.063+0000][7792][gc,task      ] GC(32) Using 2 workers of 2 for marking
[2020-09-29T10:10:06.171+0000][7792][gc,marking   ] GC(32) Concurrent Mark From Roots 106.891ms
[2020-09-29T10:10:06.171+0000][7792][gc,marking   ] GC(32) Concurrent Preclean
[2020-09-29T10:10:06.172+0000][7792][gc,marking   ] GC(32) Concurrent Preclean 0.783ms
[2020-09-29T10:10:06.172+0000][7792][gc,marking   ] GC(32) Concurrent Mark (869.166s, 869.274s) 107.928ms
[2020-09-29T10:10:06.172+0000][7792][gc,start     ] GC(32) Pause Remark
[2020-09-29T10:10:06.177+0000][7792][gc           ] GC(32) Pause Remark 376M->376M(1024M) 4.950ms
[2020-09-29T10:10:06.177+0000][7792][gc,cpu       ] GC(32) User=0.00s Sys=0.00s Real=0.01s
[2020-09-29T10:10:06.177+0000][7792][safepoint    ] Safepoint "G1Concurrent", Time since last: 128232400 ns, Reaching safepoint: 169400 ns, At safepoint: 5295100 ns, Total: 5464500 ns
[2020-09-29T10:10:06.177+0000][7792][gc,marking   ] GC(32) Concurrent Rebuild Remembered Sets
[2020-09-29T10:10:06.247+0000][7792][gc,marking   ] GC(32) Concurrent Rebuild Remembered Sets 69.898ms
[2020-09-29T10:10:06.248+0000][7792][gc,start     ] GC(32) Pause Cleanup
[2020-09-29T10:10:06.248+0000][7792][gc           ] GC(32) Pause Cleanup 385M->385M(1024M) 0.369ms
[2020-09-29T10:10:06.248+0000][7792][gc,cpu       ] GC(32) User=0.00s Sys=0.00s Real=0.00s
[2020-09-29T10:10:06.248+0000][7792][safepoint    ] Safepoint "G1Concurrent", Time since last: 70179900 ns, Reaching safepoint: 185900 ns, At safepoint: 534300 ns, Total: 720200 ns
[2020-09-29T10:10:06.248+0000][7792][gc,marking   ] GC(32) Concurrent Cleanup for Next Mark
[2020-09-29T10:10:06.250+0000][7792][gc,marking   ] GC(32) Concurrent Cleanup for Next Mark 1.832ms
[2020-09-29T10:10:06.250+0000][7792][gc           ] GC(32) Concurrent Cycle 206.629ms
[2020-09-29T10:10:06.253+0000][7792][gc,start     ] GC(33) Pause Young (Concurrent Start) (G1 Humongous Allocation)
[2020-09-29T10:10:06.253+0000][7792][gc,task      ] GC(33) Using 8 workers of 8 for evacuation
[2020-09-29T10:10:06.253+0000][7792][gc,age       ] GC(33) Desired survivor size 34078720 bytes, new threshold 15 (max threshold 15)
[2020-09-29T10:10:06.274+0000][7792][gc,age       ] GC(33) Age table with threshold 15 (max threshold 15)
[2020-09-29T10:10:06.274+0000][7792][gc,age       ] GC(33) - age   1:    2805888 bytes,    2805888 total
[2020-09-29T10:10:06.274+0000][7792][gc,age       ] GC(33) - age   2:     218304 bytes,    3024192 total
[2020-09-29T10:10:06.274+0000][7792][gc,age       ] GC(33) - age   3:     211168 bytes,    3235360 total
[2020-09-29T10:10:06.274+0000][7792][gc,age       ] GC(33) - age   4:     243992 bytes,    3479352 total
[2020-09-29T10:10:06.274+0000][7792][gc,age       ] GC(33) - age   5:     229816 bytes,    3709168 total
[2020-09-29T10:10:06.274+0000][7792][gc,age       ] GC(33) - age   6:     257792 bytes,    3966960 total
[2020-09-29T10:10:06.274+0000][7792][gc,age       ] GC(33) - age   7:     255328 bytes,    4222288 total
[2020-09-29T10:10:06.274+0000][7792][gc,age       ] GC(33) - age   8:      64528 bytes,    4286816 total
[2020-09-29T10:10:06.274+0000][7792][gc,age       ] GC(33) - age   9:     266632 bytes,    4553448 total
[2020-09-29T10:10:06.274+0000][7792][gc,age       ] GC(33) - age  10:     472144 bytes,    5025592 total
[2020-09-29T10:10:06.274+0000][7792][gc,age       ] GC(33) - age  11:     246032 bytes,    5271624 total
[2020-09-29T10:10:06.274+0000][7792][gc,age       ] GC(33) - age  12:    4582352 bytes,    9853976 total
[2020-09-29T10:10:06.274+0000][7792][gc,age       ] GC(33) - age  13:    2659304 bytes,   12513280 total
[2020-09-29T10:10:06.274+0000][7792][gc,age       ] GC(33) - age  14:    6654928 bytes,   19168208 total
[2020-09-29T10:10:06.274+0000][7792][gc,age       ] GC(33) - age  15:    7890128 bytes,   27058336 total
[2020-09-29T10:10:06.274+0000][7792][gc,phases    ] GC(33)   Pre Evacuate Collection Set: 0.5ms
[2020-09-29T10:10:06.274+0000][7792][gc,phases    ] GC(33)   Merge Heap Roots: 0.1ms
[2020-09-29T10:10:06.274+0000][7792][gc,phases    ] GC(33)   Evacuate Collection Set: 17.4ms
[2020-09-29T10:10:06.275+0000][7792][gc,phases    ] GC(33)   Post Evacuate Collection Set: 2.2ms
[2020-09-29T10:10:06.275+0000][7792][gc,phases    ] GC(33)   Other: 1.1ms
[2020-09-29T10:10:06.275+0000][7792][gc,heap      ] GC(33) Eden regions: 40->0(488)
[2020-09-29T10:10:06.275+0000][7792][gc,heap      ] GC(33) Survivor regions: 28->28(65)
[2020-09-29T10:10:06.275+0000][7792][gc,heap      ] GC(33) Old regions: 50->50
[2020-09-29T10:10:06.275+0000][7792][gc,heap      ] GC(33) Archive regions: 0->0
[2020-09-29T10:10:06.275+0000][7792][gc,heap      ] GC(33) Humongous regions: 270->174
[2020-09-29T10:10:06.275+0000][7792][gc,metaspace ] GC(33) Metaspace: 83026K(88832K)->83026K(88832K) NonClass: 72097K(75520K)->72097K(75520K) Class: 10929K(13312K)->10929K(13312K)
[2020-09-29T10:10:06.275+0000][7792][gc           ] GC(33) Pause Young (Concurrent Start) (G1 Humongous Allocation) 386M->251M(1024M) 21.840ms
[2020-09-29T10:10:06.275+0000][7792][gc,cpu       ] GC(33) User=0.13s Sys=0.00s Real=0.02s
[2020-09-29T10:10:06.275+0000][7792][gc           ] GC(34) Concurrent Cycle
[2020-09-29T10:10:06.275+0000][7792][safepoint    ] Safepoint "G1TryInitiateConcMark", Time since last: 4716300 ns, Reaching safepoint: 154200 ns, At safepoint: 22042000 ns, Total: 22196200 ns
[2020-09-29T10:10:06.275+0000][7792][gc,marking   ] GC(34) Concurrent Clear Claimed Marks
[2020-09-29T10:10:06.276+0000][7792][gc,marking   ] GC(34) Concurrent Clear Claimed Marks 0.480ms
[2020-09-29T10:10:06.276+0000][7792][gc,marking   ] GC(34) Concurrent Scan Root Regions
[2020-09-29T10:10:06.298+0000][7792][gc,marking   ] GC(34) Concurrent Scan Root Regions 21.967ms
[2020-09-29T10:10:06.298+0000][7792][gc,marking   ] GC(34) Concurrent Mark (869.400s)
[2020-09-29T10:10:06.298+0000][7792][gc,marking   ] GC(34) Concurrent Mark From Roots
[2020-09-29T10:10:06.298+0000][7792][gc,task      ] GC(34) Using 2 workers of 2 for marking
[2020-09-29T10:10:06.413+0000][7792][gc,marking   ] GC(34) Concurrent Mark From Roots 115.560ms
[2020-09-29T10:10:06.413+0000][7792][gc,marking   ] GC(34) Concurrent Preclean
[2020-09-29T10:10:06.414+0000][7792][gc,marking   ] GC(34) Concurrent Preclean 0.652ms
[2020-09-29T10:10:06.414+0000][7792][gc,marking   ] GC(34) Concurrent Mark (869.400s, 869.516s) 116.424ms
[2020-09-29T10:10:06.414+0000][7792][gc,start     ] GC(34) Pause Remark
[2020-09-29T10:10:06.419+0000][7792][gc           ] GC(34) Pause Remark 375M->375M(1024M) 4.433ms
[2020-09-29T10:10:06.419+0000][7792][gc,cpu       ] GC(34) User=0.00s Sys=0.00s Real=0.00s
[2020-09-29T10:10:06.419+0000][7792][safepoint    ] Safepoint "G1Concurrent", Time since last: 139224500 ns, Reaching safepoint: 163600 ns, At safepoint: 4787600 ns, Total: 4951200 ns
[2020-09-29T10:10:06.419+0000][7792][gc,marking   ] GC(34) Concurrent Rebuild Remembered Sets
[2020-09-29T10:10:06.488+0000][7792][gc,marking   ] GC(34) Concurrent Rebuild Remembered Sets 68.490ms
[2020-09-29T10:10:06.488+0000][7792][gc,start     ] GC(34) Pause Cleanup
[2020-09-29T10:10:06.488+0000][7792][gc           ] GC(34) Pause Cleanup 435M->435M(1024M) 0.328ms
[2020-09-29T10:10:06.488+0000][7792][gc,cpu       ] GC(34) User=0.00s Sys=0.00s Real=0.00s
[2020-09-29T10:10:06.488+0000][7792][safepoint    ] Safepoint "G1Concurrent", Time since last: 68730900 ns, Reaching safepoint: 158600 ns, At safepoint: 551100 ns, Total: 709700 ns
[2020-09-29T10:10:06.488+0000][7792][gc,marking   ] GC(34) Concurrent Cleanup for Next Mark
[2020-09-29T10:10:06.491+0000][7792][gc,marking   ] GC(34) Concurrent Cleanup for Next Mark 1.833ms
[2020-09-29T10:10:06.491+0000][7792][gc           ] GC(34) Concurrent Cycle 215.692ms
[2020-09-29T10:10:06.568+0000][7792][gc,start     ] GC(35) Pause Young (Concurrent Start) (G1 Humongous Allocation)
[2020-09-29T10:10:06.568+0000][7792][gc,task      ] GC(35) Using 8 workers of 8 for evacuation
[2020-09-29T10:10:06.568+0000][7792][gc,age       ] GC(35) Desired survivor size 34078720 bytes, new threshold 15 (max threshold 15)
[2020-09-29T10:10:06.588+0000][7792][gc,age       ] GC(35) Age table with threshold 15 (max threshold 15)
[2020-09-29T10:10:06.588+0000][7792][gc,age       ] GC(35) - age   1:    3295296 bytes,    3295296 total
[2020-09-29T10:10:06.589+0000][7792][gc,age       ] GC(35) - age   2:     201520 bytes,    3496816 total
[2020-09-29T10:10:06.589+0000][7792][gc,age       ] GC(35) - age   3:     218144 bytes,    3714960 total
[2020-09-29T10:10:06.589+0000][7792][gc,age       ] GC(35) - age   4:     210632 bytes,    3925592 total
[2020-09-29T10:10:06.589+0000][7792][gc,age       ] GC(35) - age   5:     243360 bytes,    4168952 total
[2020-09-29T10:10:06.589+0000][7792][gc,age       ] GC(35) - age   6:     229624 bytes,    4398576 total
[2020-09-29T10:10:06.589+0000][7792][gc,age       ] GC(35) - age   7:     254472 bytes,    4653048 total
[2020-09-29T10:10:06.589+0000][7792][gc,age       ] GC(35) - age   8:     255104 bytes,    4908152 total
[2020-09-29T10:10:06.589+0000][7792][gc,age       ] GC(35) - age   9:      64272 bytes,    4972424 total
[2020-09-29T10:10:06.589+0000][7792][gc,age       ] GC(35) - age  10:     266600 bytes,    5239024 total
[2020-09-29T10:10:06.589+0000][7792][gc,age       ] GC(35) - age  11:     472144 bytes,    5711168 total
[2020-09-29T10:10:06.589+0000][7792][gc,age       ] GC(35) - age  12:     246032 bytes,    5957200 total
[2020-09-29T10:10:06.589+0000][7792][gc,age       ] GC(35) - age  13:    4582224 bytes,   10539424 total
[2020-09-29T10:10:06.589+0000][7792][gc,age       ] GC(35) - age  14:    2659304 bytes,   13198728 total
[2020-09-29T10:10:06.589+0000][7792][gc,age       ] GC(35) - age  15:    6654928 bytes,   19853656 total
[2020-09-29T10:10:06.589+0000][7792][gc,phases    ] GC(35)   Pre Evacuate Collection Set: 0.4ms
[2020-09-29T10:10:06.589+0000][7792][gc,phases    ] GC(35)   Merge Heap Roots: 0.1ms
[2020-09-29T10:10:06.589+0000][7792][gc,phases    ] GC(35)   Evacuate Collection Set: 17.4ms
[2020-09-29T10:10:06.589+0000][7792][gc,phases    ] GC(35)   Post Evacuate Collection Set: 2.4ms
[2020-09-29T10:10:06.590+0000][7792][gc,phases    ] GC(35)   Other: 1.3ms
[2020-09-29T10:10:06.590+0000][7792][gc,heap      ] GC(35) Eden regions: 54->0(495)
[2020-09-29T10:10:06.590+0000][7792][gc,heap      ] GC(35) Survivor regions: 28->21(65)
[2020-09-29T10:10:06.590+0000][7792][gc,heap      ] GC(35) Old regions: 50->57
[2020-09-29T10:10:06.590+0000][7792][gc,heap      ] GC(35) Archive regions: 0->0
[2020-09-29T10:10:06.590+0000][7792][gc,heap      ] GC(35) Humongous regions: 320->174
[2020-09-29T10:10:06.590+0000][7792][gc,metaspace ] GC(35) Metaspace: 83075K(88832K)->83075K(88832K) NonClass: 72146K(75520K)->72146K(75520K) Class: 10929K(13312K)->10929K(13312K)
[2020-09-29T10:10:06.590+0000][7792][gc           ] GC(35) Pause Young (Concurrent Start) (G1 Humongous Allocation) 451M->251M(1024M) 22.428ms
[2020-09-29T10:10:06.590+0000][7792][gc,cpu       ] GC(35) User=0.09s Sys=0.00s Real=0.02s
[2020-09-29T10:10:06.590+0000][7792][gc           ] GC(36) Concurrent Cycle
[2020-09-29T10:10:06.590+0000][7792][gc,marking   ] GC(36) Concurrent Clear Claimed Marks
[2020-09-29T10:10:06.590+0000][7792][safepoint    ] Safepoint "G1TryInitiateConcMark", Time since last: 78361400 ns, Reaching safepoint: 170200 ns, At safepoint: 22735300 ns, Total: 22905500 ns
[2020-09-29T10:10:06.591+0000][7792][gc,marking   ] GC(36) Concurrent Clear Claimed Marks 0.431ms
[2020-09-29T10:10:06.591+0000][7792][gc,marking   ] GC(36) Concurrent Scan Root Regions
[2020-09-29T10:10:06.613+0000][7792][gc,marking   ] GC(36) Concurrent Scan Root Regions 22.212ms
[2020-09-29T10:10:06.613+0000][7792][gc,marking   ] GC(36) Concurrent Mark (869.715s)
[2020-09-29T10:10:06.613+0000][7792][gc,marking   ] GC(36) Concurrent Mark From Roots
[2020-09-29T10:10:06.613+0000][7792][gc,task      ] GC(36) Using 2 workers of 2 for marking
[2020-09-29T10:10:06.735+0000][7792][gc,marking   ] GC(36) Concurrent Mark From Roots 122.106ms
[2020-09-29T10:10:06.735+0000][7792][gc,marking   ] GC(36) Concurrent Preclean
[2020-09-29T10:10:06.736+0000][7792][gc,marking   ] GC(36) Concurrent Preclean 0.616ms
[2020-09-29T10:10:06.736+0000][7792][gc,marking   ] GC(36) Concurrent Mark (869.715s, 869.838s) 122.928ms
[2020-09-29T10:10:06.736+0000][7792][gc,start     ] GC(36) Pause Remark
[2020-09-29T10:10:06.742+0000][7792][gc           ] GC(36) Pause Remark 379M->379M(1024M) 5.460ms
[2020-09-29T10:10:06.742+0000][7792][gc,cpu       ] GC(36) User=0.00s Sys=0.00s Real=0.01s
[2020-09-29T10:10:06.742+0000][7792][safepoint    ] Safepoint "G1Concurrent", Time since last: 145817200 ns, Reaching safepoint: 213000 ns, At safepoint: 5793900 ns, Total: 6006900 ns
[2020-09-29T10:10:06.742+0000][7792][gc,marking   ] GC(36) Concurrent Rebuild Remembered Sets
[2020-09-29T10:10:06.826+0000][7792][gc,marking   ] GC(36) Concurrent Rebuild Remembered Sets 84.367ms
[2020-09-29T10:10:06.826+0000][7792][gc,start     ] GC(36) Pause Cleanup
[2020-09-29T10:10:06.827+0000][7792][gc           ] GC(36) Pause Cleanup 388M->388M(1024M) 0.410ms
[2020-09-29T10:10:06.827+0000][7792][gc,cpu       ] GC(36) User=0.05s Sys=0.03s Real=0.00s
[2020-09-29T10:10:06.827+0000][7792][safepoint    ] Safepoint "G1Concurrent", Time since last: 84578200 ns, Reaching safepoint: 215800 ns, At safepoint: 652300 ns, Total: 868100 ns
[2020-09-29T10:10:06.827+0000][7792][gc,marking   ] GC(36) Concurrent Cleanup for Next Mark
[2020-09-29T10:10:06.829+0000][7792][gc,marking   ] GC(36) Concurrent Cleanup for Next Mark 2.170ms
[2020-09-29T10:10:06.829+0000][7792][gc           ] GC(36) Concurrent Cycle 239.890ms
[2020-09-29T10:10:06.832+0000][7792][gc,start     ] GC(37) Pause Young (Concurrent Start) (G1 Humongous Allocation)
[2020-09-29T10:10:06.832+0000][7792][gc,task      ] GC(37) Using 8 workers of 8 for evacuation
[2020-09-29T10:10:06.832+0000][7792][gc,age       ] GC(37) Desired survivor size 34078720 bytes, new threshold 15 (max threshold 15)
[2020-09-29T10:10:06.849+0000][7792][gc,age       ] GC(37) Age table with threshold 15 (max threshold 15)
[2020-09-29T10:10:06.849+0000][7792][gc,age       ] GC(37) - age   1:    3229840 bytes,    3229840 total
[2020-09-29T10:10:06.849+0000][7792][gc,age       ] GC(37) - age   2:     207840 bytes,    3437680 total
[2020-09-29T10:10:06.849+0000][7792][gc,age       ] GC(37) - age   3:     201280 bytes,    3638960 total
[2020-09-29T10:10:06.849+0000][7792][gc,age       ] GC(37) - age   4:     217744 bytes,    3856704 total
[2020-09-29T10:10:06.849+0000][7792][gc,age       ] GC(37) - age   5:     210472 bytes,    4067176 total
[2020-09-29T10:10:06.849+0000][7792][gc,age       ] GC(37) - age   6:     243360 bytes,    4310536 total
[2020-09-29T10:10:06.849+0000][7792][gc,age       ] GC(37) - age   7:     229624 bytes,    4540160 total
[2020-09-29T10:10:06.849+0000][7792][gc,age       ] GC(37) - age   8:     254184 bytes,    4794344 total
[2020-09-29T10:10:06.849+0000][7792][gc,age       ] GC(37) - age   9:     255008 bytes,    5049352 total
[2020-09-29T10:10:06.849+0000][7792][gc,age       ] GC(37) - age  10:      64272 bytes,    5113624 total
[2020-09-29T10:10:06.849+0000][7792][gc,age       ] GC(37) - age  11:     266600 bytes,    5380224 total
[2020-09-29T10:10:06.849+0000][7792][gc,age       ] GC(37) - age  12:     472144 bytes,    5852368 total
[2020-09-29T10:10:06.849+0000][7792][gc,age       ] GC(37) - age  13:     246032 bytes,    6098400 total
[2020-09-29T10:10:06.849+0000][7792][gc,age       ] GC(37) - age  14:    4582024 bytes,   10680424 total
[2020-09-29T10:10:06.850+0000][7792][gc,age       ] GC(37) - age  15:    2659304 bytes,   13339728 total
[2020-09-29T10:10:06.850+0000][7792][gc,phases    ] GC(37)   Pre Evacuate Collection Set: 0.5ms
[2020-09-29T10:10:06.850+0000][7792][gc,phases    ] GC(37)   Merge Heap Roots: 0.1ms
[2020-09-29T10:10:06.850+0000][7792][gc,phases    ] GC(37)   Evacuate Collection Set: 14.1ms
[2020-09-29T10:10:06.850+0000][7792][gc,phases    ] GC(37)   Post Evacuate Collection Set: 1.9ms
[2020-09-29T10:10:06.850+0000][7792][gc,phases    ] GC(37)   Other: 1.1ms
[2020-09-29T10:10:06.850+0000][7792][gc,heap      ] GC(37) Eden regions: 39->0(502)
[2020-09-29T10:10:06.850+0000][7792][gc,heap      ] GC(37) Survivor regions: 21->14(65)
[2020-09-29T10:10:06.850+0000][7792][gc,heap      ] GC(37) Old regions: 57->64
[2020-09-29T10:10:06.850+0000][7792][gc,heap      ] GC(37) Archive regions: 0->0
[2020-09-29T10:10:06.850+0000][7792][gc,heap      ] GC(37) Humongous regions: 272->174
[2020-09-29T10:10:06.850+0000][7792][gc,metaspace ] GC(37) Metaspace: 83108K(88832K)->83108K(88832K) NonClass: 72179K(75520K)->72179K(75520K) Class: 10929K(13312K)->10929K(13312K)
[2020-09-29T10:10:06.850+0000][7792][gc           ] GC(37) Pause Young (Concurrent Start) (G1 Humongous Allocation) 388M->251M(1024M) 18.208ms
[2020-09-29T10:10:06.850+0000][7792][gc,cpu       ] GC(37) User=0.13s Sys=0.00s Real=0.02s
[2020-09-29T10:10:06.850+0000][7792][gc           ] GC(38) Concurrent Cycle
[2020-09-29T10:10:06.850+0000][7792][safepoint    ] Safepoint "G1TryInitiateConcMark", Time since last: 4844800 ns, Reaching safepoint: 174800 ns, At safepoint: 18509000 ns, Total: 18683800 ns
[2020-09-29T10:10:06.850+0000][7792][gc,marking   ] GC(38) Concurrent Clear Claimed Marks
[2020-09-29T10:10:06.851+0000][7792][gc,marking   ] GC(38) Concurrent Clear Claimed Marks 0.455ms
[2020-09-29T10:10:06.851+0000][7792][gc,marking   ] GC(38) Concurrent Scan Root Regions
[2020-09-29T10:10:06.867+0000][7792][gc,marking   ] GC(38) Concurrent Scan Root Regions 15.782ms
[2020-09-29T10:10:06.867+0000][7792][gc,marking   ] GC(38) Concurrent Mark (869.969s)
[2020-09-29T10:10:06.867+0000][7792][gc,marking   ] GC(38) Concurrent Mark From Roots
[2020-09-29T10:10:06.867+0000][7792][gc,task      ] GC(38) Using 2 workers of 2 for marking
[2020-09-29T10:10:07.013+0000][7792][gc,marking   ] GC(38) Concurrent Mark From Roots 146.124ms
[2020-09-29T10:10:07.013+0000][7792][gc,marking   ] GC(38) Concurrent Preclean
[2020-09-29T10:10:07.014+0000][7792][gc,marking   ] GC(38) Concurrent Preclean 0.759ms
[2020-09-29T10:10:07.014+0000][7792][gc,marking   ] GC(38) Concurrent Mark (869.969s, 870.116s) 147.110ms
[2020-09-29T10:10:07.014+0000][7792][gc,start     ] GC(38) Pause Remark
[2020-09-29T10:10:07.025+0000][7792][gc           ] GC(38) Pause Remark 377M->377M(1024M) 10.844ms
[2020-09-29T10:10:07.025+0000][7792][gc,cpu       ] GC(38) User=0.11s Sys=0.00s Real=0.01s
[2020-09-29T10:10:07.028+0000][7792][safepoint    ] Safepoint "G1Concurrent", Time since last: 163600800 ns, Reaching safepoint: 176200 ns, At safepoint: 13596300 ns, Total: 13772500 ns
[2020-09-29T10:10:07.028+0000][7792][gc,marking   ] GC(38) Concurrent Rebuild Remembered Sets
[2020-09-29T10:10:07.077+0000][7792][safepoint    ] Safepoint "ICBufferFull", Time since last: 48443800 ns, Reaching safepoint: 968300 ns, At safepoint: 44900 ns, Total: 1013200 ns
[2020-09-29T10:10:07.117+0000][7792][gc,marking   ] GC(38) Concurrent Rebuild Remembered Sets 88.691ms
[2020-09-29T10:10:07.117+0000][7792][gc,start     ] GC(38) Pause Cleanup
[2020-09-29T10:10:07.117+0000][7792][gc           ] GC(38) Pause Cleanup 438M->438M(1024M) 0.401ms
[2020-09-29T10:10:07.117+0000][7792][gc,cpu       ] GC(38) User=0.00s Sys=0.00s Real=0.00s
[2020-09-29T10:10:07.118+0000][7792][safepoint    ] Safepoint "G1Concurrent", Time since last: 39500300 ns, Reaching safepoint: 284100 ns, At safepoint: 622200 ns, Total: 906300 ns
[2020-09-29T10:10:07.118+0000][7792][gc,marking   ] GC(38) Concurrent Cleanup for Next Mark
[2020-09-29T10:10:07.120+0000][7792][gc,marking   ] GC(38) Concurrent Cleanup for Next Mark 2.107ms
[2020-09-29T10:10:07.120+0000][7792][gc           ] GC(38) Concurrent Cycle 269.613ms
[2020-09-29T10:10:07.208+0000][7792][gc,start     ] GC(39) Pause Young (Concurrent Start) (G1 Humongous Allocation)
[2020-09-29T10:10:07.208+0000][7792][gc,task      ] GC(39) Using 8 workers of 8 for evacuation
[2020-09-29T10:10:07.208+0000][7792][gc,age       ] GC(39) Desired survivor size 34078720 bytes, new threshold 15 (max threshold 15)
[2020-09-29T10:10:07.218+0000][7792][gc,age       ] GC(39) Age table with threshold 15 (max threshold 15)
[2020-09-29T10:10:07.218+0000][7792][gc,age       ] GC(39) - age   1:    3082624 bytes,    3082624 total
[2020-09-29T10:10:07.218+0000][7792][gc,age       ] GC(39) - age   2:     205200 bytes,    3287824 total
[2020-09-29T10:10:07.218+0000][7792][gc,age       ] GC(39) - age   3:     207288 bytes,    3495112 total
[2020-09-29T10:10:07.218+0000][7792][gc,age       ] GC(39) - age   4:     200384 bytes,    3695496 total
[2020-09-29T10:10:07.218+0000][7792][gc,age       ] GC(39) - age   5:     215992 bytes,    3911488 total
[2020-09-29T10:10:07.218+0000][7792][gc,age       ] GC(39) - age   6:     210472 bytes,    4121960 total
[2020-09-29T10:10:07.218+0000][7792][gc,age       ] GC(39) - age   7:     239640 bytes,    4361600 total
[2020-09-29T10:10:07.218+0000][7792][gc,age       ] GC(39) - age   8:     229400 bytes,    4591000 total
[2020-09-29T10:10:07.218+0000][7792][gc,age       ] GC(39) - age   9:     253960 bytes,    4844960 total
[2020-09-29T10:10:07.218+0000][7792][gc,age       ] GC(39) - age  10:     255008 bytes,    5099968 total
[2020-09-29T10:10:07.218+0000][7792][gc,age       ] GC(39) - age  11:      64272 bytes,    5164240 total
[2020-09-29T10:10:07.218+0000][7792][gc,age       ] GC(39) - age  12:     266600 bytes,    5430840 total
[2020-09-29T10:10:07.219+0000][7792][gc,age       ] GC(39) - age  13:     472144 bytes,    5902984 total
[2020-09-29T10:10:07.219+0000][7792][gc,age       ] GC(39) - age  14:     246000 bytes,    6148984 total
[2020-09-29T10:10:07.219+0000][7792][gc,age       ] GC(39) - age  15:    4579848 bytes,   10728832 total
[2020-09-29T10:10:07.219+0000][7792][gc,phases    ] GC(39)   Pre Evacuate Collection Set: 0.5ms
[2020-09-29T10:10:07.219+0000][7792][gc,phases    ] GC(39)   Merge Heap Roots: 0.1ms
[2020-09-29T10:10:07.219+0000][7792][gc,phases    ] GC(39)   Evacuate Collection Set: 7.8ms
[2020-09-29T10:10:07.219+0000][7792][gc,phases    ] GC(39)   Post Evacuate Collection Set: 1.4ms
[2020-09-29T10:10:07.219+0000][7792][gc,phases    ] GC(39)   Other: 1.5ms
[2020-09-29T10:10:07.219+0000][7792][gc,heap      ] GC(39) Eden regions: 59->0(503)
[2020-09-29T10:10:07.219+0000][7792][gc,heap      ] GC(39) Survivor regions: 14->12(65)
[2020-09-29T10:10:07.219+0000][7792][gc,heap      ] GC(39) Old regions: 64->67
[2020-09-29T10:10:07.219+0000][7792][gc,heap      ] GC(39) Archive regions: 0->0
[2020-09-29T10:10:07.219+0000][7792][gc,heap      ] GC(39) Humongous regions: 318->174
[2020-09-29T10:10:07.219+0000][7792][gc,metaspace ] GC(39) Metaspace: 83141K(89088K)->83141K(89088K) NonClass: 72213K(75776K)->72213K(75776K) Class: 10928K(13312K)->10928K(13312K)
[2020-09-29T10:10:07.219+0000][7792][gc           ] GC(39) Pause Young (Concurrent Start) (G1 Humongous Allocation) 454M->252M(1024M) 11.741ms
[2020-09-29T10:10:07.219+0000][7792][gc,cpu       ] GC(39) User=0.02s Sys=0.00s Real=0.01s
[2020-09-29T10:10:07.219+0000][7792][gc           ] GC(40) Concurrent Cycle
[2020-09-29T10:10:07.219+0000][7792][safepoint    ] Safepoint "G1TryInitiateConcMark", Time since last: 89220800 ns, Reaching safepoint: 203300 ns, At safepoint: 12004400 ns, Total: 12207700 ns
[2020-09-29T10:10:07.220+0000][7792][gc,marking   ] GC(40) Concurrent Clear Claimed Marks
[2020-09-29T10:10:07.220+0000][7792][gc,marking   ] GC(40) Concurrent Clear Claimed Marks 0.527ms
[2020-09-29T10:10:07.220+0000][7792][gc,marking   ] GC(40) Concurrent Scan Root Regions
[2020-09-29T10:10:07.229+0000][7792][gc,marking   ] GC(40) Concurrent Scan Root Regions 8.586ms
[2020-09-29T10:10:07.229+0000][7792][gc,marking   ] GC(40) Concurrent Mark (870.331s)
[2020-09-29T10:10:07.229+0000][7792][gc,marking   ] GC(40) Concurrent Mark From Roots
[2020-09-29T10:10:07.229+0000][7792][gc,task      ] GC(40) Using 2 workers of 2 for marking
[2020-09-29T10:10:07.385+0000][7792][gc,marking   ] GC(40) Concurrent Mark From Roots 157.161ms
[2020-09-29T10:10:07.386+0000][7792][gc,marking   ] GC(40) Concurrent Preclean
[2020-09-29T10:10:07.386+0000][7792][gc,marking   ] GC(40) Concurrent Preclean 0.574ms
[2020-09-29T10:10:07.386+0000][7792][gc,marking   ] GC(40) Concurrent Mark (870.331s, 870.489s) 157.962ms
[2020-09-29T10:10:07.386+0000][7792][gc,start     ] GC(40) Pause Remark
[2020-09-29T10:10:07.399+0000][7792][gc           ] GC(40) Pause Remark 382M->382M(1024M) 12.880ms
[2020-09-29T10:10:07.400+0000][7792][gc,cpu       ] GC(40) User=0.03s Sys=0.00s Real=0.01s
[2020-09-29T10:10:07.400+0000][7792][safepoint    ] Safepoint "G1Concurrent", Time since last: 167418800 ns, Reaching safepoint: 168000 ns, At safepoint: 13756100 ns, Total: 13924100 ns
[2020-09-29T10:10:07.400+0000][7792][gc,marking   ] GC(40) Concurrent Rebuild Remembered Sets
[2020-09-29T10:10:07.459+0000][7792][safepoint    ] Safepoint "ICBufferFull", Time since last: 57906700 ns, Reaching safepoint: 732900 ns, At safepoint: 26600 ns, Total: 759500 ns
[2020-09-29T10:10:07.490+0000][7792][gc,marking   ] GC(40) Concurrent Rebuild Remembered Sets 89.104ms
[2020-09-29T10:10:07.491+0000][7792][gc,start     ] GC(40) Pause Cleanup
[2020-09-29T10:10:07.491+0000][7792][gc           ] GC(40) Pause Cleanup 443M->443M(1024M) 0.395ms
[2020-09-29T10:10:07.491+0000][7792][gc,cpu       ] GC(40) User=0.00s Sys=0.00s Real=0.00s
[2020-09-29T10:10:07.491+0000][7792][safepoint    ] Safepoint "G1Concurrent", Time since last: 30654800 ns, Reaching safepoint: 344200 ns, At safepoint: 649800 ns, Total: 994000 ns
[2020-09-29T10:10:07.491+0000][7792][gc,marking   ] GC(40) Concurrent Cleanup for Next Mark
[2020-09-29T10:10:07.493+0000][7792][gc,marking   ] GC(40) Concurrent Cleanup for Next Mark 1.883ms
[2020-09-29T10:10:07.493+0000][7792][gc           ] GC(40) Concurrent Cycle 273.828ms
[2020-09-29T10:10:07.648+0000][7792][gc,start     ] GC(41) Pause Young (Concurrent Start) (G1 Humongous Allocation)
[2020-09-29T10:10:07.648+0000][7792][gc,task      ] GC(41) Using 8 workers of 8 for evacuation
[2020-09-29T10:10:07.648+0000][7792][gc,age       ] GC(41) Desired survivor size 34078720 bytes, new threshold 15 (max threshold 15)
[2020-09-29T10:10:07.656+0000][7792][gc,age       ] GC(41) Age table with threshold 15 (max threshold 15)
[2020-09-29T10:10:07.656+0000][7792][gc,age       ] GC(41) - age   1:    3229096 bytes,    3229096 total
[2020-09-29T10:10:07.656+0000][7792][gc,age       ] GC(41) - age   2:     409736 bytes,    3638832 total
[2020-09-29T10:10:07.656+0000][7792][gc,age       ] GC(41) - age   3:     205048 bytes,    3843880 total
[2020-09-29T10:10:07.656+0000][7792][gc,age       ] GC(41) - age   4:     206392 bytes,    4050272 total
[2020-09-29T10:10:07.657+0000][7792][gc,age       ] GC(41) - age   5:     200352 bytes,    4250624 total
[2020-09-29T10:10:07.657+0000][7792][gc,age       ] GC(41) - age   6:     211816 bytes,    4462440 total
[2020-09-29T10:10:07.657+0000][7792][gc,age       ] GC(41) - age   7:     210048 bytes,    4672488 total
[2020-09-29T10:10:07.657+0000][7792][gc,age       ] GC(41) - age   8:     239144 bytes,    4911632 total
[2020-09-29T10:10:07.657+0000][7792][gc,age       ] GC(41) - age   9:     229368 bytes,    5141000 total
[2020-09-29T10:10:07.657+0000][7792][gc,age       ] GC(41) - age  10:     253960 bytes,    5394960 total
[2020-09-29T10:10:07.657+0000][7792][gc,age       ] GC(41) - age  11:     255008 bytes,    5649968 total
[2020-09-29T10:10:07.657+0000][7792][gc,age       ] GC(41) - age  12:      64272 bytes,    5714240 total
[2020-09-29T10:10:07.657+0000][7792][gc,age       ] GC(41) - age  13:     266600 bytes,    5980840 total
[2020-09-29T10:10:07.657+0000][7792][gc,age       ] GC(41) - age  14:     472144 bytes,    6452984 total
[2020-09-29T10:10:07.657+0000][7792][gc,age       ] GC(41) - age  15:     246000 bytes,    6698984 total
[2020-09-29T10:10:07.657+0000][7792][gc,phases    ] GC(41)   Pre Evacuate Collection Set: 0.4ms
[2020-09-29T10:10:07.657+0000][7792][gc,phases    ] GC(41)   Merge Heap Roots: 0.1ms
[2020-09-29T10:10:07.657+0000][7792][gc,phases    ] GC(41)   Evacuate Collection Set: 6.6ms
[2020-09-29T10:10:07.657+0000][7792][gc,phases    ] GC(41)   Post Evacuate Collection Set: 1.0ms
[2020-09-29T10:10:07.657+0000][7792][gc,phases    ] GC(41)   Other: 1.1ms
[2020-09-29T10:10:07.657+0000][7792][gc,heap      ] GC(41) Eden regions: 58->0(505)
[2020-09-29T10:10:07.657+0000][7792][gc,heap      ] GC(41) Survivor regions: 12->8(65)
[2020-09-29T10:10:07.657+0000][7792][gc,heap      ] GC(41) Old regions: 67->72
[2020-09-29T10:10:07.657+0000][7792][gc,heap      ] GC(41) Archive regions: 0->0
[2020-09-29T10:10:07.657+0000][7792][gc,heap      ] GC(41) Humongous regions: 322->174
[2020-09-29T10:10:07.657+0000][7792][gc,metaspace ] GC(41) Metaspace: 83017K(89088K)->83017K(89088K) NonClass: 72141K(75776K)->72141K(75776K) Class: 10876K(13312K)->10876K(13312K)
[2020-09-29T10:10:07.657+0000][7792][gc           ] GC(41) Pause Young (Concurrent Start) (G1 Humongous Allocation) 457M->253M(1024M) 9.631ms
[2020-09-29T10:10:07.658+0000][7792][gc,cpu       ] GC(41) User=0.09s Sys=0.00s Real=0.01s
[2020-09-29T10:10:07.658+0000][7792][gc           ] GC(42) Concurrent Cycle
[2020-09-29T10:10:07.658+0000][7792][gc,marking   ] GC(42) Concurrent Clear Claimed Marks
[2020-09-29T10:10:07.658+0000][7792][safepoint    ] Safepoint "G1TryInitiateConcMark", Time since last: 156205800 ns, Reaching safepoint: 331500 ns, At safepoint: 10055100 ns, Total: 10386600 ns
[2020-09-29T10:10:07.658+0000][7792][gc,marking   ] GC(42) Concurrent Clear Claimed Marks 0.330ms
[2020-09-29T10:10:07.658+0000][7792][gc,marking   ] GC(42) Concurrent Scan Root Regions
[2020-09-29T10:10:07.665+0000][7792][gc,marking   ] GC(42) Concurrent Scan Root Regions 6.933ms
[2020-09-29T10:10:07.665+0000][7792][gc,marking   ] GC(42) Concurrent Mark (870.767s)
[2020-09-29T10:10:07.665+0000][7792][gc,marking   ] GC(42) Concurrent Mark From Roots
[2020-09-29T10:10:07.665+0000][7792][gc,task      ] GC(42) Using 2 workers of 2 for marking
[2020-09-29T10:10:07.831+0000][7792][gc,marking   ] GC(42) Concurrent Mark From Roots 166.066ms
[2020-09-29T10:10:07.831+0000][7792][gc,marking   ] GC(42) Concurrent Preclean
[2020-09-29T10:10:07.832+0000][7792][gc,marking   ] GC(42) Concurrent Preclean 0.728ms
[2020-09-29T10:10:07.832+0000][7792][gc,marking   ] GC(42) Concurrent Mark (870.767s, 870.934s) 167.033ms
[2020-09-29T10:10:07.832+0000][7792][gc,start     ] GC(42) Pause Remark
[2020-09-29T10:10:07.845+0000][7792][gc           ] GC(42) Pause Remark 316M->316M(1024M) 12.362ms
[2020-09-29T10:10:07.845+0000][7792][gc,cpu       ] GC(42) User=0.13s Sys=0.00s Real=0.01s
[2020-09-29T10:10:07.845+0000][7792][safepoint    ] Safepoint "G1Concurrent", Time since last: 174470400 ns, Reaching safepoint: 169400 ns, At safepoint: 12756300 ns, Total: 12925700 ns
[2020-09-29T10:10:07.845+0000][7792][gc,marking   ] GC(42) Concurrent Rebuild Remembered Sets
[2020-09-29T10:10:07.920+0000][7792][safepoint    ] Safepoint "ICBufferFull", Time since last: 74270600 ns, Reaching safepoint: 908900 ns, At safepoint: 42500 ns, Total: 951400 ns
[2020-09-29T10:10:07.944+0000][7792][gc,marking   ] GC(42) Concurrent Rebuild Remembered Sets 98.526ms
[2020-09-29T10:10:07.944+0000][7792][gc,start     ] GC(42) Pause Cleanup
[2020-09-29T10:10:07.945+0000][7792][gc           ] GC(42) Pause Cleanup 382M->382M(1024M) 0.369ms
[2020-09-29T10:10:07.945+0000][7792][gc,cpu       ] GC(42) User=0.00s Sys=0.00s Real=0.00s
[2020-09-29T10:10:07.945+0000][7792][safepoint    ] Safepoint "G1Concurrent", Time since last: 23605100 ns, Reaching safepoint: 174300 ns, At safepoint: 697600 ns, Total: 871900 ns
[2020-09-29T10:10:07.945+0000][7792][gc,marking   ] GC(42) Concurrent Cleanup for Next Mark
[2020-09-29T10:10:07.947+0000][7792][gc,marking   ] GC(42) Concurrent Cleanup for Next Mark 1.915ms
[2020-09-29T10:10:07.947+0000][7792][gc           ] GC(42) Concurrent Cycle 289.456ms
[2020-09-29T10:10:08.008+0000][7792][gc,start     ] GC(43) Pause Young (Concurrent Start) (G1 Humongous Allocation)
[2020-09-29T10:10:08.008+0000][7792][gc,task      ] GC(43) Using 8 workers of 8 for evacuation
[2020-09-29T10:10:08.008+0000][7792][gc,age       ] GC(43) Desired survivor size 34078720 bytes, new threshold 15 (max threshold 15)
[2020-09-29T10:10:08.015+0000][7792][gc,age       ] GC(43) Age table with threshold 15 (max threshold 15)
[2020-09-29T10:10:08.015+0000][7792][gc,age       ] GC(43) - age   1:    3225616 bytes,    3225616 total
[2020-09-29T10:10:08.015+0000][7792][gc,age       ] GC(43) - age   2:     211312 bytes,    3436928 total
[2020-09-29T10:10:08.016+0000][7792][gc,age       ] GC(43) - age   3:     408336 bytes,    3845264 total
[2020-09-29T10:10:08.016+0000][7792][gc,age       ] GC(43) - age   4:     204672 bytes,    4049936 total
[2020-09-29T10:10:08.016+0000][7792][gc,age       ] GC(43) - age   5:     206360 bytes,    4256296 total
[2020-09-29T10:10:08.016+0000][7792][gc,age       ] GC(43) - age   6:     200352 bytes,    4456648 total
[2020-09-29T10:10:08.016+0000][7792][gc,age       ] GC(43) - age   7:     211528 bytes,    4668176 total
[2020-09-29T10:10:08.016+0000][7792][gc,age       ] GC(43) - age   8:     209952 bytes,    4878128 total
[2020-09-29T10:10:08.016+0000][7792][gc,age       ] GC(43) - age   9:     239144 bytes,    5117272 total
[2020-09-29T10:10:08.016+0000][7792][gc,age       ] GC(43) - age  10:     229368 bytes,    5346640 total
[2020-09-29T10:10:08.016+0000][7792][gc,age       ] GC(43) - age  11:     253928 bytes,    5600568 total
[2020-09-29T10:10:08.016+0000][7792][gc,age       ] GC(43) - age  12:     255008 bytes,    5855576 total
[2020-09-29T10:10:08.016+0000][7792][gc,age       ] GC(43) - age  13:      63936 bytes,    5919512 total
[2020-09-29T10:10:08.016+0000][7792][gc,age       ] GC(43) - age  14:     266600 bytes,    6186112 total
[2020-09-29T10:10:08.016+0000][7792][gc,age       ] GC(43) - age  15:     472088 bytes,    6658200 total
[2020-09-29T10:10:08.016+0000][7792][gc,phases    ] GC(43)   Pre Evacuate Collection Set: 0.5ms
[2020-09-29T10:10:08.016+0000][7792][gc,phases    ] GC(43)   Merge Heap Roots: 0.1ms
[2020-09-29T10:10:08.016+0000][7792][gc,phases    ] GC(43)   Evacuate Collection Set: 5.1ms
[2020-09-29T10:10:08.016+0000][7792][gc,phases    ] GC(43)   Post Evacuate Collection Set: 1.2ms
[2020-09-29T10:10:08.017+0000][7792][gc,phases    ] GC(43)   Other: 1.4ms
[2020-09-29T10:10:08.017+0000][7792][gc,heap      ] GC(43) Eden regions: 41->0(504)
[2020-09-29T10:10:08.017+0000][7792][gc,heap      ] GC(43) Survivor regions: 8->8(65)
[2020-09-29T10:10:08.017+0000][7792][gc,heap      ] GC(43) Old regions: 72->73
[2020-09-29T10:10:08.017+0000][7792][gc,heap      ] GC(43) Archive regions: 0->0
[2020-09-29T10:10:08.017+0000][7792][gc,heap      ] GC(43) Humongous regions: 270->174
[2020-09-29T10:10:08.017+0000][7792][gc,metaspace ] GC(43) Metaspace: 82932K(89088K)->82932K(89088K) NonClass: 72089K(75776K)->72089K(75776K) Class: 10843K(13312K)->10843K(13312K)
[2020-09-29T10:10:08.017+0000][7792][gc           ] GC(43) Pause Young (Concurrent Start) (G1 Humongous Allocation) 389M->253M(1024M) 8.938ms
[2020-09-29T10:10:08.017+0000][7792][gc,cpu       ] GC(43) User=0.05s Sys=0.02s Real=0.01s
[2020-09-29T10:10:08.017+0000][7792][gc           ] GC(44) Concurrent Cycle
[2020-09-29T10:10:08.017+0000][7792][gc,marking   ] GC(44) Concurrent Clear Claimed Marks
[2020-09-29T10:10:08.017+0000][7792][safepoint    ] Safepoint "G1TryInitiateConcMark", Time since last: 62622300 ns, Reaching safepoint: 379500 ns, At safepoint: 9381000 ns, Total: 9760500 ns
[2020-09-29T10:10:08.018+0000][7792][gc,marking   ] GC(44) Concurrent Clear Claimed Marks 0.388ms
[2020-09-29T10:10:08.018+0000][7792][gc,marking   ] GC(44) Concurrent Scan Root Regions
[2020-09-29T10:10:08.022+0000][7792][gc,marking   ] GC(44) Concurrent Scan Root Regions 4.274ms
[2020-09-29T10:10:08.022+0000][7792][gc,marking   ] GC(44) Concurrent Mark (871.124s)
[2020-09-29T10:10:08.022+0000][7792][gc,marking   ] GC(44) Concurrent Mark From Roots
[2020-09-29T10:10:08.022+0000][7792][gc,task      ] GC(44) Using 2 workers of 2 for marking
[2020-09-29T10:10:08.193+0000][7792][gc,marking   ] GC(44) Concurrent Mark From Roots 171.733ms
[2020-09-29T10:10:08.193+0000][7792][gc,marking   ] GC(44) Concurrent Preclean
[2020-09-29T10:10:08.194+0000][7792][gc,marking   ] GC(44) Concurrent Preclean 0.693ms
[2020-09-29T10:10:08.194+0000][7792][gc,marking   ] GC(44) Concurrent Mark (871.124s, 871.297s) 172.650ms
[2020-09-29T10:10:08.194+0000][7792][gc,start     ] GC(44) Pause Remark
[2020-09-29T10:10:08.207+0000][7792][gc           ] GC(44) Pause Remark 317M->317M(1024M) 12.417ms
[2020-09-29T10:10:08.207+0000][7792][gc,cpu       ] GC(44) User=0.11s Sys=0.00s Real=0.01s
[2020-09-29T10:10:08.207+0000][7792][safepoint    ] Safepoint "G1Concurrent", Time since last: 177479700 ns, Reaching safepoint: 202900 ns, At safepoint: 13070300 ns, Total: 13273200 ns
[2020-09-29T10:10:08.208+0000][7792][gc,marking   ] GC(44) Concurrent Rebuild Remembered Sets
[2020-09-29T10:10:08.242+0000][7792][safepoint    ] Safepoint "ICBufferFull", Time since last: 33512800 ns, Reaching safepoint: 1162200 ns, At safepoint: 56000 ns, Total: 1218200 ns
[2020-09-29T10:10:08.306+0000][7792][gc,marking   ] GC(44) Concurrent Rebuild Remembered Sets 98.383ms
[2020-09-29T10:10:08.307+0000][7792][gc,start     ] GC(44) Pause Cleanup
[2020-09-29T10:10:08.307+0000][7792][gc           ] GC(44) Pause Cleanup 384M->384M(1024M) 0.403ms
[2020-09-29T10:10:08.307+0000][7792][gc,cpu       ] GC(44) User=0.00s Sys=0.00s Real=0.00s
[2020-09-29T10:10:08.307+0000][7792][safepoint    ] Safepoint "G1Concurrent", Time since last: 63985000 ns, Reaching safepoint: 376400 ns, At safepoint: 665800 ns, Total: 1042200 ns
[2020-09-29T10:10:08.307+0000][7792][gc,marking   ] GC(44) Concurrent Cleanup for Next Mark
[2020-09-29T10:10:08.310+0000][7792][gc,marking   ] GC(44) Concurrent Cleanup for Next Mark 2.261ms
[2020-09-29T10:10:08.310+0000][7792][gc           ] GC(44) Concurrent Cycle 293.159ms
[2020-09-29T10:10:08.360+0000][7792][gc,start     ] GC(45) Pause Young (Concurrent Start) (G1 Humongous Allocation)
[2020-09-29T10:10:08.360+0000][7792][gc,task      ] GC(45) Using 8 workers of 8 for evacuation
[2020-09-29T10:10:08.360+0000][7792][gc,age       ] GC(45) Desired survivor size 33554432 bytes, new threshold 15 (max threshold 15)
[2020-09-29T10:10:08.368+0000][7792][gc,age       ] GC(45) Age table with threshold 15 (max threshold 15)
[2020-09-29T10:10:08.368+0000][7792][gc,age       ] GC(45) - age   1:    3293520 bytes,    3293520 total
[2020-09-29T10:10:08.368+0000][7792][gc,age       ] GC(45) - age   2:     202520 bytes,    3496040 total
[2020-09-29T10:10:08.368+0000][7792][gc,age       ] GC(45) - age   3:     205624 bytes,    3701664 total
[2020-09-29T10:10:08.368+0000][7792][gc,age       ] GC(45) - age   4:     407288 bytes,    4108952 total
[2020-09-29T10:10:08.368+0000][7792][gc,age       ] GC(45) - age   5:     204608 bytes,    4313560 total
[2020-09-29T10:10:08.368+0000][7792][gc,age       ] GC(45) - age   6:     206360 bytes,    4519920 total
[2020-09-29T10:10:08.368+0000][7792][gc,age       ] GC(45) - age   7:     200064 bytes,    4719984 total
[2020-09-29T10:10:08.368+0000][7792][gc,age       ] GC(45) - age   8:     211248 bytes,    4931232 total
[2020-09-29T10:10:08.368+0000][7792][gc,age       ] GC(45) - age   9:     209952 bytes,    5141184 total
[2020-09-29T10:10:08.368+0000][7792][gc,age       ] GC(45) - age  10:     239144 bytes,    5380328 total
[2020-09-29T10:10:08.368+0000][7792][gc,age       ] GC(45) - age  11:     229304 bytes,    5609632 total
[2020-09-29T10:10:08.368+0000][7792][gc,age       ] GC(45) - age  12:     253928 bytes,    5863560 total
[2020-09-29T10:10:08.368+0000][7792][gc,age       ] GC(45) - age  13:     255008 bytes,    6118568 total
[2020-09-29T10:10:08.368+0000][7792][gc,age       ] GC(45) - age  14:      63936 bytes,    6182504 total
[2020-09-29T10:10:08.368+0000][7792][gc,age       ] GC(45) - age  15:     266600 bytes,    6449104 total
[2020-09-29T10:10:08.368+0000][7792][gc,phases    ] GC(45)   Pre Evacuate Collection Set: 0.5ms
[2020-09-29T10:10:08.368+0000][7792][gc,phases    ] GC(45)   Merge Heap Roots: 0.1ms
[2020-09-29T10:10:08.368+0000][7792][gc,phases    ] GC(45)   Evacuate Collection Set: 5.5ms
[2020-09-29T10:10:08.368+0000][7792][gc,phases    ] GC(45)   Post Evacuate Collection Set: 0.8ms
[2020-09-29T10:10:08.369+0000][7792][gc,phases    ] GC(45)   Other: 1.3ms
[2020-09-29T10:10:08.369+0000][7792][gc,heap      ] GC(45) Eden regions: 40->0(505)
[2020-09-29T10:10:08.369+0000][7792][gc,heap      ] GC(45) Survivor regions: 8->7(64)
[2020-09-29T10:10:08.369+0000][7792][gc,heap      ] GC(45) Old regions: 73->73
[2020-09-29T10:10:08.369+0000][7792][gc,heap      ] GC(45) Archive regions: 0->0
[2020-09-29T10:10:08.369+0000][7792][gc,heap      ] GC(45) Humongous regions: 272->174
[2020-09-29T10:10:08.369+0000][7792][gc,metaspace ] GC(45) Metaspace: 82841K(89088K)->82841K(89088K) NonClass: 72037K(75776K)->72037K(75776K) Class: 10804K(13312K)->10804K(13312K)
[2020-09-29T10:10:08.369+0000][7792][gc           ] GC(45) Pause Young (Concurrent Start) (G1 Humongous Allocation) 391M->253M(1024M) 8.761ms
[2020-09-29T10:10:08.369+0000][7792][gc,cpu       ] GC(45) User=0.00s Sys=0.00s Real=0.01s
[2020-09-29T10:10:08.369+0000][7792][gc           ] GC(46) Concurrent Cycle
[2020-09-29T10:10:08.369+0000][7792][safepoint    ] Safepoint "G1TryInitiateConcMark", Time since last: 52491200 ns, Reaching safepoint: 353400 ns, At safepoint: 9085200 ns, Total: 9438600 ns
[2020-09-29T10:10:08.369+0000][7792][gc,marking   ] GC(46) Concurrent Clear Claimed Marks
[2020-09-29T10:10:08.370+0000][7792][gc,marking   ] GC(46) Concurrent Clear Claimed Marks 0.672ms
[2020-09-29T10:10:08.370+0000][7792][gc,marking   ] GC(46) Concurrent Scan Root Regions
[2020-09-29T10:10:08.374+0000][7792][gc,marking   ] GC(46) Concurrent Scan Root Regions 4.317ms
[2020-09-29T10:10:08.374+0000][7792][gc,marking   ] GC(46) Concurrent Mark (871.477s)
[2020-09-29T10:10:08.374+0000][7792][gc,marking   ] GC(46) Concurrent Mark From Roots
[2020-09-29T10:10:08.374+0000][7792][gc,task      ] GC(46) Using 2 workers of 2 for marking
[2020-09-29T10:10:08.543+0000][7792][gc,marking   ] GC(46) Concurrent Mark From Roots 167.803ms
[2020-09-29T10:10:08.543+0000][7792][gc,marking   ] GC(46) Concurrent Preclean
[2020-09-29T10:10:08.544+0000][7792][gc,marking   ] GC(46) Concurrent Preclean 0.772ms
[2020-09-29T10:10:08.544+0000][7792][gc,marking   ] GC(46) Concurrent Mark (871.477s, 871.646s) 168.780ms
[2020-09-29T10:10:08.544+0000][7792][gc,start     ] GC(46) Pause Remark
[2020-09-29T10:10:08.550+0000][7792][gc           ] GC(46) Pause Remark 316M->316M(1024M) 5.661ms
[2020-09-29T10:10:08.550+0000][7792][gc,cpu       ] GC(46) User=0.09s Sys=0.00s Real=0.01s
[2020-09-29T10:10:08.550+0000][7792][safepoint    ] Safepoint "G1Concurrent", Time since last: 174049000 ns, Reaching safepoint: 184900 ns, At safepoint: 5933200 ns, Total: 6118100 ns
[2020-09-29T10:10:08.550+0000][7792][gc,marking   ] GC(46) Concurrent Rebuild Remembered Sets
[2020-09-29T10:10:08.646+0000][7792][gc,marking   ] GC(46) Concurrent Rebuild Remembered Sets 96.076ms
[2020-09-29T10:10:08.646+0000][7792][gc,start     ] GC(46) Pause Cleanup
[2020-09-29T10:10:08.647+0000][7792][gc           ] GC(46) Pause Cleanup 320M->320M(1024M) 0.386ms
[2020-09-29T10:10:08.647+0000][7792][gc,cpu       ] GC(46) User=0.00s Sys=0.00s Real=0.00s
[2020-09-29T10:10:08.647+0000][7792][safepoint    ] Safepoint "G1Concurrent", Time since last: 96324100 ns, Reaching safepoint: 164200 ns, At safepoint: 644600 ns, Total: 808800 ns
[2020-09-29T10:10:08.647+0000][7792][gc,marking   ] GC(46) Concurrent Cleanup for Next Mark
[2020-09-29T10:10:08.649+0000][7792][gc,marking   ] GC(46) Concurrent Cleanup for Next Mark 1.838ms
[2020-09-29T10:10:08.649+0000][7792][gc           ] GC(46) Concurrent Cycle 279.445ms
[2020-09-29T10:10:09.105+0000][7792][safepoint    ] Safepoint "ICBufferFull", Time since last: 457886900 ns, Reaching safepoint: 306100 ns, At safepoint: 39500 ns, Total: 345600 ns
[2020-09-29T10:10:09.207+0000][7792][safepoint    ] Safepoint "BulkRevokeBias", Time since last: 93482100 ns, Reaching safepoint: 382700 ns, At safepoint: 7887300 ns, Total: 8270000 ns
[2020-09-29T10:10:10.228+0000][7792][safepoint    ] Safepoint "Cleanup", Time since last: 1021204400 ns, Reaching safepoint: 274200 ns, At safepoint: 127700 ns, Total: 401900 ns
[2020-09-29T10:10:10.398+0000][7792][safepoint    ] Safepoint "BulkRevokeBias", Time since last: 168811400 ns, Reaching safepoint: 130000 ns, At safepoint: 1185000 ns, Total: 1315000 ns
[2020-09-29T10:10:10.455+0000][7792][gc,start     ] GC(47) Pause Young (Concurrent Start) (G1 Humongous Allocation)
[2020-09-29T10:10:10.455+0000][7792][gc,task      ] GC(47) Using 8 workers of 8 for evacuation
[2020-09-29T10:10:10.455+0000][7792][gc,age       ] GC(47) Desired survivor size 33554432 bytes, new threshold 15 (max threshold 15)
[2020-09-29T10:10:10.459+0000][7792][gc,age       ] GC(47) Age table with threshold 15 (max threshold 15)
[2020-09-29T10:10:10.459+0000][7792][gc,age       ] GC(47) - age   1:    2873400 bytes,    2873400 total
[2020-09-29T10:10:10.459+0000][7792][gc,age       ] GC(47) - age   2:       1936 bytes,    2875336 total
[2020-09-29T10:10:10.459+0000][7792][gc,age       ] GC(47) - age   3:       1464 bytes,    2876800 total
[2020-09-29T10:10:10.459+0000][7792][gc,age       ] GC(47) - age   4:       2656 bytes,    2879456 total
[2020-09-29T10:10:10.459+0000][7792][gc,age       ] GC(47) - age   5:       4792 bytes,    2884248 total
[2020-09-29T10:10:10.459+0000][7792][gc,age       ] GC(47) - age   6:       2176 bytes,    2886424 total
[2020-09-29T10:10:10.459+0000][7792][gc,age       ] GC(47) - age   7:       3408 bytes,    2889832 total
[2020-09-29T10:10:10.459+0000][7792][gc,age       ] GC(47) - age   8:       1832 bytes,    2891664 total
[2020-09-29T10:10:10.459+0000][7792][gc,age       ] GC(47) - age   9:       9712 bytes,    2901376 total
[2020-09-29T10:10:10.459+0000][7792][gc,age       ] GC(47) - age  10:      11656 bytes,    2913032 total
[2020-09-29T10:10:10.459+0000][7792][gc,age       ] GC(47) - age  11:      40688 bytes,    2953720 total
[2020-09-29T10:10:10.459+0000][7792][gc,age       ] GC(47) - age  12:      27856 bytes,    2981576 total
[2020-09-29T10:10:10.459+0000][7792][gc,age       ] GC(47) - age  13:      55504 bytes,    3037080 total
[2020-09-29T10:10:10.459+0000][7792][gc,age       ] GC(47) - age  14:      56800 bytes,    3093880 total
[2020-09-29T10:10:10.459+0000][7792][gc,age       ] GC(47) - age  15:      63904 bytes,    3157784 total
[2020-09-29T10:10:10.459+0000][7792][gc,phases    ] GC(47)   Pre Evacuate Collection Set: 0.4ms
[2020-09-29T10:10:10.459+0000][7792][gc,phases    ] GC(47)   Merge Heap Roots: 0.1ms
[2020-09-29T10:10:10.459+0000][7792][gc,phases    ] GC(47)   Evacuate Collection Set: 2.1ms
[2020-09-29T10:10:10.459+0000][7792][gc,phases    ] GC(47)   Post Evacuate Collection Set: 0.7ms
[2020-09-29T10:10:10.459+0000][7792][gc,phases    ] GC(47)   Other: 0.7ms
[2020-09-29T10:10:10.459+0000][7792][gc,heap      ] GC(47) Eden regions: 45->0(507)
[2020-09-29T10:10:10.459+0000][7792][gc,heap      ] GC(47) Survivor regions: 7->4(64)
[2020-09-29T10:10:10.459+0000][7792][gc,heap      ] GC(47) Old regions: 73->74
[2020-09-29T10:10:10.459+0000][7792][gc,heap      ] GC(47) Archive regions: 0->0
[2020-09-29T10:10:10.459+0000][7792][gc,heap      ] GC(47) Humongous regions: 234->174
[2020-09-29T10:10:10.459+0000][7792][gc,metaspace ] GC(47) Metaspace: 83674K(89984K)->83674K(89984K) NonClass: 72778K(76544K)->72778K(76544K) Class: 10895K(13440K)->10895K(13440K)
[2020-09-29T10:10:10.459+0000][7792][gc           ] GC(47) Pause Young (Concurrent Start) (G1 Humongous Allocation) 358M->250M(1024M) 4.119ms
[2020-09-29T10:10:10.459+0000][7792][gc,cpu       ] GC(47) User=0.00s Sys=0.00s Real=0.00s
[2020-09-29T10:10:10.459+0000][7792][gc           ] GC(48) Concurrent Cycle
[2020-09-29T10:10:10.459+0000][7792][safepoint    ] Safepoint "G1TryInitiateConcMark", Time since last: 56421900 ns, Reaching safepoint: 169400 ns, At safepoint: 4291600 ns, Total: 4461000 ns
[2020-09-29T10:10:10.459+0000][7792][gc,marking   ] GC(48) Concurrent Clear Claimed Marks
[2020-09-29T10:10:10.460+0000][7792][gc,marking   ] GC(48) Concurrent Clear Claimed Marks 0.626ms
[2020-09-29T10:10:10.460+0000][7792][gc,marking   ] GC(48) Concurrent Scan Root Regions
[2020-09-29T10:10:10.463+0000][7792][gc,marking   ] GC(48) Concurrent Scan Root Regions 3.116ms
[2020-09-29T10:10:10.463+0000][7792][gc,marking   ] GC(48) Concurrent Mark (873.566s)
[2020-09-29T10:10:10.463+0000][7792][gc,marking   ] GC(48) Concurrent Mark From Roots
[2020-09-29T10:10:10.464+0000][7792][gc,task      ] GC(48) Using 2 workers of 2 for marking
[2020-09-29T10:10:10.586+0000][7792][gc,marking   ] GC(48) Concurrent Mark From Roots 122.056ms
[2020-09-29T10:10:10.586+0000][7792][gc,marking   ] GC(48) Concurrent Preclean
[2020-09-29T10:10:10.586+0000][7792][gc,marking   ] GC(48) Concurrent Preclean 0.496ms
[2020-09-29T10:10:10.586+0000][7792][gc,marking   ] GC(48) Concurrent Mark (873.566s, 873.689s) 122.748ms
[2020-09-29T10:10:10.586+0000][7792][gc,start     ] GC(48) Pause Remark
[2020-09-29T10:10:10.596+0000][7792][gc           ] GC(48) Pause Remark 384M->384M(1024M) 9.388ms
[2020-09-29T10:10:10.596+0000][7792][gc,cpu       ] GC(48) User=0.09s Sys=0.00s Real=0.01s
[2020-09-29T10:10:10.596+0000][7792][safepoint    ] Safepoint "G1Concurrent", Time since last: 126867500 ns, Reaching safepoint: 153300 ns, At safepoint: 9635000 ns, Total: 9788300 ns
[2020-09-29T10:10:10.596+0000][7792][gc,marking   ] GC(48) Concurrent Rebuild Remembered Sets
[2020-09-29T10:10:10.665+0000][7792][gc,marking   ] GC(48) Concurrent Rebuild Remembered Sets 69.431ms
[2020-09-29T10:10:10.666+0000][7792][gc,start     ] GC(48) Pause Cleanup
[2020-09-29T10:10:10.666+0000][7792][gc           ] GC(48) Pause Cleanup 384M->384M(1024M) 0.335ms
[2020-09-29T10:10:10.666+0000][7792][gc,cpu       ] GC(48) User=0.00s Sys=0.00s Real=0.00s
[2020-09-29T10:10:10.666+0000][7792][safepoint    ] Safepoint "G1Concurrent", Time since last: 69617700 ns, Reaching safepoint: 130500 ns, At safepoint: 478500 ns, Total: 609000 ns
[2020-09-29T10:10:10.666+0000][7792][gc,marking   ] GC(48) Concurrent Cleanup for Next Mark
[2020-09-29T10:10:10.668+0000][7792][gc,marking   ] GC(48) Concurrent Cleanup for Next Mark 1.565ms
[2020-09-29T10:10:10.668+0000][7792][gc           ] GC(48) Concurrent Cycle 208.716ms
[2020-09-29T10:10:10.975+0000][7792][safepoint    ] Safepoint "ICBufferFull", Time since last: 308877900 ns, Reaching safepoint: 324800 ns, At safepoint: 125000 ns, Total: 449800 ns
[2020-09-29T10:10:10.995+0000][7792][gc,start     ] GC(49) Pause Young (Concurrent Start) (G1 Humongous Allocation)
[2020-09-29T10:10:10.995+0000][7792][gc,task      ] GC(49) Using 8 workers of 8 for evacuation
[2020-09-29T10:10:10.995+0000][7792][gc,age       ] GC(49) Desired survivor size 33554432 bytes, new threshold 15 (max threshold 15)
[2020-09-29T10:10:11.000+0000][7792][gc,age       ] GC(49) Age table with threshold 15 (max threshold 15)
[2020-09-29T10:10:11.000+0000][7792][gc,age       ] GC(49) - age   1:    8216088 bytes,    8216088 total
[2020-09-29T10:10:11.000+0000][7792][gc,age       ] GC(49) - age   2:     354344 bytes,    8570432 total
[2020-09-29T10:10:11.000+0000][7792][gc,age       ] GC(49) - age   3:       1544 bytes,    8571976 total
[2020-09-29T10:10:11.000+0000][7792][gc,age       ] GC(49) - age   4:       1048 bytes,    8573024 total
[2020-09-29T10:10:11.000+0000][7792][gc,age       ] GC(49) - age   5:       2464 bytes,    8575488 total
[2020-09-29T10:10:11.000+0000][7792][gc,age       ] GC(49) - age   6:       4608 bytes,    8580096 total
[2020-09-29T10:10:11.000+0000][7792][gc,age       ] GC(49) - age   7:       2048 bytes,    8582144 total
[2020-09-29T10:10:11.000+0000][7792][gc,age       ] GC(49) - age   8:       2760 bytes,    8584904 total
[2020-09-29T10:10:11.000+0000][7792][gc,age       ] GC(49) - age   9:       1800 bytes,    8586704 total
[2020-09-29T10:10:11.000+0000][7792][gc,age       ] GC(49) - age  10:       9712 bytes,    8596416 total
[2020-09-29T10:10:11.000+0000][7792][gc,age       ] GC(49) - age  11:      11504 bytes,    8607920 total
[2020-09-29T10:10:11.000+0000][7792][gc,age       ] GC(49) - age  12:      40688 bytes,    8648608 total
[2020-09-29T10:10:11.000+0000][7792][gc,age       ] GC(49) - age  13:      27856 bytes,    8676464 total
[2020-09-29T10:10:11.000+0000][7792][gc,age       ] GC(49) - age  14:      55504 bytes,    8731968 total
[2020-09-29T10:10:11.000+0000][7792][gc,age       ] GC(49) - age  15:      56800 bytes,    8788768 total
[2020-09-29T10:10:11.001+0000][7792][gc,phases    ] GC(49)   Pre Evacuate Collection Set: 0.4ms
[2020-09-29T10:10:11.001+0000][7792][gc,phases    ] GC(49)   Merge Heap Roots: 0.1ms
[2020-09-29T10:10:11.001+0000][7792][gc,phases    ] GC(49)   Evacuate Collection Set: 3.3ms
[2020-09-29T10:10:11.001+0000][7792][gc,phases    ] GC(49)   Post Evacuate Collection Set: 1.0ms
[2020-09-29T10:10:11.001+0000][7792][gc,phases    ] GC(49)   Other: 1.2ms
[2020-09-29T10:10:11.001+0000][7792][gc,heap      ] GC(49) Eden regions: 53->0(496)
[2020-09-29T10:10:11.001+0000][7792][gc,heap      ] GC(49) Survivor regions: 4->9(64)
[2020-09-29T10:10:11.001+0000][7792][gc,heap      ] GC(49) Old regions: 74->74
[2020-09-29T10:10:11.001+0000][7792][gc,heap      ] GC(49) Archive regions: 0->0
[2020-09-29T10:10:11.001+0000][7792][gc,heap      ] GC(49) Humongous regions: 272->174
[2020-09-29T10:10:11.001+0000][7792][gc,metaspace ] GC(49) Metaspace: 83646K(89984K)->83646K(89984K) NonClass: 72766K(76544K)->72766K(76544K) Class: 10880K(13440K)->10880K(13440K)
[2020-09-29T10:10:11.001+0000][7792][gc           ] GC(49) Pause Young (Concurrent Start) (G1 Humongous Allocation) 401M->255M(1024M) 6.383ms
[2020-09-29T10:10:11.001+0000][7792][gc,cpu       ] GC(49) User=0.09s Sys=0.00s Real=0.01s
[2020-09-29T10:10:11.001+0000][7792][gc           ] GC(50) Concurrent Cycle
[2020-09-29T10:10:11.001+0000][7792][gc,marking   ] GC(50) Concurrent Clear Claimed Marks
[2020-09-29T10:10:11.001+0000][7792][safepoint    ] Safepoint "G1TryInitiateConcMark", Time since last: 18827100 ns, Reaching safepoint: 302500 ns, At safepoint: 6764900 ns, Total: 7067400 ns
[2020-09-29T10:10:11.002+0000][7792][gc,marking   ] GC(50) Concurrent Clear Claimed Marks 0.340ms
[2020-09-29T10:10:11.002+0000][7792][gc,marking   ] GC(50) Concurrent Scan Root Regions
[2020-09-29T10:10:11.005+0000][7792][gc,marking   ] GC(50) Concurrent Scan Root Regions 3.491ms
[2020-09-29T10:10:11.005+0000][7792][gc,marking   ] GC(50) Concurrent Mark (874.108s)
[2020-09-29T10:10:11.005+0000][7792][gc,marking   ] GC(50) Concurrent Mark From Roots
[2020-09-29T10:10:11.005+0000][7792][gc,task      ] GC(50) Using 2 workers of 2 for marking
[2020-09-29T10:10:11.172+0000][7792][gc,marking   ] GC(50) Concurrent Mark From Roots 166.241ms
[2020-09-29T10:10:11.172+0000][7792][gc,marking   ] GC(50) Concurrent Preclean
[2020-09-29T10:10:11.172+0000][7792][gc,marking   ] GC(50) Concurrent Preclean 0.730ms
[2020-09-29T10:10:11.172+0000][7792][gc,marking   ] GC(50) Concurrent Mark (874.108s, 874.275s) 167.157ms
[2020-09-29T10:10:11.173+0000][7792][gc,start     ] GC(50) Pause Remark
[2020-09-29T10:10:11.183+0000][7792][gc           ] GC(50) Pause Remark 518M->518M(1024M) 10.643ms
[2020-09-29T10:10:11.184+0000][7792][gc,cpu       ] GC(50) User=0.00s Sys=0.00s Real=0.01s
[2020-09-29T10:10:11.184+0000][7792][safepoint    ] Safepoint "G1Concurrent", Time since last: 171101400 ns, Reaching safepoint: 286900 ns, At safepoint: 11477100 ns, Total: 11764000 ns
[2020-09-29T10:10:11.184+0000][7792][gc,marking   ] GC(50) Concurrent Rebuild Remembered Sets
[2020-09-29T10:10:11.278+0000][7792][gc,marking   ] GC(50) Concurrent Rebuild Remembered Sets 94.146ms
[2020-09-29T10:10:11.279+0000][7792][gc,start     ] GC(50) Pause Cleanup
[2020-09-29T10:10:11.279+0000][7792][gc           ] GC(50) Pause Cleanup 586M->586M(1024M) 0.431ms
[2020-09-29T10:10:11.280+0000][7792][gc,cpu       ] GC(50) User=0.02s Sys=0.02s Real=0.00s
[2020-09-29T10:10:11.280+0000][7792][safepoint    ] Safepoint "G1Concurrent", Time since last: 94504700 ns, Reaching safepoint: 320800 ns, At safepoint: 781500 ns, Total: 1102300 ns
[2020-09-29T10:10:11.280+0000][7792][gc,marking   ] GC(50) Concurrent Cleanup for Next Mark
[2020-09-29T10:10:11.282+0000][7792][gc,marking   ] GC(50) Concurrent Cleanup for Next Mark 1.774ms
[2020-09-29T10:10:11.282+0000][7792][gc           ] GC(50) Concurrent Cycle 280.676ms
[2020-09-29T10:10:11.579+0000][7792][safepoint    ] Safepoint "ICBufferFull", Time since last: 294815500 ns, Reaching safepoint: 815900 ns, At safepoint: 3912500 ns, Total: 4728400 ns
[2020-09-29T10:10:11.603+0000][7792][gc,start     ] GC(51) Pause Young (Concurrent Start) (G1 Humongous Allocation)
[2020-09-29T10:10:11.603+0000][7792][gc,task      ] GC(51) Using 8 workers of 8 for evacuation
[2020-09-29T10:10:11.603+0000][7792][gc,age       ] GC(51) Desired survivor size 33554432 bytes, new threshold 15 (max threshold 15)
[2020-09-29T10:10:11.608+0000][7792][gc,age       ] GC(51) Age table with threshold 15 (max threshold 15)
[2020-09-29T10:10:11.609+0000][7792][gc,age       ] GC(51) - age   1:    8180224 bytes,    8180224 total
[2020-09-29T10:10:11.609+0000][7792][gc,age       ] GC(51) - age   2:      20912 bytes,    8201136 total
[2020-09-29T10:10:11.609+0000][7792][gc,age       ] GC(51) - age   3:     345488 bytes,    8546624 total
[2020-09-29T10:10:11.609+0000][7792][gc,age       ] GC(51) - age   4:       1448 bytes,    8548072 total
[2020-09-29T10:10:11.609+0000][7792][gc,age       ] GC(51) - age   5:       1048 bytes,    8549120 total
[2020-09-29T10:10:11.609+0000][7792][gc,age       ] GC(51) - age   6:       2464 bytes,    8551584 total
[2020-09-29T10:10:11.609+0000][7792][gc,age       ] GC(51) - age   7:       4608 bytes,    8556192 total
[2020-09-29T10:10:11.609+0000][7792][gc,age       ] GC(51) - age   8:       1688 bytes,    8557880 total
[2020-09-29T10:10:11.609+0000][7792][gc,age       ] GC(51) - age   9:       2696 bytes,    8560576 total
[2020-09-29T10:10:11.609+0000][7792][gc,age       ] GC(51) - age  10:       1800 bytes,    8562376 total
[2020-09-29T10:10:11.609+0000][7792][gc,age       ] GC(51) - age  11:       9712 bytes,    8572088 total
[2020-09-29T10:10:11.609+0000][7792][gc,age       ] GC(51) - age  12:      11504 bytes,    8583592 total
[2020-09-29T10:10:11.609+0000][7792][gc,age       ] GC(51) - age  13:      40688 bytes,    8624280 total
[2020-09-29T10:10:11.609+0000][7792][gc,age       ] GC(51) - age  14:      27856 bytes,    8652136 total
[2020-09-29T10:10:11.609+0000][7792][gc,age       ] GC(51) - age  15:      55504 bytes,    8707640 total
[2020-09-29T10:10:11.609+0000][7792][gc,phases    ] GC(51)   Pre Evacuate Collection Set: 0.4ms
[2020-09-29T10:10:11.609+0000][7792][gc,phases    ] GC(51)   Merge Heap Roots: 0.1ms
[2020-09-29T10:10:11.609+0000][7792][gc,phases    ] GC(51)   Evacuate Collection Set: 3.5ms
[2020-09-29T10:10:11.609+0000][7792][gc,phases    ] GC(51)   Post Evacuate Collection Set: 1.3ms
[2020-09-29T10:10:11.610+0000][7792][gc,phases    ] GC(51)   Other: 1.3ms
[2020-09-29T10:10:11.610+0000][7792][gc,heap      ] GC(51) Eden regions: 97->0(494)
[2020-09-29T10:10:11.610+0000][7792][gc,heap      ] GC(51) Survivor regions: 9->9(64)
[2020-09-29T10:10:11.610+0000][7792][gc,heap      ] GC(51) Old regions: 74->74
[2020-09-29T10:10:11.610+0000][7792][gc,heap      ] GC(51) Archive regions: 0->0
[2020-09-29T10:10:11.610+0000][7792][gc,heap      ] GC(51) Humongous regions: 430->174
[2020-09-29T10:10:11.610+0000][7792][gc,metaspace ] GC(51) Metaspace: 83776K(89984K)->83776K(89984K) NonClass: 72889K(76544K)->72889K(76544K) Class: 10886K(13440K)->10886K(13440K)
[2020-09-29T10:10:11.610+0000][7792][gc           ] GC(51) Pause Young (Concurrent Start) (G1 Humongous Allocation) 608M->256M(1024M) 7.074ms
[2020-09-29T10:10:11.610+0000][7792][gc,cpu       ] GC(51) User=0.08s Sys=0.00s Real=0.01s
[2020-09-29T10:10:11.610+0000][7792][gc           ] GC(52) Concurrent Cycle
[2020-09-29T10:10:11.610+0000][7792][gc,marking   ] GC(52) Concurrent Clear Claimed Marks
[2020-09-29T10:10:11.610+0000][7792][gc,marking   ] GC(52) Concurrent Clear Claimed Marks 0.376ms
[2020-09-29T10:10:11.610+0000][7792][gc,marking   ] GC(52) Concurrent Scan Root Regions
[2020-09-29T10:10:11.613+0000][7792][gc,marking   ] GC(52) Concurrent Scan Root Regions 2.128ms
[2020-09-29T10:10:11.613+0000][7792][gc,marking   ] GC(52) Concurrent Mark (874.715s)
[2020-09-29T10:10:11.613+0000][7792][gc,marking   ] GC(52) Concurrent Mark From Roots
[2020-09-29T10:10:11.613+0000][7792][gc,task      ] GC(52) Using 2 workers of 2 for marking
[2020-09-29T10:10:11.613+0000][7792][safepoint    ] Safepoint "G1TryInitiateConcMark", Time since last: 18735500 ns, Reaching safepoint: 4667100 ns, At safepoint: 10146900 ns, Total: 14814000 ns
[2020-09-29T10:10:11.791+0000][7792][gc,marking   ] GC(52) Concurrent Mark From Roots 178.288ms
[2020-09-29T10:10:11.791+0000][7792][gc,marking   ] GC(52) Concurrent Preclean
[2020-09-29T10:10:11.792+0000][7792][gc,marking   ] GC(52) Concurrent Preclean 0.805ms
[2020-09-29T10:10:11.792+0000][7792][gc,marking   ] GC(52) Concurrent Mark (874.715s, 874.895s) 179.316ms
[2020-09-29T10:10:11.793+0000][7792][gc,start     ] GC(52) Pause Remark
[2020-09-29T10:10:11.798+0000][7792][gc           ] GC(52) Pause Remark 511M->511M(1024M) 5.353ms
[2020-09-29T10:10:11.798+0000][7792][gc,cpu       ] GC(52) User=0.11s Sys=0.02s Real=0.01s
[2020-09-29T10:10:11.800+0000][7792][safepoint    ] Safepoint "G1Concurrent", Time since last: 179253400 ns, Reaching safepoint: 828700 ns, At safepoint: 7112500 ns, Total: 7941200 ns
[2020-09-29T10:10:11.800+0000][7792][gc,marking   ] GC(52) Concurrent Rebuild Remembered Sets
[2020-09-29T10:10:11.897+0000][7792][gc,marking   ] GC(52) Concurrent Rebuild Remembered Sets 96.516ms
[2020-09-29T10:10:11.897+0000][7792][gc,start     ] GC(52) Pause Cleanup
[2020-09-29T10:10:11.897+0000][7792][gc           ] GC(52) Pause Cleanup 581M->581M(1024M) 0.388ms
[2020-09-29T10:10:11.898+0000][7792][gc,cpu       ] GC(52) User=0.00s Sys=0.00s Real=0.00s
[2020-09-29T10:10:11.898+0000][7792][safepoint    ] Safepoint "G1Concurrent", Time since last: 96742800 ns, Reaching safepoint: 256800 ns, At safepoint: 673200 ns, Total: 930000 ns
[2020-09-29T10:10:11.898+0000][7792][gc,marking   ] GC(52) Concurrent Cleanup for Next Mark
[2020-09-29T10:10:11.900+0000][7792][gc,marking   ] GC(52) Concurrent Cleanup for Next Mark 1.869ms
[2020-09-29T10:10:11.900+0000][7792][gc           ] GC(52) Concurrent Cycle 289.863ms
[2020-09-29T10:10:11.966+0000][7792][gc,start     ] GC(53) Pause Young (Concurrent Start) (G1 Humongous Allocation)
[2020-09-29T10:10:11.966+0000][7792][gc,task      ] GC(53) Using 8 workers of 8 for evacuation
[2020-09-29T10:10:11.966+0000][7792][gc,age       ] GC(53) Desired survivor size 33030144 bytes, new threshold 15 (max threshold 15)
[2020-09-29T10:10:11.970+0000][7792][gc,age       ] GC(53) Age table with threshold 15 (max threshold 15)
[2020-09-29T10:10:11.970+0000][7792][gc,age       ] GC(53) - age   1:    3957872 bytes,    3957872 total
[2020-09-29T10:10:11.971+0000][7792][gc,age       ] GC(53) - age   2:      44528 bytes,    4002400 total
[2020-09-29T10:10:11.971+0000][7792][gc,age       ] GC(53) - age   3:      19520 bytes,    4021920 total
[2020-09-29T10:10:11.971+0000][7792][gc,age       ] GC(53) - age   4:     345376 bytes,    4367296 total
[2020-09-29T10:10:11.971+0000][7792][gc,age       ] GC(53) - age   5:       1384 bytes,    4368680 total
[2020-09-29T10:10:11.971+0000][7792][gc,age       ] GC(53) - age   6:       1048 bytes,    4369728 total
[2020-09-29T10:10:11.971+0000][7792][gc,age       ] GC(53) - age   7:       2464 bytes,    4372192 total
[2020-09-29T10:10:11.971+0000][7792][gc,age       ] GC(53) - age   8:       4608 bytes,    4376800 total
[2020-09-29T10:10:11.971+0000][7792][gc,age       ] GC(53) - age   9:       1624 bytes,    4378424 total
[2020-09-29T10:10:11.971+0000][7792][gc,age       ] GC(53) - age  10:       2320 bytes,    4380744 total
[2020-09-29T10:10:11.971+0000][7792][gc,age       ] GC(53) - age  11:       1800 bytes,    4382544 total
[2020-09-29T10:10:11.971+0000][7792][gc,age       ] GC(53) - age  12:       9712 bytes,    4392256 total
[2020-09-29T10:10:11.971+0000][7792][gc,age       ] GC(53) - age  13:      11504 bytes,    4403760 total
[2020-09-29T10:10:11.971+0000][7792][gc,age       ] GC(53) - age  14:      40688 bytes,    4444448 total
[2020-09-29T10:10:11.971+0000][7792][gc,age       ] GC(53) - age  15:      27856 bytes,    4472304 total
[2020-09-29T10:10:11.971+0000][7792][gc,phases    ] GC(53)   Pre Evacuate Collection Set: 0.4ms
[2020-09-29T10:10:11.971+0000][7792][gc,phases    ] GC(53)   Merge Heap Roots: 0.1ms
[2020-09-29T10:10:11.971+0000][7792][gc,phases    ] GC(53)   Evacuate Collection Set: 2.5ms
[2020-09-29T10:10:11.971+0000][7792][gc,phases    ] GC(53)   Post Evacuate Collection Set: 1.1ms
[2020-09-29T10:10:11.971+0000][7792][gc,phases    ] GC(53)   Other: 1.2ms
[2020-09-29T10:10:11.971+0000][7792][gc,heap      ] GC(53) Eden regions: 86->0(499)
[2020-09-29T10:10:11.972+0000][7792][gc,heap      ] GC(53) Survivor regions: 9->5(63)
[2020-09-29T10:10:11.972+0000][7792][gc,heap      ] GC(53) Old regions: 74->74
[2020-09-29T10:10:11.972+0000][7792][gc,heap      ] GC(53) Archive regions: 0->0
[2020-09-29T10:10:11.972+0000][7792][gc,heap      ] GC(53) Humongous regions: 430->174
[2020-09-29T10:10:11.972+0000][7792][gc,metaspace ] GC(53) Metaspace: 83793K(89984K)->83793K(89984K) NonClass: 72907K(76544K)->72907K(76544K) Class: 10886K(13440K)->10886K(13440K)
[2020-09-29T10:10:11.972+0000][7792][gc           ] GC(53) Pause Young (Concurrent Start) (G1 Humongous Allocation) 597M->252M(1024M) 5.848ms
[2020-09-29T10:10:11.972+0000][7792][gc,cpu       ] GC(53) User=0.11s Sys=0.00s Real=0.01s
[2020-09-29T10:10:11.972+0000][7792][gc           ] GC(54) Concurrent Cycle
[2020-09-29T10:10:11.972+0000][7792][gc,marking   ] GC(54) Concurrent Clear Claimed Marks
[2020-09-29T10:10:11.972+0000][7792][safepoint    ] Safepoint "G1TryInitiateConcMark", Time since last: 67955400 ns, Reaching safepoint: 212100 ns, At safepoint: 6185800 ns, Total: 6397900 ns
[2020-09-29T10:10:11.972+0000][7792][gc,marking   ] GC(54) Concurrent Clear Claimed Marks 0.293ms
[2020-09-29T10:10:11.972+0000][7792][gc,marking   ] GC(54) Concurrent Scan Root Regions
[2020-09-29T10:10:11.975+0000][7792][gc,marking   ] GC(54) Concurrent Scan Root Regions 2.899ms
[2020-09-29T10:10:11.975+0000][7792][gc,marking   ] GC(54) Concurrent Mark (875.078s)
[2020-09-29T10:10:11.975+0000][7792][gc,marking   ] GC(54) Concurrent Mark From Roots
[2020-09-29T10:10:11.975+0000][7792][gc,task      ] GC(54) Using 2 workers of 2 for marking
[2020-09-29T10:10:12.131+0000][7792][gc,marking   ] GC(54) Concurrent Mark From Roots 155.931ms
[2020-09-29T10:10:12.131+0000][7792][gc,marking   ] GC(54) Concurrent Preclean
[2020-09-29T10:10:12.132+0000][7792][gc,marking   ] GC(54) Concurrent Preclean 0.603ms
[2020-09-29T10:10:12.132+0000][7792][gc,marking   ] GC(54) Concurrent Mark (875.078s, 875.235s) 156.837ms
[2020-09-29T10:10:12.132+0000][7792][gc,start     ] GC(54) Pause Remark
[2020-09-29T10:10:12.138+0000][7792][gc           ] GC(54) Pause Remark 385M->385M(1024M) 5.264ms
[2020-09-29T10:10:12.138+0000][7792][gc,cpu       ] GC(54) User=0.00s Sys=0.00s Real=0.01s
[2020-09-29T10:10:12.138+0000][7792][safepoint    ] Safepoint "G1Concurrent", Time since last: 160291400 ns, Reaching safepoint: 180700 ns, At safepoint: 5518700 ns, Total: 5699400 ns
[2020-09-29T10:10:12.138+0000][7792][gc,marking   ] GC(54) Concurrent Rebuild Remembered Sets
[2020-09-29T10:10:12.238+0000][7792][gc,marking   ] GC(54) Concurrent Rebuild Remembered Sets 99.212ms
[2020-09-29T10:10:12.238+0000][7792][gc,start     ] GC(54) Pause Cleanup
[2020-09-29T10:10:12.239+0000][7792][gc           ] GC(54) Pause Cleanup 451M->451M(1024M) 0.422ms
[2020-09-29T10:10:12.239+0000][7792][gc,cpu       ] GC(54) User=0.00s Sys=0.00s Real=0.00s
[2020-09-29T10:10:12.239+0000][7792][safepoint    ] Safepoint "G1Concurrent", Time since last: 99401800 ns, Reaching safepoint: 244400 ns, At safepoint: 785100 ns, Total: 1029500 ns
[2020-09-29T10:10:12.239+0000][7792][gc,marking   ] GC(54) Concurrent Cleanup for Next Mark
[2020-09-29T10:10:12.242+0000][7792][gc,marking   ] GC(54) Concurrent Cleanup for Next Mark 2.591ms
[2020-09-29T10:10:12.242+0000][7792][gc           ] GC(54) Concurrent Cycle 269.350ms
[2020-09-29T10:10:12.369+0000][7792][gc,start     ] GC(55) Pause Young (Concurrent Start) (G1 Humongous Allocation)
[2020-09-29T10:10:12.369+0000][7792][gc,task      ] GC(55) Using 8 workers of 8 for evacuation
[2020-09-29T10:10:12.369+0000][7792][gc,age       ] GC(55) Desired survivor size 33030144 bytes, new threshold 15 (max threshold 15)
[2020-09-29T10:10:12.374+0000][7792][gc,age       ] GC(55) Age table with threshold 15 (max threshold 15)
[2020-09-29T10:10:12.374+0000][7792][gc,age       ] GC(55) - age   1:    3587200 bytes,    3587200 total
[2020-09-29T10:10:12.374+0000][7792][gc,age       ] GC(55) - age   2:     428552 bytes,    4015752 total
[2020-09-29T10:10:12.374+0000][7792][gc,age       ] GC(55) - age   3:      41792 bytes,    4057544 total
[2020-09-29T10:10:12.374+0000][7792][gc,age       ] GC(55) - age   4:      19200 bytes,    4076744 total
[2020-09-29T10:10:12.374+0000][7792][gc,age       ] GC(55) - age   5:     345376 bytes,    4422120 total
[2020-09-29T10:10:12.374+0000][7792][gc,age       ] GC(55) - age   6:       1096 bytes,    4423216 total
[2020-09-29T10:10:12.374+0000][7792][gc,age       ] GC(55) - age   7:       1048 bytes,    4424264 total
[2020-09-29T10:10:12.374+0000][7792][gc,age       ] GC(55) - age   8:       2208 bytes,    4426472 total
[2020-09-29T10:10:12.374+0000][7792][gc,age       ] GC(55) - age   9:       4352 bytes,    4430824 total
[2020-09-29T10:10:12.374+0000][7792][gc,age       ] GC(55) - age  10:       1560 bytes,    4432384 total
[2020-09-29T10:10:12.374+0000][7792][gc,age       ] GC(55) - age  11:       2288 bytes,    4434672 total
[2020-09-29T10:10:12.374+0000][7792][gc,age       ] GC(55) - age  12:       1800 bytes,    4436472 total
[2020-09-29T10:10:12.374+0000][7792][gc,age       ] GC(55) - age  13:       9712 bytes,    4446184 total
[2020-09-29T10:10:12.374+0000][7792][gc,age       ] GC(55) - age  14:      11504 bytes,    4457688 total
[2020-09-29T10:10:12.374+0000][7792][gc,age       ] GC(55) - age  15:      40536 bytes,    4498224 total
[2020-09-29T10:10:12.375+0000][7792][gc,phases    ] GC(55)   Pre Evacuate Collection Set: 0.4ms
[2020-09-29T10:10:12.375+0000][7792][gc,phases    ] GC(55)   Merge Heap Roots: 0.1ms
[2020-09-29T10:10:12.375+0000][7792][gc,phases    ] GC(55)   Evacuate Collection Set: 3.1ms
[2020-09-29T10:10:12.375+0000][7792][gc,phases    ] GC(55)   Post Evacuate Collection Set: 0.9ms
[2020-09-29T10:10:12.375+0000][7792][gc,phases    ] GC(55)   Other: 1.1ms
[2020-09-29T10:10:12.375+0000][7792][gc,heap      ] GC(55) Eden regions: 61->0(500)
[2020-09-29T10:10:12.375+0000][7792][gc,heap      ] GC(55) Survivor regions: 5->5(63)
[2020-09-29T10:10:12.375+0000][7792][gc,heap      ] GC(55) Old regions: 74->74
[2020-09-29T10:10:12.375+0000][7792][gc,heap      ] GC(55) Archive regions: 0->0
[2020-09-29T10:10:12.375+0000][7792][gc,heap      ] GC(55) Humongous regions: 330->174
[2020-09-29T10:10:12.375+0000][7792][gc,metaspace ] GC(55) Metaspace: 83805K(89984K)->83805K(89984K) NonClass: 72919K(76544K)->72919K(76544K) Class: 10886K(13440K)->10886K(13440K)
[2020-09-29T10:10:12.375+0000][7792][gc           ] GC(55) Pause Young (Concurrent Start) (G1 Humongous Allocation) 468M->252M(1024M) 6.123ms
[2020-09-29T10:10:12.375+0000][7792][gc,cpu       ] GC(55) User=0.03s Sys=0.00s Real=0.01s
[2020-09-29T10:10:12.375+0000][7792][safepoint    ] Safepoint "G1TryInitiateConcMark", Time since last: 130335900 ns, Reaching safepoint: 182900 ns, At safepoint: 6342300 ns, Total: 6525200 ns
[2020-09-29T10:10:12.375+0000][7792][gc           ] GC(56) Concurrent Cycle
[2020-09-29T10:10:12.375+0000][7792][gc,marking   ] GC(56) Concurrent Clear Claimed Marks
[2020-09-29T10:10:12.376+0000][7792][gc,marking   ] GC(56) Concurrent Clear Claimed Marks 0.407ms
[2020-09-29T10:10:12.376+0000][7792][gc,marking   ] GC(56) Concurrent Scan Root Regions
[2020-09-29T10:10:12.380+0000][7792][gc,marking   ] GC(56) Concurrent Scan Root Regions 4.042ms
[2020-09-29T10:10:12.380+0000][7792][gc,marking   ] GC(56) Concurrent Mark (875.483s)
[2020-09-29T10:10:12.380+0000][7792][gc,marking   ] GC(56) Concurrent Mark From Roots
[2020-09-29T10:10:12.380+0000][7792][gc,task      ] GC(56) Using 2 workers of 2 for marking
[2020-09-29T10:10:12.546+0000][7792][gc,marking   ] GC(56) Concurrent Mark From Roots 165.574ms
[2020-09-29T10:10:12.546+0000][7792][gc,marking   ] GC(56) Concurrent Preclean
[2020-09-29T10:10:12.546+0000][7792][gc,marking   ] GC(56) Concurrent Preclean 0.585ms
[2020-09-29T10:10:12.546+0000][7792][gc,marking   ] GC(56) Concurrent Mark (875.483s, 875.649s) 166.375ms
[2020-09-29T10:10:12.547+0000][7792][gc,start     ] GC(56) Pause Remark
[2020-09-29T10:10:12.552+0000][7792][gc           ] GC(56) Pause Remark 318M->318M(1024M) 5.244ms
[2020-09-29T10:10:12.552+0000][7792][gc,cpu       ] GC(56) User=0.00s Sys=0.00s Real=0.01s
[2020-09-29T10:10:12.553+0000][7792][safepoint    ] Safepoint "G1Concurrent", Time since last: 171227700 ns, Reaching safepoint: 174700 ns, At safepoint: 5497200 ns, Total: 5671900 ns
[2020-09-29T10:10:12.553+0000][7792][gc,marking   ] GC(56) Concurrent Rebuild Remembered Sets
[2020-09-29T10:10:12.652+0000][7792][gc,marking   ] GC(56) Concurrent Rebuild Remembered Sets 99.535ms
[2020-09-29T10:10:12.652+0000][7792][gc,start     ] GC(56) Pause Cleanup
[2020-09-29T10:10:12.653+0000][7792][gc           ] GC(56) Pause Cleanup 380M->380M(1024M) 0.332ms
[2020-09-29T10:10:12.653+0000][7792][gc,cpu       ] GC(56) User=0.00s Sys=0.00s Real=0.00s
[2020-09-29T10:10:12.653+0000][7792][safepoint    ] Safepoint "G1Concurrent", Time since last: 99711100 ns, Reaching safepoint: 151900 ns, At safepoint: 541200 ns, Total: 693100 ns
[2020-09-29T10:10:12.653+0000][7792][gc,marking   ] GC(56) Concurrent Cleanup for Next Mark
[2020-09-29T10:10:12.655+0000][7792][gc,marking   ] GC(56) Concurrent Cleanup for Next Mark 1.621ms
[2020-09-29T10:10:12.655+0000][7792][gc           ] GC(56) Concurrent Cycle 279.087ms
[2020-09-29T10:10:12.789+0000][7792][gc,start     ] GC(57) Pause Young (Concurrent Start) (G1 Humongous Allocation)
[2020-09-29T10:10:12.789+0000][7792][gc,task      ] GC(57) Using 8 workers of 8 for evacuation
[2020-09-29T10:10:12.789+0000][7792][gc,age       ] GC(57) Desired survivor size 33554432 bytes, new threshold 15 (max threshold 15)
[2020-09-29T10:10:12.793+0000][7792][gc,age       ] GC(57) Age table with threshold 15 (max threshold 15)
[2020-09-29T10:10:12.793+0000][7792][gc,age       ] GC(57) - age   1:    2713600 bytes,    2713600 total
[2020-09-29T10:10:12.793+0000][7792][gc,age       ] GC(57) - age   2:      32232 bytes,    2745832 total
[2020-09-29T10:10:12.793+0000][7792][gc,age       ] GC(57) - age   3:      30128 bytes,    2775960 total
[2020-09-29T10:10:12.793+0000][7792][gc,age       ] GC(57) - age   4:      39312 bytes,    2815272 total
[2020-09-29T10:10:12.793+0000][7792][gc,age       ] GC(57) - age   5:      19072 bytes,    2834344 total
[2020-09-29T10:10:12.793+0000][7792][gc,age       ] GC(57) - age   6:     345376 bytes,    3179720 total
[2020-09-29T10:10:12.793+0000][7792][gc,age       ] GC(57) - age   7:       1096 bytes,    3180816 total
[2020-09-29T10:10:12.793+0000][7792][gc,age       ] GC(57) - age   8:       1048 bytes,    3181864 total
[2020-09-29T10:10:12.793+0000][7792][gc,age       ] GC(57) - age   9:       2080 bytes,    3183944 total
[2020-09-29T10:10:12.794+0000][7792][gc,age       ] GC(57) - age  10:       4352 bytes,    3188296 total
[2020-09-29T10:10:12.794+0000][7792][gc,age       ] GC(57) - age  11:       1464 bytes,    3189760 total
[2020-09-29T10:10:12.794+0000][7792][gc,age       ] GC(57) - age  12:       2288 bytes,    3192048 total
[2020-09-29T10:10:12.794+0000][7792][gc,age       ] GC(57) - age  13:       1736 bytes,    3193784 total
[2020-09-29T10:10:12.794+0000][7792][gc,age       ] GC(57) - age  14:       9712 bytes,    3203496 total
[2020-09-29T10:10:12.794+0000][7792][gc,age       ] GC(57) - age  15:      11504 bytes,    3215000 total
[2020-09-29T10:10:12.794+0000][7792][gc,phases    ] GC(57)   Pre Evacuate Collection Set: 0.5ms
[2020-09-29T10:10:12.794+0000][7792][gc,phases    ] GC(57)   Merge Heap Roots: 0.1ms
[2020-09-29T10:10:12.794+0000][7792][gc,phases    ] GC(57)   Evacuate Collection Set: 2.0ms
[2020-09-29T10:10:12.794+0000][7792][gc,phases    ] GC(57)   Post Evacuate Collection Set: 0.9ms
[2020-09-29T10:10:12.794+0000][7792][gc,phases    ] GC(57)   Other: 1.1ms
[2020-09-29T10:10:12.794+0000][7792][gc,heap      ] GC(57) Eden regions: 45->0(503)
[2020-09-29T10:10:12.794+0000][7792][gc,heap      ] GC(57) Survivor regions: 5->4(64)
[2020-09-29T10:10:12.794+0000][7792][gc,heap      ] GC(57) Old regions: 74->74
[2020-09-29T10:10:12.794+0000][7792][gc,heap      ] GC(57) Archive regions: 0->0
[2020-09-29T10:10:12.794+0000][7792][gc,heap      ] GC(57) Humongous regions: 274->174
[2020-09-29T10:10:12.794+0000][7792][gc,metaspace ] GC(57) Metaspace: 83821K(89984K)->83821K(89984K) NonClass: 72934K(76544K)->72934K(76544K) Class: 10886K(13440K)->10886K(13440K)
[2020-09-29T10:10:12.794+0000][7792][gc           ] GC(57) Pause Young (Concurrent Start) (G1 Humongous Allocation) 396M->250M(1024M) 4.981ms
[2020-09-29T10:10:12.794+0000][7792][gc,cpu       ] GC(57) User=0.00s Sys=0.00s Real=0.00s
[2020-09-29T10:10:12.794+0000][7792][gc           ] GC(58) Concurrent Cycle
[2020-09-29T10:10:12.794+0000][7792][safepoint    ] Safepoint "G1TryInitiateConcMark", Time since last: 136166200 ns, Reaching safepoint: 174200 ns, At safepoint: 5231400 ns, Total: 5405600 ns
[2020-09-29T10:10:12.795+0000][7792][gc,marking   ] GC(58) Concurrent Clear Claimed Marks
[2020-09-29T10:10:12.795+0000][7792][gc,marking   ] GC(58) Concurrent Clear Claimed Marks 0.549ms
[2020-09-29T10:10:12.795+0000][7792][gc,marking   ] GC(58) Concurrent Scan Root Regions
[2020-09-29T10:10:12.797+0000][7792][gc,marking   ] GC(58) Concurrent Scan Root Regions 2.056ms
[2020-09-29T10:10:12.797+0000][7792][gc,marking   ] GC(58) Concurrent Mark (875.900s)
[2020-09-29T10:10:12.797+0000][7792][gc,marking   ] GC(58) Concurrent Mark From Roots
[2020-09-29T10:10:12.797+0000][7792][gc,task      ] GC(58) Using 2 workers of 2 for marking
[2020-09-29T10:10:12.949+0000][7792][gc,marking   ] GC(58) Concurrent Mark From Roots 151.570ms
[2020-09-29T10:10:12.949+0000][7792][gc,marking   ] GC(58) Concurrent Preclean
[2020-09-29T10:10:12.950+0000][7792][gc,marking   ] GC(58) Concurrent Preclean 0.735ms
[2020-09-29T10:10:12.950+0000][7792][gc,marking   ] GC(58) Concurrent Mark (875.900s, 876.052s) 152.537ms
[2020-09-29T10:10:12.950+0000][7792][gc,start     ] GC(58) Pause Remark
[2020-09-29T10:10:12.956+0000][7792][gc           ] GC(58) Pause Remark 383M->383M(1024M) 5.416ms
[2020-09-29T10:10:12.956+0000][7792][gc,cpu       ] GC(58) User=0.11s Sys=0.00s Real=0.01s
[2020-09-29T10:10:12.956+0000][7792][safepoint    ] Safepoint "G1Concurrent", Time since last: 155527100 ns, Reaching safepoint: 504200 ns, At safepoint: 5718600 ns, Total: 6222800 ns
[2020-09-29T10:10:12.956+0000][7792][gc,marking   ] GC(58) Concurrent Rebuild Remembered Sets
[2020-09-29T10:10:13.043+0000][7792][gc,marking   ] GC(58) Concurrent Rebuild Remembered Sets 86.428ms
[2020-09-29T10:10:13.043+0000][7792][gc,start     ] GC(58) Pause Cleanup
[2020-09-29T10:10:13.043+0000][7792][gc           ] GC(58) Pause Cleanup 387M->387M(1024M) 0.298ms
[2020-09-29T10:10:13.043+0000][7792][gc,cpu       ] GC(58) User=0.00s Sys=0.00s Real=0.00s
[2020-09-29T10:10:13.043+0000][7792][safepoint    ] Safepoint "G1Concurrent", Time since last: 86653600 ns, Reaching safepoint: 171300 ns, At safepoint: 452100 ns, Total: 623400 ns
[2020-09-29T10:10:13.043+0000][7792][gc,marking   ] GC(58) Concurrent Cleanup for Next Mark
[2020-09-29T10:10:13.045+0000][7792][gc,marking   ] GC(58) Concurrent Cleanup for Next Mark 1.385ms
[2020-09-29T10:10:13.045+0000][7792][gc           ] GC(58) Concurrent Cycle 250.623ms
[2020-09-29T10:10:13.403+0000][7792][gc,start     ] GC(59) Pause Young (Concurrent Start) (G1 Humongous Allocation)
[2020-09-29T10:10:13.403+0000][7792][gc,task      ] GC(59) Using 8 workers of 8 for evacuation
[2020-09-29T10:10:13.403+0000][7792][gc,age       ] GC(59) Desired survivor size 33554432 bytes, new threshold 15 (max threshold 15)
[2020-09-29T10:10:13.408+0000][7792][gc,age       ] GC(59) Age table with threshold 15 (max threshold 15)
[2020-09-29T10:10:13.408+0000][7792][gc,age       ] GC(59) - age   1:    9414888 bytes,    9414888 total
[2020-09-29T10:10:13.408+0000][7792][gc,age       ] GC(59) - age   2:      36504 bytes,    9451392 total
[2020-09-29T10:10:13.408+0000][7792][gc,age       ] GC(59) - age   3:      30800 bytes,    9482192 total
[2020-09-29T10:10:13.408+0000][7792][gc,age       ] GC(59) - age   4:      28744 bytes,    9510936 total
[2020-09-29T10:10:13.408+0000][7792][gc,age       ] GC(59) - age   5:      39152 bytes,    9550088 total
[2020-09-29T10:10:13.408+0000][7792][gc,age       ] GC(59) - age   6:      19072 bytes,    9569160 total
[2020-09-29T10:10:13.408+0000][7792][gc,age       ] GC(59) - age   7:     345376 bytes,    9914536 total
[2020-09-29T10:10:13.408+0000][7792][gc,age       ] GC(59) - age   8:       1096 bytes,    9915632 total
[2020-09-29T10:10:13.408+0000][7792][gc,age       ] GC(59) - age   9:        552 bytes,    9916184 total
[2020-09-29T10:10:13.408+0000][7792][gc,age       ] GC(59) - age  10:       1984 bytes,    9918168 total
[2020-09-29T10:10:13.408+0000][7792][gc,age       ] GC(59) - age  11:       4352 bytes,    9922520 total
[2020-09-29T10:10:13.408+0000][7792][gc,age       ] GC(59) - age  12:       1464 bytes,    9923984 total
[2020-09-29T10:10:13.408+0000][7792][gc,age       ] GC(59) - age  13:       2200 bytes,    9926184 total
[2020-09-29T10:10:13.408+0000][7792][gc,age       ] GC(59) - age  14:       1736 bytes,    9927920 total
[2020-09-29T10:10:13.408+0000][7792][gc,age       ] GC(59) - age  15:       9712 bytes,    9937632 total
[2020-09-29T10:10:13.408+0000][7792][gc,phases    ] GC(59)   Pre Evacuate Collection Set: 0.5ms
[2020-09-29T10:10:13.408+0000][7792][gc,phases    ] GC(59)   Merge Heap Roots: 0.1ms
[2020-09-29T10:10:13.408+0000][7792][gc,phases    ] GC(59)   Evacuate Collection Set: 3.1ms
[2020-09-29T10:10:13.408+0000][7792][gc,phases    ] GC(59)   Post Evacuate Collection Set: 0.9ms
[2020-09-29T10:10:13.408+0000][7792][gc,phases    ] GC(59)   Other: 1.0ms
[2020-09-29T10:10:13.408+0000][7792][gc,heap      ] GC(59) Eden regions: 54->0(492)
[2020-09-29T10:10:13.408+0000][7792][gc,heap      ] GC(59) Survivor regions: 4->10(64)
[2020-09-29T10:10:13.408+0000][7792][gc,heap      ] GC(59) Old regions: 74->74
[2020-09-29T10:10:13.408+0000][7792][gc,heap      ] GC(59) Archive regions: 0->0
[2020-09-29T10:10:13.409+0000][7792][gc,heap      ] GC(59) Humongous regions: 274->174
[2020-09-29T10:10:13.409+0000][7792][gc,metaspace ] GC(59) Metaspace: 83847K(90240K)->83847K(90240K) NonClass: 72960K(76800K)->72960K(76800K) Class: 10886K(13440K)->10886K(13440K)
[2020-09-29T10:10:13.409+0000][7792][gc           ] GC(59) Pause Young (Concurrent Start) (G1 Humongous Allocation) 404M->257M(1024M) 5.951ms
[2020-09-29T10:10:13.409+0000][7792][gc,cpu       ] GC(59) User=0.11s Sys=0.00s Real=0.01s
[2020-09-29T10:10:13.409+0000][7792][gc           ] GC(60) Concurrent Cycle
[2020-09-29T10:10:13.409+0000][7792][gc,marking   ] GC(60) Concurrent Clear Claimed Marks
[2020-09-29T10:10:13.409+0000][7792][gc,marking   ] GC(60) Concurrent Clear Claimed Marks 0.366ms
[2020-09-29T10:10:13.409+0000][7792][gc,marking   ] GC(60) Concurrent Scan Root Regions
[2020-09-29T10:10:13.410+0000][7792][safepoint    ] Safepoint "G1TryInitiateConcMark", Time since last: 359437700 ns, Reaching safepoint: 149200 ns, At safepoint: 7096800 ns, Total: 7246000 ns
[2020-09-29T10:10:13.412+0000][7792][gc,marking   ] GC(60) Concurrent Scan Root Regions 2.510ms
[2020-09-29T10:10:13.412+0000][7792][gc,marking   ] GC(60) Concurrent Mark (876.515s)
[2020-09-29T10:10:13.412+0000][7792][gc,marking   ] GC(60) Concurrent Mark From Roots
[2020-09-29T10:10:13.412+0000][7792][gc,task      ] GC(60) Using 2 workers of 2 for marking
[2020-09-29T10:10:13.569+0000][7792][gc,marking   ] GC(60) Concurrent Mark From Roots 156.644ms
[2020-09-29T10:10:13.570+0000][7792][gc,marking   ] GC(60) Concurrent Preclean
[2020-09-29T10:10:13.570+0000][7792][gc,marking   ] GC(60) Concurrent Preclean 0.627ms
[2020-09-29T10:10:13.570+0000][7792][gc,marking   ] GC(60) Concurrent Mark (876.515s, 876.672s) 157.498ms
[2020-09-29T10:10:13.571+0000][7792][gc,start     ] GC(60) Pause Remark
[2020-09-29T10:10:13.576+0000][7792][gc           ] GC(60) Pause Remark 580M->580M(1024M) 5.826ms
[2020-09-29T10:10:13.577+0000][7792][gc,cpu       ] GC(60) User=0.00s Sys=0.00s Real=0.01s
[2020-09-29T10:10:13.577+0000][7792][safepoint    ] Safepoint "G1Concurrent", Time since last: 159788400 ns, Reaching safepoint: 221200 ns, At safepoint: 6169400 ns, Total: 6390600 ns
[2020-09-29T10:10:13.577+0000][7792][gc,marking   ] GC(60) Concurrent Rebuild Remembered Sets
[2020-09-29T10:10:13.679+0000][7792][gc,marking   ] GC(60) Concurrent Rebuild Remembered Sets 102.008ms
[2020-09-29T10:10:13.679+0000][7792][gc,start     ] GC(60) Pause Cleanup
[2020-09-29T10:10:13.679+0000][7792][gc           ] GC(60) Pause Cleanup 585M->585M(1024M) 0.373ms
[2020-09-29T10:10:13.679+0000][7792][gc,cpu       ] GC(60) User=0.00s Sys=0.00s Real=0.00s
[2020-09-29T10:10:13.680+0000][7792][safepoint    ] Safepoint "G1Concurrent", Time since last: 102212100 ns, Reaching safepoint: 214500 ns, At safepoint: 573100 ns, Total: 787600 ns
[2020-09-29T10:10:13.680+0000][7792][gc,marking   ] GC(60) Concurrent Cleanup for Next Mark
[2020-09-29T10:10:13.682+0000][7792][gc,marking   ] GC(60) Concurrent Cleanup for Next Mark 1.845ms
[2020-09-29T10:10:13.682+0000][7792][gc           ] GC(60) Concurrent Cycle 272.216ms
[2020-09-29T10:10:13.739+0000][7792][gc,start     ] GC(61) Pause Young (Concurrent Start) (G1 Humongous Allocation)
[2020-09-29T10:10:13.739+0000][7792][gc,task      ] GC(61) Using 8 workers of 8 for evacuation
[2020-09-29T10:10:13.739+0000][7792][gc,age       ] GC(61) Desired survivor size 33030144 bytes, new threshold 15 (max threshold 15)
[2020-09-29T10:10:13.744+0000][7792][gc,age       ] GC(61) Age table with threshold 15 (max threshold 15)
[2020-09-29T10:10:13.744+0000][7792][gc,age       ] GC(61) - age   1:    3930456 bytes,    3930456 total
[2020-09-29T10:10:13.744+0000][7792][gc,age       ] GC(61) - age   2:      32648 bytes,    3963104 total
[2020-09-29T10:10:13.744+0000][7792][gc,age       ] GC(61) - age   3:      27920 bytes,    3991024 total
[2020-09-29T10:10:13.744+0000][7792][gc,age       ] GC(61) - age   4:      30768 bytes,    4021792 total
[2020-09-29T10:10:13.744+0000][7792][gc,age       ] GC(61) - age   5:      28592 bytes,    4050384 total
[2020-09-29T10:10:13.744+0000][7792][gc,age       ] GC(61) - age   6:      39152 bytes,    4089536 total
[2020-09-29T10:10:13.744+0000][7792][gc,age       ] GC(61) - age   7:      19072 bytes,    4108608 total
[2020-09-29T10:10:13.745+0000][7792][gc,age       ] GC(61) - age   8:     345248 bytes,    4453856 total
[2020-09-29T10:10:13.745+0000][7792][gc,age       ] GC(61) - age   9:       1064 bytes,    4454920 total
[2020-09-29T10:10:13.745+0000][7792][gc,age       ] GC(61) - age  10:        520 bytes,    4455440 total
[2020-09-29T10:10:13.745+0000][7792][gc,age       ] GC(61) - age  11:       1984 bytes,    4457424 total
[2020-09-29T10:10:13.745+0000][7792][gc,age       ] GC(61) - age  12:       4288 bytes,    4461712 total
[2020-09-29T10:10:13.745+0000][7792][gc,age       ] GC(61) - age  13:       1464 bytes,    4463176 total
[2020-09-29T10:10:13.745+0000][7792][gc,age       ] GC(61) - age  14:       2200 bytes,    4465376 total
[2020-09-29T10:10:13.745+0000][7792][gc,age       ] GC(61) - age  15:       1736 bytes,    4467112 total
[2020-09-29T10:10:13.745+0000][7792][gc,phases    ] GC(61)   Pre Evacuate Collection Set: 0.5ms
[2020-09-29T10:10:13.745+0000][7792][gc,phases    ] GC(61)   Merge Heap Roots: 0.1ms
[2020-09-29T10:10:13.745+0000][7792][gc,phases    ] GC(61)   Evacuate Collection Set: 2.7ms
[2020-09-29T10:10:13.745+0000][7792][gc,phases    ] GC(61)   Post Evacuate Collection Set: 1.2ms
[2020-09-29T10:10:13.745+0000][7792][gc,phases    ] GC(61)   Other: 1.1ms
[2020-09-29T10:10:13.745+0000][7792][gc,heap      ] GC(61) Eden regions: 83->0(499)
[2020-09-29T10:10:13.745+0000][7792][gc,heap      ] GC(61) Survivor regions: 10->5(63)
[2020-09-29T10:10:13.745+0000][7792][gc,heap      ] GC(61) Old regions: 74->74
[2020-09-29T10:10:13.745+0000][7792][gc,heap      ] GC(61) Archive regions: 0->0
[2020-09-29T10:10:13.745+0000][7792][gc,heap      ] GC(61) Humongous regions: 430->174
[2020-09-29T10:10:13.745+0000][7792][gc,metaspace ] GC(61) Metaspace: 83869K(90240K)->83869K(90240K) NonClass: 72982K(76800K)->72982K(76800K) Class: 10886K(13440K)->10886K(13440K)
[2020-09-29T10:10:13.745+0000][7792][gc           ] GC(61) Pause Young (Concurrent Start) (G1 Humongous Allocation) 595M->252M(1024M) 6.012ms
[2020-09-29T10:10:13.745+0000][7792][gc,cpu       ] GC(61) User=0.00s Sys=0.00s Real=0.01s
[2020-09-29T10:10:13.745+0000][7792][gc           ] GC(62) Concurrent Cycle
[2020-09-29T10:10:13.746+0000][7792][safepoint    ] Safepoint "G1TryInitiateConcMark", Time since last: 59535600 ns, Reaching safepoint: 180000 ns, At safepoint: 6257000 ns, Total: 6437000 ns
[2020-09-29T10:10:13.746+0000][7792][gc,marking   ] GC(62) Concurrent Clear Claimed Marks
[2020-09-29T10:10:13.746+0000][7792][gc,marking   ] GC(62) Concurrent Clear Claimed Marks 0.418ms
[2020-09-29T10:10:13.746+0000][7792][gc,marking   ] GC(62) Concurrent Scan Root Regions
[2020-09-29T10:10:13.750+0000][7792][gc,marking   ] GC(62) Concurrent Scan Root Regions 3.524ms
[2020-09-29T10:10:13.750+0000][7792][gc,marking   ] GC(62) Concurrent Mark (876.852s)
[2020-09-29T10:10:13.750+0000][7792][gc,marking   ] GC(62) Concurrent Mark From Roots
[2020-09-29T10:10:13.750+0000][7792][gc,task      ] GC(62) Using 2 workers of 2 for marking
[2020-09-29T10:10:13.906+0000][7792][gc,marking   ] GC(62) Concurrent Mark From Roots 156.473ms
[2020-09-29T10:10:13.906+0000][7792][gc,marking   ] GC(62) Concurrent Preclean
[2020-09-29T10:10:13.907+0000][7792][gc,marking   ] GC(62) Concurrent Preclean 0.705ms
[2020-09-29T10:10:13.907+0000][7792][gc,marking   ] GC(62) Concurrent Mark (876.852s, 877.009s) 157.405ms
[2020-09-29T10:10:13.908+0000][7792][gc,start     ] GC(62) Pause Remark
[2020-09-29T10:10:13.913+0000][7792][gc           ] GC(62) Pause Remark 391M->391M(1024M) 5.730ms
[2020-09-29T10:10:13.913+0000][7792][gc,cpu       ] GC(62) User=0.00s Sys=0.00s Real=0.01s
[2020-09-29T10:10:13.914+0000][7792][safepoint    ] Safepoint "G1Concurrent", Time since last: 161745100 ns, Reaching safepoint: 282500 ns, At safepoint: 6031100 ns, Total: 6313600 ns
[2020-09-29T10:10:13.914+0000][7792][gc,marking   ] GC(62) Concurrent Rebuild Remembered Sets
[2020-09-29T10:10:14.011+0000][7792][gc,marking   ] GC(62) Concurrent Rebuild Remembered Sets 97.149ms
[2020-09-29T10:10:14.011+0000][7792][gc,start     ] GC(62) Pause Cleanup
[2020-09-29T10:10:14.012+0000][7792][gc           ] GC(62) Pause Cleanup 462M->462M(1024M) 0.454ms
[2020-09-29T10:10:14.012+0000][7792][gc,cpu       ] GC(62) User=0.00s Sys=0.00s Real=0.00s
[2020-09-29T10:10:14.012+0000][7792][safepoint    ] Safepoint "G1Concurrent", Time since last: 97356100 ns, Reaching safepoint: 149300 ns, At safepoint: 681000 ns, Total: 830300 ns
[2020-09-29T10:10:14.012+0000][7792][gc,marking   ] GC(62) Concurrent Cleanup for Next Mark
[2020-09-29T10:10:14.014+0000][7792][gc,marking   ] GC(62) Concurrent Cleanup for Next Mark 1.898ms
[2020-09-29T10:10:14.014+0000][7792][gc           ] GC(62) Concurrent Cycle 268.395ms
[2020-09-29T10:10:14.043+0000][7792][gc,start     ] GC(63) Pause Young (Concurrent Start) (G1 Humongous Allocation)
[2020-09-29T10:10:14.043+0000][7792][gc,task      ] GC(63) Using 8 workers of 8 for evacuation
[2020-09-29T10:10:14.043+0000][7792][gc,age       ] GC(63) Desired survivor size 33030144 bytes, new threshold 15 (max threshold 15)
[2020-09-29T10:10:14.049+0000][7792][gc,age       ] GC(63) Age table with threshold 15 (max threshold 15)
[2020-09-29T10:10:14.049+0000][7792][gc,age       ] GC(63) - age   1:    3559104 bytes,    3559104 total
[2020-09-29T10:10:14.049+0000][7792][gc,age       ] GC(63) - age   2:     402016 bytes,    3961120 total
[2020-09-29T10:10:14.049+0000][7792][gc,age       ] GC(63) - age   3:      28040 bytes,    3989160 total
[2020-09-29T10:10:14.049+0000][7792][gc,age       ] GC(63) - age   4:      27728 bytes,    4016888 total
[2020-09-29T10:10:14.049+0000][7792][gc,age       ] GC(63) - age   5:      30416 bytes,    4047304 total
[2020-09-29T10:10:14.049+0000][7792][gc,age       ] GC(63) - age   6:      28496 bytes,    4075800 total
[2020-09-29T10:10:14.049+0000][7792][gc,age       ] GC(63) - age   7:      39152 bytes,    4114952 total
[2020-09-29T10:10:14.049+0000][7792][gc,age       ] GC(63) - age   8:      19008 bytes,    4133960 total
[2020-09-29T10:10:14.049+0000][7792][gc,age       ] GC(63) - age   9:     345248 bytes,    4479208 total
[2020-09-29T10:10:14.049+0000][7792][gc,age       ] GC(63) - age  10:       1032 bytes,    4480240 total
[2020-09-29T10:10:14.049+0000][7792][gc,age       ] GC(63) - age  11:        520 bytes,    4480760 total
[2020-09-29T10:10:14.049+0000][7792][gc,age       ] GC(63) - age  12:       1792 bytes,    4482552 total
[2020-09-29T10:10:14.049+0000][7792][gc,age       ] GC(63) - age  13:       4288 bytes,    4486840 total
[2020-09-29T10:10:14.049+0000][7792][gc,age       ] GC(63) - age  14:       1336 bytes,    4488176 total
[2020-09-29T10:10:14.049+0000][7792][gc,age       ] GC(63) - age  15:       2136 bytes,    4490312 total
[2020-09-29T10:10:14.050+0000][7792][gc,phases    ] GC(63)   Pre Evacuate Collection Set: 0.5ms
[2020-09-29T10:10:14.050+0000][7792][gc,phases    ] GC(63)   Merge Heap Roots: 0.1ms
[2020-09-29T10:10:14.050+0000][7792][gc,phases    ] GC(63)   Evacuate Collection Set: 3.2ms
[2020-09-29T10:10:14.050+0000][7792][gc,phases    ] GC(63)   Post Evacuate Collection Set: 1.1ms
[2020-09-29T10:10:14.050+0000][7792][gc,phases    ] GC(63)   Other: 1.4ms
[2020-09-29T10:10:14.050+0000][7792][gc,heap      ] GC(63) Eden regions: 61->0(500)
[2020-09-29T10:10:14.050+0000][7792][gc,heap      ] GC(63) Survivor regions: 5->5(63)
[2020-09-29T10:10:14.050+0000][7792][gc,heap      ] GC(63) Old regions: 74->74
[2020-09-29T10:10:14.050+0000][7792][gc,heap      ] GC(63) Archive regions: 0->0
[2020-09-29T10:10:14.050+0000][7792][gc,heap      ] GC(63) Humongous regions: 330->174
[2020-09-29T10:10:14.050+0000][7792][gc,metaspace ] GC(63) Metaspace: 83898K(90240K)->83898K(90240K) NonClass: 73011K(76800K)->73011K(76800K) Class: 10886K(13440K)->10886K(13440K)
[2020-09-29T10:10:14.050+0000][7792][gc           ] GC(63) Pause Young (Concurrent Start) (G1 Humongous Allocation) 468M->252M(1024M) 6.728ms
[2020-09-29T10:10:14.050+0000][7792][gc,cpu       ] GC(63) User=0.09s Sys=0.00s Real=0.01s
[2020-09-29T10:10:14.050+0000][7792][gc           ] GC(64) Concurrent Cycle
[2020-09-29T10:10:14.050+0000][7792][gc,marking   ] GC(64) Concurrent Clear Claimed Marks
[2020-09-29T10:10:14.050+0000][7792][safepoint    ] Safepoint "G1TryInitiateConcMark", Time since last: 31311500 ns, Reaching safepoint: 178600 ns, At safepoint: 7139300 ns, Total: 7317900 ns
[2020-09-29T10:10:14.051+0000][7792][gc,marking   ] GC(64) Concurrent Clear Claimed Marks 0.451ms
[2020-09-29T10:10:14.051+0000][7792][gc,marking   ] GC(64) Concurrent Scan Root Regions
[2020-09-29T10:10:14.054+0000][7792][gc,marking   ] GC(64) Concurrent Scan Root Regions 3.180ms
[2020-09-29T10:10:14.054+0000][7792][gc,marking   ] GC(64) Concurrent Mark (877.156s)
[2020-09-29T10:10:14.054+0000][7792][gc,marking   ] GC(64) Concurrent Mark From Roots
[2020-09-29T10:10:14.054+0000][7792][gc,task      ] GC(64) Using 2 workers of 2 for marking
[2020-09-29T10:10:14.234+0000][7792][gc,marking   ] GC(64) Concurrent Mark From Roots 179.545ms
[2020-09-29T10:10:14.234+0000][7792][gc,marking   ] GC(64) Concurrent Preclean
[2020-09-29T10:10:14.235+0000][7792][gc,marking   ] GC(64) Concurrent Preclean 0.859ms
[2020-09-29T10:10:14.235+0000][7792][gc,marking   ] GC(64) Concurrent Mark (877.156s, 877.337s) 180.766ms
[2020-09-29T10:10:14.235+0000][7792][gc,start     ] GC(64) Pause Remark
[2020-09-29T10:10:14.241+0000][7792][gc           ] GC(64) Pause Remark 368M->368M(1024M) 5.555ms
[2020-09-29T10:10:14.241+0000][7792][gc,cpu       ] GC(64) User=0.00s Sys=0.00s Real=0.01s
[2020-09-29T10:10:14.241+0000][7792][safepoint    ] Safepoint "G1Concurrent", Time since last: 184606000 ns, Reaching safepoint: 339200 ns, At safepoint: 5805900 ns, Total: 6145100 ns
[2020-09-29T10:10:14.241+0000][7792][gc,marking   ] GC(64) Concurrent Rebuild Remembered Sets
[2020-09-29T10:10:14.336+0000][7792][gc,marking   ] GC(64) Concurrent Rebuild Remembered Sets 95.105ms
[2020-09-29T10:10:14.337+0000][7792][gc,start     ] GC(64) Pause Cleanup
[2020-09-29T10:10:14.337+0000][7792][gc           ] GC(64) Pause Cleanup 392M->392M(1024M) 0.415ms
[2020-09-29T10:10:14.337+0000][7792][gc,cpu       ] GC(64) User=0.00s Sys=0.00s Real=0.00s
[2020-09-29T10:10:14.337+0000][7792][safepoint    ] Safepoint "G1Concurrent", Time since last: 95296300 ns, Reaching safepoint: 155000 ns, At safepoint: 596400 ns, Total: 751400 ns
[2020-09-29T10:10:14.337+0000][7792][gc,marking   ] GC(64) Concurrent Cleanup for Next Mark
[2020-09-29T10:10:14.339+0000][7792][gc,marking   ] GC(64) Concurrent Cleanup for Next Mark 1.692ms
[2020-09-29T10:10:14.339+0000][7792][gc           ] GC(64) Concurrent Cycle 288.957ms
[2020-09-29T10:10:14.358+0000][7792][gc,start     ] GC(65) Pause Young (Concurrent Start) (G1 Humongous Allocation)
[2020-09-29T10:10:14.358+0000][7792][gc,task      ] GC(65) Using 8 workers of 8 for evacuation
[2020-09-29T10:10:14.358+0000][7792][gc,age       ] GC(65) Desired survivor size 33554432 bytes, new threshold 15 (max threshold 15)
[2020-09-29T10:10:14.364+0000][7792][gc,age       ] GC(65) Age table with threshold 15 (max threshold 15)
[2020-09-29T10:10:14.364+0000][7792][gc,age       ] GC(65) - age   1:    8221576 bytes,    8221576 total
[2020-09-29T10:10:14.364+0000][7792][gc,age       ] GC(65) - age   2:       3688 bytes,    8225264 total
[2020-09-29T10:10:14.364+0000][7792][gc,age       ] GC(65) - age   3:       2520 bytes,    8227784 total
[2020-09-29T10:10:14.364+0000][7792][gc,age       ] GC(65) - age   4:      26536 bytes,    8254320 total
[2020-09-29T10:10:14.364+0000][7792][gc,age       ] GC(65) - age   5:      27472 bytes,    8281792 total
[2020-09-29T10:10:14.364+0000][7792][gc,age       ] GC(65) - age   6:      30352 bytes,    8312144 total
[2020-09-29T10:10:14.364+0000][7792][gc,age       ] GC(65) - age   7:      28368 bytes,    8340512 total
[2020-09-29T10:10:14.364+0000][7792][gc,age       ] GC(65) - age   8:      39152 bytes,    8379664 total
[2020-09-29T10:10:14.364+0000][7792][gc,age       ] GC(65) - age   9:      19008 bytes,    8398672 total
[2020-09-29T10:10:14.364+0000][7792][gc,age       ] GC(65) - age  10:     345184 bytes,    8743856 total
[2020-09-29T10:10:14.364+0000][7792][gc,age       ] GC(65) - age  11:       1032 bytes,    8744888 total
[2020-09-29T10:10:14.364+0000][7792][gc,age       ] GC(65) - age  12:        520 bytes,    8745408 total
[2020-09-29T10:10:14.364+0000][7792][gc,age       ] GC(65) - age  13:       1792 bytes,    8747200 total
[2020-09-29T10:10:14.364+0000][7792][gc,age       ] GC(65) - age  14:       4288 bytes,    8751488 total
[2020-09-29T10:10:14.364+0000][7792][gc,age       ] GC(65) - age  15:       1336 bytes,    8752824 total
[2020-09-29T10:10:14.364+0000][7792][gc,phases    ] GC(65)   Pre Evacuate Collection Set: 0.5ms
[2020-09-29T10:10:14.364+0000][7792][gc,phases    ] GC(65)   Merge Heap Roots: 0.1ms
[2020-09-29T10:10:14.364+0000][7792][gc,phases    ] GC(65)   Evacuate Collection Set: 3.5ms
[2020-09-29T10:10:14.365+0000][7792][gc,phases    ] GC(65)   Post Evacuate Collection Set: 0.9ms
[2020-09-29T10:10:14.365+0000][7792][gc,phases    ] GC(65)   Other: 1.1ms
[2020-09-29T10:10:14.365+0000][7792][gc,heap      ] GC(65) Eden regions: 53->0(494)
[2020-09-29T10:10:14.365+0000][7792][gc,heap      ] GC(65) Survivor regions: 5->9(64)
[2020-09-29T10:10:14.365+0000][7792][gc,heap      ] GC(65) Old regions: 74->74
[2020-09-29T10:10:14.365+0000][7792][gc,heap      ] GC(65) Archive regions: 0->0
[2020-09-29T10:10:14.365+0000][7792][gc,heap      ] GC(65) Humongous regions: 274->174
[2020-09-29T10:10:14.365+0000][7792][gc,metaspace ] GC(65) Metaspace: 83924K(90240K)->83924K(90240K) NonClass: 73037K(76800K)->73037K(76800K) Class: 10886K(13440K)->10886K(13440K)
[2020-09-29T10:10:14.365+0000][7792][gc           ] GC(65) Pause Young (Concurrent Start) (G1 Humongous Allocation) 404M->256M(1024M) 6.638ms
[2020-09-29T10:10:14.365+0000][7792][gc,cpu       ] GC(65) User=0.02s Sys=0.00s Real=0.01s
[2020-09-29T10:10:14.365+0000][7792][gc           ] GC(66) Concurrent Cycle
[2020-09-29T10:10:14.365+0000][7792][gc,marking   ] GC(66) Concurrent Clear Claimed Marks
[2020-09-29T10:10:14.365+0000][7792][safepoint    ] Safepoint "G1TryInitiateConcMark", Time since last: 20943600 ns, Reaching safepoint: 226000 ns, At safepoint: 7146800 ns, Total: 7372800 ns
[2020-09-29T10:10:14.365+0000][7792][gc,marking   ] GC(66) Concurrent Clear Claimed Marks 0.337ms
[2020-09-29T10:10:14.366+0000][7792][gc,marking   ] GC(66) Concurrent Scan Root Regions
[2020-09-29T10:10:14.368+0000][7792][gc,marking   ] GC(66) Concurrent Scan Root Regions 2.682ms
[2020-09-29T10:10:14.368+0000][7792][gc,marking   ] GC(66) Concurrent Mark (877.471s)
[2020-09-29T10:10:14.368+0000][7792][gc,marking   ] GC(66) Concurrent Mark From Roots
[2020-09-29T10:10:14.368+0000][7792][gc,task      ] GC(66) Using 2 workers of 2 for marking
[2020-09-29T10:10:14.545+0000][7792][gc,marking   ] GC(66) Concurrent Mark From Roots 177.454ms
[2020-09-29T10:10:14.545+0000][7792][gc,marking   ] GC(66) Concurrent Preclean
[2020-09-29T10:10:14.546+0000][7792][gc,marking   ] GC(66) Concurrent Preclean 0.669ms
[2020-09-29T10:10:14.546+0000][7792][gc,marking   ] GC(66) Concurrent Mark (877.471s, 877.649s) 178.333ms
[2020-09-29T10:10:14.547+0000][7792][gc,start     ] GC(66) Pause Remark
[2020-09-29T10:10:14.554+0000][7792][gc           ] GC(66) Pause Remark 508M->508M(1024M) 7.050ms
[2020-09-29T10:10:14.554+0000][7792][gc,cpu       ] GC(66) User=0.00s Sys=0.00s Real=0.01s
[2020-09-29T10:10:14.557+0000][7792][safepoint    ] Safepoint "G1Concurrent", Time since last: 181344400 ns, Reaching safepoint: 358100 ns, At safepoint: 10519300 ns, Total: 10877400 ns
[2020-09-29T10:10:14.557+0000][7792][gc,marking   ] GC(66) Concurrent Rebuild Remembered Sets
[2020-09-29T10:10:14.662+0000][7792][gc,marking   ] GC(66) Concurrent Rebuild Remembered Sets 104.575ms
[2020-09-29T10:10:14.662+0000][7792][gc,start     ] GC(66) Pause Cleanup
[2020-09-29T10:10:14.663+0000][7792][gc           ] GC(66) Pause Cleanup 585M->585M(1024M) 0.422ms
[2020-09-29T10:10:14.663+0000][7792][gc,cpu       ] GC(66) User=0.00s Sys=0.00s Real=0.00s
[2020-09-29T10:10:14.663+0000][7792][safepoint    ] Safepoint "G1Concurrent", Time since last: 104970000 ns, Reaching safepoint: 159800 ns, At safepoint: 644100 ns, Total: 803900 ns
[2020-09-29T10:10:14.663+0000][7792][gc,marking   ] GC(66) Concurrent Cleanup for Next Mark
[2020-09-29T10:10:14.665+0000][7792][gc,marking   ] GC(66) Concurrent Cleanup for Next Mark 1.883ms
[2020-09-29T10:10:14.665+0000][7792][gc           ] GC(66) Concurrent Cycle 300.398ms
[2020-09-29T10:10:14.717+0000][7792][gc,start     ] GC(67) Pause Young (Concurrent Start) (G1 Humongous Allocation)
[2020-09-29T10:10:14.717+0000][7792][gc,task      ] GC(67) Using 8 workers of 8 for evacuation
[2020-09-29T10:10:14.717+0000][7792][gc,age       ] GC(67) Desired survivor size 33030144 bytes, new threshold 15 (max threshold 15)
[2020-09-29T10:10:14.723+0000][7792][gc,age       ] GC(67) Age table with threshold 15 (max threshold 15)
[2020-09-29T10:10:14.723+0000][7792][gc,age       ] GC(67) - age   1:    3930720 bytes,    3930720 total
[2020-09-29T10:10:14.723+0000][7792][gc,age       ] GC(67) - age   2:       5728 bytes,    3936448 total
[2020-09-29T10:10:14.723+0000][7792][gc,age       ] GC(67) - age   3:       3456 bytes,    3939904 total
[2020-09-29T10:10:14.723+0000][7792][gc,age       ] GC(67) - age   4:       1944 bytes,    3941848 total
[2020-09-29T10:10:14.723+0000][7792][gc,age       ] GC(67) - age   5:      26408 bytes,    3968256 total
[2020-09-29T10:10:14.723+0000][7792][gc,age       ] GC(67) - age   6:      27472 bytes,    3995728 total
[2020-09-29T10:10:14.723+0000][7792][gc,age       ] GC(67) - age   7:      30160 bytes,    4025888 total
[2020-09-29T10:10:14.723+0000][7792][gc,age       ] GC(67) - age   8:      28368 bytes,    4054256 total
[2020-09-29T10:10:14.723+0000][7792][gc,age       ] GC(67) - age   9:      39152 bytes,    4093408 total
[2020-09-29T10:10:14.723+0000][7792][gc,age       ] GC(67) - age  10:      19008 bytes,    4112416 total
[2020-09-29T10:10:14.723+0000][7792][gc,age       ] GC(67) - age  11:     345152 bytes,    4457568 total
[2020-09-29T10:10:14.723+0000][7792][gc,age       ] GC(67) - age  12:       1032 bytes,    4458600 total
[2020-09-29T10:10:14.723+0000][7792][gc,age       ] GC(67) - age  13:        520 bytes,    4459120 total
[2020-09-29T10:10:14.723+0000][7792][gc,age       ] GC(67) - age  14:       1792 bytes,    4460912 total
[2020-09-29T10:10:14.723+0000][7792][gc,age       ] GC(67) - age  15:       4256 bytes,    4465168 total
[2020-09-29T10:10:14.723+0000][7792][gc,phases    ] GC(67)   Pre Evacuate Collection Set: 0.5ms
[2020-09-29T10:10:14.723+0000][7792][gc,phases    ] GC(67)   Merge Heap Roots: 0.1ms
[2020-09-29T10:10:14.723+0000][7792][gc,phases    ] GC(67)   Evacuate Collection Set: 3.3ms
[2020-09-29T10:10:14.723+0000][7792][gc,phases    ] GC(67)   Post Evacuate Collection Set: 1.2ms
[2020-09-29T10:10:14.723+0000][7792][gc,phases    ] GC(67)   Other: 1.0ms
[2020-09-29T10:10:14.723+0000][7792][gc,heap      ] GC(67) Eden regions: 85->0(499)
[2020-09-29T10:10:14.723+0000][7792][gc,heap      ] GC(67) Survivor regions: 9->5(63)
[2020-09-29T10:10:14.723+0000][7792][gc,heap      ] GC(67) Old regions: 74->74
[2020-09-29T10:10:14.723+0000][7792][gc,heap      ] GC(67) Archive regions: 0->0
[2020-09-29T10:10:14.723+0000][7792][gc,heap      ] GC(67) Humongous regions: 430->174
[2020-09-29T10:10:14.723+0000][7792][gc,metaspace ] GC(67) Metaspace: 83943K(90240K)->83943K(90240K) NonClass: 73056K(76800K)->73056K(76800K) Class: 10886K(13440K)->10886K(13440K)
[2020-09-29T10:10:14.724+0000][7792][gc           ] GC(67) Pause Young (Concurrent Start) (G1 Humongous Allocation) 597M->252M(1024M) 6.385ms
[2020-09-29T10:10:14.724+0000][7792][gc,cpu       ] GC(67) User=0.05s Sys=0.03s Real=0.01s
[2020-09-29T10:10:14.724+0000][7792][gc           ] GC(68) Concurrent Cycle
[2020-09-29T10:10:14.724+0000][7792][safepoint    ] Safepoint "G1TryInitiateConcMark", Time since last: 54054200 ns, Reaching safepoint: 170000 ns, At safepoint: 6628500 ns, Total: 6798500 ns
[2020-09-29T10:10:14.724+0000][7792][gc,marking   ] GC(68) Concurrent Clear Claimed Marks
[2020-09-29T10:10:14.724+0000][7792][gc,marking   ] GC(68) Concurrent Clear Claimed Marks 0.491ms
[2020-09-29T10:10:14.724+0000][7792][gc,marking   ] GC(68) Concurrent Scan Root Regions
[2020-09-29T10:10:14.727+0000][7792][gc,marking   ] GC(68) Concurrent Scan Root Regions 2.761ms
[2020-09-29T10:10:14.727+0000][7792][gc,marking   ] GC(68) Concurrent Mark (877.830s)
[2020-09-29T10:10:14.727+0000][7792][gc,marking   ] GC(68) Concurrent Mark From Roots
[2020-09-29T10:10:14.727+0000][7792][gc,task      ] GC(68) Using 2 workers of 2 for marking
[2020-09-29T10:10:14.891+0000][7792][gc,marking   ] GC(68) Concurrent Mark From Roots 164.068ms
[2020-09-29T10:10:14.891+0000][7792][gc,marking   ] GC(68) Concurrent Preclean
[2020-09-29T10:10:14.892+0000][7792][gc,marking   ] GC(68) Concurrent Preclean 0.899ms
[2020-09-29T10:10:14.892+0000][7792][gc,marking   ] GC(68) Concurrent Mark (877.830s, 877.995s) 165.237ms
[2020-09-29T10:10:14.893+0000][7792][gc,start     ] GC(68) Pause Remark
[2020-09-29T10:10:14.900+0000][7792][gc           ] GC(68) Pause Remark 391M->391M(1024M) 6.801ms
[2020-09-29T10:10:14.900+0000][7792][gc,cpu       ] GC(68) User=0.00s Sys=0.00s Real=0.01s
[2020-09-29T10:10:14.900+0000][7792][safepoint    ] Safepoint "G1Concurrent", Time since last: 168852800 ns, Reaching safepoint: 197000 ns, At safepoint: 7254700 ns, Total: 7451700 ns
[2020-09-29T10:10:14.900+0000][7792][gc,marking   ] GC(68) Concurrent Rebuild Remembered Sets
[2020-09-29T10:10:15.001+0000][7792][gc,marking   ] GC(68) Concurrent Rebuild Remembered Sets 101.237ms
[2020-09-29T10:10:15.002+0000][7792][gc,start     ] GC(68) Pause Cleanup
[2020-09-29T10:10:15.002+0000][7792][gc           ] GC(68) Pause Cleanup 464M->464M(1024M) 0.284ms
[2020-09-29T10:10:15.002+0000][7792][gc,cpu       ] GC(68) User=0.00s Sys=0.00s Real=0.00s
[2020-09-29T10:10:15.002+0000][7792][safepoint    ] Safepoint "G1Concurrent", Time since last: 101480700 ns, Reaching safepoint: 192200 ns, At safepoint: 453400 ns, Total: 645600 ns
[2020-09-29T10:10:15.002+0000][7792][gc,marking   ] GC(68) Concurrent Cleanup for Next Mark
[2020-09-29T10:10:15.004+0000][7792][gc,marking   ] GC(68) Concurrent Cleanup for Next Mark 1.925ms
[2020-09-29T10:10:15.004+0000][7792][gc           ] GC(68) Concurrent Cycle 280.584ms
[2020-09-29T10:10:15.010+0000][7792][gc,start     ] GC(69) Pause Young (Concurrent Start) (G1 Humongous Allocation)
[2020-09-29T10:10:15.010+0000][7792][gc,task      ] GC(69) Using 8 workers of 8 for evacuation
[2020-09-29T10:10:15.010+0000][7792][gc,age       ] GC(69) Desired survivor size 33030144 bytes, new threshold 15 (max threshold 15)
[2020-09-29T10:10:15.014+0000][7792][gc,age       ] GC(69) Age table with threshold 15 (max threshold 15)
[2020-09-29T10:10:15.015+0000][7792][gc,age       ] GC(69) - age   1:    3558464 bytes,    3558464 total
[2020-09-29T10:10:15.015+0000][7792][gc,age       ] GC(69) - age   2:     402344 bytes,    3960808 total
[2020-09-29T10:10:15.015+0000][7792][gc,age       ] GC(69) - age   3:       2448 bytes,    3963256 total
[2020-09-29T10:10:15.015+0000][7792][gc,age       ] GC(69) - age   4:       1984 bytes,    3965240 total
[2020-09-29T10:10:15.015+0000][7792][gc,age       ] GC(69) - age   5:       1848 bytes,    3967088 total
[2020-09-29T10:10:15.015+0000][7792][gc,age       ] GC(69) - age   6:      26216 bytes,    3993304 total
[2020-09-29T10:10:15.015+0000][7792][gc,age       ] GC(69) - age   7:      27280 bytes,    4020584 total
[2020-09-29T10:10:15.015+0000][7792][gc,age       ] GC(69) - age   8:      30000 bytes,    4050584 total
[2020-09-29T10:10:15.015+0000][7792][gc,age       ] GC(69) - age   9:      28304 bytes,    4078888 total
[2020-09-29T10:10:15.015+0000][7792][gc,age       ] GC(69) - age  10:      39152 bytes,    4118040 total
[2020-09-29T10:10:15.015+0000][7792][gc,age       ] GC(69) - age  11:      18944 bytes,    4136984 total
[2020-09-29T10:10:15.015+0000][7792][gc,age       ] GC(69) - age  12:     345152 bytes,    4482136 total
[2020-09-29T10:10:15.015+0000][7792][gc,age       ] GC(69) - age  13:        904 bytes,    4483040 total
[2020-09-29T10:10:15.015+0000][7792][gc,age       ] GC(69) - age  14:        488 bytes,    4483528 total
[2020-09-29T10:10:15.015+0000][7792][gc,age       ] GC(69) - age  15:       1664 bytes,    4485192 total
[2020-09-29T10:10:15.015+0000][7792][gc,phases    ] GC(69)   Pre Evacuate Collection Set: 0.4ms
[2020-09-29T10:10:15.015+0000][7792][gc,phases    ] GC(69)   Merge Heap Roots: 0.1ms
[2020-09-29T10:10:15.015+0000][7792][gc,phases    ] GC(69)   Evacuate Collection Set: 3.0ms
[2020-09-29T10:10:15.015+0000][7792][gc,phases    ] GC(69)   Post Evacuate Collection Set: 0.9ms
[2020-09-29T10:10:15.015+0000][7792][gc,phases    ] GC(69)   Other: 1.1ms
[2020-09-29T10:10:15.015+0000][7792][gc,heap      ] GC(69) Eden regions: 60->0(501)
[2020-09-29T10:10:15.015+0000][7792][gc,heap      ] GC(69) Survivor regions: 5->5(63)
[2020-09-29T10:10:15.015+0000][7792][gc,heap      ] GC(69) Old regions: 74->74
[2020-09-29T10:10:15.015+0000][7792][gc,heap      ] GC(69) Archive regions: 0->0
[2020-09-29T10:10:15.015+0000][7792][gc,heap      ] GC(69) Humongous regions: 330->174
[2020-09-29T10:10:15.015+0000][7792][gc,metaspace ] GC(69) Metaspace: 83964K(90240K)->83964K(90240K) NonClass: 73077K(76800K)->73077K(76800K) Class: 10886K(13440K)->10886K(13440K)
[2020-09-29T10:10:15.016+0000][7792][gc           ] GC(69) Pause Young (Concurrent Start) (G1 Humongous Allocation) 467M->252M(1024M) 5.813ms
[2020-09-29T10:10:15.016+0000][7792][gc,cpu       ] GC(69) User=0.02s Sys=0.00s Real=0.01s
[2020-09-29T10:10:15.016+0000][7792][gc           ] GC(70) Concurrent Cycle
[2020-09-29T10:10:15.016+0000][7792][safepoint    ] Safepoint "G1TryInitiateConcMark", Time since last: 7329400 ns, Reaching safepoint: 175500 ns, At safepoint: 6065400 ns, Total: 6240900 ns
[2020-09-29T10:10:15.016+0000][7792][gc,marking   ] GC(70) Concurrent Clear Claimed Marks
[2020-09-29T10:10:15.016+0000][7792][gc,marking   ] GC(70) Concurrent Clear Claimed Marks 0.515ms
[2020-09-29T10:10:15.016+0000][7792][gc,marking   ] GC(70) Concurrent Scan Root Regions
[2020-09-29T10:10:15.019+0000][7792][gc,marking   ] GC(70) Concurrent Scan Root Regions 2.589ms
[2020-09-29T10:10:15.019+0000][7792][gc,marking   ] GC(70) Concurrent Mark (878.122s)
[2020-09-29T10:10:15.019+0000][7792][gc,marking   ] GC(70) Concurrent Mark From Roots
[2020-09-29T10:10:15.019+0000][7792][gc,task      ] GC(70) Using 2 workers of 2 for marking
[2020-09-29T10:10:15.166+0000][7792][gc,marking   ] GC(70) Concurrent Mark From Roots 146.789ms
[2020-09-29T10:10:15.166+0000][7792][gc,marking   ] GC(70) Concurrent Preclean
[2020-09-29T10:10:15.166+0000][7792][gc,marking   ] GC(70) Concurrent Preclean 0.450ms
[2020-09-29T10:10:15.166+0000][7792][gc,marking   ] GC(70) Concurrent Mark (878.122s, 878.269s) 147.417ms
[2020-09-29T10:10:15.167+0000][7792][gc,start     ] GC(70) Pause Remark
[2020-09-29T10:10:15.172+0000][7792][gc           ] GC(70) Pause Remark 387M->387M(1024M) 5.185ms
[2020-09-29T10:10:15.172+0000][7792][gc,cpu       ] GC(70) User=0.11s Sys=0.00s Real=0.00s
[2020-09-29T10:10:15.172+0000][7792][safepoint    ] Safepoint "G1Concurrent", Time since last: 150840300 ns, Reaching safepoint: 166100 ns, At safepoint: 5420200 ns, Total: 5586300 ns
[2020-09-29T10:10:15.172+0000][7792][gc,marking   ] GC(70) Concurrent Rebuild Remembered Sets
[2020-09-29T10:10:15.256+0000][7792][gc,marking   ] GC(70) Concurrent Rebuild Remembered Sets 83.882ms
[2020-09-29T10:10:15.256+0000][7792][gc,start     ] GC(70) Pause Cleanup
[2020-09-29T10:10:15.257+0000][7792][gc           ] GC(70) Pause Cleanup 387M->387M(1024M) 0.402ms
[2020-09-29T10:10:15.257+0000][7792][gc,cpu       ] GC(70) User=0.00s Sys=0.00s Real=0.00s
[2020-09-29T10:10:15.257+0000][7792][safepoint    ] Safepoint "G1Concurrent", Time since last: 84120100 ns, Reaching safepoint: 125000 ns, At safepoint: 599400 ns, Total: 724400 ns
[2020-09-29T10:10:15.257+0000][7792][gc,marking   ] GC(70) Concurrent Cleanup for Next Mark
[2020-09-29T10:10:15.259+0000][7792][gc,marking   ] GC(70) Concurrent Cleanup for Next Mark 1.724ms
[2020-09-29T10:10:15.259+0000][7792][gc           ] GC(70) Concurrent Cycle 243.252ms
[2020-09-29T10:10:15.887+0000][7792][gc,start     ] GC(71) Pause Young (Concurrent Start) (G1 Humongous Allocation)
[2020-09-29T10:10:15.887+0000][7792][gc,task      ] GC(71) Using 8 workers of 8 for evacuation
[2020-09-29T10:10:15.887+0000][7792][gc,age       ] GC(71) Desired survivor size 33554432 bytes, new threshold 15 (max threshold 15)
[2020-09-29T10:10:15.891+0000][7792][gc,age       ] GC(71) Age table with threshold 15 (max threshold 15)
[2020-09-29T10:10:15.891+0000][7792][gc,age       ] GC(71) - age   1:    2837136 bytes,    2837136 total
[2020-09-29T10:10:15.891+0000][7792][gc,age       ] GC(71) - age   2:       4032 bytes,    2841168 total
[2020-09-29T10:10:15.891+0000][7792][gc,age       ] GC(71) - age   3:       2312 bytes,    2843480 total
[2020-09-29T10:10:15.891+0000][7792][gc,age       ] GC(71) - age   4:       1152 bytes,    2844632 total
[2020-09-29T10:10:15.891+0000][7792][gc,age       ] GC(71) - age   5:       1752 bytes,    2846384 total
[2020-09-29T10:10:15.891+0000][7792][gc,age       ] GC(71) - age   6:       1816 bytes,    2848200 total
[2020-09-29T10:10:15.891+0000][7792][gc,age       ] GC(71) - age   7:      26216 bytes,    2874416 total
[2020-09-29T10:10:15.891+0000][7792][gc,age       ] GC(71) - age   8:      27184 bytes,    2901600 total
[2020-09-29T10:10:15.892+0000][7792][gc,age       ] GC(71) - age   9:      29904 bytes,    2931504 total
[2020-09-29T10:10:15.892+0000][7792][gc,age       ] GC(71) - age  10:      28304 bytes,    2959808 total
[2020-09-29T10:10:15.892+0000][7792][gc,age       ] GC(71) - age  11:      38992 bytes,    2998800 total
[2020-09-29T10:10:15.892+0000][7792][gc,age       ] GC(71) - age  12:      18816 bytes,    3017616 total
[2020-09-29T10:10:15.892+0000][7792][gc,age       ] GC(71) - age  13:     295640 bytes,    3313256 total
[2020-09-29T10:10:15.892+0000][7792][gc,age       ] GC(71) - age  14:        904 bytes,    3314160 total
[2020-09-29T10:10:15.892+0000][7792][gc,age       ] GC(71) - age  15:        488 bytes,    3314648 total
[2020-09-29T10:10:15.892+0000][7792][gc,phases    ] GC(71)   Pre Evacuate Collection Set: 0.5ms
[2020-09-29T10:10:15.892+0000][7792][gc,phases    ] GC(71)   Merge Heap Roots: 0.1ms
[2020-09-29T10:10:15.892+0000][7792][gc,phases    ] GC(71)   Evacuate Collection Set: 2.1ms
[2020-09-29T10:10:15.892+0000][7792][gc,phases    ] GC(71)   Post Evacuate Collection Set: 1.1ms
[2020-09-29T10:10:15.892+0000][7792][gc,phases    ] GC(71)   Other: 1.3ms
[2020-09-29T10:10:15.892+0000][7792][gc,heap      ] GC(71) Eden regions: 49->0(503)
[2020-09-29T10:10:15.892+0000][7792][gc,heap      ] GC(71) Survivor regions: 5->4(64)
[2020-09-29T10:10:15.892+0000][7792][gc,heap      ] GC(71) Old regions: 74->74
[2020-09-29T10:10:15.892+0000][7792][gc,heap      ] GC(71) Archive regions: 0->0
[2020-09-29T10:10:15.892+0000][7792][gc,heap      ] GC(71) Humongous regions: 274->174
[2020-09-29T10:10:15.892+0000][7792][gc,metaspace ] GC(71) Metaspace: 84340K(90496K)->84340K(90496K) NonClass: 73396K(77056K)->73396K(77056K) Class: 10943K(13440K)->10943K(13440K)
[2020-09-29T10:10:15.892+0000][7792][gc           ] GC(71) Pause Young (Concurrent Start) (G1 Humongous Allocation) 401M->250M(1024M) 5.447ms
[2020-09-29T10:10:15.892+0000][7792][gc,cpu       ] GC(71) User=0.13s Sys=0.00s Real=0.00s
[2020-09-29T10:10:15.892+0000][7792][safepoint    ] Safepoint "G1TryInitiateConcMark", Time since last: 628546500 ns, Reaching safepoint: 399900 ns, At safepoint: 5674600 ns, Total: 6074500 ns
[2020-09-29T10:10:15.893+0000][7792][gc           ] GC(72) Concurrent Cycle
[2020-09-29T10:10:15.893+0000][7792][gc,marking   ] GC(72) Concurrent Clear Claimed Marks
[2020-09-29T10:10:15.893+0000][7792][gc,marking   ] GC(72) Concurrent Clear Claimed Marks 0.379ms
[2020-09-29T10:10:15.893+0000][7792][gc,marking   ] GC(72) Concurrent Scan Root Regions
[2020-09-29T10:10:15.895+0000][7792][gc,marking   ] GC(72) Concurrent Scan Root Regions 1.860ms
[2020-09-29T10:10:15.895+0000][7792][gc,marking   ] GC(72) Concurrent Mark (878.997s)
[2020-09-29T10:10:15.895+0000][7792][gc,marking   ] GC(72) Concurrent Mark From Roots
[2020-09-29T10:10:15.895+0000][7792][gc,task      ] GC(72) Using 2 workers of 2 for marking
[2020-09-29T10:10:16.059+0000][7792][gc,marking   ] GC(72) Concurrent Mark From Roots 164.420ms
[2020-09-29T10:10:16.059+0000][7792][gc,marking   ] GC(72) Concurrent Preclean
[2020-09-29T10:10:16.060+0000][7792][gc,marking   ] GC(72) Concurrent Preclean 0.768ms
[2020-09-29T10:10:16.060+0000][7792][gc,marking   ] GC(72) Concurrent Mark (878.997s, 879.162s) 165.425ms
[2020-09-29T10:10:16.060+0000][7792][gc,start     ] GC(72) Pause Remark
[2020-09-29T10:10:16.065+0000][7792][gc           ] GC(72) Pause Remark 382M->382M(1024M) 4.917ms
[2020-09-29T10:10:16.065+0000][7792][gc,cpu       ] GC(72) User=0.11s Sys=0.00s Real=0.01s
[2020-09-29T10:10:16.065+0000][7792][safepoint    ] Safepoint "G1Concurrent", Time since last: 168070700 ns, Reaching safepoint: 230400 ns, At safepoint: 5209700 ns, Total: 5440100 ns
[2020-09-29T10:10:16.065+0000][7792][gc,marking   ] GC(72) Concurrent Rebuild Remembered Sets
[2020-09-29T10:10:16.164+0000][7792][gc,marking   ] GC(72) Concurrent Rebuild Remembered Sets 98.496ms
[2020-09-29T10:10:16.165+0000][7792][gc,start     ] GC(72) Pause Cleanup
[2020-09-29T10:10:16.165+0000][7792][gc           ] GC(72) Pause Cleanup 450M->450M(1024M) 0.357ms
[2020-09-29T10:10:16.165+0000][7792][gc,cpu       ] GC(72) User=0.00s Sys=0.00s Real=0.00s
[2020-09-29T10:10:16.165+0000][7792][safepoint    ] Safepoint "G1Concurrent", Time since last: 98710400 ns, Reaching safepoint: 497100 ns, At safepoint: 546600 ns, Total: 1043700 ns
[2020-09-29T10:10:16.165+0000][7792][gc,marking   ] GC(72) Concurrent Cleanup for Next Mark
[2020-09-29T10:10:16.167+0000][7792][gc,marking   ] GC(72) Concurrent Cleanup for Next Mark 1.452ms
[2020-09-29T10:10:16.167+0000][7792][gc           ] GC(72) Concurrent Cycle 274.790ms
[2020-09-29T10:10:16.207+0000][7792][gc,start     ] GC(73) Pause Young (Concurrent Start) (G1 Humongous Allocation)
[2020-09-29T10:10:16.207+0000][7792][gc,task      ] GC(73) Using 8 workers of 8 for evacuation
[2020-09-29T10:10:16.207+0000][7792][gc,age       ] GC(73) Desired survivor size 33554432 bytes, new threshold 15 (max threshold 15)
[2020-09-29T10:10:16.212+0000][7792][gc,age       ] GC(73) Age table with threshold 15 (max threshold 15)
[2020-09-29T10:10:16.212+0000][7792][gc,age       ] GC(73) - age   1:    3302728 bytes,    3302728 total
[2020-09-29T10:10:16.212+0000][7792][gc,age       ] GC(73) - age   2:     165312 bytes,    3468040 total
[2020-09-29T10:10:16.212+0000][7792][gc,age       ] GC(73) - age   3:       2456 bytes,    3470496 total
[2020-09-29T10:10:16.212+0000][7792][gc,age       ] GC(73) - age   4:       1928 bytes,    3472424 total
[2020-09-29T10:10:16.212+0000][7792][gc,age       ] GC(73) - age   5:       1056 bytes,    3473480 total
[2020-09-29T10:10:16.212+0000][7792][gc,age       ] GC(73) - age   6:       1496 bytes,    3474976 total
[2020-09-29T10:10:16.213+0000][7792][gc,age       ] GC(73) - age   7:       1752 bytes,    3476728 total
[2020-09-29T10:10:16.213+0000][7792][gc,age       ] GC(73) - age   8:      26160 bytes,    3502888 total
[2020-09-29T10:10:16.213+0000][7792][gc,age       ] GC(73) - age   9:      27184 bytes,    3530072 total
[2020-09-29T10:10:16.213+0000][7792][gc,age       ] GC(73) - age  10:      29904 bytes,    3559976 total
[2020-09-29T10:10:16.213+0000][7792][gc,age       ] GC(73) - age  11:      28240 bytes,    3588216 total
[2020-09-29T10:10:16.213+0000][7792][gc,age       ] GC(73) - age  12:      38992 bytes,    3627208 total
[2020-09-29T10:10:16.213+0000][7792][gc,age       ] GC(73) - age  13:      18816 bytes,    3646024 total
[2020-09-29T10:10:16.213+0000][7792][gc,age       ] GC(73) - age  14:     295608 bytes,    3941632 total
[2020-09-29T10:10:16.213+0000][7792][gc,age       ] GC(73) - age  15:        904 bytes,    3942536 total
[2020-09-29T10:10:16.213+0000][7792][gc,phases    ] GC(73)   Pre Evacuate Collection Set: 0.4ms
[2020-09-29T10:10:16.213+0000][7792][gc,phases    ] GC(73)   Merge Heap Roots: 0.1ms
[2020-09-29T10:10:16.213+0000][7792][gc,phases    ] GC(73)   Evacuate Collection Set: 3.4ms
[2020-09-29T10:10:16.213+0000][7792][gc,phases    ] GC(73)   Post Evacuate Collection Set: 0.9ms
[2020-09-29T10:10:16.213+0000][7792][gc,phases    ] GC(73)   Other: 1.0ms
[2020-09-29T10:10:16.213+0000][7792][gc,heap      ] GC(73) Eden regions: 61->0(503)
[2020-09-29T10:10:16.213+0000][7792][gc,heap      ] GC(73) Survivor regions: 4->5(64)
[2020-09-29T10:10:16.213+0000][7792][gc,heap      ] GC(73) Old regions: 74->74
[2020-09-29T10:10:16.213+0000][7792][gc,heap      ] GC(73) Archive regions: 0->0
[2020-09-29T10:10:16.213+0000][7792][gc,heap      ] GC(73) Humongous regions: 324->174
[2020-09-29T10:10:16.213+0000][7792][gc,metaspace ] GC(73) Metaspace: 84362K(90496K)->84362K(90496K) NonClass: 73418K(77056K)->73418K(77056K) Class: 10943K(13440K)->10943K(13440K)
[2020-09-29T10:10:16.213+0000][7792][gc           ] GC(73) Pause Young (Concurrent Start) (G1 Humongous Allocation) 461M->251M(1024M) 6.170ms
[2020-09-29T10:10:16.213+0000][7792][gc,cpu       ] GC(73) User=0.00s Sys=0.00s Real=0.01s
[2020-09-29T10:10:16.213+0000][7792][gc           ] GC(74) Concurrent Cycle
[2020-09-29T10:10:16.213+0000][7792][safepoint    ] Safepoint "G1TryInitiateConcMark", Time since last: 41900600 ns, Reaching safepoint: 180500 ns, At safepoint: 6380200 ns, Total: 6560700 ns
[2020-09-29T10:10:16.214+0000][7792][gc,marking   ] GC(74) Concurrent Clear Claimed Marks
[2020-09-29T10:10:16.214+0000][7792][gc,marking   ] GC(74) Concurrent Clear Claimed Marks 0.597ms
[2020-09-29T10:10:16.214+0000][7792][gc,marking   ] GC(74) Concurrent Scan Root Regions
[2020-09-29T10:10:16.218+0000][7792][gc,marking   ] GC(74) Concurrent Scan Root Regions 3.568ms
[2020-09-29T10:10:16.218+0000][7792][gc,marking   ] GC(74) Concurrent Mark (879.321s)
[2020-09-29T10:10:16.218+0000][7792][gc,marking   ] GC(74) Concurrent Mark From Roots
[2020-09-29T10:10:16.218+0000][7792][gc,task      ] GC(74) Using 2 workers of 2 for marking
[2020-09-29T10:10:16.382+0000][7792][gc,marking   ] GC(74) Concurrent Mark From Roots 163.242ms
[2020-09-29T10:10:16.382+0000][7792][gc,marking   ] GC(74) Concurrent Preclean
[2020-09-29T10:10:16.382+0000][7792][gc,marking   ] GC(74) Concurrent Preclean 0.681ms
[2020-09-29T10:10:16.383+0000][7792][gc,marking   ] GC(74) Concurrent Mark (879.321s, 879.485s) 164.149ms
[2020-09-29T10:10:16.383+0000][7792][gc,start     ] GC(74) Pause Remark
[2020-09-29T10:10:16.388+0000][7792][gc           ] GC(74) Pause Remark 382M->382M(1024M) 5.077ms
[2020-09-29T10:10:16.388+0000][7792][gc,cpu       ] GC(74) User=0.00s Sys=0.00s Real=0.01s
[2020-09-29T10:10:16.388+0000][7792][safepoint    ] Safepoint "G1Concurrent", Time since last: 168691900 ns, Reaching safepoint: 161300 ns, At safepoint: 5353900 ns, Total: 5515200 ns
[2020-09-29T10:10:16.388+0000][7792][gc,marking   ] GC(74) Concurrent Rebuild Remembered Sets
[2020-09-29T10:10:16.486+0000][7792][gc,marking   ] GC(74) Concurrent Rebuild Remembered Sets 97.661ms
[2020-09-29T10:10:16.487+0000][7792][gc,start     ] GC(74) Pause Cleanup
[2020-09-29T10:10:16.487+0000][7792][gc           ] GC(74) Pause Cleanup 450M->450M(1024M) 0.378ms
[2020-09-29T10:10:16.487+0000][7792][gc,cpu       ] GC(74) User=0.00s Sys=0.00s Real=0.00s
[2020-09-29T10:10:16.487+0000][7792][safepoint    ] Safepoint "G1Concurrent", Time since last: 97874300 ns, Reaching safepoint: 584200 ns, At safepoint: 676600 ns, Total: 1260800 ns
[2020-09-29T10:10:16.487+0000][7792][gc,marking   ] GC(74) Concurrent Cleanup for Next Mark
[2020-09-29T10:10:16.489+0000][7792][gc,marking   ] GC(74) Concurrent Cleanup for Next Mark 1.846ms
[2020-09-29T10:10:16.489+0000][7792][gc           ] GC(74) Concurrent Cycle 275.452ms
[2020-09-29T10:10:16.547+0000][7792][gc,start     ] GC(75) Pause Young (Concurrent Start) (G1 Humongous Allocation)
[2020-09-29T10:10:16.547+0000][7792][gc,task      ] GC(75) Using 8 workers of 8 for evacuation
[2020-09-29T10:10:16.547+0000][7792][gc,age       ] GC(75) Desired survivor size 33554432 bytes, new threshold 15 (max threshold 15)
[2020-09-29T10:10:16.551+0000][7792][gc,age       ] GC(75) Age table with threshold 15 (max threshold 15)
[2020-09-29T10:10:16.552+0000][7792][gc,age       ] GC(75) - age   1:    3089368 bytes,    3089368 total
[2020-09-29T10:10:16.552+0000][7792][gc,age       ] GC(75) - age   2:     212080 bytes,    3301448 total
[2020-09-29T10:10:16.552+0000][7792][gc,age       ] GC(75) - age   3:     164552 bytes,    3466000 total
[2020-09-29T10:10:16.552+0000][7792][gc,age       ] GC(75) - age   4:       1688 bytes,    3467688 total
[2020-09-29T10:10:16.552+0000][7792][gc,age       ] GC(75) - age   5:       1896 bytes,    3469584 total
[2020-09-29T10:10:16.552+0000][7792][gc,age       ] GC(75) - age   6:        768 bytes,    3470352 total
[2020-09-29T10:10:16.552+0000][7792][gc,age       ] GC(75) - age   7:       1464 bytes,    3471816 total
[2020-09-29T10:10:16.552+0000][7792][gc,age       ] GC(75) - age   8:       1752 bytes,    3473568 total
[2020-09-29T10:10:16.552+0000][7792][gc,age       ] GC(75) - age   9:      26160 bytes,    3499728 total
[2020-09-29T10:10:16.552+0000][7792][gc,age       ] GC(75) - age  10:      27184 bytes,    3526912 total
[2020-09-29T10:10:16.552+0000][7792][gc,age       ] GC(75) - age  11:      29776 bytes,    3556688 total
[2020-09-29T10:10:16.552+0000][7792][gc,age       ] GC(75) - age  12:      28240 bytes,    3584928 total
[2020-09-29T10:10:16.552+0000][7792][gc,age       ] GC(75) - age  13:      38992 bytes,    3623920 total
[2020-09-29T10:10:16.552+0000][7792][gc,age       ] GC(75) - age  14:      18816 bytes,    3642736 total
[2020-09-29T10:10:16.552+0000][7792][gc,age       ] GC(75) - age  15:     295576 bytes,    3938312 total
[2020-09-29T10:10:16.552+0000][7792][gc,phases    ] GC(75)   Pre Evacuate Collection Set: 0.4ms
[2020-09-29T10:10:16.552+0000][7792][gc,phases    ] GC(75)   Merge Heap Roots: 0.1ms
[2020-09-29T10:10:16.552+0000][7792][gc,phases    ] GC(75)   Evacuate Collection Set: 2.5ms
[2020-09-29T10:10:16.552+0000][7792][gc,phases    ] GC(75)   Post Evacuate Collection Set: 0.9ms
[2020-09-29T10:10:16.552+0000][7792][gc,phases    ] GC(75)   Other: 1.0ms
[2020-09-29T10:10:16.552+0000][7792][gc,heap      ] GC(75) Eden regions: 61->0(505)
[2020-09-29T10:10:16.552+0000][7792][gc,heap      ] GC(75) Survivor regions: 5->4(64)
[2020-09-29T10:10:16.552+0000][7792][gc,heap      ] GC(75) Old regions: 74->74
[2020-09-29T10:10:16.552+0000][7792][gc,heap      ] GC(75) Archive regions: 0->0
[2020-09-29T10:10:16.552+0000][7792][gc,heap      ] GC(75) Humongous regions: 324->174
[2020-09-29T10:10:16.552+0000][7792][gc,metaspace ] GC(75) Metaspace: 84396K(90496K)->84396K(90496K) NonClass: 73452K(77056K)->73452K(77056K) Class: 10943K(13440K)->10943K(13440K)
[2020-09-29T10:10:16.553+0000][7792][gc           ] GC(75) Pause Young (Concurrent Start) (G1 Humongous Allocation) 461M->251M(1024M) 5.259ms
[2020-09-29T10:10:16.553+0000][7792][gc,cpu       ] GC(75) User=0.00s Sys=0.00s Real=0.01s
[2020-09-29T10:10:16.553+0000][7792][gc           ] GC(76) Concurrent Cycle
[2020-09-29T10:10:16.553+0000][7792][safepoint    ] Safepoint "G1TryInitiateConcMark", Time since last: 59814200 ns, Reaching safepoint: 160100 ns, At safepoint: 5469400 ns, Total: 5629500 ns
[2020-09-29T10:10:16.553+0000][7792][gc,marking   ] GC(76) Concurrent Clear Claimed Marks
[2020-09-29T10:10:16.553+0000][7792][gc,marking   ] GC(76) Concurrent Clear Claimed Marks 0.654ms
[2020-09-29T10:10:16.554+0000][7792][gc,marking   ] GC(76) Concurrent Scan Root Regions
[2020-09-29T10:10:16.556+0000][7792][gc,marking   ] GC(76) Concurrent Scan Root Regions 2.505ms
[2020-09-29T10:10:16.556+0000][7792][gc,marking   ] GC(76) Concurrent Mark (879.658s)
[2020-09-29T10:10:16.556+0000][7792][gc,marking   ] GC(76) Concurrent Mark From Roots
[2020-09-29T10:10:16.557+0000][7792][gc,task      ] GC(76) Using 2 workers of 2 for marking
[2020-09-29T10:10:16.715+0000][7792][gc,marking   ] GC(76) Concurrent Mark From Roots 158.959ms
[2020-09-29T10:10:16.715+0000][7792][gc,marking   ] GC(76) Concurrent Preclean
[2020-09-29T10:10:16.716+0000][7792][gc,marking   ] GC(76) Concurrent Preclean 0.617ms
[2020-09-29T10:10:16.716+0000][7792][gc,marking   ] GC(76) Concurrent Mark (879.658s, 879.818s) 159.803ms
[2020-09-29T10:10:16.716+0000][7792][gc,start     ] GC(76) Pause Remark
[2020-09-29T10:10:16.722+0000][7792][gc           ] GC(76) Pause Remark 382M->382M(1024M) 5.359ms
[2020-09-29T10:10:16.722+0000][7792][gc,cpu       ] GC(76) User=0.11s Sys=0.00s Real=0.01s
[2020-09-29T10:10:16.722+0000][7792][safepoint    ] Safepoint "G1Concurrent", Time since last: 163404000 ns, Reaching safepoint: 143800 ns, At safepoint: 5631500 ns, Total: 5775300 ns
[2020-09-29T10:10:16.722+0000][7792][gc,marking   ] GC(76) Concurrent Rebuild Remembered Sets
[2020-09-29T10:10:16.812+0000][7792][gc,marking   ] GC(76) Concurrent Rebuild Remembered Sets 89.972ms
[2020-09-29T10:10:16.812+0000][7792][gc,start     ] GC(76) Pause Cleanup
[2020-09-29T10:10:16.813+0000][7792][gc           ] GC(76) Pause Cleanup 452M->452M(1024M) 0.350ms
[2020-09-29T10:10:16.813+0000][7792][gc,cpu       ] GC(76) User=0.00s Sys=0.00s Real=0.00s
[2020-09-29T10:10:16.813+0000][7792][safepoint    ] Safepoint "G1Concurrent", Time since last: 90188900 ns, Reaching safepoint: 207000 ns, At safepoint: 532900 ns, Total: 739900 ns
[2020-09-29T10:10:16.813+0000][7792][gc,marking   ] GC(76) Concurrent Cleanup for Next Mark
[2020-09-29T10:10:16.815+0000][7792][gc,marking   ] GC(76) Concurrent Cleanup for Next Mark 1.829ms
[2020-09-29T10:10:16.815+0000][7792][gc           ] GC(76) Concurrent Cycle 262.168ms
[2020-09-29T10:10:16.855+0000][7792][gc,start     ] GC(77) Pause Young (Concurrent Start) (G1 Humongous Allocation)
[2020-09-29T10:10:16.855+0000][7792][gc,task      ] GC(77) Using 8 workers of 8 for evacuation
[2020-09-29T10:10:16.855+0000][7792][gc,age       ] GC(77) Desired survivor size 33554432 bytes, new threshold 15 (max threshold 15)
[2020-09-29T10:10:16.860+0000][7792][gc,age       ] GC(77) Age table with threshold 15 (max threshold 15)
[2020-09-29T10:10:16.860+0000][7792][gc,age       ] GC(77) - age   1:    3302464 bytes,    3302464 total
[2020-09-29T10:10:16.860+0000][7792][gc,age       ] GC(77) - age   2:     419136 bytes,    3721600 total
[2020-09-29T10:10:16.860+0000][7792][gc,age       ] GC(77) - age   3:     211488 bytes,    3933088 total
[2020-09-29T10:10:16.860+0000][7792][gc,age       ] GC(77) - age   4:     161592 bytes,    4094680 total
[2020-09-29T10:10:16.860+0000][7792][gc,age       ] GC(77) - age   5:       1368 bytes,    4096048 total
[2020-09-29T10:10:16.860+0000][7792][gc,age       ] GC(77) - age   6:       1768 bytes,    4097816 total
[2020-09-29T10:10:16.860+0000][7792][gc,age       ] GC(77) - age   7:        736 bytes,    4098552 total
[2020-09-29T10:10:16.861+0000][7792][gc,age       ] GC(77) - age   8:       1464 bytes,    4100016 total
[2020-09-29T10:10:16.861+0000][7792][gc,age       ] GC(77) - age   9:       1688 bytes,    4101704 total
[2020-09-29T10:10:16.861+0000][7792][gc,age       ] GC(77) - age  10:      26160 bytes,    4127864 total
[2020-09-29T10:10:16.861+0000][7792][gc,age       ] GC(77) - age  11:      27184 bytes,    4155048 total
[2020-09-29T10:10:16.861+0000][7792][gc,age       ] GC(77) - age  12:      29712 bytes,    4184760 total
[2020-09-29T10:10:16.861+0000][7792][gc,age       ] GC(77) - age  13:      28240 bytes,    4213000 total
[2020-09-29T10:10:16.861+0000][7792][gc,age       ] GC(77) - age  14:      38992 bytes,    4251992 total
[2020-09-29T10:10:16.861+0000][7792][gc,age       ] GC(77) - age  15:      18816 bytes,    4270808 total
[2020-09-29T10:10:16.861+0000][7792][gc,phases    ] GC(77)   Pre Evacuate Collection Set: 0.4ms
[2020-09-29T10:10:16.861+0000][7792][gc,phases    ] GC(77)   Merge Heap Roots: 0.1ms
[2020-09-29T10:10:16.861+0000][7792][gc,phases    ] GC(77)   Evacuate Collection Set: 3.4ms
[2020-09-29T10:10:16.861+0000][7792][gc,phases    ] GC(77)   Post Evacuate Collection Set: 1.2ms
[2020-09-29T10:10:16.861+0000][7792][gc,phases    ] GC(77)   Other: 1.1ms
[2020-09-29T10:10:16.861+0000][7792][gc,heap      ] GC(77) Eden regions: 60->0(505)
[2020-09-29T10:10:16.861+0000][7792][gc,heap      ] GC(77) Survivor regions: 4->5(64)
[2020-09-29T10:10:16.861+0000][7792][gc,heap      ] GC(77) Old regions: 74->74
[2020-09-29T10:10:16.861+0000][7792][gc,heap      ] GC(77) Archive regions: 0->0
[2020-09-29T10:10:16.861+0000][7792][gc,heap      ] GC(77) Humongous regions: 324->174
[2020-09-29T10:10:16.861+0000][7792][gc,metaspace ] GC(77) Metaspace: 84446K(90496K)->84446K(90496K) NonClass: 73503K(77056K)->73503K(77056K) Class: 10943K(13440K)->10943K(13440K)
[2020-09-29T10:10:16.861+0000][7792][gc           ] GC(77) Pause Young (Concurrent Start) (G1 Humongous Allocation) 461M->251M(1024M) 6.615ms
[2020-09-29T10:10:16.861+0000][7792][gc,cpu       ] GC(77) User=0.09s Sys=0.00s Real=0.01s
[2020-09-29T10:10:16.861+0000][7792][safepoint    ] Safepoint "G1TryInitiateConcMark", Time since last: 41675900 ns, Reaching safepoint: 236200 ns, At safepoint: 6827000 ns, Total: 7063200 ns
[2020-09-29T10:10:16.861+0000][7792][gc           ] GC(78) Concurrent Cycle
[2020-09-29T10:10:16.862+0000][7792][gc,marking   ] GC(78) Concurrent Clear Claimed Marks
[2020-09-29T10:10:16.862+0000][7792][gc,marking   ] GC(78) Concurrent Clear Claimed Marks 0.648ms
[2020-09-29T10:10:16.862+0000][7792][gc,marking   ] GC(78) Concurrent Scan Root Regions
[2020-09-29T10:10:16.866+0000][7792][gc,marking   ] GC(78) Concurrent Scan Root Regions 3.470ms
[2020-09-29T10:10:16.866+0000][7792][gc,marking   ] GC(78) Concurrent Mark (879.968s)
[2020-09-29T10:10:16.866+0000][7792][gc,marking   ] GC(78) Concurrent Mark From Roots
[2020-09-29T10:10:16.866+0000][7792][gc,task      ] GC(78) Using 2 workers of 2 for marking
[2020-09-29T10:10:17.037+0000][7792][gc,marking   ] GC(78) Concurrent Mark From Roots 171.336ms
[2020-09-29T10:10:17.037+0000][7792][gc,marking   ] GC(78) Concurrent Preclean
[2020-09-29T10:10:17.038+0000][7792][gc,marking   ] GC(78) Concurrent Preclean 0.433ms
[2020-09-29T10:10:17.038+0000][7792][gc,marking   ] GC(78) Concurrent Mark (879.968s, 880.140s) 171.949ms
[2020-09-29T10:10:17.038+0000][7792][gc,start     ] GC(78) Pause Remark
[2020-09-29T10:10:17.044+0000][7792][gc           ] GC(78) Pause Remark 385M->385M(1024M) 6.172ms
[2020-09-29T10:10:17.044+0000][7792][gc,cpu       ] GC(78) User=0.00s Sys=0.00s Real=0.01s
[2020-09-29T10:10:17.045+0000][7792][safepoint    ] Safepoint "G1Concurrent", Time since last: 176515400 ns, Reaching safepoint: 159300 ns, At safepoint: 6482600 ns, Total: 6641900 ns
[2020-09-29T10:10:17.045+0000][7792][gc,marking   ] GC(78) Concurrent Rebuild Remembered Sets
[2020-09-29T10:10:17.137+0000][7792][gc,marking   ] GC(78) Concurrent Rebuild Remembered Sets 92.302ms
[2020-09-29T10:10:17.137+0000][7792][gc,start     ] GC(78) Pause Cleanup
[2020-09-29T10:10:17.138+0000][7792][gc           ] GC(78) Pause Cleanup 457M->457M(1024M) 0.326ms
[2020-09-29T10:10:17.138+0000][7792][gc,cpu       ] GC(78) User=0.00s Sys=0.00s Real=0.00s
[2020-09-29T10:10:17.138+0000][7792][safepoint    ] Safepoint "G1Concurrent", Time since last: 92527300 ns, Reaching safepoint: 160000 ns, At safepoint: 498600 ns, Total: 658600 ns
[2020-09-29T10:10:17.138+0000][7792][gc,marking   ] GC(78) Concurrent Cleanup for Next Mark
[2020-09-29T10:10:17.140+0000][7792][gc,marking   ] GC(78) Concurrent Cleanup for Next Mark 1.816ms
[2020-09-29T10:10:17.140+0000][7792][gc           ] GC(78) Concurrent Cycle 278.366ms
[2020-09-29T10:10:17.151+0000][7792][gc,start     ] GC(79) Pause Young (Concurrent Start) (G1 Humongous Allocation)
[2020-09-29T10:10:17.151+0000][7792][gc,task      ] GC(79) Using 8 workers of 8 for evacuation
[2020-09-29T10:10:17.151+0000][7792][gc,age       ] GC(79) Desired survivor size 33554432 bytes, new threshold 15 (max threshold 15)
[2020-09-29T10:10:17.156+0000][7792][gc,age       ] GC(79) Age table with threshold 15 (max threshold 15)
[2020-09-29T10:10:17.156+0000][7792][gc,age       ] GC(79) - age   1:    3085424 bytes,    3085424 total
[2020-09-29T10:10:17.156+0000][7792][gc,age       ] GC(79) - age   2:     209096 bytes,    3294520 total
[2020-09-29T10:10:17.156+0000][7792][gc,age       ] GC(79) - age   3:     418472 bytes,    3712992 total
[2020-09-29T10:10:17.156+0000][7792][gc,age       ] GC(79) - age   4:     209688 bytes,    3922680 total
[2020-09-29T10:10:17.156+0000][7792][gc,age       ] GC(79) - age   5:     161592 bytes,    4084272 total
[2020-09-29T10:10:17.156+0000][7792][gc,age       ] GC(79) - age   6:       1112 bytes,    4085384 total
[2020-09-29T10:10:17.156+0000][7792][gc,age       ] GC(79) - age   7:       1704 bytes,    4087088 total
[2020-09-29T10:10:17.156+0000][7792][gc,age       ] GC(79) - age   8:        736 bytes,    4087824 total
[2020-09-29T10:10:17.156+0000][7792][gc,age       ] GC(79) - age   9:       1464 bytes,    4089288 total
[2020-09-29T10:10:17.156+0000][7792][gc,age       ] GC(79) - age  10:       1688 bytes,    4090976 total
[2020-09-29T10:10:17.156+0000][7792][gc,age       ] GC(79) - age  11:      26160 bytes,    4117136 total
[2020-09-29T10:10:17.156+0000][7792][gc,age       ] GC(79) - age  12:      27184 bytes,    4144320 total
[2020-09-29T10:10:17.156+0000][7792][gc,age       ] GC(79) - age  13:      29712 bytes,    4174032 total
[2020-09-29T10:10:17.156+0000][7792][gc,age       ] GC(79) - age  14:      28240 bytes,    4202272 total
[2020-09-29T10:10:17.156+0000][7792][gc,age       ] GC(79) - age  15:      38992 bytes,    4241264 total
[2020-09-29T10:10:17.156+0000][7792][gc,phases    ] GC(79)   Pre Evacuate Collection Set: 0.4ms
[2020-09-29T10:10:17.156+0000][7792][gc,phases    ] GC(79)   Merge Heap Roots: 0.1ms
[2020-09-29T10:10:17.156+0000][7792][gc,phases    ] GC(79)   Evacuate Collection Set: 2.9ms
[2020-09-29T10:10:17.156+0000][7792][gc,phases    ] GC(79)   Post Evacuate Collection Set: 0.8ms
[2020-09-29T10:10:17.156+0000][7792][gc,phases    ] GC(79)   Other: 0.9ms
[2020-09-29T10:10:17.156+0000][7792][gc,heap      ] GC(79) Eden regions: 61->0(505)
[2020-09-29T10:10:17.156+0000][7792][gc,heap      ] GC(79) Survivor regions: 5->5(64)
[2020-09-29T10:10:17.157+0000][7792][gc,heap      ] GC(79) Old regions: 74->74
[2020-09-29T10:10:17.157+0000][7792][gc,heap      ] GC(79) Archive regions: 0->0
[2020-09-29T10:10:17.157+0000][7792][gc,heap      ] GC(79) Humongous regions: 324->174
[2020-09-29T10:10:17.157+0000][7792][gc,metaspace ] GC(79) Metaspace: 84460K(90496K)->84460K(90496K) NonClass: 73516K(77056K)->73516K(77056K) Class: 10943K(13440K)->10943K(13440K)
[2020-09-29T10:10:17.157+0000][7792][gc           ] GC(79) Pause Young (Concurrent Start) (G1 Humongous Allocation) 462M->251M(1024M) 5.387ms
[2020-09-29T10:10:17.157+0000][7792][gc,cpu       ] GC(79) User=0.11s Sys=0.00s Real=0.01s
[2020-09-29T10:10:17.157+0000][7792][gc           ] GC(80) Concurrent Cycle
[2020-09-29T10:10:17.157+0000][7792][safepoint    ] Safepoint "G1TryInitiateConcMark", Time since last: 13327000 ns, Reaching safepoint: 143000 ns, At safepoint: 5555100 ns, Total: 5698100 ns
[2020-09-29T10:10:17.157+0000][7792][gc,marking   ] GC(80) Concurrent Clear Claimed Marks
[2020-09-29T10:10:17.157+0000][7792][gc,marking   ] GC(80) Concurrent Clear Claimed Marks 0.402ms
[2020-09-29T10:10:17.157+0000][7792][gc,marking   ] GC(80) Concurrent Scan Root Regions
[2020-09-29T10:10:17.160+0000][7792][gc,marking   ] GC(80) Concurrent Scan Root Regions 3.060ms
[2020-09-29T10:10:17.160+0000][7792][gc,marking   ] GC(80) Concurrent Mark (880.263s)
[2020-09-29T10:10:17.160+0000][7792][gc,marking   ] GC(80) Concurrent Mark From Roots
[2020-09-29T10:10:17.161+0000][7792][gc,task      ] GC(80) Using 2 workers of 2 for marking
[2020-09-29T10:10:17.292+0000][7792][gc,marking   ] GC(80) Concurrent Mark From Roots 130.633ms
[2020-09-29T10:10:17.292+0000][7792][gc,marking   ] GC(80) Concurrent Preclean
[2020-09-29T10:10:17.292+0000][7792][gc,marking   ] GC(80) Concurrent Preclean 0.406ms
[2020-09-29T10:10:17.292+0000][7792][gc,marking   ] GC(80) Concurrent Mark (880.263s, 880.394s) 131.179ms
[2020-09-29T10:10:17.292+0000][7792][gc,start     ] GC(80) Pause Remark
[2020-09-29T10:10:17.302+0000][7792][gc           ] GC(80) Pause Remark 392M->392M(1024M) 9.792ms
[2020-09-29T10:10:17.302+0000][7792][gc,cpu       ] GC(80) User=0.11s Sys=0.00s Real=0.01s
[2020-09-29T10:10:17.302+0000][7792][safepoint    ] Safepoint "G1Concurrent", Time since last: 134986800 ns, Reaching safepoint: 225700 ns, At safepoint: 10016800 ns, Total: 10242500 ns
[2020-09-29T10:10:17.303+0000][7792][gc,marking   ] GC(80) Concurrent Rebuild Remembered Sets
[2020-09-29T10:10:17.345+0000][7792][safepoint    ] Safepoint "ICBufferFull", Time since last: 41283400 ns, Reaching safepoint: 973600 ns, At safepoint: 62900 ns, Total: 1036500 ns
[2020-09-29T10:10:17.379+0000][7792][gc,marking   ] GC(80) Concurrent Rebuild Remembered Sets 76.964ms
[2020-09-29T10:10:17.379+0000][7792][gc,start     ] GC(80) Pause Cleanup
[2020-09-29T10:10:17.380+0000][7792][gc           ] GC(80) Pause Cleanup 516M->516M(1024M) 0.392ms
[2020-09-29T10:10:17.380+0000][7792][gc,cpu       ] GC(80) User=0.00s Sys=0.00s Real=0.00s
[2020-09-29T10:10:17.380+0000][7792][safepoint    ] Safepoint "G1Concurrent", Time since last: 34830000 ns, Reaching safepoint: 291200 ns, At safepoint: 600400 ns, Total: 891600 ns
[2020-09-29T10:10:17.380+0000][7792][gc,marking   ] GC(80) Concurrent Cleanup for Next Mark
[2020-09-29T10:10:17.382+0000][7792][gc,marking   ] GC(80) Concurrent Cleanup for Next Mark 1.623ms
[2020-09-29T10:10:17.382+0000][7792][gc           ] GC(80) Concurrent Cycle 225.146ms
[2020-09-29T10:10:17.424+0000][7792][gc,start     ] GC(81) Pause Young (Concurrent Start) (G1 Humongous Allocation)
[2020-09-29T10:10:17.424+0000][7792][gc,task      ] GC(81) Using 8 workers of 8 for evacuation
[2020-09-29T10:10:17.424+0000][7792][gc,age       ] GC(81) Desired survivor size 33554432 bytes, new threshold 15 (max threshold 15)
[2020-09-29T10:10:17.429+0000][7792][gc,age       ] GC(81) Age table with threshold 15 (max threshold 15)
[2020-09-29T10:10:17.429+0000][7792][gc,age       ] GC(81) - age   1:    3097176 bytes,    3097176 total
[2020-09-29T10:10:17.429+0000][7792][gc,age       ] GC(81) - age   2:     413008 bytes,    3510184 total
[2020-09-29T10:10:17.429+0000][7792][gc,age       ] GC(81) - age   3:     204912 bytes,    3715096 total
[2020-09-29T10:10:17.429+0000][7792][gc,age       ] GC(81) - age   4:     417832 bytes,    4132928 total
[2020-09-29T10:10:17.429+0000][7792][gc,age       ] GC(81) - age   5:     205792 bytes,    4338720 total
[2020-09-29T10:10:17.430+0000][7792][gc,age       ] GC(81) - age   6:     161304 bytes,    4500024 total
[2020-09-29T10:10:17.430+0000][7792][gc,age       ] GC(81) - age   7:        888 bytes,    4500912 total
[2020-09-29T10:10:17.430+0000][7792][gc,age       ] GC(81) - age   8:       1704 bytes,    4502616 total
[2020-09-29T10:10:17.430+0000][7792][gc,age       ] GC(81) - age   9:        736 bytes,    4503352 total
[2020-09-29T10:10:17.430+0000][7792][gc,age       ] GC(81) - age  10:       1400 bytes,    4504752 total
[2020-09-29T10:10:17.430+0000][7792][gc,age       ] GC(81) - age  11:       1688 bytes,    4506440 total
[2020-09-29T10:10:17.430+0000][7792][gc,age       ] GC(81) - age  12:      26160 bytes,    4532600 total
[2020-09-29T10:10:17.430+0000][7792][gc,age       ] GC(81) - age  13:      27184 bytes,    4559784 total
[2020-09-29T10:10:17.430+0000][7792][gc,age       ] GC(81) - age  14:      29712 bytes,    4589496 total
[2020-09-29T10:10:17.430+0000][7792][gc,age       ] GC(81) - age  15:      28240 bytes,    4617736 total
[2020-09-29T10:10:17.430+0000][7792][gc,phases    ] GC(81)   Pre Evacuate Collection Set: 0.4ms
[2020-09-29T10:10:17.430+0000][7792][gc,phases    ] GC(81)   Merge Heap Roots: 0.1ms
[2020-09-29T10:10:17.430+0000][7792][gc,phases    ] GC(81)   Evacuate Collection Set: 3.1ms
[2020-09-29T10:10:17.430+0000][7792][gc,phases    ] GC(81)   Post Evacuate Collection Set: 1.0ms
[2020-09-29T10:10:17.430+0000][7792][gc,phases    ] GC(81)   Other: 1.3ms
[2020-09-29T10:10:17.430+0000][7792][gc,heap      ] GC(81) Eden regions: 80->0(505)
[2020-09-29T10:10:17.430+0000][7792][gc,heap      ] GC(81) Survivor regions: 5->5(64)
[2020-09-29T10:10:17.430+0000][7792][gc,heap      ] GC(81) Old regions: 74->74
[2020-09-29T10:10:17.431+0000][7792][gc,heap      ] GC(81) Archive regions: 0->0
[2020-09-29T10:10:17.431+0000][7792][gc,heap      ] GC(81) Humongous regions: 374->174
[2020-09-29T10:10:17.431+0000][7792][gc,metaspace ] GC(81) Metaspace: 84502K(90752K)->84502K(90752K) NonClass: 73560K(77312K)->73560K(77312K) Class: 10942K(13440K)->10942K(13440K)
[2020-09-29T10:10:17.431+0000][7792][gc           ] GC(81) Pause Young (Concurrent Start) (G1 Humongous Allocation) 531M->252M(1024M) 6.555ms
[2020-09-29T10:10:17.431+0000][7792][gc,cpu       ] GC(81) User=0.00s Sys=0.00s Real=0.01s
[2020-09-29T10:10:17.431+0000][7792][safepoint    ] Safepoint "G1TryInitiateConcMark", Time since last: 43990100 ns, Reaching safepoint: 133500 ns, At safepoint: 6759100 ns, Total: 6892600 ns
[2020-09-29T10:10:17.431+0000][7792][gc           ] GC(82) Concurrent Cycle
[2020-09-29T10:10:17.431+0000][7792][gc,marking   ] GC(82) Concurrent Clear Claimed Marks
[2020-09-29T10:10:17.432+0000][7792][gc,marking   ] GC(82) Concurrent Clear Claimed Marks 0.574ms
[2020-09-29T10:10:17.432+0000][7792][gc,marking   ] GC(82) Concurrent Scan Root Regions
[2020-09-29T10:10:17.435+0000][7792][gc,marking   ] GC(82) Concurrent Scan Root Regions 3.265ms
[2020-09-29T10:10:17.435+0000][7792][gc,marking   ] GC(82) Concurrent Mark (880.537s)
[2020-09-29T10:10:17.435+0000][7792][gc,marking   ] GC(82) Concurrent Mark From Roots
[2020-09-29T10:10:17.435+0000][7792][gc,task      ] GC(82) Using 2 workers of 2 for marking
[2020-09-29T10:10:17.609+0000][7792][gc,marking   ] GC(82) Concurrent Mark From Roots 173.638ms
[2020-09-29T10:10:17.609+0000][7792][gc,marking   ] GC(82) Concurrent Preclean
[2020-09-29T10:10:17.609+0000][7792][gc,marking   ] GC(82) Concurrent Preclean 0.621ms
[2020-09-29T10:10:17.610+0000][7792][gc,marking   ] GC(82) Concurrent Mark (880.537s, 880.712s) 174.535ms
[2020-09-29T10:10:17.610+0000][7792][gc,start     ] GC(82) Pause Remark
[2020-09-29T10:10:17.616+0000][7792][gc           ] GC(82) Pause Remark 384M->384M(1024M) 5.654ms
[2020-09-29T10:10:17.616+0000][7792][gc,cpu       ] GC(82) User=0.00s Sys=0.00s Real=0.01s
[2020-09-29T10:10:17.617+0000][7792][safepoint    ] Safepoint "G1Concurrent", Time since last: 178808100 ns, Reaching safepoint: 188700 ns, At safepoint: 6781200 ns, Total: 6969900 ns
[2020-09-29T10:10:17.617+0000][7792][gc,marking   ] GC(82) Concurrent Rebuild Remembered Sets
[2020-09-29T10:10:17.710+0000][7792][gc,marking   ] GC(82) Concurrent Rebuild Remembered Sets 93.541ms
[2020-09-29T10:10:17.711+0000][7792][gc,start     ] GC(82) Pause Cleanup
[2020-09-29T10:10:17.711+0000][7792][gc           ] GC(82) Pause Cleanup 447M->447M(1024M) 0.387ms
[2020-09-29T10:10:17.711+0000][7792][gc,cpu       ] GC(82) User=0.00s Sys=0.00s Real=0.00s
[2020-09-29T10:10:17.711+0000][7792][safepoint    ] Safepoint "G1Concurrent", Time since last: 93799100 ns, Reaching safepoint: 179600 ns, At safepoint: 626600 ns, Total: 806200 ns
[2020-09-29T10:10:17.711+0000][7792][gc,marking   ] GC(82) Concurrent Cleanup for Next Mark
[2020-09-29T10:10:17.713+0000][7792][gc,marking   ] GC(82) Concurrent Cleanup for Next Mark 2.116ms
[2020-09-29T10:10:17.714+0000][7792][gc           ] GC(82) Concurrent Cycle 282.736ms
[2020-09-29T10:10:17.782+0000][7792][gc,start     ] GC(83) Pause Young (Concurrent Start) (G1 Humongous Allocation)
[2020-09-29T10:10:17.782+0000][7792][gc,task      ] GC(83) Using 8 workers of 8 for evacuation
[2020-09-29T10:10:17.783+0000][7792][gc,age       ] GC(83) Desired survivor size 33554432 bytes, new threshold 15 (max threshold 15)
[2020-09-29T10:10:17.788+0000][7792][gc,age       ] GC(83) Age table with threshold 15 (max threshold 15)
[2020-09-29T10:10:17.788+0000][7792][gc,age       ] GC(83) - age   1:    3314096 bytes,    3314096 total
[2020-09-29T10:10:17.788+0000][7792][gc,age       ] GC(83) - age   2:     411776 bytes,    3725872 total
[2020-09-29T10:10:17.789+0000][7792][gc,age       ] GC(83) - age   3:     406536 bytes,    4132408 total
[2020-09-29T10:10:17.789+0000][7792][gc,age       ] GC(83) - age   4:     204456 bytes,    4336864 total
[2020-09-29T10:10:17.789+0000][7792][gc,age       ] GC(83) - age   5:     417832 bytes,    4754696 total
[2020-09-29T10:10:17.789+0000][7792][gc,age       ] GC(83) - age   6:     205248 bytes,    4959944 total
[2020-09-29T10:10:17.789+0000][7792][gc,age       ] GC(83) - age   7:     161160 bytes,    5121104 total
[2020-09-29T10:10:17.789+0000][7792][gc,age       ] GC(83) - age   8:        888 bytes,    5121992 total
[2020-09-29T10:10:17.789+0000][7792][gc,age       ] GC(83) - age   9:       1704 bytes,    5123696 total
[2020-09-29T10:10:17.789+0000][7792][gc,age       ] GC(83) - age  10:        736 bytes,    5124432 total
[2020-09-29T10:10:17.789+0000][7792][gc,age       ] GC(83) - age  11:       1400 bytes,    5125832 total
[2020-09-29T10:10:17.789+0000][7792][gc,age       ] GC(83) - age  12:       1688 bytes,    5127520 total
[2020-09-29T10:10:17.789+0000][7792][gc,age       ] GC(83) - age  13:      26160 bytes,    5153680 total
[2020-09-29T10:10:17.789+0000][7792][gc,age       ] GC(83) - age  14:      27184 bytes,    5180864 total
[2020-09-29T10:10:17.789+0000][7792][gc,age       ] GC(83) - age  15:      29712 bytes,    5210576 total
[2020-09-29T10:10:17.789+0000][7792][gc,phases    ] GC(83)   Pre Evacuate Collection Set: 0.5ms
[2020-09-29T10:10:17.789+0000][7792][gc,phases    ] GC(83)   Merge Heap Roots: 0.1ms
[2020-09-29T10:10:17.789+0000][7792][gc,phases    ] GC(83)   Evacuate Collection Set: 3.9ms
[2020-09-29T10:10:17.789+0000][7792][gc,phases    ] GC(83)   Post Evacuate Collection Set: 1.1ms
[2020-09-29T10:10:17.789+0000][7792][gc,phases    ] GC(83)   Other: 1.2ms
[2020-09-29T10:10:17.789+0000][7792][gc,heap      ] GC(83) Eden regions: 61->0(505)
[2020-09-29T10:10:17.789+0000][7792][gc,heap      ] GC(83) Survivor regions: 5->6(64)
[2020-09-29T10:10:17.789+0000][7792][gc,heap      ] GC(83) Old regions: 74->74
[2020-09-29T10:10:17.789+0000][7792][gc,heap      ] GC(83) Archive regions: 0->0
[2020-09-29T10:10:17.789+0000][7792][gc,heap      ] GC(83) Humongous regions: 324->174
[2020-09-29T10:10:17.790+0000][7792][gc,metaspace ] GC(83) Metaspace: 84516K(90752K)->84516K(90752K) NonClass: 73573K(77312K)->73573K(77312K) Class: 10943K(13440K)->10943K(13440K)
[2020-09-29T10:10:17.790+0000][7792][gc           ] GC(83) Pause Young (Concurrent Start) (G1 Humongous Allocation) 463M->252M(1024M) 7.218ms
[2020-09-29T10:10:17.790+0000][7792][gc,cpu       ] GC(83) User=0.00s Sys=0.00s Real=0.01s
[2020-09-29T10:10:17.790+0000][7792][gc           ] GC(84) Concurrent Cycle
[2020-09-29T10:10:17.790+0000][7792][safepoint    ] Safepoint "G1TryInitiateConcMark", Time since last: 70861900 ns, Reaching safepoint: 173700 ns, At safepoint: 7446900 ns, Total: 7620600 ns
[2020-09-29T10:10:17.790+0000][7792][gc,marking   ] GC(84) Concurrent Clear Claimed Marks
[2020-09-29T10:10:17.790+0000][7792][gc,marking   ] GC(84) Concurrent Clear Claimed Marks 0.441ms
[2020-09-29T10:10:17.790+0000][7792][gc,marking   ] GC(84) Concurrent Scan Root Regions
[2020-09-29T10:10:17.794+0000][7792][gc,marking   ] GC(84) Concurrent Scan Root Regions 3.946ms
[2020-09-29T10:10:17.794+0000][7792][gc,marking   ] GC(84) Concurrent Mark (880.897s)
[2020-09-29T10:10:17.795+0000][7792][gc,marking   ] GC(84) Concurrent Mark From Roots
[2020-09-29T10:10:17.795+0000][7792][gc,task      ] GC(84) Using 2 workers of 2 for marking
[2020-09-29T10:10:17.959+0000][7792][gc,marking   ] GC(84) Concurrent Mark From Roots 164.943ms
[2020-09-29T10:10:17.960+0000][7792][gc,marking   ] GC(84) Concurrent Preclean
[2020-09-29T10:10:17.960+0000][7792][gc,marking   ] GC(84) Concurrent Preclean 0.670ms
[2020-09-29T10:10:17.960+0000][7792][gc,marking   ] GC(84) Concurrent Mark (880.897s, 881.063s) 165.911ms
[2020-09-29T10:10:17.961+0000][7792][gc,start     ] GC(84) Pause Remark
[2020-09-29T10:10:17.966+0000][7792][gc           ] GC(84) Pause Remark 322M->322M(1024M) 5.297ms
[2020-09-29T10:10:17.966+0000][7792][gc,cpu       ] GC(84) User=0.00s Sys=0.00s Real=0.01s
[2020-09-29T10:10:17.966+0000][7792][safepoint    ] Safepoint "G1Concurrent", Time since last: 170717000 ns, Reaching safepoint: 272900 ns, At safepoint: 5574200 ns, Total: 5847100 ns
[2020-09-29T10:10:17.966+0000][7792][gc,marking   ] GC(84) Concurrent Rebuild Remembered Sets
[2020-09-29T10:10:18.052+0000][7792][gc,marking   ] GC(84) Concurrent Rebuild Remembered Sets 84.909ms
[2020-09-29T10:10:18.052+0000][7792][gc,start     ] GC(84) Pause Cleanup
[2020-09-29T10:10:18.052+0000][7792][gc           ] GC(84) Pause Cleanup 322M->322M(1024M) 0.400ms
[2020-09-29T10:10:18.052+0000][7792][gc,cpu       ] GC(84) User=0.00s Sys=0.00s Real=0.00s
[2020-09-29T10:10:18.053+0000][7792][safepoint    ] Safepoint "G1Concurrent", Time since last: 85118600 ns, Reaching safepoint: 142700 ns, At safepoint: 605600 ns, Total: 748300 ns
[2020-09-29T10:10:18.053+0000][7792][gc,marking   ] GC(84) Concurrent Cleanup for Next Mark
[2020-09-29T10:10:18.054+0000][7792][gc,marking   ] GC(84) Concurrent Cleanup for Next Mark 1.575ms
[2020-09-29T10:10:18.054+0000][7792][gc           ] GC(84) Concurrent Cycle 264.223ms
[2020-09-29T10:10:18.110+0000][7792][safepoint    ] Safepoint "BulkRevokeBias", Time since last: 55021800 ns, Reaching safepoint: 262200 ns, At safepoint: 2120900 ns, Total: 2383100 ns
[2020-09-29T10:10:18.322+0000][7792][safepoint    ] Safepoint "BulkRevokeBias", Time since last: 208616800 ns, Reaching safepoint: 352300 ns, At safepoint: 2945600 ns, Total: 3297900 ns
[2020-09-29T10:10:19.338+0000][7792][safepoint    ] Safepoint "Cleanup", Time since last: 1015895700 ns, Reaching safepoint: 260400 ns, At safepoint: 11900 ns, Total: 272300 ns
[2020-09-29T10:10:20.886+0000][7792][safepoint    ] Safepoint "Cleanup", Time since last: 1547655200 ns, Reaching safepoint: 174700 ns, At safepoint: 776200 ns, Total: 950900 ns
[2020-09-29T10:10:20.930+0000][7792][gc,start     ] GC(85) Pause Young (Concurrent Start) (G1 Humongous Allocation)
[2020-09-29T10:10:20.930+0000][7792][gc,task      ] GC(85) Using 8 workers of 8 for evacuation
[2020-09-29T10:10:20.930+0000][7792][gc,age       ] GC(85) Desired survivor size 33554432 bytes, new threshold 15 (max threshold 15)
[2020-09-29T10:10:20.936+0000][7792][gc,age       ] GC(85) Age table with threshold 15 (max threshold 15)
[2020-09-29T10:10:20.936+0000][7792][gc,age       ] GC(85) - age   1:   14409416 bytes,   14409416 total
[2020-09-29T10:10:20.936+0000][7792][gc,age       ] GC(85) - age   2:       2696 bytes,   14412112 total
[2020-09-29T10:10:20.936+0000][7792][gc,age       ] GC(85) - age   3:       2312 bytes,   14414424 total
[2020-09-29T10:10:20.936+0000][7792][gc,age       ] GC(85) - age   4:       1816 bytes,   14416240 total
[2020-09-29T10:10:20.936+0000][7792][gc,age       ] GC(85) - age   5:       2568 bytes,   14418808 total
[2020-09-29T10:10:20.936+0000][7792][gc,age       ] GC(85) - age   6:      12176 bytes,   14430984 total
[2020-09-29T10:10:20.936+0000][7792][gc,age       ] GC(85) - age   7:       2208 bytes,   14433192 total
[2020-09-29T10:10:20.936+0000][7792][gc,age       ] GC(85) - age   8:     109816 bytes,   14543008 total
[2020-09-29T10:10:20.936+0000][7792][gc,age       ] GC(85) - age   9:        888 bytes,   14543896 total
[2020-09-29T10:10:20.936+0000][7792][gc,age       ] GC(85) - age  10:       1608 bytes,   14545504 total
[2020-09-29T10:10:20.936+0000][7792][gc,age       ] GC(85) - age  11:        736 bytes,   14546240 total
[2020-09-29T10:10:20.936+0000][7792][gc,age       ] GC(85) - age  12:       1368 bytes,   14547608 total
[2020-09-29T10:10:20.936+0000][7792][gc,age       ] GC(85) - age  13:       1688 bytes,   14549296 total
[2020-09-29T10:10:20.936+0000][7792][gc,age       ] GC(85) - age  14:      25824 bytes,   14575120 total
[2020-09-29T10:10:20.936+0000][7792][gc,age       ] GC(85) - age  15:      27184 bytes,   14602304 total
[2020-09-29T10:10:20.937+0000][7792][gc,phases    ] GC(85)   Pre Evacuate Collection Set: 0.7ms
[2020-09-29T10:10:20.937+0000][7792][gc,phases    ] GC(85)   Merge Heap Roots: 0.1ms
[2020-09-29T10:10:20.937+0000][7792][gc,phases    ] GC(85)   Evacuate Collection Set: 4.3ms
[2020-09-29T10:10:20.937+0000][7792][gc,phases    ] GC(85)   Post Evacuate Collection Set: 1.0ms
[2020-09-29T10:10:20.937+0000][7792][gc,phases    ] GC(85)   Other: 1.0ms
[2020-09-29T10:10:20.937+0000][7792][gc,heap      ] GC(85) Eden regions: 58->0(484)
[2020-09-29T10:10:20.937+0000][7792][gc,heap      ] GC(85) Survivor regions: 6->15(64)
[2020-09-29T10:10:20.937+0000][7792][gc,heap      ] GC(85) Old regions: 74->74
[2020-09-29T10:10:20.937+0000][7792][gc,heap      ] GC(85) Archive regions: 0->0
[2020-09-29T10:10:20.937+0000][7792][gc,heap      ] GC(85) Humongous regions: 233->174
[2020-09-29T10:10:20.937+0000][7792][gc,metaspace ] GC(85) Metaspace: 85487K(91392K)->85487K(91392K) NonClass: 74373K(77824K)->74373K(77824K) Class: 11114K(13568K)->11114K(13568K)
[2020-09-29T10:10:20.937+0000][7792][gc           ] GC(85) Pause Young (Concurrent Start) (G1 Humongous Allocation) 369M->262M(1024M) 7.361ms
[2020-09-29T10:10:20.937+0000][7792][gc,cpu       ] GC(85) User=0.03s Sys=0.00s Real=0.01s
[2020-09-29T10:10:20.937+0000][7792][gc           ] GC(86) Concurrent Cycle
[2020-09-29T10:10:20.937+0000][7792][gc,marking   ] GC(86) Concurrent Clear Claimed Marks
[2020-09-29T10:10:20.937+0000][7792][safepoint    ] Safepoint "G1TryInitiateConcMark", Time since last: 43183900 ns, Reaching safepoint: 260000 ns, At safepoint: 7840500 ns, Total: 8100500 ns
[2020-09-29T10:10:20.937+0000][7792][gc,marking   ] GC(86) Concurrent Clear Claimed Marks 0.354ms
[2020-09-29T10:10:20.938+0000][7792][gc,marking   ] GC(86) Concurrent Scan Root Regions
[2020-09-29T10:10:20.941+0000][7792][gc,marking   ] GC(86) Concurrent Scan Root Regions 3.539ms
[2020-09-29T10:10:20.941+0000][7792][gc,marking   ] GC(86) Concurrent Mark (884.044s)
[2020-09-29T10:10:20.941+0000][7792][gc,marking   ] GC(86) Concurrent Mark From Roots
[2020-09-29T10:10:20.941+0000][7792][gc,task      ] GC(86) Using 2 workers of 2 for marking
[2020-09-29T10:10:21.085+0000][7792][gc,marking   ] GC(86) Concurrent Mark From Roots 144.107ms
[2020-09-29T10:10:21.085+0000][7792][gc,marking   ] GC(86) Concurrent Preclean
[2020-09-29T10:10:21.086+0000][7792][gc,marking   ] GC(86) Concurrent Preclean 0.501ms
[2020-09-29T10:10:21.086+0000][7792][gc,marking   ] GC(86) Concurrent Mark (884.044s, 884.189s) 144.766ms
[2020-09-29T10:10:21.086+0000][7792][gc,start     ] GC(86) Pause Remark
[2020-09-29T10:10:21.092+0000][7792][gc           ] GC(86) Pause Remark 576M->576M(1024M) 6.159ms
[2020-09-29T10:10:21.093+0000][7792][gc,cpu       ] GC(86) User=0.02s Sys=0.00s Real=0.01s
[2020-09-29T10:10:21.093+0000][7792][safepoint    ] Safepoint "G1Concurrent", Time since last: 148709100 ns, Reaching safepoint: 195400 ns, At safepoint: 6468600 ns, Total: 6664000 ns
[2020-09-29T10:10:21.093+0000][7792][gc,marking   ] GC(86) Concurrent Rebuild Remembered Sets
[2020-09-29T10:10:21.186+0000][7792][gc,marking   ] GC(86) Concurrent Rebuild Remembered Sets 92.824ms
[2020-09-29T10:10:21.187+0000][7792][gc,start     ] GC(86) Pause Cleanup
[2020-09-29T10:10:21.187+0000][7792][gc           ] GC(86) Pause Cleanup 585M->585M(1024M) 0.426ms
[2020-09-29T10:10:21.187+0000][7792][gc,cpu       ] GC(86) User=0.00s Sys=0.00s Real=0.00s
[2020-09-29T10:10:21.188+0000][7792][safepoint    ] Safepoint "G1Concurrent", Time since last: 93000100 ns, Reaching safepoint: 637000 ns, At safepoint: 1478200 ns, Total: 2115200 ns
[2020-09-29T10:10:21.188+0000][7792][gc,marking   ] GC(86) Concurrent Cleanup for Next Mark
[2020-09-29T10:10:21.190+0000][7792][gc,marking   ] GC(86) Concurrent Cleanup for Next Mark 1.744ms
[2020-09-29T10:10:21.190+0000][7792][gc           ] GC(86) Concurrent Cycle 252.791ms
[2020-09-29T10:10:21.204+0000][7792][gc,start     ] GC(87) Pause Young (Concurrent Start) (G1 Humongous Allocation)
[2020-09-29T10:10:21.204+0000][7792][gc,task      ] GC(87) Using 8 workers of 8 for evacuation
[2020-09-29T10:10:21.204+0000][7792][gc,age       ] GC(87) Desired survivor size 33030144 bytes, new threshold 15 (max threshold 15)
[2020-09-29T10:10:21.209+0000][7792][gc,age       ] GC(87) Age table with threshold 15 (max threshold 15)
[2020-09-29T10:10:21.209+0000][7792][gc,age       ] GC(87) - age   1:    2708592 bytes,    2708592 total
[2020-09-29T10:10:21.209+0000][7792][gc,age       ] GC(87) - age   2:     824288 bytes,    3532880 total
[2020-09-29T10:10:21.209+0000][7792][gc,age       ] GC(87) - age   3:       2016 bytes,    3534896 total
[2020-09-29T10:10:21.209+0000][7792][gc,age       ] GC(87) - age   4:       2248 bytes,    3537144 total
[2020-09-29T10:10:21.209+0000][7792][gc,age       ] GC(87) - age   5:       1816 bytes,    3538960 total
[2020-09-29T10:10:21.209+0000][7792][gc,age       ] GC(87) - age   6:       2568 bytes,    3541528 total
[2020-09-29T10:10:21.209+0000][7792][gc,age       ] GC(87) - age   7:      12176 bytes,    3553704 total
[2020-09-29T10:10:21.209+0000][7792][gc,age       ] GC(87) - age   8:       2208 bytes,    3555912 total
[2020-09-29T10:10:21.209+0000][7792][gc,age       ] GC(87) - age   9:     107224 bytes,    3663136 total
[2020-09-29T10:10:21.209+0000][7792][gc,age       ] GC(87) - age  10:        856 bytes,    3663992 total
[2020-09-29T10:10:21.209+0000][7792][gc,age       ] GC(87) - age  11:       1544 bytes,    3665536 total
[2020-09-29T10:10:21.209+0000][7792][gc,age       ] GC(87) - age  12:        736 bytes,    3666272 total
[2020-09-29T10:10:21.209+0000][7792][gc,age       ] GC(87) - age  13:       1368 bytes,    3667640 total
[2020-09-29T10:10:21.209+0000][7792][gc,age       ] GC(87) - age  14:       1624 bytes,    3669264 total
[2020-09-29T10:10:21.209+0000][7792][gc,age       ] GC(87) - age  15:      25792 bytes,    3695056 total
[2020-09-29T10:10:21.210+0000][7792][gc,phases    ] GC(87)   Pre Evacuate Collection Set: 0.5ms
[2020-09-29T10:10:21.210+0000][7792][gc,phases    ] GC(87)   Merge Heap Roots: 0.1ms
[2020-09-29T10:10:21.210+0000][7792][gc,phases    ] GC(87)   Evacuate Collection Set: 2.7ms
[2020-09-29T10:10:21.210+0000][7792][gc,phases    ] GC(87)   Post Evacuate Collection Set: 1.0ms
[2020-09-29T10:10:21.210+0000][7792][gc,phases    ] GC(87)   Other: 1.2ms
[2020-09-29T10:10:21.210+0000][7792][gc,heap      ] GC(87) Eden regions: 81->0(497)
[2020-09-29T10:10:21.210+0000][7792][gc,heap      ] GC(87) Survivor regions: 15->5(63)
[2020-09-29T10:10:21.210+0000][7792][gc,heap      ] GC(87) Old regions: 74->74
[2020-09-29T10:10:21.210+0000][7792][gc,heap      ] GC(87) Archive regions: 0->0
[2020-09-29T10:10:21.210+0000][7792][gc,heap      ] GC(87) Humongous regions: 421->174
[2020-09-29T10:10:21.210+0000][7792][gc,metaspace ] GC(87) Metaspace: 85563K(91648K)->85563K(91648K) NonClass: 74448K(78080K)->74448K(78080K) Class: 11114K(13568K)->11114K(13568K)
[2020-09-29T10:10:21.210+0000][7792][gc           ] GC(87) Pause Young (Concurrent Start) (G1 Humongous Allocation) 590M->252M(1024M) 6.043ms
[2020-09-29T10:10:21.210+0000][7792][gc,cpu       ] GC(87) User=0.00s Sys=0.00s Real=0.01s
[2020-09-29T10:10:21.210+0000][7792][gc           ] GC(88) Concurrent Cycle
[2020-09-29T10:10:21.210+0000][7792][safepoint    ] Safepoint "G1TryInitiateConcMark", Time since last: 15654400 ns, Reaching safepoint: 160400 ns, At safepoint: 6303200 ns, Total: 6463600 ns
[2020-09-29T10:10:21.210+0000][7792][gc,marking   ] GC(88) Concurrent Clear Claimed Marks
[2020-09-29T10:10:21.211+0000][7792][gc,marking   ] GC(88) Concurrent Clear Claimed Marks 0.423ms
[2020-09-29T10:10:21.211+0000][7792][gc,marking   ] GC(88) Concurrent Scan Root Regions
[2020-09-29T10:10:21.213+0000][7792][gc,marking   ] GC(88) Concurrent Scan Root Regions 2.143ms
[2020-09-29T10:10:21.213+0000][7792][gc,marking   ] GC(88) Concurrent Mark (884.315s)
[2020-09-29T10:10:21.213+0000][7792][gc,marking   ] GC(88) Concurrent Mark From Roots
[2020-09-29T10:10:21.213+0000][7792][gc,task      ] GC(88) Using 2 workers of 2 for marking
[2020-09-29T10:10:21.374+0000][7792][gc,marking   ] GC(88) Concurrent Mark From Roots 160.503ms
[2020-09-29T10:10:21.374+0000][7792][gc,marking   ] GC(88) Concurrent Preclean
[2020-09-29T10:10:21.374+0000][7792][gc,marking   ] GC(88) Concurrent Preclean 0.763ms
[2020-09-29T10:10:21.375+0000][7792][gc,marking   ] GC(88) Concurrent Mark (884.315s, 884.477s) 161.530ms
[2020-09-29T10:10:21.376+0000][7792][gc,start     ] GC(88) Pause Remark
[2020-09-29T10:10:21.382+0000][7792][gc           ] GC(88) Pause Remark 387M->387M(1024M) 6.543ms
[2020-09-29T10:10:21.382+0000][7792][gc,cpu       ] GC(88) User=0.00s Sys=0.00s Real=0.01s
[2020-09-29T10:10:21.384+0000][7792][safepoint    ] Safepoint "G1Concurrent", Time since last: 164499300 ns, Reaching safepoint: 1019100 ns, At safepoint: 7979700 ns, Total: 8998800 ns
[2020-09-29T10:10:21.384+0000][7792][gc,marking   ] GC(88) Concurrent Rebuild Remembered Sets
[2020-09-29T10:10:21.479+0000][7792][gc,marking   ] GC(88) Concurrent Rebuild Remembered Sets 95.049ms
[2020-09-29T10:10:21.480+0000][7792][gc,start     ] GC(88) Pause Cleanup
[2020-09-29T10:10:21.480+0000][7792][gc           ] GC(88) Pause Cleanup 387M->387M(1024M) 0.412ms
[2020-09-29T10:10:21.480+0000][7792][gc,cpu       ] GC(88) User=0.00s Sys=0.00s Real=0.00s
[2020-09-29T10:10:21.480+0000][7792][safepoint    ] Safepoint "G1Concurrent", Time since last: 95298700 ns, Reaching safepoint: 228800 ns, At safepoint: 589500 ns, Total: 818300 ns
[2020-09-29T10:10:21.480+0000][7792][gc,marking   ] GC(88) Concurrent Cleanup for Next Mark
[2020-09-29T10:10:21.482+0000][7792][gc,marking   ] GC(88) Concurrent Cleanup for Next Mark 1.828ms
[2020-09-29T10:10:21.482+0000][7792][gc           ] GC(88) Concurrent Cycle 271.643ms
[2020-09-29T10:10:21.790+0000][7792][gc,start     ] GC(89) Pause Young (Concurrent Start) (G1 Humongous Allocation)
[2020-09-29T10:10:21.790+0000][7792][gc,task      ] GC(89) Using 8 workers of 8 for evacuation
[2020-09-29T10:10:21.790+0000][7792][gc,age       ] GC(89) Desired survivor size 33030144 bytes, new threshold 15 (max threshold 15)
[2020-09-29T10:10:21.794+0000][7792][gc,age       ] GC(89) Age table with threshold 15 (max threshold 15)
[2020-09-29T10:10:21.794+0000][7792][gc,age       ] GC(89) - age   1:    2678544 bytes,    2678544 total
[2020-09-29T10:10:21.794+0000][7792][gc,age       ] GC(89) - age   2:      33088 bytes,    2711632 total
[2020-09-29T10:10:21.794+0000][7792][gc,age       ] GC(89) - age   3:     821488 bytes,    3533120 total
[2020-09-29T10:10:21.794+0000][7792][gc,age       ] GC(89) - age   4:       1792 bytes,    3534912 total
[2020-09-29T10:10:21.794+0000][7792][gc,age       ] GC(89) - age   5:       2248 bytes,    3537160 total
[2020-09-29T10:10:21.794+0000][7792][gc,age       ] GC(89) - age   6:       1752 bytes,    3538912 total
[2020-09-29T10:10:21.794+0000][7792][gc,age       ] GC(89) - age   7:       2568 bytes,    3541480 total
[2020-09-29T10:10:21.794+0000][7792][gc,age       ] GC(89) - age   8:      12144 bytes,    3553624 total
[2020-09-29T10:10:21.795+0000][7792][gc,age       ] GC(89) - age   9:       2176 bytes,    3555800 total
[2020-09-29T10:10:21.795+0000][7792][gc,age       ] GC(89) - age  10:     107224 bytes,    3663024 total
[2020-09-29T10:10:21.795+0000][7792][gc,age       ] GC(89) - age  11:        824 bytes,    3663848 total
[2020-09-29T10:10:21.795+0000][7792][gc,age       ] GC(89) - age  12:       1544 bytes,    3665392 total
[2020-09-29T10:10:21.795+0000][7792][gc,age       ] GC(89) - age  13:        736 bytes,    3666128 total
[2020-09-29T10:10:21.795+0000][7792][gc,age       ] GC(89) - age  14:       1240 bytes,    3667368 total
[2020-09-29T10:10:21.795+0000][7792][gc,age       ] GC(89) - age  15:       1624 bytes,    3668992 total
[2020-09-29T10:10:21.795+0000][7792][gc,phases    ] GC(89)   Pre Evacuate Collection Set: 0.4ms
[2020-09-29T10:10:21.795+0000][7792][gc,phases    ] GC(89)   Merge Heap Roots: 0.1ms
[2020-09-29T10:10:21.795+0000][7792][gc,phases    ] GC(89)   Evacuate Collection Set: 2.8ms
[2020-09-29T10:10:21.795+0000][7792][gc,phases    ] GC(89)   Post Evacuate Collection Set: 0.6ms
[2020-09-29T10:10:21.795+0000][7792][gc,phases    ] GC(89)   Other: 0.7ms
[2020-09-29T10:10:21.795+0000][7792][gc,heap      ] GC(89) Eden regions: 42->0(501)
[2020-09-29T10:10:21.795+0000][7792][gc,heap      ] GC(89) Survivor regions: 5->4(63)
[2020-09-29T10:10:21.795+0000][7792][gc,heap      ] GC(89) Old regions: 74->74
[2020-09-29T10:10:21.795+0000][7792][gc,heap      ] GC(89) Archive regions: 0->0
[2020-09-29T10:10:21.795+0000][7792][gc,heap      ] GC(89) Humongous regions: 274->174
[2020-09-29T10:10:21.795+0000][7792][gc,metaspace ] GC(89) Metaspace: 85585K(91648K)->85585K(91648K) NonClass: 74470K(78080K)->74470K(78080K) Class: 11114K(13568K)->11114K(13568K)
[2020-09-29T10:10:21.795+0000][7792][gc           ] GC(89) Pause Young (Concurrent Start) (G1 Humongous Allocation) 394M->251M(1024M) 4.804ms
[2020-09-29T10:10:21.795+0000][7792][gc,cpu       ] GC(89) User=0.00s Sys=0.00s Real=0.01s
[2020-09-29T10:10:21.795+0000][7792][safepoint    ] Safepoint "G1TryInitiateConcMark", Time since last: 310370900 ns, Reaching safepoint: 177800 ns, At safepoint: 4946100 ns, Total: 5123900 ns
[2020-09-29T10:10:21.795+0000][7792][gc           ] GC(90) Concurrent Cycle
[2020-09-29T10:10:21.795+0000][7792][gc,marking   ] GC(90) Concurrent Clear Claimed Marks
[2020-09-29T10:10:21.795+0000][7792][gc,marking   ] GC(90) Concurrent Clear Claimed Marks 0.299ms
[2020-09-29T10:10:21.796+0000][7792][gc,marking   ] GC(90) Concurrent Scan Root Regions
[2020-09-29T10:10:21.798+0000][7792][gc,marking   ] GC(90) Concurrent Scan Root Regions 2.034ms
[2020-09-29T10:10:21.798+0000][7792][gc,marking   ] GC(90) Concurrent Mark (884.900s)
[2020-09-29T10:10:21.798+0000][7792][gc,marking   ] GC(90) Concurrent Mark From Roots
[2020-09-29T10:10:21.798+0000][7792][gc,task      ] GC(90) Using 2 workers of 2 for marking
[2020-09-29T10:10:21.917+0000][7792][gc,marking   ] GC(90) Concurrent Mark From Roots 119.041ms
[2020-09-29T10:10:21.917+0000][7792][gc,marking   ] GC(90) Concurrent Preclean
[2020-09-29T10:10:21.917+0000][7792][gc,marking   ] GC(90) Concurrent Preclean 0.385ms
[2020-09-29T10:10:21.917+0000][7792][gc,marking   ] GC(90) Concurrent Mark (884.900s, 885.020s) 119.567ms
[2020-09-29T10:10:21.917+0000][7792][gc,start     ] GC(90) Pause Remark
[2020-09-29T10:10:21.923+0000][7792][gc           ] GC(90) Pause Remark 386M->386M(1024M) 5.551ms
[2020-09-29T10:10:21.923+0000][7792][gc,cpu       ] GC(90) User=0.09s Sys=0.00s Real=0.01s
[2020-09-29T10:10:21.923+0000][7792][safepoint    ] Safepoint "G1Concurrent", Time since last: 122213500 ns, Reaching safepoint: 156100 ns, At safepoint: 5751000 ns, Total: 5907100 ns
[2020-09-29T10:10:21.923+0000][7792][gc,marking   ] GC(90) Concurrent Rebuild Remembered Sets
[2020-09-29T10:10:22.012+0000][7792][gc,marking   ] GC(90) Concurrent Rebuild Remembered Sets 88.612ms
[2020-09-29T10:10:22.013+0000][7792][gc,start     ] GC(90) Pause Cleanup
[2020-09-29T10:10:22.013+0000][7792][gc           ] GC(90) Pause Cleanup 387M->387M(1024M) 0.406ms
[2020-09-29T10:10:22.013+0000][7792][gc,cpu       ] GC(90) User=0.00s Sys=0.00s Real=0.00s
[2020-09-29T10:10:22.013+0000][7792][safepoint    ] Safepoint "G1Concurrent", Time since last: 88788800 ns, Reaching safepoint: 152900 ns, At safepoint: 634600 ns, Total: 787500 ns
[2020-09-29T10:10:22.013+0000][7792][gc,marking   ] GC(90) Concurrent Cleanup for Next Mark
[2020-09-29T10:10:22.015+0000][7792][gc,marking   ] GC(90) Concurrent Cleanup for Next Mark 1.699ms
[2020-09-29T10:10:22.015+0000][7792][gc           ] GC(90) Concurrent Cycle 219.600ms
[2020-09-29T10:10:22.279+0000][7792][gc,start     ] GC(91) Pause Young (Concurrent Start) (G1 Humongous Allocation)
[2020-09-29T10:10:22.279+0000][7792][gc,task      ] GC(91) Using 8 workers of 8 for evacuation
[2020-09-29T10:10:22.279+0000][7792][gc,age       ] GC(91) Desired survivor size 33554432 bytes, new threshold 15 (max threshold 15)
[2020-09-29T10:10:22.284+0000][7792][gc,age       ] GC(91) Age table with threshold 15 (max threshold 15)
[2020-09-29T10:10:22.284+0000][7792][gc,age       ] GC(91) - age   1:   11309032 bytes,   11309032 total
[2020-09-29T10:10:22.284+0000][7792][gc,age       ] GC(91) - age   2:       2440 bytes,   11311472 total
[2020-09-29T10:10:22.284+0000][7792][gc,age       ] GC(91) - age   3:      30192 bytes,   11341664 total
[2020-09-29T10:10:22.284+0000][7792][gc,age       ] GC(91) - age   4:     819960 bytes,   12161624 total
[2020-09-29T10:10:22.284+0000][7792][gc,age       ] GC(91) - age   5:       1760 bytes,   12163384 total
[2020-09-29T10:10:22.284+0000][7792][gc,age       ] GC(91) - age   6:       2184 bytes,   12165568 total
[2020-09-29T10:10:22.284+0000][7792][gc,age       ] GC(91) - age   7:       1752 bytes,   12167320 total
[2020-09-29T10:10:22.284+0000][7792][gc,age       ] GC(91) - age   8:       2408 bytes,   12169728 total
[2020-09-29T10:10:22.285+0000][7792][gc,age       ] GC(91) - age   9:      12112 bytes,   12181840 total
[2020-09-29T10:10:22.285+0000][7792][gc,age       ] GC(91) - age  10:       2176 bytes,   12184016 total
[2020-09-29T10:10:22.285+0000][7792][gc,age       ] GC(91) - age  11:     107224 bytes,   12291240 total
[2020-09-29T10:10:22.285+0000][7792][gc,age       ] GC(91) - age  12:        824 bytes,   12292064 total
[2020-09-29T10:10:22.285+0000][7792][gc,age       ] GC(91) - age  13:       1480 bytes,   12293544 total
[2020-09-29T10:10:22.285+0000][7792][gc,age       ] GC(91) - age  14:        704 bytes,   12294248 total
[2020-09-29T10:10:22.285+0000][7792][gc,age       ] GC(91) - age  15:       1144 bytes,   12295392 total
[2020-09-29T10:10:22.285+0000][7792][gc,phases    ] GC(91)   Pre Evacuate Collection Set: 0.4ms
[2020-09-29T10:10:22.285+0000][7792][gc,phases    ] GC(91)   Merge Heap Roots: 0.1ms
[2020-09-29T10:10:22.285+0000][7792][gc,phases    ] GC(91)   Evacuate Collection Set: 3.9ms
[2020-09-29T10:10:22.285+0000][7792][gc,phases    ] GC(91)   Post Evacuate Collection Set: 0.9ms
[2020-09-29T10:10:22.285+0000][7792][gc,phases    ] GC(91)   Other: 1.0ms
[2020-09-29T10:10:22.285+0000][7792][gc,heap      ] GC(91) Eden regions: 55->0(487)
[2020-09-29T10:10:22.285+0000][7792][gc,heap      ] GC(91) Survivor regions: 4->13(64)
[2020-09-29T10:10:22.285+0000][7792][gc,heap      ] GC(91) Old regions: 74->74
[2020-09-29T10:10:22.285+0000][7792][gc,heap      ] GC(91) Archive regions: 0->0
[2020-09-29T10:10:22.285+0000][7792][gc,heap      ] GC(91) Humongous regions: 274->174
[2020-09-29T10:10:22.285+0000][7792][gc,metaspace ] GC(91) Metaspace: 85604K(91648K)->85604K(91648K) NonClass: 74490K(78080K)->74490K(78080K) Class: 11114K(13568K)->11114K(13568K)
[2020-09-29T10:10:22.285+0000][7792][gc           ] GC(91) Pause Young (Concurrent Start) (G1 Humongous Allocation) 406M->260M(1024M) 6.711ms
[2020-09-29T10:10:22.285+0000][7792][gc,cpu       ] GC(91) User=0.09s Sys=0.00s Real=0.01s
[2020-09-29T10:10:22.285+0000][7792][gc           ] GC(92) Concurrent Cycle
[2020-09-29T10:10:22.285+0000][7792][gc,marking   ] GC(92) Concurrent Clear Claimed Marks
[2020-09-29T10:10:22.286+0000][7792][safepoint    ] Safepoint "G1TryInitiateConcMark", Time since last: 265737200 ns, Reaching safepoint: 169000 ns, At safepoint: 7087200 ns, Total: 7256200 ns
[2020-09-29T10:10:22.286+0000][7792][gc,marking   ] GC(92) Concurrent Clear Claimed Marks 0.322ms
[2020-09-29T10:10:22.286+0000][7792][gc,marking   ] GC(92) Concurrent Scan Root Regions
[2020-09-29T10:10:22.288+0000][7792][gc,marking   ] GC(92) Concurrent Scan Root Regions 2.563ms
[2020-09-29T10:10:22.289+0000][7792][gc,marking   ] GC(92) Concurrent Mark (885.391s)
[2020-09-29T10:10:22.289+0000][7792][gc,marking   ] GC(92) Concurrent Mark From Roots
[2020-09-29T10:10:22.289+0000][7792][gc,task      ] GC(92) Using 2 workers of 2 for marking
[2020-09-29T10:10:22.451+0000][7792][gc,marking   ] GC(92) Concurrent Mark From Roots 161.149ms
[2020-09-29T10:10:22.451+0000][7792][gc,marking   ] GC(92) Concurrent Preclean
[2020-09-29T10:10:22.451+0000][7792][gc,marking   ] GC(92) Concurrent Preclean 0.691ms
[2020-09-29T10:10:22.452+0000][7792][gc,marking   ] GC(92) Concurrent Mark (885.391s, 885.553s) 162.085ms
[2020-09-29T10:10:22.452+0000][7792][gc,start     ] GC(92) Pause Remark
[2020-09-29T10:10:22.458+0000][7792][gc           ] GC(92) Pause Remark 592M->592M(1024M) 6.333ms
[2020-09-29T10:10:22.458+0000][7792][gc,cpu       ] GC(92) User=0.03s Sys=0.00s Real=0.01s
[2020-09-29T10:10:22.458+0000][7792][safepoint    ] Safepoint "G1Concurrent", Time since last: 165128400 ns, Reaching safepoint: 161400 ns, At safepoint: 6620300 ns, Total: 6781700 ns
[2020-09-29T10:10:22.458+0000][7792][gc,marking   ] GC(92) Concurrent Rebuild Remembered Sets
[2020-09-29T10:10:22.550+0000][7792][gc,marking   ] GC(92) Concurrent Rebuild Remembered Sets 92.101ms
[2020-09-29T10:10:22.550+0000][7792][gc,start     ] GC(92) Pause Cleanup
[2020-09-29T10:10:22.551+0000][7792][gc           ] GC(92) Pause Cleanup 595M->595M(1024M) 0.453ms
[2020-09-29T10:10:22.551+0000][7792][gc,cpu       ] GC(92) User=0.00s Sys=0.00s Real=0.00s
[2020-09-29T10:10:22.552+0000][7792][safepoint    ] Safepoint "G1Concurrent", Time since last: 92339100 ns, Reaching safepoint: 204700 ns, At safepoint: 1394600 ns, Total: 1599300 ns
[2020-09-29T10:10:22.552+0000][7792][gc,marking   ] GC(92) Concurrent Cleanup for Next Mark
[2020-09-29T10:10:22.554+0000][7792][gc,marking   ] GC(92) Concurrent Cleanup for Next Mark 1.965ms
[2020-09-29T10:10:22.554+0000][7792][gc           ] GC(92) Concurrent Cycle 268.271ms
[2020-09-29T10:10:22.599+0000][7792][gc,start     ] GC(93) Pause Young (Concurrent Start) (G1 Humongous Allocation)
[2020-09-29T10:10:22.599+0000][7792][gc,task      ] GC(93) Using 8 workers of 8 for evacuation
[2020-09-29T10:10:22.599+0000][7792][gc,age       ] GC(93) Desired survivor size 33030144 bytes, new threshold 15 (max threshold 15)
[2020-09-29T10:10:22.603+0000][7792][gc,age       ] GC(93) Age table with threshold 15 (max threshold 15)
[2020-09-29T10:10:22.603+0000][7792][gc,age       ] GC(93) - age   1:    2739088 bytes,    2739088 total
[2020-09-29T10:10:22.603+0000][7792][gc,age       ] GC(93) - age   2:       6864 bytes,    2745952 total
[2020-09-29T10:10:22.603+0000][7792][gc,age       ] GC(93) - age   3:       2056 bytes,    2748008 total
[2020-09-29T10:10:22.604+0000][7792][gc,age       ] GC(93) - age   4:      19352 bytes,    2767360 total
[2020-09-29T10:10:22.604+0000][7792][gc,age       ] GC(93) - age   5:     819024 bytes,    3586384 total
[2020-09-29T10:10:22.604+0000][7792][gc,age       ] GC(93) - age   6:       1760 bytes,    3588144 total
[2020-09-29T10:10:22.604+0000][7792][gc,age       ] GC(93) - age   7:       2184 bytes,    3590328 total
[2020-09-29T10:10:22.604+0000][7792][gc,age       ] GC(93) - age   8:       1752 bytes,    3592080 total
[2020-09-29T10:10:22.604+0000][7792][gc,age       ] GC(93) - age   9:       2408 bytes,    3594488 total
[2020-09-29T10:10:22.604+0000][7792][gc,age       ] GC(93) - age  10:      12080 bytes,    3606568 total
[2020-09-29T10:10:22.604+0000][7792][gc,age       ] GC(93) - age  11:       2176 bytes,    3608744 total
[2020-09-29T10:10:22.604+0000][7792][gc,age       ] GC(93) - age  12:     107224 bytes,    3715968 total
[2020-09-29T10:10:22.604+0000][7792][gc,age       ] GC(93) - age  13:        824 bytes,    3716792 total
[2020-09-29T10:10:22.604+0000][7792][gc,age       ] GC(93) - age  14:       1448 bytes,    3718240 total
[2020-09-29T10:10:22.604+0000][7792][gc,age       ] GC(93) - age  15:        704 bytes,    3718944 total
[2020-09-29T10:10:22.604+0000][7792][gc,phases    ] GC(93)   Pre Evacuate Collection Set: 0.4ms
[2020-09-29T10:10:22.604+0000][7792][gc,phases    ] GC(93)   Merge Heap Roots: 0.2ms
[2020-09-29T10:10:22.604+0000][7792][gc,phases    ] GC(93)   Evacuate Collection Set: 2.7ms
[2020-09-29T10:10:22.604+0000][7792][gc,phases    ] GC(93)   Post Evacuate Collection Set: 1.0ms
[2020-09-29T10:10:22.604+0000][7792][gc,phases    ] GC(93)   Other: 1.0ms
[2020-09-29T10:10:22.604+0000][7792][gc,heap      ] GC(93) Eden regions: 87->0(498)
[2020-09-29T10:10:22.604+0000][7792][gc,heap      ] GC(93) Survivor regions: 13->5(63)
[2020-09-29T10:10:22.604+0000][7792][gc,heap      ] GC(93) Old regions: 74->74
[2020-09-29T10:10:22.604+0000][7792][gc,heap      ] GC(93) Archive regions: 0->0
[2020-09-29T10:10:22.604+0000][7792][gc,heap      ] GC(93) Humongous regions: 430->174
[2020-09-29T10:10:22.604+0000][7792][gc,metaspace ] GC(93) Metaspace: 85655K(91648K)->85655K(91648K) NonClass: 74540K(78080K)->74540K(78080K) Class: 11114K(13568K)->11114K(13568K)
[2020-09-29T10:10:22.604+0000][7792][gc           ] GC(93) Pause Young (Concurrent Start) (G1 Humongous Allocation) 602M->252M(1024M) 5.659ms
[2020-09-29T10:10:22.604+0000][7792][gc,cpu       ] GC(93) User=0.00s Sys=0.00s Real=0.01s
[2020-09-29T10:10:22.605+0000][7792][safepoint    ] Safepoint "G1TryInitiateConcMark", Time since last: 46638500 ns, Reaching safepoint: 192800 ns, At safepoint: 5882400 ns, Total: 6075200 ns
[2020-09-29T10:10:22.605+0000][7792][gc           ] GC(94) Concurrent Cycle
[2020-09-29T10:10:22.605+0000][7792][gc,marking   ] GC(94) Concurrent Clear Claimed Marks
[2020-09-29T10:10:22.605+0000][7792][gc,marking   ] GC(94) Concurrent Clear Claimed Marks 0.331ms
[2020-09-29T10:10:22.605+0000][7792][gc,marking   ] GC(94) Concurrent Scan Root Regions
[2020-09-29T10:10:22.608+0000][7792][gc,marking   ] GC(94) Concurrent Scan Root Regions 2.481ms
[2020-09-29T10:10:22.608+0000][7792][gc,marking   ] GC(94) Concurrent Mark (885.710s)
[2020-09-29T10:10:22.608+0000][7792][gc,marking   ] GC(94) Concurrent Mark From Roots
[2020-09-29T10:10:22.608+0000][7792][gc,task      ] GC(94) Using 2 workers of 2 for marking
[2020-09-29T10:10:22.746+0000][7792][gc,marking   ] GC(94) Concurrent Mark From Roots 137.996ms
[2020-09-29T10:10:22.746+0000][7792][gc,marking   ] GC(94) Concurrent Preclean
[2020-09-29T10:10:22.746+0000][7792][gc,marking   ] GC(94) Concurrent Preclean 0.591ms
[2020-09-29T10:10:22.746+0000][7792][gc,marking   ] GC(94) Concurrent Mark (885.710s, 885.849s) 138.791ms
[2020-09-29T10:10:22.747+0000][7792][gc,start     ] GC(94) Pause Remark
[2020-09-29T10:10:22.752+0000][7792][gc           ] GC(94) Pause Remark 445M->445M(1024M) 5.433ms
[2020-09-29T10:10:22.752+0000][7792][gc,cpu       ] GC(94) User=0.11s Sys=0.00s Real=0.01s
[2020-09-29T10:10:22.752+0000][7792][safepoint    ] Safepoint "G1Concurrent", Time since last: 142117700 ns, Reaching safepoint: 180200 ns, At safepoint: 5691400 ns, Total: 5871600 ns
[2020-09-29T10:10:22.753+0000][7792][gc,marking   ] GC(94) Concurrent Rebuild Remembered Sets
[2020-09-29T10:10:22.836+0000][7792][gc,marking   ] GC(94) Concurrent Rebuild Remembered Sets 83.515ms
[2020-09-29T10:10:22.836+0000][7792][gc,start     ] GC(94) Pause Cleanup
[2020-09-29T10:10:22.837+0000][7792][gc           ] GC(94) Pause Cleanup 520M->520M(1024M) 0.300ms
[2020-09-29T10:10:22.837+0000][7792][gc,cpu       ] GC(94) User=0.00s Sys=0.00s Real=0.00s
[2020-09-29T10:10:22.837+0000][7792][safepoint    ] Safepoint "G1Concurrent", Time since last: 83740600 ns, Reaching safepoint: 161400 ns, At safepoint: 479100 ns, Total: 640500 ns
[2020-09-29T10:10:22.837+0000][7792][gc,marking   ] GC(94) Concurrent Cleanup for Next Mark
[2020-09-29T10:10:22.839+0000][7792][gc,marking   ] GC(94) Concurrent Cleanup for Next Mark 2.033ms
[2020-09-29T10:10:22.839+0000][7792][gc           ] GC(94) Concurrent Cycle 234.604ms
[2020-09-29T10:10:22.887+0000][7792][gc,start     ] GC(95) Pause Young (Concurrent Start) (G1 Humongous Allocation)
[2020-09-29T10:10:22.887+0000][7792][gc,task      ] GC(95) Using 8 workers of 8 for evacuation
[2020-09-29T10:10:22.887+0000][7792][gc,age       ] GC(95) Desired survivor size 33030144 bytes, new threshold 15 (max threshold 15)
[2020-09-29T10:10:22.892+0000][7792][gc,age       ] GC(95) Age table with threshold 15 (max threshold 15)
[2020-09-29T10:10:22.892+0000][7792][gc,age       ] GC(95) - age   1:    3077648 bytes,    3077648 total
[2020-09-29T10:10:22.893+0000][7792][gc,age       ] GC(95) - age   2:      72136 bytes,    3149784 total
[2020-09-29T10:10:22.893+0000][7792][gc,age       ] GC(95) - age   3:       3720 bytes,    3153504 total
[2020-09-29T10:10:22.893+0000][7792][gc,age       ] GC(95) - age   4:       1928 bytes,    3155432 total
[2020-09-29T10:10:22.893+0000][7792][gc,age       ] GC(95) - age   5:      19352 bytes,    3174784 total
[2020-09-29T10:10:22.893+0000][7792][gc,age       ] GC(95) - age   6:     819024 bytes,    3993808 total
[2020-09-29T10:10:22.893+0000][7792][gc,age       ] GC(95) - age   7:       1696 bytes,    3995504 total
[2020-09-29T10:10:22.893+0000][7792][gc,age       ] GC(95) - age   8:       2184 bytes,    3997688 total
[2020-09-29T10:10:22.893+0000][7792][gc,age       ] GC(95) - age   9:       1720 bytes,    3999408 total
[2020-09-29T10:10:22.893+0000][7792][gc,age       ] GC(95) - age  10:       2312 bytes,    4001720 total
[2020-09-29T10:10:22.893+0000][7792][gc,age       ] GC(95) - age  11:      12016 bytes,    4013736 total
[2020-09-29T10:10:22.893+0000][7792][gc,age       ] GC(95) - age  12:       2080 bytes,    4015816 total
[2020-09-29T10:10:22.893+0000][7792][gc,age       ] GC(95) - age  13:     107224 bytes,    4123040 total
[2020-09-29T10:10:22.893+0000][7792][gc,age       ] GC(95) - age  14:        824 bytes,    4123864 total
[2020-09-29T10:10:22.893+0000][7792][gc,age       ] GC(95) - age  15:       1448 bytes,    4125312 total
[2020-09-29T10:10:22.893+0000][7792][gc,phases    ] GC(95)   Pre Evacuate Collection Set: 0.4ms
[2020-09-29T10:10:22.893+0000][7792][gc,phases    ] GC(95)   Merge Heap Roots: 0.1ms
[2020-09-29T10:10:22.893+0000][7792][gc,phases    ] GC(95)   Evacuate Collection Set: 3.4ms
[2020-09-29T10:10:22.893+0000][7792][gc,phases    ] GC(95)   Post Evacuate Collection Set: 1.0ms
[2020-09-29T10:10:22.893+0000][7792][gc,phases    ] GC(95)   Other: 1.2ms
[2020-09-29T10:10:22.893+0000][7792][gc,heap      ] GC(95) Eden regions: 79->0(500)
[2020-09-29T10:10:22.894+0000][7792][gc,heap      ] GC(95) Survivor regions: 5->5(63)
[2020-09-29T10:10:22.894+0000][7792][gc,heap      ] GC(95) Old regions: 74->74
[2020-09-29T10:10:22.894+0000][7792][gc,heap      ] GC(95) Archive regions: 0->0
[2020-09-29T10:10:22.894+0000][7792][gc,heap      ] GC(95) Humongous regions: 374->174
[2020-09-29T10:10:22.894+0000][7792][gc,metaspace ] GC(95) Metaspace: 85675K(91648K)->85675K(91648K) NonClass: 74560K(78080K)->74560K(78080K) Class: 11114K(13568K)->11114K(13568K)
[2020-09-29T10:10:22.894+0000][7792][gc           ] GC(95) Pause Young (Concurrent Start) (G1 Humongous Allocation) 530M->252M(1024M) 6.697ms
[2020-09-29T10:10:22.894+0000][7792][gc,cpu       ] GC(95) User=0.09s Sys=0.00s Real=0.01s
[2020-09-29T10:10:22.894+0000][7792][gc           ] GC(96) Concurrent Cycle
[2020-09-29T10:10:22.894+0000][7792][gc,marking   ] GC(96) Concurrent Clear Claimed Marks
[2020-09-29T10:10:22.894+0000][7792][safepoint    ] Safepoint "G1TryInitiateConcMark", Time since last: 50076400 ns, Reaching safepoint: 189700 ns, At safepoint: 7057300 ns, Total: 7247000 ns
[2020-09-29T10:10:22.895+0000][7792][gc,marking   ] GC(96) Concurrent Clear Claimed Marks 0.470ms
[2020-09-29T10:10:22.895+0000][7792][gc,marking   ] GC(96) Concurrent Scan Root Regions
[2020-09-29T10:10:22.898+0000][7792][gc,marking   ] GC(96) Concurrent Scan Root Regions 3.388ms
[2020-09-29T10:10:22.898+0000][7792][gc,marking   ] GC(96) Concurrent Mark (886.001s)
[2020-09-29T10:10:22.898+0000][7792][gc,marking   ] GC(96) Concurrent Mark From Roots
[2020-09-29T10:10:22.898+0000][7792][gc,task      ] GC(96) Using 2 workers of 2 for marking
[2020-09-29T10:10:23.049+0000][7792][gc,marking   ] GC(96) Concurrent Mark From Roots 149.854ms
[2020-09-29T10:10:23.049+0000][7792][gc,marking   ] GC(96) Concurrent Preclean
[2020-09-29T10:10:23.049+0000][7792][gc,marking   ] GC(96) Concurrent Preclean 0.535ms
[2020-09-29T10:10:23.049+0000][7792][gc,marking   ] GC(96) Concurrent Mark (886.001s, 886.151s) 150.587ms
[2020-09-29T10:10:23.049+0000][7792][gc,start     ] GC(96) Pause Remark
[2020-09-29T10:10:23.055+0000][7792][gc           ] GC(96) Pause Remark 388M->388M(1024M) 5.402ms
[2020-09-29T10:10:23.055+0000][7792][gc,cpu       ] GC(96) User=0.00s Sys=0.00s Real=0.01s
[2020-09-29T10:10:23.055+0000][7792][safepoint    ] Safepoint "G1Concurrent", Time since last: 154719000 ns, Reaching safepoint: 144700 ns, At safepoint: 5645200 ns, Total: 5789900 ns
[2020-09-29T10:10:23.055+0000][7792][gc,marking   ] GC(96) Concurrent Rebuild Remembered Sets
[2020-09-29T10:10:23.138+0000][7792][gc,marking   ] GC(96) Concurrent Rebuild Remembered Sets 83.305ms
[2020-09-29T10:10:23.139+0000][7792][gc,start     ] GC(96) Pause Cleanup
[2020-09-29T10:10:23.139+0000][7792][gc           ] GC(96) Pause Cleanup 461M->461M(1024M) 0.336ms
[2020-09-29T10:10:23.139+0000][7792][gc,cpu       ] GC(96) User=0.00s Sys=0.00s Real=0.00s
[2020-09-29T10:10:23.139+0000][7792][safepoint    ] Safepoint "G1Concurrent", Time since last: 83511600 ns, Reaching safepoint: 162100 ns, At safepoint: 578900 ns, Total: 741000 ns
[2020-09-29T10:10:23.139+0000][7792][gc,marking   ] GC(96) Concurrent Cleanup for Next Mark
[2020-09-29T10:10:23.141+0000][7792][gc,marking   ] GC(96) Concurrent Cleanup for Next Mark 1.881ms
[2020-09-29T10:10:23.141+0000][7792][gc           ] GC(96) Concurrent Cycle 247.010ms
[2020-09-29T10:10:23.146+0000][7792][gc,start     ] GC(97) Pause Young (Concurrent Start) (G1 Humongous Allocation)
[2020-09-29T10:10:23.146+0000][7792][gc,task      ] GC(97) Using 8 workers of 8 for evacuation
[2020-09-29T10:10:23.146+0000][7792][gc,age       ] GC(97) Desired survivor size 33554432 bytes, new threshold 15 (max threshold 15)
[2020-09-29T10:10:23.150+0000][7792][gc,age       ] GC(97) Age table with threshold 15 (max threshold 15)
[2020-09-29T10:10:23.150+0000][7792][gc,age       ] GC(97) - age   1:    3298792 bytes,    3298792 total
[2020-09-29T10:10:23.150+0000][7792][gc,age       ] GC(97) - age   2:     414232 bytes,    3713024 total
[2020-09-29T10:10:23.151+0000][7792][gc,age       ] GC(97) - age   3:      69064 bytes,    3782088 total
[2020-09-29T10:10:23.151+0000][7792][gc,age       ] GC(97) - age   4:       2240 bytes,    3784328 total
[2020-09-29T10:10:23.151+0000][7792][gc,age       ] GC(97) - age   5:       1928 bytes,    3786256 total
[2020-09-29T10:10:23.151+0000][7792][gc,age       ] GC(97) - age   6:      19352 bytes,    3805608 total
[2020-09-29T10:10:23.151+0000][7792][gc,age       ] GC(97) - age   7:     818688 bytes,    4624296 total
[2020-09-29T10:10:23.151+0000][7792][gc,age       ] GC(97) - age   8:       1696 bytes,    4625992 total
[2020-09-29T10:10:23.151+0000][7792][gc,age       ] GC(97) - age   9:       1960 bytes,    4627952 total
[2020-09-29T10:10:23.151+0000][7792][gc,age       ] GC(97) - age  10:       1688 bytes,    4629640 total
[2020-09-29T10:10:23.151+0000][7792][gc,age       ] GC(97) - age  11:       2248 bytes,    4631888 total
[2020-09-29T10:10:23.151+0000][7792][gc,age       ] GC(97) - age  12:      12016 bytes,    4643904 total
[2020-09-29T10:10:23.151+0000][7792][gc,age       ] GC(97) - age  13:       2080 bytes,    4645984 total
[2020-09-29T10:10:23.151+0000][7792][gc,age       ] GC(97) - age  14:     107128 bytes,    4753112 total
[2020-09-29T10:10:23.151+0000][7792][gc,age       ] GC(97) - age  15:        600 bytes,    4753712 total
[2020-09-29T10:10:23.151+0000][7792][gc,phases    ] GC(97)   Pre Evacuate Collection Set: 0.4ms
[2020-09-29T10:10:23.151+0000][7792][gc,phases    ] GC(97)   Merge Heap Roots: 0.1ms
[2020-09-29T10:10:23.151+0000][7792][gc,phases    ] GC(97)   Evacuate Collection Set: 2.6ms
[2020-09-29T10:10:23.151+0000][7792][gc,phases    ] GC(97)   Post Evacuate Collection Set: 1.1ms
[2020-09-29T10:10:23.151+0000][7792][gc,phases    ] GC(97)   Other: 1.1ms
[2020-09-29T10:10:23.151+0000][7792][gc,heap      ] GC(97) Eden regions: 61->0(500)
[2020-09-29T10:10:23.151+0000][7792][gc,heap      ] GC(97) Survivor regions: 5->6(64)
[2020-09-29T10:10:23.151+0000][7792][gc,heap      ] GC(97) Old regions: 74->74
[2020-09-29T10:10:23.151+0000][7792][gc,heap      ] GC(97) Archive regions: 0->0
[2020-09-29T10:10:23.152+0000][7792][gc,heap      ] GC(97) Humongous regions: 324->174
[2020-09-29T10:10:23.152+0000][7792][gc,metaspace ] GC(97) Metaspace: 85679K(91648K)->85679K(91648K) NonClass: 74564K(78080K)->74564K(78080K) Class: 11114K(13568K)->11114K(13568K)
[2020-09-29T10:10:23.152+0000][7792][gc           ] GC(97) Pause Young (Concurrent Start) (G1 Humongous Allocation) 462M->253M(1024M) 5.913ms
[2020-09-29T10:10:23.152+0000][7792][gc,cpu       ] GC(97) User=0.00s Sys=0.00s Real=0.01s
[2020-09-29T10:10:23.152+0000][7792][gc           ] GC(98) Concurrent Cycle
[2020-09-29T10:10:23.152+0000][7792][safepoint    ] Safepoint "G1TryInitiateConcMark", Time since last: 6361000 ns, Reaching safepoint: 172300 ns, At safepoint: 6179900 ns, Total: 6352200 ns
[2020-09-29T10:10:23.152+0000][7792][gc,marking   ] GC(98) Concurrent Clear Claimed Marks
[2020-09-29T10:10:23.152+0000][7792][gc,marking   ] GC(98) Concurrent Clear Claimed Marks 0.454ms
[2020-09-29T10:10:23.153+0000][7792][gc,marking   ] GC(98) Concurrent Scan Root Regions
[2020-09-29T10:10:23.156+0000][7792][gc,marking   ] GC(98) Concurrent Scan Root Regions 3.819ms
[2020-09-29T10:10:23.157+0000][7792][gc,marking   ] GC(98) Concurrent Mark (886.259s)
[2020-09-29T10:10:23.157+0000][7792][gc,marking   ] GC(98) Concurrent Mark From Roots
[2020-09-29T10:10:23.157+0000][7792][gc,task      ] GC(98) Using 2 workers of 2 for marking
[2020-09-29T10:10:23.301+0000][7792][gc,marking   ] GC(98) Concurrent Mark From Roots 144.735ms
[2020-09-29T10:10:23.302+0000][7792][gc,marking   ] GC(98) Concurrent Preclean
[2020-09-29T10:10:23.302+0000][7792][gc,marking   ] GC(98) Concurrent Preclean 0.721ms
[2020-09-29T10:10:23.302+0000][7792][gc,marking   ] GC(98) Concurrent Mark (886.259s, 886.404s) 145.734ms
[2020-09-29T10:10:23.303+0000][7792][gc,start     ] GC(98) Pause Remark
[2020-09-29T10:10:23.309+0000][7792][gc           ] GC(98) Pause Remark 420M->420M(1024M) 5.941ms
[2020-09-29T10:10:23.309+0000][7792][gc,cpu       ] GC(98) User=0.00s Sys=0.00s Real=0.01s
[2020-09-29T10:10:23.309+0000][7792][safepoint    ] Safepoint "G1Concurrent", Time since last: 150419300 ns, Reaching safepoint: 166200 ns, At safepoint: 6233400 ns, Total: 6399600 ns
[2020-09-29T10:10:23.309+0000][7792][gc,marking   ] GC(98) Concurrent Rebuild Remembered Sets
[2020-09-29T10:10:23.399+0000][7792][gc,marking   ] GC(98) Concurrent Rebuild Remembered Sets 90.795ms
[2020-09-29T10:10:23.399+0000][7792][gc,start     ] GC(98) Pause Cleanup
[2020-09-29T10:10:23.400+0000][7792][gc           ] GC(98) Pause Cleanup 520M->520M(1024M) 0.342ms
[2020-09-29T10:10:23.400+0000][7792][gc,cpu       ] GC(98) User=0.00s Sys=0.00s Real=0.00s
[2020-09-29T10:10:23.400+0000][7792][safepoint    ] Safepoint "G1Concurrent", Time since last: 91024000 ns, Reaching safepoint: 160600 ns, At safepoint: 557200 ns, Total: 717800 ns
[2020-09-29T10:10:23.400+0000][7792][gc,marking   ] GC(98) Concurrent Cleanup for Next Mark
[2020-09-29T10:10:23.402+0000][7792][gc,marking   ] GC(98) Concurrent Cleanup for Next Mark 1.513ms
[2020-09-29T10:10:23.402+0000][7792][gc           ] GC(98) Concurrent Cycle 250.297ms
[2020-09-29T10:10:23.453+0000][7792][gc,start     ] GC(99) Pause Young (Concurrent Start) (G1 Humongous Allocation)
[2020-09-29T10:10:23.454+0000][7792][gc,task      ] GC(99) Using 8 workers of 8 for evacuation
[2020-09-29T10:10:23.454+0000][7792][gc,age       ] GC(99) Desired survivor size 33554432 bytes, new threshold 15 (max threshold 15)
[2020-09-29T10:10:23.459+0000][7792][gc,age       ] GC(99) Age table with threshold 15 (max threshold 15)
[2020-09-29T10:10:23.459+0000][7792][gc,age       ] GC(99) - age   1:    3507056 bytes,    3507056 total
[2020-09-29T10:10:23.459+0000][7792][gc,age       ] GC(99) - age   2:     206624 bytes,    3713680 total
[2020-09-29T10:10:23.459+0000][7792][gc,age       ] GC(99) - age   3:     409528 bytes,    4123208 total
[2020-09-29T10:10:23.459+0000][7792][gc,age       ] GC(99) - age   4:      66480 bytes,    4189688 total
[2020-09-29T10:10:23.460+0000][7792][gc,age       ] GC(99) - age   5:       1328 bytes,    4191016 total
[2020-09-29T10:10:23.460+0000][7792][gc,age       ] GC(99) - age   6:       1864 bytes,    4192880 total
[2020-09-29T10:10:23.460+0000][7792][gc,age       ] GC(99) - age   7:      19352 bytes,    4212232 total
[2020-09-29T10:10:23.460+0000][7792][gc,age       ] GC(99) - age   8:     818688 bytes,    5030920 total
[2020-09-29T10:10:23.460+0000][7792][gc,age       ] GC(99) - age   9:       1344 bytes,    5032264 total
[2020-09-29T10:10:23.460+0000][7792][gc,age       ] GC(99) - age  10:       1768 bytes,    5034032 total
[2020-09-29T10:10:23.460+0000][7792][gc,age       ] GC(99) - age  11:       1688 bytes,    5035720 total
[2020-09-29T10:10:23.460+0000][7792][gc,age       ] GC(99) - age  12:       2248 bytes,    5037968 total
[2020-09-29T10:10:23.460+0000][7792][gc,age       ] GC(99) - age  13:      12016 bytes,    5049984 total
[2020-09-29T10:10:23.460+0000][7792][gc,age       ] GC(99) - age  14:       2080 bytes,    5052064 total
[2020-09-29T10:10:23.460+0000][7792][gc,age       ] GC(99) - age  15:     107096 bytes,    5159160 total
[2020-09-29T10:10:23.460+0000][7792][gc,phases    ] GC(99)   Pre Evacuate Collection Set: 0.5ms
[2020-09-29T10:10:23.460+0000][7792][gc,phases    ] GC(99)   Merge Heap Roots: 0.1ms
[2020-09-29T10:10:23.460+0000][7792][gc,phases    ] GC(99)   Evacuate Collection Set: 3.7ms
[2020-09-29T10:10:23.460+0000][7792][gc,phases    ] GC(99)   Post Evacuate Collection Set: 1.1ms
[2020-09-29T10:10:23.461+0000][7792][gc,phases    ] GC(99)   Other: 1.4ms
[2020-09-29T10:10:23.461+0000][7792][gc,heap      ] GC(99) Eden regions: 80->0(500)
[2020-09-29T10:10:23.461+0000][7792][gc,heap      ] GC(99) Survivor regions: 6->6(64)
[2020-09-29T10:10:23.461+0000][7792][gc,heap      ] GC(99) Old regions: 74->75
[2020-09-29T10:10:23.461+0000][7792][gc,heap      ] GC(99) Archive regions: 0->0
[2020-09-29T10:10:23.461+0000][7792][gc,heap      ] GC(99) Humongous regions: 374->174
[2020-09-29T10:10:23.461+0000][7792][gc,metaspace ] GC(99) Metaspace: 85695K(91648K)->85695K(91648K) NonClass: 74581K(78080K)->74581K(78080K) Class: 11114K(13568K)->11114K(13568K)
[2020-09-29T10:10:23.461+0000][7792][gc           ] GC(99) Pause Young (Concurrent Start) (G1 Humongous Allocation) 532M->253M(1024M) 7.430ms
[2020-09-29T10:10:23.461+0000][7792][gc,cpu       ] GC(99) User=0.00s Sys=0.00s Real=0.01s
[2020-09-29T10:10:23.461+0000][7792][gc           ] GC(100) Concurrent Cycle
[2020-09-29T10:10:23.461+0000][7792][safepoint    ] Safepoint "G1TryInitiateConcMark", Time since last: 53228100 ns, Reaching safepoint: 152500 ns, At safepoint: 7732000 ns, Total: 7884500 ns
[2020-09-29T10:10:23.461+0000][7792][gc,marking   ] GC(100) Concurrent Clear Claimed Marks
[2020-09-29T10:10:23.462+0000][7792][gc,marking   ] GC(100) Concurrent Clear Claimed Marks 0.642ms
[2020-09-29T10:10:23.462+0000][7792][gc,marking   ] GC(100) Concurrent Scan Root Regions
[2020-09-29T10:10:23.466+0000][7792][gc,marking   ] GC(100) Concurrent Scan Root Regions 4.119ms
[2020-09-29T10:10:23.466+0000][7792][gc,marking   ] GC(100) Concurrent Mark (886.569s)
[2020-09-29T10:10:23.466+0000][7792][gc,marking   ] GC(100) Concurrent Mark From Roots
[2020-09-29T10:10:23.466+0000][7792][gc,task      ] GC(100) Using 2 workers of 2 for marking
[2020-09-29T10:10:23.633+0000][7792][gc,marking   ] GC(100) Concurrent Mark From Roots 166.581ms
[2020-09-29T10:10:23.633+0000][7792][gc,marking   ] GC(100) Concurrent Preclean
[2020-09-29T10:10:23.633+0000][7792][gc,marking   ] GC(100) Concurrent Preclean 0.621ms
[2020-09-29T10:10:23.634+0000][7792][gc,marking   ] GC(100) Concurrent Mark (886.569s, 886.736s) 167.398ms
[2020-09-29T10:10:23.634+0000][7792][gc,start     ] GC(100) Pause Remark
[2020-09-29T10:10:23.640+0000][7792][gc           ] GC(100) Pause Remark 388M->388M(1024M) 6.217ms
[2020-09-29T10:10:23.640+0000][7792][gc,cpu       ] GC(100) User=0.03s Sys=0.00s Real=0.01s
[2020-09-29T10:10:23.640+0000][7792][safepoint    ] Safepoint "G1Concurrent", Time since last: 172483500 ns, Reaching safepoint: 203700 ns, At safepoint: 6447800 ns, Total: 6651500 ns
[2020-09-29T10:10:23.640+0000][7792][gc,marking   ] GC(100) Concurrent Rebuild Remembered Sets
[2020-09-29T10:10:23.733+0000][7792][gc,marking   ] GC(100) Concurrent Rebuild Remembered Sets 92.488ms
[2020-09-29T10:10:23.734+0000][7792][gc,start     ] GC(100) Pause Cleanup
[2020-09-29T10:10:23.734+0000][7792][gc           ] GC(100) Pause Cleanup 476M->476M(1024M) 0.428ms
[2020-09-29T10:10:23.734+0000][7792][gc,cpu       ] GC(100) User=0.00s Sys=0.00s Real=0.00s
[2020-09-29T10:10:23.734+0000][7792][safepoint    ] Safepoint "G1Concurrent", Time since last: 92808400 ns, Reaching safepoint: 264100 ns, At safepoint: 681100 ns, Total: 945200 ns
[2020-09-29T10:10:23.734+0000][7792][gc,marking   ] GC(100) Concurrent Cleanup for Next Mark
[2020-09-29T10:10:23.737+0000][7792][gc,marking   ] GC(100) Concurrent Cleanup for Next Mark 2.117ms
[2020-09-29T10:10:23.737+0000][7792][gc           ] GC(100) Concurrent Cycle 275.258ms
[2020-09-29T10:10:23.737+0000][7792][gc,start     ] GC(101) Pause Young (Concurrent Start) (G1 Humongous Allocation)
[2020-09-29T10:10:23.737+0000][7792][gc,task      ] GC(101) Using 8 workers of 8 for evacuation
[2020-09-29T10:10:23.737+0000][7792][gc,age       ] GC(101) Desired survivor size 33554432 bytes, new threshold 15 (max threshold 15)
[2020-09-29T10:10:23.743+0000][7792][gc,age       ] GC(101) Age table with threshold 15 (max threshold 15)
[2020-09-29T10:10:23.743+0000][7792][gc,age       ] GC(101) - age   1:    2477280 bytes,    2477280 total
[2020-09-29T10:10:23.743+0000][7792][gc,age       ] GC(101) - age   2:     411080 bytes,    2888360 total
[2020-09-29T10:10:23.743+0000][7792][gc,age       ] GC(101) - age   3:     205912 bytes,    3094272 total
[2020-09-29T10:10:23.743+0000][7792][gc,age       ] GC(101) - age   4:     409288 bytes,    3503560 total
[2020-09-29T10:10:23.743+0000][7792][gc,age       ] GC(101) - age   5:      66312 bytes,    3569872 total
[2020-09-29T10:10:23.743+0000][7792][gc,age       ] GC(101) - age   6:       1328 bytes,    3571200 total
[2020-09-29T10:10:23.743+0000][7792][gc,age       ] GC(101) - age   7:       1704 bytes,    3572904 total
[2020-09-29T10:10:23.743+0000][7792][gc,age       ] GC(101) - age   8:      19352 bytes,    3592256 total
[2020-09-29T10:10:23.743+0000][7792][gc,age       ] GC(101) - age   9:     818688 bytes,    4410944 total
[2020-09-29T10:10:23.743+0000][7792][gc,age       ] GC(101) - age  10:       1312 bytes,    4412256 total
[2020-09-29T10:10:23.743+0000][7792][gc,age       ] GC(101) - age  11:       1704 bytes,    4413960 total
[2020-09-29T10:10:23.743+0000][7792][gc,age       ] GC(101) - age  12:       1688 bytes,    4415648 total
[2020-09-29T10:10:23.743+0000][7792][gc,age       ] GC(101) - age  13:       2248 bytes,    4417896 total
[2020-09-29T10:10:23.743+0000][7792][gc,age       ] GC(101) - age  14:      12016 bytes,    4429912 total
[2020-09-29T10:10:23.743+0000][7792][gc,age       ] GC(101) - age  15:       2080 bytes,    4431992 total
[2020-09-29T10:10:23.744+0000][7792][gc,phases    ] GC(101)   Pre Evacuate Collection Set: 0.4ms
[2020-09-29T10:10:23.744+0000][7792][gc,phases    ] GC(101)   Merge Heap Roots: 0.1ms
[2020-09-29T10:10:23.744+0000][7792][gc,phases    ] GC(101)   Evacuate Collection Set: 3.8ms
[2020-09-29T10:10:23.744+0000][7792][gc,phases    ] GC(101)   Post Evacuate Collection Set: 1.0ms
[2020-09-29T10:10:23.744+0000][7792][gc,phases    ] GC(101)   Other: 1.1ms
[2020-09-29T10:10:23.744+0000][7792][gc,heap      ] GC(101) Eden regions: 61->0(502)
[2020-09-29T10:10:23.744+0000][7792][gc,heap      ] GC(101) Survivor regions: 6->5(64)
[2020-09-29T10:10:23.744+0000][7792][gc,heap      ] GC(101) Old regions: 75->75
[2020-09-29T10:10:23.744+0000][7792][gc,heap      ] GC(101) Archive regions: 0->0
[2020-09-29T10:10:23.744+0000][7792][gc,heap      ] GC(101) Humongous regions: 346->174
[2020-09-29T10:10:23.744+0000][7792][gc,metaspace ] GC(101) Metaspace: 85704K(91648K)->85704K(91648K) NonClass: 74589K(78080K)->74589K(78080K) Class: 11114K(13568K)->11114K(13568K)
[2020-09-29T10:10:23.744+0000][7792][gc           ] GC(101) Pause Young (Concurrent Start) (G1 Humongous Allocation) 485M->252M(1024M) 6.868ms
[2020-09-29T10:10:23.744+0000][7792][gc,cpu       ] GC(101) User=0.00s Sys=0.00s Real=0.01s
[2020-09-29T10:10:23.744+0000][7792][gc           ] GC(102) Concurrent Cycle
[2020-09-29T10:10:23.744+0000][7792][safepoint    ] Safepoint "G1TryInitiateConcMark", Time since last: 2476200 ns, Reaching safepoint: 210500 ns, At safepoint: 7106100 ns, Total: 7316600 ns
[2020-09-29T10:10:23.744+0000][7792][gc,marking   ] GC(102) Concurrent Clear Claimed Marks
[2020-09-29T10:10:23.745+0000][7792][gc,marking   ] GC(102) Concurrent Clear Claimed Marks 0.513ms
[2020-09-29T10:10:23.745+0000][7792][gc,marking   ] GC(102) Concurrent Scan Root Regions
[2020-09-29T10:10:23.748+0000][7792][gc,marking   ] GC(102) Concurrent Scan Root Regions 3.380ms
[2020-09-29T10:10:23.748+0000][7792][gc,marking   ] GC(102) Concurrent Mark (886.851s)
[2020-09-29T10:10:23.748+0000][7792][gc,marking   ] GC(102) Concurrent Mark From Roots
[2020-09-29T10:10:23.748+0000][7792][gc,task      ] GC(102) Using 2 workers of 2 for marking
[2020-09-29T10:10:23.906+0000][7792][gc,marking   ] GC(102) Concurrent Mark From Roots 158.027ms
[2020-09-29T10:10:23.906+0000][7792][gc,marking   ] GC(102) Concurrent Preclean
[2020-09-29T10:10:23.907+0000][7792][gc,marking   ] GC(102) Concurrent Preclean 0.606ms
[2020-09-29T10:10:23.907+0000][7792][gc,marking   ] GC(102) Concurrent Mark (886.851s, 887.009s) 158.850ms
[2020-09-29T10:10:23.907+0000][7792][gc,start     ] GC(102) Pause Remark
[2020-09-29T10:10:23.914+0000][7792][gc           ] GC(102) Pause Remark 365M->365M(1024M) 6.069ms
[2020-09-29T10:10:23.914+0000][7792][gc,cpu       ] GC(102) User=0.00s Sys=0.00s Real=0.01s
[2020-09-29T10:10:23.914+0000][7792][safepoint    ] Safepoint "G1Concurrent", Time since last: 163081400 ns, Reaching safepoint: 172600 ns, At safepoint: 6457800 ns, Total: 6630400 ns
[2020-09-29T10:10:23.914+0000][7792][gc,marking   ] GC(102) Concurrent Rebuild Remembered Sets
[2020-09-29T10:10:24.023+0000][7792][gc,marking   ] GC(102) Concurrent Rebuild Remembered Sets 109.204ms
[2020-09-29T10:10:24.024+0000][7792][gc,start     ] GC(102) Pause Cleanup
[2020-09-29T10:10:24.024+0000][7792][gc           ] GC(102) Pause Cleanup 432M->432M(1024M) 0.366ms
[2020-09-29T10:10:24.024+0000][7792][gc,cpu       ] GC(102) User=0.00s Sys=0.00s Real=0.00s
[2020-09-29T10:10:24.024+0000][7792][safepoint    ] Safepoint "G1Concurrent", Time since last: 109426300 ns, Reaching safepoint: 210300 ns, At safepoint: 616500 ns, Total: 826800 ns
[2020-09-29T10:10:24.024+0000][7792][gc,marking   ] GC(102) Concurrent Cleanup for Next Mark
[2020-09-29T10:10:24.026+0000][7792][gc,marking   ] GC(102) Concurrent Cleanup for Next Mark 1.991ms
[2020-09-29T10:10:24.027+0000][7792][gc           ] GC(102) Concurrent Cycle 282.282ms
[2020-09-29T10:10:24.076+0000][7792][gc,start     ] GC(103) Pause Young (Concurrent Start) (G1 Humongous Allocation)
[2020-09-29T10:10:24.076+0000][7792][gc,task      ] GC(103) Using 8 workers of 8 for evacuation
[2020-09-29T10:10:24.076+0000][7792][gc,age       ] GC(103) Desired survivor size 33554432 bytes, new threshold 15 (max threshold 15)
[2020-09-29T10:10:24.081+0000][7792][gc,age       ] GC(103) Age table with threshold 15 (max threshold 15)
[2020-09-29T10:10:24.081+0000][7792][gc,age       ] GC(103) - age   1:    3300696 bytes,    3300696 total
[2020-09-29T10:10:24.081+0000][7792][gc,age       ] GC(103) - age   2:     410408 bytes,    3711104 total
[2020-09-29T10:10:24.081+0000][7792][gc,age       ] GC(103) - age   3:     409344 bytes,    4120448 total
[2020-09-29T10:10:24.081+0000][7792][gc,age       ] GC(103) - age   4:     204696 bytes,    4325144 total
[2020-09-29T10:10:24.081+0000][7792][gc,age       ] GC(103) - age   5:     409000 bytes,    4734144 total
[2020-09-29T10:10:24.081+0000][7792][gc,age       ] GC(103) - age   6:      63792 bytes,    4797936 total
[2020-09-29T10:10:24.081+0000][7792][gc,age       ] GC(103) - age   7:        904 bytes,    4798840 total
[2020-09-29T10:10:24.081+0000][7792][gc,age       ] GC(103) - age   8:       1672 bytes,    4800512 total
[2020-09-29T10:10:24.081+0000][7792][gc,age       ] GC(103) - age   9:      19288 bytes,    4819800 total
[2020-09-29T10:10:24.081+0000][7792][gc,age       ] GC(103) - age  10:     818688 bytes,    5638488 total
[2020-09-29T10:10:24.081+0000][7792][gc,age       ] GC(103) - age  11:       1152 bytes,    5639640 total
[2020-09-29T10:10:24.081+0000][7792][gc,age       ] GC(103) - age  12:       1704 bytes,    5641344 total
[2020-09-29T10:10:24.082+0000][7792][gc,age       ] GC(103) - age  13:       1688 bytes,    5643032 total
[2020-09-29T10:10:24.082+0000][7792][gc,age       ] GC(103) - age  14:       2248 bytes,    5645280 total
[2020-09-29T10:10:24.082+0000][7792][gc,age       ] GC(103) - age  15:      12016 bytes,    5657296 total
[2020-09-29T10:10:24.082+0000][7792][gc,phases    ] GC(103)   Pre Evacuate Collection Set: 0.5ms
[2020-09-29T10:10:24.082+0000][7792][gc,phases    ] GC(103)   Merge Heap Roots: 0.1ms
[2020-09-29T10:10:24.082+0000][7792][gc,phases    ] GC(103)   Evacuate Collection Set: 3.5ms
[2020-09-29T10:10:24.082+0000][7792][gc,phases    ] GC(103)   Post Evacuate Collection Set: 0.9ms
[2020-09-29T10:10:24.082+0000][7792][gc,phases    ] GC(103)   Other: 1.2ms
[2020-09-29T10:10:24.082+0000][7792][gc,heap      ] GC(103) Eden regions: 59->0(502)
[2020-09-29T10:10:24.082+0000][7792][gc,heap      ] GC(103) Survivor regions: 5->6(64)
[2020-09-29T10:10:24.082+0000][7792][gc,heap      ] GC(103) Old regions: 75->75
[2020-09-29T10:10:24.082+0000][7792][gc,heap      ] GC(103) Archive regions: 0->0
[2020-09-29T10:10:24.082+0000][7792][gc,heap      ] GC(103) Humongous regions: 302->174
[2020-09-29T10:10:24.082+0000][7792][gc,metaspace ] GC(103) Metaspace: 85723K(91648K)->85723K(91648K) NonClass: 74608K(78080K)->74608K(78080K) Class: 11114K(13568K)->11114K(13568K)
[2020-09-29T10:10:24.082+0000][7792][gc           ] GC(103) Pause Young (Concurrent Start) (G1 Humongous Allocation) 439M->253M(1024M) 6.660ms
[2020-09-29T10:10:24.082+0000][7792][gc,cpu       ] GC(103) User=0.13s Sys=0.00s Real=0.01s
[2020-09-29T10:10:24.082+0000][7792][safepoint    ] Safepoint "G1TryInitiateConcMark", Time since last: 50991700 ns, Reaching safepoint: 179300 ns, At safepoint: 6889100 ns, Total: 7068400 ns
[2020-09-29T10:10:24.082+0000][7792][gc           ] GC(104) Concurrent Cycle
[2020-09-29T10:10:24.083+0000][7792][gc,marking   ] GC(104) Concurrent Clear Claimed Marks
[2020-09-29T10:10:24.083+0000][7792][gc,marking   ] GC(104) Concurrent Clear Claimed Marks 0.372ms
[2020-09-29T10:10:24.083+0000][7792][gc,marking   ] GC(104) Concurrent Scan Root Regions
[2020-09-29T10:10:24.086+0000][7792][gc,marking   ] GC(104) Concurrent Scan Root Regions 3.300ms
[2020-09-29T10:10:24.086+0000][7792][gc,marking   ] GC(104) Concurrent Mark (887.188s)
[2020-09-29T10:10:24.086+0000][7792][gc,marking   ] GC(104) Concurrent Mark From Roots
[2020-09-29T10:10:24.086+0000][7792][gc,task      ] GC(104) Using 2 workers of 2 for marking
[2020-09-29T10:10:24.237+0000][7792][gc,marking   ] GC(104) Concurrent Mark From Roots 150.165ms
[2020-09-29T10:10:24.237+0000][7792][gc,marking   ] GC(104) Concurrent Preclean
[2020-09-29T10:10:24.237+0000][7792][gc,marking   ] GC(104) Concurrent Preclean 0.635ms
[2020-09-29T10:10:24.237+0000][7792][gc,marking   ] GC(104) Concurrent Mark (887.188s, 887.340s) 151.030ms
[2020-09-29T10:10:24.238+0000][7792][gc,start     ] GC(104) Pause Remark
[2020-09-29T10:10:24.251+0000][7792][gc           ] GC(104) Pause Remark 393M->393M(1024M) 13.162ms
[2020-09-29T10:10:24.251+0000][7792][gc,cpu       ] GC(104) User=0.13s Sys=0.00s Real=0.01s
[2020-09-29T10:10:24.252+0000][7792][safepoint    ] Safepoint "G1Concurrent", Time since last: 155157100 ns, Reaching safepoint: 166100 ns, At safepoint: 14469900 ns, Total: 14636000 ns
[2020-09-29T10:10:24.252+0000][7792][gc,marking   ] GC(104) Concurrent Rebuild Remembered Sets
[2020-09-29T10:10:24.305+0000][7792][safepoint    ] Safepoint "ICBufferFull", Time since last: 51572000 ns, Reaching safepoint: 854000 ns, At safepoint: 25900 ns, Total: 879900 ns
[2020-09-29T10:10:24.336+0000][7792][gc,marking   ] GC(104) Concurrent Rebuild Remembered Sets 83.664ms
[2020-09-29T10:10:24.337+0000][7792][gc,start     ] GC(104) Pause Cleanup
[2020-09-29T10:10:24.337+0000][7792][gc           ] GC(104) Pause Cleanup 462M->462M(1024M) 0.370ms
[2020-09-29T10:10:24.337+0000][7792][gc,cpu       ] GC(104) User=0.00s Sys=0.00s Real=0.00s
[2020-09-29T10:10:24.339+0000][7792][safepoint    ] Safepoint "G1Concurrent", Time since last: 31516600 ns, Reaching safepoint: 395700 ns, At safepoint: 2338700 ns, Total: 2734400 ns
[2020-09-29T10:10:24.339+0000][7792][gc,marking   ] GC(104) Concurrent Cleanup for Next Mark
[2020-09-29T10:10:24.341+0000][7792][gc,marking   ] GC(104) Concurrent Cleanup for Next Mark 1.835ms
[2020-09-29T10:10:24.341+0000][7792][gc           ] GC(104) Concurrent Cycle 258.716ms
[2020-09-29T10:10:25.340+0000][7792][safepoint    ] Safepoint "Cleanup", Time since last: 1000419700 ns, Reaching safepoint: 306900 ns, At safepoint: 11000 ns, Total: 317900 ns
[2020-09-29T10:10:25.851+0000][7792][gc,start     ] GC(105) Pause Young (Concurrent Start) (G1 Humongous Allocation)
[2020-09-29T10:10:25.851+0000][7792][gc,task      ] GC(105) Using 8 workers of 8 for evacuation
[2020-09-29T10:10:25.851+0000][7792][gc,age       ] GC(105) Desired survivor size 33554432 bytes, new threshold 15 (max threshold 15)
[2020-09-29T10:10:25.855+0000][7792][gc,age       ] GC(105) Age table with threshold 15 (max threshold 15)
[2020-09-29T10:10:25.855+0000][7792][gc,age       ] GC(105) - age   1:    2736240 bytes,    2736240 total
[2020-09-29T10:10:25.855+0000][7792][gc,age       ] GC(105) - age   2:       2792 bytes,    2739032 total
[2020-09-29T10:10:25.855+0000][7792][gc,age       ] GC(105) - age   3:       1976 bytes,    2741008 total
[2020-09-29T10:10:25.855+0000][7792][gc,age       ] GC(105) - age   4:       1296 bytes,    2742304 total
[2020-09-29T10:10:25.855+0000][7792][gc,age       ] GC(105) - age   5:       1600 bytes,    2743904 total
[2020-09-29T10:10:25.855+0000][7792][gc,age       ] GC(105) - age   6:       2048 bytes,    2745952 total
[2020-09-29T10:10:25.855+0000][7792][gc,age       ] GC(105) - age   7:      62624 bytes,    2808576 total
[2020-09-29T10:10:25.855+0000][7792][gc,age       ] GC(105) - age   8:        904 bytes,    2809480 total
[2020-09-29T10:10:25.855+0000][7792][gc,age       ] GC(105) - age   9:       1672 bytes,    2811152 total
[2020-09-29T10:10:25.855+0000][7792][gc,age       ] GC(105) - age  10:      19064 bytes,    2830216 total
[2020-09-29T10:10:25.855+0000][7792][gc,age       ] GC(105) - age  11:     817720 bytes,    3647936 total
[2020-09-29T10:10:25.855+0000][7792][gc,age       ] GC(105) - age  12:       1152 bytes,    3649088 total
[2020-09-29T10:10:25.855+0000][7792][gc,age       ] GC(105) - age  13:       1640 bytes,    3650728 total
[2020-09-29T10:10:25.855+0000][7792][gc,age       ] GC(105) - age  14:       1560 bytes,    3652288 total
[2020-09-29T10:10:25.855+0000][7792][gc,age       ] GC(105) - age  15:       2120 bytes,    3654408 total
[2020-09-29T10:10:25.855+0000][7792][gc,phases    ] GC(105)   Pre Evacuate Collection Set: 0.3ms
[2020-09-29T10:10:25.855+0000][7792][gc,phases    ] GC(105)   Merge Heap Roots: 0.1ms
[2020-09-29T10:10:25.855+0000][7792][gc,phases    ] GC(105)   Evacuate Collection Set: 2.2ms
[2020-09-29T10:10:25.855+0000][7792][gc,phases    ] GC(105)   Post Evacuate Collection Set: 0.8ms
[2020-09-29T10:10:25.855+0000][7792][gc,phases    ] GC(105)   Other: 0.6ms
[2020-09-29T10:10:25.855+0000][7792][gc,heap      ] GC(105) Eden regions: 73->0(505)
[2020-09-29T10:10:25.855+0000][7792][gc,heap      ] GC(105) Survivor regions: 6->4(64)
[2020-09-29T10:10:25.855+0000][7792][gc,heap      ] GC(105) Old regions: 75->75
[2020-09-29T10:10:25.855+0000][7792][gc,heap      ] GC(105) Archive regions: 0->0
[2020-09-29T10:10:25.855+0000][7792][gc,heap      ] GC(105) Humongous regions: 324->174
[2020-09-29T10:10:25.855+0000][7792][gc,metaspace ] GC(105) Metaspace: 85783K(91904K)->85783K(91904K) NonClass: 74677K(78336K)->74677K(78336K) Class: 11105K(13568K)->11105K(13568K)
[2020-09-29T10:10:25.855+0000][7792][gc           ] GC(105) Pause Young (Concurrent Start) (G1 Humongous Allocation) 476M->252M(1024M) 4.143ms
[2020-09-29T10:10:25.855+0000][7792][gc,cpu       ] GC(105) User=0.00s Sys=0.00s Real=0.00s
[2020-09-29T10:10:25.855+0000][7792][safepoint    ] Safepoint "G1TryInitiateConcMark", Time since last: 512024200 ns, Reaching safepoint: 243500 ns, At safepoint: 4278100 ns, Total: 4521600 ns
[2020-09-29T10:10:25.856+0000][7792][gc           ] GC(106) Concurrent Cycle
[2020-09-29T10:10:25.856+0000][7792][gc,marking   ] GC(106) Concurrent Clear Claimed Marks
[2020-09-29T10:10:25.856+0000][7792][gc,marking   ] GC(106) Concurrent Clear Claimed Marks 0.344ms
[2020-09-29T10:10:25.856+0000][7792][gc,marking   ] GC(106) Concurrent Scan Root Regions
[2020-09-29T10:10:25.859+0000][7792][gc,marking   ] GC(106) Concurrent Scan Root Regions 2.869ms
[2020-09-29T10:10:25.859+0000][7792][gc,marking   ] GC(106) Concurrent Mark (888.962s)
[2020-09-29T10:10:25.859+0000][7792][gc,marking   ] GC(106) Concurrent Mark From Roots
[2020-09-29T10:10:25.859+0000][7792][gc,task      ] GC(106) Using 2 workers of 2 for marking
[2020-09-29T10:10:25.986+0000][7792][gc,marking   ] GC(106) Concurrent Mark From Roots 125.960ms
[2020-09-29T10:10:25.986+0000][7792][gc,marking   ] GC(106) Concurrent Preclean
[2020-09-29T10:10:25.986+0000][7792][gc,marking   ] GC(106) Concurrent Preclean 0.438ms
[2020-09-29T10:10:25.986+0000][7792][gc,marking   ] GC(106) Concurrent Mark (888.962s, 889.088s) 126.583ms
[2020-09-29T10:10:25.986+0000][7792][gc,start     ] GC(106) Pause Remark
[2020-09-29T10:10:25.992+0000][7792][gc           ] GC(106) Pause Remark 387M->387M(1024M) 5.315ms
[2020-09-29T10:10:25.992+0000][7792][gc,cpu       ] GC(106) User=0.00s Sys=0.00s Real=0.01s
[2020-09-29T10:10:25.992+0000][7792][safepoint    ] Safepoint "G1Concurrent", Time since last: 130183700 ns, Reaching safepoint: 139700 ns, At safepoint: 5549800 ns, Total: 5689500 ns
[2020-09-29T10:10:25.992+0000][7792][gc,marking   ] GC(106) Concurrent Rebuild Remembered Sets
[2020-09-29T10:10:26.060+0000][7792][gc,marking   ] GC(106) Concurrent Rebuild Remembered Sets 68.274ms
[2020-09-29T10:10:26.061+0000][7792][gc,start     ] GC(106) Pause Cleanup
[2020-09-29T10:10:26.061+0000][7792][gc           ] GC(106) Pause Cleanup 458M->458M(1024M) 0.419ms
[2020-09-29T10:10:26.061+0000][7792][gc,cpu       ] GC(106) User=0.00s Sys=0.00s Real=0.00s
[2020-09-29T10:10:26.061+0000][7792][safepoint    ] Safepoint "G1Concurrent", Time since last: 68518900 ns, Reaching safepoint: 201400 ns, At safepoint: 609200 ns, Total: 810600 ns
[2020-09-29T10:10:26.061+0000][7792][gc,marking   ] GC(106) Concurrent Cleanup for Next Mark
[2020-09-29T10:10:26.063+0000][7792][gc,marking   ] GC(106) Concurrent Cleanup for Next Mark 1.894ms
[2020-09-29T10:10:26.063+0000][7792][gc           ] GC(106) Concurrent Cycle 207.225ms
[2020-09-29T10:10:26.065+0000][7792][gc,start     ] GC(107) Pause Young (Concurrent Start) (G1 Humongous Allocation)
[2020-09-29T10:10:26.065+0000][7792][gc,task      ] GC(107) Using 8 workers of 8 for evacuation
[2020-09-29T10:10:26.065+0000][7792][gc,age       ] GC(107) Desired survivor size 33554432 bytes, new threshold 15 (max threshold 15)
[2020-09-29T10:10:26.069+0000][7792][gc,age       ] GC(107) Age table with threshold 15 (max threshold 15)
[2020-09-29T10:10:26.070+0000][7792][gc,age       ] GC(107) - age   1:    3057680 bytes,    3057680 total
[2020-09-29T10:10:26.070+0000][7792][gc,age       ] GC(107) - age   2:      56728 bytes,    3114408 total
[2020-09-29T10:10:26.070+0000][7792][gc,age       ] GC(107) - age   3:       2664 bytes,    3117072 total
[2020-09-29T10:10:26.070+0000][7792][gc,age       ] GC(107) - age   4:       1688 bytes,    3118760 total
[2020-09-29T10:10:26.070+0000][7792][gc,age       ] GC(107) - age   5:       1296 bytes,    3120056 total
[2020-09-29T10:10:26.070+0000][7792][gc,age       ] GC(107) - age   6:       1120 bytes,    3121176 total
[2020-09-29T10:10:26.070+0000][7792][gc,age       ] GC(107) - age   7:       1536 bytes,    3122712 total
[2020-09-29T10:10:26.070+0000][7792][gc,age       ] GC(107) - age   8:      62624 bytes,    3185336 total
[2020-09-29T10:10:26.070+0000][7792][gc,age       ] GC(107) - age   9:        904 bytes,    3186240 total
[2020-09-29T10:10:26.070+0000][7792][gc,age       ] GC(107) - age  10:       1672 bytes,    3187912 total
[2020-09-29T10:10:26.070+0000][7792][gc,age       ] GC(107) - age  11:      19064 bytes,    3206976 total
[2020-09-29T10:10:26.070+0000][7792][gc,age       ] GC(107) - age  12:     817688 bytes,    4024664 total
[2020-09-29T10:10:26.070+0000][7792][gc,age       ] GC(107) - age  13:       1056 bytes,    4025720 total
[2020-09-29T10:10:26.070+0000][7792][gc,age       ] GC(107) - age  14:       1576 bytes,    4027296 total
[2020-09-29T10:10:26.070+0000][7792][gc,age       ] GC(107) - age  15:       1560 bytes,    4028856 total
[2020-09-29T10:10:26.070+0000][7792][gc,phases    ] GC(107)   Pre Evacuate Collection Set: 0.4ms
[2020-09-29T10:10:26.070+0000][7792][gc,phases    ] GC(107)   Merge Heap Roots: 0.1ms
[2020-09-29T10:10:26.070+0000][7792][gc,phases    ] GC(107)   Evacuate Collection Set: 3.1ms
[2020-09-29T10:10:26.070+0000][7792][gc,phases    ] GC(107)   Post Evacuate Collection Set: 0.9ms
[2020-09-29T10:10:26.070+0000][7792][gc,phases    ] GC(107)   Other: 1.0ms
[2020-09-29T10:10:26.070+0000][7792][gc,heap      ] GC(107) Eden regions: 58->0(504)
[2020-09-29T10:10:26.070+0000][7792][gc,heap      ] GC(107) Survivor regions: 4->5(64)
[2020-09-29T10:10:26.070+0000][7792][gc,heap      ] GC(107) Old regions: 75->75
[2020-09-29T10:10:26.070+0000][7792][gc,heap      ] GC(107) Archive regions: 0->0
[2020-09-29T10:10:26.070+0000][7792][gc,heap      ] GC(107) Humongous regions: 324->174
[2020-09-29T10:10:26.070+0000][7792][gc,metaspace ] GC(107) Metaspace: 85794K(91904K)->85794K(91904K) NonClass: 74688K(78336K)->74688K(78336K) Class: 11105K(13568K)->11105K(13568K)
[2020-09-29T10:10:26.070+0000][7792][gc           ] GC(107) Pause Young (Concurrent Start) (G1 Humongous Allocation) 459M->252M(1024M) 5.880ms
[2020-09-29T10:10:26.071+0000][7792][gc,cpu       ] GC(107) User=0.00s Sys=0.00s Real=0.01s
[2020-09-29T10:10:26.071+0000][7792][gc           ] GC(108) Concurrent Cycle
[2020-09-29T10:10:26.071+0000][7792][safepoint    ] Safepoint "G1TryInitiateConcMark", Time since last: 3155100 ns, Reaching safepoint: 176000 ns, At safepoint: 6085000 ns, Total: 6261000 ns
[2020-09-29T10:10:26.071+0000][7792][gc,marking   ] GC(108) Concurrent Clear Claimed Marks
[2020-09-29T10:10:26.071+0000][7792][gc,marking   ] GC(108) Concurrent Clear Claimed Marks 0.383ms
[2020-09-29T10:10:26.071+0000][7792][gc,marking   ] GC(108) Concurrent Scan Root Regions
[2020-09-29T10:10:26.074+0000][7792][gc,marking   ] GC(108) Concurrent Scan Root Regions 2.669ms
[2020-09-29T10:10:26.074+0000][7792][gc,marking   ] GC(108) Concurrent Mark (889.176s)
[2020-09-29T10:10:26.074+0000][7792][gc,marking   ] GC(108) Concurrent Mark From Roots
[2020-09-29T10:10:26.074+0000][7792][gc,task      ] GC(108) Using 2 workers of 2 for marking
[2020-09-29T10:10:26.217+0000][7792][gc,marking   ] GC(108) Concurrent Mark From Roots 143.341ms
[2020-09-29T10:10:26.217+0000][7792][gc,marking   ] GC(108) Concurrent Preclean
[2020-09-29T10:10:26.218+0000][7792][gc,marking   ] GC(108) Concurrent Preclean 0.757ms
[2020-09-29T10:10:26.218+0000][7792][gc,marking   ] GC(108) Concurrent Mark (889.176s, 889.320s) 144.309ms
[2020-09-29T10:10:26.219+0000][7792][gc,start     ] GC(108) Pause Remark
[2020-09-29T10:10:26.225+0000][7792][gc           ] GC(108) Pause Remark 386M->386M(1024M) 6.747ms
[2020-09-29T10:10:26.225+0000][7792][gc,cpu       ] GC(108) User=0.00s Sys=0.00s Real=0.01s
[2020-09-29T10:10:26.226+0000][7792][safepoint    ] Safepoint "G1Concurrent", Time since last: 147637000 ns, Reaching safepoint: 224100 ns, At safepoint: 7109500 ns, Total: 7333600 ns
[2020-09-29T10:10:26.226+0000][7792][gc,marking   ] GC(108) Concurrent Rebuild Remembered Sets
[2020-09-29T10:10:26.326+0000][7792][gc,marking   ] GC(108) Concurrent Rebuild Remembered Sets 100.643ms
[2020-09-29T10:10:26.327+0000][7792][gc,start     ] GC(108) Pause Cleanup
[2020-09-29T10:10:26.327+0000][7792][gc           ] GC(108) Pause Cleanup 507M->507M(1024M) 0.374ms
[2020-09-29T10:10:26.327+0000][7792][gc,cpu       ] GC(108) User=0.00s Sys=0.00s Real=0.00s
[2020-09-29T10:10:26.330+0000][7792][safepoint    ] Safepoint "G1Concurrent", Time since last: 100891300 ns, Reaching safepoint: 219300 ns, At safepoint: 3272000 ns, Total: 3491300 ns
[2020-09-29T10:10:26.330+0000][7792][gc,marking   ] GC(108) Concurrent Cleanup for Next Mark
[2020-09-29T10:10:26.332+0000][7792][gc,marking   ] GC(108) Concurrent Cleanup for Next Mark 2.024ms
[2020-09-29T10:10:26.332+0000][7792][gc           ] GC(108) Concurrent Cycle 261.758ms
[2020-09-29T10:10:26.382+0000][7792][gc,start     ] GC(109) Pause Young (Concurrent Start) (G1 Humongous Allocation)
[2020-09-29T10:10:26.382+0000][7792][gc,task      ] GC(109) Using 8 workers of 8 for evacuation
[2020-09-29T10:10:26.382+0000][7792][gc,age       ] GC(109) Desired survivor size 33554432 bytes, new threshold 15 (max threshold 15)
[2020-09-29T10:10:26.387+0000][7792][gc,age       ] GC(109) Age table with threshold 15 (max threshold 15)
[2020-09-29T10:10:26.387+0000][7792][gc,age       ] GC(109) - age   1:    3460136 bytes,    3460136 total
[2020-09-29T10:10:26.387+0000][7792][gc,age       ] GC(109) - age   2:       6568 bytes,    3466704 total
[2020-09-29T10:10:26.387+0000][7792][gc,age       ] GC(109) - age   3:      52928 bytes,    3519632 total
[2020-09-29T10:10:26.387+0000][7792][gc,age       ] GC(109) - age   4:       2504 bytes,    3522136 total
[2020-09-29T10:10:26.387+0000][7792][gc,age       ] GC(109) - age   5:       1232 bytes,    3523368 total
[2020-09-29T10:10:26.387+0000][7792][gc,age       ] GC(109) - age   6:        720 bytes,    3524088 total
[2020-09-29T10:10:26.387+0000][7792][gc,age       ] GC(109) - age   7:       1088 bytes,    3525176 total
[2020-09-29T10:10:26.387+0000][7792][gc,age       ] GC(109) - age   8:       1536 bytes,    3526712 total
[2020-09-29T10:10:26.387+0000][7792][gc,age       ] GC(109) - age   9:      62624 bytes,    3589336 total
[2020-09-29T10:10:26.387+0000][7792][gc,age       ] GC(109) - age  10:        904 bytes,    3590240 total
[2020-09-29T10:10:26.387+0000][7792][gc,age       ] GC(109) - age  11:       1672 bytes,    3591912 total
[2020-09-29T10:10:26.387+0000][7792][gc,age       ] GC(109) - age  12:      19064 bytes,    3610976 total
[2020-09-29T10:10:26.387+0000][7792][gc,age       ] GC(109) - age  13:     817632 bytes,    4428608 total
[2020-09-29T10:10:26.387+0000][7792][gc,age       ] GC(109) - age  14:       1056 bytes,    4429664 total
[2020-09-29T10:10:26.387+0000][7792][gc,age       ] GC(109) - age  15:       1544 bytes,    4431208 total
[2020-09-29T10:10:26.387+0000][7792][gc,phases    ] GC(109)   Pre Evacuate Collection Set: 0.5ms
[2020-09-29T10:10:26.387+0000][7792][gc,phases    ] GC(109)   Merge Heap Roots: 0.1ms
[2020-09-29T10:10:26.387+0000][7792][gc,phases    ] GC(109)   Evacuate Collection Set: 2.9ms
[2020-09-29T10:10:26.387+0000][7792][gc,phases    ] GC(109)   Post Evacuate Collection Set: 1.1ms
[2020-09-29T10:10:26.387+0000][7792][gc,phases    ] GC(109)   Other: 1.0ms
[2020-09-29T10:10:26.388+0000][7792][gc,heap      ] GC(109) Eden regions: 69->0(504)
[2020-09-29T10:10:26.388+0000][7792][gc,heap      ] GC(109) Survivor regions: 5->5(64)
[2020-09-29T10:10:26.388+0000][7792][gc,heap      ] GC(109) Old regions: 75->75
[2020-09-29T10:10:26.388+0000][7792][gc,heap      ] GC(109) Archive regions: 0->0
[2020-09-29T10:10:26.388+0000][7792][gc,heap      ] GC(109) Humongous regions: 370->174
[2020-09-29T10:10:26.388+0000][7792][gc,metaspace ] GC(109) Metaspace: 85801K(91904K)->85801K(91904K) NonClass: 74696K(78336K)->74696K(78336K) Class: 11105K(13568K)->11105K(13568K)
[2020-09-29T10:10:26.388+0000][7792][gc           ] GC(109) Pause Young (Concurrent Start) (G1 Humongous Allocation) 517M->252M(1024M) 5.832ms
[2020-09-29T10:10:26.388+0000][7792][gc,cpu       ] GC(109) User=0.00s Sys=0.00s Real=0.01s
[2020-09-29T10:10:26.388+0000][7792][safepoint    ] Safepoint "G1TryInitiateConcMark", Time since last: 52267400 ns, Reaching safepoint: 155500 ns, At safepoint: 6015800 ns, Total: 6171300 ns
[2020-09-29T10:10:26.388+0000][7792][gc           ] GC(110) Concurrent Cycle
[2020-09-29T10:10:26.388+0000][7792][gc,marking   ] GC(110) Concurrent Clear Claimed Marks
[2020-09-29T10:10:26.389+0000][7792][gc,marking   ] GC(110) Concurrent Clear Claimed Marks 0.769ms
[2020-09-29T10:10:26.389+0000][7792][gc,marking   ] GC(110) Concurrent Scan Root Regions
[2020-09-29T10:10:26.392+0000][7792][gc,marking   ] GC(110) Concurrent Scan Root Regions 3.332ms
[2020-09-29T10:10:26.392+0000][7792][gc,marking   ] GC(110) Concurrent Mark (889.495s)
[2020-09-29T10:10:26.392+0000][7792][gc,marking   ] GC(110) Concurrent Mark From Roots
[2020-09-29T10:10:26.392+0000][7792][gc,task      ] GC(110) Using 2 workers of 2 for marking
[2020-09-29T10:10:26.578+0000][7792][gc,marking   ] GC(110) Concurrent Mark From Roots 184.993ms
[2020-09-29T10:10:26.578+0000][7792][gc,marking   ] GC(110) Concurrent Preclean
[2020-09-29T10:10:26.579+0000][7792][gc,marking   ] GC(110) Concurrent Preclean 0.631ms
[2020-09-29T10:10:26.579+0000][7792][gc,marking   ] GC(110) Concurrent Mark (889.495s, 889.681s) 185.892ms
[2020-09-29T10:10:26.579+0000][7792][gc,start     ] GC(110) Pause Remark
[2020-09-29T10:10:26.587+0000][7792][gc           ] GC(110) Pause Remark 437M->437M(1024M) 7.689ms
[2020-09-29T10:10:26.587+0000][7792][gc,cpu       ] GC(110) User=0.00s Sys=0.00s Real=0.01s
[2020-09-29T10:10:26.587+0000][7792][safepoint    ] Safepoint "G1Concurrent", Time since last: 190533400 ns, Reaching safepoint: 218900 ns, At safepoint: 7966800 ns, Total: 8185700 ns
[2020-09-29T10:10:26.587+0000][7792][gc,marking   ] GC(110) Concurrent Rebuild Remembered Sets
[2020-09-29T10:10:26.690+0000][7792][gc,marking   ] GC(110) Concurrent Rebuild Remembered Sets 103.680ms
[2020-09-29T10:10:26.694+0000][7792][gc,start     ] GC(110) Pause Cleanup
[2020-09-29T10:10:26.695+0000][7792][gc           ] GC(110) Pause Cleanup 448M->448M(1024M) 0.442ms
[2020-09-29T10:10:26.695+0000][7792][gc,cpu       ] GC(110) User=0.00s Sys=0.00s Real=0.00s
[2020-09-29T10:10:26.696+0000][7792][safepoint    ] Safepoint "G1Concurrent", Time since last: 103997000 ns, Reaching safepoint: 3558600 ns, At safepoint: 1612700 ns, Total: 5171300 ns
[2020-09-29T10:10:26.696+0000][7792][gc,marking   ] GC(110) Concurrent Cleanup for Next Mark
[2020-09-29T10:10:26.698+0000][7792][gc,marking   ] GC(110) Concurrent Cleanup for Next Mark 2.038ms
[2020-09-29T10:10:26.699+0000][7792][gc           ] GC(110) Concurrent Cycle 310.252ms
[2020-09-29T10:10:26.711+0000][7792][gc,start     ] GC(111) Pause Young (Concurrent Start) (G1 Humongous Allocation)
[2020-09-29T10:10:26.711+0000][7792][gc,task      ] GC(111) Using 8 workers of 8 for evacuation
[2020-09-29T10:10:26.711+0000][7792][gc,age       ] GC(111) Desired survivor size 33554432 bytes, new threshold 15 (max threshold 15)
[2020-09-29T10:10:26.718+0000][7792][gc,age       ] GC(111) Age table with threshold 15 (max threshold 15)
[2020-09-29T10:10:26.718+0000][7792][gc,age       ] GC(111) - age   1:    3033712 bytes,    3033712 total
[2020-09-29T10:10:26.718+0000][7792][gc,age       ] GC(111) - age   2:     410312 bytes,    3444024 total
[2020-09-29T10:10:26.718+0000][7792][gc,age       ] GC(111) - age   3:       2792 bytes,    3446816 total
[2020-09-29T10:10:26.718+0000][7792][gc,age       ] GC(111) - age   4:      52136 bytes,    3498952 total
[2020-09-29T10:10:26.718+0000][7792][gc,age       ] GC(111) - age   5:       2408 bytes,    3501360 total
[2020-09-29T10:10:26.718+0000][7792][gc,age       ] GC(111) - age   6:       1008 bytes,    3502368 total
[2020-09-29T10:10:26.718+0000][7792][gc,age       ] GC(111) - age   7:        688 bytes,    3503056 total
[2020-09-29T10:10:26.718+0000][7792][gc,age       ] GC(111) - age   8:       1088 bytes,    3504144 total
[2020-09-29T10:10:26.718+0000][7792][gc,age       ] GC(111) - age   9:       1536 bytes,    3505680 total
[2020-09-29T10:10:26.718+0000][7792][gc,age       ] GC(111) - age  10:      62624 bytes,    3568304 total
[2020-09-29T10:10:26.718+0000][7792][gc,age       ] GC(111) - age  11:        904 bytes,    3569208 total
[2020-09-29T10:10:26.718+0000][7792][gc,age       ] GC(111) - age  12:       1672 bytes,    3570880 total
[2020-09-29T10:10:26.718+0000][7792][gc,age       ] GC(111) - age  13:      19000 bytes,    3589880 total
[2020-09-29T10:10:26.718+0000][7792][gc,age       ] GC(111) - age  14:     817600 bytes,    4407480 total
[2020-09-29T10:10:26.718+0000][7792][gc,age       ] GC(111) - age  15:       1056 bytes,    4408536 total
[2020-09-29T10:10:26.718+0000][7792][gc,phases    ] GC(111)   Pre Evacuate Collection Set: 1.1ms
[2020-09-29T10:10:26.718+0000][7792][gc,phases    ] GC(111)   Merge Heap Roots: 0.3ms
[2020-09-29T10:10:26.718+0000][7792][gc,phases    ] GC(111)   Evacuate Collection Set: 3.7ms
[2020-09-29T10:10:26.718+0000][7792][gc,phases    ] GC(111)   Post Evacuate Collection Set: 1.3ms
[2020-09-29T10:10:26.718+0000][7792][gc,phases    ] GC(111)   Other: 1.0ms
[2020-09-29T10:10:26.718+0000][7792][gc,heap      ] GC(111) Eden regions: 56->0(505)
[2020-09-29T10:10:26.719+0000][7792][gc,heap      ] GC(111) Survivor regions: 5->5(64)
[2020-09-29T10:10:26.719+0000][7792][gc,heap      ] GC(111) Old regions: 75->75
[2020-09-29T10:10:26.719+0000][7792][gc,heap      ] GC(111) Archive regions: 0->0
[2020-09-29T10:10:26.719+0000][7792][gc,heap      ] GC(111) Humongous regions: 320->174
[2020-09-29T10:10:26.719+0000][7792][gc,metaspace ] GC(111) Metaspace: 85806K(91904K)->85806K(91904K) NonClass: 74700K(78336K)->74700K(78336K) Class: 11105K(13568K)->11105K(13568K)
[2020-09-29T10:10:26.719+0000][7792][gc           ] GC(111) Pause Young (Concurrent Start) (G1 Humongous Allocation) 453M->252M(1024M) 7.803ms
[2020-09-29T10:10:26.719+0000][7792][gc,cpu       ] GC(111) User=0.05s Sys=0.00s Real=0.01s
[2020-09-29T10:10:26.719+0000][7792][safepoint    ] Safepoint "G1TryInitiateConcMark", Time since last: 14485200 ns, Reaching safepoint: 159800 ns, At safepoint: 8031600 ns, Total: 8191400 ns
[2020-09-29T10:10:26.719+0000][7792][gc           ] GC(112) Concurrent Cycle
[2020-09-29T10:10:26.719+0000][7792][gc,marking   ] GC(112) Concurrent Clear Claimed Marks
[2020-09-29T10:10:26.720+0000][7792][gc,marking   ] GC(112) Concurrent Clear Claimed Marks 0.589ms
[2020-09-29T10:10:26.720+0000][7792][gc,marking   ] GC(112) Concurrent Scan Root Regions
[2020-09-29T10:10:26.723+0000][7792][gc,marking   ] GC(112) Concurrent Scan Root Regions 3.400ms
[2020-09-29T10:10:26.723+0000][7792][gc,marking   ] GC(112) Concurrent Mark (889.826s)
[2020-09-29T10:10:26.723+0000][7792][gc,marking   ] GC(112) Concurrent Mark From Roots
[2020-09-29T10:10:26.723+0000][7792][gc,task      ] GC(112) Using 2 workers of 2 for marking
[2020-09-29T10:10:26.908+0000][7792][gc,marking   ] GC(112) Concurrent Mark From Roots 184.416ms
[2020-09-29T10:10:26.908+0000][7792][gc,marking   ] GC(112) Concurrent Preclean
[2020-09-29T10:10:26.908+0000][7792][gc,marking   ] GC(112) Concurrent Preclean 0.593ms
[2020-09-29T10:10:26.908+0000][7792][gc,marking   ] GC(112) Concurrent Mark (889.826s, 890.011s) 185.208ms
[2020-09-29T10:10:26.909+0000][7792][gc,start     ] GC(112) Pause Remark
[2020-09-29T10:10:26.915+0000][7792][gc           ] GC(112) Pause Remark 440M->440M(1024M) 5.965ms
[2020-09-29T10:10:26.915+0000][7792][gc,cpu       ] GC(112) User=0.00s Sys=0.00s Real=0.01s
[2020-09-29T10:10:26.915+0000][7792][safepoint    ] Safepoint "G1Concurrent", Time since last: 189624700 ns, Reaching safepoint: 171500 ns, At safepoint: 6218200 ns, Total: 6389700 ns
[2020-09-29T10:10:26.915+0000][7792][gc,marking   ] GC(112) Concurrent Rebuild Remembered Sets
[2020-09-29T10:10:27.010+0000][7792][gc,marking   ] GC(112) Concurrent Rebuild Remembered Sets 94.750ms
[2020-09-29T10:10:27.010+0000][7792][gc,start     ] GC(112) Pause Cleanup
[2020-09-29T10:10:27.010+0000][7792][gc           ] GC(112) Pause Cleanup 506M->506M(1024M) 0.397ms
[2020-09-29T10:10:27.011+0000][7792][gc,cpu       ] GC(112) User=0.00s Sys=0.00s Real=0.00s
[2020-09-29T10:10:27.011+0000][7792][safepoint    ] Safepoint "G1Concurrent", Time since last: 94972300 ns, Reaching safepoint: 265400 ns, At safepoint: 707400 ns, Total: 972800 ns
[2020-09-29T10:10:27.011+0000][7792][gc,marking   ] GC(112) Concurrent Cleanup for Next Mark
[2020-09-29T10:10:27.013+0000][7792][gc,marking   ] GC(112) Concurrent Cleanup for Next Mark 1.883ms
[2020-09-29T10:10:27.013+0000][7792][gc           ] GC(112) Concurrent Cycle 294.095ms
[2020-09-29T10:10:27.067+0000][7792][gc,start     ] GC(113) Pause Young (Concurrent Start) (G1 Humongous Allocation)
[2020-09-29T10:10:27.067+0000][7792][gc,task      ] GC(113) Using 8 workers of 8 for evacuation
[2020-09-29T10:10:27.067+0000][7792][gc,age       ] GC(113) Desired survivor size 33554432 bytes, new threshold 15 (max threshold 15)
[2020-09-29T10:10:27.072+0000][7792][gc,age       ] GC(113) Age table with threshold 15 (max threshold 15)
[2020-09-29T10:10:27.072+0000][7792][gc,age       ] GC(113) - age   1:    3046000 bytes,    3046000 total
[2020-09-29T10:10:27.072+0000][7792][gc,age       ] GC(113) - age   2:     408088 bytes,    3454088 total
[2020-09-29T10:10:27.072+0000][7792][gc,age       ] GC(113) - age   3:     408768 bytes,    3862856 total
[2020-09-29T10:10:27.072+0000][7792][gc,age       ] GC(113) - age   4:       1576 bytes,    3864432 total
[2020-09-29T10:10:27.072+0000][7792][gc,age       ] GC(113) - age   5:      46984 bytes,    3911416 total
[2020-09-29T10:10:27.073+0000][7792][gc,age       ] GC(113) - age   6:       1280 bytes,    3912696 total
[2020-09-29T10:10:27.073+0000][7792][gc,age       ] GC(113) - age   7:        976 bytes,    3913672 total
[2020-09-29T10:10:27.073+0000][7792][gc,age       ] GC(113) - age   8:        688 bytes,    3914360 total
[2020-09-29T10:10:27.073+0000][7792][gc,age       ] GC(113) - age   9:       1088 bytes,    3915448 total
[2020-09-29T10:10:27.073+0000][7792][gc,age       ] GC(113) - age  10:       1536 bytes,    3916984 total
[2020-09-29T10:10:27.073+0000][7792][gc,age       ] GC(113) - age  11:      62624 bytes,    3979608 total
[2020-09-29T10:10:27.073+0000][7792][gc,age       ] GC(113) - age  12:        904 bytes,    3980512 total
[2020-09-29T10:10:27.073+0000][7792][gc,age       ] GC(113) - age  13:       1672 bytes,    3982184 total
[2020-09-29T10:10:27.073+0000][7792][gc,age       ] GC(113) - age  14:      18904 bytes,    4001088 total
[2020-09-29T10:10:27.073+0000][7792][gc,age       ] GC(113) - age  15:     817600 bytes,    4818688 total
[2020-09-29T10:10:27.073+0000][7792][gc,phases    ] GC(113)   Pre Evacuate Collection Set: 0.5ms
[2020-09-29T10:10:27.073+0000][7792][gc,phases    ] GC(113)   Merge Heap Roots: 0.1ms
[2020-09-29T10:10:27.073+0000][7792][gc,phases    ] GC(113)   Evacuate Collection Set: 3.1ms
[2020-09-29T10:10:27.073+0000][7792][gc,phases    ] GC(113)   Post Evacuate Collection Set: 1.0ms
[2020-09-29T10:10:27.073+0000][7792][gc,phases    ] GC(113)   Other: 1.1ms
[2020-09-29T10:10:27.073+0000][7792][gc,heap      ] GC(113) Eden regions: 73->0(505)
[2020-09-29T10:10:27.073+0000][7792][gc,heap      ] GC(113) Survivor regions: 5->5(64)
[2020-09-29T10:10:27.073+0000][7792][gc,heap      ] GC(113) Old regions: 75->75
[2020-09-29T10:10:27.073+0000][7792][gc,heap      ] GC(113) Archive regions: 0->0
[2020-09-29T10:10:27.073+0000][7792][gc,heap      ] GC(113) Humongous regions: 370->174
[2020-09-29T10:10:27.073+0000][7792][gc,metaspace ] GC(113) Metaspace: 85826K(91904K)->85826K(91904K) NonClass: 74721K(78336K)->74721K(78336K) Class: 11105K(13568K)->11105K(13568K)
[2020-09-29T10:10:27.073+0000][7792][gc           ] GC(113) Pause Young (Concurrent Start) (G1 Humongous Allocation) 520M->252M(1024M) 6.213ms
[2020-09-29T10:10:27.073+0000][7792][gc,cpu       ] GC(113) User=0.00s Sys=0.00s Real=0.01s
[2020-09-29T10:10:27.073+0000][7792][gc           ] GC(114) Concurrent Cycle
[2020-09-29T10:10:27.074+0000][7792][safepoint    ] Safepoint "G1TryInitiateConcMark", Time since last: 56184500 ns, Reaching safepoint: 149600 ns, At safepoint: 6416900 ns, Total: 6566500 ns
[2020-09-29T10:10:27.074+0000][7792][gc,marking   ] GC(114) Concurrent Clear Claimed Marks
[2020-09-29T10:10:27.074+0000][7792][gc,marking   ] GC(114) Concurrent Clear Claimed Marks 0.597ms
[2020-09-29T10:10:27.074+0000][7792][gc,marking   ] GC(114) Concurrent Scan Root Regions
[2020-09-29T10:10:27.078+0000][7792][gc,marking   ] GC(114) Concurrent Scan Root Regions 3.554ms
[2020-09-29T10:10:27.078+0000][7792][gc,marking   ] GC(114) Concurrent Mark (890.180s)
[2020-09-29T10:10:27.078+0000][7792][gc,marking   ] GC(114) Concurrent Mark From Roots
[2020-09-29T10:10:27.078+0000][7792][gc,task      ] GC(114) Using 2 workers of 2 for marking
[2020-09-29T10:10:27.223+0000][7792][gc,marking   ] GC(114) Concurrent Mark From Roots 145.231ms
[2020-09-29T10:10:27.223+0000][7792][gc,marking   ] GC(114) Concurrent Preclean
[2020-09-29T10:10:27.224+0000][7792][gc,marking   ] GC(114) Concurrent Preclean 0.566ms
[2020-09-29T10:10:27.224+0000][7792][gc,marking   ] GC(114) Concurrent Mark (890.180s, 890.326s) 145.964ms
[2020-09-29T10:10:27.224+0000][7792][gc,start     ] GC(114) Pause Remark
[2020-09-29T10:10:27.230+0000][7792][gc           ] GC(114) Pause Remark 447M->447M(1024M) 5.655ms
[2020-09-29T10:10:27.230+0000][7792][gc,cpu       ] GC(114) User=0.00s Sys=0.00s Real=0.01s
[2020-09-29T10:10:27.230+0000][7792][safepoint    ] Safepoint "G1Concurrent", Time since last: 150564200 ns, Reaching safepoint: 223800 ns, At safepoint: 5921100 ns, Total: 6144900 ns
[2020-09-29T10:10:27.230+0000][7792][gc,marking   ] GC(114) Concurrent Rebuild Remembered Sets
[2020-09-29T10:10:27.325+0000][7792][gc,marking   ] GC(114) Concurrent Rebuild Remembered Sets 94.517ms
[2020-09-29T10:10:27.325+0000][7792][gc,start     ] GC(114) Pause Cleanup
[2020-09-29T10:10:27.325+0000][7792][gc           ] GC(114) Pause Cleanup 518M->518M(1024M) 0.392ms
[2020-09-29T10:10:27.326+0000][7792][gc,cpu       ] GC(114) User=0.00s Sys=0.00s Real=0.00s
[2020-09-29T10:10:27.326+0000][7792][safepoint    ] Safepoint "G1Concurrent", Time since last: 94735000 ns, Reaching safepoint: 272900 ns, At safepoint: 648600 ns, Total: 921500 ns
[2020-09-29T10:10:27.326+0000][7792][gc,marking   ] GC(114) Concurrent Cleanup for Next Mark
[2020-09-29T10:10:27.328+0000][7792][gc,marking   ] GC(114) Concurrent Cleanup for Next Mark 1.905ms
[2020-09-29T10:10:27.328+0000][7792][gc           ] GC(114) Concurrent Cycle 254.527ms
[2020-09-29T10:10:27.412+0000][7792][gc,start     ] GC(115) Pause Young (Concurrent Start) (G1 Humongous Allocation)
[2020-09-29T10:10:27.412+0000][7792][gc,task      ] GC(115) Using 8 workers of 8 for evacuation
[2020-09-29T10:10:27.412+0000][7792][gc,age       ] GC(115) Desired survivor size 33554432 bytes, new threshold 15 (max threshold 15)
[2020-09-29T10:10:27.416+0000][7792][gc,age       ] GC(115) Age table with threshold 15 (max threshold 15)
[2020-09-29T10:10:27.417+0000][7792][gc,age       ] GC(115) - age   1:    2715312 bytes,    2715312 total
[2020-09-29T10:10:27.417+0000][7792][gc,age       ] GC(115) - age   2:       4472 bytes,    2719784 total
[2020-09-29T10:10:27.417+0000][7792][gc,age       ] GC(115) - age   3:       1456 bytes,    2721240 total
[2020-09-29T10:10:27.417+0000][7792][gc,age       ] GC(115) - age   4:       3256 bytes,    2724496 total
[2020-09-29T10:10:27.417+0000][7792][gc,age       ] GC(115) - age   5:       1080 bytes,    2725576 total
[2020-09-29T10:10:27.417+0000][7792][gc,age       ] GC(115) - age   6:      44944 bytes,    2770520 total
[2020-09-29T10:10:27.417+0000][7792][gc,age       ] GC(115) - age   7:       1248 bytes,    2771768 total
[2020-09-29T10:10:27.417+0000][7792][gc,age       ] GC(115) - age   8:        976 bytes,    2772744 total
[2020-09-29T10:10:27.417+0000][7792][gc,age       ] GC(115) - age   9:        688 bytes,    2773432 total
[2020-09-29T10:10:27.417+0000][7792][gc,age       ] GC(115) - age  10:        800 bytes,    2774232 total
[2020-09-29T10:10:27.417+0000][7792][gc,age       ] GC(115) - age  11:       1472 bytes,    2775704 total
[2020-09-29T10:10:27.417+0000][7792][gc,age       ] GC(115) - age  12:      62528 bytes,    2838232 total
[2020-09-29T10:10:27.417+0000][7792][gc,age       ] GC(115) - age  13:        904 bytes,    2839136 total
[2020-09-29T10:10:27.417+0000][7792][gc,age       ] GC(115) - age  14:       1672 bytes,    2840808 total
[2020-09-29T10:10:27.417+0000][7792][gc,age       ] GC(115) - age  15:      18904 bytes,    2859712 total
[2020-09-29T10:10:27.417+0000][7792][gc,phases    ] GC(115)   Pre Evacuate Collection Set: 0.4ms
[2020-09-29T10:10:27.417+0000][7792][gc,phases    ] GC(115)   Merge Heap Roots: 0.1ms
[2020-09-29T10:10:27.417+0000][7792][gc,phases    ] GC(115)   Evacuate Collection Set: 2.5ms
[2020-09-29T10:10:27.417+0000][7792][gc,phases    ] GC(115)   Post Evacuate Collection Set: 0.8ms
[2020-09-29T10:10:27.417+0000][7792][gc,phases    ] GC(115)   Other: 1.0ms
[2020-09-29T10:10:27.417+0000][7792][gc,heap      ] GC(115) Eden regions: 84->0(507)
[2020-09-29T10:10:27.417+0000][7792][gc,heap      ] GC(115) Survivor regions: 5->3(64)
[2020-09-29T10:10:27.417+0000][7792][gc,heap      ] GC(115) Old regions: 75->75
[2020-09-29T10:10:27.417+0000][7792][gc,heap      ] GC(115) Archive regions: 0->0
[2020-09-29T10:10:27.417+0000][7792][gc,heap      ] GC(115) Humongous regions: 370->174
[2020-09-29T10:10:27.417+0000][7792][gc,metaspace ] GC(115) Metaspace: 85881K(91904K)->85881K(91904K) NonClass: 74774K(78336K)->74774K(78336K) Class: 11106K(13568K)->11106K(13568K)
[2020-09-29T10:10:27.418+0000][7792][gc           ] GC(115) Pause Young (Concurrent Start) (G1 Humongous Allocation) 532M->251M(1024M) 5.179ms
[2020-09-29T10:10:27.418+0000][7792][gc,cpu       ] GC(115) User=0.00s Sys=0.00s Real=0.01s
[2020-09-29T10:10:27.418+0000][7792][gc           ] GC(116) Concurrent Cycle
[2020-09-29T10:10:27.418+0000][7792][safepoint    ] Safepoint "G1TryInitiateConcMark", Time since last: 86449700 ns, Reaching safepoint: 191500 ns, At safepoint: 5395900 ns, Total: 5587400 ns
[2020-09-29T10:10:27.418+0000][7792][gc,marking   ] GC(116) Concurrent Clear Claimed Marks
[2020-09-29T10:10:27.418+0000][7792][gc,marking   ] GC(116) Concurrent Clear Claimed Marks 0.409ms
[2020-09-29T10:10:27.418+0000][7792][gc,marking   ] GC(116) Concurrent Scan Root Regions
[2020-09-29T10:10:27.420+0000][7792][gc,marking   ] GC(116) Concurrent Scan Root Regions 2.238ms
[2020-09-29T10:10:27.421+0000][7792][gc,marking   ] GC(116) Concurrent Mark (890.523s)
[2020-09-29T10:10:27.421+0000][7792][gc,marking   ] GC(116) Concurrent Mark From Roots
[2020-09-29T10:10:27.421+0000][7792][gc,task      ] GC(116) Using 2 workers of 2 for marking
[2020-09-29T10:10:27.579+0000][7792][gc,marking   ] GC(116) Concurrent Mark From Roots 158.901ms
[2020-09-29T10:10:27.580+0000][7792][gc,marking   ] GC(116) Concurrent Preclean
[2020-09-29T10:10:27.580+0000][7792][gc,marking   ] GC(116) Concurrent Preclean 0.679ms
[2020-09-29T10:10:27.580+0000][7792][gc,marking   ] GC(116) Concurrent Mark (890.523s, 890.683s) 159.804ms
[2020-09-29T10:10:27.581+0000][7792][gc,start     ] GC(116) Pause Remark
[2020-09-29T10:10:27.587+0000][7792][gc           ] GC(116) Pause Remark 383M->383M(1024M) 6.064ms
[2020-09-29T10:10:27.587+0000][7792][gc,cpu       ] GC(116) User=0.00s Sys=0.00s Real=0.01s
[2020-09-29T10:10:27.587+0000][7792][safepoint    ] Safepoint "G1Concurrent", Time since last: 162776400 ns, Reaching safepoint: 178400 ns, At safepoint: 6357100 ns, Total: 6535500 ns
[2020-09-29T10:10:27.587+0000][7792][gc,marking   ] GC(116) Concurrent Rebuild Remembered Sets
[2020-09-29T10:10:27.688+0000][7792][gc,marking   ] GC(116) Concurrent Rebuild Remembered Sets 100.173ms
[2020-09-29T10:10:27.688+0000][7792][gc,start     ] GC(116) Pause Cleanup
[2020-09-29T10:10:27.688+0000][7792][gc           ] GC(116) Pause Cleanup 386M->386M(1024M) 0.371ms
[2020-09-29T10:10:27.688+0000][7792][gc,cpu       ] GC(116) User=0.00s Sys=0.00s Real=0.00s
[2020-09-29T10:10:27.689+0000][7792][safepoint    ] Safepoint "G1Concurrent", Time since last: 100385500 ns, Reaching safepoint: 186300 ns, At safepoint: 611500 ns, Total: 797800 ns
[2020-09-29T10:10:27.689+0000][7792][gc,marking   ] GC(116) Concurrent Cleanup for Next Mark
[2020-09-29T10:10:27.690+0000][7792][gc,marking   ] GC(116) Concurrent Cleanup for Next Mark 1.771ms
[2020-09-29T10:10:27.691+0000][7792][gc           ] GC(116) Concurrent Cycle 272.547ms
[2020-09-29T10:10:28.026+0000][7792][gc,start     ] GC(117) Pause Young (Concurrent Start) (G1 Humongous Allocation)
[2020-09-29T10:10:28.026+0000][7792][gc,task      ] GC(117) Using 8 workers of 8 for evacuation
[2020-09-29T10:10:28.026+0000][7792][gc,age       ] GC(117) Desired survivor size 33554432 bytes, new threshold 15 (max threshold 15)
[2020-09-29T10:10:28.030+0000][7792][gc,age       ] GC(117) Age table with threshold 15 (max threshold 15)
[2020-09-29T10:10:28.030+0000][7792][gc,age       ] GC(117) - age   1:    2676400 bytes,    2676400 total
[2020-09-29T10:10:28.030+0000][7792][gc,age       ] GC(117) - age   2:      38920 bytes,    2715320 total
[2020-09-29T10:10:28.030+0000][7792][gc,age       ] GC(117) - age   3:       3192 bytes,    2718512 total
[2020-09-29T10:10:28.030+0000][7792][gc,age       ] GC(117) - age   4:       1288 bytes,    2719800 total
[2020-09-29T10:10:28.030+0000][7792][gc,age       ] GC(117) - age   5:       3256 bytes,    2723056 total
[2020-09-29T10:10:28.030+0000][7792][gc,age       ] GC(117) - age   6:        888 bytes,    2723944 total
[2020-09-29T10:10:28.030+0000][7792][gc,age       ] GC(117) - age   7:      44944 bytes,    2768888 total
[2020-09-29T10:10:28.030+0000][7792][gc,age       ] GC(117) - age   8:       1248 bytes,    2770136 total
[2020-09-29T10:10:28.030+0000][7792][gc,age       ] GC(117) - age   9:        976 bytes,    2771112 total
[2020-09-29T10:10:28.030+0000][7792][gc,age       ] GC(117) - age  10:        688 bytes,    2771800 total
[2020-09-29T10:10:28.030+0000][7792][gc,age       ] GC(117) - age  11:        464 bytes,    2772264 total
[2020-09-29T10:10:28.030+0000][7792][gc,age       ] GC(117) - age  12:       1472 bytes,    2773736 total
[2020-09-29T10:10:28.030+0000][7792][gc,age       ] GC(117) - age  13:      62368 bytes,    2836104 total
[2020-09-29T10:10:28.030+0000][7792][gc,age       ] GC(117) - age  14:        872 bytes,    2836976 total
[2020-09-29T10:10:28.030+0000][7792][gc,age       ] GC(117) - age  15:       1672 bytes,    2838648 total
[2020-09-29T10:10:28.030+0000][7792][gc,phases    ] GC(117)   Pre Evacuate Collection Set: 0.4ms
[2020-09-29T10:10:28.030+0000][7792][gc,phases    ] GC(117)   Merge Heap Roots: 0.1ms
[2020-09-29T10:10:28.031+0000][7792][gc,phases    ] GC(117)   Evacuate Collection Set: 2.1ms
[2020-09-29T10:10:28.031+0000][7792][gc,phases    ] GC(117)   Post Evacuate Collection Set: 0.9ms
[2020-09-29T10:10:28.031+0000][7792][gc,phases    ] GC(117)   Other: 1.0ms
[2020-09-29T10:10:28.031+0000][7792][gc,heap      ] GC(117) Eden regions: 43->0(507)
[2020-09-29T10:10:28.031+0000][7792][gc,heap      ] GC(117) Survivor regions: 3->3(64)
[2020-09-29T10:10:28.031+0000][7792][gc,heap      ] GC(117) Old regions: 75->76
[2020-09-29T10:10:28.031+0000][7792][gc,heap      ] GC(117) Archive regions: 0->0
[2020-09-29T10:10:28.031+0000][7792][gc,heap      ] GC(117) Humongous regions: 274->174
[2020-09-29T10:10:28.031+0000][7792][gc,metaspace ] GC(117) Metaspace: 85889K(91904K)->85889K(91904K) NonClass: 74782K(78336K)->74782K(78336K) Class: 11106K(13568K)->11106K(13568K)
[2020-09-29T10:10:28.031+0000][7792][gc           ] GC(117) Pause Young (Concurrent Start) (G1 Humongous Allocation) 394M->251M(1024M) 4.834ms
[2020-09-29T10:10:28.031+0000][7792][gc,cpu       ] GC(117) User=0.02s Sys=0.02s Real=0.00s
[2020-09-29T10:10:28.031+0000][7792][gc           ] GC(118) Concurrent Cycle
[2020-09-29T10:10:28.031+0000][7792][safepoint    ] Safepoint "G1TryInitiateConcMark", Time since last: 337209500 ns, Reaching safepoint: 179700 ns, At safepoint: 5004000 ns, Total: 5183700 ns
[2020-09-29T10:10:28.031+0000][7792][gc,marking   ] GC(118) Concurrent Clear Claimed Marks
[2020-09-29T10:10:28.031+0000][7792][gc,marking   ] GC(118) Concurrent Clear Claimed Marks 0.528ms
[2020-09-29T10:10:28.032+0000][7792][gc,marking   ] GC(118) Concurrent Scan Root Regions
[2020-09-29T10:10:28.034+0000][7792][gc,marking   ] GC(118) Concurrent Scan Root Regions 2.360ms
[2020-09-29T10:10:28.034+0000][7792][gc,marking   ] GC(118) Concurrent Mark (891.136s)
[2020-09-29T10:10:28.034+0000][7792][gc,marking   ] GC(118) Concurrent Mark From Roots
[2020-09-29T10:10:28.034+0000][7792][gc,task      ] GC(118) Using 2 workers of 2 for marking
[2020-09-29T10:10:28.179+0000][7792][gc,marking   ] GC(118) Concurrent Mark From Roots 144.732ms
[2020-09-29T10:10:28.179+0000][7792][gc,marking   ] GC(118) Concurrent Preclean
[2020-09-29T10:10:28.180+0000][7792][gc,marking   ] GC(118) Concurrent Preclean 0.643ms
[2020-09-29T10:10:28.180+0000][7792][gc,marking   ] GC(118) Concurrent Mark (891.136s, 891.282s) 145.636ms
[2020-09-29T10:10:28.180+0000][7792][gc,start     ] GC(118) Pause Remark
[2020-09-29T10:10:28.193+0000][7792][gc           ] GC(118) Pause Remark 388M->388M(1024M) 12.396ms
[2020-09-29T10:10:28.193+0000][7792][gc,cpu       ] GC(118) User=0.11s Sys=0.02s Real=0.01s
[2020-09-29T10:10:28.193+0000][7792][safepoint    ] Safepoint "G1Concurrent", Time since last: 148901500 ns, Reaching safepoint: 154900 ns, At safepoint: 12667400 ns, Total: 12822300 ns
[2020-09-29T10:10:28.193+0000][7792][gc,marking   ] GC(118) Concurrent Rebuild Remembered Sets
[2020-09-29T10:10:28.237+0000][7792][safepoint    ] Safepoint "ICBufferFull", Time since last: 44023400 ns, Reaching safepoint: 759200 ns, At safepoint: 46400 ns, Total: 805600 ns
[2020-09-29T10:10:28.287+0000][7792][gc,marking   ] GC(118) Concurrent Rebuild Remembered Sets 94.091ms
[2020-09-29T10:10:28.287+0000][7792][gc,start     ] GC(118) Pause Cleanup
[2020-09-29T10:10:28.288+0000][7792][gc           ] GC(118) Pause Cleanup 457M->457M(1024M) 0.370ms
[2020-09-29T10:10:28.288+0000][7792][gc,cpu       ] GC(118) User=0.00s Sys=0.00s Real=0.00s
[2020-09-29T10:10:28.288+0000][7792][safepoint    ] Safepoint "G1Concurrent", Time since last: 49467100 ns, Reaching safepoint: 256800 ns, At safepoint: 531300 ns, Total: 788100 ns
[2020-09-29T10:10:28.288+0000][7792][gc,marking   ] GC(118) Concurrent Cleanup for Next Mark
[2020-09-29T10:10:28.289+0000][7792][gc,marking   ] GC(118) Concurrent Cleanup for Next Mark 1.698ms
[2020-09-29T10:10:28.290+0000][7792][gc           ] GC(118) Concurrent Cycle 258.731ms
[2020-09-29T10:10:28.312+0000][7792][gc,start     ] GC(119) Pause Young (Concurrent Start) (G1 Humongous Allocation)
[2020-09-29T10:10:28.312+0000][7792][gc,task      ] GC(119) Using 8 workers of 8 for evacuation
[2020-09-29T10:10:28.312+0000][7792][gc,age       ] GC(119) Desired survivor size 33554432 bytes, new threshold 15 (max threshold 15)
[2020-09-29T10:10:28.315+0000][7792][gc,age       ] GC(119) Age table with threshold 15 (max threshold 15)
[2020-09-29T10:10:28.315+0000][7792][gc,age       ] GC(119) - age   1:    3304304 bytes,    3304304 total
[2020-09-29T10:10:28.315+0000][7792][gc,age       ] GC(119) - age   2:       4200 bytes,    3308504 total
[2020-09-29T10:10:28.316+0000][7792][gc,age       ] GC(119) - age   3:      35072 bytes,    3343576 total
[2020-09-29T10:10:28.316+0000][7792][gc,age       ] GC(119) - age   4:       2872 bytes,    3346448 total
[2020-09-29T10:10:28.316+0000][7792][gc,age       ] GC(119) - age   5:       1288 bytes,    3347736 total
[2020-09-29T10:10:28.316+0000][7792][gc,age       ] GC(119) - age   6:       3096 bytes,    3350832 total
[2020-09-29T10:10:28.316+0000][7792][gc,age       ] GC(119) - age   7:        856 bytes,    3351688 total
[2020-09-29T10:10:28.316+0000][7792][gc,age       ] GC(119) - age   8:      44880 bytes,    3396568 total
[2020-09-29T10:10:28.316+0000][7792][gc,age       ] GC(119) - age   9:       1248 bytes,    3397816 total
[2020-09-29T10:10:28.316+0000][7792][gc,age       ] GC(119) - age  10:        976 bytes,    3398792 total
[2020-09-29T10:10:28.316+0000][7792][gc,age       ] GC(119) - age  11:        624 bytes,    3399416 total
[2020-09-29T10:10:28.316+0000][7792][gc,age       ] GC(119) - age  12:        464 bytes,    3399880 total
[2020-09-29T10:10:28.316+0000][7792][gc,age       ] GC(119) - age  13:       1472 bytes,    3401352 total
[2020-09-29T10:10:28.316+0000][7792][gc,age       ] GC(119) - age  14:      62368 bytes,    3463720 total
[2020-09-29T10:10:28.316+0000][7792][gc,age       ] GC(119) - age  15:        840 bytes,    3464560 total
[2020-09-29T10:10:28.316+0000][7792][gc,phases    ] GC(119)   Pre Evacuate Collection Set: 0.4ms
[2020-09-29T10:10:28.316+0000][7792][gc,phases    ] GC(119)   Merge Heap Roots: 0.1ms
[2020-09-29T10:10:28.316+0000][7792][gc,phases    ] GC(119)   Evacuate Collection Set: 1.9ms
[2020-09-29T10:10:28.316+0000][7792][gc,phases    ] GC(119)   Post Evacuate Collection Set: 0.8ms
[2020-09-29T10:10:28.316+0000][7792][gc,phases    ] GC(119)   Other: 1.1ms
[2020-09-29T10:10:28.316+0000][7792][gc,heap      ] GC(119) Eden regions: 62->0(505)
[2020-09-29T10:10:28.316+0000][7792][gc,heap      ] GC(119) Survivor regions: 3->4(64)
[2020-09-29T10:10:28.316+0000][7792][gc,heap      ] GC(119) Old regions: 76->76
[2020-09-29T10:10:28.316+0000][7792][gc,heap      ] GC(119) Archive regions: 0->0
[2020-09-29T10:10:28.316+0000][7792][gc,heap      ] GC(119) Humongous regions: 324->174
[2020-09-29T10:10:28.316+0000][7792][gc,metaspace ] GC(119) Metaspace: 85773K(91904K)->85773K(91904K) NonClass: 74712K(78336K)->74712K(78336K) Class: 11061K(13568K)->11061K(13568K)
[2020-09-29T10:10:28.317+0000][7792][gc           ] GC(119) Pause Young (Concurrent Start) (G1 Humongous Allocation) 463M->252M(1024M) 4.704ms
[2020-09-29T10:10:28.317+0000][7792][gc,cpu       ] GC(119) User=0.00s Sys=0.00s Real=0.00s
[2020-09-29T10:10:28.317+0000][7792][gc           ] GC(120) Concurrent Cycle
[2020-09-29T10:10:28.317+0000][7792][safepoint    ] Safepoint "G1TryInitiateConcMark", Time since last: 23843500 ns, Reaching safepoint: 203200 ns, At safepoint: 4918100 ns, Total: 5121300 ns
[2020-09-29T10:10:28.317+0000][7792][gc,marking   ] GC(120) Concurrent Clear Claimed Marks
[2020-09-29T10:10:28.317+0000][7792][gc,marking   ] GC(120) Concurrent Clear Claimed Marks 0.428ms
[2020-09-29T10:10:28.317+0000][7792][gc,marking   ] GC(120) Concurrent Scan Root Regions
[2020-09-29T10:10:28.319+0000][7792][gc,marking   ] GC(120) Concurrent Scan Root Regions 1.625ms
[2020-09-29T10:10:28.319+0000][7792][gc,marking   ] GC(120) Concurrent Mark (891.421s)
[2020-09-29T10:10:28.319+0000][7792][gc,marking   ] GC(120) Concurrent Mark From Roots
[2020-09-29T10:10:28.319+0000][7792][gc,task      ] GC(120) Using 2 workers of 2 for marking
[2020-09-29T10:10:28.487+0000][7792][gc,marking   ] GC(120) Concurrent Mark From Roots 167.186ms
[2020-09-29T10:10:28.487+0000][7792][gc,marking   ] GC(120) Concurrent Preclean
[2020-09-29T10:10:28.487+0000][7792][gc,marking   ] GC(120) Concurrent Preclean 0.664ms
[2020-09-29T10:10:28.488+0000][7792][gc,marking   ] GC(120) Concurrent Mark (891.421s, 891.589s) 168.053ms
[2020-09-29T10:10:28.488+0000][7792][gc,start     ] GC(120) Pause Remark
[2020-09-29T10:10:28.494+0000][7792][gc           ] GC(120) Pause Remark 388M->388M(1024M) 6.007ms
[2020-09-29T10:10:28.494+0000][7792][gc,cpu       ] GC(120) User=0.00s Sys=0.00s Real=0.01s
[2020-09-29T10:10:28.495+0000][7792][safepoint    ] Safepoint "G1Concurrent", Time since last: 170472100 ns, Reaching safepoint: 290100 ns, At safepoint: 6912400 ns, Total: 7202500 ns
[2020-09-29T10:10:28.495+0000][7792][gc,marking   ] GC(120) Concurrent Rebuild Remembered Sets
[2020-09-29T10:10:28.590+0000][7792][gc,marking   ] GC(120) Concurrent Rebuild Remembered Sets 95.311ms
[2020-09-29T10:10:28.590+0000][7792][gc,start     ] GC(120) Pause Cleanup
[2020-09-29T10:10:28.591+0000][7792][gc           ] GC(120) Pause Cleanup 456M->456M(1024M) 0.397ms
[2020-09-29T10:10:28.591+0000][7792][gc,cpu       ] GC(120) User=0.00s Sys=0.00s Real=0.00s
[2020-09-29T10:10:28.591+0000][7792][safepoint    ] Safepoint "G1Concurrent", Time since last: 95609400 ns, Reaching safepoint: 411900 ns, At safepoint: 633700 ns, Total: 1045600 ns
[2020-09-29T10:10:28.591+0000][7792][gc,marking   ] GC(120) Concurrent Cleanup for Next Mark
[2020-09-29T10:10:28.593+0000][7792][gc,marking   ] GC(120) Concurrent Cleanup for Next Mark 1.982ms
[2020-09-29T10:10:28.593+0000][7792][gc           ] GC(120) Concurrent Cycle 276.593ms
[2020-09-29T10:10:28.622+0000][7792][gc,start     ] GC(121) Pause Young (Concurrent Start) (G1 Humongous Allocation)
[2020-09-29T10:10:28.622+0000][7792][gc,task      ] GC(121) Using 8 workers of 8 for evacuation
[2020-09-29T10:10:28.622+0000][7792][gc,age       ] GC(121) Desired survivor size 33554432 bytes, new threshold 15 (max threshold 15)
[2020-09-29T10:10:28.627+0000][7792][gc,age       ] GC(121) Age table with threshold 15 (max threshold 15)
[2020-09-29T10:10:28.627+0000][7792][gc,age       ] GC(121) - age   1:    3090000 bytes,    3090000 total
[2020-09-29T10:10:28.627+0000][7792][gc,age       ] GC(121) - age   2:     210200 bytes,    3300200 total
[2020-09-29T10:10:28.627+0000][7792][gc,age       ] GC(121) - age   3:       3800 bytes,    3304000 total
[2020-09-29T10:10:28.627+0000][7792][gc,age       ] GC(121) - age   4:      31992 bytes,    3335992 total
[2020-09-29T10:10:28.627+0000][7792][gc,age       ] GC(121) - age   5:       2392 bytes,    3338384 total
[2020-09-29T10:10:28.627+0000][7792][gc,age       ] GC(121) - age   6:       1064 bytes,    3339448 total
[2020-09-29T10:10:28.627+0000][7792][gc,age       ] GC(121) - age   7:       3064 bytes,    3342512 total
[2020-09-29T10:10:28.627+0000][7792][gc,age       ] GC(121) - age   8:        856 bytes,    3343368 total
[2020-09-29T10:10:28.627+0000][7792][gc,age       ] GC(121) - age   9:      44816 bytes,    3388184 total
[2020-09-29T10:10:28.627+0000][7792][gc,age       ] GC(121) - age  10:       1248 bytes,    3389432 total
[2020-09-29T10:10:28.627+0000][7792][gc,age       ] GC(121) - age  11:        976 bytes,    3390408 total
[2020-09-29T10:10:28.627+0000][7792][gc,age       ] GC(121) - age  12:        624 bytes,    3391032 total
[2020-09-29T10:10:28.627+0000][7792][gc,age       ] GC(121) - age  13:        432 bytes,    3391464 total
[2020-09-29T10:10:28.627+0000][7792][gc,age       ] GC(121) - age  14:       1472 bytes,    3392936 total
[2020-09-29T10:10:28.627+0000][7792][gc,age       ] GC(121) - age  15:      62368 bytes,    3455304 total
[2020-09-29T10:10:28.627+0000][7792][gc,phases    ] GC(121)   Pre Evacuate Collection Set: 0.6ms
[2020-09-29T10:10:28.627+0000][7792][gc,phases    ] GC(121)   Merge Heap Roots: 0.1ms
[2020-09-29T10:10:28.627+0000][7792][gc,phases    ] GC(121)   Evacuate Collection Set: 2.7ms
[2020-09-29T10:10:28.628+0000][7792][gc,phases    ] GC(121)   Post Evacuate Collection Set: 1.0ms
[2020-09-29T10:10:28.628+0000][7792][gc,phases    ] GC(121)   Other: 1.3ms
[2020-09-29T10:10:28.628+0000][7792][gc,heap      ] GC(121) Eden regions: 61->0(506)
[2020-09-29T10:10:28.628+0000][7792][gc,heap      ] GC(121) Survivor regions: 4->4(64)
[2020-09-29T10:10:28.628+0000][7792][gc,heap      ] GC(121) Old regions: 76->76
[2020-09-29T10:10:28.628+0000][7792][gc,heap      ] GC(121) Archive regions: 0->0
[2020-09-29T10:10:28.628+0000][7792][gc,heap      ] GC(121) Humongous regions: 324->174
[2020-09-29T10:10:28.628+0000][7792][gc,metaspace ] GC(121) Metaspace: 85810K(91904K)->85810K(91904K) NonClass: 74749K(78336K)->74749K(78336K) Class: 11061K(13568K)->11061K(13568K)
[2020-09-29T10:10:28.628+0000][7792][gc           ] GC(121) Pause Young (Concurrent Start) (G1 Humongous Allocation) 463M->252M(1024M) 6.164ms
[2020-09-29T10:10:28.628+0000][7792][gc,cpu       ] GC(121) User=0.09s Sys=0.00s Real=0.01s
[2020-09-29T10:10:28.628+0000][7792][gc           ] GC(122) Concurrent Cycle
[2020-09-29T10:10:28.628+0000][7792][safepoint    ] Safepoint "G1TryInitiateConcMark", Time since last: 30672800 ns, Reaching safepoint: 164200 ns, At safepoint: 6444800 ns, Total: 6609000 ns
[2020-09-29T10:10:28.628+0000][7792][gc,marking   ] GC(122) Concurrent Clear Claimed Marks
[2020-09-29T10:10:28.629+0000][7792][gc,marking   ] GC(122) Concurrent Clear Claimed Marks 0.557ms
[2020-09-29T10:10:28.629+0000][7792][gc,marking   ] GC(122) Concurrent Scan Root Regions
[2020-09-29T10:10:28.631+0000][7792][gc,marking   ] GC(122) Concurrent Scan Root Regions 2.539ms
[2020-09-29T10:10:28.632+0000][7792][gc,marking   ] GC(122) Concurrent Mark (891.734s)
[2020-09-29T10:10:28.632+0000][7792][gc,marking   ] GC(122) Concurrent Mark From Roots
[2020-09-29T10:10:28.632+0000][7792][gc,task      ] GC(122) Using 2 workers of 2 for marking
[2020-09-29T10:10:28.810+0000][7792][gc,marking   ] GC(122) Concurrent Mark From Roots 178.361ms
[2020-09-29T10:10:28.810+0000][7792][gc,marking   ] GC(122) Concurrent Preclean
[2020-09-29T10:10:28.811+0000][7792][gc,marking   ] GC(122) Concurrent Preclean 0.742ms
[2020-09-29T10:10:28.811+0000][7792][gc,marking   ] GC(122) Concurrent Mark (891.734s, 891.913s) 179.310ms
[2020-09-29T10:10:28.811+0000][7792][gc,start     ] GC(122) Pause Remark
[2020-09-29T10:10:28.817+0000][7792][gc           ] GC(122) Pause Remark 385M->385M(1024M) 6.205ms
[2020-09-29T10:10:28.818+0000][7792][gc,cpu       ] GC(122) User=0.05s Sys=0.00s Real=0.01s
[2020-09-29T10:10:28.818+0000][7792][safepoint    ] Safepoint "G1Concurrent", Time since last: 182791800 ns, Reaching safepoint: 191700 ns, At safepoint: 6537600 ns, Total: 6729300 ns
[2020-09-29T10:10:28.818+0000][7792][gc,marking   ] GC(122) Concurrent Rebuild Remembered Sets
[2020-09-29T10:10:28.922+0000][7792][gc,marking   ] GC(122) Concurrent Rebuild Remembered Sets 104.241ms
[2020-09-29T10:10:28.922+0000][7792][gc,start     ] GC(122) Pause Cleanup
[2020-09-29T10:10:28.923+0000][7792][gc           ] GC(122) Pause Cleanup 453M->453M(1024M) 0.390ms
[2020-09-29T10:10:28.923+0000][7792][gc,cpu       ] GC(122) User=0.00s Sys=0.00s Real=0.00s
[2020-09-29T10:10:28.923+0000][7792][safepoint    ] Safepoint "G1Concurrent", Time since last: 104453400 ns, Reaching safepoint: 151100 ns, At safepoint: 616400 ns, Total: 767500 ns
[2020-09-29T10:10:28.923+0000][7792][gc,marking   ] GC(122) Concurrent Cleanup for Next Mark
[2020-09-29T10:10:28.925+0000][7792][gc,marking   ] GC(122) Concurrent Cleanup for Next Mark 2.113ms
[2020-09-29T10:10:28.926+0000][7792][gc           ] GC(122) Concurrent Cycle 297.473ms
[2020-09-29T10:10:28.973+0000][7792][gc,start     ] GC(123) Pause Young (Concurrent Start) (G1 Humongous Allocation)
[2020-09-29T10:10:28.973+0000][7792][gc,task      ] GC(123) Using 8 workers of 8 for evacuation
[2020-09-29T10:10:28.973+0000][7792][gc,age       ] GC(123) Desired survivor size 33554432 bytes, new threshold 15 (max threshold 15)
[2020-09-29T10:10:28.978+0000][7792][gc,age       ] GC(123) Age table with threshold 15 (max threshold 15)
[2020-09-29T10:10:28.978+0000][7792][gc,age       ] GC(123) - age   1:    3304176 bytes,    3304176 total
[2020-09-29T10:10:28.978+0000][7792][gc,age       ] GC(123) - age   2:     408624 bytes,    3712800 total
[2020-09-29T10:10:28.978+0000][7792][gc,age       ] GC(123) - age   3:     209608 bytes,    3922408 total
[2020-09-29T10:10:28.979+0000][7792][gc,age       ] GC(123) - age   4:       3008 bytes,    3925416 total
[2020-09-29T10:10:28.979+0000][7792][gc,age       ] GC(123) - age   5:      29528 bytes,    3954944 total
[2020-09-29T10:10:28.979+0000][7792][gc,age       ] GC(123) - age   6:       1624 bytes,    3956568 total
[2020-09-29T10:10:28.979+0000][7792][gc,age       ] GC(123) - age   7:       1032 bytes,    3957600 total
[2020-09-29T10:10:28.979+0000][7792][gc,age       ] GC(123) - age   8:       3064 bytes,    3960664 total
[2020-09-29T10:10:28.979+0000][7792][gc,age       ] GC(123) - age   9:        856 bytes,    3961520 total
[2020-09-29T10:10:28.979+0000][7792][gc,age       ] GC(123) - age  10:      44816 bytes,    4006336 total
[2020-09-29T10:10:28.979+0000][7792][gc,age       ] GC(123) - age  11:       1248 bytes,    4007584 total
[2020-09-29T10:10:28.979+0000][7792][gc,age       ] GC(123) - age  12:        976 bytes,    4008560 total
[2020-09-29T10:10:28.979+0000][7792][gc,age       ] GC(123) - age  13:        624 bytes,    4009184 total
[2020-09-29T10:10:28.979+0000][7792][gc,age       ] GC(123) - age  14:        432 bytes,    4009616 total
[2020-09-29T10:10:28.979+0000][7792][gc,age       ] GC(123) - age  15:       1472 bytes,    4011088 total
[2020-09-29T10:10:28.979+0000][7792][gc,phases    ] GC(123)   Pre Evacuate Collection Set: 1.1ms
[2020-09-29T10:10:28.979+0000][7792][gc,phases    ] GC(123)   Merge Heap Roots: 0.2ms
[2020-09-29T10:10:28.979+0000][7792][gc,phases    ] GC(123)   Evacuate Collection Set: 2.5ms
[2020-09-29T10:10:28.979+0000][7792][gc,phases    ] GC(123)   Post Evacuate Collection Set: 0.9ms
[2020-09-29T10:10:28.979+0000][7792][gc,phases    ] GC(123)   Other: 1.3ms
[2020-09-29T10:10:28.979+0000][7792][gc,heap      ] GC(123) Eden regions: 60->0(506)
[2020-09-29T10:10:28.979+0000][7792][gc,heap      ] GC(123) Survivor regions: 4->4(64)
[2020-09-29T10:10:28.979+0000][7792][gc,heap      ] GC(123) Old regions: 76->76
[2020-09-29T10:10:28.979+0000][7792][gc,heap      ] GC(123) Archive regions: 0->0
[2020-09-29T10:10:28.979+0000][7792][gc,heap      ] GC(123) Humongous regions: 324->174
[2020-09-29T10:10:28.979+0000][7792][gc,metaspace ] GC(123) Metaspace: 85824K(91904K)->85824K(91904K) NonClass: 74763K(78336K)->74763K(78336K) Class: 11061K(13568K)->11061K(13568K)
[2020-09-29T10:10:28.980+0000][7792][gc           ] GC(123) Pause Young (Concurrent Start) (G1 Humongous Allocation) 462M->253M(1024M) 6.471ms
[2020-09-29T10:10:28.980+0000][7792][gc,cpu       ] GC(123) User=0.00s Sys=0.00s Real=0.01s
[2020-09-29T10:10:28.980+0000][7792][gc           ] GC(124) Concurrent Cycle
[2020-09-29T10:10:28.980+0000][7792][safepoint    ] Safepoint "G1TryInitiateConcMark", Time since last: 50032200 ns, Reaching safepoint: 157300 ns, At safepoint: 6715300 ns, Total: 6872600 ns
[2020-09-29T10:10:28.980+0000][7792][gc,marking   ] GC(124) Concurrent Clear Claimed Marks
[2020-09-29T10:10:28.980+0000][7792][gc,marking   ] GC(124) Concurrent Clear Claimed Marks 0.514ms
[2020-09-29T10:10:28.980+0000][7792][gc,marking   ] GC(124) Concurrent Scan Root Regions
[2020-09-29T10:10:28.983+0000][7792][gc,marking   ] GC(124) Concurrent Scan Root Regions 2.854ms
[2020-09-29T10:10:28.983+0000][7792][gc,marking   ] GC(124) Concurrent Mark (892.086s)
[2020-09-29T10:10:28.983+0000][7792][gc,marking   ] GC(124) Concurrent Mark From Roots
[2020-09-29T10:10:28.984+0000][7792][gc,task      ] GC(124) Using 2 workers of 2 for marking
[2020-09-29T10:10:29.105+0000][7792][safepoint    ] Safepoint "ICBufferFull", Time since last: 124976400 ns, Reaching safepoint: 456500 ns, At safepoint: 38800 ns, Total: 495300 ns
[2020-09-29T10:10:29.149+0000][7792][gc,marking   ] GC(124) Concurrent Mark From Roots 165.862ms
[2020-09-29T10:10:29.149+0000][7792][gc,marking   ] GC(124) Concurrent Preclean
[2020-09-29T10:10:29.150+0000][7792][gc,marking   ] GC(124) Concurrent Preclean 0.832ms
[2020-09-29T10:10:29.150+0000][7792][gc,marking   ] GC(124) Concurrent Mark (892.086s, 892.253s) 166.973ms
[2020-09-29T10:10:29.151+0000][7792][gc,start     ] GC(124) Pause Remark
[2020-09-29T10:10:29.157+0000][7792][gc           ] GC(124) Pause Remark 323M->323M(1024M) 6.017ms
[2020-09-29T10:10:29.157+0000][7792][gc,cpu       ] GC(124) User=0.11s Sys=0.00s Real=0.01s
[2020-09-29T10:10:29.157+0000][7792][safepoint    ] Safepoint "G1Concurrent", Time since last: 45252500 ns, Reaching safepoint: 209000 ns, At safepoint: 6298400 ns, Total: 6507400 ns
[2020-09-29T10:10:29.157+0000][7792][gc,marking   ] GC(124) Concurrent Rebuild Remembered Sets
[2020-09-29T10:10:29.256+0000][7792][gc,marking   ] GC(124) Concurrent Rebuild Remembered Sets 98.834ms
[2020-09-29T10:10:29.256+0000][7792][gc,start     ] GC(124) Pause Cleanup
[2020-09-29T10:10:29.257+0000][7792][gc           ] GC(124) Pause Cleanup 324M->324M(1024M) 0.311ms
[2020-09-29T10:10:29.257+0000][7792][gc,cpu       ] GC(124) User=0.00s Sys=0.00s Real=0.00s
[2020-09-29T10:10:29.257+0000][7792][safepoint    ] Safepoint "G1Concurrent", Time since last: 99039000 ns, Reaching safepoint: 166100 ns, At safepoint: 520200 ns, Total: 686300 ns
[2020-09-29T10:10:29.257+0000][7792][gc,marking   ] GC(124) Concurrent Cleanup for Next Mark
[2020-09-29T10:10:29.259+0000][7792][gc,marking   ] GC(124) Concurrent Cleanup for Next Mark 1.833ms
[2020-09-29T10:10:29.259+0000][7792][gc           ] GC(124) Concurrent Cycle 279.048ms
[2020-09-29T10:10:30.590+0000][7792][safepoint    ] Safepoint "Cleanup", Time since last: 1332745400 ns, Reaching safepoint: 170700 ns, At safepoint: 36200 ns, Total: 206900 ns
[2020-09-29T10:10:31.172+0000][7792][safepoint    ] Safepoint "ICBufferFull", Time since last: 581980500 ns, Reaching safepoint: 250100 ns, At safepoint: 39900 ns, Total: 290000 ns
[2020-09-29T10:10:31.275+0000][7792][gc,start     ] GC(125) Pause Young (Concurrent Start) (G1 Humongous Allocation)
[2020-09-29T10:10:31.275+0000][7792][gc,task      ] GC(125) Using 8 workers of 8 for evacuation
[2020-09-29T10:10:31.275+0000][7792][gc,age       ] GC(125) Desired survivor size 33554432 bytes, new threshold 15 (max threshold 15)
[2020-09-29T10:10:31.279+0000][7792][gc,age       ] GC(125) Age table with threshold 15 (max threshold 15)
[2020-09-29T10:10:31.279+0000][7792][gc,age       ] GC(125) - age   1:    3091032 bytes,    3091032 total
[2020-09-29T10:10:31.279+0000][7792][gc,age       ] GC(125) - age   2:       2616 bytes,    3093648 total
[2020-09-29T10:10:31.279+0000][7792][gc,age       ] GC(125) - age   3:       1896 bytes,    3095544 total
[2020-09-29T10:10:31.279+0000][7792][gc,age       ] GC(125) - age   4:       2952 bytes,    3098496 total
[2020-09-29T10:10:31.279+0000][7792][gc,age       ] GC(125) - age   5:       1984 bytes,    3100480 total
[2020-09-29T10:10:31.279+0000][7792][gc,age       ] GC(125) - age   6:      27792 bytes,    3128272 total
[2020-09-29T10:10:31.279+0000][7792][gc,age       ] GC(125) - age   7:       1624 bytes,    3129896 total
[2020-09-29T10:10:31.279+0000][7792][gc,age       ] GC(125) - age   8:        968 bytes,    3130864 total
[2020-09-29T10:10:31.279+0000][7792][gc,age       ] GC(125) - age   9:       3000 bytes,    3133864 total
[2020-09-29T10:10:31.279+0000][7792][gc,age       ] GC(125) - age  10:        856 bytes,    3134720 total
[2020-09-29T10:10:31.279+0000][7792][gc,age       ] GC(125) - age  11:      43968 bytes,    3178688 total
[2020-09-29T10:10:31.279+0000][7792][gc,age       ] GC(125) - age  12:       1248 bytes,    3179936 total
[2020-09-29T10:10:31.279+0000][7792][gc,age       ] GC(125) - age  13:        976 bytes,    3180912 total
[2020-09-29T10:10:31.279+0000][7792][gc,age       ] GC(125) - age  14:        624 bytes,    3181536 total
[2020-09-29T10:10:31.279+0000][7792][gc,age       ] GC(125) - age  15:        432 bytes,    3181968 total
[2020-09-29T10:10:31.279+0000][7792][gc,phases    ] GC(125)   Pre Evacuate Collection Set: 0.5ms
[2020-09-29T10:10:31.279+0000][7792][gc,phases    ] GC(125)   Merge Heap Roots: 0.1ms
[2020-09-29T10:10:31.279+0000][7792][gc,phases    ] GC(125)   Evacuate Collection Set: 2.0ms
[2020-09-29T10:10:31.280+0000][7792][gc,phases    ] GC(125)   Post Evacuate Collection Set: 0.9ms
[2020-09-29T10:10:31.280+0000][7792][gc,phases    ] GC(125)   Other: 1.1ms
[2020-09-29T10:10:31.280+0000][7792][gc,heap      ] GC(125) Eden regions: 58->0(506)
[2020-09-29T10:10:31.280+0000][7792][gc,heap      ] GC(125) Survivor regions: 4->4(64)
[2020-09-29T10:10:31.280+0000][7792][gc,heap      ] GC(125) Old regions: 76->76
[2020-09-29T10:10:31.280+0000][7792][gc,heap      ] GC(125) Archive regions: 0->0
[2020-09-29T10:10:31.280+0000][7792][gc,heap      ] GC(125) Humongous regions: 231->174
[2020-09-29T10:10:31.280+0000][7792][gc,metaspace ] GC(125) Metaspace: 86533K(92672K)->86533K(92672K) NonClass: 75417K(79104K)->75417K(79104K) Class: 11115K(13568K)->11115K(13568K)
[2020-09-29T10:10:31.280+0000][7792][gc           ] GC(125) Pause Young (Concurrent Start) (G1 Humongous Allocation) 367M->252M(1024M) 4.985ms
[2020-09-29T10:10:31.280+0000][7792][gc,cpu       ] GC(125) User=0.02s Sys=0.00s Real=0.00s
[2020-09-29T10:10:31.280+0000][7792][safepoint    ] Safepoint "G1TryInitiateConcMark", Time since last: 102473200 ns, Reaching safepoint: 299300 ns, At safepoint: 5186700 ns, Total: 5486000 ns
[2020-09-29T10:10:31.280+0000][7792][gc           ] GC(126) Concurrent Cycle
[2020-09-29T10:10:31.280+0000][7792][gc,marking   ] GC(126) Concurrent Clear Claimed Marks
[2020-09-29T10:10:31.281+0000][7792][gc,marking   ] GC(126) Concurrent Clear Claimed Marks 0.462ms
[2020-09-29T10:10:31.281+0000][7792][gc,marking   ] GC(126) Concurrent Scan Root Regions
[2020-09-29T10:10:31.283+0000][7792][gc,marking   ] GC(126) Concurrent Scan Root Regions 2.532ms
[2020-09-29T10:10:31.283+0000][7792][gc,marking   ] GC(126) Concurrent Mark (894.386s)
[2020-09-29T10:10:31.283+0000][7792][gc,marking   ] GC(126) Concurrent Mark From Roots
[2020-09-29T10:10:31.283+0000][7792][gc,task      ] GC(126) Using 2 workers of 2 for marking
[2020-09-29T10:10:31.419+0000][7792][safepoint    ] Safepoint "BulkRevokeBias", Time since last: 137686800 ns, Reaching safepoint: 249700 ns, At safepoint: 1145500 ns, Total: 1395200 ns
[2020-09-29T10:10:31.428+0000][7792][gc,marking   ] GC(126) Concurrent Mark From Roots 144.829ms
[2020-09-29T10:10:31.428+0000][7792][gc,marking   ] GC(126) Concurrent Preclean
[2020-09-29T10:10:31.429+0000][7792][gc,marking   ] GC(126) Concurrent Preclean 0.462ms
[2020-09-29T10:10:31.429+0000][7792][gc,marking   ] GC(126) Concurrent Mark (894.386s, 894.531s) 145.460ms
[2020-09-29T10:10:31.429+0000][7792][gc,start     ] GC(126) Pause Remark
[2020-09-29T10:10:31.434+0000][7792][gc           ] GC(126) Pause Remark 316M->316M(1024M) 5.448ms
[2020-09-29T10:10:31.435+0000][7792][gc,cpu       ] GC(126) User=0.00s Sys=0.00s Real=0.01s
[2020-09-29T10:10:31.435+0000][7792][safepoint    ] Safepoint "G1Concurrent", Time since last: 9800900 ns, Reaching safepoint: 128900 ns, At safepoint: 5685100 ns, Total: 5814000 ns
[2020-09-29T10:10:31.435+0000][7792][gc,marking   ] GC(126) Concurrent Rebuild Remembered Sets
[2020-09-29T10:10:31.508+0000][7792][gc,marking   ] GC(126) Concurrent Rebuild Remembered Sets 72.974ms
[2020-09-29T10:10:31.508+0000][7792][gc,start     ] GC(126) Pause Cleanup
[2020-09-29T10:10:31.508+0000][7792][gc           ] GC(126) Pause Cleanup 319M->319M(1024M) 0.255ms
[2020-09-29T10:10:31.508+0000][7792][gc,cpu       ] GC(126) User=0.00s Sys=0.00s Real=0.00s
[2020-09-29T10:10:31.508+0000][7792][safepoint    ] Safepoint "G1Concurrent", Time since last: 73156900 ns, Reaching safepoint: 238200 ns, At safepoint: 419200 ns, Total: 657400 ns
[2020-09-29T10:10:31.508+0000][7792][gc,marking   ] GC(126) Concurrent Cleanup for Next Mark
[2020-09-29T10:10:31.510+0000][7792][gc,marking   ] GC(126) Concurrent Cleanup for Next Mark 1.602ms
[2020-09-29T10:10:31.510+0000][7792][gc           ] GC(126) Concurrent Cycle 230.281ms
[2020-09-29T10:10:32.304+0000][7792][safepoint    ] Safepoint "ICBufferFull", Time since last: 795232600 ns, Reaching safepoint: 296000 ns, At safepoint: 33400 ns, Total: 329400 ns
[2020-09-29T10:10:32.307+0000][7792][safepoint    ] Safepoint "BulkRevokeBias", Time since last: 1335100 ns, Reaching safepoint: 179600 ns, At safepoint: 1473800 ns, Total: 1653400 ns
[2020-09-29T10:10:32.317+0000][7792][gc,start     ] GC(127) Pause Young (Concurrent Start) (G1 Humongous Allocation)
[2020-09-29T10:10:32.317+0000][7792][gc,task      ] GC(127) Using 8 workers of 8 for evacuation
[2020-09-29T10:10:32.317+0000][7792][gc,age       ] GC(127) Desired survivor size 33554432 bytes, new threshold 15 (max threshold 15)
[2020-09-29T10:10:32.320+0000][7792][gc,age       ] GC(127) Age table with threshold 15 (max threshold 15)
[2020-09-29T10:10:32.320+0000][7792][gc,age       ] GC(127) - age   1:    3197528 bytes,    3197528 total
[2020-09-29T10:10:32.321+0000][7792][gc,age       ] GC(127) - age   2:     445064 bytes,    3642592 total
[2020-09-29T10:10:32.321+0000][7792][gc,age       ] GC(127) - age   3:       2240 bytes,    3644832 total
[2020-09-29T10:10:32.321+0000][7792][gc,age       ] GC(127) - age   4:       1392 bytes,    3646224 total
[2020-09-29T10:10:32.321+0000][7792][gc,age       ] GC(127) - age   5:       2824 bytes,    3649048 total
[2020-09-29T10:10:32.321+0000][7792][gc,age       ] GC(127) - age   6:       1984 bytes,    3651032 total
[2020-09-29T10:10:32.321+0000][7792][gc,age       ] GC(127) - age   7:      27664 bytes,    3678696 total
[2020-09-29T10:10:32.321+0000][7792][gc,age       ] GC(127) - age   8:       1624 bytes,    3680320 total
[2020-09-29T10:10:32.321+0000][7792][gc,age       ] GC(127) - age   9:        968 bytes,    3681288 total
[2020-09-29T10:10:32.321+0000][7792][gc,age       ] GC(127) - age  10:       3000 bytes,    3684288 total
[2020-09-29T10:10:32.321+0000][7792][gc,age       ] GC(127) - age  11:        856 bytes,    3685144 total
[2020-09-29T10:10:32.321+0000][7792][gc,age       ] GC(127) - age  12:      43968 bytes,    3729112 total
[2020-09-29T10:10:32.321+0000][7792][gc,age       ] GC(127) - age  13:       1248 bytes,    3730360 total
[2020-09-29T10:10:32.321+0000][7792][gc,age       ] GC(127) - age  14:        976 bytes,    3731336 total
[2020-09-29T10:10:32.321+0000][7792][gc,age       ] GC(127) - age  15:        560 bytes,    3731896 total
[2020-09-29T10:10:32.321+0000][7792][gc,phases    ] GC(127)   Pre Evacuate Collection Set: 0.4ms
[2020-09-29T10:10:32.321+0000][7792][gc,phases    ] GC(127)   Merge Heap Roots: 0.1ms
[2020-09-29T10:10:32.321+0000][7792][gc,phases    ] GC(127)   Evacuate Collection Set: 2.2ms
[2020-09-29T10:10:32.321+0000][7792][gc,phases    ] GC(127)   Post Evacuate Collection Set: 0.8ms
[2020-09-29T10:10:32.321+0000][7792][gc,phases    ] GC(127)   Other: 0.8ms
[2020-09-29T10:10:32.321+0000][7792][gc,heap      ] GC(127) Eden regions: 60->0(505)
[2020-09-29T10:10:32.321+0000][7792][gc,heap      ] GC(127) Survivor regions: 4->4(64)
[2020-09-29T10:10:32.321+0000][7792][gc,heap      ] GC(127) Old regions: 76->76
[2020-09-29T10:10:32.321+0000][7792][gc,heap      ] GC(127) Archive regions: 0->0
[2020-09-29T10:10:32.321+0000][7792][gc,heap      ] GC(127) Humongous regions: 231->174
[2020-09-29T10:10:32.321+0000][7792][gc,metaspace ] GC(127) Metaspace: 86955K(92928K)->86955K(92928K) NonClass: 75838K(79360K)->75838K(79360K) Class: 11117K(13568K)->11117K(13568K)
[2020-09-29T10:10:32.321+0000][7792][gc           ] GC(127) Pause Young (Concurrent Start) (G1 Humongous Allocation) 368M->252M(1024M) 4.538ms
[2020-09-29T10:10:32.321+0000][7792][gc,cpu       ] GC(127) User=0.00s Sys=0.00s Real=0.00s
[2020-09-29T10:10:32.321+0000][7792][gc           ] GC(128) Concurrent Cycle
[2020-09-29T10:10:32.321+0000][7792][safepoint    ] Safepoint "G1TryInitiateConcMark", Time since last: 8933200 ns, Reaching safepoint: 209600 ns, At safepoint: 4734700 ns, Total: 4944300 ns
[2020-09-29T10:10:32.321+0000][7792][gc,marking   ] GC(128) Concurrent Clear Claimed Marks
[2020-09-29T10:10:32.322+0000][7792][safepoint    ] Safepoint "G1TryInitiateConcMark", Time since last: 170900 ns, Reaching safepoint: 201200 ns, At safepoint: 33200 ns, Total: 234400 ns
[2020-09-29T10:10:32.322+0000][7792][gc,marking   ] GC(128) Concurrent Clear Claimed Marks 0.432ms
[2020-09-29T10:10:32.322+0000][7792][gc,marking   ] GC(128) Concurrent Scan Root Regions
[2020-09-29T10:10:32.325+0000][7792][gc,marking   ] GC(128) Concurrent Scan Root Regions 3.215ms
[2020-09-29T10:10:32.325+0000][7792][gc,marking   ] GC(128) Concurrent Mark (895.427s)
[2020-09-29T10:10:32.325+0000][7792][gc,marking   ] GC(128) Concurrent Mark From Roots
[2020-09-29T10:10:32.325+0000][7792][gc,task      ] GC(128) Using 2 workers of 2 for marking
[2020-09-29T10:10:32.456+0000][7792][gc,marking   ] GC(128) Concurrent Mark From Roots 130.303ms
[2020-09-29T10:10:32.456+0000][7792][gc,marking   ] GC(128) Concurrent Preclean
[2020-09-29T10:10:32.456+0000][7792][gc,marking   ] GC(128) Concurrent Preclean 0.505ms
[2020-09-29T10:10:32.456+0000][7792][gc,marking   ] GC(128) Concurrent Mark (895.427s, 895.558s) 131.005ms
[2020-09-29T10:10:32.456+0000][7792][gc,start     ] GC(128) Pause Remark
[2020-09-29T10:10:32.464+0000][7792][gc           ] GC(128) Pause Remark 330M->330M(1024M) 7.142ms
[2020-09-29T10:10:32.464+0000][7792][gc,cpu       ] GC(128) User=0.00s Sys=0.00s Real=0.01s
[2020-09-29T10:10:32.464+0000][7792][safepoint    ] Safepoint "G1Concurrent", Time since last: 134476500 ns, Reaching safepoint: 156700 ns, At safepoint: 7390400 ns, Total: 7547100 ns
[2020-09-29T10:10:32.464+0000][7792][gc,marking   ] GC(128) Concurrent Rebuild Remembered Sets
[2020-09-29T10:10:32.550+0000][7792][gc,marking   ] GC(128) Concurrent Rebuild Remembered Sets 86.397ms
[2020-09-29T10:10:32.551+0000][7792][gc,start     ] GC(128) Pause Cleanup
[2020-09-29T10:10:32.551+0000][7792][gc           ] GC(128) Pause Cleanup 333M->333M(1024M) 0.415ms
[2020-09-29T10:10:32.551+0000][7792][gc,cpu       ] GC(128) User=0.00s Sys=0.00s Real=0.00s
[2020-09-29T10:10:32.552+0000][7792][safepoint    ] Safepoint "G1Concurrent", Time since last: 86635900 ns, Reaching safepoint: 446000 ns, At safepoint: 647300 ns, Total: 1093300 ns
[2020-09-29T10:10:32.552+0000][7792][gc,marking   ] GC(128) Concurrent Cleanup for Next Mark
[2020-09-29T10:10:32.554+0000][7792][gc,marking   ] GC(128) Concurrent Cleanup for Next Mark 2.215ms
[2020-09-29T10:10:32.554+0000][7792][gc           ] GC(128) Concurrent Cycle 232.632ms
[2020-09-29T10:10:32.625+0000][7792][safepoint    ] Safepoint "BulkRevokeBias", Time since last: 71743300 ns, Reaching safepoint: 221800 ns, At safepoint: 1649300 ns, Total: 1871100 ns
[2020-09-29T10:10:32.628+0000][7792][safepoint    ] Safepoint "BulkRevokeBias", Time since last: 1059400 ns, Reaching safepoint: 148200 ns, At safepoint: 1485900 ns, Total: 1634100 ns
[2020-09-29T10:10:32.630+0000][7792][safepoint    ] Safepoint "BulkRevokeBias", Time since last: 275600 ns, Reaching safepoint: 124700 ns, At safepoint: 1845800 ns, Total: 1970500 ns
[2020-09-29T10:10:32.672+0000][7792][gc,start     ] GC(129) Pause Young (Concurrent Start) (G1 Humongous Allocation)
[2020-09-29T10:10:32.673+0000][7792][gc,task      ] GC(129) Using 8 workers of 8 for evacuation
[2020-09-29T10:10:32.673+0000][7792][gc,age       ] GC(129) Desired survivor size 33554432 bytes, new threshold 15 (max threshold 15)
[2020-09-29T10:10:32.677+0000][7792][gc,age       ] GC(129) Age table with threshold 15 (max threshold 15)
[2020-09-29T10:10:32.678+0000][7792][gc,age       ] GC(129) - age   1:    2143376 bytes,    2143376 total
[2020-09-29T10:10:32.678+0000][7792][gc,age       ] GC(129) - age   2:     287840 bytes,    2431216 total
[2020-09-29T10:10:32.678+0000][7792][gc,age       ] GC(129) - age   3:     395192 bytes,    2826408 total
[2020-09-29T10:10:32.678+0000][7792][gc,age       ] GC(129) - age   4:       1888 bytes,    2828296 total
[2020-09-29T10:10:32.678+0000][7792][gc,age       ] GC(129) - age   5:       1392 bytes,    2829688 total
[2020-09-29T10:10:32.678+0000][7792][gc,age       ] GC(129) - age   6:       2760 bytes,    2832448 total
[2020-09-29T10:10:32.678+0000][7792][gc,age       ] GC(129) - age   7:       1984 bytes,    2834432 total
[2020-09-29T10:10:32.678+0000][7792][gc,age       ] GC(129) - age   8:      27568 bytes,    2862000 total
[2020-09-29T10:10:32.678+0000][7792][gc,age       ] GC(129) - age   9:       1624 bytes,    2863624 total
[2020-09-29T10:10:32.678+0000][7792][gc,age       ] GC(129) - age  10:        968 bytes,    2864592 total
[2020-09-29T10:10:32.678+0000][7792][gc,age       ] GC(129) - age  11:       3000 bytes,    2867592 total
[2020-09-29T10:10:32.678+0000][7792][gc,age       ] GC(129) - age  12:        824 bytes,    2868416 total
[2020-09-29T10:10:32.678+0000][7792][gc,age       ] GC(129) - age  13:      43968 bytes,    2912384 total
[2020-09-29T10:10:32.678+0000][7792][gc,age       ] GC(129) - age  14:       1248 bytes,    2913632 total
[2020-09-29T10:10:32.678+0000][7792][gc,age       ] GC(129) - age  15:        976 bytes,    2914608 total
[2020-09-29T10:10:32.678+0000][7792][gc,phases    ] GC(129)   Pre Evacuate Collection Set: 0.5ms
[2020-09-29T10:10:32.679+0000][7792][gc,phases    ] GC(129)   Merge Heap Roots: 0.1ms
[2020-09-29T10:10:32.679+0000][7792][gc,phases    ] GC(129)   Evacuate Collection Set: 3.2ms
[2020-09-29T10:10:32.679+0000][7792][gc,phases    ] GC(129)   Post Evacuate Collection Set: 0.8ms
[2020-09-29T10:10:32.679+0000][7792][gc,phases    ] GC(129)   Other: 1.4ms
[2020-09-29T10:10:32.679+0000][7792][gc,heap      ] GC(129) Eden regions: 51->0(507)
[2020-09-29T10:10:32.679+0000][7792][gc,heap      ] GC(129) Survivor regions: 4->3(64)
[2020-09-29T10:10:32.679+0000][7792][gc,heap      ] GC(129) Old regions: 76->76
[2020-09-29T10:10:32.679+0000][7792][gc,heap      ] GC(129) Archive regions: 0->0
[2020-09-29T10:10:32.679+0000][7792][gc,heap      ] GC(129) Humongous regions: 231->174
[2020-09-29T10:10:32.679+0000][7792][gc,metaspace ] GC(129) Metaspace: 87052K(92928K)->87052K(92928K) NonClass: 75930K(79360K)->75930K(79360K) Class: 11122K(13568K)->11122K(13568K)
[2020-09-29T10:10:32.679+0000][7792][gc           ] GC(129) Pause Young (Concurrent Start) (G1 Humongous Allocation) 360M->252M(1024M) 6.583ms
[2020-09-29T10:10:32.679+0000][7792][gc,cpu       ] GC(129) User=0.00s Sys=0.00s Real=0.01s
[2020-09-29T10:10:32.679+0000][7792][gc           ] GC(130) Concurrent Cycle
[2020-09-29T10:10:32.679+0000][7792][gc,marking   ] GC(130) Concurrent Clear Claimed Marks
[2020-09-29T10:10:32.679+0000][7792][safepoint    ] Safepoint "G1TryInitiateConcMark", Time since last: 42019300 ns, Reaching safepoint: 319400 ns, At safepoint: 7093700 ns, Total: 7413100 ns
[2020-09-29T10:10:32.680+0000][7792][gc,marking   ] GC(130) Concurrent Clear Claimed Marks 0.328ms
[2020-09-29T10:10:32.680+0000][7792][gc,marking   ] GC(130) Concurrent Scan Root Regions
[2020-09-29T10:10:32.682+0000][7792][gc,marking   ] GC(130) Concurrent Scan Root Regions 2.098ms
[2020-09-29T10:10:32.682+0000][7792][gc,marking   ] GC(130) Concurrent Mark (895.784s)
[2020-09-29T10:10:32.682+0000][7792][gc,marking   ] GC(130) Concurrent Mark From Roots
[2020-09-29T10:10:32.682+0000][7792][gc,task      ] GC(130) Using 2 workers of 2 for marking
[2020-09-29T10:10:32.849+0000][7792][gc,marking   ] GC(130) Concurrent Mark From Roots 167.241ms
[2020-09-29T10:10:32.849+0000][7792][gc,marking   ] GC(130) Concurrent Preclean
[2020-09-29T10:10:32.850+0000][7792][gc,marking   ] GC(130) Concurrent Preclean 0.766ms
[2020-09-29T10:10:32.850+0000][7792][gc,marking   ] GC(130) Concurrent Mark (895.784s, 895.952s) 168.253ms
[2020-09-29T10:10:32.850+0000][7792][gc,start     ] GC(130) Pause Remark
[2020-09-29T10:10:32.858+0000][7792][gc           ] GC(130) Pause Remark 323M->323M(1024M) 7.747ms
[2020-09-29T10:10:32.858+0000][7792][gc,cpu       ] GC(130) User=0.09s Sys=0.00s Real=0.01s
[2020-09-29T10:10:32.858+0000][7792][safepoint    ] Safepoint "G1Concurrent", Time since last: 171037700 ns, Reaching safepoint: 472800 ns, At safepoint: 8008500 ns, Total: 8481300 ns
[2020-09-29T10:10:32.859+0000][7792][gc,marking   ] GC(130) Concurrent Rebuild Remembered Sets
[2020-09-29T10:10:32.952+0000][7792][gc,marking   ] GC(130) Concurrent Rebuild Remembered Sets 93.203ms
[2020-09-29T10:10:32.952+0000][7792][gc,start     ] GC(130) Pause Cleanup
[2020-09-29T10:10:32.952+0000][7792][gc           ] GC(130) Pause Cleanup 326M->326M(1024M) 0.485ms
[2020-09-29T10:10:32.953+0000][7792][gc,cpu       ] GC(130) User=0.00s Sys=0.00s Real=0.00s
[2020-09-29T10:10:32.954+0000][7792][safepoint    ] Safepoint "G1Concurrent", Time since last: 93432900 ns, Reaching safepoint: 179700 ns, At safepoint: 1897700 ns, Total: 2077400 ns
[2020-09-29T10:10:32.954+0000][7792][gc,marking   ] GC(130) Concurrent Cleanup for Next Mark
[2020-09-29T10:10:32.956+0000][7792][gc,marking   ] GC(130) Concurrent Cleanup for Next Mark 1.930ms
[2020-09-29T10:10:32.956+0000][7792][gc           ] GC(130) Concurrent Cycle 277.602ms
[2020-09-29T10:10:33.044+0000][7792][gc,start     ] GC(131) Pause Young (Concurrent Start) (G1 Humongous Allocation)
[2020-09-29T10:10:33.044+0000][7792][gc,task      ] GC(131) Using 8 workers of 8 for evacuation
[2020-09-29T10:10:33.045+0000][7792][gc,age       ] GC(131) Desired survivor size 33554432 bytes, new threshold 15 (max threshold 15)
[2020-09-29T10:10:33.049+0000][7792][gc,age       ] GC(131) Age table with threshold 15 (max threshold 15)
[2020-09-29T10:10:33.049+0000][7792][gc,age       ] GC(131) - age   1:    2254328 bytes,    2254328 total
[2020-09-29T10:10:33.049+0000][7792][gc,age       ] GC(131) - age   2:      62768 bytes,    2317096 total
[2020-09-29T10:10:33.049+0000][7792][gc,age       ] GC(131) - age   3:     284184 bytes,    2601280 total
[2020-09-29T10:10:33.049+0000][7792][gc,age       ] GC(131) - age   4:     395096 bytes,    2996376 total
[2020-09-29T10:10:33.049+0000][7792][gc,age       ] GC(131) - age   5:       1824 bytes,    2998200 total
[2020-09-29T10:10:33.049+0000][7792][gc,age       ] GC(131) - age   6:       1360 bytes,    2999560 total
[2020-09-29T10:10:33.049+0000][7792][gc,age       ] GC(131) - age   7:       2760 bytes,    3002320 total
[2020-09-29T10:10:33.049+0000][7792][gc,age       ] GC(131) - age   8:       1584 bytes,    3003904 total
[2020-09-29T10:10:33.049+0000][7792][gc,age       ] GC(131) - age   9:      27536 bytes,    3031440 total
[2020-09-29T10:10:33.049+0000][7792][gc,age       ] GC(131) - age  10:       1560 bytes,    3033000 total
[2020-09-29T10:10:33.049+0000][7792][gc,age       ] GC(131) - age  11:        968 bytes,    3033968 total
[2020-09-29T10:10:33.049+0000][7792][gc,age       ] GC(131) - age  12:       2936 bytes,    3036904 total
[2020-09-29T10:10:33.049+0000][7792][gc,age       ] GC(131) - age  13:        824 bytes,    3037728 total
[2020-09-29T10:10:33.049+0000][7792][gc,age       ] GC(131) - age  14:      43968 bytes,    3081696 total
[2020-09-29T10:10:33.049+0000][7792][gc,age       ] GC(131) - age  15:       1248 bytes,    3082944 total
[2020-09-29T10:10:33.050+0000][7792][gc,phases    ] GC(131)   Pre Evacuate Collection Set: 0.5ms
[2020-09-29T10:10:33.050+0000][7792][gc,phases    ] GC(131)   Merge Heap Roots: 0.1ms
[2020-09-29T10:10:33.050+0000][7792][gc,phases    ] GC(131)   Evacuate Collection Set: 2.6ms
[2020-09-29T10:10:33.050+0000][7792][gc,phases    ] GC(131)   Post Evacuate Collection Set: 0.9ms
[2020-09-29T10:10:33.050+0000][7792][gc,phases    ] GC(131)   Other: 1.3ms
[2020-09-29T10:10:33.050+0000][7792][gc,heap      ] GC(131) Eden regions: 54->0(506)
[2020-09-29T10:10:33.050+0000][7792][gc,heap      ] GC(131) Survivor regions: 3->4(64)
[2020-09-29T10:10:33.050+0000][7792][gc,heap      ] GC(131) Old regions: 76->76
[2020-09-29T10:10:33.050+0000][7792][gc,heap      ] GC(131) Archive regions: 0->0
[2020-09-29T10:10:33.050+0000][7792][gc,heap      ] GC(131) Humongous regions: 231->174
[2020-09-29T10:10:33.050+0000][7792][gc,metaspace ] GC(131) Metaspace: 87139K(92928K)->87139K(92928K) NonClass: 76016K(79360K)->76016K(79360K) Class: 11122K(13568K)->11122K(13568K)
[2020-09-29T10:10:33.050+0000][7792][gc           ] GC(131) Pause Young (Concurrent Start) (G1 Humongous Allocation) 362M->252M(1024M) 5.679ms
[2020-09-29T10:10:33.050+0000][7792][gc,cpu       ] GC(131) User=0.09s Sys=0.00s Real=0.01s
[2020-09-29T10:10:33.050+0000][7792][gc           ] GC(132) Concurrent Cycle
[2020-09-29T10:10:33.050+0000][7792][gc,marking   ] GC(132) Concurrent Clear Claimed Marks
[2020-09-29T10:10:33.050+0000][7792][safepoint    ] Safepoint "G1TryInitiateConcMark", Time since last: 90235000 ns, Reaching safepoint: 244200 ns, At safepoint: 5978500 ns, Total: 6222700 ns
[2020-09-29T10:10:33.051+0000][7792][gc,marking   ] GC(132) Concurrent Clear Claimed Marks 0.463ms
[2020-09-29T10:10:33.051+0000][7792][gc,marking   ] GC(132) Concurrent Scan Root Regions
[2020-09-29T10:10:33.053+0000][7792][gc,marking   ] GC(132) Concurrent Scan Root Regions 2.424ms
[2020-09-29T10:10:33.053+0000][7792][gc,marking   ] GC(132) Concurrent Mark (896.156s)
[2020-09-29T10:10:33.053+0000][7792][gc,marking   ] GC(132) Concurrent Mark From Roots
[2020-09-29T10:10:33.053+0000][7792][gc,task      ] GC(132) Using 2 workers of 2 for marking
[2020-09-29T10:10:33.232+0000][7792][gc,marking   ] GC(132) Concurrent Mark From Roots 178.319ms
[2020-09-29T10:10:33.232+0000][7792][gc,marking   ] GC(132) Concurrent Preclean
[2020-09-29T10:10:33.233+0000][7792][gc,marking   ] GC(132) Concurrent Preclean 0.695ms
[2020-09-29T10:10:33.233+0000][7792][gc,marking   ] GC(132) Concurrent Mark (896.156s, 896.335s) 179.258ms
[2020-09-29T10:10:33.236+0000][7792][gc,start     ] GC(132) Pause Remark
[2020-09-29T10:10:33.244+0000][7792][gc           ] GC(132) Pause Remark 303M->303M(1024M) 7.883ms
[2020-09-29T10:10:33.244+0000][7792][gc,cpu       ] GC(132) User=0.00s Sys=0.00s Real=0.01s
[2020-09-29T10:10:33.245+0000][7792][safepoint    ] Safepoint "G1Concurrent", Time since last: 182399400 ns, Reaching safepoint: 2541800 ns, At safepoint: 9436800 ns, Total: 11978600 ns
[2020-09-29T10:10:33.245+0000][7792][gc,marking   ] GC(132) Concurrent Rebuild Remembered Sets
[2020-09-29T10:10:33.342+0000][7792][gc,marking   ] GC(132) Concurrent Rebuild Remembered Sets 96.457ms
[2020-09-29T10:10:33.342+0000][7792][gc,start     ] GC(132) Pause Cleanup
[2020-09-29T10:10:33.342+0000][7792][gc           ] GC(132) Pause Cleanup 314M->314M(1024M) 0.389ms
[2020-09-29T10:10:33.343+0000][7792][gc,cpu       ] GC(132) User=0.02s Sys=0.03s Real=0.00s
[2020-09-29T10:10:33.343+0000][7792][safepoint    ] Safepoint "G1Concurrent", Time since last: 96722500 ns, Reaching safepoint: 178100 ns, At safepoint: 634600 ns, Total: 812700 ns
[2020-09-29T10:10:33.343+0000][7792][gc,marking   ] GC(132) Concurrent Cleanup for Next Mark
[2020-09-29T10:10:33.345+0000][7792][gc,marking   ] GC(132) Concurrent Cleanup for Next Mark 1.997ms
[2020-09-29T10:10:33.345+0000][7792][gc           ] GC(132) Concurrent Cycle 294.211ms
[2020-09-29T10:10:33.439+0000][7792][gc,start     ] GC(133) Pause Young (Concurrent Start) (G1 Humongous Allocation)
[2020-09-29T10:10:33.439+0000][7792][gc,task      ] GC(133) Using 8 workers of 8 for evacuation
[2020-09-29T10:10:33.439+0000][7792][gc,age       ] GC(133) Desired survivor size 33554432 bytes, new threshold 15 (max threshold 15)
[2020-09-29T10:10:33.444+0000][7792][gc,age       ] GC(133) Age table with threshold 15 (max threshold 15)
[2020-09-29T10:10:33.444+0000][7792][gc,age       ] GC(133) - age   1:    1926936 bytes,    1926936 total
[2020-09-29T10:10:33.444+0000][7792][gc,age       ] GC(133) - age   2:       5296 bytes,    1932232 total
[2020-09-29T10:10:33.444+0000][7792][gc,age       ] GC(133) - age   3:      61736 bytes,    1993968 total
[2020-09-29T10:10:33.444+0000][7792][gc,age       ] GC(133) - age   4:     283408 bytes,    2277376 total
[2020-09-29T10:10:33.444+0000][7792][gc,age       ] GC(133) - age   5:     395032 bytes,    2672408 total
[2020-09-29T10:10:33.444+0000][7792][gc,age       ] GC(133) - age   6:       1824 bytes,    2674232 total
[2020-09-29T10:10:33.444+0000][7792][gc,age       ] GC(133) - age   7:       1264 bytes,    2675496 total
[2020-09-29T10:10:33.444+0000][7792][gc,age       ] GC(133) - age   8:       2760 bytes,    2678256 total
[2020-09-29T10:10:33.444+0000][7792][gc,age       ] GC(133) - age   9:       1552 bytes,    2679808 total
[2020-09-29T10:10:33.444+0000][7792][gc,age       ] GC(133) - age  10:      27472 bytes,    2707280 total
[2020-09-29T10:10:33.444+0000][7792][gc,age       ] GC(133) - age  11:       1560 bytes,    2708840 total
[2020-09-29T10:10:33.444+0000][7792][gc,age       ] GC(133) - age  12:        968 bytes,    2709808 total
[2020-09-29T10:10:33.444+0000][7792][gc,age       ] GC(133) - age  13:       2936 bytes,    2712744 total
[2020-09-29T10:10:33.444+0000][7792][gc,age       ] GC(133) - age  14:        760 bytes,    2713504 total
[2020-09-29T10:10:33.445+0000][7792][gc,age       ] GC(133) - age  15:      43936 bytes,    2757440 total
[2020-09-29T10:10:33.445+0000][7792][gc,phases    ] GC(133)   Pre Evacuate Collection Set: 0.7ms
[2020-09-29T10:10:33.445+0000][7792][gc,phases    ] GC(133)   Merge Heap Roots: 0.1ms
[2020-09-29T10:10:33.445+0000][7792][gc,phases    ] GC(133)   Evacuate Collection Set: 2.7ms
[2020-09-29T10:10:33.445+0000][7792][gc,phases    ] GC(133)   Post Evacuate Collection Set: 0.8ms
[2020-09-29T10:10:33.445+0000][7792][gc,phases    ] GC(133)   Other: 1.3ms
[2020-09-29T10:10:33.445+0000][7792][gc,heap      ] GC(133) Eden regions: 51->0(507)
[2020-09-29T10:10:33.445+0000][7792][gc,heap      ] GC(133) Survivor regions: 4->3(64)
[2020-09-29T10:10:33.445+0000][7792][gc,heap      ] GC(133) Old regions: 76->76
[2020-09-29T10:10:33.445+0000][7792][gc,heap      ] GC(133) Archive regions: 0->0
[2020-09-29T10:10:33.445+0000][7792][gc,heap      ] GC(133) Humongous regions: 231->174
[2020-09-29T10:10:33.445+0000][7792][gc,metaspace ] GC(133) Metaspace: 87148K(93184K)->87148K(93184K) NonClass: 76026K(79616K)->76026K(79616K) Class: 11122K(13568K)->11122K(13568K)
[2020-09-29T10:10:33.445+0000][7792][gc           ] GC(133) Pause Young (Concurrent Start) (G1 Humongous Allocation) 359M->251M(1024M) 6.066ms
[2020-09-29T10:10:33.445+0000][7792][gc,cpu       ] GC(133) User=0.00s Sys=0.00s Real=0.01s
[2020-09-29T10:10:33.445+0000][7792][gc           ] GC(134) Concurrent Cycle
[2020-09-29T10:10:33.445+0000][7792][gc,marking   ] GC(134) Concurrent Clear Claimed Marks
[2020-09-29T10:10:33.446+0000][7792][gc,marking   ] GC(134) Concurrent Clear Claimed Marks 0.316ms
[2020-09-29T10:10:33.446+0000][7792][gc,marking   ] GC(134) Concurrent Scan Root Regions
[2020-09-29T10:10:33.448+0000][7792][gc,marking   ] GC(134) Concurrent Scan Root Regions 2.102ms
[2020-09-29T10:10:33.448+0000][7792][gc,marking   ] GC(134) Concurrent Mark (896.550s)
[2020-09-29T10:10:33.448+0000][7792][gc,marking   ] GC(134) Concurrent Mark From Roots
[2020-09-29T10:10:33.448+0000][7792][safepoint    ] Safepoint "G1TryInitiateConcMark", Time since last: 96181800 ns, Reaching safepoint: 262800 ns, At safepoint: 8975700 ns, Total: 9238500 ns
[2020-09-29T10:10:33.448+0000][7792][gc,task      ] GC(134) Using 2 workers of 2 for marking
[2020-09-29T10:10:33.488+0000][7792][safepoint    ] Safepoint "BulkRevokeBias", Time since last: 36909800 ns, Reaching safepoint: 402500 ns, At safepoint: 2518500 ns, Total: 2921000 ns
[2020-09-29T10:10:33.587+0000][7792][safepoint    ] Safepoint "BulkRevokeBias", Time since last: 96835800 ns, Reaching safepoint: 272500 ns, At safepoint: 2501500 ns, Total: 2774000 ns
[2020-09-29T10:10:33.629+0000][7792][gc,marking   ] GC(134) Concurrent Mark From Roots 181.031ms
[2020-09-29T10:10:33.629+0000][7792][gc,marking   ] GC(134) Concurrent Preclean
[2020-09-29T10:10:33.630+0000][7792][gc,marking   ] GC(134) Concurrent Preclean 0.666ms
[2020-09-29T10:10:33.630+0000][7792][gc,marking   ] GC(134) Concurrent Mark (896.550s, 896.732s) 181.929ms
[2020-09-29T10:10:33.630+0000][7792][gc,start     ] GC(134) Pause Remark
[2020-09-29T10:10:33.638+0000][7792][gc           ] GC(134) Pause Remark 306M->306M(1024M) 7.378ms
[2020-09-29T10:10:33.638+0000][7792][gc,cpu       ] GC(134) User=0.00s Sys=0.00s Real=0.01s
[2020-09-29T10:10:33.638+0000][7792][safepoint    ] Safepoint "G1Concurrent", Time since last: 42509800 ns, Reaching safepoint: 188300 ns, At safepoint: 7870400 ns, Total: 8058700 ns
[2020-09-29T10:10:33.638+0000][7792][gc,marking   ] GC(134) Concurrent Rebuild Remembered Sets
[2020-09-29T10:10:33.739+0000][7792][gc,marking   ] GC(134) Concurrent Rebuild Remembered Sets 100.514ms
[2020-09-29T10:10:33.739+0000][7792][gc,start     ] GC(134) Pause Cleanup
[2020-09-29T10:10:33.739+0000][7792][gc           ] GC(134) Pause Cleanup 310M->310M(1024M) 0.429ms
[2020-09-29T10:10:33.740+0000][7792][gc,cpu       ] GC(134) User=0.00s Sys=0.00s Real=0.00s
[2020-09-29T10:10:33.740+0000][7792][safepoint    ] Safepoint "G1Concurrent", Time since last: 100748200 ns, Reaching safepoint: 295400 ns, At safepoint: 1093600 ns, Total: 1389000 ns
[2020-09-29T10:10:33.740+0000][7792][gc,marking   ] GC(134) Concurrent Cleanup for Next Mark
[2020-09-29T10:10:33.742+0000][7792][gc,marking   ] GC(134) Concurrent Cleanup for Next Mark 1.965ms
[2020-09-29T10:10:33.742+0000][7792][gc           ] GC(134) Concurrent Cycle 297.105ms
[2020-09-29T10:10:33.765+0000][7792][gc,start     ] GC(135) Pause Young (Concurrent Start) (G1 Humongous Allocation)
[2020-09-29T10:10:33.765+0000][7792][gc,task      ] GC(135) Using 8 workers of 8 for evacuation
[2020-09-29T10:10:33.766+0000][7792][gc,age       ] GC(135) Desired survivor size 33554432 bytes, new threshold 15 (max threshold 15)
[2020-09-29T10:10:33.770+0000][7792][gc,age       ] GC(135) Age table with threshold 15 (max threshold 15)
[2020-09-29T10:10:33.771+0000][7792][gc,age       ] GC(135) - age   1:    2032560 bytes,    2032560 total
[2020-09-29T10:10:33.771+0000][7792][gc,age       ] GC(135) - age   2:       2376 bytes,    2034936 total
[2020-09-29T10:10:33.771+0000][7792][gc,age       ] GC(135) - age   3:       4408 bytes,    2039344 total
[2020-09-29T10:10:33.771+0000][7792][gc,age       ] GC(135) - age   4:      61568 bytes,    2100912 total
[2020-09-29T10:10:33.771+0000][7792][gc,age       ] GC(135) - age   5:     283344 bytes,    2384256 total
[2020-09-29T10:10:33.771+0000][7792][gc,age       ] GC(135) - age   6:     394968 bytes,    2779224 total
[2020-09-29T10:10:33.771+0000][7792][gc,age       ] GC(135) - age   7:       1792 bytes,    2781016 total
[2020-09-29T10:10:33.771+0000][7792][gc,age       ] GC(135) - age   8:       1264 bytes,    2782280 total
[2020-09-29T10:10:33.771+0000][7792][gc,age       ] GC(135) - age   9:       2760 bytes,    2785040 total
[2020-09-29T10:10:33.771+0000][7792][gc,age       ] GC(135) - age  10:       1552 bytes,    2786592 total
[2020-09-29T10:10:33.771+0000][7792][gc,age       ] GC(135) - age  11:      27472 bytes,    2814064 total
[2020-09-29T10:10:33.771+0000][7792][gc,age       ] GC(135) - age  12:       1560 bytes,    2815624 total
[2020-09-29T10:10:33.771+0000][7792][gc,age       ] GC(135) - age  13:        968 bytes,    2816592 total
[2020-09-29T10:10:33.771+0000][7792][gc,age       ] GC(135) - age  14:       2936 bytes,    2819528 total
[2020-09-29T10:10:33.771+0000][7792][gc,age       ] GC(135) - age  15:        760 bytes,    2820288 total
[2020-09-29T10:10:33.771+0000][7792][gc,phases    ] GC(135)   Pre Evacuate Collection Set: 0.5ms
[2020-09-29T10:10:33.771+0000][7792][gc,phases    ] GC(135)   Merge Heap Roots: 0.1ms
[2020-09-29T10:10:33.771+0000][7792][gc,phases    ] GC(135)   Evacuate Collection Set: 3.1ms
[2020-09-29T10:10:33.771+0000][7792][gc,phases    ] GC(135)   Post Evacuate Collection Set: 1.0ms
[2020-09-29T10:10:33.771+0000][7792][gc,phases    ] GC(135)   Other: 1.1ms
[2020-09-29T10:10:33.771+0000][7792][gc,heap      ] GC(135) Eden regions: 49->0(507)
[2020-09-29T10:10:33.771+0000][7792][gc,heap      ] GC(135) Survivor regions: 3->3(64)
[2020-09-29T10:10:33.771+0000][7792][gc,heap      ] GC(135) Old regions: 76->76
[2020-09-29T10:10:33.772+0000][7792][gc,heap      ] GC(135) Archive regions: 0->0
[2020-09-29T10:10:33.772+0000][7792][gc,heap      ] GC(135) Humongous regions: 231->175
[2020-09-29T10:10:33.772+0000][7792][gc,metaspace ] GC(135) Metaspace: 87173K(93184K)->87173K(93184K) NonClass: 76051K(79616K)->76051K(79616K) Class: 11122K(13568K)->11122K(13568K)
[2020-09-29T10:10:33.772+0000][7792][gc           ] GC(135) Pause Young (Concurrent Start) (G1 Humongous Allocation) 357M->253M(1024M) 6.246ms
[2020-09-29T10:10:33.772+0000][7792][gc,cpu       ] GC(135) User=0.00s Sys=0.00s Real=0.01s
[2020-09-29T10:10:33.772+0000][7792][gc           ] GC(136) Concurrent Cycle
[2020-09-29T10:10:33.772+0000][7792][gc,marking   ] GC(136) Concurrent Clear Claimed Marks
[2020-09-29T10:10:33.772+0000][7792][safepoint    ] Safepoint "G1TryInitiateConcMark", Time since last: 25087300 ns, Reaching safepoint: 212800 ns, At safepoint: 6838900 ns, Total: 7051700 ns
[2020-09-29T10:10:33.772+0000][7792][gc,marking   ] GC(136) Concurrent Clear Claimed Marks 0.344ms
[2020-09-29T10:10:33.772+0000][7792][gc,marking   ] GC(136) Concurrent Scan Root Regions
[2020-09-29T10:10:33.774+0000][7792][gc,marking   ] GC(136) Concurrent Scan Root Regions 2.127ms
[2020-09-29T10:10:33.774+0000][7792][gc,marking   ] GC(136) Concurrent Mark (896.877s)
[2020-09-29T10:10:33.775+0000][7792][gc,marking   ] GC(136) Concurrent Mark From Roots
[2020-09-29T10:10:33.775+0000][7792][gc,task      ] GC(136) Using 2 workers of 2 for marking
[2020-09-29T10:10:33.953+0000][7792][gc,marking   ] GC(136) Concurrent Mark From Roots 178.607ms
[2020-09-29T10:10:33.953+0000][7792][gc,marking   ] GC(136) Concurrent Preclean
[2020-09-29T10:10:33.954+0000][7792][gc,marking   ] GC(136) Concurrent Preclean 0.728ms
[2020-09-29T10:10:33.954+0000][7792][gc,marking   ] GC(136) Concurrent Mark (896.877s, 897.056s) 179.560ms
[2020-09-29T10:10:33.954+0000][7792][gc,start     ] GC(136) Pause Remark
[2020-09-29T10:10:33.961+0000][7792][gc           ] GC(136) Pause Remark 303M->303M(1024M) 7.063ms
[2020-09-29T10:10:33.962+0000][7792][gc,cpu       ] GC(136) User=0.00s Sys=0.00s Real=0.01s
[2020-09-29T10:10:33.962+0000][7792][safepoint    ] Safepoint "G1Concurrent", Time since last: 181972800 ns, Reaching safepoint: 144800 ns, At safepoint: 7348600 ns, Total: 7493400 ns
[2020-09-29T10:10:33.962+0000][7792][gc,marking   ] GC(136) Concurrent Rebuild Remembered Sets
[2020-09-29T10:10:34.017+0000][7792][safepoint    ] Safepoint "BulkRevokeBias", Time since last: 51011800 ns, Reaching safepoint: 2512500 ns, At safepoint: 1906600 ns, Total: 4419100 ns
[2020-09-29T10:10:34.067+0000][7792][gc,marking   ] GC(136) Concurrent Rebuild Remembered Sets 104.839ms
[2020-09-29T10:10:34.067+0000][7792][gc,start     ] GC(136) Pause Cleanup
[2020-09-29T10:10:34.067+0000][7792][gc           ] GC(136) Pause Cleanup 389M->389M(1024M) 0.427ms
[2020-09-29T10:10:34.067+0000][7792][gc,cpu       ] GC(136) User=0.00s Sys=0.00s Real=0.00s
[2020-09-29T10:10:34.068+0000][7792][safepoint    ] Safepoint "G1Concurrent", Time since last: 49604800 ns, Reaching safepoint: 192700 ns, At safepoint: 739100 ns, Total: 931800 ns
[2020-09-29T10:10:34.068+0000][7792][gc,marking   ] GC(136) Concurrent Cleanup for Next Mark
[2020-09-29T10:10:34.070+0000][7792][gc,marking   ] GC(136) Concurrent Cleanup for Next Mark 1.986ms
[2020-09-29T10:10:34.070+0000][7792][gc           ] GC(136) Concurrent Cycle 297.995ms
[2020-09-29T10:10:34.218+0000][7792][gc,start     ] GC(137) Pause Young (Concurrent Start) (G1 Humongous Allocation)
[2020-09-29T10:10:34.218+0000][7792][gc,task      ] GC(137) Using 8 workers of 8 for evacuation
[2020-09-29T10:10:34.218+0000][7792][gc,age       ] GC(137) Desired survivor size 33554432 bytes, new threshold 15 (max threshold 15)
[2020-09-29T10:10:34.222+0000][7792][gc,age       ] GC(137) Age table with threshold 15 (max threshold 15)
[2020-09-29T10:10:34.223+0000][7792][gc,age       ] GC(137) - age   1:    1248344 bytes,    1248344 total
[2020-09-29T10:10:34.223+0000][7792][gc,age       ] GC(137) - age   2:       1328 bytes,    1249672 total
[2020-09-29T10:10:34.223+0000][7792][gc,age       ] GC(137) - age   3:       1400 bytes,    1251072 total
[2020-09-29T10:10:34.223+0000][7792][gc,age       ] GC(137) - age   4:       3320 bytes,    1254392 total
[2020-09-29T10:10:34.223+0000][7792][gc,age       ] GC(137) - age   5:      61408 bytes,    1315800 total
[2020-09-29T10:10:34.223+0000][7792][gc,age       ] GC(137) - age   6:     281712 bytes,    1597512 total
[2020-09-29T10:10:34.223+0000][7792][gc,age       ] GC(137) - age   7:     394936 bytes,    1992448 total
[2020-09-29T10:10:34.223+0000][7792][gc,age       ] GC(137) - age   8:       1792 bytes,    1994240 total
[2020-09-29T10:10:34.223+0000][7792][gc,age       ] GC(137) - age   9:       1264 bytes,    1995504 total
[2020-09-29T10:10:34.223+0000][7792][gc,age       ] GC(137) - age  10:       2728 bytes,    1998232 total
[2020-09-29T10:10:34.223+0000][7792][gc,age       ] GC(137) - age  11:       1488 bytes,    1999720 total
[2020-09-29T10:10:34.223+0000][7792][gc,age       ] GC(137) - age  12:      27440 bytes,    2027160 total
[2020-09-29T10:10:34.223+0000][7792][gc,age       ] GC(137) - age  13:       1496 bytes,    2028656 total
[2020-09-29T10:10:34.223+0000][7792][gc,age       ] GC(137) - age  14:        968 bytes,    2029624 total
[2020-09-29T10:10:34.223+0000][7792][gc,age       ] GC(137) - age  15:       2840 bytes,    2032464 total
[2020-09-29T10:10:34.223+0000][7792][gc,phases    ] GC(137)   Pre Evacuate Collection Set: 0.5ms
[2020-09-29T10:10:34.223+0000][7792][gc,phases    ] GC(137)   Merge Heap Roots: 0.1ms
[2020-09-29T10:10:34.223+0000][7792][gc,phases    ] GC(137)   Evacuate Collection Set: 2.4ms
[2020-09-29T10:10:34.223+0000][7792][gc,phases    ] GC(137)   Post Evacuate Collection Set: 1.0ms
[2020-09-29T10:10:34.223+0000][7792][gc,phases    ] GC(137)   Other: 1.2ms
[2020-09-29T10:10:34.223+0000][7792][gc,heap      ] GC(137) Eden regions: 91->0(508)
[2020-09-29T10:10:34.223+0000][7792][gc,heap      ] GC(137) Survivor regions: 3->3(64)
[2020-09-29T10:10:34.224+0000][7792][gc,heap      ] GC(137) Old regions: 76->76
[2020-09-29T10:10:34.224+0000][7792][gc,heap      ] GC(137) Archive regions: 0->0
[2020-09-29T10:10:34.224+0000][7792][gc,heap      ] GC(137) Humongous regions: 237->174
[2020-09-29T10:10:34.224+0000][7792][gc,metaspace ] GC(137) Metaspace: 87194K(93184K)->87194K(93184K) NonClass: 76070K(79616K)->76070K(79616K) Class: 11123K(13568K)->11123K(13568K)
[2020-09-29T10:10:34.224+0000][7792][gc           ] GC(137) Pause Young (Concurrent Start) (G1 Humongous Allocation) 406M->251M(1024M) 5.511ms
[2020-09-29T10:10:34.224+0000][7792][gc,cpu       ] GC(137) User=0.00s Sys=0.00s Real=0.01s
[2020-09-29T10:10:34.224+0000][7792][gc           ] GC(138) Concurrent Cycle
[2020-09-29T10:10:34.224+0000][7792][gc,marking   ] GC(138) Concurrent Clear Claimed Marks
[2020-09-29T10:10:34.224+0000][7792][safepoint    ] Safepoint "G1TryInitiateConcMark", Time since last: 150403400 ns, Reaching safepoint: 179000 ns, At safepoint: 6008400 ns, Total: 6187400 ns
[2020-09-29T10:10:34.224+0000][7792][gc,marking   ] GC(138) Concurrent Clear Claimed Marks 0.374ms
[2020-09-29T10:10:34.224+0000][7792][gc,marking   ] GC(138) Concurrent Scan Root Regions
[2020-09-29T10:10:34.227+0000][7792][gc,marking   ] GC(138) Concurrent Scan Root Regions 2.440ms
[2020-09-29T10:10:34.227+0000][7792][gc,marking   ] GC(138) Concurrent Mark (897.329s)
[2020-09-29T10:10:34.227+0000][7792][gc,marking   ] GC(138) Concurrent Mark From Roots
[2020-09-29T10:10:34.227+0000][7792][gc,task      ] GC(138) Using 2 workers of 2 for marking
[2020-09-29T10:10:34.403+0000][7792][gc,marking   ] GC(138) Concurrent Mark From Roots 176.188ms
[2020-09-29T10:10:34.403+0000][7792][gc,marking   ] GC(138) Concurrent Preclean
[2020-09-29T10:10:34.404+0000][7792][gc,marking   ] GC(138) Concurrent Preclean 0.627ms
[2020-09-29T10:10:34.404+0000][7792][gc,marking   ] GC(138) Concurrent Mark (897.329s, 897.506s) 177.059ms
[2020-09-29T10:10:34.404+0000][7792][gc,start     ] GC(138) Pause Remark
[2020-09-29T10:10:34.416+0000][7792][gc           ] GC(138) Pause Remark 322M->322M(1024M) 12.046ms
[2020-09-29T10:10:34.416+0000][7792][gc,cpu       ] GC(138) User=0.11s Sys=0.02s Real=0.01s
[2020-09-29T10:10:34.417+0000][7792][safepoint    ] Safepoint "G1Concurrent", Time since last: 179946200 ns, Reaching safepoint: 197500 ns, At safepoint: 12455100 ns, Total: 12652600 ns
[2020-09-29T10:10:34.417+0000][7792][gc,marking   ] GC(138) Concurrent Rebuild Remembered Sets
[2020-09-29T10:10:34.456+0000][7792][safepoint    ] Safepoint "ICBufferFull", Time since last: 38327000 ns, Reaching safepoint: 1188500 ns, At safepoint: 30400 ns, Total: 1218900 ns
[2020-09-29T10:10:34.518+0000][7792][gc,marking   ] GC(138) Concurrent Rebuild Remembered Sets 100.936ms
[2020-09-29T10:10:34.518+0000][7792][gc,start     ] GC(138) Pause Cleanup
[2020-09-29T10:10:34.519+0000][7792][gc           ] GC(138) Pause Cleanup 358M->358M(1024M) 0.394ms
[2020-09-29T10:10:34.519+0000][7792][gc,cpu       ] GC(138) User=0.00s Sys=0.00s Real=0.00s
[2020-09-29T10:10:34.519+0000][7792][safepoint    ] Safepoint "G1Concurrent", Time since last: 61627700 ns, Reaching safepoint: 280800 ns, At safepoint: 716900 ns, Total: 997700 ns
[2020-09-29T10:10:34.519+0000][7792][gc,marking   ] GC(138) Concurrent Cleanup for Next Mark
[2020-09-29T10:10:34.521+0000][7792][gc,marking   ] GC(138) Concurrent Cleanup for Next Mark 1.968ms
[2020-09-29T10:10:34.521+0000][7792][gc           ] GC(138) Concurrent Cycle 297.231ms
[2020-09-29T10:10:34.595+0000][7792][gc,start     ] GC(139) Pause Young (Concurrent Start) (G1 Humongous Allocation)
[2020-09-29T10:10:34.595+0000][7792][gc,task      ] GC(139) Using 8 workers of 8 for evacuation
[2020-09-29T10:10:34.595+0000][7792][gc,age       ] GC(139) Desired survivor size 33554432 bytes, new threshold 15 (max threshold 15)
[2020-09-29T10:10:34.600+0000][7792][gc,age       ] GC(139) Age table with threshold 15 (max threshold 15)
[2020-09-29T10:10:34.600+0000][7792][gc,age       ] GC(139) - age   1:    2544320 bytes,    2544320 total
[2020-09-29T10:10:34.600+0000][7792][gc,age       ] GC(139) - age   2:      10088 bytes,    2554408 total
[2020-09-29T10:10:34.600+0000][7792][gc,age       ] GC(139) - age   3:       1136 bytes,    2555544 total
[2020-09-29T10:10:34.600+0000][7792][gc,age       ] GC(139) - age   4:        896 bytes,    2556440 total
[2020-09-29T10:10:34.600+0000][7792][gc,age       ] GC(139) - age   5:       3320 bytes,    2559760 total
[2020-09-29T10:10:34.600+0000][7792][gc,age       ] GC(139) - age   6:      61408 bytes,    2621168 total
[2020-09-29T10:10:34.600+0000][7792][gc,age       ] GC(139) - age   7:     279152 bytes,    2900320 total
[2020-09-29T10:10:34.600+0000][7792][gc,age       ] GC(139) - age   8:     394840 bytes,    3295160 total
[2020-09-29T10:10:34.600+0000][7792][gc,age       ] GC(139) - age   9:       1792 bytes,    3296952 total
[2020-09-29T10:10:34.600+0000][7792][gc,age       ] GC(139) - age  10:       1264 bytes,    3298216 total
[2020-09-29T10:10:34.600+0000][7792][gc,age       ] GC(139) - age  11:       2728 bytes,    3300944 total
[2020-09-29T10:10:34.600+0000][7792][gc,age       ] GC(139) - age  12:       1488 bytes,    3302432 total
[2020-09-29T10:10:34.600+0000][7792][gc,age       ] GC(139) - age  13:      27440 bytes,    3329872 total
[2020-09-29T10:10:34.600+0000][7792][gc,age       ] GC(139) - age  14:       1464 bytes,    3331336 total
[2020-09-29T10:10:34.600+0000][7792][gc,age       ] GC(139) - age  15:        968 bytes,    3332304 total
[2020-09-29T10:10:34.600+0000][7792][gc,phases    ] GC(139)   Pre Evacuate Collection Set: 0.5ms
[2020-09-29T10:10:34.601+0000][7792][gc,phases    ] GC(139)   Merge Heap Roots: 0.1ms
[2020-09-29T10:10:34.601+0000][7792][gc,phases    ] GC(139)   Evacuate Collection Set: 2.7ms
[2020-09-29T10:10:34.601+0000][7792][gc,phases    ] GC(139)   Post Evacuate Collection Set: 0.9ms
[2020-09-29T10:10:34.601+0000][7792][gc,phases    ] GC(139)   Other: 1.3ms
[2020-09-29T10:10:34.601+0000][7792][gc,heap      ] GC(139) Eden regions: 64->0(507)
[2020-09-29T10:10:34.601+0000][7792][gc,heap      ] GC(139) Survivor regions: 3->4(64)
[2020-09-29T10:10:34.601+0000][7792][gc,heap      ] GC(139) Old regions: 76->76
[2020-09-29T10:10:34.601+0000][7792][gc,heap      ] GC(139) Archive regions: 0->0
[2020-09-29T10:10:34.601+0000][7792][gc,heap      ] GC(139) Humongous regions: 234->174
[2020-09-29T10:10:34.601+0000][7792][gc,metaspace ] GC(139) Metaspace: 87224K(93184K)->87224K(93184K) NonClass: 76101K(79616K)->76101K(79616K) Class: 11122K(13568K)->11122K(13568K)
[2020-09-29T10:10:34.601+0000][7792][gc           ] GC(139) Pause Young (Concurrent Start) (G1 Humongous Allocation) 375M->252M(1024M) 6.200ms
[2020-09-29T10:10:34.601+0000][7792][gc,cpu       ] GC(139) User=0.00s Sys=0.00s Real=0.01s
[2020-09-29T10:10:34.601+0000][7792][gc           ] GC(140) Concurrent Cycle
[2020-09-29T10:10:34.601+0000][7792][gc,marking   ] GC(140) Concurrent Clear Claimed Marks
[2020-09-29T10:10:34.601+0000][7792][safepoint    ] Safepoint "G1TryInitiateConcMark", Time since last: 75787100 ns, Reaching safepoint: 196600 ns, At safepoint: 6515600 ns, Total: 6712200 ns
[2020-09-29T10:10:34.602+0000][7792][gc,marking   ] GC(140) Concurrent Clear Claimed Marks 0.427ms
[2020-09-29T10:10:34.602+0000][7792][gc,marking   ] GC(140) Concurrent Scan Root Regions
[2020-09-29T10:10:34.605+0000][7792][gc,marking   ] GC(140) Concurrent Scan Root Regions 2.823ms
[2020-09-29T10:10:34.605+0000][7792][gc,marking   ] GC(140) Concurrent Mark (897.707s)
[2020-09-29T10:10:34.605+0000][7792][gc,marking   ] GC(140) Concurrent Mark From Roots
[2020-09-29T10:10:34.605+0000][7792][gc,task      ] GC(140) Using 2 workers of 2 for marking
[2020-09-29T10:10:34.788+0000][7792][gc,marking   ] GC(140) Concurrent Mark From Roots 183.307ms
[2020-09-29T10:10:34.788+0000][7792][gc,marking   ] GC(140) Concurrent Preclean
[2020-09-29T10:10:34.789+0000][7792][gc,marking   ] GC(140) Concurrent Preclean 0.628ms
[2020-09-29T10:10:34.789+0000][7792][gc,marking   ] GC(140) Concurrent Mark (897.707s, 897.892s) 184.140ms
[2020-09-29T10:10:34.790+0000][7792][gc,start     ] GC(140) Pause Remark
[2020-09-29T10:10:34.796+0000][7792][gc           ] GC(140) Pause Remark 341M->341M(1024M) 6.407ms
[2020-09-29T10:10:34.796+0000][7792][gc,cpu       ] GC(140) User=0.09s Sys=0.00s Real=0.01s
[2020-09-29T10:10:34.796+0000][7792][safepoint    ] Safepoint "G1Concurrent", Time since last: 187798200 ns, Reaching safepoint: 373400 ns, At safepoint: 6678300 ns, Total: 7051700 ns
[2020-09-29T10:10:34.796+0000][7792][gc,marking   ] GC(140) Concurrent Rebuild Remembered Sets
[2020-09-29T10:10:34.893+0000][7792][gc,marking   ] GC(140) Concurrent Rebuild Remembered Sets 96.719ms
[2020-09-29T10:10:34.893+0000][7792][gc,start     ] GC(140) Pause Cleanup
[2020-09-29T10:10:34.894+0000][7792][gc           ] GC(140) Pause Cleanup 345M->345M(1024M) 0.373ms
[2020-09-29T10:10:34.894+0000][7792][gc,cpu       ] GC(140) User=0.00s Sys=0.00s Real=0.00s
[2020-09-29T10:10:34.894+0000][7792][safepoint    ] Safepoint "G1Concurrent", Time since last: 96967900 ns, Reaching safepoint: 181900 ns, At safepoint: 570300 ns, Total: 752200 ns
[2020-09-29T10:10:34.894+0000][7792][gc,marking   ] GC(140) Concurrent Cleanup for Next Mark
[2020-09-29T10:10:34.896+0000][7792][gc,marking   ] GC(140) Concurrent Cleanup for Next Mark 1.721ms
[2020-09-29T10:10:34.896+0000][7792][gc           ] GC(140) Concurrent Cycle 294.556ms
[2020-09-29T10:10:34.909+0000][7792][gc,start     ] GC(141) Pause Young (Concurrent Start) (G1 Humongous Allocation)
[2020-09-29T10:10:34.909+0000][7792][gc,task      ] GC(141) Using 8 workers of 8 for evacuation
[2020-09-29T10:10:34.909+0000][7792][gc,age       ] GC(141) Desired survivor size 33554432 bytes, new threshold 15 (max threshold 15)
[2020-09-29T10:10:34.913+0000][7792][gc,age       ] GC(141) Age table with threshold 15 (max threshold 15)
[2020-09-29T10:10:34.913+0000][7792][gc,age       ] GC(141) - age   1:    1069640 bytes,    1069640 total
[2020-09-29T10:10:34.913+0000][7792][gc,age       ] GC(141) - age   2:       3744 bytes,    1073384 total
[2020-09-29T10:10:34.913+0000][7792][gc,age       ] GC(141) - age   3:       4648 bytes,    1078032 total
[2020-09-29T10:10:34.913+0000][7792][gc,age       ] GC(141) - age   4:        904 bytes,    1078936 total
[2020-09-29T10:10:34.913+0000][7792][gc,age       ] GC(141) - age   5:        768 bytes,    1079704 total
[2020-09-29T10:10:34.913+0000][7792][gc,age       ] GC(141) - age   6:       3288 bytes,    1082992 total
[2020-09-29T10:10:34.914+0000][7792][gc,age       ] GC(141) - age   7:      61376 bytes,    1144368 total
[2020-09-29T10:10:34.914+0000][7792][gc,age       ] GC(141) - age   8:     277168 bytes,    1421536 total
[2020-09-29T10:10:34.914+0000][7792][gc,age       ] GC(141) - age   9:     394840 bytes,    1816376 total
[2020-09-29T10:10:34.914+0000][7792][gc,age       ] GC(141) - age  10:       1792 bytes,    1818168 total
[2020-09-29T10:10:34.914+0000][7792][gc,age       ] GC(141) - age  11:       1264 bytes,    1819432 total
[2020-09-29T10:10:34.914+0000][7792][gc,age       ] GC(141) - age  12:       2728 bytes,    1822160 total
[2020-09-29T10:10:34.914+0000][7792][gc,age       ] GC(141) - age  13:       1456 bytes,    1823616 total
[2020-09-29T10:10:34.914+0000][7792][gc,age       ] GC(141) - age  14:      27440 bytes,    1851056 total
[2020-09-29T10:10:34.914+0000][7792][gc,age       ] GC(141) - age  15:       1464 bytes,    1852520 total
[2020-09-29T10:10:34.914+0000][7792][gc,phases    ] GC(141)   Pre Evacuate Collection Set: 0.5ms
[2020-09-29T10:10:34.914+0000][7792][gc,phases    ] GC(141)   Merge Heap Roots: 0.1ms
[2020-09-29T10:10:34.914+0000][7792][gc,phases    ] GC(141)   Evacuate Collection Set: 2.2ms
[2020-09-29T10:10:34.914+0000][7792][gc,phases    ] GC(141)   Post Evacuate Collection Set: 0.9ms
[2020-09-29T10:10:34.914+0000][7792][gc,phases    ] GC(141)   Other: 1.3ms
[2020-09-29T10:10:34.914+0000][7792][gc,heap      ] GC(141) Eden regions: 48->0(510)
[2020-09-29T10:10:34.914+0000][7792][gc,heap      ] GC(141) Survivor regions: 4->2(64)
[2020-09-29T10:10:34.914+0000][7792][gc,heap      ] GC(141) Old regions: 76->76
[2020-09-29T10:10:34.914+0000][7792][gc,heap      ] GC(141) Archive regions: 0->0
[2020-09-29T10:10:34.914+0000][7792][gc,heap      ] GC(141) Humongous regions: 231->174
[2020-09-29T10:10:34.914+0000][7792][gc,metaspace ] GC(141) Metaspace: 87253K(93184K)->87253K(93184K) NonClass: 76130K(79616K)->76130K(79616K) Class: 11122K(13568K)->11122K(13568K)
[2020-09-29T10:10:34.915+0000][7792][gc           ] GC(141) Pause Young (Concurrent Start) (G1 Humongous Allocation) 356M->251M(1024M) 5.642ms
[2020-09-29T10:10:34.915+0000][7792][gc,cpu       ] GC(141) User=0.00s Sys=0.00s Real=0.01s
[2020-09-29T10:10:34.915+0000][7792][gc           ] GC(142) Concurrent Cycle
[2020-09-29T10:10:34.915+0000][7792][safepoint    ] Safepoint "G1TryInitiateConcMark", Time since last: 14700700 ns, Reaching safepoint: 189700 ns, At safepoint: 5901900 ns, Total: 6091600 ns
[2020-09-29T10:10:34.915+0000][7792][gc,marking   ] GC(142) Concurrent Clear Claimed Marks
[2020-09-29T10:10:34.915+0000][7792][gc,marking   ] GC(142) Concurrent Clear Claimed Marks 0.487ms
[2020-09-29T10:10:34.915+0000][7792][gc,marking   ] GC(142) Concurrent Scan Root Regions
[2020-09-29T10:10:34.917+0000][7792][gc,marking   ] GC(142) Concurrent Scan Root Regions 1.802ms
[2020-09-29T10:10:34.917+0000][7792][gc,marking   ] GC(142) Concurrent Mark (898.020s)
[2020-09-29T10:10:34.917+0000][7792][gc,marking   ] GC(142) Concurrent Mark From Roots
[2020-09-29T10:10:34.917+0000][7792][gc,task      ] GC(142) Using 2 workers of 2 for marking
[2020-09-29T10:10:35.100+0000][7792][gc,marking   ] GC(142) Concurrent Mark From Roots 182.315ms
[2020-09-29T10:10:35.100+0000][7792][gc,marking   ] GC(142) Concurrent Preclean
[2020-09-29T10:10:35.101+0000][7792][gc,marking   ] GC(142) Concurrent Preclean 0.798ms
[2020-09-29T10:10:35.101+0000][7792][gc,marking   ] GC(142) Concurrent Mark (898.020s, 898.203s) 183.344ms
[2020-09-29T10:10:35.101+0000][7792][gc,start     ] GC(142) Pause Remark
[2020-09-29T10:10:35.108+0000][7792][gc           ] GC(142) Pause Remark 316M->316M(1024M) 6.703ms
[2020-09-29T10:10:35.108+0000][7792][gc,cpu       ] GC(142) User=0.00s Sys=0.00s Real=0.01s
[2020-09-29T10:10:35.108+0000][7792][safepoint    ] Safepoint "G1Concurrent", Time since last: 185921400 ns, Reaching safepoint: 251300 ns, At safepoint: 7100400 ns, Total: 7351700 ns
[2020-09-29T10:10:35.108+0000][7792][gc,marking   ] GC(142) Concurrent Rebuild Remembered Sets
[2020-09-29T10:10:35.215+0000][7792][gc,marking   ] GC(142) Concurrent Rebuild Remembered Sets 106.443ms
[2020-09-29T10:10:35.215+0000][7792][gc,start     ] GC(142) Pause Cleanup
[2020-09-29T10:10:35.215+0000][7792][gc           ] GC(142) Pause Cleanup 359M->359M(1024M) 0.359ms
[2020-09-29T10:10:35.215+0000][7792][gc,cpu       ] GC(142) User=0.00s Sys=0.00s Real=0.00s
[2020-09-29T10:10:35.215+0000][7792][safepoint    ] Safepoint "G1Concurrent", Time since last: 106671200 ns, Reaching safepoint: 172900 ns, At safepoint: 571400 ns, Total: 744300 ns
[2020-09-29T10:10:35.216+0000][7792][gc,marking   ] GC(142) Concurrent Cleanup for Next Mark
[2020-09-29T10:10:35.218+0000][7792][gc,marking   ] GC(142) Concurrent Cleanup for Next Mark 2.019ms
[2020-09-29T10:10:35.218+0000][7792][gc           ] GC(142) Concurrent Cycle 302.986ms
[2020-09-29T10:10:35.284+0000][7792][gc,start     ] GC(143) Pause Young (Concurrent Start) (G1 Humongous Allocation)
[2020-09-29T10:10:35.284+0000][7792][gc,task      ] GC(143) Using 8 workers of 8 for evacuation
[2020-09-29T10:10:35.284+0000][7792][gc,age       ] GC(143) Desired survivor size 33554432 bytes, new threshold 15 (max threshold 15)
[2020-09-29T10:10:35.289+0000][7792][gc,age       ] GC(143) Age table with threshold 15 (max threshold 15)
[2020-09-29T10:10:35.289+0000][7792][gc,age       ] GC(143) - age   1:    3114360 bytes,    3114360 total
[2020-09-29T10:10:35.289+0000][7792][gc,age       ] GC(143) - age   2:       7024 bytes,    3121384 total
[2020-09-29T10:10:35.289+0000][7792][gc,age       ] GC(143) - age   3:       2496 bytes,    3123880 total
[2020-09-29T10:10:35.289+0000][7792][gc,age       ] GC(143) - age   4:       3408 bytes,    3127288 total
[2020-09-29T10:10:35.289+0000][7792][gc,age       ] GC(143) - age   5:        872 bytes,    3128160 total
[2020-09-29T10:10:35.289+0000][7792][gc,age       ] GC(143) - age   6:        704 bytes,    3128864 total
[2020-09-29T10:10:35.289+0000][7792][gc,age       ] GC(143) - age   7:       3288 bytes,    3132152 total
[2020-09-29T10:10:35.289+0000][7792][gc,age       ] GC(143) - age   8:      61184 bytes,    3193336 total
[2020-09-29T10:10:35.290+0000][7792][gc,age       ] GC(143) - age   9:     276080 bytes,    3469416 total
[2020-09-29T10:10:35.290+0000][7792][gc,age       ] GC(143) - age  10:     394840 bytes,    3864256 total
[2020-09-29T10:10:35.290+0000][7792][gc,age       ] GC(143) - age  11:       1792 bytes,    3866048 total
[2020-09-29T10:10:35.290+0000][7792][gc,age       ] GC(143) - age  12:       1200 bytes,    3867248 total
[2020-09-29T10:10:35.290+0000][7792][gc,age       ] GC(143) - age  13:       2696 bytes,    3869944 total
[2020-09-29T10:10:35.290+0000][7792][gc,age       ] GC(143) - age  14:       1424 bytes,    3871368 total
[2020-09-29T10:10:35.290+0000][7792][gc,age       ] GC(143) - age  15:      27280 bytes,    3898648 total
[2020-09-29T10:10:35.290+0000][7792][gc,phases    ] GC(143)   Pre Evacuate Collection Set: 0.5ms
[2020-09-29T10:10:35.290+0000][7792][gc,phases    ] GC(143)   Merge Heap Roots: 0.1ms
[2020-09-29T10:10:35.290+0000][7792][gc,phases    ] GC(143)   Evacuate Collection Set: 3.0ms
[2020-09-29T10:10:35.290+0000][7792][gc,phases    ] GC(143)   Post Evacuate Collection Set: 0.9ms
[2020-09-29T10:10:35.290+0000][7792][gc,phases    ] GC(143)   Other: 1.3ms
[2020-09-29T10:10:35.290+0000][7792][gc,heap      ] GC(143) Eden regions: 64->0(507)
[2020-09-29T10:10:35.290+0000][7792][gc,heap      ] GC(143) Survivor regions: 2->4(64)
[2020-09-29T10:10:35.290+0000][7792][gc,heap      ] GC(143) Old regions: 76->76
[2020-09-29T10:10:35.290+0000][7792][gc,heap      ] GC(143) Archive regions: 0->0
[2020-09-29T10:10:35.290+0000][7792][gc,heap      ] GC(143) Humongous regions: 231->174
[2020-09-29T10:10:35.290+0000][7792][gc,metaspace ] GC(143) Metaspace: 87263K(93184K)->87263K(93184K) NonClass: 76140K(79616K)->76140K(79616K) Class: 11122K(13568K)->11122K(13568K)
[2020-09-29T10:10:35.290+0000][7792][gc           ] GC(143) Pause Young (Concurrent Start) (G1 Humongous Allocation) 372M->253M(1024M) 6.145ms
[2020-09-29T10:10:35.290+0000][7792][gc,cpu       ] GC(143) User=0.00s Sys=0.00s Real=0.01s
[2020-09-29T10:10:35.290+0000][7792][gc           ] GC(144) Concurrent Cycle
[2020-09-29T10:10:35.291+0000][7792][gc,marking   ] GC(144) Concurrent Clear Claimed Marks
[2020-09-29T10:10:35.291+0000][7792][gc,marking   ] GC(144) Concurrent Clear Claimed Marks 0.341ms
[2020-09-29T10:10:35.291+0000][7792][safepoint    ] Safepoint "G1TryInitiateConcMark", Time since last: 68348000 ns, Reaching safepoint: 255800 ns, At safepoint: 6865600 ns, Total: 7121400 ns
[2020-09-29T10:10:35.291+0000][7792][gc,marking   ] GC(144) Concurrent Scan Root Regions
[2020-09-29T10:10:35.293+0000][7792][gc,marking   ] GC(144) Concurrent Scan Root Regions 2.525ms
[2020-09-29T10:10:35.294+0000][7792][gc,marking   ] GC(144) Concurrent Mark (898.396s)
[2020-09-29T10:10:35.294+0000][7792][gc,marking   ] GC(144) Concurrent Mark From Roots
[2020-09-29T10:10:35.294+0000][7792][gc,task      ] GC(144) Using 2 workers of 2 for marking
[2020-09-29T10:10:35.476+0000][7792][gc,marking   ] GC(144) Concurrent Mark From Roots 181.889ms
[2020-09-29T10:10:35.476+0000][7792][gc,marking   ] GC(144) Concurrent Preclean
[2020-09-29T10:10:35.477+0000][7792][gc,marking   ] GC(144) Concurrent Preclean 0.662ms
[2020-09-29T10:10:35.477+0000][7792][gc,marking   ] GC(144) Concurrent Mark (898.396s, 898.579s) 182.775ms
[2020-09-29T10:10:35.477+0000][7792][gc,start     ] GC(144) Pause Remark
[2020-09-29T10:10:35.483+0000][7792][gc           ] GC(144) Pause Remark 340M->340M(1024M) 6.244ms
[2020-09-29T10:10:35.483+0000][7792][gc,cpu       ] GC(144) User=0.00s Sys=0.00s Real=0.01s
[2020-09-29T10:10:35.483+0000][7792][safepoint    ] Safepoint "G1Concurrent", Time since last: 185532600 ns, Reaching safepoint: 173400 ns, At safepoint: 6494900 ns, Total: 6668300 ns
[2020-09-29T10:10:35.484+0000][7792][gc,marking   ] GC(144) Concurrent Rebuild Remembered Sets
[2020-09-29T10:10:35.583+0000][7792][gc,marking   ] GC(144) Concurrent Rebuild Remembered Sets 100.019ms
[2020-09-29T10:10:35.583+0000][7792][gc,start     ] GC(144) Pause Cleanup
[2020-09-29T10:10:35.584+0000][7792][gc           ] GC(144) Pause Cleanup 342M->342M(1024M) 0.369ms
[2020-09-29T10:10:35.584+0000][7792][gc,cpu       ] GC(144) User=0.00s Sys=0.00s Real=0.00s
[2020-09-29T10:10:35.584+0000][7792][safepoint    ] Safepoint "G1Concurrent", Time since last: 100237100 ns, Reaching safepoint: 173300 ns, At safepoint: 615000 ns, Total: 788300 ns
[2020-09-29T10:10:35.584+0000][7792][gc,marking   ] GC(144) Concurrent Cleanup for Next Mark
[2020-09-29T10:10:35.586+0000][7792][gc,marking   ] GC(144) Concurrent Cleanup for Next Mark 1.933ms
[2020-09-29T10:10:35.586+0000][7792][gc           ] GC(144) Concurrent Cycle 295.850ms
[2020-09-29T10:10:35.602+0000][7792][gc,start     ] GC(145) Pause Young (Concurrent Start) (G1 Humongous Allocation)
[2020-09-29T10:10:35.602+0000][7792][gc,task      ] GC(145) Using 8 workers of 8 for evacuation
[2020-09-29T10:10:35.602+0000][7792][gc,age       ] GC(145) Desired survivor size 33554432 bytes, new threshold 15 (max threshold 15)
[2020-09-29T10:10:35.607+0000][7792][gc,age       ] GC(145) Age table with threshold 15 (max threshold 15)
[2020-09-29T10:10:35.607+0000][7792][gc,age       ] GC(145) - age   1:    1631688 bytes,    1631688 total
[2020-09-29T10:10:35.607+0000][7792][gc,age       ] GC(145) - age   2:       4440 bytes,    1636128 total
[2020-09-29T10:10:35.607+0000][7792][gc,age       ] GC(145) - age   3:       1584 bytes,    1637712 total
[2020-09-29T10:10:35.607+0000][7792][gc,age       ] GC(145) - age   4:       2160 bytes,    1639872 total
[2020-09-29T10:10:35.607+0000][7792][gc,age       ] GC(145) - age   5:       3312 bytes,    1643184 total
[2020-09-29T10:10:35.607+0000][7792][gc,age       ] GC(145) - age   6:        872 bytes,    1644056 total
[2020-09-29T10:10:35.607+0000][7792][gc,age       ] GC(145) - age   7:        640 bytes,    1644696 total
[2020-09-29T10:10:35.607+0000][7792][gc,age       ] GC(145) - age   8:       3256 bytes,    1647952 total
[2020-09-29T10:10:35.607+0000][7792][gc,age       ] GC(145) - age   9:      61024 bytes,    1708976 total
[2020-09-29T10:10:35.607+0000][7792][gc,age       ] GC(145) - age  10:     274864 bytes,    1983840 total
[2020-09-29T10:10:35.607+0000][7792][gc,age       ] GC(145) - age  11:     394840 bytes,    2378680 total
[2020-09-29T10:10:35.607+0000][7792][gc,age       ] GC(145) - age  12:       1664 bytes,    2380344 total
[2020-09-29T10:10:35.607+0000][7792][gc,age       ] GC(145) - age  13:       1168 bytes,    2381512 total
[2020-09-29T10:10:35.607+0000][7792][gc,age       ] GC(145) - age  14:       2696 bytes,    2384208 total
[2020-09-29T10:10:35.608+0000][7792][gc,age       ] GC(145) - age  15:       1424 bytes,    2385632 total
[2020-09-29T10:10:35.608+0000][7792][gc,phases    ] GC(145)   Pre Evacuate Collection Set: 0.5ms
[2020-09-29T10:10:35.608+0000][7792][gc,phases    ] GC(145)   Merge Heap Roots: 0.1ms
[2020-09-29T10:10:35.608+0000][7792][gc,phases    ] GC(145)   Evacuate Collection Set: 2.9ms
[2020-09-29T10:10:35.608+0000][7792][gc,phases    ] GC(145)   Post Evacuate Collection Set: 0.9ms
[2020-09-29T10:10:35.608+0000][7792][gc,phases    ] GC(145)   Other: 1.2ms
[2020-09-29T10:10:35.608+0000][7792][gc,heap      ] GC(145) Eden regions: 49->0(508)
[2020-09-29T10:10:35.608+0000][7792][gc,heap      ] GC(145) Survivor regions: 4->3(64)
[2020-09-29T10:10:35.608+0000][7792][gc,heap      ] GC(145) Old regions: 76->76
[2020-09-29T10:10:35.608+0000][7792][gc,heap      ] GC(145) Archive regions: 0->0
[2020-09-29T10:10:35.608+0000][7792][gc,heap      ] GC(145) Humongous regions: 231->175
[2020-09-29T10:10:35.608+0000][7792][gc,metaspace ] GC(145) Metaspace: 87267K(93184K)->87267K(93184K) NonClass: 76144K(79616K)->76144K(79616K) Class: 11122K(13568K)->11122K(13568K)
[2020-09-29T10:10:35.608+0000][7792][gc           ] GC(145) Pause Young (Concurrent Start) (G1 Humongous Allocation) 358M->252M(1024M) 5.944ms
[2020-09-29T10:10:35.608+0000][7792][gc,cpu       ] GC(145) User=0.00s Sys=0.02s Real=0.01s
[2020-09-29T10:10:35.608+0000][7792][gc           ] GC(146) Concurrent Cycle
[2020-09-29T10:10:35.608+0000][7792][gc,marking   ] GC(146) Concurrent Clear Claimed Marks
[2020-09-29T10:10:35.608+0000][7792][safepoint    ] Safepoint "G1TryInitiateConcMark", Time since last: 17807800 ns, Reaching safepoint: 286000 ns, At safepoint: 6394900 ns, Total: 6680900 ns
[2020-09-29T10:10:35.609+0000][7792][gc,marking   ] GC(146) Concurrent Clear Claimed Marks 0.365ms
[2020-09-29T10:10:35.609+0000][7792][gc,marking   ] GC(146) Concurrent Scan Root Regions
[2020-09-29T10:10:35.611+0000][7792][gc,marking   ] GC(146) Concurrent Scan Root Regions 2.436ms
[2020-09-29T10:10:35.611+0000][7792][gc,marking   ] GC(146) Concurrent Mark (898.714s)
[2020-09-29T10:10:35.611+0000][7792][gc,marking   ] GC(146) Concurrent Mark From Roots
[2020-09-29T10:10:35.611+0000][7792][gc,task      ] GC(146) Using 2 workers of 2 for marking
[2020-09-29T10:10:35.791+0000][7792][gc,marking   ] GC(146) Concurrent Mark From Roots 179.186ms
[2020-09-29T10:10:35.791+0000][7792][gc,marking   ] GC(146) Concurrent Preclean
[2020-09-29T10:10:35.791+0000][7792][gc,marking   ] GC(146) Concurrent Preclean 0.694ms
[2020-09-29T10:10:35.792+0000][7792][gc,marking   ] GC(146) Concurrent Mark (898.714s, 898.894s) 180.144ms
[2020-09-29T10:10:35.792+0000][7792][gc,start     ] GC(146) Pause Remark
[2020-09-29T10:10:35.798+0000][7792][gc           ] GC(146) Pause Remark 295M->295M(1024M) 6.376ms
[2020-09-29T10:10:35.798+0000][7792][gc,cpu       ] GC(146) User=0.09s Sys=0.00s Real=0.01s
[2020-09-29T10:10:35.798+0000][7792][safepoint    ] Safepoint "G1Concurrent", Time since last: 183118700 ns, Reaching safepoint: 153200 ns, At safepoint: 6649500 ns, Total: 6802700 ns
[2020-09-29T10:10:35.798+0000][7792][gc,marking   ] GC(146) Concurrent Rebuild Remembered Sets
[2020-09-29T10:10:35.900+0000][7792][gc,marking   ] GC(146) Concurrent Rebuild Remembered Sets 101.749ms
[2020-09-29T10:10:35.901+0000][7792][gc,start     ] GC(146) Pause Cleanup
[2020-09-29T10:10:35.901+0000][7792][gc           ] GC(146) Pause Cleanup 365M->365M(1024M) 0.382ms
[2020-09-29T10:10:35.902+0000][7792][gc,cpu       ] GC(146) User=0.00s Sys=0.00s Real=0.00s
[2020-09-29T10:10:35.902+0000][7792][safepoint    ] Safepoint "G1Concurrent", Time since last: 101977100 ns, Reaching safepoint: 649700 ns, At safepoint: 601400 ns, Total: 1251100 ns
[2020-09-29T10:10:35.902+0000][7792][gc,marking   ] GC(146) Concurrent Cleanup for Next Mark
[2020-09-29T10:10:35.904+0000][7792][gc,marking   ] GC(146) Concurrent Cleanup for Next Mark 1.991ms
[2020-09-29T10:10:35.904+0000][7792][gc           ] GC(146) Concurrent Cycle 295.599ms
[2020-09-29T10:10:35.943+0000][7792][gc,start     ] GC(147) Pause Young (Concurrent Start) (G1 Humongous Allocation)
[2020-09-29T10:10:35.943+0000][7792][gc,task      ] GC(147) Using 8 workers of 8 for evacuation
[2020-09-29T10:10:35.943+0000][7792][gc,age       ] GC(147) Desired survivor size 33554432 bytes, new threshold 15 (max threshold 15)
[2020-09-29T10:10:35.947+0000][7792][gc,age       ] GC(147) Age table with threshold 15 (max threshold 15)
[2020-09-29T10:10:35.947+0000][7792][gc,age       ] GC(147) - age   1:     764736 bytes,     764736 total
[2020-09-29T10:10:35.948+0000][7792][gc,age       ] GC(147) - age   2:       7536 bytes,     772272 total
[2020-09-29T10:10:35.948+0000][7792][gc,age       ] GC(147) - age   3:       3752 bytes,     776024 total
[2020-09-29T10:10:35.948+0000][7792][gc,age       ] GC(147) - age   4:       1416 bytes,     777440 total
[2020-09-29T10:10:35.948+0000][7792][gc,age       ] GC(147) - age   5:       2128 bytes,     779568 total
[2020-09-29T10:10:35.948+0000][7792][gc,age       ] GC(147) - age   6:       3248 bytes,     782816 total
[2020-09-29T10:10:35.948+0000][7792][gc,age       ] GC(147) - age   7:        872 bytes,     783688 total
[2020-09-29T10:10:35.948+0000][7792][gc,age       ] GC(147) - age   8:        608 bytes,     784296 total
[2020-09-29T10:10:35.948+0000][7792][gc,age       ] GC(147) - age   9:       3256 bytes,     787552 total
[2020-09-29T10:10:35.948+0000][7792][gc,age       ] GC(147) - age  10:      60992 bytes,     848544 total
[2020-09-29T10:10:35.948+0000][7792][gc,age       ] GC(147) - age  11:     274864 bytes,    1123408 total
[2020-09-29T10:10:35.948+0000][7792][gc,age       ] GC(147) - age  12:     394840 bytes,    1518248 total
[2020-09-29T10:10:35.948+0000][7792][gc,age       ] GC(147) - age  13:       1504 bytes,    1519752 total
[2020-09-29T10:10:35.948+0000][7792][gc,age       ] GC(147) - age  14:       1104 bytes,    1520856 total
[2020-09-29T10:10:35.948+0000][7792][gc,age       ] GC(147) - age  15:       2376 bytes,    1523232 total
[2020-09-29T10:10:35.948+0000][7792][gc,phases    ] GC(147)   Pre Evacuate Collection Set: 0.5ms
[2020-09-29T10:10:35.948+0000][7792][gc,phases    ] GC(147)   Merge Heap Roots: 0.1ms
[2020-09-29T10:10:35.948+0000][7792][gc,phases    ] GC(147)   Evacuate Collection Set: 2.6ms
[2020-09-29T10:10:35.948+0000][7792][gc,phases    ] GC(147)   Post Evacuate Collection Set: 0.8ms
[2020-09-29T10:10:35.948+0000][7792][gc,phases    ] GC(147)   Other: 1.2ms
[2020-09-29T10:10:35.948+0000][7792][gc,heap      ] GC(147) Eden regions: 61->0(510)
[2020-09-29T10:10:35.949+0000][7792][gc,heap      ] GC(147) Survivor regions: 3->2(64)
[2020-09-29T10:10:35.949+0000][7792][gc,heap      ] GC(147) Old regions: 76->76
[2020-09-29T10:10:35.949+0000][7792][gc,heap      ] GC(147) Archive regions: 0->0
[2020-09-29T10:10:35.949+0000][7792][gc,heap      ] GC(147) Humongous regions: 234->174
[2020-09-29T10:10:35.949+0000][7792][gc,metaspace ] GC(147) Metaspace: 87270K(93184K)->87270K(93184K) NonClass: 76147K(79616K)->76147K(79616K) Class: 11122K(13568K)->11122K(13568K)
[2020-09-29T10:10:35.949+0000][7792][gc           ] GC(147) Pause Young (Concurrent Start) (G1 Humongous Allocation) 372M->250M(1024M) 5.762ms
[2020-09-29T10:10:35.949+0000][7792][gc,cpu       ] GC(147) User=0.00s Sys=0.00s Real=0.01s
[2020-09-29T10:10:35.949+0000][7792][gc           ] GC(148) Concurrent Cycle
[2020-09-29T10:10:35.949+0000][7792][safepoint    ] Safepoint "G1TryInitiateConcMark", Time since last: 41101300 ns, Reaching safepoint: 228900 ns, At safepoint: 6017900 ns, Total: 6246800 ns
[2020-09-29T10:10:35.949+0000][7792][gc,marking   ] GC(148) Concurrent Clear Claimed Marks
[2020-09-29T10:10:35.949+0000][7792][gc,marking   ] GC(148) Concurrent Clear Claimed Marks 0.419ms
[2020-09-29T10:10:35.950+0000][7792][gc,marking   ] GC(148) Concurrent Scan Root Regions
[2020-09-29T10:10:35.952+0000][7792][gc,marking   ] GC(148) Concurrent Scan Root Regions 2.636ms
[2020-09-29T10:10:35.952+0000][7792][gc,marking   ] GC(148) Concurrent Mark (899.055s)
[2020-09-29T10:10:35.952+0000][7792][gc,marking   ] GC(148) Concurrent Mark From Roots
[2020-09-29T10:10:35.952+0000][7792][gc,task      ] GC(148) Using 2 workers of 2 for marking
[2020-09-29T10:10:36.137+0000][7792][gc,marking   ] GC(148) Concurrent Mark From Roots 184.431ms
[2020-09-29T10:10:36.137+0000][7792][gc,marking   ] GC(148) Concurrent Preclean
[2020-09-29T10:10:36.138+0000][7792][gc,marking   ] GC(148) Concurrent Preclean 0.740ms
[2020-09-29T10:10:36.138+0000][7792][gc,marking   ] GC(148) Concurrent Mark (899.055s, 899.240s) 185.442ms
[2020-09-29T10:10:36.138+0000][7792][gc,start     ] GC(148) Pause Remark
[2020-09-29T10:10:36.145+0000][7792][gc           ] GC(148) Pause Remark 277M->277M(1024M) 6.753ms
[2020-09-29T10:10:36.145+0000][7792][gc,cpu       ] GC(148) User=0.03s Sys=0.02s Real=0.01s
[2020-09-29T10:10:36.145+0000][7792][safepoint    ] Safepoint "G1Concurrent", Time since last: 188822600 ns, Reaching safepoint: 252700 ns, At safepoint: 7013500 ns, Total: 7266200 ns
[2020-09-29T10:10:36.146+0000][7792][gc,marking   ] GC(148) Concurrent Rebuild Remembered Sets
[2020-09-29T10:10:36.249+0000][7792][gc,marking   ] GC(148) Concurrent Rebuild Remembered Sets 103.328ms
[2020-09-29T10:10:36.249+0000][7792][gc,start     ] GC(148) Pause Cleanup
[2020-09-29T10:10:36.250+0000][7792][gc           ] GC(148) Pause Cleanup 342M->342M(1024M) 0.401ms
[2020-09-29T10:10:36.250+0000][7792][gc,cpu       ] GC(148) User=0.00s Sys=0.00s Real=0.00s
[2020-09-29T10:10:36.250+0000][7792][safepoint    ] Safepoint "G1Concurrent", Time since last: 103567800 ns, Reaching safepoint: 220300 ns, At safepoint: 615900 ns, Total: 836200 ns
[2020-09-29T10:10:36.250+0000][7792][gc,marking   ] GC(148) Concurrent Cleanup for Next Mark
[2020-09-29T10:10:36.252+0000][7792][gc,marking   ] GC(148) Concurrent Cleanup for Next Mark 1.890ms
[2020-09-29T10:10:36.252+0000][7792][gc           ] GC(148) Concurrent Cycle 302.643ms
[2020-09-29T10:10:36.332+0000][7792][gc,start     ] GC(149) Pause Young (Concurrent Start) (G1 Humongous Allocation)
[2020-09-29T10:10:36.332+0000][7792][gc,task      ] GC(149) Using 8 workers of 8 for evacuation
[2020-09-29T10:10:36.332+0000][7792][gc,age       ] GC(149) Desired survivor size 33554432 bytes, new threshold 15 (max threshold 15)
[2020-09-29T10:10:36.337+0000][7792][gc,age       ] GC(149) Age table with threshold 15 (max threshold 15)
[2020-09-29T10:10:36.337+0000][7792][gc,age       ] GC(149) - age   1:    9651736 bytes,    9651736 total
[2020-09-29T10:10:36.337+0000][7792][gc,age       ] GC(149) - age   2:       7120 bytes,    9658856 total
[2020-09-29T10:10:36.337+0000][7792][gc,age       ] GC(149) - age   3:       4544 bytes,    9663400 total
[2020-09-29T10:10:36.337+0000][7792][gc,age       ] GC(149) - age   4:       1896 bytes,    9665296 total
[2020-09-29T10:10:36.337+0000][7792][gc,age       ] GC(149) - age   5:       1416 bytes,    9666712 total
[2020-09-29T10:10:36.337+0000][7792][gc,age       ] GC(149) - age   6:       2096 bytes,    9668808 total
[2020-09-29T10:10:36.337+0000][7792][gc,age       ] GC(149) - age   7:       3248 bytes,    9672056 total
[2020-09-29T10:10:36.337+0000][7792][gc,age       ] GC(149) - age   8:        840 bytes,    9672896 total
[2020-09-29T10:10:36.338+0000][7792][gc,age       ] GC(149) - age   9:        608 bytes,    9673504 total
[2020-09-29T10:10:36.338+0000][7792][gc,age       ] GC(149) - age  10:       3224 bytes,    9676728 total
[2020-09-29T10:10:36.338+0000][7792][gc,age       ] GC(149) - age  11:      60992 bytes,    9737720 total
[2020-09-29T10:10:36.338+0000][7792][gc,age       ] GC(149) - age  12:     272096 bytes,   10009816 total
[2020-09-29T10:10:36.338+0000][7792][gc,age       ] GC(149) - age  13:     392168 bytes,   10401984 total
[2020-09-29T10:10:36.338+0000][7792][gc,age       ] GC(149) - age  14:        952 bytes,   10402936 total
[2020-09-29T10:10:36.338+0000][7792][gc,age       ] GC(149) - age  15:       1080 bytes,   10404016 total
[2020-09-29T10:10:36.338+0000][7792][gc,phases    ] GC(149)   Pre Evacuate Collection Set: 0.5ms
[2020-09-29T10:10:36.338+0000][7792][gc,phases    ] GC(149)   Merge Heap Roots: 0.1ms
[2020-09-29T10:10:36.338+0000][7792][gc,phases    ] GC(149)   Evacuate Collection Set: 3.5ms
[2020-09-29T10:10:36.338+0000][7792][gc,phases    ] GC(149)   Post Evacuate Collection Set: 1.0ms
[2020-09-29T10:10:36.338+0000][7792][gc,phases    ] GC(149)   Other: 1.1ms
[2020-09-29T10:10:36.338+0000][7792][gc,heap      ] GC(149) Eden regions: 50->0(494)
[2020-09-29T10:10:36.338+0000][7792][gc,heap      ] GC(149) Survivor regions: 2->11(64)
[2020-09-29T10:10:36.338+0000][7792][gc,heap      ] GC(149) Old regions: 76->76
[2020-09-29T10:10:36.338+0000][7792][gc,heap      ] GC(149) Archive regions: 0->0
[2020-09-29T10:10:36.338+0000][7792][gc,heap      ] GC(149) Humongous regions: 232->174
[2020-09-29T10:10:36.338+0000][7792][gc,metaspace ] GC(149) Metaspace: 87335K(93184K)->87335K(93184K) NonClass: 76212K(79616K)->76212K(79616K) Class: 11122K(13568K)->11122K(13568K)
[2020-09-29T10:10:36.338+0000][7792][gc           ] GC(149) Pause Young (Concurrent Start) (G1 Humongous Allocation) 358M->259M(1024M) 6.541ms
[2020-09-29T10:10:36.338+0000][7792][gc,cpu       ] GC(149) User=0.00s Sys=0.00s Real=0.01s
[2020-09-29T10:10:36.338+0000][7792][gc           ] GC(150) Concurrent Cycle
[2020-09-29T10:10:36.338+0000][7792][gc,marking   ] GC(150) Concurrent Clear Claimed Marks
[2020-09-29T10:10:36.339+0000][7792][safepoint    ] Safepoint "G1TryInitiateConcMark", Time since last: 81381700 ns, Reaching safepoint: 203100 ns, At safepoint: 7174700 ns, Total: 7377800 ns
[2020-09-29T10:10:36.339+0000][7792][gc,marking   ] GC(150) Concurrent Clear Claimed Marks 0.343ms
[2020-09-29T10:10:36.339+0000][7792][gc,marking   ] GC(150) Concurrent Scan Root Regions
[2020-09-29T10:10:36.342+0000][7792][gc,marking   ] GC(150) Concurrent Scan Root Regions 2.880ms
[2020-09-29T10:10:36.342+0000][7792][gc,marking   ] GC(150) Concurrent Mark (899.444s)
[2020-09-29T10:10:36.342+0000][7792][gc,marking   ] GC(150) Concurrent Mark From Roots
[2020-09-29T10:10:36.342+0000][7792][gc,task      ] GC(150) Using 2 workers of 2 for marking
[2020-09-29T10:10:36.512+0000][7792][gc,marking   ] GC(150) Concurrent Mark From Roots 170.197ms
[2020-09-29T10:10:36.512+0000][7792][gc,marking   ] GC(150) Concurrent Preclean
[2020-09-29T10:10:36.513+0000][7792][gc,marking   ] GC(150) Concurrent Preclean 0.576ms
[2020-09-29T10:10:36.513+0000][7792][gc,marking   ] GC(150) Concurrent Mark (899.444s, 899.615s) 171.013ms
[2020-09-29T10:10:36.513+0000][7792][gc,start     ] GC(150) Pause Remark
[2020-09-29T10:10:36.519+0000][7792][gc           ] GC(150) Pause Remark 593M->593M(1024M) 6.219ms
[2020-09-29T10:10:36.520+0000][7792][gc,cpu       ] GC(150) User=0.11s Sys=0.00s Real=0.01s
[2020-09-29T10:10:36.520+0000][7792][safepoint    ] Safepoint "G1Concurrent", Time since last: 174244300 ns, Reaching safepoint: 206500 ns, At safepoint: 6468600 ns, Total: 6675100 ns
[2020-09-29T10:10:36.520+0000][7792][gc,marking   ] GC(150) Concurrent Rebuild Remembered Sets
[2020-09-29T10:10:36.611+0000][7792][gc,marking   ] GC(150) Concurrent Rebuild Remembered Sets 91.464ms
[2020-09-29T10:10:36.611+0000][7792][gc,start     ] GC(150) Pause Cleanup
[2020-09-29T10:10:36.612+0000][7792][gc           ] GC(150) Pause Cleanup 593M->593M(1024M) 0.419ms
[2020-09-29T10:10:36.612+0000][7792][gc,cpu       ] GC(150) User=0.00s Sys=0.00s Real=0.00s
[2020-09-29T10:10:36.612+0000][7792][safepoint    ] Safepoint "G1Concurrent", Time since last: 91663600 ns, Reaching safepoint: 152600 ns, At safepoint: 635800 ns, Total: 788400 ns
[2020-09-29T10:10:36.612+0000][7792][gc,marking   ] GC(150) Concurrent Cleanup for Next Mark
[2020-09-29T10:10:36.614+0000][7792][gc,marking   ] GC(150) Concurrent Cleanup for Next Mark 1.567ms
[2020-09-29T10:10:36.614+0000][7792][gc           ] GC(150) Concurrent Cycle 275.664ms
[2020-09-29T10:10:36.777+0000][7792][gc,start     ] GC(151) Pause Young (Concurrent Start) (G1 Humongous Allocation)
[2020-09-29T10:10:36.777+0000][7792][gc,task      ] GC(151) Using 8 workers of 8 for evacuation
[2020-09-29T10:10:36.777+0000][7792][gc,age       ] GC(151) Desired survivor size 33554432 bytes, new threshold 15 (max threshold 15)
[2020-09-29T10:10:36.782+0000][7792][gc,age       ] GC(151) Age table with threshold 15 (max threshold 15)
[2020-09-29T10:10:36.782+0000][7792][gc,age       ] GC(151) - age   1:    2592224 bytes,    2592224 total
[2020-09-29T10:10:36.782+0000][7792][gc,age       ] GC(151) - age   2:      25664 bytes,    2617888 total
[2020-09-29T10:10:36.782+0000][7792][gc,age       ] GC(151) - age   3:       6664 bytes,    2624552 total
[2020-09-29T10:10:36.782+0000][7792][gc,age       ] GC(151) - age   4:       4080 bytes,    2628632 total
[2020-09-29T10:10:36.782+0000][7792][gc,age       ] GC(151) - age   5:       1896 bytes,    2630528 total
[2020-09-29T10:10:36.782+0000][7792][gc,age       ] GC(151) - age   6:       1416 bytes,    2631944 total
[2020-09-29T10:10:36.783+0000][7792][gc,age       ] GC(151) - age   7:       2032 bytes,    2633976 total
[2020-09-29T10:10:36.783+0000][7792][gc,age       ] GC(151) - age   8:       3248 bytes,    2637224 total
[2020-09-29T10:10:36.783+0000][7792][gc,age       ] GC(151) - age   9:        808 bytes,    2638032 total
[2020-09-29T10:10:36.783+0000][7792][gc,age       ] GC(151) - age  10:        576 bytes,    2638608 total
[2020-09-29T10:10:36.783+0000][7792][gc,age       ] GC(151) - age  11:       3224 bytes,    2641832 total
[2020-09-29T10:10:36.783+0000][7792][gc,age       ] GC(151) - age  12:      60992 bytes,    2702824 total
[2020-09-29T10:10:36.783+0000][7792][gc,age       ] GC(151) - age  13:     269424 bytes,    2972248 total
[2020-09-29T10:10:36.783+0000][7792][gc,age       ] GC(151) - age  14:     386216 bytes,    3358464 total
[2020-09-29T10:10:36.783+0000][7792][gc,age       ] GC(151) - age  15:        952 bytes,    3359416 total
[2020-09-29T10:10:36.783+0000][7792][gc,phases    ] GC(151)   Pre Evacuate Collection Set: 0.5ms
[2020-09-29T10:10:36.783+0000][7792][gc,phases    ] GC(151)   Merge Heap Roots: 0.1ms
[2020-09-29T10:10:36.783+0000][7792][gc,phases    ] GC(151)   Evacuate Collection Set: 3.1ms
[2020-09-29T10:10:36.783+0000][7792][gc,phases    ] GC(151)   Post Evacuate Collection Set: 1.1ms
[2020-09-29T10:10:36.783+0000][7792][gc,phases    ] GC(151)   Other: 1.1ms
[2020-09-29T10:10:36.783+0000][7792][gc,heap      ] GC(151) Eden regions: 88->0(502)
[2020-09-29T10:10:36.783+0000][7792][gc,heap      ] GC(151) Survivor regions: 11->4(64)
[2020-09-29T10:10:36.783+0000][7792][gc,heap      ] GC(151) Old regions: 76->76
[2020-09-29T10:10:36.783+0000][7792][gc,heap      ] GC(151) Archive regions: 0->0
[2020-09-29T10:10:36.783+0000][7792][gc,heap      ] GC(151) Humongous regions: 430->174
[2020-09-29T10:10:36.783+0000][7792][gc,metaspace ] GC(151) Metaspace: 87379K(93184K)->87379K(93184K) NonClass: 76256K(79616K)->76256K(79616K) Class: 11122K(13568K)->11122K(13568K)
[2020-09-29T10:10:36.783+0000][7792][gc           ] GC(151) Pause Young (Concurrent Start) (G1 Humongous Allocation) 602M->252M(1024M) 6.138ms
[2020-09-29T10:10:36.783+0000][7792][gc,cpu       ] GC(151) User=0.02s Sys=0.00s Real=0.01s
[2020-09-29T10:10:36.783+0000][7792][gc           ] GC(152) Concurrent Cycle
[2020-09-29T10:10:36.783+0000][7792][safepoint    ] Safepoint "G1TryInitiateConcMark", Time since last: 164868100 ns, Reaching safepoint: 186400 ns, At safepoint: 6309500 ns, Total: 6495900 ns
[2020-09-29T10:10:36.783+0000][7792][gc,marking   ] GC(152) Concurrent Clear Claimed Marks
[2020-09-29T10:10:36.784+0000][7792][gc,marking   ] GC(152) Concurrent Clear Claimed Marks 0.516ms
[2020-09-29T10:10:36.784+0000][7792][gc,marking   ] GC(152) Concurrent Scan Root Regions
[2020-09-29T10:10:36.786+0000][7792][gc,marking   ] GC(152) Concurrent Scan Root Regions 1.958ms
[2020-09-29T10:10:36.786+0000][7792][gc,marking   ] GC(152) Concurrent Mark (899.888s)
[2020-09-29T10:10:36.786+0000][7792][gc,marking   ] GC(152) Concurrent Mark From Roots
[2020-09-29T10:10:36.786+0000][7792][gc,task      ] GC(152) Using 2 workers of 2 for marking
[2020-09-29T10:10:36.955+0000][7792][gc,marking   ] GC(152) Concurrent Mark From Roots 169.228ms
[2020-09-29T10:10:36.955+0000][7792][gc,marking   ] GC(152) Concurrent Preclean
[2020-09-29T10:10:36.957+0000][7792][gc,marking   ] GC(152) Concurrent Preclean 1.085ms
[2020-09-29T10:10:36.957+0000][7792][gc,marking   ] GC(152) Concurrent Mark (899.888s, 900.059s) 170.554ms
[2020-09-29T10:10:36.960+0000][7792][gc,start     ] GC(152) Pause Remark
[2020-09-29T10:10:36.966+0000][7792][gc           ] GC(152) Pause Remark 576M->576M(1024M) 6.273ms
[2020-09-29T10:10:36.966+0000][7792][gc,cpu       ] GC(152) User=0.00s Sys=0.00s Real=0.01s
[2020-09-29T10:10:36.966+0000][7792][safepoint    ] Safepoint "G1Concurrent", Time since last: 173379000 ns, Reaching safepoint: 2983300 ns, At safepoint: 6597300 ns, Total: 9580600 ns
[2020-09-29T10:10:36.966+0000][7792][gc,marking   ] GC(152) Concurrent Rebuild Remembered Sets
[2020-09-29T10:10:37.062+0000][7792][gc,marking   ] GC(152) Concurrent Rebuild Remembered Sets 95.425ms
[2020-09-29T10:10:37.062+0000][7792][gc,start     ] GC(152) Pause Cleanup
[2020-09-29T10:10:37.063+0000][7792][gc           ] GC(152) Pause Cleanup 668M->668M(1024M) 0.436ms
[2020-09-29T10:10:37.063+0000][7792][gc,cpu       ] GC(152) User=0.00s Sys=0.00s Real=0.00s
[2020-09-29T10:10:37.063+0000][7792][safepoint    ] Safepoint "G1Concurrent", Time since last: 95658100 ns, Reaching safepoint: 204100 ns, At safepoint: 661300 ns, Total: 865400 ns
[2020-09-29T10:10:37.063+0000][7792][gc,marking   ] GC(152) Concurrent Cleanup for Next Mark
[2020-09-29T10:10:37.065+0000][7792][gc,marking   ] GC(152) Concurrent Cleanup for Next Mark 1.831ms
[2020-09-29T10:10:37.065+0000][7792][gc           ] GC(152) Concurrent Cycle 281.559ms
[2020-09-29T10:10:37.068+0000][7792][gc,start     ] GC(153) Pause Young (Concurrent Start) (G1 Humongous Allocation)
[2020-09-29T10:10:37.068+0000][7792][gc,task      ] GC(153) Using 8 workers of 8 for evacuation
[2020-09-29T10:10:37.068+0000][7792][gc,age       ] GC(153) Desired survivor size 33554432 bytes, new threshold 15 (max threshold 15)
[2020-09-29T10:10:37.073+0000][7792][gc,age       ] GC(153) Age table with threshold 15 (max threshold 15)
[2020-09-29T10:10:37.073+0000][7792][gc,age       ] GC(153) - age   1:    3947104 bytes,    3947104 total
[2020-09-29T10:10:37.073+0000][7792][gc,age       ] GC(153) - age   2:       2816 bytes,    3949920 total
[2020-09-29T10:10:37.073+0000][7792][gc,age       ] GC(153) - age   3:      23344 bytes,    3973264 total
[2020-09-29T10:10:37.073+0000][7792][gc,age       ] GC(153) - age   4:       6440 bytes,    3979704 total
[2020-09-29T10:10:37.073+0000][7792][gc,age       ] GC(153) - age   5:       4080 bytes,    3983784 total
[2020-09-29T10:10:37.073+0000][7792][gc,age       ] GC(153) - age   6:       1768 bytes,    3985552 total
[2020-09-29T10:10:37.073+0000][7792][gc,age       ] GC(153) - age   7:       1352 bytes,    3986904 total
[2020-09-29T10:10:37.073+0000][7792][gc,age       ] GC(153) - age   8:       2032 bytes,    3988936 total
[2020-09-29T10:10:37.073+0000][7792][gc,age       ] GC(153) - age   9:       3248 bytes,    3992184 total
[2020-09-29T10:10:37.073+0000][7792][gc,age       ] GC(153) - age  10:        808 bytes,    3992992 total
[2020-09-29T10:10:37.074+0000][7792][gc,age       ] GC(153) - age  11:        576 bytes,    3993568 total
[2020-09-29T10:10:37.074+0000][7792][gc,age       ] GC(153) - age  12:       3224 bytes,    3996792 total
[2020-09-29T10:10:37.074+0000][7792][gc,age       ] GC(153) - age  13:      60992 bytes,    4057784 total
[2020-09-29T10:10:37.074+0000][7792][gc,age       ] GC(153) - age  14:     269248 bytes,    4327032 total
[2020-09-29T10:10:37.074+0000][7792][gc,age       ] GC(153) - age  15:     386216 bytes,    4713248 total
[2020-09-29T10:10:37.074+0000][7792][gc,phases    ] GC(153)   Pre Evacuate Collection Set: 0.4ms
[2020-09-29T10:10:37.074+0000][7792][gc,phases    ] GC(153)   Merge Heap Roots: 0.1ms
[2020-09-29T10:10:37.074+0000][7792][gc,phases    ] GC(153)   Evacuate Collection Set: 3.2ms
[2020-09-29T10:10:37.074+0000][7792][gc,phases    ] GC(153)   Post Evacuate Collection Set: 1.2ms
[2020-09-29T10:10:37.074+0000][7792][gc,phases    ] GC(153)   Other: 1.1ms
[2020-09-29T10:10:37.074+0000][7792][gc,heap      ] GC(153) Eden regions: 113->0(501)
[2020-09-29T10:10:37.074+0000][7792][gc,heap      ] GC(153) Survivor regions: 4->5(64)
[2020-09-29T10:10:37.074+0000][7792][gc,heap      ] GC(153) Old regions: 76->76
[2020-09-29T10:10:37.074+0000][7792][gc,heap      ] GC(153) Archive regions: 0->0
[2020-09-29T10:10:37.074+0000][7792][gc,heap      ] GC(153) Humongous regions: 478->174
[2020-09-29T10:10:37.074+0000][7792][gc,metaspace ] GC(153) Metaspace: 87411K(93440K)->87411K(93440K) NonClass: 76288K(79872K)->76288K(79872K) Class: 11122K(13568K)->11122K(13568K)
[2020-09-29T10:10:37.074+0000][7792][gc           ] GC(153) Pause Young (Concurrent Start) (G1 Humongous Allocation) 669M->253M(1024M) 6.424ms
[2020-09-29T10:10:37.074+0000][7792][gc,cpu       ] GC(153) User=0.00s Sys=0.00s Real=0.01s
[2020-09-29T10:10:37.074+0000][7792][gc           ] GC(154) Concurrent Cycle
[2020-09-29T10:10:37.074+0000][7792][gc,marking   ] GC(154) Concurrent Clear Claimed Marks
[2020-09-29T10:10:37.075+0000][7792][safepoint    ] Safepoint "G1TryInitiateConcMark", Time since last: 4759400 ns, Reaching safepoint: 190500 ns, At safepoint: 6975600 ns, Total: 7166100 ns
[2020-09-29T10:10:37.075+0000][7792][gc,marking   ] GC(154) Concurrent Clear Claimed Marks 0.869ms
[2020-09-29T10:10:37.075+0000][7792][gc,marking   ] GC(154) Concurrent Scan Root Regions
[2020-09-29T10:10:37.079+0000][7792][gc,marking   ] GC(154) Concurrent Scan Root Regions 3.758ms
[2020-09-29T10:10:37.079+0000][7792][gc,marking   ] GC(154) Concurrent Mark (900.182s)
[2020-09-29T10:10:37.080+0000][7792][gc,marking   ] GC(154) Concurrent Mark From Roots
[2020-09-29T10:10:37.080+0000][7792][gc,task      ] GC(154) Using 2 workers of 2 for marking
[2020-09-29T10:10:37.251+0000][7792][gc,marking   ] GC(154) Concurrent Mark From Roots 171.634ms
[2020-09-29T10:10:37.251+0000][7792][gc,marking   ] GC(154) Concurrent Preclean
[2020-09-29T10:10:37.252+0000][7792][gc,marking   ] GC(154) Concurrent Preclean 0.659ms
[2020-09-29T10:10:37.252+0000][7792][gc,marking   ] GC(154) Concurrent Mark (900.182s, 900.354s) 172.505ms
[2020-09-29T10:10:37.252+0000][7792][gc,start     ] GC(154) Pause Remark
[2020-09-29T10:10:37.259+0000][7792][gc           ] GC(154) Pause Remark 454M->454M(1024M) 6.868ms
[2020-09-29T10:10:37.259+0000][7792][gc,cpu       ] GC(154) User=0.00s Sys=0.00s Real=0.01s
[2020-09-29T10:10:37.259+0000][7792][safepoint    ] Safepoint "G1Concurrent", Time since last: 177318500 ns, Reaching safepoint: 203700 ns, At safepoint: 7138100 ns, Total: 7341800 ns
[2020-09-29T10:10:37.259+0000][7792][gc,marking   ] GC(154) Concurrent Rebuild Remembered Sets
[2020-09-29T10:10:37.352+0000][7792][gc,marking   ] GC(154) Concurrent Rebuild Remembered Sets 92.376ms
[2020-09-29T10:10:37.352+0000][7792][gc,start     ] GC(154) Pause Cleanup
[2020-09-29T10:10:37.353+0000][7792][gc           ] GC(154) Pause Cleanup 532M->532M(1024M) 0.349ms
[2020-09-29T10:10:37.353+0000][7792][gc,cpu       ] GC(154) User=0.00s Sys=0.00s Real=0.00s
[2020-09-29T10:10:37.353+0000][7792][safepoint    ] Safepoint "G1Concurrent", Time since last: 92576400 ns, Reaching safepoint: 164600 ns, At safepoint: 549800 ns, Total: 714400 ns
[2020-09-29T10:10:37.353+0000][7792][gc,marking   ] GC(154) Concurrent Cleanup for Next Mark
[2020-09-29T10:10:37.355+0000][7792][gc,marking   ] GC(154) Concurrent Cleanup for Next Mark 1.843ms
[2020-09-29T10:10:37.355+0000][7792][gc           ] GC(154) Concurrent Cycle 280.358ms
[2020-09-29T10:10:37.381+0000][7792][gc,start     ] GC(155) Pause Young (Concurrent Start) (G1 Humongous Allocation)
[2020-09-29T10:10:37.381+0000][7792][gc,task      ] GC(155) Using 8 workers of 8 for evacuation
[2020-09-29T10:10:37.381+0000][7792][gc,age       ] GC(155) Desired survivor size 33554432 bytes, new threshold 15 (max threshold 15)
[2020-09-29T10:10:37.386+0000][7792][gc,age       ] GC(155) Age table with threshold 15 (max threshold 15)
[2020-09-29T10:10:37.386+0000][7792][gc,age       ] GC(155) - age   1:    3626256 bytes,    3626256 total
[2020-09-29T10:10:37.386+0000][7792][gc,age       ] GC(155) - age   2:     216512 bytes,    3842768 total
[2020-09-29T10:10:37.386+0000][7792][gc,age       ] GC(155) - age   3:       2600 bytes,    3845368 total
[2020-09-29T10:10:37.386+0000][7792][gc,age       ] GC(155) - age   4:      22960 bytes,    3868328 total
[2020-09-29T10:10:37.386+0000][7792][gc,age       ] GC(155) - age   5:       5800 bytes,    3874128 total
[2020-09-29T10:10:37.386+0000][7792][gc,age       ] GC(155) - age   6:       4080 bytes,    3878208 total
[2020-09-29T10:10:37.386+0000][7792][gc,age       ] GC(155) - age   7:       1768 bytes,    3879976 total
[2020-09-29T10:10:37.386+0000][7792][gc,age       ] GC(155) - age   8:       1352 bytes,    3881328 total
[2020-09-29T10:10:37.386+0000][7792][gc,age       ] GC(155) - age   9:       2032 bytes,    3883360 total
[2020-09-29T10:10:37.386+0000][7792][gc,age       ] GC(155) - age  10:       3248 bytes,    3886608 total
[2020-09-29T10:10:37.386+0000][7792][gc,age       ] GC(155) - age  11:        808 bytes,    3887416 total
[2020-09-29T10:10:37.386+0000][7792][gc,age       ] GC(155) - age  12:        576 bytes,    3887992 total
[2020-09-29T10:10:37.387+0000][7792][gc,age       ] GC(155) - age  13:       3224 bytes,    3891216 total
[2020-09-29T10:10:37.387+0000][7792][gc,age       ] GC(155) - age  14:      60992 bytes,    3952208 total
[2020-09-29T10:10:37.387+0000][7792][gc,age       ] GC(155) - age  15:     269184 bytes,    4221392 total
[2020-09-29T10:10:37.387+0000][7792][gc,phases    ] GC(155)   Pre Evacuate Collection Set: 0.4ms
[2020-09-29T10:10:37.387+0000][7792][gc,phases    ] GC(155)   Merge Heap Roots: 0.1ms
[2020-09-29T10:10:37.387+0000][7792][gc,phases    ] GC(155)   Evacuate Collection Set: 3.1ms
[2020-09-29T10:10:37.387+0000][7792][gc,phases    ] GC(155)   Post Evacuate Collection Set: 1.1ms
[2020-09-29T10:10:37.387+0000][7792][gc,phases    ] GC(155)   Other: 1.2ms
[2020-09-29T10:10:37.387+0000][7792][gc,heap      ] GC(155) Eden regions: 79->0(501)
[2020-09-29T10:10:37.387+0000][7792][gc,heap      ] GC(155) Survivor regions: 5->5(64)
[2020-09-29T10:10:37.387+0000][7792][gc,heap      ] GC(155) Old regions: 76->76
[2020-09-29T10:10:37.387+0000][7792][gc,heap      ] GC(155) Archive regions: 0->0
[2020-09-29T10:10:37.387+0000][7792][gc,heap      ] GC(155) Humongous regions: 382->174
[2020-09-29T10:10:37.387+0000][7792][gc,metaspace ] GC(155) Metaspace: 87445K(93440K)->87445K(93440K) NonClass: 76322K(79872K)->76322K(79872K) Class: 11122K(13568K)->11122K(13568K)
[2020-09-29T10:10:37.387+0000][7792][gc           ] GC(155) Pause Young (Concurrent Start) (G1 Humongous Allocation) 540M->253M(1024M) 6.228ms
[2020-09-29T10:10:37.387+0000][7792][gc,cpu       ] GC(155) User=0.00s Sys=0.00s Real=0.01s
[2020-09-29T10:10:37.387+0000][7792][safepoint    ] Safepoint "G1TryInitiateConcMark", Time since last: 27927000 ns, Reaching safepoint: 198100 ns, At safepoint: 6451900 ns, Total: 6650000 ns
[2020-09-29T10:10:37.387+0000][7792][gc           ] GC(156) Concurrent Cycle
[2020-09-29T10:10:37.387+0000][7792][gc,marking   ] GC(156) Concurrent Clear Claimed Marks
[2020-09-29T10:10:37.388+0000][7792][gc,marking   ] GC(156) Concurrent Clear Claimed Marks 0.521ms
[2020-09-29T10:10:37.388+0000][7792][gc,marking   ] GC(156) Concurrent Scan Root Regions
[2020-09-29T10:10:37.392+0000][7792][gc,marking   ] GC(156) Concurrent Scan Root Regions 4.049ms
[2020-09-29T10:10:37.392+0000][7792][gc,marking   ] GC(156) Concurrent Mark (900.494s)
[2020-09-29T10:10:37.392+0000][7792][gc,marking   ] GC(156) Concurrent Mark From Roots
[2020-09-29T10:10:37.392+0000][7792][gc,task      ] GC(156) Using 2 workers of 2 for marking
[2020-09-29T10:10:37.566+0000][7792][gc,marking   ] GC(156) Concurrent Mark From Roots 173.850ms
[2020-09-29T10:10:37.566+0000][7792][gc,marking   ] GC(156) Concurrent Preclean
[2020-09-29T10:10:37.567+0000][7792][gc,marking   ] GC(156) Concurrent Preclean 1.035ms
[2020-09-29T10:10:37.567+0000][7792][gc,marking   ] GC(156) Concurrent Mark (900.494s, 900.670s) 175.192ms
[2020-09-29T10:10:37.568+0000][7792][gc,start     ] GC(156) Pause Remark
[2020-09-29T10:10:37.575+0000][7792][gc           ] GC(156) Pause Remark 566M->566M(1024M) 7.228ms
[2020-09-29T10:10:37.575+0000][7792][gc,cpu       ] GC(156) User=0.00s Sys=0.00s Real=0.01s
[2020-09-29T10:10:37.576+0000][7792][safepoint    ] Safepoint "G1Concurrent", Time since last: 180221000 ns, Reaching safepoint: 596500 ns, At safepoint: 7876400 ns, Total: 8472900 ns
[2020-09-29T10:10:37.576+0000][7792][gc,marking   ] GC(156) Concurrent Rebuild Remembered Sets
[2020-09-29T10:10:37.677+0000][7792][gc,marking   ] GC(156) Concurrent Rebuild Remembered Sets 101.362ms
[2020-09-29T10:10:37.678+0000][7792][gc,start     ] GC(156) Pause Cleanup
[2020-09-29T10:10:37.678+0000][7792][gc           ] GC(156) Pause Cleanup 659M->659M(1024M) 0.407ms
[2020-09-29T10:10:37.678+0000][7792][gc,cpu       ] GC(156) User=0.00s Sys=0.00s Real=0.00s
[2020-09-29T10:10:37.678+0000][7792][safepoint    ] Safepoint "G1Concurrent", Time since last: 101583400 ns, Reaching safepoint: 170800 ns, At safepoint: 595600 ns, Total: 766400 ns
[2020-09-29T10:10:37.678+0000][7792][gc,marking   ] GC(156) Concurrent Cleanup for Next Mark
[2020-09-29T10:10:37.680+0000][7792][gc,marking   ] GC(156) Concurrent Cleanup for Next Mark 1.772ms
[2020-09-29T10:10:37.680+0000][7792][gc           ] GC(156) Concurrent Cycle 293.030ms
[2020-09-29T10:10:37.795+0000][7792][gc,start     ] GC(157) Pause Young (Concurrent Start) (G1 Humongous Allocation)
[2020-09-29T10:10:37.795+0000][7792][gc,task      ] GC(157) Using 8 workers of 8 for evacuation
[2020-09-29T10:10:37.795+0000][7792][gc,age       ] GC(157) Desired survivor size 33554432 bytes, new threshold 15 (max threshold 15)
[2020-09-29T10:10:37.802+0000][7792][gc,age       ] GC(157) Age table with threshold 15 (max threshold 15)
[2020-09-29T10:10:37.802+0000][7792][gc,age       ] GC(157) - age   1:   13451432 bytes,   13451432 total
[2020-09-29T10:10:37.802+0000][7792][gc,age       ] GC(157) - age   2:       3808 bytes,   13455240 total
[2020-09-29T10:10:37.802+0000][7792][gc,age       ] GC(157) - age   3:      13272 bytes,   13468512 total
[2020-09-29T10:10:37.802+0000][7792][gc,age       ] GC(157) - age   4:       1536 bytes,   13470048 total
[2020-09-29T10:10:37.802+0000][7792][gc,age       ] GC(157) - age   5:      22832 bytes,   13492880 total
[2020-09-29T10:10:37.802+0000][7792][gc,age       ] GC(157) - age   6:       5640 bytes,   13498520 total
[2020-09-29T10:10:37.802+0000][7792][gc,age       ] GC(157) - age   7:       4048 bytes,   13502568 total
[2020-09-29T10:10:37.802+0000][7792][gc,age       ] GC(157) - age   8:       1768 bytes,   13504336 total
[2020-09-29T10:10:37.802+0000][7792][gc,age       ] GC(157) - age   9:       1352 bytes,   13505688 total
[2020-09-29T10:10:37.802+0000][7792][gc,age       ] GC(157) - age  10:       2032 bytes,   13507720 total
[2020-09-29T10:10:37.802+0000][7792][gc,age       ] GC(157) - age  11:       3120 bytes,   13510840 total
[2020-09-29T10:10:37.802+0000][7792][gc,age       ] GC(157) - age  12:        808 bytes,   13511648 total
[2020-09-29T10:10:37.802+0000][7792][gc,age       ] GC(157) - age  13:        576 bytes,   13512224 total
[2020-09-29T10:10:37.802+0000][7792][gc,age       ] GC(157) - age  14:       3224 bytes,   13515448 total
[2020-09-29T10:10:37.802+0000][7792][gc,age       ] GC(157) - age  15:      60992 bytes,   13576440 total
[2020-09-29T10:10:37.802+0000][7792][gc,phases    ] GC(157)   Pre Evacuate Collection Set: 0.4ms
[2020-09-29T10:10:37.802+0000][7792][gc,phases    ] GC(157)   Merge Heap Roots: 0.1ms
[2020-09-29T10:10:37.802+0000][7792][gc,phases    ] GC(157)   Evacuate Collection Set: 4.2ms
[2020-09-29T10:10:37.802+0000][7792][gc,phases    ] GC(157)   Post Evacuate Collection Set: 1.4ms
[2020-09-29T10:10:37.803+0000][7792][gc,phases    ] GC(157)   Other: 1.1ms
[2020-09-29T10:10:37.803+0000][7792][gc,heap      ] GC(157) Eden regions: 132->0(484)
[2020-09-29T10:10:37.803+0000][7792][gc,heap      ] GC(157) Survivor regions: 5->14(64)
[2020-09-29T10:10:37.803+0000][7792][gc,heap      ] GC(157) Old regions: 76->76
[2020-09-29T10:10:37.803+0000][7792][gc,heap      ] GC(157) Archive regions: 0->0
[2020-09-29T10:10:37.803+0000][7792][gc,heap      ] GC(157) Humongous regions: 478->174
[2020-09-29T10:10:37.803+0000][7792][gc,metaspace ] GC(157) Metaspace: 87538K(93440K)->87538K(93440K) NonClass: 76415K(79872K)->76415K(79872K) Class: 11122K(13568K)->11122K(13568K)
[2020-09-29T10:10:37.803+0000][7792][gc           ] GC(157) Pause Young (Concurrent Start) (G1 Humongous Allocation) 689M->263M(1024M) 7.633ms
[2020-09-29T10:10:37.803+0000][7792][gc,cpu       ] GC(157) User=0.02s Sys=0.02s Real=0.01s
[2020-09-29T10:10:37.803+0000][7792][gc           ] GC(158) Concurrent Cycle
[2020-09-29T10:10:37.803+0000][7792][gc,marking   ] GC(158) Concurrent Clear Claimed Marks
[2020-09-29T10:10:37.803+0000][7792][safepoint    ] Safepoint "G1TryInitiateConcMark", Time since last: 116582600 ns, Reaching safepoint: 224400 ns, At safepoint: 8021900 ns, Total: 8246300 ns
[2020-09-29T10:10:37.804+0000][7792][gc,marking   ] GC(158) Concurrent Clear Claimed Marks 0.499ms
[2020-09-29T10:10:37.804+0000][7792][gc,marking   ] GC(158) Concurrent Scan Root Regions
[2020-09-29T10:10:37.808+0000][7792][gc,marking   ] GC(158) Concurrent Scan Root Regions 4.259ms
[2020-09-29T10:10:37.808+0000][7792][gc,marking   ] GC(158) Concurrent Mark (900.910s)
[2020-09-29T10:10:37.808+0000][7792][gc,marking   ] GC(158) Concurrent Mark From Roots
[2020-09-29T10:10:37.808+0000][7792][gc,task      ] GC(158) Using 2 workers of 2 for marking
[2020-09-29T10:10:37.981+0000][7792][gc,marking   ] GC(158) Concurrent Mark From Roots 172.841ms
[2020-09-29T10:10:37.981+0000][7792][gc,marking   ] GC(158) Concurrent Preclean
[2020-09-29T10:10:37.982+0000][7792][gc,marking   ] GC(158) Concurrent Preclean 0.636ms
[2020-09-29T10:10:37.982+0000][7792][gc,marking   ] GC(158) Concurrent Mark (900.910s, 901.084s) 173.714ms
[2020-09-29T10:10:37.982+0000][7792][gc,start     ] GC(158) Pause Remark
[2020-09-29T10:10:37.996+0000][7792][gc           ] GC(158) Pause Remark 592M->592M(1024M) 13.601ms
[2020-09-29T10:10:37.996+0000][7792][gc,cpu       ] GC(158) User=0.03s Sys=0.00s Real=0.01s
[2020-09-29T10:10:37.996+0000][7792][safepoint    ] Safepoint "G1Concurrent", Time since last: 178685100 ns, Reaching safepoint: 162900 ns, At safepoint: 14192900 ns, Total: 14355800 ns
[2020-09-29T10:10:37.996+0000][7792][gc,marking   ] GC(158) Concurrent Rebuild Remembered Sets
[2020-09-29T10:10:38.075+0000][7792][safepoint    ] Safepoint "ICBufferFull", Time since last: 77871300 ns, Reaching safepoint: 644600 ns, At safepoint: 86700 ns, Total: 731300 ns
[2020-09-29T10:10:38.094+0000][7792][gc,marking   ] GC(158) Concurrent Rebuild Remembered Sets 97.503ms
[2020-09-29T10:10:38.094+0000][7792][gc,start     ] GC(158) Pause Cleanup
[2020-09-29T10:10:38.095+0000][7792][gc           ] GC(158) Pause Cleanup 644M->644M(1024M) 0.442ms
[2020-09-29T10:10:38.095+0000][7792][gc,cpu       ] GC(158) User=0.00s Sys=0.00s Real=0.00s
[2020-09-29T10:10:38.096+0000][7792][safepoint    ] Safepoint "G1Concurrent", Time since last: 19154400 ns, Reaching safepoint: 334400 ns, At safepoint: 1266100 ns, Total: 1600500 ns
[2020-09-29T10:10:38.096+0000][7792][gc,marking   ] GC(158) Concurrent Cleanup for Next Mark
[2020-09-29T10:10:38.098+0000][7792][gc,marking   ] GC(158) Concurrent Cleanup for Next Mark 2.161ms
[2020-09-29T10:10:38.098+0000][7792][gc           ] GC(158) Concurrent Cycle 294.997ms
[2020-09-29T10:10:38.099+0000][7792][gc,start     ] GC(159) Pause Young (Concurrent Start) (G1 Humongous Allocation)
[2020-09-29T10:10:38.099+0000][7792][gc,task      ] GC(159) Using 8 workers of 8 for evacuation
[2020-09-29T10:10:38.099+0000][7792][gc,age       ] GC(159) Desired survivor size 33030144 bytes, new threshold 15 (max threshold 15)
[2020-09-29T10:10:38.105+0000][7792][gc,age       ] GC(159) Age table with threshold 15 (max threshold 15)
[2020-09-29T10:10:38.105+0000][7792][gc,age       ] GC(159) - age   1:    8040160 bytes,    8040160 total
[2020-09-29T10:10:38.105+0000][7792][gc,age       ] GC(159) - age   2:      31760 bytes,    8071920 total
[2020-09-29T10:10:38.105+0000][7792][gc,age       ] GC(159) - age   3:       3776 bytes,    8075696 total
[2020-09-29T10:10:38.105+0000][7792][gc,age       ] GC(159) - age   4:      12104 bytes,    8087800 total
[2020-09-29T10:10:38.105+0000][7792][gc,age       ] GC(159) - age   5:       1440 bytes,    8089240 total
[2020-09-29T10:10:38.105+0000][7792][gc,age       ] GC(159) - age   6:      22832 bytes,    8112072 total
[2020-09-29T10:10:38.105+0000][7792][gc,age       ] GC(159) - age   7:       5608 bytes,    8117680 total
[2020-09-29T10:10:38.105+0000][7792][gc,age       ] GC(159) - age   8:       4048 bytes,    8121728 total
[2020-09-29T10:10:38.105+0000][7792][gc,age       ] GC(159) - age   9:       1768 bytes,    8123496 total
[2020-09-29T10:10:38.105+0000][7792][gc,age       ] GC(159) - age  10:       1320 bytes,    8124816 total
[2020-09-29T10:10:38.105+0000][7792][gc,age       ] GC(159) - age  11:       2032 bytes,    8126848 total
[2020-09-29T10:10:38.105+0000][7792][gc,age       ] GC(159) - age  12:       3120 bytes,    8129968 total
[2020-09-29T10:10:38.105+0000][7792][gc,age       ] GC(159) - age  13:        808 bytes,    8130776 total
[2020-09-29T10:10:38.105+0000][7792][gc,age       ] GC(159) - age  14:        576 bytes,    8131352 total
[2020-09-29T10:10:38.105+0000][7792][gc,age       ] GC(159) - age  15:       2888 bytes,    8134240 total
[2020-09-29T10:10:38.105+0000][7792][gc,phases    ] GC(159)   Pre Evacuate Collection Set: 0.5ms
[2020-09-29T10:10:38.105+0000][7792][gc,phases    ] GC(159)   Merge Heap Roots: 0.1ms
[2020-09-29T10:10:38.105+0000][7792][gc,phases    ] GC(159)   Evacuate Collection Set: 3.8ms
[2020-09-29T10:10:38.105+0000][7792][gc,phases    ] GC(159)   Post Evacuate Collection Set: 1.2ms
[2020-09-29T10:10:38.105+0000][7792][gc,phases    ] GC(159)   Other: 1.2ms
[2020-09-29T10:10:38.106+0000][7792][gc,heap      ] GC(159) Eden regions: 96->0(487)
[2020-09-29T10:10:38.106+0000][7792][gc,heap      ] GC(159) Survivor regions: 14->9(63)
[2020-09-29T10:10:38.106+0000][7792][gc,heap      ] GC(159) Old regions: 76->77
[2020-09-29T10:10:38.106+0000][7792][gc,heap      ] GC(159) Archive regions: 0->0
[2020-09-29T10:10:38.106+0000][7792][gc,heap      ] GC(159) Humongous regions: 473->174
[2020-09-29T10:10:38.106+0000][7792][gc,metaspace ] GC(159) Metaspace: 87530K(93440K)->87530K(93440K) NonClass: 76414K(79872K)->76414K(79872K) Class: 11116K(13568K)->11116K(13568K)
[2020-09-29T10:10:38.106+0000][7792][gc           ] GC(159) Pause Young (Concurrent Start) (G1 Humongous Allocation) 658M->258M(1024M) 7.198ms
[2020-09-29T10:10:38.106+0000][7792][gc,cpu       ] GC(159) User=0.00s Sys=0.00s Real=0.01s
[2020-09-29T10:10:38.106+0000][7792][gc           ] GC(160) Concurrent Cycle
[2020-09-29T10:10:38.106+0000][7792][safepoint    ] Safepoint "G1TryInitiateConcMark", Time since last: 2771500 ns, Reaching safepoint: 205700 ns, At safepoint: 7447500 ns, Total: 7653200 ns
[2020-09-29T10:10:38.106+0000][7792][gc,marking   ] GC(160) Concurrent Clear Claimed Marks
[2020-09-29T10:10:38.106+0000][7792][gc,marking   ] GC(160) Concurrent Clear Claimed Marks 0.379ms
[2020-09-29T10:10:38.106+0000][7792][gc,marking   ] GC(160) Concurrent Scan Root Regions
[2020-09-29T10:10:38.109+0000][7792][gc,marking   ] GC(160) Concurrent Scan Root Regions 2.612ms
[2020-09-29T10:10:38.109+0000][7792][gc,marking   ] GC(160) Concurrent Mark (901.211s)
[2020-09-29T10:10:38.109+0000][7792][gc,marking   ] GC(160) Concurrent Mark From Roots
[2020-09-29T10:10:38.109+0000][7792][gc,task      ] GC(160) Using 2 workers of 2 for marking
[2020-09-29T10:10:38.281+0000][7792][gc,marking   ] GC(160) Concurrent Mark From Roots 172.177ms
[2020-09-29T10:10:38.281+0000][7792][gc,marking   ] GC(160) Concurrent Preclean
[2020-09-29T10:10:38.282+0000][7792][gc,marking   ] GC(160) Concurrent Preclean 0.718ms
[2020-09-29T10:10:38.282+0000][7792][gc,marking   ] GC(160) Concurrent Mark (901.211s, 901.384s) 173.106ms
[2020-09-29T10:10:38.283+0000][7792][gc,start     ] GC(160) Pause Remark
[2020-09-29T10:10:38.290+0000][7792][gc           ] GC(160) Pause Remark 536M->536M(1024M) 7.052ms
[2020-09-29T10:10:38.290+0000][7792][gc,cpu       ] GC(160) User=0.00s Sys=0.00s Real=0.01s
[2020-09-29T10:10:38.290+0000][7792][safepoint    ] Safepoint "G1Concurrent", Time since last: 176383900 ns, Reaching safepoint: 232100 ns, At safepoint: 7413800 ns, Total: 7645900 ns
[2020-09-29T10:10:38.290+0000][7792][gc,marking   ] GC(160) Concurrent Rebuild Remembered Sets
[2020-09-29T10:10:38.396+0000][7792][gc,marking   ] GC(160) Concurrent Rebuild Remembered Sets 106.125ms
[2020-09-29T10:10:38.397+0000][7792][gc,start     ] GC(160) Pause Cleanup
[2020-09-29T10:10:38.397+0000][7792][gc           ] GC(160) Pause Cleanup 606M->606M(1024M) 0.416ms
[2020-09-29T10:10:38.397+0000][7792][gc,cpu       ] GC(160) User=0.00s Sys=0.00s Real=0.00s
[2020-09-29T10:10:38.397+0000][7792][safepoint    ] Safepoint "G1Concurrent", Time since last: 106442900 ns, Reaching safepoint: 245200 ns, At safepoint: 655500 ns, Total: 900700 ns
[2020-09-29T10:10:38.397+0000][7792][gc,marking   ] GC(160) Concurrent Cleanup for Next Mark
[2020-09-29T10:10:38.400+0000][7792][gc,marking   ] GC(160) Concurrent Cleanup for Next Mark 2.095ms
[2020-09-29T10:10:38.400+0000][7792][gc           ] GC(160) Concurrent Cycle 293.778ms
[2020-09-29T10:10:38.448+0000][7792][gc,start     ] GC(161) Pause Young (Concurrent Start) (G1 Humongous Allocation)
[2020-09-29T10:10:38.448+0000][7792][gc,task      ] GC(161) Using 8 workers of 8 for evacuation
[2020-09-29T10:10:38.448+0000][7792][gc,age       ] GC(161) Desired survivor size 32505856 bytes, new threshold 15 (max threshold 15)
[2020-09-29T10:10:38.452+0000][7792][gc,age       ] GC(161) Age table with threshold 15 (max threshold 15)
[2020-09-29T10:10:38.452+0000][7792][gc,age       ] GC(161) - age   1:    3915464 bytes,    3915464 total
[2020-09-29T10:10:38.452+0000][7792][gc,age       ] GC(161) - age   2:       8624 bytes,    3924088 total
[2020-09-29T10:10:38.452+0000][7792][gc,age       ] GC(161) - age   3:      30872 bytes,    3954960 total
[2020-09-29T10:10:38.452+0000][7792][gc,age       ] GC(161) - age   4:       3424 bytes,    3958384 total
[2020-09-29T10:10:38.452+0000][7792][gc,age       ] GC(161) - age   5:      11880 bytes,    3970264 total
[2020-09-29T10:10:38.452+0000][7792][gc,age       ] GC(161) - age   6:       1440 bytes,    3971704 total
[2020-09-29T10:10:38.452+0000][7792][gc,age       ] GC(161) - age   7:      22768 bytes,    3994472 total
[2020-09-29T10:10:38.452+0000][7792][gc,age       ] GC(161) - age   8:       5544 bytes,    4000016 total
[2020-09-29T10:10:38.452+0000][7792][gc,age       ] GC(161) - age   9:       3984 bytes,    4004000 total
[2020-09-29T10:10:38.452+0000][7792][gc,age       ] GC(161) - age  10:       1768 bytes,    4005768 total
[2020-09-29T10:10:38.452+0000][7792][gc,age       ] GC(161) - age  11:       1320 bytes,    4007088 total
[2020-09-29T10:10:38.452+0000][7792][gc,age       ] GC(161) - age  12:       2032 bytes,    4009120 total
[2020-09-29T10:10:38.452+0000][7792][gc,age       ] GC(161) - age  13:       3016 bytes,    4012136 total
[2020-09-29T10:10:38.452+0000][7792][gc,age       ] GC(161) - age  14:        808 bytes,    4012944 total
[2020-09-29T10:10:38.452+0000][7792][gc,age       ] GC(161) - age  15:        576 bytes,    4013520 total
[2020-09-29T10:10:38.452+0000][7792][gc,phases    ] GC(161)   Pre Evacuate Collection Set: 0.4ms
[2020-09-29T10:10:38.452+0000][7792][gc,phases    ] GC(161)   Merge Heap Roots: 0.1ms
[2020-09-29T10:10:38.452+0000][7792][gc,phases    ] GC(161)   Evacuate Collection Set: 2.3ms
[2020-09-29T10:10:38.452+0000][7792][gc,phases    ] GC(161)   Post Evacuate Collection Set: 1.0ms
[2020-09-29T10:10:38.452+0000][7792][gc,phases    ] GC(161)   Other: 0.8ms
[2020-09-29T10:10:38.452+0000][7792][gc,heap      ] GC(161) Eden regions: 104->0(493)
[2020-09-29T10:10:38.452+0000][7792][gc,heap      ] GC(161) Survivor regions: 9->5(62)
[2020-09-29T10:10:38.452+0000][7792][gc,heap      ] GC(161) Old regions: 77->77
[2020-09-29T10:10:38.452+0000][7792][gc,heap      ] GC(161) Archive regions: 0->0
[2020-09-29T10:10:38.452+0000][7792][gc,heap      ] GC(161) Humongous regions: 431->174
[2020-09-29T10:10:38.452+0000][7792][gc,metaspace ] GC(161) Metaspace: 87541K(93440K)->87541K(93440K) NonClass: 76424K(79872K)->76424K(79872K) Class: 11116K(13568K)->11116K(13568K)
[2020-09-29T10:10:38.452+0000][7792][gc           ] GC(161) Pause Young (Concurrent Start) (G1 Humongous Allocation) 619M->254M(1024M) 4.966ms
[2020-09-29T10:10:38.452+0000][7792][gc,cpu       ] GC(161) User=0.03s Sys=0.00s Real=0.00s
[2020-09-29T10:10:38.453+0000][7792][gc           ] GC(162) Concurrent Cycle
[2020-09-29T10:10:38.453+0000][7792][safepoint    ] Safepoint "G1TryInitiateConcMark", Time since last: 50148200 ns, Reaching safepoint: 165800 ns, At safepoint: 5174300 ns, Total: 5340100 ns
[2020-09-29T10:10:38.453+0000][7792][gc,marking   ] GC(162) Concurrent Clear Claimed Marks
[2020-09-29T10:10:38.453+0000][7792][gc,marking   ] GC(162) Concurrent Clear Claimed Marks 0.549ms
[2020-09-29T10:10:38.453+0000][7792][gc,marking   ] GC(162) Concurrent Scan Root Regions
[2020-09-29T10:10:38.457+0000][7792][gc,marking   ] GC(162) Concurrent Scan Root Regions 3.706ms
[2020-09-29T10:10:38.457+0000][7792][gc,marking   ] GC(162) Concurrent Mark (901.560s)
[2020-09-29T10:10:38.457+0000][7792][gc,marking   ] GC(162) Concurrent Mark From Roots
[2020-09-29T10:10:38.457+0000][7792][gc,task      ] GC(162) Using 2 workers of 2 for marking
[2020-09-29T10:10:38.621+0000][7792][gc,marking   ] GC(162) Concurrent Mark From Roots 163.140ms
[2020-09-29T10:10:38.621+0000][7792][gc,marking   ] GC(162) Concurrent Preclean
[2020-09-29T10:10:38.622+0000][7792][gc,marking   ] GC(162) Concurrent Preclean 0.669ms
[2020-09-29T10:10:38.622+0000][7792][gc,marking   ] GC(162) Concurrent Mark (901.560s, 901.724s) 164.035ms
[2020-09-29T10:10:38.622+0000][7792][gc,start     ] GC(162) Pause Remark
[2020-09-29T10:10:38.629+0000][7792][gc           ] GC(162) Pause Remark 385M->385M(1024M) 7.052ms
[2020-09-29T10:10:38.629+0000][7792][gc,cpu       ] GC(162) User=0.11s Sys=0.00s Real=0.01s
[2020-09-29T10:10:38.629+0000][7792][safepoint    ] Safepoint "G1Concurrent", Time since last: 168728900 ns, Reaching safepoint: 243100 ns, At safepoint: 7309900 ns, Total: 7553000 ns
[2020-09-29T10:10:38.629+0000][7792][gc,marking   ] GC(162) Concurrent Rebuild Remembered Sets
[2020-09-29T10:10:38.723+0000][7792][gc,marking   ] GC(162) Concurrent Rebuild Remembered Sets 93.843ms
[2020-09-29T10:10:38.724+0000][7792][gc,start     ] GC(162) Pause Cleanup
[2020-09-29T10:10:38.724+0000][7792][gc           ] GC(162) Pause Cleanup 427M->427M(1024M) 0.430ms
[2020-09-29T10:10:38.724+0000][7792][gc,cpu       ] GC(162) User=0.00s Sys=0.00s Real=0.00s
[2020-09-29T10:10:38.724+0000][7792][safepoint    ] Safepoint "G1Concurrent", Time since last: 94094900 ns, Reaching safepoint: 266100 ns, At safepoint: 704800 ns, Total: 970900 ns
[2020-09-29T10:10:38.724+0000][7792][gc,marking   ] GC(162) Concurrent Cleanup for Next Mark
[2020-09-29T10:10:38.727+0000][7792][gc,marking   ] GC(162) Concurrent Cleanup for Next Mark 2.365ms
[2020-09-29T10:10:38.727+0000][7792][gc           ] GC(162) Concurrent Cycle 273.986ms
[2020-09-29T10:10:38.728+0000][7792][gc,start     ] GC(163) Pause Young (Concurrent Start) (G1 Humongous Allocation)
[2020-09-29T10:10:38.728+0000][7792][gc,task      ] GC(163) Using 8 workers of 8 for evacuation
[2020-09-29T10:10:38.728+0000][7792][gc,age       ] GC(163) Desired survivor size 33030144 bytes, new threshold 15 (max threshold 15)
[2020-09-29T10:10:38.732+0000][7792][gc,age       ] GC(163) Age table with threshold 15 (max threshold 15)
[2020-09-29T10:10:38.732+0000][7792][gc,age       ] GC(163) - age   1:    2008416 bytes,    2008416 total
[2020-09-29T10:10:38.732+0000][7792][gc,age       ] GC(163) - age   2:     612960 bytes,    2621376 total
[2020-09-29T10:10:38.732+0000][7792][gc,age       ] GC(163) - age   3:       6640 bytes,    2628016 total
[2020-09-29T10:10:38.732+0000][7792][gc,age       ] GC(163) - age   4:      30472 bytes,    2658488 total
[2020-09-29T10:10:38.732+0000][7792][gc,age       ] GC(163) - age   5:       3232 bytes,    2661720 total
[2020-09-29T10:10:38.732+0000][7792][gc,age       ] GC(163) - age   6:      11720 bytes,    2673440 total
[2020-09-29T10:10:38.732+0000][7792][gc,age       ] GC(163) - age   7:       1440 bytes,    2674880 total
[2020-09-29T10:10:38.732+0000][7792][gc,age       ] GC(163) - age   8:      22768 bytes,    2697648 total
[2020-09-29T10:10:38.732+0000][7792][gc,age       ] GC(163) - age   9:       5544 bytes,    2703192 total
[2020-09-29T10:10:38.732+0000][7792][gc,age       ] GC(163) - age  10:       3824 bytes,    2707016 total
[2020-09-29T10:10:38.732+0000][7792][gc,age       ] GC(163) - age  11:       1768 bytes,    2708784 total
[2020-09-29T10:10:38.732+0000][7792][gc,age       ] GC(163) - age  12:       1320 bytes,    2710104 total
[2020-09-29T10:10:38.732+0000][7792][gc,age       ] GC(163) - age  13:       2032 bytes,    2712136 total
[2020-09-29T10:10:38.732+0000][7792][gc,age       ] GC(163) - age  14:       2984 bytes,    2715120 total
[2020-09-29T10:10:38.732+0000][7792][gc,age       ] GC(163) - age  15:        808 bytes,    2715928 total
[2020-09-29T10:10:38.733+0000][7792][gc,phases    ] GC(163)   Pre Evacuate Collection Set: 0.5ms
[2020-09-29T10:10:38.733+0000][7792][gc,phases    ] GC(163)   Merge Heap Roots: 0.1ms
[2020-09-29T10:10:38.733+0000][7792][gc,phases    ] GC(163)   Evacuate Collection Set: 2.3ms
[2020-09-29T10:10:38.733+0000][7792][gc,phases    ] GC(163)   Post Evacuate Collection Set: 1.0ms
[2020-09-29T10:10:38.733+0000][7792][gc,phases    ] GC(163)   Other: 1.2ms
[2020-09-29T10:10:38.733+0000][7792][gc,heap      ] GC(163) Eden regions: 45->0(497)
[2020-09-29T10:10:38.733+0000][7792][gc,heap      ] GC(163) Survivor regions: 5->4(63)
[2020-09-29T10:10:38.733+0000][7792][gc,heap      ] GC(163) Old regions: 77->77
[2020-09-29T10:10:38.733+0000][7792][gc,heap      ] GC(163) Archive regions: 0->0
[2020-09-29T10:10:38.733+0000][7792][gc,heap      ] GC(163) Humongous regions: 314->174
[2020-09-29T10:10:38.733+0000][7792][gc,metaspace ] GC(163) Metaspace: 87555K(93440K)->87555K(93440K) NonClass: 76438K(79872K)->76438K(79872K) Class: 11116K(13568K)->11116K(13568K)
[2020-09-29T10:10:38.733+0000][7792][gc           ] GC(163) Pause Young (Concurrent Start) (G1 Humongous Allocation) 438M->253M(1024M) 5.621ms
[2020-09-29T10:10:38.733+0000][7792][gc,cpu       ] GC(163) User=0.00s Sys=0.00s Real=0.01s
[2020-09-29T10:10:38.733+0000][7792][safepoint    ] Safepoint "G1TryInitiateConcMark", Time since last: 2933200 ns, Reaching safepoint: 218700 ns, At safepoint: 5877300 ns, Total: 6096000 ns
[2020-09-29T10:10:38.733+0000][7792][gc           ] GC(164) Concurrent Cycle
[2020-09-29T10:10:38.733+0000][7792][gc,marking   ] GC(164) Concurrent Clear Claimed Marks
[2020-09-29T10:10:38.734+0000][7792][gc,marking   ] GC(164) Concurrent Clear Claimed Marks 0.704ms
[2020-09-29T10:10:38.734+0000][7792][gc,marking   ] GC(164) Concurrent Scan Root Regions
[2020-09-29T10:10:38.737+0000][7792][gc,marking   ] GC(164) Concurrent Scan Root Regions 2.409ms
[2020-09-29T10:10:38.737+0000][7792][gc,marking   ] GC(164) Concurrent Mark (901.839s)
[2020-09-29T10:10:38.737+0000][7792][gc,marking   ] GC(164) Concurrent Mark From Roots
[2020-09-29T10:10:38.737+0000][7792][gc,task      ] GC(164) Using 2 workers of 2 for marking
[2020-09-29T10:10:38.904+0000][7792][gc,marking   ] GC(164) Concurrent Mark From Roots 167.326ms
[2020-09-29T10:10:38.904+0000][7792][gc,marking   ] GC(164) Concurrent Preclean
[2020-09-29T10:10:38.905+0000][7792][gc,marking   ] GC(164) Concurrent Preclean 0.843ms
[2020-09-29T10:10:38.905+0000][7792][gc,marking   ] GC(164) Concurrent Mark (901.839s, 902.007s) 168.379ms
[2020-09-29T10:10:38.905+0000][7792][gc,start     ] GC(164) Pause Remark
[2020-09-29T10:10:38.912+0000][7792][gc           ] GC(164) Pause Remark 344M->344M(1024M) 6.780ms
[2020-09-29T10:10:38.912+0000][7792][gc,cpu       ] GC(164) User=0.03s Sys=0.00s Real=0.01s
[2020-09-29T10:10:38.912+0000][7792][safepoint    ] Safepoint "G1Concurrent", Time since last: 171892600 ns, Reaching safepoint: 205000 ns, At safepoint: 7014700 ns, Total: 7219700 ns
[2020-09-29T10:10:38.913+0000][7792][gc,marking   ] GC(164) Concurrent Rebuild Remembered Sets
[2020-09-29T10:10:39.003+0000][7792][gc,marking   ] GC(164) Concurrent Rebuild Remembered Sets 90.647ms
[2020-09-29T10:10:39.004+0000][7792][gc,start     ] GC(164) Pause Cleanup
[2020-09-29T10:10:39.004+0000][7792][gc           ] GC(164) Pause Cleanup 352M->352M(1024M) 0.368ms
[2020-09-29T10:10:39.004+0000][7792][gc,cpu       ] GC(164) User=0.00s Sys=0.00s Real=0.00s
[2020-09-29T10:10:39.004+0000][7792][safepoint    ] Safepoint "G1Concurrent", Time since last: 90861800 ns, Reaching safepoint: 410600 ns, At safepoint: 589000 ns, Total: 999600 ns
[2020-09-29T10:10:39.004+0000][7792][gc,marking   ] GC(164) Concurrent Cleanup for Next Mark
[2020-09-29T10:10:39.006+0000][7792][gc,marking   ] GC(164) Concurrent Cleanup for Next Mark 1.893ms
[2020-09-29T10:10:39.006+0000][7792][gc           ] GC(164) Concurrent Cycle 273.071ms
[2020-09-29T10:10:39.062+0000][7792][gc,start     ] GC(165) Pause Young (Concurrent Start) (G1 Humongous Allocation)
[2020-09-29T10:10:39.062+0000][7792][gc,task      ] GC(165) Using 8 workers of 8 for evacuation
[2020-09-29T10:10:39.062+0000][7792][gc,age       ] GC(165) Desired survivor size 33030144 bytes, new threshold 15 (max threshold 15)
[2020-09-29T10:10:39.066+0000][7792][gc,age       ] GC(165) Age table with threshold 15 (max threshold 15)
[2020-09-29T10:10:39.066+0000][7792][gc,age       ] GC(165) - age   1:    2660328 bytes,    2660328 total
[2020-09-29T10:10:39.066+0000][7792][gc,age       ] GC(165) - age   2:       2824 bytes,    2663152 total
[2020-09-29T10:10:39.066+0000][7792][gc,age       ] GC(165) - age   3:       4080 bytes,    2667232 total
[2020-09-29T10:10:39.066+0000][7792][gc,age       ] GC(165) - age   4:       3784 bytes,    2671016 total
[2020-09-29T10:10:39.066+0000][7792][gc,age       ] GC(165) - age   5:      29968 bytes,    2700984 total
[2020-09-29T10:10:39.066+0000][7792][gc,age       ] GC(165) - age   6:       2752 bytes,    2703736 total
[2020-09-29T10:10:39.066+0000][7792][gc,age       ] GC(165) - age   7:      11560 bytes,    2715296 total
[2020-09-29T10:10:39.066+0000][7792][gc,age       ] GC(165) - age   8:       1440 bytes,    2716736 total
[2020-09-29T10:10:39.066+0000][7792][gc,age       ] GC(165) - age   9:      22768 bytes,    2739504 total
[2020-09-29T10:10:39.066+0000][7792][gc,age       ] GC(165) - age  10:       5416 bytes,    2744920 total
[2020-09-29T10:10:39.066+0000][7792][gc,age       ] GC(165) - age  11:       3824 bytes,    2748744 total
[2020-09-29T10:10:39.066+0000][7792][gc,age       ] GC(165) - age  12:       1768 bytes,    2750512 total
[2020-09-29T10:10:39.066+0000][7792][gc,age       ] GC(165) - age  13:       1288 bytes,    2751800 total
[2020-09-29T10:10:39.066+0000][7792][gc,age       ] GC(165) - age  14:       2032 bytes,    2753832 total
[2020-09-29T10:10:39.066+0000][7792][gc,age       ] GC(165) - age  15:       2952 bytes,    2756784 total
[2020-09-29T10:10:39.066+0000][7792][gc,phases    ] GC(165)   Pre Evacuate Collection Set: 0.5ms
[2020-09-29T10:10:39.067+0000][7792][gc,phases    ] GC(165)   Merge Heap Roots: 0.1ms
[2020-09-29T10:10:39.067+0000][7792][gc,phases    ] GC(165)   Evacuate Collection Set: 2.0ms
[2020-09-29T10:10:39.067+0000][7792][gc,phases    ] GC(165)   Post Evacuate Collection Set: 0.8ms
[2020-09-29T10:10:39.067+0000][7792][gc,phases    ] GC(165)   Other: 1.2ms
[2020-09-29T10:10:39.067+0000][7792][gc,heap      ] GC(165) Eden regions: 47->0(500)
[2020-09-29T10:10:39.067+0000][7792][gc,heap      ] GC(165) Survivor regions: 4->3(63)
[2020-09-29T10:10:39.067+0000][7792][gc,heap      ] GC(165) Old regions: 77->77
[2020-09-29T10:10:39.067+0000][7792][gc,heap      ] GC(165) Archive regions: 0->0
[2020-09-29T10:10:39.067+0000][7792][gc,heap      ] GC(165) Humongous regions: 234->174
[2020-09-29T10:10:39.067+0000][7792][gc,metaspace ] GC(165) Metaspace: 87605K(93440K)->87605K(93440K) NonClass: 76489K(79872K)->76489K(79872K) Class: 11116K(13568K)->11116K(13568K)
[2020-09-29T10:10:39.067+0000][7792][gc           ] GC(165) Pause Young (Concurrent Start) (G1 Humongous Allocation) 359M->252M(1024M) 5.010ms
[2020-09-29T10:10:39.067+0000][7792][gc,cpu       ] GC(165) User=0.00s Sys=0.00s Real=0.00s
[2020-09-29T10:10:39.067+0000][7792][gc           ] GC(166) Concurrent Cycle
[2020-09-29T10:10:39.067+0000][7792][safepoint    ] Safepoint "G1TryInitiateConcMark", Time since last: 57382400 ns, Reaching safepoint: 196300 ns, At safepoint: 5249000 ns, Total: 5445300 ns
[2020-09-29T10:10:39.067+0000][7792][gc,marking   ] GC(166) Concurrent Clear Claimed Marks
[2020-09-29T10:10:39.068+0000][7792][gc,marking   ] GC(166) Concurrent Clear Claimed Marks 0.354ms
[2020-09-29T10:10:39.068+0000][7792][gc,marking   ] GC(166) Concurrent Scan Root Regions
[2020-09-29T10:10:39.069+0000][7792][gc,marking   ] GC(166) Concurrent Scan Root Regions 1.409ms
[2020-09-29T10:10:39.069+0000][7792][gc,marking   ] GC(166) Concurrent Mark (902.171s)
[2020-09-29T10:10:39.069+0000][7792][gc,marking   ] GC(166) Concurrent Mark From Roots
[2020-09-29T10:10:39.069+0000][7792][gc,task      ] GC(166) Using 2 workers of 2 for marking
[2020-09-29T10:10:39.234+0000][7792][gc,marking   ] GC(166) Concurrent Mark From Roots 165.244ms
[2020-09-29T10:10:39.234+0000][7792][gc,marking   ] GC(166) Concurrent Preclean
[2020-09-29T10:10:39.235+0000][7792][gc,marking   ] GC(166) Concurrent Preclean 0.803ms
[2020-09-29T10:10:39.235+0000][7792][gc,marking   ] GC(166) Concurrent Mark (902.171s, 902.337s) 166.309ms
[2020-09-29T10:10:39.236+0000][7792][gc,start     ] GC(166) Pause Remark
[2020-09-29T10:10:39.242+0000][7792][gc           ] GC(166) Pause Remark 380M->380M(1024M) 7.090ms
[2020-09-29T10:10:39.242+0000][7792][gc,cpu       ] GC(166) User=0.00s Sys=0.00s Real=0.01s
[2020-09-29T10:10:39.243+0000][7792][safepoint    ] Safepoint "G1Concurrent", Time since last: 168304300 ns, Reaching safepoint: 249600 ns, At safepoint: 7497600 ns, Total: 7747200 ns
[2020-09-29T10:10:39.243+0000][7792][gc,marking   ] GC(166) Concurrent Rebuild Remembered Sets
[2020-09-29T10:10:39.350+0000][7792][gc,marking   ] GC(166) Concurrent Rebuild Remembered Sets 107.136ms
[2020-09-29T10:10:39.351+0000][7792][gc,start     ] GC(166) Pause Cleanup
[2020-09-29T10:10:39.351+0000][7792][gc           ] GC(166) Pause Cleanup 383M->383M(1024M) 0.369ms
[2020-09-29T10:10:39.351+0000][7792][gc,cpu       ] GC(166) User=0.00s Sys=0.00s Real=0.00s
[2020-09-29T10:10:39.351+0000][7792][safepoint    ] Safepoint "G1Concurrent", Time since last: 107757400 ns, Reaching safepoint: 188600 ns, At safepoint: 536100 ns, Total: 724700 ns
[2020-09-29T10:10:39.351+0000][7792][gc,marking   ] GC(166) Concurrent Cleanup for Next Mark
[2020-09-29T10:10:39.353+0000][7792][gc,marking   ] GC(166) Concurrent Cleanup for Next Mark 1.626ms
[2020-09-29T10:10:39.353+0000][7792][gc           ] GC(166) Concurrent Cycle 286.416ms
[2020-09-29T10:10:39.525+0000][7792][gc,start     ] GC(167) Pause Young (Concurrent Start) (G1 Humongous Allocation)
[2020-09-29T10:10:39.525+0000][7792][gc,task      ] GC(167) Using 8 workers of 8 for evacuation
[2020-09-29T10:10:39.525+0000][7792][gc,age       ] GC(167) Desired survivor size 33030144 bytes, new threshold 15 (max threshold 15)
[2020-09-29T10:10:39.530+0000][7792][gc,age       ] GC(167) Age table with threshold 15 (max threshold 15)
[2020-09-29T10:10:39.530+0000][7792][gc,age       ] GC(167) - age   1:    5640792 bytes,    5640792 total
[2020-09-29T10:10:39.530+0000][7792][gc,age       ] GC(167) - age   2:      39408 bytes,    5680200 total
[2020-09-29T10:10:39.530+0000][7792][gc,age       ] GC(167) - age   3:       2304 bytes,    5682504 total
[2020-09-29T10:10:39.530+0000][7792][gc,age       ] GC(167) - age   4:       3088 bytes,    5685592 total
[2020-09-29T10:10:39.530+0000][7792][gc,age       ] GC(167) - age   5:       3400 bytes,    5688992 total
[2020-09-29T10:10:39.530+0000][7792][gc,age       ] GC(167) - age   6:      29936 bytes,    5718928 total
[2020-09-29T10:10:39.530+0000][7792][gc,age       ] GC(167) - age   7:       2592 bytes,    5721520 total
[2020-09-29T10:10:39.530+0000][7792][gc,age       ] GC(167) - age   8:      11496 bytes,    5733016 total
[2020-09-29T10:10:39.530+0000][7792][gc,age       ] GC(167) - age   9:       1408 bytes,    5734424 total
[2020-09-29T10:10:39.530+0000][7792][gc,age       ] GC(167) - age  10:      22768 bytes,    5757192 total
[2020-09-29T10:10:39.530+0000][7792][gc,age       ] GC(167) - age  11:       5416 bytes,    5762608 total
[2020-09-29T10:10:39.530+0000][7792][gc,age       ] GC(167) - age  12:       3824 bytes,    5766432 total
[2020-09-29T10:10:39.530+0000][7792][gc,age       ] GC(167) - age  13:       1736 bytes,    5768168 total
[2020-09-29T10:10:39.530+0000][7792][gc,age       ] GC(167) - age  14:       1256 bytes,    5769424 total
[2020-09-29T10:10:39.530+0000][7792][gc,age       ] GC(167) - age  15:       2032 bytes,    5771456 total
[2020-09-29T10:10:39.530+0000][7792][gc,phases    ] GC(167)   Pre Evacuate Collection Set: 0.5ms
[2020-09-29T10:10:39.531+0000][7792][gc,phases    ] GC(167)   Merge Heap Roots: 0.1ms
[2020-09-29T10:10:39.531+0000][7792][gc,phases    ] GC(167)   Evacuate Collection Set: 2.5ms
[2020-09-29T10:10:39.531+0000][7792][gc,phases    ] GC(167)   Post Evacuate Collection Set: 1.2ms
[2020-09-29T10:10:39.531+0000][7792][gc,phases    ] GC(167)   Other: 1.3ms
[2020-09-29T10:10:39.531+0000][7792][gc,heap      ] GC(167) Eden regions: 48->0(496)
[2020-09-29T10:10:39.531+0000][7792][gc,heap      ] GC(167) Survivor regions: 3->6(63)
[2020-09-29T10:10:39.531+0000][7792][gc,heap      ] GC(167) Old regions: 77->77
[2020-09-29T10:10:39.531+0000][7792][gc,heap      ] GC(167) Archive regions: 0->0
[2020-09-29T10:10:39.531+0000][7792][gc,heap      ] GC(167) Humongous regions: 270->174
[2020-09-29T10:10:39.531+0000][7792][gc,metaspace ] GC(167) Metaspace: 87614K(93440K)->87614K(93440K) NonClass: 76497K(79872K)->76497K(79872K) Class: 11116K(13568K)->11116K(13568K)
[2020-09-29T10:10:39.531+0000][7792][gc           ] GC(167) Pause Young (Concurrent Start) (G1 Humongous Allocation) 396M->255M(1024M) 6.124ms
[2020-09-29T10:10:39.531+0000][7792][gc,cpu       ] GC(167) User=0.05s Sys=0.00s Real=0.01s
[2020-09-29T10:10:39.531+0000][7792][gc           ] GC(168) Concurrent Cycle
[2020-09-29T10:10:39.531+0000][7792][gc,marking   ] GC(168) Concurrent Clear Claimed Marks
[2020-09-29T10:10:39.532+0000][7792][gc,marking   ] GC(168) Concurrent Clear Claimed Marks 0.354ms
[2020-09-29T10:10:39.532+0000][7792][gc,marking   ] GC(168) Concurrent Scan Root Regions
[2020-09-29T10:10:39.532+0000][7792][safepoint    ] Safepoint "G1TryInitiateConcMark", Time since last: 172835600 ns, Reaching safepoint: 356000 ns, At safepoint: 7606600 ns, Total: 7962600 ns
[2020-09-29T10:10:39.534+0000][7792][gc,marking   ] GC(168) Concurrent Scan Root Regions 1.551ms
[2020-09-29T10:10:39.534+0000][7792][gc,marking   ] GC(168) Concurrent Mark (902.635s)
[2020-09-29T10:10:39.534+0000][7792][gc,marking   ] GC(168) Concurrent Mark From Roots
[2020-09-29T10:10:39.534+0000][7792][gc,task      ] GC(168) Using 2 workers of 2 for marking
[2020-09-29T10:10:39.710+0000][7792][gc,marking   ] GC(168) Concurrent Mark From Roots 177.052ms
[2020-09-29T10:10:39.711+0000][7792][gc,marking   ] GC(168) Concurrent Preclean
[2020-09-29T10:10:39.711+0000][7792][gc,marking   ] GC(168) Concurrent Preclean 0.634ms
[2020-09-29T10:10:39.711+0000][7792][gc,marking   ] GC(168) Concurrent Mark (902.635s, 902.813s) 177.875ms
[2020-09-29T10:10:39.716+0000][7792][gc,start     ] GC(168) Pause Remark
[2020-09-29T10:10:39.722+0000][7792][gc           ] GC(168) Pause Remark 510M->510M(1024M) 6.429ms
[2020-09-29T10:10:39.722+0000][7792][gc,cpu       ] GC(168) User=0.11s Sys=0.00s Real=0.01s
[2020-09-29T10:10:39.723+0000][7792][safepoint    ] Safepoint "G1Concurrent", Time since last: 178860000 ns, Reaching safepoint: 4402000 ns, At safepoint: 7568200 ns, Total: 11970200 ns
[2020-09-29T10:10:39.723+0000][7792][gc,marking   ] GC(168) Concurrent Rebuild Remembered Sets
[2020-09-29T10:10:39.824+0000][7792][gc,marking   ] GC(168) Concurrent Rebuild Remembered Sets 100.332ms
[2020-09-29T10:10:39.827+0000][7792][gc,start     ] GC(168) Pause Cleanup
[2020-09-29T10:10:39.827+0000][7792][gc           ] GC(168) Pause Cleanup 580M->580M(1024M) 0.391ms
[2020-09-29T10:10:39.827+0000][7792][gc,cpu       ] GC(168) User=0.00s Sys=0.00s Real=0.00s
[2020-09-29T10:10:39.828+0000][7792][safepoint    ] Safepoint "G1Concurrent", Time since last: 100617600 ns, Reaching safepoint: 2810100 ns, At safepoint: 878600 ns, Total: 3688700 ns
[2020-09-29T10:10:39.828+0000][7792][gc,marking   ] GC(168) Concurrent Cleanup for Next Mark
[2020-09-29T10:10:39.829+0000][7792][gc,marking   ] GC(168) Concurrent Cleanup for Next Mark 1.795ms
[2020-09-29T10:10:39.830+0000][7792][gc           ] GC(168) Concurrent Cycle 298.386ms
[2020-09-29T10:10:40.110+0000][7792][gc,start     ] GC(169) Pause Young (Concurrent Start) (G1 Humongous Allocation)
[2020-09-29T10:10:40.110+0000][7792][gc,task      ] GC(169) Using 8 workers of 8 for evacuation
[2020-09-29T10:10:40.110+0000][7792][gc,age       ] GC(169) Desired survivor size 33030144 bytes, new threshold 15 (max threshold 15)
[2020-09-29T10:10:40.118+0000][7792][gc,age       ] GC(169) Age table with threshold 15 (max threshold 15)
[2020-09-29T10:10:40.118+0000][7792][gc,age       ] GC(169) - age   1:   10792872 bytes,   10792872 total
[2020-09-29T10:10:40.118+0000][7792][gc,age       ] GC(169) - age   2:      12232 bytes,   10805104 total
[2020-09-29T10:10:40.118+0000][7792][gc,age       ] GC(169) - age   3:      28888 bytes,   10833992 total
[2020-09-29T10:10:40.118+0000][7792][gc,age       ] GC(169) - age   4:       1544 bytes,   10835536 total
[2020-09-29T10:10:40.118+0000][7792][gc,age       ] GC(169) - age   5:       2768 bytes,   10838304 total
[2020-09-29T10:10:40.118+0000][7792][gc,age       ] GC(169) - age   6:       3336 bytes,   10841640 total
[2020-09-29T10:10:40.118+0000][7792][gc,age       ] GC(169) - age   7:      29936 bytes,   10871576 total
[2020-09-29T10:10:40.118+0000][7792][gc,age       ] GC(169) - age   8:       2592 bytes,   10874168 total
[2020-09-29T10:10:40.118+0000][7792][gc,age       ] GC(169) - age   9:      11496 bytes,   10885664 total
[2020-09-29T10:10:40.118+0000][7792][gc,age       ] GC(169) - age  10:       1328 bytes,   10886992 total
[2020-09-29T10:10:40.118+0000][7792][gc,age       ] GC(169) - age  11:      22768 bytes,   10909760 total
[2020-09-29T10:10:40.118+0000][7792][gc,age       ] GC(169) - age  12:       5416 bytes,   10915176 total
[2020-09-29T10:10:40.118+0000][7792][gc,age       ] GC(169) - age  13:       3792 bytes,   10918968 total
[2020-09-29T10:10:40.118+0000][7792][gc,age       ] GC(169) - age  14:       1736 bytes,   10920704 total
[2020-09-29T10:10:40.118+0000][7792][gc,age       ] GC(169) - age  15:       1256 bytes,   10921960 total
[2020-09-29T10:10:40.118+0000][7792][gc,phases    ] GC(169)   Pre Evacuate Collection Set: 0.6ms
[2020-09-29T10:10:40.118+0000][7792][gc,phases    ] GC(169)   Merge Heap Roots: 0.1ms
[2020-09-29T10:10:40.118+0000][7792][gc,phases    ] GC(169)   Evacuate Collection Set: 5.1ms
[2020-09-29T10:10:40.119+0000][7792][gc,phases    ] GC(169)   Post Evacuate Collection Set: 1.2ms
[2020-09-29T10:10:40.119+0000][7792][gc,phases    ] GC(169)   Other: 1.3ms
[2020-09-29T10:10:40.119+0000][7792][gc,heap      ] GC(169) Eden regions: 105->0(478)
[2020-09-29T10:10:40.119+0000][7792][gc,heap      ] GC(169) Survivor regions: 6->11(63)
[2020-09-29T10:10:40.119+0000][7792][gc,heap      ] GC(169) Old regions: 77->77
[2020-09-29T10:10:40.119+0000][7792][gc,heap      ] GC(169) Archive regions: 0->0
[2020-09-29T10:10:40.119+0000][7792][gc,heap      ] GC(169) Humongous regions: 430->174
[2020-09-29T10:10:40.119+0000][7792][gc,metaspace ] GC(169) Metaspace: 87631K(93440K)->87631K(93440K) NonClass: 76514K(79872K)->76514K(79872K) Class: 11116K(13568K)->11116K(13568K)
[2020-09-29T10:10:40.119+0000][7792][gc           ] GC(169) Pause Young (Concurrent Start) (G1 Humongous Allocation) 616M->260M(1024M) 8.691ms
[2020-09-29T10:10:40.119+0000][7792][gc,cpu       ] GC(169) User=0.00s Sys=0.00s Real=0.01s
[2020-09-29T10:10:40.119+0000][7792][gc           ] GC(170) Concurrent Cycle
[2020-09-29T10:10:40.119+0000][7792][gc,marking   ] GC(170) Concurrent Clear Claimed Marks
[2020-09-29T10:10:40.119+0000][7792][gc,marking   ] GC(170) Concurrent Clear Claimed Marks 0.373ms
[2020-09-29T10:10:40.120+0000][7792][gc,marking   ] GC(170) Concurrent Scan Root Regions
[2020-09-29T10:10:40.120+0000][7792][safepoint    ] Safepoint "G1TryInitiateConcMark", Time since last: 282199000 ns, Reaching safepoint: 850800 ns, At safepoint: 9518400 ns, Total: 10369200 ns
[2020-09-29T10:10:40.122+0000][7792][gc,marking   ] GC(170) Concurrent Scan Root Regions 2.521ms
[2020-09-29T10:10:40.122+0000][7792][gc,marking   ] GC(170) Concurrent Mark (903.225s)
[2020-09-29T10:10:40.122+0000][7792][gc,marking   ] GC(170) Concurrent Mark From Roots
[2020-09-29T10:10:40.122+0000][7792][gc,task      ] GC(170) Using 2 workers of 2 for marking
[2020-09-29T10:10:40.294+0000][7792][gc,marking   ] GC(170) Concurrent Mark From Roots 171.301ms
[2020-09-29T10:10:40.294+0000][7792][gc,marking   ] GC(170) Concurrent Preclean
[2020-09-29T10:10:40.295+0000][7792][gc,marking   ] GC(170) Concurrent Preclean 0.925ms
[2020-09-29T10:10:40.295+0000][7792][gc,marking   ] GC(170) Concurrent Mark (903.225s, 903.397s) 172.556ms
[2020-09-29T10:10:40.295+0000][7792][gc,start     ] GC(170) Pause Remark
[2020-09-29T10:10:40.302+0000][7792][gc           ] GC(170) Pause Remark 561M->561M(1024M) 6.822ms
[2020-09-29T10:10:40.302+0000][7792][gc,cpu       ] GC(170) User=0.05s Sys=0.00s Real=0.01s
[2020-09-29T10:10:40.302+0000][7792][safepoint    ] Safepoint "G1Concurrent", Time since last: 175251300 ns, Reaching safepoint: 285600 ns, At safepoint: 7121700 ns, Total: 7407300 ns
[2020-09-29T10:10:40.302+0000][7792][gc,marking   ] GC(170) Concurrent Rebuild Remembered Sets
[2020-09-29T10:10:40.401+0000][7792][gc,marking   ] GC(170) Concurrent Rebuild Remembered Sets 98.734ms
[2020-09-29T10:10:40.402+0000][7792][gc,start     ] GC(170) Pause Cleanup
[2020-09-29T10:10:40.402+0000][7792][gc           ] GC(170) Pause Cleanup 576M->576M(1024M) 0.442ms
[2020-09-29T10:10:40.402+0000][7792][gc,cpu       ] GC(170) User=0.00s Sys=0.00s Real=0.00s
[2020-09-29T10:10:40.404+0000][7792][safepoint    ] Safepoint "G1Concurrent", Time since last: 98940300 ns, Reaching safepoint: 655400 ns, At safepoint: 2235100 ns, Total: 2890500 ns
[2020-09-29T10:10:40.404+0000][7792][gc,marking   ] GC(170) Concurrent Cleanup for Next Mark
[2020-09-29T10:10:40.406+0000][7792][gc,marking   ] GC(170) Concurrent Cleanup for Next Mark 1.980ms
[2020-09-29T10:10:40.406+0000][7792][gc           ] GC(170) Concurrent Cycle 287.371ms
[2020-09-29T10:10:40.550+0000][7792][gc,start     ] GC(171) Pause Young (Concurrent Start) (G1 Humongous Allocation)
[2020-09-29T10:10:40.551+0000][7792][gc,task      ] GC(171) Using 8 workers of 8 for evacuation
[2020-09-29T10:10:40.551+0000][7792][gc,age       ] GC(171) Desired survivor size 32505856 bytes, new threshold 15 (max threshold 15)
[2020-09-29T10:10:40.557+0000][7792][gc,age       ] GC(171) Age table with threshold 15 (max threshold 15)
[2020-09-29T10:10:40.557+0000][7792][gc,age       ] GC(171) - age   1:   13717304 bytes,   13717304 total
[2020-09-29T10:10:40.557+0000][7792][gc,age       ] GC(171) - age   2:       7360 bytes,   13724664 total
[2020-09-29T10:10:40.557+0000][7792][gc,age       ] GC(171) - age   3:      11408 bytes,   13736072 total
[2020-09-29T10:10:40.557+0000][7792][gc,age       ] GC(171) - age   4:      28888 bytes,   13764960 total
[2020-09-29T10:10:40.557+0000][7792][gc,age       ] GC(171) - age   5:       1544 bytes,   13766504 total
[2020-09-29T10:10:40.557+0000][7792][gc,age       ] GC(171) - age   6:       2648 bytes,   13769152 total
[2020-09-29T10:10:40.557+0000][7792][gc,age       ] GC(171) - age   7:       3336 bytes,   13772488 total
[2020-09-29T10:10:40.557+0000][7792][gc,age       ] GC(171) - age   8:      29936 bytes,   13802424 total
[2020-09-29T10:10:40.557+0000][7792][gc,age       ] GC(171) - age   9:       2592 bytes,   13805016 total
[2020-09-29T10:10:40.557+0000][7792][gc,age       ] GC(171) - age  10:      11464 bytes,   13816480 total
[2020-09-29T10:10:40.557+0000][7792][gc,age       ] GC(171) - age  11:       1328 bytes,   13817808 total
[2020-09-29T10:10:40.557+0000][7792][gc,age       ] GC(171) - age  12:      22768 bytes,   13840576 total
[2020-09-29T10:10:40.557+0000][7792][gc,age       ] GC(171) - age  13:       5320 bytes,   13845896 total
[2020-09-29T10:10:40.557+0000][7792][gc,age       ] GC(171) - age  14:       3792 bytes,   13849688 total
[2020-09-29T10:10:40.557+0000][7792][gc,age       ] GC(171) - age  15:       1736 bytes,   13851424 total
[2020-09-29T10:10:40.557+0000][7792][gc,phases    ] GC(171)   Pre Evacuate Collection Set: 0.4ms
[2020-09-29T10:10:40.558+0000][7792][gc,phases    ] GC(171)   Merge Heap Roots: 0.1ms
[2020-09-29T10:10:40.558+0000][7792][gc,phases    ] GC(171)   Evacuate Collection Set: 3.9ms
[2020-09-29T10:10:40.558+0000][7792][gc,phases    ] GC(171)   Post Evacuate Collection Set: 1.3ms
[2020-09-29T10:10:40.558+0000][7792][gc,phases    ] GC(171)   Other: 1.3ms
[2020-09-29T10:10:40.558+0000][7792][gc,heap      ] GC(171) Eden regions: 100->0(471)
[2020-09-29T10:10:40.558+0000][7792][gc,heap      ] GC(171) Survivor regions: 11->14(62)
[2020-09-29T10:10:40.558+0000][7792][gc,heap      ] GC(171) Old regions: 77->77
[2020-09-29T10:10:40.558+0000][7792][gc,heap      ] GC(171) Archive regions: 0->0
[2020-09-29T10:10:40.558+0000][7792][gc,heap      ] GC(171) Humongous regions: 430->174
[2020-09-29T10:10:40.558+0000][7792][gc,metaspace ] GC(171) Metaspace: 87655K(93440K)->87655K(93440K) NonClass: 76538K(79872K)->76538K(79872K) Class: 11116K(13568K)->11116K(13568K)
[2020-09-29T10:10:40.558+0000][7792][gc           ] GC(171) Pause Young (Concurrent Start) (G1 Humongous Allocation) 616M->263M(1024M) 7.548ms
[2020-09-29T10:10:40.558+0000][7792][gc,cpu       ] GC(171) User=0.00s Sys=0.00s Real=0.01s
[2020-09-29T10:10:40.558+0000][7792][gc           ] GC(172) Concurrent Cycle
[2020-09-29T10:10:40.558+0000][7792][gc,marking   ] GC(172) Concurrent Clear Claimed Marks
[2020-09-29T10:10:40.559+0000][7792][gc,marking   ] GC(172) Concurrent Clear Claimed Marks 0.374ms
[2020-09-29T10:10:40.559+0000][7792][gc,marking   ] GC(172) Concurrent Scan Root Regions
[2020-09-29T10:10:40.562+0000][7792][safepoint    ] Safepoint "G1TryInitiateConcMark", Time since last: 145471200 ns, Reaching safepoint: 877300 ns, At safepoint: 11292300 ns, Total: 12169600 ns
[2020-09-29T10:10:40.562+0000][7792][gc,marking   ] GC(172) Concurrent Scan Root Regions 2.983ms
[2020-09-29T10:10:40.562+0000][7792][gc,marking   ] GC(172) Concurrent Mark (903.665s)
[2020-09-29T10:10:40.562+0000][7792][gc,marking   ] GC(172) Concurrent Mark From Roots
[2020-09-29T10:10:40.562+0000][7792][gc,task      ] GC(172) Using 2 workers of 2 for marking
[2020-09-29T10:10:40.735+0000][7792][gc,marking   ] GC(172) Concurrent Mark From Roots 172.921ms
[2020-09-29T10:10:40.735+0000][7792][gc,marking   ] GC(172) Concurrent Preclean
[2020-09-29T10:10:40.736+0000][7792][gc,marking   ] GC(172) Concurrent Preclean 0.647ms
[2020-09-29T10:10:40.736+0000][7792][gc,marking   ] GC(172) Concurrent Mark (903.665s, 903.838s) 173.780ms
[2020-09-29T10:10:40.736+0000][7792][gc,start     ] GC(172) Pause Remark
[2020-09-29T10:10:40.744+0000][7792][gc           ] GC(172) Pause Remark 509M->509M(1024M) 7.513ms
[2020-09-29T10:10:40.744+0000][7792][gc,cpu       ] GC(172) User=0.00s Sys=0.00s Real=0.01s
[2020-09-29T10:10:40.747+0000][7792][safepoint    ] Safepoint "G1Concurrent", Time since last: 174023700 ns, Reaching safepoint: 366900 ns, At safepoint: 10954600 ns, Total: 11321500 ns
[2020-09-29T10:10:40.748+0000][7792][gc,marking   ] GC(172) Concurrent Rebuild Remembered Sets
[2020-09-29T10:10:40.850+0000][7792][gc,marking   ] GC(172) Concurrent Rebuild Remembered Sets 101.632ms
[2020-09-29T10:10:40.855+0000][7792][gc,start     ] GC(172) Pause Cleanup
[2020-09-29T10:10:40.855+0000][7792][gc           ] GC(172) Pause Cleanup 517M->517M(1024M) 0.452ms
[2020-09-29T10:10:40.855+0000][7792][gc,cpu       ] GC(172) User=0.00s Sys=0.00s Real=0.00s
[2020-09-29T10:10:40.855+0000][7792][safepoint    ] Safepoint "G1Concurrent", Time since last: 101916900 ns, Reaching safepoint: 4880000 ns, At safepoint: 710400 ns, Total: 5590400 ns
[2020-09-29T10:10:40.855+0000][7792][gc,marking   ] GC(172) Concurrent Cleanup for Next Mark
[2020-09-29T10:10:40.857+0000][7792][gc,marking   ] GC(172) Concurrent Cleanup for Next Mark 1.738ms
[2020-09-29T10:10:40.857+0000][7792][gc           ] GC(172) Concurrent Cycle 298.330ms
[2020-09-29T10:10:40.904+0000][7792][gc,start     ] GC(173) Pause Young (Concurrent Start) (G1 Humongous Allocation)
[2020-09-29T10:10:40.905+0000][7792][gc,task      ] GC(173) Using 8 workers of 8 for evacuation
[2020-09-29T10:10:40.905+0000][7792][gc,age       ] GC(173) Desired survivor size 31981568 bytes, new threshold 15 (max threshold 15)
[2020-09-29T10:10:40.910+0000][7792][gc,age       ] GC(173) Age table with threshold 15 (max threshold 15)
[2020-09-29T10:10:40.910+0000][7792][gc,age       ] GC(173) - age   1:     667584 bytes,     667584 total
[2020-09-29T10:10:40.910+0000][7792][gc,age       ] GC(173) - age   2:    2711024 bytes,    3378608 total
[2020-09-29T10:10:40.910+0000][7792][gc,age       ] GC(173) - age   3:       7112 bytes,    3385720 total
[2020-09-29T10:10:40.910+0000][7792][gc,age       ] GC(173) - age   4:      11408 bytes,    3397128 total
[2020-09-29T10:10:40.910+0000][7792][gc,age       ] GC(173) - age   5:      28888 bytes,    3426016 total
[2020-09-29T10:10:40.910+0000][7792][gc,age       ] GC(173) - age   6:       1544 bytes,    3427560 total
[2020-09-29T10:10:40.910+0000][7792][gc,age       ] GC(173) - age   7:       2648 bytes,    3430208 total
[2020-09-29T10:10:40.910+0000][7792][gc,age       ] GC(173) - age   8:       3336 bytes,    3433544 total
[2020-09-29T10:10:40.910+0000][7792][gc,age       ] GC(173) - age   9:      29904 bytes,    3463448 total
[2020-09-29T10:10:40.910+0000][7792][gc,age       ] GC(173) - age  10:       2592 bytes,    3466040 total
[2020-09-29T10:10:40.910+0000][7792][gc,age       ] GC(173) - age  11:      11464 bytes,    3477504 total
[2020-09-29T10:10:40.910+0000][7792][gc,age       ] GC(173) - age  12:       1328 bytes,    3478832 total
[2020-09-29T10:10:40.910+0000][7792][gc,age       ] GC(173) - age  13:      22768 bytes,    3501600 total
[2020-09-29T10:10:40.910+0000][7792][gc,age       ] GC(173) - age  14:       5320 bytes,    3506920 total
[2020-09-29T10:10:40.910+0000][7792][gc,age       ] GC(173) - age  15:       3792 bytes,    3510712 total
[2020-09-29T10:10:40.910+0000][7792][gc,phases    ] GC(173)   Pre Evacuate Collection Set: 0.5ms
[2020-09-29T10:10:40.910+0000][7792][gc,phases    ] GC(173)   Merge Heap Roots: 0.2ms
[2020-09-29T10:10:40.910+0000][7792][gc,phases    ] GC(173)   Evacuate Collection Set: 3.0ms
[2020-09-29T10:10:40.910+0000][7792][gc,phases    ] GC(173)   Post Evacuate Collection Set: 1.0ms
[2020-09-29T10:10:40.911+0000][7792][gc,phases    ] GC(173)   Other: 1.2ms
[2020-09-29T10:10:40.911+0000][7792][gc,heap      ] GC(173) Eden regions: 56->0(487)
[2020-09-29T10:10:40.911+0000][7792][gc,heap      ] GC(173) Survivor regions: 14->5(61)
[2020-09-29T10:10:40.911+0000][7792][gc,heap      ] GC(173) Old regions: 77->77
[2020-09-29T10:10:40.911+0000][7792][gc,heap      ] GC(173) Archive regions: 0->0
[2020-09-29T10:10:40.911+0000][7792][gc,heap      ] GC(173) Humongous regions: 378->174
[2020-09-29T10:10:40.911+0000][7792][gc,metaspace ] GC(173) Metaspace: 87655K(93440K)->87655K(93440K) NonClass: 76538K(79872K)->76538K(79872K) Class: 11116K(13568K)->11116K(13568K)
[2020-09-29T10:10:40.911+0000][7792][gc           ] GC(173) Pause Young (Concurrent Start) (G1 Humongous Allocation) 523M->254M(1024M) 6.470ms
[2020-09-29T10:10:40.911+0000][7792][gc,cpu       ] GC(173) User=0.03s Sys=0.02s Real=0.01s
[2020-09-29T10:10:40.911+0000][7792][gc           ] GC(174) Concurrent Cycle
[2020-09-29T10:10:40.911+0000][7792][safepoint    ] Safepoint "G1TryInitiateConcMark", Time since last: 49364900 ns, Reaching safepoint: 167000 ns, At safepoint: 6775300 ns, Total: 6942300 ns
[2020-09-29T10:10:40.911+0000][7792][gc,marking   ] GC(174) Concurrent Clear Claimed Marks
[2020-09-29T10:10:40.912+0000][7792][gc,marking   ] GC(174) Concurrent Clear Claimed Marks 0.471ms
[2020-09-29T10:10:40.912+0000][7792][gc,marking   ] GC(174) Concurrent Scan Root Regions
[2020-09-29T10:10:40.914+0000][7792][gc,marking   ] GC(174) Concurrent Scan Root Regions 2.245ms
[2020-09-29T10:10:40.914+0000][7792][gc,marking   ] GC(174) Concurrent Mark (904.017s)
[2020-09-29T10:10:40.914+0000][7792][gc,marking   ] GC(174) Concurrent Mark From Roots
[2020-09-29T10:10:40.914+0000][7792][gc,task      ] GC(174) Using 2 workers of 2 for marking
[2020-09-29T10:10:41.085+0000][7792][gc,marking   ] GC(174) Concurrent Mark From Roots 170.689ms
[2020-09-29T10:10:41.085+0000][7792][gc,marking   ] GC(174) Concurrent Preclean
[2020-09-29T10:10:41.086+0000][7792][gc,marking   ] GC(174) Concurrent Preclean 0.769ms
[2020-09-29T10:10:41.086+0000][7792][gc,marking   ] GC(174) Concurrent Mark (904.017s, 904.188s) 171.690ms
[2020-09-29T10:10:41.086+0000][7792][gc,start     ] GC(174) Pause Remark
[2020-09-29T10:10:41.095+0000][7792][gc           ] GC(174) Pause Remark 385M->385M(1024M) 8.786ms
[2020-09-29T10:10:41.095+0000][7792][gc,cpu       ] GC(174) User=0.11s Sys=0.02s Real=0.01s
[2020-09-29T10:10:41.095+0000][7792][safepoint    ] Safepoint "G1Concurrent", Time since last: 174760700 ns, Reaching safepoint: 250900 ns, At safepoint: 9174300 ns, Total: 9425200 ns
[2020-09-29T10:10:41.095+0000][7792][gc,marking   ] GC(174) Concurrent Rebuild Remembered Sets
[2020-09-29T10:10:41.194+0000][7792][gc,marking   ] GC(174) Concurrent Rebuild Remembered Sets 98.048ms
[2020-09-29T10:10:41.194+0000][7792][gc,start     ] GC(174) Pause Cleanup
[2020-09-29T10:10:41.195+0000][7792][gc           ] GC(174) Pause Cleanup 392M->392M(1024M) 0.356ms
[2020-09-29T10:10:41.195+0000][7792][gc,cpu       ] GC(174) User=0.00s Sys=0.00s Real=0.00s
[2020-09-29T10:10:41.195+0000][7792][safepoint    ] Safepoint "G1Concurrent", Time since last: 98228500 ns, Reaching safepoint: 213900 ns, At safepoint: 601000 ns, Total: 814900 ns
[2020-09-29T10:10:41.195+0000][7792][gc,marking   ] GC(174) Concurrent Cleanup for Next Mark
[2020-09-29T10:10:41.197+0000][7792][gc,marking   ] GC(174) Concurrent Cleanup for Next Mark 1.644ms
[2020-09-29T10:10:41.197+0000][7792][gc           ] GC(174) Concurrent Cycle 285.114ms
[2020-09-29T10:10:41.245+0000][7792][gc,start     ] GC(175) Pause Young (Concurrent Start) (G1 Humongous Allocation)
[2020-09-29T10:10:41.246+0000][7792][gc,task      ] GC(175) Using 8 workers of 8 for evacuation
[2020-09-29T10:10:41.246+0000][7792][gc,age       ] GC(175) Desired survivor size 32505856 bytes, new threshold 15 (max threshold 15)
[2020-09-29T10:10:41.250+0000][7792][gc,age       ] GC(175) Age table with threshold 15 (max threshold 15)
[2020-09-29T10:10:41.250+0000][7792][gc,age       ] GC(175) - age   1:    3541328 bytes,    3541328 total
[2020-09-29T10:10:41.250+0000][7792][gc,age       ] GC(175) - age   2:     402320 bytes,    3943648 total
[2020-09-29T10:10:41.250+0000][7792][gc,age       ] GC(175) - age   3:       6488 bytes,    3950136 total
[2020-09-29T10:10:41.250+0000][7792][gc,age       ] GC(175) - age   4:       5760 bytes,    3955896 total
[2020-09-29T10:10:41.250+0000][7792][gc,age       ] GC(175) - age   5:      11280 bytes,    3967176 total
[2020-09-29T10:10:41.250+0000][7792][gc,age       ] GC(175) - age   6:      28888 bytes,    3996064 total
[2020-09-29T10:10:41.250+0000][7792][gc,age       ] GC(175) - age   7:       1448 bytes,    3997512 total
[2020-09-29T10:10:41.250+0000][7792][gc,age       ] GC(175) - age   8:       2136 bytes,    3999648 total
[2020-09-29T10:10:41.250+0000][7792][gc,age       ] GC(175) - age   9:       3336 bytes,    4002984 total
[2020-09-29T10:10:41.250+0000][7792][gc,age       ] GC(175) - age  10:      29872 bytes,    4032856 total
[2020-09-29T10:10:41.250+0000][7792][gc,age       ] GC(175) - age  11:       2528 bytes,    4035384 total
[2020-09-29T10:10:41.250+0000][7792][gc,age       ] GC(175) - age  12:      11464 bytes,    4046848 total
[2020-09-29T10:10:41.250+0000][7792][gc,age       ] GC(175) - age  13:       1328 bytes,    4048176 total
[2020-09-29T10:10:41.250+0000][7792][gc,age       ] GC(175) - age  14:      22768 bytes,    4070944 total
[2020-09-29T10:10:41.251+0000][7792][gc,age       ] GC(175) - age  15:       5320 bytes,    4076264 total
[2020-09-29T10:10:41.251+0000][7792][gc,phases    ] GC(175)   Pre Evacuate Collection Set: 0.4ms
[2020-09-29T10:10:41.251+0000][7792][gc,phases    ] GC(175)   Merge Heap Roots: 0.1ms
[2020-09-29T10:10:41.251+0000][7792][gc,phases    ] GC(175)   Evacuate Collection Set: 2.7ms
[2020-09-29T10:10:41.251+0000][7792][gc,phases    ] GC(175)   Post Evacuate Collection Set: 0.9ms
[2020-09-29T10:10:41.251+0000][7792][gc,phases    ] GC(175)   Other: 1.1ms
[2020-09-29T10:10:41.251+0000][7792][gc,heap      ] GC(175) Eden regions: 44->0(490)
[2020-09-29T10:10:41.251+0000][7792][gc,heap      ] GC(175) Survivor regions: 5->5(62)
[2020-09-29T10:10:41.251+0000][7792][gc,heap      ] GC(175) Old regions: 77->77
[2020-09-29T10:10:41.251+0000][7792][gc,heap      ] GC(175) Archive regions: 0->0
[2020-09-29T10:10:41.251+0000][7792][gc,heap      ] GC(175) Humongous regions: 278->174
[2020-09-29T10:10:41.251+0000][7792][gc,metaspace ] GC(175) Metaspace: 87661K(93696K)->87661K(93696K) NonClass: 76545K(80128K)->76545K(80128K) Class: 11116K(13568K)->11116K(13568K)
[2020-09-29T10:10:41.251+0000][7792][gc           ] GC(175) Pause Young (Concurrent Start) (G1 Humongous Allocation) 401M->254M(1024M) 5.822ms
[2020-09-29T10:10:41.251+0000][7792][gc,cpu       ] GC(175) User=0.00s Sys=0.03s Real=0.01s
[2020-09-29T10:10:41.251+0000][7792][gc           ] GC(176) Concurrent Cycle
[2020-09-29T10:10:41.251+0000][7792][gc,marking   ] GC(176) Concurrent Clear Claimed Marks
[2020-09-29T10:10:41.252+0000][7792][safepoint    ] Safepoint "G1TryInitiateConcMark", Time since last: 50314600 ns, Reaching safepoint: 226800 ns, At safepoint: 6246700 ns, Total: 6473500 ns
[2020-09-29T10:10:41.252+0000][7792][gc,marking   ] GC(176) Concurrent Clear Claimed Marks 0.336ms
[2020-09-29T10:10:41.252+0000][7792][gc,marking   ] GC(176) Concurrent Scan Root Regions
[2020-09-29T10:10:41.255+0000][7792][gc,marking   ] GC(176) Concurrent Scan Root Regions 2.782ms
[2020-09-29T10:10:41.255+0000][7792][gc,marking   ] GC(176) Concurrent Mark (904.357s)
[2020-09-29T10:10:41.255+0000][7792][gc,marking   ] GC(176) Concurrent Mark From Roots
[2020-09-29T10:10:41.255+0000][7792][gc,task      ] GC(176) Using 2 workers of 2 for marking
[2020-09-29T10:10:41.431+0000][7792][gc,marking   ] GC(176) Concurrent Mark From Roots 176.097ms
[2020-09-29T10:10:41.431+0000][7792][gc,marking   ] GC(176) Concurrent Preclean
[2020-09-29T10:10:41.432+0000][7792][gc,marking   ] GC(176) Concurrent Preclean 0.992ms
[2020-09-29T10:10:41.432+0000][7792][gc,marking   ] GC(176) Concurrent Mark (904.357s, 904.534s) 177.461ms
[2020-09-29T10:10:41.433+0000][7792][gc,start     ] GC(176) Pause Remark
[2020-09-29T10:10:41.440+0000][7792][gc           ] GC(176) Pause Remark 364M->364M(1024M) 6.923ms
[2020-09-29T10:10:41.440+0000][7792][gc,cpu       ] GC(176) User=0.11s Sys=0.00s Real=0.01s
[2020-09-29T10:10:41.440+0000][7792][safepoint    ] Safepoint "G1Concurrent", Time since last: 180643800 ns, Reaching safepoint: 304800 ns, At safepoint: 7235500 ns, Total: 7540300 ns
[2020-09-29T10:10:41.440+0000][7792][gc,marking   ] GC(176) Concurrent Rebuild Remembered Sets
[2020-09-29T10:10:41.536+0000][7792][gc,marking   ] GC(176) Concurrent Rebuild Remembered Sets 96.266ms
[2020-09-29T10:10:41.536+0000][7792][gc,start     ] GC(176) Pause Cleanup
[2020-09-29T10:10:41.537+0000][7792][gc           ] GC(176) Pause Cleanup 393M->393M(1024M) 0.445ms
[2020-09-29T10:10:41.537+0000][7792][gc,cpu       ] GC(176) User=0.00s Sys=0.00s Real=0.00s
[2020-09-29T10:10:41.537+0000][7792][safepoint    ] Safepoint "G1Concurrent", Time since last: 96476300 ns, Reaching safepoint: 189000 ns, At safepoint: 766400 ns, Total: 955400 ns
[2020-09-29T10:10:41.537+0000][7792][gc,marking   ] GC(176) Concurrent Cleanup for Next Mark
[2020-09-29T10:10:41.539+0000][7792][gc,marking   ] GC(176) Concurrent Cleanup for Next Mark 1.735ms
[2020-09-29T10:10:41.539+0000][7792][gc           ] GC(176) Concurrent Cycle 287.866ms
[2020-09-29T10:10:41.570+0000][7792][gc,start     ] GC(177) Pause Young (Concurrent Start) (G1 Humongous Allocation)
[2020-09-29T10:10:41.570+0000][7792][gc,task      ] GC(177) Using 8 workers of 8 for evacuation
[2020-09-29T10:10:41.570+0000][7792][gc,age       ] GC(177) Desired survivor size 32505856 bytes, new threshold 15 (max threshold 15)
[2020-09-29T10:10:41.575+0000][7792][gc,age       ] GC(177) Age table with threshold 15 (max threshold 15)
[2020-09-29T10:10:41.575+0000][7792][gc,age       ] GC(177) - age   1:    3352968 bytes,    3352968 total
[2020-09-29T10:10:41.576+0000][7792][gc,age       ] GC(177) - age   2:     406128 bytes,    3759096 total
[2020-09-29T10:10:41.576+0000][7792][gc,age       ] GC(177) - age   3:     201640 bytes,    3960736 total
[2020-09-29T10:10:41.576+0000][7792][gc,age       ] GC(177) - age   4:       3656 bytes,    3964392 total
[2020-09-29T10:10:41.576+0000][7792][gc,age       ] GC(177) - age   5:       5664 bytes,    3970056 total
[2020-09-29T10:10:41.576+0000][7792][gc,age       ] GC(177) - age   6:      11280 bytes,    3981336 total
[2020-09-29T10:10:41.576+0000][7792][gc,age       ] GC(177) - age   7:      28824 bytes,    4010160 total
[2020-09-29T10:10:41.576+0000][7792][gc,age       ] GC(177) - age   8:        968 bytes,    4011128 total
[2020-09-29T10:10:41.576+0000][7792][gc,age       ] GC(177) - age   9:       1912 bytes,    4013040 total
[2020-09-29T10:10:41.576+0000][7792][gc,age       ] GC(177) - age  10:       3336 bytes,    4016376 total
[2020-09-29T10:10:41.576+0000][7792][gc,age       ] GC(177) - age  11:      29808 bytes,    4046184 total
[2020-09-29T10:10:41.576+0000][7792][gc,age       ] GC(177) - age  12:       2400 bytes,    4048584 total
[2020-09-29T10:10:41.576+0000][7792][gc,age       ] GC(177) - age  13:      11464 bytes,    4060048 total
[2020-09-29T10:10:41.576+0000][7792][gc,age       ] GC(177) - age  14:       1328 bytes,    4061376 total
[2020-09-29T10:10:41.576+0000][7792][gc,age       ] GC(177) - age  15:      22768 bytes,    4084144 total
[2020-09-29T10:10:41.576+0000][7792][gc,phases    ] GC(177)   Pre Evacuate Collection Set: 0.5ms
[2020-09-29T10:10:41.576+0000][7792][gc,phases    ] GC(177)   Merge Heap Roots: 0.1ms
[2020-09-29T10:10:41.576+0000][7792][gc,phases    ] GC(177)   Evacuate Collection Set: 3.8ms
[2020-09-29T10:10:41.576+0000][7792][gc,phases    ] GC(177)   Post Evacuate Collection Set: 0.8ms
[2020-09-29T10:10:41.576+0000][7792][gc,phases    ] GC(177)   Other: 1.0ms
[2020-09-29T10:10:41.576+0000][7792][gc,heap      ] GC(177) Eden regions: 41->0(493)
[2020-09-29T10:10:41.576+0000][7792][gc,heap      ] GC(177) Survivor regions: 5->5(62)
[2020-09-29T10:10:41.576+0000][7792][gc,heap      ] GC(177) Old regions: 77->77
[2020-09-29T10:10:41.576+0000][7792][gc,heap      ] GC(177) Archive regions: 0->0
[2020-09-29T10:10:41.576+0000][7792][gc,heap      ] GC(177) Humongous regions: 278->174
[2020-09-29T10:10:41.576+0000][7792][gc,metaspace ] GC(177) Metaspace: 87675K(93696K)->87675K(93696K) NonClass: 76559K(80128K)->76559K(80128K) Class: 11116K(13568K)->11116K(13568K)
[2020-09-29T10:10:41.577+0000][7792][gc           ] GC(177) Pause Young (Concurrent Start) (G1 Humongous Allocation) 399M->254M(1024M) 6.732ms
[2020-09-29T10:10:41.577+0000][7792][gc,cpu       ] GC(177) User=0.00s Sys=0.00s Real=0.01s
[2020-09-29T10:10:41.577+0000][7792][gc           ] GC(178) Concurrent Cycle
[2020-09-29T10:10:41.577+0000][7792][safepoint    ] Safepoint "G1TryInitiateConcMark", Time since last: 32542900 ns, Reaching safepoint: 166300 ns, At safepoint: 6958500 ns, Total: 7124800 ns
[2020-09-29T10:10:41.577+0000][7792][gc,marking   ] GC(178) Concurrent Clear Claimed Marks
[2020-09-29T10:10:41.577+0000][7792][gc,marking   ] GC(178) Concurrent Clear Claimed Marks 0.555ms
[2020-09-29T10:10:41.577+0000][7792][gc,marking   ] GC(178) Concurrent Scan Root Regions
[2020-09-29T10:10:41.580+0000][7792][gc,marking   ] GC(178) Concurrent Scan Root Regions 2.934ms
[2020-09-29T10:10:41.581+0000][7792][gc,marking   ] GC(178) Concurrent Mark (904.683s)
[2020-09-29T10:10:41.581+0000][7792][gc,marking   ] GC(178) Concurrent Mark From Roots
[2020-09-29T10:10:41.581+0000][7792][gc,task      ] GC(178) Using 2 workers of 2 for marking
[2020-09-29T10:10:41.758+0000][7792][gc,marking   ] GC(178) Concurrent Mark From Roots 177.342ms
[2020-09-29T10:10:41.758+0000][7792][gc,marking   ] GC(178) Concurrent Preclean
[2020-09-29T10:10:41.759+0000][7792][gc,marking   ] GC(178) Concurrent Preclean 0.721ms
[2020-09-29T10:10:41.759+0000][7792][gc,marking   ] GC(178) Concurrent Mark (904.683s, 904.861s) 178.262ms
[2020-09-29T10:10:41.759+0000][7792][gc,start     ] GC(178) Pause Remark
[2020-09-29T10:10:41.766+0000][7792][gc           ] GC(178) Pause Remark 389M->389M(1024M) 6.719ms
[2020-09-29T10:10:41.766+0000][7792][gc,cpu       ] GC(178) User=0.09s Sys=0.02s Real=0.01s
[2020-09-29T10:10:41.766+0000][7792][safepoint    ] Safepoint "G1Concurrent", Time since last: 182127900 ns, Reaching safepoint: 176500 ns, At safepoint: 6977500 ns, Total: 7154000 ns
[2020-09-29T10:10:41.766+0000][7792][gc,marking   ] GC(178) Concurrent Rebuild Remembered Sets
[2020-09-29T10:10:41.869+0000][7792][gc,marking   ] GC(178) Concurrent Rebuild Remembered Sets 103.471ms
[2020-09-29T10:10:41.869+0000][7792][gc,start     ] GC(178) Pause Cleanup
[2020-09-29T10:10:41.870+0000][7792][gc           ] GC(178) Pause Cleanup 400M->400M(1024M) 0.356ms
[2020-09-29T10:10:41.870+0000][7792][gc,cpu       ] GC(178) User=0.00s Sys=0.00s Real=0.00s
[2020-09-29T10:10:41.870+0000][7792][safepoint    ] Safepoint "G1Concurrent", Time since last: 103661900 ns, Reaching safepoint: 210200 ns, At safepoint: 570600 ns, Total: 780800 ns
[2020-09-29T10:10:41.870+0000][7792][gc,marking   ] GC(178) Concurrent Cleanup for Next Mark
[2020-09-29T10:10:41.872+0000][7792][gc,marking   ] GC(178) Concurrent Cleanup for Next Mark 2.160ms
[2020-09-29T10:10:41.872+0000][7792][gc           ] GC(178) Concurrent Cycle 296.165ms
[2020-09-29T10:10:41.873+0000][7792][gc,start     ] GC(179) Pause Young (Concurrent Start) (G1 Humongous Allocation)
[2020-09-29T10:10:41.873+0000][7792][gc,task      ] GC(179) Using 8 workers of 8 for evacuation
[2020-09-29T10:10:41.873+0000][7792][gc,age       ] GC(179) Desired survivor size 33030144 bytes, new threshold 15 (max threshold 15)
[2020-09-29T10:10:41.877+0000][7792][gc,age       ] GC(179) Age table with threshold 15 (max threshold 15)
[2020-09-29T10:10:41.877+0000][7792][gc,age       ] GC(179) - age   1:    2349080 bytes,    2349080 total
[2020-09-29T10:10:41.877+0000][7792][gc,age       ] GC(179) - age   2:       2896 bytes,    2351976 total
[2020-09-29T10:10:41.877+0000][7792][gc,age       ] GC(179) - age   3:       3296 bytes,    2355272 total
[2020-09-29T10:10:41.877+0000][7792][gc,age       ] GC(179) - age   4:        832 bytes,    2356104 total
[2020-09-29T10:10:41.877+0000][7792][gc,age       ] GC(179) - age   5:       1472 bytes,    2357576 total
[2020-09-29T10:10:41.877+0000][7792][gc,age       ] GC(179) - age   6:       5192 bytes,    2362768 total
[2020-09-29T10:10:41.877+0000][7792][gc,age       ] GC(179) - age   7:      11184 bytes,    2373952 total
[2020-09-29T10:10:41.877+0000][7792][gc,age       ] GC(179) - age   8:      28536 bytes,    2402488 total
[2020-09-29T10:10:41.877+0000][7792][gc,age       ] GC(179) - age   9:        872 bytes,    2403360 total
[2020-09-29T10:10:41.877+0000][7792][gc,age       ] GC(179) - age  10:       1912 bytes,    2405272 total
[2020-09-29T10:10:41.877+0000][7792][gc,age       ] GC(179) - age  11:       3336 bytes,    2408608 total
[2020-09-29T10:10:41.877+0000][7792][gc,age       ] GC(179) - age  12:      29768 bytes,    2438376 total
[2020-09-29T10:10:41.877+0000][7792][gc,age       ] GC(179) - age  13:       2400 bytes,    2440776 total
[2020-09-29T10:10:41.877+0000][7792][gc,age       ] GC(179) - age  14:      11432 bytes,    2452208 total
[2020-09-29T10:10:41.877+0000][7792][gc,age       ] GC(179) - age  15:       1328 bytes,    2453536 total
[2020-09-29T10:10:41.878+0000][7792][gc,phases    ] GC(179)   Pre Evacuate Collection Set: 0.5ms
[2020-09-29T10:10:41.878+0000][7792][gc,phases    ] GC(179)   Merge Heap Roots: 0.1ms
[2020-09-29T10:10:41.878+0000][7792][gc,phases    ] GC(179)   Evacuate Collection Set: 2.1ms
[2020-09-29T10:10:41.878+0000][7792][gc,phases    ] GC(179)   Post Evacuate Collection Set: 0.9ms
[2020-09-29T10:10:41.878+0000][7792][gc,phases    ] GC(179)   Other: 1.2ms
[2020-09-29T10:10:41.878+0000][7792][gc,heap      ] GC(179) Eden regions: 46->0(498)
[2020-09-29T10:10:41.878+0000][7792][gc,heap      ] GC(179) Survivor regions: 5->3(63)
[2020-09-29T10:10:41.878+0000][7792][gc,heap      ] GC(179) Old regions: 77->77
[2020-09-29T10:10:41.878+0000][7792][gc,heap      ] GC(179) Archive regions: 0->0
[2020-09-29T10:10:41.878+0000][7792][gc,heap      ] GC(179) Humongous regions: 284->174
[2020-09-29T10:10:41.878+0000][7792][gc,metaspace ] GC(179) Metaspace: 87693K(93696K)->87693K(93696K) NonClass: 76576K(80128K)->76576K(80128K) Class: 11116K(13568K)->11116K(13568K)
[2020-09-29T10:10:41.878+0000][7792][gc           ] GC(179) Pause Young (Concurrent Start) (G1 Humongous Allocation) 410M->252M(1024M) 5.264ms
[2020-09-29T10:10:41.879+0000][7792][gc,cpu       ] GC(179) User=0.03s Sys=0.00s Real=0.01s
[2020-09-29T10:10:41.879+0000][7792][safepoint    ] Safepoint "G1TryInitiateConcMark", Time since last: 2472900 ns, Reaching safepoint: 298100 ns, At safepoint: 5507900 ns, Total: 5806000 ns
[2020-09-29T10:10:41.879+0000][7792][gc           ] GC(180) Concurrent Cycle
[2020-09-29T10:10:41.879+0000][7792][gc,marking   ] GC(180) Concurrent Clear Claimed Marks
[2020-09-29T10:10:41.880+0000][7792][gc,marking   ] GC(180) Concurrent Clear Claimed Marks 0.479ms
[2020-09-29T10:10:41.880+0000][7792][gc,marking   ] GC(180) Concurrent Scan Root Regions
[2020-09-29T10:10:41.882+0000][7792][gc,marking   ] GC(180) Concurrent Scan Root Regions 2.427ms
[2020-09-29T10:10:41.882+0000][7792][gc,marking   ] GC(180) Concurrent Mark (904.984s)
[2020-09-29T10:10:41.882+0000][7792][gc,marking   ] GC(180) Concurrent Mark From Roots
[2020-09-29T10:10:41.883+0000][7792][gc,task      ] GC(180) Using 2 workers of 2 for marking
[2020-09-29T10:10:42.058+0000][7792][gc,marking   ] GC(180) Concurrent Mark From Roots 176.254ms
[2020-09-29T10:10:42.058+0000][7792][gc,marking   ] GC(180) Concurrent Preclean
[2020-09-29T10:10:42.059+0000][7792][gc,marking   ] GC(180) Concurrent Preclean 0.676ms
[2020-09-29T10:10:42.059+0000][7792][gc,marking   ] GC(180) Concurrent Mark (904.984s, 905.161s) 177.175ms
[2020-09-29T10:10:42.059+0000][7792][gc,start     ] GC(180) Pause Remark
[2020-09-29T10:10:42.067+0000][7792][gc           ] GC(180) Pause Remark 308M->308M(1024M) 8.118ms
[2020-09-29T10:10:42.067+0000][7792][gc,cpu       ] GC(180) User=0.03s Sys=0.00s Real=0.01s
[2020-09-29T10:10:42.068+0000][7792][safepoint    ] Safepoint "G1Concurrent", Time since last: 180590800 ns, Reaching safepoint: 247000 ns, At safepoint: 8455000 ns, Total: 8702000 ns
[2020-09-29T10:10:42.068+0000][7792][gc,marking   ] GC(180) Concurrent Rebuild Remembered Sets
[2020-09-29T10:10:42.171+0000][7792][gc,marking   ] GC(180) Concurrent Rebuild Remembered Sets 103.414ms
[2020-09-29T10:10:42.171+0000][7792][gc,start     ] GC(180) Pause Cleanup
[2020-09-29T10:10:42.172+0000][7792][gc           ] GC(180) Pause Cleanup 560M->560M(1024M) 0.535ms
[2020-09-29T10:10:42.172+0000][7792][gc,cpu       ] GC(180) User=0.00s Sys=0.00s Real=0.00s
[2020-09-29T10:10:42.173+0000][7792][safepoint    ] Safepoint "G1Concurrent", Time since last: 103680600 ns, Reaching safepoint: 156100 ns, At safepoint: 1840200 ns, Total: 1996300 ns
[2020-09-29T10:10:42.173+0000][7792][gc,marking   ] GC(180) Concurrent Cleanup for Next Mark
[2020-09-29T10:10:42.176+0000][7792][gc,marking   ] GC(180) Concurrent Cleanup for Next Mark 2.102ms
[2020-09-29T10:10:42.176+0000][7792][gc           ] GC(180) Concurrent Cycle 297.362ms
[2020-09-29T10:10:42.219+0000][7792][gc,start     ] GC(181) Pause Young (Concurrent Start) (G1 Humongous Allocation)
[2020-09-29T10:10:42.219+0000][7792][gc,task      ] GC(181) Using 8 workers of 8 for evacuation
[2020-09-29T10:10:42.219+0000][7792][gc,age       ] GC(181) Desired survivor size 33030144 bytes, new threshold 15 (max threshold 15)
[2020-09-29T10:10:42.224+0000][7792][gc,age       ] GC(181) Age table with threshold 15 (max threshold 15)
[2020-09-29T10:10:42.224+0000][7792][gc,age       ] GC(181) - age   1:    4107384 bytes,    4107384 total
[2020-09-29T10:10:42.224+0000][7792][gc,age       ] GC(181) - age   2:      17608 bytes,    4124992 total
[2020-09-29T10:10:42.224+0000][7792][gc,age       ] GC(181) - age   3:       1984 bytes,    4126976 total
[2020-09-29T10:10:42.224+0000][7792][gc,age       ] GC(181) - age   4:       1616 bytes,    4128592 total
[2020-09-29T10:10:42.224+0000][7792][gc,age       ] GC(181) - age   5:        656 bytes,    4129248 total
[2020-09-29T10:10:42.224+0000][7792][gc,age       ] GC(181) - age   6:       1024 bytes,    4130272 total
[2020-09-29T10:10:42.224+0000][7792][gc,age       ] GC(181) - age   7:       5064 bytes,    4135336 total
[2020-09-29T10:10:42.224+0000][7792][gc,age       ] GC(181) - age   8:      11024 bytes,    4146360 total
[2020-09-29T10:10:42.224+0000][7792][gc,age       ] GC(181) - age   9:      28464 bytes,    4174824 total
[2020-09-29T10:10:42.224+0000][7792][gc,age       ] GC(181) - age  10:        872 bytes,    4175696 total
[2020-09-29T10:10:42.224+0000][7792][gc,age       ] GC(181) - age  11:       1912 bytes,    4177608 total
[2020-09-29T10:10:42.224+0000][7792][gc,age       ] GC(181) - age  12:       3304 bytes,    4180912 total
[2020-09-29T10:10:42.225+0000][7792][gc,age       ] GC(181) - age  13:      29736 bytes,    4210648 total
[2020-09-29T10:10:42.225+0000][7792][gc,age       ] GC(181) - age  14:       2272 bytes,    4212920 total
[2020-09-29T10:10:42.225+0000][7792][gc,age       ] GC(181) - age  15:      11432 bytes,    4224352 total
[2020-09-29T10:10:42.225+0000][7792][gc,phases    ] GC(181)   Pre Evacuate Collection Set: 0.4ms
[2020-09-29T10:10:42.225+0000][7792][gc,phases    ] GC(181)   Merge Heap Roots: 0.1ms
[2020-09-29T10:10:42.225+0000][7792][gc,phases    ] GC(181)   Evacuate Collection Set: 2.6ms
[2020-09-29T10:10:42.225+0000][7792][gc,phases    ] GC(181)   Post Evacuate Collection Set: 1.1ms
[2020-09-29T10:10:42.225+0000][7792][gc,phases    ] GC(181)   Other: 1.3ms
[2020-09-29T10:10:42.225+0000][7792][gc,heap      ] GC(181) Eden regions: 86->0(495)
[2020-09-29T10:10:42.225+0000][7792][gc,heap      ] GC(181) Survivor regions: 3->5(63)
[2020-09-29T10:10:42.225+0000][7792][gc,heap      ] GC(181) Old regions: 77->77
[2020-09-29T10:10:42.225+0000][7792][gc,heap      ] GC(181) Archive regions: 0->0
[2020-09-29T10:10:42.225+0000][7792][gc,heap      ] GC(181) Humongous regions: 416->174
[2020-09-29T10:10:42.225+0000][7792][gc,metaspace ] GC(181) Metaspace: 87716K(93696K)->87716K(93696K) NonClass: 76599K(80128K)->76599K(80128K) Class: 11116K(13568K)->11116K(13568K)
[2020-09-29T10:10:42.225+0000][7792][gc           ] GC(181) Pause Young (Concurrent Start) (G1 Humongous Allocation) 580M->254M(1024M) 5.976ms
[2020-09-29T10:10:42.225+0000][7792][gc,cpu       ] GC(181) User=0.00s Sys=0.00s Real=0.01s
[2020-09-29T10:10:42.225+0000][7792][gc           ] GC(182) Concurrent Cycle
[2020-09-29T10:10:42.226+0000][7792][gc,marking   ] GC(182) Concurrent Clear Claimed Marks
[2020-09-29T10:10:42.226+0000][7792][gc,marking   ] GC(182) Concurrent Clear Claimed Marks 0.337ms
[2020-09-29T10:10:42.226+0000][7792][gc,marking   ] GC(182) Concurrent Scan Root Regions
[2020-09-29T10:10:42.226+0000][7792][safepoint    ] Safepoint "G1TryInitiateConcMark", Time since last: 45713300 ns, Reaching safepoint: 276400 ns, At safepoint: 6733500 ns, Total: 7009900 ns
[2020-09-29T10:10:42.228+0000][7792][gc,marking   ] GC(182) Concurrent Scan Root Regions 2.022ms
[2020-09-29T10:10:42.228+0000][7792][gc,marking   ] GC(182) Concurrent Mark (905.331s)
[2020-09-29T10:10:42.228+0000][7792][gc,marking   ] GC(182) Concurrent Mark From Roots
[2020-09-29T10:10:42.228+0000][7792][gc,task      ] GC(182) Using 2 workers of 2 for marking
[2020-09-29T10:10:42.279+0000][7792][safepoint    ] Safepoint "BulkRevokeBias", Time since last: 49371500 ns, Reaching safepoint: 1083500 ns, At safepoint: 2640900 ns, Total: 3724400 ns
[2020-09-29T10:10:42.414+0000][7792][gc,marking   ] GC(182) Concurrent Mark From Roots 185.723ms
[2020-09-29T10:10:42.414+0000][7792][gc,marking   ] GC(182) Concurrent Preclean
[2020-09-29T10:10:42.415+0000][7792][gc,marking   ] GC(182) Concurrent Preclean 1.224ms
[2020-09-29T10:10:42.415+0000][7792][gc,marking   ] GC(182) Concurrent Mark (905.331s, 905.518s) 187.251ms
[2020-09-29T10:10:42.421+0000][7792][gc,start     ] GC(182) Pause Remark
[2020-09-29T10:10:42.432+0000][7792][gc           ] GC(182) Pause Remark 326M->326M(1024M) 10.849ms
[2020-09-29T10:10:42.432+0000][7792][gc,cpu       ] GC(182) User=0.00s Sys=0.00s Real=0.01s
[2020-09-29T10:10:42.433+0000][7792][safepoint    ] Safepoint "G1Concurrent", Time since last: 136337600 ns, Reaching safepoint: 5302700 ns, At safepoint: 12397400 ns, Total: 17700100 ns
[2020-09-29T10:10:42.433+0000][7792][gc,marking   ] GC(182) Concurrent Rebuild Remembered Sets
[2020-09-29T10:10:42.535+0000][7792][gc,marking   ] GC(182) Concurrent Rebuild Remembered Sets 101.727ms
[2020-09-29T10:10:42.535+0000][7792][gc,start     ] GC(182) Pause Cleanup
[2020-09-29T10:10:42.536+0000][7792][gc           ] GC(182) Pause Cleanup 334M->334M(1024M) 0.387ms
[2020-09-29T10:10:42.536+0000][7792][gc,cpu       ] GC(182) User=0.00s Sys=0.00s Real=0.00s
[2020-09-29T10:10:42.536+0000][7792][safepoint    ] Safepoint "G1Concurrent", Time since last: 102049600 ns, Reaching safepoint: 216400 ns, At safepoint: 1084300 ns, Total: 1300700 ns
[2020-09-29T10:10:42.537+0000][7792][gc,marking   ] GC(182) Concurrent Cleanup for Next Mark
[2020-09-29T10:10:42.539+0000][7792][gc,marking   ] GC(182) Concurrent Cleanup for Next Mark 1.939ms
[2020-09-29T10:10:42.539+0000][7792][gc           ] GC(182) Concurrent Cycle 313.241ms
[2020-09-29T10:10:42.589+0000][7792][gc,start     ] GC(183) Pause Young (Concurrent Start) (G1 Humongous Allocation)
[2020-09-29T10:10:42.589+0000][7792][gc,task      ] GC(183) Using 8 workers of 8 for evacuation
[2020-09-29T10:10:42.590+0000][7792][gc,age       ] GC(183) Desired survivor size 33030144 bytes, new threshold 15 (max threshold 15)
[2020-09-29T10:10:42.595+0000][7792][gc,age       ] GC(183) Age table with threshold 15 (max threshold 15)
[2020-09-29T10:10:42.595+0000][7792][gc,age       ] GC(183) - age   1:   11181984 bytes,   11181984 total
[2020-09-29T10:10:42.595+0000][7792][gc,age       ] GC(183) - age   2:      13632 bytes,   11195616 total
[2020-09-29T10:10:42.595+0000][7792][gc,age       ] GC(183) - age   3:      11488 bytes,   11207104 total
[2020-09-29T10:10:42.595+0000][7792][gc,age       ] GC(183) - age   4:       1496 bytes,   11208600 total
[2020-09-29T10:10:42.595+0000][7792][gc,age       ] GC(183) - age   5:       1488 bytes,   11210088 total
[2020-09-29T10:10:42.595+0000][7792][gc,age       ] GC(183) - age   6:        560 bytes,   11210648 total
[2020-09-29T10:10:42.595+0000][7792][gc,age       ] GC(183) - age   7:        928 bytes,   11211576 total
[2020-09-29T10:10:42.595+0000][7792][gc,age       ] GC(183) - age   8:       5064 bytes,   11216640 total
[2020-09-29T10:10:42.595+0000][7792][gc,age       ] GC(183) - age   9:      11024 bytes,   11227664 total
[2020-09-29T10:10:42.595+0000][7792][gc,age       ] GC(183) - age  10:      28464 bytes,   11256128 total
[2020-09-29T10:10:42.595+0000][7792][gc,age       ] GC(183) - age  11:        872 bytes,   11257000 total
[2020-09-29T10:10:42.595+0000][7792][gc,age       ] GC(183) - age  12:       1880 bytes,   11258880 total
[2020-09-29T10:10:42.595+0000][7792][gc,age       ] GC(183) - age  13:       3304 bytes,   11262184 total
[2020-09-29T10:10:42.596+0000][7792][gc,age       ] GC(183) - age  14:      29736 bytes,   11291920 total
[2020-09-29T10:10:42.596+0000][7792][gc,age       ] GC(183) - age  15:       2208 bytes,   11294128 total
[2020-09-29T10:10:42.596+0000][7792][gc,phases    ] GC(183)   Pre Evacuate Collection Set: 0.5ms
[2020-09-29T10:10:42.596+0000][7792][gc,phases    ] GC(183)   Merge Heap Roots: 0.2ms
[2020-09-29T10:10:42.596+0000][7792][gc,phases    ] GC(183)   Evacuate Collection Set: 3.3ms
[2020-09-29T10:10:42.596+0000][7792][gc,phases    ] GC(183)   Post Evacuate Collection Set: 1.0ms
[2020-09-29T10:10:42.596+0000][7792][gc,phases    ] GC(183)   Other: 1.4ms
[2020-09-29T10:10:42.596+0000][7792][gc,heap      ] GC(183) Eden regions: 47->0(484)
[2020-09-29T10:10:42.596+0000][7792][gc,heap      ] GC(183) Survivor regions: 5->11(63)
[2020-09-29T10:10:42.596+0000][7792][gc,heap      ] GC(183) Old regions: 77->77
[2020-09-29T10:10:42.596+0000][7792][gc,heap      ] GC(183) Archive regions: 0->0
[2020-09-29T10:10:42.596+0000][7792][gc,heap      ] GC(183) Humongous regions: 230->174
[2020-09-29T10:10:42.596+0000][7792][gc,metaspace ] GC(183) Metaspace: 87720K(93696K)->87720K(93696K) NonClass: 76603K(80128K)->76603K(80128K) Class: 11116K(13568K)->11116K(13568K)
[2020-09-29T10:10:42.596+0000][7792][gc           ] GC(183) Pause Young (Concurrent Start) (G1 Humongous Allocation) 356M->261M(1024M) 6.837ms
[2020-09-29T10:10:42.596+0000][7792][gc,cpu       ] GC(183) User=0.13s Sys=0.00s Real=0.01s
[2020-09-29T10:10:42.596+0000][7792][gc           ] GC(184) Concurrent Cycle
[2020-09-29T10:10:42.596+0000][7792][gc,marking   ] GC(184) Concurrent Clear Claimed Marks
[2020-09-29T10:10:42.597+0000][7792][safepoint    ] Safepoint "G1TryInitiateConcMark", Time since last: 52525400 ns, Reaching safepoint: 212800 ns, At safepoint: 7508100 ns, Total: 7720900 ns
[2020-09-29T10:10:42.597+0000][7792][gc,marking   ] GC(184) Concurrent Clear Claimed Marks 0.394ms
[2020-09-29T10:10:42.597+0000][7792][gc,marking   ] GC(184) Concurrent Scan Root Regions
[2020-09-29T10:10:42.600+0000][7792][gc,marking   ] GC(184) Concurrent Scan Root Regions 2.770ms
[2020-09-29T10:10:42.600+0000][7792][gc,marking   ] GC(184) Concurrent Mark (905.702s)
[2020-09-29T10:10:42.600+0000][7792][gc,marking   ] GC(184) Concurrent Mark From Roots
[2020-09-29T10:10:42.600+0000][7792][gc,task      ] GC(184) Using 2 workers of 2 for marking
[2020-09-29T10:10:42.781+0000][7792][gc,marking   ] GC(184) Concurrent Mark From Roots 181.176ms
[2020-09-29T10:10:42.781+0000][7792][gc,marking   ] GC(184) Concurrent Preclean
[2020-09-29T10:10:42.782+0000][7792][gc,marking   ] GC(184) Concurrent Preclean 0.762ms
[2020-09-29T10:10:42.782+0000][7792][gc,marking   ] GC(184) Concurrent Mark (905.702s, 905.884s) 182.192ms
[2020-09-29T10:10:42.785+0000][7792][gc,start     ] GC(184) Pause Remark
[2020-09-29T10:10:42.793+0000][7792][gc           ] GC(184) Pause Remark 566M->566M(1024M) 7.854ms
[2020-09-29T10:10:42.793+0000][7792][gc,cpu       ] GC(184) User=0.00s Sys=0.00s Real=0.01s
[2020-09-29T10:10:42.794+0000][7792][safepoint    ] Safepoint "G1Concurrent", Time since last: 185255100 ns, Reaching safepoint: 2697900 ns, At safepoint: 9763700 ns, Total: 12461600 ns
[2020-09-29T10:10:42.795+0000][7792][gc,marking   ] GC(184) Concurrent Rebuild Remembered Sets
[2020-09-29T10:10:42.895+0000][7792][gc,marking   ] GC(184) Concurrent Rebuild Remembered Sets 100.757ms
[2020-09-29T10:10:42.899+0000][7792][gc,start     ] GC(184) Pause Cleanup
[2020-09-29T10:10:42.899+0000][7792][gc           ] GC(184) Pause Cleanup 575M->575M(1024M) 0.500ms
[2020-09-29T10:10:42.899+0000][7792][gc,cpu       ] GC(184) User=0.00s Sys=0.00s Real=0.00s
[2020-09-29T10:10:42.899+0000][7792][safepoint    ] Safepoint "G1Concurrent", Time since last: 101011800 ns, Reaching safepoint: 3222300 ns, At safepoint: 793400 ns, Total: 4015700 ns
[2020-09-29T10:10:42.900+0000][7792][gc,marking   ] GC(184) Concurrent Cleanup for Next Mark
[2020-09-29T10:10:42.902+0000][7792][gc,marking   ] GC(184) Concurrent Cleanup for Next Mark 2.048ms
[2020-09-29T10:10:42.902+0000][7792][gc           ] GC(184) Concurrent Cycle 305.420ms
[2020-09-29T10:10:43.017+0000][7792][gc,start     ] GC(185) Pause Young (Concurrent Start) (G1 Humongous Allocation)
[2020-09-29T10:10:43.017+0000][7792][gc,task      ] GC(185) Using 8 workers of 8 for evacuation
[2020-09-29T10:10:43.017+0000][7792][gc,age       ] GC(185) Desired survivor size 32505856 bytes, new threshold 15 (max threshold 15)
[2020-09-29T10:10:43.022+0000][7792][gc,age       ] GC(185) Age table with threshold 15 (max threshold 15)
[2020-09-29T10:10:43.022+0000][7792][gc,age       ] GC(185) - age   1:    8460296 bytes,    8460296 total
[2020-09-29T10:10:43.022+0000][7792][gc,age       ] GC(185) - age   2:       2360 bytes,    8462656 total
[2020-09-29T10:10:43.022+0000][7792][gc,age       ] GC(185) - age   3:      12304 bytes,    8474960 total
[2020-09-29T10:10:43.022+0000][7792][gc,age       ] GC(185) - age   4:      11296 bytes,    8486256 total
[2020-09-29T10:10:43.022+0000][7792][gc,age       ] GC(185) - age   5:       1464 bytes,    8487720 total
[2020-09-29T10:10:43.022+0000][7792][gc,age       ] GC(185) - age   6:       1488 bytes,    8489208 total
[2020-09-29T10:10:43.022+0000][7792][gc,age       ] GC(185) - age   7:        560 bytes,    8489768 total
[2020-09-29T10:10:43.022+0000][7792][gc,age       ] GC(185) - age   8:        896 bytes,    8490664 total
[2020-09-29T10:10:43.023+0000][7792][gc,age       ] GC(185) - age   9:       5000 bytes,    8495664 total
[2020-09-29T10:10:43.023+0000][7792][gc,age       ] GC(185) - age  10:      10992 bytes,    8506656 total
[2020-09-29T10:10:43.023+0000][7792][gc,age       ] GC(185) - age  11:      28464 bytes,    8535120 total
[2020-09-29T10:10:43.023+0000][7792][gc,age       ] GC(185) - age  12:        872 bytes,    8535992 total
[2020-09-29T10:10:43.023+0000][7792][gc,age       ] GC(185) - age  13:       1880 bytes,    8537872 total
[2020-09-29T10:10:43.023+0000][7792][gc,age       ] GC(185) - age  14:       3304 bytes,    8541176 total
[2020-09-29T10:10:43.023+0000][7792][gc,age       ] GC(185) - age  15:      29736 bytes,    8570912 total
[2020-09-29T10:10:43.023+0000][7792][gc,phases    ] GC(185)   Pre Evacuate Collection Set: 0.5ms
[2020-09-29T10:10:43.023+0000][7792][gc,phases    ] GC(185)   Merge Heap Roots: 0.1ms
[2020-09-29T10:10:43.023+0000][7792][gc,phases    ] GC(185)   Evacuate Collection Set: 3.0ms
[2020-09-29T10:10:43.023+0000][7792][gc,phases    ] GC(185)   Post Evacuate Collection Set: 1.2ms
[2020-09-29T10:10:43.023+0000][7792][gc,phases    ] GC(185)   Other: 1.1ms
[2020-09-29T10:10:43.023+0000][7792][gc,heap      ] GC(185) Eden regions: 93->0(485)
[2020-09-29T10:10:43.023+0000][7792][gc,heap      ] GC(185) Survivor regions: 11->9(62)
[2020-09-29T10:10:43.023+0000][7792][gc,heap      ] GC(185) Old regions: 77->77
[2020-09-29T10:10:43.023+0000][7792][gc,heap      ] GC(185) Archive regions: 0->0
[2020-09-29T10:10:43.023+0000][7792][gc,heap      ] GC(185) Humongous regions: 426->174
[2020-09-29T10:10:43.024+0000][7792][gc,metaspace ] GC(185) Metaspace: 87742K(93696K)->87742K(93696K) NonClass: 76625K(80128K)->76625K(80128K) Class: 11116K(13568K)->11116K(13568K)
[2020-09-29T10:10:43.024+0000][7792][gc           ] GC(185) Pause Young (Concurrent Start) (G1 Humongous Allocation) 605M->259M(1024M) 6.571ms
[2020-09-29T10:10:43.024+0000][7792][gc,cpu       ] GC(185) User=0.00s Sys=0.00s Real=0.01s
[2020-09-29T10:10:43.024+0000][7792][gc           ] GC(186) Concurrent Cycle
[2020-09-29T10:10:43.024+0000][7792][gc,marking   ] GC(186) Concurrent Clear Claimed Marks
[2020-09-29T10:10:43.024+0000][7792][gc,marking   ] GC(186) Concurrent Clear Claimed Marks 0.343ms
[2020-09-29T10:10:43.024+0000][7792][gc,marking   ] GC(186) Concurrent Scan Root Regions
[2020-09-29T10:10:43.026+0000][7792][gc,marking   ] GC(186) Concurrent Scan Root Regions 1.687ms
[2020-09-29T10:10:43.026+0000][7792][gc,marking   ] GC(186) Concurrent Mark (906.129s)
[2020-09-29T10:10:43.026+0000][7792][gc,marking   ] GC(186) Concurrent Mark From Roots
[2020-09-29T10:10:43.026+0000][7792][gc,task      ] GC(186) Using 2 workers of 2 for marking
[2020-09-29T10:10:43.030+0000][7792][safepoint    ] Safepoint "G1TryInitiateConcMark", Time since last: 117076700 ns, Reaching safepoint: 416600 ns, At safepoint: 13473000 ns, Total: 13889600 ns
[2020-09-29T10:10:43.208+0000][7792][gc,marking   ] GC(186) Concurrent Mark From Roots 182.097ms
[2020-09-29T10:10:43.208+0000][7792][gc,marking   ] GC(186) Concurrent Preclean
[2020-09-29T10:10:43.209+0000][7792][gc,marking   ] GC(186) Concurrent Preclean 0.670ms
[2020-09-29T10:10:43.209+0000][7792][gc,marking   ] GC(186) Concurrent Mark (906.129s, 906.312s) 182.947ms
[2020-09-29T10:10:43.212+0000][7792][gc,start     ] GC(186) Pause Remark
[2020-09-29T10:10:43.218+0000][7792][gc           ] GC(186) Pause Remark 521M->521M(1024M) 6.743ms
[2020-09-29T10:10:43.219+0000][7792][gc,cpu       ] GC(186) User=0.11s Sys=0.02s Real=0.01s
[2020-09-29T10:10:43.220+0000][7792][safepoint    ] Safepoint "G1Concurrent", Time since last: 178589900 ns, Reaching safepoint: 2756200 ns, At safepoint: 7887600 ns, Total: 10643800 ns
[2020-09-29T10:10:43.220+0000][7792][gc,marking   ] GC(186) Concurrent Rebuild Remembered Sets
[2020-09-29T10:10:43.320+0000][7792][gc,marking   ] GC(186) Concurrent Rebuild Remembered Sets 100.752ms
[2020-09-29T10:10:43.339+0000][7792][gc,start     ] GC(186) Pause Cleanup
[2020-09-29T10:10:43.339+0000][7792][gc           ] GC(186) Pause Cleanup 588M->588M(1024M) 0.421ms
[2020-09-29T10:10:43.339+0000][7792][gc,cpu       ] GC(186) User=0.00s Sys=0.00s Real=0.00s
[2020-09-29T10:10:43.342+0000][7792][safepoint    ] Safepoint "G1Concurrent", Time since last: 101075400 ns, Reaching safepoint: 18000100 ns, At safepoint: 3527500 ns, Total: 21527600 ns
[2020-09-29T10:10:43.342+0000][7792][gc,marking   ] GC(186) Concurrent Cleanup for Next Mark
[2020-09-29T10:10:43.344+0000][7792][gc,marking   ] GC(186) Concurrent Cleanup for Next Mark 1.709ms
[2020-09-29T10:10:43.344+0000][7792][gc           ] GC(186) Concurrent Cycle 320.477ms
[2020-09-29T10:10:43.489+0000][7792][gc,start     ] GC(187) Pause Young (Concurrent Start) (G1 Humongous Allocation)
[2020-09-29T10:10:43.490+0000][7792][gc,task      ] GC(187) Using 8 workers of 8 for evacuation
[2020-09-29T10:10:43.490+0000][7792][gc,age       ] GC(187) Desired survivor size 32505856 bytes, new threshold 15 (max threshold 15)
[2020-09-29T10:10:43.496+0000][7792][gc,age       ] GC(187) Age table with threshold 15 (max threshold 15)
[2020-09-29T10:10:43.497+0000][7792][gc,age       ] GC(187) - age   1:   13808024 bytes,   13808024 total
[2020-09-29T10:10:43.497+0000][7792][gc,age       ] GC(187) - age   2:       2160 bytes,   13810184 total
[2020-09-29T10:10:43.497+0000][7792][gc,age       ] GC(187) - age   3:        736 bytes,   13810920 total
[2020-09-29T10:10:43.497+0000][7792][gc,age       ] GC(187) - age   4:      11208 bytes,   13822128 total
[2020-09-29T10:10:43.497+0000][7792][gc,age       ] GC(187) - age   5:      11296 bytes,   13833424 total
[2020-09-29T10:10:43.497+0000][7792][gc,age       ] GC(187) - age   6:       1464 bytes,   13834888 total
[2020-09-29T10:10:43.497+0000][7792][gc,age       ] GC(187) - age   7:       1488 bytes,   13836376 total
[2020-09-29T10:10:43.497+0000][7792][gc,age       ] GC(187) - age   8:        496 bytes,   13836872 total
[2020-09-29T10:10:43.497+0000][7792][gc,age       ] GC(187) - age   9:        864 bytes,   13837736 total
[2020-09-29T10:10:43.497+0000][7792][gc,age       ] GC(187) - age  10:       4920 bytes,   13842656 total
[2020-09-29T10:10:43.497+0000][7792][gc,age       ] GC(187) - age  11:      10992 bytes,   13853648 total
[2020-09-29T10:10:43.497+0000][7792][gc,age       ] GC(187) - age  12:      28464 bytes,   13882112 total
[2020-09-29T10:10:43.497+0000][7792][gc,age       ] GC(187) - age  13:        872 bytes,   13882984 total
[2020-09-29T10:10:43.497+0000][7792][gc,age       ] GC(187) - age  14:       1784 bytes,   13884768 total
[2020-09-29T10:10:43.497+0000][7792][gc,age       ] GC(187) - age  15:       2904 bytes,   13887672 total
[2020-09-29T10:10:43.497+0000][7792][gc,phases    ] GC(187)   Pre Evacuate Collection Set: 0.7ms
[2020-09-29T10:10:43.497+0000][7792][gc,phases    ] GC(187)   Merge Heap Roots: 0.1ms
[2020-09-29T10:10:43.497+0000][7792][gc,phases    ] GC(187)   Evacuate Collection Set: 4.2ms
[2020-09-29T10:10:43.497+0000][7792][gc,phases    ] GC(187)   Post Evacuate Collection Set: 1.6ms
[2020-09-29T10:10:43.497+0000][7792][gc,phases    ] GC(187)   Other: 1.3ms
[2020-09-29T10:10:43.498+0000][7792][gc,heap      ] GC(187) Eden regions: 106->0(476)
[2020-09-29T10:10:43.498+0000][7792][gc,heap      ] GC(187) Survivor regions: 9->14(62)
[2020-09-29T10:10:43.498+0000][7792][gc,heap      ] GC(187) Old regions: 77->77
[2020-09-29T10:10:43.498+0000][7792][gc,heap      ] GC(187) Archive regions: 0->0
[2020-09-29T10:10:43.498+0000][7792][gc,heap      ] GC(187) Humongous regions: 430->174
[2020-09-29T10:10:43.498+0000][7792][gc,metaspace ] GC(187) Metaspace: 87789K(93696K)->87789K(93696K) NonClass: 76673K(80128K)->76673K(80128K) Class: 11116K(13568K)->11116K(13568K)
[2020-09-29T10:10:43.498+0000][7792][gc           ] GC(187) Pause Young (Concurrent Start) (G1 Humongous Allocation) 620M->264M(1024M) 8.424ms
[2020-09-29T10:10:43.498+0000][7792][gc,cpu       ] GC(187) User=0.00s Sys=0.00s Real=0.01s
[2020-09-29T10:10:43.498+0000][7792][gc           ] GC(188) Concurrent Cycle
[2020-09-29T10:10:43.498+0000][7792][gc,marking   ] GC(188) Concurrent Clear Claimed Marks
[2020-09-29T10:10:43.498+0000][7792][safepoint    ] Safepoint "G1TryInitiateConcMark", Time since last: 146254700 ns, Reaching safepoint: 443200 ns, At safepoint: 8953500 ns, Total: 9396700 ns
[2020-09-29T10:10:43.498+0000][7792][gc,marking   ] GC(188) Concurrent Clear Claimed Marks 0.333ms
[2020-09-29T10:10:43.498+0000][7792][gc,marking   ] GC(188) Concurrent Scan Root Regions
[2020-09-29T10:10:43.502+0000][7792][gc,marking   ] GC(188) Concurrent Scan Root Regions 3.200ms
[2020-09-29T10:10:43.502+0000][7792][gc,marking   ] GC(188) Concurrent Mark (906.604s)
[2020-09-29T10:10:43.502+0000][7792][gc,marking   ] GC(188) Concurrent Mark From Roots
[2020-09-29T10:10:43.502+0000][7792][gc,task      ] GC(188) Using 2 workers of 2 for marking
[2020-09-29T10:10:43.673+0000][7792][gc,marking   ] GC(188) Concurrent Mark From Roots 171.553ms
[2020-09-29T10:10:43.673+0000][7792][gc,marking   ] GC(188) Concurrent Preclean
[2020-09-29T10:10:43.674+0000][7792][gc,marking   ] GC(188) Concurrent Preclean 0.992ms
[2020-09-29T10:10:43.675+0000][7792][gc,marking   ] GC(188) Concurrent Mark (906.604s, 906.777s) 172.833ms
[2020-09-29T10:10:43.675+0000][7792][gc,start     ] GC(188) Pause Remark
[2020-09-29T10:10:43.684+0000][7792][gc           ] GC(188) Pause Remark 575M->575M(1024M) 8.764ms
[2020-09-29T10:10:43.684+0000][7792][gc,cpu       ] GC(188) User=0.00s Sys=0.00s Real=0.01s
[2020-09-29T10:10:43.684+0000][7792][safepoint    ] Safepoint "G1Concurrent", Time since last: 176396200 ns, Reaching safepoint: 444900 ns, At safepoint: 9129100 ns, Total: 9574000 ns
[2020-09-29T10:10:43.684+0000][7792][gc,marking   ] GC(188) Concurrent Rebuild Remembered Sets
[2020-09-29T10:10:43.782+0000][7792][gc,marking   ] GC(188) Concurrent Rebuild Remembered Sets 97.205ms
[2020-09-29T10:10:43.782+0000][7792][gc,start     ] GC(188) Pause Cleanup
[2020-09-29T10:10:43.783+0000][7792][gc           ] GC(188) Pause Cleanup 590M->590M(1024M) 0.441ms
[2020-09-29T10:10:43.783+0000][7792][gc,cpu       ] GC(188) User=0.00s Sys=0.00s Real=0.00s
[2020-09-29T10:10:43.783+0000][7792][safepoint    ] Safepoint "G1Concurrent", Time since last: 97444200 ns, Reaching safepoint: 343800 ns, At safepoint: 698200 ns, Total: 1042000 ns
[2020-09-29T10:10:43.783+0000][7792][gc,marking   ] GC(188) Concurrent Cleanup for Next Mark
[2020-09-29T10:10:43.785+0000][7792][gc,marking   ] GC(188) Concurrent Cleanup for Next Mark 1.869ms
[2020-09-29T10:10:43.785+0000][7792][gc           ] GC(188) Concurrent Cycle 286.905ms
[2020-09-29T10:10:43.844+0000][7792][gc,start     ] GC(189) Pause Young (Concurrent Start) (G1 Humongous Allocation)
[2020-09-29T10:10:43.844+0000][7792][gc,task      ] GC(189) Using 8 workers of 8 for evacuation
[2020-09-29T10:10:43.844+0000][7792][gc,age       ] GC(189) Desired survivor size 32505856 bytes, new threshold 15 (max threshold 15)
[2020-09-29T10:10:43.849+0000][7792][gc,age       ] GC(189) Age table with threshold 15 (max threshold 15)
[2020-09-29T10:10:43.849+0000][7792][gc,age       ] GC(189) - age   1:    2813464 bytes,    2813464 total
[2020-09-29T10:10:43.849+0000][7792][gc,age       ] GC(189) - age   2:       5648 bytes,    2819112 total
[2020-09-29T10:10:43.850+0000][7792][gc,age       ] GC(189) - age   3:       1336 bytes,    2820448 total
[2020-09-29T10:10:43.850+0000][7792][gc,age       ] GC(189) - age   4:        736 bytes,    2821184 total
[2020-09-29T10:10:43.850+0000][7792][gc,age       ] GC(189) - age   5:      11112 bytes,    2832296 total
[2020-09-29T10:10:43.850+0000][7792][gc,age       ] GC(189) - age   6:      11264 bytes,    2843560 total
[2020-09-29T10:10:43.850+0000][7792][gc,age       ] GC(189) - age   7:       1464 bytes,    2845024 total
[2020-09-29T10:10:43.850+0000][7792][gc,age       ] GC(189) - age   8:       1456 bytes,    2846480 total
[2020-09-29T10:10:43.850+0000][7792][gc,age       ] GC(189) - age   9:        464 bytes,    2846944 total
[2020-09-29T10:10:43.850+0000][7792][gc,age       ] GC(189) - age  10:        840 bytes,    2847784 total
[2020-09-29T10:10:43.850+0000][7792][gc,age       ] GC(189) - age  11:       4920 bytes,    2852704 total
[2020-09-29T10:10:43.850+0000][7792][gc,age       ] GC(189) - age  12:      10992 bytes,    2863696 total
[2020-09-29T10:10:43.850+0000][7792][gc,age       ] GC(189) - age  13:      28432 bytes,    2892128 total
[2020-09-29T10:10:43.850+0000][7792][gc,age       ] GC(189) - age  14:        872 bytes,    2893000 total
[2020-09-29T10:10:43.850+0000][7792][gc,age       ] GC(189) - age  15:       1720 bytes,    2894720 total
[2020-09-29T10:10:43.850+0000][7792][gc,phases    ] GC(189)   Pre Evacuate Collection Set: 0.5ms
[2020-09-29T10:10:43.850+0000][7792][gc,phases    ] GC(189)   Merge Heap Roots: 0.5ms
[2020-09-29T10:10:43.850+0000][7792][gc,phases    ] GC(189)   Evacuate Collection Set: 2.7ms
[2020-09-29T10:10:43.850+0000][7792][gc,phases    ] GC(189)   Post Evacuate Collection Set: 1.1ms
[2020-09-29T10:10:43.850+0000][7792][gc,phases    ] GC(189)   Other: 1.4ms
[2020-09-29T10:10:43.850+0000][7792][gc,heap      ] GC(189) Eden regions: 83->0(490)
[2020-09-29T10:10:43.851+0000][7792][gc,heap      ] GC(189) Survivor regions: 14->4(62)
[2020-09-29T10:10:43.851+0000][7792][gc,heap      ] GC(189) Old regions: 77->77
[2020-09-29T10:10:43.851+0000][7792][gc,heap      ] GC(189) Archive regions: 0->0
[2020-09-29T10:10:43.851+0000][7792][gc,heap      ] GC(189) Humongous regions: 430->174
[2020-09-29T10:10:43.851+0000][7792][gc,metaspace ] GC(189) Metaspace: 87801K(93696K)->87801K(93696K) NonClass: 76684K(80128K)->76684K(80128K) Class: 11116K(13568K)->11116K(13568K)
[2020-09-29T10:10:43.851+0000][7792][gc           ] GC(189) Pause Young (Concurrent Start) (G1 Humongous Allocation) 603M->253M(1024M) 6.718ms
[2020-09-29T10:10:43.851+0000][7792][gc,cpu       ] GC(189) User=0.00s Sys=0.00s Real=0.01s
[2020-09-29T10:10:43.851+0000][7792][gc           ] GC(190) Concurrent Cycle
[2020-09-29T10:10:43.851+0000][7792][gc,marking   ] GC(190) Concurrent Clear Claimed Marks
[2020-09-29T10:10:43.851+0000][7792][safepoint    ] Safepoint "G1TryInitiateConcMark", Time since last: 60933100 ns, Reaching safepoint: 311200 ns, At safepoint: 7340200 ns, Total: 7651400 ns
[2020-09-29T10:10:43.851+0000][7792][gc,marking   ] GC(190) Concurrent Clear Claimed Marks 0.337ms
[2020-09-29T10:10:43.851+0000][7792][gc,marking   ] GC(190) Concurrent Scan Root Regions
[2020-09-29T10:10:43.854+0000][7792][gc,marking   ] GC(190) Concurrent Scan Root Regions 2.641ms
[2020-09-29T10:10:43.854+0000][7792][gc,marking   ] GC(190) Concurrent Mark (906.956s)
[2020-09-29T10:10:43.854+0000][7792][gc,marking   ] GC(190) Concurrent Mark From Roots
[2020-09-29T10:10:43.854+0000][7792][gc,task      ] GC(190) Using 2 workers of 2 for marking
[2020-09-29T10:10:44.025+0000][7792][gc,marking   ] GC(190) Concurrent Mark From Roots 171.079ms
[2020-09-29T10:10:44.026+0000][7792][gc,marking   ] GC(190) Concurrent Preclean
[2020-09-29T10:10:44.026+0000][7792][gc,marking   ] GC(190) Concurrent Preclean 0.670ms
[2020-09-29T10:10:44.026+0000][7792][gc,marking   ] GC(190) Concurrent Mark (906.956s, 907.128s) 171.972ms
[2020-09-29T10:10:44.030+0000][7792][gc,start     ] GC(190) Pause Remark
[2020-09-29T10:10:44.037+0000][7792][gc           ] GC(190) Pause Remark 515M->515M(1024M) 6.776ms
[2020-09-29T10:10:44.037+0000][7792][gc,cpu       ] GC(190) User=0.05s Sys=0.00s Real=0.01s
[2020-09-29T10:10:44.037+0000][7792][safepoint    ] Safepoint "G1Concurrent", Time since last: 175009600 ns, Reaching safepoint: 3387000 ns, At safepoint: 7746500 ns, Total: 11133500 ns
[2020-09-29T10:10:44.038+0000][7792][gc,marking   ] GC(190) Concurrent Rebuild Remembered Sets
[2020-09-29T10:10:44.140+0000][7792][gc,marking   ] GC(190) Concurrent Rebuild Remembered Sets 102.346ms
[2020-09-29T10:10:44.140+0000][7792][gc,start     ] GC(190) Pause Cleanup
[2020-09-29T10:10:44.141+0000][7792][gc           ] GC(190) Pause Cleanup 589M->589M(1024M) 0.489ms
[2020-09-29T10:10:44.141+0000][7792][gc,cpu       ] GC(190) User=0.00s Sys=0.00s Real=0.00s
[2020-09-29T10:10:44.141+0000][7792][safepoint    ] Safepoint "G1Concurrent", Time since last: 102641200 ns, Reaching safepoint: 212700 ns, At safepoint: 724300 ns, Total: 937000 ns
[2020-09-29T10:10:44.141+0000][7792][gc,marking   ] GC(190) Concurrent Cleanup for Next Mark
[2020-09-29T10:10:44.144+0000][7792][gc,marking   ] GC(190) Concurrent Cleanup for Next Mark 2.420ms
[2020-09-29T10:10:44.144+0000][7792][gc           ] GC(190) Concurrent Cycle 292.859ms
[2020-09-29T10:10:44.225+0000][7792][gc,start     ] GC(191) Pause Young (Concurrent Start) (G1 Humongous Allocation)
[2020-09-29T10:10:44.226+0000][7792][gc,task      ] GC(191) Using 8 workers of 8 for evacuation
[2020-09-29T10:10:44.226+0000][7792][gc,age       ] GC(191) Desired survivor size 32505856 bytes, new threshold 15 (max threshold 15)
[2020-09-29T10:10:44.231+0000][7792][gc,age       ] GC(191) Age table with threshold 15 (max threshold 15)
[2020-09-29T10:10:44.231+0000][7792][gc,age       ] GC(191) - age   1:   13713152 bytes,   13713152 total
[2020-09-29T10:10:44.231+0000][7792][gc,age       ] GC(191) - age   2:       2264 bytes,   13715416 total
[2020-09-29T10:10:44.231+0000][7792][gc,age       ] GC(191) - age   3:       2664 bytes,   13718080 total
[2020-09-29T10:10:44.231+0000][7792][gc,age       ] GC(191) - age   4:       1144 bytes,   13719224 total
[2020-09-29T10:10:44.231+0000][7792][gc,age       ] GC(191) - age   5:        704 bytes,   13719928 total
[2020-09-29T10:10:44.231+0000][7792][gc,age       ] GC(191) - age   6:      11112 bytes,   13731040 total
[2020-09-29T10:10:44.232+0000][7792][gc,age       ] GC(191) - age   7:      11200 bytes,   13742240 total
[2020-09-29T10:10:44.232+0000][7792][gc,age       ] GC(191) - age   8:       1400 bytes,   13743640 total
[2020-09-29T10:10:44.232+0000][7792][gc,age       ] GC(191) - age   9:       1456 bytes,   13745096 total
[2020-09-29T10:10:44.232+0000][7792][gc,age       ] GC(191) - age  10:        464 bytes,   13745560 total
[2020-09-29T10:10:44.232+0000][7792][gc,age       ] GC(191) - age  11:        840 bytes,   13746400 total
[2020-09-29T10:10:44.232+0000][7792][gc,age       ] GC(191) - age  12:       4856 bytes,   13751256 total
[2020-09-29T10:10:44.232+0000][7792][gc,age       ] GC(191) - age  13:      10992 bytes,   13762248 total
[2020-09-29T10:10:44.232+0000][7792][gc,age       ] GC(191) - age  14:      28432 bytes,   13790680 total
[2020-09-29T10:10:44.232+0000][7792][gc,age       ] GC(191) - age  15:        872 bytes,   13791552 total
[2020-09-29T10:10:44.232+0000][7792][gc,phases    ] GC(191)   Pre Evacuate Collection Set: 0.4ms
[2020-09-29T10:10:44.232+0000][7792][gc,phases    ] GC(191)   Merge Heap Roots: 0.1ms
[2020-09-29T10:10:44.232+0000][7792][gc,phases    ] GC(191)   Evacuate Collection Set: 3.6ms
[2020-09-29T10:10:44.232+0000][7792][gc,phases    ] GC(191)   Post Evacuate Collection Set: 1.2ms
[2020-09-29T10:10:44.232+0000][7792][gc,phases    ] GC(191)   Other: 1.2ms
[2020-09-29T10:10:44.232+0000][7792][gc,heap      ] GC(191) Eden regions: 111->0(459)
[2020-09-29T10:10:44.232+0000][7792][gc,heap      ] GC(191) Survivor regions: 4->14(62)
[2020-09-29T10:10:44.232+0000][7792][gc,heap      ] GC(191) Old regions: 77->77
[2020-09-29T10:10:44.232+0000][7792][gc,heap      ] GC(191) Archive regions: 0->0
[2020-09-29T10:10:44.232+0000][7792][gc,heap      ] GC(191) Humongous regions: 430->174
[2020-09-29T10:10:44.232+0000][7792][gc,metaspace ] GC(191) Metaspace: 87802K(93696K)->87802K(93696K) NonClass: 76685K(80128K)->76685K(80128K) Class: 11116K(13568K)->11116K(13568K)
[2020-09-29T10:10:44.233+0000][7792][gc           ] GC(191) Pause Young (Concurrent Start) (G1 Humongous Allocation) 620M->264M(1024M) 7.072ms
[2020-09-29T10:10:44.233+0000][7792][gc,cpu       ] GC(191) User=0.00s Sys=0.00s Real=0.01s
[2020-09-29T10:10:44.233+0000][7792][gc           ] GC(192) Concurrent Cycle
[2020-09-29T10:10:44.233+0000][7792][safepoint    ] Safepoint "G1TryInitiateConcMark", Time since last: 84190500 ns, Reaching safepoint: 169700 ns, At safepoint: 7343100 ns, Total: 7512800 ns
[2020-09-29T10:10:44.233+0000][7792][gc,marking   ] GC(192) Concurrent Clear Claimed Marks
[2020-09-29T10:10:44.233+0000][7792][gc,marking   ] GC(192) Concurrent Clear Claimed Marks 0.654ms
[2020-09-29T10:10:44.234+0000][7792][gc,marking   ] GC(192) Concurrent Scan Root Regions
[2020-09-29T10:10:44.236+0000][7792][gc,marking   ] GC(192) Concurrent Scan Root Regions 2.027ms
[2020-09-29T10:10:44.236+0000][7792][gc,marking   ] GC(192) Concurrent Mark (907.338s)
[2020-09-29T10:10:44.236+0000][7792][gc,marking   ] GC(192) Concurrent Mark From Roots
[2020-09-29T10:10:44.236+0000][7792][gc,task      ] GC(192) Using 2 workers of 2 for marking
[2020-09-29T10:10:44.420+0000][7792][gc,marking   ] GC(192) Concurrent Mark From Roots 184.601ms
[2020-09-29T10:10:44.420+0000][7792][gc,marking   ] GC(192) Concurrent Preclean
[2020-09-29T10:10:44.421+0000][7792][gc,marking   ] GC(192) Concurrent Preclean 0.832ms
[2020-09-29T10:10:44.421+0000][7792][gc,marking   ] GC(192) Concurrent Mark (907.338s, 907.524s) 185.670ms
[2020-09-29T10:10:44.423+0000][7792][gc,start     ] GC(192) Pause Remark
[2020-09-29T10:10:44.431+0000][7792][gc           ] GC(192) Pause Remark 585M->585M(1024M) 8.012ms
[2020-09-29T10:10:44.431+0000][7792][gc,cpu       ] GC(192) User=0.00s Sys=0.00s Real=0.01s
[2020-09-29T10:10:44.431+0000][7792][safepoint    ] Safepoint "G1Concurrent", Time since last: 188722600 ns, Reaching safepoint: 1165600 ns, At safepoint: 8538200 ns, Total: 9703800 ns
[2020-09-29T10:10:44.431+0000][7792][gc,marking   ] GC(192) Concurrent Rebuild Remembered Sets
[2020-09-29T10:10:44.482+0000][7792][safepoint    ] Safepoint "BulkRevokeBias", Time since last: 46670400 ns, Reaching safepoint: 1214800 ns, At safepoint: 2832800 ns, Total: 4047600 ns
[2020-09-29T10:10:44.535+0000][7792][gc,marking   ] GC(192) Concurrent Rebuild Remembered Sets 104.109ms
[2020-09-29T10:10:44.540+0000][7792][gc,start     ] GC(192) Pause Cleanup
[2020-09-29T10:10:44.540+0000][7792][gc           ] GC(192) Pause Cleanup 595M->595M(1024M) 0.568ms
[2020-09-29T10:10:44.540+0000][7792][gc,cpu       ] GC(192) User=0.00s Sys=0.00s Real=0.00s
[2020-09-29T10:10:44.541+0000][7792][safepoint    ] Safepoint "G1Concurrent", Time since last: 53625300 ns, Reaching safepoint: 4198400 ns, At safepoint: 1030800 ns, Total: 5229200 ns
[2020-09-29T10:10:44.541+0000][7792][gc,marking   ] GC(192) Concurrent Cleanup for Next Mark
[2020-09-29T10:10:44.543+0000][7792][gc,marking   ] GC(192) Concurrent Cleanup for Next Mark 1.913ms
[2020-09-29T10:10:44.543+0000][7792][gc           ] GC(192) Concurrent Cycle 310.334ms
[2020-09-29T10:10:44.576+0000][7792][gc,start     ] GC(193) Pause Young (Concurrent Start) (G1 Humongous Allocation)
[2020-09-29T10:10:44.576+0000][7792][gc,task      ] GC(193) Using 8 workers of 8 for evacuation
[2020-09-29T10:10:44.576+0000][7792][gc,age       ] GC(193) Desired survivor size 31457280 bytes, new threshold 15 (max threshold 15)
[2020-09-29T10:10:44.580+0000][7792][gc,age       ] GC(193) Age table with threshold 15 (max threshold 15)
[2020-09-29T10:10:44.580+0000][7792][gc,age       ] GC(193) - age   1:    2614928 bytes,    2614928 total
[2020-09-29T10:10:44.580+0000][7792][gc,age       ] GC(193) - age   2:       4032 bytes,    2618960 total
[2020-09-29T10:10:44.580+0000][7792][gc,age       ] GC(193) - age   3:       1520 bytes,    2620480 total
[2020-09-29T10:10:44.580+0000][7792][gc,age       ] GC(193) - age   4:       1976 bytes,    2622456 total
[2020-09-29T10:10:44.580+0000][7792][gc,age       ] GC(193) - age   5:       1080 bytes,    2623536 total
[2020-09-29T10:10:44.580+0000][7792][gc,age       ] GC(193) - age   6:        704 bytes,    2624240 total
[2020-09-29T10:10:44.580+0000][7792][gc,age       ] GC(193) - age   7:      11112 bytes,    2635352 total
[2020-09-29T10:10:44.580+0000][7792][gc,age       ] GC(193) - age   8:      11072 bytes,    2646424 total
[2020-09-29T10:10:44.580+0000][7792][gc,age       ] GC(193) - age   9:       1400 bytes,    2647824 total
[2020-09-29T10:10:44.581+0000][7792][gc,age       ] GC(193) - age  10:       1456 bytes,    2649280 total
[2020-09-29T10:10:44.581+0000][7792][gc,age       ] GC(193) - age  11:        432 bytes,    2649712 total
[2020-09-29T10:10:44.581+0000][7792][gc,age       ] GC(193) - age  12:        776 bytes,    2650488 total
[2020-09-29T10:10:44.581+0000][7792][gc,age       ] GC(193) - age  13:       4856 bytes,    2655344 total
[2020-09-29T10:10:44.581+0000][7792][gc,age       ] GC(193) - age  14:      10928 bytes,    2666272 total
[2020-09-29T10:10:44.581+0000][7792][gc,age       ] GC(193) - age  15:      28432 bytes,    2694704 total
[2020-09-29T10:10:44.581+0000][7792][gc,phases    ] GC(193)   Pre Evacuate Collection Set: 0.5ms
[2020-09-29T10:10:44.581+0000][7792][gc,phases    ] GC(193)   Merge Heap Roots: 0.2ms
[2020-09-29T10:10:44.581+0000][7792][gc,phases    ] GC(193)   Evacuate Collection Set: 2.2ms
[2020-09-29T10:10:44.581+0000][7792][gc,phases    ] GC(193)   Post Evacuate Collection Set: 1.2ms
[2020-09-29T10:10:44.581+0000][7792][gc,phases    ] GC(193)   Other: 1.2ms
[2020-09-29T10:10:44.581+0000][7792][gc,heap      ] GC(193) Eden regions: 82->0(477)
[2020-09-29T10:10:44.581+0000][7792][gc,heap      ] GC(193) Survivor regions: 14->4(60)
[2020-09-29T10:10:44.581+0000][7792][gc,heap      ] GC(193) Old regions: 77->77
[2020-09-29T10:10:44.581+0000][7792][gc,heap      ] GC(193) Archive regions: 0->0
[2020-09-29T10:10:44.581+0000][7792][gc,heap      ] GC(193) Humongous regions: 430->174
[2020-09-29T10:10:44.581+0000][7792][gc,metaspace ] GC(193) Metaspace: 87806K(93696K)->87806K(93696K) NonClass: 76689K(80128K)->76689K(80128K) Class: 11116K(13568K)->11116K(13568K)
[2020-09-29T10:10:44.581+0000][7792][gc           ] GC(193) Pause Young (Concurrent Start) (G1 Humongous Allocation) 602M->253M(1024M) 5.650ms
[2020-09-29T10:10:44.581+0000][7792][gc,cpu       ] GC(193) User=0.09s Sys=0.02s Real=0.01s
[2020-09-29T10:10:44.581+0000][7792][gc           ] GC(194) Concurrent Cycle
[2020-09-29T10:10:44.581+0000][7792][gc,marking   ] GC(194) Concurrent Clear Claimed Marks
[2020-09-29T10:10:44.582+0000][7792][gc,marking   ] GC(194) Concurrent Clear Claimed Marks 0.382ms
[2020-09-29T10:10:44.582+0000][7792][gc,marking   ] GC(194) Concurrent Scan Root Regions
[2020-09-29T10:10:44.582+0000][7792][safepoint    ] Safepoint "G1TryInitiateConcMark", Time since last: 34575500 ns, Reaching safepoint: 219200 ns, At safepoint: 6845400 ns, Total: 7064600 ns
[2020-09-29T10:10:44.584+0000][7792][gc,marking   ] GC(194) Concurrent Scan Root Regions 1.721ms
[2020-09-29T10:10:44.584+0000][7792][gc,marking   ] GC(194) Concurrent Mark (907.686s)
[2020-09-29T10:10:44.584+0000][7792][gc,marking   ] GC(194) Concurrent Mark From Roots
[2020-09-29T10:10:44.584+0000][7792][gc,task      ] GC(194) Using 2 workers of 2 for marking
[2020-09-29T10:10:44.755+0000][7792][gc,marking   ] GC(194) Concurrent Mark From Roots 171.046ms
[2020-09-29T10:10:44.755+0000][7792][gc,marking   ] GC(194) Concurrent Preclean
[2020-09-29T10:10:44.756+0000][7792][gc,marking   ] GC(194) Concurrent Preclean 0.698ms
[2020-09-29T10:10:44.756+0000][7792][gc,marking   ] GC(194) Concurrent Mark (907.686s, 907.858s) 171.984ms
[2020-09-29T10:10:44.756+0000][7792][gc,start     ] GC(194) Pause Remark
[2020-09-29T10:10:44.764+0000][7792][gc           ] GC(194) Pause Remark 321M->321M(1024M) 7.774ms
[2020-09-29T10:10:44.764+0000][7792][gc,cpu       ] GC(194) User=0.00s Sys=0.00s Real=0.01s
[2020-09-29T10:10:44.765+0000][7792][safepoint    ] Safepoint "G1Concurrent", Time since last: 173398500 ns, Reaching safepoint: 616100 ns, At safepoint: 8868900 ns, Total: 9485000 ns
[2020-09-29T10:10:44.765+0000][7792][gc,marking   ] GC(194) Concurrent Rebuild Remembered Sets
[2020-09-29T10:10:44.862+0000][7792][gc,marking   ] GC(194) Concurrent Rebuild Remembered Sets 97.168ms
[2020-09-29T10:10:44.863+0000][7792][gc,start     ] GC(194) Pause Cleanup
[2020-09-29T10:10:44.863+0000][7792][gc           ] GC(194) Pause Cleanup 384M->384M(1024M) 0.428ms
[2020-09-29T10:10:44.863+0000][7792][gc,cpu       ] GC(194) User=0.00s Sys=0.00s Real=0.00s
[2020-09-29T10:10:44.863+0000][7792][safepoint    ] Safepoint "G1Concurrent", Time since last: 97433100 ns, Reaching safepoint: 155700 ns, At safepoint: 665800 ns, Total: 821500 ns
[2020-09-29T10:10:44.864+0000][7792][gc,marking   ] GC(194) Concurrent Cleanup for Next Mark
[2020-09-29T10:10:44.865+0000][7792][gc,marking   ] GC(194) Concurrent Cleanup for Next Mark 1.605ms
[2020-09-29T10:10:44.865+0000][7792][gc           ] GC(194) Concurrent Cycle 283.960ms
[2020-09-29T10:10:44.935+0000][7792][gc,start     ] GC(195) Pause Young (Concurrent Start) (G1 Humongous Allocation)
[2020-09-29T10:10:44.935+0000][7792][gc,task      ] GC(195) Using 8 workers of 8 for evacuation
[2020-09-29T10:10:44.935+0000][7792][gc,age       ] GC(195) Desired survivor size 31981568 bytes, new threshold 15 (max threshold 15)
[2020-09-29T10:10:44.939+0000][7792][gc,age       ] GC(195) Age table with threshold 15 (max threshold 15)
[2020-09-29T10:10:44.939+0000][7792][gc,age       ] GC(195) - age   1:    2614008 bytes,    2614008 total
[2020-09-29T10:10:44.939+0000][7792][gc,age       ] GC(195) - age   2:      13392 bytes,    2627400 total
[2020-09-29T10:10:44.939+0000][7792][gc,age       ] GC(195) - age   3:       3352 bytes,    2630752 total
[2020-09-29T10:10:44.939+0000][7792][gc,age       ] GC(195) - age   4:       1352 bytes,    2632104 total
[2020-09-29T10:10:44.939+0000][7792][gc,age       ] GC(195) - age   5:       1944 bytes,    2634048 total
[2020-09-29T10:10:44.939+0000][7792][gc,age       ] GC(195) - age   6:       1080 bytes,    2635128 total
[2020-09-29T10:10:44.939+0000][7792][gc,age       ] GC(195) - age   7:        704 bytes,    2635832 total
[2020-09-29T10:10:44.939+0000][7792][gc,age       ] GC(195) - age   8:      11072 bytes,    2646904 total
[2020-09-29T10:10:44.939+0000][7792][gc,age       ] GC(195) - age   9:      11040 bytes,    2657944 total
[2020-09-29T10:10:44.939+0000][7792][gc,age       ] GC(195) - age  10:       1304 bytes,    2659248 total
[2020-09-29T10:10:44.939+0000][7792][gc,age       ] GC(195) - age  11:       1232 bytes,    2660480 total
[2020-09-29T10:10:44.939+0000][7792][gc,age       ] GC(195) - age  12:        432 bytes,    2660912 total
[2020-09-29T10:10:44.939+0000][7792][gc,age       ] GC(195) - age  13:        776 bytes,    2661688 total
[2020-09-29T10:10:44.939+0000][7792][gc,age       ] GC(195) - age  14:       4856 bytes,    2666544 total
[2020-09-29T10:10:44.939+0000][7792][gc,age       ] GC(195) - age  15:      10832 bytes,    2677376 total
[2020-09-29T10:10:44.939+0000][7792][gc,phases    ] GC(195)   Pre Evacuate Collection Set: 0.4ms
[2020-09-29T10:10:44.939+0000][7792][gc,phases    ] GC(195)   Merge Heap Roots: 0.1ms
[2020-09-29T10:10:44.939+0000][7792][gc,phases    ] GC(195)   Evacuate Collection Set: 2.2ms
[2020-09-29T10:10:44.939+0000][7792][gc,phases    ] GC(195)   Post Evacuate Collection Set: 0.9ms
[2020-09-29T10:10:44.940+0000][7792][gc,phases    ] GC(195)   Other: 1.2ms
[2020-09-29T10:10:44.940+0000][7792][gc,heap      ] GC(195) Eden regions: 43->0(484)
[2020-09-29T10:10:44.940+0000][7792][gc,heap      ] GC(195) Survivor regions: 4->3(61)
[2020-09-29T10:10:44.940+0000][7792][gc,heap      ] GC(195) Old regions: 77->77
[2020-09-29T10:10:44.940+0000][7792][gc,heap      ] GC(195) Archive regions: 0->0
[2020-09-29T10:10:44.940+0000][7792][gc,heap      ] GC(195) Humongous regions: 270->174
[2020-09-29T10:10:44.940+0000][7792][gc,metaspace ] GC(195) Metaspace: 87812K(93696K)->87812K(93696K) NonClass: 76696K(80128K)->76696K(80128K) Class: 11116K(13568K)->11116K(13568K)
[2020-09-29T10:10:44.940+0000][7792][gc           ] GC(195) Pause Young (Concurrent Start) (G1 Humongous Allocation) 392M->253M(1024M) 5.228ms
[2020-09-29T10:10:44.940+0000][7792][gc,cpu       ] GC(195) User=0.11s Sys=0.00s Real=0.01s
[2020-09-29T10:10:44.940+0000][7792][safepoint    ] Safepoint "G1TryInitiateConcMark", Time since last: 70936700 ns, Reaching safepoint: 172300 ns, At safepoint: 5459300 ns, Total: 5631600 ns
[2020-09-29T10:10:44.940+0000][7792][gc           ] GC(196) Concurrent Cycle
[2020-09-29T10:10:44.940+0000][7792][gc,marking   ] GC(196) Concurrent Clear Claimed Marks
[2020-09-29T10:10:44.941+0000][7792][gc,marking   ] GC(196) Concurrent Clear Claimed Marks 0.446ms
[2020-09-29T10:10:44.941+0000][7792][gc,marking   ] GC(196) Concurrent Scan Root Regions
[2020-09-29T10:10:44.943+0000][7792][gc,marking   ] GC(196) Concurrent Scan Root Regions 2.592ms
[2020-09-29T10:10:44.943+0000][7792][gc,marking   ] GC(196) Concurrent Mark (908.046s)
[2020-09-29T10:10:44.943+0000][7792][gc,marking   ] GC(196) Concurrent Mark From Roots
[2020-09-29T10:10:44.943+0000][7792][gc,task      ] GC(196) Using 2 workers of 2 for marking
[2020-09-29T10:10:45.121+0000][7792][gc,marking   ] GC(196) Concurrent Mark From Roots 177.330ms
[2020-09-29T10:10:45.121+0000][7792][gc,marking   ] GC(196) Concurrent Preclean
[2020-09-29T10:10:45.121+0000][7792][gc,marking   ] GC(196) Concurrent Preclean 0.652ms
[2020-09-29T10:10:45.122+0000][7792][gc,marking   ] GC(196) Concurrent Mark (908.046s, 908.224s) 178.171ms
[2020-09-29T10:10:45.122+0000][7792][gc,start     ] GC(196) Pause Remark
[2020-09-29T10:10:45.129+0000][7792][gc           ] GC(196) Pause Remark 373M->373M(1024M) 7.483ms
[2020-09-29T10:10:45.129+0000][7792][gc,cpu       ] GC(196) User=0.09s Sys=0.00s Real=0.01s
[2020-09-29T10:10:45.130+0000][7792][safepoint    ] Safepoint "G1Concurrent", Time since last: 181677400 ns, Reaching safepoint: 166500 ns, At safepoint: 8436500 ns, Total: 8603000 ns
[2020-09-29T10:10:45.130+0000][7792][gc,marking   ] GC(196) Concurrent Rebuild Remembered Sets
[2020-09-29T10:10:45.230+0000][7792][gc,marking   ] GC(196) Concurrent Rebuild Remembered Sets 99.575ms
[2020-09-29T10:10:45.230+0000][7792][gc,start     ] GC(196) Pause Cleanup
[2020-09-29T10:10:45.231+0000][7792][gc           ] GC(196) Pause Cleanup 384M->384M(1024M) 0.370ms
[2020-09-29T10:10:45.231+0000][7792][gc,cpu       ] GC(196) User=0.00s Sys=0.00s Real=0.00s
[2020-09-29T10:10:45.231+0000][7792][safepoint    ] Safepoint "G1Concurrent", Time since last: 99818000 ns, Reaching safepoint: 139000 ns, At safepoint: 553000 ns, Total: 692000 ns
[2020-09-29T10:10:45.231+0000][7792][gc,marking   ] GC(196) Concurrent Cleanup for Next Mark
[2020-09-29T10:10:45.232+0000][7792][gc,marking   ] GC(196) Concurrent Cleanup for Next Mark 1.590ms
[2020-09-29T10:10:45.233+0000][7792][gc           ] GC(196) Concurrent Cycle 292.631ms
[2020-09-29T10:10:45.307+0000][7792][gc,start     ] GC(197) Pause Young (Concurrent Start) (G1 Humongous Allocation)
[2020-09-29T10:10:45.307+0000][7792][gc,task      ] GC(197) Using 8 workers of 8 for evacuation
[2020-09-29T10:10:45.307+0000][7792][gc,age       ] GC(197) Desired survivor size 31981568 bytes, new threshold 15 (max threshold 15)
[2020-09-29T10:10:45.311+0000][7792][gc,age       ] GC(197) Age table with threshold 15 (max threshold 15)
[2020-09-29T10:10:45.311+0000][7792][gc,age       ] GC(197) - age   1:    2615152 bytes,    2615152 total
[2020-09-29T10:10:45.311+0000][7792][gc,age       ] GC(197) - age   2:      12856 bytes,    2628008 total
[2020-09-29T10:10:45.311+0000][7792][gc,age       ] GC(197) - age   3:      12168 bytes,    2640176 total
[2020-09-29T10:10:45.311+0000][7792][gc,age       ] GC(197) - age   4:       1744 bytes,    2641920 total
[2020-09-29T10:10:45.311+0000][7792][gc,age       ] GC(197) - age   5:       1352 bytes,    2643272 total
[2020-09-29T10:10:45.311+0000][7792][gc,age       ] GC(197) - age   6:       1944 bytes,    2645216 total
[2020-09-29T10:10:45.311+0000][7792][gc,age       ] GC(197) - age   7:       1080 bytes,    2646296 total
[2020-09-29T10:10:45.311+0000][7792][gc,age       ] GC(197) - age   8:        704 bytes,    2647000 total
[2020-09-29T10:10:45.312+0000][7792][gc,age       ] GC(197) - age   9:      11072 bytes,    2658072 total
[2020-09-29T10:10:45.312+0000][7792][gc,age       ] GC(197) - age  10:      11008 bytes,    2669080 total
[2020-09-29T10:10:45.312+0000][7792][gc,age       ] GC(197) - age  11:       1144 bytes,    2670224 total
[2020-09-29T10:10:45.312+0000][7792][gc,age       ] GC(197) - age  12:        912 bytes,    2671136 total
[2020-09-29T10:10:45.312+0000][7792][gc,age       ] GC(197) - age  13:        432 bytes,    2671568 total
[2020-09-29T10:10:45.312+0000][7792][gc,age       ] GC(197) - age  14:        712 bytes,    2672280 total
[2020-09-29T10:10:45.312+0000][7792][gc,age       ] GC(197) - age  15:       4824 bytes,    2677104 total
[2020-09-29T10:10:45.312+0000][7792][gc,phases    ] GC(197)   Pre Evacuate Collection Set: 0.4ms
[2020-09-29T10:10:45.312+0000][7792][gc,phases    ] GC(197)   Merge Heap Roots: 0.1ms
[2020-09-29T10:10:45.312+0000][7792][gc,phases    ] GC(197)   Evacuate Collection Set: 2.2ms
[2020-09-29T10:10:45.312+0000][7792][gc,phases    ] GC(197)   Post Evacuate Collection Set: 0.8ms
[2020-09-29T10:10:45.312+0000][7792][gc,phases    ] GC(197)   Other: 1.1ms
[2020-09-29T10:10:45.312+0000][7792][gc,heap      ] GC(197) Eden regions: 43->0(489)
[2020-09-29T10:10:45.312+0000][7792][gc,heap      ] GC(197) Survivor regions: 3->3(61)
[2020-09-29T10:10:45.312+0000][7792][gc,heap      ] GC(197) Old regions: 77->77
[2020-09-29T10:10:45.312+0000][7792][gc,heap      ] GC(197) Archive regions: 0->0
[2020-09-29T10:10:45.312+0000][7792][gc,heap      ] GC(197) Humongous regions: 270->174
[2020-09-29T10:10:45.312+0000][7792][gc,metaspace ] GC(197) Metaspace: 87833K(93696K)->87833K(93696K) NonClass: 76717K(80128K)->76717K(80128K) Class: 11116K(13568K)->11116K(13568K)
[2020-09-29T10:10:45.312+0000][7792][gc           ] GC(197) Pause Young (Concurrent Start) (G1 Humongous Allocation) 391M->253M(1024M) 5.128ms
[2020-09-29T10:10:45.313+0000][7792][gc,cpu       ] GC(197) User=0.03s Sys=0.00s Real=0.01s
[2020-09-29T10:10:45.313+0000][7792][gc           ] GC(198) Concurrent Cycle
[2020-09-29T10:10:45.313+0000][7792][safepoint    ] Safepoint "G1TryInitiateConcMark", Time since last: 76480000 ns, Reaching safepoint: 188800 ns, At safepoint: 5342400 ns, Total: 5531200 ns
[2020-09-29T10:10:45.313+0000][7792][gc,marking   ] GC(198) Concurrent Clear Claimed Marks
[2020-09-29T10:10:45.313+0000][7792][gc,marking   ] GC(198) Concurrent Clear Claimed Marks 0.481ms
[2020-09-29T10:10:45.313+0000][7792][gc,marking   ] GC(198) Concurrent Scan Root Regions
[2020-09-29T10:10:45.316+0000][7792][gc,marking   ] GC(198) Concurrent Scan Root Regions 2.758ms
[2020-09-29T10:10:45.316+0000][7792][gc,marking   ] GC(198) Concurrent Mark (908.419s)
[2020-09-29T10:10:45.316+0000][7792][gc,marking   ] GC(198) Concurrent Mark From Roots
[2020-09-29T10:10:45.316+0000][7792][gc,task      ] GC(198) Using 2 workers of 2 for marking
[2020-09-29T10:10:45.486+0000][7792][gc,marking   ] GC(198) Concurrent Mark From Roots 169.702ms
[2020-09-29T10:10:45.486+0000][7792][gc,marking   ] GC(198) Concurrent Preclean
[2020-09-29T10:10:45.487+0000][7792][gc,marking   ] GC(198) Concurrent Preclean 0.655ms
[2020-09-29T10:10:45.487+0000][7792][gc,marking   ] GC(198) Concurrent Mark (908.419s, 908.589s) 170.564ms
[2020-09-29T10:10:45.487+0000][7792][gc,start     ] GC(198) Pause Remark
[2020-09-29T10:10:45.494+0000][7792][gc           ] GC(198) Pause Remark 383M->383M(1024M) 7.071ms
[2020-09-29T10:10:45.494+0000][7792][gc,cpu       ] GC(198) User=0.00s Sys=0.00s Real=0.01s
[2020-09-29T10:10:45.494+0000][7792][safepoint    ] Safepoint "G1Concurrent", Time since last: 174224000 ns, Reaching safepoint: 205300 ns, At safepoint: 7309900 ns, Total: 7515200 ns
[2020-09-29T10:10:45.494+0000][7792][gc,marking   ] GC(198) Concurrent Rebuild Remembered Sets
[2020-09-29T10:10:45.593+0000][7792][gc,marking   ] GC(198) Concurrent Rebuild Remembered Sets 98.332ms
[2020-09-29T10:10:45.593+0000][7792][gc,start     ] GC(198) Pause Cleanup
[2020-09-29T10:10:45.594+0000][7792][gc           ] GC(198) Pause Cleanup 509M->509M(1024M) 0.413ms
[2020-09-29T10:10:45.594+0000][7792][gc,cpu       ] GC(198) User=0.00s Sys=0.00s Real=0.00s
[2020-09-29T10:10:45.594+0000][7792][safepoint    ] Safepoint "G1Concurrent", Time since last: 98517400 ns, Reaching safepoint: 338000 ns, At safepoint: 626100 ns, Total: 964100 ns
[2020-09-29T10:10:45.594+0000][7792][gc,marking   ] GC(198) Concurrent Cleanup for Next Mark
[2020-09-29T10:10:45.596+0000][7792][gc,marking   ] GC(198) Concurrent Cleanup for Next Mark 1.874ms
[2020-09-29T10:10:45.596+0000][7792][gc           ] GC(198) Concurrent Cycle 283.330ms
[2020-09-29T10:10:45.665+0000][7792][gc,start     ] GC(199) Pause Young (Concurrent Start) (G1 Humongous Allocation)
[2020-09-29T10:10:45.666+0000][7792][gc,task      ] GC(199) Using 8 workers of 8 for evacuation
[2020-09-29T10:10:45.666+0000][7792][gc,age       ] GC(199) Desired survivor size 32505856 bytes, new threshold 15 (max threshold 15)
[2020-09-29T10:10:45.670+0000][7792][gc,age       ] GC(199) Age table with threshold 15 (max threshold 15)
[2020-09-29T10:10:45.670+0000][7792][gc,age       ] GC(199) - age   1:    5327984 bytes,    5327984 total
[2020-09-29T10:10:45.670+0000][7792][gc,age       ] GC(199) - age   2:      12576 bytes,    5340560 total
[2020-09-29T10:10:45.670+0000][7792][gc,age       ] GC(199) - age   3:      11480 bytes,    5352040 total
[2020-09-29T10:10:45.670+0000][7792][gc,age       ] GC(199) - age   4:       6016 bytes,    5358056 total
[2020-09-29T10:10:45.670+0000][7792][gc,age       ] GC(199) - age   5:       1128 bytes,    5359184 total
[2020-09-29T10:10:45.670+0000][7792][gc,age       ] GC(199) - age   6:       1352 bytes,    5360536 total
[2020-09-29T10:10:45.670+0000][7792][gc,age       ] GC(199) - age   7:       1912 bytes,    5362448 total
[2020-09-29T10:10:45.671+0000][7792][gc,age       ] GC(199) - age   8:       1080 bytes,    5363528 total
[2020-09-29T10:10:45.671+0000][7792][gc,age       ] GC(199) - age   9:        640 bytes,    5364168 total
[2020-09-29T10:10:45.671+0000][7792][gc,age       ] GC(199) - age  10:      11072 bytes,    5375240 total
[2020-09-29T10:10:45.671+0000][7792][gc,age       ] GC(199) - age  11:      10848 bytes,    5386088 total
[2020-09-29T10:10:45.671+0000][7792][gc,age       ] GC(199) - age  12:        824 bytes,    5386912 total
[2020-09-29T10:10:45.671+0000][7792][gc,age       ] GC(199) - age  13:        784 bytes,    5387696 total
[2020-09-29T10:10:45.671+0000][7792][gc,age       ] GC(199) - age  14:        432 bytes,    5388128 total
[2020-09-29T10:10:45.671+0000][7792][gc,age       ] GC(199) - age  15:        712 bytes,    5388840 total
[2020-09-29T10:10:45.671+0000][7792][gc,phases    ] GC(199)   Pre Evacuate Collection Set: 0.5ms
[2020-09-29T10:10:45.671+0000][7792][gc,phases    ] GC(199)   Merge Heap Roots: 0.1ms
[2020-09-29T10:10:45.671+0000][7792][gc,phases    ] GC(199)   Evacuate Collection Set: 2.7ms
[2020-09-29T10:10:45.671+0000][7792][gc,phases    ] GC(199)   Post Evacuate Collection Set: 1.0ms
[2020-09-29T10:10:45.671+0000][7792][gc,phases    ] GC(199)   Other: 1.3ms
[2020-09-29T10:10:45.671+0000][7792][gc,heap      ] GC(199) Eden regions: 84->0(488)
[2020-09-29T10:10:45.671+0000][7792][gc,heap      ] GC(199) Survivor regions: 3->6(62)
[2020-09-29T10:10:45.671+0000][7792][gc,heap      ] GC(199) Old regions: 77->77
[2020-09-29T10:10:45.672+0000][7792][gc,heap      ] GC(199) Archive regions: 0->0
[2020-09-29T10:10:45.672+0000][7792][gc,heap      ] GC(199) Humongous regions: 366->174
[2020-09-29T10:10:45.672+0000][7792][gc,metaspace ] GC(199) Metaspace: 87859K(93696K)->87859K(93696K) NonClass: 76743K(80128K)->76743K(80128K) Class: 11116K(13568K)->11116K(13568K)
[2020-09-29T10:10:45.672+0000][7792][gc           ] GC(199) Pause Young (Concurrent Start) (G1 Humongous Allocation) 528M->255M(1024M) 6.226ms
[2020-09-29T10:10:45.672+0000][7792][gc,cpu       ] GC(199) User=0.02s Sys=0.02s Real=0.01s
[2020-09-29T10:10:45.672+0000][7792][gc           ] GC(200) Concurrent Cycle
[2020-09-29T10:10:45.672+0000][7792][safepoint    ] Safepoint "G1TryInitiateConcMark", Time since last: 71375100 ns, Reaching safepoint: 169300 ns, At safepoint: 6447700 ns, Total: 6617000 ns
[2020-09-29T10:10:45.672+0000][7792][gc,marking   ] GC(200) Concurrent Clear Claimed Marks
[2020-09-29T10:10:45.673+0000][7792][gc,marking   ] GC(200) Concurrent Clear Claimed Marks 0.696ms
[2020-09-29T10:10:45.673+0000][7792][gc,marking   ] GC(200) Concurrent Scan Root Regions
[2020-09-29T10:10:45.675+0000][7792][gc,marking   ] GC(200) Concurrent Scan Root Regions 2.192ms
[2020-09-29T10:10:45.675+0000][7792][gc,marking   ] GC(200) Concurrent Mark (908.777s)
[2020-09-29T10:10:45.675+0000][7792][gc,marking   ] GC(200) Concurrent Mark From Roots
[2020-09-29T10:10:45.675+0000][7792][gc,task      ] GC(200) Using 2 workers of 2 for marking
[2020-09-29T10:10:45.850+0000][7792][gc,marking   ] GC(200) Concurrent Mark From Roots 174.841ms
[2020-09-29T10:10:45.850+0000][7792][gc,marking   ] GC(200) Concurrent Preclean
[2020-09-29T10:10:45.851+0000][7792][gc,marking   ] GC(200) Concurrent Preclean 0.814ms
[2020-09-29T10:10:45.851+0000][7792][gc,marking   ] GC(200) Concurrent Mark (908.777s, 908.953s) 175.914ms
[2020-09-29T10:10:45.851+0000][7792][gc,start     ] GC(200) Pause Remark
[2020-09-29T10:10:45.859+0000][7792][gc           ] GC(200) Pause Remark 382M->382M(1024M) 7.912ms
[2020-09-29T10:10:45.859+0000][7792][gc,cpu       ] GC(200) User=0.09s Sys=0.00s Real=0.01s
[2020-09-29T10:10:45.859+0000][7792][safepoint    ] Safepoint "G1Concurrent", Time since last: 179147300 ns, Reaching safepoint: 172800 ns, At safepoint: 8179500 ns, Total: 8352300 ns
[2020-09-29T10:10:45.859+0000][7792][gc,marking   ] GC(200) Concurrent Rebuild Remembered Sets
[2020-09-29T10:10:45.960+0000][7792][gc,marking   ] GC(200) Concurrent Rebuild Remembered Sets 100.691ms
[2020-09-29T10:10:45.960+0000][7792][gc,start     ] GC(200) Pause Cleanup
[2020-09-29T10:10:45.961+0000][7792][gc           ] GC(200) Pause Cleanup 514M->514M(1024M) 0.432ms
[2020-09-29T10:10:45.961+0000][7792][gc,cpu       ] GC(200) User=0.00s Sys=0.00s Real=0.00s
[2020-09-29T10:10:45.961+0000][7792][safepoint    ] Safepoint "G1Concurrent", Time since last: 100890800 ns, Reaching safepoint: 177700 ns, At safepoint: 649100 ns, Total: 826800 ns
[2020-09-29T10:10:45.961+0000][7792][gc,marking   ] GC(200) Concurrent Cleanup for Next Mark
[2020-09-29T10:10:45.963+0000][7792][gc,marking   ] GC(200) Concurrent Cleanup for Next Mark 1.990ms
[2020-09-29T10:10:45.963+0000][7792][gc           ] GC(200) Concurrent Cycle 291.499ms
[2020-09-29T10:10:46.004+0000][7792][gc,start     ] GC(201) Pause Young (Concurrent Start) (G1 Humongous Allocation)
[2020-09-29T10:10:46.004+0000][7792][gc,task      ] GC(201) Using 8 workers of 8 for evacuation
[2020-09-29T10:10:46.004+0000][7792][gc,age       ] GC(201) Desired survivor size 32505856 bytes, new threshold 15 (max threshold 15)
[2020-09-29T10:10:46.008+0000][7792][gc,age       ] GC(201) Age table with threshold 15 (max threshold 15)
[2020-09-29T10:10:46.008+0000][7792][gc,age       ] GC(201) - age   1:    2813088 bytes,    2813088 total
[2020-09-29T10:10:46.008+0000][7792][gc,age       ] GC(201) - age   2:      16272 bytes,    2829360 total
[2020-09-29T10:10:46.008+0000][7792][gc,age       ] GC(201) - age   3:      12424 bytes,    2841784 total
[2020-09-29T10:10:46.008+0000][7792][gc,age       ] GC(201) - age   4:      11248 bytes,    2853032 total
[2020-09-29T10:10:46.008+0000][7792][gc,age       ] GC(201) - age   5:       5920 bytes,    2858952 total
[2020-09-29T10:10:46.008+0000][7792][gc,age       ] GC(201) - age   6:       1064 bytes,    2860016 total
[2020-09-29T10:10:46.008+0000][7792][gc,age       ] GC(201) - age   7:       1352 bytes,    2861368 total
[2020-09-29T10:10:46.008+0000][7792][gc,age       ] GC(201) - age   8:       1912 bytes,    2863280 total
[2020-09-29T10:10:46.008+0000][7792][gc,age       ] GC(201) - age   9:       1080 bytes,    2864360 total
[2020-09-29T10:10:46.008+0000][7792][gc,age       ] GC(201) - age  10:        640 bytes,    2865000 total
[2020-09-29T10:10:46.009+0000][7792][gc,age       ] GC(201) - age  11:      11072 bytes,    2876072 total
[2020-09-29T10:10:46.009+0000][7792][gc,age       ] GC(201) - age  12:      10848 bytes,    2886920 total
[2020-09-29T10:10:46.009+0000][7792][gc,age       ] GC(201) - age  13:        824 bytes,    2887744 total
[2020-09-29T10:10:46.009+0000][7792][gc,age       ] GC(201) - age  14:        720 bytes,    2888464 total
[2020-09-29T10:10:46.009+0000][7792][gc,age       ] GC(201) - age  15:        432 bytes,    2888896 total
[2020-09-29T10:10:46.009+0000][7792][gc,phases    ] GC(201)   Pre Evacuate Collection Set: 0.5ms
[2020-09-29T10:10:46.009+0000][7792][gc,phases    ] GC(201)   Merge Heap Roots: 0.1ms
[2020-09-29T10:10:46.009+0000][7792][gc,phases    ] GC(201)   Evacuate Collection Set: 2.2ms
[2020-09-29T10:10:46.009+0000][7792][gc,phases    ] GC(201)   Post Evacuate Collection Set: 1.0ms
[2020-09-29T10:10:46.009+0000][7792][gc,phases    ] GC(201)   Other: 1.1ms
[2020-09-29T10:10:46.009+0000][7792][gc,heap      ] GC(201) Eden regions: 74->0(494)
[2020-09-29T10:10:46.009+0000][7792][gc,heap      ] GC(201) Survivor regions: 6->3(62)
[2020-09-29T10:10:46.009+0000][7792][gc,heap      ] GC(201) Old regions: 77->77
[2020-09-29T10:10:46.009+0000][7792][gc,heap      ] GC(201) Archive regions: 0->0
[2020-09-29T10:10:46.009+0000][7792][gc,heap      ] GC(201) Humongous regions: 366->174
[2020-09-29T10:10:46.009+0000][7792][gc,metaspace ] GC(201) Metaspace: 87893K(93696K)->87893K(93696K) NonClass: 76776K(80128K)->76776K(80128K) Class: 11116K(13568K)->11116K(13568K)
[2020-09-29T10:10:46.009+0000][7792][gc           ] GC(201) Pause Young (Concurrent Start) (G1 Humongous Allocation) 521M->253M(1024M) 5.256ms
[2020-09-29T10:10:46.009+0000][7792][gc,cpu       ] GC(201) User=0.00s Sys=0.00s Real=0.01s
[2020-09-29T10:10:46.009+0000][7792][gc           ] GC(202) Concurrent Cycle
[2020-09-29T10:10:46.009+0000][7792][gc,marking   ] GC(202) Concurrent Clear Claimed Marks
[2020-09-29T10:10:46.010+0000][7792][gc,marking   ] GC(202) Concurrent Clear Claimed Marks 0.300ms
[2020-09-29T10:10:46.010+0000][7792][gc,marking   ] GC(202) Concurrent Scan Root Regions
[2020-09-29T10:10:46.011+0000][7792][gc,marking   ] GC(202) Concurrent Scan Root Regions 1.477ms
[2020-09-29T10:10:46.011+0000][7792][gc,marking   ] GC(202) Concurrent Mark (909.114s)
[2020-09-29T10:10:46.011+0000][7792][gc,marking   ] GC(202) Concurrent Mark From Roots
[2020-09-29T10:10:46.011+0000][7792][gc,task      ] GC(202) Using 2 workers of 2 for marking
[2020-09-29T10:10:46.020+0000][7792][safepoint    ] Safepoint "G1TryInitiateConcMark", Time since last: 42661400 ns, Reaching safepoint: 156700 ns, At safepoint: 15881000 ns, Total: 16037700 ns
[2020-09-29T10:10:46.200+0000][7792][gc,marking   ] GC(202) Concurrent Mark From Roots 188.275ms
[2020-09-29T10:10:46.200+0000][7792][gc,marking   ] GC(202) Concurrent Preclean
[2020-09-29T10:10:46.200+0000][7792][gc,marking   ] GC(202) Concurrent Preclean 0.737ms
[2020-09-29T10:10:46.201+0000][7792][gc,marking   ] GC(202) Concurrent Mark (909.114s, 909.303s) 189.225ms
[2020-09-29T10:10:46.201+0000][7792][gc,start     ] GC(202) Pause Remark
[2020-09-29T10:10:46.209+0000][7792][gc           ] GC(202) Pause Remark 524M->524M(1024M) 8.274ms
[2020-09-29T10:10:46.209+0000][7792][gc,cpu       ] GC(202) User=0.09s Sys=0.00s Real=0.01s
[2020-09-29T10:10:46.209+0000][7792][safepoint    ] Safepoint "G1Concurrent", Time since last: 180933200 ns, Reaching safepoint: 229400 ns, At safepoint: 8528300 ns, Total: 8757700 ns
[2020-09-29T10:10:46.209+0000][7792][gc,marking   ] GC(202) Concurrent Rebuild Remembered Sets
[2020-09-29T10:10:46.312+0000][7792][gc,marking   ] GC(202) Concurrent Rebuild Remembered Sets 102.370ms
[2020-09-29T10:10:46.312+0000][7792][gc,start     ] GC(202) Pause Cleanup
[2020-09-29T10:10:46.313+0000][7792][gc           ] GC(202) Pause Cleanup 612M->612M(1024M) 0.398ms
[2020-09-29T10:10:46.313+0000][7792][gc,cpu       ] GC(202) User=0.00s Sys=0.00s Real=0.00s
[2020-09-29T10:10:46.313+0000][7792][safepoint    ] Safepoint "G1Concurrent", Time since last: 102575100 ns, Reaching safepoint: 232400 ns, At safepoint: 619400 ns, Total: 851800 ns
[2020-09-29T10:10:46.313+0000][7792][gc,marking   ] GC(202) Concurrent Cleanup for Next Mark
[2020-09-29T10:10:46.315+0000][7792][gc,marking   ] GC(202) Concurrent Cleanup for Next Mark 2.021ms
[2020-09-29T10:10:46.315+0000][7792][gc           ] GC(202) Concurrent Cycle 305.935ms
[2020-09-29T10:10:46.316+0000][7792][gc,start     ] GC(203) Pause Young (Concurrent Start) (G1 Humongous Allocation)
[2020-09-29T10:10:46.316+0000][7792][gc,task      ] GC(203) Using 8 workers of 8 for evacuation
[2020-09-29T10:10:46.316+0000][7792][gc,age       ] GC(203) Desired survivor size 33030144 bytes, new threshold 15 (max threshold 15)
[2020-09-29T10:10:46.320+0000][7792][gc,age       ] GC(203) Age table with threshold 15 (max threshold 15)
[2020-09-29T10:10:46.321+0000][7792][gc,age       ] GC(203) - age   1:    3517152 bytes,    3517152 total
[2020-09-29T10:10:46.321+0000][7792][gc,age       ] GC(203) - age   2:       4240 bytes,    3521392 total
[2020-09-29T10:10:46.321+0000][7792][gc,age       ] GC(203) - age   3:      13160 bytes,    3534552 total
[2020-09-29T10:10:46.321+0000][7792][gc,age       ] GC(203) - age   4:      11216 bytes,    3545768 total
[2020-09-29T10:10:46.321+0000][7792][gc,age       ] GC(203) - age   5:      11184 bytes,    3556952 total
[2020-09-29T10:10:46.321+0000][7792][gc,age       ] GC(203) - age   6:       1608 bytes,    3558560 total
[2020-09-29T10:10:46.321+0000][7792][gc,age       ] GC(203) - age   7:        696 bytes,    3559256 total
[2020-09-29T10:10:46.321+0000][7792][gc,age       ] GC(203) - age   8:       1352 bytes,    3560608 total
[2020-09-29T10:10:46.321+0000][7792][gc,age       ] GC(203) - age   9:       1912 bytes,    3562520 total
[2020-09-29T10:10:46.321+0000][7792][gc,age       ] GC(203) - age  10:       1080 bytes,    3563600 total
[2020-09-29T10:10:46.321+0000][7792][gc,age       ] GC(203) - age  11:        640 bytes,    3564240 total
[2020-09-29T10:10:46.321+0000][7792][gc,age       ] GC(203) - age  12:      11072 bytes,    3575312 total
[2020-09-29T10:10:46.321+0000][7792][gc,age       ] GC(203) - age  13:      10784 bytes,    3586096 total
[2020-09-29T10:10:46.321+0000][7792][gc,age       ] GC(203) - age  14:        824 bytes,    3586920 total
[2020-09-29T10:10:46.321+0000][7792][gc,age       ] GC(203) - age  15:        624 bytes,    3587544 total
[2020-09-29T10:10:46.321+0000][7792][gc,phases    ] GC(203)   Pre Evacuate Collection Set: 0.5ms
[2020-09-29T10:10:46.322+0000][7792][gc,phases    ] GC(203)   Merge Heap Roots: 0.1ms
[2020-09-29T10:10:46.322+0000][7792][gc,phases    ] GC(203)   Evacuate Collection Set: 2.7ms
[2020-09-29T10:10:46.322+0000][7792][gc,phases    ] GC(203)   Post Evacuate Collection Set: 1.1ms
[2020-09-29T10:10:46.322+0000][7792][gc,phases    ] GC(203)   Other: 1.4ms
[2020-09-29T10:10:46.322+0000][7792][gc,heap      ] GC(203) Eden regions: 95->0(495)
[2020-09-29T10:10:46.322+0000][7792][gc,heap      ] GC(203) Survivor regions: 3->4(63)
[2020-09-29T10:10:46.322+0000][7792][gc,heap      ] GC(203) Old regions: 77->77
[2020-09-29T10:10:46.322+0000][7792][gc,heap      ] GC(203) Archive regions: 0->0
[2020-09-29T10:10:46.322+0000][7792][gc,heap      ] GC(203) Humongous regions: 445->174
[2020-09-29T10:10:46.322+0000][7792][gc,metaspace ] GC(203) Metaspace: 87955K(93952K)->87955K(93952K) NonClass: 76839K(80384K)->76839K(80384K) Class: 11116K(13568K)->11116K(13568K)
[2020-09-29T10:10:46.322+0000][7792][gc           ] GC(203) Pause Young (Concurrent Start) (G1 Humongous Allocation) 618M->253M(1024M) 6.241ms
[2020-09-29T10:10:46.322+0000][7792][gc,cpu       ] GC(203) User=0.00s Sys=0.00s Real=0.01s
[2020-09-29T10:10:46.322+0000][7792][gc           ] GC(204) Concurrent Cycle
[2020-09-29T10:10:46.322+0000][7792][safepoint    ] Safepoint "G1TryInitiateConcMark", Time since last: 2522100 ns, Reaching safepoint: 263400 ns, At safepoint: 6466000 ns, Total: 6729400 ns
[2020-09-29T10:10:46.322+0000][7792][gc,marking   ] GC(204) Concurrent Clear Claimed Marks
[2020-09-29T10:10:46.323+0000][7792][gc,marking   ] GC(204) Concurrent Clear Claimed Marks 0.959ms
[2020-09-29T10:10:46.323+0000][7792][gc,marking   ] GC(204) Concurrent Scan Root Regions
[2020-09-29T10:10:46.326+0000][7792][gc,marking   ] GC(204) Concurrent Scan Root Regions 2.945ms
[2020-09-29T10:10:46.326+0000][7792][gc,marking   ] GC(204) Concurrent Mark (909.429s)
[2020-09-29T10:10:46.326+0000][7792][gc,marking   ] GC(204) Concurrent Mark From Roots
[2020-09-29T10:10:46.326+0000][7792][gc,task      ] GC(204) Using 2 workers of 2 for marking
[2020-09-29T10:10:46.496+0000][7792][gc,marking   ] GC(204) Concurrent Mark From Roots 170.037ms
[2020-09-29T10:10:46.497+0000][7792][gc,marking   ] GC(204) Concurrent Preclean
[2020-09-29T10:10:46.497+0000][7792][gc,marking   ] GC(204) Concurrent Preclean 0.719ms
[2020-09-29T10:10:46.497+0000][7792][gc,marking   ] GC(204) Concurrent Mark (909.429s, 909.600s) 171.034ms
[2020-09-29T10:10:46.498+0000][7792][gc,start     ] GC(204) Pause Remark
[2020-09-29T10:10:46.505+0000][7792][gc           ] GC(204) Pause Remark 377M->377M(1024M) 7.106ms
[2020-09-29T10:10:46.505+0000][7792][gc,cpu       ] GC(204) User=0.03s Sys=0.00s Real=0.01s
[2020-09-29T10:10:46.505+0000][7792][safepoint    ] Safepoint "G1Concurrent", Time since last: 175310000 ns, Reaching safepoint: 198300 ns, At safepoint: 7386400 ns, Total: 7584700 ns
[2020-09-29T10:10:46.505+0000][7792][gc,marking   ] GC(204) Concurrent Rebuild Remembered Sets
[2020-09-29T10:10:46.603+0000][7792][gc,marking   ] GC(204) Concurrent Rebuild Remembered Sets 98.357ms
[2020-09-29T10:10:46.604+0000][7792][gc,start     ] GC(204) Pause Cleanup
[2020-09-29T10:10:46.604+0000][7792][gc           ] GC(204) Pause Cleanup 449M->449M(1024M) 0.426ms
[2020-09-29T10:10:46.604+0000][7792][gc,cpu       ] GC(204) User=0.00s Sys=0.00s Real=0.00s
[2020-09-29T10:10:46.605+0000][7792][safepoint    ] Safepoint "G1Concurrent", Time since last: 98597900 ns, Reaching safepoint: 147600 ns, At safepoint: 809100 ns, Total: 956700 ns
[2020-09-29T10:10:46.605+0000][7792][gc,marking   ] GC(204) Concurrent Cleanup for Next Mark
[2020-09-29T10:10:46.607+0000][7792][gc,marking   ] GC(204) Concurrent Cleanup for Next Mark 1.900ms
[2020-09-29T10:10:46.607+0000][7792][gc           ] GC(204) Concurrent Cycle 284.636ms
[2020-09-29T10:10:46.616+0000][7792][gc,start     ] GC(205) Pause Young (Concurrent Start) (G1 Humongous Allocation)
[2020-09-29T10:10:46.616+0000][7792][gc,task      ] GC(205) Using 8 workers of 8 for evacuation
[2020-09-29T10:10:46.616+0000][7792][gc,age       ] GC(205) Desired survivor size 33030144 bytes, new threshold 15 (max threshold 15)
[2020-09-29T10:10:46.621+0000][7792][gc,age       ] GC(205) Age table with threshold 15 (max threshold 15)
[2020-09-29T10:10:46.621+0000][7792][gc,age       ] GC(205) - age   1:    3557784 bytes,    3557784 total
[2020-09-29T10:10:46.621+0000][7792][gc,age       ] GC(205) - age   2:     404968 bytes,    3962752 total
[2020-09-29T10:10:46.621+0000][7792][gc,age       ] GC(205) - age   3:       2568 bytes,    3965320 total
[2020-09-29T10:10:46.621+0000][7792][gc,age       ] GC(205) - age   4:      12560 bytes,    3977880 total
[2020-09-29T10:10:46.621+0000][7792][gc,age       ] GC(205) - age   5:      11056 bytes,    3988936 total
[2020-09-29T10:10:46.621+0000][7792][gc,age       ] GC(205) - age   6:      10960 bytes,    3999896 total
[2020-09-29T10:10:46.621+0000][7792][gc,age       ] GC(205) - age   7:       1608 bytes,    4001504 total
[2020-09-29T10:10:46.621+0000][7792][gc,age       ] GC(205) - age   8:        696 bytes,    4002200 total
[2020-09-29T10:10:46.621+0000][7792][gc,age       ] GC(205) - age   9:       1352 bytes,    4003552 total
[2020-09-29T10:10:46.621+0000][7792][gc,age       ] GC(205) - age  10:       1912 bytes,    4005464 total
[2020-09-29T10:10:46.621+0000][7792][gc,age       ] GC(205) - age  11:       1080 bytes,    4006544 total
[2020-09-29T10:10:46.621+0000][7792][gc,age       ] GC(205) - age  12:        608 bytes,    4007152 total
[2020-09-29T10:10:46.621+0000][7792][gc,age       ] GC(205) - age  13:      11008 bytes,    4018160 total
[2020-09-29T10:10:46.621+0000][7792][gc,age       ] GC(205) - age  14:      10752 bytes,    4028912 total
[2020-09-29T10:10:46.621+0000][7792][gc,age       ] GC(205) - age  15:        824 bytes,    4029736 total
[2020-09-29T10:10:46.622+0000][7792][gc,phases    ] GC(205)   Pre Evacuate Collection Set: 0.5ms
[2020-09-29T10:10:46.622+0000][7792][gc,phases    ] GC(205)   Merge Heap Roots: 0.1ms
[2020-09-29T10:10:46.622+0000][7792][gc,phases    ] GC(205)   Evacuate Collection Set: 2.9ms
[2020-09-29T10:10:46.622+0000][7792][gc,phases    ] GC(205)   Post Evacuate Collection Set: 0.9ms
[2020-09-29T10:10:46.622+0000][7792][gc,phases    ] GC(205)   Other: 1.5ms
[2020-09-29T10:10:46.622+0000][7792][gc,heap      ] GC(205) Eden regions: 60->0(497)
[2020-09-29T10:10:46.622+0000][7792][gc,heap      ] GC(205) Survivor regions: 4->4(63)
[2020-09-29T10:10:46.622+0000][7792][gc,heap      ] GC(205) Old regions: 77->77
[2020-09-29T10:10:46.622+0000][7792][gc,heap      ] GC(205) Archive regions: 0->0
[2020-09-29T10:10:46.622+0000][7792][gc,heap      ] GC(205) Humongous regions: 315->174
[2020-09-29T10:10:46.622+0000][7792][gc,metaspace ] GC(205) Metaspace: 87957K(93952K)->87957K(93952K) NonClass: 76840K(80384K)->76840K(80384K) Class: 11116K(13568K)->11116K(13568K)
[2020-09-29T10:10:46.622+0000][7792][gc           ] GC(205) Pause Young (Concurrent Start) (G1 Humongous Allocation) 454M->254M(1024M) 6.360ms
[2020-09-29T10:10:46.622+0000][7792][gc,cpu       ] GC(205) User=0.00s Sys=0.00s Real=0.01s
[2020-09-29T10:10:46.622+0000][7792][gc           ] GC(206) Concurrent Cycle
[2020-09-29T10:10:46.622+0000][7792][safepoint    ] Safepoint "G1TryInitiateConcMark", Time since last: 10913100 ns, Reaching safepoint: 209100 ns, At safepoint: 6572600 ns, Total: 6781700 ns
[2020-09-29T10:10:46.622+0000][7792][gc,marking   ] GC(206) Concurrent Clear Claimed Marks
[2020-09-29T10:10:46.623+0000][7792][gc,marking   ] GC(206) Concurrent Clear Claimed Marks 0.563ms
[2020-09-29T10:10:46.623+0000][7792][gc,marking   ] GC(206) Concurrent Scan Root Regions
[2020-09-29T10:10:46.626+0000][7792][gc,marking   ] GC(206) Concurrent Scan Root Regions 2.754ms
[2020-09-29T10:10:46.626+0000][7792][gc,marking   ] GC(206) Concurrent Mark (909.728s)
[2020-09-29T10:10:46.626+0000][7792][gc,marking   ] GC(206) Concurrent Mark From Roots
[2020-09-29T10:10:46.626+0000][7792][gc,task      ] GC(206) Using 2 workers of 2 for marking
[2020-09-29T10:10:46.796+0000][7792][gc,marking   ] GC(206) Concurrent Mark From Roots 169.617ms
[2020-09-29T10:10:46.796+0000][7792][gc,marking   ] GC(206) Concurrent Preclean
[2020-09-29T10:10:46.797+0000][7792][gc,marking   ] GC(206) Concurrent Preclean 0.634ms
[2020-09-29T10:10:46.797+0000][7792][gc,marking   ] GC(206) Concurrent Mark (909.728s, 909.899s) 170.493ms
[2020-09-29T10:10:46.797+0000][7792][gc,start     ] GC(206) Pause Remark
[2020-09-29T10:10:46.804+0000][7792][gc           ] GC(206) Pause Remark 391M->391M(1024M) 6.841ms
[2020-09-29T10:10:46.804+0000][7792][gc,cpu       ] GC(206) User=0.00s Sys=0.00s Real=0.01s
[2020-09-29T10:10:46.804+0000][7792][safepoint    ] Safepoint "G1Concurrent", Time since last: 174183200 ns, Reaching safepoint: 245500 ns, At safepoint: 7116200 ns, Total: 7361700 ns
[2020-09-29T10:10:46.804+0000][7792][gc,marking   ] GC(206) Concurrent Rebuild Remembered Sets
[2020-09-29T10:10:46.900+0000][7792][gc,marking   ] GC(206) Concurrent Rebuild Remembered Sets 95.274ms
[2020-09-29T10:10:46.900+0000][7792][gc,start     ] GC(206) Pause Cleanup
[2020-09-29T10:10:46.900+0000][7792][gc           ] GC(206) Pause Cleanup 395M->395M(1024M) 0.375ms
[2020-09-29T10:10:46.900+0000][7792][gc,cpu       ] GC(206) User=0.00s Sys=0.00s Real=0.00s
[2020-09-29T10:10:46.900+0000][7792][safepoint    ] Safepoint "G1Concurrent", Time since last: 95472400 ns, Reaching safepoint: 151800 ns, At safepoint: 572300 ns, Total: 724100 ns
[2020-09-29T10:10:46.901+0000][7792][gc,marking   ] GC(206) Concurrent Cleanup for Next Mark
[2020-09-29T10:10:46.902+0000][7792][gc,marking   ] GC(206) Concurrent Cleanup for Next Mark 1.849ms
[2020-09-29T10:10:46.903+0000][7792][gc           ] GC(206) Concurrent Cycle 279.813ms
[2020-09-29T10:10:46.976+0000][7792][gc,start     ] GC(207) Pause Young (Concurrent Start) (G1 Humongous Allocation)
[2020-09-29T10:10:46.977+0000][7792][gc,task      ] GC(207) Using 8 workers of 8 for evacuation
[2020-09-29T10:10:46.977+0000][7792][gc,age       ] GC(207) Desired survivor size 33030144 bytes, new threshold 15 (max threshold 15)
[2020-09-29T10:10:46.982+0000][7792][gc,age       ] GC(207) Age table with threshold 15 (max threshold 15)
[2020-09-29T10:10:46.982+0000][7792][gc,age       ] GC(207) - age   1:   11035648 bytes,   11035648 total
[2020-09-29T10:10:46.982+0000][7792][gc,age       ] GC(207) - age   2:       2952 bytes,   11038600 total
[2020-09-29T10:10:46.982+0000][7792][gc,age       ] GC(207) - age   3:       3856 bytes,   11042456 total
[2020-09-29T10:10:46.982+0000][7792][gc,age       ] GC(207) - age   4:       1568 bytes,   11044024 total
[2020-09-29T10:10:46.982+0000][7792][gc,age       ] GC(207) - age   5:      12368 bytes,   11056392 total
[2020-09-29T10:10:46.982+0000][7792][gc,age       ] GC(207) - age   6:      10832 bytes,   11067224 total
[2020-09-29T10:10:46.982+0000][7792][gc,age       ] GC(207) - age   7:      10864 bytes,   11078088 total
[2020-09-29T10:10:46.982+0000][7792][gc,age       ] GC(207) - age   8:       1272 bytes,   11079360 total
[2020-09-29T10:10:46.982+0000][7792][gc,age       ] GC(207) - age   9:        696 bytes,   11080056 total
[2020-09-29T10:10:46.982+0000][7792][gc,age       ] GC(207) - age  10:       1352 bytes,   11081408 total
[2020-09-29T10:10:46.982+0000][7792][gc,age       ] GC(207) - age  11:       1912 bytes,   11083320 total
[2020-09-29T10:10:46.982+0000][7792][gc,age       ] GC(207) - age  12:       1080 bytes,   11084400 total
[2020-09-29T10:10:46.982+0000][7792][gc,age       ] GC(207) - age  13:        608 bytes,   11085008 total
[2020-09-29T10:10:46.982+0000][7792][gc,age       ] GC(207) - age  14:      11008 bytes,   11096016 total
[2020-09-29T10:10:46.982+0000][7792][gc,age       ] GC(207) - age  15:      10616 bytes,   11106632 total
[2020-09-29T10:10:46.982+0000][7792][gc,phases    ] GC(207)   Pre Evacuate Collection Set: 0.5ms
[2020-09-29T10:10:46.982+0000][7792][gc,phases    ] GC(207)   Merge Heap Roots: 0.1ms
[2020-09-29T10:10:46.982+0000][7792][gc,phases    ] GC(207)   Evacuate Collection Set: 3.1ms
[2020-09-29T10:10:46.982+0000][7792][gc,phases    ] GC(207)   Post Evacuate Collection Set: 0.9ms
[2020-09-29T10:10:46.982+0000][7792][gc,phases    ] GC(207)   Other: 1.2ms
[2020-09-29T10:10:46.982+0000][7792][gc,heap      ] GC(207) Eden regions: 57->0(485)
[2020-09-29T10:10:46.983+0000][7792][gc,heap      ] GC(207) Survivor regions: 4->11(63)
[2020-09-29T10:10:46.983+0000][7792][gc,heap      ] GC(207) Old regions: 77->77
[2020-09-29T10:10:46.983+0000][7792][gc,heap      ] GC(207) Archive regions: 0->0
[2020-09-29T10:10:46.983+0000][7792][gc,heap      ] GC(207) Humongous regions: 274->174
[2020-09-29T10:10:46.983+0000][7792][gc,metaspace ] GC(207) Metaspace: 87966K(93952K)->87966K(93952K) NonClass: 76849K(80384K)->76849K(80384K) Class: 11116K(13568K)->11116K(13568K)
[2020-09-29T10:10:46.983+0000][7792][gc           ] GC(207) Pause Young (Concurrent Start) (G1 Humongous Allocation) 411M->261M(1024M) 6.305ms
[2020-09-29T10:10:46.983+0000][7792][gc,cpu       ] GC(207) User=0.00s Sys=0.00s Real=0.01s
[2020-09-29T10:10:46.983+0000][7792][gc           ] GC(208) Concurrent Cycle
[2020-09-29T10:10:46.983+0000][7792][gc,marking   ] GC(208) Concurrent Clear Claimed Marks
[2020-09-29T10:10:46.983+0000][7792][safepoint    ] Safepoint "G1TryInitiateConcMark", Time since last: 75304500 ns, Reaching safepoint: 534700 ns, At safepoint: 6796600 ns, Total: 7331300 ns
[2020-09-29T10:10:46.983+0000][7792][gc,marking   ] GC(208) Concurrent Clear Claimed Marks 0.353ms
[2020-09-29T10:10:46.983+0000][7792][gc,marking   ] GC(208) Concurrent Scan Root Regions
[2020-09-29T10:10:46.985+0000][7792][gc,marking   ] GC(208) Concurrent Scan Root Regions 1.911ms
[2020-09-29T10:10:46.985+0000][7792][gc,marking   ] GC(208) Concurrent Mark (910.087s)
[2020-09-29T10:10:46.985+0000][7792][gc,marking   ] GC(208) Concurrent Mark From Roots
[2020-09-29T10:10:46.985+0000][7792][gc,task      ] GC(208) Using 2 workers of 2 for marking
[2020-09-29T10:10:47.154+0000][7792][gc,marking   ] GC(208) Concurrent Mark From Roots 168.924ms
[2020-09-29T10:10:47.154+0000][7792][gc,marking   ] GC(208) Concurrent Preclean
[2020-09-29T10:10:47.155+0000][7792][gc,marking   ] GC(208) Concurrent Preclean 0.754ms
[2020-09-29T10:10:47.155+0000][7792][gc,marking   ] GC(208) Concurrent Mark (910.087s, 910.257s) 169.899ms
[2020-09-29T10:10:47.159+0000][7792][gc,start     ] GC(208) Pause Remark
[2020-09-29T10:10:47.166+0000][7792][gc           ] GC(208) Pause Remark 576M->576M(1024M) 7.015ms
[2020-09-29T10:10:47.166+0000][7792][gc,cpu       ] GC(208) User=0.00s Sys=0.00s Real=0.01s
[2020-09-29T10:10:47.166+0000][7792][safepoint    ] Safepoint "G1Concurrent", Time since last: 172237500 ns, Reaching safepoint: 3350300 ns, At safepoint: 7577200 ns, Total: 10927500 ns
[2020-09-29T10:10:47.166+0000][7792][gc,marking   ] GC(208) Concurrent Rebuild Remembered Sets
[2020-09-29T10:10:47.262+0000][7792][gc,marking   ] GC(208) Concurrent Rebuild Remembered Sets 95.989ms
[2020-09-29T10:10:47.266+0000][7792][gc,start     ] GC(208) Pause Cleanup
[2020-09-29T10:10:47.266+0000][7792][gc           ] GC(208) Pause Cleanup 596M->596M(1024M) 0.540ms
[2020-09-29T10:10:47.266+0000][7792][gc,cpu       ] GC(208) User=0.00s Sys=0.00s Real=0.00s
[2020-09-29T10:10:47.267+0000][7792][safepoint    ] Safepoint "G1Concurrent", Time since last: 96202300 ns, Reaching safepoint: 3189800 ns, At safepoint: 990300 ns, Total: 4180100 ns
[2020-09-29T10:10:47.267+0000][7792][gc,marking   ] GC(208) Concurrent Cleanup for Next Mark
[2020-09-29T10:10:47.268+0000][7792][gc,marking   ] GC(208) Concurrent Cleanup for Next Mark 1.698ms
[2020-09-29T10:10:47.269+0000][7792][gc           ] GC(208) Concurrent Cycle 285.725ms
[2020-09-29T10:10:47.324+0000][7792][gc,start     ] GC(209) Pause Young (Concurrent Start) (G1 Humongous Allocation)
[2020-09-29T10:10:47.324+0000][7792][gc,task      ] GC(209) Using 8 workers of 8 for evacuation
[2020-09-29T10:10:47.324+0000][7792][gc,age       ] GC(209) Desired survivor size 32505856 bytes, new threshold 15 (max threshold 15)
[2020-09-29T10:10:47.330+0000][7792][gc,age       ] GC(209) Age table with threshold 15 (max threshold 15)
[2020-09-29T10:10:47.330+0000][7792][gc,age       ] GC(209) - age   1:   13439016 bytes,   13439016 total
[2020-09-29T10:10:47.330+0000][7792][gc,age       ] GC(209) - age   2:      28744 bytes,   13467760 total
[2020-09-29T10:10:47.330+0000][7792][gc,age       ] GC(209) - age   3:       2336 bytes,   13470096 total
[2020-09-29T10:10:47.330+0000][7792][gc,age       ] GC(209) - age   4:       2208 bytes,   13472304 total
[2020-09-29T10:10:47.330+0000][7792][gc,age       ] GC(209) - age   5:       1184 bytes,   13473488 total
[2020-09-29T10:10:47.330+0000][7792][gc,age       ] GC(209) - age   6:      12368 bytes,   13485856 total
[2020-09-29T10:10:47.330+0000][7792][gc,age       ] GC(209) - age   7:      10832 bytes,   13496688 total
[2020-09-29T10:10:47.330+0000][7792][gc,age       ] GC(209) - age   8:      10864 bytes,   13507552 total
[2020-09-29T10:10:47.330+0000][7792][gc,age       ] GC(209) - age   9:       1248 bytes,   13508800 total
[2020-09-29T10:10:47.330+0000][7792][gc,age       ] GC(209) - age  10:        664 bytes,   13509464 total
[2020-09-29T10:10:47.330+0000][7792][gc,age       ] GC(209) - age  11:       1352 bytes,   13510816 total
[2020-09-29T10:10:47.330+0000][7792][gc,age       ] GC(209) - age  12:       1912 bytes,   13512728 total
[2020-09-29T10:10:47.330+0000][7792][gc,age       ] GC(209) - age  13:       1080 bytes,   13513808 total
[2020-09-29T10:10:47.330+0000][7792][gc,age       ] GC(209) - age  14:        608 bytes,   13514416 total
[2020-09-29T10:10:47.330+0000][7792][gc,age       ] GC(209) - age  15:      11008 bytes,   13525424 total
[2020-09-29T10:10:47.330+0000][7792][gc,phases    ] GC(209)   Pre Evacuate Collection Set: 0.5ms
[2020-09-29T10:10:47.330+0000][7792][gc,phases    ] GC(209)   Merge Heap Roots: 0.2ms
[2020-09-29T10:10:47.330+0000][7792][gc,phases    ] GC(209)   Evacuate Collection Set: 3.8ms
[2020-09-29T10:10:47.331+0000][7792][gc,phases    ] GC(209)   Post Evacuate Collection Set: 1.2ms
[2020-09-29T10:10:47.331+0000][7792][gc,phases    ] GC(209)   Other: 1.2ms
[2020-09-29T10:10:47.331+0000][7792][gc,heap      ] GC(209) Eden regions: 99->0(476)
[2020-09-29T10:10:47.331+0000][7792][gc,heap      ] GC(209) Survivor regions: 11->14(62)
[2020-09-29T10:10:47.331+0000][7792][gc,heap      ] GC(209) Old regions: 77->77
[2020-09-29T10:10:47.331+0000][7792][gc,heap      ] GC(209) Archive regions: 0->0
[2020-09-29T10:10:47.331+0000][7792][gc,heap      ] GC(209) Humongous regions: 430->174
[2020-09-29T10:10:47.331+0000][7792][gc,metaspace ] GC(209) Metaspace: 87970K(93952K)->87970K(93952K) NonClass: 76854K(80384K)->76854K(80384K) Class: 11116K(13568K)->11116K(13568K)
[2020-09-29T10:10:47.331+0000][7792][gc           ] GC(209) Pause Young (Concurrent Start) (G1 Humongous Allocation) 616M->264M(1024M) 7.212ms
[2020-09-29T10:10:47.331+0000][7792][gc,cpu       ] GC(209) User=0.13s Sys=0.00s Real=0.01s
[2020-09-29T10:10:47.331+0000][7792][gc           ] GC(210) Concurrent Cycle
[2020-09-29T10:10:47.331+0000][7792][gc,marking   ] GC(210) Concurrent Clear Claimed Marks
[2020-09-29T10:10:47.331+0000][7792][gc,marking   ] GC(210) Concurrent Clear Claimed Marks 0.371ms
[2020-09-29T10:10:47.332+0000][7792][gc,marking   ] GC(210) Concurrent Scan Root Regions
[2020-09-29T10:10:47.334+0000][7792][gc,marking   ] GC(210) Concurrent Scan Root Regions 2.103ms
[2020-09-29T10:10:47.334+0000][7792][gc,marking   ] GC(210) Concurrent Mark (910.436s)
[2020-09-29T10:10:47.334+0000][7792][gc,marking   ] GC(210) Concurrent Mark From Roots
[2020-09-29T10:10:47.334+0000][7792][gc,task      ] GC(210) Using 2 workers of 2 for marking
[2020-09-29T10:10:47.339+0000][7792][safepoint    ] Safepoint "G1TryInitiateConcMark", Time since last: 56758900 ns, Reaching safepoint: 216400 ns, At safepoint: 15151300 ns, Total: 15367700 ns
[2020-09-29T10:10:47.515+0000][7792][gc,marking   ] GC(210) Concurrent Mark From Roots 180.967ms
[2020-09-29T10:10:47.515+0000][7792][gc,marking   ] GC(210) Concurrent Preclean
[2020-09-29T10:10:47.516+0000][7792][gc,marking   ] GC(210) Concurrent Preclean 0.717ms
[2020-09-29T10:10:47.516+0000][7792][gc,marking   ] GC(210) Concurrent Mark (910.436s, 910.618s) 181.915ms
[2020-09-29T10:10:47.519+0000][7792][gc,start     ] GC(210) Pause Remark
[2020-09-29T10:10:47.527+0000][7792][gc           ] GC(210) Pause Remark 574M->574M(1024M) 8.154ms
[2020-09-29T10:10:47.527+0000][7792][gc,cpu       ] GC(210) User=0.00s Sys=0.00s Real=0.01s
[2020-09-29T10:10:47.529+0000][7792][safepoint    ] Safepoint "G1Concurrent", Time since last: 176978700 ns, Reaching safepoint: 2935000 ns, At safepoint: 10672500 ns, Total: 13607500 ns
[2020-09-29T10:10:47.529+0000][7792][gc,marking   ] GC(210) Concurrent Rebuild Remembered Sets
[2020-09-29T10:10:47.625+0000][7792][gc,marking   ] GC(210) Concurrent Rebuild Remembered Sets 95.161ms
[2020-09-29T10:10:47.628+0000][7792][gc,start     ] GC(210) Pause Cleanup
[2020-09-29T10:10:47.628+0000][7792][gc           ] GC(210) Pause Cleanup 582M->582M(1024M) 0.546ms
[2020-09-29T10:10:47.628+0000][7792][gc,cpu       ] GC(210) User=0.00s Sys=0.00s Real=0.00s
[2020-09-29T10:10:47.629+0000][7792][safepoint    ] Safepoint "G1Concurrent", Time since last: 95400000 ns, Reaching safepoint: 2897500 ns, At safepoint: 1538800 ns, Total: 4436300 ns
[2020-09-29T10:10:47.629+0000][7792][gc,marking   ] GC(210) Concurrent Cleanup for Next Mark
[2020-09-29T10:10:47.631+0000][7792][gc,marking   ] GC(210) Concurrent Cleanup for Next Mark 1.750ms
[2020-09-29T10:10:47.631+0000][7792][gc           ] GC(210) Concurrent Cycle 300.104ms
[2020-09-29T10:10:47.751+0000][7792][gc,start     ] GC(211) Pause Young (Concurrent Start) (G1 Humongous Allocation)
[2020-09-29T10:10:47.751+0000][7792][gc,task      ] GC(211) Using 8 workers of 8 for evacuation
[2020-09-29T10:10:47.751+0000][7792][gc,age       ] GC(211) Desired survivor size 32505856 bytes, new threshold 15 (max threshold 15)
[2020-09-29T10:10:47.758+0000][7792][gc,age       ] GC(211) Age table with threshold 15 (max threshold 15)
[2020-09-29T10:10:47.758+0000][7792][gc,age       ] GC(211) - age   1:   11075592 bytes,   11075592 total
[2020-09-29T10:10:47.758+0000][7792][gc,age       ] GC(211) - age   2:       3248 bytes,   11078840 total
[2020-09-29T10:10:47.758+0000][7792][gc,age       ] GC(211) - age   3:      27856 bytes,   11106696 total
[2020-09-29T10:10:47.758+0000][7792][gc,age       ] GC(211) - age   4:       1768 bytes,   11108464 total
[2020-09-29T10:10:47.758+0000][7792][gc,age       ] GC(211) - age   5:       2056 bytes,   11110520 total
[2020-09-29T10:10:47.758+0000][7792][gc,age       ] GC(211) - age   6:       1184 bytes,   11111704 total
[2020-09-29T10:10:47.758+0000][7792][gc,age       ] GC(211) - age   7:      12336 bytes,   11124040 total
[2020-09-29T10:10:47.758+0000][7792][gc,age       ] GC(211) - age   8:      10704 bytes,   11134744 total
[2020-09-29T10:10:47.758+0000][7792][gc,age       ] GC(211) - age   9:      10864 bytes,   11145608 total
[2020-09-29T10:10:47.758+0000][7792][gc,age       ] GC(211) - age  10:       1248 bytes,   11146856 total
[2020-09-29T10:10:47.758+0000][7792][gc,age       ] GC(211) - age  11:        600 bytes,   11147456 total
[2020-09-29T10:10:47.758+0000][7792][gc,age       ] GC(211) - age  12:       1352 bytes,   11148808 total
[2020-09-29T10:10:47.758+0000][7792][gc,age       ] GC(211) - age  13:       1848 bytes,   11150656 total
[2020-09-29T10:10:47.758+0000][7792][gc,age       ] GC(211) - age  14:       1080 bytes,   11151736 total
[2020-09-29T10:10:47.758+0000][7792][gc,age       ] GC(211) - age  15:        608 bytes,   11152344 total
[2020-09-29T10:10:47.758+0000][7792][gc,phases    ] GC(211)   Pre Evacuate Collection Set: 0.5ms
[2020-09-29T10:10:47.758+0000][7792][gc,phases    ] GC(211)   Merge Heap Roots: 0.1ms
[2020-09-29T10:10:47.758+0000][7792][gc,phases    ] GC(211)   Evacuate Collection Set: 3.9ms
[2020-09-29T10:10:47.758+0000][7792][gc,phases    ] GC(211)   Post Evacuate Collection Set: 1.5ms
[2020-09-29T10:10:47.759+0000][7792][gc,phases    ] GC(211)   Other: 1.1ms
[2020-09-29T10:10:47.759+0000][7792][gc,heap      ] GC(211) Eden regions: 94->0(476)
[2020-09-29T10:10:47.759+0000][7792][gc,heap      ] GC(211) Survivor regions: 14->12(62)
[2020-09-29T10:10:47.759+0000][7792][gc,heap      ] GC(211) Old regions: 77->77
[2020-09-29T10:10:47.759+0000][7792][gc,heap      ] GC(211) Archive regions: 0->0
[2020-09-29T10:10:47.759+0000][7792][gc,heap      ] GC(211) Humongous regions: 430->174
[2020-09-29T10:10:47.759+0000][7792][gc,metaspace ] GC(211) Metaspace: 87979K(93952K)->87979K(93952K) NonClass: 76863K(80384K)->76863K(80384K) Class: 11116K(13568K)->11116K(13568K)
[2020-09-29T10:10:47.759+0000][7792][gc           ] GC(211) Pause Young (Concurrent Start) (G1 Humongous Allocation) 614M->261M(1024M) 7.500ms
[2020-09-29T10:10:47.759+0000][7792][gc,cpu       ] GC(211) User=0.00s Sys=0.00s Real=0.01s
[2020-09-29T10:10:47.759+0000][7792][gc           ] GC(212) Concurrent Cycle
[2020-09-29T10:10:47.759+0000][7792][gc,marking   ] GC(212) Concurrent Clear Claimed Marks
[2020-09-29T10:10:47.759+0000][7792][safepoint    ] Safepoint "G1TryInitiateConcMark", Time since last: 121824600 ns, Reaching safepoint: 251100 ns, At safepoint: 7963600 ns, Total: 8214700 ns
[2020-09-29T10:10:47.759+0000][7792][gc,marking   ] GC(212) Concurrent Clear Claimed Marks 0.338ms
[2020-09-29T10:10:47.759+0000][7792][gc,marking   ] GC(212) Concurrent Scan Root Regions
[2020-09-29T10:10:47.763+0000][7792][gc,marking   ] GC(212) Concurrent Scan Root Regions 3.041ms
[2020-09-29T10:10:47.763+0000][7792][gc,marking   ] GC(212) Concurrent Mark (910.865s)
[2020-09-29T10:10:47.763+0000][7792][gc,marking   ] GC(212) Concurrent Mark From Roots
[2020-09-29T10:10:47.763+0000][7792][gc,task      ] GC(212) Using 2 workers of 2 for marking
[2020-09-29T10:10:47.764+0000][7792][safepoint    ] Safepoint "BulkRevokeBias", Time since last: 2002700 ns, Reaching safepoint: 295600 ns, At safepoint: 2248000 ns, Total: 2543600 ns
[2020-09-29T10:10:47.944+0000][7792][gc,marking   ] GC(212) Concurrent Mark From Roots 181.190ms
[2020-09-29T10:10:47.944+0000][7792][gc,marking   ] GC(212) Concurrent Preclean
[2020-09-29T10:10:47.945+0000][7792][gc,marking   ] GC(212) Concurrent Preclean 0.760ms
[2020-09-29T10:10:47.945+0000][7792][gc,marking   ] GC(212) Concurrent Mark (910.865s, 911.047s) 182.220ms
[2020-09-29T10:10:47.952+0000][7792][gc,start     ] GC(212) Pause Remark
[2020-09-29T10:10:47.960+0000][7792][gc           ] GC(212) Pause Remark 512M->512M(1024M) 8.341ms
[2020-09-29T10:10:47.960+0000][7792][gc,cpu       ] GC(212) User=0.11s Sys=0.00s Real=0.01s
[2020-09-29T10:10:47.961+0000][7792][safepoint    ] Safepoint "G1Concurrent", Time since last: 181128500 ns, Reaching safepoint: 6778000 ns, At safepoint: 8928900 ns, Total: 15706900 ns
[2020-09-29T10:10:47.961+0000][7792][gc,marking   ] GC(212) Concurrent Rebuild Remembered Sets
[2020-09-29T10:10:48.052+0000][7792][gc,marking   ] GC(212) Concurrent Rebuild Remembered Sets 91.580ms
[2020-09-29T10:10:48.056+0000][7792][gc,start     ] GC(212) Pause Cleanup
[2020-09-29T10:10:48.056+0000][7792][gc           ] GC(212) Pause Cleanup 578M->578M(1024M) 0.578ms
[2020-09-29T10:10:48.056+0000][7792][gc,cpu       ] GC(212) User=0.00s Sys=0.00s Real=0.00s
[2020-09-29T10:10:48.057+0000][7792][safepoint    ] Safepoint "G1Concurrent", Time since last: 91834100 ns, Reaching safepoint: 3234600 ns, At safepoint: 1619000 ns, Total: 4853600 ns
[2020-09-29T10:10:48.057+0000][7792][gc,marking   ] GC(212) Concurrent Cleanup for Next Mark
[2020-09-29T10:10:48.060+0000][7792][gc,marking   ] GC(212) Concurrent Cleanup for Next Mark 2.262ms
[2020-09-29T10:10:48.060+0000][7792][gc           ] GC(212) Concurrent Cycle 300.893ms
[2020-09-29T10:10:48.193+0000][7792][gc,start     ] GC(213) Pause Young (Concurrent Start) (G1 Humongous Allocation)
[2020-09-29T10:10:48.193+0000][7792][gc,task      ] GC(213) Using 8 workers of 8 for evacuation
[2020-09-29T10:10:48.193+0000][7792][gc,age       ] GC(213) Desired survivor size 31981568 bytes, new threshold 15 (max threshold 15)
[2020-09-29T10:10:48.199+0000][7792][gc,age       ] GC(213) Age table with threshold 15 (max threshold 15)
[2020-09-29T10:10:48.199+0000][7792][gc,age       ] GC(213) - age   1:   11055112 bytes,   11055112 total
[2020-09-29T10:10:48.199+0000][7792][gc,age       ] GC(213) - age   2:       3808 bytes,   11058920 total
[2020-09-29T10:10:48.199+0000][7792][gc,age       ] GC(213) - age   3:       2088 bytes,   11061008 total
[2020-09-29T10:10:48.199+0000][7792][gc,age       ] GC(213) - age   4:      27720 bytes,   11088728 total
[2020-09-29T10:10:48.199+0000][7792][gc,age       ] GC(213) - age   5:       1768 bytes,   11090496 total
[2020-09-29T10:10:48.199+0000][7792][gc,age       ] GC(213) - age   6:       2056 bytes,   11092552 total
[2020-09-29T10:10:48.199+0000][7792][gc,age       ] GC(213) - age   7:       1184 bytes,   11093736 total
[2020-09-29T10:10:48.199+0000][7792][gc,age       ] GC(213) - age   8:      12336 bytes,   11106072 total
[2020-09-29T10:10:48.199+0000][7792][gc,age       ] GC(213) - age   9:      10704 bytes,   11116776 total
[2020-09-29T10:10:48.200+0000][7792][gc,age       ] GC(213) - age  10:      10864 bytes,   11127640 total
[2020-09-29T10:10:48.200+0000][7792][gc,age       ] GC(213) - age  11:       1248 bytes,   11128888 total
[2020-09-29T10:10:48.200+0000][7792][gc,age       ] GC(213) - age  12:        568 bytes,   11129456 total
[2020-09-29T10:10:48.200+0000][7792][gc,age       ] GC(213) - age  13:       1352 bytes,   11130808 total
[2020-09-29T10:10:48.200+0000][7792][gc,age       ] GC(213) - age  14:       1384 bytes,   11132192 total
[2020-09-29T10:10:48.200+0000][7792][gc,age       ] GC(213) - age  15:       1080 bytes,   11133272 total
[2020-09-29T10:10:48.200+0000][7792][gc,phases    ] GC(213)   Pre Evacuate Collection Set: 0.6ms
[2020-09-29T10:10:48.200+0000][7792][gc,phases    ] GC(213)   Merge Heap Roots: 0.2ms
[2020-09-29T10:10:48.200+0000][7792][gc,phases    ] GC(213)   Evacuate Collection Set: 3.2ms
[2020-09-29T10:10:48.200+0000][7792][gc,phases    ] GC(213)   Post Evacuate Collection Set: 1.4ms
[2020-09-29T10:10:48.200+0000][7792][gc,phases    ] GC(213)   Other: 1.4ms
[2020-09-29T10:10:48.200+0000][7792][gc,heap      ] GC(213) Eden regions: 99->0(469)
[2020-09-29T10:10:48.200+0000][7792][gc,heap      ] GC(213) Survivor regions: 12->12(61)
[2020-09-29T10:10:48.200+0000][7792][gc,heap      ] GC(213) Old regions: 77->77
[2020-09-29T10:10:48.200+0000][7792][gc,heap      ] GC(213) Archive regions: 0->0
[2020-09-29T10:10:48.200+0000][7792][gc,heap      ] GC(213) Humongous regions: 430->174
[2020-09-29T10:10:48.200+0000][7792][gc,metaspace ] GC(213) Metaspace: 87983K(93952K)->87983K(93952K) NonClass: 76866K(80384K)->76866K(80384K) Class: 11116K(13568K)->11116K(13568K)
[2020-09-29T10:10:48.200+0000][7792][gc           ] GC(213) Pause Young (Concurrent Start) (G1 Humongous Allocation) 616M->262M(1024M) 7.140ms
[2020-09-29T10:10:48.200+0000][7792][gc,cpu       ] GC(213) User=0.00s Sys=0.00s Real=0.01s
[2020-09-29T10:10:48.200+0000][7792][gc           ] GC(214) Concurrent Cycle
[2020-09-29T10:10:48.200+0000][7792][gc,marking   ] GC(214) Concurrent Clear Claimed Marks
[2020-09-29T10:10:48.201+0000][7792][gc,marking   ] GC(214) Concurrent Clear Claimed Marks 0.471ms
[2020-09-29T10:10:48.201+0000][7792][gc,marking   ] GC(214) Concurrent Scan Root Regions
[2020-09-29T10:10:48.202+0000][7792][safepoint    ] Safepoint "G1TryInitiateConcMark", Time since last: 136147500 ns, Reaching safepoint: 181100 ns, At safepoint: 9149400 ns, Total: 9330500 ns
[2020-09-29T10:10:48.203+0000][7792][gc,marking   ] GC(214) Concurrent Scan Root Regions 2.044ms
[2020-09-29T10:10:48.203+0000][7792][gc,marking   ] GC(214) Concurrent Mark (911.306s)
[2020-09-29T10:10:48.203+0000][7792][gc,marking   ] GC(214) Concurrent Mark From Roots
[2020-09-29T10:10:48.203+0000][7792][gc,task      ] GC(214) Using 2 workers of 2 for marking
[2020-09-29T10:10:48.373+0000][7792][gc,marking   ] GC(214) Concurrent Mark From Roots 170.066ms
[2020-09-29T10:10:48.373+0000][7792][gc,marking   ] GC(214) Concurrent Preclean
[2020-09-29T10:10:48.374+0000][7792][gc,marking   ] GC(214) Concurrent Preclean 0.842ms
[2020-09-29T10:10:48.374+0000][7792][gc,marking   ] GC(214) Concurrent Mark (911.306s, 911.477s) 171.154ms
[2020-09-29T10:10:48.375+0000][7792][gc,start     ] GC(214) Pause Remark
[2020-09-29T10:10:48.382+0000][7792][gc           ] GC(214) Pause Remark 520M->520M(1024M) 7.087ms
[2020-09-29T10:10:48.382+0000][7792][gc,cpu       ] GC(214) User=0.00s Sys=0.00s Real=0.01s
[2020-09-29T10:10:48.383+0000][7792][safepoint    ] Safepoint "G1Concurrent", Time since last: 172157300 ns, Reaching safepoint: 463700 ns, At safepoint: 7893300 ns, Total: 8357000 ns
[2020-09-29T10:10:48.383+0000][7792][gc,marking   ] GC(214) Concurrent Rebuild Remembered Sets
[2020-09-29T10:10:48.480+0000][7792][gc,marking   ] GC(214) Concurrent Rebuild Remembered Sets 96.739ms
[2020-09-29T10:10:48.480+0000][7792][gc,start     ] GC(214) Pause Cleanup
[2020-09-29T10:10:48.480+0000][7792][gc           ] GC(214) Pause Cleanup 588M->588M(1024M) 0.389ms
[2020-09-29T10:10:48.480+0000][7792][gc,cpu       ] GC(214) User=0.00s Sys=0.00s Real=0.00s
[2020-09-29T10:10:48.480+0000][7792][safepoint    ] Safepoint "G1Concurrent", Time since last: 96965600 ns, Reaching safepoint: 154400 ns, At safepoint: 620300 ns, Total: 774700 ns
[2020-09-29T10:10:48.481+0000][7792][gc,marking   ] GC(214) Concurrent Cleanup for Next Mark
[2020-09-29T10:10:48.482+0000][7792][gc,marking   ] GC(214) Concurrent Cleanup for Next Mark 1.739ms
[2020-09-29T10:10:48.482+0000][7792][gc           ] GC(214) Concurrent Cycle 282.033ms
[2020-09-29T10:10:48.589+0000][7792][gc,start     ] GC(215) Pause Young (Concurrent Start) (G1 Humongous Allocation)
[2020-09-29T10:10:48.589+0000][7792][gc,task      ] GC(215) Using 8 workers of 8 for evacuation
[2020-09-29T10:10:48.589+0000][7792][gc,age       ] GC(215) Desired survivor size 31981568 bytes, new threshold 15 (max threshold 15)
[2020-09-29T10:10:48.594+0000][7792][gc,age       ] GC(215) Age table with threshold 15 (max threshold 15)
[2020-09-29T10:10:48.594+0000][7792][gc,age       ] GC(215) - age   1:    7607608 bytes,    7607608 total
[2020-09-29T10:10:48.594+0000][7792][gc,age       ] GC(215) - age   2:       2840 bytes,    7610448 total
[2020-09-29T10:10:48.594+0000][7792][gc,age       ] GC(215) - age   3:       2608 bytes,    7613056 total
[2020-09-29T10:10:48.594+0000][7792][gc,age       ] GC(215) - age   4:       1032 bytes,    7614088 total
[2020-09-29T10:10:48.594+0000][7792][gc,age       ] GC(215) - age   5:      27720 bytes,    7641808 total
[2020-09-29T10:10:48.594+0000][7792][gc,age       ] GC(215) - age   6:       1640 bytes,    7643448 total
[2020-09-29T10:10:48.594+0000][7792][gc,age       ] GC(215) - age   7:       2056 bytes,    7645504 total
[2020-09-29T10:10:48.594+0000][7792][gc,age       ] GC(215) - age   8:       1184 bytes,    7646688 total
[2020-09-29T10:10:48.594+0000][7792][gc,age       ] GC(215) - age   9:      12336 bytes,    7659024 total
[2020-09-29T10:10:48.594+0000][7792][gc,age       ] GC(215) - age  10:      10704 bytes,    7669728 total
[2020-09-29T10:10:48.594+0000][7792][gc,age       ] GC(215) - age  11:      10800 bytes,    7680528 total
[2020-09-29T10:10:48.594+0000][7792][gc,age       ] GC(215) - age  12:       1248 bytes,    7681776 total
[2020-09-29T10:10:48.594+0000][7792][gc,age       ] GC(215) - age  13:        568 bytes,    7682344 total
[2020-09-29T10:10:48.594+0000][7792][gc,age       ] GC(215) - age  14:       1352 bytes,    7683696 total
[2020-09-29T10:10:48.594+0000][7792][gc,age       ] GC(215) - age  15:       1384 bytes,    7685080 total
[2020-09-29T10:10:48.594+0000][7792][gc,phases    ] GC(215)   Pre Evacuate Collection Set: 0.7ms
[2020-09-29T10:10:48.594+0000][7792][gc,phases    ] GC(215)   Merge Heap Roots: 0.1ms
[2020-09-29T10:10:48.594+0000][7792][gc,phases    ] GC(215)   Evacuate Collection Set: 2.7ms
[2020-09-29T10:10:48.595+0000][7792][gc,phases    ] GC(215)   Post Evacuate Collection Set: 1.1ms
[2020-09-29T10:10:48.595+0000][7792][gc,phases    ] GC(215)   Other: 1.3ms
[2020-09-29T10:10:48.595+0000][7792][gc,heap      ] GC(215) Eden regions: 99->0(476)
[2020-09-29T10:10:48.595+0000][7792][gc,heap      ] GC(215) Survivor regions: 12->8(61)
[2020-09-29T10:10:48.595+0000][7792][gc,heap      ] GC(215) Old regions: 77->77
[2020-09-29T10:10:48.595+0000][7792][gc,heap      ] GC(215) Archive regions: 0->0
[2020-09-29T10:10:48.595+0000][7792][gc,heap      ] GC(215) Humongous regions: 430->174
[2020-09-29T10:10:48.595+0000][7792][gc,metaspace ] GC(215) Metaspace: 88001K(93952K)->88001K(93952K) NonClass: 76885K(80384K)->76885K(80384K) Class: 11116K(13568K)->11116K(13568K)
[2020-09-29T10:10:48.595+0000][7792][gc           ] GC(215) Pause Young (Concurrent Start) (G1 Humongous Allocation) 616M->258M(1024M) 6.298ms
[2020-09-29T10:10:48.595+0000][7792][gc,cpu       ] GC(215) User=0.05s Sys=0.00s Real=0.01s
[2020-09-29T10:10:48.595+0000][7792][gc           ] GC(216) Concurrent Cycle
[2020-09-29T10:10:48.595+0000][7792][gc,marking   ] GC(216) Concurrent Clear Claimed Marks
[2020-09-29T10:10:48.595+0000][7792][gc,marking   ] GC(216) Concurrent Clear Claimed Marks 0.309ms
[2020-09-29T10:10:48.595+0000][7792][safepoint    ] Safepoint "G1TryInitiateConcMark", Time since last: 107677400 ns, Reaching safepoint: 316500 ns, At safepoint: 6978600 ns, Total: 7295100 ns
[2020-09-29T10:10:48.595+0000][7792][gc,marking   ] GC(216) Concurrent Scan Root Regions
[2020-09-29T10:10:48.597+0000][7792][gc,marking   ] GC(216) Concurrent Scan Root Regions 1.784ms
[2020-09-29T10:10:48.597+0000][7792][gc,marking   ] GC(216) Concurrent Mark (911.700s)
[2020-09-29T10:10:48.597+0000][7792][gc,marking   ] GC(216) Concurrent Mark From Roots
[2020-09-29T10:10:48.597+0000][7792][gc,task      ] GC(216) Using 2 workers of 2 for marking
[2020-09-29T10:10:48.775+0000][7792][gc,marking   ] GC(216) Concurrent Mark From Roots 177.350ms
[2020-09-29T10:10:48.775+0000][7792][gc,marking   ] GC(216) Concurrent Preclean
[2020-09-29T10:10:48.776+0000][7792][gc,marking   ] GC(216) Concurrent Preclean 0.848ms
[2020-09-29T10:10:48.776+0000][7792][gc,marking   ] GC(216) Concurrent Mark (911.700s, 911.878s) 178.424ms
[2020-09-29T10:10:48.776+0000][7792][gc,start     ] GC(216) Pause Remark
[2020-09-29T10:10:48.783+0000][7792][gc           ] GC(216) Pause Remark 441M->441M(1024M) 7.025ms
[2020-09-29T10:10:48.783+0000][7792][gc,cpu       ] GC(216) User=0.09s Sys=0.00s Real=0.01s
[2020-09-29T10:10:48.783+0000][7792][safepoint    ] Safepoint "G1Concurrent", Time since last: 180453000 ns, Reaching safepoint: 166700 ns, At safepoint: 7323000 ns, Total: 7489700 ns
[2020-09-29T10:10:48.783+0000][7792][gc,marking   ] GC(216) Concurrent Rebuild Remembered Sets
[2020-09-29T10:10:48.883+0000][7792][gc,marking   ] GC(216) Concurrent Rebuild Remembered Sets 99.242ms
[2020-09-29T10:10:48.884+0000][7792][gc,start     ] GC(216) Pause Cleanup
[2020-09-29T10:10:48.884+0000][7792][gc           ] GC(216) Pause Cleanup 512M->512M(1024M) 0.457ms
[2020-09-29T10:10:48.884+0000][7792][gc,cpu       ] GC(216) User=0.00s Sys=0.00s Real=0.00s
[2020-09-29T10:10:48.885+0000][7792][safepoint    ] Safepoint "G1Concurrent", Time since last: 99484200 ns, Reaching safepoint: 488100 ns, At safepoint: 717000 ns, Total: 1205100 ns
[2020-09-29T10:10:48.885+0000][7792][gc,marking   ] GC(216) Concurrent Cleanup for Next Mark
[2020-09-29T10:10:48.886+0000][7792][gc,marking   ] GC(216) Concurrent Cleanup for Next Mark 1.800ms
[2020-09-29T10:10:48.887+0000][7792][gc           ] GC(216) Concurrent Cycle 291.110ms
[2020-09-29T10:10:48.928+0000][7792][gc,start     ] GC(217) Pause Young (Concurrent Start) (G1 Humongous Allocation)
[2020-09-29T10:10:48.928+0000][7792][gc,task      ] GC(217) Using 8 workers of 8 for evacuation
[2020-09-29T10:10:48.929+0000][7792][gc,age       ] GC(217) Desired survivor size 31981568 bytes, new threshold 15 (max threshold 15)
[2020-09-29T10:10:48.933+0000][7792][gc,age       ] GC(217) Age table with threshold 15 (max threshold 15)
[2020-09-29T10:10:48.933+0000][7792][gc,age       ] GC(217) - age   1:    3443600 bytes,    3443600 total
[2020-09-29T10:10:48.933+0000][7792][gc,age       ] GC(217) - age   2:      11816 bytes,    3455416 total
[2020-09-29T10:10:48.933+0000][7792][gc,age       ] GC(217) - age   3:       2608 bytes,    3458024 total
[2020-09-29T10:10:48.933+0000][7792][gc,age       ] GC(217) - age   4:       2408 bytes,    3460432 total
[2020-09-29T10:10:48.933+0000][7792][gc,age       ] GC(217) - age   5:       1000 bytes,    3461432 total
[2020-09-29T10:10:48.933+0000][7792][gc,age       ] GC(217) - age   6:      27720 bytes,    3489152 total
[2020-09-29T10:10:48.933+0000][7792][gc,age       ] GC(217) - age   7:       1416 bytes,    3490568 total
[2020-09-29T10:10:48.933+0000][7792][gc,age       ] GC(217) - age   8:       1800 bytes,    3492368 total
[2020-09-29T10:10:48.933+0000][7792][gc,age       ] GC(217) - age   9:       1184 bytes,    3493552 total
[2020-09-29T10:10:48.933+0000][7792][gc,age       ] GC(217) - age  10:      12240 bytes,    3505792 total
[2020-09-29T10:10:48.933+0000][7792][gc,age       ] GC(217) - age  11:      10704 bytes,    3516496 total
[2020-09-29T10:10:48.933+0000][7792][gc,age       ] GC(217) - age  12:      10800 bytes,    3527296 total
[2020-09-29T10:10:48.934+0000][7792][gc,age       ] GC(217) - age  13:       1248 bytes,    3528544 total
[2020-09-29T10:10:48.934+0000][7792][gc,age       ] GC(217) - age  14:        568 bytes,    3529112 total
[2020-09-29T10:10:48.934+0000][7792][gc,age       ] GC(217) - age  15:       1352 bytes,    3530464 total
[2020-09-29T10:10:48.934+0000][7792][gc,phases    ] GC(217)   Pre Evacuate Collection Set: 0.5ms
[2020-09-29T10:10:48.934+0000][7792][gc,phases    ] GC(217)   Merge Heap Roots: 0.1ms
[2020-09-29T10:10:48.934+0000][7792][gc,phases    ] GC(217)   Evacuate Collection Set: 2.5ms
[2020-09-29T10:10:48.934+0000][7792][gc,phases    ] GC(217)   Post Evacuate Collection Set: 1.0ms
[2020-09-29T10:10:48.934+0000][7792][gc,phases    ] GC(217)   Other: 1.3ms
[2020-09-29T10:10:48.934+0000][7792][gc,heap      ] GC(217) Eden regions: 72->0(485)
[2020-09-29T10:10:48.934+0000][7792][gc,heap      ] GC(217) Survivor regions: 8->4(61)
[2020-09-29T10:10:48.934+0000][7792][gc,heap      ] GC(217) Old regions: 77->77
[2020-09-29T10:10:48.934+0000][7792][gc,heap      ] GC(217) Archive regions: 0->0
[2020-09-29T10:10:48.934+0000][7792][gc,heap      ] GC(217) Humongous regions: 366->174
[2020-09-29T10:10:48.934+0000][7792][gc,metaspace ] GC(217) Metaspace: 88003K(93952K)->88003K(93952K) NonClass: 76886K(80384K)->76886K(80384K) Class: 11116K(13568K)->11116K(13568K)
[2020-09-29T10:10:48.934+0000][7792][gc           ] GC(217) Pause Young (Concurrent Start) (G1 Humongous Allocation) 521M->254M(1024M) 6.099ms
[2020-09-29T10:10:48.935+0000][7792][gc,cpu       ] GC(217) User=0.00s Sys=0.00s Real=0.01s
[2020-09-29T10:10:48.935+0000][7792][gc           ] GC(218) Concurrent Cycle
[2020-09-29T10:10:48.935+0000][7792][safepoint    ] Safepoint "G1TryInitiateConcMark", Time since last: 43531300 ns, Reaching safepoint: 184100 ns, At safepoint: 6350200 ns, Total: 6534300 ns
[2020-09-29T10:10:48.935+0000][7792][gc,marking   ] GC(218) Concurrent Clear Claimed Marks
[2020-09-29T10:10:48.935+0000][7792][gc,marking   ] GC(218) Concurrent Clear Claimed Marks 0.410ms
[2020-09-29T10:10:48.935+0000][7792][gc,marking   ] GC(218) Concurrent Scan Root Regions
[2020-09-29T10:10:48.938+0000][7792][gc,marking   ] GC(218) Concurrent Scan Root Regions 2.764ms
[2020-09-29T10:10:48.938+0000][7792][gc,marking   ] GC(218) Concurrent Mark (912.040s)
[2020-09-29T10:10:48.938+0000][7792][gc,marking   ] GC(218) Concurrent Mark From Roots
[2020-09-29T10:10:48.938+0000][7792][gc,task      ] GC(218) Using 2 workers of 2 for marking
[2020-09-29T10:10:49.114+0000][7792][gc,marking   ] GC(218) Concurrent Mark From Roots 176.122ms
[2020-09-29T10:10:49.114+0000][7792][gc,marking   ] GC(218) Concurrent Preclean
[2020-09-29T10:10:49.115+0000][7792][gc,marking   ] GC(218) Concurrent Preclean 0.706ms
[2020-09-29T10:10:49.115+0000][7792][gc,marking   ] GC(218) Concurrent Mark (912.040s, 912.217s) 177.078ms
[2020-09-29T10:10:49.116+0000][7792][gc,start     ] GC(218) Pause Remark
[2020-09-29T10:10:49.123+0000][7792][gc           ] GC(218) Pause Remark 386M->386M(1024M) 7.283ms
[2020-09-29T10:10:49.123+0000][7792][gc,cpu       ] GC(218) User=0.00s Sys=0.00s Real=0.01s
[2020-09-29T10:10:49.124+0000][7792][safepoint    ] Safepoint "G1Concurrent", Time since last: 180672100 ns, Reaching safepoint: 255100 ns, At safepoint: 8548000 ns, Total: 8803100 ns
[2020-09-29T10:10:49.124+0000][7792][gc,marking   ] GC(218) Concurrent Rebuild Remembered Sets
[2020-09-29T10:10:49.228+0000][7792][gc,marking   ] GC(218) Concurrent Rebuild Remembered Sets 104.000ms
[2020-09-29T10:10:49.229+0000][7792][gc,start     ] GC(218) Pause Cleanup
[2020-09-29T10:10:49.229+0000][7792][gc           ] GC(218) Pause Cleanup 644M->644M(1024M) 0.513ms
[2020-09-29T10:10:49.229+0000][7792][gc,cpu       ] GC(218) User=0.00s Sys=0.00s Real=0.00s
[2020-09-29T10:10:49.230+0000][7792][safepoint    ] Safepoint "G1Concurrent", Time since last: 104227100 ns, Reaching safepoint: 263200 ns, At safepoint: 1268300 ns, Total: 1531500 ns
[2020-09-29T10:10:49.230+0000][7792][gc,marking   ] GC(218) Concurrent Cleanup for Next Mark
[2020-09-29T10:10:49.232+0000][7792][gc,marking   ] GC(218) Concurrent Cleanup for Next Mark 1.951ms
[2020-09-29T10:10:49.232+0000][7792][gc           ] GC(218) Concurrent Cycle 297.604ms
[2020-09-29T10:10:49.286+0000][7792][gc,start     ] GC(219) Pause Young (Concurrent Start) (G1 Humongous Allocation)
[2020-09-29T10:10:49.286+0000][7792][gc,task      ] GC(219) Using 8 workers of 8 for evacuation
[2020-09-29T10:10:49.286+0000][7792][gc,age       ] GC(219) Desired survivor size 32505856 bytes, new threshold 15 (max threshold 15)
[2020-09-29T10:10:49.291+0000][7792][gc,age       ] GC(219) Age table with threshold 15 (max threshold 15)
[2020-09-29T10:10:49.291+0000][7792][gc,age       ] GC(219) - age   1:    3544200 bytes,    3544200 total
[2020-09-29T10:10:49.291+0000][7792][gc,age       ] GC(219) - age   2:       2272 bytes,    3546472 total
[2020-09-29T10:10:49.291+0000][7792][gc,age       ] GC(219) - age   3:       2312 bytes,    3548784 total
[2020-09-29T10:10:49.291+0000][7792][gc,age       ] GC(219) - age   4:       1016 bytes,    3549800 total
[2020-09-29T10:10:49.291+0000][7792][gc,age       ] GC(219) - age   5:       2376 bytes,    3552176 total
[2020-09-29T10:10:49.291+0000][7792][gc,age       ] GC(219) - age   6:       1000 bytes,    3553176 total
[2020-09-29T10:10:49.291+0000][7792][gc,age       ] GC(219) - age   7:      27528 bytes,    3580704 total
[2020-09-29T10:10:49.291+0000][7792][gc,age       ] GC(219) - age   8:       1160 bytes,    3581864 total
[2020-09-29T10:10:49.291+0000][7792][gc,age       ] GC(219) - age   9:       1768 bytes,    3583632 total
[2020-09-29T10:10:49.291+0000][7792][gc,age       ] GC(219) - age  10:       1120 bytes,    3584752 total
[2020-09-29T10:10:49.291+0000][7792][gc,age       ] GC(219) - age  11:      12208 bytes,    3596960 total
[2020-09-29T10:10:49.291+0000][7792][gc,age       ] GC(219) - age  12:      10640 bytes,    3607600 total
[2020-09-29T10:10:49.291+0000][7792][gc,age       ] GC(219) - age  13:      10704 bytes,    3618304 total
[2020-09-29T10:10:49.291+0000][7792][gc,age       ] GC(219) - age  14:       1248 bytes,    3619552 total
[2020-09-29T10:10:49.291+0000][7792][gc,age       ] GC(219) - age  15:        568 bytes,    3620120 total
[2020-09-29T10:10:49.291+0000][7792][gc,phases    ] GC(219)   Pre Evacuate Collection Set: 0.4ms
[2020-09-29T10:10:49.291+0000][7792][gc,phases    ] GC(219)   Merge Heap Roots: 0.1ms
[2020-09-29T10:10:49.291+0000][7792][gc,phases    ] GC(219)   Evacuate Collection Set: 2.5ms
[2020-09-29T10:10:49.291+0000][7792][gc,phases    ] GC(219)   Post Evacuate Collection Set: 1.0ms
[2020-09-29T10:10:49.291+0000][7792][gc,phases    ] GC(219)   Other: 1.0ms
[2020-09-29T10:10:49.292+0000][7792][gc,heap      ] GC(219) Eden regions: 118->0(488)
[2020-09-29T10:10:49.292+0000][7792][gc,heap      ] GC(219) Survivor regions: 4->4(62)
[2020-09-29T10:10:49.292+0000][7792][gc,heap      ] GC(219) Old regions: 77->77
[2020-09-29T10:10:49.292+0000][7792][gc,heap      ] GC(219) Archive regions: 0->0
[2020-09-29T10:10:49.292+0000][7792][gc,heap      ] GC(219) Humongous regions: 474->174
[2020-09-29T10:10:49.292+0000][7792][gc,metaspace ] GC(219) Metaspace: 88037K(93952K)->88037K(93952K) NonClass: 76921K(80384K)->76921K(80384K) Class: 11116K(13568K)->11116K(13568K)
[2020-09-29T10:10:49.292+0000][7792][gc           ] GC(219) Pause Young (Concurrent Start) (G1 Humongous Allocation) 672M->254M(1024M) 5.469ms
[2020-09-29T10:10:49.292+0000][7792][gc,cpu       ] GC(219) User=0.00s Sys=0.00s Real=0.01s
[2020-09-29T10:10:49.292+0000][7792][gc           ] GC(220) Concurrent Cycle
[2020-09-29T10:10:49.292+0000][7792][safepoint    ] Safepoint "G1TryInitiateConcMark", Time since last: 56404300 ns, Reaching safepoint: 174400 ns, At safepoint: 5674900 ns, Total: 5849300 ns
[2020-09-29T10:10:49.292+0000][7792][gc,marking   ] GC(220) Concurrent Clear Claimed Marks
[2020-09-29T10:10:49.293+0000][7792][gc,marking   ] GC(220) Concurrent Clear Claimed Marks 0.651ms
[2020-09-29T10:10:49.293+0000][7792][gc,marking   ] GC(220) Concurrent Scan Root Regions
[2020-09-29T10:10:49.296+0000][7792][gc,marking   ] GC(220) Concurrent Scan Root Regions 2.996ms
[2020-09-29T10:10:49.296+0000][7792][gc,marking   ] GC(220) Concurrent Mark (912.398s)
[2020-09-29T10:10:49.296+0000][7792][gc,marking   ] GC(220) Concurrent Mark From Roots
[2020-09-29T10:10:49.296+0000][7792][gc,task      ] GC(220) Using 2 workers of 2 for marking
[2020-09-29T10:10:49.474+0000][7792][gc,marking   ] GC(220) Concurrent Mark From Roots 177.365ms
[2020-09-29T10:10:49.474+0000][7792][gc,marking   ] GC(220) Concurrent Preclean
[2020-09-29T10:10:49.475+0000][7792][gc,marking   ] GC(220) Concurrent Preclean 0.759ms
[2020-09-29T10:10:49.475+0000][7792][gc,marking   ] GC(220) Concurrent Mark (912.398s, 912.577s) 178.335ms
[2020-09-29T10:10:49.476+0000][7792][gc,start     ] GC(220) Pause Remark
[2020-09-29T10:10:49.483+0000][7792][gc           ] GC(220) Pause Remark 576M->576M(1024M) 7.832ms
[2020-09-29T10:10:49.484+0000][7792][gc,cpu       ] GC(220) User=0.02s Sys=0.02s Real=0.01s
[2020-09-29T10:10:49.484+0000][7792][safepoint    ] Safepoint "G1Concurrent", Time since last: 182362200 ns, Reaching safepoint: 793500 ns, At safepoint: 8898800 ns, Total: 9692300 ns
[2020-09-29T10:10:49.485+0000][7792][gc,marking   ] GC(220) Concurrent Rebuild Remembered Sets
[2020-09-29T10:10:49.584+0000][7792][gc,marking   ] GC(220) Concurrent Rebuild Remembered Sets 99.718ms
[2020-09-29T10:10:49.585+0000][7792][gc,start     ] GC(220) Pause Cleanup
[2020-09-29T10:10:49.585+0000][7792][gc           ] GC(220) Pause Cleanup 666M->666M(1024M) 0.369ms
[2020-09-29T10:10:49.585+0000][7792][gc,cpu       ] GC(220) User=0.00s Sys=0.00s Real=0.00s
[2020-09-29T10:10:49.585+0000][7792][safepoint    ] Safepoint "G1Concurrent", Time since last: 100054600 ns, Reaching safepoint: 184600 ns, At safepoint: 596200 ns, Total: 780800 ns
[2020-09-29T10:10:49.585+0000][7792][gc,marking   ] GC(220) Concurrent Cleanup for Next Mark
[2020-09-29T10:10:49.587+0000][7792][gc,marking   ] GC(220) Concurrent Cleanup for Next Mark 1.652ms
[2020-09-29T10:10:49.587+0000][7792][gc           ] GC(220) Concurrent Cycle 294.812ms
[2020-09-29T10:10:49.640+0000][7792][gc,start     ] GC(221) Pause Young (Concurrent Start) (G1 Humongous Allocation)
[2020-09-29T10:10:49.640+0000][7792][gc,task      ] GC(221) Using 8 workers of 8 for evacuation
[2020-09-29T10:10:49.640+0000][7792][gc,age       ] GC(221) Desired survivor size 32505856 bytes, new threshold 15 (max threshold 15)
[2020-09-29T10:10:49.645+0000][7792][gc,age       ] GC(221) Age table with threshold 15 (max threshold 15)
[2020-09-29T10:10:49.645+0000][7792][gc,age       ] GC(221) - age   1:    3937800 bytes,    3937800 total
[2020-09-29T10:10:49.645+0000][7792][gc,age       ] GC(221) - age   2:      32024 bytes,    3969824 total
[2020-09-29T10:10:49.645+0000][7792][gc,age       ] GC(221) - age   3:       2048 bytes,    3971872 total
[2020-09-29T10:10:49.645+0000][7792][gc,age       ] GC(221) - age   4:       1168 bytes,    3973040 total
[2020-09-29T10:10:49.645+0000][7792][gc,age       ] GC(221) - age   5:        920 bytes,    3973960 total
[2020-09-29T10:10:49.645+0000][7792][gc,age       ] GC(221) - age   6:       2376 bytes,    3976336 total
[2020-09-29T10:10:49.645+0000][7792][gc,age       ] GC(221) - age   7:        968 bytes,    3977304 total
[2020-09-29T10:10:49.645+0000][7792][gc,age       ] GC(221) - age   8:      27528 bytes,    4004832 total
[2020-09-29T10:10:49.645+0000][7792][gc,age       ] GC(221) - age   9:        968 bytes,    4005800 total
[2020-09-29T10:10:49.645+0000][7792][gc,age       ] GC(221) - age  10:       1672 bytes,    4007472 total
[2020-09-29T10:10:49.645+0000][7792][gc,age       ] GC(221) - age  11:       1120 bytes,    4008592 total
[2020-09-29T10:10:49.645+0000][7792][gc,age       ] GC(221) - age  12:      12176 bytes,    4020768 total
[2020-09-29T10:10:49.646+0000][7792][gc,age       ] GC(221) - age  13:      10640 bytes,    4031408 total
[2020-09-29T10:10:49.646+0000][7792][gc,age       ] GC(221) - age  14:      10704 bytes,    4042112 total
[2020-09-29T10:10:49.646+0000][7792][gc,age       ] GC(221) - age  15:       1248 bytes,    4043360 total
[2020-09-29T10:10:49.646+0000][7792][gc,phases    ] GC(221)   Pre Evacuate Collection Set: 0.5ms
[2020-09-29T10:10:49.646+0000][7792][gc,phases    ] GC(221)   Merge Heap Roots: 0.2ms
[2020-09-29T10:10:49.646+0000][7792][gc,phases    ] GC(221)   Evacuate Collection Set: 2.3ms
[2020-09-29T10:10:49.646+0000][7792][gc,phases    ] GC(221)   Post Evacuate Collection Set: 1.2ms
[2020-09-29T10:10:49.646+0000][7792][gc,phases    ] GC(221)   Other: 1.5ms
[2020-09-29T10:10:49.646+0000][7792][gc,heap      ] GC(221) Eden regions: 116->0(490)
[2020-09-29T10:10:49.646+0000][7792][gc,heap      ] GC(221) Survivor regions: 4->5(62)
[2020-09-29T10:10:49.646+0000][7792][gc,heap      ] GC(221) Old regions: 77->77
[2020-09-29T10:10:49.646+0000][7792][gc,heap      ] GC(221) Archive regions: 0->0
[2020-09-29T10:10:49.646+0000][7792][gc,heap      ] GC(221) Humongous regions: 482->174
[2020-09-29T10:10:49.646+0000][7792][gc,metaspace ] GC(221) Metaspace: 88069K(93952K)->88069K(93952K) NonClass: 76952K(80384K)->76952K(80384K) Class: 11116K(13568K)->11116K(13568K)
[2020-09-29T10:10:49.646+0000][7792][gc           ] GC(221) Pause Young (Concurrent Start) (G1 Humongous Allocation) 677M->254M(1024M) 6.179ms
[2020-09-29T10:10:49.646+0000][7792][gc,cpu       ] GC(221) User=0.00s Sys=0.00s Real=0.01s
[2020-09-29T10:10:49.646+0000][7792][gc           ] GC(222) Concurrent Cycle
[2020-09-29T10:10:49.646+0000][7792][safepoint    ] Safepoint "G1TryInitiateConcMark", Time since last: 54706200 ns, Reaching safepoint: 186700 ns, At safepoint: 6413900 ns, Total: 6600600 ns
[2020-09-29T10:10:49.647+0000][7792][gc,marking   ] GC(222) Concurrent Clear Claimed Marks
[2020-09-29T10:10:49.647+0000][7792][gc,marking   ] GC(222) Concurrent Clear Claimed Marks 0.525ms
[2020-09-29T10:10:49.647+0000][7792][gc,marking   ] GC(222) Concurrent Scan Root Regions
[2020-09-29T10:10:49.650+0000][7792][gc,marking   ] GC(222) Concurrent Scan Root Regions 3.017ms
[2020-09-29T10:10:49.650+0000][7792][gc,marking   ] GC(222) Concurrent Mark (912.752s)
[2020-09-29T10:10:49.650+0000][7792][gc,marking   ] GC(222) Concurrent Mark From Roots
[2020-09-29T10:10:49.650+0000][7792][gc,task      ] GC(222) Using 2 workers of 2 for marking
[2020-09-29T10:10:49.816+0000][7792][gc,marking   ] GC(222) Concurrent Mark From Roots 165.844ms
[2020-09-29T10:10:49.816+0000][7792][gc,marking   ] GC(222) Concurrent Preclean
[2020-09-29T10:10:49.816+0000][7792][gc,marking   ] GC(222) Concurrent Preclean 0.601ms
[2020-09-29T10:10:49.816+0000][7792][gc,marking   ] GC(222) Concurrent Mark (912.752s, 912.919s) 166.631ms
[2020-09-29T10:10:49.817+0000][7792][gc,start     ] GC(222) Pause Remark
[2020-09-29T10:10:49.824+0000][7792][gc           ] GC(222) Pause Remark 456M->456M(1024M) 7.786ms
[2020-09-29T10:10:49.825+0000][7792][gc,cpu       ] GC(222) User=0.00s Sys=0.00s Real=0.01s
[2020-09-29T10:10:49.825+0000][7792][safepoint    ] Safepoint "G1Concurrent", Time since last: 170517800 ns, Reaching safepoint: 211300 ns, At safepoint: 8079900 ns, Total: 8291200 ns
[2020-09-29T10:10:49.825+0000][7792][gc,marking   ] GC(222) Concurrent Rebuild Remembered Sets
[2020-09-29T10:10:49.927+0000][7792][gc,marking   ] GC(222) Concurrent Rebuild Remembered Sets 102.435ms
[2020-09-29T10:10:49.928+0000][7792][gc,start     ] GC(222) Pause Cleanup
[2020-09-29T10:10:49.928+0000][7792][gc           ] GC(222) Pause Cleanup 533M->533M(1024M) 0.440ms
[2020-09-29T10:10:49.928+0000][7792][gc,cpu       ] GC(222) User=0.00s Sys=0.00s Real=0.00s
[2020-09-29T10:10:49.928+0000][7792][safepoint    ] Safepoint "G1Concurrent", Time since last: 102703700 ns, Reaching safepoint: 188100 ns, At safepoint: 717300 ns, Total: 905400 ns
[2020-09-29T10:10:49.928+0000][7792][gc,marking   ] GC(222) Concurrent Cleanup for Next Mark
[2020-09-29T10:10:49.930+0000][7792][gc,marking   ] GC(222) Concurrent Cleanup for Next Mark 1.690ms
[2020-09-29T10:10:49.930+0000][7792][gc           ] GC(222) Concurrent Cycle 284.362ms
[2020-09-29T10:10:49.968+0000][7792][gc,start     ] GC(223) Pause Young (Concurrent Start) (G1 Humongous Allocation)
[2020-09-29T10:10:49.968+0000][7792][gc,task      ] GC(223) Using 8 workers of 8 for evacuation
[2020-09-29T10:10:49.968+0000][7792][gc,age       ] GC(223) Desired survivor size 32505856 bytes, new threshold 15 (max threshold 15)
[2020-09-29T10:10:49.972+0000][7792][gc,age       ] GC(223) Age table with threshold 15 (max threshold 15)
[2020-09-29T10:10:49.972+0000][7792][gc,age       ] GC(223) - age   1:    3626104 bytes,    3626104 total
[2020-09-29T10:10:49.972+0000][7792][gc,age       ] GC(223) - age   2:     206016 bytes,    3832120 total
[2020-09-29T10:10:49.972+0000][7792][gc,age       ] GC(223) - age   3:      31704 bytes,    3863824 total
[2020-09-29T10:10:49.972+0000][7792][gc,age       ] GC(223) - age   4:       1232 bytes,    3865056 total
[2020-09-29T10:10:49.972+0000][7792][gc,age       ] GC(223) - age   5:       1040 bytes,    3866096 total
[2020-09-29T10:10:49.972+0000][7792][gc,age       ] GC(223) - age   6:        920 bytes,    3867016 total
[2020-09-29T10:10:49.972+0000][7792][gc,age       ] GC(223) - age   7:       2344 bytes,    3869360 total
[2020-09-29T10:10:49.972+0000][7792][gc,age       ] GC(223) - age   8:        968 bytes,    3870328 total
[2020-09-29T10:10:49.972+0000][7792][gc,age       ] GC(223) - age   9:      27112 bytes,    3897440 total
[2020-09-29T10:10:49.972+0000][7792][gc,age       ] GC(223) - age  10:        808 bytes,    3898248 total
[2020-09-29T10:10:49.972+0000][7792][gc,age       ] GC(223) - age  11:       1672 bytes,    3899920 total
[2020-09-29T10:10:49.972+0000][7792][gc,age       ] GC(223) - age  12:       1120 bytes,    3901040 total
[2020-09-29T10:10:49.972+0000][7792][gc,age       ] GC(223) - age  13:      12112 bytes,    3913152 total
[2020-09-29T10:10:49.972+0000][7792][gc,age       ] GC(223) - age  14:      10512 bytes,    3923664 total
[2020-09-29T10:10:49.972+0000][7792][gc,age       ] GC(223) - age  15:      10704 bytes,    3934368 total
[2020-09-29T10:10:49.972+0000][7792][gc,phases    ] GC(223)   Pre Evacuate Collection Set: 0.4ms
[2020-09-29T10:10:49.972+0000][7792][gc,phases    ] GC(223)   Merge Heap Roots: 0.1ms
[2020-09-29T10:10:49.972+0000][7792][gc,phases    ] GC(223)   Evacuate Collection Set: 2.5ms
[2020-09-29T10:10:49.972+0000][7792][gc,phases    ] GC(223)   Post Evacuate Collection Set: 0.9ms
[2020-09-29T10:10:49.972+0000][7792][gc,phases    ] GC(223)   Other: 0.9ms
[2020-09-29T10:10:49.972+0000][7792][gc,heap      ] GC(223) Eden regions: 79->0(492)
[2020-09-29T10:10:49.973+0000][7792][gc,heap      ] GC(223) Survivor regions: 5->5(62)
[2020-09-29T10:10:49.973+0000][7792][gc,heap      ] GC(223) Old regions: 77->77
[2020-09-29T10:10:49.973+0000][7792][gc,heap      ] GC(223) Archive regions: 0->0
[2020-09-29T10:10:49.973+0000][7792][gc,heap      ] GC(223) Humongous regions: 382->174
[2020-09-29T10:10:49.973+0000][7792][gc,metaspace ] GC(223) Metaspace: 88074K(93952K)->88074K(93952K) NonClass: 76957K(80384K)->76957K(80384K) Class: 11116K(13568K)->11116K(13568K)
[2020-09-29T10:10:49.973+0000][7792][gc           ] GC(223) Pause Young (Concurrent Start) (G1 Humongous Allocation) 541M->254M(1024M) 5.137ms
[2020-09-29T10:10:49.973+0000][7792][gc,cpu       ] GC(223) User=0.00s Sys=0.00s Real=0.01s
[2020-09-29T10:10:49.973+0000][7792][safepoint    ] Safepoint "G1TryInitiateConcMark", Time since last: 39028300 ns, Reaching safepoint: 160100 ns, At safepoint: 5309200 ns, Total: 5469300 ns
[2020-09-29T10:10:49.973+0000][7792][gc           ] GC(224) Concurrent Cycle
[2020-09-29T10:10:49.973+0000][7792][gc,marking   ] GC(224) Concurrent Clear Claimed Marks
[2020-09-29T10:10:49.973+0000][7792][gc,marking   ] GC(224) Concurrent Clear Claimed Marks 0.382ms
[2020-09-29T10:10:49.973+0000][7792][gc,marking   ] GC(224) Concurrent Scan Root Regions
[2020-09-29T10:10:49.976+0000][7792][gc,marking   ] GC(224) Concurrent Scan Root Regions 2.608ms
[2020-09-29T10:10:49.976+0000][7792][gc,marking   ] GC(224) Concurrent Mark (913.079s)
[2020-09-29T10:10:49.976+0000][7792][gc,marking   ] GC(224) Concurrent Mark From Roots
[2020-09-29T10:10:49.976+0000][7792][gc,task      ] GC(224) Using 2 workers of 2 for marking
[2020-09-29T10:10:50.128+0000][7792][gc,marking   ] GC(224) Concurrent Mark From Roots 151.624ms
[2020-09-29T10:10:50.128+0000][7792][gc,marking   ] GC(224) Concurrent Preclean
[2020-09-29T10:10:50.129+0000][7792][gc,marking   ] GC(224) Concurrent Preclean 0.758ms
[2020-09-29T10:10:50.129+0000][7792][gc,marking   ] GC(224) Concurrent Mark (913.079s, 913.231s) 152.644ms
[2020-09-29T10:10:50.129+0000][7792][gc,start     ] GC(224) Pause Remark
[2020-09-29T10:10:50.136+0000][7792][gc           ] GC(224) Pause Remark 325M->325M(1024M) 7.047ms
[2020-09-29T10:10:50.136+0000][7792][gc,cpu       ] GC(224) User=0.00s Sys=0.00s Real=0.01s
[2020-09-29T10:10:50.137+0000][7792][safepoint    ] Safepoint "G1Concurrent", Time since last: 156051300 ns, Reaching safepoint: 253100 ns, At safepoint: 8331000 ns, Total: 8584100 ns
[2020-09-29T10:10:50.138+0000][7792][gc,marking   ] GC(224) Concurrent Rebuild Remembered Sets
[2020-09-29T10:10:50.243+0000][7792][gc,marking   ] GC(224) Concurrent Rebuild Remembered Sets 105.644ms
[2020-09-29T10:10:50.244+0000][7792][gc,start     ] GC(224) Pause Cleanup
[2020-09-29T10:10:50.244+0000][7792][gc           ] GC(224) Pause Cleanup 525M->525M(1024M) 0.418ms
[2020-09-29T10:10:50.244+0000][7792][gc,cpu       ] GC(224) User=0.00s Sys=0.00s Real=0.00s
[2020-09-29T10:10:50.244+0000][7792][safepoint    ] Safepoint "G1Concurrent", Time since last: 105944300 ns, Reaching safepoint: 176400 ns, At safepoint: 775100 ns, Total: 951500 ns
[2020-09-29T10:10:50.244+0000][7792][gc,marking   ] GC(224) Concurrent Cleanup for Next Mark
[2020-09-29T10:10:50.246+0000][7792][gc,marking   ] GC(224) Concurrent Cleanup for Next Mark 1.832ms
[2020-09-29T10:10:50.246+0000][7792][gc           ] GC(224) Concurrent Cycle 273.656ms
[2020-09-29T10:10:50.344+0000][7792][gc,start     ] GC(225) Pause Young (Concurrent Start) (G1 Humongous Allocation)
[2020-09-29T10:10:50.344+0000][7792][gc,task      ] GC(225) Using 8 workers of 8 for evacuation
[2020-09-29T10:10:50.344+0000][7792][gc,age       ] GC(225) Desired survivor size 33030144 bytes, new threshold 15 (max threshold 15)
[2020-09-29T10:10:50.349+0000][7792][gc,age       ] GC(225) Age table with threshold 15 (max threshold 15)
[2020-09-29T10:10:50.349+0000][7792][gc,age       ] GC(225) - age   1:    2680208 bytes,    2680208 total
[2020-09-29T10:10:50.349+0000][7792][gc,age       ] GC(225) - age   2:       3120 bytes,    2683328 total
[2020-09-29T10:10:50.349+0000][7792][gc,age       ] GC(225) - age   3:       3256 bytes,    2686584 total
[2020-09-29T10:10:50.349+0000][7792][gc,age       ] GC(225) - age   4:      29864 bytes,    2716448 total
[2020-09-29T10:10:50.349+0000][7792][gc,age       ] GC(225) - age   5:        976 bytes,    2717424 total
[2020-09-29T10:10:50.349+0000][7792][gc,age       ] GC(225) - age   6:       1040 bytes,    2718464 total
[2020-09-29T10:10:50.349+0000][7792][gc,age       ] GC(225) - age   7:        888 bytes,    2719352 total
[2020-09-29T10:10:50.349+0000][7792][gc,age       ] GC(225) - age   8:       2248 bytes,    2721600 total
[2020-09-29T10:10:50.349+0000][7792][gc,age       ] GC(225) - age   9:        968 bytes,    2722568 total
[2020-09-29T10:10:50.349+0000][7792][gc,age       ] GC(225) - age  10:      27112 bytes,    2749680 total
[2020-09-29T10:10:50.349+0000][7792][gc,age       ] GC(225) - age  11:        808 bytes,    2750488 total
[2020-09-29T10:10:50.349+0000][7792][gc,age       ] GC(225) - age  12:       1672 bytes,    2752160 total
[2020-09-29T10:10:50.349+0000][7792][gc,age       ] GC(225) - age  13:       1056 bytes,    2753216 total
[2020-09-29T10:10:50.349+0000][7792][gc,age       ] GC(225) - age  14:      12112 bytes,    2765328 total
[2020-09-29T10:10:50.349+0000][7792][gc,age       ] GC(225) - age  15:      10512 bytes,    2775840 total
[2020-09-29T10:10:50.349+0000][7792][gc,phases    ] GC(225)   Pre Evacuate Collection Set: 0.5ms
[2020-09-29T10:10:50.350+0000][7792][gc,phases    ] GC(225)   Merge Heap Roots: 0.1ms
[2020-09-29T10:10:50.350+0000][7792][gc,phases    ] GC(225)   Evacuate Collection Set: 2.4ms
[2020-09-29T10:10:50.350+0000][7792][gc,phases    ] GC(225)   Post Evacuate Collection Set: 1.0ms
[2020-09-29T10:10:50.350+0000][7792][gc,phases    ] GC(225)   Other: 1.1ms
[2020-09-29T10:10:50.350+0000][7792][gc,heap      ] GC(225) Eden regions: 86->0(497)
[2020-09-29T10:10:50.350+0000][7792][gc,heap      ] GC(225) Survivor regions: 5->3(63)
[2020-09-29T10:10:50.350+0000][7792][gc,heap      ] GC(225) Old regions: 77->77
[2020-09-29T10:10:50.350+0000][7792][gc,heap      ] GC(225) Archive regions: 0->0
[2020-09-29T10:10:50.350+0000][7792][gc,heap      ] GC(225) Humongous regions: 366->174
[2020-09-29T10:10:50.350+0000][7792][gc,metaspace ] GC(225) Metaspace: 88113K(93952K)->88113K(93952K) NonClass: 76996K(80384K)->76996K(80384K) Class: 11116K(13568K)->11116K(13568K)
[2020-09-29T10:10:50.350+0000][7792][gc           ] GC(225) Pause Young (Concurrent Start) (G1 Humongous Allocation) 532M->253M(1024M) 5.683ms
[2020-09-29T10:10:50.350+0000][7792][gc,cpu       ] GC(225) User=0.00s Sys=0.00s Real=0.01s
[2020-09-29T10:10:50.350+0000][7792][gc           ] GC(226) Concurrent Cycle
[2020-09-29T10:10:50.350+0000][7792][safepoint    ] Safepoint "G1TryInitiateConcMark", Time since last: 99804800 ns, Reaching safepoint: 191700 ns, At safepoint: 5984200 ns, Total: 6175900 ns
[2020-09-29T10:10:50.350+0000][7792][gc,marking   ] GC(226) Concurrent Clear Claimed Marks
[2020-09-29T10:10:50.351+0000][7792][gc,marking   ] GC(226) Concurrent Clear Claimed Marks 0.459ms
[2020-09-29T10:10:50.351+0000][7792][gc,marking   ] GC(226) Concurrent Scan Root Regions
[2020-09-29T10:10:50.353+0000][7792][gc,marking   ] GC(226) Concurrent Scan Root Regions 1.803ms
[2020-09-29T10:10:50.353+0000][7792][gc,marking   ] GC(226) Concurrent Mark (913.455s)
[2020-09-29T10:10:50.353+0000][7792][gc,marking   ] GC(226) Concurrent Mark From Roots
[2020-09-29T10:10:50.353+0000][7792][gc,task      ] GC(226) Using 2 workers of 2 for marking
[2020-09-29T10:10:50.522+0000][7792][gc,marking   ] GC(226) Concurrent Mark From Roots 168.726ms
[2020-09-29T10:10:50.522+0000][7792][gc,marking   ] GC(226) Concurrent Preclean
[2020-09-29T10:10:50.522+0000][7792][gc,marking   ] GC(226) Concurrent Preclean 0.664ms
[2020-09-29T10:10:50.522+0000][7792][gc,marking   ] GC(226) Concurrent Mark (913.455s, 913.625s) 169.624ms
[2020-09-29T10:10:50.523+0000][7792][gc,start     ] GC(226) Pause Remark
[2020-09-29T10:10:50.530+0000][7792][gc           ] GC(226) Pause Remark 393M->393M(1024M) 6.935ms
[2020-09-29T10:10:50.530+0000][7792][gc,cpu       ] GC(226) User=0.05s Sys=0.00s Real=0.01s
[2020-09-29T10:10:50.530+0000][7792][safepoint    ] Safepoint "G1Concurrent", Time since last: 172266300 ns, Reaching safepoint: 258800 ns, At safepoint: 7182400 ns, Total: 7441200 ns
[2020-09-29T10:10:50.530+0000][7792][gc,marking   ] GC(226) Concurrent Rebuild Remembered Sets
[2020-09-29T10:10:50.632+0000][7792][gc,marking   ] GC(226) Concurrent Rebuild Remembered Sets 101.431ms
[2020-09-29T10:10:50.632+0000][7792][gc,start     ] GC(226) Pause Cleanup
[2020-09-29T10:10:50.633+0000][7792][gc           ] GC(226) Pause Cleanup 724M->724M(1024M) 0.326ms
[2020-09-29T10:10:50.633+0000][7792][gc,cpu       ] GC(226) User=0.00s Sys=0.00s Real=0.00s
[2020-09-29T10:10:50.633+0000][7792][safepoint    ] Safepoint "G1Concurrent", Time since last: 101750000 ns, Reaching safepoint: 170800 ns, At safepoint: 535100 ns, Total: 705900 ns
[2020-09-29T10:10:50.633+0000][7792][gc,marking   ] GC(226) Concurrent Cleanup for Next Mark
[2020-09-29T10:10:50.635+0000][7792][gc,marking   ] GC(226) Concurrent Cleanup for Next Mark 2.011ms
[2020-09-29T10:10:50.635+0000][7792][gc           ] GC(226) Concurrent Cycle 284.445ms
[2020-09-29T10:10:50.689+0000][7792][gc,start     ] GC(227) Pause Young (Concurrent Start) (G1 Humongous Allocation)
[2020-09-29T10:10:50.689+0000][7792][gc,task      ] GC(227) Using 8 workers of 8 for evacuation
[2020-09-29T10:10:50.689+0000][7792][gc,age       ] GC(227) Desired survivor size 33030144 bytes, new threshold 15 (max threshold 15)
[2020-09-29T10:10:50.694+0000][7792][gc,age       ] GC(227) Age table with threshold 15 (max threshold 15)
[2020-09-29T10:10:50.694+0000][7792][gc,age       ] GC(227) - age   1:    3915912 bytes,    3915912 total
[2020-09-29T10:10:50.694+0000][7792][gc,age       ] GC(227) - age   2:      66992 bytes,    3982904 total
[2020-09-29T10:10:50.694+0000][7792][gc,age       ] GC(227) - age   3:       2064 bytes,    3984968 total
[2020-09-29T10:10:50.694+0000][7792][gc,age       ] GC(227) - age   4:       1720 bytes,    3986688 total
[2020-09-29T10:10:50.694+0000][7792][gc,age       ] GC(227) - age   5:      29768 bytes,    4016456 total
[2020-09-29T10:10:50.695+0000][7792][gc,age       ] GC(227) - age   6:        912 bytes,    4017368 total
[2020-09-29T10:10:50.695+0000][7792][gc,age       ] GC(227) - age   7:       1040 bytes,    4018408 total
[2020-09-29T10:10:50.695+0000][7792][gc,age       ] GC(227) - age   8:        888 bytes,    4019296 total
[2020-09-29T10:10:50.695+0000][7792][gc,age       ] GC(227) - age   9:       2248 bytes,    4021544 total
[2020-09-29T10:10:50.695+0000][7792][gc,age       ] GC(227) - age  10:        936 bytes,    4022480 total
[2020-09-29T10:10:50.695+0000][7792][gc,age       ] GC(227) - age  11:      26920 bytes,    4049400 total
[2020-09-29T10:10:50.695+0000][7792][gc,age       ] GC(227) - age  12:        712 bytes,    4050112 total
[2020-09-29T10:10:50.695+0000][7792][gc,age       ] GC(227) - age  13:       1672 bytes,    4051784 total
[2020-09-29T10:10:50.695+0000][7792][gc,age       ] GC(227) - age  14:       1056 bytes,    4052840 total
[2020-09-29T10:10:50.695+0000][7792][gc,age       ] GC(227) - age  15:      12008 bytes,    4064848 total
[2020-09-29T10:10:50.695+0000][7792][gc,phases    ] GC(227)   Pre Evacuate Collection Set: 0.5ms
[2020-09-29T10:10:50.695+0000][7792][gc,phases    ] GC(227)   Merge Heap Roots: 0.2ms
[2020-09-29T10:10:50.695+0000][7792][gc,phases    ] GC(227)   Evacuate Collection Set: 2.6ms
[2020-09-29T10:10:50.695+0000][7792][gc,phases    ] GC(227)   Post Evacuate Collection Set: 1.3ms
[2020-09-29T10:10:50.695+0000][7792][gc,phases    ] GC(227)   Other: 1.5ms
[2020-09-29T10:10:50.695+0000][7792][gc,heap      ] GC(227) Eden regions: 138->0(496)
[2020-09-29T10:10:50.695+0000][7792][gc,heap      ] GC(227) Survivor regions: 3->5(63)
[2020-09-29T10:10:50.695+0000][7792][gc,heap      ] GC(227) Old regions: 77->77
[2020-09-29T10:10:50.695+0000][7792][gc,heap      ] GC(227) Archive regions: 0->0
[2020-09-29T10:10:50.695+0000][7792][gc,heap      ] GC(227) Humongous regions: 520->174
[2020-09-29T10:10:50.696+0000][7792][gc,metaspace ] GC(227) Metaspace: 88125K(93952K)->88125K(93952K) NonClass: 77009K(80384K)->77009K(80384K) Class: 11116K(13568K)->11116K(13568K)
[2020-09-29T10:10:50.696+0000][7792][gc           ] GC(227) Pause Young (Concurrent Start) (G1 Humongous Allocation) 736M->254M(1024M) 6.492ms
[2020-09-29T10:10:50.696+0000][7792][gc,cpu       ] GC(227) User=0.00s Sys=0.00s Real=0.01s
[2020-09-29T10:10:50.696+0000][7792][gc           ] GC(228) Concurrent Cycle
[2020-09-29T10:10:50.696+0000][7792][safepoint    ] Safepoint "G1TryInitiateConcMark", Time since last: 56016300 ns, Reaching safepoint: 252900 ns, At safepoint: 6751500 ns, Total: 7004400 ns
[2020-09-29T10:10:50.696+0000][7792][gc,marking   ] GC(228) Concurrent Clear Claimed Marks
[2020-09-29T10:10:50.696+0000][7792][gc,marking   ] GC(228) Concurrent Clear Claimed Marks 0.609ms
[2020-09-29T10:10:50.697+0000][7792][gc,marking   ] GC(228) Concurrent Scan Root Regions
[2020-09-29T10:10:50.699+0000][7792][gc,marking   ] GC(228) Concurrent Scan Root Regions 2.847ms
[2020-09-29T10:10:50.700+0000][7792][gc,marking   ] GC(228) Concurrent Mark (913.802s)
[2020-09-29T10:10:50.700+0000][7792][gc,marking   ] GC(228) Concurrent Mark From Roots
[2020-09-29T10:10:50.700+0000][7792][gc,task      ] GC(228) Using 2 workers of 2 for marking
[2020-09-29T10:10:50.874+0000][7792][gc,marking   ] GC(228) Concurrent Mark From Roots 175.030ms
[2020-09-29T10:10:50.875+0000][7792][gc,marking   ] GC(228) Concurrent Preclean
[2020-09-29T10:10:50.875+0000][7792][gc,marking   ] GC(228) Concurrent Preclean 0.675ms
[2020-09-29T10:10:50.875+0000][7792][gc,marking   ] GC(228) Concurrent Mark (913.802s, 913.978s) 175.953ms
[2020-09-29T10:10:50.876+0000][7792][gc,start     ] GC(228) Pause Remark
[2020-09-29T10:10:50.883+0000][7792][gc           ] GC(228) Pause Remark 393M->393M(1024M) 7.056ms
[2020-09-29T10:10:50.883+0000][7792][gc,cpu       ] GC(228) User=0.00s Sys=0.00s Real=0.01s
[2020-09-29T10:10:50.883+0000][7792][safepoint    ] Safepoint "G1Concurrent", Time since last: 179850400 ns, Reaching safepoint: 190800 ns, At safepoint: 7314900 ns, Total: 7505700 ns
[2020-09-29T10:10:50.883+0000][7792][gc,marking   ] GC(228) Concurrent Rebuild Remembered Sets
[2020-09-29T10:10:50.989+0000][7792][gc,marking   ] GC(228) Concurrent Rebuild Remembered Sets 105.144ms
[2020-09-29T10:10:50.989+0000][7792][gc,start     ] GC(228) Pause Cleanup
[2020-09-29T10:10:50.989+0000][7792][gc           ] GC(228) Pause Cleanup 523M->523M(1024M) 0.436ms
[2020-09-29T10:10:50.990+0000][7792][gc,cpu       ] GC(228) User=0.00s Sys=0.00s Real=0.00s
[2020-09-29T10:10:50.990+0000][7792][safepoint    ] Safepoint "G1Concurrent", Time since last: 105361400 ns, Reaching safepoint: 237900 ns, At safepoint: 759500 ns, Total: 997400 ns
[2020-09-29T10:10:50.990+0000][7792][gc,marking   ] GC(228) Concurrent Cleanup for Next Mark
[2020-09-29T10:10:50.991+0000][7792][gc,marking   ] GC(228) Concurrent Cleanup for Next Mark 1.619ms
[2020-09-29T10:10:50.991+0000][7792][gc           ] GC(228) Concurrent Cycle 295.561ms
[2020-09-29T10:10:51.048+0000][7792][gc,start     ] GC(229) Pause Young (Concurrent Start) (G1 Humongous Allocation)
[2020-09-29T10:10:51.048+0000][7792][gc,task      ] GC(229) Using 8 workers of 8 for evacuation
[2020-09-29T10:10:51.048+0000][7792][gc,age       ] GC(229) Desired survivor size 33030144 bytes, new threshold 15 (max threshold 15)
[2020-09-29T10:10:51.053+0000][7792][gc,age       ] GC(229) Age table with threshold 15 (max threshold 15)
[2020-09-29T10:10:51.053+0000][7792][gc,age       ] GC(229) - age   1:    3720144 bytes,    3720144 total
[2020-09-29T10:10:51.053+0000][7792][gc,age       ] GC(229) - age   2:     212432 bytes,    3932576 total
[2020-09-29T10:10:51.053+0000][7792][gc,age       ] GC(229) - age   3:      66544 bytes,    3999120 total
[2020-09-29T10:10:51.053+0000][7792][gc,age       ] GC(229) - age   4:       1216 bytes,    4000336 total
[2020-09-29T10:10:51.053+0000][7792][gc,age       ] GC(229) - age   5:       1592 bytes,    4001928 total
[2020-09-29T10:10:51.053+0000][7792][gc,age       ] GC(229) - age   6:      29704 bytes,    4031632 total
[2020-09-29T10:10:51.053+0000][7792][gc,age       ] GC(229) - age   7:        720 bytes,    4032352 total
[2020-09-29T10:10:51.053+0000][7792][gc,age       ] GC(229) - age   8:        976 bytes,    4033328 total
[2020-09-29T10:10:51.053+0000][7792][gc,age       ] GC(229) - age   9:        888 bytes,    4034216 total
[2020-09-29T10:10:51.053+0000][7792][gc,age       ] GC(229) - age  10:       2216 bytes,    4036432 total
[2020-09-29T10:10:51.053+0000][7792][gc,age       ] GC(229) - age  11:        872 bytes,    4037304 total
[2020-09-29T10:10:51.053+0000][7792][gc,age       ] GC(229) - age  12:      26920 bytes,    4064224 total
[2020-09-29T10:10:51.053+0000][7792][gc,age       ] GC(229) - age  13:        648 bytes,    4064872 total
[2020-09-29T10:10:51.053+0000][7792][gc,age       ] GC(229) - age  14:       1672 bytes,    4066544 total
[2020-09-29T10:10:51.053+0000][7792][gc,age       ] GC(229) - age  15:       1056 bytes,    4067600 total
[2020-09-29T10:10:51.053+0000][7792][gc,phases    ] GC(229)   Pre Evacuate Collection Set: 0.5ms
[2020-09-29T10:10:51.053+0000][7792][gc,phases    ] GC(229)   Merge Heap Roots: 0.1ms
[2020-09-29T10:10:51.053+0000][7792][gc,phases    ] GC(229)   Evacuate Collection Set: 3.0ms
[2020-09-29T10:10:51.053+0000][7792][gc,phases    ] GC(229)   Post Evacuate Collection Set: 1.0ms
[2020-09-29T10:10:51.053+0000][7792][gc,phases    ] GC(229)   Other: 1.1ms
[2020-09-29T10:10:51.053+0000][7792][gc,heap      ] GC(229) Eden regions: 82->0(497)
[2020-09-29T10:10:51.054+0000][7792][gc,heap      ] GC(229) Survivor regions: 5->5(63)
[2020-09-29T10:10:51.054+0000][7792][gc,heap      ] GC(229) Old regions: 77->77
[2020-09-29T10:10:51.054+0000][7792][gc,heap      ] GC(229) Archive regions: 0->0
[2020-09-29T10:10:51.054+0000][7792][gc,heap      ] GC(229) Humongous regions: 374->174
[2020-09-29T10:10:51.054+0000][7792][gc,metaspace ] GC(229) Metaspace: 88137K(93952K)->88137K(93952K) NonClass: 77020K(80384K)->77020K(80384K) Class: 11116K(13568K)->11116K(13568K)
[2020-09-29T10:10:51.054+0000][7792][gc           ] GC(229) Pause Young (Concurrent Start) (G1 Humongous Allocation) 535M->254M(1024M) 6.148ms
[2020-09-29T10:10:51.054+0000][7792][gc,cpu       ] GC(229) User=0.00s Sys=0.00s Real=0.01s
[2020-09-29T10:10:51.054+0000][7792][gc           ] GC(230) Concurrent Cycle
[2020-09-29T10:10:51.054+0000][7792][gc,marking   ] GC(230) Concurrent Clear Claimed Marks
[2020-09-29T10:10:51.054+0000][7792][safepoint    ] Safepoint "G1TryInitiateConcMark", Time since last: 57629200 ns, Reaching safepoint: 175500 ns, At safepoint: 6685800 ns, Total: 6861300 ns
[2020-09-29T10:10:51.054+0000][7792][gc,marking   ] GC(230) Concurrent Clear Claimed Marks 0.435ms
[2020-09-29T10:10:51.054+0000][7792][gc,marking   ] GC(230) Concurrent Scan Root Regions
[2020-09-29T10:10:51.057+0000][7792][gc,marking   ] GC(230) Concurrent Scan Root Regions 2.403ms
[2020-09-29T10:10:51.057+0000][7792][gc,marking   ] GC(230) Concurrent Mark (914.159s)
[2020-09-29T10:10:51.057+0000][7792][gc,marking   ] GC(230) Concurrent Mark From Roots
[2020-09-29T10:10:51.057+0000][7792][gc,task      ] GC(230) Using 2 workers of 2 for marking
[2020-09-29T10:10:51.222+0000][7792][gc,marking   ] GC(230) Concurrent Mark From Roots 165.140ms
[2020-09-29T10:10:51.222+0000][7792][gc,marking   ] GC(230) Concurrent Preclean
[2020-09-29T10:10:51.223+0000][7792][gc,marking   ] GC(230) Concurrent Preclean 0.631ms
[2020-09-29T10:10:51.223+0000][7792][gc,marking   ] GC(230) Concurrent Mark (914.159s, 914.325s) 165.953ms
[2020-09-29T10:10:51.223+0000][7792][gc,start     ] GC(230) Pause Remark
[2020-09-29T10:10:51.231+0000][7792][gc           ] GC(230) Pause Remark 518M->518M(1024M) 7.836ms
[2020-09-29T10:10:51.231+0000][7792][gc,cpu       ] GC(230) User=0.00s Sys=0.00s Real=0.01s
[2020-09-29T10:10:51.231+0000][7792][safepoint    ] Safepoint "G1Concurrent", Time since last: 168845500 ns, Reaching safepoint: 226000 ns, At safepoint: 8198500 ns, Total: 8424500 ns
[2020-09-29T10:10:51.232+0000][7792][gc,marking   ] GC(230) Concurrent Rebuild Remembered Sets
[2020-09-29T10:10:51.335+0000][7792][gc,marking   ] GC(230) Concurrent Rebuild Remembered Sets 103.311ms
[2020-09-29T10:10:51.335+0000][7792][gc,start     ] GC(230) Pause Cleanup
[2020-09-29T10:10:51.336+0000][7792][gc           ] GC(230) Pause Cleanup 662M->662M(1024M) 0.368ms
[2020-09-29T10:10:51.336+0000][7792][gc,cpu       ] GC(230) User=0.00s Sys=0.00s Real=0.00s
[2020-09-29T10:10:51.336+0000][7792][safepoint    ] Safepoint "G1Concurrent", Time since last: 103519200 ns, Reaching safepoint: 185900 ns, At safepoint: 581800 ns, Total: 767700 ns
[2020-09-29T10:10:51.336+0000][7792][gc,marking   ] GC(230) Concurrent Cleanup for Next Mark
[2020-09-29T10:10:51.338+0000][7792][gc,marking   ] GC(230) Concurrent Cleanup for Next Mark 2.095ms
[2020-09-29T10:10:51.338+0000][7792][gc           ] GC(230) Concurrent Cycle 284.167ms
[2020-09-29T10:10:51.410+0000][7792][gc,start     ] GC(231) Pause Young (Concurrent Start) (G1 Humongous Allocation)
[2020-09-29T10:10:51.410+0000][7792][gc,task      ] GC(231) Using 8 workers of 8 for evacuation
[2020-09-29T10:10:51.410+0000][7792][gc,age       ] GC(231) Desired survivor size 33030144 bytes, new threshold 15 (max threshold 15)
[2020-09-29T10:10:51.415+0000][7792][gc,age       ] GC(231) Age table with threshold 15 (max threshold 15)
[2020-09-29T10:10:51.415+0000][7792][gc,age       ] GC(231) - age   1:    8412320 bytes,    8412320 total
[2020-09-29T10:10:51.415+0000][7792][gc,age       ] GC(231) - age   2:       2704 bytes,    8415024 total
[2020-09-29T10:10:51.415+0000][7792][gc,age       ] GC(231) - age   3:       5776 bytes,    8420800 total
[2020-09-29T10:10:51.415+0000][7792][gc,age       ] GC(231) - age   4:      64768 bytes,    8485568 total
[2020-09-29T10:10:51.415+0000][7792][gc,age       ] GC(231) - age   5:       1152 bytes,    8486720 total
[2020-09-29T10:10:51.415+0000][7792][gc,age       ] GC(231) - age   6:       1496 bytes,    8488216 total
[2020-09-29T10:10:51.415+0000][7792][gc,age       ] GC(231) - age   7:      29704 bytes,    8517920 total
[2020-09-29T10:10:51.415+0000][7792][gc,age       ] GC(231) - age   8:        720 bytes,    8518640 total
[2020-09-29T10:10:51.415+0000][7792][gc,age       ] GC(231) - age   9:        848 bytes,    8519488 total
[2020-09-29T10:10:51.415+0000][7792][gc,age       ] GC(231) - age  10:        856 bytes,    8520344 total
[2020-09-29T10:10:51.415+0000][7792][gc,age       ] GC(231) - age  11:       2120 bytes,    8522464 total
[2020-09-29T10:10:51.415+0000][7792][gc,age       ] GC(231) - age  12:        872 bytes,    8523336 total
[2020-09-29T10:10:51.415+0000][7792][gc,age       ] GC(231) - age  13:      26920 bytes,    8550256 total
[2020-09-29T10:10:51.415+0000][7792][gc,age       ] GC(231) - age  14:        648 bytes,    8550904 total
[2020-09-29T10:10:51.415+0000][7792][gc,age       ] GC(231) - age  15:       1672 bytes,    8552576 total
[2020-09-29T10:10:51.415+0000][7792][gc,phases    ] GC(231)   Pre Evacuate Collection Set: 0.6ms
[2020-09-29T10:10:51.415+0000][7792][gc,phases    ] GC(231)   Merge Heap Roots: 0.1ms
[2020-09-29T10:10:51.416+0000][7792][gc,phases    ] GC(231)   Evacuate Collection Set: 2.7ms
[2020-09-29T10:10:51.416+0000][7792][gc,phases    ] GC(231)   Post Evacuate Collection Set: 1.2ms
[2020-09-29T10:10:51.416+0000][7792][gc,phases    ] GC(231)   Other: 1.2ms
[2020-09-29T10:10:51.416+0000][7792][gc,heap      ] GC(231) Eden regions: 128->0(490)
[2020-09-29T10:10:51.416+0000][7792][gc,heap      ] GC(231) Survivor regions: 5->9(63)
[2020-09-29T10:10:51.416+0000][7792][gc,heap      ] GC(231) Old regions: 77->77
[2020-09-29T10:10:51.416+0000][7792][gc,heap      ] GC(231) Archive regions: 0->0
[2020-09-29T10:10:51.416+0000][7792][gc,heap      ] GC(231) Humongous regions: 480->174
[2020-09-29T10:10:51.416+0000][7792][gc,metaspace ] GC(231) Metaspace: 88148K(93952K)->88148K(93952K) NonClass: 77032K(80384K)->77032K(80384K) Class: 11116K(13568K)->11116K(13568K)
[2020-09-29T10:10:51.416+0000][7792][gc           ] GC(231) Pause Young (Concurrent Start) (G1 Humongous Allocation) 688M->258M(1024M) 6.148ms
[2020-09-29T10:10:51.416+0000][7792][gc,cpu       ] GC(231) User=0.00s Sys=0.00s Real=0.01s
[2020-09-29T10:10:51.416+0000][7792][gc           ] GC(232) Concurrent Cycle
[2020-09-29T10:10:51.416+0000][7792][gc,marking   ] GC(232) Concurrent Clear Claimed Marks
[2020-09-29T10:10:51.416+0000][7792][safepoint    ] Safepoint "G1TryInitiateConcMark", Time since last: 73801700 ns, Reaching safepoint: 203700 ns, At safepoint: 6582800 ns, Total: 6786500 ns
[2020-09-29T10:10:51.417+0000][7792][gc,marking   ] GC(232) Concurrent Clear Claimed Marks 0.333ms
[2020-09-29T10:10:51.417+0000][7792][gc,marking   ] GC(232) Concurrent Scan Root Regions
[2020-09-29T10:10:51.419+0000][7792][gc,marking   ] GC(232) Concurrent Scan Root Regions 2.003ms
[2020-09-29T10:10:51.419+0000][7792][gc,marking   ] GC(232) Concurrent Mark (914.521s)
[2020-09-29T10:10:51.419+0000][7792][gc,marking   ] GC(232) Concurrent Mark From Roots
[2020-09-29T10:10:51.419+0000][7792][gc,task      ] GC(232) Using 2 workers of 2 for marking
[2020-09-29T10:10:51.601+0000][7792][gc,marking   ] GC(232) Concurrent Mark From Roots 182.794ms
[2020-09-29T10:10:51.601+0000][7792][gc,marking   ] GC(232) Concurrent Preclean
[2020-09-29T10:10:51.602+0000][7792][gc,marking   ] GC(232) Concurrent Preclean 0.609ms
[2020-09-29T10:10:51.602+0000][7792][gc,marking   ] GC(232) Concurrent Mark (914.521s, 914.704s) 183.585ms
[2020-09-29T10:10:51.602+0000][7792][gc,start     ] GC(232) Pause Remark
[2020-09-29T10:10:51.611+0000][7792][gc           ] GC(232) Pause Remark 594M->594M(1024M) 9.101ms
[2020-09-29T10:10:51.611+0000][7792][gc,cpu       ] GC(232) User=0.08s Sys=0.00s Real=0.01s
[2020-09-29T10:10:51.612+0000][7792][safepoint    ] Safepoint "G1Concurrent", Time since last: 186094700 ns, Reaching safepoint: 179600 ns, At safepoint: 9478100 ns, Total: 9657700 ns
[2020-09-29T10:10:51.612+0000][7792][gc,marking   ] GC(232) Concurrent Rebuild Remembered Sets
[2020-09-29T10:10:51.711+0000][7792][gc,marking   ] GC(232) Concurrent Rebuild Remembered Sets 99.037ms
[2020-09-29T10:10:51.711+0000][7792][gc,start     ] GC(232) Pause Cleanup
[2020-09-29T10:10:51.712+0000][7792][gc           ] GC(232) Pause Cleanup 733M->733M(1024M) 0.418ms
[2020-09-29T10:10:51.712+0000][7792][gc,cpu       ] GC(232) User=0.00s Sys=0.00s Real=0.00s
[2020-09-29T10:10:51.712+0000][7792][safepoint    ] Safepoint "G1Concurrent", Time since last: 99510200 ns, Reaching safepoint: 415700 ns, At safepoint: 820400 ns, Total: 1236100 ns
[2020-09-29T10:10:51.712+0000][7792][gc,marking   ] GC(232) Concurrent Cleanup for Next Mark
[2020-09-29T10:10:51.714+0000][7792][gc,marking   ] GC(232) Concurrent Cleanup for Next Mark 1.851ms
[2020-09-29T10:10:51.714+0000][7792][gc           ] GC(232) Concurrent Cycle 298.814ms
[2020-09-29T10:10:51.715+0000][7792][gc,start     ] GC(233) Pause Young (Concurrent Start) (G1 Humongous Allocation)
[2020-09-29T10:10:51.715+0000][7792][gc,task      ] GC(233) Using 8 workers of 8 for evacuation
[2020-09-29T10:10:51.715+0000][7792][gc,age       ] GC(233) Desired survivor size 33030144 bytes, new threshold 15 (max threshold 15)
[2020-09-29T10:10:51.720+0000][7792][gc,age       ] GC(233) Age table with threshold 15 (max threshold 15)
[2020-09-29T10:10:51.721+0000][7792][gc,age       ] GC(233) - age   1:    7190232 bytes,    7190232 total
[2020-09-29T10:10:51.721+0000][7792][gc,age       ] GC(233) - age   2:      40688 bytes,    7230920 total
[2020-09-29T10:10:51.721+0000][7792][gc,age       ] GC(233) - age   3:       2608 bytes,    7233528 total
[2020-09-29T10:10:51.721+0000][7792][gc,age       ] GC(233) - age   4:       5240 bytes,    7238768 total
[2020-09-29T10:10:51.721+0000][7792][gc,age       ] GC(233) - age   5:      64768 bytes,    7303536 total
[2020-09-29T10:10:51.721+0000][7792][gc,age       ] GC(233) - age   6:       1152 bytes,    7304688 total
[2020-09-29T10:10:51.721+0000][7792][gc,age       ] GC(233) - age   7:       1496 bytes,    7306184 total
[2020-09-29T10:10:51.721+0000][7792][gc,age       ] GC(233) - age   8:      29672 bytes,    7335856 total
[2020-09-29T10:10:51.721+0000][7792][gc,age       ] GC(233) - age   9:        720 bytes,    7336576 total
[2020-09-29T10:10:51.721+0000][7792][gc,age       ] GC(233) - age  10:        848 bytes,    7337424 total
[2020-09-29T10:10:51.721+0000][7792][gc,age       ] GC(233) - age  11:        856 bytes,    7338280 total
[2020-09-29T10:10:51.721+0000][7792][gc,age       ] GC(233) - age  12:       2120 bytes,    7340400 total
[2020-09-29T10:10:51.721+0000][7792][gc,age       ] GC(233) - age  13:        872 bytes,    7341272 total
[2020-09-29T10:10:51.721+0000][7792][gc,age       ] GC(233) - age  14:      26920 bytes,    7368192 total
[2020-09-29T10:10:51.721+0000][7792][gc,age       ] GC(233) - age  15:        648 bytes,    7368840 total
[2020-09-29T10:10:51.721+0000][7792][gc,phases    ] GC(233)   Pre Evacuate Collection Set: 0.5ms
[2020-09-29T10:10:51.721+0000][7792][gc,phases    ] GC(233)   Merge Heap Roots: 0.1ms
[2020-09-29T10:10:51.721+0000][7792][gc,phases    ] GC(233)   Evacuate Collection Set: 3.1ms
[2020-09-29T10:10:51.721+0000][7792][gc,phases    ] GC(233)   Post Evacuate Collection Set: 1.3ms
[2020-09-29T10:10:51.722+0000][7792][gc,phases    ] GC(233)   Other: 1.3ms
[2020-09-29T10:10:51.722+0000][7792][gc,heap      ] GC(233) Eden regions: 115->0(489)
[2020-09-29T10:10:51.722+0000][7792][gc,heap      ] GC(233) Survivor regions: 9->8(63)
[2020-09-29T10:10:51.722+0000][7792][gc,heap      ] GC(233) Old regions: 77->77
[2020-09-29T10:10:51.722+0000][7792][gc,heap      ] GC(233) Archive regions: 0->0
[2020-09-29T10:10:51.722+0000][7792][gc,heap      ] GC(233) Humongous regions: 534->174
[2020-09-29T10:10:51.722+0000][7792][gc,metaspace ] GC(233) Metaspace: 88154K(93952K)->88154K(93952K) NonClass: 77038K(80384K)->77038K(80384K) Class: 11116K(13568K)->11116K(13568K)
[2020-09-29T10:10:51.722+0000][7792][gc           ] GC(233) Pause Young (Concurrent Start) (G1 Humongous Allocation) 733M->258M(1024M) 6.894ms
[2020-09-29T10:10:51.722+0000][7792][gc,cpu       ] GC(233) User=0.08s Sys=0.00s Real=0.01s
[2020-09-29T10:10:51.723+0000][7792][gc           ] GC(234) Concurrent Cycle
[2020-09-29T10:10:51.723+0000][7792][gc,marking   ] GC(234) Concurrent Clear Claimed Marks
[2020-09-29T10:10:51.723+0000][7792][safepoint    ] Safepoint "G1TryInitiateConcMark", Time since last: 2396800 ns, Reaching safepoint: 312300 ns, At safepoint: 7958300 ns, Total: 8270600 ns
[2020-09-29T10:10:51.723+0000][7792][gc,marking   ] GC(234) Concurrent Clear Claimed Marks 0.385ms
[2020-09-29T10:10:51.723+0000][7792][gc,marking   ] GC(234) Concurrent Scan Root Regions
[2020-09-29T10:10:51.725+0000][7792][gc,marking   ] GC(234) Concurrent Scan Root Regions 1.910ms
[2020-09-29T10:10:51.725+0000][7792][gc,marking   ] GC(234) Concurrent Mark (914.828s)
[2020-09-29T10:10:51.725+0000][7792][gc,marking   ] GC(234) Concurrent Mark From Roots
[2020-09-29T10:10:51.725+0000][7792][gc,task      ] GC(234) Using 2 workers of 2 for marking
[2020-09-29T10:10:51.905+0000][7792][gc,marking   ] GC(234) Concurrent Mark From Roots 179.394ms
[2020-09-29T10:10:51.905+0000][7792][gc,marking   ] GC(234) Concurrent Preclean
[2020-09-29T10:10:51.906+0000][7792][gc,marking   ] GC(234) Concurrent Preclean 0.827ms
[2020-09-29T10:10:51.906+0000][7792][gc,marking   ] GC(234) Concurrent Mark (914.828s, 915.008s) 180.503ms
[2020-09-29T10:10:51.906+0000][7792][gc,start     ] GC(234) Pause Remark
[2020-09-29T10:10:51.913+0000][7792][gc           ] GC(234) Pause Remark 471M->471M(1024M) 7.492ms
[2020-09-29T10:10:51.913+0000][7792][gc,cpu       ] GC(234) User=0.00s Sys=0.00s Real=0.01s
[2020-09-29T10:10:51.914+0000][7792][safepoint    ] Safepoint "G1Concurrent", Time since last: 182756400 ns, Reaching safepoint: 138800 ns, At safepoint: 7738000 ns, Total: 7876800 ns
[2020-09-29T10:10:51.914+0000][7792][gc,marking   ] GC(234) Concurrent Rebuild Remembered Sets
[2020-09-29T10:10:52.018+0000][7792][gc,marking   ] GC(234) Concurrent Rebuild Remembered Sets 104.362ms
[2020-09-29T10:10:52.018+0000][7792][gc,start     ] GC(234) Pause Cleanup
[2020-09-29T10:10:52.019+0000][7792][gc           ] GC(234) Pause Cleanup 540M->540M(1024M) 0.412ms
[2020-09-29T10:10:52.019+0000][7792][gc,cpu       ] GC(234) User=0.00s Sys=0.00s Real=0.00s
[2020-09-29T10:10:52.019+0000][7792][safepoint    ] Safepoint "G1Concurrent", Time since last: 104590800 ns, Reaching safepoint: 199000 ns, At safepoint: 707500 ns, Total: 906500 ns
[2020-09-29T10:10:52.019+0000][7792][gc,marking   ] GC(234) Concurrent Cleanup for Next Mark
[2020-09-29T10:10:52.021+0000][7792][gc,marking   ] GC(234) Concurrent Cleanup for Next Mark 1.993ms
[2020-09-29T10:10:52.021+0000][7792][gc           ] GC(234) Concurrent Cycle 298.799ms
[2020-09-29T10:10:52.061+0000][7792][gc,start     ] GC(235) Pause Young (Concurrent Start) (G1 Humongous Allocation)
[2020-09-29T10:10:52.061+0000][7792][gc,task      ] GC(235) Using 8 workers of 8 for evacuation
[2020-09-29T10:10:52.061+0000][7792][gc,age       ] GC(235) Desired survivor size 33030144 bytes, new threshold 15 (max threshold 15)
[2020-09-29T10:10:52.066+0000][7792][gc,age       ] GC(235) Age table with threshold 15 (max threshold 15)
[2020-09-29T10:10:52.066+0000][7792][gc,age       ] GC(235) - age   1:    3954704 bytes,    3954704 total
[2020-09-29T10:10:52.066+0000][7792][gc,age       ] GC(235) - age   2:       7064 bytes,    3961768 total
[2020-09-29T10:10:52.066+0000][7792][gc,age       ] GC(235) - age   3:      40448 bytes,    4002216 total
[2020-09-29T10:10:52.066+0000][7792][gc,age       ] GC(235) - age   4:       2144 bytes,    4004360 total
[2020-09-29T10:10:52.066+0000][7792][gc,age       ] GC(235) - age   5:       4856 bytes,    4009216 total
[2020-09-29T10:10:52.066+0000][7792][gc,age       ] GC(235) - age   6:      64736 bytes,    4073952 total
[2020-09-29T10:10:52.066+0000][7792][gc,age       ] GC(235) - age   7:        960 bytes,    4074912 total
[2020-09-29T10:10:52.066+0000][7792][gc,age       ] GC(235) - age   8:       1496 bytes,    4076408 total
[2020-09-29T10:10:52.066+0000][7792][gc,age       ] GC(235) - age   9:      29672 bytes,    4106080 total
[2020-09-29T10:10:52.066+0000][7792][gc,age       ] GC(235) - age  10:        624 bytes,    4106704 total
[2020-09-29T10:10:52.066+0000][7792][gc,age       ] GC(235) - age  11:        848 bytes,    4107552 total
[2020-09-29T10:10:52.066+0000][7792][gc,age       ] GC(235) - age  12:        856 bytes,    4108408 total
[2020-09-29T10:10:52.066+0000][7792][gc,age       ] GC(235) - age  13:       2120 bytes,    4110528 total
[2020-09-29T10:10:52.066+0000][7792][gc,age       ] GC(235) - age  14:        872 bytes,    4111400 total
[2020-09-29T10:10:52.066+0000][7792][gc,age       ] GC(235) - age  15:      26920 bytes,    4138320 total
[2020-09-29T10:10:52.066+0000][7792][gc,phases    ] GC(235)   Pre Evacuate Collection Set: 0.5ms
[2020-09-29T10:10:52.067+0000][7792][gc,phases    ] GC(235)   Merge Heap Roots: 0.1ms
[2020-09-29T10:10:52.067+0000][7792][gc,phases    ] GC(235)   Evacuate Collection Set: 2.8ms
[2020-09-29T10:10:52.067+0000][7792][gc,phases    ] GC(235)   Post Evacuate Collection Set: 1.1ms
[2020-09-29T10:10:52.067+0000][7792][gc,phases    ] GC(235)   Other: 1.1ms
[2020-09-29T10:10:52.067+0000][7792][gc,heap      ] GC(235) Eden regions: 86->0(493)
[2020-09-29T10:10:52.067+0000][7792][gc,heap      ] GC(235) Survivor regions: 8->5(63)
[2020-09-29T10:10:52.067+0000][7792][gc,heap      ] GC(235) Old regions: 77->77
[2020-09-29T10:10:52.067+0000][7792][gc,heap      ] GC(235) Archive regions: 0->0
[2020-09-29T10:10:52.067+0000][7792][gc,heap      ] GC(235) Humongous regions: 378->174
[2020-09-29T10:10:52.067+0000][7792][gc,metaspace ] GC(235) Metaspace: 88155K(93952K)->88155K(93952K) NonClass: 77038K(80384K)->77038K(80384K) Class: 11116K(13568K)->11116K(13568K)
[2020-09-29T10:10:52.067+0000][7792][gc           ] GC(235) Pause Young (Concurrent Start) (G1 Humongous Allocation) 547M->255M(1024M) 6.056ms
[2020-09-29T10:10:52.067+0000][7792][gc,cpu       ] GC(235) User=0.00s Sys=0.00s Real=0.01s
[2020-09-29T10:10:52.067+0000][7792][gc           ] GC(236) Concurrent Cycle
[2020-09-29T10:10:52.067+0000][7792][safepoint    ] Safepoint "G1TryInitiateConcMark", Time since last: 41595200 ns, Reaching safepoint: 174100 ns, At safepoint: 6300100 ns, Total: 6474200 ns
[2020-09-29T10:10:52.067+0000][7792][gc,marking   ] GC(236) Concurrent Clear Claimed Marks
[2020-09-29T10:10:52.068+0000][7792][gc,marking   ] GC(236) Concurrent Clear Claimed Marks 0.456ms
[2020-09-29T10:10:52.068+0000][7792][gc,marking   ] GC(236) Concurrent Scan Root Regions
[2020-09-29T10:10:52.071+0000][7792][gc,marking   ] GC(236) Concurrent Scan Root Regions 3.105ms
[2020-09-29T10:10:52.071+0000][7792][gc,marking   ] GC(236) Concurrent Mark (915.174s)
[2020-09-29T10:10:52.071+0000][7792][gc,marking   ] GC(236) Concurrent Mark From Roots
[2020-09-29T10:10:52.071+0000][7792][gc,task      ] GC(236) Using 2 workers of 2 for marking
[2020-09-29T10:10:52.250+0000][7792][gc,marking   ] GC(236) Concurrent Mark From Roots 178.315ms
[2020-09-29T10:10:52.250+0000][7792][gc,marking   ] GC(236) Concurrent Preclean
[2020-09-29T10:10:52.250+0000][7792][gc,marking   ] GC(236) Concurrent Preclean 0.616ms
[2020-09-29T10:10:52.251+0000][7792][gc,marking   ] GC(236) Concurrent Mark (915.174s, 915.353s) 179.126ms
[2020-09-29T10:10:52.251+0000][7792][gc,start     ] GC(236) Pause Remark
[2020-09-29T10:10:52.259+0000][7792][gc           ] GC(236) Pause Remark 390M->390M(1024M) 8.103ms
[2020-09-29T10:10:52.259+0000][7792][gc,cpu       ] GC(236) User=0.00s Sys=0.00s Real=0.01s
[2020-09-29T10:10:52.259+0000][7792][safepoint    ] Safepoint "G1Concurrent", Time since last: 183017400 ns, Reaching safepoint: 204500 ns, At safepoint: 8601000 ns, Total: 8805500 ns
[2020-09-29T10:10:52.260+0000][7792][gc,marking   ] GC(236) Concurrent Rebuild Remembered Sets
[2020-09-29T10:10:52.358+0000][7792][gc,marking   ] GC(236) Concurrent Rebuild Remembered Sets 98.505ms
[2020-09-29T10:10:52.358+0000][7792][gc,start     ] GC(236) Pause Cleanup
[2020-09-29T10:10:52.359+0000][7792][gc           ] GC(236) Pause Cleanup 464M->464M(1024M) 0.378ms
[2020-09-29T10:10:52.359+0000][7792][gc,cpu       ] GC(236) User=0.02s Sys=0.00s Real=0.00s
[2020-09-29T10:10:52.359+0000][7792][safepoint    ] Safepoint "G1Concurrent", Time since last: 98825000 ns, Reaching safepoint: 145600 ns, At safepoint: 580300 ns, Total: 725900 ns
[2020-09-29T10:10:52.359+0000][7792][gc,marking   ] GC(236) Concurrent Cleanup for Next Mark
[2020-09-29T10:10:52.361+0000][7792][gc,marking   ] GC(236) Concurrent Cleanup for Next Mark 1.945ms
[2020-09-29T10:10:52.361+0000][7792][gc           ] GC(236) Concurrent Cycle 293.559ms
[2020-09-29T10:10:52.377+0000][7792][gc,start     ] GC(237) Pause Young (Concurrent Start) (G1 Humongous Allocation)
[2020-09-29T10:10:52.377+0000][7792][gc,task      ] GC(237) Using 8 workers of 8 for evacuation
[2020-09-29T10:10:52.378+0000][7792][gc,age       ] GC(237) Desired survivor size 33030144 bytes, new threshold 15 (max threshold 15)
[2020-09-29T10:10:52.382+0000][7792][gc,age       ] GC(237) Age table with threshold 15 (max threshold 15)
[2020-09-29T10:10:52.382+0000][7792][gc,age       ] GC(237) - age   1:    3420856 bytes,    3420856 total
[2020-09-29T10:10:52.382+0000][7792][gc,age       ] GC(237) - age   2:     409464 bytes,    3830320 total
[2020-09-29T10:10:52.382+0000][7792][gc,age       ] GC(237) - age   3:       4336 bytes,    3834656 total
[2020-09-29T10:10:52.382+0000][7792][gc,age       ] GC(237) - age   4:      39296 bytes,    3873952 total
[2020-09-29T10:10:52.382+0000][7792][gc,age       ] GC(237) - age   5:       1728 bytes,    3875680 total
[2020-09-29T10:10:52.382+0000][7792][gc,age       ] GC(237) - age   6:       4632 bytes,    3880312 total
[2020-09-29T10:10:52.383+0000][7792][gc,age       ] GC(237) - age   7:      64672 bytes,    3944984 total
[2020-09-29T10:10:52.383+0000][7792][gc,age       ] GC(237) - age   8:        896 bytes,    3945880 total
[2020-09-29T10:10:52.383+0000][7792][gc,age       ] GC(237) - age   9:       1496 bytes,    3947376 total
[2020-09-29T10:10:52.383+0000][7792][gc,age       ] GC(237) - age  10:      29672 bytes,    3977048 total
[2020-09-29T10:10:52.383+0000][7792][gc,age       ] GC(237) - age  11:        624 bytes,    3977672 total
[2020-09-29T10:10:52.383+0000][7792][gc,age       ] GC(237) - age  12:        848 bytes,    3978520 total
[2020-09-29T10:10:52.383+0000][7792][gc,age       ] GC(237) - age  13:        856 bytes,    3979376 total
[2020-09-29T10:10:52.383+0000][7792][gc,age       ] GC(237) - age  14:       2120 bytes,    3981496 total
[2020-09-29T10:10:52.383+0000][7792][gc,age       ] GC(237) - age  15:        872 bytes,    3982368 total
[2020-09-29T10:10:52.383+0000][7792][gc,phases    ] GC(237)   Pre Evacuate Collection Set: 0.5ms
[2020-09-29T10:10:52.383+0000][7792][gc,phases    ] GC(237)   Merge Heap Roots: 0.2ms
[2020-09-29T10:10:52.383+0000][7792][gc,phases    ] GC(237)   Evacuate Collection Set: 2.8ms
[2020-09-29T10:10:52.383+0000][7792][gc,phases    ] GC(237)   Post Evacuate Collection Set: 0.9ms
[2020-09-29T10:10:52.383+0000][7792][gc,phases    ] GC(237)   Other: 1.3ms
[2020-09-29T10:10:52.383+0000][7792][gc,heap      ] GC(237) Eden regions: 59->0(495)
[2020-09-29T10:10:52.383+0000][7792][gc,heap      ] GC(237) Survivor regions: 5->5(63)
[2020-09-29T10:10:52.383+0000][7792][gc,heap      ] GC(237) Old regions: 77->77
[2020-09-29T10:10:52.383+0000][7792][gc,heap      ] GC(237) Archive regions: 0->0
[2020-09-29T10:10:52.383+0000][7792][gc,heap      ] GC(237) Humongous regions: 330->174
[2020-09-29T10:10:52.383+0000][7792][gc,metaspace ] GC(237) Metaspace: 88158K(93952K)->88158K(93952K) NonClass: 77042K(80384K)->77042K(80384K) Class: 11116K(13568K)->11116K(13568K)
[2020-09-29T10:10:52.383+0000][7792][gc           ] GC(237) Pause Young (Concurrent Start) (G1 Humongous Allocation) 470M->254M(1024M) 6.012ms
[2020-09-29T10:10:52.383+0000][7792][gc,cpu       ] GC(237) User=0.00s Sys=0.00s Real=0.01s
[2020-09-29T10:10:52.384+0000][7792][gc           ] GC(238) Concurrent Cycle
[2020-09-29T10:10:52.384+0000][7792][safepoint    ] Safepoint "G1TryInitiateConcMark", Time since last: 18152300 ns, Reaching safepoint: 175400 ns, At safepoint: 6208100 ns, Total: 6383500 ns
[2020-09-29T10:10:52.384+0000][7792][gc,marking   ] GC(238) Concurrent Clear Claimed Marks
[2020-09-29T10:10:52.384+0000][7792][gc,marking   ] GC(238) Concurrent Clear Claimed Marks 0.383ms
[2020-09-29T10:10:52.384+0000][7792][gc,marking   ] GC(238) Concurrent Scan Root Regions
[2020-09-29T10:10:52.387+0000][7792][gc,marking   ] GC(238) Concurrent Scan Root Regions 2.579ms
[2020-09-29T10:10:52.387+0000][7792][gc,marking   ] GC(238) Concurrent Mark (915.489s)
[2020-09-29T10:10:52.387+0000][7792][gc,marking   ] GC(238) Concurrent Mark From Roots
[2020-09-29T10:10:52.387+0000][7792][gc,task      ] GC(238) Using 2 workers of 2 for marking
[2020-09-29T10:10:52.544+0000][7792][gc,marking   ] GC(238) Concurrent Mark From Roots 157.467ms
[2020-09-29T10:10:52.544+0000][7792][gc,marking   ] GC(238) Concurrent Preclean
[2020-09-29T10:10:52.545+0000][7792][gc,marking   ] GC(238) Concurrent Preclean 0.816ms
[2020-09-29T10:10:52.545+0000][7792][gc,marking   ] GC(238) Concurrent Mark (915.489s, 915.647s) 158.537ms
[2020-09-29T10:10:52.546+0000][7792][gc,start     ] GC(238) Pause Remark
[2020-09-29T10:10:52.553+0000][7792][gc           ] GC(238) Pause Remark 486M->486M(1024M) 6.900ms
[2020-09-29T10:10:52.553+0000][7792][gc,cpu       ] GC(238) User=0.00s Sys=0.00s Real=0.01s
[2020-09-29T10:10:52.553+0000][7792][safepoint    ] Safepoint "G1Concurrent", Time since last: 161941200 ns, Reaching safepoint: 465000 ns, At safepoint: 7401200 ns, Total: 7866200 ns
[2020-09-29T10:10:52.553+0000][7792][gc,marking   ] GC(238) Concurrent Rebuild Remembered Sets
[2020-09-29T10:10:52.649+0000][7792][gc,marking   ] GC(238) Concurrent Rebuild Remembered Sets 95.339ms
[2020-09-29T10:10:52.649+0000][7792][gc,start     ] GC(238) Pause Cleanup
[2020-09-29T10:10:52.649+0000][7792][gc           ] GC(238) Pause Cleanup 524M->524M(1024M) 0.360ms
[2020-09-29T10:10:52.650+0000][7792][gc,cpu       ] GC(238) User=0.00s Sys=0.00s Real=0.00s
[2020-09-29T10:10:52.650+0000][7792][safepoint    ] Safepoint "G1Concurrent", Time since last: 95535800 ns, Reaching safepoint: 161600 ns, At safepoint: 620300 ns, Total: 781900 ns
[2020-09-29T10:10:52.650+0000][7792][gc,marking   ] GC(238) Concurrent Cleanup for Next Mark
[2020-09-29T10:10:52.652+0000][7792][gc,marking   ] GC(238) Concurrent Cleanup for Next Mark 2.045ms
[2020-09-29T10:10:52.652+0000][7792][gc           ] GC(238) Concurrent Cycle 268.381ms
[2020-09-29T10:10:52.725+0000][7792][gc,start     ] GC(239) Pause Young (Concurrent Start) (G1 Humongous Allocation)
[2020-09-29T10:10:52.725+0000][7792][gc,task      ] GC(239) Using 8 workers of 8 for evacuation
[2020-09-29T10:10:52.725+0000][7792][gc,age       ] GC(239) Desired survivor size 33030144 bytes, new threshold 15 (max threshold 15)
[2020-09-29T10:10:52.730+0000][7792][gc,age       ] GC(239) Age table with threshold 15 (max threshold 15)
[2020-09-29T10:10:52.730+0000][7792][gc,age       ] GC(239) - age   1:    9009864 bytes,    9009864 total
[2020-09-29T10:10:52.731+0000][7792][gc,age       ] GC(239) - age   2:       3272 bytes,    9013136 total
[2020-09-29T10:10:52.731+0000][7792][gc,age       ] GC(239) - age   3:       4488 bytes,    9017624 total
[2020-09-29T10:10:52.731+0000][7792][gc,age       ] GC(239) - age   4:       2384 bytes,    9020008 total
[2020-09-29T10:10:52.731+0000][7792][gc,age       ] GC(239) - age   5:      38784 bytes,    9058792 total
[2020-09-29T10:10:52.731+0000][7792][gc,age       ] GC(239) - age   6:       1056 bytes,    9059848 total
[2020-09-29T10:10:52.731+0000][7792][gc,age       ] GC(239) - age   7:       4632 bytes,    9064480 total
[2020-09-29T10:10:52.731+0000][7792][gc,age       ] GC(239) - age   8:      64336 bytes,    9128816 total
[2020-09-29T10:10:52.731+0000][7792][gc,age       ] GC(239) - age   9:        864 bytes,    9129680 total
[2020-09-29T10:10:52.731+0000][7792][gc,age       ] GC(239) - age  10:       1464 bytes,    9131144 total
[2020-09-29T10:10:52.731+0000][7792][gc,age       ] GC(239) - age  11:      29608 bytes,    9160752 total
[2020-09-29T10:10:52.731+0000][7792][gc,age       ] GC(239) - age  12:        624 bytes,    9161376 total
[2020-09-29T10:10:52.731+0000][7792][gc,age       ] GC(239) - age  13:        816 bytes,    9162192 total
[2020-09-29T10:10:52.731+0000][7792][gc,age       ] GC(239) - age  14:        856 bytes,    9163048 total
[2020-09-29T10:10:52.731+0000][7792][gc,age       ] GC(239) - age  15:       2120 bytes,    9165168 total
[2020-09-29T10:10:52.731+0000][7792][gc,phases    ] GC(239)   Pre Evacuate Collection Set: 0.5ms
[2020-09-29T10:10:52.731+0000][7792][gc,phases    ] GC(239)   Merge Heap Roots: 0.1ms
[2020-09-29T10:10:52.731+0000][7792][gc,phases    ] GC(239)   Evacuate Collection Set: 3.2ms
[2020-09-29T10:10:52.731+0000][7792][gc,phases    ] GC(239)   Post Evacuate Collection Set: 1.1ms
[2020-09-29T10:10:52.731+0000][7792][gc,phases    ] GC(239)   Other: 1.1ms
[2020-09-29T10:10:52.731+0000][7792][gc,heap      ] GC(239) Eden regions: 93->0(487)
[2020-09-29T10:10:52.731+0000][7792][gc,heap      ] GC(239) Survivor regions: 5->10(63)
[2020-09-29T10:10:52.731+0000][7792][gc,heap      ] GC(239) Old regions: 77->77
[2020-09-29T10:10:52.731+0000][7792][gc,heap      ] GC(239) Archive regions: 0->0
[2020-09-29T10:10:52.731+0000][7792][gc,heap      ] GC(239) Humongous regions: 366->174
[2020-09-29T10:10:52.731+0000][7792][gc,metaspace ] GC(239) Metaspace: 88176K(94208K)->88176K(94208K) NonClass: 77058K(80640K)->77058K(80640K) Class: 11118K(13568K)->11118K(13568K)
[2020-09-29T10:10:52.732+0000][7792][gc           ] GC(239) Pause Young (Concurrent Start) (G1 Humongous Allocation) 539M->259M(1024M) 6.494ms
[2020-09-29T10:10:52.732+0000][7792][gc,cpu       ] GC(239) User=0.00s Sys=0.00s Real=0.01s
[2020-09-29T10:10:52.732+0000][7792][gc           ] GC(240) Concurrent Cycle
[2020-09-29T10:10:52.732+0000][7792][safepoint    ] Safepoint "G1TryInitiateConcMark", Time since last: 75653100 ns, Reaching safepoint: 182100 ns, At safepoint: 6740300 ns, Total: 6922400 ns
[2020-09-29T10:10:52.732+0000][7792][gc,marking   ] GC(240) Concurrent Clear Claimed Marks
[2020-09-29T10:10:52.732+0000][7792][gc,marking   ] GC(240) Concurrent Clear Claimed Marks 0.551ms
[2020-09-29T10:10:52.732+0000][7792][safepoint    ] Safepoint "G1TryInitiateConcMark", Time since last: 510000 ns, Reaching safepoint: 228000 ns, At safepoint: 38800 ns, Total: 266800 ns
[2020-09-29T10:10:52.732+0000][7792][gc,marking   ] GC(240) Concurrent Scan Root Regions
[2020-09-29T10:10:52.737+0000][7792][gc,marking   ] GC(240) Concurrent Scan Root Regions 4.430ms
[2020-09-29T10:10:52.737+0000][7792][gc,marking   ] GC(240) Concurrent Mark (915.840s)
[2020-09-29T10:10:52.737+0000][7792][gc,marking   ] GC(240) Concurrent Mark From Roots
[2020-09-29T10:10:52.737+0000][7792][gc,task      ] GC(240) Using 2 workers of 2 for marking
[2020-09-29T10:10:52.915+0000][7792][gc,marking   ] GC(240) Concurrent Mark From Roots 177.437ms
[2020-09-29T10:10:52.915+0000][7792][gc,marking   ] GC(240) Concurrent Preclean
[2020-09-29T10:10:52.915+0000][7792][gc,marking   ] GC(240) Concurrent Preclean 0.608ms
[2020-09-29T10:10:52.915+0000][7792][gc,marking   ] GC(240) Concurrent Mark (915.840s, 916.018s) 178.294ms
[2020-09-29T10:10:52.919+0000][7792][gc,start     ] GC(240) Pause Remark
[2020-09-29T10:10:52.926+0000][7792][gc           ] GC(240) Pause Remark 466M->466M(1024M) 7.023ms
[2020-09-29T10:10:52.926+0000][7792][gc,cpu       ] GC(240) User=0.09s Sys=0.00s Real=0.01s
[2020-09-29T10:10:52.926+0000][7792][safepoint    ] Safepoint "G1Concurrent", Time since last: 183027100 ns, Reaching safepoint: 3182400 ns, At safepoint: 7284100 ns, Total: 10466500 ns
[2020-09-29T10:10:52.926+0000][7792][gc,marking   ] GC(240) Concurrent Rebuild Remembered Sets
[2020-09-29T10:10:53.029+0000][7792][gc,marking   ] GC(240) Concurrent Rebuild Remembered Sets 102.848ms
[2020-09-29T10:10:53.034+0000][7792][gc,start     ] GC(240) Pause Cleanup
[2020-09-29T10:10:53.034+0000][7792][gc           ] GC(240) Pause Cleanup 594M->594M(1024M) 0.445ms
[2020-09-29T10:10:53.034+0000][7792][gc,cpu       ] GC(240) User=0.00s Sys=0.00s Real=0.00s
[2020-09-29T10:10:53.035+0000][7792][safepoint    ] Safepoint "G1Concurrent", Time since last: 103103900 ns, Reaching safepoint: 4620200 ns, At safepoint: 1405000 ns, Total: 6025200 ns
[2020-09-29T10:10:53.035+0000][7792][gc,marking   ] GC(240) Concurrent Cleanup for Next Mark
[2020-09-29T10:10:53.037+0000][7792][gc,marking   ] GC(240) Concurrent Cleanup for Next Mark 1.814ms
[2020-09-29T10:10:53.037+0000][7792][gc           ] GC(240) Concurrent Cycle 305.500ms
[2020-09-29T10:10:53.041+0000][7792][gc,start     ] GC(241) Pause Young (Concurrent Start) (G1 Humongous Allocation)
[2020-09-29T10:10:53.041+0000][7792][gc,task      ] GC(241) Using 8 workers of 8 for evacuation
[2020-09-29T10:10:53.041+0000][7792][gc,age       ] GC(241) Desired survivor size 33030144 bytes, new threshold 15 (max threshold 15)
[2020-09-29T10:10:53.046+0000][7792][gc,age       ] GC(241) Age table with threshold 15 (max threshold 15)
[2020-09-29T10:10:53.046+0000][7792][gc,age       ] GC(241) - age   1:    4339912 bytes,    4339912 total
[2020-09-29T10:10:53.046+0000][7792][gc,age       ] GC(241) - age   2:      75920 bytes,    4415832 total
[2020-09-29T10:10:53.046+0000][7792][gc,age       ] GC(241) - age   3:       3016 bytes,    4418848 total
[2020-09-29T10:10:53.046+0000][7792][gc,age       ] GC(241) - age   4:       3912 bytes,    4422760 total
[2020-09-29T10:10:53.046+0000][7792][gc,age       ] GC(241) - age   5:       2352 bytes,    4425112 total
[2020-09-29T10:10:53.046+0000][7792][gc,age       ] GC(241) - age   6:      38784 bytes,    4463896 total
[2020-09-29T10:10:53.046+0000][7792][gc,age       ] GC(241) - age   7:        992 bytes,    4464888 total
[2020-09-29T10:10:53.046+0000][7792][gc,age       ] GC(241) - age   8:       4632 bytes,    4469520 total
[2020-09-29T10:10:53.046+0000][7792][gc,age       ] GC(241) - age   9:      64336 bytes,    4533856 total
[2020-09-29T10:10:53.046+0000][7792][gc,age       ] GC(241) - age  10:        832 bytes,    4534688 total
[2020-09-29T10:10:53.046+0000][7792][gc,age       ] GC(241) - age  11:       1464 bytes,    4536152 total
[2020-09-29T10:10:53.046+0000][7792][gc,age       ] GC(241) - age  12:      29608 bytes,    4565760 total
[2020-09-29T10:10:53.046+0000][7792][gc,age       ] GC(241) - age  13:        624 bytes,    4566384 total
[2020-09-29T10:10:53.046+0000][7792][gc,age       ] GC(241) - age  14:        816 bytes,    4567200 total
[2020-09-29T10:10:53.046+0000][7792][gc,age       ] GC(241) - age  15:        856 bytes,    4568056 total
[2020-09-29T10:10:53.046+0000][7792][gc,phases    ] GC(241)   Pre Evacuate Collection Set: 0.6ms
[2020-09-29T10:10:53.046+0000][7792][gc,phases    ] GC(241)   Merge Heap Roots: 0.1ms
[2020-09-29T10:10:53.046+0000][7792][gc,phases    ] GC(241)   Evacuate Collection Set: 2.5ms
[2020-09-29T10:10:53.046+0000][7792][gc,phases    ] GC(241)   Post Evacuate Collection Set: 1.2ms
[2020-09-29T10:10:53.047+0000][7792][gc,phases    ] GC(241)   Other: 1.2ms
[2020-09-29T10:10:53.047+0000][7792][gc,heap      ] GC(241) Eden regions: 77->0(492)
[2020-09-29T10:10:53.047+0000][7792][gc,heap      ] GC(241) Survivor regions: 10->5(63)
[2020-09-29T10:10:53.047+0000][7792][gc,heap      ] GC(241) Old regions: 77->77
[2020-09-29T10:10:53.047+0000][7792][gc,heap      ] GC(241) Archive regions: 0->0
[2020-09-29T10:10:53.047+0000][7792][gc,heap      ] GC(241) Humongous regions: 432->174
[2020-09-29T10:10:53.047+0000][7792][gc,metaspace ] GC(241) Metaspace: 88178K(94208K)->88178K(94208K) NonClass: 77060K(80640K)->77060K(80640K) Class: 11118K(13568K)->11118K(13568K)
[2020-09-29T10:10:53.047+0000][7792][gc           ] GC(241) Pause Young (Concurrent Start) (G1 Humongous Allocation) 594M->255M(1024M) 6.130ms
[2020-09-29T10:10:53.047+0000][7792][gc,cpu       ] GC(241) User=0.02s Sys=0.00s Real=0.01s
[2020-09-29T10:10:53.047+0000][7792][gc           ] GC(242) Concurrent Cycle
[2020-09-29T10:10:53.047+0000][7792][gc,marking   ] GC(242) Concurrent Clear Claimed Marks
[2020-09-29T10:10:53.047+0000][7792][safepoint    ] Safepoint "G1TryInitiateConcMark", Time since last: 2522700 ns, Reaching safepoint: 3149300 ns, At safepoint: 6499600 ns, Total: 9648900 ns
[2020-09-29T10:10:53.048+0000][7792][gc,marking   ] GC(242) Concurrent Clear Claimed Marks 0.385ms
[2020-09-29T10:10:53.048+0000][7792][gc,marking   ] GC(242) Concurrent Scan Root Regions
[2020-09-29T10:10:53.050+0000][7792][gc,marking   ] GC(242) Concurrent Scan Root Regions 2.358ms
[2020-09-29T10:10:53.050+0000][7792][gc,marking   ] GC(242) Concurrent Mark (916.153s)
[2020-09-29T10:10:53.050+0000][7792][gc,marking   ] GC(242) Concurrent Mark From Roots
[2020-09-29T10:10:53.050+0000][7792][gc,task      ] GC(242) Using 2 workers of 2 for marking
[2020-09-29T10:10:53.229+0000][7792][gc,marking   ] GC(242) Concurrent Mark From Roots 179.189ms
[2020-09-29T10:10:53.229+0000][7792][gc,marking   ] GC(242) Concurrent Preclean
[2020-09-29T10:10:53.230+0000][7792][gc,marking   ] GC(242) Concurrent Preclean 0.929ms
[2020-09-29T10:10:53.230+0000][7792][gc,marking   ] GC(242) Concurrent Mark (916.153s, 916.333s) 180.387ms
[2020-09-29T10:10:53.233+0000][7792][gc,start     ] GC(242) Pause Remark
[2020-09-29T10:10:53.239+0000][7792][gc           ] GC(242) Pause Remark 322M->322M(1024M) 7.292ms
[2020-09-29T10:10:53.239+0000][7792][gc,cpu       ] GC(242) User=0.13s Sys=0.00s Real=0.01s
[2020-09-29T10:10:53.241+0000][7792][safepoint    ] Safepoint "G1Concurrent", Time since last: 183385700 ns, Reaching safepoint: 1181100 ns, At safepoint: 9239900 ns, Total: 10421000 ns
[2020-09-29T10:10:53.241+0000][7792][gc,marking   ] GC(242) Concurrent Rebuild Remembered Sets
[2020-09-29T10:10:53.339+0000][7792][gc,marking   ] GC(242) Concurrent Rebuild Remembered Sets 97.716ms
[2020-09-29T10:10:53.339+0000][7792][gc,start     ] GC(242) Pause Cleanup
[2020-09-29T10:10:53.340+0000][7792][gc           ] GC(242) Pause Cleanup 332M->332M(1024M) 0.377ms
[2020-09-29T10:10:53.340+0000][7792][gc,cpu       ] GC(242) User=0.00s Sys=0.00s Real=0.00s
[2020-09-29T10:10:53.340+0000][7792][safepoint    ] Safepoint "G1Concurrent", Time since last: 97964900 ns, Reaching safepoint: 180600 ns, At safepoint: 579800 ns, Total: 760400 ns
[2020-09-29T10:10:53.340+0000][7792][gc,marking   ] GC(242) Concurrent Cleanup for Next Mark
[2020-09-29T10:10:53.342+0000][7792][gc,marking   ] GC(242) Concurrent Cleanup for Next Mark 1.946ms
[2020-09-29T10:10:53.342+0000][7792][gc           ] GC(242) Concurrent Cycle 294.938ms
[2020-09-29T10:10:53.437+0000][7792][gc,start     ] GC(243) Pause Young (Concurrent Start) (G1 Humongous Allocation)
[2020-09-29T10:10:53.437+0000][7792][gc,task      ] GC(243) Using 8 workers of 8 for evacuation
[2020-09-29T10:10:53.437+0000][7792][gc,age       ] GC(243) Desired survivor size 33030144 bytes, new threshold 15 (max threshold 15)
[2020-09-29T10:10:53.442+0000][7792][gc,age       ] GC(243) Age table with threshold 15 (max threshold 15)
[2020-09-29T10:10:53.442+0000][7792][gc,age       ] GC(243) - age   1:   10199408 bytes,   10199408 total
[2020-09-29T10:10:53.442+0000][7792][gc,age       ] GC(243) - age   2:       3160 bytes,   10202568 total
[2020-09-29T10:10:53.442+0000][7792][gc,age       ] GC(243) - age   3:      71648 bytes,   10274216 total
[2020-09-29T10:10:53.443+0000][7792][gc,age       ] GC(243) - age   4:       1248 bytes,   10275464 total
[2020-09-29T10:10:53.443+0000][7792][gc,age       ] GC(243) - age   5:       3424 bytes,   10278888 total
[2020-09-29T10:10:53.443+0000][7792][gc,age       ] GC(243) - age   6:       2320 bytes,   10281208 total
[2020-09-29T10:10:53.443+0000][7792][gc,age       ] GC(243) - age   7:      38784 bytes,   10319992 total
[2020-09-29T10:10:53.443+0000][7792][gc,age       ] GC(243) - age   8:        928 bytes,   10320920 total
[2020-09-29T10:10:53.443+0000][7792][gc,age       ] GC(243) - age   9:       4536 bytes,   10325456 total
[2020-09-29T10:10:53.443+0000][7792][gc,age       ] GC(243) - age  10:      64144 bytes,   10389600 total
[2020-09-29T10:10:53.443+0000][7792][gc,age       ] GC(243) - age  11:        832 bytes,   10390432 total
[2020-09-29T10:10:53.443+0000][7792][gc,age       ] GC(243) - age  12:       1464 bytes,   10391896 total
[2020-09-29T10:10:53.443+0000][7792][gc,age       ] GC(243) - age  13:      29608 bytes,   10421504 total
[2020-09-29T10:10:53.443+0000][7792][gc,age       ] GC(243) - age  14:        624 bytes,   10422128 total
[2020-09-29T10:10:53.443+0000][7792][gc,age       ] GC(243) - age  15:        816 bytes,   10422944 total
[2020-09-29T10:10:53.443+0000][7792][gc,phases    ] GC(243)   Pre Evacuate Collection Set: 0.7ms
[2020-09-29T10:10:53.443+0000][7792][gc,phases    ] GC(243)   Merge Heap Roots: 0.1ms
[2020-09-29T10:10:53.443+0000][7792][gc,phases    ] GC(243)   Evacuate Collection Set: 3.1ms
[2020-09-29T10:10:53.443+0000][7792][gc,phases    ] GC(243)   Post Evacuate Collection Set: 1.0ms
[2020-09-29T10:10:53.443+0000][7792][gc,phases    ] GC(243)   Other: 1.3ms
[2020-09-29T10:10:53.443+0000][7792][gc,heap      ] GC(243) Eden regions: 47->0(483)
[2020-09-29T10:10:53.443+0000][7792][gc,heap      ] GC(243) Survivor regions: 5->11(63)
[2020-09-29T10:10:53.443+0000][7792][gc,heap      ] GC(243) Old regions: 77->77
[2020-09-29T10:10:53.444+0000][7792][gc,heap      ] GC(243) Archive regions: 0->0
[2020-09-29T10:10:53.444+0000][7792][gc,heap      ] GC(243) Humongous regions: 230->174
[2020-09-29T10:10:53.444+0000][7792][gc,metaspace ] GC(243) Metaspace: 88183K(94208K)->88183K(94208K) NonClass: 77065K(80640K)->77065K(80640K) Class: 11118K(13568K)->11118K(13568K)
[2020-09-29T10:10:53.444+0000][7792][gc           ] GC(243) Pause Young (Concurrent Start) (G1 Humongous Allocation) 358M->261M(1024M) 6.772ms
[2020-09-29T10:10:53.444+0000][7792][gc,cpu       ] GC(243) User=0.00s Sys=0.00s Real=0.01s
[2020-09-29T10:10:53.444+0000][7792][gc           ] GC(244) Concurrent Cycle
[2020-09-29T10:10:53.444+0000][7792][gc,marking   ] GC(244) Concurrent Clear Claimed Marks
[2020-09-29T10:10:53.444+0000][7792][safepoint    ] Safepoint "G1TryInitiateConcMark", Time since last: 96625600 ns, Reaching safepoint: 524500 ns, At safepoint: 7195200 ns, Total: 7719700 ns
[2020-09-29T10:10:53.444+0000][7792][gc,marking   ] GC(244) Concurrent Clear Claimed Marks 0.394ms
[2020-09-29T10:10:53.444+0000][7792][gc,marking   ] GC(244) Concurrent Scan Root Regions
[2020-09-29T10:10:53.447+0000][7792][gc,marking   ] GC(244) Concurrent Scan Root Regions 2.133ms
[2020-09-29T10:10:53.447+0000][7792][gc,marking   ] GC(244) Concurrent Mark (916.549s)
[2020-09-29T10:10:53.447+0000][7792][gc,marking   ] GC(244) Concurrent Mark From Roots
[2020-09-29T10:10:53.447+0000][7792][gc,task      ] GC(244) Using 2 workers of 2 for marking
[2020-09-29T10:10:53.622+0000][7792][gc,marking   ] GC(244) Concurrent Mark From Roots 175.268ms
[2020-09-29T10:10:53.622+0000][7792][gc,marking   ] GC(244) Concurrent Preclean
[2020-09-29T10:10:53.623+0000][7792][gc,marking   ] GC(244) Concurrent Preclean 0.700ms
[2020-09-29T10:10:53.623+0000][7792][gc,marking   ] GC(244) Concurrent Mark (916.549s, 916.726s) 176.184ms
[2020-09-29T10:10:53.626+0000][7792][gc,start     ] GC(244) Pause Remark
[2020-09-29T10:10:53.633+0000][7792][gc           ] GC(244) Pause Remark 511M->511M(1024M) 6.781ms
[2020-09-29T10:10:53.633+0000][7792][gc,cpu       ] GC(244) User=0.00s Sys=0.00s Real=0.01s
[2020-09-29T10:10:53.634+0000][7792][safepoint    ] Safepoint "G1Concurrent", Time since last: 178882700 ns, Reaching safepoint: 2738400 ns, At safepoint: 8150400 ns, Total: 10888800 ns
[2020-09-29T10:10:53.634+0000][7792][gc,marking   ] GC(244) Concurrent Rebuild Remembered Sets
[2020-09-29T10:10:53.731+0000][7792][gc,marking   ] GC(244) Concurrent Rebuild Remembered Sets 97.229ms
[2020-09-29T10:10:53.736+0000][7792][gc,start     ] GC(244) Pause Cleanup
[2020-09-29T10:10:53.736+0000][7792][gc           ] GC(244) Pause Cleanup 574M->574M(1024M) 0.394ms
[2020-09-29T10:10:53.736+0000][7792][gc,cpu       ] GC(244) User=0.00s Sys=0.00s Real=0.00s
[2020-09-29T10:10:53.736+0000][7792][safepoint    ] Safepoint "G1Concurrent", Time since last: 97475300 ns, Reaching safepoint: 4338300 ns, At safepoint: 685400 ns, Total: 5023700 ns
[2020-09-29T10:10:53.736+0000][7792][gc,marking   ] GC(244) Concurrent Cleanup for Next Mark
[2020-09-29T10:10:53.738+0000][7792][gc,marking   ] GC(244) Concurrent Cleanup for Next Mark 1.873ms
[2020-09-29T10:10:53.738+0000][7792][gc           ] GC(244) Concurrent Cycle 294.534ms
[2020-09-29T10:10:53.912+0000][7792][gc,start     ] GC(245) Pause Young (Concurrent Start) (G1 Humongous Allocation)
[2020-09-29T10:10:53.912+0000][7792][gc,task      ] GC(245) Using 8 workers of 8 for evacuation
[2020-09-29T10:10:53.912+0000][7792][gc,age       ] GC(245) Desired survivor size 32505856 bytes, new threshold 15 (max threshold 15)
[2020-09-29T10:10:53.918+0000][7792][gc,age       ] GC(245) Age table with threshold 15 (max threshold 15)
[2020-09-29T10:10:53.918+0000][7792][gc,age       ] GC(245) - age   1:   13591992 bytes,   13591992 total
[2020-09-29T10:10:53.918+0000][7792][gc,age       ] GC(245) - age   2:       6336 bytes,   13598328 total
[2020-09-29T10:10:53.918+0000][7792][gc,age       ] GC(245) - age   3:       2296 bytes,   13600624 total
[2020-09-29T10:10:53.918+0000][7792][gc,age       ] GC(245) - age   4:      65248 bytes,   13665872 total
[2020-09-29T10:10:53.918+0000][7792][gc,age       ] GC(245) - age   5:       1216 bytes,   13667088 total
[2020-09-29T10:10:53.918+0000][7792][gc,age       ] GC(245) - age   6:       3080 bytes,   13670168 total
[2020-09-29T10:10:53.918+0000][7792][gc,age       ] GC(245) - age   7:       1808 bytes,   13671976 total
[2020-09-29T10:10:53.918+0000][7792][gc,age       ] GC(245) - age   8:      38752 bytes,   13710728 total
[2020-09-29T10:10:53.918+0000][7792][gc,age       ] GC(245) - age   9:        928 bytes,   13711656 total
[2020-09-29T10:10:53.918+0000][7792][gc,age       ] GC(245) - age  10:       4536 bytes,   13716192 total
[2020-09-29T10:10:53.918+0000][7792][gc,age       ] GC(245) - age  11:      64144 bytes,   13780336 total
[2020-09-29T10:10:53.919+0000][7792][gc,age       ] GC(245) - age  12:        832 bytes,   13781168 total
[2020-09-29T10:10:53.919+0000][7792][gc,age       ] GC(245) - age  13:       1464 bytes,   13782632 total
[2020-09-29T10:10:53.919+0000][7792][gc,age       ] GC(245) - age  14:      29608 bytes,   13812240 total
[2020-09-29T10:10:53.919+0000][7792][gc,age       ] GC(245) - age  15:        624 bytes,   13812864 total
[2020-09-29T10:10:53.919+0000][7792][gc,phases    ] GC(245)   Pre Evacuate Collection Set: 0.5ms
[2020-09-29T10:10:53.919+0000][7792][gc,phases    ] GC(245)   Merge Heap Roots: 0.1ms
[2020-09-29T10:10:53.919+0000][7792][gc,phases    ] GC(245)   Evacuate Collection Set: 3.8ms
[2020-09-29T10:10:53.919+0000][7792][gc,phases    ] GC(245)   Post Evacuate Collection Set: 1.1ms
[2020-09-29T10:10:53.919+0000][7792][gc,phases    ] GC(245)   Other: 1.1ms
[2020-09-29T10:10:53.919+0000][7792][gc,heap      ] GC(245) Eden regions: 103->0(474)
[2020-09-29T10:10:53.919+0000][7792][gc,heap      ] GC(245) Survivor regions: 11->15(62)
[2020-09-29T10:10:53.919+0000][7792][gc,heap      ] GC(245) Old regions: 77->77
[2020-09-29T10:10:53.919+0000][7792][gc,heap      ] GC(245) Archive regions: 0->0
[2020-09-29T10:10:53.919+0000][7792][gc,heap      ] GC(245) Humongous regions: 422->174
[2020-09-29T10:10:53.919+0000][7792][gc,metaspace ] GC(245) Metaspace: 88219K(94208K)->88219K(94208K) NonClass: 77093K(80640K)->77093K(80640K) Class: 11125K(13568K)->11125K(13568K)
[2020-09-29T10:10:53.919+0000][7792][gc           ] GC(245) Pause Young (Concurrent Start) (G1 Humongous Allocation) 611M->264M(1024M) 7.141ms
[2020-09-29T10:10:53.919+0000][7792][gc,cpu       ] GC(245) User=0.00s Sys=0.00s Real=0.01s
[2020-09-29T10:10:53.919+0000][7792][gc           ] GC(246) Concurrent Cycle
[2020-09-29T10:10:53.920+0000][7792][gc,marking   ] GC(246) Concurrent Clear Claimed Marks
[2020-09-29T10:10:53.920+0000][7792][gc,marking   ] GC(246) Concurrent Clear Claimed Marks 0.368ms
[2020-09-29T10:10:53.920+0000][7792][gc,marking   ] GC(246) Concurrent Scan Root Regions
[2020-09-29T10:10:53.920+0000][7792][safepoint    ] Safepoint "G1TryInitiateConcMark", Time since last: 175555900 ns, Reaching safepoint: 188000 ns, At safepoint: 7939100 ns, Total: 8127100 ns
[2020-09-29T10:10:53.923+0000][7792][gc,marking   ] GC(246) Concurrent Scan Root Regions 2.756ms
[2020-09-29T10:10:53.923+0000][7792][gc,marking   ] GC(246) Concurrent Mark (917.026s)
[2020-09-29T10:10:53.923+0000][7792][gc,marking   ] GC(246) Concurrent Mark From Roots
[2020-09-29T10:10:53.923+0000][7792][gc,task      ] GC(246) Using 2 workers of 2 for marking
[2020-09-29T10:10:54.101+0000][7792][gc,marking   ] GC(246) Concurrent Mark From Roots 178.062ms
[2020-09-29T10:10:54.101+0000][7792][gc,marking   ] GC(246) Concurrent Preclean
[2020-09-29T10:10:54.102+0000][7792][gc,marking   ] GC(246) Concurrent Preclean 0.681ms
[2020-09-29T10:10:54.102+0000][7792][gc,marking   ] GC(246) Concurrent Mark (917.026s, 917.205s) 178.991ms
[2020-09-29T10:10:54.102+0000][7792][gc,start     ] GC(246) Pause Remark
[2020-09-29T10:10:54.109+0000][7792][gc           ] GC(246) Pause Remark 592M->592M(1024M) 7.022ms
[2020-09-29T10:10:54.109+0000][7792][gc,cpu       ] GC(246) User=0.11s Sys=0.00s Real=0.01s
[2020-09-29T10:10:54.109+0000][7792][safepoint    ] Safepoint "G1Concurrent", Time since last: 182002900 ns, Reaching safepoint: 181400 ns, At safepoint: 7292700 ns, Total: 7474100 ns
[2020-09-29T10:10:54.110+0000][7792][gc,marking   ] GC(246) Concurrent Rebuild Remembered Sets
[2020-09-29T10:10:54.208+0000][7792][gc,marking   ] GC(246) Concurrent Rebuild Remembered Sets 98.799ms
[2020-09-29T10:10:54.209+0000][7792][gc,start     ] GC(246) Pause Cleanup
[2020-09-29T10:10:54.209+0000][7792][gc           ] GC(246) Pause Cleanup 785M->785M(1024M) 0.456ms
[2020-09-29T10:10:54.209+0000][7792][gc,cpu       ] GC(246) User=0.00s Sys=0.00s Real=0.00s
[2020-09-29T10:10:54.209+0000][7792][safepoint    ] Safepoint "G1Concurrent", Time since last: 99001400 ns, Reaching safepoint: 240400 ns, At safepoint: 759600 ns, Total: 1000000 ns
[2020-09-29T10:10:54.210+0000][7792][gc,marking   ] GC(246) Concurrent Cleanup for Next Mark
[2020-09-29T10:10:54.212+0000][7792][gc,marking   ] GC(246) Concurrent Cleanup for Next Mark 2.353ms
[2020-09-29T10:10:54.212+0000][7792][gc           ] GC(246) Concurrent Cycle 292.632ms
[2020-09-29T10:10:54.213+0000][7792][gc,start     ] GC(247) Pause Young (Concurrent Start) (G1 Humongous Allocation)
[2020-09-29T10:10:54.213+0000][7792][gc,task      ] GC(247) Using 8 workers of 8 for evacuation
[2020-09-29T10:10:54.213+0000][7792][gc,age       ] GC(247) Desired survivor size 32505856 bytes, new threshold 15 (max threshold 15)
[2020-09-29T10:10:54.218+0000][7792][gc,age       ] GC(247) Age table with threshold 15 (max threshold 15)
[2020-09-29T10:10:54.218+0000][7792][gc,age       ] GC(247) - age   1:    6917608 bytes,    6917608 total
[2020-09-29T10:10:54.218+0000][7792][gc,age       ] GC(247) - age   2:       7112 bytes,    6924720 total
[2020-09-29T10:10:54.218+0000][7792][gc,age       ] GC(247) - age   3:       5872 bytes,    6930592 total
[2020-09-29T10:10:54.218+0000][7792][gc,age       ] GC(247) - age   4:       2080 bytes,    6932672 total
[2020-09-29T10:10:54.218+0000][7792][gc,age       ] GC(247) - age   5:      64928 bytes,    6997600 total
[2020-09-29T10:10:54.218+0000][7792][gc,age       ] GC(247) - age   6:       1216 bytes,    6998816 total
[2020-09-29T10:10:54.218+0000][7792][gc,age       ] GC(247) - age   7:       3080 bytes,    7001896 total
[2020-09-29T10:10:54.218+0000][7792][gc,age       ] GC(247) - age   8:       1808 bytes,    7003704 total
[2020-09-29T10:10:54.218+0000][7792][gc,age       ] GC(247) - age   9:      38688 bytes,    7042392 total
[2020-09-29T10:10:54.218+0000][7792][gc,age       ] GC(247) - age  10:        928 bytes,    7043320 total
[2020-09-29T10:10:54.218+0000][7792][gc,age       ] GC(247) - age  11:       4440 bytes,    7047760 total
[2020-09-29T10:10:54.218+0000][7792][gc,age       ] GC(247) - age  12:      64112 bytes,    7111872 total
[2020-09-29T10:10:54.218+0000][7792][gc,age       ] GC(247) - age  13:        832 bytes,    7112704 total
[2020-09-29T10:10:54.218+0000][7792][gc,age       ] GC(247) - age  14:       1464 bytes,    7114168 total
[2020-09-29T10:10:54.218+0000][7792][gc,age       ] GC(247) - age  15:      29608 bytes,    7143776 total
[2020-09-29T10:10:54.218+0000][7792][gc,phases    ] GC(247)   Pre Evacuate Collection Set: 0.5ms
[2020-09-29T10:10:54.218+0000][7792][gc,phases    ] GC(247)   Merge Heap Roots: 0.1ms
[2020-09-29T10:10:54.218+0000][7792][gc,phases    ] GC(247)   Evacuate Collection Set: 2.6ms
[2020-09-29T10:10:54.218+0000][7792][gc,phases    ] GC(247)   Post Evacuate Collection Set: 1.3ms
[2020-09-29T10:10:54.218+0000][7792][gc,phases    ] GC(247)   Other: 1.0ms
[2020-09-29T10:10:54.218+0000][7792][gc,heap      ] GC(247) Eden regions: 114->0(481)
[2020-09-29T10:10:54.218+0000][7792][gc,heap      ] GC(247) Survivor regions: 15->8(62)
[2020-09-29T10:10:54.218+0000][7792][gc,heap      ] GC(247) Old regions: 77->77
[2020-09-29T10:10:54.218+0000][7792][gc,heap      ] GC(247) Archive regions: 0->0
[2020-09-29T10:10:54.218+0000][7792][gc,heap      ] GC(247) Humongous regions: 596->174
[2020-09-29T10:10:54.218+0000][7792][gc,metaspace ] GC(247) Metaspace: 88227K(94208K)->88227K(94208K) NonClass: 77101K(80640K)->77101K(80640K) Class: 11125K(13568K)->11125K(13568K)
[2020-09-29T10:10:54.218+0000][7792][gc           ] GC(247) Pause Young (Concurrent Start) (G1 Humongous Allocation) 800M->258M(1024M) 5.698ms
[2020-09-29T10:10:54.218+0000][7792][gc,cpu       ] GC(247) User=0.02s Sys=0.00s Real=0.00s
[2020-09-29T10:10:54.219+0000][7792][gc           ] GC(248) Concurrent Cycle
[2020-09-29T10:10:54.219+0000][7792][safepoint    ] Safepoint "G1TryInitiateConcMark", Time since last: 2879800 ns, Reaching safepoint: 224600 ns, At safepoint: 5991400 ns, Total: 6216000 ns
[2020-09-29T10:10:54.219+0000][7792][gc,marking   ] GC(248) Concurrent Clear Claimed Marks
[2020-09-29T10:10:54.220+0000][7792][gc,marking   ] GC(248) Concurrent Clear Claimed Marks 0.866ms
[2020-09-29T10:10:54.220+0000][7792][gc,marking   ] GC(248) Concurrent Scan Root Regions
[2020-09-29T10:10:54.222+0000][7792][gc,marking   ] GC(248) Concurrent Scan Root Regions 2.284ms
[2020-09-29T10:10:54.222+0000][7792][gc,marking   ] GC(248) Concurrent Mark (917.325s)
[2020-09-29T10:10:54.222+0000][7792][gc,marking   ] GC(248) Concurrent Mark From Roots
[2020-09-29T10:10:54.222+0000][7792][gc,task      ] GC(248) Using 2 workers of 2 for marking
[2020-09-29T10:10:54.406+0000][7792][gc,marking   ] GC(248) Concurrent Mark From Roots 182.820ms
[2020-09-29T10:10:54.406+0000][7792][gc,marking   ] GC(248) Concurrent Preclean
[2020-09-29T10:10:54.407+0000][7792][gc,marking   ] GC(248) Concurrent Preclean 0.721ms
[2020-09-29T10:10:54.407+0000][7792][gc,marking   ] GC(248) Concurrent Mark (917.325s, 917.509s) 183.801ms
[2020-09-29T10:10:54.407+0000][7792][gc,start     ] GC(248) Pause Remark
[2020-09-29T10:10:54.415+0000][7792][gc           ] GC(248) Pause Remark 406M->406M(1024M) 7.668ms
[2020-09-29T10:10:54.415+0000][7792][gc,cpu       ] GC(248) User=0.00s Sys=0.00s Real=0.01s
[2020-09-29T10:10:54.416+0000][7792][safepoint    ] Safepoint "G1Concurrent", Time since last: 187602700 ns, Reaching safepoint: 198100 ns, At safepoint: 8252800 ns, Total: 8450900 ns
[2020-09-29T10:10:54.416+0000][7792][gc,marking   ] GC(248) Concurrent Rebuild Remembered Sets
[2020-09-29T10:10:54.509+0000][7792][gc,marking   ] GC(248) Concurrent Rebuild Remembered Sets 93.315ms
[2020-09-29T10:10:54.509+0000][7792][gc,start     ] GC(248) Pause Cleanup
[2020-09-29T10:10:54.510+0000][7792][gc           ] GC(248) Pause Cleanup 471M->471M(1024M) 0.353ms
[2020-09-29T10:10:54.510+0000][7792][gc,cpu       ] GC(248) User=0.00s Sys=0.00s Real=0.00s
[2020-09-29T10:10:54.510+0000][7792][safepoint    ] Safepoint "G1Concurrent", Time since last: 93558000 ns, Reaching safepoint: 184800 ns, At safepoint: 616900 ns, Total: 801700 ns
[2020-09-29T10:10:54.510+0000][7792][gc,marking   ] GC(248) Concurrent Cleanup for Next Mark
[2020-09-29T10:10:54.512+0000][7792][gc,marking   ] GC(248) Concurrent Cleanup for Next Mark 1.959ms
[2020-09-29T10:10:54.512+0000][7792][gc           ] GC(248) Concurrent Cycle 292.614ms
[2020-09-29T10:10:54.568+0000][7792][gc,start     ] GC(249) Pause Young (Concurrent Start) (G1 Humongous Allocation)
[2020-09-29T10:10:54.568+0000][7792][gc,task      ] GC(249) Using 8 workers of 8 for evacuation
[2020-09-29T10:10:54.568+0000][7792][gc,age       ] GC(249) Desired survivor size 32505856 bytes, new threshold 15 (max threshold 15)
[2020-09-29T10:10:54.572+0000][7792][gc,age       ] GC(249) Age table with threshold 15 (max threshold 15)
[2020-09-29T10:10:54.572+0000][7792][gc,age       ] GC(249) - age   1:    2844368 bytes,    2844368 total
[2020-09-29T10:10:54.572+0000][7792][gc,age       ] GC(249) - age   2:       8432 bytes,    2852800 total
[2020-09-29T10:10:54.572+0000][7792][gc,age       ] GC(249) - age   3:       6232 bytes,    2859032 total
[2020-09-29T10:10:54.572+0000][7792][gc,age       ] GC(249) - age   4:       4880 bytes,    2863912 total
[2020-09-29T10:10:54.572+0000][7792][gc,age       ] GC(249) - age   5:       2080 bytes,    2865992 total
[2020-09-29T10:10:54.572+0000][7792][gc,age       ] GC(249) - age   6:      64672 bytes,    2930664 total
[2020-09-29T10:10:54.572+0000][7792][gc,age       ] GC(249) - age   7:       1216 bytes,    2931880 total
[2020-09-29T10:10:54.572+0000][7792][gc,age       ] GC(249) - age   8:       2984 bytes,    2934864 total
[2020-09-29T10:10:54.572+0000][7792][gc,age       ] GC(249) - age   9:       1808 bytes,    2936672 total
[2020-09-29T10:10:54.572+0000][7792][gc,age       ] GC(249) - age  10:      38688 bytes,    2975360 total
[2020-09-29T10:10:54.572+0000][7792][gc,age       ] GC(249) - age  11:        800 bytes,    2976160 total
[2020-09-29T10:10:54.572+0000][7792][gc,age       ] GC(249) - age  12:       4440 bytes,    2980600 total
[2020-09-29T10:10:54.572+0000][7792][gc,age       ] GC(249) - age  13:      64112 bytes,    3044712 total
[2020-09-29T10:10:54.572+0000][7792][gc,age       ] GC(249) - age  14:        704 bytes,    3045416 total
[2020-09-29T10:10:54.572+0000][7792][gc,age       ] GC(249) - age  15:       1464 bytes,    3046880 total
[2020-09-29T10:10:54.572+0000][7792][gc,phases    ] GC(249)   Pre Evacuate Collection Set: 0.5ms
[2020-09-29T10:10:54.573+0000][7792][gc,phases    ] GC(249)   Merge Heap Roots: 0.1ms
[2020-09-29T10:10:54.573+0000][7792][gc,phases    ] GC(249)   Evacuate Collection Set: 2.1ms
[2020-09-29T10:10:54.573+0000][7792][gc,phases    ] GC(249)   Post Evacuate Collection Set: 1.0ms
[2020-09-29T10:10:54.573+0000][7792][gc,phases    ] GC(249)   Other: 1.3ms
[2020-09-29T10:10:54.573+0000][7792][gc,heap      ] GC(249) Eden regions: 83->0(490)
[2020-09-29T10:10:54.573+0000][7792][gc,heap      ] GC(249) Survivor regions: 8->4(62)
[2020-09-29T10:10:54.573+0000][7792][gc,heap      ] GC(249) Old regions: 77->77
[2020-09-29T10:10:54.573+0000][7792][gc,heap      ] GC(249) Archive regions: 0->0
[2020-09-29T10:10:54.573+0000][7792][gc,heap      ] GC(249) Humongous regions: 314->174
[2020-09-29T10:10:54.573+0000][7792][gc,metaspace ] GC(249) Metaspace: 88232K(94208K)->88232K(94208K) NonClass: 77107K(80640K)->77107K(80640K) Class: 11125K(13568K)->11125K(13568K)
[2020-09-29T10:10:54.573+0000][7792][gc           ] GC(249) Pause Young (Concurrent Start) (G1 Humongous Allocation) 480M->254M(1024M) 5.585ms
[2020-09-29T10:10:54.573+0000][7792][gc,cpu       ] GC(249) User=0.00s Sys=0.00s Real=0.00s
[2020-09-29T10:10:54.573+0000][7792][gc           ] GC(250) Concurrent Cycle
[2020-09-29T10:10:54.573+0000][7792][gc,marking   ] GC(250) Concurrent Clear Claimed Marks
[2020-09-29T10:10:54.574+0000][7792][safepoint    ] Safepoint "G1TryInitiateConcMark", Time since last: 57401700 ns, Reaching safepoint: 184900 ns, At safepoint: 6039700 ns, Total: 6224600 ns
[2020-09-29T10:10:54.574+0000][7792][gc,marking   ] GC(250) Concurrent Clear Claimed Marks 0.335ms
[2020-09-29T10:10:54.574+0000][7792][gc,marking   ] GC(250) Concurrent Scan Root Regions
[2020-09-29T10:10:54.576+0000][7792][gc,marking   ] GC(250) Concurrent Scan Root Regions 2.134ms
[2020-09-29T10:10:54.576+0000][7792][gc,marking   ] GC(250) Concurrent Mark (917.678s)
[2020-09-29T10:10:54.576+0000][7792][gc,marking   ] GC(250) Concurrent Mark From Roots
[2020-09-29T10:10:54.576+0000][7792][gc,task      ] GC(250) Using 2 workers of 2 for marking
[2020-09-29T10:10:54.755+0000][7792][gc,marking   ] GC(250) Concurrent Mark From Roots 179.188ms
[2020-09-29T10:10:54.755+0000][7792][gc,marking   ] GC(250) Concurrent Preclean
[2020-09-29T10:10:54.756+0000][7792][gc,marking   ] GC(250) Concurrent Preclean 0.747ms
[2020-09-29T10:10:54.756+0000][7792][gc,marking   ] GC(250) Concurrent Mark (917.678s, 917.858s) 180.172ms
[2020-09-29T10:10:54.757+0000][7792][gc,start     ] GC(250) Pause Remark
[2020-09-29T10:10:54.765+0000][7792][gc           ] GC(250) Pause Remark 382M->382M(1024M) 7.844ms
[2020-09-29T10:10:54.765+0000][7792][gc,cpu       ] GC(250) User=0.02s Sys=0.00s Real=0.01s
[2020-09-29T10:10:54.765+0000][7792][safepoint    ] Safepoint "G1Concurrent", Time since last: 182776300 ns, Reaching safepoint: 254100 ns, At safepoint: 8114000 ns, Total: 8368100 ns
[2020-09-29T10:10:54.765+0000][7792][gc,marking   ] GC(250) Concurrent Rebuild Remembered Sets
[2020-09-29T10:10:54.870+0000][7792][gc,marking   ] GC(250) Concurrent Rebuild Remembered Sets 105.358ms
[2020-09-29T10:10:54.876+0000][7792][gc,start     ] GC(250) Pause Cleanup
[2020-09-29T10:10:54.876+0000][7792][gc           ] GC(250) Pause Cleanup 580M->580M(1024M) 0.420ms
[2020-09-29T10:10:54.876+0000][7792][gc,cpu       ] GC(250) User=0.00s Sys=0.00s Real=0.00s
[2020-09-29T10:10:54.877+0000][7792][safepoint    ] Safepoint "G1Concurrent", Time since last: 105579600 ns, Reaching safepoint: 5379100 ns, At safepoint: 1088100 ns, Total: 6467200 ns
[2020-09-29T10:10:54.877+0000][7792][gc,marking   ] GC(250) Concurrent Cleanup for Next Mark
[2020-09-29T10:10:54.879+0000][7792][gc,marking   ] GC(250) Concurrent Cleanup for Next Mark 1.834ms
[2020-09-29T10:10:54.879+0000][7792][gc           ] GC(250) Concurrent Cycle 305.484ms
[2020-09-29T10:10:54.887+0000][7792][gc,start     ] GC(251) Pause Young (Concurrent Start) (G1 Humongous Allocation)
[2020-09-29T10:10:54.887+0000][7792][gc,task      ] GC(251) Using 8 workers of 8 for evacuation
[2020-09-29T10:10:54.887+0000][7792][gc,age       ] GC(251) Desired survivor size 32505856 bytes, new threshold 15 (max threshold 15)
[2020-09-29T10:10:54.893+0000][7792][gc,age       ] GC(251) Age table with threshold 15 (max threshold 15)
[2020-09-29T10:10:54.893+0000][7792][gc,age       ] GC(251) - age   1:    7172232 bytes,    7172232 total
[2020-09-29T10:10:54.893+0000][7792][gc,age       ] GC(251) - age   2:      12352 bytes,    7184584 total
[2020-09-29T10:10:54.893+0000][7792][gc,age       ] GC(251) - age   3:       6928 bytes,    7191512 total
[2020-09-29T10:10:54.893+0000][7792][gc,age       ] GC(251) - age   4:       5832 bytes,    7197344 total
[2020-09-29T10:10:54.893+0000][7792][gc,age       ] GC(251) - age   5:       4880 bytes,    7202224 total
[2020-09-29T10:10:54.893+0000][7792][gc,age       ] GC(251) - age   6:       1856 bytes,    7204080 total
[2020-09-29T10:10:54.893+0000][7792][gc,age       ] GC(251) - age   7:      64448 bytes,    7268528 total
[2020-09-29T10:10:54.894+0000][7792][gc,age       ] GC(251) - age   8:       1216 bytes,    7269744 total
[2020-09-29T10:10:54.894+0000][7792][gc,age       ] GC(251) - age   9:       2856 bytes,    7272600 total
[2020-09-29T10:10:54.894+0000][7792][gc,age       ] GC(251) - age  10:       1808 bytes,    7274408 total
[2020-09-29T10:10:54.894+0000][7792][gc,age       ] GC(251) - age  11:      38624 bytes,    7313032 total
[2020-09-29T10:10:54.894+0000][7792][gc,age       ] GC(251) - age  12:        800 bytes,    7313832 total
[2020-09-29T10:10:54.894+0000][7792][gc,age       ] GC(251) - age  13:       4440 bytes,    7318272 total
[2020-09-29T10:10:54.894+0000][7792][gc,age       ] GC(251) - age  14:      64112 bytes,    7382384 total
[2020-09-29T10:10:54.894+0000][7792][gc,age       ] GC(251) - age  15:        704 bytes,    7383088 total
[2020-09-29T10:10:54.894+0000][7792][gc,phases    ] GC(251)   Pre Evacuate Collection Set: 0.7ms
[2020-09-29T10:10:54.894+0000][7792][gc,phases    ] GC(251)   Merge Heap Roots: 0.2ms
[2020-09-29T10:10:54.894+0000][7792][gc,phases    ] GC(251)   Evacuate Collection Set: 3.6ms
[2020-09-29T10:10:54.894+0000][7792][gc,phases    ] GC(251)   Post Evacuate Collection Set: 1.3ms
[2020-09-29T10:10:54.894+0000][7792][gc,phases    ] GC(251)   Other: 1.4ms
[2020-09-29T10:10:54.894+0000][7792][gc,heap      ] GC(251) Eden regions: 84->0(485)
[2020-09-29T10:10:54.894+0000][7792][gc,heap      ] GC(251) Survivor regions: 4->8(62)
[2020-09-29T10:10:54.894+0000][7792][gc,heap      ] GC(251) Old regions: 77->77
[2020-09-29T10:10:54.894+0000][7792][gc,heap      ] GC(251) Archive regions: 0->0
[2020-09-29T10:10:54.894+0000][7792][gc,heap      ] GC(251) Humongous regions: 420->174
[2020-09-29T10:10:54.894+0000][7792][gc,metaspace ] GC(251) Metaspace: 88232K(94208K)->88232K(94208K) NonClass: 77107K(80640K)->77107K(80640K) Class: 11125K(13568K)->11125K(13568K)
[2020-09-29T10:10:54.895+0000][7792][gc           ] GC(251) Pause Young (Concurrent Start) (G1 Humongous Allocation) 583M->258M(1024M) 7.675ms
[2020-09-29T10:10:54.895+0000][7792][gc,cpu       ] GC(251) User=0.11s Sys=0.00s Real=0.01s
[2020-09-29T10:10:54.895+0000][7792][gc           ] GC(252) Concurrent Cycle
[2020-09-29T10:10:54.895+0000][7792][gc,marking   ] GC(252) Concurrent Clear Claimed Marks
[2020-09-29T10:10:54.895+0000][7792][safepoint    ] Safepoint "G1TryInitiateConcMark", Time since last: 4601500 ns, Reaching safepoint: 5409300 ns, At safepoint: 8026900 ns, Total: 13436200 ns
[2020-09-29T10:10:54.895+0000][7792][gc,marking   ] GC(252) Concurrent Clear Claimed Marks 0.386ms
[2020-09-29T10:10:54.895+0000][7792][gc,marking   ] GC(252) Concurrent Scan Root Regions
[2020-09-29T10:10:54.898+0000][7792][gc,marking   ] GC(252) Concurrent Scan Root Regions 2.767ms
[2020-09-29T10:10:54.898+0000][7792][gc,marking   ] GC(252) Concurrent Mark (918.000s)
[2020-09-29T10:10:54.898+0000][7792][gc,marking   ] GC(252) Concurrent Mark From Roots
[2020-09-29T10:10:54.898+0000][7792][gc,task      ] GC(252) Using 2 workers of 2 for marking
[2020-09-29T10:10:55.083+0000][7792][gc,marking   ] GC(252) Concurrent Mark From Roots 184.816ms
[2020-09-29T10:10:55.083+0000][7792][gc,marking   ] GC(252) Concurrent Preclean
[2020-09-29T10:10:55.084+0000][7792][gc,marking   ] GC(252) Concurrent Preclean 0.658ms
[2020-09-29T10:10:55.084+0000][7792][gc,marking   ] GC(252) Concurrent Mark (918.000s, 918.186s) 185.707ms
[2020-09-29T10:10:55.084+0000][7792][gc,start     ] GC(252) Pause Remark
[2020-09-29T10:10:55.093+0000][7792][gc           ] GC(252) Pause Remark 474M->474M(1024M) 8.881ms
[2020-09-29T10:10:55.093+0000][7792][gc,cpu       ] GC(252) User=0.11s Sys=0.00s Real=0.01s
[2020-09-29T10:10:55.094+0000][7792][safepoint    ] Safepoint "G1Concurrent", Time since last: 189096000 ns, Reaching safepoint: 556300 ns, At safepoint: 9210600 ns, Total: 9766900 ns
[2020-09-29T10:10:55.094+0000][7792][gc,marking   ] GC(252) Concurrent Rebuild Remembered Sets
[2020-09-29T10:10:55.190+0000][7792][gc,marking   ] GC(252) Concurrent Rebuild Remembered Sets 96.472ms
[2020-09-29T10:10:55.190+0000][7792][gc,start     ] GC(252) Pause Cleanup
[2020-09-29T10:10:55.191+0000][7792][gc           ] GC(252) Pause Cleanup 545M->545M(1024M) 0.519ms
[2020-09-29T10:10:55.191+0000][7792][gc,cpu       ] GC(252) User=0.00s Sys=0.00s Real=0.00s
[2020-09-29T10:10:55.191+0000][7792][safepoint    ] Safepoint "G1Concurrent", Time since last: 96752300 ns, Reaching safepoint: 238700 ns, At safepoint: 738700 ns, Total: 977400 ns
[2020-09-29T10:10:55.191+0000][7792][gc,marking   ] GC(252) Concurrent Cleanup for Next Mark
[2020-09-29T10:10:55.193+0000][7792][gc,marking   ] GC(252) Concurrent Cleanup for Next Mark 1.773ms
[2020-09-29T10:10:55.193+0000][7792][gc           ] GC(252) Concurrent Cycle 298.705ms
[2020-09-29T10:10:55.228+0000][7792][gc,start     ] GC(253) Pause Young (Concurrent Start) (G1 Humongous Allocation)
[2020-09-29T10:10:55.228+0000][7792][gc,task      ] GC(253) Using 8 workers of 8 for evacuation
[2020-09-29T10:10:55.228+0000][7792][gc,age       ] GC(253) Desired survivor size 32505856 bytes, new threshold 15 (max threshold 15)
[2020-09-29T10:10:55.233+0000][7792][gc,age       ] GC(253) Age table with threshold 15 (max threshold 15)
[2020-09-29T10:10:55.233+0000][7792][gc,age       ] GC(253) - age   1:    3937856 bytes,    3937856 total
[2020-09-29T10:10:55.233+0000][7792][gc,age       ] GC(253) - age   2:       6528 bytes,    3944384 total
[2020-09-29T10:10:55.233+0000][7792][gc,age       ] GC(253) - age   3:       3832 bytes,    3948216 total
[2020-09-29T10:10:55.233+0000][7792][gc,age       ] GC(253) - age   4:       6632 bytes,    3954848 total
[2020-09-29T10:10:55.233+0000][7792][gc,age       ] GC(253) - age   5:       5800 bytes,    3960648 total
[2020-09-29T10:10:55.233+0000][7792][gc,age       ] GC(253) - age   6:       4656 bytes,    3965304 total
[2020-09-29T10:10:55.233+0000][7792][gc,age       ] GC(253) - age   7:       1632 bytes,    3966936 total
[2020-09-29T10:10:55.233+0000][7792][gc,age       ] GC(253) - age   8:      64448 bytes,    4031384 total
[2020-09-29T10:10:55.233+0000][7792][gc,age       ] GC(253) - age   9:        960 bytes,    4032344 total
[2020-09-29T10:10:55.233+0000][7792][gc,age       ] GC(253) - age  10:       2760 bytes,    4035104 total
[2020-09-29T10:10:55.233+0000][7792][gc,age       ] GC(253) - age  11:       1808 bytes,    4036912 total
[2020-09-29T10:10:55.233+0000][7792][gc,age       ] GC(253) - age  12:      38560 bytes,    4075472 total
[2020-09-29T10:10:55.233+0000][7792][gc,age       ] GC(253) - age  13:        672 bytes,    4076144 total
[2020-09-29T10:10:55.233+0000][7792][gc,age       ] GC(253) - age  14:       4440 bytes,    4080584 total
[2020-09-29T10:10:55.233+0000][7792][gc,age       ] GC(253) - age  15:      64112 bytes,    4144696 total
[2020-09-29T10:10:55.233+0000][7792][gc,phases    ] GC(253)   Pre Evacuate Collection Set: 0.5ms
[2020-09-29T10:10:55.233+0000][7792][gc,phases    ] GC(253)   Merge Heap Roots: 0.1ms
[2020-09-29T10:10:55.233+0000][7792][gc,phases    ] GC(253)   Evacuate Collection Set: 2.6ms
[2020-09-29T10:10:55.233+0000][7792][gc,phases    ] GC(253)   Post Evacuate Collection Set: 1.0ms
[2020-09-29T10:10:55.233+0000][7792][gc,phases    ] GC(253)   Other: 1.1ms
[2020-09-29T10:10:55.234+0000][7792][gc,heap      ] GC(253) Eden regions: 90->0(490)
[2020-09-29T10:10:55.234+0000][7792][gc,heap      ] GC(253) Survivor regions: 8->5(62)
[2020-09-29T10:10:55.234+0000][7792][gc,heap      ] GC(253) Old regions: 77->77
[2020-09-29T10:10:55.234+0000][7792][gc,heap      ] GC(253) Archive regions: 0->0
[2020-09-29T10:10:55.234+0000][7792][gc,heap      ] GC(253) Humongous regions: 382->174
[2020-09-29T10:10:55.234+0000][7792][gc,metaspace ] GC(253) Metaspace: 88232K(94208K)->88232K(94208K) NonClass: 77107K(80640K)->77107K(80640K) Class: 11125K(13568K)->11125K(13568K)
[2020-09-29T10:10:55.234+0000][7792][gc           ] GC(253) Pause Young (Concurrent Start) (G1 Humongous Allocation) 556M->254M(1024M) 5.855ms
[2020-09-29T10:10:55.234+0000][7792][gc,cpu       ] GC(253) User=0.00s Sys=0.02s Real=0.01s
[2020-09-29T10:10:55.234+0000][7792][safepoint    ] Safepoint "G1TryInitiateConcMark", Time since last: 36909900 ns, Reaching safepoint: 182100 ns, At safepoint: 6097700 ns, Total: 6279800 ns
[2020-09-29T10:10:55.234+0000][7792][gc           ] GC(254) Concurrent Cycle
[2020-09-29T10:10:55.234+0000][7792][gc,marking   ] GC(254) Concurrent Clear Claimed Marks
[2020-09-29T10:10:55.234+0000][7792][gc,marking   ] GC(254) Concurrent Clear Claimed Marks 0.340ms
[2020-09-29T10:10:55.235+0000][7792][gc,marking   ] GC(254) Concurrent Scan Root Regions
[2020-09-29T10:10:55.238+0000][7792][gc,marking   ] GC(254) Concurrent Scan Root Regions 3.087ms
[2020-09-29T10:10:55.238+0000][7792][gc,marking   ] GC(254) Concurrent Mark (918.340s)
[2020-09-29T10:10:55.238+0000][7792][gc,marking   ] GC(254) Concurrent Mark From Roots
[2020-09-29T10:10:55.238+0000][7792][gc,task      ] GC(254) Using 2 workers of 2 for marking
[2020-09-29T10:10:55.445+0000][7792][gc,marking   ] GC(254) Concurrent Mark From Roots 207.294ms
[2020-09-29T10:10:55.446+0000][7792][gc,marking   ] GC(254) Concurrent Preclean
[2020-09-29T10:10:55.446+0000][7792][gc,marking   ] GC(254) Concurrent Preclean 0.717ms
[2020-09-29T10:10:55.446+0000][7792][gc,marking   ] GC(254) Concurrent Mark (918.340s, 918.549s) 208.424ms
[2020-09-29T10:10:55.447+0000][7792][gc,start     ] GC(254) Pause Remark
[2020-09-29T10:10:55.453+0000][7792][gc           ] GC(254) Pause Remark 388M->388M(1024M) 7.342ms
[2020-09-29T10:10:55.454+0000][7792][gc,cpu       ] GC(254) User=0.11s Sys=0.00s Real=0.01s
[2020-09-29T10:10:55.454+0000][7792][safepoint    ] Safepoint "G1Concurrent", Time since last: 212209800 ns, Reaching safepoint: 169900 ns, At safepoint: 7681400 ns, Total: 7851300 ns
[2020-09-29T10:10:55.454+0000][7792][gc,marking   ] GC(254) Concurrent Rebuild Remembered Sets
[2020-09-29T10:10:55.566+0000][7792][gc,marking   ] GC(254) Concurrent Rebuild Remembered Sets 112.212ms
[2020-09-29T10:10:55.567+0000][7792][gc,start     ] GC(254) Pause Cleanup
[2020-09-29T10:10:55.567+0000][7792][gc           ] GC(254) Pause Cleanup 456M->456M(1024M) 0.440ms
[2020-09-29T10:10:55.567+0000][7792][gc,cpu       ] GC(254) User=0.00s Sys=0.00s Real=0.00s
[2020-09-29T10:10:55.567+0000][7792][safepoint    ] Safepoint "G1Concurrent", Time since last: 112536400 ns, Reaching safepoint: 222500 ns, At safepoint: 705700 ns, Total: 928200 ns
[2020-09-29T10:10:55.567+0000][7792][gc,marking   ] GC(254) Concurrent Cleanup for Next Mark
[2020-09-29T10:10:55.569+0000][7792][gc,marking   ] GC(254) Concurrent Cleanup for Next Mark 1.901ms
[2020-09-29T10:10:55.569+0000][7792][gc           ] GC(254) Concurrent Cycle 335.688ms
[2020-09-29T10:10:55.717+0000][7792][gc,start     ] GC(255) Pause Young (Concurrent Start) (G1 Humongous Allocation)
[2020-09-29T10:10:55.717+0000][7792][gc,task      ] GC(255) Using 8 workers of 8 for evacuation
[2020-09-29T10:10:55.717+0000][7792][gc,age       ] GC(255) Desired survivor size 32505856 bytes, new threshold 15 (max threshold 15)
[2020-09-29T10:10:55.721+0000][7792][gc,age       ] GC(255) Age table with threshold 15 (max threshold 15)
[2020-09-29T10:10:55.722+0000][7792][gc,age       ] GC(255) - age   1:    2720160 bytes,    2720160 total
[2020-09-29T10:10:55.722+0000][7792][gc,age       ] GC(255) - age   2:       4432 bytes,    2724592 total
[2020-09-29T10:10:55.722+0000][7792][gc,age       ] GC(255) - age   3:       1512 bytes,    2726104 total
[2020-09-29T10:10:55.722+0000][7792][gc,age       ] GC(255) - age   4:       2400 bytes,    2728504 total
[2020-09-29T10:10:55.722+0000][7792][gc,age       ] GC(255) - age   5:       6248 bytes,    2734752 total
[2020-09-29T10:10:55.722+0000][7792][gc,age       ] GC(255) - age   6:       5800 bytes,    2740552 total
[2020-09-29T10:10:55.722+0000][7792][gc,age       ] GC(255) - age   7:       4520 bytes,    2745072 total
[2020-09-29T10:10:55.722+0000][7792][gc,age       ] GC(255) - age   8:       1272 bytes,    2746344 total
[2020-09-29T10:10:55.722+0000][7792][gc,age       ] GC(255) - age   9:      64448 bytes,    2810792 total
[2020-09-29T10:10:55.722+0000][7792][gc,age       ] GC(255) - age  10:        480 bytes,    2811272 total
[2020-09-29T10:10:55.722+0000][7792][gc,age       ] GC(255) - age  11:       2728 bytes,    2814000 total
[2020-09-29T10:10:55.722+0000][7792][gc,age       ] GC(255) - age  12:       1808 bytes,    2815808 total
[2020-09-29T10:10:55.722+0000][7792][gc,age       ] GC(255) - age  13:      38560 bytes,    2854368 total
[2020-09-29T10:10:55.722+0000][7792][gc,age       ] GC(255) - age  14:        672 bytes,    2855040 total
[2020-09-29T10:10:55.722+0000][7792][gc,age       ] GC(255) - age  15:       4440 bytes,    2859480 total
[2020-09-29T10:10:55.723+0000][7792][gc,phases    ] GC(255)   Pre Evacuate Collection Set: 0.5ms
[2020-09-29T10:10:55.723+0000][7792][gc,phases    ] GC(255)   Merge Heap Roots: 0.1ms
[2020-09-29T10:10:55.723+0000][7792][gc,phases    ] GC(255)   Evacuate Collection Set: 2.4ms
[2020-09-29T10:10:55.723+0000][7792][gc,phases    ] GC(255)   Post Evacuate Collection Set: 1.0ms
[2020-09-29T10:10:55.723+0000][7792][gc,phases    ] GC(255)   Other: 1.5ms
[2020-09-29T10:10:55.723+0000][7792][gc,heap      ] GC(255) Eden regions: 67->0(494)
[2020-09-29T10:10:55.723+0000][7792][gc,heap      ] GC(255) Survivor regions: 5->4(62)
[2020-09-29T10:10:55.723+0000][7792][gc,heap      ] GC(255) Old regions: 77->77
[2020-09-29T10:10:55.723+0000][7792][gc,heap      ] GC(255) Archive regions: 0->0
[2020-09-29T10:10:55.723+0000][7792][gc,heap      ] GC(255) Humongous regions: 326->174
[2020-09-29T10:10:55.723+0000][7792][gc,metaspace ] GC(255) Metaspace: 88251K(94208K)->88251K(94208K) NonClass: 77126K(80640K)->77126K(80640K) Class: 11125K(13568K)->11125K(13568K)
[2020-09-29T10:10:55.723+0000][7792][gc           ] GC(255) Pause Young (Concurrent Start) (G1 Humongous Allocation) 473M->254M(1024M) 5.946ms
[2020-09-29T10:10:55.723+0000][7792][gc,cpu       ] GC(255) User=0.11s Sys=0.00s Real=0.01s
[2020-09-29T10:10:55.723+0000][7792][gc           ] GC(256) Concurrent Cycle
[2020-09-29T10:10:55.723+0000][7792][safepoint    ] Safepoint "G1TryInitiateConcMark", Time since last: 149684600 ns, Reaching safepoint: 173400 ns, At safepoint: 6238400 ns, Total: 6411800 ns
[2020-09-29T10:10:55.723+0000][7792][gc,marking   ] GC(256) Concurrent Clear Claimed Marks
[2020-09-29T10:10:55.724+0000][7792][gc,marking   ] GC(256) Concurrent Clear Claimed Marks 0.501ms
[2020-09-29T10:10:55.724+0000][7792][gc,marking   ] GC(256) Concurrent Scan Root Regions
[2020-09-29T10:10:55.726+0000][7792][gc,marking   ] GC(256) Concurrent Scan Root Regions 2.250ms
[2020-09-29T10:10:55.726+0000][7792][gc,marking   ] GC(256) Concurrent Mark (918.829s)
[2020-09-29T10:10:55.726+0000][7792][gc,marking   ] GC(256) Concurrent Mark From Roots
[2020-09-29T10:10:55.726+0000][7792][gc,task      ] GC(256) Using 2 workers of 2 for marking
[2020-09-29T10:10:55.914+0000][7792][gc,marking   ] GC(256) Concurrent Mark From Roots 186.987ms
[2020-09-29T10:10:55.914+0000][7792][gc,marking   ] GC(256) Concurrent Preclean
[2020-09-29T10:10:55.915+0000][7792][gc,marking   ] GC(256) Concurrent Preclean 0.711ms
[2020-09-29T10:10:55.915+0000][7792][gc,marking   ] GC(256) Concurrent Mark (918.829s, 919.017s) 187.945ms
[2020-09-29T10:10:55.915+0000][7792][gc,start     ] GC(256) Pause Remark
[2020-09-29T10:10:55.923+0000][7792][gc           ] GC(256) Pause Remark 380M->380M(1024M) 7.899ms
[2020-09-29T10:10:55.923+0000][7792][gc,cpu       ] GC(256) User=0.05s Sys=0.00s Real=0.01s
[2020-09-29T10:10:55.924+0000][7792][safepoint    ] Safepoint "G1Concurrent", Time since last: 191109600 ns, Reaching safepoint: 174000 ns, At safepoint: 8357900 ns, Total: 8531900 ns
[2020-09-29T10:10:55.924+0000][7792][gc,marking   ] GC(256) Concurrent Rebuild Remembered Sets
[2020-09-29T10:10:56.022+0000][7792][gc,marking   ] GC(256) Concurrent Rebuild Remembered Sets 98.033ms
[2020-09-29T10:10:56.022+0000][7792][gc,start     ] GC(256) Pause Cleanup
[2020-09-29T10:10:56.023+0000][7792][gc           ] GC(256) Pause Cleanup 386M->386M(1024M) 0.413ms
[2020-09-29T10:10:56.023+0000][7792][gc,cpu       ] GC(256) User=0.00s Sys=0.00s Real=0.00s
[2020-09-29T10:10:56.023+0000][7792][safepoint    ] Safepoint "G1Concurrent", Time since last: 98270400 ns, Reaching safepoint: 374000 ns, At safepoint: 754700 ns, Total: 1128700 ns
[2020-09-29T10:10:56.023+0000][7792][gc,marking   ] GC(256) Concurrent Cleanup for Next Mark
[2020-09-29T10:10:56.025+0000][7792][gc,marking   ] GC(256) Concurrent Cleanup for Next Mark 2.054ms
[2020-09-29T10:10:56.025+0000][7792][gc           ] GC(256) Concurrent Cycle 301.388ms
[2020-09-29T10:10:56.050+0000][7792][gc,start     ] GC(257) Pause Young (Concurrent Start) (G1 Humongous Allocation)
[2020-09-29T10:10:56.050+0000][7792][gc,task      ] GC(257) Using 8 workers of 8 for evacuation
[2020-09-29T10:10:56.050+0000][7792][gc,age       ] GC(257) Desired survivor size 33030144 bytes, new threshold 15 (max threshold 15)
[2020-09-29T10:10:56.057+0000][7792][gc,age       ] GC(257) Age table with threshold 15 (max threshold 15)
[2020-09-29T10:10:56.057+0000][7792][gc,age       ] GC(257) - age   1:   13532248 bytes,   13532248 total
[2020-09-29T10:10:56.057+0000][7792][gc,age       ] GC(257) - age   2:     110528 bytes,   13642776 total
[2020-09-29T10:10:56.057+0000][7792][gc,age       ] GC(257) - age   3:       3336 bytes,   13646112 total
[2020-09-29T10:10:56.057+0000][7792][gc,age       ] GC(257) - age   4:        928 bytes,   13647040 total
[2020-09-29T10:10:56.057+0000][7792][gc,age       ] GC(257) - age   5:       2368 bytes,   13649408 total
[2020-09-29T10:10:56.057+0000][7792][gc,age       ] GC(257) - age   6:       6248 bytes,   13655656 total
[2020-09-29T10:10:56.057+0000][7792][gc,age       ] GC(257) - age   7:       5768 bytes,   13661424 total
[2020-09-29T10:10:56.057+0000][7792][gc,age       ] GC(257) - age   8:       2120 bytes,   13663544 total
[2020-09-29T10:10:56.058+0000][7792][gc,age       ] GC(257) - age   9:       1272 bytes,   13664816 total
[2020-09-29T10:10:56.058+0000][7792][gc,age       ] GC(257) - age  10:      64320 bytes,   13729136 total
[2020-09-29T10:10:56.058+0000][7792][gc,age       ] GC(257) - age  11:        480 bytes,   13729616 total
[2020-09-29T10:10:56.058+0000][7792][gc,age       ] GC(257) - age  12:       2728 bytes,   13732344 total
[2020-09-29T10:10:56.058+0000][7792][gc,age       ] GC(257) - age  13:       1776 bytes,   13734120 total
[2020-09-29T10:10:56.058+0000][7792][gc,age       ] GC(257) - age  14:      38560 bytes,   13772680 total
[2020-09-29T10:10:56.058+0000][7792][gc,age       ] GC(257) - age  15:        608 bytes,   13773288 total
[2020-09-29T10:10:56.058+0000][7792][gc,phases    ] GC(257)   Pre Evacuate Collection Set: 0.6ms
[2020-09-29T10:10:56.058+0000][7792][gc,phases    ] GC(257)   Merge Heap Roots: 0.1ms
[2020-09-29T10:10:56.058+0000][7792][gc,phases    ] GC(257)   Evacuate Collection Set: 5.4ms
[2020-09-29T10:10:56.058+0000][7792][gc,phases    ] GC(257)   Post Evacuate Collection Set: 0.9ms
[2020-09-29T10:10:56.058+0000][7792][gc,phases    ] GC(257)   Other: 1.2ms
[2020-09-29T10:10:56.058+0000][7792][gc,heap      ] GC(257) Eden regions: 58->0(478)
[2020-09-29T10:10:56.058+0000][7792][gc,heap      ] GC(257) Survivor regions: 4->14(63)
[2020-09-29T10:10:56.058+0000][7792][gc,heap      ] GC(257) Old regions: 77->77
[2020-09-29T10:10:56.058+0000][7792][gc,heap      ] GC(257) Archive regions: 0->0
[2020-09-29T10:10:56.058+0000][7792][gc,heap      ] GC(257) Humongous regions: 270->174
[2020-09-29T10:10:56.058+0000][7792][gc,metaspace ] GC(257) Metaspace: 88270K(94208K)->88270K(94208K) NonClass: 77145K(80640K)->77145K(80640K) Class: 11125K(13568K)->11125K(13568K)
[2020-09-29T10:10:56.058+0000][7792][gc           ] GC(257) Pause Young (Concurrent Start) (G1 Humongous Allocation) 407M->264M(1024M) 8.594ms
[2020-09-29T10:10:56.058+0000][7792][gc,cpu       ] GC(257) User=0.00s Sys=0.00s Real=0.01s
[2020-09-29T10:10:56.058+0000][7792][gc           ] GC(258) Concurrent Cycle
[2020-09-29T10:10:56.059+0000][7792][gc,marking   ] GC(258) Concurrent Clear Claimed Marks
[2020-09-29T10:10:56.059+0000][7792][gc,marking   ] GC(258) Concurrent Clear Claimed Marks 0.366ms
[2020-09-29T10:10:56.059+0000][7792][gc,marking   ] GC(258) Concurrent Scan Root Regions
[2020-09-29T10:10:56.061+0000][7792][gc,marking   ] GC(258) Concurrent Scan Root Regions 2.203ms
[2020-09-29T10:10:56.061+0000][7792][gc,marking   ] GC(258) Concurrent Mark (919.163s)
[2020-09-29T10:10:56.061+0000][7792][gc,marking   ] GC(258) Concurrent Mark From Roots
[2020-09-29T10:10:56.061+0000][7792][gc,task      ] GC(258) Using 2 workers of 2 for marking
[2020-09-29T10:10:56.062+0000][7792][safepoint    ] Safepoint "G1TryInitiateConcMark", Time since last: 26461900 ns, Reaching safepoint: 229100 ns, At safepoint: 11829100 ns, Total: 12058200 ns
[2020-09-29T10:10:56.239+0000][7792][gc,marking   ] GC(258) Concurrent Mark From Roots 178.055ms
[2020-09-29T10:10:56.239+0000][7792][gc,marking   ] GC(258) Concurrent Preclean
[2020-09-29T10:10:56.240+0000][7792][gc,marking   ] GC(258) Concurrent Preclean 0.693ms
[2020-09-29T10:10:56.240+0000][7792][gc,marking   ] GC(258) Concurrent Mark (919.163s, 919.342s) 178.955ms
[2020-09-29T10:10:56.240+0000][7792][gc,start     ] GC(258) Pause Remark
[2020-09-29T10:10:56.247+0000][7792][gc           ] GC(258) Pause Remark 583M->583M(1024M) 7.083ms
[2020-09-29T10:10:56.247+0000][7792][gc,cpu       ] GC(258) User=0.00s Sys=0.00s Real=0.01s
[2020-09-29T10:10:56.247+0000][7792][safepoint    ] Safepoint "G1Concurrent", Time since last: 178775000 ns, Reaching safepoint: 384900 ns, At safepoint: 7422400 ns, Total: 7807300 ns
[2020-09-29T10:10:56.248+0000][7792][gc,marking   ] GC(258) Concurrent Rebuild Remembered Sets
[2020-09-29T10:10:56.348+0000][7792][gc,marking   ] GC(258) Concurrent Rebuild Remembered Sets 100.295ms
[2020-09-29T10:10:56.350+0000][7792][gc,start     ] GC(258) Pause Cleanup
[2020-09-29T10:10:56.350+0000][7792][gc           ] GC(258) Pause Cleanup 597M->597M(1024M) 0.456ms
[2020-09-29T10:10:56.350+0000][7792][gc,cpu       ] GC(258) User=0.00s Sys=0.00s Real=0.00s
[2020-09-29T10:10:56.351+0000][7792][safepoint    ] Safepoint "G1Concurrent", Time since last: 100580200 ns, Reaching safepoint: 1757300 ns, At safepoint: 799400 ns, Total: 2556700 ns
[2020-09-29T10:10:56.351+0000][7792][gc,marking   ] GC(258) Concurrent Cleanup for Next Mark
[2020-09-29T10:10:56.352+0000][7792][gc,marking   ] GC(258) Concurrent Cleanup for Next Mark 1.675ms
[2020-09-29T10:10:56.353+0000][7792][gc           ] GC(258) Concurrent Cycle 294.702ms
[2020-09-29T10:10:56.361+0000][7792][gc,start     ] GC(259) Pause Young (Concurrent Start) (G1 Humongous Allocation)
[2020-09-29T10:10:56.361+0000][7792][gc,task      ] GC(259) Using 8 workers of 8 for evacuation
[2020-09-29T10:10:56.361+0000][7792][gc,age       ] GC(259) Desired survivor size 32505856 bytes, new threshold 15 (max threshold 15)
[2020-09-29T10:10:56.366+0000][7792][gc,age       ] GC(259) Age table with threshold 15 (max threshold 15)
[2020-09-29T10:10:56.366+0000][7792][gc,age       ] GC(259) - age   1:    3931064 bytes,    3931064 total
[2020-09-29T10:10:56.366+0000][7792][gc,age       ] GC(259) - age   2:      10288 bytes,    3941352 total
[2020-09-29T10:10:56.366+0000][7792][gc,age       ] GC(259) - age   3:      98088 bytes,    4039440 total
[2020-09-29T10:10:56.366+0000][7792][gc,age       ] GC(259) - age   4:       2520 bytes,    4041960 total
[2020-09-29T10:10:56.366+0000][7792][gc,age       ] GC(259) - age   5:        736 bytes,    4042696 total
[2020-09-29T10:10:56.366+0000][7792][gc,age       ] GC(259) - age   6:       2368 bytes,    4045064 total
[2020-09-29T10:10:56.366+0000][7792][gc,age       ] GC(259) - age   7:       6216 bytes,    4051280 total
[2020-09-29T10:10:56.366+0000][7792][gc,age       ] GC(259) - age   8:       5768 bytes,    4057048 total
[2020-09-29T10:10:56.366+0000][7792][gc,age       ] GC(259) - age   9:       2120 bytes,    4059168 total
[2020-09-29T10:10:56.366+0000][7792][gc,age       ] GC(259) - age  10:       1208 bytes,    4060376 total
[2020-09-29T10:10:56.366+0000][7792][gc,age       ] GC(259) - age  11:      64320 bytes,    4124696 total
[2020-09-29T10:10:56.366+0000][7792][gc,age       ] GC(259) - age  12:        384 bytes,    4125080 total
[2020-09-29T10:10:56.366+0000][7792][gc,age       ] GC(259) - age  13:       2728 bytes,    4127808 total
[2020-09-29T10:10:56.366+0000][7792][gc,age       ] GC(259) - age  14:       1776 bytes,    4129584 total
[2020-09-29T10:10:56.366+0000][7792][gc,age       ] GC(259) - age  15:      38528 bytes,    4168112 total
[2020-09-29T10:10:56.366+0000][7792][gc,phases    ] GC(259)   Pre Evacuate Collection Set: 0.6ms
[2020-09-29T10:10:56.366+0000][7792][gc,phases    ] GC(259)   Merge Heap Roots: 0.1ms
[2020-09-29T10:10:56.367+0000][7792][gc,phases    ] GC(259)   Evacuate Collection Set: 2.6ms
[2020-09-29T10:10:56.367+0000][7792][gc,phases    ] GC(259)   Post Evacuate Collection Set: 1.2ms
[2020-09-29T10:10:56.367+0000][7792][gc,phases    ] GC(259)   Other: 1.1ms
[2020-09-29T10:10:56.367+0000][7792][gc,heap      ] GC(259) Eden regions: 78->0(490)
[2020-09-29T10:10:56.367+0000][7792][gc,heap      ] GC(259) Survivor regions: 14->5(62)
[2020-09-29T10:10:56.367+0000][7792][gc,heap      ] GC(259) Old regions: 77->77
[2020-09-29T10:10:56.367+0000][7792][gc,heap      ] GC(259) Archive regions: 0->0
[2020-09-29T10:10:56.367+0000][7792][gc,heap      ] GC(259) Humongous regions: 430->174
[2020-09-29T10:10:56.367+0000][7792][gc,metaspace ] GC(259) Metaspace: 88282K(94208K)->88282K(94208K) NonClass: 77156K(80640K)->77156K(80640K) Class: 11125K(13568K)->11125K(13568K)
[2020-09-29T10:10:56.367+0000][7792][gc           ] GC(259) Pause Young (Concurrent Start) (G1 Humongous Allocation) 597M->255M(1024M) 5.958ms
[2020-09-29T10:10:56.367+0000][7792][gc,cpu       ] GC(259) User=0.00s Sys=0.00s Real=0.01s
[2020-09-29T10:10:56.367+0000][7792][gc           ] GC(260) Concurrent Cycle
[2020-09-29T10:10:56.367+0000][7792][safepoint    ] Safepoint "G1TryInitiateConcMark", Time since last: 2695900 ns, Reaching safepoint: 7485800 ns, At safepoint: 6191500 ns, Total: 13677300 ns
[2020-09-29T10:10:56.367+0000][7792][gc,marking   ] GC(260) Concurrent Clear Claimed Marks
[2020-09-29T10:10:56.367+0000][7792][gc,marking   ] GC(260) Concurrent Clear Claimed Marks 0.384ms
[2020-09-29T10:10:56.368+0000][7792][gc,marking   ] GC(260) Concurrent Scan Root Regions
[2020-09-29T10:10:56.370+0000][7792][gc,marking   ] GC(260) Concurrent Scan Root Regions 2.061ms
[2020-09-29T10:10:56.370+0000][7792][gc,marking   ] GC(260) Concurrent Mark (919.472s)
[2020-09-29T10:10:56.370+0000][7792][gc,marking   ] GC(260) Concurrent Mark From Roots
[2020-09-29T10:10:56.370+0000][7792][gc,task      ] GC(260) Using 2 workers of 2 for marking
[2020-09-29T10:10:56.552+0000][7792][gc,marking   ] GC(260) Concurrent Mark From Roots 181.914ms
[2020-09-29T10:10:56.552+0000][7792][gc,marking   ] GC(260) Concurrent Preclean
[2020-09-29T10:10:56.552+0000][7792][gc,marking   ] GC(260) Concurrent Preclean 0.711ms
[2020-09-29T10:10:56.552+0000][7792][gc,marking   ] GC(260) Concurrent Mark (919.472s, 919.655s) 182.854ms
[2020-09-29T10:10:56.553+0000][7792][gc,start     ] GC(260) Pause Remark
[2020-09-29T10:10:56.561+0000][7792][gc           ] GC(260) Pause Remark 328M->328M(1024M) 8.389ms
[2020-09-29T10:10:56.561+0000][7792][gc,cpu       ] GC(260) User=0.11s Sys=0.00s Real=0.01s
[2020-09-29T10:10:56.561+0000][7792][safepoint    ] Safepoint "G1Concurrent", Time since last: 185607800 ns, Reaching safepoint: 165100 ns, At safepoint: 8660000 ns, Total: 8825100 ns
[2020-09-29T10:10:56.561+0000][7792][gc,marking   ] GC(260) Concurrent Rebuild Remembered Sets
[2020-09-29T10:10:56.669+0000][7792][gc,marking   ] GC(260) Concurrent Rebuild Remembered Sets 107.378ms
[2020-09-29T10:10:56.669+0000][7792][gc,start     ] GC(260) Pause Cleanup
[2020-09-29T10:10:56.670+0000][7792][gc           ] GC(260) Pause Cleanup 392M->392M(1024M) 0.611ms
[2020-09-29T10:10:56.670+0000][7792][gc,cpu       ] GC(260) User=0.00s Sys=0.00s Real=0.00s
[2020-09-29T10:10:56.670+0000][7792][safepoint    ] Safepoint "G1Concurrent", Time since last: 107593200 ns, Reaching safepoint: 200500 ns, At safepoint: 854800 ns, Total: 1055300 ns
[2020-09-29T10:10:56.670+0000][7792][gc,marking   ] GC(260) Concurrent Cleanup for Next Mark
[2020-09-29T10:10:56.672+0000][7792][gc,marking   ] GC(260) Concurrent Cleanup for Next Mark 1.749ms
[2020-09-29T10:10:56.672+0000][7792][gc           ] GC(260) Concurrent Cycle 305.056ms
[2020-09-29T10:10:56.709+0000][7792][gc,start     ] GC(261) Pause Young (Concurrent Start) (G1 Humongous Allocation)
[2020-09-29T10:10:56.709+0000][7792][gc,task      ] GC(261) Using 8 workers of 8 for evacuation
[2020-09-29T10:10:56.709+0000][7792][gc,age       ] GC(261) Desired survivor size 32505856 bytes, new threshold 15 (max threshold 15)
[2020-09-29T10:10:56.713+0000][7792][gc,age       ] GC(261) Age table with threshold 15 (max threshold 15)
[2020-09-29T10:10:56.713+0000][7792][gc,age       ] GC(261) - age   1:    3339464 bytes,    3339464 total
[2020-09-29T10:10:56.713+0000][7792][gc,age       ] GC(261) - age   2:     604264 bytes,    3943728 total
[2020-09-29T10:10:56.713+0000][7792][gc,age       ] GC(261) - age   3:       7168 bytes,    3950896 total
[2020-09-29T10:10:56.713+0000][7792][gc,age       ] GC(261) - age   4:      37832 bytes,    3988728 total
[2020-09-29T10:10:56.713+0000][7792][gc,age       ] GC(261) - age   5:       2056 bytes,    3990784 total
[2020-09-29T10:10:56.713+0000][7792][gc,age       ] GC(261) - age   6:        704 bytes,    3991488 total
[2020-09-29T10:10:56.713+0000][7792][gc,age       ] GC(261) - age   7:       2368 bytes,    3993856 total
[2020-09-29T10:10:56.713+0000][7792][gc,age       ] GC(261) - age   8:       6184 bytes,    4000040 total
[2020-09-29T10:10:56.714+0000][7792][gc,age       ] GC(261) - age   9:       5704 bytes,    4005744 total
[2020-09-29T10:10:56.714+0000][7792][gc,age       ] GC(261) - age  10:       2040 bytes,    4007784 total
[2020-09-29T10:10:56.714+0000][7792][gc,age       ] GC(261) - age  11:       1208 bytes,    4008992 total
[2020-09-29T10:10:56.714+0000][7792][gc,age       ] GC(261) - age  12:      64288 bytes,    4073280 total
[2020-09-29T10:10:56.714+0000][7792][gc,age       ] GC(261) - age  13:        384 bytes,    4073664 total
[2020-09-29T10:10:56.714+0000][7792][gc,age       ] GC(261) - age  14:       2664 bytes,    4076328 total
[2020-09-29T10:10:56.714+0000][7792][gc,age       ] GC(261) - age  15:       1712 bytes,    4078040 total
[2020-09-29T10:10:56.714+0000][7792][gc,phases    ] GC(261)   Pre Evacuate Collection Set: 0.4ms
[2020-09-29T10:10:56.714+0000][7792][gc,phases    ] GC(261)   Merge Heap Roots: 0.1ms
[2020-09-29T10:10:56.714+0000][7792][gc,phases    ] GC(261)   Evacuate Collection Set: 2.6ms
[2020-09-29T10:10:56.714+0000][7792][gc,phases    ] GC(261)   Post Evacuate Collection Set: 0.9ms
[2020-09-29T10:10:56.714+0000][7792][gc,phases    ] GC(261)   Other: 1.2ms
[2020-09-29T10:10:56.714+0000][7792][gc,heap      ] GC(261) Eden regions: 42->0(493)
[2020-09-29T10:10:56.714+0000][7792][gc,heap      ] GC(261) Survivor regions: 5->5(62)
[2020-09-29T10:10:56.714+0000][7792][gc,heap      ] GC(261) Old regions: 77->77
[2020-09-29T10:10:56.714+0000][7792][gc,heap      ] GC(261) Archive regions: 0->0
[2020-09-29T10:10:56.714+0000][7792][gc,heap      ] GC(261) Humongous regions: 278->174
[2020-09-29T10:10:56.714+0000][7792][gc,metaspace ] GC(261) Metaspace: 88292K(94208K)->88292K(94208K) NonClass: 77165K(80640K)->77165K(80640K) Class: 11126K(13568K)->11126K(13568K)
[2020-09-29T10:10:56.714+0000][7792][gc           ] GC(261) Pause Young (Concurrent Start) (G1 Humongous Allocation) 401M->255M(1024M) 5.649ms
[2020-09-29T10:10:56.714+0000][7792][gc,cpu       ] GC(261) User=0.00s Sys=0.00s Real=0.00s
[2020-09-29T10:10:56.715+0000][7792][gc           ] GC(262) Concurrent Cycle
[2020-09-29T10:10:56.715+0000][7792][gc,marking   ] GC(262) Concurrent Clear Claimed Marks
[2020-09-29T10:10:56.715+0000][7792][gc,marking   ] GC(262) Concurrent Clear Claimed Marks 0.404ms
[2020-09-29T10:10:56.715+0000][7792][gc,marking   ] GC(262) Concurrent Scan Root Regions
[2020-09-29T10:10:56.717+0000][7792][safepoint    ] Safepoint "G1TryInitiateConcMark", Time since last: 36100200 ns, Reaching safepoint: 2553900 ns, At safepoint: 8042300 ns, Total: 10596200 ns
[2020-09-29T10:10:56.717+0000][7792][gc,marking   ] GC(262) Concurrent Scan Root Regions 2.289ms
[2020-09-29T10:10:56.717+0000][7792][gc,marking   ] GC(262) Concurrent Mark (919.820s)
[2020-09-29T10:10:56.717+0000][7792][gc,marking   ] GC(262) Concurrent Mark From Roots
[2020-09-29T10:10:56.718+0000][7792][gc,task      ] GC(262) Using 2 workers of 2 for marking
[2020-09-29T10:10:56.912+0000][7792][gc,marking   ] GC(262) Concurrent Mark From Roots 194.249ms
[2020-09-29T10:10:56.912+0000][7792][gc,marking   ] GC(262) Concurrent Preclean
[2020-09-29T10:10:56.912+0000][7792][gc,marking   ] GC(262) Concurrent Preclean 0.634ms
[2020-09-29T10:10:56.913+0000][7792][gc,marking   ] GC(262) Concurrent Mark (919.820s, 920.015s) 195.095ms
[2020-09-29T10:10:56.913+0000][7792][gc,start     ] GC(262) Pause Remark
[2020-09-29T10:10:56.922+0000][7792][gc           ] GC(262) Pause Remark 393M->393M(1024M) 8.585ms
[2020-09-29T10:10:56.922+0000][7792][gc,cpu       ] GC(262) User=0.08s Sys=0.00s Real=0.01s
[2020-09-29T10:10:56.923+0000][7792][safepoint    ] Safepoint "G1Concurrent", Time since last: 195899600 ns, Reaching safepoint: 327500 ns, At safepoint: 9896100 ns, Total: 10223600 ns
[2020-09-29T10:10:56.923+0000][7792][gc,marking   ] GC(262) Concurrent Rebuild Remembered Sets
[2020-09-29T10:10:57.021+0000][7792][gc,marking   ] GC(262) Concurrent Rebuild Remembered Sets 97.166ms
[2020-09-29T10:10:57.073+0000][7792][gc,start     ] GC(262) Pause Cleanup
[2020-09-29T10:10:57.073+0000][7792][gc           ] GC(262) Pause Cleanup 394M->394M(1024M) 0.382ms
[2020-09-29T10:10:57.073+0000][7792][gc,cpu       ] GC(262) User=0.00s Sys=0.00s Real=0.00s
[2020-09-29T10:10:57.073+0000][7792][safepoint    ] Safepoint "G1Concurrent", Time since last: 97565200 ns, Reaching safepoint: 51472900 ns, At safepoint: 671000 ns, Total: 52143900 ns
[2020-09-29T10:10:57.074+0000][7792][gc,marking   ] GC(262) Concurrent Cleanup for Next Mark
[2020-09-29T10:10:57.075+0000][7792][gc,marking   ] GC(262) Concurrent Cleanup for Next Mark 1.888ms
[2020-09-29T10:10:57.076+0000][7792][gc           ] GC(262) Concurrent Cycle 360.170ms
[2020-09-29T10:10:57.108+0000][7792][gc,start     ] GC(263) Pause Young (Concurrent Start) (G1 Humongous Allocation)
[2020-09-29T10:10:57.108+0000][7792][gc,task      ] GC(263) Using 8 workers of 8 for evacuation
[2020-09-29T10:10:57.108+0000][7792][gc,age       ] GC(263) Desired survivor size 33030144 bytes, new threshold 15 (max threshold 15)
[2020-09-29T10:10:57.113+0000][7792][gc,age       ] GC(263) Age table with threshold 15 (max threshold 15)
[2020-09-29T10:10:57.113+0000][7792][gc,age       ] GC(263) - age   1:    3216960 bytes,    3216960 total
[2020-09-29T10:10:57.114+0000][7792][gc,age       ] GC(263) - age   2:     409328 bytes,    3626288 total
[2020-09-29T10:10:57.114+0000][7792][gc,age       ] GC(263) - age   3:     205072 bytes,    3831360 total
[2020-09-29T10:10:57.114+0000][7792][gc,age       ] GC(263) - age   4:       5464 bytes,    3836824 total
[2020-09-29T10:10:57.114+0000][7792][gc,age       ] GC(263) - age   5:      37552 bytes,    3874376 total
[2020-09-29T10:10:57.114+0000][7792][gc,age       ] GC(263) - age   6:       1704 bytes,    3876080 total
[2020-09-29T10:10:57.114+0000][7792][gc,age       ] GC(263) - age   7:        704 bytes,    3876784 total
[2020-09-29T10:10:57.114+0000][7792][gc,age       ] GC(263) - age   8:       2368 bytes,    3879152 total
[2020-09-29T10:10:57.114+0000][7792][gc,age       ] GC(263) - age   9:       6088 bytes,    3885240 total
[2020-09-29T10:10:57.114+0000][7792][gc,age       ] GC(263) - age  10:       5704 bytes,    3890944 total
[2020-09-29T10:10:57.114+0000][7792][gc,age       ] GC(263) - age  11:       2040 bytes,    3892984 total
[2020-09-29T10:10:57.114+0000][7792][gc,age       ] GC(263) - age  12:       1208 bytes,    3894192 total
[2020-09-29T10:10:57.114+0000][7792][gc,age       ] GC(263) - age  13:      64256 bytes,    3958448 total
[2020-09-29T10:10:57.114+0000][7792][gc,age       ] GC(263) - age  14:        384 bytes,    3958832 total
[2020-09-29T10:10:57.114+0000][7792][gc,age       ] GC(263) - age  15:       2664 bytes,    3961496 total
[2020-09-29T10:10:57.114+0000][7792][gc,phases    ] GC(263)   Pre Evacuate Collection Set: 0.5ms
[2020-09-29T10:10:57.114+0000][7792][gc,phases    ] GC(263)   Merge Heap Roots: 0.1ms
[2020-09-29T10:10:57.114+0000][7792][gc,phases    ] GC(263)   Evacuate Collection Set: 3.2ms
[2020-09-29T10:10:57.114+0000][7792][gc,phases    ] GC(263)   Post Evacuate Collection Set: 1.2ms
[2020-09-29T10:10:57.114+0000][7792][gc,phases    ] GC(263)   Other: 1.0ms
[2020-09-29T10:10:57.114+0000][7792][gc,heap      ] GC(263) Eden regions: 41->0(495)
[2020-09-29T10:10:57.114+0000][7792][gc,heap      ] GC(263) Survivor regions: 5->5(63)
[2020-09-29T10:10:57.114+0000][7792][gc,heap      ] GC(263) Old regions: 77->77
[2020-09-29T10:10:57.114+0000][7792][gc,heap      ] GC(263) Archive regions: 0->0
[2020-09-29T10:10:57.114+0000][7792][gc,heap      ] GC(263) Humongous regions: 278->174
[2020-09-29T10:10:57.114+0000][7792][gc,metaspace ] GC(263) Metaspace: 88295K(94208K)->88295K(94208K) NonClass: 77169K(80640K)->77169K(80640K) Class: 11126K(13568K)->11126K(13568K)
[2020-09-29T10:10:57.114+0000][7792][gc           ] GC(263) Pause Young (Concurrent Start) (G1 Humongous Allocation) 399M->254M(1024M) 6.439ms
[2020-09-29T10:10:57.115+0000][7792][gc,cpu       ] GC(263) User=0.05s Sys=0.00s Real=0.01s
[2020-09-29T10:10:57.115+0000][7792][gc           ] GC(264) Concurrent Cycle
[2020-09-29T10:10:57.115+0000][7792][safepoint    ] Safepoint "G1TryInitiateConcMark", Time since last: 34378000 ns, Reaching safepoint: 155200 ns, At safepoint: 6656300 ns, Total: 6811500 ns
[2020-09-29T10:10:57.115+0000][7792][gc,marking   ] GC(264) Concurrent Clear Claimed Marks
[2020-09-29T10:10:57.115+0000][7792][gc,marking   ] GC(264) Concurrent Clear Claimed Marks 0.640ms
[2020-09-29T10:10:57.115+0000][7792][gc,marking   ] GC(264) Concurrent Scan Root Regions
[2020-09-29T10:10:57.118+0000][7792][gc,marking   ] GC(264) Concurrent Scan Root Regions 2.706ms
[2020-09-29T10:10:57.118+0000][7792][gc,marking   ] GC(264) Concurrent Mark (920.220s)
[2020-09-29T10:10:57.118+0000][7792][gc,marking   ] GC(264) Concurrent Mark From Roots
[2020-09-29T10:10:57.118+0000][7792][gc,task      ] GC(264) Using 2 workers of 2 for marking
[2020-09-29T10:10:57.309+0000][7792][gc,marking   ] GC(264) Concurrent Mark From Roots 190.558ms
[2020-09-29T10:10:57.309+0000][7792][gc,marking   ] GC(264) Concurrent Preclean
[2020-09-29T10:10:57.310+0000][7792][gc,marking   ] GC(264) Concurrent Preclean 0.867ms
[2020-09-29T10:10:57.310+0000][7792][gc,marking   ] GC(264) Concurrent Mark (920.220s, 920.412s) 191.677ms
[2020-09-29T10:10:57.311+0000][7792][gc,start     ] GC(264) Pause Remark
[2020-09-29T10:10:57.319+0000][7792][gc           ] GC(264) Pause Remark 320M->320M(1024M) 7.590ms
[2020-09-29T10:10:57.319+0000][7792][gc,cpu       ] GC(264) User=0.08s Sys=0.00s Real=0.01s
[2020-09-29T10:10:57.319+0000][7792][safepoint    ] Safepoint "G1Concurrent", Time since last: 195406600 ns, Reaching safepoint: 871400 ns, At safepoint: 8174000 ns, Total: 9045400 ns
[2020-09-29T10:10:57.319+0000][7792][gc,marking   ] GC(264) Concurrent Rebuild Remembered Sets
[2020-09-29T10:10:57.425+0000][7792][gc,marking   ] GC(264) Concurrent Rebuild Remembered Sets 105.503ms
[2020-09-29T10:10:57.425+0000][7792][gc,start     ] GC(264) Pause Cleanup
[2020-09-29T10:10:57.426+0000][7792][gc           ] GC(264) Pause Cleanup 330M->330M(1024M) 0.397ms
[2020-09-29T10:10:57.426+0000][7792][gc,cpu       ] GC(264) User=0.00s Sys=0.00s Real=0.00s
[2020-09-29T10:10:57.428+0000][7792][safepoint    ] Safepoint "G1Concurrent", Time since last: 105768400 ns, Reaching safepoint: 228000 ns, At safepoint: 3399600 ns, Total: 3627600 ns
[2020-09-29T10:10:57.429+0000][7792][gc,marking   ] GC(264) Concurrent Cleanup for Next Mark
[2020-09-29T10:10:57.430+0000][7792][gc,marking   ] GC(264) Concurrent Cleanup for Next Mark 2.194ms
[2020-09-29T10:10:57.430+0000][7792][gc           ] GC(264) Concurrent Cycle 316.399ms
[2020-09-29T10:10:57.437+0000][7792][gc,start     ] GC(265) Pause Young (Concurrent Start) (G1 Humongous Allocation)
[2020-09-29T10:10:57.437+0000][7792][gc,task      ] GC(265) Using 8 workers of 8 for evacuation
[2020-09-29T10:10:57.438+0000][7792][gc,age       ] GC(265) Desired survivor size 33030144 bytes, new threshold 15 (max threshold 15)
[2020-09-29T10:10:57.445+0000][7792][gc,age       ] GC(265) Age table with threshold 15 (max threshold 15)
[2020-09-29T10:10:57.445+0000][7792][gc,age       ] GC(265) - age   1:   10785656 bytes,   10785656 total
[2020-09-29T10:10:57.445+0000][7792][gc,age       ] GC(265) - age   2:       1840 bytes,   10787496 total
[2020-09-29T10:10:57.445+0000][7792][gc,age       ] GC(265) - age   3:       3184 bytes,   10790680 total
[2020-09-29T10:10:57.445+0000][7792][gc,age       ] GC(265) - age   4:       2232 bytes,   10792912 total
[2020-09-29T10:10:57.445+0000][7792][gc,age       ] GC(265) - age   5:       4616 bytes,   10797528 total
[2020-09-29T10:10:57.445+0000][7792][gc,age       ] GC(265) - age   6:      37288 bytes,   10834816 total
[2020-09-29T10:10:57.445+0000][7792][gc,age       ] GC(265) - age   7:       1704 bytes,   10836520 total
[2020-09-29T10:10:57.445+0000][7792][gc,age       ] GC(265) - age   8:        672 bytes,   10837192 total
[2020-09-29T10:10:57.445+0000][7792][gc,age       ] GC(265) - age   9:       2016 bytes,   10839208 total
[2020-09-29T10:10:57.445+0000][7792][gc,age       ] GC(265) - age  10:       6056 bytes,   10845264 total
[2020-09-29T10:10:57.445+0000][7792][gc,age       ] GC(265) - age  11:       5704 bytes,   10850968 total
[2020-09-29T10:10:57.445+0000][7792][gc,age       ] GC(265) - age  12:       2040 bytes,   10853008 total
[2020-09-29T10:10:57.445+0000][7792][gc,age       ] GC(265) - age  13:       1208 bytes,   10854216 total
[2020-09-29T10:10:57.446+0000][7792][gc,age       ] GC(265) - age  14:      64224 bytes,   10918440 total
[2020-09-29T10:10:57.446+0000][7792][gc,age       ] GC(265) - age  15:        384 bytes,   10918824 total
[2020-09-29T10:10:57.446+0000][7792][gc,phases    ] GC(265)   Pre Evacuate Collection Set: 0.5ms
[2020-09-29T10:10:57.446+0000][7792][gc,phases    ] GC(265)   Merge Heap Roots: 0.3ms
[2020-09-29T10:10:57.446+0000][7792][gc,phases    ] GC(265)   Evacuate Collection Set: 5.5ms
[2020-09-29T10:10:57.446+0000][7792][gc,phases    ] GC(265)   Post Evacuate Collection Set: 0.9ms
[2020-09-29T10:10:57.446+0000][7792][gc,phases    ] GC(265)   Other: 1.2ms
[2020-09-29T10:10:57.446+0000][7792][gc,heap      ] GC(265) Eden regions: 41->0(484)
[2020-09-29T10:10:57.446+0000][7792][gc,heap      ] GC(265) Survivor regions: 5->12(63)
[2020-09-29T10:10:57.446+0000][7792][gc,heap      ] GC(265) Old regions: 77->77
[2020-09-29T10:10:57.446+0000][7792][gc,heap      ] GC(265) Archive regions: 0->0
[2020-09-29T10:10:57.446+0000][7792][gc,heap      ] GC(265) Humongous regions: 230->174
[2020-09-29T10:10:57.446+0000][7792][gc,metaspace ] GC(265) Metaspace: 88310K(94208K)->88310K(94208K) NonClass: 77184K(80640K)->77184K(80640K) Class: 11126K(13568K)->11126K(13568K)
[2020-09-29T10:10:57.446+0000][7792][gc           ] GC(265) Pause Young (Concurrent Start) (G1 Humongous Allocation) 351M->261M(1024M) 9.106ms
[2020-09-29T10:10:57.446+0000][7792][gc,cpu       ] GC(265) User=0.00s Sys=0.00s Real=0.01s
[2020-09-29T10:10:57.447+0000][7792][gc           ] GC(266) Concurrent Cycle
[2020-09-29T10:10:57.447+0000][7792][gc,marking   ] GC(266) Concurrent Clear Claimed Marks
[2020-09-29T10:10:57.447+0000][7792][gc,marking   ] GC(266) Concurrent Clear Claimed Marks 0.473ms
[2020-09-29T10:10:57.447+0000][7792][gc,marking   ] GC(266) Concurrent Scan Root Regions
[2020-09-29T10:10:57.449+0000][7792][gc,marking   ] GC(266) Concurrent Scan Root Regions 2.159ms
[2020-09-29T10:10:57.449+0000][7792][gc,marking   ] GC(266) Concurrent Mark (920.552s)
[2020-09-29T10:10:57.449+0000][7792][gc,marking   ] GC(266) Concurrent Mark From Roots
[2020-09-29T10:10:57.449+0000][7792][gc,task      ] GC(266) Using 2 workers of 2 for marking
[2020-09-29T10:10:57.451+0000][7792][safepoint    ] Safepoint "G1TryInitiateConcMark", Time since last: 8289600 ns, Reaching safepoint: 1066700 ns, At safepoint: 14053400 ns, Total: 15120100 ns
[2020-09-29T10:10:57.645+0000][7792][gc,marking   ] GC(266) Concurrent Mark From Roots 195.007ms
[2020-09-29T10:10:57.645+0000][7792][gc,marking   ] GC(266) Concurrent Preclean
[2020-09-29T10:10:57.646+0000][7792][gc,marking   ] GC(266) Concurrent Preclean 1.043ms
[2020-09-29T10:10:57.646+0000][7792][gc,marking   ] GC(266) Concurrent Mark (920.552s, 920.748s) 196.416ms
[2020-09-29T10:10:57.647+0000][7792][gc,start     ] GC(266) Pause Remark
[2020-09-29T10:10:57.655+0000][7792][gc           ] GC(266) Pause Remark 624M->624M(1024M) 8.035ms
[2020-09-29T10:10:57.655+0000][7792][gc,cpu       ] GC(266) User=0.00s Sys=0.00s Real=0.01s
[2020-09-29T10:10:57.655+0000][7792][safepoint    ] Safepoint "G1Concurrent", Time since last: 194729300 ns, Reaching safepoint: 263800 ns, At safepoint: 8463400 ns, Total: 8727200 ns
[2020-09-29T10:10:57.655+0000][7792][gc,marking   ] GC(266) Concurrent Rebuild Remembered Sets
[2020-09-29T10:10:57.754+0000][7792][gc,marking   ] GC(266) Concurrent Rebuild Remembered Sets 98.789ms
[2020-09-29T10:10:57.754+0000][7792][gc,start     ] GC(266) Pause Cleanup
[2020-09-29T10:10:57.755+0000][7792][gc           ] GC(266) Pause Cleanup 717M->717M(1024M) 0.368ms
[2020-09-29T10:10:57.755+0000][7792][gc,cpu       ] GC(266) User=0.00s Sys=0.00s Real=0.00s
[2020-09-29T10:10:57.755+0000][7792][safepoint    ] Safepoint "G1Concurrent", Time since last: 99017700 ns, Reaching safepoint: 190000 ns, At safepoint: 565300 ns, Total: 755300 ns
[2020-09-29T10:10:57.755+0000][7792][gc,marking   ] GC(266) Concurrent Cleanup for Next Mark
[2020-09-29T10:10:57.757+0000][7792][gc,marking   ] GC(266) Concurrent Cleanup for Next Mark 2.113ms
[2020-09-29T10:10:57.757+0000][7792][gc           ] GC(266) Concurrent Cycle 310.204ms
[2020-09-29T10:10:57.793+0000][7792][gc,start     ] GC(267) Pause Young (Concurrent Start) (G1 Humongous Allocation)
[2020-09-29T10:10:57.793+0000][7792][gc,task      ] GC(267) Using 8 workers of 8 for evacuation
[2020-09-29T10:10:57.793+0000][7792][gc,age       ] GC(267) Desired survivor size 32505856 bytes, new threshold 15 (max threshold 15)
[2020-09-29T10:10:57.797+0000][7792][gc,age       ] GC(267) Age table with threshold 15 (max threshold 15)
[2020-09-29T10:10:57.797+0000][7792][gc,age       ] GC(267) - age   1:    3916608 bytes,    3916608 total
[2020-09-29T10:10:57.797+0000][7792][gc,age       ] GC(267) - age   2:      65480 bytes,    3982088 total
[2020-09-29T10:10:57.797+0000][7792][gc,age       ] GC(267) - age   3:       1064 bytes,    3983152 total
[2020-09-29T10:10:57.798+0000][7792][gc,age       ] GC(267) - age   4:       2416 bytes,    3985568 total
[2020-09-29T10:10:57.798+0000][7792][gc,age       ] GC(267) - age   5:       1672 bytes,    3987240 total
[2020-09-29T10:10:57.798+0000][7792][gc,age       ] GC(267) - age   6:       4360 bytes,    3991600 total
[2020-09-29T10:10:57.798+0000][7792][gc,age       ] GC(267) - age   7:      37192 bytes,    4028792 total
[2020-09-29T10:10:57.798+0000][7792][gc,age       ] GC(267) - age   8:       1704 bytes,    4030496 total
[2020-09-29T10:10:57.798+0000][7792][gc,age       ] GC(267) - age   9:        672 bytes,    4031168 total
[2020-09-29T10:10:57.798+0000][7792][gc,age       ] GC(267) - age  10:       2016 bytes,    4033184 total
[2020-09-29T10:10:57.798+0000][7792][gc,age       ] GC(267) - age  11:       6056 bytes,    4039240 total
[2020-09-29T10:10:57.798+0000][7792][gc,age       ] GC(267) - age  12:       5608 bytes,    4044848 total
[2020-09-29T10:10:57.798+0000][7792][gc,age       ] GC(267) - age  13:       2040 bytes,    4046888 total
[2020-09-29T10:10:57.798+0000][7792][gc,age       ] GC(267) - age  14:       1208 bytes,    4048096 total
[2020-09-29T10:10:57.798+0000][7792][gc,age       ] GC(267) - age  15:      64064 bytes,    4112160 total
[2020-09-29T10:10:57.798+0000][7792][gc,phases    ] GC(267)   Pre Evacuate Collection Set: 0.4ms
[2020-09-29T10:10:57.798+0000][7792][gc,phases    ] GC(267)   Merge Heap Roots: 0.1ms
[2020-09-29T10:10:57.798+0000][7792][gc,phases    ] GC(267)   Evacuate Collection Set: 2.2ms
[2020-09-29T10:10:57.798+0000][7792][gc,phases    ] GC(267)   Post Evacuate Collection Set: 1.0ms
[2020-09-29T10:10:57.798+0000][7792][gc,phases    ] GC(267)   Other: 1.1ms
[2020-09-29T10:10:57.798+0000][7792][gc,heap      ] GC(267) Eden regions: 124->0(493)
[2020-09-29T10:10:57.798+0000][7792][gc,heap      ] GC(267) Survivor regions: 12->5(62)
[2020-09-29T10:10:57.798+0000][7792][gc,heap      ] GC(267) Old regions: 77->77
[2020-09-29T10:10:57.798+0000][7792][gc,heap      ] GC(267) Archive regions: 0->0
[2020-09-29T10:10:57.799+0000][7792][gc,heap      ] GC(267) Humongous regions: 516->174
[2020-09-29T10:10:57.799+0000][7792][gc,metaspace ] GC(267) Metaspace: 88310K(94208K)->88310K(94208K) NonClass: 77184K(80640K)->77184K(80640K) Class: 11126K(13568K)->11126K(13568K)
[2020-09-29T10:10:57.799+0000][7792][gc           ] GC(267) Pause Young (Concurrent Start) (G1 Humongous Allocation) 727M->255M(1024M) 5.298ms
[2020-09-29T10:10:57.799+0000][7792][gc,cpu       ] GC(267) User=0.11s Sys=0.00s Real=0.01s
[2020-09-29T10:10:57.799+0000][7792][safepoint    ] Safepoint "G1TryInitiateConcMark", Time since last: 38213100 ns, Reaching safepoint: 160700 ns, At safepoint: 5485900 ns, Total: 5646600 ns
[2020-09-29T10:10:57.799+0000][7792][gc           ] GC(268) Concurrent Cycle
[2020-09-29T10:10:57.799+0000][7792][gc,marking   ] GC(268) Concurrent Clear Claimed Marks
[2020-09-29T10:10:57.799+0000][7792][gc,marking   ] GC(268) Concurrent Clear Claimed Marks 0.326ms
[2020-09-29T10:10:57.799+0000][7792][gc,marking   ] GC(268) Concurrent Scan Root Regions
[2020-09-29T10:10:57.803+0000][7792][gc,marking   ] GC(268) Concurrent Scan Root Regions 3.931ms
[2020-09-29T10:10:57.803+0000][7792][gc,marking   ] GC(268) Concurrent Mark (920.905s)
[2020-09-29T10:10:57.803+0000][7792][gc,marking   ] GC(268) Concurrent Mark From Roots
[2020-09-29T10:10:57.803+0000][7792][gc,task      ] GC(268) Using 2 workers of 2 for marking
[2020-09-29T10:10:57.979+0000][7792][gc,marking   ] GC(268) Concurrent Mark From Roots 175.892ms
[2020-09-29T10:10:57.979+0000][7792][gc,marking   ] GC(268) Concurrent Preclean
[2020-09-29T10:10:57.980+0000][7792][gc,marking   ] GC(268) Concurrent Preclean 0.688ms
[2020-09-29T10:10:57.980+0000][7792][gc,marking   ] GC(268) Concurrent Mark (920.905s, 921.082s) 176.787ms
[2020-09-29T10:10:57.980+0000][7792][gc,start     ] GC(268) Pause Remark
[2020-09-29T10:10:57.988+0000][7792][gc           ] GC(268) Pause Remark 455M->455M(1024M) 7.982ms
[2020-09-29T10:10:57.989+0000][7792][gc,cpu       ] GC(268) User=0.13s Sys=0.00s Real=0.01s
[2020-09-29T10:10:57.989+0000][7792][safepoint    ] Safepoint "G1Concurrent", Time since last: 181406600 ns, Reaching safepoint: 186100 ns, At safepoint: 8289800 ns, Total: 8475900 ns
[2020-09-29T10:10:57.989+0000][7792][gc,marking   ] GC(268) Concurrent Rebuild Remembered Sets
[2020-09-29T10:10:58.081+0000][7792][gc,marking   ] GC(268) Concurrent Rebuild Remembered Sets 92.336ms
[2020-09-29T10:10:58.081+0000][7792][gc,start     ] GC(268) Pause Cleanup
[2020-09-29T10:10:58.082+0000][7792][gc           ] GC(268) Pause Cleanup 472M->472M(1024M) 0.386ms
[2020-09-29T10:10:58.082+0000][7792][gc,cpu       ] GC(268) User=0.00s Sys=0.00s Real=0.00s
[2020-09-29T10:10:58.082+0000][7792][safepoint    ] Safepoint "G1Concurrent", Time since last: 92545800 ns, Reaching safepoint: 235200 ns, At safepoint: 635600 ns, Total: 870800 ns
[2020-09-29T10:10:58.082+0000][7792][gc,marking   ] GC(268) Concurrent Cleanup for Next Mark
[2020-09-29T10:10:58.084+0000][7792][gc,marking   ] GC(268) Concurrent Cleanup for Next Mark 1.571ms
[2020-09-29T10:10:58.084+0000][7792][gc           ] GC(268) Concurrent Cycle 285.100ms
[2020-09-29T10:10:58.090+0000][7792][gc,start     ] GC(269) Pause Young (Concurrent Start) (G1 Humongous Allocation)
[2020-09-29T10:10:58.090+0000][7792][gc,task      ] GC(269) Using 8 workers of 8 for evacuation
[2020-09-29T10:10:58.090+0000][7792][gc,age       ] GC(269) Desired survivor size 33030144 bytes, new threshold 15 (max threshold 15)
[2020-09-29T10:10:58.093+0000][7792][gc,age       ] GC(269) Age table with threshold 15 (max threshold 15)
[2020-09-29T10:10:58.093+0000][7792][gc,age       ] GC(269) - age   1:    2632704 bytes,    2632704 total
[2020-09-29T10:10:58.093+0000][7792][gc,age       ] GC(269) - age   2:       4768 bytes,    2637472 total
[2020-09-29T10:10:58.093+0000][7792][gc,age       ] GC(269) - age   3:      62952 bytes,    2700424 total
[2020-09-29T10:10:58.093+0000][7792][gc,age       ] GC(269) - age   4:        768 bytes,    2701192 total
[2020-09-29T10:10:58.093+0000][7792][gc,age       ] GC(269) - age   5:       2320 bytes,    2703512 total
[2020-09-29T10:10:58.094+0000][7792][gc,age       ] GC(269) - age   6:       1480 bytes,    2704992 total
[2020-09-29T10:10:58.094+0000][7792][gc,age       ] GC(269) - age   7:       4264 bytes,    2709256 total
[2020-09-29T10:10:58.094+0000][7792][gc,age       ] GC(269) - age   8:      36680 bytes,    2745936 total
[2020-09-29T10:10:58.094+0000][7792][gc,age       ] GC(269) - age   9:       1672 bytes,    2747608 total
[2020-09-29T10:10:58.094+0000][7792][gc,age       ] GC(269) - age  10:        672 bytes,    2748280 total
[2020-09-29T10:10:58.094+0000][7792][gc,age       ] GC(269) - age  11:       1920 bytes,    2750200 total
[2020-09-29T10:10:58.094+0000][7792][gc,age       ] GC(269) - age  12:       6056 bytes,    2756256 total
[2020-09-29T10:10:58.094+0000][7792][gc,age       ] GC(269) - age  13:       5480 bytes,    2761736 total
[2020-09-29T10:10:58.094+0000][7792][gc,age       ] GC(269) - age  14:       2040 bytes,    2763776 total
[2020-09-29T10:10:58.094+0000][7792][gc,age       ] GC(269) - age  15:       1208 bytes,    2764984 total
[2020-09-29T10:10:58.094+0000][7792][gc,phases    ] GC(269)   Pre Evacuate Collection Set: 0.4ms
[2020-09-29T10:10:58.094+0000][7792][gc,phases    ] GC(269)   Merge Heap Roots: 0.2ms
[2020-09-29T10:10:58.094+0000][7792][gc,phases    ] GC(269)   Evacuate Collection Set: 2.0ms
[2020-09-29T10:10:58.094+0000][7792][gc,phases    ] GC(269)   Post Evacuate Collection Set: 0.7ms
[2020-09-29T10:10:58.094+0000][7792][gc,phases    ] GC(269)   Other: 0.9ms
[2020-09-29T10:10:58.094+0000][7792][gc,heap      ] GC(269) Eden regions: 69->0(497)
[2020-09-29T10:10:58.094+0000][7792][gc,heap      ] GC(269) Survivor regions: 5->4(63)
[2020-09-29T10:10:58.094+0000][7792][gc,heap      ] GC(269) Old regions: 77->77
[2020-09-29T10:10:58.094+0000][7792][gc,heap      ] GC(269) Archive regions: 0->0
[2020-09-29T10:10:58.094+0000][7792][gc,heap      ] GC(269) Humongous regions: 324->174
[2020-09-29T10:10:58.094+0000][7792][gc,metaspace ] GC(269) Metaspace: 88324K(94208K)->88324K(94208K) NonClass: 77198K(80640K)->77198K(80640K) Class: 11126K(13568K)->11126K(13568K)
[2020-09-29T10:10:58.094+0000][7792][gc           ] GC(269) Pause Young (Concurrent Start) (G1 Humongous Allocation) 474M->253M(1024M) 4.606ms
[2020-09-29T10:10:58.094+0000][7792][gc,cpu       ] GC(269) User=0.09s Sys=0.00s Real=0.00s
[2020-09-29T10:10:58.094+0000][7792][safepoint    ] Safepoint "G1TryInitiateConcMark", Time since last: 7275500 ns, Reaching safepoint: 306800 ns, At safepoint: 4839400 ns, Total: 5146200 ns
[2020-09-29T10:10:58.094+0000][7792][gc           ] GC(270) Concurrent Cycle
[2020-09-29T10:10:58.095+0000][7792][gc,marking   ] GC(270) Concurrent Clear Claimed Marks
[2020-09-29T10:10:58.095+0000][7792][gc,marking   ] GC(270) Concurrent Clear Claimed Marks 0.340ms
[2020-09-29T10:10:58.095+0000][7792][gc,marking   ] GC(270) Concurrent Scan Root Regions
[2020-09-29T10:10:58.096+0000][7792][gc,marking   ] GC(270) Concurrent Scan Root Regions 1.444ms
[2020-09-29T10:10:58.097+0000][7792][gc,marking   ] GC(270) Concurrent Mark (921.199s)
[2020-09-29T10:10:58.097+0000][7792][gc,marking   ] GC(270) Concurrent Mark From Roots
[2020-09-29T10:10:58.097+0000][7792][gc,task      ] GC(270) Using 2 workers of 2 for marking
[2020-09-29T10:10:58.265+0000][7792][gc,marking   ] GC(270) Concurrent Mark From Roots 168.234ms
[2020-09-29T10:10:58.265+0000][7792][gc,marking   ] GC(270) Concurrent Preclean
[2020-09-29T10:10:58.265+0000][7792][gc,marking   ] GC(270) Concurrent Preclean 0.648ms
[2020-09-29T10:10:58.266+0000][7792][gc,marking   ] GC(270) Concurrent Mark (921.199s, 921.368s) 169.121ms
[2020-09-29T10:10:58.266+0000][7792][gc,start     ] GC(270) Pause Remark
[2020-09-29T10:10:58.275+0000][7792][gc           ] GC(270) Pause Remark 387M->387M(1024M) 8.444ms
[2020-09-29T10:10:58.275+0000][7792][gc,cpu       ] GC(270) User=0.00s Sys=0.00s Real=0.01s
[2020-09-29T10:10:58.275+0000][7792][safepoint    ] Safepoint "G1Concurrent", Time since last: 171569000 ns, Reaching safepoint: 179300 ns, At safepoint: 8726100 ns, Total: 8905400 ns
[2020-09-29T10:10:58.275+0000][7792][gc,marking   ] GC(270) Concurrent Rebuild Remembered Sets
[2020-09-29T10:10:58.368+0000][7792][gc,marking   ] GC(270) Concurrent Rebuild Remembered Sets 92.956ms
[2020-09-29T10:10:58.368+0000][7792][gc,start     ] GC(270) Pause Cleanup
[2020-09-29T10:10:58.369+0000][7792][gc           ] GC(270) Pause Cleanup 458M->458M(1024M) 0.434ms
[2020-09-29T10:10:58.369+0000][7792][gc,cpu       ] GC(270) User=0.00s Sys=0.00s Real=0.00s
[2020-09-29T10:10:58.369+0000][7792][safepoint    ] Safepoint "G1Concurrent", Time since last: 93181500 ns, Reaching safepoint: 196100 ns, At safepoint: 686500 ns, Total: 882600 ns
[2020-09-29T10:10:58.369+0000][7792][gc,marking   ] GC(270) Concurrent Cleanup for Next Mark
[2020-09-29T10:10:58.371+0000][7792][gc,marking   ] GC(270) Concurrent Cleanup for Next Mark 2.114ms
[2020-09-29T10:10:58.371+0000][7792][gc           ] GC(270) Concurrent Cycle 276.923ms
[2020-09-29T10:10:58.376+0000][7792][gc,start     ] GC(271) Pause Young (Concurrent Start) (G1 Humongous Allocation)
[2020-09-29T10:10:58.376+0000][7792][gc,task      ] GC(271) Using 8 workers of 8 for evacuation
[2020-09-29T10:10:58.377+0000][7792][gc,age       ] GC(271) Desired survivor size 33030144 bytes, new threshold 15 (max threshold 15)
[2020-09-29T10:10:58.380+0000][7792][gc,age       ] GC(271) Age table with threshold 15 (max threshold 15)
[2020-09-29T10:10:58.381+0000][7792][gc,age       ] GC(271) - age   1:    3045560 bytes,    3045560 total
[2020-09-29T10:10:58.381+0000][7792][gc,age       ] GC(271) - age   2:      31120 bytes,    3076680 total
[2020-09-29T10:10:58.381+0000][7792][gc,age       ] GC(271) - age   3:       4200 bytes,    3080880 total
[2020-09-29T10:10:58.381+0000][7792][gc,age       ] GC(271) - age   4:      61344 bytes,    3142224 total
[2020-09-29T10:10:58.381+0000][7792][gc,age       ] GC(271) - age   5:        448 bytes,    3142672 total
[2020-09-29T10:10:58.381+0000][7792][gc,age       ] GC(271) - age   6:       2288 bytes,    3144960 total
[2020-09-29T10:10:58.381+0000][7792][gc,age       ] GC(271) - age   7:       1416 bytes,    3146376 total
[2020-09-29T10:10:58.381+0000][7792][gc,age       ] GC(271) - age   8:       4200 bytes,    3150576 total
[2020-09-29T10:10:58.381+0000][7792][gc,age       ] GC(271) - age   9:      36552 bytes,    3187128 total
[2020-09-29T10:10:58.381+0000][7792][gc,age       ] GC(271) - age  10:       1608 bytes,    3188736 total
[2020-09-29T10:10:58.381+0000][7792][gc,age       ] GC(271) - age  11:        672 bytes,    3189408 total
[2020-09-29T10:10:58.381+0000][7792][gc,age       ] GC(271) - age  12:       1792 bytes,    3191200 total
[2020-09-29T10:10:58.381+0000][7792][gc,age       ] GC(271) - age  13:       6056 bytes,    3197256 total
[2020-09-29T10:10:58.381+0000][7792][gc,age       ] GC(271) - age  14:       5448 bytes,    3202704 total
[2020-09-29T10:10:58.381+0000][7792][gc,age       ] GC(271) - age  15:       1640 bytes,    3204344 total
[2020-09-29T10:10:58.381+0000][7792][gc,phases    ] GC(271)   Pre Evacuate Collection Set: 0.4ms
[2020-09-29T10:10:58.381+0000][7792][gc,phases    ] GC(271)   Merge Heap Roots: 0.1ms
[2020-09-29T10:10:58.381+0000][7792][gc,phases    ] GC(271)   Evacuate Collection Set: 2.2ms
[2020-09-29T10:10:58.381+0000][7792][gc,phases    ] GC(271)   Post Evacuate Collection Set: 0.9ms
[2020-09-29T10:10:58.381+0000][7792][gc,phases    ] GC(271)   Other: 1.1ms
[2020-09-29T10:10:58.381+0000][7792][gc,heap      ] GC(271) Eden regions: 62->0(499)
[2020-09-29T10:10:58.381+0000][7792][gc,heap      ] GC(271) Survivor regions: 4->4(63)
[2020-09-29T10:10:58.381+0000][7792][gc,heap      ] GC(271) Old regions: 77->77
[2020-09-29T10:10:58.381+0000][7792][gc,heap      ] GC(271) Archive regions: 0->0
[2020-09-29T10:10:58.381+0000][7792][gc,heap      ] GC(271) Humongous regions: 318->174
[2020-09-29T10:10:58.381+0000][7792][gc,metaspace ] GC(271) Metaspace: 88334K(94208K)->88334K(94208K) NonClass: 77207K(80640K)->77207K(80640K) Class: 11126K(13568K)->11126K(13568K)
[2020-09-29T10:10:58.382+0000][7792][gc           ] GC(271) Pause Young (Concurrent Start) (G1 Humongous Allocation) 459M->254M(1024M) 5.148ms
[2020-09-29T10:10:58.382+0000][7792][gc,cpu       ] GC(271) User=0.00s Sys=0.00s Real=0.01s
[2020-09-29T10:10:58.382+0000][7792][gc           ] GC(272) Concurrent Cycle
[2020-09-29T10:10:58.382+0000][7792][safepoint    ] Safepoint "G1TryInitiateConcMark", Time since last: 7189900 ns, Reaching safepoint: 201900 ns, At safepoint: 5380500 ns, Total: 5582400 ns
[2020-09-29T10:10:58.382+0000][7792][gc,marking   ] GC(272) Concurrent Clear Claimed Marks
[2020-09-29T10:10:58.382+0000][7792][gc,marking   ] GC(272) Concurrent Clear Claimed Marks 0.597ms
[2020-09-29T10:10:58.382+0000][7792][gc,marking   ] GC(272) Concurrent Scan Root Regions
[2020-09-29T10:10:58.385+0000][7792][gc,marking   ] GC(272) Concurrent Scan Root Regions 2.073ms
[2020-09-29T10:10:58.385+0000][7792][gc,marking   ] GC(272) Concurrent Mark (921.487s)
[2020-09-29T10:10:58.385+0000][7792][gc,marking   ] GC(272) Concurrent Mark From Roots
[2020-09-29T10:10:58.385+0000][7792][gc,task      ] GC(272) Using 2 workers of 2 for marking
[2020-09-29T10:10:58.556+0000][7792][gc,marking   ] GC(272) Concurrent Mark From Roots 171.040ms
[2020-09-29T10:10:58.556+0000][7792][gc,marking   ] GC(272) Concurrent Preclean
[2020-09-29T10:10:58.557+0000][7792][gc,marking   ] GC(272) Concurrent Preclean 0.656ms
[2020-09-29T10:10:58.557+0000][7792][gc,marking   ] GC(272) Concurrent Mark (921.487s, 921.659s) 171.922ms
[2020-09-29T10:10:58.557+0000][7792][gc,start     ] GC(272) Pause Remark
[2020-09-29T10:10:58.564+0000][7792][gc           ] GC(272) Pause Remark 383M->383M(1024M) 7.074ms
[2020-09-29T10:10:58.564+0000][7792][gc,cpu       ] GC(272) User=0.11s Sys=0.00s Real=0.01s
[2020-09-29T10:10:58.564+0000][7792][safepoint    ] Safepoint "G1Concurrent", Time since last: 174929100 ns, Reaching safepoint: 204300 ns, At safepoint: 7382900 ns, Total: 7587200 ns
[2020-09-29T10:10:58.564+0000][7792][gc,marking   ] GC(272) Concurrent Rebuild Remembered Sets
[2020-09-29T10:10:58.665+0000][7792][gc,marking   ] GC(272) Concurrent Rebuild Remembered Sets 100.713ms
[2020-09-29T10:10:58.665+0000][7792][gc,start     ] GC(272) Pause Cleanup
[2020-09-29T10:10:58.666+0000][7792][gc           ] GC(272) Pause Cleanup 451M->451M(1024M) 0.411ms
[2020-09-29T10:10:58.666+0000][7792][gc,cpu       ] GC(272) User=0.00s Sys=0.00s Real=0.00s
[2020-09-29T10:10:58.666+0000][7792][safepoint    ] Safepoint "G1Concurrent", Time since last: 100929300 ns, Reaching safepoint: 262100 ns, At safepoint: 624700 ns, Total: 886800 ns
[2020-09-29T10:10:58.666+0000][7792][gc,marking   ] GC(272) Concurrent Cleanup for Next Mark
[2020-09-29T10:10:58.668+0000][7792][gc,marking   ] GC(272) Concurrent Cleanup for Next Mark 1.782ms
[2020-09-29T10:10:58.668+0000][7792][gc           ] GC(272) Concurrent Cycle 286.396ms
[2020-09-29T10:10:58.742+0000][7792][gc,start     ] GC(273) Pause Young (Concurrent Start) (G1 Humongous Allocation)
[2020-09-29T10:10:58.742+0000][7792][gc,task      ] GC(273) Using 8 workers of 8 for evacuation
[2020-09-29T10:10:58.742+0000][7792][gc,age       ] GC(273) Desired survivor size 33030144 bytes, new threshold 15 (max threshold 15)
[2020-09-29T10:10:58.746+0000][7792][gc,age       ] GC(273) Age table with threshold 15 (max threshold 15)
[2020-09-29T10:10:58.746+0000][7792][gc,age       ] GC(273) - age   1:    5187896 bytes,    5187896 total
[2020-09-29T10:10:58.746+0000][7792][gc,age       ] GC(273) - age   2:      16176 bytes,    5204072 total
[2020-09-29T10:10:58.746+0000][7792][gc,age       ] GC(273) - age   3:      26512 bytes,    5230584 total
[2020-09-29T10:10:58.746+0000][7792][gc,age       ] GC(273) - age   4:       2624 bytes,    5233208 total
[2020-09-29T10:10:58.746+0000][7792][gc,age       ] GC(273) - age   5:      61312 bytes,    5294520 total
[2020-09-29T10:10:58.746+0000][7792][gc,age       ] GC(273) - age   6:        320 bytes,    5294840 total
[2020-09-29T10:10:58.746+0000][7792][gc,age       ] GC(273) - age   7:       2288 bytes,    5297128 total
[2020-09-29T10:10:58.746+0000][7792][gc,age       ] GC(273) - age   8:       1288 bytes,    5298416 total
[2020-09-29T10:10:58.746+0000][7792][gc,age       ] GC(273) - age   9:       3944 bytes,    5302360 total
[2020-09-29T10:10:58.746+0000][7792][gc,age       ] GC(273) - age  10:      36520 bytes,    5338880 total
[2020-09-29T10:10:58.746+0000][7792][gc,age       ] GC(273) - age  11:       1608 bytes,    5340488 total
[2020-09-29T10:10:58.746+0000][7792][gc,age       ] GC(273) - age  12:        608 bytes,    5341096 total
[2020-09-29T10:10:58.746+0000][7792][gc,age       ] GC(273) - age  13:       1728 bytes,    5342824 total
[2020-09-29T10:10:58.746+0000][7792][gc,age       ] GC(273) - age  14:       6056 bytes,    5348880 total
[2020-09-29T10:10:58.746+0000][7792][gc,age       ] GC(273) - age  15:       5416 bytes,    5354296 total
[2020-09-29T10:10:58.746+0000][7792][gc,phases    ] GC(273)   Pre Evacuate Collection Set: 0.4ms
[2020-09-29T10:10:58.747+0000][7792][gc,phases    ] GC(273)   Merge Heap Roots: 0.1ms
[2020-09-29T10:10:58.747+0000][7792][gc,phases    ] GC(273)   Evacuate Collection Set: 2.4ms
[2020-09-29T10:10:58.747+0000][7792][gc,phases    ] GC(273)   Post Evacuate Collection Set: 0.9ms
[2020-09-29T10:10:58.747+0000][7792][gc,phases    ] GC(273)   Other: 1.1ms
[2020-09-29T10:10:58.747+0000][7792][gc,heap      ] GC(273) Eden regions: 69->0(496)
[2020-09-29T10:10:58.747+0000][7792][gc,heap      ] GC(273) Survivor regions: 4->6(63)
[2020-09-29T10:10:58.747+0000][7792][gc,heap      ] GC(273) Old regions: 77->77
[2020-09-29T10:10:58.747+0000][7792][gc,heap      ] GC(273) Archive regions: 0->0
[2020-09-29T10:10:58.747+0000][7792][gc,heap      ] GC(273) Humongous regions: 318->174
[2020-09-29T10:10:58.747+0000][7792][gc,metaspace ] GC(273) Metaspace: 88356K(94208K)->88356K(94208K) NonClass: 77229K(80640K)->77229K(80640K) Class: 11127K(13568K)->11127K(13568K)
[2020-09-29T10:10:58.747+0000][7792][gc           ] GC(273) Pause Young (Concurrent Start) (G1 Humongous Allocation) 466M->256M(1024M) 5.348ms
[2020-09-29T10:10:58.747+0000][7792][gc,cpu       ] GC(273) User=0.00s Sys=0.00s Real=0.00s
[2020-09-29T10:10:58.747+0000][7792][gc           ] GC(274) Concurrent Cycle
[2020-09-29T10:10:58.747+0000][7792][safepoint    ] Safepoint "G1TryInitiateConcMark", Time since last: 75310700 ns, Reaching safepoint: 186900 ns, At safepoint: 5597000 ns, Total: 5783900 ns
[2020-09-29T10:10:58.747+0000][7792][gc,marking   ] GC(274) Concurrent Clear Claimed Marks
[2020-09-29T10:10:58.748+0000][7792][gc,marking   ] GC(274) Concurrent Clear Claimed Marks 0.685ms
[2020-09-29T10:10:58.748+0000][7792][gc,marking   ] GC(274) Concurrent Scan Root Regions
[2020-09-29T10:10:58.750+0000][7792][gc,marking   ] GC(274) Concurrent Scan Root Regions 2.378ms
[2020-09-29T10:10:58.751+0000][7792][gc,marking   ] GC(274) Concurrent Mark (921.853s)
[2020-09-29T10:10:58.751+0000][7792][gc,marking   ] GC(274) Concurrent Mark From Roots
[2020-09-29T10:10:58.751+0000][7792][gc,task      ] GC(274) Using 2 workers of 2 for marking
[2020-09-29T10:10:58.932+0000][7792][gc,marking   ] GC(274) Concurrent Mark From Roots 181.507ms
[2020-09-29T10:10:58.932+0000][7792][gc,marking   ] GC(274) Concurrent Preclean
[2020-09-29T10:10:58.933+0000][7792][gc,marking   ] GC(274) Concurrent Preclean 0.698ms
[2020-09-29T10:10:58.933+0000][7792][gc,marking   ] GC(274) Concurrent Mark (921.853s, 922.035s) 182.444ms
[2020-09-29T10:10:58.933+0000][7792][gc,start     ] GC(274) Pause Remark
[2020-09-29T10:10:58.942+0000][7792][gc           ] GC(274) Pause Remark 514M->514M(1024M) 8.352ms
[2020-09-29T10:10:58.942+0000][7792][gc,cpu       ] GC(274) User=0.08s Sys=0.02s Real=0.01s
[2020-09-29T10:10:58.942+0000][7792][safepoint    ] Safepoint "G1Concurrent", Time since last: 185899000 ns, Reaching safepoint: 176500 ns, At safepoint: 9171300 ns, Total: 9347800 ns
[2020-09-29T10:10:58.943+0000][7792][gc,marking   ] GC(274) Concurrent Rebuild Remembered Sets
[2020-09-29T10:10:59.049+0000][7792][gc,marking   ] GC(274) Concurrent Rebuild Remembered Sets 106.676ms
[2020-09-29T10:10:59.050+0000][7792][gc,start     ] GC(274) Pause Cleanup
[2020-09-29T10:10:59.050+0000][7792][gc           ] GC(274) Pause Cleanup 646M->646M(1024M) 0.405ms
[2020-09-29T10:10:59.050+0000][7792][gc,cpu       ] GC(274) User=0.00s Sys=0.00s Real=0.00s
[2020-09-29T10:10:59.050+0000][7792][safepoint    ] Safepoint "G1Concurrent", Time since last: 106963300 ns, Reaching safepoint: 347100 ns, At safepoint: 776100 ns, Total: 1123200 ns
[2020-09-29T10:10:59.051+0000][7792][gc,marking   ] GC(274) Concurrent Cleanup for Next Mark
[2020-09-29T10:10:59.053+0000][7792][gc,marking   ] GC(274) Concurrent Cleanup for Next Mark 1.968ms
[2020-09-29T10:10:59.053+0000][7792][gc           ] GC(274) Concurrent Cycle 305.534ms
[2020-09-29T10:10:59.097+0000][7792][gc,start     ] GC(275) Pause Young (Concurrent Start) (G1 Humongous Allocation)
[2020-09-29T10:10:59.097+0000][7792][gc,task      ] GC(275) Using 8 workers of 8 for evacuation
[2020-09-29T10:10:59.097+0000][7792][gc,age       ] GC(275) Desired survivor size 33030144 bytes, new threshold 15 (max threshold 15)
[2020-09-29T10:10:59.101+0000][7792][gc,age       ] GC(275) Age table with threshold 15 (max threshold 15)
[2020-09-29T10:10:59.101+0000][7792][gc,age       ] GC(275) - age   1:    2608784 bytes,    2608784 total
[2020-09-29T10:10:59.101+0000][7792][gc,age       ] GC(275) - age   2:      25952 bytes,    2634736 total
[2020-09-29T10:10:59.101+0000][7792][gc,age       ] GC(275) - age   3:      15456 bytes,    2650192 total
[2020-09-29T10:10:59.101+0000][7792][gc,age       ] GC(275) - age   4:      23744 bytes,    2673936 total
[2020-09-29T10:10:59.101+0000][7792][gc,age       ] GC(275) - age   5:       2528 bytes,    2676464 total
[2020-09-29T10:10:59.101+0000][7792][gc,age       ] GC(275) - age   6:      61288 bytes,    2737752 total
[2020-09-29T10:10:59.101+0000][7792][gc,age       ] GC(275) - age   7:        320 bytes,    2738072 total
[2020-09-29T10:10:59.101+0000][7792][gc,age       ] GC(275) - age   8:       2288 bytes,    2740360 total
[2020-09-29T10:10:59.101+0000][7792][gc,age       ] GC(275) - age   9:       1288 bytes,    2741648 total
[2020-09-29T10:10:59.102+0000][7792][gc,age       ] GC(275) - age  10:       3560 bytes,    2745208 total
[2020-09-29T10:10:59.102+0000][7792][gc,age       ] GC(275) - age  11:      36456 bytes,    2781664 total
[2020-09-29T10:10:59.102+0000][7792][gc,age       ] GC(275) - age  12:       1608 bytes,    2783272 total
[2020-09-29T10:10:59.102+0000][7792][gc,age       ] GC(275) - age  13:        576 bytes,    2783848 total
[2020-09-29T10:10:59.102+0000][7792][gc,age       ] GC(275) - age  14:       1728 bytes,    2785576 total
[2020-09-29T10:10:59.102+0000][7792][gc,age       ] GC(275) - age  15:       6056 bytes,    2791632 total
[2020-09-29T10:10:59.102+0000][7792][gc,phases    ] GC(275)   Pre Evacuate Collection Set: 0.4ms
[2020-09-29T10:10:59.102+0000][7792][gc,phases    ] GC(275)   Merge Heap Roots: 0.1ms
[2020-09-29T10:10:59.102+0000][7792][gc,phases    ] GC(275)   Evacuate Collection Set: 2.2ms
[2020-09-29T10:10:59.102+0000][7792][gc,phases    ] GC(275)   Post Evacuate Collection Set: 1.3ms
[2020-09-29T10:10:59.102+0000][7792][gc,phases    ] GC(275)   Other: 1.1ms
[2020-09-29T10:10:59.102+0000][7792][gc,heap      ] GC(275) Eden regions: 108->0(501)
[2020-09-29T10:10:59.102+0000][7792][gc,heap      ] GC(275) Survivor regions: 6->3(63)
[2020-09-29T10:10:59.102+0000][7792][gc,heap      ] GC(275) Old regions: 77->77
[2020-09-29T10:10:59.102+0000][7792][gc,heap      ] GC(275) Archive regions: 0->0
[2020-09-29T10:10:59.102+0000][7792][gc,heap      ] GC(275) Humongous regions: 462->174
[2020-09-29T10:10:59.102+0000][7792][gc,metaspace ] GC(275) Metaspace: 88360K(94208K)->88360K(94208K) NonClass: 77233K(80640K)->77233K(80640K) Class: 11127K(13568K)->11127K(13568K)
[2020-09-29T10:10:59.102+0000][7792][gc           ] GC(275) Pause Young (Concurrent Start) (G1 Humongous Allocation) 651M->253M(1024M) 5.614ms
[2020-09-29T10:10:59.102+0000][7792][gc,cpu       ] GC(275) User=0.00s Sys=0.00s Real=0.01s
[2020-09-29T10:10:59.102+0000][7792][safepoint    ] Safepoint "G1TryInitiateConcMark", Time since last: 45935000 ns, Reaching safepoint: 172000 ns, At safepoint: 5793500 ns, Total: 5965500 ns
[2020-09-29T10:10:59.102+0000][7792][gc           ] GC(276) Concurrent Cycle
[2020-09-29T10:10:59.102+0000][7792][gc,marking   ] GC(276) Concurrent Clear Claimed Marks
[2020-09-29T10:10:59.103+0000][7792][gc,marking   ] GC(276) Concurrent Clear Claimed Marks 0.382ms
[2020-09-29T10:10:59.103+0000][7792][gc,marking   ] GC(276) Concurrent Scan Root Regions
[2020-09-29T10:10:59.105+0000][7792][gc,marking   ] GC(276) Concurrent Scan Root Regions 2.189ms
[2020-09-29T10:10:59.105+0000][7792][gc,marking   ] GC(276) Concurrent Mark (922.207s)
[2020-09-29T10:10:59.105+0000][7792][gc,marking   ] GC(276) Concurrent Mark From Roots
[2020-09-29T10:10:59.106+0000][7792][gc,task      ] GC(276) Using 2 workers of 2 for marking
[2020-09-29T10:10:59.261+0000][7792][gc,marking   ] GC(276) Concurrent Mark From Roots 155.548ms
[2020-09-29T10:10:59.261+0000][7792][gc,marking   ] GC(276) Concurrent Preclean
[2020-09-29T10:10:59.261+0000][7792][gc,marking   ] GC(276) Concurrent Preclean 0.516ms
[2020-09-29T10:10:59.262+0000][7792][gc,marking   ] GC(276) Concurrent Mark (922.207s, 922.364s) 156.300ms
[2020-09-29T10:10:59.262+0000][7792][gc,start     ] GC(276) Pause Remark
[2020-09-29T10:10:59.269+0000][7792][gc           ] GC(276) Pause Remark 385M->385M(1024M) 7.051ms
[2020-09-29T10:10:59.269+0000][7792][gc,cpu       ] GC(276) User=0.11s Sys=0.00s Real=0.01s
[2020-09-29T10:10:59.269+0000][7792][safepoint    ] Safepoint "G1Concurrent", Time since last: 159279000 ns, Reaching safepoint: 151200 ns, At safepoint: 7547700 ns, Total: 7698900 ns
[2020-09-29T10:10:59.269+0000][7792][gc,marking   ] GC(276) Concurrent Rebuild Remembered Sets
[2020-09-29T10:10:59.374+0000][7792][gc,marking   ] GC(276) Concurrent Rebuild Remembered Sets 104.678ms
[2020-09-29T10:10:59.375+0000][7792][gc,start     ] GC(276) Pause Cleanup
[2020-09-29T10:10:59.375+0000][7792][gc           ] GC(276) Pause Cleanup 677M->677M(1024M) 0.443ms
[2020-09-29T10:10:59.375+0000][7792][gc,cpu       ] GC(276) User=0.00s Sys=0.00s Real=0.00s
[2020-09-29T10:10:59.375+0000][7792][safepoint    ] Safepoint "G1Concurrent", Time since last: 104992200 ns, Reaching safepoint: 376300 ns, At safepoint: 683500 ns, Total: 1059800 ns
[2020-09-29T10:10:59.375+0000][7792][gc,marking   ] GC(276) Concurrent Cleanup for Next Mark
[2020-09-29T10:10:59.378+0000][7792][gc,marking   ] GC(276) Concurrent Cleanup for Next Mark 2.613ms
[2020-09-29T10:10:59.378+0000][7792][gc           ] GC(276) Concurrent Cycle 275.898ms
[2020-09-29T10:10:59.379+0000][7792][gc,start     ] GC(277) Pause Young (Concurrent Start) (G1 Humongous Allocation)
[2020-09-29T10:10:59.379+0000][7792][gc,task      ] GC(277) Using 8 workers of 8 for evacuation
[2020-09-29T10:10:59.379+0000][7792][gc,age       ] GC(277) Desired survivor size 33030144 bytes, new threshold 15 (max threshold 15)
[2020-09-29T10:10:59.383+0000][7792][gc,age       ] GC(277) Age table with threshold 15 (max threshold 15)
[2020-09-29T10:10:59.383+0000][7792][gc,age       ] GC(277) - age   1:    2611624 bytes,    2611624 total
[2020-09-29T10:10:59.383+0000][7792][gc,age       ] GC(277) - age   2:       4688 bytes,    2616312 total
[2020-09-29T10:10:59.384+0000][7792][gc,age       ] GC(277) - age   3:      24904 bytes,    2641216 total
[2020-09-29T10:10:59.384+0000][7792][gc,age       ] GC(277) - age   4:      13904 bytes,    2655120 total
[2020-09-29T10:10:59.384+0000][7792][gc,age       ] GC(277) - age   5:      22336 bytes,    2677456 total
[2020-09-29T10:10:59.384+0000][7792][gc,age       ] GC(277) - age   6:       2528 bytes,    2679984 total
[2020-09-29T10:10:59.384+0000][7792][gc,age       ] GC(277) - age   7:      61256 bytes,    2741240 total
[2020-09-29T10:10:59.384+0000][7792][gc,age       ] GC(277) - age   8:        320 bytes,    2741560 total
[2020-09-29T10:10:59.384+0000][7792][gc,age       ] GC(277) - age   9:       2160 bytes,    2743720 total
[2020-09-29T10:10:59.384+0000][7792][gc,age       ] GC(277) - age  10:       1288 bytes,    2745008 total
[2020-09-29T10:10:59.384+0000][7792][gc,age       ] GC(277) - age  11:       1064 bytes,    2746072 total
[2020-09-29T10:10:59.384+0000][7792][gc,age       ] GC(277) - age  12:      36456 bytes,    2782528 total
[2020-09-29T10:10:59.384+0000][7792][gc,age       ] GC(277) - age  13:       1608 bytes,    2784136 total
[2020-09-29T10:10:59.384+0000][7792][gc,age       ] GC(277) - age  14:        576 bytes,    2784712 total
[2020-09-29T10:10:59.384+0000][7792][gc,age       ] GC(277) - age  15:       1728 bytes,    2786440 total
[2020-09-29T10:10:59.384+0000][7792][gc,phases    ] GC(277)   Pre Evacuate Collection Set: 0.5ms
[2020-09-29T10:10:59.384+0000][7792][gc,phases    ] GC(277)   Merge Heap Roots: 0.1ms
[2020-09-29T10:10:59.384+0000][7792][gc,phases    ] GC(277)   Evacuate Collection Set: 2.3ms
[2020-09-29T10:10:59.384+0000][7792][gc,phases    ] GC(277)   Post Evacuate Collection Set: 1.2ms
[2020-09-29T10:10:59.384+0000][7792][gc,phases    ] GC(277)   Other: 1.1ms
[2020-09-29T10:10:59.384+0000][7792][gc,heap      ] GC(277) Eden regions: 108->0(501)
[2020-09-29T10:10:59.384+0000][7792][gc,heap      ] GC(277) Survivor regions: 3->3(63)
[2020-09-29T10:10:59.384+0000][7792][gc,heap      ] GC(277) Old regions: 77->77
[2020-09-29T10:10:59.384+0000][7792][gc,heap      ] GC(277) Archive regions: 0->0
[2020-09-29T10:10:59.384+0000][7792][gc,heap      ] GC(277) Humongous regions: 504->174
[2020-09-29T10:10:59.384+0000][7792][gc,metaspace ] GC(277) Metaspace: 88364K(94208K)->88364K(94208K) NonClass: 77237K(80640K)->77237K(80640K) Class: 11127K(13568K)->11127K(13568K)
[2020-09-29T10:10:59.385+0000][7792][gc           ] GC(277) Pause Young (Concurrent Start) (G1 Humongous Allocation) 691M->253M(1024M) 5.723ms
[2020-09-29T10:10:59.385+0000][7792][gc,cpu       ] GC(277) User=0.00s Sys=0.00s Real=0.01s
[2020-09-29T10:10:59.385+0000][7792][gc           ] GC(278) Concurrent Cycle
[2020-09-29T10:10:59.385+0000][7792][gc,marking   ] GC(278) Concurrent Clear Claimed Marks
[2020-09-29T10:10:59.385+0000][7792][safepoint    ] Safepoint "G1TryInitiateConcMark", Time since last: 2960100 ns, Reaching safepoint: 307300 ns, At safepoint: 6118900 ns, Total: 6426200 ns
[2020-09-29T10:10:59.385+0000][7792][gc,marking   ] GC(278) Concurrent Clear Claimed Marks 0.529ms
[2020-09-29T10:10:59.385+0000][7792][gc,marking   ] GC(278) Concurrent Scan Root Regions
[2020-09-29T10:10:59.388+0000][7792][gc,marking   ] GC(278) Concurrent Scan Root Regions 3.034ms
[2020-09-29T10:10:59.389+0000][7792][gc,marking   ] GC(278) Concurrent Mark (922.491s)
[2020-09-29T10:10:59.389+0000][7792][gc,marking   ] GC(278) Concurrent Mark From Roots
[2020-09-29T10:10:59.389+0000][7792][gc,task      ] GC(278) Using 2 workers of 2 for marking
[2020-09-29T10:10:59.550+0000][7792][gc,marking   ] GC(278) Concurrent Mark From Roots 160.967ms
[2020-09-29T10:10:59.550+0000][7792][gc,marking   ] GC(278) Concurrent Preclean
[2020-09-29T10:10:59.551+0000][7792][gc,marking   ] GC(278) Concurrent Preclean 1.082ms
[2020-09-29T10:10:59.551+0000][7792][gc,marking   ] GC(278) Concurrent Mark (922.491s, 922.653s) 162.387ms
[2020-09-29T10:10:59.551+0000][7792][gc,start     ] GC(278) Pause Remark
[2020-09-29T10:10:59.566+0000][7792][gc           ] GC(278) Pause Remark 396M->396M(1024M) 14.746ms
[2020-09-29T10:10:59.566+0000][7792][gc,cpu       ] GC(278) User=0.11s Sys=0.00s Real=0.01s
[2020-09-29T10:10:59.566+0000][7792][safepoint    ] Safepoint "G1Concurrent", Time since last: 166241100 ns, Reaching safepoint: 247200 ns, At safepoint: 15157600 ns, Total: 15404800 ns
[2020-09-29T10:10:59.567+0000][7792][gc,marking   ] GC(278) Concurrent Rebuild Remembered Sets
[2020-09-29T10:10:59.661+0000][7792][gc,marking   ] GC(278) Concurrent Rebuild Remembered Sets 94.067ms
[2020-09-29T10:10:59.664+0000][7792][gc,start     ] GC(278) Pause Cleanup
[2020-09-29T10:10:59.664+0000][7792][gc           ] GC(278) Pause Cleanup 436M->436M(1024M) 0.421ms
[2020-09-29T10:10:59.664+0000][7792][gc,cpu       ] GC(278) User=0.00s Sys=0.00s Real=0.00s
[2020-09-29T10:10:59.664+0000][7792][safepoint    ] Safepoint "G1Concurrent", Time since last: 94345900 ns, Reaching safepoint: 2931200 ns, At safepoint: 657100 ns, Total: 3588300 ns
[2020-09-29T10:10:59.664+0000][7792][gc,marking   ] GC(278) Concurrent Cleanup for Next Mark
[2020-09-29T10:10:59.666+0000][7792][gc,marking   ] GC(278) Concurrent Cleanup for Next Mark 1.633ms
[2020-09-29T10:10:59.666+0000][7792][gc           ] GC(278) Concurrent Cycle 281.567ms
[2020-09-29T10:10:59.729+0000][7792][safepoint    ] Safepoint "ICBufferFull", Time since last: 63762000 ns, Reaching safepoint: 367000 ns, At safepoint: 28000 ns, Total: 395000 ns
[2020-09-29T10:10:59.744+0000][7792][gc,start     ] GC(279) Pause Young (Concurrent Start) (G1 Humongous Allocation)
[2020-09-29T10:10:59.744+0000][7792][gc,task      ] GC(279) Using 8 workers of 8 for evacuation
[2020-09-29T10:10:59.744+0000][7792][gc,age       ] GC(279) Desired survivor size 33030144 bytes, new threshold 15 (max threshold 15)
[2020-09-29T10:10:59.748+0000][7792][gc,age       ] GC(279) Age table with threshold 15 (max threshold 15)
[2020-09-29T10:10:59.748+0000][7792][gc,age       ] GC(279) - age   1:    3935696 bytes,    3935696 total
[2020-09-29T10:10:59.748+0000][7792][gc,age       ] GC(279) - age   2:      12864 bytes,    3948560 total
[2020-09-29T10:10:59.748+0000][7792][gc,age       ] GC(279) - age   3:       1768 bytes,    3950328 total
[2020-09-29T10:10:59.748+0000][7792][gc,age       ] GC(279) - age   4:      22544 bytes,    3972872 total
[2020-09-29T10:10:59.748+0000][7792][gc,age       ] GC(279) - age   5:      13360 bytes,    3986232 total
[2020-09-29T10:10:59.748+0000][7792][gc,age       ] GC(279) - age   6:      18712 bytes,    4004944 total
[2020-09-29T10:10:59.748+0000][7792][gc,age       ] GC(279) - age   7:       1968 bytes,    4006912 total
[2020-09-29T10:10:59.748+0000][7792][gc,age       ] GC(279) - age   8:      61256 bytes,    4068168 total
[2020-09-29T10:10:59.748+0000][7792][gc,age       ] GC(279) - age   9:        256 bytes,    4068424 total
[2020-09-29T10:10:59.748+0000][7792][gc,age       ] GC(279) - age  10:       2128 bytes,    4070552 total
[2020-09-29T10:10:59.748+0000][7792][gc,age       ] GC(279) - age  11:       1288 bytes,    4071840 total
[2020-09-29T10:10:59.748+0000][7792][gc,age       ] GC(279) - age  12:       1064 bytes,    4072904 total
[2020-09-29T10:10:59.748+0000][7792][gc,age       ] GC(279) - age  13:      36360 bytes,    4109264 total
[2020-09-29T10:10:59.748+0000][7792][gc,age       ] GC(279) - age  14:       1608 bytes,    4110872 total
[2020-09-29T10:10:59.748+0000][7792][gc,age       ] GC(279) - age  15:        576 bytes,    4111448 total
[2020-09-29T10:10:59.748+0000][7792][gc,phases    ] GC(279)   Pre Evacuate Collection Set: 0.4ms
[2020-09-29T10:10:59.749+0000][7792][gc,phases    ] GC(279)   Merge Heap Roots: 0.1ms
[2020-09-29T10:10:59.749+0000][7792][gc,phases    ] GC(279)   Evacuate Collection Set: 2.3ms
[2020-09-29T10:10:59.749+0000][7792][gc,phases    ] GC(279)   Post Evacuate Collection Set: 0.8ms
[2020-09-29T10:10:59.749+0000][7792][gc,phases    ] GC(279)   Other: 1.1ms
[2020-09-29T10:10:59.749+0000][7792][gc,heap      ] GC(279) Eden regions: 67->0(498)
[2020-09-29T10:10:59.749+0000][7792][gc,heap      ] GC(279) Survivor regions: 3->4(63)
[2020-09-29T10:10:59.749+0000][7792][gc,heap      ] GC(279) Old regions: 77->77
[2020-09-29T10:10:59.749+0000][7792][gc,heap      ] GC(279) Archive regions: 0->0
[2020-09-29T10:10:59.749+0000][7792][gc,heap      ] GC(279) Humongous regions: 300->174
[2020-09-29T10:10:59.749+0000][7792][gc,metaspace ] GC(279) Metaspace: 88349K(94208K)->88349K(94208K) NonClass: 77227K(80640K)->77227K(80640K) Class: 11121K(13568K)->11121K(13568K)
[2020-09-29T10:10:59.749+0000][7792][gc           ] GC(279) Pause Young (Concurrent Start) (G1 Humongous Allocation) 446M->254M(1024M) 5.129ms
[2020-09-29T10:10:59.749+0000][7792][gc,cpu       ] GC(279) User=0.00s Sys=0.02s Real=0.01s
[2020-09-29T10:10:59.749+0000][7792][safepoint    ] Safepoint "G1TryInitiateConcMark", Time since last: 14996300 ns, Reaching safepoint: 186600 ns, At safepoint: 5335300 ns, Total: 5521900 ns
[2020-09-29T10:10:59.749+0000][7792][gc           ] GC(280) Concurrent Cycle
[2020-09-29T10:10:59.749+0000][7792][gc,marking   ] GC(280) Concurrent Clear Claimed Marks
[2020-09-29T10:10:59.750+0000][7792][gc,marking   ] GC(280) Concurrent Clear Claimed Marks 0.462ms
[2020-09-29T10:10:59.750+0000][7792][gc,marking   ] GC(280) Concurrent Scan Root Regions
[2020-09-29T10:10:59.752+0000][7792][gc,marking   ] GC(280) Concurrent Scan Root Regions 2.287ms
[2020-09-29T10:10:59.752+0000][7792][gc,marking   ] GC(280) Concurrent Mark (922.854s)
[2020-09-29T10:10:59.752+0000][7792][gc,marking   ] GC(280) Concurrent Mark From Roots
[2020-09-29T10:10:59.752+0000][7792][gc,task      ] GC(280) Using 2 workers of 2 for marking
[2020-09-29T10:10:59.933+0000][7792][gc,marking   ] GC(280) Concurrent Mark From Roots 180.843ms
[2020-09-29T10:10:59.933+0000][7792][gc,marking   ] GC(280) Concurrent Preclean
[2020-09-29T10:10:59.934+0000][7792][gc,marking   ] GC(280) Concurrent Preclean 0.676ms
[2020-09-29T10:10:59.934+0000][7792][gc,marking   ] GC(280) Concurrent Mark (922.854s, 923.036s) 181.743ms
[2020-09-29T10:10:59.934+0000][7792][gc,start     ] GC(280) Pause Remark
[2020-09-29T10:10:59.942+0000][7792][gc           ] GC(280) Pause Remark 392M->392M(1024M) 7.879ms
[2020-09-29T10:10:59.942+0000][7792][gc,cpu       ] GC(280) User=0.09s Sys=0.00s Real=0.01s
[2020-09-29T10:10:59.942+0000][7792][safepoint    ] Safepoint "G1Concurrent", Time since last: 184876900 ns, Reaching safepoint: 184800 ns, At safepoint: 8183400 ns, Total: 8368200 ns
[2020-09-29T10:10:59.942+0000][7792][gc,marking   ] GC(280) Concurrent Rebuild Remembered Sets
[2020-09-29T10:11:00.040+0000][7792][gc,marking   ] GC(280) Concurrent Rebuild Remembered Sets 98.492ms
[2020-09-29T10:11:00.041+0000][7792][gc,start     ] GC(280) Pause Cleanup
[2020-09-29T10:11:00.041+0000][7792][gc           ] GC(280) Pause Cleanup 456M->456M(1024M) 0.402ms
[2020-09-29T10:11:00.041+0000][7792][gc,cpu       ] GC(280) User=0.00s Sys=0.00s Real=0.00s
[2020-09-29T10:11:00.042+0000][7792][safepoint    ] Safepoint "G1Concurrent", Time since last: 98721900 ns, Reaching safepoint: 185900 ns, At safepoint: 909500 ns, Total: 1095400 ns
[2020-09-29T10:11:00.042+0000][7792][gc,marking   ] GC(280) Concurrent Cleanup for Next Mark
[2020-09-29T10:11:00.044+0000][7792][gc,marking   ] GC(280) Concurrent Cleanup for Next Mark 1.925ms
[2020-09-29T10:11:00.044+0000][7792][gc           ] GC(280) Concurrent Cycle 295.204ms
[2020-09-29T10:11:00.084+0000][7792][safepoint    ] Safepoint "ICBufferFull", Time since last: 41544500 ns, Reaching safepoint: 436800 ns, At safepoint: 49600 ns, Total: 486400 ns
[2020-09-29T10:11:00.165+0000][7792][gc,start     ] GC(281) Pause Young (Concurrent Start) (G1 Humongous Allocation)
[2020-09-29T10:11:00.165+0000][7792][gc,task      ] GC(281) Using 8 workers of 8 for evacuation
[2020-09-29T10:11:00.165+0000][7792][gc,age       ] GC(281) Desired survivor size 33030144 bytes, new threshold 15 (max threshold 15)
[2020-09-29T10:11:00.170+0000][7792][gc,age       ] GC(281) Age table with threshold 15 (max threshold 15)
[2020-09-29T10:11:00.170+0000][7792][gc,age       ] GC(281) - age   1:    2634560 bytes,    2634560 total
[2020-09-29T10:11:00.170+0000][7792][gc,age       ] GC(281) - age   2:       3704 bytes,    2638264 total
[2020-09-29T10:11:00.170+0000][7792][gc,age       ] GC(281) - age   3:       5992 bytes,    2644256 total
[2020-09-29T10:11:00.170+0000][7792][gc,age       ] GC(281) - age   4:       1088 bytes,    2645344 total
[2020-09-29T10:11:00.170+0000][7792][gc,age       ] GC(281) - age   5:      22256 bytes,    2667600 total
[2020-09-29T10:11:00.170+0000][7792][gc,age       ] GC(281) - age   6:      13328 bytes,    2680928 total
[2020-09-29T10:11:00.170+0000][7792][gc,age       ] GC(281) - age   7:      18248 bytes,    2699176 total
[2020-09-29T10:11:00.170+0000][7792][gc,age       ] GC(281) - age   8:       1968 bytes,    2701144 total
[2020-09-29T10:11:00.170+0000][7792][gc,age       ] GC(281) - age   9:      61256 bytes,    2762400 total
[2020-09-29T10:11:00.170+0000][7792][gc,age       ] GC(281) - age  10:        256 bytes,    2762656 total
[2020-09-29T10:11:00.170+0000][7792][gc,age       ] GC(281) - age  11:       2064 bytes,    2764720 total
[2020-09-29T10:11:00.170+0000][7792][gc,age       ] GC(281) - age  12:       1288 bytes,    2766008 total
[2020-09-29T10:11:00.170+0000][7792][gc,age       ] GC(281) - age  13:       1064 bytes,    2767072 total
[2020-09-29T10:11:00.170+0000][7792][gc,age       ] GC(281) - age  14:      36296 bytes,    2803368 total
[2020-09-29T10:11:00.170+0000][7792][gc,age       ] GC(281) - age  15:       1480 bytes,    2804848 total
[2020-09-29T10:11:00.170+0000][7792][gc,phases    ] GC(281)   Pre Evacuate Collection Set: 0.5ms
[2020-09-29T10:11:00.170+0000][7792][gc,phases    ] GC(281)   Merge Heap Roots: 0.2ms
[2020-09-29T10:11:00.170+0000][7792][gc,phases    ] GC(281)   Evacuate Collection Set: 2.2ms
[2020-09-29T10:11:00.170+0000][7792][gc,phases    ] GC(281)   Post Evacuate Collection Set: 1.1ms
[2020-09-29T10:11:00.170+0000][7792][gc,phases    ] GC(281)   Other: 1.2ms
[2020-09-29T10:11:00.170+0000][7792][gc,heap      ] GC(281) Eden regions: 65->0(501)
[2020-09-29T10:11:00.170+0000][7792][gc,heap      ] GC(281) Survivor regions: 4->3(63)
[2020-09-29T10:11:00.171+0000][7792][gc,heap      ] GC(281) Old regions: 77->77
[2020-09-29T10:11:00.171+0000][7792][gc,heap      ] GC(281) Archive regions: 0->0
[2020-09-29T10:11:00.171+0000][7792][gc,heap      ] GC(281) Humongous regions: 326->174
[2020-09-29T10:11:00.171+0000][7792][gc,metaspace ] GC(281) Metaspace: 88357K(94208K)->88357K(94208K) NonClass: 77234K(80640K)->77234K(80640K) Class: 11122K(13568K)->11122K(13568K)
[2020-09-29T10:11:00.171+0000][7792][gc           ] GC(281) Pause Young (Concurrent Start) (G1 Humongous Allocation) 471M->253M(1024M) 5.547ms
[2020-09-29T10:11:00.171+0000][7792][gc,cpu       ] GC(281) User=0.03s Sys=0.00s Real=0.01s
[2020-09-29T10:11:00.171+0000][7792][safepoint    ] Safepoint "G1TryInitiateConcMark", Time since last: 81272900 ns, Reaching safepoint: 222400 ns, At safepoint: 5773300 ns, Total: 5995700 ns
[2020-09-29T10:11:00.171+0000][7792][gc           ] GC(282) Concurrent Cycle
[2020-09-29T10:11:00.171+0000][7792][gc,marking   ] GC(282) Concurrent Clear Claimed Marks
[2020-09-29T10:11:00.171+0000][7792][gc,marking   ] GC(282) Concurrent Clear Claimed Marks 0.316ms
[2020-09-29T10:11:00.171+0000][7792][gc,marking   ] GC(282) Concurrent Scan Root Regions
[2020-09-29T10:11:00.173+0000][7792][gc,marking   ] GC(282) Concurrent Scan Root Regions 1.501ms
[2020-09-29T10:11:00.173+0000][7792][gc,marking   ] GC(282) Concurrent Mark (923.276s)
[2020-09-29T10:11:00.173+0000][7792][gc,marking   ] GC(282) Concurrent Mark From Roots
[2020-09-29T10:11:00.173+0000][7792][gc,task      ] GC(282) Using 2 workers of 2 for marking
[2020-09-29T10:11:00.352+0000][7792][gc,marking   ] GC(282) Concurrent Mark From Roots 178.729ms
[2020-09-29T10:11:00.352+0000][7792][gc,marking   ] GC(282) Concurrent Preclean
[2020-09-29T10:11:00.352+0000][7792][gc,marking   ] GC(282) Concurrent Preclean 0.630ms
[2020-09-29T10:11:00.353+0000][7792][gc,marking   ] GC(282) Concurrent Mark (923.276s, 923.455s) 179.573ms
[2020-09-29T10:11:00.354+0000][7792][gc,start     ] GC(282) Pause Remark
[2020-09-29T10:11:00.363+0000][7792][gc           ] GC(282) Pause Remark 323M->323M(1024M) 9.353ms
[2020-09-29T10:11:00.363+0000][7792][gc,cpu       ] GC(282) User=0.08s Sys=0.00s Real=0.01s
[2020-09-29T10:11:00.365+0000][7792][safepoint    ] Safepoint "G1Concurrent", Time since last: 181701100 ns, Reaching safepoint: 1311300 ns, At safepoint: 10804000 ns, Total: 12115300 ns
[2020-09-29T10:11:00.365+0000][7792][gc,marking   ] GC(282) Concurrent Rebuild Remembered Sets
[2020-09-29T10:11:00.473+0000][7792][gc,marking   ] GC(282) Concurrent Rebuild Remembered Sets 108.131ms
[2020-09-29T10:11:00.473+0000][7792][gc,start     ] GC(282) Pause Cleanup
[2020-09-29T10:11:00.474+0000][7792][gc           ] GC(282) Pause Cleanup 382M->382M(1024M) 0.464ms
[2020-09-29T10:11:00.474+0000][7792][gc,cpu       ] GC(282) User=0.00s Sys=0.00s Real=0.00s
[2020-09-29T10:11:00.474+0000][7792][safepoint    ] Safepoint "G1Concurrent", Time since last: 108456300 ns, Reaching safepoint: 182900 ns, At safepoint: 671000 ns, Total: 853900 ns
[2020-09-29T10:11:00.474+0000][7792][gc,marking   ] GC(282) Concurrent Cleanup for Next Mark
[2020-09-29T10:11:00.476+0000][7792][gc,marking   ] GC(282) Concurrent Cleanup for Next Mark 1.718ms
[2020-09-29T10:11:00.476+0000][7792][gc           ] GC(282) Concurrent Cycle 305.065ms
[2020-09-29T10:11:00.580+0000][7792][gc,start     ] GC(283) Pause Young (Concurrent Start) (G1 Humongous Allocation)
[2020-09-29T10:11:00.580+0000][7792][gc,task      ] GC(283) Using 8 workers of 8 for evacuation
[2020-09-29T10:11:00.581+0000][7792][gc,age       ] GC(283) Desired survivor size 33030144 bytes, new threshold 15 (max threshold 15)
[2020-09-29T10:11:00.585+0000][7792][gc,age       ] GC(283) Age table with threshold 15 (max threshold 15)
[2020-09-29T10:11:00.585+0000][7792][gc,age       ] GC(283) - age   1:    5646872 bytes,    5646872 total
[2020-09-29T10:11:00.585+0000][7792][gc,age       ] GC(283) - age   2:      23392 bytes,    5670264 total
[2020-09-29T10:11:00.585+0000][7792][gc,age       ] GC(283) - age   3:       2568 bytes,    5672832 total
[2020-09-29T10:11:00.585+0000][7792][gc,age       ] GC(283) - age   4:       4080 bytes,    5676912 total
[2020-09-29T10:11:00.585+0000][7792][gc,age       ] GC(283) - age   5:       1088 bytes,    5678000 total
[2020-09-29T10:11:00.586+0000][7792][gc,age       ] GC(283) - age   6:      22120 bytes,    5700120 total
[2020-09-29T10:11:00.586+0000][7792][gc,age       ] GC(283) - age   7:      13200 bytes,    5713320 total
[2020-09-29T10:11:00.586+0000][7792][gc,age       ] GC(283) - age   8:      18152 bytes,    5731472 total
[2020-09-29T10:11:00.586+0000][7792][gc,age       ] GC(283) - age   9:       1968 bytes,    5733440 total
[2020-09-29T10:11:00.586+0000][7792][gc,age       ] GC(283) - age  10:      61256 bytes,    5794696 total
[2020-09-29T10:11:00.586+0000][7792][gc,age       ] GC(283) - age  11:        256 bytes,    5794952 total
[2020-09-29T10:11:00.586+0000][7792][gc,age       ] GC(283) - age  12:       1872 bytes,    5796824 total
[2020-09-29T10:11:00.586+0000][7792][gc,age       ] GC(283) - age  13:       1288 bytes,    5798112 total
[2020-09-29T10:11:00.586+0000][7792][gc,age       ] GC(283) - age  14:       1064 bytes,    5799176 total
[2020-09-29T10:11:00.586+0000][7792][gc,age       ] GC(283) - age  15:      36296 bytes,    5835472 total
[2020-09-29T10:11:00.586+0000][7792][gc,phases    ] GC(283)   Pre Evacuate Collection Set: 0.5ms
[2020-09-29T10:11:00.586+0000][7792][gc,phases    ] GC(283)   Merge Heap Roots: 0.2ms
[2020-09-29T10:11:00.586+0000][7792][gc,phases    ] GC(283)   Evacuate Collection Set: 2.7ms
[2020-09-29T10:11:00.586+0000][7792][gc,phases    ] GC(283)   Post Evacuate Collection Set: 1.0ms
[2020-09-29T10:11:00.586+0000][7792][gc,phases    ] GC(283)   Other: 1.5ms
[2020-09-29T10:11:00.587+0000][7792][gc,heap      ] GC(283) Eden regions: 50->0(497)
[2020-09-29T10:11:00.587+0000][7792][gc,heap      ] GC(283) Survivor regions: 3->6(63)
[2020-09-29T10:11:00.587+0000][7792][gc,heap      ] GC(283) Old regions: 77->77
[2020-09-29T10:11:00.587+0000][7792][gc,heap      ] GC(283) Archive regions: 0->0
[2020-09-29T10:11:00.587+0000][7792][gc,heap      ] GC(283) Humongous regions: 270->174
[2020-09-29T10:11:00.587+0000][7792][gc,metaspace ] GC(283) Metaspace: 88358K(94208K)->88358K(94208K) NonClass: 77236K(80640K)->77236K(80640K) Class: 11122K(13568K)->11122K(13568K)
[2020-09-29T10:11:00.587+0000][7792][gc           ] GC(283) Pause Young (Concurrent Start) (G1 Humongous Allocation) 399M->256M(1024M) 6.466ms
[2020-09-29T10:11:00.587+0000][7792][gc,cpu       ] GC(283) User=0.00s Sys=0.00s Real=0.01s
[2020-09-29T10:11:00.587+0000][7792][gc           ] GC(284) Concurrent Cycle
[2020-09-29T10:11:00.587+0000][7792][gc,marking   ] GC(284) Concurrent Clear Claimed Marks
[2020-09-29T10:11:00.587+0000][7792][gc,marking   ] GC(284) Concurrent Clear Claimed Marks 0.411ms
[2020-09-29T10:11:00.588+0000][7792][gc,marking   ] GC(284) Concurrent Scan Root Regions
[2020-09-29T10:11:00.588+0000][7792][safepoint    ] Safepoint "G1TryInitiateConcMark", Time since last: 105611100 ns, Reaching safepoint: 194400 ns, At safepoint: 7339400 ns, Total: 7533800 ns
[2020-09-29T10:11:00.591+0000][7792][gc,marking   ] GC(284) Concurrent Scan Root Regions 3.372ms
[2020-09-29T10:11:00.591+0000][7792][gc,marking   ] GC(284) Concurrent Mark (923.693s)
[2020-09-29T10:11:00.591+0000][7792][gc,marking   ] GC(284) Concurrent Mark From Roots
[2020-09-29T10:11:00.591+0000][7792][gc,task      ] GC(284) Using 2 workers of 2 for marking
[2020-09-29T10:11:00.773+0000][7792][gc,marking   ] GC(284) Concurrent Mark From Roots 182.183ms
[2020-09-29T10:11:00.773+0000][7792][gc,marking   ] GC(284) Concurrent Preclean
[2020-09-29T10:11:00.774+0000][7792][gc,marking   ] GC(284) Concurrent Preclean 0.722ms
[2020-09-29T10:11:00.774+0000][7792][gc,marking   ] GC(284) Concurrent Mark (923.693s, 923.876s) 183.119ms
[2020-09-29T10:11:00.774+0000][7792][gc,start     ] GC(284) Pause Remark
[2020-09-29T10:11:00.782+0000][7792][gc           ] GC(284) Pause Remark 523M->523M(1024M) 7.500ms
[2020-09-29T10:11:00.782+0000][7792][gc,cpu       ] GC(284) User=0.11s Sys=0.00s Real=0.01s
[2020-09-29T10:11:00.782+0000][7792][safepoint    ] Safepoint "G1Concurrent", Time since last: 186592500 ns, Reaching safepoint: 257400 ns, At safepoint: 7803600 ns, Total: 8061000 ns
[2020-09-29T10:11:00.782+0000][7792][gc,marking   ] GC(284) Concurrent Rebuild Remembered Sets
[2020-09-29T10:11:00.887+0000][7792][gc,marking   ] GC(284) Concurrent Rebuild Remembered Sets 104.276ms
[2020-09-29T10:11:00.887+0000][7792][gc,start     ] GC(284) Pause Cleanup
[2020-09-29T10:11:00.887+0000][7792][gc           ] GC(284) Pause Cleanup 593M->593M(1024M) 0.393ms
[2020-09-29T10:11:00.887+0000][7792][gc,cpu       ] GC(284) User=0.00s Sys=0.00s Real=0.00s
[2020-09-29T10:11:00.888+0000][7792][safepoint    ] Safepoint "G1Concurrent", Time since last: 104472900 ns, Reaching safepoint: 209400 ns, At safepoint: 638400 ns, Total: 847800 ns
[2020-09-29T10:11:00.888+0000][7792][gc,marking   ] GC(284) Concurrent Cleanup for Next Mark
[2020-09-29T10:11:00.890+0000][7792][gc,marking   ] GC(284) Concurrent Cleanup for Next Mark 2.335ms
[2020-09-29T10:11:00.890+0000][7792][gc           ] GC(284) Concurrent Cycle 303.179ms
[2020-09-29T10:11:00.933+0000][7792][gc,start     ] GC(285) Pause Young (Concurrent Start) (G1 Humongous Allocation)
[2020-09-29T10:11:00.933+0000][7792][gc,task      ] GC(285) Using 8 workers of 8 for evacuation
[2020-09-29T10:11:00.933+0000][7792][gc,age       ] GC(285) Desired survivor size 33030144 bytes, new threshold 15 (max threshold 15)
[2020-09-29T10:11:00.938+0000][7792][gc,age       ] GC(285) Age table with threshold 15 (max threshold 15)
[2020-09-29T10:11:00.938+0000][7792][gc,age       ] GC(285) - age   1:    3932432 bytes,    3932432 total
[2020-09-29T10:11:00.938+0000][7792][gc,age       ] GC(285) - age   2:      23088 bytes,    3955520 total
[2020-09-29T10:11:00.938+0000][7792][gc,age       ] GC(285) - age   3:      13144 bytes,    3968664 total
[2020-09-29T10:11:00.938+0000][7792][gc,age       ] GC(285) - age   4:       1648 bytes,    3970312 total
[2020-09-29T10:11:00.938+0000][7792][gc,age       ] GC(285) - age   5:       3952 bytes,    3974264 total
[2020-09-29T10:11:00.938+0000][7792][gc,age       ] GC(285) - age   6:       1088 bytes,    3975352 total
[2020-09-29T10:11:00.939+0000][7792][gc,age       ] GC(285) - age   7:      22120 bytes,    3997472 total
[2020-09-29T10:11:00.939+0000][7792][gc,age       ] GC(285) - age   8:      13200 bytes,    4010672 total
[2020-09-29T10:11:00.939+0000][7792][gc,age       ] GC(285) - age   9:      18152 bytes,    4028824 total
[2020-09-29T10:11:00.939+0000][7792][gc,age       ] GC(285) - age  10:       1968 bytes,    4030792 total
[2020-09-29T10:11:00.939+0000][7792][gc,age       ] GC(285) - age  11:      61256 bytes,    4092048 total
[2020-09-29T10:11:00.939+0000][7792][gc,age       ] GC(285) - age  12:        256 bytes,    4092304 total
[2020-09-29T10:11:00.939+0000][7792][gc,age       ] GC(285) - age  13:       1872 bytes,    4094176 total
[2020-09-29T10:11:00.939+0000][7792][gc,age       ] GC(285) - age  14:       1288 bytes,    4095464 total
[2020-09-29T10:11:00.939+0000][7792][gc,age       ] GC(285) - age  15:       1064 bytes,    4096528 total
[2020-09-29T10:11:00.939+0000][7792][gc,phases    ] GC(285)   Pre Evacuate Collection Set: 0.5ms
[2020-09-29T10:11:00.939+0000][7792][gc,phases    ] GC(285)   Merge Heap Roots: 0.1ms
[2020-09-29T10:11:00.939+0000][7792][gc,phases    ] GC(285)   Evacuate Collection Set: 2.5ms
[2020-09-29T10:11:00.939+0000][7792][gc,phases    ] GC(285)   Post Evacuate Collection Set: 1.1ms
[2020-09-29T10:11:00.939+0000][7792][gc,phases    ] GC(285)   Other: 1.8ms
[2020-09-29T10:11:00.940+0000][7792][gc,heap      ] GC(285) Eden regions: 90->0(496)
[2020-09-29T10:11:00.940+0000][7792][gc,heap      ] GC(285) Survivor regions: 6->4(63)
[2020-09-29T10:11:00.940+0000][7792][gc,heap      ] GC(285) Old regions: 77->78
[2020-09-29T10:11:00.940+0000][7792][gc,heap      ] GC(285) Archive regions: 0->0
[2020-09-29T10:11:00.940+0000][7792][gc,heap      ] GC(285) Humongous regions: 430->174
[2020-09-29T10:11:00.940+0000][7792][gc,metaspace ] GC(285) Metaspace: 88359K(94208K)->88359K(94208K) NonClass: 77236K(80640K)->77236K(80640K) Class: 11122K(13568K)->11122K(13568K)
[2020-09-29T10:11:00.940+0000][7792][gc           ] GC(285) Pause Young (Concurrent Start) (G1 Humongous Allocation) 602M->255M(1024M) 6.591ms
[2020-09-29T10:11:00.940+0000][7792][gc,cpu       ] GC(285) User=0.05s Sys=0.00s Real=0.01s
[2020-09-29T10:11:00.940+0000][7792][gc           ] GC(286) Concurrent Cycle
[2020-09-29T10:11:00.940+0000][7792][safepoint    ] Safepoint "G1TryInitiateConcMark", Time since last: 45384800 ns, Reaching safepoint: 159200 ns, At safepoint: 6866700 ns, Total: 7025900 ns
[2020-09-29T10:11:00.940+0000][7792][gc,marking   ] GC(286) Concurrent Clear Claimed Marks
[2020-09-29T10:11:00.941+0000][7792][gc,marking   ] GC(286) Concurrent Clear Claimed Marks 0.500ms
[2020-09-29T10:11:00.941+0000][7792][gc,marking   ] GC(286) Concurrent Scan Root Regions
[2020-09-29T10:11:00.944+0000][7792][gc,marking   ] GC(286) Concurrent Scan Root Regions 3.697ms
[2020-09-29T10:11:00.945+0000][7792][gc,marking   ] GC(286) Concurrent Mark (924.047s)
[2020-09-29T10:11:00.945+0000][7792][gc,marking   ] GC(286) Concurrent Mark From Roots
[2020-09-29T10:11:00.945+0000][7792][gc,task      ] GC(286) Using 2 workers of 2 for marking
[2020-09-29T10:11:01.113+0000][7792][gc,marking   ] GC(286) Concurrent Mark From Roots 169.328ms
[2020-09-29T10:11:01.113+0000][7792][gc,marking   ] GC(286) Concurrent Preclean
[2020-09-29T10:11:01.114+0000][7792][gc,marking   ] GC(286) Concurrent Preclean 0.895ms
[2020-09-29T10:11:01.114+0000][7792][gc,marking   ] GC(286) Concurrent Mark (924.047s, 924.217s) 170.460ms
[2020-09-29T10:11:01.115+0000][7792][gc,start     ] GC(286) Pause Remark
[2020-09-29T10:11:01.124+0000][7792][gc           ] GC(286) Pause Remark 455M->455M(1024M) 8.084ms
[2020-09-29T10:11:01.124+0000][7792][gc,cpu       ] GC(286) User=0.00s Sys=0.00s Real=0.01s
[2020-09-29T10:11:01.124+0000][7792][safepoint    ] Safepoint "G1Concurrent", Time since last: 175069200 ns, Reaching safepoint: 212100 ns, At safepoint: 8385800 ns, Total: 8597900 ns
[2020-09-29T10:11:01.124+0000][7792][gc,marking   ] GC(286) Concurrent Rebuild Remembered Sets
[2020-09-29T10:11:01.214+0000][7792][gc,marking   ] GC(286) Concurrent Rebuild Remembered Sets 90.516ms
[2020-09-29T10:11:01.214+0000][7792][gc,start     ] GC(286) Pause Cleanup
[2020-09-29T10:11:01.214+0000][7792][gc           ] GC(286) Pause Cleanup 531M->531M(1024M) 0.296ms
[2020-09-29T10:11:01.214+0000][7792][gc,cpu       ] GC(286) User=0.00s Sys=0.00s Real=0.00s
[2020-09-29T10:11:01.214+0000][7792][safepoint    ] Safepoint "G1Concurrent", Time since last: 90697100 ns, Reaching safepoint: 177700 ns, At safepoint: 466700 ns, Total: 644400 ns
[2020-09-29T10:11:01.215+0000][7792][gc,marking   ] GC(286) Concurrent Cleanup for Next Mark
[2020-09-29T10:11:01.216+0000][7792][gc,marking   ] GC(286) Concurrent Cleanup for Next Mark 1.580ms
[2020-09-29T10:11:01.216+0000][7792][gc           ] GC(286) Concurrent Cycle 276.749ms
[2020-09-29T10:11:01.245+0000][7792][gc,start     ] GC(287) Pause Young (Concurrent Start) (G1 Humongous Allocation)
[2020-09-29T10:11:01.245+0000][7792][gc,task      ] GC(287) Using 8 workers of 8 for evacuation
[2020-09-29T10:11:01.245+0000][7792][gc,age       ] GC(287) Desired survivor size 33030144 bytes, new threshold 15 (max threshold 15)
[2020-09-29T10:11:01.249+0000][7792][gc,age       ] GC(287) Age table with threshold 15 (max threshold 15)
[2020-09-29T10:11:01.249+0000][7792][gc,age       ] GC(287) - age   1:    3624080 bytes,    3624080 total
[2020-09-29T10:11:01.249+0000][7792][gc,age       ] GC(287) - age   2:     204240 bytes,    3828320 total
[2020-09-29T10:11:01.249+0000][7792][gc,age       ] GC(287) - age   3:      20576 bytes,    3848896 total
[2020-09-29T10:11:01.249+0000][7792][gc,age       ] GC(287) - age   4:      12344 bytes,    3861240 total
[2020-09-29T10:11:01.249+0000][7792][gc,age       ] GC(287) - age   5:       1264 bytes,    3862504 total
[2020-09-29T10:11:01.249+0000][7792][gc,age       ] GC(287) - age   6:       3952 bytes,    3866456 total
[2020-09-29T10:11:01.249+0000][7792][gc,age       ] GC(287) - age   7:       1088 bytes,    3867544 total
[2020-09-29T10:11:01.249+0000][7792][gc,age       ] GC(287) - age   8:      22056 bytes,    3889600 total
[2020-09-29T10:11:01.249+0000][7792][gc,age       ] GC(287) - age   9:      12944 bytes,    3902544 total
[2020-09-29T10:11:01.249+0000][7792][gc,age       ] GC(287) - age  10:      18152 bytes,    3920696 total
[2020-09-29T10:11:01.249+0000][7792][gc,age       ] GC(287) - age  11:       1840 bytes,    3922536 total
[2020-09-29T10:11:01.249+0000][7792][gc,age       ] GC(287) - age  12:      61256 bytes,    3983792 total
[2020-09-29T10:11:01.249+0000][7792][gc,age       ] GC(287) - age  13:        256 bytes,    3984048 total
[2020-09-29T10:11:01.250+0000][7792][gc,age       ] GC(287) - age  14:       1744 bytes,    3985792 total
[2020-09-29T10:11:01.250+0000][7792][gc,age       ] GC(287) - age  15:       1288 bytes,    3987080 total
[2020-09-29T10:11:01.250+0000][7792][gc,phases    ] GC(287)   Pre Evacuate Collection Set: 0.4ms
[2020-09-29T10:11:01.250+0000][7792][gc,phases    ] GC(287)   Merge Heap Roots: 0.1ms
[2020-09-29T10:11:01.250+0000][7792][gc,phases    ] GC(287)   Evacuate Collection Set: 2.3ms
[2020-09-29T10:11:01.250+0000][7792][gc,phases    ] GC(287)   Post Evacuate Collection Set: 0.8ms
[2020-09-29T10:11:01.250+0000][7792][gc,phases    ] GC(287)   Other: 0.7ms
[2020-09-29T10:11:01.250+0000][7792][gc,heap      ] GC(287) Eden regions: 78->0(497)
[2020-09-29T10:11:01.250+0000][7792][gc,heap      ] GC(287) Survivor regions: 4->4(63)
[2020-09-29T10:11:01.250+0000][7792][gc,heap      ] GC(287) Old regions: 78->78
[2020-09-29T10:11:01.250+0000][7792][gc,heap      ] GC(287) Archive regions: 0->0
[2020-09-29T10:11:01.250+0000][7792][gc,heap      ] GC(287) Humongous regions: 382->174
[2020-09-29T10:11:01.250+0000][7792][gc,metaspace ] GC(287) Metaspace: 88359K(94208K)->88359K(94208K) NonClass: 77236K(80640K)->77236K(80640K) Class: 11122K(13568K)->11122K(13568K)
[2020-09-29T10:11:01.250+0000][7792][gc           ] GC(287) Pause Young (Concurrent Start) (G1 Humongous Allocation) 540M->255M(1024M) 4.662ms
[2020-09-29T10:11:01.250+0000][7792][gc,cpu       ] GC(287) User=0.11s Sys=0.00s Real=0.01s
[2020-09-29T10:11:01.250+0000][7792][safepoint    ] Safepoint "G1TryInitiateConcMark", Time since last: 30575200 ns, Reaching safepoint: 155200 ns, At safepoint: 4811700 ns, Total: 4966900 ns
[2020-09-29T10:11:01.250+0000][7792][gc           ] GC(288) Concurrent Cycle
[2020-09-29T10:11:01.250+0000][7792][gc,marking   ] GC(288) Concurrent Clear Claimed Marks
[2020-09-29T10:11:01.251+0000][7792][gc,marking   ] GC(288) Concurrent Clear Claimed Marks 0.466ms
[2020-09-29T10:11:01.251+0000][7792][gc,marking   ] GC(288) Concurrent Scan Root Regions
[2020-09-29T10:11:01.253+0000][7792][gc,marking   ] GC(288) Concurrent Scan Root Regions 2.542ms
[2020-09-29T10:11:01.253+0000][7792][gc,marking   ] GC(288) Concurrent Mark (924.356s)
[2020-09-29T10:11:01.253+0000][7792][gc,marking   ] GC(288) Concurrent Mark From Roots
[2020-09-29T10:11:01.253+0000][7792][gc,task      ] GC(288) Using 2 workers of 2 for marking
[2020-09-29T10:11:01.409+0000][7792][gc,marking   ] GC(288) Concurrent Mark From Roots 155.108ms
[2020-09-29T10:11:01.409+0000][7792][gc,marking   ] GC(288) Concurrent Preclean
[2020-09-29T10:11:01.410+0000][7792][gc,marking   ] GC(288) Concurrent Preclean 0.722ms
[2020-09-29T10:11:01.410+0000][7792][gc,marking   ] GC(288) Concurrent Mark (924.356s, 924.512s) 156.026ms
[2020-09-29T10:11:01.410+0000][7792][gc,start     ] GC(288) Pause Remark
[2020-09-29T10:11:01.418+0000][7792][gc           ] GC(288) Pause Remark 589M->589M(1024M) 7.006ms
[2020-09-29T10:11:01.418+0000][7792][gc,cpu       ] GC(288) User=0.00s Sys=0.00s Real=0.01s
[2020-09-29T10:11:01.418+0000][7792][safepoint    ] Safepoint "G1Concurrent", Time since last: 159415000 ns, Reaching safepoint: 791700 ns, At safepoint: 7310900 ns, Total: 8102600 ns
[2020-09-29T10:11:01.418+0000][7792][gc,marking   ] GC(288) Concurrent Rebuild Remembered Sets
[2020-09-29T10:11:01.517+0000][7792][gc,marking   ] GC(288) Concurrent Rebuild Remembered Sets 99.101ms
[2020-09-29T10:11:01.518+0000][7792][gc,start     ] GC(288) Pause Cleanup
[2020-09-29T10:11:01.518+0000][7792][gc           ] GC(288) Pause Cleanup 667M->667M(1024M) 0.397ms
[2020-09-29T10:11:01.518+0000][7792][gc,cpu       ] GC(288) User=0.00s Sys=0.00s Real=0.00s
[2020-09-29T10:11:01.518+0000][7792][safepoint    ] Safepoint "G1Concurrent", Time since last: 99328500 ns, Reaching safepoint: 175600 ns, At safepoint: 603100 ns, Total: 778700 ns
[2020-09-29T10:11:01.518+0000][7792][gc,marking   ] GC(288) Concurrent Cleanup for Next Mark
[2020-09-29T10:11:01.520+0000][7792][gc,marking   ] GC(288) Concurrent Cleanup for Next Mark 1.794ms
[2020-09-29T10:11:01.520+0000][7792][gc           ] GC(288) Concurrent Cycle 269.718ms
[2020-09-29T10:11:01.574+0000][7792][gc,start     ] GC(289) Pause Young (Concurrent Start) (G1 Humongous Allocation)
[2020-09-29T10:11:01.574+0000][7792][gc,task      ] GC(289) Using 8 workers of 8 for evacuation
[2020-09-29T10:11:01.574+0000][7792][gc,age       ] GC(289) Desired survivor size 33030144 bytes, new threshold 15 (max threshold 15)
[2020-09-29T10:11:01.579+0000][7792][gc,age       ] GC(289) Age table with threshold 15 (max threshold 15)
[2020-09-29T10:11:01.580+0000][7792][gc,age       ] GC(289) - age   1:   11062136 bytes,   11062136 total
[2020-09-29T10:11:01.580+0000][7792][gc,age       ] GC(289) - age   2:       2144 bytes,   11064280 total
[2020-09-29T10:11:01.580+0000][7792][gc,age       ] GC(289) - age   3:       1544 bytes,   11065824 total
[2020-09-29T10:11:01.580+0000][7792][gc,age       ] GC(289) - age   4:      18424 bytes,   11084248 total
[2020-09-29T10:11:01.580+0000][7792][gc,age       ] GC(289) - age   5:      11656 bytes,   11095904 total
[2020-09-29T10:11:01.580+0000][7792][gc,age       ] GC(289) - age   6:       1232 bytes,   11097136 total
[2020-09-29T10:11:01.580+0000][7792][gc,age       ] GC(289) - age   7:       3920 bytes,   11101056 total
[2020-09-29T10:11:01.580+0000][7792][gc,age       ] GC(289) - age   8:        992 bytes,   11102048 total
[2020-09-29T10:11:01.580+0000][7792][gc,age       ] GC(289) - age   9:      22056 bytes,   11124104 total
[2020-09-29T10:11:01.580+0000][7792][gc,age       ] GC(289) - age  10:      12944 bytes,   11137048 total
[2020-09-29T10:11:01.580+0000][7792][gc,age       ] GC(289) - age  11:      18152 bytes,   11155200 total
[2020-09-29T10:11:01.580+0000][7792][gc,age       ] GC(289) - age  12:       1744 bytes,   11156944 total
[2020-09-29T10:11:01.580+0000][7792][gc,age       ] GC(289) - age  13:      61224 bytes,   11218168 total
[2020-09-29T10:11:01.580+0000][7792][gc,age       ] GC(289) - age  14:        256 bytes,   11218424 total
[2020-09-29T10:11:01.580+0000][7792][gc,age       ] GC(289) - age  15:       1712 bytes,   11220136 total
[2020-09-29T10:11:01.580+0000][7792][gc,phases    ] GC(289)   Pre Evacuate Collection Set: 0.5ms
[2020-09-29T10:11:01.580+0000][7792][gc,phases    ] GC(289)   Merge Heap Roots: 0.1ms
[2020-09-29T10:11:01.580+0000][7792][gc,phases    ] GC(289)   Evacuate Collection Set: 3.8ms
[2020-09-29T10:11:01.580+0000][7792][gc,phases    ] GC(289)   Post Evacuate Collection Set: 1.3ms
[2020-09-29T10:11:01.580+0000][7792][gc,phases    ] GC(289)   Other: 1.1ms
[2020-09-29T10:11:01.580+0000][7792][gc,heap      ] GC(289) Eden regions: 130->0(484)
[2020-09-29T10:11:01.580+0000][7792][gc,heap      ] GC(289) Survivor regions: 4->11(63)
[2020-09-29T10:11:01.581+0000][7792][gc,heap      ] GC(289) Old regions: 78->78
[2020-09-29T10:11:01.581+0000][7792][gc,heap      ] GC(289) Archive regions: 0->0
[2020-09-29T10:11:01.581+0000][7792][gc,heap      ] GC(289) Humongous regions: 478->174
[2020-09-29T10:11:01.581+0000][7792][gc,metaspace ] GC(289) Metaspace: 88365K(94208K)->88365K(94208K) NonClass: 77242K(80640K)->77242K(80640K) Class: 11122K(13568K)->11122K(13568K)
[2020-09-29T10:11:01.581+0000][7792][gc           ] GC(289) Pause Young (Concurrent Start) (G1 Humongous Allocation) 689M->261M(1024M) 7.243ms
[2020-09-29T10:11:01.581+0000][7792][gc,cpu       ] GC(289) User=0.11s Sys=0.00s Real=0.01s
[2020-09-29T10:11:01.581+0000][7792][gc           ] GC(290) Concurrent Cycle
[2020-09-29T10:11:01.581+0000][7792][gc,marking   ] GC(290) Concurrent Clear Claimed Marks
[2020-09-29T10:11:01.581+0000][7792][safepoint    ] Safepoint "G1TryInitiateConcMark", Time since last: 54880400 ns, Reaching safepoint: 191300 ns, At safepoint: 7714400 ns, Total: 7905700 ns
[2020-09-29T10:11:01.581+0000][7792][gc,marking   ] GC(290) Concurrent Clear Claimed Marks 0.374ms
[2020-09-29T10:11:01.581+0000][7792][gc,marking   ] GC(290) Concurrent Scan Root Regions
[2020-09-29T10:11:01.584+0000][7792][gc,marking   ] GC(290) Concurrent Scan Root Regions 2.777ms
[2020-09-29T10:11:01.584+0000][7792][gc,marking   ] GC(290) Concurrent Mark (924.686s)
[2020-09-29T10:11:01.584+0000][7792][gc,marking   ] GC(290) Concurrent Mark From Roots
[2020-09-29T10:11:01.584+0000][7792][gc,task      ] GC(290) Using 2 workers of 2 for marking
[2020-09-29T10:11:01.766+0000][7792][gc,marking   ] GC(290) Concurrent Mark From Roots 181.294ms
[2020-09-29T10:11:01.766+0000][7792][gc,marking   ] GC(290) Concurrent Preclean
[2020-09-29T10:11:01.766+0000][7792][gc,marking   ] GC(290) Concurrent Preclean 0.649ms
[2020-09-29T10:11:01.766+0000][7792][gc,marking   ] GC(290) Concurrent Mark (924.686s, 924.868s) 182.135ms
[2020-09-29T10:11:01.767+0000][7792][gc,start     ] GC(290) Pause Remark
[2020-09-29T10:11:01.774+0000][7792][gc           ] GC(290) Pause Remark 587M->587M(1024M) 7.533ms
[2020-09-29T10:11:01.774+0000][7792][gc,cpu       ] GC(290) User=0.00s Sys=0.00s Real=0.01s
[2020-09-29T10:11:01.775+0000][7792][safepoint    ] Safepoint "G1Concurrent", Time since last: 185383700 ns, Reaching safepoint: 170000 ns, At safepoint: 7876500 ns, Total: 8046500 ns
[2020-09-29T10:11:01.775+0000][7792][gc,marking   ] GC(290) Concurrent Rebuild Remembered Sets
[2020-09-29T10:11:01.877+0000][7792][gc,marking   ] GC(290) Concurrent Rebuild Remembered Sets 103.032ms
[2020-09-29T10:11:01.878+0000][7792][gc,start     ] GC(290) Pause Cleanup
[2020-09-29T10:11:01.878+0000][7792][gc           ] GC(290) Pause Cleanup 663M->663M(1024M) 0.440ms
[2020-09-29T10:11:01.878+0000][7792][gc,cpu       ] GC(290) User=0.00s Sys=0.00s Real=0.00s
[2020-09-29T10:11:01.878+0000][7792][safepoint    ] Safepoint "G1Concurrent", Time since last: 103238500 ns, Reaching safepoint: 175100 ns, At safepoint: 698800 ns, Total: 873900 ns
[2020-09-29T10:11:01.878+0000][7792][gc,marking   ] GC(290) Concurrent Cleanup for Next Mark
[2020-09-29T10:11:01.880+0000][7792][gc,marking   ] GC(290) Concurrent Cleanup for Next Mark 1.841ms
[2020-09-29T10:11:01.880+0000][7792][gc           ] GC(290) Concurrent Cycle 299.799ms
[2020-09-29T10:11:01.911+0000][7792][gc,start     ] GC(291) Pause Young (Concurrent Start) (G1 Humongous Allocation)
[2020-09-29T10:11:01.911+0000][7792][gc,task      ] GC(291) Using 8 workers of 8 for evacuation
[2020-09-29T10:11:01.911+0000][7792][gc,age       ] GC(291) Desired survivor size 32505856 bytes, new threshold 15 (max threshold 15)
[2020-09-29T10:11:01.916+0000][7792][gc,age       ] GC(291) Age table with threshold 15 (max threshold 15)
[2020-09-29T10:11:01.916+0000][7792][gc,age       ] GC(291) - age   1:    3953064 bytes,    3953064 total
[2020-09-29T10:11:01.916+0000][7792][gc,age       ] GC(291) - age   2:      18008 bytes,    3971072 total
[2020-09-29T10:11:01.916+0000][7792][gc,age       ] GC(291) - age   3:       1984 bytes,    3973056 total
[2020-09-29T10:11:01.916+0000][7792][gc,age       ] GC(291) - age   4:       1168 bytes,    3974224 total
[2020-09-29T10:11:01.916+0000][7792][gc,age       ] GC(291) - age   5:      18232 bytes,    3992456 total
[2020-09-29T10:11:01.916+0000][7792][gc,age       ] GC(291) - age   6:      11592 bytes,    4004048 total
[2020-09-29T10:11:01.916+0000][7792][gc,age       ] GC(291) - age   7:       1232 bytes,    4005280 total
[2020-09-29T10:11:01.916+0000][7792][gc,age       ] GC(291) - age   8:       3920 bytes,    4009200 total
[2020-09-29T10:11:01.916+0000][7792][gc,age       ] GC(291) - age   9:        992 bytes,    4010192 total
[2020-09-29T10:11:01.916+0000][7792][gc,age       ] GC(291) - age  10:      22056 bytes,    4032248 total
[2020-09-29T10:11:01.916+0000][7792][gc,age       ] GC(291) - age  11:      12912 bytes,    4045160 total
[2020-09-29T10:11:01.916+0000][7792][gc,age       ] GC(291) - age  12:      18088 bytes,    4063248 total
[2020-09-29T10:11:01.916+0000][7792][gc,age       ] GC(291) - age  13:       1744 bytes,    4064992 total
[2020-09-29T10:11:01.916+0000][7792][gc,age       ] GC(291) - age  14:      61192 bytes,    4126184 total
[2020-09-29T10:11:01.916+0000][7792][gc,age       ] GC(291) - age  15:        256 bytes,    4126440 total
[2020-09-29T10:11:01.916+0000][7792][gc,phases    ] GC(291)   Pre Evacuate Collection Set: 0.6ms
[2020-09-29T10:11:01.917+0000][7792][gc,phases    ] GC(291)   Merge Heap Roots: 0.1ms
[2020-09-29T10:11:01.917+0000][7792][gc,phases    ] GC(291)   Evacuate Collection Set: 2.3ms
[2020-09-29T10:11:01.917+0000][7792][gc,phases    ] GC(291)   Post Evacuate Collection Set: 1.2ms
[2020-09-29T10:11:01.917+0000][7792][gc,phases    ] GC(291)   Other: 1.2ms
[2020-09-29T10:11:01.917+0000][7792][gc,heap      ] GC(291) Eden regions: 102->0(492)
[2020-09-29T10:11:01.917+0000][7792][gc,heap      ] GC(291) Survivor regions: 11->5(62)
[2020-09-29T10:11:01.917+0000][7792][gc,heap      ] GC(291) Old regions: 78->78
[2020-09-29T10:11:01.917+0000][7792][gc,heap      ] GC(291) Archive regions: 0->0
[2020-09-29T10:11:01.917+0000][7792][gc,heap      ] GC(291) Humongous regions: 482->174
[2020-09-29T10:11:01.917+0000][7792][gc,metaspace ] GC(291) Metaspace: 88365K(94208K)->88365K(94208K) NonClass: 77242K(80640K)->77242K(80640K) Class: 11122K(13568K)->11122K(13568K)
[2020-09-29T10:11:01.917+0000][7792][gc           ] GC(291) Pause Young (Concurrent Start) (G1 Humongous Allocation) 671M->255M(1024M) 5.883ms
[2020-09-29T10:11:01.917+0000][7792][gc,cpu       ] GC(291) User=0.00s Sys=0.00s Real=0.01s
[2020-09-29T10:11:01.917+0000][7792][gc           ] GC(292) Concurrent Cycle
[2020-09-29T10:11:01.917+0000][7792][safepoint    ] Safepoint "G1TryInitiateConcMark", Time since last: 32659500 ns, Reaching safepoint: 170700 ns, At safepoint: 6089000 ns, Total: 6259700 ns
[2020-09-29T10:11:01.917+0000][7792][gc,marking   ] GC(292) Concurrent Clear Claimed Marks
[2020-09-29T10:11:01.918+0000][7792][gc,marking   ] GC(292) Concurrent Clear Claimed Marks 0.570ms
[2020-09-29T10:11:01.918+0000][7792][gc,marking   ] GC(292) Concurrent Scan Root Regions
[2020-09-29T10:11:01.921+0000][7792][gc,marking   ] GC(292) Concurrent Scan Root Regions 3.033ms
[2020-09-29T10:11:01.921+0000][7792][gc,marking   ] GC(292) Concurrent Mark (925.024s)
[2020-09-29T10:11:01.921+0000][7792][gc,marking   ] GC(292) Concurrent Mark From Roots
[2020-09-29T10:11:01.921+0000][7792][gc,task      ] GC(292) Using 2 workers of 2 for marking
[2020-09-29T10:11:02.096+0000][7792][gc,marking   ] GC(292) Concurrent Mark From Roots 174.145ms
[2020-09-29T10:11:02.096+0000][7792][gc,marking   ] GC(292) Concurrent Preclean
[2020-09-29T10:11:02.096+0000][7792][gc,marking   ] GC(292) Concurrent Preclean 0.503ms
[2020-09-29T10:11:02.096+0000][7792][gc,marking   ] GC(292) Concurrent Mark (925.024s, 925.198s) 174.831ms
[2020-09-29T10:11:02.097+0000][7792][gc,start     ] GC(292) Pause Remark
[2020-09-29T10:11:02.104+0000][7792][gc           ] GC(292) Pause Remark 394M->394M(1024M) 7.784ms
[2020-09-29T10:11:02.105+0000][7792][gc,cpu       ] GC(292) User=0.00s Sys=0.00s Real=0.01s
[2020-09-29T10:11:02.105+0000][7792][safepoint    ] Safepoint "G1Concurrent", Time since last: 178837500 ns, Reaching safepoint: 169300 ns, At safepoint: 8101800 ns, Total: 8271100 ns
[2020-09-29T10:11:02.105+0000][7792][gc,marking   ] GC(292) Concurrent Rebuild Remembered Sets
[2020-09-29T10:11:02.206+0000][7792][gc,marking   ] GC(292) Concurrent Rebuild Remembered Sets 101.735ms
[2020-09-29T10:11:02.207+0000][7792][gc,start     ] GC(292) Pause Cleanup
[2020-09-29T10:11:02.208+0000][7792][gc           ] GC(292) Pause Cleanup 467M->467M(1024M) 0.512ms
[2020-09-29T10:11:02.208+0000][7792][gc,cpu       ] GC(292) User=0.00s Sys=0.00s Real=0.00s
[2020-09-29T10:11:02.210+0000][7792][safepoint    ] Safepoint "G1Concurrent", Time since last: 101964900 ns, Reaching safepoint: 625600 ns, At safepoint: 2640500 ns, Total: 3266100 ns
[2020-09-29T10:11:02.210+0000][7792][gc,marking   ] GC(292) Concurrent Cleanup for Next Mark
[2020-09-29T10:11:02.212+0000][7792][gc,marking   ] GC(292) Concurrent Cleanup for Next Mark 2.128ms
[2020-09-29T10:11:02.212+0000][7792][gc           ] GC(292) Concurrent Cycle 294.818ms
[2020-09-29T10:11:02.220+0000][7792][gc,start     ] GC(293) Pause Young (Concurrent Start) (G1 Humongous Allocation)
[2020-09-29T10:11:02.220+0000][7792][gc,task      ] GC(293) Using 8 workers of 8 for evacuation
[2020-09-29T10:11:02.220+0000][7792][gc,age       ] GC(293) Desired survivor size 33030144 bytes, new threshold 15 (max threshold 15)
[2020-09-29T10:11:02.224+0000][7792][gc,age       ] GC(293) Age table with threshold 15 (max threshold 15)
[2020-09-29T10:11:02.224+0000][7792][gc,age       ] GC(293) - age   1:    3420648 bytes,    3420648 total
[2020-09-29T10:11:02.224+0000][7792][gc,age       ] GC(293) - age   2:     408032 bytes,    3828680 total
[2020-09-29T10:11:02.224+0000][7792][gc,age       ] GC(293) - age   3:      15008 bytes,    3843688 total
[2020-09-29T10:11:02.225+0000][7792][gc,age       ] GC(293) - age   4:       1184 bytes,    3844872 total
[2020-09-29T10:11:02.225+0000][7792][gc,age       ] GC(293) - age   5:        904 bytes,    3845776 total
[2020-09-29T10:11:02.225+0000][7792][gc,age       ] GC(293) - age   6:      18136 bytes,    3863912 total
[2020-09-29T10:11:02.225+0000][7792][gc,age       ] GC(293) - age   7:      11528 bytes,    3875440 total
[2020-09-29T10:11:02.225+0000][7792][gc,age       ] GC(293) - age   8:       1232 bytes,    3876672 total
[2020-09-29T10:11:02.225+0000][7792][gc,age       ] GC(293) - age   9:       3920 bytes,    3880592 total
[2020-09-29T10:11:02.225+0000][7792][gc,age       ] GC(293) - age  10:        992 bytes,    3881584 total
[2020-09-29T10:11:02.225+0000][7792][gc,age       ] GC(293) - age  11:      22056 bytes,    3903640 total
[2020-09-29T10:11:02.225+0000][7792][gc,age       ] GC(293) - age  12:      12912 bytes,    3916552 total
[2020-09-29T10:11:02.225+0000][7792][gc,age       ] GC(293) - age  13:      18088 bytes,    3934640 total
[2020-09-29T10:11:02.225+0000][7792][gc,age       ] GC(293) - age  14:       1744 bytes,    3936384 total
[2020-09-29T10:11:02.225+0000][7792][gc,age       ] GC(293) - age  15:      61192 bytes,    3997576 total
[2020-09-29T10:11:02.225+0000][7792][gc,phases    ] GC(293)   Pre Evacuate Collection Set: 0.5ms
[2020-09-29T10:11:02.225+0000][7792][gc,phases    ] GC(293)   Merge Heap Roots: 0.2ms
[2020-09-29T10:11:02.225+0000][7792][gc,phases    ] GC(293)   Evacuate Collection Set: 2.2ms
[2020-09-29T10:11:02.225+0000][7792][gc,phases    ] GC(293)   Post Evacuate Collection Set: 1.2ms
[2020-09-29T10:11:02.225+0000][7792][gc,phases    ] GC(293)   Other: 1.1ms
[2020-09-29T10:11:02.225+0000][7792][gc,heap      ] GC(293) Eden regions: 61->0(494)
[2020-09-29T10:11:02.225+0000][7792][gc,heap      ] GC(293) Survivor regions: 5->5(63)
[2020-09-29T10:11:02.225+0000][7792][gc,heap      ] GC(293) Old regions: 78->78
[2020-09-29T10:11:02.225+0000][7792][gc,heap      ] GC(293) Archive regions: 0->0
[2020-09-29T10:11:02.225+0000][7792][gc,heap      ] GC(293) Humongous regions: 330->174
[2020-09-29T10:11:02.225+0000][7792][gc,metaspace ] GC(293) Metaspace: 88380K(94208K)->88380K(94208K) NonClass: 77257K(80640K)->77257K(80640K) Class: 11122K(13568K)->11122K(13568K)
[2020-09-29T10:11:02.226+0000][7792][gc           ] GC(293) Pause Young (Concurrent Start) (G1 Humongous Allocation) 471M->255M(1024M) 5.621ms
[2020-09-29T10:11:02.226+0000][7792][gc,cpu       ] GC(293) User=0.00s Sys=0.00s Real=0.01s
[2020-09-29T10:11:02.226+0000][7792][gc           ] GC(294) Concurrent Cycle
[2020-09-29T10:11:02.226+0000][7792][safepoint    ] Safepoint "G1TryInitiateConcMark", Time since last: 10271400 ns, Reaching safepoint: 210200 ns, At safepoint: 5866800 ns, Total: 6077000 ns
[2020-09-29T10:11:02.226+0000][7792][gc,marking   ] GC(294) Concurrent Clear Claimed Marks
[2020-09-29T10:11:02.226+0000][7792][gc,marking   ] GC(294) Concurrent Clear Claimed Marks 0.560ms
[2020-09-29T10:11:02.226+0000][7792][gc,marking   ] GC(294) Concurrent Scan Root Regions
[2020-09-29T10:11:02.230+0000][7792][gc,marking   ] GC(294) Concurrent Scan Root Regions 3.709ms
[2020-09-29T10:11:02.230+0000][7792][gc,marking   ] GC(294) Concurrent Mark (925.333s)
[2020-09-29T10:11:02.230+0000][7792][gc,marking   ] GC(294) Concurrent Mark From Roots
[2020-09-29T10:11:02.230+0000][7792][gc,task      ] GC(294) Using 2 workers of 2 for marking
[2020-09-29T10:11:02.393+0000][7792][gc,marking   ] GC(294) Concurrent Mark From Roots 162.526ms
[2020-09-29T10:11:02.393+0000][7792][gc,marking   ] GC(294) Concurrent Preclean
[2020-09-29T10:11:02.394+0000][7792][gc,marking   ] GC(294) Concurrent Preclean 0.749ms
[2020-09-29T10:11:02.394+0000][7792][gc,marking   ] GC(294) Concurrent Mark (925.333s, 925.496s) 163.539ms
[2020-09-29T10:11:02.394+0000][7792][gc,start     ] GC(294) Pause Remark
[2020-09-29T10:11:02.403+0000][7792][gc           ] GC(294) Pause Remark 329M->329M(1024M) 8.726ms
[2020-09-29T10:11:02.403+0000][7792][gc,cpu       ] GC(294) User=0.00s Sys=0.00s Real=0.01s
[2020-09-29T10:11:02.403+0000][7792][safepoint    ] Safepoint "G1Concurrent", Time since last: 168230800 ns, Reaching safepoint: 189700 ns, At safepoint: 9127500 ns, Total: 9317200 ns
[2020-09-29T10:11:02.403+0000][7792][gc,marking   ] GC(294) Concurrent Rebuild Remembered Sets
[2020-09-29T10:11:02.508+0000][7792][gc,marking   ] GC(294) Concurrent Rebuild Remembered Sets 104.218ms
[2020-09-29T10:11:02.508+0000][7792][gc,start     ] GC(294) Pause Cleanup
[2020-09-29T10:11:02.508+0000][7792][gc           ] GC(294) Pause Cleanup 392M->392M(1024M) 0.377ms
[2020-09-29T10:11:02.508+0000][7792][gc,cpu       ] GC(294) User=0.00s Sys=0.00s Real=0.00s
[2020-09-29T10:11:02.508+0000][7792][safepoint    ] Safepoint "G1Concurrent", Time since last: 104498500 ns, Reaching safepoint: 149500 ns, At safepoint: 562800 ns, Total: 712300 ns
[2020-09-29T10:11:02.509+0000][7792][gc,marking   ] GC(294) Concurrent Cleanup for Next Mark
[2020-09-29T10:11:02.511+0000][7792][gc,marking   ] GC(294) Concurrent Cleanup for Next Mark 1.990ms
[2020-09-29T10:11:02.511+0000][7792][gc           ] GC(294) Concurrent Cycle 284.991ms
[2020-09-29T10:11:02.526+0000][7792][gc,start     ] GC(295) Pause Young (Concurrent Start) (G1 Humongous Allocation)
[2020-09-29T10:11:02.527+0000][7792][gc,task      ] GC(295) Using 8 workers of 8 for evacuation
[2020-09-29T10:11:02.527+0000][7792][gc,age       ] GC(295) Desired survivor size 33030144 bytes, new threshold 15 (max threshold 15)
[2020-09-29T10:11:02.530+0000][7792][gc,age       ] GC(295) Age table with threshold 15 (max threshold 15)
[2020-09-29T10:11:02.531+0000][7792][gc,age       ] GC(295) - age   1:    3036848 bytes,    3036848 total
[2020-09-29T10:11:02.531+0000][7792][gc,age       ] GC(295) - age   2:       3544 bytes,    3040392 total
[2020-09-29T10:11:02.531+0000][7792][gc,age       ] GC(295) - age   3:       2984 bytes,    3043376 total
[2020-09-29T10:11:02.531+0000][7792][gc,age       ] GC(295) - age   4:      12232 bytes,    3055608 total
[2020-09-29T10:11:02.531+0000][7792][gc,age       ] GC(295) - age   5:        864 bytes,    3056472 total
[2020-09-29T10:11:02.531+0000][7792][gc,age       ] GC(295) - age   6:        904 bytes,    3057376 total
[2020-09-29T10:11:02.531+0000][7792][gc,age       ] GC(295) - age   7:      18104 bytes,    3075480 total
[2020-09-29T10:11:02.531+0000][7792][gc,age       ] GC(295) - age   8:      11528 bytes,    3087008 total
[2020-09-29T10:11:02.531+0000][7792][gc,age       ] GC(295) - age   9:       1104 bytes,    3088112 total
[2020-09-29T10:11:02.531+0000][7792][gc,age       ] GC(295) - age  10:       3920 bytes,    3092032 total
[2020-09-29T10:11:02.531+0000][7792][gc,age       ] GC(295) - age  11:        928 bytes,    3092960 total
[2020-09-29T10:11:02.531+0000][7792][gc,age       ] GC(295) - age  12:      22056 bytes,    3115016 total
[2020-09-29T10:11:02.531+0000][7792][gc,age       ] GC(295) - age  13:      12912 bytes,    3127928 total
[2020-09-29T10:11:02.531+0000][7792][gc,age       ] GC(295) - age  14:      18088 bytes,    3146016 total
[2020-09-29T10:11:02.531+0000][7792][gc,age       ] GC(295) - age  15:       1744 bytes,    3147760 total
[2020-09-29T10:11:02.531+0000][7792][gc,phases    ] GC(295)   Pre Evacuate Collection Set: 0.5ms
[2020-09-29T10:11:02.531+0000][7792][gc,phases    ] GC(295)   Merge Heap Roots: 0.1ms
[2020-09-29T10:11:02.532+0000][7792][gc,phases    ] GC(295)   Evacuate Collection Set: 2.2ms
[2020-09-29T10:11:02.532+0000][7792][gc,phases    ] GC(295)   Post Evacuate Collection Set: 0.9ms
[2020-09-29T10:11:02.532+0000][7792][gc,phases    ] GC(295)   Other: 1.3ms
[2020-09-29T10:11:02.532+0000][7792][gc,heap      ] GC(295) Eden regions: 47->0(497)
[2020-09-29T10:11:02.532+0000][7792][gc,heap      ] GC(295) Survivor regions: 5->4(63)
[2020-09-29T10:11:02.532+0000][7792][gc,heap      ] GC(295) Old regions: 78->78
[2020-09-29T10:11:02.532+0000][7792][gc,heap      ] GC(295) Archive regions: 0->0
[2020-09-29T10:11:02.532+0000][7792][gc,heap      ] GC(295) Humongous regions: 270->174
[2020-09-29T10:11:02.532+0000][7792][gc,metaspace ] GC(295) Metaspace: 88393K(94208K)->88393K(94208K) NonClass: 77270K(80640K)->77270K(80640K) Class: 11122K(13568K)->11122K(13568K)
[2020-09-29T10:11:02.532+0000][7792][gc           ] GC(295) Pause Young (Concurrent Start) (G1 Humongous Allocation) 397M->254M(1024M) 5.526ms
[2020-09-29T10:11:02.532+0000][7792][gc,cpu       ] GC(295) User=0.03s Sys=0.03s Real=0.01s
[2020-09-29T10:11:02.532+0000][7792][gc           ] GC(296) Concurrent Cycle
[2020-09-29T10:11:02.532+0000][7792][safepoint    ] Safepoint "G1TryInitiateConcMark", Time since last: 17768500 ns, Reaching safepoint: 171100 ns, At safepoint: 5796000 ns, Total: 5967100 ns
[2020-09-29T10:11:02.532+0000][7792][gc,marking   ] GC(296) Concurrent Clear Claimed Marks
[2020-09-29T10:11:02.533+0000][7792][gc,marking   ] GC(296) Concurrent Clear Claimed Marks 0.474ms
[2020-09-29T10:11:02.533+0000][7792][gc,marking   ] GC(296) Concurrent Scan Root Regions
[2020-09-29T10:11:02.535+0000][7792][gc,marking   ] GC(296) Concurrent Scan Root Regions 2.293ms
[2020-09-29T10:11:02.535+0000][7792][gc,marking   ] GC(296) Concurrent Mark (925.638s)
[2020-09-29T10:11:02.535+0000][7792][gc,marking   ] GC(296) Concurrent Mark From Roots
[2020-09-29T10:11:02.535+0000][7792][gc,task      ] GC(296) Using 2 workers of 2 for marking
[2020-09-29T10:11:02.705+0000][7792][gc,marking   ] GC(296) Concurrent Mark From Roots 169.696ms
[2020-09-29T10:11:02.705+0000][7792][gc,marking   ] GC(296) Concurrent Preclean
[2020-09-29T10:11:02.706+0000][7792][gc,marking   ] GC(296) Concurrent Preclean 0.947ms
[2020-09-29T10:11:02.706+0000][7792][gc,marking   ] GC(296) Concurrent Mark (925.638s, 925.809s) 170.882ms
[2020-09-29T10:11:02.709+0000][7792][gc,start     ] GC(296) Pause Remark
[2020-09-29T10:11:02.716+0000][7792][gc           ] GC(296) Pause Remark 582M->582M(1024M) 7.589ms
[2020-09-29T10:11:02.717+0000][7792][gc,cpu       ] GC(296) User=0.00s Sys=0.00s Real=0.01s
[2020-09-29T10:11:02.717+0000][7792][safepoint    ] Safepoint "G1Concurrent", Time since last: 173998800 ns, Reaching safepoint: 2551300 ns, At safepoint: 7941100 ns, Total: 10492400 ns
[2020-09-29T10:11:02.717+0000][7792][gc,marking   ] GC(296) Concurrent Rebuild Remembered Sets
[2020-09-29T10:11:02.821+0000][7792][gc,marking   ] GC(296) Concurrent Rebuild Remembered Sets 104.026ms
[2020-09-29T10:11:02.822+0000][7792][gc,start     ] GC(296) Pause Cleanup
[2020-09-29T10:11:02.822+0000][7792][gc           ] GC(296) Pause Cleanup 598M->598M(1024M) 0.372ms
[2020-09-29T10:11:02.822+0000][7792][gc,cpu       ] GC(296) User=0.00s Sys=0.00s Real=0.00s
[2020-09-29T10:11:02.822+0000][7792][safepoint    ] Safepoint "G1Concurrent", Time since last: 104243700 ns, Reaching safepoint: 157900 ns, At safepoint: 616400 ns, Total: 774300 ns
[2020-09-29T10:11:02.822+0000][7792][gc,marking   ] GC(296) Concurrent Cleanup for Next Mark
[2020-09-29T10:11:02.824+0000][7792][gc,marking   ] GC(296) Concurrent Cleanup for Next Mark 1.942ms
[2020-09-29T10:11:02.824+0000][7792][gc           ] GC(296) Concurrent Cycle 291.702ms
[2020-09-29T10:11:02.828+0000][7792][gc,start     ] GC(297) Pause Young (Concurrent Start) (G1 Humongous Allocation)
[2020-09-29T10:11:02.828+0000][7792][gc,task      ] GC(297) Using 8 workers of 8 for evacuation
[2020-09-29T10:11:02.828+0000][7792][gc,age       ] GC(297) Desired survivor size 33030144 bytes, new threshold 15 (max threshold 15)
[2020-09-29T10:11:02.832+0000][7792][gc,age       ] GC(297) Age table with threshold 15 (max threshold 15)
[2020-09-29T10:11:02.833+0000][7792][gc,age       ] GC(297) - age   1:    3353376 bytes,    3353376 total
[2020-09-29T10:11:02.833+0000][7792][gc,age       ] GC(297) - age   2:       4120 bytes,    3357496 total
[2020-09-29T10:11:02.833+0000][7792][gc,age       ] GC(297) - age   3:       2480 bytes,    3359976 total
[2020-09-29T10:11:02.833+0000][7792][gc,age       ] GC(297) - age   4:       2168 bytes,    3362144 total
[2020-09-29T10:11:02.833+0000][7792][gc,age       ] GC(297) - age   5:      11528 bytes,    3373672 total
[2020-09-29T10:11:02.833+0000][7792][gc,age       ] GC(297) - age   6:        768 bytes,    3374440 total
[2020-09-29T10:11:02.833+0000][7792][gc,age       ] GC(297) - age   7:        904 bytes,    3375344 total
[2020-09-29T10:11:02.833+0000][7792][gc,age       ] GC(297) - age   8:      18104 bytes,    3393448 total
[2020-09-29T10:11:02.833+0000][7792][gc,age       ] GC(297) - age   9:      11528 bytes,    3404976 total
[2020-09-29T10:11:02.833+0000][7792][gc,age       ] GC(297) - age  10:       1080 bytes,    3406056 total
[2020-09-29T10:11:02.833+0000][7792][gc,age       ] GC(297) - age  11:       3848 bytes,    3409904 total
[2020-09-29T10:11:02.833+0000][7792][gc,age       ] GC(297) - age  12:        928 bytes,    3410832 total
[2020-09-29T10:11:02.833+0000][7792][gc,age       ] GC(297) - age  13:      22056 bytes,    3432888 total
[2020-09-29T10:11:02.833+0000][7792][gc,age       ] GC(297) - age  14:      12912 bytes,    3445800 total
[2020-09-29T10:11:02.833+0000][7792][gc,age       ] GC(297) - age  15:      17960 bytes,    3463760 total
[2020-09-29T10:11:02.833+0000][7792][gc,phases    ] GC(297)   Pre Evacuate Collection Set: 0.5ms
[2020-09-29T10:11:02.833+0000][7792][gc,phases    ] GC(297)   Merge Heap Roots: 0.1ms
[2020-09-29T10:11:02.833+0000][7792][gc,phases    ] GC(297)   Evacuate Collection Set: 2.2ms
[2020-09-29T10:11:02.833+0000][7792][gc,phases    ] GC(297)   Post Evacuate Collection Set: 1.2ms
[2020-09-29T10:11:02.833+0000][7792][gc,phases    ] GC(297)   Other: 1.3ms
[2020-09-29T10:11:02.833+0000][7792][gc,heap      ] GC(297) Eden regions: 97->0(497)
[2020-09-29T10:11:02.834+0000][7792][gc,heap      ] GC(297) Survivor regions: 4->4(63)
[2020-09-29T10:11:02.834+0000][7792][gc,heap      ] GC(297) Old regions: 78->78
[2020-09-29T10:11:02.834+0000][7792][gc,heap      ] GC(297) Archive regions: 0->0
[2020-09-29T10:11:02.834+0000][7792][gc,heap      ] GC(297) Humongous regions: 422->174
[2020-09-29T10:11:02.834+0000][7792][gc,metaspace ] GC(297) Metaspace: 88403K(94208K)->88403K(94208K) NonClass: 77280K(80640K)->77280K(80640K) Class: 11122K(13568K)->11122K(13568K)
[2020-09-29T10:11:02.834+0000][7792][gc           ] GC(297) Pause Young (Concurrent Start) (G1 Humongous Allocation) 599M->254M(1024M) 5.696ms
[2020-09-29T10:11:02.834+0000][7792][gc,cpu       ] GC(297) User=0.00s Sys=0.00s Real=0.01s
[2020-09-29T10:11:02.834+0000][7792][gc           ] GC(298) Concurrent Cycle
[2020-09-29T10:11:02.834+0000][7792][safepoint    ] Safepoint "G1TryInitiateConcMark", Time since last: 5719500 ns, Reaching safepoint: 164400 ns, At safepoint: 5962600 ns, Total: 6127000 ns
[2020-09-29T10:11:02.834+0000][7792][gc,marking   ] GC(298) Concurrent Clear Claimed Marks
[2020-09-29T10:11:02.835+0000][7792][gc,marking   ] GC(298) Concurrent Clear Claimed Marks 0.473ms
[2020-09-29T10:11:02.835+0000][7792][gc,marking   ] GC(298) Concurrent Scan Root Regions
[2020-09-29T10:11:02.837+0000][7792][gc,marking   ] GC(298) Concurrent Scan Root Regions 2.767ms
[2020-09-29T10:11:02.838+0000][7792][gc,marking   ] GC(298) Concurrent Mark (925.940s)
[2020-09-29T10:11:02.838+0000][7792][gc,marking   ] GC(298) Concurrent Mark From Roots
[2020-09-29T10:11:02.838+0000][7792][gc,task      ] GC(298) Using 2 workers of 2 for marking
[2020-09-29T10:11:03.015+0000][7792][gc,marking   ] GC(298) Concurrent Mark From Roots 177.251ms
[2020-09-29T10:11:03.015+0000][7792][gc,marking   ] GC(298) Concurrent Preclean
[2020-09-29T10:11:03.016+0000][7792][gc,marking   ] GC(298) Concurrent Preclean 0.649ms
[2020-09-29T10:11:03.016+0000][7792][gc,marking   ] GC(298) Concurrent Mark (925.940s, 926.118s) 178.130ms
[2020-09-29T10:11:03.016+0000][7792][gc,start     ] GC(298) Pause Remark
[2020-09-29T10:11:03.024+0000][7792][gc           ] GC(298) Pause Remark 389M->389M(1024M) 8.461ms
[2020-09-29T10:11:03.025+0000][7792][gc,cpu       ] GC(298) User=0.00s Sys=0.00s Real=0.01s
[2020-09-29T10:11:03.025+0000][7792][safepoint    ] Safepoint "G1Concurrent", Time since last: 181766900 ns, Reaching safepoint: 167600 ns, At safepoint: 9235100 ns, Total: 9402700 ns
[2020-09-29T10:11:03.025+0000][7792][gc,marking   ] GC(298) Concurrent Rebuild Remembered Sets
[2020-09-29T10:11:03.130+0000][7792][gc,marking   ] GC(298) Concurrent Rebuild Remembered Sets 105.622ms
[2020-09-29T10:11:03.131+0000][7792][gc,start     ] GC(298) Pause Cleanup
[2020-09-29T10:11:03.131+0000][7792][gc           ] GC(298) Pause Cleanup 459M->459M(1024M) 0.368ms
[2020-09-29T10:11:03.131+0000][7792][gc,cpu       ] GC(298) User=0.00s Sys=0.00s Real=0.00s
[2020-09-29T10:11:03.131+0000][7792][safepoint    ] Safepoint "G1Concurrent", Time since last: 105854600 ns, Reaching safepoint: 177900 ns, At safepoint: 561800 ns, Total: 739700 ns
[2020-09-29T10:11:03.131+0000][7792][gc,marking   ] GC(298) Concurrent Cleanup for Next Mark
[2020-09-29T10:11:03.133+0000][7792][gc,marking   ] GC(298) Concurrent Cleanup for Next Mark 1.709ms
[2020-09-29T10:11:03.133+0000][7792][gc           ] GC(298) Concurrent Cycle 299.664ms
[2020-09-29T10:11:03.166+0000][7792][gc,start     ] GC(299) Pause Young (Concurrent Start) (G1 Humongous Allocation)
[2020-09-29T10:11:03.166+0000][7792][gc,task      ] GC(299) Using 8 workers of 8 for evacuation
[2020-09-29T10:11:03.166+0000][7792][gc,age       ] GC(299) Desired survivor size 33030144 bytes, new threshold 15 (max threshold 15)
[2020-09-29T10:11:03.169+0000][7792][gc,age       ] GC(299) Age table with threshold 15 (max threshold 15)
[2020-09-29T10:11:03.169+0000][7792][gc,age       ] GC(299) - age   1:    3507912 bytes,    3507912 total
[2020-09-29T10:11:03.169+0000][7792][gc,age       ] GC(299) - age   2:     411872 bytes,    3919784 total
[2020-09-29T10:11:03.169+0000][7792][gc,age       ] GC(299) - age   3:       3392 bytes,    3923176 total
[2020-09-29T10:11:03.169+0000][7792][gc,age       ] GC(299) - age   4:       1800 bytes,    3924976 total
[2020-09-29T10:11:03.169+0000][7792][gc,age       ] GC(299) - age   5:       1720 bytes,    3926696 total
[2020-09-29T10:11:03.169+0000][7792][gc,age       ] GC(299) - age   6:      11496 bytes,    3938192 total
[2020-09-29T10:11:03.170+0000][7792][gc,age       ] GC(299) - age   7:        704 bytes,    3938896 total
[2020-09-29T10:11:03.170+0000][7792][gc,age       ] GC(299) - age   8:        904 bytes,    3939800 total
[2020-09-29T10:11:03.170+0000][7792][gc,age       ] GC(299) - age   9:      18104 bytes,    3957904 total
[2020-09-29T10:11:03.170+0000][7792][gc,age       ] GC(299) - age  10:      11496 bytes,    3969400 total
[2020-09-29T10:11:03.170+0000][7792][gc,age       ] GC(299) - age  11:        856 bytes,    3970256 total
[2020-09-29T10:11:03.170+0000][7792][gc,age       ] GC(299) - age  12:       3848 bytes,    3974104 total
[2020-09-29T10:11:03.170+0000][7792][gc,age       ] GC(299) - age  13:        928 bytes,    3975032 total
[2020-09-29T10:11:03.170+0000][7792][gc,age       ] GC(299) - age  14:      22056 bytes,    3997088 total
[2020-09-29T10:11:03.170+0000][7792][gc,age       ] GC(299) - age  15:      12880 bytes,    4009968 total
[2020-09-29T10:11:03.170+0000][7792][gc,phases    ] GC(299)   Pre Evacuate Collection Set: 0.4ms
[2020-09-29T10:11:03.170+0000][7792][gc,phases    ] GC(299)   Merge Heap Roots: 0.1ms
[2020-09-29T10:11:03.170+0000][7792][gc,phases    ] GC(299)   Evacuate Collection Set: 2.1ms
[2020-09-29T10:11:03.170+0000][7792][gc,phases    ] GC(299)   Post Evacuate Collection Set: 1.0ms
[2020-09-29T10:11:03.170+0000][7792][gc,phases    ] GC(299)   Other: 0.8ms
[2020-09-29T10:11:03.170+0000][7792][gc,heap      ] GC(299) Eden regions: 66->0(497)
[2020-09-29T10:11:03.170+0000][7792][gc,heap      ] GC(299) Survivor regions: 4->5(63)
[2020-09-29T10:11:03.170+0000][7792][gc,heap      ] GC(299) Old regions: 78->78
[2020-09-29T10:11:03.170+0000][7792][gc,heap      ] GC(299) Archive regions: 0->0
[2020-09-29T10:11:03.170+0000][7792][gc,heap      ] GC(299) Humongous regions: 324->174
[2020-09-29T10:11:03.170+0000][7792][gc,metaspace ] GC(299) Metaspace: 88403K(94208K)->88403K(94208K) NonClass: 77280K(80640K)->77280K(80640K) Class: 11122K(13568K)->11122K(13568K)
[2020-09-29T10:11:03.170+0000][7792][gc           ] GC(299) Pause Young (Concurrent Start) (G1 Humongous Allocation) 470M->255M(1024M) 4.557ms
[2020-09-29T10:11:03.170+0000][7792][gc,cpu       ] GC(299) User=0.00s Sys=0.00s Real=0.00s
[2020-09-29T10:11:03.170+0000][7792][safepoint    ] Safepoint "G1TryInitiateConcMark", Time since last: 34121000 ns, Reaching safepoint: 158500 ns, At safepoint: 4722600 ns, Total: 4881100 ns
[2020-09-29T10:11:03.170+0000][7792][gc           ] GC(300) Concurrent Cycle
[2020-09-29T10:11:03.170+0000][7792][gc,marking   ] GC(300) Concurrent Clear Claimed Marks
[2020-09-29T10:11:03.171+0000][7792][gc,marking   ] GC(300) Concurrent Clear Claimed Marks 0.391ms
[2020-09-29T10:11:03.171+0000][7792][gc,marking   ] GC(300) Concurrent Scan Root Regions
[2020-09-29T10:11:03.173+0000][7792][gc,marking   ] GC(300) Concurrent Scan Root Regions 2.486ms
[2020-09-29T10:11:03.173+0000][7792][gc,marking   ] GC(300) Concurrent Mark (926.276s)
[2020-09-29T10:11:03.173+0000][7792][gc,marking   ] GC(300) Concurrent Mark From Roots
[2020-09-29T10:11:03.173+0000][7792][gc,task      ] GC(300) Using 2 workers of 2 for marking
[2020-09-29T10:11:03.338+0000][7792][gc,marking   ] GC(300) Concurrent Mark From Roots 163.934ms
[2020-09-29T10:11:03.338+0000][7792][gc,marking   ] GC(300) Concurrent Preclean
[2020-09-29T10:11:03.339+0000][7792][gc,marking   ] GC(300) Concurrent Preclean 0.623ms
[2020-09-29T10:11:03.339+0000][7792][gc,marking   ] GC(300) Concurrent Mark (926.276s, 926.441s) 164.784ms
[2020-09-29T10:11:03.339+0000][7792][gc,start     ] GC(300) Pause Remark
[2020-09-29T10:11:03.347+0000][7792][gc           ] GC(300) Pause Remark 452M->452M(1024M) 7.823ms
[2020-09-29T10:11:03.347+0000][7792][gc,cpu       ] GC(300) User=0.09s Sys=0.00s Real=0.01s
[2020-09-29T10:11:03.347+0000][7792][safepoint    ] Safepoint "G1Concurrent", Time since last: 168018800 ns, Reaching safepoint: 217500 ns, At safepoint: 8097900 ns, Total: 8315400 ns
[2020-09-29T10:11:03.347+0000][7792][gc,marking   ] GC(300) Concurrent Rebuild Remembered Sets
[2020-09-29T10:11:03.439+0000][7792][gc,marking   ] GC(300) Concurrent Rebuild Remembered Sets 91.980ms
[2020-09-29T10:11:03.443+0000][7792][gc,start     ] GC(300) Pause Cleanup
[2020-09-29T10:11:03.443+0000][7792][gc           ] GC(300) Pause Cleanup 468M->468M(1024M) 0.418ms
[2020-09-29T10:11:03.443+0000][7792][gc,cpu       ] GC(300) User=0.00s Sys=0.00s Real=0.00s
[2020-09-29T10:11:03.444+0000][7792][safepoint    ] Safepoint "G1Concurrent", Time since last: 92520900 ns, Reaching safepoint: 3230200 ns, At safepoint: 940800 ns, Total: 4171000 ns
[2020-09-29T10:11:03.444+0000][7792][gc,marking   ] GC(300) Concurrent Cleanup for Next Mark
[2020-09-29T10:11:03.446+0000][7792][gc,marking   ] GC(300) Concurrent Cleanup for Next Mark 2.070ms
[2020-09-29T10:11:03.446+0000][7792][gc           ] GC(300) Concurrent Cycle 275.333ms
[2020-09-29T10:11:03.473+0000][7792][gc,start     ] GC(301) Pause Young (Concurrent Start) (G1 Humongous Allocation)
[2020-09-29T10:11:03.474+0000][7792][gc,task      ] GC(301) Using 8 workers of 8 for evacuation
[2020-09-29T10:11:03.474+0000][7792][gc,age       ] GC(301) Desired survivor size 33030144 bytes, new threshold 15 (max threshold 15)
[2020-09-29T10:11:03.478+0000][7792][gc,age       ] GC(301) Age table with threshold 15 (max threshold 15)
[2020-09-29T10:11:03.478+0000][7792][gc,age       ] GC(301) - age   1:    2650016 bytes,    2650016 total
[2020-09-29T10:11:03.478+0000][7792][gc,age       ] GC(301) - age   2:       3072 bytes,    2653088 total
[2020-09-29T10:11:03.478+0000][7792][gc,age       ] GC(301) - age   3:       2768 bytes,    2655856 total
[2020-09-29T10:11:03.478+0000][7792][gc,age       ] GC(301) - age   4:       1720 bytes,    2657576 total
[2020-09-29T10:11:03.478+0000][7792][gc,age       ] GC(301) - age   5:       1352 bytes,    2658928 total
[2020-09-29T10:11:03.478+0000][7792][gc,age       ] GC(301) - age   6:       1592 bytes,    2660520 total
[2020-09-29T10:11:03.478+0000][7792][gc,age       ] GC(301) - age   7:      11432 bytes,    2671952 total
[2020-09-29T10:11:03.478+0000][7792][gc,age       ] GC(301) - age   8:        576 bytes,    2672528 total
[2020-09-29T10:11:03.478+0000][7792][gc,age       ] GC(301) - age   9:        904 bytes,    2673432 total
[2020-09-29T10:11:03.478+0000][7792][gc,age       ] GC(301) - age  10:      18104 bytes,    2691536 total
[2020-09-29T10:11:03.478+0000][7792][gc,age       ] GC(301) - age  11:      11272 bytes,    2702808 total
[2020-09-29T10:11:03.478+0000][7792][gc,age       ] GC(301) - age  12:        792 bytes,    2703600 total
[2020-09-29T10:11:03.478+0000][7792][gc,age       ] GC(301) - age  13:       3848 bytes,    2707448 total
[2020-09-29T10:11:03.478+0000][7792][gc,age       ] GC(301) - age  14:        928 bytes,    2708376 total
[2020-09-29T10:11:03.478+0000][7792][gc,age       ] GC(301) - age  15:      22056 bytes,    2730432 total
[2020-09-29T10:11:03.478+0000][7792][gc,phases    ] GC(301)   Pre Evacuate Collection Set: 0.4ms
[2020-09-29T10:11:03.478+0000][7792][gc,phases    ] GC(301)   Merge Heap Roots: 0.1ms
[2020-09-29T10:11:03.478+0000][7792][gc,phases    ] GC(301)   Evacuate Collection Set: 2.1ms
[2020-09-29T10:11:03.478+0000][7792][gc,phases    ] GC(301)   Post Evacuate Collection Set: 1.0ms
[2020-09-29T10:11:03.478+0000][7792][gc,phases    ] GC(301)   Other: 1.0ms
[2020-09-29T10:11:03.478+0000][7792][gc,heap      ] GC(301) Eden regions: 69->0(501)
[2020-09-29T10:11:03.478+0000][7792][gc,heap      ] GC(301) Survivor regions: 5->3(63)
[2020-09-29T10:11:03.478+0000][7792][gc,heap      ] GC(301) Old regions: 78->78
[2020-09-29T10:11:03.478+0000][7792][gc,heap      ] GC(301) Archive regions: 0->0
[2020-09-29T10:11:03.478+0000][7792][gc,heap      ] GC(301) Humongous regions: 324->174
[2020-09-29T10:11:03.478+0000][7792][gc,metaspace ] GC(301) Metaspace: 88407K(94208K)->88407K(94208K) NonClass: 77284K(80640K)->77284K(80640K) Class: 11122K(13568K)->11122K(13568K)
[2020-09-29T10:11:03.479+0000][7792][gc           ] GC(301) Pause Young (Concurrent Start) (G1 Humongous Allocation) 473M->253M(1024M) 5.057ms
[2020-09-29T10:11:03.479+0000][7792][gc,cpu       ] GC(301) User=0.00s Sys=0.00s Real=0.01s
[2020-09-29T10:11:03.479+0000][7792][gc           ] GC(302) Concurrent Cycle
[2020-09-29T10:11:03.479+0000][7792][safepoint    ] Safepoint "G1TryInitiateConcMark", Time since last: 29544200 ns, Reaching safepoint: 197400 ns, At safepoint: 5324500 ns, Total: 5521900 ns
[2020-09-29T10:11:03.479+0000][7792][gc,marking   ] GC(302) Concurrent Clear Claimed Marks
[2020-09-29T10:11:03.479+0000][7792][gc,marking   ] GC(302) Concurrent Clear Claimed Marks 0.558ms
[2020-09-29T10:11:03.479+0000][7792][gc,marking   ] GC(302) Concurrent Scan Root Regions
[2020-09-29T10:11:03.481+0000][7792][gc,marking   ] GC(302) Concurrent Scan Root Regions 1.975ms
[2020-09-29T10:11:03.482+0000][7792][gc,marking   ] GC(302) Concurrent Mark (926.584s)
[2020-09-29T10:11:03.482+0000][7792][gc,marking   ] GC(302) Concurrent Mark From Roots
[2020-09-29T10:11:03.482+0000][7792][gc,task      ] GC(302) Using 2 workers of 2 for marking
[2020-09-29T10:11:03.671+0000][7792][gc,marking   ] GC(302) Concurrent Mark From Roots 189.023ms
[2020-09-29T10:11:03.671+0000][7792][gc,marking   ] GC(302) Concurrent Preclean
[2020-09-29T10:11:03.672+0000][7792][gc,marking   ] GC(302) Concurrent Preclean 0.718ms
[2020-09-29T10:11:03.672+0000][7792][gc,marking   ] GC(302) Concurrent Mark (926.584s, 926.774s) 189.995ms
[2020-09-29T10:11:03.672+0000][7792][gc,start     ] GC(302) Pause Remark
[2020-09-29T10:11:03.680+0000][7792][gc           ] GC(302) Pause Remark 320M->320M(1024M) 7.835ms
[2020-09-29T10:11:03.680+0000][7792][gc,cpu       ] GC(302) User=0.00s Sys=0.00s Real=0.01s
[2020-09-29T10:11:03.681+0000][7792][safepoint    ] Safepoint "G1Concurrent", Time since last: 192949000 ns, Reaching safepoint: 204400 ns, At safepoint: 8792900 ns, Total: 8997300 ns
[2020-09-29T10:11:03.681+0000][7792][gc,marking   ] GC(302) Concurrent Rebuild Remembered Sets
[2020-09-29T10:11:03.790+0000][7792][gc,marking   ] GC(302) Concurrent Rebuild Remembered Sets 108.571ms
[2020-09-29T10:11:03.790+0000][7792][gc,start     ] GC(302) Pause Cleanup
[2020-09-29T10:11:03.791+0000][7792][gc           ] GC(302) Pause Cleanup 320M->320M(1024M) 0.529ms
[2020-09-29T10:11:03.791+0000][7792][gc,cpu       ] GC(302) User=0.00s Sys=0.00s Real=0.00s
[2020-09-29T10:11:03.791+0000][7792][safepoint    ] Safepoint "G1Concurrent", Time since last: 109012600 ns, Reaching safepoint: 170100 ns, At safepoint: 912400 ns, Total: 1082500 ns
[2020-09-29T10:11:03.791+0000][7792][gc,marking   ] GC(302) Concurrent Cleanup for Next Mark
[2020-09-29T10:11:03.793+0000][7792][gc,marking   ] GC(302) Concurrent Cleanup for Next Mark 1.902ms
[2020-09-29T10:11:03.793+0000][7792][gc           ] GC(302) Concurrent Cycle 314.244ms
[2020-09-29T10:11:03.839+0000][7792][gc,start     ] GC(303) Pause Young (Concurrent Start) (G1 Humongous Allocation)
[2020-09-29T10:11:03.839+0000][7792][gc,task      ] GC(303) Using 8 workers of 8 for evacuation
[2020-09-29T10:11:03.839+0000][7792][gc,age       ] GC(303) Desired survivor size 33030144 bytes, new threshold 15 (max threshold 15)
[2020-09-29T10:11:03.843+0000][7792][gc,age       ] GC(303) Age table with threshold 15 (max threshold 15)
[2020-09-29T10:11:03.843+0000][7792][gc,age       ] GC(303) - age   1:    2713744 bytes,    2713744 total
[2020-09-29T10:11:03.843+0000][7792][gc,age       ] GC(303) - age   2:      31936 bytes,    2745680 total
[2020-09-29T10:11:03.843+0000][7792][gc,age       ] GC(303) - age   3:       3008 bytes,    2748688 total
[2020-09-29T10:11:03.843+0000][7792][gc,age       ] GC(303) - age   4:       2000 bytes,    2750688 total
[2020-09-29T10:11:03.843+0000][7792][gc,age       ] GC(303) - age   5:       1656 bytes,    2752344 total
[2020-09-29T10:11:03.843+0000][7792][gc,age       ] GC(303) - age   6:       1352 bytes,    2753696 total
[2020-09-29T10:11:03.843+0000][7792][gc,age       ] GC(303) - age   7:       1592 bytes,    2755288 total
[2020-09-29T10:11:03.843+0000][7792][gc,age       ] GC(303) - age   8:      11432 bytes,    2766720 total
[2020-09-29T10:11:03.843+0000][7792][gc,age       ] GC(303) - age   9:        576 bytes,    2767296 total
[2020-09-29T10:11:03.843+0000][7792][gc,age       ] GC(303) - age  10:        904 bytes,    2768200 total
[2020-09-29T10:11:03.843+0000][7792][gc,age       ] GC(303) - age  11:      18104 bytes,    2786304 total
[2020-09-29T10:11:03.844+0000][7792][gc,age       ] GC(303) - age  12:      11072 bytes,    2797376 total
[2020-09-29T10:11:03.844+0000][7792][gc,age       ] GC(303) - age  13:        792 bytes,    2798168 total
[2020-09-29T10:11:03.844+0000][7792][gc,age       ] GC(303) - age  14:       3848 bytes,    2802016 total
[2020-09-29T10:11:03.844+0000][7792][gc,age       ] GC(303) - age  15:        928 bytes,    2802944 total
[2020-09-29T10:11:03.844+0000][7792][gc,phases    ] GC(303)   Pre Evacuate Collection Set: 0.7ms
[2020-09-29T10:11:03.844+0000][7792][gc,phases    ] GC(303)   Merge Heap Roots: 0.1ms
[2020-09-29T10:11:03.844+0000][7792][gc,phases    ] GC(303)   Evacuate Collection Set: 2.4ms
[2020-09-29T10:11:03.844+0000][7792][gc,phases    ] GC(303)   Post Evacuate Collection Set: 0.9ms
[2020-09-29T10:11:03.845+0000][7792][gc,phases    ] GC(303)   Other: 1.4ms
[2020-09-29T10:11:03.845+0000][7792][gc,heap      ] GC(303) Eden regions: 25->0(502)
[2020-09-29T10:11:03.845+0000][7792][gc,heap      ] GC(303) Survivor regions: 3->3(63)
[2020-09-29T10:11:03.845+0000][7792][gc,heap      ] GC(303) Old regions: 78->78
[2020-09-29T10:11:03.845+0000][7792][gc,heap      ] GC(303) Archive regions: 0->0
[2020-09-29T10:11:03.845+0000][7792][gc,heap      ] GC(303) Humongous regions: 229->174
[2020-09-29T10:11:03.845+0000][7792][gc,metaspace ] GC(303) Metaspace: 88568K(94464K)->88568K(94464K) NonClass: 77424K(80896K)->77424K(80896K) Class: 11143K(13568K)->11143K(13568K)
[2020-09-29T10:11:03.845+0000][7792][gc           ] GC(303) Pause Young (Concurrent Start) (G1 Humongous Allocation) 333M->253M(1024M) 5.969ms
[2020-09-29T10:11:03.845+0000][7792][gc,cpu       ] GC(303) User=0.03s Sys=0.02s Real=0.01s
[2020-09-29T10:11:03.845+0000][7792][gc           ] GC(304) Concurrent Cycle
[2020-09-29T10:11:03.845+0000][7792][safepoint    ] Safepoint "G1TryInitiateConcMark", Time since last: 47130600 ns, Reaching safepoint: 631200 ns, At safepoint: 6181400 ns, Total: 6812600 ns
[2020-09-29T10:11:03.845+0000][7792][gc,marking   ] GC(304) Concurrent Clear Claimed Marks
[2020-09-29T10:11:03.845+0000][7792][gc,marking   ] GC(304) Concurrent Clear Claimed Marks 0.405ms
[2020-09-29T10:11:03.845+0000][7792][gc,marking   ] GC(304) Concurrent Scan Root Regions
[2020-09-29T10:11:03.848+0000][7792][gc,marking   ] GC(304) Concurrent Scan Root Regions 2.242ms
[2020-09-29T10:11:03.848+0000][7792][gc,marking   ] GC(304) Concurrent Mark (926.950s)
[2020-09-29T10:11:03.848+0000][7792][gc,marking   ] GC(304) Concurrent Mark From Roots
[2020-09-29T10:11:03.848+0000][7792][gc,task      ] GC(304) Using 2 workers of 2 for marking
[2020-09-29T10:11:04.020+0000][7792][gc,marking   ] GC(304) Concurrent Mark From Roots 172.398ms
[2020-09-29T10:11:04.020+0000][7792][gc,marking   ] GC(304) Concurrent Preclean
[2020-09-29T10:11:04.021+0000][7792][gc,marking   ] GC(304) Concurrent Preclean 0.724ms
[2020-09-29T10:11:04.021+0000][7792][gc,marking   ] GC(304) Concurrent Mark (926.950s, 927.123s) 173.402ms
[2020-09-29T10:11:04.021+0000][7792][gc,start     ] GC(304) Pause Remark
[2020-09-29T10:11:04.029+0000][7792][gc           ] GC(304) Pause Remark 560M->560M(1024M) 8.379ms
[2020-09-29T10:11:04.030+0000][7792][gc,cpu       ] GC(304) User=0.03s Sys=0.02s Real=0.01s
[2020-09-29T10:11:04.030+0000][7792][safepoint    ] Safepoint "G1Concurrent", Time since last: 176395700 ns, Reaching safepoint: 219200 ns, At safepoint: 8953600 ns, Total: 9172800 ns
[2020-09-29T10:11:04.030+0000][7792][gc,marking   ] GC(304) Concurrent Rebuild Remembered Sets
[2020-09-29T10:11:04.131+0000][7792][gc,marking   ] GC(304) Concurrent Rebuild Remembered Sets 100.845ms
[2020-09-29T10:11:04.132+0000][7792][gc,start     ] GC(304) Pause Cleanup
[2020-09-29T10:11:04.132+0000][7792][gc           ] GC(304) Pause Cleanup 635M->635M(1024M) 0.382ms
[2020-09-29T10:11:04.132+0000][7792][gc,cpu       ] GC(304) User=0.00s Sys=0.00s Real=0.00s
[2020-09-29T10:11:04.133+0000][7792][safepoint    ] Safepoint "G1Concurrent", Time since last: 101090600 ns, Reaching safepoint: 700800 ns, At safepoint: 935000 ns, Total: 1635800 ns
[2020-09-29T10:11:04.133+0000][7792][gc,marking   ] GC(304) Concurrent Cleanup for Next Mark
[2020-09-29T10:11:04.135+0000][7792][gc,marking   ] GC(304) Concurrent Cleanup for Next Mark 1.870ms
[2020-09-29T10:11:04.135+0000][7792][gc           ] GC(304) Concurrent Cycle 290.422ms
[2020-09-29T10:11:04.279+0000][7792][gc,start     ] GC(305) Pause Young (Concurrent Start) (G1 Humongous Allocation)
[2020-09-29T10:11:04.279+0000][7792][gc,task      ] GC(305) Using 8 workers of 8 for evacuation
[2020-09-29T10:11:04.279+0000][7792][gc,age       ] GC(305) Desired survivor size 33554432 bytes, new threshold 15 (max threshold 15)
[2020-09-29T10:11:04.283+0000][7792][gc,age       ] GC(305) Age table with threshold 15 (max threshold 15)
[2020-09-29T10:11:04.283+0000][7792][gc,age       ] GC(305) - age   1:    2623408 bytes,    2623408 total
[2020-09-29T10:11:04.283+0000][7792][gc,age       ] GC(305) - age   2:      62992 bytes,    2686400 total
[2020-09-29T10:11:04.283+0000][7792][gc,age       ] GC(305) - age   3:      20408 bytes,    2706808 total
[2020-09-29T10:11:04.284+0000][7792][gc,age       ] GC(305) - age   4:       1528 bytes,    2708336 total
[2020-09-29T10:11:04.284+0000][7792][gc,age       ] GC(305) - age   5:       1456 bytes,    2709792 total
[2020-09-29T10:11:04.284+0000][7792][gc,age       ] GC(305) - age   6:       1464 bytes,    2711256 total
[2020-09-29T10:11:04.284+0000][7792][gc,age       ] GC(305) - age   7:       1352 bytes,    2712608 total
[2020-09-29T10:11:04.284+0000][7792][gc,age       ] GC(305) - age   8:       1592 bytes,    2714200 total
[2020-09-29T10:11:04.284+0000][7792][gc,age       ] GC(305) - age   9:      11400 bytes,    2725600 total
[2020-09-29T10:11:04.284+0000][7792][gc,age       ] GC(305) - age  10:        576 bytes,    2726176 total
[2020-09-29T10:11:04.284+0000][7792][gc,age       ] GC(305) - age  11:        872 bytes,    2727048 total
[2020-09-29T10:11:04.284+0000][7792][gc,age       ] GC(305) - age  12:      18104 bytes,    2745152 total
[2020-09-29T10:11:04.284+0000][7792][gc,age       ] GC(305) - age  13:      11072 bytes,    2756224 total
[2020-09-29T10:11:04.284+0000][7792][gc,age       ] GC(305) - age  14:        760 bytes,    2756984 total
[2020-09-29T10:11:04.284+0000][7792][gc,age       ] GC(305) - age  15:       3816 bytes,    2760800 total
[2020-09-29T10:11:04.284+0000][7792][gc,phases    ] GC(305)   Pre Evacuate Collection Set: 0.6ms
[2020-09-29T10:11:04.284+0000][7792][gc,phases    ] GC(305)   Merge Heap Roots: 0.1ms
[2020-09-29T10:11:04.284+0000][7792][gc,phases    ] GC(305)   Evacuate Collection Set: 2.1ms
[2020-09-29T10:11:04.284+0000][7792][gc,phases    ] GC(305)   Post Evacuate Collection Set: 1.1ms
[2020-09-29T10:11:04.284+0000][7792][gc,phases    ] GC(305)   Other: 1.2ms
[2020-09-29T10:11:04.284+0000][7792][gc,heap      ] GC(305) Eden regions: 116->0(503)
[2020-09-29T10:11:04.284+0000][7792][gc,heap      ] GC(305) Survivor regions: 3->3(64)
[2020-09-29T10:11:04.284+0000][7792][gc,heap      ] GC(305) Old regions: 78->78
[2020-09-29T10:11:04.284+0000][7792][gc,heap      ] GC(305) Archive regions: 0->0
[2020-09-29T10:11:04.284+0000][7792][gc,heap      ] GC(305) Humongous regions: 471->174
[2020-09-29T10:11:04.284+0000][7792][gc,metaspace ] GC(305) Metaspace: 88568K(94464K)->88568K(94464K) NonClass: 77424K(80896K)->77424K(80896K) Class: 11143K(13568K)->11143K(13568K)
[2020-09-29T10:11:04.285+0000][7792][gc           ] GC(305) Pause Young (Concurrent Start) (G1 Humongous Allocation) 666M->254M(1024M) 5.532ms
[2020-09-29T10:11:04.285+0000][7792][gc,cpu       ] GC(305) User=0.05s Sys=0.00s Real=0.01s
[2020-09-29T10:11:04.285+0000][7792][gc           ] GC(306) Concurrent Cycle
[2020-09-29T10:11:04.285+0000][7792][safepoint    ] Safepoint "G1TryInitiateConcMark", Time since last: 146118700 ns, Reaching safepoint: 189800 ns, At safepoint: 5752500 ns, Total: 5942300 ns
[2020-09-29T10:11:04.285+0000][7792][gc,marking   ] GC(306) Concurrent Clear Claimed Marks
[2020-09-29T10:11:04.285+0000][7792][gc,marking   ] GC(306) Concurrent Clear Claimed Marks 0.587ms
[2020-09-29T10:11:04.285+0000][7792][gc,marking   ] GC(306) Concurrent Scan Root Regions
[2020-09-29T10:11:04.288+0000][7792][gc,marking   ] GC(306) Concurrent Scan Root Regions 2.163ms
[2020-09-29T10:11:04.288+0000][7792][gc,marking   ] GC(306) Concurrent Mark (927.390s)
[2020-09-29T10:11:04.288+0000][7792][gc,marking   ] GC(306) Concurrent Mark From Roots
[2020-09-29T10:11:04.288+0000][7792][gc,task      ] GC(306) Using 2 workers of 2 for marking
[2020-09-29T10:11:04.446+0000][7792][gc,marking   ] GC(306) Concurrent Mark From Roots 157.708ms
[2020-09-29T10:11:04.446+0000][7792][gc,marking   ] GC(306) Concurrent Preclean
[2020-09-29T10:11:04.446+0000][7792][gc,marking   ] GC(306) Concurrent Preclean 0.734ms
[2020-09-29T10:11:04.446+0000][7792][gc,marking   ] GC(306) Concurrent Mark (927.390s, 927.549s) 158.697ms
[2020-09-29T10:11:04.447+0000][7792][gc,start     ] GC(306) Pause Remark
[2020-09-29T10:11:04.455+0000][7792][gc           ] GC(306) Pause Remark 319M->319M(1024M) 8.036ms
[2020-09-29T10:11:04.455+0000][7792][gc,cpu       ] GC(306) User=0.11s Sys=0.02s Real=0.01s
[2020-09-29T10:11:04.455+0000][7792][safepoint    ] Safepoint "G1Concurrent", Time since last: 161882000 ns, Reaching safepoint: 254700 ns, At safepoint: 8572000 ns, Total: 8826700 ns
[2020-09-29T10:11:04.455+0000][7792][gc,marking   ] GC(306) Concurrent Rebuild Remembered Sets
[2020-09-29T10:11:04.559+0000][7792][gc,marking   ] GC(306) Concurrent Rebuild Remembered Sets 103.256ms
[2020-09-29T10:11:04.559+0000][7792][gc,start     ] GC(306) Pause Cleanup
[2020-09-29T10:11:04.559+0000][7792][gc           ] GC(306) Pause Cleanup 320M->320M(1024M) 0.407ms
[2020-09-29T10:11:04.560+0000][7792][gc,cpu       ] GC(306) User=0.00s Sys=0.00s Real=0.00s
[2020-09-29T10:11:04.560+0000][7792][safepoint    ] Safepoint "G1Concurrent", Time since last: 103455100 ns, Reaching safepoint: 199600 ns, At safepoint: 612900 ns, Total: 812500 ns
[2020-09-29T10:11:04.560+0000][7792][gc,marking   ] GC(306) Concurrent Cleanup for Next Mark
[2020-09-29T10:11:04.562+0000][7792][gc,marking   ] GC(306) Concurrent Cleanup for Next Mark 2.026ms
[2020-09-29T10:11:04.562+0000][7792][gc           ] GC(306) Concurrent Cycle 277.199ms
[2020-09-29T10:11:05.777+0000][7792][safepoint    ] Safepoint "Cleanup", Time since last: 1216252000 ns, Reaching safepoint: 300400 ns, At safepoint: 30500 ns, Total: 330900 ns
[2020-09-29T10:11:07.015+0000][7792][gc,start     ] GC(307) Pause Young (Concurrent Start) (G1 Humongous Allocation)
[2020-09-29T10:11:07.015+0000][7792][gc,task      ] GC(307) Using 8 workers of 8 for evacuation
[2020-09-29T10:11:07.015+0000][7792][gc,age       ] GC(307) Desired survivor size 33554432 bytes, new threshold 15 (max threshold 15)
[2020-09-29T10:11:07.019+0000][7792][gc,age       ] GC(307) Age table with threshold 15 (max threshold 15)
[2020-09-29T10:11:07.019+0000][7792][gc,age       ] GC(307) - age   1:    2685720 bytes,    2685720 total
[2020-09-29T10:11:07.019+0000][7792][gc,age       ] GC(307) - age   2:      13544 bytes,    2699264 total
[2020-09-29T10:11:07.019+0000][7792][gc,age       ] GC(307) - age   3:      62272 bytes,    2761536 total
[2020-09-29T10:11:07.019+0000][7792][gc,age       ] GC(307) - age   4:      18576 bytes,    2780112 total
[2020-09-29T10:11:07.019+0000][7792][gc,age       ] GC(307) - age   5:       1432 bytes,    2781544 total
[2020-09-29T10:11:07.019+0000][7792][gc,age       ] GC(307) - age   6:       1360 bytes,    2782904 total
[2020-09-29T10:11:07.019+0000][7792][gc,age       ] GC(307) - age   7:       1232 bytes,    2784136 total
[2020-09-29T10:11:07.019+0000][7792][gc,age       ] GC(307) - age   8:       1352 bytes,    2785488 total
[2020-09-29T10:11:07.019+0000][7792][gc,age       ] GC(307) - age   9:       1592 bytes,    2787080 total
[2020-09-29T10:11:07.019+0000][7792][gc,age       ] GC(307) - age  10:      11336 bytes,    2798416 total
[2020-09-29T10:11:07.019+0000][7792][gc,age       ] GC(307) - age  11:        576 bytes,    2798992 total
[2020-09-29T10:11:07.019+0000][7792][gc,age       ] GC(307) - age  12:        872 bytes,    2799864 total
[2020-09-29T10:11:07.019+0000][7792][gc,age       ] GC(307) - age  13:      17936 bytes,    2817800 total
[2020-09-29T10:11:07.019+0000][7792][gc,age       ] GC(307) - age  14:      10944 bytes,    2828744 total
[2020-09-29T10:11:07.019+0000][7792][gc,age       ] GC(307) - age  15:        728 bytes,    2829472 total
[2020-09-29T10:11:07.019+0000][7792][gc,phases    ] GC(307)   Pre Evacuate Collection Set: 0.4ms
[2020-09-29T10:11:07.019+0000][7792][gc,phases    ] GC(307)   Merge Heap Roots: 0.1ms
[2020-09-29T10:11:07.019+0000][7792][gc,phases    ] GC(307)   Evacuate Collection Set: 2.2ms
[2020-09-29T10:11:07.019+0000][7792][gc,phases    ] GC(307)   Post Evacuate Collection Set: 1.0ms
[2020-09-29T10:11:07.020+0000][7792][gc,phases    ] GC(307)   Other: 1.1ms
[2020-09-29T10:11:07.020+0000][7792][gc,heap      ] GC(307) Eden regions: 142->0(503)
[2020-09-29T10:11:07.020+0000][7792][gc,heap      ] GC(307) Survivor regions: 3->3(64)
[2020-09-29T10:11:07.020+0000][7792][gc,heap      ] GC(307) Old regions: 78->78
[2020-09-29T10:11:07.020+0000][7792][gc,heap      ] GC(307) Archive regions: 0->0
[2020-09-29T10:11:07.020+0000][7792][gc,heap      ] GC(307) Humongous regions: 229->174
[2020-09-29T10:11:07.020+0000][7792][gc,metaspace ] GC(307) Metaspace: 88731K(94464K)->88731K(94464K) NonClass: 77586K(80896K)->77586K(80896K) Class: 11144K(13568K)->11144K(13568K)
[2020-09-29T10:11:07.020+0000][7792][gc           ] GC(307) Pause Young (Concurrent Start) (G1 Humongous Allocation) 450M->253M(1024M) 5.219ms
[2020-09-29T10:11:07.020+0000][7792][gc,cpu       ] GC(307) User=0.00s Sys=0.00s Real=0.00s
[2020-09-29T10:11:07.020+0000][7792][safepoint    ] Safepoint "G1TryInitiateConcMark", Time since last: 1237691800 ns, Reaching safepoint: 271700 ns, At safepoint: 5455200 ns, Total: 5726900 ns
[2020-09-29T10:11:07.020+0000][7792][gc           ] GC(308) Concurrent Cycle
[2020-09-29T10:11:07.020+0000][7792][gc,marking   ] GC(308) Concurrent Clear Claimed Marks
[2020-09-29T10:11:07.021+0000][7792][gc,marking   ] GC(308) Concurrent Clear Claimed Marks 0.495ms
[2020-09-29T10:11:07.021+0000][7792][gc,marking   ] GC(308) Concurrent Scan Root Regions
[2020-09-29T10:11:07.023+0000][7792][gc,marking   ] GC(308) Concurrent Scan Root Regions 2.182ms
[2020-09-29T10:11:07.023+0000][7792][gc,marking   ] GC(308) Concurrent Mark (930.125s)
[2020-09-29T10:11:07.023+0000][7792][gc,marking   ] GC(308) Concurrent Mark From Roots
[2020-09-29T10:11:07.023+0000][7792][gc,task      ] GC(308) Using 2 workers of 2 for marking
[2020-09-29T10:11:07.167+0000][7792][gc,marking   ] GC(308) Concurrent Mark From Roots 143.918ms
[2020-09-29T10:11:07.167+0000][7792][gc,marking   ] GC(308) Concurrent Preclean
[2020-09-29T10:11:07.168+0000][7792][gc,marking   ] GC(308) Concurrent Preclean 0.719ms
[2020-09-29T10:11:07.168+0000][7792][gc,marking   ] GC(308) Concurrent Mark (930.125s, 930.270s) 144.926ms
[2020-09-29T10:11:07.168+0000][7792][gc,start     ] GC(308) Pause Remark
[2020-09-29T10:11:07.177+0000][7792][gc           ] GC(308) Pause Remark 402M->402M(1024M) 8.865ms
[2020-09-29T10:11:07.177+0000][7792][gc,cpu       ] GC(308) User=0.09s Sys=0.00s Real=0.01s
[2020-09-29T10:11:07.177+0000][7792][safepoint    ] Safepoint "G1Concurrent", Time since last: 148011400 ns, Reaching safepoint: 277600 ns, At safepoint: 9162500 ns, Total: 9440100 ns
[2020-09-29T10:11:07.177+0000][7792][gc,marking   ] GC(308) Concurrent Rebuild Remembered Sets
[2020-09-29T10:11:07.277+0000][7792][gc,marking   ] GC(308) Concurrent Rebuild Remembered Sets 99.627ms
[2020-09-29T10:11:07.277+0000][7792][gc,start     ] GC(308) Pause Cleanup
[2020-09-29T10:11:07.278+0000][7792][gc           ] GC(308) Pause Cleanup 421M->421M(1024M) 0.424ms
[2020-09-29T10:11:07.278+0000][7792][gc,cpu       ] GC(308) User=0.00s Sys=0.00s Real=0.00s
[2020-09-29T10:11:07.278+0000][7792][safepoint    ] Safepoint "G1Concurrent", Time since last: 99835400 ns, Reaching safepoint: 199800 ns, At safepoint: 663400 ns, Total: 863200 ns
[2020-09-29T10:11:07.278+0000][7792][gc,marking   ] GC(308) Concurrent Cleanup for Next Mark
[2020-09-29T10:11:07.280+0000][7792][gc,marking   ] GC(308) Concurrent Cleanup for Next Mark 1.812ms
[2020-09-29T10:11:07.280+0000][7792][gc           ] GC(308) Concurrent Cycle 260.188ms
[2020-09-29T10:11:07.393+0000][7792][gc,start     ] GC(309) Pause Young (Concurrent Start) (G1 Humongous Allocation)
[2020-09-29T10:11:07.393+0000][7792][gc,task      ] GC(309) Using 8 workers of 8 for evacuation
[2020-09-29T10:11:07.393+0000][7792][gc,age       ] GC(309) Desired survivor size 33554432 bytes, new threshold 15 (max threshold 15)
[2020-09-29T10:11:07.396+0000][7792][gc,age       ] GC(309) Age table with threshold 15 (max threshold 15)
[2020-09-29T10:11:07.396+0000][7792][gc,age       ] GC(309) - age   1:    3304880 bytes,    3304880 total
[2020-09-29T10:11:07.396+0000][7792][gc,age       ] GC(309) - age   2:     164896 bytes,    3469776 total
[2020-09-29T10:11:07.396+0000][7792][gc,age       ] GC(309) - age   3:       9648 bytes,    3479424 total
[2020-09-29T10:11:07.396+0000][7792][gc,age       ] GC(309) - age   4:      62208 bytes,    3541632 total
[2020-09-29T10:11:07.396+0000][7792][gc,age       ] GC(309) - age   5:      18384 bytes,    3560016 total
[2020-09-29T10:11:07.396+0000][7792][gc,age       ] GC(309) - age   6:       1080 bytes,    3561096 total
[2020-09-29T10:11:07.396+0000][7792][gc,age       ] GC(309) - age   7:       1360 bytes,    3562456 total
[2020-09-29T10:11:07.396+0000][7792][gc,age       ] GC(309) - age   8:       1232 bytes,    3563688 total
[2020-09-29T10:11:07.396+0000][7792][gc,age       ] GC(309) - age   9:       1224 bytes,    3564912 total
[2020-09-29T10:11:07.396+0000][7792][gc,age       ] GC(309) - age  10:       1592 bytes,    3566504 total
[2020-09-29T10:11:07.396+0000][7792][gc,age       ] GC(309) - age  11:      11336 bytes,    3577840 total
[2020-09-29T10:11:07.396+0000][7792][gc,age       ] GC(309) - age  12:        576 bytes,    3578416 total
[2020-09-29T10:11:07.396+0000][7792][gc,age       ] GC(309) - age  13:        712 bytes,    3579128 total
[2020-09-29T10:11:07.396+0000][7792][gc,age       ] GC(309) - age  14:      17936 bytes,    3597064 total
[2020-09-29T10:11:07.396+0000][7792][gc,age       ] GC(309) - age  15:      10944 bytes,    3608008 total
[2020-09-29T10:11:07.396+0000][7792][gc,phases    ] GC(309)   Pre Evacuate Collection Set: 0.3ms
[2020-09-29T10:11:07.396+0000][7792][gc,phases    ] GC(309)   Merge Heap Roots: 0.1ms
[2020-09-29T10:11:07.397+0000][7792][gc,phases    ] GC(309)   Evacuate Collection Set: 1.9ms
[2020-09-29T10:11:07.397+0000][7792][gc,phases    ] GC(309)   Post Evacuate Collection Set: 0.7ms
[2020-09-29T10:11:07.397+0000][7792][gc,phases    ] GC(309)   Other: 0.7ms
[2020-09-29T10:11:07.397+0000][7792][gc,heap      ] GC(309) Eden regions: 56->0(502)
[2020-09-29T10:11:07.397+0000][7792][gc,heap      ] GC(309) Survivor regions: 3->4(64)
[2020-09-29T10:11:07.397+0000][7792][gc,heap      ] GC(309) Old regions: 78->78
[2020-09-29T10:11:07.397+0000][7792][gc,heap      ] GC(309) Archive regions: 0->0
[2020-09-29T10:11:07.397+0000][7792][gc,heap      ] GC(309) Humongous regions: 291->174
[2020-09-29T10:11:07.397+0000][7792][gc,metaspace ] GC(309) Metaspace: 88750K(94720K)->88750K(94720K) NonClass: 77603K(81152K)->77603K(81152K) Class: 11147K(13568K)->11147K(13568K)
[2020-09-29T10:11:07.397+0000][7792][gc           ] GC(309) Pause Young (Concurrent Start) (G1 Humongous Allocation) 426M->254M(1024M) 4.083ms
[2020-09-29T10:11:07.397+0000][7792][gc,cpu       ] GC(309) User=0.00s Sys=0.00s Real=0.00s
[2020-09-29T10:11:07.397+0000][7792][gc           ] GC(310) Concurrent Cycle
[2020-09-29T10:11:07.397+0000][7792][safepoint    ] Safepoint "G1TryInitiateConcMark", Time since last: 114400700 ns, Reaching safepoint: 178100 ns, At safepoint: 4294900 ns, Total: 4473000 ns
[2020-09-29T10:11:07.397+0000][7792][gc,marking   ] GC(310) Concurrent Clear Claimed Marks
[2020-09-29T10:11:07.397+0000][7792][gc,marking   ] GC(310) Concurrent Clear Claimed Marks 0.409ms
[2020-09-29T10:11:07.397+0000][7792][gc,marking   ] GC(310) Concurrent Scan Root Regions
[2020-09-29T10:11:07.400+0000][7792][gc,marking   ] GC(310) Concurrent Scan Root Regions 2.769ms
[2020-09-29T10:11:07.400+0000][7792][gc,marking   ] GC(310) Concurrent Mark (930.503s)
[2020-09-29T10:11:07.400+0000][7792][gc,marking   ] GC(310) Concurrent Mark From Roots
[2020-09-29T10:11:07.401+0000][7792][gc,task      ] GC(310) Using 2 workers of 2 for marking
[2020-09-29T10:11:07.527+0000][7792][gc,marking   ] GC(310) Concurrent Mark From Roots 126.638ms
[2020-09-29T10:11:07.527+0000][7792][gc,marking   ] GC(310) Concurrent Preclean
[2020-09-29T10:11:07.528+0000][7792][gc,marking   ] GC(310) Concurrent Preclean 0.597ms
[2020-09-29T10:11:07.528+0000][7792][gc,marking   ] GC(310) Concurrent Mark (930.503s, 930.630s) 127.456ms
[2020-09-29T10:11:07.528+0000][7792][gc,start     ] GC(310) Pause Remark
[2020-09-29T10:11:07.537+0000][7792][gc           ] GC(310) Pause Remark 398M->398M(1024M) 9.199ms
[2020-09-29T10:11:07.538+0000][7792][gc,cpu       ] GC(310) User=0.06s Sys=0.00s Real=0.01s
[2020-09-29T10:11:07.538+0000][7792][safepoint    ] Safepoint "G1Concurrent", Time since last: 131002300 ns, Reaching safepoint: 193000 ns, At safepoint: 10334000 ns, Total: 10527000 ns
[2020-09-29T10:11:07.539+0000][7792][gc,marking   ] GC(310) Concurrent Rebuild Remembered Sets
[2020-09-29T10:11:07.640+0000][7792][gc,marking   ] GC(310) Concurrent Rebuild Remembered Sets 100.760ms
[2020-09-29T10:11:07.640+0000][7792][gc,start     ] GC(310) Pause Cleanup
[2020-09-29T10:11:07.641+0000][7792][gc           ] GC(310) Pause Cleanup 398M->398M(1024M) 0.363ms
[2020-09-29T10:11:07.641+0000][7792][gc,cpu       ] GC(310) User=0.00s Sys=0.00s Real=0.00s
[2020-09-29T10:11:07.641+0000][7792][safepoint    ] Safepoint "G1Concurrent", Time since last: 101341500 ns, Reaching safepoint: 187800 ns, At safepoint: 594200 ns, Total: 782000 ns
[2020-09-29T10:11:07.641+0000][7792][gc,marking   ] GC(310) Concurrent Cleanup for Next Mark
[2020-09-29T10:11:07.643+0000][7792][gc,marking   ] GC(310) Concurrent Cleanup for Next Mark 1.727ms
[2020-09-29T10:11:07.643+0000][7792][gc           ] GC(310) Concurrent Cycle 245.679ms
[2020-09-29T10:11:07.710+0000][7792][safepoint    ] Safepoint "ICBufferFull", Time since last: 68258700 ns, Reaching safepoint: 340600 ns, At safepoint: 799800 ns, Total: 1140400 ns
[2020-09-29T10:11:08.106+0000][7792][gc,start     ] GC(311) Pause Young (Concurrent Start) (G1 Humongous Allocation)
[2020-09-29T10:11:08.106+0000][7792][gc,task      ] GC(311) Using 8 workers of 8 for evacuation
[2020-09-29T10:11:08.106+0000][7792][gc,age       ] GC(311) Desired survivor size 33554432 bytes, new threshold 15 (max threshold 15)
[2020-09-29T10:11:08.110+0000][7792][gc,age       ] GC(311) Age table with threshold 15 (max threshold 15)
[2020-09-29T10:11:08.111+0000][7792][gc,age       ] GC(311) - age   1:    3270800 bytes,    3270800 total
[2020-09-29T10:11:08.111+0000][7792][gc,age       ] GC(311) - age   2:      17368 bytes,    3288168 total
[2020-09-29T10:11:08.111+0000][7792][gc,age       ] GC(311) - age   3:     160272 bytes,    3448440 total
[2020-09-29T10:11:08.111+0000][7792][gc,age       ] GC(311) - age   4:       9200 bytes,    3457640 total
[2020-09-29T10:11:08.111+0000][7792][gc,age       ] GC(311) - age   5:      58448 bytes,    3516088 total
[2020-09-29T10:11:08.111+0000][7792][gc,age       ] GC(311) - age   6:      18256 bytes,    3534344 total
[2020-09-29T10:11:08.111+0000][7792][gc,age       ] GC(311) - age   7:       1080 bytes,    3535424 total
[2020-09-29T10:11:08.111+0000][7792][gc,age       ] GC(311) - age   8:       1360 bytes,    3536784 total
[2020-09-29T10:11:08.111+0000][7792][gc,age       ] GC(311) - age   9:       1232 bytes,    3538016 total
[2020-09-29T10:11:08.111+0000][7792][gc,age       ] GC(311) - age  10:       1224 bytes,    3539240 total
[2020-09-29T10:11:08.111+0000][7792][gc,age       ] GC(311) - age  11:       1496 bytes,    3540736 total
[2020-09-29T10:11:08.111+0000][7792][gc,age       ] GC(311) - age  12:      11336 bytes,    3552072 total
[2020-09-29T10:11:08.111+0000][7792][gc,age       ] GC(311) - age  13:        512 bytes,    3552584 total
[2020-09-29T10:11:08.111+0000][7792][gc,age       ] GC(311) - age  14:        712 bytes,    3553296 total
[2020-09-29T10:11:08.111+0000][7792][gc,age       ] GC(311) - age  15:      17936 bytes,    3571232 total
[2020-09-29T10:11:08.111+0000][7792][gc,phases    ] GC(311)   Pre Evacuate Collection Set: 0.6ms
[2020-09-29T10:11:08.111+0000][7792][gc,phases    ] GC(311)   Merge Heap Roots: 0.1ms
[2020-09-29T10:11:08.111+0000][7792][gc,phases    ] GC(311)   Evacuate Collection Set: 2.8ms
[2020-09-29T10:11:08.111+0000][7792][gc,phases    ] GC(311)   Post Evacuate Collection Set: 1.0ms
[2020-09-29T10:11:08.111+0000][7792][gc,phases    ] GC(311)   Other: 1.3ms
[2020-09-29T10:11:08.111+0000][7792][gc,heap      ] GC(311) Eden regions: 49->0(502)
[2020-09-29T10:11:08.112+0000][7792][gc,heap      ] GC(311) Survivor regions: 4->4(64)
[2020-09-29T10:11:08.112+0000][7792][gc,heap      ] GC(311) Old regions: 78->78
[2020-09-29T10:11:08.112+0000][7792][gc,heap      ] GC(311) Archive regions: 0->0
[2020-09-29T10:11:08.112+0000][7792][gc,heap      ] GC(311) Humongous regions: 288->174
[2020-09-29T10:11:08.112+0000][7792][gc,metaspace ] GC(311) Metaspace: 88894K(94720K)->88894K(94720K) NonClass: 77720K(81152K)->77720K(81152K) Class: 11173K(13568K)->11173K(13568K)
[2020-09-29T10:11:08.112+0000][7792][gc           ] GC(311) Pause Young (Concurrent Start) (G1 Humongous Allocation) 417M->254M(1024M) 6.232ms
[2020-09-29T10:11:08.112+0000][7792][gc,cpu       ] GC(311) User=0.09s Sys=0.00s Real=0.01s
[2020-09-29T10:11:08.112+0000][7792][gc           ] GC(312) Concurrent Cycle
[2020-09-29T10:11:08.112+0000][7792][safepoint    ] Safepoint "G1TryInitiateConcMark", Time since last: 394404000 ns, Reaching safepoint: 599200 ns, At safepoint: 6486300 ns, Total: 7085500 ns
[2020-09-29T10:11:08.112+0000][7792][gc,marking   ] GC(312) Concurrent Clear Claimed Marks
[2020-09-29T10:11:08.113+0000][7792][gc,marking   ] GC(312) Concurrent Clear Claimed Marks 0.603ms
[2020-09-29T10:11:08.113+0000][7792][gc,marking   ] GC(312) Concurrent Scan Root Regions
[2020-09-29T10:11:08.117+0000][7792][gc,marking   ] GC(312) Concurrent Scan Root Regions 4.221ms
[2020-09-29T10:11:08.117+0000][7792][gc,marking   ] GC(312) Concurrent Mark (931.219s)
[2020-09-29T10:11:08.117+0000][7792][gc,marking   ] GC(312) Concurrent Mark From Roots
[2020-09-29T10:11:08.117+0000][7792][gc,task      ] GC(312) Using 2 workers of 2 for marking
[2020-09-29T10:11:08.284+0000][7792][gc,marking   ] GC(312) Concurrent Mark From Roots 166.799ms
[2020-09-29T10:11:08.284+0000][7792][gc,marking   ] GC(312) Concurrent Preclean
[2020-09-29T10:11:08.285+0000][7792][gc,marking   ] GC(312) Concurrent Preclean 0.941ms
[2020-09-29T10:11:08.285+0000][7792][gc,marking   ] GC(312) Concurrent Mark (931.219s, 931.387s) 168.010ms
[2020-09-29T10:11:08.285+0000][7792][gc,start     ] GC(312) Pause Remark
[2020-09-29T10:11:08.293+0000][7792][gc           ] GC(312) Pause Remark 317M->317M(1024M) 7.661ms
[2020-09-29T10:11:08.293+0000][7792][gc,cpu       ] GC(312) User=0.00s Sys=0.00s Real=0.01s
[2020-09-29T10:11:08.293+0000][7792][safepoint    ] Safepoint "G1Concurrent", Time since last: 173243800 ns, Reaching safepoint: 318000 ns, At safepoint: 7963700 ns, Total: 8281700 ns
[2020-09-29T10:11:08.294+0000][7792][gc,marking   ] GC(312) Concurrent Rebuild Remembered Sets
[2020-09-29T10:11:08.394+0000][7792][gc,marking   ] GC(312) Concurrent Rebuild Remembered Sets 100.878ms
[2020-09-29T10:11:08.395+0000][7792][gc,start     ] GC(312) Pause Cleanup
[2020-09-29T10:11:08.395+0000][7792][gc           ] GC(312) Pause Cleanup 323M->323M(1024M) 0.381ms
[2020-09-29T10:11:08.395+0000][7792][gc,cpu       ] GC(312) User=0.00s Sys=0.00s Real=0.00s
[2020-09-29T10:11:08.395+0000][7792][safepoint    ] Safepoint "G1Concurrent", Time since last: 101245300 ns, Reaching safepoint: 187100 ns, At safepoint: 579400 ns, Total: 766500 ns
[2020-09-29T10:11:08.396+0000][7792][gc,marking   ] GC(312) Concurrent Cleanup for Next Mark
[2020-09-29T10:11:08.397+0000][7792][gc,marking   ] GC(312) Concurrent Cleanup for Next Mark 1.876ms
[2020-09-29T10:11:08.398+0000][7792][gc           ] GC(312) Concurrent Cycle 285.818ms
[2020-09-29T10:11:08.413+0000][7792][gc,start     ] GC(313) Pause Young (Concurrent Start) (G1 Humongous Allocation)
[2020-09-29T10:11:08.413+0000][7792][gc,task      ] GC(313) Using 8 workers of 8 for evacuation
[2020-09-29T10:11:08.413+0000][7792][gc,age       ] GC(313) Desired survivor size 33554432 bytes, new threshold 15 (max threshold 15)
[2020-09-29T10:11:08.417+0000][7792][gc,age       ] GC(313) Age table with threshold 15 (max threshold 15)
[2020-09-29T10:11:08.417+0000][7792][gc,age       ] GC(313) - age   1:    2860112 bytes,    2860112 total
[2020-09-29T10:11:08.417+0000][7792][gc,age       ] GC(313) - age   2:     549304 bytes,    3409416 total
[2020-09-29T10:11:08.417+0000][7792][gc,age       ] GC(313) - age   3:      15416 bytes,    3424832 total
[2020-09-29T10:11:08.418+0000][7792][gc,age       ] GC(313) - age   4:     160272 bytes,    3585104 total
[2020-09-29T10:11:08.418+0000][7792][gc,age       ] GC(313) - age   5:       9136 bytes,    3594240 total
[2020-09-29T10:11:08.418+0000][7792][gc,age       ] GC(313) - age   6:      58448 bytes,    3652688 total
[2020-09-29T10:11:08.418+0000][7792][gc,age       ] GC(313) - age   7:      17920 bytes,    3670608 total
[2020-09-29T10:11:08.418+0000][7792][gc,age       ] GC(313) - age   8:       1080 bytes,    3671688 total
[2020-09-29T10:11:08.418+0000][7792][gc,age       ] GC(313) - age   9:       1360 bytes,    3673048 total
[2020-09-29T10:11:08.418+0000][7792][gc,age       ] GC(313) - age  10:       1232 bytes,    3674280 total
[2020-09-29T10:11:08.418+0000][7792][gc,age       ] GC(313) - age  11:       1224 bytes,    3675504 total
[2020-09-29T10:11:08.418+0000][7792][gc,age       ] GC(313) - age  12:       1496 bytes,    3677000 total
[2020-09-29T10:11:08.418+0000][7792][gc,age       ] GC(313) - age  13:      11336 bytes,    3688336 total
[2020-09-29T10:11:08.418+0000][7792][gc,age       ] GC(313) - age  14:        512 bytes,    3688848 total
[2020-09-29T10:11:08.418+0000][7792][gc,age       ] GC(313) - age  15:        712 bytes,    3689560 total
[2020-09-29T10:11:08.418+0000][7792][gc,phases    ] GC(313)   Pre Evacuate Collection Set: 0.7ms
[2020-09-29T10:11:08.418+0000][7792][gc,phases    ] GC(313)   Merge Heap Roots: 0.1ms
[2020-09-29T10:11:08.418+0000][7792][gc,phases    ] GC(313)   Evacuate Collection Set: 3.1ms
[2020-09-29T10:11:08.418+0000][7792][gc,phases    ] GC(313)   Post Evacuate Collection Set: 0.8ms
[2020-09-29T10:11:08.418+0000][7792][gc,phases    ] GC(313)   Other: 1.3ms
[2020-09-29T10:11:08.418+0000][7792][gc,heap      ] GC(313) Eden regions: 21->0(503)
[2020-09-29T10:11:08.418+0000][7792][gc,heap      ] GC(313) Survivor regions: 4->4(64)
[2020-09-29T10:11:08.418+0000][7792][gc,heap      ] GC(313) Old regions: 78->78
[2020-09-29T10:11:08.418+0000][7792][gc,heap      ] GC(313) Archive regions: 0->0
[2020-09-29T10:11:08.418+0000][7792][gc,heap      ] GC(313) Humongous regions: 229->174
[2020-09-29T10:11:08.418+0000][7792][gc,metaspace ] GC(313) Metaspace: 88894K(94720K)->88894K(94720K) NonClass: 77720K(81152K)->77720K(81152K) Class: 11173K(13568K)->11173K(13568K)
[2020-09-29T10:11:08.418+0000][7792][gc           ] GC(313) Pause Young (Concurrent Start) (G1 Humongous Allocation) 330M->254M(1024M) 6.433ms
[2020-09-29T10:11:08.418+0000][7792][gc,cpu       ] GC(313) User=0.00s Sys=0.00s Real=0.01s
[2020-09-29T10:11:08.419+0000][7792][gc           ] GC(314) Concurrent Cycle
[2020-09-29T10:11:08.419+0000][7792][safepoint    ] Safepoint "G1TryInitiateConcMark", Time since last: 16552100 ns, Reaching safepoint: 458600 ns, At safepoint: 6681700 ns, Total: 7140300 ns
[2020-09-29T10:11:08.419+0000][7792][gc,marking   ] GC(314) Concurrent Clear Claimed Marks
[2020-09-29T10:11:08.419+0000][7792][gc,marking   ] GC(314) Concurrent Clear Claimed Marks 0.497ms
[2020-09-29T10:11:08.419+0000][7792][gc,marking   ] GC(314) Concurrent Scan Root Regions
[2020-09-29T10:11:08.424+0000][7792][gc,marking   ] GC(314) Concurrent Scan Root Regions 5.243ms
[2020-09-29T10:11:08.425+0000][7792][gc,marking   ] GC(314) Concurrent Mark (931.527s)
[2020-09-29T10:11:08.425+0000][7792][gc,marking   ] GC(314) Concurrent Mark From Roots
[2020-09-29T10:11:08.425+0000][7792][gc,task      ] GC(314) Using 2 workers of 2 for marking
[2020-09-29T10:11:08.594+0000][7792][gc,marking   ] GC(314) Concurrent Mark From Roots 169.244ms
[2020-09-29T10:11:08.594+0000][7792][gc,marking   ] GC(314) Concurrent Preclean
[2020-09-29T10:11:08.595+0000][7792][gc,marking   ] GC(314) Concurrent Preclean 0.700ms
[2020-09-29T10:11:08.595+0000][7792][gc,marking   ] GC(314) Concurrent Mark (931.527s, 931.697s) 170.195ms
[2020-09-29T10:11:08.596+0000][7792][gc,start     ] GC(314) Pause Remark
[2020-09-29T10:11:08.604+0000][7792][gc           ] GC(314) Pause Remark 335M->335M(1024M) 7.944ms
[2020-09-29T10:11:08.604+0000][7792][gc,cpu       ] GC(314) User=0.00s Sys=0.00s Real=0.01s
[2020-09-29T10:11:08.604+0000][7792][safepoint    ] Safepoint "G1Concurrent", Time since last: 176329500 ns, Reaching safepoint: 813700 ns, At safepoint: 8256200 ns, Total: 9069900 ns
[2020-09-29T10:11:08.604+0000][7792][gc,marking   ] GC(314) Concurrent Rebuild Remembered Sets
[2020-09-29T10:11:08.702+0000][7792][gc,marking   ] GC(314) Concurrent Rebuild Remembered Sets 97.898ms
[2020-09-29T10:11:08.703+0000][7792][gc,start     ] GC(314) Pause Cleanup
[2020-09-29T10:11:08.703+0000][7792][gc           ] GC(314) Pause Cleanup 356M->356M(1024M) 0.409ms
[2020-09-29T10:11:08.703+0000][7792][gc,cpu       ] GC(314) User=0.00s Sys=0.00s Real=0.00s
[2020-09-29T10:11:08.703+0000][7792][safepoint    ] Safepoint "G1Concurrent", Time since last: 98166500 ns, Reaching safepoint: 151500 ns, At safepoint: 618700 ns, Total: 770200 ns
[2020-09-29T10:11:08.703+0000][7792][gc,marking   ] GC(314) Concurrent Cleanup for Next Mark
[2020-09-29T10:11:08.705+0000][7792][gc,marking   ] GC(314) Concurrent Cleanup for Next Mark 1.965ms
[2020-09-29T10:11:08.705+0000][7792][gc           ] GC(314) Concurrent Cycle 286.564ms
[2020-09-29T10:11:08.723+0000][7792][gc,start     ] GC(315) Pause Young (Concurrent Start) (G1 Humongous Allocation)
[2020-09-29T10:11:08.723+0000][7792][gc,task      ] GC(315) Using 8 workers of 8 for evacuation
[2020-09-29T10:11:08.723+0000][7792][gc,age       ] GC(315) Desired survivor size 33554432 bytes, new threshold 15 (max threshold 15)
[2020-09-29T10:11:08.727+0000][7792][gc,age       ] GC(315) Age table with threshold 15 (max threshold 15)
[2020-09-29T10:11:08.728+0000][7792][gc,age       ] GC(315) - age   1:    3100528 bytes,    3100528 total
[2020-09-29T10:11:08.728+0000][7792][gc,age       ] GC(315) - age   2:     203832 bytes,    3304360 total
[2020-09-29T10:11:08.728+0000][7792][gc,age       ] GC(315) - age   3:     545392 bytes,    3849752 total
[2020-09-29T10:11:08.728+0000][7792][gc,age       ] GC(315) - age   4:      15096 bytes,    3864848 total
[2020-09-29T10:11:08.728+0000][7792][gc,age       ] GC(315) - age   5:     160080 bytes,    4024928 total
[2020-09-29T10:11:08.728+0000][7792][gc,age       ] GC(315) - age   6:       8912 bytes,    4033840 total
[2020-09-29T10:11:08.728+0000][7792][gc,age       ] GC(315) - age   7:      58320 bytes,    4092160 total
[2020-09-29T10:11:08.728+0000][7792][gc,age       ] GC(315) - age   8:      17888 bytes,    4110048 total
[2020-09-29T10:11:08.728+0000][7792][gc,age       ] GC(315) - age   9:        952 bytes,    4111000 total
[2020-09-29T10:11:08.728+0000][7792][gc,age       ] GC(315) - age  10:       1360 bytes,    4112360 total
[2020-09-29T10:11:08.728+0000][7792][gc,age       ] GC(315) - age  11:       1168 bytes,    4113528 total
[2020-09-29T10:11:08.728+0000][7792][gc,age       ] GC(315) - age  12:       1128 bytes,    4114656 total
[2020-09-29T10:11:08.728+0000][7792][gc,age       ] GC(315) - age  13:       1368 bytes,    4116024 total
[2020-09-29T10:11:08.728+0000][7792][gc,age       ] GC(315) - age  14:      11336 bytes,    4127360 total
[2020-09-29T10:11:08.728+0000][7792][gc,age       ] GC(315) - age  15:        448 bytes,    4127808 total
[2020-09-29T10:11:08.728+0000][7792][gc,phases    ] GC(315)   Pre Evacuate Collection Set: 0.6ms
[2020-09-29T10:11:08.728+0000][7792][gc,phases    ] GC(315)   Merge Heap Roots: 0.1ms
[2020-09-29T10:11:08.728+0000][7792][gc,phases    ] GC(315)   Evacuate Collection Set: 2.9ms
[2020-09-29T10:11:08.728+0000][7792][gc,phases    ] GC(315)   Post Evacuate Collection Set: 0.8ms
[2020-09-29T10:11:08.728+0000][7792][gc,phases    ] GC(315)   Other: 1.3ms
[2020-09-29T10:11:08.729+0000][7792][gc,heap      ] GC(315) Eden regions: 38->0(502)
[2020-09-29T10:11:08.729+0000][7792][gc,heap      ] GC(315) Survivor regions: 4->5(64)
[2020-09-29T10:11:08.729+0000][7792][gc,heap      ] GC(315) Old regions: 78->78
[2020-09-29T10:11:08.729+0000][7792][gc,heap      ] GC(315) Archive regions: 0->0
[2020-09-29T10:11:08.729+0000][7792][gc,heap      ] GC(315) Humongous regions: 243->174
[2020-09-29T10:11:08.729+0000][7792][gc,metaspace ] GC(315) Metaspace: 88894K(94720K)->88894K(94720K) NonClass: 77720K(81152K)->77720K(81152K) Class: 11173K(13568K)->11173K(13568K)
[2020-09-29T10:11:08.729+0000][7792][gc           ] GC(315) Pause Young (Concurrent Start) (G1 Humongous Allocation) 361M->255M(1024M) 6.248ms
[2020-09-29T10:11:08.729+0000][7792][gc,cpu       ] GC(315) User=0.00s Sys=0.00s Real=0.01s
[2020-09-29T10:11:08.729+0000][7792][gc           ] GC(316) Concurrent Cycle
[2020-09-29T10:11:08.729+0000][7792][safepoint    ] Safepoint "G1TryInitiateConcMark", Time since last: 18869200 ns, Reaching safepoint: 332700 ns, At safepoint: 6530800 ns, Total: 6863500 ns
[2020-09-29T10:11:08.729+0000][7792][gc,marking   ] GC(316) Concurrent Clear Claimed Marks
[2020-09-29T10:11:08.730+0000][7792][gc,marking   ] GC(316) Concurrent Clear Claimed Marks 0.510ms
[2020-09-29T10:11:08.730+0000][7792][gc,marking   ] GC(316) Concurrent Scan Root Regions
[2020-09-29T10:11:08.734+0000][7792][gc,marking   ] GC(316) Concurrent Scan Root Regions 4.311ms
[2020-09-29T10:11:08.734+0000][7792][gc,marking   ] GC(316) Concurrent Mark (931.836s)
[2020-09-29T10:11:08.734+0000][7792][gc,marking   ] GC(316) Concurrent Mark From Roots
[2020-09-29T10:11:08.734+0000][7792][gc,task      ] GC(316) Using 2 workers of 2 for marking
[2020-09-29T10:11:08.913+0000][7792][gc,marking   ] GC(316) Concurrent Mark From Roots 178.895ms
[2020-09-29T10:11:08.913+0000][7792][gc,marking   ] GC(316) Concurrent Preclean
[2020-09-29T10:11:08.914+0000][7792][gc,marking   ] GC(316) Concurrent Preclean 0.746ms
[2020-09-29T10:11:08.914+0000][7792][gc,marking   ] GC(316) Concurrent Mark (931.836s, 932.016s) 179.861ms
[2020-09-29T10:11:08.914+0000][7792][gc,start     ] GC(316) Pause Remark
[2020-09-29T10:11:08.923+0000][7792][gc           ] GC(316) Pause Remark 398M->398M(1024M) 8.465ms
[2020-09-29T10:11:08.923+0000][7792][gc,cpu       ] GC(316) User=0.09s Sys=0.00s Real=0.01s
[2020-09-29T10:11:08.923+0000][7792][safepoint    ] Safepoint "G1Concurrent", Time since last: 185057000 ns, Reaching safepoint: 218700 ns, At safepoint: 8727200 ns, Total: 8945900 ns
[2020-09-29T10:11:08.923+0000][7792][gc,marking   ] GC(316) Concurrent Rebuild Remembered Sets
[2020-09-29T10:11:08.953+0000][7792][safepoint    ] Safepoint "BulkRevokeBias", Time since last: 27623600 ns, Reaching safepoint: 827800 ns, At safepoint: 1749200 ns, Total: 2577000 ns
[2020-09-29T10:11:09.022+0000][7792][gc,marking   ] GC(316) Concurrent Rebuild Remembered Sets 98.846ms
[2020-09-29T10:11:09.022+0000][7792][gc,start     ] GC(316) Pause Cleanup
[2020-09-29T10:11:09.023+0000][7792][gc           ] GC(316) Pause Cleanup 472M->472M(1024M) 0.442ms
[2020-09-29T10:11:09.023+0000][7792][gc,cpu       ] GC(316) User=0.00s Sys=0.00s Real=0.00s
[2020-09-29T10:11:09.023+0000][7792][safepoint    ] Safepoint "G1Concurrent", Time since last: 68854500 ns, Reaching safepoint: 268000 ns, At safepoint: 681500 ns, Total: 949500 ns
[2020-09-29T10:11:09.023+0000][7792][gc,marking   ] GC(316) Concurrent Cleanup for Next Mark
[2020-09-29T10:11:09.025+0000][7792][gc,marking   ] GC(316) Concurrent Cleanup for Next Mark 1.757ms
[2020-09-29T10:11:09.025+0000][7792][gc           ] GC(316) Concurrent Cycle 296.043ms
[2020-09-29T10:11:09.081+0000][7792][gc,start     ] GC(317) Pause Young (Concurrent Start) (G1 Humongous Allocation)
[2020-09-29T10:11:09.081+0000][7792][gc,task      ] GC(317) Using 8 workers of 8 for evacuation
[2020-09-29T10:11:09.081+0000][7792][gc,age       ] GC(317) Desired survivor size 33554432 bytes, new threshold 15 (max threshold 15)
[2020-09-29T10:11:09.086+0000][7792][gc,age       ] GC(317) Age table with threshold 15 (max threshold 15)
[2020-09-29T10:11:09.086+0000][7792][gc,age       ] GC(317) - age   1:    3263824 bytes,    3263824 total
[2020-09-29T10:11:09.086+0000][7792][gc,age       ] GC(317) - age   2:     321528 bytes,    3585352 total
[2020-09-29T10:11:09.086+0000][7792][gc,age       ] GC(317) - age   3:     203800 bytes,    3789152 total
[2020-09-29T10:11:09.086+0000][7792][gc,age       ] GC(317) - age   4:     453456 bytes,    4242608 total
[2020-09-29T10:11:09.086+0000][7792][gc,age       ] GC(317) - age   5:      14616 bytes,    4257224 total
[2020-09-29T10:11:09.087+0000][7792][gc,age       ] GC(317) - age   6:     160080 bytes,    4417304 total
[2020-09-29T10:11:09.087+0000][7792][gc,age       ] GC(317) - age   7:       8880 bytes,    4426184 total
[2020-09-29T10:11:09.087+0000][7792][gc,age       ] GC(317) - age   8:      58320 bytes,    4484504 total
[2020-09-29T10:11:09.087+0000][7792][gc,age       ] GC(317) - age   9:      17824 bytes,    4502328 total
[2020-09-29T10:11:09.087+0000][7792][gc,age       ] GC(317) - age  10:        824 bytes,    4503152 total
[2020-09-29T10:11:09.087+0000][7792][gc,age       ] GC(317) - age  11:       1360 bytes,    4504512 total
[2020-09-29T10:11:09.087+0000][7792][gc,age       ] GC(317) - age  12:       1168 bytes,    4505680 total
[2020-09-29T10:11:09.087+0000][7792][gc,age       ] GC(317) - age  13:       1128 bytes,    4506808 total
[2020-09-29T10:11:09.087+0000][7792][gc,age       ] GC(317) - age  14:       1368 bytes,    4508176 total
[2020-09-29T10:11:09.087+0000][7792][gc,age       ] GC(317) - age  15:      11336 bytes,    4519512 total
[2020-09-29T10:11:09.087+0000][7792][gc,phases    ] GC(317)   Pre Evacuate Collection Set: 0.5ms
[2020-09-29T10:11:09.087+0000][7792][gc,phases    ] GC(317)   Merge Heap Roots: 0.1ms
[2020-09-29T10:11:09.087+0000][7792][gc,phases    ] GC(317)   Evacuate Collection Set: 3.0ms
[2020-09-29T10:11:09.087+0000][7792][gc,phases    ] GC(317)   Post Evacuate Collection Set: 1.0ms
[2020-09-29T10:11:09.087+0000][7792][gc,phases    ] GC(317)   Other: 1.0ms
[2020-09-29T10:11:09.087+0000][7792][gc,heap      ] GC(317) Eden regions: 53->0(502)
[2020-09-29T10:11:09.087+0000][7792][gc,heap      ] GC(317) Survivor regions: 5->5(64)
[2020-09-29T10:11:09.087+0000][7792][gc,heap      ] GC(317) Old regions: 78->78
[2020-09-29T10:11:09.087+0000][7792][gc,heap      ] GC(317) Archive regions: 0->0
[2020-09-29T10:11:09.087+0000][7792][gc,heap      ] GC(317) Humongous regions: 348->174
[2020-09-29T10:11:09.087+0000][7792][gc,metaspace ] GC(317) Metaspace: 88954K(94720K)->88954K(94720K) NonClass: 77773K(81152K)->77773K(81152K) Class: 11180K(13568K)->11180K(13568K)
[2020-09-29T10:11:09.087+0000][7792][gc           ] GC(317) Pause Young (Concurrent Start) (G1 Humongous Allocation) 482M->255M(1024M) 5.853ms
[2020-09-29T10:11:09.087+0000][7792][gc,cpu       ] GC(317) User=0.00s Sys=0.00s Real=0.01s
[2020-09-29T10:11:09.087+0000][7792][safepoint    ] Safepoint "G1TryInitiateConcMark", Time since last: 58194000 ns, Reaching safepoint: 185500 ns, At safepoint: 6050800 ns, Total: 6236300 ns
[2020-09-29T10:11:09.087+0000][7792][gc           ] GC(318) Concurrent Cycle
[2020-09-29T10:11:09.087+0000][7792][gc,marking   ] GC(318) Concurrent Clear Claimed Marks
[2020-09-29T10:11:09.088+0000][7792][gc,marking   ] GC(318) Concurrent Clear Claimed Marks 0.340ms
[2020-09-29T10:11:09.088+0000][7792][gc,marking   ] GC(318) Concurrent Scan Root Regions
[2020-09-29T10:11:09.091+0000][7792][gc,marking   ] GC(318) Concurrent Scan Root Regions 3.190ms
[2020-09-29T10:11:09.091+0000][7792][gc,marking   ] GC(318) Concurrent Mark (932.193s)
[2020-09-29T10:11:09.091+0000][7792][gc,marking   ] GC(318) Concurrent Mark From Roots
[2020-09-29T10:11:09.091+0000][7792][gc,task      ] GC(318) Using 2 workers of 2 for marking
[2020-09-29T10:11:09.249+0000][7792][gc,marking   ] GC(318) Concurrent Mark From Roots 157.149ms
[2020-09-29T10:11:09.249+0000][7792][gc,marking   ] GC(318) Concurrent Preclean
[2020-09-29T10:11:09.250+0000][7792][gc,marking   ] GC(318) Concurrent Preclean 0.711ms
[2020-09-29T10:11:09.250+0000][7792][gc,marking   ] GC(318) Concurrent Mark (932.193s, 932.352s) 158.209ms
[2020-09-29T10:11:09.250+0000][7792][gc,start     ] GC(318) Pause Remark
[2020-09-29T10:11:09.258+0000][7792][gc           ] GC(318) Pause Remark 405M->405M(1024M) 7.965ms
[2020-09-29T10:11:09.258+0000][7792][gc,cpu       ] GC(318) User=0.00s Sys=0.00s Real=0.01s
[2020-09-29T10:11:09.258+0000][7792][safepoint    ] Safepoint "G1Concurrent", Time since last: 162119100 ns, Reaching safepoint: 228400 ns, At safepoint: 8203000 ns, Total: 8431400 ns
[2020-09-29T10:11:09.258+0000][7792][gc,marking   ] GC(318) Concurrent Rebuild Remembered Sets
[2020-09-29T10:11:09.356+0000][7792][gc,marking   ] GC(318) Concurrent Rebuild Remembered Sets 98.367ms
[2020-09-29T10:11:09.357+0000][7792][gc,start     ] GC(318) Pause Cleanup
[2020-09-29T10:11:09.357+0000][7792][gc           ] GC(318) Pause Cleanup 410M->410M(1024M) 0.326ms
[2020-09-29T10:11:09.357+0000][7792][gc,cpu       ] GC(318) User=0.00s Sys=0.00s Real=0.00s
[2020-09-29T10:11:09.357+0000][7792][safepoint    ] Safepoint "G1Concurrent", Time since last: 98631300 ns, Reaching safepoint: 144600 ns, At safepoint: 540800 ns, Total: 685400 ns
[2020-09-29T10:11:09.357+0000][7792][gc,marking   ] GC(318) Concurrent Cleanup for Next Mark
[2020-09-29T10:11:09.359+0000][7792][gc,marking   ] GC(318) Concurrent Cleanup for Next Mark 1.682ms
[2020-09-29T10:11:09.359+0000][7792][gc           ] GC(318) Concurrent Cycle 271.819ms
[2020-09-29T10:11:09.491+0000][7792][gc,start     ] GC(319) Pause Young (Concurrent Start) (G1 Humongous Allocation)
[2020-09-29T10:11:09.491+0000][7792][gc,task      ] GC(319) Using 8 workers of 8 for evacuation
[2020-09-29T10:11:09.491+0000][7792][gc,age       ] GC(319) Desired survivor size 33554432 bytes, new threshold 15 (max threshold 15)
[2020-09-29T10:11:09.495+0000][7792][gc,age       ] GC(319) Age table with threshold 15 (max threshold 15)
[2020-09-29T10:11:09.496+0000][7792][gc,age       ] GC(319) - age   1:    2731616 bytes,    2731616 total
[2020-09-29T10:11:09.496+0000][7792][gc,age       ] GC(319) - age   2:     161904 bytes,    2893520 total
[2020-09-29T10:11:09.496+0000][7792][gc,age       ] GC(319) - age   3:      13760 bytes,    2907280 total
[2020-09-29T10:11:09.496+0000][7792][gc,age       ] GC(319) - age   4:        920 bytes,    2908200 total
[2020-09-29T10:11:09.496+0000][7792][gc,age       ] GC(319) - age   5:     451992 bytes,    3360192 total
[2020-09-29T10:11:09.496+0000][7792][gc,age       ] GC(319) - age   6:      14392 bytes,    3374584 total
[2020-09-29T10:11:09.496+0000][7792][gc,age       ] GC(319) - age   7:     160080 bytes,    3534664 total
[2020-09-29T10:11:09.496+0000][7792][gc,age       ] GC(319) - age   8:       8752 bytes,    3543416 total
[2020-09-29T10:11:09.496+0000][7792][gc,age       ] GC(319) - age   9:      58320 bytes,    3601736 total
[2020-09-29T10:11:09.496+0000][7792][gc,age       ] GC(319) - age  10:      17760 bytes,    3619496 total
[2020-09-29T10:11:09.496+0000][7792][gc,age       ] GC(319) - age  11:        824 bytes,    3620320 total
[2020-09-29T10:11:09.496+0000][7792][gc,age       ] GC(319) - age  12:       1360 bytes,    3621680 total
[2020-09-29T10:11:09.496+0000][7792][gc,age       ] GC(319) - age  13:       1168 bytes,    3622848 total
[2020-09-29T10:11:09.496+0000][7792][gc,age       ] GC(319) - age  14:       1064 bytes,    3623912 total
[2020-09-29T10:11:09.496+0000][7792][gc,age       ] GC(319) - age  15:       1368 bytes,    3625280 total
[2020-09-29T10:11:09.496+0000][7792][gc,phases    ] GC(319)   Pre Evacuate Collection Set: 0.4ms
[2020-09-29T10:11:09.496+0000][7792][gc,phases    ] GC(319)   Merge Heap Roots: 0.1ms
[2020-09-29T10:11:09.496+0000][7792][gc,phases    ] GC(319)   Evacuate Collection Set: 2.9ms
[2020-09-29T10:11:09.496+0000][7792][gc,phases    ] GC(319)   Post Evacuate Collection Set: 0.9ms
[2020-09-29T10:11:09.497+0000][7792][gc,phases    ] GC(319)   Other: 1.1ms
[2020-09-29T10:11:09.497+0000][7792][gc,heap      ] GC(319) Eden regions: 41->0(503)
[2020-09-29T10:11:09.497+0000][7792][gc,heap      ] GC(319) Survivor regions: 5->4(64)
[2020-09-29T10:11:09.497+0000][7792][gc,heap      ] GC(319) Old regions: 78->78
[2020-09-29T10:11:09.497+0000][7792][gc,heap      ] GC(319) Archive regions: 0->0
[2020-09-29T10:11:09.497+0000][7792][gc,heap      ] GC(319) Humongous regions: 294->174
[2020-09-29T10:11:09.497+0000][7792][gc,metaspace ] GC(319) Metaspace: 88971K(94720K)->88971K(94720K) NonClass: 77787K(81152K)->77787K(81152K) Class: 11183K(13568K)->11183K(13568K)
[2020-09-29T10:11:09.497+0000][7792][gc           ] GC(319) Pause Young (Concurrent Start) (G1 Humongous Allocation) 415M->254M(1024M) 5.993ms
[2020-09-29T10:11:09.497+0000][7792][gc,cpu       ] GC(319) User=0.00s Sys=0.00s Real=0.01s
[2020-09-29T10:11:09.497+0000][7792][gc           ] GC(320) Concurrent Cycle
[2020-09-29T10:11:09.497+0000][7792][gc,marking   ] GC(320) Concurrent Clear Claimed Marks
[2020-09-29T10:11:09.497+0000][7792][safepoint    ] Safepoint "G1TryInitiateConcMark", Time since last: 133613300 ns, Reaching safepoint: 168600 ns, At safepoint: 6452900 ns, Total: 6621500 ns
[2020-09-29T10:11:09.498+0000][7792][gc,marking   ] GC(320) Concurrent Clear Claimed Marks 1.148ms
[2020-09-29T10:11:09.499+0000][7792][gc,marking   ] GC(320) Concurrent Scan Root Regions
[2020-09-29T10:11:09.503+0000][7792][gc,marking   ] GC(320) Concurrent Scan Root Regions 3.944ms
[2020-09-29T10:11:09.503+0000][7792][gc,marking   ] GC(320) Concurrent Mark (932.605s)
[2020-09-29T10:11:09.503+0000][7792][gc,marking   ] GC(320) Concurrent Mark From Roots
[2020-09-29T10:11:09.503+0000][7792][gc,task      ] GC(320) Using 2 workers of 2 for marking
[2020-09-29T10:11:09.660+0000][7792][gc,marking   ] GC(320) Concurrent Mark From Roots 157.739ms
[2020-09-29T10:11:09.661+0000][7792][gc,marking   ] GC(320) Concurrent Preclean
[2020-09-29T10:11:09.661+0000][7792][gc,marking   ] GC(320) Concurrent Preclean 0.490ms
[2020-09-29T10:11:09.661+0000][7792][gc,marking   ] GC(320) Concurrent Mark (932.605s, 932.763s) 158.415ms
[2020-09-29T10:11:09.661+0000][7792][gc,start     ] GC(320) Pause Remark
[2020-09-29T10:11:09.668+0000][7792][gc           ] GC(320) Pause Remark 394M->394M(1024M) 6.587ms
[2020-09-29T10:11:09.668+0000][7792][gc,cpu       ] GC(320) User=0.00s Sys=0.00s Real=0.01s
[2020-09-29T10:11:09.668+0000][7792][safepoint    ] Safepoint "G1Concurrent", Time since last: 163824300 ns, Reaching safepoint: 142800 ns, At safepoint: 6810800 ns, Total: 6953600 ns
[2020-09-29T10:11:09.668+0000][7792][gc,marking   ] GC(320) Concurrent Rebuild Remembered Sets
[2020-09-29T10:11:09.751+0000][7792][gc,marking   ] GC(320) Concurrent Rebuild Remembered Sets 82.818ms
[2020-09-29T10:11:09.752+0000][7792][gc,start     ] GC(320) Pause Cleanup
[2020-09-29T10:11:09.752+0000][7792][gc           ] GC(320) Pause Cleanup 453M->453M(1024M) 0.434ms
[2020-09-29T10:11:09.752+0000][7792][gc,cpu       ] GC(320) User=0.00s Sys=0.00s Real=0.00s
[2020-09-29T10:11:09.752+0000][7792][safepoint    ] Safepoint "G1Concurrent", Time since last: 83041100 ns, Reaching safepoint: 183600 ns, At safepoint: 625200 ns, Total: 808800 ns
[2020-09-29T10:11:09.752+0000][7792][gc,marking   ] GC(320) Concurrent Cleanup for Next Mark
[2020-09-29T10:11:09.754+0000][7792][gc,marking   ] GC(320) Concurrent Cleanup for Next Mark 1.783ms
[2020-09-29T10:11:09.754+0000][7792][gc           ] GC(320) Concurrent Cycle 256.754ms
[2020-09-29T10:11:09.786+0000][7792][gc,start     ] GC(321) Pause Young (Concurrent Start) (G1 Humongous Allocation)
[2020-09-29T10:11:09.786+0000][7792][gc,task      ] GC(321) Using 8 workers of 8 for evacuation
[2020-09-29T10:11:09.786+0000][7792][gc,age       ] GC(321) Desired survivor size 33554432 bytes, new threshold 15 (max threshold 15)
[2020-09-29T10:11:09.791+0000][7792][gc,age       ] GC(321) Age table with threshold 15 (max threshold 15)
[2020-09-29T10:11:09.791+0000][7792][gc,age       ] GC(321) - age   1:    2914872 bytes,    2914872 total
[2020-09-29T10:11:09.791+0000][7792][gc,age       ] GC(321) - age   2:      23360 bytes,    2938232 total
[2020-09-29T10:11:09.791+0000][7792][gc,age       ] GC(321) - age   3:     161840 bytes,    3100072 total
[2020-09-29T10:11:09.791+0000][7792][gc,age       ] GC(321) - age   4:      12848 bytes,    3112920 total
[2020-09-29T10:11:09.791+0000][7792][gc,age       ] GC(321) - age   5:        432 bytes,    3113352 total
[2020-09-29T10:11:09.791+0000][7792][gc,age       ] GC(321) - age   6:     451960 bytes,    3565312 total
[2020-09-29T10:11:09.791+0000][7792][gc,age       ] GC(321) - age   7:      14360 bytes,    3579672 total
[2020-09-29T10:11:09.791+0000][7792][gc,age       ] GC(321) - age   8:     160080 bytes,    3739752 total
[2020-09-29T10:11:09.791+0000][7792][gc,age       ] GC(321) - age   9:       8608 bytes,    3748360 total
[2020-09-29T10:11:09.791+0000][7792][gc,age       ] GC(321) - age  10:      58320 bytes,    3806680 total
[2020-09-29T10:11:09.791+0000][7792][gc,age       ] GC(321) - age  11:      17760 bytes,    3824440 total
[2020-09-29T10:11:09.791+0000][7792][gc,age       ] GC(321) - age  12:        824 bytes,    3825264 total
[2020-09-29T10:11:09.791+0000][7792][gc,age       ] GC(321) - age  13:       1360 bytes,    3826624 total
[2020-09-29T10:11:09.791+0000][7792][gc,age       ] GC(321) - age  14:       1168 bytes,    3827792 total
[2020-09-29T10:11:09.791+0000][7792][gc,age       ] GC(321) - age  15:       1064 bytes,    3828856 total
[2020-09-29T10:11:09.791+0000][7792][gc,phases    ] GC(321)   Pre Evacuate Collection Set: 0.5ms
[2020-09-29T10:11:09.791+0000][7792][gc,phases    ] GC(321)   Merge Heap Roots: 0.1ms
[2020-09-29T10:11:09.791+0000][7792][gc,phases    ] GC(321)   Evacuate Collection Set: 3.0ms
[2020-09-29T10:11:09.791+0000][7792][gc,phases    ] GC(321)   Post Evacuate Collection Set: 0.8ms
[2020-09-29T10:11:09.791+0000][7792][gc,phases    ] GC(321)   Other: 0.8ms
[2020-09-29T10:11:09.791+0000][7792][gc,heap      ] GC(321) Eden regions: 59->0(503)
[2020-09-29T10:11:09.791+0000][7792][gc,heap      ] GC(321) Survivor regions: 4->4(64)
[2020-09-29T10:11:09.792+0000][7792][gc,heap      ] GC(321) Old regions: 78->78
[2020-09-29T10:11:09.792+0000][7792][gc,heap      ] GC(321) Archive regions: 0->0
[2020-09-29T10:11:09.792+0000][7792][gc,heap      ] GC(321) Humongous regions: 330->174
[2020-09-29T10:11:09.792+0000][7792][gc,metaspace ] GC(321) Metaspace: 88974K(94720K)->88974K(94720K) NonClass: 77791K(81152K)->77791K(81152K) Class: 11183K(13568K)->11183K(13568K)
[2020-09-29T10:11:09.792+0000][7792][gc           ] GC(321) Pause Young (Concurrent Start) (G1 Humongous Allocation) 469M->255M(1024M) 5.370ms
[2020-09-29T10:11:09.792+0000][7792][gc,cpu       ] GC(321) User=0.00s Sys=0.00s Real=0.01s
[2020-09-29T10:11:09.792+0000][7792][gc           ] GC(322) Concurrent Cycle
[2020-09-29T10:11:09.792+0000][7792][safepoint    ] Safepoint "G1TryInitiateConcMark", Time since last: 34077200 ns, Reaching safepoint: 171800 ns, At safepoint: 5539300 ns, Total: 5711100 ns
[2020-09-29T10:11:09.792+0000][7792][gc,marking   ] GC(322) Concurrent Clear Claimed Marks
[2020-09-29T10:11:09.792+0000][7792][gc,marking   ] GC(322) Concurrent Clear Claimed Marks 0.369ms
[2020-09-29T10:11:09.792+0000][7792][gc,marking   ] GC(322) Concurrent Scan Root Regions
[2020-09-29T10:11:09.796+0000][7792][gc,marking   ] GC(322) Concurrent Scan Root Regions 3.362ms
[2020-09-29T10:11:09.796+0000][7792][gc,marking   ] GC(322) Concurrent Mark (932.898s)
[2020-09-29T10:11:09.796+0000][7792][gc,marking   ] GC(322) Concurrent Mark From Roots
[2020-09-29T10:11:09.796+0000][7792][gc,task      ] GC(322) Using 2 workers of 2 for marking
[2020-09-29T10:11:09.948+0000][7792][gc,marking   ] GC(322) Concurrent Mark From Roots 152.132ms
[2020-09-29T10:11:09.948+0000][7792][gc,marking   ] GC(322) Concurrent Preclean
[2020-09-29T10:11:09.949+0000][7792][gc,marking   ] GC(322) Concurrent Preclean 0.676ms
[2020-09-29T10:11:09.949+0000][7792][gc,marking   ] GC(322) Concurrent Mark (932.898s, 933.051s) 153.027ms
[2020-09-29T10:11:09.949+0000][7792][gc,start     ] GC(322) Pause Remark
[2020-09-29T10:11:09.958+0000][7792][gc           ] GC(322) Pause Remark 359M->359M(1024M) 8.299ms
[2020-09-29T10:11:09.958+0000][7792][gc,cpu       ] GC(322) User=0.11s Sys=0.00s Real=0.01s
[2020-09-29T10:11:09.958+0000][7792][safepoint    ] Safepoint "G1Concurrent", Time since last: 156987000 ns, Reaching safepoint: 173400 ns, At safepoint: 8729300 ns, Total: 8902700 ns
[2020-09-29T10:11:09.958+0000][7792][gc,marking   ] GC(322) Concurrent Rebuild Remembered Sets
[2020-09-29T10:11:10.045+0000][7792][gc,marking   ] GC(322) Concurrent Rebuild Remembered Sets 86.409ms
[2020-09-29T10:11:10.045+0000][7792][gc,start     ] GC(322) Pause Cleanup
[2020-09-29T10:11:10.045+0000][7792][gc           ] GC(322) Pause Cleanup 433M->433M(1024M) 0.383ms
[2020-09-29T10:11:10.045+0000][7792][gc,cpu       ] GC(322) User=0.00s Sys=0.00s Real=0.00s
[2020-09-29T10:11:10.046+0000][7792][safepoint    ] Safepoint "G1Concurrent", Time since last: 86645000 ns, Reaching safepoint: 200000 ns, At safepoint: 619800 ns, Total: 819800 ns
[2020-09-29T10:11:10.046+0000][7792][gc,marking   ] GC(322) Concurrent Cleanup for Next Mark
[2020-09-29T10:11:10.048+0000][7792][gc,marking   ] GC(322) Concurrent Cleanup for Next Mark 1.936ms
[2020-09-29T10:11:10.048+0000][7792][gc           ] GC(322) Concurrent Cycle 255.545ms
[2020-09-29T10:11:10.061+0000][7792][gc,start     ] GC(323) Pause Young (Concurrent Start) (G1 Humongous Allocation)
[2020-09-29T10:11:10.062+0000][7792][gc,task      ] GC(323) Using 8 workers of 8 for evacuation
[2020-09-29T10:11:10.062+0000][7792][gc,age       ] GC(323) Desired survivor size 33554432 bytes, new threshold 15 (max threshold 15)
[2020-09-29T10:11:10.066+0000][7792][gc,age       ] GC(323) Age table with threshold 15 (max threshold 15)
[2020-09-29T10:11:10.066+0000][7792][gc,age       ] GC(323) - age   1:    3211328 bytes,    3211328 total
[2020-09-29T10:11:10.066+0000][7792][gc,age       ] GC(323) - age   2:     205632 bytes,    3416960 total
[2020-09-29T10:11:10.066+0000][7792][gc,age       ] GC(323) - age   3:      19944 bytes,    3436904 total
[2020-09-29T10:11:10.066+0000][7792][gc,age       ] GC(323) - age   4:     161336 bytes,    3598240 total
[2020-09-29T10:11:10.066+0000][7792][gc,age       ] GC(323) - age   5:      12464 bytes,    3610704 total
[2020-09-29T10:11:10.066+0000][7792][gc,age       ] GC(323) - age   6:        432 bytes,    3611136 total
[2020-09-29T10:11:10.066+0000][7792][gc,age       ] GC(323) - age   7:     449472 bytes,    4060608 total
[2020-09-29T10:11:10.066+0000][7792][gc,age       ] GC(323) - age   8:      14160 bytes,    4074768 total
[2020-09-29T10:11:10.066+0000][7792][gc,age       ] GC(323) - age   9:     160080 bytes,    4234848 total
[2020-09-29T10:11:10.066+0000][7792][gc,age       ] GC(323) - age  10:       8544 bytes,    4243392 total
[2020-09-29T10:11:10.066+0000][7792][gc,age       ] GC(323) - age  11:      58224 bytes,    4301616 total
[2020-09-29T10:11:10.066+0000][7792][gc,age       ] GC(323) - age  12:      17728 bytes,    4319344 total
[2020-09-29T10:11:10.066+0000][7792][gc,age       ] GC(323) - age  13:        824 bytes,    4320168 total
[2020-09-29T10:11:10.067+0000][7792][gc,age       ] GC(323) - age  14:       1328 bytes,    4321496 total
[2020-09-29T10:11:10.067+0000][7792][gc,age       ] GC(323) - age  15:       1104 bytes,    4322600 total
[2020-09-29T10:11:10.067+0000][7792][gc,phases    ] GC(323)   Pre Evacuate Collection Set: 0.4ms
[2020-09-29T10:11:10.067+0000][7792][gc,phases    ] GC(323)   Merge Heap Roots: 0.1ms
[2020-09-29T10:11:10.067+0000][7792][gc,phases    ] GC(323)   Evacuate Collection Set: 2.7ms
[2020-09-29T10:11:10.067+0000][7792][gc,phases    ] GC(323)   Post Evacuate Collection Set: 0.9ms
[2020-09-29T10:11:10.067+0000][7792][gc,phases    ] GC(323)   Other: 1.1ms
[2020-09-29T10:11:10.067+0000][7792][gc,heap      ] GC(323) Eden regions: 54->0(502)
[2020-09-29T10:11:10.067+0000][7792][gc,heap      ] GC(323) Survivor regions: 4->5(64)
[2020-09-29T10:11:10.067+0000][7792][gc,heap      ] GC(323) Old regions: 78->78
[2020-09-29T10:11:10.067+0000][7792][gc,heap      ] GC(323) Archive regions: 0->0
[2020-09-29T10:11:10.067+0000][7792][gc,heap      ] GC(323) Humongous regions: 303->174
[2020-09-29T10:11:10.067+0000][7792][gc,metaspace ] GC(323) Metaspace: 88974K(94720K)->88974K(94720K) NonClass: 77791K(81152K)->77791K(81152K) Class: 11183K(13568K)->11183K(13568K)
[2020-09-29T10:11:10.067+0000][7792][gc           ] GC(323) Pause Young (Concurrent Start) (G1 Humongous Allocation) 438M->255M(1024M) 5.627ms
[2020-09-29T10:11:10.067+0000][7792][gc,cpu       ] GC(323) User=0.02s Sys=0.02s Real=0.01s
[2020-09-29T10:11:10.067+0000][7792][safepoint    ] Safepoint "G1TryInitiateConcMark", Time since last: 15694600 ns, Reaching safepoint: 137700 ns, At safepoint: 5834700 ns, Total: 5972400 ns
[2020-09-29T10:11:10.067+0000][7792][gc           ] GC(324) Concurrent Cycle
[2020-09-29T10:11:10.067+0000][7792][gc,marking   ] GC(324) Concurrent Clear Claimed Marks
[2020-09-29T10:11:10.068+0000][7792][gc,marking   ] GC(324) Concurrent Clear Claimed Marks 0.486ms
[2020-09-29T10:11:10.068+0000][7792][gc,marking   ] GC(324) Concurrent Scan Root Regions
[2020-09-29T10:11:10.072+0000][7792][gc,marking   ] GC(324) Concurrent Scan Root Regions 4.141ms
[2020-09-29T10:11:10.072+0000][7792][gc,marking   ] GC(324) Concurrent Mark (933.174s)
[2020-09-29T10:11:10.072+0000][7792][gc,marking   ] GC(324) Concurrent Mark From Roots
[2020-09-29T10:11:10.072+0000][7792][gc,task      ] GC(324) Using 2 workers of 2 for marking
[2020-09-29T10:11:10.235+0000][7792][gc,marking   ] GC(324) Concurrent Mark From Roots 162.613ms
[2020-09-29T10:11:10.235+0000][7792][gc,marking   ] GC(324) Concurrent Preclean
[2020-09-29T10:11:10.236+0000][7792][gc,marking   ] GC(324) Concurrent Preclean 0.731ms
[2020-09-29T10:11:10.236+0000][7792][gc,marking   ] GC(324) Concurrent Mark (933.174s, 933.338s) 163.579ms
[2020-09-29T10:11:10.236+0000][7792][gc,start     ] GC(324) Pause Remark
[2020-09-29T10:11:10.245+0000][7792][gc           ] GC(324) Pause Remark 399M->399M(1024M) 8.775ms
[2020-09-29T10:11:10.245+0000][7792][gc,cpu       ] GC(324) User=0.00s Sys=0.00s Real=0.01s
[2020-09-29T10:11:10.245+0000][7792][safepoint    ] Safepoint "G1Concurrent", Time since last: 168653900 ns, Reaching safepoint: 200600 ns, At safepoint: 9040700 ns, Total: 9241300 ns
[2020-09-29T10:11:10.245+0000][7792][gc,marking   ] GC(324) Concurrent Rebuild Remembered Sets
[2020-09-29T10:11:10.341+0000][7792][gc,marking   ] GC(324) Concurrent Rebuild Remembered Sets 96.445ms
[2020-09-29T10:11:10.341+0000][7792][gc,start     ] GC(324) Pause Cleanup
[2020-09-29T10:11:10.342+0000][7792][gc           ] GC(324) Pause Cleanup 403M->403M(1024M) 0.407ms
[2020-09-29T10:11:10.342+0000][7792][gc,cpu       ] GC(324) User=0.00s Sys=0.00s Real=0.00s
[2020-09-29T10:11:10.342+0000][7792][safepoint    ] Safepoint "G1Concurrent", Time since last: 96664400 ns, Reaching safepoint: 182300 ns, At safepoint: 615800 ns, Total: 798100 ns
[2020-09-29T10:11:10.342+0000][7792][gc,marking   ] GC(324) Concurrent Cleanup for Next Mark
[2020-09-29T10:11:10.344+0000][7792][gc,marking   ] GC(324) Concurrent Cleanup for Next Mark 1.838ms
[2020-09-29T10:11:10.344+0000][7792][gc           ] GC(324) Concurrent Cycle 277.411ms
[2020-09-29T10:11:10.505+0000][7792][gc,start     ] GC(325) Pause Young (Concurrent Start) (G1 Humongous Allocation)
[2020-09-29T10:11:10.505+0000][7792][gc,task      ] GC(325) Using 8 workers of 8 for evacuation
[2020-09-29T10:11:10.505+0000][7792][gc,age       ] GC(325) Desired survivor size 33554432 bytes, new threshold 15 (max threshold 15)
[2020-09-29T10:11:10.512+0000][7792][gc,age       ] GC(325) Age table with threshold 15 (max threshold 15)
[2020-09-29T10:11:10.512+0000][7792][gc,age       ] GC(325) - age   1:    2722288 bytes,    2722288 total
[2020-09-29T10:11:10.512+0000][7792][gc,age       ] GC(325) - age   2:      12552 bytes,    2734840 total
[2020-09-29T10:11:10.512+0000][7792][gc,age       ] GC(325) - age   3:       1856 bytes,    2736696 total
[2020-09-29T10:11:10.512+0000][7792][gc,age       ] GC(325) - age   4:      18696 bytes,    2755392 total
[2020-09-29T10:11:10.513+0000][7792][gc,age       ] GC(325) - age   5:     161080 bytes,    2916472 total
[2020-09-29T10:11:10.513+0000][7792][gc,age       ] GC(325) - age   6:      12432 bytes,    2928904 total
[2020-09-29T10:11:10.513+0000][7792][gc,age       ] GC(325) - age   7:        432 bytes,    2929336 total
[2020-09-29T10:11:10.513+0000][7792][gc,age       ] GC(325) - age   8:     449472 bytes,    3378808 total
[2020-09-29T10:11:10.513+0000][7792][gc,age       ] GC(325) - age   9:      14032 bytes,    3392840 total
[2020-09-29T10:11:10.513+0000][7792][gc,age       ] GC(325) - age  10:     160080 bytes,    3552920 total
[2020-09-29T10:11:10.513+0000][7792][gc,age       ] GC(325) - age  11:       8544 bytes,    3561464 total
[2020-09-29T10:11:10.513+0000][7792][gc,age       ] GC(325) - age  12:      58224 bytes,    3619688 total
[2020-09-29T10:11:10.513+0000][7792][gc,age       ] GC(325) - age  13:      17664 bytes,    3637352 total
[2020-09-29T10:11:10.513+0000][7792][gc,age       ] GC(325) - age  14:        824 bytes,    3638176 total
[2020-09-29T10:11:10.513+0000][7792][gc,age       ] GC(325) - age  15:       1328 bytes,    3639504 total
[2020-09-29T10:11:10.513+0000][7792][gc,phases    ] GC(325)   Pre Evacuate Collection Set: 0.6ms
[2020-09-29T10:11:10.513+0000][7792][gc,phases    ] GC(325)   Merge Heap Roots: 0.1ms
[2020-09-29T10:11:10.513+0000][7792][gc,phases    ] GC(325)   Evacuate Collection Set: 3.2ms
[2020-09-29T10:11:10.513+0000][7792][gc,phases    ] GC(325)   Post Evacuate Collection Set: 3.0ms
[2020-09-29T10:11:10.513+0000][7792][gc,phases    ] GC(325)   Other: 1.2ms
[2020-09-29T10:11:10.513+0000][7792][gc,heap      ] GC(325) Eden regions: 39->0(504)
[2020-09-29T10:11:10.513+0000][7792][gc,heap      ] GC(325) Survivor regions: 5->4(64)
[2020-09-29T10:11:10.513+0000][7792][gc,heap      ] GC(325) Old regions: 78->78
[2020-09-29T10:11:10.513+0000][7792][gc,heap      ] GC(325) Archive regions: 0->0
[2020-09-29T10:11:10.513+0000][7792][gc,heap      ] GC(325) Humongous regions: 288->174
[2020-09-29T10:11:10.513+0000][7792][gc,metaspace ] GC(325) Metaspace: 88996K(94720K)->88996K(94720K) NonClass: 77812K(81152K)->77812K(81152K) Class: 11183K(13568K)->11183K(13568K)
[2020-09-29T10:11:10.514+0000][7792][gc           ] GC(325) Pause Young (Concurrent Start) (G1 Humongous Allocation) 408M->254M(1024M) 8.518ms
[2020-09-29T10:11:10.514+0000][7792][gc,cpu       ] GC(325) User=0.00s Sys=0.00s Real=0.01s
[2020-09-29T10:11:10.514+0000][7792][gc           ] GC(326) Concurrent Cycle
[2020-09-29T10:11:10.514+0000][7792][safepoint    ] Safepoint "G1TryInitiateConcMark", Time since last: 162697900 ns, Reaching safepoint: 256900 ns, At safepoint: 8755400 ns, Total: 9012300 ns
[2020-09-29T10:11:10.514+0000][7792][gc,marking   ] GC(326) Concurrent Clear Claimed Marks
[2020-09-29T10:11:10.516+0000][7792][gc,marking   ] GC(326) Concurrent Clear Claimed Marks 1.883ms
[2020-09-29T10:11:10.516+0000][7792][gc,marking   ] GC(326) Concurrent Scan Root Regions
[2020-09-29T10:11:10.520+0000][7792][gc,marking   ] GC(326) Concurrent Scan Root Regions 3.898ms
[2020-09-29T10:11:10.520+0000][7792][gc,marking   ] GC(326) Concurrent Mark (933.622s)
[2020-09-29T10:11:10.520+0000][7792][gc,marking   ] GC(326) Concurrent Mark From Roots
[2020-09-29T10:11:10.520+0000][7792][gc,task      ] GC(326) Using 2 workers of 2 for marking
[2020-09-29T10:11:10.690+0000][7792][gc,marking   ] GC(326) Concurrent Mark From Roots 169.459ms
[2020-09-29T10:11:10.690+0000][7792][gc,marking   ] GC(326) Concurrent Preclean
[2020-09-29T10:11:10.691+0000][7792][gc,marking   ] GC(326) Concurrent Preclean 0.690ms
[2020-09-29T10:11:10.691+0000][7792][gc,marking   ] GC(326) Concurrent Mark (933.622s, 933.793s) 170.460ms
[2020-09-29T10:11:10.691+0000][7792][gc,start     ] GC(326) Pause Remark
[2020-09-29T10:11:10.699+0000][7792][gc           ] GC(326) Pause Remark 322M->322M(1024M) 7.705ms
[2020-09-29T10:11:10.699+0000][7792][gc,cpu       ] GC(326) User=0.00s Sys=0.00s Real=0.01s
[2020-09-29T10:11:10.699+0000][7792][safepoint    ] Safepoint "G1Concurrent", Time since last: 176633200 ns, Reaching safepoint: 199000 ns, At safepoint: 8085500 ns, Total: 8284500 ns
[2020-09-29T10:11:10.699+0000][7792][gc,marking   ] GC(326) Concurrent Rebuild Remembered Sets
[2020-09-29T10:11:10.799+0000][7792][gc,marking   ] GC(326) Concurrent Rebuild Remembered Sets 99.971ms
[2020-09-29T10:11:10.799+0000][7792][gc,start     ] GC(326) Pause Cleanup
[2020-09-29T10:11:10.800+0000][7792][gc           ] GC(326) Pause Cleanup 385M->385M(1024M) 0.423ms
[2020-09-29T10:11:10.800+0000][7792][gc,cpu       ] GC(326) User=0.00s Sys=0.00s Real=0.00s
[2020-09-29T10:11:10.800+0000][7792][safepoint    ] Safepoint "G1Concurrent", Time since last: 100203700 ns, Reaching safepoint: 156700 ns, At safepoint: 631300 ns, Total: 788000 ns
[2020-09-29T10:11:10.800+0000][7792][gc,marking   ] GC(326) Concurrent Cleanup for Next Mark
[2020-09-29T10:11:10.802+0000][7792][gc,marking   ] GC(326) Concurrent Cleanup for Next Mark 1.962ms
[2020-09-29T10:11:10.802+0000][7792][gc           ] GC(326) Concurrent Cycle 288.116ms
[2020-09-29T10:11:10.841+0000][7792][gc,start     ] GC(327) Pause Young (Concurrent Start) (G1 Humongous Allocation)
[2020-09-29T10:11:10.841+0000][7792][gc,task      ] GC(327) Using 8 workers of 8 for evacuation
[2020-09-29T10:11:10.841+0000][7792][gc,age       ] GC(327) Desired survivor size 33554432 bytes, new threshold 15 (max threshold 15)
[2020-09-29T10:11:10.845+0000][7792][gc,age       ] GC(327) Age table with threshold 15 (max threshold 15)
[2020-09-29T10:11:10.845+0000][7792][gc,age       ] GC(327) - age   1:    1029352 bytes,    1029352 total
[2020-09-29T10:11:10.846+0000][7792][gc,age       ] GC(327) - age   2:      16096 bytes,    1045448 total
[2020-09-29T10:11:10.846+0000][7792][gc,age       ] GC(327) - age   3:      11944 bytes,    1057392 total
[2020-09-29T10:11:10.846+0000][7792][gc,age       ] GC(327) - age   4:        656 bytes,    1058048 total
[2020-09-29T10:11:10.846+0000][7792][gc,age       ] GC(327) - age   5:      18624 bytes,    1076672 total
[2020-09-29T10:11:10.846+0000][7792][gc,age       ] GC(327) - age   6:     161080 bytes,    1237752 total
[2020-09-29T10:11:10.846+0000][7792][gc,age       ] GC(327) - age   7:      12360 bytes,    1250112 total
[2020-09-29T10:11:10.846+0000][7792][gc,age       ] GC(327) - age   8:        432 bytes,    1250544 total
[2020-09-29T10:11:10.846+0000][7792][gc,age       ] GC(327) - age   9:     449408 bytes,    1699952 total
[2020-09-29T10:11:10.846+0000][7792][gc,age       ] GC(327) - age  10:      14032 bytes,    1713984 total
[2020-09-29T10:11:10.846+0000][7792][gc,age       ] GC(327) - age  11:     160080 bytes,    1874064 total
[2020-09-29T10:11:10.846+0000][7792][gc,age       ] GC(327) - age  12:       8544 bytes,    1882608 total
[2020-09-29T10:11:10.846+0000][7792][gc,age       ] GC(327) - age  13:      58224 bytes,    1940832 total
[2020-09-29T10:11:10.846+0000][7792][gc,age       ] GC(327) - age  14:      17664 bytes,    1958496 total
[2020-09-29T10:11:10.846+0000][7792][gc,age       ] GC(327) - age  15:        824 bytes,    1959320 total
[2020-09-29T10:11:10.846+0000][7792][gc,phases    ] GC(327)   Pre Evacuate Collection Set: 0.5ms
[2020-09-29T10:11:10.846+0000][7792][gc,phases    ] GC(327)   Merge Heap Roots: 0.1ms
[2020-09-29T10:11:10.846+0000][7792][gc,phases    ] GC(327)   Evacuate Collection Set: 2.7ms
[2020-09-29T10:11:10.846+0000][7792][gc,phases    ] GC(327)   Post Evacuate Collection Set: 0.9ms
[2020-09-29T10:11:10.846+0000][7792][gc,phases    ] GC(327)   Other: 1.4ms
[2020-09-29T10:11:10.847+0000][7792][gc,heap      ] GC(327) Eden regions: 31->0(506)
[2020-09-29T10:11:10.847+0000][7792][gc,heap      ] GC(327) Survivor regions: 4->2(64)
[2020-09-29T10:11:10.847+0000][7792][gc,heap      ] GC(327) Old regions: 78->78
[2020-09-29T10:11:10.847+0000][7792][gc,heap      ] GC(327) Archive regions: 0->0
[2020-09-29T10:11:10.847+0000][7792][gc,heap      ] GC(327) Humongous regions: 278->174
[2020-09-29T10:11:10.847+0000][7792][gc,metaspace ] GC(327) Metaspace: 88996K(94720K)->88996K(94720K) NonClass: 77812K(81152K)->77812K(81152K) Class: 11183K(13568K)->11183K(13568K)
[2020-09-29T10:11:10.847+0000][7792][gc           ] GC(327) Pause Young (Concurrent Start) (G1 Humongous Allocation) 389M->253M(1024M) 6.240ms
[2020-09-29T10:11:10.847+0000][7792][gc,cpu       ] GC(327) User=0.09s Sys=0.00s Real=0.01s
[2020-09-29T10:11:10.847+0000][7792][safepoint    ] Safepoint "G1TryInitiateConcMark", Time since last: 40285200 ns, Reaching safepoint: 181300 ns, At safepoint: 6494300 ns, Total: 6675600 ns
[2020-09-29T10:11:10.847+0000][7792][gc           ] GC(328) Concurrent Cycle
[2020-09-29T10:11:10.847+0000][7792][gc,marking   ] GC(328) Concurrent Clear Claimed Marks
[2020-09-29T10:11:10.848+0000][7792][gc,marking   ] GC(328) Concurrent Clear Claimed Marks 0.530ms
[2020-09-29T10:11:10.848+0000][7792][gc,marking   ] GC(328) Concurrent Scan Root Regions
[2020-09-29T10:11:10.851+0000][7792][gc,marking   ] GC(328) Concurrent Scan Root Regions 3.240ms
[2020-09-29T10:11:10.851+0000][7792][gc,marking   ] GC(328) Concurrent Mark (933.953s)
[2020-09-29T10:11:10.851+0000][7792][gc,marking   ] GC(328) Concurrent Mark From Roots
[2020-09-29T10:11:10.851+0000][7792][gc,task      ] GC(328) Using 2 workers of 2 for marking
[2020-09-29T10:11:11.015+0000][7792][gc,marking   ] GC(328) Concurrent Mark From Roots 163.750ms
[2020-09-29T10:11:11.015+0000][7792][gc,marking   ] GC(328) Concurrent Preclean
[2020-09-29T10:11:11.016+0000][7792][gc,marking   ] GC(328) Concurrent Preclean 0.605ms
[2020-09-29T10:11:11.016+0000][7792][gc,marking   ] GC(328) Concurrent Mark (933.953s, 934.118s) 164.554ms
[2020-09-29T10:11:11.016+0000][7792][gc,start     ] GC(328) Pause Remark
[2020-09-29T10:11:11.024+0000][7792][gc           ] GC(328) Pause Remark 355M->355M(1024M) 7.693ms
[2020-09-29T10:11:11.024+0000][7792][gc,cpu       ] GC(328) User=0.00s Sys=0.00s Real=0.01s
[2020-09-29T10:11:11.024+0000][7792][safepoint    ] Safepoint "G1Concurrent", Time since last: 168715500 ns, Reaching safepoint: 209800 ns, At safepoint: 7980000 ns, Total: 8189800 ns
[2020-09-29T10:11:11.024+0000][7792][gc,marking   ] GC(328) Concurrent Rebuild Remembered Sets
[2020-09-29T10:11:11.127+0000][7792][gc,marking   ] GC(328) Concurrent Rebuild Remembered Sets 102.969ms
[2020-09-29T10:11:11.127+0000][7792][gc,start     ] GC(328) Pause Cleanup
[2020-09-29T10:11:11.128+0000][7792][gc           ] GC(328) Pause Cleanup 435M->435M(1024M) 0.409ms
[2020-09-29T10:11:11.128+0000][7792][gc,cpu       ] GC(328) User=0.00s Sys=0.00s Real=0.00s
[2020-09-29T10:11:11.128+0000][7792][safepoint    ] Safepoint "G1Concurrent", Time since last: 103192800 ns, Reaching safepoint: 143000 ns, At safepoint: 642100 ns, Total: 785100 ns
[2020-09-29T10:11:11.128+0000][7792][gc,marking   ] GC(328) Concurrent Cleanup for Next Mark
[2020-09-29T10:11:11.130+0000][7792][gc,marking   ] GC(328) Concurrent Cleanup for Next Mark 1.880ms
[2020-09-29T10:11:11.130+0000][7792][gc           ] GC(328) Concurrent Cycle 282.967ms
[2020-09-29T10:11:11.265+0000][7792][gc,start     ] GC(329) Pause Young (Concurrent Start) (G1 Humongous Allocation)
[2020-09-29T10:11:11.265+0000][7792][gc,task      ] GC(329) Using 8 workers of 8 for evacuation
[2020-09-29T10:11:11.265+0000][7792][gc,age       ] GC(329) Desired survivor size 33554432 bytes, new threshold 15 (max threshold 15)
[2020-09-29T10:11:11.270+0000][7792][gc,age       ] GC(329) Age table with threshold 15 (max threshold 15)
[2020-09-29T10:11:11.270+0000][7792][gc,age       ] GC(329) - age   1:    2722168 bytes,    2722168 total
[2020-09-29T10:11:11.270+0000][7792][gc,age       ] GC(329) - age   2:       2128 bytes,    2724296 total
[2020-09-29T10:11:11.270+0000][7792][gc,age       ] GC(329) - age   3:       8056 bytes,    2732352 total
[2020-09-29T10:11:11.270+0000][7792][gc,age       ] GC(329) - age   4:      10776 bytes,    2743128 total
[2020-09-29T10:11:11.270+0000][7792][gc,age       ] GC(329) - age   5:        432 bytes,    2743560 total
[2020-09-29T10:11:11.270+0000][7792][gc,age       ] GC(329) - age   6:      16136 bytes,    2759696 total
[2020-09-29T10:11:11.270+0000][7792][gc,age       ] GC(329) - age   7:     160952 bytes,    2920648 total
[2020-09-29T10:11:11.270+0000][7792][gc,age       ] GC(329) - age   8:      12232 bytes,    2932880 total
[2020-09-29T10:11:11.270+0000][7792][gc,age       ] GC(329) - age   9:        432 bytes,    2933312 total
[2020-09-29T10:11:11.270+0000][7792][gc,age       ] GC(329) - age  10:     446440 bytes,    3379752 total
[2020-09-29T10:11:11.270+0000][7792][gc,age       ] GC(329) - age  11:      13904 bytes,    3393656 total
[2020-09-29T10:11:11.270+0000][7792][gc,age       ] GC(329) - age  12:     160016 bytes,    3553672 total
[2020-09-29T10:11:11.270+0000][7792][gc,age       ] GC(329) - age  13:       8544 bytes,    3562216 total
[2020-09-29T10:11:11.271+0000][7792][gc,age       ] GC(329) - age  14:      58224 bytes,    3620440 total
[2020-09-29T10:11:11.271+0000][7792][gc,age       ] GC(329) - age  15:      17472 bytes,    3637912 total
[2020-09-29T10:11:11.271+0000][7792][gc,phases    ] GC(329)   Pre Evacuate Collection Set: 0.4ms
[2020-09-29T10:11:11.271+0000][7792][gc,phases    ] GC(329)   Merge Heap Roots: 0.1ms
[2020-09-29T10:11:11.271+0000][7792][gc,phases    ] GC(329)   Evacuate Collection Set: 3.0ms
[2020-09-29T10:11:11.271+0000][7792][gc,phases    ] GC(329)   Post Evacuate Collection Set: 1.0ms
[2020-09-29T10:11:11.271+0000][7792][gc,phases    ] GC(329)   Other: 1.2ms
[2020-09-29T10:11:11.271+0000][7792][gc,heap      ] GC(329) Eden regions: 59->0(504)
[2020-09-29T10:11:11.271+0000][7792][gc,heap      ] GC(329) Survivor regions: 2->4(64)
[2020-09-29T10:11:11.271+0000][7792][gc,heap      ] GC(329) Old regions: 78->78
[2020-09-29T10:11:11.271+0000][7792][gc,heap      ] GC(329) Archive regions: 0->0
[2020-09-29T10:11:11.271+0000][7792][gc,heap      ] GC(329) Humongous regions: 308->174
[2020-09-29T10:11:11.271+0000][7792][gc,metaspace ] GC(329) Metaspace: 88997K(94720K)->88997K(94720K) NonClass: 77814K(81152K)->77814K(81152K) Class: 11183K(13568K)->11183K(13568K)
[2020-09-29T10:11:11.271+0000][7792][gc           ] GC(329) Pause Young (Concurrent Start) (G1 Humongous Allocation) 446M->254M(1024M) 6.364ms
[2020-09-29T10:11:11.271+0000][7792][gc,cpu       ] GC(329) User=0.00s Sys=0.00s Real=0.01s
[2020-09-29T10:11:11.271+0000][7792][gc           ] GC(330) Concurrent Cycle
[2020-09-29T10:11:11.271+0000][7792][safepoint    ] Safepoint "G1TryInitiateConcMark", Time since last: 137201600 ns, Reaching safepoint: 165000 ns, At safepoint: 6630900 ns, Total: 6795900 ns
[2020-09-29T10:11:11.271+0000][7792][gc,marking   ] GC(330) Concurrent Clear Claimed Marks
[2020-09-29T10:11:11.272+0000][7792][gc,marking   ] GC(330) Concurrent Clear Claimed Marks 0.415ms
[2020-09-29T10:11:11.272+0000][7792][gc,marking   ] GC(330) Concurrent Scan Root Regions
[2020-09-29T10:11:11.276+0000][7792][gc,marking   ] GC(330) Concurrent Scan Root Regions 4.239ms
[2020-09-29T10:11:11.276+0000][7792][gc,marking   ] GC(330) Concurrent Mark (934.379s)
[2020-09-29T10:11:11.276+0000][7792][gc,marking   ] GC(330) Concurrent Mark From Roots
[2020-09-29T10:11:11.276+0000][7792][gc,task      ] GC(330) Using 2 workers of 2 for marking
[2020-09-29T10:11:11.418+0000][7792][gc,marking   ] GC(330) Concurrent Mark From Roots 141.296ms
[2020-09-29T10:11:11.418+0000][7792][gc,marking   ] GC(330) Concurrent Preclean
[2020-09-29T10:11:11.418+0000][7792][gc,marking   ] GC(330) Concurrent Preclean 0.605ms
[2020-09-29T10:11:11.418+0000][7792][gc,marking   ] GC(330) Concurrent Mark (934.379s, 934.521s) 142.086ms
[2020-09-29T10:11:11.419+0000][7792][gc,start     ] GC(330) Pause Remark
[2020-09-29T10:11:11.426+0000][7792][gc           ] GC(330) Pause Remark 410M->410M(1024M) 7.077ms
[2020-09-29T10:11:11.426+0000][7792][gc,cpu       ] GC(330) User=0.09s Sys=0.00s Real=0.01s
[2020-09-29T10:11:11.426+0000][7792][safepoint    ] Safepoint "G1Concurrent", Time since last: 147021900 ns, Reaching safepoint: 212700 ns, At safepoint: 7353800 ns, Total: 7566500 ns
[2020-09-29T10:11:11.426+0000][7792][gc,marking   ] GC(330) Concurrent Rebuild Remembered Sets
[2020-09-29T10:11:11.503+0000][7792][gc,marking   ] GC(330) Concurrent Rebuild Remembered Sets 76.897ms
[2020-09-29T10:11:11.504+0000][7792][gc,start     ] GC(330) Pause Cleanup
[2020-09-29T10:11:11.504+0000][7792][gc           ] GC(330) Pause Cleanup 435M->435M(1024M) 0.368ms
[2020-09-29T10:11:11.504+0000][7792][gc,cpu       ] GC(330) User=0.00s Sys=0.00s Real=0.00s
[2020-09-29T10:11:11.504+0000][7792][safepoint    ] Safepoint "G1Concurrent", Time since last: 77096500 ns, Reaching safepoint: 213600 ns, At safepoint: 573900 ns, Total: 787500 ns
[2020-09-29T10:11:11.504+0000][7792][gc,marking   ] GC(330) Concurrent Cleanup for Next Mark
[2020-09-29T10:11:11.506+0000][7792][gc,marking   ] GC(330) Concurrent Cleanup for Next Mark 1.804ms
[2020-09-29T10:11:11.506+0000][7792][gc           ] GC(330) Concurrent Cycle 234.489ms
[2020-09-29T10:11:11.508+0000][7792][gc,start     ] GC(331) Pause Young (Concurrent Start) (G1 Humongous Allocation)
[2020-09-29T10:11:11.508+0000][7792][gc,task      ] GC(331) Using 8 workers of 8 for evacuation
[2020-09-29T10:11:11.508+0000][7792][gc,age       ] GC(331) Desired survivor size 33554432 bytes, new threshold 15 (max threshold 15)
[2020-09-29T10:11:11.514+0000][7792][gc,age       ] GC(331) Age table with threshold 15 (max threshold 15)
[2020-09-29T10:11:11.514+0000][7792][gc,age       ] GC(331) - age   1:    3289592 bytes,    3289592 total
[2020-09-29T10:11:11.514+0000][7792][gc,age       ] GC(331) - age   2:      14944 bytes,    3304536 total
[2020-09-29T10:11:11.514+0000][7792][gc,age       ] GC(331) - age   3:       1168 bytes,    3305704 total
[2020-09-29T10:11:11.514+0000][7792][gc,age       ] GC(331) - age   4:       4248 bytes,    3309952 total
[2020-09-29T10:11:11.514+0000][7792][gc,age       ] GC(331) - age   5:      10576 bytes,    3320528 total
[2020-09-29T10:11:11.514+0000][7792][gc,age       ] GC(331) - age   6:        432 bytes,    3320960 total
[2020-09-29T10:11:11.514+0000][7792][gc,age       ] GC(331) - age   7:      16136 bytes,    3337096 total
[2020-09-29T10:11:11.514+0000][7792][gc,age       ] GC(331) - age   8:     160952 bytes,    3498048 total
[2020-09-29T10:11:11.514+0000][7792][gc,age       ] GC(331) - age   9:      12104 bytes,    3510152 total
[2020-09-29T10:11:11.514+0000][7792][gc,age       ] GC(331) - age  10:        432 bytes,    3510584 total
[2020-09-29T10:11:11.514+0000][7792][gc,age       ] GC(331) - age  11:     446440 bytes,    3957024 total
[2020-09-29T10:11:11.514+0000][7792][gc,age       ] GC(331) - age  12:      13904 bytes,    3970928 total
[2020-09-29T10:11:11.514+0000][7792][gc,age       ] GC(331) - age  13:     160016 bytes,    4130944 total
[2020-09-29T10:11:11.514+0000][7792][gc,age       ] GC(331) - age  14:       8544 bytes,    4139488 total
[2020-09-29T10:11:11.514+0000][7792][gc,age       ] GC(331) - age  15:      58032 bytes,    4197520 total
[2020-09-29T10:11:11.514+0000][7792][gc,phases    ] GC(331)   Pre Evacuate Collection Set: 0.4ms
[2020-09-29T10:11:11.515+0000][7792][gc,phases    ] GC(331)   Merge Heap Roots: 0.1ms
[2020-09-29T10:11:11.515+0000][7792][gc,phases    ] GC(331)   Evacuate Collection Set: 4.2ms
[2020-09-29T10:11:11.515+0000][7792][gc,phases    ] GC(331)   Post Evacuate Collection Set: 0.9ms
[2020-09-29T10:11:11.515+0000][7792][gc,phases    ] GC(331)   Other: 1.1ms
[2020-09-29T10:11:11.515+0000][7792][gc,heap      ] GC(331) Eden regions: 58->0(503)
[2020-09-29T10:11:11.515+0000][7792][gc,heap      ] GC(331) Survivor regions: 4->5(64)
[2020-09-29T10:11:11.515+0000][7792][gc,heap      ] GC(331) Old regions: 78->78
[2020-09-29T10:11:11.515+0000][7792][gc,heap      ] GC(331) Archive regions: 0->0
[2020-09-29T10:11:11.515+0000][7792][gc,heap      ] GC(331) Humongous regions: 298->174
[2020-09-29T10:11:11.515+0000][7792][gc,metaspace ] GC(331) Metaspace: 88997K(94720K)->88997K(94720K) NonClass: 77814K(81152K)->77814K(81152K) Class: 11183K(13568K)->11183K(13568K)
[2020-09-29T10:11:11.515+0000][7792][gc           ] GC(331) Pause Young (Concurrent Start) (G1 Humongous Allocation) 436M->255M(1024M) 7.102ms
[2020-09-29T10:11:11.515+0000][7792][gc,cpu       ] GC(331) User=0.00s Sys=0.02s Real=0.01s
[2020-09-29T10:11:11.515+0000][7792][gc           ] GC(332) Concurrent Cycle
[2020-09-29T10:11:11.515+0000][7792][safepoint    ] Safepoint "G1TryInitiateConcMark", Time since last: 3258400 ns, Reaching safepoint: 177700 ns, At safepoint: 7338200 ns, Total: 7515900 ns
[2020-09-29T10:11:11.515+0000][7792][gc,marking   ] GC(332) Concurrent Clear Claimed Marks
[2020-09-29T10:11:11.516+0000][7792][gc,marking   ] GC(332) Concurrent Clear Claimed Marks 0.450ms
[2020-09-29T10:11:11.516+0000][7792][gc,marking   ] GC(332) Concurrent Scan Root Regions
[2020-09-29T10:11:11.521+0000][7792][gc,marking   ] GC(332) Concurrent Scan Root Regions 5.004ms
[2020-09-29T10:11:11.521+0000][7792][gc,marking   ] GC(332) Concurrent Mark (934.623s)
[2020-09-29T10:11:11.521+0000][7792][gc,marking   ] GC(332) Concurrent Mark From Roots
[2020-09-29T10:11:11.521+0000][7792][gc,task      ] GC(332) Using 2 workers of 2 for marking
[2020-09-29T10:11:11.683+0000][7792][gc,marking   ] GC(332) Concurrent Mark From Roots 162.303ms
[2020-09-29T10:11:11.683+0000][7792][gc,marking   ] GC(332) Concurrent Preclean
[2020-09-29T10:11:11.683+0000][7792][gc,marking   ] GC(332) Concurrent Preclean 0.681ms
[2020-09-29T10:11:11.683+0000][7792][gc,marking   ] GC(332) Concurrent Mark (934.623s, 934.786s) 163.199ms
[2020-09-29T10:11:11.684+0000][7792][gc,start     ] GC(332) Pause Remark
[2020-09-29T10:11:11.691+0000][7792][gc           ] GC(332) Pause Remark 399M->399M(1024M) 7.048ms
[2020-09-29T10:11:11.691+0000][7792][gc,cpu       ] GC(332) User=0.09s Sys=0.00s Real=0.01s
[2020-09-29T10:11:11.691+0000][7792][safepoint    ] Safepoint "G1Concurrent", Time since last: 168975700 ns, Reaching safepoint: 151600 ns, At safepoint: 7309100 ns, Total: 7460700 ns
[2020-09-29T10:11:11.691+0000][7792][gc,marking   ] GC(332) Concurrent Rebuild Remembered Sets
[2020-09-29T10:11:11.779+0000][7792][gc,marking   ] GC(332) Concurrent Rebuild Remembered Sets 87.018ms
[2020-09-29T10:11:11.779+0000][7792][gc,start     ] GC(332) Pause Cleanup
[2020-09-29T10:11:11.780+0000][7792][gc           ] GC(332) Pause Cleanup 471M->471M(1024M) 0.321ms
[2020-09-29T10:11:11.780+0000][7792][gc,cpu       ] GC(332) User=0.00s Sys=0.00s Real=0.00s
[2020-09-29T10:11:11.780+0000][7792][safepoint    ] Safepoint "G1Concurrent", Time since last: 87207500 ns, Reaching safepoint: 182900 ns, At safepoint: 507700 ns, Total: 690600 ns
[2020-09-29T10:11:11.780+0000][7792][gc,marking   ] GC(332) Concurrent Cleanup for Next Mark
[2020-09-29T10:11:11.782+0000][7792][gc,marking   ] GC(332) Concurrent Cleanup for Next Mark 1.774ms
[2020-09-29T10:11:11.782+0000][7792][gc           ] GC(332) Concurrent Cycle 266.293ms
[2020-09-29T10:11:11.850+0000][7792][gc,start     ] GC(333) Pause Young (Concurrent Start) (G1 Humongous Allocation)
[2020-09-29T10:11:11.850+0000][7792][gc,task      ] GC(333) Using 8 workers of 8 for evacuation
[2020-09-29T10:11:11.850+0000][7792][gc,age       ] GC(333) Desired survivor size 33554432 bytes, new threshold 15 (max threshold 15)
[2020-09-29T10:11:11.854+0000][7792][gc,age       ] GC(333) Age table with threshold 15 (max threshold 15)
[2020-09-29T10:11:11.854+0000][7792][gc,age       ] GC(333) - age   1:    3271776 bytes,    3271776 total
[2020-09-29T10:11:11.855+0000][7792][gc,age       ] GC(333) - age   2:     510280 bytes,    3782056 total
[2020-09-29T10:11:11.855+0000][7792][gc,age       ] GC(333) - age   3:      11288 bytes,    3793344 total
[2020-09-29T10:11:11.855+0000][7792][gc,age       ] GC(333) - age   4:        304 bytes,    3793648 total
[2020-09-29T10:11:11.855+0000][7792][gc,age       ] GC(333) - age   5:       4048 bytes,    3797696 total
[2020-09-29T10:11:11.855+0000][7792][gc,age       ] GC(333) - age   6:      10576 bytes,    3808272 total
[2020-09-29T10:11:11.855+0000][7792][gc,age       ] GC(333) - age   7:        368 bytes,    3808640 total
[2020-09-29T10:11:11.855+0000][7792][gc,age       ] GC(333) - age   8:      13448 bytes,    3822088 total
[2020-09-29T10:11:11.855+0000][7792][gc,age       ] GC(333) - age   9:      70616 bytes,    3892704 total
[2020-09-29T10:11:11.855+0000][7792][gc,age       ] GC(333) - age  10:      12072 bytes,    3904776 total
[2020-09-29T10:11:11.855+0000][7792][gc,age       ] GC(333) - age  11:        432 bytes,    3905208 total
[2020-09-29T10:11:11.855+0000][7792][gc,age       ] GC(333) - age  12:     445688 bytes,    4350896 total
[2020-09-29T10:11:11.855+0000][7792][gc,age       ] GC(333) - age  13:      13816 bytes,    4364712 total
[2020-09-29T10:11:11.855+0000][7792][gc,age       ] GC(333) - age  14:     154656 bytes,    4519368 total
[2020-09-29T10:11:11.855+0000][7792][gc,age       ] GC(333) - age  15:       8544 bytes,    4527912 total
[2020-09-29T10:11:11.855+0000][7792][gc,phases    ] GC(333)   Pre Evacuate Collection Set: 0.4ms
[2020-09-29T10:11:11.855+0000][7792][gc,phases    ] GC(333)   Merge Heap Roots: 0.1ms
[2020-09-29T10:11:11.855+0000][7792][gc,phases    ] GC(333)   Evacuate Collection Set: 2.9ms
[2020-09-29T10:11:11.855+0000][7792][gc,phases    ] GC(333)   Post Evacuate Collection Set: 0.9ms
[2020-09-29T10:11:11.855+0000][7792][gc,phases    ] GC(333)   Other: 1.2ms
[2020-09-29T10:11:11.856+0000][7792][gc,heap      ] GC(333) Eden regions: 53->0(503)
[2020-09-29T10:11:11.856+0000][7792][gc,heap      ] GC(333) Survivor regions: 5->5(64)
[2020-09-29T10:11:11.856+0000][7792][gc,heap      ] GC(333) Old regions: 78->78
[2020-09-29T10:11:11.856+0000][7792][gc,heap      ] GC(333) Archive regions: 0->0
[2020-09-29T10:11:11.856+0000][7792][gc,heap      ] GC(333) Humongous regions: 345->174
[2020-09-29T10:11:11.856+0000][7792][gc,metaspace ] GC(333) Metaspace: 89429K(95360K)->89429K(95360K) NonClass: 78171K(81664K)->78171K(81664K) Class: 11257K(13696K)->11257K(13696K)
[2020-09-29T10:11:11.856+0000][7792][gc           ] GC(333) Pause Young (Concurrent Start) (G1 Humongous Allocation) 479M->255M(1024M) 6.214ms
[2020-09-29T10:11:11.856+0000][7792][gc,cpu       ] GC(333) User=0.00s Sys=0.00s Real=0.01s
[2020-09-29T10:11:11.856+0000][7792][gc           ] GC(334) Concurrent Cycle
[2020-09-29T10:11:11.856+0000][7792][safepoint    ] Safepoint "G1TryInitiateConcMark", Time since last: 69610100 ns, Reaching safepoint: 189600 ns, At safepoint: 6479400 ns, Total: 6669000 ns
[2020-09-29T10:11:11.856+0000][7792][gc,marking   ] GC(334) Concurrent Clear Claimed Marks
[2020-09-29T10:11:11.857+0000][7792][gc,marking   ] GC(334) Concurrent Clear Claimed Marks 0.673ms
[2020-09-29T10:11:11.857+0000][7792][gc,marking   ] GC(334) Concurrent Scan Root Regions
[2020-09-29T10:11:11.861+0000][7792][gc,marking   ] GC(334) Concurrent Scan Root Regions 3.777ms
[2020-09-29T10:11:11.861+0000][7792][gc,marking   ] GC(334) Concurrent Mark (934.963s)
[2020-09-29T10:11:11.861+0000][7792][gc,marking   ] GC(334) Concurrent Mark From Roots
[2020-09-29T10:11:11.861+0000][7792][gc,task      ] GC(334) Using 2 workers of 2 for marking
[2020-09-29T10:11:11.991+0000][7792][gc,marking   ] GC(334) Concurrent Mark From Roots 130.721ms
[2020-09-29T10:11:11.992+0000][7792][gc,marking   ] GC(334) Concurrent Preclean
[2020-09-29T10:11:11.992+0000][7792][gc,marking   ] GC(334) Concurrent Preclean 0.413ms
[2020-09-29T10:11:11.992+0000][7792][gc,marking   ] GC(334) Concurrent Mark (934.963s, 935.094s) 131.292ms
[2020-09-29T10:11:11.992+0000][7792][gc,start     ] GC(334) Pause Remark
[2020-09-29T10:11:12.001+0000][7792][gc           ] GC(334) Pause Remark 327M->327M(1024M) 8.277ms
[2020-09-29T10:11:12.001+0000][7792][gc,cpu       ] GC(334) User=0.09s Sys=0.00s Real=0.01s
[2020-09-29T10:11:12.001+0000][7792][safepoint    ] Safepoint "G1Concurrent", Time since last: 136020400 ns, Reaching safepoint: 160000 ns, At safepoint: 8836000 ns, Total: 8996000 ns
[2020-09-29T10:11:12.001+0000][7792][gc,marking   ] GC(334) Concurrent Rebuild Remembered Sets
[2020-09-29T10:11:12.084+0000][7792][gc,marking   ] GC(334) Concurrent Rebuild Remembered Sets 82.905ms
[2020-09-29T10:11:12.084+0000][7792][gc,start     ] GC(334) Pause Cleanup
[2020-09-29T10:11:12.084+0000][7792][gc           ] GC(334) Pause Cleanup 401M->401M(1024M) 0.324ms
[2020-09-29T10:11:12.084+0000][7792][gc,cpu       ] GC(334) User=0.00s Sys=0.00s Real=0.00s
[2020-09-29T10:11:12.084+0000][7792][safepoint    ] Safepoint "G1Concurrent", Time since last: 83081300 ns, Reaching safepoint: 155800 ns, At safepoint: 487600 ns, Total: 643400 ns
[2020-09-29T10:11:12.084+0000][7792][gc,marking   ] GC(334) Concurrent Cleanup for Next Mark
[2020-09-29T10:11:12.086+0000][7792][gc,marking   ] GC(334) Concurrent Cleanup for Next Mark 1.957ms
[2020-09-29T10:11:12.086+0000][7792][gc           ] GC(334) Concurrent Cycle 230.934ms
[2020-09-29T10:11:12.091+0000][7792][gc,start     ] GC(335) Pause Young (Concurrent Start) (G1 Humongous Allocation)
[2020-09-29T10:11:12.092+0000][7792][gc,task      ] GC(335) Using 8 workers of 8 for evacuation
[2020-09-29T10:11:12.092+0000][7792][gc,age       ] GC(335) Desired survivor size 33554432 bytes, new threshold 15 (max threshold 15)
[2020-09-29T10:11:12.096+0000][7792][gc,age       ] GC(335) Age table with threshold 15 (max threshold 15)
[2020-09-29T10:11:12.097+0000][7792][gc,age       ] GC(335) - age   1:    2941368 bytes,    2941368 total
[2020-09-29T10:11:12.097+0000][7792][gc,age       ] GC(335) - age   2:     234808 bytes,    3176176 total
[2020-09-29T10:11:12.097+0000][7792][gc,age       ] GC(335) - age   3:       3344 bytes,    3179520 total
[2020-09-29T10:11:12.097+0000][7792][gc,age       ] GC(335) - age   4:       9616 bytes,    3189136 total
[2020-09-29T10:11:12.097+0000][7792][gc,age       ] GC(335) - age   5:        304 bytes,    3189440 total
[2020-09-29T10:11:12.097+0000][7792][gc,age       ] GC(335) - age   6:       4048 bytes,    3193488 total
[2020-09-29T10:11:12.097+0000][7792][gc,age       ] GC(335) - age   7:      10576 bytes,    3204064 total
[2020-09-29T10:11:12.097+0000][7792][gc,age       ] GC(335) - age   8:        368 bytes,    3204432 total
[2020-09-29T10:11:12.097+0000][7792][gc,age       ] GC(335) - age   9:      13448 bytes,    3217880 total
[2020-09-29T10:11:12.097+0000][7792][gc,age       ] GC(335) - age  10:      70616 bytes,    3288496 total
[2020-09-29T10:11:12.097+0000][7792][gc,age       ] GC(335) - age  11:      12008 bytes,    3300504 total
[2020-09-29T10:11:12.097+0000][7792][gc,age       ] GC(335) - age  12:        432 bytes,    3300936 total
[2020-09-29T10:11:12.097+0000][7792][gc,age       ] GC(335) - age  13:     445688 bytes,    3746624 total
[2020-09-29T10:11:12.097+0000][7792][gc,age       ] GC(335) - age  14:      13816 bytes,    3760440 total
[2020-09-29T10:11:12.097+0000][7792][gc,age       ] GC(335) - age  15:     154656 bytes,    3915096 total
[2020-09-29T10:11:12.097+0000][7792][gc,phases    ] GC(335)   Pre Evacuate Collection Set: 0.4ms
[2020-09-29T10:11:12.097+0000][7792][gc,phases    ] GC(335)   Merge Heap Roots: 0.1ms
[2020-09-29T10:11:12.097+0000][7792][gc,phases    ] GC(335)   Evacuate Collection Set: 3.0ms
[2020-09-29T10:11:12.097+0000][7792][gc,phases    ] GC(335)   Post Evacuate Collection Set: 1.1ms
[2020-09-29T10:11:12.098+0000][7792][gc,phases    ] GC(335)   Other: 1.3ms
[2020-09-29T10:11:12.098+0000][7792][gc,heap      ] GC(335) Eden regions: 39->0(504)
[2020-09-29T10:11:12.098+0000][7792][gc,heap      ] GC(335) Survivor regions: 5->4(64)
[2020-09-29T10:11:12.098+0000][7792][gc,heap      ] GC(335) Old regions: 78->78
[2020-09-29T10:11:12.098+0000][7792][gc,heap      ] GC(335) Archive regions: 0->0
[2020-09-29T10:11:12.098+0000][7792][gc,heap      ] GC(335) Humongous regions: 283->174
[2020-09-29T10:11:12.098+0000][7792][gc,metaspace ] GC(335) Metaspace: 89429K(95360K)->89429K(95360K) NonClass: 78171K(81664K)->78171K(81664K) Class: 11257K(13696K)->11257K(13696K)
[2020-09-29T10:11:12.098+0000][7792][gc           ] GC(335) Pause Young (Concurrent Start) (G1 Humongous Allocation) 403M->255M(1024M) 6.372ms
[2020-09-29T10:11:12.098+0000][7792][gc,cpu       ] GC(335) User=0.11s Sys=0.00s Real=0.01s
[2020-09-29T10:11:12.098+0000][7792][safepoint    ] Safepoint "G1TryInitiateConcMark", Time since last: 6987900 ns, Reaching safepoint: 136100 ns, At safepoint: 6585400 ns, Total: 6721500 ns
[2020-09-29T10:11:12.098+0000][7792][gc           ] GC(336) Concurrent Cycle
[2020-09-29T10:11:12.098+0000][7792][gc,marking   ] GC(336) Concurrent Clear Claimed Marks
[2020-09-29T10:11:12.098+0000][7792][gc,marking   ] GC(336) Concurrent Clear Claimed Marks 0.374ms
[2020-09-29T10:11:12.099+0000][7792][gc,marking   ] GC(336) Concurrent Scan Root Regions
[2020-09-29T10:11:12.102+0000][7792][gc,marking   ] GC(336) Concurrent Scan Root Regions 3.781ms
[2020-09-29T10:11:12.102+0000][7792][gc,marking   ] GC(336) Concurrent Mark (935.205s)
[2020-09-29T10:11:12.103+0000][7792][gc,marking   ] GC(336) Concurrent Mark From Roots
[2020-09-29T10:11:12.103+0000][7792][gc,task      ] GC(336) Using 2 workers of 2 for marking
[2020-09-29T10:11:12.239+0000][7792][gc,marking   ] GC(336) Concurrent Mark From Roots 136.790ms
[2020-09-29T10:11:12.239+0000][7792][gc,marking   ] GC(336) Concurrent Preclean
[2020-09-29T10:11:12.240+0000][7792][gc,marking   ] GC(336) Concurrent Preclean 0.630ms
[2020-09-29T10:11:12.240+0000][7792][gc,marking   ] GC(336) Concurrent Mark (935.205s, 935.342s) 137.633ms
[2020-09-29T10:11:12.240+0000][7792][gc,start     ] GC(336) Pause Remark
[2020-09-29T10:11:12.247+0000][7792][gc           ] GC(336) Pause Remark 360M->360M(1024M) 6.703ms
[2020-09-29T10:11:12.247+0000][7792][gc,cpu       ] GC(336) User=0.00s Sys=0.00s Real=0.01s
[2020-09-29T10:11:12.247+0000][7792][safepoint    ] Safepoint "G1Concurrent", Time since last: 142194800 ns, Reaching safepoint: 160800 ns, At safepoint: 6924500 ns, Total: 7085300 ns
[2020-09-29T10:11:12.247+0000][7792][gc,marking   ] GC(336) Concurrent Rebuild Remembered Sets
[2020-09-29T10:11:12.332+0000][7792][gc,marking   ] GC(336) Concurrent Rebuild Remembered Sets 84.433ms
[2020-09-29T10:11:12.332+0000][7792][gc,start     ] GC(336) Pause Cleanup
[2020-09-29T10:11:12.332+0000][7792][gc           ] GC(336) Pause Cleanup 498M->498M(1024M) 0.363ms
[2020-09-29T10:11:12.333+0000][7792][gc,cpu       ] GC(336) User=0.00s Sys=0.00s Real=0.00s
[2020-09-29T10:11:12.333+0000][7792][safepoint    ] Safepoint "G1Concurrent", Time since last: 84617400 ns, Reaching safepoint: 164000 ns, At safepoint: 557100 ns, Total: 721100 ns
[2020-09-29T10:11:12.333+0000][7792][gc,marking   ] GC(336) Concurrent Cleanup for Next Mark
[2020-09-29T10:11:12.334+0000][7792][gc,marking   ] GC(336) Concurrent Cleanup for Next Mark 1.633ms
[2020-09-29T10:11:12.334+0000][7792][gc           ] GC(336) Concurrent Cycle 236.436ms
[2020-09-29T10:11:13.124+0000][7792][gc,start     ] GC(337) Pause Young (Concurrent Start) (G1 Humongous Allocation)
[2020-09-29T10:11:13.124+0000][7792][gc,task      ] GC(337) Using 8 workers of 8 for evacuation
[2020-09-29T10:11:13.124+0000][7792][gc,age       ] GC(337) Desired survivor size 33554432 bytes, new threshold 15 (max threshold 15)
[2020-09-29T10:11:13.128+0000][7792][gc,age       ] GC(337) Age table with threshold 15 (max threshold 15)
[2020-09-29T10:11:13.128+0000][7792][gc,age       ] GC(337) - age   1:    2864768 bytes,    2864768 total
[2020-09-29T10:11:13.128+0000][7792][gc,age       ] GC(337) - age   2:      23160 bytes,    2887928 total
[2020-09-29T10:11:13.128+0000][7792][gc,age       ] GC(337) - age   3:     140640 bytes,    3028568 total
[2020-09-29T10:11:13.128+0000][7792][gc,age       ] GC(337) - age   4:       1576 bytes,    3030144 total
[2020-09-29T10:11:13.128+0000][7792][gc,age       ] GC(337) - age   5:       3840 bytes,    3033984 total
[2020-09-29T10:11:13.128+0000][7792][gc,age       ] GC(337) - age   6:        232 bytes,    3034216 total
[2020-09-29T10:11:13.128+0000][7792][gc,age       ] GC(337) - age   7:       3984 bytes,    3038200 total
[2020-09-29T10:11:13.128+0000][7792][gc,age       ] GC(337) - age   8:      10544 bytes,    3048744 total
[2020-09-29T10:11:13.128+0000][7792][gc,age       ] GC(337) - age   9:        368 bytes,    3049112 total
[2020-09-29T10:11:13.128+0000][7792][gc,age       ] GC(337) - age  10:      13416 bytes,    3062528 total
[2020-09-29T10:11:13.129+0000][7792][gc,age       ] GC(337) - age  11:      70520 bytes,    3133048 total
[2020-09-29T10:11:13.129+0000][7792][gc,age       ] GC(337) - age  12:      11816 bytes,    3144864 total
[2020-09-29T10:11:13.129+0000][7792][gc,age       ] GC(337) - age  13:        432 bytes,    3145296 total
[2020-09-29T10:11:13.129+0000][7792][gc,age       ] GC(337) - age  14:     445416 bytes,    3590712 total
[2020-09-29T10:11:13.129+0000][7792][gc,age       ] GC(337) - age  15:      13752 bytes,    3604464 total
[2020-09-29T10:11:13.129+0000][7792][gc,phases    ] GC(337)   Pre Evacuate Collection Set: 0.4ms
[2020-09-29T10:11:13.129+0000][7792][gc,phases    ] GC(337)   Merge Heap Roots: 0.1ms
[2020-09-29T10:11:13.129+0000][7792][gc,phases    ] GC(337)   Evacuate Collection Set: 2.6ms
[2020-09-29T10:11:13.129+0000][7792][gc,phases    ] GC(337)   Post Evacuate Collection Set: 0.9ms
[2020-09-29T10:11:13.129+0000][7792][gc,phases    ] GC(337)   Other: 0.9ms
[2020-09-29T10:11:13.129+0000][7792][gc,heap      ] GC(337) Eden regions: 92->0(504)
[2020-09-29T10:11:13.129+0000][7792][gc,heap      ] GC(337) Survivor regions: 4->4(64)
[2020-09-29T10:11:13.129+0000][7792][gc,heap      ] GC(337) Old regions: 78->78
[2020-09-29T10:11:13.129+0000][7792][gc,heap      ] GC(337) Archive regions: 0->0
[2020-09-29T10:11:13.129+0000][7792][gc,heap      ] GC(337) Humongous regions: 360->174
[2020-09-29T10:11:13.129+0000][7792][gc,metaspace ] GC(337) Metaspace: 89549K(95360K)->89549K(95360K) NonClass: 78280K(81664K)->78280K(81664K) Class: 11268K(13696K)->11268K(13696K)
[2020-09-29T10:11:13.129+0000][7792][gc           ] GC(337) Pause Young (Concurrent Start) (G1 Humongous Allocation) 532M->255M(1024M) 5.175ms
[2020-09-29T10:11:13.129+0000][7792][gc,cpu       ] GC(337) User=0.00s Sys=0.00s Real=0.00s
[2020-09-29T10:11:13.129+0000][7792][safepoint    ] Safepoint "G1TryInitiateConcMark", Time since last: 791454100 ns, Reaching safepoint: 222900 ns, At safepoint: 5389400 ns, Total: 5612300 ns
[2020-09-29T10:11:13.129+0000][7792][gc           ] GC(338) Concurrent Cycle
[2020-09-29T10:11:13.129+0000][7792][gc,marking   ] GC(338) Concurrent Clear Claimed Marks
[2020-09-29T10:11:13.130+0000][7792][gc,marking   ] GC(338) Concurrent Clear Claimed Marks 0.419ms
[2020-09-29T10:11:13.130+0000][7792][gc,marking   ] GC(338) Concurrent Scan Root Regions
[2020-09-29T10:11:13.133+0000][7792][gc,marking   ] GC(338) Concurrent Scan Root Regions 3.072ms
[2020-09-29T10:11:13.133+0000][7792][gc,marking   ] GC(338) Concurrent Mark (936.236s)
[2020-09-29T10:11:13.133+0000][7792][gc,marking   ] GC(338) Concurrent Mark From Roots
[2020-09-29T10:11:13.133+0000][7792][gc,task      ] GC(338) Using 2 workers of 2 for marking
[2020-09-29T10:11:13.284+0000][7792][gc,marking   ] GC(338) Concurrent Mark From Roots 151.275ms
[2020-09-29T10:11:13.285+0000][7792][gc,marking   ] GC(338) Concurrent Preclean
[2020-09-29T10:11:13.285+0000][7792][gc,marking   ] GC(338) Concurrent Preclean 0.660ms
[2020-09-29T10:11:13.285+0000][7792][gc,marking   ] GC(338) Concurrent Mark (936.236s, 936.388s) 152.158ms
[2020-09-29T10:11:13.287+0000][7792][gc,start     ] GC(338) Pause Remark
[2020-09-29T10:11:13.294+0000][7792][gc           ] GC(338) Pause Remark 409M->409M(1024M) 7.386ms
[2020-09-29T10:11:13.294+0000][7792][gc,cpu       ] GC(338) User=0.00s Sys=0.00s Real=0.01s
[2020-09-29T10:11:13.294+0000][7792][safepoint    ] Safepoint "G1Concurrent", Time since last: 156064800 ns, Reaching safepoint: 1370400 ns, At safepoint: 7702100 ns, Total: 9072500 ns
[2020-09-29T10:11:13.295+0000][7792][gc,marking   ] GC(338) Concurrent Rebuild Remembered Sets
[2020-09-29T10:11:13.392+0000][7792][gc,marking   ] GC(338) Concurrent Rebuild Remembered Sets 96.706ms
[2020-09-29T10:11:13.392+0000][7792][gc,start     ] GC(338) Pause Cleanup
[2020-09-29T10:11:13.392+0000][7792][gc           ] GC(338) Pause Cleanup 430M->430M(1024M) 0.376ms
[2020-09-29T10:11:13.392+0000][7792][gc,cpu       ] GC(338) User=0.00s Sys=0.00s Real=0.00s
[2020-09-29T10:11:13.393+0000][7792][safepoint    ] Safepoint "G1Concurrent", Time since last: 96919600 ns, Reaching safepoint: 142100 ns, At safepoint: 612400 ns, Total: 754500 ns
[2020-09-29T10:11:13.393+0000][7792][gc,marking   ] GC(338) Concurrent Cleanup for Next Mark
[2020-09-29T10:11:13.395+0000][7792][gc,marking   ] GC(338) Concurrent Cleanup for Next Mark 1.917ms
[2020-09-29T10:11:13.395+0000][7792][gc           ] GC(338) Concurrent Cycle 264.918ms
[2020-09-29T10:11:13.520+0000][7792][gc,start     ] GC(339) Pause Young (Concurrent Start) (G1 Humongous Allocation)
[2020-09-29T10:11:13.520+0000][7792][gc,task      ] GC(339) Using 8 workers of 8 for evacuation
[2020-09-29T10:11:13.520+0000][7792][gc,age       ] GC(339) Desired survivor size 33554432 bytes, new threshold 15 (max threshold 15)
[2020-09-29T10:11:13.524+0000][7792][gc,age       ] GC(339) Age table with threshold 15 (max threshold 15)
[2020-09-29T10:11:13.524+0000][7792][gc,age       ] GC(339) - age   1:    2718456 bytes,    2718456 total
[2020-09-29T10:11:13.524+0000][7792][gc,age       ] GC(339) - age   2:     150944 bytes,    2869400 total
[2020-09-29T10:11:13.524+0000][7792][gc,age       ] GC(339) - age   3:      20120 bytes,    2889520 total
[2020-09-29T10:11:13.524+0000][7792][gc,age       ] GC(339) - age   4:     140576 bytes,    3030096 total
[2020-09-29T10:11:13.524+0000][7792][gc,age       ] GC(339) - age   5:       1192 bytes,    3031288 total
[2020-09-29T10:11:13.524+0000][7792][gc,age       ] GC(339) - age   6:       3840 bytes,    3035128 total
[2020-09-29T10:11:13.524+0000][7792][gc,age       ] GC(339) - age   7:        232 bytes,    3035360 total
[2020-09-29T10:11:13.524+0000][7792][gc,age       ] GC(339) - age   8:       3984 bytes,    3039344 total
[2020-09-29T10:11:13.524+0000][7792][gc,age       ] GC(339) - age   9:      10544 bytes,    3049888 total
[2020-09-29T10:11:13.524+0000][7792][gc,age       ] GC(339) - age  10:        368 bytes,    3050256 total
[2020-09-29T10:11:13.524+0000][7792][gc,age       ] GC(339) - age  11:      13352 bytes,    3063608 total
[2020-09-29T10:11:13.524+0000][7792][gc,age       ] GC(339) - age  12:      70392 bytes,    3134000 total
[2020-09-29T10:11:13.524+0000][7792][gc,age       ] GC(339) - age  13:      11784 bytes,    3145784 total
[2020-09-29T10:11:13.524+0000][7792][gc,age       ] GC(339) - age  14:         96 bytes,    3145880 total
[2020-09-29T10:11:13.525+0000][7792][gc,age       ] GC(339) - age  15:     445416 bytes,    3591296 total
[2020-09-29T10:11:13.525+0000][7792][gc,phases    ] GC(339)   Pre Evacuate Collection Set: 0.6ms
[2020-09-29T10:11:13.525+0000][7792][gc,phases    ] GC(339)   Merge Heap Roots: 0.1ms
[2020-09-29T10:11:13.525+0000][7792][gc,phases    ] GC(339)   Evacuate Collection Set: 2.8ms
[2020-09-29T10:11:13.525+0000][7792][gc,phases    ] GC(339)   Post Evacuate Collection Set: 0.7ms
[2020-09-29T10:11:13.525+0000][7792][gc,phases    ] GC(339)   Other: 1.0ms
[2020-09-29T10:11:13.525+0000][7792][gc,heap      ] GC(339) Eden regions: 60->0(504)
[2020-09-29T10:11:13.525+0000][7792][gc,heap      ] GC(339) Survivor regions: 4->4(64)
[2020-09-29T10:11:13.525+0000][7792][gc,heap      ] GC(339) Old regions: 78->78
[2020-09-29T10:11:13.525+0000][7792][gc,heap      ] GC(339) Archive regions: 0->0
[2020-09-29T10:11:13.525+0000][7792][gc,heap      ] GC(339) Humongous regions: 298->174
[2020-09-29T10:11:13.525+0000][7792][gc,metaspace ] GC(339) Metaspace: 89549K(95360K)->89549K(95360K) NonClass: 78280K(81664K)->78280K(81664K) Class: 11268K(13696K)->11268K(13696K)
[2020-09-29T10:11:13.525+0000][7792][gc           ] GC(339) Pause Young (Concurrent Start) (G1 Humongous Allocation) 439M->255M(1024M) 5.355ms
[2020-09-29T10:11:13.525+0000][7792][gc,cpu       ] GC(339) User=0.00s Sys=0.00s Real=0.01s
[2020-09-29T10:11:13.525+0000][7792][safepoint    ] Safepoint "G1TryInitiateConcMark", Time since last: 126648300 ns, Reaching safepoint: 184600 ns, At safepoint: 5694000 ns, Total: 5878600 ns
[2020-09-29T10:11:13.525+0000][7792][gc           ] GC(340) Concurrent Cycle
[2020-09-29T10:11:13.525+0000][7792][gc,marking   ] GC(340) Concurrent Clear Claimed Marks
[2020-09-29T10:11:13.526+0000][7792][gc,marking   ] GC(340) Concurrent Clear Claimed Marks 0.537ms
[2020-09-29T10:11:13.526+0000][7792][gc,marking   ] GC(340) Concurrent Scan Root Regions
[2020-09-29T10:11:13.530+0000][7792][gc,marking   ] GC(340) Concurrent Scan Root Regions 4.156ms
[2020-09-29T10:11:13.530+0000][7792][gc,marking   ] GC(340) Concurrent Mark (936.632s)
[2020-09-29T10:11:13.530+0000][7792][gc,marking   ] GC(340) Concurrent Mark From Roots
[2020-09-29T10:11:13.530+0000][7792][gc,task      ] GC(340) Using 2 workers of 2 for marking
[2020-09-29T10:11:13.663+0000][7792][gc,marking   ] GC(340) Concurrent Mark From Roots 133.731ms
[2020-09-29T10:11:13.663+0000][7792][gc,marking   ] GC(340) Concurrent Preclean
[2020-09-29T10:11:13.664+0000][7792][gc,marking   ] GC(340) Concurrent Preclean 0.463ms
[2020-09-29T10:11:13.664+0000][7792][gc,marking   ] GC(340) Concurrent Mark (936.632s, 936.767s) 134.336ms
[2020-09-29T10:11:13.664+0000][7792][gc,start     ] GC(340) Pause Remark
[2020-09-29T10:11:13.671+0000][7792][gc           ] GC(340) Pause Remark 410M->410M(1024M) 6.760ms
[2020-09-29T10:11:13.671+0000][7792][gc,cpu       ] GC(340) User=0.02s Sys=0.00s Real=0.01s
[2020-09-29T10:11:13.671+0000][7792][safepoint    ] Safepoint "G1Concurrent", Time since last: 139394200 ns, Reaching safepoint: 147600 ns, At safepoint: 7031800 ns, Total: 7179400 ns
[2020-09-29T10:11:13.671+0000][7792][gc,marking   ] GC(340) Concurrent Rebuild Remembered Sets
[2020-09-29T10:11:13.759+0000][7792][gc,marking   ] GC(340) Concurrent Rebuild Remembered Sets 87.787ms
[2020-09-29T10:11:13.760+0000][7792][gc,start     ] GC(340) Pause Cleanup
[2020-09-29T10:11:13.760+0000][7792][gc           ] GC(340) Pause Cleanup 495M->495M(1024M) 0.366ms
[2020-09-29T10:11:13.760+0000][7792][gc,cpu       ] GC(340) User=0.00s Sys=0.00s Real=0.00s
[2020-09-29T10:11:13.760+0000][7792][safepoint    ] Safepoint "G1Concurrent", Time since last: 88011800 ns, Reaching safepoint: 163900 ns, At safepoint: 620400 ns, Total: 784300 ns
[2020-09-29T10:11:13.760+0000][7792][gc,marking   ] GC(340) Concurrent Cleanup for Next Mark
[2020-09-29T10:11:13.762+0000][7792][gc,marking   ] GC(340) Concurrent Cleanup for Next Mark 1.718ms
[2020-09-29T10:11:13.763+0000][7792][gc           ] GC(340) Concurrent Cycle 237.520ms
[2020-09-29T10:11:13.805+0000][7792][gc,start     ] GC(341) Pause Young (Concurrent Start) (G1 Humongous Allocation)
[2020-09-29T10:11:13.805+0000][7792][gc,task      ] GC(341) Using 8 workers of 8 for evacuation
[2020-09-29T10:11:13.806+0000][7792][gc,age       ] GC(341) Desired survivor size 33554432 bytes, new threshold 15 (max threshold 15)
[2020-09-29T10:11:13.811+0000][7792][gc,age       ] GC(341) Age table with threshold 15 (max threshold 15)
[2020-09-29T10:11:13.811+0000][7792][gc,age       ] GC(341) - age   1:    3407152 bytes,    3407152 total
[2020-09-29T10:11:13.811+0000][7792][gc,age       ] GC(341) - age   2:      10560 bytes,    3417712 total
[2020-09-29T10:11:13.811+0000][7792][gc,age       ] GC(341) - age   3:     149656 bytes,    3567368 total
[2020-09-29T10:11:13.811+0000][7792][gc,age       ] GC(341) - age   4:      17664 bytes,    3585032 total
[2020-09-29T10:11:13.811+0000][7792][gc,age       ] GC(341) - age   5:     140040 bytes,    3725072 total
[2020-09-29T10:11:13.811+0000][7792][gc,age       ] GC(341) - age   6:       1096 bytes,    3726168 total
[2020-09-29T10:11:13.811+0000][7792][gc,age       ] GC(341) - age   7:       1184 bytes,    3727352 total
[2020-09-29T10:11:13.811+0000][7792][gc,age       ] GC(341) - age   8:        232 bytes,    3727584 total
[2020-09-29T10:11:13.811+0000][7792][gc,age       ] GC(341) - age   9:       3968 bytes,    3731552 total
[2020-09-29T10:11:13.811+0000][7792][gc,age       ] GC(341) - age  10:      10160 bytes,    3741712 total
[2020-09-29T10:11:13.811+0000][7792][gc,age       ] GC(341) - age  11:        368 bytes,    3742080 total
[2020-09-29T10:11:13.812+0000][7792][gc,age       ] GC(341) - age  12:      13352 bytes,    3755432 total
[2020-09-29T10:11:13.812+0000][7792][gc,age       ] GC(341) - age  13:      70392 bytes,    3825824 total
[2020-09-29T10:11:13.812+0000][7792][gc,age       ] GC(341) - age  14:      11752 bytes,    3837576 total
[2020-09-29T10:11:13.812+0000][7792][gc,age       ] GC(341) - age  15:         96 bytes,    3837672 total
[2020-09-29T10:11:13.812+0000][7792][gc,phases    ] GC(341)   Pre Evacuate Collection Set: 0.4ms
[2020-09-29T10:11:13.812+0000][7792][gc,phases    ] GC(341)   Merge Heap Roots: 0.1ms
[2020-09-29T10:11:13.812+0000][7792][gc,phases    ] GC(341)   Evacuate Collection Set: 4.0ms
[2020-09-29T10:11:13.812+0000][7792][gc,phases    ] GC(341)   Post Evacuate Collection Set: 0.8ms
[2020-09-29T10:11:13.812+0000][7792][gc,phases    ] GC(341)   Other: 1.0ms
[2020-09-29T10:11:13.812+0000][7792][gc,heap      ] GC(341) Eden regions: 74->0(503)
[2020-09-29T10:11:13.812+0000][7792][gc,heap      ] GC(341) Survivor regions: 4->4(64)
[2020-09-29T10:11:13.812+0000][7792][gc,heap      ] GC(341) Old regions: 78->79
[2020-09-29T10:11:13.812+0000][7792][gc,heap      ] GC(341) Archive regions: 0->0
[2020-09-29T10:11:13.812+0000][7792][gc,heap      ] GC(341) Humongous regions: 355->174
[2020-09-29T10:11:13.812+0000][7792][gc,metaspace ] GC(341) Metaspace: 89549K(95360K)->89549K(95360K) NonClass: 78281K(81664K)->78281K(81664K) Class: 11268K(13696K)->11268K(13696K)
[2020-09-29T10:11:13.812+0000][7792][gc           ] GC(341) Pause Young (Concurrent Start) (G1 Humongous Allocation) 509M->255M(1024M) 6.772ms
[2020-09-29T10:11:13.812+0000][7792][gc,cpu       ] GC(341) User=0.02s Sys=0.00s Real=0.01s
[2020-09-29T10:11:13.812+0000][7792][gc           ] GC(342) Concurrent Cycle
[2020-09-29T10:11:13.812+0000][7792][safepoint    ] Safepoint "G1TryInitiateConcMark", Time since last: 44729400 ns, Reaching safepoint: 208000 ns, At safepoint: 6956200 ns, Total: 7164200 ns
[2020-09-29T10:11:13.812+0000][7792][gc,marking   ] GC(342) Concurrent Clear Claimed Marks
[2020-09-29T10:11:13.813+0000][7792][gc,marking   ] GC(342) Concurrent Clear Claimed Marks 0.534ms
[2020-09-29T10:11:13.813+0000][7792][gc,marking   ] GC(342) Concurrent Scan Root Regions
[2020-09-29T10:11:13.818+0000][7792][gc,marking   ] GC(342) Concurrent Scan Root Regions 4.623ms
[2020-09-29T10:11:13.818+0000][7792][gc,marking   ] GC(342) Concurrent Mark (936.920s)
[2020-09-29T10:11:13.818+0000][7792][gc,marking   ] GC(342) Concurrent Mark From Roots
[2020-09-29T10:11:13.818+0000][7792][gc,task      ] GC(342) Using 2 workers of 2 for marking
[2020-09-29T10:11:13.943+0000][7792][gc,marking   ] GC(342) Concurrent Mark From Roots 125.275ms
[2020-09-29T10:11:13.943+0000][7792][gc,marking   ] GC(342) Concurrent Preclean
[2020-09-29T10:11:13.944+0000][7792][gc,marking   ] GC(342) Concurrent Preclean 0.666ms
[2020-09-29T10:11:13.944+0000][7792][gc,marking   ] GC(342) Concurrent Mark (936.920s, 937.046s) 126.185ms
[2020-09-29T10:11:13.944+0000][7792][gc,start     ] GC(342) Pause Remark
[2020-09-29T10:11:13.952+0000][7792][gc           ] GC(342) Pause Remark 328M->328M(1024M) 8.192ms
[2020-09-29T10:11:13.953+0000][7792][gc,cpu       ] GC(342) User=0.09s Sys=0.00s Real=0.01s
[2020-09-29T10:11:13.953+0000][7792][safepoint    ] Safepoint "G1Concurrent", Time since last: 131675600 ns, Reaching safepoint: 186400 ns, At safepoint: 8466100 ns, Total: 8652500 ns
[2020-09-29T10:11:13.953+0000][7792][gc,marking   ] GC(342) Concurrent Rebuild Remembered Sets
[2020-09-29T10:11:14.042+0000][7792][gc,marking   ] GC(342) Concurrent Rebuild Remembered Sets 88.360ms
[2020-09-29T10:11:14.042+0000][7792][gc,start     ] GC(342) Pause Cleanup
[2020-09-29T10:11:14.042+0000][7792][gc           ] GC(342) Pause Cleanup 331M->331M(1024M) 0.396ms
[2020-09-29T10:11:14.042+0000][7792][gc,cpu       ] GC(342) User=0.00s Sys=0.00s Real=0.00s
[2020-09-29T10:11:14.042+0000][7792][safepoint    ] Safepoint "G1Concurrent", Time since last: 88551300 ns, Reaching safepoint: 180700 ns, At safepoint: 571400 ns, Total: 752100 ns
[2020-09-29T10:11:14.042+0000][7792][gc,marking   ] GC(342) Concurrent Cleanup for Next Mark
[2020-09-29T10:11:14.044+0000][7792][gc,marking   ] GC(342) Concurrent Cleanup for Next Mark 1.848ms
[2020-09-29T10:11:14.044+0000][7792][gc           ] GC(342) Concurrent Cycle 231.691ms
[2020-09-29T10:11:14.343+0000][7792][gc,start     ] GC(343) Pause Young (Concurrent Start) (G1 Humongous Allocation)
[2020-09-29T10:11:14.343+0000][7792][gc,task      ] GC(343) Using 8 workers of 8 for evacuation
[2020-09-29T10:11:14.343+0000][7792][gc,age       ] GC(343) Desired survivor size 33554432 bytes, new threshold 15 (max threshold 15)
[2020-09-29T10:11:14.347+0000][7792][gc,age       ] GC(343) Age table with threshold 15 (max threshold 15)
[2020-09-29T10:11:14.347+0000][7792][gc,age       ] GC(343) - age   1:    2724488 bytes,    2724488 total
[2020-09-29T10:11:14.347+0000][7792][gc,age       ] GC(343) - age   2:       4192 bytes,    2728680 total
[2020-09-29T10:11:14.348+0000][7792][gc,age       ] GC(343) - age   3:       8488 bytes,    2737168 total
[2020-09-29T10:11:14.348+0000][7792][gc,age       ] GC(343) - age   4:     146464 bytes,    2883632 total
[2020-09-29T10:11:14.348+0000][7792][gc,age       ] GC(343) - age   5:      17664 bytes,    2901296 total
[2020-09-29T10:11:14.348+0000][7792][gc,age       ] GC(343) - age   6:     139864 bytes,    3041160 total
[2020-09-29T10:11:14.348+0000][7792][gc,age       ] GC(343) - age   7:       1096 bytes,    3042256 total
[2020-09-29T10:11:14.348+0000][7792][gc,age       ] GC(343) - age   8:       1184 bytes,    3043440 total
[2020-09-29T10:11:14.348+0000][7792][gc,age       ] GC(343) - age   9:        232 bytes,    3043672 total
[2020-09-29T10:11:14.348+0000][7792][gc,age       ] GC(343) - age  10:       1752 bytes,    3045424 total
[2020-09-29T10:11:14.348+0000][7792][gc,age       ] GC(343) - age  11:      10136 bytes,    3055560 total
[2020-09-29T10:11:14.348+0000][7792][gc,age       ] GC(343) - age  12:        336 bytes,    3055896 total
[2020-09-29T10:11:14.348+0000][7792][gc,age       ] GC(343) - age  13:      13288 bytes,    3069184 total
[2020-09-29T10:11:14.348+0000][7792][gc,age       ] GC(343) - age  14:      70392 bytes,    3139576 total
[2020-09-29T10:11:14.348+0000][7792][gc,age       ] GC(343) - age  15:      11752 bytes,    3151328 total
[2020-09-29T10:11:14.348+0000][7792][gc,phases    ] GC(343)   Pre Evacuate Collection Set: 0.4ms
[2020-09-29T10:11:14.348+0000][7792][gc,phases    ] GC(343)   Merge Heap Roots: 0.1ms
[2020-09-29T10:11:14.348+0000][7792][gc,phases    ] GC(343)   Evacuate Collection Set: 2.5ms
[2020-09-29T10:11:14.348+0000][7792][gc,phases    ] GC(343)   Post Evacuate Collection Set: 0.8ms
[2020-09-29T10:11:14.348+0000][7792][gc,phases    ] GC(343)   Other: 1.1ms
[2020-09-29T10:11:14.348+0000][7792][gc,heap      ] GC(343) Eden regions: 35->0(503)
[2020-09-29T10:11:14.348+0000][7792][gc,heap      ] GC(343) Survivor regions: 4->4(64)
[2020-09-29T10:11:14.348+0000][7792][gc,heap      ] GC(343) Old regions: 79->79
[2020-09-29T10:11:14.348+0000][7792][gc,heap      ] GC(343) Archive regions: 0->0
[2020-09-29T10:11:14.348+0000][7792][gc,heap      ] GC(343) Humongous regions: 231->174
[2020-09-29T10:11:14.348+0000][7792][gc,metaspace ] GC(343) Metaspace: 89670K(95616K)->89670K(95616K) NonClass: 78401K(81920K)->78401K(81920K) Class: 11269K(13696K)->11269K(13696K)
[2020-09-29T10:11:14.349+0000][7792][gc           ] GC(343) Pause Young (Concurrent Start) (G1 Humongous Allocation) 347M->255M(1024M) 5.463ms
[2020-09-29T10:11:14.349+0000][7792][gc,cpu       ] GC(343) User=0.00s Sys=0.00s Real=0.01s
[2020-09-29T10:11:14.349+0000][7792][gc           ] GC(344) Concurrent Cycle
[2020-09-29T10:11:14.349+0000][7792][safepoint    ] Safepoint "G1TryInitiateConcMark", Time since last: 301130600 ns, Reaching safepoint: 180900 ns, At safepoint: 5707800 ns, Total: 5888700 ns
[2020-09-29T10:11:14.349+0000][7792][gc,marking   ] GC(344) Concurrent Clear Claimed Marks
[2020-09-29T10:11:14.350+0000][7792][gc,marking   ] GC(344) Concurrent Clear Claimed Marks 0.866ms
[2020-09-29T10:11:14.350+0000][7792][gc,marking   ] GC(344) Concurrent Scan Root Regions
[2020-09-29T10:11:14.353+0000][7792][gc,marking   ] GC(344) Concurrent Scan Root Regions 3.338ms
[2020-09-29T10:11:14.353+0000][7792][gc,marking   ] GC(344) Concurrent Mark (937.456s)
[2020-09-29T10:11:14.353+0000][7792][gc,marking   ] GC(344) Concurrent Mark From Roots
[2020-09-29T10:11:14.353+0000][7792][gc,task      ] GC(344) Using 2 workers of 2 for marking
[2020-09-29T10:11:14.479+0000][7792][gc,marking   ] GC(344) Concurrent Mark From Roots 125.123ms
[2020-09-29T10:11:14.479+0000][7792][gc,marking   ] GC(344) Concurrent Preclean
[2020-09-29T10:11:14.479+0000][7792][gc,marking   ] GC(344) Concurrent Preclean 0.389ms
[2020-09-29T10:11:14.479+0000][7792][gc,marking   ] GC(344) Concurrent Mark (937.456s, 937.581s) 125.667ms
[2020-09-29T10:11:14.479+0000][7792][gc,start     ] GC(344) Pause Remark
[2020-09-29T10:11:14.486+0000][7792][gc           ] GC(344) Pause Remark 411M->411M(1024M) 6.940ms
[2020-09-29T10:11:14.487+0000][7792][gc,cpu       ] GC(344) User=0.11s Sys=0.00s Real=0.01s
[2020-09-29T10:11:14.487+0000][7792][safepoint    ] Safepoint "G1Concurrent", Time since last: 130266000 ns, Reaching safepoint: 147600 ns, At safepoint: 7164000 ns, Total: 7311600 ns
[2020-09-29T10:11:14.487+0000][7792][gc,marking   ] GC(344) Concurrent Rebuild Remembered Sets
[2020-09-29T10:11:14.577+0000][7792][gc,marking   ] GC(344) Concurrent Rebuild Remembered Sets 90.291ms
[2020-09-29T10:11:14.577+0000][7792][gc,start     ] GC(344) Pause Cleanup
[2020-09-29T10:11:14.578+0000][7792][gc           ] GC(344) Pause Cleanup 432M->432M(1024M) 0.403ms
[2020-09-29T10:11:14.578+0000][7792][gc,cpu       ] GC(344) User=0.00s Sys=0.00s Real=0.00s
[2020-09-29T10:11:14.578+0000][7792][safepoint    ] Safepoint "G1Concurrent", Time since last: 90476400 ns, Reaching safepoint: 169200 ns, At safepoint: 630700 ns, Total: 799900 ns
[2020-09-29T10:11:14.578+0000][7792][gc,marking   ] GC(344) Concurrent Cleanup for Next Mark
[2020-09-29T10:11:14.580+0000][7792][gc,marking   ] GC(344) Concurrent Cleanup for Next Mark 1.934ms
[2020-09-29T10:11:14.580+0000][7792][gc           ] GC(344) Concurrent Cycle 231.031ms
[2020-09-29T10:11:14.586+0000][7792][gc,start     ] GC(345) Pause Young (Concurrent Start) (G1 Humongous Allocation)
[2020-09-29T10:11:14.586+0000][7792][gc,task      ] GC(345) Using 8 workers of 8 for evacuation
[2020-09-29T10:11:14.586+0000][7792][gc,age       ] GC(345) Desired survivor size 33554432 bytes, new threshold 15 (max threshold 15)
[2020-09-29T10:11:14.591+0000][7792][gc,age       ] GC(345) Age table with threshold 15 (max threshold 15)
[2020-09-29T10:11:14.591+0000][7792][gc,age       ] GC(345) - age   1:    3289328 bytes,    3289328 total
[2020-09-29T10:11:14.591+0000][7792][gc,age       ] GC(345) - age   2:      15160 bytes,    3304488 total
[2020-09-29T10:11:14.591+0000][7792][gc,age       ] GC(345) - age   3:       2424 bytes,    3306912 total
[2020-09-29T10:11:14.591+0000][7792][gc,age       ] GC(345) - age   4:       4768 bytes,    3311680 total
[2020-09-29T10:11:14.591+0000][7792][gc,age       ] GC(345) - age   5:     146176 bytes,    3457856 total
[2020-09-29T10:11:14.591+0000][7792][gc,age       ] GC(345) - age   6:      17664 bytes,    3475520 total
[2020-09-29T10:11:14.591+0000][7792][gc,age       ] GC(345) - age   7:     139832 bytes,    3615352 total
[2020-09-29T10:11:14.591+0000][7792][gc,age       ] GC(345) - age   8:        968 bytes,    3616320 total
[2020-09-29T10:11:14.591+0000][7792][gc,age       ] GC(345) - age   9:       1184 bytes,    3617504 total
[2020-09-29T10:11:14.591+0000][7792][gc,age       ] GC(345) - age  10:        232 bytes,    3617736 total
[2020-09-29T10:11:14.591+0000][7792][gc,age       ] GC(345) - age  11:       1688 bytes,    3619424 total
[2020-09-29T10:11:14.591+0000][7792][gc,age       ] GC(345) - age  12:      10008 bytes,    3629432 total
[2020-09-29T10:11:14.591+0000][7792][gc,age       ] GC(345) - age  13:        304 bytes,    3629736 total
[2020-09-29T10:11:14.591+0000][7792][gc,age       ] GC(345) - age  14:      13224 bytes,    3642960 total
[2020-09-29T10:11:14.591+0000][7792][gc,age       ] GC(345) - age  15:      70392 bytes,    3713352 total
[2020-09-29T10:11:14.591+0000][7792][gc,phases    ] GC(345)   Pre Evacuate Collection Set: 0.4ms
[2020-09-29T10:11:14.591+0000][7792][gc,phases    ] GC(345)   Merge Heap Roots: 0.1ms
[2020-09-29T10:11:14.591+0000][7792][gc,phases    ] GC(345)   Evacuate Collection Set: 2.8ms
[2020-09-29T10:11:14.592+0000][7792][gc,phases    ] GC(345)   Post Evacuate Collection Set: 0.9ms
[2020-09-29T10:11:14.592+0000][7792][gc,phases    ] GC(345)   Other: 1.0ms
[2020-09-29T10:11:14.592+0000][7792][gc,heap      ] GC(345) Eden regions: 58->0(503)
[2020-09-29T10:11:14.592+0000][7792][gc,heap      ] GC(345) Survivor regions: 4->4(64)
[2020-09-29T10:11:14.592+0000][7792][gc,heap      ] GC(345) Old regions: 79->79
[2020-09-29T10:11:14.592+0000][7792][gc,heap      ] GC(345) Archive regions: 0->0
[2020-09-29T10:11:14.592+0000][7792][gc,heap      ] GC(345) Humongous regions: 298->174
[2020-09-29T10:11:14.592+0000][7792][gc,metaspace ] GC(345) Metaspace: 89677K(95616K)->89677K(95616K) NonClass: 78408K(81920K)->78408K(81920K) Class: 11269K(13696K)->11269K(13696K)
[2020-09-29T10:11:14.592+0000][7792][gc           ] GC(345) Pause Young (Concurrent Start) (G1 Humongous Allocation) 436M->255M(1024M) 5.683ms
[2020-09-29T10:11:14.592+0000][7792][gc,cpu       ] GC(345) User=0.00s Sys=0.00s Real=0.01s
[2020-09-29T10:11:14.592+0000][7792][gc           ] GC(346) Concurrent Cycle
[2020-09-29T10:11:14.592+0000][7792][gc,marking   ] GC(346) Concurrent Clear Claimed Marks
[2020-09-29T10:11:14.592+0000][7792][safepoint    ] Safepoint "G1TryInitiateConcMark", Time since last: 8078400 ns, Reaching safepoint: 194200 ns, At safepoint: 5967800 ns, Total: 6162000 ns
[2020-09-29T10:11:14.592+0000][7792][gc,marking   ] GC(346) Concurrent Clear Claimed Marks 0.363ms
[2020-09-29T10:11:14.593+0000][7792][gc,marking   ] GC(346) Concurrent Scan Root Regions
[2020-09-29T10:11:14.596+0000][7792][gc,marking   ] GC(346) Concurrent Scan Root Regions 3.671ms
[2020-09-29T10:11:14.596+0000][7792][gc,marking   ] GC(346) Concurrent Mark (937.699s)
[2020-09-29T10:11:14.596+0000][7792][gc,marking   ] GC(346) Concurrent Mark From Roots
[2020-09-29T10:11:14.596+0000][7792][gc,task      ] GC(346) Using 2 workers of 2 for marking
[2020-09-29T10:11:14.746+0000][7792][gc,marking   ] GC(346) Concurrent Mark From Roots 149.815ms
[2020-09-29T10:11:14.746+0000][7792][gc,marking   ] GC(346) Concurrent Preclean
[2020-09-29T10:11:14.746+0000][7792][gc,marking   ] GC(346) Concurrent Preclean 0.438ms
[2020-09-29T10:11:14.746+0000][7792][gc,marking   ] GC(346) Concurrent Mark (937.699s, 937.849s) 150.383ms
[2020-09-29T10:11:14.746+0000][7792][gc,start     ] GC(346) Pause Remark
[2020-09-29T10:11:14.753+0000][7792][gc           ] GC(346) Pause Remark 404M->404M(1024M) 6.776ms
[2020-09-29T10:11:14.753+0000][7792][gc,cpu       ] GC(346) User=0.11s Sys=0.00s Real=0.01s
[2020-09-29T10:11:14.753+0000][7792][safepoint    ] Safepoint "G1Concurrent", Time since last: 154684900 ns, Reaching safepoint: 144800 ns, At safepoint: 7032500 ns, Total: 7177300 ns
[2020-09-29T10:11:14.754+0000][7792][gc,marking   ] GC(346) Concurrent Rebuild Remembered Sets
[2020-09-29T10:11:14.833+0000][7792][gc,marking   ] GC(346) Concurrent Rebuild Remembered Sets 78.516ms
[2020-09-29T10:11:14.833+0000][7792][gc,start     ] GC(346) Pause Cleanup
[2020-09-29T10:11:14.833+0000][7792][gc           ] GC(346) Pause Cleanup 407M->407M(1024M) 0.312ms
[2020-09-29T10:11:14.833+0000][7792][gc,cpu       ] GC(346) User=0.00s Sys=0.00s Real=0.00s
[2020-09-29T10:11:14.833+0000][7792][safepoint    ] Safepoint "G1Concurrent", Time since last: 78722300 ns, Reaching safepoint: 152900 ns, At safepoint: 484000 ns, Total: 636900 ns
[2020-09-29T10:11:14.833+0000][7792][gc,marking   ] GC(346) Concurrent Cleanup for Next Mark
[2020-09-29T10:11:14.835+0000][7792][gc,marking   ] GC(346) Concurrent Cleanup for Next Mark 1.696ms
[2020-09-29T10:11:14.835+0000][7792][gc           ] GC(346) Concurrent Cycle 243.238ms
[2020-09-29T10:11:14.873+0000][7792][gc,start     ] GC(347) Pause Young (Concurrent Start) (G1 Humongous Allocation)
[2020-09-29T10:11:14.874+0000][7792][gc,task      ] GC(347) Using 8 workers of 8 for evacuation
[2020-09-29T10:11:14.874+0000][7792][gc,age       ] GC(347) Desired survivor size 33554432 bytes, new threshold 15 (max threshold 15)
[2020-09-29T10:11:14.877+0000][7792][gc,age       ] GC(347) Age table with threshold 15 (max threshold 15)
[2020-09-29T10:11:14.878+0000][7792][gc,age       ] GC(347) - age   1:    2719120 bytes,    2719120 total
[2020-09-29T10:11:14.878+0000][7792][gc,age       ] GC(347) - age   2:       4272 bytes,    2723392 total
[2020-09-29T10:11:14.878+0000][7792][gc,age       ] GC(347) - age   3:       9976 bytes,    2733368 total
[2020-09-29T10:11:14.878+0000][7792][gc,age       ] GC(347) - age   4:       1904 bytes,    2735272 total
[2020-09-29T10:11:14.878+0000][7792][gc,age       ] GC(347) - age   5:       4736 bytes,    2740008 total
[2020-09-29T10:11:14.878+0000][7792][gc,age       ] GC(347) - age   6:     146176 bytes,    2886184 total
[2020-09-29T10:11:14.878+0000][7792][gc,age       ] GC(347) - age   7:      17664 bytes,    2903848 total
[2020-09-29T10:11:14.878+0000][7792][gc,age       ] GC(347) - age   8:     139656 bytes,    3043504 total
[2020-09-29T10:11:14.878+0000][7792][gc,age       ] GC(347) - age   9:        968 bytes,    3044472 total
[2020-09-29T10:11:14.878+0000][7792][gc,age       ] GC(347) - age  10:       1184 bytes,    3045656 total
[2020-09-29T10:11:14.878+0000][7792][gc,age       ] GC(347) - age  11:        232 bytes,    3045888 total
[2020-09-29T10:11:14.878+0000][7792][gc,age       ] GC(347) - age  12:       1688 bytes,    3047576 total
[2020-09-29T10:11:14.878+0000][7792][gc,age       ] GC(347) - age  13:       9912 bytes,    3057488 total
[2020-09-29T10:11:14.878+0000][7792][gc,age       ] GC(347) - age  14:        304 bytes,    3057792 total
[2020-09-29T10:11:14.878+0000][7792][gc,age       ] GC(347) - age  15:      13224 bytes,    3071016 total
[2020-09-29T10:11:14.878+0000][7792][gc,phases    ] GC(347)   Pre Evacuate Collection Set: 0.4ms
[2020-09-29T10:11:14.878+0000][7792][gc,phases    ] GC(347)   Merge Heap Roots: 0.1ms
[2020-09-29T10:11:14.878+0000][7792][gc,phases    ] GC(347)   Evacuate Collection Set: 2.3ms
[2020-09-29T10:11:14.878+0000][7792][gc,phases    ] GC(347)   Post Evacuate Collection Set: 0.9ms
[2020-09-29T10:11:14.878+0000][7792][gc,phases    ] GC(347)   Other: 0.9ms
[2020-09-29T10:11:14.878+0000][7792][gc,heap      ] GC(347) Eden regions: 43->0(503)
[2020-09-29T10:11:14.878+0000][7792][gc,heap      ] GC(347) Survivor regions: 4->4(64)
[2020-09-29T10:11:14.878+0000][7792][gc,heap      ] GC(347) Old regions: 79->79
[2020-09-29T10:11:14.878+0000][7792][gc,heap      ] GC(347) Archive regions: 0->0
[2020-09-29T10:11:14.878+0000][7792][gc,heap      ] GC(347) Humongous regions: 288->174
[2020-09-29T10:11:14.878+0000][7792][gc,metaspace ] GC(347) Metaspace: 89678K(95616K)->89678K(95616K) NonClass: 78409K(81920K)->78409K(81920K) Class: 11269K(13696K)->11269K(13696K)
[2020-09-29T10:11:14.879+0000][7792][gc           ] GC(347) Pause Young (Concurrent Start) (G1 Humongous Allocation) 412M->255M(1024M) 5.062ms
[2020-09-29T10:11:14.879+0000][7792][gc,cpu       ] GC(347) User=0.11s Sys=0.00s Real=0.01s
[2020-09-29T10:11:14.879+0000][7792][safepoint    ] Safepoint "G1TryInitiateConcMark", Time since last: 39562100 ns, Reaching safepoint: 143300 ns, At safepoint: 5298500 ns, Total: 5441800 ns
[2020-09-29T10:11:14.879+0000][7792][gc           ] GC(348) Concurrent Cycle
[2020-09-29T10:11:14.879+0000][7792][gc,marking   ] GC(348) Concurrent Clear Claimed Marks
[2020-09-29T10:11:14.879+0000][7792][gc,marking   ] GC(348) Concurrent Clear Claimed Marks 0.466ms
[2020-09-29T10:11:14.879+0000][7792][gc,marking   ] GC(348) Concurrent Scan Root Regions
[2020-09-29T10:11:14.882+0000][7792][gc,marking   ] GC(348) Concurrent Scan Root Regions 2.832ms
[2020-09-29T10:11:14.882+0000][7792][gc,marking   ] GC(348) Concurrent Mark (937.984s)
[2020-09-29T10:11:14.882+0000][7792][gc,marking   ] GC(348) Concurrent Mark From Roots
[2020-09-29T10:11:14.882+0000][7792][gc,task      ] GC(348) Using 2 workers of 2 for marking
[2020-09-29T10:11:15.046+0000][7792][gc,marking   ] GC(348) Concurrent Mark From Roots 163.498ms
[2020-09-29T10:11:15.046+0000][7792][gc,marking   ] GC(348) Concurrent Preclean
[2020-09-29T10:11:15.046+0000][7792][gc,marking   ] GC(348) Concurrent Preclean 0.556ms
[2020-09-29T10:11:15.046+0000][7792][gc,marking   ] GC(348) Concurrent Mark (937.984s, 938.148s) 164.252ms
[2020-09-29T10:11:15.047+0000][7792][gc,start     ] GC(348) Pause Remark
[2020-09-29T10:11:15.054+0000][7792][gc           ] GC(348) Pause Remark 409M->409M(1024M) 7.567ms
[2020-09-29T10:11:15.055+0000][7792][gc,cpu       ] GC(348) User=0.00s Sys=0.00s Real=0.01s
[2020-09-29T10:11:15.055+0000][7792][safepoint    ] Safepoint "G1Concurrent", Time since last: 167982700 ns, Reaching safepoint: 194400 ns, At safepoint: 8009400 ns, Total: 8203800 ns
[2020-09-29T10:11:15.055+0000][7792][gc,marking   ] GC(348) Concurrent Rebuild Remembered Sets
[2020-09-29T10:11:15.142+0000][7792][gc,marking   ] GC(348) Concurrent Rebuild Remembered Sets 86.702ms
[2020-09-29T10:11:15.142+0000][7792][gc,start     ] GC(348) Pause Cleanup
[2020-09-29T10:11:15.142+0000][7792][gc           ] GC(348) Pause Cleanup 431M->431M(1024M) 0.346ms
[2020-09-29T10:11:15.142+0000][7792][gc,cpu       ] GC(348) User=0.00s Sys=0.00s Real=0.00s
[2020-09-29T10:11:15.142+0000][7792][safepoint    ] Safepoint "G1Concurrent", Time since last: 86941100 ns, Reaching safepoint: 143800 ns, At safepoint: 531500 ns, Total: 675300 ns
[2020-09-29T10:11:15.142+0000][7792][gc,marking   ] GC(348) Concurrent Cleanup for Next Mark
[2020-09-29T10:11:15.144+0000][7792][gc,marking   ] GC(348) Concurrent Cleanup for Next Mark 1.694ms
[2020-09-29T10:11:15.144+0000][7792][gc           ] GC(348) Concurrent Cycle 265.656ms
[2020-09-29T10:11:15.150+0000][7792][gc,start     ] GC(349) Pause Young (Concurrent Start) (G1 Humongous Allocation)
[2020-09-29T10:11:15.150+0000][7792][gc,task      ] GC(349) Using 8 workers of 8 for evacuation
[2020-09-29T10:11:15.150+0000][7792][gc,age       ] GC(349) Desired survivor size 33554432 bytes, new threshold 15 (max threshold 15)
[2020-09-29T10:11:15.154+0000][7792][gc,age       ] GC(349) Age table with threshold 15 (max threshold 15)
[2020-09-29T10:11:15.154+0000][7792][gc,age       ] GC(349) - age   1:    3288336 bytes,    3288336 total
[2020-09-29T10:11:15.154+0000][7792][gc,age       ] GC(349) - age   2:       9952 bytes,    3298288 total
[2020-09-29T10:11:15.154+0000][7792][gc,age       ] GC(349) - age   3:       3080 bytes,    3301368 total
[2020-09-29T10:11:15.154+0000][7792][gc,age       ] GC(349) - age   4:       9744 bytes,    3311112 total
[2020-09-29T10:11:15.154+0000][7792][gc,age       ] GC(349) - age   5:       1456 bytes,    3312568 total
[2020-09-29T10:11:15.154+0000][7792][gc,age       ] GC(349) - age   6:       4736 bytes,    3317304 total
[2020-09-29T10:11:15.154+0000][7792][gc,age       ] GC(349) - age   7:     145496 bytes,    3462800 total
[2020-09-29T10:11:15.154+0000][7792][gc,age       ] GC(349) - age   8:      17664 bytes,    3480464 total
[2020-09-29T10:11:15.154+0000][7792][gc,age       ] GC(349) - age   9:     139656 bytes,    3620120 total
[2020-09-29T10:11:15.154+0000][7792][gc,age       ] GC(349) - age  10:        968 bytes,    3621088 total
[2020-09-29T10:11:15.154+0000][7792][gc,age       ] GC(349) - age  11:       1056 bytes,    3622144 total
[2020-09-29T10:11:15.155+0000][7792][gc,age       ] GC(349) - age  12:        232 bytes,    3622376 total
[2020-09-29T10:11:15.155+0000][7792][gc,age       ] GC(349) - age  13:       1688 bytes,    3624064 total
[2020-09-29T10:11:15.155+0000][7792][gc,age       ] GC(349) - age  14:       9784 bytes,    3633848 total
[2020-09-29T10:11:15.155+0000][7792][gc,age       ] GC(349) - age  15:        304 bytes,    3634152 total
[2020-09-29T10:11:15.155+0000][7792][gc,phases    ] GC(349)   Pre Evacuate Collection Set: 0.4ms
[2020-09-29T10:11:15.155+0000][7792][gc,phases    ] GC(349)   Merge Heap Roots: 0.1ms
[2020-09-29T10:11:15.155+0000][7792][gc,phases    ] GC(349)   Evacuate Collection Set: 2.4ms
[2020-09-29T10:11:15.155+0000][7792][gc,phases    ] GC(349)   Post Evacuate Collection Set: 0.9ms
[2020-09-29T10:11:15.155+0000][7792][gc,phases    ] GC(349)   Other: 1.0ms
[2020-09-29T10:11:15.155+0000][7792][gc,heap      ] GC(349) Eden regions: 57->0(503)
[2020-09-29T10:11:15.155+0000][7792][gc,heap      ] GC(349) Survivor regions: 4->4(64)
[2020-09-29T10:11:15.155+0000][7792][gc,heap      ] GC(349) Old regions: 79->79
[2020-09-29T10:11:15.155+0000][7792][gc,heap      ] GC(349) Archive regions: 0->0
[2020-09-29T10:11:15.155+0000][7792][gc,heap      ] GC(349) Humongous regions: 298->174
[2020-09-29T10:11:15.155+0000][7792][gc,metaspace ] GC(349) Metaspace: 89678K(95616K)->89678K(95616K) NonClass: 78409K(81920K)->78409K(81920K) Class: 11269K(13696K)->11269K(13696K)
[2020-09-29T10:11:15.155+0000][7792][gc           ] GC(349) Pause Young (Concurrent Start) (G1 Humongous Allocation) 435M->255M(1024M) 5.383ms
[2020-09-29T10:11:15.155+0000][7792][gc,cpu       ] GC(349) User=0.00s Sys=0.00s Real=0.00s
[2020-09-29T10:11:15.155+0000][7792][gc           ] GC(350) Concurrent Cycle
[2020-09-29T10:11:15.156+0000][7792][gc,marking   ] GC(350) Concurrent Clear Claimed Marks
[2020-09-29T10:11:15.156+0000][7792][safepoint    ] Safepoint "G1TryInitiateConcMark", Time since last: 7321500 ns, Reaching safepoint: 141700 ns, At safepoint: 5657300 ns, Total: 5799000 ns
[2020-09-29T10:11:15.156+0000][7792][gc,marking   ] GC(350) Concurrent Clear Claimed Marks 0.416ms
[2020-09-29T10:11:15.156+0000][7792][gc,marking   ] GC(350) Concurrent Scan Root Regions
[2020-09-29T10:11:15.159+0000][7792][gc,marking   ] GC(350) Concurrent Scan Root Regions 3.322ms
[2020-09-29T10:11:15.159+0000][7792][gc,marking   ] GC(350) Concurrent Mark (938.261s)
[2020-09-29T10:11:15.159+0000][7792][gc,marking   ] GC(350) Concurrent Mark From Roots
[2020-09-29T10:11:15.159+0000][7792][gc,task      ] GC(350) Using 2 workers of 2 for marking
[2020-09-29T10:11:15.316+0000][7792][gc,marking   ] GC(350) Concurrent Mark From Roots 156.692ms
[2020-09-29T10:11:15.316+0000][7792][gc,marking   ] GC(350) Concurrent Preclean
[2020-09-29T10:11:15.316+0000][7792][gc,marking   ] GC(350) Concurrent Preclean 0.615ms
[2020-09-29T10:11:15.316+0000][7792][gc,marking   ] GC(350) Concurrent Mark (938.261s, 938.419s) 157.502ms
[2020-09-29T10:11:15.317+0000][7792][gc,start     ] GC(350) Pause Remark
[2020-09-29T10:11:15.324+0000][7792][gc           ] GC(350) Pause Remark 468M->468M(1024M) 7.268ms
[2020-09-29T10:11:15.324+0000][7792][gc,cpu       ] GC(350) User=0.00s Sys=0.00s Real=0.01s
[2020-09-29T10:11:15.324+0000][7792][safepoint    ] Safepoint "G1Concurrent", Time since last: 161528400 ns, Reaching safepoint: 175800 ns, At safepoint: 7520200 ns, Total: 7696000 ns
[2020-09-29T10:11:15.324+0000][7792][gc,marking   ] GC(350) Concurrent Rebuild Remembered Sets
[2020-09-29T10:11:15.410+0000][7792][gc,marking   ] GC(350) Concurrent Rebuild Remembered Sets 85.412ms
[2020-09-29T10:11:15.410+0000][7792][gc,start     ] GC(350) Pause Cleanup
[2020-09-29T10:11:15.410+0000][7792][gc           ] GC(350) Pause Cleanup 476M->476M(1024M) 0.388ms
[2020-09-29T10:11:15.410+0000][7792][gc,cpu       ] GC(350) User=0.00s Sys=0.00s Real=0.00s
[2020-09-29T10:11:15.410+0000][7792][safepoint    ] Safepoint "G1Concurrent", Time since last: 85645700 ns, Reaching safepoint: 129000 ns, At safepoint: 596700 ns, Total: 725700 ns
[2020-09-29T10:11:15.411+0000][7792][gc,marking   ] GC(350) Concurrent Cleanup for Next Mark
[2020-09-29T10:11:15.412+0000][7792][gc,marking   ] GC(350) Concurrent Cleanup for Next Mark 1.470ms
[2020-09-29T10:11:15.412+0000][7792][gc           ] GC(350) Concurrent Cycle 257.388ms
[2020-09-29T10:11:15.507+0000][7792][gc,start     ] GC(351) Pause Young (Concurrent Start) (G1 Humongous Allocation)
[2020-09-29T10:11:15.507+0000][7792][gc,task      ] GC(351) Using 8 workers of 8 for evacuation
[2020-09-29T10:11:15.507+0000][7792][gc,age       ] GC(351) Desired survivor size 33554432 bytes, new threshold 15 (max threshold 15)
[2020-09-29T10:11:15.511+0000][7792][gc,age       ] GC(351) Age table with threshold 15 (max threshold 15)
[2020-09-29T10:11:15.511+0000][7792][gc,age       ] GC(351) - age   1:    2721736 bytes,    2721736 total
[2020-09-29T10:11:15.511+0000][7792][gc,age       ] GC(351) - age   2:       2976 bytes,    2724712 total
[2020-09-29T10:11:15.511+0000][7792][gc,age       ] GC(351) - age   3:       5048 bytes,    2729760 total
[2020-09-29T10:11:15.511+0000][7792][gc,age       ] GC(351) - age   4:       1640 bytes,    2731400 total
[2020-09-29T10:11:15.511+0000][7792][gc,age       ] GC(351) - age   5:       9616 bytes,    2741016 total
[2020-09-29T10:11:15.511+0000][7792][gc,age       ] GC(351) - age   6:       1392 bytes,    2742408 total
[2020-09-29T10:11:15.511+0000][7792][gc,age       ] GC(351) - age   7:       4736 bytes,    2747144 total
[2020-09-29T10:11:15.511+0000][7792][gc,age       ] GC(351) - age   8:     143080 bytes,    2890224 total
[2020-09-29T10:11:15.512+0000][7792][gc,age       ] GC(351) - age   9:      17632 bytes,    2907856 total
[2020-09-29T10:11:15.512+0000][7792][gc,age       ] GC(351) - age  10:     139656 bytes,    3047512 total
[2020-09-29T10:11:15.512+0000][7792][gc,age       ] GC(351) - age  11:        968 bytes,    3048480 total
[2020-09-29T10:11:15.512+0000][7792][gc,age       ] GC(351) - age  12:        896 bytes,    3049376 total
[2020-09-29T10:11:15.512+0000][7792][gc,age       ] GC(351) - age  13:        232 bytes,    3049608 total
[2020-09-29T10:11:15.512+0000][7792][gc,age       ] GC(351) - age  14:       1688 bytes,    3051296 total
[2020-09-29T10:11:15.512+0000][7792][gc,age       ] GC(351) - age  15:       9784 bytes,    3061080 total
[2020-09-29T10:11:15.512+0000][7792][gc,phases    ] GC(351)   Pre Evacuate Collection Set: 0.5ms
[2020-09-29T10:11:15.512+0000][7792][gc,phases    ] GC(351)   Merge Heap Roots: 0.1ms
[2020-09-29T10:11:15.512+0000][7792][gc,phases    ] GC(351)   Evacuate Collection Set: 2.6ms
[2020-09-29T10:11:15.512+0000][7792][gc,phases    ] GC(351)   Post Evacuate Collection Set: 1.0ms
[2020-09-29T10:11:15.512+0000][7792][gc,phases    ] GC(351)   Other: 1.2ms
[2020-09-29T10:11:15.512+0000][7792][gc,heap      ] GC(351) Eden regions: 55->0(503)
[2020-09-29T10:11:15.512+0000][7792][gc,heap      ] GC(351) Survivor regions: 4->4(64)
[2020-09-29T10:11:15.512+0000][7792][gc,heap      ] GC(351) Old regions: 79->79
[2020-09-29T10:11:15.512+0000][7792][gc,heap      ] GC(351) Archive regions: 0->0
[2020-09-29T10:11:15.512+0000][7792][gc,heap      ] GC(351) Humongous regions: 345->174
[2020-09-29T10:11:15.512+0000][7792][gc,metaspace ] GC(351) Metaspace: 89678K(95616K)->89678K(95616K) NonClass: 78409K(81920K)->78409K(81920K) Class: 11269K(13696K)->11269K(13696K)
[2020-09-29T10:11:15.512+0000][7792][gc           ] GC(351) Pause Young (Concurrent Start) (G1 Humongous Allocation) 481M->255M(1024M) 5.814ms
[2020-09-29T10:11:15.512+0000][7792][gc,cpu       ] GC(351) User=0.00s Sys=0.00s Real=0.01s
[2020-09-29T10:11:15.513+0000][7792][gc           ] GC(352) Concurrent Cycle
[2020-09-29T10:11:15.513+0000][7792][safepoint    ] Safepoint "G1TryInitiateConcMark", Time since last: 95835800 ns, Reaching safepoint: 163900 ns, At safepoint: 6080300 ns, Total: 6244200 ns
[2020-09-29T10:11:15.513+0000][7792][gc,marking   ] GC(352) Concurrent Clear Claimed Marks
[2020-09-29T10:11:15.513+0000][7792][gc,marking   ] GC(352) Concurrent Clear Claimed Marks 0.490ms
[2020-09-29T10:11:15.513+0000][7792][gc,marking   ] GC(352) Concurrent Scan Root Regions
[2020-09-29T10:11:15.517+0000][7792][gc,marking   ] GC(352) Concurrent Scan Root Regions 3.675ms
[2020-09-29T10:11:15.517+0000][7792][gc,marking   ] GC(352) Concurrent Mark (938.620s)
[2020-09-29T10:11:15.517+0000][7792][gc,marking   ] GC(352) Concurrent Mark From Roots
[2020-09-29T10:11:15.517+0000][7792][gc,task      ] GC(352) Using 2 workers of 2 for marking
[2020-09-29T10:11:15.699+0000][7792][gc,marking   ] GC(352) Concurrent Mark From Roots 182.018ms
[2020-09-29T10:11:15.699+0000][7792][gc,marking   ] GC(352) Concurrent Preclean
[2020-09-29T10:11:15.700+0000][7792][gc,marking   ] GC(352) Concurrent Preclean 0.735ms
[2020-09-29T10:11:15.700+0000][7792][gc,marking   ] GC(352) Concurrent Mark (938.620s, 938.803s) 182.981ms
[2020-09-29T10:11:15.700+0000][7792][gc,start     ] GC(352) Pause Remark
[2020-09-29T10:11:15.710+0000][7792][gc           ] GC(352) Pause Remark 394M->394M(1024M) 9.239ms
[2020-09-29T10:11:15.710+0000][7792][gc,cpu       ] GC(352) User=0.00s Sys=0.02s Real=0.01s
[2020-09-29T10:11:15.710+0000][7792][safepoint    ] Safepoint "G1Concurrent", Time since last: 187456800 ns, Reaching safepoint: 208700 ns, At safepoint: 9648000 ns, Total: 9856700 ns
[2020-09-29T10:11:15.710+0000][7792][gc,marking   ] GC(352) Concurrent Rebuild Remembered Sets
[2020-09-29T10:11:15.811+0000][7792][gc,marking   ] GC(352) Concurrent Rebuild Remembered Sets 101.110ms
[2020-09-29T10:11:15.812+0000][7792][gc,start     ] GC(352) Pause Cleanup
[2020-09-29T10:11:15.812+0000][7792][gc           ] GC(352) Pause Cleanup 431M->431M(1024M) 0.426ms
[2020-09-29T10:11:15.812+0000][7792][gc,cpu       ] GC(352) User=0.00s Sys=0.00s Real=0.00s
[2020-09-29T10:11:15.812+0000][7792][safepoint    ] Safepoint "G1Concurrent", Time since last: 101405000 ns, Reaching safepoint: 176700 ns, At safepoint: 617200 ns, Total: 793900 ns
[2020-09-29T10:11:15.812+0000][7792][gc,marking   ] GC(352) Concurrent Cleanup for Next Mark
[2020-09-29T10:11:15.814+0000][7792][gc,marking   ] GC(352) Concurrent Cleanup for Next Mark 1.741ms
[2020-09-29T10:11:15.814+0000][7792][gc           ] GC(352) Concurrent Cycle 301.477ms
[2020-09-29T10:11:15.845+0000][7792][gc,start     ] GC(353) Pause Young (Concurrent Start) (G1 Humongous Allocation)
[2020-09-29T10:11:15.845+0000][7792][gc,task      ] GC(353) Using 8 workers of 8 for evacuation
[2020-09-29T10:11:15.845+0000][7792][gc,age       ] GC(353) Desired survivor size 33554432 bytes, new threshold 15 (max threshold 15)
[2020-09-29T10:11:15.849+0000][7792][gc,age       ] GC(353) Age table with threshold 15 (max threshold 15)
[2020-09-29T10:11:15.849+0000][7792][gc,age       ] GC(353) - age   1:    3288440 bytes,    3288440 total
[2020-09-29T10:11:15.849+0000][7792][gc,age       ] GC(353) - age   2:      12568 bytes,    3301008 total
[2020-09-29T10:11:15.849+0000][7792][gc,age       ] GC(353) - age   3:       1912 bytes,    3302920 total
[2020-09-29T10:11:15.849+0000][7792][gc,age       ] GC(353) - age   4:       4360 bytes,    3307280 total
[2020-09-29T10:11:15.849+0000][7792][gc,age       ] GC(353) - age   5:        936 bytes,    3308216 total
[2020-09-29T10:11:15.849+0000][7792][gc,age       ] GC(353) - age   6:       9616 bytes,    3317832 total
[2020-09-29T10:11:15.849+0000][7792][gc,age       ] GC(353) - age   7:       1264 bytes,    3319096 total
[2020-09-29T10:11:15.849+0000][7792][gc,age       ] GC(353) - age   8:       4544 bytes,    3323640 total
[2020-09-29T10:11:15.849+0000][7792][gc,age       ] GC(353) - age   9:     140552 bytes,    3464192 total
[2020-09-29T10:11:15.849+0000][7792][gc,age       ] GC(353) - age  10:      17632 bytes,    3481824 total
[2020-09-29T10:11:15.849+0000][7792][gc,age       ] GC(353) - age  11:     139568 bytes,    3621392 total
[2020-09-29T10:11:15.849+0000][7792][gc,age       ] GC(353) - age  12:        840 bytes,    3622232 total
[2020-09-29T10:11:15.849+0000][7792][gc,age       ] GC(353) - age  13:        832 bytes,    3623064 total
[2020-09-29T10:11:15.849+0000][7792][gc,age       ] GC(353) - age  14:        200 bytes,    3623264 total
[2020-09-29T10:11:15.849+0000][7792][gc,age       ] GC(353) - age  15:       1624 bytes,    3624888 total
[2020-09-29T10:11:15.849+0000][7792][gc,phases    ] GC(353)   Pre Evacuate Collection Set: 0.5ms
[2020-09-29T10:11:15.849+0000][7792][gc,phases    ] GC(353)   Merge Heap Roots: 0.1ms
[2020-09-29T10:11:15.849+0000][7792][gc,phases    ] GC(353)   Evacuate Collection Set: 2.2ms
[2020-09-29T10:11:15.849+0000][7792][gc,phases    ] GC(353)   Post Evacuate Collection Set: 0.8ms
[2020-09-29T10:11:15.850+0000][7792][gc,phases    ] GC(353)   Other: 1.1ms
[2020-09-29T10:11:15.850+0000][7792][gc,heap      ] GC(353) Eden regions: 58->0(503)
[2020-09-29T10:11:15.850+0000][7792][gc,heap      ] GC(353) Survivor regions: 4->4(64)
[2020-09-29T10:11:15.850+0000][7792][gc,heap      ] GC(353) Old regions: 79->79
[2020-09-29T10:11:15.850+0000][7792][gc,heap      ] GC(353) Archive regions: 0->0
[2020-09-29T10:11:15.850+0000][7792][gc,heap      ] GC(353) Humongous regions: 298->174
[2020-09-29T10:11:15.850+0000][7792][gc,metaspace ] GC(353) Metaspace: 89678K(95616K)->89678K(95616K) NonClass: 78409K(81920K)->78409K(81920K) Class: 11269K(13696K)->11269K(13696K)
[2020-09-29T10:11:15.850+0000][7792][gc           ] GC(353) Pause Young (Concurrent Start) (G1 Humongous Allocation) 437M->255M(1024M) 5.129ms
[2020-09-29T10:11:15.850+0000][7792][gc,cpu       ] GC(353) User=0.00s Sys=0.00s Real=0.00s
[2020-09-29T10:11:15.850+0000][7792][safepoint    ] Safepoint "G1TryInitiateConcMark", Time since last: 32389300 ns, Reaching safepoint: 174700 ns, At safepoint: 5365200 ns, Total: 5539900 ns
[2020-09-29T10:11:15.850+0000][7792][gc           ] GC(354) Concurrent Cycle
[2020-09-29T10:11:15.850+0000][7792][gc,marking   ] GC(354) Concurrent Clear Claimed Marks
[2020-09-29T10:11:15.851+0000][7792][gc,marking   ] GC(354) Concurrent Clear Claimed Marks 0.499ms
[2020-09-29T10:11:15.851+0000][7792][gc,marking   ] GC(354) Concurrent Scan Root Regions
[2020-09-29T10:11:15.854+0000][7792][gc,marking   ] GC(354) Concurrent Scan Root Regions 3.221ms
[2020-09-29T10:11:15.854+0000][7792][gc,marking   ] GC(354) Concurrent Mark (938.957s)
[2020-09-29T10:11:15.854+0000][7792][gc,marking   ] GC(354) Concurrent Mark From Roots
[2020-09-29T10:11:15.854+0000][7792][gc,task      ] GC(354) Using 2 workers of 2 for marking
[2020-09-29T10:11:16.001+0000][7792][gc,marking   ] GC(354) Concurrent Mark From Roots 146.218ms
[2020-09-29T10:11:16.001+0000][7792][gc,marking   ] GC(354) Concurrent Preclean
[2020-09-29T10:11:16.002+0000][7792][gc,marking   ] GC(354) Concurrent Preclean 0.675ms
[2020-09-29T10:11:16.002+0000][7792][gc,marking   ] GC(354) Concurrent Mark (938.957s, 939.104s) 147.083ms
[2020-09-29T10:11:16.002+0000][7792][gc,start     ] GC(354) Pause Remark
[2020-09-29T10:11:16.009+0000][7792][gc           ] GC(354) Pause Remark 470M->470M(1024M) 6.835ms
[2020-09-29T10:11:16.009+0000][7792][gc,cpu       ] GC(354) User=0.00s Sys=0.00s Real=0.01s
[2020-09-29T10:11:16.009+0000][7792][safepoint    ] Safepoint "G1Concurrent", Time since last: 151245900 ns, Reaching safepoint: 161100 ns, At safepoint: 7132000 ns, Total: 7293100 ns
[2020-09-29T10:11:16.009+0000][7792][gc,marking   ] GC(354) Concurrent Rebuild Remembered Sets
[2020-09-29T10:11:16.095+0000][7792][gc,marking   ] GC(354) Concurrent Rebuild Remembered Sets 85.983ms
[2020-09-29T10:11:16.095+0000][7792][gc,start     ] GC(354) Pause Cleanup
[2020-09-29T10:11:16.096+0000][7792][gc           ] GC(354) Pause Cleanup 477M->477M(1024M) 0.341ms
[2020-09-29T10:11:16.096+0000][7792][gc,cpu       ] GC(354) User=0.00s Sys=0.00s Real=0.00s
[2020-09-29T10:11:16.096+0000][7792][safepoint    ] Safepoint "G1Concurrent", Time since last: 86212300 ns, Reaching safepoint: 192700 ns, At safepoint: 504800 ns, Total: 697500 ns
[2020-09-29T10:11:16.096+0000][7792][gc,marking   ] GC(354) Concurrent Cleanup for Next Mark
[2020-09-29T10:11:16.097+0000][7792][gc,marking   ] GC(354) Concurrent Cleanup for Next Mark 1.385ms
[2020-09-29T10:11:16.098+0000][7792][gc           ] GC(354) Concurrent Cycle 247.055ms
[2020-09-29T10:11:16.177+0000][7792][gc,start     ] GC(355) Pause Young (Concurrent Start) (G1 Humongous Allocation)
[2020-09-29T10:11:16.177+0000][7792][gc,task      ] GC(355) Using 8 workers of 8 for evacuation
[2020-09-29T10:11:16.177+0000][7792][gc,age       ] GC(355) Desired survivor size 33554432 bytes, new threshold 15 (max threshold 15)
[2020-09-29T10:11:16.181+0000][7792][gc,age       ] GC(355) Age table with threshold 15 (max threshold 15)
[2020-09-29T10:11:16.181+0000][7792][gc,age       ] GC(355) - age   1:    2721696 bytes,    2721696 total
[2020-09-29T10:11:16.181+0000][7792][gc,age       ] GC(355) - age   2:       3144 bytes,    2724840 total
[2020-09-29T10:11:16.181+0000][7792][gc,age       ] GC(355) - age   3:      10256 bytes,    2735096 total
[2020-09-29T10:11:16.181+0000][7792][gc,age       ] GC(355) - age   4:       1424 bytes,    2736520 total
[2020-09-29T10:11:16.181+0000][7792][gc,age       ] GC(355) - age   5:       4360 bytes,    2740880 total
[2020-09-29T10:11:16.181+0000][7792][gc,age       ] GC(355) - age   6:        936 bytes,    2741816 total
[2020-09-29T10:11:16.182+0000][7792][gc,age       ] GC(355) - age   7:       9616 bytes,    2751432 total
[2020-09-29T10:11:16.182+0000][7792][gc,age       ] GC(355) - age   8:       1072 bytes,    2752504 total
[2020-09-29T10:11:16.182+0000][7792][gc,age       ] GC(355) - age   9:       4544 bytes,    2757048 total
[2020-09-29T10:11:16.182+0000][7792][gc,age       ] GC(355) - age  10:     137672 bytes,    2894720 total
[2020-09-29T10:11:16.182+0000][7792][gc,age       ] GC(355) - age  11:      17632 bytes,    2912352 total
[2020-09-29T10:11:16.182+0000][7792][gc,age       ] GC(355) - age  12:     139104 bytes,    3051456 total
[2020-09-29T10:11:16.182+0000][7792][gc,age       ] GC(355) - age  13:        776 bytes,    3052232 total
[2020-09-29T10:11:16.182+0000][7792][gc,age       ] GC(355) - age  14:        832 bytes,    3053064 total
[2020-09-29T10:11:16.182+0000][7792][gc,age       ] GC(355) - age  15:        200 bytes,    3053264 total
[2020-09-29T10:11:16.182+0000][7792][gc,phases    ] GC(355)   Pre Evacuate Collection Set: 0.4ms
[2020-09-29T10:11:16.182+0000][7792][gc,phases    ] GC(355)   Merge Heap Roots: 0.1ms
[2020-09-29T10:11:16.182+0000][7792][gc,phases    ] GC(355)   Evacuate Collection Set: 2.2ms
[2020-09-29T10:11:16.182+0000][7792][gc,phases    ] GC(355)   Post Evacuate Collection Set: 1.0ms
[2020-09-29T10:11:16.182+0000][7792][gc,phases    ] GC(355)   Other: 1.2ms
[2020-09-29T10:11:16.182+0000][7792][gc,heap      ] GC(355) Eden regions: 55->0(504)
[2020-09-29T10:11:16.182+0000][7792][gc,heap      ] GC(355) Survivor regions: 4->3(64)
[2020-09-29T10:11:16.182+0000][7792][gc,heap      ] GC(355) Old regions: 79->79
[2020-09-29T10:11:16.182+0000][7792][gc,heap      ] GC(355) Archive regions: 0->0
[2020-09-29T10:11:16.182+0000][7792][gc,heap      ] GC(355) Humongous regions: 345->174
[2020-09-29T10:11:16.182+0000][7792][gc,metaspace ] GC(355) Metaspace: 89678K(95616K)->89678K(95616K) NonClass: 78409K(81920K)->78409K(81920K) Class: 11269K(13696K)->11269K(13696K)
[2020-09-29T10:11:16.182+0000][7792][gc           ] GC(355) Pause Young (Concurrent Start) (G1 Humongous Allocation) 481M->255M(1024M) 5.330ms
[2020-09-29T10:11:16.182+0000][7792][gc,cpu       ] GC(355) User=0.00s Sys=0.00s Real=0.00s
[2020-09-29T10:11:16.182+0000][7792][safepoint    ] Safepoint "G1TryInitiateConcMark", Time since last: 80993400 ns, Reaching safepoint: 173100 ns, At safepoint: 5544300 ns, Total: 5717400 ns
[2020-09-29T10:11:16.182+0000][7792][gc           ] GC(356) Concurrent Cycle
[2020-09-29T10:11:16.183+0000][7792][gc,marking   ] GC(356) Concurrent Clear Claimed Marks
[2020-09-29T10:11:16.183+0000][7792][gc,marking   ] GC(356) Concurrent Clear Claimed Marks 0.391ms
[2020-09-29T10:11:16.183+0000][7792][gc,marking   ] GC(356) Concurrent Scan Root Regions
[2020-09-29T10:11:16.186+0000][7792][gc,marking   ] GC(356) Concurrent Scan Root Regions 2.598ms
[2020-09-29T10:11:16.186+0000][7792][gc,marking   ] GC(356) Concurrent Mark (939.288s)
[2020-09-29T10:11:16.186+0000][7792][gc,marking   ] GC(356) Concurrent Mark From Roots
[2020-09-29T10:11:16.186+0000][7792][gc,task      ] GC(356) Using 2 workers of 2 for marking
[2020-09-29T10:11:16.326+0000][7792][gc,marking   ] GC(356) Concurrent Mark From Roots 140.535ms
[2020-09-29T10:11:16.327+0000][7792][gc,marking   ] GC(356) Concurrent Preclean
[2020-09-29T10:11:16.327+0000][7792][gc,marking   ] GC(356) Concurrent Preclean 0.504ms
[2020-09-29T10:11:16.327+0000][7792][gc,marking   ] GC(356) Concurrent Mark (939.288s, 939.429s) 141.229ms
[2020-09-29T10:11:16.327+0000][7792][gc,start     ] GC(356) Pause Remark
[2020-09-29T10:11:16.334+0000][7792][gc           ] GC(356) Pause Remark 423M->423M(1024M) 6.938ms
[2020-09-29T10:11:16.334+0000][7792][gc,cpu       ] GC(356) User=0.00s Sys=0.00s Real=0.01s
[2020-09-29T10:11:16.335+0000][7792][safepoint    ] Safepoint "G1Concurrent", Time since last: 144700200 ns, Reaching safepoint: 162300 ns, At safepoint: 7300100 ns, Total: 7462400 ns
[2020-09-29T10:11:16.335+0000][7792][gc,marking   ] GC(356) Concurrent Rebuild Remembered Sets
[2020-09-29T10:11:16.425+0000][7792][gc,marking   ] GC(356) Concurrent Rebuild Remembered Sets 90.531ms
[2020-09-29T10:11:16.425+0000][7792][gc,start     ] GC(356) Pause Cleanup
[2020-09-29T10:11:16.426+0000][7792][gc           ] GC(356) Pause Cleanup 499M->499M(1024M) 0.391ms
[2020-09-29T10:11:16.426+0000][7792][gc,cpu       ] GC(356) User=0.00s Sys=0.00s Real=0.00s
[2020-09-29T10:11:16.426+0000][7792][safepoint    ] Safepoint "G1Concurrent", Time since last: 90744500 ns, Reaching safepoint: 156600 ns, At safepoint: 597700 ns, Total: 754300 ns
[2020-09-29T10:11:16.426+0000][7792][gc,marking   ] GC(356) Concurrent Cleanup for Next Mark
[2020-09-29T10:11:16.428+0000][7792][gc,marking   ] GC(356) Concurrent Cleanup for Next Mark 1.880ms
[2020-09-29T10:11:16.428+0000][7792][gc           ] GC(356) Concurrent Cycle 245.758ms
[2020-09-29T10:11:16.492+0000][7792][gc,start     ] GC(357) Pause Young (Concurrent Start) (G1 Humongous Allocation)
[2020-09-29T10:11:16.492+0000][7792][gc,task      ] GC(357) Using 8 workers of 8 for evacuation
[2020-09-29T10:11:16.492+0000][7792][gc,age       ] GC(357) Desired survivor size 33554432 bytes, new threshold 15 (max threshold 15)
[2020-09-29T10:11:16.496+0000][7792][gc,age       ] GC(357) Age table with threshold 15 (max threshold 15)
[2020-09-29T10:11:16.496+0000][7792][gc,age       ] GC(357) - age   1:    3447576 bytes,    3447576 total
[2020-09-29T10:11:16.496+0000][7792][gc,age       ] GC(357) - age   2:       9888 bytes,    3457464 total
[2020-09-29T10:11:16.496+0000][7792][gc,age       ] GC(357) - age   3:       1728 bytes,    3459192 total
[2020-09-29T10:11:16.496+0000][7792][gc,age       ] GC(357) - age   4:       6640 bytes,    3465832 total
[2020-09-29T10:11:16.496+0000][7792][gc,age       ] GC(357) - age   5:        944 bytes,    3466776 total
[2020-09-29T10:11:16.496+0000][7792][gc,age       ] GC(357) - age   6:       4360 bytes,    3471136 total
[2020-09-29T10:11:16.496+0000][7792][gc,age       ] GC(357) - age   7:        936 bytes,    3472072 total
[2020-09-29T10:11:16.496+0000][7792][gc,age       ] GC(357) - age   8:       9616 bytes,    3481688 total
[2020-09-29T10:11:16.497+0000][7792][gc,age       ] GC(357) - age   9:       1072 bytes,    3482760 total
[2020-09-29T10:11:16.497+0000][7792][gc,age       ] GC(357) - age  10:       4416 bytes,    3487176 total
[2020-09-29T10:11:16.497+0000][7792][gc,age       ] GC(357) - age  11:     137096 bytes,    3624272 total
[2020-09-29T10:11:16.497+0000][7792][gc,age       ] GC(357) - age  12:      17568 bytes,    3641840 total
[2020-09-29T10:11:16.497+0000][7792][gc,age       ] GC(357) - age  13:     139104 bytes,    3780944 total
[2020-09-29T10:11:16.497+0000][7792][gc,age       ] GC(357) - age  14:        712 bytes,    3781656 total
[2020-09-29T10:11:16.497+0000][7792][gc,age       ] GC(357) - age  15:        832 bytes,    3782488 total
[2020-09-29T10:11:16.497+0000][7792][gc,phases    ] GC(357)   Pre Evacuate Collection Set: 0.6ms
[2020-09-29T10:11:16.497+0000][7792][gc,phases    ] GC(357)   Merge Heap Roots: 0.1ms
[2020-09-29T10:11:16.497+0000][7792][gc,phases    ] GC(357)   Evacuate Collection Set: 2.3ms
[2020-09-29T10:11:16.497+0000][7792][gc,phases    ] GC(357)   Post Evacuate Collection Set: 1.1ms
[2020-09-29T10:11:16.497+0000][7792][gc,phases    ] GC(357)   Other: 1.1ms
[2020-09-29T10:11:16.497+0000][7792][gc,heap      ] GC(357) Eden regions: 75->0(503)
[2020-09-29T10:11:16.497+0000][7792][gc,heap      ] GC(357) Survivor regions: 3->4(64)
[2020-09-29T10:11:16.497+0000][7792][gc,heap      ] GC(357) Old regions: 79->79
[2020-09-29T10:11:16.497+0000][7792][gc,heap      ] GC(357) Archive regions: 0->0
[2020-09-29T10:11:16.497+0000][7792][gc,heap      ] GC(357) Humongous regions: 355->174
[2020-09-29T10:11:16.497+0000][7792][gc,metaspace ] GC(357) Metaspace: 89708K(95616K)->89708K(95616K) NonClass: 78437K(81920K)->78437K(81920K) Class: 11270K(13696K)->11270K(13696K)
[2020-09-29T10:11:16.497+0000][7792][gc           ] GC(357) Pause Young (Concurrent Start) (G1 Humongous Allocation) 511M->255M(1024M) 5.644ms
[2020-09-29T10:11:16.497+0000][7792][gc,cpu       ] GC(357) User=0.00s Sys=0.00s Real=0.00s
[2020-09-29T10:11:16.498+0000][7792][safepoint    ] Safepoint "G1TryInitiateConcMark", Time since last: 65441200 ns, Reaching safepoint: 187400 ns, At safepoint: 5908400 ns, Total: 6095800 ns
[2020-09-29T10:11:16.498+0000][7792][gc           ] GC(358) Concurrent Cycle
[2020-09-29T10:11:16.498+0000][7792][gc,marking   ] GC(358) Concurrent Clear Claimed Marks
[2020-09-29T10:11:16.498+0000][7792][gc,marking   ] GC(358) Concurrent Clear Claimed Marks 0.493ms
[2020-09-29T10:11:16.498+0000][7792][gc,marking   ] GC(358) Concurrent Scan Root Regions
[2020-09-29T10:11:16.501+0000][7792][gc,marking   ] GC(358) Concurrent Scan Root Regions 2.566ms
[2020-09-29T10:11:16.501+0000][7792][gc,marking   ] GC(358) Concurrent Mark (939.603s)
[2020-09-29T10:11:16.501+0000][7792][gc,marking   ] GC(358) Concurrent Mark From Roots
[2020-09-29T10:11:16.501+0000][7792][gc,task      ] GC(358) Using 2 workers of 2 for marking
[2020-09-29T10:11:16.671+0000][7792][gc,marking   ] GC(358) Concurrent Mark From Roots 170.061ms
[2020-09-29T10:11:16.671+0000][7792][gc,marking   ] GC(358) Concurrent Preclean
[2020-09-29T10:11:16.672+0000][7792][gc,marking   ] GC(358) Concurrent Preclean 0.645ms
[2020-09-29T10:11:16.672+0000][7792][gc,marking   ] GC(358) Concurrent Mark (939.603s, 939.774s) 170.888ms
[2020-09-29T10:11:16.672+0000][7792][gc,start     ] GC(358) Pause Remark
[2020-09-29T10:11:16.679+0000][7792][gc           ] GC(358) Pause Remark 329M->329M(1024M) 7.109ms
[2020-09-29T10:11:16.679+0000][7792][gc,cpu       ] GC(358) User=0.00s Sys=0.00s Real=0.01s
[2020-09-29T10:11:16.679+0000][7792][safepoint    ] Safepoint "G1Concurrent", Time since last: 174312100 ns, Reaching safepoint: 166800 ns, At safepoint: 7384700 ns, Total: 7551500 ns
[2020-09-29T10:11:16.680+0000][7792][gc,marking   ] GC(358) Concurrent Rebuild Remembered Sets
[2020-09-29T10:11:16.782+0000][7792][gc,marking   ] GC(358) Concurrent Rebuild Remembered Sets 101.997ms
[2020-09-29T10:11:16.782+0000][7792][gc,start     ] GC(358) Pause Cleanup
[2020-09-29T10:11:16.782+0000][7792][gc           ] GC(358) Pause Cleanup 329M->329M(1024M) 0.366ms
[2020-09-29T10:11:16.782+0000][7792][gc,cpu       ] GC(358) User=0.00s Sys=0.00s Real=0.00s
[2020-09-29T10:11:16.782+0000][7792][safepoint    ] Safepoint "G1Concurrent", Time since last: 102221400 ns, Reaching safepoint: 166900 ns, At safepoint: 568700 ns, Total: 735600 ns
[2020-09-29T10:11:16.782+0000][7792][gc,marking   ] GC(358) Concurrent Cleanup for Next Mark
[2020-09-29T10:11:16.784+0000][7792][gc,marking   ] GC(358) Concurrent Cleanup for Next Mark 1.933ms
[2020-09-29T10:11:16.785+0000][7792][gc           ] GC(358) Concurrent Cycle 286.999ms
[2020-09-29T10:11:16.825+0000][7792][gc,start     ] GC(359) Pause Young (Concurrent Start) (G1 Humongous Allocation)
[2020-09-29T10:11:16.825+0000][7792][gc,task      ] GC(359) Using 8 workers of 8 for evacuation
[2020-09-29T10:11:16.825+0000][7792][gc,age       ] GC(359) Desired survivor size 33554432 bytes, new threshold 15 (max threshold 15)
[2020-09-29T10:11:16.829+0000][7792][gc,age       ] GC(359) Age table with threshold 15 (max threshold 15)
[2020-09-29T10:11:16.829+0000][7792][gc,age       ] GC(359) - age   1:    2717504 bytes,    2717504 total
[2020-09-29T10:11:16.829+0000][7792][gc,age       ] GC(359) - age   2:      20168 bytes,    2737672 total
[2020-09-29T10:11:16.829+0000][7792][gc,age       ] GC(359) - age   3:       8008 bytes,    2745680 total
[2020-09-29T10:11:16.829+0000][7792][gc,age       ] GC(359) - age   4:        888 bytes,    2746568 total
[2020-09-29T10:11:16.829+0000][7792][gc,age       ] GC(359) - age   5:       6640 bytes,    2753208 total
[2020-09-29T10:11:16.829+0000][7792][gc,age       ] GC(359) - age   6:        816 bytes,    2754024 total
[2020-09-29T10:11:16.829+0000][7792][gc,age       ] GC(359) - age   7:       4360 bytes,    2758384 total
[2020-09-29T10:11:16.829+0000][7792][gc,age       ] GC(359) - age   8:        936 bytes,    2759320 total
[2020-09-29T10:11:16.829+0000][7792][gc,age       ] GC(359) - age   9:       9616 bytes,    2768936 total
[2020-09-29T10:11:16.829+0000][7792][gc,age       ] GC(359) - age  10:       1072 bytes,    2770008 total
[2020-09-29T10:11:16.829+0000][7792][gc,age       ] GC(359) - age  11:       4416 bytes,    2774424 total
[2020-09-29T10:11:16.829+0000][7792][gc,age       ] GC(359) - age  12:     137096 bytes,    2911520 total
[2020-09-29T10:11:16.829+0000][7792][gc,age       ] GC(359) - age  13:      17568 bytes,    2929088 total
[2020-09-29T10:11:16.829+0000][7792][gc,age       ] GC(359) - age  14:     139040 bytes,    3068128 total
[2020-09-29T10:11:16.829+0000][7792][gc,age       ] GC(359) - age  15:        712 bytes,    3068840 total
[2020-09-29T10:11:16.830+0000][7792][gc,phases    ] GC(359)   Pre Evacuate Collection Set: 0.5ms
[2020-09-29T10:11:16.830+0000][7792][gc,phases    ] GC(359)   Merge Heap Roots: 0.1ms
[2020-09-29T10:11:16.830+0000][7792][gc,phases    ] GC(359)   Evacuate Collection Set: 2.3ms
[2020-09-29T10:11:16.830+0000][7792][gc,phases    ] GC(359)   Post Evacuate Collection Set: 0.8ms
[2020-09-29T10:11:16.830+0000][7792][gc,phases    ] GC(359)   Other: 1.2ms
[2020-09-29T10:11:16.830+0000][7792][gc,heap      ] GC(359) Eden regions: 23->0(504)
[2020-09-29T10:11:16.830+0000][7792][gc,heap      ] GC(359) Survivor regions: 4->3(64)
[2020-09-29T10:11:16.830+0000][7792][gc,heap      ] GC(359) Old regions: 79->79
[2020-09-29T10:11:16.830+0000][7792][gc,heap      ] GC(359) Archive regions: 0->0
[2020-09-29T10:11:16.830+0000][7792][gc,heap      ] GC(359) Humongous regions: 231->174
[2020-09-29T10:11:16.830+0000][7792][gc,metaspace ] GC(359) Metaspace: 89708K(95616K)->89708K(95616K) NonClass: 78437K(81920K)->78437K(81920K) Class: 11270K(13696K)->11270K(13696K)
[2020-09-29T10:11:16.830+0000][7792][gc           ] GC(359) Pause Young (Concurrent Start) (G1 Humongous Allocation) 335M->255M(1024M) 5.364ms
[2020-09-29T10:11:16.830+0000][7792][gc,cpu       ] GC(359) User=0.11s Sys=0.00s Real=0.00s
[2020-09-29T10:11:16.830+0000][7792][gc           ] GC(360) Concurrent Cycle
[2020-09-29T10:11:16.830+0000][7792][safepoint    ] Safepoint "G1TryInitiateConcMark", Time since last: 42180900 ns, Reaching safepoint: 166400 ns, At safepoint: 5612900 ns, Total: 5779300 ns
[2020-09-29T10:11:16.830+0000][7792][gc,marking   ] GC(360) Concurrent Clear Claimed Marks
[2020-09-29T10:11:16.831+0000][7792][gc,marking   ] GC(360) Concurrent Clear Claimed Marks 0.415ms
[2020-09-29T10:11:16.831+0000][7792][gc,marking   ] GC(360) Concurrent Scan Root Regions
[2020-09-29T10:11:16.833+0000][7792][gc,marking   ] GC(360) Concurrent Scan Root Regions 2.019ms
[2020-09-29T10:11:16.833+0000][7792][gc,marking   ] GC(360) Concurrent Mark (939.935s)
[2020-09-29T10:11:16.833+0000][7792][gc,marking   ] GC(360) Concurrent Mark From Roots
[2020-09-29T10:11:16.833+0000][7792][gc,task      ] GC(360) Using 2 workers of 2 for marking
[2020-09-29T10:11:17.013+0000][7792][gc,marking   ] GC(360) Concurrent Mark From Roots 180.297ms
[2020-09-29T10:11:17.013+0000][7792][gc,marking   ] GC(360) Concurrent Preclean
[2020-09-29T10:11:17.014+0000][7792][gc,marking   ] GC(360) Concurrent Preclean 0.790ms
[2020-09-29T10:11:17.014+0000][7792][gc,marking   ] GC(360) Concurrent Mark (939.935s, 940.117s) 181.363ms
[2020-09-29T10:11:17.015+0000][7792][gc,start     ] GC(360) Pause Remark
[2020-09-29T10:11:17.022+0000][7792][gc           ] GC(360) Pause Remark 392M->392M(1024M) 7.505ms
[2020-09-29T10:11:17.022+0000][7792][gc,cpu       ] GC(360) User=0.00s Sys=0.00s Real=0.01s
[2020-09-29T10:11:17.022+0000][7792][safepoint    ] Safepoint "G1Concurrent", Time since last: 184107300 ns, Reaching safepoint: 193000 ns, At safepoint: 7830500 ns, Total: 8023500 ns
[2020-09-29T10:11:17.023+0000][7792][gc,marking   ] GC(360) Concurrent Rebuild Remembered Sets
[2020-09-29T10:11:17.127+0000][7792][gc,marking   ] GC(360) Concurrent Rebuild Remembered Sets 104.266ms
[2020-09-29T10:11:17.127+0000][7792][gc,start     ] GC(360) Pause Cleanup
[2020-09-29T10:11:17.128+0000][7792][gc           ] GC(360) Pause Cleanup 427M->427M(1024M) 0.584ms
[2020-09-29T10:11:17.128+0000][7792][gc,cpu       ] GC(360) User=0.00s Sys=0.00s Real=0.00s
[2020-09-29T10:11:17.128+0000][7792][safepoint    ] Safepoint "G1Concurrent", Time since last: 104504500 ns, Reaching safepoint: 159200 ns, At safepoint: 870300 ns, Total: 1029500 ns
[2020-09-29T10:11:17.128+0000][7792][gc,marking   ] GC(360) Concurrent Cleanup for Next Mark
[2020-09-29T10:11:17.130+0000][7792][gc,marking   ] GC(360) Concurrent Cleanup for Next Mark 1.990ms
[2020-09-29T10:11:17.130+0000][7792][gc           ] GC(360) Concurrent Cycle 299.913ms
[2020-09-29T10:11:17.194+0000][7792][gc,start     ] GC(361) Pause Young (Concurrent Start) (G1 Humongous Allocation)
[2020-09-29T10:11:17.194+0000][7792][gc,task      ] GC(361) Using 8 workers of 8 for evacuation
[2020-09-29T10:11:17.194+0000][7792][gc,age       ] GC(361) Desired survivor size 33554432 bytes, new threshold 15 (max threshold 15)
[2020-09-29T10:11:17.198+0000][7792][gc,age       ] GC(361) Age table with threshold 15 (max threshold 15)
[2020-09-29T10:11:17.199+0000][7792][gc,age       ] GC(361) - age   1:    3288312 bytes,    3288312 total
[2020-09-29T10:11:17.199+0000][7792][gc,age       ] GC(361) - age   2:       8336 bytes,    3296648 total
[2020-09-29T10:11:17.199+0000][7792][gc,age       ] GC(361) - age   3:      18696 bytes,    3315344 total
[2020-09-29T10:11:17.199+0000][7792][gc,age       ] GC(361) - age   4:       6800 bytes,    3322144 total
[2020-09-29T10:11:17.199+0000][7792][gc,age       ] GC(361) - age   5:        664 bytes,    3322808 total
[2020-09-29T10:11:17.199+0000][7792][gc,age       ] GC(361) - age   6:       6576 bytes,    3329384 total
[2020-09-29T10:11:17.199+0000][7792][gc,age       ] GC(361) - age   7:        752 bytes,    3330136 total
[2020-09-29T10:11:17.199+0000][7792][gc,age       ] GC(361) - age   8:       4360 bytes,    3334496 total
[2020-09-29T10:11:17.199+0000][7792][gc,age       ] GC(361) - age   9:        872 bytes,    3335368 total
[2020-09-29T10:11:17.199+0000][7792][gc,age       ] GC(361) - age  10:       9616 bytes,    3344984 total
[2020-09-29T10:11:17.199+0000][7792][gc,age       ] GC(361) - age  11:       1072 bytes,    3346056 total
[2020-09-29T10:11:17.199+0000][7792][gc,age       ] GC(361) - age  12:       1936 bytes,    3347992 total
[2020-09-29T10:11:17.199+0000][7792][gc,age       ] GC(361) - age  13:     137096 bytes,    3485088 total
[2020-09-29T10:11:17.199+0000][7792][gc,age       ] GC(361) - age  14:      17568 bytes,    3502656 total
[2020-09-29T10:11:17.199+0000][7792][gc,age       ] GC(361) - age  15:     139008 bytes,    3641664 total
[2020-09-29T10:11:17.199+0000][7792][gc,phases    ] GC(361)   Pre Evacuate Collection Set: 0.4ms
[2020-09-29T10:11:17.199+0000][7792][gc,phases    ] GC(361)   Merge Heap Roots: 0.1ms
[2020-09-29T10:11:17.199+0000][7792][gc,phases    ] GC(361)   Evacuate Collection Set: 2.6ms
[2020-09-29T10:11:17.199+0000][7792][gc,phases    ] GC(361)   Post Evacuate Collection Set: 0.8ms
[2020-09-29T10:11:17.199+0000][7792][gc,phases    ] GC(361)   Other: 1.1ms
[2020-09-29T10:11:17.199+0000][7792][gc,heap      ] GC(361) Eden regions: 58->0(503)
[2020-09-29T10:11:17.199+0000][7792][gc,heap      ] GC(361) Survivor regions: 3->4(64)
[2020-09-29T10:11:17.200+0000][7792][gc,heap      ] GC(361) Old regions: 79->79
[2020-09-29T10:11:17.200+0000][7792][gc,heap      ] GC(361) Archive regions: 0->0
[2020-09-29T10:11:17.200+0000][7792][gc,heap      ] GC(361) Humongous regions: 298->174
[2020-09-29T10:11:17.200+0000][7792][gc,metaspace ] GC(361) Metaspace: 89708K(95616K)->89708K(95616K) NonClass: 78437K(81920K)->78437K(81920K) Class: 11270K(13696K)->11270K(13696K)
[2020-09-29T10:11:17.200+0000][7792][gc           ] GC(361) Pause Young (Concurrent Start) (G1 Humongous Allocation) 436M->255M(1024M) 5.510ms
[2020-09-29T10:11:17.200+0000][7792][gc,cpu       ] GC(361) User=0.00s Sys=0.00s Real=0.01s
[2020-09-29T10:11:17.200+0000][7792][gc           ] GC(362) Concurrent Cycle
[2020-09-29T10:11:17.200+0000][7792][safepoint    ] Safepoint "G1TryInitiateConcMark", Time since last: 66083600 ns, Reaching safepoint: 162300 ns, At safepoint: 5743100 ns, Total: 5905400 ns
[2020-09-29T10:11:17.200+0000][7792][gc,marking   ] GC(362) Concurrent Clear Claimed Marks
[2020-09-29T10:11:17.201+0000][7792][gc,marking   ] GC(362) Concurrent Clear Claimed Marks 0.675ms
[2020-09-29T10:11:17.201+0000][7792][gc,marking   ] GC(362) Concurrent Scan Root Regions
[2020-09-29T10:11:17.204+0000][7792][gc,marking   ] GC(362) Concurrent Scan Root Regions 2.864ms
[2020-09-29T10:11:17.204+0000][7792][gc,marking   ] GC(362) Concurrent Mark (940.306s)
[2020-09-29T10:11:17.204+0000][7792][gc,marking   ] GC(362) Concurrent Mark From Roots
[2020-09-29T10:11:17.204+0000][7792][gc,task      ] GC(362) Using 2 workers of 2 for marking
[2020-09-29T10:11:17.384+0000][7792][gc,marking   ] GC(362) Concurrent Mark From Roots 180.001ms
[2020-09-29T10:11:17.384+0000][7792][gc,marking   ] GC(362) Concurrent Preclean
[2020-09-29T10:11:17.385+0000][7792][gc,marking   ] GC(362) Concurrent Preclean 0.732ms
[2020-09-29T10:11:17.385+0000][7792][gc,marking   ] GC(362) Concurrent Mark (940.306s, 940.487s) 181.011ms
[2020-09-29T10:11:17.385+0000][7792][gc,start     ] GC(362) Pause Remark
[2020-09-29T10:11:17.392+0000][7792][gc           ] GC(362) Pause Remark 401M->401M(1024M) 7.339ms
[2020-09-29T10:11:17.392+0000][7792][gc,cpu       ] GC(362) User=0.09s Sys=0.00s Real=0.01s
[2020-09-29T10:11:17.393+0000][7792][safepoint    ] Safepoint "G1Concurrent", Time since last: 184972100 ns, Reaching safepoint: 186900 ns, At safepoint: 7629100 ns, Total: 7816000 ns
[2020-09-29T10:11:17.393+0000][7792][gc,marking   ] GC(362) Concurrent Rebuild Remembered Sets
[2020-09-29T10:11:17.482+0000][7792][gc,marking   ] GC(362) Concurrent Rebuild Remembered Sets 89.439ms
[2020-09-29T10:11:17.483+0000][7792][gc,start     ] GC(362) Pause Cleanup
[2020-09-29T10:11:17.483+0000][7792][gc           ] GC(362) Pause Cleanup 407M->407M(1024M) 0.358ms
[2020-09-29T10:11:17.483+0000][7792][gc,cpu       ] GC(362) User=0.00s Sys=0.00s Real=0.00s
[2020-09-29T10:11:17.483+0000][7792][safepoint    ] Safepoint "G1Concurrent", Time since last: 89631500 ns, Reaching safepoint: 146600 ns, At safepoint: 545400 ns, Total: 692000 ns
[2020-09-29T10:11:17.483+0000][7792][gc,marking   ] GC(362) Concurrent Cleanup for Next Mark
[2020-09-29T10:11:17.485+0000][7792][gc,marking   ] GC(362) Concurrent Cleanup for Next Mark 1.705ms
[2020-09-29T10:11:17.485+0000][7792][gc           ] GC(362) Concurrent Cycle 285.029ms
[2020-09-29T10:11:17.560+0000][7792][gc,start     ] GC(363) Pause Young (Concurrent Start) (G1 Humongous Allocation)
[2020-09-29T10:11:17.560+0000][7792][gc,task      ] GC(363) Using 8 workers of 8 for evacuation
[2020-09-29T10:11:17.560+0000][7792][gc,age       ] GC(363) Desired survivor size 33554432 bytes, new threshold 15 (max threshold 15)
[2020-09-29T10:11:17.564+0000][7792][gc,age       ] GC(363) Age table with threshold 15 (max threshold 15)
[2020-09-29T10:11:17.565+0000][7792][gc,age       ] GC(363) - age   1:    2738856 bytes,    2738856 total
[2020-09-29T10:11:17.565+0000][7792][gc,age       ] GC(363) - age   2:       3312 bytes,    2742168 total
[2020-09-29T10:11:17.565+0000][7792][gc,age       ] GC(363) - age   3:       6128 bytes,    2748296 total
[2020-09-29T10:11:17.565+0000][7792][gc,age       ] GC(363) - age   4:      17160 bytes,    2765456 total
[2020-09-29T10:11:17.565+0000][7792][gc,age       ] GC(363) - age   5:       4184 bytes,    2769640 total
[2020-09-29T10:11:17.565+0000][7792][gc,age       ] GC(363) - age   6:        472 bytes,    2770112 total
[2020-09-29T10:11:17.565+0000][7792][gc,age       ] GC(363) - age   7:       3760 bytes,    2773872 total
[2020-09-29T10:11:17.565+0000][7792][gc,age       ] GC(363) - age   8:        720 bytes,    2774592 total
[2020-09-29T10:11:17.565+0000][7792][gc,age       ] GC(363) - age   9:       3880 bytes,    2778472 total
[2020-09-29T10:11:17.565+0000][7792][gc,age       ] GC(363) - age  10:        840 bytes,    2779312 total
[2020-09-29T10:11:17.565+0000][7792][gc,age       ] GC(363) - age  11:       9000 bytes,    2788312 total
[2020-09-29T10:11:17.565+0000][7792][gc,age       ] GC(363) - age  12:       1072 bytes,    2789384 total
[2020-09-29T10:11:17.565+0000][7792][gc,age       ] GC(363) - age  13:       1912 bytes,    2791296 total
[2020-09-29T10:11:17.565+0000][7792][gc,age       ] GC(363) - age  14:     137096 bytes,    2928392 total
[2020-09-29T10:11:17.565+0000][7792][gc,age       ] GC(363) - age  15:      17384 bytes,    2945776 total
[2020-09-29T10:11:17.565+0000][7792][gc,phases    ] GC(363)   Pre Evacuate Collection Set: 0.5ms
[2020-09-29T10:11:17.565+0000][7792][gc,phases    ] GC(363)   Merge Heap Roots: 0.1ms
[2020-09-29T10:11:17.565+0000][7792][gc,phases    ] GC(363)   Evacuate Collection Set: 2.7ms
[2020-09-29T10:11:17.565+0000][7792][gc,phases    ] GC(363)   Post Evacuate Collection Set: 1.1ms
[2020-09-29T10:11:17.565+0000][7792][gc,phases    ] GC(363)   Other: 1.1ms
[2020-09-29T10:11:17.565+0000][7792][gc,heap      ] GC(363) Eden regions: 43->0(504)
[2020-09-29T10:11:17.565+0000][7792][gc,heap      ] GC(363) Survivor regions: 4->3(64)
[2020-09-29T10:11:17.565+0000][7792][gc,heap      ] GC(363) Old regions: 79->79
[2020-09-29T10:11:17.566+0000][7792][gc,heap      ] GC(363) Archive regions: 0->0
[2020-09-29T10:11:17.566+0000][7792][gc,heap      ] GC(363) Humongous regions: 288->174
[2020-09-29T10:11:17.566+0000][7792][gc,metaspace ] GC(363) Metaspace: 89729K(95616K)->89729K(95616K) NonClass: 78454K(81920K)->78454K(81920K) Class: 11274K(13696K)->11274K(13696K)
[2020-09-29T10:11:17.566+0000][7792][gc           ] GC(363) Pause Young (Concurrent Start) (G1 Humongous Allocation) 412M->255M(1024M) 6.081ms
[2020-09-29T10:11:17.566+0000][7792][gc,cpu       ] GC(363) User=0.09s Sys=0.00s Real=0.01s
[2020-09-29T10:11:17.566+0000][7792][gc           ] GC(364) Concurrent Cycle
[2020-09-29T10:11:17.566+0000][7792][safepoint    ] Safepoint "G1TryInitiateConcMark", Time since last: 76266800 ns, Reaching safepoint: 283300 ns, At safepoint: 6330100 ns, Total: 6613400 ns
[2020-09-29T10:11:17.566+0000][7792][gc,marking   ] GC(364) Concurrent Clear Claimed Marks
[2020-09-29T10:11:17.567+0000][7792][gc,marking   ] GC(364) Concurrent Clear Claimed Marks 0.528ms
[2020-09-29T10:11:17.567+0000][7792][gc,marking   ] GC(364) Concurrent Scan Root Regions
[2020-09-29T10:11:17.569+0000][7792][gc,marking   ] GC(364) Concurrent Scan Root Regions 2.288ms
[2020-09-29T10:11:17.569+0000][7792][gc,marking   ] GC(364) Concurrent Mark (940.672s)
[2020-09-29T10:11:17.569+0000][7792][gc,marking   ] GC(364) Concurrent Mark From Roots
[2020-09-29T10:11:17.569+0000][7792][gc,task      ] GC(364) Using 2 workers of 2 for marking
[2020-09-29T10:11:17.728+0000][7792][gc,marking   ] GC(364) Concurrent Mark From Roots 158.851ms
[2020-09-29T10:11:17.728+0000][7792][gc,marking   ] GC(364) Concurrent Preclean
[2020-09-29T10:11:17.729+0000][7792][gc,marking   ] GC(364) Concurrent Preclean 0.414ms
[2020-09-29T10:11:17.729+0000][7792][gc,marking   ] GC(364) Concurrent Mark (940.672s, 940.831s) 159.429ms
[2020-09-29T10:11:17.729+0000][7792][gc,start     ] GC(364) Pause Remark
[2020-09-29T10:11:17.736+0000][7792][gc           ] GC(364) Pause Remark 412M->412M(1024M) 6.622ms
[2020-09-29T10:11:17.736+0000][7792][gc,cpu       ] GC(364) User=0.11s Sys=0.00s Real=0.01s
[2020-09-29T10:11:17.736+0000][7792][safepoint    ] Safepoint "G1Concurrent", Time since last: 162647000 ns, Reaching safepoint: 145300 ns, At safepoint: 6835300 ns, Total: 6980600 ns
[2020-09-29T10:11:17.736+0000][7792][gc,marking   ] GC(364) Concurrent Rebuild Remembered Sets
[2020-09-29T10:11:17.813+0000][7792][gc,marking   ] GC(364) Concurrent Rebuild Remembered Sets 77.142ms
[2020-09-29T10:11:17.813+0000][7792][gc,start     ] GC(364) Pause Cleanup
[2020-09-29T10:11:17.814+0000][7792][gc           ] GC(364) Pause Cleanup 504M->504M(1024M) 0.681ms
[2020-09-29T10:11:17.814+0000][7792][gc,cpu       ] GC(364) User=0.00s Sys=0.00s Real=0.00s
[2020-09-29T10:11:17.814+0000][7792][safepoint    ] Safepoint "G1Concurrent", Time since last: 77323400 ns, Reaching safepoint: 129300 ns, At safepoint: 907600 ns, Total: 1036900 ns
[2020-09-29T10:11:17.814+0000][7792][gc,marking   ] GC(364) Concurrent Cleanup for Next Mark
[2020-09-29T10:11:17.816+0000][7792][gc,marking   ] GC(364) Concurrent Cleanup for Next Mark 1.562ms
[2020-09-29T10:11:17.816+0000][7792][gc           ] GC(364) Concurrent Cycle 249.714ms
[2020-09-29T10:11:17.824+0000][7792][gc,start     ] GC(365) Pause Young (Concurrent Start) (G1 Humongous Allocation)
[2020-09-29T10:11:17.824+0000][7792][gc,task      ] GC(365) Using 8 workers of 8 for evacuation
[2020-09-29T10:11:17.824+0000][7792][gc,age       ] GC(365) Desired survivor size 33554432 bytes, new threshold 15 (max threshold 15)
[2020-09-29T10:11:17.828+0000][7792][gc,age       ] GC(365) Age table with threshold 15 (max threshold 15)
[2020-09-29T10:11:17.828+0000][7792][gc,age       ] GC(365) - age   1:    3412816 bytes,    3412816 total
[2020-09-29T10:11:17.828+0000][7792][gc,age       ] GC(365) - age   2:      28840 bytes,    3441656 total
[2020-09-29T10:11:17.828+0000][7792][gc,age       ] GC(365) - age   3:       1864 bytes,    3443520 total
[2020-09-29T10:11:17.828+0000][7792][gc,age       ] GC(365) - age   4:       5480 bytes,    3449000 total
[2020-09-29T10:11:17.828+0000][7792][gc,age       ] GC(365) - age   5:      16904 bytes,    3465904 total
[2020-09-29T10:11:17.828+0000][7792][gc,age       ] GC(365) - age   6:       4184 bytes,    3470088 total
[2020-09-29T10:11:17.828+0000][7792][gc,age       ] GC(365) - age   7:        472 bytes,    3470560 total
[2020-09-29T10:11:17.828+0000][7792][gc,age       ] GC(365) - age   8:       1328 bytes,    3471888 total
[2020-09-29T10:11:17.828+0000][7792][gc,age       ] GC(365) - age   9:        624 bytes,    3472512 total
[2020-09-29T10:11:17.828+0000][7792][gc,age       ] GC(365) - age  10:       1448 bytes,    3473960 total
[2020-09-29T10:11:17.828+0000][7792][gc,age       ] GC(365) - age  11:        768 bytes,    3474728 total
[2020-09-29T10:11:17.828+0000][7792][gc,age       ] GC(365) - age  12:       9000 bytes,    3483728 total
[2020-09-29T10:11:17.828+0000][7792][gc,age       ] GC(365) - age  13:       1008 bytes,    3484736 total
[2020-09-29T10:11:17.828+0000][7792][gc,age       ] GC(365) - age  14:       1912 bytes,    3486648 total
[2020-09-29T10:11:17.828+0000][7792][gc,age       ] GC(365) - age  15:     137096 bytes,    3623744 total
[2020-09-29T10:11:17.828+0000][7792][gc,phases    ] GC(365)   Pre Evacuate Collection Set: 0.4ms
[2020-09-29T10:11:17.828+0000][7792][gc,phases    ] GC(365)   Merge Heap Roots: 0.1ms
[2020-09-29T10:11:17.828+0000][7792][gc,phases    ] GC(365)   Evacuate Collection Set: 2.0ms
[2020-09-29T10:11:17.828+0000][7792][gc,phases    ] GC(365)   Post Evacuate Collection Set: 0.7ms
[2020-09-29T10:11:17.828+0000][7792][gc,phases    ] GC(365)   Other: 0.7ms
[2020-09-29T10:11:17.828+0000][7792][gc,heap      ] GC(365) Eden regions: 74->0(503)
[2020-09-29T10:11:17.828+0000][7792][gc,heap      ] GC(365) Survivor regions: 3->4(64)
[2020-09-29T10:11:17.828+0000][7792][gc,heap      ] GC(365) Old regions: 79->79
[2020-09-29T10:11:17.828+0000][7792][gc,heap      ] GC(365) Archive regions: 0->0
[2020-09-29T10:11:17.828+0000][7792][gc,heap      ] GC(365) Humongous regions: 355->174
[2020-09-29T10:11:17.828+0000][7792][gc,metaspace ] GC(365) Metaspace: 89729K(95616K)->89729K(95616K) NonClass: 78455K(81920K)->78455K(81920K) Class: 11274K(13696K)->11274K(13696K)
[2020-09-29T10:11:17.828+0000][7792][gc           ] GC(365) Pause Young (Concurrent Start) (G1 Humongous Allocation) 509M->255M(1024M) 4.198ms
[2020-09-29T10:11:17.828+0000][7792][gc,cpu       ] GC(365) User=0.02s Sys=0.00s Real=0.00s
[2020-09-29T10:11:17.829+0000][7792][safepoint    ] Safepoint "G1TryInitiateConcMark", Time since last: 9708000 ns, Reaching safepoint: 163100 ns, At safepoint: 4353000 ns, Total: 4516100 ns
[2020-09-29T10:11:17.829+0000][7792][gc           ] GC(366) Concurrent Cycle
[2020-09-29T10:11:17.829+0000][7792][gc,marking   ] GC(366) Concurrent Clear Claimed Marks
[2020-09-29T10:11:17.829+0000][7792][gc,marking   ] GC(366) Concurrent Clear Claimed Marks 0.422ms
[2020-09-29T10:11:17.829+0000][7792][gc,marking   ] GC(366) Concurrent Scan Root Regions
[2020-09-29T10:11:17.831+0000][7792][gc,marking   ] GC(366) Concurrent Scan Root Regions 2.226ms
[2020-09-29T10:11:17.832+0000][7792][gc,marking   ] GC(366) Concurrent Mark (940.934s)
[2020-09-29T10:11:17.832+0000][7792][gc,marking   ] GC(366) Concurrent Mark From Roots
[2020-09-29T10:11:17.832+0000][7792][gc,task      ] GC(366) Using 2 workers of 2 for marking
[2020-09-29T10:11:17.960+0000][7792][gc,marking   ] GC(366) Concurrent Mark From Roots 128.799ms
[2020-09-29T10:11:17.960+0000][7792][gc,marking   ] GC(366) Concurrent Preclean
[2020-09-29T10:11:17.960+0000][7792][gc,marking   ] GC(366) Concurrent Preclean 0.462ms
[2020-09-29T10:11:17.960+0000][7792][gc,marking   ] GC(366) Concurrent Mark (940.934s, 941.063s) 129.453ms
[2020-09-29T10:11:17.961+0000][7792][gc,start     ] GC(366) Pause Remark
[2020-09-29T10:11:17.976+0000][7792][gc           ] GC(366) Pause Remark 333M->333M(1024M) 14.995ms
[2020-09-29T10:11:17.976+0000][7792][gc,cpu       ] GC(366) User=0.09s Sys=0.00s Real=0.02s
[2020-09-29T10:11:17.976+0000][7792][safepoint    ] Safepoint "G1Concurrent", Time since last: 132547500 ns, Reaching safepoint: 151900 ns, At safepoint: 15269500 ns, Total: 15421400 ns
[2020-09-29T10:11:17.976+0000][7792][gc,marking   ] GC(366) Concurrent Rebuild Remembered Sets
[2020-09-29T10:11:18.061+0000][7792][gc,marking   ] GC(366) Concurrent Rebuild Remembered Sets 84.801ms
[2020-09-29T10:11:18.061+0000][7792][gc,start     ] GC(366) Pause Cleanup
[2020-09-29T10:11:18.062+0000][7792][gc           ] GC(366) Pause Cleanup 399M->399M(1024M) 0.272ms
[2020-09-29T10:11:18.062+0000][7792][gc,cpu       ] GC(366) User=0.00s Sys=0.00s Real=0.00s
[2020-09-29T10:11:18.062+0000][7792][safepoint    ] Safepoint "G1Concurrent", Time since last: 84997000 ns, Reaching safepoint: 259900 ns, At safepoint: 479500 ns, Total: 739400 ns
[2020-09-29T10:11:18.062+0000][7792][gc,marking   ] GC(366) Concurrent Cleanup for Next Mark
[2020-09-29T10:11:18.064+0000][7792][gc,marking   ] GC(366) Concurrent Cleanup for Next Mark 1.757ms
[2020-09-29T10:11:18.064+0000][7792][gc           ] GC(366) Concurrent Cycle 235.655ms
[2020-09-29T10:11:18.092+0000][7792][gc,start     ] GC(367) Pause Young (Concurrent Start) (G1 Humongous Allocation)
[2020-09-29T10:11:18.092+0000][7792][gc,task      ] GC(367) Using 8 workers of 8 for evacuation
[2020-09-29T10:11:18.092+0000][7792][gc,age       ] GC(367) Desired survivor size 33554432 bytes, new threshold 15 (max threshold 15)
[2020-09-29T10:11:18.096+0000][7792][gc,age       ] GC(367) Age table with threshold 15 (max threshold 15)
[2020-09-29T10:11:18.096+0000][7792][gc,age       ] GC(367) - age   1:    2924368 bytes,    2924368 total
[2020-09-29T10:11:18.096+0000][7792][gc,age       ] GC(367) - age   2:       3176 bytes,    2927544 total
[2020-09-29T10:11:18.096+0000][7792][gc,age       ] GC(367) - age   3:      26320 bytes,    2953864 total
[2020-09-29T10:11:18.096+0000][7792][gc,age       ] GC(367) - age   4:       1272 bytes,    2955136 total
[2020-09-29T10:11:18.096+0000][7792][gc,age       ] GC(367) - age   5:       5480 bytes,    2960616 total
[2020-09-29T10:11:18.096+0000][7792][gc,age       ] GC(367) - age   6:      16776 bytes,    2977392 total
[2020-09-29T10:11:18.096+0000][7792][gc,age       ] GC(367) - age   7:       4184 bytes,    2981576 total
[2020-09-29T10:11:18.096+0000][7792][gc,age       ] GC(367) - age   8:        472 bytes,    2982048 total
[2020-09-29T10:11:18.096+0000][7792][gc,age       ] GC(367) - age   9:       1328 bytes,    2983376 total
[2020-09-29T10:11:18.096+0000][7792][gc,age       ] GC(367) - age  10:        496 bytes,    2983872 total
[2020-09-29T10:11:18.096+0000][7792][gc,age       ] GC(367) - age  11:       1448 bytes,    2985320 total
[2020-09-29T10:11:18.096+0000][7792][gc,age       ] GC(367) - age  12:        768 bytes,    2986088 total
[2020-09-29T10:11:18.096+0000][7792][gc,age       ] GC(367) - age  13:       9000 bytes,    2995088 total
[2020-09-29T10:11:18.096+0000][7792][gc,age       ] GC(367) - age  14:       1008 bytes,    2996096 total
[2020-09-29T10:11:18.096+0000][7792][gc,age       ] GC(367) - age  15:       1912 bytes,    2998008 total
[2020-09-29T10:11:18.096+0000][7792][gc,phases    ] GC(367)   Pre Evacuate Collection Set: 0.4ms
[2020-09-29T10:11:18.096+0000][7792][gc,phases    ] GC(367)   Merge Heap Roots: 0.1ms
[2020-09-29T10:11:18.097+0000][7792][gc,phases    ] GC(367)   Evacuate Collection Set: 2.0ms
[2020-09-29T10:11:18.097+0000][7792][gc,phases    ] GC(367)   Post Evacuate Collection Set: 0.8ms
[2020-09-29T10:11:18.097+0000][7792][gc,phases    ] GC(367)   Other: 1.1ms
[2020-09-29T10:11:18.097+0000][7792][gc,heap      ] GC(367) Eden regions: 45->0(504)
[2020-09-29T10:11:18.097+0000][7792][gc,heap      ] GC(367) Survivor regions: 4->3(64)
[2020-09-29T10:11:18.097+0000][7792][gc,heap      ] GC(367) Old regions: 79->79
[2020-09-29T10:11:18.097+0000][7792][gc,heap      ] GC(367) Archive regions: 0->0
[2020-09-29T10:11:18.097+0000][7792][gc,heap      ] GC(367) Humongous regions: 283->174
[2020-09-29T10:11:18.097+0000][7792][gc,metaspace ] GC(367) Metaspace: 89726K(95616K)->89726K(95616K) NonClass: 78453K(81920K)->78453K(81920K) Class: 11272K(13696K)->11272K(13696K)
[2020-09-29T10:11:18.097+0000][7792][gc           ] GC(367) Pause Young (Concurrent Start) (G1 Humongous Allocation) 409M->255M(1024M) 5.000ms
[2020-09-29T10:11:18.097+0000][7792][gc,cpu       ] GC(367) User=0.02s Sys=0.00s Real=0.00s
[2020-09-29T10:11:18.097+0000][7792][gc           ] GC(368) Concurrent Cycle
[2020-09-29T10:11:18.097+0000][7792][safepoint    ] Safepoint "G1TryInitiateConcMark", Time since last: 30029700 ns, Reaching safepoint: 200900 ns, At safepoint: 5199600 ns, Total: 5400500 ns
[2020-09-29T10:11:18.097+0000][7792][gc,marking   ] GC(368) Concurrent Clear Claimed Marks
[2020-09-29T10:11:18.098+0000][7792][gc,marking   ] GC(368) Concurrent Clear Claimed Marks 0.410ms
[2020-09-29T10:11:18.098+0000][7792][gc,marking   ] GC(368) Concurrent Scan Root Regions
[2020-09-29T10:11:18.100+0000][7792][gc,marking   ] GC(368) Concurrent Scan Root Regions 2.653ms
[2020-09-29T10:11:18.100+0000][7792][gc,marking   ] GC(368) Concurrent Mark (941.203s)
[2020-09-29T10:11:18.101+0000][7792][gc,marking   ] GC(368) Concurrent Mark From Roots
[2020-09-29T10:11:18.101+0000][7792][gc,task      ] GC(368) Using 2 workers of 2 for marking
[2020-09-29T10:11:18.236+0000][7792][gc,marking   ] GC(368) Concurrent Mark From Roots 135.324ms
[2020-09-29T10:11:18.236+0000][7792][gc,marking   ] GC(368) Concurrent Preclean
[2020-09-29T10:11:18.237+0000][7792][gc,marking   ] GC(368) Concurrent Preclean 0.536ms
[2020-09-29T10:11:18.237+0000][7792][gc,marking   ] GC(368) Concurrent Mark (941.203s, 941.339s) 136.089ms
[2020-09-29T10:11:18.237+0000][7792][gc,start     ] GC(368) Pause Remark
[2020-09-29T10:11:18.244+0000][7792][gc           ] GC(368) Pause Remark 360M->360M(1024M) 6.827ms
[2020-09-29T10:11:18.244+0000][7792][gc,cpu       ] GC(368) User=0.00s Sys=0.00s Real=0.01s
[2020-09-29T10:11:18.244+0000][7792][safepoint    ] Safepoint "G1Concurrent", Time since last: 139511200 ns, Reaching safepoint: 187900 ns, At safepoint: 7098500 ns, Total: 7286400 ns
[2020-09-29T10:11:18.244+0000][7792][gc,marking   ] GC(368) Concurrent Rebuild Remembered Sets
[2020-09-29T10:11:18.319+0000][7792][gc,marking   ] GC(368) Concurrent Rebuild Remembered Sets 74.384ms
[2020-09-29T10:11:18.319+0000][7792][gc,start     ] GC(368) Pause Cleanup
[2020-09-29T10:11:18.320+0000][7792][gc           ] GC(368) Pause Cleanup 505M->505M(1024M) 0.353ms
[2020-09-29T10:11:18.320+0000][7792][gc,cpu       ] GC(368) User=0.00s Sys=0.00s Real=0.00s
[2020-09-29T10:11:18.320+0000][7792][safepoint    ] Safepoint "G1Concurrent", Time since last: 74574300 ns, Reaching safepoint: 188100 ns, At safepoint: 545000 ns, Total: 733100 ns
[2020-09-29T10:11:18.320+0000][7792][gc,marking   ] GC(368) Concurrent Cleanup for Next Mark
[2020-09-29T10:11:18.321+0000][7792][gc,marking   ] GC(368) Concurrent Cleanup for Next Mark 1.716ms
[2020-09-29T10:11:18.322+0000][7792][gc           ] GC(368) Concurrent Cycle 224.078ms
[2020-09-29T10:11:18.358+0000][7792][gc,start     ] GC(369) Pause Young (Concurrent Start) (G1 Humongous Allocation)
[2020-09-29T10:11:18.358+0000][7792][gc,task      ] GC(369) Using 8 workers of 8 for evacuation
[2020-09-29T10:11:18.358+0000][7792][gc,age       ] GC(369) Desired survivor size 33554432 bytes, new threshold 15 (max threshold 15)
[2020-09-29T10:11:18.363+0000][7792][gc,age       ] GC(369) Age table with threshold 15 (max threshold 15)
[2020-09-29T10:11:18.363+0000][7792][gc,age       ] GC(369) - age   1:    3493392 bytes,    3493392 total
[2020-09-29T10:11:18.363+0000][7792][gc,age       ] GC(369) - age   2:     211944 bytes,    3705336 total
[2020-09-29T10:11:18.363+0000][7792][gc,age       ] GC(369) - age   3:       2304 bytes,    3707640 total
[2020-09-29T10:11:18.363+0000][7792][gc,age       ] GC(369) - age   4:      22928 bytes,    3730568 total
[2020-09-29T10:11:18.363+0000][7792][gc,age       ] GC(369) - age   5:        920 bytes,    3731488 total
[2020-09-29T10:11:18.363+0000][7792][gc,age       ] GC(369) - age   6:       3248 bytes,    3734736 total
[2020-09-29T10:11:18.363+0000][7792][gc,age       ] GC(369) - age   7:      16072 bytes,    3750808 total
[2020-09-29T10:11:18.363+0000][7792][gc,age       ] GC(369) - age   8:       3992 bytes,    3754800 total
[2020-09-29T10:11:18.363+0000][7792][gc,age       ] GC(369) - age   9:        344 bytes,    3755144 total
[2020-09-29T10:11:18.363+0000][7792][gc,age       ] GC(369) - age  10:       1200 bytes,    3756344 total
[2020-09-29T10:11:18.363+0000][7792][gc,age       ] GC(369) - age  11:        432 bytes,    3756776 total
[2020-09-29T10:11:18.363+0000][7792][gc,age       ] GC(369) - age  12:       1448 bytes,    3758224 total
[2020-09-29T10:11:18.363+0000][7792][gc,age       ] GC(369) - age  13:        704 bytes,    3758928 total
[2020-09-29T10:11:18.363+0000][7792][gc,age       ] GC(369) - age  14:       9000 bytes,    3767928 total
[2020-09-29T10:11:18.363+0000][7792][gc,age       ] GC(369) - age  15:       1008 bytes,    3768936 total
[2020-09-29T10:11:18.364+0000][7792][gc,phases    ] GC(369)   Pre Evacuate Collection Set: 0.4ms
[2020-09-29T10:11:18.364+0000][7792][gc,phases    ] GC(369)   Merge Heap Roots: 0.1ms
[2020-09-29T10:11:18.364+0000][7792][gc,phases    ] GC(369)   Evacuate Collection Set: 3.2ms
[2020-09-29T10:11:18.364+0000][7792][gc,phases    ] GC(369)   Post Evacuate Collection Set: 1.0ms
[2020-09-29T10:11:18.364+0000][7792][gc,phases    ] GC(369)   Other: 1.1ms
[2020-09-29T10:11:18.364+0000][7792][gc,heap      ] GC(369) Eden regions: 73->0(503)
[2020-09-29T10:11:18.364+0000][7792][gc,heap      ] GC(369) Survivor regions: 3->4(64)
[2020-09-29T10:11:18.364+0000][7792][gc,heap      ] GC(369) Old regions: 79->79
[2020-09-29T10:11:18.364+0000][7792][gc,heap      ] GC(369) Archive regions: 0->0
[2020-09-29T10:11:18.364+0000][7792][gc,heap      ] GC(369) Humongous regions: 360->174
[2020-09-29T10:11:18.364+0000][7792][gc,metaspace ] GC(369) Metaspace: 89746K(95616K)->89746K(95616K) NonClass: 78472K(81920K)->78472K(81920K) Class: 11273K(13696K)->11273K(13696K)
[2020-09-29T10:11:18.364+0000][7792][gc           ] GC(369) Pause Young (Concurrent Start) (G1 Humongous Allocation) 513M->256M(1024M) 6.279ms
[2020-09-29T10:11:18.364+0000][7792][gc,cpu       ] GC(369) User=0.02s Sys=0.03s Real=0.01s
[2020-09-29T10:11:18.364+0000][7792][gc           ] GC(370) Concurrent Cycle
[2020-09-29T10:11:18.364+0000][7792][safepoint    ] Safepoint "G1TryInitiateConcMark", Time since last: 37807600 ns, Reaching safepoint: 220500 ns, At safepoint: 6525200 ns, Total: 6745700 ns
[2020-09-29T10:11:18.364+0000][7792][gc,marking   ] GC(370) Concurrent Clear Claimed Marks
[2020-09-29T10:11:18.365+0000][7792][gc,marking   ] GC(370) Concurrent Clear Claimed Marks 0.543ms
[2020-09-29T10:11:18.365+0000][7792][gc,marking   ] GC(370) Concurrent Scan Root Regions
[2020-09-29T10:11:18.368+0000][7792][gc,marking   ] GC(370) Concurrent Scan Root Regions 3.139ms
[2020-09-29T10:11:18.368+0000][7792][gc,marking   ] GC(370) Concurrent Mark (941.470s)
[2020-09-29T10:11:18.368+0000][7792][gc,marking   ] GC(370) Concurrent Mark From Roots
[2020-09-29T10:11:18.368+0000][7792][gc,task      ] GC(370) Using 2 workers of 2 for marking
[2020-09-29T10:11:18.543+0000][7792][gc,marking   ] GC(370) Concurrent Mark From Roots 175.096ms
[2020-09-29T10:11:18.543+0000][7792][gc,marking   ] GC(370) Concurrent Preclean
[2020-09-29T10:11:18.544+0000][7792][gc,marking   ] GC(370) Concurrent Preclean 0.884ms
[2020-09-29T10:11:18.544+0000][7792][gc,marking   ] GC(370) Concurrent Mark (941.470s, 941.647s) 176.291ms
[2020-09-29T10:11:18.545+0000][7792][gc,start     ] GC(370) Pause Remark
[2020-09-29T10:11:18.561+0000][7792][gc           ] GC(370) Pause Remark 402M->402M(1024M) 15.756ms
[2020-09-29T10:11:18.561+0000][7792][gc,cpu       ] GC(370) User=0.09s Sys=0.00s Real=0.02s
[2020-09-29T10:11:18.561+0000][7792][safepoint    ] Safepoint "G1Concurrent", Time since last: 180404600 ns, Reaching safepoint: 228400 ns, At safepoint: 16086500 ns, Total: 16314900 ns
[2020-09-29T10:11:18.561+0000][7792][gc,marking   ] GC(370) Concurrent Rebuild Remembered Sets
[2020-09-29T10:11:18.655+0000][7792][gc,marking   ] GC(370) Concurrent Rebuild Remembered Sets 93.106ms
[2020-09-29T10:11:18.655+0000][7792][gc,start     ] GC(370) Pause Cleanup
[2020-09-29T10:11:18.655+0000][7792][gc           ] GC(370) Pause Cleanup 475M->475M(1024M) 0.385ms
[2020-09-29T10:11:18.655+0000][7792][gc,cpu       ] GC(370) User=0.00s Sys=0.00s Real=0.00s
[2020-09-29T10:11:18.656+0000][7792][safepoint    ] Safepoint "G1Concurrent", Time since last: 93332800 ns, Reaching safepoint: 342200 ns, At safepoint: 608800 ns, Total: 951000 ns
[2020-09-29T10:11:18.656+0000][7792][gc,marking   ] GC(370) Concurrent Cleanup for Next Mark
[2020-09-29T10:11:18.657+0000][7792][gc,marking   ] GC(370) Concurrent Cleanup for Next Mark 1.615ms
[2020-09-29T10:11:18.657+0000][7792][gc           ] GC(370) Concurrent Cycle 292.863ms
[2020-09-29T10:11:18.839+0000][7792][gc,start     ] GC(371) Pause Young (Concurrent Start) (G1 Humongous Allocation)
[2020-09-29T10:11:18.839+0000][7792][gc,task      ] GC(371) Using 8 workers of 8 for evacuation
[2020-09-29T10:11:18.839+0000][7792][gc,age       ] GC(371) Desired survivor size 33554432 bytes, new threshold 15 (max threshold 15)
[2020-09-29T10:11:18.842+0000][7792][gc,age       ] GC(371) Age table with threshold 15 (max threshold 15)
[2020-09-29T10:11:18.842+0000][7792][gc,age       ] GC(371) - age   1:    2726008 bytes,    2726008 total
[2020-09-29T10:11:18.842+0000][7792][gc,age       ] GC(371) - age   2:     103056 bytes,    2829064 total
[2020-09-29T10:11:18.842+0000][7792][gc,age       ] GC(371) - age   3:       8352 bytes,    2837416 total
[2020-09-29T10:11:18.842+0000][7792][gc,age       ] GC(371) - age   4:       1272 bytes,    2838688 total
[2020-09-29T10:11:18.842+0000][7792][gc,age       ] GC(371) - age   5:      21840 bytes,    2860528 total
[2020-09-29T10:11:18.842+0000][7792][gc,age       ] GC(371) - age   6:        856 bytes,    2861384 total
[2020-09-29T10:11:18.842+0000][7792][gc,age       ] GC(371) - age   7:       3248 bytes,    2864632 total
[2020-09-29T10:11:18.842+0000][7792][gc,age       ] GC(371) - age   8:      16008 bytes,    2880640 total
[2020-09-29T10:11:18.842+0000][7792][gc,age       ] GC(371) - age   9:       3992 bytes,    2884632 total
[2020-09-29T10:11:18.842+0000][7792][gc,age       ] GC(371) - age  10:        344 bytes,    2884976 total
[2020-09-29T10:11:18.842+0000][7792][gc,age       ] GC(371) - age  11:       1200 bytes,    2886176 total
[2020-09-29T10:11:18.843+0000][7792][gc,age       ] GC(371) - age  12:        432 bytes,    2886608 total
[2020-09-29T10:11:18.843+0000][7792][gc,age       ] GC(371) - age  13:       1448 bytes,    2888056 total
[2020-09-29T10:11:18.843+0000][7792][gc,age       ] GC(371) - age  14:        704 bytes,    2888760 total
[2020-09-29T10:11:18.843+0000][7792][gc,age       ] GC(371) - age  15:       9000 bytes,    2897760 total
[2020-09-29T10:11:18.843+0000][7792][gc,phases    ] GC(371)   Pre Evacuate Collection Set: 0.4ms
[2020-09-29T10:11:18.843+0000][7792][gc,phases    ] GC(371)   Merge Heap Roots: 0.1ms
[2020-09-29T10:11:18.843+0000][7792][gc,phases    ] GC(371)   Evacuate Collection Set: 2.0ms
[2020-09-29T10:11:18.843+0000][7792][gc,phases    ] GC(371)   Post Evacuate Collection Set: 0.7ms
[2020-09-29T10:11:18.843+0000][7792][gc,phases    ] GC(371)   Other: 0.7ms
[2020-09-29T10:11:18.843+0000][7792][gc,heap      ] GC(371) Eden regions: 57->0(504)
[2020-09-29T10:11:18.843+0000][7792][gc,heap      ] GC(371) Survivor regions: 4->3(64)
[2020-09-29T10:11:18.843+0000][7792][gc,heap      ] GC(371) Old regions: 79->79
[2020-09-29T10:11:18.843+0000][7792][gc,heap      ] GC(371) Archive regions: 0->0
[2020-09-29T10:11:18.843+0000][7792][gc,heap      ] GC(371) Humongous regions: 354->174
[2020-09-29T10:11:18.843+0000][7792][gc,metaspace ] GC(371) Metaspace: 89762K(95616K)->89762K(95616K) NonClass: 78486K(81920K)->78486K(81920K) Class: 11276K(13696K)->11276K(13696K)
[2020-09-29T10:11:18.843+0000][7792][gc           ] GC(371) Pause Young (Concurrent Start) (G1 Humongous Allocation) 493M->255M(1024M) 4.180ms
[2020-09-29T10:11:18.843+0000][7792][gc,cpu       ] GC(371) User=0.00s Sys=0.00s Real=0.00s
[2020-09-29T10:11:18.843+0000][7792][safepoint    ] Safepoint "G1TryInitiateConcMark", Time since last: 182882300 ns, Reaching safepoint: 227600 ns, At safepoint: 4329300 ns, Total: 4556900 ns
[2020-09-29T10:11:18.843+0000][7792][gc           ] GC(372) Concurrent Cycle
[2020-09-29T10:11:18.843+0000][7792][gc,marking   ] GC(372) Concurrent Clear Claimed Marks
[2020-09-29T10:11:18.843+0000][7792][gc,marking   ] GC(372) Concurrent Clear Claimed Marks 0.353ms
[2020-09-29T10:11:18.844+0000][7792][gc,marking   ] GC(372) Concurrent Scan Root Regions
[2020-09-29T10:11:18.845+0000][7792][gc,marking   ] GC(372) Concurrent Scan Root Regions 1.902ms
[2020-09-29T10:11:18.846+0000][7792][gc,marking   ] GC(372) Concurrent Mark (941.947s)
[2020-09-29T10:11:18.846+0000][7792][gc,marking   ] GC(372) Concurrent Mark From Roots
[2020-09-29T10:11:18.846+0000][7792][gc,task      ] GC(372) Using 2 workers of 2 for marking
[2020-09-29T10:11:19.003+0000][7792][gc,marking   ] GC(372) Concurrent Mark From Roots 157.858ms
[2020-09-29T10:11:19.003+0000][7792][gc,marking   ] GC(372) Concurrent Preclean
[2020-09-29T10:11:19.004+0000][7792][gc,marking   ] GC(372) Concurrent Preclean 0.635ms
[2020-09-29T10:11:19.004+0000][7792][gc,marking   ] GC(372) Concurrent Mark (941.947s, 942.106s) 158.680ms
[2020-09-29T10:11:19.004+0000][7792][gc,start     ] GC(372) Pause Remark
[2020-09-29T10:11:19.012+0000][7792][gc           ] GC(372) Pause Remark 424M->424M(1024M) 7.439ms
[2020-09-29T10:11:19.012+0000][7792][gc,cpu       ] GC(372) User=0.00s Sys=0.00s Real=0.01s
[2020-09-29T10:11:19.012+0000][7792][safepoint    ] Safepoint "G1Concurrent", Time since last: 161318700 ns, Reaching safepoint: 214600 ns, At safepoint: 7708600 ns, Total: 7923200 ns
[2020-09-29T10:11:19.012+0000][7792][gc,marking   ] GC(372) Concurrent Rebuild Remembered Sets
[2020-09-29T10:11:19.097+0000][7792][gc,marking   ] GC(372) Concurrent Rebuild Remembered Sets 85.127ms
[2020-09-29T10:11:19.097+0000][7792][gc,start     ] GC(372) Pause Cleanup
[2020-09-29T10:11:19.098+0000][7792][gc           ] GC(372) Pause Cleanup 501M->501M(1024M) 0.295ms
[2020-09-29T10:11:19.098+0000][7792][gc,cpu       ] GC(372) User=0.00s Sys=0.00s Real=0.00s
[2020-09-29T10:11:19.098+0000][7792][safepoint    ] Safepoint "G1Concurrent", Time since last: 85323700 ns, Reaching safepoint: 182000 ns, At safepoint: 441700 ns, Total: 623700 ns
[2020-09-29T10:11:19.098+0000][7792][gc,marking   ] GC(372) Concurrent Cleanup for Next Mark
[2020-09-29T10:11:19.099+0000][7792][gc,marking   ] GC(372) Concurrent Cleanup for Next Mark 1.409ms
[2020-09-29T10:11:19.099+0000][7792][gc           ] GC(372) Concurrent Cycle 256.776ms
[2020-09-29T10:11:19.117+0000][7792][gc,start     ] GC(373) Pause Young (Concurrent Start) (G1 Humongous Allocation)
[2020-09-29T10:11:19.117+0000][7792][gc,task      ] GC(373) Using 8 workers of 8 for evacuation
[2020-09-29T10:11:19.117+0000][7792][gc,age       ] GC(373) Desired survivor size 33554432 bytes, new threshold 15 (max threshold 15)
[2020-09-29T10:11:19.120+0000][7792][gc,age       ] GC(373) Age table with threshold 15 (max threshold 15)
[2020-09-29T10:11:19.120+0000][7792][gc,age       ] GC(373) - age   1:    3413280 bytes,    3413280 total
[2020-09-29T10:11:19.121+0000][7792][gc,age       ] GC(373) - age   2:      18888 bytes,    3432168 total
[2020-09-29T10:11:19.121+0000][7792][gc,age       ] GC(373) - age   3:     102416 bytes,    3534584 total
[2020-09-29T10:11:19.121+0000][7792][gc,age       ] GC(373) - age   4:       7400 bytes,    3541984 total
[2020-09-29T10:11:19.121+0000][7792][gc,age       ] GC(373) - age   5:       1112 bytes,    3543096 total
[2020-09-29T10:11:19.121+0000][7792][gc,age       ] GC(373) - age   6:      19168 bytes,    3562264 total
[2020-09-29T10:11:19.121+0000][7792][gc,age       ] GC(373) - age   7:        720 bytes,    3562984 total
[2020-09-29T10:11:19.121+0000][7792][gc,age       ] GC(373) - age   8:        816 bytes,    3563800 total
[2020-09-29T10:11:19.121+0000][7792][gc,age       ] GC(373) - age   9:      15912 bytes,    3579712 total
[2020-09-29T10:11:19.121+0000][7792][gc,age       ] GC(373) - age  10:       3992 bytes,    3583704 total
[2020-09-29T10:11:19.121+0000][7792][gc,age       ] GC(373) - age  11:        344 bytes,    3584048 total
[2020-09-29T10:11:19.121+0000][7792][gc,age       ] GC(373) - age  12:       1136 bytes,    3585184 total
[2020-09-29T10:11:19.121+0000][7792][gc,age       ] GC(373) - age  13:        432 bytes,    3585616 total
[2020-09-29T10:11:19.121+0000][7792][gc,age       ] GC(373) - age  14:       1448 bytes,    3587064 total
[2020-09-29T10:11:19.121+0000][7792][gc,age       ] GC(373) - age  15:        704 bytes,    3587768 total
[2020-09-29T10:11:19.121+0000][7792][gc,phases    ] GC(373)   Pre Evacuate Collection Set: 0.4ms
[2020-09-29T10:11:19.121+0000][7792][gc,phases    ] GC(373)   Merge Heap Roots: 0.1ms
[2020-09-29T10:11:19.121+0000][7792][gc,phases    ] GC(373)   Evacuate Collection Set: 1.9ms
[2020-09-29T10:11:19.121+0000][7792][gc,phases    ] GC(373)   Post Evacuate Collection Set: 0.7ms
[2020-09-29T10:11:19.121+0000][7792][gc,phases    ] GC(373)   Other: 0.8ms
[2020-09-29T10:11:19.121+0000][7792][gc,heap      ] GC(373) Eden regions: 73->0(503)
[2020-09-29T10:11:19.121+0000][7792][gc,heap      ] GC(373) Survivor regions: 3->4(64)
[2020-09-29T10:11:19.121+0000][7792][gc,heap      ] GC(373) Old regions: 79->79
[2020-09-29T10:11:19.121+0000][7792][gc,heap      ] GC(373) Archive regions: 0->0
[2020-09-29T10:11:19.121+0000][7792][gc,heap      ] GC(373) Humongous regions: 355->174
[2020-09-29T10:11:19.121+0000][7792][gc,metaspace ] GC(373) Metaspace: 89762K(95616K)->89762K(95616K) NonClass: 78486K(81920K)->78486K(81920K) Class: 11276K(13696K)->11276K(13696K)
[2020-09-29T10:11:19.121+0000][7792][gc           ] GC(373) Pause Young (Concurrent Start) (G1 Humongous Allocation) 509M->256M(1024M) 4.172ms
[2020-09-29T10:11:19.121+0000][7792][gc,cpu       ] GC(373) User=0.00s Sys=0.00s Real=0.00s
[2020-09-29T10:11:19.121+0000][7792][safepoint    ] Safepoint "G1TryInitiateConcMark", Time since last: 19070900 ns, Reaching safepoint: 215100 ns, At safepoint: 4325700 ns, Total: 4540800 ns
[2020-09-29T10:11:19.121+0000][7792][gc           ] GC(374) Concurrent Cycle
[2020-09-29T10:11:19.121+0000][7792][gc,marking   ] GC(374) Concurrent Clear Claimed Marks
[2020-09-29T10:11:19.122+0000][7792][gc,marking   ] GC(374) Concurrent Clear Claimed Marks 0.352ms
[2020-09-29T10:11:19.122+0000][7792][gc,marking   ] GC(374) Concurrent Scan Root Regions
[2020-09-29T10:11:19.124+0000][7792][gc,marking   ] GC(374) Concurrent Scan Root Regions 2.343ms
[2020-09-29T10:11:19.124+0000][7792][gc,marking   ] GC(374) Concurrent Mark (942.227s)
[2020-09-29T10:11:19.124+0000][7792][gc,marking   ] GC(374) Concurrent Mark From Roots
[2020-09-29T10:11:19.124+0000][7792][gc,task      ] GC(374) Using 2 workers of 2 for marking
[2020-09-29T10:11:19.258+0000][7792][gc,marking   ] GC(374) Concurrent Mark From Roots 133.390ms
[2020-09-29T10:11:19.258+0000][7792][gc,marking   ] GC(374) Concurrent Preclean
[2020-09-29T10:11:19.259+0000][7792][gc,marking   ] GC(374) Concurrent Preclean 0.470ms
[2020-09-29T10:11:19.259+0000][7792][gc,marking   ] GC(374) Concurrent Mark (942.227s, 942.361s) 134.027ms
[2020-09-29T10:11:19.259+0000][7792][gc,start     ] GC(374) Pause Remark
[2020-09-29T10:11:19.267+0000][7792][gc           ] GC(374) Pause Remark 333M->333M(1024M) 7.397ms
[2020-09-29T10:11:19.267+0000][7792][gc,cpu       ] GC(374) User=0.09s Sys=0.00s Real=0.01s
[2020-09-29T10:11:19.267+0000][7792][safepoint    ] Safepoint "G1Concurrent", Time since last: 137015500 ns, Reaching safepoint: 265100 ns, At safepoint: 7618200 ns, Total: 7883300 ns
[2020-09-29T10:11:19.267+0000][7792][gc,marking   ] GC(374) Concurrent Rebuild Remembered Sets
[2020-09-29T10:11:19.349+0000][7792][gc,marking   ] GC(374) Concurrent Rebuild Remembered Sets 81.807ms
[2020-09-29T10:11:19.349+0000][7792][gc,start     ] GC(374) Pause Cleanup
[2020-09-29T10:11:19.349+0000][7792][gc           ] GC(374) Pause Cleanup 405M->405M(1024M) 0.323ms
[2020-09-29T10:11:19.349+0000][7792][gc,cpu       ] GC(374) User=0.00s Sys=0.00s Real=0.00s
[2020-09-29T10:11:19.349+0000][7792][safepoint    ] Safepoint "G1Concurrent", Time since last: 81993200 ns, Reaching safepoint: 188600 ns, At safepoint: 523800 ns, Total: 712400 ns
[2020-09-29T10:11:19.349+0000][7792][gc,marking   ] GC(374) Concurrent Cleanup for Next Mark
[2020-09-29T10:11:19.351+0000][7792][gc,marking   ] GC(374) Concurrent Cleanup for Next Mark 1.847ms
[2020-09-29T10:11:19.351+0000][7792][gc           ] GC(374) Concurrent Cycle 229.671ms
[2020-09-29T10:11:19.360+0000][7792][gc,start     ] GC(375) Pause Young (Concurrent Start) (G1 Humongous Allocation)
[2020-09-29T10:11:19.360+0000][7792][gc,task      ] GC(375) Using 8 workers of 8 for evacuation
[2020-09-29T10:11:19.360+0000][7792][gc,age       ] GC(375) Desired survivor size 33554432 bytes, new threshold 15 (max threshold 15)
[2020-09-29T10:11:19.363+0000][7792][gc,age       ] GC(375) Age table with threshold 15 (max threshold 15)
[2020-09-29T10:11:19.363+0000][7792][gc,age       ] GC(375) - age   1:    2953496 bytes,    2953496 total
[2020-09-29T10:11:19.364+0000][7792][gc,age       ] GC(375) - age   2:       3464 bytes,    2956960 total
[2020-09-29T10:11:19.364+0000][7792][gc,age       ] GC(375) - age   3:      16352 bytes,    2973312 total
[2020-09-29T10:11:19.364+0000][7792][gc,age       ] GC(375) - age   4:     102160 bytes,    3075472 total
[2020-09-29T10:11:19.364+0000][7792][gc,age       ] GC(375) - age   5:       6752 bytes,    3082224 total
[2020-09-29T10:11:19.364+0000][7792][gc,age       ] GC(375) - age   6:       1080 bytes,    3083304 total
[2020-09-29T10:11:19.364+0000][7792][gc,age       ] GC(375) - age   7:      18464 bytes,    3101768 total
[2020-09-29T10:11:19.364+0000][7792][gc,age       ] GC(375) - age   8:        720 bytes,    3102488 total
[2020-09-29T10:11:19.364+0000][7792][gc,age       ] GC(375) - age   9:        816 bytes,    3103304 total
[2020-09-29T10:11:19.364+0000][7792][gc,age       ] GC(375) - age  10:      15848 bytes,    3119152 total
[2020-09-29T10:11:19.364+0000][7792][gc,age       ] GC(375) - age  11:       3992 bytes,    3123144 total
[2020-09-29T10:11:19.364+0000][7792][gc,age       ] GC(375) - age  12:        344 bytes,    3123488 total
[2020-09-29T10:11:19.364+0000][7792][gc,age       ] GC(375) - age  13:       1136 bytes,    3124624 total
[2020-09-29T10:11:19.364+0000][7792][gc,age       ] GC(375) - age  14:        432 bytes,    3125056 total
[2020-09-29T10:11:19.364+0000][7792][gc,age       ] GC(375) - age  15:       1360 bytes,    3126416 total
[2020-09-29T10:11:19.364+0000][7792][gc,phases    ] GC(375)   Pre Evacuate Collection Set: 0.4ms
[2020-09-29T10:11:19.364+0000][7792][gc,phases    ] GC(375)   Merge Heap Roots: 0.1ms
[2020-09-29T10:11:19.364+0000][7792][gc,phases    ] GC(375)   Evacuate Collection Set: 2.0ms
[2020-09-29T10:11:19.364+0000][7792][gc,phases    ] GC(375)   Post Evacuate Collection Set: 0.7ms
[2020-09-29T10:11:19.364+0000][7792][gc,phases    ] GC(375)   Other: 1.1ms
[2020-09-29T10:11:19.364+0000][7792][gc,heap      ] GC(375) Eden regions: 45->0(503)
[2020-09-29T10:11:19.364+0000][7792][gc,heap      ] GC(375) Survivor regions: 4->4(64)
[2020-09-29T10:11:19.364+0000][7792][gc,heap      ] GC(375) Old regions: 79->79
[2020-09-29T10:11:19.364+0000][7792][gc,heap      ] GC(375) Archive regions: 0->0
[2020-09-29T10:11:19.364+0000][7792][gc,heap      ] GC(375) Humongous regions: 283->174
[2020-09-29T10:11:19.365+0000][7792][gc,metaspace ] GC(375) Metaspace: 89765K(95616K)->89765K(95616K) NonClass: 78488K(81920K)->78488K(81920K) Class: 11276K(13696K)->11276K(13696K)
[2020-09-29T10:11:19.365+0000][7792][gc           ] GC(375) Pause Young (Concurrent Start) (G1 Humongous Allocation) 410M->255M(1024M) 4.752ms
[2020-09-29T10:11:19.365+0000][7792][gc,cpu       ] GC(375) User=0.00s Sys=0.00s Real=0.01s
[2020-09-29T10:11:19.365+0000][7792][gc           ] GC(376) Concurrent Cycle
[2020-09-29T10:11:19.365+0000][7792][safepoint    ] Safepoint "G1TryInitiateConcMark", Time since last: 10229300 ns, Reaching safepoint: 153400 ns, At safepoint: 4965400 ns, Total: 5118800 ns
[2020-09-29T10:11:19.365+0000][7792][gc,marking   ] GC(376) Concurrent Clear Claimed Marks
[2020-09-29T10:11:19.365+0000][7792][gc,marking   ] GC(376) Concurrent Clear Claimed Marks 0.419ms
[2020-09-29T10:11:19.365+0000][7792][gc,marking   ] GC(376) Concurrent Scan Root Regions
[2020-09-29T10:11:19.367+0000][7792][gc,marking   ] GC(376) Concurrent Scan Root Regions 1.606ms
[2020-09-29T10:11:19.367+0000][7792][gc,marking   ] GC(376) Concurrent Mark (942.469s)
[2020-09-29T10:11:19.367+0000][7792][gc,marking   ] GC(376) Concurrent Mark From Roots
[2020-09-29T10:11:19.367+0000][7792][gc,task      ] GC(376) Using 2 workers of 2 for marking
[2020-09-29T10:11:19.473+0000][7792][gc,marking   ] GC(376) Concurrent Mark From Roots 106.855ms
[2020-09-29T10:11:19.473+0000][7792][gc,marking   ] GC(376) Concurrent Preclean
[2020-09-29T10:11:19.474+0000][7792][gc,marking   ] GC(376) Concurrent Preclean 0.708ms
[2020-09-29T10:11:19.474+0000][7792][gc,marking   ] GC(376) Concurrent Mark (942.469s, 942.577s) 107.746ms
[2020-09-29T10:11:19.474+0000][7792][gc,start     ] GC(376) Pause Remark
[2020-09-29T10:11:19.482+0000][7792][gc           ] GC(376) Pause Remark 358M->358M(1024M) 7.901ms
[2020-09-29T10:11:19.482+0000][7792][gc,cpu       ] GC(376) User=0.00s Sys=0.00s Real=0.01s
[2020-09-29T10:11:19.483+0000][7792][safepoint    ] Safepoint "G1Concurrent", Time since last: 110079500 ns, Reaching safepoint: 140700 ns, At safepoint: 8152400 ns, Total: 8293100 ns
[2020-09-29T10:11:19.483+0000][7792][gc,marking   ] GC(376) Concurrent Rebuild Remembered Sets
[2020-09-29T10:11:19.583+0000][7792][gc,marking   ] GC(376) Concurrent Rebuild Remembered Sets 99.701ms
[2020-09-29T10:11:19.583+0000][7792][gc,start     ] GC(376) Pause Cleanup
[2020-09-29T10:11:19.584+0000][7792][gc           ] GC(376) Pause Cleanup 433M->433M(1024M) 0.446ms
[2020-09-29T10:11:19.584+0000][7792][gc,cpu       ] GC(376) User=0.00s Sys=0.00s Real=0.00s
[2020-09-29T10:11:19.584+0000][7792][safepoint    ] Safepoint "G1Concurrent", Time since last: 99910300 ns, Reaching safepoint: 163900 ns, At safepoint: 719700 ns, Total: 883600 ns
[2020-09-29T10:11:19.584+0000][7792][gc,marking   ] GC(376) Concurrent Cleanup for Next Mark
[2020-09-29T10:11:19.586+0000][7792][gc,marking   ] GC(376) Concurrent Cleanup for Next Mark 1.758ms
[2020-09-29T10:11:19.586+0000][7792][gc           ] GC(376) Concurrent Cycle 221.236ms
[2020-09-29T10:11:19.602+0000][7792][gc,start     ] GC(377) Pause Young (Concurrent Start) (G1 Humongous Allocation)
[2020-09-29T10:11:19.602+0000][7792][gc,task      ] GC(377) Using 8 workers of 8 for evacuation
[2020-09-29T10:11:19.602+0000][7792][gc,age       ] GC(377) Desired survivor size 33554432 bytes, new threshold 15 (max threshold 15)
[2020-09-29T10:11:19.607+0000][7792][gc,age       ] GC(377) Age table with threshold 15 (max threshold 15)
[2020-09-29T10:11:19.607+0000][7792][gc,age       ] GC(377) - age   1:    3202640 bytes,    3202640 total
[2020-09-29T10:11:19.608+0000][7792][gc,age       ] GC(377) - age   2:     238848 bytes,    3441488 total
[2020-09-29T10:11:19.608+0000][7792][gc,age       ] GC(377) - age   3:       2400 bytes,    3443888 total
[2020-09-29T10:11:19.608+0000][7792][gc,age       ] GC(377) - age   4:      14736 bytes,    3458624 total
[2020-09-29T10:11:19.608+0000][7792][gc,age       ] GC(377) - age   5:     101744 bytes,    3560368 total
[2020-09-29T10:11:19.608+0000][7792][gc,age       ] GC(377) - age   6:       6688 bytes,    3567056 total
[2020-09-29T10:11:19.608+0000][7792][gc,age       ] GC(377) - age   7:        952 bytes,    3568008 total
[2020-09-29T10:11:19.608+0000][7792][gc,age       ] GC(377) - age   8:      16032 bytes,    3584040 total
[2020-09-29T10:11:19.608+0000][7792][gc,age       ] GC(377) - age   9:        496 bytes,    3584536 total
[2020-09-29T10:11:19.608+0000][7792][gc,age       ] GC(377) - age  10:        816 bytes,    3585352 total
[2020-09-29T10:11:19.608+0000][7792][gc,age       ] GC(377) - age  11:      15848 bytes,    3601200 total
[2020-09-29T10:11:19.608+0000][7792][gc,age       ] GC(377) - age  12:       3928 bytes,    3605128 total
[2020-09-29T10:11:19.608+0000][7792][gc,age       ] GC(377) - age  13:        312 bytes,    3605440 total
[2020-09-29T10:11:19.608+0000][7792][gc,age       ] GC(377) - age  14:       1136 bytes,    3606576 total
[2020-09-29T10:11:19.608+0000][7792][gc,age       ] GC(377) - age  15:        304 bytes,    3606880 total
[2020-09-29T10:11:19.608+0000][7792][gc,phases    ] GC(377)   Pre Evacuate Collection Set: 0.6ms
[2020-09-29T10:11:19.608+0000][7792][gc,phases    ] GC(377)   Merge Heap Roots: 0.1ms
[2020-09-29T10:11:19.608+0000][7792][gc,phases    ] GC(377)   Evacuate Collection Set: 3.2ms
[2020-09-29T10:11:19.608+0000][7792][gc,phases    ] GC(377)   Post Evacuate Collection Set: 1.0ms
[2020-09-29T10:11:19.608+0000][7792][gc,phases    ] GC(377)   Other: 1.5ms
[2020-09-29T10:11:19.609+0000][7792][gc,heap      ] GC(377) Eden regions: 56->0(503)
[2020-09-29T10:11:19.609+0000][7792][gc,heap      ] GC(377) Survivor regions: 4->4(64)
[2020-09-29T10:11:19.609+0000][7792][gc,heap      ] GC(377) Old regions: 79->79
[2020-09-29T10:11:19.609+0000][7792][gc,heap      ] GC(377) Archive regions: 0->0
[2020-09-29T10:11:19.609+0000][7792][gc,heap      ] GC(377) Humongous regions: 303->174
[2020-09-29T10:11:19.609+0000][7792][gc,metaspace ] GC(377) Metaspace: 89765K(95616K)->89765K(95616K) NonClass: 78489K(81920K)->78489K(81920K) Class: 11276K(13696K)->11276K(13696K)
[2020-09-29T10:11:19.609+0000][7792][gc           ] GC(377) Pause Young (Concurrent Start) (G1 Humongous Allocation) 439M->256M(1024M) 6.950ms
[2020-09-29T10:11:19.609+0000][7792][gc,cpu       ] GC(377) User=0.02s Sys=0.00s Real=0.01s
[2020-09-29T10:11:19.609+0000][7792][gc           ] GC(378) Concurrent Cycle
[2020-09-29T10:11:19.609+0000][7792][gc,marking   ] GC(378) Concurrent Clear Claimed Marks
[2020-09-29T10:11:19.609+0000][7792][safepoint    ] Safepoint "G1TryInitiateConcMark", Time since last: 17855900 ns, Reaching safepoint: 190200 ns, At safepoint: 7271000 ns, Total: 7461200 ns
[2020-09-29T10:11:19.610+0000][7792][gc,marking   ] GC(378) Concurrent Clear Claimed Marks 0.389ms
[2020-09-29T10:11:19.610+0000][7792][gc,marking   ] GC(378) Concurrent Scan Root Regions
[2020-09-29T10:11:19.613+0000][7792][gc,marking   ] GC(378) Concurrent Scan Root Regions 3.195ms
[2020-09-29T10:11:19.613+0000][7792][gc,marking   ] GC(378) Concurrent Mark (942.715s)
[2020-09-29T10:11:19.613+0000][7792][gc,marking   ] GC(378) Concurrent Mark From Roots
[2020-09-29T10:11:19.613+0000][7792][gc,task      ] GC(378) Using 2 workers of 2 for marking
[2020-09-29T10:11:19.777+0000][7792][gc,marking   ] GC(378) Concurrent Mark From Roots 163.666ms
[2020-09-29T10:11:19.777+0000][7792][gc,marking   ] GC(378) Concurrent Preclean
[2020-09-29T10:11:19.777+0000][7792][gc,marking   ] GC(378) Concurrent Preclean 0.584ms
[2020-09-29T10:11:19.777+0000][7792][gc,marking   ] GC(378) Concurrent Mark (942.715s, 942.879s) 164.471ms
[2020-09-29T10:11:19.778+0000][7792][gc,start     ] GC(378) Pause Remark
[2020-09-29T10:11:19.785+0000][7792][gc           ] GC(378) Pause Remark 401M->401M(1024M) 7.440ms
[2020-09-29T10:11:19.785+0000][7792][gc,cpu       ] GC(378) User=0.09s Sys=0.02s Real=0.01s
[2020-09-29T10:11:19.785+0000][7792][safepoint    ] Safepoint "G1Concurrent", Time since last: 168355900 ns, Reaching safepoint: 179700 ns, At safepoint: 7710000 ns, Total: 7889700 ns
[2020-09-29T10:11:19.786+0000][7792][gc,marking   ] GC(378) Concurrent Rebuild Remembered Sets
[2020-09-29T10:11:19.867+0000][7792][gc,marking   ] GC(378) Concurrent Rebuild Remembered Sets 80.928ms
[2020-09-29T10:11:19.867+0000][7792][gc,start     ] GC(378) Pause Cleanup
[2020-09-29T10:11:19.867+0000][7792][gc           ] GC(378) Pause Cleanup 404M->404M(1024M) 0.368ms
[2020-09-29T10:11:19.867+0000][7792][gc,cpu       ] GC(378) User=0.00s Sys=0.00s Real=0.00s
[2020-09-29T10:11:19.867+0000][7792][safepoint    ] Safepoint "G1Concurrent", Time since last: 81286900 ns, Reaching safepoint: 173100 ns, At safepoint: 563900 ns, Total: 737000 ns
[2020-09-29T10:11:19.867+0000][7792][gc,marking   ] GC(378) Concurrent Cleanup for Next Mark
[2020-09-29T10:11:19.869+0000][7792][gc,marking   ] GC(378) Concurrent Cleanup for Next Mark 1.552ms
[2020-09-29T10:11:19.869+0000][7792][gc           ] GC(378) Concurrent Cycle 260.091ms
[2020-09-29T10:11:19.913+0000][7792][gc,start     ] GC(379) Pause Young (Concurrent Start) (G1 Humongous Allocation)
[2020-09-29T10:11:19.913+0000][7792][gc,task      ] GC(379) Using 8 workers of 8 for evacuation
[2020-09-29T10:11:19.913+0000][7792][gc,age       ] GC(379) Desired survivor size 33554432 bytes, new threshold 15 (max threshold 15)
[2020-09-29T10:11:19.916+0000][7792][gc,age       ] GC(379) Age table with threshold 15 (max threshold 15)
[2020-09-29T10:11:19.916+0000][7792][gc,age       ] GC(379) - age   1:    2735568 bytes,    2735568 total
[2020-09-29T10:11:19.916+0000][7792][gc,age       ] GC(379) - age   2:       3496 bytes,    2739064 total
[2020-09-29T10:11:19.916+0000][7792][gc,age       ] GC(379) - age   3:      25272 bytes,    2764336 total
[2020-09-29T10:11:19.916+0000][7792][gc,age       ] GC(379) - age   4:       1984 bytes,    2766320 total
[2020-09-29T10:11:19.917+0000][7792][gc,age       ] GC(379) - age   5:      12320 bytes,    2778640 total
[2020-09-29T10:11:19.917+0000][7792][gc,age       ] GC(379) - age   6:     101592 bytes,    2880232 total
[2020-09-29T10:11:19.917+0000][7792][gc,age       ] GC(379) - age   7:       6688 bytes,    2886920 total
[2020-09-29T10:11:19.917+0000][7792][gc,age       ] GC(379) - age   8:        952 bytes,    2887872 total
[2020-09-29T10:11:19.917+0000][7792][gc,age       ] GC(379) - age   9:      16032 bytes,    2903904 total
[2020-09-29T10:11:19.917+0000][7792][gc,age       ] GC(379) - age  10:        496 bytes,    2904400 total
[2020-09-29T10:11:19.917+0000][7792][gc,age       ] GC(379) - age  11:        720 bytes,    2905120 total
[2020-09-29T10:11:19.917+0000][7792][gc,age       ] GC(379) - age  12:      15784 bytes,    2920904 total
[2020-09-29T10:11:19.917+0000][7792][gc,age       ] GC(379) - age  13:       3864 bytes,    2924768 total
[2020-09-29T10:11:19.917+0000][7792][gc,age       ] GC(379) - age  14:        280 bytes,    2925048 total
[2020-09-29T10:11:19.917+0000][7792][gc,age       ] GC(379) - age  15:       1136 bytes,    2926184 total
[2020-09-29T10:11:19.917+0000][7792][gc,phases    ] GC(379)   Pre Evacuate Collection Set: 0.4ms
[2020-09-29T10:11:19.917+0000][7792][gc,phases    ] GC(379)   Merge Heap Roots: 0.1ms
[2020-09-29T10:11:19.917+0000][7792][gc,phases    ] GC(379)   Evacuate Collection Set: 2.0ms
[2020-09-29T10:11:19.917+0000][7792][gc,phases    ] GC(379)   Post Evacuate Collection Set: 0.8ms
[2020-09-29T10:11:19.918+0000][7792][gc,phases    ] GC(379)   Other: 1.4ms
[2020-09-29T10:11:19.918+0000][7792][gc,heap      ] GC(379) Eden regions: 39->0(504)
[2020-09-29T10:11:19.918+0000][7792][gc,heap      ] GC(379) Survivor regions: 4->3(64)
[2020-09-29T10:11:19.918+0000][7792][gc,heap      ] GC(379) Old regions: 79->79
[2020-09-29T10:11:19.918+0000][7792][gc,heap      ] GC(379) Archive regions: 0->0
[2020-09-29T10:11:19.918+0000][7792][gc,heap      ] GC(379) Humongous regions: 288->174
[2020-09-29T10:11:19.918+0000][7792][gc,metaspace ] GC(379) Metaspace: 89770K(95616K)->89770K(95616K) NonClass: 78493K(81920K)->78493K(81920K) Class: 11277K(13696K)->11277K(13696K)
[2020-09-29T10:11:19.918+0000][7792][gc           ] GC(379) Pause Young (Concurrent Start) (G1 Humongous Allocation) 409M->255M(1024M) 5.258ms
[2020-09-29T10:11:19.918+0000][7792][gc,cpu       ] GC(379) User=0.00s Sys=0.00s Real=0.00s
[2020-09-29T10:11:19.918+0000][7792][gc           ] GC(380) Concurrent Cycle
[2020-09-29T10:11:19.918+0000][7792][safepoint    ] Safepoint "G1TryInitiateConcMark", Time since last: 44899500 ns, Reaching safepoint: 141700 ns, At safepoint: 5505700 ns, Total: 5647400 ns
[2020-09-29T10:11:19.918+0000][7792][gc,marking   ] GC(380) Concurrent Clear Claimed Marks
[2020-09-29T10:11:19.919+0000][7792][gc,marking   ] GC(380) Concurrent Clear Claimed Marks 0.582ms
[2020-09-29T10:11:19.919+0000][7792][gc,marking   ] GC(380) Concurrent Scan Root Regions
[2020-09-29T10:11:19.921+0000][7792][gc,marking   ] GC(380) Concurrent Scan Root Regions 1.833ms
[2020-09-29T10:11:19.921+0000][7792][gc,marking   ] GC(380) Concurrent Mark (943.023s)
[2020-09-29T10:11:19.921+0000][7792][gc,marking   ] GC(380) Concurrent Mark From Roots
[2020-09-29T10:11:19.921+0000][7792][gc,task      ] GC(380) Using 2 workers of 2 for marking
[2020-09-29T10:11:20.054+0000][7792][gc,marking   ] GC(380) Concurrent Mark From Roots 133.654ms
[2020-09-29T10:11:20.054+0000][7792][gc,marking   ] GC(380) Concurrent Preclean
[2020-09-29T10:11:20.055+0000][7792][gc,marking   ] GC(380) Concurrent Preclean 0.620ms
[2020-09-29T10:11:20.055+0000][7792][gc,marking   ] GC(380) Concurrent Mark (943.023s, 943.157s) 134.438ms
[2020-09-29T10:11:20.055+0000][7792][gc,start     ] GC(380) Pause Remark
[2020-09-29T10:11:20.062+0000][7792][gc           ] GC(380) Pause Remark 425M->425M(1024M) 6.917ms
[2020-09-29T10:11:20.062+0000][7792][gc,cpu       ] GC(380) User=0.11s Sys=0.00s Real=0.01s
[2020-09-29T10:11:20.063+0000][7792][safepoint    ] Safepoint "G1Concurrent", Time since last: 137221800 ns, Reaching safepoint: 154000 ns, At safepoint: 7187500 ns, Total: 7341500 ns
[2020-09-29T10:11:20.063+0000][7792][gc,marking   ] GC(380) Concurrent Rebuild Remembered Sets
[2020-09-29T10:11:20.155+0000][7792][gc,marking   ] GC(380) Concurrent Rebuild Remembered Sets 92.669ms
[2020-09-29T10:11:20.156+0000][7792][gc,start     ] GC(380) Pause Cleanup
[2020-09-29T10:11:20.156+0000][7792][gc           ] GC(380) Pause Cleanup 502M->502M(1024M) 0.353ms
[2020-09-29T10:11:20.156+0000][7792][gc,cpu       ] GC(380) User=0.00s Sys=0.00s Real=0.00s
[2020-09-29T10:11:20.156+0000][7792][safepoint    ] Safepoint "G1Concurrent", Time since last: 92894400 ns, Reaching safepoint: 181800 ns, At safepoint: 510900 ns, Total: 692700 ns
[2020-09-29T10:11:20.156+0000][7792][gc,marking   ] GC(380) Concurrent Cleanup for Next Mark
[2020-09-29T10:11:20.158+0000][7792][gc,marking   ] GC(380) Concurrent Cleanup for Next Mark 1.712ms
[2020-09-29T10:11:20.158+0000][7792][gc           ] GC(380) Concurrent Cycle 240.073ms
[2020-09-29T10:11:20.177+0000][7792][gc,start     ] GC(381) Pause Young (Concurrent Start) (G1 Humongous Allocation)
[2020-09-29T10:11:20.177+0000][7792][gc,task      ] GC(381) Using 8 workers of 8 for evacuation
[2020-09-29T10:11:20.177+0000][7792][gc,age       ] GC(381) Desired survivor size 33554432 bytes, new threshold 15 (max threshold 15)
[2020-09-29T10:11:20.181+0000][7792][gc,age       ] GC(381) Age table with threshold 15 (max threshold 15)
[2020-09-29T10:11:20.181+0000][7792][gc,age       ] GC(381) - age   1:    3407024 bytes,    3407024 total
[2020-09-29T10:11:20.181+0000][7792][gc,age       ] GC(381) - age   2:      25576 bytes,    3432600 total
[2020-09-29T10:11:20.181+0000][7792][gc,age       ] GC(381) - age   3:       2304 bytes,    3434904 total
[2020-09-29T10:11:20.181+0000][7792][gc,age       ] GC(381) - age   4:      24432 bytes,    3459336 total
[2020-09-29T10:11:20.181+0000][7792][gc,age       ] GC(381) - age   5:       1584 bytes,    3460920 total
[2020-09-29T10:11:20.181+0000][7792][gc,age       ] GC(381) - age   6:      12320 bytes,    3473240 total
[2020-09-29T10:11:20.181+0000][7792][gc,age       ] GC(381) - age   7:     101528 bytes,    3574768 total
[2020-09-29T10:11:20.181+0000][7792][gc,age       ] GC(381) - age   8:       6688 bytes,    3581456 total
[2020-09-29T10:11:20.181+0000][7792][gc,age       ] GC(381) - age   9:        888 bytes,    3582344 total
[2020-09-29T10:11:20.181+0000][7792][gc,age       ] GC(381) - age  10:      16032 bytes,    3598376 total
[2020-09-29T10:11:20.182+0000][7792][gc,age       ] GC(381) - age  11:        440 bytes,    3598816 total
[2020-09-29T10:11:20.182+0000][7792][gc,age       ] GC(381) - age  12:        720 bytes,    3599536 total
[2020-09-29T10:11:20.182+0000][7792][gc,age       ] GC(381) - age  13:      15784 bytes,    3615320 total
[2020-09-29T10:11:20.182+0000][7792][gc,age       ] GC(381) - age  14:       1224 bytes,    3616544 total
[2020-09-29T10:11:20.182+0000][7792][gc,age       ] GC(381) - age  15:        280 bytes,    3616824 total
[2020-09-29T10:11:20.182+0000][7792][gc,phases    ] GC(381)   Pre Evacuate Collection Set: 0.5ms
[2020-09-29T10:11:20.182+0000][7792][gc,phases    ] GC(381)   Merge Heap Roots: 0.1ms
[2020-09-29T10:11:20.182+0000][7792][gc,phases    ] GC(381)   Evacuate Collection Set: 2.2ms
[2020-09-29T10:11:20.182+0000][7792][gc,phases    ] GC(381)   Post Evacuate Collection Set: 0.8ms
[2020-09-29T10:11:20.182+0000][7792][gc,phases    ] GC(381)   Other: 1.1ms
[2020-09-29T10:11:20.182+0000][7792][gc,heap      ] GC(381) Eden regions: 73->0(503)
[2020-09-29T10:11:20.182+0000][7792][gc,heap      ] GC(381) Survivor regions: 3->4(64)
[2020-09-29T10:11:20.182+0000][7792][gc,heap      ] GC(381) Old regions: 79->79
[2020-09-29T10:11:20.182+0000][7792][gc,heap      ] GC(381) Archive regions: 0->0
[2020-09-29T10:11:20.182+0000][7792][gc,heap      ] GC(381) Humongous regions: 355->174
[2020-09-29T10:11:20.182+0000][7792][gc,metaspace ] GC(381) Metaspace: 89770K(95616K)->89770K(95616K) NonClass: 78493K(81920K)->78493K(81920K) Class: 11277K(13696K)->11277K(13696K)
[2020-09-29T10:11:20.182+0000][7792][gc           ] GC(381) Pause Young (Concurrent Start) (G1 Humongous Allocation) 509M->256M(1024M) 4.947ms
[2020-09-29T10:11:20.182+0000][7792][gc,cpu       ] GC(381) User=0.00s Sys=0.00s Real=0.00s
[2020-09-29T10:11:20.182+0000][7792][safepoint    ] Safepoint "G1TryInitiateConcMark", Time since last: 21474900 ns, Reaching safepoint: 144700 ns, At safepoint: 5150800 ns, Total: 5295500 ns
[2020-09-29T10:11:20.182+0000][7792][gc           ] GC(382) Concurrent Cycle
[2020-09-29T10:11:20.182+0000][7792][gc,marking   ] GC(382) Concurrent Clear Claimed Marks
[2020-09-29T10:11:20.183+0000][7792][gc,marking   ] GC(382) Concurrent Clear Claimed Marks 0.432ms
[2020-09-29T10:11:20.183+0000][7792][gc,marking   ] GC(382) Concurrent Scan Root Regions
[2020-09-29T10:11:20.186+0000][7792][gc,marking   ] GC(382) Concurrent Scan Root Regions 2.746ms
[2020-09-29T10:11:20.186+0000][7792][gc,marking   ] GC(382) Concurrent Mark (943.288s)
[2020-09-29T10:11:20.186+0000][7792][gc,marking   ] GC(382) Concurrent Mark From Roots
[2020-09-29T10:11:20.186+0000][7792][gc,task      ] GC(382) Using 2 workers of 2 for marking
[2020-09-29T10:11:20.332+0000][7792][gc,marking   ] GC(382) Concurrent Mark From Roots 145.798ms
[2020-09-29T10:11:20.332+0000][7792][gc,marking   ] GC(382) Concurrent Preclean
[2020-09-29T10:11:20.332+0000][7792][gc,marking   ] GC(382) Concurrent Preclean 0.576ms
[2020-09-29T10:11:20.332+0000][7792][gc,marking   ] GC(382) Concurrent Mark (943.288s, 943.435s) 146.563ms
[2020-09-29T10:11:20.333+0000][7792][gc,start     ] GC(382) Pause Remark
[2020-09-29T10:11:20.340+0000][7792][gc           ] GC(382) Pause Remark 329M->329M(1024M) 7.646ms
[2020-09-29T10:11:20.341+0000][7792][gc,cpu       ] GC(382) User=0.00s Sys=0.00s Real=0.01s
[2020-09-29T10:11:20.341+0000][7792][safepoint    ] Safepoint "G1Concurrent", Time since last: 150154000 ns, Reaching safepoint: 196900 ns, At safepoint: 8177900 ns, Total: 8374800 ns
[2020-09-29T10:11:20.341+0000][7792][gc,marking   ] GC(382) Concurrent Rebuild Remembered Sets
[2020-09-29T10:11:20.433+0000][7792][gc,marking   ] GC(382) Concurrent Rebuild Remembered Sets 92.157ms
[2020-09-29T10:11:20.434+0000][7792][gc,start     ] GC(382) Pause Cleanup
[2020-09-29T10:11:20.434+0000][7792][gc           ] GC(382) Pause Cleanup 332M->332M(1024M) 0.445ms
[2020-09-29T10:11:20.434+0000][7792][gc,cpu       ] GC(382) User=0.00s Sys=0.00s Real=0.00s
[2020-09-29T10:11:20.435+0000][7792][safepoint    ] Safepoint "G1Concurrent", Time since last: 92429400 ns, Reaching safepoint: 300100 ns, At safepoint: 1279200 ns, Total: 1579300 ns
[2020-09-29T10:11:20.435+0000][7792][gc,marking   ] GC(382) Concurrent Cleanup for Next Mark
[2020-09-29T10:11:20.437+0000][7792][gc,marking   ] GC(382) Concurrent Cleanup for Next Mark 1.957ms
[2020-09-29T10:11:20.437+0000][7792][gc           ] GC(382) Concurrent Cycle 254.758ms
[2020-09-29T10:11:20.825+0000][7792][gc,start     ] GC(383) Pause Young (Concurrent Start) (G1 Humongous Allocation)
[2020-09-29T10:11:20.825+0000][7792][gc,task      ] GC(383) Using 8 workers of 8 for evacuation
[2020-09-29T10:11:20.825+0000][7792][gc,age       ] GC(383) Desired survivor size 33554432 bytes, new threshold 15 (max threshold 15)
[2020-09-29T10:11:20.828+0000][7792][gc,age       ] GC(383) Age table with threshold 15 (max threshold 15)
[2020-09-29T10:11:20.829+0000][7792][gc,age       ] GC(383) - age   1:    2722576 bytes,    2722576 total
[2020-09-29T10:11:20.829+0000][7792][gc,age       ] GC(383) - age   2:       4136 bytes,    2726712 total
[2020-09-29T10:11:20.829+0000][7792][gc,age       ] GC(383) - age   3:      20448 bytes,    2747160 total
[2020-09-29T10:11:20.829+0000][7792][gc,age       ] GC(383) - age   4:       1024 bytes,    2748184 total
[2020-09-29T10:11:20.829+0000][7792][gc,age       ] GC(383) - age   5:      24248 bytes,    2772432 total
[2020-09-29T10:11:20.829+0000][7792][gc,age       ] GC(383) - age   6:       1584 bytes,    2774016 total
[2020-09-29T10:11:20.829+0000][7792][gc,age       ] GC(383) - age   7:      12320 bytes,    2786336 total
[2020-09-29T10:11:20.829+0000][7792][gc,age       ] GC(383) - age   8:     101528 bytes,    2887864 total
[2020-09-29T10:11:20.829+0000][7792][gc,age       ] GC(383) - age   9:       6688 bytes,    2894552 total
[2020-09-29T10:11:20.829+0000][7792][gc,age       ] GC(383) - age  10:        888 bytes,    2895440 total
[2020-09-29T10:11:20.829+0000][7792][gc,age       ] GC(383) - age  11:      16000 bytes,    2911440 total
[2020-09-29T10:11:20.829+0000][7792][gc,age       ] GC(383) - age  12:        440 bytes,    2911880 total
[2020-09-29T10:11:20.829+0000][7792][gc,age       ] GC(383) - age  13:        624 bytes,    2912504 total
[2020-09-29T10:11:20.829+0000][7792][gc,age       ] GC(383) - age  14:      15784 bytes,    2928288 total
[2020-09-29T10:11:20.829+0000][7792][gc,age       ] GC(383) - age  15:       1192 bytes,    2929480 total
[2020-09-29T10:11:20.829+0000][7792][gc,phases    ] GC(383)   Pre Evacuate Collection Set: 0.4ms
[2020-09-29T10:11:20.829+0000][7792][gc,phases    ] GC(383)   Merge Heap Roots: 0.1ms
[2020-09-29T10:11:20.829+0000][7792][gc,phases    ] GC(383)   Evacuate Collection Set: 2.1ms
[2020-09-29T10:11:20.829+0000][7792][gc,phases    ] GC(383)   Post Evacuate Collection Set: 0.8ms
[2020-09-29T10:11:20.829+0000][7792][gc,phases    ] GC(383)   Other: 1.1ms
[2020-09-29T10:11:20.829+0000][7792][gc,heap      ] GC(383) Eden regions: 36->0(504)
[2020-09-29T10:11:20.829+0000][7792][gc,heap      ] GC(383) Survivor regions: 4->3(64)
[2020-09-29T10:11:20.829+0000][7792][gc,heap      ] GC(383) Old regions: 79->79
[2020-09-29T10:11:20.830+0000][7792][gc,heap      ] GC(383) Archive regions: 0->0
[2020-09-29T10:11:20.830+0000][7792][gc,heap      ] GC(383) Humongous regions: 231->174
[2020-09-29T10:11:20.830+0000][7792][gc,metaspace ] GC(383) Metaspace: 89821K(95616K)->89821K(95616K) NonClass: 78544K(81920K)->78544K(81920K) Class: 11277K(13696K)->11277K(13696K)
[2020-09-29T10:11:20.830+0000][7792][gc           ] GC(383) Pause Young (Concurrent Start) (G1 Humongous Allocation) 348M->255M(1024M) 4.872ms
[2020-09-29T10:11:20.830+0000][7792][gc,cpu       ] GC(383) User=0.11s Sys=0.00s Real=0.00s
[2020-09-29T10:11:20.830+0000][7792][gc           ] GC(384) Concurrent Cycle
[2020-09-29T10:11:20.830+0000][7792][safepoint    ] Safepoint "G1TryInitiateConcMark", Time since last: 389394300 ns, Reaching safepoint: 226200 ns, At safepoint: 5098600 ns, Total: 5324800 ns
[2020-09-29T10:11:20.830+0000][7792][gc,marking   ] GC(384) Concurrent Clear Claimed Marks
[2020-09-29T10:11:20.830+0000][7792][gc,marking   ] GC(384) Concurrent Clear Claimed Marks 0.419ms
[2020-09-29T10:11:20.830+0000][7792][gc,marking   ] GC(384) Concurrent Scan Root Regions
[2020-09-29T10:11:20.833+0000][7792][gc,marking   ] GC(384) Concurrent Scan Root Regions 2.115ms
[2020-09-29T10:11:20.833+0000][7792][gc,marking   ] GC(384) Concurrent Mark (943.935s)
[2020-09-29T10:11:20.833+0000][7792][gc,marking   ] GC(384) Concurrent Mark From Roots
[2020-09-29T10:11:20.833+0000][7792][gc,task      ] GC(384) Using 2 workers of 2 for marking
[2020-09-29T10:11:20.982+0000][7792][gc,marking   ] GC(384) Concurrent Mark From Roots 149.299ms
[2020-09-29T10:11:20.982+0000][7792][gc,marking   ] GC(384) Concurrent Preclean
[2020-09-29T10:11:20.983+0000][7792][gc,marking   ] GC(384) Concurrent Preclean 0.691ms
[2020-09-29T10:11:20.983+0000][7792][gc,marking   ] GC(384) Concurrent Mark (943.935s, 944.085s) 150.185ms
[2020-09-29T10:11:20.983+0000][7792][gc,start     ] GC(384) Pause Remark
[2020-09-29T10:11:20.991+0000][7792][gc           ] GC(384) Pause Remark 411M->411M(1024M) 7.439ms
[2020-09-29T10:11:20.991+0000][7792][gc,cpu       ] GC(384) User=0.08s Sys=0.00s Real=0.01s
[2020-09-29T10:11:20.991+0000][7792][safepoint    ] Safepoint "G1Concurrent", Time since last: 153103800 ns, Reaching safepoint: 148900 ns, At safepoint: 7736600 ns, Total: 7885500 ns
[2020-09-29T10:11:20.991+0000][7792][gc,marking   ] GC(384) Concurrent Rebuild Remembered Sets
[2020-09-29T10:11:21.089+0000][7792][gc,marking   ] GC(384) Concurrent Rebuild Remembered Sets 97.861ms
[2020-09-29T10:11:21.089+0000][7792][gc,start     ] GC(384) Pause Cleanup
[2020-09-29T10:11:21.089+0000][7792][gc           ] GC(384) Pause Cleanup 431M->431M(1024M) 0.358ms
[2020-09-29T10:11:21.090+0000][7792][gc,cpu       ] GC(384) User=0.00s Sys=0.00s Real=0.00s
[2020-09-29T10:11:21.090+0000][7792][safepoint    ] Safepoint "G1Concurrent", Time since last: 98125200 ns, Reaching safepoint: 136200 ns, At safepoint: 585400 ns, Total: 721600 ns
[2020-09-29T10:11:21.090+0000][7792][gc,marking   ] GC(384) Concurrent Cleanup for Next Mark
[2020-09-29T10:11:21.091+0000][7792][gc,marking   ] GC(384) Concurrent Cleanup for Next Mark 1.765ms
[2020-09-29T10:11:21.092+0000][7792][gc           ] GC(384) Concurrent Cycle 261.886ms
[2020-09-29T10:11:21.115+0000][7792][gc,start     ] GC(385) Pause Young (Concurrent Start) (G1 Humongous Allocation)
[2020-09-29T10:11:21.116+0000][7792][gc,task      ] GC(385) Using 8 workers of 8 for evacuation
[2020-09-29T10:11:21.116+0000][7792][gc,age       ] GC(385) Desired survivor size 33554432 bytes, new threshold 15 (max threshold 15)
[2020-09-29T10:11:21.120+0000][7792][gc,age       ] GC(385) Age table with threshold 15 (max threshold 15)
[2020-09-29T10:11:21.120+0000][7792][gc,age       ] GC(385) - age   1:    3288128 bytes,    3288128 total
[2020-09-29T10:11:21.120+0000][7792][gc,age       ] GC(385) - age   2:      13504 bytes,    3301632 total
[2020-09-29T10:11:21.120+0000][7792][gc,age       ] GC(385) - age   3:       2672 bytes,    3304304 total
[2020-09-29T10:11:21.120+0000][7792][gc,age       ] GC(385) - age   4:      20136 bytes,    3324440 total
[2020-09-29T10:11:21.120+0000][7792][gc,age       ] GC(385) - age   5:        512 bytes,    3324952 total
[2020-09-29T10:11:21.120+0000][7792][gc,age       ] GC(385) - age   6:      21840 bytes,    3346792 total
[2020-09-29T10:11:21.120+0000][7792][gc,age       ] GC(385) - age   7:       1384 bytes,    3348176 total
[2020-09-29T10:11:21.120+0000][7792][gc,age       ] GC(385) - age   8:      12256 bytes,    3360432 total
[2020-09-29T10:11:21.120+0000][7792][gc,age       ] GC(385) - age   9:     101528 bytes,    3461960 total
[2020-09-29T10:11:21.120+0000][7792][gc,age       ] GC(385) - age  10:       6672 bytes,    3468632 total
[2020-09-29T10:11:21.120+0000][7792][gc,age       ] GC(385) - age  11:        440 bytes,    3469072 total
[2020-09-29T10:11:21.120+0000][7792][gc,age       ] GC(385) - age  12:      15936 bytes,    3485008 total
[2020-09-29T10:11:21.120+0000][7792][gc,age       ] GC(385) - age  13:        408 bytes,    3485416 total
[2020-09-29T10:11:21.120+0000][7792][gc,age       ] GC(385) - age  14:        624 bytes,    3486040 total
[2020-09-29T10:11:21.120+0000][7792][gc,age       ] GC(385) - age  15:      15784 bytes,    3501824 total
[2020-09-29T10:11:21.120+0000][7792][gc,phases    ] GC(385)   Pre Evacuate Collection Set: 0.4ms
[2020-09-29T10:11:21.120+0000][7792][gc,phases    ] GC(385)   Merge Heap Roots: 0.1ms
[2020-09-29T10:11:21.121+0000][7792][gc,phases    ] GC(385)   Evacuate Collection Set: 2.5ms
[2020-09-29T10:11:21.121+0000][7792][gc,phases    ] GC(385)   Post Evacuate Collection Set: 1.0ms
[2020-09-29T10:11:21.121+0000][7792][gc,phases    ] GC(385)   Other: 1.1ms
[2020-09-29T10:11:21.121+0000][7792][gc,heap      ] GC(385) Eden regions: 57->0(503)
[2020-09-29T10:11:21.121+0000][7792][gc,heap      ] GC(385) Survivor regions: 3->4(64)
[2020-09-29T10:11:21.121+0000][7792][gc,heap      ] GC(385) Old regions: 79->79
[2020-09-29T10:11:21.121+0000][7792][gc,heap      ] GC(385) Archive regions: 0->0
[2020-09-29T10:11:21.121+0000][7792][gc,heap      ] GC(385) Humongous regions: 298->174
[2020-09-29T10:11:21.121+0000][7792][gc,metaspace ] GC(385) Metaspace: 89821K(95616K)->89821K(95616K) NonClass: 78544K(81920K)->78544K(81920K) Class: 11277K(13696K)->11277K(13696K)
[2020-09-29T10:11:21.121+0000][7792][gc           ] GC(385) Pause Young (Concurrent Start) (G1 Humongous Allocation) 436M->256M(1024M) 5.383ms
[2020-09-29T10:11:21.121+0000][7792][gc,cpu       ] GC(385) User=0.00s Sys=0.00s Real=0.01s
[2020-09-29T10:11:21.121+0000][7792][safepoint    ] Safepoint "G1TryInitiateConcMark", Time since last: 25539300 ns, Reaching safepoint: 175700 ns, At safepoint: 5566700 ns, Total: 5742400 ns
[2020-09-29T10:11:21.121+0000][7792][gc           ] GC(386) Concurrent Cycle
[2020-09-29T10:11:21.121+0000][7792][gc,marking   ] GC(386) Concurrent Clear Claimed Marks
[2020-09-29T10:11:21.121+0000][7792][gc,marking   ] GC(386) Concurrent Clear Claimed Marks 0.360ms
[2020-09-29T10:11:21.121+0000][7792][gc,marking   ] GC(386) Concurrent Scan Root Regions
[2020-09-29T10:11:21.124+0000][7792][gc,marking   ] GC(386) Concurrent Scan Root Regions 2.795ms
[2020-09-29T10:11:21.124+0000][7792][gc,marking   ] GC(386) Concurrent Mark (944.227s)
[2020-09-29T10:11:21.124+0000][7792][gc,marking   ] GC(386) Concurrent Mark From Roots
[2020-09-29T10:11:21.124+0000][7792][gc,task      ] GC(386) Using 2 workers of 2 for marking
[2020-09-29T10:11:21.295+0000][7792][gc,marking   ] GC(386) Concurrent Mark From Roots 170.088ms
[2020-09-29T10:11:21.295+0000][7792][gc,marking   ] GC(386) Concurrent Preclean
[2020-09-29T10:11:21.296+0000][7792][gc,marking   ] GC(386) Concurrent Preclean 0.655ms
[2020-09-29T10:11:21.296+0000][7792][gc,marking   ] GC(386) Concurrent Mark (944.227s, 944.398s) 170.934ms
[2020-09-29T10:11:21.296+0000][7792][gc,start     ] GC(386) Pause Remark
[2020-09-29T10:11:21.305+0000][7792][gc           ] GC(386) Pause Remark 466M->466M(1024M) 9.208ms
[2020-09-29T10:11:21.306+0000][7792][gc,cpu       ] GC(386) User=0.02s Sys=0.00s Real=0.01s
[2020-09-29T10:11:21.307+0000][7792][safepoint    ] Safepoint "G1Concurrent", Time since last: 174496000 ns, Reaching safepoint: 406300 ns, At safepoint: 11006000 ns, Total: 11412300 ns
[2020-09-29T10:11:21.307+0000][7792][gc,marking   ] GC(386) Concurrent Rebuild Remembered Sets
[2020-09-29T10:11:21.400+0000][7792][gc,marking   ] GC(386) Concurrent Rebuild Remembered Sets 93.010ms
[2020-09-29T10:11:21.401+0000][7792][gc,start     ] GC(386) Pause Cleanup
[2020-09-29T10:11:21.401+0000][7792][gc           ] GC(386) Pause Cleanup 476M->476M(1024M) 0.380ms
[2020-09-29T10:11:21.401+0000][7792][gc,cpu       ] GC(386) User=0.00s Sys=0.00s Real=0.00s
[2020-09-29T10:11:21.401+0000][7792][safepoint    ] Safepoint "G1Concurrent", Time since last: 93399300 ns, Reaching safepoint: 204400 ns, At safepoint: 621900 ns, Total: 826300 ns
[2020-09-29T10:11:21.401+0000][7792][gc,marking   ] GC(386) Concurrent Cleanup for Next Mark
[2020-09-29T10:11:21.403+0000][7792][gc,marking   ] GC(386) Concurrent Cleanup for Next Mark 1.741ms
[2020-09-29T10:11:21.403+0000][7792][gc           ] GC(386) Concurrent Cycle 282.072ms
[2020-09-29T10:11:21.487+0000][7792][gc,start     ] GC(387) Pause Young (Concurrent Start) (G1 Humongous Allocation)
[2020-09-29T10:11:21.487+0000][7792][gc,task      ] GC(387) Using 8 workers of 8 for evacuation
[2020-09-29T10:11:21.487+0000][7792][gc,age       ] GC(387) Desired survivor size 33554432 bytes, new threshold 15 (max threshold 15)
[2020-09-29T10:11:21.491+0000][7792][gc,age       ] GC(387) Age table with threshold 15 (max threshold 15)
[2020-09-29T10:11:21.491+0000][7792][gc,age       ] GC(387) - age   1:    2749216 bytes,    2749216 total
[2020-09-29T10:11:21.491+0000][7792][gc,age       ] GC(387) - age   2:       2560 bytes,    2751776 total
[2020-09-29T10:11:21.491+0000][7792][gc,age       ] GC(387) - age   3:       9192 bytes,    2760968 total
[2020-09-29T10:11:21.491+0000][7792][gc,age       ] GC(387) - age   4:       2032 bytes,    2763000 total
[2020-09-29T10:11:21.491+0000][7792][gc,age       ] GC(387) - age   5:       8864 bytes,    2771864 total
[2020-09-29T10:11:21.491+0000][7792][gc,age       ] GC(387) - age   6:        512 bytes,    2772376 total
[2020-09-29T10:11:21.491+0000][7792][gc,age       ] GC(387) - age   7:      21688 bytes,    2794064 total
[2020-09-29T10:11:21.491+0000][7792][gc,age       ] GC(387) - age   8:       1384 bytes,    2795448 total
[2020-09-29T10:11:21.491+0000][7792][gc,age       ] GC(387) - age   9:      12256 bytes,    2807704 total
[2020-09-29T10:11:21.491+0000][7792][gc,age       ] GC(387) - age  10:     101400 bytes,    2909104 total
[2020-09-29T10:11:21.491+0000][7792][gc,age       ] GC(387) - age  11:       4456 bytes,    2913560 total
[2020-09-29T10:11:21.491+0000][7792][gc,age       ] GC(387) - age  12:        408 bytes,    2913968 total
[2020-09-29T10:11:21.491+0000][7792][gc,age       ] GC(387) - age  13:      15840 bytes,    2929808 total
[2020-09-29T10:11:21.491+0000][7792][gc,age       ] GC(387) - age  14:        408 bytes,    2930216 total
[2020-09-29T10:11:21.491+0000][7792][gc,age       ] GC(387) - age  15:        624 bytes,    2930840 total
[2020-09-29T10:11:21.491+0000][7792][gc,phases    ] GC(387)   Pre Evacuate Collection Set: 0.4ms
[2020-09-29T10:11:21.492+0000][7792][gc,phases    ] GC(387)   Merge Heap Roots: 0.1ms
[2020-09-29T10:11:21.492+0000][7792][gc,phases    ] GC(387)   Evacuate Collection Set: 2.1ms
[2020-09-29T10:11:21.492+0000][7792][gc,phases    ] GC(387)   Post Evacuate Collection Set: 0.9ms
[2020-09-29T10:11:21.492+0000][7792][gc,phases    ] GC(387)   Other: 1.1ms
[2020-09-29T10:11:21.492+0000][7792][gc,heap      ] GC(387) Eden regions: 56->0(504)
[2020-09-29T10:11:21.492+0000][7792][gc,heap      ] GC(387) Survivor regions: 4->3(64)
[2020-09-29T10:11:21.492+0000][7792][gc,heap      ] GC(387) Old regions: 79->79
[2020-09-29T10:11:21.492+0000][7792][gc,heap      ] GC(387) Archive regions: 0->0
[2020-09-29T10:11:21.492+0000][7792][gc,heap      ] GC(387) Humongous regions: 345->174
[2020-09-29T10:11:21.492+0000][7792][gc,metaspace ] GC(387) Metaspace: 89821K(95616K)->89821K(95616K) NonClass: 78544K(81920K)->78544K(81920K) Class: 11277K(13696K)->11277K(13696K)
[2020-09-29T10:11:21.492+0000][7792][gc           ] GC(387) Pause Young (Concurrent Start) (G1 Humongous Allocation) 482M->255M(1024M) 5.031ms
[2020-09-29T10:11:21.492+0000][7792][gc,cpu       ] GC(387) User=0.00s Sys=0.00s Real=0.01s
[2020-09-29T10:11:21.492+0000][7792][safepoint    ] Safepoint "G1TryInitiateConcMark", Time since last: 85313400 ns, Reaching safepoint: 155800 ns, At safepoint: 5229900 ns, Total: 5385700 ns
[2020-09-29T10:11:21.492+0000][7792][gc           ] GC(388) Concurrent Cycle
[2020-09-29T10:11:21.492+0000][7792][gc,marking   ] GC(388) Concurrent Clear Claimed Marks
[2020-09-29T10:11:21.493+0000][7792][gc,marking   ] GC(388) Concurrent Clear Claimed Marks 0.440ms
[2020-09-29T10:11:21.493+0000][7792][gc,marking   ] GC(388) Concurrent Scan Root Regions
[2020-09-29T10:11:21.495+0000][7792][gc,marking   ] GC(388) Concurrent Scan Root Regions 1.760ms
[2020-09-29T10:11:21.495+0000][7792][gc,marking   ] GC(388) Concurrent Mark (944.597s)
[2020-09-29T10:11:21.495+0000][7792][gc,marking   ] GC(388) Concurrent Mark From Roots
[2020-09-29T10:11:21.495+0000][7792][gc,task      ] GC(388) Using 2 workers of 2 for marking
[2020-09-29T10:11:21.649+0000][7792][gc,marking   ] GC(388) Concurrent Mark From Roots 154.442ms
[2020-09-29T10:11:21.649+0000][7792][gc,marking   ] GC(388) Concurrent Preclean
[2020-09-29T10:11:21.649+0000][7792][gc,marking   ] GC(388) Concurrent Preclean 0.495ms
[2020-09-29T10:11:21.650+0000][7792][gc,marking   ] GC(388) Concurrent Mark (944.597s, 944.752s) 155.169ms
[2020-09-29T10:11:21.650+0000][7792][gc,start     ] GC(388) Pause Remark
[2020-09-29T10:11:21.657+0000][7792][gc           ] GC(388) Pause Remark 393M->393M(1024M) 7.392ms
[2020-09-29T10:11:21.657+0000][7792][gc,cpu       ] GC(388) User=0.11s Sys=0.00s Real=0.01s
[2020-09-29T10:11:21.658+0000][7792][safepoint    ] Safepoint "G1Concurrent", Time since last: 157844200 ns, Reaching safepoint: 136800 ns, At safepoint: 7863900 ns, Total: 8000700 ns
[2020-09-29T10:11:21.658+0000][7792][gc,marking   ] GC(388) Concurrent Rebuild Remembered Sets
[2020-09-29T10:11:21.730+0000][7792][gc,marking   ] GC(388) Concurrent Rebuild Remembered Sets 72.972ms
[2020-09-29T10:11:21.730+0000][7792][gc,start     ] GC(388) Pause Cleanup
[2020-09-29T10:11:21.731+0000][7792][gc           ] GC(388) Pause Cleanup 412M->412M(1024M) 0.346ms
[2020-09-29T10:11:21.731+0000][7792][gc,cpu       ] GC(388) User=0.00s Sys=0.00s Real=0.00s
[2020-09-29T10:11:21.731+0000][7792][safepoint    ] Safepoint "G1Concurrent", Time since last: 73169000 ns, Reaching safepoint: 136500 ns, At safepoint: 507800 ns, Total: 644300 ns
[2020-09-29T10:11:21.731+0000][7792][gc,marking   ] GC(388) Concurrent Cleanup for Next Mark
[2020-09-29T10:11:21.732+0000][7792][gc,marking   ] GC(388) Concurrent Cleanup for Next Mark 1.334ms
[2020-09-29T10:11:21.732+0000][7792][gc           ] GC(388) Concurrent Cycle 241.119ms
[2020-09-29T10:11:21.815+0000][7792][gc,start     ] GC(389) Pause Young (Concurrent Start) (G1 Humongous Allocation)
[2020-09-29T10:11:21.815+0000][7792][gc,task      ] GC(389) Using 8 workers of 8 for evacuation
[2020-09-29T10:11:21.815+0000][7792][gc,age       ] GC(389) Desired survivor size 33554432 bytes, new threshold 15 (max threshold 15)
[2020-09-29T10:11:21.819+0000][7792][gc,age       ] GC(389) Age table with threshold 15 (max threshold 15)
[2020-09-29T10:11:21.819+0000][7792][gc,age       ] GC(389) - age   1:     638200 bytes,     638200 total
[2020-09-29T10:11:21.819+0000][7792][gc,age       ] GC(389) - age   2:      38272 bytes,     676472 total
[2020-09-29T10:11:21.819+0000][7792][gc,age       ] GC(389) - age   3:       1584 bytes,     678056 total
[2020-09-29T10:11:21.819+0000][7792][gc,age       ] GC(389) - age   4:       8872 bytes,     686928 total
[2020-09-29T10:11:21.819+0000][7792][gc,age       ] GC(389) - age   5:       1488 bytes,     688416 total
[2020-09-29T10:11:21.819+0000][7792][gc,age       ] GC(389) - age   6:       8824 bytes,     697240 total
[2020-09-29T10:11:21.819+0000][7792][gc,age       ] GC(389) - age   7:        440 bytes,     697680 total
[2020-09-29T10:11:21.819+0000][7792][gc,age       ] GC(389) - age   8:      21528 bytes,     719208 total
[2020-09-29T10:11:21.819+0000][7792][gc,age       ] GC(389) - age   9:       1320 bytes,     720528 total
[2020-09-29T10:11:21.819+0000][7792][gc,age       ] GC(389) - age  10:      12208 bytes,     732736 total
[2020-09-29T10:11:21.819+0000][7792][gc,age       ] GC(389) - age  11:     101272 bytes,     834008 total
[2020-09-29T10:11:21.819+0000][7792][gc,age       ] GC(389) - age  12:       4456 bytes,     838464 total
[2020-09-29T10:11:21.819+0000][7792][gc,age       ] GC(389) - age  13:        376 bytes,     838840 total
[2020-09-29T10:11:21.819+0000][7792][gc,age       ] GC(389) - age  14:      15840 bytes,     854680 total
[2020-09-29T10:11:21.819+0000][7792][gc,age       ] GC(389) - age  15:        408 bytes,     855088 total
[2020-09-29T10:11:21.819+0000][7792][gc,phases    ] GC(389)   Pre Evacuate Collection Set: 0.4ms
[2020-09-29T10:11:21.819+0000][7792][gc,phases    ] GC(389)   Merge Heap Roots: 0.1ms
[2020-09-29T10:11:21.819+0000][7792][gc,phases    ] GC(389)   Evacuate Collection Set: 2.0ms
[2020-09-29T10:11:21.819+0000][7792][gc,phases    ] GC(389)   Post Evacuate Collection Set: 0.9ms
[2020-09-29T10:11:21.819+0000][7792][gc,phases    ] GC(389)   Other: 1.0ms
[2020-09-29T10:11:21.819+0000][7792][gc,heap      ] GC(389) Eden regions: 47->0(507)
[2020-09-29T10:11:21.820+0000][7792][gc,heap      ] GC(389) Survivor regions: 3->1(64)
[2020-09-29T10:11:21.820+0000][7792][gc,heap      ] GC(389) Old regions: 79->79
[2020-09-29T10:11:21.820+0000][7792][gc,heap      ] GC(389) Archive regions: 0->0
[2020-09-29T10:11:21.820+0000][7792][gc,heap      ] GC(389) Humongous regions: 288->174
[2020-09-29T10:11:21.820+0000][7792][gc,metaspace ] GC(389) Metaspace: 89821K(95616K)->89821K(95616K) NonClass: 78544K(81920K)->78544K(81920K) Class: 11277K(13696K)->11277K(13696K)
[2020-09-29T10:11:21.820+0000][7792][gc           ] GC(389) Pause Young (Concurrent Start) (G1 Humongous Allocation) 416M->253M(1024M) 4.837ms
[2020-09-29T10:11:21.820+0000][7792][gc,cpu       ] GC(389) User=0.00s Sys=0.00s Real=0.00s
[2020-09-29T10:11:21.820+0000][7792][gc           ] GC(390) Concurrent Cycle
[2020-09-29T10:11:21.820+0000][7792][safepoint    ] Safepoint "G1TryInitiateConcMark", Time since last: 83775100 ns, Reaching safepoint: 128700 ns, At safepoint: 5046500 ns, Total: 5175200 ns
[2020-09-29T10:11:21.820+0000][7792][gc,marking   ] GC(390) Concurrent Clear Claimed Marks
[2020-09-29T10:11:21.820+0000][7792][gc,marking   ] GC(390) Concurrent Clear Claimed Marks 0.493ms
[2020-09-29T10:11:21.821+0000][7792][gc,marking   ] GC(390) Concurrent Scan Root Regions
[2020-09-29T10:11:21.822+0000][7792][gc,marking   ] GC(390) Concurrent Scan Root Regions 1.003ms
[2020-09-29T10:11:21.822+0000][7792][gc,marking   ] GC(390) Concurrent Mark (944.924s)
[2020-09-29T10:11:21.822+0000][7792][gc,marking   ] GC(390) Concurrent Mark From Roots
[2020-09-29T10:11:21.822+0000][7792][gc,task      ] GC(390) Using 2 workers of 2 for marking
[2020-09-29T10:11:21.955+0000][7792][gc,marking   ] GC(390) Concurrent Mark From Roots 133.287ms
[2020-09-29T10:11:21.955+0000][7792][gc,marking   ] GC(390) Concurrent Preclean
[2020-09-29T10:11:21.955+0000][7792][gc,marking   ] GC(390) Concurrent Preclean 0.420ms
[2020-09-29T10:11:21.956+0000][7792][gc,marking   ] GC(390) Concurrent Mark (944.924s, 945.058s) 133.883ms
[2020-09-29T10:11:21.956+0000][7792][gc,start     ] GC(390) Pause Remark
[2020-09-29T10:11:21.962+0000][7792][gc           ] GC(390) Pause Remark 292M->292M(1024M) 6.592ms
[2020-09-29T10:11:21.962+0000][7792][gc,cpu       ] GC(390) User=0.00s Sys=0.00s Real=0.01s
[2020-09-29T10:11:21.963+0000][7792][safepoint    ] Safepoint "G1Concurrent", Time since last: 135717100 ns, Reaching safepoint: 144700 ns, At safepoint: 6867500 ns, Total: 7012200 ns
[2020-09-29T10:11:21.963+0000][7792][gc,marking   ] GC(390) Concurrent Rebuild Remembered Sets
[2020-09-29T10:11:22.031+0000][7792][gc,marking   ] GC(390) Concurrent Rebuild Remembered Sets 67.834ms
[2020-09-29T10:11:22.031+0000][7792][gc,start     ] GC(390) Pause Cleanup
[2020-09-29T10:11:22.032+0000][7792][gc           ] GC(390) Pause Cleanup 302M->302M(1024M) 0.262ms
[2020-09-29T10:11:22.032+0000][7792][gc,cpu       ] GC(390) User=0.00s Sys=0.00s Real=0.00s
[2020-09-29T10:11:22.032+0000][7792][safepoint    ] Safepoint "G1Concurrent", Time since last: 68029400 ns, Reaching safepoint: 124500 ns, At safepoint: 426800 ns, Total: 551300 ns
[2020-09-29T10:11:22.032+0000][7792][gc,marking   ] GC(390) Concurrent Cleanup for Next Mark
[2020-09-29T10:11:22.033+0000][7792][gc,marking   ] GC(390) Concurrent Cleanup for Next Mark 1.473ms
[2020-09-29T10:11:22.033+0000][7792][gc           ] GC(390) Concurrent Cycle 212.989ms
[2020-09-29T10:11:22.328+0000][7792][gc,start     ] GC(391) Pause Young (Concurrent Start) (G1 Humongous Allocation)
[2020-09-29T10:11:22.328+0000][7792][gc,task      ] GC(391) Using 8 workers of 8 for evacuation
[2020-09-29T10:11:22.329+0000][7792][gc,age       ] GC(391) Desired survivor size 33554432 bytes, new threshold 15 (max threshold 15)
[2020-09-29T10:11:22.332+0000][7792][gc,age       ] GC(391) Age table with threshold 15 (max threshold 15)
[2020-09-29T10:11:22.332+0000][7792][gc,age       ] GC(391) - age   1:     622504 bytes,     622504 total
[2020-09-29T10:11:22.332+0000][7792][gc,age       ] GC(391) - age   2:       8704 bytes,     631208 total
[2020-09-29T10:11:22.332+0000][7792][gc,age       ] GC(391) - age   3:      37408 bytes,     668616 total
[2020-09-29T10:11:22.332+0000][7792][gc,age       ] GC(391) - age   4:        504 bytes,     669120 total
[2020-09-29T10:11:22.332+0000][7792][gc,age       ] GC(391) - age   5:       8736 bytes,     677856 total
[2020-09-29T10:11:22.332+0000][7792][gc,age       ] GC(391) - age   6:       1296 bytes,     679152 total
[2020-09-29T10:11:22.332+0000][7792][gc,age       ] GC(391) - age   7:       6240 bytes,     685392 total
[2020-09-29T10:11:22.332+0000][7792][gc,age       ] GC(391) - age   8:        288 bytes,     685680 total
[2020-09-29T10:11:22.332+0000][7792][gc,age       ] GC(391) - age   9:      21528 bytes,     707208 total
[2020-09-29T10:11:22.332+0000][7792][gc,age       ] GC(391) - age  10:       1192 bytes,     708400 total
[2020-09-29T10:11:22.332+0000][7792][gc,age       ] GC(391) - age  11:       9536 bytes,     717936 total
[2020-09-29T10:11:22.332+0000][7792][gc,age       ] GC(391) - age  12:     101008 bytes,     818944 total
[2020-09-29T10:11:22.332+0000][7792][gc,age       ] GC(391) - age  13:       2024 bytes,     820968 total
[2020-09-29T10:11:22.333+0000][7792][gc,age       ] GC(391) - age  14:        152 bytes,     821120 total
[2020-09-29T10:11:22.333+0000][7792][gc,age       ] GC(391) - age  15:      15840 bytes,     836960 total
[2020-09-29T10:11:22.333+0000][7792][gc,phases    ] GC(391)   Pre Evacuate Collection Set: 0.4ms
[2020-09-29T10:11:22.333+0000][7792][gc,phases    ] GC(391)   Merge Heap Roots: 0.1ms
[2020-09-29T10:11:22.333+0000][7792][gc,phases    ] GC(391)   Evacuate Collection Set: 2.0ms
[2020-09-29T10:11:22.333+0000][7792][gc,phases    ] GC(391)   Post Evacuate Collection Set: 0.8ms
[2020-09-29T10:11:22.333+0000][7792][gc,phases    ] GC(391)   Other: 1.0ms
[2020-09-29T10:11:22.333+0000][7792][gc,heap      ] GC(391) Eden regions: 58->0(508)
[2020-09-29T10:11:22.333+0000][7792][gc,heap      ] GC(391) Survivor regions: 1->1(64)
[2020-09-29T10:11:22.333+0000][7792][gc,heap      ] GC(391) Old regions: 79->79
[2020-09-29T10:11:22.333+0000][7792][gc,heap      ] GC(391) Archive regions: 0->0
[2020-09-29T10:11:22.333+0000][7792][gc,heap      ] GC(391) Humongous regions: 228->174
[2020-09-29T10:11:22.333+0000][7792][gc,metaspace ] GC(391) Metaspace: 89841K(95872K)->89841K(95872K) NonClass: 78563K(82176K)->78563K(82176K) Class: 11278K(13696K)->11278K(13696K)
[2020-09-29T10:11:22.333+0000][7792][gc           ] GC(391) Pause Young (Concurrent Start) (G1 Humongous Allocation) 364M->253M(1024M) 4.695ms
[2020-09-29T10:11:22.333+0000][7792][gc,cpu       ] GC(391) User=0.00s Sys=0.00s Real=0.00s
[2020-09-29T10:11:22.333+0000][7792][gc           ] GC(392) Concurrent Cycle
[2020-09-29T10:11:22.333+0000][7792][safepoint    ] Safepoint "G1TryInitiateConcMark", Time since last: 296511800 ns, Reaching safepoint: 199100 ns, At safepoint: 4928000 ns, Total: 5127100 ns
[2020-09-29T10:11:22.333+0000][7792][gc,marking   ] GC(392) Concurrent Clear Claimed Marks
[2020-09-29T10:11:22.334+0000][7792][gc,marking   ] GC(392) Concurrent Clear Claimed Marks 0.588ms
[2020-09-29T10:11:22.334+0000][7792][gc,marking   ] GC(392) Concurrent Scan Root Regions
[2020-09-29T10:11:22.337+0000][7792][gc,marking   ] GC(392) Concurrent Scan Root Regions 2.615ms
[2020-09-29T10:11:22.337+0000][7792][gc,marking   ] GC(392) Concurrent Mark (945.439s)
[2020-09-29T10:11:22.337+0000][7792][gc,marking   ] GC(392) Concurrent Mark From Roots
[2020-09-29T10:11:22.337+0000][7792][gc,task      ] GC(392) Using 2 workers of 2 for marking
[2020-09-29T10:11:22.466+0000][7792][gc,marking   ] GC(392) Concurrent Mark From Roots 128.883ms
[2020-09-29T10:11:22.466+0000][7792][gc,marking   ] GC(392) Concurrent Preclean
[2020-09-29T10:11:22.466+0000][7792][gc,marking   ] GC(392) Concurrent Preclean 0.410ms
[2020-09-29T10:11:22.466+0000][7792][gc,marking   ] GC(392) Concurrent Mark (945.439s, 945.568s) 129.458ms
[2020-09-29T10:11:22.466+0000][7792][gc,start     ] GC(392) Pause Remark
[2020-09-29T10:11:22.474+0000][7792][gc           ] GC(392) Pause Remark 290M->290M(1024M) 7.753ms
[2020-09-29T10:11:22.474+0000][7792][gc,cpu       ] GC(392) User=0.09s Sys=0.00s Real=0.01s
[2020-09-29T10:11:22.474+0000][7792][safepoint    ] Safepoint "G1Concurrent", Time since last: 132940200 ns, Reaching safepoint: 180100 ns, At safepoint: 7987300 ns, Total: 8167400 ns
[2020-09-29T10:11:22.474+0000][7792][gc,marking   ] GC(392) Concurrent Rebuild Remembered Sets
[2020-09-29T10:11:22.562+0000][7792][gc,marking   ] GC(392) Concurrent Rebuild Remembered Sets 87.944ms
[2020-09-29T10:11:22.563+0000][7792][gc,start     ] GC(392) Pause Cleanup
[2020-09-29T10:11:22.563+0000][7792][gc           ] GC(392) Pause Cleanup 291M->291M(1024M) 0.360ms
[2020-09-29T10:11:22.563+0000][7792][gc,cpu       ] GC(392) User=0.00s Sys=0.00s Real=0.00s
[2020-09-29T10:11:22.565+0000][7792][safepoint    ] Safepoint "G1Concurrent", Time since last: 88142200 ns, Reaching safepoint: 171200 ns, At safepoint: 2618600 ns, Total: 2789800 ns
[2020-09-29T10:11:22.566+0000][7792][gc,marking   ] GC(392) Concurrent Cleanup for Next Mark
[2020-09-29T10:11:22.567+0000][7792][gc,marking   ] GC(392) Concurrent Cleanup for Next Mark 1.666ms
[2020-09-29T10:11:22.567+0000][7792][gc           ] GC(392) Concurrent Cycle 234.160ms
[2020-09-29T10:11:22.869+0000][7792][gc,start     ] GC(393) Pause Young (Concurrent Start) (G1 Humongous Allocation)
[2020-09-29T10:11:22.869+0000][7792][gc,task      ] GC(393) Using 8 workers of 8 for evacuation
[2020-09-29T10:11:22.869+0000][7792][gc,age       ] GC(393) Desired survivor size 33554432 bytes, new threshold 15 (max threshold 15)
[2020-09-29T10:11:22.872+0000][7792][gc,age       ] GC(393) Age table with threshold 15 (max threshold 15)
[2020-09-29T10:11:22.872+0000][7792][gc,age       ] GC(393) - age   1:     527312 bytes,     527312 total
[2020-09-29T10:11:22.872+0000][7792][gc,age       ] GC(393) - age   2:      42640 bytes,     569952 total
[2020-09-29T10:11:22.872+0000][7792][gc,age       ] GC(393) - age   3:       7344 bytes,     577296 total
[2020-09-29T10:11:22.872+0000][7792][gc,age       ] GC(393) - age   4:      33992 bytes,     611288 total
[2020-09-29T10:11:22.872+0000][7792][gc,age       ] GC(393) - age   5:        288 bytes,     611576 total
[2020-09-29T10:11:22.872+0000][7792][gc,age       ] GC(393) - age   6:       8736 bytes,     620312 total
[2020-09-29T10:11:22.872+0000][7792][gc,age       ] GC(393) - age   7:       1296 bytes,     621608 total
[2020-09-29T10:11:22.872+0000][7792][gc,age       ] GC(393) - age   8:       6176 bytes,     627784 total
[2020-09-29T10:11:22.872+0000][7792][gc,age       ] GC(393) - age   9:        224 bytes,     628008 total
[2020-09-29T10:11:22.872+0000][7792][gc,age       ] GC(393) - age  10:      21496 bytes,     649504 total
[2020-09-29T10:11:22.872+0000][7792][gc,age       ] GC(393) - age  11:       1192 bytes,     650696 total
[2020-09-29T10:11:22.872+0000][7792][gc,age       ] GC(393) - age  12:       9504 bytes,     660200 total
[2020-09-29T10:11:22.872+0000][7792][gc,age       ] GC(393) - age  13:     100912 bytes,     761112 total
[2020-09-29T10:11:22.873+0000][7792][gc,age       ] GC(393) - age  14:       2024 bytes,     763136 total
[2020-09-29T10:11:22.873+0000][7792][gc,age       ] GC(393) - age  15:        152 bytes,     763288 total
[2020-09-29T10:11:22.873+0000][7792][gc,phases    ] GC(393)   Pre Evacuate Collection Set: 0.4ms
[2020-09-29T10:11:22.873+0000][7792][gc,phases    ] GC(393)   Merge Heap Roots: 0.1ms
[2020-09-29T10:11:22.873+0000][7792][gc,phases    ] GC(393)   Evacuate Collection Set: 1.7ms
[2020-09-29T10:11:22.873+0000][7792][gc,phases    ] GC(393)   Post Evacuate Collection Set: 0.7ms
[2020-09-29T10:11:22.873+0000][7792][gc,phases    ] GC(393)   Other: 0.7ms
[2020-09-29T10:11:22.873+0000][7792][gc,heap      ] GC(393) Eden regions: 51->0(509)
[2020-09-29T10:11:22.873+0000][7792][gc,heap      ] GC(393) Survivor regions: 1->1(64)
[2020-09-29T10:11:22.873+0000][7792][gc,heap      ] GC(393) Old regions: 79->79
[2020-09-29T10:11:22.873+0000][7792][gc,heap      ] GC(393) Archive regions: 0->0
[2020-09-29T10:11:22.873+0000][7792][gc,heap      ] GC(393) Humongous regions: 228->174
[2020-09-29T10:11:22.873+0000][7792][gc,metaspace ] GC(393) Metaspace: 89848K(95872K)->89848K(95872K) NonClass: 78568K(82176K)->78568K(82176K) Class: 11279K(13696K)->11279K(13696K)
[2020-09-29T10:11:22.873+0000][7792][gc           ] GC(393) Pause Young (Concurrent Start) (G1 Humongous Allocation) 358M->253M(1024M) 3.908ms
[2020-09-29T10:11:22.873+0000][7792][gc,cpu       ] GC(393) User=0.00s Sys=0.00s Real=0.00s
[2020-09-29T10:11:22.873+0000][7792][safepoint    ] Safepoint "G1TryInitiateConcMark", Time since last: 302899200 ns, Reaching safepoint: 198100 ns, At safepoint: 4061300 ns, Total: 4259400 ns
[2020-09-29T10:11:22.873+0000][7792][gc           ] GC(394) Concurrent Cycle
[2020-09-29T10:11:22.873+0000][7792][gc,marking   ] GC(394) Concurrent Clear Claimed Marks
[2020-09-29T10:11:22.873+0000][7792][gc,marking   ] GC(394) Concurrent Clear Claimed Marks 0.321ms
[2020-09-29T10:11:22.873+0000][7792][gc,marking   ] GC(394) Concurrent Scan Root Regions
[2020-09-29T10:11:22.875+0000][7792][gc,marking   ] GC(394) Concurrent Scan Root Regions 1.137ms
[2020-09-29T10:11:22.875+0000][7792][gc,marking   ] GC(394) Concurrent Mark (945.976s)
[2020-09-29T10:11:22.875+0000][7792][gc,marking   ] GC(394) Concurrent Mark From Roots
[2020-09-29T10:11:22.875+0000][7792][gc,task      ] GC(394) Using 2 workers of 2 for marking
[2020-09-29T10:11:22.994+0000][7792][gc,marking   ] GC(394) Concurrent Mark From Roots 119.111ms
[2020-09-29T10:11:22.994+0000][7792][gc,marking   ] GC(394) Concurrent Preclean
[2020-09-29T10:11:22.994+0000][7792][gc,marking   ] GC(394) Concurrent Preclean 0.405ms
[2020-09-29T10:11:22.994+0000][7792][gc,marking   ] GC(394) Concurrent Mark (945.976s, 946.096s) 119.644ms
[2020-09-29T10:11:22.994+0000][7792][gc,start     ] GC(394) Pause Remark
[2020-09-29T10:11:23.002+0000][7792][gc           ] GC(394) Pause Remark 286M->286M(1024M) 8.001ms
[2020-09-29T10:11:23.003+0000][7792][gc,cpu       ] GC(394) User=0.08s Sys=0.02s Real=0.01s
[2020-09-29T10:11:23.003+0000][7792][safepoint    ] Safepoint "G1Concurrent", Time since last: 121353300 ns, Reaching safepoint: 125800 ns, At safepoint: 8257300 ns, Total: 8383100 ns
[2020-09-29T10:11:23.003+0000][7792][gc,marking   ] GC(394) Concurrent Rebuild Remembered Sets
[2020-09-29T10:11:23.084+0000][7792][gc,marking   ] GC(394) Concurrent Rebuild Remembered Sets 81.606ms
[2020-09-29T10:11:23.084+0000][7792][gc,start     ] GC(394) Pause Cleanup
[2020-09-29T10:11:23.085+0000][7792][gc           ] GC(394) Pause Cleanup 301M->301M(1024M) 0.368ms
[2020-09-29T10:11:23.085+0000][7792][gc,cpu       ] GC(394) User=0.00s Sys=0.00s Real=0.00s
[2020-09-29T10:11:23.085+0000][7792][safepoint    ] Safepoint "G1Concurrent", Time since last: 81803200 ns, Reaching safepoint: 147300 ns, At safepoint: 595800 ns, Total: 743100 ns
[2020-09-29T10:11:23.085+0000][7792][gc,marking   ] GC(394) Concurrent Cleanup for Next Mark
[2020-09-29T10:11:23.087+0000][7792][gc,marking   ] GC(394) Concurrent Cleanup for Next Mark 1.892ms
[2020-09-29T10:11:23.087+0000][7792][gc           ] GC(394) Concurrent Cycle 214.360ms
[2020-09-29T10:11:24.086+0000][7792][safepoint    ] Safepoint "Cleanup", Time since last: 1000668600 ns, Reaching safepoint: 156300 ns, At safepoint: 9400 ns, Total: 165700 ns
[2020-09-29T10:11:25.087+0000][7792][safepoint    ] Safepoint "Cleanup", Time since last: 1000665700 ns, Reaching safepoint: 180300 ns, At safepoint: 12300 ns, Total: 192600 ns
[2020-09-29T10:11:27.088+0000][7792][safepoint    ] Safepoint "Cleanup", Time since last: 2000725300 ns, Reaching safepoint: 169100 ns, At safepoint: 13700 ns, Total: 182800 ns
[2020-09-29T10:11:28.856+0000][7792][safepoint    ] Safepoint "Cleanup", Time since last: 1767942400 ns, Reaching safepoint: 158900 ns, At safepoint: 12700 ns, Total: 171600 ns
[2020-09-29T10:11:30.857+0000][7792][safepoint    ] Safepoint "Cleanup", Time since last: 2000782300 ns, Reaching safepoint: 143200 ns, At safepoint: 9000 ns, Total: 152200 ns
[2020-09-29T10:11:32.858+0000][7792][safepoint    ] Safepoint "Cleanup", Time since last: 2000785300 ns, Reaching safepoint: 151700 ns, At safepoint: 10700 ns, Total: 162400 ns
[2020-09-29T10:11:34.859+0000][7792][safepoint    ] Safepoint "Cleanup", Time since last: 2000764100 ns, Reaching safepoint: 200800 ns, At safepoint: 10400 ns, Total: 211200 ns
[2020-09-29T10:11:35.859+0000][7792][safepoint    ] Safepoint "Cleanup", Time since last: 1000532600 ns, Reaching safepoint: 143600 ns, At safepoint: 6600 ns, Total: 150200 ns
[2020-09-29T10:11:36.496+0000][7792][safepoint    ] Safepoint "BulkRevokeBias", Time since last: 635805600 ns, Reaching safepoint: 186400 ns, At safepoint: 1098100 ns, Total: 1284500 ns
[2020-09-29T10:11:36.741+0000][7792][safepoint    ] Safepoint "BulkRevokeBias", Time since last: 242464500 ns, Reaching safepoint: 252600 ns, At safepoint: 1601700 ns, Total: 1854300 ns
[2020-09-29T10:11:37.038+0000][7792][safepoint    ] Safepoint "BulkRevokeBias", Time since last: 295363500 ns, Reaching safepoint: 201800 ns, At safepoint: 1689100 ns, Total: 1890900 ns
[2020-09-29T10:11:38.060+0000][7792][safepoint    ] Safepoint "Cleanup", Time since last: 1021743500 ns, Reaching safepoint: 363900 ns, At safepoint: 364000 ns, Total: 727900 ns
[2020-09-29T10:11:39.094+0000][7792][safepoint    ] Safepoint "Cleanup", Time since last: 1033296500 ns, Reaching safepoint: 318400 ns, At safepoint: 17700 ns, Total: 336100 ns
[2020-09-29T10:11:39.322+0000][7792][safepoint    ] Safepoint "BulkRevokeBias", Time since last: 226434400 ns, Reaching safepoint: 156200 ns, At safepoint: 1235800 ns, Total: 1392000 ns
[2020-09-29T10:11:39.328+0000][7792][gc,start     ] GC(395) Pause Young (Concurrent Start) (G1 Humongous Allocation)
[2020-09-29T10:11:39.328+0000][7792][gc,task      ] GC(395) Using 8 workers of 8 for evacuation
[2020-09-29T10:11:39.328+0000][7792][gc,age       ] GC(395) Desired survivor size 33554432 bytes, new threshold 15 (max threshold 15)
[2020-09-29T10:11:39.334+0000][7792][gc,age       ] GC(395) Age table with threshold 15 (max threshold 15)
[2020-09-29T10:11:39.334+0000][7792][gc,age       ] GC(395) - age   1:    7995016 bytes,    7995016 total
[2020-09-29T10:11:39.334+0000][7792][gc,age       ] GC(395) - age   2:       6912 bytes,    8001928 total
[2020-09-29T10:11:39.334+0000][7792][gc,age       ] GC(395) - age   3:       9264 bytes,    8011192 total
[2020-09-29T10:11:39.334+0000][7792][gc,age       ] GC(395) - age   4:       2912 bytes,    8014104 total
[2020-09-29T10:11:39.334+0000][7792][gc,age       ] GC(395) - age   5:      28928 bytes,    8043032 total
[2020-09-29T10:11:39.334+0000][7792][gc,age       ] GC(395) - age   6:         64 bytes,    8043096 total
[2020-09-29T10:11:39.334+0000][7792][gc,age       ] GC(395) - age   7:       4880 bytes,    8047976 total
[2020-09-29T10:11:39.334+0000][7792][gc,age       ] GC(395) - age   8:       1136 bytes,    8049112 total
[2020-09-29T10:11:39.334+0000][7792][gc,age       ] GC(395) - age   9:       5464 bytes,    8054576 total
[2020-09-29T10:11:39.334+0000][7792][gc,age       ] GC(395) - age  10:         64 bytes,    8054640 total
[2020-09-29T10:11:39.334+0000][7792][gc,age       ] GC(395) - age  11:      20664 bytes,    8075304 total
[2020-09-29T10:11:39.334+0000][7792][gc,age       ] GC(395) - age  12:        808 bytes,    8076112 total
[2020-09-29T10:11:39.334+0000][7792][gc,age       ] GC(395) - age  13:       6912 bytes,    8083024 total
[2020-09-29T10:11:39.334+0000][7792][gc,age       ] GC(395) - age  14:     100320 bytes,    8183344 total
[2020-09-29T10:11:39.334+0000][7792][gc,age       ] GC(395) - age  15:       1440 bytes,    8184784 total
[2020-09-29T10:11:39.334+0000][7792][gc,phases    ] GC(395)   Pre Evacuate Collection Set: 0.4ms
[2020-09-29T10:11:39.334+0000][7792][gc,phases    ] GC(395)   Merge Heap Roots: 0.1ms
[2020-09-29T10:11:39.334+0000][7792][gc,phases    ] GC(395)   Evacuate Collection Set: 4.2ms
[2020-09-29T10:11:39.334+0000][7792][gc,phases    ] GC(395)   Post Evacuate Collection Set: 1.2ms
[2020-09-29T10:11:39.334+0000][7792][gc,phases    ] GC(395)   Other: 0.9ms
[2020-09-29T10:11:39.334+0000][7792][gc,heap      ] GC(395) Eden regions: 319->0(496)
[2020-09-29T10:11:39.335+0000][7792][gc,heap      ] GC(395) Survivor regions: 1->8(64)
[2020-09-29T10:11:39.335+0000][7792][gc,heap      ] GC(395) Old regions: 79->79
[2020-09-29T10:11:39.335+0000][7792][gc,heap      ] GC(395) Archive regions: 0->0
[2020-09-29T10:11:39.335+0000][7792][gc,heap      ] GC(395) Humongous regions: 228->174
[2020-09-29T10:11:39.335+0000][7792][gc,metaspace ] GC(395) Metaspace: 90030K(95872K)->90030K(95872K) NonClass: 78750K(82176K)->78750K(82176K) Class: 11279K(13696K)->11279K(13696K)
[2020-09-29T10:11:39.335+0000][7792][gc           ] GC(395) Pause Young (Concurrent Start) (G1 Humongous Allocation) 625M->260M(1024M) 7.122ms
[2020-09-29T10:11:39.335+0000][7792][gc,cpu       ] GC(395) User=0.00s Sys=0.02s Real=0.01s
[2020-09-29T10:11:39.335+0000][7792][gc           ] GC(396) Concurrent Cycle
[2020-09-29T10:11:39.335+0000][7792][safepoint    ] Safepoint "G1TryInitiateConcMark", Time since last: 5238800 ns, Reaching safepoint: 149100 ns, At safepoint: 7301900 ns, Total: 7451000 ns
[2020-09-29T10:11:39.335+0000][7792][gc,marking   ] GC(396) Concurrent Clear Claimed Marks
[2020-09-29T10:11:39.335+0000][7792][safepoint    ] Safepoint "G1TryInitiateConcMark", Time since last: 199100 ns, Reaching safepoint: 190500 ns, At safepoint: 30900 ns, Total: 221400 ns
[2020-09-29T10:11:39.335+0000][7792][gc,marking   ] GC(396) Concurrent Clear Claimed Marks 0.488ms
[2020-09-29T10:11:39.335+0000][7792][gc,marking   ] GC(396) Concurrent Scan Root Regions
[2020-09-29T10:11:39.342+0000][7792][gc,marking   ] GC(396) Concurrent Scan Root Regions 6.377ms
[2020-09-29T10:11:39.342+0000][7792][gc,marking   ] GC(396) Concurrent Mark (962.444s)
[2020-09-29T10:11:39.342+0000][7792][gc,marking   ] GC(396) Concurrent Mark From Roots
[2020-09-29T10:11:39.342+0000][7792][gc,task      ] GC(396) Using 2 workers of 2 for marking
[2020-09-29T10:11:39.385+0000][7792][safepoint    ] Safepoint "BulkRevokeBias", Time since last: 48306700 ns, Reaching safepoint: 232200 ns, At safepoint: 1368100 ns, Total: 1600300 ns
[2020-09-29T10:11:39.388+0000][7792][safepoint    ] Safepoint "BulkRevokeBias", Time since last: 1095000 ns, Reaching safepoint: 266000 ns, At safepoint: 1160300 ns, Total: 1426300 ns
[2020-09-29T10:11:39.476+0000][7792][gc,marking   ] GC(396) Concurrent Mark From Roots 134.142ms
[2020-09-29T10:11:39.476+0000][7792][gc,marking   ] GC(396) Concurrent Preclean
[2020-09-29T10:11:39.477+0000][7792][gc,marking   ] GC(396) Concurrent Preclean 0.436ms
[2020-09-29T10:11:39.477+0000][7792][gc,marking   ] GC(396) Concurrent Mark (962.444s, 962.578s) 134.714ms
[2020-09-29T10:11:39.477+0000][7792][gc,start     ] GC(396) Pause Remark
[2020-09-29T10:11:39.485+0000][7792][gc           ] GC(396) Pause Remark 393M->393M(1024M) 8.055ms
[2020-09-29T10:11:39.485+0000][7792][gc,cpu       ] GC(396) User=0.09s Sys=0.00s Real=0.01s
[2020-09-29T10:11:39.485+0000][7792][safepoint    ] Safepoint "G1Concurrent", Time since last: 89033900 ns, Reaching safepoint: 161300 ns, At safepoint: 8359800 ns, Total: 8521100 ns
[2020-09-29T10:11:39.485+0000][7792][gc,marking   ] GC(396) Concurrent Rebuild Remembered Sets
[2020-09-29T10:11:39.566+0000][7792][gc,marking   ] GC(396) Concurrent Rebuild Remembered Sets 80.657ms
[2020-09-29T10:11:39.567+0000][7792][gc,start     ] GC(396) Pause Cleanup
[2020-09-29T10:11:39.567+0000][7792][gc           ] GC(396) Pause Cleanup 417M->417M(1024M) 0.418ms
[2020-09-29T10:11:39.567+0000][7792][gc,cpu       ] GC(396) User=0.00s Sys=0.00s Real=0.00s
[2020-09-29T10:11:39.567+0000][7792][safepoint    ] Safepoint "G1Concurrent", Time since last: 80917500 ns, Reaching safepoint: 464900 ns, At safepoint: 643100 ns, Total: 1108000 ns
[2020-09-29T10:11:39.567+0000][7792][gc,marking   ] GC(396) Concurrent Cleanup for Next Mark
[2020-09-29T10:11:39.569+0000][7792][gc,marking   ] GC(396) Concurrent Cleanup for Next Mark 1.856ms
[2020-09-29T10:11:39.569+0000][7792][gc           ] GC(396) Concurrent Cycle 234.526ms
[2020-09-29T10:11:40.261+0000][7792][safepoint    ] Safepoint "BulkRevokeBias", Time since last: 692296700 ns, Reaching safepoint: 313100 ns, At safepoint: 1617300 ns, Total: 1930400 ns
[2020-09-29T10:11:40.266+0000][7792][safepoint    ] Safepoint "BulkRevokeBias", Time since last: 2900300 ns, Reaching safepoint: 141800 ns, At safepoint: 1654400 ns, Total: 1796200 ns
[2020-09-29T10:11:40.335+0000][7792][gc,start     ] GC(397) Pause Young (Concurrent Start) (G1 Humongous Allocation)
[2020-09-29T10:11:40.335+0000][7792][gc,task      ] GC(397) Using 8 workers of 8 for evacuation
[2020-09-29T10:11:40.335+0000][7792][gc,age       ] GC(397) Desired survivor size 33030144 bytes, new threshold 15 (max threshold 15)
[2020-09-29T10:11:40.340+0000][7792][gc,age       ] GC(397) Age table with threshold 15 (max threshold 15)
[2020-09-29T10:11:40.340+0000][7792][gc,age       ] GC(397) - age   1:    2699384 bytes,    2699384 total
[2020-09-29T10:11:40.340+0000][7792][gc,age       ] GC(397) - age   2:    2540496 bytes,    5239880 total
[2020-09-29T10:11:40.340+0000][7792][gc,age       ] GC(397) - age   3:       6592 bytes,    5246472 total
[2020-09-29T10:11:40.340+0000][7792][gc,age       ] GC(397) - age   4:       8896 bytes,    5255368 total
[2020-09-29T10:11:40.340+0000][7792][gc,age       ] GC(397) - age   5:       2080 bytes,    5257448 total
[2020-09-29T10:11:40.340+0000][7792][gc,age       ] GC(397) - age   6:      28160 bytes,    5285608 total
[2020-09-29T10:11:40.340+0000][7792][gc,age       ] GC(397) - age   7:         64 bytes,    5285672 total
[2020-09-29T10:11:40.341+0000][7792][gc,age       ] GC(397) - age   8:       4480 bytes,    5290152 total
[2020-09-29T10:11:40.341+0000][7792][gc,age       ] GC(397) - age   9:       1136 bytes,    5291288 total
[2020-09-29T10:11:40.341+0000][7792][gc,age       ] GC(397) - age  10:       5312 bytes,    5296600 total
[2020-09-29T10:11:40.341+0000][7792][gc,age       ] GC(397) - age  11:         64 bytes,    5296664 total
[2020-09-29T10:11:40.341+0000][7792][gc,age       ] GC(397) - age  12:      20584 bytes,    5317248 total
[2020-09-29T10:11:40.341+0000][7792][gc,age       ] GC(397) - age  13:        728 bytes,    5317976 total
[2020-09-29T10:11:40.341+0000][7792][gc,age       ] GC(397) - age  14:       6912 bytes,    5324888 total
[2020-09-29T10:11:40.341+0000][7792][gc,age       ] GC(397) - age  15:     100320 bytes,    5425208 total
[2020-09-29T10:11:40.341+0000][7792][gc,phases    ] GC(397)   Pre Evacuate Collection Set: 0.5ms
[2020-09-29T10:11:40.341+0000][7792][gc,phases    ] GC(397)   Merge Heap Roots: 0.1ms
[2020-09-29T10:11:40.341+0000][7792][gc,phases    ] GC(397)   Evacuate Collection Set: 3.3ms
[2020-09-29T10:11:40.341+0000][7792][gc,phases    ] GC(397)   Post Evacuate Collection Set: 0.9ms
[2020-09-29T10:11:40.341+0000][7792][gc,phases    ] GC(397)   Other: 1.2ms
[2020-09-29T10:11:40.341+0000][7792][gc,heap      ] GC(397) Eden regions: 52->0(498)
[2020-09-29T10:11:40.341+0000][7792][gc,heap      ] GC(397) Survivor regions: 8->6(63)
[2020-09-29T10:11:40.341+0000][7792][gc,heap      ] GC(397) Old regions: 79->79
[2020-09-29T10:11:40.341+0000][7792][gc,heap      ] GC(397) Archive regions: 0->0
[2020-09-29T10:11:40.341+0000][7792][gc,heap      ] GC(397) Humongous regions: 290->174
[2020-09-29T10:11:40.341+0000][7792][gc,metaspace ] GC(397) Metaspace: 90033K(95872K)->90033K(95872K) NonClass: 78753K(82176K)->78753K(82176K) Class: 11279K(13696K)->11279K(13696K)
[2020-09-29T10:11:40.341+0000][7792][gc           ] GC(397) Pause Young (Concurrent Start) (G1 Humongous Allocation) 428M->258M(1024M) 6.396ms
[2020-09-29T10:11:40.341+0000][7792][gc,cpu       ] GC(397) User=0.00s Sys=0.00s Real=0.01s
[2020-09-29T10:11:40.342+0000][7792][gc           ] GC(398) Concurrent Cycle
[2020-09-29T10:11:40.342+0000][7792][safepoint    ] Safepoint "G1TryInitiateConcMark", Time since last: 68858100 ns, Reaching safepoint: 143300 ns, At safepoint: 6608300 ns, Total: 6751600 ns
[2020-09-29T10:11:40.342+0000][7792][gc,marking   ] GC(398) Concurrent Clear Claimed Marks
[2020-09-29T10:11:40.342+0000][7792][gc,marking   ] GC(398) Concurrent Clear Claimed Marks 0.432ms
[2020-09-29T10:11:40.342+0000][7792][gc,marking   ] GC(398) Concurrent Scan Root Regions
[2020-09-29T10:11:40.347+0000][7792][gc,marking   ] GC(398) Concurrent Scan Root Regions 4.692ms
[2020-09-29T10:11:40.347+0000][7792][gc,marking   ] GC(398) Concurrent Mark (963.449s)
[2020-09-29T10:11:40.347+0000][7792][gc,marking   ] GC(398) Concurrent Mark From Roots
[2020-09-29T10:11:40.347+0000][7792][gc,task      ] GC(398) Using 2 workers of 2 for marking
[2020-09-29T10:11:40.497+0000][7792][gc,marking   ] GC(398) Concurrent Mark From Roots 150.383ms
[2020-09-29T10:11:40.497+0000][7792][gc,marking   ] GC(398) Concurrent Preclean
[2020-09-29T10:11:40.498+0000][7792][gc,marking   ] GC(398) Concurrent Preclean 0.780ms
[2020-09-29T10:11:40.498+0000][7792][gc,marking   ] GC(398) Concurrent Mark (963.449s, 963.600s) 151.357ms
[2020-09-29T10:11:40.498+0000][7792][gc,start     ] GC(398) Pause Remark
[2020-09-29T10:11:40.507+0000][7792][gc           ] GC(398) Pause Remark 382M->382M(1024M) 8.040ms
[2020-09-29T10:11:40.507+0000][7792][gc,cpu       ] GC(398) User=0.00s Sys=0.00s Real=0.01s
[2020-09-29T10:11:40.507+0000][7792][safepoint    ] Safepoint "G1Concurrent", Time since last: 156749600 ns, Reaching safepoint: 175100 ns, At safepoint: 8387800 ns, Total: 8562900 ns
[2020-09-29T10:11:40.507+0000][7792][gc,marking   ] GC(398) Concurrent Rebuild Remembered Sets
[2020-09-29T10:11:40.598+0000][7792][gc,marking   ] GC(398) Concurrent Rebuild Remembered Sets 90.847ms
[2020-09-29T10:11:40.598+0000][7792][gc,start     ] GC(398) Pause Cleanup
[2020-09-29T10:11:40.598+0000][7792][gc           ] GC(398) Pause Cleanup 393M->393M(1024M) 0.376ms
[2020-09-29T10:11:40.598+0000][7792][gc,cpu       ] GC(398) User=0.00s Sys=0.00s Real=0.00s
[2020-09-29T10:11:40.598+0000][7792][safepoint    ] Safepoint "G1Concurrent", Time since last: 91076000 ns, Reaching safepoint: 157100 ns, At safepoint: 578700 ns, Total: 735800 ns
[2020-09-29T10:11:40.599+0000][7792][gc,marking   ] GC(398) Concurrent Cleanup for Next Mark
[2020-09-29T10:11:40.600+0000][7792][gc,marking   ] GC(398) Concurrent Cleanup for Next Mark 1.825ms
[2020-09-29T10:11:40.601+0000][7792][gc           ] GC(398) Concurrent Cycle 259.218ms
[2020-09-29T10:11:40.921+0000][7792][gc,start     ] GC(399) Pause Young (Concurrent Start) (G1 Humongous Allocation)
[2020-09-29T10:11:40.921+0000][7792][gc,task      ] GC(399) Using 8 workers of 8 for evacuation
[2020-09-29T10:11:40.921+0000][7792][gc,age       ] GC(399) Desired survivor size 33030144 bytes, new threshold 15 (max threshold 15)
[2020-09-29T10:11:40.927+0000][7792][gc,age       ] GC(399) Age table with threshold 15 (max threshold 15)
[2020-09-29T10:11:40.927+0000][7792][gc,age       ] GC(399) - age   1:    2701272 bytes,    2701272 total
[2020-09-29T10:11:40.927+0000][7792][gc,age       ] GC(399) - age   2:      21776 bytes,    2723048 total
[2020-09-29T10:11:40.927+0000][7792][gc,age       ] GC(399) - age   3:    2537552 bytes,    5260600 total
[2020-09-29T10:11:40.927+0000][7792][gc,age       ] GC(399) - age   4:       6176 bytes,    5266776 total
[2020-09-29T10:11:40.927+0000][7792][gc,age       ] GC(399) - age   5:       8768 bytes,    5275544 total
[2020-09-29T10:11:40.928+0000][7792][gc,age       ] GC(399) - age   6:       2080 bytes,    5277624 total
[2020-09-29T10:11:40.928+0000][7792][gc,age       ] GC(399) - age   7:      28160 bytes,    5305784 total
[2020-09-29T10:11:40.928+0000][7792][gc,age       ] GC(399) - age   8:         64 bytes,    5305848 total
[2020-09-29T10:11:40.928+0000][7792][gc,age       ] GC(399) - age   9:       4480 bytes,    5310328 total
[2020-09-29T10:11:40.928+0000][7792][gc,age       ] GC(399) - age  10:       1072 bytes,    5311400 total
[2020-09-29T10:11:40.928+0000][7792][gc,age       ] GC(399) - age  11:       5312 bytes,    5316712 total
[2020-09-29T10:11:40.928+0000][7792][gc,age       ] GC(399) - age  12:         64 bytes,    5316776 total
[2020-09-29T10:11:40.928+0000][7792][gc,age       ] GC(399) - age  13:      20584 bytes,    5337360 total
[2020-09-29T10:11:40.928+0000][7792][gc,age       ] GC(399) - age  14:        728 bytes,    5338088 total
[2020-09-29T10:11:40.928+0000][7792][gc,age       ] GC(399) - age  15:       6848 bytes,    5344936 total
[2020-09-29T10:11:40.928+0000][7792][gc,phases    ] GC(399)   Pre Evacuate Collection Set: 0.5ms
[2020-09-29T10:11:40.928+0000][7792][gc,phases    ] GC(399)   Merge Heap Roots: 0.1ms
[2020-09-29T10:11:40.928+0000][7792][gc,phases    ] GC(399)   Evacuate Collection Set: 4.3ms
[2020-09-29T10:11:40.928+0000][7792][gc,phases    ] GC(399)   Post Evacuate Collection Set: 0.9ms
[2020-09-29T10:11:40.928+0000][7792][gc,phases    ] GC(399)   Other: 1.2ms
[2020-09-29T10:11:40.928+0000][7792][gc,heap      ] GC(399) Eden regions: 44->0(499)
[2020-09-29T10:11:40.928+0000][7792][gc,heap      ] GC(399) Survivor regions: 6->6(63)
[2020-09-29T10:11:40.928+0000][7792][gc,heap      ] GC(399) Old regions: 79->79
[2020-09-29T10:11:40.928+0000][7792][gc,heap      ] GC(399) Archive regions: 0->0
[2020-09-29T10:11:40.929+0000][7792][gc,heap      ] GC(399) Humongous regions: 274->174
[2020-09-29T10:11:40.929+0000][7792][gc,metaspace ] GC(399) Metaspace: 90033K(95872K)->90033K(95872K) NonClass: 78753K(82176K)->78753K(82176K) Class: 11279K(13696K)->11279K(13696K)
[2020-09-29T10:11:40.929+0000][7792][gc           ] GC(399) Pause Young (Concurrent Start) (G1 Humongous Allocation) 401M->258M(1024M) 7.629ms
[2020-09-29T10:11:40.929+0000][7792][gc,cpu       ] GC(399) User=0.00s Sys=0.00s Real=0.01s
[2020-09-29T10:11:40.929+0000][7792][gc           ] GC(400) Concurrent Cycle
[2020-09-29T10:11:40.929+0000][7792][safepoint    ] Safepoint "G1TryInitiateConcMark", Time since last: 322336600 ns, Reaching safepoint: 163500 ns, At safepoint: 7872500 ns, Total: 8036000 ns
[2020-09-29T10:11:40.929+0000][7792][gc,marking   ] GC(400) Concurrent Clear Claimed Marks
[2020-09-29T10:11:40.929+0000][7792][gc,marking   ] GC(400) Concurrent Clear Claimed Marks 0.533ms
[2020-09-29T10:11:40.930+0000][7792][gc,marking   ] GC(400) Concurrent Scan Root Regions
[2020-09-29T10:11:40.935+0000][7792][gc,marking   ] GC(400) Concurrent Scan Root Regions 5.323ms
[2020-09-29T10:11:40.935+0000][7792][gc,marking   ] GC(400) Concurrent Mark (964.037s)
[2020-09-29T10:11:40.935+0000][7792][gc,marking   ] GC(400) Concurrent Mark From Roots
[2020-09-29T10:11:40.935+0000][7792][gc,task      ] GC(400) Using 2 workers of 2 for marking
[2020-09-29T10:11:41.101+0000][7792][gc,marking   ] GC(400) Concurrent Mark From Roots 166.194ms
[2020-09-29T10:11:41.101+0000][7792][gc,marking   ] GC(400) Concurrent Preclean
[2020-09-29T10:11:41.102+0000][7792][gc,marking   ] GC(400) Concurrent Preclean 0.692ms
[2020-09-29T10:11:41.102+0000][7792][gc,marking   ] GC(400) Concurrent Mark (964.037s, 964.204s) 167.112ms
[2020-09-29T10:11:41.102+0000][7792][gc,start     ] GC(400) Pause Remark
[2020-09-29T10:11:41.109+0000][7792][gc           ] GC(400) Pause Remark 393M->393M(1024M) 7.166ms
[2020-09-29T10:11:41.110+0000][7792][gc,cpu       ] GC(400) User=0.11s Sys=0.00s Real=0.01s
[2020-09-29T10:11:41.110+0000][7792][safepoint    ] Safepoint "G1Concurrent", Time since last: 173363900 ns, Reaching safepoint: 154300 ns, At safepoint: 7401300 ns, Total: 7555600 ns
[2020-09-29T10:11:41.110+0000][7792][gc,marking   ] GC(400) Concurrent Rebuild Remembered Sets
[2020-09-29T10:11:41.212+0000][7792][gc,marking   ] GC(400) Concurrent Rebuild Remembered Sets 102.263ms
[2020-09-29T10:11:41.212+0000][7792][gc,start     ] GC(400) Pause Cleanup
[2020-09-29T10:11:41.213+0000][7792][gc           ] GC(400) Pause Cleanup 393M->393M(1024M) 0.434ms
[2020-09-29T10:11:41.213+0000][7792][gc,cpu       ] GC(400) User=0.00s Sys=0.00s Real=0.00s
[2020-09-29T10:11:41.213+0000][7792][safepoint    ] Safepoint "G1Concurrent", Time since last: 102485600 ns, Reaching safepoint: 154200 ns, At safepoint: 648600 ns, Total: 802800 ns
[2020-09-29T10:11:41.213+0000][7792][gc,marking   ] GC(400) Concurrent Cleanup for Next Mark
[2020-09-29T10:11:41.215+0000][7792][gc,marking   ] GC(400) Concurrent Cleanup for Next Mark 1.694ms
[2020-09-29T10:11:41.215+0000][7792][gc           ] GC(400) Concurrent Cycle 286.276ms
[2020-09-29T10:11:43.214+0000][7792][safepoint    ] Safepoint "Cleanup", Time since last: 2000710900 ns, Reaching safepoint: 174400 ns, At safepoint: 12700 ns, Total: 187100 ns
[2020-09-29T10:11:43.467+0000][7792][gc,start     ] GC(401) Pause Young (Concurrent Start) (G1 Humongous Allocation)
[2020-09-29T10:11:43.467+0000][7792][gc,task      ] GC(401) Using 8 workers of 8 for evacuation
[2020-09-29T10:11:43.467+0000][7792][gc,age       ] GC(401) Desired survivor size 33554432 bytes, new threshold 15 (max threshold 15)
[2020-09-29T10:11:43.472+0000][7792][gc,age       ] GC(401) Age table with threshold 15 (max threshold 15)
[2020-09-29T10:11:43.472+0000][7792][gc,age       ] GC(401) - age   1:    2609520 bytes,    2609520 total
[2020-09-29T10:11:43.472+0000][7792][gc,age       ] GC(401) - age   2:      24488 bytes,    2634008 total
[2020-09-29T10:11:43.472+0000][7792][gc,age       ] GC(401) - age   3:      20088 bytes,    2654096 total
[2020-09-29T10:11:43.472+0000][7792][gc,age       ] GC(401) - age   4:    2526184 bytes,    5180280 total
[2020-09-29T10:11:43.472+0000][7792][gc,age       ] GC(401) - age   5:       5984 bytes,    5186264 total
[2020-09-29T10:11:43.472+0000][7792][gc,age       ] GC(401) - age   6:       8640 bytes,    5194904 total
[2020-09-29T10:11:43.472+0000][7792][gc,age       ] GC(401) - age   7:       2016 bytes,    5196920 total
[2020-09-29T10:11:43.472+0000][7792][gc,age       ] GC(401) - age   8:      28160 bytes,    5225080 total
[2020-09-29T10:11:43.472+0000][7792][gc,age       ] GC(401) - age   9:         64 bytes,    5225144 total
[2020-09-29T10:11:43.472+0000][7792][gc,age       ] GC(401) - age  10:       4416 bytes,    5229560 total
[2020-09-29T10:11:43.472+0000][7792][gc,age       ] GC(401) - age  11:       1072 bytes,    5230632 total
[2020-09-29T10:11:43.472+0000][7792][gc,age       ] GC(401) - age  12:       5312 bytes,    5235944 total
[2020-09-29T10:11:43.472+0000][7792][gc,age       ] GC(401) - age  13:         64 bytes,    5236008 total
[2020-09-29T10:11:43.472+0000][7792][gc,age       ] GC(401) - age  14:      20584 bytes,    5256592 total
[2020-09-29T10:11:43.473+0000][7792][gc,age       ] GC(401) - age  15:        728 bytes,    5257320 total
[2020-09-29T10:11:43.473+0000][7792][gc,phases    ] GC(401)   Pre Evacuate Collection Set: 0.5ms
[2020-09-29T10:11:43.473+0000][7792][gc,phases    ] GC(401)   Merge Heap Roots: 0.1ms
[2020-09-29T10:11:43.473+0000][7792][gc,phases    ] GC(401)   Evacuate Collection Set: 3.4ms
[2020-09-29T10:11:43.473+0000][7792][gc,phases    ] GC(401)   Post Evacuate Collection Set: 0.8ms
[2020-09-29T10:11:43.473+0000][7792][gc,phases    ] GC(401)   Other: 0.9ms
[2020-09-29T10:11:43.473+0000][7792][gc,heap      ] GC(401) Eden regions: 44->0(500)
[2020-09-29T10:11:43.473+0000][7792][gc,heap      ] GC(401) Survivor regions: 6->6(64)
[2020-09-29T10:11:43.473+0000][7792][gc,heap      ] GC(401) Old regions: 79->79
[2020-09-29T10:11:43.473+0000][7792][gc,heap      ] GC(401) Archive regions: 0->0
[2020-09-29T10:11:43.473+0000][7792][gc,heap      ] GC(401) Humongous regions: 274->174
[2020-09-29T10:11:43.473+0000][7792][gc,metaspace ] GC(401) Metaspace: 90034K(95872K)->90034K(95872K) NonClass: 78754K(82176K)->78754K(82176K) Class: 11279K(13696K)->11279K(13696K)
[2020-09-29T10:11:43.473+0000][7792][gc           ] GC(401) Pause Young (Concurrent Start) (G1 Humongous Allocation) 401M->258M(1024M) 5.934ms
[2020-09-29T10:11:43.473+0000][7792][gc,cpu       ] GC(401) User=0.02s Sys=0.00s Real=0.01s
[2020-09-29T10:11:43.473+0000][7792][safepoint    ] Safepoint "G1TryInitiateConcMark", Time since last: 252485900 ns, Reaching safepoint: 210000 ns, At safepoint: 6117200 ns, Total: 6327200 ns
[2020-09-29T10:11:43.473+0000][7792][gc           ] GC(402) Concurrent Cycle
[2020-09-29T10:11:43.473+0000][7792][gc,marking   ] GC(402) Concurrent Clear Claimed Marks
[2020-09-29T10:11:43.473+0000][7792][gc,marking   ] GC(402) Concurrent Clear Claimed Marks 0.337ms
[2020-09-29T10:11:43.473+0000][7792][gc,marking   ] GC(402) Concurrent Scan Root Regions
[2020-09-29T10:11:43.476+0000][7792][gc,marking   ] GC(402) Concurrent Scan Root Regions 2.923ms
[2020-09-29T10:11:43.476+0000][7792][gc,marking   ] GC(402) Concurrent Mark (966.578s)
[2020-09-29T10:11:43.476+0000][7792][gc,marking   ] GC(402) Concurrent Mark From Roots
[2020-09-29T10:11:43.476+0000][7792][gc,task      ] GC(402) Using 2 workers of 2 for marking
[2020-09-29T10:11:43.566+0000][7792][safepoint    ] Safepoint "BulkRevokeBias", Time since last: 92468500 ns, Reaching safepoint: 246300 ns, At safepoint: 1221100 ns, Total: 1467400 ns
[2020-09-29T10:11:43.586+0000][7792][gc,marking   ] GC(402) Concurrent Mark From Roots 110.188ms
[2020-09-29T10:11:43.586+0000][7792][gc,marking   ] GC(402) Concurrent Preclean
[2020-09-29T10:11:43.587+0000][7792][gc,marking   ] GC(402) Concurrent Preclean 0.471ms
[2020-09-29T10:11:43.587+0000][7792][gc,marking   ] GC(402) Concurrent Mark (966.578s, 966.689s) 110.798ms
[2020-09-29T10:11:43.587+0000][7792][gc,start     ] GC(402) Pause Remark
[2020-09-29T10:11:43.594+0000][7792][gc           ] GC(402) Pause Remark 449M->449M(1024M) 6.748ms
[2020-09-29T10:11:43.594+0000][7792][gc,cpu       ] GC(402) User=0.13s Sys=0.00s Real=0.01s
[2020-09-29T10:11:43.594+0000][7792][safepoint    ] Safepoint "G1Concurrent", Time since last: 20352200 ns, Reaching safepoint: 138100 ns, At safepoint: 7003000 ns, Total: 7141100 ns
[2020-09-29T10:11:43.594+0000][7792][gc,marking   ] GC(402) Concurrent Rebuild Remembered Sets
[2020-09-29T10:11:43.598+0000][7792][safepoint    ] Safepoint "BulkRevokeBias", Time since last: 2797700 ns, Reaching safepoint: 549400 ns, At safepoint: 1238300 ns, Total: 1787700 ns
[2020-09-29T10:11:43.668+0000][7792][gc,marking   ] GC(402) Concurrent Rebuild Remembered Sets 73.563ms
[2020-09-29T10:11:43.668+0000][7792][gc,start     ] GC(402) Pause Cleanup
[2020-09-29T10:11:43.669+0000][7792][gc           ] GC(402) Pause Cleanup 523M->523M(1024M) 0.315ms
[2020-09-29T10:11:43.669+0000][7792][gc,cpu       ] GC(402) User=0.00s Sys=0.00s Real=0.00s
[2020-09-29T10:11:43.669+0000][7792][safepoint    ] Safepoint "G1Concurrent", Time since last: 69163000 ns, Reaching safepoint: 163300 ns, At safepoint: 477000 ns, Total: 640300 ns
[2020-09-29T10:11:43.669+0000][7792][gc,marking   ] GC(402) Concurrent Cleanup for Next Mark
[2020-09-29T10:11:43.671+0000][7792][gc,marking   ] GC(402) Concurrent Cleanup for Next Mark 1.800ms
[2020-09-29T10:11:43.671+0000][7792][gc           ] GC(402) Concurrent Cycle 197.821ms
[2020-09-29T10:11:43.673+0000][7792][gc,start     ] GC(403) Pause Young (Concurrent Start) (G1 Humongous Allocation)
[2020-09-29T10:11:43.673+0000][7792][gc,task      ] GC(403) Using 8 workers of 8 for evacuation
[2020-09-29T10:11:43.673+0000][7792][gc,age       ] GC(403) Desired survivor size 33554432 bytes, new threshold 15 (max threshold 15)
[2020-09-29T10:11:43.678+0000][7792][gc,age       ] GC(403) Age table with threshold 15 (max threshold 15)
[2020-09-29T10:11:43.678+0000][7792][gc,age       ] GC(403) - age   1:    3080936 bytes,    3080936 total
[2020-09-29T10:11:43.678+0000][7792][gc,age       ] GC(403) - age   2:      22064 bytes,    3103000 total
[2020-09-29T10:11:43.678+0000][7792][gc,age       ] GC(403) - age   3:      23840 bytes,    3126840 total
[2020-09-29T10:11:43.678+0000][7792][gc,age       ] GC(403) - age   4:      16960 bytes,    3143800 total
[2020-09-29T10:11:43.678+0000][7792][gc,age       ] GC(403) - age   5:    2517000 bytes,    5660800 total
[2020-09-29T10:11:43.678+0000][7792][gc,age       ] GC(403) - age   6:       5728 bytes,    5666528 total
[2020-09-29T10:11:43.678+0000][7792][gc,age       ] GC(403) - age   7:       8640 bytes,    5675168 total
[2020-09-29T10:11:43.678+0000][7792][gc,age       ] GC(403) - age   8:       1952 bytes,    5677120 total
[2020-09-29T10:11:43.678+0000][7792][gc,age       ] GC(403) - age   9:      28160 bytes,    5705280 total
[2020-09-29T10:11:43.678+0000][7792][gc,age       ] GC(403) - age  10:         64 bytes,    5705344 total
[2020-09-29T10:11:43.678+0000][7792][gc,age       ] GC(403) - age  11:       4416 bytes,    5709760 total
[2020-09-29T10:11:43.678+0000][7792][gc,age       ] GC(403) - age  12:       1072 bytes,    5710832 total
[2020-09-29T10:11:43.678+0000][7792][gc,age       ] GC(403) - age  13:       5312 bytes,    5716144 total
[2020-09-29T10:11:43.678+0000][7792][gc,age       ] GC(403) - age  14:         64 bytes,    5716208 total
[2020-09-29T10:11:43.678+0000][7792][gc,age       ] GC(403) - age  15:      20584 bytes,    5736792 total
[2020-09-29T10:11:43.678+0000][7792][gc,phases    ] GC(403)   Pre Evacuate Collection Set: 0.4ms
[2020-09-29T10:11:43.678+0000][7792][gc,phases    ] GC(403)   Merge Heap Roots: 0.1ms
[2020-09-29T10:11:43.678+0000][7792][gc,phases    ] GC(403)   Evacuate Collection Set: 3.3ms
[2020-09-29T10:11:43.678+0000][7792][gc,phases    ] GC(403)   Post Evacuate Collection Set: 0.8ms
[2020-09-29T10:11:43.678+0000][7792][gc,phases    ] GC(403)   Other: 0.7ms
[2020-09-29T10:11:43.678+0000][7792][gc,heap      ] GC(403) Eden regions: 75->0(500)
[2020-09-29T10:11:43.678+0000][7792][gc,heap      ] GC(403) Survivor regions: 6->6(64)
[2020-09-29T10:11:43.679+0000][7792][gc,heap      ] GC(403) Old regions: 79->79
[2020-09-29T10:11:43.679+0000][7792][gc,heap      ] GC(403) Archive regions: 0->0
[2020-09-29T10:11:43.679+0000][7792][gc,heap      ] GC(403) Humongous regions: 366->174
[2020-09-29T10:11:43.679+0000][7792][gc,metaspace ] GC(403) Metaspace: 90034K(95872K)->90034K(95872K) NonClass: 78754K(82176K)->78754K(82176K) Class: 11279K(13696K)->11279K(13696K)
[2020-09-29T10:11:43.679+0000][7792][gc           ] GC(403) Pause Young (Concurrent Start) (G1 Humongous Allocation) 525M->258M(1024M) 5.710ms
[2020-09-29T10:11:43.679+0000][7792][gc,cpu       ] GC(403) User=0.00s Sys=0.00s Real=0.01s
[2020-09-29T10:11:43.679+0000][7792][gc           ] GC(404) Concurrent Cycle
[2020-09-29T10:11:43.679+0000][7792][safepoint    ] Safepoint "G1TryInitiateConcMark", Time since last: 4012300 ns, Reaching safepoint: 168400 ns, At safepoint: 5928200 ns, Total: 6096600 ns
[2020-09-29T10:11:43.679+0000][7792][gc,marking   ] GC(404) Concurrent Clear Claimed Marks
[2020-09-29T10:11:43.679+0000][7792][gc,marking   ] GC(404) Concurrent Clear Claimed Marks 0.494ms
[2020-09-29T10:11:43.680+0000][7792][gc,marking   ] GC(404) Concurrent Scan Root Regions
[2020-09-29T10:11:43.684+0000][7792][gc,marking   ] GC(404) Concurrent Scan Root Regions 4.848ms
[2020-09-29T10:11:43.685+0000][7792][gc,marking   ] GC(404) Concurrent Mark (966.787s)
[2020-09-29T10:11:43.685+0000][7792][gc,marking   ] GC(404) Concurrent Mark From Roots
[2020-09-29T10:11:43.685+0000][7792][gc,task      ] GC(404) Using 2 workers of 2 for marking
[2020-09-29T10:11:43.833+0000][7792][gc,marking   ] GC(404) Concurrent Mark From Roots 148.797ms
[2020-09-29T10:11:43.833+0000][7792][gc,marking   ] GC(404) Concurrent Preclean
[2020-09-29T10:11:43.834+0000][7792][gc,marking   ] GC(404) Concurrent Preclean 0.773ms
[2020-09-29T10:11:43.834+0000][7792][gc,marking   ] GC(404) Concurrent Mark (966.787s, 966.936s) 149.758ms
[2020-09-29T10:11:43.835+0000][7792][gc,start     ] GC(404) Pause Remark
[2020-09-29T10:11:43.841+0000][7792][gc           ] GC(404) Pause Remark 392M->392M(1024M) 6.788ms
[2020-09-29T10:11:43.841+0000][7792][gc,cpu       ] GC(404) User=0.00s Sys=0.00s Real=0.01s
[2020-09-29T10:11:43.842+0000][7792][safepoint    ] Safepoint "G1Concurrent", Time since last: 155477900 ns, Reaching safepoint: 148100 ns, At safepoint: 7081000 ns, Total: 7229100 ns
[2020-09-29T10:11:43.842+0000][7792][gc,marking   ] GC(404) Concurrent Rebuild Remembered Sets
[2020-09-29T10:11:43.936+0000][7792][gc,marking   ] GC(404) Concurrent Rebuild Remembered Sets 94.222ms
[2020-09-29T10:11:43.936+0000][7792][gc,start     ] GC(404) Pause Cleanup
[2020-09-29T10:11:43.937+0000][7792][gc           ] GC(404) Pause Cleanup 458M->458M(1024M) 0.382ms
[2020-09-29T10:11:43.937+0000][7792][gc,cpu       ] GC(404) User=0.02s Sys=0.00s Real=0.00s
[2020-09-29T10:11:43.937+0000][7792][safepoint    ] Safepoint "G1Concurrent", Time since last: 94444100 ns, Reaching safepoint: 147000 ns, At safepoint: 612700 ns, Total: 759700 ns
[2020-09-29T10:11:43.937+0000][7792][gc,marking   ] GC(404) Concurrent Cleanup for Next Mark
[2020-09-29T10:11:43.939+0000][7792][gc,marking   ] GC(404) Concurrent Cleanup for Next Mark 1.849ms
[2020-09-29T10:11:43.939+0000][7792][gc           ] GC(404) Concurrent Cycle 260.022ms
[2020-09-29T10:11:43.966+0000][7792][gc,start     ] GC(405) Pause Young (Concurrent Start) (G1 Humongous Allocation)
[2020-09-29T10:11:43.966+0000][7792][gc,task      ] GC(405) Using 8 workers of 8 for evacuation
[2020-09-29T10:11:43.966+0000][7792][gc,age       ] GC(405) Desired survivor size 33554432 bytes, new threshold 15 (max threshold 15)
[2020-09-29T10:11:43.972+0000][7792][gc,age       ] GC(405) Age table with threshold 15 (max threshold 15)
[2020-09-29T10:11:43.972+0000][7792][gc,age       ] GC(405) - age   1:    3230920 bytes,    3230920 total
[2020-09-29T10:11:43.972+0000][7792][gc,age       ] GC(405) - age   2:     418432 bytes,    3649352 total
[2020-09-29T10:11:43.972+0000][7792][gc,age       ] GC(405) - age   3:      20952 bytes,    3670304 total
[2020-09-29T10:11:43.972+0000][7792][gc,age       ] GC(405) - age   4:      23464 bytes,    3693768 total
[2020-09-29T10:11:43.972+0000][7792][gc,age       ] GC(405) - age   5:      16832 bytes,    3710600 total
[2020-09-29T10:11:43.972+0000][7792][gc,age       ] GC(405) - age   6:    2506536 bytes,    6217136 total
[2020-09-29T10:11:43.972+0000][7792][gc,age       ] GC(405) - age   7:       5600 bytes,    6222736 total
[2020-09-29T10:11:43.972+0000][7792][gc,age       ] GC(405) - age   8:       8448 bytes,    6231184 total
[2020-09-29T10:11:43.972+0000][7792][gc,age       ] GC(405) - age   9:       1952 bytes,    6233136 total
[2020-09-29T10:11:43.972+0000][7792][gc,age       ] GC(405) - age  10:      28160 bytes,    6261296 total
[2020-09-29T10:11:43.972+0000][7792][gc,age       ] GC(405) - age  11:         64 bytes,    6261360 total
[2020-09-29T10:11:43.972+0000][7792][gc,age       ] GC(405) - age  12:       4416 bytes,    6265776 total
[2020-09-29T10:11:43.973+0000][7792][gc,age       ] GC(405) - age  13:       1072 bytes,    6266848 total
[2020-09-29T10:11:43.973+0000][7792][gc,age       ] GC(405) - age  14:       5312 bytes,    6272160 total
[2020-09-29T10:11:43.973+0000][7792][gc,age       ] GC(405) - age  15:         64 bytes,    6272224 total
[2020-09-29T10:11:43.973+0000][7792][gc,phases    ] GC(405)   Pre Evacuate Collection Set: 0.4ms
[2020-09-29T10:11:43.973+0000][7792][gc,phases    ] GC(405)   Merge Heap Roots: 0.1ms
[2020-09-29T10:11:43.973+0000][7792][gc,phases    ] GC(405)   Evacuate Collection Set: 4.0ms
[2020-09-29T10:11:43.973+0000][7792][gc,phases    ] GC(405)   Post Evacuate Collection Set: 0.9ms
[2020-09-29T10:11:43.973+0000][7792][gc,phases    ] GC(405)   Other: 1.2ms
[2020-09-29T10:11:43.973+0000][7792][gc,heap      ] GC(405) Eden regions: 57->0(499)
[2020-09-29T10:11:43.973+0000][7792][gc,heap      ] GC(405) Survivor regions: 6->7(64)
[2020-09-29T10:11:43.973+0000][7792][gc,heap      ] GC(405) Old regions: 79->79
[2020-09-29T10:11:43.973+0000][7792][gc,heap      ] GC(405) Archive regions: 0->0
[2020-09-29T10:11:43.973+0000][7792][gc,heap      ] GC(405) Humongous regions: 322->174
[2020-09-29T10:11:43.973+0000][7792][gc,metaspace ] GC(405) Metaspace: 90034K(95872K)->90034K(95872K) NonClass: 78754K(82176K)->78754K(82176K) Class: 11279K(13696K)->11279K(13696K)
[2020-09-29T10:11:43.973+0000][7792][gc           ] GC(405) Pause Young (Concurrent Start) (G1 Humongous Allocation) 463M->259M(1024M) 6.926ms
[2020-09-29T10:11:43.973+0000][7792][gc,cpu       ] GC(405) User=0.11s Sys=0.00s Real=0.01s
[2020-09-29T10:11:43.973+0000][7792][gc           ] GC(406) Concurrent Cycle
[2020-09-29T10:11:43.973+0000][7792][safepoint    ] Safepoint "G1TryInitiateConcMark", Time since last: 29131900 ns, Reaching safepoint: 153800 ns, At safepoint: 7164600 ns, Total: 7318400 ns
[2020-09-29T10:11:43.973+0000][7792][gc,marking   ] GC(406) Concurrent Clear Claimed Marks
[2020-09-29T10:11:43.974+0000][7792][gc,marking   ] GC(406) Concurrent Clear Claimed Marks 0.441ms
[2020-09-29T10:11:43.974+0000][7792][gc,marking   ] GC(406) Concurrent Scan Root Regions
[2020-09-29T10:11:43.979+0000][7792][gc,marking   ] GC(406) Concurrent Scan Root Regions 5.284ms
[2020-09-29T10:11:43.979+0000][7792][gc,marking   ] GC(406) Concurrent Mark (967.081s)
[2020-09-29T10:11:43.979+0000][7792][gc,marking   ] GC(406) Concurrent Mark From Roots
[2020-09-29T10:11:43.979+0000][7792][gc,task      ] GC(406) Using 2 workers of 2 for marking
[2020-09-29T10:11:44.104+0000][7792][safepoint    ] Safepoint "BulkRevokeBias", Time since last: 129117200 ns, Reaching safepoint: 341300 ns, At safepoint: 1541400 ns, Total: 1882700 ns
[2020-09-29T10:11:44.108+0000][7792][safepoint    ] Safepoint "BulkRevokeBias", Time since last: 1862900 ns, Reaching safepoint: 258300 ns, At safepoint: 1569800 ns, Total: 1828100 ns
[2020-09-29T10:11:44.153+0000][7792][gc,marking   ] GC(406) Concurrent Mark From Roots 173.999ms
[2020-09-29T10:11:44.153+0000][7792][gc,marking   ] GC(406) Concurrent Preclean
[2020-09-29T10:11:44.154+0000][7792][gc,marking   ] GC(406) Concurrent Preclean 0.599ms
[2020-09-29T10:11:44.154+0000][7792][gc,marking   ] GC(406) Concurrent Mark (967.081s, 967.256s) 174.813ms
[2020-09-29T10:11:44.154+0000][7792][gc,start     ] GC(406) Pause Remark
[2020-09-29T10:11:44.163+0000][7792][gc           ] GC(406) Pause Remark 452M->452M(1024M) 8.547ms
[2020-09-29T10:11:44.163+0000][7792][gc,cpu       ] GC(406) User=0.09s Sys=0.00s Real=0.01s
[2020-09-29T10:11:44.163+0000][7792][safepoint    ] Safepoint "G1Concurrent", Time since last: 46146100 ns, Reaching safepoint: 157600 ns, At safepoint: 8880700 ns, Total: 9038300 ns
[2020-09-29T10:11:44.163+0000][7792][gc,marking   ] GC(406) Concurrent Rebuild Remembered Sets
[2020-09-29T10:11:44.248+0000][7792][gc,marking   ] GC(406) Concurrent Rebuild Remembered Sets 84.605ms
[2020-09-29T10:11:44.248+0000][7792][gc,start     ] GC(406) Pause Cleanup
[2020-09-29T10:11:44.248+0000][7792][gc           ] GC(406) Pause Cleanup 528M->528M(1024M) 0.381ms
[2020-09-29T10:11:44.249+0000][7792][gc,cpu       ] GC(406) User=0.03s Sys=0.00s Real=0.00s
[2020-09-29T10:11:44.249+0000][7792][safepoint    ] Safepoint "G1Concurrent", Time since last: 84837500 ns, Reaching safepoint: 170000 ns, At safepoint: 609200 ns, Total: 779200 ns
[2020-09-29T10:11:44.249+0000][7792][gc,marking   ] GC(406) Concurrent Cleanup for Next Mark
[2020-09-29T10:11:44.251+0000][7792][gc,marking   ] GC(406) Concurrent Cleanup for Next Mark 1.913ms
[2020-09-29T10:11:44.251+0000][7792][gc           ] GC(406) Concurrent Cycle 277.668ms
[2020-09-29T10:11:44.255+0000][7792][gc,start     ] GC(407) Pause Young (Concurrent Start) (G1 Humongous Allocation)
[2020-09-29T10:11:44.255+0000][7792][gc,task      ] GC(407) Using 8 workers of 8 for evacuation
[2020-09-29T10:11:44.255+0000][7792][gc,age       ] GC(407) Desired survivor size 33554432 bytes, new threshold 15 (max threshold 15)
[2020-09-29T10:11:44.261+0000][7792][gc,age       ] GC(407) Age table with threshold 15 (max threshold 15)
[2020-09-29T10:11:44.261+0000][7792][gc,age       ] GC(407) - age   1:    3497424 bytes,    3497424 total
[2020-09-29T10:11:44.261+0000][7792][gc,age       ] GC(407) - age   2:     222344 bytes,    3719768 total
[2020-09-29T10:11:44.261+0000][7792][gc,age       ] GC(407) - age   3:     413080 bytes,    4132848 total
[2020-09-29T10:11:44.261+0000][7792][gc,age       ] GC(407) - age   4:      20088 bytes,    4152936 total
[2020-09-29T10:11:44.261+0000][7792][gc,age       ] GC(407) - age   5:      23368 bytes,    4176304 total
[2020-09-29T10:11:44.261+0000][7792][gc,age       ] GC(407) - age   6:      16672 bytes,    4192976 total
[2020-09-29T10:11:44.261+0000][7792][gc,age       ] GC(407) - age   7:    2501640 bytes,    6694616 total
[2020-09-29T10:11:44.261+0000][7792][gc,age       ] GC(407) - age   8:       5312 bytes,    6699928 total
[2020-09-29T10:11:44.261+0000][7792][gc,age       ] GC(407) - age   9:       8448 bytes,    6708376 total
[2020-09-29T10:11:44.261+0000][7792][gc,age       ] GC(407) - age  10:       1952 bytes,    6710328 total
[2020-09-29T10:11:44.261+0000][7792][gc,age       ] GC(407) - age  11:      28160 bytes,    6738488 total
[2020-09-29T10:11:44.261+0000][7792][gc,age       ] GC(407) - age  12:         64 bytes,    6738552 total
[2020-09-29T10:11:44.261+0000][7792][gc,age       ] GC(407) - age  13:       4416 bytes,    6742968 total
[2020-09-29T10:11:44.261+0000][7792][gc,age       ] GC(407) - age  14:       1072 bytes,    6744040 total
[2020-09-29T10:11:44.261+0000][7792][gc,age       ] GC(407) - age  15:       5312 bytes,    6749352 total
[2020-09-29T10:11:44.262+0000][7792][gc,phases    ] GC(407)   Pre Evacuate Collection Set: 0.4ms
[2020-09-29T10:11:44.262+0000][7792][gc,phases    ] GC(407)   Merge Heap Roots: 0.1ms
[2020-09-29T10:11:44.262+0000][7792][gc,phases    ] GC(407)   Evacuate Collection Set: 4.4ms
[2020-09-29T10:11:44.262+0000][7792][gc,phases    ] GC(407)   Post Evacuate Collection Set: 0.9ms
[2020-09-29T10:11:44.262+0000][7792][gc,phases    ] GC(407)   Other: 0.8ms
[2020-09-29T10:11:44.262+0000][7792][gc,heap      ] GC(407) Eden regions: 76->0(498)
[2020-09-29T10:11:44.262+0000][7792][gc,heap      ] GC(407) Survivor regions: 7->8(64)
[2020-09-29T10:11:44.262+0000][7792][gc,heap      ] GC(407) Old regions: 79->79
[2020-09-29T10:11:44.262+0000][7792][gc,heap      ] GC(407) Archive regions: 0->0
[2020-09-29T10:11:44.262+0000][7792][gc,heap      ] GC(407) Humongous regions: 368->174
[2020-09-29T10:11:44.262+0000][7792][gc,metaspace ] GC(407) Metaspace: 90034K(95872K)->90034K(95872K) NonClass: 78754K(82176K)->78754K(82176K) Class: 11279K(13696K)->11279K(13696K)
[2020-09-29T10:11:44.262+0000][7792][gc           ] GC(407) Pause Young (Concurrent Start) (G1 Humongous Allocation) 529M->259M(1024M) 6.947ms
[2020-09-29T10:11:44.262+0000][7792][gc,cpu       ] GC(407) User=0.00s Sys=0.00s Real=0.01s
[2020-09-29T10:11:44.262+0000][7792][gc           ] GC(408) Concurrent Cycle
[2020-09-29T10:11:44.262+0000][7792][safepoint    ] Safepoint "G1TryInitiateConcMark", Time since last: 6044900 ns, Reaching safepoint: 173200 ns, At safepoint: 7136700 ns, Total: 7309900 ns
[2020-09-29T10:11:44.262+0000][7792][gc,marking   ] GC(408) Concurrent Clear Claimed Marks
[2020-09-29T10:11:44.262+0000][7792][gc,marking   ] GC(408) Concurrent Clear Claimed Marks 0.430ms
[2020-09-29T10:11:44.263+0000][7792][gc,marking   ] GC(408) Concurrent Scan Root Regions
[2020-09-29T10:11:44.268+0000][7792][gc,marking   ] GC(408) Concurrent Scan Root Regions 5.458ms
[2020-09-29T10:11:44.268+0000][7792][gc,marking   ] GC(408) Concurrent Mark (967.370s)
[2020-09-29T10:11:44.268+0000][7792][gc,marking   ] GC(408) Concurrent Mark From Roots
[2020-09-29T10:11:44.268+0000][7792][gc,task      ] GC(408) Using 2 workers of 2 for marking
[2020-09-29T10:11:44.385+0000][7792][gc,marking   ] GC(408) Concurrent Mark From Roots 116.672ms
[2020-09-29T10:11:44.385+0000][7792][gc,marking   ] GC(408) Concurrent Preclean
[2020-09-29T10:11:44.385+0000][7792][gc,marking   ] GC(408) Concurrent Preclean 0.543ms
[2020-09-29T10:11:44.385+0000][7792][gc,marking   ] GC(408) Concurrent Mark (967.370s, 967.488s) 117.390ms
[2020-09-29T10:11:44.386+0000][7792][gc,start     ] GC(408) Pause Remark
[2020-09-29T10:11:44.392+0000][7792][gc           ] GC(408) Pause Remark 452M->452M(1024M) 6.924ms
[2020-09-29T10:11:44.392+0000][7792][gc,cpu       ] GC(408) User=0.11s Sys=0.00s Real=0.01s
[2020-09-29T10:11:44.392+0000][7792][safepoint    ] Safepoint "G1Concurrent", Time since last: 123539300 ns, Reaching safepoint: 177100 ns, At safepoint: 7195500 ns, Total: 7372600 ns
[2020-09-29T10:11:44.392+0000][7792][gc,marking   ] GC(408) Concurrent Rebuild Remembered Sets
[2020-09-29T10:11:44.465+0000][7792][gc,marking   ] GC(408) Concurrent Rebuild Remembered Sets 72.529ms
[2020-09-29T10:11:44.466+0000][7792][gc,start     ] GC(408) Pause Cleanup
[2020-09-29T10:11:44.466+0000][7792][gc           ] GC(408) Pause Cleanup 524M->524M(1024M) 0.359ms
[2020-09-29T10:11:44.466+0000][7792][gc,cpu       ] GC(408) User=0.00s Sys=0.00s Real=0.00s
[2020-09-29T10:11:44.466+0000][7792][safepoint    ] Safepoint "G1Concurrent", Time since last: 72731700 ns, Reaching safepoint: 231600 ns, At safepoint: 541100 ns, Total: 772700 ns
[2020-09-29T10:11:44.466+0000][7792][gc,marking   ] GC(408) Concurrent Cleanup for Next Mark
[2020-09-29T10:11:44.468+0000][7792][gc,marking   ] GC(408) Concurrent Cleanup for Next Mark 1.468ms
[2020-09-29T10:11:44.468+0000][7792][gc           ] GC(408) Concurrent Cycle 206.042ms
[2020-09-29T10:11:44.481+0000][7792][gc,start     ] GC(409) Pause Young (Concurrent Start) (G1 Humongous Allocation)
[2020-09-29T10:11:44.481+0000][7792][gc,task      ] GC(409) Using 8 workers of 8 for evacuation
[2020-09-29T10:11:44.481+0000][7792][gc,age       ] GC(409) Desired survivor size 33554432 bytes, new threshold 15 (max threshold 15)
[2020-09-29T10:11:44.488+0000][7792][gc,age       ] GC(409) Age table with threshold 15 (max threshold 15)
[2020-09-29T10:11:44.488+0000][7792][gc,age       ] GC(409) - age   1:    3430080 bytes,    3430080 total
[2020-09-29T10:11:44.488+0000][7792][gc,age       ] GC(409) - age   2:     417792 bytes,    3847872 total
[2020-09-29T10:11:44.488+0000][7792][gc,age       ] GC(409) - age   3:     216688 bytes,    4064560 total
[2020-09-29T10:11:44.488+0000][7792][gc,age       ] GC(409) - age   4:     412704 bytes,    4477264 total
[2020-09-29T10:11:44.488+0000][7792][gc,age       ] GC(409) - age   5:      18840 bytes,    4496104 total
[2020-09-29T10:11:44.488+0000][7792][gc,age       ] GC(409) - age   6:      23336 bytes,    4519440 total
[2020-09-29T10:11:44.488+0000][7792][gc,age       ] GC(409) - age   7:      16672 bytes,    4536112 total
[2020-09-29T10:11:44.488+0000][7792][gc,age       ] GC(409) - age   8:    2501560 bytes,    7037672 total
[2020-09-29T10:11:44.488+0000][7792][gc,age       ] GC(409) - age   9:       5056 bytes,    7042728 total
[2020-09-29T10:11:44.488+0000][7792][gc,age       ] GC(409) - age  10:       8448 bytes,    7051176 total
[2020-09-29T10:11:44.488+0000][7792][gc,age       ] GC(409) - age  11:       1952 bytes,    7053128 total
[2020-09-29T10:11:44.488+0000][7792][gc,age       ] GC(409) - age  12:      28160 bytes,    7081288 total
[2020-09-29T10:11:44.488+0000][7792][gc,age       ] GC(409) - age  13:         64 bytes,    7081352 total
[2020-09-29T10:11:44.488+0000][7792][gc,age       ] GC(409) - age  14:       4416 bytes,    7085768 total
[2020-09-29T10:11:44.488+0000][7792][gc,age       ] GC(409) - age  15:       1072 bytes,    7086840 total
[2020-09-29T10:11:44.488+0000][7792][gc,phases    ] GC(409)   Pre Evacuate Collection Set: 0.4ms
[2020-09-29T10:11:44.488+0000][7792][gc,phases    ] GC(409)   Merge Heap Roots: 0.1ms
[2020-09-29T10:11:44.488+0000][7792][gc,phases    ] GC(409)   Evacuate Collection Set: 5.1ms
[2020-09-29T10:11:44.488+0000][7792][gc,phases    ] GC(409)   Post Evacuate Collection Set: 1.2ms
[2020-09-29T10:11:44.488+0000][7792][gc,phases    ] GC(409)   Other: 1.0ms
[2020-09-29T10:11:44.489+0000][7792][gc,heap      ] GC(409) Eden regions: 76->0(497)
[2020-09-29T10:11:44.489+0000][7792][gc,heap      ] GC(409) Survivor regions: 8->8(64)
[2020-09-29T10:11:44.489+0000][7792][gc,heap      ] GC(409) Old regions: 79->79
[2020-09-29T10:11:44.489+0000][7792][gc,heap      ] GC(409) Archive regions: 0->0
[2020-09-29T10:11:44.489+0000][7792][gc,heap      ] GC(409) Humongous regions: 368->174
[2020-09-29T10:11:44.489+0000][7792][gc,metaspace ] GC(409) Metaspace: 90035K(95872K)->90035K(95872K) NonClass: 78755K(82176K)->78755K(82176K) Class: 11279K(13696K)->11279K(13696K)
[2020-09-29T10:11:44.489+0000][7792][gc           ] GC(409) Pause Young (Concurrent Start) (G1 Humongous Allocation) 529M->259M(1024M) 8.214ms
[2020-09-29T10:11:44.489+0000][7792][gc,cpu       ] GC(409) User=0.11s Sys=0.00s Real=0.01s
[2020-09-29T10:11:44.489+0000][7792][gc           ] GC(410) Concurrent Cycle
[2020-09-29T10:11:44.489+0000][7792][safepoint    ] Safepoint "G1TryInitiateConcMark", Time since last: 13950700 ns, Reaching safepoint: 168500 ns, At safepoint: 8418000 ns, Total: 8586500 ns
[2020-09-29T10:11:44.489+0000][7792][gc,marking   ] GC(410) Concurrent Clear Claimed Marks
[2020-09-29T10:11:44.489+0000][7792][gc,marking   ] GC(410) Concurrent Clear Claimed Marks 0.426ms
[2020-09-29T10:11:44.489+0000][7792][gc,marking   ] GC(410) Concurrent Scan Root Regions
[2020-09-29T10:11:44.494+0000][7792][gc,marking   ] GC(410) Concurrent Scan Root Regions 4.505ms
[2020-09-29T10:11:44.494+0000][7792][gc,marking   ] GC(410) Concurrent Mark (967.596s)
[2020-09-29T10:11:44.494+0000][7792][gc,marking   ] GC(410) Concurrent Mark From Roots
[2020-09-29T10:11:44.494+0000][7792][gc,task      ] GC(410) Using 2 workers of 2 for marking
[2020-09-29T10:11:44.621+0000][7792][gc,marking   ] GC(410) Concurrent Mark From Roots 127.019ms
[2020-09-29T10:11:44.622+0000][7792][gc,marking   ] GC(410) Concurrent Preclean
[2020-09-29T10:11:44.622+0000][7792][gc,marking   ] GC(410) Concurrent Preclean 0.586ms
[2020-09-29T10:11:44.622+0000][7792][gc,marking   ] GC(410) Concurrent Mark (967.596s, 967.724s) 127.813ms
[2020-09-29T10:11:44.622+0000][7792][gc,start     ] GC(410) Pause Remark
[2020-09-29T10:11:44.628+0000][7792][gc           ] GC(410) Pause Remark 456M->456M(1024M) 6.706ms
[2020-09-29T10:11:44.628+0000][7792][gc,cpu       ] GC(410) User=0.13s Sys=0.00s Real=0.01s
[2020-09-29T10:11:44.628+0000][7792][safepoint    ] Safepoint "G1Concurrent", Time since last: 133019200 ns, Reaching safepoint: 133700 ns, At safepoint: 6925600 ns, Total: 7059300 ns
[2020-09-29T10:11:44.628+0000][7792][gc,marking   ] GC(410) Concurrent Rebuild Remembered Sets
[2020-09-29T10:11:44.723+0000][7792][gc,marking   ] GC(410) Concurrent Rebuild Remembered Sets 94.055ms
[2020-09-29T10:11:44.723+0000][7792][gc,start     ] GC(410) Pause Cleanup
[2020-09-29T10:11:44.724+0000][7792][gc           ] GC(410) Pause Cleanup 526M->526M(1024M) 0.451ms
[2020-09-29T10:11:44.724+0000][7792][gc,cpu       ] GC(410) User=0.00s Sys=0.00s Real=0.00s
[2020-09-29T10:11:44.724+0000][7792][safepoint    ] Safepoint "G1Concurrent", Time since last: 94264700 ns, Reaching safepoint: 184700 ns, At safepoint: 698200 ns, Total: 882900 ns
[2020-09-29T10:11:44.724+0000][7792][gc,marking   ] GC(410) Concurrent Cleanup for Next Mark
[2020-09-29T10:11:44.726+0000][7792][gc,marking   ] GC(410) Concurrent Cleanup for Next Mark 1.871ms
[2020-09-29T10:11:44.726+0000][7792][gc           ] GC(410) Concurrent Cycle 237.348ms
[2020-09-29T10:11:44.745+0000][7792][gc,start     ] GC(411) Pause Young (Concurrent Start) (G1 Humongous Allocation)
[2020-09-29T10:11:44.745+0000][7792][gc,task      ] GC(411) Using 8 workers of 8 for evacuation
[2020-09-29T10:11:44.745+0000][7792][gc,age       ] GC(411) Desired survivor size 33554432 bytes, new threshold 15 (max threshold 15)
[2020-09-29T10:11:44.753+0000][7792][gc,age       ] GC(411) Age table with threshold 15 (max threshold 15)
[2020-09-29T10:11:44.754+0000][7792][gc,age       ] GC(411) - age   1:    3424632 bytes,    3424632 total
[2020-09-29T10:11:44.754+0000][7792][gc,age       ] GC(411) - age   2:     411152 bytes,    3835784 total
[2020-09-29T10:11:44.754+0000][7792][gc,age       ] GC(411) - age   3:     413112 bytes,    4248896 total
[2020-09-29T10:11:44.754+0000][7792][gc,age       ] GC(411) - age   4:     216496 bytes,    4465392 total
[2020-09-29T10:11:44.754+0000][7792][gc,age       ] GC(411) - age   5:     412296 bytes,    4877688 total
[2020-09-29T10:11:44.754+0000][7792][gc,age       ] GC(411) - age   6:      15832 bytes,    4893520 total
[2020-09-29T10:11:44.754+0000][7792][gc,age       ] GC(411) - age   7:      23336 bytes,    4916856 total
[2020-09-29T10:11:44.754+0000][7792][gc,age       ] GC(411) - age   8:      16616 bytes,    4933472 total
[2020-09-29T10:11:44.754+0000][7792][gc,age       ] GC(411) - age   9:    2500680 bytes,    7434152 total
[2020-09-29T10:11:44.754+0000][7792][gc,age       ] GC(411) - age  10:       5056 bytes,    7439208 total
[2020-09-29T10:11:44.754+0000][7792][gc,age       ] GC(411) - age  11:       8448 bytes,    7447656 total
[2020-09-29T10:11:44.754+0000][7792][gc,age       ] GC(411) - age  12:       1952 bytes,    7449608 total
[2020-09-29T10:11:44.754+0000][7792][gc,age       ] GC(411) - age  13:      28160 bytes,    7477768 total
[2020-09-29T10:11:44.754+0000][7792][gc,age       ] GC(411) - age  14:         64 bytes,    7477832 total
[2020-09-29T10:11:44.754+0000][7792][gc,age       ] GC(411) - age  15:       4416 bytes,    7482248 total
[2020-09-29T10:11:44.754+0000][7792][gc,phases    ] GC(411)   Pre Evacuate Collection Set: 0.5ms
[2020-09-29T10:11:44.754+0000][7792][gc,phases    ] GC(411)   Merge Heap Roots: 0.1ms
[2020-09-29T10:11:44.754+0000][7792][gc,phases    ] GC(411)   Evacuate Collection Set: 6.8ms
[2020-09-29T10:11:44.754+0000][7792][gc,phases    ] GC(411)   Post Evacuate Collection Set: 1.0ms
[2020-09-29T10:11:44.754+0000][7792][gc,phases    ] GC(411)   Other: 1.1ms
[2020-09-29T10:11:44.754+0000][7792][gc,heap      ] GC(411) Eden regions: 76->0(498)
[2020-09-29T10:11:44.755+0000][7792][gc,heap      ] GC(411) Survivor regions: 8->8(64)
[2020-09-29T10:11:44.755+0000][7792][gc,heap      ] GC(411) Old regions: 79->79
[2020-09-29T10:11:44.755+0000][7792][gc,heap      ] GC(411) Archive regions: 0->0
[2020-09-29T10:11:44.755+0000][7792][gc,heap      ] GC(411) Humongous regions: 370->174
[2020-09-29T10:11:44.755+0000][7792][gc,metaspace ] GC(411) Metaspace: 90035K(95872K)->90035K(95872K) NonClass: 78755K(82176K)->78755K(82176K) Class: 11279K(13696K)->11279K(13696K)
[2020-09-29T10:11:44.755+0000][7792][gc           ] GC(411) Pause Young (Concurrent Start) (G1 Humongous Allocation) 531M->260M(1024M) 9.999ms
[2020-09-29T10:11:44.755+0000][7792][gc,cpu       ] GC(411) User=0.09s Sys=0.00s Real=0.01s
[2020-09-29T10:11:44.755+0000][7792][safepoint    ] Safepoint "G1TryInitiateConcMark", Time since last: 20526600 ns, Reaching safepoint: 157200 ns, At safepoint: 10256700 ns, Total: 10413900 ns
[2020-09-29T10:11:44.755+0000][7792][gc           ] GC(412) Concurrent Cycle
[2020-09-29T10:11:44.755+0000][7792][gc,marking   ] GC(412) Concurrent Clear Claimed Marks
[2020-09-29T10:11:44.756+0000][7792][gc,marking   ] GC(412) Concurrent Clear Claimed Marks 0.460ms
[2020-09-29T10:11:44.756+0000][7792][gc,marking   ] GC(412) Concurrent Scan Root Regions
[2020-09-29T10:11:44.762+0000][7792][gc,marking   ] GC(412) Concurrent Scan Root Regions 6.346ms
[2020-09-29T10:11:44.762+0000][7792][gc,marking   ] GC(412) Concurrent Mark (967.864s)
[2020-09-29T10:11:44.762+0000][7792][gc,marking   ] GC(412) Concurrent Mark From Roots
[2020-09-29T10:11:44.762+0000][7792][gc,task      ] GC(412) Using 2 workers of 2 for marking
[2020-09-29T10:11:44.903+0000][7792][gc,marking   ] GC(412) Concurrent Mark From Roots 140.955ms
[2020-09-29T10:11:44.903+0000][7792][gc,marking   ] GC(412) Concurrent Preclean
[2020-09-29T10:11:44.904+0000][7792][gc,marking   ] GC(412) Concurrent Preclean 0.508ms
[2020-09-29T10:11:44.904+0000][7792][gc,marking   ] GC(412) Concurrent Mark (967.864s, 968.006s) 141.622ms
[2020-09-29T10:11:44.904+0000][7792][gc,start     ] GC(412) Pause Remark
[2020-09-29T10:11:44.911+0000][7792][gc           ] GC(412) Pause Remark 445M->445M(1024M) 7.510ms
[2020-09-29T10:11:44.912+0000][7792][gc,cpu       ] GC(412) User=0.11s Sys=0.00s Real=0.01s
[2020-09-29T10:11:44.912+0000][7792][safepoint    ] Safepoint "G1Concurrent", Time since last: 148799600 ns, Reaching safepoint: 147800 ns, At safepoint: 7738400 ns, Total: 7886200 ns
[2020-09-29T10:11:44.912+0000][7792][gc,marking   ] GC(412) Concurrent Rebuild Remembered Sets
[2020-09-29T10:11:44.994+0000][7792][gc,marking   ] GC(412) Concurrent Rebuild Remembered Sets 81.779ms
[2020-09-29T10:11:44.994+0000][7792][gc,start     ] GC(412) Pause Cleanup
[2020-09-29T10:11:44.994+0000][7792][gc           ] GC(412) Pause Cleanup 522M->522M(1024M) 0.289ms
[2020-09-29T10:11:44.994+0000][7792][gc,cpu       ] GC(412) User=0.00s Sys=0.00s Real=0.00s
[2020-09-29T10:11:44.994+0000][7792][safepoint    ] Safepoint "G1Concurrent", Time since last: 81963700 ns, Reaching safepoint: 161200 ns, At safepoint: 444200 ns, Total: 605400 ns
[2020-09-29T10:11:44.994+0000][7792][gc,marking   ] GC(412) Concurrent Cleanup for Next Mark
[2020-09-29T10:11:44.996+0000][7792][gc,marking   ] GC(412) Concurrent Cleanup for Next Mark 1.586ms
[2020-09-29T10:11:44.996+0000][7792][gc           ] GC(412) Concurrent Cycle 240.948ms
[2020-09-29T10:11:45.017+0000][7792][gc,start     ] GC(413) Pause Young (Concurrent Start) (G1 Humongous Allocation)
[2020-09-29T10:11:45.017+0000][7792][gc,task      ] GC(413) Using 8 workers of 8 for evacuation
[2020-09-29T10:11:45.017+0000][7792][gc,age       ] GC(413) Desired survivor size 33554432 bytes, new threshold 15 (max threshold 15)
[2020-09-29T10:11:45.024+0000][7792][gc,age       ] GC(413) Age table with threshold 15 (max threshold 15)
[2020-09-29T10:11:45.024+0000][7792][gc,age       ] GC(413) - age   1:    3495456 bytes,    3495456 total
[2020-09-29T10:11:45.024+0000][7792][gc,age       ] GC(413) - age   2:     404200 bytes,    3899656 total
[2020-09-29T10:11:45.024+0000][7792][gc,age       ] GC(413) - age   3:     408880 bytes,    4308536 total
[2020-09-29T10:11:45.024+0000][7792][gc,age       ] GC(413) - age   4:     412968 bytes,    4721504 total
[2020-09-29T10:11:45.024+0000][7792][gc,age       ] GC(413) - age   5:     215648 bytes,    4937152 total
[2020-09-29T10:11:45.024+0000][7792][gc,age       ] GC(413) - age   6:     412072 bytes,    5349224 total
[2020-09-29T10:11:45.024+0000][7792][gc,age       ] GC(413) - age   7:      15832 bytes,    5365056 total
[2020-09-29T10:11:45.025+0000][7792][gc,age       ] GC(413) - age   8:      23336 bytes,    5388392 total
[2020-09-29T10:11:45.025+0000][7792][gc,age       ] GC(413) - age   9:      16616 bytes,    5405008 total
[2020-09-29T10:11:45.025+0000][7792][gc,age       ] GC(413) - age  10:    2498568 bytes,    7903576 total
[2020-09-29T10:11:45.025+0000][7792][gc,age       ] GC(413) - age  11:       5056 bytes,    7908632 total
[2020-09-29T10:11:45.025+0000][7792][gc,age       ] GC(413) - age  12:       8448 bytes,    7917080 total
[2020-09-29T10:11:45.025+0000][7792][gc,age       ] GC(413) - age  13:       1952 bytes,    7919032 total
[2020-09-29T10:11:45.025+0000][7792][gc,age       ] GC(413) - age  14:      28096 bytes,    7947128 total
[2020-09-29T10:11:45.025+0000][7792][gc,age       ] GC(413) - age  15:         64 bytes,    7947192 total
[2020-09-29T10:11:45.025+0000][7792][gc,phases    ] GC(413)   Pre Evacuate Collection Set: 0.6ms
[2020-09-29T10:11:45.025+0000][7792][gc,phases    ] GC(413)   Merge Heap Roots: 0.1ms
[2020-09-29T10:11:45.025+0000][7792][gc,phases    ] GC(413)   Evacuate Collection Set: 5.4ms
[2020-09-29T10:11:45.025+0000][7792][gc,phases    ] GC(413)   Post Evacuate Collection Set: 1.0ms
[2020-09-29T10:11:45.025+0000][7792][gc,phases    ] GC(413)   Other: 1.1ms
[2020-09-29T10:11:45.025+0000][7792][gc,heap      ] GC(413) Eden regions: 75->0(497)
[2020-09-29T10:11:45.025+0000][7792][gc,heap      ] GC(413) Survivor regions: 8->9(64)
[2020-09-29T10:11:45.025+0000][7792][gc,heap      ] GC(413) Old regions: 79->79
[2020-09-29T10:11:45.025+0000][7792][gc,heap      ] GC(413) Archive regions: 0->0
[2020-09-29T10:11:45.025+0000][7792][gc,heap      ] GC(413) Humongous regions: 368->174
[2020-09-29T10:11:45.025+0000][7792][gc,metaspace ] GC(413) Metaspace: 90035K(95872K)->90035K(95872K) NonClass: 78755K(82176K)->78755K(82176K) Class: 11279K(13696K)->11279K(13696K)
[2020-09-29T10:11:45.025+0000][7792][gc           ] GC(413) Pause Young (Concurrent Start) (G1 Humongous Allocation) 529M->261M(1024M) 8.578ms
[2020-09-29T10:11:45.025+0000][7792][gc,cpu       ] GC(413) User=0.00s Sys=0.00s Real=0.01s
[2020-09-29T10:11:45.025+0000][7792][safepoint    ] Safepoint "G1TryInitiateConcMark", Time since last: 22238100 ns, Reaching safepoint: 195300 ns, At safepoint: 8781400 ns, Total: 8976700 ns
[2020-09-29T10:11:45.025+0000][7792][gc           ] GC(414) Concurrent Cycle
[2020-09-29T10:11:45.026+0000][7792][gc,marking   ] GC(414) Concurrent Clear Claimed Marks
[2020-09-29T10:11:45.026+0000][7792][gc,marking   ] GC(414) Concurrent Clear Claimed Marks 0.355ms
[2020-09-29T10:11:45.026+0000][7792][gc,marking   ] GC(414) Concurrent Scan Root Regions
[2020-09-29T10:11:45.031+0000][7792][gc,marking   ] GC(414) Concurrent Scan Root Regions 5.148ms
[2020-09-29T10:11:45.031+0000][7792][gc,marking   ] GC(414) Concurrent Mark (968.133s)
[2020-09-29T10:11:45.031+0000][7792][gc,marking   ] GC(414) Concurrent Mark From Roots
[2020-09-29T10:11:45.031+0000][7792][gc,task      ] GC(414) Using 2 workers of 2 for marking
[2020-09-29T10:11:45.145+0000][7792][gc,marking   ] GC(414) Concurrent Mark From Roots 113.653ms
[2020-09-29T10:11:45.145+0000][7792][gc,marking   ] GC(414) Concurrent Preclean
[2020-09-29T10:11:45.146+0000][7792][gc,marking   ] GC(414) Concurrent Preclean 0.638ms
[2020-09-29T10:11:45.146+0000][7792][gc,marking   ] GC(414) Concurrent Mark (968.133s, 968.248s) 114.479ms
[2020-09-29T10:11:45.147+0000][7792][gc,start     ] GC(414) Pause Remark
[2020-09-29T10:11:45.155+0000][7792][gc           ] GC(414) Pause Remark 456M->456M(1024M) 7.826ms
[2020-09-29T10:11:45.155+0000][7792][gc,cpu       ] GC(414) User=0.00s Sys=0.00s Real=0.01s
[2020-09-29T10:11:45.155+0000][7792][safepoint    ] Safepoint "G1Concurrent", Time since last: 120399900 ns, Reaching safepoint: 486000 ns, At safepoint: 8126900 ns, Total: 8612900 ns
[2020-09-29T10:11:45.155+0000][7792][gc,marking   ] GC(414) Concurrent Rebuild Remembered Sets
[2020-09-29T10:11:45.235+0000][7792][gc,marking   ] GC(414) Concurrent Rebuild Remembered Sets 79.688ms
[2020-09-29T10:11:45.235+0000][7792][gc,start     ] GC(414) Pause Cleanup
[2020-09-29T10:11:45.235+0000][7792][gc           ] GC(414) Pause Cleanup 529M->529M(1024M) 0.285ms
[2020-09-29T10:11:45.235+0000][7792][gc,cpu       ] GC(414) User=0.00s Sys=0.00s Real=0.00s
[2020-09-29T10:11:45.235+0000][7792][safepoint    ] Safepoint "G1Concurrent", Time since last: 79880600 ns, Reaching safepoint: 160800 ns, At safepoint: 457300 ns, Total: 618100 ns
[2020-09-29T10:11:45.235+0000][7792][gc,marking   ] GC(414) Concurrent Cleanup for Next Mark
[2020-09-29T10:11:45.237+0000][7792][gc,marking   ] GC(414) Concurrent Cleanup for Next Mark 1.682ms
[2020-09-29T10:11:45.237+0000][7792][gc           ] GC(414) Concurrent Cycle 211.341ms
[2020-09-29T10:11:45.239+0000][7792][gc,start     ] GC(415) Pause Young (Concurrent Start) (G1 Humongous Allocation)
[2020-09-29T10:11:45.239+0000][7792][gc,task      ] GC(415) Using 8 workers of 8 for evacuation
[2020-09-29T10:11:45.239+0000][7792][gc,age       ] GC(415) Desired survivor size 33554432 bytes, new threshold 15 (max threshold 15)
[2020-09-29T10:11:45.245+0000][7792][gc,age       ] GC(415) Age table with threshold 15 (max threshold 15)
[2020-09-29T10:11:45.245+0000][7792][gc,age       ] GC(415) - age   1:    3433032 bytes,    3433032 total
[2020-09-29T10:11:45.246+0000][7792][gc,age       ] GC(415) - age   2:     404616 bytes,    3837648 total
[2020-09-29T10:11:45.246+0000][7792][gc,age       ] GC(415) - age   3:     402816 bytes,    4240464 total
[2020-09-29T10:11:45.246+0000][7792][gc,age       ] GC(415) - age   4:     408816 bytes,    4649280 total
[2020-09-29T10:11:45.246+0000][7792][gc,age       ] GC(415) - age   5:     411864 bytes,    5061144 total
[2020-09-29T10:11:45.246+0000][7792][gc,age       ] GC(415) - age   6:     215616 bytes,    5276760 total
[2020-09-29T10:11:45.246+0000][7792][gc,age       ] GC(415) - age   7:     412072 bytes,    5688832 total
[2020-09-29T10:11:45.246+0000][7792][gc,age       ] GC(415) - age   8:      15800 bytes,    5704632 total
[2020-09-29T10:11:45.246+0000][7792][gc,age       ] GC(415) - age   9:      23272 bytes,    5727904 total
[2020-09-29T10:11:45.246+0000][7792][gc,age       ] GC(415) - age  10:      16560 bytes,    5744464 total
[2020-09-29T10:11:45.246+0000][7792][gc,age       ] GC(415) - age  11:    2497144 bytes,    8241608 total
[2020-09-29T10:11:45.246+0000][7792][gc,age       ] GC(415) - age  12:       5056 bytes,    8246664 total
[2020-09-29T10:11:45.246+0000][7792][gc,age       ] GC(415) - age  13:       8448 bytes,    8255112 total
[2020-09-29T10:11:45.246+0000][7792][gc,age       ] GC(415) - age  14:       1952 bytes,    8257064 total
[2020-09-29T10:11:45.246+0000][7792][gc,age       ] GC(415) - age  15:      28096 bytes,    8285160 total
[2020-09-29T10:11:45.246+0000][7792][gc,phases    ] GC(415)   Pre Evacuate Collection Set: 0.4ms
[2020-09-29T10:11:45.246+0000][7792][gc,phases    ] GC(415)   Merge Heap Roots: 0.2ms
[2020-09-29T10:11:45.246+0000][7792][gc,phases    ] GC(415)   Evacuate Collection Set: 5.1ms
[2020-09-29T10:11:45.246+0000][7792][gc,phases    ] GC(415)   Post Evacuate Collection Set: 1.0ms
[2020-09-29T10:11:45.246+0000][7792][gc,phases    ] GC(415)   Other: 0.8ms
[2020-09-29T10:11:45.246+0000][7792][gc,heap      ] GC(415) Eden regions: 76->0(497)
[2020-09-29T10:11:45.246+0000][7792][gc,heap      ] GC(415) Survivor regions: 9->9(64)
[2020-09-29T10:11:45.246+0000][7792][gc,heap      ] GC(415) Old regions: 79->79
[2020-09-29T10:11:45.246+0000][7792][gc,heap      ] GC(415) Archive regions: 0->0
[2020-09-29T10:11:45.246+0000][7792][gc,heap      ] GC(415) Humongous regions: 368->174
[2020-09-29T10:11:45.246+0000][7792][gc,metaspace ] GC(415) Metaspace: 90035K(95872K)->90035K(95872K) NonClass: 78755K(82176K)->78755K(82176K) Class: 11279K(13696K)->11279K(13696K)
[2020-09-29T10:11:45.246+0000][7792][gc           ] GC(415) Pause Young (Concurrent Start) (G1 Humongous Allocation) 530M->261M(1024M) 7.646ms
[2020-09-29T10:11:45.246+0000][7792][gc,cpu       ] GC(415) User=0.00s Sys=0.00s Real=0.01s
[2020-09-29T10:11:45.246+0000][7792][safepoint    ] Safepoint "G1TryInitiateConcMark", Time since last: 3260400 ns, Reaching safepoint: 191500 ns, At safepoint: 7809100 ns, Total: 8000600 ns
[2020-09-29T10:11:45.246+0000][7792][gc           ] GC(416) Concurrent Cycle
[2020-09-29T10:11:45.246+0000][7792][gc,marking   ] GC(416) Concurrent Clear Claimed Marks
[2020-09-29T10:11:45.247+0000][7792][gc,marking   ] GC(416) Concurrent Clear Claimed Marks 0.491ms
[2020-09-29T10:11:45.247+0000][7792][gc,marking   ] GC(416) Concurrent Scan Root Regions
[2020-09-29T10:11:45.252+0000][7792][gc,marking   ] GC(416) Concurrent Scan Root Regions 5.245ms
[2020-09-29T10:11:45.252+0000][7792][gc,marking   ] GC(416) Concurrent Mark (968.354s)
[2020-09-29T10:11:45.252+0000][7792][gc,marking   ] GC(416) Concurrent Mark From Roots
[2020-09-29T10:11:45.252+0000][7792][gc,task      ] GC(416) Using 2 workers of 2 for marking
[2020-09-29T10:11:45.370+0000][7792][gc,marking   ] GC(416) Concurrent Mark From Roots 117.944ms
[2020-09-29T10:11:45.370+0000][7792][gc,marking   ] GC(416) Concurrent Preclean
[2020-09-29T10:11:45.371+0000][7792][gc,marking   ] GC(416) Concurrent Preclean 0.516ms
[2020-09-29T10:11:45.371+0000][7792][gc,marking   ] GC(416) Concurrent Mark (968.354s, 968.473s) 118.635ms
[2020-09-29T10:11:45.371+0000][7792][gc,start     ] GC(416) Pause Remark
[2020-09-29T10:11:45.378+0000][7792][gc           ] GC(416) Pause Remark 458M->458M(1024M) 7.016ms
[2020-09-29T10:11:45.378+0000][7792][gc,cpu       ] GC(416) User=0.11s Sys=0.00s Real=0.01s
[2020-09-29T10:11:45.378+0000][7792][safepoint    ] Safepoint "G1Concurrent", Time since last: 124719200 ns, Reaching safepoint: 168800 ns, At safepoint: 7219700 ns, Total: 7388500 ns
[2020-09-29T10:11:45.379+0000][7792][gc,marking   ] GC(416) Concurrent Rebuild Remembered Sets
[2020-09-29T10:11:45.462+0000][7792][gc,marking   ] GC(416) Concurrent Rebuild Remembered Sets 83.284ms
[2020-09-29T10:11:45.462+0000][7792][gc,start     ] GC(416) Pause Cleanup
[2020-09-29T10:11:45.463+0000][7792][gc           ] GC(416) Pause Cleanup 469M->469M(1024M) 0.454ms
[2020-09-29T10:11:45.463+0000][7792][gc,cpu       ] GC(416) User=0.00s Sys=0.00s Real=0.00s
[2020-09-29T10:11:45.463+0000][7792][safepoint    ] Safepoint "G1Concurrent", Time since last: 83612500 ns, Reaching safepoint: 261000 ns, At safepoint: 744800 ns, Total: 1005800 ns
[2020-09-29T10:11:45.463+0000][7792][gc,marking   ] GC(416) Concurrent Cleanup for Next Mark
[2020-09-29T10:11:45.465+0000][7792][gc,marking   ] GC(416) Concurrent Cleanup for Next Mark 1.981ms
[2020-09-29T10:11:45.465+0000][7792][gc           ] GC(416) Concurrent Cycle 218.928ms
[2020-09-29T10:11:46.532+0000][7792][safepoint    ] Safepoint "Cleanup", Time since last: 1068465300 ns, Reaching safepoint: 257100 ns, At safepoint: 38800 ns, Total: 295900 ns
[2020-09-29T10:11:46.591+0000][7792][gc,start     ] GC(417) Pause Young (Concurrent Start) (G1 Humongous Allocation)
[2020-09-29T10:11:46.591+0000][7792][gc,task      ] GC(417) Using 8 workers of 8 for evacuation
[2020-09-29T10:11:46.591+0000][7792][gc,age       ] GC(417) Desired survivor size 33554432 bytes, new threshold 15 (max threshold 15)
[2020-09-29T10:11:46.596+0000][7792][gc,age       ] GC(417) Age table with threshold 15 (max threshold 15)
[2020-09-29T10:11:46.596+0000][7792][gc,age       ] GC(417) - age   1:    2917560 bytes,    2917560 total
[2020-09-29T10:11:46.596+0000][7792][gc,age       ] GC(417) - age   2:       2720 bytes,    2920280 total
[2020-09-29T10:11:46.596+0000][7792][gc,age       ] GC(417) - age   3:       2144 bytes,    2922424 total
[2020-09-29T10:11:46.596+0000][7792][gc,age       ] GC(417) - age   4:       2064 bytes,    2924488 total
[2020-09-29T10:11:46.596+0000][7792][gc,age       ] GC(417) - age   5:       2008 bytes,    2926496 total
[2020-09-29T10:11:46.596+0000][7792][gc,age       ] GC(417) - age   6:      12504 bytes,    2939000 total
[2020-09-29T10:11:46.596+0000][7792][gc,age       ] GC(417) - age   7:      12512 bytes,    2951512 total
[2020-09-29T10:11:46.596+0000][7792][gc,age       ] GC(417) - age   8:      15512 bytes,    2967024 total
[2020-09-29T10:11:46.596+0000][7792][gc,age       ] GC(417) - age   9:      15424 bytes,    2982448 total
[2020-09-29T10:11:46.596+0000][7792][gc,age       ] GC(417) - age  10:      22856 bytes,    3005304 total
[2020-09-29T10:11:46.596+0000][7792][gc,age       ] GC(417) - age  11:      16528 bytes,    3021832 total
[2020-09-29T10:11:46.596+0000][7792][gc,age       ] GC(417) - age  12:    2495256 bytes,    5517088 total
[2020-09-29T10:11:46.596+0000][7792][gc,age       ] GC(417) - age  13:       5056 bytes,    5522144 total
[2020-09-29T10:11:46.596+0000][7792][gc,age       ] GC(417) - age  14:       8416 bytes,    5530560 total
[2020-09-29T10:11:46.596+0000][7792][gc,age       ] GC(417) - age  15:       1920 bytes,    5532480 total
[2020-09-29T10:11:46.596+0000][7792][gc,phases    ] GC(417)   Pre Evacuate Collection Set: 0.4ms
[2020-09-29T10:11:46.596+0000][7792][gc,phases    ] GC(417)   Merge Heap Roots: 0.1ms
[2020-09-29T10:11:46.596+0000][7792][gc,phases    ] GC(417)   Evacuate Collection Set: 3.0ms
[2020-09-29T10:11:46.596+0000][7792][gc,phases    ] GC(417)   Post Evacuate Collection Set: 1.0ms
[2020-09-29T10:11:46.596+0000][7792][gc,phases    ] GC(417)   Other: 1.1ms
[2020-09-29T10:11:46.597+0000][7792][gc,heap      ] GC(417) Eden regions: 77->0(500)
[2020-09-29T10:11:46.597+0000][7792][gc,heap      ] GC(417) Survivor regions: 9->6(64)
[2020-09-29T10:11:46.597+0000][7792][gc,heap      ] GC(417) Old regions: 79->79
[2020-09-29T10:11:46.597+0000][7792][gc,heap      ] GC(417) Archive regions: 0->0
[2020-09-29T10:11:46.597+0000][7792][gc,heap      ] GC(417) Humongous regions: 322->174
[2020-09-29T10:11:46.597+0000][7792][gc,metaspace ] GC(417) Metaspace: 90066K(95872K)->90066K(95872K) NonClass: 78786K(82176K)->78786K(82176K) Class: 11279K(13696K)->11279K(13696K)
[2020-09-29T10:11:46.597+0000][7792][gc           ] GC(417) Pause Young (Concurrent Start) (G1 Humongous Allocation) 486M->258M(1024M) 6.063ms
[2020-09-29T10:11:46.597+0000][7792][gc,cpu       ] GC(417) User=0.11s Sys=0.00s Real=0.01s
[2020-09-29T10:11:46.597+0000][7792][gc           ] GC(418) Concurrent Cycle
[2020-09-29T10:11:46.597+0000][7792][safepoint    ] Safepoint "G1TryInitiateConcMark", Time since last: 58657400 ns, Reaching safepoint: 175400 ns, At safepoint: 6272100 ns, Total: 6447500 ns
[2020-09-29T10:11:46.597+0000][7792][gc,marking   ] GC(418) Concurrent Clear Claimed Marks
[2020-09-29T10:11:46.598+0000][7792][gc,marking   ] GC(418) Concurrent Clear Claimed Marks 0.540ms
[2020-09-29T10:11:46.598+0000][7792][gc,marking   ] GC(418) Concurrent Scan Root Regions
[2020-09-29T10:11:46.603+0000][7792][gc,marking   ] GC(418) Concurrent Scan Root Regions 5.145ms
[2020-09-29T10:11:46.603+0000][7792][gc,marking   ] GC(418) Concurrent Mark (969.705s)
[2020-09-29T10:11:46.603+0000][7792][gc,marking   ] GC(418) Concurrent Mark From Roots
[2020-09-29T10:11:46.603+0000][7792][gc,task      ] GC(418) Using 2 workers of 2 for marking
[2020-09-29T10:11:46.700+0000][7792][gc,marking   ] GC(418) Concurrent Mark From Roots 97.798ms
[2020-09-29T10:11:46.701+0000][7792][gc,marking   ] GC(418) Concurrent Preclean
[2020-09-29T10:11:46.701+0000][7792][gc,marking   ] GC(418) Concurrent Preclean 0.371ms
[2020-09-29T10:11:46.701+0000][7792][gc,marking   ] GC(418) Concurrent Mark (969.705s, 969.803s) 98.326ms
[2020-09-29T10:11:46.701+0000][7792][gc,start     ] GC(418) Pause Remark
[2020-09-29T10:11:46.707+0000][7792][gc           ] GC(418) Pause Remark 402M->402M(1024M) 6.173ms
[2020-09-29T10:11:46.707+0000][7792][gc,cpu       ] GC(418) User=0.11s Sys=0.00s Real=0.01s
[2020-09-29T10:11:46.707+0000][7792][safepoint    ] Safepoint "G1Concurrent", Time since last: 104314100 ns, Reaching safepoint: 118000 ns, At safepoint: 6362800 ns, Total: 6480800 ns
[2020-09-29T10:11:46.708+0000][7792][gc,marking   ] GC(418) Concurrent Rebuild Remembered Sets
[2020-09-29T10:11:46.767+0000][7792][gc,marking   ] GC(418) Concurrent Rebuild Remembered Sets 59.175ms
[2020-09-29T10:11:46.767+0000][7792][gc,start     ] GC(418) Pause Cleanup
[2020-09-29T10:11:46.767+0000][7792][gc           ] GC(418) Pause Cleanup 402M->402M(1024M) 0.340ms
[2020-09-29T10:11:46.767+0000][7792][gc,cpu       ] GC(418) User=0.00s Sys=0.00s Real=0.00s
[2020-09-29T10:11:46.767+0000][7792][safepoint    ] Safepoint "G1Concurrent", Time since last: 59369200 ns, Reaching safepoint: 140000 ns, At safepoint: 499800 ns, Total: 639800 ns
[2020-09-29T10:11:46.767+0000][7792][gc,marking   ] GC(418) Concurrent Cleanup for Next Mark
[2020-09-29T10:11:46.770+0000][7792][gc,marking   ] GC(418) Concurrent Cleanup for Next Mark 1.619ms
[2020-09-29T10:11:46.770+0000][7792][gc           ] GC(418) Concurrent Cycle 172.664ms
[2020-09-29T10:11:47.285+0000][7792][gc,start     ] GC(419) Pause Young (Concurrent Start) (G1 Humongous Allocation)
[2020-09-29T10:11:47.285+0000][7792][gc,task      ] GC(419) Using 8 workers of 8 for evacuation
[2020-09-29T10:11:47.285+0000][7792][gc,age       ] GC(419) Desired survivor size 33554432 bytes, new threshold 15 (max threshold 15)
[2020-09-29T10:11:47.292+0000][7792][gc,age       ] GC(419) Age table with threshold 15 (max threshold 15)
[2020-09-29T10:11:47.292+0000][7792][gc,age       ] GC(419) - age   1:    8275528 bytes,    8275528 total
[2020-09-29T10:11:47.292+0000][7792][gc,age       ] GC(419) - age   2:     115136 bytes,    8390664 total
[2020-09-29T10:11:47.292+0000][7792][gc,age       ] GC(419) - age   3:       1976 bytes,    8392640 total
[2020-09-29T10:11:47.292+0000][7792][gc,age       ] GC(419) - age   4:       1536 bytes,    8394176 total
[2020-09-29T10:11:47.292+0000][7792][gc,age       ] GC(419) - age   5:       1968 bytes,    8396144 total
[2020-09-29T10:11:47.292+0000][7792][gc,age       ] GC(419) - age   6:       1720 bytes,    8397864 total
[2020-09-29T10:11:47.292+0000][7792][gc,age       ] GC(419) - age   7:      12352 bytes,    8410216 total
[2020-09-29T10:11:47.292+0000][7792][gc,age       ] GC(419) - age   8:      12416 bytes,    8422632 total
[2020-09-29T10:11:47.292+0000][7792][gc,age       ] GC(419) - age   9:      15448 bytes,    8438080 total
[2020-09-29T10:11:47.292+0000][7792][gc,age       ] GC(419) - age  10:      15224 bytes,    8453304 total
[2020-09-29T10:11:47.292+0000][7792][gc,age       ] GC(419) - age  11:      22856 bytes,    8476160 total
[2020-09-29T10:11:47.292+0000][7792][gc,age       ] GC(419) - age  12:      16224 bytes,    8492384 total
[2020-09-29T10:11:47.292+0000][7792][gc,age       ] GC(419) - age  13:    2494992 bytes,   10987376 total
[2020-09-29T10:11:47.292+0000][7792][gc,age       ] GC(419) - age  14:       5056 bytes,   10992432 total
[2020-09-29T10:11:47.292+0000][7792][gc,age       ] GC(419) - age  15:       8416 bytes,   11000848 total
[2020-09-29T10:11:47.292+0000][7792][gc,phases    ] GC(419)   Pre Evacuate Collection Set: 0.5ms
[2020-09-29T10:11:47.292+0000][7792][gc,phases    ] GC(419)   Merge Heap Roots: 0.1ms
[2020-09-29T10:11:47.292+0000][7792][gc,phases    ] GC(419)   Evacuate Collection Set: 4.4ms
[2020-09-29T10:11:47.292+0000][7792][gc,phases    ] GC(419)   Post Evacuate Collection Set: 0.9ms
[2020-09-29T10:11:47.293+0000][7792][gc,phases    ] GC(419)   Other: 1.1ms
[2020-09-29T10:11:47.293+0000][7792][gc,heap      ] GC(419) Eden regions: 53->0(489)
[2020-09-29T10:11:47.293+0000][7792][gc,heap      ] GC(419) Survivor regions: 6->12(64)
[2020-09-29T10:11:47.293+0000][7792][gc,heap      ] GC(419) Old regions: 79->79
[2020-09-29T10:11:47.293+0000][7792][gc,heap      ] GC(419) Archive regions: 0->0
[2020-09-29T10:11:47.293+0000][7792][gc,heap      ] GC(419) Humongous regions: 282->174
[2020-09-29T10:11:47.293+0000][7792][gc,metaspace ] GC(419) Metaspace: 90068K(95872K)->90068K(95872K) NonClass: 78788K(82176K)->78788K(82176K) Class: 11279K(13696K)->11279K(13696K)
[2020-09-29T10:11:47.293+0000][7792][gc           ] GC(419) Pause Young (Concurrent Start) (G1 Humongous Allocation) 419M->263M(1024M) 7.556ms
[2020-09-29T10:11:47.293+0000][7792][gc,cpu       ] GC(419) User=0.00s Sys=0.00s Real=0.01s
[2020-09-29T10:11:47.293+0000][7792][gc           ] GC(420) Concurrent Cycle
[2020-09-29T10:11:47.293+0000][7792][safepoint    ] Safepoint "G1TryInitiateConcMark", Time since last: 517756500 ns, Reaching safepoint: 159600 ns, At safepoint: 7815800 ns, Total: 7975400 ns
[2020-09-29T10:11:47.293+0000][7792][gc,marking   ] GC(420) Concurrent Clear Claimed Marks
[2020-09-29T10:11:47.294+0000][7792][gc,marking   ] GC(420) Concurrent Clear Claimed Marks 0.600ms
[2020-09-29T10:11:47.294+0000][7792][gc,marking   ] GC(420) Concurrent Scan Root Regions
[2020-09-29T10:11:47.300+0000][7792][gc,marking   ] GC(420) Concurrent Scan Root Regions 6.164ms
[2020-09-29T10:11:47.300+0000][7792][gc,marking   ] GC(420) Concurrent Mark (970.403s)
[2020-09-29T10:11:47.300+0000][7792][gc,marking   ] GC(420) Concurrent Mark From Roots
[2020-09-29T10:11:47.300+0000][7792][gc,task      ] GC(420) Using 2 workers of 2 for marking
[2020-09-29T10:11:47.471+0000][7792][gc,marking   ] GC(420) Concurrent Mark From Roots 170.867ms
[2020-09-29T10:11:47.472+0000][7792][gc,marking   ] GC(420) Concurrent Preclean
[2020-09-29T10:11:47.472+0000][7792][gc,marking   ] GC(420) Concurrent Preclean 0.584ms
[2020-09-29T10:11:47.472+0000][7792][gc,marking   ] GC(420) Concurrent Mark (970.403s, 970.574s) 171.695ms
[2020-09-29T10:11:47.472+0000][7792][gc,start     ] GC(420) Pause Remark
[2020-09-29T10:11:47.481+0000][7792][gc           ] GC(420) Pause Remark 599M->599M(1024M) 8.422ms
[2020-09-29T10:11:47.481+0000][7792][gc,cpu       ] GC(420) User=0.00s Sys=0.00s Real=0.01s
[2020-09-29T10:11:47.481+0000][7792][safepoint    ] Safepoint "G1Concurrent", Time since last: 178821600 ns, Reaching safepoint: 158600 ns, At safepoint: 8677700 ns, Total: 8836300 ns
[2020-09-29T10:11:47.481+0000][7792][gc,marking   ] GC(420) Concurrent Rebuild Remembered Sets
[2020-09-29T10:11:47.584+0000][7792][gc,marking   ] GC(420) Concurrent Rebuild Remembered Sets 102.647ms
[2020-09-29T10:11:47.584+0000][7792][gc,start     ] GC(420) Pause Cleanup
[2020-09-29T10:11:47.585+0000][7792][gc           ] GC(420) Pause Cleanup 599M->599M(1024M) 0.456ms
[2020-09-29T10:11:47.585+0000][7792][gc,cpu       ] GC(420) User=0.00s Sys=0.00s Real=0.00s
[2020-09-29T10:11:47.585+0000][7792][safepoint    ] Safepoint "G1Concurrent", Time since last: 102886700 ns, Reaching safepoint: 208500 ns, At safepoint: 690900 ns, Total: 899400 ns
[2020-09-29T10:11:47.585+0000][7792][gc,marking   ] GC(420) Concurrent Cleanup for Next Mark
[2020-09-29T10:11:47.587+0000][7792][gc,marking   ] GC(420) Concurrent Cleanup for Next Mark 1.843ms
[2020-09-29T10:11:47.587+0000][7792][gc           ] GC(420) Concurrent Cycle 293.584ms
[2020-09-29T10:11:47.709+0000][7792][gc,start     ] GC(421) Pause Young (Concurrent Start) (G1 Humongous Allocation)
[2020-09-29T10:11:47.709+0000][7792][gc,task      ] GC(421) Using 8 workers of 8 for evacuation
[2020-09-29T10:11:47.709+0000][7792][gc,age       ] GC(421) Desired survivor size 33030144 bytes, new threshold 15 (max threshold 15)
[2020-09-29T10:11:47.719+0000][7792][gc,age       ] GC(421) Age table with threshold 15 (max threshold 15)
[2020-09-29T10:11:47.719+0000][7792][gc,age       ] GC(421) - age   1:   13367456 bytes,   13367456 total
[2020-09-29T10:11:47.719+0000][7792][gc,age       ] GC(421) - age   2:      16704 bytes,   13384160 total
[2020-09-29T10:11:47.719+0000][7792][gc,age       ] GC(421) - age   3:     105704 bytes,   13489864 total
[2020-09-29T10:11:47.719+0000][7792][gc,age       ] GC(421) - age   4:       1912 bytes,   13491776 total
[2020-09-29T10:11:47.719+0000][7792][gc,age       ] GC(421) - age   5:       1504 bytes,   13493280 total
[2020-09-29T10:11:47.719+0000][7792][gc,age       ] GC(421) - age   6:       1968 bytes,   13495248 total
[2020-09-29T10:11:47.719+0000][7792][gc,age       ] GC(421) - age   7:       1720 bytes,   13496968 total
[2020-09-29T10:11:47.719+0000][7792][gc,age       ] GC(421) - age   8:      12352 bytes,   13509320 total
[2020-09-29T10:11:47.719+0000][7792][gc,age       ] GC(421) - age   9:      12416 bytes,   13521736 total
[2020-09-29T10:11:47.719+0000][7792][gc,age       ] GC(421) - age  10:      15448 bytes,   13537184 total
[2020-09-29T10:11:47.719+0000][7792][gc,age       ] GC(421) - age  11:      15224 bytes,   13552408 total
[2020-09-29T10:11:47.719+0000][7792][gc,age       ] GC(421) - age  12:      22856 bytes,   13575264 total
[2020-09-29T10:11:47.719+0000][7792][gc,age       ] GC(421) - age  13:      16192 bytes,   13591456 total
[2020-09-29T10:11:47.719+0000][7792][gc,age       ] GC(421) - age  14:    2493936 bytes,   16085392 total
[2020-09-29T10:11:47.719+0000][7792][gc,age       ] GC(421) - age  15:       5056 bytes,   16090448 total
[2020-09-29T10:11:47.720+0000][7792][gc,phases    ] GC(421)   Pre Evacuate Collection Set: 0.6ms
[2020-09-29T10:11:47.720+0000][7792][gc,phases    ] GC(421)   Merge Heap Roots: 0.1ms
[2020-09-29T10:11:47.720+0000][7792][gc,phases    ] GC(421)   Evacuate Collection Set: 7.5ms
[2020-09-29T10:11:47.720+0000][7792][gc,phases    ] GC(421)   Post Evacuate Collection Set: 1.3ms
[2020-09-29T10:11:47.720+0000][7792][gc,phases    ] GC(421)   Other: 1.3ms
[2020-09-29T10:11:47.720+0000][7792][gc,heap      ] GC(421) Eden regions: 104->0(476)
[2020-09-29T10:11:47.720+0000][7792][gc,heap      ] GC(421) Survivor regions: 12->17(63)
[2020-09-29T10:11:47.720+0000][7792][gc,heap      ] GC(421) Old regions: 79->79
[2020-09-29T10:11:47.720+0000][7792][gc,heap      ] GC(421) Archive regions: 0->0
[2020-09-29T10:11:47.720+0000][7792][gc,heap      ] GC(421) Humongous regions: 430->174
[2020-09-29T10:11:47.720+0000][7792][gc,metaspace ] GC(421) Metaspace: 90072K(95872K)->90072K(95872K) NonClass: 78792K(82176K)->78792K(82176K) Class: 11279K(13696K)->11279K(13696K)
[2020-09-29T10:11:47.720+0000][7792][gc           ] GC(421) Pause Young (Concurrent Start) (G1 Humongous Allocation) 623M->269M(1024M) 11.355ms
[2020-09-29T10:11:47.720+0000][7792][gc,cpu       ] GC(421) User=0.02s Sys=0.00s Real=0.01s
[2020-09-29T10:11:47.720+0000][7792][gc           ] GC(422) Concurrent Cycle
[2020-09-29T10:11:47.720+0000][7792][gc,marking   ] GC(422) Concurrent Clear Claimed Marks
[2020-09-29T10:11:47.720+0000][7792][safepoint    ] Safepoint "G1TryInitiateConcMark", Time since last: 123726100 ns, Reaching safepoint: 283400 ns, At safepoint: 11694100 ns, Total: 11977500 ns
[2020-09-29T10:11:47.721+0000][7792][gc,marking   ] GC(422) Concurrent Clear Claimed Marks 0.442ms
[2020-09-29T10:11:47.721+0000][7792][gc,marking   ] GC(422) Concurrent Scan Root Regions
[2020-09-29T10:11:47.727+0000][7792][gc,marking   ] GC(422) Concurrent Scan Root Regions 5.877ms
[2020-09-29T10:11:47.727+0000][7792][gc,marking   ] GC(422) Concurrent Mark (970.829s)
[2020-09-29T10:11:47.727+0000][7792][gc,marking   ] GC(422) Concurrent Mark From Roots
[2020-09-29T10:11:47.727+0000][7792][gc,task      ] GC(422) Using 2 workers of 2 for marking
[2020-09-29T10:11:47.898+0000][7792][gc,marking   ] GC(422) Concurrent Mark From Roots 170.793ms
[2020-09-29T10:11:47.898+0000][7792][gc,marking   ] GC(422) Concurrent Preclean
[2020-09-29T10:11:47.899+0000][7792][gc,marking   ] GC(422) Concurrent Preclean 0.595ms
[2020-09-29T10:11:47.899+0000][7792][gc,marking   ] GC(422) Concurrent Mark (970.829s, 971.001s) 171.587ms
[2020-09-29T10:11:47.899+0000][7792][gc,start     ] GC(422) Pause Remark
[2020-09-29T10:11:47.907+0000][7792][gc           ] GC(422) Pause Remark 586M->586M(1024M) 7.466ms
[2020-09-29T10:11:47.907+0000][7792][gc,cpu       ] GC(422) User=0.11s Sys=0.00s Real=0.01s
[2020-09-29T10:11:47.907+0000][7792][safepoint    ] Safepoint "G1Concurrent", Time since last: 178057600 ns, Reaching safepoint: 176700 ns, At safepoint: 7860900 ns, Total: 8037600 ns
[2020-09-29T10:11:47.907+0000][7792][gc,marking   ] GC(422) Concurrent Rebuild Remembered Sets
[2020-09-29T10:11:48.004+0000][7792][gc,marking   ] GC(422) Concurrent Rebuild Remembered Sets 97.294ms
[2020-09-29T10:11:48.005+0000][7792][gc,start     ] GC(422) Pause Cleanup
[2020-09-29T10:11:48.005+0000][7792][gc           ] GC(422) Pause Cleanup 596M->596M(1024M) 0.414ms
[2020-09-29T10:11:48.005+0000][7792][gc,cpu       ] GC(422) User=0.00s Sys=0.00s Real=0.00s
[2020-09-29T10:11:48.005+0000][7792][safepoint    ] Safepoint "G1Concurrent", Time since last: 97502000 ns, Reaching safepoint: 149600 ns, At safepoint: 605500 ns, Total: 755100 ns
[2020-09-29T10:11:48.005+0000][7792][gc,marking   ] GC(422) Concurrent Cleanup for Next Mark
[2020-09-29T10:11:48.007+0000][7792][gc,marking   ] GC(422) Concurrent Cleanup for Next Mark 1.612ms
[2020-09-29T10:11:48.007+0000][7792][gc           ] GC(422) Concurrent Cycle 286.308ms
[2020-09-29T10:11:48.022+0000][7792][gc,start     ] GC(423) Pause Young (Concurrent Start) (G1 Humongous Allocation)
[2020-09-29T10:11:48.023+0000][7792][gc,task      ] GC(423) Using 8 workers of 8 for evacuation
[2020-09-29T10:11:48.023+0000][7792][gc,age       ] GC(423) Desired survivor size 32505856 bytes, new threshold 15 (max threshold 15)
[2020-09-29T10:11:48.029+0000][7792][gc,age       ] GC(423) Age table with threshold 15 (max threshold 15)
[2020-09-29T10:11:48.029+0000][7792][gc,age       ] GC(423) - age   1:    3929008 bytes,    3929008 total
[2020-09-29T10:11:48.029+0000][7792][gc,age       ] GC(423) - age   2:       8112 bytes,    3937120 total
[2020-09-29T10:11:48.029+0000][7792][gc,age       ] GC(423) - age   3:      16208 bytes,    3953328 total
[2020-09-29T10:11:48.029+0000][7792][gc,age       ] GC(423) - age   4:     105648 bytes,    4058976 total
[2020-09-29T10:11:48.029+0000][7792][gc,age       ] GC(423) - age   5:       1912 bytes,    4060888 total
[2020-09-29T10:11:48.029+0000][7792][gc,age       ] GC(423) - age   6:       1408 bytes,    4062296 total
[2020-09-29T10:11:48.029+0000][7792][gc,age       ] GC(423) - age   7:       1776 bytes,    4064072 total
[2020-09-29T10:11:48.030+0000][7792][gc,age       ] GC(423) - age   8:       1720 bytes,    4065792 total
[2020-09-29T10:11:48.030+0000][7792][gc,age       ] GC(423) - age   9:      12352 bytes,    4078144 total
[2020-09-29T10:11:48.030+0000][7792][gc,age       ] GC(423) - age  10:      12416 bytes,    4090560 total
[2020-09-29T10:11:48.030+0000][7792][gc,age       ] GC(423) - age  11:      15448 bytes,    4106008 total
[2020-09-29T10:11:48.030+0000][7792][gc,age       ] GC(423) - age  12:      15224 bytes,    4121232 total
[2020-09-29T10:11:48.030+0000][7792][gc,age       ] GC(423) - age  13:      22856 bytes,    4144088 total
[2020-09-29T10:11:48.030+0000][7792][gc,age       ] GC(423) - age  14:      16192 bytes,    4160280 total
[2020-09-29T10:11:48.030+0000][7792][gc,age       ] GC(423) - age  15:    2493616 bytes,    6653896 total
[2020-09-29T10:11:48.030+0000][7792][gc,phases    ] GC(423)   Pre Evacuate Collection Set: 0.5ms
[2020-09-29T10:11:48.030+0000][7792][gc,phases    ] GC(423)   Merge Heap Roots: 0.1ms
[2020-09-29T10:11:48.030+0000][7792][gc,phases    ] GC(423)   Evacuate Collection Set: 4.5ms
[2020-09-29T10:11:48.030+0000][7792][gc,phases    ] GC(423)   Post Evacuate Collection Set: 1.2ms
[2020-09-29T10:11:48.030+0000][7792][gc,phases    ] GC(423)   Other: 1.4ms
[2020-09-29T10:11:48.030+0000][7792][gc,heap      ] GC(423) Eden regions: 77->0(488)
[2020-09-29T10:11:48.031+0000][7792][gc,heap      ] GC(423) Survivor regions: 17->8(62)
[2020-09-29T10:11:48.031+0000][7792][gc,heap      ] GC(423) Old regions: 79->79
[2020-09-29T10:11:48.031+0000][7792][gc,heap      ] GC(423) Archive regions: 0->0
[2020-09-29T10:11:48.031+0000][7792][gc,heap      ] GC(423) Humongous regions: 430->174
[2020-09-29T10:11:48.031+0000][7792][gc,metaspace ] GC(423) Metaspace: 90072K(95872K)->90072K(95872K) NonClass: 78792K(82176K)->78792K(82176K) Class: 11279K(13696K)->11279K(13696K)
[2020-09-29T10:11:48.031+0000][7792][gc           ] GC(423) Pause Young (Concurrent Start) (G1 Humongous Allocation) 601M->260M(1024M) 8.343ms
[2020-09-29T10:11:48.031+0000][7792][gc,cpu       ] GC(423) User=0.03s Sys=0.00s Real=0.01s
[2020-09-29T10:11:48.031+0000][7792][safepoint    ] Safepoint "G1TryInitiateConcMark", Time since last: 16879700 ns, Reaching safepoint: 248300 ns, At safepoint: 8636800 ns, Total: 8885100 ns
[2020-09-29T10:11:48.031+0000][7792][gc           ] GC(424) Concurrent Cycle
[2020-09-29T10:11:48.031+0000][7792][gc,marking   ] GC(424) Concurrent Clear Claimed Marks
[2020-09-29T10:11:48.032+0000][7792][gc,marking   ] GC(424) Concurrent Clear Claimed Marks 0.535ms
[2020-09-29T10:11:48.032+0000][7792][gc,marking   ] GC(424) Concurrent Scan Root Regions
[2020-09-29T10:11:48.038+0000][7792][gc,marking   ] GC(424) Concurrent Scan Root Regions 6.023ms
[2020-09-29T10:11:48.038+0000][7792][gc,marking   ] GC(424) Concurrent Mark (971.140s)
[2020-09-29T10:11:48.038+0000][7792][gc,marking   ] GC(424) Concurrent Mark From Roots
[2020-09-29T10:11:48.038+0000][7792][gc,task      ] GC(424) Using 2 workers of 2 for marking
[2020-09-29T10:11:48.223+0000][7792][gc,marking   ] GC(424) Concurrent Mark From Roots 185.188ms
[2020-09-29T10:11:48.223+0000][7792][gc,marking   ] GC(424) Concurrent Preclean
[2020-09-29T10:11:48.224+0000][7792][gc,marking   ] GC(424) Concurrent Preclean 0.643ms
[2020-09-29T10:11:48.224+0000][7792][gc,marking   ] GC(424) Concurrent Mark (971.140s, 971.326s) 186.077ms
[2020-09-29T10:11:48.224+0000][7792][gc,start     ] GC(424) Pause Remark
[2020-09-29T10:11:48.232+0000][7792][gc           ] GC(424) Pause Remark 399M->399M(1024M) 8.217ms
[2020-09-29T10:11:48.232+0000][7792][gc,cpu       ] GC(424) User=0.00s Sys=0.00s Real=0.01s
[2020-09-29T10:11:48.232+0000][7792][safepoint    ] Safepoint "G1Concurrent", Time since last: 192992000 ns, Reaching safepoint: 174300 ns, At safepoint: 8548700 ns, Total: 8723000 ns
[2020-09-29T10:11:48.233+0000][7792][gc,marking   ] GC(424) Concurrent Rebuild Remembered Sets
[2020-09-29T10:11:48.339+0000][7792][gc,marking   ] GC(424) Concurrent Rebuild Remembered Sets 106.190ms
[2020-09-29T10:11:48.339+0000][7792][gc,start     ] GC(424) Pause Cleanup
[2020-09-29T10:11:48.339+0000][7792][gc           ] GC(424) Pause Cleanup 531M->531M(1024M) 0.425ms
[2020-09-29T10:11:48.340+0000][7792][gc,cpu       ] GC(424) User=0.00s Sys=0.00s Real=0.00s
[2020-09-29T10:11:48.340+0000][7792][safepoint    ] Safepoint "G1Concurrent", Time since last: 106411400 ns, Reaching safepoint: 171100 ns, At safepoint: 950100 ns, Total: 1121200 ns
[2020-09-29T10:11:48.340+0000][7792][gc,marking   ] GC(424) Concurrent Cleanup for Next Mark
[2020-09-29T10:11:48.342+0000][7792][gc,marking   ] GC(424) Concurrent Cleanup for Next Mark 1.888ms
[2020-09-29T10:11:48.342+0000][7792][gc           ] GC(424) Concurrent Cycle 311.448ms
[2020-09-29T10:11:48.416+0000][7792][gc,start     ] GC(425) Pause Young (Concurrent Start) (G1 Humongous Allocation)
[2020-09-29T10:11:48.416+0000][7792][gc,task      ] GC(425) Using 8 workers of 8 for evacuation
[2020-09-29T10:11:48.416+0000][7792][gc,age       ] GC(425) Desired survivor size 32505856 bytes, new threshold 15 (max threshold 15)
[2020-09-29T10:11:48.423+0000][7792][gc,age       ] GC(425) Age table with threshold 15 (max threshold 15)
[2020-09-29T10:11:48.423+0000][7792][gc,age       ] GC(425) - age   1:    3622272 bytes,    3622272 total
[2020-09-29T10:11:48.424+0000][7792][gc,age       ] GC(425) - age   2:     202816 bytes,    3825088 total
[2020-09-29T10:11:48.424+0000][7792][gc,age       ] GC(425) - age   3:       3944 bytes,    3829032 total
[2020-09-29T10:11:48.424+0000][7792][gc,age       ] GC(425) - age   4:      15128 bytes,    3844160 total
[2020-09-29T10:11:48.424+0000][7792][gc,age       ] GC(425) - age   5:     105488 bytes,    3949648 total
[2020-09-29T10:11:48.424+0000][7792][gc,age       ] GC(425) - age   6:       1560 bytes,    3951208 total
[2020-09-29T10:11:48.424+0000][7792][gc,age       ] GC(425) - age   7:        992 bytes,    3952200 total
[2020-09-29T10:11:48.424+0000][7792][gc,age       ] GC(425) - age   8:       1616 bytes,    3953816 total
[2020-09-29T10:11:48.424+0000][7792][gc,age       ] GC(425) - age   9:       1656 bytes,    3955472 total
[2020-09-29T10:11:48.424+0000][7792][gc,age       ] GC(425) - age  10:      12224 bytes,    3967696 total
[2020-09-29T10:11:48.424+0000][7792][gc,age       ] GC(425) - age  11:      12352 bytes,    3980048 total
[2020-09-29T10:11:48.424+0000][7792][gc,age       ] GC(425) - age  12:      15448 bytes,    3995496 total
[2020-09-29T10:11:48.424+0000][7792][gc,age       ] GC(425) - age  13:      14888 bytes,    4010384 total
[2020-09-29T10:11:48.424+0000][7792][gc,age       ] GC(425) - age  14:      22856 bytes,    4033240 total
[2020-09-29T10:11:48.424+0000][7792][gc,age       ] GC(425) - age  15:      16128 bytes,    4049368 total
[2020-09-29T10:11:48.424+0000][7792][gc,phases    ] GC(425)   Pre Evacuate Collection Set: 0.4ms
[2020-09-29T10:11:48.424+0000][7792][gc,phases    ] GC(425)   Merge Heap Roots: 0.1ms
[2020-09-29T10:11:48.424+0000][7792][gc,phases    ] GC(425)   Evacuate Collection Set: 5.4ms
[2020-09-29T10:11:48.424+0000][7792][gc,phases    ] GC(425)   Post Evacuate Collection Set: 1.2ms
[2020-09-29T10:11:48.424+0000][7792][gc,phases    ] GC(425)   Other: 1.3ms
[2020-09-29T10:11:48.424+0000][7792][gc,heap      ] GC(425) Eden regions: 80->0(490)
[2020-09-29T10:11:48.425+0000][7792][gc,heap      ] GC(425) Survivor regions: 8->5(62)
[2020-09-29T10:11:48.425+0000][7792][gc,heap      ] GC(425) Old regions: 79->82
[2020-09-29T10:11:48.425+0000][7792][gc,heap      ] GC(425) Archive regions: 0->0
[2020-09-29T10:11:48.425+0000][7792][gc,heap      ] GC(425) Humongous regions: 382->174
[2020-09-29T10:11:48.425+0000][7792][gc,metaspace ] GC(425) Metaspace: 90072K(95872K)->90072K(95872K) NonClass: 78792K(82176K)->78792K(82176K) Class: 11279K(13696K)->11279K(13696K)
[2020-09-29T10:11:48.425+0000][7792][gc           ] GC(425) Pause Young (Concurrent Start) (G1 Humongous Allocation) 548M->260M(1024M) 8.823ms
[2020-09-29T10:11:48.425+0000][7792][gc,cpu       ] GC(425) User=0.11s Sys=0.02s Real=0.01s
[2020-09-29T10:11:48.425+0000][7792][gc           ] GC(426) Concurrent Cycle
[2020-09-29T10:11:48.425+0000][7792][safepoint    ] Safepoint "G1TryInitiateConcMark", Time since last: 75697500 ns, Reaching safepoint: 176600 ns, At safepoint: 9065600 ns, Total: 9242200 ns
[2020-09-29T10:11:48.425+0000][7792][gc,marking   ] GC(426) Concurrent Clear Claimed Marks
[2020-09-29T10:11:48.425+0000][7792][gc,marking   ] GC(426) Concurrent Clear Claimed Marks 0.436ms
[2020-09-29T10:11:48.426+0000][7792][gc,marking   ] GC(426) Concurrent Scan Root Regions
[2020-09-29T10:11:48.431+0000][7792][gc,marking   ] GC(426) Concurrent Scan Root Regions 5.625ms
[2020-09-29T10:11:48.431+0000][7792][gc,marking   ] GC(426) Concurrent Mark (971.533s)
[2020-09-29T10:11:48.431+0000][7792][gc,marking   ] GC(426) Concurrent Mark From Roots
[2020-09-29T10:11:48.431+0000][7792][gc,task      ] GC(426) Using 2 workers of 2 for marking
[2020-09-29T10:11:48.598+0000][7792][gc,marking   ] GC(426) Concurrent Mark From Roots 166.424ms
[2020-09-29T10:11:48.598+0000][7792][gc,marking   ] GC(426) Concurrent Preclean
[2020-09-29T10:11:48.598+0000][7792][gc,marking   ] GC(426) Concurrent Preclean 0.613ms
[2020-09-29T10:11:48.598+0000][7792][gc,marking   ] GC(426) Concurrent Mark (971.533s, 971.701s) 167.228ms
[2020-09-29T10:11:48.599+0000][7792][gc,start     ] GC(426) Pause Remark
[2020-09-29T10:11:48.607+0000][7792][gc           ] GC(426) Pause Remark 387M->387M(1024M) 7.961ms
[2020-09-29T10:11:48.607+0000][7792][gc,cpu       ] GC(426) User=0.00s Sys=0.00s Real=0.01s
[2020-09-29T10:11:48.607+0000][7792][safepoint    ] Safepoint "G1Concurrent", Time since last: 173613500 ns, Reaching safepoint: 206600 ns, At safepoint: 8519900 ns, Total: 8726500 ns
[2020-09-29T10:11:48.607+0000][7792][gc,marking   ] GC(426) Concurrent Rebuild Remembered Sets
[2020-09-29T10:11:48.708+0000][7792][gc,marking   ] GC(426) Concurrent Rebuild Remembered Sets 101.043ms
[2020-09-29T10:11:48.709+0000][7792][gc,start     ] GC(426) Pause Cleanup
[2020-09-29T10:11:48.709+0000][7792][gc           ] GC(426) Pause Cleanup 461M->461M(1024M) 0.376ms
[2020-09-29T10:11:48.709+0000][7792][gc,cpu       ] GC(426) User=0.00s Sys=0.00s Real=0.00s
[2020-09-29T10:11:48.709+0000][7792][safepoint    ] Safepoint "G1Concurrent", Time since last: 101233600 ns, Reaching safepoint: 158400 ns, At safepoint: 603300 ns, Total: 761700 ns
[2020-09-29T10:11:48.709+0000][7792][gc,marking   ] GC(426) Concurrent Cleanup for Next Mark
[2020-09-29T10:11:48.711+0000][7792][gc,marking   ] GC(426) Concurrent Cleanup for Next Mark 1.706ms
[2020-09-29T10:11:48.711+0000][7792][gc           ] GC(426) Concurrent Cycle 286.268ms
[2020-09-29T10:11:49.233+0000][7792][gc,start     ] GC(427) Pause Young (Concurrent Start) (G1 Humongous Allocation)
[2020-09-29T10:11:49.234+0000][7792][gc,task      ] GC(427) Using 8 workers of 8 for evacuation
[2020-09-29T10:11:49.234+0000][7792][gc,age       ] GC(427) Desired survivor size 32505856 bytes, new threshold 15 (max threshold 15)
[2020-09-29T10:11:49.239+0000][7792][gc,age       ] GC(427) Age table with threshold 15 (max threshold 15)
[2020-09-29T10:11:49.239+0000][7792][gc,age       ] GC(427) - age   1:   13452808 bytes,   13452808 total
[2020-09-29T10:11:49.239+0000][7792][gc,age       ] GC(427) - age   2:       2992 bytes,   13455800 total
[2020-09-29T10:11:49.239+0000][7792][gc,age       ] GC(427) - age   3:       1472 bytes,   13457272 total
[2020-09-29T10:11:49.239+0000][7792][gc,age       ] GC(427) - age   4:       2000 bytes,   13459272 total
[2020-09-29T10:11:49.239+0000][7792][gc,age       ] GC(427) - age   5:      14464 bytes,   13473736 total
[2020-09-29T10:11:49.239+0000][7792][gc,age       ] GC(427) - age   6:     105328 bytes,   13579064 total
[2020-09-29T10:11:49.239+0000][7792][gc,age       ] GC(427) - age   7:       1528 bytes,   13580592 total
[2020-09-29T10:11:49.239+0000][7792][gc,age       ] GC(427) - age   8:        800 bytes,   13581392 total
[2020-09-29T10:11:49.239+0000][7792][gc,age       ] GC(427) - age   9:       1616 bytes,   13583008 total
[2020-09-29T10:11:49.239+0000][7792][gc,age       ] GC(427) - age  10:       1592 bytes,   13584600 total
[2020-09-29T10:11:49.239+0000][7792][gc,age       ] GC(427) - age  11:      12072 bytes,   13596672 total
[2020-09-29T10:11:49.239+0000][7792][gc,age       ] GC(427) - age  12:      12352 bytes,   13609024 total
[2020-09-29T10:11:49.239+0000][7792][gc,age       ] GC(427) - age  13:      15448 bytes,   13624472 total
[2020-09-29T10:11:49.239+0000][7792][gc,age       ] GC(427) - age  14:      14888 bytes,   13639360 total
[2020-09-29T10:11:49.239+0000][7792][gc,age       ] GC(427) - age  15:      22824 bytes,   13662184 total
[2020-09-29T10:11:49.239+0000][7792][gc,phases    ] GC(427)   Pre Evacuate Collection Set: 0.3ms
[2020-09-29T10:11:49.239+0000][7792][gc,phases    ] GC(427)   Merge Heap Roots: 0.1ms
[2020-09-29T10:11:49.239+0000][7792][gc,phases    ] GC(427)   Evacuate Collection Set: 3.4ms
[2020-09-29T10:11:49.239+0000][7792][gc,phases    ] GC(427)   Post Evacuate Collection Set: 1.0ms
[2020-09-29T10:11:49.239+0000][7792][gc,phases    ] GC(427)   Other: 0.9ms
[2020-09-29T10:11:49.239+0000][7792][gc,heap      ] GC(427) Eden regions: 80->0(475)
[2020-09-29T10:11:49.239+0000][7792][gc,heap      ] GC(427) Survivor regions: 5->14(62)
[2020-09-29T10:11:49.239+0000][7792][gc,heap      ] GC(427) Old regions: 82->82
[2020-09-29T10:11:49.239+0000][7792][gc,heap      ] GC(427) Archive regions: 0->0
[2020-09-29T10:11:49.240+0000][7792][gc,heap      ] GC(427) Humongous regions: 322->174
[2020-09-29T10:11:49.240+0000][7792][gc,metaspace ] GC(427) Metaspace: 90081K(95872K)->90081K(95872K) NonClass: 78801K(82176K)->78801K(82176K) Class: 11279K(13696K)->11279K(13696K)
[2020-09-29T10:11:49.240+0000][7792][gc           ] GC(427) Pause Young (Concurrent Start) (G1 Humongous Allocation) 487M->269M(1024M) 6.193ms
[2020-09-29T10:11:49.240+0000][7792][gc,cpu       ] GC(427) User=0.00s Sys=0.00s Real=0.01s
[2020-09-29T10:11:49.240+0000][7792][gc           ] GC(428) Concurrent Cycle
[2020-09-29T10:11:49.240+0000][7792][gc,marking   ] GC(428) Concurrent Clear Claimed Marks
[2020-09-29T10:11:49.240+0000][7792][gc,marking   ] GC(428) Concurrent Clear Claimed Marks 0.302ms
[2020-09-29T10:11:49.240+0000][7792][gc,marking   ] GC(428) Concurrent Scan Root Regions
[2020-09-29T10:11:49.240+0000][7792][safepoint    ] Safepoint "G1TryInitiateConcMark", Time since last: 524359100 ns, Reaching safepoint: 157200 ns, At safepoint: 7091100 ns, Total: 7248300 ns
[2020-09-29T10:11:49.243+0000][7792][gc,marking   ] GC(428) Concurrent Scan Root Regions 2.494ms
[2020-09-29T10:11:49.243+0000][7792][gc,marking   ] GC(428) Concurrent Mark (972.345s)
[2020-09-29T10:11:49.243+0000][7792][gc,marking   ] GC(428) Concurrent Mark From Roots
[2020-09-29T10:11:49.243+0000][7792][gc,task      ] GC(428) Using 2 workers of 2 for marking
[2020-09-29T10:11:49.410+0000][7792][gc,marking   ] GC(428) Concurrent Mark From Roots 167.620ms
[2020-09-29T10:11:49.411+0000][7792][gc,marking   ] GC(428) Concurrent Preclean
[2020-09-29T10:11:49.411+0000][7792][gc,marking   ] GC(428) Concurrent Preclean 0.590ms
[2020-09-29T10:11:49.411+0000][7792][gc,marking   ] GC(428) Concurrent Mark (972.345s, 972.514s) 168.422ms
[2020-09-29T10:11:49.412+0000][7792][gc,start     ] GC(428) Pause Remark
[2020-09-29T10:11:49.419+0000][7792][gc           ] GC(428) Pause Remark 594M->594M(1024M) 6.870ms
[2020-09-29T10:11:49.419+0000][7792][gc,cpu       ] GC(428) User=0.00s Sys=0.00s Real=0.01s
[2020-09-29T10:11:49.419+0000][7792][safepoint    ] Safepoint "G1Concurrent", Time since last: 170891400 ns, Reaching safepoint: 540100 ns, At safepoint: 7127500 ns, Total: 7667600 ns
[2020-09-29T10:11:49.419+0000][7792][gc,marking   ] GC(428) Concurrent Rebuild Remembered Sets
[2020-09-29T10:11:49.507+0000][7792][gc,marking   ] GC(428) Concurrent Rebuild Remembered Sets 87.428ms
[2020-09-29T10:11:49.507+0000][7792][gc,start     ] GC(428) Pause Cleanup
[2020-09-29T10:11:49.508+0000][7792][gc           ] GC(428) Pause Cleanup 674M->674M(1024M) 0.421ms
[2020-09-29T10:11:49.508+0000][7792][gc,cpu       ] GC(428) User=0.00s Sys=0.00s Real=0.00s
[2020-09-29T10:11:49.508+0000][7792][safepoint    ] Safepoint "G1Concurrent", Time since last: 87618300 ns, Reaching safepoint: 152900 ns, At safepoint: 796400 ns, Total: 949300 ns
[2020-09-29T10:11:49.508+0000][7792][gc,marking   ] GC(428) Concurrent Cleanup for Next Mark
[2020-09-29T10:11:49.510+0000][7792][gc,marking   ] GC(428) Concurrent Cleanup for Next Mark 1.980ms
[2020-09-29T10:11:49.510+0000][7792][gc           ] GC(428) Concurrent Cycle 270.068ms
[2020-09-29T10:11:49.511+0000][7792][gc,start     ] GC(429) Pause Young (Concurrent Start) (G1 Humongous Allocation)
[2020-09-29T10:11:49.511+0000][7792][gc,task      ] GC(429) Using 8 workers of 8 for evacuation
[2020-09-29T10:11:49.511+0000][7792][gc,age       ] GC(429) Desired survivor size 32505856 bytes, new threshold 15 (max threshold 15)
[2020-09-29T10:11:49.516+0000][7792][gc,age       ] GC(429) Age table with threshold 15 (max threshold 15)
[2020-09-29T10:11:49.516+0000][7792][gc,age       ] GC(429) - age   1:    3942448 bytes,    3942448 total
[2020-09-29T10:11:49.516+0000][7792][gc,age       ] GC(429) - age   2:       7728 bytes,    3950176 total
[2020-09-29T10:11:49.516+0000][7792][gc,age       ] GC(429) - age   3:       2480 bytes,    3952656 total
[2020-09-29T10:11:49.516+0000][7792][gc,age       ] GC(429) - age   4:       1024 bytes,    3953680 total
[2020-09-29T10:11:49.516+0000][7792][gc,age       ] GC(429) - age   5:       1968 bytes,    3955648 total
[2020-09-29T10:11:49.516+0000][7792][gc,age       ] GC(429) - age   6:      14304 bytes,    3969952 total
[2020-09-29T10:11:49.516+0000][7792][gc,age       ] GC(429) - age   7:     105296 bytes,    4075248 total
[2020-09-29T10:11:49.517+0000][7792][gc,age       ] GC(429) - age   8:       1528 bytes,    4076776 total
[2020-09-29T10:11:49.517+0000][7792][gc,age       ] GC(429) - age   9:        736 bytes,    4077512 total
[2020-09-29T10:11:49.517+0000][7792][gc,age       ] GC(429) - age  10:       1488 bytes,    4079000 total
[2020-09-29T10:11:49.517+0000][7792][gc,age       ] GC(429) - age  11:       1592 bytes,    4080592 total
[2020-09-29T10:11:49.517+0000][7792][gc,age       ] GC(429) - age  12:      12072 bytes,    4092664 total
[2020-09-29T10:11:49.517+0000][7792][gc,age       ] GC(429) - age  13:      12352 bytes,    4105016 total
[2020-09-29T10:11:49.517+0000][7792][gc,age       ] GC(429) - age  14:      15384 bytes,    4120400 total
[2020-09-29T10:11:49.517+0000][7792][gc,age       ] GC(429) - age  15:      14888 bytes,    4135288 total
[2020-09-29T10:11:49.517+0000][7792][gc,phases    ] GC(429)   Pre Evacuate Collection Set: 0.5ms
[2020-09-29T10:11:49.517+0000][7792][gc,phases    ] GC(429)   Merge Heap Roots: 0.1ms
[2020-09-29T10:11:49.517+0000][7792][gc,phases    ] GC(429)   Evacuate Collection Set: 3.3ms
[2020-09-29T10:11:49.517+0000][7792][gc,phases    ] GC(429)   Post Evacuate Collection Set: 1.1ms
[2020-09-29T10:11:49.517+0000][7792][gc,phases    ] GC(429)   Other: 1.4ms
[2020-09-29T10:11:49.517+0000][7792][gc,heap      ] GC(429) Eden regions: 98->0(486)
[2020-09-29T10:11:49.517+0000][7792][gc,heap      ] GC(429) Survivor regions: 14->5(62)
[2020-09-29T10:11:49.517+0000][7792][gc,heap      ] GC(429) Old regions: 82->82
[2020-09-29T10:11:49.517+0000][7792][gc,heap      ] GC(429) Archive regions: 0->0
[2020-09-29T10:11:49.517+0000][7792][gc,heap      ] GC(429) Humongous regions: 482->174
[2020-09-29T10:11:49.517+0000][7792][gc,metaspace ] GC(429) Metaspace: 90081K(95872K)->90081K(95872K) NonClass: 78801K(82176K)->78801K(82176K) Class: 11279K(13696K)->11279K(13696K)
[2020-09-29T10:11:49.517+0000][7792][gc           ] GC(429) Pause Young (Concurrent Start) (G1 Humongous Allocation) 674M->260M(1024M) 6.722ms
[2020-09-29T10:11:49.518+0000][7792][gc,cpu       ] GC(429) User=0.09s Sys=0.00s Real=0.01s
[2020-09-29T10:11:49.518+0000][7792][gc           ] GC(430) Concurrent Cycle
[2020-09-29T10:11:49.518+0000][7792][safepoint    ] Safepoint "G1TryInitiateConcMark", Time since last: 2385100 ns, Reaching safepoint: 287100 ns, At safepoint: 6983300 ns, Total: 7270400 ns
[2020-09-29T10:11:49.518+0000][7792][gc,marking   ] GC(430) Concurrent Clear Claimed Marks
[2020-09-29T10:11:49.518+0000][7792][gc,marking   ] GC(430) Concurrent Clear Claimed Marks 0.502ms
[2020-09-29T10:11:49.518+0000][7792][gc,marking   ] GC(430) Concurrent Scan Root Regions
[2020-09-29T10:11:49.522+0000][7792][gc,marking   ] GC(430) Concurrent Scan Root Regions 3.280ms
[2020-09-29T10:11:49.522+0000][7792][gc,marking   ] GC(430) Concurrent Mark (972.624s)
[2020-09-29T10:11:49.522+0000][7792][gc,marking   ] GC(430) Concurrent Mark From Roots
[2020-09-29T10:11:49.522+0000][7792][gc,task      ] GC(430) Using 2 workers of 2 for marking
[2020-09-29T10:11:49.688+0000][7792][gc,marking   ] GC(430) Concurrent Mark From Roots 165.997ms
[2020-09-29T10:11:49.688+0000][7792][gc,marking   ] GC(430) Concurrent Preclean
[2020-09-29T10:11:49.689+0000][7792][gc,marking   ] GC(430) Concurrent Preclean 0.657ms
[2020-09-29T10:11:49.689+0000][7792][gc,marking   ] GC(430) Concurrent Mark (972.624s, 972.791s) 166.890ms
[2020-09-29T10:11:49.689+0000][7792][gc,start     ] GC(430) Pause Remark
[2020-09-29T10:11:49.696+0000][7792][gc           ] GC(430) Pause Remark 399M->399M(1024M) 7.428ms
[2020-09-29T10:11:49.697+0000][7792][gc,cpu       ] GC(430) User=0.00s Sys=0.00s Real=0.01s
[2020-09-29T10:11:49.697+0000][7792][safepoint    ] Safepoint "G1Concurrent", Time since last: 171223600 ns, Reaching safepoint: 154200 ns, At safepoint: 7723500 ns, Total: 7877700 ns
[2020-09-29T10:11:49.697+0000][7792][gc,marking   ] GC(430) Concurrent Rebuild Remembered Sets
[2020-09-29T10:11:49.790+0000][7792][gc,marking   ] GC(430) Concurrent Rebuild Remembered Sets 92.960ms
[2020-09-29T10:11:49.790+0000][7792][gc,start     ] GC(430) Pause Cleanup
[2020-09-29T10:11:49.790+0000][7792][gc           ] GC(430) Pause Cleanup 475M->475M(1024M) 0.413ms
[2020-09-29T10:11:49.791+0000][7792][gc,cpu       ] GC(430) User=0.00s Sys=0.00s Real=0.00s
[2020-09-29T10:11:49.791+0000][7792][safepoint    ] Safepoint "G1Concurrent", Time since last: 93158000 ns, Reaching safepoint: 172200 ns, At safepoint: 677400 ns, Total: 849600 ns
[2020-09-29T10:11:49.791+0000][7792][gc,marking   ] GC(430) Concurrent Cleanup for Next Mark
[2020-09-29T10:11:49.793+0000][7792][gc,marking   ] GC(430) Concurrent Cleanup for Next Mark 1.839ms
[2020-09-29T10:11:49.793+0000][7792][gc           ] GC(430) Concurrent Cycle 275.205ms
[2020-09-29T10:11:49.794+0000][7792][gc,start     ] GC(431) Pause Young (Concurrent Start) (G1 Humongous Allocation)
[2020-09-29T10:11:49.794+0000][7792][gc,task      ] GC(431) Using 8 workers of 8 for evacuation
[2020-09-29T10:11:49.794+0000][7792][gc,age       ] GC(431) Desired survivor size 32505856 bytes, new threshold 15 (max threshold 15)
[2020-09-29T10:11:49.799+0000][7792][gc,age       ] GC(431) Age table with threshold 15 (max threshold 15)
[2020-09-29T10:11:49.799+0000][7792][gc,age       ] GC(431) - age   1:    3417464 bytes,    3417464 total
[2020-09-29T10:11:49.799+0000][7792][gc,age       ] GC(431) - age   2:     407976 bytes,    3825440 total
[2020-09-29T10:11:49.799+0000][7792][gc,age       ] GC(431) - age   3:       4216 bytes,    3829656 total
[2020-09-29T10:11:49.799+0000][7792][gc,age       ] GC(431) - age   4:       2000 bytes,    3831656 total
[2020-09-29T10:11:49.799+0000][7792][gc,age       ] GC(431) - age   5:        864 bytes,    3832520 total
[2020-09-29T10:11:49.799+0000][7792][gc,age       ] GC(431) - age   6:       1968 bytes,    3834488 total
[2020-09-29T10:11:49.799+0000][7792][gc,age       ] GC(431) - age   7:      14240 bytes,    3848728 total
[2020-09-29T10:11:49.799+0000][7792][gc,age       ] GC(431) - age   8:     105296 bytes,    3954024 total
[2020-09-29T10:11:49.799+0000][7792][gc,age       ] GC(431) - age   9:       1400 bytes,    3955424 total
[2020-09-29T10:11:49.799+0000][7792][gc,age       ] GC(431) - age  10:        736 bytes,    3956160 total
[2020-09-29T10:11:49.799+0000][7792][gc,age       ] GC(431) - age  11:       1488 bytes,    3957648 total
[2020-09-29T10:11:49.799+0000][7792][gc,age       ] GC(431) - age  12:       1592 bytes,    3959240 total
[2020-09-29T10:11:49.799+0000][7792][gc,age       ] GC(431) - age  13:      12072 bytes,    3971312 total
[2020-09-29T10:11:49.799+0000][7792][gc,age       ] GC(431) - age  14:      12352 bytes,    3983664 total
[2020-09-29T10:11:49.799+0000][7792][gc,age       ] GC(431) - age  15:      15384 bytes,    3999048 total
[2020-09-29T10:11:49.799+0000][7792][gc,phases    ] GC(431)   Pre Evacuate Collection Set: 0.4ms
[2020-09-29T10:11:49.799+0000][7792][gc,phases    ] GC(431)   Merge Heap Roots: 0.1ms
[2020-09-29T10:11:49.800+0000][7792][gc,phases    ] GC(431)   Evacuate Collection Set: 2.6ms
[2020-09-29T10:11:49.800+0000][7792][gc,phases    ] GC(431)   Post Evacuate Collection Set: 1.0ms
[2020-09-29T10:11:49.800+0000][7792][gc,phases    ] GC(431)   Other: 1.0ms
[2020-09-29T10:11:49.800+0000][7792][gc,heap      ] GC(431) Eden regions: 59->0(489)
[2020-09-29T10:11:49.800+0000][7792][gc,heap      ] GC(431) Survivor regions: 5->5(62)
[2020-09-29T10:11:49.800+0000][7792][gc,heap      ] GC(431) Old regions: 82->82
[2020-09-29T10:11:49.800+0000][7792][gc,heap      ] GC(431) Archive regions: 0->0
[2020-09-29T10:11:49.800+0000][7792][gc,heap      ] GC(431) Humongous regions: 330->174
[2020-09-29T10:11:49.800+0000][7792][gc,metaspace ] GC(431) Metaspace: 90081K(95872K)->90081K(95872K) NonClass: 78801K(82176K)->78801K(82176K) Class: 11279K(13696K)->11279K(13696K)
[2020-09-29T10:11:49.800+0000][7792][gc           ] GC(431) Pause Young (Concurrent Start) (G1 Humongous Allocation) 475M->259M(1024M) 5.597ms
[2020-09-29T10:11:49.800+0000][7792][gc,cpu       ] GC(431) User=0.11s Sys=0.00s Real=0.01s
[2020-09-29T10:11:49.800+0000][7792][safepoint    ] Safepoint "G1TryInitiateConcMark", Time since last: 3427800 ns, Reaching safepoint: 144100 ns, At safepoint: 5789800 ns, Total: 5933900 ns
[2020-09-29T10:11:49.800+0000][7792][gc           ] GC(432) Concurrent Cycle
[2020-09-29T10:11:49.800+0000][7792][gc,marking   ] GC(432) Concurrent Clear Claimed Marks
[2020-09-29T10:11:49.801+0000][7792][gc,marking   ] GC(432) Concurrent Clear Claimed Marks 0.449ms
[2020-09-29T10:11:49.801+0000][7792][gc,marking   ] GC(432) Concurrent Scan Root Regions
[2020-09-29T10:11:49.803+0000][7792][gc,marking   ] GC(432) Concurrent Scan Root Regions 2.645ms
[2020-09-29T10:11:49.803+0000][7792][gc,marking   ] GC(432) Concurrent Mark (972.906s)
[2020-09-29T10:11:49.803+0000][7792][gc,marking   ] GC(432) Concurrent Mark From Roots
[2020-09-29T10:11:49.804+0000][7792][gc,task      ] GC(432) Using 2 workers of 2 for marking
[2020-09-29T10:11:49.971+0000][7792][gc,marking   ] GC(432) Concurrent Mark From Roots 167.059ms
[2020-09-29T10:11:49.971+0000][7792][gc,marking   ] GC(432) Concurrent Preclean
[2020-09-29T10:11:49.971+0000][7792][gc,marking   ] GC(432) Concurrent Preclean 0.722ms
[2020-09-29T10:11:49.971+0000][7792][gc,marking   ] GC(432) Concurrent Mark (972.906s, 973.074s) 168.000ms
[2020-09-29T10:11:49.972+0000][7792][gc,start     ] GC(432) Pause Remark
[2020-09-29T10:11:49.979+0000][7792][gc           ] GC(432) Pause Remark 339M->339M(1024M) 7.619ms
[2020-09-29T10:11:49.980+0000][7792][gc,cpu       ] GC(432) User=0.00s Sys=0.00s Real=0.01s
[2020-09-29T10:11:49.981+0000][7792][safepoint    ] Safepoint "G1Concurrent", Time since last: 171498400 ns, Reaching safepoint: 155700 ns, At safepoint: 9014600 ns, Total: 9170300 ns
[2020-09-29T10:11:49.981+0000][7792][gc,marking   ] GC(432) Concurrent Rebuild Remembered Sets
[2020-09-29T10:11:50.073+0000][7792][gc,marking   ] GC(432) Concurrent Rebuild Remembered Sets 92.478ms
[2020-09-29T10:11:50.074+0000][7792][gc,start     ] GC(432) Pause Cleanup
[2020-09-29T10:11:50.074+0000][7792][gc           ] GC(432) Pause Cleanup 655M->655M(1024M) 0.413ms
[2020-09-29T10:11:50.074+0000][7792][gc,cpu       ] GC(432) User=0.00s Sys=0.00s Real=0.00s
[2020-09-29T10:11:50.075+0000][7792][safepoint    ] Safepoint "G1Concurrent", Time since last: 92750600 ns, Reaching safepoint: 273500 ns, At safepoint: 1340800 ns, Total: 1614300 ns
[2020-09-29T10:11:50.075+0000][7792][gc,marking   ] GC(432) Concurrent Cleanup for Next Mark
[2020-09-29T10:11:50.077+0000][7792][gc,marking   ] GC(432) Concurrent Cleanup for Next Mark 1.821ms
[2020-09-29T10:11:50.077+0000][7792][gc           ] GC(432) Concurrent Cycle 277.132ms
[2020-09-29T10:11:50.148+0000][7792][gc,start     ] GC(433) Pause Young (Concurrent Start) (G1 Humongous Allocation)
[2020-09-29T10:11:50.148+0000][7792][gc,task      ] GC(433) Using 8 workers of 8 for evacuation
[2020-09-29T10:11:50.148+0000][7792][gc,age       ] GC(433) Desired survivor size 32505856 bytes, new threshold 15 (max threshold 15)
[2020-09-29T10:11:50.153+0000][7792][gc,age       ] GC(433) Age table with threshold 15 (max threshold 15)
[2020-09-29T10:11:50.153+0000][7792][gc,age       ] GC(433) - age   1:    3934952 bytes,    3934952 total
[2020-09-29T10:11:50.153+0000][7792][gc,age       ] GC(433) - age   2:       2672 bytes,    3937624 total
[2020-09-29T10:11:50.153+0000][7792][gc,age       ] GC(433) - age   3:       2856 bytes,    3940480 total
[2020-09-29T10:11:50.154+0000][7792][gc,age       ] GC(433) - age   4:       2528 bytes,    3943008 total
[2020-09-29T10:11:50.154+0000][7792][gc,age       ] GC(433) - age   5:       1680 bytes,    3944688 total
[2020-09-29T10:11:50.154+0000][7792][gc,age       ] GC(433) - age   6:        864 bytes,    3945552 total
[2020-09-29T10:11:50.154+0000][7792][gc,age       ] GC(433) - age   7:       1936 bytes,    3947488 total
[2020-09-29T10:11:50.154+0000][7792][gc,age       ] GC(433) - age   8:      14240 bytes,    3961728 total
[2020-09-29T10:11:50.154+0000][7792][gc,age       ] GC(433) - age   9:     105136 bytes,    4066864 total
[2020-09-29T10:11:50.154+0000][7792][gc,age       ] GC(433) - age  10:       1336 bytes,    4068200 total
[2020-09-29T10:11:50.154+0000][7792][gc,age       ] GC(433) - age  11:        736 bytes,    4068936 total
[2020-09-29T10:11:50.154+0000][7792][gc,age       ] GC(433) - age  12:       1488 bytes,    4070424 total
[2020-09-29T10:11:50.154+0000][7792][gc,age       ] GC(433) - age  13:       1592 bytes,    4072016 total
[2020-09-29T10:11:50.154+0000][7792][gc,age       ] GC(433) - age  14:      12072 bytes,    4084088 total
[2020-09-29T10:11:50.154+0000][7792][gc,age       ] GC(433) - age  15:      12256 bytes,    4096344 total
[2020-09-29T10:11:50.154+0000][7792][gc,phases    ] GC(433)   Pre Evacuate Collection Set: 0.5ms
[2020-09-29T10:11:50.154+0000][7792][gc,phases    ] GC(433)   Merge Heap Roots: 0.1ms
[2020-09-29T10:11:50.154+0000][7792][gc,phases    ] GC(433)   Evacuate Collection Set: 2.9ms
[2020-09-29T10:11:50.154+0000][7792][gc,phases    ] GC(433)   Post Evacuate Collection Set: 1.1ms
[2020-09-29T10:11:50.154+0000][7792][gc,phases    ] GC(433)   Other: 1.3ms
[2020-09-29T10:11:50.154+0000][7792][gc,heap      ] GC(433) Eden regions: 114->0(491)
[2020-09-29T10:11:50.154+0000][7792][gc,heap      ] GC(433) Survivor regions: 5->5(62)
[2020-09-29T10:11:50.154+0000][7792][gc,heap      ] GC(433) Old regions: 82->82
[2020-09-29T10:11:50.155+0000][7792][gc,heap      ] GC(433) Archive regions: 0->0
[2020-09-29T10:11:50.155+0000][7792][gc,heap      ] GC(433) Humongous regions: 478->174
[2020-09-29T10:11:50.155+0000][7792][gc,metaspace ] GC(433) Metaspace: 90081K(95872K)->90081K(95872K) NonClass: 78801K(82176K)->78801K(82176K) Class: 11279K(13696K)->11279K(13696K)
[2020-09-29T10:11:50.155+0000][7792][gc           ] GC(433) Pause Young (Concurrent Start) (G1 Humongous Allocation) 677M->259M(1024M) 6.345ms
[2020-09-29T10:11:50.155+0000][7792][gc,cpu       ] GC(433) User=0.00s Sys=0.00s Real=0.01s
[2020-09-29T10:11:50.155+0000][7792][gc           ] GC(434) Concurrent Cycle
[2020-09-29T10:11:50.155+0000][7792][safepoint    ] Safepoint "G1TryInitiateConcMark", Time since last: 72983600 ns, Reaching safepoint: 175400 ns, At safepoint: 6582500 ns, Total: 6757900 ns
[2020-09-29T10:11:50.155+0000][7792][gc,marking   ] GC(434) Concurrent Clear Claimed Marks
[2020-09-29T10:11:50.155+0000][7792][gc,marking   ] GC(434) Concurrent Clear Claimed Marks 0.492ms
[2020-09-29T10:11:50.155+0000][7792][gc,marking   ] GC(434) Concurrent Scan Root Regions
[2020-09-29T10:11:50.158+0000][7792][gc,marking   ] GC(434) Concurrent Scan Root Regions 2.465ms
[2020-09-29T10:11:50.158+0000][7792][gc,marking   ] GC(434) Concurrent Mark (973.260s)
[2020-09-29T10:11:50.158+0000][7792][gc,marking   ] GC(434) Concurrent Mark From Roots
[2020-09-29T10:11:50.158+0000][7792][gc,task      ] GC(434) Using 2 workers of 2 for marking
[2020-09-29T10:11:50.331+0000][7792][gc,marking   ] GC(434) Concurrent Mark From Roots 172.996ms
[2020-09-29T10:11:50.332+0000][7792][gc,marking   ] GC(434) Concurrent Preclean
[2020-09-29T10:11:50.332+0000][7792][gc,marking   ] GC(434) Concurrent Preclean 0.719ms
[2020-09-29T10:11:50.332+0000][7792][gc,marking   ] GC(434) Concurrent Mark (973.260s, 973.434s) 173.989ms
[2020-09-29T10:11:50.333+0000][7792][gc,start     ] GC(434) Pause Remark
[2020-09-29T10:11:50.341+0000][7792][gc           ] GC(434) Pause Remark 399M->399M(1024M) 8.560ms
[2020-09-29T10:11:50.341+0000][7792][gc,cpu       ] GC(434) User=0.00s Sys=0.00s Real=0.01s
[2020-09-29T10:11:50.341+0000][7792][safepoint    ] Safepoint "G1Concurrent", Time since last: 177331900 ns, Reaching safepoint: 165400 ns, At safepoint: 8838400 ns, Total: 9003800 ns
[2020-09-29T10:11:50.342+0000][7792][gc,marking   ] GC(434) Concurrent Rebuild Remembered Sets
[2020-09-29T10:11:50.441+0000][7792][gc,marking   ] GC(434) Concurrent Rebuild Remembered Sets 99.843ms
[2020-09-29T10:11:50.442+0000][7792][gc,start     ] GC(434) Pause Cleanup
[2020-09-29T10:11:50.442+0000][7792][gc           ] GC(434) Pause Cleanup 497M->497M(1024M) 0.507ms
[2020-09-29T10:11:50.443+0000][7792][gc,cpu       ] GC(434) User=0.00s Sys=0.00s Real=0.00s
[2020-09-29T10:11:50.443+0000][7792][safepoint    ] Safepoint "G1Concurrent", Time since last: 100194300 ns, Reaching safepoint: 197700 ns, At safepoint: 767400 ns, Total: 965100 ns
[2020-09-29T10:11:50.443+0000][7792][gc,marking   ] GC(434) Concurrent Cleanup for Next Mark
[2020-09-29T10:11:50.445+0000][7792][gc,marking   ] GC(434) Concurrent Cleanup for Next Mark 2.112ms
[2020-09-29T10:11:50.445+0000][7792][gc           ] GC(434) Concurrent Cycle 289.868ms
[2020-09-29T10:11:50.445+0000][7792][gc,start     ] GC(435) Pause Young (Concurrent Start) (G1 Humongous Allocation)
[2020-09-29T10:11:50.445+0000][7792][gc,task      ] GC(435) Using 8 workers of 8 for evacuation
[2020-09-29T10:11:50.446+0000][7792][gc,age       ] GC(435) Desired survivor size 32505856 bytes, new threshold 15 (max threshold 15)
[2020-09-29T10:11:50.450+0000][7792][gc,age       ] GC(435) Age table with threshold 15 (max threshold 15)
[2020-09-29T10:11:50.450+0000][7792][gc,age       ] GC(435) - age   1:    2469944 bytes,    2469944 total
[2020-09-29T10:11:50.450+0000][7792][gc,age       ] GC(435) - age   2:     403504 bytes,    2873448 total
[2020-09-29T10:11:50.450+0000][7792][gc,age       ] GC(435) - age   3:       2256 bytes,    2875704 total
[2020-09-29T10:11:50.450+0000][7792][gc,age       ] GC(435) - age   4:       1768 bytes,    2877472 total
[2020-09-29T10:11:50.450+0000][7792][gc,age       ] GC(435) - age   5:       2208 bytes,    2879680 total
[2020-09-29T10:11:50.450+0000][7792][gc,age       ] GC(435) - age   6:       1648 bytes,    2881328 total
[2020-09-29T10:11:50.450+0000][7792][gc,age       ] GC(435) - age   7:        864 bytes,    2882192 total
[2020-09-29T10:11:50.450+0000][7792][gc,age       ] GC(435) - age   8:       1936 bytes,    2884128 total
[2020-09-29T10:11:50.450+0000][7792][gc,age       ] GC(435) - age   9:      14176 bytes,    2898304 total
[2020-09-29T10:11:50.450+0000][7792][gc,age       ] GC(435) - age  10:     105072 bytes,    3003376 total
[2020-09-29T10:11:50.450+0000][7792][gc,age       ] GC(435) - age  11:       1336 bytes,    3004712 total
[2020-09-29T10:11:50.450+0000][7792][gc,age       ] GC(435) - age  12:        736 bytes,    3005448 total
[2020-09-29T10:11:50.450+0000][7792][gc,age       ] GC(435) - age  13:       1488 bytes,    3006936 total
[2020-09-29T10:11:50.450+0000][7792][gc,age       ] GC(435) - age  14:       1528 bytes,    3008464 total
[2020-09-29T10:11:50.451+0000][7792][gc,age       ] GC(435) - age  15:      12072 bytes,    3020536 total
[2020-09-29T10:11:50.451+0000][7792][gc,phases    ] GC(435)   Pre Evacuate Collection Set: 0.5ms
[2020-09-29T10:11:50.451+0000][7792][gc,phases    ] GC(435)   Merge Heap Roots: 0.1ms
[2020-09-29T10:11:50.451+0000][7792][gc,phases    ] GC(435)   Evacuate Collection Set: 2.4ms
[2020-09-29T10:11:50.451+0000][7792][gc,phases    ] GC(435)   Post Evacuate Collection Set: 1.2ms
[2020-09-29T10:11:50.451+0000][7792][gc,phases    ] GC(435)   Other: 1.2ms
[2020-09-29T10:11:50.451+0000][7792][gc,heap      ] GC(435) Eden regions: 62->0(494)
[2020-09-29T10:11:50.451+0000][7792][gc,heap      ] GC(435) Survivor regions: 5->3(62)
[2020-09-29T10:11:50.451+0000][7792][gc,heap      ] GC(435) Old regions: 82->82
[2020-09-29T10:11:50.451+0000][7792][gc,heap      ] GC(435) Archive regions: 0->0
[2020-09-29T10:11:50.451+0000][7792][gc,heap      ] GC(435) Humongous regions: 362->174
[2020-09-29T10:11:50.451+0000][7792][gc,metaspace ] GC(435) Metaspace: 90081K(95872K)->90081K(95872K) NonClass: 78801K(82176K)->78801K(82176K) Class: 11279K(13696K)->11279K(13696K)
[2020-09-29T10:11:50.451+0000][7792][gc           ] GC(435) Pause Young (Concurrent Start) (G1 Humongous Allocation) 509M->258M(1024M) 5.771ms
[2020-09-29T10:11:50.451+0000][7792][gc,cpu       ] GC(435) User=0.00s Sys=0.00s Real=0.01s
[2020-09-29T10:11:50.451+0000][7792][gc           ] GC(436) Concurrent Cycle
[2020-09-29T10:11:50.451+0000][7792][safepoint    ] Safepoint "G1TryInitiateConcMark", Time since last: 2512700 ns, Reaching safepoint: 177000 ns, At safepoint: 6029100 ns, Total: 6206100 ns
[2020-09-29T10:11:50.451+0000][7792][gc,marking   ] GC(436) Concurrent Clear Claimed Marks
[2020-09-29T10:11:50.452+0000][7792][gc,marking   ] GC(436) Concurrent Clear Claimed Marks 0.406ms
[2020-09-29T10:11:50.452+0000][7792][gc,marking   ] GC(436) Concurrent Scan Root Regions
[2020-09-29T10:11:50.455+0000][7792][gc,marking   ] GC(436) Concurrent Scan Root Regions 2.840ms
[2020-09-29T10:11:50.455+0000][7792][gc,marking   ] GC(436) Concurrent Mark (973.557s)
[2020-09-29T10:11:50.455+0000][7792][gc,marking   ] GC(436) Concurrent Mark From Roots
[2020-09-29T10:11:50.455+0000][7792][gc,task      ] GC(436) Using 2 workers of 2 for marking
[2020-09-29T10:11:50.630+0000][7792][gc,marking   ] GC(436) Concurrent Mark From Roots 175.464ms
[2020-09-29T10:11:50.630+0000][7792][gc,marking   ] GC(436) Concurrent Preclean
[2020-09-29T10:11:50.631+0000][7792][gc,marking   ] GC(436) Concurrent Preclean 0.621ms
[2020-09-29T10:11:50.631+0000][7792][gc,marking   ] GC(436) Concurrent Mark (973.557s, 973.733s) 176.307ms
[2020-09-29T10:11:50.631+0000][7792][gc,start     ] GC(436) Pause Remark
[2020-09-29T10:11:50.639+0000][7792][gc           ] GC(436) Pause Remark 359M->359M(1024M) 7.500ms
[2020-09-29T10:11:50.639+0000][7792][gc,cpu       ] GC(436) User=0.00s Sys=0.00s Real=0.01s
[2020-09-29T10:11:50.639+0000][7792][safepoint    ] Safepoint "G1Concurrent", Time since last: 179838900 ns, Reaching safepoint: 163200 ns, At safepoint: 7785800 ns, Total: 7949000 ns
[2020-09-29T10:11:50.639+0000][7792][gc,marking   ] GC(436) Concurrent Rebuild Remembered Sets
[2020-09-29T10:11:50.737+0000][7792][gc,marking   ] GC(436) Concurrent Rebuild Remembered Sets 97.955ms
[2020-09-29T10:11:50.737+0000][7792][gc,start     ] GC(436) Pause Cleanup
[2020-09-29T10:11:50.738+0000][7792][gc           ] GC(436) Pause Cleanup 359M->359M(1024M) 0.421ms
[2020-09-29T10:11:50.738+0000][7792][gc,cpu       ] GC(436) User=0.00s Sys=0.00s Real=0.00s
[2020-09-29T10:11:50.738+0000][7792][safepoint    ] Safepoint "G1Concurrent", Time since last: 98162200 ns, Reaching safepoint: 135700 ns, At safepoint: 634300 ns, Total: 770000 ns
[2020-09-29T10:11:50.738+0000][7792][gc,marking   ] GC(436) Concurrent Cleanup for Next Mark
[2020-09-29T10:11:50.740+0000][7792][gc,marking   ] GC(436) Concurrent Cleanup for Next Mark 1.834ms
[2020-09-29T10:11:50.740+0000][7792][gc           ] GC(436) Concurrent Cycle 288.836ms
[2020-09-29T10:11:50.998+0000][7792][gc,start     ] GC(437) Pause Young (Concurrent Start) (G1 Humongous Allocation)
[2020-09-29T10:11:50.998+0000][7792][gc,task      ] GC(437) Using 8 workers of 8 for evacuation
[2020-09-29T10:11:50.998+0000][7792][gc,age       ] GC(437) Desired survivor size 33030144 bytes, new threshold 15 (max threshold 15)
[2020-09-29T10:11:51.003+0000][7792][gc,age       ] GC(437) Age table with threshold 15 (max threshold 15)
[2020-09-29T10:11:51.003+0000][7792][gc,age       ] GC(437) - age   1:    2754496 bytes,    2754496 total
[2020-09-29T10:11:51.003+0000][7792][gc,age       ] GC(437) - age   2:       3584 bytes,    2758080 total
[2020-09-29T10:11:51.003+0000][7792][gc,age       ] GC(437) - age   3:       2904 bytes,    2760984 total
[2020-09-29T10:11:51.003+0000][7792][gc,age       ] GC(437) - age   4:       2008 bytes,    2762992 total
[2020-09-29T10:11:51.003+0000][7792][gc,age       ] GC(437) - age   5:       1704 bytes,    2764696 total
[2020-09-29T10:11:51.003+0000][7792][gc,age       ] GC(437) - age   6:       2208 bytes,    2766904 total
[2020-09-29T10:11:51.003+0000][7792][gc,age       ] GC(437) - age   7:       1520 bytes,    2768424 total
[2020-09-29T10:11:51.003+0000][7792][gc,age       ] GC(437) - age   8:        864 bytes,    2769288 total
[2020-09-29T10:11:51.003+0000][7792][gc,age       ] GC(437) - age   9:       1520 bytes,    2770808 total
[2020-09-29T10:11:51.003+0000][7792][gc,age       ] GC(437) - age  10:      14176 bytes,    2784984 total
[2020-09-29T10:11:51.003+0000][7792][gc,age       ] GC(437) - age  11:     104928 bytes,    2889912 total
[2020-09-29T10:11:51.003+0000][7792][gc,age       ] GC(437) - age  12:       1336 bytes,    2891248 total
[2020-09-29T10:11:51.003+0000][7792][gc,age       ] GC(437) - age  13:        736 bytes,    2891984 total
[2020-09-29T10:11:51.004+0000][7792][gc,age       ] GC(437) - age  14:       1488 bytes,    2893472 total
[2020-09-29T10:11:51.004+0000][7792][gc,age       ] GC(437) - age  15:       1528 bytes,    2895000 total
[2020-09-29T10:11:51.004+0000][7792][gc,phases    ] GC(437)   Pre Evacuate Collection Set: 0.4ms
[2020-09-29T10:11:51.004+0000][7792][gc,phases    ] GC(437)   Merge Heap Roots: 0.1ms
[2020-09-29T10:11:51.004+0000][7792][gc,phases    ] GC(437)   Evacuate Collection Set: 3.0ms
[2020-09-29T10:11:51.004+0000][7792][gc,phases    ] GC(437)   Post Evacuate Collection Set: 0.8ms
[2020-09-29T10:11:51.004+0000][7792][gc,phases    ] GC(437)   Other: 1.0ms
[2020-09-29T10:11:51.004+0000][7792][gc,heap      ] GC(437) Eden regions: 45->0(496)
[2020-09-29T10:11:51.004+0000][7792][gc,heap      ] GC(437) Survivor regions: 3->3(63)
[2020-09-29T10:11:51.004+0000][7792][gc,heap      ] GC(437) Old regions: 82->82
[2020-09-29T10:11:51.004+0000][7792][gc,heap      ] GC(437) Archive regions: 0->0
[2020-09-29T10:11:51.004+0000][7792][gc,heap      ] GC(437) Humongous regions: 242->174
[2020-09-29T10:11:51.004+0000][7792][gc,metaspace ] GC(437) Metaspace: 90087K(95872K)->90087K(95872K) NonClass: 78807K(82176K)->78807K(82176K) Class: 11279K(13696K)->11279K(13696K)
[2020-09-29T10:11:51.004+0000][7792][gc           ] GC(437) Pause Young (Concurrent Start) (G1 Humongous Allocation) 371M->258M(1024M) 5.643ms
[2020-09-29T10:11:51.004+0000][7792][gc,cpu       ] GC(437) User=0.11s Sys=0.00s Real=0.01s
[2020-09-29T10:11:51.004+0000][7792][safepoint    ] Safepoint "G1TryInitiateConcMark", Time since last: 260016000 ns, Reaching safepoint: 173700 ns, At safepoint: 5809800 ns, Total: 5983500 ns
[2020-09-29T10:11:51.004+0000][7792][gc           ] GC(438) Concurrent Cycle
[2020-09-29T10:11:51.004+0000][7792][gc,marking   ] GC(438) Concurrent Clear Claimed Marks
[2020-09-29T10:11:51.005+0000][7792][gc,marking   ] GC(438) Concurrent Clear Claimed Marks 0.344ms
[2020-09-29T10:11:51.005+0000][7792][gc,marking   ] GC(438) Concurrent Scan Root Regions
[2020-09-29T10:11:51.006+0000][7792][gc,marking   ] GC(438) Concurrent Scan Root Regions 1.474ms
[2020-09-29T10:11:51.006+0000][7792][gc,marking   ] GC(438) Concurrent Mark (974.108s)
[2020-09-29T10:11:51.006+0000][7792][gc,marking   ] GC(438) Concurrent Mark From Roots
[2020-09-29T10:11:51.006+0000][7792][gc,task      ] GC(438) Using 2 workers of 2 for marking
[2020-09-29T10:11:51.139+0000][7792][gc,marking   ] GC(438) Concurrent Mark From Roots 132.642ms
[2020-09-29T10:11:51.139+0000][7792][gc,marking   ] GC(438) Concurrent Preclean
[2020-09-29T10:11:51.139+0000][7792][gc,marking   ] GC(438) Concurrent Preclean 0.515ms
[2020-09-29T10:11:51.139+0000][7792][gc,marking   ] GC(438) Concurrent Mark (974.108s, 974.241s) 133.305ms
[2020-09-29T10:11:51.140+0000][7792][gc,start     ] GC(438) Pause Remark
[2020-09-29T10:11:51.147+0000][7792][gc           ] GC(438) Pause Remark 455M->455M(1024M) 7.101ms
[2020-09-29T10:11:51.147+0000][7792][gc,cpu       ] GC(438) User=0.00s Sys=0.00s Real=0.01s
[2020-09-29T10:11:51.147+0000][7792][safepoint    ] Safepoint "G1Concurrent", Time since last: 135446100 ns, Reaching safepoint: 201900 ns, At safepoint: 7377300 ns, Total: 7579200 ns
[2020-09-29T10:11:51.147+0000][7792][gc,marking   ] GC(438) Concurrent Rebuild Remembered Sets
[2020-09-29T10:11:51.243+0000][7792][gc,marking   ] GC(438) Concurrent Rebuild Remembered Sets 95.302ms
[2020-09-29T10:11:51.243+0000][7792][gc,start     ] GC(438) Pause Cleanup
[2020-09-29T10:11:51.244+0000][7792][gc           ] GC(438) Pause Cleanup 532M->532M(1024M) 0.659ms
[2020-09-29T10:11:51.244+0000][7792][gc,cpu       ] GC(438) User=0.00s Sys=0.00s Real=0.00s
[2020-09-29T10:11:51.244+0000][7792][safepoint    ] Safepoint "G1Concurrent", Time since last: 95554500 ns, Reaching safepoint: 447000 ns, At safepoint: 876000 ns, Total: 1323000 ns
[2020-09-29T10:11:51.244+0000][7792][gc,marking   ] GC(438) Concurrent Cleanup for Next Mark
[2020-09-29T10:11:51.246+0000][7792][gc,marking   ] GC(438) Concurrent Cleanup for Next Mark 1.799ms
[2020-09-29T10:11:51.246+0000][7792][gc           ] GC(438) Concurrent Cycle 242.087ms
[2020-09-29T10:11:51.265+0000][7792][gc,start     ] GC(439) Pause Young (Concurrent Start) (G1 Humongous Allocation)
[2020-09-29T10:11:51.265+0000][7792][gc,task      ] GC(439) Using 8 workers of 8 for evacuation
[2020-09-29T10:11:51.266+0000][7792][gc,age       ] GC(439) Desired survivor size 33030144 bytes, new threshold 15 (max threshold 15)
[2020-09-29T10:11:51.269+0000][7792][gc,age       ] GC(439) Age table with threshold 15 (max threshold 15)
[2020-09-29T10:11:51.269+0000][7792][gc,age       ] GC(439) - age   1:    3086696 bytes,    3086696 total
[2020-09-29T10:11:51.269+0000][7792][gc,age       ] GC(439) - age   2:      88168 bytes,    3174864 total
[2020-09-29T10:11:51.269+0000][7792][gc,age       ] GC(439) - age   3:       3104 bytes,    3177968 total
[2020-09-29T10:11:51.269+0000][7792][gc,age       ] GC(439) - age   4:       2216 bytes,    3180184 total
[2020-09-29T10:11:51.270+0000][7792][gc,age       ] GC(439) - age   5:       1720 bytes,    3181904 total
[2020-09-29T10:11:51.270+0000][7792][gc,age       ] GC(439) - age   6:       1544 bytes,    3183448 total
[2020-09-29T10:11:51.270+0000][7792][gc,age       ] GC(439) - age   7:       2048 bytes,    3185496 total
[2020-09-29T10:11:51.270+0000][7792][gc,age       ] GC(439) - age   8:       1392 bytes,    3186888 total
[2020-09-29T10:11:51.270+0000][7792][gc,age       ] GC(439) - age   9:        800 bytes,    3187688 total
[2020-09-29T10:11:51.270+0000][7792][gc,age       ] GC(439) - age  10:       1520 bytes,    3189208 total
[2020-09-29T10:11:51.270+0000][7792][gc,age       ] GC(439) - age  11:      14112 bytes,    3203320 total
[2020-09-29T10:11:51.270+0000][7792][gc,age       ] GC(439) - age  12:     102528 bytes,    3305848 total
[2020-09-29T10:11:51.270+0000][7792][gc,age       ] GC(439) - age  13:       1304 bytes,    3307152 total
[2020-09-29T10:11:51.270+0000][7792][gc,age       ] GC(439) - age  14:        608 bytes,    3307760 total
[2020-09-29T10:11:51.270+0000][7792][gc,age       ] GC(439) - age  15:        968 bytes,    3308728 total
[2020-09-29T10:11:51.270+0000][7792][gc,phases    ] GC(439)   Pre Evacuate Collection Set: 0.5ms
[2020-09-29T10:11:51.270+0000][7792][gc,phases    ] GC(439)   Merge Heap Roots: 0.1ms
[2020-09-29T10:11:51.270+0000][7792][gc,phases    ] GC(439)   Evacuate Collection Set: 2.0ms
[2020-09-29T10:11:51.270+0000][7792][gc,phases    ] GC(439)   Post Evacuate Collection Set: 0.9ms
[2020-09-29T10:11:51.270+0000][7792][gc,phases    ] GC(439)   Other: 1.4ms
[2020-09-29T10:11:51.270+0000][7792][gc,heap      ] GC(439) Eden regions: 79->0(496)
[2020-09-29T10:11:51.270+0000][7792][gc,heap      ] GC(439) Survivor regions: 3->4(63)
[2020-09-29T10:11:51.270+0000][7792][gc,heap      ] GC(439) Old regions: 82->82
[2020-09-29T10:11:51.270+0000][7792][gc,heap      ] GC(439) Archive regions: 0->0
[2020-09-29T10:11:51.271+0000][7792][gc,heap      ] GC(439) Humongous regions: 374->174
[2020-09-29T10:11:51.271+0000][7792][gc,metaspace ] GC(439) Metaspace: 90087K(95872K)->90087K(95872K) NonClass: 78807K(82176K)->78807K(82176K) Class: 11279K(13696K)->11279K(13696K)
[2020-09-29T10:11:51.271+0000][7792][gc           ] GC(439) Pause Young (Concurrent Start) (G1 Humongous Allocation) 537M->258M(1024M) 5.226ms
[2020-09-29T10:11:51.271+0000][7792][gc,cpu       ] GC(439) User=0.00s Sys=0.00s Real=0.01s
[2020-09-29T10:11:51.271+0000][7792][safepoint    ] Safepoint "G1TryInitiateConcMark", Time since last: 21153200 ns, Reaching safepoint: 179500 ns, At safepoint: 5428100 ns, Total: 5607600 ns
[2020-09-29T10:11:51.271+0000][7792][gc           ] GC(440) Concurrent Cycle
[2020-09-29T10:11:51.271+0000][7792][gc,marking   ] GC(440) Concurrent Clear Claimed Marks
[2020-09-29T10:11:51.272+0000][7792][gc,marking   ] GC(440) Concurrent Clear Claimed Marks 0.653ms
[2020-09-29T10:11:51.272+0000][7792][gc,marking   ] GC(440) Concurrent Scan Root Regions
[2020-09-29T10:11:51.273+0000][7792][gc,marking   ] GC(440) Concurrent Scan Root Regions 1.793ms
[2020-09-29T10:11:51.274+0000][7792][gc,marking   ] GC(440) Concurrent Mark (974.375s)
[2020-09-29T10:11:51.274+0000][7792][gc,marking   ] GC(440) Concurrent Mark From Roots
[2020-09-29T10:11:51.274+0000][7792][gc,task      ] GC(440) Using 2 workers of 2 for marking
[2020-09-29T10:11:51.446+0000][7792][gc,marking   ] GC(440) Concurrent Mark From Roots 172.544ms
[2020-09-29T10:11:51.446+0000][7792][gc,marking   ] GC(440) Concurrent Preclean
[2020-09-29T10:11:51.447+0000][7792][gc,marking   ] GC(440) Concurrent Preclean 0.683ms
[2020-09-29T10:11:51.447+0000][7792][gc,marking   ] GC(440) Concurrent Mark (974.375s, 974.549s) 173.465ms
[2020-09-29T10:11:51.447+0000][7792][gc,start     ] GC(440) Pause Remark
[2020-09-29T10:11:51.455+0000][7792][gc           ] GC(440) Pause Remark 451M->451M(1024M) 7.846ms
[2020-09-29T10:11:51.455+0000][7792][gc,cpu       ] GC(440) User=0.11s Sys=0.00s Real=0.01s
[2020-09-29T10:11:51.455+0000][7792][safepoint    ] Safepoint "G1Concurrent", Time since last: 176336800 ns, Reaching safepoint: 181200 ns, At safepoint: 8061100 ns, Total: 8242300 ns
[2020-09-29T10:11:51.455+0000][7792][gc,marking   ] GC(440) Concurrent Rebuild Remembered Sets
[2020-09-29T10:11:51.560+0000][7792][gc,marking   ] GC(440) Concurrent Rebuild Remembered Sets 104.706ms
[2020-09-29T10:11:51.561+0000][7792][gc,start     ] GC(440) Pause Cleanup
[2020-09-29T10:11:51.561+0000][7792][gc           ] GC(440) Pause Cleanup 528M->528M(1024M) 0.420ms
[2020-09-29T10:11:51.561+0000][7792][gc,cpu       ] GC(440) User=0.00s Sys=0.00s Real=0.00s
[2020-09-29T10:11:51.561+0000][7792][safepoint    ] Safepoint "G1Concurrent", Time since last: 104904100 ns, Reaching safepoint: 251500 ns, At safepoint: 672600 ns, Total: 924100 ns
[2020-09-29T10:11:51.561+0000][7792][gc,marking   ] GC(440) Concurrent Cleanup for Next Mark
[2020-09-29T10:11:51.563+0000][7792][gc,marking   ] GC(440) Concurrent Cleanup for Next Mark 1.776ms
[2020-09-29T10:11:51.563+0000][7792][gc           ] GC(440) Concurrent Cycle 292.434ms
[2020-09-29T10:11:51.604+0000][7792][gc,start     ] GC(441) Pause Young (Concurrent Start) (G1 Humongous Allocation)
[2020-09-29T10:11:51.604+0000][7792][gc,task      ] GC(441) Using 8 workers of 8 for evacuation
[2020-09-29T10:11:51.604+0000][7792][gc,age       ] GC(441) Desired survivor size 33030144 bytes, new threshold 15 (max threshold 15)
[2020-09-29T10:11:51.607+0000][7792][gc,age       ] GC(441) Age table with threshold 15 (max threshold 15)
[2020-09-29T10:11:51.608+0000][7792][gc,age       ] GC(441) - age   1:    3079376 bytes,    3079376 total
[2020-09-29T10:11:51.608+0000][7792][gc,age       ] GC(441) - age   2:     407320 bytes,    3486696 total
[2020-09-29T10:11:51.608+0000][7792][gc,age       ] GC(441) - age   3:      87192 bytes,    3573888 total
[2020-09-29T10:11:51.608+0000][7792][gc,age       ] GC(441) - age   4:       1496 bytes,    3575384 total
[2020-09-29T10:11:51.608+0000][7792][gc,age       ] GC(441) - age   5:       2120 bytes,    3577504 total
[2020-09-29T10:11:51.608+0000][7792][gc,age       ] GC(441) - age   6:       1432 bytes,    3578936 total
[2020-09-29T10:11:51.608+0000][7792][gc,age       ] GC(441) - age   7:       1544 bytes,    3580480 total
[2020-09-29T10:11:51.608+0000][7792][gc,age       ] GC(441) - age   8:       1984 bytes,    3582464 total
[2020-09-29T10:11:51.608+0000][7792][gc,age       ] GC(441) - age   9:       1264 bytes,    3583728 total
[2020-09-29T10:11:51.608+0000][7792][gc,age       ] GC(441) - age  10:        800 bytes,    3584528 total
[2020-09-29T10:11:51.608+0000][7792][gc,age       ] GC(441) - age  11:       1520 bytes,    3586048 total
[2020-09-29T10:11:51.608+0000][7792][gc,age       ] GC(441) - age  12:      14112 bytes,    3600160 total
[2020-09-29T10:11:51.608+0000][7792][gc,age       ] GC(441) - age  13:     102528 bytes,    3702688 total
[2020-09-29T10:11:51.608+0000][7792][gc,age       ] GC(441) - age  14:       1240 bytes,    3703928 total
[2020-09-29T10:11:51.608+0000][7792][gc,age       ] GC(441) - age  15:        544 bytes,    3704472 total
[2020-09-29T10:11:51.608+0000][7792][gc,phases    ] GC(441)   Pre Evacuate Collection Set: 0.5ms
[2020-09-29T10:11:51.609+0000][7792][gc,phases    ] GC(441)   Merge Heap Roots: 0.1ms
[2020-09-29T10:11:51.609+0000][7792][gc,phases    ] GC(441)   Evacuate Collection Set: 2.0ms
[2020-09-29T10:11:51.609+0000][7792][gc,phases    ] GC(441)   Post Evacuate Collection Set: 1.0ms
[2020-09-29T10:11:51.609+0000][7792][gc,phases    ] GC(441)   Other: 1.4ms
[2020-09-29T10:11:51.609+0000][7792][gc,heap      ] GC(441) Eden regions: 79->0(497)
[2020-09-29T10:11:51.609+0000][7792][gc,heap      ] GC(441) Survivor regions: 4->4(63)
[2020-09-29T10:11:51.609+0000][7792][gc,heap      ] GC(441) Old regions: 82->82
[2020-09-29T10:11:51.609+0000][7792][gc,heap      ] GC(441) Archive regions: 0->0
[2020-09-29T10:11:51.609+0000][7792][gc,heap      ] GC(441) Humongous regions: 374->174
[2020-09-29T10:11:51.609+0000][7792][gc,metaspace ] GC(441) Metaspace: 90087K(95872K)->90087K(95872K) NonClass: 78807K(82176K)->78807K(82176K) Class: 11279K(13696K)->11279K(13696K)
[2020-09-29T10:11:51.609+0000][7792][gc           ] GC(441) Pause Young (Concurrent Start) (G1 Humongous Allocation) 537M->259M(1024M) 5.473ms
[2020-09-29T10:11:51.609+0000][7792][gc,cpu       ] GC(441) User=0.02s Sys=0.00s Real=0.00s
[2020-09-29T10:11:51.609+0000][7792][safepoint    ] Safepoint "G1TryInitiateConcMark", Time since last: 42054100 ns, Reaching safepoint: 177300 ns, At safepoint: 5721700 ns, Total: 5899000 ns
[2020-09-29T10:11:51.609+0000][7792][gc           ] GC(442) Concurrent Cycle
[2020-09-29T10:11:51.609+0000][7792][gc,marking   ] GC(442) Concurrent Clear Claimed Marks
[2020-09-29T10:11:51.610+0000][7792][gc,marking   ] GC(442) Concurrent Clear Claimed Marks 0.567ms
[2020-09-29T10:11:51.610+0000][7792][gc,marking   ] GC(442) Concurrent Scan Root Regions
[2020-09-29T10:11:51.613+0000][7792][gc,marking   ] GC(442) Concurrent Scan Root Regions 3.044ms
[2020-09-29T10:11:51.613+0000][7792][gc,marking   ] GC(442) Concurrent Mark (974.715s)
[2020-09-29T10:11:51.613+0000][7792][gc,marking   ] GC(442) Concurrent Mark From Roots
[2020-09-29T10:11:51.613+0000][7792][gc,task      ] GC(442) Using 2 workers of 2 for marking
[2020-09-29T10:11:51.783+0000][7792][gc,marking   ] GC(442) Concurrent Mark From Roots 170.469ms
[2020-09-29T10:11:51.783+0000][7792][gc,marking   ] GC(442) Concurrent Preclean
[2020-09-29T10:11:51.784+0000][7792][gc,marking   ] GC(442) Concurrent Preclean 0.492ms
[2020-09-29T10:11:51.784+0000][7792][gc,marking   ] GC(442) Concurrent Mark (974.715s, 974.886s) 171.152ms
[2020-09-29T10:11:51.784+0000][7792][gc,start     ] GC(442) Pause Remark
[2020-09-29T10:11:51.792+0000][7792][gc           ] GC(442) Pause Remark 461M->461M(1024M) 7.833ms
[2020-09-29T10:11:51.792+0000][7792][gc,cpu       ] GC(442) User=0.00s Sys=0.00s Real=0.01s
[2020-09-29T10:11:51.792+0000][7792][safepoint    ] Safepoint "G1Concurrent", Time since last: 175265300 ns, Reaching safepoint: 149100 ns, At safepoint: 8099600 ns, Total: 8248700 ns
[2020-09-29T10:11:51.792+0000][7792][gc,marking   ] GC(442) Concurrent Rebuild Remembered Sets
[2020-09-29T10:11:51.866+0000][7792][gc,marking   ] GC(442) Concurrent Rebuild Remembered Sets 73.706ms
[2020-09-29T10:11:51.866+0000][7792][gc,start     ] GC(442) Pause Cleanup
[2020-09-29T10:11:51.867+0000][7792][gc           ] GC(442) Pause Cleanup 596M->596M(1024M) 0.352ms
[2020-09-29T10:11:51.867+0000][7792][gc,cpu       ] GC(442) User=0.00s Sys=0.00s Real=0.00s
[2020-09-29T10:11:51.867+0000][7792][safepoint    ] Safepoint "G1Concurrent", Time since last: 73862300 ns, Reaching safepoint: 165300 ns, At safepoint: 546600 ns, Total: 711900 ns
[2020-09-29T10:11:51.867+0000][7792][gc,marking   ] GC(442) Concurrent Cleanup for Next Mark
[2020-09-29T10:11:51.869+0000][7792][gc,marking   ] GC(442) Concurrent Cleanup for Next Mark 1.562ms
[2020-09-29T10:11:51.869+0000][7792][gc           ] GC(442) Concurrent Cycle 259.842ms
[2020-09-29T10:11:51.898+0000][7792][gc,start     ] GC(443) Pause Young (Concurrent Start) (G1 Humongous Allocation)
[2020-09-29T10:11:51.898+0000][7792][gc,task      ] GC(443) Using 8 workers of 8 for evacuation
[2020-09-29T10:11:51.898+0000][7792][gc,age       ] GC(443) Desired survivor size 33030144 bytes, new threshold 15 (max threshold 15)
[2020-09-29T10:11:51.903+0000][7792][gc,age       ] GC(443) Age table with threshold 15 (max threshold 15)
[2020-09-29T10:11:51.903+0000][7792][gc,age       ] GC(443) - age   1:    3512288 bytes,    3512288 total
[2020-09-29T10:11:51.903+0000][7792][gc,age       ] GC(443) - age   2:     411088 bytes,    3923376 total
[2020-09-29T10:11:51.903+0000][7792][gc,age       ] GC(443) - age   3:     406016 bytes,    4329392 total
[2020-09-29T10:11:51.903+0000][7792][gc,age       ] GC(443) - age   4:      84448 bytes,    4413840 total
[2020-09-29T10:11:51.903+0000][7792][gc,age       ] GC(443) - age   5:        832 bytes,    4414672 total
[2020-09-29T10:11:51.903+0000][7792][gc,age       ] GC(443) - age   6:       1928 bytes,    4416600 total
[2020-09-29T10:11:51.903+0000][7792][gc,age       ] GC(443) - age   7:       1432 bytes,    4418032 total
[2020-09-29T10:11:51.903+0000][7792][gc,age       ] GC(443) - age   8:       1352 bytes,    4419384 total
[2020-09-29T10:11:51.903+0000][7792][gc,age       ] GC(443) - age   9:       1920 bytes,    4421304 total
[2020-09-29T10:11:51.903+0000][7792][gc,age       ] GC(443) - age  10:       1264 bytes,    4422568 total
[2020-09-29T10:11:51.903+0000][7792][gc,age       ] GC(443) - age  11:        800 bytes,    4423368 total
[2020-09-29T10:11:51.903+0000][7792][gc,age       ] GC(443) - age  12:       1456 bytes,    4424824 total
[2020-09-29T10:11:51.903+0000][7792][gc,age       ] GC(443) - age  13:      14112 bytes,    4438936 total
[2020-09-29T10:11:51.903+0000][7792][gc,age       ] GC(443) - age  14:     102464 bytes,    4541400 total
[2020-09-29T10:11:51.903+0000][7792][gc,age       ] GC(443) - age  15:       1240 bytes,    4542640 total
[2020-09-29T10:11:51.903+0000][7792][gc,phases    ] GC(443)   Pre Evacuate Collection Set: 0.4ms
[2020-09-29T10:11:51.903+0000][7792][gc,phases    ] GC(443)   Merge Heap Roots: 0.1ms
[2020-09-29T10:11:51.903+0000][7792][gc,phases    ] GC(443)   Evacuate Collection Set: 2.5ms
[2020-09-29T10:11:51.903+0000][7792][gc,phases    ] GC(443)   Post Evacuate Collection Set: 1.0ms
[2020-09-29T10:11:51.903+0000][7792][gc,phases    ] GC(443)   Other: 0.9ms
[2020-09-29T10:11:51.903+0000][7792][gc,heap      ] GC(443) Eden regions: 99->0(496)
[2020-09-29T10:11:51.903+0000][7792][gc,heap      ] GC(443) Survivor regions: 4->5(63)
[2020-09-29T10:11:51.903+0000][7792][gc,heap      ] GC(443) Old regions: 82->82
[2020-09-29T10:11:51.903+0000][7792][gc,heap      ] GC(443) Archive regions: 0->0
[2020-09-29T10:11:51.903+0000][7792][gc,heap      ] GC(443) Humongous regions: 424->174
[2020-09-29T10:11:51.903+0000][7792][gc,metaspace ] GC(443) Metaspace: 90090K(95872K)->90090K(95872K) NonClass: 78810K(82176K)->78810K(82176K) Class: 11279K(13696K)->11279K(13696K)
[2020-09-29T10:11:51.903+0000][7792][gc           ] GC(443) Pause Young (Concurrent Start) (G1 Humongous Allocation) 607M->260M(1024M) 5.146ms
[2020-09-29T10:11:51.904+0000][7792][gc,cpu       ] GC(443) User=0.00s Sys=0.00s Real=0.01s
[2020-09-29T10:11:51.904+0000][7792][gc           ] GC(444) Concurrent Cycle
[2020-09-29T10:11:51.904+0000][7792][safepoint    ] Safepoint "G1TryInitiateConcMark", Time since last: 31194100 ns, Reaching safepoint: 155100 ns, At safepoint: 5330200 ns, Total: 5485300 ns
[2020-09-29T10:11:51.904+0000][7792][gc,marking   ] GC(444) Concurrent Clear Claimed Marks
[2020-09-29T10:11:51.904+0000][7792][gc,marking   ] GC(444) Concurrent Clear Claimed Marks 0.465ms
[2020-09-29T10:11:51.904+0000][7792][gc,marking   ] GC(444) Concurrent Scan Root Regions
[2020-09-29T10:11:51.907+0000][7792][gc,marking   ] GC(444) Concurrent Scan Root Regions 2.480ms
[2020-09-29T10:11:51.907+0000][7792][gc,marking   ] GC(444) Concurrent Mark (975.009s)
[2020-09-29T10:11:51.907+0000][7792][gc,marking   ] GC(444) Concurrent Mark From Roots
[2020-09-29T10:11:51.907+0000][7792][gc,task      ] GC(444) Using 2 workers of 2 for marking
[2020-09-29T10:11:52.061+0000][7792][gc,marking   ] GC(444) Concurrent Mark From Roots 153.874ms
[2020-09-29T10:11:52.061+0000][7792][gc,marking   ] GC(444) Concurrent Preclean
[2020-09-29T10:11:52.061+0000][7792][gc,marking   ] GC(444) Concurrent Preclean 0.452ms
[2020-09-29T10:11:52.061+0000][7792][gc,marking   ] GC(444) Concurrent Mark (975.009s, 975.163s) 154.488ms
[2020-09-29T10:11:52.062+0000][7792][gc,start     ] GC(444) Pause Remark
[2020-09-29T10:11:52.069+0000][7792][gc           ] GC(444) Pause Remark 461M->461M(1024M) 7.442ms
[2020-09-29T10:11:52.069+0000][7792][gc,cpu       ] GC(444) User=0.00s Sys=0.00s Real=0.01s
[2020-09-29T10:11:52.069+0000][7792][safepoint    ] Safepoint "G1Concurrent", Time since last: 157772700 ns, Reaching safepoint: 184100 ns, At safepoint: 7742400 ns, Total: 7926500 ns
[2020-09-29T10:11:52.069+0000][7792][gc,marking   ] GC(444) Concurrent Rebuild Remembered Sets
[2020-09-29T10:11:52.151+0000][7792][gc,marking   ] GC(444) Concurrent Rebuild Remembered Sets 81.492ms
[2020-09-29T10:11:52.151+0000][7792][gc,start     ] GC(444) Pause Cleanup
[2020-09-29T10:11:52.151+0000][7792][gc           ] GC(444) Pause Cleanup 538M->538M(1024M) 0.324ms
[2020-09-29T10:11:52.152+0000][7792][gc,cpu       ] GC(444) User=0.00s Sys=0.00s Real=0.00s
[2020-09-29T10:11:52.152+0000][7792][safepoint    ] Safepoint "G1Concurrent", Time since last: 81684900 ns, Reaching safepoint: 150000 ns, At safepoint: 511200 ns, Total: 661200 ns
[2020-09-29T10:11:52.152+0000][7792][gc,marking   ] GC(444) Concurrent Cleanup for Next Mark
[2020-09-29T10:11:52.153+0000][7792][gc,marking   ] GC(444) Concurrent Cleanup for Next Mark 1.786ms
[2020-09-29T10:11:52.154+0000][7792][gc           ] GC(444) Concurrent Cycle 250.046ms
[2020-09-29T10:11:52.155+0000][7792][gc,start     ] GC(445) Pause Young (Concurrent Start) (G1 Humongous Allocation)
[2020-09-29T10:11:52.155+0000][7792][gc,task      ] GC(445) Using 8 workers of 8 for evacuation
[2020-09-29T10:11:52.155+0000][7792][gc,age       ] GC(445) Desired survivor size 33030144 bytes, new threshold 15 (max threshold 15)
[2020-09-29T10:11:52.159+0000][7792][gc,age       ] GC(445) Age table with threshold 15 (max threshold 15)
[2020-09-29T10:11:52.159+0000][7792][gc,age       ] GC(445) - age   1:    3504864 bytes,    3504864 total
[2020-09-29T10:11:52.159+0000][7792][gc,age       ] GC(445) - age   2:     412232 bytes,    3917096 total
[2020-09-29T10:11:52.159+0000][7792][gc,age       ] GC(445) - age   3:     410208 bytes,    4327304 total
[2020-09-29T10:11:52.159+0000][7792][gc,age       ] GC(445) - age   4:     405688 bytes,    4732992 total
[2020-09-29T10:11:52.159+0000][7792][gc,age       ] GC(445) - age   5:      81264 bytes,    4814256 total
[2020-09-29T10:11:52.159+0000][7792][gc,age       ] GC(445) - age   6:        704 bytes,    4814960 total
[2020-09-29T10:11:52.159+0000][7792][gc,age       ] GC(445) - age   7:       1928 bytes,    4816888 total
[2020-09-29T10:11:52.160+0000][7792][gc,age       ] GC(445) - age   8:       1432 bytes,    4818320 total
[2020-09-29T10:11:52.160+0000][7792][gc,age       ] GC(445) - age   9:       1224 bytes,    4819544 total
[2020-09-29T10:11:52.160+0000][7792][gc,age       ] GC(445) - age  10:       1920 bytes,    4821464 total
[2020-09-29T10:11:52.160+0000][7792][gc,age       ] GC(445) - age  11:       1264 bytes,    4822728 total
[2020-09-29T10:11:52.160+0000][7792][gc,age       ] GC(445) - age  12:        768 bytes,    4823496 total
[2020-09-29T10:11:52.160+0000][7792][gc,age       ] GC(445) - age  13:       1456 bytes,    4824952 total
[2020-09-29T10:11:52.160+0000][7792][gc,age       ] GC(445) - age  14:      14112 bytes,    4839064 total
[2020-09-29T10:11:52.160+0000][7792][gc,age       ] GC(445) - age  15:     102464 bytes,    4941528 total
[2020-09-29T10:11:52.160+0000][7792][gc,phases    ] GC(445)   Pre Evacuate Collection Set: 0.4ms
[2020-09-29T10:11:52.160+0000][7792][gc,phases    ] GC(445)   Merge Heap Roots: 0.1ms
[2020-09-29T10:11:52.160+0000][7792][gc,phases    ] GC(445)   Evacuate Collection Set: 2.5ms
[2020-09-29T10:11:52.160+0000][7792][gc,phases    ] GC(445)   Post Evacuate Collection Set: 0.7ms
[2020-09-29T10:11:52.160+0000][7792][gc,phases    ] GC(445)   Other: 0.8ms
[2020-09-29T10:11:52.160+0000][7792][gc,heap      ] GC(445) Eden regions: 79->0(496)
[2020-09-29T10:11:52.160+0000][7792][gc,heap      ] GC(445) Survivor regions: 5->5(63)
[2020-09-29T10:11:52.160+0000][7792][gc,heap      ] GC(445) Old regions: 82->82
[2020-09-29T10:11:52.160+0000][7792][gc,heap      ] GC(445) Archive regions: 0->0
[2020-09-29T10:11:52.160+0000][7792][gc,heap      ] GC(445) Humongous regions: 374->174
[2020-09-29T10:11:52.160+0000][7792][gc,metaspace ] GC(445) Metaspace: 90098K(96128K)->90098K(96128K) NonClass: 78818K(82432K)->78818K(82432K) Class: 11279K(13696K)->11279K(13696K)
[2020-09-29T10:11:52.160+0000][7792][gc           ] GC(445) Pause Young (Concurrent Start) (G1 Humongous Allocation) 539M->260M(1024M) 4.718ms
[2020-09-29T10:11:52.160+0000][7792][gc,cpu       ] GC(445) User=0.02s Sys=0.00s Real=0.01s
[2020-09-29T10:11:52.160+0000][7792][gc           ] GC(446) Concurrent Cycle
[2020-09-29T10:11:52.160+0000][7792][safepoint    ] Safepoint "G1TryInitiateConcMark", Time since last: 3370000 ns, Reaching safepoint: 323100 ns, At safepoint: 4935100 ns, Total: 5258200 ns
[2020-09-29T10:11:52.160+0000][7792][gc,marking   ] GC(446) Concurrent Clear Claimed Marks
[2020-09-29T10:11:52.161+0000][7792][gc,marking   ] GC(446) Concurrent Clear Claimed Marks 0.479ms
[2020-09-29T10:11:52.161+0000][7792][gc,marking   ] GC(446) Concurrent Scan Root Regions
[2020-09-29T10:11:52.164+0000][7792][gc,marking   ] GC(446) Concurrent Scan Root Regions 2.680ms
[2020-09-29T10:11:52.164+0000][7792][gc,marking   ] GC(446) Concurrent Mark (975.266s)
[2020-09-29T10:11:52.164+0000][7792][gc,marking   ] GC(446) Concurrent Mark From Roots
[2020-09-29T10:11:52.164+0000][7792][gc,task      ] GC(446) Using 2 workers of 2 for marking
[2020-09-29T10:11:52.279+0000][7792][gc,marking   ] GC(446) Concurrent Mark From Roots 115.558ms
[2020-09-29T10:11:52.279+0000][7792][gc,marking   ] GC(446) Concurrent Preclean
[2020-09-29T10:11:52.280+0000][7792][gc,marking   ] GC(446) Concurrent Preclean 0.587ms
[2020-09-29T10:11:52.280+0000][7792][gc,marking   ] GC(446) Concurrent Mark (975.266s, 975.382s) 116.317ms
[2020-09-29T10:11:52.280+0000][7792][gc,start     ] GC(446) Pause Remark
[2020-09-29T10:11:52.288+0000][7792][gc           ] GC(446) Pause Remark 455M->455M(1024M) 7.793ms
[2020-09-29T10:11:52.288+0000][7792][gc,cpu       ] GC(446) User=0.08s Sys=0.02s Real=0.01s
[2020-09-29T10:11:52.288+0000][7792][safepoint    ] Safepoint "G1Concurrent", Time since last: 119793700 ns, Reaching safepoint: 179800 ns, At safepoint: 8070400 ns, Total: 8250200 ns
[2020-09-29T10:11:52.288+0000][7792][gc,marking   ] GC(446) Concurrent Rebuild Remembered Sets
[2020-09-29T10:11:52.365+0000][7792][gc,marking   ] GC(446) Concurrent Rebuild Remembered Sets 76.686ms
[2020-09-29T10:11:52.365+0000][7792][gc,start     ] GC(446) Pause Cleanup
[2020-09-29T10:11:52.366+0000][7792][gc           ] GC(446) Pause Cleanup 467M->467M(1024M) 0.432ms
[2020-09-29T10:11:52.366+0000][7792][gc,cpu       ] GC(446) User=0.00s Sys=0.00s Real=0.00s
[2020-09-29T10:11:52.366+0000][7792][safepoint    ] Safepoint "G1Concurrent", Time since last: 76894900 ns, Reaching safepoint: 154600 ns, At safepoint: 660100 ns, Total: 814700 ns
[2020-09-29T10:11:52.366+0000][7792][gc,marking   ] GC(446) Concurrent Cleanup for Next Mark
[2020-09-29T10:11:52.368+0000][7792][gc,marking   ] GC(446) Concurrent Cleanup for Next Mark 1.487ms
[2020-09-29T10:11:52.368+0000][7792][gc           ] GC(446) Concurrent Cycle 207.473ms
[2020-09-29T10:11:53.366+0000][7792][safepoint    ] Safepoint "Cleanup", Time since last: 1000099400 ns, Reaching safepoint: 187100 ns, At safepoint: 11800 ns, Total: 198900 ns
[2020-09-29T10:11:55.367+0000][7792][safepoint    ] Safepoint "Cleanup", Time since last: 2000023600 ns, Reaching safepoint: 155800 ns, At safepoint: 10000 ns, Total: 165800 ns
[2020-09-29T10:11:55.795+0000][7792][gc,start     ] GC(447) Pause Young (Concurrent Start) (G1 Humongous Allocation)
[2020-09-29T10:11:55.796+0000][7792][gc,task      ] GC(447) Using 8 workers of 8 for evacuation
[2020-09-29T10:11:55.796+0000][7792][gc,age       ] GC(447) Desired survivor size 33030144 bytes, new threshold 15 (max threshold 15)
[2020-09-29T10:11:55.800+0000][7792][gc,age       ] GC(447) Age table with threshold 15 (max threshold 15)
[2020-09-29T10:11:55.800+0000][7792][gc,age       ] GC(447) - age   1:   10991008 bytes,   10991008 total
[2020-09-29T10:11:55.800+0000][7792][gc,age       ] GC(447) - age   2:       2728 bytes,   10993736 total
[2020-09-29T10:11:55.801+0000][7792][gc,age       ] GC(447) - age   3:       2712 bytes,   10996448 total
[2020-09-29T10:11:55.801+0000][7792][gc,age       ] GC(447) - age   4:       1424 bytes,   10997872 total
[2020-09-29T10:11:55.801+0000][7792][gc,age       ] GC(447) - age   5:       1880 bytes,   10999752 total
[2020-09-29T10:11:55.801+0000][7792][gc,age       ] GC(447) - age   6:      77584 bytes,   11077336 total
[2020-09-29T10:11:55.801+0000][7792][gc,age       ] GC(447) - age   7:        680 bytes,   11078016 total
[2020-09-29T10:11:55.801+0000][7792][gc,age       ] GC(447) - age   8:       1408 bytes,   11079424 total
[2020-09-29T10:11:55.801+0000][7792][gc,age       ] GC(447) - age   9:       1400 bytes,   11080824 total
[2020-09-29T10:11:55.801+0000][7792][gc,age       ] GC(447) - age  10:       1224 bytes,   11082048 total
[2020-09-29T10:11:55.801+0000][7792][gc,age       ] GC(447) - age  11:       1376 bytes,   11083424 total
[2020-09-29T10:11:55.801+0000][7792][gc,age       ] GC(447) - age  12:        864 bytes,   11084288 total
[2020-09-29T10:11:55.801+0000][7792][gc,age       ] GC(447) - age  13:        768 bytes,   11085056 total
[2020-09-29T10:11:55.801+0000][7792][gc,age       ] GC(447) - age  14:       1360 bytes,   11086416 total
[2020-09-29T10:11:55.801+0000][7792][gc,age       ] GC(447) - age  15:      13984 bytes,   11100400 total
[2020-09-29T10:11:55.801+0000][7792][gc,phases    ] GC(447)   Pre Evacuate Collection Set: 0.5ms
[2020-09-29T10:11:55.801+0000][7792][gc,phases    ] GC(447)   Merge Heap Roots: 0.1ms
[2020-09-29T10:11:55.801+0000][7792][gc,phases    ] GC(447)   Evacuate Collection Set: 3.0ms
[2020-09-29T10:11:55.801+0000][7792][gc,phases    ] GC(447)   Post Evacuate Collection Set: 1.0ms
[2020-09-29T10:11:55.801+0000][7792][gc,phases    ] GC(447)   Other: 1.1ms
[2020-09-29T10:11:55.801+0000][7792][gc,heap      ] GC(447) Eden regions: 86->0(484)
[2020-09-29T10:11:55.801+0000][7792][gc,heap      ] GC(447) Survivor regions: 5->11(63)
[2020-09-29T10:11:55.801+0000][7792][gc,heap      ] GC(447) Old regions: 82->82
[2020-09-29T10:11:55.801+0000][7792][gc,heap      ] GC(447) Archive regions: 0->0
[2020-09-29T10:11:55.801+0000][7792][gc,heap      ] GC(447) Humongous regions: 324->174
[2020-09-29T10:11:55.801+0000][7792][gc,metaspace ] GC(447) Metaspace: 90113K(96128K)->90113K(96128K) NonClass: 78833K(82432K)->78833K(82432K) Class: 11279K(13696K)->11279K(13696K)
[2020-09-29T10:11:55.801+0000][7792][gc           ] GC(447) Pause Young (Concurrent Start) (G1 Humongous Allocation) 495M->266M(1024M) 5.841ms
[2020-09-29T10:11:55.801+0000][7792][gc,cpu       ] GC(447) User=0.00s Sys=0.02s Real=0.01s
[2020-09-29T10:11:55.801+0000][7792][gc           ] GC(448) Concurrent Cycle
[2020-09-29T10:11:55.801+0000][7792][safepoint    ] Safepoint "G1TryInitiateConcMark", Time since last: 428742300 ns, Reaching safepoint: 208000 ns, At safepoint: 6019400 ns, Total: 6227400 ns
[2020-09-29T10:11:55.801+0000][7792][gc,marking   ] GC(448) Concurrent Clear Claimed Marks
[2020-09-29T10:11:55.803+0000][7792][gc,marking   ] GC(448) Concurrent Clear Claimed Marks 0.734ms
[2020-09-29T10:11:55.803+0000][7792][gc,marking   ] GC(448) Concurrent Scan Root Regions
[2020-09-29T10:11:55.806+0000][7792][gc,marking   ] GC(448) Concurrent Scan Root Regions 3.262ms
[2020-09-29T10:11:55.806+0000][7792][gc,marking   ] GC(448) Concurrent Mark (978.908s)
[2020-09-29T10:11:55.806+0000][7792][gc,marking   ] GC(448) Concurrent Mark From Roots
[2020-09-29T10:11:55.806+0000][7792][gc,task      ] GC(448) Using 2 workers of 2 for marking
[2020-09-29T10:11:55.976+0000][7792][gc,marking   ] GC(448) Concurrent Mark From Roots 169.888ms
[2020-09-29T10:11:55.976+0000][7792][gc,marking   ] GC(448) Concurrent Preclean
[2020-09-29T10:11:55.977+0000][7792][gc,marking   ] GC(448) Concurrent Preclean 0.522ms
[2020-09-29T10:11:55.977+0000][7792][gc,marking   ] GC(448) Concurrent Mark (978.908s, 979.079s) 170.597ms
[2020-09-29T10:11:55.977+0000][7792][gc,start     ] GC(448) Pause Remark
[2020-09-29T10:11:55.985+0000][7792][gc           ] GC(448) Pause Remark 596M->596M(1024M) 8.145ms
[2020-09-29T10:11:55.985+0000][7792][gc,cpu       ] GC(448) User=0.11s Sys=0.00s Real=0.01s
[2020-09-29T10:11:55.986+0000][7792][safepoint    ] Safepoint "G1Concurrent", Time since last: 175025600 ns, Reaching safepoint: 162900 ns, At safepoint: 8569100 ns, Total: 8732000 ns
[2020-09-29T10:11:55.986+0000][7792][gc,marking   ] GC(448) Concurrent Rebuild Remembered Sets
[2020-09-29T10:11:56.066+0000][7792][gc,marking   ] GC(448) Concurrent Rebuild Remembered Sets 80.429ms
[2020-09-29T10:11:56.066+0000][7792][gc,start     ] GC(448) Pause Cleanup
[2020-09-29T10:11:56.067+0000][7792][gc           ] GC(448) Pause Cleanup 667M->667M(1024M) 0.366ms
[2020-09-29T10:11:56.067+0000][7792][gc,cpu       ] GC(448) User=0.00s Sys=0.00s Real=0.00s
[2020-09-29T10:11:56.067+0000][7792][safepoint    ] Safepoint "G1Concurrent", Time since last: 80631300 ns, Reaching safepoint: 154000 ns, At safepoint: 581800 ns, Total: 735800 ns
[2020-09-29T10:11:56.067+0000][7792][gc,marking   ] GC(448) Concurrent Cleanup for Next Mark
[2020-09-29T10:11:56.069+0000][7792][gc,marking   ] GC(448) Concurrent Cleanup for Next Mark 1.750ms
[2020-09-29T10:11:56.069+0000][7792][gc           ] GC(448) Concurrent Cycle 267.102ms
[2020-09-29T10:11:56.114+0000][7792][gc,start     ] GC(449) Pause Young (Concurrent Start) (G1 Humongous Allocation)
[2020-09-29T10:11:56.115+0000][7792][gc,task      ] GC(449) Using 8 workers of 8 for evacuation
[2020-09-29T10:11:56.115+0000][7792][gc,age       ] GC(449) Desired survivor size 32505856 bytes, new threshold 15 (max threshold 15)
[2020-09-29T10:11:56.118+0000][7792][gc,age       ] GC(449) Age table with threshold 15 (max threshold 15)
[2020-09-29T10:11:56.119+0000][7792][gc,age       ] GC(449) - age   1:    3113392 bytes,    3113392 total
[2020-09-29T10:11:56.119+0000][7792][gc,age       ] GC(449) - age   2:      15304 bytes,    3128696 total
[2020-09-29T10:11:56.119+0000][7792][gc,age       ] GC(449) - age   3:       1856 bytes,    3130552 total
[2020-09-29T10:11:56.119+0000][7792][gc,age       ] GC(449) - age   4:       2496 bytes,    3133048 total
[2020-09-29T10:11:56.119+0000][7792][gc,age       ] GC(449) - age   5:       1328 bytes,    3134376 total
[2020-09-29T10:11:56.119+0000][7792][gc,age       ] GC(449) - age   6:       1848 bytes,    3136224 total
[2020-09-29T10:11:56.119+0000][7792][gc,age       ] GC(449) - age   7:      77128 bytes,    3213352 total
[2020-09-29T10:11:56.119+0000][7792][gc,age       ] GC(449) - age   8:        648 bytes,    3214000 total
[2020-09-29T10:11:56.119+0000][7792][gc,age       ] GC(449) - age   9:       1248 bytes,    3215248 total
[2020-09-29T10:11:56.119+0000][7792][gc,age       ] GC(449) - age  10:       1400 bytes,    3216648 total
[2020-09-29T10:11:56.119+0000][7792][gc,age       ] GC(449) - age  11:       1224 bytes,    3217872 total
[2020-09-29T10:11:56.119+0000][7792][gc,age       ] GC(449) - age  12:       1200 bytes,    3219072 total
[2020-09-29T10:11:56.119+0000][7792][gc,age       ] GC(449) - age  13:        864 bytes,    3219936 total
[2020-09-29T10:11:56.119+0000][7792][gc,age       ] GC(449) - age  14:        672 bytes,    3220608 total
[2020-09-29T10:11:56.119+0000][7792][gc,age       ] GC(449) - age  15:       1360 bytes,    3221968 total
[2020-09-29T10:11:56.119+0000][7792][gc,phases    ] GC(449)   Pre Evacuate Collection Set: 0.4ms
[2020-09-29T10:11:56.119+0000][7792][gc,phases    ] GC(449)   Merge Heap Roots: 0.1ms
[2020-09-29T10:11:56.119+0000][7792][gc,phases    ] GC(449)   Evacuate Collection Set: 2.2ms
[2020-09-29T10:11:56.119+0000][7792][gc,phases    ] GC(449)   Post Evacuate Collection Set: 1.0ms
[2020-09-29T10:11:56.119+0000][7792][gc,phases    ] GC(449)   Other: 1.1ms
[2020-09-29T10:11:56.119+0000][7792][gc,heap      ] GC(449) Eden regions: 105->0(493)
[2020-09-29T10:11:56.119+0000][7792][gc,heap      ] GC(449) Survivor regions: 11->4(62)
[2020-09-29T10:11:56.119+0000][7792][gc,heap      ] GC(449) Old regions: 82->82
[2020-09-29T10:11:56.119+0000][7792][gc,heap      ] GC(449) Archive regions: 0->0
[2020-09-29T10:11:56.120+0000][7792][gc,heap      ] GC(449) Humongous regions: 480->174
[2020-09-29T10:11:56.120+0000][7792][gc,metaspace ] GC(449) Metaspace: 90115K(96128K)->90115K(96128K) NonClass: 78836K(82432K)->78836K(82432K) Class: 11279K(13696K)->11279K(13696K)
[2020-09-29T10:11:56.120+0000][7792][gc           ] GC(449) Pause Young (Concurrent Start) (G1 Humongous Allocation) 677M->259M(1024M) 5.158ms
[2020-09-29T10:11:56.120+0000][7792][gc,cpu       ] GC(449) User=0.00s Sys=0.00s Real=0.01s
[2020-09-29T10:11:56.120+0000][7792][gc           ] GC(450) Concurrent Cycle
[2020-09-29T10:11:56.120+0000][7792][safepoint    ] Safepoint "G1TryInitiateConcMark", Time since last: 47204100 ns, Reaching safepoint: 198300 ns, At safepoint: 5424200 ns, Total: 5622500 ns
[2020-09-29T10:11:56.120+0000][7792][gc,marking   ] GC(450) Concurrent Clear Claimed Marks
[2020-09-29T10:11:56.120+0000][7792][gc,marking   ] GC(450) Concurrent Clear Claimed Marks 0.400ms
[2020-09-29T10:11:56.120+0000][7792][gc,marking   ] GC(450) Concurrent Scan Root Regions
[2020-09-29T10:11:56.122+0000][7792][gc,marking   ] GC(450) Concurrent Scan Root Regions 1.983ms
[2020-09-29T10:11:56.122+0000][7792][gc,marking   ] GC(450) Concurrent Mark (979.224s)
[2020-09-29T10:11:56.123+0000][7792][gc,marking   ] GC(450) Concurrent Mark From Roots
[2020-09-29T10:11:56.123+0000][7792][gc,task      ] GC(450) Using 2 workers of 2 for marking
[2020-09-29T10:11:56.271+0000][7792][gc,marking   ] GC(450) Concurrent Mark From Roots 148.551ms
[2020-09-29T10:11:56.271+0000][7792][gc,marking   ] GC(450) Concurrent Preclean
[2020-09-29T10:11:56.272+0000][7792][gc,marking   ] GC(450) Concurrent Preclean 0.545ms
[2020-09-29T10:11:56.272+0000][7792][gc,marking   ] GC(450) Concurrent Mark (979.224s, 979.374s) 149.320ms
[2020-09-29T10:11:56.272+0000][7792][gc,start     ] GC(450) Pause Remark
[2020-09-29T10:11:56.279+0000][7792][gc           ] GC(450) Pause Remark 325M->325M(1024M) 7.353ms
[2020-09-29T10:11:56.279+0000][7792][gc,cpu       ] GC(450) User=0.00s Sys=0.00s Real=0.01s
[2020-09-29T10:11:56.280+0000][7792][safepoint    ] Safepoint "G1Concurrent", Time since last: 152030200 ns, Reaching safepoint: 158000 ns, At safepoint: 7562700 ns, Total: 7720700 ns
[2020-09-29T10:11:56.280+0000][7792][gc,marking   ] GC(450) Concurrent Rebuild Remembered Sets
[2020-09-29T10:11:56.370+0000][7792][gc,marking   ] GC(450) Concurrent Rebuild Remembered Sets 90.579ms
[2020-09-29T10:11:56.371+0000][7792][gc,start     ] GC(450) Pause Cleanup
[2020-09-29T10:11:56.371+0000][7792][gc           ] GC(450) Pause Cleanup 326M->326M(1024M) 0.360ms
[2020-09-29T10:11:56.371+0000][7792][gc,cpu       ] GC(450) User=0.00s Sys=0.00s Real=0.00s
[2020-09-29T10:11:56.371+0000][7792][safepoint    ] Safepoint "G1Concurrent", Time since last: 90805800 ns, Reaching safepoint: 188800 ns, At safepoint: 558500 ns, Total: 747300 ns
[2020-09-29T10:11:56.371+0000][7792][gc,marking   ] GC(450) Concurrent Cleanup for Next Mark
[2020-09-29T10:11:56.373+0000][7792][gc,marking   ] GC(450) Concurrent Cleanup for Next Mark 1.546ms
[2020-09-29T10:11:56.373+0000][7792][gc           ] GC(450) Concurrent Cycle 253.106ms
[2020-09-29T10:11:56.859+0000][7792][gc,start     ] GC(451) Pause Young (Concurrent Start) (G1 Humongous Allocation)
[2020-09-29T10:11:56.859+0000][7792][gc,task      ] GC(451) Using 8 workers of 8 for evacuation
[2020-09-29T10:11:56.859+0000][7792][gc,age       ] GC(451) Desired survivor size 33030144 bytes, new threshold 15 (max threshold 15)
[2020-09-29T10:11:56.863+0000][7792][gc,age       ] GC(451) Age table with threshold 15 (max threshold 15)
[2020-09-29T10:11:56.863+0000][7792][gc,age       ] GC(451) - age   1:    2824512 bytes,    2824512 total
[2020-09-29T10:11:56.863+0000][7792][gc,age       ] GC(451) - age   2:      13184 bytes,    2837696 total
[2020-09-29T10:11:56.863+0000][7792][gc,age       ] GC(451) - age   3:      13160 bytes,    2850856 total
[2020-09-29T10:11:56.863+0000][7792][gc,age       ] GC(451) - age   4:       1856 bytes,    2852712 total
[2020-09-29T10:11:56.863+0000][7792][gc,age       ] GC(451) - age   5:       2136 bytes,    2854848 total
[2020-09-29T10:11:56.863+0000][7792][gc,age       ] GC(451) - age   6:       1328 bytes,    2856176 total
[2020-09-29T10:11:56.863+0000][7792][gc,age       ] GC(451) - age   7:       1816 bytes,    2857992 total
[2020-09-29T10:11:56.863+0000][7792][gc,age       ] GC(451) - age   8:      17536 bytes,    2875528 total
[2020-09-29T10:11:56.863+0000][7792][gc,age       ] GC(451) - age   9:        616 bytes,    2876144 total
[2020-09-29T10:11:56.863+0000][7792][gc,age       ] GC(451) - age  10:       1248 bytes,    2877392 total
[2020-09-29T10:11:56.863+0000][7792][gc,age       ] GC(451) - age  11:       1400 bytes,    2878792 total
[2020-09-29T10:11:56.863+0000][7792][gc,age       ] GC(451) - age  12:       1224 bytes,    2880016 total
[2020-09-29T10:11:56.863+0000][7792][gc,age       ] GC(451) - age  13:       1128 bytes,    2881144 total
[2020-09-29T10:11:56.863+0000][7792][gc,age       ] GC(451) - age  14:        864 bytes,    2882008 total
[2020-09-29T10:11:56.863+0000][7792][gc,age       ] GC(451) - age  15:        672 bytes,    2882680 total
[2020-09-29T10:11:56.864+0000][7792][gc,phases    ] GC(451)   Pre Evacuate Collection Set: 0.6ms
[2020-09-29T10:11:56.864+0000][7792][gc,phases    ] GC(451)   Merge Heap Roots: 0.1ms
[2020-09-29T10:11:56.864+0000][7792][gc,phases    ] GC(451)   Evacuate Collection Set: 2.2ms
[2020-09-29T10:11:56.864+0000][7792][gc,phases    ] GC(451)   Post Evacuate Collection Set: 0.8ms
[2020-09-29T10:11:56.864+0000][7792][gc,phases    ] GC(451)   Other: 1.0ms
[2020-09-29T10:11:56.864+0000][7792][gc,heap      ] GC(451) Eden regions: 27->0(495)
[2020-09-29T10:11:56.864+0000][7792][gc,heap      ] GC(451) Survivor regions: 4->4(63)
[2020-09-29T10:11:56.864+0000][7792][gc,heap      ] GC(451) Old regions: 82->82
[2020-09-29T10:11:56.864+0000][7792][gc,heap      ] GC(451) Archive regions: 0->0
[2020-09-29T10:11:56.864+0000][7792][gc,heap      ] GC(451) Humongous regions: 225->174
[2020-09-29T10:11:56.864+0000][7792][gc,metaspace ] GC(451) Metaspace: 90220K(96128K)->90220K(96128K) NonClass: 78928K(82432K)->78928K(82432K) Class: 11292K(13696K)->11292K(13696K)
[2020-09-29T10:11:56.864+0000][7792][gc           ] GC(451) Pause Young (Concurrent Start) (G1 Humongous Allocation) 337M->258M(1024M) 4.903ms
[2020-09-29T10:11:56.864+0000][7792][gc,cpu       ] GC(451) User=0.00s Sys=0.00s Real=0.01s
[2020-09-29T10:11:56.864+0000][7792][gc           ] GC(452) Concurrent Cycle
[2020-09-29T10:11:56.864+0000][7792][safepoint    ] Safepoint "G1TryInitiateConcMark", Time since last: 488354000 ns, Reaching safepoint: 201700 ns, At safepoint: 5120700 ns, Total: 5322400 ns
[2020-09-29T10:11:56.864+0000][7792][gc,marking   ] GC(452) Concurrent Clear Claimed Marks
[2020-09-29T10:11:56.865+0000][7792][gc,marking   ] GC(452) Concurrent Clear Claimed Marks 0.433ms
[2020-09-29T10:11:56.865+0000][7792][gc,marking   ] GC(452) Concurrent Scan Root Regions
[2020-09-29T10:11:56.866+0000][7792][gc,marking   ] GC(452) Concurrent Scan Root Regions 1.716ms
[2020-09-29T10:11:56.867+0000][7792][gc,marking   ] GC(452) Concurrent Mark (979.969s)
[2020-09-29T10:11:56.867+0000][7792][gc,marking   ] GC(452) Concurrent Mark From Roots
[2020-09-29T10:11:56.867+0000][7792][gc,task      ] GC(452) Using 2 workers of 2 for marking
[2020-09-29T10:11:57.017+0000][7792][gc,marking   ] GC(452) Concurrent Mark From Roots 150.254ms
[2020-09-29T10:11:57.017+0000][7792][gc,marking   ] GC(452) Concurrent Preclean
[2020-09-29T10:11:57.017+0000][7792][gc,marking   ] GC(452) Concurrent Preclean 0.546ms
[2020-09-29T10:11:57.017+0000][7792][gc,marking   ] GC(452) Concurrent Mark (979.969s, 980.120s) 150.995ms
[2020-09-29T10:11:57.018+0000][7792][gc,start     ] GC(452) Pause Remark
[2020-09-29T10:11:57.026+0000][7792][gc           ] GC(452) Pause Remark 392M->392M(1024M) 8.567ms
[2020-09-29T10:11:57.026+0000][7792][gc,cpu       ] GC(452) User=0.00s Sys=0.00s Real=0.01s
[2020-09-29T10:11:57.027+0000][7792][safepoint    ] Safepoint "G1Concurrent", Time since last: 153510200 ns, Reaching safepoint: 141800 ns, At safepoint: 8845300 ns, Total: 8987100 ns
[2020-09-29T10:11:57.027+0000][7792][gc,marking   ] GC(452) Concurrent Rebuild Remembered Sets
[2020-09-29T10:11:57.104+0000][7792][gc,marking   ] GC(452) Concurrent Rebuild Remembered Sets 77.926ms
[2020-09-29T10:11:57.105+0000][7792][gc,start     ] GC(452) Pause Cleanup
[2020-09-29T10:11:57.105+0000][7792][gc           ] GC(452) Pause Cleanup 392M->392M(1024M) 0.317ms
[2020-09-29T10:11:57.105+0000][7792][gc,cpu       ] GC(452) User=0.00s Sys=0.00s Real=0.00s
[2020-09-29T10:11:57.105+0000][7792][safepoint    ] Safepoint "G1Concurrent", Time since last: 78147200 ns, Reaching safepoint: 450600 ns, At safepoint: 489700 ns, Total: 940300 ns
[2020-09-29T10:11:57.106+0000][7792][gc,marking   ] GC(452) Concurrent Cleanup for Next Mark
[2020-09-29T10:11:57.107+0000][7792][gc,marking   ] GC(452) Concurrent Cleanup for Next Mark 1.438ms
[2020-09-29T10:11:57.107+0000][7792][gc           ] GC(452) Concurrent Cycle 243.303ms
[2020-09-29T10:11:57.496+0000][7792][gc,start     ] GC(453) Pause Young (Concurrent Start) (G1 Humongous Allocation)
[2020-09-29T10:11:57.496+0000][7792][gc,task      ] GC(453) Using 8 workers of 8 for evacuation
[2020-09-29T10:11:57.496+0000][7792][gc,age       ] GC(453) Desired survivor size 33030144 bytes, new threshold 15 (max threshold 15)
[2020-09-29T10:11:57.501+0000][7792][gc,age       ] GC(453) Age table with threshold 15 (max threshold 15)
[2020-09-29T10:11:57.501+0000][7792][gc,age       ] GC(453) - age   1:   13535504 bytes,   13535504 total
[2020-09-29T10:11:57.501+0000][7792][gc,age       ] GC(453) - age   2:     149880 bytes,   13685384 total
[2020-09-29T10:11:57.501+0000][7792][gc,age       ] GC(453) - age   3:      10352 bytes,   13695736 total
[2020-09-29T10:11:57.501+0000][7792][gc,age       ] GC(453) - age   4:       9464 bytes,   13705200 total
[2020-09-29T10:11:57.501+0000][7792][gc,age       ] GC(453) - age   5:       1856 bytes,   13707056 total
[2020-09-29T10:11:57.501+0000][7792][gc,age       ] GC(453) - age   6:       2040 bytes,   13709096 total
[2020-09-29T10:11:57.501+0000][7792][gc,age       ] GC(453) - age   7:       1200 bytes,   13710296 total
[2020-09-29T10:11:57.501+0000][7792][gc,age       ] GC(453) - age   8:       1816 bytes,   13712112 total
[2020-09-29T10:11:57.501+0000][7792][gc,age       ] GC(453) - age   9:      17448 bytes,   13729560 total
[2020-09-29T10:11:57.501+0000][7792][gc,age       ] GC(453) - age  10:        616 bytes,   13730176 total
[2020-09-29T10:11:57.501+0000][7792][gc,age       ] GC(453) - age  11:       1248 bytes,   13731424 total
[2020-09-29T10:11:57.502+0000][7792][gc,age       ] GC(453) - age  12:       1400 bytes,   13732824 total
[2020-09-29T10:11:57.502+0000][7792][gc,age       ] GC(453) - age  13:       1224 bytes,   13734048 total
[2020-09-29T10:11:57.502+0000][7792][gc,age       ] GC(453) - age  14:       1096 bytes,   13735144 total
[2020-09-29T10:11:57.502+0000][7792][gc,age       ] GC(453) - age  15:        864 bytes,   13736008 total
[2020-09-29T10:11:57.502+0000][7792][gc,phases    ] GC(453)   Pre Evacuate Collection Set: 0.4ms
[2020-09-29T10:11:57.502+0000][7792][gc,phases    ] GC(453)   Merge Heap Roots: 0.1ms
[2020-09-29T10:11:57.502+0000][7792][gc,phases    ] GC(453)   Evacuate Collection Set: 3.5ms
[2020-09-29T10:11:57.502+0000][7792][gc,phases    ] GC(453)   Post Evacuate Collection Set: 0.8ms
[2020-09-29T10:11:57.502+0000][7792][gc,phases    ] GC(453)   Other: 1.0ms
[2020-09-29T10:11:57.502+0000][7792][gc,heap      ] GC(453) Eden regions: 57->0(476)
[2020-09-29T10:11:57.502+0000][7792][gc,heap      ] GC(453) Survivor regions: 4->14(63)
[2020-09-29T10:11:57.502+0000][7792][gc,heap      ] GC(453) Old regions: 82->82
[2020-09-29T10:11:57.502+0000][7792][gc,heap      ] GC(453) Archive regions: 0->0
[2020-09-29T10:11:57.502+0000][7792][gc,heap      ] GC(453) Humongous regions: 273->174
[2020-09-29T10:11:57.502+0000][7792][gc,metaspace ] GC(453) Metaspace: 90220K(96128K)->90220K(96128K) NonClass: 78928K(82432K)->78928K(82432K) Class: 11292K(13696K)->11292K(13696K)
[2020-09-29T10:11:57.502+0000][7792][gc           ] GC(453) Pause Young (Concurrent Start) (G1 Humongous Allocation) 414M->269M(1024M) 6.297ms
[2020-09-29T10:11:57.502+0000][7792][gc,cpu       ] GC(453) User=0.11s Sys=0.00s Real=0.01s
[2020-09-29T10:11:57.502+0000][7792][gc           ] GC(454) Concurrent Cycle
[2020-09-29T10:11:57.502+0000][7792][safepoint    ] Safepoint "G1TryInitiateConcMark", Time since last: 389510700 ns, Reaching safepoint: 178400 ns, At safepoint: 6542500 ns, Total: 6720900 ns
[2020-09-29T10:11:57.502+0000][7792][gc,marking   ] GC(454) Concurrent Clear Claimed Marks
[2020-09-29T10:11:57.503+0000][7792][gc,marking   ] GC(454) Concurrent Clear Claimed Marks 0.468ms
[2020-09-29T10:11:57.503+0000][7792][gc,marking   ] GC(454) Concurrent Scan Root Regions
[2020-09-29T10:11:57.506+0000][7792][gc,marking   ] GC(454) Concurrent Scan Root Regions 3.157ms
[2020-09-29T10:11:57.506+0000][7792][gc,marking   ] GC(454) Concurrent Mark (980.608s)
[2020-09-29T10:11:57.506+0000][7792][gc,marking   ] GC(454) Concurrent Mark From Roots
[2020-09-29T10:11:57.506+0000][7792][gc,task      ] GC(454) Using 2 workers of 2 for marking
[2020-09-29T10:11:57.657+0000][7792][gc,marking   ] GC(454) Concurrent Mark From Roots 150.328ms
[2020-09-29T10:11:57.657+0000][7792][gc,marking   ] GC(454) Concurrent Preclean
[2020-09-29T10:11:57.657+0000][7792][gc,marking   ] GC(454) Concurrent Preclean 0.718ms
[2020-09-29T10:11:57.658+0000][7792][gc,marking   ] GC(454) Concurrent Mark (980.608s, 980.759s) 151.290ms
[2020-09-29T10:11:57.658+0000][7792][gc,start     ] GC(454) Pause Remark
[2020-09-29T10:11:57.666+0000][7792][gc           ] GC(454) Pause Remark 603M->603M(1024M) 7.678ms
[2020-09-29T10:11:57.666+0000][7792][gc,cpu       ] GC(454) User=0.00s Sys=0.00s Real=0.01s
[2020-09-29T10:11:57.666+0000][7792][safepoint    ] Safepoint "G1Concurrent", Time since last: 155208000 ns, Reaching safepoint: 158000 ns, At safepoint: 7943400 ns, Total: 8101400 ns
[2020-09-29T10:11:57.666+0000][7792][gc,marking   ] GC(454) Concurrent Rebuild Remembered Sets
[2020-09-29T10:11:57.763+0000][7792][gc,marking   ] GC(454) Concurrent Rebuild Remembered Sets 97.616ms
[2020-09-29T10:11:57.764+0000][7792][gc,start     ] GC(454) Pause Cleanup
[2020-09-29T10:11:57.765+0000][7792][gc           ] GC(454) Pause Cleanup 669M->669M(1024M) 0.518ms
[2020-09-29T10:11:57.765+0000][7792][gc,cpu       ] GC(454) User=0.02s Sys=0.00s Real=0.00s
[2020-09-29T10:11:57.765+0000][7792][safepoint    ] Safepoint "G1Concurrent", Time since last: 97818600 ns, Reaching safepoint: 182500 ns, At safepoint: 1017800 ns, Total: 1200300 ns
[2020-09-29T10:11:57.765+0000][7792][gc,marking   ] GC(454) Concurrent Cleanup for Next Mark
[2020-09-29T10:11:57.767+0000][7792][gc,marking   ] GC(454) Concurrent Cleanup for Next Mark 1.782ms
[2020-09-29T10:11:57.767+0000][7792][gc           ] GC(454) Concurrent Cycle 264.397ms
[2020-09-29T10:11:57.794+0000][7792][gc,start     ] GC(455) Pause Young (Concurrent Start) (G1 Humongous Allocation)
[2020-09-29T10:11:57.794+0000][7792][gc,task      ] GC(455) Using 8 workers of 8 for evacuation
[2020-09-29T10:11:57.794+0000][7792][gc,age       ] GC(455) Desired survivor size 32505856 bytes, new threshold 15 (max threshold 15)
[2020-09-29T10:11:57.798+0000][7792][gc,age       ] GC(455) Age table with threshold 15 (max threshold 15)
[2020-09-29T10:11:57.798+0000][7792][gc,age       ] GC(455) - age   1:    3104928 bytes,    3104928 total
[2020-09-29T10:11:57.798+0000][7792][gc,age       ] GC(455) - age   2:       4416 bytes,    3109344 total
[2020-09-29T10:11:57.798+0000][7792][gc,age       ] GC(455) - age   3:     146368 bytes,    3255712 total
[2020-09-29T10:11:57.798+0000][7792][gc,age       ] GC(455) - age   4:       2128 bytes,    3257840 total
[2020-09-29T10:11:57.798+0000][7792][gc,age       ] GC(455) - age   5:       9400 bytes,    3267240 total
[2020-09-29T10:11:57.798+0000][7792][gc,age       ] GC(455) - age   6:       1856 bytes,    3269096 total
[2020-09-29T10:11:57.798+0000][7792][gc,age       ] GC(455) - age   7:       1848 bytes,    3270944 total
[2020-09-29T10:11:57.798+0000][7792][gc,age       ] GC(455) - age   8:       1168 bytes,    3272112 total
[2020-09-29T10:11:57.798+0000][7792][gc,age       ] GC(455) - age   9:       1816 bytes,    3273928 total
[2020-09-29T10:11:57.798+0000][7792][gc,age       ] GC(455) - age  10:      17448 bytes,    3291376 total
[2020-09-29T10:11:57.798+0000][7792][gc,age       ] GC(455) - age  11:        616 bytes,    3291992 total
[2020-09-29T10:11:57.798+0000][7792][gc,age       ] GC(455) - age  12:       1216 bytes,    3293208 total
[2020-09-29T10:11:57.798+0000][7792][gc,age       ] GC(455) - age  13:       1368 bytes,    3294576 total
[2020-09-29T10:11:57.798+0000][7792][gc,age       ] GC(455) - age  14:       1160 bytes,    3295736 total
[2020-09-29T10:11:57.798+0000][7792][gc,age       ] GC(455) - age  15:       1000 bytes,    3296736 total
[2020-09-29T10:11:57.798+0000][7792][gc,phases    ] GC(455)   Pre Evacuate Collection Set: 0.4ms
[2020-09-29T10:11:57.798+0000][7792][gc,phases    ] GC(455)   Merge Heap Roots: 0.1ms
[2020-09-29T10:11:57.798+0000][7792][gc,phases    ] GC(455)   Evacuate Collection Set: 2.0ms
[2020-09-29T10:11:57.798+0000][7792][gc,phases    ] GC(455)   Post Evacuate Collection Set: 1.1ms
[2020-09-29T10:11:57.798+0000][7792][gc,phases    ] GC(455)   Other: 1.1ms
[2020-09-29T10:11:57.798+0000][7792][gc,heap      ] GC(455) Eden regions: 102->0(490)
[2020-09-29T10:11:57.798+0000][7792][gc,heap      ] GC(455) Survivor regions: 14->4(62)
[2020-09-29T10:11:57.798+0000][7792][gc,heap      ] GC(455) Old regions: 82->82
[2020-09-29T10:11:57.798+0000][7792][gc,heap      ] GC(455) Archive regions: 0->0
[2020-09-29T10:11:57.799+0000][7792][gc,heap      ] GC(455) Humongous regions: 480->174
[2020-09-29T10:11:57.799+0000][7792][gc,metaspace ] GC(455) Metaspace: 90225K(96128K)->90225K(96128K) NonClass: 78933K(82432K)->78933K(82432K) Class: 11292K(13696K)->11292K(13696K)
[2020-09-29T10:11:57.799+0000][7792][gc           ] GC(455) Pause Young (Concurrent Start) (G1 Humongous Allocation) 677M->259M(1024M) 5.114ms
[2020-09-29T10:11:57.799+0000][7792][gc,cpu       ] GC(455) User=0.02s Sys=0.00s Real=0.01s
[2020-09-29T10:11:57.799+0000][7792][safepoint    ] Safepoint "G1TryInitiateConcMark", Time since last: 28513700 ns, Reaching safepoint: 166500 ns, At safepoint: 5339300 ns, Total: 5505800 ns
[2020-09-29T10:11:57.799+0000][7792][gc           ] GC(456) Concurrent Cycle
[2020-09-29T10:11:57.799+0000][7792][gc,marking   ] GC(456) Concurrent Clear Claimed Marks
[2020-09-29T10:11:57.799+0000][7792][gc,marking   ] GC(456) Concurrent Clear Claimed Marks 0.472ms
[2020-09-29T10:11:57.800+0000][7792][gc,marking   ] GC(456) Concurrent Scan Root Regions
[2020-09-29T10:11:57.802+0000][7792][gc,marking   ] GC(456) Concurrent Scan Root Regions 2.520ms
[2020-09-29T10:11:57.802+0000][7792][gc,marking   ] GC(456) Concurrent Mark (980.904s)
[2020-09-29T10:11:57.802+0000][7792][gc,marking   ] GC(456) Concurrent Mark From Roots
[2020-09-29T10:11:57.802+0000][7792][gc,task      ] GC(456) Using 2 workers of 2 for marking
[2020-09-29T10:11:57.966+0000][7792][gc,marking   ] GC(456) Concurrent Mark From Roots 163.475ms
[2020-09-29T10:11:57.966+0000][7792][gc,marking   ] GC(456) Concurrent Preclean
[2020-09-29T10:11:57.967+0000][7792][gc,marking   ] GC(456) Concurrent Preclean 1.055ms
[2020-09-29T10:11:57.967+0000][7792][gc,marking   ] GC(456) Concurrent Mark (980.904s, 981.069s) 164.918ms
[2020-09-29T10:11:57.968+0000][7792][gc,start     ] GC(456) Pause Remark
[2020-09-29T10:11:57.976+0000][7792][gc           ] GC(456) Pause Remark 437M->437M(1024M) 8.824ms
[2020-09-29T10:11:57.977+0000][7792][gc,cpu       ] GC(456) User=0.00s Sys=0.02s Real=0.01s
[2020-09-29T10:11:57.977+0000][7792][safepoint    ] Safepoint "G1Concurrent", Time since last: 168500700 ns, Reaching safepoint: 227700 ns, At safepoint: 9228000 ns, Total: 9455700 ns
[2020-09-29T10:11:57.977+0000][7792][gc,marking   ] GC(456) Concurrent Rebuild Remembered Sets
[2020-09-29T10:11:58.076+0000][7792][gc,marking   ] GC(456) Concurrent Rebuild Remembered Sets 98.843ms
[2020-09-29T10:11:58.076+0000][7792][gc,start     ] GC(456) Pause Cleanup
[2020-09-29T10:11:58.076+0000][7792][gc           ] GC(456) Pause Cleanup 526M->526M(1024M) 0.370ms
[2020-09-29T10:11:58.076+0000][7792][gc,cpu       ] GC(456) User=0.00s Sys=0.00s Real=0.00s
[2020-09-29T10:11:58.076+0000][7792][safepoint    ] Safepoint "G1Concurrent", Time since last: 99058200 ns, Reaching safepoint: 193900 ns, At safepoint: 555200 ns, Total: 749100 ns
[2020-09-29T10:11:58.077+0000][7792][gc,marking   ] GC(456) Concurrent Cleanup for Next Mark
[2020-09-29T10:11:58.078+0000][7792][gc,marking   ] GC(456) Concurrent Cleanup for Next Mark 1.638ms
[2020-09-29T10:11:58.078+0000][7792][gc           ] GC(456) Concurrent Cycle 279.645ms
[2020-09-29T10:11:58.114+0000][7792][gc,start     ] GC(457) Pause Young (Concurrent Start) (G1 Humongous Allocation)
[2020-09-29T10:11:58.114+0000][7792][gc,task      ] GC(457) Using 8 workers of 8 for evacuation
[2020-09-29T10:11:58.114+0000][7792][gc,age       ] GC(457) Desired survivor size 32505856 bytes, new threshold 15 (max threshold 15)
[2020-09-29T10:11:58.119+0000][7792][gc,age       ] GC(457) Age table with threshold 15 (max threshold 15)
[2020-09-29T10:11:58.119+0000][7792][gc,age       ] GC(457) - age   1:    3501864 bytes,    3501864 total
[2020-09-29T10:11:58.119+0000][7792][gc,age       ] GC(457) - age   2:      14080 bytes,    3515944 total
[2020-09-29T10:11:58.119+0000][7792][gc,age       ] GC(457) - age   3:       3472 bytes,    3519416 total
[2020-09-29T10:11:58.119+0000][7792][gc,age       ] GC(457) - age   4:     146136 bytes,    3665552 total
[2020-09-29T10:11:58.119+0000][7792][gc,age       ] GC(457) - age   5:       2128 bytes,    3667680 total
[2020-09-29T10:11:58.119+0000][7792][gc,age       ] GC(457) - age   6:       9400 bytes,    3677080 total
[2020-09-29T10:11:58.119+0000][7792][gc,age       ] GC(457) - age   7:       1792 bytes,    3678872 total
[2020-09-29T10:11:58.119+0000][7792][gc,age       ] GC(457) - age   8:       1464 bytes,    3680336 total
[2020-09-29T10:11:58.119+0000][7792][gc,age       ] GC(457) - age   9:        880 bytes,    3681216 total
[2020-09-29T10:11:58.119+0000][7792][gc,age       ] GC(457) - age  10:       1816 bytes,    3683032 total
[2020-09-29T10:11:58.119+0000][7792][gc,age       ] GC(457) - age  11:      17448 bytes,    3700480 total
[2020-09-29T10:11:58.119+0000][7792][gc,age       ] GC(457) - age  12:        552 bytes,    3701032 total
[2020-09-29T10:11:58.119+0000][7792][gc,age       ] GC(457) - age  13:       1216 bytes,    3702248 total
[2020-09-29T10:11:58.119+0000][7792][gc,age       ] GC(457) - age  14:       1368 bytes,    3703616 total
[2020-09-29T10:11:58.119+0000][7792][gc,age       ] GC(457) - age  15:       1160 bytes,    3704776 total
[2020-09-29T10:11:58.119+0000][7792][gc,phases    ] GC(457)   Pre Evacuate Collection Set: 0.5ms
[2020-09-29T10:11:58.119+0000][7792][gc,phases    ] GC(457)   Merge Heap Roots: 0.1ms
[2020-09-29T10:11:58.119+0000][7792][gc,phases    ] GC(457)   Evacuate Collection Set: 2.6ms
[2020-09-29T10:11:58.119+0000][7792][gc,phases    ] GC(457)   Post Evacuate Collection Set: 0.9ms
[2020-09-29T10:11:58.119+0000][7792][gc,phases    ] GC(457)   Other: 0.9ms
[2020-09-29T10:11:58.119+0000][7792][gc,heap      ] GC(457) Eden regions: 79->0(491)
[2020-09-29T10:11:58.119+0000][7792][gc,heap      ] GC(457) Survivor regions: 4->4(62)
[2020-09-29T10:11:58.119+0000][7792][gc,heap      ] GC(457) Old regions: 82->82
[2020-09-29T10:11:58.119+0000][7792][gc,heap      ] GC(457) Archive regions: 0->0
[2020-09-29T10:11:58.119+0000][7792][gc,heap      ] GC(457) Humongous regions: 374->174
[2020-09-29T10:11:58.119+0000][7792][gc,metaspace ] GC(457) Metaspace: 90226K(96128K)->90226K(96128K) NonClass: 78934K(82432K)->78934K(82432K) Class: 11292K(13696K)->11292K(13696K)
[2020-09-29T10:11:58.119+0000][7792][gc           ] GC(457) Pause Young (Concurrent Start) (G1 Humongous Allocation) 538M->259M(1024M) 5.232ms
[2020-09-29T10:11:58.120+0000][7792][gc,cpu       ] GC(457) User=0.00s Sys=0.00s Real=0.01s
[2020-09-29T10:11:58.120+0000][7792][gc           ] GC(458) Concurrent Cycle
[2020-09-29T10:11:58.120+0000][7792][safepoint    ] Safepoint "G1TryInitiateConcMark", Time since last: 37507600 ns, Reaching safepoint: 184400 ns, At safepoint: 5433700 ns, Total: 5618100 ns
[2020-09-29T10:11:58.120+0000][7792][gc,marking   ] GC(458) Concurrent Clear Claimed Marks
[2020-09-29T10:11:58.120+0000][7792][gc,marking   ] GC(458) Concurrent Clear Claimed Marks 0.417ms
[2020-09-29T10:11:58.120+0000][7792][gc,marking   ] GC(458) Concurrent Scan Root Regions
[2020-09-29T10:11:58.123+0000][7792][gc,marking   ] GC(458) Concurrent Scan Root Regions 2.779ms
[2020-09-29T10:11:58.123+0000][7792][gc,marking   ] GC(458) Concurrent Mark (981.225s)
[2020-09-29T10:11:58.123+0000][7792][gc,marking   ] GC(458) Concurrent Mark From Roots
[2020-09-29T10:11:58.123+0000][7792][gc,task      ] GC(458) Using 2 workers of 2 for marking
[2020-09-29T10:11:58.306+0000][7792][gc,marking   ] GC(458) Concurrent Mark From Roots 183.157ms
[2020-09-29T10:11:58.306+0000][7792][gc,marking   ] GC(458) Concurrent Preclean
[2020-09-29T10:11:58.307+0000][7792][gc,marking   ] GC(458) Concurrent Preclean 0.740ms
[2020-09-29T10:11:58.307+0000][7792][gc,marking   ] GC(458) Concurrent Mark (981.225s, 981.409s) 184.131ms
[2020-09-29T10:11:58.308+0000][7792][gc,start     ] GC(458) Pause Remark
[2020-09-29T10:11:58.317+0000][7792][gc           ] GC(458) Pause Remark 390M->390M(1024M) 9.142ms
[2020-09-29T10:11:58.317+0000][7792][gc,cpu       ] GC(458) User=0.09s Sys=0.00s Real=0.01s
[2020-09-29T10:11:58.317+0000][7792][safepoint    ] Safepoint "G1Concurrent", Time since last: 187702400 ns, Reaching safepoint: 333900 ns, At safepoint: 9599900 ns, Total: 9933800 ns
[2020-09-29T10:11:58.317+0000][7792][gc,marking   ] GC(458) Concurrent Rebuild Remembered Sets
[2020-09-29T10:11:58.420+0000][7792][gc,marking   ] GC(458) Concurrent Rebuild Remembered Sets 103.092ms
[2020-09-29T10:11:58.421+0000][7792][gc,start     ] GC(458) Pause Cleanup
[2020-09-29T10:11:58.422+0000][7792][gc           ] GC(458) Pause Cleanup 455M->455M(1024M) 0.490ms
[2020-09-29T10:11:58.422+0000][7792][gc,cpu       ] GC(458) User=0.00s Sys=0.00s Real=0.00s
[2020-09-29T10:11:58.423+0000][7792][safepoint    ] Safepoint "G1Concurrent", Time since last: 103374400 ns, Reaching safepoint: 530300 ns, At safepoint: 1550900 ns, Total: 2081200 ns
[2020-09-29T10:11:58.423+0000][7792][gc,marking   ] GC(458) Concurrent Cleanup for Next Mark
[2020-09-29T10:11:58.424+0000][7792][gc,marking   ] GC(458) Concurrent Cleanup for Next Mark 1.761ms
[2020-09-29T10:11:58.425+0000][7792][gc           ] GC(458) Concurrent Cycle 305.154ms
[2020-09-29T10:11:58.512+0000][7792][gc,start     ] GC(459) Pause Young (Concurrent Start) (G1 Humongous Allocation)
[2020-09-29T10:11:58.512+0000][7792][gc,task      ] GC(459) Using 8 workers of 8 for evacuation
[2020-09-29T10:11:58.512+0000][7792][gc,age       ] GC(459) Desired survivor size 32505856 bytes, new threshold 15 (max threshold 15)
[2020-09-29T10:11:58.518+0000][7792][gc,age       ] GC(459) Age table with threshold 15 (max threshold 15)
[2020-09-29T10:11:58.518+0000][7792][gc,age       ] GC(459) - age   1:    3086384 bytes,    3086384 total
[2020-09-29T10:11:58.518+0000][7792][gc,age       ] GC(459) - age   2:     410208 bytes,    3496592 total
[2020-09-29T10:11:58.518+0000][7792][gc,age       ] GC(459) - age   3:      10520 bytes,    3507112 total
[2020-09-29T10:11:58.518+0000][7792][gc,age       ] GC(459) - age   4:       1464 bytes,    3508576 total
[2020-09-29T10:11:58.518+0000][7792][gc,age       ] GC(459) - age   5:     146136 bytes,    3654712 total
[2020-09-29T10:11:58.518+0000][7792][gc,age       ] GC(459) - age   6:       1936 bytes,    3656648 total
[2020-09-29T10:11:58.519+0000][7792][gc,age       ] GC(459) - age   7:       8904 bytes,    3665552 total
[2020-09-29T10:11:58.519+0000][7792][gc,age       ] GC(459) - age   8:       1760 bytes,    3667312 total
[2020-09-29T10:11:58.519+0000][7792][gc,age       ] GC(459) - age   9:       1432 bytes,    3668744 total
[2020-09-29T10:11:58.519+0000][7792][gc,age       ] GC(459) - age  10:        880 bytes,    3669624 total
[2020-09-29T10:11:58.519+0000][7792][gc,age       ] GC(459) - age  11:       1784 bytes,    3671408 total
[2020-09-29T10:11:58.519+0000][7792][gc,age       ] GC(459) - age  12:      17448 bytes,    3688856 total
[2020-09-29T10:11:58.519+0000][7792][gc,age       ] GC(459) - age  13:        520 bytes,    3689376 total
[2020-09-29T10:11:58.519+0000][7792][gc,age       ] GC(459) - age  14:       1216 bytes,    3690592 total
[2020-09-29T10:11:58.519+0000][7792][gc,age       ] GC(459) - age  15:       1368 bytes,    3691960 total
[2020-09-29T10:11:58.519+0000][7792][gc,phases    ] GC(459)   Pre Evacuate Collection Set: 0.5ms
[2020-09-29T10:11:58.519+0000][7792][gc,phases    ] GC(459)   Merge Heap Roots: 0.1ms
[2020-09-29T10:11:58.519+0000][7792][gc,phases    ] GC(459)   Evacuate Collection Set: 2.4ms
[2020-09-29T10:11:58.519+0000][7792][gc,phases    ] GC(459)   Post Evacuate Collection Set: 3.1ms
[2020-09-29T10:11:58.519+0000][7792][gc,phases    ] GC(459)   Other: 1.1ms
[2020-09-29T10:11:58.519+0000][7792][gc,heap      ] GC(459) Eden regions: 62->0(493)
[2020-09-29T10:11:58.519+0000][7792][gc,heap      ] GC(459) Survivor regions: 4->4(62)
[2020-09-29T10:11:58.519+0000][7792][gc,heap      ] GC(459) Old regions: 82->82
[2020-09-29T10:11:58.519+0000][7792][gc,heap      ] GC(459) Archive regions: 0->0
[2020-09-29T10:11:58.519+0000][7792][gc,heap      ] GC(459) Humongous regions: 324->174
[2020-09-29T10:11:58.519+0000][7792][gc,metaspace ] GC(459) Metaspace: 90226K(96128K)->90226K(96128K) NonClass: 78934K(82432K)->78934K(82432K) Class: 11292K(13696K)->11292K(13696K)
[2020-09-29T10:11:58.519+0000][7792][gc           ] GC(459) Pause Young (Concurrent Start) (G1 Humongous Allocation) 471M->259M(1024M) 7.707ms
[2020-09-29T10:11:58.519+0000][7792][gc,cpu       ] GC(459) User=0.11s Sys=0.00s Real=0.01s
[2020-09-29T10:11:58.519+0000][7792][safepoint    ] Safepoint "G1TryInitiateConcMark", Time since last: 88763300 ns, Reaching safepoint: 162500 ns, At safepoint: 7933700 ns, Total: 8096200 ns
[2020-09-29T10:11:58.520+0000][7792][gc           ] GC(460) Concurrent Cycle
[2020-09-29T10:11:58.520+0000][7792][gc,marking   ] GC(460) Concurrent Clear Claimed Marks
[2020-09-29T10:11:58.520+0000][7792][gc,marking   ] GC(460) Concurrent Clear Claimed Marks 0.566ms
[2020-09-29T10:11:58.520+0000][7792][gc,marking   ] GC(460) Concurrent Scan Root Regions
[2020-09-29T10:11:58.523+0000][7792][gc,marking   ] GC(460) Concurrent Scan Root Regions 2.546ms
[2020-09-29T10:11:58.523+0000][7792][gc,marking   ] GC(460) Concurrent Mark (981.625s)
[2020-09-29T10:11:58.523+0000][7792][gc,marking   ] GC(460) Concurrent Mark From Roots
[2020-09-29T10:11:58.523+0000][7792][gc,task      ] GC(460) Using 2 workers of 2 for marking
[2020-09-29T10:11:58.695+0000][7792][gc,marking   ] GC(460) Concurrent Mark From Roots 172.318ms
[2020-09-29T10:11:58.695+0000][7792][gc,marking   ] GC(460) Concurrent Preclean
[2020-09-29T10:11:58.696+0000][7792][gc,marking   ] GC(460) Concurrent Preclean 0.637ms
[2020-09-29T10:11:58.696+0000][7792][gc,marking   ] GC(460) Concurrent Mark (981.625s, 981.798s) 173.178ms
[2020-09-29T10:11:58.696+0000][7792][gc,start     ] GC(460) Pause Remark
[2020-09-29T10:11:58.707+0000][7792][gc           ] GC(460) Pause Remark 324M->324M(1024M) 10.351ms
[2020-09-29T10:11:58.707+0000][7792][gc,cpu       ] GC(460) User=0.09s Sys=0.00s Real=0.01s
[2020-09-29T10:11:58.707+0000][7792][safepoint    ] Safepoint "G1Concurrent", Time since last: 176805700 ns, Reaching safepoint: 176100 ns, At safepoint: 10638900 ns, Total: 10815000 ns
[2020-09-29T10:11:58.707+0000][7792][gc,marking   ] GC(460) Concurrent Rebuild Remembered Sets
[2020-09-29T10:11:58.813+0000][7792][gc,marking   ] GC(460) Concurrent Rebuild Remembered Sets 105.643ms
[2020-09-29T10:11:58.813+0000][7792][gc,start     ] GC(460) Pause Cleanup
[2020-09-29T10:11:58.814+0000][7792][gc           ] GC(460) Pause Cleanup 389M->389M(1024M) 0.827ms
[2020-09-29T10:11:58.814+0000][7792][gc,cpu       ] GC(460) User=0.00s Sys=0.00s Real=0.00s
[2020-09-29T10:11:58.814+0000][7792][safepoint    ] Safepoint "G1Concurrent", Time since last: 105859700 ns, Reaching safepoint: 188500 ns, At safepoint: 1103900 ns, Total: 1292400 ns
[2020-09-29T10:11:58.815+0000][7792][gc,marking   ] GC(460) Concurrent Cleanup for Next Mark
[2020-09-29T10:11:58.817+0000][7792][gc,marking   ] GC(460) Concurrent Cleanup for Next Mark 2.006ms
[2020-09-29T10:11:58.817+0000][7792][gc           ] GC(460) Concurrent Cycle 297.145ms
[2020-09-29T10:11:58.892+0000][7792][gc,start     ] GC(461) Pause Young (Concurrent Start) (G1 Humongous Allocation)
[2020-09-29T10:11:58.893+0000][7792][gc,task      ] GC(461) Using 8 workers of 8 for evacuation
[2020-09-29T10:11:58.893+0000][7792][gc,age       ] GC(461) Desired survivor size 33030144 bytes, new threshold 15 (max threshold 15)
[2020-09-29T10:11:58.897+0000][7792][gc,age       ] GC(461) Age table with threshold 15 (max threshold 15)
[2020-09-29T10:11:58.897+0000][7792][gc,age       ] GC(461) - age   1:    2889080 bytes,    2889080 total
[2020-09-29T10:11:58.897+0000][7792][gc,age       ] GC(461) - age   2:     414112 bytes,    3303192 total
[2020-09-29T10:11:58.897+0000][7792][gc,age       ] GC(461) - age   3:     406712 bytes,    3709904 total
[2020-09-29T10:11:58.897+0000][7792][gc,age       ] GC(461) - age   4:       9424 bytes,    3719328 total
[2020-09-29T10:11:58.897+0000][7792][gc,age       ] GC(461) - age   5:       1464 bytes,    3720792 total
[2020-09-29T10:11:58.897+0000][7792][gc,age       ] GC(461) - age   6:     146136 bytes,    3866928 total
[2020-09-29T10:11:58.897+0000][7792][gc,age       ] GC(461) - age   7:       1936 bytes,    3868864 total
[2020-09-29T10:11:58.897+0000][7792][gc,age       ] GC(461) - age   8:       8904 bytes,    3877768 total
[2020-09-29T10:11:58.897+0000][7792][gc,age       ] GC(461) - age   9:       1696 bytes,    3879464 total
[2020-09-29T10:11:58.897+0000][7792][gc,age       ] GC(461) - age  10:       1432 bytes,    3880896 total
[2020-09-29T10:11:58.897+0000][7792][gc,age       ] GC(461) - age  11:        880 bytes,    3881776 total
[2020-09-29T10:11:58.898+0000][7792][gc,age       ] GC(461) - age  12:       1784 bytes,    3883560 total
[2020-09-29T10:11:58.898+0000][7792][gc,age       ] GC(461) - age  13:      17416 bytes,    3900976 total
[2020-09-29T10:11:58.898+0000][7792][gc,age       ] GC(461) - age  14:        520 bytes,    3901496 total
[2020-09-29T10:11:58.898+0000][7792][gc,age       ] GC(461) - age  15:       1216 bytes,    3902712 total
[2020-09-29T10:11:58.898+0000][7792][gc,phases    ] GC(461)   Pre Evacuate Collection Set: 0.4ms
[2020-09-29T10:11:58.898+0000][7792][gc,phases    ] GC(461)   Merge Heap Roots: 0.1ms
[2020-09-29T10:11:58.898+0000][7792][gc,phases    ] GC(461)   Evacuate Collection Set: 2.8ms
[2020-09-29T10:11:58.898+0000][7792][gc,phases    ] GC(461)   Post Evacuate Collection Set: 0.9ms
[2020-09-29T10:11:58.898+0000][7792][gc,phases    ] GC(461)   Other: 1.2ms
[2020-09-29T10:11:58.898+0000][7792][gc,heap      ] GC(461) Eden regions: 40->0(495)
[2020-09-29T10:11:58.898+0000][7792][gc,heap      ] GC(461) Survivor regions: 4->4(63)
[2020-09-29T10:11:58.898+0000][7792][gc,heap      ] GC(461) Old regions: 82->82
[2020-09-29T10:11:58.898+0000][7792][gc,heap      ] GC(461) Archive regions: 0->0
[2020-09-29T10:11:58.898+0000][7792][gc,heap      ] GC(461) Humongous regions: 274->174
[2020-09-29T10:11:58.898+0000][7792][gc,metaspace ] GC(461) Metaspace: 90226K(96128K)->90226K(96128K) NonClass: 78934K(82432K)->78934K(82432K) Class: 11292K(13696K)->11292K(13696K)
[2020-09-29T10:11:58.898+0000][7792][gc           ] GC(461) Pause Young (Concurrent Start) (G1 Humongous Allocation) 399M->259M(1024M) 5.775ms
[2020-09-29T10:11:58.898+0000][7792][gc,cpu       ] GC(461) User=0.00s Sys=0.00s Real=0.01s
[2020-09-29T10:11:58.898+0000][7792][gc           ] GC(462) Concurrent Cycle
[2020-09-29T10:11:58.898+0000][7792][safepoint    ] Safepoint "G1TryInitiateConcMark", Time since last: 77701000 ns, Reaching safepoint: 196800 ns, At safepoint: 6005600 ns, Total: 6202400 ns
[2020-09-29T10:11:58.898+0000][7792][gc,marking   ] GC(462) Concurrent Clear Claimed Marks
[2020-09-29T10:11:58.899+0000][7792][gc,marking   ] GC(462) Concurrent Clear Claimed Marks 0.539ms
[2020-09-29T10:11:58.899+0000][7792][gc,marking   ] GC(462) Concurrent Scan Root Regions
[2020-09-29T10:11:58.902+0000][7792][gc,marking   ] GC(462) Concurrent Scan Root Regions 2.439ms
[2020-09-29T10:11:58.902+0000][7792][gc,marking   ] GC(462) Concurrent Mark (982.004s)
[2020-09-29T10:11:58.902+0000][7792][gc,marking   ] GC(462) Concurrent Mark From Roots
[2020-09-29T10:11:58.902+0000][7792][gc,task      ] GC(462) Using 2 workers of 2 for marking
[2020-09-29T10:11:59.071+0000][7792][gc,marking   ] GC(462) Concurrent Mark From Roots 169.679ms
[2020-09-29T10:11:59.071+0000][7792][gc,marking   ] GC(462) Concurrent Preclean
[2020-09-29T10:11:59.072+0000][7792][gc,marking   ] GC(462) Concurrent Preclean 0.711ms
[2020-09-29T10:11:59.072+0000][7792][gc,marking   ] GC(462) Concurrent Mark (982.004s, 982.174s) 170.607ms
[2020-09-29T10:11:59.072+0000][7792][gc,start     ] GC(462) Pause Remark
[2020-09-29T10:11:59.081+0000][7792][gc           ] GC(462) Pause Remark 322M->322M(1024M) 8.368ms
[2020-09-29T10:11:59.081+0000][7792][gc,cpu       ] GC(462) User=0.11s Sys=0.00s Real=0.01s
[2020-09-29T10:11:59.081+0000][7792][safepoint    ] Safepoint "G1Concurrent", Time since last: 173978100 ns, Reaching safepoint: 582000 ns, At safepoint: 8690100 ns, Total: 9272100 ns
[2020-09-29T10:11:59.081+0000][7792][gc,marking   ] GC(462) Concurrent Rebuild Remembered Sets
[2020-09-29T10:11:59.181+0000][7792][gc,marking   ] GC(462) Concurrent Rebuild Remembered Sets 99.878ms
[2020-09-29T10:11:59.194+0000][7792][gc,start     ] GC(462) Pause Cleanup
[2020-09-29T10:11:59.194+0000][7792][gc           ] GC(462) Pause Cleanup 389M->389M(1024M) 0.453ms
[2020-09-29T10:11:59.194+0000][7792][gc,cpu       ] GC(462) User=0.00s Sys=0.00s Real=0.00s
[2020-09-29T10:11:59.195+0000][7792][safepoint    ] Safepoint "G1Concurrent", Time since last: 100106500 ns, Reaching safepoint: 12547700 ns, At safepoint: 856800 ns, Total: 13404500 ns
[2020-09-29T10:11:59.195+0000][7792][gc,marking   ] GC(462) Concurrent Cleanup for Next Mark
[2020-09-29T10:11:59.196+0000][7792][gc,marking   ] GC(462) Concurrent Cleanup for Next Mark 1.766ms
[2020-09-29T10:11:59.197+0000][7792][gc           ] GC(462) Concurrent Cycle 298.780ms
[2020-09-29T10:11:59.274+0000][7792][gc,start     ] GC(463) Pause Young (Concurrent Start) (G1 Humongous Allocation)
[2020-09-29T10:11:59.274+0000][7792][gc,task      ] GC(463) Using 8 workers of 8 for evacuation
[2020-09-29T10:11:59.274+0000][7792][gc,age       ] GC(463) Desired survivor size 33030144 bytes, new threshold 15 (max threshold 15)
[2020-09-29T10:11:59.279+0000][7792][gc,age       ] GC(463) Age table with threshold 15 (max threshold 15)
[2020-09-29T10:11:59.279+0000][7792][gc,age       ] GC(463) - age   1:    2881600 bytes,    2881600 total
[2020-09-29T10:11:59.279+0000][7792][gc,age       ] GC(463) - age   2:     207912 bytes,    3089512 total
[2020-09-29T10:11:59.279+0000][7792][gc,age       ] GC(463) - age   3:     409848 bytes,    3499360 total
[2020-09-29T10:11:59.279+0000][7792][gc,age       ] GC(463) - age   4:     405120 bytes,    3904480 total
[2020-09-29T10:11:59.279+0000][7792][gc,age       ] GC(463) - age   5:       9344 bytes,    3913824 total
[2020-09-29T10:11:59.279+0000][7792][gc,age       ] GC(463) - age   6:       1464 bytes,    3915288 total
[2020-09-29T10:11:59.279+0000][7792][gc,age       ] GC(463) - age   7:     146136 bytes,    4061424 total
[2020-09-29T10:11:59.279+0000][7792][gc,age       ] GC(463) - age   8:       1936 bytes,    4063360 total
[2020-09-29T10:11:59.279+0000][7792][gc,age       ] GC(463) - age   9:       8808 bytes,    4072168 total
[2020-09-29T10:11:59.279+0000][7792][gc,age       ] GC(463) - age  10:       1664 bytes,    4073832 total
[2020-09-29T10:11:59.279+0000][7792][gc,age       ] GC(463) - age  11:       1368 bytes,    4075200 total
[2020-09-29T10:11:59.279+0000][7792][gc,age       ] GC(463) - age  12:        880 bytes,    4076080 total
[2020-09-29T10:11:59.279+0000][7792][gc,age       ] GC(463) - age  13:       1784 bytes,    4077864 total
[2020-09-29T10:11:59.279+0000][7792][gc,age       ] GC(463) - age  14:      17416 bytes,    4095280 total
[2020-09-29T10:11:59.279+0000][7792][gc,age       ] GC(463) - age  15:        520 bytes,    4095800 total
[2020-09-29T10:11:59.280+0000][7792][gc,phases    ] GC(463)   Pre Evacuate Collection Set: 0.6ms
[2020-09-29T10:11:59.280+0000][7792][gc,phases    ] GC(463)   Merge Heap Roots: 0.1ms
[2020-09-29T10:11:59.280+0000][7792][gc,phases    ] GC(463)   Evacuate Collection Set: 3.0ms
[2020-09-29T10:11:59.280+0000][7792][gc,phases    ] GC(463)   Post Evacuate Collection Set: 1.0ms
[2020-09-29T10:11:59.280+0000][7792][gc,phases    ] GC(463)   Other: 1.2ms
[2020-09-29T10:11:59.280+0000][7792][gc,heap      ] GC(463) Eden regions: 41->0(495)
[2020-09-29T10:11:59.280+0000][7792][gc,heap      ] GC(463) Survivor regions: 4->5(63)
[2020-09-29T10:11:59.280+0000][7792][gc,heap      ] GC(463) Old regions: 82->82
[2020-09-29T10:11:59.280+0000][7792][gc,heap      ] GC(463) Archive regions: 0->0
[2020-09-29T10:11:59.280+0000][7792][gc,heap      ] GC(463) Humongous regions: 274->174
[2020-09-29T10:11:59.280+0000][7792][gc,metaspace ] GC(463) Metaspace: 90226K(96128K)->90226K(96128K) NonClass: 78934K(82432K)->78934K(82432K) Class: 11292K(13696K)->11292K(13696K)
[2020-09-29T10:11:59.280+0000][7792][gc           ] GC(463) Pause Young (Concurrent Start) (G1 Humongous Allocation) 399M->259M(1024M) 6.357ms
[2020-09-29T10:11:59.280+0000][7792][gc,cpu       ] GC(463) User=0.03s Sys=0.00s Real=0.01s
[2020-09-29T10:11:59.280+0000][7792][gc           ] GC(464) Concurrent Cycle
[2020-09-29T10:11:59.280+0000][7792][gc,marking   ] GC(464) Concurrent Clear Claimed Marks
[2020-09-29T10:11:59.281+0000][7792][gc,marking   ] GC(464) Concurrent Clear Claimed Marks 0.379ms
[2020-09-29T10:11:59.281+0000][7792][gc,marking   ] GC(464) Concurrent Scan Root Regions
[2020-09-29T10:11:59.283+0000][7792][gc,marking   ] GC(464) Concurrent Scan Root Regions 2.173ms
[2020-09-29T10:11:59.283+0000][7792][gc,marking   ] GC(464) Concurrent Mark (982.386s)
[2020-09-29T10:11:59.283+0000][7792][gc,marking   ] GC(464) Concurrent Mark From Roots
[2020-09-29T10:11:59.283+0000][7792][gc,task      ] GC(464) Using 2 workers of 2 for marking
[2020-09-29T10:11:59.283+0000][7792][safepoint    ] Safepoint "G1TryInitiateConcMark", Time since last: 68610500 ns, Reaching safepoint: 10551400 ns, At safepoint: 9718300 ns, Total: 20269700 ns
[2020-09-29T10:11:59.446+0000][7792][gc,marking   ] GC(464) Concurrent Mark From Roots 162.154ms
[2020-09-29T10:11:59.446+0000][7792][gc,marking   ] GC(464) Concurrent Preclean
[2020-09-29T10:11:59.446+0000][7792][gc,marking   ] GC(464) Concurrent Preclean 0.559ms
[2020-09-29T10:11:59.447+0000][7792][gc,marking   ] GC(464) Concurrent Mark (982.386s, 982.549s) 162.933ms
[2020-09-29T10:11:59.456+0000][7792][gc,start     ] GC(464) Pause Remark
[2020-09-29T10:11:59.465+0000][7792][gc           ] GC(464) Pause Remark 320M->320M(1024M) 9.650ms
[2020-09-29T10:11:59.465+0000][7792][gc,cpu       ] GC(464) User=0.00s Sys=0.00s Real=0.01s
[2020-09-29T10:11:59.466+0000][7792][safepoint    ] Safepoint "G1Concurrent", Time since last: 162738700 ns, Reaching safepoint: 9065900 ns, At safepoint: 10261400 ns, Total: 19327300 ns
[2020-09-29T10:11:59.466+0000][7792][gc,marking   ] GC(464) Concurrent Rebuild Remembered Sets
[2020-09-29T10:11:59.560+0000][7792][gc,marking   ] GC(464) Concurrent Rebuild Remembered Sets 94.263ms
[2020-09-29T10:11:59.567+0000][7792][gc,start     ] GC(464) Pause Cleanup
[2020-09-29T10:11:59.567+0000][7792][gc           ] GC(464) Pause Cleanup 320M->320M(1024M) 0.395ms
[2020-09-29T10:11:59.567+0000][7792][gc,cpu       ] GC(464) User=0.00s Sys=0.00s Real=0.00s
[2020-09-29T10:11:59.567+0000][7792][safepoint    ] Safepoint "G1Concurrent", Time since last: 101182900 ns, Reaching safepoint: 177100 ns, At safepoint: 615700 ns, Total: 792800 ns
[2020-09-29T10:11:59.567+0000][7792][gc,marking   ] GC(464) Concurrent Cleanup for Next Mark
[2020-09-29T10:11:59.569+0000][7792][gc,marking   ] GC(464) Concurrent Cleanup for Next Mark 1.827ms
[2020-09-29T10:11:59.569+0000][7792][gc           ] GC(464) Concurrent Cycle 289.185ms
[2020-09-29T10:11:59.656+0000][7792][gc,start     ] GC(465) Pause Young (Concurrent Start) (G1 Humongous Allocation)
[2020-09-29T10:11:59.656+0000][7792][gc,task      ] GC(465) Using 8 workers of 8 for evacuation
[2020-09-29T10:11:59.657+0000][7792][gc,age       ] GC(465) Desired survivor size 33030144 bytes, new threshold 15 (max threshold 15)
[2020-09-29T10:11:59.661+0000][7792][gc,age       ] GC(465) Age table with threshold 15 (max threshold 15)
[2020-09-29T10:11:59.661+0000][7792][gc,age       ] GC(465) - age   1:    3093944 bytes,    3093944 total
[2020-09-29T10:11:59.662+0000][7792][gc,age       ] GC(465) - age   2:     210432 bytes,    3304376 total
[2020-09-29T10:11:59.662+0000][7792][gc,age       ] GC(465) - age   3:     207760 bytes,    3512136 total
[2020-09-29T10:11:59.662+0000][7792][gc,age       ] GC(465) - age   4:     405416 bytes,    3917552 total
[2020-09-29T10:11:59.662+0000][7792][gc,age       ] GC(465) - age   5:     404992 bytes,    4322544 total
[2020-09-29T10:11:59.662+0000][7792][gc,age       ] GC(465) - age   6:       9344 bytes,    4331888 total
[2020-09-29T10:11:59.662+0000][7792][gc,age       ] GC(465) - age   7:       1464 bytes,    4333352 total
[2020-09-29T10:11:59.662+0000][7792][gc,age       ] GC(465) - age   8:     146136 bytes,    4479488 total
[2020-09-29T10:11:59.662+0000][7792][gc,age       ] GC(465) - age   9:       1904 bytes,    4481392 total
[2020-09-29T10:11:59.662+0000][7792][gc,age       ] GC(465) - age  10:       8776 bytes,    4490168 total
[2020-09-29T10:11:59.662+0000][7792][gc,age       ] GC(465) - age  11:       1664 bytes,    4491832 total
[2020-09-29T10:11:59.662+0000][7792][gc,age       ] GC(465) - age  12:       1336 bytes,    4493168 total
[2020-09-29T10:11:59.662+0000][7792][gc,age       ] GC(465) - age  13:        880 bytes,    4494048 total
[2020-09-29T10:11:59.662+0000][7792][gc,age       ] GC(465) - age  14:       1784 bytes,    4495832 total
[2020-09-29T10:11:59.662+0000][7792][gc,age       ] GC(465) - age  15:      17384 bytes,    4513216 total
[2020-09-29T10:11:59.662+0000][7792][gc,phases    ] GC(465)   Pre Evacuate Collection Set: 0.5ms
[2020-09-29T10:11:59.662+0000][7792][gc,phases    ] GC(465)   Merge Heap Roots: 0.1ms
[2020-09-29T10:11:59.662+0000][7792][gc,phases    ] GC(465)   Evacuate Collection Set: 3.2ms
[2020-09-29T10:11:59.662+0000][7792][gc,phases    ] GC(465)   Post Evacuate Collection Set: 0.8ms
[2020-09-29T10:11:59.662+0000][7792][gc,phases    ] GC(465)   Other: 1.3ms
[2020-09-29T10:11:59.662+0000][7792][gc,heap      ] GC(465) Eden regions: 22->0(496)
[2020-09-29T10:11:59.662+0000][7792][gc,heap      ] GC(465) Survivor regions: 5->5(63)
[2020-09-29T10:11:59.663+0000][7792][gc,heap      ] GC(465) Old regions: 82->82
[2020-09-29T10:11:59.663+0000][7792][gc,heap      ] GC(465) Archive regions: 0->0
[2020-09-29T10:11:59.663+0000][7792][gc,heap      ] GC(465) Humongous regions: 225->174
[2020-09-29T10:11:59.663+0000][7792][gc,metaspace ] GC(465) Metaspace: 90226K(96128K)->90226K(96128K) NonClass: 78934K(82432K)->78934K(82432K) Class: 11292K(13696K)->11292K(13696K)
[2020-09-29T10:11:59.663+0000][7792][gc           ] GC(465) Pause Young (Concurrent Start) (G1 Humongous Allocation) 332M->260M(1024M) 6.380ms
[2020-09-29T10:11:59.663+0000][7792][gc,cpu       ] GC(465) User=0.00s Sys=0.00s Real=0.01s
[2020-09-29T10:11:59.663+0000][7792][gc           ] GC(466) Concurrent Cycle
[2020-09-29T10:11:59.663+0000][7792][safepoint    ] Safepoint "G1TryInitiateConcMark", Time since last: 88357700 ns, Reaching safepoint: 158100 ns, At safepoint: 6610400 ns, Total: 6768500 ns
[2020-09-29T10:11:59.663+0000][7792][gc,marking   ] GC(466) Concurrent Clear Claimed Marks
[2020-09-29T10:11:59.664+0000][7792][gc,marking   ] GC(466) Concurrent Clear Claimed Marks 0.643ms
[2020-09-29T10:11:59.664+0000][7792][gc,marking   ] GC(466) Concurrent Scan Root Regions
[2020-09-29T10:11:59.667+0000][7792][gc,marking   ] GC(466) Concurrent Scan Root Regions 3.640ms
[2020-09-29T10:11:59.667+0000][7792][gc,marking   ] GC(466) Concurrent Mark (982.770s)
[2020-09-29T10:11:59.667+0000][7792][gc,marking   ] GC(466) Concurrent Mark From Roots
[2020-09-29T10:11:59.668+0000][7792][gc,task      ] GC(466) Using 2 workers of 2 for marking
[2020-09-29T10:11:59.840+0000][7792][gc,marking   ] GC(466) Concurrent Mark From Roots 172.378ms
[2020-09-29T10:11:59.840+0000][7792][gc,marking   ] GC(466) Concurrent Preclean
[2020-09-29T10:11:59.841+0000][7792][gc,marking   ] GC(466) Concurrent Preclean 0.612ms
[2020-09-29T10:11:59.841+0000][7792][gc,marking   ] GC(466) Concurrent Mark (982.770s, 982.943s) 173.174ms
[2020-09-29T10:11:59.841+0000][7792][gc,start     ] GC(466) Pause Remark
[2020-09-29T10:11:59.849+0000][7792][gc           ] GC(466) Pause Remark 390M->390M(1024M) 8.387ms
[2020-09-29T10:11:59.849+0000][7792][gc,cpu       ] GC(466) User=0.11s Sys=0.00s Real=0.01s
[2020-09-29T10:11:59.850+0000][7792][safepoint    ] Safepoint "G1Concurrent", Time since last: 177827400 ns, Reaching safepoint: 198300 ns, At safepoint: 8690400 ns, Total: 8888700 ns
[2020-09-29T10:11:59.850+0000][7792][gc,marking   ] GC(466) Concurrent Rebuild Remembered Sets
[2020-09-29T10:11:59.947+0000][7792][gc,marking   ] GC(466) Concurrent Rebuild Remembered Sets 97.167ms
[2020-09-29T10:11:59.947+0000][7792][gc,start     ] GC(466) Pause Cleanup
[2020-09-29T10:11:59.948+0000][7792][gc           ] GC(466) Pause Cleanup 460M->460M(1024M) 0.522ms
[2020-09-29T10:11:59.948+0000][7792][gc,cpu       ] GC(466) User=0.00s Sys=0.00s Real=0.00s
[2020-09-29T10:11:59.948+0000][7792][safepoint    ] Safepoint "G1Concurrent", Time since last: 97408200 ns, Reaching safepoint: 202200 ns, At safepoint: 955300 ns, Total: 1157500 ns
[2020-09-29T10:11:59.948+0000][7792][gc,marking   ] GC(466) Concurrent Cleanup for Next Mark
[2020-09-29T10:11:59.950+0000][7792][gc,marking   ] GC(466) Concurrent Cleanup for Next Mark 2.101ms
[2020-09-29T10:11:59.951+0000][7792][gc           ] GC(466) Concurrent Cycle 287.750ms
[2020-09-29T10:11:59.995+0000][7792][gc,start     ] GC(467) Pause Young (Concurrent Start) (G1 Humongous Allocation)
[2020-09-29T10:11:59.995+0000][7792][gc,task      ] GC(467) Using 8 workers of 8 for evacuation
[2020-09-29T10:11:59.995+0000][7792][gc,age       ] GC(467) Desired survivor size 33030144 bytes, new threshold 15 (max threshold 15)
[2020-09-29T10:12:00.001+0000][7792][gc,age       ] GC(467) Age table with threshold 15 (max threshold 15)
[2020-09-29T10:12:00.001+0000][7792][gc,age       ] GC(467) - age   1:    3102376 bytes,    3102376 total
[2020-09-29T10:12:00.001+0000][7792][gc,age       ] GC(467) - age   2:       3400 bytes,    3105776 total
[2020-09-29T10:12:00.001+0000][7792][gc,age       ] GC(467) - age   3:     208832 bytes,    3314608 total
[2020-09-29T10:12:00.001+0000][7792][gc,age       ] GC(467) - age   4:     207440 bytes,    3522048 total
[2020-09-29T10:12:00.001+0000][7792][gc,age       ] GC(467) - age   5:     404656 bytes,    3926704 total
[2020-09-29T10:12:00.001+0000][7792][gc,age       ] GC(467) - age   6:     404960 bytes,    4331664 total
[2020-09-29T10:12:00.001+0000][7792][gc,age       ] GC(467) - age   7:       6792 bytes,    4338456 total
[2020-09-29T10:12:00.001+0000][7792][gc,age       ] GC(467) - age   8:        944 bytes,    4339400 total
[2020-09-29T10:12:00.001+0000][7792][gc,age       ] GC(467) - age   9:     146136 bytes,    4485536 total
[2020-09-29T10:12:00.001+0000][7792][gc,age       ] GC(467) - age  10:       1872 bytes,    4487408 total
[2020-09-29T10:12:00.001+0000][7792][gc,age       ] GC(467) - age  11:       8776 bytes,    4496184 total
[2020-09-29T10:12:00.001+0000][7792][gc,age       ] GC(467) - age  12:       1664 bytes,    4497848 total
[2020-09-29T10:12:00.001+0000][7792][gc,age       ] GC(467) - age  13:       1240 bytes,    4499088 total
[2020-09-29T10:12:00.001+0000][7792][gc,age       ] GC(467) - age  14:        880 bytes,    4499968 total
[2020-09-29T10:12:00.001+0000][7792][gc,age       ] GC(467) - age  15:       1784 bytes,    4501752 total
[2020-09-29T10:12:00.001+0000][7792][gc,phases    ] GC(467)   Pre Evacuate Collection Set: 0.6ms
[2020-09-29T10:12:00.002+0000][7792][gc,phases    ] GC(467)   Merge Heap Roots: 0.1ms
[2020-09-29T10:12:00.002+0000][7792][gc,phases    ] GC(467)   Evacuate Collection Set: 3.3ms
[2020-09-29T10:12:00.002+0000][7792][gc,phases    ] GC(467)   Post Evacuate Collection Set: 1.1ms
[2020-09-29T10:12:00.002+0000][7792][gc,phases    ] GC(467)   Other: 1.5ms
[2020-09-29T10:12:00.002+0000][7792][gc,heap      ] GC(467) Eden regions: 60->0(497)
[2020-09-29T10:12:00.002+0000][7792][gc,heap      ] GC(467) Survivor regions: 5->5(63)
[2020-09-29T10:12:00.002+0000][7792][gc,heap      ] GC(467) Old regions: 82->82
[2020-09-29T10:12:00.002+0000][7792][gc,heap      ] GC(467) Archive regions: 0->0
[2020-09-29T10:12:00.002+0000][7792][gc,heap      ] GC(467) Humongous regions: 323->174
[2020-09-29T10:12:00.002+0000][7792][gc,metaspace ] GC(467) Metaspace: 90226K(96128K)->90226K(96128K) NonClass: 78934K(82432K)->78934K(82432K) Class: 11292K(13696K)->11292K(13696K)
[2020-09-29T10:12:00.002+0000][7792][gc           ] GC(467) Pause Young (Concurrent Start) (G1 Humongous Allocation) 469M->260M(1024M) 7.044ms
[2020-09-29T10:12:00.002+0000][7792][gc,cpu       ] GC(467) User=0.09s Sys=0.00s Real=0.01s
[2020-09-29T10:12:00.002+0000][7792][gc           ] GC(468) Concurrent Cycle
[2020-09-29T10:12:00.002+0000][7792][safepoint    ] Safepoint "G1TryInitiateConcMark", Time since last: 46571800 ns, Reaching safepoint: 191400 ns, At safepoint: 7330600 ns, Total: 7522000 ns
[2020-09-29T10:12:00.002+0000][7792][gc,marking   ] GC(468) Concurrent Clear Claimed Marks
[2020-09-29T10:12:00.003+0000][7792][gc,marking   ] GC(468) Concurrent Clear Claimed Marks 0.750ms
[2020-09-29T10:12:00.003+0000][7792][gc,marking   ] GC(468) Concurrent Scan Root Regions
[2020-09-29T10:12:00.007+0000][7792][gc,marking   ] GC(468) Concurrent Scan Root Regions 3.885ms
[2020-09-29T10:12:00.007+0000][7792][gc,marking   ] GC(468) Concurrent Mark (983.109s)
[2020-09-29T10:12:00.007+0000][7792][gc,marking   ] GC(468) Concurrent Mark From Roots
[2020-09-29T10:12:00.007+0000][7792][gc,task      ] GC(468) Using 2 workers of 2 for marking
[2020-09-29T10:12:00.184+0000][7792][gc,marking   ] GC(468) Concurrent Mark From Roots 176.585ms
[2020-09-29T10:12:00.184+0000][7792][gc,marking   ] GC(468) Concurrent Preclean
[2020-09-29T10:12:00.185+0000][7792][gc,marking   ] GC(468) Concurrent Preclean 0.867ms
[2020-09-29T10:12:00.185+0000][7792][gc,marking   ] GC(468) Concurrent Mark (983.109s, 983.287s) 177.722ms
[2020-09-29T10:12:00.185+0000][7792][gc,start     ] GC(468) Pause Remark
[2020-09-29T10:12:00.194+0000][7792][gc           ] GC(468) Pause Remark 384M->384M(1024M) 8.249ms
[2020-09-29T10:12:00.194+0000][7792][gc,cpu       ] GC(468) User=0.11s Sys=0.00s Real=0.01s
[2020-09-29T10:12:00.194+0000][7792][safepoint    ] Safepoint "G1Concurrent", Time since last: 182759800 ns, Reaching safepoint: 224000 ns, At safepoint: 8589000 ns, Total: 8813000 ns
[2020-09-29T10:12:00.194+0000][7792][gc,marking   ] GC(468) Concurrent Rebuild Remembered Sets
[2020-09-29T10:12:00.293+0000][7792][gc,marking   ] GC(468) Concurrent Rebuild Remembered Sets 99.021ms
[2020-09-29T10:12:00.293+0000][7792][gc,start     ] GC(468) Pause Cleanup
[2020-09-29T10:12:00.294+0000][7792][gc           ] GC(468) Pause Cleanup 395M->395M(1024M) 0.552ms
[2020-09-29T10:12:00.294+0000][7792][gc,cpu       ] GC(468) User=0.00s Sys=0.00s Real=0.00s
[2020-09-29T10:12:00.294+0000][7792][safepoint    ] Safepoint "G1Concurrent", Time since last: 99397700 ns, Reaching safepoint: 198300 ns, At safepoint: 779200 ns, Total: 977500 ns
[2020-09-29T10:12:00.294+0000][7792][gc,marking   ] GC(468) Concurrent Cleanup for Next Mark
[2020-09-29T10:12:00.296+0000][7792][gc,marking   ] GC(468) Concurrent Cleanup for Next Mark 1.793ms
[2020-09-29T10:12:00.296+0000][7792][gc           ] GC(468) Concurrent Cycle 294.034ms
[2020-09-29T10:12:00.325+0000][7792][gc,start     ] GC(469) Pause Young (Concurrent Start) (G1 Humongous Allocation)
[2020-09-29T10:12:00.325+0000][7792][gc,task      ] GC(469) Using 8 workers of 8 for evacuation
[2020-09-29T10:12:00.325+0000][7792][gc,age       ] GC(469) Desired survivor size 33030144 bytes, new threshold 15 (max threshold 15)
[2020-09-29T10:12:00.332+0000][7792][gc,age       ] GC(469) Age table with threshold 15 (max threshold 15)
[2020-09-29T10:12:00.332+0000][7792][gc,age       ] GC(469) - age   1:    2891008 bytes,    2891008 total
[2020-09-29T10:12:00.332+0000][7792][gc,age       ] GC(469) - age   2:     412440 bytes,    3303448 total
[2020-09-29T10:12:00.332+0000][7792][gc,age       ] GC(469) - age   3:       3008 bytes,    3306456 total
[2020-09-29T10:12:00.332+0000][7792][gc,age       ] GC(469) - age   4:     203144 bytes,    3509600 total
[2020-09-29T10:12:00.332+0000][7792][gc,age       ] GC(469) - age   5:     207064 bytes,    3716664 total
[2020-09-29T10:12:00.332+0000][7792][gc,age       ] GC(469) - age   6:     404464 bytes,    4121128 total
[2020-09-29T10:12:00.332+0000][7792][gc,age       ] GC(469) - age   7:     404896 bytes,    4526024 total
[2020-09-29T10:12:00.332+0000][7792][gc,age       ] GC(469) - age   8:       6568 bytes,    4532592 total
[2020-09-29T10:12:00.332+0000][7792][gc,age       ] GC(469) - age   9:        912 bytes,    4533504 total
[2020-09-29T10:12:00.332+0000][7792][gc,age       ] GC(469) - age  10:     146136 bytes,    4679640 total
[2020-09-29T10:12:00.332+0000][7792][gc,age       ] GC(469) - age  11:       1872 bytes,    4681512 total
[2020-09-29T10:12:00.332+0000][7792][gc,age       ] GC(469) - age  12:       8776 bytes,    4690288 total
[2020-09-29T10:12:00.332+0000][7792][gc,age       ] GC(469) - age  13:       1664 bytes,    4691952 total
[2020-09-29T10:12:00.332+0000][7792][gc,age       ] GC(469) - age  14:       1240 bytes,    4693192 total
[2020-09-29T10:12:00.332+0000][7792][gc,age       ] GC(469) - age  15:        880 bytes,    4694072 total
[2020-09-29T10:12:00.332+0000][7792][gc,phases    ] GC(469)   Pre Evacuate Collection Set: 0.5ms
[2020-09-29T10:12:00.332+0000][7792][gc,phases    ] GC(469)   Merge Heap Roots: 0.1ms
[2020-09-29T10:12:00.333+0000][7792][gc,phases    ] GC(469)   Evacuate Collection Set: 4.5ms
[2020-09-29T10:12:00.333+0000][7792][gc,phases    ] GC(469)   Post Evacuate Collection Set: 1.1ms
[2020-09-29T10:12:00.333+0000][7792][gc,phases    ] GC(469)   Other: 1.1ms
[2020-09-29T10:12:00.333+0000][7792][gc,heap      ] GC(469) Eden regions: 41->0(497)
[2020-09-29T10:12:00.333+0000][7792][gc,heap      ] GC(469) Survivor regions: 5->5(63)
[2020-09-29T10:12:00.333+0000][7792][gc,heap      ] GC(469) Old regions: 82->82
[2020-09-29T10:12:00.333+0000][7792][gc,heap      ] GC(469) Archive regions: 0->0
[2020-09-29T10:12:00.333+0000][7792][gc,heap      ] GC(469) Humongous regions: 274->174
[2020-09-29T10:12:00.333+0000][7792][gc,metaspace ] GC(469) Metaspace: 90226K(96128K)->90226K(96128K) NonClass: 78934K(82432K)->78934K(82432K) Class: 11292K(13696K)->11292K(13696K)
[2020-09-29T10:12:00.333+0000][7792][gc           ] GC(469) Pause Young (Concurrent Start) (G1 Humongous Allocation) 401M->260M(1024M) 7.839ms
[2020-09-29T10:12:00.333+0000][7792][gc,cpu       ] GC(469) User=0.08s Sys=0.00s Real=0.01s
[2020-09-29T10:12:00.333+0000][7792][gc           ] GC(470) Concurrent Cycle
[2020-09-29T10:12:00.333+0000][7792][safepoint    ] Safepoint "G1TryInitiateConcMark", Time since last: 30692800 ns, Reaching safepoint: 189000 ns, At safepoint: 8096100 ns, Total: 8285100 ns
[2020-09-29T10:12:00.333+0000][7792][gc,marking   ] GC(470) Concurrent Clear Claimed Marks
[2020-09-29T10:12:00.334+0000][7792][gc,marking   ] GC(470) Concurrent Clear Claimed Marks 0.418ms
[2020-09-29T10:12:00.334+0000][7792][gc,marking   ] GC(470) Concurrent Scan Root Regions
[2020-09-29T10:12:00.337+0000][7792][gc,marking   ] GC(470) Concurrent Scan Root Regions 3.587ms
[2020-09-29T10:12:00.337+0000][7792][gc,marking   ] GC(470) Concurrent Mark (983.440s)
[2020-09-29T10:12:00.337+0000][7792][gc,marking   ] GC(470) Concurrent Mark From Roots
[2020-09-29T10:12:00.338+0000][7792][gc,task      ] GC(470) Using 2 workers of 2 for marking
[2020-09-29T10:12:00.512+0000][7792][gc,marking   ] GC(470) Concurrent Mark From Roots 173.792ms
[2020-09-29T10:12:00.512+0000][7792][gc,marking   ] GC(470) Concurrent Preclean
[2020-09-29T10:12:00.513+0000][7792][gc,marking   ] GC(470) Concurrent Preclean 0.851ms
[2020-09-29T10:12:00.513+0000][7792][gc,marking   ] GC(470) Concurrent Mark (983.440s, 983.615s) 174.912ms
[2020-09-29T10:12:00.513+0000][7792][gc,start     ] GC(470) Pause Remark
[2020-09-29T10:12:00.522+0000][7792][gc           ] GC(470) Pause Remark 332M->332M(1024M) 8.669ms
[2020-09-29T10:12:00.522+0000][7792][gc,cpu       ] GC(470) User=0.09s Sys=0.00s Real=0.01s
[2020-09-29T10:12:00.522+0000][7792][safepoint    ] Safepoint "G1Concurrent", Time since last: 179308100 ns, Reaching safepoint: 209500 ns, At safepoint: 9114500 ns, Total: 9324000 ns
[2020-09-29T10:12:00.522+0000][7792][gc,marking   ] GC(470) Concurrent Rebuild Remembered Sets
[2020-09-29T10:12:00.619+0000][7792][gc,marking   ] GC(470) Concurrent Rebuild Remembered Sets 96.730ms
[2020-09-29T10:12:00.619+0000][7792][gc,start     ] GC(470) Pause Cleanup
[2020-09-29T10:12:00.620+0000][7792][gc           ] GC(470) Pause Cleanup 399M->399M(1024M) 0.457ms
[2020-09-29T10:12:00.620+0000][7792][gc,cpu       ] GC(470) User=0.00s Sys=0.00s Real=0.00s
[2020-09-29T10:12:00.620+0000][7792][safepoint    ] Safepoint "G1Concurrent", Time since last: 96959200 ns, Reaching safepoint: 268400 ns, At safepoint: 713200 ns, Total: 981600 ns
[2020-09-29T10:12:00.620+0000][7792][gc,marking   ] GC(470) Concurrent Cleanup for Next Mark
[2020-09-29T10:12:00.622+0000][7792][gc,marking   ] GC(470) Concurrent Cleanup for Next Mark 1.717ms
[2020-09-29T10:12:00.622+0000][7792][gc           ] GC(470) Concurrent Cycle 288.535ms
[2020-09-29T10:12:01.620+0000][7792][safepoint    ] Safepoint "Cleanup", Time since last: 1000153500 ns, Reaching safepoint: 213500 ns, At safepoint: 14200 ns, Total: 227700 ns
[2020-09-29T10:12:02.730+0000][7792][safepoint    ] Safepoint "Cleanup", Time since last: 1110036000 ns, Reaching safepoint: 172700 ns, At safepoint: 139900 ns, Total: 312600 ns
[2020-09-29T10:12:02.749+0000][7792][safepoint    ] Safepoint "BulkRevokeBias", Time since last: 17544000 ns, Reaching safepoint: 139800 ns, At safepoint: 1108200 ns, Total: 1248000 ns
[2020-09-29T10:12:02.770+0000][7792][gc,start     ] GC(471) Pause Young (Concurrent Start) (G1 Humongous Allocation)
[2020-09-29T10:12:02.770+0000][7792][gc,task      ] GC(471) Using 8 workers of 8 for evacuation
[2020-09-29T10:12:02.770+0000][7792][gc,age       ] GC(471) Desired survivor size 33030144 bytes, new threshold 15 (max threshold 15)
[2020-09-29T10:12:02.774+0000][7792][gc,age       ] GC(471) Age table with threshold 15 (max threshold 15)
[2020-09-29T10:12:02.774+0000][7792][gc,age       ] GC(471) - age   1:    2733104 bytes,    2733104 total
[2020-09-29T10:12:02.774+0000][7792][gc,age       ] GC(471) - age   2:       1272 bytes,    2734376 total
[2020-09-29T10:12:02.774+0000][7792][gc,age       ] GC(471) - age   3:       1216 bytes,    2735592 total
[2020-09-29T10:12:02.774+0000][7792][gc,age       ] GC(471) - age   4:        544 bytes,    2736136 total
[2020-09-29T10:12:02.774+0000][7792][gc,age       ] GC(471) - age   5:        696 bytes,    2736832 total
[2020-09-29T10:12:02.774+0000][7792][gc,age       ] GC(471) - age   6:       1176 bytes,    2738008 total
[2020-09-29T10:12:02.774+0000][7792][gc,age       ] GC(471) - age   7:       1512 bytes,    2739520 total
[2020-09-29T10:12:02.774+0000][7792][gc,age       ] GC(471) - age   8:       1232 bytes,    2740752 total
[2020-09-29T10:12:02.774+0000][7792][gc,age       ] GC(471) - age   9:       5176 bytes,    2745928 total
[2020-09-29T10:12:02.774+0000][7792][gc,age       ] GC(471) - age  10:        912 bytes,    2746840 total
[2020-09-29T10:12:02.774+0000][7792][gc,age       ] GC(471) - age  11:     145912 bytes,    2892752 total
[2020-09-29T10:12:02.774+0000][7792][gc,age       ] GC(471) - age  12:       1872 bytes,    2894624 total
[2020-09-29T10:12:02.774+0000][7792][gc,age       ] GC(471) - age  13:       7936 bytes,    2902560 total
[2020-09-29T10:12:02.774+0000][7792][gc,age       ] GC(471) - age  14:       1664 bytes,    2904224 total
[2020-09-29T10:12:02.774+0000][7792][gc,age       ] GC(471) - age  15:       1112 bytes,    2905336 total
[2020-09-29T10:12:02.774+0000][7792][gc,phases    ] GC(471)   Pre Evacuate Collection Set: 0.4ms
[2020-09-29T10:12:02.774+0000][7792][gc,phases    ] GC(471)   Merge Heap Roots: 0.1ms
[2020-09-29T10:12:02.774+0000][7792][gc,phases    ] GC(471)   Evacuate Collection Set: 2.1ms
[2020-09-29T10:12:02.774+0000][7792][gc,phases    ] GC(471)   Post Evacuate Collection Set: 0.6ms
[2020-09-29T10:12:02.774+0000][7792][gc,phases    ] GC(471)   Other: 0.7ms
[2020-09-29T10:12:02.774+0000][7792][gc,heap      ] GC(471) Eden regions: 60->0(498)
[2020-09-29T10:12:02.774+0000][7792][gc,heap      ] GC(471) Survivor regions: 5->4(63)
[2020-09-29T10:12:02.774+0000][7792][gc,heap      ] GC(471) Old regions: 82->82
[2020-09-29T10:12:02.774+0000][7792][gc,heap      ] GC(471) Archive regions: 0->0
[2020-09-29T10:12:02.774+0000][7792][gc,heap      ] GC(471) Humongous regions: 274->174
[2020-09-29T10:12:02.774+0000][7792][gc,metaspace ] GC(471) Metaspace: 90266K(96128K)->90266K(96128K) NonClass: 78973K(82432K)->78973K(82432K) Class: 11292K(13696K)->11292K(13696K)
[2020-09-29T10:12:02.774+0000][7792][gc           ] GC(471) Pause Young (Concurrent Start) (G1 Humongous Allocation) 420M->258M(1024M) 3.977ms
[2020-09-29T10:12:02.774+0000][7792][gc,cpu       ] GC(471) User=0.00s Sys=0.00s Real=0.00s
[2020-09-29T10:12:02.774+0000][7792][safepoint    ] Safepoint "G1TryInitiateConcMark", Time since last: 21170000 ns, Reaching safepoint: 133500 ns, At safepoint: 4130600 ns, Total: 4264100 ns
[2020-09-29T10:12:02.774+0000][7792][gc           ] GC(472) Concurrent Cycle
[2020-09-29T10:12:02.774+0000][7792][gc,marking   ] GC(472) Concurrent Clear Claimed Marks
[2020-09-29T10:12:02.775+0000][7792][gc,marking   ] GC(472) Concurrent Clear Claimed Marks 0.611ms
[2020-09-29T10:12:02.775+0000][7792][gc,marking   ] GC(472) Concurrent Scan Root Regions
[2020-09-29T10:12:02.777+0000][7792][gc,marking   ] GC(472) Concurrent Scan Root Regions 2.297ms
[2020-09-29T10:12:02.778+0000][7792][gc,marking   ] GC(472) Concurrent Mark (985.880s)
[2020-09-29T10:12:02.778+0000][7792][gc,marking   ] GC(472) Concurrent Mark From Roots
[2020-09-29T10:12:02.778+0000][7792][gc,task      ] GC(472) Using 2 workers of 2 for marking
[2020-09-29T10:12:02.892+0000][7792][gc,marking   ] GC(472) Concurrent Mark From Roots 114.740ms
[2020-09-29T10:12:02.892+0000][7792][gc,marking   ] GC(472) Concurrent Preclean
[2020-09-29T10:12:02.893+0000][7792][gc,marking   ] GC(472) Concurrent Preclean 0.469ms
[2020-09-29T10:12:02.893+0000][7792][gc,marking   ] GC(472) Concurrent Mark (985.880s, 985.996s) 115.395ms
[2020-09-29T10:12:02.893+0000][7792][gc,start     ] GC(472) Pause Remark
[2020-09-29T10:12:02.901+0000][7792][gc           ] GC(472) Pause Remark 453M->453M(1024M) 7.526ms
[2020-09-29T10:12:02.901+0000][7792][gc,cpu       ] GC(472) User=0.00s Sys=0.00s Real=0.01s
[2020-09-29T10:12:02.901+0000][7792][safepoint    ] Safepoint "G1Concurrent", Time since last: 118726200 ns, Reaching safepoint: 152200 ns, At safepoint: 7774000 ns, Total: 7926200 ns
[2020-09-29T10:12:02.901+0000][7792][gc,marking   ] GC(472) Concurrent Rebuild Remembered Sets
[2020-09-29T10:12:02.974+0000][7792][gc,marking   ] GC(472) Concurrent Rebuild Remembered Sets 73.508ms
[2020-09-29T10:12:02.975+0000][7792][gc,start     ] GC(472) Pause Cleanup
[2020-09-29T10:12:02.975+0000][7792][gc           ] GC(472) Pause Cleanup 531M->531M(1024M) 0.343ms
[2020-09-29T10:12:02.975+0000][7792][gc,cpu       ] GC(472) User=0.00s Sys=0.00s Real=0.00s
[2020-09-29T10:12:02.975+0000][7792][safepoint    ] Safepoint "G1Concurrent", Time since last: 73708100 ns, Reaching safepoint: 141600 ns, At safepoint: 561100 ns, Total: 702700 ns
[2020-09-29T10:12:02.975+0000][7792][gc,marking   ] GC(472) Concurrent Cleanup for Next Mark
[2020-09-29T10:12:02.977+0000][7792][gc,marking   ] GC(472) Concurrent Cleanup for Next Mark 1.713ms
[2020-09-29T10:12:02.977+0000][7792][gc           ] GC(472) Concurrent Cycle 202.981ms
[2020-09-29T10:12:02.982+0000][7792][gc,start     ] GC(473) Pause Young (Concurrent Start) (G1 Humongous Allocation)
[2020-09-29T10:12:02.982+0000][7792][gc,task      ] GC(473) Using 8 workers of 8 for evacuation
[2020-09-29T10:12:02.982+0000][7792][gc,age       ] GC(473) Desired survivor size 33030144 bytes, new threshold 15 (max threshold 15)
[2020-09-29T10:12:02.985+0000][7792][gc,age       ] GC(473) Age table with threshold 15 (max threshold 15)
[2020-09-29T10:12:02.985+0000][7792][gc,age       ] GC(473) - age   1:    2773880 bytes,    2773880 total
[2020-09-29T10:12:02.985+0000][7792][gc,age       ] GC(473) - age   2:      54424 bytes,    2828304 total
[2020-09-29T10:12:02.985+0000][7792][gc,age       ] GC(473) - age   3:       1240 bytes,    2829544 total
[2020-09-29T10:12:02.985+0000][7792][gc,age       ] GC(473) - age   4:        680 bytes,    2830224 total
[2020-09-29T10:12:02.985+0000][7792][gc,age       ] GC(473) - age   5:        480 bytes,    2830704 total
[2020-09-29T10:12:02.985+0000][7792][gc,age       ] GC(473) - age   6:        664 bytes,    2831368 total
[2020-09-29T10:12:02.985+0000][7792][gc,age       ] GC(473) - age   7:        720 bytes,    2832088 total
[2020-09-29T10:12:02.985+0000][7792][gc,age       ] GC(473) - age   8:       1288 bytes,    2833376 total
[2020-09-29T10:12:02.985+0000][7792][gc,age       ] GC(473) - age   9:       1072 bytes,    2834448 total
[2020-09-29T10:12:02.985+0000][7792][gc,age       ] GC(473) - age  10:       5176 bytes,    2839624 total
[2020-09-29T10:12:02.985+0000][7792][gc,age       ] GC(473) - age  11:        912 bytes,    2840536 total
[2020-09-29T10:12:02.985+0000][7792][gc,age       ] GC(473) - age  12:     145912 bytes,    2986448 total
[2020-09-29T10:12:02.986+0000][7792][gc,age       ] GC(473) - age  13:       1648 bytes,    2988096 total
[2020-09-29T10:12:02.986+0000][7792][gc,age       ] GC(473) - age  14:       7904 bytes,    2996000 total
[2020-09-29T10:12:02.986+0000][7792][gc,age       ] GC(473) - age  15:       1504 bytes,    2997504 total
[2020-09-29T10:12:02.986+0000][7792][gc,phases    ] GC(473)   Pre Evacuate Collection Set: 0.3ms
[2020-09-29T10:12:02.986+0000][7792][gc,phases    ] GC(473)   Merge Heap Roots: 0.1ms
[2020-09-29T10:12:02.986+0000][7792][gc,phases    ] GC(473)   Evacuate Collection Set: 1.9ms
[2020-09-29T10:12:02.986+0000][7792][gc,phases    ] GC(473)   Post Evacuate Collection Set: 0.7ms
[2020-09-29T10:12:02.986+0000][7792][gc,phases    ] GC(473)   Other: 0.9ms
[2020-09-29T10:12:02.986+0000][7792][gc,heap      ] GC(473) Eden regions: 76->0(500)
[2020-09-29T10:12:02.986+0000][7792][gc,heap      ] GC(473) Survivor regions: 4->3(63)
[2020-09-29T10:12:02.986+0000][7792][gc,heap      ] GC(473) Old regions: 82->82
[2020-09-29T10:12:02.986+0000][7792][gc,heap      ] GC(473) Archive regions: 0->0
[2020-09-29T10:12:02.986+0000][7792][gc,heap      ] GC(473) Humongous regions: 374->174
[2020-09-29T10:12:02.986+0000][7792][gc,metaspace ] GC(473) Metaspace: 90266K(96128K)->90266K(96128K) NonClass: 78973K(82432K)->78973K(82432K) Class: 11292K(13696K)->11292K(13696K)
[2020-09-29T10:12:02.986+0000][7792][gc           ] GC(473) Pause Young (Concurrent Start) (G1 Humongous Allocation) 534M->258M(1024M) 4.139ms
[2020-09-29T10:12:02.986+0000][7792][gc,cpu       ] GC(473) User=0.02s Sys=0.03s Real=0.00s
[2020-09-29T10:12:02.986+0000][7792][safepoint    ] Safepoint "G1TryInitiateConcMark", Time since last: 6403000 ns, Reaching safepoint: 136600 ns, At safepoint: 4283800 ns, Total: 4420400 ns
[2020-09-29T10:12:02.986+0000][7792][gc           ] GC(474) Concurrent Cycle
[2020-09-29T10:12:02.986+0000][7792][gc,marking   ] GC(474) Concurrent Clear Claimed Marks
[2020-09-29T10:12:02.987+0000][7792][gc,marking   ] GC(474) Concurrent Clear Claimed Marks 0.442ms
[2020-09-29T10:12:02.987+0000][7792][gc,marking   ] GC(474) Concurrent Scan Root Regions
[2020-09-29T10:12:02.989+0000][7792][gc,marking   ] GC(474) Concurrent Scan Root Regions 1.887ms
[2020-09-29T10:12:02.989+0000][7792][gc,marking   ] GC(474) Concurrent Mark (986.091s)
[2020-09-29T10:12:02.989+0000][7792][gc,marking   ] GC(474) Concurrent Mark From Roots
[2020-09-29T10:12:02.989+0000][7792][gc,task      ] GC(474) Using 2 workers of 2 for marking
[2020-09-29T10:12:03.129+0000][7792][gc,marking   ] GC(474) Concurrent Mark From Roots 139.494ms
[2020-09-29T10:12:03.129+0000][7792][gc,marking   ] GC(474) Concurrent Preclean
[2020-09-29T10:12:03.130+0000][7792][gc,marking   ] GC(474) Concurrent Preclean 0.666ms
[2020-09-29T10:12:03.130+0000][7792][gc,marking   ] GC(474) Concurrent Mark (986.091s, 986.232s) 140.358ms
[2020-09-29T10:12:03.130+0000][7792][gc,start     ] GC(474) Pause Remark
[2020-09-29T10:12:03.138+0000][7792][gc           ] GC(474) Pause Remark 449M->449M(1024M) 7.704ms
[2020-09-29T10:12:03.138+0000][7792][gc,cpu       ] GC(474) User=0.00s Sys=0.00s Real=0.01s
[2020-09-29T10:12:03.138+0000][7792][safepoint    ] Safepoint "G1Concurrent", Time since last: 143115200 ns, Reaching safepoint: 652900 ns, At safepoint: 7939500 ns, Total: 8592400 ns
[2020-09-29T10:12:03.138+0000][7792][gc,marking   ] GC(474) Concurrent Rebuild Remembered Sets
[2020-09-29T10:12:03.231+0000][7792][gc,marking   ] GC(474) Concurrent Rebuild Remembered Sets 91.899ms
[2020-09-29T10:12:03.231+0000][7792][gc,start     ] GC(474) Pause Cleanup
[2020-09-29T10:12:03.231+0000][7792][gc           ] GC(474) Pause Cleanup 535M->535M(1024M) 0.339ms
[2020-09-29T10:12:03.231+0000][7792][gc,cpu       ] GC(474) User=0.00s Sys=0.00s Real=0.00s
[2020-09-29T10:12:03.231+0000][7792][safepoint    ] Safepoint "G1Concurrent", Time since last: 92119100 ns, Reaching safepoint: 171400 ns, At safepoint: 481500 ns, Total: 652900 ns
[2020-09-29T10:12:03.231+0000][7792][gc,marking   ] GC(474) Concurrent Cleanup for Next Mark
[2020-09-29T10:12:03.234+0000][7792][gc,marking   ] GC(474) Concurrent Cleanup for Next Mark 2.004ms
[2020-09-29T10:12:03.234+0000][7792][gc           ] GC(474) Concurrent Cycle 246.712ms
[2020-09-29T10:12:03.234+0000][7792][gc,start     ] GC(475) Pause Young (Concurrent Start) (G1 Humongous Allocation)
[2020-09-29T10:12:03.234+0000][7792][gc,task      ] GC(475) Using 8 workers of 8 for evacuation
[2020-09-29T10:12:03.234+0000][7792][gc,age       ] GC(475) Desired survivor size 33030144 bytes, new threshold 15 (max threshold 15)
[2020-09-29T10:12:03.237+0000][7792][gc,age       ] GC(475) Age table with threshold 15 (max threshold 15)
[2020-09-29T10:12:03.237+0000][7792][gc,age       ] GC(475) - age   1:    2364680 bytes,    2364680 total
[2020-09-29T10:12:03.237+0000][7792][gc,age       ] GC(475) - age   2:     207920 bytes,    2572600 total
[2020-09-29T10:12:03.237+0000][7792][gc,age       ] GC(475) - age   3:      53400 bytes,    2626000 total
[2020-09-29T10:12:03.237+0000][7792][gc,age       ] GC(475) - age   4:        888 bytes,    2626888 total
[2020-09-29T10:12:03.237+0000][7792][gc,age       ] GC(475) - age   5:        648 bytes,    2627536 total
[2020-09-29T10:12:03.237+0000][7792][gc,age       ] GC(475) - age   6:        480 bytes,    2628016 total
[2020-09-29T10:12:03.237+0000][7792][gc,age       ] GC(475) - age   7:        568 bytes,    2628584 total
[2020-09-29T10:12:03.237+0000][7792][gc,age       ] GC(475) - age   8:        528 bytes,    2629112 total
[2020-09-29T10:12:03.237+0000][7792][gc,age       ] GC(475) - age   9:       1256 bytes,    2630368 total
[2020-09-29T10:12:03.237+0000][7792][gc,age       ] GC(475) - age  10:       1072 bytes,    2631440 total
[2020-09-29T10:12:03.237+0000][7792][gc,age       ] GC(475) - age  11:       2648 bytes,    2634088 total
[2020-09-29T10:12:03.237+0000][7792][gc,age       ] GC(475) - age  12:        624 bytes,    2634712 total
[2020-09-29T10:12:03.237+0000][7792][gc,age       ] GC(475) - age  13:     145912 bytes,    2780624 total
[2020-09-29T10:12:03.237+0000][7792][gc,age       ] GC(475) - age  14:       1552 bytes,    2782176 total
[2020-09-29T10:12:03.237+0000][7792][gc,age       ] GC(475) - age  15:       7680 bytes,    2789856 total
[2020-09-29T10:12:03.237+0000][7792][gc,phases    ] GC(475)   Pre Evacuate Collection Set: 0.5ms
[2020-09-29T10:12:03.237+0000][7792][gc,phases    ] GC(475)   Merge Heap Roots: 0.1ms
[2020-09-29T10:12:03.237+0000][7792][gc,phases    ] GC(475)   Evacuate Collection Set: 2.0ms
[2020-09-29T10:12:03.237+0000][7792][gc,phases    ] GC(475)   Post Evacuate Collection Set: 0.9ms
[2020-09-29T10:12:03.237+0000][7792][gc,phases    ] GC(475)   Other: 0.9ms
[2020-09-29T10:12:03.239+0000][7792][gc,heap      ] GC(475) Eden regions: 72->0(500)
[2020-09-29T10:12:03.239+0000][7792][gc,heap      ] GC(475) Survivor regions: 3->3(63)
[2020-09-29T10:12:03.239+0000][7792][gc,heap      ] GC(475) Old regions: 82->82
[2020-09-29T10:12:03.239+0000][7792][gc,heap      ] GC(475) Archive regions: 0->0
[2020-09-29T10:12:03.239+0000][7792][gc,heap      ] GC(475) Humongous regions: 392->174
[2020-09-29T10:12:03.239+0000][7792][gc,metaspace ] GC(475) Metaspace: 90266K(96128K)->90266K(96128K) NonClass: 78973K(82432K)->78973K(82432K) Class: 11292K(13696K)->11292K(13696K)
[2020-09-29T10:12:03.239+0000][7792][gc           ] GC(475) Pause Young (Concurrent Start) (G1 Humongous Allocation) 548M->258M(1024M) 4.710ms
[2020-09-29T10:12:03.239+0000][7792][gc,cpu       ] GC(475) User=0.00s Sys=0.00s Real=0.01s
[2020-09-29T10:12:03.239+0000][7792][gc           ] GC(476) Concurrent Cycle
[2020-09-29T10:12:03.239+0000][7792][safepoint    ] Safepoint "G1TryInitiateConcMark", Time since last: 2294500 ns, Reaching safepoint: 197700 ns, At safepoint: 4884700 ns, Total: 5082400 ns
[2020-09-29T10:12:03.239+0000][7792][gc,marking   ] GC(476) Concurrent Clear Claimed Marks
[2020-09-29T10:12:03.239+0000][7792][gc,marking   ] GC(476) Concurrent Clear Claimed Marks 0.449ms
[2020-09-29T10:12:03.239+0000][7792][gc,marking   ] GC(476) Concurrent Scan Root Regions
[2020-09-29T10:12:03.242+0000][7792][gc,marking   ] GC(476) Concurrent Scan Root Regions 2.488ms
[2020-09-29T10:12:03.242+0000][7792][gc,marking   ] GC(476) Concurrent Mark (986.344s)
[2020-09-29T10:12:03.242+0000][7792][gc,marking   ] GC(476) Concurrent Mark From Roots
[2020-09-29T10:12:03.242+0000][7792][gc,task      ] GC(476) Using 2 workers of 2 for marking
[2020-09-29T10:12:03.404+0000][7792][gc,marking   ] GC(476) Concurrent Mark From Roots 162.486ms
[2020-09-29T10:12:03.404+0000][7792][gc,marking   ] GC(476) Concurrent Preclean
[2020-09-29T10:12:03.404+0000][7792][gc,marking   ] GC(476) Concurrent Preclean 0.680ms
[2020-09-29T10:12:03.404+0000][7792][gc,marking   ] GC(476) Concurrent Mark (986.344s, 986.507s) 163.371ms
[2020-09-29T10:12:03.406+0000][7792][gc,start     ] GC(476) Pause Remark
[2020-09-29T10:12:03.412+0000][7792][gc           ] GC(476) Pause Remark 427M->427M(1024M) 7.422ms
[2020-09-29T10:12:03.412+0000][7792][gc,cpu       ] GC(476) User=0.00s Sys=0.00s Real=0.01s
[2020-09-29T10:12:03.412+0000][7792][safepoint    ] Safepoint "G1Concurrent", Time since last: 166603900 ns, Reaching safepoint: 165500 ns, At safepoint: 7716600 ns, Total: 7882100 ns
[2020-09-29T10:12:03.412+0000][7792][gc,marking   ] GC(476) Concurrent Rebuild Remembered Sets
[2020-09-29T10:12:03.498+0000][7792][gc,marking   ] GC(476) Concurrent Rebuild Remembered Sets 84.958ms
[2020-09-29T10:12:03.499+0000][7792][gc,start     ] GC(476) Pause Cleanup
[2020-09-29T10:12:03.499+0000][7792][gc           ] GC(476) Pause Cleanup 503M->503M(1024M) 0.322ms
[2020-09-29T10:12:03.499+0000][7792][gc,cpu       ] GC(476) User=0.00s Sys=0.00s Real=0.00s
[2020-09-29T10:12:03.499+0000][7792][safepoint    ] Safepoint "G1Concurrent", Time since last: 85157100 ns, Reaching safepoint: 162500 ns, At safepoint: 647600 ns, Total: 810100 ns
[2020-09-29T10:12:03.499+0000][7792][gc,marking   ] GC(476) Concurrent Cleanup for Next Mark
[2020-09-29T10:12:03.501+0000][7792][gc,marking   ] GC(476) Concurrent Cleanup for Next Mark 1.626ms
[2020-09-29T10:12:03.501+0000][7792][gc           ] GC(476) Concurrent Cycle 262.368ms
[2020-09-29T10:12:03.503+0000][7792][gc,start     ] GC(477) Pause Young (Concurrent Start) (G1 Humongous Allocation)
[2020-09-29T10:12:03.503+0000][7792][gc,task      ] GC(477) Using 8 workers of 8 for evacuation
[2020-09-29T10:12:03.503+0000][7792][gc,age       ] GC(477) Desired survivor size 33030144 bytes, new threshold 15 (max threshold 15)
[2020-09-29T10:12:03.507+0000][7792][gc,age       ] GC(477) Age table with threshold 15 (max threshold 15)
[2020-09-29T10:12:03.507+0000][7792][gc,age       ] GC(477) - age   1:    2975992 bytes,    2975992 total
[2020-09-29T10:12:03.507+0000][7792][gc,age       ] GC(477) - age   2:     406832 bytes,    3382824 total
[2020-09-29T10:12:03.507+0000][7792][gc,age       ] GC(477) - age   3:     203512 bytes,    3586336 total
[2020-09-29T10:12:03.507+0000][7792][gc,age       ] GC(477) - age   4:      52016 bytes,    3638352 total
[2020-09-29T10:12:03.507+0000][7792][gc,age       ] GC(477) - age   5:        528 bytes,    3638880 total
[2020-09-29T10:12:03.507+0000][7792][gc,age       ] GC(477) - age   6:        552 bytes,    3639432 total
[2020-09-29T10:12:03.507+0000][7792][gc,age       ] GC(477) - age   7:        224 bytes,    3639656 total
[2020-09-29T10:12:03.507+0000][7792][gc,age       ] GC(477) - age   8:        536 bytes,    3640192 total
[2020-09-29T10:12:03.507+0000][7792][gc,age       ] GC(477) - age   9:        528 bytes,    3640720 total
[2020-09-29T10:12:03.507+0000][7792][gc,age       ] GC(477) - age  10:        792 bytes,    3641512 total
[2020-09-29T10:12:03.507+0000][7792][gc,age       ] GC(477) - age  11:       1008 bytes,    3642520 total
[2020-09-29T10:12:03.507+0000][7792][gc,age       ] GC(477) - age  12:       2648 bytes,    3645168 total
[2020-09-29T10:12:03.507+0000][7792][gc,age       ] GC(477) - age  13:        624 bytes,    3645792 total
[2020-09-29T10:12:03.507+0000][7792][gc,age       ] GC(477) - age  14:     145912 bytes,    3791704 total
[2020-09-29T10:12:03.507+0000][7792][gc,age       ] GC(477) - age  15:       1488 bytes,    3793192 total
[2020-09-29T10:12:03.507+0000][7792][gc,phases    ] GC(477)   Pre Evacuate Collection Set: 0.4ms
[2020-09-29T10:12:03.507+0000][7792][gc,phases    ] GC(477)   Merge Heap Roots: 0.1ms
[2020-09-29T10:12:03.507+0000][7792][gc,phases    ] GC(477)   Evacuate Collection Set: 2.1ms
[2020-09-29T10:12:03.507+0000][7792][gc,phases    ] GC(477)   Post Evacuate Collection Set: 0.9ms
[2020-09-29T10:12:03.507+0000][7792][gc,phases    ] GC(477)   Other: 0.9ms
[2020-09-29T10:12:03.507+0000][7792][gc,heap      ] GC(477) Eden regions: 72->0(498)
[2020-09-29T10:12:03.507+0000][7792][gc,heap      ] GC(477) Survivor regions: 3->4(63)
[2020-09-29T10:12:03.507+0000][7792][gc,heap      ] GC(477) Old regions: 82->83
[2020-09-29T10:12:03.507+0000][7792][gc,heap      ] GC(477) Archive regions: 0->0
[2020-09-29T10:12:03.508+0000][7792][gc,heap      ] GC(477) Humongous regions: 348->174
[2020-09-29T10:12:03.508+0000][7792][gc,metaspace ] GC(477) Metaspace: 90266K(96128K)->90266K(96128K) NonClass: 78973K(82432K)->78973K(82432K) Class: 11292K(13696K)->11292K(13696K)
[2020-09-29T10:12:03.508+0000][7792][gc           ] GC(477) Pause Young (Concurrent Start) (G1 Humongous Allocation) 504M->259M(1024M) 4.689ms
[2020-09-29T10:12:03.508+0000][7792][gc,cpu       ] GC(477) User=0.00s Sys=0.00s Real=0.00s
[2020-09-29T10:12:03.508+0000][7792][safepoint    ] Safepoint "G1TryInitiateConcMark", Time since last: 3413800 ns, Reaching safepoint: 152100 ns, At safepoint: 4871500 ns, Total: 5023600 ns
[2020-09-29T10:12:03.508+0000][7792][gc           ] GC(478) Concurrent Cycle
[2020-09-29T10:12:03.508+0000][7792][gc,marking   ] GC(478) Concurrent Clear Claimed Marks
[2020-09-29T10:12:03.508+0000][7792][gc,marking   ] GC(478) Concurrent Clear Claimed Marks 0.463ms
[2020-09-29T10:12:03.508+0000][7792][gc,marking   ] GC(478) Concurrent Scan Root Regions
[2020-09-29T10:12:03.511+0000][7792][gc,marking   ] GC(478) Concurrent Scan Root Regions 2.919ms
[2020-09-29T10:12:03.511+0000][7792][gc,marking   ] GC(478) Concurrent Mark (986.613s)
[2020-09-29T10:12:03.511+0000][7792][gc,marking   ] GC(478) Concurrent Mark From Roots
[2020-09-29T10:12:03.511+0000][7792][gc,task      ] GC(478) Using 2 workers of 2 for marking
[2020-09-29T10:12:03.682+0000][7792][gc,marking   ] GC(478) Concurrent Mark From Roots 170.581ms
[2020-09-29T10:12:03.682+0000][7792][gc,marking   ] GC(478) Concurrent Preclean
[2020-09-29T10:12:03.683+0000][7792][gc,marking   ] GC(478) Concurrent Preclean 0.746ms
[2020-09-29T10:12:03.683+0000][7792][gc,marking   ] GC(478) Concurrent Mark (986.613s, 986.785s) 171.553ms
[2020-09-29T10:12:03.683+0000][7792][gc,start     ] GC(478) Pause Remark
[2020-09-29T10:12:03.691+0000][7792][gc           ] GC(478) Pause Remark 452M->452M(1024M) 7.536ms
[2020-09-29T10:12:03.691+0000][7792][gc,cpu       ] GC(478) User=0.11s Sys=0.00s Real=0.01s
[2020-09-29T10:12:03.691+0000][7792][safepoint    ] Safepoint "G1Concurrent", Time since last: 175341500 ns, Reaching safepoint: 149400 ns, At safepoint: 7759400 ns, Total: 7908800 ns
[2020-09-29T10:12:03.691+0000][7792][gc,marking   ] GC(478) Concurrent Rebuild Remembered Sets
[2020-09-29T10:12:03.782+0000][7792][gc,marking   ] GC(478) Concurrent Rebuild Remembered Sets 90.806ms
[2020-09-29T10:12:03.782+0000][7792][gc,start     ] GC(478) Pause Cleanup
[2020-09-29T10:12:03.782+0000][7792][gc           ] GC(478) Pause Cleanup 581M->581M(1024M) 0.343ms
[2020-09-29T10:12:03.783+0000][7792][gc,cpu       ] GC(478) User=0.00s Sys=0.00s Real=0.00s
[2020-09-29T10:12:03.783+0000][7792][safepoint    ] Safepoint "G1Concurrent", Time since last: 90979400 ns, Reaching safepoint: 191100 ns, At safepoint: 575000 ns, Total: 766100 ns
[2020-09-29T10:12:03.783+0000][7792][gc,marking   ] GC(478) Concurrent Cleanup for Next Mark
[2020-09-29T10:12:03.784+0000][7792][gc,marking   ] GC(478) Concurrent Cleanup for Next Mark 1.722ms
[2020-09-29T10:12:03.785+0000][7792][gc           ] GC(478) Concurrent Cycle 276.945ms
[2020-09-29T10:12:03.825+0000][7792][gc,start     ] GC(479) Pause Young (Concurrent Start) (G1 Humongous Allocation)
[2020-09-29T10:12:03.825+0000][7792][gc,task      ] GC(479) Using 8 workers of 8 for evacuation
[2020-09-29T10:12:03.825+0000][7792][gc,age       ] GC(479) Desired survivor size 33030144 bytes, new threshold 15 (max threshold 15)
[2020-09-29T10:12:03.830+0000][7792][gc,age       ] GC(479) Age table with threshold 15 (max threshold 15)
[2020-09-29T10:12:03.830+0000][7792][gc,age       ] GC(479) - age   1:    3401464 bytes,    3401464 total
[2020-09-29T10:12:03.830+0000][7792][gc,age       ] GC(479) - age   2:     408320 bytes,    3809784 total
[2020-09-29T10:12:03.831+0000][7792][gc,age       ] GC(479) - age   3:     402144 bytes,    4211928 total
[2020-09-29T10:12:03.831+0000][7792][gc,age       ] GC(479) - age   4:     203304 bytes,    4415232 total
[2020-09-29T10:12:03.831+0000][7792][gc,age       ] GC(479) - age   5:      49352 bytes,    4464584 total
[2020-09-29T10:12:03.831+0000][7792][gc,age       ] GC(479) - age   6:        304 bytes,    4464888 total
[2020-09-29T10:12:03.831+0000][7792][gc,age       ] GC(479) - age   7:        520 bytes,    4465408 total
[2020-09-29T10:12:03.831+0000][7792][gc,age       ] GC(479) - age   8:        224 bytes,    4465632 total
[2020-09-29T10:12:03.831+0000][7792][gc,age       ] GC(479) - age   9:        472 bytes,    4466104 total
[2020-09-29T10:12:03.831+0000][7792][gc,age       ] GC(479) - age  10:        336 bytes,    4466440 total
[2020-09-29T10:12:03.831+0000][7792][gc,age       ] GC(479) - age  11:        792 bytes,    4467232 total
[2020-09-29T10:12:03.831+0000][7792][gc,age       ] GC(479) - age  12:        944 bytes,    4468176 total
[2020-09-29T10:12:03.831+0000][7792][gc,age       ] GC(479) - age  13:       2648 bytes,    4470824 total
[2020-09-29T10:12:03.831+0000][7792][gc,age       ] GC(479) - age  14:        528 bytes,    4471352 total
[2020-09-29T10:12:03.831+0000][7792][gc,age       ] GC(479) - age  15:     145912 bytes,    4617264 total
[2020-09-29T10:12:03.831+0000][7792][gc,phases    ] GC(479)   Pre Evacuate Collection Set: 0.4ms
[2020-09-29T10:12:03.831+0000][7792][gc,phases    ] GC(479)   Merge Heap Roots: 0.1ms
[2020-09-29T10:12:03.831+0000][7792][gc,phases    ] GC(479)   Evacuate Collection Set: 3.2ms
[2020-09-29T10:12:03.831+0000][7792][gc,phases    ] GC(479)   Post Evacuate Collection Set: 1.1ms
[2020-09-29T10:12:03.831+0000][7792][gc,phases    ] GC(479)   Other: 1.3ms
[2020-09-29T10:12:03.831+0000][7792][gc,heap      ] GC(479) Eden regions: 89->0(497)
[2020-09-29T10:12:03.832+0000][7792][gc,heap      ] GC(479) Survivor regions: 4->5(63)
[2020-09-29T10:12:03.832+0000][7792][gc,heap      ] GC(479) Old regions: 83->83
[2020-09-29T10:12:03.832+0000][7792][gc,heap      ] GC(479) Archive regions: 0->0
[2020-09-29T10:12:03.832+0000][7792][gc,heap      ] GC(479) Humongous regions: 418->174
[2020-09-29T10:12:03.832+0000][7792][gc,metaspace ] GC(479) Metaspace: 90266K(96128K)->90266K(96128K) NonClass: 78973K(82432K)->78973K(82432K) Class: 11292K(13696K)->11292K(13696K)
[2020-09-29T10:12:03.832+0000][7792][gc           ] GC(479) Pause Young (Concurrent Start) (G1 Humongous Allocation) 592M->260M(1024M) 6.541ms
[2020-09-29T10:12:03.832+0000][7792][gc,cpu       ] GC(479) User=0.09s Sys=0.00s Real=0.01s
[2020-09-29T10:12:03.832+0000][7792][safepoint    ] Safepoint "G1TryInitiateConcMark", Time since last: 42360800 ns, Reaching safepoint: 133400 ns, At safepoint: 6735400 ns, Total: 6868800 ns
[2020-09-29T10:12:03.832+0000][7792][gc           ] GC(480) Concurrent Cycle
[2020-09-29T10:12:03.832+0000][7792][gc,marking   ] GC(480) Concurrent Clear Claimed Marks
[2020-09-29T10:12:03.832+0000][7792][gc,marking   ] GC(480) Concurrent Clear Claimed Marks 0.455ms
[2020-09-29T10:12:03.833+0000][7792][gc,marking   ] GC(480) Concurrent Scan Root Regions
[2020-09-29T10:12:03.836+0000][7792][gc,marking   ] GC(480) Concurrent Scan Root Regions 3.119ms
[2020-09-29T10:12:03.836+0000][7792][gc,marking   ] GC(480) Concurrent Mark (986.938s)
[2020-09-29T10:12:03.836+0000][7792][gc,marking   ] GC(480) Concurrent Mark From Roots
[2020-09-29T10:12:03.836+0000][7792][gc,task      ] GC(480) Using 2 workers of 2 for marking
[2020-09-29T10:12:03.992+0000][7792][gc,marking   ] GC(480) Concurrent Mark From Roots 156.276ms
[2020-09-29T10:12:03.992+0000][7792][gc,marking   ] GC(480) Concurrent Preclean
[2020-09-29T10:12:03.993+0000][7792][gc,marking   ] GC(480) Concurrent Preclean 0.584ms
[2020-09-29T10:12:03.993+0000][7792][gc,marking   ] GC(480) Concurrent Mark (986.938s, 987.095s) 157.064ms
[2020-09-29T10:12:03.993+0000][7792][gc,start     ] GC(480) Pause Remark
[2020-09-29T10:12:04.003+0000][7792][gc           ] GC(480) Pause Remark 399M->399M(1024M) 9.565ms
[2020-09-29T10:12:04.003+0000][7792][gc,cpu       ] GC(480) User=0.09s Sys=0.00s Real=0.01s
[2020-09-29T10:12:04.003+0000][7792][safepoint    ] Safepoint "G1Concurrent", Time since last: 161102900 ns, Reaching safepoint: 195800 ns, At safepoint: 10112300 ns, Total: 10308100 ns
[2020-09-29T10:12:04.003+0000][7792][gc,marking   ] GC(480) Concurrent Rebuild Remembered Sets
[2020-09-29T10:12:04.102+0000][7792][gc,marking   ] GC(480) Concurrent Rebuild Remembered Sets 98.661ms
[2020-09-29T10:12:04.102+0000][7792][gc,start     ] GC(480) Pause Cleanup
[2020-09-29T10:12:04.103+0000][7792][gc           ] GC(480) Pause Cleanup 472M->472M(1024M) 0.410ms
[2020-09-29T10:12:04.103+0000][7792][gc,cpu       ] GC(480) User=0.00s Sys=0.00s Real=0.00s
[2020-09-29T10:12:04.103+0000][7792][safepoint    ] Safepoint "G1Concurrent", Time since last: 98900100 ns, Reaching safepoint: 167800 ns, At safepoint: 617200 ns, Total: 785000 ns
[2020-09-29T10:12:04.103+0000][7792][gc,marking   ] GC(480) Concurrent Cleanup for Next Mark
[2020-09-29T10:12:04.105+0000][7792][gc,marking   ] GC(480) Concurrent Cleanup for Next Mark 1.973ms
[2020-09-29T10:12:04.105+0000][7792][gc           ] GC(480) Concurrent Cycle 273.317ms
[2020-09-29T10:12:04.563+0000][7792][gc,start     ] GC(481) Pause Young (Concurrent Start) (G1 Humongous Allocation)
[2020-09-29T10:12:04.563+0000][7792][gc,task      ] GC(481) Using 8 workers of 8 for evacuation
[2020-09-29T10:12:04.563+0000][7792][gc,age       ] GC(481) Desired survivor size 33030144 bytes, new threshold 15 (max threshold 15)
[2020-09-29T10:12:04.568+0000][7792][gc,age       ] GC(481) Age table with threshold 15 (max threshold 15)
[2020-09-29T10:12:04.568+0000][7792][gc,age       ] GC(481) - age   1:    2699704 bytes,    2699704 total
[2020-09-29T10:12:04.568+0000][7792][gc,age       ] GC(481) - age   2:       3520 bytes,    2703224 total
[2020-09-29T10:12:04.568+0000][7792][gc,age       ] GC(481) - age   3:       1824 bytes,    2705048 total
[2020-09-29T10:12:04.568+0000][7792][gc,age       ] GC(481) - age   4:       2272 bytes,    2707320 total
[2020-09-29T10:12:04.568+0000][7792][gc,age       ] GC(481) - age   5:       1384 bytes,    2708704 total
[2020-09-29T10:12:04.568+0000][7792][gc,age       ] GC(481) - age   6:      47600 bytes,    2756304 total
[2020-09-29T10:12:04.568+0000][7792][gc,age       ] GC(481) - age   7:        304 bytes,    2756608 total
[2020-09-29T10:12:04.568+0000][7792][gc,age       ] GC(481) - age   8:        520 bytes,    2757128 total
[2020-09-29T10:12:04.568+0000][7792][gc,age       ] GC(481) - age   9:        192 bytes,    2757320 total
[2020-09-29T10:12:04.568+0000][7792][gc,age       ] GC(481) - age  10:        472 bytes,    2757792 total
[2020-09-29T10:12:04.568+0000][7792][gc,age       ] GC(481) - age  11:        336 bytes,    2758128 total
[2020-09-29T10:12:04.568+0000][7792][gc,age       ] GC(481) - age  12:        728 bytes,    2758856 total
[2020-09-29T10:12:04.568+0000][7792][gc,age       ] GC(481) - age  13:        944 bytes,    2759800 total
[2020-09-29T10:12:04.568+0000][7792][gc,age       ] GC(481) - age  14:       2520 bytes,    2762320 total
[2020-09-29T10:12:04.568+0000][7792][gc,age       ] GC(481) - age  15:        528 bytes,    2762848 total
[2020-09-29T10:12:04.569+0000][7792][gc,phases    ] GC(481)   Pre Evacuate Collection Set: 0.5ms
[2020-09-29T10:12:04.569+0000][7792][gc,phases    ] GC(481)   Merge Heap Roots: 0.1ms
[2020-09-29T10:12:04.569+0000][7792][gc,phases    ] GC(481)   Evacuate Collection Set: 2.1ms
[2020-09-29T10:12:04.569+0000][7792][gc,phases    ] GC(481)   Post Evacuate Collection Set: 1.6ms
[2020-09-29T10:12:04.569+0000][7792][gc,phases    ] GC(481)   Other: 1.3ms
[2020-09-29T10:12:04.569+0000][7792][gc,heap      ] GC(481) Eden regions: 71->0(499)
[2020-09-29T10:12:04.569+0000][7792][gc,heap      ] GC(481) Survivor regions: 5->3(63)
[2020-09-29T10:12:04.569+0000][7792][gc,heap      ] GC(481) Old regions: 83->83
[2020-09-29T10:12:04.569+0000][7792][gc,heap      ] GC(481) Archive regions: 0->0
[2020-09-29T10:12:04.569+0000][7792][gc,heap      ] GC(481) Humongous regions: 322->174
[2020-09-29T10:12:04.569+0000][7792][gc,metaspace ] GC(481) Metaspace: 90280K(96128K)->90280K(96128K) NonClass: 78988K(82432K)->78988K(82432K) Class: 11292K(13696K)->11292K(13696K)
[2020-09-29T10:12:04.569+0000][7792][gc           ] GC(481) Pause Young (Concurrent Start) (G1 Humongous Allocation) 479M->258M(1024M) 6.268ms
[2020-09-29T10:12:04.569+0000][7792][gc,cpu       ] GC(481) User=0.00s Sys=0.00s Real=0.01s
[2020-09-29T10:12:04.569+0000][7792][gc           ] GC(482) Concurrent Cycle
[2020-09-29T10:12:04.569+0000][7792][safepoint    ] Safepoint "G1TryInitiateConcMark", Time since last: 459747200 ns, Reaching safepoint: 146100 ns, At safepoint: 6493100 ns, Total: 6639200 ns
[2020-09-29T10:12:04.569+0000][7792][gc,marking   ] GC(482) Concurrent Clear Claimed Marks
[2020-09-29T10:12:04.570+0000][7792][gc,marking   ] GC(482) Concurrent Clear Claimed Marks 0.574ms
[2020-09-29T10:12:04.570+0000][7792][gc,marking   ] GC(482) Concurrent Scan Root Regions
[2020-09-29T10:12:04.572+0000][7792][gc,marking   ] GC(482) Concurrent Scan Root Regions 1.793ms
[2020-09-29T10:12:04.572+0000][7792][gc,marking   ] GC(482) Concurrent Mark (987.674s)
[2020-09-29T10:12:04.572+0000][7792][gc,marking   ] GC(482) Concurrent Mark From Roots
[2020-09-29T10:12:04.572+0000][7792][gc,task      ] GC(482) Using 2 workers of 2 for marking
[2020-09-29T10:12:04.726+0000][7792][gc,marking   ] GC(482) Concurrent Mark From Roots 154.241ms
[2020-09-29T10:12:04.726+0000][7792][gc,marking   ] GC(482) Concurrent Preclean
[2020-09-29T10:12:04.727+0000][7792][gc,marking   ] GC(482) Concurrent Preclean 0.580ms
[2020-09-29T10:12:04.727+0000][7792][gc,marking   ] GC(482) Concurrent Mark (987.674s, 987.829s) 155.022ms
[2020-09-29T10:12:04.727+0000][7792][gc,start     ] GC(482) Pause Remark
[2020-09-29T10:12:04.734+0000][7792][gc           ] GC(482) Pause Remark 397M->397M(1024M) 6.966ms
[2020-09-29T10:12:04.734+0000][7792][gc,cpu       ] GC(482) User=0.11s Sys=0.00s Real=0.01s
[2020-09-29T10:12:04.734+0000][7792][safepoint    ] Safepoint "G1Concurrent", Time since last: 157666400 ns, Reaching safepoint: 148400 ns, At safepoint: 7204200 ns, Total: 7352600 ns
[2020-09-29T10:12:04.734+0000][7792][gc,marking   ] GC(482) Concurrent Rebuild Remembered Sets
[2020-09-29T10:12:04.821+0000][7792][gc,marking   ] GC(482) Concurrent Rebuild Remembered Sets 86.931ms
[2020-09-29T10:12:04.822+0000][7792][gc,start     ] GC(482) Pause Cleanup
[2020-09-29T10:12:04.822+0000][7792][gc           ] GC(482) Pause Cleanup 466M->466M(1024M) 0.433ms
[2020-09-29T10:12:04.822+0000][7792][gc,cpu       ] GC(482) User=0.00s Sys=0.00s Real=0.00s
[2020-09-29T10:12:04.822+0000][7792][safepoint    ] Safepoint "G1Concurrent", Time since last: 87178100 ns, Reaching safepoint: 212500 ns, At safepoint: 664600 ns, Total: 877100 ns
[2020-09-29T10:12:04.822+0000][7792][gc,marking   ] GC(482) Concurrent Cleanup for Next Mark
[2020-09-29T10:12:04.824+0000][7792][gc,marking   ] GC(482) Concurrent Cleanup for Next Mark 1.477ms
[2020-09-29T10:12:04.824+0000][7792][gc           ] GC(482) Concurrent Cycle 254.790ms
[2020-09-29T10:12:04.831+0000][7792][gc,start     ] GC(483) Pause Young (Concurrent Start) (G1 Humongous Allocation)
[2020-09-29T10:12:04.832+0000][7792][gc,task      ] GC(483) Using 8 workers of 8 for evacuation
[2020-09-29T10:12:04.832+0000][7792][gc,age       ] GC(483) Desired survivor size 33030144 bytes, new threshold 15 (max threshold 15)
[2020-09-29T10:12:04.835+0000][7792][gc,age       ] GC(483) Age table with threshold 15 (max threshold 15)
[2020-09-29T10:12:04.835+0000][7792][gc,age       ] GC(483) - age   1:    3302600 bytes,    3302600 total
[2020-09-29T10:12:04.835+0000][7792][gc,age       ] GC(483) - age   2:      24712 bytes,    3327312 total
[2020-09-29T10:12:04.835+0000][7792][gc,age       ] GC(483) - age   3:       2992 bytes,    3330304 total
[2020-09-29T10:12:04.835+0000][7792][gc,age       ] GC(483) - age   4:       1760 bytes,    3332064 total
[2020-09-29T10:12:04.835+0000][7792][gc,age       ] GC(483) - age   5:       1824 bytes,    3333888 total
[2020-09-29T10:12:04.836+0000][7792][gc,age       ] GC(483) - age   6:       1384 bytes,    3335272 total
[2020-09-29T10:12:04.836+0000][7792][gc,age       ] GC(483) - age   7:      47600 bytes,    3382872 total
[2020-09-29T10:12:04.836+0000][7792][gc,age       ] GC(483) - age   8:        304 bytes,    3383176 total
[2020-09-29T10:12:04.836+0000][7792][gc,age       ] GC(483) - age   9:        520 bytes,    3383696 total
[2020-09-29T10:12:04.836+0000][7792][gc,age       ] GC(483) - age  10:        128 bytes,    3383824 total
[2020-09-29T10:12:04.836+0000][7792][gc,age       ] GC(483) - age  11:        472 bytes,    3384296 total
[2020-09-29T10:12:04.836+0000][7792][gc,age       ] GC(483) - age  12:        336 bytes,    3384632 total
[2020-09-29T10:12:04.836+0000][7792][gc,age       ] GC(483) - age  13:        728 bytes,    3385360 total
[2020-09-29T10:12:04.836+0000][7792][gc,age       ] GC(483) - age  14:        848 bytes,    3386208 total
[2020-09-29T10:12:04.836+0000][7792][gc,age       ] GC(483) - age  15:       2456 bytes,    3388664 total
[2020-09-29T10:12:04.836+0000][7792][gc,phases    ] GC(483)   Pre Evacuate Collection Set: 0.4ms
[2020-09-29T10:12:04.836+0000][7792][gc,phases    ] GC(483)   Merge Heap Roots: 0.1ms
[2020-09-29T10:12:04.836+0000][7792][gc,phases    ] GC(483)   Evacuate Collection Set: 2.0ms
[2020-09-29T10:12:04.836+0000][7792][gc,phases    ] GC(483)   Post Evacuate Collection Set: 0.8ms
[2020-09-29T10:12:04.836+0000][7792][gc,phases    ] GC(483)   Other: 1.4ms
[2020-09-29T10:12:04.836+0000][7792][gc,heap      ] GC(483) Eden regions: 60->0(498)
[2020-09-29T10:12:04.837+0000][7792][gc,heap      ] GC(483) Survivor regions: 3->4(63)
[2020-09-29T10:12:04.837+0000][7792][gc,heap      ] GC(483) Old regions: 83->83
[2020-09-29T10:12:04.837+0000][7792][gc,heap      ] GC(483) Archive regions: 0->0
[2020-09-29T10:12:04.837+0000][7792][gc,heap      ] GC(483) Humongous regions: 324->174
[2020-09-29T10:12:04.837+0000][7792][gc,metaspace ] GC(483) Metaspace: 90280K(96128K)->90280K(96128K) NonClass: 78988K(82432K)->78988K(82432K) Class: 11292K(13696K)->11292K(13696K)
[2020-09-29T10:12:04.837+0000][7792][gc           ] GC(483) Pause Young (Concurrent Start) (G1 Humongous Allocation) 468M->259M(1024M) 5.391ms
[2020-09-29T10:12:04.837+0000][7792][gc,cpu       ] GC(483) User=0.00s Sys=0.00s Real=0.01s
[2020-09-29T10:12:04.837+0000][7792][gc           ] GC(484) Concurrent Cycle
[2020-09-29T10:12:04.837+0000][7792][safepoint    ] Safepoint "G1TryInitiateConcMark", Time since last: 8818600 ns, Reaching safepoint: 142100 ns, At safepoint: 5655200 ns, Total: 5797300 ns
[2020-09-29T10:12:04.837+0000][7792][gc,marking   ] GC(484) Concurrent Clear Claimed Marks
[2020-09-29T10:12:04.837+0000][7792][gc,marking   ] GC(484) Concurrent Clear Claimed Marks 0.381ms
[2020-09-29T10:12:04.838+0000][7792][gc,marking   ] GC(484) Concurrent Scan Root Regions
[2020-09-29T10:12:04.840+0000][7792][gc,marking   ] GC(484) Concurrent Scan Root Regions 2.050ms
[2020-09-29T10:12:04.840+0000][7792][gc,marking   ] GC(484) Concurrent Mark (987.942s)
[2020-09-29T10:12:04.840+0000][7792][gc,marking   ] GC(484) Concurrent Mark From Roots
[2020-09-29T10:12:04.840+0000][7792][gc,task      ] GC(484) Using 2 workers of 2 for marking
[2020-09-29T10:12:04.990+0000][7792][gc,marking   ] GC(484) Concurrent Mark From Roots 150.253ms
[2020-09-29T10:12:04.990+0000][7792][gc,marking   ] GC(484) Concurrent Preclean
[2020-09-29T10:12:04.991+0000][7792][gc,marking   ] GC(484) Concurrent Preclean 0.518ms
[2020-09-29T10:12:04.991+0000][7792][gc,marking   ] GC(484) Concurrent Mark (987.942s, 988.093s) 150.982ms
[2020-09-29T10:12:04.991+0000][7792][gc,start     ] GC(484) Pause Remark
[2020-09-29T10:12:04.998+0000][7792][gc           ] GC(484) Pause Remark 458M->458M(1024M) 7.078ms
[2020-09-29T10:12:04.998+0000][7792][gc,cpu       ] GC(484) User=0.00s Sys=0.00s Real=0.01s
[2020-09-29T10:12:04.998+0000][7792][safepoint    ] Safepoint "G1Concurrent", Time since last: 153734300 ns, Reaching safepoint: 157000 ns, At safepoint: 7319200 ns, Total: 7476200 ns
[2020-09-29T10:12:04.998+0000][7792][gc,marking   ] GC(484) Concurrent Rebuild Remembered Sets
[2020-09-29T10:12:05.093+0000][7792][gc,marking   ] GC(484) Concurrent Rebuild Remembered Sets 95.137ms
[2020-09-29T10:12:05.094+0000][7792][gc,start     ] GC(484) Pause Cleanup
[2020-09-29T10:12:05.094+0000][7792][gc           ] GC(484) Pause Cleanup 533M->533M(1024M) 0.422ms
[2020-09-29T10:12:05.094+0000][7792][gc,cpu       ] GC(484) User=0.00s Sys=0.00s Real=0.00s
[2020-09-29T10:12:05.094+0000][7792][safepoint    ] Safepoint "G1Concurrent", Time since last: 95349700 ns, Reaching safepoint: 191300 ns, At safepoint: 651700 ns, Total: 843000 ns
[2020-09-29T10:12:05.094+0000][7792][gc,marking   ] GC(484) Concurrent Cleanup for Next Mark
[2020-09-29T10:12:05.096+0000][7792][gc,marking   ] GC(484) Concurrent Cleanup for Next Mark 1.764ms
[2020-09-29T10:12:05.096+0000][7792][gc           ] GC(484) Concurrent Cycle 259.389ms
[2020-09-29T10:12:05.111+0000][7792][gc,start     ] GC(485) Pause Young (Concurrent Start) (G1 Humongous Allocation)
[2020-09-29T10:12:05.111+0000][7792][gc,task      ] GC(485) Using 8 workers of 8 for evacuation
[2020-09-29T10:12:05.111+0000][7792][gc,age       ] GC(485) Desired survivor size 33030144 bytes, new threshold 15 (max threshold 15)
[2020-09-29T10:12:05.115+0000][7792][gc,age       ] GC(485) Age table with threshold 15 (max threshold 15)
[2020-09-29T10:12:05.115+0000][7792][gc,age       ] GC(485) - age   1:    3511568 bytes,    3511568 total
[2020-09-29T10:12:05.115+0000][7792][gc,age       ] GC(485) - age   2:     205376 bytes,    3716944 total
[2020-09-29T10:12:05.115+0000][7792][gc,age       ] GC(485) - age   3:      23360 bytes,    3740304 total
[2020-09-29T10:12:05.115+0000][7792][gc,age       ] GC(485) - age   4:       2800 bytes,    3743104 total
[2020-09-29T10:12:05.116+0000][7792][gc,age       ] GC(485) - age   5:       1152 bytes,    3744256 total
[2020-09-29T10:12:05.116+0000][7792][gc,age       ] GC(485) - age   6:       1760 bytes,    3746016 total
[2020-09-29T10:12:05.116+0000][7792][gc,age       ] GC(485) - age   7:       1384 bytes,    3747400 total
[2020-09-29T10:12:05.116+0000][7792][gc,age       ] GC(485) - age   8:      47600 bytes,    3795000 total
[2020-09-29T10:12:05.116+0000][7792][gc,age       ] GC(485) - age   9:        240 bytes,    3795240 total
[2020-09-29T10:12:05.116+0000][7792][gc,age       ] GC(485) - age  10:        456 bytes,    3795696 total
[2020-09-29T10:12:05.116+0000][7792][gc,age       ] GC(485) - age  11:        128 bytes,    3795824 total
[2020-09-29T10:12:05.116+0000][7792][gc,age       ] GC(485) - age  12:        472 bytes,    3796296 total
[2020-09-29T10:12:05.116+0000][7792][gc,age       ] GC(485) - age  13:        336 bytes,    3796632 total
[2020-09-29T10:12:05.116+0000][7792][gc,age       ] GC(485) - age  14:        632 bytes,    3797264 total
[2020-09-29T10:12:05.116+0000][7792][gc,age       ] GC(485) - age  15:        848 bytes,    3798112 total
[2020-09-29T10:12:05.116+0000][7792][gc,phases    ] GC(485)   Pre Evacuate Collection Set: 0.5ms
[2020-09-29T10:12:05.116+0000][7792][gc,phases    ] GC(485)   Merge Heap Roots: 0.1ms
[2020-09-29T10:12:05.116+0000][7792][gc,phases    ] GC(485)   Evacuate Collection Set: 2.3ms
[2020-09-29T10:12:05.116+0000][7792][gc,phases    ] GC(485)   Post Evacuate Collection Set: 1.0ms
[2020-09-29T10:12:05.116+0000][7792][gc,phases    ] GC(485)   Other: 1.3ms
[2020-09-29T10:12:05.116+0000][7792][gc,heap      ] GC(485) Eden regions: 80->0(498)
[2020-09-29T10:12:05.116+0000][7792][gc,heap      ] GC(485) Survivor regions: 4->4(63)
[2020-09-29T10:12:05.117+0000][7792][gc,heap      ] GC(485) Old regions: 83->83
[2020-09-29T10:12:05.117+0000][7792][gc,heap      ] GC(485) Archive regions: 0->0
[2020-09-29T10:12:05.117+0000][7792][gc,heap      ] GC(485) Humongous regions: 374->174
[2020-09-29T10:12:05.117+0000][7792][gc,metaspace ] GC(485) Metaspace: 90280K(96128K)->90280K(96128K) NonClass: 78988K(82432K)->78988K(82432K) Class: 11292K(13696K)->11292K(13696K)
[2020-09-29T10:12:05.117+0000][7792][gc           ] GC(485) Pause Young (Concurrent Start) (G1 Humongous Allocation) 538M->259M(1024M) 5.711ms
[2020-09-29T10:12:05.117+0000][7792][gc,cpu       ] GC(485) User=0.00s Sys=0.00s Real=0.01s
[2020-09-29T10:12:05.117+0000][7792][safepoint    ] Safepoint "G1TryInitiateConcMark", Time since last: 16489300 ns, Reaching safepoint: 172100 ns, At safepoint: 5940500 ns, Total: 6112600 ns
[2020-09-29T10:12:05.117+0000][7792][gc           ] GC(486) Concurrent Cycle
[2020-09-29T10:12:05.117+0000][7792][gc,marking   ] GC(486) Concurrent Clear Claimed Marks
[2020-09-29T10:12:05.117+0000][7792][gc,marking   ] GC(486) Concurrent Clear Claimed Marks 0.395ms
[2020-09-29T10:12:05.118+0000][7792][gc,marking   ] GC(486) Concurrent Scan Root Regions
[2020-09-29T10:12:05.120+0000][7792][gc,marking   ] GC(486) Concurrent Scan Root Regions 2.796ms
[2020-09-29T10:12:05.121+0000][7792][gc,marking   ] GC(486) Concurrent Mark (988.222s)
[2020-09-29T10:12:05.121+0000][7792][gc,marking   ] GC(486) Concurrent Mark From Roots
[2020-09-29T10:12:05.121+0000][7792][gc,task      ] GC(486) Using 2 workers of 2 for marking
[2020-09-29T10:12:05.291+0000][7792][gc,marking   ] GC(486) Concurrent Mark From Roots 170.216ms
[2020-09-29T10:12:05.291+0000][7792][gc,marking   ] GC(486) Concurrent Preclean
[2020-09-29T10:12:05.291+0000][7792][gc,marking   ] GC(486) Concurrent Preclean 0.708ms
[2020-09-29T10:12:05.292+0000][7792][gc,marking   ] GC(486) Concurrent Mark (988.222s, 988.394s) 171.172ms
[2020-09-29T10:12:05.292+0000][7792][gc,start     ] GC(486) Pause Remark
[2020-09-29T10:12:05.299+0000][7792][gc           ] GC(486) Pause Remark 461M->461M(1024M) 7.506ms
[2020-09-29T10:12:05.300+0000][7792][gc,cpu       ] GC(486) User=0.09s Sys=0.02s Real=0.01s
[2020-09-29T10:12:05.300+0000][7792][safepoint    ] Safepoint "G1Concurrent", Time since last: 174842200 ns, Reaching safepoint: 179200 ns, At safepoint: 7779700 ns, Total: 7958900 ns
[2020-09-29T10:12:05.300+0000][7792][gc,marking   ] GC(486) Concurrent Rebuild Remembered Sets
[2020-09-29T10:12:05.395+0000][7792][gc,marking   ] GC(486) Concurrent Rebuild Remembered Sets 94.921ms
[2020-09-29T10:12:05.395+0000][7792][gc,start     ] GC(486) Pause Cleanup
[2020-09-29T10:12:05.395+0000][7792][gc           ] GC(486) Pause Cleanup 468M->468M(1024M) 0.378ms
[2020-09-29T10:12:05.395+0000][7792][gc,cpu       ] GC(486) User=0.00s Sys=0.00s Real=0.00s
[2020-09-29T10:12:05.395+0000][7792][safepoint    ] Safepoint "G1Concurrent", Time since last: 95138900 ns, Reaching safepoint: 183100 ns, At safepoint: 522400 ns, Total: 705500 ns
[2020-09-29T10:12:05.395+0000][7792][gc,marking   ] GC(486) Concurrent Cleanup for Next Mark
[2020-09-29T10:12:05.397+0000][7792][gc,marking   ] GC(486) Concurrent Cleanup for Next Mark 1.774ms
[2020-09-29T10:12:05.397+0000][7792][gc           ] GC(486) Concurrent Cycle 280.572ms
[2020-09-29T10:12:06.396+0000][7792][safepoint    ] Safepoint "Cleanup", Time since last: 1000118500 ns, Reaching safepoint: 142400 ns, At safepoint: 11400 ns, Total: 153800 ns
[2020-09-29T10:12:07.280+0000][7792][gc,start     ] GC(487) Pause Young (Concurrent Start) (G1 Humongous Allocation)
[2020-09-29T10:12:07.280+0000][7792][gc,task      ] GC(487) Using 8 workers of 8 for evacuation
[2020-09-29T10:12:07.281+0000][7792][gc,age       ] GC(487) Desired survivor size 33030144 bytes, new threshold 15 (max threshold 15)
[2020-09-29T10:12:07.284+0000][7792][gc,age       ] GC(487) Age table with threshold 15 (max threshold 15)
[2020-09-29T10:12:07.284+0000][7792][gc,age       ] GC(487) - age   1:    3032720 bytes,    3032720 total
[2020-09-29T10:12:07.284+0000][7792][gc,age       ] GC(487) - age   2:       2096 bytes,    3034816 total
[2020-09-29T10:12:07.284+0000][7792][gc,age       ] GC(487) - age   3:       1312 bytes,    3036128 total
[2020-09-29T10:12:07.284+0000][7792][gc,age       ] GC(487) - age   4:      19944 bytes,    3056072 total
[2020-09-29T10:12:07.284+0000][7792][gc,age       ] GC(487) - age   5:       2576 bytes,    3058648 total
[2020-09-29T10:12:07.284+0000][7792][gc,age       ] GC(487) - age   6:       1088 bytes,    3059736 total
[2020-09-29T10:12:07.284+0000][7792][gc,age       ] GC(487) - age   7:       1760 bytes,    3061496 total
[2020-09-29T10:12:07.284+0000][7792][gc,age       ] GC(487) - age   8:       1384 bytes,    3062880 total
[2020-09-29T10:12:07.284+0000][7792][gc,age       ] GC(487) - age   9:      46896 bytes,    3109776 total
[2020-09-29T10:12:07.285+0000][7792][gc,age       ] GC(487) - age  10:        240 bytes,    3110016 total
[2020-09-29T10:12:07.285+0000][7792][gc,age       ] GC(487) - age  11:        360 bytes,    3110376 total
[2020-09-29T10:12:07.285+0000][7792][gc,age       ] GC(487) - age  12:         96 bytes,    3110472 total
[2020-09-29T10:12:07.285+0000][7792][gc,age       ] GC(487) - age  13:        472 bytes,    3110944 total
[2020-09-29T10:12:07.285+0000][7792][gc,age       ] GC(487) - age  14:         80 bytes,    3111024 total
[2020-09-29T10:12:07.285+0000][7792][gc,age       ] GC(487) - age  15:        632 bytes,    3111656 total
[2020-09-29T10:12:07.285+0000][7792][gc,phases    ] GC(487)   Pre Evacuate Collection Set: 0.5ms
[2020-09-29T10:12:07.285+0000][7792][gc,phases    ] GC(487)   Merge Heap Roots: 0.1ms
[2020-09-29T10:12:07.285+0000][7792][gc,phases    ] GC(487)   Evacuate Collection Set: 1.9ms
[2020-09-29T10:12:07.285+0000][7792][gc,phases    ] GC(487)   Post Evacuate Collection Set: 0.9ms
[2020-09-29T10:12:07.285+0000][7792][gc,phases    ] GC(487)   Other: 1.1ms
[2020-09-29T10:12:07.285+0000][7792][gc,heap      ] GC(487) Eden regions: 90->0(498)
[2020-09-29T10:12:07.285+0000][7792][gc,heap      ] GC(487) Survivor regions: 4->4(63)
[2020-09-29T10:12:07.285+0000][7792][gc,heap      ] GC(487) Old regions: 83->83
[2020-09-29T10:12:07.285+0000][7792][gc,heap      ] GC(487) Archive regions: 0->0
[2020-09-29T10:12:07.285+0000][7792][gc,heap      ] GC(487) Humongous regions: 324->174
[2020-09-29T10:12:07.285+0000][7792][gc,metaspace ] GC(487) Metaspace: 90303K(96128K)->90303K(96128K) NonClass: 79011K(82432K)->79011K(82432K) Class: 11292K(13696K)->11292K(13696K)
[2020-09-29T10:12:07.286+0000][7792][gc           ] GC(487) Pause Young (Concurrent Start) (G1 Humongous Allocation) 499M->259M(1024M) 5.102ms
[2020-09-29T10:12:07.286+0000][7792][gc,cpu       ] GC(487) User=0.02s Sys=0.02s Real=0.01s
[2020-09-29T10:12:07.286+0000][7792][gc           ] GC(488) Concurrent Cycle
[2020-09-29T10:12:07.286+0000][7792][safepoint    ] Safepoint "G1TryInitiateConcMark", Time since last: 884492100 ns, Reaching safepoint: 207600 ns, At safepoint: 5357300 ns, Total: 5564900 ns
[2020-09-29T10:12:07.286+0000][7792][gc,marking   ] GC(488) Concurrent Clear Claimed Marks
[2020-09-29T10:12:07.286+0000][7792][gc,marking   ] GC(488) Concurrent Clear Claimed Marks 0.396ms
[2020-09-29T10:12:07.286+0000][7792][gc,marking   ] GC(488) Concurrent Scan Root Regions
[2020-09-29T10:12:07.288+0000][7792][gc,marking   ] GC(488) Concurrent Scan Root Regions 1.419ms
[2020-09-29T10:12:07.288+0000][7792][gc,marking   ] GC(488) Concurrent Mark (990.390s)
[2020-09-29T10:12:07.288+0000][7792][gc,marking   ] GC(488) Concurrent Mark From Roots
[2020-09-29T10:12:07.288+0000][7792][gc,task      ] GC(488) Using 2 workers of 2 for marking
[2020-09-29T10:12:07.444+0000][7792][gc,marking   ] GC(488) Concurrent Mark From Roots 155.972ms
[2020-09-29T10:12:07.444+0000][7792][gc,marking   ] GC(488) Concurrent Preclean
[2020-09-29T10:12:07.445+0000][7792][gc,marking   ] GC(488) Concurrent Preclean 0.736ms
[2020-09-29T10:12:07.445+0000][7792][gc,marking   ] GC(488) Concurrent Mark (990.390s, 990.547s) 156.936ms
[2020-09-29T10:12:07.445+0000][7792][gc,start     ] GC(488) Pause Remark
[2020-09-29T10:12:07.452+0000][7792][gc           ] GC(488) Pause Remark 329M->329M(1024M) 7.329ms
[2020-09-29T10:12:07.452+0000][7792][gc,cpu       ] GC(488) User=0.11s Sys=0.00s Real=0.01s
[2020-09-29T10:12:07.452+0000][7792][safepoint    ] Safepoint "G1Concurrent", Time since last: 159069000 ns, Reaching safepoint: 161300 ns, At safepoint: 7593800 ns, Total: 7755100 ns
[2020-09-29T10:12:07.452+0000][7792][gc,marking   ] GC(488) Concurrent Rebuild Remembered Sets
[2020-09-29T10:12:07.551+0000][7792][gc,marking   ] GC(488) Concurrent Rebuild Remembered Sets 98.101ms
[2020-09-29T10:12:07.551+0000][7792][gc,start     ] GC(488) Pause Cleanup
[2020-09-29T10:12:07.551+0000][7792][gc           ] GC(488) Pause Cleanup 333M->333M(1024M) 0.345ms
[2020-09-29T10:12:07.551+0000][7792][gc,cpu       ] GC(488) User=0.00s Sys=0.00s Real=0.00s
[2020-09-29T10:12:07.551+0000][7792][safepoint    ] Safepoint "G1Concurrent", Time since last: 98320100 ns, Reaching safepoint: 146500 ns, At safepoint: 522700 ns, Total: 669200 ns
[2020-09-29T10:12:07.551+0000][7792][gc,marking   ] GC(488) Concurrent Cleanup for Next Mark
[2020-09-29T10:12:07.553+0000][7792][gc,marking   ] GC(488) Concurrent Cleanup for Next Mark 1.662ms
[2020-09-29T10:12:07.553+0000][7792][gc           ] GC(488) Concurrent Cycle 267.680ms
[2020-09-29T10:12:08.096+0000][7792][safepoint    ] Safepoint "BulkRevokeBias", Time since last: 542692100 ns, Reaching safepoint: 186600 ns, At safepoint: 1810600 ns, Total: 1997200 ns
[2020-09-29T10:12:08.312+0000][7792][gc,start     ] GC(489) Pause Young (Concurrent Start) (G1 Humongous Allocation)
[2020-09-29T10:12:08.312+0000][7792][gc,task      ] GC(489) Using 8 workers of 8 for evacuation
[2020-09-29T10:12:08.312+0000][7792][gc,age       ] GC(489) Desired survivor size 33030144 bytes, new threshold 15 (max threshold 15)
[2020-09-29T10:12:08.316+0000][7792][gc,age       ] GC(489) Age table with threshold 15 (max threshold 15)
[2020-09-29T10:12:08.316+0000][7792][gc,age       ] GC(489) - age   1:    3461960 bytes,    3461960 total
[2020-09-29T10:12:08.316+0000][7792][gc,age       ] GC(489) - age   2:     212976 bytes,    3674936 total
[2020-09-29T10:12:08.316+0000][7792][gc,age       ] GC(489) - age   3:       1368 bytes,    3676304 total
[2020-09-29T10:12:08.316+0000][7792][gc,age       ] GC(489) - age   4:       1056 bytes,    3677360 total
[2020-09-29T10:12:08.316+0000][7792][gc,age       ] GC(489) - age   5:      19688 bytes,    3697048 total
[2020-09-29T10:12:08.316+0000][7792][gc,age       ] GC(489) - age   6:       2384 bytes,    3699432 total
[2020-09-29T10:12:08.316+0000][7792][gc,age       ] GC(489) - age   7:       1088 bytes,    3700520 total
[2020-09-29T10:12:08.316+0000][7792][gc,age       ] GC(489) - age   8:       1760 bytes,    3702280 total
[2020-09-29T10:12:08.316+0000][7792][gc,age       ] GC(489) - age   9:       1256 bytes,    3703536 total
[2020-09-29T10:12:08.316+0000][7792][gc,age       ] GC(489) - age  10:      46352 bytes,    3749888 total
[2020-09-29T10:12:08.316+0000][7792][gc,age       ] GC(489) - age  11:        240 bytes,    3750128 total
[2020-09-29T10:12:08.316+0000][7792][gc,age       ] GC(489) - age  12:        360 bytes,    3750488 total
[2020-09-29T10:12:08.316+0000][7792][gc,age       ] GC(489) - age  13:         64 bytes,    3750552 total
[2020-09-29T10:12:08.316+0000][7792][gc,age       ] GC(489) - age  14:        472 bytes,    3751024 total
[2020-09-29T10:12:08.316+0000][7792][gc,age       ] GC(489) - age  15:         80 bytes,    3751104 total
[2020-09-29T10:12:08.316+0000][7792][gc,phases    ] GC(489)   Pre Evacuate Collection Set: 0.4ms
[2020-09-29T10:12:08.316+0000][7792][gc,phases    ] GC(489)   Merge Heap Roots: 0.1ms
[2020-09-29T10:12:08.316+0000][7792][gc,phases    ] GC(489)   Evacuate Collection Set: 2.1ms
[2020-09-29T10:12:08.316+0000][7792][gc,phases    ] GC(489)   Post Evacuate Collection Set: 0.8ms
[2020-09-29T10:12:08.316+0000][7792][gc,phases    ] GC(489)   Other: 0.7ms
[2020-09-29T10:12:08.316+0000][7792][gc,heap      ] GC(489) Eden regions: 61->0(498)
[2020-09-29T10:12:08.316+0000][7792][gc,heap      ] GC(489) Survivor regions: 4->4(63)
[2020-09-29T10:12:08.316+0000][7792][gc,heap      ] GC(489) Old regions: 83->83
[2020-09-29T10:12:08.317+0000][7792][gc,heap      ] GC(489) Archive regions: 0->0
[2020-09-29T10:12:08.317+0000][7792][gc,heap      ] GC(489) Humongous regions: 228->174
[2020-09-29T10:12:08.317+0000][7792][gc,metaspace ] GC(489) Metaspace: 90307K(96128K)->90307K(96128K) NonClass: 79015K(82432K)->79015K(82432K) Class: 11292K(13696K)->11292K(13696K)
[2020-09-29T10:12:08.317+0000][7792][gc           ] GC(489) Pause Young (Concurrent Start) (G1 Humongous Allocation) 374M->259M(1024M) 4.463ms
[2020-09-29T10:12:08.317+0000][7792][gc,cpu       ] GC(489) User=0.00s Sys=0.00s Real=0.00s
[2020-09-29T10:12:08.317+0000][7792][gc           ] GC(490) Concurrent Cycle
[2020-09-29T10:12:08.317+0000][7792][safepoint    ] Safepoint "G1TryInitiateConcMark", Time since last: 215636000 ns, Reaching safepoint: 168000 ns, At safepoint: 4637900 ns, Total: 4805900 ns
[2020-09-29T10:12:08.317+0000][7792][gc,marking   ] GC(490) Concurrent Clear Claimed Marks
[2020-09-29T10:12:08.318+0000][7792][gc,marking   ] GC(490) Concurrent Clear Claimed Marks 0.832ms
[2020-09-29T10:12:08.318+0000][7792][gc,marking   ] GC(490) Concurrent Scan Root Regions
[2020-09-29T10:12:08.320+0000][7792][gc,marking   ] GC(490) Concurrent Scan Root Regions 2.274ms
[2020-09-29T10:12:08.320+0000][7792][gc,marking   ] GC(490) Concurrent Mark (991.422s)
[2020-09-29T10:12:08.320+0000][7792][gc,marking   ] GC(490) Concurrent Mark From Roots
[2020-09-29T10:12:08.320+0000][7792][gc,task      ] GC(490) Using 2 workers of 2 for marking
[2020-09-29T10:12:08.480+0000][7792][gc,marking   ] GC(490) Concurrent Mark From Roots 160.035ms
[2020-09-29T10:12:08.480+0000][7792][gc,marking   ] GC(490) Concurrent Preclean
[2020-09-29T10:12:08.481+0000][7792][gc,marking   ] GC(490) Concurrent Preclean 0.613ms
[2020-09-29T10:12:08.481+0000][7792][gc,marking   ] GC(490) Concurrent Mark (991.422s, 991.583s) 160.892ms
[2020-09-29T10:12:08.481+0000][7792][gc,start     ] GC(490) Pause Remark
[2020-09-29T10:12:08.490+0000][7792][gc           ] GC(490) Pause Remark 348M->348M(1024M) 8.448ms
[2020-09-29T10:12:08.490+0000][7792][gc,cpu       ] GC(490) User=0.09s Sys=0.00s Real=0.01s
[2020-09-29T10:12:08.490+0000][7792][safepoint    ] Safepoint "G1Concurrent", Time since last: 164322100 ns, Reaching safepoint: 178000 ns, At safepoint: 8983500 ns, Total: 9161500 ns
[2020-09-29T10:12:08.490+0000][7792][gc,marking   ] GC(490) Concurrent Rebuild Remembered Sets
[2020-09-29T10:12:08.585+0000][7792][gc,marking   ] GC(490) Concurrent Rebuild Remembered Sets 94.941ms
[2020-09-29T10:12:08.586+0000][7792][gc,start     ] GC(490) Pause Cleanup
[2020-09-29T10:12:08.586+0000][7792][gc           ] GC(490) Pause Cleanup 351M->351M(1024M) 0.365ms
[2020-09-29T10:12:08.586+0000][7792][gc,cpu       ] GC(490) User=0.00s Sys=0.00s Real=0.00s
[2020-09-29T10:12:08.586+0000][7792][safepoint    ] Safepoint "G1Concurrent", Time since last: 95151400 ns, Reaching safepoint: 259700 ns, At safepoint: 552000 ns, Total: 811700 ns
[2020-09-29T10:12:08.586+0000][7792][gc,marking   ] GC(490) Concurrent Cleanup for Next Mark
[2020-09-29T10:12:08.588+0000][7792][gc,marking   ] GC(490) Concurrent Cleanup for Next Mark 1.581ms
[2020-09-29T10:12:08.588+0000][7792][gc           ] GC(490) Concurrent Cycle 271.236ms
[2020-09-29T10:12:08.658+0000][7792][gc,start     ] GC(491) Pause Young (Concurrent Start) (G1 Humongous Allocation)
[2020-09-29T10:12:08.658+0000][7792][gc,task      ] GC(491) Using 8 workers of 8 for evacuation
[2020-09-29T10:12:08.658+0000][7792][gc,age       ] GC(491) Desired survivor size 33030144 bytes, new threshold 15 (max threshold 15)
[2020-09-29T10:12:08.662+0000][7792][gc,age       ] GC(491) Age table with threshold 15 (max threshold 15)
[2020-09-29T10:12:08.662+0000][7792][gc,age       ] GC(491) - age   1:    3181800 bytes,    3181800 total
[2020-09-29T10:12:08.662+0000][7792][gc,age       ] GC(491) - age   2:     275576 bytes,    3457376 total
[2020-09-29T10:12:08.662+0000][7792][gc,age       ] GC(491) - age   3:     212032 bytes,    3669408 total
[2020-09-29T10:12:08.662+0000][7792][gc,age       ] GC(491) - age   4:       1336 bytes,    3670744 total
[2020-09-29T10:12:08.663+0000][7792][gc,age       ] GC(491) - age   5:       1056 bytes,    3671800 total
[2020-09-29T10:12:08.663+0000][7792][gc,age       ] GC(491) - age   6:      19656 bytes,    3691456 total
[2020-09-29T10:12:08.663+0000][7792][gc,age       ] GC(491) - age   7:       2384 bytes,    3693840 total
[2020-09-29T10:12:08.663+0000][7792][gc,age       ] GC(491) - age   8:        752 bytes,    3694592 total
[2020-09-29T10:12:08.663+0000][7792][gc,age       ] GC(491) - age   9:       1760 bytes,    3696352 total
[2020-09-29T10:12:08.663+0000][7792][gc,age       ] GC(491) - age  10:       1256 bytes,    3697608 total
[2020-09-29T10:12:08.663+0000][7792][gc,age       ] GC(491) - age  11:      46352 bytes,    3743960 total
[2020-09-29T10:12:08.663+0000][7792][gc,age       ] GC(491) - age  12:        240 bytes,    3744200 total
[2020-09-29T10:12:08.663+0000][7792][gc,age       ] GC(491) - age  13:        360 bytes,    3744560 total
[2020-09-29T10:12:08.663+0000][7792][gc,age       ] GC(491) - age  14:         64 bytes,    3744624 total
[2020-09-29T10:12:08.663+0000][7792][gc,age       ] GC(491) - age  15:        472 bytes,    3745096 total
[2020-09-29T10:12:08.663+0000][7792][gc,phases    ] GC(491)   Pre Evacuate Collection Set: 0.5ms
[2020-09-29T10:12:08.663+0000][7792][gc,phases    ] GC(491)   Merge Heap Roots: 0.1ms
[2020-09-29T10:12:08.663+0000][7792][gc,phases    ] GC(491)   Evacuate Collection Set: 2.3ms
[2020-09-29T10:12:08.663+0000][7792][gc,phases    ] GC(491)   Post Evacuate Collection Set: 0.8ms
[2020-09-29T10:12:08.663+0000][7792][gc,phases    ] GC(491)   Other: 1.1ms
[2020-09-29T10:12:08.663+0000][7792][gc,heap      ] GC(491) Eden regions: 51->0(498)
[2020-09-29T10:12:08.663+0000][7792][gc,heap      ] GC(491) Survivor regions: 4->4(63)
[2020-09-29T10:12:08.663+0000][7792][gc,heap      ] GC(491) Old regions: 83->83
[2020-09-29T10:12:08.663+0000][7792][gc,heap      ] GC(491) Archive regions: 0->0
[2020-09-29T10:12:08.663+0000][7792][gc,heap      ] GC(491) Humongous regions: 224->174
[2020-09-29T10:12:08.663+0000][7792][gc,metaspace ] GC(491) Metaspace: 90310K(96128K)->90310K(96128K) NonClass: 79017K(82432K)->79017K(82432K) Class: 11292K(13696K)->11292K(13696K)
[2020-09-29T10:12:08.663+0000][7792][gc           ] GC(491) Pause Young (Concurrent Start) (G1 Humongous Allocation) 360M->259M(1024M) 5.104ms
[2020-09-29T10:12:08.663+0000][7792][gc,cpu       ] GC(491) User=0.00s Sys=0.00s Real=0.01s
[2020-09-29T10:12:08.663+0000][7792][gc           ] GC(492) Concurrent Cycle
[2020-09-29T10:12:08.664+0000][7792][safepoint    ] Safepoint "G1TryInitiateConcMark", Time since last: 72308500 ns, Reaching safepoint: 234600 ns, At safepoint: 5343100 ns, Total: 5577700 ns
[2020-09-29T10:12:08.664+0000][7792][gc,marking   ] GC(492) Concurrent Clear Claimed Marks
[2020-09-29T10:12:08.664+0000][7792][gc,marking   ] GC(492) Concurrent Clear Claimed Marks 0.712ms
[2020-09-29T10:12:08.664+0000][7792][gc,marking   ] GC(492) Concurrent Scan Root Regions
[2020-09-29T10:12:08.667+0000][7792][gc,marking   ] GC(492) Concurrent Scan Root Regions 2.115ms
[2020-09-29T10:12:08.667+0000][7792][gc,marking   ] GC(492) Concurrent Mark (991.769s)
[2020-09-29T10:12:08.667+0000][7792][gc,marking   ] GC(492) Concurrent Mark From Roots
[2020-09-29T10:12:08.667+0000][7792][gc,task      ] GC(492) Using 2 workers of 2 for marking
[2020-09-29T10:12:08.834+0000][7792][safepoint    ] Safepoint "BulkRevokeBias", Time since last: 168720300 ns, Reaching safepoint: 234000 ns, At safepoint: 1616800 ns, Total: 1850800 ns
[2020-09-29T10:12:08.843+0000][7792][gc,marking   ] GC(492) Concurrent Mark From Roots 175.966ms
[2020-09-29T10:12:08.843+0000][7792][gc,marking   ] GC(492) Concurrent Preclean
[2020-09-29T10:12:08.844+0000][7792][gc,marking   ] GC(492) Concurrent Preclean 0.874ms
[2020-09-29T10:12:08.844+0000][7792][gc,marking   ] GC(492) Concurrent Mark (991.769s, 991.946s) 177.104ms
[2020-09-29T10:12:08.844+0000][7792][gc,start     ] GC(492) Pause Remark
[2020-09-29T10:12:08.853+0000][7792][gc           ] GC(492) Pause Remark 349M->349M(1024M) 8.623ms
[2020-09-29T10:12:08.853+0000][7792][gc,cpu       ] GC(492) User=0.00s Sys=0.00s Real=0.01s
[2020-09-29T10:12:08.854+0000][7792][safepoint    ] Safepoint "G1Concurrent", Time since last: 9703000 ns, Reaching safepoint: 234300 ns, At safepoint: 10127800 ns, Total: 10362100 ns
[2020-09-29T10:12:08.854+0000][7792][gc,marking   ] GC(492) Concurrent Rebuild Remembered Sets
[2020-09-29T10:12:08.952+0000][7792][gc,marking   ] GC(492) Concurrent Rebuild Remembered Sets 97.261ms
[2020-09-29T10:12:08.952+0000][7792][gc,start     ] GC(492) Pause Cleanup
[2020-09-29T10:12:08.952+0000][7792][gc           ] GC(492) Pause Cleanup 365M->365M(1024M) 0.455ms
[2020-09-29T10:12:08.952+0000][7792][gc,cpu       ] GC(492) User=0.00s Sys=0.00s Real=0.00s
[2020-09-29T10:12:08.953+0000][7792][safepoint    ] Safepoint "G1Concurrent", Time since last: 97517400 ns, Reaching safepoint: 170000 ns, At safepoint: 926600 ns, Total: 1096600 ns
[2020-09-29T10:12:08.953+0000][7792][gc,marking   ] GC(492) Concurrent Cleanup for Next Mark
[2020-09-29T10:12:08.955+0000][7792][gc,marking   ] GC(492) Concurrent Cleanup for Next Mark 1.859ms
[2020-09-29T10:12:08.955+0000][7792][gc           ] GC(492) Concurrent Cycle 291.359ms
[2020-09-29T10:12:08.960+0000][7792][gc,start     ] GC(493) Pause Young (Concurrent Start) (G1 Humongous Allocation)
[2020-09-29T10:12:08.960+0000][7792][gc,task      ] GC(493) Using 8 workers of 8 for evacuation
[2020-09-29T10:12:08.960+0000][7792][gc,age       ] GC(493) Desired survivor size 33030144 bytes, new threshold 15 (max threshold 15)
[2020-09-29T10:12:08.964+0000][7792][gc,age       ] GC(493) Age table with threshold 15 (max threshold 15)
[2020-09-29T10:12:08.965+0000][7792][gc,age       ] GC(493) - age   1:    2661488 bytes,    2661488 total
[2020-09-29T10:12:08.965+0000][7792][gc,age       ] GC(493) - age   2:       9984 bytes,    2671472 total
[2020-09-29T10:12:08.965+0000][7792][gc,age       ] GC(493) - age   3:     272976 bytes,    2944448 total
[2020-09-29T10:12:08.965+0000][7792][gc,age       ] GC(493) - age   4:     211808 bytes,    3156256 total
[2020-09-29T10:12:08.965+0000][7792][gc,age       ] GC(493) - age   5:       1304 bytes,    3157560 total
[2020-09-29T10:12:08.965+0000][7792][gc,age       ] GC(493) - age   6:        864 bytes,    3158424 total
[2020-09-29T10:12:08.965+0000][7792][gc,age       ] GC(493) - age   7:      19560 bytes,    3177984 total
[2020-09-29T10:12:08.965+0000][7792][gc,age       ] GC(493) - age   8:       2384 bytes,    3180368 total
[2020-09-29T10:12:08.965+0000][7792][gc,age       ] GC(493) - age   9:        752 bytes,    3181120 total
[2020-09-29T10:12:08.965+0000][7792][gc,age       ] GC(493) - age  10:       1760 bytes,    3182880 total
[2020-09-29T10:12:08.965+0000][7792][gc,age       ] GC(493) - age  11:       1256 bytes,    3184136 total
[2020-09-29T10:12:08.965+0000][7792][gc,age       ] GC(493) - age  12:      46352 bytes,    3230488 total
[2020-09-29T10:12:08.965+0000][7792][gc,age       ] GC(493) - age  13:        208 bytes,    3230696 total
[2020-09-29T10:12:08.965+0000][7792][gc,age       ] GC(493) - age  14:        360 bytes,    3231056 total
[2020-09-29T10:12:08.965+0000][7792][gc,age       ] GC(493) - age  15:         64 bytes,    3231120 total
[2020-09-29T10:12:08.965+0000][7792][gc,phases    ] GC(493)   Pre Evacuate Collection Set: 0.5ms
[2020-09-29T10:12:08.965+0000][7792][gc,phases    ] GC(493)   Merge Heap Roots: 0.1ms
[2020-09-29T10:12:08.965+0000][7792][gc,phases    ] GC(493)   Evacuate Collection Set: 2.1ms
[2020-09-29T10:12:08.965+0000][7792][gc,phases    ] GC(493)   Post Evacuate Collection Set: 0.8ms
[2020-09-29T10:12:08.965+0000][7792][gc,phases    ] GC(493)   Other: 1.1ms
[2020-09-29T10:12:08.965+0000][7792][gc,heap      ] GC(493) Eden regions: 51->0(499)
[2020-09-29T10:12:08.965+0000][7792][gc,heap      ] GC(493) Survivor regions: 4->4(63)
[2020-09-29T10:12:08.965+0000][7792][gc,heap      ] GC(493) Old regions: 83->83
[2020-09-29T10:12:08.965+0000][7792][gc,heap      ] GC(493) Archive regions: 0->0
[2020-09-29T10:12:08.965+0000][7792][gc,heap      ] GC(493) Humongous regions: 234->174
[2020-09-29T10:12:08.965+0000][7792][gc,metaspace ] GC(493) Metaspace: 90311K(96128K)->90311K(96128K) NonClass: 79019K(82432K)->79019K(82432K) Class: 11292K(13696K)->11292K(13696K)
[2020-09-29T10:12:08.965+0000][7792][gc           ] GC(493) Pause Young (Concurrent Start) (G1 Humongous Allocation) 370M->259M(1024M) 5.036ms
[2020-09-29T10:12:08.965+0000][7792][gc,cpu       ] GC(493) User=0.00s Sys=0.00s Real=0.00s
[2020-09-29T10:12:08.965+0000][7792][gc           ] GC(494) Concurrent Cycle
[2020-09-29T10:12:08.965+0000][7792][gc,marking   ] GC(494) Concurrent Clear Claimed Marks
[2020-09-29T10:12:08.966+0000][7792][safepoint    ] Safepoint "G1TryInitiateConcMark", Time since last: 7150100 ns, Reaching safepoint: 229800 ns, At safepoint: 5469800 ns, Total: 5699600 ns
[2020-09-29T10:12:08.966+0000][7792][gc,marking   ] GC(494) Concurrent Clear Claimed Marks 0.367ms
[2020-09-29T10:12:08.966+0000][7792][gc,marking   ] GC(494) Concurrent Scan Root Regions
[2020-09-29T10:12:08.968+0000][7792][gc,marking   ] GC(494) Concurrent Scan Root Regions 2.539ms
[2020-09-29T10:12:08.969+0000][7792][gc,marking   ] GC(494) Concurrent Mark (992.071s)
[2020-09-29T10:12:08.969+0000][7792][gc,marking   ] GC(494) Concurrent Mark From Roots
[2020-09-29T10:12:08.969+0000][7792][gc,task      ] GC(494) Using 2 workers of 2 for marking
[2020-09-29T10:12:09.137+0000][7792][gc,marking   ] GC(494) Concurrent Mark From Roots 167.614ms
[2020-09-29T10:12:09.137+0000][7792][gc,marking   ] GC(494) Concurrent Preclean
[2020-09-29T10:12:09.138+0000][7792][gc,marking   ] GC(494) Concurrent Preclean 0.714ms
[2020-09-29T10:12:09.138+0000][7792][gc,marking   ] GC(494) Concurrent Mark (992.071s, 992.240s) 168.528ms
[2020-09-29T10:12:09.138+0000][7792][gc,start     ] GC(494) Pause Remark
[2020-09-29T10:12:09.147+0000][7792][gc           ] GC(494) Pause Remark 332M->332M(1024M) 8.543ms
[2020-09-29T10:12:09.147+0000][7792][gc,cpu       ] GC(494) User=0.09s Sys=0.00s Real=0.01s
[2020-09-29T10:12:09.147+0000][7792][safepoint    ] Safepoint "G1Concurrent", Time since last: 171569300 ns, Reaching safepoint: 152200 ns, At safepoint: 8889800 ns, Total: 9042000 ns
[2020-09-29T10:12:09.147+0000][7792][gc,marking   ] GC(494) Concurrent Rebuild Remembered Sets
[2020-09-29T10:12:09.246+0000][7792][gc,marking   ] GC(494) Concurrent Rebuild Remembered Sets 98.985ms
[2020-09-29T10:12:09.249+0000][7792][gc,start     ] GC(494) Pause Cleanup
[2020-09-29T10:12:09.249+0000][7792][gc           ] GC(494) Pause Cleanup 385M->385M(1024M) 0.405ms
[2020-09-29T10:12:09.249+0000][7792][gc,cpu       ] GC(494) User=0.00s Sys=0.00s Real=0.00s
[2020-09-29T10:12:09.249+0000][7792][safepoint    ] Safepoint "G1Concurrent", Time since last: 99260400 ns, Reaching safepoint: 2302500 ns, At safepoint: 751800 ns, Total: 3054300 ns
[2020-09-29T10:12:09.250+0000][7792][gc,marking   ] GC(494) Concurrent Cleanup for Next Mark
[2020-09-29T10:12:09.251+0000][7792][gc,marking   ] GC(494) Concurrent Cleanup for Next Mark 1.897ms
[2020-09-29T10:12:09.252+0000][7792][gc           ] GC(494) Concurrent Cycle 285.262ms
[2020-09-29T10:12:09.252+0000][7792][gc,start     ] GC(495) Pause Young (Concurrent Start) (G1 Humongous Allocation)
[2020-09-29T10:12:09.252+0000][7792][gc,task      ] GC(495) Using 8 workers of 8 for evacuation
[2020-09-29T10:12:09.252+0000][7792][gc,age       ] GC(495) Desired survivor size 33030144 bytes, new threshold 15 (max threshold 15)
[2020-09-29T10:12:09.257+0000][7792][gc,age       ] GC(495) Age table with threshold 15 (max threshold 15)
[2020-09-29T10:12:09.257+0000][7792][gc,age       ] GC(495) - age   1:    1598528 bytes,    1598528 total
[2020-09-29T10:12:09.257+0000][7792][gc,age       ] GC(495) - age   2:       3704 bytes,    1602232 total
[2020-09-29T10:12:09.257+0000][7792][gc,age       ] GC(495) - age   3:       9224 bytes,    1611456 total
[2020-09-29T10:12:09.257+0000][7792][gc,age       ] GC(495) - age   4:     272584 bytes,    1884040 total
[2020-09-29T10:12:09.257+0000][7792][gc,age       ] GC(495) - age   5:     211680 bytes,    2095720 total
[2020-09-29T10:12:09.257+0000][7792][gc,age       ] GC(495) - age   6:       1304 bytes,    2097024 total
[2020-09-29T10:12:09.257+0000][7792][gc,age       ] GC(495) - age   7:        864 bytes,    2097888 total
[2020-09-29T10:12:09.257+0000][7792][gc,age       ] GC(495) - age   8:      19528 bytes,    2117416 total
[2020-09-29T10:12:09.257+0000][7792][gc,age       ] GC(495) - age   9:       2256 bytes,    2119672 total
[2020-09-29T10:12:09.257+0000][7792][gc,age       ] GC(495) - age  10:        752 bytes,    2120424 total
[2020-09-29T10:12:09.257+0000][7792][gc,age       ] GC(495) - age  11:       1760 bytes,    2122184 total
[2020-09-29T10:12:09.257+0000][7792][gc,age       ] GC(495) - age  12:       1256 bytes,    2123440 total
[2020-09-29T10:12:09.257+0000][7792][gc,age       ] GC(495) - age  13:      46352 bytes,    2169792 total
[2020-09-29T10:12:09.257+0000][7792][gc,age       ] GC(495) - age  14:        208 bytes,    2170000 total
[2020-09-29T10:12:09.257+0000][7792][gc,age       ] GC(495) - age  15:        360 bytes,    2170360 total
[2020-09-29T10:12:09.257+0000][7792][gc,phases    ] GC(495)   Pre Evacuate Collection Set: 0.5ms
[2020-09-29T10:12:09.257+0000][7792][gc,phases    ] GC(495)   Merge Heap Roots: 0.1ms
[2020-09-29T10:12:09.258+0000][7792][gc,phases    ] GC(495)   Evacuate Collection Set: 2.7ms
[2020-09-29T10:12:09.258+0000][7792][gc,phases    ] GC(495)   Post Evacuate Collection Set: 0.9ms
[2020-09-29T10:12:09.258+0000][7792][gc,phases    ] GC(495)   Other: 1.2ms
[2020-09-29T10:12:09.258+0000][7792][gc,heap      ] GC(495) Eden regions: 50->0(500)
[2020-09-29T10:12:09.258+0000][7792][gc,heap      ] GC(495) Survivor regions: 4->3(63)
[2020-09-29T10:12:09.258+0000][7792][gc,heap      ] GC(495) Old regions: 83->83
[2020-09-29T10:12:09.258+0000][7792][gc,heap      ] GC(495) Archive regions: 0->0
[2020-09-29T10:12:09.258+0000][7792][gc,heap      ] GC(495) Humongous regions: 253->174
[2020-09-29T10:12:09.258+0000][7792][gc,metaspace ] GC(495) Metaspace: 90311K(96128K)->90311K(96128K) NonClass: 79019K(82432K)->79019K(82432K) Class: 11292K(13696K)->11292K(13696K)
[2020-09-29T10:12:09.258+0000][7792][gc           ] GC(495) Pause Young (Concurrent Start) (G1 Humongous Allocation) 388M->258M(1024M) 5.839ms
[2020-09-29T10:12:09.258+0000][7792][gc,cpu       ] GC(495) User=0.00s Sys=0.00s Real=0.01s
[2020-09-29T10:12:09.258+0000][7792][gc           ] GC(496) Concurrent Cycle
[2020-09-29T10:12:09.258+0000][7792][gc,marking   ] GC(496) Concurrent Clear Claimed Marks
[2020-09-29T10:12:09.258+0000][7792][safepoint    ] Safepoint "G1TryInitiateConcMark", Time since last: 2311800 ns, Reaching safepoint: 272200 ns, At safepoint: 6269800 ns, Total: 6542000 ns
[2020-09-29T10:12:09.258+0000][7792][gc,marking   ] GC(496) Concurrent Clear Claimed Marks 0.332ms
[2020-09-29T10:12:09.259+0000][7792][gc,marking   ] GC(496) Concurrent Scan Root Regions
[2020-09-29T10:12:09.260+0000][7792][gc,marking   ] GC(496) Concurrent Scan Root Regions 1.669ms
[2020-09-29T10:12:09.260+0000][7792][gc,marking   ] GC(496) Concurrent Mark (992.362s)
[2020-09-29T10:12:09.260+0000][7792][gc,marking   ] GC(496) Concurrent Mark From Roots
[2020-09-29T10:12:09.260+0000][7792][gc,task      ] GC(496) Using 2 workers of 2 for marking
[2020-09-29T10:12:09.433+0000][7792][gc,marking   ] GC(496) Concurrent Mark From Roots 172.373ms
[2020-09-29T10:12:09.433+0000][7792][gc,marking   ] GC(496) Concurrent Preclean
[2020-09-29T10:12:09.433+0000][7792][gc,marking   ] GC(496) Concurrent Preclean 0.662ms
[2020-09-29T10:12:09.434+0000][7792][gc,marking   ] GC(496) Concurrent Mark (992.362s, 992.535s) 173.239ms
[2020-09-29T10:12:09.434+0000][7792][gc,start     ] GC(496) Pause Remark
[2020-09-29T10:12:09.441+0000][7792][gc           ] GC(496) Pause Remark 345M->345M(1024M) 7.486ms
[2020-09-29T10:12:09.441+0000][7792][gc,cpu       ] GC(496) User=0.11s Sys=0.00s Real=0.01s
[2020-09-29T10:12:09.442+0000][7792][safepoint    ] Safepoint "G1Concurrent", Time since last: 175301700 ns, Reaching safepoint: 190200 ns, At safepoint: 8563400 ns, Total: 8753600 ns
[2020-09-29T10:12:09.442+0000][7792][gc,marking   ] GC(496) Concurrent Rebuild Remembered Sets
[2020-09-29T10:12:09.541+0000][7792][gc,marking   ] GC(496) Concurrent Rebuild Remembered Sets 98.747ms
[2020-09-29T10:12:09.542+0000][7792][gc,start     ] GC(496) Pause Cleanup
[2020-09-29T10:12:09.542+0000][7792][gc           ] GC(496) Pause Cleanup 392M->392M(1024M) 0.422ms
[2020-09-29T10:12:09.542+0000][7792][gc,cpu       ] GC(496) User=0.00s Sys=0.00s Real=0.00s
[2020-09-29T10:12:09.542+0000][7792][safepoint    ] Safepoint "G1Concurrent", Time since last: 99019500 ns, Reaching safepoint: 174200 ns, At safepoint: 619800 ns, Total: 794000 ns
[2020-09-29T10:12:09.542+0000][7792][gc,marking   ] GC(496) Concurrent Cleanup for Next Mark
[2020-09-29T10:12:09.544+0000][7792][gc,marking   ] GC(496) Concurrent Cleanup for Next Mark 1.876ms
[2020-09-29T10:12:09.544+0000][7792][gc           ] GC(496) Concurrent Cycle 286.164ms
[2020-09-29T10:12:09.632+0000][7792][gc,start     ] GC(497) Pause Young (Concurrent Start) (G1 Humongous Allocation)
[2020-09-29T10:12:09.632+0000][7792][gc,task      ] GC(497) Using 8 workers of 8 for evacuation
[2020-09-29T10:12:09.632+0000][7792][gc,age       ] GC(497) Desired survivor size 33030144 bytes, new threshold 15 (max threshold 15)
[2020-09-29T10:12:09.637+0000][7792][gc,age       ] GC(497) Age table with threshold 15 (max threshold 15)
[2020-09-29T10:12:09.637+0000][7792][gc,age       ] GC(497) - age   1:    3183720 bytes,    3183720 total
[2020-09-29T10:12:09.637+0000][7792][gc,age       ] GC(497) - age   2:       2336 bytes,    3186056 total
[2020-09-29T10:12:09.637+0000][7792][gc,age       ] GC(497) - age   3:       2880 bytes,    3188936 total
[2020-09-29T10:12:09.637+0000][7792][gc,age       ] GC(497) - age   4:       7968 bytes,    3196904 total
[2020-09-29T10:12:09.637+0000][7792][gc,age       ] GC(497) - age   5:     272456 bytes,    3469360 total
[2020-09-29T10:12:09.637+0000][7792][gc,age       ] GC(497) - age   6:     211616 bytes,    3680976 total
[2020-09-29T10:12:09.637+0000][7792][gc,age       ] GC(497) - age   7:       1304 bytes,    3682280 total
[2020-09-29T10:12:09.637+0000][7792][gc,age       ] GC(497) - age   8:        832 bytes,    3683112 total
[2020-09-29T10:12:09.637+0000][7792][gc,age       ] GC(497) - age   9:      19496 bytes,    3702608 total
[2020-09-29T10:12:09.637+0000][7792][gc,age       ] GC(497) - age  10:       2256 bytes,    3704864 total
[2020-09-29T10:12:09.637+0000][7792][gc,age       ] GC(497) - age  11:        752 bytes,    3705616 total
[2020-09-29T10:12:09.637+0000][7792][gc,age       ] GC(497) - age  12:       1632 bytes,    3707248 total
[2020-09-29T10:12:09.637+0000][7792][gc,age       ] GC(497) - age  13:       1256 bytes,    3708504 total
[2020-09-29T10:12:09.637+0000][7792][gc,age       ] GC(497) - age  14:      46320 bytes,    3754824 total
[2020-09-29T10:12:09.637+0000][7792][gc,age       ] GC(497) - age  15:        208 bytes,    3755032 total
[2020-09-29T10:12:09.637+0000][7792][gc,phases    ] GC(497)   Pre Evacuate Collection Set: 0.4ms
[2020-09-29T10:12:09.637+0000][7792][gc,phases    ] GC(497)   Merge Heap Roots: 0.1ms
[2020-09-29T10:12:09.638+0000][7792][gc,phases    ] GC(497)   Evacuate Collection Set: 3.1ms
[2020-09-29T10:12:09.638+0000][7792][gc,phases    ] GC(497)   Post Evacuate Collection Set: 1.0ms
[2020-09-29T10:12:09.638+0000][7792][gc,phases    ] GC(497)   Other: 1.3ms
[2020-09-29T10:12:09.638+0000][7792][gc,heap      ] GC(497) Eden regions: 89->0(498)
[2020-09-29T10:12:09.638+0000][7792][gc,heap      ] GC(497) Survivor regions: 3->4(63)
[2020-09-29T10:12:09.638+0000][7792][gc,heap      ] GC(497) Old regions: 83->83
[2020-09-29T10:12:09.638+0000][7792][gc,heap      ] GC(497) Archive regions: 0->0
[2020-09-29T10:12:09.638+0000][7792][gc,heap      ] GC(497) Humongous regions: 235->174
[2020-09-29T10:12:09.638+0000][7792][gc,metaspace ] GC(497) Metaspace: 90311K(96128K)->90311K(96128K) NonClass: 79019K(82432K)->79019K(82432K) Class: 11292K(13696K)->11292K(13696K)
[2020-09-29T10:12:09.638+0000][7792][gc           ] GC(497) Pause Young (Concurrent Start) (G1 Humongous Allocation) 407M->259M(1024M) 6.287ms
[2020-09-29T10:12:09.638+0000][7792][gc,cpu       ] GC(497) User=0.00s Sys=0.00s Real=0.01s
[2020-09-29T10:12:09.638+0000][7792][gc           ] GC(498) Concurrent Cycle
[2020-09-29T10:12:09.638+0000][7792][gc,marking   ] GC(498) Concurrent Clear Claimed Marks
[2020-09-29T10:12:09.638+0000][7792][safepoint    ] Safepoint "G1TryInitiateConcMark", Time since last: 89169300 ns, Reaching safepoint: 177500 ns, At safepoint: 6651300 ns, Total: 6828800 ns
[2020-09-29T10:12:09.639+0000][7792][gc,marking   ] GC(498) Concurrent Clear Claimed Marks 0.406ms
[2020-09-29T10:12:09.639+0000][7792][gc,marking   ] GC(498) Concurrent Scan Root Regions
[2020-09-29T10:12:09.641+0000][7792][gc,marking   ] GC(498) Concurrent Scan Root Regions 2.695ms
[2020-09-29T10:12:09.641+0000][7792][gc,marking   ] GC(498) Concurrent Mark (992.743s)
[2020-09-29T10:12:09.641+0000][7792][gc,marking   ] GC(498) Concurrent Mark From Roots
[2020-09-29T10:12:09.641+0000][7792][gc,task      ] GC(498) Using 2 workers of 2 for marking
[2020-09-29T10:12:09.808+0000][7792][gc,marking   ] GC(498) Concurrent Mark From Roots 166.694ms
[2020-09-29T10:12:09.808+0000][7792][gc,marking   ] GC(498) Concurrent Preclean
[2020-09-29T10:12:09.809+0000][7792][gc,marking   ] GC(498) Concurrent Preclean 0.624ms
[2020-09-29T10:12:09.809+0000][7792][gc,marking   ] GC(498) Concurrent Mark (992.743s, 992.911s) 167.508ms
[2020-09-29T10:12:09.809+0000][7792][gc,start     ] GC(498) Pause Remark
[2020-09-29T10:12:09.816+0000][7792][gc           ] GC(498) Pause Remark 343M->343M(1024M) 7.340ms
[2020-09-29T10:12:09.816+0000][7792][gc,cpu       ] GC(498) User=0.13s Sys=0.00s Real=0.01s
[2020-09-29T10:12:09.817+0000][7792][safepoint    ] Safepoint "G1Concurrent", Time since last: 170805100 ns, Reaching safepoint: 163200 ns, At safepoint: 7588600 ns, Total: 7751800 ns
[2020-09-29T10:12:09.817+0000][7792][gc,marking   ] GC(498) Concurrent Rebuild Remembered Sets
[2020-09-29T10:12:09.912+0000][7792][gc,marking   ] GC(498) Concurrent Rebuild Remembered Sets 95.567ms
[2020-09-29T10:12:09.913+0000][7792][gc,start     ] GC(498) Pause Cleanup
[2020-09-29T10:12:09.913+0000][7792][gc           ] GC(498) Pause Cleanup 351M->351M(1024M) 0.422ms
[2020-09-29T10:12:09.913+0000][7792][gc,cpu       ] GC(498) User=0.00s Sys=0.00s Real=0.00s
[2020-09-29T10:12:09.913+0000][7792][safepoint    ] Safepoint "G1Concurrent", Time since last: 95769100 ns, Reaching safepoint: 166500 ns, At safepoint: 656100 ns, Total: 822600 ns
[2020-09-29T10:12:09.913+0000][7792][gc,marking   ] GC(498) Concurrent Cleanup for Next Mark
[2020-09-29T10:12:09.915+0000][7792][gc,marking   ] GC(498) Concurrent Cleanup for Next Mark 1.677ms
[2020-09-29T10:12:09.915+0000][7792][gc           ] GC(498) Concurrent Cycle 277.124ms
[2020-09-29T10:12:09.948+0000][7792][gc,start     ] GC(499) Pause Young (Concurrent Start) (G1 Humongous Allocation)
[2020-09-29T10:12:09.949+0000][7792][gc,task      ] GC(499) Using 8 workers of 8 for evacuation
[2020-09-29T10:12:09.949+0000][7792][gc,age       ] GC(499) Desired survivor size 33030144 bytes, new threshold 15 (max threshold 15)
[2020-09-29T10:12:09.952+0000][7792][gc,age       ] GC(499) Age table with threshold 15 (max threshold 15)
[2020-09-29T10:12:09.952+0000][7792][gc,age       ] GC(499) - age   1:    1268720 bytes,    1268720 total
[2020-09-29T10:12:09.952+0000][7792][gc,age       ] GC(499) - age   2:       3968 bytes,    1272688 total
[2020-09-29T10:12:09.952+0000][7792][gc,age       ] GC(499) - age   3:       2272 bytes,    1274960 total
[2020-09-29T10:12:09.952+0000][7792][gc,age       ] GC(499) - age   4:       2496 bytes,    1277456 total
[2020-09-29T10:12:09.952+0000][7792][gc,age       ] GC(499) - age   5:       7968 bytes,    1285424 total
[2020-09-29T10:12:09.953+0000][7792][gc,age       ] GC(499) - age   6:     272456 bytes,    1557880 total
[2020-09-29T10:12:09.953+0000][7792][gc,age       ] GC(499) - age   7:     211552 bytes,    1769432 total
[2020-09-29T10:12:09.953+0000][7792][gc,age       ] GC(499) - age   8:       1304 bytes,    1770736 total
[2020-09-29T10:12:09.953+0000][7792][gc,age       ] GC(499) - age   9:        832 bytes,    1771568 total
[2020-09-29T10:12:09.953+0000][7792][gc,age       ] GC(499) - age  10:      19496 bytes,    1791064 total
[2020-09-29T10:12:09.953+0000][7792][gc,age       ] GC(499) - age  11:       2192 bytes,    1793256 total
[2020-09-29T10:12:09.953+0000][7792][gc,age       ] GC(499) - age  12:        752 bytes,    1794008 total
[2020-09-29T10:12:09.953+0000][7792][gc,age       ] GC(499) - age  13:       1632 bytes,    1795640 total
[2020-09-29T10:12:09.953+0000][7792][gc,age       ] GC(499) - age  14:       1256 bytes,    1796896 total
[2020-09-29T10:12:09.953+0000][7792][gc,age       ] GC(499) - age  15:      46320 bytes,    1843216 total
[2020-09-29T10:12:09.953+0000][7792][gc,phases    ] GC(499)   Pre Evacuate Collection Set: 0.4ms
[2020-09-29T10:12:09.953+0000][7792][gc,phases    ] GC(499)   Merge Heap Roots: 0.1ms
[2020-09-29T10:12:09.953+0000][7792][gc,phases    ] GC(499)   Evacuate Collection Set: 2.1ms
[2020-09-29T10:12:09.953+0000][7792][gc,phases    ] GC(499)   Post Evacuate Collection Set: 0.7ms
[2020-09-29T10:12:09.953+0000][7792][gc,phases    ] GC(499)   Other: 1.1ms
[2020-09-29T10:12:09.953+0000][7792][gc,heap      ] GC(499) Eden regions: 45->0(501)
[2020-09-29T10:12:09.953+0000][7792][gc,heap      ] GC(499) Survivor regions: 4->2(63)
[2020-09-29T10:12:09.953+0000][7792][gc,heap      ] GC(499) Old regions: 83->83
[2020-09-29T10:12:09.953+0000][7792][gc,heap      ] GC(499) Archive regions: 0->0
[2020-09-29T10:12:09.953+0000][7792][gc,heap      ] GC(499) Humongous regions: 224->174
[2020-09-29T10:12:09.953+0000][7792][gc,metaspace ] GC(499) Metaspace: 90313K(96128K)->90313K(96128K) NonClass: 79021K(82432K)->79021K(82432K) Class: 11292K(13696K)->11292K(13696K)
[2020-09-29T10:12:09.953+0000][7792][gc           ] GC(499) Pause Young (Concurrent Start) (G1 Humongous Allocation) 354M->258M(1024M) 4.967ms
[2020-09-29T10:12:09.954+0000][7792][gc,cpu       ] GC(499) User=0.02s Sys=0.00s Real=0.01s
[2020-09-29T10:12:09.954+0000][7792][gc           ] GC(500) Concurrent Cycle
[2020-09-29T10:12:09.954+0000][7792][gc,marking   ] GC(500) Concurrent Clear Claimed Marks
[2020-09-29T10:12:09.954+0000][7792][safepoint    ] Safepoint "G1TryInitiateConcMark", Time since last: 35068500 ns, Reaching safepoint: 153200 ns, At safepoint: 5296700 ns, Total: 5449900 ns
[2020-09-29T10:12:09.954+0000][7792][gc,marking   ] GC(500) Concurrent Clear Claimed Marks 0.388ms
[2020-09-29T10:12:09.954+0000][7792][gc,marking   ] GC(500) Concurrent Scan Root Regions
[2020-09-29T10:12:09.956+0000][7792][gc,marking   ] GC(500) Concurrent Scan Root Regions 1.999ms
[2020-09-29T10:12:09.956+0000][7792][gc,marking   ] GC(500) Concurrent Mark (993.058s)
[2020-09-29T10:12:09.956+0000][7792][gc,marking   ] GC(500) Concurrent Mark From Roots
[2020-09-29T10:12:09.956+0000][7792][gc,task      ] GC(500) Using 2 workers of 2 for marking
[2020-09-29T10:12:10.129+0000][7792][gc,marking   ] GC(500) Concurrent Mark From Roots 173.431ms
[2020-09-29T10:12:10.129+0000][7792][gc,marking   ] GC(500) Concurrent Preclean
[2020-09-29T10:12:10.130+0000][7792][gc,marking   ] GC(500) Concurrent Preclean 0.652ms
[2020-09-29T10:12:10.130+0000][7792][gc,marking   ] GC(500) Concurrent Mark (993.058s, 993.232s) 174.302ms
[2020-09-29T10:12:10.130+0000][7792][gc,start     ] GC(500) Pause Remark
[2020-09-29T10:12:10.139+0000][7792][gc           ] GC(500) Pause Remark 329M->329M(1024M) 8.598ms
[2020-09-29T10:12:10.139+0000][7792][gc,cpu       ] GC(500) User=0.00s Sys=0.00s Real=0.01s
[2020-09-29T10:12:10.139+0000][7792][safepoint    ] Safepoint "G1Concurrent", Time since last: 176942000 ns, Reaching safepoint: 171100 ns, At safepoint: 8853600 ns, Total: 9024700 ns
[2020-09-29T10:12:10.139+0000][7792][gc,marking   ] GC(500) Concurrent Rebuild Remembered Sets
[2020-09-29T10:12:10.238+0000][7792][gc,marking   ] GC(500) Concurrent Rebuild Remembered Sets 98.788ms
[2020-09-29T10:12:10.238+0000][7792][gc,start     ] GC(500) Pause Cleanup
[2020-09-29T10:12:10.239+0000][7792][gc           ] GC(500) Pause Cleanup 370M->370M(1024M) 0.411ms
[2020-09-29T10:12:10.239+0000][7792][gc,cpu       ] GC(500) User=0.00s Sys=0.00s Real=0.00s
[2020-09-29T10:12:10.239+0000][7792][safepoint    ] Safepoint "G1Concurrent", Time since last: 98998400 ns, Reaching safepoint: 189300 ns, At safepoint: 635700 ns, Total: 825000 ns
[2020-09-29T10:12:10.239+0000][7792][gc,marking   ] GC(500) Concurrent Cleanup for Next Mark
[2020-09-29T10:12:10.241+0000][7792][gc,marking   ] GC(500) Concurrent Cleanup for Next Mark 1.875ms
[2020-09-29T10:12:10.241+0000][7792][gc           ] GC(500) Concurrent Cycle 287.944ms
[2020-09-29T10:12:10.285+0000][7792][gc,start     ] GC(501) Pause Young (Concurrent Start) (G1 Humongous Allocation)
[2020-09-29T10:12:10.285+0000][7792][gc,task      ] GC(501) Using 8 workers of 8 for evacuation
[2020-09-29T10:12:10.285+0000][7792][gc,age       ] GC(501) Desired survivor size 33030144 bytes, new threshold 15 (max threshold 15)
[2020-09-29T10:12:10.289+0000][7792][gc,age       ] GC(501) Age table with threshold 15 (max threshold 15)
[2020-09-29T10:12:10.289+0000][7792][gc,age       ] GC(501) - age   1:    3224968 bytes,    3224968 total
[2020-09-29T10:12:10.289+0000][7792][gc,age       ] GC(501) - age   2:       6176 bytes,    3231144 total
[2020-09-29T10:12:10.289+0000][7792][gc,age       ] GC(501) - age   3:       2656 bytes,    3233800 total
[2020-09-29T10:12:10.289+0000][7792][gc,age       ] GC(501) - age   4:       1904 bytes,    3235704 total
[2020-09-29T10:12:10.289+0000][7792][gc,age       ] GC(501) - age   5:       2496 bytes,    3238200 total
[2020-09-29T10:12:10.289+0000][7792][gc,age       ] GC(501) - age   6:       7904 bytes,    3246104 total
[2020-09-29T10:12:10.289+0000][7792][gc,age       ] GC(501) - age   7:     272264 bytes,    3518368 total
[2020-09-29T10:12:10.289+0000][7792][gc,age       ] GC(501) - age   8:     211552 bytes,    3729920 total
[2020-09-29T10:12:10.289+0000][7792][gc,age       ] GC(501) - age   9:       1304 bytes,    3731224 total
[2020-09-29T10:12:10.290+0000][7792][gc,age       ] GC(501) - age  10:        832 bytes,    3732056 total
[2020-09-29T10:12:10.290+0000][7792][gc,age       ] GC(501) - age  11:      19464 bytes,    3751520 total
[2020-09-29T10:12:10.290+0000][7792][gc,age       ] GC(501) - age  12:       2000 bytes,    3753520 total
[2020-09-29T10:12:10.290+0000][7792][gc,age       ] GC(501) - age  13:        752 bytes,    3754272 total
[2020-09-29T10:12:10.290+0000][7792][gc,age       ] GC(501) - age  14:       1632 bytes,    3755904 total
[2020-09-29T10:12:10.290+0000][7792][gc,age       ] GC(501) - age  15:       1256 bytes,    3757160 total
[2020-09-29T10:12:10.290+0000][7792][gc,phases    ] GC(501)   Pre Evacuate Collection Set: 0.4ms
[2020-09-29T10:12:10.290+0000][7792][gc,phases    ] GC(501)   Merge Heap Roots: 0.1ms
[2020-09-29T10:12:10.290+0000][7792][gc,phases    ] GC(501)   Evacuate Collection Set: 2.1ms
[2020-09-29T10:12:10.290+0000][7792][gc,phases    ] GC(501)   Post Evacuate Collection Set: 1.0ms
[2020-09-29T10:12:10.290+0000][7792][gc,phases    ] GC(501)   Other: 1.1ms
[2020-09-29T10:12:10.290+0000][7792][gc,heap      ] GC(501) Eden regions: 62->0(499)
[2020-09-29T10:12:10.290+0000][7792][gc,heap      ] GC(501) Survivor regions: 2->4(63)
[2020-09-29T10:12:10.290+0000][7792][gc,heap      ] GC(501) Old regions: 83->83
[2020-09-29T10:12:10.290+0000][7792][gc,heap      ] GC(501) Archive regions: 0->0
[2020-09-29T10:12:10.290+0000][7792][gc,heap      ] GC(501) Humongous regions: 234->174
[2020-09-29T10:12:10.290+0000][7792][gc,metaspace ] GC(501) Metaspace: 90322K(96384K)->90322K(96384K) NonClass: 79030K(82688K)->79030K(82688K) Class: 11292K(13696K)->11292K(13696K)
[2020-09-29T10:12:10.290+0000][7792][gc           ] GC(501) Pause Young (Concurrent Start) (G1 Humongous Allocation) 379M->259M(1024M) 5.020ms
[2020-09-29T10:12:10.290+0000][7792][gc,cpu       ] GC(501) User=0.00s Sys=0.00s Real=0.00s
[2020-09-29T10:12:10.290+0000][7792][safepoint    ] Safepoint "G1TryInitiateConcMark", Time since last: 45951000 ns, Reaching safepoint: 197900 ns, At safepoint: 5244700 ns, Total: 5442600 ns
[2020-09-29T10:12:10.290+0000][7792][gc           ] GC(502) Concurrent Cycle
[2020-09-29T10:12:10.290+0000][7792][gc,marking   ] GC(502) Concurrent Clear Claimed Marks
[2020-09-29T10:12:10.291+0000][7792][gc,marking   ] GC(502) Concurrent Clear Claimed Marks 0.570ms
[2020-09-29T10:12:10.291+0000][7792][gc,marking   ] GC(502) Concurrent Scan Root Regions
[2020-09-29T10:12:10.293+0000][7792][gc,marking   ] GC(502) Concurrent Scan Root Regions 2.018ms
[2020-09-29T10:12:10.293+0000][7792][gc,marking   ] GC(502) Concurrent Mark (993.396s)
[2020-09-29T10:12:10.293+0000][7792][gc,marking   ] GC(502) Concurrent Mark From Roots
[2020-09-29T10:12:10.293+0000][7792][gc,task      ] GC(502) Using 2 workers of 2 for marking
[2020-09-29T10:12:10.462+0000][7792][gc,marking   ] GC(502) Concurrent Mark From Roots 168.253ms
[2020-09-29T10:12:10.462+0000][7792][gc,marking   ] GC(502) Concurrent Preclean
[2020-09-29T10:12:10.462+0000][7792][gc,marking   ] GC(502) Concurrent Preclean 0.581ms
[2020-09-29T10:12:10.462+0000][7792][gc,marking   ] GC(502) Concurrent Mark (993.396s, 993.565s) 169.082ms
[2020-09-29T10:12:10.463+0000][7792][gc,start     ] GC(502) Pause Remark
[2020-09-29T10:12:10.471+0000][7792][gc           ] GC(502) Pause Remark 349M->349M(1024M) 8.597ms
[2020-09-29T10:12:10.471+0000][7792][gc,cpu       ] GC(502) User=0.09s Sys=0.00s Real=0.01s
[2020-09-29T10:12:10.471+0000][7792][safepoint    ] Safepoint "G1Concurrent", Time since last: 172024800 ns, Reaching safepoint: 171400 ns, At safepoint: 8847800 ns, Total: 9019200 ns
[2020-09-29T10:12:10.471+0000][7792][gc,marking   ] GC(502) Concurrent Rebuild Remembered Sets
[2020-09-29T10:12:10.571+0000][7792][gc,marking   ] GC(502) Concurrent Rebuild Remembered Sets 99.064ms
[2020-09-29T10:12:10.571+0000][7792][gc,start     ] GC(502) Pause Cleanup
[2020-09-29T10:12:10.572+0000][7792][gc           ] GC(502) Pause Cleanup 352M->352M(1024M) 0.413ms
[2020-09-29T10:12:10.572+0000][7792][gc,cpu       ] GC(502) User=0.00s Sys=0.00s Real=0.00s
[2020-09-29T10:12:10.572+0000][7792][safepoint    ] Safepoint "G1Concurrent", Time since last: 99298900 ns, Reaching safepoint: 449300 ns, At safepoint: 628100 ns, Total: 1077400 ns
[2020-09-29T10:12:10.572+0000][7792][gc,marking   ] GC(502) Concurrent Cleanup for Next Mark
[2020-09-29T10:12:10.574+0000][7792][gc,marking   ] GC(502) Concurrent Cleanup for Next Mark 1.736ms
[2020-09-29T10:12:10.574+0000][7792][gc           ] GC(502) Concurrent Cycle 283.392ms
[2020-09-29T10:12:10.593+0000][7792][gc,start     ] GC(503) Pause Young (Concurrent Start) (G1 Humongous Allocation)
[2020-09-29T10:12:10.593+0000][7792][gc,task      ] GC(503) Using 8 workers of 8 for evacuation
[2020-09-29T10:12:10.593+0000][7792][gc,age       ] GC(503) Desired survivor size 33030144 bytes, new threshold 15 (max threshold 15)
[2020-09-29T10:12:10.597+0000][7792][gc,age       ] GC(503) Age table with threshold 15 (max threshold 15)
[2020-09-29T10:12:10.597+0000][7792][gc,age       ] GC(503) - age   1:    1284960 bytes,    1284960 total
[2020-09-29T10:12:10.597+0000][7792][gc,age       ] GC(503) - age   2:       2472 bytes,    1287432 total
[2020-09-29T10:12:10.597+0000][7792][gc,age       ] GC(503) - age   3:        928 bytes,    1288360 total
[2020-09-29T10:12:10.597+0000][7792][gc,age       ] GC(503) - age   4:       1272 bytes,    1289632 total
[2020-09-29T10:12:10.597+0000][7792][gc,age       ] GC(503) - age   5:       1808 bytes,    1291440 total
[2020-09-29T10:12:10.597+0000][7792][gc,age       ] GC(503) - age   6:       2496 bytes,    1293936 total
[2020-09-29T10:12:10.597+0000][7792][gc,age       ] GC(503) - age   7:       7904 bytes,    1301840 total
[2020-09-29T10:12:10.597+0000][7792][gc,age       ] GC(503) - age   8:     271496 bytes,    1573336 total
[2020-09-29T10:12:10.597+0000][7792][gc,age       ] GC(503) - age   9:     211168 bytes,    1784504 total
[2020-09-29T10:12:10.597+0000][7792][gc,age       ] GC(503) - age  10:       1240 bytes,    1785744 total
[2020-09-29T10:12:10.597+0000][7792][gc,age       ] GC(503) - age  11:        768 bytes,    1786512 total
[2020-09-29T10:12:10.597+0000][7792][gc,age       ] GC(503) - age  12:      19432 bytes,    1805944 total
[2020-09-29T10:12:10.597+0000][7792][gc,age       ] GC(503) - age  13:       2000 bytes,    1807944 total
[2020-09-29T10:12:10.597+0000][7792][gc,age       ] GC(503) - age  14:        752 bytes,    1808696 total
[2020-09-29T10:12:10.597+0000][7792][gc,age       ] GC(503) - age  15:       1568 bytes,    1810264 total
[2020-09-29T10:12:10.597+0000][7792][gc,phases    ] GC(503)   Pre Evacuate Collection Set: 0.5ms
[2020-09-29T10:12:10.597+0000][7792][gc,phases    ] GC(503)   Merge Heap Roots: 0.2ms
[2020-09-29T10:12:10.597+0000][7792][gc,phases    ] GC(503)   Evacuate Collection Set: 2.1ms
[2020-09-29T10:12:10.597+0000][7792][gc,phases    ] GC(503)   Post Evacuate Collection Set: 0.8ms
[2020-09-29T10:12:10.598+0000][7792][gc,phases    ] GC(503)   Other: 1.1ms
[2020-09-29T10:12:10.598+0000][7792][gc,heap      ] GC(503) Eden regions: 47->0(502)
[2020-09-29T10:12:10.598+0000][7792][gc,heap      ] GC(503) Survivor regions: 4->2(63)
[2020-09-29T10:12:10.598+0000][7792][gc,heap      ] GC(503) Old regions: 83->83
[2020-09-29T10:12:10.598+0000][7792][gc,heap      ] GC(503) Archive regions: 0->0
[2020-09-29T10:12:10.598+0000][7792][gc,heap      ] GC(503) Humongous regions: 224->174
[2020-09-29T10:12:10.598+0000][7792][gc,metaspace ] GC(503) Metaspace: 90322K(96384K)->90322K(96384K) NonClass: 79030K(82688K)->79030K(82688K) Class: 11292K(13696K)->11292K(13696K)
[2020-09-29T10:12:10.598+0000][7792][gc           ] GC(503) Pause Young (Concurrent Start) (G1 Humongous Allocation) 356M->258M(1024M) 5.215ms
[2020-09-29T10:12:10.598+0000][7792][gc,cpu       ] GC(503) User=0.00s Sys=0.00s Real=0.01s
[2020-09-29T10:12:10.598+0000][7792][safepoint    ] Safepoint "G1TryInitiateConcMark", Time since last: 20704300 ns, Reaching safepoint: 156500 ns, At safepoint: 5439900 ns, Total: 5596400 ns
[2020-09-29T10:12:10.598+0000][7792][gc           ] GC(504) Concurrent Cycle
[2020-09-29T10:12:10.598+0000][7792][gc,marking   ] GC(504) Concurrent Clear Claimed Marks
[2020-09-29T10:12:10.599+0000][7792][gc,marking   ] GC(504) Concurrent Clear Claimed Marks 0.363ms
[2020-09-29T10:12:10.599+0000][7792][gc,marking   ] GC(504) Concurrent Scan Root Regions
[2020-09-29T10:12:10.600+0000][7792][gc,marking   ] GC(504) Concurrent Scan Root Regions 1.489ms
[2020-09-29T10:12:10.600+0000][7792][gc,marking   ] GC(504) Concurrent Mark (993.703s)
[2020-09-29T10:12:10.600+0000][7792][gc,marking   ] GC(504) Concurrent Mark From Roots
[2020-09-29T10:12:10.600+0000][7792][gc,task      ] GC(504) Using 2 workers of 2 for marking
[2020-09-29T10:12:10.778+0000][7792][gc,marking   ] GC(504) Concurrent Mark From Roots 178.010ms
[2020-09-29T10:12:10.778+0000][7792][gc,marking   ] GC(504) Concurrent Preclean
[2020-09-29T10:12:10.779+0000][7792][gc,marking   ] GC(504) Concurrent Preclean 0.762ms
[2020-09-29T10:12:10.779+0000][7792][gc,marking   ] GC(504) Concurrent Mark (993.703s, 993.882s) 179.006ms
[2020-09-29T10:12:10.780+0000][7792][gc,start     ] GC(504) Pause Remark
[2020-09-29T10:12:10.787+0000][7792][gc           ] GC(504) Pause Remark 290M->290M(1024M) 7.458ms
[2020-09-29T10:12:10.787+0000][7792][gc,cpu       ] GC(504) User=0.00s Sys=0.00s Real=0.01s
[2020-09-29T10:12:10.787+0000][7792][safepoint    ] Safepoint "G1Concurrent", Time since last: 181255800 ns, Reaching safepoint: 186600 ns, At safepoint: 7807700 ns, Total: 7994300 ns
[2020-09-29T10:12:10.787+0000][7792][gc,marking   ] GC(504) Concurrent Rebuild Remembered Sets
[2020-09-29T10:12:10.893+0000][7792][gc,marking   ] GC(504) Concurrent Rebuild Remembered Sets 106.010ms
[2020-09-29T10:12:10.894+0000][7792][gc,start     ] GC(504) Pause Cleanup
[2020-09-29T10:12:10.894+0000][7792][gc           ] GC(504) Pause Cleanup 295M->295M(1024M) 0.415ms
[2020-09-29T10:12:10.894+0000][7792][gc,cpu       ] GC(504) User=0.00s Sys=0.00s Real=0.00s
[2020-09-29T10:12:10.894+0000][7792][safepoint    ] Safepoint "G1Concurrent", Time since last: 106273600 ns, Reaching safepoint: 164700 ns, At safepoint: 641500 ns, Total: 806200 ns
[2020-09-29T10:12:10.894+0000][7792][gc,marking   ] GC(504) Concurrent Cleanup for Next Mark
[2020-09-29T10:12:10.896+0000][7792][gc,marking   ] GC(504) Concurrent Cleanup for Next Mark 1.690ms
[2020-09-29T10:12:10.896+0000][7792][gc           ] GC(504) Concurrent Cycle 298.122ms
[2020-09-29T10:12:11.035+0000][7792][gc,start     ] GC(505) Pause Young (Concurrent Start) (G1 Humongous Allocation)
[2020-09-29T10:12:11.035+0000][7792][gc,task      ] GC(505) Using 8 workers of 8 for evacuation
[2020-09-29T10:12:11.035+0000][7792][gc,age       ] GC(505) Desired survivor size 33030144 bytes, new threshold 15 (max threshold 15)
[2020-09-29T10:12:11.039+0000][7792][gc,age       ] GC(505) Age table with threshold 15 (max threshold 15)
[2020-09-29T10:12:11.039+0000][7792][gc,age       ] GC(505) - age   1:     847496 bytes,     847496 total
[2020-09-29T10:12:11.039+0000][7792][gc,age       ] GC(505) - age   2:       8088 bytes,     855584 total
[2020-09-29T10:12:11.040+0000][7792][gc,age       ] GC(505) - age   3:       1872 bytes,     857456 total
[2020-09-29T10:12:11.040+0000][7792][gc,age       ] GC(505) - age   4:        640 bytes,     858096 total
[2020-09-29T10:12:11.040+0000][7792][gc,age       ] GC(505) - age   5:       1240 bytes,     859336 total
[2020-09-29T10:12:11.040+0000][7792][gc,age       ] GC(505) - age   6:       1808 bytes,     861144 total
[2020-09-29T10:12:11.040+0000][7792][gc,age       ] GC(505) - age   7:       2464 bytes,     863608 total
[2020-09-29T10:12:11.040+0000][7792][gc,age       ] GC(505) - age   8:       7904 bytes,     871512 total
[2020-09-29T10:12:11.040+0000][7792][gc,age       ] GC(505) - age   9:     271304 bytes,    1142816 total
[2020-09-29T10:12:11.040+0000][7792][gc,age       ] GC(505) - age  10:     211008 bytes,    1353824 total
[2020-09-29T10:12:11.040+0000][7792][gc,age       ] GC(505) - age  11:       1240 bytes,    1355064 total
[2020-09-29T10:12:11.040+0000][7792][gc,age       ] GC(505) - age  12:        768 bytes,    1355832 total
[2020-09-29T10:12:11.040+0000][7792][gc,age       ] GC(505) - age  13:      19432 bytes,    1375264 total
[2020-09-29T10:12:11.040+0000][7792][gc,age       ] GC(505) - age  14:       2000 bytes,    1377264 total
[2020-09-29T10:12:11.040+0000][7792][gc,age       ] GC(505) - age  15:        752 bytes,    1378016 total
[2020-09-29T10:12:11.040+0000][7792][gc,phases    ] GC(505)   Pre Evacuate Collection Set: 0.5ms
[2020-09-29T10:12:11.040+0000][7792][gc,phases    ] GC(505)   Merge Heap Roots: 0.1ms
[2020-09-29T10:12:11.040+0000][7792][gc,phases    ] GC(505)   Evacuate Collection Set: 2.8ms
[2020-09-29T10:12:11.040+0000][7792][gc,phases    ] GC(505)   Post Evacuate Collection Set: 0.9ms
[2020-09-29T10:12:11.040+0000][7792][gc,phases    ] GC(505)   Other: 1.3ms
[2020-09-29T10:12:11.040+0000][7792][gc,heap      ] GC(505) Eden regions: 42->0(503)
[2020-09-29T10:12:11.040+0000][7792][gc,heap      ] GC(505) Survivor regions: 2->2(63)
[2020-09-29T10:12:11.040+0000][7792][gc,heap      ] GC(505) Old regions: 83->83
[2020-09-29T10:12:11.040+0000][7792][gc,heap      ] GC(505) Archive regions: 0->0
[2020-09-29T10:12:11.041+0000][7792][gc,heap      ] GC(505) Humongous regions: 224->174
[2020-09-29T10:12:11.041+0000][7792][gc,metaspace ] GC(505) Metaspace: 90324K(96384K)->90324K(96384K) NonClass: 79032K(82688K)->79032K(82688K) Class: 11292K(13696K)->11292K(13696K)
[2020-09-29T10:12:11.041+0000][7792][gc           ] GC(505) Pause Young (Concurrent Start) (G1 Humongous Allocation) 349M->257M(1024M) 6.200ms
[2020-09-29T10:12:11.041+0000][7792][gc,cpu       ] GC(505) User=0.00s Sys=0.00s Real=0.01s
[2020-09-29T10:12:11.041+0000][7792][gc           ] GC(506) Concurrent Cycle
[2020-09-29T10:12:11.041+0000][7792][safepoint    ] Safepoint "G1TryInitiateConcMark", Time since last: 139514800 ns, Reaching safepoint: 158400 ns, At safepoint: 6466000 ns, Total: 6624400 ns
[2020-09-29T10:12:11.041+0000][7792][gc,marking   ] GC(506) Concurrent Clear Claimed Marks
[2020-09-29T10:12:11.041+0000][7792][gc,marking   ] GC(506) Concurrent Clear Claimed Marks 0.424ms
[2020-09-29T10:12:11.042+0000][7792][gc,marking   ] GC(506) Concurrent Scan Root Regions
[2020-09-29T10:12:11.043+0000][7792][gc,marking   ] GC(506) Concurrent Scan Root Regions 1.934ms
[2020-09-29T10:12:11.044+0000][7792][gc,marking   ] GC(506) Concurrent Mark (994.145s)
[2020-09-29T10:12:11.044+0000][7792][gc,marking   ] GC(506) Concurrent Mark From Roots
[2020-09-29T10:12:11.044+0000][7792][gc,task      ] GC(506) Using 2 workers of 2 for marking
[2020-09-29T10:12:11.208+0000][7792][gc,marking   ] GC(506) Concurrent Mark From Roots 164.337ms
[2020-09-29T10:12:11.208+0000][7792][gc,marking   ] GC(506) Concurrent Preclean
[2020-09-29T10:12:11.209+0000][7792][gc,marking   ] GC(506) Concurrent Preclean 0.731ms
[2020-09-29T10:12:11.209+0000][7792][gc,marking   ] GC(506) Concurrent Mark (994.145s, 994.311s) 165.291ms
[2020-09-29T10:12:11.209+0000][7792][gc,start     ] GC(506) Pause Remark
[2020-09-29T10:12:11.218+0000][7792][gc           ] GC(506) Pause Remark 284M->284M(1024M) 8.523ms
[2020-09-29T10:12:11.218+0000][7792][gc,cpu       ] GC(506) User=0.00s Sys=0.02s Real=0.01s
[2020-09-29T10:12:11.218+0000][7792][safepoint    ] Safepoint "G1Concurrent", Time since last: 167931500 ns, Reaching safepoint: 160400 ns, At safepoint: 8774700 ns, Total: 8935100 ns
[2020-09-29T10:12:11.218+0000][7792][gc,marking   ] GC(506) Concurrent Rebuild Remembered Sets
[2020-09-29T10:12:11.316+0000][7792][gc,marking   ] GC(506) Concurrent Rebuild Remembered Sets 97.665ms
[2020-09-29T10:12:11.316+0000][7792][gc,start     ] GC(506) Pause Cleanup
[2020-09-29T10:12:11.317+0000][7792][gc           ] GC(506) Pause Cleanup 352M->352M(1024M) 0.406ms
[2020-09-29T10:12:11.317+0000][7792][gc,cpu       ] GC(506) User=0.00s Sys=0.00s Real=0.00s
[2020-09-29T10:12:11.317+0000][7792][safepoint    ] Safepoint "G1Concurrent", Time since last: 97876400 ns, Reaching safepoint: 405000 ns, At safepoint: 609200 ns, Total: 1014200 ns
[2020-09-29T10:12:11.317+0000][7792][gc,marking   ] GC(506) Concurrent Cleanup for Next Mark
[2020-09-29T10:12:11.319+0000][7792][gc,marking   ] GC(506) Concurrent Cleanup for Next Mark 1.784ms
[2020-09-29T10:12:11.319+0000][7792][gc           ] GC(506) Concurrent Cycle 277.811ms
[2020-09-29T10:12:11.341+0000][7792][gc,start     ] GC(507) Pause Young (Concurrent Start) (G1 Humongous Allocation)
[2020-09-29T10:12:11.341+0000][7792][gc,task      ] GC(507) Using 8 workers of 8 for evacuation
[2020-09-29T10:12:11.341+0000][7792][gc,age       ] GC(507) Desired survivor size 33554432 bytes, new threshold 15 (max threshold 15)
[2020-09-29T10:12:11.345+0000][7792][gc,age       ] GC(507) Age table with threshold 15 (max threshold 15)
[2020-09-29T10:12:11.345+0000][7792][gc,age       ] GC(507) - age   1:     736120 bytes,     736120 total
[2020-09-29T10:12:11.345+0000][7792][gc,age       ] GC(507) - age   2:       1984 bytes,     738104 total
[2020-09-29T10:12:11.345+0000][7792][gc,age       ] GC(507) - age   3:       4144 bytes,     742248 total
[2020-09-29T10:12:11.345+0000][7792][gc,age       ] GC(507) - age   4:       1016 bytes,     743264 total
[2020-09-29T10:12:11.345+0000][7792][gc,age       ] GC(507) - age   5:        640 bytes,     743904 total
[2020-09-29T10:12:11.345+0000][7792][gc,age       ] GC(507) - age   6:       1208 bytes,     745112 total
[2020-09-29T10:12:11.345+0000][7792][gc,age       ] GC(507) - age   7:       1808 bytes,     746920 total
[2020-09-29T10:12:11.345+0000][7792][gc,age       ] GC(507) - age   8:       2432 bytes,     749352 total
[2020-09-29T10:12:11.345+0000][7792][gc,age       ] GC(507) - age   9:       7808 bytes,     757160 total
[2020-09-29T10:12:11.345+0000][7792][gc,age       ] GC(507) - age  10:     271240 bytes,    1028400 total
[2020-09-29T10:12:11.345+0000][7792][gc,age       ] GC(507) - age  11:     211008 bytes,    1239408 total
[2020-09-29T10:12:11.345+0000][7792][gc,age       ] GC(507) - age  12:       1240 bytes,    1240648 total
[2020-09-29T10:12:11.345+0000][7792][gc,age       ] GC(507) - age  13:        768 bytes,    1241416 total
[2020-09-29T10:12:11.346+0000][7792][gc,age       ] GC(507) - age  14:      19432 bytes,    1260848 total
[2020-09-29T10:12:11.346+0000][7792][gc,age       ] GC(507) - age  15:       1936 bytes,    1262784 total
[2020-09-29T10:12:11.346+0000][7792][gc,phases    ] GC(507)   Pre Evacuate Collection Set: 0.5ms
[2020-09-29T10:12:11.346+0000][7792][gc,phases    ] GC(507)   Merge Heap Roots: 0.1ms
[2020-09-29T10:12:11.346+0000][7792][gc,phases    ] GC(507)   Evacuate Collection Set: 2.1ms
[2020-09-29T10:12:11.346+0000][7792][gc,phases    ] GC(507)   Post Evacuate Collection Set: 0.7ms
[2020-09-29T10:12:11.346+0000][7792][gc,phases    ] GC(507)   Other: 1.2ms
[2020-09-29T10:12:11.346+0000][7792][gc,heap      ] GC(507) Eden regions: 51->0(503)
[2020-09-29T10:12:11.346+0000][7792][gc,heap      ] GC(507) Survivor regions: 2->2(64)
[2020-09-29T10:12:11.346+0000][7792][gc,heap      ] GC(507) Old regions: 83->83
[2020-09-29T10:12:11.346+0000][7792][gc,heap      ] GC(507) Archive regions: 0->0
[2020-09-29T10:12:11.346+0000][7792][gc,heap      ] GC(507) Humongous regions: 224->174
[2020-09-29T10:12:11.346+0000][7792][gc,metaspace ] GC(507) Metaspace: 90324K(96384K)->90324K(96384K) NonClass: 79032K(82688K)->79032K(82688K) Class: 11292K(13696K)->11292K(13696K)
[2020-09-29T10:12:11.346+0000][7792][gc           ] GC(507) Pause Young (Concurrent Start) (G1 Humongous Allocation) 358M->257M(1024M) 5.085ms
[2020-09-29T10:12:11.346+0000][7792][gc,cpu       ] GC(507) User=0.11s Sys=0.00s Real=0.00s
[2020-09-29T10:12:11.346+0000][7792][gc           ] GC(508) Concurrent Cycle
[2020-09-29T10:12:11.346+0000][7792][gc,marking   ] GC(508) Concurrent Clear Claimed Marks
[2020-09-29T10:12:11.347+0000][7792][gc,marking   ] GC(508) Concurrent Clear Claimed Marks 0.346ms
[2020-09-29T10:12:11.347+0000][7792][gc,marking   ] GC(508) Concurrent Scan Root Regions
[2020-09-29T10:12:11.349+0000][7792][gc,marking   ] GC(508) Concurrent Scan Root Regions 1.628ms
[2020-09-29T10:12:11.349+0000][7792][gc,marking   ] GC(508) Concurrent Mark (994.451s)
[2020-09-29T10:12:11.349+0000][7792][gc,marking   ] GC(508) Concurrent Mark From Roots
[2020-09-29T10:12:11.349+0000][7792][gc,task      ] GC(508) Using 2 workers of 2 for marking
[2020-09-29T10:12:11.349+0000][7792][safepoint    ] Safepoint "G1TryInitiateConcMark", Time since last: 23259800 ns, Reaching safepoint: 1064400 ns, At safepoint: 8045900 ns, Total: 9110300 ns
[2020-09-29T10:12:11.511+0000][7792][gc,marking   ] GC(508) Concurrent Mark From Roots 162.606ms
[2020-09-29T10:12:11.511+0000][7792][gc,marking   ] GC(508) Concurrent Preclean
[2020-09-29T10:12:11.512+0000][7792][gc,marking   ] GC(508) Concurrent Preclean 0.804ms
[2020-09-29T10:12:11.512+0000][7792][gc,marking   ] GC(508) Concurrent Mark (994.451s, 994.614s) 163.614ms
[2020-09-29T10:12:11.512+0000][7792][gc,start     ] GC(508) Pause Remark
[2020-09-29T10:12:11.521+0000][7792][gc           ] GC(508) Pause Remark 287M->287M(1024M) 8.121ms
[2020-09-29T10:12:11.521+0000][7792][gc,cpu       ] GC(508) User=0.11s Sys=0.00s Real=0.01s
[2020-09-29T10:12:11.521+0000][7792][safepoint    ] Safepoint "G1Concurrent", Time since last: 163155400 ns, Reaching safepoint: 151700 ns, At safepoint: 8665900 ns, Total: 8817600 ns
[2020-09-29T10:12:11.521+0000][7792][gc,marking   ] GC(508) Concurrent Rebuild Remembered Sets
[2020-09-29T10:12:11.620+0000][7792][gc,marking   ] GC(508) Concurrent Rebuild Remembered Sets 99.016ms
[2020-09-29T10:12:11.621+0000][7792][gc,start     ] GC(508) Pause Cleanup
[2020-09-29T10:12:11.621+0000][7792][gc           ] GC(508) Pause Cleanup 317M->317M(1024M) 0.406ms
[2020-09-29T10:12:11.621+0000][7792][gc,cpu       ] GC(508) User=0.00s Sys=0.00s Real=0.00s
[2020-09-29T10:12:11.621+0000][7792][safepoint    ] Safepoint "G1Concurrent", Time since last: 99237700 ns, Reaching safepoint: 247400 ns, At safepoint: 628100 ns, Total: 875500 ns
[2020-09-29T10:12:11.621+0000][7792][gc,marking   ] GC(508) Concurrent Cleanup for Next Mark
[2020-09-29T10:12:11.623+0000][7792][gc,marking   ] GC(508) Concurrent Cleanup for Next Mark 1.789ms
[2020-09-29T10:12:11.623+0000][7792][gc           ] GC(508) Concurrent Cycle 276.799ms
[2020-09-29T10:12:11.822+0000][7792][gc,start     ] GC(509) Pause Young (Concurrent Start) (G1 Humongous Allocation)
[2020-09-29T10:12:11.823+0000][7792][gc,task      ] GC(509) Using 8 workers of 8 for evacuation
[2020-09-29T10:12:11.823+0000][7792][gc,age       ] GC(509) Desired survivor size 33554432 bytes, new threshold 15 (max threshold 15)
[2020-09-29T10:12:11.827+0000][7792][gc,age       ] GC(509) Age table with threshold 15 (max threshold 15)
[2020-09-29T10:12:11.827+0000][7792][gc,age       ] GC(509) - age   1:    1757000 bytes,    1757000 total
[2020-09-29T10:12:11.827+0000][7792][gc,age       ] GC(509) - age   2:       2800 bytes,    1759800 total
[2020-09-29T10:12:11.827+0000][7792][gc,age       ] GC(509) - age   3:       1040 bytes,    1760840 total
[2020-09-29T10:12:11.827+0000][7792][gc,age       ] GC(509) - age   4:        864 bytes,    1761704 total
[2020-09-29T10:12:11.827+0000][7792][gc,age       ] GC(509) - age   5:        984 bytes,    1762688 total
[2020-09-29T10:12:11.827+0000][7792][gc,age       ] GC(509) - age   6:        544 bytes,    1763232 total
[2020-09-29T10:12:11.827+0000][7792][gc,age       ] GC(509) - age   7:       1112 bytes,    1764344 total
[2020-09-29T10:12:11.827+0000][7792][gc,age       ] GC(509) - age   8:       1808 bytes,    1766152 total
[2020-09-29T10:12:11.827+0000][7792][gc,age       ] GC(509) - age   9:       2368 bytes,    1768520 total
[2020-09-29T10:12:11.827+0000][7792][gc,age       ] GC(509) - age  10:       7648 bytes,    1776168 total
[2020-09-29T10:12:11.827+0000][7792][gc,age       ] GC(509) - age  11:     271112 bytes,    2047280 total
[2020-09-29T10:12:11.827+0000][7792][gc,age       ] GC(509) - age  12:     210944 bytes,    2258224 total
[2020-09-29T10:12:11.827+0000][7792][gc,age       ] GC(509) - age  13:       1016 bytes,    2259240 total
[2020-09-29T10:12:11.827+0000][7792][gc,age       ] GC(509) - age  14:        576 bytes,    2259816 total
[2020-09-29T10:12:11.827+0000][7792][gc,age       ] GC(509) - age  15:      19240 bytes,    2279056 total
[2020-09-29T10:12:11.827+0000][7792][gc,phases    ] GC(509)   Pre Evacuate Collection Set: 0.5ms
[2020-09-29T10:12:11.827+0000][7792][gc,phases    ] GC(509)   Merge Heap Roots: 0.1ms
[2020-09-29T10:12:11.828+0000][7792][gc,phases    ] GC(509)   Evacuate Collection Set: 2.4ms
[2020-09-29T10:12:11.828+0000][7792][gc,phases    ] GC(509)   Post Evacuate Collection Set: 0.8ms
[2020-09-29T10:12:11.828+0000][7792][gc,phases    ] GC(509)   Other: 1.3ms
[2020-09-29T10:12:11.828+0000][7792][gc,heap      ] GC(509) Eden regions: 52->0(502)
[2020-09-29T10:12:11.828+0000][7792][gc,heap      ] GC(509) Survivor regions: 2->3(64)
[2020-09-29T10:12:11.828+0000][7792][gc,heap      ] GC(509) Old regions: 83->83
[2020-09-29T10:12:11.828+0000][7792][gc,heap      ] GC(509) Archive regions: 0->0
[2020-09-29T10:12:11.828+0000][7792][gc,heap      ] GC(509) Humongous regions: 224->174
[2020-09-29T10:12:11.828+0000][7792][gc,metaspace ] GC(509) Metaspace: 90324K(96384K)->90324K(96384K) NonClass: 79032K(82688K)->79032K(82688K) Class: 11292K(13696K)->11292K(13696K)
[2020-09-29T10:12:11.828+0000][7792][gc           ] GC(509) Pause Young (Concurrent Start) (G1 Humongous Allocation) 359M->258M(1024M) 5.482ms
[2020-09-29T10:12:11.828+0000][7792][gc,cpu       ] GC(509) User=0.03s Sys=0.00s Real=0.01s
[2020-09-29T10:12:11.828+0000][7792][gc           ] GC(510) Concurrent Cycle
[2020-09-29T10:12:11.828+0000][7792][gc,marking   ] GC(510) Concurrent Clear Claimed Marks
[2020-09-29T10:12:11.828+0000][7792][safepoint    ] Safepoint "G1TryInitiateConcMark", Time since last: 200934200 ns, Reaching safepoint: 227500 ns, At safepoint: 6068700 ns, Total: 6296200 ns
[2020-09-29T10:12:11.829+0000][7792][gc,marking   ] GC(510) Concurrent Clear Claimed Marks 0.368ms
[2020-09-29T10:12:11.829+0000][7792][gc,marking   ] GC(510) Concurrent Scan Root Regions
[2020-09-29T10:12:11.830+0000][7792][gc,marking   ] GC(510) Concurrent Scan Root Regions 1.724ms
[2020-09-29T10:12:11.830+0000][7792][gc,marking   ] GC(510) Concurrent Mark (994.932s)
[2020-09-29T10:12:11.830+0000][7792][gc,marking   ] GC(510) Concurrent Mark From Roots
[2020-09-29T10:12:11.830+0000][7792][gc,task      ] GC(510) Using 2 workers of 2 for marking
[2020-09-29T10:12:11.832+0000][7792][safepoint    ] Safepoint "G1TryInitiateConcMark", Time since last: 788600 ns, Reaching safepoint: 2424100 ns, At safepoint: 36400 ns, Total: 2460500 ns
[2020-09-29T10:12:12.006+0000][7792][gc,marking   ] GC(510) Concurrent Mark From Roots 175.868ms
[2020-09-29T10:12:12.006+0000][7792][gc,marking   ] GC(510) Concurrent Preclean
[2020-09-29T10:12:12.007+0000][7792][gc,marking   ] GC(510) Concurrent Preclean 0.632ms
[2020-09-29T10:12:12.007+0000][7792][gc,marking   ] GC(510) Concurrent Mark (994.932s, 995.109s) 176.704ms
[2020-09-29T10:12:12.026+0000][7792][gc,start     ] GC(510) Pause Remark
[2020-09-29T10:12:12.034+0000][7792][gc           ] GC(510) Pause Remark 314M->314M(1024M) 7.999ms
[2020-09-29T10:12:12.034+0000][7792][gc,cpu       ] GC(510) User=0.13s Sys=0.00s Real=0.01s
[2020-09-29T10:12:12.034+0000][7792][safepoint    ] Safepoint "G1Concurrent", Time since last: 175485300 ns, Reaching safepoint: 18493700 ns, At safepoint: 8361000 ns, Total: 26854700 ns
[2020-09-29T10:12:12.034+0000][7792][gc,marking   ] GC(510) Concurrent Rebuild Remembered Sets
[2020-09-29T10:12:12.130+0000][7792][gc,marking   ] GC(510) Concurrent Rebuild Remembered Sets 96.070ms
[2020-09-29T10:12:12.131+0000][7792][gc,start     ] GC(510) Pause Cleanup
[2020-09-29T10:12:12.132+0000][7792][gc           ] GC(510) Pause Cleanup 315M->315M(1024M) 0.399ms
[2020-09-29T10:12:12.132+0000][7792][gc,cpu       ] GC(510) User=0.00s Sys=0.00s Real=0.00s
[2020-09-29T10:12:12.132+0000][7792][safepoint    ] Safepoint "G1Concurrent", Time since last: 96298300 ns, Reaching safepoint: 797300 ns, At safepoint: 1258500 ns, Total: 2055800 ns
[2020-09-29T10:12:12.132+0000][7792][gc,marking   ] GC(510) Concurrent Cleanup for Next Mark
[2020-09-29T10:12:12.134+0000][7792][gc,marking   ] GC(510) Concurrent Cleanup for Next Mark 1.649ms
[2020-09-29T10:12:12.134+0000][7792][gc           ] GC(510) Concurrent Cycle 306.165ms
[2020-09-29T10:12:12.319+0000][7792][gc,start     ] GC(511) Pause Young (Concurrent Start) (G1 Humongous Allocation)
[2020-09-29T10:12:12.319+0000][7792][gc,task      ] GC(511) Using 8 workers of 8 for evacuation
[2020-09-29T10:12:12.319+0000][7792][gc,age       ] GC(511) Desired survivor size 33554432 bytes, new threshold 15 (max threshold 15)
[2020-09-29T10:12:12.323+0000][7792][gc,age       ] GC(511) Age table with threshold 15 (max threshold 15)
[2020-09-29T10:12:12.323+0000][7792][gc,age       ] GC(511) - age   1:    2305472 bytes,    2305472 total
[2020-09-29T10:12:12.323+0000][7792][gc,age       ] GC(511) - age   2:      12160 bytes,    2317632 total
[2020-09-29T10:12:12.323+0000][7792][gc,age       ] GC(511) - age   3:       1688 bytes,    2319320 total
[2020-09-29T10:12:12.323+0000][7792][gc,age       ] GC(511) - age   4:        872 bytes,    2320192 total
[2020-09-29T10:12:12.323+0000][7792][gc,age       ] GC(511) - age   5:        800 bytes,    2320992 total
[2020-09-29T10:12:12.323+0000][7792][gc,age       ] GC(511) - age   6:        888 bytes,    2321880 total
[2020-09-29T10:12:12.323+0000][7792][gc,age       ] GC(511) - age   7:        512 bytes,    2322392 total
[2020-09-29T10:12:12.323+0000][7792][gc,age       ] GC(511) - age   8:       1016 bytes,    2323408 total
[2020-09-29T10:12:12.323+0000][7792][gc,age       ] GC(511) - age   9:       1744 bytes,    2325152 total
[2020-09-29T10:12:12.323+0000][7792][gc,age       ] GC(511) - age  10:       2368 bytes,    2327520 total
[2020-09-29T10:12:12.323+0000][7792][gc,age       ] GC(511) - age  11:       7648 bytes,    2335168 total
[2020-09-29T10:12:12.323+0000][7792][gc,age       ] GC(511) - age  12:     271112 bytes,    2606280 total
[2020-09-29T10:12:12.323+0000][7792][gc,age       ] GC(511) - age  13:     210920 bytes,    2817200 total
[2020-09-29T10:12:12.323+0000][7792][gc,age       ] GC(511) - age  14:        656 bytes,    2817856 total
[2020-09-29T10:12:12.323+0000][7792][gc,age       ] GC(511) - age  15:        576 bytes,    2818432 total
[2020-09-29T10:12:12.323+0000][7792][gc,phases    ] GC(511)   Pre Evacuate Collection Set: 0.5ms
[2020-09-29T10:12:12.324+0000][7792][gc,phases    ] GC(511)   Merge Heap Roots: 0.1ms
[2020-09-29T10:12:12.324+0000][7792][gc,phases    ] GC(511)   Evacuate Collection Set: 2.0ms
[2020-09-29T10:12:12.324+0000][7792][gc,phases    ] GC(511)   Post Evacuate Collection Set: 0.8ms
[2020-09-29T10:12:12.324+0000][7792][gc,phases    ] GC(511)   Other: 1.3ms
[2020-09-29T10:12:12.324+0000][7792][gc,heap      ] GC(511) Eden regions: 49->0(502)
[2020-09-29T10:12:12.324+0000][7792][gc,heap      ] GC(511) Survivor regions: 3->3(64)
[2020-09-29T10:12:12.324+0000][7792][gc,heap      ] GC(511) Old regions: 83->83
[2020-09-29T10:12:12.324+0000][7792][gc,heap      ] GC(511) Archive regions: 0->0
[2020-09-29T10:12:12.324+0000][7792][gc,heap      ] GC(511) Humongous regions: 224->174
[2020-09-29T10:12:12.324+0000][7792][gc,metaspace ] GC(511) Metaspace: 90325K(96384K)->90325K(96384K) NonClass: 79033K(82688K)->79033K(82688K) Class: 11292K(13696K)->11292K(13696K)
[2020-09-29T10:12:12.324+0000][7792][gc           ] GC(511) Pause Young (Concurrent Start) (G1 Humongous Allocation) 357M->259M(1024M) 5.249ms
[2020-09-29T10:12:12.324+0000][7792][gc,cpu       ] GC(511) User=0.00s Sys=0.00s Real=0.00s
[2020-09-29T10:12:12.324+0000][7792][gc           ] GC(512) Concurrent Cycle
[2020-09-29T10:12:12.324+0000][7792][safepoint    ] Safepoint "G1TryInitiateConcMark", Time since last: 186102100 ns, Reaching safepoint: 253700 ns, At safepoint: 5533000 ns, Total: 5786700 ns
[2020-09-29T10:12:12.324+0000][7792][gc,marking   ] GC(512) Concurrent Clear Claimed Marks
[2020-09-29T10:12:12.325+0000][7792][gc,marking   ] GC(512) Concurrent Clear Claimed Marks 0.434ms
[2020-09-29T10:12:12.325+0000][7792][gc,marking   ] GC(512) Concurrent Scan Root Regions
[2020-09-29T10:12:12.327+0000][7792][gc,marking   ] GC(512) Concurrent Scan Root Regions 2.265ms
[2020-09-29T10:12:12.327+0000][7792][gc,marking   ] GC(512) Concurrent Mark (995.429s)
[2020-09-29T10:12:12.327+0000][7792][gc,marking   ] GC(512) Concurrent Mark From Roots
[2020-09-29T10:12:12.327+0000][7792][gc,task      ] GC(512) Using 2 workers of 2 for marking
[2020-09-29T10:12:12.497+0000][7792][gc,marking   ] GC(512) Concurrent Mark From Roots 169.861ms
[2020-09-29T10:12:12.497+0000][7792][gc,marking   ] GC(512) Concurrent Preclean
[2020-09-29T10:12:12.498+0000][7792][gc,marking   ] GC(512) Concurrent Preclean 0.726ms
[2020-09-29T10:12:12.498+0000][7792][gc,marking   ] GC(512) Concurrent Mark (995.429s, 995.600s) 170.802ms
[2020-09-29T10:12:12.498+0000][7792][gc,start     ] GC(512) Pause Remark
[2020-09-29T10:12:12.506+0000][7792][gc           ] GC(512) Pause Remark 443M->443M(1024M) 7.974ms
[2020-09-29T10:12:12.506+0000][7792][gc,cpu       ] GC(512) User=0.11s Sys=0.00s Real=0.01s
[2020-09-29T10:12:12.506+0000][7792][safepoint    ] Safepoint "G1Concurrent", Time since last: 173770500 ns, Reaching safepoint: 188300 ns, At safepoint: 8257100 ns, Total: 8445400 ns
[2020-09-29T10:12:12.507+0000][7792][gc,marking   ] GC(512) Concurrent Rebuild Remembered Sets
[2020-09-29T10:12:12.610+0000][7792][gc,marking   ] GC(512) Concurrent Rebuild Remembered Sets 103.035ms
[2020-09-29T10:12:12.613+0000][7792][gc,start     ] GC(512) Pause Cleanup
[2020-09-29T10:12:12.613+0000][7792][gc           ] GC(512) Pause Cleanup 573M->573M(1024M) 0.389ms
[2020-09-29T10:12:12.613+0000][7792][gc,cpu       ] GC(512) User=0.00s Sys=0.00s Real=0.00s
[2020-09-29T10:12:12.618+0000][7792][safepoint    ] Safepoint "G1Concurrent", Time since last: 103241300 ns, Reaching safepoint: 2930100 ns, At safepoint: 4904400 ns, Total: 7834500 ns
[2020-09-29T10:12:12.618+0000][7792][gc,marking   ] GC(512) Concurrent Cleanup for Next Mark
[2020-09-29T10:12:12.620+0000][7792][gc,marking   ] GC(512) Concurrent Cleanup for Next Mark 1.822ms
[2020-09-29T10:12:12.620+0000][7792][gc           ] GC(512) Concurrent Cycle 295.411ms
[2020-09-29T10:12:12.652+0000][7792][gc,start     ] GC(513) Pause Young (Concurrent Start) (G1 Humongous Allocation)
[2020-09-29T10:12:12.652+0000][7792][gc,task      ] GC(513) Using 8 workers of 8 for evacuation
[2020-09-29T10:12:12.652+0000][7792][gc,age       ] GC(513) Desired survivor size 33554432 bytes, new threshold 15 (max threshold 15)
[2020-09-29T10:12:12.656+0000][7792][gc,age       ] GC(513) Age table with threshold 15 (max threshold 15)
[2020-09-29T10:12:12.656+0000][7792][gc,age       ] GC(513) - age   1:    4203928 bytes,    4203928 total
[2020-09-29T10:12:12.656+0000][7792][gc,age       ] GC(513) - age   2:      13064 bytes,    4216992 total
[2020-09-29T10:12:12.656+0000][7792][gc,age       ] GC(513) - age   3:      10136 bytes,    4227128 total
[2020-09-29T10:12:12.656+0000][7792][gc,age       ] GC(513) - age   4:       1496 bytes,    4228624 total
[2020-09-29T10:12:12.656+0000][7792][gc,age       ] GC(513) - age   5:        872 bytes,    4229496 total
[2020-09-29T10:12:12.656+0000][7792][gc,age       ] GC(513) - age   6:        736 bytes,    4230232 total
[2020-09-29T10:12:12.656+0000][7792][gc,age       ] GC(513) - age   7:        888 bytes,    4231120 total
[2020-09-29T10:12:12.656+0000][7792][gc,age       ] GC(513) - age   8:        480 bytes,    4231600 total
[2020-09-29T10:12:12.657+0000][7792][gc,age       ] GC(513) - age   9:       1016 bytes,    4232616 total
[2020-09-29T10:12:12.657+0000][7792][gc,age       ] GC(513) - age  10:       1744 bytes,    4234360 total
[2020-09-29T10:12:12.657+0000][7792][gc,age       ] GC(513) - age  11:       2368 bytes,    4236728 total
[2020-09-29T10:12:12.657+0000][7792][gc,age       ] GC(513) - age  12:       7648 bytes,    4244376 total
[2020-09-29T10:12:12.657+0000][7792][gc,age       ] GC(513) - age  13:     268192 bytes,    4512568 total
[2020-09-29T10:12:12.657+0000][7792][gc,age       ] GC(513) - age  14:     207784 bytes,    4720352 total
[2020-09-29T10:12:12.657+0000][7792][gc,age       ] GC(513) - age  15:        624 bytes,    4720976 total
[2020-09-29T10:12:12.657+0000][7792][gc,phases    ] GC(513)   Pre Evacuate Collection Set: 0.4ms
[2020-09-29T10:12:12.657+0000][7792][gc,phases    ] GC(513)   Merge Heap Roots: 0.2ms
[2020-09-29T10:12:12.657+0000][7792][gc,phases    ] GC(513)   Evacuate Collection Set: 2.5ms
[2020-09-29T10:12:12.657+0000][7792][gc,phases    ] GC(513)   Post Evacuate Collection Set: 1.0ms
[2020-09-29T10:12:12.657+0000][7792][gc,phases    ] GC(513)   Other: 1.1ms
[2020-09-29T10:12:12.657+0000][7792][gc,heap      ] GC(513) Eden regions: 83->0(497)
[2020-09-29T10:12:12.657+0000][7792][gc,heap      ] GC(513) Survivor regions: 3->5(64)
[2020-09-29T10:12:12.657+0000][7792][gc,heap      ] GC(513) Old regions: 83->83
[2020-09-29T10:12:12.657+0000][7792][gc,heap      ] GC(513) Archive regions: 0->0
[2020-09-29T10:12:12.657+0000][7792][gc,heap      ] GC(513) Humongous regions: 416->174
[2020-09-29T10:12:12.657+0000][7792][gc,metaspace ] GC(513) Metaspace: 90325K(96384K)->90325K(96384K) NonClass: 79033K(82688K)->79033K(82688K) Class: 11292K(13696K)->11292K(13696K)
[2020-09-29T10:12:12.657+0000][7792][gc           ] GC(513) Pause Young (Concurrent Start) (G1 Humongous Allocation) 583M->260M(1024M) 5.516ms
[2020-09-29T10:12:12.657+0000][7792][gc,cpu       ] GC(513) User=0.11s Sys=0.00s Real=0.01s
[2020-09-29T10:12:12.657+0000][7792][gc           ] GC(514) Concurrent Cycle
[2020-09-29T10:12:12.657+0000][7792][gc,marking   ] GC(514) Concurrent Clear Claimed Marks
[2020-09-29T10:12:12.658+0000][7792][safepoint    ] Safepoint "G1TryInitiateConcMark", Time since last: 29685100 ns, Reaching safepoint: 4998000 ns, At safepoint: 5829300 ns, Total: 10827300 ns
[2020-09-29T10:12:12.658+0000][7792][gc,marking   ] GC(514) Concurrent Clear Claimed Marks 0.356ms
[2020-09-29T10:12:12.658+0000][7792][gc,marking   ] GC(514) Concurrent Scan Root Regions
[2020-09-29T10:12:12.661+0000][7792][gc,marking   ] GC(514) Concurrent Scan Root Regions 2.938ms
[2020-09-29T10:12:12.661+0000][7792][gc,marking   ] GC(514) Concurrent Mark (995.763s)
[2020-09-29T10:12:12.661+0000][7792][gc,marking   ] GC(514) Concurrent Mark From Roots
[2020-09-29T10:12:12.661+0000][7792][gc,task      ] GC(514) Using 2 workers of 2 for marking
[2020-09-29T10:12:12.832+0000][7792][gc,marking   ] GC(514) Concurrent Mark From Roots 170.000ms
[2020-09-29T10:12:12.832+0000][7792][gc,marking   ] GC(514) Concurrent Preclean
[2020-09-29T10:12:12.833+0000][7792][gc,marking   ] GC(514) Concurrent Preclean 0.664ms
[2020-09-29T10:12:12.833+0000][7792][gc,marking   ] GC(514) Concurrent Mark (995.763s, 995.934s) 170.896ms
[2020-09-29T10:12:12.833+0000][7792][gc,start     ] GC(514) Pause Remark
[2020-09-29T10:12:12.840+0000][7792][gc           ] GC(514) Pause Remark 338M->338M(1024M) 7.369ms
[2020-09-29T10:12:12.840+0000][7792][gc,cpu       ] GC(514) User=0.00s Sys=0.00s Real=0.01s
[2020-09-29T10:12:12.840+0000][7792][safepoint    ] Safepoint "G1Concurrent", Time since last: 174457100 ns, Reaching safepoint: 142900 ns, At safepoint: 7625600 ns, Total: 7768500 ns
[2020-09-29T10:12:12.841+0000][7792][gc,marking   ] GC(514) Concurrent Rebuild Remembered Sets
[2020-09-29T10:12:12.933+0000][7792][gc,marking   ] GC(514) Concurrent Rebuild Remembered Sets 92.709ms
[2020-09-29T10:12:12.934+0000][7792][gc,start     ] GC(514) Pause Cleanup
[2020-09-29T10:12:12.934+0000][7792][gc           ] GC(514) Pause Cleanup 338M->338M(1024M) 0.385ms
[2020-09-29T10:12:12.934+0000][7792][gc,cpu       ] GC(514) User=0.00s Sys=0.00s Real=0.00s
[2020-09-29T10:12:12.934+0000][7792][safepoint    ] Safepoint "G1Concurrent", Time since last: 92940200 ns, Reaching safepoint: 170600 ns, At safepoint: 603700 ns, Total: 774300 ns
[2020-09-29T10:12:12.934+0000][7792][gc,marking   ] GC(514) Concurrent Cleanup for Next Mark
[2020-09-29T10:12:12.936+0000][7792][gc,marking   ] GC(514) Concurrent Cleanup for Next Mark 1.754ms
[2020-09-29T10:12:12.936+0000][7792][gc           ] GC(514) Concurrent Cycle 278.036ms
[2020-09-29T10:12:13.193+0000][7792][gc,start     ] GC(515) Pause Young (Concurrent Start) (G1 Humongous Allocation)
[2020-09-29T10:12:13.194+0000][7792][gc,task      ] GC(515) Using 8 workers of 8 for evacuation
[2020-09-29T10:12:13.194+0000][7792][gc,age       ] GC(515) Desired survivor size 33030144 bytes, new threshold 15 (max threshold 15)
[2020-09-29T10:12:13.197+0000][7792][gc,age       ] GC(515) Age table with threshold 15 (max threshold 15)
[2020-09-29T10:12:13.197+0000][7792][gc,age       ] GC(515) - age   1:    2590664 bytes,    2590664 total
[2020-09-29T10:12:13.197+0000][7792][gc,age       ] GC(515) - age   2:      13872 bytes,    2604536 total
[2020-09-29T10:12:13.197+0000][7792][gc,age       ] GC(515) - age   3:      11928 bytes,    2616464 total
[2020-09-29T10:12:13.197+0000][7792][gc,age       ] GC(515) - age   4:       9664 bytes,    2626128 total
[2020-09-29T10:12:13.197+0000][7792][gc,age       ] GC(515) - age   5:       1464 bytes,    2627592 total
[2020-09-29T10:12:13.197+0000][7792][gc,age       ] GC(515) - age   6:        872 bytes,    2628464 total
[2020-09-29T10:12:13.197+0000][7792][gc,age       ] GC(515) - age   7:        736 bytes,    2629200 total
[2020-09-29T10:12:13.197+0000][7792][gc,age       ] GC(515) - age   8:        856 bytes,    2630056 total
[2020-09-29T10:12:13.197+0000][7792][gc,age       ] GC(515) - age   9:        480 bytes,    2630536 total
[2020-09-29T10:12:13.197+0000][7792][gc,age       ] GC(515) - age  10:        952 bytes,    2631488 total
[2020-09-29T10:12:13.198+0000][7792][gc,age       ] GC(515) - age  11:       1744 bytes,    2633232 total
[2020-09-29T10:12:13.198+0000][7792][gc,age       ] GC(515) - age  12:       2336 bytes,    2635568 total
[2020-09-29T10:12:13.198+0000][7792][gc,age       ] GC(515) - age  13:       7584 bytes,    2643152 total
[2020-09-29T10:12:13.198+0000][7792][gc,age       ] GC(515) - age  14:     265552 bytes,    2908704 total
[2020-09-29T10:12:13.198+0000][7792][gc,age       ] GC(515) - age  15:     207032 bytes,    3115736 total
[2020-09-29T10:12:13.198+0000][7792][gc,phases    ] GC(515)   Pre Evacuate Collection Set: 0.4ms
[2020-09-29T10:12:13.198+0000][7792][gc,phases    ] GC(515)   Merge Heap Roots: 0.1ms
[2020-09-29T10:12:13.198+0000][7792][gc,phases    ] GC(515)   Evacuate Collection Set: 2.0ms
[2020-09-29T10:12:13.198+0000][7792][gc,phases    ] GC(515)   Post Evacuate Collection Set: 0.7ms
[2020-09-29T10:12:13.198+0000][7792][gc,phases    ] GC(515)   Other: 1.1ms
[2020-09-29T10:12:13.198+0000][7792][gc,heap      ] GC(515) Eden regions: 35->0(498)
[2020-09-29T10:12:13.198+0000][7792][gc,heap      ] GC(515) Survivor regions: 5->4(63)
[2020-09-29T10:12:13.198+0000][7792][gc,heap      ] GC(515) Old regions: 83->83
[2020-09-29T10:12:13.198+0000][7792][gc,heap      ] GC(515) Archive regions: 0->0
[2020-09-29T10:12:13.198+0000][7792][gc,heap      ] GC(515) Humongous regions: 226->174
[2020-09-29T10:12:13.198+0000][7792][gc,metaspace ] GC(515) Metaspace: 90325K(96384K)->90325K(96384K) NonClass: 79033K(82688K)->79033K(82688K) Class: 11292K(13696K)->11292K(13696K)
[2020-09-29T10:12:13.198+0000][7792][gc           ] GC(515) Pause Young (Concurrent Start) (G1 Humongous Allocation) 347M->259M(1024M) 4.744ms
[2020-09-29T10:12:13.198+0000][7792][gc,cpu       ] GC(515) User=0.00s Sys=0.00s Real=0.00s
[2020-09-29T10:12:13.198+0000][7792][safepoint    ] Safepoint "G1TryInitiateConcMark", Time since last: 259560900 ns, Reaching safepoint: 171500 ns, At safepoint: 4948900 ns, Total: 5120400 ns
[2020-09-29T10:12:13.198+0000][7792][gc           ] GC(516) Concurrent Cycle
[2020-09-29T10:12:13.198+0000][7792][gc,marking   ] GC(516) Concurrent Clear Claimed Marks
[2020-09-29T10:12:13.199+0000][7792][gc,marking   ] GC(516) Concurrent Clear Claimed Marks 0.523ms
[2020-09-29T10:12:13.199+0000][7792][gc,marking   ] GC(516) Concurrent Scan Root Regions
[2020-09-29T10:12:13.202+0000][7792][gc,marking   ] GC(516) Concurrent Scan Root Regions 2.530ms
[2020-09-29T10:12:13.202+0000][7792][gc,marking   ] GC(516) Concurrent Mark (996.304s)
[2020-09-29T10:12:13.202+0000][7792][gc,marking   ] GC(516) Concurrent Mark From Roots
[2020-09-29T10:12:13.202+0000][7792][gc,task      ] GC(516) Using 2 workers of 2 for marking
[2020-09-29T10:12:13.378+0000][7792][gc,marking   ] GC(516) Concurrent Mark From Roots 175.706ms
[2020-09-29T10:12:13.378+0000][7792][gc,marking   ] GC(516) Concurrent Preclean
[2020-09-29T10:12:13.378+0000][7792][gc,marking   ] GC(516) Concurrent Preclean 0.637ms
[2020-09-29T10:12:13.378+0000][7792][gc,marking   ] GC(516) Concurrent Mark (996.304s, 996.481s) 176.611ms
[2020-09-29T10:12:13.380+0000][7792][gc,start     ] GC(516) Pause Remark
[2020-09-29T10:12:13.388+0000][7792][gc           ] GC(516) Pause Remark 457M->457M(1024M) 7.995ms
[2020-09-29T10:12:13.388+0000][7792][gc,cpu       ] GC(516) User=0.00s Sys=0.00s Real=0.01s
[2020-09-29T10:12:13.388+0000][7792][safepoint    ] Safepoint "G1Concurrent", Time since last: 180110800 ns, Reaching safepoint: 1076200 ns, At safepoint: 8637400 ns, Total: 9713600 ns
[2020-09-29T10:12:13.388+0000][7792][gc,marking   ] GC(516) Concurrent Rebuild Remembered Sets
[2020-09-29T10:12:13.490+0000][7792][gc,marking   ] GC(516) Concurrent Rebuild Remembered Sets 101.918ms
[2020-09-29T10:12:13.493+0000][7792][gc,start     ] GC(516) Pause Cleanup
[2020-09-29T10:12:13.493+0000][7792][gc           ] GC(516) Pause Cleanup 597M->597M(1024M) 0.545ms
[2020-09-29T10:12:13.493+0000][7792][gc,cpu       ] GC(516) User=0.00s Sys=0.00s Real=0.00s
[2020-09-29T10:12:13.494+0000][7792][safepoint    ] Safepoint "G1Concurrent", Time since last: 102164600 ns, Reaching safepoint: 2325200 ns, At safepoint: 1077400 ns, Total: 3402600 ns
[2020-09-29T10:12:13.494+0000][7792][gc,marking   ] GC(516) Concurrent Cleanup for Next Mark
[2020-09-29T10:12:13.495+0000][7792][gc,marking   ] GC(516) Concurrent Cleanup for Next Mark 1.577ms
[2020-09-29T10:12:13.496+0000][7792][gc           ] GC(516) Concurrent Cycle 297.206ms
[2020-09-29T10:12:13.524+0000][7792][gc,start     ] GC(517) Pause Young (Concurrent Start) (G1 Humongous Allocation)
[2020-09-29T10:12:13.524+0000][7792][gc,task      ] GC(517) Using 8 workers of 8 for evacuation
[2020-09-29T10:12:13.524+0000][7792][gc,age       ] GC(517) Desired survivor size 33030144 bytes, new threshold 15 (max threshold 15)
[2020-09-29T10:12:13.528+0000][7792][gc,age       ] GC(517) Age table with threshold 15 (max threshold 15)
[2020-09-29T10:12:13.528+0000][7792][gc,age       ] GC(517) - age   1:    3555448 bytes,    3555448 total
[2020-09-29T10:12:13.528+0000][7792][gc,age       ] GC(517) - age   2:       2424 bytes,    3557872 total
[2020-09-29T10:12:13.528+0000][7792][gc,age       ] GC(517) - age   3:      11352 bytes,    3569224 total
[2020-09-29T10:12:13.528+0000][7792][gc,age       ] GC(517) - age   4:      11536 bytes,    3580760 total
[2020-09-29T10:12:13.528+0000][7792][gc,age       ] GC(517) - age   5:       9568 bytes,    3590328 total
[2020-09-29T10:12:13.528+0000][7792][gc,age       ] GC(517) - age   6:       1336 bytes,    3591664 total
[2020-09-29T10:12:13.528+0000][7792][gc,age       ] GC(517) - age   7:        872 bytes,    3592536 total
[2020-09-29T10:12:13.529+0000][7792][gc,age       ] GC(517) - age   8:        736 bytes,    3593272 total
[2020-09-29T10:12:13.529+0000][7792][gc,age       ] GC(517) - age   9:        856 bytes,    3594128 total
[2020-09-29T10:12:13.529+0000][7792][gc,age       ] GC(517) - age  10:        480 bytes,    3594608 total
[2020-09-29T10:12:13.529+0000][7792][gc,age       ] GC(517) - age  11:        952 bytes,    3595560 total
[2020-09-29T10:12:13.529+0000][7792][gc,age       ] GC(517) - age  12:       1744 bytes,    3597304 total
[2020-09-29T10:12:13.529+0000][7792][gc,age       ] GC(517) - age  13:       2336 bytes,    3599640 total
[2020-09-29T10:12:13.529+0000][7792][gc,age       ] GC(517) - age  14:       7248 bytes,    3606888 total
[2020-09-29T10:12:13.529+0000][7792][gc,age       ] GC(517) - age  15:     265472 bytes,    3872360 total
[2020-09-29T10:12:13.529+0000][7792][gc,phases    ] GC(517)   Pre Evacuate Collection Set: 0.4ms
[2020-09-29T10:12:13.529+0000][7792][gc,phases    ] GC(517)   Merge Heap Roots: 0.1ms
[2020-09-29T10:12:13.529+0000][7792][gc,phases    ] GC(517)   Evacuate Collection Set: 2.5ms
[2020-09-29T10:12:13.529+0000][7792][gc,phases    ] GC(517)   Post Evacuate Collection Set: 1.0ms
[2020-09-29T10:12:13.529+0000][7792][gc,phases    ] GC(517)   Other: 1.1ms
[2020-09-29T10:12:13.529+0000][7792][gc,heap      ] GC(517) Eden regions: 95->0(497)
[2020-09-29T10:12:13.529+0000][7792][gc,heap      ] GC(517) Survivor regions: 4->4(63)
[2020-09-29T10:12:13.529+0000][7792][gc,heap      ] GC(517) Old regions: 83->83
[2020-09-29T10:12:13.529+0000][7792][gc,heap      ] GC(517) Archive regions: 0->0
[2020-09-29T10:12:13.529+0000][7792][gc,heap      ] GC(517) Humongous regions: 426->174
[2020-09-29T10:12:13.529+0000][7792][gc,metaspace ] GC(517) Metaspace: 90329K(96384K)->90329K(96384K) NonClass: 79037K(82688K)->79037K(82688K) Class: 11292K(13696K)->11292K(13696K)
[2020-09-29T10:12:13.529+0000][7792][gc           ] GC(517) Pause Young (Concurrent Start) (G1 Humongous Allocation) 605M->260M(1024M) 5.612ms
[2020-09-29T10:12:13.529+0000][7792][gc,cpu       ] GC(517) User=0.00s Sys=0.00s Real=0.01s
[2020-09-29T10:12:13.530+0000][7792][gc           ] GC(518) Concurrent Cycle
[2020-09-29T10:12:13.530+0000][7792][gc,marking   ] GC(518) Concurrent Clear Claimed Marks
[2020-09-29T10:12:13.530+0000][7792][safepoint    ] Safepoint "G1TryInitiateConcMark", Time since last: 24767200 ns, Reaching safepoint: 5192700 ns, At safepoint: 6244700 ns, Total: 11437400 ns
[2020-09-29T10:12:13.530+0000][7792][gc,marking   ] GC(518) Concurrent Clear Claimed Marks 0.317ms
[2020-09-29T10:12:13.530+0000][7792][gc,marking   ] GC(518) Concurrent Scan Root Regions
[2020-09-29T10:12:13.533+0000][7792][gc,marking   ] GC(518) Concurrent Scan Root Regions 2.886ms
[2020-09-29T10:12:13.533+0000][7792][gc,marking   ] GC(518) Concurrent Mark (996.635s)
[2020-09-29T10:12:13.533+0000][7792][gc,marking   ] GC(518) Concurrent Mark From Roots
[2020-09-29T10:12:13.533+0000][7792][gc,task      ] GC(518) Using 2 workers of 2 for marking
[2020-09-29T10:12:13.707+0000][7792][gc,marking   ] GC(518) Concurrent Mark From Roots 173.800ms
[2020-09-29T10:12:13.707+0000][7792][gc,marking   ] GC(518) Concurrent Preclean
[2020-09-29T10:12:13.708+0000][7792][gc,marking   ] GC(518) Concurrent Preclean 0.709ms
[2020-09-29T10:12:13.708+0000][7792][gc,marking   ] GC(518) Concurrent Mark (996.635s, 996.810s) 174.704ms
[2020-09-29T10:12:13.708+0000][7792][gc,start     ] GC(518) Pause Remark
[2020-09-29T10:12:13.716+0000][7792][gc           ] GC(518) Pause Remark 394M->394M(1024M) 7.756ms
[2020-09-29T10:12:13.716+0000][7792][gc,cpu       ] GC(518) User=0.00s Sys=0.00s Real=0.01s
[2020-09-29T10:12:13.716+0000][7792][safepoint    ] Safepoint "G1Concurrent", Time since last: 177900900 ns, Reaching safepoint: 523700 ns, At safepoint: 8054700 ns, Total: 8578400 ns
[2020-09-29T10:12:13.717+0000][7792][gc,marking   ] GC(518) Concurrent Rebuild Remembered Sets
[2020-09-29T10:12:13.815+0000][7792][gc,marking   ] GC(518) Concurrent Rebuild Remembered Sets 98.487ms
[2020-09-29T10:12:13.816+0000][7792][gc,start     ] GC(518) Pause Cleanup
[2020-09-29T10:12:13.817+0000][7792][gc           ] GC(518) Pause Cleanup 465M->465M(1024M) 0.483ms
[2020-09-29T10:12:13.817+0000][7792][gc,cpu       ] GC(518) User=0.00s Sys=0.00s Real=0.00s
[2020-09-29T10:12:13.817+0000][7792][safepoint    ] Safepoint "G1Concurrent", Time since last: 98761100 ns, Reaching safepoint: 1104600 ns, At safepoint: 744300 ns, Total: 1848900 ns
[2020-09-29T10:12:13.817+0000][7792][gc,marking   ] GC(518) Concurrent Cleanup for Next Mark
[2020-09-29T10:12:13.819+0000][7792][gc,marking   ] GC(518) Concurrent Cleanup for Next Mark 1.807ms
[2020-09-29T10:12:13.819+0000][7792][gc           ] GC(518) Concurrent Cycle 289.603ms
[2020-09-29T10:12:13.874+0000][7792][gc,start     ] GC(519) Pause Young (Concurrent Start) (G1 Humongous Allocation)
[2020-09-29T10:12:13.874+0000][7792][gc,task      ] GC(519) Using 8 workers of 8 for evacuation
[2020-09-29T10:12:13.874+0000][7792][gc,age       ] GC(519) Desired survivor size 33030144 bytes, new threshold 15 (max threshold 15)
[2020-09-29T10:12:13.879+0000][7792][gc,age       ] GC(519) Age table with threshold 15 (max threshold 15)
[2020-09-29T10:12:13.879+0000][7792][gc,age       ] GC(519) - age   1:    3344248 bytes,    3344248 total
[2020-09-29T10:12:13.879+0000][7792][gc,age       ] GC(519) - age   2:     613320 bytes,    3957568 total
[2020-09-29T10:12:13.879+0000][7792][gc,age       ] GC(519) - age   3:       1784 bytes,    3959352 total
[2020-09-29T10:12:13.879+0000][7792][gc,age       ] GC(519) - age   4:      10304 bytes,    3969656 total
[2020-09-29T10:12:13.879+0000][7792][gc,age       ] GC(519) - age   5:      11504 bytes,    3981160 total
[2020-09-29T10:12:13.879+0000][7792][gc,age       ] GC(519) - age   6:       9216 bytes,    3990376 total
[2020-09-29T10:12:13.879+0000][7792][gc,age       ] GC(519) - age   7:       1240 bytes,    3991616 total
[2020-09-29T10:12:13.879+0000][7792][gc,age       ] GC(519) - age   8:        808 bytes,    3992424 total
[2020-09-29T10:12:13.879+0000][7792][gc,age       ] GC(519) - age   9:        736 bytes,    3993160 total
[2020-09-29T10:12:13.879+0000][7792][gc,age       ] GC(519) - age  10:        856 bytes,    3994016 total
[2020-09-29T10:12:13.879+0000][7792][gc,age       ] GC(519) - age  11:        480 bytes,    3994496 total
[2020-09-29T10:12:13.879+0000][7792][gc,age       ] GC(519) - age  12:        952 bytes,    3995448 total
[2020-09-29T10:12:13.879+0000][7792][gc,age       ] GC(519) - age  13:       1744 bytes,    3997192 total
[2020-09-29T10:12:13.879+0000][7792][gc,age       ] GC(519) - age  14:       2336 bytes,    3999528 total
[2020-09-29T10:12:13.879+0000][7792][gc,age       ] GC(519) - age  15:       7248 bytes,    4006776 total
[2020-09-29T10:12:13.879+0000][7792][gc,phases    ] GC(519)   Pre Evacuate Collection Set: 0.5ms
[2020-09-29T10:12:13.879+0000][7792][gc,phases    ] GC(519)   Merge Heap Roots: 0.1ms
[2020-09-29T10:12:13.880+0000][7792][gc,phases    ] GC(519)   Evacuate Collection Set: 2.8ms
[2020-09-29T10:12:13.880+0000][7792][gc,phases    ] GC(519)   Post Evacuate Collection Set: 1.1ms
[2020-09-29T10:12:13.880+0000][7792][gc,phases    ] GC(519)   Other: 1.3ms
[2020-09-29T10:12:13.880+0000][7792][gc,heap      ] GC(519) Eden regions: 60->0(496)
[2020-09-29T10:12:13.880+0000][7792][gc,heap      ] GC(519) Survivor regions: 4->4(63)
[2020-09-29T10:12:13.880+0000][7792][gc,heap      ] GC(519) Old regions: 83->83
[2020-09-29T10:12:13.880+0000][7792][gc,heap      ] GC(519) Archive regions: 0->0
[2020-09-29T10:12:13.880+0000][7792][gc,heap      ] GC(519) Humongous regions: 330->174
[2020-09-29T10:12:13.880+0000][7792][gc,metaspace ] GC(519) Metaspace: 90329K(96384K)->90329K(96384K) NonClass: 79037K(82688K)->79037K(82688K) Class: 11292K(13696K)->11292K(13696K)
[2020-09-29T10:12:13.880+0000][7792][gc           ] GC(519) Pause Young (Concurrent Start) (G1 Humongous Allocation) 475M->260M(1024M) 6.102ms
[2020-09-29T10:12:13.880+0000][7792][gc,cpu       ] GC(519) User=0.00s Sys=0.00s Real=0.01s
[2020-09-29T10:12:13.880+0000][7792][gc           ] GC(520) Concurrent Cycle
[2020-09-29T10:12:13.880+0000][7792][safepoint    ] Safepoint "G1TryInitiateConcMark", Time since last: 56555400 ns, Reaching safepoint: 190900 ns, At safepoint: 6328500 ns, Total: 6519400 ns
[2020-09-29T10:12:13.880+0000][7792][gc,marking   ] GC(520) Concurrent Clear Claimed Marks
[2020-09-29T10:12:13.881+0000][7792][gc,marking   ] GC(520) Concurrent Clear Claimed Marks 0.468ms
[2020-09-29T10:12:13.881+0000][7792][gc,marking   ] GC(520) Concurrent Scan Root Regions
[2020-09-29T10:12:13.884+0000][7792][gc,marking   ] GC(520) Concurrent Scan Root Regions 3.312ms
[2020-09-29T10:12:13.884+0000][7792][gc,marking   ] GC(520) Concurrent Mark (996.986s)
[2020-09-29T10:12:13.884+0000][7792][gc,marking   ] GC(520) Concurrent Mark From Roots
[2020-09-29T10:12:13.884+0000][7792][gc,task      ] GC(520) Using 2 workers of 2 for marking
[2020-09-29T10:12:14.056+0000][7792][gc,marking   ] GC(520) Concurrent Mark From Roots 172.122ms
[2020-09-29T10:12:14.056+0000][7792][gc,marking   ] GC(520) Concurrent Preclean
[2020-09-29T10:12:14.057+0000][7792][gc,marking   ] GC(520) Concurrent Preclean 0.660ms
[2020-09-29T10:12:14.057+0000][7792][gc,marking   ] GC(520) Concurrent Mark (996.986s, 997.159s) 172.979ms
[2020-09-29T10:12:14.057+0000][7792][gc,start     ] GC(520) Pause Remark
[2020-09-29T10:12:14.065+0000][7792][gc           ] GC(520) Pause Remark 399M->399M(1024M) 7.874ms
[2020-09-29T10:12:14.065+0000][7792][gc,cpu       ] GC(520) User=0.11s Sys=0.00s Real=0.01s
[2020-09-29T10:12:14.066+0000][7792][safepoint    ] Safepoint "G1Concurrent", Time since last: 177103900 ns, Reaching safepoint: 178100 ns, At safepoint: 8149800 ns, Total: 8327900 ns
[2020-09-29T10:12:14.066+0000][7792][gc,marking   ] GC(520) Concurrent Rebuild Remembered Sets
[2020-09-29T10:12:14.164+0000][7792][gc,marking   ] GC(520) Concurrent Rebuild Remembered Sets 98.291ms
[2020-09-29T10:12:14.164+0000][7792][gc,start     ] GC(520) Pause Cleanup
[2020-09-29T10:12:14.165+0000][7792][gc           ] GC(520) Pause Cleanup 467M->467M(1024M) 0.414ms
[2020-09-29T10:12:14.165+0000][7792][gc,cpu       ] GC(520) User=0.00s Sys=0.00s Real=0.00s
[2020-09-29T10:12:14.166+0000][7792][safepoint    ] Safepoint "G1Concurrent", Time since last: 98506300 ns, Reaching safepoint: 184000 ns, At safepoint: 1919500 ns, Total: 2103500 ns
[2020-09-29T10:12:14.166+0000][7792][gc,marking   ] GC(520) Concurrent Cleanup for Next Mark
[2020-09-29T10:12:14.168+0000][7792][gc,marking   ] GC(520) Concurrent Cleanup for Next Mark 1.823ms
[2020-09-29T10:12:14.168+0000][7792][gc           ] GC(520) Concurrent Cycle 288.159ms
[2020-09-29T10:12:14.208+0000][7792][gc,start     ] GC(521) Pause Young (Concurrent Start) (G1 Humongous Allocation)
[2020-09-29T10:12:14.208+0000][7792][gc,task      ] GC(521) Using 8 workers of 8 for evacuation
[2020-09-29T10:12:14.208+0000][7792][gc,age       ] GC(521) Desired survivor size 33030144 bytes, new threshold 15 (max threshold 15)
[2020-09-29T10:12:14.214+0000][7792][gc,age       ] GC(521) Age table with threshold 15 (max threshold 15)
[2020-09-29T10:12:14.215+0000][7792][gc,age       ] GC(521) - age   1:   13418408 bytes,   13418408 total
[2020-09-29T10:12:14.215+0000][7792][gc,age       ] GC(521) - age   2:       3200 bytes,   13421608 total
[2020-09-29T10:12:14.215+0000][7792][gc,age       ] GC(521) - age   3:      11856 bytes,   13433464 total
[2020-09-29T10:12:14.215+0000][7792][gc,age       ] GC(521) - age   4:        760 bytes,   13434224 total
[2020-09-29T10:12:14.215+0000][7792][gc,age       ] GC(521) - age   5:      10208 bytes,   13444432 total
[2020-09-29T10:12:14.215+0000][7792][gc,age       ] GC(521) - age   6:      11504 bytes,   13455936 total
[2020-09-29T10:12:14.215+0000][7792][gc,age       ] GC(521) - age   7:       8800 bytes,   13464736 total
[2020-09-29T10:12:14.215+0000][7792][gc,age       ] GC(521) - age   8:       1240 bytes,   13465976 total
[2020-09-29T10:12:14.215+0000][7792][gc,age       ] GC(521) - age   9:        808 bytes,   13466784 total
[2020-09-29T10:12:14.215+0000][7792][gc,age       ] GC(521) - age  10:        736 bytes,   13467520 total
[2020-09-29T10:12:14.215+0000][7792][gc,age       ] GC(521) - age  11:        856 bytes,   13468376 total
[2020-09-29T10:12:14.215+0000][7792][gc,age       ] GC(521) - age  12:        480 bytes,   13468856 total
[2020-09-29T10:12:14.215+0000][7792][gc,age       ] GC(521) - age  13:        952 bytes,   13469808 total
[2020-09-29T10:12:14.215+0000][7792][gc,age       ] GC(521) - age  14:       1744 bytes,   13471552 total
[2020-09-29T10:12:14.215+0000][7792][gc,age       ] GC(521) - age  15:       2336 bytes,   13473888 total
[2020-09-29T10:12:14.215+0000][7792][gc,phases    ] GC(521)   Pre Evacuate Collection Set: 0.5ms
[2020-09-29T10:12:14.215+0000][7792][gc,phases    ] GC(521)   Merge Heap Roots: 0.1ms
[2020-09-29T10:12:14.215+0000][7792][gc,phases    ] GC(521)   Evacuate Collection Set: 4.2ms
[2020-09-29T10:12:14.215+0000][7792][gc,phases    ] GC(521)   Post Evacuate Collection Set: 1.0ms
[2020-09-29T10:12:14.216+0000][7792][gc,phases    ] GC(521)   Other: 1.4ms
[2020-09-29T10:12:14.216+0000][7792][gc,heap      ] GC(521) Eden regions: 78->0(477)
[2020-09-29T10:12:14.216+0000][7792][gc,heap      ] GC(521) Survivor regions: 4->14(63)
[2020-09-29T10:12:14.216+0000][7792][gc,heap      ] GC(521) Old regions: 83->83
[2020-09-29T10:12:14.216+0000][7792][gc,heap      ] GC(521) Archive regions: 0->0
[2020-09-29T10:12:14.216+0000][7792][gc,heap      ] GC(521) Humongous regions: 326->174
[2020-09-29T10:12:14.216+0000][7792][gc,metaspace ] GC(521) Metaspace: 90334K(96384K)->90334K(96384K) NonClass: 79042K(82688K)->79042K(82688K) Class: 11292K(13696K)->11292K(13696K)
[2020-09-29T10:12:14.216+0000][7792][gc           ] GC(521) Pause Young (Concurrent Start) (G1 Humongous Allocation) 490M->269M(1024M) 7.809ms
[2020-09-29T10:12:14.216+0000][7792][gc,cpu       ] GC(521) User=0.00s Sys=0.00s Real=0.01s
[2020-09-29T10:12:14.216+0000][7792][gc           ] GC(522) Concurrent Cycle
[2020-09-29T10:12:14.216+0000][7792][safepoint    ] Safepoint "G1TryInitiateConcMark", Time since last: 41753200 ns, Reaching safepoint: 207300 ns, At safepoint: 8126800 ns, Total: 8334100 ns
[2020-09-29T10:12:14.216+0000][7792][gc,marking   ] GC(522) Concurrent Clear Claimed Marks
[2020-09-29T10:12:14.217+0000][7792][gc,marking   ] GC(522) Concurrent Clear Claimed Marks 0.618ms
[2020-09-29T10:12:14.217+0000][7792][gc,marking   ] GC(522) Concurrent Scan Root Regions
[2020-09-29T10:12:14.220+0000][7792][gc,marking   ] GC(522) Concurrent Scan Root Regions 2.560ms
[2020-09-29T10:12:14.220+0000][7792][gc,marking   ] GC(522) Concurrent Mark (997.322s)
[2020-09-29T10:12:14.220+0000][7792][gc,marking   ] GC(522) Concurrent Mark From Roots
[2020-09-29T10:12:14.220+0000][7792][gc,task      ] GC(522) Using 2 workers of 2 for marking
[2020-09-29T10:12:14.397+0000][7792][gc,marking   ] GC(522) Concurrent Mark From Roots 177.441ms
[2020-09-29T10:12:14.397+0000][7792][gc,marking   ] GC(522) Concurrent Preclean
[2020-09-29T10:12:14.398+0000][7792][gc,marking   ] GC(522) Concurrent Preclean 0.671ms
[2020-09-29T10:12:14.398+0000][7792][gc,marking   ] GC(522) Concurrent Mark (997.322s, 997.500s) 178.295ms
[2020-09-29T10:12:14.398+0000][7792][gc,start     ] GC(522) Pause Remark
[2020-09-29T10:12:14.406+0000][7792][gc           ] GC(522) Pause Remark 597M->597M(1024M) 7.783ms
[2020-09-29T10:12:14.406+0000][7792][gc,cpu       ] GC(522) User=0.09s Sys=0.00s Real=0.01s
[2020-09-29T10:12:14.406+0000][7792][safepoint    ] Safepoint "G1Concurrent", Time since last: 181800900 ns, Reaching safepoint: 205600 ns, At safepoint: 8017400 ns, Total: 8223000 ns
[2020-09-29T10:12:14.406+0000][7792][gc,marking   ] GC(522) Concurrent Rebuild Remembered Sets
[2020-09-29T10:12:14.505+0000][7792][gc,marking   ] GC(522) Concurrent Rebuild Remembered Sets 97.730ms
[2020-09-29T10:12:14.505+0000][7792][gc,start     ] GC(522) Pause Cleanup
[2020-09-29T10:12:14.506+0000][7792][gc           ] GC(522) Pause Cleanup 828M->828M(1024M) 0.464ms
[2020-09-29T10:12:14.506+0000][7792][gc,cpu       ] GC(522) User=0.00s Sys=0.00s Real=0.00s
[2020-09-29T10:12:14.507+0000][7792][safepoint    ] Safepoint "G1Concurrent", Time since last: 98000800 ns, Reaching safepoint: 306100 ns, At safepoint: 2319600 ns, Total: 2625700 ns
[2020-09-29T10:12:14.507+0000][7792][gc,marking   ] GC(522) Concurrent Cleanup for Next Mark
[2020-09-29T10:12:14.510+0000][7792][gc,marking   ] GC(522) Concurrent Cleanup for Next Mark 2.115ms
[2020-09-29T10:12:14.510+0000][7792][gc           ] GC(522) Concurrent Cycle 293.077ms
[2020-09-29T10:12:14.510+0000][7792][gc,start     ] GC(523) Pause Young (Concurrent Start) (G1 Humongous Allocation)
[2020-09-29T10:12:14.510+0000][7792][gc,task      ] GC(523) Using 8 workers of 8 for evacuation
[2020-09-29T10:12:14.510+0000][7792][gc,age       ] GC(523) Desired survivor size 32505856 bytes, new threshold 15 (max threshold 15)
[2020-09-29T10:12:14.515+0000][7792][gc,age       ] GC(523) Age table with threshold 15 (max threshold 15)
[2020-09-29T10:12:14.515+0000][7792][gc,age       ] GC(523) - age   1:    6069672 bytes,    6069672 total
[2020-09-29T10:12:14.515+0000][7792][gc,age       ] GC(523) - age   2:      12400 bytes,    6082072 total
[2020-09-29T10:12:14.515+0000][7792][gc,age       ] GC(523) - age   3:       2920 bytes,    6084992 total
[2020-09-29T10:12:14.515+0000][7792][gc,age       ] GC(523) - age   4:      10768 bytes,    6095760 total
[2020-09-29T10:12:14.515+0000][7792][gc,age       ] GC(523) - age   5:        760 bytes,    6096520 total
[2020-09-29T10:12:14.515+0000][7792][gc,age       ] GC(523) - age   6:      10208 bytes,    6106728 total
[2020-09-29T10:12:14.515+0000][7792][gc,age       ] GC(523) - age   7:      11408 bytes,    6118136 total
[2020-09-29T10:12:14.515+0000][7792][gc,age       ] GC(523) - age   8:       8704 bytes,    6126840 total
[2020-09-29T10:12:14.515+0000][7792][gc,age       ] GC(523) - age   9:       1240 bytes,    6128080 total
[2020-09-29T10:12:14.515+0000][7792][gc,age       ] GC(523) - age  10:        744 bytes,    6128824 total
[2020-09-29T10:12:14.515+0000][7792][gc,age       ] GC(523) - age  11:        736 bytes,    6129560 total
[2020-09-29T10:12:14.515+0000][7792][gc,age       ] GC(523) - age  12:        760 bytes,    6130320 total
[2020-09-29T10:12:14.515+0000][7792][gc,age       ] GC(523) - age  13:        448 bytes,    6130768 total
[2020-09-29T10:12:14.515+0000][7792][gc,age       ] GC(523) - age  14:        952 bytes,    6131720 total
[2020-09-29T10:12:14.515+0000][7792][gc,age       ] GC(523) - age  15:       1744 bytes,    6133464 total
[2020-09-29T10:12:14.515+0000][7792][gc,phases    ] GC(523)   Pre Evacuate Collection Set: 0.4ms
[2020-09-29T10:12:14.515+0000][7792][gc,phases    ] GC(523)   Merge Heap Roots: 0.1ms
[2020-09-29T10:12:14.515+0000][7792][gc,phases    ] GC(523)   Evacuate Collection Set: 2.6ms
[2020-09-29T10:12:14.515+0000][7792][gc,phases    ] GC(523)   Post Evacuate Collection Set: 1.1ms
[2020-09-29T10:12:14.515+0000][7792][gc,phases    ] GC(523)   Other: 1.0ms
[2020-09-29T10:12:14.515+0000][7792][gc,heap      ] GC(523) Eden regions: 115->0(481)
[2020-09-29T10:12:14.515+0000][7792][gc,heap      ] GC(523) Survivor regions: 14->7(62)
[2020-09-29T10:12:14.515+0000][7792][gc,heap      ] GC(523) Old regions: 83->83
[2020-09-29T10:12:14.515+0000][7792][gc,heap      ] GC(523) Archive regions: 0->0
[2020-09-29T10:12:14.516+0000][7792][gc,heap      ] GC(523) Humongous regions: 623->174
[2020-09-29T10:12:14.516+0000][7792][gc,metaspace ] GC(523) Metaspace: 90334K(96384K)->90334K(96384K) NonClass: 79042K(82688K)->79042K(82688K) Class: 11292K(13696K)->11292K(13696K)
[2020-09-29T10:12:14.516+0000][7792][gc           ] GC(523) Pause Young (Concurrent Start) (G1 Humongous Allocation) 833M->263M(1024M) 5.527ms
[2020-09-29T10:12:14.516+0000][7792][gc,cpu       ] GC(523) User=0.02s Sys=0.00s Real=0.01s
[2020-09-29T10:12:14.516+0000][7792][gc           ] GC(524) Concurrent Cycle
[2020-09-29T10:12:14.516+0000][7792][gc,marking   ] GC(524) Concurrent Clear Claimed Marks
[2020-09-29T10:12:14.516+0000][7792][safepoint    ] Safepoint "G1TryInitiateConcMark", Time since last: 2446300 ns, Reaching safepoint: 218200 ns, At safepoint: 6102400 ns, Total: 6320600 ns
[2020-09-29T10:12:14.516+0000][7792][gc,marking   ] GC(524) Concurrent Clear Claimed Marks 0.339ms
[2020-09-29T10:12:14.516+0000][7792][gc,marking   ] GC(524) Concurrent Scan Root Regions
[2020-09-29T10:12:14.518+0000][7792][gc,marking   ] GC(524) Concurrent Scan Root Regions 1.994ms
[2020-09-29T10:12:14.518+0000][7792][gc,marking   ] GC(524) Concurrent Mark (997.620s)
[2020-09-29T10:12:14.518+0000][7792][gc,marking   ] GC(524) Concurrent Mark From Roots
[2020-09-29T10:12:14.518+0000][7792][gc,task      ] GC(524) Using 2 workers of 2 for marking
[2020-09-29T10:12:14.697+0000][7792][gc,marking   ] GC(524) Concurrent Mark From Roots 178.230ms
[2020-09-29T10:12:14.697+0000][7792][gc,marking   ] GC(524) Concurrent Preclean
[2020-09-29T10:12:14.697+0000][7792][gc,marking   ] GC(524) Concurrent Preclean 0.678ms
[2020-09-29T10:12:14.697+0000][7792][gc,marking   ] GC(524) Concurrent Mark (997.620s, 997.799s) 179.105ms
[2020-09-29T10:12:14.699+0000][7792][gc,start     ] GC(524) Pause Remark
[2020-09-29T10:12:14.707+0000][7792][gc           ] GC(524) Pause Remark 504M->504M(1024M) 7.992ms
[2020-09-29T10:12:14.707+0000][7792][gc,cpu       ] GC(524) User=0.11s Sys=0.00s Real=0.01s
[2020-09-29T10:12:14.708+0000][7792][safepoint    ] Safepoint "G1Concurrent", Time since last: 181408200 ns, Reaching safepoint: 1021700 ns, At safepoint: 9004000 ns, Total: 10025700 ns
[2020-09-29T10:12:14.708+0000][7792][gc,marking   ] GC(524) Concurrent Rebuild Remembered Sets
[2020-09-29T10:12:14.813+0000][7792][gc,marking   ] GC(524) Concurrent Rebuild Remembered Sets 106.210ms
[2020-09-29T10:12:14.814+0000][7792][gc,start     ] GC(524) Pause Cleanup
[2020-09-29T10:12:14.815+0000][7792][gc           ] GC(524) Pause Cleanup 710M->710M(1024M) 0.437ms
[2020-09-29T10:12:14.815+0000][7792][gc,cpu       ] GC(524) User=0.00s Sys=0.00s Real=0.00s
[2020-09-29T10:12:14.815+0000][7792][safepoint    ] Safepoint "G1Concurrent", Time since last: 106416000 ns, Reaching safepoint: 729900 ns, At safepoint: 794800 ns, Total: 1524700 ns
[2020-09-29T10:12:14.815+0000][7792][gc,marking   ] GC(524) Concurrent Cleanup for Next Mark
[2020-09-29T10:12:14.817+0000][7792][gc,marking   ] GC(524) Concurrent Cleanup for Next Mark 1.709ms
[2020-09-29T10:12:14.817+0000][7792][gc           ] GC(524) Concurrent Cycle 301.674ms
[2020-09-29T10:12:14.882+0000][7792][gc,start     ] GC(525) Pause Young (Concurrent Start) (G1 Humongous Allocation)
[2020-09-29T10:12:14.882+0000][7792][gc,task      ] GC(525) Using 8 workers of 8 for evacuation
[2020-09-29T10:12:14.882+0000][7792][gc,age       ] GC(525) Desired survivor size 31981568 bytes, new threshold 15 (max threshold 15)
[2020-09-29T10:12:14.887+0000][7792][gc,age       ] GC(525) Age table with threshold 15 (max threshold 15)
[2020-09-29T10:12:14.887+0000][7792][gc,age       ] GC(525) - age   1:    3913200 bytes,    3913200 total
[2020-09-29T10:12:14.887+0000][7792][gc,age       ] GC(525) - age   2:       2208 bytes,    3915408 total
[2020-09-29T10:12:14.887+0000][7792][gc,age       ] GC(525) - age   3:      11528 bytes,    3926936 total
[2020-09-29T10:12:14.887+0000][7792][gc,age       ] GC(525) - age   4:       1648 bytes,    3928584 total
[2020-09-29T10:12:14.887+0000][7792][gc,age       ] GC(525) - age   5:      10768 bytes,    3939352 total
[2020-09-29T10:12:14.887+0000][7792][gc,age       ] GC(525) - age   6:        760 bytes,    3940112 total
[2020-09-29T10:12:14.887+0000][7792][gc,age       ] GC(525) - age   7:      10144 bytes,    3950256 total
[2020-09-29T10:12:14.887+0000][7792][gc,age       ] GC(525) - age   8:      11344 bytes,    3961600 total
[2020-09-29T10:12:14.887+0000][7792][gc,age       ] GC(525) - age   9:       8608 bytes,    3970208 total
[2020-09-29T10:12:14.887+0000][7792][gc,age       ] GC(525) - age  10:       1240 bytes,    3971448 total
[2020-09-29T10:12:14.887+0000][7792][gc,age       ] GC(525) - age  11:        744 bytes,    3972192 total
[2020-09-29T10:12:14.887+0000][7792][gc,age       ] GC(525) - age  12:        736 bytes,    3972928 total
[2020-09-29T10:12:14.887+0000][7792][gc,age       ] GC(525) - age  13:        760 bytes,    3973688 total
[2020-09-29T10:12:14.887+0000][7792][gc,age       ] GC(525) - age  14:        448 bytes,    3974136 total
[2020-09-29T10:12:14.887+0000][7792][gc,age       ] GC(525) - age  15:        952 bytes,    3975088 total
[2020-09-29T10:12:14.887+0000][7792][gc,phases    ] GC(525)   Pre Evacuate Collection Set: 0.5ms
[2020-09-29T10:12:14.887+0000][7792][gc,phases    ] GC(525)   Merge Heap Roots: 0.1ms
[2020-09-29T10:12:14.887+0000][7792][gc,phases    ] GC(525)   Evacuate Collection Set: 2.7ms
[2020-09-29T10:12:14.887+0000][7792][gc,phases    ] GC(525)   Post Evacuate Collection Set: 1.2ms
[2020-09-29T10:12:14.887+0000][7792][gc,phases    ] GC(525)   Other: 1.2ms
[2020-09-29T10:12:14.887+0000][7792][gc,heap      ] GC(525) Eden regions: 156->0(485)
[2020-09-29T10:12:14.888+0000][7792][gc,heap      ] GC(525) Survivor regions: 7->5(61)
[2020-09-29T10:12:14.888+0000][7792][gc,heap      ] GC(525) Old regions: 83->83
[2020-09-29T10:12:14.888+0000][7792][gc,heap      ] GC(525) Archive regions: 0->0
[2020-09-29T10:12:14.888+0000][7792][gc,heap      ] GC(525) Humongous regions: 487->174
[2020-09-29T10:12:14.888+0000][7792][gc,metaspace ] GC(525) Metaspace: 90334K(96384K)->90334K(96384K) NonClass: 79042K(82688K)->79042K(82688K) Class: 11292K(13696K)->11292K(13696K)
[2020-09-29T10:12:14.888+0000][7792][gc           ] GC(525) Pause Young (Concurrent Start) (G1 Humongous Allocation) 731M->261M(1024M) 6.111ms
[2020-09-29T10:12:14.888+0000][7792][gc,cpu       ] GC(525) User=0.00s Sys=0.00s Real=0.01s
[2020-09-29T10:12:14.888+0000][7792][gc           ] GC(526) Concurrent Cycle
[2020-09-29T10:12:14.888+0000][7792][safepoint    ] Safepoint "G1TryInitiateConcMark", Time since last: 66444500 ns, Reaching safepoint: 206300 ns, At safepoint: 6354800 ns, Total: 6561100 ns
[2020-09-29T10:12:14.888+0000][7792][gc,marking   ] GC(526) Concurrent Clear Claimed Marks
[2020-09-29T10:12:14.889+0000][7792][gc,marking   ] GC(526) Concurrent Clear Claimed Marks 0.552ms
[2020-09-29T10:12:14.889+0000][7792][gc,marking   ] GC(526) Concurrent Scan Root Regions
[2020-09-29T10:12:14.891+0000][7792][gc,marking   ] GC(526) Concurrent Scan Root Regions 2.712ms
[2020-09-29T10:12:14.891+0000][7792][gc,marking   ] GC(526) Concurrent Mark (997.994s)
[2020-09-29T10:12:14.891+0000][7792][gc,marking   ] GC(526) Concurrent Mark From Roots
[2020-09-29T10:12:14.892+0000][7792][gc,task      ] GC(526) Using 2 workers of 2 for marking
[2020-09-29T10:12:15.073+0000][7792][gc,marking   ] GC(526) Concurrent Mark From Roots 181.047ms
[2020-09-29T10:12:15.073+0000][7792][gc,marking   ] GC(526) Concurrent Preclean
[2020-09-29T10:12:15.073+0000][7792][gc,marking   ] GC(526) Concurrent Preclean 0.663ms
[2020-09-29T10:12:15.073+0000][7792][gc,marking   ] GC(526) Concurrent Mark (997.994s, 998.176s) 181.887ms
[2020-09-29T10:12:15.074+0000][7792][gc,start     ] GC(526) Pause Remark
[2020-09-29T10:12:15.082+0000][7792][gc           ] GC(526) Pause Remark 393M->393M(1024M) 8.402ms
[2020-09-29T10:12:15.082+0000][7792][gc,cpu       ] GC(526) User=0.11s Sys=0.00s Real=0.01s
[2020-09-29T10:12:15.082+0000][7792][safepoint    ] Safepoint "G1Concurrent", Time since last: 185464800 ns, Reaching safepoint: 183100 ns, At safepoint: 8663200 ns, Total: 8846300 ns
[2020-09-29T10:12:15.082+0000][7792][gc,marking   ] GC(526) Concurrent Rebuild Remembered Sets
[2020-09-29T10:12:15.190+0000][7792][gc,marking   ] GC(526) Concurrent Rebuild Remembered Sets 107.687ms
[2020-09-29T10:12:15.190+0000][7792][gc,start     ] GC(526) Pause Cleanup
[2020-09-29T10:12:15.191+0000][7792][gc           ] GC(526) Pause Cleanup 467M->467M(1024M) 0.508ms
[2020-09-29T10:12:15.191+0000][7792][gc,cpu       ] GC(526) User=0.00s Sys=0.00s Real=0.00s
[2020-09-29T10:12:15.191+0000][7792][safepoint    ] Safepoint "G1Concurrent", Time since last: 107896500 ns, Reaching safepoint: 197300 ns, At safepoint: 787100 ns, Total: 984400 ns
[2020-09-29T10:12:15.191+0000][7792][gc,marking   ] GC(526) Concurrent Cleanup for Next Mark
[2020-09-29T10:12:15.193+0000][7792][gc,marking   ] GC(526) Concurrent Cleanup for Next Mark 1.967ms
[2020-09-29T10:12:15.193+0000][7792][gc           ] GC(526) Concurrent Cycle 305.372ms
[2020-09-29T10:12:15.202+0000][7792][gc,start     ] GC(527) Pause Young (Concurrent Start) (G1 Humongous Allocation)
[2020-09-29T10:12:15.203+0000][7792][gc,task      ] GC(527) Using 8 workers of 8 for evacuation
[2020-09-29T10:12:15.203+0000][7792][gc,age       ] GC(527) Desired survivor size 32505856 bytes, new threshold 15 (max threshold 15)
[2020-09-29T10:12:15.206+0000][7792][gc,age       ] GC(527) Age table with threshold 15 (max threshold 15)
[2020-09-29T10:12:15.207+0000][7792][gc,age       ] GC(527) - age   1:    3527872 bytes,    3527872 total
[2020-09-29T10:12:15.207+0000][7792][gc,age       ] GC(527) - age   2:     409096 bytes,    3936968 total
[2020-09-29T10:12:15.207+0000][7792][gc,age       ] GC(527) - age   3:       1760 bytes,    3938728 total
[2020-09-29T10:12:15.207+0000][7792][gc,age       ] GC(527) - age   4:      11064 bytes,    3949792 total
[2020-09-29T10:12:15.207+0000][7792][gc,age       ] GC(527) - age   5:       1328 bytes,    3951120 total
[2020-09-29T10:12:15.207+0000][7792][gc,age       ] GC(527) - age   6:      10672 bytes,    3961792 total
[2020-09-29T10:12:15.207+0000][7792][gc,age       ] GC(527) - age   7:        760 bytes,    3962552 total
[2020-09-29T10:12:15.207+0000][7792][gc,age       ] GC(527) - age   8:      10112 bytes,    3972664 total
[2020-09-29T10:12:15.207+0000][7792][gc,age       ] GC(527) - age   9:      11344 bytes,    3984008 total
[2020-09-29T10:12:15.207+0000][7792][gc,age       ] GC(527) - age  10:       8480 bytes,    3992488 total
[2020-09-29T10:12:15.207+0000][7792][gc,age       ] GC(527) - age  11:       1240 bytes,    3993728 total
[2020-09-29T10:12:15.207+0000][7792][gc,age       ] GC(527) - age  12:        744 bytes,    3994472 total
[2020-09-29T10:12:15.207+0000][7792][gc,age       ] GC(527) - age  13:        736 bytes,    3995208 total
[2020-09-29T10:12:15.207+0000][7792][gc,age       ] GC(527) - age  14:        760 bytes,    3995968 total
[2020-09-29T10:12:15.207+0000][7792][gc,age       ] GC(527) - age  15:        448 bytes,    3996416 total
[2020-09-29T10:12:15.207+0000][7792][gc,phases    ] GC(527)   Pre Evacuate Collection Set: 0.5ms
[2020-09-29T10:12:15.207+0000][7792][gc,phases    ] GC(527)   Merge Heap Roots: 0.1ms
[2020-09-29T10:12:15.207+0000][7792][gc,phases    ] GC(527)   Evacuate Collection Set: 2.2ms
[2020-09-29T10:12:15.207+0000][7792][gc,phases    ] GC(527)   Post Evacuate Collection Set: 0.9ms
[2020-09-29T10:12:15.207+0000][7792][gc,phases    ] GC(527)   Other: 1.3ms
[2020-09-29T10:12:15.207+0000][7792][gc,heap      ] GC(527) Eden regions: 61->0(488)
[2020-09-29T10:12:15.208+0000][7792][gc,heap      ] GC(527) Survivor regions: 5->5(62)
[2020-09-29T10:12:15.208+0000][7792][gc,heap      ] GC(527) Old regions: 83->83
[2020-09-29T10:12:15.208+0000][7792][gc,heap      ] GC(527) Archive regions: 0->0
[2020-09-29T10:12:15.208+0000][7792][gc,heap      ] GC(527) Humongous regions: 324->174
[2020-09-29T10:12:15.208+0000][7792][gc,metaspace ] GC(527) Metaspace: 90334K(96384K)->90334K(96384K) NonClass: 79042K(82688K)->79042K(82688K) Class: 11292K(13696K)->11292K(13696K)
[2020-09-29T10:12:15.208+0000][7792][gc           ] GC(527) Pause Young (Concurrent Start) (G1 Humongous Allocation) 471M->261M(1024M) 5.296ms
[2020-09-29T10:12:15.208+0000][7792][gc,cpu       ] GC(527) User=0.00s Sys=0.00s Real=0.01s
[2020-09-29T10:12:15.208+0000][7792][gc           ] GC(528) Concurrent Cycle
[2020-09-29T10:12:15.208+0000][7792][safepoint    ] Safepoint "G1TryInitiateConcMark", Time since last: 11023800 ns, Reaching safepoint: 187500 ns, At safepoint: 5567000 ns, Total: 5754500 ns
[2020-09-29T10:12:15.208+0000][7792][gc,marking   ] GC(528) Concurrent Clear Claimed Marks
[2020-09-29T10:12:15.209+0000][7792][gc,marking   ] GC(528) Concurrent Clear Claimed Marks 0.532ms
[2020-09-29T10:12:15.209+0000][7792][gc,marking   ] GC(528) Concurrent Scan Root Regions
[2020-09-29T10:12:15.212+0000][7792][gc,marking   ] GC(528) Concurrent Scan Root Regions 2.954ms
[2020-09-29T10:12:15.212+0000][7792][gc,marking   ] GC(528) Concurrent Mark (998.314s)
[2020-09-29T10:12:15.212+0000][7792][gc,marking   ] GC(528) Concurrent Mark From Roots
[2020-09-29T10:12:15.212+0000][7792][gc,task      ] GC(528) Using 2 workers of 2 for marking
[2020-09-29T10:12:15.377+0000][7792][gc,marking   ] GC(528) Concurrent Mark From Roots 165.017ms
[2020-09-29T10:12:15.377+0000][7792][gc,marking   ] GC(528) Concurrent Preclean
[2020-09-29T10:12:15.378+0000][7792][gc,marking   ] GC(528) Concurrent Preclean 0.750ms
[2020-09-29T10:12:15.378+0000][7792][gc,marking   ] GC(528) Concurrent Mark (998.314s, 998.480s) 165.971ms
[2020-09-29T10:12:15.378+0000][7792][gc,start     ] GC(528) Pause Remark
[2020-09-29T10:12:15.386+0000][7792][gc           ] GC(528) Pause Remark 400M->400M(1024M) 7.552ms
[2020-09-29T10:12:15.386+0000][7792][gc,cpu       ] GC(528) User=0.00s Sys=0.00s Real=0.01s
[2020-09-29T10:12:15.386+0000][7792][safepoint    ] Safepoint "G1Concurrent", Time since last: 169842900 ns, Reaching safepoint: 165400 ns, At safepoint: 7825200 ns, Total: 7990600 ns
[2020-09-29T10:12:15.386+0000][7792][gc,marking   ] GC(528) Concurrent Rebuild Remembered Sets
[2020-09-29T10:12:15.487+0000][7792][gc,marking   ] GC(528) Concurrent Rebuild Remembered Sets 101.087ms
[2020-09-29T10:12:15.487+0000][7792][gc,start     ] GC(528) Pause Cleanup
[2020-09-29T10:12:15.488+0000][7792][gc           ] GC(528) Pause Cleanup 470M->470M(1024M) 0.398ms
[2020-09-29T10:12:15.488+0000][7792][gc,cpu       ] GC(528) User=0.00s Sys=0.00s Real=0.00s
[2020-09-29T10:12:15.488+0000][7792][safepoint    ] Safepoint "G1Concurrent", Time since last: 101289700 ns, Reaching safepoint: 166500 ns, At safepoint: 638500 ns, Total: 805000 ns
[2020-09-29T10:12:15.488+0000][7792][gc,marking   ] GC(528) Concurrent Cleanup for Next Mark
[2020-09-29T10:12:15.490+0000][7792][gc,marking   ] GC(528) Concurrent Cleanup for Next Mark 1.718ms
[2020-09-29T10:12:15.490+0000][7792][gc           ] GC(528) Concurrent Cycle 281.856ms
[2020-09-29T10:12:15.504+0000][7792][gc,start     ] GC(529) Pause Young (Concurrent Start) (G1 Humongous Allocation)
[2020-09-29T10:12:15.504+0000][7792][gc,task      ] GC(529) Using 8 workers of 8 for evacuation
[2020-09-29T10:12:15.504+0000][7792][gc,age       ] GC(529) Desired survivor size 32505856 bytes, new threshold 15 (max threshold 15)
[2020-09-29T10:12:15.509+0000][7792][gc,age       ] GC(529) Age table with threshold 15 (max threshold 15)
[2020-09-29T10:12:15.509+0000][7792][gc,age       ] GC(529) - age   1:    3057432 bytes,    3057432 total
[2020-09-29T10:12:15.509+0000][7792][gc,age       ] GC(529) - age   2:       3032 bytes,    3060464 total
[2020-09-29T10:12:15.509+0000][7792][gc,age       ] GC(529) - age   3:       4160 bytes,    3064624 total
[2020-09-29T10:12:15.509+0000][7792][gc,age       ] GC(529) - age   4:        816 bytes,    3065440 total
[2020-09-29T10:12:15.509+0000][7792][gc,age       ] GC(529) - age   5:      10648 bytes,    3076088 total
[2020-09-29T10:12:15.509+0000][7792][gc,age       ] GC(529) - age   6:        976 bytes,    3077064 total
[2020-09-29T10:12:15.509+0000][7792][gc,age       ] GC(529) - age   7:      10672 bytes,    3087736 total
[2020-09-29T10:12:15.509+0000][7792][gc,age       ] GC(529) - age   8:        760 bytes,    3088496 total
[2020-09-29T10:12:15.509+0000][7792][gc,age       ] GC(529) - age   9:      10080 bytes,    3098576 total
[2020-09-29T10:12:15.509+0000][7792][gc,age       ] GC(529) - age  10:      11344 bytes,    3109920 total
[2020-09-29T10:12:15.509+0000][7792][gc,age       ] GC(529) - age  11:       8416 bytes,    3118336 total
[2020-09-29T10:12:15.509+0000][7792][gc,age       ] GC(529) - age  12:       1208 bytes,    3119544 total
[2020-09-29T10:12:15.509+0000][7792][gc,age       ] GC(529) - age  13:        744 bytes,    3120288 total
[2020-09-29T10:12:15.509+0000][7792][gc,age       ] GC(529) - age  14:        736 bytes,    3121024 total
[2020-09-29T10:12:15.509+0000][7792][gc,age       ] GC(529) - age  15:        760 bytes,    3121784 total
[2020-09-29T10:12:15.510+0000][7792][gc,phases    ] GC(529)   Pre Evacuate Collection Set: 0.4ms
[2020-09-29T10:12:15.510+0000][7792][gc,phases    ] GC(529)   Merge Heap Roots: 0.1ms
[2020-09-29T10:12:15.510+0000][7792][gc,phases    ] GC(529)   Evacuate Collection Set: 2.6ms
[2020-09-29T10:12:15.510+0000][7792][gc,phases    ] GC(529)   Post Evacuate Collection Set: 1.0ms
[2020-09-29T10:12:15.510+0000][7792][gc,phases    ] GC(529)   Other: 1.2ms
[2020-09-29T10:12:15.510+0000][7792][gc,heap      ] GC(529) Eden regions: 67->0(491)
[2020-09-29T10:12:15.510+0000][7792][gc,heap      ] GC(529) Survivor regions: 5->4(62)
[2020-09-29T10:12:15.510+0000][7792][gc,heap      ] GC(529) Old regions: 83->83
[2020-09-29T10:12:15.510+0000][7792][gc,heap      ] GC(529) Archive regions: 0->0
[2020-09-29T10:12:15.510+0000][7792][gc,heap      ] GC(529) Humongous regions: 322->174
[2020-09-29T10:12:15.510+0000][7792][gc,metaspace ] GC(529) Metaspace: 90349K(96384K)->90349K(96384K) NonClass: 79057K(82688K)->79057K(82688K) Class: 11292K(13696K)->11292K(13696K)
[2020-09-29T10:12:15.510+0000][7792][gc           ] GC(529) Pause Young (Concurrent Start) (G1 Humongous Allocation) 475M->260M(1024M) 5.695ms
[2020-09-29T10:12:15.510+0000][7792][gc,cpu       ] GC(529) User=0.00s Sys=0.00s Real=0.01s
[2020-09-29T10:12:15.510+0000][7792][safepoint    ] Safepoint "G1TryInitiateConcMark", Time since last: 16245300 ns, Reaching safepoint: 154700 ns, At safepoint: 5901300 ns, Total: 6056000 ns
[2020-09-29T10:12:15.510+0000][7792][gc           ] GC(530) Concurrent Cycle
[2020-09-29T10:12:15.510+0000][7792][gc,marking   ] GC(530) Concurrent Clear Claimed Marks
[2020-09-29T10:12:15.511+0000][7792][gc,marking   ] GC(530) Concurrent Clear Claimed Marks 0.465ms
[2020-09-29T10:12:15.511+0000][7792][gc,marking   ] GC(530) Concurrent Scan Root Regions
[2020-09-29T10:12:15.513+0000][7792][gc,marking   ] GC(530) Concurrent Scan Root Regions 2.071ms
[2020-09-29T10:12:15.513+0000][7792][gc,marking   ] GC(530) Concurrent Mark (998.615s)
[2020-09-29T10:12:15.513+0000][7792][gc,marking   ] GC(530) Concurrent Mark From Roots
[2020-09-29T10:12:15.513+0000][7792][gc,task      ] GC(530) Using 2 workers of 2 for marking
[2020-09-29T10:12:15.693+0000][7792][gc,marking   ] GC(530) Concurrent Mark From Roots 179.936ms
[2020-09-29T10:12:15.693+0000][7792][gc,marking   ] GC(530) Concurrent Preclean
[2020-09-29T10:12:15.694+0000][7792][gc,marking   ] GC(530) Concurrent Preclean 0.818ms
[2020-09-29T10:12:15.694+0000][7792][gc,marking   ] GC(530) Concurrent Mark (998.615s, 998.796s) 181.011ms
[2020-09-29T10:12:15.697+0000][7792][gc,start     ] GC(530) Pause Remark
[2020-09-29T10:12:15.705+0000][7792][gc           ] GC(530) Pause Remark 589M->589M(1024M) 8.381ms
[2020-09-29T10:12:15.705+0000][7792][gc,cpu       ] GC(530) User=0.11s Sys=0.00s Real=0.01s
[2020-09-29T10:12:15.706+0000][7792][safepoint    ] Safepoint "G1Concurrent", Time since last: 184027200 ns, Reaching safepoint: 2516300 ns, At safepoint: 9098500 ns, Total: 11614800 ns
[2020-09-29T10:12:15.706+0000][7792][gc,marking   ] GC(530) Concurrent Rebuild Remembered Sets
[2020-09-29T10:12:15.812+0000][7792][gc,marking   ] GC(530) Concurrent Rebuild Remembered Sets 106.317ms
[2020-09-29T10:12:15.813+0000][7792][gc,start     ] GC(530) Pause Cleanup
[2020-09-29T10:12:15.813+0000][7792][gc           ] GC(530) Pause Cleanup 672M->672M(1024M) 0.444ms
[2020-09-29T10:12:15.813+0000][7792][gc,cpu       ] GC(530) User=0.00s Sys=0.00s Real=0.00s
[2020-09-29T10:12:15.813+0000][7792][safepoint    ] Safepoint "G1Concurrent", Time since last: 106535500 ns, Reaching safepoint: 241300 ns, At safepoint: 654500 ns, Total: 895800 ns
[2020-09-29T10:12:15.813+0000][7792][gc,marking   ] GC(530) Concurrent Cleanup for Next Mark
[2020-09-29T10:12:15.815+0000][7792][gc,marking   ] GC(530) Concurrent Cleanup for Next Mark 1.800ms
[2020-09-29T10:12:15.815+0000][7792][gc           ] GC(530) Concurrent Cycle 305.116ms
[2020-09-29T10:12:15.966+0000][7792][gc,start     ] GC(531) Pause Young (Concurrent Start) (G1 Humongous Allocation)
[2020-09-29T10:12:15.966+0000][7792][gc,task      ] GC(531) Using 8 workers of 8 for evacuation
[2020-09-29T10:12:15.966+0000][7792][gc,age       ] GC(531) Desired survivor size 32505856 bytes, new threshold 15 (max threshold 15)
[2020-09-29T10:12:15.972+0000][7792][gc,age       ] GC(531) Age table with threshold 15 (max threshold 15)
[2020-09-29T10:12:15.973+0000][7792][gc,age       ] GC(531) - age   1:   13977208 bytes,   13977208 total
[2020-09-29T10:12:15.973+0000][7792][gc,age       ] GC(531) - age   2:      14272 bytes,   13991480 total
[2020-09-29T10:12:15.973+0000][7792][gc,age       ] GC(531) - age   3:       1624 bytes,   13993104 total
[2020-09-29T10:12:15.973+0000][7792][gc,age       ] GC(531) - age   4:       2048 bytes,   13995152 total
[2020-09-29T10:12:15.973+0000][7792][gc,age       ] GC(531) - age   5:        816 bytes,   13995968 total
[2020-09-29T10:12:15.973+0000][7792][gc,age       ] GC(531) - age   6:      10584 bytes,   14006552 total
[2020-09-29T10:12:15.973+0000][7792][gc,age       ] GC(531) - age   7:        880 bytes,   14007432 total
[2020-09-29T10:12:15.973+0000][7792][gc,age       ] GC(531) - age   8:      10592 bytes,   14018024 total
[2020-09-29T10:12:15.973+0000][7792][gc,age       ] GC(531) - age   9:        728 bytes,   14018752 total
[2020-09-29T10:12:15.973+0000][7792][gc,age       ] GC(531) - age  10:      10080 bytes,   14028832 total
[2020-09-29T10:12:15.973+0000][7792][gc,age       ] GC(531) - age  11:      11312 bytes,   14040144 total
[2020-09-29T10:12:15.973+0000][7792][gc,age       ] GC(531) - age  12:       8288 bytes,   14048432 total
[2020-09-29T10:12:15.973+0000][7792][gc,age       ] GC(531) - age  13:       1208 bytes,   14049640 total
[2020-09-29T10:12:15.973+0000][7792][gc,age       ] GC(531) - age  14:        744 bytes,   14050384 total
[2020-09-29T10:12:15.973+0000][7792][gc,age       ] GC(531) - age  15:        544 bytes,   14050928 total
[2020-09-29T10:12:15.974+0000][7792][gc,phases    ] GC(531)   Pre Evacuate Collection Set: 0.4ms
[2020-09-29T10:12:15.974+0000][7792][gc,phases    ] GC(531)   Merge Heap Roots: 0.1ms
[2020-09-29T10:12:15.974+0000][7792][gc,phases    ] GC(531)   Evacuate Collection Set: 4.1ms
[2020-09-29T10:12:15.974+0000][7792][gc,phases    ] GC(531)   Post Evacuate Collection Set: 1.2ms
[2020-09-29T10:12:15.974+0000][7792][gc,phases    ] GC(531)   Other: 1.5ms
[2020-09-29T10:12:15.974+0000][7792][gc,heap      ] GC(531) Eden regions: 132->0(473)
[2020-09-29T10:12:15.974+0000][7792][gc,heap      ] GC(531) Survivor regions: 4->14(62)
[2020-09-29T10:12:15.974+0000][7792][gc,heap      ] GC(531) Old regions: 83->83
[2020-09-29T10:12:15.974+0000][7792][gc,heap      ] GC(531) Archive regions: 0->0
[2020-09-29T10:12:15.974+0000][7792][gc,heap      ] GC(531) Humongous regions: 478->174
[2020-09-29T10:12:15.974+0000][7792][gc,metaspace ] GC(531) Metaspace: 90363K(96384K)->90363K(96384K) NonClass: 79070K(82688K)->79070K(82688K) Class: 11292K(13696K)->11292K(13696K)
[2020-09-29T10:12:15.974+0000][7792][gc           ] GC(531) Pause Young (Concurrent Start) (G1 Humongous Allocation) 696M->270M(1024M) 8.022ms
[2020-09-29T10:12:15.974+0000][7792][gc,cpu       ] GC(531) User=0.11s Sys=0.00s Real=0.01s
[2020-09-29T10:12:15.974+0000][7792][gc           ] GC(532) Concurrent Cycle
[2020-09-29T10:12:15.975+0000][7792][gc,marking   ] GC(532) Concurrent Clear Claimed Marks
[2020-09-29T10:12:15.975+0000][7792][safepoint    ] Safepoint "G1TryInitiateConcMark", Time since last: 152767700 ns, Reaching safepoint: 233800 ns, At safepoint: 8435700 ns, Total: 8669500 ns
[2020-09-29T10:12:15.975+0000][7792][gc,marking   ] GC(532) Concurrent Clear Claimed Marks 0.347ms
[2020-09-29T10:12:15.975+0000][7792][gc,marking   ] GC(532) Concurrent Scan Root Regions
[2020-09-29T10:12:15.978+0000][7792][gc,marking   ] GC(532) Concurrent Scan Root Regions 2.536ms
[2020-09-29T10:12:15.978+0000][7792][gc,marking   ] GC(532) Concurrent Mark (999.080s)
[2020-09-29T10:12:15.978+0000][7792][gc,marking   ] GC(532) Concurrent Mark From Roots
[2020-09-29T10:12:15.978+0000][7792][gc,task      ] GC(532) Using 2 workers of 2 for marking
[2020-09-29T10:12:16.154+0000][7792][gc,marking   ] GC(532) Concurrent Mark From Roots 176.010ms
[2020-09-29T10:12:16.154+0000][7792][gc,marking   ] GC(532) Concurrent Preclean
[2020-09-29T10:12:16.154+0000][7792][gc,marking   ] GC(532) Concurrent Preclean 0.698ms
[2020-09-29T10:12:16.155+0000][7792][gc,marking   ] GC(532) Concurrent Mark (999.080s, 999.257s) 176.985ms
[2020-09-29T10:12:16.155+0000][7792][gc,start     ] GC(532) Pause Remark
[2020-09-29T10:12:16.163+0000][7792][gc           ] GC(532) Pause Remark 599M->599M(1024M) 7.853ms
[2020-09-29T10:12:16.163+0000][7792][gc,cpu       ] GC(532) User=0.00s Sys=0.00s Real=0.01s
[2020-09-29T10:12:16.164+0000][7792][safepoint    ] Safepoint "G1Concurrent", Time since last: 180007800 ns, Reaching safepoint: 408500 ns, At safepoint: 8971700 ns, Total: 9380200 ns
[2020-09-29T10:12:16.164+0000][7792][gc,marking   ] GC(532) Concurrent Rebuild Remembered Sets
[2020-09-29T10:12:16.268+0000][7792][gc,marking   ] GC(532) Concurrent Rebuild Remembered Sets 104.333ms
[2020-09-29T10:12:16.269+0000][7792][gc,start     ] GC(532) Pause Cleanup
[2020-09-29T10:12:16.269+0000][7792][gc           ] GC(532) Pause Cleanup 867M->867M(1024M) 0.559ms
[2020-09-29T10:12:16.270+0000][7792][gc,cpu       ] GC(532) User=0.00s Sys=0.00s Real=0.00s
[2020-09-29T10:12:16.270+0000][7792][safepoint    ] Safepoint "G1Concurrent", Time since last: 104584400 ns, Reaching safepoint: 206400 ns, At safepoint: 820200 ns, Total: 1026600 ns
[2020-09-29T10:12:16.270+0000][7792][gc,marking   ] GC(532) Concurrent Cleanup for Next Mark
[2020-09-29T10:12:16.272+0000][7792][gc,marking   ] GC(532) Concurrent Cleanup for Next Mark 1.775ms
[2020-09-29T10:12:16.272+0000][7792][gc           ] GC(532) Concurrent Cycle 297.175ms
[2020-09-29T10:12:16.275+0000][7792][gc,start     ] GC(533) Pause Young (Concurrent Start) (G1 Humongous Allocation)
[2020-09-29T10:12:16.275+0000][7792][gc,task      ] GC(533) Using 8 workers of 8 for evacuation
[2020-09-29T10:12:16.275+0000][7792][gc,age       ] GC(533) Desired survivor size 31981568 bytes, new threshold 15 (max threshold 15)
[2020-09-29T10:12:16.279+0000][7792][gc,age       ] GC(533) Age table with threshold 15 (max threshold 15)
[2020-09-29T10:12:16.279+0000][7792][gc,age       ] GC(533) - age   1:    4036648 bytes,    4036648 total
[2020-09-29T10:12:16.279+0000][7792][gc,age       ] GC(533) - age   2:      20704 bytes,    4057352 total
[2020-09-29T10:12:16.279+0000][7792][gc,age       ] GC(533) - age   3:      13832 bytes,    4071184 total
[2020-09-29T10:12:16.279+0000][7792][gc,age       ] GC(533) - age   4:       1456 bytes,    4072640 total
[2020-09-29T10:12:16.279+0000][7792][gc,age       ] GC(533) - age   5:       1984 bytes,    4074624 total
[2020-09-29T10:12:16.279+0000][7792][gc,age       ] GC(533) - age   6:        816 bytes,    4075440 total
[2020-09-29T10:12:16.279+0000][7792][gc,age       ] GC(533) - age   7:      10584 bytes,    4086024 total
[2020-09-29T10:12:16.279+0000][7792][gc,age       ] GC(533) - age   8:        848 bytes,    4086872 total
[2020-09-29T10:12:16.279+0000][7792][gc,age       ] GC(533) - age   9:      10592 bytes,    4097464 total
[2020-09-29T10:12:16.279+0000][7792][gc,age       ] GC(533) - age  10:        728 bytes,    4098192 total
[2020-09-29T10:12:16.279+0000][7792][gc,age       ] GC(533) - age  11:      10080 bytes,    4108272 total
[2020-09-29T10:12:16.279+0000][7792][gc,age       ] GC(533) - age  12:      11280 bytes,    4119552 total
[2020-09-29T10:12:16.279+0000][7792][gc,age       ] GC(533) - age  13:       8288 bytes,    4127840 total
[2020-09-29T10:12:16.279+0000][7792][gc,age       ] GC(533) - age  14:       1208 bytes,    4129048 total
[2020-09-29T10:12:16.279+0000][7792][gc,age       ] GC(533) - age  15:        744 bytes,    4129792 total
[2020-09-29T10:12:16.279+0000][7792][gc,phases    ] GC(533)   Pre Evacuate Collection Set: 0.4ms
[2020-09-29T10:12:16.279+0000][7792][gc,phases    ] GC(533)   Merge Heap Roots: 0.1ms
[2020-09-29T10:12:16.279+0000][7792][gc,phases    ] GC(533)   Evacuate Collection Set: 2.2ms
[2020-09-29T10:12:16.279+0000][7792][gc,phases    ] GC(533)   Post Evacuate Collection Set: 1.1ms
[2020-09-29T10:12:16.279+0000][7792][gc,phases    ] GC(533)   Other: 0.9ms
[2020-09-29T10:12:16.279+0000][7792][gc,heap      ] GC(533) Eden regions: 139->0(484)
[2020-09-29T10:12:16.279+0000][7792][gc,heap      ] GC(533) Survivor regions: 14->5(61)
[2020-09-29T10:12:16.279+0000][7792][gc,heap      ] GC(533) Old regions: 83->83
[2020-09-29T10:12:16.279+0000][7792][gc,heap      ] GC(533) Archive regions: 0->0
[2020-09-29T10:12:16.279+0000][7792][gc,heap      ] GC(533) Humongous regions: 634->174
[2020-09-29T10:12:16.279+0000][7792][gc,metaspace ] GC(533) Metaspace: 90363K(96384K)->90363K(96384K) NonClass: 79070K(82688K)->79070K(82688K) Class: 11292K(13696K)->11292K(13696K)
[2020-09-29T10:12:16.280+0000][7792][gc           ] GC(533) Pause Young (Concurrent Start) (G1 Humongous Allocation) 869M->261M(1024M) 5.002ms
[2020-09-29T10:12:16.280+0000][7792][gc,cpu       ] GC(533) User=0.00s Sys=0.02s Real=0.00s
[2020-09-29T10:12:16.280+0000][7792][gc           ] GC(534) Concurrent Cycle
[2020-09-29T10:12:16.280+0000][7792][safepoint    ] Safepoint "G1TryInitiateConcMark", Time since last: 4663000 ns, Reaching safepoint: 160400 ns, At safepoint: 5269600 ns, Total: 5430000 ns
[2020-09-29T10:12:16.280+0000][7792][gc,marking   ] GC(534) Concurrent Clear Claimed Marks
[2020-09-29T10:12:16.280+0000][7792][gc,marking   ] GC(534) Concurrent Clear Claimed Marks 0.673ms
[2020-09-29T10:12:16.281+0000][7792][gc,marking   ] GC(534) Concurrent Scan Root Regions
[2020-09-29T10:12:16.283+0000][7792][gc,marking   ] GC(534) Concurrent Scan Root Regions 2.794ms
[2020-09-29T10:12:16.284+0000][7792][gc,marking   ] GC(534) Concurrent Mark (999.386s)
[2020-09-29T10:12:16.284+0000][7792][gc,marking   ] GC(534) Concurrent Mark From Roots
[2020-09-29T10:12:16.284+0000][7792][gc,task      ] GC(534) Using 2 workers of 2 for marking
[2020-09-29T10:12:16.459+0000][7792][gc,marking   ] GC(534) Concurrent Mark From Roots 175.232ms
[2020-09-29T10:12:16.459+0000][7792][gc,marking   ] GC(534) Concurrent Preclean
[2020-09-29T10:12:16.460+0000][7792][gc,marking   ] GC(534) Concurrent Preclean 0.875ms
[2020-09-29T10:12:16.460+0000][7792][gc,marking   ] GC(534) Concurrent Mark (999.386s, 999.562s) 176.355ms
[2020-09-29T10:12:16.460+0000][7792][gc,start     ] GC(534) Pause Remark
[2020-09-29T10:12:16.468+0000][7792][gc           ] GC(534) Pause Remark 479M->479M(1024M) 7.830ms
[2020-09-29T10:12:16.468+0000][7792][gc,cpu       ] GC(534) User=0.06s Sys=0.02s Real=0.01s
[2020-09-29T10:12:16.468+0000][7792][safepoint    ] Safepoint "G1Concurrent", Time since last: 180224100 ns, Reaching safepoint: 165700 ns, At safepoint: 8209600 ns, Total: 8375300 ns
[2020-09-29T10:12:16.468+0000][7792][gc,marking   ] GC(534) Concurrent Rebuild Remembered Sets
[2020-09-29T10:12:16.564+0000][7792][gc,marking   ] GC(534) Concurrent Rebuild Remembered Sets 95.049ms
[2020-09-29T10:12:16.564+0000][7792][gc,start     ] GC(534) Pause Cleanup
[2020-09-29T10:12:16.565+0000][7792][gc           ] GC(534) Pause Cleanup 551M->551M(1024M) 0.411ms
[2020-09-29T10:12:16.565+0000][7792][gc,cpu       ] GC(534) User=0.00s Sys=0.00s Real=0.00s
[2020-09-29T10:12:16.565+0000][7792][safepoint    ] Safepoint "G1Concurrent", Time since last: 95286400 ns, Reaching safepoint: 161900 ns, At safepoint: 637400 ns, Total: 799300 ns
[2020-09-29T10:12:16.565+0000][7792][gc,marking   ] GC(534) Concurrent Cleanup for Next Mark
[2020-09-29T10:12:16.567+0000][7792][gc,marking   ] GC(534) Concurrent Cleanup for Next Mark 1.861ms
[2020-09-29T10:12:16.567+0000][7792][gc           ] GC(534) Concurrent Cycle 286.854ms
[2020-09-29T10:12:16.613+0000][7792][gc,start     ] GC(535) Pause Young (Concurrent Start) (G1 Humongous Allocation)
[2020-09-29T10:12:16.613+0000][7792][gc,task      ] GC(535) Using 8 workers of 8 for evacuation
[2020-09-29T10:12:16.613+0000][7792][gc,age       ] GC(535) Desired survivor size 32505856 bytes, new threshold 15 (max threshold 15)
[2020-09-29T10:12:16.618+0000][7792][gc,age       ] GC(535) Age table with threshold 15 (max threshold 15)
[2020-09-29T10:12:16.618+0000][7792][gc,age       ] GC(535) - age   1:    3957088 bytes,    3957088 total
[2020-09-29T10:12:16.618+0000][7792][gc,age       ] GC(535) - age   2:       5416 bytes,    3962504 total
[2020-09-29T10:12:16.618+0000][7792][gc,age       ] GC(535) - age   3:      20192 bytes,    3982696 total
[2020-09-29T10:12:16.618+0000][7792][gc,age       ] GC(535) - age   4:      13408 bytes,    3996104 total
[2020-09-29T10:12:16.618+0000][7792][gc,age       ] GC(535) - age   5:        720 bytes,    3996824 total
[2020-09-29T10:12:16.618+0000][7792][gc,age       ] GC(535) - age   6:       1632 bytes,    3998456 total
[2020-09-29T10:12:16.618+0000][7792][gc,age       ] GC(535) - age   7:        816 bytes,    3999272 total
[2020-09-29T10:12:16.618+0000][7792][gc,age       ] GC(535) - age   8:      10488 bytes,    4009760 total
[2020-09-29T10:12:16.618+0000][7792][gc,age       ] GC(535) - age   9:        720 bytes,    4010480 total
[2020-09-29T10:12:16.618+0000][7792][gc,age       ] GC(535) - age  10:      10560 bytes,    4021040 total
[2020-09-29T10:12:16.618+0000][7792][gc,age       ] GC(535) - age  11:        728 bytes,    4021768 total
[2020-09-29T10:12:16.618+0000][7792][gc,age       ] GC(535) - age  12:      10080 bytes,    4031848 total
[2020-09-29T10:12:16.619+0000][7792][gc,age       ] GC(535) - age  13:      11280 bytes,    4043128 total
[2020-09-29T10:12:16.619+0000][7792][gc,age       ] GC(535) - age  14:       8224 bytes,    4051352 total
[2020-09-29T10:12:16.619+0000][7792][gc,age       ] GC(535) - age  15:       1208 bytes,    4052560 total
[2020-09-29T10:12:16.619+0000][7792][gc,phases    ] GC(535)   Pre Evacuate Collection Set: 0.5ms
[2020-09-29T10:12:16.619+0000][7792][gc,phases    ] GC(535)   Merge Heap Roots: 0.1ms
[2020-09-29T10:12:16.619+0000][7792][gc,phases    ] GC(535)   Evacuate Collection Set: 2.8ms
[2020-09-29T10:12:16.619+0000][7792][gc,phases    ] GC(535)   Post Evacuate Collection Set: 1.1ms
[2020-09-29T10:12:16.619+0000][7792][gc,phases    ] GC(535)   Other: 1.3ms
[2020-09-29T10:12:16.619+0000][7792][gc,heap      ] GC(535) Eden regions: 91->0(486)
[2020-09-29T10:12:16.619+0000][7792][gc,heap      ] GC(535) Survivor regions: 5->5(62)
[2020-09-29T10:12:16.619+0000][7792][gc,heap      ] GC(535) Old regions: 83->83
[2020-09-29T10:12:16.619+0000][7792][gc,heap      ] GC(535) Archive regions: 0->0
[2020-09-29T10:12:16.619+0000][7792][gc,heap      ] GC(535) Humongous regions: 382->174
[2020-09-29T10:12:16.619+0000][7792][gc,metaspace ] GC(535) Metaspace: 90363K(96384K)->90363K(96384K) NonClass: 79070K(82688K)->79070K(82688K) Class: 11292K(13696K)->11292K(13696K)
[2020-09-29T10:12:16.619+0000][7792][gc           ] GC(535) Pause Young (Concurrent Start) (G1 Humongous Allocation) 560M->261M(1024M) 6.268ms
[2020-09-29T10:12:16.619+0000][7792][gc,cpu       ] GC(535) User=0.00s Sys=0.00s Real=0.01s
[2020-09-29T10:12:16.619+0000][7792][gc           ] GC(536) Concurrent Cycle
[2020-09-29T10:12:16.620+0000][7792][gc,marking   ] GC(536) Concurrent Clear Claimed Marks
[2020-09-29T10:12:16.620+0000][7792][gc,marking   ] GC(536) Concurrent Clear Claimed Marks 0.373ms
[2020-09-29T10:12:16.620+0000][7792][gc,marking   ] GC(536) Concurrent Scan Root Regions
[2020-09-29T10:12:16.622+0000][7792][safepoint    ] Safepoint "G1TryInitiateConcMark", Time since last: 47836900 ns, Reaching safepoint: 188600 ns, At safepoint: 9200900 ns, Total: 9389500 ns
[2020-09-29T10:12:16.622+0000][7792][gc,marking   ] GC(536) Concurrent Scan Root Regions 2.191ms
[2020-09-29T10:12:16.622+0000][7792][gc,marking   ] GC(536) Concurrent Mark (999.724s)
[2020-09-29T10:12:16.622+0000][7792][gc,marking   ] GC(536) Concurrent Mark From Roots
[2020-09-29T10:12:16.622+0000][7792][gc,task      ] GC(536) Using 2 workers of 2 for marking
[2020-09-29T10:12:16.799+0000][7792][gc,marking   ] GC(536) Concurrent Mark From Roots 176.356ms
[2020-09-29T10:12:16.799+0000][7792][gc,marking   ] GC(536) Concurrent Preclean
[2020-09-29T10:12:16.800+0000][7792][gc,marking   ] GC(536) Concurrent Preclean 0.741ms
[2020-09-29T10:12:16.800+0000][7792][gc,marking   ] GC(536) Concurrent Mark (999.724s, 999.902s) 177.327ms
[2020-09-29T10:12:16.800+0000][7792][gc,start     ] GC(536) Pause Remark
[2020-09-29T10:12:16.807+0000][7792][gc           ] GC(536) Pause Remark 395M->395M(1024M) 7.578ms
[2020-09-29T10:12:16.808+0000][7792][gc,cpu       ] GC(536) User=0.00s Sys=0.00s Real=0.01s
[2020-09-29T10:12:16.808+0000][7792][safepoint    ] Safepoint "G1Concurrent", Time since last: 177543600 ns, Reaching safepoint: 144800 ns, At safepoint: 7862300 ns, Total: 8007100 ns
[2020-09-29T10:12:16.808+0000][7792][gc,marking   ] GC(536) Concurrent Rebuild Remembered Sets
[2020-09-29T10:12:16.910+0000][7792][gc,marking   ] GC(536) Concurrent Rebuild Remembered Sets 102.063ms
[2020-09-29T10:12:16.910+0000][7792][gc,start     ] GC(536) Pause Cleanup
[2020-09-29T10:12:16.910+0000][7792][gc           ] GC(536) Pause Cleanup 400M->400M(1024M) 0.439ms
[2020-09-29T10:12:16.911+0000][7792][gc,cpu       ] GC(536) User=0.00s Sys=0.00s Real=0.00s
[2020-09-29T10:12:16.911+0000][7792][safepoint    ] Safepoint "G1Concurrent", Time since last: 102293600 ns, Reaching safepoint: 161000 ns, At safepoint: 680600 ns, Total: 841600 ns
[2020-09-29T10:12:16.911+0000][7792][gc,marking   ] GC(536) Concurrent Cleanup for Next Mark
[2020-09-29T10:12:16.912+0000][7792][gc,marking   ] GC(536) Concurrent Cleanup for Next Mark 1.639ms
[2020-09-29T10:12:16.913+0000][7792][gc           ] GC(536) Concurrent Cycle 293.268ms
[2020-09-29T10:12:16.930+0000][7792][gc,start     ] GC(537) Pause Young (Concurrent Start) (G1 Humongous Allocation)
[2020-09-29T10:12:16.930+0000][7792][gc,task      ] GC(537) Using 8 workers of 8 for evacuation
[2020-09-29T10:12:16.930+0000][7792][gc,age       ] GC(537) Desired survivor size 32505856 bytes, new threshold 15 (max threshold 15)
[2020-09-29T10:12:16.934+0000][7792][gc,age       ] GC(537) Age table with threshold 15 (max threshold 15)
[2020-09-29T10:12:16.934+0000][7792][gc,age       ] GC(537) - age   1:    2624664 bytes,    2624664 total
[2020-09-29T10:12:16.934+0000][7792][gc,age       ] GC(537) - age   2:       4968 bytes,    2629632 total
[2020-09-29T10:12:16.934+0000][7792][gc,age       ] GC(537) - age   3:       2192 bytes,    2631824 total
[2020-09-29T10:12:16.934+0000][7792][gc,age       ] GC(537) - age   4:      18528 bytes,    2650352 total
[2020-09-29T10:12:16.934+0000][7792][gc,age       ] GC(537) - age   5:      13056 bytes,    2663408 total
[2020-09-29T10:12:16.934+0000][7792][gc,age       ] GC(537) - age   6:        560 bytes,    2663968 total
[2020-09-29T10:12:16.934+0000][7792][gc,age       ] GC(537) - age   7:       1632 bytes,    2665600 total
[2020-09-29T10:12:16.934+0000][7792][gc,age       ] GC(537) - age   8:        816 bytes,    2666416 total
[2020-09-29T10:12:16.934+0000][7792][gc,age       ] GC(537) - age   9:      10448 bytes,    2676864 total
[2020-09-29T10:12:16.934+0000][7792][gc,age       ] GC(537) - age  10:        656 bytes,    2677520 total
[2020-09-29T10:12:16.934+0000][7792][gc,age       ] GC(537) - age  11:      10528 bytes,    2688048 total
[2020-09-29T10:12:16.934+0000][7792][gc,age       ] GC(537) - age  12:        728 bytes,    2688776 total
[2020-09-29T10:12:16.934+0000][7792][gc,age       ] GC(537) - age  13:      10080 bytes,    2698856 total
[2020-09-29T10:12:16.934+0000][7792][gc,age       ] GC(537) - age  14:      11280 bytes,    2710136 total
[2020-09-29T10:12:16.934+0000][7792][gc,age       ] GC(537) - age  15:       8224 bytes,    2718360 total
[2020-09-29T10:12:16.934+0000][7792][gc,phases    ] GC(537)   Pre Evacuate Collection Set: 0.5ms
[2020-09-29T10:12:16.935+0000][7792][gc,phases    ] GC(537)   Merge Heap Roots: 0.2ms
[2020-09-29T10:12:16.935+0000][7792][gc,phases    ] GC(537)   Evacuate Collection Set: 2.0ms
[2020-09-29T10:12:16.935+0000][7792][gc,phases    ] GC(537)   Post Evacuate Collection Set: 0.9ms
[2020-09-29T10:12:16.935+0000][7792][gc,phases    ] GC(537)   Other: 1.4ms
[2020-09-29T10:12:16.935+0000][7792][gc,heap      ] GC(537) Eden regions: 45->0(490)
[2020-09-29T10:12:16.935+0000][7792][gc,heap      ] GC(537) Survivor regions: 5->3(62)
[2020-09-29T10:12:16.935+0000][7792][gc,heap      ] GC(537) Old regions: 83->83
[2020-09-29T10:12:16.935+0000][7792][gc,heap      ] GC(537) Archive regions: 0->0
[2020-09-29T10:12:16.935+0000][7792][gc,heap      ] GC(537) Humongous regions: 274->174
[2020-09-29T10:12:16.935+0000][7792][gc,metaspace ] GC(537) Metaspace: 90371K(96384K)->90371K(96384K) NonClass: 79079K(82688K)->79079K(82688K) Class: 11292K(13696K)->11292K(13696K)
[2020-09-29T10:12:16.935+0000][7792][gc           ] GC(537) Pause Young (Concurrent Start) (G1 Humongous Allocation) 405M->259M(1024M) 5.542ms
[2020-09-29T10:12:16.935+0000][7792][gc,cpu       ] GC(537) User=0.00s Sys=0.00s Real=0.00s
[2020-09-29T10:12:16.935+0000][7792][safepoint    ] Safepoint "G1TryInitiateConcMark", Time since last: 18787100 ns, Reaching safepoint: 173000 ns, At safepoint: 5822700 ns, Total: 5995700 ns
[2020-09-29T10:12:16.935+0000][7792][gc           ] GC(538) Concurrent Cycle
[2020-09-29T10:12:16.935+0000][7792][gc,marking   ] GC(538) Concurrent Clear Claimed Marks
[2020-09-29T10:12:16.936+0000][7792][gc,marking   ] GC(538) Concurrent Clear Claimed Marks 0.535ms
[2020-09-29T10:12:16.936+0000][7792][gc,marking   ] GC(538) Concurrent Scan Root Regions
[2020-09-29T10:12:16.938+0000][7792][gc,marking   ] GC(538) Concurrent Scan Root Regions 2.144ms
[2020-09-29T10:12:16.938+0000][7792][gc,marking   ] GC(538) Concurrent Mark (1000.041s)
[2020-09-29T10:12:16.938+0000][7792][gc,marking   ] GC(538) Concurrent Mark From Roots
[2020-09-29T10:12:16.938+0000][7792][gc,task      ] GC(538) Using 2 workers of 2 for marking
[2020-09-29T10:12:17.111+0000][7792][gc,marking   ] GC(538) Concurrent Mark From Roots 171.836ms
[2020-09-29T10:12:17.111+0000][7792][gc,marking   ] GC(538) Concurrent Preclean
[2020-09-29T10:12:17.112+0000][7792][gc,marking   ] GC(538) Concurrent Preclean 0.718ms
[2020-09-29T10:12:17.112+0000][7792][gc,marking   ] GC(538) Concurrent Mark (1000.041s, 1000.213s) 172.768ms
[2020-09-29T10:12:17.112+0000][7792][gc,start     ] GC(538) Pause Remark
[2020-09-29T10:12:17.120+0000][7792][gc           ] GC(538) Pause Remark 587M->587M(1024M) 7.680ms
[2020-09-29T10:12:17.120+0000][7792][gc,cpu       ] GC(538) User=0.00s Sys=0.00s Real=0.01s
[2020-09-29T10:12:17.121+0000][7792][safepoint    ] Safepoint "G1Concurrent", Time since last: 175893400 ns, Reaching safepoint: 200300 ns, At safepoint: 8791900 ns, Total: 8992200 ns
[2020-09-29T10:12:17.121+0000][7792][gc,marking   ] GC(538) Concurrent Rebuild Remembered Sets
[2020-09-29T10:12:17.225+0000][7792][gc,marking   ] GC(538) Concurrent Rebuild Remembered Sets 104.584ms
[2020-09-29T10:12:17.225+0000][7792][gc,start     ] GC(538) Pause Cleanup
[2020-09-29T10:12:17.226+0000][7792][gc           ] GC(538) Pause Cleanup 672M->672M(1024M) 0.365ms
[2020-09-29T10:12:17.226+0000][7792][gc,cpu       ] GC(538) User=0.00s Sys=0.00s Real=0.00s
[2020-09-29T10:12:17.226+0000][7792][safepoint    ] Safepoint "G1Concurrent", Time since last: 104802200 ns, Reaching safepoint: 143200 ns, At safepoint: 605100 ns, Total: 748300 ns
[2020-09-29T10:12:17.226+0000][7792][gc,marking   ] GC(538) Concurrent Cleanup for Next Mark
[2020-09-29T10:12:17.228+0000][7792][gc,marking   ] GC(538) Concurrent Cleanup for Next Mark 1.746ms
[2020-09-29T10:12:17.228+0000][7792][gc           ] GC(538) Concurrent Cycle 292.392ms
[2020-09-29T10:12:17.251+0000][7792][gc,start     ] GC(539) Pause Young (Concurrent Start) (G1 Humongous Allocation)
[2020-09-29T10:12:17.251+0000][7792][gc,task      ] GC(539) Using 8 workers of 8 for evacuation
[2020-09-29T10:12:17.251+0000][7792][gc,age       ] GC(539) Desired survivor size 32505856 bytes, new threshold 15 (max threshold 15)
[2020-09-29T10:12:17.256+0000][7792][gc,age       ] GC(539) Age table with threshold 15 (max threshold 15)
[2020-09-29T10:12:17.257+0000][7792][gc,age       ] GC(539) - age   1:   13829712 bytes,   13829712 total
[2020-09-29T10:12:17.257+0000][7792][gc,age       ] GC(539) - age   2:      12384 bytes,   13842096 total
[2020-09-29T10:12:17.257+0000][7792][gc,age       ] GC(539) - age   3:       3080 bytes,   13845176 total
[2020-09-29T10:12:17.257+0000][7792][gc,age       ] GC(539) - age   4:       1296 bytes,   13846472 total
[2020-09-29T10:12:17.257+0000][7792][gc,age       ] GC(539) - age   5:      18432 bytes,   13864904 total
[2020-09-29T10:12:17.257+0000][7792][gc,age       ] GC(539) - age   6:      12952 bytes,   13877856 total
[2020-09-29T10:12:17.257+0000][7792][gc,age       ] GC(539) - age   7:        560 bytes,   13878416 total
[2020-09-29T10:12:17.257+0000][7792][gc,age       ] GC(539) - age   8:       1600 bytes,   13880016 total
[2020-09-29T10:12:17.257+0000][7792][gc,age       ] GC(539) - age   9:        784 bytes,   13880800 total
[2020-09-29T10:12:17.257+0000][7792][gc,age       ] GC(539) - age  10:      10448 bytes,   13891248 total
[2020-09-29T10:12:17.257+0000][7792][gc,age       ] GC(539) - age  11:        656 bytes,   13891904 total
[2020-09-29T10:12:17.257+0000][7792][gc,age       ] GC(539) - age  12:      10528 bytes,   13902432 total
[2020-09-29T10:12:17.257+0000][7792][gc,age       ] GC(539) - age  13:        728 bytes,   13903160 total
[2020-09-29T10:12:17.257+0000][7792][gc,age       ] GC(539) - age  14:      10080 bytes,   13913240 total
[2020-09-29T10:12:17.257+0000][7792][gc,age       ] GC(539) - age  15:      11280 bytes,   13924520 total
[2020-09-29T10:12:17.257+0000][7792][gc,phases    ] GC(539)   Pre Evacuate Collection Set: 0.4ms
[2020-09-29T10:12:17.257+0000][7792][gc,phases    ] GC(539)   Merge Heap Roots: 0.1ms
[2020-09-29T10:12:17.257+0000][7792][gc,phases    ] GC(539)   Evacuate Collection Set: 3.7ms
[2020-09-29T10:12:17.257+0000][7792][gc,phases    ] GC(539)   Post Evacuate Collection Set: 1.2ms
[2020-09-29T10:12:17.257+0000][7792][gc,phases    ] GC(539)   Other: 1.2ms
[2020-09-29T10:12:17.257+0000][7792][gc,heap      ] GC(539) Eden regions: 131->0(472)
[2020-09-29T10:12:17.257+0000][7792][gc,heap      ] GC(539) Survivor regions: 3->14(62)
[2020-09-29T10:12:17.257+0000][7792][gc,heap      ] GC(539) Old regions: 83->83
[2020-09-29T10:12:17.257+0000][7792][gc,heap      ] GC(539) Archive regions: 0->0
[2020-09-29T10:12:17.257+0000][7792][gc,heap      ] GC(539) Humongous regions: 478->174
[2020-09-29T10:12:17.257+0000][7792][gc,metaspace ] GC(539) Metaspace: 90391K(96384K)->90391K(96384K) NonClass: 79099K(82688K)->79099K(82688K) Class: 11292K(13696K)->11292K(13696K)
[2020-09-29T10:12:17.258+0000][7792][gc           ] GC(539) Pause Young (Concurrent Start) (G1 Humongous Allocation) 694M->270M(1024M) 6.989ms
[2020-09-29T10:12:17.258+0000][7792][gc,cpu       ] GC(539) User=0.00s Sys=0.00s Real=0.01s
[2020-09-29T10:12:17.258+0000][7792][gc           ] GC(540) Concurrent Cycle
[2020-09-29T10:12:17.258+0000][7792][safepoint    ] Safepoint "G1TryInitiateConcMark", Time since last: 24693100 ns, Reaching safepoint: 159000 ns, At safepoint: 7224600 ns, Total: 7383600 ns
[2020-09-29T10:12:17.258+0000][7792][gc,marking   ] GC(540) Concurrent Clear Claimed Marks
[2020-09-29T10:12:17.258+0000][7792][gc,marking   ] GC(540) Concurrent Clear Claimed Marks 0.577ms
[2020-09-29T10:12:17.258+0000][7792][gc,marking   ] GC(540) Concurrent Scan Root Regions
[2020-09-29T10:12:17.262+0000][7792][gc,marking   ] GC(540) Concurrent Scan Root Regions 3.506ms
[2020-09-29T10:12:17.262+0000][7792][gc,marking   ] GC(540) Concurrent Mark (1000.364s)
[2020-09-29T10:12:17.262+0000][7792][gc,marking   ] GC(540) Concurrent Mark From Roots
[2020-09-29T10:12:17.262+0000][7792][gc,task      ] GC(540) Using 2 workers of 2 for marking
[2020-09-29T10:12:17.441+0000][7792][gc,marking   ] GC(540) Concurrent Mark From Roots 178.518ms
[2020-09-29T10:12:17.441+0000][7792][gc,marking   ] GC(540) Concurrent Preclean
[2020-09-29T10:12:17.442+0000][7792][gc,marking   ] GC(540) Concurrent Preclean 0.692ms
[2020-09-29T10:12:17.442+0000][7792][gc,marking   ] GC(540) Concurrent Mark (1000.364s, 1000.544s) 179.450ms
[2020-09-29T10:12:17.442+0000][7792][gc,start     ] GC(540) Pause Remark
[2020-09-29T10:12:17.450+0000][7792][gc           ] GC(540) Pause Remark 859M->859M(1024M) 8.098ms
[2020-09-29T10:12:17.451+0000][7792][gc,cpu       ] GC(540) User=0.00s Sys=0.00s Real=0.01s
[2020-09-29T10:12:17.451+0000][7792][safepoint    ] Safepoint "G1Concurrent", Time since last: 183872400 ns, Reaching safepoint: 451100 ns, At safepoint: 8458000 ns, Total: 8909100 ns
[2020-09-29T10:12:17.451+0000][7792][gc,marking   ] GC(540) Concurrent Rebuild Remembered Sets
[2020-09-29T10:12:17.552+0000][7792][gc,marking   ] GC(540) Concurrent Rebuild Remembered Sets 100.757ms
[2020-09-29T10:12:17.552+0000][7792][gc,start     ] GC(540) Pause Cleanup
[2020-09-29T10:12:17.552+0000][7792][gc           ] GC(540) Pause Cleanup 949M->949M(1024M) 0.400ms
[2020-09-29T10:12:17.552+0000][7792][gc,cpu       ] GC(540) User=0.00s Sys=0.00s Real=0.00s
[2020-09-29T10:12:17.552+0000][7792][safepoint    ] Safepoint "G1Concurrent", Time since last: 100987900 ns, Reaching safepoint: 159800 ns, At safepoint: 585300 ns, Total: 745100 ns
[2020-09-29T10:12:17.552+0000][7792][gc,marking   ] GC(540) Concurrent Cleanup for Next Mark
[2020-09-29T10:12:17.554+0000][7792][gc,marking   ] GC(540) Concurrent Cleanup for Next Mark 1.762ms
[2020-09-29T10:12:17.554+0000][7792][gc           ] GC(540) Concurrent Cycle 296.559ms
[2020-09-29T10:12:17.568+0000][7792][gc,start     ] GC(541) Pause Young (Concurrent Start) (G1 Humongous Allocation)
[2020-09-29T10:12:17.568+0000][7792][gc,task      ] GC(541) Using 8 workers of 8 for evacuation
[2020-09-29T10:12:17.568+0000][7792][gc,age       ] GC(541) Desired survivor size 31981568 bytes, new threshold 15 (max threshold 15)
[2020-09-29T10:12:17.573+0000][7792][gc,age       ] GC(541) Age table with threshold 15 (max threshold 15)
[2020-09-29T10:12:17.573+0000][7792][gc,age       ] GC(541) - age   1:    5551344 bytes,    5551344 total
[2020-09-29T10:12:17.573+0000][7792][gc,age       ] GC(541) - age   2:      11744 bytes,    5563088 total
[2020-09-29T10:12:17.573+0000][7792][gc,age       ] GC(541) - age   3:      12152 bytes,    5575240 total
[2020-09-29T10:12:17.573+0000][7792][gc,age       ] GC(541) - age   4:       2720 bytes,    5577960 total
[2020-09-29T10:12:17.573+0000][7792][gc,age       ] GC(541) - age   5:       1128 bytes,    5579088 total
[2020-09-29T10:12:17.573+0000][7792][gc,age       ] GC(541) - age   6:      18432 bytes,    5597520 total
[2020-09-29T10:12:17.573+0000][7792][gc,age       ] GC(541) - age   7:      12920 bytes,    5610440 total
[2020-09-29T10:12:17.573+0000][7792][gc,age       ] GC(541) - age   8:        560 bytes,    5611000 total
[2020-09-29T10:12:17.573+0000][7792][gc,age       ] GC(541) - age   9:       1536 bytes,    5612536 total
[2020-09-29T10:12:17.573+0000][7792][gc,age       ] GC(541) - age  10:        784 bytes,    5613320 total
[2020-09-29T10:12:17.573+0000][7792][gc,age       ] GC(541) - age  11:      10384 bytes,    5623704 total
[2020-09-29T10:12:17.573+0000][7792][gc,age       ] GC(541) - age  12:        624 bytes,    5624328 total
[2020-09-29T10:12:17.573+0000][7792][gc,age       ] GC(541) - age  13:      10528 bytes,    5634856 total
[2020-09-29T10:12:17.573+0000][7792][gc,age       ] GC(541) - age  14:        696 bytes,    5635552 total
[2020-09-29T10:12:17.573+0000][7792][gc,age       ] GC(541) - age  15:      10080 bytes,    5645632 total
[2020-09-29T10:12:17.573+0000][7792][gc,phases    ] GC(541)   Pre Evacuate Collection Set: 0.6ms
[2020-09-29T10:12:17.573+0000][7792][gc,phases    ] GC(541)   Merge Heap Roots: 0.1ms
[2020-09-29T10:12:17.573+0000][7792][gc,phases    ] GC(541)   Evacuate Collection Set: 2.5ms
[2020-09-29T10:12:17.573+0000][7792][gc,phases    ] GC(541)   Post Evacuate Collection Set: 1.4ms
[2020-09-29T10:12:17.574+0000][7792][gc,phases    ] GC(541)   Other: 1.4ms
[2020-09-29T10:12:17.574+0000][7792][gc,heap      ] GC(541) Eden regions: 177->0(482)
[2020-09-29T10:12:17.574+0000][7792][gc,heap      ] GC(541) Survivor regions: 14->6(61)
[2020-09-29T10:12:17.574+0000][7792][gc,heap      ] GC(541) Old regions: 83->83
[2020-09-29T10:12:17.574+0000][7792][gc,heap      ] GC(541) Archive regions: 0->0
[2020-09-29T10:12:17.574+0000][7792][gc,heap      ] GC(541) Humongous regions: 686->174
[2020-09-29T10:12:17.574+0000][7792][gc,metaspace ] GC(541) Metaspace: 90401K(96384K)->90401K(96384K) NonClass: 79109K(82688K)->79109K(82688K) Class: 11292K(13696K)->11292K(13696K)
[2020-09-29T10:12:17.574+0000][7792][gc           ] GC(541) Pause Young (Concurrent Start) (G1 Humongous Allocation) 959M->262M(1024M) 6.361ms
[2020-09-29T10:12:17.574+0000][7792][gc,cpu       ] GC(541) User=0.00s Sys=0.00s Real=0.01s
[2020-09-29T10:12:17.574+0000][7792][gc           ] GC(542) Concurrent Cycle
[2020-09-29T10:12:17.574+0000][7792][safepoint    ] Safepoint "G1TryInitiateConcMark", Time since last: 15139000 ns, Reaching safepoint: 313900 ns, At safepoint: 6633900 ns, Total: 6947800 ns
[2020-09-29T10:12:17.574+0000][7792][gc,marking   ] GC(542) Concurrent Clear Claimed Marks
[2020-09-29T10:12:17.575+0000][7792][gc,marking   ] GC(542) Concurrent Clear Claimed Marks 0.636ms
[2020-09-29T10:12:17.575+0000][7792][gc,marking   ] GC(542) Concurrent Scan Root Regions
[2020-09-29T10:12:17.578+0000][7792][gc,marking   ] GC(542) Concurrent Scan Root Regions 2.908ms
[2020-09-29T10:12:17.578+0000][7792][gc,marking   ] GC(542) Concurrent Mark (1000.681s)
[2020-09-29T10:12:17.578+0000][7792][gc,marking   ] GC(542) Concurrent Mark From Roots
[2020-09-29T10:12:17.578+0000][7792][gc,task      ] GC(542) Using 2 workers of 2 for marking
[2020-09-29T10:12:17.756+0000][7792][gc,marking   ] GC(542) Concurrent Mark From Roots 177.676ms
[2020-09-29T10:12:17.756+0000][7792][gc,marking   ] GC(542) Concurrent Preclean
[2020-09-29T10:12:17.756+0000][7792][gc,marking   ] GC(542) Concurrent Preclean 0.816ms
[2020-09-29T10:12:17.757+0000][7792][gc,marking   ] GC(542) Concurrent Mark (1000.681s, 1000.859s) 178.776ms
[2020-09-29T10:12:17.757+0000][7792][gc,start     ] GC(542) Pause Remark
[2020-09-29T10:12:17.765+0000][7792][gc           ] GC(542) Pause Remark 606M->606M(1024M) 8.026ms
[2020-09-29T10:12:17.766+0000][7792][gc,cpu       ] GC(542) User=0.11s Sys=0.00s Real=0.01s
[2020-09-29T10:12:17.766+0000][7792][safepoint    ] Safepoint "G1Concurrent", Time since last: 182751300 ns, Reaching safepoint: 186800 ns, At safepoint: 8296800 ns, Total: 8483600 ns
[2020-09-29T10:12:17.766+0000][7792][gc,marking   ] GC(542) Concurrent Rebuild Remembered Sets
[2020-09-29T10:12:17.868+0000][7792][gc,marking   ] GC(542) Concurrent Rebuild Remembered Sets 102.221ms
[2020-09-29T10:12:17.869+0000][7792][gc,start     ] GC(542) Pause Cleanup
[2020-09-29T10:12:17.870+0000][7792][gc           ] GC(542) Pause Cleanup 875M->875M(1024M) 0.472ms
[2020-09-29T10:12:17.870+0000][7792][gc,cpu       ] GC(542) User=0.00s Sys=0.00s Real=0.00s
[2020-09-29T10:12:17.870+0000][7792][safepoint    ] Safepoint "G1Concurrent", Time since last: 102534900 ns, Reaching safepoint: 1169900 ns, At safepoint: 718800 ns, Total: 1888700 ns
[2020-09-29T10:12:17.870+0000][7792][gc,marking   ] GC(542) Concurrent Cleanup for Next Mark
[2020-09-29T10:12:17.872+0000][7792][gc,marking   ] GC(542) Concurrent Cleanup for Next Mark 1.847ms
[2020-09-29T10:12:17.872+0000][7792][gc           ] GC(542) Concurrent Cycle 297.833ms
[2020-09-29T10:12:17.898+0000][7792][gc,start     ] GC(543) Pause Young (Concurrent Start) (G1 Humongous Allocation)
[2020-09-29T10:12:17.898+0000][7792][gc,task      ] GC(543) Using 8 workers of 8 for evacuation
[2020-09-29T10:12:17.898+0000][7792][gc,age       ] GC(543) Desired survivor size 31981568 bytes, new threshold 15 (max threshold 15)
[2020-09-29T10:12:17.903+0000][7792][gc,age       ] GC(543) Age table with threshold 15 (max threshold 15)
[2020-09-29T10:12:17.903+0000][7792][gc,age       ] GC(543) - age   1:    3515536 bytes,    3515536 total
[2020-09-29T10:12:17.903+0000][7792][gc,age       ] GC(543) - age   2:       2752 bytes,    3518288 total
[2020-09-29T10:12:17.903+0000][7792][gc,age       ] GC(543) - age   3:      11504 bytes,    3529792 total
[2020-09-29T10:12:17.903+0000][7792][gc,age       ] GC(543) - age   4:      11040 bytes,    3540832 total
[2020-09-29T10:12:17.903+0000][7792][gc,age       ] GC(543) - age   5:       2688 bytes,    3543520 total
[2020-09-29T10:12:17.903+0000][7792][gc,age       ] GC(543) - age   6:       1128 bytes,    3544648 total
[2020-09-29T10:12:17.903+0000][7792][gc,age       ] GC(543) - age   7:      18408 bytes,    3563056 total
[2020-09-29T10:12:17.903+0000][7792][gc,age       ] GC(543) - age   8:      12888 bytes,    3575944 total
[2020-09-29T10:12:17.903+0000][7792][gc,age       ] GC(543) - age   9:        560 bytes,    3576504 total
[2020-09-29T10:12:17.903+0000][7792][gc,age       ] GC(543) - age  10:       1504 bytes,    3578008 total
[2020-09-29T10:12:17.903+0000][7792][gc,age       ] GC(543) - age  11:        784 bytes,    3578792 total
[2020-09-29T10:12:17.903+0000][7792][gc,age       ] GC(543) - age  12:      10384 bytes,    3589176 total
[2020-09-29T10:12:17.903+0000][7792][gc,age       ] GC(543) - age  13:        624 bytes,    3589800 total
[2020-09-29T10:12:17.903+0000][7792][gc,age       ] GC(543) - age  14:      10528 bytes,    3600328 total
[2020-09-29T10:12:17.903+0000][7792][gc,age       ] GC(543) - age  15:        696 bytes,    3601024 total
[2020-09-29T10:12:17.903+0000][7792][gc,phases    ] GC(543)   Pre Evacuate Collection Set: 0.5ms
[2020-09-29T10:12:17.903+0000][7792][gc,phases    ] GC(543)   Merge Heap Roots: 0.1ms
[2020-09-29T10:12:17.903+0000][7792][gc,phases    ] GC(543)   Evacuate Collection Set: 2.5ms
[2020-09-29T10:12:17.904+0000][7792][gc,phases    ] GC(543)   Post Evacuate Collection Set: 1.3ms
[2020-09-29T10:12:17.904+0000][7792][gc,phases    ] GC(543)   Other: 1.1ms
[2020-09-29T10:12:17.904+0000][7792][gc,heap      ] GC(543) Eden regions: 163->0(486)
[2020-09-29T10:12:17.904+0000][7792][gc,heap      ] GC(543) Survivor regions: 6->4(61)
[2020-09-29T10:12:17.904+0000][7792][gc,heap      ] GC(543) Old regions: 83->83
[2020-09-29T10:12:17.904+0000][7792][gc,heap      ] GC(543) Archive regions: 0->0
[2020-09-29T10:12:17.904+0000][7792][gc,heap      ] GC(543) Humongous regions: 634->174
[2020-09-29T10:12:17.904+0000][7792][gc,metaspace ] GC(543) Metaspace: 90402K(96384K)->90402K(96384K) NonClass: 79110K(82688K)->79110K(82688K) Class: 11292K(13696K)->11292K(13696K)
[2020-09-29T10:12:17.904+0000][7792][gc           ] GC(543) Pause Young (Concurrent Start) (G1 Humongous Allocation) 885M->260M(1024M) 6.094ms
[2020-09-29T10:12:17.904+0000][7792][gc,cpu       ] GC(543) User=0.00s Sys=0.00s Real=0.01s
[2020-09-29T10:12:17.904+0000][7792][gc           ] GC(544) Concurrent Cycle
[2020-09-29T10:12:17.904+0000][7792][gc,marking   ] GC(544) Concurrent Clear Claimed Marks
[2020-09-29T10:12:17.904+0000][7792][safepoint    ] Safepoint "G1TryInitiateConcMark", Time since last: 27586400 ns, Reaching safepoint: 142500 ns, At safepoint: 6425000 ns, Total: 6567500 ns
[2020-09-29T10:12:17.905+0000][7792][gc,marking   ] GC(544) Concurrent Clear Claimed Marks 0.493ms
[2020-09-29T10:12:17.905+0000][7792][gc,marking   ] GC(544) Concurrent Scan Root Regions
[2020-09-29T10:12:17.908+0000][7792][gc,marking   ] GC(544) Concurrent Scan Root Regions 2.710ms
[2020-09-29T10:12:17.908+0000][7792][gc,marking   ] GC(544) Concurrent Mark (1001.010s)
[2020-09-29T10:12:17.908+0000][7792][gc,marking   ] GC(544) Concurrent Mark From Roots
[2020-09-29T10:12:17.908+0000][7792][gc,task      ] GC(544) Using 2 workers of 2 for marking
[2020-09-29T10:12:18.087+0000][7792][gc,marking   ] GC(544) Concurrent Mark From Roots 179.012ms
[2020-09-29T10:12:18.087+0000][7792][gc,marking   ] GC(544) Concurrent Preclean
[2020-09-29T10:12:18.088+0000][7792][gc,marking   ] GC(544) Concurrent Preclean 0.838ms
[2020-09-29T10:12:18.088+0000][7792][gc,marking   ] GC(544) Concurrent Mark (1001.010s, 1001.190s) 180.023ms
[2020-09-29T10:12:18.088+0000][7792][gc,start     ] GC(544) Pause Remark
[2020-09-29T10:12:18.095+0000][7792][gc           ] GC(544) Pause Remark 670M->670M(1024M) 7.407ms
[2020-09-29T10:12:18.095+0000][7792][gc,cpu       ] GC(544) User=0.08s Sys=0.00s Real=0.01s
[2020-09-29T10:12:18.096+0000][7792][safepoint    ] Safepoint "G1Concurrent", Time since last: 183510300 ns, Reaching safepoint: 174900 ns, At safepoint: 7716600 ns, Total: 7891500 ns
[2020-09-29T10:12:18.096+0000][7792][gc,marking   ] GC(544) Concurrent Rebuild Remembered Sets
[2020-09-29T10:12:18.199+0000][7792][gc,marking   ] GC(544) Concurrent Rebuild Remembered Sets 103.311ms
[2020-09-29T10:12:18.199+0000][7792][gc,start     ] GC(544) Pause Cleanup
[2020-09-29T10:12:18.200+0000][7792][gc           ] GC(544) Pause Cleanup 742M->742M(1024M) 0.399ms
[2020-09-29T10:12:18.200+0000][7792][gc,cpu       ] GC(544) User=0.00s Sys=0.00s Real=0.00s
[2020-09-29T10:12:18.200+0000][7792][safepoint    ] Safepoint "G1Concurrent", Time since last: 103517600 ns, Reaching safepoint: 174900 ns, At safepoint: 599500 ns, Total: 774400 ns
[2020-09-29T10:12:18.200+0000][7792][gc,marking   ] GC(544) Concurrent Cleanup for Next Mark
[2020-09-29T10:12:18.201+0000][7792][gc,marking   ] GC(544) Concurrent Cleanup for Next Mark 1.499ms
[2020-09-29T10:12:18.201+0000][7792][gc           ] GC(544) Concurrent Cycle 297.434ms
[2020-09-29T10:12:18.232+0000][7792][gc,start     ] GC(545) Pause Young (Concurrent Start) (G1 Humongous Allocation)
[2020-09-29T10:12:18.232+0000][7792][gc,task      ] GC(545) Using 8 workers of 8 for evacuation
[2020-09-29T10:12:18.232+0000][7792][gc,age       ] GC(545) Desired survivor size 32505856 bytes, new threshold 15 (max threshold 15)
[2020-09-29T10:12:18.237+0000][7792][gc,age       ] GC(545) Age table with threshold 15 (max threshold 15)
[2020-09-29T10:12:18.237+0000][7792][gc,age       ] GC(545) - age   1:    3040752 bytes,    3040752 total
[2020-09-29T10:12:18.237+0000][7792][gc,age       ] GC(545) - age   2:       2264 bytes,    3043016 total
[2020-09-29T10:12:18.237+0000][7792][gc,age       ] GC(545) - age   3:       1904 bytes,    3044920 total
[2020-09-29T10:12:18.237+0000][7792][gc,age       ] GC(545) - age   4:      11272 bytes,    3056192 total
[2020-09-29T10:12:18.237+0000][7792][gc,age       ] GC(545) - age   5:      10680 bytes,    3066872 total
[2020-09-29T10:12:18.237+0000][7792][gc,age       ] GC(545) - age   6:       2592 bytes,    3069464 total
[2020-09-29T10:12:18.237+0000][7792][gc,age       ] GC(545) - age   7:       1064 bytes,    3070528 total
[2020-09-29T10:12:18.237+0000][7792][gc,age       ] GC(545) - age   8:      18344 bytes,    3088872 total
[2020-09-29T10:12:18.237+0000][7792][gc,age       ] GC(545) - age   9:      12760 bytes,    3101632 total
[2020-09-29T10:12:18.237+0000][7792][gc,age       ] GC(545) - age  10:        560 bytes,    3102192 total
[2020-09-29T10:12:18.237+0000][7792][gc,age       ] GC(545) - age  11:       1504 bytes,    3103696 total
[2020-09-29T10:12:18.237+0000][7792][gc,age       ] GC(545) - age  12:        784 bytes,    3104480 total
[2020-09-29T10:12:18.237+0000][7792][gc,age       ] GC(545) - age  13:      10384 bytes,    3114864 total
[2020-09-29T10:12:18.237+0000][7792][gc,age       ] GC(545) - age  14:        624 bytes,    3115488 total
[2020-09-29T10:12:18.237+0000][7792][gc,age       ] GC(545) - age  15:      10528 bytes,    3126016 total
[2020-09-29T10:12:18.237+0000][7792][gc,phases    ] GC(545)   Pre Evacuate Collection Set: 0.4ms
[2020-09-29T10:12:18.237+0000][7792][gc,phases    ] GC(545)   Merge Heap Roots: 0.1ms
[2020-09-29T10:12:18.237+0000][7792][gc,phases    ] GC(545)   Evacuate Collection Set: 2.8ms
[2020-09-29T10:12:18.237+0000][7792][gc,phases    ] GC(545)   Post Evacuate Collection Set: 1.0ms
[2020-09-29T10:12:18.238+0000][7792][gc,phases    ] GC(545)   Other: 1.1ms
[2020-09-29T10:12:18.238+0000][7792][gc,heap      ] GC(545) Eden regions: 136->0(488)
[2020-09-29T10:12:18.238+0000][7792][gc,heap      ] GC(545) Survivor regions: 4->4(62)
[2020-09-29T10:12:18.238+0000][7792][gc,heap      ] GC(545) Old regions: 83->83
[2020-09-29T10:12:18.238+0000][7792][gc,heap      ] GC(545) Archive regions: 0->0
[2020-09-29T10:12:18.238+0000][7792][gc,heap      ] GC(545) Humongous regions: 530->174
[2020-09-29T10:12:18.238+0000][7792][gc,metaspace ] GC(545) Metaspace: 90406K(96384K)->90406K(96384K) NonClass: 79113K(82688K)->79113K(82688K) Class: 11293K(13696K)->11293K(13696K)
[2020-09-29T10:12:18.238+0000][7792][gc           ] GC(545) Pause Young (Concurrent Start) (G1 Humongous Allocation) 752M->260M(1024M) 5.780ms
[2020-09-29T10:12:18.238+0000][7792][gc,cpu       ] GC(545) User=0.09s Sys=0.00s Real=0.01s
[2020-09-29T10:12:18.238+0000][7792][safepoint    ] Safepoint "G1TryInitiateConcMark", Time since last: 32004300 ns, Reaching safepoint: 137900 ns, At safepoint: 5974500 ns, Total: 6112400 ns
[2020-09-29T10:12:18.238+0000][7792][gc           ] GC(546) Concurrent Cycle
[2020-09-29T10:12:18.238+0000][7792][gc,marking   ] GC(546) Concurrent Clear Claimed Marks
[2020-09-29T10:12:18.239+0000][7792][gc,marking   ] GC(546) Concurrent Clear Claimed Marks 0.513ms
[2020-09-29T10:12:18.239+0000][7792][gc,marking   ] GC(546) Concurrent Scan Root Regions
[2020-09-29T10:12:18.241+0000][7792][gc,marking   ] GC(546) Concurrent Scan Root Regions 2.082ms
[2020-09-29T10:12:18.241+0000][7792][gc,marking   ] GC(546) Concurrent Mark (1001.343s)
[2020-09-29T10:12:18.241+0000][7792][gc,marking   ] GC(546) Concurrent Mark From Roots
[2020-09-29T10:12:18.241+0000][7792][gc,task      ] GC(546) Using 2 workers of 2 for marking
[2020-09-29T10:12:18.365+0000][7792][gc,marking   ] GC(546) Concurrent Mark From Roots 124.081ms
[2020-09-29T10:12:18.365+0000][7792][gc,marking   ] GC(546) Concurrent Preclean
[2020-09-29T10:12:18.366+0000][7792][gc,marking   ] GC(546) Concurrent Preclean 0.465ms
[2020-09-29T10:12:18.366+0000][7792][gc,marking   ] GC(546) Concurrent Mark (1001.343s, 1001.468s) 124.725ms
[2020-09-29T10:12:18.366+0000][7792][gc,start     ] GC(546) Pause Remark
[2020-09-29T10:12:18.373+0000][7792][gc           ] GC(546) Pause Remark 397M->397M(1024M) 7.261ms
[2020-09-29T10:12:18.373+0000][7792][gc,cpu       ] GC(546) User=0.00s Sys=0.00s Real=0.01s
[2020-09-29T10:12:18.373+0000][7792][safepoint    ] Safepoint "G1Concurrent", Time since last: 127714200 ns, Reaching safepoint: 156100 ns, At safepoint: 7472400 ns, Total: 7628500 ns
[2020-09-29T10:12:18.373+0000][7792][gc,marking   ] GC(546) Concurrent Rebuild Remembered Sets
[2020-09-29T10:12:18.453+0000][7792][gc,marking   ] GC(546) Concurrent Rebuild Remembered Sets 79.473ms
[2020-09-29T10:12:18.453+0000][7792][gc,start     ] GC(546) Pause Cleanup
[2020-09-29T10:12:18.453+0000][7792][gc           ] GC(546) Pause Cleanup 462M->462M(1024M) 0.356ms
[2020-09-29T10:12:18.454+0000][7792][gc,cpu       ] GC(546) User=0.00s Sys=0.00s Real=0.00s
[2020-09-29T10:12:18.454+0000][7792][safepoint    ] Safepoint "G1Concurrent", Time since last: 79640200 ns, Reaching safepoint: 163900 ns, At safepoint: 712300 ns, Total: 876200 ns
[2020-09-29T10:12:18.454+0000][7792][gc,marking   ] GC(546) Concurrent Cleanup for Next Mark
[2020-09-29T10:12:18.455+0000][7792][gc,marking   ] GC(546) Concurrent Cleanup for Next Mark 1.386ms
[2020-09-29T10:12:18.455+0000][7792][gc           ] GC(546) Concurrent Cycle 217.463ms
[2020-09-29T10:12:18.469+0000][7792][gc,start     ] GC(547) Pause Young (Concurrent Start) (G1 Humongous Allocation)
[2020-09-29T10:12:18.469+0000][7792][gc,task      ] GC(547) Using 8 workers of 8 for evacuation
[2020-09-29T10:12:18.469+0000][7792][gc,age       ] GC(547) Desired survivor size 32505856 bytes, new threshold 15 (max threshold 15)
[2020-09-29T10:12:18.472+0000][7792][gc,age       ] GC(547) Age table with threshold 15 (max threshold 15)
[2020-09-29T10:12:18.472+0000][7792][gc,age       ] GC(547) - age   1:    2638528 bytes,    2638528 total
[2020-09-29T10:12:18.472+0000][7792][gc,age       ] GC(547) - age   2:      11240 bytes,    2649768 total
[2020-09-29T10:12:18.472+0000][7792][gc,age       ] GC(547) - age   3:       2088 bytes,    2651856 total
[2020-09-29T10:12:18.472+0000][7792][gc,age       ] GC(547) - age   4:       1408 bytes,    2653264 total
[2020-09-29T10:12:18.472+0000][7792][gc,age       ] GC(547) - age   5:      11232 bytes,    2664496 total
[2020-09-29T10:12:18.472+0000][7792][gc,age       ] GC(547) - age   6:      10680 bytes,    2675176 total
[2020-09-29T10:12:18.472+0000][7792][gc,age       ] GC(547) - age   7:       2048 bytes,    2677224 total
[2020-09-29T10:12:18.472+0000][7792][gc,age       ] GC(547) - age   8:       1064 bytes,    2678288 total
[2020-09-29T10:12:18.472+0000][7792][gc,age       ] GC(547) - age   9:      18248 bytes,    2696536 total
[2020-09-29T10:12:18.472+0000][7792][gc,age       ] GC(547) - age  10:      12760 bytes,    2709296 total
[2020-09-29T10:12:18.472+0000][7792][gc,age       ] GC(547) - age  11:        496 bytes,    2709792 total
[2020-09-29T10:12:18.472+0000][7792][gc,age       ] GC(547) - age  12:       1504 bytes,    2711296 total
[2020-09-29T10:12:18.472+0000][7792][gc,age       ] GC(547) - age  13:        784 bytes,    2712080 total
[2020-09-29T10:12:18.473+0000][7792][gc,age       ] GC(547) - age  14:      10384 bytes,    2722464 total
[2020-09-29T10:12:18.473+0000][7792][gc,age       ] GC(547) - age  15:        624 bytes,    2723088 total
[2020-09-29T10:12:18.473+0000][7792][gc,phases    ] GC(547)   Pre Evacuate Collection Set: 0.4ms
[2020-09-29T10:12:18.473+0000][7792][gc,phases    ] GC(547)   Merge Heap Roots: 0.1ms
[2020-09-29T10:12:18.473+0000][7792][gc,phases    ] GC(547)   Evacuate Collection Set: 2.0ms
[2020-09-29T10:12:18.473+0000][7792][gc,phases    ] GC(547)   Post Evacuate Collection Set: 0.8ms
[2020-09-29T10:12:18.473+0000][7792][gc,phases    ] GC(547)   Other: 0.9ms
[2020-09-29T10:12:18.473+0000][7792][gc,heap      ] GC(547) Eden regions: 63->0(492)
[2020-09-29T10:12:18.473+0000][7792][gc,heap      ] GC(547) Survivor regions: 4->3(62)
[2020-09-29T10:12:18.473+0000][7792][gc,heap      ] GC(547) Old regions: 83->83
[2020-09-29T10:12:18.473+0000][7792][gc,heap      ] GC(547) Archive regions: 0->0
[2020-09-29T10:12:18.473+0000][7792][gc,heap      ] GC(547) Humongous regions: 318->174
[2020-09-29T10:12:18.473+0000][7792][gc,metaspace ] GC(547) Metaspace: 90410K(96384K)->90410K(96384K) NonClass: 79117K(82688K)->79117K(82688K) Class: 11293K(13696K)->11293K(13696K)
[2020-09-29T10:12:18.473+0000][7792][gc           ] GC(547) Pause Young (Concurrent Start) (G1 Humongous Allocation) 467M->259M(1024M) 4.636ms
[2020-09-29T10:12:18.473+0000][7792][gc,cpu       ] GC(547) User=0.00s Sys=0.00s Real=0.00s
[2020-09-29T10:12:18.473+0000][7792][gc           ] GC(548) Concurrent Cycle
[2020-09-29T10:12:18.473+0000][7792][safepoint    ] Safepoint "G1TryInitiateConcMark", Time since last: 14589700 ns, Reaching safepoint: 136500 ns, At safepoint: 4833900 ns, Total: 4970400 ns
[2020-09-29T10:12:18.473+0000][7792][gc,marking   ] GC(548) Concurrent Clear Claimed Marks
[2020-09-29T10:12:18.474+0000][7792][gc,marking   ] GC(548) Concurrent Clear Claimed Marks 0.513ms
[2020-09-29T10:12:18.474+0000][7792][gc,marking   ] GC(548) Concurrent Scan Root Regions
[2020-09-29T10:12:18.476+0000][7792][gc,marking   ] GC(548) Concurrent Scan Root Regions 2.262ms
[2020-09-29T10:12:18.476+0000][7792][gc,marking   ] GC(548) Concurrent Mark (1001.579s)
[2020-09-29T10:12:18.476+0000][7792][gc,marking   ] GC(548) Concurrent Mark From Roots
[2020-09-29T10:12:18.476+0000][7792][gc,task      ] GC(548) Using 2 workers of 2 for marking
[2020-09-29T10:12:18.598+0000][7792][gc,marking   ] GC(548) Concurrent Mark From Roots 121.035ms
[2020-09-29T10:12:18.598+0000][7792][gc,marking   ] GC(548) Concurrent Preclean
[2020-09-29T10:12:18.599+0000][7792][gc,marking   ] GC(548) Concurrent Preclean 0.999ms
[2020-09-29T10:12:18.599+0000][7792][gc,marking   ] GC(548) Concurrent Mark (1001.579s, 1001.701s) 122.287ms
[2020-09-29T10:12:18.599+0000][7792][gc,start     ] GC(548) Pause Remark
[2020-09-29T10:12:18.607+0000][7792][gc           ] GC(548) Pause Remark 504M->504M(1024M) 7.335ms
[2020-09-29T10:12:18.607+0000][7792][gc,cpu       ] GC(548) User=0.00s Sys=0.00s Real=0.01s
[2020-09-29T10:12:18.607+0000][7792][safepoint    ] Safepoint "G1Concurrent", Time since last: 125372200 ns, Reaching safepoint: 194000 ns, At safepoint: 7531100 ns, Total: 7725100 ns
[2020-09-29T10:12:18.607+0000][7792][gc,marking   ] GC(548) Concurrent Rebuild Remembered Sets
[2020-09-29T10:12:18.706+0000][7792][gc,marking   ] GC(548) Concurrent Rebuild Remembered Sets 99.467ms
[2020-09-29T10:12:18.706+0000][7792][gc,start     ] GC(548) Pause Cleanup
[2020-09-29T10:12:18.707+0000][7792][gc           ] GC(548) Pause Cleanup 649M->649M(1024M) 0.334ms
[2020-09-29T10:12:18.707+0000][7792][gc,cpu       ] GC(548) User=0.00s Sys=0.00s Real=0.00s
[2020-09-29T10:12:18.707+0000][7792][safepoint    ] Safepoint "G1Concurrent", Time since last: 99650500 ns, Reaching safepoint: 172200 ns, At safepoint: 500300 ns, Total: 672500 ns
[2020-09-29T10:12:18.707+0000][7792][gc,marking   ] GC(548) Concurrent Cleanup for Next Mark
[2020-09-29T10:12:18.709+0000][7792][gc,marking   ] GC(548) Concurrent Cleanup for Next Mark 1.990ms
[2020-09-29T10:12:18.709+0000][7792][gc           ] GC(548) Concurrent Cycle 235.560ms
[2020-09-29T10:12:18.753+0000][7792][gc,start     ] GC(549) Pause Young (Concurrent Start) (G1 Humongous Allocation)
[2020-09-29T10:12:18.754+0000][7792][gc,task      ] GC(549) Using 8 workers of 8 for evacuation
[2020-09-29T10:12:18.754+0000][7792][gc,age       ] GC(549) Desired survivor size 32505856 bytes, new threshold 15 (max threshold 15)
[2020-09-29T10:12:18.758+0000][7792][gc,age       ] GC(549) Age table with threshold 15 (max threshold 15)
[2020-09-29T10:12:18.758+0000][7792][gc,age       ] GC(549) - age   1:    5056008 bytes,    5056008 total
[2020-09-29T10:12:18.758+0000][7792][gc,age       ] GC(549) - age   2:      22792 bytes,    5078800 total
[2020-09-29T10:12:18.758+0000][7792][gc,age       ] GC(549) - age   3:       6728 bytes,    5085528 total
[2020-09-29T10:12:18.758+0000][7792][gc,age       ] GC(549) - age   4:       1232 bytes,    5086760 total
[2020-09-29T10:12:18.758+0000][7792][gc,age       ] GC(549) - age   5:       1408 bytes,    5088168 total
[2020-09-29T10:12:18.758+0000][7792][gc,age       ] GC(549) - age   6:      11232 bytes,    5099400 total
[2020-09-29T10:12:18.758+0000][7792][gc,age       ] GC(549) - age   7:      10648 bytes,    5110048 total
[2020-09-29T10:12:18.758+0000][7792][gc,age       ] GC(549) - age   8:       1824 bytes,    5111872 total
[2020-09-29T10:12:18.758+0000][7792][gc,age       ] GC(549) - age   9:       1064 bytes,    5112936 total
[2020-09-29T10:12:18.758+0000][7792][gc,age       ] GC(549) - age  10:      18248 bytes,    5131184 total
[2020-09-29T10:12:18.758+0000][7792][gc,age       ] GC(549) - age  11:      12696 bytes,    5143880 total
[2020-09-29T10:12:18.758+0000][7792][gc,age       ] GC(549) - age  12:        496 bytes,    5144376 total
[2020-09-29T10:12:18.758+0000][7792][gc,age       ] GC(549) - age  13:       1504 bytes,    5145880 total
[2020-09-29T10:12:18.758+0000][7792][gc,age       ] GC(549) - age  14:        784 bytes,    5146664 total
[2020-09-29T10:12:18.758+0000][7792][gc,age       ] GC(549) - age  15:      10384 bytes,    5157048 total
[2020-09-29T10:12:18.759+0000][7792][gc,phases    ] GC(549)   Pre Evacuate Collection Set: 0.5ms
[2020-09-29T10:12:18.759+0000][7792][gc,phases    ] GC(549)   Merge Heap Roots: 0.1ms
[2020-09-29T10:12:18.759+0000][7792][gc,phases    ] GC(549)   Evacuate Collection Set: 2.2ms
[2020-09-29T10:12:18.759+0000][7792][gc,phases    ] GC(549)   Post Evacuate Collection Set: 1.1ms
[2020-09-29T10:12:18.759+0000][7792][gc,phases    ] GC(549)   Other: 1.3ms
[2020-09-29T10:12:18.759+0000][7792][gc,heap      ] GC(549) Eden regions: 119->0(489)
[2020-09-29T10:12:18.759+0000][7792][gc,heap      ] GC(549) Survivor regions: 3->6(62)
[2020-09-29T10:12:18.759+0000][7792][gc,heap      ] GC(549) Old regions: 83->83
[2020-09-29T10:12:18.759+0000][7792][gc,heap      ] GC(549) Archive regions: 0->0
[2020-09-29T10:12:18.759+0000][7792][gc,heap      ] GC(549) Humongous regions: 462->174
[2020-09-29T10:12:18.759+0000][7792][gc,metaspace ] GC(549) Metaspace: 90412K(96384K)->90412K(96384K) NonClass: 79119K(82688K)->79119K(82688K) Class: 11293K(13696K)->11293K(13696K)
[2020-09-29T10:12:18.759+0000][7792][gc           ] GC(549) Pause Young (Concurrent Start) (G1 Humongous Allocation) 666M->262M(1024M) 5.715ms
[2020-09-29T10:12:18.759+0000][7792][gc,cpu       ] GC(549) User=0.00s Sys=0.00s Real=0.01s
[2020-09-29T10:12:18.759+0000][7792][gc           ] GC(550) Concurrent Cycle
[2020-09-29T10:12:18.759+0000][7792][safepoint    ] Safepoint "G1TryInitiateConcMark", Time since last: 46541500 ns, Reaching safepoint: 180500 ns, At safepoint: 5928600 ns, Total: 6109100 ns
[2020-09-29T10:12:18.759+0000][7792][gc,marking   ] GC(550) Concurrent Clear Claimed Marks
[2020-09-29T10:12:18.760+0000][7792][gc,marking   ] GC(550) Concurrent Clear Claimed Marks 0.419ms
[2020-09-29T10:12:18.760+0000][7792][gc,marking   ] GC(550) Concurrent Scan Root Regions
[2020-09-29T10:12:18.762+0000][7792][gc,marking   ] GC(550) Concurrent Scan Root Regions 1.880ms
[2020-09-29T10:12:18.762+0000][7792][gc,marking   ] GC(550) Concurrent Mark (1001.864s)
[2020-09-29T10:12:18.762+0000][7792][gc,marking   ] GC(550) Concurrent Mark From Roots
[2020-09-29T10:12:18.762+0000][7792][gc,task      ] GC(550) Using 2 workers of 2 for marking
[2020-09-29T10:12:18.933+0000][7792][gc,marking   ] GC(550) Concurrent Mark From Roots 170.513ms
[2020-09-29T10:12:18.933+0000][7792][gc,marking   ] GC(550) Concurrent Preclean
[2020-09-29T10:12:18.934+0000][7792][gc,marking   ] GC(550) Concurrent Preclean 0.705ms
[2020-09-29T10:12:18.934+0000][7792][gc,marking   ] GC(550) Concurrent Mark (1001.864s, 1002.036s) 171.415ms
[2020-09-29T10:12:18.934+0000][7792][gc,start     ] GC(550) Pause Remark
[2020-09-29T10:12:18.942+0000][7792][gc           ] GC(550) Pause Remark 721M->721M(1024M) 7.611ms
[2020-09-29T10:12:18.942+0000][7792][gc,cpu       ] GC(550) User=0.13s Sys=0.00s Real=0.01s
[2020-09-29T10:12:18.942+0000][7792][safepoint    ] Safepoint "G1Concurrent", Time since last: 173977100 ns, Reaching safepoint: 385300 ns, At safepoint: 7868600 ns, Total: 8253900 ns
[2020-09-29T10:12:18.942+0000][7792][gc,marking   ] GC(550) Concurrent Rebuild Remembered Sets
[2020-09-29T10:12:19.047+0000][7792][gc,marking   ] GC(550) Concurrent Rebuild Remembered Sets 105.023ms
[2020-09-29T10:12:19.047+0000][7792][gc,start     ] GC(550) Pause Cleanup
[2020-09-29T10:12:19.048+0000][7792][gc           ] GC(550) Pause Cleanup 804M->804M(1024M) 0.451ms
[2020-09-29T10:12:19.048+0000][7792][gc,cpu       ] GC(550) User=0.00s Sys=0.00s Real=0.00s
[2020-09-29T10:12:19.048+0000][7792][safepoint    ] Safepoint "G1Concurrent", Time since last: 105228600 ns, Reaching safepoint: 171900 ns, At safepoint: 707700 ns, Total: 879600 ns
[2020-09-29T10:12:19.048+0000][7792][gc,marking   ] GC(550) Concurrent Cleanup for Next Mark
[2020-09-29T10:12:19.050+0000][7792][gc,marking   ] GC(550) Concurrent Cleanup for Next Mark 1.812ms
[2020-09-29T10:12:19.050+0000][7792][gc           ] GC(550) Concurrent Cycle 290.388ms
[2020-09-29T10:12:19.089+0000][7792][gc,start     ] GC(551) Pause Young (Concurrent Start) (G1 Humongous Allocation)
[2020-09-29T10:12:19.089+0000][7792][gc,task      ] GC(551) Using 8 workers of 8 for evacuation
[2020-09-29T10:12:19.089+0000][7792][gc,age       ] GC(551) Desired survivor size 32505856 bytes, new threshold 15 (max threshold 15)
[2020-09-29T10:12:19.094+0000][7792][gc,age       ] GC(551) Age table with threshold 15 (max threshold 15)
[2020-09-29T10:12:19.094+0000][7792][gc,age       ] GC(551) - age   1:    3957576 bytes,    3957576 total
[2020-09-29T10:12:19.094+0000][7792][gc,age       ] GC(551) - age   2:      14432 bytes,    3972008 total
[2020-09-29T10:12:19.094+0000][7792][gc,age       ] GC(551) - age   3:      22456 bytes,    3994464 total
[2020-09-29T10:12:19.094+0000][7792][gc,age       ] GC(551) - age   4:       2336 bytes,    3996800 total
[2020-09-29T10:12:19.094+0000][7792][gc,age       ] GC(551) - age   5:       1112 bytes,    3997912 total
[2020-09-29T10:12:19.094+0000][7792][gc,age       ] GC(551) - age   6:       1312 bytes,    3999224 total
[2020-09-29T10:12:19.094+0000][7792][gc,age       ] GC(551) - age   7:      11200 bytes,    4010424 total
[2020-09-29T10:12:19.094+0000][7792][gc,age       ] GC(551) - age   8:      10488 bytes,    4020912 total
[2020-09-29T10:12:19.094+0000][7792][gc,age       ] GC(551) - age   9:       1728 bytes,    4022640 total
[2020-09-29T10:12:19.094+0000][7792][gc,age       ] GC(551) - age  10:       1032 bytes,    4023672 total
[2020-09-29T10:12:19.094+0000][7792][gc,age       ] GC(551) - age  11:      18216 bytes,    4041888 total
[2020-09-29T10:12:19.094+0000][7792][gc,age       ] GC(551) - age  12:      12696 bytes,    4054584 total
[2020-09-29T10:12:19.094+0000][7792][gc,age       ] GC(551) - age  13:        496 bytes,    4055080 total
[2020-09-29T10:12:19.094+0000][7792][gc,age       ] GC(551) - age  14:       1504 bytes,    4056584 total
[2020-09-29T10:12:19.094+0000][7792][gc,age       ] GC(551) - age  15:        624 bytes,    4057208 total
[2020-09-29T10:12:19.094+0000][7792][gc,phases    ] GC(551)   Pre Evacuate Collection Set: 0.5ms
[2020-09-29T10:12:19.094+0000][7792][gc,phases    ] GC(551)   Merge Heap Roots: 0.1ms
[2020-09-29T10:12:19.094+0000][7792][gc,phases    ] GC(551)   Evacuate Collection Set: 2.4ms
[2020-09-29T10:12:19.095+0000][7792][gc,phases    ] GC(551)   Post Evacuate Collection Set: 1.2ms
[2020-09-29T10:12:19.095+0000][7792][gc,phases    ] GC(551)   Other: 1.2ms
[2020-09-29T10:12:19.095+0000][7792][gc,heap      ] GC(551) Eden regions: 148->0(491)
[2020-09-29T10:12:19.095+0000][7792][gc,heap      ] GC(551) Survivor regions: 6->4(62)
[2020-09-29T10:12:19.095+0000][7792][gc,heap      ] GC(551) Old regions: 83->84
[2020-09-29T10:12:19.095+0000][7792][gc,heap      ] GC(551) Archive regions: 0->0
[2020-09-29T10:12:19.095+0000][7792][gc,heap      ] GC(551) Humongous regions: 578->174
[2020-09-29T10:12:19.095+0000][7792][gc,metaspace ] GC(551) Metaspace: 90413K(96384K)->90413K(96384K) NonClass: 79120K(82688K)->79120K(82688K) Class: 11293K(13696K)->11293K(13696K)
[2020-09-29T10:12:19.095+0000][7792][gc           ] GC(551) Pause Young (Concurrent Start) (G1 Humongous Allocation) 813M->260M(1024M) 5.920ms
[2020-09-29T10:12:19.095+0000][7792][gc,cpu       ] GC(551) User=0.02s Sys=0.00s Real=0.01s
[2020-09-29T10:12:19.095+0000][7792][safepoint    ] Safepoint "G1TryInitiateConcMark", Time since last: 40634800 ns, Reaching safepoint: 171400 ns, At safepoint: 6158600 ns, Total: 6330000 ns
[2020-09-29T10:12:19.095+0000][7792][gc           ] GC(552) Concurrent Cycle
[2020-09-29T10:12:19.095+0000][7792][gc,marking   ] GC(552) Concurrent Clear Claimed Marks
[2020-09-29T10:12:19.096+0000][7792][gc,marking   ] GC(552) Concurrent Clear Claimed Marks 0.413ms
[2020-09-29T10:12:19.096+0000][7792][gc,marking   ] GC(552) Concurrent Scan Root Regions
[2020-09-29T10:12:19.100+0000][7792][gc,marking   ] GC(552) Concurrent Scan Root Regions 4.234ms
[2020-09-29T10:12:19.100+0000][7792][gc,marking   ] GC(552) Concurrent Mark (1002.202s)
[2020-09-29T10:12:19.100+0000][7792][gc,marking   ] GC(552) Concurrent Mark From Roots
[2020-09-29T10:12:19.100+0000][7792][gc,task      ] GC(552) Using 2 workers of 2 for marking
[2020-09-29T10:12:19.255+0000][7792][gc,marking   ] GC(552) Concurrent Mark From Roots 154.837ms
[2020-09-29T10:12:19.255+0000][7792][gc,marking   ] GC(552) Concurrent Preclean
[2020-09-29T10:12:19.255+0000][7792][gc,marking   ] GC(552) Concurrent Preclean 0.475ms
[2020-09-29T10:12:19.256+0000][7792][gc,marking   ] GC(552) Concurrent Mark (1002.202s, 1002.357s) 155.479ms
[2020-09-29T10:12:19.256+0000][7792][gc,start     ] GC(552) Pause Remark
[2020-09-29T10:12:19.264+0000][7792][gc           ] GC(552) Pause Remark 467M->467M(1024M) 7.713ms
[2020-09-29T10:12:19.264+0000][7792][gc,cpu       ] GC(552) User=0.00s Sys=0.00s Real=0.01s
[2020-09-29T10:12:19.264+0000][7792][safepoint    ] Safepoint "G1Concurrent", Time since last: 160525400 ns, Reaching safepoint: 189100 ns, At safepoint: 8016700 ns, Total: 8205800 ns
[2020-09-29T10:12:19.264+0000][7792][gc,marking   ] GC(552) Concurrent Rebuild Remembered Sets
[2020-09-29T10:12:19.333+0000][7792][gc,marking   ] GC(552) Concurrent Rebuild Remembered Sets 68.714ms
[2020-09-29T10:12:19.333+0000][7792][gc,start     ] GC(552) Pause Cleanup
[2020-09-29T10:12:19.333+0000][7792][gc           ] GC(552) Pause Cleanup 540M->540M(1024M) 0.312ms
[2020-09-29T10:12:19.333+0000][7792][gc,cpu       ] GC(552) User=0.00s Sys=0.00s Real=0.00s
[2020-09-29T10:12:19.333+0000][7792][safepoint    ] Safepoint "G1Concurrent", Time since last: 68881300 ns, Reaching safepoint: 166700 ns, At safepoint: 442000 ns, Total: 608700 ns
[2020-09-29T10:12:19.333+0000][7792][gc,marking   ] GC(552) Concurrent Cleanup for Next Mark
[2020-09-29T10:12:19.335+0000][7792][gc,marking   ] GC(552) Concurrent Cleanup for Next Mark 2.057ms
[2020-09-29T10:12:19.336+0000][7792][gc           ] GC(552) Concurrent Cycle 240.549ms
[2020-09-29T10:12:19.392+0000][7792][gc,start     ] GC(553) Pause Young (Concurrent Start) (G1 Humongous Allocation)
[2020-09-29T10:12:19.392+0000][7792][gc,task      ] GC(553) Using 8 workers of 8 for evacuation
[2020-09-29T10:12:19.392+0000][7792][gc,age       ] GC(553) Desired survivor size 32505856 bytes, new threshold 15 (max threshold 15)
[2020-09-29T10:12:19.397+0000][7792][gc,age       ] GC(553) Age table with threshold 15 (max threshold 15)
[2020-09-29T10:12:19.397+0000][7792][gc,age       ] GC(553) - age   1:   13384032 bytes,   13384032 total
[2020-09-29T10:12:19.397+0000][7792][gc,age       ] GC(553) - age   2:       3208 bytes,   13387240 total
[2020-09-29T10:12:19.397+0000][7792][gc,age       ] GC(553) - age   3:      13464 bytes,   13400704 total
[2020-09-29T10:12:19.397+0000][7792][gc,age       ] GC(553) - age   4:      21840 bytes,   13422544 total
[2020-09-29T10:12:19.397+0000][7792][gc,age       ] GC(553) - age   5:       1784 bytes,   13424328 total
[2020-09-29T10:12:19.397+0000][7792][gc,age       ] GC(553) - age   6:       1112 bytes,   13425440 total
[2020-09-29T10:12:19.398+0000][7792][gc,age       ] GC(553) - age   7:       1248 bytes,   13426688 total
[2020-09-29T10:12:19.398+0000][7792][gc,age       ] GC(553) - age   8:      11168 bytes,   13437856 total
[2020-09-29T10:12:19.398+0000][7792][gc,age       ] GC(553) - age   9:      10352 bytes,   13448208 total
[2020-09-29T10:12:19.398+0000][7792][gc,age       ] GC(553) - age  10:       1440 bytes,   13449648 total
[2020-09-29T10:12:19.398+0000][7792][gc,age       ] GC(553) - age  11:       1032 bytes,   13450680 total
[2020-09-29T10:12:19.398+0000][7792][gc,age       ] GC(553) - age  12:      18216 bytes,   13468896 total
[2020-09-29T10:12:19.398+0000][7792][gc,age       ] GC(553) - age  13:      12696 bytes,   13481592 total
[2020-09-29T10:12:19.398+0000][7792][gc,age       ] GC(553) - age  14:        432 bytes,   13482024 total
[2020-09-29T10:12:19.398+0000][7792][gc,age       ] GC(553) - age  15:       1504 bytes,   13483528 total
[2020-09-29T10:12:19.398+0000][7792][gc,phases    ] GC(553)   Pre Evacuate Collection Set: 0.4ms
[2020-09-29T10:12:19.398+0000][7792][gc,phases    ] GC(553)   Merge Heap Roots: 0.1ms
[2020-09-29T10:12:19.398+0000][7792][gc,phases    ] GC(553)   Evacuate Collection Set: 3.7ms
[2020-09-29T10:12:19.398+0000][7792][gc,phases    ] GC(553)   Post Evacuate Collection Set: 1.1ms
[2020-09-29T10:12:19.398+0000][7792][gc,phases    ] GC(553)   Other: 1.1ms
[2020-09-29T10:12:19.398+0000][7792][gc,heap      ] GC(553) Eden regions: 99->0(474)
[2020-09-29T10:12:19.398+0000][7792][gc,heap      ] GC(553) Survivor regions: 4->13(62)
[2020-09-29T10:12:19.398+0000][7792][gc,heap      ] GC(553) Old regions: 84->84
[2020-09-29T10:12:19.398+0000][7792][gc,heap      ] GC(553) Archive regions: 0->0
[2020-09-29T10:12:19.398+0000][7792][gc,heap      ] GC(553) Humongous regions: 378->174
[2020-09-29T10:12:19.398+0000][7792][gc,metaspace ] GC(553) Metaspace: 90415K(96384K)->90415K(96384K) NonClass: 79122K(82688K)->79122K(82688K) Class: 11293K(13696K)->11293K(13696K)
[2020-09-29T10:12:19.398+0000][7792][gc           ] GC(553) Pause Young (Concurrent Start) (G1 Humongous Allocation) 563M->269M(1024M) 6.850ms
[2020-09-29T10:12:19.399+0000][7792][gc,cpu       ] GC(553) User=0.00s Sys=0.00s Real=0.01s
[2020-09-29T10:12:19.399+0000][7792][gc           ] GC(554) Concurrent Cycle
[2020-09-29T10:12:19.399+0000][7792][safepoint    ] Safepoint "G1TryInitiateConcMark", Time since last: 57460300 ns, Reaching safepoint: 729700 ns, At safepoint: 7154800 ns, Total: 7884500 ns
[2020-09-29T10:12:19.399+0000][7792][gc,marking   ] GC(554) Concurrent Clear Claimed Marks
[2020-09-29T10:12:19.399+0000][7792][gc,marking   ] GC(554) Concurrent Clear Claimed Marks 0.695ms
[2020-09-29T10:12:19.400+0000][7792][gc,marking   ] GC(554) Concurrent Scan Root Regions
[2020-09-29T10:12:19.404+0000][7792][gc,marking   ] GC(554) Concurrent Scan Root Regions 4.231ms
[2020-09-29T10:12:19.404+0000][7792][gc,marking   ] GC(554) Concurrent Mark (1002.506s)
[2020-09-29T10:12:19.404+0000][7792][gc,marking   ] GC(554) Concurrent Mark From Roots
[2020-09-29T10:12:19.404+0000][7792][gc,task      ] GC(554) Using 2 workers of 2 for marking
[2020-09-29T10:12:19.580+0000][7792][gc,marking   ] GC(554) Concurrent Mark From Roots 176.373ms
[2020-09-29T10:12:19.580+0000][7792][gc,marking   ] GC(554) Concurrent Preclean
[2020-09-29T10:12:19.581+0000][7792][gc,marking   ] GC(554) Concurrent Preclean 0.912ms
[2020-09-29T10:12:19.581+0000][7792][gc,marking   ] GC(554) Concurrent Mark (1002.506s, 1002.684s) 177.563ms
[2020-09-29T10:12:19.582+0000][7792][gc,start     ] GC(554) Pause Remark
[2020-09-29T10:12:19.591+0000][7792][gc           ] GC(554) Pause Remark 851M->851M(1024M) 8.760ms
[2020-09-29T10:12:19.591+0000][7792][gc,cpu       ] GC(554) User=0.00s Sys=0.00s Real=0.01s
[2020-09-29T10:12:19.591+0000][7792][safepoint    ] Safepoint "G1Concurrent", Time since last: 183078300 ns, Reaching safepoint: 250600 ns, At safepoint: 9083800 ns, Total: 9334400 ns
[2020-09-29T10:12:19.591+0000][7792][gc,marking   ] GC(554) Concurrent Rebuild Remembered Sets
[2020-09-29T10:12:19.692+0000][7792][gc,marking   ] GC(554) Concurrent Rebuild Remembered Sets 101.187ms
[2020-09-29T10:12:19.695+0000][7792][gc,start     ] GC(554) Pause Cleanup
[2020-09-29T10:12:19.695+0000][7792][gc           ] GC(554) Pause Cleanup 937M->937M(1024M) 0.500ms
[2020-09-29T10:12:19.696+0000][7792][gc,cpu       ] GC(554) User=0.00s Sys=0.00s Real=0.00s
[2020-09-29T10:12:19.696+0000][7792][safepoint    ] Safepoint "G1Concurrent", Time since last: 101420800 ns, Reaching safepoint: 2491300 ns, At safepoint: 751900 ns, Total: 3243200 ns
[2020-09-29T10:12:19.696+0000][7792][gc,marking   ] GC(554) Concurrent Cleanup for Next Mark
[2020-09-29T10:12:19.698+0000][7792][gc,marking   ] GC(554) Concurrent Cleanup for Next Mark 1.822ms
[2020-09-29T10:12:19.698+0000][7792][gc           ] GC(554) Concurrent Cycle 299.168ms
[2020-09-29T10:12:19.771+0000][7792][gc,start     ] GC(555) Pause Young (Concurrent Start) (G1 Humongous Allocation)
[2020-09-29T10:12:19.771+0000][7792][gc,task      ] GC(555) Using 8 workers of 8 for evacuation
[2020-09-29T10:12:19.771+0000][7792][gc,age       ] GC(555) Desired survivor size 31981568 bytes, new threshold 15 (max threshold 15)
[2020-09-29T10:12:19.777+0000][7792][gc,age       ] GC(555) Age table with threshold 15 (max threshold 15)
[2020-09-29T10:12:19.777+0000][7792][gc,age       ] GC(555) - age   1:    8091136 bytes,    8091136 total
[2020-09-29T10:12:19.777+0000][7792][gc,age       ] GC(555) - age   2:      12616 bytes,    8103752 total
[2020-09-29T10:12:19.777+0000][7792][gc,age       ] GC(555) - age   3:       2200 bytes,    8105952 total
[2020-09-29T10:12:19.777+0000][7792][gc,age       ] GC(555) - age   4:      12512 bytes,    8118464 total
[2020-09-29T10:12:19.777+0000][7792][gc,age       ] GC(555) - age   5:      21544 bytes,    8140008 total
[2020-09-29T10:12:19.777+0000][7792][gc,age       ] GC(555) - age   6:       1720 bytes,    8141728 total
[2020-09-29T10:12:19.777+0000][7792][gc,age       ] GC(555) - age   7:       1048 bytes,    8142776 total
[2020-09-29T10:12:19.778+0000][7792][gc,age       ] GC(555) - age   8:       1152 bytes,    8143928 total
[2020-09-29T10:12:19.778+0000][7792][gc,age       ] GC(555) - age   9:      11104 bytes,    8155032 total
[2020-09-29T10:12:19.778+0000][7792][gc,age       ] GC(555) - age  10:      10352 bytes,    8165384 total
[2020-09-29T10:12:19.778+0000][7792][gc,age       ] GC(555) - age  11:       1376 bytes,    8166760 total
[2020-09-29T10:12:19.778+0000][7792][gc,age       ] GC(555) - age  12:       1032 bytes,    8167792 total
[2020-09-29T10:12:19.778+0000][7792][gc,age       ] GC(555) - age  13:      18216 bytes,    8186008 total
[2020-09-29T10:12:19.778+0000][7792][gc,age       ] GC(555) - age  14:      12696 bytes,    8198704 total
[2020-09-29T10:12:19.778+0000][7792][gc,age       ] GC(555) - age  15:        432 bytes,    8199136 total
[2020-09-29T10:12:19.778+0000][7792][gc,phases    ] GC(555)   Pre Evacuate Collection Set: 0.5ms
[2020-09-29T10:12:19.778+0000][7792][gc,phases    ] GC(555)   Merge Heap Roots: 0.1ms
[2020-09-29T10:12:19.778+0000][7792][gc,phases    ] GC(555)   Evacuate Collection Set: 3.2ms
[2020-09-29T10:12:19.779+0000][7792][gc,phases    ] GC(555)   Post Evacuate Collection Set: 1.7ms
[2020-09-29T10:12:19.779+0000][7792][gc,phases    ] GC(555)   Other: 1.7ms
[2020-09-29T10:12:19.779+0000][7792][gc,heap      ] GC(555) Eden regions: 180->0(478)
[2020-09-29T10:12:19.779+0000][7792][gc,heap      ] GC(555) Survivor regions: 13->9(61)
[2020-09-29T10:12:19.779+0000][7792][gc,heap      ] GC(555) Old regions: 84->84
[2020-09-29T10:12:19.779+0000][7792][gc,heap      ] GC(555) Archive regions: 0->0
[2020-09-29T10:12:19.779+0000][7792][gc,heap      ] GC(555) Humongous regions: 686->174
[2020-09-29T10:12:19.779+0000][7792][gc,metaspace ] GC(555) Metaspace: 90415K(96384K)->90415K(96384K) NonClass: 79122K(82688K)->79122K(82688K) Class: 11293K(13696K)->11293K(13696K)
[2020-09-29T10:12:19.779+0000][7792][gc           ] GC(555) Pause Young (Concurrent Start) (G1 Humongous Allocation) 961M->265M(1024M) 8.021ms
[2020-09-29T10:12:19.779+0000][7792][gc,cpu       ] GC(555) User=0.00s Sys=0.00s Real=0.01s
[2020-09-29T10:12:19.779+0000][7792][gc           ] GC(556) Concurrent Cycle
[2020-09-29T10:12:19.779+0000][7792][gc,marking   ] GC(556) Concurrent Clear Claimed Marks
[2020-09-29T10:12:19.780+0000][7792][safepoint    ] Safepoint "G1TryInitiateConcMark", Time since last: 75178300 ns, Reaching safepoint: 193400 ns, At safepoint: 8530800 ns, Total: 8724200 ns
[2020-09-29T10:12:19.780+0000][7792][gc,marking   ] GC(556) Concurrent Clear Claimed Marks 0.353ms
[2020-09-29T10:12:19.780+0000][7792][gc,marking   ] GC(556) Concurrent Scan Root Regions
[2020-09-29T10:12:19.782+0000][7792][gc,marking   ] GC(556) Concurrent Scan Root Regions 2.711ms
[2020-09-29T10:12:19.783+0000][7792][gc,marking   ] GC(556) Concurrent Mark (1002.885s)
[2020-09-29T10:12:19.783+0000][7792][gc,marking   ] GC(556) Concurrent Mark From Roots
[2020-09-29T10:12:19.783+0000][7792][gc,task      ] GC(556) Using 2 workers of 2 for marking
[2020-09-29T10:12:19.976+0000][7792][gc,marking   ] GC(556) Concurrent Mark From Roots 194.314ms
[2020-09-29T10:12:19.976+0000][7792][gc,marking   ] GC(556) Concurrent Preclean
[2020-09-29T10:12:19.977+0000][7792][gc,marking   ] GC(556) Concurrent Preclean 0.660ms
[2020-09-29T10:12:19.977+0000][7792][gc,marking   ] GC(556) Concurrent Mark (1002.885s, 1003.080s) 195.278ms
[2020-09-29T10:12:19.980+0000][7792][gc,start     ] GC(556) Pause Remark
[2020-09-29T10:12:19.988+0000][7792][gc           ] GC(556) Pause Remark 588M->588M(1024M) 7.935ms
[2020-09-29T10:12:19.988+0000][7792][gc,cpu       ] GC(556) User=0.11s Sys=0.00s Real=0.01s
[2020-09-29T10:12:19.988+0000][7792][safepoint    ] Safepoint "G1Concurrent", Time since last: 198362500 ns, Reaching safepoint: 2402000 ns, At safepoint: 8510800 ns, Total: 10912800 ns
[2020-09-29T10:12:19.988+0000][7792][gc,marking   ] GC(556) Concurrent Rebuild Remembered Sets
[2020-09-29T10:12:20.093+0000][7792][gc,marking   ] GC(556) Concurrent Rebuild Remembered Sets 104.897ms
[2020-09-29T10:12:20.094+0000][7792][gc,start     ] GC(556) Pause Cleanup
[2020-09-29T10:12:20.094+0000][7792][gc           ] GC(556) Pause Cleanup 602M->602M(1024M) 0.522ms
[2020-09-29T10:12:20.094+0000][7792][gc,cpu       ] GC(556) User=0.00s Sys=0.00s Real=0.00s
[2020-09-29T10:12:20.096+0000][7792][safepoint    ] Safepoint "G1Concurrent", Time since last: 105167500 ns, Reaching safepoint: 238600 ns, At safepoint: 2592300 ns, Total: 2830900 ns
[2020-09-29T10:12:20.096+0000][7792][gc,marking   ] GC(556) Concurrent Cleanup for Next Mark
[2020-09-29T10:12:20.099+0000][7792][gc,marking   ] GC(556) Concurrent Cleanup for Next Mark 2.169ms
[2020-09-29T10:12:20.099+0000][7792][gc           ] GC(556) Concurrent Cycle 320.136ms
[2020-09-29T10:12:20.146+0000][7792][gc,start     ] GC(557) Pause Young (Concurrent Start) (G1 Humongous Allocation)
[2020-09-29T10:12:20.146+0000][7792][gc,task      ] GC(557) Using 8 workers of 8 for evacuation
[2020-09-29T10:12:20.146+0000][7792][gc,age       ] GC(557) Desired survivor size 31981568 bytes, new threshold 15 (max threshold 15)
[2020-09-29T10:12:20.152+0000][7792][gc,age       ] GC(557) Age table with threshold 15 (max threshold 15)
[2020-09-29T10:12:20.152+0000][7792][gc,age       ] GC(557) - age   1:   11006752 bytes,   11006752 total
[2020-09-29T10:12:20.152+0000][7792][gc,age       ] GC(557) - age   2:       3320 bytes,   11010072 total
[2020-09-29T10:12:20.152+0000][7792][gc,age       ] GC(557) - age   3:      12440 bytes,   11022512 total
[2020-09-29T10:12:20.152+0000][7792][gc,age       ] GC(557) - age   4:       1680 bytes,   11024192 total
[2020-09-29T10:12:20.152+0000][7792][gc,age       ] GC(557) - age   5:      12512 bytes,   11036704 total
[2020-09-29T10:12:20.152+0000][7792][gc,age       ] GC(557) - age   6:      21544 bytes,   11058248 total
[2020-09-29T10:12:20.152+0000][7792][gc,age       ] GC(557) - age   7:       1720 bytes,   11059968 total
[2020-09-29T10:12:20.152+0000][7792][gc,age       ] GC(557) - age   8:       1048 bytes,   11061016 total
[2020-09-29T10:12:20.152+0000][7792][gc,age       ] GC(557) - age   9:       1120 bytes,   11062136 total
[2020-09-29T10:12:20.152+0000][7792][gc,age       ] GC(557) - age  10:      11104 bytes,   11073240 total
[2020-09-29T10:12:20.152+0000][7792][gc,age       ] GC(557) - age  11:      10352 bytes,   11083592 total
[2020-09-29T10:12:20.152+0000][7792][gc,age       ] GC(557) - age  12:       1376 bytes,   11084968 total
[2020-09-29T10:12:20.152+0000][7792][gc,age       ] GC(557) - age  13:       1032 bytes,   11086000 total
[2020-09-29T10:12:20.152+0000][7792][gc,age       ] GC(557) - age  14:      18216 bytes,   11104216 total
[2020-09-29T10:12:20.152+0000][7792][gc,age       ] GC(557) - age  15:      12696 bytes,   11116912 total
[2020-09-29T10:12:20.153+0000][7792][gc,phases    ] GC(557)   Pre Evacuate Collection Set: 0.5ms
[2020-09-29T10:12:20.153+0000][7792][gc,phases    ] GC(557)   Merge Heap Roots: 0.2ms
[2020-09-29T10:12:20.153+0000][7792][gc,phases    ] GC(557)   Evacuate Collection Set: 3.2ms
[2020-09-29T10:12:20.153+0000][7792][gc,phases    ] GC(557)   Post Evacuate Collection Set: 1.3ms
[2020-09-29T10:12:20.153+0000][7792][gc,phases    ] GC(557)   Other: 1.3ms
[2020-09-29T10:12:20.153+0000][7792][gc,heap      ] GC(557) Eden regions: 99->0(473)
[2020-09-29T10:12:20.153+0000][7792][gc,heap      ] GC(557) Survivor regions: 9->12(61)
[2020-09-29T10:12:20.153+0000][7792][gc,heap      ] GC(557) Old regions: 84->84
[2020-09-29T10:12:20.153+0000][7792][gc,heap      ] GC(557) Archive regions: 0->0
[2020-09-29T10:12:20.153+0000][7792][gc,heap      ] GC(557) Humongous regions: 430->174
[2020-09-29T10:12:20.153+0000][7792][gc,metaspace ] GC(557) Metaspace: 90415K(96384K)->90415K(96384K) NonClass: 79122K(82688K)->79122K(82688K) Class: 11293K(13696K)->11293K(13696K)
[2020-09-29T10:12:20.153+0000][7792][gc           ] GC(557) Pause Young (Concurrent Start) (G1 Humongous Allocation) 619M->268M(1024M) 6.888ms
[2020-09-29T10:12:20.153+0000][7792][gc,cpu       ] GC(557) User=0.00s Sys=0.00s Real=0.01s
[2020-09-29T10:12:20.153+0000][7792][gc           ] GC(558) Concurrent Cycle
[2020-09-29T10:12:20.153+0000][7792][safepoint    ] Safepoint "G1TryInitiateConcMark", Time since last: 49545800 ns, Reaching safepoint: 197300 ns, At safepoint: 7156700 ns, Total: 7354000 ns
[2020-09-29T10:12:20.153+0000][7792][gc,marking   ] GC(558) Concurrent Clear Claimed Marks
[2020-09-29T10:12:20.154+0000][7792][gc,marking   ] GC(558) Concurrent Clear Claimed Marks 0.606ms
[2020-09-29T10:12:20.154+0000][7792][gc,marking   ] GC(558) Concurrent Scan Root Regions
[2020-09-29T10:12:20.158+0000][7792][gc,marking   ] GC(558) Concurrent Scan Root Regions 3.764ms
[2020-09-29T10:12:20.158+0000][7792][gc,marking   ] GC(558) Concurrent Mark (1003.260s)
[2020-09-29T10:12:20.158+0000][7792][gc,marking   ] GC(558) Concurrent Mark From Roots
[2020-09-29T10:12:20.158+0000][7792][gc,task      ] GC(558) Using 2 workers of 2 for marking
[2020-09-29T10:12:20.340+0000][7792][gc,marking   ] GC(558) Concurrent Mark From Roots 181.995ms
[2020-09-29T10:12:20.340+0000][7792][gc,marking   ] GC(558) Concurrent Preclean
[2020-09-29T10:12:20.341+0000][7792][gc,marking   ] GC(558) Concurrent Preclean 0.750ms
[2020-09-29T10:12:20.341+0000][7792][gc,marking   ] GC(558) Concurrent Mark (1003.260s, 1003.443s) 182.991ms
[2020-09-29T10:12:20.342+0000][7792][gc,start     ] GC(558) Pause Remark
[2020-09-29T10:12:20.350+0000][7792][gc           ] GC(558) Pause Remark 594M->594M(1024M) 8.906ms
[2020-09-29T10:12:20.351+0000][7792][gc,cpu       ] GC(558) User=0.02s Sys=0.00s Real=0.01s
[2020-09-29T10:12:20.351+0000][7792][safepoint    ] Safepoint "G1Concurrent", Time since last: 187765900 ns, Reaching safepoint: 182300 ns, At safepoint: 9198300 ns, Total: 9380600 ns
[2020-09-29T10:12:20.351+0000][7792][gc,marking   ] GC(558) Concurrent Rebuild Remembered Sets
[2020-09-29T10:12:20.454+0000][7792][gc,marking   ] GC(558) Concurrent Rebuild Remembered Sets 102.698ms
[2020-09-29T10:12:20.454+0000][7792][gc,start     ] GC(558) Pause Cleanup
[2020-09-29T10:12:20.455+0000][7792][gc           ] GC(558) Pause Cleanup 608M->608M(1024M) 0.385ms
[2020-09-29T10:12:20.455+0000][7792][gc,cpu       ] GC(558) User=0.00s Sys=0.00s Real=0.00s
[2020-09-29T10:12:20.456+0000][7792][safepoint    ] Safepoint "G1Concurrent", Time since last: 102935700 ns, Reaching safepoint: 251300 ns, At safepoint: 1871500 ns, Total: 2122800 ns
[2020-09-29T10:12:20.456+0000][7792][gc,marking   ] GC(558) Concurrent Cleanup for Next Mark
[2020-09-29T10:12:20.458+0000][7792][gc,marking   ] GC(558) Concurrent Cleanup for Next Mark 1.337ms
[2020-09-29T10:12:20.458+0000][7792][gc           ] GC(558) Concurrent Cycle 303.831ms
[2020-09-29T10:12:20.515+0000][7792][gc,start     ] GC(559) Pause Young (Concurrent Start) (G1 Humongous Allocation)
[2020-09-29T10:12:20.516+0000][7792][gc,task      ] GC(559) Using 8 workers of 8 for evacuation
[2020-09-29T10:12:20.516+0000][7792][gc,age       ] GC(559) Desired survivor size 31981568 bytes, new threshold 15 (max threshold 15)
[2020-09-29T10:12:20.521+0000][7792][gc,age       ] GC(559) Age table with threshold 15 (max threshold 15)
[2020-09-29T10:12:20.521+0000][7792][gc,age       ] GC(559) - age   1:    8098256 bytes,    8098256 total
[2020-09-29T10:12:20.521+0000][7792][gc,age       ] GC(559) - age   2:       2656 bytes,    8100912 total
[2020-09-29T10:12:20.521+0000][7792][gc,age       ] GC(559) - age   3:       2400 bytes,    8103312 total
[2020-09-29T10:12:20.521+0000][7792][gc,age       ] GC(559) - age   4:      11784 bytes,    8115096 total
[2020-09-29T10:12:20.521+0000][7792][gc,age       ] GC(559) - age   5:       1488 bytes,    8116584 total
[2020-09-29T10:12:20.521+0000][7792][gc,age       ] GC(559) - age   6:      12512 bytes,    8129096 total
[2020-09-29T10:12:20.521+0000][7792][gc,age       ] GC(559) - age   7:      21480 bytes,    8150576 total
[2020-09-29T10:12:20.521+0000][7792][gc,age       ] GC(559) - age   8:       1720 bytes,    8152296 total
[2020-09-29T10:12:20.521+0000][7792][gc,age       ] GC(559) - age   9:       1016 bytes,    8153312 total
[2020-09-29T10:12:20.521+0000][7792][gc,age       ] GC(559) - age  10:       1088 bytes,    8154400 total
[2020-09-29T10:12:20.521+0000][7792][gc,age       ] GC(559) - age  11:      11104 bytes,    8165504 total
[2020-09-29T10:12:20.521+0000][7792][gc,age       ] GC(559) - age  12:      10352 bytes,    8175856 total
[2020-09-29T10:12:20.521+0000][7792][gc,age       ] GC(559) - age  13:       1312 bytes,    8177168 total
[2020-09-29T10:12:20.521+0000][7792][gc,age       ] GC(559) - age  14:        968 bytes,    8178136 total
[2020-09-29T10:12:20.521+0000][7792][gc,age       ] GC(559) - age  15:      18216 bytes,    8196352 total
[2020-09-29T10:12:20.521+0000][7792][gc,phases    ] GC(559)   Pre Evacuate Collection Set: 0.5ms
[2020-09-29T10:12:20.521+0000][7792][gc,phases    ] GC(559)   Merge Heap Roots: 0.2ms
[2020-09-29T10:12:20.521+0000][7792][gc,phases    ] GC(559)   Evacuate Collection Set: 2.9ms
[2020-09-29T10:12:20.521+0000][7792][gc,phases    ] GC(559)   Post Evacuate Collection Set: 1.2ms
[2020-09-29T10:12:20.521+0000][7792][gc,phases    ] GC(559)   Other: 1.2ms
[2020-09-29T10:12:20.522+0000][7792][gc,heap      ] GC(559) Eden regions: 100->0(476)
[2020-09-29T10:12:20.522+0000][7792][gc,heap      ] GC(559) Survivor regions: 12->9(61)
[2020-09-29T10:12:20.522+0000][7792][gc,heap      ] GC(559) Old regions: 84->84
[2020-09-29T10:12:20.522+0000][7792][gc,heap      ] GC(559) Archive regions: 0->0
[2020-09-29T10:12:20.522+0000][7792][gc,heap      ] GC(559) Humongous regions: 430->174
[2020-09-29T10:12:20.522+0000][7792][gc,metaspace ] GC(559) Metaspace: 90415K(96384K)->90415K(96384K) NonClass: 79122K(82688K)->79122K(82688K) Class: 11293K(13696K)->11293K(13696K)
[2020-09-29T10:12:20.522+0000][7792][gc           ] GC(559) Pause Young (Concurrent Start) (G1 Humongous Allocation) 624M->266M(1024M) 6.337ms
[2020-09-29T10:12:20.522+0000][7792][gc,cpu       ] GC(559) User=0.00s Sys=0.00s Real=0.01s
[2020-09-29T10:12:20.522+0000][7792][safepoint    ] Safepoint "G1TryInitiateConcMark", Time since last: 59506000 ns, Reaching safepoint: 157300 ns, At safepoint: 6555900 ns, Total: 6713200 ns
[2020-09-29T10:12:20.522+0000][7792][gc           ] GC(560) Concurrent Cycle
[2020-09-29T10:12:20.522+0000][7792][gc,marking   ] GC(560) Concurrent Clear Claimed Marks
[2020-09-29T10:12:20.522+0000][7792][gc,marking   ] GC(560) Concurrent Clear Claimed Marks 0.337ms
[2020-09-29T10:12:20.522+0000][7792][gc,marking   ] GC(560) Concurrent Scan Root Regions
[2020-09-29T10:12:20.525+0000][7792][gc,marking   ] GC(560) Concurrent Scan Root Regions 2.615ms
[2020-09-29T10:12:20.525+0000][7792][gc,marking   ] GC(560) Concurrent Mark (1003.627s)
[2020-09-29T10:12:20.525+0000][7792][gc,marking   ] GC(560) Concurrent Mark From Roots
[2020-09-29T10:12:20.525+0000][7792][gc,task      ] GC(560) Using 2 workers of 2 for marking
[2020-09-29T10:12:20.712+0000][7792][gc,marking   ] GC(560) Concurrent Mark From Roots 186.298ms
[2020-09-29T10:12:20.712+0000][7792][gc,marking   ] GC(560) Concurrent Preclean
[2020-09-29T10:12:20.712+0000][7792][gc,marking   ] GC(560) Concurrent Preclean 0.682ms
[2020-09-29T10:12:20.712+0000][7792][gc,marking   ] GC(560) Concurrent Mark (1003.627s, 1003.815s) 187.196ms
[2020-09-29T10:12:20.713+0000][7792][gc,start     ] GC(560) Pause Remark
[2020-09-29T10:12:20.721+0000][7792][gc           ] GC(560) Pause Remark 443M->443M(1024M) 8.068ms
[2020-09-29T10:12:20.721+0000][7792][gc,cpu       ] GC(560) User=0.11s Sys=0.00s Real=0.01s
[2020-09-29T10:12:20.721+0000][7792][safepoint    ] Safepoint "G1Concurrent", Time since last: 190555000 ns, Reaching safepoint: 160500 ns, At safepoint: 8318900 ns, Total: 8479400 ns
[2020-09-29T10:12:20.721+0000][7792][gc,marking   ] GC(560) Concurrent Rebuild Remembered Sets
[2020-09-29T10:12:20.825+0000][7792][gc,marking   ] GC(560) Concurrent Rebuild Remembered Sets 104.223ms
[2020-09-29T10:12:20.826+0000][7792][gc,start     ] GC(560) Pause Cleanup
[2020-09-29T10:12:20.826+0000][7792][gc           ] GC(560) Pause Cleanup 452M->452M(1024M) 0.431ms
[2020-09-29T10:12:20.827+0000][7792][gc,cpu       ] GC(560) User=0.02s Sys=0.00s Real=0.00s
[2020-09-29T10:12:20.827+0000][7792][safepoint    ] Safepoint "G1Concurrent", Time since last: 104407500 ns, Reaching safepoint: 666300 ns, At safepoint: 689000 ns, Total: 1355300 ns
[2020-09-29T10:12:20.827+0000][7792][gc,marking   ] GC(560) Concurrent Cleanup for Next Mark
[2020-09-29T10:12:20.829+0000][7792][gc,marking   ] GC(560) Concurrent Cleanup for Next Mark 1.707ms
[2020-09-29T10:12:20.829+0000][7792][gc           ] GC(560) Concurrent Cycle 306.740ms
[2020-09-29T10:12:20.854+0000][7792][gc,start     ] GC(561) Pause Young (Concurrent Start) (G1 Humongous Allocation)
[2020-09-29T10:12:20.854+0000][7792][gc,task      ] GC(561) Using 8 workers of 8 for evacuation
[2020-09-29T10:12:20.854+0000][7792][gc,age       ] GC(561) Desired survivor size 31981568 bytes, new threshold 15 (max threshold 15)
[2020-09-29T10:12:20.858+0000][7792][gc,age       ] GC(561) Age table with threshold 15 (max threshold 15)
[2020-09-29T10:12:20.858+0000][7792][gc,age       ] GC(561) - age   1:    3449408 bytes,    3449408 total
[2020-09-29T10:12:20.858+0000][7792][gc,age       ] GC(561) - age   2:      15512 bytes,    3464920 total
[2020-09-29T10:12:20.858+0000][7792][gc,age       ] GC(561) - age   3:       2568 bytes,    3467488 total
[2020-09-29T10:12:20.858+0000][7792][gc,age       ] GC(561) - age   4:       1576 bytes,    3469064 total
[2020-09-29T10:12:20.858+0000][7792][gc,age       ] GC(561) - age   5:      11720 bytes,    3480784 total
[2020-09-29T10:12:20.858+0000][7792][gc,age       ] GC(561) - age   6:       1392 bytes,    3482176 total
[2020-09-29T10:12:20.858+0000][7792][gc,age       ] GC(561) - age   7:      12384 bytes,    3494560 total
[2020-09-29T10:12:20.858+0000][7792][gc,age       ] GC(561) - age   8:      21480 bytes,    3516040 total
[2020-09-29T10:12:20.858+0000][7792][gc,age       ] GC(561) - age   9:       1720 bytes,    3517760 total
[2020-09-29T10:12:20.858+0000][7792][gc,age       ] GC(561) - age  10:       1016 bytes,    3518776 total
[2020-09-29T10:12:20.858+0000][7792][gc,age       ] GC(561) - age  11:       1056 bytes,    3519832 total
[2020-09-29T10:12:20.858+0000][7792][gc,age       ] GC(561) - age  12:      11104 bytes,    3530936 total
[2020-09-29T10:12:20.858+0000][7792][gc,age       ] GC(561) - age  13:      10192 bytes,    3541128 total
[2020-09-29T10:12:20.858+0000][7792][gc,age       ] GC(561) - age  14:       1312 bytes,    3542440 total
[2020-09-29T10:12:20.858+0000][7792][gc,age       ] GC(561) - age  15:        968 bytes,    3543408 total
[2020-09-29T10:12:20.859+0000][7792][gc,phases    ] GC(561)   Pre Evacuate Collection Set: 0.5ms
[2020-09-29T10:12:20.859+0000][7792][gc,phases    ] GC(561)   Merge Heap Roots: 0.1ms
[2020-09-29T10:12:20.859+0000][7792][gc,phases    ] GC(561)   Evacuate Collection Set: 2.2ms
[2020-09-29T10:12:20.859+0000][7792][gc,phases    ] GC(561)   Post Evacuate Collection Set: 0.9ms
[2020-09-29T10:12:20.859+0000][7792][gc,phases    ] GC(561)   Other: 1.2ms
[2020-09-29T10:12:20.859+0000][7792][gc,heap      ] GC(561) Eden regions: 51->0(485)
[2020-09-29T10:12:20.859+0000][7792][gc,heap      ] GC(561) Survivor regions: 9->4(61)
[2020-09-29T10:12:20.859+0000][7792][gc,heap      ] GC(561) Old regions: 84->84
[2020-09-29T10:12:20.859+0000][7792][gc,heap      ] GC(561) Archive regions: 0->0
[2020-09-29T10:12:20.859+0000][7792][gc,heap      ] GC(561) Humongous regions: 318->174
[2020-09-29T10:12:20.859+0000][7792][gc,metaspace ] GC(561) Metaspace: 90415K(96384K)->90415K(96384K) NonClass: 79122K(82688K)->79122K(82688K) Class: 11293K(13696K)->11293K(13696K)
[2020-09-29T10:12:20.859+0000][7792][gc           ] GC(561) Pause Young (Concurrent Start) (G1 Humongous Allocation) 460M->261M(1024M) 5.287ms
[2020-09-29T10:12:20.859+0000][7792][gc,cpu       ] GC(561) User=0.03s Sys=0.00s Real=0.00s
[2020-09-29T10:12:20.859+0000][7792][gc           ] GC(562) Concurrent Cycle
[2020-09-29T10:12:20.859+0000][7792][safepoint    ] Safepoint "G1TryInitiateConcMark", Time since last: 26828500 ns, Reaching safepoint: 159400 ns, At safepoint: 5523700 ns, Total: 5683100 ns
[2020-09-29T10:12:20.859+0000][7792][gc,marking   ] GC(562) Concurrent Clear Claimed Marks
[2020-09-29T10:12:20.860+0000][7792][gc,marking   ] GC(562) Concurrent Clear Claimed Marks 0.478ms
[2020-09-29T10:12:20.860+0000][7792][gc,marking   ] GC(562) Concurrent Scan Root Regions
[2020-09-29T10:12:20.862+0000][7792][gc,marking   ] GC(562) Concurrent Scan Root Regions 1.934ms
[2020-09-29T10:12:20.862+0000][7792][gc,marking   ] GC(562) Concurrent Mark (1003.964s)
[2020-09-29T10:12:20.862+0000][7792][gc,marking   ] GC(562) Concurrent Mark From Roots
[2020-09-29T10:12:20.862+0000][7792][gc,task      ] GC(562) Using 2 workers of 2 for marking
[2020-09-29T10:12:21.039+0000][7792][gc,marking   ] GC(562) Concurrent Mark From Roots 176.609ms
[2020-09-29T10:12:21.039+0000][7792][gc,marking   ] GC(562) Concurrent Preclean
[2020-09-29T10:12:21.040+0000][7792][gc,marking   ] GC(562) Concurrent Preclean 0.683ms
[2020-09-29T10:12:21.040+0000][7792][gc,marking   ] GC(562) Concurrent Mark (1003.964s, 1004.142s) 177.501ms
[2020-09-29T10:12:21.041+0000][7792][gc,start     ] GC(562) Pause Remark
[2020-09-29T10:12:21.048+0000][7792][gc           ] GC(562) Pause Remark 389M->389M(1024M) 7.724ms
[2020-09-29T10:12:21.048+0000][7792][gc,cpu       ] GC(562) User=0.11s Sys=0.00s Real=0.01s
[2020-09-29T10:12:21.048+0000][7792][safepoint    ] Safepoint "G1Concurrent", Time since last: 180303600 ns, Reaching safepoint: 522800 ns, At safepoint: 7959700 ns, Total: 8482500 ns
[2020-09-29T10:12:21.049+0000][7792][gc,marking   ] GC(562) Concurrent Rebuild Remembered Sets
[2020-09-29T10:12:21.151+0000][7792][gc,marking   ] GC(562) Concurrent Rebuild Remembered Sets 102.764ms
[2020-09-29T10:12:21.153+0000][7792][gc,start     ] GC(562) Pause Cleanup
[2020-09-29T10:12:21.153+0000][7792][gc           ] GC(562) Pause Cleanup 450M->450M(1024M) 0.428ms
[2020-09-29T10:12:21.153+0000][7792][gc,cpu       ] GC(562) User=0.00s Sys=0.00s Real=0.00s
[2020-09-29T10:12:21.153+0000][7792][safepoint    ] Safepoint "G1Concurrent", Time since last: 102984300 ns, Reaching safepoint: 1029900 ns, At safepoint: 647200 ns, Total: 1677100 ns
[2020-09-29T10:12:21.153+0000][7792][gc,marking   ] GC(562) Concurrent Cleanup for Next Mark
[2020-09-29T10:12:21.155+0000][7792][gc,marking   ] GC(562) Concurrent Cleanup for Next Mark 1.658ms
[2020-09-29T10:12:21.155+0000][7792][gc           ] GC(562) Concurrent Cycle 295.309ms
[2020-09-29T10:12:21.408+0000][7792][gc,start     ] GC(563) Pause Young (Concurrent Start) (G1 Humongous Allocation)
[2020-09-29T10:12:21.408+0000][7792][gc,task      ] GC(563) Using 8 workers of 8 for evacuation
[2020-09-29T10:12:21.408+0000][7792][gc,age       ] GC(563) Desired survivor size 32505856 bytes, new threshold 15 (max threshold 15)
[2020-09-29T10:12:21.413+0000][7792][gc,age       ] GC(563) Age table with threshold 15 (max threshold 15)
[2020-09-29T10:12:21.413+0000][7792][gc,age       ] GC(563) - age   1:   11271048 bytes,   11271048 total
[2020-09-29T10:12:21.413+0000][7792][gc,age       ] GC(563) - age   2:       1944 bytes,   11272992 total
[2020-09-29T10:12:21.413+0000][7792][gc,age       ] GC(563) - age   3:      11168 bytes,   11284160 total
[2020-09-29T10:12:21.413+0000][7792][gc,age       ] GC(563) - age   4:        728 bytes,   11284888 total
[2020-09-29T10:12:21.413+0000][7792][gc,age       ] GC(563) - age   5:       1480 bytes,   11286368 total
[2020-09-29T10:12:21.414+0000][7792][gc,age       ] GC(563) - age   6:      11624 bytes,   11297992 total
[2020-09-29T10:12:21.414+0000][7792][gc,age       ] GC(563) - age   7:       1072 bytes,   11299064 total
[2020-09-29T10:12:21.414+0000][7792][gc,age       ] GC(563) - age   8:      12320 bytes,   11311384 total
[2020-09-29T10:12:21.414+0000][7792][gc,age       ] GC(563) - age   9:      21480 bytes,   11332864 total
[2020-09-29T10:12:21.414+0000][7792][gc,age       ] GC(563) - age  10:       1624 bytes,   11334488 total
[2020-09-29T10:12:21.414+0000][7792][gc,age       ] GC(563) - age  11:       1016 bytes,   11335504 total
[2020-09-29T10:12:21.414+0000][7792][gc,age       ] GC(563) - age  12:       1056 bytes,   11336560 total
[2020-09-29T10:12:21.414+0000][7792][gc,age       ] GC(563) - age  13:      11104 bytes,   11347664 total
[2020-09-29T10:12:21.414+0000][7792][gc,age       ] GC(563) - age  14:      10192 bytes,   11357856 total
[2020-09-29T10:12:21.414+0000][7792][gc,age       ] GC(563) - age  15:       1120 bytes,   11358976 total
[2020-09-29T10:12:21.414+0000][7792][gc,phases    ] GC(563)   Pre Evacuate Collection Set: 0.4ms
[2020-09-29T10:12:21.414+0000][7792][gc,phases    ] GC(563)   Merge Heap Roots: 0.1ms
[2020-09-29T10:12:21.414+0000][7792][gc,phases    ] GC(563)   Evacuate Collection Set: 3.7ms
[2020-09-29T10:12:21.414+0000][7792][gc,phases    ] GC(563)   Post Evacuate Collection Set: 1.0ms
[2020-09-29T10:12:21.414+0000][7792][gc,phases    ] GC(563)   Other: 1.2ms
[2020-09-29T10:12:21.414+0000][7792][gc,heap      ] GC(563) Eden regions: 77->0(474)
[2020-09-29T10:12:21.414+0000][7792][gc,heap      ] GC(563) Survivor regions: 4->12(62)
[2020-09-29T10:12:21.414+0000][7792][gc,heap      ] GC(563) Old regions: 84->84
[2020-09-29T10:12:21.414+0000][7792][gc,heap      ] GC(563) Archive regions: 0->0
[2020-09-29T10:12:21.414+0000][7792][gc,heap      ] GC(563) Humongous regions: 318->174
[2020-09-29T10:12:21.415+0000][7792][gc,metaspace ] GC(563) Metaspace: 90422K(96384K)->90422K(96384K) NonClass: 79129K(82688K)->79129K(82688K) Class: 11293K(13696K)->11293K(13696K)
[2020-09-29T10:12:21.415+0000][7792][gc           ] GC(563) Pause Young (Concurrent Start) (G1 Humongous Allocation) 482M->268M(1024M) 6.962ms
[2020-09-29T10:12:21.415+0000][7792][gc,cpu       ] GC(563) User=0.00s Sys=0.00s Real=0.01s
[2020-09-29T10:12:21.415+0000][7792][gc           ] GC(564) Concurrent Cycle
[2020-09-29T10:12:21.415+0000][7792][gc,marking   ] GC(564) Concurrent Clear Claimed Marks
[2020-09-29T10:12:21.415+0000][7792][gc,marking   ] GC(564) Concurrent Clear Claimed Marks 0.372ms
[2020-09-29T10:12:21.415+0000][7792][gc,marking   ] GC(564) Concurrent Scan Root Regions
[2020-09-29T10:12:21.416+0000][7792][safepoint    ] Safepoint "G1TryInitiateConcMark", Time since last: 254233200 ns, Reaching safepoint: 202700 ns, At safepoint: 8385700 ns, Total: 8588400 ns
[2020-09-29T10:12:21.417+0000][7792][gc,marking   ] GC(564) Concurrent Scan Root Regions 1.927ms
[2020-09-29T10:12:21.417+0000][7792][gc,marking   ] GC(564) Concurrent Mark (1004.519s)
[2020-09-29T10:12:21.417+0000][7792][gc,marking   ] GC(564) Concurrent Mark From Roots
[2020-09-29T10:12:21.417+0000][7792][gc,task      ] GC(564) Using 2 workers of 2 for marking
[2020-09-29T10:12:21.607+0000][7792][gc,marking   ] GC(564) Concurrent Mark From Roots 189.507ms
[2020-09-29T10:12:21.607+0000][7792][gc,marking   ] GC(564) Concurrent Preclean
[2020-09-29T10:12:21.608+0000][7792][gc,marking   ] GC(564) Concurrent Preclean 0.783ms
[2020-09-29T10:12:21.608+0000][7792][gc,marking   ] GC(564) Concurrent Mark (1004.519s, 1004.710s) 190.523ms
[2020-09-29T10:12:21.608+0000][7792][gc,start     ] GC(564) Pause Remark
[2020-09-29T10:12:21.617+0000][7792][gc           ] GC(564) Pause Remark 520M->520M(1024M) 8.790ms
[2020-09-29T10:12:21.617+0000][7792][gc,cpu       ] GC(564) User=0.09s Sys=0.02s Real=0.01s
[2020-09-29T10:12:21.618+0000][7792][safepoint    ] Safepoint "G1Concurrent", Time since last: 192038000 ns, Reaching safepoint: 253700 ns, At safepoint: 9268200 ns, Total: 9521900 ns
[2020-09-29T10:12:21.618+0000][7792][gc,marking   ] GC(564) Concurrent Rebuild Remembered Sets
[2020-09-29T10:12:21.718+0000][7792][gc,marking   ] GC(564) Concurrent Rebuild Remembered Sets 100.794ms
[2020-09-29T10:12:21.719+0000][7792][gc,start     ] GC(564) Pause Cleanup
[2020-09-29T10:12:21.719+0000][7792][gc           ] GC(564) Pause Cleanup 596M->596M(1024M) 0.444ms
[2020-09-29T10:12:21.719+0000][7792][gc,cpu       ] GC(564) User=0.00s Sys=0.00s Real=0.00s
[2020-09-29T10:12:21.719+0000][7792][safepoint    ] Safepoint "G1Concurrent", Time since last: 101012200 ns, Reaching safepoint: 254900 ns, At safepoint: 688100 ns, Total: 943000 ns
[2020-09-29T10:12:21.720+0000][7792][gc,marking   ] GC(564) Concurrent Cleanup for Next Mark
[2020-09-29T10:12:21.721+0000][7792][gc,marking   ] GC(564) Concurrent Cleanup for Next Mark 1.674ms
[2020-09-29T10:12:21.721+0000][7792][gc           ] GC(564) Concurrent Cycle 306.651ms
[2020-09-29T10:12:21.778+0000][7792][gc,start     ] GC(565) Pause Young (Concurrent Start) (G1 Humongous Allocation)
[2020-09-29T10:12:21.778+0000][7792][gc,task      ] GC(565) Using 8 workers of 8 for evacuation
[2020-09-29T10:12:21.778+0000][7792][gc,age       ] GC(565) Desired survivor size 31981568 bytes, new threshold 15 (max threshold 15)
[2020-09-29T10:12:21.784+0000][7792][gc,age       ] GC(565) Age table with threshold 15 (max threshold 15)
[2020-09-29T10:12:21.784+0000][7792][gc,age       ] GC(565) - age   1:   12737648 bytes,   12737648 total
[2020-09-29T10:12:21.784+0000][7792][gc,age       ] GC(565) - age   2:      15672 bytes,   12753320 total
[2020-09-29T10:12:21.784+0000][7792][gc,age       ] GC(565) - age   3:        800 bytes,   12754120 total
[2020-09-29T10:12:21.784+0000][7792][gc,age       ] GC(565) - age   4:       1440 bytes,   12755560 total
[2020-09-29T10:12:21.785+0000][7792][gc,age       ] GC(565) - age   5:        560 bytes,   12756120 total
[2020-09-29T10:12:21.785+0000][7792][gc,age       ] GC(565) - age   6:       1448 bytes,   12757568 total
[2020-09-29T10:12:21.785+0000][7792][gc,age       ] GC(565) - age   7:      11624 bytes,   12769192 total
[2020-09-29T10:12:21.785+0000][7792][gc,age       ] GC(565) - age   8:       1072 bytes,   12770264 total
[2020-09-29T10:12:21.785+0000][7792][gc,age       ] GC(565) - age   9:      12320 bytes,   12782584 total
[2020-09-29T10:12:21.785+0000][7792][gc,age       ] GC(565) - age  10:      21480 bytes,   12804064 total
[2020-09-29T10:12:21.785+0000][7792][gc,age       ] GC(565) - age  11:       1624 bytes,   12805688 total
[2020-09-29T10:12:21.785+0000][7792][gc,age       ] GC(565) - age  12:       1016 bytes,   12806704 total
[2020-09-29T10:12:21.785+0000][7792][gc,age       ] GC(565) - age  13:       1056 bytes,   12807760 total
[2020-09-29T10:12:21.785+0000][7792][gc,age       ] GC(565) - age  14:      11104 bytes,   12818864 total
[2020-09-29T10:12:21.785+0000][7792][gc,age       ] GC(565) - age  15:      10192 bytes,   12829056 total
[2020-09-29T10:12:21.785+0000][7792][gc,phases    ] GC(565)   Pre Evacuate Collection Set: 0.5ms
[2020-09-29T10:12:21.785+0000][7792][gc,phases    ] GC(565)   Merge Heap Roots: 0.1ms
[2020-09-29T10:12:21.785+0000][7792][gc,phases    ] GC(565)   Evacuate Collection Set: 4.4ms
[2020-09-29T10:12:21.785+0000][7792][gc,phases    ] GC(565)   Post Evacuate Collection Set: 1.1ms
[2020-09-29T10:12:21.785+0000][7792][gc,phases    ] GC(565)   Other: 1.4ms
[2020-09-29T10:12:21.785+0000][7792][gc,heap      ] GC(565) Eden regions: 98->0(469)
[2020-09-29T10:12:21.786+0000][7792][gc,heap      ] GC(565) Survivor regions: 12->14(61)
[2020-09-29T10:12:21.786+0000][7792][gc,heap      ] GC(565) Old regions: 84->84
[2020-09-29T10:12:21.786+0000][7792][gc,heap      ] GC(565) Archive regions: 0->0
[2020-09-29T10:12:21.786+0000][7792][gc,heap      ] GC(565) Humongous regions: 430->174
[2020-09-29T10:12:21.786+0000][7792][gc,metaspace ] GC(565) Metaspace: 90425K(96384K)->90425K(96384K) NonClass: 79131K(82688K)->79131K(82688K) Class: 11293K(13696K)->11293K(13696K)
[2020-09-29T10:12:21.786+0000][7792][gc           ] GC(565) Pause Young (Concurrent Start) (G1 Humongous Allocation) 622M->270M(1024M) 8.119ms
[2020-09-29T10:12:21.786+0000][7792][gc,cpu       ] GC(565) User=0.11s Sys=0.00s Real=0.01s
[2020-09-29T10:12:21.786+0000][7792][gc           ] GC(566) Concurrent Cycle
[2020-09-29T10:12:21.786+0000][7792][safepoint    ] Safepoint "G1TryInitiateConcMark", Time since last: 57919600 ns, Reaching safepoint: 206900 ns, At safepoint: 8424200 ns, Total: 8631100 ns
[2020-09-29T10:12:21.786+0000][7792][gc,marking   ] GC(566) Concurrent Clear Claimed Marks
[2020-09-29T10:12:21.787+0000][7792][gc,marking   ] GC(566) Concurrent Clear Claimed Marks 0.589ms
[2020-09-29T10:12:21.787+0000][7792][gc,marking   ] GC(566) Concurrent Scan Root Regions
[2020-09-29T10:12:21.791+0000][7792][gc,marking   ] GC(566) Concurrent Scan Root Regions 3.546ms
[2020-09-29T10:12:21.791+0000][7792][gc,marking   ] GC(566) Concurrent Mark (1004.892s)
[2020-09-29T10:12:21.791+0000][7792][gc,marking   ] GC(566) Concurrent Mark From Roots
[2020-09-29T10:12:21.791+0000][7792][gc,task      ] GC(566) Using 2 workers of 2 for marking
[2020-09-29T10:12:21.975+0000][7792][gc,marking   ] GC(566) Concurrent Mark From Roots 185.410ms
[2020-09-29T10:12:21.976+0000][7792][gc,marking   ] GC(566) Concurrent Preclean
[2020-09-29T10:12:21.976+0000][7792][gc,marking   ] GC(566) Concurrent Preclean 0.863ms
[2020-09-29T10:12:21.977+0000][7792][gc,marking   ] GC(566) Concurrent Mark (1004.892s, 1005.079s) 186.529ms
[2020-09-29T10:12:21.977+0000][7792][gc,start     ] GC(566) Pause Remark
[2020-09-29T10:12:21.985+0000][7792][gc           ] GC(566) Pause Remark 587M->587M(1024M) 8.092ms
[2020-09-29T10:12:21.985+0000][7792][gc,cpu       ] GC(566) User=0.09s Sys=0.00s Real=0.01s
[2020-09-29T10:12:21.985+0000][7792][safepoint    ] Safepoint "G1Concurrent", Time since last: 191230200 ns, Reaching safepoint: 335000 ns, At safepoint: 8371200 ns, Total: 8706200 ns
[2020-09-29T10:12:21.985+0000][7792][gc,marking   ] GC(566) Concurrent Rebuild Remembered Sets
[2020-09-29T10:12:22.083+0000][7792][gc,marking   ] GC(566) Concurrent Rebuild Remembered Sets 97.642ms
[2020-09-29T10:12:22.083+0000][7792][gc,start     ] GC(566) Pause Cleanup
[2020-09-29T10:12:22.084+0000][7792][gc           ] GC(566) Pause Cleanup 667M->667M(1024M) 0.439ms
[2020-09-29T10:12:22.084+0000][7792][gc,cpu       ] GC(566) User=0.00s Sys=0.00s Real=0.00s
[2020-09-29T10:12:22.084+0000][7792][safepoint    ] Safepoint "G1Concurrent", Time since last: 97851400 ns, Reaching safepoint: 153700 ns, At safepoint: 670000 ns, Total: 823700 ns
[2020-09-29T10:12:22.084+0000][7792][gc,marking   ] GC(566) Concurrent Cleanup for Next Mark
[2020-09-29T10:12:22.086+0000][7792][gc,marking   ] GC(566) Concurrent Cleanup for Next Mark 1.609ms
[2020-09-29T10:12:22.086+0000][7792][gc           ] GC(566) Concurrent Cycle 300.446ms
[2020-09-29T10:12:22.122+0000][7792][gc,start     ] GC(567) Pause Young (Concurrent Start) (G1 Humongous Allocation)
[2020-09-29T10:12:22.122+0000][7792][gc,task      ] GC(567) Using 8 workers of 8 for evacuation
[2020-09-29T10:12:22.122+0000][7792][gc,age       ] GC(567) Desired survivor size 31981568 bytes, new threshold 15 (max threshold 15)
[2020-09-29T10:12:22.127+0000][7792][gc,age       ] GC(567) Age table with threshold 15 (max threshold 15)
[2020-09-29T10:12:22.127+0000][7792][gc,age       ] GC(567) - age   1:    3953960 bytes,    3953960 total
[2020-09-29T10:12:22.127+0000][7792][gc,age       ] GC(567) - age   2:       7320 bytes,    3961280 total
[2020-09-29T10:12:22.127+0000][7792][gc,age       ] GC(567) - age   3:      14872 bytes,    3976152 total
[2020-09-29T10:12:22.127+0000][7792][gc,age       ] GC(567) - age   4:        800 bytes,    3976952 total
[2020-09-29T10:12:22.127+0000][7792][gc,age       ] GC(567) - age   5:       1296 bytes,    3978248 total
[2020-09-29T10:12:22.127+0000][7792][gc,age       ] GC(567) - age   6:        528 bytes,    3978776 total
[2020-09-29T10:12:22.127+0000][7792][gc,age       ] GC(567) - age   7:       1448 bytes,    3980224 total
[2020-09-29T10:12:22.127+0000][7792][gc,age       ] GC(567) - age   8:      11176 bytes,    3991400 total
[2020-09-29T10:12:22.127+0000][7792][gc,age       ] GC(567) - age   9:       1040 bytes,    3992440 total
[2020-09-29T10:12:22.127+0000][7792][gc,age       ] GC(567) - age  10:      12320 bytes,    4004760 total
[2020-09-29T10:12:22.127+0000][7792][gc,age       ] GC(567) - age  11:      21480 bytes,    4026240 total
[2020-09-29T10:12:22.127+0000][7792][gc,age       ] GC(567) - age  12:       1528 bytes,    4027768 total
[2020-09-29T10:12:22.128+0000][7792][gc,age       ] GC(567) - age  13:        952 bytes,    4028720 total
[2020-09-29T10:12:22.128+0000][7792][gc,age       ] GC(567) - age  14:       1056 bytes,    4029776 total
[2020-09-29T10:12:22.128+0000][7792][gc,age       ] GC(567) - age  15:      11104 bytes,    4040880 total
[2020-09-29T10:12:22.128+0000][7792][gc,phases    ] GC(567)   Pre Evacuate Collection Set: 0.5ms
[2020-09-29T10:12:22.128+0000][7792][gc,phases    ] GC(567)   Merge Heap Roots: 0.1ms
[2020-09-29T10:12:22.128+0000][7792][gc,phases    ] GC(567)   Evacuate Collection Set: 2.8ms
[2020-09-29T10:12:22.128+0000][7792][gc,phases    ] GC(567)   Post Evacuate Collection Set: 1.1ms
[2020-09-29T10:12:22.128+0000][7792][gc,phases    ] GC(567)   Other: 1.3ms
[2020-09-29T10:12:22.128+0000][7792][gc,heap      ] GC(567) Eden regions: 99->0(481)
[2020-09-29T10:12:22.128+0000][7792][gc,heap      ] GC(567) Survivor regions: 14->5(61)
[2020-09-29T10:12:22.128+0000][7792][gc,heap      ] GC(567) Old regions: 84->84
[2020-09-29T10:12:22.128+0000][7792][gc,heap      ] GC(567) Archive regions: 0->0
[2020-09-29T10:12:22.128+0000][7792][gc,heap      ] GC(567) Humongous regions: 482->174
[2020-09-29T10:12:22.128+0000][7792][gc,metaspace ] GC(567) Metaspace: 90425K(96384K)->90425K(96384K) NonClass: 79131K(82688K)->79131K(82688K) Class: 11293K(13696K)->11293K(13696K)
[2020-09-29T10:12:22.128+0000][7792][gc           ] GC(567) Pause Young (Concurrent Start) (G1 Humongous Allocation) 676M->261M(1024M) 6.375ms
[2020-09-29T10:12:22.128+0000][7792][gc,cpu       ] GC(567) User=0.09s Sys=0.00s Real=0.01s
[2020-09-29T10:12:22.128+0000][7792][gc           ] GC(568) Concurrent Cycle
[2020-09-29T10:12:22.128+0000][7792][gc,marking   ] GC(568) Concurrent Clear Claimed Marks
[2020-09-29T10:12:22.129+0000][7792][safepoint    ] Safepoint "G1TryInitiateConcMark", Time since last: 37654300 ns, Reaching safepoint: 174400 ns, At safepoint: 6781600 ns, Total: 6956000 ns
[2020-09-29T10:12:22.129+0000][7792][gc,marking   ] GC(568) Concurrent Clear Claimed Marks 0.380ms
[2020-09-29T10:12:22.129+0000][7792][gc,marking   ] GC(568) Concurrent Scan Root Regions
[2020-09-29T10:12:22.132+0000][7792][gc,marking   ] GC(568) Concurrent Scan Root Regions 3.211ms
[2020-09-29T10:12:22.132+0000][7792][gc,marking   ] GC(568) Concurrent Mark (1005.235s)
[2020-09-29T10:12:22.132+0000][7792][gc,marking   ] GC(568) Concurrent Mark From Roots
[2020-09-29T10:12:22.132+0000][7792][gc,task      ] GC(568) Using 2 workers of 2 for marking
[2020-09-29T10:12:22.304+0000][7792][gc,marking   ] GC(568) Concurrent Mark From Roots 171.629ms
[2020-09-29T10:12:22.305+0000][7792][gc,marking   ] GC(568) Concurrent Preclean
[2020-09-29T10:12:22.305+0000][7792][gc,marking   ] GC(568) Concurrent Preclean 0.667ms
[2020-09-29T10:12:22.305+0000][7792][gc,marking   ] GC(568) Concurrent Mark (1005.235s, 1005.407s) 172.593ms
[2020-09-29T10:12:22.306+0000][7792][gc,start     ] GC(568) Pause Remark
[2020-09-29T10:12:22.315+0000][7792][gc           ] GC(568) Pause Remark 400M->400M(1024M) 8.804ms
[2020-09-29T10:12:22.315+0000][7792][gc,cpu       ] GC(568) User=0.09s Sys=0.02s Real=0.01s
[2020-09-29T10:12:22.315+0000][7792][safepoint    ] Safepoint "G1Concurrent", Time since last: 176390000 ns, Reaching safepoint: 197200 ns, At safepoint: 9078400 ns, Total: 9275600 ns
[2020-09-29T10:12:22.315+0000][7792][gc,marking   ] GC(568) Concurrent Rebuild Remembered Sets
[2020-09-29T10:12:22.411+0000][7792][gc,marking   ] GC(568) Concurrent Rebuild Remembered Sets 96.071ms
[2020-09-29T10:12:22.411+0000][7792][gc,start     ] GC(568) Pause Cleanup
[2020-09-29T10:12:22.412+0000][7792][gc           ] GC(568) Pause Cleanup 534M->534M(1024M) 0.395ms
[2020-09-29T10:12:22.412+0000][7792][gc,cpu       ] GC(568) User=0.00s Sys=0.00s Real=0.00s
[2020-09-29T10:12:22.412+0000][7792][safepoint    ] Safepoint "G1Concurrent", Time since last: 96294200 ns, Reaching safepoint: 182400 ns, At safepoint: 573300 ns, Total: 755700 ns
[2020-09-29T10:12:22.412+0000][7792][gc,marking   ] GC(568) Concurrent Cleanup for Next Mark
[2020-09-29T10:12:22.413+0000][7792][gc,marking   ] GC(568) Concurrent Cleanup for Next Mark 1.597ms
[2020-09-29T10:12:22.414+0000][7792][gc           ] GC(568) Concurrent Cycle 284.739ms
[2020-09-29T10:12:22.524+0000][7792][gc,start     ] GC(569) Pause Young (Concurrent Start) (G1 Humongous Allocation)
[2020-09-29T10:12:22.525+0000][7792][gc,task      ] GC(569) Using 8 workers of 8 for evacuation
[2020-09-29T10:12:22.525+0000][7792][gc,age       ] GC(569) Desired survivor size 31981568 bytes, new threshold 15 (max threshold 15)
[2020-09-29T10:12:22.529+0000][7792][gc,age       ] GC(569) Age table with threshold 15 (max threshold 15)
[2020-09-29T10:12:22.529+0000][7792][gc,age       ] GC(569) - age   1:    8028784 bytes,    8028784 total
[2020-09-29T10:12:22.529+0000][7792][gc,age       ] GC(569) - age   2:       2688 bytes,    8031472 total
[2020-09-29T10:12:22.529+0000][7792][gc,age       ] GC(569) - age   3:       2984 bytes,    8034456 total
[2020-09-29T10:12:22.529+0000][7792][gc,age       ] GC(569) - age   4:      13704 bytes,    8048160 total
[2020-09-29T10:12:22.529+0000][7792][gc,age       ] GC(569) - age   5:        576 bytes,    8048736 total
[2020-09-29T10:12:22.529+0000][7792][gc,age       ] GC(569) - age   6:       1264 bytes,    8050000 total
[2020-09-29T10:12:22.529+0000][7792][gc,age       ] GC(569) - age   7:        528 bytes,    8050528 total
[2020-09-29T10:12:22.529+0000][7792][gc,age       ] GC(569) - age   8:       1384 bytes,    8051912 total
[2020-09-29T10:12:22.529+0000][7792][gc,age       ] GC(569) - age   9:      10696 bytes,    8062608 total
[2020-09-29T10:12:22.529+0000][7792][gc,age       ] GC(569) - age  10:        944 bytes,    8063552 total
[2020-09-29T10:12:22.530+0000][7792][gc,age       ] GC(569) - age  11:      12192 bytes,    8075744 total
[2020-09-29T10:12:22.530+0000][7792][gc,age       ] GC(569) - age  12:      21480 bytes,    8097224 total
[2020-09-29T10:12:22.530+0000][7792][gc,age       ] GC(569) - age  13:       1528 bytes,    8098752 total
[2020-09-29T10:12:22.530+0000][7792][gc,age       ] GC(569) - age  14:        920 bytes,    8099672 total
[2020-09-29T10:12:22.530+0000][7792][gc,age       ] GC(569) - age  15:        992 bytes,    8100664 total
[2020-09-29T10:12:22.530+0000][7792][gc,phases    ] GC(569)   Pre Evacuate Collection Set: 0.4ms
[2020-09-29T10:12:22.530+0000][7792][gc,phases    ] GC(569)   Merge Heap Roots: 0.1ms
[2020-09-29T10:12:22.530+0000][7792][gc,phases    ] GC(569)   Evacuate Collection Set: 2.8ms
[2020-09-29T10:12:22.530+0000][7792][gc,phases    ] GC(569)   Post Evacuate Collection Set: 1.0ms
[2020-09-29T10:12:22.530+0000][7792][gc,phases    ] GC(569)   Other: 1.1ms
[2020-09-29T10:12:22.530+0000][7792][gc,heap      ] GC(569) Eden regions: 94->0(478)
[2020-09-29T10:12:22.530+0000][7792][gc,heap      ] GC(569) Survivor regions: 5->9(61)
[2020-09-29T10:12:22.530+0000][7792][gc,heap      ] GC(569) Old regions: 84->84
[2020-09-29T10:12:22.530+0000][7792][gc,heap      ] GC(569) Archive regions: 0->0
[2020-09-29T10:12:22.530+0000][7792][gc,heap      ] GC(569) Humongous regions: 378->174
[2020-09-29T10:12:22.530+0000][7792][gc,metaspace ] GC(569) Metaspace: 90431K(96384K)->90431K(96384K) NonClass: 79137K(82688K)->79137K(82688K) Class: 11293K(13696K)->11293K(13696K)
[2020-09-29T10:12:22.530+0000][7792][gc           ] GC(569) Pause Young (Concurrent Start) (G1 Humongous Allocation) 559M->265M(1024M) 5.721ms
[2020-09-29T10:12:22.530+0000][7792][gc,cpu       ] GC(569) User=0.00s Sys=0.00s Real=0.01s
[2020-09-29T10:12:22.530+0000][7792][gc           ] GC(570) Concurrent Cycle
[2020-09-29T10:12:22.530+0000][7792][safepoint    ] Safepoint "G1TryInitiateConcMark", Time since last: 112412400 ns, Reaching safepoint: 186200 ns, At safepoint: 5946900 ns, Total: 6133100 ns
[2020-09-29T10:12:22.530+0000][7792][gc,marking   ] GC(570) Concurrent Clear Claimed Marks
[2020-09-29T10:12:22.531+0000][7792][gc,marking   ] GC(570) Concurrent Clear Claimed Marks 0.505ms
[2020-09-29T10:12:22.531+0000][7792][gc,marking   ] GC(570) Concurrent Scan Root Regions
[2020-09-29T10:12:22.533+0000][7792][gc,marking   ] GC(570) Concurrent Scan Root Regions 1.941ms
[2020-09-29T10:12:22.533+0000][7792][gc,marking   ] GC(570) Concurrent Mark (1005.635s)
[2020-09-29T10:12:22.533+0000][7792][gc,marking   ] GC(570) Concurrent Mark From Roots
[2020-09-29T10:12:22.533+0000][7792][gc,task      ] GC(570) Using 2 workers of 2 for marking
[2020-09-29T10:12:22.708+0000][7792][gc,marking   ] GC(570) Concurrent Mark From Roots 175.397ms
[2020-09-29T10:12:22.708+0000][7792][gc,marking   ] GC(570) Concurrent Preclean
[2020-09-29T10:12:22.709+0000][7792][gc,marking   ] GC(570) Concurrent Preclean 1.052ms
[2020-09-29T10:12:22.709+0000][7792][gc,marking   ] GC(570) Concurrent Mark (1005.635s, 1005.812s) 176.743ms
[2020-09-29T10:12:22.709+0000][7792][gc,start     ] GC(570) Pause Remark
[2020-09-29T10:12:22.717+0000][7792][gc           ] GC(570) Pause Remark 454M->454M(1024M) 7.941ms
[2020-09-29T10:12:22.717+0000][7792][gc,cpu       ] GC(570) User=0.00s Sys=0.00s Real=0.01s
[2020-09-29T10:12:22.718+0000][7792][safepoint    ] Safepoint "G1Concurrent", Time since last: 179511900 ns, Reaching safepoint: 168700 ns, At safepoint: 8200700 ns, Total: 8369400 ns
[2020-09-29T10:12:22.718+0000][7792][gc,marking   ] GC(570) Concurrent Rebuild Remembered Sets
[2020-09-29T10:12:22.819+0000][7792][gc,marking   ] GC(570) Concurrent Rebuild Remembered Sets 100.750ms
[2020-09-29T10:12:22.819+0000][7792][gc,start     ] GC(570) Pause Cleanup
[2020-09-29T10:12:22.819+0000][7792][gc           ] GC(570) Pause Cleanup 454M->454M(1024M) 0.416ms
[2020-09-29T10:12:22.820+0000][7792][gc,cpu       ] GC(570) User=0.00s Sys=0.00s Real=0.00s
[2020-09-29T10:12:22.820+0000][7792][safepoint    ] Safepoint "G1Concurrent", Time since last: 101299400 ns, Reaching safepoint: 162300 ns, At safepoint: 670200 ns, Total: 832500 ns
[2020-09-29T10:12:22.820+0000][7792][gc,marking   ] GC(570) Concurrent Cleanup for Next Mark
[2020-09-29T10:12:22.822+0000][7792][gc,marking   ] GC(570) Concurrent Cleanup for Next Mark 1.953ms
[2020-09-29T10:12:22.822+0000][7792][gc           ] GC(570) Concurrent Cycle 292.382ms
[2020-09-29T10:12:23.029+0000][7792][gc,start     ] GC(571) Pause Young (Concurrent Start) (G1 Humongous Allocation)
[2020-09-29T10:12:23.029+0000][7792][gc,task      ] GC(571) Using 8 workers of 8 for evacuation
[2020-09-29T10:12:23.029+0000][7792][gc,age       ] GC(571) Desired survivor size 31981568 bytes, new threshold 15 (max threshold 15)
[2020-09-29T10:12:23.034+0000][7792][gc,age       ] GC(571) Age table with threshold 15 (max threshold 15)
[2020-09-29T10:12:23.035+0000][7792][gc,age       ] GC(571) - age   1:    2608136 bytes,    2608136 total
[2020-09-29T10:12:23.035+0000][7792][gc,age       ] GC(571) - age   2:      77560 bytes,    2685696 total
[2020-09-29T10:12:23.035+0000][7792][gc,age       ] GC(571) - age   3:       1888 bytes,    2687584 total
[2020-09-29T10:12:23.035+0000][7792][gc,age       ] GC(571) - age   4:       2160 bytes,    2689744 total
[2020-09-29T10:12:23.035+0000][7792][gc,age       ] GC(571) - age   5:      13320 bytes,    2703064 total
[2020-09-29T10:12:23.035+0000][7792][gc,age       ] GC(571) - age   6:        544 bytes,    2703608 total
[2020-09-29T10:12:23.035+0000][7792][gc,age       ] GC(571) - age   7:       1200 bytes,    2704808 total
[2020-09-29T10:12:23.035+0000][7792][gc,age       ] GC(571) - age   8:        528 bytes,    2705336 total
[2020-09-29T10:12:23.035+0000][7792][gc,age       ] GC(571) - age   9:       1352 bytes,    2706688 total
[2020-09-29T10:12:23.035+0000][7792][gc,age       ] GC(571) - age  10:      10632 bytes,    2717320 total
[2020-09-29T10:12:23.035+0000][7792][gc,age       ] GC(571) - age  11:        944 bytes,    2718264 total
[2020-09-29T10:12:23.035+0000][7792][gc,age       ] GC(571) - age  12:      12160 bytes,    2730424 total
[2020-09-29T10:12:23.035+0000][7792][gc,age       ] GC(571) - age  13:      21480 bytes,    2751904 total
[2020-09-29T10:12:23.035+0000][7792][gc,age       ] GC(571) - age  14:       1464 bytes,    2753368 total
[2020-09-29T10:12:23.035+0000][7792][gc,age       ] GC(571) - age  15:        920 bytes,    2754288 total
[2020-09-29T10:12:23.035+0000][7792][gc,phases    ] GC(571)   Pre Evacuate Collection Set: 0.5ms
[2020-09-29T10:12:23.035+0000][7792][gc,phases    ] GC(571)   Merge Heap Roots: 0.6ms
[2020-09-29T10:12:23.035+0000][7792][gc,phases    ] GC(571)   Evacuate Collection Set: 2.3ms
[2020-09-29T10:12:23.035+0000][7792][gc,phases    ] GC(571)   Post Evacuate Collection Set: 1.3ms
[2020-09-29T10:12:23.036+0000][7792][gc,phases    ] GC(571)   Other: 1.4ms
[2020-09-29T10:12:23.036+0000][7792][gc,heap      ] GC(571) Eden regions: 53->0(486)
[2020-09-29T10:12:23.036+0000][7792][gc,heap      ] GC(571) Survivor regions: 9->4(61)
[2020-09-29T10:12:23.036+0000][7792][gc,heap      ] GC(571) Old regions: 84->84
[2020-09-29T10:12:23.036+0000][7792][gc,heap      ] GC(571) Archive regions: 0->0
[2020-09-29T10:12:23.036+0000][7792][gc,heap      ] GC(571) Humongous regions: 318->174
[2020-09-29T10:12:23.036+0000][7792][gc,metaspace ] GC(571) Metaspace: 90431K(96384K)->90431K(96384K) NonClass: 79137K(82688K)->79137K(82688K) Class: 11293K(13696K)->11293K(13696K)
[2020-09-29T10:12:23.036+0000][7792][gc           ] GC(571) Pause Young (Concurrent Start) (G1 Humongous Allocation) 461M->260M(1024M) 6.531ms
[2020-09-29T10:12:23.036+0000][7792][gc,cpu       ] GC(571) User=0.02s Sys=0.00s Real=0.01s
[2020-09-29T10:12:23.036+0000][7792][gc           ] GC(572) Concurrent Cycle
[2020-09-29T10:12:23.036+0000][7792][safepoint    ] Safepoint "G1TryInitiateConcMark", Time since last: 208974200 ns, Reaching safepoint: 178200 ns, At safepoint: 6767600 ns, Total: 6945800 ns
[2020-09-29T10:12:23.036+0000][7792][gc,marking   ] GC(572) Concurrent Clear Claimed Marks
[2020-09-29T10:12:23.037+0000][7792][gc,marking   ] GC(572) Concurrent Clear Claimed Marks 0.919ms
[2020-09-29T10:12:23.037+0000][7792][gc,marking   ] GC(572) Concurrent Scan Root Regions
[2020-09-29T10:12:23.040+0000][7792][gc,marking   ] GC(572) Concurrent Scan Root Regions 2.896ms
[2020-09-29T10:12:23.040+0000][7792][gc,marking   ] GC(572) Concurrent Mark (1006.142s)
[2020-09-29T10:12:23.040+0000][7792][gc,marking   ] GC(572) Concurrent Mark From Roots
[2020-09-29T10:12:23.040+0000][7792][gc,task      ] GC(572) Using 2 workers of 2 for marking
[2020-09-29T10:12:23.197+0000][7792][gc,marking   ] GC(572) Concurrent Mark From Roots 156.064ms
[2020-09-29T10:12:23.197+0000][7792][gc,marking   ] GC(572) Concurrent Preclean
[2020-09-29T10:12:23.198+0000][7792][gc,marking   ] GC(572) Concurrent Preclean 0.959ms
[2020-09-29T10:12:23.198+0000][7792][gc,marking   ] GC(572) Concurrent Mark (1006.142s, 1006.300s) 157.290ms
[2020-09-29T10:12:23.198+0000][7792][gc,start     ] GC(572) Pause Remark
[2020-09-29T10:12:23.206+0000][7792][gc           ] GC(572) Pause Remark 599M->599M(1024M) 7.148ms
[2020-09-29T10:12:23.206+0000][7792][gc,cpu       ] GC(572) User=0.13s Sys=0.00s Real=0.01s
[2020-09-29T10:12:23.206+0000][7792][safepoint    ] Safepoint "G1Concurrent", Time since last: 161635300 ns, Reaching safepoint: 230400 ns, At safepoint: 7585200 ns, Total: 7815600 ns
[2020-09-29T10:12:23.206+0000][7792][gc,marking   ] GC(572) Concurrent Rebuild Remembered Sets
[2020-09-29T10:12:23.301+0000][7792][gc,marking   ] GC(572) Concurrent Rebuild Remembered Sets 95.016ms
[2020-09-29T10:12:23.301+0000][7792][gc,start     ] GC(572) Pause Cleanup
[2020-09-29T10:12:23.302+0000][7792][gc           ] GC(572) Pause Cleanup 740M->740M(1024M) 0.385ms
[2020-09-29T10:12:23.302+0000][7792][gc,cpu       ] GC(572) User=0.00s Sys=0.00s Real=0.00s
[2020-09-29T10:12:23.302+0000][7792][safepoint    ] Safepoint "G1Concurrent", Time since last: 95240400 ns, Reaching safepoint: 154800 ns, At safepoint: 592800 ns, Total: 747600 ns
[2020-09-29T10:12:23.302+0000][7792][gc,marking   ] GC(572) Concurrent Cleanup for Next Mark
[2020-09-29T10:12:23.304+0000][7792][gc,marking   ] GC(572) Concurrent Cleanup for Next Mark 1.827ms
[2020-09-29T10:12:23.304+0000][7792][gc           ] GC(572) Concurrent Cycle 267.465ms
[2020-09-29T10:12:23.310+0000][7792][gc,start     ] GC(573) Pause Young (Concurrent Start) (G1 Humongous Allocation)
[2020-09-29T10:12:23.310+0000][7792][gc,task      ] GC(573) Using 8 workers of 8 for evacuation
[2020-09-29T10:12:23.310+0000][7792][gc,age       ] GC(573) Desired survivor size 32505856 bytes, new threshold 15 (max threshold 15)
[2020-09-29T10:12:23.314+0000][7792][gc,age       ] GC(573) Age table with threshold 15 (max threshold 15)
[2020-09-29T10:12:23.314+0000][7792][gc,age       ] GC(573) - age   1:    3916400 bytes,    3916400 total
[2020-09-29T10:12:23.314+0000][7792][gc,age       ] GC(573) - age   2:       3120 bytes,    3919520 total
[2020-09-29T10:12:23.314+0000][7792][gc,age       ] GC(573) - age   3:      65384 bytes,    3984904 total
[2020-09-29T10:12:23.314+0000][7792][gc,age       ] GC(573) - age   4:       1000 bytes,    3985904 total
[2020-09-29T10:12:23.314+0000][7792][gc,age       ] GC(573) - age   5:       1840 bytes,    3987744 total
[2020-09-29T10:12:23.314+0000][7792][gc,age       ] GC(573) - age   6:      13064 bytes,    4000808 total
[2020-09-29T10:12:23.314+0000][7792][gc,age       ] GC(573) - age   7:        480 bytes,    4001288 total
[2020-09-29T10:12:23.314+0000][7792][gc,age       ] GC(573) - age   8:       1200 bytes,    4002488 total
[2020-09-29T10:12:23.314+0000][7792][gc,age       ] GC(573) - age   9:        528 bytes,    4003016 total
[2020-09-29T10:12:23.315+0000][7792][gc,age       ] GC(573) - age  10:       1352 bytes,    4004368 total
[2020-09-29T10:12:23.315+0000][7792][gc,age       ] GC(573) - age  11:      10632 bytes,    4015000 total
[2020-09-29T10:12:23.315+0000][7792][gc,age       ] GC(573) - age  12:        816 bytes,    4015816 total
[2020-09-29T10:12:23.315+0000][7792][gc,age       ] GC(573) - age  13:      12120 bytes,    4027936 total
[2020-09-29T10:12:23.315+0000][7792][gc,age       ] GC(573) - age  14:      21480 bytes,    4049416 total
[2020-09-29T10:12:23.315+0000][7792][gc,age       ] GC(573) - age  15:       1464 bytes,    4050880 total
[2020-09-29T10:12:23.315+0000][7792][gc,phases    ] GC(573)   Pre Evacuate Collection Set: 0.4ms
[2020-09-29T10:12:23.315+0000][7792][gc,phases    ] GC(573)   Merge Heap Roots: 0.1ms
[2020-09-29T10:12:23.315+0000][7792][gc,phases    ] GC(573)   Evacuate Collection Set: 2.3ms
[2020-09-29T10:12:23.315+0000][7792][gc,phases    ] GC(573)   Post Evacuate Collection Set: 1.1ms
[2020-09-29T10:12:23.315+0000][7792][gc,phases    ] GC(573)   Other: 1.1ms
[2020-09-29T10:12:23.315+0000][7792][gc,heap      ] GC(573) Eden regions: 137->0(487)
[2020-09-29T10:12:23.315+0000][7792][gc,heap      ] GC(573) Survivor regions: 4->5(62)
[2020-09-29T10:12:23.315+0000][7792][gc,heap      ] GC(573) Old regions: 84->84
[2020-09-29T10:12:23.315+0000][7792][gc,heap      ] GC(573) Archive regions: 0->0
[2020-09-29T10:12:23.315+0000][7792][gc,heap      ] GC(573) Humongous regions: 520->174
[2020-09-29T10:12:23.315+0000][7792][gc,metaspace ] GC(573) Metaspace: 90435K(96384K)->90435K(96384K) NonClass: 79141K(82688K)->79141K(82688K) Class: 11293K(13696K)->11293K(13696K)
[2020-09-29T10:12:23.315+0000][7792][gc           ] GC(573) Pause Young (Concurrent Start) (G1 Humongous Allocation) 742M->261M(1024M) 5.618ms
[2020-09-29T10:12:23.315+0000][7792][gc,cpu       ] GC(573) User=0.13s Sys=0.00s Real=0.01s
[2020-09-29T10:12:23.316+0000][7792][safepoint    ] Safepoint "G1TryInitiateConcMark", Time since last: 7562200 ns, Reaching safepoint: 229400 ns, At safepoint: 5872500 ns, Total: 6101900 ns
[2020-09-29T10:12:23.316+0000][7792][gc           ] GC(574) Concurrent Cycle
[2020-09-29T10:12:23.316+0000][7792][gc,marking   ] GC(574) Concurrent Clear Claimed Marks
[2020-09-29T10:12:23.316+0000][7792][gc,marking   ] GC(574) Concurrent Clear Claimed Marks 0.387ms
[2020-09-29T10:12:23.316+0000][7792][gc,marking   ] GC(574) Concurrent Scan Root Regions
[2020-09-29T10:12:23.319+0000][7792][gc,marking   ] GC(574) Concurrent Scan Root Regions 2.736ms
[2020-09-29T10:12:23.319+0000][7792][gc,marking   ] GC(574) Concurrent Mark (1006.421s)
[2020-09-29T10:12:23.319+0000][7792][gc,marking   ] GC(574) Concurrent Mark From Roots
[2020-09-29T10:12:23.319+0000][7792][gc,task      ] GC(574) Using 2 workers of 2 for marking
[2020-09-29T10:12:23.474+0000][7792][gc,marking   ] GC(574) Concurrent Mark From Roots 155.737ms
[2020-09-29T10:12:23.474+0000][7792][gc,marking   ] GC(574) Concurrent Preclean
[2020-09-29T10:12:23.475+0000][7792][gc,marking   ] GC(574) Concurrent Preclean 0.532ms
[2020-09-29T10:12:23.475+0000][7792][gc,marking   ] GC(574) Concurrent Mark (1006.421s, 1006.577s) 156.459ms
[2020-09-29T10:12:23.475+0000][7792][gc,start     ] GC(574) Pause Remark
[2020-09-29T10:12:23.482+0000][7792][gc           ] GC(574) Pause Remark 461M->461M(1024M) 7.077ms
[2020-09-29T10:12:23.483+0000][7792][gc,cpu       ] GC(574) User=0.00s Sys=0.00s Real=0.01s
[2020-09-29T10:12:23.483+0000][7792][safepoint    ] Safepoint "G1Concurrent", Time since last: 160083800 ns, Reaching safepoint: 169900 ns, At safepoint: 7358700 ns, Total: 7528600 ns
[2020-09-29T10:12:23.483+0000][7792][gc,marking   ] GC(574) Concurrent Rebuild Remembered Sets
[2020-09-29T10:12:23.567+0000][7792][gc,marking   ] GC(574) Concurrent Rebuild Remembered Sets 83.856ms
[2020-09-29T10:12:23.567+0000][7792][gc,start     ] GC(574) Pause Cleanup
[2020-09-29T10:12:23.567+0000][7792][gc           ] GC(574) Pause Cleanup 535M->535M(1024M) 0.455ms
[2020-09-29T10:12:23.568+0000][7792][gc,cpu       ] GC(574) User=0.00s Sys=0.00s Real=0.00s
[2020-09-29T10:12:23.568+0000][7792][safepoint    ] Safepoint "G1Concurrent", Time since last: 84050700 ns, Reaching safepoint: 297500 ns, At safepoint: 716200 ns, Total: 1013700 ns
[2020-09-29T10:12:23.568+0000][7792][gc,marking   ] GC(574) Concurrent Cleanup for Next Mark
[2020-09-29T10:12:23.569+0000][7792][gc,marking   ] GC(574) Concurrent Cleanup for Next Mark 1.655ms
[2020-09-29T10:12:23.570+0000][7792][gc           ] GC(574) Concurrent Cycle 254.576ms
[2020-09-29T10:12:23.594+0000][7792][gc,start     ] GC(575) Pause Young (Concurrent Start) (G1 Humongous Allocation)
[2020-09-29T10:12:23.594+0000][7792][gc,task      ] GC(575) Using 8 workers of 8 for evacuation
[2020-09-29T10:12:23.594+0000][7792][gc,age       ] GC(575) Desired survivor size 32505856 bytes, new threshold 15 (max threshold 15)
[2020-09-29T10:12:23.598+0000][7792][gc,age       ] GC(575) Age table with threshold 15 (max threshold 15)
[2020-09-29T10:12:23.598+0000][7792][gc,age       ] GC(575) - age   1:    3717776 bytes,    3717776 total
[2020-09-29T10:12:23.598+0000][7792][gc,age       ] GC(575) - age   2:     212336 bytes,    3930112 total
[2020-09-29T10:12:23.598+0000][7792][gc,age       ] GC(575) - age   3:       2736 bytes,    3932848 total
[2020-09-29T10:12:23.599+0000][7792][gc,age       ] GC(575) - age   4:      64312 bytes,    3997160 total
[2020-09-29T10:12:23.599+0000][7792][gc,age       ] GC(575) - age   5:        808 bytes,    3997968 total
[2020-09-29T10:12:23.599+0000][7792][gc,age       ] GC(575) - age   6:       1840 bytes,    3999808 total
[2020-09-29T10:12:23.599+0000][7792][gc,age       ] GC(575) - age   7:      13064 bytes,    4012872 total
[2020-09-29T10:12:23.599+0000][7792][gc,age       ] GC(575) - age   8:        480 bytes,    4013352 total
[2020-09-29T10:12:23.599+0000][7792][gc,age       ] GC(575) - age   9:       1200 bytes,    4014552 total
[2020-09-29T10:12:23.599+0000][7792][gc,age       ] GC(575) - age  10:        528 bytes,    4015080 total
[2020-09-29T10:12:23.599+0000][7792][gc,age       ] GC(575) - age  11:       1352 bytes,    4016432 total
[2020-09-29T10:12:23.599+0000][7792][gc,age       ] GC(575) - age  12:      10632 bytes,    4027064 total
[2020-09-29T10:12:23.599+0000][7792][gc,age       ] GC(575) - age  13:        816 bytes,    4027880 total
[2020-09-29T10:12:23.599+0000][7792][gc,age       ] GC(575) - age  14:      11784 bytes,    4039664 total
[2020-09-29T10:12:23.599+0000][7792][gc,age       ] GC(575) - age  15:      21480 bytes,    4061144 total
[2020-09-29T10:12:23.599+0000][7792][gc,phases    ] GC(575)   Pre Evacuate Collection Set: 0.5ms
[2020-09-29T10:12:23.599+0000][7792][gc,phases    ] GC(575)   Merge Heap Roots: 0.1ms
[2020-09-29T10:12:23.599+0000][7792][gc,phases    ] GC(575)   Evacuate Collection Set: 2.3ms
[2020-09-29T10:12:23.599+0000][7792][gc,phases    ] GC(575)   Post Evacuate Collection Set: 1.1ms
[2020-09-29T10:12:23.600+0000][7792][gc,phases    ] GC(575)   Other: 1.3ms
[2020-09-29T10:12:23.600+0000][7792][gc,heap      ] GC(575) Eden regions: 82->0(490)
[2020-09-29T10:12:23.600+0000][7792][gc,heap      ] GC(575) Survivor regions: 5->4(62)
[2020-09-29T10:12:23.600+0000][7792][gc,heap      ] GC(575) Old regions: 84->84
[2020-09-29T10:12:23.600+0000][7792][gc,heap      ] GC(575) Archive regions: 0->0
[2020-09-29T10:12:23.600+0000][7792][gc,heap      ] GC(575) Humongous regions: 374->174
[2020-09-29T10:12:23.600+0000][7792][gc,metaspace ] GC(575) Metaspace: 90435K(96384K)->90435K(96384K) NonClass: 79141K(82688K)->79141K(82688K) Class: 11293K(13696K)->11293K(13696K)
[2020-09-29T10:12:23.600+0000][7792][gc           ] GC(575) Pause Young (Concurrent Start) (G1 Humongous Allocation) 543M->261M(1024M) 5.882ms
[2020-09-29T10:12:23.600+0000][7792][gc,cpu       ] GC(575) User=0.00s Sys=0.00s Real=0.01s
[2020-09-29T10:12:23.600+0000][7792][safepoint    ] Safepoint "G1TryInitiateConcMark", Time since last: 25537700 ns, Reaching safepoint: 169000 ns, At safepoint: 6085100 ns, Total: 6254100 ns
[2020-09-29T10:12:23.600+0000][7792][gc           ] GC(576) Concurrent Cycle
[2020-09-29T10:12:23.600+0000][7792][gc,marking   ] GC(576) Concurrent Clear Claimed Marks
[2020-09-29T10:12:23.600+0000][7792][gc,marking   ] GC(576) Concurrent Clear Claimed Marks 0.444ms
[2020-09-29T10:12:23.601+0000][7792][gc,marking   ] GC(576) Concurrent Scan Root Regions
[2020-09-29T10:12:23.604+0000][7792][gc,marking   ] GC(576) Concurrent Scan Root Regions 2.985ms
[2020-09-29T10:12:23.604+0000][7792][gc,marking   ] GC(576) Concurrent Mark (1006.706s)
[2020-09-29T10:12:23.604+0000][7792][gc,marking   ] GC(576) Concurrent Mark From Roots
[2020-09-29T10:12:23.604+0000][7792][gc,task      ] GC(576) Using 2 workers of 2 for marking
[2020-09-29T10:12:23.757+0000][7792][gc,marking   ] GC(576) Concurrent Mark From Roots 153.152ms
[2020-09-29T10:12:23.757+0000][7792][gc,marking   ] GC(576) Concurrent Preclean
[2020-09-29T10:12:23.758+0000][7792][gc,marking   ] GC(576) Concurrent Preclean 0.756ms
[2020-09-29T10:12:23.758+0000][7792][gc,marking   ] GC(576) Concurrent Mark (1006.706s, 1006.860s) 154.132ms
[2020-09-29T10:12:23.758+0000][7792][gc,start     ] GC(576) Pause Remark
[2020-09-29T10:12:23.766+0000][7792][gc           ] GC(576) Pause Remark 334M->334M(1024M) 7.558ms
[2020-09-29T10:12:23.766+0000][7792][gc,cpu       ] GC(576) User=0.11s Sys=0.00s Real=0.01s
[2020-09-29T10:12:23.766+0000][7792][safepoint    ] Safepoint "G1Concurrent", Time since last: 157938500 ns, Reaching safepoint: 239500 ns, At safepoint: 8198000 ns, Total: 8437500 ns
[2020-09-29T10:12:23.766+0000][7792][gc,marking   ] GC(576) Concurrent Rebuild Remembered Sets
[2020-09-29T10:12:23.864+0000][7792][gc,marking   ] GC(576) Concurrent Rebuild Remembered Sets 98.480ms
[2020-09-29T10:12:23.865+0000][7792][gc,start     ] GC(576) Pause Cleanup
[2020-09-29T10:12:23.865+0000][7792][gc           ] GC(576) Pause Cleanup 666M->666M(1024M) 0.402ms
[2020-09-29T10:12:23.865+0000][7792][gc,cpu       ] GC(576) User=0.00s Sys=0.00s Real=0.00s
[2020-09-29T10:12:23.865+0000][7792][safepoint    ] Safepoint "G1Concurrent", Time since last: 98724900 ns, Reaching safepoint: 221300 ns, At safepoint: 702600 ns, Total: 923900 ns
[2020-09-29T10:12:23.866+0000][7792][gc,marking   ] GC(576) Concurrent Cleanup for Next Mark
[2020-09-29T10:12:23.867+0000][7792][gc,marking   ] GC(576) Concurrent Cleanup for Next Mark 1.703ms
[2020-09-29T10:12:23.867+0000][7792][gc           ] GC(576) Concurrent Cycle 267.976ms
[2020-09-29T10:12:23.944+0000][7792][gc,start     ] GC(577) Pause Young (Concurrent Start) (G1 Humongous Allocation)
[2020-09-29T10:12:23.944+0000][7792][gc,task      ] GC(577) Using 8 workers of 8 for evacuation
[2020-09-29T10:12:23.944+0000][7792][gc,age       ] GC(577) Desired survivor size 32505856 bytes, new threshold 15 (max threshold 15)
[2020-09-29T10:12:23.950+0000][7792][gc,age       ] GC(577) Age table with threshold 15 (max threshold 15)
[2020-09-29T10:12:23.950+0000][7792][gc,age       ] GC(577) - age   1:   13783808 bytes,   13783808 total
[2020-09-29T10:12:23.950+0000][7792][gc,age       ] GC(577) - age   2:       2840 bytes,   13786648 total
[2020-09-29T10:12:23.950+0000][7792][gc,age       ] GC(577) - age   3:       6344 bytes,   13792992 total
[2020-09-29T10:12:23.950+0000][7792][gc,age       ] GC(577) - age   4:       1504 bytes,   13794496 total
[2020-09-29T10:12:23.951+0000][7792][gc,age       ] GC(577) - age   5:      63736 bytes,   13858232 total
[2020-09-29T10:12:23.951+0000][7792][gc,age       ] GC(577) - age   6:        808 bytes,   13859040 total
[2020-09-29T10:12:23.951+0000][7792][gc,age       ] GC(577) - age   7:       1680 bytes,   13860720 total
[2020-09-29T10:12:23.951+0000][7792][gc,age       ] GC(577) - age   8:      13032 bytes,   13873752 total
[2020-09-29T10:12:23.951+0000][7792][gc,age       ] GC(577) - age   9:        480 bytes,   13874232 total
[2020-09-29T10:12:23.951+0000][7792][gc,age       ] GC(577) - age  10:       1200 bytes,   13875432 total
[2020-09-29T10:12:23.951+0000][7792][gc,age       ] GC(577) - age  11:        496 bytes,   13875928 total
[2020-09-29T10:12:23.951+0000][7792][gc,age       ] GC(577) - age  12:       1352 bytes,   13877280 total
[2020-09-29T10:12:23.951+0000][7792][gc,age       ] GC(577) - age  13:      10568 bytes,   13887848 total
[2020-09-29T10:12:23.951+0000][7792][gc,age       ] GC(577) - age  14:        816 bytes,   13888664 total
[2020-09-29T10:12:23.951+0000][7792][gc,age       ] GC(577) - age  15:      11784 bytes,   13900448 total
[2020-09-29T10:12:23.951+0000][7792][gc,phases    ] GC(577)   Pre Evacuate Collection Set: 0.6ms
[2020-09-29T10:12:23.951+0000][7792][gc,phases    ] GC(577)   Merge Heap Roots: 0.1ms
[2020-09-29T10:12:23.951+0000][7792][gc,phases    ] GC(577)   Evacuate Collection Set: 3.7ms
[2020-09-29T10:12:23.951+0000][7792][gc,phases    ] GC(577)   Post Evacuate Collection Set: 1.3ms
[2020-09-29T10:12:23.951+0000][7792][gc,phases    ] GC(577)   Other: 1.2ms
[2020-09-29T10:12:23.951+0000][7792][gc,heap      ] GC(577) Eden regions: 135->0(473)
[2020-09-29T10:12:23.951+0000][7792][gc,heap      ] GC(577) Survivor regions: 4->14(62)
[2020-09-29T10:12:23.951+0000][7792][gc,heap      ] GC(577) Old regions: 84->84
[2020-09-29T10:12:23.951+0000][7792][gc,heap      ] GC(577) Archive regions: 0->0
[2020-09-29T10:12:23.951+0000][7792][gc,heap      ] GC(577) Humongous regions: 480->174
[2020-09-29T10:12:23.952+0000][7792][gc,metaspace ] GC(577) Metaspace: 90435K(96384K)->90435K(96384K) NonClass: 79141K(82688K)->79141K(82688K) Class: 11293K(13696K)->11293K(13696K)
[2020-09-29T10:12:23.952+0000][7792][gc           ] GC(577) Pause Young (Concurrent Start) (G1 Humongous Allocation) 702M->270M(1024M) 7.307ms
[2020-09-29T10:12:23.952+0000][7792][gc,cpu       ] GC(577) User=0.03s Sys=0.00s Real=0.01s
[2020-09-29T10:12:23.952+0000][7792][gc           ] GC(578) Concurrent Cycle
[2020-09-29T10:12:23.952+0000][7792][gc,marking   ] GC(578) Concurrent Clear Claimed Marks
[2020-09-29T10:12:23.952+0000][7792][safepoint    ] Safepoint "G1TryInitiateConcMark", Time since last: 78593800 ns, Reaching safepoint: 194400 ns, At safepoint: 7685400 ns, Total: 7879800 ns
[2020-09-29T10:12:23.952+0000][7792][gc,marking   ] GC(578) Concurrent Clear Claimed Marks 0.319ms
[2020-09-29T10:12:23.952+0000][7792][gc,marking   ] GC(578) Concurrent Scan Root Regions
[2020-09-29T10:12:23.955+0000][7792][gc,marking   ] GC(578) Concurrent Scan Root Regions 3.163ms
[2020-09-29T10:12:23.956+0000][7792][gc,marking   ] GC(578) Concurrent Mark (1007.058s)
[2020-09-29T10:12:23.956+0000][7792][gc,marking   ] GC(578) Concurrent Mark From Roots
[2020-09-29T10:12:23.956+0000][7792][gc,task      ] GC(578) Using 2 workers of 2 for marking
[2020-09-29T10:12:24.132+0000][7792][gc,marking   ] GC(578) Concurrent Mark From Roots 176.023ms
[2020-09-29T10:12:24.132+0000][7792][gc,marking   ] GC(578) Concurrent Preclean
[2020-09-29T10:12:24.132+0000][7792][gc,marking   ] GC(578) Concurrent Preclean 0.581ms
[2020-09-29T10:12:24.132+0000][7792][gc,marking   ] GC(578) Concurrent Mark (1007.058s, 1007.235s) 176.864ms
[2020-09-29T10:12:24.133+0000][7792][gc,start     ] GC(578) Pause Remark
[2020-09-29T10:12:24.140+0000][7792][gc           ] GC(578) Pause Remark 596M->596M(1024M) 7.507ms
[2020-09-29T10:12:24.140+0000][7792][gc,cpu       ] GC(578) User=0.06s Sys=0.02s Real=0.01s
[2020-09-29T10:12:24.140+0000][7792][safepoint    ] Safepoint "G1Concurrent", Time since last: 180574200 ns, Reaching safepoint: 189000 ns, At safepoint: 7793500 ns, Total: 7982500 ns
[2020-09-29T10:12:24.140+0000][7792][gc,marking   ] GC(578) Concurrent Rebuild Remembered Sets
[2020-09-29T10:12:24.246+0000][7792][gc,marking   ] GC(578) Concurrent Rebuild Remembered Sets 105.233ms
[2020-09-29T10:12:24.247+0000][7792][gc,start     ] GC(578) Pause Cleanup
[2020-09-29T10:12:24.247+0000][7792][gc           ] GC(578) Pause Cleanup 925M->925M(1024M) 0.402ms
[2020-09-29T10:12:24.247+0000][7792][gc,cpu       ] GC(578) User=0.00s Sys=0.00s Real=0.00s
[2020-09-29T10:12:24.247+0000][7792][safepoint    ] Safepoint "G1Concurrent", Time since last: 105467500 ns, Reaching safepoint: 364300 ns, At safepoint: 722200 ns, Total: 1086500 ns
[2020-09-29T10:12:24.247+0000][7792][gc,marking   ] GC(578) Concurrent Cleanup for Next Mark
[2020-09-29T10:12:24.249+0000][7792][gc,marking   ] GC(578) Concurrent Cleanup for Next Mark 1.875ms
[2020-09-29T10:12:24.250+0000][7792][gc           ] GC(578) Concurrent Cycle 297.400ms
[2020-09-29T10:12:24.317+0000][7792][gc,start     ] GC(579) Pause Young (Concurrent Start) (G1 Humongous Allocation)
[2020-09-29T10:12:24.317+0000][7792][gc,task      ] GC(579) Using 8 workers of 8 for evacuation
[2020-09-29T10:12:24.317+0000][7792][gc,age       ] GC(579) Desired survivor size 31981568 bytes, new threshold 15 (max threshold 15)
[2020-09-29T10:12:24.322+0000][7792][gc,age       ] GC(579) Age table with threshold 15 (max threshold 15)
[2020-09-29T10:12:24.322+0000][7792][gc,age       ] GC(579) - age   1:    3936744 bytes,    3936744 total
[2020-09-29T10:12:24.322+0000][7792][gc,age       ] GC(579) - age   2:       7632 bytes,    3944376 total
[2020-09-29T10:12:24.322+0000][7792][gc,age       ] GC(579) - age   3:       2600 bytes,    3946976 total
[2020-09-29T10:12:24.322+0000][7792][gc,age       ] GC(579) - age   4:       5552 bytes,    3952528 total
[2020-09-29T10:12:24.322+0000][7792][gc,age       ] GC(579) - age   5:       1408 bytes,    3953936 total
[2020-09-29T10:12:24.322+0000][7792][gc,age       ] GC(579) - age   6:      63736 bytes,    4017672 total
[2020-09-29T10:12:24.322+0000][7792][gc,age       ] GC(579) - age   7:        744 bytes,    4018416 total
[2020-09-29T10:12:24.322+0000][7792][gc,age       ] GC(579) - age   8:       1680 bytes,    4020096 total
[2020-09-29T10:12:24.322+0000][7792][gc,age       ] GC(579) - age   9:      13032 bytes,    4033128 total
[2020-09-29T10:12:24.322+0000][7792][gc,age       ] GC(579) - age  10:        480 bytes,    4033608 total
[2020-09-29T10:12:24.322+0000][7792][gc,age       ] GC(579) - age  11:       1200 bytes,    4034808 total
[2020-09-29T10:12:24.322+0000][7792][gc,age       ] GC(579) - age  12:        496 bytes,    4035304 total
[2020-09-29T10:12:24.322+0000][7792][gc,age       ] GC(579) - age  13:       1352 bytes,    4036656 total
[2020-09-29T10:12:24.322+0000][7792][gc,age       ] GC(579) - age  14:      10568 bytes,    4047224 total
[2020-09-29T10:12:24.322+0000][7792][gc,age       ] GC(579) - age  15:        816 bytes,    4048040 total
[2020-09-29T10:12:24.323+0000][7792][gc,phases    ] GC(579)   Pre Evacuate Collection Set: 0.5ms
[2020-09-29T10:12:24.323+0000][7792][gc,phases    ] GC(579)   Merge Heap Roots: 0.1ms
[2020-09-29T10:12:24.323+0000][7792][gc,phases    ] GC(579)   Evacuate Collection Set: 2.5ms
[2020-09-29T10:12:24.323+0000][7792][gc,phases    ] GC(579)   Post Evacuate Collection Set: 1.3ms
[2020-09-29T10:12:24.323+0000][7792][gc,phases    ] GC(579)   Other: 1.1ms
[2020-09-29T10:12:24.323+0000][7792][gc,heap      ] GC(579) Eden regions: 170->0(485)
[2020-09-29T10:12:24.323+0000][7792][gc,heap      ] GC(579) Survivor regions: 14->5(61)
[2020-09-29T10:12:24.323+0000][7792][gc,heap      ] GC(579) Old regions: 84->84
[2020-09-29T10:12:24.323+0000][7792][gc,heap      ] GC(579) Archive regions: 0->0
[2020-09-29T10:12:24.323+0000][7792][gc,heap      ] GC(579) Humongous regions: 686->174
[2020-09-29T10:12:24.323+0000][7792][gc,metaspace ] GC(579) Metaspace: 90435K(96384K)->90435K(96384K) NonClass: 79141K(82688K)->79141K(82688K) Class: 11293K(13696K)->11293K(13696K)
[2020-09-29T10:12:24.323+0000][7792][gc           ] GC(579) Pause Young (Concurrent Start) (G1 Humongous Allocation) 952M->261M(1024M) 5.830ms
[2020-09-29T10:12:24.323+0000][7792][gc,cpu       ] GC(579) User=0.00s Sys=0.00s Real=0.01s
[2020-09-29T10:12:24.323+0000][7792][gc           ] GC(580) Concurrent Cycle
[2020-09-29T10:12:24.323+0000][7792][safepoint    ] Safepoint "G1TryInitiateConcMark", Time since last: 69600100 ns, Reaching safepoint: 156900 ns, At safepoint: 6043400 ns, Total: 6200300 ns
[2020-09-29T10:12:24.324+0000][7792][gc,marking   ] GC(580) Concurrent Clear Claimed Marks
[2020-09-29T10:12:24.324+0000][7792][gc,marking   ] GC(580) Concurrent Clear Claimed Marks 0.458ms
[2020-09-29T10:12:24.324+0000][7792][gc,marking   ] GC(580) Concurrent Scan Root Regions
[2020-09-29T10:12:24.326+0000][7792][gc,marking   ] GC(580) Concurrent Scan Root Regions 2.613ms
[2020-09-29T10:12:24.327+0000][7792][gc,marking   ] GC(580) Concurrent Mark (1007.429s)
[2020-09-29T10:12:24.327+0000][7792][gc,marking   ] GC(580) Concurrent Mark From Roots
[2020-09-29T10:12:24.327+0000][7792][gc,task      ] GC(580) Using 2 workers of 2 for marking
[2020-09-29T10:12:24.477+0000][7792][gc,marking   ] GC(580) Concurrent Mark From Roots 150.518ms
[2020-09-29T10:12:24.477+0000][7792][gc,marking   ] GC(580) Concurrent Preclean
[2020-09-29T10:12:24.477+0000][7792][gc,marking   ] GC(580) Concurrent Preclean 0.645ms
[2020-09-29T10:12:24.477+0000][7792][gc,marking   ] GC(580) Concurrent Mark (1007.429s, 1007.580s) 151.387ms
[2020-09-29T10:12:24.478+0000][7792][gc,start     ] GC(580) Pause Remark
[2020-09-29T10:12:24.485+0000][7792][gc           ] GC(580) Pause Remark 467M->467M(1024M) 7.327ms
[2020-09-29T10:12:24.485+0000][7792][gc,cpu       ] GC(580) User=0.09s Sys=0.02s Real=0.01s
[2020-09-29T10:12:24.485+0000][7792][safepoint    ] Safepoint "G1Concurrent", Time since last: 154815500 ns, Reaching safepoint: 170200 ns, At safepoint: 7636300 ns, Total: 7806500 ns
[2020-09-29T10:12:24.485+0000][7792][gc,marking   ] GC(580) Concurrent Rebuild Remembered Sets
[2020-09-29T10:12:24.575+0000][7792][gc,marking   ] GC(580) Concurrent Rebuild Remembered Sets 89.268ms
[2020-09-29T10:12:24.575+0000][7792][gc,start     ] GC(580) Pause Cleanup
[2020-09-29T10:12:24.576+0000][7792][gc           ] GC(580) Pause Cleanup 602M->602M(1024M) 0.478ms
[2020-09-29T10:12:24.576+0000][7792][gc,cpu       ] GC(580) User=0.00s Sys=0.00s Real=0.00s
[2020-09-29T10:12:24.576+0000][7792][safepoint    ] Safepoint "G1Concurrent", Time since last: 89523700 ns, Reaching safepoint: 176900 ns, At safepoint: 715200 ns, Total: 892100 ns
[2020-09-29T10:12:24.576+0000][7792][gc,marking   ] GC(580) Concurrent Cleanup for Next Mark
[2020-09-29T10:12:24.578+0000][7792][gc,marking   ] GC(580) Concurrent Cleanup for Next Mark 1.753ms
[2020-09-29T10:12:24.578+0000][7792][gc           ] GC(580) Concurrent Cycle 255.051ms
[2020-09-29T10:12:24.681+0000][7792][gc,start     ] GC(581) Pause Young (Concurrent Start) (G1 Humongous Allocation)
[2020-09-29T10:12:24.681+0000][7792][gc,task      ] GC(581) Using 8 workers of 8 for evacuation
[2020-09-29T10:12:24.681+0000][7792][gc,age       ] GC(581) Desired survivor size 32505856 bytes, new threshold 15 (max threshold 15)
[2020-09-29T10:12:24.686+0000][7792][gc,age       ] GC(581) Age table with threshold 15 (max threshold 15)
[2020-09-29T10:12:24.686+0000][7792][gc,age       ] GC(581) - age   1:    7852472 bytes,    7852472 total
[2020-09-29T10:12:24.686+0000][7792][gc,age       ] GC(581) - age   2:       3752 bytes,    7856224 total
[2020-09-29T10:12:24.686+0000][7792][gc,age       ] GC(581) - age   3:       6944 bytes,    7863168 total
[2020-09-29T10:12:24.686+0000][7792][gc,age       ] GC(581) - age   4:       1504 bytes,    7864672 total
[2020-09-29T10:12:24.686+0000][7792][gc,age       ] GC(581) - age   5:       4672 bytes,    7869344 total
[2020-09-29T10:12:24.686+0000][7792][gc,age       ] GC(581) - age   6:       1280 bytes,    7870624 total
[2020-09-29T10:12:24.686+0000][7792][gc,age       ] GC(581) - age   7:      63480 bytes,    7934104 total
[2020-09-29T10:12:24.686+0000][7792][gc,age       ] GC(581) - age   8:        712 bytes,    7934816 total
[2020-09-29T10:12:24.686+0000][7792][gc,age       ] GC(581) - age   9:       1680 bytes,    7936496 total
[2020-09-29T10:12:24.686+0000][7792][gc,age       ] GC(581) - age  10:      12968 bytes,    7949464 total
[2020-09-29T10:12:24.686+0000][7792][gc,age       ] GC(581) - age  11:        480 bytes,    7949944 total
[2020-09-29T10:12:24.686+0000][7792][gc,age       ] GC(581) - age  12:       1072 bytes,    7951016 total
[2020-09-29T10:12:24.686+0000][7792][gc,age       ] GC(581) - age  13:        496 bytes,    7951512 total
[2020-09-29T10:12:24.686+0000][7792][gc,age       ] GC(581) - age  14:       1352 bytes,    7952864 total
[2020-09-29T10:12:24.686+0000][7792][gc,age       ] GC(581) - age  15:      10464 bytes,    7963328 total
[2020-09-29T10:12:24.687+0000][7792][gc,phases    ] GC(581)   Pre Evacuate Collection Set: 0.5ms
[2020-09-29T10:12:24.687+0000][7792][gc,phases    ] GC(581)   Merge Heap Roots: 0.1ms
[2020-09-29T10:12:24.687+0000][7792][gc,phases    ] GC(581)   Evacuate Collection Set: 2.5ms
[2020-09-29T10:12:24.687+0000][7792][gc,phases    ] GC(581)   Post Evacuate Collection Set: 1.0ms
[2020-09-29T10:12:24.687+0000][7792][gc,phases    ] GC(581)   Other: 1.1ms
[2020-09-29T10:12:24.687+0000][7792][gc,heap      ] GC(581) Eden regions: 111->0(480)
[2020-09-29T10:12:24.687+0000][7792][gc,heap      ] GC(581) Survivor regions: 5->9(62)
[2020-09-29T10:12:24.687+0000][7792][gc,heap      ] GC(581) Old regions: 84->84
[2020-09-29T10:12:24.687+0000][7792][gc,heap      ] GC(581) Archive regions: 0->0
[2020-09-29T10:12:24.687+0000][7792][gc,heap      ] GC(581) Humongous regions: 430->174
[2020-09-29T10:12:24.687+0000][7792][gc,metaspace ] GC(581) Metaspace: 90435K(96384K)->90435K(96384K) NonClass: 79141K(82688K)->79141K(82688K) Class: 11293K(13696K)->11293K(13696K)
[2020-09-29T10:12:24.687+0000][7792][gc           ] GC(581) Pause Young (Concurrent Start) (G1 Humongous Allocation) 628M->265M(1024M) 5.820ms
[2020-09-29T10:12:24.687+0000][7792][gc,cpu       ] GC(581) User=0.03s Sys=0.00s Real=0.01s
[2020-09-29T10:12:24.687+0000][7792][gc           ] GC(582) Concurrent Cycle
[2020-09-29T10:12:24.687+0000][7792][safepoint    ] Safepoint "G1TryInitiateConcMark", Time since last: 104869800 ns, Reaching safepoint: 154400 ns, At safepoint: 6111200 ns, Total: 6265600 ns
[2020-09-29T10:12:24.687+0000][7792][gc,marking   ] GC(582) Concurrent Clear Claimed Marks
[2020-09-29T10:12:24.688+0000][7792][gc,marking   ] GC(582) Concurrent Clear Claimed Marks 0.435ms
[2020-09-29T10:12:24.688+0000][7792][gc,marking   ] GC(582) Concurrent Scan Root Regions
[2020-09-29T10:12:24.690+0000][7792][gc,marking   ] GC(582) Concurrent Scan Root Regions 2.105ms
[2020-09-29T10:12:24.690+0000][7792][gc,marking   ] GC(582) Concurrent Mark (1007.792s)
[2020-09-29T10:12:24.690+0000][7792][gc,marking   ] GC(582) Concurrent Mark From Roots
[2020-09-29T10:12:24.690+0000][7792][gc,task      ] GC(582) Using 2 workers of 2 for marking
[2020-09-29T10:12:24.858+0000][7792][gc,marking   ] GC(582) Concurrent Mark From Roots 168.310ms
[2020-09-29T10:12:24.859+0000][7792][gc,marking   ] GC(582) Concurrent Preclean
[2020-09-29T10:12:24.860+0000][7792][gc,marking   ] GC(582) Concurrent Preclean 1.283ms
[2020-09-29T10:12:24.860+0000][7792][gc,marking   ] GC(582) Concurrent Mark (1007.792s, 1007.962s) 170.196ms
[2020-09-29T10:12:24.861+0000][7792][gc,start     ] GC(582) Pause Remark
[2020-09-29T10:12:24.869+0000][7792][gc           ] GC(582) Pause Remark 559M->559M(1024M) 7.785ms
[2020-09-29T10:12:24.869+0000][7792][gc,cpu       ] GC(582) User=0.00s Sys=0.00s Real=0.01s
[2020-09-29T10:12:24.869+0000][7792][safepoint    ] Safepoint "G1Concurrent", Time since last: 173081300 ns, Reaching safepoint: 247900 ns, At safepoint: 8262400 ns, Total: 8510300 ns
[2020-09-29T10:12:24.869+0000][7792][gc,marking   ] GC(582) Concurrent Rebuild Remembered Sets
[2020-09-29T10:12:24.973+0000][7792][gc,marking   ] GC(582) Concurrent Rebuild Remembered Sets 103.761ms
[2020-09-29T10:12:24.973+0000][7792][gc,start     ] GC(582) Pause Cleanup
[2020-09-29T10:12:24.974+0000][7792][gc           ] GC(582) Pause Cleanup 673M->673M(1024M) 0.433ms
[2020-09-29T10:12:24.974+0000][7792][gc,cpu       ] GC(582) User=0.00s Sys=0.00s Real=0.00s
[2020-09-29T10:12:24.974+0000][7792][safepoint    ] Safepoint "G1Concurrent", Time since last: 104002200 ns, Reaching safepoint: 155600 ns, At safepoint: 643900 ns, Total: 799500 ns
[2020-09-29T10:12:24.974+0000][7792][gc,marking   ] GC(582) Concurrent Cleanup for Next Mark
[2020-09-29T10:12:24.976+0000][7792][gc,marking   ] GC(582) Concurrent Cleanup for Next Mark 1.714ms
[2020-09-29T10:12:24.976+0000][7792][gc           ] GC(582) Concurrent Cycle 288.409ms
[2020-09-29T10:12:25.008+0000][7792][gc,start     ] GC(583) Pause Young (Concurrent Start) (G1 Humongous Allocation)
[2020-09-29T10:12:25.008+0000][7792][gc,task      ] GC(583) Using 8 workers of 8 for evacuation
[2020-09-29T10:12:25.008+0000][7792][gc,age       ] GC(583) Desired survivor size 32505856 bytes, new threshold 15 (max threshold 15)
[2020-09-29T10:12:25.013+0000][7792][gc,age       ] GC(583) Age table with threshold 15 (max threshold 15)
[2020-09-29T10:12:25.013+0000][7792][gc,age       ] GC(583) - age   1:    8438216 bytes,    8438216 total
[2020-09-29T10:12:25.013+0000][7792][gc,age       ] GC(583) - age   2:      20088 bytes,    8458304 total
[2020-09-29T10:12:25.013+0000][7792][gc,age       ] GC(583) - age   3:       3064 bytes,    8461368 total
[2020-09-29T10:12:25.013+0000][7792][gc,age       ] GC(583) - age   4:       5800 bytes,    8467168 total
[2020-09-29T10:12:25.013+0000][7792][gc,age       ] GC(583) - age   5:       1312 bytes,    8468480 total
[2020-09-29T10:12:25.014+0000][7792][gc,age       ] GC(583) - age   6:       2128 bytes,    8470608 total
[2020-09-29T10:12:25.014+0000][7792][gc,age       ] GC(583) - age   7:       1088 bytes,    8471696 total
[2020-09-29T10:12:25.014+0000][7792][gc,age       ] GC(583) - age   8:      63448 bytes,    8535144 total
[2020-09-29T10:12:25.014+0000][7792][gc,age       ] GC(583) - age   9:        648 bytes,    8535792 total
[2020-09-29T10:12:25.014+0000][7792][gc,age       ] GC(583) - age  10:       1648 bytes,    8537440 total
[2020-09-29T10:12:25.014+0000][7792][gc,age       ] GC(583) - age  11:      12968 bytes,    8550408 total
[2020-09-29T10:12:25.014+0000][7792][gc,age       ] GC(583) - age  12:        416 bytes,    8550824 total
[2020-09-29T10:12:25.014+0000][7792][gc,age       ] GC(583) - age  13:       1072 bytes,    8551896 total
[2020-09-29T10:12:25.014+0000][7792][gc,age       ] GC(583) - age  14:        496 bytes,    8552392 total
[2020-09-29T10:12:25.014+0000][7792][gc,age       ] GC(583) - age  15:       1288 bytes,    8553680 total
[2020-09-29T10:12:25.014+0000][7792][gc,phases    ] GC(583)   Pre Evacuate Collection Set: 0.4ms
[2020-09-29T10:12:25.014+0000][7792][gc,phases    ] GC(583)   Merge Heap Roots: 0.2ms
[2020-09-29T10:12:25.014+0000][7792][gc,phases    ] GC(583)   Evacuate Collection Set: 3.3ms
[2020-09-29T10:12:25.014+0000][7792][gc,phases    ] GC(583)   Post Evacuate Collection Set: 1.0ms
[2020-09-29T10:12:25.014+0000][7792][gc,phases    ] GC(583)   Other: 1.0ms
[2020-09-29T10:12:25.014+0000][7792][gc,heap      ] GC(583) Eden regions: 117->0(479)
[2020-09-29T10:12:25.014+0000][7792][gc,heap      ] GC(583) Survivor regions: 9->9(62)
[2020-09-29T10:12:25.014+0000][7792][gc,heap      ] GC(583) Old regions: 84->84
[2020-09-29T10:12:25.014+0000][7792][gc,heap      ] GC(583) Archive regions: 0->0
[2020-09-29T10:12:25.014+0000][7792][gc,heap      ] GC(583) Humongous regions: 480->174
[2020-09-29T10:12:25.014+0000][7792][gc,metaspace ] GC(583) Metaspace: 90435K(96384K)->90435K(96384K) NonClass: 79141K(82688K)->79141K(82688K) Class: 11293K(13696K)->11293K(13696K)
[2020-09-29T10:12:25.014+0000][7792][gc           ] GC(583) Pause Young (Concurrent Start) (G1 Humongous Allocation) 688M->265M(1024M) 6.186ms
[2020-09-29T10:12:25.014+0000][7792][gc,cpu       ] GC(583) User=0.00s Sys=0.00s Real=0.01s
[2020-09-29T10:12:25.014+0000][7792][gc           ] GC(584) Concurrent Cycle
[2020-09-29T10:12:25.014+0000][7792][safepoint    ] Safepoint "G1TryInitiateConcMark", Time since last: 33791000 ns, Reaching safepoint: 176000 ns, At safepoint: 6404300 ns, Total: 6580300 ns
[2020-09-29T10:12:25.014+0000][7792][gc,marking   ] GC(584) Concurrent Clear Claimed Marks
[2020-09-29T10:12:25.015+0000][7792][gc,marking   ] GC(584) Concurrent Clear Claimed Marks 0.382ms
[2020-09-29T10:12:25.015+0000][7792][gc,marking   ] GC(584) Concurrent Scan Root Regions
[2020-09-29T10:12:25.017+0000][7792][gc,marking   ] GC(584) Concurrent Scan Root Regions 2.285ms
[2020-09-29T10:12:25.017+0000][7792][gc,marking   ] GC(584) Concurrent Mark (1008.119s)
[2020-09-29T10:12:25.017+0000][7792][gc,marking   ] GC(584) Concurrent Mark From Roots
[2020-09-29T10:12:25.017+0000][7792][gc,task      ] GC(584) Using 2 workers of 2 for marking
[2020-09-29T10:12:25.192+0000][7792][gc,marking   ] GC(584) Concurrent Mark From Roots 174.238ms
[2020-09-29T10:12:25.192+0000][7792][gc,marking   ] GC(584) Concurrent Preclean
[2020-09-29T10:12:25.193+0000][7792][gc,marking   ] GC(584) Concurrent Preclean 0.907ms
[2020-09-29T10:12:25.193+0000][7792][gc,marking   ] GC(584) Concurrent Mark (1008.119s, 1008.294s) 175.345ms
[2020-09-29T10:12:25.193+0000][7792][gc,start     ] GC(584) Pause Remark
[2020-09-29T10:12:25.201+0000][7792][gc           ] GC(584) Pause Remark 597M->597M(1024M) 7.525ms
[2020-09-29T10:12:25.201+0000][7792][gc,cpu       ] GC(584) User=0.00s Sys=0.00s Real=0.01s
[2020-09-29T10:12:25.201+0000][7792][safepoint    ] Safepoint "G1Concurrent", Time since last: 178359700 ns, Reaching safepoint: 208500 ns, At safepoint: 7827300 ns, Total: 8035800 ns
[2020-09-29T10:12:25.201+0000][7792][gc,marking   ] GC(584) Concurrent Rebuild Remembered Sets
[2020-09-29T10:12:25.297+0000][7792][gc,marking   ] GC(584) Concurrent Rebuild Remembered Sets 96.476ms
[2020-09-29T10:12:25.298+0000][7792][gc,start     ] GC(584) Pause Cleanup
[2020-09-29T10:12:25.298+0000][7792][gc           ] GC(584) Pause Cleanup 801M->801M(1024M) 0.452ms
[2020-09-29T10:12:25.298+0000][7792][gc,cpu       ] GC(584) User=0.00s Sys=0.00s Real=0.00s
[2020-09-29T10:12:25.298+0000][7792][safepoint    ] Safepoint "G1Concurrent", Time since last: 96693200 ns, Reaching safepoint: 173800 ns, At safepoint: 680300 ns, Total: 854100 ns
[2020-09-29T10:12:25.298+0000][7792][gc,marking   ] GC(584) Concurrent Cleanup for Next Mark
[2020-09-29T10:12:25.300+0000][7792][gc,marking   ] GC(584) Concurrent Cleanup for Next Mark 1.780ms
[2020-09-29T10:12:25.300+0000][7792][gc           ] GC(584) Concurrent Cycle 285.961ms
[2020-09-29T10:12:25.330+0000][7792][gc,start     ] GC(585) Pause Young (Concurrent Start) (G1 Humongous Allocation)
[2020-09-29T10:12:25.330+0000][7792][gc,task      ] GC(585) Using 8 workers of 8 for evacuation
[2020-09-29T10:12:25.330+0000][7792][gc,age       ] GC(585) Desired survivor size 31981568 bytes, new threshold 15 (max threshold 15)
[2020-09-29T10:12:25.335+0000][7792][gc,age       ] GC(585) Age table with threshold 15 (max threshold 15)
[2020-09-29T10:12:25.336+0000][7792][gc,age       ] GC(585) - age   1:    8169232 bytes,    8169232 total
[2020-09-29T10:12:25.336+0000][7792][gc,age       ] GC(585) - age   2:       4776 bytes,    8174008 total
[2020-09-29T10:12:25.336+0000][7792][gc,age       ] GC(585) - age   3:      12312 bytes,    8186320 total
[2020-09-29T10:12:25.336+0000][7792][gc,age       ] GC(585) - age   4:       1704 bytes,    8188024 total
[2020-09-29T10:12:25.336+0000][7792][gc,age       ] GC(585) - age   5:       5736 bytes,    8193760 total
[2020-09-29T10:12:25.336+0000][7792][gc,age       ] GC(585) - age   6:       1120 bytes,    8194880 total
[2020-09-29T10:12:25.336+0000][7792][gc,age       ] GC(585) - age   7:       2096 bytes,    8196976 total
[2020-09-29T10:12:25.336+0000][7792][gc,age       ] GC(585) - age   8:       1024 bytes,    8198000 total
[2020-09-29T10:12:25.336+0000][7792][gc,age       ] GC(585) - age   9:      63448 bytes,    8261448 total
[2020-09-29T10:12:25.336+0000][7792][gc,age       ] GC(585) - age  10:        648 bytes,    8262096 total
[2020-09-29T10:12:25.336+0000][7792][gc,age       ] GC(585) - age  11:       1648 bytes,    8263744 total
[2020-09-29T10:12:25.336+0000][7792][gc,age       ] GC(585) - age  12:      12936 bytes,    8276680 total
[2020-09-29T10:12:25.336+0000][7792][gc,age       ] GC(585) - age  13:        416 bytes,    8277096 total
[2020-09-29T10:12:25.336+0000][7792][gc,age       ] GC(585) - age  14:       1072 bytes,    8278168 total
[2020-09-29T10:12:25.336+0000][7792][gc,age       ] GC(585) - age  15:        496 bytes,    8278664 total
[2020-09-29T10:12:25.336+0000][7792][gc,phases    ] GC(585)   Pre Evacuate Collection Set: 0.5ms
[2020-09-29T10:12:25.336+0000][7792][gc,phases    ] GC(585)   Merge Heap Roots: 0.1ms
[2020-09-29T10:12:25.336+0000][7792][gc,phases    ] GC(585)   Evacuate Collection Set: 3.1ms
[2020-09-29T10:12:25.336+0000][7792][gc,phases    ] GC(585)   Post Evacuate Collection Set: 1.3ms
[2020-09-29T10:12:25.336+0000][7792][gc,phases    ] GC(585)   Other: 1.0ms
[2020-09-29T10:12:25.336+0000][7792][gc,heap      ] GC(585) Eden regions: 155->0(479)
[2020-09-29T10:12:25.336+0000][7792][gc,heap      ] GC(585) Survivor regions: 9->9(61)
[2020-09-29T10:12:25.336+0000][7792][gc,heap      ] GC(585) Old regions: 84->84
[2020-09-29T10:12:25.336+0000][7792][gc,heap      ] GC(585) Archive regions: 0->0
[2020-09-29T10:12:25.336+0000][7792][gc,heap      ] GC(585) Humongous regions: 574->174
[2020-09-29T10:12:25.336+0000][7792][gc,metaspace ] GC(585) Metaspace: 90435K(96384K)->90435K(96384K) NonClass: 79141K(82688K)->79141K(82688K) Class: 11293K(13696K)->11293K(13696K)
[2020-09-29T10:12:25.336+0000][7792][gc           ] GC(585) Pause Young (Concurrent Start) (G1 Humongous Allocation) 820M->265M(1024M) 6.356ms
[2020-09-29T10:12:25.336+0000][7792][gc,cpu       ] GC(585) User=0.00s Sys=0.00s Real=0.01s
[2020-09-29T10:12:25.337+0000][7792][gc           ] GC(586) Concurrent Cycle
[2020-09-29T10:12:25.337+0000][7792][safepoint    ] Safepoint "G1TryInitiateConcMark", Time since last: 31470500 ns, Reaching safepoint: 185100 ns, At safepoint: 6608600 ns, Total: 6793700 ns
[2020-09-29T10:12:25.337+0000][7792][gc,marking   ] GC(586) Concurrent Clear Claimed Marks
[2020-09-29T10:12:25.337+0000][7792][gc,marking   ] GC(586) Concurrent Clear Claimed Marks 0.582ms
[2020-09-29T10:12:25.337+0000][7792][gc,marking   ] GC(586) Concurrent Scan Root Regions
[2020-09-29T10:12:25.341+0000][7792][gc,marking   ] GC(586) Concurrent Scan Root Regions 4.105ms
[2020-09-29T10:12:25.342+0000][7792][gc,marking   ] GC(586) Concurrent Mark (1008.443s)
[2020-09-29T10:12:25.342+0000][7792][gc,marking   ] GC(586) Concurrent Mark From Roots
[2020-09-29T10:12:25.342+0000][7792][gc,task      ] GC(586) Using 2 workers of 2 for marking
[2020-09-29T10:12:25.522+0000][7792][gc,marking   ] GC(586) Concurrent Mark From Roots 180.743ms
[2020-09-29T10:12:25.522+0000][7792][gc,marking   ] GC(586) Concurrent Preclean
[2020-09-29T10:12:25.523+0000][7792][gc,marking   ] GC(586) Concurrent Preclean 0.826ms
[2020-09-29T10:12:25.523+0000][7792][gc,marking   ] GC(586) Concurrent Mark (1008.443s, 1008.625s) 181.761ms
[2020-09-29T10:12:25.524+0000][7792][gc,start     ] GC(586) Pause Remark
[2020-09-29T10:12:25.531+0000][7792][gc           ] GC(586) Pause Remark 861M->861M(1024M) 7.615ms
[2020-09-29T10:12:25.531+0000][7792][gc,cpu       ] GC(586) User=0.11s Sys=0.00s Real=0.01s
[2020-09-29T10:12:25.532+0000][7792][safepoint    ] Safepoint "G1Concurrent", Time since last: 186837600 ns, Reaching safepoint: 174000 ns, At safepoint: 7887200 ns, Total: 8061200 ns
[2020-09-29T10:12:25.532+0000][7792][gc,marking   ] GC(586) Concurrent Rebuild Remembered Sets
[2020-09-29T10:12:25.636+0000][7792][gc,marking   ] GC(586) Concurrent Rebuild Remembered Sets 104.059ms
[2020-09-29T10:12:25.636+0000][7792][gc,start     ] GC(586) Pause Cleanup
[2020-09-29T10:12:25.637+0000][7792][gc           ] GC(586) Pause Cleanup 951M->951M(1024M) 0.497ms
[2020-09-29T10:12:25.637+0000][7792][gc,cpu       ] GC(586) User=0.00s Sys=0.00s Real=0.00s
[2020-09-29T10:12:25.637+0000][7792][safepoint    ] Safepoint "G1Concurrent", Time since last: 104290000 ns, Reaching safepoint: 182100 ns, At safepoint: 759900 ns, Total: 942000 ns
[2020-09-29T10:12:25.637+0000][7792][gc,marking   ] GC(586) Concurrent Cleanup for Next Mark
[2020-09-29T10:12:25.639+0000][7792][gc,marking   ] GC(586) Concurrent Cleanup for Next Mark 2.021ms
[2020-09-29T10:12:25.639+0000][7792][gc           ] GC(586) Concurrent Cycle 302.435ms
[2020-09-29T10:12:25.673+0000][7792][gc,start     ] GC(587) Pause Young (Concurrent Start) (G1 Humongous Allocation)
[2020-09-29T10:12:25.673+0000][7792][gc,task      ] GC(587) Using 8 workers of 8 for evacuation
[2020-09-29T10:12:25.673+0000][7792][gc,age       ] GC(587) Desired survivor size 31981568 bytes, new threshold 15 (max threshold 15)
[2020-09-29T10:12:25.677+0000][7792][gc,age       ] GC(587) Age table with threshold 15 (max threshold 15)
[2020-09-29T10:12:25.677+0000][7792][gc,age       ] GC(587) - age   1:    2629664 bytes,    2629664 total
[2020-09-29T10:12:25.677+0000][7792][gc,age       ] GC(587) - age   2:       5968 bytes,    2635632 total
[2020-09-29T10:12:25.677+0000][7792][gc,age       ] GC(587) - age   3:       4504 bytes,    2640136 total
[2020-09-29T10:12:25.677+0000][7792][gc,age       ] GC(587) - age   4:      11600 bytes,    2651736 total
[2020-09-29T10:12:25.677+0000][7792][gc,age       ] GC(587) - age   5:       1640 bytes,    2653376 total
[2020-09-29T10:12:25.677+0000][7792][gc,age       ] GC(587) - age   6:       5672 bytes,    2659048 total
[2020-09-29T10:12:25.677+0000][7792][gc,age       ] GC(587) - age   7:        960 bytes,    2660008 total
[2020-09-29T10:12:25.677+0000][7792][gc,age       ] GC(587) - age   8:       1872 bytes,    2661880 total
[2020-09-29T10:12:25.677+0000][7792][gc,age       ] GC(587) - age   9:       1024 bytes,    2662904 total
[2020-09-29T10:12:25.677+0000][7792][gc,age       ] GC(587) - age  10:      63416 bytes,    2726320 total
[2020-09-29T10:12:25.677+0000][7792][gc,age       ] GC(587) - age  11:        648 bytes,    2726968 total
[2020-09-29T10:12:25.677+0000][7792][gc,age       ] GC(587) - age  12:       1648 bytes,    2728616 total
[2020-09-29T10:12:25.677+0000][7792][gc,age       ] GC(587) - age  13:      12936 bytes,    2741552 total
[2020-09-29T10:12:25.677+0000][7792][gc,age       ] GC(587) - age  14:        416 bytes,    2741968 total
[2020-09-29T10:12:25.678+0000][7792][gc,age       ] GC(587) - age  15:        944 bytes,    2742912 total
[2020-09-29T10:12:25.678+0000][7792][gc,phases    ] GC(587)   Pre Evacuate Collection Set: 0.5ms
[2020-09-29T10:12:25.678+0000][7792][gc,phases    ] GC(587)   Merge Heap Roots: 0.1ms
[2020-09-29T10:12:25.678+0000][7792][gc,phases    ] GC(587)   Evacuate Collection Set: 2.1ms
[2020-09-29T10:12:25.678+0000][7792][gc,phases    ] GC(587)   Post Evacuate Collection Set: 1.3ms
[2020-09-29T10:12:25.678+0000][7792][gc,phases    ] GC(587)   Other: 1.0ms
[2020-09-29T10:12:25.678+0000][7792][gc,heap      ] GC(587) Eden regions: 179->0(486)
[2020-09-29T10:12:25.678+0000][7792][gc,heap      ] GC(587) Survivor regions: 9->4(61)
[2020-09-29T10:12:25.678+0000][7792][gc,heap      ] GC(587) Old regions: 84->84
[2020-09-29T10:12:25.678+0000][7792][gc,heap      ] GC(587) Archive regions: 0->0
[2020-09-29T10:12:25.678+0000][7792][gc,heap      ] GC(587) Humongous regions: 688->174
[2020-09-29T10:12:25.678+0000][7792][gc,metaspace ] GC(587) Metaspace: 90435K(96384K)->90435K(96384K) NonClass: 79141K(82688K)->79141K(82688K) Class: 11293K(13696K)->11293K(13696K)
[2020-09-29T10:12:25.678+0000][7792][gc           ] GC(587) Pause Young (Concurrent Start) (G1 Humongous Allocation) 958M->260M(1024M) 5.512ms
[2020-09-29T10:12:25.678+0000][7792][gc,cpu       ] GC(587) User=0.00s Sys=0.00s Real=0.00s
[2020-09-29T10:12:25.678+0000][7792][gc           ] GC(588) Concurrent Cycle
[2020-09-29T10:12:25.678+0000][7792][safepoint    ] Safepoint "G1TryInitiateConcMark", Time since last: 35699100 ns, Reaching safepoint: 154700 ns, At safepoint: 5743800 ns, Total: 5898500 ns
[2020-09-29T10:12:25.678+0000][7792][gc,marking   ] GC(588) Concurrent Clear Claimed Marks
[2020-09-29T10:12:25.679+0000][7792][gc,marking   ] GC(588) Concurrent Clear Claimed Marks 0.585ms
[2020-09-29T10:12:25.679+0000][7792][gc,marking   ] GC(588) Concurrent Scan Root Regions
[2020-09-29T10:12:25.681+0000][7792][gc,marking   ] GC(588) Concurrent Scan Root Regions 2.033ms
[2020-09-29T10:12:25.681+0000][7792][gc,marking   ] GC(588) Concurrent Mark (1008.783s)
[2020-09-29T10:12:25.681+0000][7792][gc,marking   ] GC(588) Concurrent Mark From Roots
[2020-09-29T10:12:25.681+0000][7792][gc,task      ] GC(588) Using 2 workers of 2 for marking
[2020-09-29T10:12:25.856+0000][7792][gc,marking   ] GC(588) Concurrent Mark From Roots 174.316ms
[2020-09-29T10:12:25.856+0000][7792][gc,marking   ] GC(588) Concurrent Preclean
[2020-09-29T10:12:25.856+0000][7792][gc,marking   ] GC(588) Concurrent Preclean 0.669ms
[2020-09-29T10:12:25.856+0000][7792][gc,marking   ] GC(588) Concurrent Mark (1008.783s, 1008.958s) 175.219ms
[2020-09-29T10:12:25.857+0000][7792][gc,start     ] GC(588) Pause Remark
[2020-09-29T10:12:25.865+0000][7792][gc           ] GC(588) Pause Remark 445M->445M(1024M) 8.032ms
[2020-09-29T10:12:25.865+0000][7792][gc,cpu       ] GC(588) User=0.09s Sys=0.02s Real=0.01s
[2020-09-29T10:12:25.865+0000][7792][safepoint    ] Safepoint "G1Concurrent", Time since last: 178214100 ns, Reaching safepoint: 158800 ns, At safepoint: 8416800 ns, Total: 8575600 ns
[2020-09-29T10:12:25.865+0000][7792][gc,marking   ] GC(588) Concurrent Rebuild Remembered Sets
[2020-09-29T10:12:25.973+0000][7792][gc,marking   ] GC(588) Concurrent Rebuild Remembered Sets 108.013ms
[2020-09-29T10:12:25.973+0000][7792][gc,start     ] GC(588) Pause Cleanup
[2020-09-29T10:12:25.974+0000][7792][gc           ] GC(588) Pause Cleanup 707M->707M(1024M) 0.486ms
[2020-09-29T10:12:25.974+0000][7792][gc,cpu       ] GC(588) User=0.00s Sys=0.00s Real=0.00s
[2020-09-29T10:12:25.974+0000][7792][safepoint    ] Safepoint "G1Concurrent", Time since last: 108222300 ns, Reaching safepoint: 179300 ns, At safepoint: 747400 ns, Total: 926700 ns
[2020-09-29T10:12:25.974+0000][7792][gc,marking   ] GC(588) Concurrent Cleanup for Next Mark
[2020-09-29T10:12:25.976+0000][7792][gc,marking   ] GC(588) Concurrent Cleanup for Next Mark 2.083ms
[2020-09-29T10:12:25.976+0000][7792][gc           ] GC(588) Concurrent Cycle 298.225ms
[2020-09-29T10:12:26.025+0000][7792][gc,start     ] GC(589) Pause Young (Concurrent Start) (G1 Humongous Allocation)
[2020-09-29T10:12:26.025+0000][7792][gc,task      ] GC(589) Using 8 workers of 8 for evacuation
[2020-09-29T10:12:26.025+0000][7792][gc,age       ] GC(589) Desired survivor size 32505856 bytes, new threshold 15 (max threshold 15)
[2020-09-29T10:12:26.030+0000][7792][gc,age       ] GC(589) Age table with threshold 15 (max threshold 15)
[2020-09-29T10:12:26.030+0000][7792][gc,age       ] GC(589) - age   1:    3515584 bytes,    3515584 total
[2020-09-29T10:12:26.030+0000][7792][gc,age       ] GC(589) - age   2:       7640 bytes,    3523224 total
[2020-09-29T10:12:26.030+0000][7792][gc,age       ] GC(589) - age   3:       5760 bytes,    3528984 total
[2020-09-29T10:12:26.030+0000][7792][gc,age       ] GC(589) - age   4:       2848 bytes,    3531832 total
[2020-09-29T10:12:26.030+0000][7792][gc,age       ] GC(589) - age   5:      11344 bytes,    3543176 total
[2020-09-29T10:12:26.030+0000][7792][gc,age       ] GC(589) - age   6:       1480 bytes,    3544656 total
[2020-09-29T10:12:26.030+0000][7792][gc,age       ] GC(589) - age   7:       5672 bytes,    3550328 total
[2020-09-29T10:12:26.030+0000][7792][gc,age       ] GC(589) - age   8:        960 bytes,    3551288 total
[2020-09-29T10:12:26.030+0000][7792][gc,age       ] GC(589) - age   9:       1872 bytes,    3553160 total
[2020-09-29T10:12:26.030+0000][7792][gc,age       ] GC(589) - age  10:        960 bytes,    3554120 total
[2020-09-29T10:12:26.030+0000][7792][gc,age       ] GC(589) - age  11:      63224 bytes,    3617344 total
[2020-09-29T10:12:26.030+0000][7792][gc,age       ] GC(589) - age  12:        584 bytes,    3617928 total
[2020-09-29T10:12:26.030+0000][7792][gc,age       ] GC(589) - age  13:       1648 bytes,    3619576 total
[2020-09-29T10:12:26.030+0000][7792][gc,age       ] GC(589) - age  14:      12936 bytes,    3632512 total
[2020-09-29T10:12:26.030+0000][7792][gc,age       ] GC(589) - age  15:        416 bytes,    3632928 total
[2020-09-29T10:12:26.031+0000][7792][gc,phases    ] GC(589)   Pre Evacuate Collection Set: 0.5ms
[2020-09-29T10:12:26.031+0000][7792][gc,phases    ] GC(589)   Merge Heap Roots: 0.1ms
[2020-09-29T10:12:26.031+0000][7792][gc,phases    ] GC(589)   Evacuate Collection Set: 2.4ms
[2020-09-29T10:12:26.031+0000][7792][gc,phases    ] GC(589)   Post Evacuate Collection Set: 1.2ms
[2020-09-29T10:12:26.031+0000][7792][gc,phases    ] GC(589)   Other: 1.1ms
[2020-09-29T10:12:26.031+0000][7792][gc,heap      ] GC(589) Eden regions: 132->0(487)
[2020-09-29T10:12:26.031+0000][7792][gc,heap      ] GC(589) Survivor regions: 4->4(62)
[2020-09-29T10:12:26.031+0000][7792][gc,heap      ] GC(589) Old regions: 84->84
[2020-09-29T10:12:26.031+0000][7792][gc,heap      ] GC(589) Archive regions: 0->0
[2020-09-29T10:12:26.031+0000][7792][gc,heap      ] GC(589) Humongous regions: 520->174
[2020-09-29T10:12:26.031+0000][7792][gc,metaspace ] GC(589) Metaspace: 90435K(96384K)->90435K(96384K) NonClass: 79141K(82688K)->79141K(82688K) Class: 11293K(13696K)->11293K(13696K)
[2020-09-29T10:12:26.031+0000][7792][gc           ] GC(589) Pause Young (Concurrent Start) (G1 Humongous Allocation) 738M->261M(1024M) 5.612ms
[2020-09-29T10:12:26.031+0000][7792][gc,cpu       ] GC(589) User=0.03s Sys=0.00s Real=0.01s
[2020-09-29T10:12:26.031+0000][7792][gc           ] GC(590) Concurrent Cycle
[2020-09-29T10:12:26.031+0000][7792][safepoint    ] Safepoint "G1TryInitiateConcMark", Time since last: 51334800 ns, Reaching safepoint: 182500 ns, At safepoint: 5808900 ns, Total: 5991400 ns
[2020-09-29T10:12:26.031+0000][7792][gc,marking   ] GC(590) Concurrent Clear Claimed Marks
[2020-09-29T10:12:26.032+0000][7792][gc,marking   ] GC(590) Concurrent Clear Claimed Marks 0.505ms
[2020-09-29T10:12:26.032+0000][7792][gc,marking   ] GC(590) Concurrent Scan Root Regions
[2020-09-29T10:12:26.034+0000][7792][gc,marking   ] GC(590) Concurrent Scan Root Regions 1.945ms
[2020-09-29T10:12:26.034+0000][7792][gc,marking   ] GC(590) Concurrent Mark (1009.136s)
[2020-09-29T10:12:26.034+0000][7792][gc,marking   ] GC(590) Concurrent Mark From Roots
[2020-09-29T10:12:26.034+0000][7792][gc,task      ] GC(590) Using 2 workers of 2 for marking
[2020-09-29T10:12:26.205+0000][7792][gc,marking   ] GC(590) Concurrent Mark From Roots 171.192ms
[2020-09-29T10:12:26.205+0000][7792][gc,marking   ] GC(590) Concurrent Preclean
[2020-09-29T10:12:26.206+0000][7792][gc,marking   ] GC(590) Concurrent Preclean 0.639ms
[2020-09-29T10:12:26.206+0000][7792][gc,marking   ] GC(590) Concurrent Mark (1009.136s, 1009.308s) 172.033ms
[2020-09-29T10:12:26.206+0000][7792][gc,start     ] GC(590) Pause Remark
[2020-09-29T10:12:26.215+0000][7792][gc           ] GC(590) Pause Remark 466M->466M(1024M) 8.856ms
[2020-09-29T10:12:26.215+0000][7792][gc,cpu       ] GC(590) User=0.00s Sys=0.00s Real=0.01s
[2020-09-29T10:12:26.215+0000][7792][safepoint    ] Safepoint "G1Concurrent", Time since last: 174788100 ns, Reaching safepoint: 183300 ns, At safepoint: 9092300 ns, Total: 9275600 ns
[2020-09-29T10:12:26.215+0000][7792][gc,marking   ] GC(590) Concurrent Rebuild Remembered Sets
[2020-09-29T10:12:26.314+0000][7792][gc,marking   ] GC(590) Concurrent Rebuild Remembered Sets 99.245ms
[2020-09-29T10:12:26.315+0000][7792][gc,start     ] GC(590) Pause Cleanup
[2020-09-29T10:12:26.315+0000][7792][gc           ] GC(590) Pause Cleanup 547M->547M(1024M) 0.432ms
[2020-09-29T10:12:26.315+0000][7792][gc,cpu       ] GC(590) User=0.00s Sys=0.00s Real=0.00s
[2020-09-29T10:12:26.315+0000][7792][safepoint    ] Safepoint "G1Concurrent", Time since last: 99438800 ns, Reaching safepoint: 209200 ns, At safepoint: 700100 ns, Total: 909300 ns
[2020-09-29T10:12:26.316+0000][7792][gc,marking   ] GC(590) Concurrent Cleanup for Next Mark
[2020-09-29T10:12:26.317+0000][7792][gc,marking   ] GC(590) Concurrent Cleanup for Next Mark 1.698ms
[2020-09-29T10:12:26.317+0000][7792][gc           ] GC(590) Concurrent Cycle 286.345ms
[2020-09-29T10:12:26.321+0000][7792][gc,start     ] GC(591) Pause Young (Concurrent Start) (G1 Humongous Allocation)
[2020-09-29T10:12:26.321+0000][7792][gc,task      ] GC(591) Using 8 workers of 8 for evacuation
[2020-09-29T10:12:26.321+0000][7792][gc,age       ] GC(591) Desired survivor size 32505856 bytes, new threshold 15 (max threshold 15)
[2020-09-29T10:12:26.325+0000][7792][gc,age       ] GC(591) Age table with threshold 15 (max threshold 15)
[2020-09-29T10:12:26.325+0000][7792][gc,age       ] GC(591) - age   1:    3759872 bytes,    3759872 total
[2020-09-29T10:12:26.325+0000][7792][gc,age       ] GC(591) - age   2:     204696 bytes,    3964568 total
[2020-09-29T10:12:26.325+0000][7792][gc,age       ] GC(591) - age   3:       7152 bytes,    3971720 total
[2020-09-29T10:12:26.325+0000][7792][gc,age       ] GC(591) - age   4:       4808 bytes,    3976528 total
[2020-09-29T10:12:26.325+0000][7792][gc,age       ] GC(591) - age   5:       2752 bytes,    3979280 total
[2020-09-29T10:12:26.325+0000][7792][gc,age       ] GC(591) - age   6:      10928 bytes,    3990208 total
[2020-09-29T10:12:26.325+0000][7792][gc,age       ] GC(591) - age   7:       1320 bytes,    3991528 total
[2020-09-29T10:12:26.325+0000][7792][gc,age       ] GC(591) - age   8:       5672 bytes,    3997200 total
[2020-09-29T10:12:26.325+0000][7792][gc,age       ] GC(591) - age   9:        960 bytes,    3998160 total
[2020-09-29T10:12:26.325+0000][7792][gc,age       ] GC(591) - age  10:       1872 bytes,    4000032 total
[2020-09-29T10:12:26.325+0000][7792][gc,age       ] GC(591) - age  11:        960 bytes,    4000992 total
[2020-09-29T10:12:26.325+0000][7792][gc,age       ] GC(591) - age  12:      63160 bytes,    4064152 total
[2020-09-29T10:12:26.325+0000][7792][gc,age       ] GC(591) - age  13:        584 bytes,    4064736 total
[2020-09-29T10:12:26.325+0000][7792][gc,age       ] GC(591) - age  14:       1648 bytes,    4066384 total
[2020-09-29T10:12:26.325+0000][7792][gc,age       ] GC(591) - age  15:      12872 bytes,    4079256 total
[2020-09-29T10:12:26.325+0000][7792][gc,phases    ] GC(591)   Pre Evacuate Collection Set: 0.4ms
[2020-09-29T10:12:26.325+0000][7792][gc,phases    ] GC(591)   Merge Heap Roots: 0.1ms
[2020-09-29T10:12:26.326+0000][7792][gc,phases    ] GC(591)   Evacuate Collection Set: 2.3ms
[2020-09-29T10:12:26.326+0000][7792][gc,phases    ] GC(591)   Post Evacuate Collection Set: 0.9ms
[2020-09-29T10:12:26.326+0000][7792][gc,phases    ] GC(591)   Other: 1.1ms
[2020-09-29T10:12:26.326+0000][7792][gc,heap      ] GC(591) Eden regions: 79->0(488)
[2020-09-29T10:12:26.326+0000][7792][gc,heap      ] GC(591) Survivor regions: 4->5(62)
[2020-09-29T10:12:26.326+0000][7792][gc,heap      ] GC(591) Old regions: 84->84
[2020-09-29T10:12:26.326+0000][7792][gc,heap      ] GC(591) Archive regions: 0->0
[2020-09-29T10:12:26.326+0000][7792][gc,heap      ] GC(591) Humongous regions: 382->174
[2020-09-29T10:12:26.326+0000][7792][gc,metaspace ] GC(591) Metaspace: 90435K(96384K)->90435K(96384K) NonClass: 79141K(82688K)->79141K(82688K) Class: 11293K(13696K)->11293K(13696K)
[2020-09-29T10:12:26.326+0000][7792][gc           ] GC(591) Pause Young (Concurrent Start) (G1 Humongous Allocation) 548M->261M(1024M) 5.233ms
[2020-09-29T10:12:26.326+0000][7792][gc,cpu       ] GC(591) User=0.00s Sys=0.00s Real=0.00s
[2020-09-29T10:12:26.326+0000][7792][gc           ] GC(592) Concurrent Cycle
[2020-09-29T10:12:26.326+0000][7792][safepoint    ] Safepoint "G1TryInitiateConcMark", Time since last: 4942400 ns, Reaching safepoint: 158100 ns, At safepoint: 5426000 ns, Total: 5584100 ns
[2020-09-29T10:12:26.326+0000][7792][gc,marking   ] GC(592) Concurrent Clear Claimed Marks
[2020-09-29T10:12:26.327+0000][7792][gc,marking   ] GC(592) Concurrent Clear Claimed Marks 0.481ms
[2020-09-29T10:12:26.327+0000][7792][gc,marking   ] GC(592) Concurrent Scan Root Regions
[2020-09-29T10:12:26.329+0000][7792][gc,marking   ] GC(592) Concurrent Scan Root Regions 2.407ms
[2020-09-29T10:12:26.329+0000][7792][gc,marking   ] GC(592) Concurrent Mark (1009.431s)
[2020-09-29T10:12:26.329+0000][7792][gc,marking   ] GC(592) Concurrent Mark From Roots
[2020-09-29T10:12:26.329+0000][7792][gc,task      ] GC(592) Using 2 workers of 2 for marking
[2020-09-29T10:12:26.505+0000][7792][gc,marking   ] GC(592) Concurrent Mark From Roots 175.414ms
[2020-09-29T10:12:26.505+0000][7792][gc,marking   ] GC(592) Concurrent Preclean
[2020-09-29T10:12:26.505+0000][7792][gc,marking   ] GC(592) Concurrent Preclean 0.560ms
[2020-09-29T10:12:26.505+0000][7792][gc,marking   ] GC(592) Concurrent Mark (1009.431s, 1009.608s) 176.256ms
[2020-09-29T10:12:26.506+0000][7792][gc,start     ] GC(592) Pause Remark
[2020-09-29T10:12:26.513+0000][7792][gc           ] GC(592) Pause Remark 401M->401M(1024M) 7.540ms
[2020-09-29T10:12:26.513+0000][7792][gc,cpu       ] GC(592) User=0.00s Sys=0.00s Real=0.01s
[2020-09-29T10:12:26.513+0000][7792][safepoint    ] Safepoint "G1Concurrent", Time since last: 179499100 ns, Reaching safepoint: 163900 ns, At safepoint: 7787300 ns, Total: 7951200 ns
[2020-09-29T10:12:26.514+0000][7792][gc,marking   ] GC(592) Concurrent Rebuild Remembered Sets
[2020-09-29T10:12:26.605+0000][7792][gc,marking   ] GC(592) Concurrent Rebuild Remembered Sets 91.326ms
[2020-09-29T10:12:26.605+0000][7792][gc,start     ] GC(592) Pause Cleanup
[2020-09-29T10:12:26.606+0000][7792][gc           ] GC(592) Pause Cleanup 530M->530M(1024M) 0.394ms
[2020-09-29T10:12:26.606+0000][7792][gc,cpu       ] GC(592) User=0.00s Sys=0.00s Real=0.00s
[2020-09-29T10:12:26.606+0000][7792][safepoint    ] Safepoint "G1Concurrent", Time since last: 91533400 ns, Reaching safepoint: 151500 ns, At safepoint: 629100 ns, Total: 780600 ns
[2020-09-29T10:12:26.606+0000][7792][gc,marking   ] GC(592) Concurrent Cleanup for Next Mark
[2020-09-29T10:12:26.607+0000][7792][gc,marking   ] GC(592) Concurrent Cleanup for Next Mark 1.602ms
[2020-09-29T10:12:26.608+0000][7792][gc           ] GC(592) Concurrent Cycle 281.597ms
[2020-09-29T10:12:26.680+0000][7792][gc,start     ] GC(593) Pause Young (Concurrent Start) (G1 Humongous Allocation)
[2020-09-29T10:12:26.680+0000][7792][gc,task      ] GC(593) Using 8 workers of 8 for evacuation
[2020-09-29T10:12:26.680+0000][7792][gc,age       ] GC(593) Desired survivor size 32505856 bytes, new threshold 15 (max threshold 15)
[2020-09-29T10:12:26.685+0000][7792][gc,age       ] GC(593) Age table with threshold 15 (max threshold 15)
[2020-09-29T10:12:26.685+0000][7792][gc,age       ] GC(593) - age   1:   13429992 bytes,   13429992 total
[2020-09-29T10:12:26.685+0000][7792][gc,age       ] GC(593) - age   2:       4144 bytes,   13434136 total
[2020-09-29T10:12:26.686+0000][7792][gc,age       ] GC(593) - age   3:       3104 bytes,   13437240 total
[2020-09-29T10:12:26.686+0000][7792][gc,age       ] GC(593) - age   4:       6184 bytes,   13443424 total
[2020-09-29T10:12:26.686+0000][7792][gc,age       ] GC(593) - age   5:       4760 bytes,   13448184 total
[2020-09-29T10:12:26.686+0000][7792][gc,age       ] GC(593) - age   6:       2752 bytes,   13450936 total
[2020-09-29T10:12:26.686+0000][7792][gc,age       ] GC(593) - age   7:      10768 bytes,   13461704 total
[2020-09-29T10:12:26.686+0000][7792][gc,age       ] GC(593) - age   8:       1288 bytes,   13462992 total
[2020-09-29T10:12:26.686+0000][7792][gc,age       ] GC(593) - age   9:       5544 bytes,   13468536 total
[2020-09-29T10:12:26.686+0000][7792][gc,age       ] GC(593) - age  10:        960 bytes,   13469496 total
[2020-09-29T10:12:26.686+0000][7792][gc,age       ] GC(593) - age  11:       1872 bytes,   13471368 total
[2020-09-29T10:12:26.686+0000][7792][gc,age       ] GC(593) - age  12:        960 bytes,   13472328 total
[2020-09-29T10:12:26.686+0000][7792][gc,age       ] GC(593) - age  13:      63160 bytes,   13535488 total
[2020-09-29T10:12:26.686+0000][7792][gc,age       ] GC(593) - age  14:        584 bytes,   13536072 total
[2020-09-29T10:12:26.686+0000][7792][gc,age       ] GC(593) - age  15:       1648 bytes,   13537720 total
[2020-09-29T10:12:26.686+0000][7792][gc,phases    ] GC(593)   Pre Evacuate Collection Set: 0.4ms
[2020-09-29T10:12:26.686+0000][7792][gc,phases    ] GC(593)   Merge Heap Roots: 0.1ms
[2020-09-29T10:12:26.686+0000][7792][gc,phases    ] GC(593)   Evacuate Collection Set: 3.5ms
[2020-09-29T10:12:26.686+0000][7792][gc,phases    ] GC(593)   Post Evacuate Collection Set: 1.2ms
[2020-09-29T10:12:26.686+0000][7792][gc,phases    ] GC(593)   Other: 1.1ms
[2020-09-29T10:12:26.686+0000][7792][gc,heap      ] GC(593) Eden regions: 100->0(472)
[2020-09-29T10:12:26.686+0000][7792][gc,heap      ] GC(593) Survivor regions: 5->14(62)
[2020-09-29T10:12:26.686+0000][7792][gc,heap      ] GC(593) Old regions: 84->84
[2020-09-29T10:12:26.686+0000][7792][gc,heap      ] GC(593) Archive regions: 0->0
[2020-09-29T10:12:26.686+0000][7792][gc,heap      ] GC(593) Humongous regions: 370->174
[2020-09-29T10:12:26.686+0000][7792][gc,metaspace ] GC(593) Metaspace: 90437K(96384K)->90437K(96384K) NonClass: 79143K(82688K)->79143K(82688K) Class: 11293K(13696K)->11293K(13696K)
[2020-09-29T10:12:26.687+0000][7792][gc           ] GC(593) Pause Young (Concurrent Start) (G1 Humongous Allocation) 556M->270M(1024M) 6.814ms
[2020-09-29T10:12:26.687+0000][7792][gc,cpu       ] GC(593) User=0.02s Sys=0.00s Real=0.01s
[2020-09-29T10:12:26.687+0000][7792][gc           ] GC(594) Concurrent Cycle
[2020-09-29T10:12:26.687+0000][7792][safepoint    ] Safepoint "G1TryInitiateConcMark", Time since last: 73782400 ns, Reaching safepoint: 160500 ns, At safepoint: 7081100 ns, Total: 7241600 ns
[2020-09-29T10:12:26.687+0000][7792][gc,marking   ] GC(594) Concurrent Clear Claimed Marks
[2020-09-29T10:12:26.688+0000][7792][gc,marking   ] GC(594) Concurrent Clear Claimed Marks 1.002ms
[2020-09-29T10:12:26.688+0000][7792][gc,marking   ] GC(594) Concurrent Scan Root Regions
[2020-09-29T10:12:26.693+0000][7792][gc,marking   ] GC(594) Concurrent Scan Root Regions 4.617ms
[2020-09-29T10:12:26.693+0000][7792][gc,marking   ] GC(594) Concurrent Mark (1009.795s)
[2020-09-29T10:12:26.693+0000][7792][gc,marking   ] GC(594) Concurrent Mark From Roots
[2020-09-29T10:12:26.693+0000][7792][gc,task      ] GC(594) Using 2 workers of 2 for marking
[2020-09-29T10:12:26.874+0000][7792][gc,marking   ] GC(594) Concurrent Mark From Roots 181.570ms
[2020-09-29T10:12:26.875+0000][7792][gc,marking   ] GC(594) Concurrent Preclean
[2020-09-29T10:12:26.875+0000][7792][gc,marking   ] GC(594) Concurrent Preclean 0.552ms
[2020-09-29T10:12:26.875+0000][7792][gc,marking   ] GC(594) Concurrent Mark (1009.795s, 1009.977s) 182.298ms
[2020-09-29T10:12:26.875+0000][7792][gc,start     ] GC(594) Pause Remark
[2020-09-29T10:12:26.884+0000][7792][gc           ] GC(594) Pause Remark 668M->668M(1024M) 7.675ms
[2020-09-29T10:12:26.884+0000][7792][gc,cpu       ] GC(594) User=0.00s Sys=0.00s Real=0.01s
[2020-09-29T10:12:26.884+0000][7792][safepoint    ] Safepoint "G1Concurrent", Time since last: 188432100 ns, Reaching safepoint: 172200 ns, At safepoint: 7963000 ns, Total: 8135200 ns
[2020-09-29T10:12:26.884+0000][7792][gc,marking   ] GC(594) Concurrent Rebuild Remembered Sets
[2020-09-29T10:12:26.980+0000][7792][gc,marking   ] GC(594) Concurrent Rebuild Remembered Sets 95.783ms
[2020-09-29T10:12:26.980+0000][7792][gc,start     ] GC(594) Pause Cleanup
[2020-09-29T10:12:26.980+0000][7792][gc           ] GC(594) Pause Cleanup 805M->805M(1024M) 0.372ms
[2020-09-29T10:12:26.980+0000][7792][gc,cpu       ] GC(594) User=0.00s Sys=0.00s Real=0.00s
[2020-09-29T10:12:26.981+0000][7792][safepoint    ] Safepoint "G1Concurrent", Time since last: 95998300 ns, Reaching safepoint: 163600 ns, At safepoint: 593800 ns, Total: 757400 ns
[2020-09-29T10:12:26.981+0000][7792][gc,marking   ] GC(594) Concurrent Cleanup for Next Mark
[2020-09-29T10:12:26.982+0000][7792][gc,marking   ] GC(594) Concurrent Cleanup for Next Mark 1.822ms
[2020-09-29T10:12:26.983+0000][7792][gc           ] GC(594) Concurrent Cycle 295.434ms
[2020-09-29T10:12:27.013+0000][7792][gc,start     ] GC(595) Pause Young (Concurrent Start) (G1 Humongous Allocation)
[2020-09-29T10:12:27.013+0000][7792][gc,task      ] GC(595) Using 8 workers of 8 for evacuation
[2020-09-29T10:12:27.013+0000][7792][gc,age       ] GC(595) Desired survivor size 31981568 bytes, new threshold 15 (max threshold 15)
[2020-09-29T10:12:27.017+0000][7792][gc,age       ] GC(595) Age table with threshold 15 (max threshold 15)
[2020-09-29T10:12:27.017+0000][7792][gc,age       ] GC(595) - age   1:    3959584 bytes,    3959584 total
[2020-09-29T10:12:27.017+0000][7792][gc,age       ] GC(595) - age   2:      64328 bytes,    4023912 total
[2020-09-29T10:12:27.017+0000][7792][gc,age       ] GC(595) - age   3:       3464 bytes,    4027376 total
[2020-09-29T10:12:27.018+0000][7792][gc,age       ] GC(595) - age   4:       1608 bytes,    4028984 total
[2020-09-29T10:12:27.018+0000][7792][gc,age       ] GC(595) - age   5:       6184 bytes,    4035168 total
[2020-09-29T10:12:27.018+0000][7792][gc,age       ] GC(595) - age   6:       4696 bytes,    4039864 total
[2020-09-29T10:12:27.018+0000][7792][gc,age       ] GC(595) - age   7:       2752 bytes,    4042616 total
[2020-09-29T10:12:27.018+0000][7792][gc,age       ] GC(595) - age   8:      10576 bytes,    4053192 total
[2020-09-29T10:12:27.018+0000][7792][gc,age       ] GC(595) - age   9:       1224 bytes,    4054416 total
[2020-09-29T10:12:27.018+0000][7792][gc,age       ] GC(595) - age  10:       5544 bytes,    4059960 total
[2020-09-29T10:12:27.018+0000][7792][gc,age       ] GC(595) - age  11:        896 bytes,    4060856 total
[2020-09-29T10:12:27.018+0000][7792][gc,age       ] GC(595) - age  12:       1872 bytes,    4062728 total
[2020-09-29T10:12:27.018+0000][7792][gc,age       ] GC(595) - age  13:        960 bytes,    4063688 total
[2020-09-29T10:12:27.018+0000][7792][gc,age       ] GC(595) - age  14:      63096 bytes,    4126784 total
[2020-09-29T10:12:27.018+0000][7792][gc,age       ] GC(595) - age  15:        584 bytes,    4127368 total
[2020-09-29T10:12:27.018+0000][7792][gc,phases    ] GC(595)   Pre Evacuate Collection Set: 0.4ms
[2020-09-29T10:12:27.018+0000][7792][gc,phases    ] GC(595)   Merge Heap Roots: 0.1ms
[2020-09-29T10:12:27.018+0000][7792][gc,phases    ] GC(595)   Evacuate Collection Set: 2.4ms
[2020-09-29T10:12:27.018+0000][7792][gc,phases    ] GC(595)   Post Evacuate Collection Set: 1.3ms
[2020-09-29T10:12:27.018+0000][7792][gc,phases    ] GC(595)   Other: 1.2ms
[2020-09-29T10:12:27.018+0000][7792][gc,heap      ] GC(595) Eden regions: 135->0(484)
[2020-09-29T10:12:27.018+0000][7792][gc,heap      ] GC(595) Survivor regions: 14->5(61)
[2020-09-29T10:12:27.018+0000][7792][gc,heap      ] GC(595) Old regions: 84->84
[2020-09-29T10:12:27.019+0000][7792][gc,heap      ] GC(595) Archive regions: 0->0
[2020-09-29T10:12:27.019+0000][7792][gc,heap      ] GC(595) Humongous regions: 586->174
[2020-09-29T10:12:27.019+0000][7792][gc,metaspace ] GC(595) Metaspace: 90437K(96384K)->90437K(96384K) NonClass: 79143K(82688K)->79143K(82688K) Class: 11293K(13696K)->11293K(13696K)
[2020-09-29T10:12:27.019+0000][7792][gc           ] GC(595) Pause Young (Concurrent Start) (G1 Humongous Allocation) 816M->261M(1024M) 5.848ms
[2020-09-29T10:12:27.019+0000][7792][gc,cpu       ] GC(595) User=0.11s Sys=0.00s Real=0.01s
[2020-09-29T10:12:27.019+0000][7792][gc           ] GC(596) Concurrent Cycle
[2020-09-29T10:12:27.019+0000][7792][safepoint    ] Safepoint "G1TryInitiateConcMark", Time since last: 32053900 ns, Reaching safepoint: 148200 ns, At safepoint: 6087000 ns, Total: 6235200 ns
[2020-09-29T10:12:27.019+0000][7792][gc,marking   ] GC(596) Concurrent Clear Claimed Marks
[2020-09-29T10:12:27.019+0000][7792][gc,marking   ] GC(596) Concurrent Clear Claimed Marks 0.446ms
[2020-09-29T10:12:27.019+0000][7792][gc,marking   ] GC(596) Concurrent Scan Root Regions
[2020-09-29T10:12:27.023+0000][7792][gc,marking   ] GC(596) Concurrent Scan Root Regions 3.404ms
[2020-09-29T10:12:27.023+0000][7792][gc,marking   ] GC(596) Concurrent Mark (1010.125s)
[2020-09-29T10:12:27.023+0000][7792][gc,marking   ] GC(596) Concurrent Mark From Roots
[2020-09-29T10:12:27.023+0000][7792][gc,task      ] GC(596) Using 2 workers of 2 for marking
[2020-09-29T10:12:27.175+0000][7792][gc,marking   ] GC(596) Concurrent Mark From Roots 151.934ms
[2020-09-29T10:12:27.175+0000][7792][gc,marking   ] GC(596) Concurrent Preclean
[2020-09-29T10:12:27.176+0000][7792][gc,marking   ] GC(596) Concurrent Preclean 0.710ms
[2020-09-29T10:12:27.176+0000][7792][gc,marking   ] GC(596) Concurrent Mark (1010.125s, 1010.278s) 152.930ms
[2020-09-29T10:12:27.176+0000][7792][gc,start     ] GC(596) Pause Remark
[2020-09-29T10:12:27.184+0000][7792][gc           ] GC(596) Pause Remark 465M->465M(1024M) 7.933ms
[2020-09-29T10:12:27.184+0000][7792][gc,cpu       ] GC(596) User=0.00s Sys=0.00s Real=0.01s
[2020-09-29T10:12:27.184+0000][7792][safepoint    ] Safepoint "G1Concurrent", Time since last: 157180900 ns, Reaching safepoint: 189000 ns, At safepoint: 8268600 ns, Total: 8457600 ns
[2020-09-29T10:12:27.185+0000][7792][gc,marking   ] GC(596) Concurrent Rebuild Remembered Sets
[2020-09-29T10:12:27.273+0000][7792][gc,marking   ] GC(596) Concurrent Rebuild Remembered Sets 88.203ms
[2020-09-29T10:12:27.273+0000][7792][gc,start     ] GC(596) Pause Cleanup
[2020-09-29T10:12:27.273+0000][7792][gc           ] GC(596) Pause Cleanup 740M->740M(1024M) 0.302ms
[2020-09-29T10:12:27.273+0000][7792][gc,cpu       ] GC(596) User=0.00s Sys=0.00s Real=0.00s
[2020-09-29T10:12:27.273+0000][7792][safepoint    ] Safepoint "G1Concurrent", Time since last: 88407500 ns, Reaching safepoint: 150300 ns, At safepoint: 454700 ns, Total: 605000 ns
[2020-09-29T10:12:27.273+0000][7792][gc,marking   ] GC(596) Concurrent Cleanup for Next Mark
[2020-09-29T10:12:27.275+0000][7792][gc,marking   ] GC(596) Concurrent Cleanup for Next Mark 1.345ms
[2020-09-29T10:12:27.275+0000][7792][gc           ] GC(596) Concurrent Cycle 256.151ms
[2020-09-29T10:12:27.296+0000][7792][gc,start     ] GC(597) Pause Young (Concurrent Start) (G1 Humongous Allocation)
[2020-09-29T10:12:27.296+0000][7792][gc,task      ] GC(597) Using 8 workers of 8 for evacuation
[2020-09-29T10:12:27.296+0000][7792][gc,age       ] GC(597) Desired survivor size 32505856 bytes, new threshold 15 (max threshold 15)
[2020-09-29T10:12:27.300+0000][7792][gc,age       ] GC(597) Age table with threshold 15 (max threshold 15)
[2020-09-29T10:12:27.300+0000][7792][gc,age       ] GC(597) - age   1:    3973144 bytes,    3973144 total
[2020-09-29T10:12:27.300+0000][7792][gc,age       ] GC(597) - age   2:       3952 bytes,    3977096 total
[2020-09-29T10:12:27.300+0000][7792][gc,age       ] GC(597) - age   3:      62232 bytes,    4039328 total
[2020-09-29T10:12:27.300+0000][7792][gc,age       ] GC(597) - age   4:       2840 bytes,    4042168 total
[2020-09-29T10:12:27.300+0000][7792][gc,age       ] GC(597) - age   5:       1576 bytes,    4043744 total
[2020-09-29T10:12:27.300+0000][7792][gc,age       ] GC(597) - age   6:       5768 bytes,    4049512 total
[2020-09-29T10:12:27.300+0000][7792][gc,age       ] GC(597) - age   7:       4568 bytes,    4054080 total
[2020-09-29T10:12:27.300+0000][7792][gc,age       ] GC(597) - age   8:       2624 bytes,    4056704 total
[2020-09-29T10:12:27.300+0000][7792][gc,age       ] GC(597) - age   9:      10576 bytes,    4067280 total
[2020-09-29T10:12:27.300+0000][7792][gc,age       ] GC(597) - age  10:       1224 bytes,    4068504 total
[2020-09-29T10:12:27.300+0000][7792][gc,age       ] GC(597) - age  11:       5480 bytes,    4073984 total
[2020-09-29T10:12:27.300+0000][7792][gc,age       ] GC(597) - age  12:        896 bytes,    4074880 total
[2020-09-29T10:12:27.300+0000][7792][gc,age       ] GC(597) - age  13:       1872 bytes,    4076752 total
[2020-09-29T10:12:27.300+0000][7792][gc,age       ] GC(597) - age  14:        896 bytes,    4077648 total
[2020-09-29T10:12:27.300+0000][7792][gc,age       ] GC(597) - age  15:      63096 bytes,    4140744 total
[2020-09-29T10:12:27.300+0000][7792][gc,phases    ] GC(597)   Pre Evacuate Collection Set: 0.4ms
[2020-09-29T10:12:27.300+0000][7792][gc,phases    ] GC(597)   Merge Heap Roots: 0.1ms
[2020-09-29T10:12:27.300+0000][7792][gc,phases    ] GC(597)   Evacuate Collection Set: 2.1ms
[2020-09-29T10:12:27.300+0000][7792][gc,phases    ] GC(597)   Post Evacuate Collection Set: 1.0ms
[2020-09-29T10:12:27.300+0000][7792][gc,phases    ] GC(597)   Other: 0.7ms
[2020-09-29T10:12:27.300+0000][7792][gc,heap      ] GC(597) Eden regions: 140->0(486)
[2020-09-29T10:12:27.300+0000][7792][gc,heap      ] GC(597) Survivor regions: 5->5(62)
[2020-09-29T10:12:27.300+0000][7792][gc,heap      ] GC(597) Old regions: 84->84
[2020-09-29T10:12:27.300+0000][7792][gc,heap      ] GC(597) Archive regions: 0->0
[2020-09-29T10:12:27.300+0000][7792][gc,heap      ] GC(597) Humongous regions: 524->174
[2020-09-29T10:12:27.300+0000][7792][gc,metaspace ] GC(597) Metaspace: 90439K(96384K)->90439K(96384K) NonClass: 79145K(82688K)->79145K(82688K) Class: 11293K(13696K)->11293K(13696K)
[2020-09-29T10:12:27.300+0000][7792][gc           ] GC(597) Pause Young (Concurrent Start) (G1 Humongous Allocation) 751M->261M(1024M) 4.521ms
[2020-09-29T10:12:27.301+0000][7792][gc,cpu       ] GC(597) User=0.02s Sys=0.00s Real=0.01s
[2020-09-29T10:12:27.301+0000][7792][safepoint    ] Safepoint "G1TryInitiateConcMark", Time since last: 22329700 ns, Reaching safepoint: 138700 ns, At safepoint: 4683800 ns, Total: 4822500 ns
[2020-09-29T10:12:27.301+0000][7792][gc           ] GC(598) Concurrent Cycle
[2020-09-29T10:12:27.301+0000][7792][gc,marking   ] GC(598) Concurrent Clear Claimed Marks
[2020-09-29T10:12:27.301+0000][7792][gc,marking   ] GC(598) Concurrent Clear Claimed Marks 0.361ms
[2020-09-29T10:12:27.301+0000][7792][gc,marking   ] GC(598) Concurrent Scan Root Regions
[2020-09-29T10:12:27.303+0000][7792][gc,marking   ] GC(598) Concurrent Scan Root Regions 2.181ms
[2020-09-29T10:12:27.303+0000][7792][gc,marking   ] GC(598) Concurrent Mark (1010.405s)
[2020-09-29T10:12:27.303+0000][7792][gc,marking   ] GC(598) Concurrent Mark From Roots
[2020-09-29T10:12:27.304+0000][7792][gc,task      ] GC(598) Using 2 workers of 2 for marking
[2020-09-29T10:12:27.452+0000][7792][gc,marking   ] GC(598) Concurrent Mark From Roots 148.122ms
[2020-09-29T10:12:27.452+0000][7792][gc,marking   ] GC(598) Concurrent Preclean
[2020-09-29T10:12:27.452+0000][7792][gc,marking   ] GC(598) Concurrent Preclean 0.505ms
[2020-09-29T10:12:27.452+0000][7792][gc,marking   ] GC(598) Concurrent Mark (1010.405s, 1010.554s) 148.822ms
[2020-09-29T10:12:27.453+0000][7792][gc,start     ] GC(598) Pause Remark
[2020-09-29T10:12:27.460+0000][7792][gc           ] GC(598) Pause Remark 463M->463M(1024M) 7.367ms
[2020-09-29T10:12:27.460+0000][7792][gc,cpu       ] GC(598) User=0.00s Sys=0.00s Real=0.01s
[2020-09-29T10:12:27.460+0000][7792][safepoint    ] Safepoint "G1Concurrent", Time since last: 151723100 ns, Reaching safepoint: 206000 ns, At safepoint: 7675800 ns, Total: 7881800 ns
[2020-09-29T10:12:27.460+0000][7792][gc,marking   ] GC(598) Concurrent Rebuild Remembered Sets
[2020-09-29T10:12:27.534+0000][7792][gc,marking   ] GC(598) Concurrent Rebuild Remembered Sets 74.096ms
[2020-09-29T10:12:27.534+0000][7792][gc,start     ] GC(598) Pause Cleanup
[2020-09-29T10:12:27.534+0000][7792][gc           ] GC(598) Pause Cleanup 542M->542M(1024M) 0.316ms
[2020-09-29T10:12:27.535+0000][7792][gc,cpu       ] GC(598) User=0.00s Sys=0.00s Real=0.00s
[2020-09-29T10:12:27.535+0000][7792][safepoint    ] Safepoint "G1Concurrent", Time since last: 74294600 ns, Reaching safepoint: 168300 ns, At safepoint: 495200 ns, Total: 663500 ns
[2020-09-29T10:12:27.535+0000][7792][gc,marking   ] GC(598) Concurrent Cleanup for Next Mark
[2020-09-29T10:12:27.536+0000][7792][gc,marking   ] GC(598) Concurrent Cleanup for Next Mark 1.275ms
[2020-09-29T10:12:27.536+0000][7792][gc           ] GC(598) Concurrent Cycle 236.006ms
[2020-09-29T10:12:27.540+0000][7792][gc,start     ] GC(599) Pause Young (Concurrent Start) (G1 Humongous Allocation)
[2020-09-29T10:12:27.540+0000][7792][gc,task      ] GC(599) Using 8 workers of 8 for evacuation
[2020-09-29T10:12:27.540+0000][7792][gc,age       ] GC(599) Desired survivor size 32505856 bytes, new threshold 15 (max threshold 15)
[2020-09-29T10:12:27.545+0000][7792][gc,age       ] GC(599) Age table with threshold 15 (max threshold 15)
[2020-09-29T10:12:27.545+0000][7792][gc,age       ] GC(599) - age   1:    3718224 bytes,    3718224 total
[2020-09-29T10:12:27.545+0000][7792][gc,age       ] GC(599) - age   2:     268760 bytes,    3986984 total
[2020-09-29T10:12:27.545+0000][7792][gc,age       ] GC(599) - age   3:       3296 bytes,    3990280 total
[2020-09-29T10:12:27.545+0000][7792][gc,age       ] GC(599) - age   4:      61488 bytes,    4051768 total
[2020-09-29T10:12:27.545+0000][7792][gc,age       ] GC(599) - age   5:       2416 bytes,    4054184 total
[2020-09-29T10:12:27.545+0000][7792][gc,age       ] GC(599) - age   6:       1128 bytes,    4055312 total
[2020-09-29T10:12:27.545+0000][7792][gc,age       ] GC(599) - age   7:       5768 bytes,    4061080 total
[2020-09-29T10:12:27.545+0000][7792][gc,age       ] GC(599) - age   8:       4440 bytes,    4065520 total
[2020-09-29T10:12:27.545+0000][7792][gc,age       ] GC(599) - age   9:       2496 bytes,    4068016 total
[2020-09-29T10:12:27.545+0000][7792][gc,age       ] GC(599) - age  10:      10384 bytes,    4078400 total
[2020-09-29T10:12:27.545+0000][7792][gc,age       ] GC(599) - age  11:       1224 bytes,    4079624 total
[2020-09-29T10:12:27.545+0000][7792][gc,age       ] GC(599) - age  12:       5480 bytes,    4085104 total
[2020-09-29T10:12:27.545+0000][7792][gc,age       ] GC(599) - age  13:        896 bytes,    4086000 total
[2020-09-29T10:12:27.545+0000][7792][gc,age       ] GC(599) - age  14:       1840 bytes,    4087840 total
[2020-09-29T10:12:27.545+0000][7792][gc,age       ] GC(599) - age  15:        896 bytes,    4088736 total
[2020-09-29T10:12:27.545+0000][7792][gc,phases    ] GC(599)   Pre Evacuate Collection Set: 0.5ms
[2020-09-29T10:12:27.545+0000][7792][gc,phases    ] GC(599)   Merge Heap Roots: 0.1ms
[2020-09-29T10:12:27.545+0000][7792][gc,phases    ] GC(599)   Evacuate Collection Set: 2.9ms
[2020-09-29T10:12:27.545+0000][7792][gc,phases    ] GC(599)   Post Evacuate Collection Set: 1.0ms
[2020-09-29T10:12:27.545+0000][7792][gc,phases    ] GC(599)   Other: 0.9ms
[2020-09-29T10:12:27.545+0000][7792][gc,heap      ] GC(599) Eden regions: 82->0(488)
[2020-09-29T10:12:27.545+0000][7792][gc,heap      ] GC(599) Survivor regions: 5->5(62)
[2020-09-29T10:12:27.545+0000][7792][gc,heap      ] GC(599) Old regions: 84->84
[2020-09-29T10:12:27.546+0000][7792][gc,heap      ] GC(599) Archive regions: 0->0
[2020-09-29T10:12:27.546+0000][7792][gc,heap      ] GC(599) Humongous regions: 374->174
[2020-09-29T10:12:27.546+0000][7792][gc,metaspace ] GC(599) Metaspace: 90466K(96384K)->90466K(96384K) NonClass: 79172K(82688K)->79172K(82688K) Class: 11293K(13696K)->11293K(13696K)
[2020-09-29T10:12:27.546+0000][7792][gc           ] GC(599) Pause Young (Concurrent Start) (G1 Humongous Allocation) 543M->261M(1024M) 5.590ms
[2020-09-29T10:12:27.546+0000][7792][gc,cpu       ] GC(599) User=0.02s Sys=0.00s Real=0.01s
[2020-09-29T10:12:27.546+0000][7792][safepoint    ] Safepoint "G1TryInitiateConcMark", Time since last: 4664100 ns, Reaching safepoint: 210800 ns, At safepoint: 5768500 ns, Total: 5979300 ns
[2020-09-29T10:12:27.546+0000][7792][gc           ] GC(600) Concurrent Cycle
[2020-09-29T10:12:27.546+0000][7792][gc,marking   ] GC(600) Concurrent Clear Claimed Marks
[2020-09-29T10:12:27.546+0000][7792][gc,marking   ] GC(600) Concurrent Clear Claimed Marks 0.339ms
[2020-09-29T10:12:27.546+0000][7792][gc,marking   ] GC(600) Concurrent Scan Root Regions
[2020-09-29T10:12:27.549+0000][7792][gc,marking   ] GC(600) Concurrent Scan Root Regions 2.314ms
[2020-09-29T10:12:27.549+0000][7792][gc,marking   ] GC(600) Concurrent Mark (1010.651s)
[2020-09-29T10:12:27.549+0000][7792][gc,marking   ] GC(600) Concurrent Mark From Roots
[2020-09-29T10:12:27.549+0000][7792][gc,task      ] GC(600) Using 2 workers of 2 for marking
[2020-09-29T10:12:27.693+0000][7792][gc,marking   ] GC(600) Concurrent Mark From Roots 144.694ms
[2020-09-29T10:12:27.693+0000][7792][gc,marking   ] GC(600) Concurrent Preclean
[2020-09-29T10:12:27.693+0000][7792][gc,marking   ] GC(600) Concurrent Preclean 0.619ms
[2020-09-29T10:12:27.693+0000][7792][gc,marking   ] GC(600) Concurrent Mark (1010.651s, 1010.796s) 145.486ms
[2020-09-29T10:12:27.694+0000][7792][gc,start     ] GC(600) Pause Remark
[2020-09-29T10:12:27.701+0000][7792][gc           ] GC(600) Pause Remark 400M->400M(1024M) 7.619ms
[2020-09-29T10:12:27.701+0000][7792][gc,cpu       ] GC(600) User=0.00s Sys=0.00s Real=0.01s
[2020-09-29T10:12:27.702+0000][7792][safepoint    ] Safepoint "G1Concurrent", Time since last: 148443800 ns, Reaching safepoint: 193700 ns, At safepoint: 7860100 ns, Total: 8053800 ns
[2020-09-29T10:12:27.702+0000][7792][gc,marking   ] GC(600) Concurrent Rebuild Remembered Sets
[2020-09-29T10:12:27.800+0000][7792][gc,marking   ] GC(600) Concurrent Rebuild Remembered Sets 98.705ms
[2020-09-29T10:12:27.801+0000][7792][gc,start     ] GC(600) Pause Cleanup
[2020-09-29T10:12:27.801+0000][7792][gc           ] GC(600) Pause Cleanup 472M->472M(1024M) 0.433ms
[2020-09-29T10:12:27.801+0000][7792][gc,cpu       ] GC(600) User=0.00s Sys=0.00s Real=0.00s
[2020-09-29T10:12:27.801+0000][7792][safepoint    ] Safepoint "G1Concurrent", Time since last: 98923900 ns, Reaching safepoint: 231600 ns, At safepoint: 657700 ns, Total: 889300 ns
[2020-09-29T10:12:27.801+0000][7792][gc,marking   ] GC(600) Concurrent Cleanup for Next Mark
[2020-09-29T10:12:27.803+0000][7792][gc,marking   ] GC(600) Concurrent Cleanup for Next Mark 1.598ms
[2020-09-29T10:12:27.803+0000][7792][gc           ] GC(600) Concurrent Cycle 258.131ms
[2020-09-29T10:12:27.809+0000][7792][gc,start     ] GC(601) Pause Young (Concurrent Start) (G1 Humongous Allocation)
[2020-09-29T10:12:27.809+0000][7792][gc,task      ] GC(601) Using 8 workers of 8 for evacuation
[2020-09-29T10:12:27.809+0000][7792][gc,age       ] GC(601) Desired survivor size 32505856 bytes, new threshold 15 (max threshold 15)
[2020-09-29T10:12:27.814+0000][7792][gc,age       ] GC(601) Age table with threshold 15 (max threshold 15)
[2020-09-29T10:12:27.814+0000][7792][gc,age       ] GC(601) - age   1:    2634520 bytes,    2634520 total
[2020-09-29T10:12:27.814+0000][7792][gc,age       ] GC(601) - age   2:       4080 bytes,    2638600 total
[2020-09-29T10:12:27.814+0000][7792][gc,age       ] GC(601) - age   3:      62944 bytes,    2701544 total
[2020-09-29T10:12:27.814+0000][7792][gc,age       ] GC(601) - age   4:       2056 bytes,    2703600 total
[2020-09-29T10:12:27.814+0000][7792][gc,age       ] GC(601) - age   5:      61104 bytes,    2764704 total
[2020-09-29T10:12:27.814+0000][7792][gc,age       ] GC(601) - age   6:       2128 bytes,    2766832 total
[2020-09-29T10:12:27.814+0000][7792][gc,age       ] GC(601) - age   7:       1128 bytes,    2767960 total
[2020-09-29T10:12:27.814+0000][7792][gc,age       ] GC(601) - age   8:       5672 bytes,    2773632 total
[2020-09-29T10:12:27.814+0000][7792][gc,age       ] GC(601) - age   9:       4440 bytes,    2778072 total
[2020-09-29T10:12:27.814+0000][7792][gc,age       ] GC(601) - age  10:       2496 bytes,    2780568 total
[2020-09-29T10:12:27.814+0000][7792][gc,age       ] GC(601) - age  11:      10320 bytes,    2790888 total
[2020-09-29T10:12:27.814+0000][7792][gc,age       ] GC(601) - age  12:       1224 bytes,    2792112 total
[2020-09-29T10:12:27.814+0000][7792][gc,age       ] GC(601) - age  13:       5440 bytes,    2797552 total
[2020-09-29T10:12:27.814+0000][7792][gc,age       ] GC(601) - age  14:        832 bytes,    2798384 total
[2020-09-29T10:12:27.814+0000][7792][gc,age       ] GC(601) - age  15:       1840 bytes,    2800224 total
[2020-09-29T10:12:27.815+0000][7792][gc,phases    ] GC(601)   Pre Evacuate Collection Set: 0.5ms
[2020-09-29T10:12:27.815+0000][7792][gc,phases    ] GC(601)   Merge Heap Roots: 0.1ms
[2020-09-29T10:12:27.815+0000][7792][gc,phases    ] GC(601)   Evacuate Collection Set: 2.2ms
[2020-09-29T10:12:27.815+0000][7792][gc,phases    ] GC(601)   Post Evacuate Collection Set: 0.9ms
[2020-09-29T10:12:27.815+0000][7792][gc,phases    ] GC(601)   Other: 1.4ms
[2020-09-29T10:12:27.815+0000][7792][gc,heap      ] GC(601) Eden regions: 67->0(491)
[2020-09-29T10:12:27.815+0000][7792][gc,heap      ] GC(601) Survivor regions: 5->4(62)
[2020-09-29T10:12:27.815+0000][7792][gc,heap      ] GC(601) Old regions: 84->84
[2020-09-29T10:12:27.815+0000][7792][gc,heap      ] GC(601) Archive regions: 0->0
[2020-09-29T10:12:27.815+0000][7792][gc,heap      ] GC(601) Humongous regions: 320->174
[2020-09-29T10:12:27.815+0000][7792][gc,metaspace ] GC(601) Metaspace: 90466K(96384K)->90466K(96384K) NonClass: 79172K(82688K)->79172K(82688K) Class: 11293K(13696K)->11293K(13696K)
[2020-09-29T10:12:27.815+0000][7792][gc           ] GC(601) Pause Young (Concurrent Start) (G1 Humongous Allocation) 474M->260M(1024M) 5.802ms
[2020-09-29T10:12:27.815+0000][7792][gc,cpu       ] GC(601) User=0.11s Sys=0.00s Real=0.01s
[2020-09-29T10:12:27.815+0000][7792][gc           ] GC(602) Concurrent Cycle
[2020-09-29T10:12:27.815+0000][7792][safepoint    ] Safepoint "G1TryInitiateConcMark", Time since last: 7375900 ns, Reaching safepoint: 153300 ns, At safepoint: 6044900 ns, Total: 6198200 ns
[2020-09-29T10:12:27.815+0000][7792][gc,marking   ] GC(602) Concurrent Clear Claimed Marks
[2020-09-29T10:12:27.816+0000][7792][gc,marking   ] GC(602) Concurrent Clear Claimed Marks 0.411ms
[2020-09-29T10:12:27.816+0000][7792][gc,marking   ] GC(602) Concurrent Scan Root Regions
[2020-09-29T10:12:27.818+0000][7792][gc,marking   ] GC(602) Concurrent Scan Root Regions 2.117ms
[2020-09-29T10:12:27.818+0000][7792][gc,marking   ] GC(602) Concurrent Mark (1010.920s)
[2020-09-29T10:12:27.818+0000][7792][gc,marking   ] GC(602) Concurrent Mark From Roots
[2020-09-29T10:12:27.818+0000][7792][gc,task      ] GC(602) Using 2 workers of 2 for marking
[2020-09-29T10:12:27.947+0000][7792][gc,marking   ] GC(602) Concurrent Mark From Roots 128.555ms
[2020-09-29T10:12:27.947+0000][7792][gc,marking   ] GC(602) Concurrent Preclean
[2020-09-29T10:12:27.948+0000][7792][gc,marking   ] GC(602) Concurrent Preclean 0.646ms
[2020-09-29T10:12:27.948+0000][7792][gc,marking   ] GC(602) Concurrent Mark (1010.920s, 1011.050s) 129.392ms
[2020-09-29T10:12:27.948+0000][7792][gc,start     ] GC(602) Pause Remark
[2020-09-29T10:12:27.956+0000][7792][gc           ] GC(602) Pause Remark 448M->448M(1024M) 8.229ms
[2020-09-29T10:12:27.956+0000][7792][gc,cpu       ] GC(602) User=0.11s Sys=0.00s Real=0.01s
[2020-09-29T10:12:27.956+0000][7792][safepoint    ] Safepoint "G1Concurrent", Time since last: 132212100 ns, Reaching safepoint: 159200 ns, At safepoint: 8533200 ns, Total: 8692400 ns
[2020-09-29T10:12:27.956+0000][7792][gc,marking   ] GC(602) Concurrent Rebuild Remembered Sets
[2020-09-29T10:12:28.031+0000][7792][gc,marking   ] GC(602) Concurrent Rebuild Remembered Sets 75.378ms
[2020-09-29T10:12:28.032+0000][7792][gc,start     ] GC(602) Pause Cleanup
[2020-09-29T10:12:28.032+0000][7792][gc           ] GC(602) Pause Cleanup 527M->527M(1024M) 0.374ms
[2020-09-29T10:12:28.032+0000][7792][gc,cpu       ] GC(602) User=0.00s Sys=0.00s Real=0.00s
[2020-09-29T10:12:28.032+0000][7792][safepoint    ] Safepoint "G1Concurrent", Time since last: 75564300 ns, Reaching safepoint: 164200 ns, At safepoint: 570500 ns, Total: 734700 ns
[2020-09-29T10:12:28.032+0000][7792][gc,marking   ] GC(602) Concurrent Cleanup for Next Mark
[2020-09-29T10:12:28.035+0000][7792][gc,marking   ] GC(602) Concurrent Cleanup for Next Mark 1.699ms
[2020-09-29T10:12:28.035+0000][7792][gc           ] GC(602) Concurrent Cycle 219.082ms
[2020-09-29T10:12:28.060+0000][7792][gc,start     ] GC(603) Pause Young (Concurrent Start) (G1 Humongous Allocation)
[2020-09-29T10:12:28.060+0000][7792][gc,task      ] GC(603) Using 8 workers of 8 for evacuation
[2020-09-29T10:12:28.060+0000][7792][gc,age       ] GC(603) Desired survivor size 32505856 bytes, new threshold 15 (max threshold 15)
[2020-09-29T10:12:28.063+0000][7792][gc,age       ] GC(603) Age table with threshold 15 (max threshold 15)
[2020-09-29T10:12:28.063+0000][7792][gc,age       ] GC(603) - age   1:    5151296 bytes,    5151296 total
[2020-09-29T10:12:28.063+0000][7792][gc,age       ] GC(603) - age   2:      22304 bytes,    5173600 total
[2020-09-29T10:12:28.063+0000][7792][gc,age       ] GC(603) - age   3:       3440 bytes,    5177040 total
[2020-09-29T10:12:28.063+0000][7792][gc,age       ] GC(603) - age   4:      62496 bytes,    5239536 total
[2020-09-29T10:12:28.065+0000][7792][gc,age       ] GC(603) - age   5:       1704 bytes,    5241240 total
[2020-09-29T10:12:28.065+0000][7792][gc,age       ] GC(603) - age   6:      61104 bytes,    5302344 total
[2020-09-29T10:12:28.065+0000][7792][gc,age       ] GC(603) - age   7:       2128 bytes,    5304472 total
[2020-09-29T10:12:28.065+0000][7792][gc,age       ] GC(603) - age   8:       1064 bytes,    5305536 total
[2020-09-29T10:12:28.065+0000][7792][gc,age       ] GC(603) - age   9:       5672 bytes,    5311208 total
[2020-09-29T10:12:28.065+0000][7792][gc,age       ] GC(603) - age  10:       4440 bytes,    5315648 total
[2020-09-29T10:12:28.065+0000][7792][gc,age       ] GC(603) - age  11:       2496 bytes,    5318144 total
[2020-09-29T10:12:28.065+0000][7792][gc,age       ] GC(603) - age  12:      10296 bytes,    5328440 total
[2020-09-29T10:12:28.065+0000][7792][gc,age       ] GC(603) - age  13:       1224 bytes,    5329664 total
[2020-09-29T10:12:28.065+0000][7792][gc,age       ] GC(603) - age  14:       5440 bytes,    5335104 total
[2020-09-29T10:12:28.065+0000][7792][gc,age       ] GC(603) - age  15:        768 bytes,    5335872 total
[2020-09-29T10:12:28.065+0000][7792][gc,phases    ] GC(603)   Pre Evacuate Collection Set: 0.4ms
[2020-09-29T10:12:28.065+0000][7792][gc,phases    ] GC(603)   Merge Heap Roots: 0.1ms
[2020-09-29T10:12:28.065+0000][7792][gc,phases    ] GC(603)   Evacuate Collection Set: 2.4ms
[2020-09-29T10:12:28.065+0000][7792][gc,phases    ] GC(603)   Post Evacuate Collection Set: 0.9ms
[2020-09-29T10:12:28.065+0000][7792][gc,phases    ] GC(603)   Other: 1.1ms
[2020-09-29T10:12:28.065+0000][7792][gc,heap      ] GC(603) Eden regions: 87->0(488)
[2020-09-29T10:12:28.065+0000][7792][gc,heap      ] GC(603) Survivor regions: 4->6(62)
[2020-09-29T10:12:28.065+0000][7792][gc,heap      ] GC(603) Old regions: 84->84
[2020-09-29T10:12:28.065+0000][7792][gc,heap      ] GC(603) Archive regions: 0->0
[2020-09-29T10:12:28.065+0000][7792][gc,heap      ] GC(603) Humongous regions: 366->174
[2020-09-29T10:12:28.065+0000][7792][gc,metaspace ] GC(603) Metaspace: 90468K(96384K)->90468K(96384K) NonClass: 79174K(82688K)->79174K(82688K) Class: 11293K(13696K)->11293K(13696K)
[2020-09-29T10:12:28.065+0000][7792][gc           ] GC(603) Pause Young (Concurrent Start) (G1 Humongous Allocation) 539M->262M(1024M) 5.300ms
[2020-09-29T10:12:28.065+0000][7792][gc,cpu       ] GC(603) User=0.11s Sys=0.00s Real=0.01s
[2020-09-29T10:12:28.065+0000][7792][safepoint    ] Safepoint "G1TryInitiateConcMark", Time since last: 26854900 ns, Reaching safepoint: 161800 ns, At safepoint: 5478800 ns, Total: 5640600 ns
[2020-09-29T10:12:28.065+0000][7792][gc           ] GC(604) Concurrent Cycle
[2020-09-29T10:12:28.065+0000][7792][gc,marking   ] GC(604) Concurrent Clear Claimed Marks
[2020-09-29T10:12:28.065+0000][7792][gc,marking   ] GC(604) Concurrent Clear Claimed Marks 0.281ms
[2020-09-29T10:12:28.065+0000][7792][gc,marking   ] GC(604) Concurrent Scan Root Regions
[2020-09-29T10:12:28.068+0000][7792][gc,marking   ] GC(604) Concurrent Scan Root Regions 2.403ms
[2020-09-29T10:12:28.069+0000][7792][gc,marking   ] GC(604) Concurrent Mark (1011.170s)
[2020-09-29T10:12:28.069+0000][7792][gc,marking   ] GC(604) Concurrent Mark From Roots
[2020-09-29T10:12:28.069+0000][7792][gc,task      ] GC(604) Using 2 workers of 2 for marking
[2020-09-29T10:12:28.238+0000][7792][gc,marking   ] GC(604) Concurrent Mark From Roots 170.024ms
[2020-09-29T10:12:28.238+0000][7792][gc,marking   ] GC(604) Concurrent Preclean
[2020-09-29T10:12:28.239+0000][7792][gc,marking   ] GC(604) Concurrent Preclean 0.616ms
[2020-09-29T10:12:28.239+0000][7792][gc,marking   ] GC(604) Concurrent Mark (1011.170s, 1011.341s) 170.820ms
[2020-09-29T10:12:28.239+0000][7792][gc,start     ] GC(604) Pause Remark
[2020-09-29T10:12:28.246+0000][7792][gc           ] GC(604) Pause Remark 635M->635M(1024M) 6.741ms
[2020-09-29T10:12:28.246+0000][7792][gc,cpu       ] GC(604) User=0.00s Sys=0.00s Real=0.01s
[2020-09-29T10:12:28.246+0000][7792][safepoint    ] Safepoint "G1Concurrent", Time since last: 173861300 ns, Reaching safepoint: 165800 ns, At safepoint: 6949400 ns, Total: 7115200 ns
[2020-09-29T10:12:28.246+0000][7792][gc,marking   ] GC(604) Concurrent Rebuild Remembered Sets
[2020-09-29T10:12:28.331+0000][7792][gc,marking   ] GC(604) Concurrent Rebuild Remembered Sets 84.246ms
[2020-09-29T10:12:28.331+0000][7792][gc,start     ] GC(604) Pause Cleanup
[2020-09-29T10:12:28.332+0000][7792][gc           ] GC(604) Pause Cleanup 715M->715M(1024M) 0.392ms
[2020-09-29T10:12:28.332+0000][7792][gc,cpu       ] GC(604) User=0.00s Sys=0.00s Real=0.00s
[2020-09-29T10:12:28.332+0000][7792][safepoint    ] Safepoint "G1Concurrent", Time since last: 84435900 ns, Reaching safepoint: 206300 ns, At safepoint: 609700 ns, Total: 816000 ns
[2020-09-29T10:12:28.332+0000][7792][gc,marking   ] GC(604) Concurrent Cleanup for Next Mark
[2020-09-29T10:12:28.334+0000][7792][gc,marking   ] GC(604) Concurrent Cleanup for Next Mark 1.766ms
[2020-09-29T10:12:28.334+0000][7792][gc           ] GC(604) Concurrent Cycle 268.122ms
[2020-09-29T10:12:28.360+0000][7792][gc,start     ] GC(605) Pause Young (Concurrent Start) (G1 Humongous Allocation)
[2020-09-29T10:12:28.360+0000][7792][gc,task      ] GC(605) Using 8 workers of 8 for evacuation
[2020-09-29T10:12:28.360+0000][7792][gc,age       ] GC(605) Desired survivor size 32505856 bytes, new threshold 15 (max threshold 15)
[2020-09-29T10:12:28.364+0000][7792][gc,age       ] GC(605) Age table with threshold 15 (max threshold 15)
[2020-09-29T10:12:28.365+0000][7792][gc,age       ] GC(605) - age   1:    3036240 bytes,    3036240 total
[2020-09-29T10:12:28.365+0000][7792][gc,age       ] GC(605) - age   2:      13104 bytes,    3049344 total
[2020-09-29T10:12:28.365+0000][7792][gc,age       ] GC(605) - age   3:      16096 bytes,    3065440 total
[2020-09-29T10:12:28.365+0000][7792][gc,age       ] GC(605) - age   4:       2008 bytes,    3067448 total
[2020-09-29T10:12:28.365+0000][7792][gc,age       ] GC(605) - age   5:      62032 bytes,    3129480 total
[2020-09-29T10:12:28.365+0000][7792][gc,age       ] GC(605) - age   6:       1640 bytes,    3131120 total
[2020-09-29T10:12:28.365+0000][7792][gc,age       ] GC(605) - age   7:      61104 bytes,    3192224 total
[2020-09-29T10:12:28.365+0000][7792][gc,age       ] GC(605) - age   8:       2128 bytes,    3194352 total
[2020-09-29T10:12:28.365+0000][7792][gc,age       ] GC(605) - age   9:       1032 bytes,    3195384 total
[2020-09-29T10:12:28.365+0000][7792][gc,age       ] GC(605) - age  10:       5672 bytes,    3201056 total
[2020-09-29T10:12:28.365+0000][7792][gc,age       ] GC(605) - age  11:       4440 bytes,    3205496 total
[2020-09-29T10:12:28.365+0000][7792][gc,age       ] GC(605) - age  12:       2400 bytes,    3207896 total
[2020-09-29T10:12:28.365+0000][7792][gc,age       ] GC(605) - age  13:      10232 bytes,    3218128 total
[2020-09-29T10:12:28.365+0000][7792][gc,age       ] GC(605) - age  14:       1064 bytes,    3219192 total
[2020-09-29T10:12:28.365+0000][7792][gc,age       ] GC(605) - age  15:       5344 bytes,    3224536 total
[2020-09-29T10:12:28.365+0000][7792][gc,phases    ] GC(605)   Pre Evacuate Collection Set: 0.5ms
[2020-09-29T10:12:28.365+0000][7792][gc,phases    ] GC(605)   Merge Heap Roots: 0.2ms
[2020-09-29T10:12:28.365+0000][7792][gc,phases    ] GC(605)   Evacuate Collection Set: 2.1ms
[2020-09-29T10:12:28.365+0000][7792][gc,phases    ] GC(605)   Post Evacuate Collection Set: 1.2ms
[2020-09-29T10:12:28.365+0000][7792][gc,phases    ] GC(605)   Other: 0.9ms
[2020-09-29T10:12:28.365+0000][7792][gc,heap      ] GC(605) Eden regions: 127->0(492)
[2020-09-29T10:12:28.365+0000][7792][gc,heap      ] GC(605) Survivor regions: 6->4(62)
[2020-09-29T10:12:28.365+0000][7792][gc,heap      ] GC(605) Old regions: 84->84
[2020-09-29T10:12:28.365+0000][7792][gc,heap      ] GC(605) Archive regions: 0->0
[2020-09-29T10:12:28.365+0000][7792][gc,heap      ] GC(605) Humongous regions: 510->174
[2020-09-29T10:12:28.365+0000][7792][gc,metaspace ] GC(605) Metaspace: 90470K(96384K)->90470K(96384K) NonClass: 79176K(82688K)->79176K(82688K) Class: 11293K(13696K)->11293K(13696K)
[2020-09-29T10:12:28.365+0000][7792][gc           ] GC(605) Pause Young (Concurrent Start) (G1 Humongous Allocation) 725M->260M(1024M) 5.210ms
[2020-09-29T10:12:28.365+0000][7792][gc,cpu       ] GC(605) User=0.00s Sys=0.00s Real=0.01s
[2020-09-29T10:12:28.365+0000][7792][safepoint    ] Safepoint "G1TryInitiateConcMark", Time since last: 28100600 ns, Reaching safepoint: 203900 ns, At safepoint: 5391300 ns, Total: 5595200 ns
[2020-09-29T10:12:28.365+0000][7792][gc           ] GC(606) Concurrent Cycle
[2020-09-29T10:12:28.366+0000][7792][gc,marking   ] GC(606) Concurrent Clear Claimed Marks
[2020-09-29T10:12:28.366+0000][7792][gc,marking   ] GC(606) Concurrent Clear Claimed Marks 0.384ms
[2020-09-29T10:12:28.366+0000][7792][gc,marking   ] GC(606) Concurrent Scan Root Regions
[2020-09-29T10:12:28.368+0000][7792][gc,marking   ] GC(606) Concurrent Scan Root Regions 2.048ms
[2020-09-29T10:12:28.368+0000][7792][gc,marking   ] GC(606) Concurrent Mark (1011.470s)
[2020-09-29T10:12:28.368+0000][7792][gc,marking   ] GC(606) Concurrent Mark From Roots
[2020-09-29T10:12:28.368+0000][7792][gc,task      ] GC(606) Using 2 workers of 2 for marking
[2020-09-29T10:12:28.528+0000][7792][gc,marking   ] GC(606) Concurrent Mark From Roots 159.793ms
[2020-09-29T10:12:28.528+0000][7792][gc,marking   ] GC(606) Concurrent Preclean
[2020-09-29T10:12:28.529+0000][7792][gc,marking   ] GC(606) Concurrent Preclean 0.752ms
[2020-09-29T10:12:28.529+0000][7792][gc,marking   ] GC(606) Concurrent Mark (1011.470s, 1011.631s) 160.729ms
[2020-09-29T10:12:28.529+0000][7792][gc,start     ] GC(606) Pause Remark
[2020-09-29T10:12:28.538+0000][7792][gc           ] GC(606) Pause Remark 669M->669M(1024M) 8.617ms
[2020-09-29T10:12:28.538+0000][7792][gc,cpu       ] GC(606) User=0.09s Sys=0.00s Real=0.01s
[2020-09-29T10:12:28.538+0000][7792][safepoint    ] Safepoint "G1Concurrent", Time since last: 163577500 ns, Reaching safepoint: 179800 ns, At safepoint: 8917600 ns, Total: 9097400 ns
[2020-09-29T10:12:28.538+0000][7792][gc,marking   ] GC(606) Concurrent Rebuild Remembered Sets
[2020-09-29T10:12:28.643+0000][7792][gc,marking   ] GC(606) Concurrent Rebuild Remembered Sets 104.483ms
[2020-09-29T10:12:28.643+0000][7792][gc,start     ] GC(606) Pause Cleanup
[2020-09-29T10:12:28.643+0000][7792][gc           ] GC(606) Pause Cleanup 749M->749M(1024M) 0.369ms
[2020-09-29T10:12:28.643+0000][7792][gc,cpu       ] GC(606) User=0.00s Sys=0.00s Real=0.00s
[2020-09-29T10:12:28.644+0000][7792][safepoint    ] Safepoint "G1Concurrent", Time since last: 104695400 ns, Reaching safepoint: 158500 ns, At safepoint: 591400 ns, Total: 749900 ns
[2020-09-29T10:12:28.644+0000][7792][gc,marking   ] GC(606) Concurrent Cleanup for Next Mark
[2020-09-29T10:12:28.645+0000][7792][gc,marking   ] GC(606) Concurrent Cleanup for Next Mark 1.566ms
[2020-09-29T10:12:28.645+0000][7792][gc           ] GC(606) Concurrent Cycle 279.855ms
[2020-09-29T10:12:28.646+0000][7792][gc,start     ] GC(607) Pause Young (Concurrent Start) (G1 Humongous Allocation)
[2020-09-29T10:12:28.646+0000][7792][gc,task      ] GC(607) Using 8 workers of 8 for evacuation
[2020-09-29T10:12:28.646+0000][7792][gc,age       ] GC(607) Desired survivor size 32505856 bytes, new threshold 15 (max threshold 15)
[2020-09-29T10:12:28.651+0000][7792][gc,age       ] GC(607) Age table with threshold 15 (max threshold 15)
[2020-09-29T10:12:28.651+0000][7792][gc,age       ] GC(607) - age   1:    3957760 bytes,    3957760 total
[2020-09-29T10:12:28.651+0000][7792][gc,age       ] GC(607) - age   2:       3464 bytes,    3961224 total
[2020-09-29T10:12:28.651+0000][7792][gc,age       ] GC(607) - age   3:      12648 bytes,    3973872 total
[2020-09-29T10:12:28.651+0000][7792][gc,age       ] GC(607) - age   4:      12312 bytes,    3986184 total
[2020-09-29T10:12:28.651+0000][7792][gc,age       ] GC(607) - age   5:       1448 bytes,    3987632 total
[2020-09-29T10:12:28.651+0000][7792][gc,age       ] GC(607) - age   6:      61720 bytes,    4049352 total
[2020-09-29T10:12:28.651+0000][7792][gc,age       ] GC(607) - age   7:       1544 bytes,    4050896 total
[2020-09-29T10:12:28.651+0000][7792][gc,age       ] GC(607) - age   8:      61104 bytes,    4112000 total
[2020-09-29T10:12:28.651+0000][7792][gc,age       ] GC(607) - age   9:       2032 bytes,    4114032 total
[2020-09-29T10:12:28.651+0000][7792][gc,age       ] GC(607) - age  10:       1032 bytes,    4115064 total
[2020-09-29T10:12:28.651+0000][7792][gc,age       ] GC(607) - age  11:       5608 bytes,    4120672 total
[2020-09-29T10:12:28.651+0000][7792][gc,age       ] GC(607) - age  12:       4408 bytes,    4125080 total
[2020-09-29T10:12:28.651+0000][7792][gc,age       ] GC(607) - age  13:       2400 bytes,    4127480 total
[2020-09-29T10:12:28.651+0000][7792][gc,age       ] GC(607) - age  14:      10200 bytes,    4137680 total
[2020-09-29T10:12:28.651+0000][7792][gc,age       ] GC(607) - age  15:       1064 bytes,    4138744 total
[2020-09-29T10:12:28.652+0000][7792][gc,phases    ] GC(607)   Pre Evacuate Collection Set: 0.4ms
[2020-09-29T10:12:28.652+0000][7792][gc,phases    ] GC(607)   Merge Heap Roots: 0.1ms
[2020-09-29T10:12:28.652+0000][7792][gc,phases    ] GC(607)   Evacuate Collection Set: 2.6ms
[2020-09-29T10:12:28.652+0000][7792][gc,phases    ] GC(607)   Post Evacuate Collection Set: 1.6ms
[2020-09-29T10:12:28.652+0000][7792][gc,phases    ] GC(607)   Other: 0.9ms
[2020-09-29T10:12:28.652+0000][7792][gc,heap      ] GC(607) Eden regions: 134->0(491)
[2020-09-29T10:12:28.652+0000][7792][gc,heap      ] GC(607) Survivor regions: 4->5(62)
[2020-09-29T10:12:28.652+0000][7792][gc,heap      ] GC(607) Old regions: 84->84
[2020-09-29T10:12:28.652+0000][7792][gc,heap      ] GC(607) Archive regions: 0->0
[2020-09-29T10:12:28.652+0000][7792][gc,heap      ] GC(607) Humongous regions: 530->174
[2020-09-29T10:12:28.652+0000][7792][gc,metaspace ] GC(607) Metaspace: 90477K(96384K)->90477K(96384K) NonClass: 79183K(82688K)->79183K(82688K) Class: 11293K(13696K)->11293K(13696K)
[2020-09-29T10:12:28.652+0000][7792][gc           ] GC(607) Pause Young (Concurrent Start) (G1 Humongous Allocation) 750M->261M(1024M) 5.898ms
[2020-09-29T10:12:28.652+0000][7792][gc,cpu       ] GC(607) User=0.00s Sys=0.00s Real=0.01s
[2020-09-29T10:12:28.652+0000][7792][gc           ] GC(608) Concurrent Cycle
[2020-09-29T10:12:28.652+0000][7792][gc,marking   ] GC(608) Concurrent Clear Claimed Marks
[2020-09-29T10:12:28.652+0000][7792][safepoint    ] Safepoint "G1TryInitiateConcMark", Time since last: 2229400 ns, Reaching safepoint: 174200 ns, At safepoint: 6133900 ns, Total: 6308100 ns
[2020-09-29T10:12:28.652+0000][7792][gc,marking   ] GC(608) Concurrent Clear Claimed Marks 0.357ms
[2020-09-29T10:12:28.652+0000][7792][gc,marking   ] GC(608) Concurrent Scan Root Regions
[2020-09-29T10:12:28.655+0000][7792][gc,marking   ] GC(608) Concurrent Scan Root Regions 2.460ms
[2020-09-29T10:12:28.655+0000][7792][gc,marking   ] GC(608) Concurrent Mark (1011.757s)
[2020-09-29T10:12:28.655+0000][7792][gc,marking   ] GC(608) Concurrent Mark From Roots
[2020-09-29T10:12:28.655+0000][7792][gc,task      ] GC(608) Using 2 workers of 2 for marking
[2020-09-29T10:12:28.815+0000][7792][gc,marking   ] GC(608) Concurrent Mark From Roots 159.524ms
[2020-09-29T10:12:28.815+0000][7792][gc,marking   ] GC(608) Concurrent Preclean
[2020-09-29T10:12:28.815+0000][7792][gc,marking   ] GC(608) Concurrent Preclean 0.676ms
[2020-09-29T10:12:28.815+0000][7792][gc,marking   ] GC(608) Concurrent Mark (1011.757s, 1011.917s) 160.386ms
[2020-09-29T10:12:28.816+0000][7792][gc,start     ] GC(608) Pause Remark
[2020-09-29T10:12:28.824+0000][7792][gc           ] GC(608) Pause Remark 469M->469M(1024M) 7.799ms
[2020-09-29T10:12:28.824+0000][7792][gc,cpu       ] GC(608) User=0.00s Sys=0.00s Real=0.01s
[2020-09-29T10:12:28.824+0000][7792][safepoint    ] Safepoint "G1Concurrent", Time since last: 163443700 ns, Reaching safepoint: 208900 ns, At safepoint: 8062400 ns, Total: 8271300 ns
[2020-09-29T10:12:28.824+0000][7792][gc,marking   ] GC(608) Concurrent Rebuild Remembered Sets
[2020-09-29T10:12:28.917+0000][7792][gc,marking   ] GC(608) Concurrent Rebuild Remembered Sets 92.720ms
[2020-09-29T10:12:28.917+0000][7792][gc,start     ] GC(608) Pause Cleanup
[2020-09-29T10:12:28.917+0000][7792][gc           ] GC(608) Pause Cleanup 544M->544M(1024M) 0.392ms
[2020-09-29T10:12:28.917+0000][7792][gc,cpu       ] GC(608) User=0.00s Sys=0.00s Real=0.00s
[2020-09-29T10:12:28.918+0000][7792][safepoint    ] Safepoint "G1Concurrent", Time since last: 92920400 ns, Reaching safepoint: 193800 ns, At safepoint: 649400 ns, Total: 843200 ns
[2020-09-29T10:12:28.918+0000][7792][gc,marking   ] GC(608) Concurrent Cleanup for Next Mark
[2020-09-29T10:12:28.919+0000][7792][gc,marking   ] GC(608) Concurrent Cleanup for Next Mark 1.801ms
[2020-09-29T10:12:28.920+0000][7792][gc           ] GC(608) Concurrent Cycle 267.571ms
[2020-09-29T10:12:28.946+0000][7792][gc,start     ] GC(609) Pause Young (Concurrent Start) (G1 Humongous Allocation)
[2020-09-29T10:12:28.946+0000][7792][gc,task      ] GC(609) Using 8 workers of 8 for evacuation
[2020-09-29T10:12:28.946+0000][7792][gc,age       ] GC(609) Desired survivor size 32505856 bytes, new threshold 15 (max threshold 15)
[2020-09-29T10:12:28.950+0000][7792][gc,age       ] GC(609) Age table with threshold 15 (max threshold 15)
[2020-09-29T10:12:28.950+0000][7792][gc,age       ] GC(609) - age   1:    2625064 bytes,    2625064 total
[2020-09-29T10:12:28.950+0000][7792][gc,age       ] GC(609) - age   2:       4008 bytes,    2629072 total
[2020-09-29T10:12:28.950+0000][7792][gc,age       ] GC(609) - age   3:       2648 bytes,    2631720 total
[2020-09-29T10:12:28.950+0000][7792][gc,age       ] GC(609) - age   4:      12240 bytes,    2643960 total
[2020-09-29T10:12:28.950+0000][7792][gc,age       ] GC(609) - age   5:      11392 bytes,    2655352 total
[2020-09-29T10:12:28.950+0000][7792][gc,age       ] GC(609) - age   6:       1160 bytes,    2656512 total
[2020-09-29T10:12:28.950+0000][7792][gc,age       ] GC(609) - age   7:      61656 bytes,    2718168 total
[2020-09-29T10:12:28.950+0000][7792][gc,age       ] GC(609) - age   8:       1544 bytes,    2719712 total
[2020-09-29T10:12:28.950+0000][7792][gc,age       ] GC(609) - age   9:      61040 bytes,    2780752 total
[2020-09-29T10:12:28.950+0000][7792][gc,age       ] GC(609) - age  10:       1968 bytes,    2782720 total
[2020-09-29T10:12:28.950+0000][7792][gc,age       ] GC(609) - age  11:        968 bytes,    2783688 total
[2020-09-29T10:12:28.950+0000][7792][gc,age       ] GC(609) - age  12:       5608 bytes,    2789296 total
[2020-09-29T10:12:28.950+0000][7792][gc,age       ] GC(609) - age  13:       4408 bytes,    2793704 total
[2020-09-29T10:12:28.951+0000][7792][gc,age       ] GC(609) - age  14:       2400 bytes,    2796104 total
[2020-09-29T10:12:28.951+0000][7792][gc,age       ] GC(609) - age  15:      10160 bytes,    2806264 total
[2020-09-29T10:12:28.951+0000][7792][gc,phases    ] GC(609)   Pre Evacuate Collection Set: 0.4ms
[2020-09-29T10:12:28.951+0000][7792][gc,phases    ] GC(609)   Merge Heap Roots: 0.1ms
[2020-09-29T10:12:28.951+0000][7792][gc,phases    ] GC(609)   Evacuate Collection Set: 2.2ms
[2020-09-29T10:12:28.951+0000][7792][gc,phases    ] GC(609)   Post Evacuate Collection Set: 1.0ms
[2020-09-29T10:12:28.951+0000][7792][gc,phases    ] GC(609)   Other: 1.2ms
[2020-09-29T10:12:28.951+0000][7792][gc,heap      ] GC(609) Eden regions: 85->0(495)
[2020-09-29T10:12:28.951+0000][7792][gc,heap      ] GC(609) Survivor regions: 5->3(62)
[2020-09-29T10:12:28.951+0000][7792][gc,heap      ] GC(609) Old regions: 84->84
[2020-09-29T10:12:28.951+0000][7792][gc,heap      ] GC(609) Archive regions: 0->0
[2020-09-29T10:12:28.951+0000][7792][gc,heap      ] GC(609) Humongous regions: 378->174
[2020-09-29T10:12:28.951+0000][7792][gc,metaspace ] GC(609) Metaspace: 90481K(96384K)->90481K(96384K) NonClass: 79187K(82688K)->79187K(82688K) Class: 11293K(13696K)->11293K(13696K)
[2020-09-29T10:12:28.951+0000][7792][gc           ] GC(609) Pause Young (Concurrent Start) (G1 Humongous Allocation) 549M->260M(1024M) 5.301ms
[2020-09-29T10:12:28.951+0000][7792][gc,cpu       ] GC(609) User=0.00s Sys=0.00s Real=0.00s
[2020-09-29T10:12:28.951+0000][7792][safepoint    ] Safepoint "G1TryInitiateConcMark", Time since last: 28058100 ns, Reaching safepoint: 158900 ns, At safepoint: 5493100 ns, Total: 5652000 ns
[2020-09-29T10:12:28.951+0000][7792][gc           ] GC(610) Concurrent Cycle
[2020-09-29T10:12:28.951+0000][7792][gc,marking   ] GC(610) Concurrent Clear Claimed Marks
[2020-09-29T10:12:28.952+0000][7792][gc,marking   ] GC(610) Concurrent Clear Claimed Marks 0.557ms
[2020-09-29T10:12:28.952+0000][7792][gc,marking   ] GC(610) Concurrent Scan Root Regions
[2020-09-29T10:12:28.954+0000][7792][gc,marking   ] GC(610) Concurrent Scan Root Regions 2.395ms
[2020-09-29T10:12:28.955+0000][7792][gc,marking   ] GC(610) Concurrent Mark (1012.056s)
[2020-09-29T10:12:28.955+0000][7792][gc,marking   ] GC(610) Concurrent Mark From Roots
[2020-09-29T10:12:28.955+0000][7792][gc,task      ] GC(610) Using 2 workers of 2 for marking
[2020-09-29T10:12:29.134+0000][7792][gc,marking   ] GC(610) Concurrent Mark From Roots 179.403ms
[2020-09-29T10:12:29.134+0000][7792][gc,marking   ] GC(610) Concurrent Preclean
[2020-09-29T10:12:29.135+0000][7792][gc,marking   ] GC(610) Concurrent Preclean 0.737ms
[2020-09-29T10:12:29.135+0000][7792][gc,marking   ] GC(610) Concurrent Mark (1012.056s, 1012.237s) 180.361ms
[2020-09-29T10:12:29.135+0000][7792][gc,start     ] GC(610) Pause Remark
[2020-09-29T10:12:29.144+0000][7792][gc           ] GC(610) Pause Remark 401M->401M(1024M) 9.892ms
[2020-09-29T10:12:29.145+0000][7792][gc,cpu       ] GC(610) User=0.09s Sys=0.00s Real=0.01s
[2020-09-29T10:12:29.147+0000][7792][safepoint    ] Safepoint "G1Concurrent", Time since last: 183764100 ns, Reaching safepoint: 231500 ns, At safepoint: 12116300 ns, Total: 12347800 ns
[2020-09-29T10:12:29.147+0000][7792][gc,marking   ] GC(610) Concurrent Rebuild Remembered Sets
[2020-09-29T10:12:29.245+0000][7792][gc,marking   ] GC(610) Concurrent Rebuild Remembered Sets 98.124ms
[2020-09-29T10:12:29.246+0000][7792][gc,start     ] GC(610) Pause Cleanup
[2020-09-29T10:12:29.246+0000][7792][gc           ] GC(610) Pause Cleanup 729M->729M(1024M) 0.472ms
[2020-09-29T10:12:29.246+0000][7792][gc,cpu       ] GC(610) User=0.00s Sys=0.00s Real=0.00s
[2020-09-29T10:12:29.246+0000][7792][safepoint    ] Safepoint "G1Concurrent", Time since last: 98387400 ns, Reaching safepoint: 188300 ns, At safepoint: 713000 ns, Total: 901300 ns
[2020-09-29T10:12:29.246+0000][7792][gc,marking   ] GC(610) Concurrent Cleanup for Next Mark
[2020-09-29T10:12:29.248+0000][7792][gc,marking   ] GC(610) Concurrent Cleanup for Next Mark 1.857ms
[2020-09-29T10:12:29.248+0000][7792][gc           ] GC(610) Concurrent Cycle 297.472ms
[2020-09-29T10:12:29.299+0000][7792][gc,start     ] GC(611) Pause Young (Concurrent Start) (G1 Humongous Allocation)
[2020-09-29T10:12:29.299+0000][7792][gc,task      ] GC(611) Using 8 workers of 8 for evacuation
[2020-09-29T10:12:29.299+0000][7792][gc,age       ] GC(611) Desired survivor size 33030144 bytes, new threshold 15 (max threshold 15)
[2020-09-29T10:12:29.308+0000][7792][gc,age       ] GC(611) Age table with threshold 15 (max threshold 15)
[2020-09-29T10:12:29.308+0000][7792][gc,age       ] GC(611) - age   1:    3946752 bytes,    3946752 total
[2020-09-29T10:12:29.308+0000][7792][gc,age       ] GC(611) - age   2:       3896 bytes,    3950648 total
[2020-09-29T10:12:29.308+0000][7792][gc,age       ] GC(611) - age   3:       2320 bytes,    3952968 total
[2020-09-29T10:12:29.308+0000][7792][gc,age       ] GC(611) - age   4:       1992 bytes,    3954960 total
[2020-09-29T10:12:29.308+0000][7792][gc,age       ] GC(611) - age   5:      12000 bytes,    3966960 total
[2020-09-29T10:12:29.308+0000][7792][gc,age       ] GC(611) - age   6:      11392 bytes,    3978352 total
[2020-09-29T10:12:29.308+0000][7792][gc,age       ] GC(611) - age   7:       1032 bytes,    3979384 total
[2020-09-29T10:12:29.308+0000][7792][gc,age       ] GC(611) - age   8:      61464 bytes,    4040848 total
[2020-09-29T10:12:29.308+0000][7792][gc,age       ] GC(611) - age   9:       1512 bytes,    4042360 total
[2020-09-29T10:12:29.308+0000][7792][gc,age       ] GC(611) - age  10:      61008 bytes,    4103368 total
[2020-09-29T10:12:29.308+0000][7792][gc,age       ] GC(611) - age  11:       1840 bytes,    4105208 total
[2020-09-29T10:12:29.308+0000][7792][gc,age       ] GC(611) - age  12:        968 bytes,    4106176 total
[2020-09-29T10:12:29.308+0000][7792][gc,age       ] GC(611) - age  13:       5512 bytes,    4111688 total
[2020-09-29T10:12:29.309+0000][7792][gc,age       ] GC(611) - age  14:       4408 bytes,    4116096 total
[2020-09-29T10:12:29.309+0000][7792][gc,age       ] GC(611) - age  15:       2368 bytes,    4118464 total
[2020-09-29T10:12:29.309+0000][7792][gc,phases    ] GC(611)   Pre Evacuate Collection Set: 0.5ms
[2020-09-29T10:12:29.309+0000][7792][gc,phases    ] GC(611)   Merge Heap Roots: 0.2ms
[2020-09-29T10:12:29.309+0000][7792][gc,phases    ] GC(611)   Evacuate Collection Set: 4.1ms
[2020-09-29T10:12:29.309+0000][7792][gc,phases    ] GC(611)   Post Evacuate Collection Set: 3.5ms
[2020-09-29T10:12:29.309+0000][7792][gc,phases    ] GC(611)   Other: 1.3ms
[2020-09-29T10:12:29.309+0000][7792][gc,heap      ] GC(611) Eden regions: 134->0(493)
[2020-09-29T10:12:29.309+0000][7792][gc,heap      ] GC(611) Survivor regions: 3->5(63)
[2020-09-29T10:12:29.309+0000][7792][gc,heap      ] GC(611) Old regions: 84->84
[2020-09-29T10:12:29.309+0000][7792][gc,heap      ] GC(611) Archive regions: 0->0
[2020-09-29T10:12:29.309+0000][7792][gc,heap      ] GC(611) Humongous regions: 526->174
[2020-09-29T10:12:29.309+0000][7792][gc,metaspace ] GC(611) Metaspace: 90482K(96384K)->90482K(96384K) NonClass: 79189K(82688K)->79189K(82688K) Class: 11293K(13696K)->11293K(13696K)
[2020-09-29T10:12:29.309+0000][7792][gc           ] GC(611) Pause Young (Concurrent Start) (G1 Humongous Allocation) 745M->261M(1024M) 9.979ms
[2020-09-29T10:12:29.309+0000][7792][gc,cpu       ] GC(611) User=0.00s Sys=0.00s Real=0.01s
[2020-09-29T10:12:29.309+0000][7792][safepoint    ] Safepoint "G1TryInitiateConcMark", Time since last: 52462400 ns, Reaching safepoint: 188200 ns, At safepoint: 10203100 ns, Total: 10391300 ns
[2020-09-29T10:12:29.309+0000][7792][gc           ] GC(612) Concurrent Cycle
[2020-09-29T10:12:29.309+0000][7792][gc,marking   ] GC(612) Concurrent Clear Claimed Marks
[2020-09-29T10:12:29.310+0000][7792][gc,marking   ] GC(612) Concurrent Clear Claimed Marks 0.357ms
[2020-09-29T10:12:29.310+0000][7792][gc,marking   ] GC(612) Concurrent Scan Root Regions
[2020-09-29T10:12:29.312+0000][7792][gc,marking   ] GC(612) Concurrent Scan Root Regions 2.073ms
[2020-09-29T10:12:29.312+0000][7792][gc,marking   ] GC(612) Concurrent Mark (1012.414s)
[2020-09-29T10:12:29.312+0000][7792][gc,marking   ] GC(612) Concurrent Mark From Roots
[2020-09-29T10:12:29.312+0000][7792][gc,task      ] GC(612) Using 2 workers of 2 for marking
[2020-09-29T10:12:29.486+0000][7792][gc,marking   ] GC(612) Concurrent Mark From Roots 174.051ms
[2020-09-29T10:12:29.486+0000][7792][gc,marking   ] GC(612) Concurrent Preclean
[2020-09-29T10:12:29.487+0000][7792][gc,marking   ] GC(612) Concurrent Preclean 0.694ms
[2020-09-29T10:12:29.487+0000][7792][gc,marking   ] GC(612) Concurrent Mark (1012.414s, 1012.589s) 174.925ms
[2020-09-29T10:12:29.487+0000][7792][gc,start     ] GC(612) Pause Remark
[2020-09-29T10:12:29.496+0000][7792][gc           ] GC(612) Pause Remark 461M->461M(1024M) 8.609ms
[2020-09-29T10:12:29.496+0000][7792][gc,cpu       ] GC(612) User=0.00s Sys=0.00s Real=0.01s
[2020-09-29T10:12:29.496+0000][7792][safepoint    ] Safepoint "G1Concurrent", Time since last: 177705100 ns, Reaching safepoint: 169500 ns, At safepoint: 8842100 ns, Total: 9011600 ns
[2020-09-29T10:12:29.496+0000][7792][gc,marking   ] GC(612) Concurrent Rebuild Remembered Sets
[2020-09-29T10:12:29.602+0000][7792][gc,marking   ] GC(612) Concurrent Rebuild Remembered Sets 105.816ms
[2020-09-29T10:12:29.602+0000][7792][gc,start     ] GC(612) Pause Cleanup
[2020-09-29T10:12:29.603+0000][7792][gc           ] GC(612) Pause Cleanup 538M->538M(1024M) 0.414ms
[2020-09-29T10:12:29.603+0000][7792][gc,cpu       ] GC(612) User=0.00s Sys=0.00s Real=0.00s
[2020-09-29T10:12:29.603+0000][7792][safepoint    ] Safepoint "G1Concurrent", Time since last: 106019700 ns, Reaching safepoint: 169200 ns, At safepoint: 654300 ns, Total: 823500 ns
[2020-09-29T10:12:29.603+0000][7792][gc,marking   ] GC(612) Concurrent Cleanup for Next Mark
[2020-09-29T10:12:29.605+0000][7792][gc,marking   ] GC(612) Concurrent Cleanup for Next Mark 1.786ms
[2020-09-29T10:12:29.605+0000][7792][gc           ] GC(612) Concurrent Cycle 295.598ms
[2020-09-29T10:12:29.668+0000][7792][gc,start     ] GC(613) Pause Young (Concurrent Start) (G1 Humongous Allocation)
[2020-09-29T10:12:29.668+0000][7792][gc,task      ] GC(613) Using 8 workers of 8 for evacuation
[2020-09-29T10:12:29.668+0000][7792][gc,age       ] GC(613) Desired survivor size 33030144 bytes, new threshold 15 (max threshold 15)
[2020-09-29T10:12:29.676+0000][7792][gc,age       ] GC(613) Age table with threshold 15 (max threshold 15)
[2020-09-29T10:12:29.676+0000][7792][gc,age       ] GC(613) - age   1:    3622464 bytes,    3622464 total
[2020-09-29T10:12:29.676+0000][7792][gc,age       ] GC(613) - age   2:     215296 bytes,    3837760 total
[2020-09-29T10:12:29.677+0000][7792][gc,age       ] GC(613) - age   3:       2960 bytes,    3840720 total
[2020-09-29T10:12:29.677+0000][7792][gc,age       ] GC(613) - age   4:       2088 bytes,    3842808 total
[2020-09-29T10:12:29.677+0000][7792][gc,age       ] GC(613) - age   5:       1696 bytes,    3844504 total
[2020-09-29T10:12:29.677+0000][7792][gc,age       ] GC(613) - age   6:      11936 bytes,    3856440 total
[2020-09-29T10:12:29.677+0000][7792][gc,age       ] GC(613) - age   7:      11264 bytes,    3867704 total
[2020-09-29T10:12:29.677+0000][7792][gc,age       ] GC(613) - age   8:        976 bytes,    3868680 total
[2020-09-29T10:12:29.677+0000][7792][gc,age       ] GC(613) - age   9:      61464 bytes,    3930144 total
[2020-09-29T10:12:29.677+0000][7792][gc,age       ] GC(613) - age  10:       1416 bytes,    3931560 total
[2020-09-29T10:12:29.677+0000][7792][gc,age       ] GC(613) - age  11:      61008 bytes,    3992568 total
[2020-09-29T10:12:29.677+0000][7792][gc,age       ] GC(613) - age  12:       1776 bytes,    3994344 total
[2020-09-29T10:12:29.677+0000][7792][gc,age       ] GC(613) - age  13:        968 bytes,    3995312 total
[2020-09-29T10:12:29.677+0000][7792][gc,age       ] GC(613) - age  14:       5512 bytes,    4000824 total
[2020-09-29T10:12:29.677+0000][7792][gc,age       ] GC(613) - age  15:       4408 bytes,    4005232 total
[2020-09-29T10:12:29.677+0000][7792][gc,phases    ] GC(613)   Pre Evacuate Collection Set: 2.3ms
[2020-09-29T10:12:29.677+0000][7792][gc,phases    ] GC(613)   Merge Heap Roots: 0.2ms
[2020-09-29T10:12:29.677+0000][7792][gc,phases    ] GC(613)   Evacuate Collection Set: 3.3ms
[2020-09-29T10:12:29.677+0000][7792][gc,phases    ] GC(613)   Post Evacuate Collection Set: 2.2ms
[2020-09-29T10:12:29.677+0000][7792][gc,phases    ] GC(613)   Other: 1.2ms
[2020-09-29T10:12:29.678+0000][7792][gc,heap      ] GC(613) Eden regions: 79->0(495)
[2020-09-29T10:12:29.678+0000][7792][gc,heap      ] GC(613) Survivor regions: 5->4(63)
[2020-09-29T10:12:29.678+0000][7792][gc,heap      ] GC(613) Old regions: 84->84
[2020-09-29T10:12:29.678+0000][7792][gc,heap      ] GC(613) Archive regions: 0->0
[2020-09-29T10:12:29.678+0000][7792][gc,heap      ] GC(613) Humongous regions: 382->174
[2020-09-29T10:12:29.678+0000][7792][gc,metaspace ] GC(613) Metaspace: 90482K(96384K)->90482K(96384K) NonClass: 79189K(82688K)->79189K(82688K) Class: 11293K(13696K)->11293K(13696K)
[2020-09-29T10:12:29.678+0000][7792][gc           ] GC(613) Pause Young (Concurrent Start) (G1 Humongous Allocation) 547M->261M(1024M) 9.813ms
[2020-09-29T10:12:29.678+0000][7792][gc,cpu       ] GC(613) User=0.02s Sys=0.00s Real=0.01s
[2020-09-29T10:12:29.678+0000][7792][gc           ] GC(614) Concurrent Cycle
[2020-09-29T10:12:29.678+0000][7792][gc,marking   ] GC(614) Concurrent Clear Claimed Marks
[2020-09-29T10:12:29.678+0000][7792][safepoint    ] Safepoint "G1TryInitiateConcMark", Time since last: 64987100 ns, Reaching safepoint: 162900 ns, At safepoint: 10202400 ns, Total: 10365300 ns
[2020-09-29T10:12:29.679+0000][7792][gc,marking   ] GC(614) Concurrent Clear Claimed Marks 0.523ms
[2020-09-29T10:12:29.679+0000][7792][gc,marking   ] GC(614) Concurrent Scan Root Regions
[2020-09-29T10:12:29.683+0000][7792][gc,marking   ] GC(614) Concurrent Scan Root Regions 3.718ms
[2020-09-29T10:12:29.683+0000][7792][gc,marking   ] GC(614) Concurrent Mark (1012.785s)
[2020-09-29T10:12:29.683+0000][7792][gc,marking   ] GC(614) Concurrent Mark From Roots
[2020-09-29T10:12:29.683+0000][7792][gc,task      ] GC(614) Using 2 workers of 2 for marking
[2020-09-29T10:12:29.860+0000][7792][gc,marking   ] GC(614) Concurrent Mark From Roots 177.566ms
[2020-09-29T10:12:29.860+0000][7792][gc,marking   ] GC(614) Concurrent Preclean
[2020-09-29T10:12:29.861+0000][7792][gc,marking   ] GC(614) Concurrent Preclean 0.836ms
[2020-09-29T10:12:29.861+0000][7792][gc,marking   ] GC(614) Concurrent Mark (1012.785s, 1012.964s) 178.641ms
[2020-09-29T10:12:29.862+0000][7792][gc,start     ] GC(614) Pause Remark
[2020-09-29T10:12:29.870+0000][7792][gc           ] GC(614) Pause Remark 597M->597M(1024M) 7.811ms
[2020-09-29T10:12:29.870+0000][7792][gc,cpu       ] GC(614) User=0.00s Sys=0.00s Real=0.01s
[2020-09-29T10:12:29.870+0000][7792][safepoint    ] Safepoint "G1Concurrent", Time since last: 183469700 ns, Reaching safepoint: 303000 ns, At safepoint: 8101600 ns, Total: 8404600 ns
[2020-09-29T10:12:29.870+0000][7792][gc,marking   ] GC(614) Concurrent Rebuild Remembered Sets
[2020-09-29T10:12:29.969+0000][7792][gc,marking   ] GC(614) Concurrent Rebuild Remembered Sets 98.683ms
[2020-09-29T10:12:29.969+0000][7792][gc,start     ] GC(614) Pause Cleanup
[2020-09-29T10:12:29.969+0000][7792][gc           ] GC(614) Pause Cleanup 685M->685M(1024M) 0.458ms
[2020-09-29T10:12:29.969+0000][7792][gc,cpu       ] GC(614) User=0.00s Sys=0.00s Real=0.00s
[2020-09-29T10:12:29.970+0000][7792][safepoint    ] Safepoint "G1Concurrent", Time since last: 98891100 ns, Reaching safepoint: 169800 ns, At safepoint: 775000 ns, Total: 944800 ns
[2020-09-29T10:12:29.970+0000][7792][gc,marking   ] GC(614) Concurrent Cleanup for Next Mark
[2020-09-29T10:12:29.971+0000][7792][gc,marking   ] GC(614) Concurrent Cleanup for Next Mark 1.652ms
[2020-09-29T10:12:29.972+0000][7792][gc           ] GC(614) Concurrent Cycle 293.681ms
[2020-09-29T10:12:29.977+0000][7792][gc,start     ] GC(615) Pause Young (Concurrent Start) (G1 Humongous Allocation)
[2020-09-29T10:12:29.977+0000][7792][gc,task      ] GC(615) Using 8 workers of 8 for evacuation
[2020-09-29T10:12:29.977+0000][7792][gc,age       ] GC(615) Desired survivor size 33030144 bytes, new threshold 15 (max threshold 15)
[2020-09-29T10:12:29.981+0000][7792][gc,age       ] GC(615) Age table with threshold 15 (max threshold 15)
[2020-09-29T10:12:29.981+0000][7792][gc,age       ] GC(615) - age   1:    8101888 bytes,    8101888 total
[2020-09-29T10:12:29.982+0000][7792][gc,age       ] GC(615) - age   2:       2736 bytes,    8104624 total
[2020-09-29T10:12:29.982+0000][7792][gc,age       ] GC(615) - age   3:      12744 bytes,    8117368 total
[2020-09-29T10:12:29.982+0000][7792][gc,age       ] GC(615) - age   4:       1408 bytes,    8118776 total
[2020-09-29T10:12:29.982+0000][7792][gc,age       ] GC(615) - age   5:       2056 bytes,    8120832 total
[2020-09-29T10:12:29.982+0000][7792][gc,age       ] GC(615) - age   6:       1632 bytes,    8122464 total
[2020-09-29T10:12:29.982+0000][7792][gc,age       ] GC(615) - age   7:      11936 bytes,    8134400 total
[2020-09-29T10:12:29.982+0000][7792][gc,age       ] GC(615) - age   8:      11200 bytes,    8145600 total
[2020-09-29T10:12:29.982+0000][7792][gc,age       ] GC(615) - age   9:        912 bytes,    8146512 total
[2020-09-29T10:12:29.982+0000][7792][gc,age       ] GC(615) - age  10:      61400 bytes,    8207912 total
[2020-09-29T10:12:29.982+0000][7792][gc,age       ] GC(615) - age  11:       1384 bytes,    8209296 total
[2020-09-29T10:12:29.982+0000][7792][gc,age       ] GC(615) - age  12:      60944 bytes,    8270240 total
[2020-09-29T10:12:29.982+0000][7792][gc,age       ] GC(615) - age  13:       1680 bytes,    8271920 total
[2020-09-29T10:12:29.982+0000][7792][gc,age       ] GC(615) - age  14:        968 bytes,    8272888 total
[2020-09-29T10:12:29.982+0000][7792][gc,age       ] GC(615) - age  15:       5512 bytes,    8278400 total
[2020-09-29T10:12:29.982+0000][7792][gc,phases    ] GC(615)   Pre Evacuate Collection Set: 0.4ms
[2020-09-29T10:12:29.982+0000][7792][gc,phases    ] GC(615)   Merge Heap Roots: 0.1ms
[2020-09-29T10:12:29.982+0000][7792][gc,phases    ] GC(615)   Evacuate Collection Set: 2.8ms
[2020-09-29T10:12:29.982+0000][7792][gc,phases    ] GC(615)   Post Evacuate Collection Set: 1.2ms
[2020-09-29T10:12:29.982+0000][7792][gc,phases    ] GC(615)   Other: 1.1ms
[2020-09-29T10:12:29.982+0000][7792][gc,heap      ] GC(615) Eden regions: 127->0(485)
[2020-09-29T10:12:29.982+0000][7792][gc,heap      ] GC(615) Survivor regions: 4->9(63)
[2020-09-29T10:12:29.982+0000][7792][gc,heap      ] GC(615) Old regions: 84->84
[2020-09-29T10:12:29.982+0000][7792][gc,heap      ] GC(615) Archive regions: 0->0
[2020-09-29T10:12:29.982+0000][7792][gc,heap      ] GC(615) Humongous regions: 478->174
[2020-09-29T10:12:29.982+0000][7792][gc,metaspace ] GC(615) Metaspace: 90483K(96384K)->90483K(96384K) NonClass: 79190K(82688K)->79190K(82688K) Class: 11293K(13696K)->11293K(13696K)
[2020-09-29T10:12:29.982+0000][7792][gc           ] GC(615) Pause Young (Concurrent Start) (G1 Humongous Allocation) 691M->265M(1024M) 5.958ms
[2020-09-29T10:12:29.983+0000][7792][gc,cpu       ] GC(615) User=0.00s Sys=0.00s Real=0.01s
[2020-09-29T10:12:29.983+0000][7792][gc           ] GC(616) Concurrent Cycle
[2020-09-29T10:12:29.983+0000][7792][safepoint    ] Safepoint "G1TryInitiateConcMark", Time since last: 6634900 ns, Reaching safepoint: 164500 ns, At safepoint: 6218000 ns, Total: 6382500 ns
[2020-09-29T10:12:29.983+0000][7792][gc,marking   ] GC(616) Concurrent Clear Claimed Marks
[2020-09-29T10:12:29.983+0000][7792][gc,marking   ] GC(616) Concurrent Clear Claimed Marks 0.430ms
[2020-09-29T10:12:29.983+0000][7792][gc,marking   ] GC(616) Concurrent Scan Root Regions
[2020-09-29T10:12:29.985+0000][7792][gc,marking   ] GC(616) Concurrent Scan Root Regions 1.850ms
[2020-09-29T10:12:29.985+0000][7792][gc,marking   ] GC(616) Concurrent Mark (1013.087s)
[2020-09-29T10:12:29.985+0000][7792][gc,marking   ] GC(616) Concurrent Mark From Roots
[2020-09-29T10:12:29.985+0000][7792][gc,task      ] GC(616) Using 2 workers of 2 for marking
[2020-09-29T10:12:30.168+0000][7792][gc,marking   ] GC(616) Concurrent Mark From Roots 182.545ms
[2020-09-29T10:12:30.168+0000][7792][gc,marking   ] GC(616) Concurrent Preclean
[2020-09-29T10:12:30.170+0000][7792][gc,marking   ] GC(616) Concurrent Preclean 1.196ms
[2020-09-29T10:12:30.170+0000][7792][gc,marking   ] GC(616) Concurrent Mark (1013.087s, 1013.271s) 184.005ms
[2020-09-29T10:12:30.170+0000][7792][gc,start     ] GC(616) Pause Remark
[2020-09-29T10:12:30.178+0000][7792][gc           ] GC(616) Pause Remark 603M->603M(1024M) 7.703ms
[2020-09-29T10:12:30.178+0000][7792][gc,cpu       ] GC(616) User=0.11s Sys=0.00s Real=0.01s
[2020-09-29T10:12:30.178+0000][7792][safepoint    ] Safepoint "G1Concurrent", Time since last: 186611800 ns, Reaching safepoint: 205400 ns, At safepoint: 8101700 ns, Total: 8307100 ns
[2020-09-29T10:12:30.178+0000][7792][gc,marking   ] GC(616) Concurrent Rebuild Remembered Sets
[2020-09-29T10:12:30.285+0000][7792][gc,marking   ] GC(616) Concurrent Rebuild Remembered Sets 107.367ms
[2020-09-29T10:12:30.285+0000][7792][gc,start     ] GC(616) Pause Cleanup
[2020-09-29T10:12:30.286+0000][7792][gc           ] GC(616) Pause Cleanup 738M->738M(1024M) 0.413ms
[2020-09-29T10:12:30.286+0000][7792][gc,cpu       ] GC(616) User=0.00s Sys=0.00s Real=0.00s
[2020-09-29T10:12:30.286+0000][7792][safepoint    ] Safepoint "G1Concurrent", Time since last: 107593600 ns, Reaching safepoint: 169600 ns, At safepoint: 612100 ns, Total: 781700 ns
[2020-09-29T10:12:30.286+0000][7792][gc,marking   ] GC(616) Concurrent Cleanup for Next Mark
[2020-09-29T10:12:30.288+0000][7792][gc,marking   ] GC(616) Concurrent Cleanup for Next Mark 1.842ms
[2020-09-29T10:12:30.288+0000][7792][gc           ] GC(616) Concurrent Cycle 305.404ms
[2020-09-29T10:12:30.332+0000][7792][gc,start     ] GC(617) Pause Young (Concurrent Start) (G1 Humongous Allocation)
[2020-09-29T10:12:30.332+0000][7792][gc,task      ] GC(617) Using 8 workers of 8 for evacuation
[2020-09-29T10:12:30.333+0000][7792][gc,age       ] GC(617) Desired survivor size 32505856 bytes, new threshold 15 (max threshold 15)
[2020-09-29T10:12:30.337+0000][7792][gc,age       ] GC(617) Age table with threshold 15 (max threshold 15)
[2020-09-29T10:12:30.337+0000][7792][gc,age       ] GC(617) - age   1:    3944264 bytes,    3944264 total
[2020-09-29T10:12:30.338+0000][7792][gc,age       ] GC(617) - age   2:      14440 bytes,    3958704 total
[2020-09-29T10:12:30.338+0000][7792][gc,age       ] GC(617) - age   3:       2400 bytes,    3961104 total
[2020-09-29T10:12:30.338+0000][7792][gc,age       ] GC(617) - age   4:      11736 bytes,    3972840 total
[2020-09-29T10:12:30.338+0000][7792][gc,age       ] GC(617) - age   5:       1312 bytes,    3974152 total
[2020-09-29T10:12:30.338+0000][7792][gc,age       ] GC(617) - age   6:       2056 bytes,    3976208 total
[2020-09-29T10:12:30.338+0000][7792][gc,age       ] GC(617) - age   7:       1600 bytes,    3977808 total
[2020-09-29T10:12:30.338+0000][7792][gc,age       ] GC(617) - age   8:      11904 bytes,    3989712 total
[2020-09-29T10:12:30.338+0000][7792][gc,age       ] GC(617) - age   9:      11136 bytes,    4000848 total
[2020-09-29T10:12:30.338+0000][7792][gc,age       ] GC(617) - age  10:        912 bytes,    4001760 total
[2020-09-29T10:12:30.338+0000][7792][gc,age       ] GC(617) - age  11:      61400 bytes,    4063160 total
[2020-09-29T10:12:30.338+0000][7792][gc,age       ] GC(617) - age  12:       1320 bytes,    4064480 total
[2020-09-29T10:12:30.338+0000][7792][gc,age       ] GC(617) - age  13:      60944 bytes,    4125424 total
[2020-09-29T10:12:30.338+0000][7792][gc,age       ] GC(617) - age  14:       1680 bytes,    4127104 total
[2020-09-29T10:12:30.338+0000][7792][gc,age       ] GC(617) - age  15:        968 bytes,    4128072 total
[2020-09-29T10:12:30.338+0000][7792][gc,phases    ] GC(617)   Pre Evacuate Collection Set: 0.5ms
[2020-09-29T10:12:30.338+0000][7792][gc,phases    ] GC(617)   Merge Heap Roots: 0.1ms
[2020-09-29T10:12:30.338+0000][7792][gc,phases    ] GC(617)   Evacuate Collection Set: 2.8ms
[2020-09-29T10:12:30.338+0000][7792][gc,phases    ] GC(617)   Post Evacuate Collection Set: 1.2ms
[2020-09-29T10:12:30.338+0000][7792][gc,phases    ] GC(617)   Other: 1.3ms
[2020-09-29T10:12:30.339+0000][7792][gc,heap      ] GC(617) Eden regions: 123->0(490)
[2020-09-29T10:12:30.339+0000][7792][gc,heap      ] GC(617) Survivor regions: 9->5(62)
[2020-09-29T10:12:30.339+0000][7792][gc,heap      ] GC(617) Old regions: 84->84
[2020-09-29T10:12:30.339+0000][7792][gc,heap      ] GC(617) Archive regions: 0->0
[2020-09-29T10:12:30.339+0000][7792][gc,heap      ] GC(617) Humongous regions: 534->174
[2020-09-29T10:12:30.339+0000][7792][gc,metaspace ] GC(617) Metaspace: 90483K(96384K)->90483K(96384K) NonClass: 79190K(82688K)->79190K(82688K) Class: 11293K(13696K)->11293K(13696K)
[2020-09-29T10:12:30.339+0000][7792][gc           ] GC(617) Pause Young (Concurrent Start) (G1 Humongous Allocation) 748M->261M(1024M) 6.420ms
[2020-09-29T10:12:30.339+0000][7792][gc,cpu       ] GC(617) User=0.00s Sys=0.00s Real=0.01s
[2020-09-29T10:12:30.339+0000][7792][gc           ] GC(618) Concurrent Cycle
[2020-09-29T10:12:30.339+0000][7792][gc,marking   ] GC(618) Concurrent Clear Claimed Marks
[2020-09-29T10:12:30.339+0000][7792][safepoint    ] Safepoint "G1TryInitiateConcMark", Time since last: 45853700 ns, Reaching safepoint: 165500 ns, At safepoint: 6688800 ns, Total: 6854300 ns
[2020-09-29T10:12:30.339+0000][7792][gc,marking   ] GC(618) Concurrent Clear Claimed Marks 0.457ms
[2020-09-29T10:12:30.340+0000][7792][gc,marking   ] GC(618) Concurrent Scan Root Regions
[2020-09-29T10:12:30.342+0000][7792][gc,marking   ] GC(618) Concurrent Scan Root Regions 2.191ms
[2020-09-29T10:12:30.342+0000][7792][gc,marking   ] GC(618) Concurrent Mark (1013.444s)
[2020-09-29T10:12:30.342+0000][7792][gc,marking   ] GC(618) Concurrent Mark From Roots
[2020-09-29T10:12:30.342+0000][7792][gc,task      ] GC(618) Using 2 workers of 2 for marking
[2020-09-29T10:12:30.508+0000][7792][gc,marking   ] GC(618) Concurrent Mark From Roots 166.671ms
[2020-09-29T10:12:30.508+0000][7792][gc,marking   ] GC(618) Concurrent Preclean
[2020-09-29T10:12:30.509+0000][7792][gc,marking   ] GC(618) Concurrent Preclean 0.729ms
[2020-09-29T10:12:30.509+0000][7792][gc,marking   ] GC(618) Concurrent Mark (1013.444s, 1013.612s) 167.627ms
[2020-09-29T10:12:30.509+0000][7792][gc,start     ] GC(618) Pause Remark
[2020-09-29T10:12:30.517+0000][7792][gc           ] GC(618) Pause Remark 463M->463M(1024M) 7.563ms
[2020-09-29T10:12:30.517+0000][7792][gc,cpu       ] GC(618) User=0.13s Sys=0.00s Real=0.01s
[2020-09-29T10:12:30.518+0000][7792][safepoint    ] Safepoint "G1Concurrent", Time since last: 170640400 ns, Reaching safepoint: 162200 ns, At safepoint: 7796700 ns, Total: 7958900 ns
[2020-09-29T10:12:30.518+0000][7792][gc,marking   ] GC(618) Concurrent Rebuild Remembered Sets
[2020-09-29T10:12:30.614+0000][7792][gc,marking   ] GC(618) Concurrent Rebuild Remembered Sets 96.021ms
[2020-09-29T10:12:30.621+0000][7792][gc,start     ] GC(618) Pause Cleanup
[2020-09-29T10:12:30.621+0000][7792][gc           ] GC(618) Pause Cleanup 475M->475M(1024M) 0.383ms
[2020-09-29T10:12:30.621+0000][7792][gc,cpu       ] GC(618) User=0.00s Sys=0.00s Real=0.00s
[2020-09-29T10:12:30.621+0000][7792][safepoint    ] Safepoint "G1Concurrent", Time since last: 96204000 ns, Reaching safepoint: 6931400 ns, At safepoint: 599200 ns, Total: 7530600 ns
[2020-09-29T10:12:30.621+0000][7792][gc,marking   ] GC(618) Concurrent Cleanup for Next Mark
[2020-09-29T10:12:30.623+0000][7792][gc,marking   ] GC(618) Concurrent Cleanup for Next Mark 1.669ms
[2020-09-29T10:12:30.623+0000][7792][gc           ] GC(618) Concurrent Cycle 284.288ms
[2020-09-29T10:12:30.649+0000][7792][gc,start     ] GC(619) Pause Young (Concurrent Start) (G1 Humongous Allocation)
[2020-09-29T10:12:30.649+0000][7792][gc,task      ] GC(619) Using 8 workers of 8 for evacuation
[2020-09-29T10:12:30.649+0000][7792][gc,age       ] GC(619) Desired survivor size 32505856 bytes, new threshold 15 (max threshold 15)
[2020-09-29T10:12:30.653+0000][7792][gc,age       ] GC(619) Age table with threshold 15 (max threshold 15)
[2020-09-29T10:12:30.653+0000][7792][gc,age       ] GC(619) - age   1:    2622264 bytes,    2622264 total
[2020-09-29T10:12:30.653+0000][7792][gc,age       ] GC(619) - age   2:       4552 bytes,    2626816 total
[2020-09-29T10:12:30.653+0000][7792][gc,age       ] GC(619) - age   3:      12232 bytes,    2639048 total
[2020-09-29T10:12:30.653+0000][7792][gc,age       ] GC(619) - age   4:       1168 bytes,    2640216 total
[2020-09-29T10:12:30.653+0000][7792][gc,age       ] GC(619) - age   5:      11448 bytes,    2651664 total
[2020-09-29T10:12:30.653+0000][7792][gc,age       ] GC(619) - age   6:       1248 bytes,    2652912 total
[2020-09-29T10:12:30.653+0000][7792][gc,age       ] GC(619) - age   7:       1928 bytes,    2654840 total
[2020-09-29T10:12:30.653+0000][7792][gc,age       ] GC(619) - age   8:       1512 bytes,    2656352 total
[2020-09-29T10:12:30.653+0000][7792][gc,age       ] GC(619) - age   9:      11776 bytes,    2668128 total
[2020-09-29T10:12:30.653+0000][7792][gc,age       ] GC(619) - age  10:      11136 bytes,    2679264 total
[2020-09-29T10:12:30.653+0000][7792][gc,age       ] GC(619) - age  11:        912 bytes,    2680176 total
[2020-09-29T10:12:30.653+0000][7792][gc,age       ] GC(619) - age  12:      61400 bytes,    2741576 total
[2020-09-29T10:12:30.653+0000][7792][gc,age       ] GC(619) - age  13:       1320 bytes,    2742896 total
[2020-09-29T10:12:30.653+0000][7792][gc,age       ] GC(619) - age  14:      60888 bytes,    2803784 total
[2020-09-29T10:12:30.653+0000][7792][gc,age       ] GC(619) - age  15:       1680 bytes,    2805464 total
[2020-09-29T10:12:30.654+0000][7792][gc,phases    ] GC(619)   Pre Evacuate Collection Set: 0.4ms
[2020-09-29T10:12:30.654+0000][7792][gc,phases    ] GC(619)   Merge Heap Roots: 0.1ms
[2020-09-29T10:12:30.654+0000][7792][gc,phases    ] GC(619)   Evacuate Collection Set: 2.1ms
[2020-09-29T10:12:30.654+0000][7792][gc,phases    ] GC(619)   Post Evacuate Collection Set: 0.9ms
[2020-09-29T10:12:30.654+0000][7792][gc,phases    ] GC(619)   Other: 1.1ms
[2020-09-29T10:12:30.654+0000][7792][gc,heap      ] GC(619) Eden regions: 68->0(493)
[2020-09-29T10:12:30.654+0000][7792][gc,heap      ] GC(619) Survivor regions: 5->4(62)
[2020-09-29T10:12:30.654+0000][7792][gc,heap      ] GC(619) Old regions: 84->84
[2020-09-29T10:12:30.654+0000][7792][gc,heap      ] GC(619) Archive regions: 0->0
[2020-09-29T10:12:30.654+0000][7792][gc,heap      ] GC(619) Humongous regions: 326->174
[2020-09-29T10:12:30.654+0000][7792][gc,metaspace ] GC(619) Metaspace: 90486K(96384K)->90486K(96384K) NonClass: 79192K(82688K)->79192K(82688K) Class: 11293K(13696K)->11293K(13696K)
[2020-09-29T10:12:30.654+0000][7792][gc           ] GC(619) Pause Young (Concurrent Start) (G1 Humongous Allocation) 481M->260M(1024M) 5.018ms
[2020-09-29T10:12:30.654+0000][7792][gc,cpu       ] GC(619) User=0.00s Sys=0.00s Real=0.01s
[2020-09-29T10:12:30.654+0000][7792][gc           ] GC(620) Concurrent Cycle
[2020-09-29T10:12:30.654+0000][7792][gc,marking   ] GC(620) Concurrent Clear Claimed Marks
[2020-09-29T10:12:30.654+0000][7792][safepoint    ] Safepoint "G1TryInitiateConcMark", Time since last: 27464200 ns, Reaching safepoint: 166100 ns, At safepoint: 5336800 ns, Total: 5502900 ns
[2020-09-29T10:12:30.655+0000][7792][gc,marking   ] GC(620) Concurrent Clear Claimed Marks 0.357ms
[2020-09-29T10:12:30.655+0000][7792][gc,marking   ] GC(620) Concurrent Scan Root Regions
[2020-09-29T10:12:30.656+0000][7792][gc,marking   ] GC(620) Concurrent Scan Root Regions 1.764ms
[2020-09-29T10:12:30.657+0000][7792][gc,marking   ] GC(620) Concurrent Mark (1013.759s)
[2020-09-29T10:12:30.657+0000][7792][gc,marking   ] GC(620) Concurrent Mark From Roots
[2020-09-29T10:12:30.657+0000][7792][gc,task      ] GC(620) Using 2 workers of 2 for marking
[2020-09-29T10:12:30.826+0000][7792][gc,marking   ] GC(620) Concurrent Mark From Roots 169.807ms
[2020-09-29T10:12:30.826+0000][7792][gc,marking   ] GC(620) Concurrent Preclean
[2020-09-29T10:12:30.827+0000][7792][gc,marking   ] GC(620) Concurrent Preclean 0.689ms
[2020-09-29T10:12:30.827+0000][7792][gc,marking   ] GC(620) Concurrent Mark (1013.759s, 1013.929s) 170.689ms
[2020-09-29T10:12:30.827+0000][7792][gc,start     ] GC(620) Pause Remark
[2020-09-29T10:12:30.836+0000][7792][gc           ] GC(620) Pause Remark 387M->387M(1024M) 8.453ms
[2020-09-29T10:12:30.836+0000][7792][gc,cpu       ] GC(620) User=0.02s Sys=0.00s Real=0.01s
[2020-09-29T10:12:30.836+0000][7792][safepoint    ] Safepoint "G1Concurrent", Time since last: 173072900 ns, Reaching safepoint: 173200 ns, At safepoint: 8731600 ns, Total: 8904800 ns
[2020-09-29T10:12:30.836+0000][7792][gc,marking   ] GC(620) Concurrent Rebuild Remembered Sets
[2020-09-29T10:12:30.940+0000][7792][gc,marking   ] GC(620) Concurrent Rebuild Remembered Sets 104.128ms
[2020-09-29T10:12:30.943+0000][7792][gc,start     ] GC(620) Pause Cleanup
[2020-09-29T10:12:30.943+0000][7792][gc           ] GC(620) Pause Cleanup 652M->652M(1024M) 0.448ms
[2020-09-29T10:12:30.943+0000][7792][gc,cpu       ] GC(620) User=0.00s Sys=0.00s Real=0.00s
[2020-09-29T10:12:30.943+0000][7792][safepoint    ] Safepoint "G1Concurrent", Time since last: 104327600 ns, Reaching safepoint: 2277200 ns, At safepoint: 719400 ns, Total: 2996600 ns
[2020-09-29T10:12:30.943+0000][7792][gc,marking   ] GC(620) Concurrent Cleanup for Next Mark
[2020-09-29T10:12:30.945+0000][7792][gc,marking   ] GC(620) Concurrent Cleanup for Next Mark 1.846ms
[2020-09-29T10:12:30.945+0000][7792][gc           ] GC(620) Concurrent Cycle 291.471ms
[2020-09-29T10:12:30.958+0000][7792][gc,start     ] GC(621) Pause Young (Concurrent Start) (G1 Humongous Allocation)
[2020-09-29T10:12:30.958+0000][7792][gc,task      ] GC(621) Using 8 workers of 8 for evacuation
[2020-09-29T10:12:30.958+0000][7792][gc,age       ] GC(621) Desired survivor size 33030144 bytes, new threshold 15 (max threshold 15)
[2020-09-29T10:12:30.962+0000][7792][gc,age       ] GC(621) Age table with threshold 15 (max threshold 15)
[2020-09-29T10:12:30.962+0000][7792][gc,age       ] GC(621) - age   1:    3966176 bytes,    3966176 total
[2020-09-29T10:12:30.962+0000][7792][gc,age       ] GC(621) - age   2:      20608 bytes,    3986784 total
[2020-09-29T10:12:30.962+0000][7792][gc,age       ] GC(621) - age   3:       3336 bytes,    3990120 total
[2020-09-29T10:12:30.962+0000][7792][gc,age       ] GC(621) - age   4:      10816 bytes,    4000936 total
[2020-09-29T10:12:30.963+0000][7792][gc,age       ] GC(621) - age   5:       1008 bytes,    4001944 total
[2020-09-29T10:12:30.963+0000][7792][gc,age       ] GC(621) - age   6:      11416 bytes,    4013360 total
[2020-09-29T10:12:30.963+0000][7792][gc,age       ] GC(621) - age   7:       1184 bytes,    4014544 total
[2020-09-29T10:12:30.963+0000][7792][gc,age       ] GC(621) - age   8:       1728 bytes,    4016272 total
[2020-09-29T10:12:30.963+0000][7792][gc,age       ] GC(621) - age   9:       1448 bytes,    4017720 total
[2020-09-29T10:12:30.963+0000][7792][gc,age       ] GC(621) - age  10:      11744 bytes,    4029464 total
[2020-09-29T10:12:30.963+0000][7792][gc,age       ] GC(621) - age  11:      11136 bytes,    4040600 total
[2020-09-29T10:12:30.963+0000][7792][gc,age       ] GC(621) - age  12:        912 bytes,    4041512 total
[2020-09-29T10:12:30.963+0000][7792][gc,age       ] GC(621) - age  13:      61368 bytes,    4102880 total
[2020-09-29T10:12:30.963+0000][7792][gc,age       ] GC(621) - age  14:       1320 bytes,    4104200 total
[2020-09-29T10:12:30.963+0000][7792][gc,age       ] GC(621) - age  15:      60856 bytes,    4165056 total
[2020-09-29T10:12:30.963+0000][7792][gc,phases    ] GC(621)   Pre Evacuate Collection Set: 0.4ms
[2020-09-29T10:12:30.963+0000][7792][gc,phases    ] GC(621)   Merge Heap Roots: 0.1ms
[2020-09-29T10:12:30.963+0000][7792][gc,phases    ] GC(621)   Evacuate Collection Set: 2.3ms
[2020-09-29T10:12:30.963+0000][7792][gc,phases    ] GC(621)   Post Evacuate Collection Set: 1.0ms
[2020-09-29T10:12:30.964+0000][7792][gc,phases    ] GC(621)   Other: 1.4ms
[2020-09-29T10:12:30.964+0000][7792][gc,heap      ] GC(621) Eden regions: 104->0(491)
[2020-09-29T10:12:30.964+0000][7792][gc,heap      ] GC(621) Survivor regions: 4->5(63)
[2020-09-29T10:12:30.964+0000][7792][gc,heap      ] GC(621) Old regions: 84->84
[2020-09-29T10:12:30.964+0000][7792][gc,heap      ] GC(621) Archive regions: 0->0
[2020-09-29T10:12:30.964+0000][7792][gc,heap      ] GC(621) Humongous regions: 470->174
[2020-09-29T10:12:30.964+0000][7792][gc,metaspace ] GC(621) Metaspace: 90494K(96384K)->90494K(96384K) NonClass: 79200K(82688K)->79200K(82688K) Class: 11293K(13696K)->11293K(13696K)
[2020-09-29T10:12:30.964+0000][7792][gc           ] GC(621) Pause Young (Concurrent Start) (G1 Humongous Allocation) 659M->261M(1024M) 5.964ms
[2020-09-29T10:12:30.964+0000][7792][gc,cpu       ] GC(621) User=0.00s Sys=0.00s Real=0.01s
[2020-09-29T10:12:30.964+0000][7792][gc           ] GC(622) Concurrent Cycle
[2020-09-29T10:12:30.964+0000][7792][gc,marking   ] GC(622) Concurrent Clear Claimed Marks
[2020-09-29T10:12:30.964+0000][7792][safepoint    ] Safepoint "G1TryInitiateConcMark", Time since last: 14340100 ns, Reaching safepoint: 194900 ns, At safepoint: 6337200 ns, Total: 6532100 ns
[2020-09-29T10:12:30.965+0000][7792][gc,marking   ] GC(622) Concurrent Clear Claimed Marks 0.460ms
[2020-09-29T10:12:30.965+0000][7792][gc,marking   ] GC(622) Concurrent Scan Root Regions
[2020-09-29T10:12:30.968+0000][7792][gc,marking   ] GC(622) Concurrent Scan Root Regions 2.909ms
[2020-09-29T10:12:30.968+0000][7792][gc,marking   ] GC(622) Concurrent Mark (1014.070s)
[2020-09-29T10:12:30.968+0000][7792][gc,marking   ] GC(622) Concurrent Mark From Roots
[2020-09-29T10:12:30.968+0000][7792][gc,task      ] GC(622) Using 2 workers of 2 for marking
[2020-09-29T10:12:31.147+0000][7792][gc,marking   ] GC(622) Concurrent Mark From Roots 178.814ms
[2020-09-29T10:12:31.147+0000][7792][gc,marking   ] GC(622) Concurrent Preclean
[2020-09-29T10:12:31.148+0000][7792][gc,marking   ] GC(622) Concurrent Preclean 0.853ms
[2020-09-29T10:12:31.148+0000][7792][gc,marking   ] GC(622) Concurrent Mark (1014.070s, 1014.250s) 179.950ms
[2020-09-29T10:12:31.148+0000][7792][gc,start     ] GC(622) Pause Remark
[2020-09-29T10:12:31.156+0000][7792][gc           ] GC(622) Pause Remark 471M->471M(1024M) 7.497ms
[2020-09-29T10:12:31.156+0000][7792][gc,cpu       ] GC(622) User=0.00s Sys=0.00s Real=0.01s
[2020-09-29T10:12:31.156+0000][7792][safepoint    ] Safepoint "G1Concurrent", Time since last: 183560500 ns, Reaching safepoint: 170200 ns, At safepoint: 7708400 ns, Total: 7878600 ns
[2020-09-29T10:12:31.156+0000][7792][gc,marking   ] GC(622) Concurrent Rebuild Remembered Sets
[2020-09-29T10:12:31.248+0000][7792][gc,marking   ] GC(622) Concurrent Rebuild Remembered Sets 92.430ms
[2020-09-29T10:12:31.248+0000][7792][gc,start     ] GC(622) Pause Cleanup
[2020-09-29T10:12:31.249+0000][7792][gc           ] GC(622) Pause Cleanup 549M->549M(1024M) 0.341ms
[2020-09-29T10:12:31.249+0000][7792][gc,cpu       ] GC(622) User=0.00s Sys=0.02s Real=0.00s
[2020-09-29T10:12:31.249+0000][7792][safepoint    ] Safepoint "G1Concurrent", Time since last: 92594900 ns, Reaching safepoint: 126900 ns, At safepoint: 516400 ns, Total: 643300 ns
[2020-09-29T10:12:31.249+0000][7792][gc,marking   ] GC(622) Concurrent Cleanup for Next Mark
[2020-09-29T10:12:31.251+0000][7792][gc,marking   ] GC(622) Concurrent Cleanup for Next Mark 1.522ms
[2020-09-29T10:12:31.251+0000][7792][gc           ] GC(622) Concurrent Cycle 286.499ms
[2020-09-29T10:12:31.270+0000][7792][gc,start     ] GC(623) Pause Young (Concurrent Start) (G1 Humongous Allocation)
[2020-09-29T10:12:31.270+0000][7792][gc,task      ] GC(623) Using 8 workers of 8 for evacuation
[2020-09-29T10:12:31.270+0000][7792][gc,age       ] GC(623) Desired survivor size 32505856 bytes, new threshold 15 (max threshold 15)
[2020-09-29T10:12:31.274+0000][7792][gc,age       ] GC(623) Age table with threshold 15 (max threshold 15)
[2020-09-29T10:12:31.274+0000][7792][gc,age       ] GC(623) - age   1:    3929672 bytes,    3929672 total
[2020-09-29T10:12:31.274+0000][7792][gc,age       ] GC(623) - age   2:       9920 bytes,    3939592 total
[2020-09-29T10:12:31.274+0000][7792][gc,age       ] GC(623) - age   3:       9584 bytes,    3949176 total
[2020-09-29T10:12:31.274+0000][7792][gc,age       ] GC(623) - age   4:       2072 bytes,    3951248 total
[2020-09-29T10:12:31.274+0000][7792][gc,age       ] GC(623) - age   5:      10552 bytes,    3961800 total
[2020-09-29T10:12:31.274+0000][7792][gc,age       ] GC(623) - age   6:        848 bytes,    3962648 total
[2020-09-29T10:12:31.274+0000][7792][gc,age       ] GC(623) - age   7:      11416 bytes,    3974064 total
[2020-09-29T10:12:31.274+0000][7792][gc,age       ] GC(623) - age   8:       1056 bytes,    3975120 total
[2020-09-29T10:12:31.274+0000][7792][gc,age       ] GC(623) - age   9:       1728 bytes,    3976848 total
[2020-09-29T10:12:31.274+0000][7792][gc,age       ] GC(623) - age  10:       1448 bytes,    3978296 total
[2020-09-29T10:12:31.274+0000][7792][gc,age       ] GC(623) - age  11:      11648 bytes,    3989944 total
[2020-09-29T10:12:31.274+0000][7792][gc,age       ] GC(623) - age  12:      11072 bytes,    4001016 total
[2020-09-29T10:12:31.274+0000][7792][gc,age       ] GC(623) - age  13:        688 bytes,    4001704 total
[2020-09-29T10:12:31.275+0000][7792][gc,age       ] GC(623) - age  14:      61368 bytes,    4063072 total
[2020-09-29T10:12:31.275+0000][7792][gc,age       ] GC(623) - age  15:       1256 bytes,    4064328 total
[2020-09-29T10:12:31.275+0000][7792][gc,phases    ] GC(623)   Pre Evacuate Collection Set: 0.4ms
[2020-09-29T10:12:31.275+0000][7792][gc,phases    ] GC(623)   Merge Heap Roots: 0.1ms
[2020-09-29T10:12:31.275+0000][7792][gc,phases    ] GC(623)   Evacuate Collection Set: 2.4ms
[2020-09-29T10:12:31.275+0000][7792][gc,phases    ] GC(623)   Post Evacuate Collection Set: 0.9ms
[2020-09-29T10:12:31.275+0000][7792][gc,phases    ] GC(623)   Other: 1.0ms
[2020-09-29T10:12:31.275+0000][7792][gc,heap      ] GC(623) Eden regions: 96->0(491)
[2020-09-29T10:12:31.275+0000][7792][gc,heap      ] GC(623) Survivor regions: 5->5(62)
[2020-09-29T10:12:31.275+0000][7792][gc,heap      ] GC(623) Old regions: 84->84
[2020-09-29T10:12:31.275+0000][7792][gc,heap      ] GC(623) Archive regions: 0->0
[2020-09-29T10:12:31.275+0000][7792][gc,heap      ] GC(623) Humongous regions: 374->174
[2020-09-29T10:12:31.275+0000][7792][gc,metaspace ] GC(623) Metaspace: 90494K(96384K)->90494K(96384K) NonClass: 79200K(82688K)->79200K(82688K) Class: 11293K(13696K)->11293K(13696K)
[2020-09-29T10:12:31.275+0000][7792][gc           ] GC(623) Pause Young (Concurrent Start) (G1 Humongous Allocation) 557M->261M(1024M) 5.068ms
[2020-09-29T10:12:31.275+0000][7792][gc,cpu       ] GC(623) User=0.00s Sys=0.00s Real=0.01s
[2020-09-29T10:12:31.275+0000][7792][gc           ] GC(624) Concurrent Cycle
[2020-09-29T10:12:31.275+0000][7792][safepoint    ] Safepoint "G1TryInitiateConcMark", Time since last: 20898000 ns, Reaching safepoint: 162800 ns, At safepoint: 5253700 ns, Total: 5416500 ns
[2020-09-29T10:12:31.275+0000][7792][gc,marking   ] GC(624) Concurrent Clear Claimed Marks
[2020-09-29T10:12:31.276+0000][7792][gc,marking   ] GC(624) Concurrent Clear Claimed Marks 0.440ms
[2020-09-29T10:12:31.276+0000][7792][gc,marking   ] GC(624) Concurrent Scan Root Regions
[2020-09-29T10:12:31.278+0000][7792][gc,marking   ] GC(624) Concurrent Scan Root Regions 2.407ms
[2020-09-29T10:12:31.278+0000][7792][gc,marking   ] GC(624) Concurrent Mark (1014.380s)
[2020-09-29T10:12:31.278+0000][7792][gc,marking   ] GC(624) Concurrent Mark From Roots
[2020-09-29T10:12:31.278+0000][7792][gc,task      ] GC(624) Using 2 workers of 2 for marking
[2020-09-29T10:12:31.389+0000][7792][gc,marking   ] GC(624) Concurrent Mark From Roots 111.169ms
[2020-09-29T10:12:31.389+0000][7792][gc,marking   ] GC(624) Concurrent Preclean
[2020-09-29T10:12:31.390+0000][7792][gc,marking   ] GC(624) Concurrent Preclean 0.655ms
[2020-09-29T10:12:31.390+0000][7792][gc,marking   ] GC(624) Concurrent Mark (1014.380s, 1014.492s) 111.995ms
[2020-09-29T10:12:31.390+0000][7792][gc,start     ] GC(624) Pause Remark
[2020-09-29T10:12:31.398+0000][7792][gc           ] GC(624) Pause Remark 403M->403M(1024M) 7.639ms
[2020-09-29T10:12:31.398+0000][7792][gc,cpu       ] GC(624) User=0.00s Sys=0.00s Real=0.01s
[2020-09-29T10:12:31.399+0000][7792][safepoint    ] Safepoint "G1Concurrent", Time since last: 115142100 ns, Reaching safepoint: 164300 ns, At safepoint: 9451700 ns, Total: 9616000 ns
[2020-09-29T10:12:31.400+0000][7792][gc,marking   ] GC(624) Concurrent Rebuild Remembered Sets
[2020-09-29T10:12:31.487+0000][7792][gc,marking   ] GC(624) Concurrent Rebuild Remembered Sets 87.381ms
[2020-09-29T10:12:31.487+0000][7792][gc,start     ] GC(624) Pause Cleanup
[2020-09-29T10:12:31.488+0000][7792][gc           ] GC(624) Pause Cleanup 527M->527M(1024M) 0.356ms
[2020-09-29T10:12:31.488+0000][7792][gc,cpu       ] GC(624) User=0.00s Sys=0.00s Real=0.00s
[2020-09-29T10:12:31.488+0000][7792][safepoint    ] Safepoint "G1Concurrent", Time since last: 87640300 ns, Reaching safepoint: 144900 ns, At safepoint: 536100 ns, Total: 681000 ns
[2020-09-29T10:12:31.488+0000][7792][gc,marking   ] GC(624) Concurrent Cleanup for Next Mark
[2020-09-29T10:12:31.489+0000][7792][gc,marking   ] GC(624) Concurrent Cleanup for Next Mark 1.502ms
[2020-09-29T10:12:31.491+0000][7792][gc           ] GC(624) Concurrent Cycle 214.846ms
[2020-09-29T10:12:31.544+0000][7792][gc,start     ] GC(625) Pause Young (Concurrent Start) (G1 Humongous Allocation)
[2020-09-29T10:12:31.544+0000][7792][gc,task      ] GC(625) Using 8 workers of 8 for evacuation
[2020-09-29T10:12:31.544+0000][7792][gc,age       ] GC(625) Desired survivor size 32505856 bytes, new threshold 15 (max threshold 15)
[2020-09-29T10:12:31.549+0000][7792][gc,age       ] GC(625) Age table with threshold 15 (max threshold 15)
[2020-09-29T10:12:31.549+0000][7792][gc,age       ] GC(625) - age   1:   13384952 bytes,   13384952 total
[2020-09-29T10:12:31.549+0000][7792][gc,age       ] GC(625) - age   2:       3088 bytes,   13388040 total
[2020-09-29T10:12:31.549+0000][7792][gc,age       ] GC(625) - age   3:       5208 bytes,   13393248 total
[2020-09-29T10:12:31.550+0000][7792][gc,age       ] GC(625) - age   4:       7992 bytes,   13401240 total
[2020-09-29T10:12:31.550+0000][7792][gc,age       ] GC(625) - age   5:       1520 bytes,   13402760 total
[2020-09-29T10:12:31.550+0000][7792][gc,age       ] GC(625) - age   6:      10520 bytes,   13413280 total
[2020-09-29T10:12:31.550+0000][7792][gc,age       ] GC(625) - age   7:        720 bytes,   13414000 total
[2020-09-29T10:12:31.550+0000][7792][gc,age       ] GC(625) - age   8:      11224 bytes,   13425224 total
[2020-09-29T10:12:31.550+0000][7792][gc,age       ] GC(625) - age   9:        904 bytes,   13426128 total
[2020-09-29T10:12:31.550+0000][7792][gc,age       ] GC(625) - age  10:       1728 bytes,   13427856 total
[2020-09-29T10:12:31.550+0000][7792][gc,age       ] GC(625) - age  11:       1352 bytes,   13429208 total
[2020-09-29T10:12:31.550+0000][7792][gc,age       ] GC(625) - age  12:      11648 bytes,   13440856 total
[2020-09-29T10:12:31.550+0000][7792][gc,age       ] GC(625) - age  13:      10880 bytes,   13451736 total
[2020-09-29T10:12:31.550+0000][7792][gc,age       ] GC(625) - age  14:        560 bytes,   13452296 total
[2020-09-29T10:12:31.550+0000][7792][gc,age       ] GC(625) - age  15:      61368 bytes,   13513664 total
[2020-09-29T10:12:31.550+0000][7792][gc,phases    ] GC(625)   Pre Evacuate Collection Set: 0.4ms
[2020-09-29T10:12:31.550+0000][7792][gc,phases    ] GC(625)   Merge Heap Roots: 0.1ms
[2020-09-29T10:12:31.550+0000][7792][gc,phases    ] GC(625)   Evacuate Collection Set: 3.7ms
[2020-09-29T10:12:31.550+0000][7792][gc,phases    ] GC(625)   Post Evacuate Collection Set: 1.1ms
[2020-09-29T10:12:31.550+0000][7792][gc,phases    ] GC(625)   Other: 1.0ms
[2020-09-29T10:12:31.550+0000][7792][gc,heap      ] GC(625) Eden regions: 102->0(474)
[2020-09-29T10:12:31.550+0000][7792][gc,heap      ] GC(625) Survivor regions: 5->14(62)
[2020-09-29T10:12:31.550+0000][7792][gc,heap      ] GC(625) Old regions: 84->84
[2020-09-29T10:12:31.550+0000][7792][gc,heap      ] GC(625) Archive regions: 0->0
[2020-09-29T10:12:31.550+0000][7792][gc,heap      ] GC(625) Humongous regions: 370->174
[2020-09-29T10:12:31.550+0000][7792][gc,metaspace ] GC(625) Metaspace: 90495K(96384K)->90495K(96384K) NonClass: 79201K(82688K)->79201K(82688K) Class: 11293K(13696K)->11293K(13696K)
[2020-09-29T10:12:31.550+0000][7792][gc           ] GC(625) Pause Young (Concurrent Start) (G1 Humongous Allocation) 559M->270M(1024M) 6.516ms
[2020-09-29T10:12:31.550+0000][7792][gc,cpu       ] GC(625) User=0.11s Sys=0.00s Real=0.01s
[2020-09-29T10:12:31.550+0000][7792][gc           ] GC(626) Concurrent Cycle
[2020-09-29T10:12:31.550+0000][7792][safepoint    ] Safepoint "G1TryInitiateConcMark", Time since last: 55706900 ns, Reaching safepoint: 164400 ns, At safepoint: 6736200 ns, Total: 6900600 ns
[2020-09-29T10:12:31.550+0000][7792][gc,marking   ] GC(626) Concurrent Clear Claimed Marks
[2020-09-29T10:12:31.552+0000][7792][gc,marking   ] GC(626) Concurrent Clear Claimed Marks 0.464ms
[2020-09-29T10:12:31.552+0000][7792][gc,marking   ] GC(626) Concurrent Scan Root Regions
[2020-09-29T10:12:31.555+0000][7792][gc,marking   ] GC(626) Concurrent Scan Root Regions 3.528ms
[2020-09-29T10:12:31.555+0000][7792][gc,marking   ] GC(626) Concurrent Mark (1014.657s)
[2020-09-29T10:12:31.555+0000][7792][gc,marking   ] GC(626) Concurrent Mark From Roots
[2020-09-29T10:12:31.555+0000][7792][gc,task      ] GC(626) Using 2 workers of 2 for marking
[2020-09-29T10:12:31.710+0000][7792][gc,marking   ] GC(626) Concurrent Mark From Roots 153.984ms
[2020-09-29T10:12:31.710+0000][7792][gc,marking   ] GC(626) Concurrent Preclean
[2020-09-29T10:12:31.710+0000][7792][gc,marking   ] GC(626) Concurrent Preclean 0.600ms
[2020-09-29T10:12:31.710+0000][7792][gc,marking   ] GC(626) Concurrent Mark (1014.657s, 1014.812s) 154.816ms
[2020-09-29T10:12:31.711+0000][7792][gc,start     ] GC(626) Pause Remark
[2020-09-29T10:12:31.718+0000][7792][gc           ] GC(626) Pause Remark 665M->665M(1024M) 7.056ms
[2020-09-29T10:12:31.718+0000][7792][gc,cpu       ] GC(626) User=0.00s Sys=0.00s Real=0.01s
[2020-09-29T10:12:31.718+0000][7792][safepoint    ] Safepoint "G1Concurrent", Time since last: 159193800 ns, Reaching safepoint: 153200 ns, At safepoint: 7291300 ns, Total: 7444500 ns
[2020-09-29T10:12:31.718+0000][7792][gc,marking   ] GC(626) Concurrent Rebuild Remembered Sets
[2020-09-29T10:12:31.815+0000][7792][gc,marking   ] GC(626) Concurrent Rebuild Remembered Sets 96.561ms
[2020-09-29T10:12:31.815+0000][7792][gc,start     ] GC(626) Pause Cleanup
[2020-09-29T10:12:31.815+0000][7792][gc           ] GC(626) Pause Cleanup 672M->672M(1024M) 0.346ms
[2020-09-29T10:12:31.815+0000][7792][gc,cpu       ] GC(626) User=0.00s Sys=0.00s Real=0.00s
[2020-09-29T10:12:31.815+0000][7792][safepoint    ] Safepoint "G1Concurrent", Time since last: 96756900 ns, Reaching safepoint: 162200 ns, At safepoint: 509500 ns, Total: 671700 ns
[2020-09-29T10:12:31.815+0000][7792][gc,marking   ] GC(626) Concurrent Cleanup for Next Mark
[2020-09-29T10:12:31.817+0000][7792][gc,marking   ] GC(626) Concurrent Cleanup for Next Mark 1.990ms
[2020-09-29T10:12:31.818+0000][7792][gc           ] GC(626) Concurrent Cycle 266.276ms
[2020-09-29T10:12:32.816+0000][7792][safepoint    ] Safepoint "Cleanup", Time since last: 1000890200 ns, Reaching safepoint: 209100 ns, At safepoint: 14200 ns, Total: 223300 ns
[2020-09-29T10:12:33.249+0000][7792][gc,start     ] GC(627) Pause Young (Concurrent Start) (G1 Humongous Allocation)
[2020-09-29T10:12:33.249+0000][7792][gc,task      ] GC(627) Using 8 workers of 8 for evacuation
[2020-09-29T10:12:33.249+0000][7792][gc,age       ] GC(627) Desired survivor size 31981568 bytes, new threshold 15 (max threshold 15)
[2020-09-29T10:12:33.253+0000][7792][gc,age       ] GC(627) Age table with threshold 15 (max threshold 15)
[2020-09-29T10:12:33.253+0000][7792][gc,age       ] GC(627) - age   1:    2860712 bytes,    2860712 total
[2020-09-29T10:12:33.253+0000][7792][gc,age       ] GC(627) - age   2:       3632 bytes,    2864344 total
[2020-09-29T10:12:33.253+0000][7792][gc,age       ] GC(627) - age   3:       2320 bytes,    2866664 total
[2020-09-29T10:12:33.253+0000][7792][gc,age       ] GC(627) - age   4:       3976 bytes,    2870640 total
[2020-09-29T10:12:33.253+0000][7792][gc,age       ] GC(627) - age   5:       7728 bytes,    2878368 total
[2020-09-29T10:12:33.253+0000][7792][gc,age       ] GC(627) - age   6:       1520 bytes,    2879888 total
[2020-09-29T10:12:33.253+0000][7792][gc,age       ] GC(627) - age   7:      10424 bytes,    2890312 total
[2020-09-29T10:12:33.253+0000][7792][gc,age       ] GC(627) - age   8:        720 bytes,    2891032 total
[2020-09-29T10:12:33.253+0000][7792][gc,age       ] GC(627) - age   9:      11056 bytes,    2902088 total
[2020-09-29T10:12:33.253+0000][7792][gc,age       ] GC(627) - age  10:        784 bytes,    2902872 total
[2020-09-29T10:12:33.253+0000][7792][gc,age       ] GC(627) - age  11:       1664 bytes,    2904536 total
[2020-09-29T10:12:33.253+0000][7792][gc,age       ] GC(627) - age  12:       1032 bytes,    2905568 total
[2020-09-29T10:12:33.253+0000][7792][gc,age       ] GC(627) - age  13:      11648 bytes,    2917216 total
[2020-09-29T10:12:33.253+0000][7792][gc,age       ] GC(627) - age  14:      10688 bytes,    2927904 total
[2020-09-29T10:12:33.253+0000][7792][gc,age       ] GC(627) - age  15:        560 bytes,    2928464 total
[2020-09-29T10:12:33.253+0000][7792][gc,phases    ] GC(627)   Pre Evacuate Collection Set: 0.4ms
[2020-09-29T10:12:33.253+0000][7792][gc,phases    ] GC(627)   Merge Heap Roots: 0.1ms
[2020-09-29T10:12:33.253+0000][7792][gc,phases    ] GC(627)   Evacuate Collection Set: 2.0ms
[2020-09-29T10:12:33.253+0000][7792][gc,phases    ] GC(627)   Post Evacuate Collection Set: 1.0ms
[2020-09-29T10:12:33.253+0000][7792][gc,phases    ] GC(627)   Other: 0.7ms
[2020-09-29T10:12:33.253+0000][7792][gc,heap      ] GC(627) Eden regions: 226->0(487)
[2020-09-29T10:12:33.253+0000][7792][gc,heap      ] GC(627) Survivor regions: 14->4(61)
[2020-09-29T10:12:33.253+0000][7792][gc,heap      ] GC(627) Old regions: 84->84
[2020-09-29T10:12:33.253+0000][7792][gc,heap      ] GC(627) Archive regions: 0->0
[2020-09-29T10:12:33.253+0000][7792][gc,heap      ] GC(627) Humongous regions: 478->174
[2020-09-29T10:12:33.253+0000][7792][gc,metaspace ] GC(627) Metaspace: 90506K(96384K)->90506K(96384K) NonClass: 79212K(82688K)->79212K(82688K) Class: 11293K(13696K)->11293K(13696K)
[2020-09-29T10:12:33.253+0000][7792][gc           ] GC(627) Pause Young (Concurrent Start) (G1 Humongous Allocation) 800M->260M(1024M) 4.439ms
[2020-09-29T10:12:33.253+0000][7792][gc,cpu       ] GC(627) User=0.02s Sys=0.00s Real=0.00s
[2020-09-29T10:12:33.253+0000][7792][safepoint    ] Safepoint "G1TryInitiateConcMark", Time since last: 432246000 ns, Reaching safepoint: 144800 ns, At safepoint: 4584200 ns, Total: 4729000 ns
[2020-09-29T10:12:33.253+0000][7792][gc           ] GC(628) Concurrent Cycle
[2020-09-29T10:12:33.254+0000][7792][gc,marking   ] GC(628) Concurrent Clear Claimed Marks
[2020-09-29T10:12:33.254+0000][7792][gc,marking   ] GC(628) Concurrent Clear Claimed Marks 0.538ms
[2020-09-29T10:12:33.254+0000][7792][gc,marking   ] GC(628) Concurrent Scan Root Regions
[2020-09-29T10:12:33.256+0000][7792][gc,marking   ] GC(628) Concurrent Scan Root Regions 1.926ms
[2020-09-29T10:12:33.256+0000][7792][gc,marking   ] GC(628) Concurrent Mark (1016.358s)
[2020-09-29T10:12:33.256+0000][7792][gc,marking   ] GC(628) Concurrent Mark From Roots
[2020-09-29T10:12:33.256+0000][7792][gc,task      ] GC(628) Using 2 workers of 2 for marking
[2020-09-29T10:12:33.354+0000][7792][gc,marking   ] GC(628) Concurrent Mark From Roots 97.644ms
[2020-09-29T10:12:33.354+0000][7792][gc,marking   ] GC(628) Concurrent Preclean
[2020-09-29T10:12:33.354+0000][7792][gc,marking   ] GC(628) Concurrent Preclean 0.611ms
[2020-09-29T10:12:33.354+0000][7792][gc,marking   ] GC(628) Concurrent Mark (1016.358s, 1016.456s) 98.417ms
[2020-09-29T10:12:33.355+0000][7792][gc,start     ] GC(628) Pause Remark
[2020-09-29T10:12:33.363+0000][7792][gc           ] GC(628) Pause Remark 415M->415M(1024M) 8.435ms
[2020-09-29T10:12:33.363+0000][7792][gc,cpu       ] GC(628) User=0.11s Sys=0.00s Real=0.01s
[2020-09-29T10:12:33.363+0000][7792][safepoint    ] Safepoint "G1Concurrent", Time since last: 101252300 ns, Reaching safepoint: 151700 ns, At safepoint: 8689500 ns, Total: 8841200 ns
[2020-09-29T10:12:33.363+0000][7792][gc,marking   ] GC(628) Concurrent Rebuild Remembered Sets
[2020-09-29T10:12:33.436+0000][7792][gc,marking   ] GC(628) Concurrent Rebuild Remembered Sets 72.700ms
[2020-09-29T10:12:33.436+0000][7792][gc,start     ] GC(628) Pause Cleanup
[2020-09-29T10:12:33.437+0000][7792][gc           ] GC(628) Pause Cleanup 437M->437M(1024M) 0.383ms
[2020-09-29T10:12:33.437+0000][7792][gc,cpu       ] GC(628) User=0.02s Sys=0.00s Real=0.00s
[2020-09-29T10:12:33.437+0000][7792][safepoint    ] Safepoint "G1Concurrent", Time since last: 72935400 ns, Reaching safepoint: 128100 ns, At safepoint: 589700 ns, Total: 717800 ns
[2020-09-29T10:12:33.437+0000][7792][gc,marking   ] GC(628) Concurrent Cleanup for Next Mark
[2020-09-29T10:12:33.439+0000][7792][gc,marking   ] GC(628) Concurrent Cleanup for Next Mark 1.505ms
[2020-09-29T10:12:33.439+0000][7792][gc           ] GC(628) Concurrent Cycle 185.447ms
[2020-09-29T10:12:33.534+0000][7792][gc,start     ] GC(629) Pause Young (Concurrent Start) (G1 Humongous Allocation)
[2020-09-29T10:12:33.534+0000][7792][gc,task      ] GC(629) Using 8 workers of 8 for evacuation
[2020-09-29T10:12:33.534+0000][7792][gc,age       ] GC(629) Desired survivor size 32505856 bytes, new threshold 15 (max threshold 15)
[2020-09-29T10:12:33.538+0000][7792][gc,age       ] GC(629) Age table with threshold 15 (max threshold 15)
[2020-09-29T10:12:33.538+0000][7792][gc,age       ] GC(629) - age   1:    3301032 bytes,    3301032 total
[2020-09-29T10:12:33.538+0000][7792][gc,age       ] GC(629) - age   2:     152688 bytes,    3453720 total
[2020-09-29T10:12:33.538+0000][7792][gc,age       ] GC(629) - age   3:       3312 bytes,    3457032 total
[2020-09-29T10:12:33.538+0000][7792][gc,age       ] GC(629) - age   4:       1648 bytes,    3458680 total
[2020-09-29T10:12:33.538+0000][7792][gc,age       ] GC(629) - age   5:       3976 bytes,    3462656 total
[2020-09-29T10:12:33.538+0000][7792][gc,age       ] GC(629) - age   6:       7728 bytes,    3470384 total
[2020-09-29T10:12:33.538+0000][7792][gc,age       ] GC(629) - age   7:       1456 bytes,    3471840 total
[2020-09-29T10:12:33.538+0000][7792][gc,age       ] GC(629) - age   8:      10424 bytes,    3482264 total
[2020-09-29T10:12:33.539+0000][7792][gc,age       ] GC(629) - age   9:        720 bytes,    3482984 total
[2020-09-29T10:12:33.539+0000][7792][gc,age       ] GC(629) - age  10:      11056 bytes,    3494040 total
[2020-09-29T10:12:33.539+0000][7792][gc,age       ] GC(629) - age  11:        720 bytes,    3494760 total
[2020-09-29T10:12:33.539+0000][7792][gc,age       ] GC(629) - age  12:       1104 bytes,    3495864 total
[2020-09-29T10:12:33.539+0000][7792][gc,age       ] GC(629) - age  13:       1032 bytes,    3496896 total
[2020-09-29T10:12:33.539+0000][7792][gc,age       ] GC(629) - age  14:      11648 bytes,    3508544 total
[2020-09-29T10:12:33.539+0000][7792][gc,age       ] GC(629) - age  15:      10688 bytes,    3519232 total
[2020-09-29T10:12:33.539+0000][7792][gc,phases    ] GC(629)   Pre Evacuate Collection Set: 0.4ms
[2020-09-29T10:12:33.539+0000][7792][gc,phases    ] GC(629)   Merge Heap Roots: 0.1ms
[2020-09-29T10:12:33.539+0000][7792][gc,phases    ] GC(629)   Evacuate Collection Set: 2.2ms
[2020-09-29T10:12:33.539+0000][7792][gc,phases    ] GC(629)   Post Evacuate Collection Set: 0.8ms
[2020-09-29T10:12:33.539+0000][7792][gc,phases    ] GC(629)   Other: 1.1ms
[2020-09-29T10:12:33.539+0000][7792][gc,heap      ] GC(629) Eden regions: 58->0(489)
[2020-09-29T10:12:33.539+0000][7792][gc,heap      ] GC(629) Survivor regions: 4->4(62)
[2020-09-29T10:12:33.539+0000][7792][gc,heap      ] GC(629) Old regions: 84->84
[2020-09-29T10:12:33.539+0000][7792][gc,heap      ] GC(629) Archive regions: 0->0
[2020-09-29T10:12:33.539+0000][7792][gc,heap      ] GC(629) Humongous regions: 298->174
[2020-09-29T10:12:33.539+0000][7792][gc,metaspace ] GC(629) Metaspace: 90506K(96384K)->90506K(96384K) NonClass: 79212K(82688K)->79212K(82688K) Class: 11293K(13696K)->11293K(13696K)
[2020-09-29T10:12:33.539+0000][7792][gc           ] GC(629) Pause Young (Concurrent Start) (G1 Humongous Allocation) 442M->261M(1024M) 4.944ms
[2020-09-29T10:12:33.539+0000][7792][gc,cpu       ] GC(629) User=0.00s Sys=0.00s Real=0.01s
[2020-09-29T10:12:33.539+0000][7792][safepoint    ] Safepoint "G1TryInitiateConcMark", Time since last: 97056600 ns, Reaching safepoint: 165800 ns, At safepoint: 5108300 ns, Total: 5274100 ns
[2020-09-29T10:12:33.539+0000][7792][gc           ] GC(630) Concurrent Cycle
[2020-09-29T10:12:33.539+0000][7792][gc,marking   ] GC(630) Concurrent Clear Claimed Marks
[2020-09-29T10:12:33.540+0000][7792][gc,marking   ] GC(630) Concurrent Clear Claimed Marks 0.420ms
[2020-09-29T10:12:33.540+0000][7792][gc,marking   ] GC(630) Concurrent Scan Root Regions
[2020-09-29T10:12:33.542+0000][7792][gc,marking   ] GC(630) Concurrent Scan Root Regions 2.184ms
[2020-09-29T10:12:33.542+0000][7792][gc,marking   ] GC(630) Concurrent Mark (1016.644s)
[2020-09-29T10:12:33.542+0000][7792][gc,marking   ] GC(630) Concurrent Mark From Roots
[2020-09-29T10:12:33.542+0000][7792][gc,task      ] GC(630) Using 2 workers of 2 for marking
[2020-09-29T10:12:33.695+0000][7792][gc,marking   ] GC(630) Concurrent Mark From Roots 152.986ms
[2020-09-29T10:12:33.695+0000][7792][gc,marking   ] GC(630) Concurrent Preclean
[2020-09-29T10:12:33.696+0000][7792][gc,marking   ] GC(630) Concurrent Preclean 0.541ms
[2020-09-29T10:12:33.696+0000][7792][gc,marking   ] GC(630) Concurrent Mark (1016.644s, 1016.798s) 153.708ms
[2020-09-29T10:12:33.696+0000][7792][gc,start     ] GC(630) Pause Remark
[2020-09-29T10:12:33.703+0000][7792][gc           ] GC(630) Pause Remark 403M->403M(1024M) 7.198ms
[2020-09-29T10:12:33.704+0000][7792][gc,cpu       ] GC(630) User=0.11s Sys=0.02s Real=0.01s
[2020-09-29T10:12:33.704+0000][7792][safepoint    ] Safepoint "G1Concurrent", Time since last: 156707000 ns, Reaching safepoint: 122300 ns, At safepoint: 7441000 ns, Total: 7563300 ns
[2020-09-29T10:12:33.704+0000][7792][gc,marking   ] GC(630) Concurrent Rebuild Remembered Sets
[2020-09-29T10:12:33.783+0000][7792][gc,marking   ] GC(630) Concurrent Rebuild Remembered Sets 79.426ms
[2020-09-29T10:12:33.783+0000][7792][gc,start     ] GC(630) Pause Cleanup
[2020-09-29T10:12:33.784+0000][7792][gc           ] GC(630) Pause Cleanup 404M->404M(1024M) 0.393ms
[2020-09-29T10:12:33.784+0000][7792][gc,cpu       ] GC(630) User=0.00s Sys=0.00s Real=0.00s
[2020-09-29T10:12:33.784+0000][7792][safepoint    ] Safepoint "G1Concurrent", Time since last: 79617400 ns, Reaching safepoint: 161200 ns, At safepoint: 580500 ns, Total: 741700 ns
[2020-09-29T10:12:33.784+0000][7792][gc,marking   ] GC(630) Concurrent Cleanup for Next Mark
[2020-09-29T10:12:33.785+0000][7792][gc,marking   ] GC(630) Concurrent Cleanup for Next Mark 1.446ms
[2020-09-29T10:12:33.785+0000][7792][gc           ] GC(630) Concurrent Cycle 246.264ms
[2020-09-29T10:12:34.088+0000][7792][gc,start     ] GC(631) Pause Young (Concurrent Start) (G1 Humongous Allocation)
[2020-09-29T10:12:34.088+0000][7792][gc,task      ] GC(631) Using 8 workers of 8 for evacuation
[2020-09-29T10:12:34.088+0000][7792][gc,age       ] GC(631) Desired survivor size 32505856 bytes, new threshold 15 (max threshold 15)
[2020-09-29T10:12:34.091+0000][7792][gc,age       ] GC(631) Age table with threshold 15 (max threshold 15)
[2020-09-29T10:12:34.091+0000][7792][gc,age       ] GC(631) - age   1:    2735960 bytes,    2735960 total
[2020-09-29T10:12:34.091+0000][7792][gc,age       ] GC(631) - age   2:      15840 bytes,    2751800 total
[2020-09-29T10:12:34.091+0000][7792][gc,age       ] GC(631) - age   3:     146152 bytes,    2897952 total
[2020-09-29T10:12:34.091+0000][7792][gc,age       ] GC(631) - age   4:       3056 bytes,    2901008 total
[2020-09-29T10:12:34.092+0000][7792][gc,age       ] GC(631) - age   5:       1488 bytes,    2902496 total
[2020-09-29T10:12:34.092+0000][7792][gc,age       ] GC(631) - age   6:       3976 bytes,    2906472 total
[2020-09-29T10:12:34.092+0000][7792][gc,age       ] GC(631) - age   7:       7728 bytes,    2914200 total
[2020-09-29T10:12:34.092+0000][7792][gc,age       ] GC(631) - age   8:       1456 bytes,    2915656 total
[2020-09-29T10:12:34.092+0000][7792][gc,age       ] GC(631) - age   9:      10424 bytes,    2926080 total
[2020-09-29T10:12:34.092+0000][7792][gc,age       ] GC(631) - age  10:        720 bytes,    2926800 total
[2020-09-29T10:12:34.092+0000][7792][gc,age       ] GC(631) - age  11:      11056 bytes,    2937856 total
[2020-09-29T10:12:34.092+0000][7792][gc,age       ] GC(631) - age  12:        720 bytes,    2938576 total
[2020-09-29T10:12:34.092+0000][7792][gc,age       ] GC(631) - age  13:       1104 bytes,    2939680 total
[2020-09-29T10:12:34.092+0000][7792][gc,age       ] GC(631) - age  14:       1000 bytes,    2940680 total
[2020-09-29T10:12:34.092+0000][7792][gc,age       ] GC(631) - age  15:      11648 bytes,    2952328 total
[2020-09-29T10:12:34.092+0000][7792][gc,phases    ] GC(631)   Pre Evacuate Collection Set: 0.4ms
[2020-09-29T10:12:34.092+0000][7792][gc,phases    ] GC(631)   Merge Heap Roots: 0.1ms
[2020-09-29T10:12:34.092+0000][7792][gc,phases    ] GC(631)   Evacuate Collection Set: 2.2ms
[2020-09-29T10:12:34.092+0000][7792][gc,phases    ] GC(631)   Post Evacuate Collection Set: 0.7ms
[2020-09-29T10:12:34.092+0000][7792][gc,phases    ] GC(631)   Other: 0.7ms
[2020-09-29T10:12:34.092+0000][7792][gc,heap      ] GC(631) Eden regions: 42->0(492)
[2020-09-29T10:12:34.092+0000][7792][gc,heap      ] GC(631) Survivor regions: 4->3(62)
[2020-09-29T10:12:34.092+0000][7792][gc,heap      ] GC(631) Old regions: 84->84
[2020-09-29T10:12:34.092+0000][7792][gc,heap      ] GC(631) Archive regions: 0->0
[2020-09-29T10:12:34.092+0000][7792][gc,heap      ] GC(631) Humongous regions: 288->174
[2020-09-29T10:12:34.092+0000][7792][gc,metaspace ] GC(631) Metaspace: 90512K(96384K)->90512K(96384K) NonClass: 79218K(82688K)->79218K(82688K) Class: 11293K(13696K)->11293K(13696K)
[2020-09-29T10:12:34.092+0000][7792][gc           ] GC(631) Pause Young (Concurrent Start) (G1 Humongous Allocation) 416M->260M(1024M) 4.412ms
[2020-09-29T10:12:34.092+0000][7792][gc,cpu       ] GC(631) User=0.00s Sys=0.00s Real=0.00s
[2020-09-29T10:12:34.092+0000][7792][safepoint    ] Safepoint "G1TryInitiateConcMark", Time since last: 303429600 ns, Reaching safepoint: 162500 ns, At safepoint: 4592500 ns, Total: 4755000 ns
[2020-09-29T10:12:34.092+0000][7792][gc           ] GC(632) Concurrent Cycle
[2020-09-29T10:12:34.092+0000][7792][gc,marking   ] GC(632) Concurrent Clear Claimed Marks
[2020-09-29T10:12:34.093+0000][7792][gc,marking   ] GC(632) Concurrent Clear Claimed Marks 0.472ms
[2020-09-29T10:12:34.093+0000][7792][gc,marking   ] GC(632) Concurrent Scan Root Regions
[2020-09-29T10:12:34.095+0000][7792][gc,marking   ] GC(632) Concurrent Scan Root Regions 2.455ms
[2020-09-29T10:12:34.095+0000][7792][gc,marking   ] GC(632) Concurrent Mark (1017.197s)
[2020-09-29T10:12:34.096+0000][7792][gc,marking   ] GC(632) Concurrent Mark From Roots
[2020-09-29T10:12:34.096+0000][7792][gc,task      ] GC(632) Using 2 workers of 2 for marking
[2020-09-29T10:12:34.216+0000][7792][gc,marking   ] GC(632) Concurrent Mark From Roots 120.652ms
[2020-09-29T10:12:34.216+0000][7792][gc,marking   ] GC(632) Concurrent Preclean
[2020-09-29T10:12:34.217+0000][7792][gc,marking   ] GC(632) Concurrent Preclean 0.624ms
[2020-09-29T10:12:34.217+0000][7792][gc,marking   ] GC(632) Concurrent Mark (1017.197s, 1017.319s) 121.476ms
[2020-09-29T10:12:34.217+0000][7792][gc,start     ] GC(632) Pause Remark
[2020-09-29T10:12:34.225+0000][7792][gc           ] GC(632) Pause Remark 415M->415M(1024M) 7.952ms
[2020-09-29T10:12:34.225+0000][7792][gc,cpu       ] GC(632) User=0.02s Sys=0.00s Real=0.01s
[2020-09-29T10:12:34.225+0000][7792][safepoint    ] Safepoint "G1Concurrent", Time since last: 124792300 ns, Reaching safepoint: 138700 ns, At safepoint: 8300300 ns, Total: 8439000 ns
[2020-09-29T10:12:34.226+0000][7792][gc,marking   ] GC(632) Concurrent Rebuild Remembered Sets
[2020-09-29T10:12:34.309+0000][7792][gc,marking   ] GC(632) Concurrent Rebuild Remembered Sets 83.261ms
[2020-09-29T10:12:34.309+0000][7792][gc,start     ] GC(632) Pause Cleanup
[2020-09-29T10:12:34.310+0000][7792][gc           ] GC(632) Pause Cleanup 504M->504M(1024M) 0.436ms
[2020-09-29T10:12:34.310+0000][7792][gc,cpu       ] GC(632) User=0.00s Sys=0.00s Real=0.00s
[2020-09-29T10:12:34.310+0000][7792][safepoint    ] Safepoint "G1Concurrent", Time since last: 83474400 ns, Reaching safepoint: 176700 ns, At safepoint: 627000 ns, Total: 803700 ns
[2020-09-29T10:12:34.310+0000][7792][gc,marking   ] GC(632) Concurrent Cleanup for Next Mark
[2020-09-29T10:12:34.312+0000][7792][gc,marking   ] GC(632) Concurrent Cleanup for Next Mark 2.044ms
[2020-09-29T10:12:34.312+0000][7792][gc           ] GC(632) Concurrent Cycle 219.875ms
[2020-09-29T10:12:34.337+0000][7792][gc,start     ] GC(633) Pause Young (Concurrent Start) (G1 Humongous Allocation)
[2020-09-29T10:12:34.337+0000][7792][gc,task      ] GC(633) Using 8 workers of 8 for evacuation
[2020-09-29T10:12:34.338+0000][7792][gc,age       ] GC(633) Desired survivor size 32505856 bytes, new threshold 15 (max threshold 15)
[2020-09-29T10:12:34.341+0000][7792][gc,age       ] GC(633) Age table with threshold 15 (max threshold 15)
[2020-09-29T10:12:34.341+0000][7792][gc,age       ] GC(633) - age   1:    3408680 bytes,    3408680 total
[2020-09-29T10:12:34.341+0000][7792][gc,age       ] GC(633) - age   2:      25816 bytes,    3434496 total
[2020-09-29T10:12:34.341+0000][7792][gc,age       ] GC(633) - age   3:      13880 bytes,    3448376 total
[2020-09-29T10:12:34.341+0000][7792][gc,age       ] GC(633) - age   4:     145728 bytes,    3594104 total
[2020-09-29T10:12:34.341+0000][7792][gc,age       ] GC(633) - age   5:       2800 bytes,    3596904 total
[2020-09-29T10:12:34.341+0000][7792][gc,age       ] GC(633) - age   6:       1360 bytes,    3598264 total
[2020-09-29T10:12:34.341+0000][7792][gc,age       ] GC(633) - age   7:       3976 bytes,    3602240 total
[2020-09-29T10:12:34.342+0000][7792][gc,age       ] GC(633) - age   8:       7728 bytes,    3609968 total
[2020-09-29T10:12:34.342+0000][7792][gc,age       ] GC(633) - age   9:       1392 bytes,    3611360 total
[2020-09-29T10:12:34.342+0000][7792][gc,age       ] GC(633) - age  10:      10424 bytes,    3621784 total
[2020-09-29T10:12:34.342+0000][7792][gc,age       ] GC(633) - age  11:        688 bytes,    3622472 total
[2020-09-29T10:12:34.342+0000][7792][gc,age       ] GC(633) - age  12:      11056 bytes,    3633528 total
[2020-09-29T10:12:34.342+0000][7792][gc,age       ] GC(633) - age  13:        656 bytes,    3634184 total
[2020-09-29T10:12:34.342+0000][7792][gc,age       ] GC(633) - age  14:       1040 bytes,    3635224 total
[2020-09-29T10:12:34.342+0000][7792][gc,age       ] GC(633) - age  15:       1000 bytes,    3636224 total
[2020-09-29T10:12:34.342+0000][7792][gc,phases    ] GC(633)   Pre Evacuate Collection Set: 0.4ms
[2020-09-29T10:12:34.342+0000][7792][gc,phases    ] GC(633)   Merge Heap Roots: 0.1ms
[2020-09-29T10:12:34.342+0000][7792][gc,phases    ] GC(633)   Evacuate Collection Set: 2.3ms
[2020-09-29T10:12:34.342+0000][7792][gc,phases    ] GC(633)   Post Evacuate Collection Set: 0.8ms
[2020-09-29T10:12:34.342+0000][7792][gc,phases    ] GC(633)   Other: 0.8ms
[2020-09-29T10:12:34.342+0000][7792][gc,heap      ] GC(633) Eden regions: 73->0(492)
[2020-09-29T10:12:34.342+0000][7792][gc,heap      ] GC(633) Survivor regions: 3->4(62)
[2020-09-29T10:12:34.342+0000][7792][gc,heap      ] GC(633) Old regions: 84->84
[2020-09-29T10:12:34.342+0000][7792][gc,heap      ] GC(633) Archive regions: 0->0
[2020-09-29T10:12:34.342+0000][7792][gc,heap      ] GC(633) Humongous regions: 355->174
[2020-09-29T10:12:34.342+0000][7792][gc,metaspace ] GC(633) Metaspace: 90512K(96384K)->90512K(96384K) NonClass: 79218K(82688K)->79218K(82688K) Class: 11294K(13696K)->11294K(13696K)
[2020-09-29T10:12:34.342+0000][7792][gc           ] GC(633) Pause Young (Concurrent Start) (G1 Humongous Allocation) 514M->261M(1024M) 4.651ms
[2020-09-29T10:12:34.342+0000][7792][gc,cpu       ] GC(633) User=0.00s Sys=0.00s Real=0.01s
[2020-09-29T10:12:34.343+0000][7792][gc           ] GC(634) Concurrent Cycle
[2020-09-29T10:12:34.343+0000][7792][safepoint    ] Safepoint "G1TryInitiateConcMark", Time since last: 27537700 ns, Reaching safepoint: 126000 ns, At safepoint: 5238700 ns, Total: 5364700 ns
[2020-09-29T10:12:34.343+0000][7792][gc,marking   ] GC(634) Concurrent Clear Claimed Marks
[2020-09-29T10:12:34.343+0000][7792][gc,marking   ] GC(634) Concurrent Clear Claimed Marks 0.556ms
[2020-09-29T10:12:34.343+0000][7792][gc,marking   ] GC(634) Concurrent Scan Root Regions
[2020-09-29T10:12:34.346+0000][7792][gc,marking   ] GC(634) Concurrent Scan Root Regions 2.441ms
[2020-09-29T10:12:34.346+0000][7792][gc,marking   ] GC(634) Concurrent Mark (1017.448s)
[2020-09-29T10:12:34.346+0000][7792][gc,marking   ] GC(634) Concurrent Mark From Roots
[2020-09-29T10:12:34.346+0000][7792][gc,task      ] GC(634) Using 2 workers of 2 for marking
[2020-09-29T10:12:34.492+0000][7792][gc,marking   ] GC(634) Concurrent Mark From Roots 145.710ms
[2020-09-29T10:12:34.492+0000][7792][gc,marking   ] GC(634) Concurrent Preclean
[2020-09-29T10:12:34.493+0000][7792][gc,marking   ] GC(634) Concurrent Preclean 0.756ms
[2020-09-29T10:12:34.493+0000][7792][gc,marking   ] GC(634) Concurrent Mark (1017.448s, 1017.595s) 146.678ms
[2020-09-29T10:12:34.493+0000][7792][gc,start     ] GC(634) Pause Remark
[2020-09-29T10:12:34.504+0000][7792][gc           ] GC(634) Pause Remark 478M->478M(1024M) 10.934ms
[2020-09-29T10:12:34.504+0000][7792][gc,cpu       ] GC(634) User=0.06s Sys=0.00s Real=0.01s
[2020-09-29T10:12:34.504+0000][7792][safepoint    ] Safepoint "G1Concurrent", Time since last: 150069000 ns, Reaching safepoint: 226400 ns, At safepoint: 11269800 ns, Total: 11496200 ns
[2020-09-29T10:12:34.504+0000][7792][gc,marking   ] GC(634) Concurrent Rebuild Remembered Sets
[2020-09-29T10:12:34.601+0000][7792][gc,marking   ] GC(634) Concurrent Rebuild Remembered Sets 96.636ms
[2020-09-29T10:12:34.602+0000][7792][gc,start     ] GC(634) Pause Cleanup
[2020-09-29T10:12:34.602+0000][7792][gc           ] GC(634) Pause Cleanup 562M->562M(1024M) 0.417ms
[2020-09-29T10:12:34.602+0000][7792][gc,cpu       ] GC(634) User=0.00s Sys=0.00s Real=0.00s
[2020-09-29T10:12:34.602+0000][7792][safepoint    ] Safepoint "G1Concurrent", Time since last: 97104900 ns, Reaching safepoint: 254100 ns, At safepoint: 621300 ns, Total: 875400 ns
[2020-09-29T10:12:34.602+0000][7792][gc,marking   ] GC(634) Concurrent Cleanup for Next Mark
[2020-09-29T10:12:34.604+0000][7792][gc,marking   ] GC(634) Concurrent Cleanup for Next Mark 1.888ms
[2020-09-29T10:12:34.604+0000][7792][gc           ] GC(634) Concurrent Cycle 261.656ms
[2020-09-29T10:12:34.884+0000][7792][gc,start     ] GC(635) Pause Young (Concurrent Start) (G1 Humongous Allocation)
[2020-09-29T10:12:34.884+0000][7792][gc,task      ] GC(635) Using 8 workers of 8 for evacuation
[2020-09-29T10:12:34.884+0000][7792][gc,age       ] GC(635) Desired survivor size 32505856 bytes, new threshold 15 (max threshold 15)
[2020-09-29T10:12:34.888+0000][7792][gc,age       ] GC(635) Age table with threshold 15 (max threshold 15)
[2020-09-29T10:12:34.888+0000][7792][gc,age       ] GC(635) - age   1:    2727896 bytes,    2727896 total
[2020-09-29T10:12:34.888+0000][7792][gc,age       ] GC(635) - age   2:       7728 bytes,    2735624 total
[2020-09-29T10:12:34.888+0000][7792][gc,age       ] GC(635) - age   3:      20600 bytes,    2756224 total
[2020-09-29T10:12:34.888+0000][7792][gc,age       ] GC(635) - age   4:      12568 bytes,    2768792 total
[2020-09-29T10:12:34.888+0000][7792][gc,age       ] GC(635) - age   5:     145616 bytes,    2914408 total
[2020-09-29T10:12:34.888+0000][7792][gc,age       ] GC(635) - age   6:       2800 bytes,    2917208 total
[2020-09-29T10:12:34.888+0000][7792][gc,age       ] GC(635) - age   7:       1296 bytes,    2918504 total
[2020-09-29T10:12:34.888+0000][7792][gc,age       ] GC(635) - age   8:       3848 bytes,    2922352 total
[2020-09-29T10:12:34.888+0000][7792][gc,age       ] GC(635) - age   9:       7664 bytes,    2930016 total
[2020-09-29T10:12:34.888+0000][7792][gc,age       ] GC(635) - age  10:       1392 bytes,    2931408 total
[2020-09-29T10:12:34.888+0000][7792][gc,age       ] GC(635) - age  11:      10392 bytes,    2941800 total
[2020-09-29T10:12:34.888+0000][7792][gc,age       ] GC(635) - age  12:        688 bytes,    2942488 total
[2020-09-29T10:12:34.888+0000][7792][gc,age       ] GC(635) - age  13:      10992 bytes,    2953480 total
[2020-09-29T10:12:34.888+0000][7792][gc,age       ] GC(635) - age  14:        560 bytes,    2954040 total
[2020-09-29T10:12:34.888+0000][7792][gc,age       ] GC(635) - age  15:       1008 bytes,    2955048 total
[2020-09-29T10:12:34.888+0000][7792][gc,phases    ] GC(635)   Pre Evacuate Collection Set: 0.4ms
[2020-09-29T10:12:34.888+0000][7792][gc,phases    ] GC(635)   Merge Heap Roots: 0.1ms
[2020-09-29T10:12:34.888+0000][7792][gc,phases    ] GC(635)   Evacuate Collection Set: 2.1ms
[2020-09-29T10:12:34.889+0000][7792][gc,phases    ] GC(635)   Post Evacuate Collection Set: 1.0ms
[2020-09-29T10:12:34.889+0000][7792][gc,phases    ] GC(635)   Other: 1.0ms
[2020-09-29T10:12:34.889+0000][7792][gc,heap      ] GC(635) Eden regions: 72->0(495)
[2020-09-29T10:12:34.889+0000][7792][gc,heap      ] GC(635) Survivor regions: 4->3(62)
[2020-09-29T10:12:34.889+0000][7792][gc,heap      ] GC(635) Old regions: 84->84
[2020-09-29T10:12:34.889+0000][7792][gc,heap      ] GC(635) Archive regions: 0->0
[2020-09-29T10:12:34.889+0000][7792][gc,heap      ] GC(635) Humongous regions: 411->174
[2020-09-29T10:12:34.889+0000][7792][gc,metaspace ] GC(635) Metaspace: 90513K(96384K)->90513K(96384K) NonClass: 79218K(82688K)->79218K(82688K) Class: 11294K(13696K)->11294K(13696K)
[2020-09-29T10:12:34.889+0000][7792][gc           ] GC(635) Pause Young (Concurrent Start) (G1 Humongous Allocation) 570M->260M(1024M) 4.918ms
[2020-09-29T10:12:34.889+0000][7792][gc,cpu       ] GC(635) User=0.00s Sys=0.00s Real=0.00s
[2020-09-29T10:12:34.889+0000][7792][safepoint    ] Safepoint "G1TryInitiateConcMark", Time since last: 281507300 ns, Reaching safepoint: 182200 ns, At safepoint: 5133000 ns, Total: 5315200 ns
[2020-09-29T10:12:34.889+0000][7792][gc           ] GC(636) Concurrent Cycle
[2020-09-29T10:12:34.889+0000][7792][gc,marking   ] GC(636) Concurrent Clear Claimed Marks
[2020-09-29T10:12:34.890+0000][7792][gc,marking   ] GC(636) Concurrent Clear Claimed Marks 0.586ms
[2020-09-29T10:12:34.890+0000][7792][gc,marking   ] GC(636) Concurrent Scan Root Regions
[2020-09-29T10:12:34.892+0000][7792][gc,marking   ] GC(636) Concurrent Scan Root Regions 2.137ms
[2020-09-29T10:12:34.892+0000][7792][gc,marking   ] GC(636) Concurrent Mark (1017.994s)
[2020-09-29T10:12:34.892+0000][7792][gc,marking   ] GC(636) Concurrent Mark From Roots
[2020-09-29T10:12:34.892+0000][7792][gc,task      ] GC(636) Using 2 workers of 2 for marking
[2020-09-29T10:12:35.042+0000][7792][gc,marking   ] GC(636) Concurrent Mark From Roots 150.283ms
[2020-09-29T10:12:35.042+0000][7792][gc,marking   ] GC(636) Concurrent Preclean
[2020-09-29T10:12:35.043+0000][7792][gc,marking   ] GC(636) Concurrent Preclean 0.668ms
[2020-09-29T10:12:35.043+0000][7792][gc,marking   ] GC(636) Concurrent Mark (1017.994s, 1018.145s) 151.145ms
[2020-09-29T10:12:35.043+0000][7792][gc,start     ] GC(636) Pause Remark
[2020-09-29T10:12:35.052+0000][7792][gc           ] GC(636) Pause Remark 399M->399M(1024M) 8.615ms
[2020-09-29T10:12:35.052+0000][7792][gc,cpu       ] GC(636) User=0.09s Sys=0.00s Real=0.01s
[2020-09-29T10:12:35.052+0000][7792][safepoint    ] Safepoint "G1Concurrent", Time since last: 154344700 ns, Reaching safepoint: 154900 ns, At safepoint: 8891300 ns, Total: 9046200 ns
[2020-09-29T10:12:35.052+0000][7792][gc,marking   ] GC(636) Concurrent Rebuild Remembered Sets
[2020-09-29T10:12:35.144+0000][7792][gc,marking   ] GC(636) Concurrent Rebuild Remembered Sets 92.244ms
[2020-09-29T10:12:35.145+0000][7792][gc,start     ] GC(636) Pause Cleanup
[2020-09-29T10:12:35.145+0000][7792][gc           ] GC(636) Pause Cleanup 399M->399M(1024M) 0.414ms
[2020-09-29T10:12:35.145+0000][7792][gc,cpu       ] GC(636) User=0.00s Sys=0.00s Real=0.00s
[2020-09-29T10:12:35.145+0000][7792][safepoint    ] Safepoint "G1Concurrent", Time since last: 92439900 ns, Reaching safepoint: 186000 ns, At safepoint: 619000 ns, Total: 805000 ns
[2020-09-29T10:12:35.145+0000][7792][gc,marking   ] GC(636) Concurrent Cleanup for Next Mark
[2020-09-29T10:12:35.147+0000][7792][gc,marking   ] GC(636) Concurrent Cleanup for Next Mark 1.670ms
[2020-09-29T10:12:35.147+0000][7792][gc           ] GC(636) Concurrent Cycle 258.489ms
[2020-09-29T10:12:35.166+0000][7792][gc,start     ] GC(637) Pause Young (Concurrent Start) (G1 Humongous Allocation)
[2020-09-29T10:12:35.166+0000][7792][gc,task      ] GC(637) Using 8 workers of 8 for evacuation
[2020-09-29T10:12:35.166+0000][7792][gc,age       ] GC(637) Desired survivor size 33030144 bytes, new threshold 15 (max threshold 15)
[2020-09-29T10:12:35.169+0000][7792][gc,age       ] GC(637) Age table with threshold 15 (max threshold 15)
[2020-09-29T10:12:35.169+0000][7792][gc,age       ] GC(637) - age   1:    2709840 bytes,    2709840 total
[2020-09-29T10:12:35.169+0000][7792][gc,age       ] GC(637) - age   2:      19912 bytes,    2729752 total
[2020-09-29T10:12:35.169+0000][7792][gc,age       ] GC(637) - age   3:       6896 bytes,    2736648 total
[2020-09-29T10:12:35.169+0000][7792][gc,age       ] GC(637) - age   4:      20280 bytes,    2756928 total
[2020-09-29T10:12:35.169+0000][7792][gc,age       ] GC(637) - age   5:      12536 bytes,    2769464 total
[2020-09-29T10:12:35.169+0000][7792][gc,age       ] GC(637) - age   6:     145584 bytes,    2915048 total
[2020-09-29T10:12:35.169+0000][7792][gc,age       ] GC(637) - age   7:       2800 bytes,    2917848 total
[2020-09-29T10:12:35.169+0000][7792][gc,age       ] GC(637) - age   8:       1296 bytes,    2919144 total
[2020-09-29T10:12:35.170+0000][7792][gc,age       ] GC(637) - age   9:       3848 bytes,    2922992 total
[2020-09-29T10:12:35.170+0000][7792][gc,age       ] GC(637) - age  10:       7664 bytes,    2930656 total
[2020-09-29T10:12:35.170+0000][7792][gc,age       ] GC(637) - age  11:       1392 bytes,    2932048 total
[2020-09-29T10:12:35.170+0000][7792][gc,age       ] GC(637) - age  12:      10392 bytes,    2942440 total
[2020-09-29T10:12:35.170+0000][7792][gc,age       ] GC(637) - age  13:        688 bytes,    2943128 total
[2020-09-29T10:12:35.170+0000][7792][gc,age       ] GC(637) - age  14:      10992 bytes,    2954120 total
[2020-09-29T10:12:35.170+0000][7792][gc,age       ] GC(637) - age  15:        560 bytes,    2954680 total
[2020-09-29T10:12:35.170+0000][7792][gc,phases    ] GC(637)   Pre Evacuate Collection Set: 0.4ms
[2020-09-29T10:12:35.170+0000][7792][gc,phases    ] GC(637)   Merge Heap Roots: 0.1ms
[2020-09-29T10:12:35.170+0000][7792][gc,phases    ] GC(637)   Evacuate Collection Set: 2.1ms
[2020-09-29T10:12:35.170+0000][7792][gc,phases    ] GC(637)   Post Evacuate Collection Set: 0.8ms
[2020-09-29T10:12:35.170+0000][7792][gc,phases    ] GC(637)   Other: 1.1ms
[2020-09-29T10:12:35.170+0000][7792][gc,heap      ] GC(637) Eden regions: 40->0(496)
[2020-09-29T10:12:35.170+0000][7792][gc,heap      ] GC(637) Survivor regions: 3->3(63)
[2020-09-29T10:12:35.170+0000][7792][gc,heap      ] GC(637) Old regions: 84->84
[2020-09-29T10:12:35.170+0000][7792][gc,heap      ] GC(637) Archive regions: 0->0
[2020-09-29T10:12:35.170+0000][7792][gc,heap      ] GC(637) Humongous regions: 278->174
[2020-09-29T10:12:35.170+0000][7792][gc,metaspace ] GC(637) Metaspace: 90513K(96384K)->90513K(96384K) NonClass: 79218K(82688K)->79218K(82688K) Class: 11294K(13696K)->11294K(13696K)
[2020-09-29T10:12:35.170+0000][7792][gc           ] GC(637) Pause Young (Concurrent Start) (G1 Humongous Allocation) 404M->260M(1024M) 4.813ms
[2020-09-29T10:12:35.170+0000][7792][gc,cpu       ] GC(637) User=0.00s Sys=0.00s Real=0.00s
[2020-09-29T10:12:35.171+0000][7792][safepoint    ] Safepoint "G1TryInitiateConcMark", Time since last: 20087800 ns, Reaching safepoint: 152200 ns, At safepoint: 5033000 ns, Total: 5185200 ns
[2020-09-29T10:12:35.171+0000][7792][gc           ] GC(638) Concurrent Cycle
[2020-09-29T10:12:35.171+0000][7792][gc,marking   ] GC(638) Concurrent Clear Claimed Marks
[2020-09-29T10:12:35.171+0000][7792][gc,marking   ] GC(638) Concurrent Clear Claimed Marks 0.375ms
[2020-09-29T10:12:35.171+0000][7792][gc,marking   ] GC(638) Concurrent Scan Root Regions
[2020-09-29T10:12:35.174+0000][7792][gc,marking   ] GC(638) Concurrent Scan Root Regions 2.705ms
[2020-09-29T10:12:35.174+0000][7792][gc,marking   ] GC(638) Concurrent Mark (1018.276s)
[2020-09-29T10:12:35.174+0000][7792][gc,marking   ] GC(638) Concurrent Mark From Roots
[2020-09-29T10:12:35.174+0000][7792][gc,task      ] GC(638) Using 2 workers of 2 for marking
[2020-09-29T10:12:35.324+0000][7792][gc,marking   ] GC(638) Concurrent Mark From Roots 150.042ms
[2020-09-29T10:12:35.324+0000][7792][gc,marking   ] GC(638) Concurrent Preclean
[2020-09-29T10:12:35.324+0000][7792][gc,marking   ] GC(638) Concurrent Preclean 0.452ms
[2020-09-29T10:12:35.324+0000][7792][gc,marking   ] GC(638) Concurrent Mark (1018.276s, 1018.427s) 150.641ms
[2020-09-29T10:12:35.325+0000][7792][gc,start     ] GC(638) Pause Remark
[2020-09-29T10:12:35.333+0000][7792][gc           ] GC(638) Pause Remark 430M->430M(1024M) 8.230ms
[2020-09-29T10:12:35.333+0000][7792][gc,cpu       ] GC(638) User=0.09s Sys=0.00s Real=0.01s
[2020-09-29T10:12:35.333+0000][7792][safepoint    ] Safepoint "G1Concurrent", Time since last: 154064500 ns, Reaching safepoint: 152700 ns, At safepoint: 8521700 ns, Total: 8674400 ns
[2020-09-29T10:12:35.333+0000][7792][gc,marking   ] GC(638) Concurrent Rebuild Remembered Sets
[2020-09-29T10:12:35.426+0000][7792][gc,marking   ] GC(638) Concurrent Rebuild Remembered Sets 92.507ms
[2020-09-29T10:12:35.426+0000][7792][gc,start     ] GC(638) Pause Cleanup
[2020-09-29T10:12:35.427+0000][7792][gc           ] GC(638) Pause Cleanup 505M->505M(1024M) 0.424ms
[2020-09-29T10:12:35.427+0000][7792][gc,cpu       ] GC(638) User=0.00s Sys=0.00s Real=0.00s
[2020-09-29T10:12:35.427+0000][7792][safepoint    ] Safepoint "G1Concurrent", Time since last: 92714100 ns, Reaching safepoint: 254300 ns, At safepoint: 633700 ns, Total: 888000 ns
[2020-09-29T10:12:35.427+0000][7792][gc,marking   ] GC(638) Concurrent Cleanup for Next Mark
[2020-09-29T10:12:35.429+0000][7792][gc,marking   ] GC(638) Concurrent Cleanup for Next Mark 1.941ms
[2020-09-29T10:12:35.429+0000][7792][gc           ] GC(638) Concurrent Cycle 258.522ms
[2020-09-29T10:12:35.455+0000][7792][gc,start     ] GC(639) Pause Young (Concurrent Start) (G1 Humongous Allocation)
[2020-09-29T10:12:35.455+0000][7792][gc,task      ] GC(639) Using 8 workers of 8 for evacuation
[2020-09-29T10:12:35.455+0000][7792][gc,age       ] GC(639) Desired survivor size 33030144 bytes, new threshold 15 (max threshold 15)
[2020-09-29T10:12:35.460+0000][7792][gc,age       ] GC(639) Age table with threshold 15 (max threshold 15)
[2020-09-29T10:12:35.460+0000][7792][gc,age       ] GC(639) - age   1:    3415528 bytes,    3415528 total
[2020-09-29T10:12:35.460+0000][7792][gc,age       ] GC(639) - age   2:       2784 bytes,    3418312 total
[2020-09-29T10:12:35.460+0000][7792][gc,age       ] GC(639) - age   3:      16120 bytes,    3434432 total
[2020-09-29T10:12:35.460+0000][7792][gc,age       ] GC(639) - age   4:       5504 bytes,    3439936 total
[2020-09-29T10:12:35.460+0000][7792][gc,age       ] GC(639) - age   5:      17816 bytes,    3457752 total
[2020-09-29T10:12:35.460+0000][7792][gc,age       ] GC(639) - age   6:      12336 bytes,    3470088 total
[2020-09-29T10:12:35.460+0000][7792][gc,age       ] GC(639) - age   7:     145552 bytes,    3615640 total
[2020-09-29T10:12:35.460+0000][7792][gc,age       ] GC(639) - age   8:       2704 bytes,    3618344 total
[2020-09-29T10:12:35.460+0000][7792][gc,age       ] GC(639) - age   9:       1296 bytes,    3619640 total
[2020-09-29T10:12:35.460+0000][7792][gc,age       ] GC(639) - age  10:       3848 bytes,    3623488 total
[2020-09-29T10:12:35.460+0000][7792][gc,age       ] GC(639) - age  11:       7664 bytes,    3631152 total
[2020-09-29T10:12:35.460+0000][7792][gc,age       ] GC(639) - age  12:       1392 bytes,    3632544 total
[2020-09-29T10:12:35.461+0000][7792][gc,age       ] GC(639) - age  13:      10296 bytes,    3642840 total
[2020-09-29T10:12:35.461+0000][7792][gc,age       ] GC(639) - age  14:        688 bytes,    3643528 total
[2020-09-29T10:12:35.461+0000][7792][gc,age       ] GC(639) - age  15:      10992 bytes,    3654520 total
[2020-09-29T10:12:35.461+0000][7792][gc,phases    ] GC(639)   Pre Evacuate Collection Set: 0.4ms
[2020-09-29T10:12:35.461+0000][7792][gc,phases    ] GC(639)   Merge Heap Roots: 0.1ms
[2020-09-29T10:12:35.461+0000][7792][gc,phases    ] GC(639)   Evacuate Collection Set: 2.8ms
[2020-09-29T10:12:35.461+0000][7792][gc,phases    ] GC(639)   Post Evacuate Collection Set: 1.1ms
[2020-09-29T10:12:35.461+0000][7792][gc,phases    ] GC(639)   Other: 1.2ms
[2020-09-29T10:12:35.461+0000][7792][gc,heap      ] GC(639) Eden regions: 73->0(495)
[2020-09-29T10:12:35.461+0000][7792][gc,heap      ] GC(639) Survivor regions: 3->4(63)
[2020-09-29T10:12:35.461+0000][7792][gc,heap      ] GC(639) Old regions: 84->84
[2020-09-29T10:12:35.461+0000][7792][gc,heap      ] GC(639) Archive regions: 0->0
[2020-09-29T10:12:35.461+0000][7792][gc,heap      ] GC(639) Humongous regions: 355->174
[2020-09-29T10:12:35.461+0000][7792][gc,metaspace ] GC(639) Metaspace: 90513K(96384K)->90513K(96384K) NonClass: 79218K(82688K)->79218K(82688K) Class: 11294K(13696K)->11294K(13696K)
[2020-09-29T10:12:35.461+0000][7792][gc           ] GC(639) Pause Young (Concurrent Start) (G1 Humongous Allocation) 514M->261M(1024M) 6.077ms
[2020-09-29T10:12:35.461+0000][7792][gc,cpu       ] GC(639) User=0.00s Sys=0.00s Real=0.01s
[2020-09-29T10:12:35.461+0000][7792][gc           ] GC(640) Concurrent Cycle
[2020-09-29T10:12:35.461+0000][7792][safepoint    ] Safepoint "G1TryInitiateConcMark", Time since last: 28211200 ns, Reaching safepoint: 182300 ns, At safepoint: 6305900 ns, Total: 6488200 ns
[2020-09-29T10:12:35.462+0000][7792][gc,marking   ] GC(640) Concurrent Clear Claimed Marks
[2020-09-29T10:12:35.462+0000][7792][gc,marking   ] GC(640) Concurrent Clear Claimed Marks 0.526ms
[2020-09-29T10:12:35.462+0000][7792][gc,marking   ] GC(640) Concurrent Scan Root Regions
[2020-09-29T10:12:35.465+0000][7792][gc,marking   ] GC(640) Concurrent Scan Root Regions 2.714ms
[2020-09-29T10:12:35.465+0000][7792][gc,marking   ] GC(640) Concurrent Mark (1018.567s)
[2020-09-29T10:12:35.465+0000][7792][gc,marking   ] GC(640) Concurrent Mark From Roots
[2020-09-29T10:12:35.465+0000][7792][gc,task      ] GC(640) Using 2 workers of 2 for marking
[2020-09-29T10:12:35.641+0000][7792][gc,marking   ] GC(640) Concurrent Mark From Roots 175.081ms
[2020-09-29T10:12:35.641+0000][7792][gc,marking   ] GC(640) Concurrent Preclean
[2020-09-29T10:12:35.641+0000][7792][gc,marking   ] GC(640) Concurrent Preclean 0.606ms
[2020-09-29T10:12:35.641+0000][7792][gc,marking   ] GC(640) Concurrent Mark (1018.567s, 1018.743s) 175.889ms
[2020-09-29T10:12:35.642+0000][7792][gc,start     ] GC(640) Pause Remark
[2020-09-29T10:12:35.650+0000][7792][gc           ] GC(640) Pause Remark 403M->403M(1024M) 8.731ms
[2020-09-29T10:12:35.650+0000][7792][gc,cpu       ] GC(640) User=0.00s Sys=0.00s Real=0.01s
[2020-09-29T10:12:35.651+0000][7792][safepoint    ] Safepoint "G1Concurrent", Time since last: 179505900 ns, Reaching safepoint: 150200 ns, At safepoint: 9208700 ns, Total: 9358900 ns
[2020-09-29T10:12:35.651+0000][7792][gc,marking   ] GC(640) Concurrent Rebuild Remembered Sets
[2020-09-29T10:12:35.748+0000][7792][gc,marking   ] GC(640) Concurrent Rebuild Remembered Sets 97.660ms
[2020-09-29T10:12:35.749+0000][7792][gc,start     ] GC(640) Pause Cleanup
[2020-09-29T10:12:35.749+0000][7792][gc           ] GC(640) Pause Cleanup 405M->405M(1024M) 0.402ms
[2020-09-29T10:12:35.749+0000][7792][gc,cpu       ] GC(640) User=0.00s Sys=0.00s Real=0.00s
[2020-09-29T10:12:35.749+0000][7792][safepoint    ] Safepoint "G1Concurrent", Time since last: 97874700 ns, Reaching safepoint: 162500 ns, At safepoint: 618700 ns, Total: 781200 ns
[2020-09-29T10:12:35.749+0000][7792][gc,marking   ] GC(640) Concurrent Cleanup for Next Mark
[2020-09-29T10:12:35.751+0000][7792][gc,marking   ] GC(640) Concurrent Cleanup for Next Mark 1.810ms
[2020-09-29T10:12:35.751+0000][7792][gc           ] GC(640) Concurrent Cycle 289.561ms
[2020-09-29T10:12:35.834+0000][7792][gc,start     ] GC(641) Pause Young (Concurrent Start) (G1 Humongous Allocation)
[2020-09-29T10:12:35.834+0000][7792][gc,task      ] GC(641) Using 8 workers of 8 for evacuation
[2020-09-29T10:12:35.834+0000][7792][gc,age       ] GC(641) Desired survivor size 33030144 bytes, new threshold 15 (max threshold 15)
[2020-09-29T10:12:35.839+0000][7792][gc,age       ] GC(641) Age table with threshold 15 (max threshold 15)
[2020-09-29T10:12:35.839+0000][7792][gc,age       ] GC(641) - age   1:    2716952 bytes,    2716952 total
[2020-09-29T10:12:35.839+0000][7792][gc,age       ] GC(641) - age   2:       3336 bytes,    2720288 total
[2020-09-29T10:12:35.839+0000][7792][gc,age       ] GC(641) - age   3:        856 bytes,    2721144 total
[2020-09-29T10:12:35.839+0000][7792][gc,age       ] GC(641) - age   4:      14776 bytes,    2735920 total
[2020-09-29T10:12:35.839+0000][7792][gc,age       ] GC(641) - age   5:       5472 bytes,    2741392 total
[2020-09-29T10:12:35.839+0000][7792][gc,age       ] GC(641) - age   6:      17816 bytes,    2759208 total
[2020-09-29T10:12:35.840+0000][7792][gc,age       ] GC(641) - age   7:      12272 bytes,    2771480 total
[2020-09-29T10:12:35.840+0000][7792][gc,age       ] GC(641) - age   8:     145520 bytes,    2917000 total
[2020-09-29T10:12:35.840+0000][7792][gc,age       ] GC(641) - age   9:       2672 bytes,    2919672 total
[2020-09-29T10:12:35.840+0000][7792][gc,age       ] GC(641) - age  10:       1296 bytes,    2920968 total
[2020-09-29T10:12:35.840+0000][7792][gc,age       ] GC(641) - age  11:       3848 bytes,    2924816 total
[2020-09-29T10:12:35.840+0000][7792][gc,age       ] GC(641) - age  12:       7632 bytes,    2932448 total
[2020-09-29T10:12:35.840+0000][7792][gc,age       ] GC(641) - age  13:       1392 bytes,    2933840 total
[2020-09-29T10:12:35.840+0000][7792][gc,age       ] GC(641) - age  14:      10296 bytes,    2944136 total
[2020-09-29T10:12:35.840+0000][7792][gc,age       ] GC(641) - age  15:        688 bytes,    2944824 total
[2020-09-29T10:12:35.840+0000][7792][gc,phases    ] GC(641)   Pre Evacuate Collection Set: 0.5ms
[2020-09-29T10:12:35.840+0000][7792][gc,phases    ] GC(641)   Merge Heap Roots: 0.1ms
[2020-09-29T10:12:35.840+0000][7792][gc,phases    ] GC(641)   Evacuate Collection Set: 3.2ms
[2020-09-29T10:12:35.840+0000][7792][gc,phases    ] GC(641)   Post Evacuate Collection Set: 0.9ms
[2020-09-29T10:12:35.840+0000][7792][gc,phases    ] GC(641)   Other: 1.1ms
[2020-09-29T10:12:35.840+0000][7792][gc,heap      ] GC(641) Eden regions: 36->0(497)
[2020-09-29T10:12:35.840+0000][7792][gc,heap      ] GC(641) Survivor regions: 4->3(63)
[2020-09-29T10:12:35.840+0000][7792][gc,heap      ] GC(641) Old regions: 84->84
[2020-09-29T10:12:35.840+0000][7792][gc,heap      ] GC(641) Archive regions: 0->0
[2020-09-29T10:12:35.840+0000][7792][gc,heap      ] GC(641) Humongous regions: 288->174
[2020-09-29T10:12:35.840+0000][7792][gc,metaspace ] GC(641) Metaspace: 90513K(96384K)->90513K(96384K) NonClass: 79219K(82688K)->79219K(82688K) Class: 11294K(13696K)->11294K(13696K)
[2020-09-29T10:12:35.840+0000][7792][gc           ] GC(641) Pause Young (Concurrent Start) (G1 Humongous Allocation) 410M->260M(1024M) 6.113ms
[2020-09-29T10:12:35.840+0000][7792][gc,cpu       ] GC(641) User=0.00s Sys=0.00s Real=0.01s
[2020-09-29T10:12:35.840+0000][7792][gc           ] GC(642) Concurrent Cycle
[2020-09-29T10:12:35.841+0000][7792][safepoint    ] Safepoint "G1TryInitiateConcMark", Time since last: 84822700 ns, Reaching safepoint: 152200 ns, At safepoint: 6331600 ns, Total: 6483800 ns
[2020-09-29T10:12:35.841+0000][7792][gc,marking   ] GC(642) Concurrent Clear Claimed Marks
[2020-09-29T10:12:35.841+0000][7792][gc,marking   ] GC(642) Concurrent Clear Claimed Marks 0.435ms
[2020-09-29T10:12:35.841+0000][7792][gc,marking   ] GC(642) Concurrent Scan Root Regions
[2020-09-29T10:12:35.844+0000][7792][gc,marking   ] GC(642) Concurrent Scan Root Regions 2.577ms
[2020-09-29T10:12:35.844+0000][7792][gc,marking   ] GC(642) Concurrent Mark (1018.946s)
[2020-09-29T10:12:35.844+0000][7792][gc,marking   ] GC(642) Concurrent Mark From Roots
[2020-09-29T10:12:35.844+0000][7792][gc,task      ] GC(642) Using 2 workers of 2 for marking
[2020-09-29T10:12:36.010+0000][7792][gc,marking   ] GC(642) Concurrent Mark From Roots 165.780ms
[2020-09-29T10:12:36.010+0000][7792][gc,marking   ] GC(642) Concurrent Preclean
[2020-09-29T10:12:36.011+0000][7792][gc,marking   ] GC(642) Concurrent Preclean 0.706ms
[2020-09-29T10:12:36.011+0000][7792][gc,marking   ] GC(642) Concurrent Mark (1018.946s, 1019.113s) 166.709ms
[2020-09-29T10:12:36.011+0000][7792][gc,start     ] GC(642) Pause Remark
[2020-09-29T10:12:36.020+0000][7792][gc           ] GC(642) Pause Remark 413M->413M(1024M) 8.656ms
[2020-09-29T10:12:36.020+0000][7792][gc,cpu       ] GC(642) User=0.11s Sys=0.00s Real=0.01s
[2020-09-29T10:12:36.020+0000][7792][safepoint    ] Safepoint "G1Concurrent", Time since last: 170097900 ns, Reaching safepoint: 154900 ns, At safepoint: 8925000 ns, Total: 9079900 ns
[2020-09-29T10:12:36.020+0000][7792][gc,marking   ] GC(642) Concurrent Rebuild Remembered Sets
[2020-09-29T10:12:36.121+0000][7792][gc,marking   ] GC(642) Concurrent Rebuild Remembered Sets 100.412ms
[2020-09-29T10:12:36.121+0000][7792][gc,start     ] GC(642) Pause Cleanup
[2020-09-29T10:12:36.121+0000][7792][gc           ] GC(642) Pause Cleanup 433M->433M(1024M) 0.400ms
[2020-09-29T10:12:36.122+0000][7792][gc,cpu       ] GC(642) User=0.00s Sys=0.00s Real=0.00s
[2020-09-29T10:12:36.122+0000][7792][safepoint    ] Safepoint "G1Concurrent", Time since last: 100677100 ns, Reaching safepoint: 167100 ns, At safepoint: 599100 ns, Total: 766200 ns
[2020-09-29T10:12:36.122+0000][7792][gc,marking   ] GC(642) Concurrent Cleanup for Next Mark
[2020-09-29T10:12:36.123+0000][7792][gc,marking   ] GC(642) Concurrent Cleanup for Next Mark 1.614ms
[2020-09-29T10:12:36.123+0000][7792][gc           ] GC(642) Concurrent Cycle 282.419ms
[2020-09-29T10:12:36.168+0000][7792][gc,start     ] GC(643) Pause Young (Concurrent Start) (G1 Humongous Allocation)
[2020-09-29T10:12:36.168+0000][7792][gc,task      ] GC(643) Using 8 workers of 8 for evacuation
[2020-09-29T10:12:36.168+0000][7792][gc,age       ] GC(643) Desired survivor size 33030144 bytes, new threshold 15 (max threshold 15)
[2020-09-29T10:12:36.172+0000][7792][gc,age       ] GC(643) Age table with threshold 15 (max threshold 15)
[2020-09-29T10:12:36.172+0000][7792][gc,age       ] GC(643) - age   1:    3297824 bytes,    3297824 total
[2020-09-29T10:12:36.172+0000][7792][gc,age       ] GC(643) - age   2:      10024 bytes,    3307848 total
[2020-09-29T10:12:36.172+0000][7792][gc,age       ] GC(643) - age   3:       1992 bytes,    3309840 total
[2020-09-29T10:12:36.172+0000][7792][gc,age       ] GC(643) - age   4:        256 bytes,    3310096 total
[2020-09-29T10:12:36.172+0000][7792][gc,age       ] GC(643) - age   5:      12152 bytes,    3322248 total
[2020-09-29T10:12:36.173+0000][7792][gc,age       ] GC(643) - age   6:       5312 bytes,    3327560 total
[2020-09-29T10:12:36.173+0000][7792][gc,age       ] GC(643) - age   7:      15176 bytes,    3342736 total
[2020-09-29T10:12:36.173+0000][7792][gc,age       ] GC(643) - age   8:      12176 bytes,    3354912 total
[2020-09-29T10:12:36.173+0000][7792][gc,age       ] GC(643) - age   9:     145520 bytes,    3500432 total
[2020-09-29T10:12:36.173+0000][7792][gc,age       ] GC(643) - age  10:       2576 bytes,    3503008 total
[2020-09-29T10:12:36.173+0000][7792][gc,age       ] GC(643) - age  11:       1168 bytes,    3504176 total
[2020-09-29T10:12:36.173+0000][7792][gc,age       ] GC(643) - age  12:       3848 bytes,    3508024 total
[2020-09-29T10:12:36.173+0000][7792][gc,age       ] GC(643) - age  13:       7504 bytes,    3515528 total
[2020-09-29T10:12:36.173+0000][7792][gc,age       ] GC(643) - age  14:       1392 bytes,    3516920 total
[2020-09-29T10:12:36.173+0000][7792][gc,age       ] GC(643) - age  15:      10296 bytes,    3527216 total
[2020-09-29T10:12:36.173+0000][7792][gc,phases    ] GC(643)   Pre Evacuate Collection Set: 0.5ms
[2020-09-29T10:12:36.173+0000][7792][gc,phases    ] GC(643)   Merge Heap Roots: 0.1ms
[2020-09-29T10:12:36.173+0000][7792][gc,phases    ] GC(643)   Evacuate Collection Set: 2.4ms
[2020-09-29T10:12:36.173+0000][7792][gc,phases    ] GC(643)   Post Evacuate Collection Set: 0.9ms
[2020-09-29T10:12:36.173+0000][7792][gc,phases    ] GC(643)   Other: 1.2ms
[2020-09-29T10:12:36.173+0000][7792][gc,heap      ] GC(643) Eden regions: 56->0(496)
[2020-09-29T10:12:36.173+0000][7792][gc,heap      ] GC(643) Survivor regions: 3->4(63)
[2020-09-29T10:12:36.173+0000][7792][gc,heap      ] GC(643) Old regions: 84->84
[2020-09-29T10:12:36.173+0000][7792][gc,heap      ] GC(643) Archive regions: 0->0
[2020-09-29T10:12:36.173+0000][7792][gc,heap      ] GC(643) Humongous regions: 298->174
[2020-09-29T10:12:36.173+0000][7792][gc,metaspace ] GC(643) Metaspace: 90513K(96384K)->90513K(96384K) NonClass: 79219K(82688K)->79219K(82688K) Class: 11294K(13696K)->11294K(13696K)
[2020-09-29T10:12:36.173+0000][7792][gc           ] GC(643) Pause Young (Concurrent Start) (G1 Humongous Allocation) 440M->261M(1024M) 5.308ms
[2020-09-29T10:12:36.173+0000][7792][gc,cpu       ] GC(643) User=0.09s Sys=0.00s Real=0.01s
[2020-09-29T10:12:36.173+0000][7792][safepoint    ] Safepoint "G1TryInitiateConcMark", Time since last: 46197400 ns, Reaching safepoint: 152900 ns, At safepoint: 5500200 ns, Total: 5653100 ns
[2020-09-29T10:12:36.173+0000][7792][gc           ] GC(644) Concurrent Cycle
[2020-09-29T10:12:36.174+0000][7792][gc,marking   ] GC(644) Concurrent Clear Claimed Marks
[2020-09-29T10:12:36.175+0000][7792][gc,marking   ] GC(644) Concurrent Clear Claimed Marks 1.127ms
[2020-09-29T10:12:36.175+0000][7792][gc,marking   ] GC(644) Concurrent Scan Root Regions
[2020-09-29T10:12:36.178+0000][7792][gc,marking   ] GC(644) Concurrent Scan Root Regions 2.929ms
[2020-09-29T10:12:36.178+0000][7792][gc,marking   ] GC(644) Concurrent Mark (1019.280s)
[2020-09-29T10:12:36.178+0000][7792][gc,marking   ] GC(644) Concurrent Mark From Roots
[2020-09-29T10:12:36.178+0000][7792][gc,task      ] GC(644) Using 2 workers of 2 for marking
[2020-09-29T10:12:36.310+0000][7792][safepoint    ] Safepoint "BulkRevokeBias", Time since last: 133839700 ns, Reaching safepoint: 332200 ns, At safepoint: 2204900 ns, Total: 2537100 ns
[2020-09-29T10:12:36.313+0000][7792][safepoint    ] Safepoint "BulkRevokeBias", Time since last: 1571500 ns, Reaching safepoint: 233600 ns, At safepoint: 1786400 ns, Total: 2020000 ns
[2020-09-29T10:12:36.316+0000][7792][safepoint    ] Safepoint "BulkRevokeBias", Time since last: 316900 ns, Reaching safepoint: 227400 ns, At safepoint: 1710800 ns, Total: 1938200 ns
[2020-09-29T10:12:36.356+0000][7792][gc,marking   ] GC(644) Concurrent Mark From Roots 178.361ms
[2020-09-29T10:12:36.356+0000][7792][gc,marking   ] GC(644) Concurrent Preclean
[2020-09-29T10:12:36.357+0000][7792][gc,marking   ] GC(644) Concurrent Preclean 0.744ms
[2020-09-29T10:12:36.357+0000][7792][gc,marking   ] GC(644) Concurrent Mark (1019.280s, 1019.459s) 179.433ms
[2020-09-29T10:12:36.364+0000][7792][gc,start     ] GC(644) Pause Remark
[2020-09-29T10:12:36.374+0000][7792][gc           ] GC(644) Pause Remark 406M->406M(1024M) 9.856ms
[2020-09-29T10:12:36.374+0000][7792][gc,cpu       ] GC(644) User=0.00s Sys=0.00s Real=0.01s
[2020-09-29T10:12:36.374+0000][7792][safepoint    ] Safepoint "G1Concurrent", Time since last: 41828600 ns, Reaching safepoint: 6264200 ns, At safepoint: 10104400 ns, Total: 16368600 ns
[2020-09-29T10:12:36.374+0000][7792][gc,marking   ] GC(644) Concurrent Rebuild Remembered Sets
[2020-09-29T10:12:36.474+0000][7792][gc,marking   ] GC(644) Concurrent Rebuild Remembered Sets 100.431ms
[2020-09-29T10:12:36.475+0000][7792][gc,start     ] GC(644) Pause Cleanup
[2020-09-29T10:12:36.475+0000][7792][gc           ] GC(644) Pause Cleanup 408M->408M(1024M) 0.403ms
[2020-09-29T10:12:36.475+0000][7792][gc,cpu       ] GC(644) User=0.00s Sys=0.00s Real=0.00s
[2020-09-29T10:12:36.475+0000][7792][safepoint    ] Safepoint "G1Concurrent", Time since last: 100652200 ns, Reaching safepoint: 162400 ns, At safepoint: 619100 ns, Total: 781500 ns
[2020-09-29T10:12:36.475+0000][7792][gc,marking   ] GC(644) Concurrent Cleanup for Next Mark
[2020-09-29T10:12:36.477+0000][7792][gc,marking   ] GC(644) Concurrent Cleanup for Next Mark 1.681ms
[2020-09-29T10:12:36.477+0000][7792][gc           ] GC(644) Concurrent Cycle 303.743ms
[2020-09-29T10:12:36.526+0000][7792][gc,start     ] GC(645) Pause Young (Concurrent Start) (G1 Humongous Allocation)
[2020-09-29T10:12:36.526+0000][7792][gc,task      ] GC(645) Using 8 workers of 8 for evacuation
[2020-09-29T10:12:36.526+0000][7792][gc,age       ] GC(645) Desired survivor size 33030144 bytes, new threshold 15 (max threshold 15)
[2020-09-29T10:12:36.530+0000][7792][gc,age       ] GC(645) Age table with threshold 15 (max threshold 15)
[2020-09-29T10:12:36.530+0000][7792][gc,age       ] GC(645) - age   1:    2732568 bytes,    2732568 total
[2020-09-29T10:12:36.530+0000][7792][gc,age       ] GC(645) - age   2:      13232 bytes,    2745800 total
[2020-09-29T10:12:36.530+0000][7792][gc,age       ] GC(645) - age   3:       7936 bytes,    2753736 total
[2020-09-29T10:12:36.530+0000][7792][gc,age       ] GC(645) - age   4:       1008 bytes,    2754744 total
[2020-09-29T10:12:36.530+0000][7792][gc,age       ] GC(645) - age   5:        256 bytes,    2755000 total
[2020-09-29T10:12:36.530+0000][7792][gc,age       ] GC(645) - age   6:      12024 bytes,    2767024 total
[2020-09-29T10:12:36.530+0000][7792][gc,age       ] GC(645) - age   7:       5184 bytes,    2772208 total
[2020-09-29T10:12:36.530+0000][7792][gc,age       ] GC(645) - age   8:      15176 bytes,    2787384 total
[2020-09-29T10:12:36.530+0000][7792][gc,age       ] GC(645) - age   9:      12176 bytes,    2799560 total
[2020-09-29T10:12:36.530+0000][7792][gc,age       ] GC(645) - age  10:     145456 bytes,    2945016 total
[2020-09-29T10:12:36.530+0000][7792][gc,age       ] GC(645) - age  11:       2576 bytes,    2947592 total
[2020-09-29T10:12:36.530+0000][7792][gc,age       ] GC(645) - age  12:       1104 bytes,    2948696 total
[2020-09-29T10:12:36.530+0000][7792][gc,age       ] GC(645) - age  13:       3848 bytes,    2952544 total
[2020-09-29T10:12:36.530+0000][7792][gc,age       ] GC(645) - age  14:       7440 bytes,    2959984 total
[2020-09-29T10:12:36.530+0000][7792][gc,age       ] GC(645) - age  15:       1360 bytes,    2961344 total
[2020-09-29T10:12:36.530+0000][7792][gc,phases    ] GC(645)   Pre Evacuate Collection Set: 0.4ms
[2020-09-29T10:12:36.530+0000][7792][gc,phases    ] GC(645)   Merge Heap Roots: 0.1ms
[2020-09-29T10:12:36.530+0000][7792][gc,phases    ] GC(645)   Evacuate Collection Set: 2.0ms
[2020-09-29T10:12:36.531+0000][7792][gc,phases    ] GC(645)   Post Evacuate Collection Set: 0.9ms
[2020-09-29T10:12:36.531+0000][7792][gc,phases    ] GC(645)   Other: 0.8ms
[2020-09-29T10:12:36.531+0000][7792][gc,heap      ] GC(645) Eden regions: 38->0(498)
[2020-09-29T10:12:36.531+0000][7792][gc,heap      ] GC(645) Survivor regions: 4->3(63)
[2020-09-29T10:12:36.531+0000][7792][gc,heap      ] GC(645) Old regions: 84->84
[2020-09-29T10:12:36.531+0000][7792][gc,heap      ] GC(645) Archive regions: 0->0
[2020-09-29T10:12:36.531+0000][7792][gc,heap      ] GC(645) Humongous regions: 288->174
[2020-09-29T10:12:36.531+0000][7792][gc,metaspace ] GC(645) Metaspace: 90513K(96384K)->90513K(96384K) NonClass: 79219K(82688K)->79219K(82688K) Class: 11294K(13696K)->11294K(13696K)
[2020-09-29T10:12:36.531+0000][7792][gc           ] GC(645) Pause Young (Concurrent Start) (G1 Humongous Allocation) 413M->260M(1024M) 4.529ms
[2020-09-29T10:12:36.531+0000][7792][gc,cpu       ] GC(645) User=0.00s Sys=0.02s Real=0.00s
[2020-09-29T10:12:36.531+0000][7792][safepoint    ] Safepoint "G1TryInitiateConcMark", Time since last: 50848600 ns, Reaching safepoint: 157600 ns, At safepoint: 4686300 ns, Total: 4843900 ns
[2020-09-29T10:12:36.531+0000][7792][gc           ] GC(646) Concurrent Cycle
[2020-09-29T10:12:36.531+0000][7792][gc,marking   ] GC(646) Concurrent Clear Claimed Marks
[2020-09-29T10:12:36.531+0000][7792][gc,marking   ] GC(646) Concurrent Clear Claimed Marks 0.310ms
[2020-09-29T10:12:36.531+0000][7792][gc,marking   ] GC(646) Concurrent Scan Root Regions
[2020-09-29T10:12:36.533+0000][7792][gc,marking   ] GC(646) Concurrent Scan Root Regions 1.382ms
[2020-09-29T10:12:36.533+0000][7792][gc,marking   ] GC(646) Concurrent Mark (1019.635s)
[2020-09-29T10:12:36.533+0000][7792][gc,marking   ] GC(646) Concurrent Mark From Roots
[2020-09-29T10:12:36.533+0000][7792][gc,task      ] GC(646) Using 2 workers of 2 for marking
[2020-09-29T10:12:36.707+0000][7792][gc,marking   ] GC(646) Concurrent Mark From Roots 174.431ms
[2020-09-29T10:12:36.707+0000][7792][gc,marking   ] GC(646) Concurrent Preclean
[2020-09-29T10:12:36.708+0000][7792][gc,marking   ] GC(646) Concurrent Preclean 0.728ms
[2020-09-29T10:12:36.708+0000][7792][gc,marking   ] GC(646) Concurrent Mark (1019.635s, 1019.810s) 175.402ms
[2020-09-29T10:12:36.709+0000][7792][gc,start     ] GC(646) Pause Remark
[2020-09-29T10:12:36.717+0000][7792][gc           ] GC(646) Pause Remark 396M->396M(1024M) 8.824ms
[2020-09-29T10:12:36.718+0000][7792][gc,cpu       ] GC(646) User=0.00s Sys=0.02s Real=0.01s
[2020-09-29T10:12:36.718+0000][7792][safepoint    ] Safepoint "G1Concurrent", Time since last: 177422900 ns, Reaching safepoint: 222300 ns, At safepoint: 9128700 ns, Total: 9351000 ns
[2020-09-29T10:12:36.718+0000][7792][gc,marking   ] GC(646) Concurrent Rebuild Remembered Sets
[2020-09-29T10:12:36.818+0000][7792][gc,marking   ] GC(646) Concurrent Rebuild Remembered Sets 100.614ms
[2020-09-29T10:12:36.819+0000][7792][gc,start     ] GC(646) Pause Cleanup
[2020-09-29T10:12:36.819+0000][7792][gc           ] GC(646) Pause Cleanup 417M->417M(1024M) 0.315ms
[2020-09-29T10:12:36.819+0000][7792][gc,cpu       ] GC(646) User=0.00s Sys=0.00s Real=0.00s
[2020-09-29T10:12:36.819+0000][7792][safepoint    ] Safepoint "G1Concurrent", Time since last: 100843100 ns, Reaching safepoint: 162300 ns, At safepoint: 516200 ns, Total: 678500 ns
[2020-09-29T10:12:36.819+0000][7792][gc,marking   ] GC(646) Concurrent Cleanup for Next Mark
[2020-09-29T10:12:36.821+0000][7792][gc,marking   ] GC(646) Concurrent Cleanup for Next Mark 1.920ms
[2020-09-29T10:12:36.821+0000][7792][gc           ] GC(646) Concurrent Cycle 290.448ms
[2020-09-29T10:12:36.826+0000][7792][gc,start     ] GC(647) Pause Young (Concurrent Start) (G1 Humongous Allocation)
[2020-09-29T10:12:36.826+0000][7792][gc,task      ] GC(647) Using 8 workers of 8 for evacuation
[2020-09-29T10:12:36.826+0000][7792][gc,age       ] GC(647) Desired survivor size 33030144 bytes, new threshold 15 (max threshold 15)
[2020-09-29T10:12:36.830+0000][7792][gc,age       ] GC(647) Age table with threshold 15 (max threshold 15)
[2020-09-29T10:12:36.830+0000][7792][gc,age       ] GC(647) - age   1:    1065296 bytes,    1065296 total
[2020-09-29T10:12:36.831+0000][7792][gc,age       ] GC(647) - age   2:      23384 bytes,    1088680 total
[2020-09-29T10:12:36.831+0000][7792][gc,age       ] GC(647) - age   3:      12104 bytes,    1100784 total
[2020-09-29T10:12:36.831+0000][7792][gc,age       ] GC(647) - age   4:       6848 bytes,    1107632 total
[2020-09-29T10:12:36.831+0000][7792][gc,age       ] GC(647) - age   5:        976 bytes,    1108608 total
[2020-09-29T10:12:36.831+0000][7792][gc,age       ] GC(647) - age   6:        256 bytes,    1108864 total
[2020-09-29T10:12:36.831+0000][7792][gc,age       ] GC(647) - age   7:      11984 bytes,    1120848 total
[2020-09-29T10:12:36.831+0000][7792][gc,age       ] GC(647) - age   8:       5112 bytes,    1125960 total
[2020-09-29T10:12:36.831+0000][7792][gc,age       ] GC(647) - age   9:      15176 bytes,    1141136 total
[2020-09-29T10:12:36.831+0000][7792][gc,age       ] GC(647) - age  10:      12112 bytes,    1153248 total
[2020-09-29T10:12:36.831+0000][7792][gc,age       ] GC(647) - age  11:     145456 bytes,    1298704 total
[2020-09-29T10:12:36.831+0000][7792][gc,age       ] GC(647) - age  12:       2384 bytes,    1301088 total
[2020-09-29T10:12:36.831+0000][7792][gc,age       ] GC(647) - age  13:       1072 bytes,    1302160 total
[2020-09-29T10:12:36.831+0000][7792][gc,age       ] GC(647) - age  14:       3848 bytes,    1306008 total
[2020-09-29T10:12:36.831+0000][7792][gc,age       ] GC(647) - age  15:       7440 bytes,    1313448 total
[2020-09-29T10:12:36.831+0000][7792][gc,phases    ] GC(647)   Pre Evacuate Collection Set: 0.4ms
[2020-09-29T10:12:36.831+0000][7792][gc,phases    ] GC(647)   Merge Heap Roots: 0.1ms
[2020-09-29T10:12:36.831+0000][7792][gc,phases    ] GC(647)   Evacuate Collection Set: 2.6ms
[2020-09-29T10:12:36.831+0000][7792][gc,phases    ] GC(647)   Post Evacuate Collection Set: 0.9ms
[2020-09-29T10:12:36.831+0000][7792][gc,phases    ] GC(647)   Other: 1.2ms
[2020-09-29T10:12:36.832+0000][7792][gc,heap      ] GC(647) Eden regions: 45->0(500)
[2020-09-29T10:12:36.832+0000][7792][gc,heap      ] GC(647) Survivor regions: 3->2(63)
[2020-09-29T10:12:36.832+0000][7792][gc,heap      ] GC(647) Old regions: 84->84
[2020-09-29T10:12:36.832+0000][7792][gc,heap      ] GC(647) Archive regions: 0->0
[2020-09-29T10:12:36.832+0000][7792][gc,heap      ] GC(647) Humongous regions: 288->174
[2020-09-29T10:12:36.832+0000][7792][gc,metaspace ] GC(647) Metaspace: 90513K(96384K)->90513K(96384K) NonClass: 79219K(82688K)->79219K(82688K) Class: 11294K(13696K)->11294K(13696K)
[2020-09-29T10:12:36.832+0000][7792][gc           ] GC(647) Pause Young (Concurrent Start) (G1 Humongous Allocation) 419M->259M(1024M) 5.830ms
[2020-09-29T10:12:36.832+0000][7792][gc,cpu       ] GC(647) User=0.02s Sys=0.00s Real=0.01s
[2020-09-29T10:12:36.832+0000][7792][gc           ] GC(648) Concurrent Cycle
[2020-09-29T10:12:36.832+0000][7792][safepoint    ] Safepoint "G1TryInitiateConcMark", Time since last: 7078800 ns, Reaching safepoint: 195100 ns, At safepoint: 6069100 ns, Total: 6264200 ns
[2020-09-29T10:12:36.832+0000][7792][gc,marking   ] GC(648) Concurrent Clear Claimed Marks
[2020-09-29T10:12:36.832+0000][7792][gc,marking   ] GC(648) Concurrent Clear Claimed Marks 0.406ms
[2020-09-29T10:12:36.832+0000][7792][gc,marking   ] GC(648) Concurrent Scan Root Regions
[2020-09-29T10:12:36.835+0000][7792][gc,marking   ] GC(648) Concurrent Scan Root Regions 2.025ms
[2020-09-29T10:12:36.835+0000][7792][gc,marking   ] GC(648) Concurrent Mark (1019.937s)
[2020-09-29T10:12:36.835+0000][7792][gc,marking   ] GC(648) Concurrent Mark From Roots
[2020-09-29T10:12:36.835+0000][7792][gc,task      ] GC(648) Using 2 workers of 2 for marking
[2020-09-29T10:12:36.996+0000][7792][gc,marking   ] GC(648) Concurrent Mark From Roots 161.762ms
[2020-09-29T10:12:36.996+0000][7792][gc,marking   ] GC(648) Concurrent Preclean
[2020-09-29T10:12:36.997+0000][7792][gc,marking   ] GC(648) Concurrent Preclean 0.726ms
[2020-09-29T10:12:36.997+0000][7792][gc,marking   ] GC(648) Concurrent Mark (1019.937s, 1020.100s) 162.686ms
[2020-09-29T10:12:36.997+0000][7792][gc,start     ] GC(648) Pause Remark
[2020-09-29T10:12:37.007+0000][7792][gc           ] GC(648) Pause Remark 421M->421M(1024M) 9.096ms
[2020-09-29T10:12:37.007+0000][7792][gc,cpu       ] GC(648) User=0.09s Sys=0.02s Real=0.01s
[2020-09-29T10:12:37.007+0000][7792][safepoint    ] Safepoint "G1Concurrent", Time since last: 165420900 ns, Reaching safepoint: 148600 ns, At safepoint: 9371500 ns, Total: 9520100 ns
[2020-09-29T10:12:37.007+0000][7792][gc,marking   ] GC(648) Concurrent Rebuild Remembered Sets
[2020-09-29T10:12:37.100+0000][7792][gc,marking   ] GC(648) Concurrent Rebuild Remembered Sets 92.887ms
[2020-09-29T10:12:37.100+0000][7792][gc,start     ] GC(648) Pause Cleanup
[2020-09-29T10:12:37.101+0000][7792][gc           ] GC(648) Pause Cleanup 491M->491M(1024M) 0.431ms
[2020-09-29T10:12:37.101+0000][7792][gc,cpu       ] GC(648) User=0.00s Sys=0.00s Real=0.00s
[2020-09-29T10:12:37.101+0000][7792][safepoint    ] Safepoint "G1Concurrent", Time since last: 93066000 ns, Reaching safepoint: 183100 ns, At safepoint: 707600 ns, Total: 890700 ns
[2020-09-29T10:12:37.101+0000][7792][gc,marking   ] GC(648) Concurrent Cleanup for Next Mark
[2020-09-29T10:12:37.103+0000][7792][gc,marking   ] GC(648) Concurrent Cleanup for Next Mark 1.764ms
[2020-09-29T10:12:37.103+0000][7792][gc           ] GC(648) Concurrent Cycle 270.945ms
[2020-09-29T10:12:37.173+0000][7792][gc,start     ] GC(649) Pause Young (Concurrent Start) (G1 Humongous Allocation)
[2020-09-29T10:12:37.173+0000][7792][gc,task      ] GC(649) Using 8 workers of 8 for evacuation
[2020-09-29T10:12:37.173+0000][7792][gc,age       ] GC(649) Desired survivor size 33030144 bytes, new threshold 15 (max threshold 15)
[2020-09-29T10:12:37.178+0000][7792][gc,age       ] GC(649) Age table with threshold 15 (max threshold 15)
[2020-09-29T10:12:37.178+0000][7792][gc,age       ] GC(649) - age   1:    3116688 bytes,    3116688 total
[2020-09-29T10:12:37.178+0000][7792][gc,age       ] GC(649) - age   2:     440720 bytes,    3557408 total
[2020-09-29T10:12:37.178+0000][7792][gc,age       ] GC(649) - age   3:      19200 bytes,    3576608 total
[2020-09-29T10:12:37.178+0000][7792][gc,age       ] GC(649) - age   4:      11144 bytes,    3587752 total
[2020-09-29T10:12:37.178+0000][7792][gc,age       ] GC(649) - age   5:       3688 bytes,    3591440 total
[2020-09-29T10:12:37.178+0000][7792][gc,age       ] GC(649) - age   6:        816 bytes,    3592256 total
[2020-09-29T10:12:37.178+0000][7792][gc,age       ] GC(649) - age   7:        256 bytes,    3592512 total
[2020-09-29T10:12:37.178+0000][7792][gc,age       ] GC(649) - age   8:       9352 bytes,    3601864 total
[2020-09-29T10:12:37.178+0000][7792][gc,age       ] GC(649) - age   9:       5112 bytes,    3606976 total
[2020-09-29T10:12:37.178+0000][7792][gc,age       ] GC(649) - age  10:      14632 bytes,    3621608 total
[2020-09-29T10:12:37.178+0000][7792][gc,age       ] GC(649) - age  11:      12048 bytes,    3633656 total
[2020-09-29T10:12:37.178+0000][7792][gc,age       ] GC(649) - age  12:     142608 bytes,    3776264 total
[2020-09-29T10:12:37.178+0000][7792][gc,age       ] GC(649) - age  13:       2320 bytes,    3778584 total
[2020-09-29T10:12:37.178+0000][7792][gc,age       ] GC(649) - age  14:       1072 bytes,    3779656 total
[2020-09-29T10:12:37.178+0000][7792][gc,age       ] GC(649) - age  15:       3784 bytes,    3783440 total
[2020-09-29T10:12:37.179+0000][7792][gc,phases    ] GC(649)   Pre Evacuate Collection Set: 0.6ms
[2020-09-29T10:12:37.179+0000][7792][gc,phases    ] GC(649)   Merge Heap Roots: 0.1ms
[2020-09-29T10:12:37.179+0000][7792][gc,phases    ] GC(649)   Evacuate Collection Set: 3.2ms
[2020-09-29T10:12:37.179+0000][7792][gc,phases    ] GC(649)   Post Evacuate Collection Set: 0.9ms
[2020-09-29T10:12:37.179+0000][7792][gc,phases    ] GC(649)   Other: 1.1ms
[2020-09-29T10:12:37.179+0000][7792][gc,heap      ] GC(649) Eden regions: 63->0(498)
[2020-09-29T10:12:37.179+0000][7792][gc,heap      ] GC(649) Survivor regions: 2->4(63)
[2020-09-29T10:12:37.179+0000][7792][gc,heap      ] GC(649) Old regions: 84->84
[2020-09-29T10:12:37.179+0000][7792][gc,heap      ] GC(649) Archive regions: 0->0
[2020-09-29T10:12:37.179+0000][7792][gc,heap      ] GC(649) Humongous regions: 355->174
[2020-09-29T10:12:37.179+0000][7792][gc,metaspace ] GC(649) Metaspace: 90514K(96384K)->90514K(96384K) NonClass: 79220K(82688K)->79220K(82688K) Class: 11294K(13696K)->11294K(13696K)
[2020-09-29T10:12:37.179+0000][7792][gc           ] GC(649) Pause Young (Concurrent Start) (G1 Humongous Allocation) 502M->261M(1024M) 6.289ms
[2020-09-29T10:12:37.179+0000][7792][gc,cpu       ] GC(649) User=0.00s Sys=0.00s Real=0.01s
[2020-09-29T10:12:37.179+0000][7792][gc           ] GC(650) Concurrent Cycle
[2020-09-29T10:12:37.179+0000][7792][safepoint    ] Safepoint "G1TryInitiateConcMark", Time since last: 71667100 ns, Reaching safepoint: 156100 ns, At safepoint: 6516000 ns, Total: 6672100 ns
[2020-09-29T10:12:37.179+0000][7792][gc,marking   ] GC(650) Concurrent Clear Claimed Marks
[2020-09-29T10:12:37.180+0000][7792][gc,marking   ] GC(650) Concurrent Clear Claimed Marks 0.421ms
[2020-09-29T10:12:37.180+0000][7792][gc,marking   ] GC(650) Concurrent Scan Root Regions
[2020-09-29T10:12:37.182+0000][7792][gc,marking   ] GC(650) Concurrent Scan Root Regions 2.390ms
[2020-09-29T10:12:37.182+0000][7792][gc,marking   ] GC(650) Concurrent Mark (1020.285s)
[2020-09-29T10:12:37.182+0000][7792][gc,marking   ] GC(650) Concurrent Mark From Roots
[2020-09-29T10:12:37.182+0000][7792][gc,task      ] GC(650) Using 2 workers of 2 for marking
[2020-09-29T10:12:37.346+0000][7792][gc,marking   ] GC(650) Concurrent Mark From Roots 163.525ms
[2020-09-29T10:12:37.346+0000][7792][gc,marking   ] GC(650) Concurrent Preclean
[2020-09-29T10:12:37.347+0000][7792][gc,marking   ] GC(650) Concurrent Preclean 0.657ms
[2020-09-29T10:12:37.347+0000][7792][gc,marking   ] GC(650) Concurrent Mark (1020.285s, 1020.449s) 164.391ms
[2020-09-29T10:12:37.347+0000][7792][gc,start     ] GC(650) Pause Remark
[2020-09-29T10:12:37.358+0000][7792][gc           ] GC(650) Pause Remark 331M->331M(1024M) 10.504ms
[2020-09-29T10:12:37.358+0000][7792][gc,cpu       ] GC(650) User=0.00s Sys=0.00s Real=0.01s
[2020-09-29T10:12:37.358+0000][7792][safepoint    ] Safepoint "G1Concurrent", Time since last: 167545600 ns, Reaching safepoint: 166800 ns, At safepoint: 10751500 ns, Total: 10918300 ns
[2020-09-29T10:12:37.358+0000][7792][gc,marking   ] GC(650) Concurrent Rebuild Remembered Sets
[2020-09-29T10:12:37.457+0000][7792][gc,marking   ] GC(650) Concurrent Rebuild Remembered Sets 99.135ms
[2020-09-29T10:12:37.458+0000][7792][gc,start     ] GC(650) Pause Cleanup
[2020-09-29T10:12:37.458+0000][7792][gc           ] GC(650) Pause Cleanup 397M->397M(1024M) 0.440ms
[2020-09-29T10:12:37.458+0000][7792][gc,cpu       ] GC(650) User=0.00s Sys=0.00s Real=0.00s
[2020-09-29T10:12:37.458+0000][7792][safepoint    ] Safepoint "G1Concurrent", Time since last: 99338600 ns, Reaching safepoint: 213800 ns, At safepoint: 656400 ns, Total: 870200 ns
[2020-09-29T10:12:37.458+0000][7792][gc,marking   ] GC(650) Concurrent Cleanup for Next Mark
[2020-09-29T10:12:37.460+0000][7792][gc,marking   ] GC(650) Concurrent Cleanup for Next Mark 1.748ms
[2020-09-29T10:12:37.460+0000][7792][gc           ] GC(650) Concurrent Cycle 280.647ms
[2020-09-29T10:12:37.508+0000][7792][gc,start     ] GC(651) Pause Young (Concurrent Start) (G1 Humongous Allocation)
[2020-09-29T10:12:37.508+0000][7792][gc,task      ] GC(651) Using 8 workers of 8 for evacuation
[2020-09-29T10:12:37.508+0000][7792][gc,age       ] GC(651) Desired survivor size 33030144 bytes, new threshold 15 (max threshold 15)
[2020-09-29T10:12:37.513+0000][7792][gc,age       ] GC(651) Age table with threshold 15 (max threshold 15)
[2020-09-29T10:12:37.513+0000][7792][gc,age       ] GC(651) - age   1:    2925248 bytes,    2925248 total
[2020-09-29T10:12:37.513+0000][7792][gc,age       ] GC(651) - age   2:      17528 bytes,    2942776 total
[2020-09-29T10:12:37.513+0000][7792][gc,age       ] GC(651) - age   3:       2024 bytes,    2944800 total
[2020-09-29T10:12:37.513+0000][7792][gc,age       ] GC(651) - age   4:      17224 bytes,    2962024 total
[2020-09-29T10:12:37.513+0000][7792][gc,age       ] GC(651) - age   5:      11048 bytes,    2973072 total
[2020-09-29T10:12:37.513+0000][7792][gc,age       ] GC(651) - age   6:       3688 bytes,    2976760 total
[2020-09-29T10:12:37.513+0000][7792][gc,age       ] GC(651) - age   7:        816 bytes,    2977576 total
[2020-09-29T10:12:37.513+0000][7792][gc,age       ] GC(651) - age   8:        256 bytes,    2977832 total
[2020-09-29T10:12:37.513+0000][7792][gc,age       ] GC(651) - age   9:       9328 bytes,    2987160 total
[2020-09-29T10:12:37.513+0000][7792][gc,age       ] GC(651) - age  10:       5048 bytes,    2992208 total
[2020-09-29T10:12:37.514+0000][7792][gc,age       ] GC(651) - age  11:      14632 bytes,    3006840 total
[2020-09-29T10:12:37.514+0000][7792][gc,age       ] GC(651) - age  12:      12048 bytes,    3018888 total
[2020-09-29T10:12:37.514+0000][7792][gc,age       ] GC(651) - age  13:     142544 bytes,    3161432 total
[2020-09-29T10:12:37.514+0000][7792][gc,age       ] GC(651) - age  14:       2320 bytes,    3163752 total
[2020-09-29T10:12:37.514+0000][7792][gc,age       ] GC(651) - age  15:       1008 bytes,    3164760 total
[2020-09-29T10:12:37.514+0000][7792][gc,phases    ] GC(651)   Pre Evacuate Collection Set: 0.5ms
[2020-09-29T10:12:37.514+0000][7792][gc,phases    ] GC(651)   Merge Heap Roots: 0.1ms
[2020-09-29T10:12:37.514+0000][7792][gc,phases    ] GC(651)   Evacuate Collection Set: 3.2ms
[2020-09-29T10:12:37.514+0000][7792][gc,phases    ] GC(651)   Post Evacuate Collection Set: 0.9ms
[2020-09-29T10:12:37.514+0000][7792][gc,phases    ] GC(651)   Other: 1.1ms
[2020-09-29T10:12:37.514+0000][7792][gc,heap      ] GC(651) Eden regions: 37->0(498)
[2020-09-29T10:12:37.514+0000][7792][gc,heap      ] GC(651) Survivor regions: 4->4(63)
[2020-09-29T10:12:37.514+0000][7792][gc,heap      ] GC(651) Old regions: 84->84
[2020-09-29T10:12:37.514+0000][7792][gc,heap      ] GC(651) Archive regions: 0->0
[2020-09-29T10:12:37.514+0000][7792][gc,heap      ] GC(651) Humongous regions: 283->174
[2020-09-29T10:12:37.514+0000][7792][gc,metaspace ] GC(651) Metaspace: 90514K(96384K)->90514K(96384K) NonClass: 79220K(82688K)->79220K(82688K) Class: 11294K(13696K)->11294K(13696K)
[2020-09-29T10:12:37.514+0000][7792][gc           ] GC(651) Pause Young (Concurrent Start) (G1 Humongous Allocation) 407M->260M(1024M) 6.071ms
[2020-09-29T10:12:37.514+0000][7792][gc,cpu       ] GC(651) User=0.00s Sys=0.00s Real=0.01s
[2020-09-29T10:12:37.514+0000][7792][safepoint    ] Safepoint "G1TryInitiateConcMark", Time since last: 49614100 ns, Reaching safepoint: 188600 ns, At safepoint: 6274800 ns, Total: 6463400 ns
[2020-09-29T10:12:37.514+0000][7792][gc           ] GC(652) Concurrent Cycle
[2020-09-29T10:12:37.514+0000][7792][gc,marking   ] GC(652) Concurrent Clear Claimed Marks
[2020-09-29T10:12:37.515+0000][7792][gc,marking   ] GC(652) Concurrent Clear Claimed Marks 0.332ms
[2020-09-29T10:12:37.515+0000][7792][gc,marking   ] GC(652) Concurrent Scan Root Regions
[2020-09-29T10:12:37.517+0000][7792][gc,marking   ] GC(652) Concurrent Scan Root Regions 1.881ms
[2020-09-29T10:12:37.517+0000][7792][gc,marking   ] GC(652) Concurrent Mark (1020.619s)
[2020-09-29T10:12:37.517+0000][7792][gc,marking   ] GC(652) Concurrent Mark From Roots
[2020-09-29T10:12:37.517+0000][7792][gc,task      ] GC(652) Using 2 workers of 2 for marking
[2020-09-29T10:12:37.696+0000][7792][gc,marking   ] GC(652) Concurrent Mark From Roots 178.635ms
[2020-09-29T10:12:37.696+0000][7792][gc,marking   ] GC(652) Concurrent Preclean
[2020-09-29T10:12:37.696+0000][7792][gc,marking   ] GC(652) Concurrent Preclean 0.624ms
[2020-09-29T10:12:37.696+0000][7792][gc,marking   ] GC(652) Concurrent Mark (1020.619s, 1020.798s) 179.434ms
[2020-09-29T10:12:37.697+0000][7792][gc,start     ] GC(652) Pause Remark
[2020-09-29T10:12:37.706+0000][7792][gc           ] GC(652) Pause Remark 360M->360M(1024M) 9.115ms
[2020-09-29T10:12:37.706+0000][7792][gc,cpu       ] GC(652) User=0.09s Sys=0.00s Real=0.01s
[2020-09-29T10:12:37.706+0000][7792][safepoint    ] Safepoint "G1Concurrent", Time since last: 182028200 ns, Reaching safepoint: 156000 ns, At safepoint: 9419100 ns, Total: 9575100 ns
[2020-09-29T10:12:37.706+0000][7792][gc,marking   ] GC(652) Concurrent Rebuild Remembered Sets
[2020-09-29T10:12:37.806+0000][7792][gc,marking   ] GC(652) Concurrent Rebuild Remembered Sets 99.907ms
[2020-09-29T10:12:37.806+0000][7792][gc,start     ] GC(652) Pause Cleanup
[2020-09-29T10:12:37.807+0000][7792][gc           ] GC(652) Pause Cleanup 436M->436M(1024M) 0.366ms
[2020-09-29T10:12:37.807+0000][7792][gc,cpu       ] GC(652) User=0.00s Sys=0.00s Real=0.00s
[2020-09-29T10:12:37.807+0000][7792][safepoint    ] Safepoint "G1Concurrent", Time since last: 100095700 ns, Reaching safepoint: 189600 ns, At safepoint: 548900 ns, Total: 738500 ns
[2020-09-29T10:12:37.807+0000][7792][gc,marking   ] GC(652) Concurrent Cleanup for Next Mark
[2020-09-29T10:12:37.808+0000][7792][gc,marking   ] GC(652) Concurrent Cleanup for Next Mark 1.622ms
[2020-09-29T10:12:37.809+0000][7792][gc           ] GC(652) Concurrent Cycle 294.283ms
[2020-09-29T10:12:37.834+0000][7792][gc,start     ] GC(653) Pause Young (Concurrent Start) (G1 Humongous Allocation)
[2020-09-29T10:12:37.834+0000][7792][gc,task      ] GC(653) Using 8 workers of 8 for evacuation
