[2020-10-07T09:42:04.848+0000][38832][gc,heap] Heap region size: 1M
[2020-10-07T09:42:04.848+0000][38832][gc,heap,coops] Heap address: 0x00000000c0000000, size: 1024 MB, Compressed Oops mode: 32-bit
[2020-10-07T09:42:05.545+0000][38832][gc           ] Using G1
[2020-10-07T09:42:05.615+0000][38832][gc           ] Periodic GC disabled
[2020-10-07T09:42:06.654+0000][38832][safepoint    ] Safepoint "Cleanup", Time since last: 1073423300 ns, Reaching safepoint: 167600 ns, At safepoint: 15500 ns, Total: 183100 ns
[2020-10-07T09:42:07.725+0000][38832][safepoint    ] Safepoint "Cleanup", Time since last: 1071087100 ns, Reaching safepoint: 121800 ns, At safepoint: 57200 ns, Total: 179000 ns
[2020-10-07T09:42:08.264+0000][38832][gc,start     ] GC(0) Pause Young (Normal) (G1 Evacuation Pause)
[2020-10-07T09:42:08.265+0000][38832][gc,task      ] GC(0) Using 8 workers of 8 for evacuation
[2020-10-07T09:42:08.265+0000][38832][gc,age       ] GC(0) Desired survivor size 3670016 bytes, new threshold 15 (max threshold 15)
[2020-10-07T09:42:08.271+0000][38832][gc,age       ] GC(0) Age table with threshold 15 (max threshold 15)
[2020-10-07T09:42:08.271+0000][38832][gc,age       ] GC(0) - age   1:    5150864 bytes,    5150864 total
[2020-10-07T09:42:08.271+0000][38832][gc,phases    ] GC(0)   Pre Evacuate Collection Set: 0.2ms
[2020-10-07T09:42:08.271+0000][38832][gc,phases    ] GC(0)   Merge Heap Roots: 0.1ms
[2020-10-07T09:42:08.271+0000][38832][gc,phases    ] GC(0)   Evacuate Collection Set: 4.4ms
[2020-10-07T09:42:08.271+0000][38832][gc,phases    ] GC(0)   Post Evacuate Collection Set: 1.2ms
[2020-10-07T09:42:08.271+0000][38832][gc,phases    ] GC(0)   Other: 1.7ms
[2020-10-07T09:42:08.271+0000][38832][gc,heap      ] GC(0) Eden regions: 51->0(55)
[2020-10-07T09:42:08.271+0000][38832][gc,heap      ] GC(0) Survivor regions: 0->5(7)
[2020-10-07T09:42:08.271+0000][38832][gc,heap      ] GC(0) Old regions: 0->0
[2020-10-07T09:42:08.271+0000][38832][gc,heap      ] GC(0) Archive regions: 0->0
[2020-10-07T09:42:08.271+0000][38832][gc,heap      ] GC(0) Humongous regions: 1->1
[2020-10-07T09:42:08.271+0000][38832][gc,metaspace ] GC(0) Metaspace: 12571K(13312K)->12571K(13312K) NonClass: 11033K(11520K)->11033K(11520K) Class: 1537K(1792K)->1537K(1792K)
[2020-10-07T09:42:08.272+0000][38832][gc           ] GC(0) Pause Young (Normal) (G1 Evacuation Pause) 52M->5M(1024M) 7.920ms
[2020-10-07T09:42:08.272+0000][38832][gc,cpu       ] GC(0) User=0.02s Sys=0.00s Real=0.01s
[2020-10-07T09:42:08.272+0000][38832][safepoint    ] Safepoint "G1CollectForAllocation", Time since last: 537569700 ns, Reaching safepoint: 218500 ns, At safepoint: 8190500 ns, Total: 8409000 ns
[2020-10-07T09:42:08.869+0000][38832][safepoint    ] Safepoint "BulkRevokeBias", Time since last: 597545600 ns, Reaching safepoint: 147300 ns, At safepoint: 83300 ns, Total: 230600 ns
[2020-10-07T09:42:09.307+0000][38832][gc,start     ] GC(1) Pause Young (Normal) (G1 Evacuation Pause)
[2020-10-07T09:42:09.307+0000][38832][gc,task      ] GC(1) Using 8 workers of 8 for evacuation
[2020-10-07T09:42:09.307+0000][38832][gc,age       ] GC(1) Desired survivor size 4194304 bytes, new threshold 1 (max threshold 15)
[2020-10-07T09:42:09.314+0000][38832][gc,age       ] GC(1) Age table with threshold 1 (max threshold 15)
[2020-10-07T09:42:09.314+0000][38832][gc,age       ] GC(1) - age   1:    2838104 bytes,    2838104 total
[2020-10-07T09:42:09.314+0000][38832][gc,phases    ] GC(1)   Pre Evacuate Collection Set: 0.1ms
[2020-10-07T09:42:09.315+0000][38832][gc,phases    ] GC(1)   Merge Heap Roots: 0.1ms
[2020-10-07T09:42:09.315+0000][38832][gc,phases    ] GC(1)   Evacuate Collection Set: 6.0ms
[2020-10-07T09:42:09.315+0000][38832][gc,phases    ] GC(1)   Post Evacuate Collection Set: 0.8ms
[2020-10-07T09:42:09.315+0000][38832][gc,phases    ] GC(1)   Other: 0.5ms
[2020-10-07T09:42:09.315+0000][38832][gc,heap      ] GC(1) Eden regions: 55->0(610)
[2020-10-07T09:42:09.315+0000][38832][gc,heap      ] GC(1) Survivor regions: 5->4(8)
[2020-10-07T09:42:09.315+0000][38832][gc,heap      ] GC(1) Old regions: 0->5
[2020-10-07T09:42:09.315+0000][38832][gc,heap      ] GC(1) Archive regions: 0->0
[2020-10-07T09:42:09.315+0000][38832][gc,heap      ] GC(1) Humongous regions: 1->1
[2020-10-07T09:42:09.315+0000][38832][gc,metaspace ] GC(1) Metaspace: 14430K(14976K)->14430K(14976K) NonClass: 12701K(13056K)->12701K(13056K) Class: 1728K(1920K)->1728K(1920K)
[2020-10-07T09:42:09.315+0000][38832][gc           ] GC(1) Pause Young (Normal) (G1 Evacuation Pause) 60M->8M(1024M) 8.046ms
[2020-10-07T09:42:09.315+0000][38832][gc,cpu       ] GC(1) User=0.00s Sys=0.00s Real=0.01s
[2020-10-07T09:42:09.315+0000][38832][safepoint    ] Safepoint "G1CollectForAllocation", Time since last: 437014100 ns, Reaching safepoint: 135400 ns, At safepoint: 8238200 ns, Total: 8373600 ns
[2020-10-07T09:42:09.316+0000][38832][safepoint    ] Safepoint "BulkRevokeBias", Time since last: 315300 ns, Reaching safepoint: 161500 ns, At safepoint: 216100 ns, Total: 377600 ns
[2020-10-07T09:42:10.343+0000][38832][safepoint    ] Safepoint "ICBufferFull", Time since last: 1027333700 ns, Reaching safepoint: 219200 ns, At safepoint: 28200 ns, Total: 247400 ns
[2020-10-07T09:42:11.044+0000][38832][gc,start     ] GC(2) Pause Young (Concurrent Start) (Metadata GC Threshold)
[2020-10-07T09:42:11.044+0000][38832][gc,task      ] GC(2) Using 8 workers of 8 for evacuation
[2020-10-07T09:42:11.044+0000][38832][gc,age       ] GC(2) Desired survivor size 40370176 bytes, new threshold 15 (max threshold 15)
[2020-10-07T09:42:11.051+0000][38832][gc,age       ] GC(2) Age table with threshold 15 (max threshold 15)
[2020-10-07T09:42:11.051+0000][38832][gc,age       ] GC(2) - age   1:    5700800 bytes,    5700800 total
[2020-10-07T09:42:11.051+0000][38832][gc,age       ] GC(2) - age   2:    1069928 bytes,    6770728 total
[2020-10-07T09:42:11.051+0000][38832][gc,phases    ] GC(2)   Pre Evacuate Collection Set: 0.2ms
[2020-10-07T09:42:11.052+0000][38832][gc,phases    ] GC(2)   Merge Heap Roots: 0.1ms
[2020-10-07T09:42:11.052+0000][38832][gc,phases    ] GC(2)   Evacuate Collection Set: 5.2ms
[2020-10-07T09:42:11.052+0000][38832][gc,phases    ] GC(2)   Post Evacuate Collection Set: 0.9ms
[2020-10-07T09:42:11.052+0000][38832][gc,phases    ] GC(2)   Other: 1.1ms
[2020-10-07T09:42:11.052+0000][38832][gc,heap      ] GC(2) Eden regions: 306->0(607)
[2020-10-07T09:42:11.052+0000][38832][gc,heap      ] GC(2) Survivor regions: 4->7(77)
[2020-10-07T09:42:11.052+0000][38832][gc,heap      ] GC(2) Old regions: 5->5
[2020-10-07T09:42:11.052+0000][38832][gc,heap      ] GC(2) Archive regions: 0->0
[2020-10-07T09:42:11.052+0000][38832][gc,heap      ] GC(2) Humongous regions: 1->1
[2020-10-07T09:42:11.052+0000][38832][gc,metaspace ] GC(2) Metaspace: 20242K(21248K)->20242K(21248K) NonClass: 17840K(18432K)->17840K(18432K) Class: 2401K(2816K)->2401K(2816K)
[2020-10-07T09:42:11.052+0000][38832][gc           ] GC(2) Pause Young (Concurrent Start) (Metadata GC Threshold) 314M->12M(1024M) 7.899ms
[2020-10-07T09:42:11.052+0000][38832][gc,cpu       ] GC(2) User=0.00s Sys=0.00s Real=0.01s
[2020-10-07T09:42:11.052+0000][38832][gc           ] GC(3) Concurrent Cycle
[2020-10-07T09:42:11.052+0000][38832][gc,marking   ] GC(3) Concurrent Clear Claimed Marks
[2020-10-07T09:42:11.052+0000][38832][gc,marking   ] GC(3) Concurrent Clear Claimed Marks 0.062ms
[2020-10-07T09:42:11.052+0000][38832][gc,marking   ] GC(3) Concurrent Scan Root Regions
[2020-10-07T09:42:11.052+0000][38832][safepoint    ] Safepoint "CollectForMetadataAllocation", Time since last: 700981400 ns, Reaching safepoint: 139600 ns, At safepoint: 8294000 ns, Total: 8433600 ns
[2020-10-07T09:42:11.054+0000][38832][safepoint    ] Safepoint "BulkRevokeBias", Time since last: 845500 ns, Reaching safepoint: 698300 ns, At safepoint: 381600 ns, Total: 1079900 ns
[2020-10-07T09:42:11.057+0000][38832][safepoint    ] Safepoint "BulkRevokeBias", Time since last: 2404400 ns, Reaching safepoint: 491600 ns, At safepoint: 441800 ns, Total: 933400 ns
[2020-10-07T09:42:11.058+0000][38832][gc,marking   ] GC(3) Concurrent Scan Root Regions 5.629ms
[2020-10-07T09:42:11.058+0000][38832][gc,marking   ] GC(3) Concurrent Mark (6.264s)
[2020-10-07T09:42:11.058+0000][38832][gc,marking   ] GC(3) Concurrent Mark From Roots
[2020-10-07T09:42:11.058+0000][38832][gc,task      ] GC(3) Using 2 workers of 2 for marking
[2020-10-07T09:42:11.058+0000][38832][safepoint    ] Safepoint "BulkRevokeBias", Time since last: 165800 ns, Reaching safepoint: 215700 ns, At safepoint: 252100 ns, Total: 467800 ns
[2020-10-07T09:42:11.070+0000][38832][gc,marking   ] GC(3) Concurrent Mark From Roots 11.758ms
[2020-10-07T09:42:11.070+0000][38832][gc,marking   ] GC(3) Concurrent Preclean
[2020-10-07T09:42:11.070+0000][38832][gc,marking   ] GC(3) Concurrent Preclean 0.481ms
[2020-10-07T09:42:11.070+0000][38832][gc,marking   ] GC(3) Concurrent Mark (6.264s, 6.277s) 12.476ms
[2020-10-07T09:42:11.071+0000][38832][gc,start     ] GC(3) Pause Remark
[2020-10-07T09:42:11.074+0000][38832][gc           ] GC(3) Pause Remark 13M->13M(1024M) 2.869ms
[2020-10-07T09:42:11.074+0000][38832][gc,cpu       ] GC(3) User=0.00s Sys=0.00s Real=0.00s
[2020-10-07T09:42:11.074+0000][38832][safepoint    ] Safepoint "G1Concurrent", Time since last: 12356400 ns, Reaching safepoint: 192900 ns, At safepoint: 3068500 ns, Total: 3261400 ns
[2020-10-07T09:42:11.074+0000][38832][gc,marking   ] GC(3) Concurrent Rebuild Remembered Sets
[2020-10-07T09:42:11.079+0000][38832][gc,marking   ] GC(3) Concurrent Rebuild Remembered Sets 5.582ms
[2020-10-07T09:42:11.080+0000][38832][gc,start     ] GC(3) Pause Cleanup
[2020-10-07T09:42:11.081+0000][38832][gc           ] GC(3) Pause Cleanup 14M->14M(1024M) 0.283ms
[2020-10-07T09:42:11.081+0000][38832][gc,cpu       ] GC(3) User=0.00s Sys=0.00s Real=0.00s
[2020-10-07T09:42:11.081+0000][38832][safepoint    ] Safepoint "G1Concurrent", Time since last: 5833200 ns, Reaching safepoint: 616700 ns, At safepoint: 483100 ns, Total: 1099800 ns
[2020-10-07T09:42:11.081+0000][38832][gc,marking   ] GC(3) Concurrent Cleanup for Next Mark
[2020-10-07T09:42:11.083+0000][38832][gc,marking   ] GC(3) Concurrent Cleanup for Next Mark 2.065ms
[2020-10-07T09:42:11.083+0000][38832][gc           ] GC(3) Concurrent Cycle 31.023ms
[2020-10-07T09:42:12.621+0000][38832][safepoint    ] Safepoint "Cleanup", Time since last: 1539494700 ns, Reaching safepoint: 204300 ns, At safepoint: 17800 ns, Total: 222100 ns
[2020-10-07T09:42:13.733+0000][38832][safepoint    ] Safepoint "Cleanup", Time since last: 1111479800 ns, Reaching safepoint: 699700 ns, At safepoint: 27300 ns, Total: 727000 ns
[2020-10-07T09:42:14.795+0000][38832][safepoint    ] Safepoint "ICBufferFull", Time since last: 1061990400 ns, Reaching safepoint: 271500 ns, At safepoint: 4800 ns, Total: 276300 ns
[2020-10-07T09:42:15.217+0000][38832][gc,start     ] GC(4) Pause Young (Normal) (G1 Evacuation Pause)
[2020-10-07T09:42:15.217+0000][38832][gc,task      ] GC(4) Using 8 workers of 8 for evacuation
[2020-10-07T09:42:15.217+0000][38832][gc,age       ] GC(4) Desired survivor size 40370176 bytes, new threshold 15 (max threshold 15)
[2020-10-07T09:42:15.237+0000][38832][gc,age       ] GC(4) Age table with threshold 15 (max threshold 15)
[2020-10-07T09:42:15.237+0000][38832][gc,age       ] GC(4) - age   1:   16103456 bytes,   16103456 total
[2020-10-07T09:42:15.237+0000][38832][gc,age       ] GC(4) - age   2:    5624240 bytes,   21727696 total
[2020-10-07T09:42:15.237+0000][38832][gc,age       ] GC(4) - age   3:    1037104 bytes,   22764800 total
[2020-10-07T09:42:15.237+0000][38832][gc,phases    ] GC(4)   Pre Evacuate Collection Set: 0.1ms
[2020-10-07T09:42:15.237+0000][38832][gc,phases    ] GC(4)   Merge Heap Roots: 0.1ms
[2020-10-07T09:42:15.237+0000][38832][gc,phases    ] GC(4)   Evacuate Collection Set: 16.2ms
[2020-10-07T09:42:15.237+0000][38832][gc,phases    ] GC(4)   Post Evacuate Collection Set: 2.4ms
[2020-10-07T09:42:15.238+0000][38832][gc,phases    ] GC(4)   Other: 0.7ms
[2020-10-07T09:42:15.238+0000][38832][gc,heap      ] GC(4) Eden regions: 607->0(591)
[2020-10-07T09:42:15.238+0000][38832][gc,heap      ] GC(4) Survivor regions: 7->23(77)
[2020-10-07T09:42:15.238+0000][38832][gc,heap      ] GC(4) Old regions: 5->5
[2020-10-07T09:42:15.238+0000][38832][gc,heap      ] GC(4) Archive regions: 0->0
[2020-10-07T09:42:15.238+0000][38832][gc,heap      ] GC(4) Humongous regions: 2->1
[2020-10-07T09:42:15.238+0000][38832][gc,metaspace ] GC(4) Metaspace: 28476K(30464K)->28476K(30464K) NonClass: 25003K(26368K)->25003K(26368K) Class: 3473K(4096K)->3473K(4096K)
[2020-10-07T09:42:15.238+0000][38832][gc           ] GC(4) Pause Young (Normal) (G1 Evacuation Pause) 620M->28M(1024M) 20.350ms
[2020-10-07T09:42:15.238+0000][38832][gc,cpu       ] GC(4) User=0.13s Sys=0.00s Real=0.02s
[2020-10-07T09:42:15.242+0000][38832][safepoint    ] Safepoint "G1CollectForAllocation", Time since last: 422376700 ns, Reaching safepoint: 97100 ns, At safepoint: 24370300 ns, Total: 24467400 ns
[2020-10-07T09:42:15.251+0000][38832][safepoint    ] Safepoint "BulkRevokeBias", Time since last: 4987500 ns, Reaching safepoint: 2568800 ns, At safepoint: 967100 ns, Total: 3535900 ns
[2020-10-07T09:42:15.251+0000][38832][safepoint    ] Safepoint "BulkRevokeBias", Time since last: 491400 ns, Reaching safepoint: 76000 ns, At safepoint: 83800 ns, Total: 159800 ns
[2020-10-07T09:42:16.252+0000][38832][safepoint    ] Safepoint "Cleanup", Time since last: 1000179300 ns, Reaching safepoint: 188900 ns, At safepoint: 18900 ns, Total: 207800 ns
[2020-10-07T09:42:17.253+0000][38832][safepoint    ] Safepoint "Cleanup", Time since last: 1000296900 ns, Reaching safepoint: 908700 ns, At safepoint: 36400 ns, Total: 945100 ns
[2020-10-07T09:42:17.342+0000][38832][gc,start     ] GC(5) Pause Young (Concurrent Start) (Metadata GC Threshold)
[2020-10-07T09:42:17.342+0000][38832][gc,task      ] GC(5) Using 8 workers of 8 for evacuation
[2020-10-07T09:42:17.342+0000][38832][gc,age       ] GC(5) Desired survivor size 40370176 bytes, new threshold 15 (max threshold 15)
[2020-10-07T09:42:17.377+0000][38832][gc,age       ] GC(5) Age table with threshold 15 (max threshold 15)
[2020-10-07T09:42:17.378+0000][38832][gc,age       ] GC(5) - age   1:   23877904 bytes,   23877904 total
[2020-10-07T09:42:17.378+0000][38832][gc,age       ] GC(5) - age   2:   15982224 bytes,   39860128 total
[2020-10-07T09:42:17.378+0000][38832][gc,age       ] GC(5) - age   3:    5591472 bytes,   45451600 total
[2020-10-07T09:42:17.378+0000][38832][gc,age       ] GC(5) - age   4:    1036176 bytes,   46487776 total
[2020-10-07T09:42:17.378+0000][38832][gc,phases    ] GC(5)   Pre Evacuate Collection Set: 0.2ms
[2020-10-07T09:42:17.378+0000][38832][gc,phases    ] GC(5)   Merge Heap Roots: 0.1ms
[2020-10-07T09:42:17.378+0000][38832][gc,phases    ] GC(5)   Evacuate Collection Set: 33.9ms
[2020-10-07T09:42:17.378+0000][38832][gc,phases    ] GC(5)   Post Evacuate Collection Set: 1.4ms
[2020-10-07T09:42:17.378+0000][38832][gc,phases    ] GC(5)   Other: 0.7ms
[2020-10-07T09:42:17.378+0000][38832][gc,heap      ] GC(5) Eden regions: 157->0(382)
[2020-10-07T09:42:17.378+0000][38832][gc,heap      ] GC(5) Survivor regions: 23->46(77)
[2020-10-07T09:42:17.378+0000][38832][gc,heap      ] GC(5) Old regions: 5->5
[2020-10-07T09:42:17.378+0000][38832][gc,heap      ] GC(5) Archive regions: 0->0
[2020-10-07T09:42:17.378+0000][38832][gc,heap      ] GC(5) Humongous regions: 1->1
[2020-10-07T09:42:17.378+0000][38832][gc,metaspace ] GC(5) Metaspace: 33519K(35840K)->33519K(35840K) NonClass: 29253K(30720K)->29253K(30720K) Class: 4266K(5120K)->4266K(5120K)
[2020-10-07T09:42:17.378+0000][38832][gc           ] GC(5) Pause Young (Concurrent Start) (Metadata GC Threshold) 185M->51M(1024M) 36.830ms
[2020-10-07T09:42:17.378+0000][38832][gc,cpu       ] GC(5) User=0.23s Sys=0.00s Real=0.04s
[2020-10-07T09:42:17.379+0000][38832][gc           ] GC(6) Concurrent Cycle
[2020-10-07T09:42:17.379+0000][38832][gc,marking   ] GC(6) Concurrent Clear Claimed Marks
[2020-10-07T09:42:17.379+0000][38832][gc,marking   ] GC(6) Concurrent Clear Claimed Marks 0.133ms
[2020-10-07T09:42:17.379+0000][38832][gc,marking   ] GC(6) Concurrent Scan Root Regions
[2020-10-07T09:42:17.379+0000][38832][safepoint    ] Safepoint "CollectForMetadataAllocation", Time since last: 88871500 ns, Reaching safepoint: 75400 ns, At safepoint: 37941300 ns, Total: 38016700 ns
[2020-10-07T09:42:17.410+0000][38832][gc,marking   ] GC(6) Concurrent Scan Root Regions 30.909ms
[2020-10-07T09:42:17.410+0000][38832][gc,marking   ] GC(6) Concurrent Mark (12.616s)
[2020-10-07T09:42:17.410+0000][38832][gc,marking   ] GC(6) Concurrent Mark From Roots
[2020-10-07T09:42:17.410+0000][38832][gc,task      ] GC(6) Using 2 workers of 2 for marking
[2020-10-07T09:42:17.420+0000][38832][gc,marking   ] GC(6) Concurrent Mark From Roots 10.141ms
[2020-10-07T09:42:17.420+0000][38832][gc,marking   ] GC(6) Concurrent Preclean
[2020-10-07T09:42:17.420+0000][38832][gc,marking   ] GC(6) Concurrent Preclean 0.411ms
[2020-10-07T09:42:17.420+0000][38832][gc,marking   ] GC(6) Concurrent Mark (12.616s, 12.627s) 10.741ms
[2020-10-07T09:42:17.421+0000][38832][gc,start     ] GC(6) Pause Remark
[2020-10-07T09:42:17.423+0000][38832][gc           ] GC(6) Pause Remark 54M->54M(1024M) 2.550ms
[2020-10-07T09:42:17.423+0000][38832][gc,cpu       ] GC(6) User=0.00s Sys=0.00s Real=0.00s
[2020-10-07T09:42:17.424+0000][38832][safepoint    ] Safepoint "G1Concurrent", Time since last: 41207400 ns, Reaching safepoint: 202200 ns, At safepoint: 2761800 ns, Total: 2964000 ns
[2020-10-07T09:42:17.424+0000][38832][gc,marking   ] GC(6) Concurrent Rebuild Remembered Sets
[2020-10-07T09:42:17.429+0000][38832][gc,marking   ] GC(6) Concurrent Rebuild Remembered Sets 5.018ms
[2020-10-07T09:42:17.429+0000][38832][gc,start     ] GC(6) Pause Cleanup
[2020-10-07T09:42:17.430+0000][38832][gc           ] GC(6) Pause Cleanup 55M->55M(1024M) 0.300ms
[2020-10-07T09:42:17.430+0000][38832][gc,cpu       ] GC(6) User=0.00s Sys=0.00s Real=0.00s
[2020-10-07T09:42:17.432+0000][38832][safepoint    ] Safepoint "G1Concurrent", Time since last: 5227200 ns, Reaching safepoint: 521700 ns, At safepoint: 2497800 ns, Total: 3019500 ns
[2020-10-07T09:42:17.432+0000][38832][gc,marking   ] GC(6) Concurrent Cleanup for Next Mark
[2020-10-07T09:42:17.434+0000][38832][gc,marking   ] GC(6) Concurrent Cleanup for Next Mark 1.917ms
[2020-10-07T09:42:17.434+0000][38832][gc           ] GC(6) Concurrent Cycle 55.494ms
[2020-10-07T09:42:19.196+0000][38832][safepoint    ] Safepoint "Cleanup", Time since last: 1760212400 ns, Reaching safepoint: 224800 ns, At safepoint: 3516900 ns, Total: 3741700 ns
[2020-10-07T09:42:20.370+0000][38832][safepoint    ] Safepoint "ICBufferFull", Time since last: 1174288500 ns, Reaching safepoint: 239500 ns, At safepoint: 6500 ns, Total: 246000 ns
[2020-10-07T09:42:21.372+0000][38832][safepoint    ] Safepoint "Cleanup", Time since last: 1000796600 ns, Reaching safepoint: 282500 ns, At safepoint: 627500 ns, Total: 910000 ns
[2020-10-07T09:42:21.684+0000][38832][safepoint    ] Safepoint "BulkRevokeBias", Time since last: 307876700 ns, Reaching safepoint: 3399500 ns, At safepoint: 249100 ns, Total: 3648600 ns
[2020-10-07T09:42:21.882+0000][38832][safepoint    ] Safepoint "BulkRevokeBias", Time since last: 197653000 ns, Reaching safepoint: 92800 ns, At safepoint: 171600 ns, Total: 264400 ns
[2020-10-07T09:42:21.888+0000][38832][safepoint    ] Safepoint "BulkRevokeBias", Time since last: 5776700 ns, Reaching safepoint: 83300 ns, At safepoint: 192500 ns, Total: 275800 ns
[2020-10-07T09:42:23.149+0000][38832][safepoint    ] Safepoint "ICBufferFull", Time since last: 1261117900 ns, Reaching safepoint: 390200 ns, At safepoint: 29100 ns, Total: 419300 ns
[2020-10-07T09:42:23.219+0000][38832][gc,start     ] GC(7) Pause Young (Concurrent Start) (Metadata GC Threshold)
[2020-10-07T09:42:23.219+0000][38832][gc,task      ] GC(7) Using 8 workers of 8 for evacuation
[2020-10-07T09:42:23.219+0000][38832][gc,age       ] GC(7) Desired survivor size 34603008 bytes, new threshold 2 (max threshold 15)
[2020-10-07T09:42:23.266+0000][38832][gc,age       ] GC(7) Age table with threshold 2 (max threshold 15)
[2020-10-07T09:42:23.266+0000][38832][gc,age       ] GC(7) - age   1:    8772040 bytes,    8772040 total
[2020-10-07T09:42:23.266+0000][38832][gc,age       ] GC(7) - age   2:   23672464 bytes,   32444504 total
[2020-10-07T09:42:23.266+0000][38832][gc,phases    ] GC(7)   Pre Evacuate Collection Set: 0.4ms
[2020-10-07T09:42:23.266+0000][38832][gc,phases    ] GC(7)   Merge Heap Roots: 0.1ms
[2020-10-07T09:42:23.266+0000][38832][gc,phases    ] GC(7)   Evacuate Collection Set: 43.7ms
[2020-10-07T09:42:23.266+0000][38832][gc,phases    ] GC(7)   Post Evacuate Collection Set: 2.0ms
[2020-10-07T09:42:23.266+0000][38832][gc,phases    ] GC(7)   Other: 0.7ms
[2020-10-07T09:42:23.266+0000][38832][gc,heap      ] GC(7) Eden regions: 247->0(387)
[2020-10-07T09:42:23.266+0000][38832][gc,heap      ] GC(7) Survivor regions: 46->33(66)
[2020-10-07T09:42:23.266+0000][38832][gc,heap      ] GC(7) Old regions: 5->27
[2020-10-07T09:42:23.267+0000][38832][gc,heap      ] GC(7) Archive regions: 0->0
[2020-10-07T09:42:23.267+0000][38832][gc,heap      ] GC(7) Humongous regions: 1->1
[2020-10-07T09:42:23.267+0000][38832][gc,metaspace ] GC(7) Metaspace: 56005K(60160K)->56005K(60160K) NonClass: 48348K(50816K)->48348K(50816K) Class: 7657K(9344K)->7657K(9344K)
[2020-10-07T09:42:23.267+0000][38832][gc           ] GC(7) Pause Young (Concurrent Start) (Metadata GC Threshold) 298M->60M(1024M) 47.487ms
[2020-10-07T09:42:23.267+0000][38832][gc,cpu       ] GC(7) User=0.33s Sys=0.00s Real=0.05s
[2020-10-07T09:42:23.267+0000][38832][gc           ] GC(8) Concurrent Cycle
[2020-10-07T09:42:23.267+0000][38832][gc,marking   ] GC(8) Concurrent Clear Claimed Marks
[2020-10-07T09:42:23.267+0000][38832][safepoint    ] Safepoint "CollectForMetadataAllocation", Time since last: 70169000 ns, Reaching safepoint: 89800 ns, At safepoint: 47881900 ns, Total: 47971700 ns
[2020-10-07T09:42:23.267+0000][38832][gc,marking   ] GC(8) Concurrent Clear Claimed Marks 0.240ms
[2020-10-07T09:42:23.267+0000][38832][gc,marking   ] GC(8) Concurrent Scan Root Regions
[2020-10-07T09:42:23.303+0000][38832][safepoint    ] Safepoint "CollectForMetadataAllocation", Time since last: 35682400 ns, Reaching safepoint: 71200 ns, At safepoint: 218800 ns, Total: 290000 ns
[2020-10-07T09:42:23.304+0000][38832][gc,marking   ] GC(8) Concurrent Scan Root Regions 37.082ms
[2020-10-07T09:42:23.304+0000][38832][gc,marking   ] GC(8) Concurrent Mark (18.511s)
[2020-10-07T09:42:23.304+0000][38832][gc,marking   ] GC(8) Concurrent Mark From Roots
[2020-10-07T09:42:23.305+0000][38832][gc,task      ] GC(8) Using 2 workers of 2 for marking
[2020-10-07T09:42:23.314+0000][38832][gc,marking   ] GC(8) Concurrent Mark From Roots 9.672ms
[2020-10-07T09:42:23.314+0000][38832][gc,marking   ] GC(8) Concurrent Preclean
[2020-10-07T09:42:23.315+0000][38832][gc,marking   ] GC(8) Concurrent Preclean 0.422ms
[2020-10-07T09:42:23.315+0000][38832][gc,marking   ] GC(8) Concurrent Mark (18.511s, 18.521s) 10.298ms
[2020-10-07T09:42:23.315+0000][38832][gc,start     ] GC(8) Pause Remark
[2020-10-07T09:42:23.318+0000][38832][gc           ] GC(8) Pause Remark 63M->63M(1024M) 3.007ms
[2020-10-07T09:42:23.318+0000][38832][gc,cpu       ] GC(8) User=0.11s Sys=0.00s Real=0.00s
[2020-10-07T09:42:23.318+0000][38832][safepoint    ] Safepoint "G1Concurrent", Time since last: 11731800 ns, Reaching safepoint: 193900 ns, At safepoint: 3227800 ns, Total: 3421700 ns
[2020-10-07T09:42:23.318+0000][38832][gc,marking   ] GC(8) Concurrent Rebuild Remembered Sets
[2020-10-07T09:42:23.339+0000][38832][gc,marking   ] GC(8) Concurrent Rebuild Remembered Sets 20.826ms
[2020-10-07T09:42:23.340+0000][38832][gc,start     ] GC(8) Pause Cleanup
[2020-10-07T09:42:23.340+0000][38832][gc           ] GC(8) Pause Cleanup 64M->64M(1024M) 0.200ms
[2020-10-07T09:42:23.340+0000][38832][gc,cpu       ] GC(8) User=0.00s Sys=0.00s Real=0.00s
[2020-10-07T09:42:23.340+0000][38832][safepoint    ] Safepoint "G1Concurrent", Time since last: 21024500 ns, Reaching safepoint: 811700 ns, At safepoint: 328200 ns, Total: 1139900 ns
[2020-10-07T09:42:23.340+0000][38832][gc,marking   ] GC(8) Concurrent Cleanup for Next Mark
[2020-10-07T09:42:23.342+0000][38832][gc,marking   ] GC(8) Concurrent Cleanup for Next Mark 1.786ms
[2020-10-07T09:42:23.342+0000][38832][gc           ] GC(8) Concurrent Cycle 75.494ms
[2020-10-07T09:42:24.456+0000][38832][safepoint    ] Safepoint "ICBufferFull", Time since last: 1114311100 ns, Reaching safepoint: 1005900 ns, At safepoint: 387400 ns, Total: 1393300 ns
[2020-10-07T09:42:25.419+0000][38832][safepoint    ] Safepoint "BulkRevokeBias", Time since last: 961484400 ns, Reaching safepoint: 199900 ns, At safepoint: 238700 ns, Total: 438600 ns
[2020-10-07T09:42:25.485+0000][38832][safepoint    ] Safepoint "BulkRevokeBias", Time since last: 65019600 ns, Reaching safepoint: 133200 ns, At safepoint: 1203400 ns, Total: 1336600 ns
[2020-10-07T09:42:27.444+0000][38832][safepoint    ] Safepoint "Cleanup", Time since last: 1958372900 ns, Reaching safepoint: 139000 ns, At safepoint: 28300 ns, Total: 167300 ns
[2020-10-07T09:42:28.451+0000][38832][safepoint    ] Safepoint "Cleanup", Time since last: 1006996300 ns, Reaching safepoint: 103300 ns, At safepoint: 4700 ns, Total: 108000 ns
[2020-10-07T09:42:28.603+0000][38832][safepoint    ] Safepoint "BulkRevokeBias", Time since last: 150405500 ns, Reaching safepoint: 508300 ns, At safepoint: 981400 ns, Total: 1489700 ns
[2020-10-07T09:42:28.604+0000][38832][safepoint    ] Safepoint "BulkRevokeBias", Time since last: 557400 ns, Reaching safepoint: 145600 ns, At safepoint: 1141000 ns, Total: 1286600 ns
[2020-10-07T09:42:28.606+0000][38832][safepoint    ] Safepoint "BulkRevokeBias", Time since last: 865700 ns, Reaching safepoint: 133100 ns, At safepoint: 909100 ns, Total: 1042200 ns
[2020-10-07T09:42:28.657+0000][38832][safepoint    ] Safepoint "BulkRevokeBias", Time since last: 49635400 ns, Reaching safepoint: 111300 ns, At safepoint: 1002400 ns, Total: 1113700 ns
[2020-10-07T09:42:28.825+0000][38832][safepoint    ] Safepoint "BulkRevokeBias", Time since last: 167326100 ns, Reaching safepoint: 129000 ns, At safepoint: 832900 ns, Total: 961900 ns
[2020-10-07T09:42:28.944+0000][38832][safepoint    ] Safepoint "BulkRevokeBias", Time since last: 117406000 ns, Reaching safepoint: 144700 ns, At safepoint: 743700 ns, Total: 888400 ns
[2020-10-07T09:42:29.110+0000][38832][safepoint    ] Safepoint "BulkRevokeBias", Time since last: 159603900 ns, Reaching safepoint: 319700 ns, At safepoint: 7296300 ns, Total: 7616000 ns
[2020-10-07T09:42:29.438+0000][38832][safepoint    ] Safepoint "ICBufferFull", Time since last: 327638300 ns, Reaching safepoint: 264000 ns, At safepoint: 27800 ns, Total: 291800 ns
[2020-10-07T09:42:29.596+0000][38832][safepoint    ] Safepoint "BulkRevokeBias", Time since last: 152547800 ns, Reaching safepoint: 224300 ns, At safepoint: 5049100 ns, Total: 5273400 ns
[2020-10-07T09:42:29.897+0000][38832][safepoint    ] Safepoint "BulkRevokeBias", Time since last: 299398900 ns, Reaching safepoint: 204300 ns, At safepoint: 1355400 ns, Total: 1559700 ns
[2020-10-07T09:42:30.335+0000][38832][safepoint    ] Safepoint "BulkRevokeBias", Time since last: 420249600 ns, Reaching safepoint: 230700 ns, At safepoint: 16356400 ns, Total: 16587100 ns
[2020-10-07T09:42:31.049+0000][38832][safepoint    ] Safepoint "ICBufferFull", Time since last: 709948900 ns, Reaching safepoint: 3439000 ns, At safepoint: 922400 ns, Total: 4361400 ns
[2020-10-07T09:42:31.538+0000][38832][safepoint    ] Safepoint "BulkRevokeBias", Time since last: 487103000 ns, Reaching safepoint: 772900 ns, At safepoint: 1418500 ns, Total: 2191400 ns
[2020-10-07T09:42:31.545+0000][38832][safepoint    ] Safepoint "BulkRevokeBias", Time since last: 4876900 ns, Reaching safepoint: 112900 ns, At safepoint: 1498100 ns, Total: 1611000 ns
[2020-10-07T09:42:31.552+0000][38832][safepoint    ] Safepoint "BulkRevokeBias", Time since last: 5509600 ns, Reaching safepoint: 109400 ns, At safepoint: 1578100 ns, Total: 1687500 ns
[2020-10-07T09:42:31.802+0000][38832][safepoint    ] Safepoint "BulkRevokeBias", Time since last: 249560900 ns, Reaching safepoint: 133100 ns, At safepoint: 1195200 ns, Total: 1328300 ns
[2020-10-07T09:42:31.804+0000][38832][safepoint    ] Safepoint "BulkRevokeBias", Time since last: 240300 ns, Reaching safepoint: 168400 ns, At safepoint: 1416400 ns, Total: 1584800 ns
[2020-10-07T09:42:33.329+0000][38832][safepoint    ] Safepoint "Cleanup", Time since last: 1524464700 ns, Reaching safepoint: 126400 ns, At safepoint: 24600 ns, Total: 151000 ns
[2020-10-07T09:42:33.880+0000][38832][safepoint    ] Safepoint "BulkRevokeBias", Time since last: 550035000 ns, Reaching safepoint: 93500 ns, At safepoint: 749000 ns, Total: 842500 ns
[2020-10-07T09:42:34.881+0000][38832][safepoint    ] Safepoint "Cleanup", Time since last: 1000787600 ns, Reaching safepoint: 110200 ns, At safepoint: 6500 ns, Total: 116700 ns
[2020-10-07T09:42:35.881+0000][38832][safepoint    ] Safepoint "Cleanup", Time since last: 1000406500 ns, Reaching safepoint: 101500 ns, At safepoint: 8500 ns, Total: 110000 ns
[2020-10-07T09:42:36.882+0000][38832][safepoint    ] Safepoint "Cleanup", Time since last: 1000664100 ns, Reaching safepoint: 95300 ns, At safepoint: 5900 ns, Total: 101200 ns
[2020-10-07T09:42:37.883+0000][38832][safepoint    ] Safepoint "Cleanup", Time since last: 1000265900 ns, Reaching safepoint: 136900 ns, At safepoint: 6200 ns, Total: 143100 ns
[2020-10-07T09:42:38.883+0000][38832][safepoint    ] Safepoint "Cleanup", Time since last: 1000484800 ns, Reaching safepoint: 102100 ns, At safepoint: 4100 ns, Total: 106200 ns
[2020-10-07T09:42:39.883+0000][38832][safepoint    ] Safepoint "Cleanup", Time since last: 1000055600 ns, Reaching safepoint: 155700 ns, At safepoint: 6800 ns, Total: 162500 ns
[2020-10-07T09:42:40.884+0000][38832][safepoint    ] Safepoint "Cleanup", Time since last: 1000719500 ns, Reaching safepoint: 106400 ns, At safepoint: 4500 ns, Total: 110900 ns
[2020-10-07T09:42:41.885+0000][38832][safepoint    ] Safepoint "Cleanup", Time since last: 1000761000 ns, Reaching safepoint: 123200 ns, At safepoint: 8000 ns, Total: 131200 ns
[2020-10-07T09:42:43.886+0000][38832][safepoint    ] Safepoint "Cleanup", Time since last: 2000582000 ns, Reaching safepoint: 158900 ns, At safepoint: 35900 ns, Total: 194800 ns
[2020-10-07T09:42:44.887+0000][38832][safepoint    ] Safepoint "Cleanup", Time since last: 1000737600 ns, Reaching safepoint: 102200 ns, At safepoint: 7500 ns, Total: 109700 ns
[2020-10-07T09:42:45.887+0000][38832][safepoint    ] Safepoint "Cleanup", Time since last: 1000131600 ns, Reaching safepoint: 103800 ns, At safepoint: 8400 ns, Total: 112200 ns
[2020-10-07T09:42:46.888+0000][38832][safepoint    ] Safepoint "Cleanup", Time since last: 1000846800 ns, Reaching safepoint: 211900 ns, At safepoint: 10500 ns, Total: 222400 ns
[2020-10-07T09:42:47.888+0000][38832][safepoint    ] Safepoint "Cleanup", Time since last: 1000047300 ns, Reaching safepoint: 110600 ns, At safepoint: 9200 ns, Total: 119800 ns
[2020-10-07T09:42:48.889+0000][38832][safepoint    ] Safepoint "Cleanup", Time since last: 1000625800 ns, Reaching safepoint: 114800 ns, At safepoint: 9900 ns, Total: 124700 ns
[2020-10-07T09:42:49.890+0000][38832][safepoint    ] Safepoint "Cleanup", Time since last: 1000521600 ns, Reaching safepoint: 88200 ns, At safepoint: 4100 ns, Total: 92300 ns
[2020-10-07T09:42:50.890+0000][38832][safepoint    ] Safepoint "Cleanup", Time since last: 1000112100 ns, Reaching safepoint: 90700 ns, At safepoint: 5000 ns, Total: 95700 ns
[2020-10-07T09:42:51.015+0000][38832][safepoint    ] Safepoint "BulkRevokeBias", Time since last: 123795500 ns, Reaching safepoint: 98400 ns, At safepoint: 1962200 ns, Total: 2060600 ns
[2020-10-07T09:42:51.209+0000][38832][safepoint    ] Safepoint "BulkRevokeBias", Time since last: 192422400 ns, Reaching safepoint: 122800 ns, At safepoint: 1015600 ns, Total: 1138400 ns
[2020-10-07T09:42:51.221+0000][38832][safepoint    ] Safepoint "BulkRevokeBias", Time since last: 10434200 ns, Reaching safepoint: 292600 ns, At safepoint: 1254400 ns, Total: 1547000 ns
[2020-10-07T09:42:51.381+0000][38832][safepoint    ] Safepoint "BulkRevokeBias", Time since last: 158980200 ns, Reaching safepoint: 105600 ns, At safepoint: 1183500 ns, Total: 1289100 ns
[2020-10-07T09:42:51.383+0000][38832][safepoint    ] Safepoint "BulkRevokeBias", Time since last: 497900 ns, Reaching safepoint: 135800 ns, At safepoint: 1044000 ns, Total: 1179800 ns
[2020-10-07T09:42:51.384+0000][38832][safepoint    ] Safepoint "BulkRevokeBias", Time since last: 308000 ns, Reaching safepoint: 105300 ns, At safepoint: 1332800 ns, Total: 1438100 ns
[2020-10-07T09:42:51.386+0000][38832][safepoint    ] Safepoint "BulkRevokeBias", Time since last: 249700 ns, Reaching safepoint: 120300 ns, At safepoint: 1711000 ns, Total: 1831300 ns
[2020-10-07T09:42:51.388+0000][38832][safepoint    ] Safepoint "BulkRevokeBias", Time since last: 211100 ns, Reaching safepoint: 101500 ns, At safepoint: 1418800 ns, Total: 1520300 ns
[2020-10-07T09:42:51.391+0000][38832][safepoint    ] Safepoint "BulkRevokeBias", Time since last: 774900 ns, Reaching safepoint: 124500 ns, At safepoint: 1484800 ns, Total: 1609300 ns
[2020-10-07T09:42:51.392+0000][38832][safepoint    ] Safepoint "BulkRevokeBias", Time since last: 270700 ns, Reaching safepoint: 97100 ns, At safepoint: 1223400 ns, Total: 1320500 ns
[2020-10-07T09:42:51.393+0000][38832][safepoint    ] Safepoint "BulkRevokeBias", Time since last: 202500 ns, Reaching safepoint: 79800 ns, At safepoint: 1022600 ns, Total: 1102400 ns
[2020-10-07T09:42:51.395+0000][38832][safepoint    ] Safepoint "BulkRevokeBias", Time since last: 165100 ns, Reaching safepoint: 102800 ns, At safepoint: 1201100 ns, Total: 1303900 ns
[2020-10-07T09:42:51.437+0000][38832][safepoint    ] Safepoint "BulkRevokeBias", Time since last: 40765100 ns, Reaching safepoint: 100700 ns, At safepoint: 1098400 ns, Total: 1199100 ns
[2020-10-07T09:42:52.414+0000][38832][safepoint    ] Safepoint "BulkRevokeBias", Time since last: 975691100 ns, Reaching safepoint: 196100 ns, At safepoint: 1318900 ns, Total: 1515000 ns
[2020-10-07T09:42:52.841+0000][38832][safepoint    ] Safepoint "BulkRevokeBias", Time since last: 425843200 ns, Reaching safepoint: 206200 ns, At safepoint: 1053300 ns, Total: 1259500 ns
[2020-10-07T09:42:53.482+0000][38832][safepoint    ] Safepoint "BulkRevokeBias", Time since last: 639756600 ns, Reaching safepoint: 108300 ns, At safepoint: 1416100 ns, Total: 1524400 ns
[2020-10-07T09:42:53.978+0000][38832][gc,start     ] GC(9) Pause Young (Concurrent Start) (G1 Evacuation Pause)
[2020-10-07T09:42:53.978+0000][38832][gc,task      ] GC(9) Using 8 workers of 8 for evacuation
[2020-10-07T09:42:53.978+0000][38832][gc,age       ] GC(9) Desired survivor size 32505856 bytes, new threshold 15 (max threshold 15)
[2020-10-07T09:42:54.014+0000][38832][gc,age       ] GC(9) Age table with threshold 15 (max threshold 15)
[2020-10-07T09:42:54.014+0000][38832][gc,age       ] GC(9) - age   1:   10980376 bytes,   10980376 total
[2020-10-07T09:42:54.014+0000][38832][gc,age       ] GC(9) - age   2:    8234376 bytes,   19214752 total
[2020-10-07T09:42:54.014+0000][38832][gc,age       ] GC(9) - age   3:   23621224 bytes,   42835976 total
[2020-10-07T09:42:54.014+0000][38832][gc,phases    ] GC(9)   Pre Evacuate Collection Set: 0.5ms
[2020-10-07T09:42:54.014+0000][38832][gc,phases    ] GC(9)   Merge Heap Roots: 0.1ms
[2020-10-07T09:42:54.014+0000][38832][gc,phases    ] GC(9)   Evacuate Collection Set: 32.6ms
[2020-10-07T09:42:54.014+0000][38832][gc,phases    ] GC(9)   Post Evacuate Collection Set: 2.2ms
[2020-10-07T09:42:54.014+0000][38832][gc,phases    ] GC(9)   Other: 0.8ms
[2020-10-07T09:42:54.014+0000][38832][gc,heap      ] GC(9) Eden regions: 462->0(502)
[2020-10-07T09:42:54.014+0000][38832][gc,heap      ] GC(9) Survivor regions: 33->43(62)
[2020-10-07T09:42:54.015+0000][38832][gc,heap      ] GC(9) Old regions: 27->27
[2020-10-07T09:42:54.015+0000][38832][gc,heap      ] GC(9) Archive regions: 0->0
[2020-10-07T09:42:54.015+0000][38832][gc,heap      ] GC(9) Humongous regions: 120->120
[2020-10-07T09:42:54.015+0000][38832][gc,metaspace ] GC(9) Metaspace: 76388K(81920K)->76388K(81920K) NonClass: 66083K(69376K)->66083K(69376K) Class: 10304K(12544K)->10304K(12544K)
[2020-10-07T09:42:54.015+0000][38832][gc           ] GC(9) Pause Young (Concurrent Start) (G1 Evacuation Pause) 641M->189M(1024M) 36.998ms
[2020-10-07T09:42:54.015+0000][38832][gc,cpu       ] GC(9) User=0.22s Sys=0.00s Real=0.04s
[2020-10-07T09:42:54.015+0000][38832][gc           ] GC(10) Concurrent Cycle
[2020-10-07T09:42:54.015+0000][38832][gc,marking   ] GC(10) Concurrent Clear Claimed Marks
[2020-10-07T09:42:54.015+0000][38832][safepoint    ] Safepoint "G1CollectForAllocation", Time since last: 494781700 ns, Reaching safepoint: 172500 ns, At safepoint: 37602500 ns, Total: 37775000 ns
[2020-10-07T09:42:54.016+0000][38832][gc,marking   ] GC(10) Concurrent Clear Claimed Marks 0.405ms
[2020-10-07T09:42:54.016+0000][38832][gc,marking   ] GC(10) Concurrent Scan Root Regions
[2020-10-07T09:42:54.055+0000][38832][gc,marking   ] GC(10) Concurrent Scan Root Regions 39.059ms
[2020-10-07T09:42:54.055+0000][38832][gc,marking   ] GC(10) Concurrent Mark (49.261s)
[2020-10-07T09:42:54.055+0000][38832][gc,marking   ] GC(10) Concurrent Mark From Roots
[2020-10-07T09:42:54.055+0000][38832][gc,task      ] GC(10) Using 2 workers of 2 for marking
[2020-10-07T09:42:54.120+0000][38832][gc,marking   ] GC(10) Concurrent Mark From Roots 64.909ms
[2020-10-07T09:42:54.120+0000][38832][gc,marking   ] GC(10) Concurrent Preclean
[2020-10-07T09:42:54.120+0000][38832][gc,marking   ] GC(10) Concurrent Preclean 0.552ms
[2020-10-07T09:42:54.120+0000][38832][gc,marking   ] GC(10) Concurrent Mark (49.261s, 49.326s) 65.659ms
[2020-10-07T09:42:54.124+0000][38832][gc,start     ] GC(10) Pause Remark
[2020-10-07T09:42:54.127+0000][38832][gc           ] GC(10) Pause Remark 202M->202M(1024M) 3.688ms
[2020-10-07T09:42:54.128+0000][38832][gc,cpu       ] GC(10) User=0.00s Sys=0.00s Real=0.00s
[2020-10-07T09:42:54.128+0000][38832][safepoint    ] Safepoint "G1Concurrent", Time since last: 105107300 ns, Reaching safepoint: 3099100 ns, At safepoint: 4129500 ns, Total: 7228600 ns
[2020-10-07T09:42:54.128+0000][38832][gc,marking   ] GC(10) Concurrent Rebuild Remembered Sets
[2020-10-07T09:42:54.162+0000][38832][gc,marking   ] GC(10) Concurrent Rebuild Remembered Sets 34.507ms
[2020-10-07T09:42:54.170+0000][38832][gc,start     ] GC(10) Pause Cleanup
[2020-10-07T09:42:54.171+0000][38832][gc           ] GC(10) Pause Cleanup 202M->202M(1024M) 0.414ms
[2020-10-07T09:42:54.171+0000][38832][gc,cpu       ] GC(10) User=0.00s Sys=0.00s Real=0.00s
[2020-10-07T09:42:54.171+0000][38832][safepoint    ] Safepoint "G1Concurrent", Time since last: 34750300 ns, Reaching safepoint: 7683400 ns, At safepoint: 985400 ns, Total: 8668800 ns
[2020-10-07T09:42:54.171+0000][38832][gc,marking   ] GC(10) Concurrent Cleanup for Next Mark
[2020-10-07T09:42:54.173+0000][38832][gc,marking   ] GC(10) Concurrent Cleanup for Next Mark 1.919ms
[2020-10-07T09:42:54.173+0000][38832][gc           ] GC(10) Concurrent Cycle 158.261ms
[2020-10-07T09:42:54.544+0000][38832][safepoint    ] Safepoint "BulkRevokeBias", Time since last: 370929500 ns, Reaching safepoint: 214700 ns, At safepoint: 1672000 ns, Total: 1886700 ns
[2020-10-07T09:42:54.786+0000][38832][safepoint    ] Safepoint "BulkRevokeBias", Time since last: 239761600 ns, Reaching safepoint: 200600 ns, At safepoint: 1871700 ns, Total: 2072300 ns
[2020-10-07T09:42:55.048+0000][38832][safepoint    ] Safepoint "BulkRevokeBias", Time since last: 260283300 ns, Reaching safepoint: 223900 ns, At safepoint: 1740600 ns, Total: 1964500 ns
[2020-10-07T09:42:55.365+0000][38832][safepoint    ] Safepoint "BulkRevokeBias", Time since last: 314835800 ns, Reaching safepoint: 325300 ns, At safepoint: 1651800 ns, Total: 1977100 ns
[2020-10-07T09:42:55.464+0000][38832][safepoint    ] Safepoint "BulkRevokeBias", Time since last: 95078800 ns, Reaching safepoint: 218200 ns, At safepoint: 3504200 ns, Total: 3722400 ns
[2020-10-07T09:42:55.740+0000][38832][safepoint    ] Safepoint "ICBufferFull", Time since last: 265935300 ns, Reaching safepoint: 5138500 ns, At safepoint: 4862400 ns, Total: 10000900 ns
[2020-10-07T09:42:56.552+0000][38832][safepoint    ] Safepoint "ICBufferFull", Time since last: 812404900 ns, Reaching safepoint: 316100 ns, At safepoint: 67900 ns, Total: 384000 ns
[2020-10-07T09:42:57.624+0000][38832][safepoint    ] Safepoint "Cleanup", Time since last: 1071003700 ns, Reaching safepoint: 481400 ns, At safepoint: 37400 ns, Total: 518800 ns
[2020-10-07T09:42:58.024+0000][38832][safepoint    ] Safepoint "BulkRevokeBias", Time since last: 397657500 ns, Reaching safepoint: 175200 ns, At safepoint: 1976200 ns, Total: 2151400 ns
[2020-10-07T09:42:58.342+0000][38832][gc,start     ] GC(11) Pause Young (Concurrent Start) (G1 Humongous Allocation)
[2020-10-07T09:42:58.343+0000][38832][gc,task      ] GC(11) Using 8 workers of 8 for evacuation
[2020-10-07T09:42:58.343+0000][38832][gc,age       ] GC(11) Desired survivor size 36700160 bytes, new threshold 3 (max threshold 15)
[2020-10-07T09:42:58.380+0000][38832][gc,age       ] GC(11) Age table with threshold 3 (max threshold 15)
[2020-10-07T09:42:58.380+0000][38832][gc,age       ] GC(11) - age   1:    5097792 bytes,    5097792 total
[2020-10-07T09:42:58.380+0000][38832][gc,age       ] GC(11) - age   2:   10744336 bytes,   15842128 total
[2020-10-07T09:42:58.380+0000][38832][gc,age       ] GC(11) - age   3:    8213864 bytes,   24055992 total
[2020-10-07T09:42:58.380+0000][38832][gc,phases    ] GC(11)   Pre Evacuate Collection Set: 0.5ms
[2020-10-07T09:42:58.380+0000][38832][gc,phases    ] GC(11)   Merge Heap Roots: 0.1ms
[2020-10-07T09:42:58.380+0000][38832][gc,phases    ] GC(11)   Evacuate Collection Set: 34.1ms
[2020-10-07T09:42:58.380+0000][38832][gc,phases    ] GC(11)   Post Evacuate Collection Set: 2.2ms
[2020-10-07T09:42:58.380+0000][38832][gc,phases    ] GC(11)   Other: 0.8ms
[2020-10-07T09:42:58.380+0000][38832][gc,heap      ] GC(11) Eden regions: 283->0(513)
[2020-10-07T09:42:58.380+0000][38832][gc,heap      ] GC(11) Survivor regions: 43->25(70)
[2020-10-07T09:42:58.380+0000][38832][gc,heap      ] GC(11) Old regions: 27->50
[2020-10-07T09:42:58.380+0000][38832][gc,heap      ] GC(11) Archive regions: 0->0
[2020-10-07T09:42:58.381+0000][38832][gc,heap      ] GC(11) Humongous regions: 280->124
[2020-10-07T09:42:58.381+0000][38832][gc,metaspace ] GC(11) Metaspace: 81133K(87040K)->81133K(87040K) NonClass: 70249K(73728K)->70249K(73728K) Class: 10884K(13312K)->10884K(13312K)
[2020-10-07T09:42:58.381+0000][38832][gc           ] GC(11) Pause Young (Concurrent Start) (G1 Humongous Allocation) 632M->198M(1024M) 38.306ms
[2020-10-07T09:42:58.381+0000][38832][gc,cpu       ] GC(11) User=0.17s Sys=0.02s Real=0.04s
[2020-10-07T09:42:58.381+0000][38832][gc           ] GC(12) Concurrent Cycle
[2020-10-07T09:42:58.381+0000][38832][safepoint    ] Safepoint "G1TryInitiateConcMark", Time since last: 318655200 ns, Reaching safepoint: 250100 ns, At safepoint: 38592800 ns, Total: 38842900 ns
[2020-10-07T09:42:58.381+0000][38832][gc,marking   ] GC(12) Concurrent Clear Claimed Marks
[2020-10-07T09:42:58.381+0000][38832][gc,marking   ] GC(12) Concurrent Clear Claimed Marks 0.483ms
[2020-10-07T09:42:58.381+0000][38832][gc,marking   ] GC(12) Concurrent Scan Root Regions
[2020-10-07T09:42:58.424+0000][38832][gc,marking   ] GC(12) Concurrent Scan Root Regions 42.107ms
[2020-10-07T09:42:58.424+0000][38832][gc,marking   ] GC(12) Concurrent Mark (53.630s)
[2020-10-07T09:42:58.424+0000][38832][gc,marking   ] GC(12) Concurrent Mark From Roots
[2020-10-07T09:42:58.424+0000][38832][gc,task      ] GC(12) Using 2 workers of 2 for marking
[2020-10-07T09:42:58.484+0000][38832][gc,marking   ] GC(12) Concurrent Mark From Roots 60.206ms
[2020-10-07T09:42:58.484+0000][38832][gc,marking   ] GC(12) Concurrent Preclean
[2020-10-07T09:42:58.487+0000][38832][safepoint    ] Safepoint "BulkRevokeBias", Time since last: 103561500 ns, Reaching safepoint: 272900 ns, At safepoint: 2187200 ns, Total: 2460100 ns
[2020-10-07T09:42:58.488+0000][38832][gc,marking   ] GC(12) Concurrent Preclean 3.186ms
[2020-10-07T09:42:58.488+0000][38832][gc,marking   ] GC(12) Concurrent Mark (53.630s, 53.693s) 63.638ms
[2020-10-07T09:42:58.488+0000][38832][gc,start     ] GC(12) Pause Remark
[2020-10-07T09:42:58.509+0000][38832][gc           ] GC(12) Pause Remark 241M->241M(1024M) 21.146ms
[2020-10-07T09:42:58.509+0000][38832][gc,cpu       ] GC(12) User=0.06s Sys=0.00s Real=0.02s
[2020-10-07T09:42:58.510+0000][38832][safepoint    ] Safepoint "G1Concurrent", Time since last: 447700 ns, Reaching safepoint: 155000 ns, At safepoint: 22087600 ns, Total: 22242600 ns
[2020-10-07T09:42:58.510+0000][38832][gc,marking   ] GC(12) Concurrent Rebuild Remembered Sets
[2020-10-07T09:42:58.575+0000][38832][gc,marking   ] GC(12) Concurrent Rebuild Remembered Sets 65.712ms
[2020-10-07T09:42:58.576+0000][38832][gc,start     ] GC(12) Pause Cleanup
[2020-10-07T09:42:58.577+0000][38832][gc           ] GC(12) Pause Cleanup 243M->243M(1024M) 0.366ms
[2020-10-07T09:42:58.577+0000][38832][gc,cpu       ] GC(12) User=0.00s Sys=0.00s Real=0.00s
[2020-10-07T09:42:58.577+0000][38832][safepoint    ] Safepoint "G1Concurrent", Time since last: 65940800 ns, Reaching safepoint: 692800 ns, At safepoint: 699300 ns, Total: 1392100 ns
[2020-10-07T09:42:58.577+0000][38832][gc,marking   ] GC(12) Concurrent Cleanup for Next Mark
[2020-10-07T09:42:58.579+0000][38832][gc,marking   ] GC(12) Concurrent Cleanup for Next Mark 1.906ms
[2020-10-07T09:42:58.579+0000][38832][gc           ] GC(12) Concurrent Cycle 198.250ms
[2020-10-07T09:42:58.805+0000][38832][safepoint    ] Safepoint "BulkRevokeBias", Time since last: 225269500 ns, Reaching safepoint: 183600 ns, At safepoint: 2295000 ns, Total: 2478600 ns
[2020-10-07T09:42:59.030+0000][38832][safepoint    ] Safepoint "BulkRevokeBias", Time since last: 221835600 ns, Reaching safepoint: 580700 ns, At safepoint: 2979700 ns, Total: 3560400 ns
[2020-10-07T09:42:59.058+0000][38832][safepoint    ] Safepoint "BulkRevokeBias", Time since last: 20172300 ns, Reaching safepoint: 193900 ns, At safepoint: 8092300 ns, Total: 8286200 ns
[2020-10-07T09:42:59.394+0000][38832][gc,start     ] GC(13) Pause Young (Concurrent Start) (G1 Humongous Allocation)
[2020-10-07T09:42:59.394+0000][38832][gc,task      ] GC(13) Using 8 workers of 8 for evacuation
[2020-10-07T09:42:59.394+0000][38832][gc,age       ] GC(13) Desired survivor size 35651584 bytes, new threshold 15 (max threshold 15)
[2020-10-07T09:42:59.417+0000][38832][gc,age       ] GC(13) Age table with threshold 15 (max threshold 15)
[2020-10-07T09:42:59.418+0000][38832][gc,age       ] GC(13) - age   1:    3379080 bytes,    3379080 total
[2020-10-07T09:42:59.418+0000][38832][gc,age       ] GC(13) - age   2:    2859336 bytes,    6238416 total
[2020-10-07T09:42:59.418+0000][38832][gc,age       ] GC(13) - age   3:   10741040 bytes,   16979456 total
[2020-10-07T09:42:59.418+0000][38832][gc,age       ] GC(13) - age   4:    8212712 bytes,   25192168 total
[2020-10-07T09:42:59.418+0000][38832][gc,phases    ] GC(13)   Pre Evacuate Collection Set: 0.6ms
[2020-10-07T09:42:59.418+0000][38832][gc,phases    ] GC(13)   Merge Heap Roots: 0.1ms
[2020-10-07T09:42:59.418+0000][38832][gc,phases    ] GC(13)   Evacuate Collection Set: 20.7ms
[2020-10-07T09:42:59.418+0000][38832][gc,phases    ] GC(13)   Post Evacuate Collection Set: 1.8ms
[2020-10-07T09:42:59.418+0000][38832][gc,phases    ] GC(13)   Other: 0.9ms
[2020-10-07T09:42:59.418+0000][38832][gc,heap      ] GC(13) Eden regions: 69->0(523)
[2020-10-07T09:42:59.418+0000][38832][gc,heap      ] GC(13) Survivor regions: 25->26(68)
[2020-10-07T09:42:59.418+0000][38832][gc,heap      ] GC(13) Old regions: 50->50
[2020-10-07T09:42:59.418+0000][38832][gc,heap      ] GC(13) Archive regions: 0->0
[2020-10-07T09:42:59.418+0000][38832][gc,heap      ] GC(13) Humongous regions: 257->123
[2020-10-07T09:42:59.418+0000][38832][gc,metaspace ] GC(13) Metaspace: 81572K(87552K)->81572K(87552K) NonClass: 70640K(74240K)->70640K(74240K) Class: 10931K(13312K)->10931K(13312K)
[2020-10-07T09:42:59.418+0000][38832][gc           ] GC(13) Pause Young (Concurrent Start) (G1 Humongous Allocation) 399M->198M(1024M) 24.620ms
[2020-10-07T09:42:59.419+0000][38832][gc,cpu       ] GC(13) User=0.20s Sys=0.00s Real=0.02s
[2020-10-07T09:42:59.419+0000][38832][gc           ] GC(14) Concurrent Cycle
[2020-10-07T09:42:59.419+0000][38832][safepoint    ] Safepoint "G1TryInitiateConcMark", Time since last: 335005000 ns, Reaching safepoint: 271500 ns, At safepoint: 24957800 ns, Total: 25229300 ns
[2020-10-07T09:42:59.419+0000][38832][gc,marking   ] GC(14) Concurrent Clear Claimed Marks
[2020-10-07T09:42:59.419+0000][38832][gc,marking   ] GC(14) Concurrent Clear Claimed Marks 0.442ms
[2020-10-07T09:42:59.419+0000][38832][gc,marking   ] GC(14) Concurrent Scan Root Regions
[2020-10-07T09:42:59.439+0000][38832][gc,marking   ] GC(14) Concurrent Scan Root Regions 19.501ms
[2020-10-07T09:42:59.439+0000][38832][gc,marking   ] GC(14) Concurrent Mark (54.645s)
[2020-10-07T09:42:59.439+0000][38832][gc,marking   ] GC(14) Concurrent Mark From Roots
[2020-10-07T09:42:59.439+0000][38832][gc,task      ] GC(14) Using 2 workers of 2 for marking
[2020-10-07T09:42:59.565+0000][38832][gc,marking   ] GC(14) Concurrent Mark From Roots 125.923ms
[2020-10-07T09:42:59.565+0000][38832][gc,marking   ] GC(14) Concurrent Preclean
[2020-10-07T09:42:59.566+0000][38832][gc,marking   ] GC(14) Concurrent Preclean 0.723ms
[2020-10-07T09:42:59.566+0000][38832][gc,marking   ] GC(14) Concurrent Mark (54.645s, 54.772s) 126.874ms
[2020-10-07T09:42:59.566+0000][38832][gc,start     ] GC(14) Pause Remark
[2020-10-07T09:42:59.570+0000][38832][gc           ] GC(14) Pause Remark 258M->258M(1024M) 3.856ms
[2020-10-07T09:42:59.570+0000][38832][gc,cpu       ] GC(14) User=0.11s Sys=0.00s Real=0.00s
[2020-10-07T09:42:59.570+0000][38832][safepoint    ] Safepoint "G1Concurrent", Time since last: 147134500 ns, Reaching safepoint: 216400 ns, At safepoint: 4150200 ns, Total: 4366600 ns
[2020-10-07T09:42:59.570+0000][38832][gc,marking   ] GC(14) Concurrent Rebuild Remembered Sets
[2020-10-07T09:42:59.636+0000][38832][gc,marking   ] GC(14) Concurrent Rebuild Remembered Sets 66.049ms
[2020-10-07T09:42:59.638+0000][38832][gc,start     ] GC(14) Pause Cleanup
[2020-10-07T09:42:59.638+0000][38832][gc           ] GC(14) Pause Cleanup 261M->261M(1024M) 0.283ms
[2020-10-07T09:42:59.638+0000][38832][gc,cpu       ] GC(14) User=0.00s Sys=0.00s Real=0.00s
[2020-10-07T09:42:59.638+0000][38832][safepoint    ] Safepoint "G1Concurrent", Time since last: 66249700 ns, Reaching safepoint: 523600 ns, At safepoint: 478200 ns, Total: 1001800 ns
[2020-10-07T09:42:59.638+0000][38832][gc,marking   ] GC(14) Concurrent Cleanup for Next Mark
[2020-10-07T09:42:59.639+0000][38832][gc,marking   ] GC(14) Concurrent Cleanup for Next Mark 1.715ms
[2020-10-07T09:42:59.639+0000][38832][gc           ] GC(14) Concurrent Cycle 220.724ms
[2020-10-07T09:43:00.758+0000][38832][safepoint    ] Safepoint "Cleanup", Time since last: 1120056000 ns, Reaching safepoint: 135000 ns, At safepoint: 9500 ns, Total: 144500 ns
[2020-10-07T09:43:01.159+0000][38832][gc,start     ] GC(15) Pause Young (Concurrent Start) (G1 Humongous Allocation)
[2020-10-07T09:43:01.159+0000][38832][gc,task      ] GC(15) Using 8 workers of 8 for evacuation
[2020-10-07T09:43:01.160+0000][38832][gc,age       ] GC(15) Desired survivor size 36175872 bytes, new threshold 15 (max threshold 15)
[2020-10-07T09:43:01.179+0000][38832][gc,age       ] GC(15) Age table with threshold 15 (max threshold 15)
[2020-10-07T09:43:01.179+0000][38832][gc,age       ] GC(15) - age   1:    1984128 bytes,    1984128 total
[2020-10-07T09:43:01.179+0000][38832][gc,age       ] GC(15) - age   2:     322520 bytes,    2306648 total
[2020-10-07T09:43:01.179+0000][38832][gc,age       ] GC(15) - age   3:    2825808 bytes,    5132456 total
[2020-10-07T09:43:01.179+0000][38832][gc,age       ] GC(15) - age   4:   10738160 bytes,   15870616 total
[2020-10-07T09:43:01.179+0000][38832][gc,age       ] GC(15) - age   5:    8210296 bytes,   24080912 total
[2020-10-07T09:43:01.180+0000][38832][gc,phases    ] GC(15)   Pre Evacuate Collection Set: 0.5ms
[2020-10-07T09:43:01.180+0000][38832][gc,phases    ] GC(15)   Merge Heap Roots: 0.1ms
[2020-10-07T09:43:01.180+0000][38832][gc,phases    ] GC(15)   Evacuate Collection Set: 17.2ms
[2020-10-07T09:43:01.180+0000][38832][gc,phases    ] GC(15)   Post Evacuate Collection Set: 1.7ms
[2020-10-07T09:43:01.180+0000][38832][gc,phases    ] GC(15)   Other: 0.8ms
[2020-10-07T09:43:01.180+0000][38832][gc,heap      ] GC(15) Eden regions: 52->0(532)
[2020-10-07T09:43:01.180+0000][38832][gc,heap      ] GC(15) Survivor regions: 26->25(69)
[2020-10-07T09:43:01.180+0000][38832][gc,heap      ] GC(15) Old regions: 50->50
[2020-10-07T09:43:01.180+0000][38832][gc,heap      ] GC(15) Archive regions: 0->0
[2020-10-07T09:43:01.180+0000][38832][gc,heap      ] GC(15) Humongous regions: 257->123
[2020-10-07T09:43:01.180+0000][38832][gc,metaspace ] GC(15) Metaspace: 82382K(88192K)->82382K(88192K) NonClass: 71356K(74752K)->71356K(74752K) Class: 11025K(13440K)->11025K(13440K)
[2020-10-07T09:43:01.180+0000][38832][gc           ] GC(15) Pause Young (Concurrent Start) (G1 Humongous Allocation) 384M->197M(1024M) 20.842ms
[2020-10-07T09:43:01.180+0000][38832][gc,cpu       ] GC(15) User=0.14s Sys=0.03s Real=0.02s
[2020-10-07T09:43:01.180+0000][38832][gc           ] GC(16) Concurrent Cycle
[2020-10-07T09:43:01.180+0000][38832][safepoint    ] Safepoint "G1TryInitiateConcMark", Time since last: 400595000 ns, Reaching safepoint: 195800 ns, At safepoint: 21108200 ns, Total: 21304000 ns
[2020-10-07T09:43:01.180+0000][38832][gc,marking   ] GC(16) Concurrent Clear Claimed Marks
[2020-10-07T09:43:01.181+0000][38832][gc,marking   ] GC(16) Concurrent Clear Claimed Marks 0.397ms
[2020-10-07T09:43:01.181+0000][38832][gc,marking   ] GC(16) Concurrent Scan Root Regions
[2020-10-07T09:43:01.198+0000][38832][gc,marking   ] GC(16) Concurrent Scan Root Regions 16.632ms
[2020-10-07T09:43:01.198+0000][38832][gc,marking   ] GC(16) Concurrent Mark (56.403s)
[2020-10-07T09:43:01.198+0000][38832][gc,marking   ] GC(16) Concurrent Mark From Roots
[2020-10-07T09:43:01.198+0000][38832][gc,task      ] GC(16) Using 2 workers of 2 for marking
[2020-10-07T09:43:01.315+0000][38832][gc,marking   ] GC(16) Concurrent Mark From Roots 117.233ms
[2020-10-07T09:43:01.315+0000][38832][gc,marking   ] GC(16) Concurrent Preclean
[2020-10-07T09:43:01.316+0000][38832][gc,marking   ] GC(16) Concurrent Preclean 0.643ms
[2020-10-07T09:43:01.316+0000][38832][gc,marking   ] GC(16) Concurrent Mark (56.403s, 56.521s) 118.078ms
[2020-10-07T09:43:01.316+0000][38832][gc,start     ] GC(16) Pause Remark
[2020-10-07T09:43:01.320+0000][38832][gc           ] GC(16) Pause Remark 218M->218M(1024M) 4.403ms
[2020-10-07T09:43:01.320+0000][38832][gc,cpu       ] GC(16) User=0.11s Sys=0.00s Real=0.00s
[2020-10-07T09:43:01.320+0000][38832][safepoint    ] Safepoint "G1Concurrent", Time since last: 135396000 ns, Reaching safepoint: 180900 ns, At safepoint: 4644600 ns, Total: 4825500 ns
[2020-10-07T09:43:01.321+0000][38832][gc,marking   ] GC(16) Concurrent Rebuild Remembered Sets
[2020-10-07T09:43:01.390+0000][38832][gc,marking   ] GC(16) Concurrent Rebuild Remembered Sets 69.746ms
[2020-10-07T09:43:01.391+0000][38832][gc,start     ] GC(16) Pause Cleanup
[2020-10-07T09:43:01.391+0000][38832][gc           ] GC(16) Pause Cleanup 218M->218M(1024M) 0.251ms
[2020-10-07T09:43:01.391+0000][38832][gc,cpu       ] GC(16) User=0.00s Sys=0.00s Real=0.00s
[2020-10-07T09:43:01.391+0000][38832][safepoint    ] Safepoint "G1Concurrent", Time since last: 69946700 ns, Reaching safepoint: 158900 ns, At safepoint: 413700 ns, Total: 572600 ns
[2020-10-07T09:43:01.391+0000][38832][gc,marking   ] GC(16) Concurrent Cleanup for Next Mark
[2020-10-07T09:43:01.392+0000][38832][gc,marking   ] GC(16) Concurrent Cleanup for Next Mark 1.467ms
[2020-10-07T09:43:01.393+0000][38832][gc           ] GC(16) Concurrent Cycle 212.462ms
[2020-10-07T09:43:01.644+0000][38832][gc,start     ] GC(17) Pause Young (Concurrent Start) (G1 Humongous Allocation)
[2020-10-07T09:43:01.644+0000][38832][gc,task      ] GC(17) Using 8 workers of 8 for evacuation
[2020-10-07T09:43:01.644+0000][38832][gc,age       ] GC(17) Desired survivor size 36700160 bytes, new threshold 15 (max threshold 15)
[2020-10-07T09:43:01.663+0000][38832][gc,age       ] GC(17) Age table with threshold 15 (max threshold 15)
[2020-10-07T09:43:01.663+0000][38832][gc,age       ] GC(17) - age   1:    2170808 bytes,    2170808 total
[2020-10-07T09:43:01.663+0000][38832][gc,age       ] GC(17) - age   2:     283112 bytes,    2453920 total
[2020-10-07T09:43:01.663+0000][38832][gc,age       ] GC(17) - age   3:     318560 bytes,    2772480 total
[2020-10-07T09:43:01.663+0000][38832][gc,age       ] GC(17) - age   4:    2822952 bytes,    5595432 total
[2020-10-07T09:43:01.663+0000][38832][gc,age       ] GC(17) - age   5:   10738160 bytes,   16333592 total
[2020-10-07T09:43:01.663+0000][38832][gc,age       ] GC(17) - age   6:    8210296 bytes,   24543888 total
[2020-10-07T09:43:01.664+0000][38832][gc,phases    ] GC(17)   Pre Evacuate Collection Set: 0.4ms
[2020-10-07T09:43:01.664+0000][38832][gc,phases    ] GC(17)   Merge Heap Roots: 0.1ms
[2020-10-07T09:43:01.664+0000][38832][gc,phases    ] GC(17)   Evacuate Collection Set: 16.1ms
[2020-10-07T09:43:01.664+0000][38832][gc,phases    ] GC(17)   Post Evacuate Collection Set: 1.8ms
[2020-10-07T09:43:01.664+0000][38832][gc,phases    ] GC(17)   Other: 0.9ms
[2020-10-07T09:43:01.664+0000][38832][gc,heap      ] GC(17) Eden regions: 60->0(538)
[2020-10-07T09:43:01.664+0000][38832][gc,heap      ] GC(17) Survivor regions: 25->26(70)
[2020-10-07T09:43:01.664+0000][38832][gc,heap      ] GC(17) Old regions: 50->50
[2020-10-07T09:43:01.664+0000][38832][gc,heap      ] GC(17) Archive regions: 0->0
[2020-10-07T09:43:01.664+0000][38832][gc,heap      ] GC(17) Humongous regions: 257->123
[2020-10-07T09:43:01.664+0000][38832][gc,metaspace ] GC(17) Metaspace: 82459K(88448K)->82459K(88448K) NonClass: 71433K(75008K)->71433K(75008K) Class: 11025K(13440K)->11025K(13440K)
[2020-10-07T09:43:01.664+0000][38832][gc           ] GC(17) Pause Young (Concurrent Start) (G1 Humongous Allocation) 391M->197M(1024M) 19.814ms
[2020-10-07T09:43:01.664+0000][38832][gc,cpu       ] GC(17) User=0.19s Sys=0.00s Real=0.02s
[2020-10-07T09:43:01.664+0000][38832][gc           ] GC(18) Concurrent Cycle
[2020-10-07T09:43:01.664+0000][38832][safepoint    ] Safepoint "G1TryInitiateConcMark", Time since last: 253238700 ns, Reaching safepoint: 167900 ns, At safepoint: 20090400 ns, Total: 20258300 ns
[2020-10-07T09:43:01.664+0000][38832][gc,marking   ] GC(18) Concurrent Clear Claimed Marks
[2020-10-07T09:43:01.665+0000][38832][gc,marking   ] GC(18) Concurrent Clear Claimed Marks 0.347ms
[2020-10-07T09:43:01.665+0000][38832][gc,marking   ] GC(18) Concurrent Scan Root Regions
[2020-10-07T09:43:01.683+0000][38832][gc,marking   ] GC(18) Concurrent Scan Root Regions 18.981ms
[2020-10-07T09:43:01.683+0000][38832][gc,marking   ] GC(18) Concurrent Mark (56.890s)
[2020-10-07T09:43:01.683+0000][38832][gc,marking   ] GC(18) Concurrent Mark From Roots
[2020-10-07T09:43:01.683+0000][38832][gc,task      ] GC(18) Using 2 workers of 2 for marking
[2020-10-07T09:43:01.803+0000][38832][safepoint    ] Safepoint "BulkRevokeBias", Time since last: 134318000 ns, Reaching safepoint: 252500 ns, At safepoint: 5017000 ns, Total: 5269500 ns
[2020-10-07T09:43:01.806+0000][38832][gc,marking   ] GC(18) Concurrent Mark From Roots 123.083ms
[2020-10-07T09:43:01.806+0000][38832][gc,marking   ] GC(18) Concurrent Preclean
[2020-10-07T09:43:01.807+0000][38832][gc,marking   ] GC(18) Concurrent Preclean 0.687ms
[2020-10-07T09:43:01.807+0000][38832][gc,marking   ] GC(18) Concurrent Mark (56.890s, 57.014s) 123.988ms
[2020-10-07T09:43:01.812+0000][38832][gc,start     ] GC(18) Pause Remark
[2020-10-07T09:43:01.816+0000][38832][gc           ] GC(18) Pause Remark 231M->231M(1024M) 4.205ms
[2020-10-07T09:43:01.816+0000][38832][gc,cpu       ] GC(18) User=0.00s Sys=0.00s Real=0.00s
[2020-10-07T09:43:01.816+0000][38832][safepoint    ] Safepoint "G1Concurrent", Time since last: 3995800 ns, Reaching safepoint: 4327400 ns, At safepoint: 4533900 ns, Total: 8861300 ns
[2020-10-07T09:43:01.816+0000][38832][gc,marking   ] GC(18) Concurrent Rebuild Remembered Sets
[2020-10-07T09:43:01.884+0000][38832][gc,marking   ] GC(18) Concurrent Rebuild Remembered Sets 68.184ms
[2020-10-07T09:43:01.885+0000][38832][gc,start     ] GC(18) Pause Cleanup
[2020-10-07T09:43:01.885+0000][38832][gc           ] GC(18) Pause Cleanup 231M->231M(1024M) 0.294ms
[2020-10-07T09:43:01.885+0000][38832][gc,cpu       ] GC(18) User=0.00s Sys=0.00s Real=0.00s
[2020-10-07T09:43:01.885+0000][38832][safepoint    ] Safepoint "G1Concurrent", Time since last: 68397200 ns, Reaching safepoint: 165900 ns, At safepoint: 495200 ns, Total: 661100 ns
[2020-10-07T09:43:01.885+0000][38832][gc,marking   ] GC(18) Concurrent Cleanup for Next Mark
[2020-10-07T09:43:01.887+0000][38832][gc,marking   ] GC(18) Concurrent Cleanup for Next Mark 1.637ms
[2020-10-07T09:43:01.887+0000][38832][gc           ] GC(18) Concurrent Cycle 223.413ms
[2020-10-07T09:43:01.979+0000][38832][safepoint    ] Safepoint "BulkRevokeBias", Time since last: 90788900 ns, Reaching safepoint: 161100 ns, At safepoint: 3003900 ns, Total: 3165000 ns
[2020-10-07T09:43:02.124+0000][38832][gc,start     ] GC(19) Pause Young (Concurrent Start) (G1 Humongous Allocation)
[2020-10-07T09:43:02.124+0000][38832][gc,task      ] GC(19) Using 8 workers of 8 for evacuation
[2020-10-07T09:43:02.124+0000][38832][gc,age       ] GC(19) Desired survivor size 37224448 bytes, new threshold 15 (max threshold 15)
[2020-10-07T09:43:02.152+0000][38832][gc,age       ] GC(19) Age table with threshold 15 (max threshold 15)
[2020-10-07T09:43:02.152+0000][38832][gc,age       ] GC(19) - age   1:    2783264 bytes,    2783264 total
[2020-10-07T09:43:02.152+0000][38832][gc,age       ] GC(19) - age   2:     457136 bytes,    3240400 total
[2020-10-07T09:43:02.152+0000][38832][gc,age       ] GC(19) - age   3:     277792 bytes,    3518192 total
[2020-10-07T09:43:02.153+0000][38832][gc,age       ] GC(19) - age   4:     317808 bytes,    3836000 total
[2020-10-07T09:43:02.153+0000][38832][gc,age       ] GC(19) - age   5:    2819048 bytes,    6655048 total
[2020-10-07T09:43:02.153+0000][38832][gc,age       ] GC(19) - age   6:   10738160 bytes,   17393208 total
[2020-10-07T09:43:02.153+0000][38832][gc,age       ] GC(19) - age   7:    8210296 bytes,   25603504 total
[2020-10-07T09:43:02.153+0000][38832][gc,phases    ] GC(19)   Pre Evacuate Collection Set: 1.2ms
[2020-10-07T09:43:02.153+0000][38832][gc,phases    ] GC(19)   Merge Heap Roots: 0.2ms
[2020-10-07T09:43:02.153+0000][38832][gc,phases    ] GC(19)   Evacuate Collection Set: 24.0ms
[2020-10-07T09:43:02.153+0000][38832][gc,phases    ] GC(19)   Post Evacuate Collection Set: 2.4ms
[2020-10-07T09:43:02.153+0000][38832][gc,phases    ] GC(19)   Other: 1.0ms
[2020-10-07T09:43:02.153+0000][38832][gc,heap      ] GC(19) Eden regions: 58->0(543)
[2020-10-07T09:43:02.153+0000][38832][gc,heap      ] GC(19) Survivor regions: 26->26(71)
[2020-10-07T09:43:02.153+0000][38832][gc,heap      ] GC(19) Old regions: 50->50
[2020-10-07T09:43:02.153+0000][38832][gc,heap      ] GC(19) Archive regions: 0->0
[2020-10-07T09:43:02.153+0000][38832][gc,heap      ] GC(19) Humongous regions: 257->123
[2020-10-07T09:43:02.153+0000][38832][gc,metaspace ] GC(19) Metaspace: 82538K(88448K)->82538K(88448K) NonClass: 71512K(75008K)->71512K(75008K) Class: 11025K(13440K)->11025K(13440K)
[2020-10-07T09:43:02.153+0000][38832][gc           ] GC(19) Pause Young (Concurrent Start) (G1 Humongous Allocation) 389M->198M(1024M) 29.339ms
[2020-10-07T09:43:02.154+0000][38832][gc,cpu       ] GC(19) User=0.17s Sys=0.00s Real=0.03s
[2020-10-07T09:43:02.154+0000][38832][gc           ] GC(20) Concurrent Cycle
[2020-10-07T09:43:02.154+0000][38832][safepoint    ] Safepoint "G1TryInitiateConcMark", Time since last: 143869500 ns, Reaching safepoint: 510900 ns, At safepoint: 29657000 ns, Total: 30167900 ns
[2020-10-07T09:43:02.154+0000][38832][gc,marking   ] GC(20) Concurrent Clear Claimed Marks
[2020-10-07T09:43:02.155+0000][38832][gc,marking   ] GC(20) Concurrent Clear Claimed Marks 0.619ms
[2020-10-07T09:43:02.155+0000][38832][gc,marking   ] GC(20) Concurrent Scan Root Regions
[2020-10-07T09:43:02.175+0000][38832][gc,marking   ] GC(20) Concurrent Scan Root Regions 20.220ms
[2020-10-07T09:43:02.175+0000][38832][gc,marking   ] GC(20) Concurrent Mark (57.381s)
[2020-10-07T09:43:02.175+0000][38832][gc,marking   ] GC(20) Concurrent Mark From Roots
[2020-10-07T09:43:02.175+0000][38832][gc,task      ] GC(20) Using 2 workers of 2 for marking
[2020-10-07T09:43:02.294+0000][38832][gc,marking   ] GC(20) Concurrent Mark From Roots 118.859ms
[2020-10-07T09:43:02.294+0000][38832][gc,marking   ] GC(20) Concurrent Preclean
[2020-10-07T09:43:02.295+0000][38832][gc,marking   ] GC(20) Concurrent Preclean 0.704ms
[2020-10-07T09:43:02.295+0000][38832][gc,marking   ] GC(20) Concurrent Mark (57.381s, 57.500s) 119.792ms
[2020-10-07T09:43:02.295+0000][38832][gc,start     ] GC(20) Pause Remark
[2020-10-07T09:43:02.300+0000][38832][gc           ] GC(20) Pause Remark 246M->246M(1024M) 5.013ms
[2020-10-07T09:43:02.301+0000][38832][gc,cpu       ] GC(20) User=0.00s Sys=0.00s Real=0.01s
[2020-10-07T09:43:02.301+0000][38832][safepoint    ] Safepoint "G1Concurrent", Time since last: 140947700 ns, Reaching safepoint: 282000 ns, At safepoint: 5986600 ns, Total: 6268600 ns
[2020-10-07T09:43:02.302+0000][38832][gc,marking   ] GC(20) Concurrent Rebuild Remembered Sets
[2020-10-07T09:43:02.378+0000][38832][gc,marking   ] GC(20) Concurrent Rebuild Remembered Sets 76.149ms
[2020-10-07T09:43:02.378+0000][38832][gc,start     ] GC(20) Pause Cleanup
[2020-10-07T09:43:02.378+0000][38832][gc           ] GC(20) Pause Cleanup 310M->310M(1024M) 0.286ms
[2020-10-07T09:43:02.378+0000][38832][gc,cpu       ] GC(20) User=0.00s Sys=0.00s Real=0.00s
[2020-10-07T09:43:02.378+0000][38832][safepoint    ] Safepoint "G1Concurrent", Time since last: 76455800 ns, Reaching safepoint: 141800 ns, At safepoint: 470000 ns, Total: 611800 ns
[2020-10-07T09:43:02.379+0000][38832][gc,marking   ] GC(20) Concurrent Cleanup for Next Mark
[2020-10-07T09:43:02.380+0000][38832][gc,marking   ] GC(20) Concurrent Cleanup for Next Mark 1.801ms
[2020-10-07T09:43:02.381+0000][38832][gc           ] GC(20) Concurrent Cycle 226.369ms
[2020-10-07T09:43:02.631+0000][38832][safepoint    ] Safepoint "BulkRevokeBias", Time since last: 250041100 ns, Reaching safepoint: 201800 ns, At safepoint: 2244200 ns, Total: 2446000 ns
[2020-10-07T09:43:02.644+0000][38832][gc,start     ] GC(21) Pause Young (Concurrent Start) (G1 Humongous Allocation)
[2020-10-07T09:43:02.644+0000][38832][gc,task      ] GC(21) Using 8 workers of 8 for evacuation
[2020-10-07T09:43:02.644+0000][38832][gc,age       ] GC(21) Desired survivor size 37748736 bytes, new threshold 15 (max threshold 15)
[2020-10-07T09:43:02.664+0000][38832][gc,age       ] GC(21) Age table with threshold 15 (max threshold 15)
[2020-10-07T09:43:02.664+0000][38832][gc,age       ] GC(21) - age   1:    2873688 bytes,    2873688 total
[2020-10-07T09:43:02.664+0000][38832][gc,age       ] GC(21) - age   2:     249720 bytes,    3123408 total
[2020-10-07T09:43:02.664+0000][38832][gc,age       ] GC(21) - age   3:     456264 bytes,    3579672 total
[2020-10-07T09:43:02.664+0000][38832][gc,age       ] GC(21) - age   4:     277064 bytes,    3856736 total
[2020-10-07T09:43:02.664+0000][38832][gc,age       ] GC(21) - age   5:     317776 bytes,    4174512 total
[2020-10-07T09:43:02.664+0000][38832][gc,age       ] GC(21) - age   6:    2812392 bytes,    6986904 total
[2020-10-07T09:43:02.664+0000][38832][gc,age       ] GC(21) - age   7:   10738160 bytes,   17725064 total
[2020-10-07T09:43:02.664+0000][38832][gc,age       ] GC(21) - age   8:    8210296 bytes,   25935360 total
[2020-10-07T09:43:02.664+0000][38832][gc,phases    ] GC(21)   Pre Evacuate Collection Set: 0.5ms
[2020-10-07T09:43:02.665+0000][38832][gc,phases    ] GC(21)   Merge Heap Roots: 0.1ms
[2020-10-07T09:43:02.665+0000][38832][gc,phases    ] GC(21)   Evacuate Collection Set: 16.8ms
[2020-10-07T09:43:02.665+0000][38832][gc,phases    ] GC(21)   Post Evacuate Collection Set: 1.9ms
[2020-10-07T09:43:02.665+0000][38832][gc,phases    ] GC(21)   Other: 1.1ms
[2020-10-07T09:43:02.665+0000][38832][gc,heap      ] GC(21) Eden regions: 60->0(541)
[2020-10-07T09:43:02.665+0000][38832][gc,heap      ] GC(21) Survivor regions: 26->27(72)
[2020-10-07T09:43:02.665+0000][38832][gc,heap      ] GC(21) Old regions: 50->50
[2020-10-07T09:43:02.665+0000][38832][gc,heap      ] GC(21) Archive regions: 0->0
[2020-10-07T09:43:02.665+0000][38832][gc,heap      ] GC(21) Humongous regions: 257->123
[2020-10-07T09:43:02.665+0000][38832][gc,metaspace ] GC(21) Metaspace: 82589K(88448K)->82589K(88448K) NonClass: 71563K(75008K)->71563K(75008K) Class: 11026K(13440K)->11026K(13440K)
[2020-10-07T09:43:02.665+0000][38832][gc           ] GC(21) Pause Young (Concurrent Start) (G1 Humongous Allocation) 392M->198M(1024M) 20.996ms
[2020-10-07T09:43:02.665+0000][38832][gc,cpu       ] GC(21) User=0.19s Sys=0.00s Real=0.02s
[2020-10-07T09:43:02.665+0000][38832][gc           ] GC(22) Concurrent Cycle
[2020-10-07T09:43:02.665+0000][38832][safepoint    ] Safepoint "G1TryInitiateConcMark", Time since last: 12905400 ns, Reaching safepoint: 169900 ns, At safepoint: 21267200 ns, Total: 21437100 ns
[2020-10-07T09:43:02.665+0000][38832][gc,marking   ] GC(22) Concurrent Clear Claimed Marks
[2020-10-07T09:43:02.666+0000][38832][gc,marking   ] GC(22) Concurrent Clear Claimed Marks 0.664ms
[2020-10-07T09:43:02.666+0000][38832][gc,marking   ] GC(22) Concurrent Scan Root Regions
[2020-10-07T09:43:02.688+0000][38832][gc,marking   ] GC(22) Concurrent Scan Root Regions 21.606ms
[2020-10-07T09:43:02.688+0000][38832][gc,marking   ] GC(22) Concurrent Mark (57.893s)
[2020-10-07T09:43:02.688+0000][38832][gc,marking   ] GC(22) Concurrent Mark From Roots
[2020-10-07T09:43:02.688+0000][38832][gc,task      ] GC(22) Using 2 workers of 2 for marking
[2020-10-07T09:43:02.805+0000][38832][gc,marking   ] GC(22) Concurrent Mark From Roots 116.696ms
[2020-10-07T09:43:02.805+0000][38832][gc,marking   ] GC(22) Concurrent Preclean
[2020-10-07T09:43:02.805+0000][38832][gc,marking   ] GC(22) Concurrent Preclean 0.668ms
[2020-10-07T09:43:02.805+0000][38832][gc,marking   ] GC(22) Concurrent Mark (57.893s, 58.011s) 117.600ms
[2020-10-07T09:43:02.806+0000][38832][gc,start     ] GC(22) Pause Remark
[2020-10-07T09:43:02.810+0000][38832][gc           ] GC(22) Pause Remark 257M->257M(1024M) 4.241ms
[2020-10-07T09:43:02.810+0000][38832][gc,cpu       ] GC(22) User=0.00s Sys=0.00s Real=0.00s
[2020-10-07T09:43:02.810+0000][38832][safepoint    ] Safepoint "G1Concurrent", Time since last: 140217500 ns, Reaching safepoint: 187200 ns, At safepoint: 4623100 ns, Total: 4810300 ns
[2020-10-07T09:43:02.810+0000][38832][gc,marking   ] GC(22) Concurrent Rebuild Remembered Sets
[2020-10-07T09:43:02.875+0000][38832][gc,marking   ] GC(22) Concurrent Rebuild Remembered Sets 65.025ms
[2020-10-07T09:43:02.876+0000][38832][gc,start     ] GC(22) Pause Cleanup
[2020-10-07T09:43:02.876+0000][38832][gc           ] GC(22) Pause Cleanup 317M->317M(1024M) 0.329ms
[2020-10-07T09:43:02.876+0000][38832][gc,cpu       ] GC(22) User=0.00s Sys=0.00s Real=0.00s
[2020-10-07T09:43:02.876+0000][38832][safepoint    ] Safepoint "G1Concurrent", Time since last: 65237500 ns, Reaching safepoint: 189400 ns, At safepoint: 512000 ns, Total: 701400 ns
[2020-10-07T09:43:02.876+0000][38832][gc,marking   ] GC(22) Concurrent Cleanup for Next Mark
[2020-10-07T09:43:02.878+0000][38832][gc,marking   ] GC(22) Concurrent Cleanup for Next Mark 1.723ms
[2020-10-07T09:43:02.878+0000][38832][gc           ] GC(22) Concurrent Cycle 212.857ms
[2020-10-07T09:43:03.020+0000][38832][gc,start     ] GC(23) Pause Young (Concurrent Start) (G1 Humongous Allocation)
[2020-10-07T09:43:03.020+0000][38832][gc,task      ] GC(23) Using 8 workers of 8 for evacuation
[2020-10-07T09:43:03.020+0000][38832][gc,age       ] GC(23) Desired survivor size 37224448 bytes, new threshold 15 (max threshold 15)
[2020-10-07T09:43:03.042+0000][38832][gc,age       ] GC(23) Age table with threshold 15 (max threshold 15)
[2020-10-07T09:43:03.042+0000][38832][gc,age       ] GC(23) - age   1:    1533208 bytes,    1533208 total
[2020-10-07T09:43:03.042+0000][38832][gc,age       ] GC(23) - age   2:     413360 bytes,    1946568 total
[2020-10-07T09:43:03.042+0000][38832][gc,age       ] GC(23) - age   3:     247344 bytes,    2193912 total
[2020-10-07T09:43:03.042+0000][38832][gc,age       ] GC(23) - age   4:     455696 bytes,    2649608 total
[2020-10-07T09:43:03.042+0000][38832][gc,age       ] GC(23) - age   5:     276976 bytes,    2926584 total
[2020-10-07T09:43:03.042+0000][38832][gc,age       ] GC(23) - age   6:     317552 bytes,    3244136 total
[2020-10-07T09:43:03.042+0000][38832][gc,age       ] GC(23) - age   7:    2812360 bytes,    6056496 total
[2020-10-07T09:43:03.042+0000][38832][gc,age       ] GC(23) - age   8:   10738080 bytes,   16794576 total
[2020-10-07T09:43:03.042+0000][38832][gc,age       ] GC(23) - age   9:    8210296 bytes,   25004872 total
[2020-10-07T09:43:03.042+0000][38832][gc,phases    ] GC(23)   Pre Evacuate Collection Set: 0.5ms
[2020-10-07T09:43:03.043+0000][38832][gc,phases    ] GC(23)   Merge Heap Roots: 0.1ms
[2020-10-07T09:43:03.043+0000][38832][gc,phases    ] GC(23)   Evacuate Collection Set: 18.6ms
[2020-10-07T09:43:03.043+0000][38832][gc,phases    ] GC(23)   Post Evacuate Collection Set: 2.1ms
[2020-10-07T09:43:03.043+0000][38832][gc,phases    ] GC(23)   Other: 1.2ms
[2020-10-07T09:43:03.043+0000][38832][gc,heap      ] GC(23) Eden regions: 42->0(543)
[2020-10-07T09:43:03.043+0000][38832][gc,heap      ] GC(23) Survivor regions: 27->26(71)
[2020-10-07T09:43:03.043+0000][38832][gc,heap      ] GC(23) Old regions: 50->50
[2020-10-07T09:43:03.043+0000][38832][gc,heap      ] GC(23) Archive regions: 0->0
[2020-10-07T09:43:03.043+0000][38832][gc,heap      ] GC(23) Humongous regions: 257->123
[2020-10-07T09:43:03.043+0000][38832][gc,metaspace ] GC(23) Metaspace: 82649K(88448K)->82649K(88448K) NonClass: 71623K(75008K)->71623K(75008K) Class: 11026K(13440K)->11026K(13440K)
[2020-10-07T09:43:03.043+0000][38832][gc           ] GC(23) Pause Young (Concurrent Start) (G1 Humongous Allocation) 374M->198M(1024M) 23.289ms
[2020-10-07T09:43:03.043+0000][38832][gc,cpu       ] GC(23) User=0.22s Sys=0.02s Real=0.02s
[2020-10-07T09:43:03.043+0000][38832][gc           ] GC(24) Concurrent Cycle
[2020-10-07T09:43:03.043+0000][38832][safepoint    ] Safepoint "G1TryInitiateConcMark", Time since last: 143429100 ns, Reaching safepoint: 238300 ns, At safepoint: 23637000 ns, Total: 23875300 ns
[2020-10-07T09:43:03.044+0000][38832][gc,marking   ] GC(24) Concurrent Clear Claimed Marks
[2020-10-07T09:43:03.044+0000][38832][gc,marking   ] GC(24) Concurrent Clear Claimed Marks 0.461ms
[2020-10-07T09:43:03.044+0000][38832][gc,marking   ] GC(24) Concurrent Scan Root Regions
[2020-10-07T09:43:03.064+0000][38832][gc,marking   ] GC(24) Concurrent Scan Root Regions 20.319ms
[2020-10-07T09:43:03.064+0000][38832][gc,marking   ] GC(24) Concurrent Mark (58.270s)
[2020-10-07T09:43:03.065+0000][38832][gc,marking   ] GC(24) Concurrent Mark From Roots
[2020-10-07T09:43:03.065+0000][38832][gc,task      ] GC(24) Using 2 workers of 2 for marking
[2020-10-07T09:43:03.185+0000][38832][gc,marking   ] GC(24) Concurrent Mark From Roots 120.143ms
[2020-10-07T09:43:03.185+0000][38832][gc,marking   ] GC(24) Concurrent Preclean
[2020-10-07T09:43:03.186+0000][38832][gc,marking   ] GC(24) Concurrent Preclean 0.782ms
[2020-10-07T09:43:03.186+0000][38832][gc,marking   ] GC(24) Concurrent Mark (58.270s, 58.391s) 121.215ms
[2020-10-07T09:43:03.186+0000][38832][gc,start     ] GC(24) Pause Remark
[2020-10-07T09:43:03.190+0000][38832][gc           ] GC(24) Pause Remark 220M->220M(1024M) 4.392ms
[2020-10-07T09:43:03.191+0000][38832][gc,cpu       ] GC(24) User=0.00s Sys=0.00s Real=0.00s
[2020-10-07T09:43:03.191+0000][38832][safepoint    ] Safepoint "G1Concurrent", Time since last: 142316600 ns, Reaching safepoint: 177000 ns, At safepoint: 4711700 ns, Total: 4888700 ns
[2020-10-07T09:43:03.191+0000][38832][gc,marking   ] GC(24) Concurrent Rebuild Remembered Sets
[2020-10-07T09:43:03.261+0000][38832][gc,marking   ] GC(24) Concurrent Rebuild Remembered Sets 70.653ms
[2020-10-07T09:43:03.262+0000][38832][gc,start     ] GC(24) Pause Cleanup
[2020-10-07T09:43:03.262+0000][38832][gc           ] GC(24) Pause Cleanup 284M->284M(1024M) 0.278ms
[2020-10-07T09:43:03.262+0000][38832][gc,cpu       ] GC(24) User=0.00s Sys=0.00s Real=0.00s
[2020-10-07T09:43:03.262+0000][38832][safepoint    ] Safepoint "G1Concurrent", Time since last: 70896800 ns, Reaching safepoint: 174800 ns, At safepoint: 496000 ns, Total: 670800 ns
[2020-10-07T09:43:03.262+0000][38832][gc,marking   ] GC(24) Concurrent Cleanup for Next Mark
[2020-10-07T09:43:03.264+0000][38832][gc,marking   ] GC(24) Concurrent Cleanup for Next Mark 2.002ms
[2020-10-07T09:43:03.265+0000][38832][gc           ] GC(24) Concurrent Cycle 221.085ms
[2020-10-07T09:43:03.454+0000][38832][gc,start     ] GC(25) Pause Young (Concurrent Start) (G1 Humongous Allocation)
[2020-10-07T09:43:03.454+0000][38832][gc,task      ] GC(25) Using 8 workers of 8 for evacuation
[2020-10-07T09:43:03.454+0000][38832][gc,age       ] GC(25) Desired survivor size 37748736 bytes, new threshold 15 (max threshold 15)
[2020-10-07T09:43:03.475+0000][38832][gc,age       ] GC(25) Age table with threshold 15 (max threshold 15)
[2020-10-07T09:43:03.475+0000][38832][gc,age       ] GC(25) - age   1:    2248456 bytes,    2248456 total
[2020-10-07T09:43:03.475+0000][38832][gc,age       ] GC(25) - age   2:     210320 bytes,    2458776 total
[2020-10-07T09:43:03.475+0000][38832][gc,age       ] GC(25) - age   3:     409752 bytes,    2868528 total
[2020-10-07T09:43:03.475+0000][38832][gc,age       ] GC(25) - age   4:     246440 bytes,    3114968 total
[2020-10-07T09:43:03.475+0000][38832][gc,age       ] GC(25) - age   5:     451920 bytes,    3566888 total
[2020-10-07T09:43:03.475+0000][38832][gc,age       ] GC(25) - age   6:     276944 bytes,    3843832 total
[2020-10-07T09:43:03.475+0000][38832][gc,age       ] GC(25) - age   7:     317264 bytes,    4161096 total
[2020-10-07T09:43:03.475+0000][38832][gc,age       ] GC(25) - age   8:    2812360 bytes,    6973456 total
[2020-10-07T09:43:03.475+0000][38832][gc,age       ] GC(25) - age   9:   10738080 bytes,   17711536 total
[2020-10-07T09:43:03.475+0000][38832][gc,age       ] GC(25) - age  10:    8210296 bytes,   25921832 total
[2020-10-07T09:43:03.476+0000][38832][gc,phases    ] GC(25)   Pre Evacuate Collection Set: 0.5ms
[2020-10-07T09:43:03.476+0000][38832][gc,phases    ] GC(25)   Merge Heap Roots: 0.1ms
[2020-10-07T09:43:03.476+0000][38832][gc,phases    ] GC(25)   Evacuate Collection Set: 17.9ms
[2020-10-07T09:43:03.476+0000][38832][gc,phases    ] GC(25)   Post Evacuate Collection Set: 2.1ms
[2020-10-07T09:43:03.476+0000][38832][gc,phases    ] GC(25)   Other: 1.2ms
[2020-10-07T09:43:03.476+0000][38832][gc,heap      ] GC(25) Eden regions: 57->0(543)
[2020-10-07T09:43:03.476+0000][38832][gc,heap      ] GC(25) Survivor regions: 26->26(72)
[2020-10-07T09:43:03.476+0000][38832][gc,heap      ] GC(25) Old regions: 50->50
[2020-10-07T09:43:03.476+0000][38832][gc,heap      ] GC(25) Archive regions: 0->0
[2020-10-07T09:43:03.476+0000][38832][gc,heap      ] GC(25) Humongous regions: 257->123
[2020-10-07T09:43:03.476+0000][38832][gc,metaspace ] GC(25) Metaspace: 82704K(88448K)->82704K(88448K) NonClass: 71678K(75008K)->71678K(75008K) Class: 11026K(13440K)->11026K(13440K)
[2020-10-07T09:43:03.476+0000][38832][gc           ] GC(25) Pause Young (Concurrent Start) (G1 Humongous Allocation) 389M->198M(1024M) 22.484ms
[2020-10-07T09:43:03.476+0000][38832][gc,cpu       ] GC(25) User=0.16s Sys=0.00s Real=0.02s
[2020-10-07T09:43:03.476+0000][38832][gc           ] GC(26) Concurrent Cycle
[2020-10-07T09:43:03.476+0000][38832][safepoint    ] Safepoint "G1TryInitiateConcMark", Time since last: 191659800 ns, Reaching safepoint: 298500 ns, At safepoint: 22773400 ns, Total: 23071900 ns
[2020-10-07T09:43:03.476+0000][38832][gc,marking   ] GC(26) Concurrent Clear Claimed Marks
[2020-10-07T09:43:03.477+0000][38832][gc,marking   ] GC(26) Concurrent Clear Claimed Marks 0.635ms
[2020-10-07T09:43:03.477+0000][38832][gc,marking   ] GC(26) Concurrent Scan Root Regions
[2020-10-07T09:43:03.499+0000][38832][gc,marking   ] GC(26) Concurrent Scan Root Regions 22.189ms
[2020-10-07T09:43:03.500+0000][38832][gc,marking   ] GC(26) Concurrent Mark (58.705s)
[2020-10-07T09:43:03.500+0000][38832][gc,marking   ] GC(26) Concurrent Mark From Roots
[2020-10-07T09:43:03.500+0000][38832][gc,task      ] GC(26) Using 2 workers of 2 for marking
[2020-10-07T09:43:03.634+0000][38832][gc,marking   ] GC(26) Concurrent Mark From Roots 134.628ms
[2020-10-07T09:43:03.634+0000][38832][gc,marking   ] GC(26) Concurrent Preclean
[2020-10-07T09:43:03.635+0000][38832][gc,marking   ] GC(26) Concurrent Preclean 0.801ms
[2020-10-07T09:43:03.635+0000][38832][gc,marking   ] GC(26) Concurrent Mark (58.705s, 58.841s) 135.680ms
[2020-10-07T09:43:03.636+0000][38832][gc,start     ] GC(26) Pause Remark
[2020-10-07T09:43:03.641+0000][38832][gc           ] GC(26) Pause Remark 294M->294M(1024M) 5.497ms
[2020-10-07T09:43:03.641+0000][38832][gc,cpu       ] GC(26) User=0.00s Sys=0.00s Real=0.01s
[2020-10-07T09:43:03.642+0000][38832][safepoint    ] Safepoint "G1Concurrent", Time since last: 158839200 ns, Reaching safepoint: 245100 ns, At safepoint: 6673200 ns, Total: 6918300 ns
[2020-10-07T09:43:03.642+0000][38832][gc,marking   ] GC(26) Concurrent Rebuild Remembered Sets
[2020-10-07T09:43:03.711+0000][38832][gc,marking   ] GC(26) Concurrent Rebuild Remembered Sets 68.446ms
[2020-10-07T09:43:03.711+0000][38832][gc,start     ] GC(26) Pause Cleanup
[2020-10-07T09:43:03.711+0000][38832][gc           ] GC(26) Pause Cleanup 300M->300M(1024M) 0.359ms
[2020-10-07T09:43:03.712+0000][38832][gc,cpu       ] GC(26) User=0.00s Sys=0.00s Real=0.00s
[2020-10-07T09:43:03.712+0000][38832][safepoint    ] Safepoint "G1Concurrent", Time since last: 68699000 ns, Reaching safepoint: 199400 ns, At safepoint: 619900 ns, Total: 819300 ns
[2020-10-07T09:43:03.712+0000][38832][gc,marking   ] GC(26) Concurrent Cleanup for Next Mark
[2020-10-07T09:43:03.714+0000][38832][gc,marking   ] GC(26) Concurrent Cleanup for Next Mark 1.824ms
[2020-10-07T09:43:03.714+0000][38832][gc           ] GC(26) Concurrent Cycle 237.352ms
[2020-10-07T09:43:03.835+0000][38832][gc,start     ] GC(27) Pause Young (Concurrent Start) (G1 Humongous Allocation)
[2020-10-07T09:43:03.835+0000][38832][gc,task      ] GC(27) Using 8 workers of 8 for evacuation
[2020-10-07T09:43:03.835+0000][38832][gc,age       ] GC(27) Desired survivor size 37748736 bytes, new threshold 15 (max threshold 15)
[2020-10-07T09:43:03.861+0000][38832][gc,age       ] GC(27) Age table with threshold 15 (max threshold 15)
[2020-10-07T09:43:03.861+0000][38832][gc,age       ] GC(27) - age   1:    2557608 bytes,    2557608 total
[2020-10-07T09:43:03.861+0000][38832][gc,age       ] GC(27) - age   2:     224096 bytes,    2781704 total
[2020-10-07T09:43:03.861+0000][38832][gc,age       ] GC(27) - age   3:     204232 bytes,    2985936 total
[2020-10-07T09:43:03.861+0000][38832][gc,age       ] GC(27) - age   4:     408680 bytes,    3394616 total
[2020-10-07T09:43:03.861+0000][38832][gc,age       ] GC(27) - age   5:     246408 bytes,    3641024 total
[2020-10-07T09:43:03.861+0000][38832][gc,age       ] GC(27) - age   6:     451776 bytes,    4092800 total
[2020-10-07T09:43:03.861+0000][38832][gc,age       ] GC(27) - age   7:     276560 bytes,    4369360 total
[2020-10-07T09:43:03.862+0000][38832][gc,age       ] GC(27) - age   8:     317232 bytes,    4686592 total
[2020-10-07T09:43:03.862+0000][38832][gc,age       ] GC(27) - age   9:    2811528 bytes,    7498120 total
[2020-10-07T09:43:03.862+0000][38832][gc,age       ] GC(27) - age  10:   10738080 bytes,   18236200 total
[2020-10-07T09:43:03.862+0000][38832][gc,age       ] GC(27) - age  11:    8210296 bytes,   26446496 total
[2020-10-07T09:43:03.862+0000][38832][gc,phases    ] GC(27)   Pre Evacuate Collection Set: 0.7ms
[2020-10-07T09:43:03.862+0000][38832][gc,phases    ] GC(27)   Merge Heap Roots: 0.3ms
[2020-10-07T09:43:03.862+0000][38832][gc,phases    ] GC(27)   Evacuate Collection Set: 22.7ms
[2020-10-07T09:43:03.862+0000][38832][gc,phases    ] GC(27)   Post Evacuate Collection Set: 1.8ms
[2020-10-07T09:43:03.862+0000][38832][gc,phases    ] GC(27)   Other: 1.2ms
[2020-10-07T09:43:03.862+0000][38832][gc,heap      ] GC(27) Eden regions: 59->0(539)
[2020-10-07T09:43:03.862+0000][38832][gc,heap      ] GC(27) Survivor regions: 26->28(72)
[2020-10-07T09:43:03.862+0000][38832][gc,heap      ] GC(27) Old regions: 50->50
[2020-10-07T09:43:03.862+0000][38832][gc,heap      ] GC(27) Archive regions: 0->0
[2020-10-07T09:43:03.862+0000][38832][gc,heap      ] GC(27) Humongous regions: 257->123
[2020-10-07T09:43:03.862+0000][38832][gc,metaspace ] GC(27) Metaspace: 82759K(88704K)->82759K(88704K) NonClass: 71732K(75264K)->71732K(75264K) Class: 11026K(13440K)->11026K(13440K)
[2020-10-07T09:43:03.862+0000][38832][gc           ] GC(27) Pause Young (Concurrent Start) (G1 Humongous Allocation) 391M->199M(1024M) 27.134ms
[2020-10-07T09:43:03.862+0000][38832][gc,cpu       ] GC(27) User=0.09s Sys=0.00s Real=0.03s
[2020-10-07T09:43:03.863+0000][38832][gc           ] GC(28) Concurrent Cycle
[2020-10-07T09:43:03.863+0000][38832][safepoint    ] Safepoint "G1TryInitiateConcMark", Time since last: 123146400 ns, Reaching safepoint: 249600 ns, At safepoint: 27442900 ns, Total: 27692500 ns
[2020-10-07T09:43:03.863+0000][38832][gc,marking   ] GC(28) Concurrent Clear Claimed Marks
[2020-10-07T09:43:03.863+0000][38832][gc,marking   ] GC(28) Concurrent Clear Claimed Marks 0.585ms
[2020-10-07T09:43:03.863+0000][38832][gc,marking   ] GC(28) Concurrent Scan Root Regions
[2020-10-07T09:43:03.878+0000][38832][safepoint    ] Safepoint "BulkRevokeBias", Time since last: 12901100 ns, Reaching safepoint: 182400 ns, At safepoint: 2309800 ns, Total: 2492200 ns
[2020-10-07T09:43:03.885+0000][38832][gc,marking   ] GC(28) Concurrent Scan Root Regions 22.113ms
[2020-10-07T09:43:03.885+0000][38832][gc,marking   ] GC(28) Concurrent Mark (59.091s)
[2020-10-07T09:43:03.886+0000][38832][gc,marking   ] GC(28) Concurrent Mark From Roots
[2020-10-07T09:43:03.886+0000][38832][gc,task      ] GC(28) Using 2 workers of 2 for marking
[2020-10-07T09:43:03.950+0000][38832][safepoint    ] Safepoint "BulkRevokeBias", Time since last: 68885300 ns, Reaching safepoint: 331900 ns, At safepoint: 2452700 ns, Total: 2784600 ns
[2020-10-07T09:43:04.007+0000][38832][gc,marking   ] GC(28) Concurrent Mark From Roots 121.473ms
[2020-10-07T09:43:04.007+0000][38832][gc,marking   ] GC(28) Concurrent Preclean
[2020-10-07T09:43:04.008+0000][38832][gc,marking   ] GC(28) Concurrent Preclean 0.817ms
[2020-10-07T09:43:04.008+0000][38832][gc,marking   ] GC(28) Concurrent Mark (59.091s, 59.214s) 122.622ms
[2020-10-07T09:43:04.008+0000][38832][gc,start     ] GC(28) Pause Remark
[2020-10-07T09:43:04.013+0000][38832][gc           ] GC(28) Pause Remark 254M->254M(1024M) 4.806ms
[2020-10-07T09:43:04.013+0000][38832][gc,cpu       ] GC(28) User=0.00s Sys=0.00s Real=0.01s
[2020-10-07T09:43:04.014+0000][38832][safepoint    ] Safepoint "G1Concurrent", Time since last: 58602100 ns, Reaching safepoint: 210600 ns, At safepoint: 5392700 ns, Total: 5603300 ns
[2020-10-07T09:43:04.014+0000][38832][gc,marking   ] GC(28) Concurrent Rebuild Remembered Sets
[2020-10-07T09:43:04.076+0000][38832][gc,marking   ] GC(28) Concurrent Rebuild Remembered Sets 61.997ms
[2020-10-07T09:43:04.076+0000][38832][gc,start     ] GC(28) Pause Cleanup
[2020-10-07T09:43:04.076+0000][38832][gc           ] GC(28) Pause Cleanup 306M->306M(1024M) 0.244ms
[2020-10-07T09:43:04.076+0000][38832][gc,cpu       ] GC(28) User=0.00s Sys=0.00s Real=0.00s
[2020-10-07T09:43:04.078+0000][38832][safepoint    ] Safepoint "G1Concurrent", Time since last: 62215300 ns, Reaching safepoint: 165500 ns, At safepoint: 1375600 ns, Total: 1541100 ns
[2020-10-07T09:43:04.078+0000][38832][gc,marking   ] GC(28) Concurrent Cleanup for Next Mark
[2020-10-07T09:43:04.080+0000][38832][gc,marking   ] GC(28) Concurrent Cleanup for Next Mark 2.074ms
[2020-10-07T09:43:04.080+0000][38832][gc           ] GC(28) Concurrent Cycle 217.425ms
[2020-10-07T09:43:04.313+0000][38832][gc,start     ] GC(29) Pause Young (Concurrent Start) (G1 Humongous Allocation)
[2020-10-07T09:43:04.313+0000][38832][gc,task      ] GC(29) Using 8 workers of 8 for evacuation
[2020-10-07T09:43:04.313+0000][38832][gc,age       ] GC(29) Desired survivor size 37224448 bytes, new threshold 15 (max threshold 15)
[2020-10-07T09:43:04.335+0000][38832][gc,age       ] GC(29) Age table with threshold 15 (max threshold 15)
[2020-10-07T09:43:04.336+0000][38832][gc,age       ] GC(29) - age   1:    3018200 bytes,    3018200 total
[2020-10-07T09:43:04.336+0000][38832][gc,age       ] GC(29) - age   2:     406848 bytes,    3425048 total
[2020-10-07T09:43:04.336+0000][38832][gc,age       ] GC(29) - age   3:     218864 bytes,    3643912 total
[2020-10-07T09:43:04.336+0000][38832][gc,age       ] GC(29) - age   4:     202544 bytes,    3846456 total
[2020-10-07T09:43:04.336+0000][38832][gc,age       ] GC(29) - age   5:     408568 bytes,    4255024 total
[2020-10-07T09:43:04.336+0000][38832][gc,age       ] GC(29) - age   6:     246120 bytes,    4501144 total
[2020-10-07T09:43:04.336+0000][38832][gc,age       ] GC(29) - age   7:     451392 bytes,    4952536 total
[2020-10-07T09:43:04.336+0000][38832][gc,age       ] GC(29) - age   8:     276528 bytes,    5229064 total
[2020-10-07T09:43:04.336+0000][38832][gc,age       ] GC(29) - age   9:     317136 bytes,    5546200 total
[2020-10-07T09:43:04.336+0000][38832][gc,age       ] GC(29) - age  10:    2811464 bytes,    8357664 total
[2020-10-07T09:43:04.336+0000][38832][gc,age       ] GC(29) - age  11:   10738080 bytes,   19095744 total
[2020-10-07T09:43:04.336+0000][38832][gc,age       ] GC(29) - age  12:    8210296 bytes,   27306040 total
[2020-10-07T09:43:04.336+0000][38832][gc,phases    ] GC(29)   Pre Evacuate Collection Set: 0.5ms
[2020-10-07T09:43:04.336+0000][38832][gc,phases    ] GC(29)   Merge Heap Roots: 0.1ms
[2020-10-07T09:43:04.336+0000][38832][gc,phases    ] GC(29)   Evacuate Collection Set: 19.6ms
[2020-10-07T09:43:04.336+0000][38832][gc,phases    ] GC(29)   Post Evacuate Collection Set: 2.0ms
[2020-10-07T09:43:04.336+0000][38832][gc,phases    ] GC(29)   Other: 1.1ms
[2020-10-07T09:43:04.336+0000][38832][gc,heap      ] GC(29) Eden regions: 54->0(537)
[2020-10-07T09:43:04.336+0000][38832][gc,heap      ] GC(29) Survivor regions: 28->29(71)
[2020-10-07T09:43:04.337+0000][38832][gc,heap      ] GC(29) Old regions: 50->50
[2020-10-07T09:43:04.337+0000][38832][gc,heap      ] GC(29) Archive regions: 0->0
[2020-10-07T09:43:04.337+0000][38832][gc,heap      ] GC(29) Humongous regions: 257->123
[2020-10-07T09:43:04.337+0000][38832][gc,metaspace ] GC(29) Metaspace: 82804K(88704K)->82804K(88704K) NonClass: 71778K(75264K)->71778K(75264K) Class: 11026K(13440K)->11026K(13440K)
[2020-10-07T09:43:04.337+0000][38832][gc           ] GC(29) Pause Young (Concurrent Start) (G1 Humongous Allocation) 387M->200M(1024M) 23.880ms
[2020-10-07T09:43:04.337+0000][38832][gc,cpu       ] GC(29) User=0.17s Sys=0.00s Real=0.02s
[2020-10-07T09:43:04.337+0000][38832][gc           ] GC(30) Concurrent Cycle
[2020-10-07T09:43:04.337+0000][38832][safepoint    ] Safepoint "G1TryInitiateConcMark", Time since last: 234950000 ns, Reaching safepoint: 296900 ns, At safepoint: 24122800 ns, Total: 24419700 ns
[2020-10-07T09:43:04.337+0000][38832][gc,marking   ] GC(30) Concurrent Clear Claimed Marks
[2020-10-07T09:43:04.337+0000][38832][gc,marking   ] GC(30) Concurrent Clear Claimed Marks 0.486ms
[2020-10-07T09:43:04.337+0000][38832][gc,marking   ] GC(30) Concurrent Scan Root Regions
[2020-10-07T09:43:04.359+0000][38832][gc,marking   ] GC(30) Concurrent Scan Root Regions 21.746ms
[2020-10-07T09:43:04.359+0000][38832][gc,marking   ] GC(30) Concurrent Mark (59.565s)
[2020-10-07T09:43:04.359+0000][38832][gc,marking   ] GC(30) Concurrent Mark From Roots
[2020-10-07T09:43:04.359+0000][38832][gc,task      ] GC(30) Using 2 workers of 2 for marking
[2020-10-07T09:43:04.482+0000][38832][gc,marking   ] GC(30) Concurrent Mark From Roots 122.924ms
[2020-10-07T09:43:04.482+0000][38832][gc,marking   ] GC(30) Concurrent Preclean
[2020-10-07T09:43:04.483+0000][38832][gc,marking   ] GC(30) Concurrent Preclean 0.746ms
[2020-10-07T09:43:04.483+0000][38832][gc,marking   ] GC(30) Concurrent Mark (59.565s, 59.689s) 123.942ms
[2020-10-07T09:43:04.484+0000][38832][gc,start     ] GC(30) Pause Remark
[2020-10-07T09:43:04.488+0000][38832][gc           ] GC(30) Pause Remark 319M->319M(1024M) 4.758ms
[2020-10-07T09:43:04.488+0000][38832][gc,cpu       ] GC(30) User=0.00s Sys=0.00s Real=0.00s
[2020-10-07T09:43:04.489+0000][38832][safepoint    ] Safepoint "G1Concurrent", Time since last: 146502200 ns, Reaching safepoint: 172500 ns, At safepoint: 5022300 ns, Total: 5194800 ns
[2020-10-07T09:43:04.489+0000][38832][gc,marking   ] GC(30) Concurrent Rebuild Remembered Sets
[2020-10-07T09:43:04.556+0000][38832][gc,marking   ] GC(30) Concurrent Rebuild Remembered Sets 66.890ms
[2020-10-07T09:43:04.556+0000][38832][gc,start     ] GC(30) Pause Cleanup
[2020-10-07T09:43:04.556+0000][38832][gc           ] GC(30) Pause Cleanup 326M->326M(1024M) 0.386ms
[2020-10-07T09:43:04.556+0000][38832][gc,cpu       ] GC(30) User=0.00s Sys=0.00s Real=0.00s
[2020-10-07T09:43:04.556+0000][38832][safepoint    ] Safepoint "G1Concurrent", Time since last: 67094200 ns, Reaching safepoint: 162600 ns, At safepoint: 590900 ns, Total: 753500 ns
[2020-10-07T09:43:04.557+0000][38832][gc,marking   ] GC(30) Concurrent Cleanup for Next Mark
[2020-10-07T09:43:04.558+0000][38832][gc,marking   ] GC(30) Concurrent Cleanup for Next Mark 1.679ms
[2020-10-07T09:43:04.558+0000][38832][gc           ] GC(30) Concurrent Cycle 221.514ms
[2020-10-07T09:43:04.586+0000][38832][gc,start     ] GC(31) Pause Young (Concurrent Start) (G1 Humongous Allocation)
[2020-10-07T09:43:04.587+0000][38832][gc,task      ] GC(31) Using 8 workers of 8 for evacuation
[2020-10-07T09:43:04.587+0000][38832][gc,age       ] GC(31) Desired survivor size 37224448 bytes, new threshold 15 (max threshold 15)
[2020-10-07T09:43:04.609+0000][38832][gc,age       ] GC(31) Age table with threshold 15 (max threshold 15)
[2020-10-07T09:43:04.609+0000][38832][gc,age       ] GC(31) - age   1:    1898056 bytes,    1898056 total
[2020-10-07T09:43:04.610+0000][38832][gc,age       ] GC(31) - age   2:     211624 bytes,    2109680 total
[2020-10-07T09:43:04.610+0000][38832][gc,age       ] GC(31) - age   3:     406440 bytes,    2516120 total
[2020-10-07T09:43:04.610+0000][38832][gc,age       ] GC(31) - age   4:     218264 bytes,    2734384 total
[2020-10-07T09:43:04.610+0000][38832][gc,age       ] GC(31) - age   5:     202544 bytes,    2936928 total
[2020-10-07T09:43:04.610+0000][38832][gc,age       ] GC(31) - age   6:     408568 bytes,    3345496 total
[2020-10-07T09:43:04.610+0000][38832][gc,age       ] GC(31) - age   7:     245864 bytes,    3591360 total
[2020-10-07T09:43:04.610+0000][38832][gc,age       ] GC(31) - age   8:     451392 bytes,    4042752 total
[2020-10-07T09:43:04.610+0000][38832][gc,age       ] GC(31) - age   9:     276488 bytes,    4319240 total
[2020-10-07T09:43:04.610+0000][38832][gc,age       ] GC(31) - age  10:     317104 bytes,    4636344 total
[2020-10-07T09:43:04.610+0000][38832][gc,age       ] GC(31) - age  11:    2808976 bytes,    7445320 total
[2020-10-07T09:43:04.610+0000][38832][gc,age       ] GC(31) - age  12:   10735520 bytes,   18180840 total
[2020-10-07T09:43:04.610+0000][38832][gc,age       ] GC(31) - age  13:    8210296 bytes,   26391136 total
[2020-10-07T09:43:04.610+0000][38832][gc,phases    ] GC(31)   Pre Evacuate Collection Set: 0.6ms
[2020-10-07T09:43:04.610+0000][38832][gc,phases    ] GC(31)   Merge Heap Roots: 0.1ms
[2020-10-07T09:43:04.610+0000][38832][gc,phases    ] GC(31)   Evacuate Collection Set: 19.7ms
[2020-10-07T09:43:04.611+0000][38832][gc,phases    ] GC(31)   Post Evacuate Collection Set: 2.0ms
[2020-10-07T09:43:04.611+0000][38832][gc,phases    ] GC(31)   Other: 1.5ms
[2020-10-07T09:43:04.611+0000][38832][gc,heap      ] GC(31) Eden regions: 42->0(541)
[2020-10-07T09:43:04.611+0000][38832][gc,heap      ] GC(31) Survivor regions: 29->27(71)
[2020-10-07T09:43:04.611+0000][38832][gc,heap      ] GC(31) Old regions: 50->50
[2020-10-07T09:43:04.611+0000][38832][gc,heap      ] GC(31) Archive regions: 0->0
[2020-10-07T09:43:04.611+0000][38832][gc,heap      ] GC(31) Humongous regions: 257->123
[2020-10-07T09:43:04.611+0000][38832][gc,metaspace ] GC(31) Metaspace: 82833K(88704K)->82833K(88704K) NonClass: 71805K(75264K)->71805K(75264K) Class: 11027K(13440K)->11027K(13440K)
[2020-10-07T09:43:04.611+0000][38832][gc           ] GC(31) Pause Young (Concurrent Start) (G1 Humongous Allocation) 376M->198M(1024M) 24.612ms
[2020-10-07T09:43:04.611+0000][38832][gc,cpu       ] GC(31) User=0.08s Sys=0.00s Real=0.03s
[2020-10-07T09:43:04.611+0000][38832][gc           ] GC(32) Concurrent Cycle
[2020-10-07T09:43:04.611+0000][38832][gc,marking   ] GC(32) Concurrent Clear Claimed Marks
[2020-10-07T09:43:04.611+0000][38832][safepoint    ] Safepoint "G1TryInitiateConcMark", Time since last: 29634400 ns, Reaching safepoint: 237000 ns, At safepoint: 25077600 ns, Total: 25314600 ns
[2020-10-07T09:43:04.612+0000][38832][gc,marking   ] GC(32) Concurrent Clear Claimed Marks 0.415ms
[2020-10-07T09:43:04.612+0000][38832][gc,marking   ] GC(32) Concurrent Scan Root Regions
[2020-10-07T09:43:04.632+0000][38832][gc,marking   ] GC(32) Concurrent Scan Root Regions 20.109ms
[2020-10-07T09:43:04.632+0000][38832][gc,marking   ] GC(32) Concurrent Mark (59.838s)
[2020-10-07T09:43:04.632+0000][38832][gc,marking   ] GC(32) Concurrent Mark From Roots
[2020-10-07T09:43:04.632+0000][38832][gc,task      ] GC(32) Using 2 workers of 2 for marking
[2020-10-07T09:43:04.752+0000][38832][gc,marking   ] GC(32) Concurrent Mark From Roots 119.685ms
[2020-10-07T09:43:04.752+0000][38832][gc,marking   ] GC(32) Concurrent Preclean
[2020-10-07T09:43:04.753+0000][38832][gc,marking   ] GC(32) Concurrent Preclean 0.745ms
[2020-10-07T09:43:04.753+0000][38832][gc,marking   ] GC(32) Concurrent Mark (59.838s, 59.959s) 120.647ms
[2020-10-07T09:43:04.753+0000][38832][gc,start     ] GC(32) Pause Remark
[2020-10-07T09:43:04.757+0000][38832][gc           ] GC(32) Pause Remark 227M->227M(1024M) 4.467ms
[2020-10-07T09:43:04.758+0000][38832][gc,cpu       ] GC(32) User=0.13s Sys=0.00s Real=0.00s
[2020-10-07T09:43:04.759+0000][38832][safepoint    ] Safepoint "G1Concurrent", Time since last: 141343500 ns, Reaching safepoint: 168200 ns, At safepoint: 5846100 ns, Total: 6014300 ns
[2020-10-07T09:43:04.759+0000][38832][gc,marking   ] GC(32) Concurrent Rebuild Remembered Sets
[2020-10-07T09:43:04.825+0000][38832][gc,marking   ] GC(32) Concurrent Rebuild Remembered Sets 66.445ms
[2020-10-07T09:43:04.826+0000][38832][gc,start     ] GC(32) Pause Cleanup
[2020-10-07T09:43:04.826+0000][38832][gc           ] GC(32) Pause Cleanup 285M->285M(1024M) 0.333ms
[2020-10-07T09:43:04.826+0000][38832][gc,cpu       ] GC(32) User=0.00s Sys=0.00s Real=0.00s
[2020-10-07T09:43:04.826+0000][38832][safepoint    ] Safepoint "G1Concurrent", Time since last: 66717000 ns, Reaching safepoint: 155700 ns, At safepoint: 555900 ns, Total: 711600 ns
[2020-10-07T09:43:04.826+0000][38832][gc,marking   ] GC(32) Concurrent Cleanup for Next Mark
[2020-10-07T09:43:04.828+0000][38832][gc,marking   ] GC(32) Concurrent Cleanup for Next Mark 1.665ms
[2020-10-07T09:43:04.828+0000][38832][gc           ] GC(32) Concurrent Cycle 216.820ms
[2020-10-07T09:43:04.951+0000][38832][gc,start     ] GC(33) Pause Young (Concurrent Start) (G1 Humongous Allocation)
[2020-10-07T09:43:04.951+0000][38832][gc,task      ] GC(33) Using 8 workers of 8 for evacuation
[2020-10-07T09:43:04.951+0000][38832][gc,age       ] GC(33) Desired survivor size 37224448 bytes, new threshold 15 (max threshold 15)
[2020-10-07T09:43:04.973+0000][38832][gc,age       ] GC(33) Age table with threshold 15 (max threshold 15)
[2020-10-07T09:43:04.973+0000][38832][gc,age       ] GC(33) - age   1:    2082528 bytes,    2082528 total
[2020-10-07T09:43:04.973+0000][38832][gc,age       ] GC(33) - age   2:     211776 bytes,    2294304 total
[2020-10-07T09:43:04.973+0000][38832][gc,age       ] GC(33) - age   3:     210104 bytes,    2504408 total
[2020-10-07T09:43:04.973+0000][38832][gc,age       ] GC(33) - age   4:     405520 bytes,    2909928 total
[2020-10-07T09:43:04.973+0000][38832][gc,age       ] GC(33) - age   5:     218232 bytes,    3128160 total
[2020-10-07T09:43:04.973+0000][38832][gc,age       ] GC(33) - age   6:     202544 bytes,    3330704 total
[2020-10-07T09:43:04.973+0000][38832][gc,age       ] GC(33) - age   7:     408152 bytes,    3738856 total
[2020-10-07T09:43:04.973+0000][38832][gc,age       ] GC(33) - age   8:     245832 bytes,    3984688 total
[2020-10-07T09:43:04.973+0000][38832][gc,age       ] GC(33) - age   9:     451392 bytes,    4436080 total
[2020-10-07T09:43:04.973+0000][38832][gc,age       ] GC(33) - age  10:     276216 bytes,    4712296 total
[2020-10-07T09:43:04.973+0000][38832][gc,age       ] GC(33) - age  11:     317072 bytes,    5029368 total
[2020-10-07T09:43:04.973+0000][38832][gc,age       ] GC(33) - age  12:    2808584 bytes,    7837952 total
[2020-10-07T09:43:04.973+0000][38832][gc,age       ] GC(33) - age  13:   10735520 bytes,   18573472 total
[2020-10-07T09:43:04.973+0000][38832][gc,age       ] GC(33) - age  14:    8210296 bytes,   26783768 total
[2020-10-07T09:43:04.974+0000][38832][gc,phases    ] GC(33)   Pre Evacuate Collection Set: 0.5ms
[2020-10-07T09:43:04.974+0000][38832][gc,phases    ] GC(33)   Merge Heap Roots: 0.2ms
[2020-10-07T09:43:04.974+0000][38832][gc,phases    ] GC(33)   Evacuate Collection Set: 17.9ms
[2020-10-07T09:43:04.974+0000][38832][gc,phases    ] GC(33)   Post Evacuate Collection Set: 2.6ms
[2020-10-07T09:43:04.974+0000][38832][gc,phases    ] GC(33)   Other: 1.2ms
[2020-10-07T09:43:04.974+0000][38832][gc,heap      ] GC(33) Eden regions: 61->0(539)
[2020-10-07T09:43:04.974+0000][38832][gc,heap      ] GC(33) Survivor regions: 27->28(71)
[2020-10-07T09:43:04.974+0000][38832][gc,heap      ] GC(33) Old regions: 50->50
[2020-10-07T09:43:04.974+0000][38832][gc,heap      ] GC(33) Archive regions: 0->0
[2020-10-07T09:43:04.974+0000][38832][gc,heap      ] GC(33) Humongous regions: 257->123
[2020-10-07T09:43:04.974+0000][38832][gc,metaspace ] GC(33) Metaspace: 82869K(88704K)->82869K(88704K) NonClass: 71842K(75264K)->71842K(75264K) Class: 11027K(13440K)->11027K(13440K)
[2020-10-07T09:43:04.974+0000][38832][gc           ] GC(33) Pause Young (Concurrent Start) (G1 Humongous Allocation) 393M->200M(1024M) 22.988ms
[2020-10-07T09:43:04.974+0000][38832][gc,cpu       ] GC(33) User=0.13s Sys=0.00s Real=0.02s
[2020-10-07T09:43:04.975+0000][38832][gc           ] GC(34) Concurrent Cycle
[2020-10-07T09:43:04.975+0000][38832][safepoint    ] Safepoint "G1TryInitiateConcMark", Time since last: 124507600 ns, Reaching safepoint: 226600 ns, At safepoint: 23291600 ns, Total: 23518200 ns
[2020-10-07T09:43:04.975+0000][38832][gc,marking   ] GC(34) Concurrent Clear Claimed Marks
[2020-10-07T09:43:04.975+0000][38832][gc,marking   ] GC(34) Concurrent Clear Claimed Marks 0.508ms
[2020-10-07T09:43:04.975+0000][38832][gc,marking   ] GC(34) Concurrent Scan Root Regions
[2020-10-07T09:43:04.995+0000][38832][gc,marking   ] GC(34) Concurrent Scan Root Regions 20.289ms
[2020-10-07T09:43:04.996+0000][38832][gc,marking   ] GC(34) Concurrent Mark (60.201s)
[2020-10-07T09:43:04.996+0000][38832][gc,marking   ] GC(34) Concurrent Mark From Roots
[2020-10-07T09:43:04.996+0000][38832][gc,task      ] GC(34) Using 2 workers of 2 for marking
[2020-10-07T09:43:05.109+0000][38832][gc,marking   ] GC(34) Concurrent Mark From Roots 113.431ms
[2020-10-07T09:43:05.109+0000][38832][gc,marking   ] GC(34) Concurrent Preclean
[2020-10-07T09:43:05.110+0000][38832][gc,marking   ] GC(34) Concurrent Preclean 0.741ms
[2020-10-07T09:43:05.110+0000][38832][gc,marking   ] GC(34) Concurrent Mark (60.201s, 60.316s) 114.373ms
[2020-10-07T09:43:05.110+0000][38832][gc,start     ] GC(34) Pause Remark
[2020-10-07T09:43:05.115+0000][38832][gc           ] GC(34) Pause Remark 298M->298M(1024M) 5.173ms
[2020-10-07T09:43:05.116+0000][38832][gc,cpu       ] GC(34) User=0.02s Sys=0.02s Real=0.01s
[2020-10-07T09:43:05.116+0000][38832][safepoint    ] Safepoint "G1Concurrent", Time since last: 135489300 ns, Reaching safepoint: 188700 ns, At safepoint: 5469000 ns, Total: 5657700 ns
[2020-10-07T09:43:05.116+0000][38832][gc,marking   ] GC(34) Concurrent Rebuild Remembered Sets
[2020-10-07T09:43:05.190+0000][38832][gc,marking   ] GC(34) Concurrent Rebuild Remembered Sets 74.106ms
[2020-10-07T09:43:05.191+0000][38832][gc,start     ] GC(34) Pause Cleanup
[2020-10-07T09:43:05.191+0000][38832][gc           ] GC(34) Pause Cleanup 361M->361M(1024M) 0.327ms
[2020-10-07T09:43:05.191+0000][38832][gc,cpu       ] GC(34) User=0.00s Sys=0.00s Real=0.00s
[2020-10-07T09:43:05.191+0000][38832][safepoint    ] Safepoint "G1Concurrent", Time since last: 74341600 ns, Reaching safepoint: 802500 ns, At safepoint: 598300 ns, Total: 1400800 ns
[2020-10-07T09:43:05.192+0000][38832][gc,marking   ] GC(34) Concurrent Cleanup for Next Mark
[2020-10-07T09:43:05.193+0000][38832][gc,marking   ] GC(34) Concurrent Cleanup for Next Mark 1.886ms
[2020-10-07T09:43:05.194+0000][38832][gc           ] GC(34) Concurrent Cycle 219.104ms
[2020-10-07T09:43:05.272+0000][38832][gc,start     ] GC(35) Pause Young (Concurrent Start) (G1 Humongous Allocation)
[2020-10-07T09:43:05.272+0000][38832][gc,task      ] GC(35) Using 8 workers of 8 for evacuation
[2020-10-07T09:43:05.272+0000][38832][gc,age       ] GC(35) Desired survivor size 37224448 bytes, new threshold 15 (max threshold 15)
[2020-10-07T09:43:05.296+0000][38832][gc,age       ] GC(35) Age table with threshold 15 (max threshold 15)
[2020-10-07T09:43:05.297+0000][38832][gc,age       ] GC(35) - age   1:    2744672 bytes,    2744672 total
[2020-10-07T09:43:05.297+0000][38832][gc,age       ] GC(35) - age   2:     407232 bytes,    3151904 total
[2020-10-07T09:43:05.297+0000][38832][gc,age       ] GC(35) - age   3:     211240 bytes,    3363144 total
[2020-10-07T09:43:05.297+0000][38832][gc,age       ] GC(35) - age   4:     208184 bytes,    3571328 total
[2020-10-07T09:43:05.297+0000][38832][gc,age       ] GC(35) - age   5:     405488 bytes,    3976816 total
[2020-10-07T09:43:05.297+0000][38832][gc,age       ] GC(35) - age   6:     218072 bytes,    4194888 total
[2020-10-07T09:43:05.297+0000][38832][gc,age       ] GC(35) - age   7:     202192 bytes,    4397080 total
[2020-10-07T09:43:05.297+0000][38832][gc,age       ] GC(35) - age   8:     408120 bytes,    4805200 total
[2020-10-07T09:43:05.297+0000][38832][gc,age       ] GC(35) - age   9:     242048 bytes,    5047248 total
[2020-10-07T09:43:05.297+0000][38832][gc,age       ] GC(35) - age  10:     451328 bytes,    5498576 total
[2020-10-07T09:43:05.297+0000][38832][gc,age       ] GC(35) - age  11:     276216 bytes,    5774792 total
[2020-10-07T09:43:05.297+0000][38832][gc,age       ] GC(35) - age  12:     317040 bytes,    6091832 total
[2020-10-07T09:43:05.297+0000][38832][gc,age       ] GC(35) - age  13:    2808552 bytes,    8900384 total
[2020-10-07T09:43:05.297+0000][38832][gc,age       ] GC(35) - age  14:   10735520 bytes,   19635904 total
[2020-10-07T09:43:05.297+0000][38832][gc,age       ] GC(35) - age  15:    8210296 bytes,   27846200 total
[2020-10-07T09:43:05.297+0000][38832][gc,phases    ] GC(35)   Pre Evacuate Collection Set: 0.5ms
[2020-10-07T09:43:05.297+0000][38832][gc,phases    ] GC(35)   Merge Heap Roots: 0.1ms
[2020-10-07T09:43:05.297+0000][38832][gc,phases    ] GC(35)   Evacuate Collection Set: 21.5ms
[2020-10-07T09:43:05.297+0000][38832][gc,phases    ] GC(35)   Post Evacuate Collection Set: 2.0ms
[2020-10-07T09:43:05.297+0000][38832][gc,phases    ] GC(35)   Other: 1.3ms
[2020-10-07T09:43:05.298+0000][38832][gc,heap      ] GC(35) Eden regions: 58->0(539)
[2020-10-07T09:43:05.298+0000][38832][gc,heap      ] GC(35) Survivor regions: 28->28(71)
[2020-10-07T09:43:05.298+0000][38832][gc,heap      ] GC(35) Old regions: 50->50
[2020-10-07T09:43:05.298+0000][38832][gc,heap      ] GC(35) Archive regions: 0->0
[2020-10-07T09:43:05.298+0000][38832][gc,heap      ] GC(35) Humongous regions: 257->123
[2020-10-07T09:43:05.298+0000][38832][gc,metaspace ] GC(35) Metaspace: 82910K(88704K)->82910K(88704K) NonClass: 71882K(75264K)->71882K(75264K) Class: 11027K(13440K)->11027K(13440K)
[2020-10-07T09:43:05.298+0000][38832][gc           ] GC(35) Pause Young (Concurrent Start) (G1 Humongous Allocation) 391M->200M(1024M) 25.922ms
[2020-10-07T09:43:05.298+0000][38832][gc,cpu       ] GC(35) User=0.11s Sys=0.02s Real=0.03s
[2020-10-07T09:43:05.298+0000][38832][gc           ] GC(36) Concurrent Cycle
[2020-10-07T09:43:05.298+0000][38832][safepoint    ] Safepoint "G1TryInitiateConcMark", Time since last: 80126700 ns, Reaching safepoint: 252500 ns, At safepoint: 26175400 ns, Total: 26427900 ns
[2020-10-07T09:43:05.298+0000][38832][gc,marking   ] GC(36) Concurrent Clear Claimed Marks
[2020-10-07T09:43:05.299+0000][38832][gc,marking   ] GC(36) Concurrent Clear Claimed Marks 0.473ms
[2020-10-07T09:43:05.299+0000][38832][gc,marking   ] GC(36) Concurrent Scan Root Regions
[2020-10-07T09:43:05.322+0000][38832][gc,marking   ] GC(36) Concurrent Scan Root Regions 23.313ms
[2020-10-07T09:43:05.322+0000][38832][gc,marking   ] GC(36) Concurrent Mark (60.528s)
[2020-10-07T09:43:05.322+0000][38832][gc,marking   ] GC(36) Concurrent Mark From Roots
[2020-10-07T09:43:05.322+0000][38832][gc,task      ] GC(36) Using 2 workers of 2 for marking
[2020-10-07T09:43:05.444+0000][38832][gc,marking   ] GC(36) Concurrent Mark From Roots 121.834ms
[2020-10-07T09:43:05.444+0000][38832][gc,marking   ] GC(36) Concurrent Preclean
[2020-10-07T09:43:05.445+0000][38832][gc,marking   ] GC(36) Concurrent Preclean 0.718ms
[2020-10-07T09:43:05.445+0000][38832][gc,marking   ] GC(36) Concurrent Mark (60.528s, 60.650s) 122.802ms
[2020-10-07T09:43:05.445+0000][38832][gc,start     ] GC(36) Pause Remark
[2020-10-07T09:43:05.451+0000][38832][gc           ] GC(36) Pause Remark 246M->246M(1024M) 5.465ms
[2020-10-07T09:43:05.451+0000][38832][gc,cpu       ] GC(36) User=0.00s Sys=0.00s Real=0.01s
[2020-10-07T09:43:05.451+0000][38832][safepoint    ] Safepoint "G1Concurrent", Time since last: 146890000 ns, Reaching safepoint: 150600 ns, At safepoint: 6102700 ns, Total: 6253300 ns
[2020-10-07T09:43:05.451+0000][38832][gc,marking   ] GC(36) Concurrent Rebuild Remembered Sets
[2020-10-07T09:43:05.523+0000][38832][gc,marking   ] GC(36) Concurrent Rebuild Remembered Sets 71.539ms
[2020-10-07T09:43:05.523+0000][38832][gc,start     ] GC(36) Pause Cleanup
[2020-10-07T09:43:05.524+0000][38832][gc           ] GC(36) Pause Cleanup 249M->249M(1024M) 0.339ms
[2020-10-07T09:43:05.524+0000][38832][gc,cpu       ] GC(36) User=0.00s Sys=0.00s Real=0.00s
[2020-10-07T09:43:05.525+0000][38832][safepoint    ] Safepoint "G1Concurrent", Time since last: 71842800 ns, Reaching safepoint: 242200 ns, At safepoint: 1526000 ns, Total: 1768200 ns
[2020-10-07T09:43:05.525+0000][38832][gc,marking   ] GC(36) Concurrent Cleanup for Next Mark
[2020-10-07T09:43:05.527+0000][38832][gc,marking   ] GC(36) Concurrent Cleanup for Next Mark 1.636ms
[2020-10-07T09:43:05.527+0000][38832][gc           ] GC(36) Concurrent Cycle 228.672ms
[2020-10-07T09:43:06.657+0000][38832][safepoint    ] Safepoint "Cleanup", Time since last: 1132249300 ns, Reaching safepoint: 223500 ns, At safepoint: 24000 ns, Total: 247500 ns
[2020-10-07T09:43:07.724+0000][38832][safepoint    ] Safepoint "Cleanup", Time since last: 1066643700 ns, Reaching safepoint: 138800 ns, At safepoint: 56300 ns, Total: 195100 ns
[2020-10-07T09:43:07.801+0000][38832][safepoint    ] Safepoint "BulkRevokeBias", Time since last: 70387900 ns, Reaching safepoint: 188000 ns, At safepoint: 6964100 ns, Total: 7152100 ns
[2020-10-07T09:43:07.919+0000][38832][gc,start     ] GC(37) Pause Young (Concurrent Start) (G1 Humongous Allocation)
[2020-10-07T09:43:07.919+0000][38832][gc,task      ] GC(37) Using 8 workers of 8 for evacuation
[2020-10-07T09:43:07.919+0000][38832][gc,age       ] GC(37) Desired survivor size 37224448 bytes, new threshold 15 (max threshold 15)
[2020-10-07T09:43:07.936+0000][38832][gc,age       ] GC(37) Age table with threshold 15 (max threshold 15)
[2020-10-07T09:43:07.936+0000][38832][gc,age       ] GC(37) - age   1:    3552560 bytes,    3552560 total
[2020-10-07T09:43:07.936+0000][38832][gc,age       ] GC(37) - age   2:       4696 bytes,    3557256 total
[2020-10-07T09:43:07.936+0000][38832][gc,age       ] GC(37) - age   3:       5440 bytes,    3562696 total
[2020-10-07T09:43:07.936+0000][38832][gc,age       ] GC(37) - age   4:      11800 bytes,    3574496 total
[2020-10-07T09:43:07.936+0000][38832][gc,age       ] GC(37) - age   5:       3144 bytes,    3577640 total
[2020-10-07T09:43:07.936+0000][38832][gc,age       ] GC(37) - age   6:       3648 bytes,    3581288 total
[2020-10-07T09:43:07.936+0000][38832][gc,age       ] GC(37) - age   7:      19424 bytes,    3600712 total
[2020-10-07T09:43:07.936+0000][38832][gc,age       ] GC(37) - age   8:       1472 bytes,    3602184 total
[2020-10-07T09:43:07.936+0000][38832][gc,age       ] GC(37) - age   9:      13336 bytes,    3615520 total
[2020-10-07T09:43:07.936+0000][38832][gc,age       ] GC(37) - age  10:      40936 bytes,    3656456 total
[2020-10-07T09:43:07.936+0000][38832][gc,age       ] GC(37) - age  11:      56256 bytes,    3712712 total
[2020-10-07T09:43:07.936+0000][38832][gc,age       ] GC(37) - age  12:     275464 bytes,    3988176 total
[2020-10-07T09:43:07.936+0000][38832][gc,age       ] GC(37) - age  13:     316592 bytes,    4304768 total
[2020-10-07T09:43:07.936+0000][38832][gc,age       ] GC(37) - age  14:    2806888 bytes,    7111656 total
[2020-10-07T09:43:07.936+0000][38832][gc,age       ] GC(37) - age  15:   10734864 bytes,   17846520 total
[2020-10-07T09:43:07.936+0000][38832][gc,phases    ] GC(37)   Pre Evacuate Collection Set: 0.4ms
[2020-10-07T09:43:07.936+0000][38832][gc,phases    ] GC(37)   Merge Heap Roots: 0.1ms
[2020-10-07T09:43:07.936+0000][38832][gc,phases    ] GC(37)   Evacuate Collection Set: 14.0ms
[2020-10-07T09:43:07.937+0000][38832][gc,phases    ] GC(37)   Post Evacuate Collection Set: 1.9ms
[2020-10-07T09:43:07.937+0000][38832][gc,phases    ] GC(37)   Other: 1.0ms
[2020-10-07T09:43:07.937+0000][38832][gc,heap      ] GC(37) Eden regions: 50->0(498)
[2020-10-07T09:43:07.937+0000][38832][gc,heap      ] GC(37) Survivor regions: 28->19(71)
[2020-10-07T09:43:07.937+0000][38832][gc,heap      ] GC(37) Old regions: 50->58
[2020-10-07T09:43:07.937+0000][38832][gc,heap      ] GC(37) Archive regions: 0->0
[2020-10-07T09:43:07.937+0000][38832][gc,heap      ] GC(37) Humongous regions: 257->174
[2020-10-07T09:43:07.937+0000][38832][gc,metaspace ] GC(37) Metaspace: 83088K(88960K)->83088K(88960K) NonClass: 72060K(75520K)->72060K(75520K) Class: 11027K(13440K)->11027K(13440K)
[2020-10-07T09:43:07.937+0000][38832][gc           ] GC(37) Pause Young (Concurrent Start) (G1 Humongous Allocation) 383M->249M(1024M) 17.605ms
[2020-10-07T09:43:07.937+0000][38832][gc,cpu       ] GC(37) User=0.13s Sys=0.00s Real=0.02s
[2020-10-07T09:43:07.937+0000][38832][safepoint    ] Safepoint "G1TryInitiateConcMark", Time since last: 117437300 ns, Reaching safepoint: 174200 ns, At safepoint: 17813300 ns, Total: 17987500 ns
[2020-10-07T09:43:07.937+0000][38832][gc           ] GC(38) Concurrent Cycle
[2020-10-07T09:43:07.937+0000][38832][gc,marking   ] GC(38) Concurrent Clear Claimed Marks
[2020-10-07T09:43:07.937+0000][38832][gc,marking   ] GC(38) Concurrent Clear Claimed Marks 0.336ms
[2020-10-07T09:43:07.937+0000][38832][gc,marking   ] GC(38) Concurrent Scan Root Regions
[2020-10-07T09:43:07.953+0000][38832][gc,marking   ] GC(38) Concurrent Scan Root Regions 15.432ms
[2020-10-07T09:43:07.953+0000][38832][gc,marking   ] GC(38) Concurrent Mark (63.159s)
[2020-10-07T09:43:07.953+0000][38832][gc,marking   ] GC(38) Concurrent Mark From Roots
[2020-10-07T09:43:07.953+0000][38832][gc,task      ] GC(38) Using 2 workers of 2 for marking
[2020-10-07T09:43:08.046+0000][38832][gc,marking   ] GC(38) Concurrent Mark From Roots 93.034ms
[2020-10-07T09:43:08.046+0000][38832][gc,marking   ] GC(38) Concurrent Preclean
[2020-10-07T09:43:08.046+0000][38832][gc,marking   ] GC(38) Concurrent Preclean 0.498ms
[2020-10-07T09:43:08.046+0000][38832][gc,marking   ] GC(38) Concurrent Mark (63.159s, 63.252s) 93.679ms
[2020-10-07T09:43:08.047+0000][38832][gc,start     ] GC(38) Pause Remark
[2020-10-07T09:43:08.051+0000][38832][gc           ] GC(38) Pause Remark 338M->338M(1024M) 4.207ms
[2020-10-07T09:43:08.051+0000][38832][gc,cpu       ] GC(38) User=0.00s Sys=0.00s Real=0.00s
[2020-10-07T09:43:08.051+0000][38832][safepoint    ] Safepoint "G1Concurrent", Time since last: 109712500 ns, Reaching safepoint: 257600 ns, At safepoint: 4443700 ns, Total: 4701300 ns
[2020-10-07T09:43:08.051+0000][38832][gc,marking   ] GC(38) Concurrent Rebuild Remembered Sets
[2020-10-07T09:43:08.115+0000][38832][gc,marking   ] GC(38) Concurrent Rebuild Remembered Sets 63.424ms
[2020-10-07T09:43:08.115+0000][38832][gc,start     ] GC(38) Pause Cleanup
[2020-10-07T09:43:08.115+0000][38832][gc           ] GC(38) Pause Cleanup 340M->340M(1024M) 0.331ms
[2020-10-07T09:43:08.115+0000][38832][gc,cpu       ] GC(38) User=0.00s Sys=0.00s Real=0.00s
[2020-10-07T09:43:08.116+0000][38832][safepoint    ] Safepoint "G1Concurrent", Time since last: 63625400 ns, Reaching safepoint: 184500 ns, At safepoint: 532500 ns, Total: 717000 ns
[2020-10-07T09:43:08.116+0000][38832][gc,marking   ] GC(38) Concurrent Cleanup for Next Mark
[2020-10-07T09:43:08.118+0000][38832][gc,marking   ] GC(38) Concurrent Cleanup for Next Mark 2.059ms
[2020-10-07T09:43:08.118+0000][38832][gc           ] GC(38) Concurrent Cycle 181.016ms
[2020-10-07T09:43:08.346+0000][38832][gc,start     ] GC(39) Pause Young (Concurrent Start) (G1 Humongous Allocation)
[2020-10-07T09:43:08.347+0000][38832][gc,task      ] GC(39) Using 8 workers of 8 for evacuation
[2020-10-07T09:43:08.347+0000][38832][gc,age       ] GC(39) Desired survivor size 34078720 bytes, new threshold 15 (max threshold 15)
[2020-10-07T09:43:08.360+0000][38832][gc,age       ] GC(39) Age table with threshold 15 (max threshold 15)
[2020-10-07T09:43:08.360+0000][38832][gc,age       ] GC(39) - age   1:    5142432 bytes,    5142432 total
[2020-10-07T09:43:08.360+0000][38832][gc,age       ] GC(39) - age   2:    2308096 bytes,    7450528 total
[2020-10-07T09:43:08.360+0000][38832][gc,age       ] GC(39) - age   3:       3848 bytes,    7454376 total
[2020-10-07T09:43:08.360+0000][38832][gc,age       ] GC(39) - age   4:       5248 bytes,    7459624 total
[2020-10-07T09:43:08.360+0000][38832][gc,age       ] GC(39) - age   5:      11480 bytes,    7471104 total
[2020-10-07T09:43:08.360+0000][38832][gc,age       ] GC(39) - age   6:       3016 bytes,    7474120 total
[2020-10-07T09:43:08.361+0000][38832][gc,age       ] GC(39) - age   7:       3376 bytes,    7477496 total
[2020-10-07T09:43:08.361+0000][38832][gc,age       ] GC(39) - age   8:      19072 bytes,    7496568 total
[2020-10-07T09:43:08.361+0000][38832][gc,age       ] GC(39) - age   9:       1376 bytes,    7497944 total
[2020-10-07T09:43:08.361+0000][38832][gc,age       ] GC(39) - age  10:      13184 bytes,    7511128 total
[2020-10-07T09:43:08.361+0000][38832][gc,age       ] GC(39) - age  11:      40936 bytes,    7552064 total
[2020-10-07T09:43:08.361+0000][38832][gc,age       ] GC(39) - age  12:      56160 bytes,    7608224 total
[2020-10-07T09:43:08.361+0000][38832][gc,age       ] GC(39) - age  13:     275216 bytes,    7883440 total
[2020-10-07T09:43:08.361+0000][38832][gc,age       ] GC(39) - age  14:     316592 bytes,    8200032 total
[2020-10-07T09:43:08.361+0000][38832][gc,age       ] GC(39) - age  15:    2806632 bytes,   11006664 total
[2020-10-07T09:43:08.361+0000][38832][gc,phases    ] GC(39)   Pre Evacuate Collection Set: 0.4ms
[2020-10-07T09:43:08.361+0000][38832][gc,phases    ] GC(39)   Merge Heap Roots: 0.1ms
[2020-10-07T09:43:08.361+0000][38832][gc,phases    ] GC(39)   Evacuate Collection Set: 11.5ms
[2020-10-07T09:43:08.361+0000][38832][gc,phases    ] GC(39)   Post Evacuate Collection Set: 1.4ms
[2020-10-07T09:43:08.361+0000][38832][gc,phases    ] GC(39)   Other: 1.2ms
[2020-10-07T09:43:08.361+0000][38832][gc,heap      ] GC(39) Eden regions: 48->0(500)
[2020-10-07T09:43:08.361+0000][38832][gc,heap      ] GC(39) Survivor regions: 19->13(65)
[2020-10-07T09:43:08.361+0000][38832][gc,heap      ] GC(39) Old regions: 58->68
[2020-10-07T09:43:08.361+0000][38832][gc,heap      ] GC(39) Archive regions: 0->0
[2020-10-07T09:43:08.361+0000][38832][gc,heap      ] GC(39) Humongous regions: 249->174
[2020-10-07T09:43:08.361+0000][38832][gc,metaspace ] GC(39) Metaspace: 83140K(88960K)->83140K(88960K) NonClass: 72113K(75520K)->72113K(75520K) Class: 11027K(13440K)->11027K(13440K)
[2020-10-07T09:43:08.361+0000][38832][gc           ] GC(39) Pause Young (Concurrent Start) (G1 Humongous Allocation) 372M->254M(1024M) 15.005ms
[2020-10-07T09:43:08.362+0000][38832][gc,cpu       ] GC(39) User=0.13s Sys=0.00s Real=0.02s
[2020-10-07T09:43:08.362+0000][38832][gc           ] GC(40) Concurrent Cycle
[2020-10-07T09:43:08.362+0000][38832][gc,marking   ] GC(40) Concurrent Clear Claimed Marks
[2020-10-07T09:43:08.362+0000][38832][gc,marking   ] GC(40) Concurrent Clear Claimed Marks 0.326ms
[2020-10-07T09:43:08.362+0000][38832][gc,marking   ] GC(40) Concurrent Scan Root Regions
[2020-10-07T09:43:08.374+0000][38832][safepoint    ] Safepoint "G1TryInitiateConcMark", Time since last: 230483400 ns, Reaching safepoint: 263500 ns, At safepoint: 27321500 ns, Total: 27585000 ns
[2020-10-07T09:43:08.375+0000][38832][gc,marking   ] GC(40) Concurrent Scan Root Regions 12.487ms
[2020-10-07T09:43:08.375+0000][38832][gc,marking   ] GC(40) Concurrent Mark (63.581s)
[2020-10-07T09:43:08.375+0000][38832][gc,marking   ] GC(40) Concurrent Mark From Roots
[2020-10-07T09:43:08.375+0000][38832][gc,task      ] GC(40) Using 2 workers of 2 for marking
[2020-10-07T09:43:08.514+0000][38832][gc,marking   ] GC(40) Concurrent Mark From Roots 139.417ms
[2020-10-07T09:43:08.514+0000][38832][gc,marking   ] GC(40) Concurrent Preclean
[2020-10-07T09:43:08.515+0000][38832][gc,marking   ] GC(40) Concurrent Preclean 0.921ms
[2020-10-07T09:43:08.515+0000][38832][gc,marking   ] GC(40) Concurrent Mark (63.581s, 63.721s) 140.595ms
[2020-10-07T09:43:08.516+0000][38832][gc,start     ] GC(40) Pause Remark
[2020-10-07T09:43:08.521+0000][38832][gc           ] GC(40) Pause Remark 555M->555M(1024M) 5.160ms
[2020-10-07T09:43:08.521+0000][38832][gc,cpu       ] GC(40) User=0.00s Sys=0.00s Real=0.00s
[2020-10-07T09:43:08.521+0000][38832][safepoint    ] Safepoint "G1Concurrent", Time since last: 141661300 ns, Reaching safepoint: 195600 ns, At safepoint: 5468800 ns, Total: 5664400 ns
[2020-10-07T09:43:08.521+0000][38832][gc,marking   ] GC(40) Concurrent Rebuild Remembered Sets
[2020-10-07T09:43:08.615+0000][38832][gc,marking   ] GC(40) Concurrent Rebuild Remembered Sets 93.649ms
[2020-10-07T09:43:08.620+0000][38832][gc,start     ] GC(40) Pause Cleanup
[2020-10-07T09:43:08.620+0000][38832][gc           ] GC(40) Pause Cleanup 568M->568M(1024M) 0.374ms
[2020-10-07T09:43:08.620+0000][38832][gc,cpu       ] GC(40) User=0.00s Sys=0.00s Real=0.00s
[2020-10-07T09:43:08.620+0000][38832][safepoint    ] Safepoint "G1Concurrent", Time since last: 93845600 ns, Reaching safepoint: 4752600 ns, At safepoint: 608100 ns, Total: 5360700 ns
[2020-10-07T09:43:08.620+0000][38832][gc,marking   ] GC(40) Concurrent Cleanup for Next Mark
[2020-10-07T09:43:08.622+0000][38832][gc,marking   ] GC(40) Concurrent Cleanup for Next Mark 1.774ms
[2020-10-07T09:43:08.622+0000][38832][gc           ] GC(40) Concurrent Cycle 260.629ms
[2020-10-07T09:43:08.849+0000][38832][safepoint    ] Safepoint "BulkRevokeBias", Time since last: 225141600 ns, Reaching safepoint: 189900 ns, At safepoint: 3571200 ns, Total: 3761100 ns
[2020-10-07T09:43:08.896+0000][38832][gc,start     ] GC(41) Pause Young (Concurrent Start) (G1 Humongous Allocation)
[2020-10-07T09:43:08.896+0000][38832][gc,task      ] GC(41) Using 8 workers of 8 for evacuation
[2020-10-07T09:43:08.896+0000][38832][gc,age       ] GC(41) Desired survivor size 34078720 bytes, new threshold 15 (max threshold 15)
[2020-10-07T09:43:08.904+0000][38832][gc,age       ] GC(41) Age table with threshold 15 (max threshold 15)
[2020-10-07T09:43:08.905+0000][38832][gc,age       ] GC(41) - age   1:    2728384 bytes,    2728384 total
[2020-10-07T09:43:08.905+0000][38832][gc,age       ] GC(41) - age   2:     128256 bytes,    2856640 total
[2020-10-07T09:43:08.905+0000][38832][gc,age       ] GC(41) - age   3:    2298856 bytes,    5155496 total
[2020-10-07T09:43:08.905+0000][38832][gc,age       ] GC(41) - age   4:       3656 bytes,    5159152 total
[2020-10-07T09:43:08.905+0000][38832][gc,age       ] GC(41) - age   5:       5248 bytes,    5164400 total
[2020-10-07T09:43:08.905+0000][38832][gc,age       ] GC(41) - age   6:      11480 bytes,    5175880 total
[2020-10-07T09:43:08.905+0000][38832][gc,age       ] GC(41) - age   7:       2624 bytes,    5178504 total
[2020-10-07T09:43:08.905+0000][38832][gc,age       ] GC(41) - age   8:       3280 bytes,    5181784 total
[2020-10-07T09:43:08.905+0000][38832][gc,age       ] GC(41) - age   9:      18920 bytes,    5200704 total
[2020-10-07T09:43:08.905+0000][38832][gc,age       ] GC(41) - age  10:       1376 bytes,    5202080 total
[2020-10-07T09:43:08.905+0000][38832][gc,age       ] GC(41) - age  11:      13056 bytes,    5215136 total
[2020-10-07T09:43:08.905+0000][38832][gc,age       ] GC(41) - age  12:      40936 bytes,    5256072 total
[2020-10-07T09:43:08.905+0000][38832][gc,age       ] GC(41) - age  13:      56160 bytes,    5312232 total
[2020-10-07T09:43:08.905+0000][38832][gc,age       ] GC(41) - age  14:     274944 bytes,    5587176 total
[2020-10-07T09:43:08.905+0000][38832][gc,age       ] GC(41) - age  15:     316592 bytes,    5903768 total
[2020-10-07T09:43:08.905+0000][38832][gc,phases    ] GC(41)   Pre Evacuate Collection Set: 0.6ms
[2020-10-07T09:43:08.905+0000][38832][gc,phases    ] GC(41)   Merge Heap Roots: 0.1ms
[2020-10-07T09:43:08.905+0000][38832][gc,phases    ] GC(41)   Evacuate Collection Set: 6.1ms
[2020-10-07T09:43:08.905+0000][38832][gc,phases    ] GC(41)   Post Evacuate Collection Set: 1.1ms
[2020-10-07T09:43:08.905+0000][38832][gc,phases    ] GC(41)   Other: 1.2ms
[2020-10-07T09:43:08.906+0000][38832][gc,heap      ] GC(41) Eden regions: 98->0(503)
[2020-10-07T09:43:08.906+0000][38832][gc,heap      ] GC(41) Survivor regions: 13->7(65)
[2020-10-07T09:43:08.906+0000][38832][gc,heap      ] GC(41) Old regions: 68->72
[2020-10-07T09:43:08.906+0000][38832][gc,heap      ] GC(41) Archive regions: 0->0
[2020-10-07T09:43:08.906+0000][38832][gc,heap      ] GC(41) Humongous regions: 412->174
[2020-10-07T09:43:08.906+0000][38832][gc,metaspace ] GC(41) Metaspace: 83262K(89216K)->83262K(89216K) NonClass: 72224K(75776K)->72224K(75776K) Class: 11037K(13440K)->11037K(13440K)
[2020-10-07T09:43:08.906+0000][38832][gc           ] GC(41) Pause Young (Concurrent Start) (G1 Humongous Allocation) 590M->252M(1024M) 9.626ms
[2020-10-07T09:43:08.906+0000][38832][gc,cpu       ] GC(41) User=0.08s Sys=0.00s Real=0.01s
[2020-10-07T09:43:08.906+0000][38832][gc           ] GC(42) Concurrent Cycle
[2020-10-07T09:43:08.906+0000][38832][safepoint    ] Safepoint "G1TryInitiateConcMark", Time since last: 46752400 ns, Reaching safepoint: 180900 ns, At safepoint: 9908200 ns, Total: 10089100 ns
[2020-10-07T09:43:08.906+0000][38832][gc,marking   ] GC(42) Concurrent Clear Claimed Marks
[2020-10-07T09:43:08.906+0000][38832][gc,marking   ] GC(42) Concurrent Clear Claimed Marks 0.412ms
[2020-10-07T09:43:08.907+0000][38832][gc,marking   ] GC(42) Concurrent Scan Root Regions
[2020-10-07T09:43:08.912+0000][38832][gc,marking   ] GC(42) Concurrent Scan Root Regions 5.646ms
[2020-10-07T09:43:08.912+0000][38832][gc,marking   ] GC(42) Concurrent Mark (64.118s)
[2020-10-07T09:43:08.912+0000][38832][gc,marking   ] GC(42) Concurrent Mark From Roots
[2020-10-07T09:43:08.912+0000][38832][gc,task      ] GC(42) Using 2 workers of 2 for marking
[2020-10-07T09:43:09.082+0000][38832][gc,marking   ] GC(42) Concurrent Mark From Roots 169.699ms
[2020-10-07T09:43:09.082+0000][38832][gc,marking   ] GC(42) Concurrent Preclean
[2020-10-07T09:43:09.083+0000][38832][gc,marking   ] GC(42) Concurrent Preclean 1.213ms
[2020-10-07T09:43:09.084+0000][38832][gc,marking   ] GC(42) Concurrent Mark (64.118s, 64.290s) 171.389ms
[2020-10-07T09:43:09.087+0000][38832][gc,start     ] GC(42) Pause Remark
[2020-10-07T09:43:09.100+0000][38832][gc           ] GC(42) Pause Remark 566M->566M(1024M) 12.899ms
[2020-10-07T09:43:09.100+0000][38832][gc,cpu       ] GC(42) User=0.03s Sys=0.00s Real=0.01s
[2020-10-07T09:43:09.107+0000][38832][safepoint    ] Safepoint "G1Concurrent", Time since last: 177857800 ns, Reaching safepoint: 2806300 ns, At safepoint: 19927700 ns, Total: 22734000 ns
[2020-10-07T09:43:09.107+0000][38832][gc,marking   ] GC(42) Concurrent Rebuild Remembered Sets
[2020-10-07T09:43:09.207+0000][38832][gc,marking   ] GC(42) Concurrent Rebuild Remembered Sets 100.655ms
[2020-10-07T09:43:09.209+0000][38832][gc,start     ] GC(42) Pause Cleanup
[2020-10-07T09:43:09.209+0000][38832][gc           ] GC(42) Pause Cleanup 587M->587M(1024M) 0.526ms
[2020-10-07T09:43:09.209+0000][38832][gc,cpu       ] GC(42) User=0.00s Sys=0.00s Real=0.00s
[2020-10-07T09:43:09.210+0000][38832][safepoint    ] Safepoint "G1Concurrent", Time since last: 100995500 ns, Reaching safepoint: 1147500 ns, At safepoint: 1565200 ns, Total: 2712700 ns
[2020-10-07T09:43:09.210+0000][38832][gc,marking   ] GC(42) Concurrent Cleanup for Next Mark
[2020-10-07T09:43:09.212+0000][38832][gc,marking   ] GC(42) Concurrent Cleanup for Next Mark 1.978ms
[2020-10-07T09:43:09.213+0000][38832][gc           ] GC(42) Concurrent Cycle 306.618ms
[2020-10-07T09:43:09.270+0000][38832][safepoint    ] Safepoint "ICBufferFull", Time since last: 59554200 ns, Reaching safepoint: 363300 ns, At safepoint: 21700 ns, Total: 385000 ns
[2020-10-07T09:43:09.290+0000][38832][gc,start     ] GC(43) Pause Young (Concurrent Start) (G1 Humongous Allocation)
[2020-10-07T09:43:09.290+0000][38832][gc,task      ] GC(43) Using 8 workers of 8 for evacuation
[2020-10-07T09:43:09.290+0000][38832][gc,age       ] GC(43) Desired survivor size 33554432 bytes, new threshold 15 (max threshold 15)
[2020-10-07T09:43:09.296+0000][38832][gc,age       ] GC(43) Age table with threshold 15 (max threshold 15)
[2020-10-07T09:43:09.296+0000][38832][gc,age       ] GC(43) - age   1:    3919968 bytes,    3919968 total
[2020-10-07T09:43:09.296+0000][38832][gc,age       ] GC(43) - age   2:      40560 bytes,    3960528 total
[2020-10-07T09:43:09.296+0000][38832][gc,age       ] GC(43) - age   3:     126688 bytes,    4087216 total
[2020-10-07T09:43:09.296+0000][38832][gc,age       ] GC(43) - age   4:    2298664 bytes,    6385880 total
[2020-10-07T09:43:09.296+0000][38832][gc,age       ] GC(43) - age   5:       3464 bytes,    6389344 total
[2020-10-07T09:43:09.296+0000][38832][gc,age       ] GC(43) - age   6:       5248 bytes,    6394592 total
[2020-10-07T09:43:09.296+0000][38832][gc,age       ] GC(43) - age   7:      11416 bytes,    6406008 total
[2020-10-07T09:43:09.296+0000][38832][gc,age       ] GC(43) - age   8:       2496 bytes,    6408504 total
[2020-10-07T09:43:09.296+0000][38832][gc,age       ] GC(43) - age   9:       3248 bytes,    6411752 total
[2020-10-07T09:43:09.296+0000][38832][gc,age       ] GC(43) - age  10:      18824 bytes,    6430576 total
[2020-10-07T09:43:09.296+0000][38832][gc,age       ] GC(43) - age  11:       1376 bytes,    6431952 total
[2020-10-07T09:43:09.296+0000][38832][gc,age       ] GC(43) - age  12:      13056 bytes,    6445008 total
[2020-10-07T09:43:09.296+0000][38832][gc,age       ] GC(43) - age  13:      40936 bytes,    6485944 total
[2020-10-07T09:43:09.296+0000][38832][gc,age       ] GC(43) - age  14:      56160 bytes,    6542104 total
[2020-10-07T09:43:09.297+0000][38832][gc,age       ] GC(43) - age  15:     274944 bytes,    6817048 total
[2020-10-07T09:43:09.297+0000][38832][gc,phases    ] GC(43)   Pre Evacuate Collection Set: 0.5ms
[2020-10-07T09:43:09.297+0000][38832][gc,phases    ] GC(43)   Merge Heap Roots: 0.1ms
[2020-10-07T09:43:09.297+0000][38832][gc,phases    ] GC(43)   Evacuate Collection Set: 3.7ms
[2020-10-07T09:43:09.297+0000][38832][gc,phases    ] GC(43)   Post Evacuate Collection Set: 1.2ms
[2020-10-07T09:43:09.297+0000][38832][gc,phases    ] GC(43)   Other: 1.5ms
[2020-10-07T09:43:09.297+0000][38832][gc,heap      ] GC(43) Eden regions: 93->0(501)
[2020-10-07T09:43:09.297+0000][38832][gc,heap      ] GC(43) Survivor regions: 7->7(64)
[2020-10-07T09:43:09.297+0000][38832][gc,heap      ] GC(43) Old regions: 72->73
[2020-10-07T09:43:09.297+0000][38832][gc,heap      ] GC(43) Archive regions: 0->0
[2020-10-07T09:43:09.297+0000][38832][gc,heap      ] GC(43) Humongous regions: 430->174
[2020-10-07T09:43:09.297+0000][38832][gc,metaspace ] GC(43) Metaspace: 83113K(89216K)->83113K(89216K) NonClass: 72141K(75776K)->72141K(75776K) Class: 10972K(13440K)->10972K(13440K)
[2020-10-07T09:43:09.297+0000][38832][gc           ] GC(43) Pause Young (Concurrent Start) (G1 Humongous Allocation) 601M->253M(1024M) 7.497ms
[2020-10-07T09:43:09.297+0000][38832][gc,cpu       ] GC(43) User=0.00s Sys=0.00s Real=0.01s
[2020-10-07T09:43:09.297+0000][38832][gc           ] GC(44) Concurrent Cycle
[2020-10-07T09:43:09.297+0000][38832][safepoint    ] Safepoint "G1TryInitiateConcMark", Time since last: 19185000 ns, Reaching safepoint: 261000 ns, At safepoint: 7781200 ns, Total: 8042200 ns
[2020-10-07T09:43:09.298+0000][38832][gc,marking   ] GC(44) Concurrent Clear Claimed Marks
[2020-10-07T09:43:09.298+0000][38832][gc,marking   ] GC(44) Concurrent Clear Claimed Marks 0.440ms
[2020-10-07T09:43:09.298+0000][38832][gc,marking   ] GC(44) Concurrent Scan Root Regions
[2020-10-07T09:43:09.301+0000][38832][gc,marking   ] GC(44) Concurrent Scan Root Regions 3.144ms
[2020-10-07T09:43:09.301+0000][38832][gc,marking   ] GC(44) Concurrent Mark (64.507s)
[2020-10-07T09:43:09.301+0000][38832][gc,marking   ] GC(44) Concurrent Mark From Roots
[2020-10-07T09:43:09.301+0000][38832][gc,task      ] GC(44) Using 2 workers of 2 for marking
[2020-10-07T09:43:09.477+0000][38832][gc,marking   ] GC(44) Concurrent Mark From Roots 175.291ms
[2020-10-07T09:43:09.477+0000][38832][gc,marking   ] GC(44) Concurrent Preclean
[2020-10-07T09:43:09.478+0000][38832][gc,marking   ] GC(44) Concurrent Preclean 0.850ms
[2020-10-07T09:43:09.478+0000][38832][gc,marking   ] GC(44) Concurrent Mark (64.507s, 64.684s) 176.417ms
[2020-10-07T09:43:09.478+0000][38832][gc,start     ] GC(44) Pause Remark
[2020-10-07T09:43:09.493+0000][38832][gc           ] GC(44) Pause Remark 319M->319M(1024M) 14.486ms
[2020-10-07T09:43:09.493+0000][38832][gc,cpu       ] GC(44) User=0.11s Sys=0.00s Real=0.02s
[2020-10-07T09:43:09.496+0000][38832][safepoint    ] Safepoint "G1Concurrent", Time since last: 180335600 ns, Reaching safepoint: 187000 ns, At safepoint: 18467500 ns, Total: 18654500 ns
[2020-10-07T09:43:09.497+0000][38832][gc,marking   ] GC(44) Concurrent Rebuild Remembered Sets
[2020-10-07T09:43:09.544+0000][38832][safepoint    ] Safepoint "ICBufferFull", Time since last: 46630100 ns, Reaching safepoint: 665100 ns, At safepoint: 28500 ns, Total: 693600 ns
[2020-10-07T09:43:09.593+0000][38832][gc,marking   ] GC(44) Concurrent Rebuild Remembered Sets 96.236ms
[2020-10-07T09:43:09.601+0000][38832][gc,start     ] GC(44) Pause Cleanup
[2020-10-07T09:43:09.601+0000][38832][gc           ] GC(44) Pause Cleanup 382M->382M(1024M) 0.382ms
[2020-10-07T09:43:09.601+0000][38832][gc,cpu       ] GC(44) User=0.00s Sys=0.00s Real=0.00s
[2020-10-07T09:43:09.604+0000][38832][safepoint    ] Safepoint "G1Concurrent", Time since last: 49201900 ns, Reaching safepoint: 7751100 ns, At safepoint: 3445900 ns, Total: 11197000 ns
[2020-10-07T09:43:09.604+0000][38832][gc,marking   ] GC(44) Concurrent Cleanup for Next Mark
[2020-10-07T09:43:09.606+0000][38832][gc,marking   ] GC(44) Concurrent Cleanup for Next Mark 1.982ms
[2020-10-07T09:43:09.607+0000][38832][gc           ] GC(44) Concurrent Cycle 309.072ms
[2020-10-07T09:43:09.751+0000][38832][gc,start     ] GC(45) Pause Young (Concurrent Start) (G1 Humongous Allocation)
[2020-10-07T09:43:09.751+0000][38832][gc,task      ] GC(45) Using 8 workers of 8 for evacuation
[2020-10-07T09:43:09.751+0000][38832][gc,age       ] GC(45) Desired survivor size 33554432 bytes, new threshold 15 (max threshold 15)
[2020-10-07T09:43:09.757+0000][38832][gc,age       ] GC(45) Age table with threshold 15 (max threshold 15)
[2020-10-07T09:43:09.757+0000][38832][gc,age       ] GC(45) - age   1:    3360480 bytes,    3360480 total
[2020-10-07T09:43:09.757+0000][38832][gc,age       ] GC(45) - age   2:     620856 bytes,    3981336 total
[2020-10-07T09:43:09.757+0000][38832][gc,age       ] GC(45) - age   3:      38664 bytes,    4020000 total
[2020-10-07T09:43:09.757+0000][38832][gc,age       ] GC(45) - age   4:     126656 bytes,    4146656 total
[2020-10-07T09:43:09.757+0000][38832][gc,age       ] GC(45) - age   5:    2298664 bytes,    6445320 total
[2020-10-07T09:43:09.757+0000][38832][gc,age       ] GC(45) - age   6:       3304 bytes,    6448624 total
[2020-10-07T09:43:09.757+0000][38832][gc,age       ] GC(45) - age   7:       5184 bytes,    6453808 total
[2020-10-07T09:43:09.757+0000][38832][gc,age       ] GC(45) - age   8:      11224 bytes,    6465032 total
[2020-10-07T09:43:09.757+0000][38832][gc,age       ] GC(45) - age   9:       2176 bytes,    6467208 total
[2020-10-07T09:43:09.757+0000][38832][gc,age       ] GC(45) - age  10:       3216 bytes,    6470424 total
[2020-10-07T09:43:09.757+0000][38832][gc,age       ] GC(45) - age  11:      18824 bytes,    6489248 total
[2020-10-07T09:43:09.757+0000][38832][gc,age       ] GC(45) - age  12:       1376 bytes,    6490624 total
[2020-10-07T09:43:09.757+0000][38832][gc,age       ] GC(45) - age  13:      13056 bytes,    6503680 total
[2020-10-07T09:43:09.758+0000][38832][gc,age       ] GC(45) - age  14:      40936 bytes,    6544616 total
[2020-10-07T09:43:09.758+0000][38832][gc,age       ] GC(45) - age  15:      56160 bytes,    6600776 total
[2020-10-07T09:43:09.758+0000][38832][gc,phases    ] GC(45)   Pre Evacuate Collection Set: 0.6ms
[2020-10-07T09:43:09.758+0000][38832][gc,phases    ] GC(45)   Merge Heap Roots: 0.1ms
[2020-10-07T09:43:09.758+0000][38832][gc,phases    ] GC(45)   Evacuate Collection Set: 3.7ms
[2020-10-07T09:43:09.758+0000][38832][gc,phases    ] GC(45)   Post Evacuate Collection Set: 0.9ms
[2020-10-07T09:43:09.758+0000][38832][gc,phases    ] GC(45)   Other: 1.3ms
[2020-10-07T09:43:09.758+0000][38832][gc,heap      ] GC(45) Eden regions: 44->0(502)
[2020-10-07T09:43:09.758+0000][38832][gc,heap      ] GC(45) Survivor regions: 7->7(64)
[2020-10-07T09:43:09.758+0000][38832][gc,heap      ] GC(45) Old regions: 73->73
[2020-10-07T09:43:09.758+0000][38832][gc,heap      ] GC(45) Archive regions: 0->0
[2020-10-07T09:43:09.758+0000][38832][gc,heap      ] GC(45) Humongous regions: 278->174
[2020-10-07T09:43:09.758+0000][38832][gc,metaspace ] GC(45) Metaspace: 82873K(89216K)->82873K(89216K) NonClass: 71987K(75776K)->71987K(75776K) Class: 10885K(13440K)->10885K(13440K)
[2020-10-07T09:43:09.758+0000][38832][gc           ] GC(45) Pause Young (Concurrent Start) (G1 Humongous Allocation) 400M->253M(1024M) 7.027ms
[2020-10-07T09:43:09.758+0000][38832][gc,cpu       ] GC(45) User=0.11s Sys=0.00s Real=0.01s
[2020-10-07T09:43:09.758+0000][38832][gc           ] GC(46) Concurrent Cycle
[2020-10-07T09:43:09.758+0000][38832][safepoint    ] Safepoint "G1TryInitiateConcMark", Time since last: 146766300 ns, Reaching safepoint: 301100 ns, At safepoint: 7301400 ns, Total: 7602500 ns
[2020-10-07T09:43:09.759+0000][38832][gc,marking   ] GC(46) Concurrent Clear Claimed Marks
[2020-10-07T09:43:09.759+0000][38832][gc,marking   ] GC(46) Concurrent Clear Claimed Marks 0.536ms
[2020-10-07T09:43:09.759+0000][38832][gc,marking   ] GC(46) Concurrent Scan Root Regions
[2020-10-07T09:43:09.763+0000][38832][gc,marking   ] GC(46) Concurrent Scan Root Regions 4.257ms
[2020-10-07T09:43:09.764+0000][38832][gc,marking   ] GC(46) Concurrent Mark (64.970s)
[2020-10-07T09:43:09.764+0000][38832][gc,marking   ] GC(46) Concurrent Mark From Roots
[2020-10-07T09:43:09.764+0000][38832][gc,task      ] GC(46) Using 2 workers of 2 for marking
[2020-10-07T09:43:09.938+0000][38832][gc,marking   ] GC(46) Concurrent Mark From Roots 174.066ms
[2020-10-07T09:43:09.938+0000][38832][gc,marking   ] GC(46) Concurrent Preclean
[2020-10-07T09:43:09.939+0000][38832][gc,marking   ] GC(46) Concurrent Preclean 0.850ms
[2020-10-07T09:43:09.939+0000][38832][gc,marking   ] GC(46) Concurrent Mark (64.970s, 65.145s) 175.162ms
[2020-10-07T09:43:09.939+0000][38832][gc,start     ] GC(46) Pause Remark
[2020-10-07T09:43:09.951+0000][38832][gc           ] GC(46) Pause Remark 386M->386M(1024M) 11.382ms
[2020-10-07T09:43:09.951+0000][38832][gc,cpu       ] GC(46) User=0.11s Sys=0.00s Real=0.01s
[2020-10-07T09:43:09.979+0000][38832][safepoint    ] Safepoint "G1Concurrent", Time since last: 180396800 ns, Reaching safepoint: 457300 ns, At safepoint: 39178500 ns, Total: 39635800 ns
[2020-10-07T09:43:09.979+0000][38832][gc,marking   ] GC(46) Concurrent Rebuild Remembered Sets
[2020-10-07T09:43:10.078+0000][38832][gc,marking   ] GC(46) Concurrent Rebuild Remembered Sets 99.843ms
[2020-10-07T09:43:10.079+0000][38832][gc,start     ] GC(46) Pause Cleanup
[2020-10-07T09:43:10.080+0000][38832][gc           ] GC(46) Pause Cleanup 389M->389M(1024M) 0.373ms
[2020-10-07T09:43:10.080+0000][38832][gc,cpu       ] GC(46) User=0.00s Sys=0.00s Real=0.00s
[2020-10-07T09:43:10.080+0000][38832][safepoint    ] Safepoint "G1Concurrent", Time since last: 100108900 ns, Reaching safepoint: 591500 ns, At safepoint: 623300 ns, Total: 1214800 ns
[2020-10-07T09:43:10.080+0000][38832][gc,marking   ] GC(46) Concurrent Cleanup for Next Mark
[2020-10-07T09:43:10.082+0000][38832][gc,marking   ] GC(46) Concurrent Cleanup for Next Mark 1.895ms
[2020-10-07T09:43:10.082+0000][38832][gc           ] GC(46) Concurrent Cycle 323.531ms
[2020-10-07T09:43:10.132+0000][38832][safepoint    ] Safepoint "ICBufferFull", Time since last: 51368100 ns, Reaching safepoint: 515600 ns, At safepoint: 38600 ns, Total: 554200 ns
[2020-10-07T09:43:10.151+0000][38832][gc,start     ] GC(47) Pause Young (Concurrent Start) (G1 Humongous Allocation)
[2020-10-07T09:43:10.152+0000][38832][gc,task      ] GC(47) Using 8 workers of 8 for evacuation
[2020-10-07T09:43:10.152+0000][38832][gc,age       ] GC(47) Desired survivor size 33554432 bytes, new threshold 15 (max threshold 15)
[2020-10-07T09:43:10.157+0000][38832][gc,age       ] GC(47) Age table with threshold 15 (max threshold 15)
[2020-10-07T09:43:10.157+0000][38832][gc,age       ] GC(47) - age   1:    3212320 bytes,    3212320 total
[2020-10-07T09:43:10.157+0000][38832][gc,age       ] GC(47) - age   2:     458112 bytes,    3670432 total
[2020-10-07T09:43:10.157+0000][38832][gc,age       ] GC(47) - age   3:     220808 bytes,    3891240 total
[2020-10-07T09:43:10.157+0000][38832][gc,age       ] GC(47) - age   4:      38120 bytes,    3929360 total
[2020-10-07T09:43:10.157+0000][38832][gc,age       ] GC(47) - age   5:     126560 bytes,    4055920 total
[2020-10-07T09:43:10.157+0000][38832][gc,age       ] GC(47) - age   6:    2298600 bytes,    6354520 total
[2020-10-07T09:43:10.157+0000][38832][gc,age       ] GC(47) - age   7:       3080 bytes,    6357600 total
[2020-10-07T09:43:10.157+0000][38832][gc,age       ] GC(47) - age   8:       4752 bytes,    6362352 total
[2020-10-07T09:43:10.157+0000][38832][gc,age       ] GC(47) - age   9:      11128 bytes,    6373480 total
[2020-10-07T09:43:10.157+0000][38832][gc,age       ] GC(47) - age  10:       2048 bytes,    6375528 total
[2020-10-07T09:43:10.157+0000][38832][gc,age       ] GC(47) - age  11:       3216 bytes,    6378744 total
[2020-10-07T09:43:10.157+0000][38832][gc,age       ] GC(47) - age  12:      18760 bytes,    6397504 total
[2020-10-07T09:43:10.158+0000][38832][gc,age       ] GC(47) - age  13:       1312 bytes,    6398816 total
[2020-10-07T09:43:10.158+0000][38832][gc,age       ] GC(47) - age  14:      12904 bytes,    6411720 total
[2020-10-07T09:43:10.158+0000][38832][gc,age       ] GC(47) - age  15:      40936 bytes,    6452656 total
[2020-10-07T09:43:10.158+0000][38832][gc,phases    ] GC(47)   Pre Evacuate Collection Set: 0.6ms
[2020-10-07T09:43:10.158+0000][38832][gc,phases    ] GC(47)   Merge Heap Roots: 0.1ms
[2020-10-07T09:43:10.158+0000][38832][gc,phases    ] GC(47)   Evacuate Collection Set: 3.4ms
[2020-10-07T09:43:10.158+0000][38832][gc,phases    ] GC(47)   Post Evacuate Collection Set: 0.9ms
[2020-10-07T09:43:10.158+0000][38832][gc,phases    ] GC(47)   Other: 1.4ms
[2020-10-07T09:43:10.158+0000][38832][gc,heap      ] GC(47) Eden regions: 43->0(503)
[2020-10-07T09:43:10.158+0000][38832][gc,heap      ] GC(47) Survivor regions: 7->7(64)
[2020-10-07T09:43:10.158+0000][38832][gc,heap      ] GC(47) Old regions: 73->73
[2020-10-07T09:43:10.158+0000][38832][gc,heap      ] GC(47) Archive regions: 0->0
[2020-10-07T09:43:10.158+0000][38832][gc,heap      ] GC(47) Humongous regions: 278->174
[2020-10-07T09:43:10.158+0000][38832][gc,metaspace ] GC(47) Metaspace: 82912K(89216K)->82912K(89216K) NonClass: 72027K(75776K)->72027K(75776K) Class: 10885K(13440K)->10885K(13440K)
[2020-10-07T09:43:10.158+0000][38832][gc           ] GC(47) Pause Young (Concurrent Start) (G1 Humongous Allocation) 400M->253M(1024M) 6.870ms
[2020-10-07T09:43:10.158+0000][38832][gc,cpu       ] GC(47) User=0.00s Sys=0.00s Real=0.01s
[2020-10-07T09:43:10.158+0000][38832][gc           ] GC(48) Concurrent Cycle
[2020-10-07T09:43:10.158+0000][38832][safepoint    ] Safepoint "G1TryInitiateConcMark", Time since last: 19174800 ns, Reaching safepoint: 407800 ns, At safepoint: 7149000 ns, Total: 7556800 ns
[2020-10-07T09:43:10.159+0000][38832][gc,marking   ] GC(48) Concurrent Clear Claimed Marks
[2020-10-07T09:43:10.159+0000][38832][gc,marking   ] GC(48) Concurrent Clear Claimed Marks 0.610ms
[2020-10-07T09:43:10.159+0000][38832][gc,marking   ] GC(48) Concurrent Scan Root Regions
[2020-10-07T09:43:10.163+0000][38832][gc,marking   ] GC(48) Concurrent Scan Root Regions 4.170ms
[2020-10-07T09:43:10.164+0000][38832][gc,marking   ] GC(48) Concurrent Mark (65.370s)
[2020-10-07T09:43:10.164+0000][38832][gc,marking   ] GC(48) Concurrent Mark From Roots
[2020-10-07T09:43:10.164+0000][38832][gc,task      ] GC(48) Using 2 workers of 2 for marking
[2020-10-07T09:43:10.341+0000][38832][gc,marking   ] GC(48) Concurrent Mark From Roots 177.604ms
[2020-10-07T09:43:10.341+0000][38832][gc,marking   ] GC(48) Concurrent Preclean
[2020-10-07T09:43:10.342+0000][38832][gc,marking   ] GC(48) Concurrent Preclean 0.898ms
[2020-10-07T09:43:10.342+0000][38832][gc,marking   ] GC(48) Concurrent Mark (65.370s, 65.548s) 178.759ms
[2020-10-07T09:43:10.343+0000][38832][gc,start     ] GC(48) Pause Remark
[2020-10-07T09:43:10.354+0000][38832][gc           ] GC(48) Pause Remark 320M->320M(1024M) 11.198ms
[2020-10-07T09:43:10.354+0000][38832][gc,cpu       ] GC(48) User=0.09s Sys=0.00s Real=0.01s
[2020-10-07T09:43:10.355+0000][38832][safepoint    ] Safepoint "G1Concurrent", Time since last: 184018500 ns, Reaching safepoint: 493800 ns, At safepoint: 11946500 ns, Total: 12440300 ns
[2020-10-07T09:43:10.355+0000][38832][gc,marking   ] GC(48) Concurrent Rebuild Remembered Sets
[2020-10-07T09:43:10.425+0000][38832][safepoint    ] Safepoint "ICBufferFull", Time since last: 69737200 ns, Reaching safepoint: 564200 ns, At safepoint: 30900 ns, Total: 595100 ns
[2020-10-07T09:43:10.450+0000][38832][gc,marking   ] GC(48) Concurrent Rebuild Remembered Sets 95.381ms
[2020-10-07T09:43:10.451+0000][38832][gc,start     ] GC(48) Pause Cleanup
[2020-10-07T09:43:10.451+0000][38832][gc           ] GC(48) Pause Cleanup 382M->382M(1024M) 0.404ms
[2020-10-07T09:43:10.451+0000][38832][gc,cpu       ] GC(48) User=0.00s Sys=0.00s Real=0.00s
[2020-10-07T09:43:10.451+0000][38832][safepoint    ] Safepoint "G1Concurrent", Time since last: 25261800 ns, Reaching safepoint: 258600 ns, At safepoint: 721500 ns, Total: 980100 ns
[2020-10-07T09:43:10.451+0000][38832][gc,marking   ] GC(48) Concurrent Cleanup for Next Mark
[2020-10-07T09:43:10.453+0000][38832][gc,marking   ] GC(48) Concurrent Cleanup for Next Mark 2.065ms
[2020-10-07T09:43:10.454+0000][38832][gc           ] GC(48) Concurrent Cycle 295.329ms
[2020-10-07T09:43:10.544+0000][38832][gc,start     ] GC(49) Pause Young (Concurrent Start) (G1 Humongous Allocation)
[2020-10-07T09:43:10.544+0000][38832][gc,task      ] GC(49) Using 8 workers of 8 for evacuation
[2020-10-07T09:43:10.544+0000][38832][gc,age       ] GC(49) Desired survivor size 33554432 bytes, new threshold 15 (max threshold 15)
[2020-10-07T09:43:10.548+0000][38832][gc,age       ] GC(49) Age table with threshold 15 (max threshold 15)
[2020-10-07T09:43:10.548+0000][38832][gc,age       ] GC(49) - age   1:    3082120 bytes,    3082120 total
[2020-10-07T09:43:10.548+0000][38832][gc,age       ] GC(49) - age   2:      29576 bytes,    3111696 total
[2020-10-07T09:43:10.548+0000][38832][gc,age       ] GC(49) - age   3:      53880 bytes,    3165576 total
[2020-10-07T09:43:10.548+0000][38832][gc,age       ] GC(49) - age   4:      19544 bytes,    3185120 total
[2020-10-07T09:43:10.548+0000][38832][gc,age       ] GC(49) - age   5:      37960 bytes,    3223080 total
[2020-10-07T09:43:10.548+0000][38832][gc,age       ] GC(49) - age   6:     126496 bytes,    3349576 total
[2020-10-07T09:43:10.548+0000][38832][gc,age       ] GC(49) - age   7:    2298600 bytes,    5648176 total
[2020-10-07T09:43:10.548+0000][38832][gc,age       ] GC(49) - age   8:       2888 bytes,    5651064 total
[2020-10-07T09:43:10.548+0000][38832][gc,age       ] GC(49) - age   9:       4624 bytes,    5655688 total
[2020-10-07T09:43:10.549+0000][38832][gc,age       ] GC(49) - age  10:      11128 bytes,    5666816 total
[2020-10-07T09:43:10.549+0000][38832][gc,age       ] GC(49) - age  11:       2048 bytes,    5668864 total
[2020-10-07T09:43:10.549+0000][38832][gc,age       ] GC(49) - age  12:       3088 bytes,    5671952 total
[2020-10-07T09:43:10.549+0000][38832][gc,age       ] GC(49) - age  13:      18664 bytes,    5690616 total
[2020-10-07T09:43:10.549+0000][38832][gc,age       ] GC(49) - age  14:       1312 bytes,    5691928 total
[2020-10-07T09:43:10.549+0000][38832][gc,age       ] GC(49) - age  15:      12904 bytes,    5704832 total
[2020-10-07T09:43:10.549+0000][38832][gc,phases    ] GC(49)   Pre Evacuate Collection Set: 0.4ms
[2020-10-07T09:43:10.549+0000][38832][gc,phases    ] GC(49)   Merge Heap Roots: 0.1ms
[2020-10-07T09:43:10.549+0000][38832][gc,phases    ] GC(49)   Evacuate Collection Set: 2.4ms
[2020-10-07T09:43:10.549+0000][38832][gc,phases    ] GC(49)   Post Evacuate Collection Set: 0.9ms
[2020-10-07T09:43:10.549+0000][38832][gc,phases    ] GC(49)   Other: 1.2ms
[2020-10-07T09:43:10.549+0000][38832][gc,heap      ] GC(49) Eden regions: 44->0(504)
[2020-10-07T09:43:10.549+0000][38832][gc,heap      ] GC(49) Survivor regions: 7->6(64)
[2020-10-07T09:43:10.549+0000][38832][gc,heap      ] GC(49) Old regions: 73->73
[2020-10-07T09:43:10.549+0000][38832][gc,heap      ] GC(49) Archive regions: 0->0
[2020-10-07T09:43:10.549+0000][38832][gc,heap      ] GC(49) Humongous regions: 272->174
[2020-10-07T09:43:10.549+0000][38832][gc,metaspace ] GC(49) Metaspace: 82933K(89216K)->82933K(89216K) NonClass: 72051K(75776K)->72051K(75776K) Class: 10881K(13440K)->10881K(13440K)
[2020-10-07T09:43:10.550+0000][38832][gc           ] GC(49) Pause Young (Concurrent Start) (G1 Humongous Allocation) 395M->252M(1024M) 5.704ms
[2020-10-07T09:43:10.550+0000][38832][gc,cpu       ] GC(49) User=0.00s Sys=0.00s Real=0.01s
[2020-10-07T09:43:10.550+0000][38832][gc           ] GC(50) Concurrent Cycle
[2020-10-07T09:43:10.550+0000][38832][safepoint    ] Safepoint "G1TryInitiateConcMark", Time since last: 92166200 ns, Reaching safepoint: 254000 ns, At safepoint: 6008500 ns, Total: 6262500 ns
[2020-10-07T09:43:10.550+0000][38832][gc,marking   ] GC(50) Concurrent Clear Claimed Marks
[2020-10-07T09:43:10.550+0000][38832][gc,marking   ] GC(50) Concurrent Clear Claimed Marks 0.404ms
[2020-10-07T09:43:10.550+0000][38832][gc,marking   ] GC(50) Concurrent Scan Root Regions
[2020-10-07T09:43:10.553+0000][38832][gc,marking   ] GC(50) Concurrent Scan Root Regions 2.590ms
[2020-10-07T09:43:10.553+0000][38832][gc,marking   ] GC(50) Concurrent Mark (65.759s)
[2020-10-07T09:43:10.553+0000][38832][gc,marking   ] GC(50) Concurrent Mark From Roots
[2020-10-07T09:43:10.553+0000][38832][gc,task      ] GC(50) Using 2 workers of 2 for marking
[2020-10-07T09:43:10.716+0000][38832][gc,marking   ] GC(50) Concurrent Mark From Roots 162.839ms
[2020-10-07T09:43:10.716+0000][38832][gc,marking   ] GC(50) Concurrent Preclean
[2020-10-07T09:43:10.717+0000][38832][gc,marking   ] GC(50) Concurrent Preclean 0.973ms
[2020-10-07T09:43:10.717+0000][38832][gc,marking   ] GC(50) Concurrent Mark (65.759s, 65.923s) 164.120ms
[2020-10-07T09:43:10.724+0000][38832][gc,start     ] GC(50) Pause Remark
[2020-10-07T09:43:10.729+0000][38832][gc           ] GC(50) Pause Remark 316M->316M(1024M) 5.036ms
[2020-10-07T09:43:10.729+0000][38832][gc,cpu       ] GC(50) User=0.05s Sys=0.00s Real=0.01s
[2020-10-07T09:43:10.729+0000][38832][safepoint    ] Safepoint "G1Concurrent", Time since last: 167508100 ns, Reaching safepoint: 6404600 ns, At safepoint: 5467800 ns, Total: 11872400 ns
[2020-10-07T09:43:10.729+0000][38832][gc,marking   ] GC(50) Concurrent Rebuild Remembered Sets
[2020-10-07T09:43:10.830+0000][38832][gc,marking   ] GC(50) Concurrent Rebuild Remembered Sets 100.431ms
[2020-10-07T09:43:10.832+0000][38832][gc,start     ] GC(50) Pause Cleanup
[2020-10-07T09:43:10.832+0000][38832][gc           ] GC(50) Pause Cleanup 319M->319M(1024M) 0.387ms
[2020-10-07T09:43:10.832+0000][38832][gc,cpu       ] GC(50) User=0.00s Sys=0.00s Real=0.00s
[2020-10-07T09:43:10.832+0000][38832][safepoint    ] Safepoint "G1Concurrent", Time since last: 100695400 ns, Reaching safepoint: 1920400 ns, At safepoint: 743700 ns, Total: 2664100 ns
[2020-10-07T09:43:10.833+0000][38832][gc,marking   ] GC(50) Concurrent Cleanup for Next Mark
[2020-10-07T09:43:10.834+0000][38832][gc,marking   ] GC(50) Concurrent Cleanup for Next Mark 1.741ms
[2020-10-07T09:43:10.834+0000][38832][gc           ] GC(50) Concurrent Cycle 284.783ms
[2020-10-07T09:43:11.102+0000][38832][gc,start     ] GC(51) Pause Young (Concurrent Start) (G1 Humongous Allocation)
[2020-10-07T09:43:11.102+0000][38832][gc,task      ] GC(51) Using 8 workers of 8 for evacuation
[2020-10-07T09:43:11.102+0000][38832][gc,age       ] GC(51) Desired survivor size 33554432 bytes, new threshold 15 (max threshold 15)
[2020-10-07T09:43:11.107+0000][38832][gc,age       ] GC(51) Age table with threshold 15 (max threshold 15)
[2020-10-07T09:43:11.107+0000][38832][gc,age       ] GC(51) - age   1:    8118048 bytes,    8118048 total
[2020-10-07T09:43:11.107+0000][38832][gc,age       ] GC(51) - age   2:      10984 bytes,    8129032 total
[2020-10-07T09:43:11.107+0000][38832][gc,age       ] GC(51) - age   3:      28824 bytes,    8157856 total
[2020-10-07T09:43:11.107+0000][38832][gc,age       ] GC(51) - age   4:      53136 bytes,    8210992 total
[2020-10-07T09:43:11.108+0000][38832][gc,age       ] GC(51) - age   5:      19320 bytes,    8230312 total
[2020-10-07T09:43:11.108+0000][38832][gc,age       ] GC(51) - age   6:      37800 bytes,    8268112 total
[2020-10-07T09:43:11.108+0000][38832][gc,age       ] GC(51) - age   7:     126008 bytes,    8394120 total
[2020-10-07T09:43:11.108+0000][38832][gc,age       ] GC(51) - age   8:    2298248 bytes,   10692368 total
[2020-10-07T09:43:11.108+0000][38832][gc,age       ] GC(51) - age   9:       2856 bytes,   10695224 total
[2020-10-07T09:43:11.108+0000][38832][gc,age       ] GC(51) - age  10:       4592 bytes,   10699816 total
[2020-10-07T09:43:11.108+0000][38832][gc,age       ] GC(51) - age  11:      11096 bytes,   10710912 total
[2020-10-07T09:43:11.108+0000][38832][gc,age       ] GC(51) - age  12:       2048 bytes,   10712960 total
[2020-10-07T09:43:11.108+0000][38832][gc,age       ] GC(51) - age  13:       3088 bytes,   10716048 total
[2020-10-07T09:43:11.108+0000][38832][gc,age       ] GC(51) - age  14:      18664 bytes,   10734712 total
[2020-10-07T09:43:11.108+0000][38832][gc,age       ] GC(51) - age  15:       1312 bytes,   10736024 total
[2020-10-07T09:43:11.108+0000][38832][gc,phases    ] GC(51)   Pre Evacuate Collection Set: 0.5ms
[2020-10-07T09:43:11.108+0000][38832][gc,phases    ] GC(51)   Merge Heap Roots: 0.1ms
[2020-10-07T09:43:11.108+0000][38832][gc,phases    ] GC(51)   Evacuate Collection Set: 3.5ms
[2020-10-07T09:43:11.108+0000][38832][gc,phases    ] GC(51)   Post Evacuate Collection Set: 0.9ms
[2020-10-07T09:43:11.108+0000][38832][gc,phases    ] GC(51)   Other: 1.2ms
[2020-10-07T09:43:11.108+0000][38832][gc,heap      ] GC(51) Eden regions: 39->0(495)
[2020-10-07T09:43:11.108+0000][38832][gc,heap      ] GC(51) Survivor regions: 6->11(64)
[2020-10-07T09:43:11.108+0000][38832][gc,heap      ] GC(51) Old regions: 73->73
[2020-10-07T09:43:11.108+0000][38832][gc,heap      ] GC(51) Archive regions: 0->0
[2020-10-07T09:43:11.108+0000][38832][gc,heap      ] GC(51) Humongous regions: 234->174
[2020-10-07T09:43:11.108+0000][38832][gc,metaspace ] GC(51) Metaspace: 82961K(89472K)->82961K(89472K) NonClass: 72079K(76032K)->72079K(76032K) Class: 10881K(13440K)->10881K(13440K)
[2020-10-07T09:43:11.108+0000][38832][gc           ] GC(51) Pause Young (Concurrent Start) (G1 Humongous Allocation) 351M->257M(1024M) 6.519ms
[2020-10-07T09:43:11.108+0000][38832][gc,cpu       ] GC(51) User=0.00s Sys=0.00s Real=0.01s
[2020-10-07T09:43:11.109+0000][38832][gc           ] GC(52) Concurrent Cycle
[2020-10-07T09:43:11.109+0000][38832][gc,marking   ] GC(52) Concurrent Clear Claimed Marks
[2020-10-07T09:43:11.109+0000][38832][gc,marking   ] GC(52) Concurrent Clear Claimed Marks 0.308ms
[2020-10-07T09:43:11.109+0000][38832][gc,marking   ] GC(52) Concurrent Scan Root Regions
[2020-10-07T09:43:11.111+0000][38832][safepoint    ] Safepoint "G1TryInitiateConcMark", Time since last: 268857500 ns, Reaching safepoint: 385100 ns, At safepoint: 9422100 ns, Total: 9807200 ns
[2020-10-07T09:43:11.111+0000][38832][gc,marking   ] GC(52) Concurrent Scan Root Regions 2.228ms
[2020-10-07T09:43:11.111+0000][38832][gc,marking   ] GC(52) Concurrent Mark (66.317s)
[2020-10-07T09:43:11.111+0000][38832][gc,marking   ] GC(52) Concurrent Mark From Roots
[2020-10-07T09:43:11.111+0000][38832][gc,task      ] GC(52) Using 2 workers of 2 for marking
[2020-10-07T09:43:11.112+0000][38832][safepoint    ] Safepoint "G1TryInitiateConcMark", Time since last: 196300 ns, Reaching safepoint: 204300 ns, At safepoint: 39200 ns, Total: 243500 ns
[2020-10-07T09:43:11.293+0000][38832][gc,marking   ] GC(52) Concurrent Mark From Roots 181.566ms
[2020-10-07T09:43:11.293+0000][38832][gc,marking   ] GC(52) Concurrent Preclean
[2020-10-07T09:43:11.294+0000][38832][gc,marking   ] GC(52) Concurrent Preclean 0.861ms
[2020-10-07T09:43:11.294+0000][38832][gc,marking   ] GC(52) Concurrent Mark (66.317s, 66.500s) 182.684ms
[2020-10-07T09:43:11.299+0000][38832][gc,start     ] GC(52) Pause Remark
[2020-10-07T09:43:11.304+0000][38832][gc           ] GC(52) Pause Remark 558M->558M(1024M) 5.339ms
[2020-10-07T09:43:11.304+0000][38832][gc,cpu       ] GC(52) User=0.09s Sys=0.02s Real=0.00s
[2020-10-07T09:43:11.305+0000][38832][safepoint    ] Safepoint "G1Concurrent", Time since last: 182491900 ns, Reaching safepoint: 4607500 ns, At safepoint: 6167800 ns, Total: 10775300 ns
[2020-10-07T09:43:11.305+0000][38832][gc,marking   ] GC(52) Concurrent Rebuild Remembered Sets
[2020-10-07T09:43:11.404+0000][38832][gc,marking   ] GC(52) Concurrent Rebuild Remembered Sets 98.136ms
[2020-10-07T09:43:11.404+0000][38832][gc,start     ] GC(52) Pause Cleanup
[2020-10-07T09:43:11.405+0000][38832][gc           ] GC(52) Pause Cleanup 568M->568M(1024M) 0.352ms
[2020-10-07T09:43:11.405+0000][38832][gc,cpu       ] GC(52) User=0.00s Sys=0.00s Real=0.00s
[2020-10-07T09:43:11.405+0000][38832][safepoint    ] Safepoint "G1Concurrent", Time since last: 98409100 ns, Reaching safepoint: 496500 ns, At safepoint: 593800 ns, Total: 1090300 ns
[2020-10-07T09:43:11.405+0000][38832][gc,marking   ] GC(52) Concurrent Cleanup for Next Mark
[2020-10-07T09:43:11.407+0000][38832][gc,marking   ] GC(52) Concurrent Cleanup for Next Mark 1.832ms
[2020-10-07T09:43:11.407+0000][38832][gc           ] GC(52) Concurrent Cycle 297.953ms
[2020-10-07T09:43:11.472+0000][38832][gc,start     ] GC(53) Pause Young (Concurrent Start) (G1 Humongous Allocation)
[2020-10-07T09:43:11.472+0000][38832][gc,task      ] GC(53) Using 8 workers of 8 for evacuation
[2020-10-07T09:43:11.473+0000][38832][gc,age       ] GC(53) Desired survivor size 33554432 bytes, new threshold 15 (max threshold 15)
[2020-10-07T09:43:11.478+0000][38832][gc,age       ] GC(53) Age table with threshold 15 (max threshold 15)
[2020-10-07T09:43:11.478+0000][38832][gc,age       ] GC(53) - age   1:    3899912 bytes,    3899912 total
[2020-10-07T09:43:11.478+0000][38832][gc,age       ] GC(53) - age   2:       6968 bytes,    3906880 total
[2020-10-07T09:43:11.478+0000][38832][gc,age       ] GC(53) - age   3:       2352 bytes,    3909232 total
[2020-10-07T09:43:11.478+0000][38832][gc,age       ] GC(53) - age   4:      27384 bytes,    3936616 total
[2020-10-07T09:43:11.478+0000][38832][gc,age       ] GC(53) - age   5:      53136 bytes,    3989752 total
[2020-10-07T09:43:11.478+0000][38832][gc,age       ] GC(53) - age   6:      19160 bytes,    4008912 total
[2020-10-07T09:43:11.478+0000][38832][gc,age       ] GC(53) - age   7:      37768 bytes,    4046680 total
[2020-10-07T09:43:11.478+0000][38832][gc,age       ] GC(53) - age   8:     125848 bytes,    4172528 total
[2020-10-07T09:43:11.478+0000][38832][gc,age       ] GC(53) - age   9:    2298056 bytes,    6470584 total
[2020-10-07T09:43:11.478+0000][38832][gc,age       ] GC(53) - age  10:       2824 bytes,    6473408 total
[2020-10-07T09:43:11.478+0000][38832][gc,age       ] GC(53) - age  11:       4592 bytes,    6478000 total
[2020-10-07T09:43:11.478+0000][38832][gc,age       ] GC(53) - age  12:      11096 bytes,    6489096 total
[2020-10-07T09:43:11.478+0000][38832][gc,age       ] GC(53) - age  13:       2048 bytes,    6491144 total
[2020-10-07T09:43:11.478+0000][38832][gc,age       ] GC(53) - age  14:       3088 bytes,    6494232 total
[2020-10-07T09:43:11.478+0000][38832][gc,age       ] GC(53) - age  15:      18664 bytes,    6512896 total
[2020-10-07T09:43:11.479+0000][38832][gc,phases    ] GC(53)   Pre Evacuate Collection Set: 0.5ms
[2020-10-07T09:43:11.479+0000][38832][gc,phases    ] GC(53)   Merge Heap Roots: 0.1ms
[2020-10-07T09:43:11.479+0000][38832][gc,phases    ] GC(53)   Evacuate Collection Set: 3.1ms
[2020-10-07T09:43:11.479+0000][38832][gc,phases    ] GC(53)   Post Evacuate Collection Set: 1.1ms
[2020-10-07T09:43:11.479+0000][38832][gc,phases    ] GC(53)   Other: 1.4ms
[2020-10-07T09:43:11.479+0000][38832][gc,heap      ] GC(53) Eden regions: 83->0(498)
[2020-10-07T09:43:11.479+0000][38832][gc,heap      ] GC(53) Survivor regions: 11->7(64)
[2020-10-07T09:43:11.479+0000][38832][gc,heap      ] GC(53) Old regions: 73->74
[2020-10-07T09:43:11.479+0000][38832][gc,heap      ] GC(53) Archive regions: 0->0
[2020-10-07T09:43:11.479+0000][38832][gc,heap      ] GC(53) Humongous regions: 420->174
[2020-10-07T09:43:11.479+0000][38832][gc,metaspace ] GC(53) Metaspace: 82981K(89472K)->82981K(89472K) NonClass: 72099K(76032K)->72099K(76032K) Class: 10881K(13440K)->10881K(13440K)
[2020-10-07T09:43:11.479+0000][38832][gc           ] GC(53) Pause Young (Concurrent Start) (G1 Humongous Allocation) 586M->253M(1024M) 6.722ms
[2020-10-07T09:43:11.479+0000][38832][gc,cpu       ] GC(53) User=0.11s Sys=0.00s Real=0.01s
[2020-10-07T09:43:11.479+0000][38832][gc           ] GC(54) Concurrent Cycle
[2020-10-07T09:43:11.479+0000][38832][safepoint    ] Safepoint "G1TryInitiateConcMark", Time since last: 67396400 ns, Reaching safepoint: 188500 ns, At safepoint: 6988700 ns, Total: 7177200 ns
[2020-10-07T09:43:11.479+0000][38832][gc,marking   ] GC(54) Concurrent Clear Claimed Marks
[2020-10-07T09:43:11.480+0000][38832][gc,marking   ] GC(54) Concurrent Clear Claimed Marks 0.524ms
[2020-10-07T09:43:11.480+0000][38832][gc,marking   ] GC(54) Concurrent Scan Root Regions
[2020-10-07T09:43:11.484+0000][38832][gc,marking   ] GC(54) Concurrent Scan Root Regions 4.064ms
[2020-10-07T09:43:11.484+0000][38832][gc,marking   ] GC(54) Concurrent Mark (66.690s)
[2020-10-07T09:43:11.484+0000][38832][gc,marking   ] GC(54) Concurrent Mark From Roots
[2020-10-07T09:43:11.484+0000][38832][gc,task      ] GC(54) Using 2 workers of 2 for marking
[2020-10-07T09:43:11.647+0000][38832][gc,marking   ] GC(54) Concurrent Mark From Roots 162.681ms
[2020-10-07T09:43:11.647+0000][38832][gc,marking   ] GC(54) Concurrent Preclean
[2020-10-07T09:43:11.648+0000][38832][gc,marking   ] GC(54) Concurrent Preclean 0.878ms
[2020-10-07T09:43:11.648+0000][38832][gc,marking   ] GC(54) Concurrent Mark (66.690s, 66.854s) 163.828ms
[2020-10-07T09:43:11.653+0000][38832][gc,start     ] GC(54) Pause Remark
[2020-10-07T09:43:11.658+0000][38832][gc           ] GC(54) Pause Remark 326M->326M(1024M) 5.343ms
[2020-10-07T09:43:11.658+0000][38832][gc,cpu       ] GC(54) User=0.00s Sys=0.00s Real=0.00s
[2020-10-07T09:43:11.659+0000][38832][safepoint    ] Safepoint "G1Concurrent", Time since last: 168817000 ns, Reaching safepoint: 4628100 ns, At safepoint: 6608000 ns, Total: 11236100 ns
[2020-10-07T09:43:11.659+0000][38832][gc,marking   ] GC(54) Concurrent Rebuild Remembered Sets
[2020-10-07T09:43:11.764+0000][38832][gc,marking   ] GC(54) Concurrent Rebuild Remembered Sets 104.935ms
[2020-10-07T09:43:11.765+0000][38832][gc,start     ] GC(54) Pause Cleanup
[2020-10-07T09:43:11.765+0000][38832][gc           ] GC(54) Pause Cleanup 396M->396M(1024M) 0.328ms
[2020-10-07T09:43:11.765+0000][38832][gc,cpu       ] GC(54) User=0.00s Sys=0.00s Real=0.00s
[2020-10-07T09:43:11.765+0000][38832][safepoint    ] Safepoint "G1Concurrent", Time since last: 105201400 ns, Reaching safepoint: 211700 ns, At safepoint: 539400 ns, Total: 751100 ns
[2020-10-07T09:43:11.765+0000][38832][gc,marking   ] GC(54) Concurrent Cleanup for Next Mark
[2020-10-07T09:43:11.768+0000][38832][gc,marking   ] GC(54) Concurrent Cleanup for Next Mark 2.223ms
[2020-10-07T09:43:11.768+0000][38832][gc           ] GC(54) Concurrent Cycle 288.575ms
[2020-10-07T09:43:11.779+0000][38832][gc,start     ] GC(55) Pause Young (Concurrent Start) (G1 Humongous Allocation)
[2020-10-07T09:43:11.780+0000][38832][gc,task      ] GC(55) Using 8 workers of 8 for evacuation
[2020-10-07T09:43:11.780+0000][38832][gc,age       ] GC(55) Desired survivor size 33554432 bytes, new threshold 15 (max threshold 15)
[2020-10-07T09:43:11.791+0000][38832][gc,age       ] GC(55) Age table with threshold 15 (max threshold 15)
[2020-10-07T09:43:11.791+0000][38832][gc,age       ] GC(55) - age   1:    3337592 bytes,    3337592 total
[2020-10-07T09:43:11.791+0000][38832][gc,age       ] GC(55) - age   2:     601704 bytes,    3939296 total
[2020-10-07T09:43:11.791+0000][38832][gc,age       ] GC(55) - age   3:       4288 bytes,    3943584 total
[2020-10-07T09:43:11.791+0000][38832][gc,age       ] GC(55) - age   4:       2032 bytes,    3945616 total
[2020-10-07T09:43:11.791+0000][38832][gc,age       ] GC(55) - age   5:      27160 bytes,    3972776 total
[2020-10-07T09:43:11.791+0000][38832][gc,age       ] GC(55) - age   6:      52944 bytes,    4025720 total
[2020-10-07T09:43:11.791+0000][38832][gc,age       ] GC(55) - age   7:      19096 bytes,    4044816 total
[2020-10-07T09:43:11.792+0000][38832][gc,age       ] GC(55) - age   8:      37768 bytes,    4082584 total
[2020-10-07T09:43:11.792+0000][38832][gc,age       ] GC(55) - age   9:     125816 bytes,    4208400 total
[2020-10-07T09:43:11.792+0000][38832][gc,age       ] GC(55) - age  10:    2298024 bytes,    6506424 total
[2020-10-07T09:43:11.792+0000][38832][gc,age       ] GC(55) - age  11:       2824 bytes,    6509248 total
[2020-10-07T09:43:11.792+0000][38832][gc,age       ] GC(55) - age  12:       4560 bytes,    6513808 total
[2020-10-07T09:43:11.792+0000][38832][gc,age       ] GC(55) - age  13:      11096 bytes,    6524904 total
[2020-10-07T09:43:11.792+0000][38832][gc,age       ] GC(55) - age  14:       1920 bytes,    6526824 total
[2020-10-07T09:43:11.792+0000][38832][gc,age       ] GC(55) - age  15:       3024 bytes,    6529848 total
[2020-10-07T09:43:11.792+0000][38832][gc,phases    ] GC(55)   Pre Evacuate Collection Set: 0.6ms
[2020-10-07T09:43:11.792+0000][38832][gc,phases    ] GC(55)   Merge Heap Roots: 0.1ms
[2020-10-07T09:43:11.792+0000][38832][gc,phases    ] GC(55)   Evacuate Collection Set: 9.6ms
[2020-10-07T09:43:11.792+0000][38832][gc,phases    ] GC(55)   Post Evacuate Collection Set: 0.9ms
[2020-10-07T09:43:11.792+0000][38832][gc,phases    ] GC(55)   Other: 1.5ms
[2020-10-07T09:43:11.792+0000][38832][gc,heap      ] GC(55) Eden regions: 43->0(500)
[2020-10-07T09:43:11.792+0000][38832][gc,heap      ] GC(55) Survivor regions: 7->7(64)
[2020-10-07T09:43:11.792+0000][38832][gc,heap      ] GC(55) Old regions: 74->74
[2020-10-07T09:43:11.792+0000][38832][gc,heap      ] GC(55) Archive regions: 0->0
[2020-10-07T09:43:11.792+0000][38832][gc,heap      ] GC(55) Humongous regions: 278->174
[2020-10-07T09:43:11.792+0000][38832][gc,metaspace ] GC(55) Metaspace: 83008K(89472K)->83008K(89472K) NonClass: 72126K(76032K)->72126K(76032K) Class: 10881K(13440K)->10881K(13440K)
[2020-10-07T09:43:11.793+0000][38832][gc           ] GC(55) Pause Young (Concurrent Start) (G1 Humongous Allocation) 400M->253M(1024M) 13.175ms
[2020-10-07T09:43:11.793+0000][38832][gc,cpu       ] GC(55) User=0.11s Sys=0.02s Real=0.01s
[2020-10-07T09:43:11.793+0000][38832][gc           ] GC(56) Concurrent Cycle
[2020-10-07T09:43:11.793+0000][38832][safepoint    ] Safepoint "G1TryInitiateConcMark", Time since last: 13882200 ns, Reaching safepoint: 213400 ns, At safepoint: 13469000 ns, Total: 13682400 ns
[2020-10-07T09:43:11.793+0000][38832][gc,marking   ] GC(56) Concurrent Clear Claimed Marks
[2020-10-07T09:43:11.793+0000][38832][gc,marking   ] GC(56) Concurrent Clear Claimed Marks 0.502ms
[2020-10-07T09:43:11.793+0000][38832][gc,marking   ] GC(56) Concurrent Scan Root Regions
[2020-10-07T09:43:11.797+0000][38832][gc,marking   ] GC(56) Concurrent Scan Root Regions 3.354ms
[2020-10-07T09:43:11.797+0000][38832][gc,marking   ] GC(56) Concurrent Mark (67.003s)
[2020-10-07T09:43:11.797+0000][38832][gc,marking   ] GC(56) Concurrent Mark From Roots
[2020-10-07T09:43:11.797+0000][38832][gc,task      ] GC(56) Using 2 workers of 2 for marking
[2020-10-07T09:43:11.973+0000][38832][gc,marking   ] GC(56) Concurrent Mark From Roots 176.414ms
[2020-10-07T09:43:11.974+0000][38832][gc,marking   ] GC(56) Concurrent Preclean
[2020-10-07T09:43:11.974+0000][38832][gc,marking   ] GC(56) Concurrent Preclean 0.874ms
[2020-10-07T09:43:11.975+0000][38832][gc,marking   ] GC(56) Concurrent Mark (67.003s, 67.180s) 177.583ms
[2020-10-07T09:43:11.975+0000][38832][gc,start     ] GC(56) Pause Remark
[2020-10-07T09:43:11.981+0000][38832][gc           ] GC(56) Pause Remark 385M->385M(1024M) 5.483ms
[2020-10-07T09:43:11.981+0000][38832][gc,cpu       ] GC(56) User=0.00s Sys=0.00s Real=0.01s
[2020-10-07T09:43:11.983+0000][38832][safepoint    ] Safepoint "G1Concurrent", Time since last: 181904300 ns, Reaching safepoint: 342400 ns, At safepoint: 7958100 ns, Total: 8300500 ns
[2020-10-07T09:43:11.983+0000][38832][gc,marking   ] GC(56) Concurrent Rebuild Remembered Sets
[2020-10-07T09:43:12.078+0000][38832][gc,marking   ] GC(56) Concurrent Rebuild Remembered Sets 94.735ms
[2020-10-07T09:43:12.078+0000][38832][gc,start     ] GC(56) Pause Cleanup
[2020-10-07T09:43:12.078+0000][38832][gc           ] GC(56) Pause Cleanup 454M->454M(1024M) 0.264ms
[2020-10-07T09:43:12.079+0000][38832][gc,cpu       ] GC(56) User=0.00s Sys=0.00s Real=0.00s
[2020-10-07T09:43:12.079+0000][38832][safepoint    ] Safepoint "G1Concurrent", Time since last: 95000900 ns, Reaching safepoint: 171200 ns, At safepoint: 485100 ns, Total: 656300 ns
[2020-10-07T09:43:12.079+0000][38832][gc,marking   ] GC(56) Concurrent Cleanup for Next Mark
[2020-10-07T09:43:12.080+0000][38832][gc,marking   ] GC(56) Concurrent Cleanup for Next Mark 1.602ms
[2020-10-07T09:43:12.080+0000][38832][gc           ] GC(56) Concurrent Cycle 287.690ms
[2020-10-07T09:43:12.155+0000][38832][gc,start     ] GC(57) Pause Young (Concurrent Start) (G1 Humongous Allocation)
[2020-10-07T09:43:12.155+0000][38832][gc,task      ] GC(57) Using 8 workers of 8 for evacuation
[2020-10-07T09:43:12.155+0000][38832][gc,age       ] GC(57) Desired survivor size 33554432 bytes, new threshold 15 (max threshold 15)
[2020-10-07T09:43:12.160+0000][38832][gc,age       ] GC(57) Age table with threshold 15 (max threshold 15)
[2020-10-07T09:43:12.160+0000][38832][gc,age       ] GC(57) - age   1:    3933712 bytes,    3933712 total
[2020-10-07T09:43:12.160+0000][38832][gc,age       ] GC(57) - age   2:      31024 bytes,    3964736 total
[2020-10-07T09:43:12.160+0000][38832][gc,age       ] GC(57) - age   3:       2560 bytes,    3967296 total
[2020-10-07T09:43:12.160+0000][38832][gc,age       ] GC(57) - age   4:       1976 bytes,    3969272 total
[2020-10-07T09:43:12.160+0000][38832][gc,age       ] GC(57) - age   5:       1848 bytes,    3971120 total
[2020-10-07T09:43:12.160+0000][38832][gc,age       ] GC(57) - age   6:      26936 bytes,    3998056 total
[2020-10-07T09:43:12.160+0000][38832][gc,age       ] GC(57) - age   7:      52848 bytes,    4050904 total
[2020-10-07T09:43:12.160+0000][38832][gc,age       ] GC(57) - age   8:      18968 bytes,    4069872 total
[2020-10-07T09:43:12.160+0000][38832][gc,age       ] GC(57) - age   9:      37768 bytes,    4107640 total
[2020-10-07T09:43:12.160+0000][38832][gc,age       ] GC(57) - age  10:     125752 bytes,    4233392 total
[2020-10-07T09:43:12.160+0000][38832][gc,age       ] GC(57) - age  11:    2297992 bytes,    6531384 total
[2020-10-07T09:43:12.160+0000][38832][gc,age       ] GC(57) - age  12:       2824 bytes,    6534208 total
[2020-10-07T09:43:12.160+0000][38832][gc,age       ] GC(57) - age  13:       4560 bytes,    6538768 total
[2020-10-07T09:43:12.160+0000][38832][gc,age       ] GC(57) - age  14:      11096 bytes,    6549864 total
[2020-10-07T09:43:12.160+0000][38832][gc,age       ] GC(57) - age  15:       1792 bytes,    6551656 total
[2020-10-07T09:43:12.160+0000][38832][gc,phases    ] GC(57)   Pre Evacuate Collection Set: 0.5ms
[2020-10-07T09:43:12.161+0000][38832][gc,phases    ] GC(57)   Merge Heap Roots: 0.1ms
[2020-10-07T09:43:12.161+0000][38832][gc,phases    ] GC(57)   Evacuate Collection Set: 2.9ms
[2020-10-07T09:43:12.161+0000][38832][gc,phases    ] GC(57)   Post Evacuate Collection Set: 0.8ms
[2020-10-07T09:43:12.161+0000][38832][gc,phases    ] GC(57)   Other: 1.4ms
[2020-10-07T09:43:12.161+0000][38832][gc,heap      ] GC(57) Eden regions: 65->0(500)
[2020-10-07T09:43:12.161+0000][38832][gc,heap      ] GC(57) Survivor regions: 7->7(64)
[2020-10-07T09:43:12.161+0000][38832][gc,heap      ] GC(57) Old regions: 74->74
[2020-10-07T09:43:12.161+0000][38832][gc,heap      ] GC(57) Archive regions: 0->0
[2020-10-07T09:43:12.161+0000][38832][gc,heap      ] GC(57) Humongous regions: 326->174
[2020-10-07T09:43:12.161+0000][38832][gc,metaspace ] GC(57) Metaspace: 83054K(89472K)->83054K(89472K) NonClass: 72171K(76032K)->72171K(76032K) Class: 10882K(13440K)->10882K(13440K)
[2020-10-07T09:43:12.161+0000][38832][gc           ] GC(57) Pause Young (Concurrent Start) (G1 Humongous Allocation) 470M->253M(1024M) 6.361ms
[2020-10-07T09:43:12.161+0000][38832][gc,cpu       ] GC(57) User=0.00s Sys=0.00s Real=0.01s
[2020-10-07T09:43:12.161+0000][38832][gc           ] GC(58) Concurrent Cycle
[2020-10-07T09:43:12.161+0000][38832][gc,marking   ] GC(58) Concurrent Clear Claimed Marks
[2020-10-07T09:43:12.161+0000][38832][safepoint    ] Safepoint "G1TryInitiateConcMark", Time since last: 75827800 ns, Reaching safepoint: 223300 ns, At safepoint: 6693300 ns, Total: 6916600 ns
[2020-10-07T09:43:12.162+0000][38832][gc,marking   ] GC(58) Concurrent Clear Claimed Marks 0.466ms
[2020-10-07T09:43:12.162+0000][38832][gc,marking   ] GC(58) Concurrent Scan Root Regions
[2020-10-07T09:43:12.165+0000][38832][gc,marking   ] GC(58) Concurrent Scan Root Regions 3.240ms
[2020-10-07T09:43:12.165+0000][38832][gc,marking   ] GC(58) Concurrent Mark (67.371s)
[2020-10-07T09:43:12.165+0000][38832][gc,marking   ] GC(58) Concurrent Mark From Roots
[2020-10-07T09:43:12.165+0000][38832][gc,task      ] GC(58) Using 2 workers of 2 for marking
[2020-10-07T09:43:12.346+0000][38832][gc,marking   ] GC(58) Concurrent Mark From Roots 180.278ms
[2020-10-07T09:43:12.346+0000][38832][gc,marking   ] GC(58) Concurrent Preclean
[2020-10-07T09:43:12.347+0000][38832][gc,marking   ] GC(58) Concurrent Preclean 0.863ms
[2020-10-07T09:43:12.347+0000][38832][gc,marking   ] GC(58) Concurrent Mark (67.371s, 67.552s) 181.353ms
[2020-10-07T09:43:12.347+0000][38832][gc,start     ] GC(58) Pause Remark
[2020-10-07T09:43:12.352+0000][38832][gc           ] GC(58) Pause Remark 521M->521M(1024M) 5.322ms
[2020-10-07T09:43:12.352+0000][38832][gc,cpu       ] GC(58) User=0.09s Sys=0.00s Real=0.01s
[2020-10-07T09:43:12.353+0000][38832][safepoint    ] Safepoint "G1Concurrent", Time since last: 185348800 ns, Reaching safepoint: 192200 ns, At safepoint: 5990700 ns, Total: 6182900 ns
[2020-10-07T09:43:12.353+0000][38832][gc,marking   ] GC(58) Concurrent Rebuild Remembered Sets
[2020-10-07T09:43:12.450+0000][38832][gc,marking   ] GC(58) Concurrent Rebuild Remembered Sets 97.360ms
[2020-10-07T09:43:12.451+0000][38832][gc,start     ] GC(58) Pause Cleanup
[2020-10-07T09:43:12.451+0000][38832][gc           ] GC(58) Pause Cleanup 529M->529M(1024M) 0.398ms
[2020-10-07T09:43:12.451+0000][38832][gc,cpu       ] GC(58) User=0.00s Sys=0.00s Real=0.00s
[2020-10-07T09:43:12.452+0000][38832][safepoint    ] Safepoint "G1Concurrent", Time since last: 97629400 ns, Reaching safepoint: 255800 ns, At safepoint: 802800 ns, Total: 1058600 ns
[2020-10-07T09:43:12.452+0000][38832][gc,marking   ] GC(58) Concurrent Cleanup for Next Mark
[2020-10-07T09:43:12.454+0000][38832][gc,marking   ] GC(58) Concurrent Cleanup for Next Mark 1.850ms
[2020-10-07T09:43:12.454+0000][38832][gc           ] GC(58) Concurrent Cycle 292.411ms
[2020-10-07T09:43:12.457+0000][38832][gc,start     ] GC(59) Pause Young (Concurrent Start) (G1 Humongous Allocation)
[2020-10-07T09:43:12.458+0000][38832][gc,task      ] GC(59) Using 8 workers of 8 for evacuation
[2020-10-07T09:43:12.458+0000][38832][gc,age       ] GC(59) Desired survivor size 33554432 bytes, new threshold 15 (max threshold 15)
[2020-10-07T09:43:12.464+0000][38832][gc,age       ] GC(59) Age table with threshold 15 (max threshold 15)
[2020-10-07T09:43:12.464+0000][38832][gc,age       ] GC(59) - age   1:    3705192 bytes,    3705192 total
[2020-10-07T09:43:12.464+0000][38832][gc,age       ] GC(59) - age   2:       7216 bytes,    3712408 total
[2020-10-07T09:43:12.464+0000][38832][gc,age       ] GC(59) - age   3:      30352 bytes,    3742760 total
[2020-10-07T09:43:12.464+0000][38832][gc,age       ] GC(59) - age   4:       1816 bytes,    3744576 total
[2020-10-07T09:43:12.464+0000][38832][gc,age       ] GC(59) - age   5:       1944 bytes,    3746520 total
[2020-10-07T09:43:12.464+0000][38832][gc,age       ] GC(59) - age   6:       1688 bytes,    3748208 total
[2020-10-07T09:43:12.464+0000][38832][gc,age       ] GC(59) - age   7:      26744 bytes,    3774952 total
[2020-10-07T09:43:12.464+0000][38832][gc,age       ] GC(59) - age   8:      52752 bytes,    3827704 total
[2020-10-07T09:43:12.464+0000][38832][gc,age       ] GC(59) - age   9:      18968 bytes,    3846672 total
[2020-10-07T09:43:12.464+0000][38832][gc,age       ] GC(59) - age  10:      37768 bytes,    3884440 total
[2020-10-07T09:43:12.464+0000][38832][gc,age       ] GC(59) - age  11:     125752 bytes,    4010192 total
[2020-10-07T09:43:12.464+0000][38832][gc,age       ] GC(59) - age  12:    2297960 bytes,    6308152 total
[2020-10-07T09:43:12.464+0000][38832][gc,age       ] GC(59) - age  13:       2696 bytes,    6310848 total
[2020-10-07T09:43:12.464+0000][38832][gc,age       ] GC(59) - age  14:       4560 bytes,    6315408 total
[2020-10-07T09:43:12.464+0000][38832][gc,age       ] GC(59) - age  15:      11096 bytes,    6326504 total
[2020-10-07T09:43:12.464+0000][38832][gc,phases    ] GC(59)   Pre Evacuate Collection Set: 0.4ms
[2020-10-07T09:43:12.464+0000][38832][gc,phases    ] GC(59)   Merge Heap Roots: 0.1ms
[2020-10-07T09:43:12.464+0000][38832][gc,phases    ] GC(59)   Evacuate Collection Set: 4.5ms
[2020-10-07T09:43:12.465+0000][38832][gc,phases    ] GC(59)   Post Evacuate Collection Set: 1.0ms
[2020-10-07T09:43:12.465+0000][38832][gc,phases    ] GC(59)   Other: 1.3ms
[2020-10-07T09:43:12.465+0000][38832][gc,heap      ] GC(59) Eden regions: 74->0(500)
[2020-10-07T09:43:12.465+0000][38832][gc,heap      ] GC(59) Survivor regions: 7->7(64)
[2020-10-07T09:43:12.465+0000][38832][gc,heap      ] GC(59) Old regions: 74->74
[2020-10-07T09:43:12.465+0000][38832][gc,heap      ] GC(59) Archive regions: 0->0
[2020-10-07T09:43:12.465+0000][38832][gc,heap      ] GC(59) Humongous regions: 378->174
[2020-10-07T09:43:12.465+0000][38832][gc,metaspace ] GC(59) Metaspace: 83100K(89472K)->83100K(89472K) NonClass: 72218K(76032K)->72218K(76032K) Class: 10882K(13440K)->10882K(13440K)
[2020-10-07T09:43:12.465+0000][38832][gc           ] GC(59) Pause Young (Concurrent Start) (G1 Humongous Allocation) 530M->253M(1024M) 7.794ms
[2020-10-07T09:43:12.465+0000][38832][gc,cpu       ] GC(59) User=0.11s Sys=0.00s Real=0.01s
[2020-10-07T09:43:12.465+0000][38832][gc           ] GC(60) Concurrent Cycle
[2020-10-07T09:43:12.465+0000][38832][safepoint    ] Safepoint "G1TryInitiateConcMark", Time since last: 5568300 ns, Reaching safepoint: 175600 ns, At safepoint: 8080900 ns, Total: 8256500 ns
[2020-10-07T09:43:12.465+0000][38832][gc,marking   ] GC(60) Concurrent Clear Claimed Marks
[2020-10-07T09:43:12.466+0000][38832][gc,marking   ] GC(60) Concurrent Clear Claimed Marks 0.487ms
[2020-10-07T09:43:12.466+0000][38832][gc,marking   ] GC(60) Concurrent Scan Root Regions
[2020-10-07T09:43:12.469+0000][38832][gc,marking   ] GC(60) Concurrent Scan Root Regions 2.719ms
[2020-10-07T09:43:12.469+0000][38832][gc,marking   ] GC(60) Concurrent Mark (67.675s)
[2020-10-07T09:43:12.469+0000][38832][gc,marking   ] GC(60) Concurrent Mark From Roots
[2020-10-07T09:43:12.469+0000][38832][gc,task      ] GC(60) Using 2 workers of 2 for marking
[2020-10-07T09:43:12.644+0000][38832][gc,marking   ] GC(60) Concurrent Mark From Roots 175.729ms
[2020-10-07T09:43:12.645+0000][38832][gc,marking   ] GC(60) Concurrent Preclean
[2020-10-07T09:43:12.645+0000][38832][gc,marking   ] GC(60) Concurrent Preclean 0.828ms
[2020-10-07T09:43:12.645+0000][38832][gc,marking   ] GC(60) Concurrent Mark (67.675s, 67.852s) 176.792ms
[2020-10-07T09:43:12.646+0000][38832][gc,start     ] GC(60) Pause Remark
[2020-10-07T09:43:12.651+0000][38832][gc           ] GC(60) Pause Remark 389M->389M(1024M) 5.529ms
[2020-10-07T09:43:12.651+0000][38832][gc,cpu       ] GC(60) User=0.02s Sys=0.00s Real=0.01s
[2020-10-07T09:43:12.652+0000][38832][safepoint    ] Safepoint "G1Concurrent", Time since last: 180388200 ns, Reaching safepoint: 173300 ns, At safepoint: 5800300 ns, Total: 5973600 ns
[2020-10-07T09:43:12.652+0000][38832][gc,marking   ] GC(60) Concurrent Rebuild Remembered Sets
[2020-10-07T09:43:12.686+0000][38832][safepoint    ] Safepoint "BulkRevokeBias", Time since last: 31437700 ns, Reaching safepoint: 960200 ns, At safepoint: 2153200 ns, Total: 3113400 ns
[2020-10-07T09:43:12.761+0000][38832][gc,marking   ] GC(60) Concurrent Rebuild Remembered Sets 108.883ms
[2020-10-07T09:43:12.766+0000][38832][gc,start     ] GC(60) Pause Cleanup
[2020-10-07T09:43:12.766+0000][38832][gc           ] GC(60) Pause Cleanup 467M->467M(1024M) 0.423ms
[2020-10-07T09:43:12.766+0000][38832][gc,cpu       ] GC(60) User=0.00s Sys=0.00s Real=0.00s
[2020-10-07T09:43:12.768+0000][38832][safepoint    ] Safepoint "G1Concurrent", Time since last: 74551200 ns, Reaching safepoint: 5080200 ns, At safepoint: 2712800 ns, Total: 7793000 ns
[2020-10-07T09:43:12.769+0000][38832][gc,marking   ] GC(60) Concurrent Cleanup for Next Mark
[2020-10-07T09:43:12.770+0000][38832][gc,marking   ] GC(60) Concurrent Cleanup for Next Mark 1.856ms
[2020-10-07T09:43:12.771+0000][38832][gc           ] GC(60) Concurrent Cycle 305.427ms
[2020-10-07T09:43:12.800+0000][38832][gc,start     ] GC(61) Pause Young (Concurrent Start) (G1 Humongous Allocation)
[2020-10-07T09:43:12.800+0000][38832][gc,task      ] GC(61) Using 8 workers of 8 for evacuation
[2020-10-07T09:43:12.800+0000][38832][gc,age       ] GC(61) Desired survivor size 33554432 bytes, new threshold 15 (max threshold 15)
[2020-10-07T09:43:12.806+0000][38832][gc,age       ] GC(61) Age table with threshold 15 (max threshold 15)
[2020-10-07T09:43:12.807+0000][38832][gc,age       ] GC(61) - age   1:    1150112 bytes,    1150112 total
[2020-10-07T09:43:12.807+0000][38832][gc,age       ] GC(61) - age   2:     603976 bytes,    1754088 total
[2020-10-07T09:43:12.807+0000][38832][gc,age       ] GC(61) - age   3:       5288 bytes,    1759376 total
[2020-10-07T09:43:12.807+0000][38832][gc,age       ] GC(61) - age   4:      29968 bytes,    1789344 total
[2020-10-07T09:43:12.807+0000][38832][gc,age       ] GC(61) - age   5:       1720 bytes,    1791064 total
[2020-10-07T09:43:12.807+0000][38832][gc,age       ] GC(61) - age   6:       1816 bytes,    1792880 total
[2020-10-07T09:43:12.807+0000][38832][gc,age       ] GC(61) - age   7:       1624 bytes,    1794504 total
[2020-10-07T09:43:12.807+0000][38832][gc,age       ] GC(61) - age   8:      26616 bytes,    1821120 total
[2020-10-07T09:43:12.807+0000][38832][gc,age       ] GC(61) - age   9:      52720 bytes,    1873840 total
[2020-10-07T09:43:12.807+0000][38832][gc,age       ] GC(61) - age  10:      18968 bytes,    1892808 total
[2020-10-07T09:43:12.807+0000][38832][gc,age       ] GC(61) - age  11:      37768 bytes,    1930576 total
[2020-10-07T09:43:12.807+0000][38832][gc,age       ] GC(61) - age  12:     125496 bytes,    2056072 total
[2020-10-07T09:43:12.807+0000][38832][gc,age       ] GC(61) - age  13:    2297896 bytes,    4353968 total
[2020-10-07T09:43:12.807+0000][38832][gc,age       ] GC(61) - age  14:       2696 bytes,    4356664 total
[2020-10-07T09:43:12.807+0000][38832][gc,age       ] GC(61) - age  15:       4560 bytes,    4361224 total
[2020-10-07T09:43:12.807+0000][38832][gc,phases    ] GC(61)   Pre Evacuate Collection Set: 0.5ms
[2020-10-07T09:43:12.807+0000][38832][gc,phases    ] GC(61)   Merge Heap Roots: 0.3ms
[2020-10-07T09:43:12.807+0000][38832][gc,phases    ] GC(61)   Evacuate Collection Set: 3.7ms
[2020-10-07T09:43:12.808+0000][38832][gc,phases    ] GC(61)   Post Evacuate Collection Set: 1.4ms
[2020-10-07T09:43:12.808+0000][38832][gc,phases    ] GC(61)   Other: 1.4ms
[2020-10-07T09:43:12.808+0000][38832][gc,heap      ] GC(61) Eden regions: 61->0(504)
[2020-10-07T09:43:12.808+0000][38832][gc,heap      ] GC(61) Survivor regions: 7->5(64)
[2020-10-07T09:43:12.808+0000][38832][gc,heap      ] GC(61) Old regions: 74->74
[2020-10-07T09:43:12.808+0000][38832][gc,heap      ] GC(61) Archive regions: 0->0
[2020-10-07T09:43:12.808+0000][38832][gc,heap      ] GC(61) Humongous regions: 330->174
[2020-10-07T09:43:12.808+0000][38832][gc,metaspace ] GC(61) Metaspace: 83438K(89728K)->83438K(89728K) NonClass: 72510K(76288K)->72510K(76288K) Class: 10928K(13440K)->10928K(13440K)
[2020-10-07T09:43:12.808+0000][38832][gc           ] GC(61) Pause Young (Concurrent Start) (G1 Humongous Allocation) 470M->251M(1024M) 7.810ms
[2020-10-07T09:43:12.808+0000][38832][gc,cpu       ] GC(61) User=0.13s Sys=0.00s Real=0.01s
[2020-10-07T09:43:12.808+0000][38832][gc           ] GC(62) Concurrent Cycle
[2020-10-07T09:43:12.808+0000][38832][safepoint    ] Safepoint "G1TryInitiateConcMark", Time since last: 31337300 ns, Reaching safepoint: 268600 ns, At safepoint: 8088100 ns, Total: 8356700 ns
[2020-10-07T09:43:12.808+0000][38832][gc,marking   ] GC(62) Concurrent Clear Claimed Marks
[2020-10-07T09:43:12.809+0000][38832][gc,marking   ] GC(62) Concurrent Clear Claimed Marks 0.451ms
[2020-10-07T09:43:12.809+0000][38832][gc,marking   ] GC(62) Concurrent Scan Root Regions
[2020-10-07T09:43:12.811+0000][38832][gc,marking   ] GC(62) Concurrent Scan Root Regions 2.712ms
[2020-10-07T09:43:12.812+0000][38832][gc,marking   ] GC(62) Concurrent Mark (68.018s)
[2020-10-07T09:43:12.812+0000][38832][gc,marking   ] GC(62) Concurrent Mark From Roots
[2020-10-07T09:43:12.812+0000][38832][gc,task      ] GC(62) Using 2 workers of 2 for marking
[2020-10-07T09:43:12.850+0000][38832][safepoint    ] Safepoint "ICBufferFull", Time since last: 41104700 ns, Reaching safepoint: 487200 ns, At safepoint: 46800 ns, Total: 534000 ns
[2020-10-07T09:43:12.983+0000][38832][gc,marking   ] GC(62) Concurrent Mark From Roots 170.990ms
[2020-10-07T09:43:12.983+0000][38832][gc,marking   ] GC(62) Concurrent Preclean
[2020-10-07T09:43:12.984+0000][38832][gc,marking   ] GC(62) Concurrent Preclean 0.991ms
[2020-10-07T09:43:12.984+0000][38832][gc,marking   ] GC(62) Concurrent Mark (68.018s, 68.190s) 172.266ms
[2020-10-07T09:43:12.985+0000][38832][gc,start     ] GC(62) Pause Remark
[2020-10-07T09:43:12.994+0000][38832][gc           ] GC(62) Pause Remark 312M->312M(1024M) 9.219ms
[2020-10-07T09:43:12.994+0000][38832][gc,cpu       ] GC(62) User=0.08s Sys=0.00s Real=0.01s
[2020-10-07T09:43:13.001+0000][38832][safepoint    ] Safepoint "G1Concurrent", Time since last: 134117700 ns, Reaching safepoint: 881700 ns, At safepoint: 15949600 ns, Total: 16831300 ns
[2020-10-07T09:43:13.001+0000][38832][gc,marking   ] GC(62) Concurrent Rebuild Remembered Sets
[2020-10-07T09:43:13.090+0000][38832][gc,marking   ] GC(62) Concurrent Rebuild Remembered Sets 88.859ms
[2020-10-07T09:43:13.093+0000][38832][gc,start     ] GC(62) Pause Cleanup
[2020-10-07T09:43:13.093+0000][38832][gc           ] GC(62) Pause Cleanup 316M->316M(1024M) 0.405ms
[2020-10-07T09:43:13.093+0000][38832][gc,cpu       ] GC(62) User=0.00s Sys=0.00s Real=0.00s
[2020-10-07T09:43:13.093+0000][38832][safepoint    ] Safepoint "G1Concurrent", Time since last: 89147700 ns, Reaching safepoint: 2874300 ns, At safepoint: 685200 ns, Total: 3559500 ns
[2020-10-07T09:43:13.094+0000][38832][gc,marking   ] GC(62) Concurrent Cleanup for Next Mark
[2020-10-07T09:43:13.096+0000][38832][gc,marking   ] GC(62) Concurrent Cleanup for Next Mark 2.575ms
[2020-10-07T09:43:13.096+0000][38832][gc           ] GC(62) Concurrent Cycle 288.181ms
[2020-10-07T09:43:13.152+0000][38832][gc,start     ] GC(63) Pause Young (Concurrent Start) (G1 Humongous Allocation)
[2020-10-07T09:43:13.152+0000][38832][gc,task      ] GC(63) Using 8 workers of 8 for evacuation
[2020-10-07T09:43:13.152+0000][38832][gc,age       ] GC(63) Desired survivor size 33554432 bytes, new threshold 15 (max threshold 15)
[2020-10-07T09:43:13.158+0000][38832][gc,age       ] GC(63) Age table with threshold 15 (max threshold 15)
[2020-10-07T09:43:13.158+0000][38832][gc,age       ] GC(63) - age   1:    2958216 bytes,    2958216 total
[2020-10-07T09:43:13.158+0000][38832][gc,age       ] GC(63) - age   2:     459680 bytes,    3417896 total
[2020-10-07T09:43:13.158+0000][38832][gc,age       ] GC(63) - age   3:     402216 bytes,    3820112 total
[2020-10-07T09:43:13.158+0000][38832][gc,age       ] GC(63) - age   4:       3696 bytes,    3823808 total
[2020-10-07T09:43:13.158+0000][38832][gc,age       ] GC(63) - age   5:      29968 bytes,    3853776 total
[2020-10-07T09:43:13.158+0000][38832][gc,age       ] GC(63) - age   6:       1624 bytes,    3855400 total
[2020-10-07T09:43:13.159+0000][38832][gc,age       ] GC(63) - age   7:       1784 bytes,    3857184 total
[2020-10-07T09:43:13.159+0000][38832][gc,age       ] GC(63) - age   8:       1624 bytes,    3858808 total
[2020-10-07T09:43:13.159+0000][38832][gc,age       ] GC(63) - age   9:      26616 bytes,    3885424 total
[2020-10-07T09:43:13.159+0000][38832][gc,age       ] GC(63) - age  10:      52592 bytes,    3938016 total
[2020-10-07T09:43:13.159+0000][38832][gc,age       ] GC(63) - age  11:      18968 bytes,    3956984 total
[2020-10-07T09:43:13.159+0000][38832][gc,age       ] GC(63) - age  12:      37768 bytes,    3994752 total
[2020-10-07T09:43:13.159+0000][38832][gc,age       ] GC(63) - age  13:     125496 bytes,    4120248 total
[2020-10-07T09:43:13.159+0000][38832][gc,age       ] GC(63) - age  14:    2297768 bytes,    6418016 total
[2020-10-07T09:43:13.159+0000][38832][gc,age       ] GC(63) - age  15:       2696 bytes,    6420712 total
[2020-10-07T09:43:13.159+0000][38832][gc,phases    ] GC(63)   Pre Evacuate Collection Set: 0.5ms
[2020-10-07T09:43:13.159+0000][38832][gc,phases    ] GC(63)   Merge Heap Roots: 0.2ms
[2020-10-07T09:43:13.159+0000][38832][gc,phases    ] GC(63)   Evacuate Collection Set: 4.3ms
[2020-10-07T09:43:13.159+0000][38832][gc,phases    ] GC(63)   Post Evacuate Collection Set: 0.8ms
[2020-10-07T09:43:13.159+0000][38832][gc,phases    ] GC(63)   Other: 1.2ms
[2020-10-07T09:43:13.159+0000][38832][gc,heap      ] GC(63) Eden regions: 20->0(502)
[2020-10-07T09:43:13.159+0000][38832][gc,heap      ] GC(63) Survivor regions: 5->7(64)
[2020-10-07T09:43:13.159+0000][38832][gc,heap      ] GC(63) Old regions: 74->74
[2020-10-07T09:43:13.159+0000][38832][gc,heap      ] GC(63) Archive regions: 0->0
[2020-10-07T09:43:13.159+0000][38832][gc,heap      ] GC(63) Humongous regions: 233->174
[2020-10-07T09:43:13.159+0000][38832][gc,metaspace ] GC(63) Metaspace: 83575K(89728K)->83575K(89728K) NonClass: 72628K(76288K)->72628K(76288K) Class: 10947K(13440K)->10947K(13440K)
[2020-10-07T09:43:13.160+0000][38832][gc           ] GC(63) Pause Young (Concurrent Start) (G1 Humongous Allocation) 330M->253M(1024M) 7.560ms
[2020-10-07T09:43:13.160+0000][38832][gc,cpu       ] GC(63) User=0.00s Sys=0.00s Real=0.01s
[2020-10-07T09:43:13.160+0000][38832][gc           ] GC(64) Concurrent Cycle
[2020-10-07T09:43:13.160+0000][38832][gc,marking   ] GC(64) Concurrent Clear Claimed Marks
[2020-10-07T09:43:13.160+0000][38832][safepoint    ] Safepoint "G1TryInitiateConcMark", Time since last: 57572400 ns, Reaching safepoint: 1005400 ns, At safepoint: 7887400 ns, Total: 8892800 ns
[2020-10-07T09:43:13.160+0000][38832][gc,marking   ] GC(64) Concurrent Clear Claimed Marks 0.438ms
[2020-10-07T09:43:13.160+0000][38832][gc,marking   ] GC(64) Concurrent Scan Root Regions
[2020-10-07T09:43:13.166+0000][38832][gc,marking   ] GC(64) Concurrent Scan Root Regions 5.493ms
[2020-10-07T09:43:13.166+0000][38832][gc,marking   ] GC(64) Concurrent Mark (68.372s)
[2020-10-07T09:43:13.166+0000][38832][gc,marking   ] GC(64) Concurrent Mark From Roots
[2020-10-07T09:43:13.166+0000][38832][gc,task      ] GC(64) Using 2 workers of 2 for marking
[2020-10-07T09:43:13.356+0000][38832][gc,marking   ] GC(64) Concurrent Mark From Roots 189.581ms
[2020-10-07T09:43:13.356+0000][38832][gc,marking   ] GC(64) Concurrent Preclean
[2020-10-07T09:43:13.356+0000][38832][gc,marking   ] GC(64) Concurrent Preclean 0.783ms
[2020-10-07T09:43:13.356+0000][38832][gc,marking   ] GC(64) Concurrent Mark (68.372s, 68.563s) 190.602ms
[2020-10-07T09:43:13.357+0000][38832][gc,start     ] GC(64) Pause Remark
[2020-10-07T09:43:13.365+0000][38832][gc           ] GC(64) Pause Remark 317M->317M(1024M) 7.750ms
[2020-10-07T09:43:13.365+0000][38832][gc,cpu       ] GC(64) User=0.00s Sys=0.00s Real=0.01s
[2020-10-07T09:43:13.365+0000][38832][safepoint    ] Safepoint "G1Concurrent", Time since last: 196748800 ns, Reaching safepoint: 205700 ns, At safepoint: 8006200 ns, Total: 8211900 ns
[2020-10-07T09:43:13.365+0000][38832][gc,marking   ] GC(64) Concurrent Rebuild Remembered Sets
[2020-10-07T09:43:13.474+0000][38832][gc,marking   ] GC(64) Concurrent Rebuild Remembered Sets 109.503ms
[2020-10-07T09:43:13.475+0000][38832][gc,start     ] GC(64) Pause Cleanup
[2020-10-07T09:43:13.475+0000][38832][gc           ] GC(64) Pause Cleanup 317M->317M(1024M) 0.395ms
[2020-10-07T09:43:13.475+0000][38832][gc,cpu       ] GC(64) User=0.00s Sys=0.00s Real=0.00s
[2020-10-07T09:43:13.475+0000][38832][safepoint    ] Safepoint "G1Concurrent", Time since last: 109752600 ns, Reaching safepoint: 227700 ns, At safepoint: 671600 ns, Total: 899300 ns
[2020-10-07T09:43:13.476+0000][38832][gc,marking   ] GC(64) Concurrent Cleanup for Next Mark
[2020-10-07T09:43:13.477+0000][38832][gc,marking   ] GC(64) Concurrent Cleanup for Next Mark 1.656ms
[2020-10-07T09:43:13.477+0000][38832][gc           ] GC(64) Concurrent Cycle 317.693ms
[2020-10-07T09:43:13.496+0000][38832][gc,start     ] GC(65) Pause Young (Concurrent Start) (G1 Humongous Allocation)
[2020-10-07T09:43:13.496+0000][38832][gc,task      ] GC(65) Using 8 workers of 8 for evacuation
[2020-10-07T09:43:13.496+0000][38832][gc,age       ] GC(65) Desired survivor size 33554432 bytes, new threshold 15 (max threshold 15)
[2020-10-07T09:43:13.502+0000][38832][gc,age       ] GC(65) Age table with threshold 15 (max threshold 15)
[2020-10-07T09:43:13.502+0000][38832][gc,age       ] GC(65) - age   1:    2741864 bytes,    2741864 total
[2020-10-07T09:43:13.502+0000][38832][gc,age       ] GC(65) - age   2:     224280 bytes,    2966144 total
[2020-10-07T09:43:13.502+0000][38832][gc,age       ] GC(65) - age   3:     239712 bytes,    3205856 total
[2020-10-07T09:43:13.502+0000][38832][gc,age       ] GC(65) - age   4:     205016 bytes,    3410872 total
[2020-10-07T09:43:13.502+0000][38832][gc,age       ] GC(65) - age   5:       3168 bytes,    3414040 total
[2020-10-07T09:43:13.502+0000][38832][gc,age       ] GC(65) - age   6:      29872 bytes,    3443912 total
[2020-10-07T09:43:13.502+0000][38832][gc,age       ] GC(65) - age   7:       1592 bytes,    3445504 total
[2020-10-07T09:43:13.502+0000][38832][gc,age       ] GC(65) - age   8:       1784 bytes,    3447288 total
[2020-10-07T09:43:13.502+0000][38832][gc,age       ] GC(65) - age   9:       1624 bytes,    3448912 total
[2020-10-07T09:43:13.502+0000][38832][gc,age       ] GC(65) - age  10:      26616 bytes,    3475528 total
[2020-10-07T09:43:13.502+0000][38832][gc,age       ] GC(65) - age  11:      52528 bytes,    3528056 total
[2020-10-07T09:43:13.502+0000][38832][gc,age       ] GC(65) - age  12:      18904 bytes,    3546960 total
[2020-10-07T09:43:13.502+0000][38832][gc,age       ] GC(65) - age  13:      37768 bytes,    3584728 total
[2020-10-07T09:43:13.502+0000][38832][gc,age       ] GC(65) - age  14:     125496 bytes,    3710224 total
[2020-10-07T09:43:13.502+0000][38832][gc,age       ] GC(65) - age  15:    2297736 bytes,    6007960 total
[2020-10-07T09:43:13.502+0000][38832][gc,phases    ] GC(65)   Pre Evacuate Collection Set: 0.5ms
[2020-10-07T09:43:13.502+0000][38832][gc,phases    ] GC(65)   Merge Heap Roots: 0.2ms
[2020-10-07T09:43:13.502+0000][38832][gc,phases    ] GC(65)   Evacuate Collection Set: 3.7ms
[2020-10-07T09:43:13.503+0000][38832][gc,phases    ] GC(65)   Post Evacuate Collection Set: 0.8ms
[2020-10-07T09:43:13.503+0000][38832][gc,phases    ] GC(65)   Other: 1.3ms
[2020-10-07T09:43:13.503+0000][38832][gc,heap      ] GC(65) Eden regions: 25->0(503)
[2020-10-07T09:43:13.503+0000][38832][gc,heap      ] GC(65) Survivor regions: 7->7(64)
[2020-10-07T09:43:13.503+0000][38832][gc,heap      ] GC(65) Old regions: 74->74
[2020-10-07T09:43:13.503+0000][38832][gc,heap      ] GC(65) Archive regions: 0->0
[2020-10-07T09:43:13.503+0000][38832][gc,heap      ] GC(65) Humongous regions: 233->174
[2020-10-07T09:43:13.503+0000][38832][gc,metaspace ] GC(65) Metaspace: 83580K(89728K)->83580K(89728K) NonClass: 72633K(76288K)->72633K(76288K) Class: 10947K(13440K)->10947K(13440K)
[2020-10-07T09:43:13.503+0000][38832][gc           ] GC(65) Pause Young (Concurrent Start) (G1 Humongous Allocation) 337M->253M(1024M) 7.160ms
[2020-10-07T09:43:13.503+0000][38832][gc,cpu       ] GC(65) User=0.00s Sys=0.00s Real=0.01s
[2020-10-07T09:43:13.503+0000][38832][safepoint    ] Safepoint "G1TryInitiateConcMark", Time since last: 20181300 ns, Reaching safepoint: 246800 ns, At safepoint: 7497400 ns, Total: 7744200 ns
[2020-10-07T09:43:13.503+0000][38832][gc           ] GC(66) Concurrent Cycle
[2020-10-07T09:43:13.504+0000][38832][gc,marking   ] GC(66) Concurrent Clear Claimed Marks
[2020-10-07T09:43:13.504+0000][38832][gc,marking   ] GC(66) Concurrent Clear Claimed Marks 0.402ms
[2020-10-07T09:43:13.504+0000][38832][gc,marking   ] GC(66) Concurrent Scan Root Regions
[2020-10-07T09:43:13.509+0000][38832][gc,marking   ] GC(66) Concurrent Scan Root Regions 4.762ms
[2020-10-07T09:43:13.509+0000][38832][gc,marking   ] GC(66) Concurrent Mark (68.715s)
[2020-10-07T09:43:13.509+0000][38832][gc,marking   ] GC(66) Concurrent Mark From Roots
[2020-10-07T09:43:13.509+0000][38832][gc,task      ] GC(66) Using 2 workers of 2 for marking
[2020-10-07T09:43:13.701+0000][38832][gc,marking   ] GC(66) Concurrent Mark From Roots 191.920ms
[2020-10-07T09:43:13.701+0000][38832][gc,marking   ] GC(66) Concurrent Preclean
[2020-10-07T09:43:13.702+0000][38832][gc,marking   ] GC(66) Concurrent Preclean 0.749ms
[2020-10-07T09:43:13.702+0000][38832][gc,marking   ] GC(66) Concurrent Mark (68.715s, 68.908s) 192.899ms
[2020-10-07T09:43:13.702+0000][38832][gc,start     ] GC(66) Pause Remark
[2020-10-07T09:43:13.707+0000][38832][gc           ] GC(66) Pause Remark 304M->304M(1024M) 4.798ms
[2020-10-07T09:43:13.707+0000][38832][gc,cpu       ] GC(66) User=0.00s Sys=0.00s Real=0.01s
[2020-10-07T09:43:13.707+0000][38832][safepoint    ] Safepoint "G1Concurrent", Time since last: 198454100 ns, Reaching safepoint: 144300 ns, At safepoint: 5019700 ns, Total: 5164000 ns
[2020-10-07T09:43:13.707+0000][38832][gc,marking   ] GC(66) Concurrent Rebuild Remembered Sets
[2020-10-07T09:43:13.800+0000][38832][gc,marking   ] GC(66) Concurrent Rebuild Remembered Sets 92.918ms
[2020-10-07T09:43:13.800+0000][38832][gc,start     ] GC(66) Pause Cleanup
[2020-10-07T09:43:13.801+0000][38832][gc           ] GC(66) Pause Cleanup 306M->306M(1024M) 0.395ms
[2020-10-07T09:43:13.801+0000][38832][gc,cpu       ] GC(66) User=0.00s Sys=0.00s Real=0.00s
[2020-10-07T09:43:13.801+0000][38832][safepoint    ] Safepoint "G1Concurrent", Time since last: 93122600 ns, Reaching safepoint: 161800 ns, At safepoint: 620800 ns, Total: 782600 ns
[2020-10-07T09:43:13.801+0000][38832][gc,marking   ] GC(66) Concurrent Cleanup for Next Mark
[2020-10-07T09:43:13.803+0000][38832][gc,marking   ] GC(66) Concurrent Cleanup for Next Mark 1.909ms
[2020-10-07T09:43:13.803+0000][38832][gc           ] GC(66) Concurrent Cycle 299.596ms
[2020-10-07T09:43:14.455+0000][38832][gc,start     ] GC(67) Pause Young (Concurrent Start) (G1 Humongous Allocation)
[2020-10-07T09:43:14.456+0000][38832][gc,task      ] GC(67) Using 8 workers of 8 for evacuation
[2020-10-07T09:43:14.456+0000][38832][gc,age       ] GC(67) Desired survivor size 33554432 bytes, new threshold 15 (max threshold 15)
[2020-10-07T09:43:14.463+0000][38832][gc,age       ] GC(67) Age table with threshold 15 (max threshold 15)
[2020-10-07T09:43:14.463+0000][38832][gc,age       ] GC(67) - age   1:    2111048 bytes,    2111048 total
[2020-10-07T09:43:14.463+0000][38832][gc,age       ] GC(67) - age   2:       1744 bytes,    2112792 total
[2020-10-07T09:43:14.463+0000][38832][gc,age       ] GC(67) - age   3:      16472 bytes,    2129264 total
[2020-10-07T09:43:14.463+0000][38832][gc,age       ] GC(67) - age   4:      32760 bytes,    2162024 total
[2020-10-07T09:43:14.463+0000][38832][gc,age       ] GC(67) - age   5:       5560 bytes,    2167584 total
[2020-10-07T09:43:14.463+0000][38832][gc,age       ] GC(67) - age   6:       2272 bytes,    2169856 total
[2020-10-07T09:43:14.463+0000][38832][gc,age       ] GC(67) - age   7:      29872 bytes,    2199728 total
[2020-10-07T09:43:14.463+0000][38832][gc,age       ] GC(67) - age   8:       1560 bytes,    2201288 total
[2020-10-07T09:43:14.463+0000][38832][gc,age       ] GC(67) - age   9:       1784 bytes,    2203072 total
[2020-10-07T09:43:14.463+0000][38832][gc,age       ] GC(67) - age  10:       1624 bytes,    2204696 total
[2020-10-07T09:43:14.464+0000][38832][gc,age       ] GC(67) - age  11:      26584 bytes,    2231280 total
[2020-10-07T09:43:14.464+0000][38832][gc,age       ] GC(67) - age  12:      52528 bytes,    2283808 total
[2020-10-07T09:43:14.464+0000][38832][gc,age       ] GC(67) - age  13:      18776 bytes,    2302584 total
[2020-10-07T09:43:14.464+0000][38832][gc,age       ] GC(67) - age  14:      37384 bytes,    2339968 total
[2020-10-07T09:43:14.464+0000][38832][gc,age       ] GC(67) - age  15:     125496 bytes,    2465464 total
[2020-10-07T09:43:14.464+0000][38832][gc,phases    ] GC(67)   Pre Evacuate Collection Set: 0.4ms
[2020-10-07T09:43:14.464+0000][38832][gc,phases    ] GC(67)   Merge Heap Roots: 0.1ms
[2020-10-07T09:43:14.464+0000][38832][gc,phases    ] GC(67)   Evacuate Collection Set: 5.0ms
[2020-10-07T09:43:14.464+0000][38832][gc,phases    ] GC(67)   Post Evacuate Collection Set: 1.6ms
[2020-10-07T09:43:14.464+0000][38832][gc,phases    ] GC(67)   Other: 1.4ms
[2020-10-07T09:43:14.464+0000][38832][gc,heap      ] GC(67) Eden regions: 36->0(506)
[2020-10-07T09:43:14.464+0000][38832][gc,heap      ] GC(67) Survivor regions: 7->3(64)
[2020-10-07T09:43:14.464+0000][38832][gc,heap      ] GC(67) Old regions: 74->76
[2020-10-07T09:43:14.464+0000][38832][gc,heap      ] GC(67) Archive regions: 0->0
[2020-10-07T09:43:14.464+0000][38832][gc,heap      ] GC(67) Humongous regions: 233->174
[2020-10-07T09:43:14.464+0000][38832][gc,metaspace ] GC(67) Metaspace: 83926K(90368K)->83926K(90368K) NonClass: 72928K(76800K)->72928K(76800K) Class: 10997K(13568K)->10997K(13568K)
[2020-10-07T09:43:14.465+0000][38832][gc           ] GC(67) Pause Young (Concurrent Start) (G1 Humongous Allocation) 348M->252M(1024M) 9.155ms
[2020-10-07T09:43:14.465+0000][38832][gc,cpu       ] GC(67) User=0.08s Sys=0.00s Real=0.01s
[2020-10-07T09:43:14.465+0000][38832][gc           ] GC(68) Concurrent Cycle
[2020-10-07T09:43:14.465+0000][38832][safepoint    ] Safepoint "G1TryInitiateConcMark", Time since last: 654156200 ns, Reaching safepoint: 362500 ns, At safepoint: 9416600 ns, Total: 9779100 ns
[2020-10-07T09:43:14.465+0000][38832][gc,marking   ] GC(68) Concurrent Clear Claimed Marks
[2020-10-07T09:43:14.465+0000][38832][gc,marking   ] GC(68) Concurrent Clear Claimed Marks 0.375ms
[2020-10-07T09:43:14.465+0000][38832][gc,marking   ] GC(68) Concurrent Scan Root Regions
[2020-10-07T09:43:14.468+0000][38832][gc,marking   ] GC(68) Concurrent Scan Root Regions 2.441ms
[2020-10-07T09:43:14.468+0000][38832][gc,marking   ] GC(68) Concurrent Mark (69.674s)
[2020-10-07T09:43:14.468+0000][38832][gc,marking   ] GC(68) Concurrent Mark From Roots
[2020-10-07T09:43:14.468+0000][38832][gc,task      ] GC(68) Using 2 workers of 2 for marking
[2020-10-07T09:43:14.642+0000][38832][gc,marking   ] GC(68) Concurrent Mark From Roots 174.471ms
[2020-10-07T09:43:14.642+0000][38832][gc,marking   ] GC(68) Concurrent Preclean
[2020-10-07T09:43:14.643+0000][38832][gc,marking   ] GC(68) Concurrent Preclean 0.947ms
[2020-10-07T09:43:14.643+0000][38832][gc,marking   ] GC(68) Concurrent Mark (69.674s, 69.850s) 175.685ms
[2020-10-07T09:43:14.644+0000][38832][gc,start     ] GC(68) Pause Remark
[2020-10-07T09:43:14.650+0000][38832][gc           ] GC(68) Pause Remark 358M->358M(1024M) 6.034ms
[2020-10-07T09:43:14.650+0000][38832][gc,cpu       ] GC(68) User=0.11s Sys=0.00s Real=0.01s
[2020-10-07T09:43:14.650+0000][38832][safepoint    ] Safepoint "G1Concurrent", Time since last: 178804300 ns, Reaching safepoint: 181600 ns, At safepoint: 6301100 ns, Total: 6482700 ns
[2020-10-07T09:43:14.650+0000][38832][gc,marking   ] GC(68) Concurrent Rebuild Remembered Sets
[2020-10-07T09:43:14.745+0000][38832][gc,marking   ] GC(68) Concurrent Rebuild Remembered Sets 95.129ms
[2020-10-07T09:43:14.746+0000][38832][gc,start     ] GC(68) Pause Cleanup
[2020-10-07T09:43:14.746+0000][38832][gc           ] GC(68) Pause Cleanup 425M->425M(1024M) 0.395ms
[2020-10-07T09:43:14.747+0000][38832][gc,cpu       ] GC(68) User=0.00s Sys=0.00s Real=0.00s
[2020-10-07T09:43:14.747+0000][38832][safepoint    ] Safepoint "G1Concurrent", Time since last: 95347400 ns, Reaching safepoint: 598900 ns, At safepoint: 661600 ns, Total: 1260500 ns
[2020-10-07T09:43:14.747+0000][38832][gc,marking   ] GC(68) Concurrent Cleanup for Next Mark
[2020-10-07T09:43:14.749+0000][38832][gc,marking   ] GC(68) Concurrent Cleanup for Next Mark 2.035ms
[2020-10-07T09:43:14.749+0000][38832][gc           ] GC(68) Concurrent Cycle 284.128ms
[2020-10-07T09:43:14.813+0000][38832][gc,start     ] GC(69) Pause Young (Concurrent Start) (G1 Humongous Allocation)
[2020-10-07T09:43:14.813+0000][38832][gc,task      ] GC(69) Using 8 workers of 8 for evacuation
[2020-10-07T09:43:14.813+0000][38832][gc,age       ] GC(69) Desired survivor size 33554432 bytes, new threshold 15 (max threshold 15)
[2020-10-07T09:43:14.818+0000][38832][gc,age       ] GC(69) Age table with threshold 15 (max threshold 15)
[2020-10-07T09:43:14.818+0000][38832][gc,age       ] GC(69) - age   1:    3271992 bytes,    3271992 total
[2020-10-07T09:43:14.818+0000][38832][gc,age       ] GC(69) - age   2:     178176 bytes,    3450168 total
[2020-10-07T09:43:14.818+0000][38832][gc,age       ] GC(69) - age   3:       1392 bytes,    3451560 total
[2020-10-07T09:43:14.818+0000][38832][gc,age       ] GC(69) - age   4:      15928 bytes,    3467488 total
[2020-10-07T09:43:14.818+0000][38832][gc,age       ] GC(69) - age   5:      32664 bytes,    3500152 total
[2020-10-07T09:43:14.818+0000][38832][gc,age       ] GC(69) - age   6:       5272 bytes,    3505424 total
[2020-10-07T09:43:14.818+0000][38832][gc,age       ] GC(69) - age   7:       1920 bytes,    3507344 total
[2020-10-07T09:43:14.818+0000][38832][gc,age       ] GC(69) - age   8:      29456 bytes,    3536800 total
[2020-10-07T09:43:14.818+0000][38832][gc,age       ] GC(69) - age   9:       1560 bytes,    3538360 total
[2020-10-07T09:43:14.818+0000][38832][gc,age       ] GC(69) - age  10:       1784 bytes,    3540144 total
[2020-10-07T09:43:14.818+0000][38832][gc,age       ] GC(69) - age  11:       1624 bytes,    3541768 total
[2020-10-07T09:43:14.818+0000][38832][gc,age       ] GC(69) - age  12:      26584 bytes,    3568352 total
[2020-10-07T09:43:14.818+0000][38832][gc,age       ] GC(69) - age  13:      52304 bytes,    3620656 total
[2020-10-07T09:43:14.818+0000][38832][gc,age       ] GC(69) - age  14:      18776 bytes,    3639432 total
[2020-10-07T09:43:14.818+0000][38832][gc,age       ] GC(69) - age  15:      37320 bytes,    3676752 total
[2020-10-07T09:43:14.819+0000][38832][gc,phases    ] GC(69)   Pre Evacuate Collection Set: 0.5ms
[2020-10-07T09:43:14.819+0000][38832][gc,phases    ] GC(69)   Merge Heap Roots: 0.1ms
[2020-10-07T09:43:14.819+0000][38832][gc,phases    ] GC(69)   Evacuate Collection Set: 2.6ms
[2020-10-07T09:43:14.819+0000][38832][gc,phases    ] GC(69)   Post Evacuate Collection Set: 1.0ms
[2020-10-07T09:43:14.819+0000][38832][gc,phases    ] GC(69)   Other: 1.4ms
[2020-10-07T09:43:14.819+0000][38832][gc,heap      ] GC(69) Eden regions: 63->0(505)
[2020-10-07T09:43:14.819+0000][38832][gc,heap      ] GC(69) Survivor regions: 3->4(64)
[2020-10-07T09:43:14.819+0000][38832][gc,heap      ] GC(69) Old regions: 76->76
[2020-10-07T09:43:14.819+0000][38832][gc,heap      ] GC(69) Archive regions: 0->0
[2020-10-07T09:43:14.819+0000][38832][gc,heap      ] GC(69) Humongous regions: 299->174
[2020-10-07T09:43:14.819+0000][38832][gc,metaspace ] GC(69) Metaspace: 83961K(90368K)->83961K(90368K) NonClass: 72964K(76800K)->72964K(76800K) Class: 10997K(13568K)->10997K(13568K)
[2020-10-07T09:43:14.819+0000][38832][gc           ] GC(69) Pause Young (Concurrent Start) (G1 Humongous Allocation) 440M->253M(1024M) 6.288ms
[2020-10-07T09:43:14.819+0000][38832][gc,cpu       ] GC(69) User=0.03s Sys=0.02s Real=0.01s
[2020-10-07T09:43:14.819+0000][38832][safepoint    ] Safepoint "G1TryInitiateConcMark", Time since last: 66096600 ns, Reaching safepoint: 164000 ns, At safepoint: 6522500 ns, Total: 6686500 ns
[2020-10-07T09:43:14.819+0000][38832][gc           ] GC(70) Concurrent Cycle
[2020-10-07T09:43:14.820+0000][38832][gc,marking   ] GC(70) Concurrent Clear Claimed Marks
[2020-10-07T09:43:14.820+0000][38832][gc,marking   ] GC(70) Concurrent Clear Claimed Marks 0.630ms
[2020-10-07T09:43:14.820+0000][38832][gc,marking   ] GC(70) Concurrent Scan Root Regions
[2020-10-07T09:43:14.823+0000][38832][gc,marking   ] GC(70) Concurrent Scan Root Regions 2.886ms
[2020-10-07T09:43:14.823+0000][38832][gc,marking   ] GC(70) Concurrent Mark (70.030s)
[2020-10-07T09:43:14.823+0000][38832][gc,marking   ] GC(70) Concurrent Mark From Roots
[2020-10-07T09:43:14.823+0000][38832][gc,task      ] GC(70) Using 2 workers of 2 for marking
[2020-10-07T09:43:14.993+0000][38832][gc,marking   ] GC(70) Concurrent Mark From Roots 169.588ms
[2020-10-07T09:43:14.993+0000][38832][gc,marking   ] GC(70) Concurrent Preclean
[2020-10-07T09:43:14.994+0000][38832][gc,marking   ] GC(70) Concurrent Preclean 0.960ms
[2020-10-07T09:43:14.994+0000][38832][gc,marking   ] GC(70) Concurrent Mark (70.030s, 70.200s) 170.794ms
[2020-10-07T09:43:14.994+0000][38832][gc,start     ] GC(70) Pause Remark
[2020-10-07T09:43:15.000+0000][38832][gc           ] GC(70) Pause Remark 386M->386M(1024M) 5.470ms
[2020-10-07T09:43:15.000+0000][38832][gc,cpu       ] GC(70) User=0.00s Sys=0.00s Real=0.01s
[2020-10-07T09:43:15.003+0000][38832][safepoint    ] Safepoint "G1Concurrent", Time since last: 174781800 ns, Reaching safepoint: 196800 ns, At safepoint: 8116400 ns, Total: 8313200 ns
[2020-10-07T09:43:15.003+0000][38832][gc,marking   ] GC(70) Concurrent Rebuild Remembered Sets
[2020-10-07T09:43:15.104+0000][38832][gc,marking   ] GC(70) Concurrent Rebuild Remembered Sets 101.025ms
[2020-10-07T09:43:15.104+0000][38832][gc,start     ] GC(70) Pause Cleanup
[2020-10-07T09:43:15.104+0000][38832][gc           ] GC(70) Pause Cleanup 455M->455M(1024M) 0.352ms
[2020-10-07T09:43:15.105+0000][38832][gc,cpu       ] GC(70) User=0.00s Sys=0.00s Real=0.00s
[2020-10-07T09:43:15.105+0000][38832][safepoint    ] Safepoint "G1Concurrent", Time since last: 101283600 ns, Reaching safepoint: 206900 ns, At safepoint: 611200 ns, Total: 818100 ns
[2020-10-07T09:43:15.105+0000][38832][gc,marking   ] GC(70) Concurrent Cleanup for Next Mark
[2020-10-07T09:43:15.106+0000][38832][gc,marking   ] GC(70) Concurrent Cleanup for Next Mark 1.544ms
[2020-10-07T09:43:15.106+0000][38832][gc           ] GC(70) Concurrent Cycle 286.956ms
[2020-10-07T09:43:15.156+0000][38832][gc,start     ] GC(71) Pause Young (Concurrent Start) (G1 Humongous Allocation)
[2020-10-07T09:43:15.156+0000][38832][gc,task      ] GC(71) Using 8 workers of 8 for evacuation
[2020-10-07T09:43:15.156+0000][38832][gc,age       ] GC(71) Desired survivor size 33554432 bytes, new threshold 15 (max threshold 15)
[2020-10-07T09:43:15.166+0000][38832][gc,age       ] GC(71) Age table with threshold 15 (max threshold 15)
[2020-10-07T09:43:15.166+0000][38832][gc,age       ] GC(71) - age   1:    3058112 bytes,    3058112 total
[2020-10-07T09:43:15.166+0000][38832][gc,age       ] GC(71) - age   2:     209600 bytes,    3267712 total
[2020-10-07T09:43:15.166+0000][38832][gc,age       ] GC(71) - age   3:     177208 bytes,    3444920 total
[2020-10-07T09:43:15.166+0000][38832][gc,age       ] GC(71) - age   4:       1392 bytes,    3446312 total
[2020-10-07T09:43:15.166+0000][38832][gc,age       ] GC(71) - age   5:      15896 bytes,    3462208 total
[2020-10-07T09:43:15.166+0000][38832][gc,age       ] GC(71) - age   6:      32408 bytes,    3494616 total
[2020-10-07T09:43:15.167+0000][38832][gc,age       ] GC(71) - age   7:       5240 bytes,    3499856 total
[2020-10-07T09:43:15.167+0000][38832][gc,age       ] GC(71) - age   8:       1728 bytes,    3501584 total
[2020-10-07T09:43:15.167+0000][38832][gc,age       ] GC(71) - age   9:      29456 bytes,    3531040 total
[2020-10-07T09:43:15.167+0000][38832][gc,age       ] GC(71) - age  10:       1560 bytes,    3532600 total
[2020-10-07T09:43:15.167+0000][38832][gc,age       ] GC(71) - age  11:       1784 bytes,    3534384 total
[2020-10-07T09:43:15.167+0000][38832][gc,age       ] GC(71) - age  12:       1624 bytes,    3536008 total
[2020-10-07T09:43:15.167+0000][38832][gc,age       ] GC(71) - age  13:      26216 bytes,    3562224 total
[2020-10-07T09:43:15.167+0000][38832][gc,age       ] GC(71) - age  14:      52304 bytes,    3614528 total
[2020-10-07T09:43:15.167+0000][38832][gc,age       ] GC(71) - age  15:      18776 bytes,    3633304 total
[2020-10-07T09:43:15.167+0000][38832][gc,phases    ] GC(71)   Pre Evacuate Collection Set: 0.6ms
[2020-10-07T09:43:15.167+0000][38832][gc,phases    ] GC(71)   Merge Heap Roots: 0.1ms
[2020-10-07T09:43:15.167+0000][38832][gc,phases    ] GC(71)   Evacuate Collection Set: 6.1ms
[2020-10-07T09:43:15.167+0000][38832][gc,phases    ] GC(71)   Post Evacuate Collection Set: 1.9ms
[2020-10-07T09:43:15.167+0000][38832][gc,phases    ] GC(71)   Other: 1.8ms
[2020-10-07T09:43:15.167+0000][38832][gc,heap      ] GC(71) Eden regions: 62->0(505)
[2020-10-07T09:43:15.167+0000][38832][gc,heap      ] GC(71) Survivor regions: 4->4(64)
[2020-10-07T09:43:15.167+0000][38832][gc,heap      ] GC(71) Old regions: 76->76
[2020-10-07T09:43:15.167+0000][38832][gc,heap      ] GC(71) Archive regions: 0->0
[2020-10-07T09:43:15.167+0000][38832][gc,heap      ] GC(71) Humongous regions: 324->174
[2020-10-07T09:43:15.167+0000][38832][gc,metaspace ] GC(71) Metaspace: 83990K(90368K)->83990K(90368K) NonClass: 72992K(76800K)->72992K(76800K) Class: 10997K(13568K)->10997K(13568K)
[2020-10-07T09:43:15.167+0000][38832][gc           ] GC(71) Pause Young (Concurrent Start) (G1 Humongous Allocation) 464M->253M(1024M) 11.400ms
[2020-10-07T09:43:15.167+0000][38832][gc,cpu       ] GC(71) User=0.08s Sys=0.00s Real=0.01s
[2020-10-07T09:43:15.169+0000][38832][gc           ] GC(72) Concurrent Cycle
[2020-10-07T09:43:15.169+0000][38832][safepoint    ] Safepoint "G1TryInitiateConcMark", Time since last: 51005000 ns, Reaching safepoint: 204300 ns, At safepoint: 11932100 ns, Total: 12136400 ns
[2020-10-07T09:43:15.169+0000][38832][gc,marking   ] GC(72) Concurrent Clear Claimed Marks
[2020-10-07T09:43:15.170+0000][38832][gc,marking   ] GC(72) Concurrent Clear Claimed Marks 1.979ms
[2020-10-07T09:43:15.170+0000][38832][gc,marking   ] GC(72) Concurrent Scan Root Regions
[2020-10-07T09:43:15.173+0000][38832][gc,marking   ] GC(72) Concurrent Scan Root Regions 2.424ms
[2020-10-07T09:43:15.173+0000][38832][gc,marking   ] GC(72) Concurrent Mark (70.379s)
[2020-10-07T09:43:15.173+0000][38832][gc,marking   ] GC(72) Concurrent Mark From Roots
[2020-10-07T09:43:15.173+0000][38832][gc,task      ] GC(72) Using 2 workers of 2 for marking
[2020-10-07T09:43:15.377+0000][38832][gc,marking   ] GC(72) Concurrent Mark From Roots 204.300ms
[2020-10-07T09:43:15.377+0000][38832][gc,marking   ] GC(72) Concurrent Preclean
[2020-10-07T09:43:15.378+0000][38832][gc,marking   ] GC(72) Concurrent Preclean 1.083ms
[2020-10-07T09:43:15.378+0000][38832][gc,marking   ] GC(72) Concurrent Mark (70.379s, 70.584s) 205.618ms
[2020-10-07T09:43:15.379+0000][38832][gc,start     ] GC(72) Pause Remark
[2020-10-07T09:43:15.386+0000][38832][gc           ] GC(72) Pause Remark 314M->314M(1024M) 7.002ms
[2020-10-07T09:43:15.386+0000][38832][gc,cpu       ] GC(72) User=0.08s Sys=0.00s Real=0.01s
[2020-10-07T09:43:15.386+0000][38832][safepoint    ] Safepoint "G1Concurrent", Time since last: 210598700 ns, Reaching safepoint: 180800 ns, At safepoint: 7299300 ns, Total: 7480100 ns
[2020-10-07T09:43:15.386+0000][38832][gc,marking   ] GC(72) Concurrent Rebuild Remembered Sets
[2020-10-07T09:43:15.495+0000][38832][gc,marking   ] GC(72) Concurrent Rebuild Remembered Sets 108.668ms
[2020-10-07T09:43:15.509+0000][38832][gc,start     ] GC(72) Pause Cleanup
[2020-10-07T09:43:15.509+0000][38832][gc           ] GC(72) Pause Cleanup 314M->314M(1024M) 0.382ms
[2020-10-07T09:43:15.509+0000][38832][gc,cpu       ] GC(72) User=0.00s Sys=0.00s Real=0.00s
[2020-10-07T09:43:15.513+0000][38832][safepoint    ] Safepoint "G1Concurrent", Time since last: 108926200 ns, Reaching safepoint: 13023600 ns, At safepoint: 4374500 ns, Total: 17398100 ns
[2020-10-07T09:43:15.513+0000][38832][gc,marking   ] GC(72) Concurrent Cleanup for Next Mark
[2020-10-07T09:43:15.515+0000][38832][gc,marking   ] GC(72) Concurrent Cleanup for Next Mark 2.011ms
[2020-10-07T09:43:15.515+0000][38832][gc           ] GC(72) Concurrent Cycle 346.799ms
[2020-10-07T09:43:15.607+0000][38832][gc,start     ] GC(73) Pause Young (Concurrent Start) (G1 Humongous Allocation)
[2020-10-07T09:43:15.607+0000][38832][gc,task      ] GC(73) Using 8 workers of 8 for evacuation
[2020-10-07T09:43:15.607+0000][38832][gc,age       ] GC(73) Desired survivor size 33554432 bytes, new threshold 15 (max threshold 15)
[2020-10-07T09:43:15.611+0000][38832][gc,age       ] GC(73) Age table with threshold 15 (max threshold 15)
[2020-10-07T09:43:15.612+0000][38832][gc,age       ] GC(73) - age   1:    2884456 bytes,    2884456 total
[2020-10-07T09:43:15.612+0000][38832][gc,age       ] GC(73) - age   2:     409048 bytes,    3293504 total
[2020-10-07T09:43:15.612+0000][38832][gc,age       ] GC(73) - age   3:     208584 bytes,    3502088 total
[2020-10-07T09:43:15.612+0000][38832][gc,age       ] GC(73) - age   4:     176080 bytes,    3678168 total
[2020-10-07T09:43:15.612+0000][38832][gc,age       ] GC(73) - age   5:       1232 bytes,    3679400 total
[2020-10-07T09:43:15.612+0000][38832][gc,age       ] GC(73) - age   6:      15864 bytes,    3695264 total
[2020-10-07T09:43:15.612+0000][38832][gc,age       ] GC(73) - age   7:      32408 bytes,    3727672 total
[2020-10-07T09:43:15.612+0000][38832][gc,age       ] GC(73) - age   8:       5144 bytes,    3732816 total
[2020-10-07T09:43:15.612+0000][38832][gc,age       ] GC(73) - age   9:       1696 bytes,    3734512 total
[2020-10-07T09:43:15.612+0000][38832][gc,age       ] GC(73) - age  10:      29456 bytes,    3763968 total
[2020-10-07T09:43:15.612+0000][38832][gc,age       ] GC(73) - age  11:       1560 bytes,    3765528 total
[2020-10-07T09:43:15.612+0000][38832][gc,age       ] GC(73) - age  12:       1784 bytes,    3767312 total
[2020-10-07T09:43:15.612+0000][38832][gc,age       ] GC(73) - age  13:       1624 bytes,    3768936 total
[2020-10-07T09:43:15.612+0000][38832][gc,age       ] GC(73) - age  14:      26216 bytes,    3795152 total
[2020-10-07T09:43:15.612+0000][38832][gc,age       ] GC(73) - age  15:      52304 bytes,    3847456 total
[2020-10-07T09:43:15.612+0000][38832][gc,phases    ] GC(73)   Pre Evacuate Collection Set: 0.5ms
[2020-10-07T09:43:15.612+0000][38832][gc,phases    ] GC(73)   Merge Heap Roots: 0.1ms
[2020-10-07T09:43:15.612+0000][38832][gc,phases    ] GC(73)   Evacuate Collection Set: 2.5ms
[2020-10-07T09:43:15.612+0000][38832][gc,phases    ] GC(73)   Post Evacuate Collection Set: 0.8ms
[2020-10-07T09:43:15.612+0000][38832][gc,phases    ] GC(73)   Other: 1.3ms
[2020-10-07T09:43:15.613+0000][38832][gc,heap      ] GC(73) Eden regions: 24->0(505)
[2020-10-07T09:43:15.613+0000][38832][gc,heap      ] GC(73) Survivor regions: 4->4(64)
[2020-10-07T09:43:15.613+0000][38832][gc,heap      ] GC(73) Old regions: 76->76
[2020-10-07T09:43:15.613+0000][38832][gc,heap      ] GC(73) Archive regions: 0->0
[2020-10-07T09:43:15.613+0000][38832][gc,heap      ] GC(73) Humongous regions: 231->174
[2020-10-07T09:43:15.613+0000][38832][gc,metaspace ] GC(73) Metaspace: 83999K(90368K)->83999K(90368K) NonClass: 73001K(76800K)->73001K(76800K) Class: 10997K(13568K)->10997K(13568K)
[2020-10-07T09:43:15.613+0000][38832][gc           ] GC(73) Pause Young (Concurrent Start) (G1 Humongous Allocation) 333M->253M(1024M) 5.733ms
[2020-10-07T09:43:15.613+0000][38832][gc,cpu       ] GC(73) User=0.00s Sys=0.00s Real=0.01s
[2020-10-07T09:43:15.613+0000][38832][gc           ] GC(74) Concurrent Cycle
[2020-10-07T09:43:15.613+0000][38832][safepoint    ] Safepoint "G1TryInitiateConcMark", Time since last: 93784700 ns, Reaching safepoint: 222400 ns, At safepoint: 6005000 ns, Total: 6227400 ns
[2020-10-07T09:43:15.613+0000][38832][gc,marking   ] GC(74) Concurrent Clear Claimed Marks
[2020-10-07T09:43:15.614+0000][38832][gc,marking   ] GC(74) Concurrent Clear Claimed Marks 0.436ms
[2020-10-07T09:43:15.614+0000][38832][gc,marking   ] GC(74) Concurrent Scan Root Regions
[2020-10-07T09:43:15.617+0000][38832][gc,marking   ] GC(74) Concurrent Scan Root Regions 2.903ms
[2020-10-07T09:43:15.617+0000][38832][gc,marking   ] GC(74) Concurrent Mark (70.822s)
[2020-10-07T09:43:15.617+0000][38832][gc,marking   ] GC(74) Concurrent Mark From Roots
[2020-10-07T09:43:15.617+0000][38832][gc,task      ] GC(74) Using 2 workers of 2 for marking
[2020-10-07T09:43:15.796+0000][38832][gc,marking   ] GC(74) Concurrent Mark From Roots 179.545ms
[2020-10-07T09:43:15.796+0000][38832][gc,marking   ] GC(74) Concurrent Preclean
[2020-10-07T09:43:15.797+0000][38832][gc,marking   ] GC(74) Concurrent Preclean 0.951ms
[2020-10-07T09:43:15.797+0000][38832][gc,marking   ] GC(74) Concurrent Mark (70.822s, 71.003s) 180.743ms
[2020-10-07T09:43:15.798+0000][38832][gc,start     ] GC(74) Pause Remark
[2020-10-07T09:43:15.804+0000][38832][gc           ] GC(74) Pause Remark 315M->315M(1024M) 6.608ms
[2020-10-07T09:43:15.805+0000][38832][gc,cpu       ] GC(74) User=0.08s Sys=0.00s Real=0.01s
[2020-10-07T09:43:15.805+0000][38832][safepoint    ] Safepoint "G1Concurrent", Time since last: 184423200 ns, Reaching safepoint: 323200 ns, At safepoint: 6986800 ns, Total: 7310000 ns
[2020-10-07T09:43:15.805+0000][38832][gc,marking   ] GC(74) Concurrent Rebuild Remembered Sets
[2020-10-07T09:43:15.904+0000][38832][gc,marking   ] GC(74) Concurrent Rebuild Remembered Sets 99.360ms
[2020-10-07T09:43:15.925+0000][38832][gc,start     ] GC(74) Pause Cleanup
[2020-10-07T09:43:15.925+0000][38832][gc           ] GC(74) Pause Cleanup 376M->376M(1024M) 0.380ms
[2020-10-07T09:43:15.925+0000][38832][gc,cpu       ] GC(74) User=0.00s Sys=0.00s Real=0.00s
[2020-10-07T09:43:15.925+0000][38832][safepoint    ] Safepoint "G1Concurrent", Time since last: 99608200 ns, Reaching safepoint: 20298100 ns, At safepoint: 644300 ns, Total: 20942400 ns
[2020-10-07T09:43:15.925+0000][38832][gc,marking   ] GC(74) Concurrent Cleanup for Next Mark
[2020-10-07T09:43:15.927+0000][38832][gc,marking   ] GC(74) Concurrent Cleanup for Next Mark 1.859ms
[2020-10-07T09:43:15.927+0000][38832][gc           ] GC(74) Concurrent Cycle 314.413ms
[2020-10-07T09:43:16.010+0000][38832][gc,start     ] GC(75) Pause Young (Concurrent Start) (G1 Humongous Allocation)
[2020-10-07T09:43:16.010+0000][38832][gc,task      ] GC(75) Using 8 workers of 8 for evacuation
[2020-10-07T09:43:16.010+0000][38832][gc,age       ] GC(75) Desired survivor size 33554432 bytes, new threshold 15 (max threshold 15)
[2020-10-07T09:43:16.015+0000][38832][gc,age       ] GC(75) Age table with threshold 15 (max threshold 15)
[2020-10-07T09:43:16.015+0000][38832][gc,age       ] GC(75) - age   1:    3271936 bytes,    3271936 total
[2020-10-07T09:43:16.015+0000][38832][gc,age       ] GC(75) - age   2:       2240 bytes,    3274176 total
[2020-10-07T09:43:16.015+0000][38832][gc,age       ] GC(75) - age   3:     407704 bytes,    3681880 total
[2020-10-07T09:43:16.015+0000][38832][gc,age       ] GC(75) - age   4:     207712 bytes,    3889592 total
[2020-10-07T09:43:16.015+0000][38832][gc,age       ] GC(75) - age   5:     175960 bytes,    4065552 total
[2020-10-07T09:43:16.015+0000][38832][gc,age       ] GC(75) - age   6:       1168 bytes,    4066720 total
[2020-10-07T09:43:16.015+0000][38832][gc,age       ] GC(75) - age   7:      15864 bytes,    4082584 total
[2020-10-07T09:43:16.015+0000][38832][gc,age       ] GC(75) - age   8:      32216 bytes,    4114800 total
[2020-10-07T09:43:16.015+0000][38832][gc,age       ] GC(75) - age   9:       5112 bytes,    4119912 total
[2020-10-07T09:43:16.015+0000][38832][gc,age       ] GC(75) - age  10:       1696 bytes,    4121608 total
[2020-10-07T09:43:16.015+0000][38832][gc,age       ] GC(75) - age  11:      29456 bytes,    4151064 total
[2020-10-07T09:43:16.015+0000][38832][gc,age       ] GC(75) - age  12:       1560 bytes,    4152624 total
[2020-10-07T09:43:16.015+0000][38832][gc,age       ] GC(75) - age  13:       1752 bytes,    4154376 total
[2020-10-07T09:43:16.015+0000][38832][gc,age       ] GC(75) - age  14:       1496 bytes,    4155872 total
[2020-10-07T09:43:16.015+0000][38832][gc,age       ] GC(75) - age  15:      26216 bytes,    4182088 total
[2020-10-07T09:43:16.015+0000][38832][gc,phases    ] GC(75)   Pre Evacuate Collection Set: 0.5ms
[2020-10-07T09:43:16.016+0000][38832][gc,phases    ] GC(75)   Merge Heap Roots: 0.1ms
[2020-10-07T09:43:16.016+0000][38832][gc,phases    ] GC(75)   Evacuate Collection Set: 2.5ms
[2020-10-07T09:43:16.016+0000][38832][gc,phases    ] GC(75)   Post Evacuate Collection Set: 1.1ms
[2020-10-07T09:43:16.016+0000][38832][gc,phases    ] GC(75)   Other: 1.4ms
[2020-10-07T09:43:16.016+0000][38832][gc,heap      ] GC(75) Eden regions: 44->0(504)
[2020-10-07T09:43:16.016+0000][38832][gc,heap      ] GC(75) Survivor regions: 4->5(64)
[2020-10-07T09:43:16.016+0000][38832][gc,heap      ] GC(75) Old regions: 76->76
[2020-10-07T09:43:16.016+0000][38832][gc,heap      ] GC(75) Archive regions: 0->0
[2020-10-07T09:43:16.016+0000][38832][gc,heap      ] GC(75) Humongous regions: 267->174
[2020-10-07T09:43:16.016+0000][38832][gc,metaspace ] GC(75) Metaspace: 84029K(90368K)->84029K(90368K) NonClass: 73031K(76800K)->73031K(76800K) Class: 10997K(13568K)->10997K(13568K)
[2020-10-07T09:43:16.016+0000][38832][gc           ] GC(75) Pause Young (Concurrent Start) (G1 Humongous Allocation) 390M->253M(1024M) 6.171ms
[2020-10-07T09:43:16.016+0000][38832][gc,cpu       ] GC(75) User=0.00s Sys=0.00s Real=0.01s
[2020-10-07T09:43:16.016+0000][38832][gc           ] GC(76) Concurrent Cycle
[2020-10-07T09:43:16.016+0000][38832][safepoint    ] Safepoint "G1TryInitiateConcMark", Time since last: 84371200 ns, Reaching safepoint: 162800 ns, At safepoint: 6462500 ns, Total: 6625300 ns
[2020-10-07T09:43:16.016+0000][38832][gc,marking   ] GC(76) Concurrent Clear Claimed Marks
[2020-10-07T09:43:16.017+0000][38832][gc,marking   ] GC(76) Concurrent Clear Claimed Marks 0.651ms
[2020-10-07T09:43:16.017+0000][38832][gc,marking   ] GC(76) Concurrent Scan Root Regions
[2020-10-07T09:43:16.021+0000][38832][gc,marking   ] GC(76) Concurrent Scan Root Regions 3.547ms
[2020-10-07T09:43:16.021+0000][38832][gc,marking   ] GC(76) Concurrent Mark (71.226s)
[2020-10-07T09:43:16.021+0000][38832][gc,marking   ] GC(76) Concurrent Mark From Roots
[2020-10-07T09:43:16.021+0000][38832][gc,task      ] GC(76) Using 2 workers of 2 for marking
[2020-10-07T09:43:16.196+0000][38832][gc,marking   ] GC(76) Concurrent Mark From Roots 175.023ms
[2020-10-07T09:43:16.196+0000][38832][gc,marking   ] GC(76) Concurrent Preclean
[2020-10-07T09:43:16.197+0000][38832][gc,marking   ] GC(76) Concurrent Preclean 0.816ms
[2020-10-07T09:43:16.197+0000][38832][gc,marking   ] GC(76) Concurrent Mark (71.226s, 71.402s) 176.055ms
[2020-10-07T09:43:16.197+0000][38832][gc,start     ] GC(76) Pause Remark
[2020-10-07T09:43:16.203+0000][38832][gc           ] GC(76) Pause Remark 387M->387M(1024M) 5.532ms
[2020-10-07T09:43:16.203+0000][38832][gc,cpu       ] GC(76) User=0.00s Sys=0.00s Real=0.01s
[2020-10-07T09:43:16.203+0000][38832][safepoint    ] Safepoint "G1Concurrent", Time since last: 180693800 ns, Reaching safepoint: 174100 ns, At safepoint: 5806100 ns, Total: 5980200 ns
[2020-10-07T09:43:16.203+0000][38832][gc,marking   ] GC(76) Concurrent Rebuild Remembered Sets
[2020-10-07T09:43:16.305+0000][38832][gc,marking   ] GC(76) Concurrent Rebuild Remembered Sets 102.319ms
[2020-10-07T09:43:16.306+0000][38832][gc,start     ] GC(76) Pause Cleanup
[2020-10-07T09:43:16.306+0000][38832][gc           ] GC(76) Pause Cleanup 454M->454M(1024M) 0.326ms
[2020-10-07T09:43:16.306+0000][38832][gc,cpu       ] GC(76) User=0.00s Sys=0.00s Real=0.00s
[2020-10-07T09:43:16.306+0000][38832][safepoint    ] Safepoint "G1Concurrent", Time since last: 102516600 ns, Reaching safepoint: 143600 ns, At safepoint: 593000 ns, Total: 736600 ns
[2020-10-07T09:43:16.306+0000][38832][gc,marking   ] GC(76) Concurrent Cleanup for Next Mark
[2020-10-07T09:43:16.308+0000][38832][gc,marking   ] GC(76) Concurrent Cleanup for Next Mark 1.721ms
[2020-10-07T09:43:16.308+0000][38832][gc           ] GC(76) Concurrent Cycle 291.861ms
[2020-10-07T09:43:16.403+0000][38832][gc,start     ] GC(77) Pause Young (Concurrent Start) (G1 Humongous Allocation)
[2020-10-07T09:43:16.403+0000][38832][gc,task      ] GC(77) Using 8 workers of 8 for evacuation
[2020-10-07T09:43:16.403+0000][38832][gc,age       ] GC(77) Desired survivor size 33554432 bytes, new threshold 15 (max threshold 15)
[2020-10-07T09:43:16.408+0000][38832][gc,age       ] GC(77) Age table with threshold 15 (max threshold 15)
[2020-10-07T09:43:16.408+0000][38832][gc,age       ] GC(77) - age   1:    3057912 bytes,    3057912 total
[2020-10-07T09:43:16.408+0000][38832][gc,age       ] GC(77) - age   2:     203504 bytes,    3261416 total
[2020-10-07T09:43:16.408+0000][38832][gc,age       ] GC(77) - age   3:       1232 bytes,    3262648 total
[2020-10-07T09:43:16.408+0000][38832][gc,age       ] GC(77) - age   4:     407304 bytes,    3669952 total
[2020-10-07T09:43:16.408+0000][38832][gc,age       ] GC(77) - age   5:     206872 bytes,    3876824 total
[2020-10-07T09:43:16.408+0000][38832][gc,age       ] GC(77) - age   6:     175960 bytes,    4052784 total
[2020-10-07T09:43:16.408+0000][38832][gc,age       ] GC(77) - age   7:       1168 bytes,    4053952 total
[2020-10-07T09:43:16.408+0000][38832][gc,age       ] GC(77) - age   8:      15864 bytes,    4069816 total
[2020-10-07T09:43:16.409+0000][38832][gc,age       ] GC(77) - age   9:      32088 bytes,    4101904 total
[2020-10-07T09:43:16.409+0000][38832][gc,age       ] GC(77) - age  10:       5048 bytes,    4106952 total
[2020-10-07T09:43:16.409+0000][38832][gc,age       ] GC(77) - age  11:       1696 bytes,    4108648 total
[2020-10-07T09:43:16.409+0000][38832][gc,age       ] GC(77) - age  12:      29456 bytes,    4138104 total
[2020-10-07T09:43:16.409+0000][38832][gc,age       ] GC(77) - age  13:       1560 bytes,    4139664 total
[2020-10-07T09:43:16.409+0000][38832][gc,age       ] GC(77) - age  14:       1752 bytes,    4141416 total
[2020-10-07T09:43:16.409+0000][38832][gc,age       ] GC(77) - age  15:       1496 bytes,    4142912 total
[2020-10-07T09:43:16.409+0000][38832][gc,phases    ] GC(77)   Pre Evacuate Collection Set: 0.5ms
[2020-10-07T09:43:16.409+0000][38832][gc,phases    ] GC(77)   Merge Heap Roots: 0.1ms
[2020-10-07T09:43:16.409+0000][38832][gc,phases    ] GC(77)   Evacuate Collection Set: 2.7ms
[2020-10-07T09:43:16.409+0000][38832][gc,phases    ] GC(77)   Post Evacuate Collection Set: 0.9ms
[2020-10-07T09:43:16.409+0000][38832][gc,phases    ] GC(77)   Other: 2.0ms
[2020-10-07T09:43:16.409+0000][38832][gc,heap      ] GC(77) Eden regions: 61->0(505)
[2020-10-07T09:43:16.409+0000][38832][gc,heap      ] GC(77) Survivor regions: 5->4(64)
[2020-10-07T09:43:16.409+0000][38832][gc,heap      ] GC(77) Old regions: 76->76
[2020-10-07T09:43:16.409+0000][38832][gc,heap      ] GC(77) Archive regions: 0->0
[2020-10-07T09:43:16.409+0000][38832][gc,heap      ] GC(77) Humongous regions: 324->174
[2020-10-07T09:43:16.409+0000][38832][gc,metaspace ] GC(77) Metaspace: 84047K(90368K)->84047K(90368K) NonClass: 73049K(76800K)->73049K(76800K) Class: 10997K(13568K)->10997K(13568K)
[2020-10-07T09:43:16.410+0000][38832][gc           ] GC(77) Pause Young (Concurrent Start) (G1 Humongous Allocation) 464M->253M(1024M) 6.659ms
[2020-10-07T09:43:16.410+0000][38832][gc,cpu       ] GC(77) User=0.00s Sys=0.00s Real=0.01s
[2020-10-07T09:43:16.410+0000][38832][gc           ] GC(78) Concurrent Cycle
[2020-10-07T09:43:16.410+0000][38832][safepoint    ] Safepoint "G1TryInitiateConcMark", Time since last: 96364100 ns, Reaching safepoint: 212400 ns, At safepoint: 7073800 ns, Total: 7286200 ns
[2020-10-07T09:43:16.410+0000][38832][gc,marking   ] GC(78) Concurrent Clear Claimed Marks
[2020-10-07T09:43:16.410+0000][38832][gc,marking   ] GC(78) Concurrent Clear Claimed Marks 0.514ms
[2020-10-07T09:43:16.410+0000][38832][gc,marking   ] GC(78) Concurrent Scan Root Regions
[2020-10-07T09:43:16.413+0000][38832][gc,marking   ] GC(78) Concurrent Scan Root Regions 3.037ms
[2020-10-07T09:43:16.414+0000][38832][gc,marking   ] GC(78) Concurrent Mark (71.619s)
[2020-10-07T09:43:16.414+0000][38832][gc,marking   ] GC(78) Concurrent Mark From Roots
[2020-10-07T09:43:16.414+0000][38832][gc,task      ] GC(78) Using 2 workers of 2 for marking
[2020-10-07T09:43:16.597+0000][38832][gc,marking   ] GC(78) Concurrent Mark From Roots 182.843ms
[2020-10-07T09:43:16.597+0000][38832][gc,marking   ] GC(78) Concurrent Preclean
[2020-10-07T09:43:16.598+0000][38832][gc,marking   ] GC(78) Concurrent Preclean 1.189ms
[2020-10-07T09:43:16.598+0000][38832][gc,marking   ] GC(78) Concurrent Mark (71.619s, 71.803s) 184.348ms
[2020-10-07T09:43:16.598+0000][38832][gc,start     ] GC(78) Pause Remark
[2020-10-07T09:43:16.605+0000][38832][gc           ] GC(78) Pause Remark 378M->378M(1024M) 6.372ms
[2020-10-07T09:43:16.605+0000][38832][gc,cpu       ] GC(78) User=0.09s Sys=0.02s Real=0.01s
[2020-10-07T09:43:16.605+0000][38832][safepoint    ] Safepoint "G1Concurrent", Time since last: 188289600 ns, Reaching safepoint: 222200 ns, At safepoint: 6730400 ns, Total: 6952600 ns
[2020-10-07T09:43:16.605+0000][38832][gc,marking   ] GC(78) Concurrent Rebuild Remembered Sets
[2020-10-07T09:43:16.712+0000][38832][gc,marking   ] GC(78) Concurrent Rebuild Remembered Sets 106.589ms
[2020-10-07T09:43:16.712+0000][38832][gc,start     ] GC(78) Pause Cleanup
[2020-10-07T09:43:16.712+0000][38832][gc           ] GC(78) Pause Cleanup 453M->453M(1024M) 0.359ms
[2020-10-07T09:43:16.712+0000][38832][gc,cpu       ] GC(78) User=0.00s Sys=0.00s Real=0.00s
[2020-10-07T09:43:16.713+0000][38832][safepoint    ] Safepoint "G1Concurrent", Time since last: 106813200 ns, Reaching safepoint: 172400 ns, At safepoint: 625200 ns, Total: 797600 ns
[2020-10-07T09:43:16.713+0000][38832][gc,marking   ] GC(78) Concurrent Cleanup for Next Mark
[2020-10-07T09:43:16.715+0000][38832][gc,marking   ] GC(78) Concurrent Cleanup for Next Mark 1.947ms
[2020-10-07T09:43:16.715+0000][38832][gc           ] GC(78) Concurrent Cycle 305.019ms
[2020-10-07T09:43:16.918+0000][38832][gc,start     ] GC(79) Pause Young (Concurrent Start) (G1 Humongous Allocation)
[2020-10-07T09:43:16.918+0000][38832][gc,task      ] GC(79) Using 8 workers of 8 for evacuation
[2020-10-07T09:43:16.919+0000][38832][gc,age       ] GC(79) Desired survivor size 33554432 bytes, new threshold 15 (max threshold 15)
[2020-10-07T09:43:16.924+0000][38832][gc,age       ] GC(79) Age table with threshold 15 (max threshold 15)
[2020-10-07T09:43:16.924+0000][38832][gc,age       ] GC(79) - age   1:    3272944 bytes,    3272944 total
[2020-10-07T09:43:16.924+0000][38832][gc,age       ] GC(79) - age   2:     413264 bytes,    3686208 total
[2020-10-07T09:43:16.924+0000][38832][gc,age       ] GC(79) - age   3:     202864 bytes,    3889072 total
[2020-10-07T09:43:16.924+0000][38832][gc,age       ] GC(79) - age   4:        688 bytes,    3889760 total
[2020-10-07T09:43:16.924+0000][38832][gc,age       ] GC(79) - age   5:     406736 bytes,    4296496 total
[2020-10-07T09:43:16.924+0000][38832][gc,age       ] GC(79) - age   6:     203552 bytes,    4500048 total
[2020-10-07T09:43:16.924+0000][38832][gc,age       ] GC(79) - age   7:     173528 bytes,    4673576 total
[2020-10-07T09:43:16.924+0000][38832][gc,age       ] GC(79) - age   8:       1008 bytes,    4674584 total
[2020-10-07T09:43:16.924+0000][38832][gc,age       ] GC(79) - age   9:      15672 bytes,    4690256 total
[2020-10-07T09:43:16.924+0000][38832][gc,age       ] GC(79) - age  10:      31968 bytes,    4722224 total
[2020-10-07T09:43:16.924+0000][38832][gc,age       ] GC(79) - age  11:       4592 bytes,    4726816 total
[2020-10-07T09:43:16.924+0000][38832][gc,age       ] GC(79) - age  12:       1696 bytes,    4728512 total
[2020-10-07T09:43:16.924+0000][38832][gc,age       ] GC(79) - age  13:      29360 bytes,    4757872 total
[2020-10-07T09:43:16.924+0000][38832][gc,age       ] GC(79) - age  14:       1560 bytes,    4759432 total
[2020-10-07T09:43:16.924+0000][38832][gc,age       ] GC(79) - age  15:       1720 bytes,    4761152 total
[2020-10-07T09:43:16.925+0000][38832][gc,phases    ] GC(79)   Pre Evacuate Collection Set: 0.4ms
[2020-10-07T09:43:16.925+0000][38832][gc,phases    ] GC(79)   Merge Heap Roots: 0.1ms
[2020-10-07T09:43:16.925+0000][38832][gc,phases    ] GC(79)   Evacuate Collection Set: 3.4ms
[2020-10-07T09:43:16.925+0000][38832][gc,phases    ] GC(79)   Post Evacuate Collection Set: 1.0ms
[2020-10-07T09:43:16.925+0000][38832][gc,phases    ] GC(79)   Other: 1.4ms
[2020-10-07T09:43:16.925+0000][38832][gc,heap      ] GC(79) Eden regions: 64->0(504)
[2020-10-07T09:43:16.925+0000][38832][gc,heap      ] GC(79) Survivor regions: 4->5(64)
[2020-10-07T09:43:16.925+0000][38832][gc,heap      ] GC(79) Old regions: 76->76
[2020-10-07T09:43:16.925+0000][38832][gc,heap      ] GC(79) Archive regions: 0->0
[2020-10-07T09:43:16.925+0000][38832][gc,heap      ] GC(79) Humongous regions: 324->174
[2020-10-07T09:43:16.925+0000][38832][gc,metaspace ] GC(79) Metaspace: 84082K(90368K)->84082K(90368K) NonClass: 73084K(76800K)->73084K(76800K) Class: 10997K(13568K)->10997K(13568K)
[2020-10-07T09:43:16.925+0000][38832][gc           ] GC(79) Pause Young (Concurrent Start) (G1 Humongous Allocation) 467M->254M(1024M) 7.009ms
[2020-10-07T09:43:16.926+0000][38832][gc,cpu       ] GC(79) User=0.00s Sys=0.00s Real=0.01s
[2020-10-07T09:43:16.926+0000][38832][gc           ] GC(80) Concurrent Cycle
[2020-10-07T09:43:16.926+0000][38832][gc,marking   ] GC(80) Concurrent Clear Claimed Marks
[2020-10-07T09:43:16.926+0000][38832][safepoint    ] Safepoint "G1TryInitiateConcMark", Time since last: 205534300 ns, Reaching safepoint: 186800 ns, At safepoint: 7378900 ns, Total: 7565700 ns
[2020-10-07T09:43:16.926+0000][38832][gc,marking   ] GC(80) Concurrent Clear Claimed Marks 0.446ms
[2020-10-07T09:43:16.926+0000][38832][gc,marking   ] GC(80) Concurrent Scan Root Regions
[2020-10-07T09:43:16.929+0000][38832][gc,marking   ] GC(80) Concurrent Scan Root Regions 3.011ms
[2020-10-07T09:43:16.929+0000][38832][gc,marking   ] GC(80) Concurrent Mark (72.135s)
[2020-10-07T09:43:16.929+0000][38832][gc,marking   ] GC(80) Concurrent Mark From Roots
[2020-10-07T09:43:16.929+0000][38832][gc,task      ] GC(80) Using 2 workers of 2 for marking
[2020-10-07T09:43:17.105+0000][38832][gc,marking   ] GC(80) Concurrent Mark From Roots 175.753ms
[2020-10-07T09:43:17.105+0000][38832][gc,marking   ] GC(80) Concurrent Preclean
[2020-10-07T09:43:17.106+0000][38832][gc,marking   ] GC(80) Concurrent Preclean 0.866ms
[2020-10-07T09:43:17.106+0000][38832][gc,marking   ] GC(80) Concurrent Mark (72.135s, 72.312s) 176.819ms
[2020-10-07T09:43:17.109+0000][38832][gc,start     ] GC(80) Pause Remark
[2020-10-07T09:43:17.114+0000][38832][gc           ] GC(80) Pause Remark 385M->385M(1024M) 5.481ms
[2020-10-07T09:43:17.114+0000][38832][gc,cpu       ] GC(80) User=0.00s Sys=0.00s Real=0.01s
[2020-10-07T09:43:17.114+0000][38832][safepoint    ] Safepoint "G1Concurrent", Time since last: 180539500 ns, Reaching safepoint: 2424800 ns, At safepoint: 5751500 ns, Total: 8176300 ns
[2020-10-07T09:43:17.114+0000][38832][gc,marking   ] GC(80) Concurrent Rebuild Remembered Sets
[2020-10-07T09:43:17.217+0000][38832][gc,marking   ] GC(80) Concurrent Rebuild Remembered Sets 102.406ms
[2020-10-07T09:43:17.218+0000][38832][gc,start     ] GC(80) Pause Cleanup
[2020-10-07T09:43:17.218+0000][38832][gc           ] GC(80) Pause Cleanup 458M->458M(1024M) 0.430ms
[2020-10-07T09:43:17.218+0000][38832][gc,cpu       ] GC(80) User=0.00s Sys=0.00s Real=0.00s
[2020-10-07T09:43:17.218+0000][38832][safepoint    ] Safepoint "G1Concurrent", Time since last: 102688400 ns, Reaching safepoint: 271000 ns, At safepoint: 706900 ns, Total: 977900 ns
[2020-10-07T09:43:17.218+0000][38832][gc,marking   ] GC(80) Concurrent Cleanup for Next Mark
[2020-10-07T09:43:17.220+0000][38832][gc,marking   ] GC(80) Concurrent Cleanup for Next Mark 1.877ms
[2020-10-07T09:43:17.220+0000][38832][gc           ] GC(80) Concurrent Cycle 294.602ms
[2020-10-07T09:43:17.253+0000][38832][gc,start     ] GC(81) Pause Young (Concurrent Start) (G1 Humongous Allocation)
[2020-10-07T09:43:17.253+0000][38832][gc,task      ] GC(81) Using 8 workers of 8 for evacuation
[2020-10-07T09:43:17.253+0000][38832][gc,age       ] GC(81) Desired survivor size 33554432 bytes, new threshold 15 (max threshold 15)
[2020-10-07T09:43:17.258+0000][38832][gc,age       ] GC(81) Age table with threshold 15 (max threshold 15)
[2020-10-07T09:43:17.258+0000][38832][gc,age       ] GC(81) - age   1:    3061016 bytes,    3061016 total
[2020-10-07T09:43:17.258+0000][38832][gc,age       ] GC(81) - age   2:     210512 bytes,    3271528 total
[2020-10-07T09:43:17.258+0000][38832][gc,age       ] GC(81) - age   3:     406416 bytes,    3677944 total
[2020-10-07T09:43:17.258+0000][38832][gc,age       ] GC(81) - age   4:     202000 bytes,    3879944 total
[2020-10-07T09:43:17.258+0000][38832][gc,age       ] GC(81) - age   5:        656 bytes,    3880600 total
[2020-10-07T09:43:17.258+0000][38832][gc,age       ] GC(81) - age   6:     406736 bytes,    4287336 total
[2020-10-07T09:43:17.258+0000][38832][gc,age       ] GC(81) - age   7:     203200 bytes,    4490536 total
[2020-10-07T09:43:17.258+0000][38832][gc,age       ] GC(81) - age   8:     173464 bytes,    4664000 total
[2020-10-07T09:43:17.258+0000][38832][gc,age       ] GC(81) - age   9:        976 bytes,    4664976 total
[2020-10-07T09:43:17.258+0000][38832][gc,age       ] GC(81) - age  10:      15672 bytes,    4680648 total
[2020-10-07T09:43:17.259+0000][38832][gc,age       ] GC(81) - age  11:      31872 bytes,    4712520 total
[2020-10-07T09:43:17.259+0000][38832][gc,age       ] GC(81) - age  12:       4592 bytes,    4717112 total
[2020-10-07T09:43:17.259+0000][38832][gc,age       ] GC(81) - age  13:       1696 bytes,    4718808 total
[2020-10-07T09:43:17.259+0000][38832][gc,age       ] GC(81) - age  14:      29360 bytes,    4748168 total
[2020-10-07T09:43:17.259+0000][38832][gc,age       ] GC(81) - age  15:       1560 bytes,    4749728 total
[2020-10-07T09:43:17.259+0000][38832][gc,phases    ] GC(81)   Pre Evacuate Collection Set: 0.4ms
[2020-10-07T09:43:17.259+0000][38832][gc,phases    ] GC(81)   Merge Heap Roots: 0.1ms
[2020-10-07T09:43:17.259+0000][38832][gc,phases    ] GC(81)   Evacuate Collection Set: 3.2ms
[2020-10-07T09:43:17.259+0000][38832][gc,phases    ] GC(81)   Post Evacuate Collection Set: 1.0ms
[2020-10-07T09:43:17.259+0000][38832][gc,phases    ] GC(81)   Other: 1.4ms
[2020-10-07T09:43:17.259+0000][38832][gc,heap      ] GC(81) Eden regions: 60->0(504)
[2020-10-07T09:43:17.259+0000][38832][gc,heap      ] GC(81) Survivor regions: 5->5(64)
[2020-10-07T09:43:17.259+0000][38832][gc,heap      ] GC(81) Old regions: 76->76
[2020-10-07T09:43:17.259+0000][38832][gc,heap      ] GC(81) Archive regions: 0->0
[2020-10-07T09:43:17.259+0000][38832][gc,heap      ] GC(81) Humongous regions: 324->174
[2020-10-07T09:43:17.259+0000][38832][gc,metaspace ] GC(81) Metaspace: 84100K(90368K)->84100K(90368K) NonClass: 73103K(76800K)->73103K(76800K) Class: 10997K(13568K)->10997K(13568K)
[2020-10-07T09:43:17.259+0000][38832][gc           ] GC(81) Pause Young (Concurrent Start) (G1 Humongous Allocation) 463M->254M(1024M) 6.657ms
[2020-10-07T09:43:17.259+0000][38832][gc,cpu       ] GC(81) User=0.09s Sys=0.00s Real=0.01s
[2020-10-07T09:43:17.260+0000][38832][gc           ] GC(82) Concurrent Cycle
[2020-10-07T09:43:17.260+0000][38832][safepoint    ] Safepoint "G1TryInitiateConcMark", Time since last: 34184200 ns, Reaching safepoint: 219500 ns, At safepoint: 6918900 ns, Total: 7138400 ns
[2020-10-07T09:43:17.260+0000][38832][gc,marking   ] GC(82) Concurrent Clear Claimed Marks
[2020-10-07T09:43:17.260+0000][38832][gc,marking   ] GC(82) Concurrent Clear Claimed Marks 0.553ms
[2020-10-07T09:43:17.260+0000][38832][gc,marking   ] GC(82) Concurrent Scan Root Regions
[2020-10-07T09:43:17.264+0000][38832][gc,marking   ] GC(82) Concurrent Scan Root Regions 4.014ms
[2020-10-07T09:43:17.264+0000][38832][gc,marking   ] GC(82) Concurrent Mark (72.470s)
[2020-10-07T09:43:17.265+0000][38832][gc,marking   ] GC(82) Concurrent Mark From Roots
[2020-10-07T09:43:17.265+0000][38832][gc,task      ] GC(82) Using 2 workers of 2 for marking
[2020-10-07T09:43:17.440+0000][38832][gc,marking   ] GC(82) Concurrent Mark From Roots 175.408ms
[2020-10-07T09:43:17.440+0000][38832][gc,marking   ] GC(82) Concurrent Preclean
[2020-10-07T09:43:17.441+0000][38832][gc,marking   ] GC(82) Concurrent Preclean 0.838ms
[2020-10-07T09:43:17.441+0000][38832][gc,marking   ] GC(82) Concurrent Mark (72.470s, 72.646s) 176.503ms
[2020-10-07T09:43:17.441+0000][38832][gc,start     ] GC(82) Pause Remark
[2020-10-07T09:43:17.447+0000][38832][gc           ] GC(82) Pause Remark 390M->390M(1024M) 5.341ms
[2020-10-07T09:43:17.447+0000][38832][gc,cpu       ] GC(82) User=0.11s Sys=0.00s Real=0.01s
[2020-10-07T09:43:17.447+0000][38832][safepoint    ] Safepoint "G1Concurrent", Time since last: 181483800 ns, Reaching safepoint: 171100 ns, At safepoint: 5740400 ns, Total: 5911500 ns
[2020-10-07T09:43:17.447+0000][38832][gc,marking   ] GC(82) Concurrent Rebuild Remembered Sets
[2020-10-07T09:43:17.548+0000][38832][gc,marking   ] GC(82) Concurrent Rebuild Remembered Sets 101.096ms
[2020-10-07T09:43:17.548+0000][38832][gc,start     ] GC(82) Pause Cleanup
[2020-10-07T09:43:17.549+0000][38832][gc           ] GC(82) Pause Cleanup 392M->392M(1024M) 0.414ms
[2020-10-07T09:43:17.549+0000][38832][gc,cpu       ] GC(82) User=0.00s Sys=0.00s Real=0.00s
[2020-10-07T09:43:17.549+0000][38832][safepoint    ] Safepoint "G1Concurrent", Time since last: 101328300 ns, Reaching safepoint: 201600 ns, At safepoint: 679200 ns, Total: 880800 ns
[2020-10-07T09:43:17.549+0000][38832][gc,marking   ] GC(82) Concurrent Cleanup for Next Mark
[2020-10-07T09:43:17.551+0000][38832][gc,marking   ] GC(82) Concurrent Cleanup for Next Mark 2.023ms
[2020-10-07T09:43:17.551+0000][38832][gc           ] GC(82) Concurrent Cycle 291.923ms
[2020-10-07T09:43:17.690+0000][38832][safepoint    ] Safepoint "BulkRevokeBias", Time since last: 133599400 ns, Reaching safepoint: 210000 ns, At safepoint: 6894400 ns, Total: 7104400 ns
[2020-10-07T09:43:17.801+0000][38832][safepoint    ] Safepoint "BulkRevokeBias", Time since last: 86045400 ns, Reaching safepoint: 245600 ns, At safepoint: 25714700 ns, Total: 25960300 ns
[2020-10-07T09:43:18.901+0000][38832][safepoint    ] Safepoint "Cleanup", Time since last: 1100013800 ns, Reaching safepoint: 262500 ns, At safepoint: 15200 ns, Total: 277700 ns
[2020-10-07T09:43:19.904+0000][38832][safepoint    ] Safepoint "Cleanup", Time since last: 1001524100 ns, Reaching safepoint: 206600 ns, At safepoint: 22600 ns, Total: 229200 ns
[2020-10-07T09:43:20.142+0000][38832][gc,start     ] GC(83) Pause Young (Concurrent Start) (G1 Humongous Allocation)
[2020-10-07T09:43:20.142+0000][38832][gc,task      ] GC(83) Using 8 workers of 8 for evacuation
[2020-10-07T09:43:20.142+0000][38832][gc,age       ] GC(83) Desired survivor size 33554432 bytes, new threshold 15 (max threshold 15)
[2020-10-07T09:43:20.148+0000][38832][gc,age       ] GC(83) Age table with threshold 15 (max threshold 15)
[2020-10-07T09:43:20.148+0000][38832][gc,age       ] GC(83) - age   1:    7832664 bytes,    7832664 total
[2020-10-07T09:43:20.148+0000][38832][gc,age       ] GC(83) - age   2:       1592 bytes,    7834256 total
[2020-10-07T09:43:20.148+0000][38832][gc,age       ] GC(83) - age   3:       2592 bytes,    7836848 total
[2020-10-07T09:43:20.148+0000][38832][gc,age       ] GC(83) - age   4:       3352 bytes,    7840200 total
[2020-10-07T09:43:20.148+0000][38832][gc,age       ] GC(83) - age   5:       1080 bytes,    7841280 total
[2020-10-07T09:43:20.148+0000][38832][gc,age       ] GC(83) - age   6:        272 bytes,    7841552 total
[2020-10-07T09:43:20.148+0000][38832][gc,age       ] GC(83) - age   7:       1808 bytes,    7843360 total
[2020-10-07T09:43:20.148+0000][38832][gc,age       ] GC(83) - age   8:       1616 bytes,    7844976 total
[2020-10-07T09:43:20.148+0000][38832][gc,age       ] GC(83) - age   9:     122520 bytes,    7967496 total
[2020-10-07T09:43:20.148+0000][38832][gc,age       ] GC(83) - age  10:        976 bytes,    7968472 total
[2020-10-07T09:43:20.148+0000][38832][gc,age       ] GC(83) - age  11:      15672 bytes,    7984144 total
[2020-10-07T09:43:20.148+0000][38832][gc,age       ] GC(83) - age  12:      31768 bytes,    8015912 total
[2020-10-07T09:43:20.148+0000][38832][gc,age       ] GC(83) - age  13:       4440 bytes,    8020352 total
[2020-10-07T09:43:20.148+0000][38832][gc,age       ] GC(83) - age  14:       1696 bytes,    8022048 total
[2020-10-07T09:43:20.148+0000][38832][gc,age       ] GC(83) - age  15:      29328 bytes,    8051376 total
[2020-10-07T09:43:20.148+0000][38832][gc,phases    ] GC(83)   Pre Evacuate Collection Set: 0.5ms
[2020-10-07T09:43:20.148+0000][38832][gc,phases    ] GC(83)   Merge Heap Roots: 0.1ms
[2020-10-07T09:43:20.149+0000][38832][gc,phases    ] GC(83)   Evacuate Collection Set: 3.4ms
[2020-10-07T09:43:20.149+0000][38832][gc,phases    ] GC(83)   Post Evacuate Collection Set: 1.0ms
[2020-10-07T09:43:20.149+0000][38832][gc,phases    ] GC(83)   Other: 1.3ms
[2020-10-07T09:43:20.149+0000][38832][gc,heap      ] GC(83) Eden regions: 71->0(495)
[2020-10-07T09:43:20.149+0000][38832][gc,heap      ] GC(83) Survivor regions: 5->9(64)
[2020-10-07T09:43:20.149+0000][38832][gc,heap      ] GC(83) Old regions: 76->76
[2020-10-07T09:43:20.149+0000][38832][gc,heap      ] GC(83) Archive regions: 0->0
[2020-10-07T09:43:20.149+0000][38832][gc,heap      ] GC(83) Humongous regions: 274->174
[2020-10-07T09:43:20.150+0000][38832][gc,metaspace ] GC(83) Metaspace: 85011K(91136K)->85011K(91136K) NonClass: 73864K(77568K)->73864K(77568K) Class: 11146K(13568K)->11146K(13568K)
[2020-10-07T09:43:20.150+0000][38832][gc           ] GC(83) Pause Young (Concurrent Start) (G1 Humongous Allocation) 425M->257M(1024M) 6.850ms
[2020-10-07T09:43:20.150+0000][38832][gc,cpu       ] GC(83) User=0.02s Sys=0.02s Real=0.01s
[2020-10-07T09:43:20.150+0000][38832][gc           ] GC(84) Concurrent Cycle
[2020-10-07T09:43:20.150+0000][38832][gc,marking   ] GC(84) Concurrent Clear Claimed Marks
[2020-10-07T09:43:20.150+0000][38832][safepoint    ] Safepoint "G1TryInitiateConcMark", Time since last: 238496200 ns, Reaching safepoint: 240000 ns, At safepoint: 7246800 ns, Total: 7486800 ns
[2020-10-07T09:43:20.150+0000][38832][gc,marking   ] GC(84) Concurrent Clear Claimed Marks 0.420ms
[2020-10-07T09:43:20.150+0000][38832][gc,marking   ] GC(84) Concurrent Scan Root Regions
[2020-10-07T09:43:20.153+0000][38832][gc,marking   ] GC(84) Concurrent Scan Root Regions 3.512ms
[2020-10-07T09:43:20.153+0000][38832][gc,marking   ] GC(84) Concurrent Mark (75.359s)
[2020-10-07T09:43:20.153+0000][38832][gc,marking   ] GC(84) Concurrent Mark From Roots
[2020-10-07T09:43:20.154+0000][38832][gc,task      ] GC(84) Using 2 workers of 2 for marking
[2020-10-07T09:43:20.320+0000][38832][gc,marking   ] GC(84) Concurrent Mark From Roots 166.821ms
[2020-10-07T09:43:20.320+0000][38832][gc,marking   ] GC(84) Concurrent Preclean
[2020-10-07T09:43:20.321+0000][38832][gc,marking   ] GC(84) Concurrent Preclean 0.877ms
[2020-10-07T09:43:20.321+0000][38832][gc,marking   ] GC(84) Concurrent Mark (75.359s, 75.527s) 167.913ms
[2020-10-07T09:43:20.322+0000][38832][gc,start     ] GC(84) Pause Remark
[2020-10-07T09:43:20.326+0000][38832][gc           ] GC(84) Pause Remark 585M->585M(1024M) 4.769ms
[2020-10-07T09:43:20.327+0000][38832][gc,cpu       ] GC(84) User=0.00s Sys=0.00s Real=0.00s
[2020-10-07T09:43:20.327+0000][38832][safepoint    ] Safepoint "G1Concurrent", Time since last: 172069100 ns, Reaching safepoint: 213800 ns, At safepoint: 5018000 ns, Total: 5231800 ns
[2020-10-07T09:43:20.327+0000][38832][gc,marking   ] GC(84) Concurrent Rebuild Remembered Sets
[2020-10-07T09:43:20.421+0000][38832][gc,marking   ] GC(84) Concurrent Rebuild Remembered Sets 94.445ms
[2020-10-07T09:43:20.426+0000][38832][gc,start     ] GC(84) Pause Cleanup
[2020-10-07T09:43:20.426+0000][38832][gc           ] GC(84) Pause Cleanup 586M->586M(1024M) 0.377ms
[2020-10-07T09:43:20.427+0000][38832][gc,cpu       ] GC(84) User=0.00s Sys=0.00s Real=0.00s
[2020-10-07T09:43:20.432+0000][38832][safepoint    ] Safepoint "G1Concurrent", Time since last: 94616900 ns, Reaching safepoint: 4771300 ns, At safepoint: 5469900 ns, Total: 10241200 ns
[2020-10-07T09:43:20.432+0000][38832][gc,marking   ] GC(84) Concurrent Cleanup for Next Mark
[2020-10-07T09:43:20.433+0000][38832][gc,marking   ] GC(84) Concurrent Cleanup for Next Mark 1.817ms
[2020-10-07T09:43:20.434+0000][38832][gc           ] GC(84) Concurrent Cycle 284.364ms
[2020-10-07T09:43:20.547+0000][38832][gc,start     ] GC(85) Pause Young (Concurrent Start) (G1 Humongous Allocation)
[2020-10-07T09:43:20.547+0000][38832][gc,task      ] GC(85) Using 8 workers of 8 for evacuation
[2020-10-07T09:43:20.547+0000][38832][gc,age       ] GC(85) Desired survivor size 33030144 bytes, new threshold 15 (max threshold 15)
[2020-10-07T09:43:20.552+0000][38832][gc,age       ] GC(85) Age table with threshold 15 (max threshold 15)
[2020-10-07T09:43:20.553+0000][38832][gc,age       ] GC(85) - age   1:    2664728 bytes,    2664728 total
[2020-10-07T09:43:20.553+0000][38832][gc,age       ] GC(85) - age   2:     756376 bytes,    3421104 total
[2020-10-07T09:43:20.553+0000][38832][gc,age       ] GC(85) - age   3:       1280 bytes,    3422384 total
[2020-10-07T09:43:20.553+0000][38832][gc,age       ] GC(85) - age   4:       2368 bytes,    3424752 total
[2020-10-07T09:43:20.553+0000][38832][gc,age       ] GC(85) - age   5:       3192 bytes,    3427944 total
[2020-10-07T09:43:20.553+0000][38832][gc,age       ] GC(85) - age   6:       1016 bytes,    3428960 total
[2020-10-07T09:43:20.553+0000][38832][gc,age       ] GC(85) - age   7:        272 bytes,    3429232 total
[2020-10-07T09:43:20.553+0000][38832][gc,age       ] GC(85) - age   8:       1712 bytes,    3430944 total
[2020-10-07T09:43:20.553+0000][38832][gc,age       ] GC(85) - age   9:       1616 bytes,    3432560 total
[2020-10-07T09:43:20.553+0000][38832][gc,age       ] GC(85) - age  10:     119512 bytes,    3552072 total
[2020-10-07T09:43:20.553+0000][38832][gc,age       ] GC(85) - age  11:        616 bytes,    3552688 total
[2020-10-07T09:43:20.553+0000][38832][gc,age       ] GC(85) - age  12:      15672 bytes,    3568360 total
[2020-10-07T09:43:20.553+0000][38832][gc,age       ] GC(85) - age  13:      31768 bytes,    3600128 total
[2020-10-07T09:43:20.553+0000][38832][gc,age       ] GC(85) - age  14:       4408 bytes,    3604536 total
[2020-10-07T09:43:20.553+0000][38832][gc,age       ] GC(85) - age  15:       1696 bytes,    3606232 total
[2020-10-07T09:43:20.553+0000][38832][gc,phases    ] GC(85)   Pre Evacuate Collection Set: 0.6ms
[2020-10-07T09:43:20.553+0000][38832][gc,phases    ] GC(85)   Merge Heap Roots: 0.1ms
[2020-10-07T09:43:20.553+0000][38832][gc,phases    ] GC(85)   Evacuate Collection Set: 3.0ms
[2020-10-07T09:43:20.554+0000][38832][gc,phases    ] GC(85)   Post Evacuate Collection Set: 1.1ms
[2020-10-07T09:43:20.554+0000][38832][gc,phases    ] GC(85)   Other: 1.5ms
[2020-10-07T09:43:20.554+0000][38832][gc,heap      ] GC(85) Eden regions: 90->0(502)
[2020-10-07T09:43:20.554+0000][38832][gc,heap      ] GC(85) Survivor regions: 9->4(63)
[2020-10-07T09:43:20.554+0000][38832][gc,heap      ] GC(85) Old regions: 76->76
[2020-10-07T09:43:20.554+0000][38832][gc,heap      ] GC(85) Archive regions: 0->0
[2020-10-07T09:43:20.554+0000][38832][gc,heap      ] GC(85) Humongous regions: 430->174
[2020-10-07T09:43:20.554+0000][38832][gc,metaspace ] GC(85) Metaspace: 85051K(91136K)->85051K(91136K) NonClass: 73904K(77568K)->73904K(77568K) Class: 11146K(13568K)->11146K(13568K)
[2020-10-07T09:43:20.554+0000][38832][gc           ] GC(85) Pause Young (Concurrent Start) (G1 Humongous Allocation) 603M->253M(1024M) 6.868ms
[2020-10-07T09:43:20.554+0000][38832][gc,cpu       ] GC(85) User=0.03s Sys=0.00s Real=0.01s
[2020-10-07T09:43:20.554+0000][38832][gc           ] GC(86) Concurrent Cycle
[2020-10-07T09:43:20.554+0000][38832][gc,marking   ] GC(86) Concurrent Clear Claimed Marks
[2020-10-07T09:43:20.554+0000][38832][safepoint    ] Safepoint "G1TryInitiateConcMark", Time since last: 115234700 ns, Reaching safepoint: 322100 ns, At safepoint: 7210200 ns, Total: 7532300 ns
[2020-10-07T09:43:20.555+0000][38832][gc,marking   ] GC(86) Concurrent Clear Claimed Marks 0.345ms
[2020-10-07T09:43:20.555+0000][38832][gc,marking   ] GC(86) Concurrent Scan Root Regions
[2020-10-07T09:43:20.557+0000][38832][gc,marking   ] GC(86) Concurrent Scan Root Regions 1.881ms
[2020-10-07T09:43:20.557+0000][38832][gc,marking   ] GC(86) Concurrent Mark (75.763s)
[2020-10-07T09:43:20.557+0000][38832][gc,marking   ] GC(86) Concurrent Mark From Roots
[2020-10-07T09:43:20.557+0000][38832][gc,task      ] GC(86) Using 2 workers of 2 for marking
[2020-10-07T09:43:20.730+0000][38832][gc,marking   ] GC(86) Concurrent Mark From Roots 173.504ms
[2020-10-07T09:43:20.730+0000][38832][gc,marking   ] GC(86) Concurrent Preclean
[2020-10-07T09:43:20.731+0000][38832][gc,marking   ] GC(86) Concurrent Preclean 0.957ms
[2020-10-07T09:43:20.731+0000][38832][gc,marking   ] GC(86) Concurrent Mark (75.763s, 75.937s) 174.686ms
[2020-10-07T09:43:20.735+0000][38832][gc,start     ] GC(86) Pause Remark
[2020-10-07T09:43:20.741+0000][38832][gc           ] GC(86) Pause Remark 390M->390M(1024M) 6.009ms
[2020-10-07T09:43:20.741+0000][38832][gc,cpu       ] GC(86) User=0.03s Sys=0.03s Real=0.01s
[2020-10-07T09:43:20.741+0000][38832][safepoint    ] Safepoint "G1Concurrent", Time since last: 177175400 ns, Reaching safepoint: 3232900 ns, At safepoint: 6278900 ns, Total: 9511800 ns
[2020-10-07T09:43:20.741+0000][38832][gc,marking   ] GC(86) Concurrent Rebuild Remembered Sets
[2020-10-07T09:43:20.838+0000][38832][gc,marking   ] GC(86) Concurrent Rebuild Remembered Sets 97.303ms
[2020-10-07T09:43:20.839+0000][38832][gc,start     ] GC(86) Pause Cleanup
[2020-10-07T09:43:20.839+0000][38832][gc           ] GC(86) Pause Cleanup 391M->391M(1024M) 0.280ms
[2020-10-07T09:43:20.839+0000][38832][gc,cpu       ] GC(86) User=0.00s Sys=0.00s Real=0.00s
[2020-10-07T09:43:20.839+0000][38832][safepoint    ] Safepoint "G1Concurrent", Time since last: 97528800 ns, Reaching safepoint: 183600 ns, At safepoint: 459300 ns, Total: 642900 ns
[2020-10-07T09:43:20.839+0000][38832][gc,marking   ] GC(86) Concurrent Cleanup for Next Mark
[2020-10-07T09:43:20.841+0000][38832][gc,marking   ] GC(86) Concurrent Cleanup for Next Mark 1.770ms
[2020-10-07T09:43:20.841+0000][38832][gc           ] GC(86) Concurrent Cycle 286.935ms
[2020-10-07T09:43:21.283+0000][38832][gc,start     ] GC(87) Pause Young (Concurrent Start) (G1 Humongous Allocation)
[2020-10-07T09:43:21.283+0000][38832][gc,task      ] GC(87) Using 8 workers of 8 for evacuation
[2020-10-07T09:43:21.283+0000][38832][gc,age       ] GC(87) Desired survivor size 33554432 bytes, new threshold 15 (max threshold 15)
[2020-10-07T09:43:21.287+0000][38832][gc,age       ] GC(87) Age table with threshold 15 (max threshold 15)
[2020-10-07T09:43:21.287+0000][38832][gc,age       ] GC(87) - age   1:    2834080 bytes,    2834080 total
[2020-10-07T09:43:21.287+0000][38832][gc,age       ] GC(87) - age   2:      13848 bytes,    2847928 total
[2020-10-07T09:43:21.287+0000][38832][gc,age       ] GC(87) - age   3:     702784 bytes,    3550712 total
[2020-10-07T09:43:21.287+0000][38832][gc,age       ] GC(87) - age   4:       1184 bytes,    3551896 total
[2020-10-07T09:43:21.288+0000][38832][gc,age       ] GC(87) - age   5:       2368 bytes,    3554264 total
[2020-10-07T09:43:21.288+0000][38832][gc,age       ] GC(87) - age   6:       3128 bytes,    3557392 total
[2020-10-07T09:43:21.288+0000][38832][gc,age       ] GC(87) - age   7:       1016 bytes,    3558408 total
[2020-10-07T09:43:21.288+0000][38832][gc,age       ] GC(87) - age   8:        272 bytes,    3558680 total
[2020-10-07T09:43:21.288+0000][38832][gc,age       ] GC(87) - age   9:       1680 bytes,    3560360 total
[2020-10-07T09:43:21.288+0000][38832][gc,age       ] GC(87) - age  10:       1488 bytes,    3561848 total
[2020-10-07T09:43:21.288+0000][38832][gc,age       ] GC(87) - age  11:     119512 bytes,    3681360 total
[2020-10-07T09:43:21.288+0000][38832][gc,age       ] GC(87) - age  12:        616 bytes,    3681976 total
[2020-10-07T09:43:21.288+0000][38832][gc,age       ] GC(87) - age  13:      15672 bytes,    3697648 total
[2020-10-07T09:43:21.288+0000][38832][gc,age       ] GC(87) - age  14:      31768 bytes,    3729416 total
[2020-10-07T09:43:21.288+0000][38832][gc,age       ] GC(87) - age  15:       4408 bytes,    3733824 total
[2020-10-07T09:43:21.288+0000][38832][gc,phases    ] GC(87)   Pre Evacuate Collection Set: 0.4ms
[2020-10-07T09:43:21.288+0000][38832][gc,phases    ] GC(87)   Merge Heap Roots: 0.1ms
[2020-10-07T09:43:21.288+0000][38832][gc,phases    ] GC(87)   Evacuate Collection Set: 3.0ms
[2020-10-07T09:43:21.288+0000][38832][gc,phases    ] GC(87)   Post Evacuate Collection Set: 0.8ms
[2020-10-07T09:43:21.288+0000][38832][gc,phases    ] GC(87)   Other: 1.1ms
[2020-10-07T09:43:21.288+0000][38832][gc,heap      ] GC(87) Eden regions: 51->0(503)
[2020-10-07T09:43:21.288+0000][38832][gc,heap      ] GC(87) Survivor regions: 4->4(64)
[2020-10-07T09:43:21.288+0000][38832][gc,heap      ] GC(87) Old regions: 76->76
[2020-10-07T09:43:21.288+0000][38832][gc,heap      ] GC(87) Archive regions: 0->0
[2020-10-07T09:43:21.288+0000][38832][gc,heap      ] GC(87) Humongous regions: 274->174
[2020-10-07T09:43:21.288+0000][38832][gc,metaspace ] GC(87) Metaspace: 85558K(91392K)->85558K(91392K) NonClass: 74338K(77824K)->74338K(77824K) Class: 11220K(13568K)->11220K(13568K)
[2020-10-07T09:43:21.288+0000][38832][gc           ] GC(87) Pause Young (Concurrent Start) (G1 Humongous Allocation) 403M->253M(1024M) 5.808ms
[2020-10-07T09:43:21.289+0000][38832][gc,cpu       ] GC(87) User=0.02s Sys=0.02s Real=0.01s
[2020-10-07T09:43:21.289+0000][38832][gc           ] GC(88) Concurrent Cycle
[2020-10-07T09:43:21.289+0000][38832][safepoint    ] Safepoint "G1TryInitiateConcMark", Time since last: 443213200 ns, Reaching safepoint: 257700 ns, At safepoint: 6059900 ns, Total: 6317600 ns
[2020-10-07T09:43:21.289+0000][38832][gc,marking   ] GC(88) Concurrent Clear Claimed Marks
[2020-10-07T09:43:21.289+0000][38832][gc,marking   ] GC(88) Concurrent Clear Claimed Marks 0.496ms
[2020-10-07T09:43:21.289+0000][38832][gc,marking   ] GC(88) Concurrent Scan Root Regions
[2020-10-07T09:43:21.293+0000][38832][gc,marking   ] GC(88) Concurrent Scan Root Regions 3.357ms
[2020-10-07T09:43:21.293+0000][38832][gc,marking   ] GC(88) Concurrent Mark (76.499s)
[2020-10-07T09:43:21.293+0000][38832][gc,marking   ] GC(88) Concurrent Mark From Roots
[2020-10-07T09:43:21.293+0000][38832][gc,task      ] GC(88) Using 2 workers of 2 for marking
[2020-10-07T09:43:21.469+0000][38832][gc,marking   ] GC(88) Concurrent Mark From Roots 175.678ms
[2020-10-07T09:43:21.469+0000][38832][gc,marking   ] GC(88) Concurrent Preclean
[2020-10-07T09:43:21.470+0000][38832][gc,marking   ] GC(88) Concurrent Preclean 0.854ms
[2020-10-07T09:43:21.470+0000][38832][gc,marking   ] GC(88) Concurrent Mark (76.499s, 76.675s) 176.746ms
[2020-10-07T09:43:21.470+0000][38832][gc,start     ] GC(88) Pause Remark
[2020-10-07T09:43:21.476+0000][38832][gc           ] GC(88) Pause Remark 388M->388M(1024M) 6.000ms
[2020-10-07T09:43:21.476+0000][38832][gc,cpu       ] GC(88) User=0.09s Sys=0.00s Real=0.01s
[2020-10-07T09:43:21.477+0000][38832][safepoint    ] Safepoint "G1Concurrent", Time since last: 181006400 ns, Reaching safepoint: 189500 ns, At safepoint: 6986400 ns, Total: 7175900 ns
[2020-10-07T09:43:21.477+0000][38832][gc,marking   ] GC(88) Concurrent Rebuild Remembered Sets
[2020-10-07T09:43:21.569+0000][38832][gc,marking   ] GC(88) Concurrent Rebuild Remembered Sets 92.270ms
[2020-10-07T09:43:21.570+0000][38832][gc,start     ] GC(88) Pause Cleanup
[2020-10-07T09:43:21.570+0000][38832][gc           ] GC(88) Pause Cleanup 389M->389M(1024M) 0.376ms
[2020-10-07T09:43:21.570+0000][38832][gc,cpu       ] GC(88) User=0.00s Sys=0.00s Real=0.00s
[2020-10-07T09:43:21.571+0000][38832][safepoint    ] Safepoint "G1Concurrent", Time since last: 92497100 ns, Reaching safepoint: 585400 ns, At safepoint: 666500 ns, Total: 1251900 ns
[2020-10-07T09:43:21.571+0000][38832][gc,marking   ] GC(88) Concurrent Cleanup for Next Mark
[2020-10-07T09:43:21.573+0000][38832][gc,marking   ] GC(88) Concurrent Cleanup for Next Mark 1.842ms
[2020-10-07T09:43:21.573+0000][38832][gc           ] GC(88) Concurrent Cycle 284.033ms
[2020-10-07T09:43:21.620+0000][38832][gc,start     ] GC(89) Pause Young (Concurrent Start) (G1 Humongous Allocation)
[2020-10-07T09:43:21.621+0000][38832][gc,task      ] GC(89) Using 8 workers of 8 for evacuation
[2020-10-07T09:43:21.621+0000][38832][gc,age       ] GC(89) Desired survivor size 33554432 bytes, new threshold 15 (max threshold 15)
[2020-10-07T09:43:21.625+0000][38832][gc,age       ] GC(89) Age table with threshold 15 (max threshold 15)
[2020-10-07T09:43:21.626+0000][38832][gc,age       ] GC(89) - age   1:    5294576 bytes,    5294576 total
[2020-10-07T09:43:21.626+0000][38832][gc,age       ] GC(89) - age   2:     182872 bytes,    5477448 total
[2020-10-07T09:43:21.626+0000][38832][gc,age       ] GC(89) - age   3:       9320 bytes,    5486768 total
[2020-10-07T09:43:21.626+0000][38832][gc,age       ] GC(89) - age   4:     702496 bytes,    6189264 total
[2020-10-07T09:43:21.626+0000][38832][gc,age       ] GC(89) - age   5:       1088 bytes,    6190352 total
[2020-10-07T09:43:21.626+0000][38832][gc,age       ] GC(89) - age   6:       2368 bytes,    6192720 total
[2020-10-07T09:43:21.626+0000][38832][gc,age       ] GC(89) - age   7:       3128 bytes,    6195848 total
[2020-10-07T09:43:21.626+0000][38832][gc,age       ] GC(89) - age   8:        984 bytes,    6196832 total
[2020-10-07T09:43:21.626+0000][38832][gc,age       ] GC(89) - age   9:        112 bytes,    6196944 total
[2020-10-07T09:43:21.626+0000][38832][gc,age       ] GC(89) - age  10:       1584 bytes,    6198528 total
[2020-10-07T09:43:21.626+0000][38832][gc,age       ] GC(89) - age  11:       1488 bytes,    6200016 total
[2020-10-07T09:43:21.626+0000][38832][gc,age       ] GC(89) - age  12:     119512 bytes,    6319528 total
[2020-10-07T09:43:21.626+0000][38832][gc,age       ] GC(89) - age  13:        616 bytes,    6320144 total
[2020-10-07T09:43:21.626+0000][38832][gc,age       ] GC(89) - age  14:      15672 bytes,    6335816 total
[2020-10-07T09:43:21.626+0000][38832][gc,age       ] GC(89) - age  15:      31704 bytes,    6367520 total
[2020-10-07T09:43:21.626+0000][38832][gc,phases    ] GC(89)   Pre Evacuate Collection Set: 0.5ms
[2020-10-07T09:43:21.626+0000][38832][gc,phases    ] GC(89)   Merge Heap Roots: 0.1ms
[2020-10-07T09:43:21.626+0000][38832][gc,phases    ] GC(89)   Evacuate Collection Set: 3.0ms
[2020-10-07T09:43:21.627+0000][38832][gc,phases    ] GC(89)   Post Evacuate Collection Set: 1.0ms
[2020-10-07T09:43:21.627+0000][38832][gc,phases    ] GC(89)   Other: 1.4ms
[2020-10-07T09:43:21.627+0000][38832][gc,heap      ] GC(89) Eden regions: 47->0(499)
[2020-10-07T09:43:21.627+0000][38832][gc,heap      ] GC(89) Survivor regions: 4->7(64)
[2020-10-07T09:43:21.627+0000][38832][gc,heap      ] GC(89) Old regions: 76->76
[2020-10-07T09:43:21.627+0000][38832][gc,heap      ] GC(89) Archive regions: 0->0
[2020-10-07T09:43:21.627+0000][38832][gc,heap      ] GC(89) Humongous regions: 274->174
[2020-10-07T09:43:21.627+0000][38832][gc,metaspace ] GC(89) Metaspace: 85573K(91648K)->85573K(91648K) NonClass: 74353K(78080K)->74353K(78080K) Class: 11220K(13568K)->11220K(13568K)
[2020-10-07T09:43:21.627+0000][38832][gc           ] GC(89) Pause Young (Concurrent Start) (G1 Humongous Allocation) 400M->255M(1024M) 6.602ms
[2020-10-07T09:43:21.627+0000][38832][gc,cpu       ] GC(89) User=0.00s Sys=0.00s Real=0.01s
[2020-10-07T09:43:21.627+0000][38832][gc           ] GC(90) Concurrent Cycle
[2020-10-07T09:43:21.627+0000][38832][gc,marking   ] GC(90) Concurrent Clear Claimed Marks
[2020-10-07T09:43:21.628+0000][38832][gc,marking   ] GC(90) Concurrent Clear Claimed Marks 0.370ms
[2020-10-07T09:43:21.628+0000][38832][gc,marking   ] GC(90) Concurrent Scan Root Regions
[2020-10-07T09:43:21.628+0000][38832][safepoint    ] Safepoint "G1TryInitiateConcMark", Time since last: 49085500 ns, Reaching safepoint: 210400 ns, At safepoint: 7633200 ns, Total: 7843600 ns
[2020-10-07T09:43:21.631+0000][38832][gc,marking   ] GC(90) Concurrent Scan Root Regions 3.714ms
[2020-10-07T09:43:21.632+0000][38832][gc,marking   ] GC(90) Concurrent Mark (76.837s)
[2020-10-07T09:43:21.632+0000][38832][gc,marking   ] GC(90) Concurrent Mark From Roots
[2020-10-07T09:43:21.632+0000][38832][gc,task      ] GC(90) Using 2 workers of 2 for marking
[2020-10-07T09:43:21.813+0000][38832][gc,marking   ] GC(90) Concurrent Mark From Roots 181.774ms
[2020-10-07T09:43:21.814+0000][38832][gc,marking   ] GC(90) Concurrent Preclean
[2020-10-07T09:43:21.814+0000][38832][gc,marking   ] GC(90) Concurrent Preclean 0.978ms
[2020-10-07T09:43:21.815+0000][38832][gc,marking   ] GC(90) Concurrent Mark (76.837s, 77.020s) 183.078ms
[2020-10-07T09:43:21.815+0000][38832][gc,start     ] GC(90) Pause Remark
[2020-10-07T09:43:21.820+0000][38832][gc           ] GC(90) Pause Remark 525M->525M(1024M) 5.265ms
[2020-10-07T09:43:21.820+0000][38832][gc,cpu       ] GC(90) User=0.11s Sys=0.00s Real=0.00s
[2020-10-07T09:43:21.821+0000][38832][safepoint    ] Safepoint "G1Concurrent", Time since last: 186709800 ns, Reaching safepoint: 222200 ns, At safepoint: 6038500 ns, Total: 6260700 ns
[2020-10-07T09:43:21.821+0000][38832][gc,marking   ] GC(90) Concurrent Rebuild Remembered Sets
[2020-10-07T09:43:21.911+0000][38832][gc,marking   ] GC(90) Concurrent Rebuild Remembered Sets 90.367ms
[2020-10-07T09:43:21.912+0000][38832][gc,start     ] GC(90) Pause Cleanup
[2020-10-07T09:43:21.912+0000][38832][gc           ] GC(90) Pause Cleanup 601M->601M(1024M) 0.369ms
[2020-10-07T09:43:21.912+0000][38832][gc,cpu       ] GC(90) User=0.00s Sys=0.00s Real=0.00s
[2020-10-07T09:43:21.912+0000][38832][safepoint    ] Safepoint "G1Concurrent", Time since last: 90617200 ns, Reaching safepoint: 207700 ns, At safepoint: 606900 ns, Total: 814600 ns
[2020-10-07T09:43:21.912+0000][38832][gc,marking   ] GC(90) Concurrent Cleanup for Next Mark
[2020-10-07T09:43:21.914+0000][38832][gc,marking   ] GC(90) Concurrent Cleanup for Next Mark 1.974ms
[2020-10-07T09:43:21.915+0000][38832][gc           ] GC(90) Concurrent Cycle 287.430ms
[2020-10-07T09:43:21.971+0000][38832][gc,start     ] GC(91) Pause Young (Concurrent Start) (G1 Humongous Allocation)
[2020-10-07T09:43:21.971+0000][38832][gc,task      ] GC(91) Using 8 workers of 8 for evacuation
[2020-10-07T09:43:21.971+0000][38832][gc,age       ] GC(91) Desired survivor size 33554432 bytes, new threshold 15 (max threshold 15)
[2020-10-07T09:43:21.978+0000][38832][gc,age       ] GC(91) Age table with threshold 15 (max threshold 15)
[2020-10-07T09:43:21.978+0000][38832][gc,age       ] GC(91) - age   1:    2685912 bytes,    2685912 total
[2020-10-07T09:43:21.978+0000][38832][gc,age       ] GC(91) - age   2:       3304 bytes,    2689216 total
[2020-10-07T09:43:21.978+0000][38832][gc,age       ] GC(91) - age   3:     178520 bytes,    2867736 total
[2020-10-07T09:43:21.978+0000][38832][gc,age       ] GC(91) - age   4:       2528 bytes,    2870264 total
[2020-10-07T09:43:21.978+0000][38832][gc,age       ] GC(91) - age   5:     702072 bytes,    3572336 total
[2020-10-07T09:43:21.978+0000][38832][gc,age       ] GC(91) - age   6:       1024 bytes,    3573360 total
[2020-10-07T09:43:21.978+0000][38832][gc,age       ] GC(91) - age   7:       2368 bytes,    3575728 total
[2020-10-07T09:43:21.978+0000][38832][gc,age       ] GC(91) - age   8:       3128 bytes,    3578856 total
[2020-10-07T09:43:21.978+0000][38832][gc,age       ] GC(91) - age   9:        888 bytes,    3579744 total
[2020-10-07T09:43:21.978+0000][38832][gc,age       ] GC(91) - age  10:        112 bytes,    3579856 total
[2020-10-07T09:43:21.978+0000][38832][gc,age       ] GC(91) - age  11:       1584 bytes,    3581440 total
[2020-10-07T09:43:21.978+0000][38832][gc,age       ] GC(91) - age  12:       1456 bytes,    3582896 total
[2020-10-07T09:43:21.978+0000][38832][gc,age       ] GC(91) - age  13:     119512 bytes,    3702408 total
[2020-10-07T09:43:21.978+0000][38832][gc,age       ] GC(91) - age  14:        616 bytes,    3703024 total
[2020-10-07T09:43:21.978+0000][38832][gc,age       ] GC(91) - age  15:      15672 bytes,    3718696 total
[2020-10-07T09:43:21.979+0000][38832][gc,phases    ] GC(91)   Pre Evacuate Collection Set: 0.5ms
[2020-10-07T09:43:21.979+0000][38832][gc,phases    ] GC(91)   Merge Heap Roots: 0.2ms
[2020-10-07T09:43:21.979+0000][38832][gc,phases    ] GC(91)   Evacuate Collection Set: 4.5ms
[2020-10-07T09:43:21.979+0000][38832][gc,phases    ] GC(91)   Post Evacuate Collection Set: 1.1ms
[2020-10-07T09:43:21.979+0000][38832][gc,phases    ] GC(91)   Other: 1.5ms
[2020-10-07T09:43:21.979+0000][38832][gc,heap      ] GC(91) Eden regions: 97->0(503)
[2020-10-07T09:43:21.979+0000][38832][gc,heap      ] GC(91) Survivor regions: 7->4(64)
[2020-10-07T09:43:21.979+0000][38832][gc,heap      ] GC(91) Old regions: 76->76
[2020-10-07T09:43:21.979+0000][38832][gc,heap      ] GC(91) Archive regions: 0->0
[2020-10-07T09:43:21.979+0000][38832][gc,heap      ] GC(91) Humongous regions: 430->174
[2020-10-07T09:43:21.979+0000][38832][gc,metaspace ] GC(91) Metaspace: 85616K(91648K)->85616K(91648K) NonClass: 74396K(78080K)->74396K(78080K) Class: 11220K(13568K)->11220K(13568K)
[2020-10-07T09:43:21.979+0000][38832][gc           ] GC(91) Pause Young (Concurrent Start) (G1 Humongous Allocation) 608M->253M(1024M) 8.258ms
[2020-10-07T09:43:21.979+0000][38832][gc,cpu       ] GC(91) User=0.11s Sys=0.00s Real=0.01s
[2020-10-07T09:43:21.979+0000][38832][gc           ] GC(92) Concurrent Cycle
[2020-10-07T09:43:21.979+0000][38832][safepoint    ] Safepoint "G1TryInitiateConcMark", Time since last: 58097200 ns, Reaching safepoint: 263800 ns, At safepoint: 8481700 ns, Total: 8745500 ns
[2020-10-07T09:43:21.979+0000][38832][gc,marking   ] GC(92) Concurrent Clear Claimed Marks
[2020-10-07T09:43:21.980+0000][38832][gc,marking   ] GC(92) Concurrent Clear Claimed Marks 0.644ms
[2020-10-07T09:43:21.980+0000][38832][gc,marking   ] GC(92) Concurrent Scan Root Regions
[2020-10-07T09:43:21.983+0000][38832][gc,marking   ] GC(92) Concurrent Scan Root Regions 3.115ms
[2020-10-07T09:43:21.983+0000][38832][gc,marking   ] GC(92) Concurrent Mark (77.189s)
[2020-10-07T09:43:21.983+0000][38832][gc,marking   ] GC(92) Concurrent Mark From Roots
[2020-10-07T09:43:21.984+0000][38832][gc,task      ] GC(92) Using 2 workers of 2 for marking
[2020-10-07T09:43:22.147+0000][38832][gc,marking   ] GC(92) Concurrent Mark From Roots 163.215ms
[2020-10-07T09:43:22.147+0000][38832][gc,marking   ] GC(92) Concurrent Preclean
[2020-10-07T09:43:22.148+0000][38832][gc,marking   ] GC(92) Concurrent Preclean 0.949ms
[2020-10-07T09:43:22.148+0000][38832][gc,marking   ] GC(92) Concurrent Mark (77.189s, 77.353s) 164.434ms
[2020-10-07T09:43:22.148+0000][38832][gc,start     ] GC(92) Pause Remark
[2020-10-07T09:43:22.154+0000][38832][gc           ] GC(92) Pause Remark 451M->451M(1024M) 5.358ms
[2020-10-07T09:43:22.154+0000][38832][gc,cpu       ] GC(92) User=0.00s Sys=0.00s Real=0.01s
[2020-10-07T09:43:22.154+0000][38832][safepoint    ] Safepoint "G1Concurrent", Time since last: 168656900 ns, Reaching safepoint: 164000 ns, At safepoint: 6072400 ns, Total: 6236400 ns
[2020-10-07T09:43:22.154+0000][38832][gc,marking   ] GC(92) Concurrent Rebuild Remembered Sets
[2020-10-07T09:43:22.249+0000][38832][gc,marking   ] GC(92) Concurrent Rebuild Remembered Sets 95.001ms
[2020-10-07T09:43:22.250+0000][38832][gc,start     ] GC(92) Pause Cleanup
[2020-10-07T09:43:22.250+0000][38832][gc           ] GC(92) Pause Cleanup 523M->523M(1024M) 0.293ms
[2020-10-07T09:43:22.250+0000][38832][gc,cpu       ] GC(92) User=0.00s Sys=0.00s Real=0.00s
[2020-10-07T09:43:22.250+0000][38832][safepoint    ] Safepoint "G1Concurrent", Time since last: 95245800 ns, Reaching safepoint: 167400 ns, At safepoint: 556600 ns, Total: 724000 ns
[2020-10-07T09:43:22.250+0000][38832][gc,marking   ] GC(92) Concurrent Cleanup for Next Mark
[2020-10-07T09:43:22.252+0000][38832][gc,marking   ] GC(92) Concurrent Cleanup for Next Mark 1.660ms
[2020-10-07T09:43:22.252+0000][38832][gc           ] GC(92) Concurrent Cycle 272.727ms
[2020-10-07T09:43:22.281+0000][38832][gc,start     ] GC(93) Pause Young (Concurrent Start) (G1 Humongous Allocation)
[2020-10-07T09:43:22.281+0000][38832][gc,task      ] GC(93) Using 8 workers of 8 for evacuation
[2020-10-07T09:43:22.281+0000][38832][gc,age       ] GC(93) Desired survivor size 33554432 bytes, new threshold 15 (max threshold 15)
[2020-10-07T09:43:22.285+0000][38832][gc,age       ] GC(93) Age table with threshold 15 (max threshold 15)
[2020-10-07T09:43:22.285+0000][38832][gc,age       ] GC(93) - age   1:    3046800 bytes,    3046800 total
[2020-10-07T09:43:22.286+0000][38832][gc,age       ] GC(93) - age   2:      46752 bytes,    3093552 total
[2020-10-07T09:43:22.286+0000][38832][gc,age       ] GC(93) - age   3:       2952 bytes,    3096504 total
[2020-10-07T09:43:22.286+0000][38832][gc,age       ] GC(93) - age   4:     178000 bytes,    3274504 total
[2020-10-07T09:43:22.286+0000][38832][gc,age       ] GC(93) - age   5:       2528 bytes,    3277032 total
[2020-10-07T09:43:22.286+0000][38832][gc,age       ] GC(93) - age   6:     701944 bytes,    3978976 total
[2020-10-07T09:43:22.286+0000][38832][gc,age       ] GC(93) - age   7:       1024 bytes,    3980000 total
[2020-10-07T09:43:22.286+0000][38832][gc,age       ] GC(93) - age   8:       2304 bytes,    3982304 total
[2020-10-07T09:43:22.286+0000][38832][gc,age       ] GC(93) - age   9:       2840 bytes,    3985144 total
[2020-10-07T09:43:22.286+0000][38832][gc,age       ] GC(93) - age  10:        696 bytes,    3985840 total
[2020-10-07T09:43:22.286+0000][38832][gc,age       ] GC(93) - age  11:         80 bytes,    3985920 total
[2020-10-07T09:43:22.286+0000][38832][gc,age       ] GC(93) - age  12:       1584 bytes,    3987504 total
[2020-10-07T09:43:22.286+0000][38832][gc,age       ] GC(93) - age  13:       1456 bytes,    3988960 total
[2020-10-07T09:43:22.286+0000][38832][gc,age       ] GC(93) - age  14:     119512 bytes,    4108472 total
[2020-10-07T09:43:22.286+0000][38832][gc,age       ] GC(93) - age  15:        616 bytes,    4109088 total
[2020-10-07T09:43:22.286+0000][38832][gc,phases    ] GC(93)   Pre Evacuate Collection Set: 0.4ms
[2020-10-07T09:43:22.286+0000][38832][gc,phases    ] GC(93)   Merge Heap Roots: 0.1ms
[2020-10-07T09:43:22.286+0000][38832][gc,phases    ] GC(93)   Evacuate Collection Set: 2.6ms
[2020-10-07T09:43:22.286+0000][38832][gc,phases    ] GC(93)   Post Evacuate Collection Set: 0.9ms
[2020-10-07T09:43:22.286+0000][38832][gc,phases    ] GC(93)   Other: 1.2ms
[2020-10-07T09:43:22.287+0000][38832][gc,heap      ] GC(93) Eden regions: 79->0(503)
[2020-10-07T09:43:22.287+0000][38832][gc,heap      ] GC(93) Survivor regions: 4->5(64)
[2020-10-07T09:43:22.287+0000][38832][gc,heap      ] GC(93) Old regions: 76->76
[2020-10-07T09:43:22.287+0000][38832][gc,heap      ] GC(93) Archive regions: 0->0
[2020-10-07T09:43:22.287+0000][38832][gc,heap      ] GC(93) Humongous regions: 374->174
[2020-10-07T09:43:22.287+0000][38832][gc,metaspace ] GC(93) Metaspace: 85660K(91648K)->85660K(91648K) NonClass: 74440K(78080K)->74440K(78080K) Class: 11220K(13568K)->11220K(13568K)
[2020-10-07T09:43:22.287+0000][38832][gc           ] GC(93) Pause Young (Concurrent Start) (G1 Humongous Allocation) 532M->253M(1024M) 5.663ms
[2020-10-07T09:43:22.287+0000][38832][gc,cpu       ] GC(93) User=0.00s Sys=0.00s Real=0.01s
[2020-10-07T09:43:22.287+0000][38832][safepoint    ] Safepoint "G1TryInitiateConcMark", Time since last: 30719700 ns, Reaching safepoint: 171200 ns, At safepoint: 5861400 ns, Total: 6032600 ns
[2020-10-07T09:43:22.287+0000][38832][gc           ] GC(94) Concurrent Cycle
[2020-10-07T09:43:22.287+0000][38832][gc,marking   ] GC(94) Concurrent Clear Claimed Marks
[2020-10-07T09:43:22.288+0000][38832][gc,marking   ] GC(94) Concurrent Clear Claimed Marks 0.557ms
[2020-10-07T09:43:22.288+0000][38832][gc,marking   ] GC(94) Concurrent Scan Root Regions
[2020-10-07T09:43:22.291+0000][38832][gc,marking   ] GC(94) Concurrent Scan Root Regions 3.479ms
[2020-10-07T09:43:22.291+0000][38832][gc,marking   ] GC(94) Concurrent Mark (77.497s)
[2020-10-07T09:43:22.291+0000][38832][gc,marking   ] GC(94) Concurrent Mark From Roots
[2020-10-07T09:43:22.291+0000][38832][gc,task      ] GC(94) Using 2 workers of 2 for marking
[2020-10-07T09:43:22.464+0000][38832][gc,marking   ] GC(94) Concurrent Mark From Roots 172.832ms
[2020-10-07T09:43:22.464+0000][38832][gc,marking   ] GC(94) Concurrent Preclean
[2020-10-07T09:43:22.465+0000][38832][gc,marking   ] GC(94) Concurrent Preclean 0.908ms
[2020-10-07T09:43:22.465+0000][38832][gc,marking   ] GC(94) Concurrent Mark (77.497s, 77.671s) 174.028ms
[2020-10-07T09:43:22.465+0000][38832][gc,start     ] GC(94) Pause Remark
[2020-10-07T09:43:22.470+0000][38832][gc           ] GC(94) Pause Remark 450M->450M(1024M) 5.053ms
[2020-10-07T09:43:22.470+0000][38832][gc,cpu       ] GC(94) User=0.00s Sys=0.00s Real=0.01s
[2020-10-07T09:43:22.470+0000][38832][safepoint    ] Safepoint "G1Concurrent", Time since last: 178517800 ns, Reaching safepoint: 201700 ns, At safepoint: 5365600 ns, Total: 5567300 ns
[2020-10-07T09:43:22.471+0000][38832][gc,marking   ] GC(94) Concurrent Rebuild Remembered Sets
[2020-10-07T09:43:22.569+0000][38832][gc,marking   ] GC(94) Concurrent Rebuild Remembered Sets 98.916ms
[2020-10-07T09:43:22.573+0000][38832][gc,start     ] GC(94) Pause Cleanup
[2020-10-07T09:43:22.573+0000][38832][gc           ] GC(94) Pause Cleanup 517M->517M(1024M) 0.417ms
[2020-10-07T09:43:22.573+0000][38832][gc,cpu       ] GC(94) User=0.00s Sys=0.00s Real=0.00s
[2020-10-07T09:43:22.574+0000][38832][safepoint    ] Safepoint "G1Concurrent", Time since last: 99144400 ns, Reaching safepoint: 3031200 ns, At safepoint: 1414800 ns, Total: 4446000 ns
[2020-10-07T09:43:22.574+0000][38832][gc,marking   ] GC(94) Concurrent Cleanup for Next Mark
[2020-10-07T09:43:22.576+0000][38832][gc,marking   ] GC(94) Concurrent Cleanup for Next Mark 1.715ms
[2020-10-07T09:43:22.576+0000][38832][gc           ] GC(94) Concurrent Cycle 289.635ms
[2020-10-07T09:43:22.657+0000][38832][gc,start     ] GC(95) Pause Young (Concurrent Start) (G1 Humongous Allocation)
[2020-10-07T09:43:22.657+0000][38832][gc,task      ] GC(95) Using 8 workers of 8 for evacuation
[2020-10-07T09:43:22.657+0000][38832][gc,age       ] GC(95) Desired survivor size 33554432 bytes, new threshold 15 (max threshold 15)
[2020-10-07T09:43:22.662+0000][38832][gc,age       ] GC(95) Age table with threshold 15 (max threshold 15)
[2020-10-07T09:43:22.662+0000][38832][gc,age       ] GC(95) - age   1:    3063296 bytes,    3063296 total
[2020-10-07T09:43:22.662+0000][38832][gc,age       ] GC(95) - age   2:     411088 bytes,    3474384 total
[2020-10-07T09:43:22.662+0000][38832][gc,age       ] GC(95) - age   3:      40520 bytes,    3514904 total
[2020-10-07T09:43:22.662+0000][38832][gc,age       ] GC(95) - age   4:       1728 bytes,    3516632 total
[2020-10-07T09:43:22.662+0000][38832][gc,age       ] GC(95) - age   5:     177488 bytes,    3694120 total
[2020-10-07T09:43:22.662+0000][38832][gc,age       ] GC(95) - age   6:       2464 bytes,    3696584 total
[2020-10-07T09:43:22.662+0000][38832][gc,age       ] GC(95) - age   7:     701944 bytes,    4398528 total
[2020-10-07T09:43:22.662+0000][38832][gc,age       ] GC(95) - age   8:       1024 bytes,    4399552 total
[2020-10-07T09:43:22.662+0000][38832][gc,age       ] GC(95) - age   9:       1760 bytes,    4401312 total
[2020-10-07T09:43:22.662+0000][38832][gc,age       ] GC(95) - age  10:       2808 bytes,    4404120 total
[2020-10-07T09:43:22.662+0000][38832][gc,age       ] GC(95) - age  11:        664 bytes,    4404784 total
[2020-10-07T09:43:22.662+0000][38832][gc,age       ] GC(95) - age  12:         80 bytes,    4404864 total
[2020-10-07T09:43:22.662+0000][38832][gc,age       ] GC(95) - age  13:       1584 bytes,    4406448 total
[2020-10-07T09:43:22.662+0000][38832][gc,age       ] GC(95) - age  14:       1360 bytes,    4407808 total
[2020-10-07T09:43:22.662+0000][38832][gc,age       ] GC(95) - age  15:     119512 bytes,    4527320 total
[2020-10-07T09:43:22.663+0000][38832][gc,phases    ] GC(95)   Pre Evacuate Collection Set: 0.4ms
[2020-10-07T09:43:22.663+0000][38832][gc,phases    ] GC(95)   Merge Heap Roots: 0.1ms
[2020-10-07T09:43:22.663+0000][38832][gc,phases    ] GC(95)   Evacuate Collection Set: 3.0ms
[2020-10-07T09:43:22.663+0000][38832][gc,phases    ] GC(95)   Post Evacuate Collection Set: 1.0ms
[2020-10-07T09:43:22.663+0000][38832][gc,phases    ] GC(95)   Other: 1.2ms
[2020-10-07T09:43:22.663+0000][38832][gc,heap      ] GC(95) Eden regions: 81->0(503)
[2020-10-07T09:43:22.663+0000][38832][gc,heap      ] GC(95) Survivor regions: 5->5(64)
[2020-10-07T09:43:22.663+0000][38832][gc,heap      ] GC(95) Old regions: 76->76
[2020-10-07T09:43:22.663+0000][38832][gc,heap      ] GC(95) Archive regions: 0->0
[2020-10-07T09:43:22.663+0000][38832][gc,heap      ] GC(95) Humongous regions: 374->174
[2020-10-07T09:43:22.663+0000][38832][gc,metaspace ] GC(95) Metaspace: 85714K(91648K)->85714K(91648K) NonClass: 74491K(78080K)->74491K(78080K) Class: 11222K(13568K)->11222K(13568K)
[2020-10-07T09:43:22.663+0000][38832][gc           ] GC(95) Pause Young (Concurrent Start) (G1 Humongous Allocation) 534M->254M(1024M) 6.337ms
[2020-10-07T09:43:22.663+0000][38832][gc,cpu       ] GC(95) User=0.03s Sys=0.00s Real=0.01s
[2020-10-07T09:43:22.663+0000][38832][gc           ] GC(96) Concurrent Cycle
[2020-10-07T09:43:22.663+0000][38832][gc,marking   ] GC(96) Concurrent Clear Claimed Marks
[2020-10-07T09:43:22.663+0000][38832][safepoint    ] Safepoint "G1TryInitiateConcMark", Time since last: 82424300 ns, Reaching safepoint: 189600 ns, At safepoint: 6642300 ns, Total: 6831900 ns
[2020-10-07T09:43:22.664+0000][38832][gc,marking   ] GC(96) Concurrent Clear Claimed Marks 0.425ms
[2020-10-07T09:43:22.664+0000][38832][gc,marking   ] GC(96) Concurrent Scan Root Regions
[2020-10-07T09:43:22.667+0000][38832][gc,marking   ] GC(96) Concurrent Scan Root Regions 2.793ms
[2020-10-07T09:43:22.667+0000][38832][gc,marking   ] GC(96) Concurrent Mark (77.873s)
[2020-10-07T09:43:22.667+0000][38832][gc,marking   ] GC(96) Concurrent Mark From Roots
[2020-10-07T09:43:22.667+0000][38832][gc,task      ] GC(96) Using 2 workers of 2 for marking
[2020-10-07T09:43:22.827+0000][38832][gc,marking   ] GC(96) Concurrent Mark From Roots 159.850ms
[2020-10-07T09:43:22.827+0000][38832][gc,marking   ] GC(96) Concurrent Preclean
[2020-10-07T09:43:22.828+0000][38832][gc,marking   ] GC(96) Concurrent Preclean 0.997ms
[2020-10-07T09:43:22.828+0000][38832][gc,marking   ] GC(96) Concurrent Mark (77.873s, 78.034s) 161.100ms
[2020-10-07T09:43:22.828+0000][38832][gc,start     ] GC(96) Pause Remark
[2020-10-07T09:43:22.834+0000][38832][gc           ] GC(96) Pause Remark 453M->453M(1024M) 5.516ms
[2020-10-07T09:43:22.834+0000][38832][gc,cpu       ] GC(96) User=0.00s Sys=0.00s Real=0.01s
[2020-10-07T09:43:22.834+0000][38832][safepoint    ] Safepoint "G1Concurrent", Time since last: 164608600 ns, Reaching safepoint: 175900 ns, At safepoint: 5880900 ns, Total: 6056800 ns
[2020-10-07T09:43:22.834+0000][38832][gc,marking   ] GC(96) Concurrent Rebuild Remembered Sets
[2020-10-07T09:43:22.931+0000][38832][gc,marking   ] GC(96) Concurrent Rebuild Remembered Sets 96.594ms
[2020-10-07T09:43:22.931+0000][38832][gc,start     ] GC(96) Pause Cleanup
[2020-10-07T09:43:22.931+0000][38832][gc           ] GC(96) Pause Cleanup 526M->526M(1024M) 0.316ms
[2020-10-07T09:43:22.932+0000][38832][gc,cpu       ] GC(96) User=0.00s Sys=0.00s Real=0.00s
[2020-10-07T09:43:22.932+0000][38832][safepoint    ] Safepoint "G1Concurrent", Time since last: 96854800 ns, Reaching safepoint: 290000 ns, At safepoint: 572700 ns, Total: 862700 ns
[2020-10-07T09:43:22.932+0000][38832][gc,marking   ] GC(96) Concurrent Cleanup for Next Mark
[2020-10-07T09:43:22.934+0000][38832][gc,marking   ] GC(96) Concurrent Cleanup for Next Mark 2.031ms
[2020-10-07T09:43:22.934+0000][38832][gc           ] GC(96) Concurrent Cycle 270.715ms
[2020-10-07T09:43:22.961+0000][38832][gc,start     ] GC(97) Pause Young (Concurrent Start) (G1 Humongous Allocation)
[2020-10-07T09:43:22.961+0000][38832][gc,task      ] GC(97) Using 8 workers of 8 for evacuation
[2020-10-07T09:43:22.961+0000][38832][gc,age       ] GC(97) Desired survivor size 33554432 bytes, new threshold 15 (max threshold 15)
[2020-10-07T09:43:22.966+0000][38832][gc,age       ] GC(97) Age table with threshold 15 (max threshold 15)
[2020-10-07T09:43:22.966+0000][38832][gc,age       ] GC(97) - age   1:    3049784 bytes,    3049784 total
[2020-10-07T09:43:22.966+0000][38832][gc,age       ] GC(97) - age   2:     414872 bytes,    3464656 total
[2020-10-07T09:43:22.966+0000][38832][gc,age       ] GC(97) - age   3:     409928 bytes,    3874584 total
[2020-10-07T09:43:22.967+0000][38832][gc,age       ] GC(97) - age   4:      39696 bytes,    3914280 total
[2020-10-07T09:43:22.967+0000][38832][gc,age       ] GC(97) - age   5:       1728 bytes,    3916008 total
[2020-10-07T09:43:22.967+0000][38832][gc,age       ] GC(97) - age   6:     177432 bytes,    4093440 total
[2020-10-07T09:43:22.967+0000][38832][gc,age       ] GC(97) - age   7:       2464 bytes,    4095904 total
[2020-10-07T09:43:22.967+0000][38832][gc,age       ] GC(97) - age   8:     699352 bytes,    4795256 total
[2020-10-07T09:43:22.967+0000][38832][gc,age       ] GC(97) - age   9:        832 bytes,    4796088 total
[2020-10-07T09:43:22.967+0000][38832][gc,age       ] GC(97) - age  10:       1568 bytes,    4797656 total
[2020-10-07T09:43:22.967+0000][38832][gc,age       ] GC(97) - age  11:       2808 bytes,    4800464 total
[2020-10-07T09:43:22.967+0000][38832][gc,age       ] GC(97) - age  12:        664 bytes,    4801128 total
[2020-10-07T09:43:22.967+0000][38832][gc,age       ] GC(97) - age  13:         80 bytes,    4801208 total
[2020-10-07T09:43:22.967+0000][38832][gc,age       ] GC(97) - age  14:        936 bytes,    4802144 total
[2020-10-07T09:43:22.967+0000][38832][gc,age       ] GC(97) - age  15:       1360 bytes,    4803504 total
[2020-10-07T09:43:22.967+0000][38832][gc,phases    ] GC(97)   Pre Evacuate Collection Set: 0.4ms
[2020-10-07T09:43:22.967+0000][38832][gc,phases    ] GC(97)   Merge Heap Roots: 0.1ms
[2020-10-07T09:43:22.967+0000][38832][gc,phases    ] GC(97)   Evacuate Collection Set: 3.5ms
[2020-10-07T09:43:22.967+0000][38832][gc,phases    ] GC(97)   Post Evacuate Collection Set: 0.9ms
[2020-10-07T09:43:22.967+0000][38832][gc,phases    ] GC(97)   Other: 1.2ms
[2020-10-07T09:43:22.967+0000][38832][gc,heap      ] GC(97) Eden regions: 80->0(504)
[2020-10-07T09:43:22.967+0000][38832][gc,heap      ] GC(97) Survivor regions: 5->5(64)
[2020-10-07T09:43:22.967+0000][38832][gc,heap      ] GC(97) Old regions: 76->76
[2020-10-07T09:43:22.967+0000][38832][gc,heap      ] GC(97) Archive regions: 0->0
[2020-10-07T09:43:22.968+0000][38832][gc,heap      ] GC(97) Humongous regions: 374->174
[2020-10-07T09:43:22.968+0000][38832][gc,metaspace ] GC(97) Metaspace: 85728K(91648K)->85728K(91648K) NonClass: 74505K(78080K)->74505K(78080K) Class: 11222K(13568K)->11222K(13568K)
[2020-10-07T09:43:22.968+0000][38832][gc           ] GC(97) Pause Young (Concurrent Start) (G1 Humongous Allocation) 534M->254M(1024M) 6.662ms
[2020-10-07T09:43:22.968+0000][38832][gc,cpu       ] GC(97) User=0.00s Sys=0.00s Real=0.01s
[2020-10-07T09:43:22.968+0000][38832][gc           ] GC(98) Concurrent Cycle
[2020-10-07T09:43:22.968+0000][38832][safepoint    ] Safepoint "G1TryInitiateConcMark", Time since last: 29049300 ns, Reaching safepoint: 179400 ns, At safepoint: 6948100 ns, Total: 7127500 ns
[2020-10-07T09:43:22.968+0000][38832][gc,marking   ] GC(98) Concurrent Clear Claimed Marks
[2020-10-07T09:43:22.968+0000][38832][gc,marking   ] GC(98) Concurrent Clear Claimed Marks 0.428ms
[2020-10-07T09:43:22.968+0000][38832][gc,marking   ] GC(98) Concurrent Scan Root Regions
[2020-10-07T09:43:22.972+0000][38832][gc,marking   ] GC(98) Concurrent Scan Root Regions 3.926ms
[2020-10-07T09:43:22.973+0000][38832][gc,marking   ] GC(98) Concurrent Mark (78.178s)
[2020-10-07T09:43:22.973+0000][38832][gc,marking   ] GC(98) Concurrent Mark From Roots
[2020-10-07T09:43:22.973+0000][38832][gc,task      ] GC(98) Using 2 workers of 2 for marking
[2020-10-07T09:43:23.138+0000][38832][gc,marking   ] GC(98) Concurrent Mark From Roots 164.505ms
[2020-10-07T09:43:23.138+0000][38832][gc,marking   ] GC(98) Concurrent Preclean
[2020-10-07T09:43:23.139+0000][38832][gc,marking   ] GC(98) Concurrent Preclean 0.871ms
[2020-10-07T09:43:23.139+0000][38832][gc,marking   ] GC(98) Concurrent Mark (78.178s, 78.344s) 165.607ms
[2020-10-07T09:43:23.139+0000][38832][gc,start     ] GC(98) Pause Remark
[2020-10-07T09:43:23.145+0000][38832][gc           ] GC(98) Pause Remark 450M->450M(1024M) 5.664ms
[2020-10-07T09:43:23.145+0000][38832][gc,cpu       ] GC(98) User=0.00s Sys=0.00s Real=0.01s
[2020-10-07T09:43:23.145+0000][38832][safepoint    ] Safepoint "G1Concurrent", Time since last: 170361800 ns, Reaching safepoint: 189500 ns, At safepoint: 5968400 ns, Total: 6157900 ns
[2020-10-07T09:43:23.145+0000][38832][gc,marking   ] GC(98) Concurrent Rebuild Remembered Sets
[2020-10-07T09:43:23.241+0000][38832][gc,marking   ] GC(98) Concurrent Rebuild Remembered Sets 95.673ms
[2020-10-07T09:43:23.241+0000][38832][gc,start     ] GC(98) Pause Cleanup
[2020-10-07T09:43:23.241+0000][38832][gc           ] GC(98) Pause Cleanup 517M->517M(1024M) 0.328ms
[2020-10-07T09:43:23.241+0000][38832][gc,cpu       ] GC(98) User=0.00s Sys=0.00s Real=0.00s
[2020-10-07T09:43:23.241+0000][38832][safepoint    ] Safepoint "G1Concurrent", Time since last: 95872100 ns, Reaching safepoint: 178000 ns, At safepoint: 548700 ns, Total: 726700 ns
[2020-10-07T09:43:23.242+0000][38832][gc,marking   ] GC(98) Concurrent Cleanup for Next Mark
[2020-10-07T09:43:23.243+0000][38832][gc,marking   ] GC(98) Concurrent Cleanup for Next Mark 1.729ms
[2020-10-07T09:43:23.243+0000][38832][gc           ] GC(98) Concurrent Cycle 275.106ms
[2020-10-07T09:43:23.302+0000][38832][gc,start     ] GC(99) Pause Young (Concurrent Start) (G1 Humongous Allocation)
[2020-10-07T09:43:23.302+0000][38832][gc,task      ] GC(99) Using 8 workers of 8 for evacuation
[2020-10-07T09:43:23.302+0000][38832][gc,age       ] GC(99) Desired survivor size 33554432 bytes, new threshold 15 (max threshold 15)
[2020-10-07T09:43:23.307+0000][38832][gc,age       ] GC(99) Age table with threshold 15 (max threshold 15)
[2020-10-07T09:43:23.307+0000][38832][gc,age       ] GC(99) - age   1:    3068032 bytes,    3068032 total
[2020-10-07T09:43:23.308+0000][38832][gc,age       ] GC(99) - age   2:     413632 bytes,    3481664 total
[2020-10-07T09:43:23.308+0000][38832][gc,age       ] GC(99) - age   3:     413616 bytes,    3895280 total
[2020-10-07T09:43:23.308+0000][38832][gc,age       ] GC(99) - age   4:     404984 bytes,    4300264 total
[2020-10-07T09:43:23.308+0000][38832][gc,age       ] GC(99) - age   5:      37208 bytes,    4337472 total
[2020-10-07T09:43:23.308+0000][38832][gc,age       ] GC(99) - age   6:       1440 bytes,    4338912 total
[2020-10-07T09:43:23.308+0000][38832][gc,age       ] GC(99) - age   7:     177240 bytes,    4516152 total
[2020-10-07T09:43:23.308+0000][38832][gc,age       ] GC(99) - age   8:       2464 bytes,    4518616 total
[2020-10-07T09:43:23.308+0000][38832][gc,age       ] GC(99) - age   9:     699256 bytes,    5217872 total
[2020-10-07T09:43:23.308+0000][38832][gc,age       ] GC(99) - age  10:        768 bytes,    5218640 total
[2020-10-07T09:43:23.308+0000][38832][gc,age       ] GC(99) - age  11:       1504 bytes,    5220144 total
[2020-10-07T09:43:23.308+0000][38832][gc,age       ] GC(99) - age  12:       2680 bytes,    5222824 total
[2020-10-07T09:43:23.308+0000][38832][gc,age       ] GC(99) - age  13:        536 bytes,    5223360 total
[2020-10-07T09:43:23.308+0000][38832][gc,age       ] GC(99) - age  14:         80 bytes,    5223440 total
[2020-10-07T09:43:23.308+0000][38832][gc,age       ] GC(99) - age  15:        808 bytes,    5224248 total
[2020-10-07T09:43:23.308+0000][38832][gc,phases    ] GC(99)   Pre Evacuate Collection Set: 0.5ms
[2020-10-07T09:43:23.308+0000][38832][gc,phases    ] GC(99)   Merge Heap Roots: 0.1ms
[2020-10-07T09:43:23.308+0000][38832][gc,phases    ] GC(99)   Evacuate Collection Set: 3.6ms
[2020-10-07T09:43:23.308+0000][38832][gc,phases    ] GC(99)   Post Evacuate Collection Set: 1.0ms
[2020-10-07T09:43:23.308+0000][38832][gc,phases    ] GC(99)   Other: 1.2ms
[2020-10-07T09:43:23.308+0000][38832][gc,heap      ] GC(99) Eden regions: 80->0(503)
[2020-10-07T09:43:23.308+0000][38832][gc,heap      ] GC(99) Survivor regions: 5->6(64)
[2020-10-07T09:43:23.309+0000][38832][gc,heap      ] GC(99) Old regions: 76->76
[2020-10-07T09:43:23.309+0000][38832][gc,heap      ] GC(99) Archive regions: 0->0
[2020-10-07T09:43:23.309+0000][38832][gc,heap      ] GC(99) Humongous regions: 374->174
[2020-10-07T09:43:23.309+0000][38832][gc,metaspace ] GC(99) Metaspace: 85743K(91648K)->85743K(91648K) NonClass: 74520K(78080K)->74520K(78080K) Class: 11222K(13568K)->11222K(13568K)
[2020-10-07T09:43:23.309+0000][38832][gc           ] GC(99) Pause Young (Concurrent Start) (G1 Humongous Allocation) 534M->255M(1024M) 6.948ms
[2020-10-07T09:43:23.309+0000][38832][gc,cpu       ] GC(99) User=0.13s Sys=0.00s Real=0.01s
[2020-10-07T09:43:23.309+0000][38832][gc           ] GC(100) Concurrent Cycle
[2020-10-07T09:43:23.309+0000][38832][safepoint    ] Safepoint "G1TryInitiateConcMark", Time since last: 60060700 ns, Reaching safepoint: 179100 ns, At safepoint: 7214900 ns, Total: 7394000 ns
[2020-10-07T09:43:23.309+0000][38832][gc,marking   ] GC(100) Concurrent Clear Claimed Marks
[2020-10-07T09:43:23.310+0000][38832][gc,marking   ] GC(100) Concurrent Clear Claimed Marks 0.549ms
[2020-10-07T09:43:23.310+0000][38832][gc,marking   ] GC(100) Concurrent Scan Root Regions
[2020-10-07T09:43:23.314+0000][38832][gc,marking   ] GC(100) Concurrent Scan Root Regions 4.735ms
[2020-10-07T09:43:23.314+0000][38832][gc,marking   ] GC(100) Concurrent Mark (78.520s)
[2020-10-07T09:43:23.315+0000][38832][gc,marking   ] GC(100) Concurrent Mark From Roots
[2020-10-07T09:43:23.315+0000][38832][gc,task      ] GC(100) Using 2 workers of 2 for marking
[2020-10-07T09:43:23.485+0000][38832][gc,marking   ] GC(100) Concurrent Mark From Roots 170.082ms
[2020-10-07T09:43:23.485+0000][38832][gc,marking   ] GC(100) Concurrent Preclean
[2020-10-07T09:43:23.486+0000][38832][gc,marking   ] GC(100) Concurrent Preclean 0.935ms
[2020-10-07T09:43:23.486+0000][38832][gc,marking   ] GC(100) Concurrent Mark (78.520s, 78.691s) 171.245ms
[2020-10-07T09:43:23.486+0000][38832][gc,start     ] GC(100) Pause Remark
[2020-10-07T09:43:23.498+0000][38832][gc           ] GC(100) Pause Remark 453M->453M(1024M) 11.665ms
[2020-10-07T09:43:23.498+0000][38832][gc,cpu       ] GC(100) User=0.11s Sys=0.02s Real=0.01s
[2020-10-07T09:43:23.501+0000][38832][safepoint    ] Safepoint "G1Concurrent", Time since last: 176877800 ns, Reaching safepoint: 186200 ns, At safepoint: 14639100 ns, Total: 14825300 ns
[2020-10-07T09:43:23.501+0000][38832][gc,marking   ] GC(100) Concurrent Rebuild Remembered Sets
[2020-10-07T09:43:23.554+0000][38832][safepoint    ] Safepoint "ICBufferFull", Time since last: 52166200 ns, Reaching safepoint: 1006100 ns, At safepoint: 37200 ns, Total: 1043300 ns
[2020-10-07T09:43:23.603+0000][38832][gc,marking   ] GC(100) Concurrent Rebuild Remembered Sets 102.203ms
[2020-10-07T09:43:23.603+0000][38832][gc,start     ] GC(100) Pause Cleanup
[2020-10-07T09:43:23.604+0000][38832][gc           ] GC(100) Pause Cleanup 526M->526M(1024M) 0.308ms
[2020-10-07T09:43:23.604+0000][38832][gc,cpu       ] GC(100) User=0.00s Sys=0.00s Real=0.00s
[2020-10-07T09:43:23.604+0000][38832][safepoint    ] Safepoint "G1Concurrent", Time since last: 49248000 ns, Reaching safepoint: 314500 ns, At safepoint: 513900 ns, Total: 828400 ns
[2020-10-07T09:43:23.604+0000][38832][gc,marking   ] GC(100) Concurrent Cleanup for Next Mark
[2020-10-07T09:43:23.606+0000][38832][gc,marking   ] GC(100) Concurrent Cleanup for Next Mark 1.493ms
[2020-10-07T09:43:23.606+0000][38832][gc           ] GC(100) Concurrent Cycle 296.708ms
[2020-10-07T09:43:23.663+0000][38832][safepoint    ] Safepoint "ICBufferFull", Time since last: 58734800 ns, Reaching safepoint: 362900 ns, At safepoint: 35700 ns, Total: 398600 ns
[2020-10-07T09:43:24.220+0000][38832][safepoint    ] Safepoint "BulkRevokeBias", Time since last: 554817800 ns, Reaching safepoint: 149800 ns, At safepoint: 2413300 ns, Total: 2563100 ns
[2020-10-07T09:43:25.235+0000][38832][safepoint    ] Safepoint "Cleanup", Time since last: 1013869700 ns, Reaching safepoint: 196300 ns, At safepoint: 521900 ns, Total: 718200 ns
[2020-10-07T09:43:25.291+0000][38832][gc,start     ] GC(101) Pause Young (Concurrent Start) (G1 Humongous Allocation)
[2020-10-07T09:43:25.291+0000][38832][gc,task      ] GC(101) Using 8 workers of 8 for evacuation
[2020-10-07T09:43:25.291+0000][38832][gc,age       ] GC(101) Desired survivor size 33554432 bytes, new threshold 15 (max threshold 15)
[2020-10-07T09:43:25.296+0000][38832][gc,age       ] GC(101) Age table with threshold 15 (max threshold 15)
[2020-10-07T09:43:25.296+0000][38832][gc,age       ] GC(101) - age   1:    2737776 bytes,    2737776 total
[2020-10-07T09:43:25.296+0000][38832][gc,age       ] GC(101) - age   2:       3280 bytes,    2741056 total
[2020-10-07T09:43:25.296+0000][38832][gc,age       ] GC(101) - age   3:       2048 bytes,    2743104 total
[2020-10-07T09:43:25.296+0000][38832][gc,age       ] GC(101) - age   4:       7128 bytes,    2750232 total
[2020-10-07T09:43:25.296+0000][38832][gc,age       ] GC(101) - age   5:       2368 bytes,    2752600 total
[2020-10-07T09:43:25.296+0000][38832][gc,age       ] GC(101) - age   6:      35992 bytes,    2788592 total
[2020-10-07T09:43:25.296+0000][38832][gc,age       ] GC(101) - age   7:       1376 bytes,    2789968 total
[2020-10-07T09:43:25.296+0000][38832][gc,age       ] GC(101) - age   8:     160792 bytes,    2950760 total
[2020-10-07T09:43:25.296+0000][38832][gc,age       ] GC(101) - age   9:       2416 bytes,    2953176 total
[2020-10-07T09:43:25.296+0000][38832][gc,age       ] GC(101) - age  10:     697856 bytes,    3651032 total
[2020-10-07T09:43:25.296+0000][38832][gc,age       ] GC(101) - age  11:        768 bytes,    3651800 total
[2020-10-07T09:43:25.296+0000][38832][gc,age       ] GC(101) - age  12:       1312 bytes,    3653112 total
[2020-10-07T09:43:25.296+0000][38832][gc,age       ] GC(101) - age  13:       2680 bytes,    3655792 total
[2020-10-07T09:43:25.296+0000][38832][gc,age       ] GC(101) - age  14:        536 bytes,    3656328 total
[2020-10-07T09:43:25.296+0000][38832][gc,age       ] GC(101) - age  15:         80 bytes,    3656408 total
[2020-10-07T09:43:25.296+0000][38832][gc,phases    ] GC(101)   Pre Evacuate Collection Set: 0.4ms
[2020-10-07T09:43:25.296+0000][38832][gc,phases    ] GC(101)   Merge Heap Roots: 0.1ms
[2020-10-07T09:43:25.296+0000][38832][gc,phases    ] GC(101)   Evacuate Collection Set: 2.7ms
[2020-10-07T09:43:25.296+0000][38832][gc,phases    ] GC(101)   Post Evacuate Collection Set: 0.9ms
[2020-10-07T09:43:25.297+0000][38832][gc,phases    ] GC(101)   Other: 1.1ms
[2020-10-07T09:43:25.297+0000][38832][gc,heap      ] GC(101) Eden regions: 99->0(505)
[2020-10-07T09:43:25.297+0000][38832][gc,heap      ] GC(101) Survivor regions: 6->4(64)
[2020-10-07T09:43:25.297+0000][38832][gc,heap      ] GC(101) Old regions: 76->76
[2020-10-07T09:43:25.297+0000][38832][gc,heap      ] GC(101) Archive regions: 0->0
[2020-10-07T09:43:25.297+0000][38832][gc,heap      ] GC(101) Humongous regions: 374->174
[2020-10-07T09:43:25.297+0000][38832][gc,metaspace ] GC(101) Metaspace: 85797K(91648K)->85797K(91648K) NonClass: 74578K(78080K)->74578K(78080K) Class: 11218K(13568K)->11218K(13568K)
[2020-10-07T09:43:25.297+0000][38832][gc           ] GC(101) Pause Young (Concurrent Start) (G1 Humongous Allocation) 554M->253M(1024M) 5.583ms
[2020-10-07T09:43:25.297+0000][38832][gc,cpu       ] GC(101) User=0.00s Sys=0.00s Real=0.01s
[2020-10-07T09:43:25.297+0000][38832][safepoint    ] Safepoint "G1TryInitiateConcMark", Time since last: 56113000 ns, Reaching safepoint: 163600 ns, At safepoint: 5903200 ns, Total: 6066800 ns
[2020-10-07T09:43:25.297+0000][38832][gc           ] GC(102) Concurrent Cycle
[2020-10-07T09:43:25.297+0000][38832][gc,marking   ] GC(102) Concurrent Clear Claimed Marks
[2020-10-07T09:43:25.299+0000][38832][gc,marking   ] GC(102) Concurrent Clear Claimed Marks 1.663ms
[2020-10-07T09:43:25.299+0000][38832][gc,marking   ] GC(102) Concurrent Scan Root Regions
[2020-10-07T09:43:25.302+0000][38832][gc,marking   ] GC(102) Concurrent Scan Root Regions 3.152ms
[2020-10-07T09:43:25.302+0000][38832][gc,marking   ] GC(102) Concurrent Mark (80.508s)
[2020-10-07T09:43:25.302+0000][38832][gc,marking   ] GC(102) Concurrent Mark From Roots
[2020-10-07T09:43:25.303+0000][38832][gc,task      ] GC(102) Using 2 workers of 2 for marking
[2020-10-07T09:43:25.461+0000][38832][gc,marking   ] GC(102) Concurrent Mark From Roots 159.000ms
[2020-10-07T09:43:25.461+0000][38832][gc,marking   ] GC(102) Concurrent Preclean
[2020-10-07T09:43:25.462+0000][38832][gc,marking   ] GC(102) Concurrent Preclean 0.765ms
[2020-10-07T09:43:25.462+0000][38832][gc,marking   ] GC(102) Concurrent Mark (80.508s, 80.668s) 159.998ms
[2020-10-07T09:43:25.462+0000][38832][gc,start     ] GC(102) Pause Remark
[2020-10-07T09:43:25.468+0000][38832][gc           ] GC(102) Pause Remark 388M->388M(1024M) 5.283ms
[2020-10-07T09:43:25.468+0000][38832][gc,cpu       ] GC(102) User=0.00s Sys=0.00s Real=0.01s
[2020-10-07T09:43:25.468+0000][38832][safepoint    ] Safepoint "G1Concurrent", Time since last: 165461100 ns, Reaching safepoint: 225800 ns, At safepoint: 5641400 ns, Total: 5867200 ns
[2020-10-07T09:43:25.468+0000][38832][gc,marking   ] GC(102) Concurrent Rebuild Remembered Sets
[2020-10-07T09:43:25.561+0000][38832][gc,marking   ] GC(102) Concurrent Rebuild Remembered Sets 92.715ms
[2020-10-07T09:43:25.561+0000][38832][gc,start     ] GC(102) Pause Cleanup
[2020-10-07T09:43:25.562+0000][38832][gc           ] GC(102) Pause Cleanup 450M->450M(1024M) 0.343ms
[2020-10-07T09:43:25.562+0000][38832][gc,cpu       ] GC(102) User=0.00s Sys=0.00s Real=0.00s
[2020-10-07T09:43:25.567+0000][38832][safepoint    ] Safepoint "G1Concurrent", Time since last: 92945500 ns, Reaching safepoint: 266000 ns, At safepoint: 5595900 ns, Total: 5861900 ns
[2020-10-07T09:43:25.567+0000][38832][gc,marking   ] GC(102) Concurrent Cleanup for Next Mark
[2020-10-07T09:43:25.568+0000][38832][gc,marking   ] GC(102) Concurrent Cleanup for Next Mark 1.409ms
[2020-10-07T09:43:25.568+0000][38832][gc           ] GC(102) Concurrent Cycle 271.755ms
[2020-10-07T09:43:25.647+0000][38832][gc,start     ] GC(103) Pause Young (Concurrent Start) (G1 Humongous Allocation)
[2020-10-07T09:43:25.647+0000][38832][gc,task      ] GC(103) Using 8 workers of 8 for evacuation
[2020-10-07T09:43:25.648+0000][38832][gc,age       ] GC(103) Desired survivor size 33554432 bytes, new threshold 15 (max threshold 15)
[2020-10-07T09:43:25.655+0000][38832][gc,age       ] GC(103) Age table with threshold 15 (max threshold 15)
[2020-10-07T09:43:25.655+0000][38832][gc,age       ] GC(103) - age   1:    3030096 bytes,    3030096 total
[2020-10-07T09:43:25.655+0000][38832][gc,age       ] GC(103) - age   2:      85984 bytes,    3116080 total
[2020-10-07T09:43:25.655+0000][38832][gc,age       ] GC(103) - age   3:       2440 bytes,    3118520 total
[2020-10-07T09:43:25.655+0000][38832][gc,age       ] GC(103) - age   4:       2016 bytes,    3120536 total
[2020-10-07T09:43:25.655+0000][38832][gc,age       ] GC(103) - age   5:       6648 bytes,    3127184 total
[2020-10-07T09:43:25.655+0000][38832][gc,age       ] GC(103) - age   6:       2336 bytes,    3129520 total
[2020-10-07T09:43:25.655+0000][38832][gc,age       ] GC(103) - age   7:      35992 bytes,    3165512 total
[2020-10-07T09:43:25.655+0000][38832][gc,age       ] GC(103) - age   8:       1376 bytes,    3166888 total
[2020-10-07T09:43:25.655+0000][38832][gc,age       ] GC(103) - age   9:     160704 bytes,    3327592 total
[2020-10-07T09:43:25.655+0000][38832][gc,age       ] GC(103) - age  10:       2416 bytes,    3330008 total
[2020-10-07T09:43:25.655+0000][38832][gc,age       ] GC(103) - age  11:     697856 bytes,    4027864 total
[2020-10-07T09:43:25.655+0000][38832][gc,age       ] GC(103) - age  12:        768 bytes,    4028632 total
[2020-10-07T09:43:25.655+0000][38832][gc,age       ] GC(103) - age  13:       1312 bytes,    4029944 total
[2020-10-07T09:43:25.655+0000][38832][gc,age       ] GC(103) - age  14:       2680 bytes,    4032624 total
[2020-10-07T09:43:25.655+0000][38832][gc,age       ] GC(103) - age  15:        536 bytes,    4033160 total
[2020-10-07T09:43:25.655+0000][38832][gc,phases    ] GC(103)   Pre Evacuate Collection Set: 0.7ms
[2020-10-07T09:43:25.655+0000][38832][gc,phases    ] GC(103)   Merge Heap Roots: 0.5ms
[2020-10-07T09:43:25.656+0000][38832][gc,phases    ] GC(103)   Evacuate Collection Set: 4.6ms
[2020-10-07T09:43:25.656+0000][38832][gc,phases    ] GC(103)   Post Evacuate Collection Set: 0.9ms
[2020-10-07T09:43:25.656+0000][38832][gc,phases    ] GC(103)   Other: 1.5ms
[2020-10-07T09:43:25.656+0000][38832][gc,heap      ] GC(103) Eden regions: 60->0(505)
[2020-10-07T09:43:25.656+0000][38832][gc,heap      ] GC(103) Survivor regions: 4->5(64)
[2020-10-07T09:43:25.656+0000][38832][gc,heap      ] GC(103) Old regions: 76->76
[2020-10-07T09:43:25.656+0000][38832][gc,heap      ] GC(103) Archive regions: 0->0
[2020-10-07T09:43:25.656+0000][38832][gc,heap      ] GC(103) Humongous regions: 324->174
[2020-10-07T09:43:25.656+0000][38832][gc,metaspace ] GC(103) Metaspace: 85825K(91648K)->85825K(91648K) NonClass: 74606K(78080K)->74606K(78080K) Class: 11218K(13568K)->11218K(13568K)
[2020-10-07T09:43:25.656+0000][38832][gc           ] GC(103) Pause Young (Concurrent Start) (G1 Humongous Allocation) 463M->254M(1024M) 8.664ms
[2020-10-07T09:43:25.656+0000][38832][gc,cpu       ] GC(103) User=0.00s Sys=0.00s Real=0.01s
[2020-10-07T09:43:25.656+0000][38832][safepoint    ] Safepoint "G1TryInitiateConcMark", Time since last: 80265200 ns, Reaching safepoint: 215000 ns, At safepoint: 8906300 ns, Total: 9121300 ns
[2020-10-07T09:43:25.656+0000][38832][gc           ] GC(104) Concurrent Cycle
[2020-10-07T09:43:25.656+0000][38832][gc,marking   ] GC(104) Concurrent Clear Claimed Marks
[2020-10-07T09:43:25.657+0000][38832][gc,marking   ] GC(104) Concurrent Clear Claimed Marks 0.728ms
[2020-10-07T09:43:25.657+0000][38832][gc,marking   ] GC(104) Concurrent Scan Root Regions
[2020-10-07T09:43:25.661+0000][38832][gc,marking   ] GC(104) Concurrent Scan Root Regions 3.696ms
[2020-10-07T09:43:25.661+0000][38832][gc,marking   ] GC(104) Concurrent Mark (80.867s)
[2020-10-07T09:43:25.661+0000][38832][gc,marking   ] GC(104) Concurrent Mark From Roots
[2020-10-07T09:43:25.661+0000][38832][gc,task      ] GC(104) Using 2 workers of 2 for marking
[2020-10-07T09:43:25.842+0000][38832][gc,marking   ] GC(104) Concurrent Mark From Roots 181.021ms
[2020-10-07T09:43:25.842+0000][38832][gc,marking   ] GC(104) Concurrent Preclean
[2020-10-07T09:43:25.843+0000][38832][gc,marking   ] GC(104) Concurrent Preclean 0.824ms
[2020-10-07T09:43:25.843+0000][38832][gc,marking   ] GC(104) Concurrent Mark (80.867s, 81.049s) 182.095ms
[2020-10-07T09:43:25.843+0000][38832][gc,start     ] GC(104) Pause Remark
[2020-10-07T09:43:25.850+0000][38832][gc           ] GC(104) Pause Remark 319M->319M(1024M) 6.933ms
[2020-10-07T09:43:25.851+0000][38832][gc,cpu       ] GC(104) User=0.11s Sys=0.00s Real=0.01s
[2020-10-07T09:43:25.851+0000][38832][safepoint    ] Safepoint "G1Concurrent", Time since last: 187033800 ns, Reaching safepoint: 172200 ns, At safepoint: 7360200 ns, Total: 7532400 ns
[2020-10-07T09:43:25.851+0000][38832][gc,marking   ] GC(104) Concurrent Rebuild Remembered Sets
[2020-10-07T09:43:25.945+0000][38832][gc,marking   ] GC(104) Concurrent Rebuild Remembered Sets 93.730ms
[2020-10-07T09:43:25.945+0000][38832][gc,start     ] GC(104) Pause Cleanup
[2020-10-07T09:43:25.945+0000][38832][gc           ] GC(104) Pause Cleanup 385M->385M(1024M) 0.374ms
[2020-10-07T09:43:25.946+0000][38832][gc,cpu       ] GC(104) User=0.00s Sys=0.00s Real=0.00s
[2020-10-07T09:43:25.946+0000][38832][safepoint    ] Safepoint "G1Concurrent", Time since last: 93957000 ns, Reaching safepoint: 189900 ns, At safepoint: 766800 ns, Total: 956700 ns
[2020-10-07T09:43:25.946+0000][38832][gc,marking   ] GC(104) Concurrent Cleanup for Next Mark
[2020-10-07T09:43:25.948+0000][38832][gc,marking   ] GC(104) Concurrent Cleanup for Next Mark 1.901ms
[2020-10-07T09:43:25.948+0000][38832][gc           ] GC(104) Concurrent Cycle 291.678ms
[2020-10-07T09:43:25.959+0000][38832][gc,start     ] GC(105) Pause Young (Concurrent Start) (G1 Humongous Allocation)
[2020-10-07T09:43:25.960+0000][38832][gc,task      ] GC(105) Using 8 workers of 8 for evacuation
[2020-10-07T09:43:25.960+0000][38832][gc,age       ] GC(105) Desired survivor size 33554432 bytes, new threshold 15 (max threshold 15)
[2020-10-07T09:43:25.964+0000][38832][gc,age       ] GC(105) Age table with threshold 15 (max threshold 15)
[2020-10-07T09:43:25.965+0000][38832][gc,age       ] GC(105) - age   1:    3163168 bytes,    3163168 total
[2020-10-07T09:43:25.965+0000][38832][gc,age       ] GC(105) - age   2:       7696 bytes,    3170864 total
[2020-10-07T09:43:25.965+0000][38832][gc,age       ] GC(105) - age   3:      84960 bytes,    3255824 total
[2020-10-07T09:43:25.965+0000][38832][gc,age       ] GC(105) - age   4:       2344 bytes,    3258168 total
[2020-10-07T09:43:25.965+0000][38832][gc,age       ] GC(105) - age   5:       1728 bytes,    3259896 total
[2020-10-07T09:43:25.965+0000][38832][gc,age       ] GC(105) - age   6:       6552 bytes,    3266448 total
[2020-10-07T09:43:25.965+0000][38832][gc,age       ] GC(105) - age   7:       2336 bytes,    3268784 total
[2020-10-07T09:43:25.965+0000][38832][gc,age       ] GC(105) - age   8:      35912 bytes,    3304696 total
[2020-10-07T09:43:25.965+0000][38832][gc,age       ] GC(105) - age   9:       1376 bytes,    3306072 total
[2020-10-07T09:43:25.965+0000][38832][gc,age       ] GC(105) - age  10:     160704 bytes,    3466776 total
[2020-10-07T09:43:25.965+0000][38832][gc,age       ] GC(105) - age  11:       2416 bytes,    3469192 total
[2020-10-07T09:43:25.965+0000][38832][gc,age       ] GC(105) - age  12:     697856 bytes,    4167048 total
[2020-10-07T09:43:25.965+0000][38832][gc,age       ] GC(105) - age  13:        672 bytes,    4167720 total
[2020-10-07T09:43:25.965+0000][38832][gc,age       ] GC(105) - age  14:       1312 bytes,    4169032 total
[2020-10-07T09:43:25.965+0000][38832][gc,age       ] GC(105) - age  15:       2680 bytes,    4171712 total
[2020-10-07T09:43:25.965+0000][38832][gc,phases    ] GC(105)   Pre Evacuate Collection Set: 0.5ms
[2020-10-07T09:43:25.965+0000][38832][gc,phases    ] GC(105)   Merge Heap Roots: 0.1ms
[2020-10-07T09:43:25.965+0000][38832][gc,phases    ] GC(105)   Evacuate Collection Set: 3.1ms
[2020-10-07T09:43:25.965+0000][38832][gc,phases    ] GC(105)   Post Evacuate Collection Set: 0.8ms
[2020-10-07T09:43:25.965+0000][38832][gc,phases    ] GC(105)   Other: 1.3ms
[2020-10-07T09:43:25.966+0000][38832][gc,heap      ] GC(105) Eden regions: 38->0(505)
[2020-10-07T09:43:25.966+0000][38832][gc,heap      ] GC(105) Survivor regions: 5->5(64)
[2020-10-07T09:43:25.966+0000][38832][gc,heap      ] GC(105) Old regions: 76->76
[2020-10-07T09:43:25.966+0000][38832][gc,heap      ] GC(105) Archive regions: 0->0
[2020-10-07T09:43:25.966+0000][38832][gc,heap      ] GC(105) Humongous regions: 272->174
[2020-10-07T09:43:25.966+0000][38832][gc,metaspace ] GC(105) Metaspace: 85839K(91648K)->85839K(91648K) NonClass: 74620K(78080K)->74620K(78080K) Class: 11218K(13568K)->11218K(13568K)
[2020-10-07T09:43:25.966+0000][38832][gc           ] GC(105) Pause Young (Concurrent Start) (G1 Humongous Allocation) 389M->254M(1024M) 6.323ms
[2020-10-07T09:43:25.966+0000][38832][gc,cpu       ] GC(105) User=0.00s Sys=0.00s Real=0.01s
[2020-10-07T09:43:25.966+0000][38832][gc           ] GC(106) Concurrent Cycle
[2020-10-07T09:43:25.966+0000][38832][safepoint    ] Safepoint "G1TryInitiateConcMark", Time since last: 13589800 ns, Reaching safepoint: 173200 ns, At safepoint: 6584300 ns, Total: 6757500 ns
[2020-10-07T09:43:25.966+0000][38832][gc,marking   ] GC(106) Concurrent Clear Claimed Marks
[2020-10-07T09:43:25.966+0000][38832][gc,marking   ] GC(106) Concurrent Clear Claimed Marks 0.401ms
[2020-10-07T09:43:25.966+0000][38832][gc,marking   ] GC(106) Concurrent Scan Root Regions
[2020-10-07T09:43:25.969+0000][38832][gc,marking   ] GC(106) Concurrent Scan Root Regions 2.800ms
[2020-10-07T09:43:25.969+0000][38832][gc,marking   ] GC(106) Concurrent Mark (81.175s)
[2020-10-07T09:43:25.970+0000][38832][gc,marking   ] GC(106) Concurrent Mark From Roots
[2020-10-07T09:43:25.970+0000][38832][gc,task      ] GC(106) Using 2 workers of 2 for marking
[2020-10-07T09:43:26.145+0000][38832][gc,marking   ] GC(106) Concurrent Mark From Roots 175.301ms
[2020-10-07T09:43:26.145+0000][38832][gc,marking   ] GC(106) Concurrent Preclean
[2020-10-07T09:43:26.147+0000][38832][gc,marking   ] GC(106) Concurrent Preclean 1.495ms
[2020-10-07T09:43:26.147+0000][38832][gc,marking   ] GC(106) Concurrent Mark (81.175s, 81.353s) 177.240ms
[2020-10-07T09:43:26.147+0000][38832][gc,start     ] GC(106) Pause Remark
[2020-10-07T09:43:26.153+0000][38832][gc           ] GC(106) Pause Remark 387M->387M(1024M) 5.724ms
[2020-10-07T09:43:26.153+0000][38832][gc,cpu       ] GC(106) User=0.00s Sys=0.00s Real=0.01s
[2020-10-07T09:43:26.154+0000][38832][safepoint    ] Safepoint "G1Concurrent", Time since last: 180847200 ns, Reaching safepoint: 218900 ns, At safepoint: 6073900 ns, Total: 6292800 ns
[2020-10-07T09:43:26.154+0000][38832][gc,marking   ] GC(106) Concurrent Rebuild Remembered Sets
[2020-10-07T09:43:26.244+0000][38832][gc,marking   ] GC(106) Concurrent Rebuild Remembered Sets 90.372ms
[2020-10-07T09:43:26.244+0000][38832][gc,start     ] GC(106) Pause Cleanup
[2020-10-07T09:43:26.245+0000][38832][gc           ] GC(106) Pause Cleanup 513M->513M(1024M) 0.355ms
[2020-10-07T09:43:26.245+0000][38832][gc,cpu       ] GC(106) User=0.00s Sys=0.00s Real=0.00s
[2020-10-07T09:43:26.245+0000][38832][safepoint    ] Safepoint "G1Concurrent", Time since last: 90561100 ns, Reaching safepoint: 190800 ns, At safepoint: 686300 ns, Total: 877100 ns
[2020-10-07T09:43:26.245+0000][38832][gc,marking   ] GC(106) Concurrent Cleanup for Next Mark
[2020-10-07T09:43:26.247+0000][38832][gc,marking   ] GC(106) Concurrent Cleanup for Next Mark 1.856ms
[2020-10-07T09:43:26.247+0000][38832][gc           ] GC(106) Concurrent Cycle 280.704ms
[2020-10-07T09:43:26.281+0000][38832][gc,start     ] GC(107) Pause Young (Concurrent Start) (G1 Humongous Allocation)
[2020-10-07T09:43:26.282+0000][38832][gc,task      ] GC(107) Using 8 workers of 8 for evacuation
[2020-10-07T09:43:26.282+0000][38832][gc,age       ] GC(107) Desired survivor size 33554432 bytes, new threshold 15 (max threshold 15)
[2020-10-07T09:43:26.286+0000][38832][gc,age       ] GC(107) Age table with threshold 15 (max threshold 15)
[2020-10-07T09:43:26.287+0000][38832][gc,age       ] GC(107) - age   1:    3365696 bytes,    3365696 total
[2020-10-07T09:43:26.287+0000][38832][gc,age       ] GC(107) - age   2:     203800 bytes,    3569496 total
[2020-10-07T09:43:26.287+0000][38832][gc,age       ] GC(107) - age   3:       3968 bytes,    3573464 total
[2020-10-07T09:43:26.287+0000][38832][gc,age       ] GC(107) - age   4:      81560 bytes,    3655024 total
[2020-10-07T09:43:26.287+0000][38832][gc,age       ] GC(107) - age   5:       1728 bytes,    3656752 total
[2020-10-07T09:43:26.287+0000][38832][gc,age       ] GC(107) - age   6:       1312 bytes,    3658064 total
[2020-10-07T09:43:26.287+0000][38832][gc,age       ] GC(107) - age   7:       6552 bytes,    3664616 total
[2020-10-07T09:43:26.287+0000][38832][gc,age       ] GC(107) - age   8:       2336 bytes,    3666952 total
[2020-10-07T09:43:26.287+0000][38832][gc,age       ] GC(107) - age   9:      35912 bytes,    3702864 total
[2020-10-07T09:43:26.287+0000][38832][gc,age       ] GC(107) - age  10:       1376 bytes,    3704240 total
[2020-10-07T09:43:26.287+0000][38832][gc,age       ] GC(107) - age  11:     160704 bytes,    3864944 total
[2020-10-07T09:43:26.287+0000][38832][gc,age       ] GC(107) - age  12:       2320 bytes,    3867264 total
[2020-10-07T09:43:26.287+0000][38832][gc,age       ] GC(107) - age  13:     697856 bytes,    4565120 total
[2020-10-07T09:43:26.287+0000][38832][gc,age       ] GC(107) - age  14:        672 bytes,    4565792 total
[2020-10-07T09:43:26.287+0000][38832][gc,age       ] GC(107) - age  15:       1312 bytes,    4567104 total
[2020-10-07T09:43:26.287+0000][38832][gc,phases    ] GC(107)   Pre Evacuate Collection Set: 0.5ms
[2020-10-07T09:43:26.287+0000][38832][gc,phases    ] GC(107)   Merge Heap Roots: 0.1ms
[2020-10-07T09:43:26.287+0000][38832][gc,phases    ] GC(107)   Evacuate Collection Set: 2.9ms
[2020-10-07T09:43:26.287+0000][38832][gc,phases    ] GC(107)   Post Evacuate Collection Set: 1.1ms
[2020-10-07T09:43:26.288+0000][38832][gc,phases    ] GC(107)   Other: 1.4ms
[2020-10-07T09:43:26.288+0000][38832][gc,heap      ] GC(107) Eden regions: 72->0(504)
[2020-10-07T09:43:26.288+0000][38832][gc,heap      ] GC(107) Survivor regions: 5->5(64)
[2020-10-07T09:43:26.288+0000][38832][gc,heap      ] GC(107) Old regions: 76->76
[2020-10-07T09:43:26.288+0000][38832][gc,heap      ] GC(107) Archive regions: 0->0
[2020-10-07T09:43:26.288+0000][38832][gc,heap      ] GC(107) Humongous regions: 370->174
[2020-10-07T09:43:26.288+0000][38832][gc,metaspace ] GC(107) Metaspace: 85849K(91648K)->85849K(91648K) NonClass: 74630K(78080K)->74630K(78080K) Class: 11218K(13568K)->11218K(13568K)
[2020-10-07T09:43:26.288+0000][38832][gc           ] GC(107) Pause Young (Concurrent Start) (G1 Humongous Allocation) 522M->254M(1024M) 6.489ms
[2020-10-07T09:43:26.288+0000][38832][gc,cpu       ] GC(107) User=0.00s Sys=0.02s Real=0.01s
[2020-10-07T09:43:26.288+0000][38832][gc           ] GC(108) Concurrent Cycle
[2020-10-07T09:43:26.288+0000][38832][safepoint    ] Safepoint "G1TryInitiateConcMark", Time since last: 36233600 ns, Reaching safepoint: 180700 ns, At safepoint: 6787300 ns, Total: 6968000 ns
[2020-10-07T09:43:26.288+0000][38832][gc,marking   ] GC(108) Concurrent Clear Claimed Marks
[2020-10-07T09:43:26.289+0000][38832][gc,marking   ] GC(108) Concurrent Clear Claimed Marks 0.602ms
[2020-10-07T09:43:26.289+0000][38832][gc,marking   ] GC(108) Concurrent Scan Root Regions
[2020-10-07T09:43:26.293+0000][38832][gc,marking   ] GC(108) Concurrent Scan Root Regions 3.860ms
[2020-10-07T09:43:26.293+0000][38832][gc,marking   ] GC(108) Concurrent Mark (81.499s)
[2020-10-07T09:43:26.293+0000][38832][gc,marking   ] GC(108) Concurrent Mark From Roots
[2020-10-07T09:43:26.293+0000][38832][gc,task      ] GC(108) Using 2 workers of 2 for marking
[2020-10-07T09:43:26.458+0000][38832][gc,marking   ] GC(108) Concurrent Mark From Roots 165.399ms
[2020-10-07T09:43:26.458+0000][38832][gc,marking   ] GC(108) Concurrent Preclean
[2020-10-07T09:43:26.459+0000][38832][gc,marking   ] GC(108) Concurrent Preclean 0.864ms
[2020-10-07T09:43:26.459+0000][38832][gc,marking   ] GC(108) Concurrent Mark (81.499s, 81.665s) 166.486ms
[2020-10-07T09:43:26.460+0000][38832][gc,start     ] GC(108) Pause Remark
[2020-10-07T09:43:26.465+0000][38832][gc           ] GC(108) Pause Remark 451M->451M(1024M) 5.722ms
[2020-10-07T09:43:26.466+0000][38832][gc,cpu       ] GC(108) User=0.00s Sys=0.00s Real=0.01s
[2020-10-07T09:43:26.466+0000][38832][safepoint    ] Safepoint "G1Concurrent", Time since last: 171371200 ns, Reaching safepoint: 173200 ns, At safepoint: 6156900 ns, Total: 6330100 ns
[2020-10-07T09:43:26.466+0000][38832][gc,marking   ] GC(108) Concurrent Rebuild Remembered Sets
[2020-10-07T09:43:26.564+0000][38832][gc,marking   ] GC(108) Concurrent Rebuild Remembered Sets 98.377ms
[2020-10-07T09:43:26.565+0000][38832][gc,start     ] GC(108) Pause Cleanup
[2020-10-07T09:43:26.565+0000][38832][gc           ] GC(108) Pause Cleanup 520M->520M(1024M) 0.337ms
[2020-10-07T09:43:26.565+0000][38832][gc,cpu       ] GC(108) User=0.00s Sys=0.00s Real=0.00s
[2020-10-07T09:43:26.566+0000][38832][safepoint    ] Safepoint "G1Concurrent", Time since last: 98633200 ns, Reaching safepoint: 169000 ns, At safepoint: 904300 ns, Total: 1073300 ns
[2020-10-07T09:43:26.566+0000][38832][gc,marking   ] GC(108) Concurrent Cleanup for Next Mark
[2020-10-07T09:43:26.568+0000][38832][gc,marking   ] GC(108) Concurrent Cleanup for Next Mark 1.889ms
[2020-10-07T09:43:26.568+0000][38832][gc           ] GC(108) Concurrent Cycle 279.552ms
[2020-10-07T09:43:26.572+0000][38832][gc,start     ] GC(109) Pause Young (Concurrent Start) (G1 Humongous Allocation)
[2020-10-07T09:43:26.572+0000][38832][gc,task      ] GC(109) Using 8 workers of 8 for evacuation
[2020-10-07T09:43:26.572+0000][38832][gc,age       ] GC(109) Desired survivor size 33554432 bytes, new threshold 15 (max threshold 15)
[2020-10-07T09:43:26.577+0000][38832][gc,age       ] GC(109) Age table with threshold 15 (max threshold 15)
[2020-10-07T09:43:26.577+0000][38832][gc,age       ] GC(109) - age   1:    3366840 bytes,    3366840 total
[2020-10-07T09:43:26.578+0000][38832][gc,age       ] GC(109) - age   2:     406424 bytes,    3773264 total
[2020-10-07T09:43:26.578+0000][38832][gc,age       ] GC(109) - age   3:     203208 bytes,    3976472 total
[2020-10-07T09:43:26.578+0000][38832][gc,age       ] GC(109) - age   4:       2448 bytes,    3978920 total
[2020-10-07T09:43:26.578+0000][38832][gc,age       ] GC(109) - age   5:      78352 bytes,    4057272 total
[2020-10-07T09:43:26.578+0000][38832][gc,age       ] GC(109) - age   6:       1088 bytes,    4058360 total
[2020-10-07T09:43:26.578+0000][38832][gc,age       ] GC(109) - age   7:       1312 bytes,    4059672 total
[2020-10-07T09:43:26.578+0000][38832][gc,age       ] GC(109) - age   8:       6552 bytes,    4066224 total
[2020-10-07T09:43:26.578+0000][38832][gc,age       ] GC(109) - age   9:       2336 bytes,    4068560 total
[2020-10-07T09:43:26.578+0000][38832][gc,age       ] GC(109) - age  10:      35912 bytes,    4104472 total
[2020-10-07T09:43:26.578+0000][38832][gc,age       ] GC(109) - age  11:       1376 bytes,    4105848 total
[2020-10-07T09:43:26.578+0000][38832][gc,age       ] GC(109) - age  12:     160704 bytes,    4266552 total
[2020-10-07T09:43:26.578+0000][38832][gc,age       ] GC(109) - age  13:       2256 bytes,    4268808 total
[2020-10-07T09:43:26.578+0000][38832][gc,age       ] GC(109) - age  14:     697856 bytes,    4966664 total
[2020-10-07T09:43:26.578+0000][38832][gc,age       ] GC(109) - age  15:        672 bytes,    4967336 total
[2020-10-07T09:43:26.578+0000][38832][gc,phases    ] GC(109)   Pre Evacuate Collection Set: 0.4ms
[2020-10-07T09:43:26.578+0000][38832][gc,phases    ] GC(109)   Merge Heap Roots: 0.1ms
[2020-10-07T09:43:26.578+0000][38832][gc,phases    ] GC(109)   Evacuate Collection Set: 3.3ms
[2020-10-07T09:43:26.578+0000][38832][gc,phases    ] GC(109)   Post Evacuate Collection Set: 1.0ms
[2020-10-07T09:43:26.578+0000][38832][gc,phases    ] GC(109)   Other: 1.3ms
[2020-10-07T09:43:26.578+0000][38832][gc,heap      ] GC(109) Eden regions: 71->0(504)
[2020-10-07T09:43:26.578+0000][38832][gc,heap      ] GC(109) Survivor regions: 5->5(64)
[2020-10-07T09:43:26.579+0000][38832][gc,heap      ] GC(109) Old regions: 76->76
[2020-10-07T09:43:26.579+0000][38832][gc,heap      ] GC(109) Archive regions: 0->0
[2020-10-07T09:43:26.579+0000][38832][gc,heap      ] GC(109) Humongous regions: 370->174
[2020-10-07T09:43:26.579+0000][38832][gc,metaspace ] GC(109) Metaspace: 85855K(91904K)->85855K(91904K) NonClass: 74636K(78336K)->74636K(78336K) Class: 11218K(13568K)->11218K(13568K)
[2020-10-07T09:43:26.579+0000][38832][gc           ] GC(109) Pause Young (Concurrent Start) (G1 Humongous Allocation) 521M->254M(1024M) 6.452ms
[2020-10-07T09:43:26.579+0000][38832][gc,cpu       ] GC(109) User=0.00s Sys=0.00s Real=0.01s
[2020-10-07T09:43:26.579+0000][38832][safepoint    ] Safepoint "G1TryInitiateConcMark", Time since last: 6450000 ns, Reaching safepoint: 181100 ns, At safepoint: 6676700 ns, Total: 6857800 ns
[2020-10-07T09:43:26.579+0000][38832][gc           ] GC(110) Concurrent Cycle
[2020-10-07T09:43:26.579+0000][38832][gc,marking   ] GC(110) Concurrent Clear Claimed Marks
[2020-10-07T09:43:26.580+0000][38832][gc,marking   ] GC(110) Concurrent Clear Claimed Marks 0.519ms
[2020-10-07T09:43:26.580+0000][38832][gc,marking   ] GC(110) Concurrent Scan Root Regions
[2020-10-07T09:43:26.583+0000][38832][gc,marking   ] GC(110) Concurrent Scan Root Regions 3.679ms
[2020-10-07T09:43:26.583+0000][38832][gc,marking   ] GC(110) Concurrent Mark (81.789s)
[2020-10-07T09:43:26.584+0000][38832][gc,marking   ] GC(110) Concurrent Mark From Roots
[2020-10-07T09:43:26.584+0000][38832][gc,task      ] GC(110) Using 2 workers of 2 for marking
[2020-10-07T09:43:26.758+0000][38832][gc,marking   ] GC(110) Concurrent Mark From Roots 174.209ms
[2020-10-07T09:43:26.758+0000][38832][gc,marking   ] GC(110) Concurrent Preclean
[2020-10-07T09:43:26.759+0000][38832][gc,marking   ] GC(110) Concurrent Preclean 0.899ms
[2020-10-07T09:43:26.759+0000][38832][gc,marking   ] GC(110) Concurrent Mark (81.789s, 81.964s) 175.348ms
[2020-10-07T09:43:26.759+0000][38832][gc,start     ] GC(110) Pause Remark
[2020-10-07T09:43:26.765+0000][38832][gc           ] GC(110) Pause Remark 446M->446M(1024M) 6.005ms
[2020-10-07T09:43:26.765+0000][38832][gc,cpu       ] GC(110) User=0.00s Sys=0.00s Real=0.01s
[2020-10-07T09:43:26.765+0000][38832][safepoint    ] Safepoint "G1Concurrent", Time since last: 180041000 ns, Reaching safepoint: 212400 ns, At safepoint: 6271800 ns, Total: 6484200 ns
[2020-10-07T09:43:26.765+0000][38832][gc,marking   ] GC(110) Concurrent Rebuild Remembered Sets
[2020-10-07T09:43:26.866+0000][38832][gc,marking   ] GC(110) Concurrent Rebuild Remembered Sets 100.864ms
[2020-10-07T09:43:26.867+0000][38832][gc,start     ] GC(110) Pause Cleanup
[2020-10-07T09:43:26.867+0000][38832][gc           ] GC(110) Pause Cleanup 453M->453M(1024M) 0.344ms
[2020-10-07T09:43:26.867+0000][38832][gc,cpu       ] GC(110) User=0.00s Sys=0.00s Real=0.00s
[2020-10-07T09:43:26.868+0000][38832][safepoint    ] Safepoint "G1Concurrent", Time since last: 101104800 ns, Reaching safepoint: 458800 ns, At safepoint: 588700 ns, Total: 1047500 ns
[2020-10-07T09:43:26.868+0000][38832][gc,marking   ] GC(110) Concurrent Cleanup for Next Mark
[2020-10-07T09:43:26.870+0000][38832][gc,marking   ] GC(110) Concurrent Cleanup for Next Mark 1.956ms
[2020-10-07T09:43:26.870+0000][38832][gc           ] GC(110) Concurrent Cycle 290.930ms
[2020-10-07T09:43:26.903+0000][38832][gc,start     ] GC(111) Pause Young (Concurrent Start) (G1 Humongous Allocation)
[2020-10-07T09:43:26.903+0000][38832][gc,task      ] GC(111) Using 8 workers of 8 for evacuation
[2020-10-07T09:43:26.903+0000][38832][gc,age       ] GC(111) Desired survivor size 33554432 bytes, new threshold 15 (max threshold 15)
[2020-10-07T09:43:26.908+0000][38832][gc,age       ] GC(111) Age table with threshold 15 (max threshold 15)
[2020-10-07T09:43:26.908+0000][38832][gc,age       ] GC(111) - age   1:    2960056 bytes,    2960056 total
[2020-10-07T09:43:26.908+0000][38832][gc,age       ] GC(111) - age   2:     408808 bytes,    3368864 total
[2020-10-07T09:43:26.908+0000][38832][gc,age       ] GC(111) - age   3:     404336 bytes,    3773200 total
[2020-10-07T09:43:26.908+0000][38832][gc,age       ] GC(111) - age   4:     202528 bytes,    3975728 total
[2020-10-07T09:43:26.908+0000][38832][gc,age       ] GC(111) - age   5:       2312 bytes,    3978040 total
[2020-10-07T09:43:26.909+0000][38832][gc,age       ] GC(111) - age   6:      78032 bytes,    4056072 total
[2020-10-07T09:43:26.909+0000][38832][gc,age       ] GC(111) - age   7:       1024 bytes,    4057096 total
[2020-10-07T09:43:26.909+0000][38832][gc,age       ] GC(111) - age   8:       1312 bytes,    4058408 total
[2020-10-07T09:43:26.909+0000][38832][gc,age       ] GC(111) - age   9:       6520 bytes,    4064928 total
[2020-10-07T09:43:26.909+0000][38832][gc,age       ] GC(111) - age  10:       2336 bytes,    4067264 total
[2020-10-07T09:43:26.909+0000][38832][gc,age       ] GC(111) - age  11:      35912 bytes,    4103176 total
[2020-10-07T09:43:26.909+0000][38832][gc,age       ] GC(111) - age  12:       1376 bytes,    4104552 total
[2020-10-07T09:43:26.909+0000][38832][gc,age       ] GC(111) - age  13:     160704 bytes,    4265256 total
[2020-10-07T09:43:26.909+0000][38832][gc,age       ] GC(111) - age  14:       2256 bytes,    4267512 total
[2020-10-07T09:43:26.909+0000][38832][gc,age       ] GC(111) - age  15:     697856 bytes,    4965368 total
[2020-10-07T09:43:26.909+0000][38832][gc,phases    ] GC(111)   Pre Evacuate Collection Set: 0.5ms
[2020-10-07T09:43:26.909+0000][38832][gc,phases    ] GC(111)   Merge Heap Roots: 0.1ms
[2020-10-07T09:43:26.909+0000][38832][gc,phases    ] GC(111)   Evacuate Collection Set: 3.2ms
[2020-10-07T09:43:26.909+0000][38832][gc,phases    ] GC(111)   Post Evacuate Collection Set: 1.0ms
[2020-10-07T09:43:26.909+0000][38832][gc,phases    ] GC(111)   Other: 1.4ms
[2020-10-07T09:43:26.909+0000][38832][gc,heap      ] GC(111) Eden regions: 58->0(504)
[2020-10-07T09:43:26.909+0000][38832][gc,heap      ] GC(111) Survivor regions: 5->5(64)
[2020-10-07T09:43:26.910+0000][38832][gc,heap      ] GC(111) Old regions: 76->76
[2020-10-07T09:43:26.910+0000][38832][gc,heap      ] GC(111) Archive regions: 0->0
[2020-10-07T09:43:26.910+0000][38832][gc,heap      ] GC(111) Humongous regions: 322->174
[2020-10-07T09:43:26.910+0000][38832][gc,metaspace ] GC(111) Metaspace: 85857K(91904K)->85857K(91904K) NonClass: 74638K(78336K)->74638K(78336K) Class: 11218K(13568K)->11218K(13568K)
[2020-10-07T09:43:26.910+0000][38832][gc           ] GC(111) Pause Young (Concurrent Start) (G1 Humongous Allocation) 460M->254M(1024M) 6.738ms
[2020-10-07T09:43:26.910+0000][38832][gc,cpu       ] GC(111) User=0.00s Sys=0.00s Real=0.01s
[2020-10-07T09:43:26.910+0000][38832][gc           ] GC(112) Concurrent Cycle
[2020-10-07T09:43:26.910+0000][38832][safepoint    ] Safepoint "G1TryInitiateConcMark", Time since last: 35226000 ns, Reaching safepoint: 171300 ns, At safepoint: 7065400 ns, Total: 7236700 ns
[2020-10-07T09:43:26.910+0000][38832][gc,marking   ] GC(112) Concurrent Clear Claimed Marks
[2020-10-07T09:43:26.911+0000][38832][gc,marking   ] GC(112) Concurrent Clear Claimed Marks 0.688ms
[2020-10-07T09:43:26.911+0000][38832][gc,marking   ] GC(112) Concurrent Scan Root Regions
[2020-10-07T09:43:26.915+0000][38832][gc,marking   ] GC(112) Concurrent Scan Root Regions 4.428ms
[2020-10-07T09:43:26.915+0000][38832][gc,marking   ] GC(112) Concurrent Mark (82.121s)
[2020-10-07T09:43:26.915+0000][38832][gc,marking   ] GC(112) Concurrent Mark From Roots
[2020-10-07T09:43:26.915+0000][38832][gc,task      ] GC(112) Using 2 workers of 2 for marking
[2020-10-07T09:43:27.091+0000][38832][gc,marking   ] GC(112) Concurrent Mark From Roots 175.736ms
[2020-10-07T09:43:27.091+0000][38832][gc,marking   ] GC(112) Concurrent Preclean
[2020-10-07T09:43:27.092+0000][38832][gc,marking   ] GC(112) Concurrent Preclean 0.870ms
[2020-10-07T09:43:27.092+0000][38832][gc,marking   ] GC(112) Concurrent Mark (82.121s, 82.298s) 176.886ms
[2020-10-07T09:43:27.092+0000][38832][gc,start     ] GC(112) Pause Remark
[2020-10-07T09:43:27.098+0000][38832][gc           ] GC(112) Pause Remark 382M->382M(1024M) 5.827ms
[2020-10-07T09:43:27.098+0000][38832][gc,cpu       ] GC(112) User=0.00s Sys=0.00s Real=0.01s
[2020-10-07T09:43:27.099+0000][38832][safepoint    ] Safepoint "G1Concurrent", Time since last: 182382900 ns, Reaching safepoint: 153500 ns, At safepoint: 6115400 ns, Total: 6268900 ns
[2020-10-07T09:43:27.099+0000][38832][gc,marking   ] GC(112) Concurrent Rebuild Remembered Sets
[2020-10-07T09:43:27.198+0000][38832][gc,marking   ] GC(112) Concurrent Rebuild Remembered Sets 98.999ms
[2020-10-07T09:43:27.207+0000][38832][gc,start     ] GC(112) Pause Cleanup
[2020-10-07T09:43:27.207+0000][38832][gc           ] GC(112) Pause Cleanup 392M->392M(1024M) 0.365ms
[2020-10-07T09:43:27.207+0000][38832][gc,cpu       ] GC(112) User=0.00s Sys=0.00s Real=0.00s
[2020-10-07T09:43:27.208+0000][38832][safepoint    ] Safepoint "G1Concurrent", Time since last: 99214200 ns, Reaching safepoint: 8892100 ns, At safepoint: 1107300 ns, Total: 9999400 ns
[2020-10-07T09:43:27.208+0000][38832][gc,marking   ] GC(112) Concurrent Cleanup for Next Mark
[2020-10-07T09:43:27.210+0000][38832][gc,marking   ] GC(112) Concurrent Cleanup for Next Mark 1.648ms
[2020-10-07T09:43:27.210+0000][38832][gc           ] GC(112) Concurrent Cycle 299.871ms
[2020-10-07T09:43:27.261+0000][38832][gc,start     ] GC(113) Pause Young (Concurrent Start) (G1 Humongous Allocation)
[2020-10-07T09:43:27.261+0000][38832][gc,task      ] GC(113) Using 8 workers of 8 for evacuation
[2020-10-07T09:43:27.262+0000][38832][gc,age       ] GC(113) Desired survivor size 33554432 bytes, new threshold 15 (max threshold 15)
[2020-10-07T09:43:27.266+0000][38832][gc,age       ] GC(113) Age table with threshold 15 (max threshold 15)
[2020-10-07T09:43:27.266+0000][38832][gc,age       ] GC(113) - age   1:    2669176 bytes,    2669176 total
[2020-10-07T09:43:27.266+0000][38832][gc,age       ] GC(113) - age   2:       1952 bytes,    2671128 total
[2020-10-07T09:43:27.266+0000][38832][gc,age       ] GC(113) - age   3:       4440 bytes,    2675568 total
[2020-10-07T09:43:27.266+0000][38832][gc,age       ] GC(113) - age   4:       2360 bytes,    2677928 total
[2020-10-07T09:43:27.266+0000][38832][gc,age       ] GC(113) - age   5:        832 bytes,    2678760 total
[2020-10-07T09:43:27.267+0000][38832][gc,age       ] GC(113) - age   6:       1912 bytes,    2680672 total
[2020-10-07T09:43:27.267+0000][38832][gc,age       ] GC(113) - age   7:      76280 bytes,    2756952 total
[2020-10-07T09:43:27.267+0000][38832][gc,age       ] GC(113) - age   8:        992 bytes,    2757944 total
[2020-10-07T09:43:27.267+0000][38832][gc,age       ] GC(113) - age   9:       1312 bytes,    2759256 total
[2020-10-07T09:43:27.267+0000][38832][gc,age       ] GC(113) - age  10:       6456 bytes,    2765712 total
[2020-10-07T09:43:27.267+0000][38832][gc,age       ] GC(113) - age  11:       2272 bytes,    2767984 total
[2020-10-07T09:43:27.267+0000][38832][gc,age       ] GC(113) - age  12:      35816 bytes,    2803800 total
[2020-10-07T09:43:27.267+0000][38832][gc,age       ] GC(113) - age  13:       1376 bytes,    2805176 total
[2020-10-07T09:43:27.267+0000][38832][gc,age       ] GC(113) - age  14:     160704 bytes,    2965880 total
[2020-10-07T09:43:27.267+0000][38832][gc,age       ] GC(113) - age  15:       2256 bytes,    2968136 total
[2020-10-07T09:43:27.267+0000][38832][gc,phases    ] GC(113)   Pre Evacuate Collection Set: 0.4ms
[2020-10-07T09:43:27.267+0000][38832][gc,phases    ] GC(113)   Merge Heap Roots: 0.2ms
[2020-10-07T09:43:27.267+0000][38832][gc,phases    ] GC(113)   Evacuate Collection Set: 3.1ms
[2020-10-07T09:43:27.267+0000][38832][gc,phases    ] GC(113)   Post Evacuate Collection Set: 0.8ms
[2020-10-07T09:43:27.267+0000][38832][gc,phases    ] GC(113)   Other: 1.3ms
[2020-10-07T09:43:27.267+0000][38832][gc,heap      ] GC(113) Eden regions: 49->0(505)
[2020-10-07T09:43:27.267+0000][38832][gc,heap      ] GC(113) Survivor regions: 5->3(64)
[2020-10-07T09:43:27.267+0000][38832][gc,heap      ] GC(113) Old regions: 76->77
[2020-10-07T09:43:27.268+0000][38832][gc,heap      ] GC(113) Archive regions: 0->0
[2020-10-07T09:43:27.268+0000][38832][gc,heap      ] GC(113) Humongous regions: 270->174
[2020-10-07T09:43:27.268+0000][38832][gc,metaspace ] GC(113) Metaspace: 85942K(91904K)->85942K(91904K) NonClass: 74723K(78336K)->74723K(78336K) Class: 11219K(13568K)->11219K(13568K)
[2020-10-07T09:43:27.268+0000][38832][gc           ] GC(113) Pause Young (Concurrent Start) (G1 Humongous Allocation) 399M->253M(1024M) 6.421ms
[2020-10-07T09:43:27.268+0000][38832][gc,cpu       ] GC(113) User=0.00s Sys=0.00s Real=0.01s
[2020-10-07T09:43:27.268+0000][38832][gc           ] GC(114) Concurrent Cycle
[2020-10-07T09:43:27.268+0000][38832][safepoint    ] Safepoint "G1TryInitiateConcMark", Time since last: 53262300 ns, Reaching safepoint: 174000 ns, At safepoint: 6717200 ns, Total: 6891200 ns
[2020-10-07T09:43:27.268+0000][38832][gc,marking   ] GC(114) Concurrent Clear Claimed Marks
[2020-10-07T09:43:27.269+0000][38832][gc,marking   ] GC(114) Concurrent Clear Claimed Marks 0.689ms
[2020-10-07T09:43:27.269+0000][38832][gc,marking   ] GC(114) Concurrent Scan Root Regions
[2020-10-07T09:43:27.272+0000][38832][gc,marking   ] GC(114) Concurrent Scan Root Regions 3.299ms
[2020-10-07T09:43:27.272+0000][38832][gc,marking   ] GC(114) Concurrent Mark (82.478s)
[2020-10-07T09:43:27.272+0000][38832][gc,marking   ] GC(114) Concurrent Mark From Roots
[2020-10-07T09:43:27.272+0000][38832][gc,task      ] GC(114) Using 2 workers of 2 for marking
[2020-10-07T09:43:27.451+0000][38832][gc,marking   ] GC(114) Concurrent Mark From Roots 178.911ms
[2020-10-07T09:43:27.451+0000][38832][gc,marking   ] GC(114) Concurrent Preclean
[2020-10-07T09:43:27.452+0000][38832][gc,marking   ] GC(114) Concurrent Preclean 0.833ms
[2020-10-07T09:43:27.452+0000][38832][gc,marking   ] GC(114) Concurrent Mark (82.478s, 82.658s) 179.985ms
[2020-10-07T09:43:27.453+0000][38832][gc,start     ] GC(114) Pause Remark
[2020-10-07T09:43:27.458+0000][38832][gc           ] GC(114) Pause Remark 388M->388M(1024M) 5.249ms
[2020-10-07T09:43:27.458+0000][38832][gc,cpu       ] GC(114) User=0.00s Sys=0.00s Real=0.00s
[2020-10-07T09:43:27.458+0000][38832][safepoint    ] Safepoint "G1Concurrent", Time since last: 184417300 ns, Reaching safepoint: 192400 ns, At safepoint: 5487100 ns, Total: 5679500 ns
[2020-10-07T09:43:27.458+0000][38832][gc,marking   ] GC(114) Concurrent Rebuild Remembered Sets
[2020-10-07T09:43:27.558+0000][38832][gc,marking   ] GC(114) Concurrent Rebuild Remembered Sets 99.601ms
[2020-10-07T09:43:27.558+0000][38832][gc,start     ] GC(114) Pause Cleanup
[2020-10-07T09:43:27.558+0000][38832][gc           ] GC(114) Pause Cleanup 389M->389M(1024M) 0.390ms
[2020-10-07T09:43:27.559+0000][38832][gc,cpu       ] GC(114) User=0.00s Sys=0.00s Real=0.00s
[2020-10-07T09:43:27.559+0000][38832][safepoint    ] Safepoint "G1Concurrent", Time since last: 99808700 ns, Reaching safepoint: 194700 ns, At safepoint: 682500 ns, Total: 877200 ns
[2020-10-07T09:43:27.559+0000][38832][gc,marking   ] GC(114) Concurrent Cleanup for Next Mark
[2020-10-07T09:43:27.560+0000][38832][gc,marking   ] GC(114) Concurrent Cleanup for Next Mark 1.614ms
[2020-10-07T09:43:27.561+0000][38832][gc           ] GC(114) Concurrent Cycle 292.653ms
[2020-10-07T09:43:27.595+0000][38832][gc,start     ] GC(115) Pause Young (Concurrent Start) (G1 Humongous Allocation)
[2020-10-07T09:43:27.595+0000][38832][gc,task      ] GC(115) Using 8 workers of 8 for evacuation
[2020-10-07T09:43:27.595+0000][38832][gc,age       ] GC(115) Desired survivor size 33554432 bytes, new threshold 15 (max threshold 15)
[2020-10-07T09:43:27.599+0000][38832][gc,age       ] GC(115) Age table with threshold 15 (max threshold 15)
[2020-10-07T09:43:27.599+0000][38832][gc,age       ] GC(115) - age   1:    2657880 bytes,    2657880 total
[2020-10-07T09:43:27.599+0000][38832][gc,age       ] GC(115) - age   2:      20808 bytes,    2678688 total
[2020-10-07T09:43:27.599+0000][38832][gc,age       ] GC(115) - age   3:       1392 bytes,    2680080 total
[2020-10-07T09:43:27.599+0000][38832][gc,age       ] GC(115) - age   4:       3288 bytes,    2683368 total
[2020-10-07T09:43:27.599+0000][38832][gc,age       ] GC(115) - age   5:       2360 bytes,    2685728 total
[2020-10-07T09:43:27.600+0000][38832][gc,age       ] GC(115) - age   6:        672 bytes,    2686400 total
[2020-10-07T09:43:27.600+0000][38832][gc,age       ] GC(115) - age   7:       1720 bytes,    2688120 total
[2020-10-07T09:43:27.600+0000][38832][gc,age       ] GC(115) - age   8:      76184 bytes,    2764304 total
[2020-10-07T09:43:27.600+0000][38832][gc,age       ] GC(115) - age   9:        992 bytes,    2765296 total
[2020-10-07T09:43:27.600+0000][38832][gc,age       ] GC(115) - age  10:       1312 bytes,    2766608 total
[2020-10-07T09:43:27.600+0000][38832][gc,age       ] GC(115) - age  11:       6456 bytes,    2773064 total
[2020-10-07T09:43:27.600+0000][38832][gc,age       ] GC(115) - age  12:       2208 bytes,    2775272 total
[2020-10-07T09:43:27.600+0000][38832][gc,age       ] GC(115) - age  13:      35816 bytes,    2811088 total
[2020-10-07T09:43:27.600+0000][38832][gc,age       ] GC(115) - age  14:       1376 bytes,    2812464 total
[2020-10-07T09:43:27.600+0000][38832][gc,age       ] GC(115) - age  15:     160632 bytes,    2973096 total
[2020-10-07T09:43:27.600+0000][38832][gc,phases    ] GC(115)   Pre Evacuate Collection Set: 0.5ms
[2020-10-07T09:43:27.600+0000][38832][gc,phases    ] GC(115)   Merge Heap Roots: 0.1ms
[2020-10-07T09:43:27.600+0000][38832][gc,phases    ] GC(115)   Evacuate Collection Set: 2.3ms
[2020-10-07T09:43:27.600+0000][38832][gc,phases    ] GC(115)   Post Evacuate Collection Set: 0.8ms
[2020-10-07T09:43:27.601+0000][38832][gc,phases    ] GC(115)   Other: 1.6ms
[2020-10-07T09:43:27.601+0000][38832][gc,heap      ] GC(115) Eden regions: 42->0(506)
[2020-10-07T09:43:27.601+0000][38832][gc,heap      ] GC(115) Survivor regions: 3->3(64)
[2020-10-07T09:43:27.601+0000][38832][gc,heap      ] GC(115) Old regions: 77->77
[2020-10-07T09:43:27.601+0000][38832][gc,heap      ] GC(115) Archive regions: 0->0
[2020-10-07T09:43:27.601+0000][38832][gc,heap      ] GC(115) Humongous regions: 274->174
[2020-10-07T09:43:27.601+0000][38832][gc,metaspace ] GC(115) Metaspace: 85992K(91904K)->85992K(91904K) NonClass: 74773K(78336K)->74773K(78336K) Class: 11219K(13568K)->11219K(13568K)
[2020-10-07T09:43:27.601+0000][38832][gc           ] GC(115) Pause Young (Concurrent Start) (G1 Humongous Allocation) 395M->253M(1024M) 6.067ms
[2020-10-07T09:43:27.601+0000][38832][gc,cpu       ] GC(115) User=0.02s Sys=0.00s Real=0.01s
[2020-10-07T09:43:27.601+0000][38832][gc           ] GC(116) Concurrent Cycle
[2020-10-07T09:43:27.601+0000][38832][gc,marking   ] GC(116) Concurrent Clear Claimed Marks
[2020-10-07T09:43:27.601+0000][38832][safepoint    ] Safepoint "G1TryInitiateConcMark", Time since last: 35972200 ns, Reaching safepoint: 170800 ns, At safepoint: 6412200 ns, Total: 6583000 ns
[2020-10-07T09:43:27.602+0000][38832][gc,marking   ] GC(116) Concurrent Clear Claimed Marks 0.407ms
[2020-10-07T09:43:27.602+0000][38832][gc,marking   ] GC(116) Concurrent Scan Root Regions
[2020-10-07T09:43:27.604+0000][38832][gc,marking   ] GC(116) Concurrent Scan Root Regions 2.093ms
[2020-10-07T09:43:27.604+0000][38832][gc,marking   ] GC(116) Concurrent Mark (82.810s)
[2020-10-07T09:43:27.604+0000][38832][gc,marking   ] GC(116) Concurrent Mark From Roots
[2020-10-07T09:43:27.604+0000][38832][gc,task      ] GC(116) Using 2 workers of 2 for marking
[2020-10-07T09:43:27.775+0000][38832][gc,marking   ] GC(116) Concurrent Mark From Roots 171.040ms
[2020-10-07T09:43:27.775+0000][38832][gc,marking   ] GC(116) Concurrent Preclean
[2020-10-07T09:43:27.776+0000][38832][gc,marking   ] GC(116) Concurrent Preclean 0.908ms
[2020-10-07T09:43:27.776+0000][38832][gc,marking   ] GC(116) Concurrent Mark (82.810s, 82.982s) 172.257ms
[2020-10-07T09:43:27.777+0000][38832][gc,start     ] GC(116) Pause Remark
[2020-10-07T09:43:27.789+0000][38832][gc           ] GC(116) Pause Remark 392M->392M(1024M) 12.598ms
[2020-10-07T09:43:27.789+0000][38832][gc,cpu       ] GC(116) User=0.11s Sys=0.00s Real=0.01s
[2020-10-07T09:43:27.791+0000][38832][safepoint    ] Safepoint "G1Concurrent", Time since last: 175090400 ns, Reaching safepoint: 204600 ns, At safepoint: 14170700 ns, Total: 14375300 ns
[2020-10-07T09:43:27.791+0000][38832][gc,marking   ] GC(116) Concurrent Rebuild Remembered Sets
[2020-10-07T09:43:27.872+0000][38832][safepoint    ] Safepoint "ICBufferFull", Time since last: 80333000 ns, Reaching safepoint: 814000 ns, At safepoint: 31300 ns, Total: 845300 ns
[2020-10-07T09:43:27.893+0000][38832][gc,marking   ] GC(116) Concurrent Rebuild Remembered Sets 102.292ms
[2020-10-07T09:43:27.894+0000][38832][gc,start     ] GC(116) Pause Cleanup
[2020-10-07T09:43:27.894+0000][38832][gc           ] GC(116) Pause Cleanup 476M->476M(1024M) 0.387ms
[2020-10-07T09:43:27.894+0000][38832][gc,cpu       ] GC(116) User=0.00s Sys=0.00s Real=0.00s
[2020-10-07T09:43:27.894+0000][38832][safepoint    ] Safepoint "G1Concurrent", Time since last: 21492800 ns, Reaching safepoint: 377900 ns, At safepoint: 576800 ns, Total: 954700 ns
[2020-10-07T09:43:27.894+0000][38832][gc,marking   ] GC(116) Concurrent Cleanup for Next Mark
[2020-10-07T09:43:27.897+0000][38832][gc,marking   ] GC(116) Concurrent Cleanup for Next Mark 2.782ms
[2020-10-07T09:43:27.897+0000][38832][gc           ] GC(116) Concurrent Cycle 296.346ms
[2020-10-07T09:43:27.898+0000][38832][gc,start     ] GC(117) Pause Young (Concurrent Start) (G1 Humongous Allocation)
[2020-10-07T09:43:27.898+0000][38832][gc,task      ] GC(117) Using 8 workers of 8 for evacuation
[2020-10-07T09:43:27.898+0000][38832][gc,age       ] GC(117) Desired survivor size 33554432 bytes, new threshold 15 (max threshold 15)
[2020-10-07T09:43:27.902+0000][38832][gc,age       ] GC(117) Age table with threshold 15 (max threshold 15)
[2020-10-07T09:43:27.903+0000][38832][gc,age       ] GC(117) - age   1:    2463432 bytes,    2463432 total
[2020-10-07T09:43:27.903+0000][38832][gc,age       ] GC(117) - age   2:      16552 bytes,    2479984 total
[2020-10-07T09:43:27.903+0000][38832][gc,age       ] GC(117) - age   3:      17768 bytes,    2497752 total
[2020-10-07T09:43:27.903+0000][38832][gc,age       ] GC(117) - age   4:        816 bytes,    2498568 total
[2020-10-07T09:43:27.903+0000][38832][gc,age       ] GC(117) - age   5:       3064 bytes,    2501632 total
[2020-10-07T09:43:27.903+0000][38832][gc,age       ] GC(117) - age   6:       2072 bytes,    2503704 total
[2020-10-07T09:43:27.903+0000][38832][gc,age       ] GC(117) - age   7:        512 bytes,    2504216 total
[2020-10-07T09:43:27.903+0000][38832][gc,age       ] GC(117) - age   8:       1720 bytes,    2505936 total
[2020-10-07T09:43:27.903+0000][38832][gc,age       ] GC(117) - age   9:      73688 bytes,    2579624 total
[2020-10-07T09:43:27.903+0000][38832][gc,age       ] GC(117) - age  10:        992 bytes,    2580616 total
[2020-10-07T09:43:27.903+0000][38832][gc,age       ] GC(117) - age  11:       1312 bytes,    2581928 total
[2020-10-07T09:43:27.903+0000][38832][gc,age       ] GC(117) - age  12:       5976 bytes,    2587904 total
[2020-10-07T09:43:27.903+0000][38832][gc,age       ] GC(117) - age  13:       2048 bytes,    2589952 total
[2020-10-07T09:43:27.903+0000][38832][gc,age       ] GC(117) - age  14:      35816 bytes,    2625768 total
[2020-10-07T09:43:27.903+0000][38832][gc,age       ] GC(117) - age  15:       1376 bytes,    2627144 total
[2020-10-07T09:43:27.903+0000][38832][gc,phases    ] GC(117)   Pre Evacuate Collection Set: 0.5ms
[2020-10-07T09:43:27.903+0000][38832][gc,phases    ] GC(117)   Merge Heap Roots: 0.3ms
[2020-10-07T09:43:27.903+0000][38832][gc,phases    ] GC(117)   Evacuate Collection Set: 2.3ms
[2020-10-07T09:43:27.903+0000][38832][gc,phases    ] GC(117)   Post Evacuate Collection Set: 1.0ms
[2020-10-07T09:43:27.904+0000][38832][gc,phases    ] GC(117)   Other: 1.4ms
[2020-10-07T09:43:27.904+0000][38832][gc,heap      ] GC(117) Eden regions: 64->0(506)
[2020-10-07T09:43:27.904+0000][38832][gc,heap      ] GC(117) Survivor regions: 3->3(64)
[2020-10-07T09:43:27.904+0000][38832][gc,heap      ] GC(117) Old regions: 77->77
[2020-10-07T09:43:27.904+0000][38832][gc,heap      ] GC(117) Archive regions: 0->0
[2020-10-07T09:43:27.904+0000][38832][gc,heap      ] GC(117) Humongous regions: 350->174
[2020-10-07T09:43:27.904+0000][38832][gc,metaspace ] GC(117) Metaspace: 85944K(91904K)->85944K(91904K) NonClass: 74755K(78336K)->74755K(78336K) Class: 11188K(13568K)->11188K(13568K)
[2020-10-07T09:43:27.904+0000][38832][gc           ] GC(117) Pause Young (Concurrent Start) (G1 Humongous Allocation) 493M->253M(1024M) 5.908ms
[2020-10-07T09:43:27.904+0000][38832][gc,cpu       ] GC(117) User=0.00s Sys=0.00s Real=0.01s
[2020-10-07T09:43:27.904+0000][38832][safepoint    ] Safepoint "G1TryInitiateConcMark", Time since last: 3268200 ns, Reaching safepoint: 293400 ns, At safepoint: 6164700 ns, Total: 6458100 ns
[2020-10-07T09:43:27.904+0000][38832][gc           ] GC(118) Concurrent Cycle
[2020-10-07T09:43:27.904+0000][38832][gc,marking   ] GC(118) Concurrent Clear Claimed Marks
[2020-10-07T09:43:27.905+0000][38832][gc,marking   ] GC(118) Concurrent Clear Claimed Marks 0.482ms
[2020-10-07T09:43:27.905+0000][38832][gc,marking   ] GC(118) Concurrent Scan Root Regions
[2020-10-07T09:43:27.907+0000][38832][gc,marking   ] GC(118) Concurrent Scan Root Regions 2.121ms
[2020-10-07T09:43:27.907+0000][38832][gc,marking   ] GC(118) Concurrent Mark (83.113s)
[2020-10-07T09:43:27.907+0000][38832][gc,marking   ] GC(118) Concurrent Mark From Roots
[2020-10-07T09:43:27.907+0000][38832][gc,task      ] GC(118) Using 2 workers of 2 for marking
[2020-10-07T09:43:28.049+0000][38832][gc,marking   ] GC(118) Concurrent Mark From Roots 141.699ms
[2020-10-07T09:43:28.049+0000][38832][gc,marking   ] GC(118) Concurrent Preclean
[2020-10-07T09:43:28.050+0000][38832][gc,marking   ] GC(118) Concurrent Preclean 0.968ms
[2020-10-07T09:43:28.050+0000][38832][gc,marking   ] GC(118) Concurrent Mark (83.113s, 83.256s) 142.888ms
[2020-10-07T09:43:28.050+0000][38832][gc,start     ] GC(118) Pause Remark
[2020-10-07T09:43:28.056+0000][38832][gc           ] GC(118) Pause Remark 425M->425M(1024M) 5.458ms
[2020-10-07T09:43:28.056+0000][38832][gc,cpu       ] GC(118) User=0.11s Sys=0.00s Real=0.01s
[2020-10-07T09:43:28.056+0000][38832][safepoint    ] Safepoint "G1Concurrent", Time since last: 145886200 ns, Reaching safepoint: 185100 ns, At safepoint: 5797300 ns, Total: 5982400 ns
[2020-10-07T09:43:28.056+0000][38832][gc,marking   ] GC(118) Concurrent Rebuild Remembered Sets
[2020-10-07T09:43:28.146+0000][38832][gc,marking   ] GC(118) Concurrent Rebuild Remembered Sets 90.245ms
[2020-10-07T09:43:28.146+0000][38832][gc,start     ] GC(118) Pause Cleanup
[2020-10-07T09:43:28.147+0000][38832][gc           ] GC(118) Pause Cleanup 499M->499M(1024M) 0.418ms
[2020-10-07T09:43:28.147+0000][38832][gc,cpu       ] GC(118) User=0.02s Sys=0.00s Real=0.00s
[2020-10-07T09:43:28.147+0000][38832][safepoint    ] Safepoint "G1Concurrent", Time since last: 90493400 ns, Reaching safepoint: 183300 ns, At safepoint: 714100 ns, Total: 897400 ns
[2020-10-07T09:43:28.147+0000][38832][gc,marking   ] GC(118) Concurrent Cleanup for Next Mark
[2020-10-07T09:43:28.150+0000][38832][gc,marking   ] GC(118) Concurrent Cleanup for Next Mark 2.665ms
[2020-10-07T09:43:28.150+0000][38832][gc           ] GC(118) Concurrent Cycle 246.193ms
[2020-10-07T09:43:28.166+0000][38832][gc,start     ] GC(119) Pause Young (Concurrent Start) (G1 Humongous Allocation)
[2020-10-07T09:43:28.166+0000][38832][gc,task      ] GC(119) Using 8 workers of 8 for evacuation
[2020-10-07T09:43:28.166+0000][38832][gc,age       ] GC(119) Desired survivor size 33554432 bytes, new threshold 15 (max threshold 15)
[2020-10-07T09:43:28.170+0000][38832][gc,age       ] GC(119) Age table with threshold 15 (max threshold 15)
[2020-10-07T09:43:28.170+0000][38832][gc,age       ] GC(119) - age   1:    3477904 bytes,    3477904 total
[2020-10-07T09:43:28.170+0000][38832][gc,age       ] GC(119) - age   2:     209272 bytes,    3687176 total
[2020-10-07T09:43:28.171+0000][38832][gc,age       ] GC(119) - age   3:      12792 bytes,    3699968 total
[2020-10-07T09:43:28.171+0000][38832][gc,age       ] GC(119) - age   4:      14000 bytes,    3713968 total
[2020-10-07T09:43:28.171+0000][38832][gc,age       ] GC(119) - age   5:        656 bytes,    3714624 total
[2020-10-07T09:43:28.171+0000][38832][gc,age       ] GC(119) - age   6:       2680 bytes,    3717304 total
[2020-10-07T09:43:28.171+0000][38832][gc,age       ] GC(119) - age   7:       1816 bytes,    3719120 total
[2020-10-07T09:43:28.171+0000][38832][gc,age       ] GC(119) - age   8:        512 bytes,    3719632 total
[2020-10-07T09:43:28.171+0000][38832][gc,age       ] GC(119) - age   9:       1720 bytes,    3721352 total
[2020-10-07T09:43:28.171+0000][38832][gc,age       ] GC(119) - age  10:      73608 bytes,    3794960 total
[2020-10-07T09:43:28.171+0000][38832][gc,age       ] GC(119) - age  11:        992 bytes,    3795952 total
[2020-10-07T09:43:28.171+0000][38832][gc,age       ] GC(119) - age  12:       1312 bytes,    3797264 total
[2020-10-07T09:43:28.171+0000][38832][gc,age       ] GC(119) - age  13:       5976 bytes,    3803240 total
[2020-10-07T09:43:28.171+0000][38832][gc,age       ] GC(119) - age  14:       2048 bytes,    3805288 total
[2020-10-07T09:43:28.171+0000][38832][gc,age       ] GC(119) - age  15:      35816 bytes,    3841104 total
[2020-10-07T09:43:28.171+0000][38832][gc,phases    ] GC(119)   Pre Evacuate Collection Set: 0.5ms
[2020-10-07T09:43:28.171+0000][38832][gc,phases    ] GC(119)   Merge Heap Roots: 0.1ms
[2020-10-07T09:43:28.171+0000][38832][gc,phases    ] GC(119)   Evacuate Collection Set: 2.5ms
[2020-10-07T09:43:28.171+0000][38832][gc,phases    ] GC(119)   Post Evacuate Collection Set: 0.9ms
[2020-10-07T09:43:28.171+0000][38832][gc,phases    ] GC(119)   Other: 1.0ms
[2020-10-07T09:43:28.171+0000][38832][gc,heap      ] GC(119) Eden regions: 78->0(504)
[2020-10-07T09:43:28.171+0000][38832][gc,heap      ] GC(119) Survivor regions: 3->4(64)
[2020-10-07T09:43:28.171+0000][38832][gc,heap      ] GC(119) Old regions: 77->77
[2020-10-07T09:43:28.171+0000][38832][gc,heap      ] GC(119) Archive regions: 0->0
[2020-10-07T09:43:28.171+0000][38832][gc,heap      ] GC(119) Humongous regions: 348->174
[2020-10-07T09:43:28.171+0000][38832][gc,metaspace ] GC(119) Metaspace: 85969K(91904K)->85969K(91904K) NonClass: 74780K(78336K)->74780K(78336K) Class: 11188K(13568K)->11188K(13568K)
[2020-10-07T09:43:28.171+0000][38832][gc           ] GC(119) Pause Young (Concurrent Start) (G1 Humongous Allocation) 504M->254M(1024M) 5.324ms
[2020-10-07T09:43:28.171+0000][38832][gc,cpu       ] GC(119) User=0.00s Sys=0.00s Real=0.01s
[2020-10-07T09:43:28.171+0000][38832][gc           ] GC(120) Concurrent Cycle
[2020-10-07T09:43:28.172+0000][38832][safepoint    ] Safepoint "G1TryInitiateConcMark", Time since last: 18674400 ns, Reaching safepoint: 161100 ns, At safepoint: 5576400 ns, Total: 5737500 ns
[2020-10-07T09:43:28.172+0000][38832][gc,marking   ] GC(120) Concurrent Clear Claimed Marks
[2020-10-07T09:43:28.172+0000][38832][gc,marking   ] GC(120) Concurrent Clear Claimed Marks 0.558ms
[2020-10-07T09:43:28.172+0000][38832][gc,marking   ] GC(120) Concurrent Scan Root Regions
[2020-10-07T09:43:28.175+0000][38832][gc,marking   ] GC(120) Concurrent Scan Root Regions 2.645ms
[2020-10-07T09:43:28.175+0000][38832][gc,marking   ] GC(120) Concurrent Mark (83.381s)
[2020-10-07T09:43:28.175+0000][38832][gc,marking   ] GC(120) Concurrent Mark From Roots
[2020-10-07T09:43:28.175+0000][38832][gc,task      ] GC(120) Using 2 workers of 2 for marking
[2020-10-07T09:43:28.336+0000][38832][gc,marking   ] GC(120) Concurrent Mark From Roots 160.655ms
[2020-10-07T09:43:28.336+0000][38832][gc,marking   ] GC(120) Concurrent Preclean
[2020-10-07T09:43:28.337+0000][38832][gc,marking   ] GC(120) Concurrent Preclean 0.906ms
[2020-10-07T09:43:28.337+0000][38832][gc,marking   ] GC(120) Concurrent Mark (83.381s, 83.543s) 161.747ms
[2020-10-07T09:43:28.341+0000][38832][gc,start     ] GC(120) Pause Remark
[2020-10-07T09:43:28.354+0000][38832][gc           ] GC(120) Pause Remark 455M->455M(1024M) 13.383ms
[2020-10-07T09:43:28.355+0000][38832][gc,cpu       ] GC(120) User=0.11s Sys=0.00s Real=0.01s
[2020-10-07T09:43:28.355+0000][38832][safepoint    ] Safepoint "G1Concurrent", Time since last: 165321400 ns, Reaching safepoint: 3712800 ns, At safepoint: 14392400 ns, Total: 18105200 ns
[2020-10-07T09:43:28.355+0000][38832][gc,marking   ] GC(120) Concurrent Rebuild Remembered Sets
[2020-10-07T09:43:28.410+0000][38832][safepoint    ] Safepoint "ICBufferFull", Time since last: 53321500 ns, Reaching safepoint: 732700 ns, At safepoint: 334600 ns, Total: 1067300 ns
[2020-10-07T09:43:28.453+0000][38832][gc,marking   ] GC(120) Concurrent Rebuild Remembered Sets 97.442ms
[2020-10-07T09:43:28.453+0000][38832][gc,start     ] GC(120) Pause Cleanup
[2020-10-07T09:43:28.454+0000][38832][gc           ] GC(120) Pause Cleanup 464M->464M(1024M) 0.346ms
[2020-10-07T09:43:28.454+0000][38832][gc,cpu       ] GC(120) User=0.00s Sys=0.00s Real=0.00s
[2020-10-07T09:43:28.456+0000][38832][safepoint    ] Safepoint "G1Concurrent", Time since last: 43290700 ns, Reaching safepoint: 301500 ns, At safepoint: 2457500 ns, Total: 2759000 ns
[2020-10-07T09:43:28.456+0000][38832][gc,marking   ] GC(120) Concurrent Cleanup for Next Mark
[2020-10-07T09:43:28.458+0000][38832][gc,marking   ] GC(120) Concurrent Cleanup for Next Mark 2.154ms
[2020-10-07T09:43:28.458+0000][38832][gc           ] GC(120) Concurrent Cycle 286.437ms
[2020-10-07T09:43:29.597+0000][38832][safepoint    ] Safepoint "Cleanup", Time since last: 1141336500 ns, Reaching safepoint: 160900 ns, At safepoint: 7600 ns, Total: 168500 ns
[2020-10-07T09:43:30.008+0000][38832][safepoint    ] Safepoint "ICBufferFull", Time since last: 409494600 ns, Reaching safepoint: 347300 ns, At safepoint: 992700 ns, Total: 1340000 ns
[2020-10-07T09:43:30.210+0000][38832][gc,start     ] GC(121) Pause Young (Concurrent Start) (G1 Humongous Allocation)
[2020-10-07T09:43:30.210+0000][38832][gc,task      ] GC(121) Using 8 workers of 8 for evacuation
[2020-10-07T09:43:30.210+0000][38832][gc,age       ] GC(121) Desired survivor size 33554432 bytes, new threshold 15 (max threshold 15)
[2020-10-07T09:43:30.214+0000][38832][gc,age       ] GC(121) Age table with threshold 15 (max threshold 15)
[2020-10-07T09:43:30.214+0000][38832][gc,age       ] GC(121) - age   1:    3025912 bytes,    3025912 total
[2020-10-07T09:43:30.214+0000][38832][gc,age       ] GC(121) - age   2:       2416 bytes,    3028328 total
[2020-10-07T09:43:30.214+0000][38832][gc,age       ] GC(121) - age   3:       2904 bytes,    3031232 total
[2020-10-07T09:43:30.214+0000][38832][gc,age       ] GC(121) - age   4:      11120 bytes,    3042352 total
[2020-10-07T09:43:30.214+0000][38832][gc,age       ] GC(121) - age   5:      10360 bytes,    3052712 total
[2020-10-07T09:43:30.214+0000][38832][gc,age       ] GC(121) - age   6:        624 bytes,    3053336 total
[2020-10-07T09:43:30.214+0000][38832][gc,age       ] GC(121) - age   7:       2128 bytes,    3055464 total
[2020-10-07T09:43:30.214+0000][38832][gc,age       ] GC(121) - age   8:       1816 bytes,    3057280 total
[2020-10-07T09:43:30.214+0000][38832][gc,age       ] GC(121) - age   9:        512 bytes,    3057792 total
[2020-10-07T09:43:30.214+0000][38832][gc,age       ] GC(121) - age  10:       1720 bytes,    3059512 total
[2020-10-07T09:43:30.214+0000][38832][gc,age       ] GC(121) - age  11:      72312 bytes,    3131824 total
[2020-10-07T09:43:30.215+0000][38832][gc,age       ] GC(121) - age  12:        960 bytes,    3132784 total
[2020-10-07T09:43:30.215+0000][38832][gc,age       ] GC(121) - age  13:       1088 bytes,    3133872 total
[2020-10-07T09:43:30.215+0000][38832][gc,age       ] GC(121) - age  14:       5976 bytes,    3139848 total
[2020-10-07T09:43:30.215+0000][38832][gc,age       ] GC(121) - age  15:       2048 bytes,    3141896 total
[2020-10-07T09:43:30.215+0000][38832][gc,phases    ] GC(121)   Pre Evacuate Collection Set: 0.4ms
[2020-10-07T09:43:30.215+0000][38832][gc,phases    ] GC(121)   Merge Heap Roots: 0.1ms
[2020-10-07T09:43:30.215+0000][38832][gc,phases    ] GC(121)   Evacuate Collection Set: 2.3ms
[2020-10-07T09:43:30.215+0000][38832][gc,phases    ] GC(121)   Post Evacuate Collection Set: 1.1ms
[2020-10-07T09:43:30.215+0000][38832][gc,phases    ] GC(121)   Other: 1.0ms
[2020-10-07T09:43:30.215+0000][38832][gc,heap      ] GC(121) Eden regions: 99->0(504)
[2020-10-07T09:43:30.215+0000][38832][gc,heap      ] GC(121) Survivor regions: 4->4(64)
[2020-10-07T09:43:30.215+0000][38832][gc,heap      ] GC(121) Old regions: 77->77
[2020-10-07T09:43:30.215+0000][38832][gc,heap      ] GC(121) Archive regions: 0->0
[2020-10-07T09:43:30.215+0000][38832][gc,heap      ] GC(121) Humongous regions: 324->174
[2020-10-07T09:43:30.215+0000][38832][gc,metaspace ] GC(121) Metaspace: 86341K(92416K)->86341K(92416K) NonClass: 75164K(78848K)->75164K(78848K) Class: 11176K(13568K)->11176K(13568K)
[2020-10-07T09:43:30.215+0000][38832][gc           ] GC(121) Pause Young (Concurrent Start) (G1 Humongous Allocation) 502M->253M(1024M) 5.357ms
[2020-10-07T09:43:30.215+0000][38832][gc,cpu       ] GC(121) User=0.00s Sys=0.00s Real=0.00s
[2020-10-07T09:43:30.215+0000][38832][gc           ] GC(122) Concurrent Cycle
[2020-10-07T09:43:30.215+0000][38832][safepoint    ] Safepoint "G1TryInitiateConcMark", Time since last: 201541600 ns, Reaching safepoint: 312200 ns, At safepoint: 5596500 ns, Total: 5908700 ns
[2020-10-07T09:43:30.215+0000][38832][gc,marking   ] GC(122) Concurrent Clear Claimed Marks
[2020-10-07T09:43:30.216+0000][38832][gc,marking   ] GC(122) Concurrent Clear Claimed Marks 0.413ms
[2020-10-07T09:43:30.216+0000][38832][gc,marking   ] GC(122) Concurrent Scan Root Regions
[2020-10-07T09:43:30.217+0000][38832][gc,marking   ] GC(122) Concurrent Scan Root Regions 1.410ms
[2020-10-07T09:43:30.217+0000][38832][gc,marking   ] GC(122) Concurrent Mark (85.423s)
[2020-10-07T09:43:30.218+0000][38832][gc,marking   ] GC(122) Concurrent Mark From Roots
[2020-10-07T09:43:30.218+0000][38832][gc,task      ] GC(122) Using 2 workers of 2 for marking
[2020-10-07T09:43:30.354+0000][38832][gc,marking   ] GC(122) Concurrent Mark From Roots 136.651ms
[2020-10-07T09:43:30.354+0000][38832][gc,marking   ] GC(122) Concurrent Preclean
[2020-10-07T09:43:30.355+0000][38832][gc,marking   ] GC(122) Concurrent Preclean 0.865ms
[2020-10-07T09:43:30.355+0000][38832][gc,marking   ] GC(122) Concurrent Mark (85.423s, 85.561s) 137.761ms
[2020-10-07T09:43:30.355+0000][38832][gc,start     ] GC(122) Pause Remark
[2020-10-07T09:43:30.361+0000][38832][gc           ] GC(122) Pause Remark 325M->325M(1024M) 5.162ms
[2020-10-07T09:43:30.361+0000][38832][gc,cpu       ] GC(122) User=0.00s Sys=0.00s Real=0.01s
[2020-10-07T09:43:30.361+0000][38832][safepoint    ] Safepoint "G1Concurrent", Time since last: 139883500 ns, Reaching safepoint: 401300 ns, At safepoint: 5494100 ns, Total: 5895400 ns
[2020-10-07T09:43:30.361+0000][38832][gc,marking   ] GC(122) Concurrent Rebuild Remembered Sets
[2020-10-07T09:43:30.453+0000][38832][gc,marking   ] GC(122) Concurrent Rebuild Remembered Sets 92.290ms
[2020-10-07T09:43:30.454+0000][38832][gc,start     ] GC(122) Pause Cleanup
[2020-10-07T09:43:30.454+0000][38832][gc           ] GC(122) Pause Cleanup 327M->327M(1024M) 0.333ms
[2020-10-07T09:43:30.454+0000][38832][gc,cpu       ] GC(122) User=0.00s Sys=0.00s Real=0.00s
[2020-10-07T09:43:30.454+0000][38832][safepoint    ] Safepoint "G1Concurrent", Time since last: 92506800 ns, Reaching safepoint: 190300 ns, At safepoint: 564800 ns, Total: 755100 ns
[2020-10-07T09:43:30.454+0000][38832][gc,marking   ] GC(122) Concurrent Cleanup for Next Mark
[2020-10-07T09:43:30.456+0000][38832][gc,marking   ] GC(122) Concurrent Cleanup for Next Mark 2.039ms
[2020-10-07T09:43:30.456+0000][38832][gc           ] GC(122) Concurrent Cycle 241.367ms
[2020-10-07T09:43:31.236+0000][38832][safepoint    ] Safepoint "ICBufferFull", Time since last: 780942000 ns, Reaching safepoint: 325900 ns, At safepoint: 567600 ns, Total: 893500 ns
[2020-10-07T09:43:31.243+0000][38832][gc,start     ] GC(123) Pause Young (Concurrent Start) (G1 Humongous Allocation)
[2020-10-07T09:43:31.243+0000][38832][gc,task      ] GC(123) Using 8 workers of 8 for evacuation
[2020-10-07T09:43:31.243+0000][38832][gc,age       ] GC(123) Desired survivor size 33554432 bytes, new threshold 15 (max threshold 15)
[2020-10-07T09:43:31.247+0000][38832][gc,age       ] GC(123) Age table with threshold 15 (max threshold 15)
[2020-10-07T09:43:31.247+0000][38832][gc,age       ] GC(123) - age   1:    3411496 bytes,    3411496 total
[2020-10-07T09:43:31.247+0000][38832][gc,age       ] GC(123) - age   2:     228824 bytes,    3640320 total
[2020-10-07T09:43:31.247+0000][38832][gc,age       ] GC(123) - age   3:       2064 bytes,    3642384 total
[2020-10-07T09:43:31.247+0000][38832][gc,age       ] GC(123) - age   4:       2648 bytes,    3645032 total
[2020-10-07T09:43:31.247+0000][38832][gc,age       ] GC(123) - age   5:      11056 bytes,    3656088 total
[2020-10-07T09:43:31.247+0000][38832][gc,age       ] GC(123) - age   6:      10080 bytes,    3666168 total
[2020-10-07T09:43:31.247+0000][38832][gc,age       ] GC(123) - age   7:        624 bytes,    3666792 total
[2020-10-07T09:43:31.247+0000][38832][gc,age       ] GC(123) - age   8:       2128 bytes,    3668920 total
[2020-10-07T09:43:31.247+0000][38832][gc,age       ] GC(123) - age   9:       1816 bytes,    3670736 total
[2020-10-07T09:43:31.247+0000][38832][gc,age       ] GC(123) - age  10:        512 bytes,    3671248 total
[2020-10-07T09:43:31.247+0000][38832][gc,age       ] GC(123) - age  11:       1720 bytes,    3672968 total
[2020-10-07T09:43:31.247+0000][38832][gc,age       ] GC(123) - age  12:      72152 bytes,    3745120 total
[2020-10-07T09:43:31.247+0000][38832][gc,age       ] GC(123) - age  13:        960 bytes,    3746080 total
[2020-10-07T09:43:31.247+0000][38832][gc,age       ] GC(123) - age  14:       1088 bytes,    3747168 total
[2020-10-07T09:43:31.247+0000][38832][gc,age       ] GC(123) - age  15:       5976 bytes,    3753144 total
[2020-10-07T09:43:31.248+0000][38832][gc,phases    ] GC(123)   Pre Evacuate Collection Set: 0.4ms
[2020-10-07T09:43:31.248+0000][38832][gc,phases    ] GC(123)   Merge Heap Roots: 0.1ms
[2020-10-07T09:43:31.248+0000][38832][gc,phases    ] GC(123)   Evacuate Collection Set: 2.5ms
[2020-10-07T09:43:31.248+0000][38832][gc,phases    ] GC(123)   Post Evacuate Collection Set: 0.8ms
[2020-10-07T09:43:31.248+0000][38832][gc,phases    ] GC(123)   Other: 1.1ms
[2020-10-07T09:43:31.248+0000][38832][gc,heap      ] GC(123) Eden regions: 65->0(504)
[2020-10-07T09:43:31.248+0000][38832][gc,heap      ] GC(123) Survivor regions: 4->4(64)
[2020-10-07T09:43:31.248+0000][38832][gc,heap      ] GC(123) Old regions: 77->77
[2020-10-07T09:43:31.248+0000][38832][gc,heap      ] GC(123) Archive regions: 0->0
[2020-10-07T09:43:31.248+0000][38832][gc,heap      ] GC(123) Humongous regions: 230->174
[2020-10-07T09:43:31.248+0000][38832][gc,metaspace ] GC(123) Metaspace: 86739K(92672K)->86739K(92672K) NonClass: 75562K(79104K)->75562K(79104K) Class: 11177K(13568K)->11177K(13568K)
[2020-10-07T09:43:31.248+0000][38832][gc           ] GC(123) Pause Young (Concurrent Start) (G1 Humongous Allocation) 374M->254M(1024M) 5.249ms
[2020-10-07T09:43:31.248+0000][38832][gc,cpu       ] GC(123) User=0.00s Sys=0.00s Real=0.00s
[2020-10-07T09:43:31.248+0000][38832][gc           ] GC(124) Concurrent Cycle
[2020-10-07T09:43:31.248+0000][38832][safepoint    ] Safepoint "G1TryInitiateConcMark", Time since last: 6532600 ns, Reaching safepoint: 182900 ns, At safepoint: 5498200 ns, Total: 5681100 ns
[2020-10-07T09:43:31.248+0000][38832][gc,marking   ] GC(124) Concurrent Clear Claimed Marks
[2020-10-07T09:43:31.249+0000][38832][gc,marking   ] GC(124) Concurrent Clear Claimed Marks 0.703ms
[2020-10-07T09:43:31.249+0000][38832][gc,marking   ] GC(124) Concurrent Scan Root Regions
[2020-10-07T09:43:31.251+0000][38832][gc,marking   ] GC(124) Concurrent Scan Root Regions 2.239ms
[2020-10-07T09:43:31.251+0000][38832][gc,marking   ] GC(124) Concurrent Mark (86.457s)
[2020-10-07T09:43:31.252+0000][38832][gc,marking   ] GC(124) Concurrent Mark From Roots
[2020-10-07T09:43:31.252+0000][38832][gc,task      ] GC(124) Using 2 workers of 2 for marking
[2020-10-07T09:43:31.415+0000][38832][gc,marking   ] GC(124) Concurrent Mark From Roots 163.227ms
[2020-10-07T09:43:31.415+0000][38832][gc,marking   ] GC(124) Concurrent Preclean
[2020-10-07T09:43:31.416+0000][38832][gc,marking   ] GC(124) Concurrent Preclean 0.804ms
[2020-10-07T09:43:31.416+0000][38832][gc,marking   ] GC(124) Concurrent Mark (86.457s, 86.622s) 164.275ms
[2020-10-07T09:43:31.416+0000][38832][gc,start     ] GC(124) Pause Remark
[2020-10-07T09:43:31.421+0000][38832][gc           ] GC(124) Pause Remark 343M->343M(1024M) 5.432ms
[2020-10-07T09:43:31.422+0000][38832][gc,cpu       ] GC(124) User=0.00s Sys=0.00s Real=0.01s
[2020-10-07T09:43:31.422+0000][38832][safepoint    ] Safepoint "G1Concurrent", Time since last: 167570000 ns, Reaching safepoint: 185600 ns, At safepoint: 5709600 ns, Total: 5895200 ns
[2020-10-07T09:43:31.422+0000][38832][gc,marking   ] GC(124) Concurrent Rebuild Remembered Sets
[2020-10-07T09:43:31.516+0000][38832][gc,marking   ] GC(124) Concurrent Rebuild Remembered Sets 94.388ms
[2020-10-07T09:43:31.517+0000][38832][gc,start     ] GC(124) Pause Cleanup
[2020-10-07T09:43:31.517+0000][38832][gc           ] GC(124) Pause Cleanup 345M->345M(1024M) 0.293ms
[2020-10-07T09:43:31.517+0000][38832][gc,cpu       ] GC(124) User=0.00s Sys=0.00s Real=0.00s
[2020-10-07T09:43:31.517+0000][38832][safepoint    ] Safepoint "G1Concurrent", Time since last: 94789800 ns, Reaching safepoint: 187600 ns, At safepoint: 787200 ns, Total: 974800 ns
[2020-10-07T09:43:31.518+0000][38832][gc,marking   ] GC(124) Concurrent Cleanup for Next Mark
[2020-10-07T09:43:31.519+0000][38832][gc,marking   ] GC(124) Concurrent Cleanup for Next Mark 1.679ms
[2020-10-07T09:43:31.519+0000][38832][gc           ] GC(124) Concurrent Cycle 271.266ms
[2020-10-07T09:43:31.644+0000][38832][gc,start     ] GC(125) Pause Young (Concurrent Start) (G1 Humongous Allocation)
[2020-10-07T09:43:31.644+0000][38832][gc,task      ] GC(125) Using 8 workers of 8 for evacuation
[2020-10-07T09:43:31.644+0000][38832][gc,age       ] GC(125) Desired survivor size 33554432 bytes, new threshold 15 (max threshold 15)
[2020-10-07T09:43:31.648+0000][38832][gc,age       ] GC(125) Age table with threshold 15 (max threshold 15)
[2020-10-07T09:43:31.649+0000][38832][gc,age       ] GC(125) - age   1:    1755440 bytes,    1755440 total
[2020-10-07T09:43:31.649+0000][38832][gc,age       ] GC(125) - age   2:     288656 bytes,    2044096 total
[2020-10-07T09:43:31.649+0000][38832][gc,age       ] GC(125) - age   3:     227888 bytes,    2271984 total
[2020-10-07T09:43:31.649+0000][38832][gc,age       ] GC(125) - age   4:       2032 bytes,    2274016 total
[2020-10-07T09:43:31.649+0000][38832][gc,age       ] GC(125) - age   5:       2648 bytes,    2276664 total
[2020-10-07T09:43:31.649+0000][38832][gc,age       ] GC(125) - age   6:      11056 bytes,    2287720 total
[2020-10-07T09:43:31.649+0000][38832][gc,age       ] GC(125) - age   7:       9984 bytes,    2297704 total
[2020-10-07T09:43:31.649+0000][38832][gc,age       ] GC(125) - age   8:        624 bytes,    2298328 total
[2020-10-07T09:43:31.649+0000][38832][gc,age       ] GC(125) - age   9:       2128 bytes,    2300456 total
[2020-10-07T09:43:31.649+0000][38832][gc,age       ] GC(125) - age  10:       1816 bytes,    2302272 total
[2020-10-07T09:43:31.649+0000][38832][gc,age       ] GC(125) - age  11:        512 bytes,    2302784 total
[2020-10-07T09:43:31.649+0000][38832][gc,age       ] GC(125) - age  12:       1720 bytes,    2304504 total
[2020-10-07T09:43:31.649+0000][38832][gc,age       ] GC(125) - age  13:      72152 bytes,    2376656 total
[2020-10-07T09:43:31.649+0000][38832][gc,age       ] GC(125) - age  14:        960 bytes,    2377616 total
[2020-10-07T09:43:31.649+0000][38832][gc,age       ] GC(125) - age  15:       1088 bytes,    2378704 total
[2020-10-07T09:43:31.649+0000][38832][gc,phases    ] GC(125)   Pre Evacuate Collection Set: 0.5ms
[2020-10-07T09:43:31.649+0000][38832][gc,phases    ] GC(125)   Merge Heap Roots: 0.1ms
[2020-10-07T09:43:31.649+0000][38832][gc,phases    ] GC(125)   Evacuate Collection Set: 2.6ms
[2020-10-07T09:43:31.649+0000][38832][gc,phases    ] GC(125)   Post Evacuate Collection Set: 0.7ms
[2020-10-07T09:43:31.649+0000][38832][gc,phases    ] GC(125)   Other: 1.4ms
[2020-10-07T09:43:31.650+0000][38832][gc,heap      ] GC(125) Eden regions: 52->0(505)
[2020-10-07T09:43:31.650+0000][38832][gc,heap      ] GC(125) Survivor regions: 4->3(64)
[2020-10-07T09:43:31.650+0000][38832][gc,heap      ] GC(125) Old regions: 77->77
[2020-10-07T09:43:31.650+0000][38832][gc,heap      ] GC(125) Archive regions: 0->0
[2020-10-07T09:43:31.650+0000][38832][gc,heap      ] GC(125) Humongous regions: 230->174
[2020-10-07T09:43:31.650+0000][38832][gc,metaspace ] GC(125) Metaspace: 86825K(92672K)->86825K(92672K) NonClass: 75643K(79104K)->75643K(79104K) Class: 11182K(13568K)->11182K(13568K)
[2020-10-07T09:43:31.650+0000][38832][gc           ] GC(125) Pause Young (Concurrent Start) (G1 Humongous Allocation) 362M->253M(1024M) 5.620ms
[2020-10-07T09:43:31.650+0000][38832][gc,cpu       ] GC(125) User=0.11s Sys=0.00s Real=0.01s
[2020-10-07T09:43:31.650+0000][38832][gc           ] GC(126) Concurrent Cycle
[2020-10-07T09:43:31.650+0000][38832][gc,marking   ] GC(126) Concurrent Clear Claimed Marks
[2020-10-07T09:43:31.651+0000][38832][safepoint    ] Safepoint "G1TryInitiateConcMark", Time since last: 126379200 ns, Reaching safepoint: 228100 ns, At safepoint: 5948600 ns, Total: 6176700 ns
[2020-10-07T09:43:31.651+0000][38832][gc,marking   ] GC(126) Concurrent Clear Claimed Marks 0.403ms
[2020-10-07T09:43:31.651+0000][38832][gc,marking   ] GC(126) Concurrent Scan Root Regions
[2020-10-07T09:43:31.652+0000][38832][gc,marking   ] GC(126) Concurrent Scan Root Regions 1.904ms
[2020-10-07T09:43:31.652+0000][38832][gc,marking   ] GC(126) Concurrent Mark (86.858s)
[2020-10-07T09:43:31.652+0000][38832][gc,marking   ] GC(126) Concurrent Mark From Roots
[2020-10-07T09:43:31.653+0000][38832][gc,task      ] GC(126) Using 2 workers of 2 for marking
[2020-10-07T09:43:31.823+0000][38832][gc,marking   ] GC(126) Concurrent Mark From Roots 170.854ms
[2020-10-07T09:43:31.823+0000][38832][gc,marking   ] GC(126) Concurrent Preclean
[2020-10-07T09:43:31.824+0000][38832][gc,marking   ] GC(126) Concurrent Preclean 0.995ms
[2020-10-07T09:43:31.825+0000][38832][gc,marking   ] GC(126) Concurrent Mark (86.858s, 87.031s) 172.085ms
[2020-10-07T09:43:31.825+0000][38832][gc,start     ] GC(126) Pause Remark
[2020-10-07T09:43:31.831+0000][38832][gc           ] GC(126) Pause Remark 330M->330M(1024M) 6.131ms
[2020-10-07T09:43:31.831+0000][38832][gc,cpu       ] GC(126) User=0.00s Sys=0.00s Real=0.01s
[2020-10-07T09:43:31.832+0000][38832][safepoint    ] Safepoint "G1Concurrent", Time since last: 174656600 ns, Reaching safepoint: 178700 ns, At safepoint: 7090000 ns, Total: 7268700 ns
[2020-10-07T09:43:31.832+0000][38832][gc,marking   ] GC(126) Concurrent Rebuild Remembered Sets
[2020-10-07T09:43:31.927+0000][38832][gc,marking   ] GC(126) Concurrent Rebuild Remembered Sets 95.168ms
[2020-10-07T09:43:31.932+0000][38832][gc,start     ] GC(126) Pause Cleanup
[2020-10-07T09:43:31.932+0000][38832][gc           ] GC(126) Pause Cleanup 339M->339M(1024M) 0.449ms
[2020-10-07T09:43:31.932+0000][38832][gc,cpu       ] GC(126) User=0.00s Sys=0.00s Real=0.00s
[2020-10-07T09:43:31.932+0000][38832][safepoint    ] Safepoint "G1Concurrent", Time since last: 95412500 ns, Reaching safepoint: 4460000 ns, At safepoint: 689800 ns, Total: 5149800 ns
[2020-10-07T09:43:31.932+0000][38832][gc,marking   ] GC(126) Concurrent Cleanup for Next Mark
[2020-10-07T09:43:31.935+0000][38832][gc,marking   ] GC(126) Concurrent Cleanup for Next Mark 2.389ms
[2020-10-07T09:43:31.935+0000][38832][gc           ] GC(126) Concurrent Cycle 285.233ms
[2020-10-07T09:43:31.988+0000][38832][gc,start     ] GC(127) Pause Young (Concurrent Start) (G1 Humongous Allocation)
[2020-10-07T09:43:31.988+0000][38832][gc,task      ] GC(127) Using 8 workers of 8 for evacuation
[2020-10-07T09:43:31.988+0000][38832][gc,age       ] GC(127) Desired survivor size 33554432 bytes, new threshold 15 (max threshold 15)
[2020-10-07T09:43:31.993+0000][38832][gc,age       ] GC(127) Age table with threshold 15 (max threshold 15)
[2020-10-07T09:43:31.993+0000][38832][gc,age       ] GC(127) - age   1:    2692424 bytes,    2692424 total
[2020-10-07T09:43:31.993+0000][38832][gc,age       ] GC(127) - age   2:      60728 bytes,    2753152 total
[2020-10-07T09:43:31.993+0000][38832][gc,age       ] GC(127) - age   3:     286184 bytes,    3039336 total
[2020-10-07T09:43:31.993+0000][38832][gc,age       ] GC(127) - age   4:     227696 bytes,    3267032 total
[2020-10-07T09:43:31.993+0000][38832][gc,age       ] GC(127) - age   5:       1936 bytes,    3268968 total
[2020-10-07T09:43:31.993+0000][38832][gc,age       ] GC(127) - age   6:       2648 bytes,    3271616 total
[2020-10-07T09:43:31.993+0000][38832][gc,age       ] GC(127) - age   7:      11056 bytes,    3282672 total
[2020-10-07T09:43:31.993+0000][38832][gc,age       ] GC(127) - age   8:       9984 bytes,    3292656 total
[2020-10-07T09:43:31.993+0000][38832][gc,age       ] GC(127) - age   9:        624 bytes,    3293280 total
[2020-10-07T09:43:31.993+0000][38832][gc,age       ] GC(127) - age  10:       2128 bytes,    3295408 total
[2020-10-07T09:43:31.993+0000][38832][gc,age       ] GC(127) - age  11:       1752 bytes,    3297160 total
[2020-10-07T09:43:31.993+0000][38832][gc,age       ] GC(127) - age  12:        480 bytes,    3297640 total
[2020-10-07T09:43:31.993+0000][38832][gc,age       ] GC(127) - age  13:       1656 bytes,    3299296 total
[2020-10-07T09:43:31.993+0000][38832][gc,age       ] GC(127) - age  14:      71960 bytes,    3371256 total
[2020-10-07T09:43:31.993+0000][38832][gc,age       ] GC(127) - age  15:        960 bytes,    3372216 total
[2020-10-07T09:43:31.993+0000][38832][gc,phases    ] GC(127)   Pre Evacuate Collection Set: 0.4ms
[2020-10-07T09:43:31.993+0000][38832][gc,phases    ] GC(127)   Merge Heap Roots: 0.1ms
[2020-10-07T09:43:31.993+0000][38832][gc,phases    ] GC(127)   Evacuate Collection Set: 2.8ms
[2020-10-07T09:43:31.993+0000][38832][gc,phases    ] GC(127)   Post Evacuate Collection Set: 0.7ms
[2020-10-07T09:43:31.994+0000][38832][gc,phases    ] GC(127)   Other: 1.2ms
[2020-10-07T09:43:31.994+0000][38832][gc,heap      ] GC(127) Eden regions: 55->0(505)
[2020-10-07T09:43:31.994+0000][38832][gc,heap      ] GC(127) Survivor regions: 3->4(64)
[2020-10-07T09:43:31.994+0000][38832][gc,heap      ] GC(127) Old regions: 77->77
[2020-10-07T09:43:31.994+0000][38832][gc,heap      ] GC(127) Archive regions: 0->0
[2020-10-07T09:43:31.994+0000][38832][gc,heap      ] GC(127) Humongous regions: 230->174
[2020-10-07T09:43:31.994+0000][38832][gc,metaspace ] GC(127) Metaspace: 86891K(92928K)->86891K(92928K) NonClass: 75709K(79360K)->75709K(79360K) Class: 11182K(13568K)->11182K(13568K)
[2020-10-07T09:43:31.994+0000][38832][gc           ] GC(127) Pause Young (Concurrent Start) (G1 Humongous Allocation) 363M->254M(1024M) 5.860ms
[2020-10-07T09:43:31.994+0000][38832][gc,cpu       ] GC(127) User=0.11s Sys=0.00s Real=0.01s
[2020-10-07T09:43:31.994+0000][38832][gc           ] GC(128) Concurrent Cycle
[2020-10-07T09:43:31.994+0000][38832][safepoint    ] Safepoint "G1TryInitiateConcMark", Time since last: 55391600 ns, Reaching safepoint: 223400 ns, At safepoint: 6138000 ns, Total: 6361400 ns
[2020-10-07T09:43:31.994+0000][38832][gc,marking   ] GC(128) Concurrent Clear Claimed Marks
[2020-10-07T09:43:31.995+0000][38832][safepoint    ] Safepoint "G1TryInitiateConcMark", Time since last: 196400 ns, Reaching safepoint: 243300 ns, At safepoint: 30700 ns, Total: 274000 ns
[2020-10-07T09:43:31.995+0000][38832][gc,marking   ] GC(128) Concurrent Clear Claimed Marks 0.524ms
[2020-10-07T09:43:31.995+0000][38832][gc,marking   ] GC(128) Concurrent Scan Root Regions
[2020-10-07T09:43:31.998+0000][38832][gc,marking   ] GC(128) Concurrent Scan Root Regions 3.060ms
[2020-10-07T09:43:31.998+0000][38832][gc,marking   ] GC(128) Concurrent Mark (87.204s)
[2020-10-07T09:43:31.998+0000][38832][gc,marking   ] GC(128) Concurrent Mark From Roots
[2020-10-07T09:43:31.998+0000][38832][gc,task      ] GC(128) Using 2 workers of 2 for marking
[2020-10-07T09:43:32.169+0000][38832][gc,marking   ] GC(128) Concurrent Mark From Roots 170.621ms
[2020-10-07T09:43:32.169+0000][38832][gc,marking   ] GC(128) Concurrent Preclean
[2020-10-07T09:43:32.169+0000][38832][gc,marking   ] GC(128) Concurrent Preclean 0.768ms
[2020-10-07T09:43:32.170+0000][38832][gc,marking   ] GC(128) Concurrent Mark (87.204s, 87.376s) 171.633ms
[2020-10-07T09:43:32.171+0000][38832][gc,start     ] GC(128) Pause Remark
[2020-10-07T09:43:32.177+0000][38832][gc           ] GC(128) Pause Remark 324M->324M(1024M) 5.897ms
[2020-10-07T09:43:32.177+0000][38832][gc,cpu       ] GC(128) User=0.00s Sys=0.00s Real=0.01s
[2020-10-07T09:43:32.177+0000][38832][safepoint    ] Safepoint "G1Concurrent", Time since last: 175052700 ns, Reaching safepoint: 1053800 ns, At safepoint: 6225300 ns, Total: 7279100 ns
[2020-10-07T09:43:32.177+0000][38832][gc,marking   ] GC(128) Concurrent Rebuild Remembered Sets
[2020-10-07T09:43:32.275+0000][38832][gc,marking   ] GC(128) Concurrent Rebuild Remembered Sets 97.706ms
[2020-10-07T09:43:32.275+0000][38832][gc,start     ] GC(128) Pause Cleanup
[2020-10-07T09:43:32.275+0000][38832][gc           ] GC(128) Pause Cleanup 331M->331M(1024M) 0.415ms
[2020-10-07T09:43:32.276+0000][38832][gc,cpu       ] GC(128) User=0.00s Sys=0.00s Real=0.00s
[2020-10-07T09:43:32.276+0000][38832][safepoint    ] Safepoint "G1Concurrent", Time since last: 97940900 ns, Reaching safepoint: 165100 ns, At safepoint: 668500 ns, Total: 833600 ns
[2020-10-07T09:43:32.276+0000][38832][gc,marking   ] GC(128) Concurrent Cleanup for Next Mark
[2020-10-07T09:43:32.278+0000][38832][gc,marking   ] GC(128) Concurrent Cleanup for Next Mark 1.736ms
[2020-10-07T09:43:32.278+0000][38832][gc           ] GC(128) Concurrent Cycle 283.648ms
[2020-10-07T09:43:32.361+0000][38832][gc,start     ] GC(129) Pause Young (Concurrent Start) (G1 Humongous Allocation)
[2020-10-07T09:43:32.361+0000][38832][gc,task      ] GC(129) Using 8 workers of 8 for evacuation
[2020-10-07T09:43:32.361+0000][38832][gc,age       ] GC(129) Desired survivor size 33554432 bytes, new threshold 15 (max threshold 15)
[2020-10-07T09:43:32.366+0000][38832][gc,age       ] GC(129) Age table with threshold 15 (max threshold 15)
[2020-10-07T09:43:32.366+0000][38832][gc,age       ] GC(129) - age   1:    2279528 bytes,    2279528 total
[2020-10-07T09:43:32.366+0000][38832][gc,age       ] GC(129) - age   2:       8872 bytes,    2288400 total
[2020-10-07T09:43:32.366+0000][38832][gc,age       ] GC(129) - age   3:      59896 bytes,    2348296 total
[2020-10-07T09:43:32.366+0000][38832][gc,age       ] GC(129) - age   4:     284504 bytes,    2632800 total
[2020-10-07T09:43:32.366+0000][38832][gc,age       ] GC(129) - age   5:     227664 bytes,    2860464 total
[2020-10-07T09:43:32.366+0000][38832][gc,age       ] GC(129) - age   6:       1936 bytes,    2862400 total
[2020-10-07T09:43:32.366+0000][38832][gc,age       ] GC(129) - age   7:       2648 bytes,    2865048 total
[2020-10-07T09:43:32.366+0000][38832][gc,age       ] GC(129) - age   8:      11056 bytes,    2876104 total
[2020-10-07T09:43:32.366+0000][38832][gc,age       ] GC(129) - age   9:       9952 bytes,    2886056 total
[2020-10-07T09:43:32.366+0000][38832][gc,age       ] GC(129) - age  10:        624 bytes,    2886680 total
[2020-10-07T09:43:32.366+0000][38832][gc,age       ] GC(129) - age  11:       2128 bytes,    2888808 total
[2020-10-07T09:43:32.366+0000][38832][gc,age       ] GC(129) - age  12:       1752 bytes,    2890560 total
[2020-10-07T09:43:32.366+0000][38832][gc,age       ] GC(129) - age  13:        480 bytes,    2891040 total
[2020-10-07T09:43:32.366+0000][38832][gc,age       ] GC(129) - age  14:       1656 bytes,    2892696 total
[2020-10-07T09:43:32.366+0000][38832][gc,age       ] GC(129) - age  15:      71928 bytes,    2964624 total
[2020-10-07T09:43:32.367+0000][38832][gc,phases    ] GC(129)   Pre Evacuate Collection Set: 0.6ms
[2020-10-07T09:43:32.367+0000][38832][gc,phases    ] GC(129)   Merge Heap Roots: 0.1ms
[2020-10-07T09:43:32.367+0000][38832][gc,phases    ] GC(129)   Evacuate Collection Set: 2.6ms
[2020-10-07T09:43:32.367+0000][38832][gc,phases    ] GC(129)   Post Evacuate Collection Set: 0.8ms
[2020-10-07T09:43:32.367+0000][38832][gc,phases    ] GC(129)   Other: 1.3ms
[2020-10-07T09:43:32.367+0000][38832][gc,heap      ] GC(129) Eden regions: 56->0(506)
[2020-10-07T09:43:32.367+0000][38832][gc,heap      ] GC(129) Survivor regions: 4->3(64)
[2020-10-07T09:43:32.367+0000][38832][gc,heap      ] GC(129) Old regions: 77->77
[2020-10-07T09:43:32.367+0000][38832][gc,heap      ] GC(129) Archive regions: 0->0
[2020-10-07T09:43:32.367+0000][38832][gc,heap      ] GC(129) Humongous regions: 230->174
[2020-10-07T09:43:32.367+0000][38832][gc,metaspace ] GC(129) Metaspace: 86923K(92928K)->86923K(92928K) NonClass: 75740K(79360K)->75740K(79360K) Class: 11182K(13568K)->11182K(13568K)
[2020-10-07T09:43:32.367+0000][38832][gc           ] GC(129) Pause Young (Concurrent Start) (G1 Humongous Allocation) 365M->253M(1024M) 5.888ms
[2020-10-07T09:43:32.367+0000][38832][gc,cpu       ] GC(129) User=0.03s Sys=0.02s Real=0.01s
[2020-10-07T09:43:32.367+0000][38832][gc           ] GC(130) Concurrent Cycle
[2020-10-07T09:43:32.367+0000][38832][gc,marking   ] GC(130) Concurrent Clear Claimed Marks
[2020-10-07T09:43:32.368+0000][38832][gc,marking   ] GC(130) Concurrent Clear Claimed Marks 0.340ms
[2020-10-07T09:43:32.368+0000][38832][gc,marking   ] GC(130) Concurrent Scan Root Regions
[2020-10-07T09:43:32.370+0000][38832][gc,marking   ] GC(130) Concurrent Scan Root Regions 1.858ms
[2020-10-07T09:43:32.370+0000][38832][gc,marking   ] GC(130) Concurrent Mark (87.576s)
[2020-10-07T09:43:32.370+0000][38832][gc,marking   ] GC(130) Concurrent Mark From Roots
[2020-10-07T09:43:32.370+0000][38832][gc,task      ] GC(130) Using 2 workers of 2 for marking
[2020-10-07T09:43:32.370+0000][38832][safepoint    ] Safepoint "G1TryInitiateConcMark", Time since last: 85157400 ns, Reaching safepoint: 267400 ns, At safepoint: 8744000 ns, Total: 9011400 ns
[2020-10-07T09:43:32.545+0000][38832][gc,marking   ] GC(130) Concurrent Mark From Roots 175.155ms
[2020-10-07T09:43:32.545+0000][38832][gc,marking   ] GC(130) Concurrent Preclean
[2020-10-07T09:43:32.546+0000][38832][gc,marking   ] GC(130) Concurrent Preclean 0.970ms
[2020-10-07T09:43:32.546+0000][38832][gc,marking   ] GC(130) Concurrent Mark (87.576s, 87.752s) 176.361ms
[2020-10-07T09:43:32.547+0000][38832][gc,start     ] GC(130) Pause Remark
[2020-10-07T09:43:32.553+0000][38832][gc           ] GC(130) Pause Remark 314M->314M(1024M) 5.838ms
[2020-10-07T09:43:32.553+0000][38832][gc,cpu       ] GC(130) User=0.02s Sys=0.00s Real=0.01s
[2020-10-07T09:43:32.553+0000][38832][safepoint    ] Safepoint "G1Concurrent", Time since last: 176266700 ns, Reaching safepoint: 280400 ns, At safepoint: 6112200 ns, Total: 6392600 ns
[2020-10-07T09:43:32.553+0000][38832][gc,marking   ] GC(130) Concurrent Rebuild Remembered Sets
[2020-10-07T09:43:32.648+0000][38832][gc,marking   ] GC(130) Concurrent Rebuild Remembered Sets 95.089ms
[2020-10-07T09:43:32.648+0000][38832][gc,start     ] GC(130) Pause Cleanup
[2020-10-07T09:43:32.648+0000][38832][gc           ] GC(130) Pause Cleanup 341M->341M(1024M) 0.347ms
[2020-10-07T09:43:32.649+0000][38832][gc,cpu       ] GC(130) User=0.00s Sys=0.00s Real=0.00s
[2020-10-07T09:43:32.649+0000][38832][safepoint    ] Safepoint "G1Concurrent", Time since last: 95286600 ns, Reaching safepoint: 233400 ns, At safepoint: 594300 ns, Total: 827700 ns
[2020-10-07T09:43:32.649+0000][38832][gc,marking   ] GC(130) Concurrent Cleanup for Next Mark
[2020-10-07T09:43:32.651+0000][38832][gc,marking   ] GC(130) Concurrent Cleanup for Next Mark 1.955ms
[2020-10-07T09:43:32.651+0000][38832][gc           ] GC(130) Concurrent Cycle 283.594ms
[2020-10-07T09:43:32.660+0000][38832][gc,start     ] GC(131) Pause Young (Concurrent Start) (G1 Humongous Allocation)
[2020-10-07T09:43:32.660+0000][38832][gc,task      ] GC(131) Using 8 workers of 8 for evacuation
[2020-10-07T09:43:32.660+0000][38832][gc,age       ] GC(131) Desired survivor size 33554432 bytes, new threshold 15 (max threshold 15)
[2020-10-07T09:43:32.665+0000][38832][gc,age       ] GC(131) Age table with threshold 15 (max threshold 15)
[2020-10-07T09:43:32.665+0000][38832][gc,age       ] GC(131) - age   1:    2133216 bytes,    2133216 total
[2020-10-07T09:43:32.665+0000][38832][gc,age       ] GC(131) - age   2:       3504 bytes,    2136720 total
[2020-10-07T09:43:32.665+0000][38832][gc,age       ] GC(131) - age   3:       8104 bytes,    2144824 total
[2020-10-07T09:43:32.665+0000][38832][gc,age       ] GC(131) - age   4:      58800 bytes,    2203624 total
[2020-10-07T09:43:32.665+0000][38832][gc,age       ] GC(131) - age   5:     283960 bytes,    2487584 total
[2020-10-07T09:43:32.665+0000][38832][gc,age       ] GC(131) - age   6:     227632 bytes,    2715216 total
[2020-10-07T09:43:32.665+0000][38832][gc,age       ] GC(131) - age   7:       1936 bytes,    2717152 total
[2020-10-07T09:43:32.665+0000][38832][gc,age       ] GC(131) - age   8:       2648 bytes,    2719800 total
[2020-10-07T09:43:32.665+0000][38832][gc,age       ] GC(131) - age   9:      11024 bytes,    2730824 total
[2020-10-07T09:43:32.665+0000][38832][gc,age       ] GC(131) - age  10:       9952 bytes,    2740776 total
[2020-10-07T09:43:32.665+0000][38832][gc,age       ] GC(131) - age  11:        560 bytes,    2741336 total
[2020-10-07T09:43:32.665+0000][38832][gc,age       ] GC(131) - age  12:       2128 bytes,    2743464 total
[2020-10-07T09:43:32.665+0000][38832][gc,age       ] GC(131) - age  13:       1752 bytes,    2745216 total
[2020-10-07T09:43:32.665+0000][38832][gc,age       ] GC(131) - age  14:        448 bytes,    2745664 total
[2020-10-07T09:43:32.665+0000][38832][gc,age       ] GC(131) - age  15:       1656 bytes,    2747320 total
[2020-10-07T09:43:32.666+0000][38832][gc,phases    ] GC(131)   Pre Evacuate Collection Set: 0.5ms
[2020-10-07T09:43:32.666+0000][38832][gc,phases    ] GC(131)   Merge Heap Roots: 0.1ms
[2020-10-07T09:43:32.666+0000][38832][gc,phases    ] GC(131)   Evacuate Collection Set: 3.0ms
[2020-10-07T09:43:32.666+0000][38832][gc,phases    ] GC(131)   Post Evacuate Collection Set: 0.7ms
[2020-10-07T09:43:32.666+0000][38832][gc,phases    ] GC(131)   Other: 1.2ms
[2020-10-07T09:43:32.666+0000][38832][gc,heap      ] GC(131) Eden regions: 53->0(506)
[2020-10-07T09:43:32.667+0000][38832][gc,heap      ] GC(131) Survivor regions: 3->3(64)
[2020-10-07T09:43:32.667+0000][38832][gc,heap      ] GC(131) Old regions: 77->77
[2020-10-07T09:43:32.667+0000][38832][gc,heap      ] GC(131) Archive regions: 0->0
[2020-10-07T09:43:32.667+0000][38832][gc,heap      ] GC(131) Humongous regions: 230->174
[2020-10-07T09:43:32.667+0000][38832][gc,metaspace ] GC(131) Metaspace: 87004K(92928K)->87004K(92928K) NonClass: 75821K(79360K)->75821K(79360K) Class: 11182K(13568K)->11182K(13568K)
[2020-10-07T09:43:32.667+0000][38832][gc           ] GC(131) Pause Young (Concurrent Start) (G1 Humongous Allocation) 362M->253M(1024M) 6.017ms
[2020-10-07T09:43:32.667+0000][38832][gc,cpu       ] GC(131) User=0.09s Sys=0.00s Real=0.01s
[2020-10-07T09:43:32.667+0000][38832][gc           ] GC(132) Concurrent Cycle
[2020-10-07T09:43:32.667+0000][38832][gc,marking   ] GC(132) Concurrent Clear Claimed Marks
[2020-10-07T09:43:32.667+0000][38832][safepoint    ] Safepoint "G1TryInitiateConcMark", Time since last: 11151500 ns, Reaching safepoint: 214200 ns, At safepoint: 6305500 ns, Total: 6519700 ns
[2020-10-07T09:43:32.667+0000][38832][gc,marking   ] GC(132) Concurrent Clear Claimed Marks 0.390ms
[2020-10-07T09:43:32.667+0000][38832][gc,marking   ] GC(132) Concurrent Scan Root Regions
[2020-10-07T09:43:32.669+0000][38832][gc,marking   ] GC(132) Concurrent Scan Root Regions 2.178ms
[2020-10-07T09:43:32.669+0000][38832][gc,marking   ] GC(132) Concurrent Mark (87.875s)
[2020-10-07T09:43:32.669+0000][38832][gc,marking   ] GC(132) Concurrent Mark From Roots
[2020-10-07T09:43:32.669+0000][38832][gc,task      ] GC(132) Using 2 workers of 2 for marking
[2020-10-07T09:43:32.846+0000][38832][gc,marking   ] GC(132) Concurrent Mark From Roots 176.486ms
[2020-10-07T09:43:32.846+0000][38832][gc,marking   ] GC(132) Concurrent Preclean
[2020-10-07T09:43:32.847+0000][38832][gc,marking   ] GC(132) Concurrent Preclean 0.985ms
[2020-10-07T09:43:32.847+0000][38832][gc,marking   ] GC(132) Concurrent Mark (87.875s, 88.053s) 177.695ms
[2020-10-07T09:43:32.847+0000][38832][gc,start     ] GC(132) Pause Remark
[2020-10-07T09:43:32.853+0000][38832][gc           ] GC(132) Pause Remark 368M->368M(1024M) 6.333ms
[2020-10-07T09:43:32.853+0000][38832][gc,cpu       ] GC(132) User=0.11s Sys=0.00s Real=0.01s
[2020-10-07T09:43:32.854+0000][38832][safepoint    ] Safepoint "G1Concurrent", Time since last: 180502200 ns, Reaching safepoint: 198700 ns, At safepoint: 7425000 ns, Total: 7623700 ns
[2020-10-07T09:43:32.854+0000][38832][gc,marking   ] GC(132) Concurrent Rebuild Remembered Sets
[2020-10-07T09:43:32.953+0000][38832][gc,marking   ] GC(132) Concurrent Rebuild Remembered Sets 98.158ms
[2020-10-07T09:43:32.953+0000][38832][gc,start     ] GC(132) Pause Cleanup
[2020-10-07T09:43:32.953+0000][38832][gc           ] GC(132) Pause Cleanup 404M->404M(1024M) 0.361ms
[2020-10-07T09:43:32.953+0000][38832][gc,cpu       ] GC(132) User=0.00s Sys=0.00s Real=0.00s
[2020-10-07T09:43:32.954+0000][38832][safepoint    ] Safepoint "G1Concurrent", Time since last: 98415600 ns, Reaching safepoint: 152100 ns, At safepoint: 651200 ns, Total: 803300 ns
[2020-10-07T09:43:32.954+0000][38832][gc,marking   ] GC(132) Concurrent Cleanup for Next Mark
[2020-10-07T09:43:32.955+0000][38832][gc,marking   ] GC(132) Concurrent Cleanup for Next Mark 1.692ms
[2020-10-07T09:43:32.955+0000][38832][gc           ] GC(132) Concurrent Cycle 289.299ms
[2020-10-07T09:43:33.064+0000][38832][gc,start     ] GC(133) Pause Young (Concurrent Start) (G1 Humongous Allocation)
[2020-10-07T09:43:33.064+0000][38832][gc,task      ] GC(133) Using 8 workers of 8 for evacuation
[2020-10-07T09:43:33.064+0000][38832][gc,age       ] GC(133) Desired survivor size 33554432 bytes, new threshold 15 (max threshold 15)
[2020-10-07T09:43:33.069+0000][38832][gc,age       ] GC(133) Age table with threshold 15 (max threshold 15)
[2020-10-07T09:43:33.069+0000][38832][gc,age       ] GC(133) - age   1:    1296000 bytes,    1296000 total
[2020-10-07T09:43:33.069+0000][38832][gc,age       ] GC(133) - age   2:       4224 bytes,    1300224 total
[2020-10-07T09:43:33.069+0000][38832][gc,age       ] GC(133) - age   3:       2440 bytes,    1302664 total
[2020-10-07T09:43:33.069+0000][38832][gc,age       ] GC(133) - age   4:       7688 bytes,    1310352 total
[2020-10-07T09:43:33.069+0000][38832][gc,age       ] GC(133) - age   5:      58736 bytes,    1369088 total
[2020-10-07T09:43:33.069+0000][38832][gc,age       ] GC(133) - age   6:     282584 bytes,    1651672 total
[2020-10-07T09:43:33.069+0000][38832][gc,age       ] GC(133) - age   7:     227632 bytes,    1879304 total
[2020-10-07T09:43:33.069+0000][38832][gc,age       ] GC(133) - age   8:       1936 bytes,    1881240 total
[2020-10-07T09:43:33.069+0000][38832][gc,age       ] GC(133) - age   9:       2648 bytes,    1883888 total
[2020-10-07T09:43:33.069+0000][38832][gc,age       ] GC(133) - age  10:      11024 bytes,    1894912 total
[2020-10-07T09:43:33.070+0000][38832][gc,age       ] GC(133) - age  11:       9952 bytes,    1904864 total
[2020-10-07T09:43:33.070+0000][38832][gc,age       ] GC(133) - age  12:        528 bytes,    1905392 total
[2020-10-07T09:43:33.070+0000][38832][gc,age       ] GC(133) - age  13:       2128 bytes,    1907520 total
[2020-10-07T09:43:33.070+0000][38832][gc,age       ] GC(133) - age  14:       1752 bytes,    1909272 total
[2020-10-07T09:43:33.070+0000][38832][gc,age       ] GC(133) - age  15:        416 bytes,    1909688 total
[2020-10-07T09:43:33.070+0000][38832][gc,phases    ] GC(133)   Pre Evacuate Collection Set: 0.7ms
[2020-10-07T09:43:33.070+0000][38832][gc,phases    ] GC(133)   Merge Heap Roots: 0.1ms
[2020-10-07T09:43:33.070+0000][38832][gc,phases    ] GC(133)   Evacuate Collection Set: 2.5ms
[2020-10-07T09:43:33.070+0000][38832][gc,phases    ] GC(133)   Post Evacuate Collection Set: 0.9ms
[2020-10-07T09:43:33.070+0000][38832][gc,phases    ] GC(133)   Other: 2.0ms
[2020-10-07T09:43:33.070+0000][38832][gc,heap      ] GC(133) Eden regions: 89->0(508)
[2020-10-07T09:43:33.070+0000][38832][gc,heap      ] GC(133) Survivor regions: 3->2(64)
[2020-10-07T09:43:33.070+0000][38832][gc,heap      ] GC(133) Old regions: 77->77
[2020-10-07T09:43:33.070+0000][38832][gc,heap      ] GC(133) Archive regions: 0->0
[2020-10-07T09:43:33.070+0000][38832][gc,heap      ] GC(133) Humongous regions: 248->174
[2020-10-07T09:43:33.070+0000][38832][gc,metaspace ] GC(133) Metaspace: 87017K(92928K)->87017K(92928K) NonClass: 75834K(79360K)->75834K(79360K) Class: 11182K(13568K)->11182K(13568K)
[2020-10-07T09:43:33.070+0000][38832][gc           ] GC(133) Pause Young (Concurrent Start) (G1 Humongous Allocation) 416M->252M(1024M) 6.428ms
[2020-10-07T09:43:33.070+0000][38832][gc,cpu       ] GC(133) User=0.02s Sys=0.02s Real=0.01s
[2020-10-07T09:43:33.070+0000][38832][gc           ] GC(134) Concurrent Cycle
[2020-10-07T09:43:33.070+0000][38832][safepoint    ] Safepoint "G1TryInitiateConcMark", Time since last: 109253200 ns, Reaching safepoint: 290600 ns, At safepoint: 6752400 ns, Total: 7043000 ns
[2020-10-07T09:43:33.070+0000][38832][gc,marking   ] GC(134) Concurrent Clear Claimed Marks
[2020-10-07T09:43:33.071+0000][38832][gc,marking   ] GC(134) Concurrent Clear Claimed Marks 0.726ms
[2020-10-07T09:43:33.071+0000][38832][gc,marking   ] GC(134) Concurrent Scan Root Regions
[2020-10-07T09:43:33.073+0000][38832][gc,marking   ] GC(134) Concurrent Scan Root Regions 2.096ms
[2020-10-07T09:43:33.073+0000][38832][gc,marking   ] GC(134) Concurrent Mark (88.279s)
[2020-10-07T09:43:33.074+0000][38832][gc,marking   ] GC(134) Concurrent Mark From Roots
[2020-10-07T09:43:33.074+0000][38832][gc,task      ] GC(134) Using 2 workers of 2 for marking
[2020-10-07T09:43:33.270+0000][38832][gc,marking   ] GC(134) Concurrent Mark From Roots 195.834ms
[2020-10-07T09:43:33.270+0000][38832][gc,marking   ] GC(134) Concurrent Preclean
[2020-10-07T09:43:33.271+0000][38832][gc,marking   ] GC(134) Concurrent Preclean 0.977ms
[2020-10-07T09:43:33.271+0000][38832][gc,marking   ] GC(134) Concurrent Mark (88.279s, 88.476s) 197.063ms
[2020-10-07T09:43:33.271+0000][38832][gc,start     ] GC(134) Pause Remark
[2020-10-07T09:43:33.278+0000][38832][gc           ] GC(134) Pause Remark 324M->324M(1024M) 6.307ms
[2020-10-07T09:43:33.278+0000][38832][gc,cpu       ] GC(134) User=0.11s Sys=0.00s Real=0.01s
[2020-10-07T09:43:33.278+0000][38832][safepoint    ] Safepoint "G1Concurrent", Time since last: 200286100 ns, Reaching safepoint: 172000 ns, At safepoint: 6702000 ns, Total: 6874000 ns
[2020-10-07T09:43:33.278+0000][38832][gc,marking   ] GC(134) Concurrent Rebuild Remembered Sets
[2020-10-07T09:43:33.379+0000][38832][gc,marking   ] GC(134) Concurrent Rebuild Remembered Sets 100.935ms
[2020-10-07T09:43:33.379+0000][38832][gc,start     ] GC(134) Pause Cleanup
[2020-10-07T09:43:33.380+0000][38832][gc           ] GC(134) Pause Cleanup 332M->332M(1024M) 0.409ms
[2020-10-07T09:43:33.380+0000][38832][gc,cpu       ] GC(134) User=0.00s Sys=0.00s Real=0.00s
[2020-10-07T09:43:33.380+0000][38832][safepoint    ] Safepoint "G1Concurrent", Time since last: 101200500 ns, Reaching safepoint: 212200 ns, At safepoint: 647100 ns, Total: 859300 ns
[2020-10-07T09:43:33.380+0000][38832][gc,marking   ] GC(134) Concurrent Cleanup for Next Mark
[2020-10-07T09:43:33.382+0000][38832][gc,marking   ] GC(134) Concurrent Cleanup for Next Mark 2.104ms
[2020-10-07T09:43:33.382+0000][38832][gc           ] GC(134) Concurrent Cycle 311.564ms
[2020-10-07T09:43:33.390+0000][38832][gc,start     ] GC(135) Pause Young (Concurrent Start) (G1 Humongous Allocation)
[2020-10-07T09:43:33.390+0000][38832][gc,task      ] GC(135) Using 8 workers of 8 for evacuation
[2020-10-07T09:43:33.390+0000][38832][gc,age       ] GC(135) Desired survivor size 33554432 bytes, new threshold 15 (max threshold 15)
[2020-10-07T09:43:33.395+0000][38832][gc,age       ] GC(135) Age table with threshold 15 (max threshold 15)
[2020-10-07T09:43:33.395+0000][38832][gc,age       ] GC(135) - age   1:     762896 bytes,     762896 total
[2020-10-07T09:43:33.395+0000][38832][gc,age       ] GC(135) - age   2:       8736 bytes,     771632 total
[2020-10-07T09:43:33.395+0000][38832][gc,age       ] GC(135) - age   3:       4096 bytes,     775728 total
[2020-10-07T09:43:33.395+0000][38832][gc,age       ] GC(135) - age   4:       2080 bytes,     777808 total
[2020-10-07T09:43:33.395+0000][38832][gc,age       ] GC(135) - age   5:       7688 bytes,     785496 total
[2020-10-07T09:43:33.395+0000][38832][gc,age       ] GC(135) - age   6:      58704 bytes,     844200 total
[2020-10-07T09:43:33.395+0000][38832][gc,age       ] GC(135) - age   7:     281944 bytes,    1126144 total
[2020-10-07T09:43:33.395+0000][38832][gc,age       ] GC(135) - age   8:     227632 bytes,    1353776 total
[2020-10-07T09:43:33.395+0000][38832][gc,age       ] GC(135) - age   9:       1936 bytes,    1355712 total
[2020-10-07T09:43:33.395+0000][38832][gc,age       ] GC(135) - age  10:       2648 bytes,    1358360 total
[2020-10-07T09:43:33.395+0000][38832][gc,age       ] GC(135) - age  11:      11024 bytes,    1369384 total
[2020-10-07T09:43:33.395+0000][38832][gc,age       ] GC(135) - age  12:       9952 bytes,    1379336 total
[2020-10-07T09:43:33.395+0000][38832][gc,age       ] GC(135) - age  13:        528 bytes,    1379864 total
[2020-10-07T09:43:33.395+0000][38832][gc,age       ] GC(135) - age  14:       2128 bytes,    1381992 total
[2020-10-07T09:43:33.395+0000][38832][gc,age       ] GC(135) - age  15:       1752 bytes,    1383744 total
[2020-10-07T09:43:33.396+0000][38832][gc,phases    ] GC(135)   Pre Evacuate Collection Set: 0.4ms
[2020-10-07T09:43:33.396+0000][38832][gc,phases    ] GC(135)   Merge Heap Roots: 0.1ms
[2020-10-07T09:43:33.396+0000][38832][gc,phases    ] GC(135)   Evacuate Collection Set: 2.7ms
[2020-10-07T09:43:33.396+0000][38832][gc,phases    ] GC(135)   Post Evacuate Collection Set: 0.7ms
[2020-10-07T09:43:33.396+0000][38832][gc,phases    ] GC(135)   Other: 1.3ms
[2020-10-07T09:43:33.396+0000][38832][gc,heap      ] GC(135) Eden regions: 43->0(509)
[2020-10-07T09:43:33.396+0000][38832][gc,heap      ] GC(135) Survivor regions: 2->2(64)
[2020-10-07T09:43:33.396+0000][38832][gc,heap      ] GC(135) Old regions: 77->77
[2020-10-07T09:43:33.396+0000][38832][gc,heap      ] GC(135) Archive regions: 0->0
[2020-10-07T09:43:33.396+0000][38832][gc,heap      ] GC(135) Humongous regions: 230->174
[2020-10-07T09:43:33.396+0000][38832][gc,metaspace ] GC(135) Metaspace: 87025K(92928K)->87025K(92928K) NonClass: 75843K(79360K)->75843K(79360K) Class: 11182K(13568K)->11182K(13568K)
[2020-10-07T09:43:33.396+0000][38832][gc           ] GC(135) Pause Young (Concurrent Start) (G1 Humongous Allocation) 351M->252M(1024M) 5.852ms
[2020-10-07T09:43:33.396+0000][38832][gc,cpu       ] GC(135) User=0.00s Sys=0.00s Real=0.01s
[2020-10-07T09:43:33.396+0000][38832][gc           ] GC(136) Concurrent Cycle
[2020-10-07T09:43:33.396+0000][38832][safepoint    ] Safepoint "G1TryInitiateConcMark", Time since last: 10091700 ns, Reaching safepoint: 207900 ns, At safepoint: 6122200 ns, Total: 6330100 ns
[2020-10-07T09:43:33.396+0000][38832][gc,marking   ] GC(136) Concurrent Clear Claimed Marks
[2020-10-07T09:43:33.397+0000][38832][gc,marking   ] GC(136) Concurrent Clear Claimed Marks 0.653ms
[2020-10-07T09:43:33.397+0000][38832][gc,marking   ] GC(136) Concurrent Scan Root Regions
[2020-10-07T09:43:33.399+0000][38832][gc,marking   ] GC(136) Concurrent Scan Root Regions 1.938ms
[2020-10-07T09:43:33.399+0000][38832][gc,marking   ] GC(136) Concurrent Mark (88.605s)
[2020-10-07T09:43:33.399+0000][38832][gc,marking   ] GC(136) Concurrent Mark From Roots
[2020-10-07T09:43:33.399+0000][38832][gc,task      ] GC(136) Using 2 workers of 2 for marking
[2020-10-07T09:43:33.578+0000][38832][gc,marking   ] GC(136) Concurrent Mark From Roots 179.218ms
[2020-10-07T09:43:33.579+0000][38832][gc,marking   ] GC(136) Concurrent Preclean
[2020-10-07T09:43:33.579+0000][38832][gc,marking   ] GC(136) Concurrent Preclean 0.931ms
[2020-10-07T09:43:33.580+0000][38832][gc,marking   ] GC(136) Concurrent Mark (88.605s, 88.785s) 180.407ms
[2020-10-07T09:43:33.580+0000][38832][gc,start     ] GC(136) Pause Remark
[2020-10-07T09:43:33.586+0000][38832][gc           ] GC(136) Pause Remark 273M->273M(1024M) 6.193ms
[2020-10-07T09:43:33.586+0000][38832][gc,cpu       ] GC(136) User=0.11s Sys=0.00s Real=0.01s
[2020-10-07T09:43:33.586+0000][38832][safepoint    ] Safepoint "G1Concurrent", Time since last: 183301900 ns, Reaching safepoint: 194800 ns, At safepoint: 6491200 ns, Total: 6686000 ns
[2020-10-07T09:43:33.586+0000][38832][gc,marking   ] GC(136) Concurrent Rebuild Remembered Sets
[2020-10-07T09:43:33.692+0000][38832][gc,marking   ] GC(136) Concurrent Rebuild Remembered Sets 105.676ms
[2020-10-07T09:43:33.693+0000][38832][gc,start     ] GC(136) Pause Cleanup
[2020-10-07T09:43:33.693+0000][38832][gc           ] GC(136) Pause Cleanup 352M->352M(1024M) 0.333ms
[2020-10-07T09:43:33.693+0000][38832][gc,cpu       ] GC(136) User=0.00s Sys=0.00s Real=0.00s
[2020-10-07T09:43:33.693+0000][38832][safepoint    ] Safepoint "G1Concurrent", Time since last: 105902500 ns, Reaching safepoint: 240000 ns, At safepoint: 808800 ns, Total: 1048800 ns
[2020-10-07T09:43:33.693+0000][38832][gc,marking   ] GC(136) Concurrent Cleanup for Next Mark
[2020-10-07T09:43:33.695+0000][38832][gc,marking   ] GC(136) Concurrent Cleanup for Next Mark 1.764ms
[2020-10-07T09:43:33.695+0000][38832][gc           ] GC(136) Concurrent Cycle 298.997ms
[2020-10-07T09:43:33.868+0000][38832][gc,start     ] GC(137) Pause Young (Concurrent Start) (G1 Humongous Allocation)
[2020-10-07T09:43:33.869+0000][38832][gc,task      ] GC(137) Using 8 workers of 8 for evacuation
[2020-10-07T09:43:33.869+0000][38832][gc,age       ] GC(137) Desired survivor size 33554432 bytes, new threshold 15 (max threshold 15)
[2020-10-07T09:43:33.873+0000][38832][gc,age       ] GC(137) Age table with threshold 15 (max threshold 15)
[2020-10-07T09:43:33.873+0000][38832][gc,age       ] GC(137) - age   1:    1206344 bytes,    1206344 total
[2020-10-07T09:43:33.873+0000][38832][gc,age       ] GC(137) - age   2:       1152 bytes,    1207496 total
[2020-10-07T09:43:33.873+0000][38832][gc,age       ] GC(137) - age   3:       2104 bytes,    1209600 total
[2020-10-07T09:43:33.873+0000][38832][gc,age       ] GC(137) - age   4:       2968 bytes,    1212568 total
[2020-10-07T09:43:33.873+0000][38832][gc,age       ] GC(137) - age   5:       1952 bytes,    1214520 total
[2020-10-07T09:43:33.873+0000][38832][gc,age       ] GC(137) - age   6:       7688 bytes,    1222208 total
[2020-10-07T09:43:33.873+0000][38832][gc,age       ] GC(137) - age   7:      58704 bytes,    1280912 total
[2020-10-07T09:43:33.873+0000][38832][gc,age       ] GC(137) - age   8:     281304 bytes,    1562216 total
[2020-10-07T09:43:33.873+0000][38832][gc,age       ] GC(137) - age   9:     227600 bytes,    1789816 total
[2020-10-07T09:43:33.873+0000][38832][gc,age       ] GC(137) - age  10:       1936 bytes,    1791752 total
[2020-10-07T09:43:33.873+0000][38832][gc,age       ] GC(137) - age  11:       2648 bytes,    1794400 total
[2020-10-07T09:43:33.873+0000][38832][gc,age       ] GC(137) - age  12:      11024 bytes,    1805424 total
[2020-10-07T09:43:33.873+0000][38832][gc,age       ] GC(137) - age  13:       9952 bytes,    1815376 total
[2020-10-07T09:43:33.873+0000][38832][gc,age       ] GC(137) - age  14:        464 bytes,    1815840 total
[2020-10-07T09:43:33.873+0000][38832][gc,age       ] GC(137) - age  15:       2128 bytes,    1817968 total
[2020-10-07T09:43:33.874+0000][38832][gc,phases    ] GC(137)   Pre Evacuate Collection Set: 0.4ms
[2020-10-07T09:43:33.874+0000][38832][gc,phases    ] GC(137)   Merge Heap Roots: 0.1ms
[2020-10-07T09:43:33.874+0000][38832][gc,phases    ] GC(137)   Evacuate Collection Set: 2.5ms
[2020-10-07T09:43:33.874+0000][38832][gc,phases    ] GC(137)   Post Evacuate Collection Set: 0.8ms
[2020-10-07T09:43:33.874+0000][38832][gc,phases    ] GC(137)   Other: 1.3ms
[2020-10-07T09:43:33.874+0000][38832][gc,heap      ] GC(137) Eden regions: 72->0(509)
[2020-10-07T09:43:33.874+0000][38832][gc,heap      ] GC(137) Survivor regions: 2->2(64)
[2020-10-07T09:43:33.874+0000][38832][gc,heap      ] GC(137) Old regions: 77->77
[2020-10-07T09:43:33.874+0000][38832][gc,heap      ] GC(137) Archive regions: 0->0
[2020-10-07T09:43:33.874+0000][38832][gc,heap      ] GC(137) Humongous regions: 230->174
[2020-10-07T09:43:33.874+0000][38832][gc,metaspace ] GC(137) Metaspace: 87033K(92928K)->87033K(92928K) NonClass: 75850K(79360K)->75850K(79360K) Class: 11182K(13568K)->11182K(13568K)
[2020-10-07T09:43:33.874+0000][38832][gc           ] GC(137) Pause Young (Concurrent Start) (G1 Humongous Allocation) 380M->252M(1024M) 5.567ms
[2020-10-07T09:43:33.874+0000][38832][gc,cpu       ] GC(137) User=0.00s Sys=0.00s Real=0.01s
[2020-10-07T09:43:33.874+0000][38832][gc           ] GC(138) Concurrent Cycle
[2020-10-07T09:43:33.874+0000][38832][safepoint    ] Safepoint "G1TryInitiateConcMark", Time since last: 175431100 ns, Reaching safepoint: 227800 ns, At safepoint: 5803000 ns, Total: 6030800 ns
[2020-10-07T09:43:33.874+0000][38832][gc,marking   ] GC(138) Concurrent Clear Claimed Marks
[2020-10-07T09:43:33.875+0000][38832][gc,marking   ] GC(138) Concurrent Clear Claimed Marks 0.832ms
[2020-10-07T09:43:33.875+0000][38832][gc,marking   ] GC(138) Concurrent Scan Root Regions
[2020-10-07T09:43:33.877+0000][38832][gc,marking   ] GC(138) Concurrent Scan Root Regions 2.075ms
[2020-10-07T09:43:33.877+0000][38832][gc,marking   ] GC(138) Concurrent Mark (89.083s)
[2020-10-07T09:43:33.877+0000][38832][gc,marking   ] GC(138) Concurrent Mark From Roots
[2020-10-07T09:43:33.878+0000][38832][gc,task      ] GC(138) Using 2 workers of 2 for marking
[2020-10-07T09:43:34.034+0000][38832][gc,marking   ] GC(138) Concurrent Mark From Roots 156.091ms
[2020-10-07T09:43:34.034+0000][38832][gc,marking   ] GC(138) Concurrent Preclean
[2020-10-07T09:43:34.035+0000][38832][gc,marking   ] GC(138) Concurrent Preclean 0.955ms
[2020-10-07T09:43:34.035+0000][38832][gc,marking   ] GC(138) Concurrent Mark (89.083s, 89.241s) 157.261ms
[2020-10-07T09:43:34.035+0000][38832][gc,start     ] GC(138) Pause Remark
[2020-10-07T09:43:34.041+0000][38832][gc           ] GC(138) Pause Remark 359M->359M(1024M) 5.596ms
[2020-10-07T09:43:34.041+0000][38832][gc,cpu       ] GC(138) User=0.13s Sys=0.00s Real=0.01s
[2020-10-07T09:43:34.041+0000][38832][safepoint    ] Safepoint "G1Concurrent", Time since last: 160589200 ns, Reaching safepoint: 183700 ns, At safepoint: 5946500 ns, Total: 6130200 ns
[2020-10-07T09:43:34.041+0000][38832][gc,marking   ] GC(138) Concurrent Rebuild Remembered Sets
[2020-10-07T09:43:34.136+0000][38832][gc,marking   ] GC(138) Concurrent Rebuild Remembered Sets 95.248ms
[2020-10-07T09:43:34.137+0000][38832][gc,start     ] GC(138) Pause Cleanup
[2020-10-07T09:43:34.137+0000][38832][gc           ] GC(138) Pause Cleanup 410M->410M(1024M) 0.318ms
[2020-10-07T09:43:34.137+0000][38832][gc,cpu       ] GC(138) User=0.00s Sys=0.00s Real=0.00s
[2020-10-07T09:43:34.137+0000][38832][safepoint    ] Safepoint "G1Concurrent", Time since last: 95462800 ns, Reaching safepoint: 214100 ns, At safepoint: 530900 ns, Total: 745000 ns
[2020-10-07T09:43:34.137+0000][38832][gc,marking   ] GC(138) Concurrent Cleanup for Next Mark
[2020-10-07T09:43:34.140+0000][38832][gc,marking   ] GC(138) Concurrent Cleanup for Next Mark 2.532ms
[2020-10-07T09:43:34.140+0000][38832][gc           ] GC(138) Concurrent Cycle 265.709ms
[2020-10-07T09:43:34.140+0000][38832][gc,start     ] GC(139) Pause Young (Concurrent Start) (G1 Humongous Allocation)
[2020-10-07T09:43:34.140+0000][38832][gc,task      ] GC(139) Using 8 workers of 8 for evacuation
[2020-10-07T09:43:34.140+0000][38832][gc,age       ] GC(139) Desired survivor size 33554432 bytes, new threshold 15 (max threshold 15)
[2020-10-07T09:43:34.145+0000][38832][gc,age       ] GC(139) Age table with threshold 15 (max threshold 15)
[2020-10-07T09:43:34.145+0000][38832][gc,age       ] GC(139) - age   1:    1541848 bytes,    1541848 total
[2020-10-07T09:43:34.145+0000][38832][gc,age       ] GC(139) - age   2:       8152 bytes,    1550000 total
[2020-10-07T09:43:34.145+0000][38832][gc,age       ] GC(139) - age   3:        960 bytes,    1550960 total
[2020-10-07T09:43:34.145+0000][38832][gc,age       ] GC(139) - age   4:       1360 bytes,    1552320 total
[2020-10-07T09:43:34.145+0000][38832][gc,age       ] GC(139) - age   5:       2968 bytes,    1555288 total
[2020-10-07T09:43:34.145+0000][38832][gc,age       ] GC(139) - age   6:       1888 bytes,    1557176 total
[2020-10-07T09:43:34.145+0000][38832][gc,age       ] GC(139) - age   7:       7688 bytes,    1564864 total
[2020-10-07T09:43:34.145+0000][38832][gc,age       ] GC(139) - age   8:      58704 bytes,    1623568 total
[2020-10-07T09:43:34.145+0000][38832][gc,age       ] GC(139) - age   9:     279704 bytes,    1903272 total
[2020-10-07T09:43:34.145+0000][38832][gc,age       ] GC(139) - age  10:     227504 bytes,    2130776 total
[2020-10-07T09:43:34.145+0000][38832][gc,age       ] GC(139) - age  11:       1936 bytes,    2132712 total
[2020-10-07T09:43:34.145+0000][38832][gc,age       ] GC(139) - age  12:       2616 bytes,    2135328 total
[2020-10-07T09:43:34.145+0000][38832][gc,age       ] GC(139) - age  13:      11024 bytes,    2146352 total
[2020-10-07T09:43:34.145+0000][38832][gc,age       ] GC(139) - age  14:       9792 bytes,    2156144 total
[2020-10-07T09:43:34.145+0000][38832][gc,age       ] GC(139) - age  15:        400 bytes,    2156544 total
[2020-10-07T09:43:34.146+0000][38832][gc,phases    ] GC(139)   Pre Evacuate Collection Set: 0.4ms
[2020-10-07T09:43:34.146+0000][38832][gc,phases    ] GC(139)   Merge Heap Roots: 0.1ms
[2020-10-07T09:43:34.146+0000][38832][gc,phases    ] GC(139)   Evacuate Collection Set: 2.7ms
[2020-10-07T09:43:34.146+0000][38832][gc,phases    ] GC(139)   Post Evacuate Collection Set: 1.0ms
[2020-10-07T09:43:34.146+0000][38832][gc,phases    ] GC(139)   Other: 1.2ms
[2020-10-07T09:43:34.146+0000][38832][gc,heap      ] GC(139) Eden regions: 72->0(508)
[2020-10-07T09:43:34.146+0000][38832][gc,heap      ] GC(139) Survivor regions: 2->3(64)
[2020-10-07T09:43:34.146+0000][38832][gc,heap      ] GC(139) Old regions: 77->77
[2020-10-07T09:43:34.146+0000][38832][gc,heap      ] GC(139) Archive regions: 0->0
[2020-10-07T09:43:34.146+0000][38832][gc,heap      ] GC(139) Humongous regions: 271->174
[2020-10-07T09:43:34.146+0000][38832][gc,metaspace ] GC(139) Metaspace: 87067K(92928K)->87067K(92928K) NonClass: 75885K(79360K)->75885K(79360K) Class: 11182K(13568K)->11182K(13568K)
[2020-10-07T09:43:34.146+0000][38832][gc           ] GC(139) Pause Young (Concurrent Start) (G1 Humongous Allocation) 421M->253M(1024M) 5.945ms
[2020-10-07T09:43:34.146+0000][38832][gc,cpu       ] GC(139) User=0.00s Sys=0.00s Real=0.01s
[2020-10-07T09:43:34.146+0000][38832][gc           ] GC(140) Concurrent Cycle
[2020-10-07T09:43:34.146+0000][38832][gc,marking   ] GC(140) Concurrent Clear Claimed Marks
[2020-10-07T09:43:34.147+0000][38832][safepoint    ] Safepoint "G1TryInitiateConcMark", Time since last: 2830600 ns, Reaching safepoint: 242500 ns, At safepoint: 6332500 ns, Total: 6575000 ns
[2020-10-07T09:43:34.147+0000][38832][gc,marking   ] GC(140) Concurrent Clear Claimed Marks 0.428ms
[2020-10-07T09:43:34.147+0000][38832][gc,marking   ] GC(140) Concurrent Scan Root Regions
[2020-10-07T09:43:34.149+0000][38832][gc,marking   ] GC(140) Concurrent Scan Root Regions 2.331ms
[2020-10-07T09:43:34.149+0000][38832][gc,marking   ] GC(140) Concurrent Mark (89.355s)
[2020-10-07T09:43:34.149+0000][38832][gc,marking   ] GC(140) Concurrent Mark From Roots
[2020-10-07T09:43:34.149+0000][38832][gc,task      ] GC(140) Using 2 workers of 2 for marking
[2020-10-07T09:43:34.323+0000][38832][gc,marking   ] GC(140) Concurrent Mark From Roots 173.547ms
[2020-10-07T09:43:34.323+0000][38832][gc,marking   ] GC(140) Concurrent Preclean
[2020-10-07T09:43:34.324+0000][38832][gc,marking   ] GC(140) Concurrent Preclean 0.642ms
[2020-10-07T09:43:34.324+0000][38832][gc,marking   ] GC(140) Concurrent Mark (89.355s, 89.530s) 174.376ms
[2020-10-07T09:43:34.324+0000][38832][gc,start     ] GC(140) Pause Remark
[2020-10-07T09:43:34.330+0000][38832][gc           ] GC(140) Pause Remark 334M->334M(1024M) 6.189ms
[2020-10-07T09:43:34.331+0000][38832][gc,cpu       ] GC(140) User=0.00s Sys=0.00s Real=0.01s
[2020-10-07T09:43:34.331+0000][38832][safepoint    ] Safepoint "G1Concurrent", Time since last: 177306700 ns, Reaching safepoint: 189700 ns, At safepoint: 6467800 ns, Total: 6657500 ns
[2020-10-07T09:43:34.331+0000][38832][gc,marking   ] GC(140) Concurrent Rebuild Remembered Sets
[2020-10-07T09:43:34.421+0000][38832][gc,marking   ] GC(140) Concurrent Rebuild Remembered Sets 90.278ms
[2020-10-07T09:43:34.421+0000][38832][gc,start     ] GC(140) Pause Cleanup
[2020-10-07T09:43:34.422+0000][38832][gc           ] GC(140) Pause Cleanup 359M->359M(1024M) 0.298ms
[2020-10-07T09:43:34.422+0000][38832][gc,cpu       ] GC(140) User=0.00s Sys=0.00s Real=0.00s
[2020-10-07T09:43:34.422+0000][38832][safepoint    ] Safepoint "G1Concurrent", Time since last: 90495200 ns, Reaching safepoint: 205000 ns, At safepoint: 484800 ns, Total: 689800 ns
[2020-10-07T09:43:34.422+0000][38832][gc,marking   ] GC(140) Concurrent Cleanup for Next Mark
[2020-10-07T09:43:34.423+0000][38832][gc,marking   ] GC(140) Concurrent Cleanup for Next Mark 1.577ms
[2020-10-07T09:43:34.423+0000][38832][gc           ] GC(140) Concurrent Cycle 277.048ms
[2020-10-07T09:43:34.442+0000][38832][gc,start     ] GC(141) Pause Young (Concurrent Start) (G1 Humongous Allocation)
[2020-10-07T09:43:34.442+0000][38832][gc,task      ] GC(141) Using 8 workers of 8 for evacuation
[2020-10-07T09:43:34.442+0000][38832][gc,age       ] GC(141) Desired survivor size 33554432 bytes, new threshold 15 (max threshold 15)
[2020-10-07T09:43:34.447+0000][38832][gc,age       ] GC(141) Age table with threshold 15 (max threshold 15)
[2020-10-07T09:43:34.447+0000][38832][gc,age       ] GC(141) - age   1:    2621728 bytes,    2621728 total
[2020-10-07T09:43:34.447+0000][38832][gc,age       ] GC(141) - age   2:       3272 bytes,    2625000 total
[2020-10-07T09:43:34.447+0000][38832][gc,age       ] GC(141) - age   3:       2720 bytes,    2627720 total
[2020-10-07T09:43:34.447+0000][38832][gc,age       ] GC(141) - age   4:        696 bytes,    2628416 total
[2020-10-07T09:43:34.447+0000][38832][gc,age       ] GC(141) - age   5:       1264 bytes,    2629680 total
[2020-10-07T09:43:34.447+0000][38832][gc,age       ] GC(141) - age   6:       2840 bytes,    2632520 total
[2020-10-07T09:43:34.447+0000][38832][gc,age       ] GC(141) - age   7:       1888 bytes,    2634408 total
[2020-10-07T09:43:34.447+0000][38832][gc,age       ] GC(141) - age   8:       7656 bytes,    2642064 total
[2020-10-07T09:43:34.447+0000][38832][gc,age       ] GC(141) - age   9:      58640 bytes,    2700704 total
[2020-10-07T09:43:34.447+0000][38832][gc,age       ] GC(141) - age  10:     279704 bytes,    2980408 total
[2020-10-07T09:43:34.447+0000][38832][gc,age       ] GC(141) - age  11:     227472 bytes,    3207880 total
[2020-10-07T09:43:34.447+0000][38832][gc,age       ] GC(141) - age  12:       1584 bytes,    3209464 total
[2020-10-07T09:43:34.447+0000][38832][gc,age       ] GC(141) - age  13:       2232 bytes,    3211696 total
[2020-10-07T09:43:34.447+0000][38832][gc,age       ] GC(141) - age  14:      10768 bytes,    3222464 total
[2020-10-07T09:43:34.448+0000][38832][gc,age       ] GC(141) - age  15:       9760 bytes,    3232224 total
[2020-10-07T09:43:34.448+0000][38832][gc,phases    ] GC(141)   Pre Evacuate Collection Set: 0.4ms
[2020-10-07T09:43:34.448+0000][38832][gc,phases    ] GC(141)   Merge Heap Roots: 0.1ms
[2020-10-07T09:43:34.448+0000][38832][gc,phases    ] GC(141)   Evacuate Collection Set: 2.8ms
[2020-10-07T09:43:34.448+0000][38832][gc,phases    ] GC(141)   Post Evacuate Collection Set: 0.9ms
[2020-10-07T09:43:34.448+0000][38832][gc,phases    ] GC(141)   Other: 1.3ms
[2020-10-07T09:43:34.448+0000][38832][gc,heap      ] GC(141) Eden regions: 74->0(506)
[2020-10-07T09:43:34.448+0000][38832][gc,heap      ] GC(141) Survivor regions: 3->4(64)
[2020-10-07T09:43:34.448+0000][38832][gc,heap      ] GC(141) Old regions: 77->77
[2020-10-07T09:43:34.448+0000][38832][gc,heap      ] GC(141) Archive regions: 0->0
[2020-10-07T09:43:34.448+0000][38832][gc,heap      ] GC(141) Humongous regions: 230->174
[2020-10-07T09:43:34.448+0000][38832][gc,metaspace ] GC(141) Metaspace: 87088K(92928K)->87088K(92928K) NonClass: 75906K(79360K)->75906K(79360K) Class: 11182K(13568K)->11182K(13568K)
[2020-10-07T09:43:34.448+0000][38832][gc           ] GC(141) Pause Young (Concurrent Start) (G1 Humongous Allocation) 383M->254M(1024M) 6.015ms
[2020-10-07T09:43:34.448+0000][38832][gc,cpu       ] GC(141) User=0.11s Sys=0.00s Real=0.01s
[2020-10-07T09:43:34.448+0000][38832][gc           ] GC(142) Concurrent Cycle
[2020-10-07T09:43:34.448+0000][38832][safepoint    ] Safepoint "G1TryInitiateConcMark", Time since last: 20211500 ns, Reaching safepoint: 217100 ns, At safepoint: 6269300 ns, Total: 6486400 ns
[2020-10-07T09:43:34.448+0000][38832][gc,marking   ] GC(142) Concurrent Clear Claimed Marks
[2020-10-07T09:43:34.449+0000][38832][gc,marking   ] GC(142) Concurrent Clear Claimed Marks 0.964ms
[2020-10-07T09:43:34.450+0000][38832][gc,marking   ] GC(142) Concurrent Scan Root Regions
[2020-10-07T09:43:34.452+0000][38832][gc,marking   ] GC(142) Concurrent Scan Root Regions 2.163ms
[2020-10-07T09:43:34.452+0000][38832][gc,marking   ] GC(142) Concurrent Mark (89.658s)
[2020-10-07T09:43:34.452+0000][38832][gc,marking   ] GC(142) Concurrent Mark From Roots
[2020-10-07T09:43:34.452+0000][38832][gc,task      ] GC(142) Using 2 workers of 2 for marking
[2020-10-07T09:43:34.624+0000][38832][gc,marking   ] GC(142) Concurrent Mark From Roots 172.026ms
[2020-10-07T09:43:34.624+0000][38832][gc,marking   ] GC(142) Concurrent Preclean
[2020-10-07T09:43:34.625+0000][38832][gc,marking   ] GC(142) Concurrent Preclean 0.846ms
[2020-10-07T09:43:34.625+0000][38832][gc,marking   ] GC(142) Concurrent Mark (89.658s, 89.831s) 173.104ms
[2020-10-07T09:43:34.625+0000][38832][gc,start     ] GC(142) Pause Remark
[2020-10-07T09:43:34.631+0000][38832][gc           ] GC(142) Pause Remark 390M->390M(1024M) 5.983ms
[2020-10-07T09:43:34.632+0000][38832][gc,cpu       ] GC(142) User=0.03s Sys=0.00s Real=0.01s
[2020-10-07T09:43:34.632+0000][38832][safepoint    ] Safepoint "G1Concurrent", Time since last: 176618000 ns, Reaching safepoint: 188900 ns, At safepoint: 6218700 ns, Total: 6407600 ns
[2020-10-07T09:43:34.632+0000][38832][gc,marking   ] GC(142) Concurrent Rebuild Remembered Sets
[2020-10-07T09:43:34.729+0000][38832][gc,marking   ] GC(142) Concurrent Rebuild Remembered Sets 96.863ms
[2020-10-07T09:43:34.729+0000][38832][gc,start     ] GC(142) Pause Cleanup
[2020-10-07T09:43:34.729+0000][38832][gc           ] GC(142) Pause Cleanup 413M->413M(1024M) 0.368ms
[2020-10-07T09:43:34.729+0000][38832][gc,cpu       ] GC(142) User=0.00s Sys=0.00s Real=0.00s
[2020-10-07T09:43:34.731+0000][38832][safepoint    ] Safepoint "G1Concurrent", Time since last: 97080000 ns, Reaching safepoint: 194400 ns, At safepoint: 1956800 ns, Total: 2151200 ns
[2020-10-07T09:43:34.731+0000][38832][gc,marking   ] GC(142) Concurrent Cleanup for Next Mark
[2020-10-07T09:43:34.733+0000][38832][gc,marking   ] GC(142) Concurrent Cleanup for Next Mark 1.859ms
[2020-10-07T09:43:34.733+0000][38832][gc           ] GC(142) Concurrent Cycle 284.459ms
[2020-10-07T09:43:34.735+0000][38832][gc,start     ] GC(143) Pause Young (Concurrent Start) (G1 Humongous Allocation)
[2020-10-07T09:43:34.735+0000][38832][gc,task      ] GC(143) Using 8 workers of 8 for evacuation
[2020-10-07T09:43:34.735+0000][38832][gc,age       ] GC(143) Desired survivor size 33554432 bytes, new threshold 15 (max threshold 15)
[2020-10-07T09:43:34.740+0000][38832][gc,age       ] GC(143) Age table with threshold 15 (max threshold 15)
[2020-10-07T09:43:34.740+0000][38832][gc,age       ] GC(143) - age   1:    8441544 bytes,    8441544 total
[2020-10-07T09:43:34.740+0000][38832][gc,age       ] GC(143) - age   2:       4856 bytes,    8446400 total
[2020-10-07T09:43:34.740+0000][38832][gc,age       ] GC(143) - age   3:       2536 bytes,    8448936 total
[2020-10-07T09:43:34.740+0000][38832][gc,age       ] GC(143) - age   4:       1592 bytes,    8450528 total
[2020-10-07T09:43:34.740+0000][38832][gc,age       ] GC(143) - age   5:        664 bytes,    8451192 total
[2020-10-07T09:43:34.741+0000][38832][gc,age       ] GC(143) - age   6:       1232 bytes,    8452424 total
[2020-10-07T09:43:34.741+0000][38832][gc,age       ] GC(143) - age   7:       2840 bytes,    8455264 total
[2020-10-07T09:43:34.741+0000][38832][gc,age       ] GC(143) - age   8:       1856 bytes,    8457120 total
[2020-10-07T09:43:34.741+0000][38832][gc,age       ] GC(143) - age   9:       7656 bytes,    8464776 total
[2020-10-07T09:43:34.741+0000][38832][gc,age       ] GC(143) - age  10:      58608 bytes,    8523384 total
[2020-10-07T09:43:34.741+0000][38832][gc,age       ] GC(143) - age  11:     274232 bytes,    8797616 total
[2020-10-07T09:43:34.741+0000][38832][gc,age       ] GC(143) - age  12:     225696 bytes,    9023312 total
[2020-10-07T09:43:34.741+0000][38832][gc,age       ] GC(143) - age  13:       1552 bytes,    9024864 total
[2020-10-07T09:43:34.741+0000][38832][gc,age       ] GC(143) - age  14:       1872 bytes,    9026736 total
[2020-10-07T09:43:34.741+0000][38832][gc,age       ] GC(143) - age  15:      10768 bytes,    9037504 total
[2020-10-07T09:43:34.741+0000][38832][gc,phases    ] GC(143)   Pre Evacuate Collection Set: 0.5ms
[2020-10-07T09:43:34.741+0000][38832][gc,phases    ] GC(143)   Merge Heap Roots: 0.1ms
[2020-10-07T09:43:34.741+0000][38832][gc,phases    ] GC(143)   Evacuate Collection Set: 3.2ms
[2020-10-07T09:43:34.741+0000][38832][gc,phases    ] GC(143)   Post Evacuate Collection Set: 0.9ms
[2020-10-07T09:43:34.741+0000][38832][gc,phases    ] GC(143)   Other: 1.2ms
[2020-10-07T09:43:34.741+0000][38832][gc,heap      ] GC(143) Eden regions: 79->0(495)
[2020-10-07T09:43:34.741+0000][38832][gc,heap      ] GC(143) Survivor regions: 4->9(64)
[2020-10-07T09:43:34.741+0000][38832][gc,heap      ] GC(143) Old regions: 77->78
[2020-10-07T09:43:34.741+0000][38832][gc,heap      ] GC(143) Archive regions: 0->0
[2020-10-07T09:43:34.741+0000][38832][gc,heap      ] GC(143) Humongous regions: 257->174
[2020-10-07T09:43:34.741+0000][38832][gc,metaspace ] GC(143) Metaspace: 87133K(93184K)->87133K(93184K) NonClass: 75950K(79616K)->75950K(79616K) Class: 11182K(13568K)->11182K(13568K)
[2020-10-07T09:43:34.741+0000][38832][gc           ] GC(143) Pause Young (Concurrent Start) (G1 Humongous Allocation) 415M->259M(1024M) 6.270ms
[2020-10-07T09:43:34.741+0000][38832][gc,cpu       ] GC(143) User=0.02s Sys=0.00s Real=0.01s
[2020-10-07T09:43:34.741+0000][38832][gc           ] GC(144) Concurrent Cycle
[2020-10-07T09:43:34.741+0000][38832][safepoint    ] Safepoint "G1TryInitiateConcMark", Time since last: 3764300 ns, Reaching safepoint: 155200 ns, At safepoint: 6557500 ns, Total: 6712700 ns
[2020-10-07T09:43:34.741+0000][38832][gc,marking   ] GC(144) Concurrent Clear Claimed Marks
[2020-10-07T09:43:34.742+0000][38832][gc,marking   ] GC(144) Concurrent Clear Claimed Marks 0.650ms
[2020-10-07T09:43:34.742+0000][38832][gc,marking   ] GC(144) Concurrent Scan Root Regions
[2020-10-07T09:43:34.746+0000][38832][gc,marking   ] GC(144) Concurrent Scan Root Regions 4.101ms
[2020-10-07T09:43:34.746+0000][38832][gc,marking   ] GC(144) Concurrent Mark (89.952s)
[2020-10-07T09:43:34.747+0000][38832][gc,marking   ] GC(144) Concurrent Mark From Roots
[2020-10-07T09:43:34.747+0000][38832][gc,task      ] GC(144) Using 2 workers of 2 for marking
[2020-10-07T09:43:34.925+0000][38832][gc,marking   ] GC(144) Concurrent Mark From Roots 178.853ms
[2020-10-07T09:43:34.926+0000][38832][gc,marking   ] GC(144) Concurrent Preclean
[2020-10-07T09:43:34.926+0000][38832][gc,marking   ] GC(144) Concurrent Preclean 0.800ms
[2020-10-07T09:43:34.926+0000][38832][gc,marking   ] GC(144) Concurrent Mark (89.952s, 90.132s) 179.927ms
[2020-10-07T09:43:34.927+0000][38832][gc,start     ] GC(144) Pause Remark
[2020-10-07T09:43:34.933+0000][38832][gc           ] GC(144) Pause Remark 527M->527M(1024M) 6.492ms
[2020-10-07T09:43:34.933+0000][38832][gc,cpu       ] GC(144) User=0.09s Sys=0.00s Real=0.01s
[2020-10-07T09:43:34.933+0000][38832][safepoint    ] Safepoint "G1Concurrent", Time since last: 185097800 ns, Reaching safepoint: 170100 ns, At safepoint: 6774800 ns, Total: 6944900 ns
[2020-10-07T09:43:34.934+0000][38832][gc,marking   ] GC(144) Concurrent Rebuild Remembered Sets
[2020-10-07T09:43:35.028+0000][38832][gc,marking   ] GC(144) Concurrent Rebuild Remembered Sets 94.790ms
[2020-10-07T09:43:35.029+0000][38832][gc,start     ] GC(144) Pause Cleanup
[2020-10-07T09:43:35.029+0000][38832][gc           ] GC(144) Pause Cleanup 527M->527M(1024M) 0.345ms
[2020-10-07T09:43:35.029+0000][38832][gc,cpu       ] GC(144) User=0.00s Sys=0.00s Real=0.00s
[2020-10-07T09:43:35.030+0000][38832][safepoint    ] Safepoint "G1Concurrent", Time since last: 94984000 ns, Reaching safepoint: 171800 ns, At safepoint: 588000 ns, Total: 759800 ns
[2020-10-07T09:43:35.030+0000][38832][gc,marking   ] GC(144) Concurrent Cleanup for Next Mark
[2020-10-07T09:43:35.031+0000][38832][gc,marking   ] GC(144) Concurrent Cleanup for Next Mark 2.099ms
[2020-10-07T09:43:35.032+0000][38832][gc           ] GC(144) Concurrent Cycle 290.217ms
[2020-10-07T09:43:35.199+0000][38832][gc,start     ] GC(145) Pause Young (Concurrent Start) (G1 Humongous Allocation)
[2020-10-07T09:43:35.199+0000][38832][gc,task      ] GC(145) Using 8 workers of 8 for evacuation
[2020-10-07T09:43:35.199+0000][38832][gc,age       ] GC(145) Desired survivor size 33030144 bytes, new threshold 15 (max threshold 15)
[2020-10-07T09:43:35.204+0000][38832][gc,age       ] GC(145) Age table with threshold 15 (max threshold 15)
[2020-10-07T09:43:35.204+0000][38832][gc,age       ] GC(145) - age   1:    2564960 bytes,    2564960 total
[2020-10-07T09:43:35.204+0000][38832][gc,age       ] GC(145) - age   2:      34112 bytes,    2599072 total
[2020-10-07T09:43:35.204+0000][38832][gc,age       ] GC(145) - age   3:       4080 bytes,    2603152 total
[2020-10-07T09:43:35.205+0000][38832][gc,age       ] GC(145) - age   4:       2016 bytes,    2605168 total
[2020-10-07T09:43:35.205+0000][38832][gc,age       ] GC(145) - age   5:       1560 bytes,    2606728 total
[2020-10-07T09:43:35.205+0000][38832][gc,age       ] GC(145) - age   6:        664 bytes,    2607392 total
[2020-10-07T09:43:35.205+0000][38832][gc,age       ] GC(145) - age   7:       1232 bytes,    2608624 total
[2020-10-07T09:43:35.205+0000][38832][gc,age       ] GC(145) - age   8:       2808 bytes,    2611432 total
[2020-10-07T09:43:35.205+0000][38832][gc,age       ] GC(145) - age   9:       1856 bytes,    2613288 total
[2020-10-07T09:43:35.205+0000][38832][gc,age       ] GC(145) - age  10:       7656 bytes,    2620944 total
[2020-10-07T09:43:35.205+0000][38832][gc,age       ] GC(145) - age  11:      58608 bytes,    2679552 total
[2020-10-07T09:43:35.205+0000][38832][gc,age       ] GC(145) - age  12:     274152 bytes,    2953704 total
[2020-10-07T09:43:35.205+0000][38832][gc,age       ] GC(145) - age  13:     217960 bytes,    3171664 total
[2020-10-07T09:43:35.205+0000][38832][gc,age       ] GC(145) - age  14:       1168 bytes,    3172832 total
[2020-10-07T09:43:35.205+0000][38832][gc,age       ] GC(145) - age  15:       1840 bytes,    3174672 total
[2020-10-07T09:43:35.205+0000][38832][gc,phases    ] GC(145)   Pre Evacuate Collection Set: 0.5ms
[2020-10-07T09:43:35.205+0000][38832][gc,phases    ] GC(145)   Merge Heap Roots: 0.1ms
[2020-10-07T09:43:35.205+0000][38832][gc,phases    ] GC(145)   Evacuate Collection Set: 3.2ms
[2020-10-07T09:43:35.205+0000][38832][gc,phases    ] GC(145)   Post Evacuate Collection Set: 0.9ms
[2020-10-07T09:43:35.205+0000][38832][gc,phases    ] GC(145)   Other: 1.4ms
[2020-10-07T09:43:35.205+0000][38832][gc,heap      ] GC(145) Eden regions: 74->0(501)
[2020-10-07T09:43:35.206+0000][38832][gc,heap      ] GC(145) Survivor regions: 9->4(63)
[2020-10-07T09:43:35.206+0000][38832][gc,heap      ] GC(145) Old regions: 78->78
[2020-10-07T09:43:35.206+0000][38832][gc,heap      ] GC(145) Archive regions: 0->0
[2020-10-07T09:43:35.206+0000][38832][gc,heap      ] GC(145) Humongous regions: 378->174
[2020-10-07T09:43:35.206+0000][38832][gc,metaspace ] GC(145) Metaspace: 87181K(93184K)->87181K(93184K) NonClass: 75999K(79616K)->75999K(79616K) Class: 11182K(13568K)->11182K(13568K)
[2020-10-07T09:43:35.206+0000][38832][gc           ] GC(145) Pause Young (Concurrent Start) (G1 Humongous Allocation) 537M->254M(1024M) 6.649ms
[2020-10-07T09:43:35.206+0000][38832][gc,cpu       ] GC(145) User=0.00s Sys=0.00s Real=0.01s
[2020-10-07T09:43:35.206+0000][38832][gc           ] GC(146) Concurrent Cycle
[2020-10-07T09:43:35.206+0000][38832][safepoint    ] Safepoint "G1TryInitiateConcMark", Time since last: 169701500 ns, Reaching safepoint: 192400 ns, At safepoint: 7007700 ns, Total: 7200100 ns
[2020-10-07T09:43:35.206+0000][38832][gc,marking   ] GC(146) Concurrent Clear Claimed Marks
[2020-10-07T09:43:35.207+0000][38832][gc,marking   ] GC(146) Concurrent Clear Claimed Marks 0.607ms
[2020-10-07T09:43:35.207+0000][38832][gc,marking   ] GC(146) Concurrent Scan Root Regions
[2020-10-07T09:43:35.209+0000][38832][gc,marking   ] GC(146) Concurrent Scan Root Regions 2.630ms
[2020-10-07T09:43:35.210+0000][38832][gc,marking   ] GC(146) Concurrent Mark (90.415s)
[2020-10-07T09:43:35.210+0000][38832][gc,marking   ] GC(146) Concurrent Mark From Roots
[2020-10-07T09:43:35.210+0000][38832][gc,task      ] GC(146) Using 2 workers of 2 for marking
[2020-10-07T09:43:35.260+0000][38832][safepoint    ] Safepoint "BulkRevokeBias", Time since last: 49494400 ns, Reaching safepoint: 219100 ns, At safepoint: 3941700 ns, Total: 4160800 ns
[2020-10-07T09:43:35.391+0000][38832][gc,marking   ] GC(146) Concurrent Mark From Roots 180.886ms
[2020-10-07T09:43:35.391+0000][38832][gc,marking   ] GC(146) Concurrent Preclean
[2020-10-07T09:43:35.392+0000][38832][gc,marking   ] GC(146) Concurrent Preclean 0.903ms
[2020-10-07T09:43:35.392+0000][38832][gc,marking   ] GC(146) Concurrent Mark (90.415s, 90.597s) 182.049ms
[2020-10-07T09:43:35.392+0000][38832][gc,start     ] GC(146) Pause Remark
[2020-10-07T09:43:35.400+0000][38832][gc           ] GC(146) Pause Remark 574M->574M(1024M) 8.438ms
[2020-10-07T09:43:35.401+0000][38832][gc,cpu       ] GC(146) User=0.09s Sys=0.02s Real=0.01s
[2020-10-07T09:43:35.402+0000][38832][safepoint    ] Safepoint "G1Concurrent", Time since last: 131994400 ns, Reaching safepoint: 225700 ns, At safepoint: 9689300 ns, Total: 9915000 ns
[2020-10-07T09:43:35.402+0000][38832][gc,marking   ] GC(146) Concurrent Rebuild Remembered Sets
[2020-10-07T09:43:35.500+0000][38832][gc,marking   ] GC(146) Concurrent Rebuild Remembered Sets 98.305ms
[2020-10-07T09:43:35.501+0000][38832][gc,start     ] GC(146) Pause Cleanup
[2020-10-07T09:43:35.501+0000][38832][gc           ] GC(146) Pause Cleanup 653M->653M(1024M) 0.431ms
[2020-10-07T09:43:35.501+0000][38832][gc,cpu       ] GC(146) User=0.00s Sys=0.00s Real=0.00s
[2020-10-07T09:43:35.502+0000][38832][safepoint    ] Safepoint "G1Concurrent", Time since last: 98550600 ns, Reaching safepoint: 658500 ns, At safepoint: 737100 ns, Total: 1395600 ns
[2020-10-07T09:43:35.502+0000][38832][gc,marking   ] GC(146) Concurrent Cleanup for Next Mark
[2020-10-07T09:43:35.504+0000][38832][gc,marking   ] GC(146) Concurrent Cleanup for Next Mark 2.630ms
[2020-10-07T09:43:35.505+0000][38832][gc           ] GC(146) Concurrent Cycle 298.583ms
[2020-10-07T09:43:35.577+0000][38832][gc,start     ] GC(147) Pause Young (Concurrent Start) (G1 Humongous Allocation)
[2020-10-07T09:43:35.577+0000][38832][gc,task      ] GC(147) Using 8 workers of 8 for evacuation
[2020-10-07T09:43:35.577+0000][38832][gc,age       ] GC(147) Desired survivor size 33554432 bytes, new threshold 15 (max threshold 15)
[2020-10-07T09:43:35.582+0000][38832][gc,age       ] GC(147) Age table with threshold 15 (max threshold 15)
[2020-10-07T09:43:35.582+0000][38832][gc,age       ] GC(147) - age   1:    3916176 bytes,    3916176 total
[2020-10-07T09:43:35.582+0000][38832][gc,age       ] GC(147) - age   2:       3648 bytes,    3919824 total
[2020-10-07T09:43:35.582+0000][38832][gc,age       ] GC(147) - age   3:      31520 bytes,    3951344 total
[2020-10-07T09:43:35.582+0000][38832][gc,age       ] GC(147) - age   4:       3888 bytes,    3955232 total
[2020-10-07T09:43:35.582+0000][38832][gc,age       ] GC(147) - age   5:       1952 bytes,    3957184 total
[2020-10-07T09:43:35.582+0000][38832][gc,age       ] GC(147) - age   6:       1496 bytes,    3958680 total
[2020-10-07T09:43:35.583+0000][38832][gc,age       ] GC(147) - age   7:        664 bytes,    3959344 total
[2020-10-07T09:43:35.583+0000][38832][gc,age       ] GC(147) - age   8:       1200 bytes,    3960544 total
[2020-10-07T09:43:35.583+0000][38832][gc,age       ] GC(147) - age   9:       2808 bytes,    3963352 total
[2020-10-07T09:43:35.583+0000][38832][gc,age       ] GC(147) - age  10:       1792 bytes,    3965144 total
[2020-10-07T09:43:35.583+0000][38832][gc,age       ] GC(147) - age  11:       7656 bytes,    3972800 total
[2020-10-07T09:43:35.583+0000][38832][gc,age       ] GC(147) - age  12:      58608 bytes,    4031408 total
[2020-10-07T09:43:35.583+0000][38832][gc,age       ] GC(147) - age  13:     274152 bytes,    4305560 total
[2020-10-07T09:43:35.583+0000][38832][gc,age       ] GC(147) - age  14:     217800 bytes,    4523360 total
[2020-10-07T09:43:35.583+0000][38832][gc,age       ] GC(147) - age  15:       1168 bytes,    4524528 total
[2020-10-07T09:43:35.583+0000][38832][gc,phases    ] GC(147)   Pre Evacuate Collection Set: 0.4ms
[2020-10-07T09:43:35.583+0000][38832][gc,phases    ] GC(147)   Merge Heap Roots: 0.1ms
[2020-10-07T09:43:35.583+0000][38832][gc,phases    ] GC(147)   Evacuate Collection Set: 3.6ms
[2020-10-07T09:43:35.583+0000][38832][gc,phases    ] GC(147)   Post Evacuate Collection Set: 1.1ms
[2020-10-07T09:43:35.583+0000][38832][gc,phases    ] GC(147)   Other: 1.3ms
[2020-10-07T09:43:35.583+0000][38832][gc,heap      ] GC(147) Eden regions: 113->0(499)
[2020-10-07T09:43:35.583+0000][38832][gc,heap      ] GC(147) Survivor regions: 4->5(64)
[2020-10-07T09:43:35.583+0000][38832][gc,heap      ] GC(147) Old regions: 78->78
[2020-10-07T09:43:35.583+0000][38832][gc,heap      ] GC(147) Archive regions: 0->0
[2020-10-07T09:43:35.584+0000][38832][gc,heap      ] GC(147) Humongous regions: 478->174
[2020-10-07T09:43:35.584+0000][38832][gc,metaspace ] GC(147) Metaspace: 87236K(93184K)->87236K(93184K) NonClass: 76054K(79616K)->76054K(79616K) Class: 11182K(13568K)->11182K(13568K)
[2020-10-07T09:43:35.584+0000][38832][gc           ] GC(147) Pause Young (Concurrent Start) (G1 Humongous Allocation) 671M->255M(1024M) 7.181ms
[2020-10-07T09:43:35.584+0000][38832][gc,cpu       ] GC(147) User=0.00s Sys=0.00s Real=0.01s
[2020-10-07T09:43:35.584+0000][38832][gc           ] GC(148) Concurrent Cycle
[2020-10-07T09:43:35.584+0000][38832][safepoint    ] Safepoint "G1TryInitiateConcMark", Time since last: 74634500 ns, Reaching safepoint: 211800 ns, At safepoint: 7473800 ns, Total: 7685600 ns
[2020-10-07T09:43:35.584+0000][38832][gc,marking   ] GC(148) Concurrent Clear Claimed Marks
[2020-10-07T09:43:35.584+0000][38832][gc,marking   ] GC(148) Concurrent Clear Claimed Marks 0.461ms
[2020-10-07T09:43:35.585+0000][38832][gc,marking   ] GC(148) Concurrent Scan Root Regions
[2020-10-07T09:43:35.588+0000][38832][gc,marking   ] GC(148) Concurrent Scan Root Regions 2.958ms
[2020-10-07T09:43:35.588+0000][38832][gc,marking   ] GC(148) Concurrent Mark (90.793s)
[2020-10-07T09:43:35.588+0000][38832][gc,marking   ] GC(148) Concurrent Mark From Roots
[2020-10-07T09:43:35.588+0000][38832][gc,task      ] GC(148) Using 2 workers of 2 for marking
[2020-10-07T09:43:35.764+0000][38832][gc,marking   ] GC(148) Concurrent Mark From Roots 176.742ms
[2020-10-07T09:43:35.765+0000][38832][gc,marking   ] GC(148) Concurrent Preclean
[2020-10-07T09:43:35.766+0000][38832][gc,marking   ] GC(148) Concurrent Preclean 1.319ms
[2020-10-07T09:43:35.766+0000][38832][gc,marking   ] GC(148) Concurrent Mark (90.793s, 90.972s) 178.423ms
[2020-10-07T09:43:35.767+0000][38832][gc,start     ] GC(148) Pause Remark
[2020-10-07T09:43:35.773+0000][38832][gc           ] GC(148) Pause Remark 434M->434M(1024M) 6.342ms
[2020-10-07T09:43:35.773+0000][38832][gc,cpu       ] GC(148) User=0.13s Sys=0.00s Real=0.01s
[2020-10-07T09:43:35.775+0000][38832][safepoint    ] Safepoint "G1Concurrent", Time since last: 182266100 ns, Reaching safepoint: 283400 ns, At safepoint: 8770500 ns, Total: 9053900 ns
[2020-10-07T09:43:35.775+0000][38832][gc,marking   ] GC(148) Concurrent Rebuild Remembered Sets
[2020-10-07T09:43:35.873+0000][38832][gc,marking   ] GC(148) Concurrent Rebuild Remembered Sets 97.243ms
[2020-10-07T09:43:35.873+0000][38832][gc,start     ] GC(148) Pause Cleanup
[2020-10-07T09:43:35.873+0000][38832][gc           ] GC(148) Pause Cleanup 534M->534M(1024M) 0.353ms
[2020-10-07T09:43:35.873+0000][38832][gc,cpu       ] GC(148) User=0.00s Sys=0.00s Real=0.00s
[2020-10-07T09:43:35.873+0000][38832][safepoint    ] Safepoint "G1Concurrent", Time since last: 97518100 ns, Reaching safepoint: 176200 ns, At safepoint: 536900 ns, Total: 713100 ns
[2020-10-07T09:43:35.874+0000][38832][gc,marking   ] GC(148) Concurrent Cleanup for Next Mark
[2020-10-07T09:43:35.876+0000][38832][gc,marking   ] GC(148) Concurrent Cleanup for Next Mark 1.967ms
[2020-10-07T09:43:35.876+0000][38832][gc           ] GC(148) Concurrent Cycle 291.765ms
[2020-10-07T09:43:35.912+0000][38832][gc,start     ] GC(149) Pause Young (Concurrent Start) (G1 Humongous Allocation)
[2020-10-07T09:43:35.913+0000][38832][gc,task      ] GC(149) Using 8 workers of 8 for evacuation
[2020-10-07T09:43:35.913+0000][38832][gc,age       ] GC(149) Desired survivor size 33030144 bytes, new threshold 15 (max threshold 15)
[2020-10-07T09:43:35.917+0000][38832][gc,age       ] GC(149) Age table with threshold 15 (max threshold 15)
[2020-10-07T09:43:35.917+0000][38832][gc,age       ] GC(149) - age   1:    3592560 bytes,    3592560 total
[2020-10-07T09:43:35.917+0000][38832][gc,age       ] GC(149) - age   2:     215496 bytes,    3808056 total
[2020-10-07T09:43:35.918+0000][38832][gc,age       ] GC(149) - age   3:       3200 bytes,    3811256 total
[2020-10-07T09:43:35.918+0000][38832][gc,age       ] GC(149) - age   4:      31256 bytes,    3842512 total
[2020-10-07T09:43:35.918+0000][38832][gc,age       ] GC(149) - age   5:       3152 bytes,    3845664 total
[2020-10-07T09:43:35.918+0000][38832][gc,age       ] GC(149) - age   6:       1920 bytes,    3847584 total
[2020-10-07T09:43:35.918+0000][38832][gc,age       ] GC(149) - age   7:       1496 bytes,    3849080 total
[2020-10-07T09:43:35.918+0000][38832][gc,age       ] GC(149) - age   8:        664 bytes,    3849744 total
[2020-10-07T09:43:35.918+0000][38832][gc,age       ] GC(149) - age   9:       1200 bytes,    3850944 total
[2020-10-07T09:43:35.918+0000][38832][gc,age       ] GC(149) - age  10:       2808 bytes,    3853752 total
[2020-10-07T09:43:35.918+0000][38832][gc,age       ] GC(149) - age  11:       1792 bytes,    3855544 total
[2020-10-07T09:43:35.918+0000][38832][gc,age       ] GC(149) - age  12:       7656 bytes,    3863200 total
[2020-10-07T09:43:35.918+0000][38832][gc,age       ] GC(149) - age  13:      58608 bytes,    3921808 total
[2020-10-07T09:43:35.918+0000][38832][gc,age       ] GC(149) - age  14:     273992 bytes,    4195800 total
[2020-10-07T09:43:35.918+0000][38832][gc,age       ] GC(149) - age  15:     217736 bytes,    4413536 total
[2020-10-07T09:43:35.918+0000][38832][gc,phases    ] GC(149)   Pre Evacuate Collection Set: 0.5ms
[2020-10-07T09:43:35.918+0000][38832][gc,phases    ] GC(149)   Merge Heap Roots: 0.1ms
[2020-10-07T09:43:35.918+0000][38832][gc,phases    ] GC(149)   Evacuate Collection Set: 2.8ms
[2020-10-07T09:43:35.918+0000][38832][gc,phases    ] GC(149)   Post Evacuate Collection Set: 1.0ms
[2020-10-07T09:43:35.919+0000][38832][gc,phases    ] GC(149)   Other: 1.5ms
[2020-10-07T09:43:35.919+0000][38832][gc,heap      ] GC(149) Eden regions: 81->0(500)
[2020-10-07T09:43:35.919+0000][38832][gc,heap      ] GC(149) Survivor regions: 5->5(63)
[2020-10-07T09:43:35.919+0000][38832][gc,heap      ] GC(149) Old regions: 78->78
[2020-10-07T09:43:35.919+0000][38832][gc,heap      ] GC(149) Archive regions: 0->0
[2020-10-07T09:43:35.919+0000][38832][gc,heap      ] GC(149) Humongous regions: 382->174
[2020-10-07T09:43:35.919+0000][38832][gc,metaspace ] GC(149) Metaspace: 87295K(93184K)->87295K(93184K) NonClass: 76112K(79616K)->76112K(79616K) Class: 11182K(13568K)->11182K(13568K)
[2020-10-07T09:43:35.919+0000][38832][gc           ] GC(149) Pause Young (Concurrent Start) (G1 Humongous Allocation) 544M->255M(1024M) 6.533ms
[2020-10-07T09:43:35.919+0000][38832][gc,cpu       ] GC(149) User=0.02s Sys=0.02s Real=0.01s
[2020-10-07T09:43:35.919+0000][38832][gc           ] GC(150) Concurrent Cycle
[2020-10-07T09:43:35.919+0000][38832][gc,marking   ] GC(150) Concurrent Clear Claimed Marks
[2020-10-07T09:43:35.919+0000][38832][safepoint    ] Safepoint "G1TryInitiateConcMark", Time since last: 38652200 ns, Reaching safepoint: 235400 ns, At safepoint: 7089000 ns, Total: 7324400 ns
[2020-10-07T09:43:35.920+0000][38832][gc,marking   ] GC(150) Concurrent Clear Claimed Marks 0.409ms
[2020-10-07T09:43:35.920+0000][38832][gc,marking   ] GC(150) Concurrent Scan Root Regions
[2020-10-07T09:43:35.923+0000][38832][gc,marking   ] GC(150) Concurrent Scan Root Regions 3.356ms
[2020-10-07T09:43:35.923+0000][38832][gc,marking   ] GC(150) Concurrent Mark (91.129s)
[2020-10-07T09:43:35.923+0000][38832][gc,marking   ] GC(150) Concurrent Mark From Roots
[2020-10-07T09:43:35.923+0000][38832][gc,task      ] GC(150) Using 2 workers of 2 for marking
[2020-10-07T09:43:36.092+0000][38832][gc,marking   ] GC(150) Concurrent Mark From Roots 168.631ms
[2020-10-07T09:43:36.092+0000][38832][gc,marking   ] GC(150) Concurrent Preclean
[2020-10-07T09:43:36.093+0000][38832][gc,marking   ] GC(150) Concurrent Preclean 0.926ms
[2020-10-07T09:43:36.093+0000][38832][gc,marking   ] GC(150) Concurrent Mark (91.129s, 91.299s) 169.862ms
[2020-10-07T09:43:36.094+0000][38832][gc,start     ] GC(150) Pause Remark
[2020-10-07T09:43:36.100+0000][38832][gc           ] GC(150) Pause Remark 328M->328M(1024M) 6.130ms
[2020-10-07T09:43:36.100+0000][38832][gc,cpu       ] GC(150) User=0.03s Sys=0.02s Real=0.01s
[2020-10-07T09:43:36.102+0000][38832][safepoint    ] Safepoint "G1Concurrent", Time since last: 173730900 ns, Reaching safepoint: 536400 ns, At safepoint: 8485400 ns, Total: 9021800 ns
[2020-10-07T09:43:36.102+0000][38832][gc,marking   ] GC(150) Concurrent Rebuild Remembered Sets
[2020-10-07T09:43:36.205+0000][38832][gc,marking   ] GC(150) Concurrent Rebuild Remembered Sets 102.474ms
[2020-10-07T09:43:36.205+0000][38832][gc,start     ] GC(150) Pause Cleanup
[2020-10-07T09:43:36.206+0000][38832][gc           ] GC(150) Pause Cleanup 632M->632M(1024M) 0.418ms
[2020-10-07T09:43:36.206+0000][38832][gc,cpu       ] GC(150) User=0.00s Sys=0.00s Real=0.00s
[2020-10-07T09:43:36.206+0000][38832][safepoint    ] Safepoint "G1Concurrent", Time since last: 102779000 ns, Reaching safepoint: 222500 ns, At safepoint: 660500 ns, Total: 883000 ns
[2020-10-07T09:43:36.206+0000][38832][gc,marking   ] GC(150) Concurrent Cleanup for Next Mark
[2020-10-07T09:43:36.208+0000][38832][gc,marking   ] GC(150) Concurrent Cleanup for Next Mark 2.007ms
[2020-10-07T09:43:36.208+0000][38832][gc           ] GC(150) Concurrent Cycle 288.999ms
[2020-10-07T09:43:36.208+0000][38832][gc,start     ] GC(151) Pause Young (Concurrent Start) (G1 Humongous Allocation)
[2020-10-07T09:43:36.208+0000][38832][gc,task      ] GC(151) Using 8 workers of 8 for evacuation
[2020-10-07T09:43:36.209+0000][38832][gc,age       ] GC(151) Desired survivor size 33554432 bytes, new threshold 15 (max threshold 15)
[2020-10-07T09:43:36.213+0000][38832][gc,age       ] GC(151) Age table with threshold 15 (max threshold 15)
[2020-10-07T09:43:36.213+0000][38832][gc,age       ] GC(151) - age   1:    2760760 bytes,    2760760 total
[2020-10-07T09:43:36.214+0000][38832][gc,age       ] GC(151) - age   2:       3648 bytes,    2764408 total
[2020-10-07T09:43:36.214+0000][38832][gc,age       ] GC(151) - age   3:      14016 bytes,    2778424 total
[2020-10-07T09:43:36.214+0000][38832][gc,age       ] GC(151) - age   4:       2040 bytes,    2780464 total
[2020-10-07T09:43:36.214+0000][38832][gc,age       ] GC(151) - age   5:      31032 bytes,    2811496 total
[2020-10-07T09:43:36.214+0000][38832][gc,age       ] GC(151) - age   6:       2960 bytes,    2814456 total
[2020-10-07T09:43:36.214+0000][38832][gc,age       ] GC(151) - age   7:       1856 bytes,    2816312 total
[2020-10-07T09:43:36.214+0000][38832][gc,age       ] GC(151) - age   8:       1432 bytes,    2817744 total
[2020-10-07T09:43:36.214+0000][38832][gc,age       ] GC(151) - age   9:        600 bytes,    2818344 total
[2020-10-07T09:43:36.214+0000][38832][gc,age       ] GC(151) - age  10:       1200 bytes,    2819544 total
[2020-10-07T09:43:36.214+0000][38832][gc,age       ] GC(151) - age  11:       2808 bytes,    2822352 total
[2020-10-07T09:43:36.214+0000][38832][gc,age       ] GC(151) - age  12:       1792 bytes,    2824144 total
[2020-10-07T09:43:36.214+0000][38832][gc,age       ] GC(151) - age  13:       7656 bytes,    2831800 total
[2020-10-07T09:43:36.214+0000][38832][gc,age       ] GC(151) - age  14:      58608 bytes,    2890408 total
[2020-10-07T09:43:36.214+0000][38832][gc,age       ] GC(151) - age  15:     271240 bytes,    3161648 total
[2020-10-07T09:43:36.215+0000][38832][gc,phases    ] GC(151)   Pre Evacuate Collection Set: 0.4ms
[2020-10-07T09:43:36.215+0000][38832][gc,phases    ] GC(151)   Merge Heap Roots: 0.1ms
[2020-10-07T09:43:36.215+0000][38832][gc,phases    ] GC(151)   Evacuate Collection Set: 2.9ms
[2020-10-07T09:43:36.215+0000][38832][gc,phases    ] GC(151)   Post Evacuate Collection Set: 1.1ms
[2020-10-07T09:43:36.215+0000][38832][gc,phases    ] GC(151)   Other: 1.7ms
[2020-10-07T09:43:36.215+0000][38832][gc,heap      ] GC(151) Eden regions: 95->0(500)
[2020-10-07T09:43:36.215+0000][38832][gc,heap      ] GC(151) Survivor regions: 5->4(64)
[2020-10-07T09:43:36.215+0000][38832][gc,heap      ] GC(151) Old regions: 78->78
[2020-10-07T09:43:36.215+0000][38832][gc,heap      ] GC(151) Archive regions: 0->0
[2020-10-07T09:43:36.215+0000][38832][gc,heap      ] GC(151) Humongous regions: 463->174
[2020-10-07T09:43:36.215+0000][38832][gc,metaspace ] GC(151) Metaspace: 87330K(93184K)->87330K(93184K) NonClass: 76148K(79616K)->76148K(79616K) Class: 11182K(13568K)->11182K(13568K)
[2020-10-07T09:43:36.215+0000][38832][gc           ] GC(151) Pause Young (Concurrent Start) (G1 Humongous Allocation) 639M->254M(1024M) 6.995ms
[2020-10-07T09:43:36.216+0000][38832][gc,cpu       ] GC(151) User=0.11s Sys=0.00s Real=0.01s
[2020-10-07T09:43:36.216+0000][38832][gc           ] GC(152) Concurrent Cycle
[2020-10-07T09:43:36.216+0000][38832][gc,marking   ] GC(152) Concurrent Clear Claimed Marks
[2020-10-07T09:43:36.216+0000][38832][gc,marking   ] GC(152) Concurrent Clear Claimed Marks 0.438ms
[2020-10-07T09:43:36.216+0000][38832][safepoint    ] Safepoint "G1TryInitiateConcMark", Time since last: 2371500 ns, Reaching safepoint: 238700 ns, At safepoint: 7797300 ns, Total: 8036000 ns
[2020-10-07T09:43:36.216+0000][38832][gc,marking   ] GC(152) Concurrent Scan Root Regions
[2020-10-07T09:43:36.219+0000][38832][gc,marking   ] GC(152) Concurrent Scan Root Regions 3.150ms
[2020-10-07T09:43:36.219+0000][38832][gc,marking   ] GC(152) Concurrent Mark (91.425s)
[2020-10-07T09:43:36.220+0000][38832][gc,marking   ] GC(152) Concurrent Mark From Roots
[2020-10-07T09:43:36.220+0000][38832][gc,task      ] GC(152) Using 2 workers of 2 for marking
[2020-10-07T09:43:36.385+0000][38832][safepoint    ] Safepoint "BulkRevokeBias", Time since last: 165526900 ns, Reaching safepoint: 264200 ns, At safepoint: 3544900 ns, Total: 3809100 ns
[2020-10-07T09:43:36.398+0000][38832][gc,marking   ] GC(152) Concurrent Mark From Roots 178.124ms
[2020-10-07T09:43:36.398+0000][38832][gc,marking   ] GC(152) Concurrent Preclean
[2020-10-07T09:43:36.399+0000][38832][gc,marking   ] GC(152) Concurrent Preclean 0.975ms
[2020-10-07T09:43:36.399+0000][38832][gc,marking   ] GC(152) Concurrent Mark (91.425s, 91.605s) 179.330ms
[2020-10-07T09:43:36.402+0000][38832][gc,start     ] GC(152) Pause Remark
[2020-10-07T09:43:36.408+0000][38832][gc           ] GC(152) Pause Remark 552M->552M(1024M) 6.265ms
[2020-10-07T09:43:36.408+0000][38832][gc,cpu       ] GC(152) User=0.00s Sys=0.00s Real=0.01s
[2020-10-07T09:43:36.409+0000][38832][safepoint    ] Safepoint "G1Concurrent", Time since last: 13399600 ns, Reaching safepoint: 2762600 ns, At safepoint: 6881100 ns, Total: 9643700 ns
[2020-10-07T09:43:36.409+0000][38832][gc,marking   ] GC(152) Concurrent Rebuild Remembered Sets
[2020-10-07T09:43:36.506+0000][38832][gc,marking   ] GC(152) Concurrent Rebuild Remembered Sets 97.569ms
[2020-10-07T09:43:36.507+0000][38832][gc,start     ] GC(152) Pause Cleanup
[2020-10-07T09:43:36.507+0000][38832][gc           ] GC(152) Pause Cleanup 629M->629M(1024M) 0.365ms
[2020-10-07T09:43:36.507+0000][38832][gc,cpu       ] GC(152) User=0.00s Sys=0.00s Real=0.00s
[2020-10-07T09:43:36.507+0000][38832][safepoint    ] Safepoint "G1Concurrent", Time since last: 97802900 ns, Reaching safepoint: 216800 ns, At safepoint: 582700 ns, Total: 799500 ns
[2020-10-07T09:43:36.507+0000][38832][gc,marking   ] GC(152) Concurrent Cleanup for Next Mark
[2020-10-07T09:43:36.509+0000][38832][gc,marking   ] GC(152) Concurrent Cleanup for Next Mark 1.703ms
[2020-10-07T09:43:36.509+0000][38832][gc           ] GC(152) Concurrent Cycle 293.427ms
[2020-10-07T09:43:36.638+0000][38832][gc,start     ] GC(153) Pause Young (Concurrent Start) (G1 Humongous Allocation)
[2020-10-07T09:43:36.638+0000][38832][gc,task      ] GC(153) Using 8 workers of 8 for evacuation
[2020-10-07T09:43:36.638+0000][38832][gc,age       ] GC(153) Desired survivor size 33030144 bytes, new threshold 15 (max threshold 15)
[2020-10-07T09:43:36.644+0000][38832][gc,age       ] GC(153) Age table with threshold 15 (max threshold 15)
[2020-10-07T09:43:36.644+0000][38832][gc,age       ] GC(153) - age   1:   13387632 bytes,   13387632 total
[2020-10-07T09:43:36.645+0000][38832][gc,age       ] GC(153) - age   2:      45160 bytes,   13432792 total
[2020-10-07T09:43:36.645+0000][38832][gc,age       ] GC(153) - age   3:       3080 bytes,   13435872 total
[2020-10-07T09:43:36.645+0000][38832][gc,age       ] GC(153) - age   4:      12512 bytes,   13448384 total
[2020-10-07T09:43:36.645+0000][38832][gc,age       ] GC(153) - age   5:       2040 bytes,   13450424 total
[2020-10-07T09:43:36.645+0000][38832][gc,age       ] GC(153) - age   6:      30936 bytes,   13481360 total
[2020-10-07T09:43:36.645+0000][38832][gc,age       ] GC(153) - age   7:       2960 bytes,   13484320 total
[2020-10-07T09:43:36.645+0000][38832][gc,age       ] GC(153) - age   8:       1856 bytes,   13486176 total
[2020-10-07T09:43:36.645+0000][38832][gc,age       ] GC(153) - age   9:       1400 bytes,   13487576 total
[2020-10-07T09:43:36.645+0000][38832][gc,age       ] GC(153) - age  10:        600 bytes,   13488176 total
[2020-10-07T09:43:36.645+0000][38832][gc,age       ] GC(153) - age  11:       1200 bytes,   13489376 total
[2020-10-07T09:43:36.645+0000][38832][gc,age       ] GC(153) - age  12:       2808 bytes,   13492184 total
[2020-10-07T09:43:36.645+0000][38832][gc,age       ] GC(153) - age  13:       1792 bytes,   13493976 total
[2020-10-07T09:43:36.645+0000][38832][gc,age       ] GC(153) - age  14:       7656 bytes,   13501632 total
[2020-10-07T09:43:36.645+0000][38832][gc,age       ] GC(153) - age  15:      58608 bytes,   13560240 total
[2020-10-07T09:43:36.645+0000][38832][gc,phases    ] GC(153)   Pre Evacuate Collection Set: 0.5ms
[2020-10-07T09:43:36.645+0000][38832][gc,phases    ] GC(153)   Merge Heap Roots: 0.1ms
[2020-10-07T09:43:36.645+0000][38832][gc,phases    ] GC(153)   Evacuate Collection Set: 4.2ms
[2020-10-07T09:43:36.645+0000][38832][gc,phases    ] GC(153)   Post Evacuate Collection Set: 1.3ms
[2020-10-07T09:43:36.645+0000][38832][gc,phases    ] GC(153)   Other: 1.1ms
[2020-10-07T09:43:36.645+0000][38832][gc,heap      ] GC(153) Eden regions: 136->0(481)
[2020-10-07T09:43:36.645+0000][38832][gc,heap      ] GC(153) Survivor regions: 4->14(63)
[2020-10-07T09:43:36.645+0000][38832][gc,heap      ] GC(153) Old regions: 78->78
[2020-10-07T09:43:36.645+0000][38832][gc,heap      ] GC(153) Archive regions: 0->0
[2020-10-07T09:43:36.645+0000][38832][gc,heap      ] GC(153) Humongous regions: 445->174
[2020-10-07T09:43:36.645+0000][38832][gc,metaspace ] GC(153) Metaspace: 87385K(93184K)->87385K(93184K) NonClass: 76203K(79616K)->76203K(79616K) Class: 11182K(13568K)->11182K(13568K)
[2020-10-07T09:43:36.645+0000][38832][gc           ] GC(153) Pause Young (Concurrent Start) (G1 Humongous Allocation) 660M->264M(1024M) 7.487ms
[2020-10-07T09:43:36.646+0000][38832][gc,cpu       ] GC(153) User=0.00s Sys=0.00s Real=0.01s
[2020-10-07T09:43:36.646+0000][38832][gc           ] GC(154) Concurrent Cycle
[2020-10-07T09:43:36.646+0000][38832][safepoint    ] Safepoint "G1TryInitiateConcMark", Time since last: 130197400 ns, Reaching safepoint: 227200 ns, At safepoint: 7809200 ns, Total: 8036400 ns
[2020-10-07T09:43:36.646+0000][38832][gc,marking   ] GC(154) Concurrent Clear Claimed Marks
[2020-10-07T09:43:36.647+0000][38832][gc,marking   ] GC(154) Concurrent Clear Claimed Marks 1.215ms
[2020-10-07T09:43:36.647+0000][38832][gc,marking   ] GC(154) Concurrent Scan Root Regions
[2020-10-07T09:43:36.651+0000][38832][gc,marking   ] GC(154) Concurrent Scan Root Regions 4.019ms
[2020-10-07T09:43:36.651+0000][38832][gc,marking   ] GC(154) Concurrent Mark (91.857s)
[2020-10-07T09:43:36.651+0000][38832][gc,marking   ] GC(154) Concurrent Mark From Roots
[2020-10-07T09:43:36.652+0000][38832][gc,task      ] GC(154) Using 2 workers of 2 for marking
[2020-10-07T09:43:36.826+0000][38832][gc,marking   ] GC(154) Concurrent Mark From Roots 174.824ms
[2020-10-07T09:43:36.826+0000][38832][gc,marking   ] GC(154) Concurrent Preclean
[2020-10-07T09:43:36.827+0000][38832][gc,marking   ] GC(154) Concurrent Preclean 0.917ms
[2020-10-07T09:43:36.827+0000][38832][gc,marking   ] GC(154) Concurrent Mark (91.857s, 92.033s) 176.014ms
[2020-10-07T09:43:36.828+0000][38832][gc,start     ] GC(154) Pause Remark
[2020-10-07T09:43:36.834+0000][38832][gc           ] GC(154) Pause Remark 591M->591M(1024M) 6.433ms
[2020-10-07T09:43:36.834+0000][38832][gc,cpu       ] GC(154) User=0.00s Sys=0.00s Real=0.01s
[2020-10-07T09:43:36.836+0000][38832][safepoint    ] Safepoint "G1Concurrent", Time since last: 181828500 ns, Reaching safepoint: 187500 ns, At safepoint: 7907300 ns, Total: 8094800 ns
[2020-10-07T09:43:36.836+0000][38832][gc,marking   ] GC(154) Concurrent Rebuild Remembered Sets
[2020-10-07T09:43:36.934+0000][38832][gc,marking   ] GC(154) Concurrent Rebuild Remembered Sets 98.701ms
[2020-10-07T09:43:36.935+0000][38832][gc,start     ] GC(154) Pause Cleanup
[2020-10-07T09:43:36.935+0000][38832][gc           ] GC(154) Pause Cleanup 661M->661M(1024M) 0.356ms
[2020-10-07T09:43:36.935+0000][38832][gc,cpu       ] GC(154) User=0.00s Sys=0.00s Real=0.00s
[2020-10-07T09:43:36.935+0000][38832][safepoint    ] Safepoint "G1Concurrent", Time since last: 98980500 ns, Reaching safepoint: 170600 ns, At safepoint: 558000 ns, Total: 728600 ns
[2020-10-07T09:43:36.935+0000][38832][gc,marking   ] GC(154) Concurrent Cleanup for Next Mark
[2020-10-07T09:43:36.937+0000][38832][gc,marking   ] GC(154) Concurrent Cleanup for Next Mark 1.682ms
[2020-10-07T09:43:36.937+0000][38832][gc           ] GC(154) Concurrent Cycle 291.613ms
[2020-10-07T09:43:36.965+0000][38832][gc,start     ] GC(155) Pause Young (Concurrent Start) (G1 Humongous Allocation)
[2020-10-07T09:43:36.965+0000][38832][gc,task      ] GC(155) Using 8 workers of 8 for evacuation
[2020-10-07T09:43:36.965+0000][38832][gc,age       ] GC(155) Desired survivor size 32505856 bytes, new threshold 15 (max threshold 15)
[2020-10-07T09:43:36.969+0000][38832][gc,age       ] GC(155) Age table with threshold 15 (max threshold 15)
[2020-10-07T09:43:36.970+0000][38832][gc,age       ] GC(155) - age   1:    3897184 bytes,    3897184 total
[2020-10-07T09:43:36.970+0000][38832][gc,age       ] GC(155) - age   2:       8392 bytes,    3905576 total
[2020-10-07T09:43:36.970+0000][38832][gc,age       ] GC(155) - age   3:      44816 bytes,    3950392 total
[2020-10-07T09:43:36.970+0000][38832][gc,age       ] GC(155) - age   4:       2736 bytes,    3953128 total
[2020-10-07T09:43:36.970+0000][38832][gc,age       ] GC(155) - age   5:      12384 bytes,    3965512 total
[2020-10-07T09:43:36.970+0000][38832][gc,age       ] GC(155) - age   6:       2040 bytes,    3967552 total
[2020-10-07T09:43:36.970+0000][38832][gc,age       ] GC(155) - age   7:      30872 bytes,    3998424 total
[2020-10-07T09:43:36.970+0000][38832][gc,age       ] GC(155) - age   8:       2800 bytes,    4001224 total
[2020-10-07T09:43:36.970+0000][38832][gc,age       ] GC(155) - age   9:       1856 bytes,    4003080 total
[2020-10-07T09:43:36.970+0000][38832][gc,age       ] GC(155) - age  10:       1336 bytes,    4004416 total
[2020-10-07T09:43:36.970+0000][38832][gc,age       ] GC(155) - age  11:        600 bytes,    4005016 total
[2020-10-07T09:43:36.970+0000][38832][gc,age       ] GC(155) - age  12:       1200 bytes,    4006216 total
[2020-10-07T09:43:36.970+0000][38832][gc,age       ] GC(155) - age  13:       2808 bytes,    4009024 total
[2020-10-07T09:43:36.970+0000][38832][gc,age       ] GC(155) - age  14:       1792 bytes,    4010816 total
[2020-10-07T09:43:36.970+0000][38832][gc,age       ] GC(155) - age  15:       7624 bytes,    4018440 total
[2020-10-07T09:43:36.970+0000][38832][gc,phases    ] GC(155)   Pre Evacuate Collection Set: 0.4ms
[2020-10-07T09:43:36.971+0000][38832][gc,phases    ] GC(155)   Merge Heap Roots: 0.1ms
[2020-10-07T09:43:36.971+0000][38832][gc,phases    ] GC(155)   Evacuate Collection Set: 2.7ms
[2020-10-07T09:43:36.971+0000][38832][gc,phases    ] GC(155)   Post Evacuate Collection Set: 1.1ms
[2020-10-07T09:43:36.971+0000][38832][gc,phases    ] GC(155)   Other: 1.6ms
[2020-10-07T09:43:36.971+0000][38832][gc,heap      ] GC(155) Eden regions: 103->0(492)
[2020-10-07T09:43:36.971+0000][38832][gc,heap      ] GC(155) Survivor regions: 14->5(62)
[2020-10-07T09:43:36.971+0000][38832][gc,heap      ] GC(155) Old regions: 78->78
[2020-10-07T09:43:36.971+0000][38832][gc,heap      ] GC(155) Archive regions: 0->0
[2020-10-07T09:43:36.971+0000][38832][gc,heap      ] GC(155) Humongous regions: 474->174
[2020-10-07T09:43:36.971+0000][38832][gc,metaspace ] GC(155) Metaspace: 87437K(93184K)->87437K(93184K) NonClass: 76255K(79616K)->76255K(79616K) Class: 11182K(13568K)->11182K(13568K)
[2020-10-07T09:43:36.971+0000][38832][gc           ] GC(155) Pause Young (Concurrent Start) (G1 Humongous Allocation) 667M->255M(1024M) 6.702ms
[2020-10-07T09:43:36.971+0000][38832][gc,cpu       ] GC(155) User=0.00s Sys=0.00s Real=0.01s
[2020-10-07T09:43:36.971+0000][38832][gc           ] GC(156) Concurrent Cycle
[2020-10-07T09:43:36.971+0000][38832][safepoint    ] Safepoint "G1TryInitiateConcMark", Time since last: 28960300 ns, Reaching safepoint: 194600 ns, At safepoint: 6991500 ns, Total: 7186100 ns
[2020-10-07T09:43:36.972+0000][38832][gc,marking   ] GC(156) Concurrent Clear Claimed Marks
[2020-10-07T09:43:36.972+0000][38832][gc,marking   ] GC(156) Concurrent Clear Claimed Marks 0.607ms
[2020-10-07T09:43:36.972+0000][38832][gc,marking   ] GC(156) Concurrent Scan Root Regions
[2020-10-07T09:43:36.976+0000][38832][gc,marking   ] GC(156) Concurrent Scan Root Regions 3.446ms
[2020-10-07T09:43:36.976+0000][38832][gc,marking   ] GC(156) Concurrent Mark (92.181s)
[2020-10-07T09:43:36.976+0000][38832][gc,marking   ] GC(156) Concurrent Mark From Roots
[2020-10-07T09:43:36.976+0000][38832][gc,task      ] GC(156) Using 2 workers of 2 for marking
[2020-10-07T09:43:37.153+0000][38832][gc,marking   ] GC(156) Concurrent Mark From Roots 176.809ms
[2020-10-07T09:43:37.153+0000][38832][gc,marking   ] GC(156) Concurrent Preclean
[2020-10-07T09:43:37.153+0000][38832][gc,marking   ] GC(156) Concurrent Preclean 0.783ms
[2020-10-07T09:43:37.153+0000][38832][gc,marking   ] GC(156) Concurrent Mark (92.181s, 92.359s) 177.825ms
[2020-10-07T09:43:37.153+0000][38832][gc,start     ] GC(156) Pause Remark
[2020-10-07T09:43:37.161+0000][38832][gc           ] GC(156) Pause Remark 455M->455M(1024M) 7.704ms
[2020-10-07T09:43:37.161+0000][38832][gc,cpu       ] GC(156) User=0.00s Sys=0.00s Real=0.01s
[2020-10-07T09:43:37.161+0000][38832][safepoint    ] Safepoint "G1Concurrent", Time since last: 182304300 ns, Reaching safepoint: 166200 ns, At safepoint: 7947800 ns, Total: 8114000 ns
[2020-10-07T09:43:37.161+0000][38832][gc,marking   ] GC(156) Concurrent Rebuild Remembered Sets
[2020-10-07T09:43:37.265+0000][38832][gc,marking   ] GC(156) Concurrent Rebuild Remembered Sets 103.813ms
[2020-10-07T09:43:37.272+0000][38832][gc,start     ] GC(156) Pause Cleanup
[2020-10-07T09:43:37.272+0000][38832][gc           ] GC(156) Pause Cleanup 528M->528M(1024M) 0.414ms
[2020-10-07T09:43:37.272+0000][38832][gc,cpu       ] GC(156) User=0.00s Sys=0.00s Real=0.00s
[2020-10-07T09:43:37.272+0000][38832][safepoint    ] Safepoint "G1Concurrent", Time since last: 104002800 ns, Reaching safepoint: 6273100 ns, At safepoint: 648600 ns, Total: 6921700 ns
[2020-10-07T09:43:37.272+0000][38832][gc,marking   ] GC(156) Concurrent Cleanup for Next Mark
[2020-10-07T09:43:37.274+0000][38832][gc,marking   ] GC(156) Concurrent Cleanup for Next Mark 1.770ms
[2020-10-07T09:43:37.274+0000][38832][gc           ] GC(156) Concurrent Cycle 303.375ms
[2020-10-07T09:43:37.378+0000][38832][gc,start     ] GC(157) Pause Young (Concurrent Start) (G1 Humongous Allocation)
[2020-10-07T09:43:37.379+0000][38832][gc,task      ] GC(157) Using 8 workers of 8 for evacuation
[2020-10-07T09:43:37.379+0000][38832][gc,age       ] GC(157) Desired survivor size 33030144 bytes, new threshold 15 (max threshold 15)
[2020-10-07T09:43:37.383+0000][38832][gc,age       ] GC(157) Age table with threshold 15 (max threshold 15)
[2020-10-07T09:43:37.383+0000][38832][gc,age       ] GC(157) - age   1:    2634304 bytes,    2634304 total
[2020-10-07T09:43:37.383+0000][38832][gc,age       ] GC(157) - age   2:       4656 bytes,    2638960 total
[2020-10-07T09:43:37.383+0000][38832][gc,age       ] GC(157) - age   3:       3616 bytes,    2642576 total
[2020-10-07T09:43:37.383+0000][38832][gc,age       ] GC(157) - age   4:      44320 bytes,    2686896 total
[2020-10-07T09:43:37.383+0000][38832][gc,age       ] GC(157) - age   5:       1776 bytes,    2688672 total
[2020-10-07T09:43:37.383+0000][38832][gc,age       ] GC(157) - age   6:      12032 bytes,    2700704 total
[2020-10-07T09:43:37.383+0000][38832][gc,age       ] GC(157) - age   7:       2008 bytes,    2702712 total
[2020-10-07T09:43:37.383+0000][38832][gc,age       ] GC(157) - age   8:      30840 bytes,    2733552 total
[2020-10-07T09:43:37.383+0000][38832][gc,age       ] GC(157) - age   9:       2704 bytes,    2736256 total
[2020-10-07T09:43:37.383+0000][38832][gc,age       ] GC(157) - age  10:       1856 bytes,    2738112 total
[2020-10-07T09:43:37.383+0000][38832][gc,age       ] GC(157) - age  11:       1336 bytes,    2739448 total
[2020-10-07T09:43:37.383+0000][38832][gc,age       ] GC(157) - age  12:        600 bytes,    2740048 total
[2020-10-07T09:43:37.383+0000][38832][gc,age       ] GC(157) - age  13:       1200 bytes,    2741248 total
[2020-10-07T09:43:37.383+0000][38832][gc,age       ] GC(157) - age  14:       2744 bytes,    2743992 total
[2020-10-07T09:43:37.383+0000][38832][gc,age       ] GC(157) - age  15:       1792 bytes,    2745784 total
[2020-10-07T09:43:37.383+0000][38832][gc,phases    ] GC(157)   Pre Evacuate Collection Set: 0.5ms
[2020-10-07T09:43:37.384+0000][38832][gc,phases    ] GC(157)   Merge Heap Roots: 0.2ms
[2020-10-07T09:43:37.384+0000][38832][gc,phases    ] GC(157)   Evacuate Collection Set: 2.2ms
[2020-10-07T09:43:37.384+0000][38832][gc,phases    ] GC(157)   Post Evacuate Collection Set: 1.0ms
[2020-10-07T09:43:37.384+0000][38832][gc,phases    ] GC(157)   Other: 1.3ms
[2020-10-07T09:43:37.384+0000][38832][gc,heap      ] GC(157) Eden regions: 89->0(495)
[2020-10-07T09:43:37.384+0000][38832][gc,heap      ] GC(157) Survivor regions: 5->4(63)
[2020-10-07T09:43:37.384+0000][38832][gc,heap      ] GC(157) Old regions: 78->78
[2020-10-07T09:43:37.384+0000][38832][gc,heap      ] GC(157) Archive regions: 0->0
[2020-10-07T09:43:37.384+0000][38832][gc,heap      ] GC(157) Humongous regions: 374->174
[2020-10-07T09:43:37.384+0000][38832][gc,metaspace ] GC(157) Metaspace: 87486K(93440K)->87486K(93440K) NonClass: 76304K(79872K)->76304K(79872K) Class: 11182K(13568K)->11182K(13568K)
[2020-10-07T09:43:37.384+0000][38832][gc           ] GC(157) Pause Young (Concurrent Start) (G1 Humongous Allocation) 544M->254M(1024M) 5.643ms
[2020-10-07T09:43:37.384+0000][38832][gc,cpu       ] GC(157) User=0.11s Sys=0.00s Real=0.01s
[2020-10-07T09:43:37.384+0000][38832][gc           ] GC(158) Concurrent Cycle
[2020-10-07T09:43:37.384+0000][38832][safepoint    ] Safepoint "G1TryInitiateConcMark", Time since last: 105809600 ns, Reaching safepoint: 242900 ns, At safepoint: 5897100 ns, Total: 6140000 ns
[2020-10-07T09:43:37.384+0000][38832][gc,marking   ] GC(158) Concurrent Clear Claimed Marks
[2020-10-07T09:43:37.385+0000][38832][gc,marking   ] GC(158) Concurrent Clear Claimed Marks 0.498ms
[2020-10-07T09:43:37.385+0000][38832][gc,marking   ] GC(158) Concurrent Scan Root Regions
[2020-10-07T09:43:37.388+0000][38832][gc,marking   ] GC(158) Concurrent Scan Root Regions 2.385ms
[2020-10-07T09:43:37.388+0000][38832][gc,marking   ] GC(158) Concurrent Mark (92.593s)
[2020-10-07T09:43:37.388+0000][38832][gc,marking   ] GC(158) Concurrent Mark From Roots
[2020-10-07T09:43:37.388+0000][38832][gc,task      ] GC(158) Using 2 workers of 2 for marking
[2020-10-07T09:43:37.558+0000][38832][gc,marking   ] GC(158) Concurrent Mark From Roots 170.402ms
[2020-10-07T09:43:37.558+0000][38832][gc,marking   ] GC(158) Concurrent Preclean
[2020-10-07T09:43:37.559+0000][38832][gc,marking   ] GC(158) Concurrent Preclean 0.883ms
[2020-10-07T09:43:37.559+0000][38832][gc,marking   ] GC(158) Concurrent Mark (92.593s, 92.765s) 171.550ms
[2020-10-07T09:43:37.559+0000][38832][gc,start     ] GC(158) Pause Remark
[2020-10-07T09:43:37.566+0000][38832][gc           ] GC(158) Pause Remark 387M->387M(1024M) 6.982ms
[2020-10-07T09:43:37.566+0000][38832][gc,cpu       ] GC(158) User=0.00s Sys=0.00s Real=0.01s
[2020-10-07T09:43:37.567+0000][38832][safepoint    ] Safepoint "G1Concurrent", Time since last: 174892700 ns, Reaching safepoint: 192700 ns, At safepoint: 7258000 ns, Total: 7450700 ns
[2020-10-07T09:43:37.567+0000][38832][gc,marking   ] GC(158) Concurrent Rebuild Remembered Sets
[2020-10-07T09:43:37.666+0000][38832][gc,marking   ] GC(158) Concurrent Rebuild Remembered Sets 99.571ms
[2020-10-07T09:43:37.667+0000][38832][gc,start     ] GC(158) Pause Cleanup
[2020-10-07T09:43:37.667+0000][38832][gc           ] GC(158) Pause Cleanup 713M->713M(1024M) 0.407ms
[2020-10-07T09:43:37.667+0000][38832][gc,cpu       ] GC(158) User=0.00s Sys=0.00s Real=0.00s
[2020-10-07T09:43:37.668+0000][38832][safepoint    ] Safepoint "G1Concurrent", Time since last: 99791100 ns, Reaching safepoint: 559100 ns, At safepoint: 1581900 ns, Total: 2141000 ns
[2020-10-07T09:43:37.669+0000][38832][gc,marking   ] GC(158) Concurrent Cleanup for Next Mark
[2020-10-07T09:43:37.670+0000][38832][gc,marking   ] GC(158) Concurrent Cleanup for Next Mark 1.812ms
[2020-10-07T09:43:37.671+0000][38832][gc           ] GC(158) Concurrent Cycle 286.378ms
[2020-10-07T09:43:37.843+0000][38832][gc,start     ] GC(159) Pause Young (Concurrent Start) (G1 Humongous Allocation)
[2020-10-07T09:43:37.843+0000][38832][gc,task      ] GC(159) Using 8 workers of 8 for evacuation
[2020-10-07T09:43:37.843+0000][38832][gc,age       ] GC(159) Desired survivor size 33030144 bytes, new threshold 15 (max threshold 15)
[2020-10-07T09:43:37.849+0000][38832][gc,age       ] GC(159) Age table with threshold 15 (max threshold 15)
[2020-10-07T09:43:37.849+0000][38832][gc,age       ] GC(159) - age   1:    2898800 bytes,    2898800 total
[2020-10-07T09:43:37.849+0000][38832][gc,age       ] GC(159) - age   2:      30848 bytes,    2929648 total
[2020-10-07T09:43:37.849+0000][38832][gc,age       ] GC(159) - age   3:       3384 bytes,    2933032 total
[2020-10-07T09:43:37.849+0000][38832][gc,age       ] GC(159) - age   4:       2040 bytes,    2935072 total
[2020-10-07T09:43:37.849+0000][38832][gc,age       ] GC(159) - age   5:      44256 bytes,    2979328 total
[2020-10-07T09:43:37.849+0000][38832][gc,age       ] GC(159) - age   6:       1680 bytes,    2981008 total
[2020-10-07T09:43:37.849+0000][38832][gc,age       ] GC(159) - age   7:      11872 bytes,    2992880 total
[2020-10-07T09:43:37.849+0000][38832][gc,age       ] GC(159) - age   8:       2008 bytes,    2994888 total
[2020-10-07T09:43:37.849+0000][38832][gc,age       ] GC(159) - age   9:      30808 bytes,    3025696 total
[2020-10-07T09:43:37.849+0000][38832][gc,age       ] GC(159) - age  10:       2608 bytes,    3028304 total
[2020-10-07T09:43:37.849+0000][38832][gc,age       ] GC(159) - age  11:       1856 bytes,    3030160 total
[2020-10-07T09:43:37.849+0000][38832][gc,age       ] GC(159) - age  12:       1272 bytes,    3031432 total
[2020-10-07T09:43:37.849+0000][38832][gc,age       ] GC(159) - age  13:        600 bytes,    3032032 total
[2020-10-07T09:43:37.849+0000][38832][gc,age       ] GC(159) - age  14:       1168 bytes,    3033200 total
[2020-10-07T09:43:37.849+0000][38832][gc,age       ] GC(159) - age  15:       2744 bytes,    3035944 total
[2020-10-07T09:43:37.849+0000][38832][gc,phases    ] GC(159)   Pre Evacuate Collection Set: 0.5ms
[2020-10-07T09:43:37.849+0000][38832][gc,phases    ] GC(159)   Merge Heap Roots: 0.1ms
[2020-10-07T09:43:37.849+0000][38832][gc,phases    ] GC(159)   Evacuate Collection Set: 3.6ms
[2020-10-07T09:43:37.850+0000][38832][gc,phases    ] GC(159)   Post Evacuate Collection Set: 1.2ms
[2020-10-07T09:43:37.850+0000][38832][gc,phases    ] GC(159)   Other: 1.1ms
[2020-10-07T09:43:37.850+0000][38832][gc,heap      ] GC(159) Eden regions: 139->0(497)
[2020-10-07T09:43:37.850+0000][38832][gc,heap      ] GC(159) Survivor regions: 4->4(63)
[2020-10-07T09:43:37.850+0000][38832][gc,heap      ] GC(159) Old regions: 78->78
[2020-10-07T09:43:37.850+0000][38832][gc,heap      ] GC(159) Archive regions: 0->0
[2020-10-07T09:43:37.850+0000][38832][gc,heap      ] GC(159) Humongous regions: 526->174
[2020-10-07T09:43:37.850+0000][38832][gc,metaspace ] GC(159) Metaspace: 87511K(93440K)->87511K(93440K) NonClass: 76328K(79872K)->76328K(79872K) Class: 11182K(13568K)->11182K(13568K)
[2020-10-07T09:43:37.850+0000][38832][gc           ] GC(159) Pause Young (Concurrent Start) (G1 Humongous Allocation) 745M->254M(1024M) 7.019ms
[2020-10-07T09:43:37.850+0000][38832][gc,cpu       ] GC(159) User=0.00s Sys=0.00s Real=0.01s
[2020-10-07T09:43:37.850+0000][38832][gc           ] GC(160) Concurrent Cycle
[2020-10-07T09:43:37.850+0000][38832][safepoint    ] Safepoint "G1TryInitiateConcMark", Time since last: 173636800 ns, Reaching safepoint: 302200 ns, At safepoint: 7284900 ns, Total: 7587100 ns
[2020-10-07T09:43:37.850+0000][38832][gc,marking   ] GC(160) Concurrent Clear Claimed Marks
[2020-10-07T09:43:37.851+0000][38832][gc,marking   ] GC(160) Concurrent Clear Claimed Marks 0.619ms
[2020-10-07T09:43:37.851+0000][38832][gc,marking   ] GC(160) Concurrent Scan Root Regions
[2020-10-07T09:43:37.854+0000][38832][gc,marking   ] GC(160) Concurrent Scan Root Regions 2.685ms
[2020-10-07T09:43:37.854+0000][38832][gc,marking   ] GC(160) Concurrent Mark (93.059s)
[2020-10-07T09:43:37.854+0000][38832][gc,marking   ] GC(160) Concurrent Mark From Roots
[2020-10-07T09:43:37.854+0000][38832][gc,task      ] GC(160) Using 2 workers of 2 for marking
[2020-10-07T09:43:38.035+0000][38832][gc,marking   ] GC(160) Concurrent Mark From Roots 180.784ms
[2020-10-07T09:43:38.035+0000][38832][gc,marking   ] GC(160) Concurrent Preclean
[2020-10-07T09:43:38.036+0000][38832][gc,marking   ] GC(160) Concurrent Preclean 0.843ms
[2020-10-07T09:43:38.036+0000][38832][gc,marking   ] GC(160) Concurrent Mark (93.059s, 93.241s) 181.880ms
[2020-10-07T09:43:38.036+0000][38832][gc,start     ] GC(160) Pause Remark
[2020-10-07T09:43:38.043+0000][38832][gc           ] GC(160) Pause Remark 593M->593M(1024M) 6.539ms
[2020-10-07T09:43:38.043+0000][38832][gc,cpu       ] GC(160) User=0.11s Sys=0.00s Real=0.01s
[2020-10-07T09:43:38.043+0000][38832][safepoint    ] Safepoint "G1Concurrent", Time since last: 185632700 ns, Reaching safepoint: 155600 ns, At safepoint: 6805100 ns, Total: 6960700 ns
[2020-10-07T09:43:38.043+0000][38832][gc,marking   ] GC(160) Concurrent Rebuild Remembered Sets
[2020-10-07T09:43:38.141+0000][38832][gc,marking   ] GC(160) Concurrent Rebuild Remembered Sets 97.762ms
[2020-10-07T09:43:38.141+0000][38832][gc,start     ] GC(160) Pause Cleanup
[2020-10-07T09:43:38.141+0000][38832][gc           ] GC(160) Pause Cleanup 599M->599M(1024M) 0.364ms
[2020-10-07T09:43:38.141+0000][38832][gc,cpu       ] GC(160) User=0.00s Sys=0.00s Real=0.00s
[2020-10-07T09:43:38.142+0000][38832][safepoint    ] Safepoint "G1Concurrent", Time since last: 98008400 ns, Reaching safepoint: 181500 ns, At safepoint: 1238200 ns, Total: 1419700 ns
[2020-10-07T09:43:38.142+0000][38832][gc,marking   ] GC(160) Concurrent Cleanup for Next Mark
[2020-10-07T09:43:38.145+0000][38832][gc,marking   ] GC(160) Concurrent Cleanup for Next Mark 2.722ms
[2020-10-07T09:43:38.145+0000][38832][gc           ] GC(160) Concurrent Cycle 295.066ms
[2020-10-07T09:43:38.180+0000][38832][gc,start     ] GC(161) Pause Young (Concurrent Start) (G1 Humongous Allocation)
[2020-10-07T09:43:38.181+0000][38832][gc,task      ] GC(161) Using 8 workers of 8 for evacuation
[2020-10-07T09:43:38.181+0000][38832][gc,age       ] GC(161) Desired survivor size 33030144 bytes, new threshold 15 (max threshold 15)
[2020-10-07T09:43:38.185+0000][38832][gc,age       ] GC(161) Age table with threshold 15 (max threshold 15)
[2020-10-07T09:43:38.185+0000][38832][gc,age       ] GC(161) - age   1:    8495472 bytes,    8495472 total
[2020-10-07T09:43:38.185+0000][38832][gc,age       ] GC(161) - age   2:      19112 bytes,    8514584 total
[2020-10-07T09:43:38.185+0000][38832][gc,age       ] GC(161) - age   3:      30360 bytes,    8544944 total
[2020-10-07T09:43:38.186+0000][38832][gc,age       ] GC(161) - age   4:       3096 bytes,    8548040 total
[2020-10-07T09:43:38.186+0000][38832][gc,age       ] GC(161) - age   5:       1976 bytes,    8550016 total
[2020-10-07T09:43:38.186+0000][38832][gc,age       ] GC(161) - age   6:      44256 bytes,    8594272 total
[2020-10-07T09:43:38.186+0000][38832][gc,age       ] GC(161) - age   7:       1648 bytes,    8595920 total
[2020-10-07T09:43:38.186+0000][38832][gc,age       ] GC(161) - age   8:      11872 bytes,    8607792 total
[2020-10-07T09:43:38.186+0000][38832][gc,age       ] GC(161) - age   9:       1976 bytes,    8609768 total
[2020-10-07T09:43:38.186+0000][38832][gc,age       ] GC(161) - age  10:      30776 bytes,    8640544 total
[2020-10-07T09:43:38.186+0000][38832][gc,age       ] GC(161) - age  11:       2576 bytes,    8643120 total
[2020-10-07T09:43:38.186+0000][38832][gc,age       ] GC(161) - age  12:       1856 bytes,    8644976 total
[2020-10-07T09:43:38.186+0000][38832][gc,age       ] GC(161) - age  13:       1272 bytes,    8646248 total
[2020-10-07T09:43:38.186+0000][38832][gc,age       ] GC(161) - age  14:        600 bytes,    8646848 total
[2020-10-07T09:43:38.186+0000][38832][gc,age       ] GC(161) - age  15:       1136 bytes,    8647984 total
[2020-10-07T09:43:38.186+0000][38832][gc,phases    ] GC(161)   Pre Evacuate Collection Set: 0.5ms
[2020-10-07T09:43:38.186+0000][38832][gc,phases    ] GC(161)   Merge Heap Roots: 0.1ms
[2020-10-07T09:43:38.186+0000][38832][gc,phases    ] GC(161)   Evacuate Collection Set: 2.8ms
[2020-10-07T09:43:38.186+0000][38832][gc,phases    ] GC(161)   Post Evacuate Collection Set: 1.1ms
[2020-10-07T09:43:38.186+0000][38832][gc,phases    ] GC(161)   Other: 1.4ms
[2020-10-07T09:43:38.186+0000][38832][gc,heap      ] GC(161) Eden regions: 105->0(489)
[2020-10-07T09:43:38.186+0000][38832][gc,heap      ] GC(161) Survivor regions: 4->9(63)
[2020-10-07T09:43:38.187+0000][38832][gc,heap      ] GC(161) Old regions: 78->78
[2020-10-07T09:43:38.187+0000][38832][gc,heap      ] GC(161) Archive regions: 0->0
[2020-10-07T09:43:38.187+0000][38832][gc,heap      ] GC(161) Humongous regions: 430->174
[2020-10-07T09:43:38.187+0000][38832][gc,metaspace ] GC(161) Metaspace: 87522K(93440K)->87522K(93440K) NonClass: 76339K(79872K)->76339K(79872K) Class: 11182K(13568K)->11182K(13568K)
[2020-10-07T09:43:38.187+0000][38832][gc           ] GC(161) Pause Young (Concurrent Start) (G1 Humongous Allocation) 615M->260M(1024M) 6.277ms
[2020-10-07T09:43:38.187+0000][38832][gc,cpu       ] GC(161) User=0.00s Sys=0.00s Real=0.01s
[2020-10-07T09:43:38.187+0000][38832][gc           ] GC(162) Concurrent Cycle
[2020-10-07T09:43:38.187+0000][38832][gc,marking   ] GC(162) Concurrent Clear Claimed Marks
[2020-10-07T09:43:38.187+0000][38832][gc,marking   ] GC(162) Concurrent Clear Claimed Marks 0.337ms
[2020-10-07T09:43:38.187+0000][38832][gc,marking   ] GC(162) Concurrent Scan Root Regions
[2020-10-07T09:43:38.189+0000][38832][safepoint    ] Safepoint "G1TryInitiateConcMark", Time since last: 37923100 ns, Reaching safepoint: 185500 ns, At safepoint: 8374300 ns, Total: 8559800 ns
[2020-10-07T09:43:38.189+0000][38832][gc,marking   ] GC(162) Concurrent Scan Root Regions 2.075ms
[2020-10-07T09:43:38.190+0000][38832][gc,marking   ] GC(162) Concurrent Mark (93.395s)
[2020-10-07T09:43:38.190+0000][38832][gc,marking   ] GC(162) Concurrent Mark From Roots
[2020-10-07T09:43:38.190+0000][38832][gc,task      ] GC(162) Using 2 workers of 2 for marking
[2020-10-07T09:43:38.380+0000][38832][gc,marking   ] GC(162) Concurrent Mark From Roots 190.485ms
[2020-10-07T09:43:38.380+0000][38832][gc,marking   ] GC(162) Concurrent Preclean
[2020-10-07T09:43:38.381+0000][38832][gc,marking   ] GC(162) Concurrent Preclean 0.906ms
[2020-10-07T09:43:38.381+0000][38832][gc,marking   ] GC(162) Concurrent Mark (93.395s, 93.587s) 191.652ms
[2020-10-07T09:43:38.382+0000][38832][gc,start     ] GC(162) Pause Remark
[2020-10-07T09:43:38.388+0000][38832][gc           ] GC(162) Pause Remark 666M->666M(1024M) 6.663ms
[2020-10-07T09:43:38.388+0000][38832][gc,cpu       ] GC(162) User=0.02s Sys=0.02s Real=0.01s
[2020-10-07T09:43:38.388+0000][38832][safepoint    ] Safepoint "G1Concurrent", Time since last: 192604800 ns, Reaching safepoint: 197900 ns, At safepoint: 6995600 ns, Total: 7193500 ns
[2020-10-07T09:43:38.389+0000][38832][gc,marking   ] GC(162) Concurrent Rebuild Remembered Sets
[2020-10-07T09:43:38.492+0000][38832][gc,marking   ] GC(162) Concurrent Rebuild Remembered Sets 103.258ms
[2020-10-07T09:43:38.492+0000][38832][gc,start     ] GC(162) Pause Cleanup
[2020-10-07T09:43:38.493+0000][38832][gc           ] GC(162) Pause Cleanup 741M->741M(1024M) 0.411ms
[2020-10-07T09:43:38.493+0000][38832][gc,cpu       ] GC(162) User=0.00s Sys=0.00s Real=0.00s
[2020-10-07T09:43:38.493+0000][38832][safepoint    ] Safepoint "G1Concurrent", Time since last: 103500400 ns, Reaching safepoint: 204200 ns, At safepoint: 647400 ns, Total: 851600 ns
[2020-10-07T09:43:38.493+0000][38832][gc,marking   ] GC(162) Concurrent Cleanup for Next Mark
[2020-10-07T09:43:38.495+0000][38832][gc,marking   ] GC(162) Concurrent Cleanup for Next Mark 2.201ms
[2020-10-07T09:43:38.495+0000][38832][gc           ] GC(162) Concurrent Cycle 308.416ms
[2020-10-07T09:43:38.499+0000][38832][gc,start     ] GC(163) Pause Young (Concurrent Start) (G1 Humongous Allocation)
[2020-10-07T09:43:38.499+0000][38832][gc,task      ] GC(163) Using 8 workers of 8 for evacuation
[2020-10-07T09:43:38.499+0000][38832][gc,age       ] GC(163) Desired survivor size 33030144 bytes, new threshold 15 (max threshold 15)
[2020-10-07T09:43:38.504+0000][38832][gc,age       ] GC(163) Age table with threshold 15 (max threshold 15)
[2020-10-07T09:43:38.504+0000][38832][gc,age       ] GC(163) - age   1:    3910768 bytes,    3910768 total
[2020-10-07T09:43:38.504+0000][38832][gc,age       ] GC(163) - age   2:       4560 bytes,    3915328 total
[2020-10-07T09:43:38.504+0000][38832][gc,age       ] GC(163) - age   3:      17760 bytes,    3933088 total
[2020-10-07T09:43:38.504+0000][38832][gc,age       ] GC(163) - age   4:      29904 bytes,    3962992 total
[2020-10-07T09:43:38.504+0000][38832][gc,age       ] GC(163) - age   5:       2648 bytes,    3965640 total
[2020-10-07T09:43:38.504+0000][38832][gc,age       ] GC(163) - age   6:       1912 bytes,    3967552 total
[2020-10-07T09:43:38.504+0000][38832][gc,age       ] GC(163) - age   7:      44200 bytes,    4011752 total
[2020-10-07T09:43:38.504+0000][38832][gc,age       ] GC(163) - age   8:       1520 bytes,    4013272 total
[2020-10-07T09:43:38.504+0000][38832][gc,age       ] GC(163) - age   9:      11840 bytes,    4025112 total
[2020-10-07T09:43:38.504+0000][38832][gc,age       ] GC(163) - age  10:       1976 bytes,    4027088 total
[2020-10-07T09:43:38.504+0000][38832][gc,age       ] GC(163) - age  11:      30712 bytes,    4057800 total
[2020-10-07T09:43:38.504+0000][38832][gc,age       ] GC(163) - age  12:       2576 bytes,    4060376 total
[2020-10-07T09:43:38.504+0000][38832][gc,age       ] GC(163) - age  13:       1856 bytes,    4062232 total
[2020-10-07T09:43:38.504+0000][38832][gc,age       ] GC(163) - age  14:       1208 bytes,    4063440 total
[2020-10-07T09:43:38.504+0000][38832][gc,age       ] GC(163) - age  15:        600 bytes,    4064040 total
[2020-10-07T09:43:38.505+0000][38832][gc,phases    ] GC(163)   Pre Evacuate Collection Set: 0.5ms
[2020-10-07T09:43:38.505+0000][38832][gc,phases    ] GC(163)   Merge Heap Roots: 0.1ms
[2020-10-07T09:43:38.505+0000][38832][gc,phases    ] GC(163)   Evacuate Collection Set: 2.7ms
[2020-10-07T09:43:38.505+0000][38832][gc,phases    ] GC(163)   Post Evacuate Collection Set: 1.1ms
[2020-10-07T09:43:38.505+0000][38832][gc,phases    ] GC(163)   Other: 1.3ms
[2020-10-07T09:43:38.505+0000][38832][gc,heap      ] GC(163) Eden regions: 123->0(494)
[2020-10-07T09:43:38.505+0000][38832][gc,heap      ] GC(163) Survivor regions: 9->5(63)
[2020-10-07T09:43:38.505+0000][38832][gc,heap      ] GC(163) Old regions: 78->78
[2020-10-07T09:43:38.505+0000][38832][gc,heap      ] GC(163) Archive regions: 0->0
[2020-10-07T09:43:38.505+0000][38832][gc,heap      ] GC(163) Humongous regions: 534->174
[2020-10-07T09:43:38.505+0000][38832][gc,metaspace ] GC(163) Metaspace: 87535K(93440K)->87535K(93440K) NonClass: 76352K(79872K)->76352K(79872K) Class: 11182K(13568K)->11182K(13568K)
[2020-10-07T09:43:38.505+0000][38832][gc           ] GC(163) Pause Young (Concurrent Start) (G1 Humongous Allocation) 742M->255M(1024M) 6.141ms
[2020-10-07T09:43:38.505+0000][38832][gc,cpu       ] GC(163) User=0.00s Sys=0.00s Real=0.01s
[2020-10-07T09:43:38.505+0000][38832][gc           ] GC(164) Concurrent Cycle
[2020-10-07T09:43:38.505+0000][38832][safepoint    ] Safepoint "G1TryInitiateConcMark", Time since last: 5945100 ns, Reaching safepoint: 181400 ns, At safepoint: 6393500 ns, Total: 6574900 ns
[2020-10-07T09:43:38.505+0000][38832][gc,marking   ] GC(164) Concurrent Clear Claimed Marks
[2020-10-07T09:43:38.506+0000][38832][gc,marking   ] GC(164) Concurrent Clear Claimed Marks 0.650ms
[2020-10-07T09:43:38.506+0000][38832][gc,marking   ] GC(164) Concurrent Scan Root Regions
[2020-10-07T09:43:38.510+0000][38832][gc,marking   ] GC(164) Concurrent Scan Root Regions 3.685ms
[2020-10-07T09:43:38.510+0000][38832][gc,marking   ] GC(164) Concurrent Mark (93.715s)
[2020-10-07T09:43:38.510+0000][38832][gc,marking   ] GC(164) Concurrent Mark From Roots
[2020-10-07T09:43:38.510+0000][38832][gc,task      ] GC(164) Using 2 workers of 2 for marking
[2020-10-07T09:43:38.681+0000][38832][gc,marking   ] GC(164) Concurrent Mark From Roots 171.130ms
[2020-10-07T09:43:38.681+0000][38832][gc,marking   ] GC(164) Concurrent Preclean
[2020-10-07T09:43:38.682+0000][38832][gc,marking   ] GC(164) Concurrent Preclean 1.012ms
[2020-10-07T09:43:38.682+0000][38832][gc,marking   ] GC(164) Concurrent Mark (93.715s, 93.888s) 172.379ms
[2020-10-07T09:43:38.682+0000][38832][gc,start     ] GC(164) Pause Remark
[2020-10-07T09:43:38.689+0000][38832][gc           ] GC(164) Pause Remark 454M->454M(1024M) 6.547ms
[2020-10-07T09:43:38.689+0000][38832][gc,cpu       ] GC(164) User=0.00s Sys=0.00s Real=0.01s
[2020-10-07T09:43:38.689+0000][38832][safepoint    ] Safepoint "G1Concurrent", Time since last: 177128500 ns, Reaching safepoint: 188600 ns, At safepoint: 6852000 ns, Total: 7040600 ns
[2020-10-07T09:43:38.689+0000][38832][gc,marking   ] GC(164) Concurrent Rebuild Remembered Sets
[2020-10-07T09:43:38.790+0000][38832][gc,marking   ] GC(164) Concurrent Rebuild Remembered Sets 100.838ms
[2020-10-07T09:43:38.791+0000][38832][gc,start     ] GC(164) Pause Cleanup
[2020-10-07T09:43:38.792+0000][38832][gc           ] GC(164) Pause Cleanup 470M->470M(1024M) 0.400ms
[2020-10-07T09:43:38.792+0000][38832][gc,cpu       ] GC(164) User=0.00s Sys=0.00s Real=0.00s
[2020-10-07T09:43:38.792+0000][38832][safepoint    ] Safepoint "G1Concurrent", Time since last: 101081100 ns, Reaching safepoint: 811200 ns, At safepoint: 1211300 ns, Total: 2022500 ns
[2020-10-07T09:43:38.793+0000][38832][gc,marking   ] GC(164) Concurrent Cleanup for Next Mark
[2020-10-07T09:43:38.794+0000][38832][gc,marking   ] GC(164) Concurrent Cleanup for Next Mark 1.799ms
[2020-10-07T09:43:38.794+0000][38832][gc           ] GC(164) Concurrent Cycle 289.387ms
[2020-10-07T09:43:38.831+0000][38832][gc,start     ] GC(165) Pause Young (Concurrent Start) (G1 Humongous Allocation)
[2020-10-07T09:43:38.831+0000][38832][gc,task      ] GC(165) Using 8 workers of 8 for evacuation
[2020-10-07T09:43:38.831+0000][38832][gc,age       ] GC(165) Desired survivor size 33030144 bytes, new threshold 15 (max threshold 15)
[2020-10-07T09:43:38.835+0000][38832][gc,age       ] GC(165) Age table with threshold 15 (max threshold 15)
[2020-10-07T09:43:38.835+0000][38832][gc,age       ] GC(165) - age   1:    2597192 bytes,    2597192 total
[2020-10-07T09:43:38.835+0000][38832][gc,age       ] GC(165) - age   2:       4936 bytes,    2602128 total
[2020-10-07T09:43:38.835+0000][38832][gc,age       ] GC(165) - age   3:       2488 bytes,    2604616 total
[2020-10-07T09:43:38.836+0000][38832][gc,age       ] GC(165) - age   4:      16976 bytes,    2621592 total
[2020-10-07T09:43:38.836+0000][38832][gc,age       ] GC(165) - age   5:      29424 bytes,    2651016 total
[2020-10-07T09:43:38.836+0000][38832][gc,age       ] GC(165) - age   6:       2584 bytes,    2653600 total
[2020-10-07T09:43:38.836+0000][38832][gc,age       ] GC(165) - age   7:       1880 bytes,    2655480 total
[2020-10-07T09:43:38.836+0000][38832][gc,age       ] GC(165) - age   8:      44160 bytes,    2699640 total
[2020-10-07T09:43:38.836+0000][38832][gc,age       ] GC(165) - age   9:       1520 bytes,    2701160 total
[2020-10-07T09:43:38.836+0000][38832][gc,age       ] GC(165) - age  10:      11840 bytes,    2713000 total
[2020-10-07T09:43:38.836+0000][38832][gc,age       ] GC(165) - age  11:       1976 bytes,    2714976 total
[2020-10-07T09:43:38.836+0000][38832][gc,age       ] GC(165) - age  12:      30680 bytes,    2745656 total
[2020-10-07T09:43:38.836+0000][38832][gc,age       ] GC(165) - age  13:       2512 bytes,    2748168 total
[2020-10-07T09:43:38.836+0000][38832][gc,age       ] GC(165) - age  14:       1856 bytes,    2750024 total
[2020-10-07T09:43:38.836+0000][38832][gc,age       ] GC(165) - age  15:       1208 bytes,    2751232 total
[2020-10-07T09:43:38.836+0000][38832][gc,phases    ] GC(165)   Pre Evacuate Collection Set: 0.4ms
[2020-10-07T09:43:38.836+0000][38832][gc,phases    ] GC(165)   Merge Heap Roots: 0.1ms
[2020-10-07T09:43:38.836+0000][38832][gc,phases    ] GC(165)   Evacuate Collection Set: 2.2ms
[2020-10-07T09:43:38.836+0000][38832][gc,phases    ] GC(165)   Post Evacuate Collection Set: 0.9ms
[2020-10-07T09:43:38.836+0000][38832][gc,phases    ] GC(165)   Other: 1.4ms
[2020-10-07T09:43:38.836+0000][38832][gc,heap      ] GC(165) Eden regions: 68->0(498)
[2020-10-07T09:43:38.837+0000][38832][gc,heap      ] GC(165) Survivor regions: 5->3(63)
[2020-10-07T09:43:38.837+0000][38832][gc,heap      ] GC(165) Old regions: 78->78
[2020-10-07T09:43:38.837+0000][38832][gc,heap      ] GC(165) Archive regions: 0->0
[2020-10-07T09:43:38.837+0000][38832][gc,heap      ] GC(165) Humongous regions: 326->174
[2020-10-07T09:43:38.837+0000][38832][gc,metaspace ] GC(165) Metaspace: 87557K(93440K)->87557K(93440K) NonClass: 76374K(79872K)->76374K(79872K) Class: 11182K(13568K)->11182K(13568K)
[2020-10-07T09:43:38.837+0000][38832][gc           ] GC(165) Pause Young (Concurrent Start) (G1 Humongous Allocation) 475M->254M(1024M) 5.474ms
[2020-10-07T09:43:38.837+0000][38832][gc,cpu       ] GC(165) User=0.03s Sys=0.00s Real=0.01s
[2020-10-07T09:43:38.837+0000][38832][gc           ] GC(166) Concurrent Cycle
[2020-10-07T09:43:38.837+0000][38832][safepoint    ] Safepoint "G1TryInitiateConcMark", Time since last: 38625200 ns, Reaching safepoint: 175900 ns, At safepoint: 5738800 ns, Total: 5914700 ns
[2020-10-07T09:43:38.837+0000][38832][gc,marking   ] GC(166) Concurrent Clear Claimed Marks
[2020-10-07T09:43:38.838+0000][38832][gc,marking   ] GC(166) Concurrent Clear Claimed Marks 0.564ms
[2020-10-07T09:43:38.838+0000][38832][gc,marking   ] GC(166) Concurrent Scan Root Regions
[2020-10-07T09:43:38.840+0000][38832][gc,marking   ] GC(166) Concurrent Scan Root Regions 2.376ms
[2020-10-07T09:43:38.840+0000][38832][gc,marking   ] GC(166) Concurrent Mark (94.046s)
[2020-10-07T09:43:38.840+0000][38832][gc,marking   ] GC(166) Concurrent Mark From Roots
[2020-10-07T09:43:38.840+0000][38832][gc,task      ] GC(166) Using 2 workers of 2 for marking
[2020-10-07T09:43:39.019+0000][38832][gc,marking   ] GC(166) Concurrent Mark From Roots 178.665ms
[2020-10-07T09:43:39.019+0000][38832][gc,marking   ] GC(166) Concurrent Preclean
[2020-10-07T09:43:39.020+0000][38832][gc,marking   ] GC(166) Concurrent Preclean 1.044ms
[2020-10-07T09:43:39.020+0000][38832][gc,marking   ] GC(166) Concurrent Mark (94.046s, 94.226s) 179.967ms
[2020-10-07T09:43:39.021+0000][38832][gc,start     ] GC(166) Pause Remark
[2020-10-07T09:43:39.027+0000][38832][gc           ] GC(166) Pause Remark 563M->563M(1024M) 6.568ms
[2020-10-07T09:43:39.027+0000][38832][gc,cpu       ] GC(166) User=0.05s Sys=0.00s Real=0.01s
[2020-10-07T09:43:39.028+0000][38832][safepoint    ] Safepoint "G1Concurrent", Time since last: 183294700 ns, Reaching safepoint: 199100 ns, At safepoint: 7109000 ns, Total: 7308100 ns
[2020-10-07T09:43:39.028+0000][38832][gc,marking   ] GC(166) Concurrent Rebuild Remembered Sets
[2020-10-07T09:43:39.130+0000][38832][gc,marking   ] GC(166) Concurrent Rebuild Remembered Sets 101.999ms
[2020-10-07T09:43:39.131+0000][38832][gc,start     ] GC(166) Pause Cleanup
[2020-10-07T09:43:39.131+0000][38832][gc           ] GC(166) Pause Cleanup 591M->591M(1024M) 0.386ms
[2020-10-07T09:43:39.131+0000][38832][gc,cpu       ] GC(166) User=0.00s Sys=0.00s Real=0.00s
[2020-10-07T09:43:39.133+0000][38832][safepoint    ] Safepoint "G1Concurrent", Time since last: 102225200 ns, Reaching safepoint: 932200 ns, At safepoint: 2455800 ns, Total: 3388000 ns
[2020-10-07T09:43:39.133+0000][38832][gc,marking   ] GC(166) Concurrent Cleanup for Next Mark
[2020-10-07T09:43:39.135+0000][38832][gc,marking   ] GC(166) Concurrent Cleanup for Next Mark 1.885ms
[2020-10-07T09:43:39.135+0000][38832][gc           ] GC(166) Concurrent Cycle 298.410ms
[2020-10-07T09:43:39.170+0000][38832][gc,start     ] GC(167) Pause Young (Concurrent Start) (G1 Humongous Allocation)
[2020-10-07T09:43:39.170+0000][38832][gc,task      ] GC(167) Using 8 workers of 8 for evacuation
[2020-10-07T09:43:39.170+0000][38832][gc,age       ] GC(167) Desired survivor size 33030144 bytes, new threshold 15 (max threshold 15)
[2020-10-07T09:43:39.175+0000][38832][gc,age       ] GC(167) Age table with threshold 15 (max threshold 15)
[2020-10-07T09:43:39.175+0000][38832][gc,age       ] GC(167) - age   1:    3493976 bytes,    3493976 total
[2020-10-07T09:43:39.175+0000][38832][gc,age       ] GC(167) - age   2:      12680 bytes,    3506656 total
[2020-10-07T09:43:39.175+0000][38832][gc,age       ] GC(167) - age   3:       3896 bytes,    3510552 total
[2020-10-07T09:43:39.175+0000][38832][gc,age       ] GC(167) - age   4:       1632 bytes,    3512184 total
[2020-10-07T09:43:39.175+0000][38832][gc,age       ] GC(167) - age   5:      16656 bytes,    3528840 total
[2020-10-07T09:43:39.175+0000][38832][gc,age       ] GC(167) - age   6:      29320 bytes,    3558160 total
[2020-10-07T09:43:39.175+0000][38832][gc,age       ] GC(167) - age   7:       2520 bytes,    3560680 total
[2020-10-07T09:43:39.175+0000][38832][gc,age       ] GC(167) - age   8:       1880 bytes,    3562560 total
[2020-10-07T09:43:39.175+0000][38832][gc,age       ] GC(167) - age   9:      44160 bytes,    3606720 total
[2020-10-07T09:43:39.175+0000][38832][gc,age       ] GC(167) - age  10:       1392 bytes,    3608112 total
[2020-10-07T09:43:39.175+0000][38832][gc,age       ] GC(167) - age  11:      11744 bytes,    3619856 total
[2020-10-07T09:43:39.175+0000][38832][gc,age       ] GC(167) - age  12:       1880 bytes,    3621736 total
[2020-10-07T09:43:39.175+0000][38832][gc,age       ] GC(167) - age  13:      30680 bytes,    3652416 total
[2020-10-07T09:43:39.175+0000][38832][gc,age       ] GC(167) - age  14:       2512 bytes,    3654928 total
[2020-10-07T09:43:39.175+0000][38832][gc,age       ] GC(167) - age  15:       1728 bytes,    3656656 total
[2020-10-07T09:43:39.176+0000][38832][gc,phases    ] GC(167)   Pre Evacuate Collection Set: 0.5ms
[2020-10-07T09:43:39.176+0000][38832][gc,phases    ] GC(167)   Merge Heap Roots: 0.1ms
[2020-10-07T09:43:39.176+0000][38832][gc,phases    ] GC(167)   Evacuate Collection Set: 3.1ms
[2020-10-07T09:43:39.176+0000][38832][gc,phases    ] GC(167)   Post Evacuate Collection Set: 1.1ms
[2020-10-07T09:43:39.176+0000][38832][gc,phases    ] GC(167)   Other: 1.2ms
[2020-10-07T09:43:39.176+0000][38832][gc,heap      ] GC(167) Eden regions: 94->0(497)
[2020-10-07T09:43:39.176+0000][38832][gc,heap      ] GC(167) Survivor regions: 3->4(63)
[2020-10-07T09:43:39.176+0000][38832][gc,heap      ] GC(167) Old regions: 78->78
[2020-10-07T09:43:39.176+0000][38832][gc,heap      ] GC(167) Archive regions: 0->0
[2020-10-07T09:43:39.176+0000][38832][gc,heap      ] GC(167) Humongous regions: 426->174
[2020-10-07T09:43:39.176+0000][38832][gc,metaspace ] GC(167) Metaspace: 87562K(93440K)->87562K(93440K) NonClass: 76379K(79872K)->76379K(79872K) Class: 11182K(13568K)->11182K(13568K)
[2020-10-07T09:43:39.176+0000][38832][gc           ] GC(167) Pause Young (Concurrent Start) (G1 Humongous Allocation) 600M->255M(1024M) 6.467ms
[2020-10-07T09:43:39.176+0000][38832][gc,cpu       ] GC(167) User=0.00s Sys=0.00s Real=0.01s
[2020-10-07T09:43:39.176+0000][38832][gc           ] GC(168) Concurrent Cycle
[2020-10-07T09:43:39.176+0000][38832][safepoint    ] Safepoint "G1TryInitiateConcMark", Time since last: 36152400 ns, Reaching safepoint: 209200 ns, At safepoint: 6704400 ns, Total: 6913600 ns
[2020-10-07T09:43:39.176+0000][38832][gc,marking   ] GC(168) Concurrent Clear Claimed Marks
[2020-10-07T09:43:39.177+0000][38832][gc,marking   ] GC(168) Concurrent Clear Claimed Marks 0.414ms
[2020-10-07T09:43:39.177+0000][38832][gc,marking   ] GC(168) Concurrent Scan Root Regions
[2020-10-07T09:43:39.179+0000][38832][gc,marking   ] GC(168) Concurrent Scan Root Regions 2.319ms
[2020-10-07T09:43:39.179+0000][38832][gc,marking   ] GC(168) Concurrent Mark (94.385s)
[2020-10-07T09:43:39.179+0000][38832][gc,marking   ] GC(168) Concurrent Mark From Roots
[2020-10-07T09:43:39.179+0000][38832][gc,task      ] GC(168) Using 2 workers of 2 for marking
[2020-10-07T09:43:39.341+0000][38832][gc,marking   ] GC(168) Concurrent Mark From Roots 161.479ms
[2020-10-07T09:43:39.341+0000][38832][gc,marking   ] GC(168) Concurrent Preclean
[2020-10-07T09:43:39.342+0000][38832][gc,marking   ] GC(168) Concurrent Preclean 0.839ms
[2020-10-07T09:43:39.342+0000][38832][gc,marking   ] GC(168) Concurrent Mark (94.385s, 94.547s) 162.568ms
[2020-10-07T09:43:39.351+0000][38832][gc,start     ] GC(168) Pause Remark
[2020-10-07T09:43:39.357+0000][38832][gc           ] GC(168) Pause Remark 328M->328M(1024M) 6.448ms
[2020-10-07T09:43:39.357+0000][38832][gc,cpu       ] GC(168) User=0.00s Sys=0.00s Real=0.01s
[2020-10-07T09:43:39.360+0000][38832][safepoint    ] Safepoint "G1Concurrent", Time since last: 165614700 ns, Reaching safepoint: 8811900 ns, At safepoint: 8875400 ns, Total: 17687300 ns
[2020-10-07T09:43:39.360+0000][38832][gc,marking   ] GC(168) Concurrent Rebuild Remembered Sets
[2020-10-07T09:43:39.373+0000][38832][safepoint    ] Safepoint "BulkRevokeBias", Time since last: 9448100 ns, Reaching safepoint: 647000 ns, At safepoint: 2862400 ns, Total: 3509400 ns
[2020-10-07T09:43:39.465+0000][38832][gc,marking   ] GC(168) Concurrent Rebuild Remembered Sets 105.379ms
[2020-10-07T09:43:39.465+0000][38832][gc,start     ] GC(168) Pause Cleanup
[2020-10-07T09:43:39.466+0000][38832][gc           ] GC(168) Pause Cleanup 463M->463M(1024M) 0.362ms
[2020-10-07T09:43:39.466+0000][38832][gc,cpu       ] GC(168) User=0.00s Sys=0.00s Real=0.00s
[2020-10-07T09:43:39.466+0000][38832][safepoint    ] Safepoint "G1Concurrent", Time since last: 92684900 ns, Reaching safepoint: 209300 ns, At safepoint: 899700 ns, Total: 1109000 ns
[2020-10-07T09:43:39.466+0000][38832][gc,marking   ] GC(168) Concurrent Cleanup for Next Mark
[2020-10-07T09:43:39.469+0000][38832][gc,marking   ] GC(168) Concurrent Cleanup for Next Mark 2.130ms
[2020-10-07T09:43:39.469+0000][38832][gc           ] GC(168) Concurrent Cycle 292.466ms
[2020-10-07T09:43:39.474+0000][38832][gc,start     ] GC(169) Pause Young (Concurrent Start) (G1 Humongous Allocation)
[2020-10-07T09:43:39.474+0000][38832][gc,task      ] GC(169) Using 8 workers of 8 for evacuation
[2020-10-07T09:43:39.474+0000][38832][gc,age       ] GC(169) Desired survivor size 33030144 bytes, new threshold 15 (max threshold 15)
[2020-10-07T09:43:39.479+0000][38832][gc,age       ] GC(169) Age table with threshold 15 (max threshold 15)
[2020-10-07T09:43:39.479+0000][38832][gc,age       ] GC(169) - age   1:    6566192 bytes,    6566192 total
[2020-10-07T09:43:39.479+0000][38832][gc,age       ] GC(169) - age   2:      13688 bytes,    6579880 total
[2020-10-07T09:43:39.479+0000][38832][gc,age       ] GC(169) - age   3:      11416 bytes,    6591296 total
[2020-10-07T09:43:39.479+0000][38832][gc,age       ] GC(169) - age   4:       3408 bytes,    6594704 total
[2020-10-07T09:43:39.479+0000][38832][gc,age       ] GC(169) - age   5:       1536 bytes,    6596240 total
[2020-10-07T09:43:39.479+0000][38832][gc,age       ] GC(169) - age   6:      16656 bytes,    6612896 total
[2020-10-07T09:43:39.479+0000][38832][gc,age       ] GC(169) - age   7:      29320 bytes,    6642216 total
[2020-10-07T09:43:39.479+0000][38832][gc,age       ] GC(169) - age   8:       2520 bytes,    6644736 total
[2020-10-07T09:43:39.479+0000][38832][gc,age       ] GC(169) - age   9:       1880 bytes,    6646616 total
[2020-10-07T09:43:39.479+0000][38832][gc,age       ] GC(169) - age  10:      44160 bytes,    6690776 total
[2020-10-07T09:43:39.479+0000][38832][gc,age       ] GC(169) - age  11:       1360 bytes,    6692136 total
[2020-10-07T09:43:39.479+0000][38832][gc,age       ] GC(169) - age  12:      11744 bytes,    6703880 total
[2020-10-07T09:43:39.479+0000][38832][gc,age       ] GC(169) - age  13:       1880 bytes,    6705760 total
[2020-10-07T09:43:39.479+0000][38832][gc,age       ] GC(169) - age  14:      30680 bytes,    6736440 total
[2020-10-07T09:43:39.479+0000][38832][gc,age       ] GC(169) - age  15:       2512 bytes,    6738952 total
[2020-10-07T09:43:39.480+0000][38832][gc,phases    ] GC(169)   Pre Evacuate Collection Set: 0.4ms
[2020-10-07T09:43:39.480+0000][38832][gc,phases    ] GC(169)   Merge Heap Roots: 0.1ms
[2020-10-07T09:43:39.480+0000][38832][gc,phases    ] GC(169)   Evacuate Collection Set: 3.0ms
[2020-10-07T09:43:39.480+0000][38832][gc,phases    ] GC(169)   Post Evacuate Collection Set: 1.0ms
[2020-10-07T09:43:39.480+0000][38832][gc,phases    ] GC(169)   Other: 1.3ms
[2020-10-07T09:43:39.480+0000][38832][gc,heap      ] GC(169) Eden regions: 56->0(492)
[2020-10-07T09:43:39.480+0000][38832][gc,heap      ] GC(169) Survivor regions: 4->7(63)
[2020-10-07T09:43:39.480+0000][38832][gc,heap      ] GC(169) Old regions: 78->78
[2020-10-07T09:43:39.480+0000][38832][gc,heap      ] GC(169) Archive regions: 0->0
[2020-10-07T09:43:39.480+0000][38832][gc,heap      ] GC(169) Humongous regions: 330->174
[2020-10-07T09:43:39.480+0000][38832][gc,metaspace ] GC(169) Metaspace: 87574K(93440K)->87574K(93440K) NonClass: 76391K(79872K)->76391K(79872K) Class: 11182K(13568K)->11182K(13568K)
[2020-10-07T09:43:39.480+0000][38832][gc           ] GC(169) Pause Young (Concurrent Start) (G1 Humongous Allocation) 467M->258M(1024M) 6.383ms
[2020-10-07T09:43:39.480+0000][38832][gc,cpu       ] GC(169) User=0.05s Sys=0.00s Real=0.01s
[2020-10-07T09:43:39.480+0000][38832][gc           ] GC(170) Concurrent Cycle
[2020-10-07T09:43:39.480+0000][38832][gc,marking   ] GC(170) Concurrent Clear Claimed Marks
[2020-10-07T09:43:39.481+0000][38832][gc,marking   ] GC(170) Concurrent Clear Claimed Marks 0.339ms
[2020-10-07T09:43:39.481+0000][38832][gc,marking   ] GC(170) Concurrent Scan Root Regions
[2020-10-07T09:43:39.482+0000][38832][gc,marking   ] GC(170) Concurrent Scan Root Regions 1.646ms
[2020-10-07T09:43:39.482+0000][38832][gc,marking   ] GC(170) Concurrent Mark (94.688s)
[2020-10-07T09:43:39.483+0000][38832][gc,marking   ] GC(170) Concurrent Mark From Roots
[2020-10-07T09:43:39.483+0000][38832][gc,task      ] GC(170) Using 2 workers of 2 for marking
[2020-10-07T09:43:39.485+0000][38832][safepoint    ] Safepoint "G1TryInitiateConcMark", Time since last: 4521600 ns, Reaching safepoint: 2851600 ns, At safepoint: 11448000 ns, Total: 14299600 ns
[2020-10-07T09:43:39.671+0000][38832][gc,marking   ] GC(170) Concurrent Mark From Roots 188.180ms
[2020-10-07T09:43:39.671+0000][38832][gc,marking   ] GC(170) Concurrent Preclean
[2020-10-07T09:43:39.672+0000][38832][gc,marking   ] GC(170) Concurrent Preclean 0.865ms
[2020-10-07T09:43:39.672+0000][38832][gc,marking   ] GC(170) Concurrent Mark (94.688s, 94.878s) 189.322ms
[2020-10-07T09:43:39.695+0000][38832][gc,start     ] GC(170) Pause Remark
[2020-10-07T09:43:39.702+0000][38832][gc           ] GC(170) Pause Remark 395M->395M(1024M) 6.778ms
[2020-10-07T09:43:39.702+0000][38832][gc,cpu       ] GC(170) User=0.00s Sys=0.00s Real=0.01s
[2020-10-07T09:43:39.703+0000][38832][safepoint    ] Safepoint "G1Concurrent", Time since last: 186781800 ns, Reaching safepoint: 22794500 ns, At safepoint: 8231300 ns, Total: 31025800 ns
[2020-10-07T09:43:39.703+0000][38832][gc,marking   ] GC(170) Concurrent Rebuild Remembered Sets
[2020-10-07T09:43:39.806+0000][38832][gc,marking   ] GC(170) Concurrent Rebuild Remembered Sets 102.853ms
[2020-10-07T09:43:39.806+0000][38832][gc,start     ] GC(170) Pause Cleanup
[2020-10-07T09:43:39.807+0000][38832][gc           ] GC(170) Pause Cleanup 403M->403M(1024M) 0.346ms
[2020-10-07T09:43:39.807+0000][38832][gc,cpu       ] GC(170) User=0.00s Sys=0.00s Real=0.00s
[2020-10-07T09:43:39.807+0000][38832][safepoint    ] Safepoint "G1Concurrent", Time since last: 103165100 ns, Reaching safepoint: 182100 ns, At safepoint: 588200 ns, Total: 770300 ns
[2020-10-07T09:43:39.807+0000][38832][gc,marking   ] GC(170) Concurrent Cleanup for Next Mark
[2020-10-07T09:43:39.809+0000][38832][gc,marking   ] GC(170) Concurrent Cleanup for Next Mark 1.751ms
[2020-10-07T09:43:39.809+0000][38832][gc           ] GC(170) Concurrent Cycle 328.554ms
[2020-10-07T09:43:39.815+0000][38832][gc,start     ] GC(171) Pause Young (Concurrent Start) (G1 Humongous Allocation)
[2020-10-07T09:43:39.815+0000][38832][gc,task      ] GC(171) Using 8 workers of 8 for evacuation
[2020-10-07T09:43:39.815+0000][38832][gc,age       ] GC(171) Desired survivor size 33030144 bytes, new threshold 15 (max threshold 15)
[2020-10-07T09:43:39.819+0000][38832][gc,age       ] GC(171) Age table with threshold 15 (max threshold 15)
[2020-10-07T09:43:39.819+0000][38832][gc,age       ] GC(171) - age   1:     904408 bytes,     904408 total
[2020-10-07T09:43:39.819+0000][38832][gc,age       ] GC(171) - age   2:    2580544 bytes,    3484952 total
[2020-10-07T09:43:39.819+0000][38832][gc,age       ] GC(171) - age   3:      12808 bytes,    3497760 total
[2020-10-07T09:43:39.820+0000][38832][gc,age       ] GC(171) - age   4:      11112 bytes,    3508872 total
[2020-10-07T09:43:39.820+0000][38832][gc,age       ] GC(171) - age   5:       2552 bytes,    3511424 total
[2020-10-07T09:43:39.820+0000][38832][gc,age       ] GC(171) - age   6:       1472 bytes,    3512896 total
[2020-10-07T09:43:39.820+0000][38832][gc,age       ] GC(171) - age   7:      16656 bytes,    3529552 total
[2020-10-07T09:43:39.820+0000][38832][gc,age       ] GC(171) - age   8:      29320 bytes,    3558872 total
[2020-10-07T09:43:39.820+0000][38832][gc,age       ] GC(171) - age   9:       2520 bytes,    3561392 total
[2020-10-07T09:43:39.820+0000][38832][gc,age       ] GC(171) - age  10:       1880 bytes,    3563272 total
[2020-10-07T09:43:39.820+0000][38832][gc,age       ] GC(171) - age  11:      44160 bytes,    3607432 total
[2020-10-07T09:43:39.820+0000][38832][gc,age       ] GC(171) - age  12:       1360 bytes,    3608792 total
[2020-10-07T09:43:39.820+0000][38832][gc,age       ] GC(171) - age  13:      11744 bytes,    3620536 total
[2020-10-07T09:43:39.820+0000][38832][gc,age       ] GC(171) - age  14:       1880 bytes,    3622416 total
[2020-10-07T09:43:39.820+0000][38832][gc,age       ] GC(171) - age  15:      30680 bytes,    3653096 total
[2020-10-07T09:43:39.820+0000][38832][gc,phases    ] GC(171)   Pre Evacuate Collection Set: 0.5ms
[2020-10-07T09:43:39.820+0000][38832][gc,phases    ] GC(171)   Merge Heap Roots: 0.1ms
[2020-10-07T09:43:39.820+0000][38832][gc,phases    ] GC(171)   Evacuate Collection Set: 2.4ms
[2020-10-07T09:43:39.820+0000][38832][gc,phases    ] GC(171)   Post Evacuate Collection Set: 1.0ms
[2020-10-07T09:43:39.820+0000][38832][gc,phases    ] GC(171)   Other: 1.4ms
[2020-10-07T09:43:39.820+0000][38832][gc,heap      ] GC(171) Eden regions: 47->0(498)
[2020-10-07T09:43:39.820+0000][38832][gc,heap      ] GC(171) Survivor regions: 7->4(63)
[2020-10-07T09:43:39.820+0000][38832][gc,heap      ] GC(171) Old regions: 78->78
[2020-10-07T09:43:39.821+0000][38832][gc,heap      ] GC(171) Archive regions: 0->0
[2020-10-07T09:43:39.821+0000][38832][gc,heap      ] GC(171) Humongous regions: 274->174
[2020-10-07T09:43:39.821+0000][38832][gc,metaspace ] GC(171) Metaspace: 87578K(93440K)->87578K(93440K) NonClass: 76395K(79872K)->76395K(79872K) Class: 11182K(13568K)->11182K(13568K)
[2020-10-07T09:43:39.821+0000][38832][gc           ] GC(171) Pause Young (Concurrent Start) (G1 Humongous Allocation) 404M->255M(1024M) 5.986ms
[2020-10-07T09:43:39.821+0000][38832][gc,cpu       ] GC(171) User=0.09s Sys=0.00s Real=0.01s
[2020-10-07T09:43:39.821+0000][38832][safepoint    ] Safepoint "G1TryInitiateConcMark", Time since last: 7621300 ns, Reaching safepoint: 216400 ns, At safepoint: 6244500 ns, Total: 6460900 ns
[2020-10-07T09:43:39.821+0000][38832][gc           ] GC(172) Concurrent Cycle
[2020-10-07T09:43:39.821+0000][38832][gc,marking   ] GC(172) Concurrent Clear Claimed Marks
[2020-10-07T09:43:39.821+0000][38832][gc,marking   ] GC(172) Concurrent Clear Claimed Marks 0.362ms
[2020-10-07T09:43:39.821+0000][38832][gc,marking   ] GC(172) Concurrent Scan Root Regions
[2020-10-07T09:43:39.823+0000][38832][gc,marking   ] GC(172) Concurrent Scan Root Regions 2.017ms
[2020-10-07T09:43:39.824+0000][38832][gc,marking   ] GC(172) Concurrent Mark (95.029s)
[2020-10-07T09:43:39.824+0000][38832][gc,marking   ] GC(172) Concurrent Mark From Roots
[2020-10-07T09:43:39.824+0000][38832][gc,task      ] GC(172) Using 2 workers of 2 for marking
[2020-10-07T09:43:40.003+0000][38832][gc,marking   ] GC(172) Concurrent Mark From Roots 179.179ms
[2020-10-07T09:43:40.003+0000][38832][gc,marking   ] GC(172) Concurrent Preclean
[2020-10-07T09:43:40.004+0000][38832][gc,marking   ] GC(172) Concurrent Preclean 1.510ms
[2020-10-07T09:43:40.004+0000][38832][gc,marking   ] GC(172) Concurrent Mark (95.029s, 95.210s) 181.048ms
[2020-10-07T09:43:40.005+0000][38832][gc,start     ] GC(172) Pause Remark
[2020-10-07T09:43:40.012+0000][38832][gc           ] GC(172) Pause Remark 345M->345M(1024M) 7.197ms
[2020-10-07T09:43:40.012+0000][38832][gc,cpu       ] GC(172) User=0.03s Sys=0.00s Real=0.01s
[2020-10-07T09:43:40.014+0000][38832][safepoint    ] Safepoint "G1Concurrent", Time since last: 183847100 ns, Reaching safepoint: 267000 ns, At safepoint: 9434800 ns, Total: 9701800 ns
[2020-10-07T09:43:40.015+0000][38832][gc,marking   ] GC(172) Concurrent Rebuild Remembered Sets
[2020-10-07T09:43:40.033+0000][38832][safepoint    ] Safepoint "BulkRevokeBias", Time since last: 6556700 ns, Reaching safepoint: 809400 ns, At safepoint: 10817000 ns, Total: 11626400 ns
[2020-10-07T09:43:40.130+0000][38832][gc,marking   ] GC(172) Concurrent Rebuild Remembered Sets 115.423ms
[2020-10-07T09:43:40.141+0000][38832][gc,start     ] GC(172) Pause Cleanup
[2020-10-07T09:43:40.141+0000][38832][gc           ] GC(172) Pause Cleanup 593M->593M(1024M) 0.372ms
[2020-10-07T09:43:40.141+0000][38832][gc,cpu       ] GC(172) User=0.00s Sys=0.00s Real=0.00s
[2020-10-07T09:43:40.143+0000][38832][safepoint    ] Safepoint "G1Concurrent", Time since last: 97536100 ns, Reaching safepoint: 10610900 ns, At safepoint: 2641300 ns, Total: 13252200 ns
[2020-10-07T09:43:40.143+0000][38832][gc,marking   ] GC(172) Concurrent Cleanup for Next Mark
[2020-10-07T09:43:40.145+0000][38832][gc,marking   ] GC(172) Concurrent Cleanup for Next Mark 1.917ms
[2020-10-07T09:43:40.146+0000][38832][gc           ] GC(172) Concurrent Cycle 324.746ms
[2020-10-07T09:43:40.156+0000][38832][gc,start     ] GC(173) Pause Young (Concurrent Start) (G1 Humongous Allocation)
[2020-10-07T09:43:40.156+0000][38832][gc,task      ] GC(173) Using 8 workers of 8 for evacuation
[2020-10-07T09:43:40.156+0000][38832][gc,age       ] GC(173) Desired survivor size 33030144 bytes, new threshold 15 (max threshold 15)
[2020-10-07T09:43:40.161+0000][38832][gc,age       ] GC(173) Age table with threshold 15 (max threshold 15)
[2020-10-07T09:43:40.161+0000][38832][gc,age       ] GC(173) - age   1:    3853568 bytes,    3853568 total
[2020-10-07T09:43:40.161+0000][38832][gc,age       ] GC(173) - age   2:       2248 bytes,    3855816 total
[2020-10-07T09:43:40.161+0000][38832][gc,age       ] GC(173) - age   3:       1536 bytes,    3857352 total
[2020-10-07T09:43:40.161+0000][38832][gc,age       ] GC(173) - age   4:      11880 bytes,    3869232 total
[2020-10-07T09:43:40.161+0000][38832][gc,age       ] GC(173) - age   5:      11080 bytes,    3880312 total
[2020-10-07T09:43:40.161+0000][38832][gc,age       ] GC(173) - age   6:       2520 bytes,    3882832 total
[2020-10-07T09:43:40.161+0000][38832][gc,age       ] GC(173) - age   7:       1472 bytes,    3884304 total
[2020-10-07T09:43:40.161+0000][38832][gc,age       ] GC(173) - age   8:      16656 bytes,    3900960 total
[2020-10-07T09:43:40.161+0000][38832][gc,age       ] GC(173) - age   9:      29224 bytes,    3930184 total
[2020-10-07T09:43:40.161+0000][38832][gc,age       ] GC(173) - age  10:       2520 bytes,    3932704 total
[2020-10-07T09:43:40.161+0000][38832][gc,age       ] GC(173) - age  11:       1880 bytes,    3934584 total
[2020-10-07T09:43:40.161+0000][38832][gc,age       ] GC(173) - age  12:      44160 bytes,    3978744 total
[2020-10-07T09:43:40.161+0000][38832][gc,age       ] GC(173) - age  13:       1296 bytes,    3980040 total
[2020-10-07T09:43:40.161+0000][38832][gc,age       ] GC(173) - age  14:      11744 bytes,    3991784 total
[2020-10-07T09:43:40.161+0000][38832][gc,age       ] GC(173) - age  15:       1752 bytes,    3993536 total
[2020-10-07T09:43:40.162+0000][38832][gc,phases    ] GC(173)   Pre Evacuate Collection Set: 0.4ms
[2020-10-07T09:43:40.162+0000][38832][gc,phases    ] GC(173)   Merge Heap Roots: 0.1ms
[2020-10-07T09:43:40.162+0000][38832][gc,phases    ] GC(173)   Evacuate Collection Set: 2.9ms
[2020-10-07T09:43:40.162+0000][38832][gc,phases    ] GC(173)   Post Evacuate Collection Set: 1.2ms
[2020-10-07T09:43:40.162+0000][38832][gc,phases    ] GC(173)   Other: 1.3ms
[2020-10-07T09:43:40.162+0000][38832][gc,heap      ] GC(173) Eden regions: 84->0(497)
[2020-10-07T09:43:40.162+0000][38832][gc,heap      ] GC(173) Survivor regions: 4->4(63)
[2020-10-07T09:43:40.162+0000][38832][gc,heap      ] GC(173) Old regions: 78->78
[2020-10-07T09:43:40.162+0000][38832][gc,heap      ] GC(173) Archive regions: 0->0
[2020-10-07T09:43:40.162+0000][38832][gc,heap      ] GC(173) Humongous regions: 431->174
[2020-10-07T09:43:40.162+0000][38832][gc,metaspace ] GC(173) Metaspace: 87603K(93440K)->87603K(93440K) NonClass: 76420K(79872K)->76420K(79872K) Class: 11182K(13568K)->11182K(13568K)
[2020-10-07T09:43:40.162+0000][38832][gc           ] GC(173) Pause Young (Concurrent Start) (G1 Humongous Allocation) 595M->255M(1024M) 6.430ms
[2020-10-07T09:43:40.162+0000][38832][gc,cpu       ] GC(173) User=0.00s Sys=0.00s Real=0.01s
[2020-10-07T09:43:40.162+0000][38832][gc           ] GC(174) Concurrent Cycle
[2020-10-07T09:43:40.162+0000][38832][gc,marking   ] GC(174) Concurrent Clear Claimed Marks
[2020-10-07T09:43:40.163+0000][38832][gc,marking   ] GC(174) Concurrent Clear Claimed Marks 0.410ms
[2020-10-07T09:43:40.163+0000][38832][gc,marking   ] GC(174) Concurrent Scan Root Regions
[2020-10-07T09:43:40.165+0000][38832][gc,marking   ] GC(174) Concurrent Scan Root Regions 1.934ms
[2020-10-07T09:43:40.165+0000][38832][gc,marking   ] GC(174) Concurrent Mark (95.371s)
[2020-10-07T09:43:40.165+0000][38832][gc,marking   ] GC(174) Concurrent Mark From Roots
[2020-10-07T09:43:40.165+0000][38832][gc,task      ] GC(174) Using 2 workers of 2 for marking
[2020-10-07T09:43:40.170+0000][38832][safepoint    ] Safepoint "G1TryInitiateConcMark", Time since last: 5590700 ns, Reaching safepoint: 6782500 ns, At safepoint: 13905000 ns, Total: 20687500 ns
[2020-10-07T09:43:40.352+0000][38832][gc,marking   ] GC(174) Concurrent Mark From Roots 186.065ms
[2020-10-07T09:43:40.352+0000][38832][gc,marking   ] GC(174) Concurrent Preclean
[2020-10-07T09:43:40.353+0000][38832][gc,marking   ] GC(174) Concurrent Preclean 0.910ms
[2020-10-07T09:43:40.353+0000][38832][gc,marking   ] GC(174) Concurrent Mark (95.371s, 95.558s) 187.217ms
[2020-10-07T09:43:40.353+0000][38832][gc,start     ] GC(174) Pause Remark
[2020-10-07T09:43:40.360+0000][38832][gc           ] GC(174) Pause Remark 342M->342M(1024M) 6.679ms
[2020-10-07T09:43:40.360+0000][38832][gc,cpu       ] GC(174) User=0.00s Sys=0.00s Real=0.01s
[2020-10-07T09:43:40.360+0000][38832][safepoint    ] Safepoint "G1Concurrent", Time since last: 182637200 ns, Reaching safepoint: 214100 ns, At safepoint: 6941400 ns, Total: 7155500 ns
[2020-10-07T09:43:40.360+0000][38832][gc,marking   ] GC(174) Concurrent Rebuild Remembered Sets
[2020-10-07T09:43:40.464+0000][38832][gc,marking   ] GC(174) Concurrent Rebuild Remembered Sets 104.427ms
[2020-10-07T09:43:40.476+0000][38832][gc,start     ] GC(174) Pause Cleanup
[2020-10-07T09:43:40.476+0000][38832][gc           ] GC(174) Pause Cleanup 545M->545M(1024M) 0.391ms
[2020-10-07T09:43:40.476+0000][38832][gc,cpu       ] GC(174) User=0.00s Sys=0.00s Real=0.00s
[2020-10-07T09:43:40.476+0000][38832][safepoint    ] Safepoint "G1Concurrent", Time since last: 104647600 ns, Reaching safepoint: 11682500 ns, At safepoint: 668400 ns, Total: 12350900 ns
[2020-10-07T09:43:40.476+0000][38832][gc,marking   ] GC(174) Concurrent Cleanup for Next Mark
[2020-10-07T09:43:40.478+0000][38832][gc,marking   ] GC(174) Concurrent Cleanup for Next Mark 1.909ms
[2020-10-07T09:43:40.478+0000][38832][gc           ] GC(174) Concurrent Cycle 316.158ms
[2020-10-07T09:43:40.517+0000][38832][gc,start     ] GC(175) Pause Young (Concurrent Start) (G1 Humongous Allocation)
[2020-10-07T09:43:40.517+0000][38832][gc,task      ] GC(175) Using 8 workers of 8 for evacuation
[2020-10-07T09:43:40.517+0000][38832][gc,age       ] GC(175) Desired survivor size 33030144 bytes, new threshold 15 (max threshold 15)
[2020-10-07T09:43:40.522+0000][38832][gc,age       ] GC(175) Age table with threshold 15 (max threshold 15)
[2020-10-07T09:43:40.522+0000][38832][gc,age       ] GC(175) - age   1:    6805696 bytes,    6805696 total
[2020-10-07T09:43:40.522+0000][38832][gc,age       ] GC(175) - age   2:       3376 bytes,    6809072 total
[2020-10-07T09:43:40.522+0000][38832][gc,age       ] GC(175) - age   3:       1536 bytes,    6810608 total
[2020-10-07T09:43:40.522+0000][38832][gc,age       ] GC(175) - age   4:        496 bytes,    6811104 total
[2020-10-07T09:43:40.522+0000][38832][gc,age       ] GC(175) - age   5:      11728 bytes,    6822832 total
[2020-10-07T09:43:40.522+0000][38832][gc,age       ] GC(175) - age   6:      11048 bytes,    6833880 total
[2020-10-07T09:43:40.523+0000][38832][gc,age       ] GC(175) - age   7:       2400 bytes,    6836280 total
[2020-10-07T09:43:40.523+0000][38832][gc,age       ] GC(175) - age   8:       1440 bytes,    6837720 total
[2020-10-07T09:43:40.523+0000][38832][gc,age       ] GC(175) - age   9:      16656 bytes,    6854376 total
[2020-10-07T09:43:40.523+0000][38832][gc,age       ] GC(175) - age  10:      29224 bytes,    6883600 total
[2020-10-07T09:43:40.523+0000][38832][gc,age       ] GC(175) - age  11:       2520 bytes,    6886120 total
[2020-10-07T09:43:40.523+0000][38832][gc,age       ] GC(175) - age  12:       1880 bytes,    6888000 total
[2020-10-07T09:43:40.523+0000][38832][gc,age       ] GC(175) - age  13:      44160 bytes,    6932160 total
[2020-10-07T09:43:40.523+0000][38832][gc,age       ] GC(175) - age  14:       1296 bytes,    6933456 total
[2020-10-07T09:43:40.523+0000][38832][gc,age       ] GC(175) - age  15:      11744 bytes,    6945200 total
[2020-10-07T09:43:40.523+0000][38832][gc,phases    ] GC(175)   Pre Evacuate Collection Set: 0.4ms
[2020-10-07T09:43:40.523+0000][38832][gc,phases    ] GC(175)   Merge Heap Roots: 0.1ms
[2020-10-07T09:43:40.523+0000][38832][gc,phases    ] GC(175)   Evacuate Collection Set: 2.9ms
[2020-10-07T09:43:40.523+0000][38832][gc,phases    ] GC(175)   Post Evacuate Collection Set: 1.1ms
[2020-10-07T09:43:40.523+0000][38832][gc,phases    ] GC(175)   Other: 1.3ms
[2020-10-07T09:43:40.523+0000][38832][gc,heap      ] GC(175) Eden regions: 89->0(492)
[2020-10-07T09:43:40.523+0000][38832][gc,heap      ] GC(175) Survivor regions: 4->7(63)
[2020-10-07T09:43:40.523+0000][38832][gc,heap      ] GC(175) Old regions: 78->78
[2020-10-07T09:43:40.523+0000][38832][gc,heap      ] GC(175) Archive regions: 0->0
[2020-10-07T09:43:40.523+0000][38832][gc,heap      ] GC(175) Humongous regions: 377->174
[2020-10-07T09:43:40.523+0000][38832][gc,metaspace ] GC(175) Metaspace: 87643K(93696K)->87643K(93696K) NonClass: 76460K(80128K)->76460K(80128K) Class: 11182K(13568K)->11182K(13568K)
[2020-10-07T09:43:40.523+0000][38832][gc           ] GC(175) Pause Young (Concurrent Start) (G1 Humongous Allocation) 547M->258M(1024M) 6.276ms
[2020-10-07T09:43:40.523+0000][38832][gc,cpu       ] GC(175) User=0.03s Sys=0.00s Real=0.01s
[2020-10-07T09:43:40.523+0000][38832][gc           ] GC(176) Concurrent Cycle
[2020-10-07T09:43:40.523+0000][38832][gc,marking   ] GC(176) Concurrent Clear Claimed Marks
[2020-10-07T09:43:40.524+0000][38832][gc,marking   ] GC(176) Concurrent Clear Claimed Marks 0.434ms
[2020-10-07T09:43:40.524+0000][38832][gc,marking   ] GC(176) Concurrent Scan Root Regions
[2020-10-07T09:43:40.524+0000][38832][safepoint    ] Safepoint "G1TryInitiateConcMark", Time since last: 39448400 ns, Reaching safepoint: 944000 ns, At safepoint: 7148000 ns, Total: 8092000 ns
[2020-10-07T09:43:40.526+0000][38832][gc,marking   ] GC(176) Concurrent Scan Root Regions 2.383ms
[2020-10-07T09:43:40.526+0000][38832][gc,marking   ] GC(176) Concurrent Mark (95.732s)
[2020-10-07T09:43:40.526+0000][38832][gc,marking   ] GC(176) Concurrent Mark From Roots
[2020-10-07T09:43:40.526+0000][38832][gc,task      ] GC(176) Using 2 workers of 2 for marking
[2020-10-07T09:43:40.708+0000][38832][gc,marking   ] GC(176) Concurrent Mark From Roots 181.829ms
[2020-10-07T09:43:40.708+0000][38832][gc,marking   ] GC(176) Concurrent Preclean
[2020-10-07T09:43:40.709+0000][38832][gc,marking   ] GC(176) Concurrent Preclean 0.917ms
[2020-10-07T09:43:40.709+0000][38832][gc,marking   ] GC(176) Concurrent Mark (95.732s, 95.915s) 182.952ms
[2020-10-07T09:43:40.710+0000][38832][gc,start     ] GC(176) Pause Remark
[2020-10-07T09:43:40.717+0000][38832][gc           ] GC(176) Pause Remark 329M->329M(1024M) 6.946ms
[2020-10-07T09:43:40.717+0000][38832][gc,cpu       ] GC(176) User=0.00s Sys=0.00s Real=0.01s
[2020-10-07T09:43:40.718+0000][38832][safepoint    ] Safepoint "G1Concurrent", Time since last: 185444700 ns, Reaching safepoint: 408200 ns, At safepoint: 8508000 ns, Total: 8916200 ns
[2020-10-07T09:43:40.718+0000][38832][gc,marking   ] GC(176) Concurrent Rebuild Remembered Sets
[2020-10-07T09:43:40.816+0000][38832][gc,marking   ] GC(176) Concurrent Rebuild Remembered Sets 97.675ms
[2020-10-07T09:43:40.816+0000][38832][gc,start     ] GC(176) Pause Cleanup
[2020-10-07T09:43:40.817+0000][38832][gc           ] GC(176) Pause Cleanup 394M->394M(1024M) 0.310ms
[2020-10-07T09:43:40.817+0000][38832][gc,cpu       ] GC(176) User=0.00s Sys=0.00s Real=0.00s
[2020-10-07T09:43:40.817+0000][38832][safepoint    ] Safepoint "G1Concurrent", Time since last: 97973000 ns, Reaching safepoint: 155700 ns, At safepoint: 509900 ns, Total: 665600 ns
[2020-10-07T09:43:40.817+0000][38832][gc,marking   ] GC(176) Concurrent Cleanup for Next Mark
[2020-10-07T09:43:40.819+0000][38832][gc,marking   ] GC(176) Concurrent Cleanup for Next Mark 1.809ms
[2020-10-07T09:43:40.819+0000][38832][gc           ] GC(176) Concurrent Cycle 295.644ms
[2020-10-07T09:43:40.916+0000][38832][gc,start     ] GC(177) Pause Young (Concurrent Start) (G1 Humongous Allocation)
[2020-10-07T09:43:40.916+0000][38832][gc,task      ] GC(177) Using 8 workers of 8 for evacuation
[2020-10-07T09:43:40.916+0000][38832][gc,age       ] GC(177) Desired survivor size 33030144 bytes, new threshold 15 (max threshold 15)
[2020-10-07T09:43:40.920+0000][38832][gc,age       ] GC(177) Age table with threshold 15 (max threshold 15)
[2020-10-07T09:43:40.920+0000][38832][gc,age       ] GC(177) - age   1:    5454792 bytes,    5454792 total
[2020-10-07T09:43:40.920+0000][38832][gc,age       ] GC(177) - age   2:       4528 bytes,    5459320 total
[2020-10-07T09:43:40.920+0000][38832][gc,age       ] GC(177) - age   3:       2592 bytes,    5461912 total
[2020-10-07T09:43:40.920+0000][38832][gc,age       ] GC(177) - age   4:        408 bytes,    5462320 total
[2020-10-07T09:43:40.920+0000][38832][gc,age       ] GC(177) - age   5:        432 bytes,    5462752 total
[2020-10-07T09:43:40.920+0000][38832][gc,age       ] GC(177) - age   6:      11632 bytes,    5474384 total
[2020-10-07T09:43:40.920+0000][38832][gc,age       ] GC(177) - age   7:      10952 bytes,    5485336 total
[2020-10-07T09:43:40.920+0000][38832][gc,age       ] GC(177) - age   8:       2368 bytes,    5487704 total
[2020-10-07T09:43:40.920+0000][38832][gc,age       ] GC(177) - age   9:       1440 bytes,    5489144 total
[2020-10-07T09:43:40.921+0000][38832][gc,age       ] GC(177) - age  10:      16656 bytes,    5505800 total
[2020-10-07T09:43:40.921+0000][38832][gc,age       ] GC(177) - age  11:      29224 bytes,    5535024 total
[2020-10-07T09:43:40.921+0000][38832][gc,age       ] GC(177) - age  12:       2488 bytes,    5537512 total
[2020-10-07T09:43:40.921+0000][38832][gc,age       ] GC(177) - age  13:       1880 bytes,    5539392 total
[2020-10-07T09:43:40.921+0000][38832][gc,age       ] GC(177) - age  14:      44160 bytes,    5583552 total
[2020-10-07T09:43:40.921+0000][38832][gc,age       ] GC(177) - age  15:       1296 bytes,    5584848 total
[2020-10-07T09:43:40.921+0000][38832][gc,phases    ] GC(177)   Pre Evacuate Collection Set: 0.4ms
[2020-10-07T09:43:40.921+0000][38832][gc,phases    ] GC(177)   Merge Heap Roots: 0.2ms
[2020-10-07T09:43:40.921+0000][38832][gc,phases    ] GC(177)   Evacuate Collection Set: 2.4ms
[2020-10-07T09:43:40.921+0000][38832][gc,phases    ] GC(177)   Post Evacuate Collection Set: 0.7ms
[2020-10-07T09:43:40.921+0000][38832][gc,phases    ] GC(177)   Other: 1.4ms
[2020-10-07T09:43:40.921+0000][38832][gc,heap      ] GC(177) Eden regions: 57->0(492)
[2020-10-07T09:43:40.921+0000][38832][gc,heap      ] GC(177) Survivor regions: 7->6(63)
[2020-10-07T09:43:40.921+0000][38832][gc,heap      ] GC(177) Old regions: 78->78
[2020-10-07T09:43:40.921+0000][38832][gc,heap      ] GC(177) Archive regions: 0->0
[2020-10-07T09:43:40.921+0000][38832][gc,heap      ] GC(177) Humongous regions: 278->174
[2020-10-07T09:43:40.921+0000][38832][gc,metaspace ] GC(177) Metaspace: 87658K(93696K)->87658K(93696K) NonClass: 76475K(80128K)->76475K(80128K) Class: 11182K(13568K)->11182K(13568K)
[2020-10-07T09:43:40.921+0000][38832][gc           ] GC(177) Pause Young (Concurrent Start) (G1 Humongous Allocation) 419M->257M(1024M) 5.611ms
[2020-10-07T09:43:40.922+0000][38832][gc,cpu       ] GC(177) User=0.00s Sys=0.00s Real=0.01s
[2020-10-07T09:43:40.922+0000][38832][gc           ] GC(178) Concurrent Cycle
[2020-10-07T09:43:40.922+0000][38832][gc,marking   ] GC(178) Concurrent Clear Claimed Marks
[2020-10-07T09:43:40.922+0000][38832][safepoint    ] Safepoint "G1TryInitiateConcMark", Time since last: 98655000 ns, Reaching safepoint: 256700 ns, At safepoint: 6006000 ns, Total: 6262700 ns
[2020-10-07T09:43:40.922+0000][38832][gc,marking   ] GC(178) Concurrent Clear Claimed Marks 0.328ms
[2020-10-07T09:43:40.922+0000][38832][gc,marking   ] GC(178) Concurrent Scan Root Regions
[2020-10-07T09:43:40.924+0000][38832][gc,marking   ] GC(178) Concurrent Scan Root Regions 1.811ms
[2020-10-07T09:43:40.925+0000][38832][gc,marking   ] GC(178) Concurrent Mark (96.130s)
[2020-10-07T09:43:40.925+0000][38832][gc,marking   ] GC(178) Concurrent Mark From Roots
[2020-10-07T09:43:40.925+0000][38832][gc,task      ] GC(178) Using 2 workers of 2 for marking
[2020-10-07T09:43:41.098+0000][38832][gc,marking   ] GC(178) Concurrent Mark From Roots 173.974ms
[2020-10-07T09:43:41.098+0000][38832][gc,marking   ] GC(178) Concurrent Preclean
[2020-10-07T09:43:41.099+0000][38832][gc,marking   ] GC(178) Concurrent Preclean 0.803ms
[2020-10-07T09:43:41.099+0000][38832][gc,marking   ] GC(178) Concurrent Mark (96.130s, 96.305s) 175.345ms
[2020-10-07T09:43:41.100+0000][38832][gc,start     ] GC(178) Pause Remark
[2020-10-07T09:43:41.108+0000][38832][gc           ] GC(178) Pause Remark 453M->453M(1024M) 8.823ms
[2020-10-07T09:43:41.109+0000][38832][gc,cpu       ] GC(178) User=0.00s Sys=0.00s Real=0.01s
[2020-10-07T09:43:41.109+0000][38832][safepoint    ] Safepoint "G1Concurrent", Time since last: 177689900 ns, Reaching safepoint: 215000 ns, At safepoint: 9095200 ns, Total: 9310200 ns
[2020-10-07T09:43:41.109+0000][38832][gc,marking   ] GC(178) Concurrent Rebuild Remembered Sets
[2020-10-07T09:43:41.207+0000][38832][gc,marking   ] GC(178) Concurrent Rebuild Remembered Sets 98.645ms
[2020-10-07T09:43:41.213+0000][38832][gc,start     ] GC(178) Pause Cleanup
[2020-10-07T09:43:41.213+0000][38832][gc           ] GC(178) Pause Cleanup 516M->516M(1024M) 0.363ms
[2020-10-07T09:43:41.213+0000][38832][gc,cpu       ] GC(178) User=0.00s Sys=0.00s Real=0.00s
[2020-10-07T09:43:41.213+0000][38832][safepoint    ] Safepoint "G1Concurrent", Time since last: 98862700 ns, Reaching safepoint: 5102100 ns, At safepoint: 610300 ns, Total: 5712400 ns
[2020-10-07T09:43:41.213+0000][38832][gc,marking   ] GC(178) Concurrent Cleanup for Next Mark
[2020-10-07T09:43:41.215+0000][38832][gc,marking   ] GC(178) Concurrent Cleanup for Next Mark 1.658ms
[2020-10-07T09:43:41.215+0000][38832][gc           ] GC(178) Concurrent Cycle 293.587ms
[2020-10-07T09:43:41.261+0000][38832][gc,start     ] GC(179) Pause Young (Concurrent Start) (G1 Humongous Allocation)
[2020-10-07T09:43:41.261+0000][38832][gc,task      ] GC(179) Using 8 workers of 8 for evacuation
[2020-10-07T09:43:41.261+0000][38832][gc,age       ] GC(179) Desired survivor size 33030144 bytes, new threshold 15 (max threshold 15)
[2020-10-07T09:43:41.265+0000][38832][gc,age       ] GC(179) Age table with threshold 15 (max threshold 15)
[2020-10-07T09:43:41.265+0000][38832][gc,age       ] GC(179) - age   1:    3099784 bytes,    3099784 total
[2020-10-07T09:43:41.265+0000][38832][gc,age       ] GC(179) - age   2:     576776 bytes,    3676560 total
[2020-10-07T09:43:41.265+0000][38832][gc,age       ] GC(179) - age   3:       3680 bytes,    3680240 total
[2020-10-07T09:43:41.265+0000][38832][gc,age       ] GC(179) - age   4:       2336 bytes,    3682576 total
[2020-10-07T09:43:41.265+0000][38832][gc,age       ] GC(179) - age   5:        408 bytes,    3682984 total
[2020-10-07T09:43:41.265+0000][38832][gc,age       ] GC(179) - age   6:        432 bytes,    3683416 total
[2020-10-07T09:43:41.265+0000][38832][gc,age       ] GC(179) - age   7:      11632 bytes,    3695048 total
[2020-10-07T09:43:41.265+0000][38832][gc,age       ] GC(179) - age   8:      10952 bytes,    3706000 total
[2020-10-07T09:43:41.266+0000][38832][gc,age       ] GC(179) - age   9:       2368 bytes,    3708368 total
[2020-10-07T09:43:41.266+0000][38832][gc,age       ] GC(179) - age  10:       1408 bytes,    3709776 total
[2020-10-07T09:43:41.266+0000][38832][gc,age       ] GC(179) - age  11:      16656 bytes,    3726432 total
[2020-10-07T09:43:41.266+0000][38832][gc,age       ] GC(179) - age  12:      29224 bytes,    3755656 total
[2020-10-07T09:43:41.266+0000][38832][gc,age       ] GC(179) - age  13:       2488 bytes,    3758144 total
[2020-10-07T09:43:41.266+0000][38832][gc,age       ] GC(179) - age  14:       1880 bytes,    3760024 total
[2020-10-07T09:43:41.266+0000][38832][gc,age       ] GC(179) - age  15:      44160 bytes,    3804184 total
[2020-10-07T09:43:41.266+0000][38832][gc,phases    ] GC(179)   Pre Evacuate Collection Set: 0.5ms
[2020-10-07T09:43:41.266+0000][38832][gc,phases    ] GC(179)   Merge Heap Roots: 0.1ms
[2020-10-07T09:43:41.266+0000][38832][gc,phases    ] GC(179)   Evacuate Collection Set: 2.1ms
[2020-10-07T09:43:41.266+0000][38832][gc,phases    ] GC(179)   Post Evacuate Collection Set: 1.0ms
[2020-10-07T09:43:41.266+0000][38832][gc,phases    ] GC(179)   Other: 1.3ms
[2020-10-07T09:43:41.266+0000][38832][gc,heap      ] GC(179) Eden regions: 64->0(447)
[2020-10-07T09:43:41.266+0000][38832][gc,heap      ] GC(179) Survivor regions: 6->4(63)
[2020-10-07T09:43:41.266+0000][38832][gc,heap      ] GC(179) Old regions: 78->78
[2020-10-07T09:43:41.266+0000][38832][gc,heap      ] GC(179) Archive regions: 0->0
[2020-10-07T09:43:41.266+0000][38832][gc,heap      ] GC(179) Humongous regions: 378->174
[2020-10-07T09:43:41.266+0000][38832][gc,metaspace ] GC(179) Metaspace: 87658K(93696K)->87658K(93696K) NonClass: 76475K(80128K)->76475K(80128K) Class: 11182K(13568K)->11182K(13568K)
[2020-10-07T09:43:41.267+0000][38832][gc           ] GC(179) Pause Young (Concurrent Start) (G1 Humongous Allocation) 525M->255M(1024M) 5.553ms
[2020-10-07T09:43:41.267+0000][38832][gc,cpu       ] GC(179) User=0.00s Sys=0.00s Real=0.01s
[2020-10-07T09:43:41.267+0000][38832][gc           ] GC(180) Concurrent Cycle
[2020-10-07T09:43:41.267+0000][38832][gc,marking   ] GC(180) Concurrent Clear Claimed Marks
[2020-10-07T09:43:41.267+0000][38832][safepoint    ] Safepoint "G1TryInitiateConcMark", Time since last: 46730800 ns, Reaching safepoint: 889100 ns, At safepoint: 5918200 ns, Total: 6807300 ns
[2020-10-07T09:43:41.267+0000][38832][gc,marking   ] GC(180) Concurrent Clear Claimed Marks 0.439ms
[2020-10-07T09:43:41.267+0000][38832][gc,marking   ] GC(180) Concurrent Scan Root Regions
[2020-10-07T09:43:41.270+0000][38832][gc,marking   ] GC(180) Concurrent Scan Root Regions 2.369ms
[2020-10-07T09:43:41.270+0000][38832][gc,marking   ] GC(180) Concurrent Mark (96.476s)
[2020-10-07T09:43:41.270+0000][38832][gc,marking   ] GC(180) Concurrent Mark From Roots
[2020-10-07T09:43:41.270+0000][38832][gc,task      ] GC(180) Using 2 workers of 2 for marking
[2020-10-07T09:43:41.444+0000][38832][gc,marking   ] GC(180) Concurrent Mark From Roots 174.525ms
[2020-10-07T09:43:41.444+0000][38832][gc,marking   ] GC(180) Concurrent Preclean
[2020-10-07T09:43:41.445+0000][38832][gc,marking   ] GC(180) Concurrent Preclean 0.848ms
[2020-10-07T09:43:41.445+0000][38832][gc,marking   ] GC(180) Concurrent Mark (96.476s, 96.651s) 175.607ms
[2020-10-07T09:43:41.453+0000][38832][gc,start     ] GC(180) Pause Remark
[2020-10-07T09:43:41.459+0000][38832][gc           ] GC(180) Pause Remark 325M->325M(1024M) 6.264ms
[2020-10-07T09:43:41.459+0000][38832][gc,cpu       ] GC(180) User=0.13s Sys=0.00s Real=0.01s
[2020-10-07T09:43:41.459+0000][38832][safepoint    ] Safepoint "G1Concurrent", Time since last: 178639200 ns, Reaching safepoint: 7226600 ns, At safepoint: 6597300 ns, Total: 13823900 ns
[2020-10-07T09:43:41.459+0000][38832][gc,marking   ] GC(180) Concurrent Rebuild Remembered Sets
[2020-10-07T09:43:41.558+0000][38832][gc,marking   ] GC(180) Concurrent Rebuild Remembered Sets 98.530ms
[2020-10-07T09:43:41.566+0000][38832][gc,start     ] GC(180) Pause Cleanup
[2020-10-07T09:43:41.566+0000][38832][gc           ] GC(180) Pause Cleanup 329M->329M(1024M) 0.373ms
[2020-10-07T09:43:41.566+0000][38832][gc,cpu       ] GC(180) User=0.00s Sys=0.00s Real=0.00s
[2020-10-07T09:43:41.567+0000][38832][safepoint    ] Safepoint "G1Concurrent", Time since last: 98791300 ns, Reaching safepoint: 7134900 ns, At safepoint: 1369300 ns, Total: 8504200 ns
[2020-10-07T09:43:41.567+0000][38832][gc,marking   ] GC(180) Concurrent Cleanup for Next Mark
[2020-10-07T09:43:41.569+0000][38832][gc,marking   ] GC(180) Concurrent Cleanup for Next Mark 1.990ms
[2020-10-07T09:43:41.569+0000][38832][gc           ] GC(180) Concurrent Cycle 302.183ms
[2020-10-07T09:43:41.630+0000][38832][gc,start     ] GC(181) Pause Young (Concurrent Start) (G1 Humongous Allocation)
[2020-10-07T09:43:41.630+0000][38832][gc,task      ] GC(181) Using 8 workers of 8 for evacuation
[2020-10-07T09:43:41.630+0000][38832][gc,age       ] GC(181) Desired survivor size 29884416 bytes, new threshold 15 (max threshold 15)
[2020-10-07T09:43:41.635+0000][38832][gc,age       ] GC(181) Age table with threshold 15 (max threshold 15)
[2020-10-07T09:43:41.636+0000][38832][gc,age       ] GC(181) - age   1:   10628520 bytes,   10628520 total
[2020-10-07T09:43:41.636+0000][38832][gc,age       ] GC(181) - age   2:       1248 bytes,   10629768 total
[2020-10-07T09:43:41.636+0000][38832][gc,age       ] GC(181) - age   3:       1808 bytes,   10631576 total
[2020-10-07T09:43:41.636+0000][38832][gc,age       ] GC(181) - age   4:       2464 bytes,   10634040 total
[2020-10-07T09:43:41.636+0000][38832][gc,age       ] GC(181) - age   5:       2336 bytes,   10636376 total
[2020-10-07T09:43:41.636+0000][38832][gc,age       ] GC(181) - age   6:        408 bytes,   10636784 total
[2020-10-07T09:43:41.636+0000][38832][gc,age       ] GC(181) - age   7:        368 bytes,   10637152 total
[2020-10-07T09:43:41.636+0000][38832][gc,age       ] GC(181) - age   8:      11632 bytes,   10648784 total
[2020-10-07T09:43:41.636+0000][38832][gc,age       ] GC(181) - age   9:      10920 bytes,   10659704 total
[2020-10-07T09:43:41.636+0000][38832][gc,age       ] GC(181) - age  10:       2368 bytes,   10662072 total
[2020-10-07T09:43:41.636+0000][38832][gc,age       ] GC(181) - age  11:       1408 bytes,   10663480 total
[2020-10-07T09:43:41.636+0000][38832][gc,age       ] GC(181) - age  12:      16592 bytes,   10680072 total
[2020-10-07T09:43:41.636+0000][38832][gc,age       ] GC(181) - age  13:      29224 bytes,   10709296 total
[2020-10-07T09:43:41.636+0000][38832][gc,age       ] GC(181) - age  14:       2488 bytes,   10711784 total
[2020-10-07T09:43:41.636+0000][38832][gc,age       ] GC(181) - age  15:       1880 bytes,   10713664 total
[2020-10-07T09:43:41.636+0000][38832][gc,phases    ] GC(181)   Pre Evacuate Collection Set: 0.6ms
[2020-10-07T09:43:41.636+0000][38832][gc,phases    ] GC(181)   Merge Heap Roots: 0.1ms
[2020-10-07T09:43:41.636+0000][38832][gc,phases    ] GC(181)   Evacuate Collection Set: 3.3ms
[2020-10-07T09:43:41.637+0000][38832][gc,phases    ] GC(181)   Post Evacuate Collection Set: 1.0ms
[2020-10-07T09:43:41.637+0000][38832][gc,phases    ] GC(181)   Other: 1.6ms
[2020-10-07T09:43:41.637+0000][38832][gc,heap      ] GC(181) Eden regions: 43->0(446)
[2020-10-07T09:43:41.637+0000][38832][gc,heap      ] GC(181) Survivor regions: 4->11(57)
[2020-10-07T09:43:41.637+0000][38832][gc,heap      ] GC(181) Old regions: 78->78
[2020-10-07T09:43:41.637+0000][38832][gc,heap      ] GC(181) Archive regions: 0->0
[2020-10-07T09:43:41.637+0000][38832][gc,heap      ] GC(181) Humongous regions: 229->174
[2020-10-07T09:43:41.637+0000][38832][gc,metaspace ] GC(181) Metaspace: 87659K(93696K)->87659K(93696K) NonClass: 76476K(80128K)->76476K(80128K) Class: 11182K(13568K)->11182K(13568K)
[2020-10-07T09:43:41.637+0000][38832][gc           ] GC(181) Pause Young (Concurrent Start) (G1 Humongous Allocation) 353M->262M(1024M) 7.025ms
[2020-10-07T09:43:41.637+0000][38832][gc,cpu       ] GC(181) User=0.11s Sys=0.00s Real=0.01s
[2020-10-07T09:43:41.637+0000][38832][gc           ] GC(182) Concurrent Cycle
[2020-10-07T09:43:41.637+0000][38832][gc,marking   ] GC(182) Concurrent Clear Claimed Marks
[2020-10-07T09:43:41.638+0000][38832][gc,marking   ] GC(182) Concurrent Clear Claimed Marks 0.436ms
[2020-10-07T09:43:41.638+0000][38832][gc,marking   ] GC(182) Concurrent Scan Root Regions
[2020-10-07T09:43:41.640+0000][38832][gc,marking   ] GC(182) Concurrent Scan Root Regions 1.921ms
[2020-10-07T09:43:41.640+0000][38832][gc,marking   ] GC(182) Concurrent Mark (96.845s)
[2020-10-07T09:43:41.640+0000][38832][gc,marking   ] GC(182) Concurrent Mark From Roots
[2020-10-07T09:43:41.640+0000][38832][gc,task      ] GC(182) Using 2 workers of 2 for marking
[2020-10-07T09:43:41.640+0000][38832][safepoint    ] Safepoint "G1TryInitiateConcMark", Time since last: 62482000 ns, Reaching safepoint: 299100 ns, At safepoint: 10160300 ns, Total: 10459400 ns
[2020-10-07T09:43:41.818+0000][38832][gc,marking   ] GC(182) Concurrent Mark From Roots 178.338ms
[2020-10-07T09:43:41.818+0000][38832][gc,marking   ] GC(182) Concurrent Preclean
[2020-10-07T09:43:41.819+0000][38832][gc,marking   ] GC(182) Concurrent Preclean 0.969ms
[2020-10-07T09:43:41.819+0000][38832][gc,marking   ] GC(182) Concurrent Mark (96.845s, 97.025s) 179.556ms
[2020-10-07T09:43:41.820+0000][38832][gc,start     ] GC(182) Pause Remark
[2020-10-07T09:43:41.827+0000][38832][gc           ] GC(182) Pause Remark 577M->577M(1024M) 6.764ms
[2020-10-07T09:43:41.827+0000][38832][gc,cpu       ] GC(182) User=0.00s Sys=0.00s Real=0.01s
[2020-10-07T09:43:41.827+0000][38832][safepoint    ] Safepoint "G1Concurrent", Time since last: 179392800 ns, Reaching safepoint: 464100 ns, At safepoint: 7711400 ns, Total: 8175500 ns
[2020-10-07T09:43:41.828+0000][38832][gc,marking   ] GC(182) Concurrent Rebuild Remembered Sets
[2020-10-07T09:43:41.921+0000][38832][gc,marking   ] GC(182) Concurrent Rebuild Remembered Sets 93.774ms
[2020-10-07T09:43:41.921+0000][38832][gc,start     ] GC(182) Pause Cleanup
[2020-10-07T09:43:41.922+0000][38832][gc           ] GC(182) Pause Cleanup 592M->592M(1024M) 0.410ms
[2020-10-07T09:43:41.922+0000][38832][gc,cpu       ] GC(182) User=0.00s Sys=0.00s Real=0.00s
[2020-10-07T09:43:41.922+0000][38832][safepoint    ] Safepoint "G1Concurrent", Time since last: 94056600 ns, Reaching safepoint: 282000 ns, At safepoint: 778700 ns, Total: 1060700 ns
[2020-10-07T09:43:41.922+0000][38832][gc,marking   ] GC(182) Concurrent Cleanup for Next Mark
[2020-10-07T09:43:41.924+0000][38832][gc,marking   ] GC(182) Concurrent Cleanup for Next Mark 1.969ms
[2020-10-07T09:43:41.924+0000][38832][gc           ] GC(182) Concurrent Cycle 287.765ms
[2020-10-07T09:43:41.981+0000][38832][gc,start     ] GC(183) Pause Young (Concurrent Start) (G1 Humongous Allocation)
[2020-10-07T09:43:41.981+0000][38832][gc,task      ] GC(183) Using 8 workers of 8 for evacuation
[2020-10-07T09:43:41.982+0000][38832][gc,age       ] GC(183) Desired survivor size 30408704 bytes, new threshold 15 (max threshold 15)
[2020-10-07T09:43:41.986+0000][38832][gc,age       ] GC(183) Age table with threshold 15 (max threshold 15)
[2020-10-07T09:43:41.986+0000][38832][gc,age       ] GC(183) - age   1:    2586808 bytes,    2586808 total
[2020-10-07T09:43:41.986+0000][38832][gc,age       ] GC(183) - age   2:       5112 bytes,    2591920 total
[2020-10-07T09:43:41.986+0000][38832][gc,age       ] GC(183) - age   3:        624 bytes,    2592544 total
[2020-10-07T09:43:41.986+0000][38832][gc,age       ] GC(183) - age   4:        912 bytes,    2593456 total
[2020-10-07T09:43:41.986+0000][38832][gc,age       ] GC(183) - age   5:       2464 bytes,    2595920 total
[2020-10-07T09:43:41.986+0000][38832][gc,age       ] GC(183) - age   6:       2304 bytes,    2598224 total
[2020-10-07T09:43:41.986+0000][38832][gc,age       ] GC(183) - age   7:        376 bytes,    2598600 total
[2020-10-07T09:43:41.986+0000][38832][gc,age       ] GC(183) - age   8:        368 bytes,    2598968 total
[2020-10-07T09:43:41.986+0000][38832][gc,age       ] GC(183) - age   9:      11632 bytes,    2610600 total
[2020-10-07T09:43:41.986+0000][38832][gc,age       ] GC(183) - age  10:      10856 bytes,    2621456 total
[2020-10-07T09:43:41.986+0000][38832][gc,age       ] GC(183) - age  11:       2368 bytes,    2623824 total
[2020-10-07T09:43:41.986+0000][38832][gc,age       ] GC(183) - age  12:       1408 bytes,    2625232 total
[2020-10-07T09:43:41.986+0000][38832][gc,age       ] GC(183) - age  13:      16592 bytes,    2641824 total
[2020-10-07T09:43:41.987+0000][38832][gc,age       ] GC(183) - age  14:      29224 bytes,    2671048 total
[2020-10-07T09:43:41.987+0000][38832][gc,age       ] GC(183) - age  15:       2488 bytes,    2673536 total
[2020-10-07T09:43:41.987+0000][38832][gc,phases    ] GC(183)   Pre Evacuate Collection Set: 0.5ms
[2020-10-07T09:43:41.987+0000][38832][gc,phases    ] GC(183)   Merge Heap Roots: 0.1ms
[2020-10-07T09:43:41.987+0000][38832][gc,phases    ] GC(183)   Evacuate Collection Set: 2.3ms
[2020-10-07T09:43:41.987+0000][38832][gc,phases    ] GC(183)   Post Evacuate Collection Set: 1.1ms
[2020-10-07T09:43:41.987+0000][38832][gc,phases    ] GC(183)   Other: 1.3ms
[2020-10-07T09:43:41.987+0000][38832][gc,heap      ] GC(183) Eden regions: 88->0(463)
[2020-10-07T09:43:41.987+0000][38832][gc,heap      ] GC(183) Survivor regions: 11->4(58)
[2020-10-07T09:43:41.987+0000][38832][gc,heap      ] GC(183) Old regions: 78->78
[2020-10-07T09:43:41.987+0000][38832][gc,heap      ] GC(183) Archive regions: 0->0
[2020-10-07T09:43:41.987+0000][38832][gc,heap      ] GC(183) Humongous regions: 427->174
[2020-10-07T09:43:41.987+0000][38832][gc,metaspace ] GC(183) Metaspace: 87664K(93696K)->87664K(93696K) NonClass: 76481K(80128K)->76481K(80128K) Class: 11182K(13568K)->11182K(13568K)
[2020-10-07T09:43:41.987+0000][38832][gc           ] GC(183) Pause Young (Concurrent Start) (G1 Humongous Allocation) 602M->255M(1024M) 5.937ms
[2020-10-07T09:43:41.987+0000][38832][gc,cpu       ] GC(183) User=0.00s Sys=0.00s Real=0.01s
[2020-10-07T09:43:41.987+0000][38832][safepoint    ] Safepoint "G1TryInitiateConcMark", Time since last: 59163800 ns, Reaching safepoint: 170600 ns, At safepoint: 6168800 ns, Total: 6339400 ns
[2020-10-07T09:43:41.987+0000][38832][gc           ] GC(184) Concurrent Cycle
[2020-10-07T09:43:41.988+0000][38832][gc,marking   ] GC(184) Concurrent Clear Claimed Marks
[2020-10-07T09:43:41.988+0000][38832][gc,marking   ] GC(184) Concurrent Clear Claimed Marks 0.336ms
[2020-10-07T09:43:41.988+0000][38832][gc,marking   ] GC(184) Concurrent Scan Root Regions
[2020-10-07T09:43:41.989+0000][38832][gc,marking   ] GC(184) Concurrent Scan Root Regions 1.399ms
[2020-10-07T09:43:41.989+0000][38832][gc,marking   ] GC(184) Concurrent Mark (97.196s)
[2020-10-07T09:43:41.990+0000][38832][gc,marking   ] GC(184) Concurrent Mark From Roots
[2020-10-07T09:43:41.990+0000][38832][gc,task      ] GC(184) Using 2 workers of 2 for marking
[2020-10-07T09:43:42.170+0000][38832][gc,marking   ] GC(184) Concurrent Mark From Roots 180.602ms
[2020-10-07T09:43:42.170+0000][38832][gc,marking   ] GC(184) Concurrent Preclean
[2020-10-07T09:43:42.171+0000][38832][gc,marking   ] GC(184) Concurrent Preclean 1.046ms
[2020-10-07T09:43:42.171+0000][38832][gc,marking   ] GC(184) Concurrent Mark (97.196s, 97.378s) 181.883ms
[2020-10-07T09:43:42.173+0000][38832][gc,start     ] GC(184) Pause Remark
[2020-10-07T09:43:42.179+0000][38832][gc           ] GC(184) Pause Remark 385M->385M(1024M) 7.009ms
[2020-10-07T09:43:42.179+0000][38832][gc,cpu       ] GC(184) User=0.09s Sys=0.00s Real=0.01s
[2020-10-07T09:43:42.179+0000][38832][safepoint    ] Safepoint "G1Concurrent", Time since last: 183972700 ns, Reaching safepoint: 189000 ns, At safepoint: 7334800 ns, Total: 7523800 ns
[2020-10-07T09:43:42.179+0000][38832][gc,marking   ] GC(184) Concurrent Rebuild Remembered Sets
[2020-10-07T09:43:42.280+0000][38832][gc,marking   ] GC(184) Concurrent Rebuild Remembered Sets 99.483ms
[2020-10-07T09:43:42.280+0000][38832][gc,start     ] GC(184) Pause Cleanup
[2020-10-07T09:43:42.280+0000][38832][gc           ] GC(184) Pause Cleanup 451M->451M(1024M) 0.327ms
[2020-10-07T09:43:42.280+0000][38832][gc,cpu       ] GC(184) User=0.00s Sys=0.00s Real=0.00s
[2020-10-07T09:43:42.282+0000][38832][safepoint    ] Safepoint "G1Concurrent", Time since last: 99715600 ns, Reaching safepoint: 222400 ns, At safepoint: 2922400 ns, Total: 3144800 ns
[2020-10-07T09:43:42.282+0000][38832][gc,marking   ] GC(184) Concurrent Cleanup for Next Mark
[2020-10-07T09:43:42.285+0000][38832][gc,marking   ] GC(184) Concurrent Cleanup for Next Mark 1.563ms
[2020-10-07T09:43:42.285+0000][38832][gc           ] GC(184) Concurrent Cycle 296.188ms
[2020-10-07T09:43:42.339+0000][38832][gc,start     ] GC(185) Pause Young (Concurrent Start) (G1 Humongous Allocation)
[2020-10-07T09:43:42.339+0000][38832][gc,task      ] GC(185) Using 8 workers of 8 for evacuation
[2020-10-07T09:43:42.339+0000][38832][gc,age       ] GC(185) Desired survivor size 30932992 bytes, new threshold 15 (max threshold 15)
[2020-10-07T09:43:42.343+0000][38832][gc,age       ] GC(185) Age table with threshold 15 (max threshold 15)
[2020-10-07T09:43:42.343+0000][38832][gc,age       ] GC(185) - age   1:    3011560 bytes,    3011560 total
[2020-10-07T09:43:42.343+0000][38832][gc,age       ] GC(185) - age   2:      12792 bytes,    3024352 total
[2020-10-07T09:43:42.343+0000][38832][gc,age       ] GC(185) - age   3:       4208 bytes,    3028560 total
[2020-10-07T09:43:42.343+0000][38832][gc,age       ] GC(185) - age   4:        272 bytes,    3028832 total
[2020-10-07T09:43:42.343+0000][38832][gc,age       ] GC(185) - age   5:        720 bytes,    3029552 total
[2020-10-07T09:43:42.343+0000][38832][gc,age       ] GC(185) - age   6:       2464 bytes,    3032016 total
[2020-10-07T09:43:42.343+0000][38832][gc,age       ] GC(185) - age   7:       2304 bytes,    3034320 total
[2020-10-07T09:43:42.343+0000][38832][gc,age       ] GC(185) - age   8:        312 bytes,    3034632 total
[2020-10-07T09:43:42.343+0000][38832][gc,age       ] GC(185) - age   9:        368 bytes,    3035000 total
[2020-10-07T09:43:42.343+0000][38832][gc,age       ] GC(185) - age  10:      11592 bytes,    3046592 total
[2020-10-07T09:43:42.343+0000][38832][gc,age       ] GC(185) - age  11:      10760 bytes,    3057352 total
[2020-10-07T09:43:42.343+0000][38832][gc,age       ] GC(185) - age  12:       2080 bytes,    3059432 total
[2020-10-07T09:43:42.343+0000][38832][gc,age       ] GC(185) - age  13:       1408 bytes,    3060840 total
[2020-10-07T09:43:42.343+0000][38832][gc,age       ] GC(185) - age  14:      16464 bytes,    3077304 total
[2020-10-07T09:43:42.343+0000][38832][gc,age       ] GC(185) - age  15:      29160 bytes,    3106464 total
[2020-10-07T09:43:42.343+0000][38832][gc,phases    ] GC(185)   Pre Evacuate Collection Set: 0.4ms
[2020-10-07T09:43:42.343+0000][38832][gc,phases    ] GC(185)   Merge Heap Roots: 0.1ms
[2020-10-07T09:43:42.343+0000][38832][gc,phases    ] GC(185)   Evacuate Collection Set: 2.2ms
[2020-10-07T09:43:42.343+0000][38832][gc,phases    ] GC(185)   Post Evacuate Collection Set: 0.9ms
[2020-10-07T09:43:42.343+0000][38832][gc,phases    ] GC(185)   Other: 1.4ms
[2020-10-07T09:43:42.343+0000][38832][gc,heap      ] GC(185) Eden regions: 62->0(472)
[2020-10-07T09:43:42.345+0000][38832][gc,heap      ] GC(185) Survivor regions: 4->4(59)
[2020-10-07T09:43:42.345+0000][38832][gc,heap      ] GC(185) Old regions: 78->78
[2020-10-07T09:43:42.345+0000][38832][gc,heap      ] GC(185) Archive regions: 0->0
[2020-10-07T09:43:42.345+0000][38832][gc,heap      ] GC(185) Humongous regions: 318->174
[2020-10-07T09:43:42.345+0000][38832][gc,metaspace ] GC(185) Metaspace: 87681K(93696K)->87681K(93696K) NonClass: 76498K(80128K)->76498K(80128K) Class: 11182K(13568K)->11182K(13568K)
[2020-10-07T09:43:42.345+0000][38832][gc           ] GC(185) Pause Young (Concurrent Start) (G1 Humongous Allocation) 460M->255M(1024M) 5.673ms
[2020-10-07T09:43:42.345+0000][38832][gc,cpu       ] GC(185) User=0.00s Sys=0.00s Real=0.01s
[2020-10-07T09:43:42.345+0000][38832][gc           ] GC(186) Concurrent Cycle
[2020-10-07T09:43:42.345+0000][38832][safepoint    ] Safepoint "G1TryInitiateConcMark", Time since last: 56056300 ns, Reaching safepoint: 165300 ns, At safepoint: 5921600 ns, Total: 6086900 ns
[2020-10-07T09:43:42.345+0000][38832][gc,marking   ] GC(186) Concurrent Clear Claimed Marks
[2020-10-07T09:43:42.346+0000][38832][gc,marking   ] GC(186) Concurrent Clear Claimed Marks 0.587ms
[2020-10-07T09:43:42.346+0000][38832][gc,marking   ] GC(186) Concurrent Scan Root Regions
[2020-10-07T09:43:42.347+0000][38832][gc,marking   ] GC(186) Concurrent Scan Root Regions 2.424ms
[2020-10-07T09:43:42.347+0000][38832][gc,marking   ] GC(186) Concurrent Mark (97.554s)
[2020-10-07T09:43:42.347+0000][38832][gc,marking   ] GC(186) Concurrent Mark From Roots
[2020-10-07T09:43:42.349+0000][38832][gc,task      ] GC(186) Using 2 workers of 2 for marking
[2020-10-07T09:43:42.522+0000][38832][gc,marking   ] GC(186) Concurrent Mark From Roots 174.443ms
[2020-10-07T09:43:42.523+0000][38832][gc,marking   ] GC(186) Concurrent Preclean
[2020-10-07T09:43:42.524+0000][38832][gc,marking   ] GC(186) Concurrent Preclean 1.021ms
[2020-10-07T09:43:42.524+0000][38832][gc,marking   ] GC(186) Concurrent Mark (97.554s, 97.729s) 175.804ms
[2020-10-07T09:43:42.524+0000][38832][gc,start     ] GC(186) Pause Remark
[2020-10-07T09:43:42.531+0000][38832][gc           ] GC(186) Pause Remark 377M->377M(1024M) 7.279ms
[2020-10-07T09:43:42.531+0000][38832][gc,cpu       ] GC(186) User=0.00s Sys=0.00s Real=0.01s
[2020-10-07T09:43:42.532+0000][38832][safepoint    ] Safepoint "G1Concurrent", Time since last: 179306200 ns, Reaching safepoint: 184000 ns, At safepoint: 7617700 ns, Total: 7801700 ns
[2020-10-07T09:43:42.532+0000][38832][gc,marking   ] GC(186) Concurrent Rebuild Remembered Sets
[2020-10-07T09:43:42.625+0000][38832][gc,marking   ] GC(186) Concurrent Rebuild Remembered Sets 93.554ms
[2020-10-07T09:43:42.626+0000][38832][gc,start     ] GC(186) Pause Cleanup
[2020-10-07T09:43:42.626+0000][38832][gc           ] GC(186) Pause Cleanup 455M->455M(1024M) 0.349ms
[2020-10-07T09:43:42.626+0000][38832][gc,cpu       ] GC(186) User=0.00s Sys=0.00s Real=0.00s
[2020-10-07T09:43:42.626+0000][38832][safepoint    ] Safepoint "G1Concurrent", Time since last: 93793800 ns, Reaching safepoint: 187800 ns, At safepoint: 587400 ns, Total: 775200 ns
[2020-10-07T09:43:42.626+0000][38832][gc,marking   ] GC(186) Concurrent Cleanup for Next Mark
[2020-10-07T09:43:42.628+0000][38832][gc,marking   ] GC(186) Concurrent Cleanup for Next Mark 1.843ms
[2020-10-07T09:43:42.628+0000][38832][gc           ] GC(186) Concurrent Cycle 283.765ms
[2020-10-07T09:43:42.692+0000][38832][gc,start     ] GC(187) Pause Young (Concurrent Start) (G1 Humongous Allocation)
[2020-10-07T09:43:42.692+0000][38832][gc,task      ] GC(187) Using 8 workers of 8 for evacuation
[2020-10-07T09:43:42.692+0000][38832][gc,age       ] GC(187) Desired survivor size 31457280 bytes, new threshold 15 (max threshold 15)
[2020-10-07T09:43:42.696+0000][38832][gc,age       ] GC(187) Age table with threshold 15 (max threshold 15)
[2020-10-07T09:43:42.696+0000][38832][gc,age       ] GC(187) - age   1:    5250064 bytes,    5250064 total
[2020-10-07T09:43:42.697+0000][38832][gc,age       ] GC(187) - age   2:      15336 bytes,    5265400 total
[2020-10-07T09:43:42.697+0000][38832][gc,age       ] GC(187) - age   3:      10784 bytes,    5276184 total
[2020-10-07T09:43:42.697+0000][38832][gc,age       ] GC(187) - age   4:       2240 bytes,    5278424 total
[2020-10-07T09:43:42.697+0000][38832][gc,age       ] GC(187) - age   5:        272 bytes,    5278696 total
[2020-10-07T09:43:42.697+0000][38832][gc,age       ] GC(187) - age   6:        720 bytes,    5279416 total
[2020-10-07T09:43:42.697+0000][38832][gc,age       ] GC(187) - age   7:       2400 bytes,    5281816 total
[2020-10-07T09:43:42.697+0000][38832][gc,age       ] GC(187) - age   8:       2304 bytes,    5284120 total
[2020-10-07T09:43:42.697+0000][38832][gc,age       ] GC(187) - age   9:        312 bytes,    5284432 total
[2020-10-07T09:43:42.697+0000][38832][gc,age       ] GC(187) - age  10:        368 bytes,    5284800 total
[2020-10-07T09:43:42.697+0000][38832][gc,age       ] GC(187) - age  11:      11592 bytes,    5296392 total
[2020-10-07T09:43:42.697+0000][38832][gc,age       ] GC(187) - age  12:      10408 bytes,    5306800 total
[2020-10-07T09:43:42.697+0000][38832][gc,age       ] GC(187) - age  13:       1664 bytes,    5308464 total
[2020-10-07T09:43:42.697+0000][38832][gc,age       ] GC(187) - age  14:       1376 bytes,    5309840 total
[2020-10-07T09:43:42.697+0000][38832][gc,age       ] GC(187) - age  15:      16336 bytes,    5326176 total
[2020-10-07T09:43:42.697+0000][38832][gc,phases    ] GC(187)   Pre Evacuate Collection Set: 0.4ms
[2020-10-07T09:43:42.697+0000][38832][gc,phases    ] GC(187)   Merge Heap Roots: 0.1ms
[2020-10-07T09:43:42.697+0000][38832][gc,phases    ] GC(187)   Evacuate Collection Set: 2.5ms
[2020-10-07T09:43:42.697+0000][38832][gc,phases    ] GC(187)   Post Evacuate Collection Set: 1.2ms
[2020-10-07T09:43:42.697+0000][38832][gc,phases    ] GC(187)   Other: 1.2ms
[2020-10-07T09:43:42.697+0000][38832][gc,heap      ] GC(187) Eden regions: 69->0(475)
[2020-10-07T09:43:42.697+0000][38832][gc,heap      ] GC(187) Survivor regions: 4->6(60)
[2020-10-07T09:43:42.697+0000][38832][gc,heap      ] GC(187) Old regions: 78->78
[2020-10-07T09:43:42.698+0000][38832][gc,heap      ] GC(187) Archive regions: 0->0
[2020-10-07T09:43:42.698+0000][38832][gc,heap      ] GC(187) Humongous regions: 318->174
[2020-10-07T09:43:42.698+0000][38832][gc,metaspace ] GC(187) Metaspace: 87703K(93696K)->87703K(93696K) NonClass: 76520K(80128K)->76520K(80128K) Class: 11182K(13568K)->11182K(13568K)
[2020-10-07T09:43:42.698+0000][38832][gc           ] GC(187) Pause Young (Concurrent Start) (G1 Humongous Allocation) 468M->257M(1024M) 5.927ms
[2020-10-07T09:43:42.698+0000][38832][gc,cpu       ] GC(187) User=0.09s Sys=0.00s Real=0.01s
[2020-10-07T09:43:42.698+0000][38832][gc           ] GC(188) Concurrent Cycle
[2020-10-07T09:43:42.698+0000][38832][gc,marking   ] GC(188) Concurrent Clear Claimed Marks
[2020-10-07T09:43:42.698+0000][38832][gc,marking   ] GC(188) Concurrent Clear Claimed Marks 0.410ms
[2020-10-07T09:43:42.698+0000][38832][gc,marking   ] GC(188) Concurrent Scan Root Regions
[2020-10-07T09:43:42.700+0000][38832][gc,marking   ] GC(188) Concurrent Scan Root Regions 1.598ms
[2020-10-07T09:43:42.700+0000][38832][gc,marking   ] GC(188) Concurrent Mark (97.906s)
[2020-10-07T09:43:42.700+0000][38832][safepoint    ] Safepoint "G1TryInitiateConcMark", Time since last: 65397400 ns, Reaching safepoint: 214000 ns, At safepoint: 8405400 ns, Total: 8619400 ns
[2020-10-07T09:43:42.700+0000][38832][gc,marking   ] GC(188) Concurrent Mark From Roots
[2020-10-07T09:43:42.700+0000][38832][gc,task      ] GC(188) Using 2 workers of 2 for marking
[2020-10-07T09:43:42.880+0000][38832][gc,marking   ] GC(188) Concurrent Mark From Roots 179.433ms
[2020-10-07T09:43:42.880+0000][38832][gc,marking   ] GC(188) Concurrent Preclean
[2020-10-07T09:43:42.881+0000][38832][gc,marking   ] GC(188) Concurrent Preclean 0.844ms
[2020-10-07T09:43:42.881+0000][38832][gc,marking   ] GC(188) Concurrent Mark (97.906s, 98.086s) 180.496ms
[2020-10-07T09:43:42.881+0000][38832][gc,start     ] GC(188) Pause Remark
[2020-10-07T09:43:42.888+0000][38832][gc           ] GC(188) Pause Remark 511M->511M(1024M) 6.579ms
[2020-10-07T09:43:42.888+0000][38832][gc,cpu       ] GC(188) User=0.11s Sys=0.00s Real=0.01s
[2020-10-07T09:43:42.891+0000][38832][safepoint    ] Safepoint "G1Concurrent", Time since last: 180581800 ns, Reaching safepoint: 177100 ns, At safepoint: 9747300 ns, Total: 9924400 ns
[2020-10-07T09:43:42.891+0000][38832][gc,marking   ] GC(188) Concurrent Rebuild Remembered Sets
[2020-10-07T09:43:42.991+0000][38832][gc,marking   ] GC(188) Concurrent Rebuild Remembered Sets 99.930ms
[2020-10-07T09:43:42.992+0000][38832][gc,start     ] GC(188) Pause Cleanup
[2020-10-07T09:43:42.992+0000][38832][gc           ] GC(188) Pause Cleanup 636M->636M(1024M) 0.380ms
[2020-10-07T09:43:42.992+0000][38832][gc,cpu       ] GC(188) User=0.00s Sys=0.00s Real=0.00s
[2020-10-07T09:43:42.993+0000][38832][safepoint    ] Safepoint "G1Concurrent", Time since last: 100223400 ns, Reaching safepoint: 162200 ns, At safepoint: 1235900 ns, Total: 1398100 ns
[2020-10-07T09:43:42.993+0000][38832][gc,marking   ] GC(188) Concurrent Cleanup for Next Mark
[2020-10-07T09:43:42.995+0000][38832][gc,marking   ] GC(188) Concurrent Cleanup for Next Mark 1.757ms
[2020-10-07T09:43:42.995+0000][38832][gc           ] GC(188) Concurrent Cycle 296.364ms
[2020-10-07T09:43:43.076+0000][38832][gc,start     ] GC(189) Pause Young (Concurrent Start) (G1 Humongous Allocation)
[2020-10-07T09:43:43.076+0000][38832][gc,task      ] GC(189) Using 8 workers of 8 for evacuation
[2020-10-07T09:43:43.077+0000][38832][gc,age       ] GC(189) Desired survivor size 31981568 bytes, new threshold 15 (max threshold 15)
[2020-10-07T09:43:43.082+0000][38832][gc,age       ] GC(189) Age table with threshold 15 (max threshold 15)
[2020-10-07T09:43:43.082+0000][38832][gc,age       ] GC(189) - age   1:    8009024 bytes,    8009024 total
[2020-10-07T09:43:43.082+0000][38832][gc,age       ] GC(189) - age   2:      30880 bytes,    8039904 total
[2020-10-07T09:43:43.082+0000][38832][gc,age       ] GC(189) - age   3:      14456 bytes,    8054360 total
[2020-10-07T09:43:43.082+0000][38832][gc,age       ] GC(189) - age   4:       4488 bytes,    8058848 total
[2020-10-07T09:43:43.082+0000][38832][gc,age       ] GC(189) - age   5:       1840 bytes,    8060688 total
[2020-10-07T09:43:43.082+0000][38832][gc,age       ] GC(189) - age   6:        272 bytes,    8060960 total
[2020-10-07T09:43:43.082+0000][38832][gc,age       ] GC(189) - age   7:        656 bytes,    8061616 total
[2020-10-07T09:43:43.082+0000][38832][gc,age       ] GC(189) - age   8:       2368 bytes,    8063984 total
[2020-10-07T09:43:43.082+0000][38832][gc,age       ] GC(189) - age   9:       2304 bytes,    8066288 total
[2020-10-07T09:43:43.083+0000][38832][gc,age       ] GC(189) - age  10:        312 bytes,    8066600 total
[2020-10-07T09:43:43.083+0000][38832][gc,age       ] GC(189) - age  11:        368 bytes,    8066968 total
[2020-10-07T09:43:43.083+0000][38832][gc,age       ] GC(189) - age  12:      11592 bytes,    8078560 total
[2020-10-07T09:43:43.083+0000][38832][gc,age       ] GC(189) - age  13:      10408 bytes,    8088968 total
[2020-10-07T09:43:43.083+0000][38832][gc,age       ] GC(189) - age  14:       1664 bytes,    8090632 total
[2020-10-07T09:43:43.083+0000][38832][gc,age       ] GC(189) - age  15:       1376 bytes,    8092008 total
[2020-10-07T09:43:43.083+0000][38832][gc,phases    ] GC(189)   Pre Evacuate Collection Set: 0.5ms
[2020-10-07T09:43:43.083+0000][38832][gc,phases    ] GC(189)   Merge Heap Roots: 0.1ms
[2020-10-07T09:43:43.083+0000][38832][gc,phases    ] GC(189)   Evacuate Collection Set: 3.5ms
[2020-10-07T09:43:43.083+0000][38832][gc,phases    ] GC(189)   Post Evacuate Collection Set: 1.1ms
[2020-10-07T09:43:43.083+0000][38832][gc,phases    ] GC(189)   Other: 1.3ms
[2020-10-07T09:43:43.083+0000][38832][gc,heap      ] GC(189) Eden regions: 119->0(475)
[2020-10-07T09:43:43.083+0000][38832][gc,heap      ] GC(189) Survivor regions: 6->8(61)
[2020-10-07T09:43:43.083+0000][38832][gc,heap      ] GC(189) Old regions: 78->78
[2020-10-07T09:43:43.083+0000][38832][gc,heap      ] GC(189) Archive regions: 0->0
[2020-10-07T09:43:43.083+0000][38832][gc,heap      ] GC(189) Humongous regions: 462->174
[2020-10-07T09:43:43.083+0000][38832][gc,metaspace ] GC(189) Metaspace: 87721K(93696K)->87721K(93696K) NonClass: 76538K(80128K)->76538K(80128K) Class: 11182K(13568K)->11182K(13568K)
[2020-10-07T09:43:43.084+0000][38832][gc           ] GC(189) Pause Young (Concurrent Start) (G1 Humongous Allocation) 663M->259M(1024M) 7.155ms
[2020-10-07T09:43:43.084+0000][38832][gc,cpu       ] GC(189) User=0.00s Sys=0.00s Real=0.01s
[2020-10-07T09:43:43.084+0000][38832][gc           ] GC(190) Concurrent Cycle
[2020-10-07T09:43:43.084+0000][38832][gc,marking   ] GC(190) Concurrent Clear Claimed Marks
[2020-10-07T09:43:43.084+0000][38832][safepoint    ] Safepoint "G1TryInitiateConcMark", Time since last: 83411300 ns, Reaching safepoint: 180300 ns, At safepoint: 7492800 ns, Total: 7673100 ns
[2020-10-07T09:43:43.084+0000][38832][gc,marking   ] GC(190) Concurrent Clear Claimed Marks 0.549ms
[2020-10-07T09:43:43.084+0000][38832][gc,marking   ] GC(190) Concurrent Scan Root Regions
[2020-10-07T09:43:43.087+0000][38832][gc,marking   ] GC(190) Concurrent Scan Root Regions 2.846ms
[2020-10-07T09:43:43.087+0000][38832][gc,marking   ] GC(190) Concurrent Mark (98.293s)
[2020-10-07T09:43:43.087+0000][38832][gc,marking   ] GC(190) Concurrent Mark From Roots
[2020-10-07T09:43:43.088+0000][38832][gc,task      ] GC(190) Using 2 workers of 2 for marking
[2020-10-07T09:43:43.270+0000][38832][gc,marking   ] GC(190) Concurrent Mark From Roots 182.342ms
[2020-10-07T09:43:43.270+0000][38832][gc,marking   ] GC(190) Concurrent Preclean
[2020-10-07T09:43:43.271+0000][38832][gc,marking   ] GC(190) Concurrent Preclean 0.859ms
[2020-10-07T09:43:43.271+0000][38832][gc,marking   ] GC(190) Concurrent Mark (98.293s, 98.476s) 183.410ms
[2020-10-07T09:43:43.274+0000][38832][gc,start     ] GC(190) Pause Remark
[2020-10-07T09:43:43.281+0000][38832][gc           ] GC(190) Pause Remark 524M->524M(1024M) 6.975ms
[2020-10-07T09:43:43.281+0000][38832][gc,cpu       ] GC(190) User=0.00s Sys=0.00s Real=0.01s
[2020-10-07T09:43:43.284+0000][38832][safepoint    ] Safepoint "G1Concurrent", Time since last: 187148000 ns, Reaching safepoint: 2732700 ns, At safepoint: 10588200 ns, Total: 13320900 ns
[2020-10-07T09:43:43.284+0000][38832][gc,marking   ] GC(190) Concurrent Rebuild Remembered Sets
[2020-10-07T09:43:43.389+0000][38832][gc,marking   ] GC(190) Concurrent Rebuild Remembered Sets 104.433ms
[2020-10-07T09:43:43.389+0000][38832][gc,start     ] GC(190) Pause Cleanup
[2020-10-07T09:43:43.389+0000][38832][gc           ] GC(190) Pause Cleanup 598M->598M(1024M) 0.336ms
[2020-10-07T09:43:43.390+0000][38832][gc,cpu       ] GC(190) User=0.00s Sys=0.00s Real=0.00s
[2020-10-07T09:43:43.390+0000][38832][safepoint    ] Safepoint "G1Concurrent", Time since last: 104710400 ns, Reaching safepoint: 182400 ns, At safepoint: 592500 ns, Total: 774900 ns
[2020-10-07T09:43:43.390+0000][38832][gc,marking   ] GC(190) Concurrent Cleanup for Next Mark
[2020-10-07T09:43:43.391+0000][38832][gc,marking   ] GC(190) Concurrent Cleanup for Next Mark 1.603ms
[2020-10-07T09:43:43.392+0000][38832][gc           ] GC(190) Concurrent Cycle 307.931ms
[2020-10-07T09:43:43.397+0000][38832][gc,start     ] GC(191) Pause Young (Concurrent Start) (G1 Humongous Allocation)
[2020-10-07T09:43:43.397+0000][38832][gc,task      ] GC(191) Using 8 workers of 8 for evacuation
[2020-10-07T09:43:43.397+0000][38832][gc,age       ] GC(191) Desired survivor size 31981568 bytes, new threshold 15 (max threshold 15)
[2020-10-07T09:43:43.401+0000][38832][gc,age       ] GC(191) Age table with threshold 15 (max threshold 15)
[2020-10-07T09:43:43.401+0000][38832][gc,age       ] GC(191) - age   1:    3900288 bytes,    3900288 total
[2020-10-07T09:43:43.401+0000][38832][gc,age       ] GC(191) - age   2:       6120 bytes,    3906408 total
[2020-10-07T09:43:43.401+0000][38832][gc,age       ] GC(191) - age   3:      28296 bytes,    3934704 total
[2020-10-07T09:43:43.401+0000][38832][gc,age       ] GC(191) - age   4:      13704 bytes,    3948408 total
[2020-10-07T09:43:43.402+0000][38832][gc,age       ] GC(191) - age   5:        904 bytes,    3949312 total
[2020-10-07T09:43:43.402+0000][38832][gc,age       ] GC(191) - age   6:       1776 bytes,    3951088 total
[2020-10-07T09:43:43.402+0000][38832][gc,age       ] GC(191) - age   7:        272 bytes,    3951360 total
[2020-10-07T09:43:43.402+0000][38832][gc,age       ] GC(191) - age   8:        656 bytes,    3952016 total
[2020-10-07T09:43:43.402+0000][38832][gc,age       ] GC(191) - age   9:       2336 bytes,    3954352 total
[2020-10-07T09:43:43.402+0000][38832][gc,age       ] GC(191) - age  10:       2304 bytes,    3956656 total
[2020-10-07T09:43:43.402+0000][38832][gc,age       ] GC(191) - age  11:        312 bytes,    3956968 total
[2020-10-07T09:43:43.402+0000][38832][gc,age       ] GC(191) - age  12:        368 bytes,    3957336 total
[2020-10-07T09:43:43.402+0000][38832][gc,age       ] GC(191) - age  13:      11592 bytes,    3968928 total
[2020-10-07T09:43:43.402+0000][38832][gc,age       ] GC(191) - age  14:      10344 bytes,    3979272 total
[2020-10-07T09:43:43.402+0000][38832][gc,age       ] GC(191) - age  15:       1568 bytes,    3980840 total
[2020-10-07T09:43:43.402+0000][38832][gc,phases    ] GC(191)   Pre Evacuate Collection Set: 0.5ms
[2020-10-07T09:43:43.402+0000][38832][gc,phases    ] GC(191)   Merge Heap Roots: 0.1ms
[2020-10-07T09:43:43.402+0000][38832][gc,phases    ] GC(191)   Evacuate Collection Set: 2.4ms
[2020-10-07T09:43:43.402+0000][38832][gc,phases    ] GC(191)   Post Evacuate Collection Set: 1.0ms
[2020-10-07T09:43:43.402+0000][38832][gc,phases    ] GC(191)   Other: 1.3ms
[2020-10-07T09:43:43.402+0000][38832][gc,heap      ] GC(191) Eden regions: 84->0(482)
[2020-10-07T09:43:43.402+0000][38832][gc,heap      ] GC(191) Survivor regions: 8->5(61)
[2020-10-07T09:43:43.402+0000][38832][gc,heap      ] GC(191) Old regions: 78->78
[2020-10-07T09:43:43.402+0000][38832][gc,heap      ] GC(191) Archive regions: 0->0
[2020-10-07T09:43:43.402+0000][38832][gc,heap      ] GC(191) Humongous regions: 430->174
[2020-10-07T09:43:43.403+0000][38832][gc,metaspace ] GC(191) Metaspace: 87721K(93696K)->87721K(93696K) NonClass: 76538K(80128K)->76538K(80128K) Class: 11182K(13568K)->11182K(13568K)
[2020-10-07T09:43:43.403+0000][38832][gc           ] GC(191) Pause Young (Concurrent Start) (G1 Humongous Allocation) 599M->256M(1024M) 5.806ms
[2020-10-07T09:43:43.403+0000][38832][gc,cpu       ] GC(191) User=0.05s Sys=0.00s Real=0.01s
[2020-10-07T09:43:43.403+0000][38832][gc           ] GC(192) Concurrent Cycle
[2020-10-07T09:43:43.403+0000][38832][gc,marking   ] GC(192) Concurrent Clear Claimed Marks
[2020-10-07T09:43:43.403+0000][38832][safepoint    ] Safepoint "G1TryInitiateConcMark", Time since last: 6878800 ns, Reaching safepoint: 165300 ns, At safepoint: 6145000 ns, Total: 6310300 ns
[2020-10-07T09:43:43.403+0000][38832][gc,marking   ] GC(192) Concurrent Clear Claimed Marks 0.515ms
[2020-10-07T09:43:43.403+0000][38832][gc,marking   ] GC(192) Concurrent Scan Root Regions
[2020-10-07T09:43:43.406+0000][38832][gc,marking   ] GC(192) Concurrent Scan Root Regions 2.472ms
[2020-10-07T09:43:43.406+0000][38832][gc,marking   ] GC(192) Concurrent Mark (98.611s)
[2020-10-07T09:43:43.406+0000][38832][gc,marking   ] GC(192) Concurrent Mark From Roots
[2020-10-07T09:43:43.406+0000][38832][gc,task      ] GC(192) Using 2 workers of 2 for marking
[2020-10-07T09:43:43.581+0000][38832][gc,marking   ] GC(192) Concurrent Mark From Roots 175.163ms
[2020-10-07T09:43:43.581+0000][38832][gc,marking   ] GC(192) Concurrent Preclean
[2020-10-07T09:43:43.582+0000][38832][gc,marking   ] GC(192) Concurrent Preclean 0.998ms
[2020-10-07T09:43:43.583+0000][38832][gc,marking   ] GC(192) Concurrent Mark (98.611s, 98.788s) 176.422ms
[2020-10-07T09:43:43.583+0000][38832][gc,start     ] GC(192) Pause Remark
[2020-10-07T09:43:43.589+0000][38832][gc           ] GC(192) Pause Remark 395M->395M(1024M) 6.521ms
[2020-10-07T09:43:43.590+0000][38832][gc,cpu       ] GC(192) User=0.13s Sys=0.00s Real=0.01s
[2020-10-07T09:43:43.590+0000][38832][safepoint    ] Safepoint "G1Concurrent", Time since last: 179725400 ns, Reaching safepoint: 218300 ns, At safepoint: 6789900 ns, Total: 7008200 ns
[2020-10-07T09:43:43.590+0000][38832][gc,marking   ] GC(192) Concurrent Rebuild Remembered Sets
[2020-10-07T09:43:43.692+0000][38832][gc,marking   ] GC(192) Concurrent Rebuild Remembered Sets 102.681ms
[2020-10-07T09:43:43.693+0000][38832][gc,start     ] GC(192) Pause Cleanup
[2020-10-07T09:43:43.693+0000][38832][gc           ] GC(192) Pause Cleanup 473M->473M(1024M) 0.381ms
[2020-10-07T09:43:43.693+0000][38832][gc,cpu       ] GC(192) User=0.00s Sys=0.00s Real=0.00s
[2020-10-07T09:43:43.693+0000][38832][safepoint    ] Safepoint "G1Concurrent", Time since last: 102894600 ns, Reaching safepoint: 190300 ns, At safepoint: 597100 ns, Total: 787400 ns
[2020-10-07T09:43:43.693+0000][38832][gc,marking   ] GC(192) Concurrent Cleanup for Next Mark
[2020-10-07T09:43:43.695+0000][38832][gc,marking   ] GC(192) Concurrent Cleanup for Next Mark 1.770ms
[2020-10-07T09:43:43.695+0000][38832][gc           ] GC(192) Concurrent Cycle 292.514ms
[2020-10-07T09:43:43.696+0000][38832][gc,start     ] GC(193) Pause Young (Concurrent Start) (G1 Humongous Allocation)
[2020-10-07T09:43:43.696+0000][38832][gc,task      ] GC(193) Using 8 workers of 8 for evacuation
[2020-10-07T09:43:43.696+0000][38832][gc,age       ] GC(193) Desired survivor size 31981568 bytes, new threshold 15 (max threshold 15)
[2020-10-07T09:43:43.701+0000][38832][gc,age       ] GC(193) Age table with threshold 15 (max threshold 15)
[2020-10-07T09:43:43.701+0000][38832][gc,age       ] GC(193) - age   1:    3533768 bytes,    3533768 total
[2020-10-07T09:43:43.701+0000][38832][gc,age       ] GC(193) - age   2:     400264 bytes,    3934032 total
[2020-10-07T09:43:43.701+0000][38832][gc,age       ] GC(193) - age   3:       3408 bytes,    3937440 total
[2020-10-07T09:43:43.701+0000][38832][gc,age       ] GC(193) - age   4:      27232 bytes,    3964672 total
[2020-10-07T09:43:43.701+0000][38832][gc,age       ] GC(193) - age   5:      13320 bytes,    3977992 total
[2020-10-07T09:43:43.701+0000][38832][gc,age       ] GC(193) - age   6:        904 bytes,    3978896 total
[2020-10-07T09:43:43.701+0000][38832][gc,age       ] GC(193) - age   7:       1776 bytes,    3980672 total
[2020-10-07T09:43:43.701+0000][38832][gc,age       ] GC(193) - age   8:        272 bytes,    3980944 total
[2020-10-07T09:43:43.701+0000][38832][gc,age       ] GC(193) - age   9:        656 bytes,    3981600 total
[2020-10-07T09:43:43.701+0000][38832][gc,age       ] GC(193) - age  10:       2336 bytes,    3983936 total
[2020-10-07T09:43:43.701+0000][38832][gc,age       ] GC(193) - age  11:       2304 bytes,    3986240 total
[2020-10-07T09:43:43.701+0000][38832][gc,age       ] GC(193) - age  12:        312 bytes,    3986552 total
[2020-10-07T09:43:43.701+0000][38832][gc,age       ] GC(193) - age  13:        368 bytes,    3986920 total
[2020-10-07T09:43:43.701+0000][38832][gc,age       ] GC(193) - age  14:      11528 bytes,    3998448 total
[2020-10-07T09:43:43.701+0000][38832][gc,age       ] GC(193) - age  15:      10152 bytes,    4008600 total
[2020-10-07T09:43:43.701+0000][38832][gc,phases    ] GC(193)   Pre Evacuate Collection Set: 0.6ms
[2020-10-07T09:43:43.701+0000][38832][gc,phases    ] GC(193)   Merge Heap Roots: 0.1ms
[2020-10-07T09:43:43.701+0000][38832][gc,phases    ] GC(193)   Evacuate Collection Set: 2.3ms
[2020-10-07T09:43:43.702+0000][38832][gc,phases    ] GC(193)   Post Evacuate Collection Set: 0.9ms
[2020-10-07T09:43:43.702+0000][38832][gc,phases    ] GC(193)   Other: 1.2ms
[2020-10-07T09:43:43.702+0000][38832][gc,heap      ] GC(193) Eden regions: 62->0(486)
[2020-10-07T09:43:43.702+0000][38832][gc,heap      ] GC(193) Survivor regions: 5->5(61)
[2020-10-07T09:43:43.702+0000][38832][gc,heap      ] GC(193) Old regions: 78->78
[2020-10-07T09:43:43.702+0000][38832][gc,heap      ] GC(193) Archive regions: 0->0
[2020-10-07T09:43:43.702+0000][38832][gc,heap      ] GC(193) Humongous regions: 330->174
[2020-10-07T09:43:43.702+0000][38832][gc,metaspace ] GC(193) Metaspace: 87722K(93696K)->87722K(93696K) NonClass: 76539K(80128K)->76539K(80128K) Class: 11182K(13568K)->11182K(13568K)
[2020-10-07T09:43:43.702+0000][38832][gc           ] GC(193) Pause Young (Concurrent Start) (G1 Humongous Allocation) 473M->256M(1024M) 5.657ms
[2020-10-07T09:43:43.702+0000][38832][gc,cpu       ] GC(193) User=0.00s Sys=0.00s Real=0.01s
[2020-10-07T09:43:43.702+0000][38832][safepoint    ] Safepoint "G1TryInitiateConcMark", Time since last: 2637700 ns, Reaching safepoint: 222600 ns, At safepoint: 5876800 ns, Total: 6099400 ns
[2020-10-07T09:43:43.702+0000][38832][gc           ] GC(194) Concurrent Cycle
[2020-10-07T09:43:43.702+0000][38832][gc,marking   ] GC(194) Concurrent Clear Claimed Marks
[2020-10-07T09:43:43.703+0000][38832][gc,marking   ] GC(194) Concurrent Clear Claimed Marks 0.540ms
[2020-10-07T09:43:43.703+0000][38832][gc,marking   ] GC(194) Concurrent Scan Root Regions
[2020-10-07T09:43:43.706+0000][38832][gc,marking   ] GC(194) Concurrent Scan Root Regions 2.679ms
[2020-10-07T09:43:43.706+0000][38832][gc,marking   ] GC(194) Concurrent Mark (98.911s)
[2020-10-07T09:43:43.706+0000][38832][gc,marking   ] GC(194) Concurrent Mark From Roots
[2020-10-07T09:43:43.706+0000][38832][gc,task      ] GC(194) Using 2 workers of 2 for marking
[2020-10-07T09:43:43.878+0000][38832][gc,marking   ] GC(194) Concurrent Mark From Roots 172.764ms
[2020-10-07T09:43:43.878+0000][38832][gc,marking   ] GC(194) Concurrent Preclean
[2020-10-07T09:43:43.879+0000][38832][gc,marking   ] GC(194) Concurrent Preclean 0.961ms
[2020-10-07T09:43:43.879+0000][38832][gc,marking   ] GC(194) Concurrent Mark (98.911s, 99.085s) 174.012ms
[2020-10-07T09:43:43.880+0000][38832][gc,start     ] GC(194) Pause Remark
[2020-10-07T09:43:43.886+0000][38832][gc           ] GC(194) Pause Remark 392M->392M(1024M) 6.498ms
[2020-10-07T09:43:43.886+0000][38832][gc,cpu       ] GC(194) User=0.05s Sys=0.00s Real=0.01s
[2020-10-07T09:43:43.889+0000][38832][safepoint    ] Safepoint "G1Concurrent", Time since last: 177802300 ns, Reaching safepoint: 174600 ns, At safepoint: 9597800 ns, Total: 9772400 ns
[2020-10-07T09:43:43.889+0000][38832][gc,marking   ] GC(194) Concurrent Rebuild Remembered Sets
[2020-10-07T09:43:43.988+0000][38832][gc,marking   ] GC(194) Concurrent Rebuild Remembered Sets 98.478ms
[2020-10-07T09:43:43.989+0000][38832][gc,start     ] GC(194) Pause Cleanup
[2020-10-07T09:43:43.989+0000][38832][gc           ] GC(194) Pause Cleanup 397M->397M(1024M) 0.337ms
[2020-10-07T09:43:43.989+0000][38832][gc,cpu       ] GC(194) User=0.00s Sys=0.00s Real=0.00s
[2020-10-07T09:43:43.989+0000][38832][safepoint    ] Safepoint "G1Concurrent", Time since last: 98788300 ns, Reaching safepoint: 152100 ns, At safepoint: 571800 ns, Total: 723900 ns
[2020-10-07T09:43:43.989+0000][38832][gc,marking   ] GC(194) Concurrent Cleanup for Next Mark
[2020-10-07T09:43:43.991+0000][38832][gc,marking   ] GC(194) Concurrent Cleanup for Next Mark 1.649ms
[2020-10-07T09:43:43.991+0000][38832][gc           ] GC(194) Concurrent Cycle 288.944ms
[2020-10-07T09:43:44.058+0000][38832][gc,start     ] GC(195) Pause Young (Concurrent Start) (G1 Humongous Allocation)
[2020-10-07T09:43:44.058+0000][38832][gc,task      ] GC(195) Using 8 workers of 8 for evacuation
[2020-10-07T09:43:44.058+0000][38832][gc,age       ] GC(195) Desired survivor size 32505856 bytes, new threshold 15 (max threshold 15)
[2020-10-07T09:43:44.063+0000][38832][gc,age       ] GC(195) Age table with threshold 15 (max threshold 15)
[2020-10-07T09:43:44.064+0000][38832][gc,age       ] GC(195) - age   1:   11479616 bytes,   11479616 total
[2020-10-07T09:43:44.064+0000][38832][gc,age       ] GC(195) - age   2:       3016 bytes,   11482632 total
[2020-10-07T09:43:44.064+0000][38832][gc,age       ] GC(195) - age   3:       1608 bytes,   11484240 total
[2020-10-07T09:43:44.064+0000][38832][gc,age       ] GC(195) - age   4:       1760 bytes,   11486000 total
[2020-10-07T09:43:44.064+0000][38832][gc,age       ] GC(195) - age   5:      26944 bytes,   11512944 total
[2020-10-07T09:43:44.064+0000][38832][gc,age       ] GC(195) - age   6:      13032 bytes,   11525976 total
[2020-10-07T09:43:44.064+0000][38832][gc,age       ] GC(195) - age   7:        776 bytes,   11526752 total
[2020-10-07T09:43:44.064+0000][38832][gc,age       ] GC(195) - age   8:       1776 bytes,   11528528 total
[2020-10-07T09:43:44.064+0000][38832][gc,age       ] GC(195) - age   9:        272 bytes,   11528800 total
[2020-10-07T09:43:44.064+0000][38832][gc,age       ] GC(195) - age  10:        656 bytes,   11529456 total
[2020-10-07T09:43:44.064+0000][38832][gc,age       ] GC(195) - age  11:       2336 bytes,   11531792 total
[2020-10-07T09:43:44.064+0000][38832][gc,age       ] GC(195) - age  12:       2304 bytes,   11534096 total
[2020-10-07T09:43:44.064+0000][38832][gc,age       ] GC(195) - age  13:        312 bytes,   11534408 total
[2020-10-07T09:43:44.064+0000][38832][gc,age       ] GC(195) - age  14:        368 bytes,   11534776 total
[2020-10-07T09:43:44.064+0000][38832][gc,age       ] GC(195) - age  15:      11528 bytes,   11546304 total
[2020-10-07T09:43:44.064+0000][38832][gc,phases    ] GC(195)   Pre Evacuate Collection Set: 0.5ms
[2020-10-07T09:43:44.064+0000][38832][gc,phases    ] GC(195)   Merge Heap Roots: 0.1ms
[2020-10-07T09:43:44.064+0000][38832][gc,phases    ] GC(195)   Evacuate Collection Set: 3.8ms
[2020-10-07T09:43:44.064+0000][38832][gc,phases    ] GC(195)   Post Evacuate Collection Set: 0.8ms
[2020-10-07T09:43:44.064+0000][38832][gc,phases    ] GC(195)   Other: 1.3ms
[2020-10-07T09:43:44.064+0000][38832][gc,heap      ] GC(195) Eden regions: 58->0(476)
[2020-10-07T09:43:44.065+0000][38832][gc,heap      ] GC(195) Survivor regions: 5->12(62)
[2020-10-07T09:43:44.065+0000][38832][gc,heap      ] GC(195) Old regions: 78->78
[2020-10-07T09:43:44.065+0000][38832][gc,heap      ] GC(195) Archive regions: 0->0
[2020-10-07T09:43:44.065+0000][38832][gc,heap      ] GC(195) Humongous regions: 274->174
[2020-10-07T09:43:44.065+0000][38832][gc,metaspace ] GC(195) Metaspace: 87736K(93696K)->87736K(93696K) NonClass: 76553K(80128K)->76553K(80128K) Class: 11182K(13568K)->11182K(13568K)
[2020-10-07T09:43:44.065+0000][38832][gc           ] GC(195) Pause Young (Concurrent Start) (G1 Humongous Allocation) 414M->263M(1024M) 6.963ms
[2020-10-07T09:43:44.065+0000][38832][gc,cpu       ] GC(195) User=0.00s Sys=0.00s Real=0.01s
[2020-10-07T09:43:44.065+0000][38832][gc           ] GC(196) Concurrent Cycle
[2020-10-07T09:43:44.065+0000][38832][gc,marking   ] GC(196) Concurrent Clear Claimed Marks
[2020-10-07T09:43:44.065+0000][38832][gc,marking   ] GC(196) Concurrent Clear Claimed Marks 0.315ms
[2020-10-07T09:43:44.065+0000][38832][gc,marking   ] GC(196) Concurrent Scan Root Regions
[2020-10-07T09:43:44.065+0000][38832][safepoint    ] Safepoint "G1TryInitiateConcMark", Time since last: 68945300 ns, Reaching safepoint: 241200 ns, At safepoint: 7626200 ns, Total: 7867400 ns
[2020-10-07T09:43:44.068+0000][38832][gc,marking   ] GC(196) Concurrent Scan Root Regions 3.152ms
[2020-10-07T09:43:44.069+0000][38832][gc,marking   ] GC(196) Concurrent Mark (99.275s)
[2020-10-07T09:43:44.069+0000][38832][gc,marking   ] GC(196) Concurrent Mark From Roots
[2020-10-07T09:43:44.069+0000][38832][gc,task      ] GC(196) Using 2 workers of 2 for marking
[2020-10-07T09:43:44.242+0000][38832][gc,marking   ] GC(196) Concurrent Mark From Roots 173.468ms
[2020-10-07T09:43:44.242+0000][38832][gc,marking   ] GC(196) Concurrent Preclean
[2020-10-07T09:43:44.244+0000][38832][gc,marking   ] GC(196) Concurrent Preclean 1.185ms
[2020-10-07T09:43:44.244+0000][38832][gc,marking   ] GC(196) Concurrent Mark (99.275s, 99.450s) 174.987ms
[2020-10-07T09:43:44.244+0000][38832][gc,start     ] GC(196) Pause Remark
[2020-10-07T09:43:44.253+0000][38832][gc           ] GC(196) Pause Remark 569M->569M(1024M) 9.186ms
[2020-10-07T09:43:44.254+0000][38832][gc,cpu       ] GC(196) User=0.00s Sys=0.00s Real=0.01s
[2020-10-07T09:43:44.254+0000][38832][safepoint    ] Safepoint "G1Concurrent", Time since last: 178417800 ns, Reaching safepoint: 454300 ns, At safepoint: 9901000 ns, Total: 10355300 ns
[2020-10-07T09:43:44.254+0000][38832][gc,marking   ] GC(196) Concurrent Rebuild Remembered Sets
[2020-10-07T09:43:44.367+0000][38832][gc,marking   ] GC(196) Concurrent Rebuild Remembered Sets 112.713ms
[2020-10-07T09:43:44.378+0000][38832][gc,start     ] GC(196) Pause Cleanup
[2020-10-07T09:43:44.378+0000][38832][gc           ] GC(196) Pause Cleanup 581M->581M(1024M) 0.528ms
[2020-10-07T09:43:44.379+0000][38832][gc,cpu       ] GC(196) User=0.00s Sys=0.00s Real=0.00s
[2020-10-07T09:43:44.414+0000][38832][safepoint    ] Safepoint "G1Concurrent", Time since last: 112970600 ns, Reaching safepoint: 10717200 ns, At safepoint: 36609700 ns, Total: 47326900 ns
[2020-10-07T09:43:44.415+0000][38832][gc,marking   ] GC(196) Concurrent Cleanup for Next Mark
[2020-10-07T09:43:44.417+0000][38832][gc,marking   ] GC(196) Concurrent Cleanup for Next Mark 2.205ms
[2020-10-07T09:43:44.417+0000][38832][gc           ] GC(196) Concurrent Cycle 352.270ms
[2020-10-07T09:43:44.691+0000][38832][gc,start     ] GC(197) Pause Young (Concurrent Start) (G1 Humongous Allocation)
[2020-10-07T09:43:44.691+0000][38832][gc,task      ] GC(197) Using 8 workers of 8 for evacuation
[2020-10-07T09:43:44.691+0000][38832][gc,age       ] GC(197) Desired survivor size 31981568 bytes, new threshold 15 (max threshold 15)
[2020-10-07T09:43:44.697+0000][38832][gc,age       ] GC(197) Age table with threshold 15 (max threshold 15)
[2020-10-07T09:43:44.697+0000][38832][gc,age       ] GC(197) - age   1:    9202464 bytes,    9202464 total
[2020-10-07T09:43:44.698+0000][38832][gc,age       ] GC(197) - age   2:      12080 bytes,    9214544 total
[2020-10-07T09:43:44.698+0000][38832][gc,age       ] GC(197) - age   3:       1584 bytes,    9216128 total
[2020-10-07T09:43:44.698+0000][38832][gc,age       ] GC(197) - age   4:        704 bytes,    9216832 total
[2020-10-07T09:43:44.698+0000][38832][gc,age       ] GC(197) - age   5:       1152 bytes,    9217984 total
[2020-10-07T09:43:44.698+0000][38832][gc,age       ] GC(197) - age   6:      26944 bytes,    9244928 total
[2020-10-07T09:43:44.698+0000][38832][gc,age       ] GC(197) - age   7:      12968 bytes,    9257896 total
[2020-10-07T09:43:44.698+0000][38832][gc,age       ] GC(197) - age   8:        688 bytes,    9258584 total
[2020-10-07T09:43:44.698+0000][38832][gc,age       ] GC(197) - age   9:       1744 bytes,    9260328 total
[2020-10-07T09:43:44.698+0000][38832][gc,age       ] GC(197) - age  10:        240 bytes,    9260568 total
[2020-10-07T09:43:44.698+0000][38832][gc,age       ] GC(197) - age  11:        656 bytes,    9261224 total
[2020-10-07T09:43:44.698+0000][38832][gc,age       ] GC(197) - age  12:       2312 bytes,    9263536 total
[2020-10-07T09:43:44.698+0000][38832][gc,age       ] GC(197) - age  13:       2304 bytes,    9265840 total
[2020-10-07T09:43:44.698+0000][38832][gc,age       ] GC(197) - age  14:        312 bytes,    9266152 total
[2020-10-07T09:43:44.698+0000][38832][gc,age       ] GC(197) - age  15:        336 bytes,    9266488 total
[2020-10-07T09:43:44.698+0000][38832][gc,phases    ] GC(197)   Pre Evacuate Collection Set: 0.5ms
[2020-10-07T09:43:44.698+0000][38832][gc,phases    ] GC(197)   Merge Heap Roots: 0.1ms
[2020-10-07T09:43:44.698+0000][38832][gc,phases    ] GC(197)   Evacuate Collection Set: 4.6ms
[2020-10-07T09:43:44.698+0000][38832][gc,phases    ] GC(197)   Post Evacuate Collection Set: 1.0ms
[2020-10-07T09:43:44.698+0000][38832][gc,phases    ] GC(197)   Other: 1.3ms
[2020-10-07T09:43:44.698+0000][38832][gc,heap      ] GC(197) Eden regions: 97->0(478)
[2020-10-07T09:43:44.699+0000][38832][gc,heap      ] GC(197) Survivor regions: 12->10(61)
[2020-10-07T09:43:44.699+0000][38832][gc,heap      ] GC(197) Old regions: 78->78
[2020-10-07T09:43:44.699+0000][38832][gc,heap      ] GC(197) Archive regions: 0->0
[2020-10-07T09:43:44.699+0000][38832][gc,heap      ] GC(197) Humongous regions: 430->174
[2020-10-07T09:43:44.699+0000][38832][gc,metaspace ] GC(197) Metaspace: 87749K(93696K)->87749K(93696K) NonClass: 76567K(80128K)->76567K(80128K) Class: 11182K(13568K)->11182K(13568K)
[2020-10-07T09:43:44.699+0000][38832][gc           ] GC(197) Pause Young (Concurrent Start) (G1 Humongous Allocation) 616M->261M(1024M) 7.916ms
[2020-10-07T09:43:44.699+0000][38832][gc,cpu       ] GC(197) User=0.08s Sys=0.00s Real=0.01s
[2020-10-07T09:43:44.699+0000][38832][gc           ] GC(198) Concurrent Cycle
[2020-10-07T09:43:44.699+0000][38832][gc,marking   ] GC(198) Concurrent Clear Claimed Marks
[2020-10-07T09:43:44.699+0000][38832][gc,marking   ] GC(198) Concurrent Clear Claimed Marks 0.326ms
[2020-10-07T09:43:44.699+0000][38832][gc,marking   ] GC(198) Concurrent Scan Root Regions
[2020-10-07T09:43:44.701+0000][38832][gc,marking   ] GC(198) Concurrent Scan Root Regions 1.880ms
[2020-10-07T09:43:44.701+0000][38832][gc,marking   ] GC(198) Concurrent Mark (99.907s)
[2020-10-07T09:43:44.701+0000][38832][gc,marking   ] GC(198) Concurrent Mark From Roots
[2020-10-07T09:43:44.701+0000][38832][gc,task      ] GC(198) Using 2 workers of 2 for marking
[2020-10-07T09:43:44.704+0000][38832][safepoint    ] Safepoint "G1TryInitiateConcMark", Time since last: 275725700 ns, Reaching safepoint: 655000 ns, At safepoint: 12758300 ns, Total: 13413300 ns
[2020-10-07T09:43:44.889+0000][38832][gc,marking   ] GC(198) Concurrent Mark From Roots 188.071ms
[2020-10-07T09:43:44.890+0000][38832][gc,marking   ] GC(198) Concurrent Preclean
[2020-10-07T09:43:44.890+0000][38832][gc,marking   ] GC(198) Concurrent Preclean 0.884ms
[2020-10-07T09:43:44.890+0000][38832][gc,marking   ] GC(198) Concurrent Mark (99.907s, 100.096s) 189.180ms
[2020-10-07T09:43:44.896+0000][38832][gc,start     ] GC(198) Pause Remark
[2020-10-07T09:43:44.903+0000][38832][gc           ] GC(198) Pause Remark 515M->515M(1024M) 6.966ms
[2020-10-07T09:43:44.903+0000][38832][gc,cpu       ] GC(198) User=0.11s Sys=0.00s Real=0.01s
[2020-10-07T09:43:44.904+0000][38832][safepoint    ] Safepoint "G1Concurrent", Time since last: 187087700 ns, Reaching safepoint: 5121900 ns, At safepoint: 8673200 ns, Total: 13795100 ns
[2020-10-07T09:43:44.904+0000][38832][gc,marking   ] GC(198) Concurrent Rebuild Remembered Sets
[2020-10-07T09:43:45.008+0000][38832][gc,marking   ] GC(198) Concurrent Rebuild Remembered Sets 103.253ms
[2020-10-07T09:43:45.008+0000][38832][gc,start     ] GC(198) Pause Cleanup
[2020-10-07T09:43:45.008+0000][38832][gc           ] GC(198) Pause Cleanup 584M->584M(1024M) 0.358ms
[2020-10-07T09:43:45.009+0000][38832][gc,cpu       ] GC(198) User=0.00s Sys=0.00s Real=0.00s
[2020-10-07T09:43:45.009+0000][38832][safepoint    ] Safepoint "G1Concurrent", Time since last: 103510400 ns, Reaching safepoint: 182200 ns, At safepoint: 653500 ns, Total: 835700 ns
[2020-10-07T09:43:45.009+0000][38832][gc,marking   ] GC(198) Concurrent Cleanup for Next Mark
[2020-10-07T09:43:45.011+0000][38832][gc,marking   ] GC(198) Concurrent Cleanup for Next Mark 1.871ms
[2020-10-07T09:43:45.011+0000][38832][gc           ] GC(198) Concurrent Cycle 311.955ms
[2020-10-07T09:43:45.149+0000][38832][gc,start     ] GC(199) Pause Young (Concurrent Start) (G1 Humongous Allocation)
[2020-10-07T09:43:45.149+0000][38832][gc,task      ] GC(199) Using 8 workers of 8 for evacuation
[2020-10-07T09:43:45.149+0000][38832][gc,age       ] GC(199) Desired survivor size 31981568 bytes, new threshold 15 (max threshold 15)
[2020-10-07T09:43:45.154+0000][38832][gc,age       ] GC(199) Age table with threshold 15 (max threshold 15)
[2020-10-07T09:43:45.154+0000][38832][gc,age       ] GC(199) - age   1:    7773032 bytes,    7773032 total
[2020-10-07T09:43:45.154+0000][38832][gc,age       ] GC(199) - age   2:       4184 bytes,    7777216 total
[2020-10-07T09:43:45.154+0000][38832][gc,age       ] GC(199) - age   3:      11032 bytes,    7788248 total
[2020-10-07T09:43:45.154+0000][38832][gc,age       ] GC(199) - age   4:       1456 bytes,    7789704 total
[2020-10-07T09:43:45.154+0000][38832][gc,age       ] GC(199) - age   5:        672 bytes,    7790376 total
[2020-10-07T09:43:45.154+0000][38832][gc,age       ] GC(199) - age   6:       1024 bytes,    7791400 total
[2020-10-07T09:43:45.154+0000][38832][gc,age       ] GC(199) - age   7:      26944 bytes,    7818344 total
[2020-10-07T09:43:45.154+0000][38832][gc,age       ] GC(199) - age   8:      12968 bytes,    7831312 total
[2020-10-07T09:43:45.154+0000][38832][gc,age       ] GC(199) - age   9:        688 bytes,    7832000 total
[2020-10-07T09:43:45.154+0000][38832][gc,age       ] GC(199) - age  10:       1712 bytes,    7833712 total
[2020-10-07T09:43:45.154+0000][38832][gc,age       ] GC(199) - age  11:        240 bytes,    7833952 total
[2020-10-07T09:43:45.154+0000][38832][gc,age       ] GC(199) - age  12:        656 bytes,    7834608 total
[2020-10-07T09:43:45.154+0000][38832][gc,age       ] GC(199) - age  13:       2216 bytes,    7836824 total
[2020-10-07T09:43:45.154+0000][38832][gc,age       ] GC(199) - age  14:       2272 bytes,    7839096 total
[2020-10-07T09:43:45.154+0000][38832][gc,age       ] GC(199) - age  15:        312 bytes,    7839408 total
[2020-10-07T09:43:45.154+0000][38832][gc,phases    ] GC(199)   Pre Evacuate Collection Set: 0.5ms
[2020-10-07T09:43:45.155+0000][38832][gc,phases    ] GC(199)   Merge Heap Roots: 0.1ms
[2020-10-07T09:43:45.155+0000][38832][gc,phases    ] GC(199)   Evacuate Collection Set: 2.8ms
[2020-10-07T09:43:45.155+0000][38832][gc,phases    ] GC(199)   Post Evacuate Collection Set: 1.1ms
[2020-10-07T09:43:45.155+0000][38832][gc,phases    ] GC(199)   Other: 1.2ms
[2020-10-07T09:43:45.155+0000][38832][gc,heap      ] GC(199) Eden regions: 97->0(480)
[2020-10-07T09:43:45.155+0000][38832][gc,heap      ] GC(199) Survivor regions: 10->9(61)
[2020-10-07T09:43:45.155+0000][38832][gc,heap      ] GC(199) Old regions: 78->78
[2020-10-07T09:43:45.155+0000][38832][gc,heap      ] GC(199) Archive regions: 0->0
[2020-10-07T09:43:45.155+0000][38832][gc,heap      ] GC(199) Humongous regions: 430->174
[2020-10-07T09:43:45.155+0000][38832][gc,metaspace ] GC(199) Metaspace: 87759K(93696K)->87759K(93696K) NonClass: 76576K(80128K)->76576K(80128K) Class: 11183K(13568K)->11183K(13568K)
[2020-10-07T09:43:45.155+0000][38832][gc           ] GC(199) Pause Young (Concurrent Start) (G1 Humongous Allocation) 613M->259M(1024M) 6.222ms
[2020-10-07T09:43:45.155+0000][38832][gc,cpu       ] GC(199) User=0.00s Sys=0.00s Real=0.01s
[2020-10-07T09:43:45.155+0000][38832][gc           ] GC(200) Concurrent Cycle
[2020-10-07T09:43:45.155+0000][38832][gc,marking   ] GC(200) Concurrent Clear Claimed Marks
[2020-10-07T09:43:45.155+0000][38832][safepoint    ] Safepoint "G1TryInitiateConcMark", Time since last: 139868700 ns, Reaching safepoint: 249800 ns, At safepoint: 6593700 ns, Total: 6843500 ns
[2020-10-07T09:43:45.156+0000][38832][gc,marking   ] GC(200) Concurrent Clear Claimed Marks 0.515ms
[2020-10-07T09:43:45.156+0000][38832][gc,marking   ] GC(200) Concurrent Scan Root Regions
[2020-10-07T09:43:45.158+0000][38832][gc,marking   ] GC(200) Concurrent Scan Root Regions 1.926ms
[2020-10-07T09:43:45.158+0000][38832][gc,marking   ] GC(200) Concurrent Mark (100.364s)
[2020-10-07T09:43:45.158+0000][38832][gc,marking   ] GC(200) Concurrent Mark From Roots
[2020-10-07T09:43:45.158+0000][38832][gc,task      ] GC(200) Using 2 workers of 2 for marking
[2020-10-07T09:43:45.343+0000][38832][gc,marking   ] GC(200) Concurrent Mark From Roots 184.512ms
[2020-10-07T09:43:45.343+0000][38832][gc,marking   ] GC(200) Concurrent Preclean
[2020-10-07T09:43:45.344+0000][38832][gc,marking   ] GC(200) Concurrent Preclean 0.875ms
[2020-10-07T09:43:45.344+0000][38832][gc,marking   ] GC(200) Concurrent Mark (100.364s, 100.550s) 185.617ms
[2020-10-07T09:43:45.344+0000][38832][gc,start     ] GC(200) Pause Remark
[2020-10-07T09:43:45.351+0000][38832][gc           ] GC(200) Pause Remark 592M->592M(1024M) 6.881ms
[2020-10-07T09:43:45.351+0000][38832][gc,cpu       ] GC(200) User=0.11s Sys=0.00s Real=0.01s
[2020-10-07T09:43:45.352+0000][38832][safepoint    ] Safepoint "G1Concurrent", Time since last: 188247200 ns, Reaching safepoint: 248100 ns, At safepoint: 7787100 ns, Total: 8035200 ns
[2020-10-07T09:43:45.352+0000][38832][gc,marking   ] GC(200) Concurrent Rebuild Remembered Sets
[2020-10-07T09:43:45.454+0000][38832][gc,marking   ] GC(200) Concurrent Rebuild Remembered Sets 102.490ms
[2020-10-07T09:43:45.457+0000][38832][gc,start     ] GC(200) Pause Cleanup
[2020-10-07T09:43:45.457+0000][38832][gc           ] GC(200) Pause Cleanup 602M->602M(1024M) 0.336ms
[2020-10-07T09:43:45.457+0000][38832][gc,cpu       ] GC(200) User=0.00s Sys=0.00s Real=0.00s
[2020-10-07T09:43:45.458+0000][38832][safepoint    ] Safepoint "G1Concurrent", Time since last: 102731400 ns, Reaching safepoint: 2350300 ns, At safepoint: 1040900 ns, Total: 3391200 ns
[2020-10-07T09:43:45.458+0000][38832][gc,marking   ] GC(200) Concurrent Cleanup for Next Mark
[2020-10-07T09:43:45.460+0000][38832][gc,marking   ] GC(200) Concurrent Cleanup for Next Mark 1.711ms
[2020-10-07T09:43:45.460+0000][38832][gc           ] GC(200) Concurrent Cycle 304.469ms
[2020-10-07T09:43:45.525+0000][38832][gc,start     ] GC(201) Pause Young (Concurrent Start) (G1 Humongous Allocation)
[2020-10-07T09:43:45.525+0000][38832][gc,task      ] GC(201) Using 8 workers of 8 for evacuation
[2020-10-07T09:43:45.526+0000][38832][gc,age       ] GC(201) Desired survivor size 32505856 bytes, new threshold 15 (max threshold 15)
[2020-10-07T09:43:45.531+0000][38832][gc,age       ] GC(201) Age table with threshold 15 (max threshold 15)
[2020-10-07T09:43:45.531+0000][38832][gc,age       ] GC(201) - age   1:   13654744 bytes,   13654744 total
[2020-10-07T09:43:45.531+0000][38832][gc,age       ] GC(201) - age   2:       2776 bytes,   13657520 total
[2020-10-07T09:43:45.531+0000][38832][gc,age       ] GC(201) - age   3:       2616 bytes,   13660136 total
[2020-10-07T09:43:45.531+0000][38832][gc,age       ] GC(201) - age   4:      11032 bytes,   13671168 total
[2020-10-07T09:43:45.531+0000][38832][gc,age       ] GC(201) - age   5:       1456 bytes,   13672624 total
[2020-10-07T09:43:45.531+0000][38832][gc,age       ] GC(201) - age   6:        672 bytes,   13673296 total
[2020-10-07T09:43:45.531+0000][38832][gc,age       ] GC(201) - age   7:        960 bytes,   13674256 total
[2020-10-07T09:43:45.531+0000][38832][gc,age       ] GC(201) - age   8:      26944 bytes,   13701200 total
[2020-10-07T09:43:45.531+0000][38832][gc,age       ] GC(201) - age   9:      12968 bytes,   13714168 total
[2020-10-07T09:43:45.531+0000][38832][gc,age       ] GC(201) - age  10:        688 bytes,   13714856 total
[2020-10-07T09:43:45.531+0000][38832][gc,age       ] GC(201) - age  11:       1712 bytes,   13716568 total
[2020-10-07T09:43:45.531+0000][38832][gc,age       ] GC(201) - age  12:        240 bytes,   13716808 total
[2020-10-07T09:43:45.531+0000][38832][gc,age       ] GC(201) - age  13:        656 bytes,   13717464 total
[2020-10-07T09:43:45.532+0000][38832][gc,age       ] GC(201) - age  14:       2008 bytes,   13719472 total
[2020-10-07T09:43:45.532+0000][38832][gc,age       ] GC(201) - age  15:       2176 bytes,   13721648 total
[2020-10-07T09:43:45.532+0000][38832][gc,phases    ] GC(201)   Pre Evacuate Collection Set: 0.4ms
[2020-10-07T09:43:45.532+0000][38832][gc,phases    ] GC(201)   Merge Heap Roots: 0.1ms
[2020-10-07T09:43:45.532+0000][38832][gc,phases    ] GC(201)   Evacuate Collection Set: 3.6ms
[2020-10-07T09:43:45.532+0000][38832][gc,phases    ] GC(201)   Post Evacuate Collection Set: 0.9ms
[2020-10-07T09:43:45.532+0000][38832][gc,phases    ] GC(201)   Other: 1.4ms
[2020-10-07T09:43:45.532+0000][38832][gc,heap      ] GC(201) Eden regions: 108->0(470)
[2020-10-07T09:43:45.532+0000][38832][gc,heap      ] GC(201) Survivor regions: 9->15(62)
[2020-10-07T09:43:45.532+0000][38832][gc,heap      ] GC(201) Old regions: 78->78
[2020-10-07T09:43:45.532+0000][38832][gc,heap      ] GC(201) Archive regions: 0->0
[2020-10-07T09:43:45.532+0000][38832][gc,heap      ] GC(201) Humongous regions: 430->174
[2020-10-07T09:43:45.532+0000][38832][gc,metaspace ] GC(201) Metaspace: 87776K(93696K)->87776K(93696K) NonClass: 76591K(80128K)->76591K(80128K) Class: 11184K(13568K)->11184K(13568K)
[2020-10-07T09:43:45.532+0000][38832][gc           ] GC(201) Pause Young (Concurrent Start) (G1 Humongous Allocation) 623M->266M(1024M) 6.978ms
[2020-10-07T09:43:45.532+0000][38832][gc,cpu       ] GC(201) User=0.00s Sys=0.00s Real=0.01s
[2020-10-07T09:43:45.532+0000][38832][gc           ] GC(202) Concurrent Cycle
[2020-10-07T09:43:45.533+0000][38832][gc,marking   ] GC(202) Concurrent Clear Claimed Marks
[2020-10-07T09:43:45.533+0000][38832][gc,marking   ] GC(202) Concurrent Clear Claimed Marks 0.300ms
[2020-10-07T09:43:45.533+0000][38832][gc,marking   ] GC(202) Concurrent Scan Root Regions
[2020-10-07T09:43:45.533+0000][38832][safepoint    ] Safepoint "G1TryInitiateConcMark", Time since last: 67338200 ns, Reaching safepoint: 207900 ns, At safepoint: 7709200 ns, Total: 7917100 ns
[2020-10-07T09:43:45.536+0000][38832][gc,marking   ] GC(202) Concurrent Scan Root Regions 2.808ms
[2020-10-07T09:43:45.536+0000][38832][gc,marking   ] GC(202) Concurrent Mark (100.742s)
[2020-10-07T09:43:45.536+0000][38832][gc,marking   ] GC(202) Concurrent Mark From Roots
[2020-10-07T09:43:45.536+0000][38832][gc,task      ] GC(202) Using 2 workers of 2 for marking
[2020-10-07T09:43:45.714+0000][38832][gc,marking   ] GC(202) Concurrent Mark From Roots 177.186ms
[2020-10-07T09:43:45.714+0000][38832][gc,marking   ] GC(202) Concurrent Preclean
[2020-10-07T09:43:45.715+0000][38832][gc,marking   ] GC(202) Concurrent Preclean 1.002ms
[2020-10-07T09:43:45.715+0000][38832][gc,marking   ] GC(202) Concurrent Mark (100.742s, 100.920s) 178.409ms
[2020-10-07T09:43:45.715+0000][38832][gc,start     ] GC(202) Pause Remark
[2020-10-07T09:43:45.723+0000][38832][gc           ] GC(202) Pause Remark 589M->589M(1024M) 7.371ms
[2020-10-07T09:43:45.723+0000][38832][gc,cpu       ] GC(202) User=0.00s Sys=0.00s Real=0.01s
[2020-10-07T09:43:45.723+0000][38832][safepoint    ] Safepoint "G1Concurrent", Time since last: 181376000 ns, Reaching safepoint: 619500 ns, At safepoint: 7638700 ns, Total: 8258200 ns
[2020-10-07T09:43:45.723+0000][38832][gc,marking   ] GC(202) Concurrent Rebuild Remembered Sets
[2020-10-07T09:43:45.827+0000][38832][gc,marking   ] GC(202) Concurrent Rebuild Remembered Sets 103.989ms
[2020-10-07T09:43:45.834+0000][38832][gc,start     ] GC(202) Pause Cleanup
[2020-10-07T09:43:45.834+0000][38832][gc           ] GC(202) Pause Cleanup 602M->602M(1024M) 0.363ms
[2020-10-07T09:43:45.834+0000][38832][gc,cpu       ] GC(202) User=0.00s Sys=0.00s Real=0.00s
[2020-10-07T09:43:45.834+0000][38832][safepoint    ] Safepoint "G1Concurrent", Time since last: 104218800 ns, Reaching safepoint: 6404700 ns, At safepoint: 607200 ns, Total: 7011900 ns
[2020-10-07T09:43:45.834+0000][38832][gc,marking   ] GC(202) Concurrent Cleanup for Next Mark
[2020-10-07T09:43:45.836+0000][38832][gc,marking   ] GC(202) Concurrent Cleanup for Next Mark 1.588ms
[2020-10-07T09:43:45.836+0000][38832][gc           ] GC(202) Concurrent Cycle 303.196ms
[2020-10-07T09:43:45.974+0000][38832][gc,start     ] GC(203) Pause Young (Concurrent Start) (G1 Humongous Allocation)
[2020-10-07T09:43:45.974+0000][38832][gc,task      ] GC(203) Using 8 workers of 8 for evacuation
[2020-10-07T09:43:45.974+0000][38832][gc,age       ] GC(203) Desired survivor size 31981568 bytes, new threshold 15 (max threshold 15)
[2020-10-07T09:43:45.978+0000][38832][gc,age       ] GC(203) Age table with threshold 15 (max threshold 15)
[2020-10-07T09:43:45.978+0000][38832][gc,age       ] GC(203) - age   1:    5139848 bytes,    5139848 total
[2020-10-07T09:43:45.978+0000][38832][gc,age       ] GC(203) - age   2:       3848 bytes,    5143696 total
[2020-10-07T09:43:45.978+0000][38832][gc,age       ] GC(203) - age   3:       1736 bytes,    5145432 total
[2020-10-07T09:43:45.978+0000][38832][gc,age       ] GC(203) - age   4:       1488 bytes,    5146920 total
[2020-10-07T09:43:45.978+0000][38832][gc,age       ] GC(203) - age   5:      11000 bytes,    5157920 total
[2020-10-07T09:43:45.979+0000][38832][gc,age       ] GC(203) - age   6:       1424 bytes,    5159344 total
[2020-10-07T09:43:45.979+0000][38832][gc,age       ] GC(203) - age   7:        672 bytes,    5160016 total
[2020-10-07T09:43:45.979+0000][38832][gc,age       ] GC(203) - age   8:        960 bytes,    5160976 total
[2020-10-07T09:43:45.979+0000][38832][gc,age       ] GC(203) - age   9:      26944 bytes,    5187920 total
[2020-10-07T09:43:45.979+0000][38832][gc,age       ] GC(203) - age  10:      12904 bytes,    5200824 total
[2020-10-07T09:43:45.979+0000][38832][gc,age       ] GC(203) - age  11:        688 bytes,    5201512 total
[2020-10-07T09:43:45.979+0000][38832][gc,age       ] GC(203) - age  12:       1712 bytes,    5203224 total
[2020-10-07T09:43:45.979+0000][38832][gc,age       ] GC(203) - age  13:        240 bytes,    5203464 total
[2020-10-07T09:43:45.979+0000][38832][gc,age       ] GC(203) - age  14:        656 bytes,    5204120 total
[2020-10-07T09:43:45.979+0000][38832][gc,age       ] GC(203) - age  15:       2008 bytes,    5206128 total
[2020-10-07T09:43:45.979+0000][38832][gc,phases    ] GC(203)   Pre Evacuate Collection Set: 0.5ms
[2020-10-07T09:43:45.979+0000][38832][gc,phases    ] GC(203)   Merge Heap Roots: 0.1ms
[2020-10-07T09:43:45.979+0000][38832][gc,phases    ] GC(203)   Evacuate Collection Set: 2.4ms
[2020-10-07T09:43:45.979+0000][38832][gc,phases    ] GC(203)   Post Evacuate Collection Set: 1.1ms
[2020-10-07T09:43:45.979+0000][38832][gc,phases    ] GC(203)   Other: 1.5ms
[2020-10-07T09:43:45.979+0000][38832][gc,heap      ] GC(203) Eden regions: 94->0(483)
[2020-10-07T09:43:45.980+0000][38832][gc,heap      ] GC(203) Survivor regions: 15->6(61)
[2020-10-07T09:43:45.980+0000][38832][gc,heap      ] GC(203) Old regions: 78->78
[2020-10-07T09:43:45.980+0000][38832][gc,heap      ] GC(203) Archive regions: 0->0
[2020-10-07T09:43:45.980+0000][38832][gc,heap      ] GC(203) Humongous regions: 430->174
[2020-10-07T09:43:45.980+0000][38832][gc,metaspace ] GC(203) Metaspace: 87806K(93696K)->87806K(93696K) NonClass: 76621K(80128K)->76621K(80128K) Class: 11184K(13568K)->11184K(13568K)
[2020-10-07T09:43:45.980+0000][38832][gc           ] GC(203) Pause Young (Concurrent Start) (G1 Humongous Allocation) 615M->257M(1024M) 6.318ms
[2020-10-07T09:43:45.980+0000][38832][gc,cpu       ] GC(203) User=0.09s Sys=0.00s Real=0.01s
[2020-10-07T09:43:45.980+0000][38832][gc           ] GC(204) Concurrent Cycle
[2020-10-07T09:43:45.980+0000][38832][gc,marking   ] GC(204) Concurrent Clear Claimed Marks
[2020-10-07T09:43:45.980+0000][38832][safepoint    ] Safepoint "G1TryInitiateConcMark", Time since last: 139015100 ns, Reaching safepoint: 174500 ns, At safepoint: 6656500 ns, Total: 6831000 ns
[2020-10-07T09:43:45.981+0000][38832][gc,marking   ] GC(204) Concurrent Clear Claimed Marks 0.556ms
[2020-10-07T09:43:45.981+0000][38832][gc,marking   ] GC(204) Concurrent Scan Root Regions
[2020-10-07T09:43:45.984+0000][38832][gc,marking   ] GC(204) Concurrent Scan Root Regions 3.442ms
[2020-10-07T09:43:45.984+0000][38832][gc,marking   ] GC(204) Concurrent Mark (101.190s)
[2020-10-07T09:43:45.984+0000][38832][gc,marking   ] GC(204) Concurrent Mark From Roots
[2020-10-07T09:43:45.984+0000][38832][gc,task      ] GC(204) Using 2 workers of 2 for marking
[2020-10-07T09:43:46.171+0000][38832][gc,marking   ] GC(204) Concurrent Mark From Roots 186.303ms
[2020-10-07T09:43:46.171+0000][38832][gc,marking   ] GC(204) Concurrent Preclean
[2020-10-07T09:43:46.172+0000][38832][gc,marking   ] GC(204) Concurrent Preclean 0.875ms
[2020-10-07T09:43:46.172+0000][38832][gc,marking   ] GC(204) Concurrent Mark (101.190s, 101.377s) 187.388ms
[2020-10-07T09:43:46.176+0000][38832][gc,start     ] GC(204) Pause Remark
[2020-10-07T09:43:46.183+0000][38832][gc           ] GC(204) Pause Remark 436M->436M(1024M) 7.070ms
[2020-10-07T09:43:46.183+0000][38832][gc,cpu       ] GC(204) User=0.09s Sys=0.00s Real=0.01s
[2020-10-07T09:43:46.186+0000][38832][safepoint    ] Safepoint "G1Concurrent", Time since last: 191762200 ns, Reaching safepoint: 3838600 ns, At safepoint: 9831900 ns, Total: 13670500 ns
[2020-10-07T09:43:46.186+0000][38832][gc,marking   ] GC(204) Concurrent Rebuild Remembered Sets
[2020-10-07T09:43:46.292+0000][38832][gc,marking   ] GC(204) Concurrent Rebuild Remembered Sets 106.398ms
[2020-10-07T09:43:46.292+0000][38832][gc,start     ] GC(204) Pause Cleanup
[2020-10-07T09:43:46.293+0000][38832][gc           ] GC(204) Pause Cleanup 444M->444M(1024M) 0.367ms
[2020-10-07T09:43:46.293+0000][38832][gc,cpu       ] GC(204) User=0.00s Sys=0.00s Real=0.00s
[2020-10-07T09:43:46.293+0000][38832][safepoint    ] Safepoint "G1Concurrent", Time since last: 106626400 ns, Reaching safepoint: 201500 ns, At safepoint: 654600 ns, Total: 856100 ns
[2020-10-07T09:43:46.293+0000][38832][gc,marking   ] GC(204) Concurrent Cleanup for Next Mark
[2020-10-07T09:43:46.295+0000][38832][gc,marking   ] GC(204) Concurrent Cleanup for Next Mark 1.776ms
[2020-10-07T09:43:46.295+0000][38832][gc           ] GC(204) Concurrent Cycle 314.964ms
[2020-10-07T09:43:46.351+0000][38832][gc,start     ] GC(205) Pause Young (Concurrent Start) (G1 Humongous Allocation)
[2020-10-07T09:43:46.352+0000][38832][gc,task      ] GC(205) Using 8 workers of 8 for evacuation
[2020-10-07T09:43:46.352+0000][38832][gc,age       ] GC(205) Desired survivor size 32505856 bytes, new threshold 15 (max threshold 15)
[2020-10-07T09:43:46.356+0000][38832][gc,age       ] GC(205) Age table with threshold 15 (max threshold 15)
[2020-10-07T09:43:46.357+0000][38832][gc,age       ] GC(205) - age   1:    3398832 bytes,    3398832 total
[2020-10-07T09:43:46.357+0000][38832][gc,age       ] GC(205) - age   2:       9840 bytes,    3408672 total
[2020-10-07T09:43:46.357+0000][38832][gc,age       ] GC(205) - age   3:       3240 bytes,    3411912 total
[2020-10-07T09:43:46.357+0000][38832][gc,age       ] GC(205) - age   4:       1416 bytes,    3413328 total
[2020-10-07T09:43:46.357+0000][38832][gc,age       ] GC(205) - age   5:       1488 bytes,    3414816 total
[2020-10-07T09:43:46.357+0000][38832][gc,age       ] GC(205) - age   6:      10840 bytes,    3425656 total
[2020-10-07T09:43:46.357+0000][38832][gc,age       ] GC(205) - age   7:       1424 bytes,    3427080 total
[2020-10-07T09:43:46.357+0000][38832][gc,age       ] GC(205) - age   8:        640 bytes,    3427720 total
[2020-10-07T09:43:46.357+0000][38832][gc,age       ] GC(205) - age   9:        960 bytes,    3428680 total
[2020-10-07T09:43:46.357+0000][38832][gc,age       ] GC(205) - age  10:      26880 bytes,    3455560 total
[2020-10-07T09:43:46.357+0000][38832][gc,age       ] GC(205) - age  11:      12904 bytes,    3468464 total
[2020-10-07T09:43:46.357+0000][38832][gc,age       ] GC(205) - age  12:        688 bytes,    3469152 total
[2020-10-07T09:43:46.357+0000][38832][gc,age       ] GC(205) - age  13:       1712 bytes,    3470864 total
[2020-10-07T09:43:46.357+0000][38832][gc,age       ] GC(205) - age  14:        208 bytes,    3471072 total
[2020-10-07T09:43:46.357+0000][38832][gc,age       ] GC(205) - age  15:        624 bytes,    3471696 total
[2020-10-07T09:43:46.357+0000][38832][gc,phases    ] GC(205)   Pre Evacuate Collection Set: 0.5ms
[2020-10-07T09:43:46.357+0000][38832][gc,phases    ] GC(205)   Merge Heap Roots: 0.1ms
[2020-10-07T09:43:46.357+0000][38832][gc,phases    ] GC(205)   Evacuate Collection Set: 3.1ms
[2020-10-07T09:43:46.357+0000][38832][gc,phases    ] GC(205)   Post Evacuate Collection Set: 1.0ms
[2020-10-07T09:43:46.358+0000][38832][gc,phases    ] GC(205)   Other: 1.3ms
[2020-10-07T09:43:46.358+0000][38832][gc,heap      ] GC(205) Eden regions: 56->0(488)
[2020-10-07T09:43:46.358+0000][38832][gc,heap      ] GC(205) Survivor regions: 6->4(62)
[2020-10-07T09:43:46.358+0000][38832][gc,heap      ] GC(205) Old regions: 78->78
[2020-10-07T09:43:46.358+0000][38832][gc,heap      ] GC(205) Archive regions: 0->0
[2020-10-07T09:43:46.358+0000][38832][gc,heap      ] GC(205) Humongous regions: 318->174
[2020-10-07T09:43:46.358+0000][38832][gc,metaspace ] GC(205) Metaspace: 87806K(93696K)->87806K(93696K) NonClass: 76621K(80128K)->76621K(80128K) Class: 11184K(13568K)->11184K(13568K)
[2020-10-07T09:43:46.358+0000][38832][gc           ] GC(205) Pause Young (Concurrent Start) (G1 Humongous Allocation) 457M->255M(1024M) 6.534ms
[2020-10-07T09:43:46.358+0000][38832][gc,cpu       ] GC(205) User=0.00s Sys=0.00s Real=0.01s
[2020-10-07T09:43:46.358+0000][38832][gc           ] GC(206) Concurrent Cycle
[2020-10-07T09:43:46.358+0000][38832][safepoint    ] Safepoint "G1TryInitiateConcMark", Time since last: 58097900 ns, Reaching safepoint: 194300 ns, At safepoint: 6799400 ns, Total: 6993700 ns
[2020-10-07T09:43:46.358+0000][38832][gc,marking   ] GC(206) Concurrent Clear Claimed Marks
[2020-10-07T09:43:46.359+0000][38832][gc,marking   ] GC(206) Concurrent Clear Claimed Marks 0.540ms
[2020-10-07T09:43:46.359+0000][38832][gc,marking   ] GC(206) Concurrent Scan Root Regions
[2020-10-07T09:43:46.362+0000][38832][gc,marking   ] GC(206) Concurrent Scan Root Regions 2.862ms
[2020-10-07T09:43:46.362+0000][38832][gc,marking   ] GC(206) Concurrent Mark (101.568s)
[2020-10-07T09:43:46.362+0000][38832][gc,marking   ] GC(206) Concurrent Mark From Roots
[2020-10-07T09:43:46.362+0000][38832][gc,task      ] GC(206) Using 2 workers of 2 for marking
[2020-10-07T09:43:46.549+0000][38832][gc,marking   ] GC(206) Concurrent Mark From Roots 186.643ms
[2020-10-07T09:43:46.549+0000][38832][gc,marking   ] GC(206) Concurrent Preclean
[2020-10-07T09:43:46.550+0000][38832][gc,marking   ] GC(206) Concurrent Preclean 0.874ms
[2020-10-07T09:43:46.550+0000][38832][gc,marking   ] GC(206) Concurrent Mark (101.568s, 101.755s) 187.749ms
[2020-10-07T09:43:46.553+0000][38832][gc,start     ] GC(206) Pause Remark
[2020-10-07T09:43:46.560+0000][38832][gc           ] GC(206) Pause Remark 382M->382M(1024M) 6.895ms
[2020-10-07T09:43:46.560+0000][38832][gc,cpu       ] GC(206) User=0.11s Sys=0.00s Real=0.01s
[2020-10-07T09:43:46.560+0000][38832][safepoint    ] Safepoint "G1Concurrent", Time since last: 191581100 ns, Reaching safepoint: 2888000 ns, At safepoint: 7519700 ns, Total: 10407700 ns
[2020-10-07T09:43:46.560+0000][38832][gc,marking   ] GC(206) Concurrent Rebuild Remembered Sets
[2020-10-07T09:43:46.663+0000][38832][gc,marking   ] GC(206) Concurrent Rebuild Remembered Sets 102.467ms
[2020-10-07T09:43:46.663+0000][38832][gc,start     ] GC(206) Pause Cleanup
[2020-10-07T09:43:46.664+0000][38832][gc           ] GC(206) Pause Cleanup 451M->451M(1024M) 0.363ms
[2020-10-07T09:43:46.664+0000][38832][gc,cpu       ] GC(206) User=0.00s Sys=0.00s Real=0.00s
[2020-10-07T09:43:46.666+0000][38832][safepoint    ] Safepoint "G1Concurrent", Time since last: 102708800 ns, Reaching safepoint: 187800 ns, At safepoint: 3358600 ns, Total: 3546400 ns
[2020-10-07T09:43:46.667+0000][38832][gc,marking   ] GC(206) Concurrent Cleanup for Next Mark
[2020-10-07T09:43:46.668+0000][38832][gc,marking   ] GC(206) Concurrent Cleanup for Next Mark 1.789ms
[2020-10-07T09:43:46.669+0000][38832][gc           ] GC(206) Concurrent Cycle 310.355ms
[2020-10-07T09:43:46.783+0000][38832][gc,start     ] GC(207) Pause Young (Concurrent Start) (G1 Humongous Allocation)
[2020-10-07T09:43:46.783+0000][38832][gc,task      ] GC(207) Using 8 workers of 8 for evacuation
[2020-10-07T09:43:46.783+0000][38832][gc,age       ] GC(207) Desired survivor size 32505856 bytes, new threshold 15 (max threshold 15)
[2020-10-07T09:43:46.788+0000][38832][gc,age       ] GC(207) Age table with threshold 15 (max threshold 15)
[2020-10-07T09:43:46.788+0000][38832][gc,age       ] GC(207) - age   1:   10523200 bytes,   10523200 total
[2020-10-07T09:43:46.788+0000][38832][gc,age       ] GC(207) - age   2:       1760 bytes,   10524960 total
[2020-10-07T09:43:46.788+0000][38832][gc,age       ] GC(207) - age   3:       4856 bytes,   10529816 total
[2020-10-07T09:43:46.788+0000][38832][gc,age       ] GC(207) - age   4:       1912 bytes,   10531728 total
[2020-10-07T09:43:46.788+0000][38832][gc,age       ] GC(207) - age   5:       1352 bytes,   10533080 total
[2020-10-07T09:43:46.788+0000][38832][gc,age       ] GC(207) - age   6:       1488 bytes,   10534568 total
[2020-10-07T09:43:46.788+0000][38832][gc,age       ] GC(207) - age   7:      10840 bytes,   10545408 total
[2020-10-07T09:43:46.788+0000][38832][gc,age       ] GC(207) - age   8:        848 bytes,   10546256 total
[2020-10-07T09:43:46.788+0000][38832][gc,age       ] GC(207) - age   9:        288 bytes,   10546544 total
[2020-10-07T09:43:46.788+0000][38832][gc,age       ] GC(207) - age  10:        896 bytes,   10547440 total
[2020-10-07T09:43:46.788+0000][38832][gc,age       ] GC(207) - age  11:      26688 bytes,   10574128 total
[2020-10-07T09:43:46.789+0000][38832][gc,age       ] GC(207) - age  12:      12904 bytes,   10587032 total
[2020-10-07T09:43:46.789+0000][38832][gc,age       ] GC(207) - age  13:        688 bytes,   10587720 total
[2020-10-07T09:43:46.789+0000][38832][gc,age       ] GC(207) - age  14:       1712 bytes,   10589432 total
[2020-10-07T09:43:46.789+0000][38832][gc,age       ] GC(207) - age  15:        208 bytes,   10589640 total
[2020-10-07T09:43:46.789+0000][38832][gc,phases    ] GC(207)   Pre Evacuate Collection Set: 0.5ms
[2020-10-07T09:43:46.789+0000][38832][gc,phases    ] GC(207)   Merge Heap Roots: 0.1ms
[2020-10-07T09:43:46.789+0000][38832][gc,phases    ] GC(207)   Evacuate Collection Set: 3.2ms
[2020-10-07T09:43:46.789+0000][38832][gc,phases    ] GC(207)   Post Evacuate Collection Set: 1.2ms
[2020-10-07T09:43:46.789+0000][38832][gc,phases    ] GC(207)   Other: 1.4ms
[2020-10-07T09:43:46.789+0000][38832][gc,heap      ] GC(207) Eden regions: 80->0(480)
[2020-10-07T09:43:46.789+0000][38832][gc,heap      ] GC(207) Survivor regions: 4->11(62)
[2020-10-07T09:43:46.789+0000][38832][gc,heap      ] GC(207) Old regions: 78->78
[2020-10-07T09:43:46.789+0000][38832][gc,heap      ] GC(207) Archive regions: 0->0
[2020-10-07T09:43:46.789+0000][38832][gc,heap      ] GC(207) Humongous regions: 318->174
[2020-10-07T09:43:46.789+0000][38832][gc,metaspace ] GC(207) Metaspace: 87822K(93696K)->87822K(93696K) NonClass: 76637K(80128K)->76637K(80128K) Class: 11185K(13568K)->11185K(13568K)
[2020-10-07T09:43:46.789+0000][38832][gc           ] GC(207) Pause Young (Concurrent Start) (G1 Humongous Allocation) 479M->262M(1024M) 6.817ms
[2020-10-07T09:43:46.789+0000][38832][gc,cpu       ] GC(207) User=0.02s Sys=0.00s Real=0.01s
[2020-10-07T09:43:46.790+0000][38832][gc           ] GC(208) Concurrent Cycle
[2020-10-07T09:43:46.790+0000][38832][gc,marking   ] GC(208) Concurrent Clear Claimed Marks
[2020-10-07T09:43:46.790+0000][38832][gc,marking   ] GC(208) Concurrent Clear Claimed Marks 0.386ms
[2020-10-07T09:43:46.790+0000][38832][gc,marking   ] GC(208) Concurrent Scan Root Regions
[2020-10-07T09:43:46.791+0000][38832][safepoint    ] Safepoint "G1TryInitiateConcMark", Time since last: 115769600 ns, Reaching safepoint: 227800 ns, At safepoint: 8242000 ns, Total: 8469800 ns
[2020-10-07T09:43:46.792+0000][38832][gc,marking   ] GC(208) Concurrent Scan Root Regions 2.089ms
[2020-10-07T09:43:46.792+0000][38832][gc,marking   ] GC(208) Concurrent Mark (101.998s)
[2020-10-07T09:43:46.792+0000][38832][gc,marking   ] GC(208) Concurrent Mark From Roots
[2020-10-07T09:43:46.792+0000][38832][gc,task      ] GC(208) Using 2 workers of 2 for marking
[2020-10-07T09:43:46.969+0000][38832][gc,marking   ] GC(208) Concurrent Mark From Roots 176.294ms
[2020-10-07T09:43:46.969+0000][38832][gc,marking   ] GC(208) Concurrent Preclean
[2020-10-07T09:43:46.970+0000][38832][gc,marking   ] GC(208) Concurrent Preclean 0.840ms
[2020-10-07T09:43:46.970+0000][38832][gc,marking   ] GC(208) Concurrent Mark (101.998s, 102.175s) 177.361ms
[2020-10-07T09:43:46.973+0000][38832][gc,start     ] GC(208) Pause Remark
[2020-10-07T09:43:46.979+0000][38832][gc           ] GC(208) Pause Remark 514M->514M(1024M) 6.515ms
[2020-10-07T09:43:46.979+0000][38832][gc,cpu       ] GC(208) User=0.09s Sys=0.02s Real=0.01s
[2020-10-07T09:43:46.980+0000][38832][safepoint    ] Safepoint "G1Concurrent", Time since last: 179006000 ns, Reaching safepoint: 2950100 ns, At safepoint: 7071800 ns, Total: 10021900 ns
[2020-10-07T09:43:46.980+0000][38832][gc,marking   ] GC(208) Concurrent Rebuild Remembered Sets
[2020-10-07T09:43:47.088+0000][38832][gc,marking   ] GC(208) Concurrent Rebuild Remembered Sets 107.633ms
[2020-10-07T09:43:47.088+0000][38832][gc,start     ] GC(208) Pause Cleanup
[2020-10-07T09:43:47.089+0000][38832][gc           ] GC(208) Pause Cleanup 588M->588M(1024M) 0.394ms
[2020-10-07T09:43:47.089+0000][38832][gc,cpu       ] GC(208) User=0.00s Sys=0.00s Real=0.00s
[2020-10-07T09:43:47.089+0000][38832][safepoint    ] Safepoint "G1Concurrent", Time since last: 107877100 ns, Reaching safepoint: 474100 ns, At safepoint: 638000 ns, Total: 1112100 ns
[2020-10-07T09:43:47.089+0000][38832][gc,marking   ] GC(208) Concurrent Cleanup for Next Mark
[2020-10-07T09:43:47.091+0000][38832][gc,marking   ] GC(208) Concurrent Cleanup for Next Mark 1.791ms
[2020-10-07T09:43:47.091+0000][38832][gc           ] GC(208) Concurrent Cycle 301.192ms
[2020-10-07T09:43:47.222+0000][38832][gc,start     ] GC(209) Pause Young (Concurrent Start) (G1 Humongous Allocation)
[2020-10-07T09:43:47.222+0000][38832][gc,task      ] GC(209) Using 8 workers of 8 for evacuation
[2020-10-07T09:43:47.223+0000][38832][gc,age       ] GC(209) Desired survivor size 32505856 bytes, new threshold 15 (max threshold 15)
[2020-10-07T09:43:47.228+0000][38832][gc,age       ] GC(209) Age table with threshold 15 (max threshold 15)
[2020-10-07T09:43:47.228+0000][38832][gc,age       ] GC(209) - age   1:   10476352 bytes,   10476352 total
[2020-10-07T09:43:47.228+0000][38832][gc,age       ] GC(209) - age   2:      17592 bytes,   10493944 total
[2020-10-07T09:43:47.228+0000][38832][gc,age       ] GC(209) - age   3:       1168 bytes,   10495112 total
[2020-10-07T09:43:47.228+0000][38832][gc,age       ] GC(209) - age   4:       1048 bytes,   10496160 total
[2020-10-07T09:43:47.228+0000][38832][gc,age       ] GC(209) - age   5:       1912 bytes,   10498072 total
[2020-10-07T09:43:47.228+0000][38832][gc,age       ] GC(209) - age   6:       1352 bytes,   10499424 total
[2020-10-07T09:43:47.228+0000][38832][gc,age       ] GC(209) - age   7:       1488 bytes,   10500912 total
[2020-10-07T09:43:47.228+0000][38832][gc,age       ] GC(209) - age   8:      10840 bytes,   10511752 total
[2020-10-07T09:43:47.228+0000][38832][gc,age       ] GC(209) - age   9:        784 bytes,   10512536 total
[2020-10-07T09:43:47.228+0000][38832][gc,age       ] GC(209) - age  10:        288 bytes,   10512824 total
[2020-10-07T09:43:47.228+0000][38832][gc,age       ] GC(209) - age  11:        864 bytes,   10513688 total
[2020-10-07T09:43:47.228+0000][38832][gc,age       ] GC(209) - age  12:      26688 bytes,   10540376 total
[2020-10-07T09:43:47.228+0000][38832][gc,age       ] GC(209) - age  13:      12872 bytes,   10553248 total
[2020-10-07T09:43:47.228+0000][38832][gc,age       ] GC(209) - age  14:        656 bytes,   10553904 total
[2020-10-07T09:43:47.229+0000][38832][gc,age       ] GC(209) - age  15:       1712 bytes,   10555616 total
[2020-10-07T09:43:47.229+0000][38832][gc,phases    ] GC(209)   Pre Evacuate Collection Set: 0.5ms
[2020-10-07T09:43:47.229+0000][38832][gc,phases    ] GC(209)   Merge Heap Roots: 0.1ms
[2020-10-07T09:43:47.229+0000][38832][gc,phases    ] GC(209)   Evacuate Collection Set: 3.1ms
[2020-10-07T09:43:47.229+0000][38832][gc,phases    ] GC(209)   Post Evacuate Collection Set: 1.2ms
[2020-10-07T09:43:47.229+0000][38832][gc,phases    ] GC(209)   Other: 1.6ms
[2020-10-07T09:43:47.229+0000][38832][gc,heap      ] GC(209) Eden regions: 97->0(479)
[2020-10-07T09:43:47.229+0000][38832][gc,heap      ] GC(209) Survivor regions: 11->11(62)
[2020-10-07T09:43:47.229+0000][38832][gc,heap      ] GC(209) Old regions: 78->78
[2020-10-07T09:43:47.229+0000][38832][gc,heap      ] GC(209) Archive regions: 0->0
[2020-10-07T09:43:47.229+0000][38832][gc,heap      ] GC(209) Humongous regions: 430->174
[2020-10-07T09:43:47.229+0000][38832][gc,metaspace ] GC(209) Metaspace: 87851K(93696K)->87851K(93696K) NonClass: 76666K(80128K)->76666K(80128K) Class: 11185K(13568K)->11185K(13568K)
[2020-10-07T09:43:47.229+0000][38832][gc           ] GC(209) Pause Young (Concurrent Start) (G1 Humongous Allocation) 615M->262M(1024M) 7.029ms
[2020-10-07T09:43:47.229+0000][38832][gc,cpu       ] GC(209) User=0.09s Sys=0.00s Real=0.01s
[2020-10-07T09:43:47.230+0000][38832][gc           ] GC(210) Concurrent Cycle
[2020-10-07T09:43:47.230+0000][38832][gc,marking   ] GC(210) Concurrent Clear Claimed Marks
[2020-10-07T09:43:47.231+0000][38832][gc,marking   ] GC(210) Concurrent Clear Claimed Marks 1.137ms
[2020-10-07T09:43:47.231+0000][38832][safepoint    ] Safepoint "G1TryInitiateConcMark", Time since last: 133058700 ns, Reaching safepoint: 181100 ns, At safepoint: 8762400 ns, Total: 8943500 ns
[2020-10-07T09:43:47.231+0000][38832][gc,marking   ] GC(210) Concurrent Scan Root Regions
[2020-10-07T09:43:47.234+0000][38832][gc,marking   ] GC(210) Concurrent Scan Root Regions 3.064ms
[2020-10-07T09:43:47.234+0000][38832][gc,marking   ] GC(210) Concurrent Mark (102.440s)
[2020-10-07T09:43:47.234+0000][38832][gc,marking   ] GC(210) Concurrent Mark From Roots
[2020-10-07T09:43:47.234+0000][38832][gc,task      ] GC(210) Using 2 workers of 2 for marking
[2020-10-07T09:43:47.429+0000][38832][gc,marking   ] GC(210) Concurrent Mark From Roots 194.757ms
[2020-10-07T09:43:47.429+0000][38832][gc,marking   ] GC(210) Concurrent Preclean
[2020-10-07T09:43:47.430+0000][38832][gc,marking   ] GC(210) Concurrent Preclean 1.070ms
[2020-10-07T09:43:47.430+0000][38832][gc,marking   ] GC(210) Concurrent Mark (102.440s, 102.636s) 196.095ms
[2020-10-07T09:43:47.431+0000][38832][gc,start     ] GC(210) Pause Remark
[2020-10-07T09:43:47.437+0000][38832][gc           ] GC(210) Pause Remark 594M->594M(1024M) 6.482ms
[2020-10-07T09:43:47.437+0000][38832][gc,cpu       ] GC(210) User=0.00s Sys=0.00s Real=0.01s
[2020-10-07T09:43:47.437+0000][38832][safepoint    ] Safepoint "G1Concurrent", Time since last: 199449900 ns, Reaching safepoint: 173300 ns, At safepoint: 6746100 ns, Total: 6919400 ns
[2020-10-07T09:43:47.437+0000][38832][gc,marking   ] GC(210) Concurrent Rebuild Remembered Sets
[2020-10-07T09:43:47.547+0000][38832][gc,marking   ] GC(210) Concurrent Rebuild Remembered Sets 109.894ms
[2020-10-07T09:43:47.548+0000][38832][gc,start     ] GC(210) Pause Cleanup
[2020-10-07T09:43:47.548+0000][38832][gc           ] GC(210) Pause Cleanup 671M->671M(1024M) 0.368ms
[2020-10-07T09:43:47.548+0000][38832][gc,cpu       ] GC(210) User=0.00s Sys=0.00s Real=0.00s
[2020-10-07T09:43:47.548+0000][38832][safepoint    ] Safepoint "G1Concurrent", Time since last: 110147800 ns, Reaching safepoint: 182300 ns, At safepoint: 631100 ns, Total: 813400 ns
[2020-10-07T09:43:47.548+0000][38832][gc,marking   ] GC(210) Concurrent Cleanup for Next Mark
[2020-10-07T09:43:47.550+0000][38832][gc,marking   ] GC(210) Concurrent Cleanup for Next Mark 1.831ms
[2020-10-07T09:43:47.550+0000][38832][gc           ] GC(210) Concurrent Cycle 320.775ms
[2020-10-07T09:43:47.551+0000][38832][gc,start     ] GC(211) Pause Young (Concurrent Start) (G1 Humongous Allocation)
[2020-10-07T09:43:47.551+0000][38832][gc,task      ] GC(211) Using 8 workers of 8 for evacuation
[2020-10-07T09:43:47.551+0000][38832][gc,age       ] GC(211) Desired survivor size 32505856 bytes, new threshold 15 (max threshold 15)
[2020-10-07T09:43:47.556+0000][38832][gc,age       ] GC(211) Age table with threshold 15 (max threshold 15)
[2020-10-07T09:43:47.556+0000][38832][gc,age       ] GC(211) - age   1:    3916400 bytes,    3916400 total
[2020-10-07T09:43:47.556+0000][38832][gc,age       ] GC(211) - age   2:       5880 bytes,    3922280 total
[2020-10-07T09:43:47.556+0000][38832][gc,age       ] GC(211) - age   3:      16864 bytes,    3939144 total
[2020-10-07T09:43:47.556+0000][38832][gc,age       ] GC(211) - age   4:        816 bytes,    3939960 total
[2020-10-07T09:43:47.556+0000][38832][gc,age       ] GC(211) - age   5:        856 bytes,    3940816 total
[2020-10-07T09:43:47.556+0000][38832][gc,age       ] GC(211) - age   6:       1880 bytes,    3942696 total
[2020-10-07T09:43:47.556+0000][38832][gc,age       ] GC(211) - age   7:       1320 bytes,    3944016 total
[2020-10-07T09:43:47.556+0000][38832][gc,age       ] GC(211) - age   8:       1488 bytes,    3945504 total
[2020-10-07T09:43:47.556+0000][38832][gc,age       ] GC(211) - age   9:      10744 bytes,    3956248 total
[2020-10-07T09:43:47.556+0000][38832][gc,age       ] GC(211) - age  10:        624 bytes,    3956872 total
[2020-10-07T09:43:47.556+0000][38832][gc,age       ] GC(211) - age  11:        288 bytes,    3957160 total
[2020-10-07T09:43:47.556+0000][38832][gc,age       ] GC(211) - age  12:        832 bytes,    3957992 total
[2020-10-07T09:43:47.556+0000][38832][gc,age       ] GC(211) - age  13:      26688 bytes,    3984680 total
[2020-10-07T09:43:47.556+0000][38832][gc,age       ] GC(211) - age  14:      12808 bytes,    3997488 total
[2020-10-07T09:43:47.557+0000][38832][gc,age       ] GC(211) - age  15:        656 bytes,    3998144 total
[2020-10-07T09:43:47.557+0000][38832][gc,phases    ] GC(211)   Pre Evacuate Collection Set: 0.5ms
[2020-10-07T09:43:47.557+0000][38832][gc,phases    ] GC(211)   Merge Heap Roots: 0.2ms
[2020-10-07T09:43:47.557+0000][38832][gc,phases    ] GC(211)   Evacuate Collection Set: 2.6ms
[2020-10-07T09:43:47.557+0000][38832][gc,phases    ] GC(211)   Post Evacuate Collection Set: 1.2ms
[2020-10-07T09:43:47.557+0000][38832][gc,phases    ] GC(211)   Other: 1.6ms
[2020-10-07T09:43:47.557+0000][38832][gc,heap      ] GC(211) Eden regions: 102->0(488)
[2020-10-07T09:43:47.557+0000][38832][gc,heap      ] GC(211) Survivor regions: 11->5(62)
[2020-10-07T09:43:47.557+0000][38832][gc,heap      ] GC(211) Old regions: 78->78
[2020-10-07T09:43:47.557+0000][38832][gc,heap      ] GC(211) Archive regions: 0->0
[2020-10-07T09:43:47.557+0000][38832][gc,heap      ] GC(211) Humongous regions: 483->174
[2020-10-07T09:43:47.557+0000][38832][gc,metaspace ] GC(211) Metaspace: 87864K(93696K)->87864K(93696K) NonClass: 76678K(80128K)->76678K(80128K) Class: 11185K(13568K)->11185K(13568K)
[2020-10-07T09:43:47.557+0000][38832][gc           ] GC(211) Pause Young (Concurrent Start) (G1 Humongous Allocation) 673M->256M(1024M) 6.664ms
[2020-10-07T09:43:47.558+0000][38832][gc,cpu       ] GC(211) User=0.11s Sys=0.00s Real=0.01s
[2020-10-07T09:43:47.558+0000][38832][gc           ] GC(212) Concurrent Cycle
[2020-10-07T09:43:47.558+0000][38832][safepoint    ] Safepoint "G1TryInitiateConcMark", Time since last: 2155200 ns, Reaching safepoint: 222600 ns, At safepoint: 6946900 ns, Total: 7169500 ns
[2020-10-07T09:43:47.558+0000][38832][gc,marking   ] GC(212) Concurrent Clear Claimed Marks
[2020-10-07T09:43:47.558+0000][38832][gc,marking   ] GC(212) Concurrent Clear Claimed Marks 0.585ms
[2020-10-07T09:43:47.558+0000][38832][gc,marking   ] GC(212) Concurrent Scan Root Regions
[2020-10-07T09:43:47.561+0000][38832][gc,marking   ] GC(212) Concurrent Scan Root Regions 2.683ms
[2020-10-07T09:43:47.561+0000][38832][gc,marking   ] GC(212) Concurrent Mark (102.767s)
[2020-10-07T09:43:47.561+0000][38832][gc,marking   ] GC(212) Concurrent Mark From Roots
[2020-10-07T09:43:47.561+0000][38832][gc,task      ] GC(212) Using 2 workers of 2 for marking
[2020-10-07T09:43:47.747+0000][38832][gc,marking   ] GC(212) Concurrent Mark From Roots 186.179ms
[2020-10-07T09:43:47.748+0000][38832][gc,marking   ] GC(212) Concurrent Preclean
[2020-10-07T09:43:47.749+0000][38832][gc,marking   ] GC(212) Concurrent Preclean 0.934ms
[2020-10-07T09:43:47.749+0000][38832][gc,marking   ] GC(212) Concurrent Mark (102.767s, 102.954s) 187.355ms
[2020-10-07T09:43:47.752+0000][38832][gc,start     ] GC(212) Pause Remark
[2020-10-07T09:43:47.758+0000][38832][gc           ] GC(212) Pause Remark 391M->391M(1024M) 6.645ms
[2020-10-07T09:43:47.758+0000][38832][gc,cpu       ] GC(212) User=0.11s Sys=0.00s Real=0.01s
[2020-10-07T09:43:47.759+0000][38832][safepoint    ] Safepoint "G1Concurrent", Time since last: 191015400 ns, Reaching safepoint: 2986400 ns, At safepoint: 6950900 ns, Total: 9937300 ns
[2020-10-07T09:43:47.759+0000][38832][gc,marking   ] GC(212) Concurrent Rebuild Remembered Sets
[2020-10-07T09:43:47.855+0000][38832][gc,marking   ] GC(212) Concurrent Rebuild Remembered Sets 96.626ms
[2020-10-07T09:43:47.856+0000][38832][gc,start     ] GC(212) Pause Cleanup
[2020-10-07T09:43:47.856+0000][38832][gc           ] GC(212) Pause Cleanup 463M->463M(1024M) 0.339ms
[2020-10-07T09:43:47.856+0000][38832][gc,cpu       ] GC(212) User=0.00s Sys=0.00s Real=0.00s
[2020-10-07T09:43:47.856+0000][38832][safepoint    ] Safepoint "G1Concurrent", Time since last: 96861800 ns, Reaching safepoint: 179900 ns, At safepoint: 572400 ns, Total: 752300 ns
[2020-10-07T09:43:47.856+0000][38832][gc,marking   ] GC(212) Concurrent Cleanup for Next Mark
[2020-10-07T09:43:47.858+0000][38832][gc,marking   ] GC(212) Concurrent Cleanup for Next Mark 1.866ms
[2020-10-07T09:43:47.858+0000][38832][gc           ] GC(212) Concurrent Cycle 300.656ms
[2020-10-07T09:43:47.904+0000][38832][gc,start     ] GC(213) Pause Young (Concurrent Start) (G1 Humongous Allocation)
[2020-10-07T09:43:47.904+0000][38832][gc,task      ] GC(213) Using 8 workers of 8 for evacuation
[2020-10-07T09:43:47.904+0000][38832][gc,age       ] GC(213) Desired survivor size 32505856 bytes, new threshold 15 (max threshold 15)
[2020-10-07T09:43:47.908+0000][38832][gc,age       ] GC(213) Age table with threshold 15 (max threshold 15)
[2020-10-07T09:43:47.908+0000][38832][gc,age       ] GC(213) - age   1:    3391056 bytes,    3391056 total
[2020-10-07T09:43:47.908+0000][38832][gc,age       ] GC(213) - age   2:     406024 bytes,    3797080 total
[2020-10-07T09:43:47.909+0000][38832][gc,age       ] GC(213) - age   3:       2928 bytes,    3800008 total
[2020-10-07T09:43:47.909+0000][38832][gc,age       ] GC(213) - age   4:      15712 bytes,    3815720 total
[2020-10-07T09:43:47.909+0000][38832][gc,age       ] GC(213) - age   5:        464 bytes,    3816184 total
[2020-10-07T09:43:47.909+0000][38832][gc,age       ] GC(213) - age   6:        824 bytes,    3817008 total
[2020-10-07T09:43:47.909+0000][38832][gc,age       ] GC(213) - age   7:       1880 bytes,    3818888 total
[2020-10-07T09:43:47.909+0000][38832][gc,age       ] GC(213) - age   8:       1320 bytes,    3820208 total
[2020-10-07T09:43:47.909+0000][38832][gc,age       ] GC(213) - age   9:       1488 bytes,    3821696 total
[2020-10-07T09:43:47.909+0000][38832][gc,age       ] GC(213) - age  10:      10456 bytes,    3832152 total
[2020-10-07T09:43:47.909+0000][38832][gc,age       ] GC(213) - age  11:        400 bytes,    3832552 total
[2020-10-07T09:43:47.909+0000][38832][gc,age       ] GC(213) - age  12:        288 bytes,    3832840 total
[2020-10-07T09:43:47.909+0000][38832][gc,age       ] GC(213) - age  13:        832 bytes,    3833672 total
[2020-10-07T09:43:47.909+0000][38832][gc,age       ] GC(213) - age  14:      26560 bytes,    3860232 total
[2020-10-07T09:43:47.909+0000][38832][gc,age       ] GC(213) - age  15:      12744 bytes,    3872976 total
[2020-10-07T09:43:47.909+0000][38832][gc,phases    ] GC(213)   Pre Evacuate Collection Set: 0.5ms
[2020-10-07T09:43:47.909+0000][38832][gc,phases    ] GC(213)   Merge Heap Roots: 0.1ms
[2020-10-07T09:43:47.910+0000][38832][gc,phases    ] GC(213)   Evacuate Collection Set: 2.6ms
[2020-10-07T09:43:47.910+0000][38832][gc,phases    ] GC(213)   Post Evacuate Collection Set: 1.0ms
[2020-10-07T09:43:47.910+0000][38832][gc,phases    ] GC(213)   Other: 1.6ms
[2020-10-07T09:43:47.910+0000][38832][gc,heap      ] GC(213) Eden regions: 62->0(490)
[2020-10-07T09:43:47.910+0000][38832][gc,heap      ] GC(213) Survivor regions: 5->5(62)
[2020-10-07T09:43:47.910+0000][38832][gc,heap      ] GC(213) Old regions: 78->79
[2020-10-07T09:43:47.910+0000][38832][gc,heap      ] GC(213) Archive regions: 0->0
[2020-10-07T09:43:47.910+0000][38832][gc,heap      ] GC(213) Humongous regions: 329->174
[2020-10-07T09:43:47.910+0000][38832][gc,metaspace ] GC(213) Metaspace: 87871K(93696K)->87871K(93696K) NonClass: 76685K(80128K)->76685K(80128K) Class: 11185K(13568K)->11185K(13568K)
[2020-10-07T09:43:47.910+0000][38832][gc           ] GC(213) Pause Young (Concurrent Start) (G1 Humongous Allocation) 472M->256M(1024M) 6.442ms
[2020-10-07T09:43:47.910+0000][38832][gc,cpu       ] GC(213) User=0.00s Sys=0.00s Real=0.01s
[2020-10-07T09:43:47.910+0000][38832][gc           ] GC(214) Concurrent Cycle
[2020-10-07T09:43:47.910+0000][38832][safepoint    ] Safepoint "G1TryInitiateConcMark", Time since last: 47109100 ns, Reaching safepoint: 199900 ns, At safepoint: 6740500 ns, Total: 6940400 ns
[2020-10-07T09:43:47.910+0000][38832][gc,marking   ] GC(214) Concurrent Clear Claimed Marks
[2020-10-07T09:43:47.911+0000][38832][gc,marking   ] GC(214) Concurrent Clear Claimed Marks 0.921ms
[2020-10-07T09:43:47.911+0000][38832][gc,marking   ] GC(214) Concurrent Scan Root Regions
[2020-10-07T09:43:47.916+0000][38832][gc,marking   ] GC(214) Concurrent Scan Root Regions 4.371ms
[2020-10-07T09:43:47.916+0000][38832][gc,marking   ] GC(214) Concurrent Mark (103.121s)
[2020-10-07T09:43:47.916+0000][38832][gc,marking   ] GC(214) Concurrent Mark From Roots
[2020-10-07T09:43:47.916+0000][38832][gc,task      ] GC(214) Using 2 workers of 2 for marking
[2020-10-07T09:43:48.094+0000][38832][gc,marking   ] GC(214) Concurrent Mark From Roots 177.837ms
[2020-10-07T09:43:48.094+0000][38832][gc,marking   ] GC(214) Concurrent Preclean
[2020-10-07T09:43:48.095+0000][38832][gc,marking   ] GC(214) Concurrent Preclean 0.952ms
[2020-10-07T09:43:48.095+0000][38832][gc,marking   ] GC(214) Concurrent Mark (103.121s, 103.300s) 179.049ms
[2020-10-07T09:43:48.095+0000][38832][gc,start     ] GC(214) Pause Remark
[2020-10-07T09:43:48.102+0000][38832][gc           ] GC(214) Pause Remark 325M->325M(1024M) 6.659ms
[2020-10-07T09:43:48.102+0000][38832][gc,cpu       ] GC(214) User=0.11s Sys=0.00s Real=0.01s
[2020-10-07T09:43:48.104+0000][38832][safepoint    ] Safepoint "G1Concurrent", Time since last: 184719100 ns, Reaching safepoint: 234500 ns, At safepoint: 9144900 ns, Total: 9379400 ns
[2020-10-07T09:43:48.104+0000][38832][gc,marking   ] GC(214) Concurrent Rebuild Remembered Sets
[2020-10-07T09:43:48.211+0000][38832][gc,marking   ] GC(214) Concurrent Rebuild Remembered Sets 106.680ms
[2020-10-07T09:43:48.214+0000][38832][gc,start     ] GC(214) Pause Cleanup
[2020-10-07T09:43:48.214+0000][38832][gc           ] GC(214) Pause Cleanup 472M->472M(1024M) 0.377ms
[2020-10-07T09:43:48.214+0000][38832][gc,cpu       ] GC(214) User=0.00s Sys=0.00s Real=0.00s
[2020-10-07T09:43:48.214+0000][38832][safepoint    ] Safepoint "G1Concurrent", Time since last: 107031500 ns, Reaching safepoint: 2327500 ns, At safepoint: 642700 ns, Total: 2970200 ns
[2020-10-07T09:43:48.214+0000][38832][gc,marking   ] GC(214) Concurrent Cleanup for Next Mark
[2020-10-07T09:43:48.217+0000][38832][gc,marking   ] GC(214) Concurrent Cleanup for Next Mark 2.065ms
[2020-10-07T09:43:48.217+0000][38832][gc           ] GC(214) Concurrent Cycle 306.477ms
[2020-10-07T09:43:48.217+0000][38832][gc,start     ] GC(215) Pause Young (Concurrent Start) (G1 Humongous Allocation)
[2020-10-07T09:43:48.217+0000][38832][gc,task      ] GC(215) Using 8 workers of 8 for evacuation
[2020-10-07T09:43:48.217+0000][38832][gc,age       ] GC(215) Desired survivor size 32505856 bytes, new threshold 15 (max threshold 15)
[2020-10-07T09:43:48.221+0000][38832][gc,age       ] GC(215) Age table with threshold 15 (max threshold 15)
[2020-10-07T09:43:48.221+0000][38832][gc,age       ] GC(215) - age   1:    2326744 bytes,    2326744 total
[2020-10-07T09:43:48.221+0000][38832][gc,age       ] GC(215) - age   2:       4768 bytes,    2331512 total
[2020-10-07T09:43:48.221+0000][38832][gc,age       ] GC(215) - age   3:       3872 bytes,    2335384 total
[2020-10-07T09:43:48.222+0000][38832][gc,age       ] GC(215) - age   4:       1128 bytes,    2336512 total
[2020-10-07T09:43:48.222+0000][38832][gc,age       ] GC(215) - age   5:      15264 bytes,    2351776 total
[2020-10-07T09:43:48.222+0000][38832][gc,age       ] GC(215) - age   6:        400 bytes,    2352176 total
[2020-10-07T09:43:48.222+0000][38832][gc,age       ] GC(215) - age   7:        824 bytes,    2353000 total
[2020-10-07T09:43:48.222+0000][38832][gc,age       ] GC(215) - age   8:       1880 bytes,    2354880 total
[2020-10-07T09:43:48.222+0000][38832][gc,age       ] GC(215) - age   9:       1256 bytes,    2356136 total
[2020-10-07T09:43:48.222+0000][38832][gc,age       ] GC(215) - age  10:       1488 bytes,    2357624 total
[2020-10-07T09:43:48.222+0000][38832][gc,age       ] GC(215) - age  11:      10456 bytes,    2368080 total
[2020-10-07T09:43:48.222+0000][38832][gc,age       ] GC(215) - age  12:        400 bytes,    2368480 total
[2020-10-07T09:43:48.222+0000][38832][gc,age       ] GC(215) - age  13:        224 bytes,    2368704 total
[2020-10-07T09:43:48.222+0000][38832][gc,age       ] GC(215) - age  14:        832 bytes,    2369536 total
[2020-10-07T09:43:48.222+0000][38832][gc,age       ] GC(215) - age  15:      26480 bytes,    2396016 total
[2020-10-07T09:43:48.222+0000][38832][gc,phases    ] GC(215)   Pre Evacuate Collection Set: 0.5ms
[2020-10-07T09:43:48.222+0000][38832][gc,phases    ] GC(215)   Merge Heap Roots: 0.1ms
[2020-10-07T09:43:48.222+0000][38832][gc,phases    ] GC(215)   Evacuate Collection Set: 2.2ms
[2020-10-07T09:43:48.223+0000][38832][gc,phases    ] GC(215)   Post Evacuate Collection Set: 0.9ms
[2020-10-07T09:43:48.223+0000][38832][gc,phases    ] GC(215)   Other: 1.6ms
[2020-10-07T09:43:48.223+0000][38832][gc,heap      ] GC(215) Eden regions: 57->0(494)
[2020-10-07T09:43:48.223+0000][38832][gc,heap      ] GC(215) Survivor regions: 5->3(62)
[2020-10-07T09:43:48.223+0000][38832][gc,heap      ] GC(215) Old regions: 79->79
[2020-10-07T09:43:48.223+0000][38832][gc,heap      ] GC(215) Archive regions: 0->0
[2020-10-07T09:43:48.223+0000][38832][gc,heap      ] GC(215) Humongous regions: 348->174
[2020-10-07T09:43:48.223+0000][38832][gc,metaspace ] GC(215) Metaspace: 87897K(93696K)->87897K(93696K) NonClass: 76711K(80128K)->76711K(80128K) Class: 11185K(13568K)->11185K(13568K)
[2020-10-07T09:43:48.223+0000][38832][gc           ] GC(215) Pause Young (Concurrent Start) (G1 Humongous Allocation) 486M->254M(1024M) 5.769ms
[2020-10-07T09:43:48.223+0000][38832][gc,cpu       ] GC(215) User=0.00s Sys=0.00s Real=0.01s
[2020-10-07T09:43:48.223+0000][38832][gc           ] GC(216) Concurrent Cycle
[2020-10-07T09:43:48.223+0000][38832][safepoint    ] Safepoint "G1TryInitiateConcMark", Time since last: 2618000 ns, Reaching safepoint: 270500 ns, At safepoint: 6088800 ns, Total: 6359300 ns
[2020-10-07T09:43:48.223+0000][38832][gc,marking   ] GC(216) Concurrent Clear Claimed Marks
[2020-10-07T09:43:48.224+0000][38832][gc,marking   ] GC(216) Concurrent Clear Claimed Marks 0.590ms
[2020-10-07T09:43:48.224+0000][38832][gc,marking   ] GC(216) Concurrent Scan Root Regions
[2020-10-07T09:43:48.226+0000][38832][gc,marking   ] GC(216) Concurrent Scan Root Regions 2.193ms
[2020-10-07T09:43:48.226+0000][38832][gc,marking   ] GC(216) Concurrent Mark (103.432s)
[2020-10-07T09:43:48.226+0000][38832][gc,marking   ] GC(216) Concurrent Mark From Roots
[2020-10-07T09:43:48.227+0000][38832][gc,task      ] GC(216) Using 2 workers of 2 for marking
[2020-10-07T09:43:48.237+0000][38832][safepoint    ] Safepoint "BulkRevokeBias", Time since last: 9476300 ns, Reaching safepoint: 846100 ns, At safepoint: 2919500 ns, Total: 3765600 ns
[2020-10-07T09:43:48.406+0000][38832][gc,marking   ] GC(216) Concurrent Mark From Roots 180.062ms
[2020-10-07T09:43:48.406+0000][38832][gc,marking   ] GC(216) Concurrent Preclean
[2020-10-07T09:43:48.407+0000][38832][gc,marking   ] GC(216) Concurrent Preclean 0.919ms
[2020-10-07T09:43:48.407+0000][38832][gc,marking   ] GC(216) Concurrent Mark (103.432s, 103.613s) 181.221ms
[2020-10-07T09:43:48.407+0000][38832][gc,start     ] GC(216) Pause Remark
[2020-10-07T09:43:48.414+0000][38832][gc           ] GC(216) Pause Remark 298M->298M(1024M) 6.278ms
[2020-10-07T09:43:48.414+0000][38832][gc,cpu       ] GC(216) User=0.13s Sys=0.00s Real=0.01s
[2020-10-07T09:43:48.414+0000][38832][safepoint    ] Safepoint "G1Concurrent", Time since last: 171172200 ns, Reaching safepoint: 158600 ns, At safepoint: 6580500 ns, Total: 6739100 ns
[2020-10-07T09:43:48.414+0000][38832][gc,marking   ] GC(216) Concurrent Rebuild Remembered Sets
[2020-10-07T09:43:48.516+0000][38832][gc,marking   ] GC(216) Concurrent Rebuild Remembered Sets 101.877ms
[2020-10-07T09:43:48.516+0000][38832][gc,start     ] GC(216) Pause Cleanup
[2020-10-07T09:43:48.517+0000][38832][gc           ] GC(216) Pause Cleanup 364M->364M(1024M) 0.363ms
[2020-10-07T09:43:48.517+0000][38832][gc,cpu       ] GC(216) User=0.00s Sys=0.00s Real=0.00s
[2020-10-07T09:43:48.517+0000][38832][safepoint    ] Safepoint "G1Concurrent", Time since last: 102083100 ns, Reaching safepoint: 240900 ns, At safepoint: 594900 ns, Total: 835800 ns
[2020-10-07T09:43:48.517+0000][38832][gc,marking   ] GC(216) Concurrent Cleanup for Next Mark
[2020-10-07T09:43:48.519+0000][38832][gc,marking   ] GC(216) Concurrent Cleanup for Next Mark 1.755ms
[2020-10-07T09:43:48.519+0000][38832][gc           ] GC(216) Concurrent Cycle 296.067ms
[2020-10-07T09:43:48.552+0000][38832][gc,start     ] GC(217) Pause Young (Concurrent Start) (G1 Humongous Allocation)
[2020-10-07T09:43:48.552+0000][38832][gc,task      ] GC(217) Using 8 workers of 8 for evacuation
[2020-10-07T09:43:48.552+0000][38832][gc,age       ] GC(217) Desired survivor size 33030144 bytes, new threshold 15 (max threshold 15)
[2020-10-07T09:43:48.556+0000][38832][gc,age       ] GC(217) Age table with threshold 15 (max threshold 15)
[2020-10-07T09:43:48.556+0000][38832][gc,age       ] GC(217) - age   1:    3002968 bytes,    3002968 total
[2020-10-07T09:43:48.556+0000][38832][gc,age       ] GC(217) - age   2:      70616 bytes,    3073584 total
[2020-10-07T09:43:48.556+0000][38832][gc,age       ] GC(217) - age   3:       4016 bytes,    3077600 total
[2020-10-07T09:43:48.556+0000][38832][gc,age       ] GC(217) - age   4:       2456 bytes,    3080056 total
[2020-10-07T09:43:48.556+0000][38832][gc,age       ] GC(217) - age   5:        968 bytes,    3081024 total
[2020-10-07T09:43:48.556+0000][38832][gc,age       ] GC(217) - age   6:      14880 bytes,    3095904 total
[2020-10-07T09:43:48.556+0000][38832][gc,age       ] GC(217) - age   7:        368 bytes,    3096272 total
[2020-10-07T09:43:48.556+0000][38832][gc,age       ] GC(217) - age   8:        760 bytes,    3097032 total
[2020-10-07T09:43:48.556+0000][38832][gc,age       ] GC(217) - age   9:       1880 bytes,    3098912 total
[2020-10-07T09:43:48.556+0000][38832][gc,age       ] GC(217) - age  10:       1224 bytes,    3100136 total
[2020-10-07T09:43:48.556+0000][38832][gc,age       ] GC(217) - age  11:       1424 bytes,    3101560 total
[2020-10-07T09:43:48.557+0000][38832][gc,age       ] GC(217) - age  12:      10456 bytes,    3112016 total
[2020-10-07T09:43:48.557+0000][38832][gc,age       ] GC(217) - age  13:        240 bytes,    3112256 total
[2020-10-07T09:43:48.557+0000][38832][gc,age       ] GC(217) - age  14:        224 bytes,    3112480 total
[2020-10-07T09:43:48.557+0000][38832][gc,age       ] GC(217) - age  15:        800 bytes,    3113280 total
[2020-10-07T09:43:48.557+0000][38832][gc,phases    ] GC(217)   Pre Evacuate Collection Set: 0.5ms
[2020-10-07T09:43:48.557+0000][38832][gc,phases    ] GC(217)   Merge Heap Roots: 0.1ms
[2020-10-07T09:43:48.557+0000][38832][gc,phases    ] GC(217)   Evacuate Collection Set: 2.1ms
[2020-10-07T09:43:48.557+0000][38832][gc,phases    ] GC(217)   Post Evacuate Collection Set: 0.7ms
[2020-10-07T09:43:48.557+0000][38832][gc,phases    ] GC(217)   Other: 1.3ms
[2020-10-07T09:43:48.557+0000][38832][gc,heap      ] GC(217) Eden regions: 52->0(495)
[2020-10-07T09:43:48.557+0000][38832][gc,heap      ] GC(217) Survivor regions: 3->4(63)
[2020-10-07T09:43:48.557+0000][38832][gc,heap      ] GC(217) Old regions: 79->79
[2020-10-07T09:43:48.557+0000][38832][gc,heap      ] GC(217) Archive regions: 0->0
[2020-10-07T09:43:48.557+0000][38832][gc,heap      ] GC(217) Humongous regions: 240->174
[2020-10-07T09:43:48.557+0000][38832][gc,metaspace ] GC(217) Metaspace: 87911K(93952K)->87911K(93952K) NonClass: 76725K(80384K)->76725K(80384K) Class: 11185K(13568K)->11185K(13568K)
[2020-10-07T09:43:48.557+0000][38832][gc           ] GC(217) Pause Young (Concurrent Start) (G1 Humongous Allocation) 372M->255M(1024M) 5.158ms
[2020-10-07T09:43:48.557+0000][38832][gc,cpu       ] GC(217) User=0.11s Sys=0.00s Real=0.00s
[2020-10-07T09:43:48.557+0000][38832][gc           ] GC(218) Concurrent Cycle
[2020-10-07T09:43:48.558+0000][38832][safepoint    ] Safepoint "G1TryInitiateConcMark", Time since last: 35101700 ns, Reaching safepoint: 172600 ns, At safepoint: 5410900 ns, Total: 5583500 ns
[2020-10-07T09:43:48.558+0000][38832][gc,marking   ] GC(218) Concurrent Clear Claimed Marks
[2020-10-07T09:43:48.558+0000][38832][gc,marking   ] GC(218) Concurrent Clear Claimed Marks 0.449ms
[2020-10-07T09:43:48.558+0000][38832][gc,marking   ] GC(218) Concurrent Scan Root Regions
[2020-10-07T09:43:48.560+0000][38832][gc,marking   ] GC(218) Concurrent Scan Root Regions 1.676ms
[2020-10-07T09:43:48.560+0000][38832][gc,marking   ] GC(218) Concurrent Mark (103.766s)
[2020-10-07T09:43:48.560+0000][38832][gc,marking   ] GC(218) Concurrent Mark From Roots
[2020-10-07T09:43:48.560+0000][38832][gc,task      ] GC(218) Using 2 workers of 2 for marking
[2020-10-07T09:43:48.736+0000][38832][gc,marking   ] GC(218) Concurrent Mark From Roots 176.220ms
[2020-10-07T09:43:48.736+0000][38832][gc,marking   ] GC(218) Concurrent Preclean
[2020-10-07T09:43:48.738+0000][38832][gc,marking   ] GC(218) Concurrent Preclean 1.403ms
[2020-10-07T09:43:48.738+0000][38832][gc,marking   ] GC(218) Concurrent Mark (103.766s, 103.944s) 177.918ms
[2020-10-07T09:43:48.738+0000][38832][gc,start     ] GC(218) Pause Remark
[2020-10-07T09:43:48.745+0000][38832][gc           ] GC(218) Pause Remark 581M->581M(1024M) 6.848ms
[2020-10-07T09:43:48.745+0000][38832][gc,cpu       ] GC(218) User=0.11s Sys=0.00s Real=0.01s
[2020-10-07T09:43:48.745+0000][38832][safepoint    ] Safepoint "G1Concurrent", Time since last: 180423300 ns, Reaching safepoint: 257600 ns, At safepoint: 7135900 ns, Total: 7393500 ns
[2020-10-07T09:43:48.745+0000][38832][gc,marking   ] GC(218) Concurrent Rebuild Remembered Sets
[2020-10-07T09:43:48.856+0000][38832][gc,marking   ] GC(218) Concurrent Rebuild Remembered Sets 110.651ms
[2020-10-07T09:43:48.856+0000][38832][gc,start     ] GC(218) Pause Cleanup
[2020-10-07T09:43:48.857+0000][38832][gc           ] GC(218) Pause Cleanup 668M->668M(1024M) 0.403ms
[2020-10-07T09:43:48.857+0000][38832][gc,cpu       ] GC(218) User=0.00s Sys=0.00s Real=0.00s
[2020-10-07T09:43:48.857+0000][38832][safepoint    ] Safepoint "G1Concurrent", Time since last: 110886000 ns, Reaching safepoint: 196000 ns, At safepoint: 697900 ns, Total: 893900 ns
[2020-10-07T09:43:48.857+0000][38832][gc,marking   ] GC(218) Concurrent Cleanup for Next Mark
[2020-10-07T09:43:48.859+0000][38832][gc,marking   ] GC(218) Concurrent Cleanup for Next Mark 2.046ms
[2020-10-07T09:43:48.859+0000][38832][gc           ] GC(218) Concurrent Cycle 301.934ms
[2020-10-07T09:43:48.869+0000][38832][gc,start     ] GC(219) Pause Young (Concurrent Start) (G1 Humongous Allocation)
[2020-10-07T09:43:48.869+0000][38832][gc,task      ] GC(219) Using 8 workers of 8 for evacuation
[2020-10-07T09:43:48.869+0000][38832][gc,age       ] GC(219) Desired survivor size 33030144 bytes, new threshold 15 (max threshold 15)
[2020-10-07T09:43:48.874+0000][38832][gc,age       ] GC(219) Age table with threshold 15 (max threshold 15)
[2020-10-07T09:43:48.874+0000][38832][gc,age       ] GC(219) - age   1:    3884200 bytes,    3884200 total
[2020-10-07T09:43:48.874+0000][38832][gc,age       ] GC(219) - age   2:       5072 bytes,    3889272 total
[2020-10-07T09:43:48.874+0000][38832][gc,age       ] GC(219) - age   3:      63888 bytes,    3953160 total
[2020-10-07T09:43:48.874+0000][38832][gc,age       ] GC(219) - age   4:       2272 bytes,    3955432 total
[2020-10-07T09:43:48.874+0000][38832][gc,age       ] GC(219) - age   5:       1592 bytes,    3957024 total
[2020-10-07T09:43:48.875+0000][38832][gc,age       ] GC(219) - age   6:        680 bytes,    3957704 total
[2020-10-07T09:43:48.875+0000][38832][gc,age       ] GC(219) - age   7:      14784 bytes,    3972488 total
[2020-10-07T09:43:48.875+0000][38832][gc,age       ] GC(219) - age   8:        368 bytes,    3972856 total
[2020-10-07T09:43:48.875+0000][38832][gc,age       ] GC(219) - age   9:        760 bytes,    3973616 total
[2020-10-07T09:43:48.875+0000][38832][gc,age       ] GC(219) - age  10:       1880 bytes,    3975496 total
[2020-10-07T09:43:48.875+0000][38832][gc,age       ] GC(219) - age  11:       1224 bytes,    3976720 total
[2020-10-07T09:43:48.875+0000][38832][gc,age       ] GC(219) - age  12:       1424 bytes,    3978144 total
[2020-10-07T09:43:48.875+0000][38832][gc,age       ] GC(219) - age  13:      10456 bytes,    3988600 total
[2020-10-07T09:43:48.875+0000][38832][gc,age       ] GC(219) - age  14:        240 bytes,    3988840 total
[2020-10-07T09:43:48.875+0000][38832][gc,age       ] GC(219) - age  15:        192 bytes,    3989032 total
[2020-10-07T09:43:48.875+0000][38832][gc,phases    ] GC(219)   Pre Evacuate Collection Set: 0.5ms
[2020-10-07T09:43:48.875+0000][38832][gc,phases    ] GC(219)   Merge Heap Roots: 0.1ms
[2020-10-07T09:43:48.875+0000][38832][gc,phases    ] GC(219)   Evacuate Collection Set: 2.6ms
[2020-10-07T09:43:48.875+0000][38832][gc,phases    ] GC(219)   Post Evacuate Collection Set: 1.2ms
[2020-10-07T09:43:48.875+0000][38832][gc,phases    ] GC(219)   Other: 1.4ms
[2020-10-07T09:43:48.875+0000][38832][gc,heap      ] GC(219) Eden regions: 120->0(496)
[2020-10-07T09:43:48.875+0000][38832][gc,heap      ] GC(219) Survivor regions: 4->4(63)
[2020-10-07T09:43:48.875+0000][38832][gc,heap      ] GC(219) Old regions: 79->79
[2020-10-07T09:43:48.875+0000][38832][gc,heap      ] GC(219) Archive regions: 0->0
[2020-10-07T09:43:48.876+0000][38832][gc,heap      ] GC(219) Humongous regions: 472->174
[2020-10-07T09:43:48.876+0000][38832][gc,metaspace ] GC(219) Metaspace: 87938K(93952K)->87938K(93952K) NonClass: 76752K(80384K)->76752K(80384K) Class: 11185K(13568K)->11185K(13568K)
[2020-10-07T09:43:48.876+0000][38832][gc           ] GC(219) Pause Young (Concurrent Start) (G1 Humongous Allocation) 673M->255M(1024M) 6.378ms
[2020-10-07T09:43:48.876+0000][38832][gc,cpu       ] GC(219) User=0.00s Sys=0.00s Real=0.01s
[2020-10-07T09:43:48.876+0000][38832][gc           ] GC(220) Concurrent Cycle
[2020-10-07T09:43:48.876+0000][38832][safepoint    ] Safepoint "G1TryInitiateConcMark", Time since last: 11941600 ns, Reaching safepoint: 167500 ns, At safepoint: 6692800 ns, Total: 6860300 ns
[2020-10-07T09:43:48.876+0000][38832][gc,marking   ] GC(220) Concurrent Clear Claimed Marks
[2020-10-07T09:43:48.877+0000][38832][gc,marking   ] GC(220) Concurrent Clear Claimed Marks 0.535ms
[2020-10-07T09:43:48.877+0000][38832][gc,marking   ] GC(220) Concurrent Scan Root Regions
[2020-10-07T09:43:48.879+0000][38832][gc,marking   ] GC(220) Concurrent Scan Root Regions 2.473ms
[2020-10-07T09:43:48.879+0000][38832][gc,marking   ] GC(220) Concurrent Mark (104.085s)
[2020-10-07T09:43:48.879+0000][38832][gc,marking   ] GC(220) Concurrent Mark From Roots
[2020-10-07T09:43:48.879+0000][38832][gc,task      ] GC(220) Using 2 workers of 2 for marking
[2020-10-07T09:43:49.058+0000][38832][gc,marking   ] GC(220) Concurrent Mark From Roots 179.248ms
[2020-10-07T09:43:49.059+0000][38832][gc,marking   ] GC(220) Concurrent Preclean
[2020-10-07T09:43:49.060+0000][38832][gc,marking   ] GC(220) Concurrent Preclean 0.947ms
[2020-10-07T09:43:49.060+0000][38832][gc,marking   ] GC(220) Concurrent Mark (104.085s, 104.266s) 180.434ms
[2020-10-07T09:43:49.060+0000][38832][gc,start     ] GC(220) Pause Remark
[2020-10-07T09:43:49.067+0000][38832][gc           ] GC(220) Pause Remark 452M->452M(1024M) 6.986ms
[2020-10-07T09:43:49.067+0000][38832][gc,cpu       ] GC(220) User=0.00s Sys=0.00s Real=0.01s
[2020-10-07T09:43:49.067+0000][38832][safepoint    ] Safepoint "G1Concurrent", Time since last: 183876200 ns, Reaching safepoint: 345100 ns, At safepoint: 7268800 ns, Total: 7613900 ns
[2020-10-07T09:43:49.067+0000][38832][gc,marking   ] GC(220) Concurrent Rebuild Remembered Sets
[2020-10-07T09:43:49.170+0000][38832][gc,marking   ] GC(220) Concurrent Rebuild Remembered Sets 102.095ms
[2020-10-07T09:43:49.170+0000][38832][gc,start     ] GC(220) Pause Cleanup
[2020-10-07T09:43:49.171+0000][38832][gc           ] GC(220) Pause Cleanup 530M->530M(1024M) 0.368ms
[2020-10-07T09:43:49.171+0000][38832][gc,cpu       ] GC(220) User=0.00s Sys=0.00s Real=0.00s
[2020-10-07T09:43:49.171+0000][38832][safepoint    ] Safepoint "G1Concurrent", Time since last: 102320500 ns, Reaching safepoint: 150500 ns, At safepoint: 596500 ns, Total: 747000 ns
[2020-10-07T09:43:49.171+0000][38832][gc,marking   ] GC(220) Concurrent Cleanup for Next Mark
[2020-10-07T09:43:49.172+0000][38832][gc,marking   ] GC(220) Concurrent Cleanup for Next Mark 1.738ms
[2020-10-07T09:43:49.172+0000][38832][gc           ] GC(220) Concurrent Cycle 296.480ms
[2020-10-07T09:43:49.194+0000][38832][gc,start     ] GC(221) Pause Young (Concurrent Start) (G1 Humongous Allocation)
[2020-10-07T09:43:49.194+0000][38832][gc,task      ] GC(221) Using 8 workers of 8 for evacuation
[2020-10-07T09:43:49.194+0000][38832][gc,age       ] GC(221) Desired survivor size 33030144 bytes, new threshold 15 (max threshold 15)
[2020-10-07T09:43:49.198+0000][38832][gc,age       ] GC(221) Age table with threshold 15 (max threshold 15)
[2020-10-07T09:43:49.198+0000][38832][gc,age       ] GC(221) - age   1:    3688184 bytes,    3688184 total
[2020-10-07T09:43:49.198+0000][38832][gc,age       ] GC(221) - age   2:     211048 bytes,    3899232 total
[2020-10-07T09:43:49.198+0000][38832][gc,age       ] GC(221) - age   3:       3712 bytes,    3902944 total
[2020-10-07T09:43:49.198+0000][38832][gc,age       ] GC(221) - age   4:      63856 bytes,    3966800 total
[2020-10-07T09:43:49.198+0000][38832][gc,age       ] GC(221) - age   5:       1952 bytes,    3968752 total
[2020-10-07T09:43:49.198+0000][38832][gc,age       ] GC(221) - age   6:       1464 bytes,    3970216 total
[2020-10-07T09:43:49.198+0000][38832][gc,age       ] GC(221) - age   7:        680 bytes,    3970896 total
[2020-10-07T09:43:49.198+0000][38832][gc,age       ] GC(221) - age   8:      14672 bytes,    3985568 total
[2020-10-07T09:43:49.198+0000][38832][gc,age       ] GC(221) - age   9:        368 bytes,    3985936 total
[2020-10-07T09:43:49.198+0000][38832][gc,age       ] GC(221) - age  10:        632 bytes,    3986568 total
[2020-10-07T09:43:49.199+0000][38832][gc,age       ] GC(221) - age  11:       1880 bytes,    3988448 total
[2020-10-07T09:43:49.199+0000][38832][gc,age       ] GC(221) - age  12:       1224 bytes,    3989672 total
[2020-10-07T09:43:49.199+0000][38832][gc,age       ] GC(221) - age  13:       1328 bytes,    3991000 total
[2020-10-07T09:43:49.199+0000][38832][gc,age       ] GC(221) - age  14:      10360 bytes,    4001360 total
[2020-10-07T09:43:49.199+0000][38832][gc,age       ] GC(221) - age  15:        208 bytes,    4001568 total
[2020-10-07T09:43:49.199+0000][38832][gc,phases    ] GC(221)   Pre Evacuate Collection Set: 0.5ms
[2020-10-07T09:43:49.199+0000][38832][gc,phases    ] GC(221)   Merge Heap Roots: 0.1ms
[2020-10-07T09:43:49.199+0000][38832][gc,phases    ] GC(221)   Evacuate Collection Set: 2.4ms
[2020-10-07T09:43:49.199+0000][38832][gc,phases    ] GC(221)   Post Evacuate Collection Set: 0.9ms
[2020-10-07T09:43:49.199+0000][38832][gc,phases    ] GC(221)   Other: 1.1ms
[2020-10-07T09:43:49.199+0000][38832][gc,heap      ] GC(221) Eden regions: 81->0(497)
[2020-10-07T09:43:49.199+0000][38832][gc,heap      ] GC(221) Survivor regions: 4->4(63)
[2020-10-07T09:43:49.199+0000][38832][gc,heap      ] GC(221) Old regions: 79->79
[2020-10-07T09:43:49.199+0000][38832][gc,heap      ] GC(221) Archive regions: 0->0
[2020-10-07T09:43:49.199+0000][38832][gc,heap      ] GC(221) Humongous regions: 374->174
[2020-10-07T09:43:49.199+0000][38832][gc,metaspace ] GC(221) Metaspace: 87957K(93952K)->87957K(93952K) NonClass: 76771K(80384K)->76771K(80384K) Class: 11185K(13568K)->11185K(13568K)
[2020-10-07T09:43:49.199+0000][38832][gc           ] GC(221) Pause Young (Concurrent Start) (G1 Humongous Allocation) 536M->256M(1024M) 5.468ms
[2020-10-07T09:43:49.199+0000][38832][gc,cpu       ] GC(221) User=0.00s Sys=0.00s Real=0.00s
[2020-10-07T09:43:49.199+0000][38832][gc           ] GC(222) Concurrent Cycle
[2020-10-07T09:43:49.199+0000][38832][safepoint    ] Safepoint "G1TryInitiateConcMark", Time since last: 22972600 ns, Reaching safepoint: 194500 ns, At safepoint: 5694700 ns, Total: 5889200 ns
[2020-10-07T09:43:49.199+0000][38832][gc,marking   ] GC(222) Concurrent Clear Claimed Marks
[2020-10-07T09:43:49.200+0000][38832][gc,marking   ] GC(222) Concurrent Clear Claimed Marks 0.551ms
[2020-10-07T09:43:49.200+0000][38832][gc,marking   ] GC(222) Concurrent Scan Root Regions
[2020-10-07T09:43:49.203+0000][38832][gc,marking   ] GC(222) Concurrent Scan Root Regions 3.418ms
[2020-10-07T09:43:49.204+0000][38832][gc,marking   ] GC(222) Concurrent Mark (104.410s)
[2020-10-07T09:43:49.204+0000][38832][gc,marking   ] GC(222) Concurrent Mark From Roots
[2020-10-07T09:43:49.204+0000][38832][gc,task      ] GC(222) Using 2 workers of 2 for marking
[2020-10-07T09:43:49.390+0000][38832][gc,marking   ] GC(222) Concurrent Mark From Roots 185.953ms
[2020-10-07T09:43:49.390+0000][38832][gc,marking   ] GC(222) Concurrent Preclean
[2020-10-07T09:43:49.391+0000][38832][gc,marking   ] GC(222) Concurrent Preclean 1.002ms
[2020-10-07T09:43:49.391+0000][38832][gc,marking   ] GC(222) Concurrent Mark (104.410s, 104.597s) 187.201ms
[2020-10-07T09:43:49.391+0000][38832][gc,start     ] GC(222) Pause Remark
[2020-10-07T09:43:49.399+0000][38832][gc           ] GC(222) Pause Remark 576M->576M(1024M) 7.439ms
[2020-10-07T09:43:49.399+0000][38832][gc,cpu       ] GC(222) User=0.11s Sys=0.00s Real=0.01s
[2020-10-07T09:43:49.402+0000][38832][safepoint    ] Safepoint "G1Concurrent", Time since last: 191608500 ns, Reaching safepoint: 226900 ns, At safepoint: 10874000 ns, Total: 11100900 ns
[2020-10-07T09:43:49.402+0000][38832][gc,marking   ] GC(222) Concurrent Rebuild Remembered Sets
[2020-10-07T09:43:49.502+0000][38832][gc,marking   ] GC(222) Concurrent Rebuild Remembered Sets 100.259ms
[2020-10-07T09:43:49.503+0000][38832][gc,start     ] GC(222) Pause Cleanup
[2020-10-07T09:43:49.503+0000][38832][gc           ] GC(222) Pause Cleanup 667M->667M(1024M) 0.378ms
[2020-10-07T09:43:49.503+0000][38832][gc,cpu       ] GC(222) User=0.00s Sys=0.00s Real=0.00s
[2020-10-07T09:43:49.503+0000][38832][safepoint    ] Safepoint "G1Concurrent", Time since last: 100505300 ns, Reaching safepoint: 276500 ns, At safepoint: 604200 ns, Total: 880700 ns
[2020-10-07T09:43:49.504+0000][38832][gc,marking   ] GC(222) Concurrent Cleanup for Next Mark
[2020-10-07T09:43:49.505+0000][38832][gc,marking   ] GC(222) Concurrent Cleanup for Next Mark 1.857ms
[2020-10-07T09:43:49.506+0000][38832][gc           ] GC(222) Concurrent Cycle 306.200ms
[2020-10-07T09:43:49.574+0000][38832][gc,start     ] GC(223) Pause Young (Concurrent Start) (G1 Humongous Allocation)
[2020-10-07T09:43:49.574+0000][38832][gc,task      ] GC(223) Using 8 workers of 8 for evacuation
[2020-10-07T09:43:49.574+0000][38832][gc,age       ] GC(223) Desired survivor size 33030144 bytes, new threshold 15 (max threshold 15)
[2020-10-07T09:43:49.580+0000][38832][gc,age       ] GC(223) Age table with threshold 15 (max threshold 15)
[2020-10-07T09:43:49.580+0000][38832][gc,age       ] GC(223) - age   1:   13382184 bytes,   13382184 total
[2020-10-07T09:43:49.580+0000][38832][gc,age       ] GC(223) - age   2:       4016 bytes,   13386200 total
[2020-10-07T09:43:49.581+0000][38832][gc,age       ] GC(223) - age   3:       5712 bytes,   13391912 total
[2020-10-07T09:43:49.581+0000][38832][gc,age       ] GC(223) - age   4:       2800 bytes,   13394712 total
[2020-10-07T09:43:49.581+0000][38832][gc,age       ] GC(223) - age   5:      63376 bytes,   13458088 total
[2020-10-07T09:43:49.581+0000][38832][gc,age       ] GC(223) - age   6:       1952 bytes,   13460040 total
[2020-10-07T09:43:49.581+0000][38832][gc,age       ] GC(223) - age   7:       1432 bytes,   13461472 total
[2020-10-07T09:43:49.581+0000][38832][gc,age       ] GC(223) - age   8:        584 bytes,   13462056 total
[2020-10-07T09:43:49.581+0000][38832][gc,age       ] GC(223) - age   9:      14640 bytes,   13476696 total
[2020-10-07T09:43:49.581+0000][38832][gc,age       ] GC(223) - age  10:        336 bytes,   13477032 total
[2020-10-07T09:43:49.581+0000][38832][gc,age       ] GC(223) - age  11:        632 bytes,   13477664 total
[2020-10-07T09:43:49.581+0000][38832][gc,age       ] GC(223) - age  12:       1816 bytes,   13479480 total
[2020-10-07T09:43:49.581+0000][38832][gc,age       ] GC(223) - age  13:       1224 bytes,   13480704 total
[2020-10-07T09:43:49.581+0000][38832][gc,age       ] GC(223) - age  14:       1296 bytes,   13482000 total
[2020-10-07T09:43:49.581+0000][38832][gc,age       ] GC(223) - age  15:      10136 bytes,   13492136 total
[2020-10-07T09:43:49.581+0000][38832][gc,phases    ] GC(223)   Pre Evacuate Collection Set: 0.5ms
[2020-10-07T09:43:49.581+0000][38832][gc,phases    ] GC(223)   Merge Heap Roots: 0.1ms
[2020-10-07T09:43:49.581+0000][38832][gc,phases    ] GC(223)   Evacuate Collection Set: 4.2ms
[2020-10-07T09:43:49.581+0000][38832][gc,phases    ] GC(223)   Post Evacuate Collection Set: 1.2ms
[2020-10-07T09:43:49.581+0000][38832][gc,phases    ] GC(223)   Other: 1.2ms
[2020-10-07T09:43:49.581+0000][38832][gc,heap      ] GC(223) Eden regions: 138->0(479)
[2020-10-07T09:43:49.581+0000][38832][gc,heap      ] GC(223) Survivor regions: 4->13(63)
[2020-10-07T09:43:49.581+0000][38832][gc,heap      ] GC(223) Old regions: 79->79
[2020-10-07T09:43:49.582+0000][38832][gc,heap      ] GC(223) Archive regions: 0->0
[2020-10-07T09:43:49.582+0000][38832][gc,heap      ] GC(223) Humongous regions: 480->174
[2020-10-07T09:43:49.582+0000][38832][gc,metaspace ] GC(223) Metaspace: 87978K(93952K)->87978K(93952K) NonClass: 76792K(80384K)->76792K(80384K) Class: 11185K(13568K)->11185K(13568K)
[2020-10-07T09:43:49.582+0000][38832][gc           ] GC(223) Pause Young (Concurrent Start) (G1 Humongous Allocation) 699M->265M(1024M) 7.763ms
[2020-10-07T09:43:49.582+0000][38832][gc,cpu       ] GC(223) User=0.00s Sys=0.00s Real=0.01s
[2020-10-07T09:43:49.582+0000][38832][gc           ] GC(224) Concurrent Cycle
[2020-10-07T09:43:49.582+0000][38832][gc,marking   ] GC(224) Concurrent Clear Claimed Marks
[2020-10-07T09:43:49.582+0000][38832][safepoint    ] Safepoint "G1TryInitiateConcMark", Time since last: 70169100 ns, Reaching safepoint: 241300 ns, At safepoint: 8126700 ns, Total: 8368000 ns
[2020-10-07T09:43:49.583+0000][38832][gc,marking   ] GC(224) Concurrent Clear Claimed Marks 0.552ms
[2020-10-07T09:43:49.583+0000][38832][gc,marking   ] GC(224) Concurrent Scan Root Regions
[2020-10-07T09:43:49.586+0000][38832][gc,marking   ] GC(224) Concurrent Scan Root Regions 3.571ms
[2020-10-07T09:43:49.586+0000][38832][gc,marking   ] GC(224) Concurrent Mark (104.792s)
[2020-10-07T09:43:49.586+0000][38832][gc,marking   ] GC(224) Concurrent Mark From Roots
[2020-10-07T09:43:49.587+0000][38832][gc,task      ] GC(224) Using 2 workers of 2 for marking
[2020-10-07T09:43:49.770+0000][38832][gc,marking   ] GC(224) Concurrent Mark From Roots 183.097ms
[2020-10-07T09:43:49.770+0000][38832][gc,marking   ] GC(224) Concurrent Preclean
[2020-10-07T09:43:49.771+0000][38832][gc,marking   ] GC(224) Concurrent Preclean 0.883ms
[2020-10-07T09:43:49.771+0000][38832][gc,marking   ] GC(224) Concurrent Mark (104.792s, 104.977s) 184.218ms
[2020-10-07T09:43:49.771+0000][38832][gc,start     ] GC(224) Pause Remark
[2020-10-07T09:43:49.778+0000][38832][gc           ] GC(224) Pause Remark 598M->598M(1024M) 6.954ms
[2020-10-07T09:43:49.778+0000][38832][gc,cpu       ] GC(224) User=0.11s Sys=0.00s Real=0.01s
[2020-10-07T09:43:49.778+0000][38832][safepoint    ] Safepoint "G1Concurrent", Time since last: 188781600 ns, Reaching safepoint: 174800 ns, At safepoint: 7479100 ns, Total: 7653900 ns
[2020-10-07T09:43:49.779+0000][38832][gc,marking   ] GC(224) Concurrent Rebuild Remembered Sets
[2020-10-07T09:43:49.884+0000][38832][gc,marking   ] GC(224) Concurrent Rebuild Remembered Sets 105.474ms
[2020-10-07T09:43:49.884+0000][38832][gc,start     ] GC(224) Pause Cleanup
[2020-10-07T09:43:49.885+0000][38832][gc           ] GC(224) Pause Cleanup 800M->800M(1024M) 0.407ms
[2020-10-07T09:43:49.885+0000][38832][gc,cpu       ] GC(224) User=0.00s Sys=0.00s Real=0.00s
[2020-10-07T09:43:49.885+0000][38832][safepoint    ] Safepoint "G1Concurrent", Time since last: 105722300 ns, Reaching safepoint: 182600 ns, At safepoint: 800200 ns, Total: 982800 ns
[2020-10-07T09:43:49.885+0000][38832][gc,marking   ] GC(224) Concurrent Cleanup for Next Mark
[2020-10-07T09:43:49.887+0000][38832][gc,marking   ] GC(224) Concurrent Cleanup for Next Mark 2.004ms
[2020-10-07T09:43:49.887+0000][38832][gc           ] GC(224) Concurrent Cycle 305.483ms
[2020-10-07T09:43:49.888+0000][38832][gc,start     ] GC(225) Pause Young (Concurrent Start) (G1 Humongous Allocation)
[2020-10-07T09:43:49.888+0000][38832][gc,task      ] GC(225) Using 8 workers of 8 for evacuation
[2020-10-07T09:43:49.888+0000][38832][gc,age       ] GC(225) Desired survivor size 32505856 bytes, new threshold 15 (max threshold 15)
[2020-10-07T09:43:49.893+0000][38832][gc,age       ] GC(225) Age table with threshold 15 (max threshold 15)
[2020-10-07T09:43:49.893+0000][38832][gc,age       ] GC(225) - age   1:    6088040 bytes,    6088040 total
[2020-10-07T09:43:49.893+0000][38832][gc,age       ] GC(225) - age   2:      11200 bytes,    6099240 total
[2020-10-07T09:43:49.893+0000][38832][gc,age       ] GC(225) - age   3:       3712 bytes,    6102952 total
[2020-10-07T09:43:49.893+0000][38832][gc,age       ] GC(225) - age   4:       4648 bytes,    6107600 total
[2020-10-07T09:43:49.893+0000][38832][gc,age       ] GC(225) - age   5:       2768 bytes,    6110368 total
[2020-10-07T09:43:49.894+0000][38832][gc,age       ] GC(225) - age   6:      63376 bytes,    6173744 total
[2020-10-07T09:43:49.894+0000][38832][gc,age       ] GC(225) - age   7:       1952 bytes,    6175696 total
[2020-10-07T09:43:49.894+0000][38832][gc,age       ] GC(225) - age   8:       1432 bytes,    6177128 total
[2020-10-07T09:43:49.894+0000][38832][gc,age       ] GC(225) - age   9:        584 bytes,    6177712 total
[2020-10-07T09:43:49.894+0000][38832][gc,age       ] GC(225) - age  10:      14640 bytes,    6192352 total
[2020-10-07T09:43:49.894+0000][38832][gc,age       ] GC(225) - age  11:        304 bytes,    6192656 total
[2020-10-07T09:43:49.894+0000][38832][gc,age       ] GC(225) - age  12:        632 bytes,    6193288 total
[2020-10-07T09:43:49.894+0000][38832][gc,age       ] GC(225) - age  13:       1816 bytes,    6195104 total
[2020-10-07T09:43:49.894+0000][38832][gc,age       ] GC(225) - age  14:       1224 bytes,    6196328 total
[2020-10-07T09:43:49.894+0000][38832][gc,age       ] GC(225) - age  15:       1264 bytes,    6197592 total
[2020-10-07T09:43:49.894+0000][38832][gc,phases    ] GC(225)   Pre Evacuate Collection Set: 0.5ms
[2020-10-07T09:43:49.894+0000][38832][gc,phases    ] GC(225)   Merge Heap Roots: 0.1ms
[2020-10-07T09:43:49.894+0000][38832][gc,phases    ] GC(225)   Evacuate Collection Set: 2.7ms
[2020-10-07T09:43:49.894+0000][38832][gc,phases    ] GC(225)   Post Evacuate Collection Set: 1.3ms
[2020-10-07T09:43:49.895+0000][38832][gc,phases    ] GC(225)   Other: 1.6ms
[2020-10-07T09:43:49.895+0000][38832][gc,heap      ] GC(225) Eden regions: 129->0(485)
[2020-10-07T09:43:49.895+0000][38832][gc,heap      ] GC(225) Survivor regions: 13->7(62)
[2020-10-07T09:43:49.895+0000][38832][gc,heap      ] GC(225) Old regions: 79->79
[2020-10-07T09:43:49.895+0000][38832][gc,heap      ] GC(225) Archive regions: 0->0
[2020-10-07T09:43:49.895+0000][38832][gc,heap      ] GC(225) Humongous regions: 582->174
[2020-10-07T09:43:49.895+0000][38832][gc,metaspace ] GC(225) Metaspace: 87985K(93952K)->87985K(93952K) NonClass: 76799K(80384K)->76799K(80384K) Class: 11185K(13568K)->11185K(13568K)
[2020-10-07T09:43:49.895+0000][38832][gc           ] GC(225) Pause Young (Concurrent Start) (G1 Humongous Allocation) 802M->258M(1024M) 6.966ms
[2020-10-07T09:43:49.895+0000][38832][gc,cpu       ] GC(225) User=0.00s Sys=0.00s Real=0.01s
[2020-10-07T09:43:49.895+0000][38832][gc           ] GC(226) Concurrent Cycle
[2020-10-07T09:43:49.895+0000][38832][safepoint    ] Safepoint "G1TryInitiateConcMark", Time since last: 2618300 ns, Reaching safepoint: 224700 ns, At safepoint: 7309800 ns, Total: 7534500 ns
[2020-10-07T09:43:49.895+0000][38832][gc,marking   ] GC(226) Concurrent Clear Claimed Marks
[2020-10-07T09:43:49.896+0000][38832][gc,marking   ] GC(226) Concurrent Clear Claimed Marks 0.724ms
[2020-10-07T09:43:49.896+0000][38832][gc,marking   ] GC(226) Concurrent Scan Root Regions
[2020-10-07T09:43:49.899+0000][38832][gc,marking   ] GC(226) Concurrent Scan Root Regions 2.893ms
[2020-10-07T09:43:49.899+0000][38832][gc,marking   ] GC(226) Concurrent Mark (105.105s)
[2020-10-07T09:43:49.899+0000][38832][gc,marking   ] GC(226) Concurrent Mark From Roots
[2020-10-07T09:43:49.899+0000][38832][gc,task      ] GC(226) Using 2 workers of 2 for marking
[2020-10-07T09:43:50.073+0000][38832][gc,marking   ] GC(226) Concurrent Mark From Roots 173.452ms
[2020-10-07T09:43:50.073+0000][38832][gc,marking   ] GC(226) Concurrent Preclean
[2020-10-07T09:43:50.074+0000][38832][gc,marking   ] GC(226) Concurrent Preclean 1.043ms
[2020-10-07T09:43:50.074+0000][38832][gc,marking   ] GC(226) Concurrent Mark (105.105s, 105.280s) 174.794ms
[2020-10-07T09:43:50.074+0000][38832][gc,start     ] GC(226) Pause Remark
[2020-10-07T09:43:50.081+0000][38832][gc           ] GC(226) Pause Remark 534M->534M(1024M) 7.015ms
[2020-10-07T09:43:50.081+0000][38832][gc,cpu       ] GC(226) User=0.00s Sys=0.00s Real=0.01s
[2020-10-07T09:43:50.081+0000][38832][safepoint    ] Safepoint "G1Concurrent", Time since last: 178798000 ns, Reaching safepoint: 184200 ns, At safepoint: 7285400 ns, Total: 7469600 ns
[2020-10-07T09:43:50.082+0000][38832][gc,marking   ] GC(226) Concurrent Rebuild Remembered Sets
[2020-10-07T09:43:50.186+0000][38832][gc,marking   ] GC(226) Concurrent Rebuild Remembered Sets 104.344ms
[2020-10-07T09:43:50.186+0000][38832][gc,start     ] GC(226) Pause Cleanup
[2020-10-07T09:43:50.187+0000][38832][gc           ] GC(226) Pause Cleanup 545M->545M(1024M) 0.412ms
[2020-10-07T09:43:50.187+0000][38832][gc,cpu       ] GC(226) User=0.00s Sys=0.00s Real=0.00s
[2020-10-07T09:43:50.187+0000][38832][safepoint    ] Safepoint "G1Concurrent", Time since last: 104567200 ns, Reaching safepoint: 197100 ns, At safepoint: 666200 ns, Total: 863300 ns
[2020-10-07T09:43:50.187+0000][38832][gc,marking   ] GC(226) Concurrent Cleanup for Next Mark
[2020-10-07T09:43:50.189+0000][38832][gc,marking   ] GC(226) Concurrent Cleanup for Next Mark 1.765ms
[2020-10-07T09:43:50.189+0000][38832][gc           ] GC(226) Concurrent Cycle 293.797ms
[2020-10-07T09:43:50.209+0000][38832][gc,start     ] GC(227) Pause Young (Concurrent Start) (G1 Humongous Allocation)
[2020-10-07T09:43:50.209+0000][38832][gc,task      ] GC(227) Using 8 workers of 8 for evacuation
[2020-10-07T09:43:50.209+0000][38832][gc,age       ] GC(227) Desired survivor size 32505856 bytes, new threshold 15 (max threshold 15)
[2020-10-07T09:43:50.214+0000][38832][gc,age       ] GC(227) Age table with threshold 15 (max threshold 15)
[2020-10-07T09:43:50.214+0000][38832][gc,age       ] GC(227) - age   1:    3903672 bytes,    3903672 total
[2020-10-07T09:43:50.214+0000][38832][gc,age       ] GC(227) - age   2:       9880 bytes,    3913552 total
[2020-10-07T09:43:50.214+0000][38832][gc,age       ] GC(227) - age   3:      10832 bytes,    3924384 total
[2020-10-07T09:43:50.214+0000][38832][gc,age       ] GC(227) - age   4:       3360 bytes,    3927744 total
[2020-10-07T09:43:50.214+0000][38832][gc,age       ] GC(227) - age   5:       4328 bytes,    3932072 total
[2020-10-07T09:43:50.214+0000][38832][gc,age       ] GC(227) - age   6:       2480 bytes,    3934552 total
[2020-10-07T09:43:50.214+0000][38832][gc,age       ] GC(227) - age   7:      63312 bytes,    3997864 total
[2020-10-07T09:43:50.214+0000][38832][gc,age       ] GC(227) - age   8:       1760 bytes,    3999624 total
[2020-10-07T09:43:50.214+0000][38832][gc,age       ] GC(227) - age   9:       1432 bytes,    4001056 total
[2020-10-07T09:43:50.214+0000][38832][gc,age       ] GC(227) - age  10:        584 bytes,    4001640 total
[2020-10-07T09:43:50.214+0000][38832][gc,age       ] GC(227) - age  11:      14640 bytes,    4016280 total
[2020-10-07T09:43:50.214+0000][38832][gc,age       ] GC(227) - age  12:        240 bytes,    4016520 total
[2020-10-07T09:43:50.214+0000][38832][gc,age       ] GC(227) - age  13:        600 bytes,    4017120 total
[2020-10-07T09:43:50.214+0000][38832][gc,age       ] GC(227) - age  14:       1816 bytes,    4018936 total
[2020-10-07T09:43:50.214+0000][38832][gc,age       ] GC(227) - age  15:       1224 bytes,    4020160 total
[2020-10-07T09:43:50.214+0000][38832][gc,phases    ] GC(227)   Pre Evacuate Collection Set: 0.5ms
[2020-10-07T09:43:50.214+0000][38832][gc,phases    ] GC(227)   Merge Heap Roots: 0.1ms
[2020-10-07T09:43:50.215+0000][38832][gc,phases    ] GC(227)   Evacuate Collection Set: 2.4ms
[2020-10-07T09:43:50.215+0000][38832][gc,phases    ] GC(227)   Post Evacuate Collection Set: 1.1ms
[2020-10-07T09:43:50.215+0000][38832][gc,phases    ] GC(227)   Other: 1.3ms
[2020-10-07T09:43:50.215+0000][38832][gc,heap      ] GC(227) Eden regions: 85->0(489)
[2020-10-07T09:43:50.215+0000][38832][gc,heap      ] GC(227) Survivor regions: 7->5(62)
[2020-10-07T09:43:50.215+0000][38832][gc,heap      ] GC(227) Old regions: 79->79
[2020-10-07T09:43:50.215+0000][38832][gc,heap      ] GC(227) Archive regions: 0->0
[2020-10-07T09:43:50.215+0000][38832][gc,heap      ] GC(227) Humongous regions: 382->174
[2020-10-07T09:43:50.215+0000][38832][gc,metaspace ] GC(227) Metaspace: 87995K(93952K)->87995K(93952K) NonClass: 76809K(80384K)->76809K(80384K) Class: 11185K(13568K)->11185K(13568K)
[2020-10-07T09:43:50.215+0000][38832][gc           ] GC(227) Pause Young (Concurrent Start) (G1 Humongous Allocation) 550M->256M(1024M) 5.886ms
[2020-10-07T09:43:50.215+0000][38832][gc,cpu       ] GC(227) User=0.00s Sys=0.00s Real=0.01s
[2020-10-07T09:43:50.215+0000][38832][gc           ] GC(228) Concurrent Cycle
[2020-10-07T09:43:50.215+0000][38832][safepoint    ] Safepoint "G1TryInitiateConcMark", Time since last: 21989900 ns, Reaching safepoint: 174900 ns, At safepoint: 6110900 ns, Total: 6285800 ns
[2020-10-07T09:43:50.215+0000][38832][gc,marking   ] GC(228) Concurrent Clear Claimed Marks
[2020-10-07T09:43:50.216+0000][38832][gc,marking   ] GC(228) Concurrent Clear Claimed Marks 0.421ms
[2020-10-07T09:43:50.216+0000][38832][gc,marking   ] GC(228) Concurrent Scan Root Regions
[2020-10-07T09:43:50.219+0000][38832][gc,marking   ] GC(228) Concurrent Scan Root Regions 3.221ms
[2020-10-07T09:43:50.219+0000][38832][gc,marking   ] GC(228) Concurrent Mark (105.425s)
[2020-10-07T09:43:50.219+0000][38832][gc,marking   ] GC(228) Concurrent Mark From Roots
[2020-10-07T09:43:50.219+0000][38832][gc,task      ] GC(228) Using 2 workers of 2 for marking
[2020-10-07T09:43:50.390+0000][38832][gc,marking   ] GC(228) Concurrent Mark From Roots 170.938ms
[2020-10-07T09:43:50.390+0000][38832][gc,marking   ] GC(228) Concurrent Preclean
[2020-10-07T09:43:50.391+0000][38832][gc,marking   ] GC(228) Concurrent Preclean 0.842ms
[2020-10-07T09:43:50.391+0000][38832][gc,marking   ] GC(228) Concurrent Mark (105.425s, 105.597s) 171.988ms
[2020-10-07T09:43:50.391+0000][38832][gc,start     ] GC(228) Pause Remark
[2020-10-07T09:43:50.398+0000][38832][gc           ] GC(228) Pause Remark 456M->456M(1024M) 6.944ms
[2020-10-07T09:43:50.399+0000][38832][gc,cpu       ] GC(228) User=0.11s Sys=0.00s Real=0.01s
[2020-10-07T09:43:50.399+0000][38832][safepoint    ] Safepoint "G1Concurrent", Time since last: 176027000 ns, Reaching safepoint: 173700 ns, At safepoint: 7250700 ns, Total: 7424400 ns
[2020-10-07T09:43:50.399+0000][38832][gc,marking   ] GC(228) Concurrent Rebuild Remembered Sets
[2020-10-07T09:43:50.497+0000][38832][gc,marking   ] GC(228) Concurrent Rebuild Remembered Sets 98.250ms
[2020-10-07T09:43:50.497+0000][38832][gc,start     ] GC(228) Pause Cleanup
[2020-10-07T09:43:50.498+0000][38832][gc           ] GC(228) Pause Cleanup 469M->469M(1024M) 0.437ms
[2020-10-07T09:43:50.498+0000][38832][gc,cpu       ] GC(228) User=0.00s Sys=0.00s Real=0.00s
[2020-10-07T09:43:50.498+0000][38832][safepoint    ] Safepoint "G1Concurrent", Time since last: 98471400 ns, Reaching safepoint: 237900 ns, At safepoint: 677700 ns, Total: 915600 ns
[2020-10-07T09:43:50.498+0000][38832][gc,marking   ] GC(228) Concurrent Cleanup for Next Mark
[2020-10-07T09:43:50.500+0000][38832][gc,marking   ] GC(228) Concurrent Cleanup for Next Mark 1.984ms
[2020-10-07T09:43:50.500+0000][38832][gc           ] GC(228) Concurrent Cycle 285.120ms
[2020-10-07T09:43:50.534+0000][38832][gc,start     ] GC(229) Pause Young (Concurrent Start) (G1 Humongous Allocation)
[2020-10-07T09:43:50.534+0000][38832][gc,task      ] GC(229) Using 8 workers of 8 for evacuation
[2020-10-07T09:43:50.534+0000][38832][gc,age       ] GC(229) Desired survivor size 32505856 bytes, new threshold 15 (max threshold 15)
[2020-10-07T09:43:50.539+0000][38832][gc,age       ] GC(229) Age table with threshold 15 (max threshold 15)
[2020-10-07T09:43:50.539+0000][38832][gc,age       ] GC(229) - age   1:    7898208 bytes,    7898208 total
[2020-10-07T09:43:50.539+0000][38832][gc,age       ] GC(229) - age   2:       3248 bytes,    7901456 total
[2020-10-07T09:43:50.539+0000][38832][gc,age       ] GC(229) - age   3:       2616 bytes,    7904072 total
[2020-10-07T09:43:50.539+0000][38832][gc,age       ] GC(229) - age   4:       9600 bytes,    7913672 total
[2020-10-07T09:43:50.539+0000][38832][gc,age       ] GC(229) - age   5:       2848 bytes,    7916520 total
[2020-10-07T09:43:50.539+0000][38832][gc,age       ] GC(229) - age   6:       4136 bytes,    7920656 total
[2020-10-07T09:43:50.539+0000][38832][gc,age       ] GC(229) - age   7:       2352 bytes,    7923008 total
[2020-10-07T09:43:50.539+0000][38832][gc,age       ] GC(229) - age   8:      63312 bytes,    7986320 total
[2020-10-07T09:43:50.539+0000][38832][gc,age       ] GC(229) - age   9:       1760 bytes,    7988080 total
[2020-10-07T09:43:50.539+0000][38832][gc,age       ] GC(229) - age  10:       1432 bytes,    7989512 total
[2020-10-07T09:43:50.539+0000][38832][gc,age       ] GC(229) - age  11:        488 bytes,    7990000 total
[2020-10-07T09:43:50.539+0000][38832][gc,age       ] GC(229) - age  12:      14576 bytes,    8004576 total
[2020-10-07T09:43:50.539+0000][38832][gc,age       ] GC(229) - age  13:        240 bytes,    8004816 total
[2020-10-07T09:43:50.539+0000][38832][gc,age       ] GC(229) - age  14:        576 bytes,    8005392 total
[2020-10-07T09:43:50.539+0000][38832][gc,age       ] GC(229) - age  15:       1576 bytes,    8006968 total
[2020-10-07T09:43:50.539+0000][38832][gc,phases    ] GC(229)   Pre Evacuate Collection Set: 0.5ms
[2020-10-07T09:43:50.539+0000][38832][gc,phases    ] GC(229)   Merge Heap Roots: 0.1ms
[2020-10-07T09:43:50.539+0000][38832][gc,phases    ] GC(229)   Evacuate Collection Set: 2.8ms
[2020-10-07T09:43:50.539+0000][38832][gc,phases    ] GC(229)   Post Evacuate Collection Set: 1.0ms
[2020-10-07T09:43:50.539+0000][38832][gc,phases    ] GC(229)   Other: 1.4ms
[2020-10-07T09:43:50.539+0000][38832][gc,heap      ] GC(229) Eden regions: 74->0(484)
[2020-10-07T09:43:50.539+0000][38832][gc,heap      ] GC(229) Survivor regions: 5->9(62)
[2020-10-07T09:43:50.540+0000][38832][gc,heap      ] GC(229) Old regions: 79->79
[2020-10-07T09:43:50.540+0000][38832][gc,heap      ] GC(229) Archive regions: 0->0
[2020-10-07T09:43:50.540+0000][38832][gc,heap      ] GC(229) Humongous regions: 326->174
[2020-10-07T09:43:50.540+0000][38832][gc,metaspace ] GC(229) Metaspace: 88002K(93952K)->88002K(93952K) NonClass: 76816K(80384K)->76816K(80384K) Class: 11185K(13568K)->11185K(13568K)
[2020-10-07T09:43:50.540+0000][38832][gc           ] GC(229) Pause Young (Concurrent Start) (G1 Humongous Allocation) 482M->260M(1024M) 6.279ms
[2020-10-07T09:43:50.540+0000][38832][gc,cpu       ] GC(229) User=0.09s Sys=0.00s Real=0.01s
[2020-10-07T09:43:50.540+0000][38832][safepoint    ] Safepoint "G1TryInitiateConcMark", Time since last: 35206000 ns, Reaching safepoint: 226200 ns, At safepoint: 6555200 ns, Total: 6781400 ns
[2020-10-07T09:43:50.540+0000][38832][gc           ] GC(230) Concurrent Cycle
[2020-10-07T09:43:50.540+0000][38832][gc,marking   ] GC(230) Concurrent Clear Claimed Marks
[2020-10-07T09:43:50.540+0000][38832][gc,marking   ] GC(230) Concurrent Clear Claimed Marks 0.338ms
[2020-10-07T09:43:50.540+0000][38832][gc,marking   ] GC(230) Concurrent Scan Root Regions
[2020-10-07T09:43:50.542+0000][38832][gc,marking   ] GC(230) Concurrent Scan Root Regions 1.995ms
[2020-10-07T09:43:50.543+0000][38832][gc,marking   ] GC(230) Concurrent Mark (105.749s)
[2020-10-07T09:43:50.543+0000][38832][gc,marking   ] GC(230) Concurrent Mark From Roots
[2020-10-07T09:43:50.543+0000][38832][gc,task      ] GC(230) Using 2 workers of 2 for marking
[2020-10-07T09:43:50.694+0000][38832][gc,marking   ] GC(230) Concurrent Mark From Roots 151.692ms
[2020-10-07T09:43:50.694+0000][38832][gc,marking   ] GC(230) Concurrent Preclean
[2020-10-07T09:43:50.695+0000][38832][gc,marking   ] GC(230) Concurrent Preclean 0.943ms
[2020-10-07T09:43:50.695+0000][38832][gc,marking   ] GC(230) Concurrent Mark (105.749s, 105.902s) 152.887ms
[2020-10-07T09:43:50.696+0000][38832][gc,start     ] GC(230) Pause Remark
[2020-10-07T09:43:50.702+0000][38832][gc           ] GC(230) Pause Remark 449M->449M(1024M) 6.469ms
[2020-10-07T09:43:50.702+0000][38832][gc,cpu       ] GC(230) User=0.00s Sys=0.00s Real=0.01s
[2020-10-07T09:43:50.703+0000][38832][safepoint    ] Safepoint "G1Concurrent", Time since last: 155657100 ns, Reaching safepoint: 176500 ns, At safepoint: 6768400 ns, Total: 6944900 ns
[2020-10-07T09:43:50.703+0000][38832][gc,marking   ] GC(230) Concurrent Rebuild Remembered Sets
[2020-10-07T09:43:50.800+0000][38832][gc,marking   ] GC(230) Concurrent Rebuild Remembered Sets 96.985ms
[2020-10-07T09:43:50.800+0000][38832][gc,start     ] GC(230) Pause Cleanup
[2020-10-07T09:43:50.800+0000][38832][gc           ] GC(230) Pause Cleanup 598M->598M(1024M) 0.339ms
[2020-10-07T09:43:50.800+0000][38832][gc,cpu       ] GC(230) User=0.00s Sys=0.00s Real=0.00s
[2020-10-07T09:43:50.800+0000][38832][safepoint    ] Safepoint "G1Concurrent", Time since last: 97174700 ns, Reaching safepoint: 174900 ns, At safepoint: 524300 ns, Total: 699200 ns
[2020-10-07T09:43:50.800+0000][38832][gc,marking   ] GC(230) Concurrent Cleanup for Next Mark
[2020-10-07T09:43:50.802+0000][38832][gc,marking   ] GC(230) Concurrent Cleanup for Next Mark 1.960ms
[2020-10-07T09:43:50.803+0000][38832][gc           ] GC(230) Concurrent Cycle 262.616ms
[2020-10-07T09:43:50.818+0000][38832][gc,start     ] GC(231) Pause Young (Concurrent Start) (G1 Humongous Allocation)
[2020-10-07T09:43:50.818+0000][38832][gc,task      ] GC(231) Using 8 workers of 8 for evacuation
[2020-10-07T09:43:50.818+0000][38832][gc,age       ] GC(231) Desired survivor size 32505856 bytes, new threshold 15 (max threshold 15)
[2020-10-07T09:43:50.823+0000][38832][gc,age       ] GC(231) Age table with threshold 15 (max threshold 15)
[2020-10-07T09:43:50.823+0000][38832][gc,age       ] GC(231) - age   1:    5806704 bytes,    5806704 total
[2020-10-07T09:43:50.823+0000][38832][gc,age       ] GC(231) - age   2:      11400 bytes,    5818104 total
[2020-10-07T09:43:50.823+0000][38832][gc,age       ] GC(231) - age   3:       2392 bytes,    5820496 total
[2020-10-07T09:43:50.823+0000][38832][gc,age       ] GC(231) - age   4:       1688 bytes,    5822184 total
[2020-10-07T09:43:50.823+0000][38832][gc,age       ] GC(231) - age   5:       9440 bytes,    5831624 total
[2020-10-07T09:43:50.823+0000][38832][gc,age       ] GC(231) - age   6:       2592 bytes,    5834216 total
[2020-10-07T09:43:50.823+0000][38832][gc,age       ] GC(231) - age   7:       4008 bytes,    5838224 total
[2020-10-07T09:43:50.823+0000][38832][gc,age       ] GC(231) - age   8:       2288 bytes,    5840512 total
[2020-10-07T09:43:50.823+0000][38832][gc,age       ] GC(231) - age   9:      63312 bytes,    5903824 total
[2020-10-07T09:43:50.823+0000][38832][gc,age       ] GC(231) - age  10:       1696 bytes,    5905520 total
[2020-10-07T09:43:50.823+0000][38832][gc,age       ] GC(231) - age  11:       1400 bytes,    5906920 total
[2020-10-07T09:43:50.823+0000][38832][gc,age       ] GC(231) - age  12:        392 bytes,    5907312 total
[2020-10-07T09:43:50.823+0000][38832][gc,age       ] GC(231) - age  13:      14472 bytes,    5921784 total
[2020-10-07T09:43:50.823+0000][38832][gc,age       ] GC(231) - age  14:        240 bytes,    5922024 total
[2020-10-07T09:43:50.823+0000][38832][gc,age       ] GC(231) - age  15:        512 bytes,    5922536 total
[2020-10-07T09:43:50.823+0000][38832][gc,phases    ] GC(231)   Pre Evacuate Collection Set: 0.4ms
[2020-10-07T09:43:50.823+0000][38832][gc,phases    ] GC(231)   Merge Heap Roots: 0.1ms
[2020-10-07T09:43:50.823+0000][38832][gc,phases    ] GC(231)   Evacuate Collection Set: 2.8ms
[2020-10-07T09:43:50.823+0000][38832][gc,phases    ] GC(231)   Post Evacuate Collection Set: 1.0ms
[2020-10-07T09:43:50.823+0000][38832][gc,phases    ] GC(231)   Other: 1.2ms
[2020-10-07T09:43:50.823+0000][38832][gc,heap      ] GC(231) Eden regions: 96->0(487)
[2020-10-07T09:43:50.824+0000][38832][gc,heap      ] GC(231) Survivor regions: 9->7(62)
[2020-10-07T09:43:50.824+0000][38832][gc,heap      ] GC(231) Old regions: 79->79
[2020-10-07T09:43:50.824+0000][38832][gc,heap      ] GC(231) Archive regions: 0->0
[2020-10-07T09:43:50.824+0000][38832][gc,heap      ] GC(231) Humongous regions: 426->174
[2020-10-07T09:43:50.824+0000][38832][gc,metaspace ] GC(231) Metaspace: 88009K(94080K)->88009K(94080K) NonClass: 76821K(80384K)->76821K(80384K) Class: 11187K(13696K)->11187K(13696K)
[2020-10-07T09:43:50.824+0000][38832][gc           ] GC(231) Pause Young (Concurrent Start) (G1 Humongous Allocation) 608M->258M(1024M) 5.854ms
[2020-10-07T09:43:50.824+0000][38832][gc,cpu       ] GC(231) User=0.02s Sys=0.00s Real=0.01s
[2020-10-07T09:43:50.824+0000][38832][gc           ] GC(232) Concurrent Cycle
[2020-10-07T09:43:50.824+0000][38832][safepoint    ] Safepoint "G1TryInitiateConcMark", Time since last: 17208400 ns, Reaching safepoint: 233700 ns, At safepoint: 6094300 ns, Total: 6328000 ns
[2020-10-07T09:43:50.824+0000][38832][gc,marking   ] GC(232) Concurrent Clear Claimed Marks
[2020-10-07T09:43:50.824+0000][38832][gc,marking   ] GC(232) Concurrent Clear Claimed Marks 0.463ms
[2020-10-07T09:43:50.825+0000][38832][gc,marking   ] GC(232) Concurrent Scan Root Regions
[2020-10-07T09:43:50.827+0000][38832][gc,marking   ] GC(232) Concurrent Scan Root Regions 2.877ms
[2020-10-07T09:43:50.828+0000][38832][gc,marking   ] GC(232) Concurrent Mark (106.034s)
[2020-10-07T09:43:50.828+0000][38832][gc,marking   ] GC(232) Concurrent Mark From Roots
[2020-10-07T09:43:50.828+0000][38832][gc,task      ] GC(232) Using 2 workers of 2 for marking
[2020-10-07T09:43:51.007+0000][38832][gc,marking   ] GC(232) Concurrent Mark From Roots 179.473ms
[2020-10-07T09:43:51.007+0000][38832][gc,marking   ] GC(232) Concurrent Preclean
[2020-10-07T09:43:51.008+0000][38832][gc,marking   ] GC(232) Concurrent Preclean 0.963ms
[2020-10-07T09:43:51.008+0000][38832][gc,marking   ] GC(232) Concurrent Mark (106.034s, 106.214s) 180.715ms
[2020-10-07T09:43:51.009+0000][38832][gc,start     ] GC(232) Pause Remark
[2020-10-07T09:43:51.015+0000][38832][gc           ] GC(232) Pause Remark 388M->388M(1024M) 6.747ms
[2020-10-07T09:43:51.016+0000][38832][gc,cpu       ] GC(232) User=0.00s Sys=0.00s Real=0.01s
[2020-10-07T09:43:51.016+0000][38832][safepoint    ] Safepoint "G1Concurrent", Time since last: 184455300 ns, Reaching safepoint: 224300 ns, At safepoint: 7041600 ns, Total: 7265900 ns
[2020-10-07T09:43:51.016+0000][38832][gc,marking   ] GC(232) Concurrent Rebuild Remembered Sets
[2020-10-07T09:43:51.122+0000][38832][gc,marking   ] GC(232) Concurrent Rebuild Remembered Sets 106.307ms
[2020-10-07T09:43:51.122+0000][38832][gc,start     ] GC(232) Pause Cleanup
[2020-10-07T09:43:51.123+0000][38832][gc           ] GC(232) Pause Cleanup 729M->729M(1024M) 0.423ms
[2020-10-07T09:43:51.123+0000][38832][gc,cpu       ] GC(232) User=0.00s Sys=0.00s Real=0.00s
[2020-10-07T09:43:51.123+0000][38832][safepoint    ] Safepoint "G1Concurrent", Time since last: 106545700 ns, Reaching safepoint: 212900 ns, At safepoint: 703700 ns, Total: 916600 ns
[2020-10-07T09:43:51.123+0000][38832][gc,marking   ] GC(232) Concurrent Cleanup for Next Mark
[2020-10-07T09:43:51.125+0000][38832][gc,marking   ] GC(232) Concurrent Cleanup for Next Mark 2.016ms
[2020-10-07T09:43:51.125+0000][38832][gc           ] GC(232) Concurrent Cycle 301.449ms
[2020-10-07T09:43:51.200+0000][38832][gc,start     ] GC(233) Pause Young (Concurrent Start) (G1 Humongous Allocation)
[2020-10-07T09:43:51.200+0000][38832][gc,task      ] GC(233) Using 8 workers of 8 for evacuation
[2020-10-07T09:43:51.200+0000][38832][gc,age       ] GC(233) Desired survivor size 32505856 bytes, new threshold 15 (max threshold 15)
[2020-10-07T09:43:51.206+0000][38832][gc,age       ] GC(233) Age table with threshold 15 (max threshold 15)
[2020-10-07T09:43:51.206+0000][38832][gc,age       ] GC(233) - age   1:   13392512 bytes,   13392512 total
[2020-10-07T09:43:51.206+0000][38832][gc,age       ] GC(233) - age   2:      55088 bytes,   13447600 total
[2020-10-07T09:43:51.206+0000][38832][gc,age       ] GC(233) - age   3:       2448 bytes,   13450048 total
[2020-10-07T09:43:51.206+0000][38832][gc,age       ] GC(233) - age   4:       1440 bytes,   13451488 total
[2020-10-07T09:43:51.206+0000][38832][gc,age       ] GC(233) - age   5:        880 bytes,   13452368 total
[2020-10-07T09:43:51.206+0000][38832][gc,age       ] GC(233) - age   6:       9376 bytes,   13461744 total
[2020-10-07T09:43:51.206+0000][38832][gc,age       ] GC(233) - age   7:       2400 bytes,   13464144 total
[2020-10-07T09:43:51.207+0000][38832][gc,age       ] GC(233) - age   8:       3944 bytes,   13468088 total
[2020-10-07T09:43:51.207+0000][38832][gc,age       ] GC(233) - age   9:       2224 bytes,   13470312 total
[2020-10-07T09:43:51.207+0000][38832][gc,age       ] GC(233) - age  10:      63248 bytes,   13533560 total
[2020-10-07T09:43:51.207+0000][38832][gc,age       ] GC(233) - age  11:       1696 bytes,   13535256 total
[2020-10-07T09:43:51.207+0000][38832][gc,age       ] GC(233) - age  12:       1336 bytes,   13536592 total
[2020-10-07T09:43:51.207+0000][38832][gc,age       ] GC(233) - age  13:        392 bytes,   13536984 total
[2020-10-07T09:43:51.207+0000][38832][gc,age       ] GC(233) - age  14:      14344 bytes,   13551328 total
[2020-10-07T09:43:51.207+0000][38832][gc,age       ] GC(233) - age  15:        240 bytes,   13551568 total
[2020-10-07T09:43:51.207+0000][38832][gc,phases    ] GC(233)   Pre Evacuate Collection Set: 0.5ms
[2020-10-07T09:43:51.207+0000][38832][gc,phases    ] GC(233)   Merge Heap Roots: 0.2ms
[2020-10-07T09:43:51.207+0000][38832][gc,phases    ] GC(233)   Evacuate Collection Set: 3.8ms
[2020-10-07T09:43:51.207+0000][38832][gc,phases    ] GC(233)   Post Evacuate Collection Set: 1.4ms
[2020-10-07T09:43:51.207+0000][38832][gc,phases    ] GC(233)   Other: 1.5ms
[2020-10-07T09:43:51.207+0000][38832][gc,heap      ] GC(233) Eden regions: 147->0(475)
[2020-10-07T09:43:51.207+0000][38832][gc,heap      ] GC(233) Survivor regions: 7->14(62)
[2020-10-07T09:43:51.207+0000][38832][gc,heap      ] GC(233) Old regions: 79->79
[2020-10-07T09:43:51.207+0000][38832][gc,heap      ] GC(233) Archive regions: 0->0
[2020-10-07T09:43:51.207+0000][38832][gc,heap      ] GC(233) Humongous regions: 526->174
[2020-10-07T09:43:51.208+0000][38832][gc,metaspace ] GC(233) Metaspace: 88041K(94080K)->88041K(94080K) NonClass: 76852K(80384K)->76852K(80384K) Class: 11188K(13696K)->11188K(13696K)
[2020-10-07T09:43:51.208+0000][38832][gc           ] GC(233) Pause Young (Concurrent Start) (G1 Humongous Allocation) 757M->265M(1024M) 7.925ms
[2020-10-07T09:43:51.208+0000][38832][gc,cpu       ] GC(233) User=0.00s Sys=0.00s Real=0.01s
[2020-10-07T09:43:51.208+0000][38832][gc           ] GC(234) Concurrent Cycle
[2020-10-07T09:43:51.208+0000][38832][gc,marking   ] GC(234) Concurrent Clear Claimed Marks
[2020-10-07T09:43:51.208+0000][38832][safepoint    ] Safepoint "G1TryInitiateConcMark", Time since last: 75737200 ns, Reaching safepoint: 245900 ns, At safepoint: 8286000 ns, Total: 8531900 ns
[2020-10-07T09:43:51.208+0000][38832][gc,marking   ] GC(234) Concurrent Clear Claimed Marks 0.399ms
[2020-10-07T09:43:51.208+0000][38832][gc,marking   ] GC(234) Concurrent Scan Root Regions
[2020-10-07T09:43:51.213+0000][38832][gc,marking   ] GC(234) Concurrent Scan Root Regions 4.621ms
[2020-10-07T09:43:51.213+0000][38832][gc,marking   ] GC(234) Concurrent Mark (106.419s)
[2020-10-07T09:43:51.213+0000][38832][gc,marking   ] GC(234) Concurrent Mark From Roots
[2020-10-07T09:43:51.213+0000][38832][gc,task      ] GC(234) Using 2 workers of 2 for marking
[2020-10-07T09:43:51.398+0000][38832][gc,marking   ] GC(234) Concurrent Mark From Roots 184.836ms
[2020-10-07T09:43:51.398+0000][38832][gc,marking   ] GC(234) Concurrent Preclean
[2020-10-07T09:43:51.399+0000][38832][gc,marking   ] GC(234) Concurrent Preclean 1.006ms
[2020-10-07T09:43:51.399+0000][38832][gc,marking   ] GC(234) Concurrent Mark (106.419s, 106.605s) 186.120ms
[2020-10-07T09:43:51.399+0000][38832][gc,start     ] GC(234) Pause Remark
[2020-10-07T09:43:51.406+0000][38832][gc           ] GC(234) Pause Remark 596M->596M(1024M) 6.652ms
[2020-10-07T09:43:51.406+0000][38832][gc,cpu       ] GC(234) User=0.00s Sys=0.00s Real=0.01s
[2020-10-07T09:43:51.407+0000][38832][safepoint    ] Safepoint "G1Concurrent", Time since last: 191469000 ns, Reaching safepoint: 180800 ns, At safepoint: 8437100 ns, Total: 8617900 ns
[2020-10-07T09:43:51.408+0000][38832][gc,marking   ] GC(234) Concurrent Rebuild Remembered Sets
[2020-10-07T09:43:51.501+0000][38832][gc,marking   ] GC(234) Concurrent Rebuild Remembered Sets 93.004ms
[2020-10-07T09:43:51.501+0000][38832][gc,start     ] GC(234) Pause Cleanup
[2020-10-07T09:43:51.502+0000][38832][gc           ] GC(234) Pause Cleanup 664M->664M(1024M) 0.426ms
[2020-10-07T09:43:51.502+0000][38832][gc,cpu       ] GC(234) User=0.00s Sys=0.00s Real=0.00s
[2020-10-07T09:43:51.502+0000][38832][safepoint    ] Safepoint "G1Concurrent", Time since last: 93341800 ns, Reaching safepoint: 248900 ns, At safepoint: 1109300 ns, Total: 1358200 ns
[2020-10-07T09:43:51.502+0000][38832][gc,marking   ] GC(234) Concurrent Cleanup for Next Mark
[2020-10-07T09:43:51.504+0000][38832][gc,marking   ] GC(234) Concurrent Cleanup for Next Mark 1.983ms
[2020-10-07T09:43:51.504+0000][38832][gc           ] GC(234) Concurrent Cycle 297.132ms
[2020-10-07T09:43:51.516+0000][38832][gc,start     ] GC(235) Pause Young (Concurrent Start) (G1 Humongous Allocation)
[2020-10-07T09:43:51.516+0000][38832][gc,task      ] GC(235) Using 8 workers of 8 for evacuation
[2020-10-07T09:43:51.516+0000][38832][gc,age       ] GC(235) Desired survivor size 32505856 bytes, new threshold 15 (max threshold 15)
[2020-10-07T09:43:51.521+0000][38832][gc,age       ] GC(235) Age table with threshold 15 (max threshold 15)
[2020-10-07T09:43:51.522+0000][38832][gc,age       ] GC(235) - age   1:   11935024 bytes,   11935024 total
[2020-10-07T09:43:51.522+0000][38832][gc,age       ] GC(235) - age   2:       6544 bytes,   11941568 total
[2020-10-07T09:43:51.522+0000][38832][gc,age       ] GC(235) - age   3:      54960 bytes,   11996528 total
[2020-10-07T09:43:51.522+0000][38832][gc,age       ] GC(235) - age   4:       1592 bytes,   11998120 total
[2020-10-07T09:43:51.522+0000][38832][gc,age       ] GC(235) - age   5:       1408 bytes,   11999528 total
[2020-10-07T09:43:51.522+0000][38832][gc,age       ] GC(235) - age   6:        784 bytes,   12000312 total
[2020-10-07T09:43:51.522+0000][38832][gc,age       ] GC(235) - age   7:       9216 bytes,   12009528 total
[2020-10-07T09:43:51.522+0000][38832][gc,age       ] GC(235) - age   8:       2400 bytes,   12011928 total
[2020-10-07T09:43:51.522+0000][38832][gc,age       ] GC(235) - age   9:       3944 bytes,   12015872 total
[2020-10-07T09:43:51.522+0000][38832][gc,age       ] GC(235) - age  10:       2224 bytes,   12018096 total
[2020-10-07T09:43:51.522+0000][38832][gc,age       ] GC(235) - age  11:      63248 bytes,   12081344 total
[2020-10-07T09:43:51.522+0000][38832][gc,age       ] GC(235) - age  12:       1696 bytes,   12083040 total
[2020-10-07T09:43:51.522+0000][38832][gc,age       ] GC(235) - age  13:       1304 bytes,   12084344 total
[2020-10-07T09:43:51.522+0000][38832][gc,age       ] GC(235) - age  14:        392 bytes,   12084736 total
[2020-10-07T09:43:51.522+0000][38832][gc,age       ] GC(235) - age  15:      14312 bytes,   12099048 total
[2020-10-07T09:43:51.522+0000][38832][gc,phases    ] GC(235)   Pre Evacuate Collection Set: 0.4ms
[2020-10-07T09:43:51.522+0000][38832][gc,phases    ] GC(235)   Merge Heap Roots: 0.1ms
[2020-10-07T09:43:51.522+0000][38832][gc,phases    ] GC(235)   Evacuate Collection Set: 3.3ms
[2020-10-07T09:43:51.522+0000][38832][gc,phases    ] GC(235)   Post Evacuate Collection Set: 1.1ms
[2020-10-07T09:43:51.523+0000][38832][gc,phases    ] GC(235)   Other: 1.3ms
[2020-10-07T09:43:51.523+0000][38832][gc,heap      ] GC(235) Eden regions: 102->0(474)
[2020-10-07T09:43:51.523+0000][38832][gc,heap      ] GC(235) Survivor regions: 14->13(62)
[2020-10-07T09:43:51.523+0000][38832][gc,heap      ] GC(235) Old regions: 79->79
[2020-10-07T09:43:51.523+0000][38832][gc,heap      ] GC(235) Archive regions: 0->0
[2020-10-07T09:43:51.523+0000][38832][gc,heap      ] GC(235) Humongous regions: 484->174
[2020-10-07T09:43:51.523+0000][38832][gc,metaspace ] GC(235) Metaspace: 88041K(94080K)->88041K(94080K) NonClass: 76852K(80384K)->76852K(80384K) Class: 11188K(13696K)->11188K(13696K)
[2020-10-07T09:43:51.523+0000][38832][gc           ] GC(235) Pause Young (Concurrent Start) (G1 Humongous Allocation) 677M->264M(1024M) 6.835ms
[2020-10-07T09:43:51.523+0000][38832][gc,cpu       ] GC(235) User=0.02s Sys=0.02s Real=0.01s
[2020-10-07T09:43:51.523+0000][38832][gc           ] GC(236) Concurrent Cycle
[2020-10-07T09:43:51.523+0000][38832][gc,marking   ] GC(236) Concurrent Clear Claimed Marks
[2020-10-07T09:43:51.524+0000][38832][gc,marking   ] GC(236) Concurrent Clear Claimed Marks 0.340ms
[2020-10-07T09:43:51.524+0000][38832][gc,marking   ] GC(236) Concurrent Scan Root Regions
[2020-10-07T09:43:51.526+0000][38832][gc,marking   ] GC(236) Concurrent Scan Root Regions 2.395ms
[2020-10-07T09:43:51.526+0000][38832][gc,marking   ] GC(236) Concurrent Mark (106.732s)
[2020-10-07T09:43:51.526+0000][38832][gc,marking   ] GC(236) Concurrent Mark From Roots
[2020-10-07T09:43:51.526+0000][38832][gc,task      ] GC(236) Using 2 workers of 2 for marking
[2020-10-07T09:43:51.528+0000][38832][safepoint    ] Safepoint "G1TryInitiateConcMark", Time since last: 13705200 ns, Reaching safepoint: 205600 ns, At safepoint: 12095500 ns, Total: 12301100 ns
[2020-10-07T09:43:51.703+0000][38832][gc,marking   ] GC(236) Concurrent Mark From Roots 176.828ms
[2020-10-07T09:43:51.703+0000][38832][gc,marking   ] GC(236) Concurrent Preclean
[2020-10-07T09:43:51.704+0000][38832][gc,marking   ] GC(236) Concurrent Preclean 0.891ms
[2020-10-07T09:43:51.704+0000][38832][gc,marking   ] GC(236) Concurrent Mark (106.732s, 106.910s) 177.986ms
[2020-10-07T09:43:51.708+0000][38832][gc,start     ] GC(236) Pause Remark
[2020-10-07T09:43:51.714+0000][38832][gc           ] GC(236) Pause Remark 530M->530M(1024M) 6.629ms
[2020-10-07T09:43:51.714+0000][38832][gc,cpu       ] GC(236) User=0.03s Sys=0.00s Real=0.01s
[2020-10-07T09:43:51.715+0000][38832][safepoint    ] Safepoint "G1Concurrent", Time since last: 176158600 ns, Reaching safepoint: 3323000 ns, At safepoint: 7113900 ns, Total: 10436900 ns
[2020-10-07T09:43:51.715+0000][38832][gc,marking   ] GC(236) Concurrent Rebuild Remembered Sets
[2020-10-07T09:43:51.822+0000][38832][gc,marking   ] GC(236) Concurrent Rebuild Remembered Sets 107.511ms
[2020-10-07T09:43:51.823+0000][38832][gc,start     ] GC(236) Pause Cleanup
[2020-10-07T09:43:51.823+0000][38832][gc           ] GC(236) Pause Cleanup 543M->543M(1024M) 0.356ms
[2020-10-07T09:43:51.823+0000][38832][gc,cpu       ] GC(236) User=0.00s Sys=0.00s Real=0.00s
[2020-10-07T09:43:51.823+0000][38832][safepoint    ] Safepoint "G1Concurrent", Time since last: 107735700 ns, Reaching safepoint: 152700 ns, At safepoint: 603000 ns, Total: 755700 ns
[2020-10-07T09:43:51.823+0000][38832][gc,marking   ] GC(236) Concurrent Cleanup for Next Mark
[2020-10-07T09:43:51.825+0000][38832][gc,marking   ] GC(236) Concurrent Cleanup for Next Mark 1.892ms
[2020-10-07T09:43:51.826+0000][38832][gc           ] GC(236) Concurrent Cycle 302.245ms
[2020-10-07T09:43:51.846+0000][38832][gc,start     ] GC(237) Pause Young (Concurrent Start) (G1 Humongous Allocation)
[2020-10-07T09:43:51.846+0000][38832][gc,task      ] GC(237) Using 8 workers of 8 for evacuation
[2020-10-07T09:43:51.846+0000][38832][gc,age       ] GC(237) Desired survivor size 31981568 bytes, new threshold 15 (max threshold 15)
[2020-10-07T09:43:51.850+0000][38832][gc,age       ] GC(237) Age table with threshold 15 (max threshold 15)
[2020-10-07T09:43:51.850+0000][38832][gc,age       ] GC(237) - age   1:    2595888 bytes,    2595888 total
[2020-10-07T09:43:51.850+0000][38832][gc,age       ] GC(237) - age   2:       9000 bytes,    2604888 total
[2020-10-07T09:43:51.850+0000][38832][gc,age       ] GC(237) - age   3:       5936 bytes,    2610824 total
[2020-10-07T09:43:51.850+0000][38832][gc,age       ] GC(237) - age   4:      54032 bytes,    2664856 total
[2020-10-07T09:43:51.850+0000][38832][gc,age       ] GC(237) - age   5:       1200 bytes,    2666056 total
[2020-10-07T09:43:51.850+0000][38832][gc,age       ] GC(237) - age   6:       1344 bytes,    2667400 total
[2020-10-07T09:43:51.850+0000][38832][gc,age       ] GC(237) - age   7:        784 bytes,    2668184 total
[2020-10-07T09:43:51.850+0000][38832][gc,age       ] GC(237) - age   8:       9216 bytes,    2677400 total
[2020-10-07T09:43:51.850+0000][38832][gc,age       ] GC(237) - age   9:       2400 bytes,    2679800 total
[2020-10-07T09:43:51.850+0000][38832][gc,age       ] GC(237) - age  10:       3944 bytes,    2683744 total
[2020-10-07T09:43:51.851+0000][38832][gc,age       ] GC(237) - age  11:       2224 bytes,    2685968 total
[2020-10-07T09:43:51.851+0000][38832][gc,age       ] GC(237) - age  12:      63248 bytes,    2749216 total
[2020-10-07T09:43:51.851+0000][38832][gc,age       ] GC(237) - age  13:       1632 bytes,    2750848 total
[2020-10-07T09:43:51.851+0000][38832][gc,age       ] GC(237) - age  14:       1304 bytes,    2752152 total
[2020-10-07T09:43:51.851+0000][38832][gc,age       ] GC(237) - age  15:        392 bytes,    2752544 total
[2020-10-07T09:43:51.851+0000][38832][gc,phases    ] GC(237)   Pre Evacuate Collection Set: 0.4ms
[2020-10-07T09:43:51.851+0000][38832][gc,phases    ] GC(237)   Merge Heap Roots: 0.1ms
[2020-10-07T09:43:51.851+0000][38832][gc,phases    ] GC(237)   Evacuate Collection Set: 2.2ms
[2020-10-07T09:43:51.851+0000][38832][gc,phases    ] GC(237)   Post Evacuate Collection Set: 0.9ms
[2020-10-07T09:43:51.851+0000][38832][gc,phases    ] GC(237)   Other: 1.4ms
[2020-10-07T09:43:51.851+0000][38832][gc,heap      ] GC(237) Eden regions: 80->0(487)
[2020-10-07T09:43:51.852+0000][38832][gc,heap      ] GC(237) Survivor regions: 13->4(61)
[2020-10-07T09:43:51.852+0000][38832][gc,heap      ] GC(237) Old regions: 79->79
[2020-10-07T09:43:51.852+0000][38832][gc,heap      ] GC(237) Archive regions: 0->0
[2020-10-07T09:43:51.852+0000][38832][gc,heap      ] GC(237) Humongous regions: 378->174
[2020-10-07T09:43:51.852+0000][38832][gc,metaspace ] GC(237) Metaspace: 88045K(94080K)->88045K(94080K) NonClass: 76856K(80384K)->76856K(80384K) Class: 11188K(13696K)->11188K(13696K)
[2020-10-07T09:43:51.852+0000][38832][gc           ] GC(237) Pause Young (Concurrent Start) (G1 Humongous Allocation) 548M->255M(1024M) 5.477ms
[2020-10-07T09:43:51.852+0000][38832][gc,cpu       ] GC(237) User=0.09s Sys=0.00s Real=0.01s
[2020-10-07T09:43:51.852+0000][38832][safepoint    ] Safepoint "G1TryInitiateConcMark", Time since last: 22197500 ns, Reaching safepoint: 160700 ns, At safepoint: 5695500 ns, Total: 5856200 ns
[2020-10-07T09:43:51.852+0000][38832][gc           ] GC(238) Concurrent Cycle
[2020-10-07T09:43:51.852+0000][38832][gc,marking   ] GC(238) Concurrent Clear Claimed Marks
[2020-10-07T09:43:51.852+0000][38832][gc,marking   ] GC(238) Concurrent Clear Claimed Marks 0.395ms
[2020-10-07T09:43:51.852+0000][38832][gc,marking   ] GC(238) Concurrent Scan Root Regions
[2020-10-07T09:43:51.854+0000][38832][gc,marking   ] GC(238) Concurrent Scan Root Regions 2.353ms
[2020-10-07T09:43:51.855+0000][38832][gc,marking   ] GC(238) Concurrent Mark (107.060s)
[2020-10-07T09:43:51.855+0000][38832][gc,marking   ] GC(238) Concurrent Mark From Roots
[2020-10-07T09:43:51.855+0000][38832][gc,task      ] GC(238) Using 2 workers of 2 for marking
[2020-10-07T09:43:52.032+0000][38832][gc,marking   ] GC(238) Concurrent Mark From Roots 177.222ms
[2020-10-07T09:43:52.032+0000][38832][gc,marking   ] GC(238) Concurrent Preclean
[2020-10-07T09:43:52.033+0000][38832][gc,marking   ] GC(238) Concurrent Preclean 1.041ms
[2020-10-07T09:43:52.033+0000][38832][gc,marking   ] GC(238) Concurrent Mark (107.060s, 107.239s) 178.487ms
[2020-10-07T09:43:52.034+0000][38832][gc,start     ] GC(238) Pause Remark
[2020-10-07T09:43:52.041+0000][38832][gc           ] GC(238) Pause Remark 439M->439M(1024M) 6.811ms
[2020-10-07T09:43:52.041+0000][38832][gc,cpu       ] GC(238) User=0.13s Sys=0.00s Real=0.01s
[2020-10-07T09:43:52.041+0000][38832][safepoint    ] Safepoint "G1Concurrent", Time since last: 181688100 ns, Reaching safepoint: 181600 ns, At safepoint: 7096700 ns, Total: 7278300 ns
[2020-10-07T09:43:52.041+0000][38832][gc,marking   ] GC(238) Concurrent Rebuild Remembered Sets
[2020-10-07T09:43:52.146+0000][38832][gc,marking   ] GC(238) Concurrent Rebuild Remembered Sets 105.441ms
[2020-10-07T09:43:52.146+0000][38832][gc,start     ] GC(238) Pause Cleanup
[2020-10-07T09:43:52.147+0000][38832][gc           ] GC(238) Pause Cleanup 649M->649M(1024M) 0.425ms
[2020-10-07T09:43:52.147+0000][38832][gc,cpu       ] GC(238) User=0.03s Sys=0.02s Real=0.00s
[2020-10-07T09:43:52.147+0000][38832][safepoint    ] Safepoint "G1Concurrent", Time since last: 105769600 ns, Reaching safepoint: 209700 ns, At safepoint: 967500 ns, Total: 1177200 ns
[2020-10-07T09:43:52.147+0000][38832][gc,marking   ] GC(238) Concurrent Cleanup for Next Mark
[2020-10-07T09:43:52.149+0000][38832][gc,marking   ] GC(238) Concurrent Cleanup for Next Mark 1.863ms
[2020-10-07T09:43:52.149+0000][38832][gc           ] GC(238) Concurrent Cycle 298.087ms
[2020-10-07T09:43:52.151+0000][38832][gc,start     ] GC(239) Pause Young (Concurrent Start) (G1 Humongous Allocation)
[2020-10-07T09:43:52.151+0000][38832][gc,task      ] GC(239) Using 8 workers of 8 for evacuation
[2020-10-07T09:43:52.151+0000][38832][gc,age       ] GC(239) Desired survivor size 32505856 bytes, new threshold 15 (max threshold 15)
[2020-10-07T09:43:52.156+0000][38832][gc,age       ] GC(239) Age table with threshold 15 (max threshold 15)
[2020-10-07T09:43:52.156+0000][38832][gc,age       ] GC(239) - age   1:    6749392 bytes,    6749392 total
[2020-10-07T09:43:52.156+0000][38832][gc,age       ] GC(239) - age   2:      12392 bytes,    6761784 total
[2020-10-07T09:43:52.156+0000][38832][gc,age       ] GC(239) - age   3:       7480 bytes,    6769264 total
[2020-10-07T09:43:52.156+0000][38832][gc,age       ] GC(239) - age   4:       5608 bytes,    6774872 total
[2020-10-07T09:43:52.156+0000][38832][gc,age       ] GC(239) - age   5:      53264 bytes,    6828136 total
[2020-10-07T09:43:52.156+0000][38832][gc,age       ] GC(239) - age   6:       1168 bytes,    6829304 total
[2020-10-07T09:43:52.156+0000][38832][gc,age       ] GC(239) - age   7:       1088 bytes,    6830392 total
[2020-10-07T09:43:52.156+0000][38832][gc,age       ] GC(239) - age   8:        784 bytes,    6831176 total
[2020-10-07T09:43:52.156+0000][38832][gc,age       ] GC(239) - age   9:       9216 bytes,    6840392 total
[2020-10-07T09:43:52.156+0000][38832][gc,age       ] GC(239) - age  10:       2400 bytes,    6842792 total
[2020-10-07T09:43:52.156+0000][38832][gc,age       ] GC(239) - age  11:       3944 bytes,    6846736 total
[2020-10-07T09:43:52.156+0000][38832][gc,age       ] GC(239) - age  12:       2224 bytes,    6848960 total
[2020-10-07T09:43:52.156+0000][38832][gc,age       ] GC(239) - age  13:      63248 bytes,    6912208 total
[2020-10-07T09:43:52.157+0000][38832][gc,age       ] GC(239) - age  14:       1568 bytes,    6913776 total
[2020-10-07T09:43:52.157+0000][38832][gc,age       ] GC(239) - age  15:       1304 bytes,    6915080 total
[2020-10-07T09:43:52.157+0000][38832][gc,phases    ] GC(239)   Pre Evacuate Collection Set: 0.5ms
[2020-10-07T09:43:52.157+0000][38832][gc,phases    ] GC(239)   Merge Heap Roots: 0.1ms
[2020-10-07T09:43:52.157+0000][38832][gc,phases    ] GC(239)   Evacuate Collection Set: 2.7ms
[2020-10-07T09:43:52.157+0000][38832][gc,phases    ] GC(239)   Post Evacuate Collection Set: 1.2ms
[2020-10-07T09:43:52.157+0000][38832][gc,phases    ] GC(239)   Other: 1.3ms
[2020-10-07T09:43:52.157+0000][38832][gc,heap      ] GC(239) Eden regions: 96->0(484)
[2020-10-07T09:43:52.157+0000][38832][gc,heap      ] GC(239) Survivor regions: 4->8(62)
[2020-10-07T09:43:52.157+0000][38832][gc,heap      ] GC(239) Old regions: 79->79
[2020-10-07T09:43:52.157+0000][38832][gc,heap      ] GC(239) Archive regions: 0->0
[2020-10-07T09:43:52.157+0000][38832][gc,heap      ] GC(239) Humongous regions: 477->174
[2020-10-07T09:43:52.157+0000][38832][gc,metaspace ] GC(239) Metaspace: 88046K(94080K)->88046K(94080K) NonClass: 76857K(80384K)->76857K(80384K) Class: 11188K(13696K)->11188K(13696K)
[2020-10-07T09:43:52.157+0000][38832][gc           ] GC(239) Pause Young (Concurrent Start) (G1 Humongous Allocation) 654M->259M(1024M) 6.470ms
[2020-10-07T09:43:52.157+0000][38832][gc,cpu       ] GC(239) User=0.00s Sys=0.00s Real=0.01s
[2020-10-07T09:43:52.157+0000][38832][gc           ] GC(240) Concurrent Cycle
[2020-10-07T09:43:52.158+0000][38832][gc,marking   ] GC(240) Concurrent Clear Claimed Marks
[2020-10-07T09:43:52.158+0000][38832][safepoint    ] Safepoint "G1TryInitiateConcMark", Time since last: 3282500 ns, Reaching safepoint: 231100 ns, At safepoint: 6880600 ns, Total: 7111700 ns
[2020-10-07T09:43:52.158+0000][38832][gc,marking   ] GC(240) Concurrent Clear Claimed Marks 0.414ms
[2020-10-07T09:43:52.158+0000][38832][gc,marking   ] GC(240) Concurrent Scan Root Regions
[2020-10-07T09:43:52.161+0000][38832][gc,marking   ] GC(240) Concurrent Scan Root Regions 2.807ms
[2020-10-07T09:43:52.161+0000][38832][gc,marking   ] GC(240) Concurrent Mark (107.367s)
[2020-10-07T09:43:52.161+0000][38832][gc,marking   ] GC(240) Concurrent Mark From Roots
[2020-10-07T09:43:52.161+0000][38832][gc,task      ] GC(240) Using 2 workers of 2 for marking
[2020-10-07T09:43:52.346+0000][38832][gc,marking   ] GC(240) Concurrent Mark From Roots 184.305ms
[2020-10-07T09:43:52.346+0000][38832][gc,marking   ] GC(240) Concurrent Preclean
[2020-10-07T09:43:52.347+0000][38832][gc,marking   ] GC(240) Concurrent Preclean 1.137ms
[2020-10-07T09:43:52.347+0000][38832][gc,marking   ] GC(240) Concurrent Mark (107.367s, 107.553s) 185.728ms
[2020-10-07T09:43:52.347+0000][38832][gc,start     ] GC(240) Pause Remark
[2020-10-07T09:43:52.354+0000][38832][gc           ] GC(240) Pause Remark 478M->478M(1024M) 6.740ms
[2020-10-07T09:43:52.354+0000][38832][gc,cpu       ] GC(240) User=0.11s Sys=0.00s Real=0.01s
[2020-10-07T09:43:52.354+0000][38832][safepoint    ] Safepoint "G1Concurrent", Time since last: 189120200 ns, Reaching safepoint: 182800 ns, At safepoint: 7072500 ns, Total: 7255300 ns
[2020-10-07T09:43:52.355+0000][38832][gc,marking   ] GC(240) Concurrent Rebuild Remembered Sets
[2020-10-07T09:43:52.459+0000][38832][gc,marking   ] GC(240) Concurrent Rebuild Remembered Sets 104.752ms
[2020-10-07T09:43:52.460+0000][38832][gc,start     ] GC(240) Pause Cleanup
[2020-10-07T09:43:52.460+0000][38832][gc           ] GC(240) Pause Cleanup 549M->549M(1024M) 0.376ms
[2020-10-07T09:43:52.460+0000][38832][gc,cpu       ] GC(240) User=0.00s Sys=0.00s Real=0.00s
[2020-10-07T09:43:52.460+0000][38832][safepoint    ] Safepoint "G1Concurrent", Time since last: 104990500 ns, Reaching safepoint: 170600 ns, At safepoint: 592600 ns, Total: 763200 ns
[2020-10-07T09:43:52.460+0000][38832][gc,marking   ] GC(240) Concurrent Cleanup for Next Mark
[2020-10-07T09:43:52.462+0000][38832][gc,marking   ] GC(240) Concurrent Cleanup for Next Mark 2.023ms
[2020-10-07T09:43:52.463+0000][38832][gc           ] GC(240) Concurrent Cycle 304.594ms
[2020-10-07T09:43:52.474+0000][38832][gc,start     ] GC(241) Pause Young (Concurrent Start) (G1 Humongous Allocation)
[2020-10-07T09:43:52.474+0000][38832][gc,task      ] GC(241) Using 8 workers of 8 for evacuation
[2020-10-07T09:43:52.474+0000][38832][gc,age       ] GC(241) Desired survivor size 32505856 bytes, new threshold 15 (max threshold 15)
[2020-10-07T09:43:52.479+0000][38832][gc,age       ] GC(241) Age table with threshold 15 (max threshold 15)
[2020-10-07T09:43:52.479+0000][38832][gc,age       ] GC(241) - age   1:    3907864 bytes,    3907864 total
[2020-10-07T09:43:52.479+0000][38832][gc,age       ] GC(241) - age   2:       6296 bytes,    3914160 total
[2020-10-07T09:43:52.479+0000][38832][gc,age       ] GC(241) - age   3:       2992 bytes,    3917152 total
[2020-10-07T09:43:52.479+0000][38832][gc,age       ] GC(241) - age   4:       6856 bytes,    3924008 total
[2020-10-07T09:43:52.479+0000][38832][gc,age       ] GC(241) - age   5:       5320 bytes,    3929328 total
[2020-10-07T09:43:52.479+0000][38832][gc,age       ] GC(241) - age   6:      53040 bytes,    3982368 total
[2020-10-07T09:43:52.479+0000][38832][gc,age       ] GC(241) - age   7:        944 bytes,    3983312 total
[2020-10-07T09:43:52.479+0000][38832][gc,age       ] GC(241) - age   8:        896 bytes,    3984208 total
[2020-10-07T09:43:52.479+0000][38832][gc,age       ] GC(241) - age   9:        784 bytes,    3984992 total
[2020-10-07T09:43:52.479+0000][38832][gc,age       ] GC(241) - age  10:       9216 bytes,    3994208 total
[2020-10-07T09:43:52.479+0000][38832][gc,age       ] GC(241) - age  11:       2312 bytes,    3996520 total
[2020-10-07T09:43:52.479+0000][38832][gc,age       ] GC(241) - age  12:       3944 bytes,    4000464 total
[2020-10-07T09:43:52.479+0000][38832][gc,age       ] GC(241) - age  13:       2224 bytes,    4002688 total
[2020-10-07T09:43:52.479+0000][38832][gc,age       ] GC(241) - age  14:      63248 bytes,    4065936 total
[2020-10-07T09:43:52.480+0000][38832][gc,age       ] GC(241) - age  15:       1568 bytes,    4067504 total
[2020-10-07T09:43:52.480+0000][38832][gc,phases    ] GC(241)   Pre Evacuate Collection Set: 0.4ms
[2020-10-07T09:43:52.480+0000][38832][gc,phases    ] GC(241)   Merge Heap Roots: 0.1ms
[2020-10-07T09:43:52.480+0000][38832][gc,phases    ] GC(241)   Evacuate Collection Set: 2.8ms
[2020-10-07T09:43:52.480+0000][38832][gc,phases    ] GC(241)   Post Evacuate Collection Set: 1.1ms
[2020-10-07T09:43:52.480+0000][38832][gc,phases    ] GC(241)   Other: 1.2ms
[2020-10-07T09:43:52.480+0000][38832][gc,heap      ] GC(241) Eden regions: 97->0(489)
[2020-10-07T09:43:52.480+0000][38832][gc,heap      ] GC(241) Survivor regions: 8->5(62)
[2020-10-07T09:43:52.480+0000][38832][gc,heap      ] GC(241) Old regions: 79->79
[2020-10-07T09:43:52.480+0000][38832][gc,heap      ] GC(241) Archive regions: 0->0
[2020-10-07T09:43:52.480+0000][38832][gc,heap      ] GC(241) Humongous regions: 373->174
[2020-10-07T09:43:52.480+0000][38832][gc,metaspace ] GC(241) Metaspace: 88046K(94080K)->88046K(94080K) NonClass: 76857K(80384K)->76857K(80384K) Class: 11188K(13696K)->11188K(13696K)
[2020-10-07T09:43:52.480+0000][38832][gc           ] GC(241) Pause Young (Concurrent Start) (G1 Humongous Allocation) 554M->256M(1024M) 6.201ms
[2020-10-07T09:43:52.480+0000][38832][gc,cpu       ] GC(241) User=0.02s Sys=0.00s Real=0.01s
[2020-10-07T09:43:52.480+0000][38832][gc           ] GC(242) Concurrent Cycle
[2020-10-07T09:43:52.480+0000][38832][safepoint    ] Safepoint "G1TryInitiateConcMark", Time since last: 13623800 ns, Reaching safepoint: 162100 ns, At safepoint: 6422800 ns, Total: 6584900 ns
[2020-10-07T09:43:52.480+0000][38832][gc,marking   ] GC(242) Concurrent Clear Claimed Marks
[2020-10-07T09:43:52.481+0000][38832][gc,marking   ] GC(242) Concurrent Clear Claimed Marks 0.604ms
[2020-10-07T09:43:52.481+0000][38832][gc,marking   ] GC(242) Concurrent Scan Root Regions
[2020-10-07T09:43:52.484+0000][38832][gc,marking   ] GC(242) Concurrent Scan Root Regions 3.194ms
[2020-10-07T09:43:52.485+0000][38832][gc,marking   ] GC(242) Concurrent Mark (107.690s)
[2020-10-07T09:43:52.485+0000][38832][gc,marking   ] GC(242) Concurrent Mark From Roots
[2020-10-07T09:43:52.485+0000][38832][gc,task      ] GC(242) Using 2 workers of 2 for marking
[2020-10-07T09:43:52.643+0000][38832][gc,marking   ] GC(242) Concurrent Mark From Roots 158.150ms
[2020-10-07T09:43:52.643+0000][38832][gc,marking   ] GC(242) Concurrent Preclean
[2020-10-07T09:43:52.644+0000][38832][gc,marking   ] GC(242) Concurrent Preclean 0.974ms
[2020-10-07T09:43:52.644+0000][38832][gc,marking   ] GC(242) Concurrent Mark (107.690s, 107.850s) 159.345ms
[2020-10-07T09:43:52.644+0000][38832][gc,start     ] GC(242) Pause Remark
[2020-10-07T09:43:52.651+0000][38832][gc           ] GC(242) Pause Remark 460M->460M(1024M) 6.677ms
[2020-10-07T09:43:52.651+0000][38832][gc,cpu       ] GC(242) User=0.11s Sys=0.00s Real=0.01s
[2020-10-07T09:43:52.651+0000][38832][safepoint    ] Safepoint "G1Concurrent", Time since last: 163625900 ns, Reaching safepoint: 193900 ns, At safepoint: 7213000 ns, Total: 7406900 ns
[2020-10-07T09:43:52.652+0000][38832][gc,marking   ] GC(242) Concurrent Rebuild Remembered Sets
[2020-10-07T09:43:52.745+0000][38832][gc,marking   ] GC(242) Concurrent Rebuild Remembered Sets 93.744ms
[2020-10-07T09:43:52.746+0000][38832][gc,start     ] GC(242) Pause Cleanup
[2020-10-07T09:43:52.746+0000][38832][gc           ] GC(242) Pause Cleanup 472M->472M(1024M) 0.380ms
[2020-10-07T09:43:52.746+0000][38832][gc,cpu       ] GC(242) User=0.00s Sys=0.00s Real=0.00s
[2020-10-07T09:43:52.746+0000][38832][safepoint    ] Safepoint "G1Concurrent", Time since last: 93984700 ns, Reaching safepoint: 833500 ns, At safepoint: 611300 ns, Total: 1444800 ns
[2020-10-07T09:43:52.746+0000][38832][gc,marking   ] GC(242) Concurrent Cleanup for Next Mark
[2020-10-07T09:43:52.748+0000][38832][gc,marking   ] GC(242) Concurrent Cleanup for Next Mark 1.810ms
[2020-10-07T09:43:52.748+0000][38832][gc           ] GC(242) Concurrent Cycle 268.491ms
[2020-10-07T09:43:52.769+0000][38832][gc,start     ] GC(243) Pause Young (Concurrent Start) (G1 Humongous Allocation)
[2020-10-07T09:43:52.769+0000][38832][gc,task      ] GC(243) Using 8 workers of 8 for evacuation
[2020-10-07T09:43:52.769+0000][38832][gc,age       ] GC(243) Desired survivor size 32505856 bytes, new threshold 15 (max threshold 15)
[2020-10-07T09:43:52.773+0000][38832][gc,age       ] GC(243) Age table with threshold 15 (max threshold 15)
[2020-10-07T09:43:52.774+0000][38832][gc,age       ] GC(243) - age   1:    2666848 bytes,    2666848 total
[2020-10-07T09:43:52.774+0000][38832][gc,age       ] GC(243) - age   2:       3920 bytes,    2670768 total
[2020-10-07T09:43:52.774+0000][38832][gc,age       ] GC(243) - age   3:       3168 bytes,    2673936 total
[2020-10-07T09:43:52.774+0000][38832][gc,age       ] GC(243) - age   4:       1440 bytes,    2675376 total
[2020-10-07T09:43:52.774+0000][38832][gc,age       ] GC(243) - age   5:       6472 bytes,    2681848 total
[2020-10-07T09:43:52.774+0000][38832][gc,age       ] GC(243) - age   6:       5160 bytes,    2687008 total
[2020-10-07T09:43:52.774+0000][38832][gc,age       ] GC(243) - age   7:      52944 bytes,    2739952 total
[2020-10-07T09:43:52.774+0000][38832][gc,age       ] GC(243) - age   8:        848 bytes,    2740800 total
[2020-10-07T09:43:52.774+0000][38832][gc,age       ] GC(243) - age   9:        768 bytes,    2741568 total
[2020-10-07T09:43:52.774+0000][38832][gc,age       ] GC(243) - age  10:        784 bytes,    2742352 total
[2020-10-07T09:43:52.774+0000][38832][gc,age       ] GC(243) - age  11:       9216 bytes,    2751568 total
[2020-10-07T09:43:52.774+0000][38832][gc,age       ] GC(243) - age  12:       2312 bytes,    2753880 total
[2020-10-07T09:43:52.774+0000][38832][gc,age       ] GC(243) - age  13:       3944 bytes,    2757824 total
[2020-10-07T09:43:52.774+0000][38832][gc,age       ] GC(243) - age  14:       2224 bytes,    2760048 total
[2020-10-07T09:43:52.774+0000][38832][gc,age       ] GC(243) - age  15:      63216 bytes,    2823264 total
[2020-10-07T09:43:52.774+0000][38832][gc,phases    ] GC(243)   Pre Evacuate Collection Set: 0.6ms
[2020-10-07T09:43:52.774+0000][38832][gc,phases    ] GC(243)   Merge Heap Roots: 0.1ms
[2020-10-07T09:43:52.774+0000][38832][gc,phases    ] GC(243)   Evacuate Collection Set: 2.2ms
[2020-10-07T09:43:52.774+0000][38832][gc,phases    ] GC(243)   Post Evacuate Collection Set: 0.8ms
[2020-10-07T09:43:52.775+0000][38832][gc,phases    ] GC(243)   Other: 1.3ms
[2020-10-07T09:43:52.775+0000][38832][gc,heap      ] GC(243) Eden regions: 69->0(493)
[2020-10-07T09:43:52.775+0000][38832][gc,heap      ] GC(243) Survivor regions: 5->4(62)
[2020-10-07T09:43:52.775+0000][38832][gc,heap      ] GC(243) Old regions: 79->79
[2020-10-07T09:43:52.775+0000][38832][gc,heap      ] GC(243) Archive regions: 0->0
[2020-10-07T09:43:52.775+0000][38832][gc,heap      ] GC(243) Humongous regions: 326->174
[2020-10-07T09:43:52.775+0000][38832][gc,metaspace ] GC(243) Metaspace: 88080K(94080K)->88080K(94080K) NonClass: 76891K(80384K)->76891K(80384K) Class: 11188K(13696K)->11188K(13696K)
[2020-10-07T09:43:52.775+0000][38832][gc           ] GC(243) Pause Young (Concurrent Start) (G1 Humongous Allocation) 477M->255M(1024M) 5.855ms
[2020-10-07T09:43:52.775+0000][38832][gc,cpu       ] GC(243) User=0.08s Sys=0.02s Real=0.01s
[2020-10-07T09:43:52.775+0000][38832][gc           ] GC(244) Concurrent Cycle
[2020-10-07T09:43:52.775+0000][38832][safepoint    ] Safepoint "G1TryInitiateConcMark", Time since last: 22583800 ns, Reaching safepoint: 194100 ns, At safepoint: 6135400 ns, Total: 6329500 ns
[2020-10-07T09:43:52.775+0000][38832][gc,marking   ] GC(244) Concurrent Clear Claimed Marks
[2020-10-07T09:43:52.776+0000][38832][gc,marking   ] GC(244) Concurrent Clear Claimed Marks 0.617ms
[2020-10-07T09:43:52.776+0000][38832][gc,marking   ] GC(244) Concurrent Scan Root Regions
[2020-10-07T09:43:52.779+0000][38832][gc,marking   ] GC(244) Concurrent Scan Root Regions 2.757ms
[2020-10-07T09:43:52.779+0000][38832][gc,marking   ] GC(244) Concurrent Mark (107.985s)
[2020-10-07T09:43:52.779+0000][38832][gc,marking   ] GC(244) Concurrent Mark From Roots
[2020-10-07T09:43:52.779+0000][38832][gc,task      ] GC(244) Using 2 workers of 2 for marking
[2020-10-07T09:43:52.961+0000][38832][gc,marking   ] GC(244) Concurrent Mark From Roots 181.612ms
[2020-10-07T09:43:52.961+0000][38832][gc,marking   ] GC(244) Concurrent Preclean
[2020-10-07T09:43:52.963+0000][38832][gc,marking   ] GC(244) Concurrent Preclean 1.143ms
[2020-10-07T09:43:52.963+0000][38832][gc,marking   ] GC(244) Concurrent Mark (107.985s, 108.168s) 183.038ms
[2020-10-07T09:43:52.963+0000][38832][gc,start     ] GC(244) Pause Remark
[2020-10-07T09:43:52.970+0000][38832][gc           ] GC(244) Pause Remark 460M->460M(1024M) 7.075ms
[2020-10-07T09:43:52.970+0000][38832][gc,cpu       ] GC(244) User=0.00s Sys=0.00s Real=0.01s
[2020-10-07T09:43:52.970+0000][38832][safepoint    ] Safepoint "G1Concurrent", Time since last: 186906000 ns, Reaching safepoint: 216300 ns, At safepoint: 7497200 ns, Total: 7713500 ns
[2020-10-07T09:43:52.970+0000][38832][gc,marking   ] GC(244) Concurrent Rebuild Remembered Sets
[2020-10-07T09:43:53.073+0000][38832][gc,marking   ] GC(244) Concurrent Rebuild Remembered Sets 102.580ms
[2020-10-07T09:43:53.073+0000][38832][gc,start     ] GC(244) Pause Cleanup
[2020-10-07T09:43:53.074+0000][38832][gc           ] GC(244) Pause Cleanup 726M->726M(1024M) 0.371ms
[2020-10-07T09:43:53.074+0000][38832][gc,cpu       ] GC(244) User=0.00s Sys=0.00s Real=0.00s
[2020-10-07T09:43:53.074+0000][38832][safepoint    ] Safepoint "G1Concurrent", Time since last: 102805100 ns, Reaching safepoint: 169000 ns, At safepoint: 578400 ns, Total: 747400 ns
[2020-10-07T09:43:53.074+0000][38832][gc,marking   ] GC(244) Concurrent Cleanup for Next Mark
[2020-10-07T09:43:53.076+0000][38832][gc,marking   ] GC(244) Concurrent Cleanup for Next Mark 1.727ms
[2020-10-07T09:43:53.076+0000][38832][gc           ] GC(244) Concurrent Cycle 300.105ms
[2020-10-07T09:43:53.111+0000][38832][gc,start     ] GC(245) Pause Young (Concurrent Start) (G1 Humongous Allocation)
[2020-10-07T09:43:53.111+0000][38832][gc,task      ] GC(245) Using 8 workers of 8 for evacuation
[2020-10-07T09:43:53.111+0000][38832][gc,age       ] GC(245) Desired survivor size 33030144 bytes, new threshold 15 (max threshold 15)
[2020-10-07T09:43:53.116+0000][38832][gc,age       ] GC(245) Age table with threshold 15 (max threshold 15)
[2020-10-07T09:43:53.116+0000][38832][gc,age       ] GC(245) - age   1:    3904320 bytes,    3904320 total
[2020-10-07T09:43:53.116+0000][38832][gc,age       ] GC(245) - age   2:      65264 bytes,    3969584 total
[2020-10-07T09:43:53.116+0000][38832][gc,age       ] GC(245) - age   3:       2320 bytes,    3971904 total
[2020-10-07T09:43:53.116+0000][38832][gc,age       ] GC(245) - age   4:       2424 bytes,    3974328 total
[2020-10-07T09:43:53.116+0000][38832][gc,age       ] GC(245) - age   5:       1376 bytes,    3975704 total
[2020-10-07T09:43:53.116+0000][38832][gc,age       ] GC(245) - age   6:       6408 bytes,    3982112 total
[2020-10-07T09:43:53.116+0000][38832][gc,age       ] GC(245) - age   7:       5160 bytes,    3987272 total
[2020-10-07T09:43:53.116+0000][38832][gc,age       ] GC(245) - age   8:      52944 bytes,    4040216 total
[2020-10-07T09:43:53.116+0000][38832][gc,age       ] GC(245) - age   9:        848 bytes,    4041064 total
[2020-10-07T09:43:53.116+0000][38832][gc,age       ] GC(245) - age  10:        672 bytes,    4041736 total
[2020-10-07T09:43:53.116+0000][38832][gc,age       ] GC(245) - age  11:        752 bytes,    4042488 total
[2020-10-07T09:43:53.116+0000][38832][gc,age       ] GC(245) - age  12:       9120 bytes,    4051608 total
[2020-10-07T09:43:53.116+0000][38832][gc,age       ] GC(245) - age  13:       2184 bytes,    4053792 total
[2020-10-07T09:43:53.116+0000][38832][gc,age       ] GC(245) - age  14:       3944 bytes,    4057736 total
[2020-10-07T09:43:53.116+0000][38832][gc,age       ] GC(245) - age  15:       2064 bytes,    4059800 total
[2020-10-07T09:43:53.116+0000][38832][gc,phases    ] GC(245)   Pre Evacuate Collection Set: 0.4ms
[2020-10-07T09:43:53.116+0000][38832][gc,phases    ] GC(245)   Merge Heap Roots: 0.1ms
[2020-10-07T09:43:53.116+0000][38832][gc,phases    ] GC(245)   Evacuate Collection Set: 2.4ms
[2020-10-07T09:43:53.117+0000][38832][gc,phases    ] GC(245)   Post Evacuate Collection Set: 1.2ms
[2020-10-07T09:43:53.117+0000][38832][gc,phases    ] GC(245)   Other: 1.2ms
[2020-10-07T09:43:53.117+0000][38832][gc,heap      ] GC(245) Eden regions: 132->0(494)
[2020-10-07T09:43:53.117+0000][38832][gc,heap      ] GC(245) Survivor regions: 4->5(63)
[2020-10-07T09:43:53.117+0000][38832][gc,heap      ] GC(245) Old regions: 79->79
[2020-10-07T09:43:53.117+0000][38832][gc,heap      ] GC(245) Archive regions: 0->0
[2020-10-07T09:43:53.117+0000][38832][gc,heap      ] GC(245) Humongous regions: 526->174
[2020-10-07T09:43:53.117+0000][38832][gc,metaspace ] GC(245) Metaspace: 88081K(94080K)->88081K(94080K) NonClass: 76893K(80384K)->76893K(80384K) Class: 11188K(13696K)->11188K(13696K)
[2020-10-07T09:43:53.117+0000][38832][gc           ] GC(245) Pause Young (Concurrent Start) (G1 Humongous Allocation) 738M->256M(1024M) 5.841ms
[2020-10-07T09:43:53.117+0000][38832][gc,cpu       ] GC(245) User=0.02s Sys=0.00s Real=0.01s
[2020-10-07T09:43:53.117+0000][38832][gc           ] GC(246) Concurrent Cycle
[2020-10-07T09:43:53.117+0000][38832][safepoint    ] Safepoint "G1TryInitiateConcMark", Time since last: 37213600 ns, Reaching safepoint: 152900 ns, At safepoint: 6069600 ns, Total: 6222500 ns
[2020-10-07T09:43:53.117+0000][38832][gc,marking   ] GC(246) Concurrent Clear Claimed Marks
[2020-10-07T09:43:53.118+0000][38832][gc,marking   ] GC(246) Concurrent Clear Claimed Marks 0.507ms
[2020-10-07T09:43:53.118+0000][38832][gc,marking   ] GC(246) Concurrent Scan Root Regions
[2020-10-07T09:43:53.121+0000][38832][gc,marking   ] GC(246) Concurrent Scan Root Regions 2.873ms
[2020-10-07T09:43:53.121+0000][38832][gc,marking   ] GC(246) Concurrent Mark (108.327s)
[2020-10-07T09:43:53.121+0000][38832][gc,marking   ] GC(246) Concurrent Mark From Roots
[2020-10-07T09:43:53.121+0000][38832][gc,task      ] GC(246) Using 2 workers of 2 for marking
[2020-10-07T09:43:53.304+0000][38832][gc,marking   ] GC(246) Concurrent Mark From Roots 183.276ms
[2020-10-07T09:43:53.304+0000][38832][gc,marking   ] GC(246) Concurrent Preclean
[2020-10-07T09:43:53.305+0000][38832][gc,marking   ] GC(246) Concurrent Preclean 0.956ms
[2020-10-07T09:43:53.305+0000][38832][gc,marking   ] GC(246) Concurrent Mark (108.327s, 108.511s) 184.431ms
[2020-10-07T09:43:53.306+0000][38832][gc,start     ] GC(246) Pause Remark
[2020-10-07T09:43:53.313+0000][38832][gc           ] GC(246) Pause Remark 460M->460M(1024M) 7.006ms
[2020-10-07T09:43:53.313+0000][38832][gc,cpu       ] GC(246) User=0.00s Sys=0.00s Real=0.01s
[2020-10-07T09:43:53.313+0000][38832][safepoint    ] Safepoint "G1Concurrent", Time since last: 188203100 ns, Reaching safepoint: 188100 ns, At safepoint: 7532000 ns, Total: 7720100 ns
[2020-10-07T09:43:53.313+0000][38832][gc,marking   ] GC(246) Concurrent Rebuild Remembered Sets
[2020-10-07T09:43:53.413+0000][38832][gc,marking   ] GC(246) Concurrent Rebuild Remembered Sets 99.951ms
[2020-10-07T09:43:53.414+0000][38832][gc,start     ] GC(246) Pause Cleanup
[2020-10-07T09:43:53.414+0000][38832][gc           ] GC(246) Pause Cleanup 537M->537M(1024M) 0.430ms
[2020-10-07T09:43:53.414+0000][38832][gc,cpu       ] GC(246) User=0.00s Sys=0.00s Real=0.00s
[2020-10-07T09:43:53.415+0000][38832][safepoint    ] Safepoint "G1Concurrent", Time since last: 100200400 ns, Reaching safepoint: 358000 ns, At safepoint: 1188200 ns, Total: 1546200 ns
[2020-10-07T09:43:53.415+0000][38832][gc,marking   ] GC(246) Concurrent Cleanup for Next Mark
[2020-10-07T09:43:53.417+0000][38832][gc,marking   ] GC(246) Concurrent Cleanup for Next Mark 1.911ms
[2020-10-07T09:43:53.417+0000][38832][gc           ] GC(246) Concurrent Cycle 299.904ms
[2020-10-07T09:43:53.427+0000][38832][gc,start     ] GC(247) Pause Young (Concurrent Start) (G1 Humongous Allocation)
[2020-10-07T09:43:53.427+0000][38832][gc,task      ] GC(247) Using 8 workers of 8 for evacuation
[2020-10-07T09:43:53.427+0000][38832][gc,age       ] GC(247) Desired survivor size 33030144 bytes, new threshold 15 (max threshold 15)
[2020-10-07T09:43:53.431+0000][38832][gc,age       ] GC(247) Age table with threshold 15 (max threshold 15)
[2020-10-07T09:43:53.432+0000][38832][gc,age       ] GC(247) - age   1:    3593896 bytes,    3593896 total
[2020-10-07T09:43:53.432+0000][38832][gc,age       ] GC(247) - age   2:     203656 bytes,    3797552 total
[2020-10-07T09:43:53.432+0000][38832][gc,age       ] GC(247) - age   3:      64848 bytes,    3862400 total
[2020-10-07T09:43:53.432+0000][38832][gc,age       ] GC(247) - age   4:       1360 bytes,    3863760 total
[2020-10-07T09:43:53.432+0000][38832][gc,age       ] GC(247) - age   5:       2392 bytes,    3866152 total
[2020-10-07T09:43:53.432+0000][38832][gc,age       ] GC(247) - age   6:       1376 bytes,    3867528 total
[2020-10-07T09:43:53.432+0000][38832][gc,age       ] GC(247) - age   7:       6376 bytes,    3873904 total
[2020-10-07T09:43:53.432+0000][38832][gc,age       ] GC(247) - age   8:       5096 bytes,    3879000 total
[2020-10-07T09:43:53.432+0000][38832][gc,age       ] GC(247) - age   9:      52944 bytes,    3931944 total
[2020-10-07T09:43:53.432+0000][38832][gc,age       ] GC(247) - age  10:        784 bytes,    3932728 total
[2020-10-07T09:43:53.432+0000][38832][gc,age       ] GC(247) - age  11:        608 bytes,    3933336 total
[2020-10-07T09:43:53.432+0000][38832][gc,age       ] GC(247) - age  12:        752 bytes,    3934088 total
[2020-10-07T09:43:53.432+0000][38832][gc,age       ] GC(247) - age  13:       9120 bytes,    3943208 total
[2020-10-07T09:43:53.432+0000][38832][gc,age       ] GC(247) - age  14:       2056 bytes,    3945264 total
[2020-10-07T09:43:53.432+0000][38832][gc,age       ] GC(247) - age  15:       3912 bytes,    3949176 total
[2020-10-07T09:43:53.432+0000][38832][gc,phases    ] GC(247)   Pre Evacuate Collection Set: 0.7ms
[2020-10-07T09:43:53.432+0000][38832][gc,phases    ] GC(247)   Merge Heap Roots: 0.1ms
[2020-10-07T09:43:53.432+0000][38832][gc,phases    ] GC(247)   Evacuate Collection Set: 2.4ms
[2020-10-07T09:43:53.432+0000][38832][gc,phases    ] GC(247)   Post Evacuate Collection Set: 1.1ms
[2020-10-07T09:43:53.433+0000][38832][gc,phases    ] GC(247)   Other: 1.4ms
[2020-10-07T09:43:53.433+0000][38832][gc,heap      ] GC(247) Eden regions: 78->0(496)
[2020-10-07T09:43:53.433+0000][38832][gc,heap      ] GC(247) Survivor regions: 5->4(63)
[2020-10-07T09:43:53.433+0000][38832][gc,heap      ] GC(247) Old regions: 79->79
[2020-10-07T09:43:53.433+0000][38832][gc,heap      ] GC(247) Archive regions: 0->0
[2020-10-07T09:43:53.433+0000][38832][gc,heap      ] GC(247) Humongous regions: 382->174
[2020-10-07T09:43:53.433+0000][38832][gc,metaspace ] GC(247) Metaspace: 88081K(94080K)->88081K(94080K) NonClass: 76893K(80384K)->76893K(80384K) Class: 11188K(13696K)->11188K(13696K)
[2020-10-07T09:43:53.433+0000][38832][gc           ] GC(247) Pause Young (Concurrent Start) (G1 Humongous Allocation) 542M->256M(1024M) 6.236ms
[2020-10-07T09:43:53.433+0000][38832][gc,cpu       ] GC(247) User=0.02s Sys=0.00s Real=0.01s
[2020-10-07T09:43:53.433+0000][38832][gc           ] GC(248) Concurrent Cycle
[2020-10-07T09:43:53.433+0000][38832][gc,marking   ] GC(248) Concurrent Clear Claimed Marks
[2020-10-07T09:43:53.433+0000][38832][gc,marking   ] GC(248) Concurrent Clear Claimed Marks 0.330ms
[2020-10-07T09:43:53.434+0000][38832][gc,marking   ] GC(248) Concurrent Scan Root Regions
[2020-10-07T09:43:53.434+0000][38832][safepoint    ] Safepoint "G1TryInitiateConcMark", Time since last: 11627600 ns, Reaching safepoint: 205900 ns, At safepoint: 6955800 ns, Total: 7161700 ns
[2020-10-07T09:43:53.435+0000][38832][gc,marking   ] GC(248) Concurrent Scan Root Regions 1.900ms
[2020-10-07T09:43:53.436+0000][38832][gc,marking   ] GC(248) Concurrent Mark (108.642s)
[2020-10-07T09:43:53.436+0000][38832][gc,marking   ] GC(248) Concurrent Mark From Roots
[2020-10-07T09:43:53.436+0000][38832][gc,task      ] GC(248) Using 2 workers of 2 for marking
[2020-10-07T09:43:53.614+0000][38832][gc,marking   ] GC(248) Concurrent Mark From Roots 177.908ms
[2020-10-07T09:43:53.614+0000][38832][gc,marking   ] GC(248) Concurrent Preclean
[2020-10-07T09:43:53.615+0000][38832][gc,marking   ] GC(248) Concurrent Preclean 0.910ms
[2020-10-07T09:43:53.615+0000][38832][gc,marking   ] GC(248) Concurrent Mark (108.642s, 108.821s) 179.143ms
[2020-10-07T09:43:53.615+0000][38832][gc,start     ] GC(248) Pause Remark
[2020-10-07T09:43:53.622+0000][38832][gc           ] GC(248) Pause Remark 331M->331M(1024M) 6.582ms
[2020-10-07T09:43:53.622+0000][38832][gc,cpu       ] GC(248) User=0.02s Sys=0.00s Real=0.01s
[2020-10-07T09:43:53.625+0000][38832][safepoint    ] Safepoint "G1Concurrent", Time since last: 181305300 ns, Reaching safepoint: 517200 ns, At safepoint: 9227100 ns, Total: 9744300 ns
[2020-10-07T09:43:53.625+0000][38832][gc,marking   ] GC(248) Concurrent Rebuild Remembered Sets
[2020-10-07T09:43:53.732+0000][38832][gc,marking   ] GC(248) Concurrent Rebuild Remembered Sets 107.262ms
[2020-10-07T09:43:53.733+0000][38832][gc,start     ] GC(248) Pause Cleanup
[2020-10-07T09:43:53.733+0000][38832][gc           ] GC(248) Pause Cleanup 656M->656M(1024M) 0.367ms
[2020-10-07T09:43:53.733+0000][38832][gc,cpu       ] GC(248) User=0.00s Sys=0.00s Real=0.00s
[2020-10-07T09:43:53.733+0000][38832][safepoint    ] Safepoint "G1Concurrent", Time since last: 107503500 ns, Reaching safepoint: 392500 ns, At safepoint: 872400 ns, Total: 1264900 ns
[2020-10-07T09:43:53.733+0000][38832][gc,marking   ] GC(248) Concurrent Cleanup for Next Mark
[2020-10-07T09:43:53.735+0000][38832][gc,marking   ] GC(248) Concurrent Cleanup for Next Mark 1.789ms
[2020-10-07T09:43:53.735+0000][38832][gc           ] GC(248) Concurrent Cycle 302.276ms
[2020-10-07T09:43:53.789+0000][38832][gc,start     ] GC(249) Pause Young (Concurrent Start) (G1 Humongous Allocation)
[2020-10-07T09:43:53.789+0000][38832][gc,task      ] GC(249) Using 8 workers of 8 for evacuation
[2020-10-07T09:43:53.789+0000][38832][gc,age       ] GC(249) Desired survivor size 33030144 bytes, new threshold 15 (max threshold 15)
[2020-10-07T09:43:53.793+0000][38832][gc,age       ] GC(249) Age table with threshold 15 (max threshold 15)
[2020-10-07T09:43:53.794+0000][38832][gc,age       ] GC(249) - age   1:    3943280 bytes,    3943280 total
[2020-10-07T09:43:53.794+0000][38832][gc,age       ] GC(249) - age   2:       5168 bytes,    3948448 total
[2020-10-07T09:43:53.794+0000][38832][gc,age       ] GC(249) - age   3:       1840 bytes,    3950288 total
[2020-10-07T09:43:53.794+0000][38832][gc,age       ] GC(249) - age   4:      63192 bytes,    4013480 total
[2020-10-07T09:43:53.794+0000][38832][gc,age       ] GC(249) - age   5:       1192 bytes,    4014672 total
[2020-10-07T09:43:53.794+0000][38832][gc,age       ] GC(249) - age   6:       2392 bytes,    4017064 total
[2020-10-07T09:43:53.794+0000][38832][gc,age       ] GC(249) - age   7:       1024 bytes,    4018088 total
[2020-10-07T09:43:53.794+0000][38832][gc,age       ] GC(249) - age   8:       6344 bytes,    4024432 total
[2020-10-07T09:43:53.794+0000][38832][gc,age       ] GC(249) - age   9:       5064 bytes,    4029496 total
[2020-10-07T09:43:53.794+0000][38832][gc,age       ] GC(249) - age  10:      52944 bytes,    4082440 total
[2020-10-07T09:43:53.794+0000][38832][gc,age       ] GC(249) - age  11:        784 bytes,    4083224 total
[2020-10-07T09:43:53.794+0000][38832][gc,age       ] GC(249) - age  12:        608 bytes,    4083832 total
[2020-10-07T09:43:53.794+0000][38832][gc,age       ] GC(249) - age  13:        752 bytes,    4084584 total
[2020-10-07T09:43:53.794+0000][38832][gc,age       ] GC(249) - age  14:       9120 bytes,    4093704 total
[2020-10-07T09:43:53.794+0000][38832][gc,age       ] GC(249) - age  15:       2056 bytes,    4095760 total
[2020-10-07T09:43:53.795+0000][38832][gc,phases    ] GC(249)   Pre Evacuate Collection Set: 0.4ms
[2020-10-07T09:43:53.795+0000][38832][gc,phases    ] GC(249)   Merge Heap Roots: 0.1ms
[2020-10-07T09:43:53.795+0000][38832][gc,phases    ] GC(249)   Evacuate Collection Set: 2.6ms
[2020-10-07T09:43:53.795+0000][38832][gc,phases    ] GC(249)   Post Evacuate Collection Set: 1.2ms
[2020-10-07T09:43:53.795+0000][38832][gc,phases    ] GC(249)   Other: 1.3ms
[2020-10-07T09:43:53.795+0000][38832][gc,heap      ] GC(249) Eden regions: 121->0(497)
[2020-10-07T09:43:53.795+0000][38832][gc,heap      ] GC(249) Survivor regions: 4->4(63)
[2020-10-07T09:43:53.795+0000][38832][gc,heap      ] GC(249) Old regions: 79->79
[2020-10-07T09:43:53.795+0000][38832][gc,heap      ] GC(249) Archive regions: 0->0
[2020-10-07T09:43:53.795+0000][38832][gc,heap      ] GC(249) Humongous regions: 472->174
[2020-10-07T09:43:53.795+0000][38832][gc,metaspace ] GC(249) Metaspace: 88088K(94080K)->88088K(94080K) NonClass: 76899K(80384K)->76899K(80384K) Class: 11188K(13696K)->11188K(13696K)
[2020-10-07T09:43:53.795+0000][38832][gc           ] GC(249) Pause Young (Concurrent Start) (G1 Humongous Allocation) 674M->256M(1024M) 6.135ms
[2020-10-07T09:43:53.795+0000][38832][gc,cpu       ] GC(249) User=0.00s Sys=0.00s Real=0.01s
[2020-10-07T09:43:53.795+0000][38832][gc           ] GC(250) Concurrent Cycle
[2020-10-07T09:43:53.795+0000][38832][safepoint    ] Safepoint "G1TryInitiateConcMark", Time since last: 55108500 ns, Reaching safepoint: 222600 ns, At safepoint: 6411400 ns, Total: 6634000 ns
[2020-10-07T09:43:53.795+0000][38832][gc,marking   ] GC(250) Concurrent Clear Claimed Marks
[2020-10-07T09:43:53.796+0000][38832][gc,marking   ] GC(250) Concurrent Clear Claimed Marks 0.376ms
[2020-10-07T09:43:53.796+0000][38832][gc,marking   ] GC(250) Concurrent Scan Root Regions
[2020-10-07T09:43:53.798+0000][38832][gc,marking   ] GC(250) Concurrent Scan Root Regions 2.627ms
[2020-10-07T09:43:53.798+0000][38832][gc,marking   ] GC(250) Concurrent Mark (109.004s)
[2020-10-07T09:43:53.798+0000][38832][gc,marking   ] GC(250) Concurrent Mark From Roots
[2020-10-07T09:43:53.798+0000][38832][gc,task      ] GC(250) Using 2 workers of 2 for marking
[2020-10-07T09:43:53.930+0000][38832][safepoint    ] Safepoint "BulkRevokeBias", Time since last: 132366300 ns, Reaching safepoint: 254100 ns, At safepoint: 2613000 ns, Total: 2867100 ns
[2020-10-07T09:43:53.986+0000][38832][gc,marking   ] GC(250) Concurrent Mark From Roots 187.546ms
[2020-10-07T09:43:53.986+0000][38832][gc,marking   ] GC(250) Concurrent Preclean
[2020-10-07T09:43:53.987+0000][38832][gc,marking   ] GC(250) Concurrent Preclean 0.885ms
[2020-10-07T09:43:53.987+0000][38832][gc,marking   ] GC(250) Concurrent Mark (109.004s, 109.193s) 188.660ms
[2020-10-07T09:43:53.987+0000][38832][gc,start     ] GC(250) Pause Remark
[2020-10-07T09:43:53.995+0000][38832][gc           ] GC(250) Pause Remark 395M->395M(1024M) 7.692ms
[2020-10-07T09:43:53.995+0000][38832][gc,cpu       ] GC(250) User=0.13s Sys=0.00s Real=0.01s
[2020-10-07T09:43:53.996+0000][38832][safepoint    ] Safepoint "G1Concurrent", Time since last: 56794600 ns, Reaching safepoint: 175400 ns, At safepoint: 8748200 ns, Total: 8923600 ns
[2020-10-07T09:43:53.996+0000][38832][gc,marking   ] GC(250) Concurrent Rebuild Remembered Sets
[2020-10-07T09:43:54.091+0000][38832][gc,marking   ] GC(250) Concurrent Rebuild Remembered Sets 95.221ms
[2020-10-07T09:43:54.092+0000][38832][gc,start     ] GC(250) Pause Cleanup
[2020-10-07T09:43:54.093+0000][38832][gc           ] GC(250) Pause Cleanup 466M->466M(1024M) 0.386ms
[2020-10-07T09:43:54.093+0000][38832][gc,cpu       ] GC(250) User=0.00s Sys=0.00s Real=0.00s
[2020-10-07T09:43:54.093+0000][38832][safepoint    ] Safepoint "G1Concurrent", Time since last: 95460400 ns, Reaching safepoint: 185700 ns, At safepoint: 630300 ns, Total: 816000 ns
[2020-10-07T09:43:54.093+0000][38832][gc,marking   ] GC(250) Concurrent Cleanup for Next Mark
[2020-10-07T09:43:54.094+0000][38832][gc,marking   ] GC(250) Concurrent Cleanup for Next Mark 1.908ms
[2020-10-07T09:43:54.094+0000][38832][gc           ] GC(250) Concurrent Cycle 299.391ms
[2020-10-07T09:43:54.097+0000][38832][gc,start     ] GC(251) Pause Young (Concurrent Start) (G1 Humongous Allocation)
[2020-10-07T09:43:54.097+0000][38832][gc,task      ] GC(251) Using 8 workers of 8 for evacuation
[2020-10-07T09:43:54.097+0000][38832][gc,age       ] GC(251) Desired survivor size 33030144 bytes, new threshold 15 (max threshold 15)
[2020-10-07T09:43:54.101+0000][38832][gc,age       ] GC(251) Age table with threshold 15 (max threshold 15)
[2020-10-07T09:43:54.101+0000][38832][gc,age       ] GC(251) - age   1:    3501112 bytes,    3501112 total
[2020-10-07T09:43:54.102+0000][38832][gc,age       ] GC(251) - age   2:     469040 bytes,    3970152 total
[2020-10-07T09:43:54.102+0000][38832][gc,age       ] GC(251) - age   3:       4544 bytes,    3974696 total
[2020-10-07T09:43:54.102+0000][38832][gc,age       ] GC(251) - age   4:       1160 bytes,    3975856 total
[2020-10-07T09:43:54.102+0000][38832][gc,age       ] GC(251) - age   5:      63160 bytes,    4039016 total
[2020-10-07T09:43:54.102+0000][38832][gc,age       ] GC(251) - age   6:       1096 bytes,    4040112 total
[2020-10-07T09:43:54.102+0000][38832][gc,age       ] GC(251) - age   7:       2200 bytes,    4042312 total
[2020-10-07T09:43:54.102+0000][38832][gc,age       ] GC(251) - age   8:       1024 bytes,    4043336 total
[2020-10-07T09:43:54.102+0000][38832][gc,age       ] GC(251) - age   9:       6344 bytes,    4049680 total
[2020-10-07T09:43:54.102+0000][38832][gc,age       ] GC(251) - age  10:       5064 bytes,    4054744 total
[2020-10-07T09:43:54.102+0000][38832][gc,age       ] GC(251) - age  11:      52944 bytes,    4107688 total
[2020-10-07T09:43:54.102+0000][38832][gc,age       ] GC(251) - age  12:        784 bytes,    4108472 total
[2020-10-07T09:43:54.102+0000][38832][gc,age       ] GC(251) - age  13:        608 bytes,    4109080 total
[2020-10-07T09:43:54.102+0000][38832][gc,age       ] GC(251) - age  14:        752 bytes,    4109832 total
[2020-10-07T09:43:54.102+0000][38832][gc,age       ] GC(251) - age  15:       9088 bytes,    4118920 total
[2020-10-07T09:43:54.102+0000][38832][gc,phases    ] GC(251)   Pre Evacuate Collection Set: 0.5ms
[2020-10-07T09:43:54.102+0000][38832][gc,phases    ] GC(251)   Merge Heap Roots: 0.1ms
[2020-10-07T09:43:54.102+0000][38832][gc,phases    ] GC(251)   Evacuate Collection Set: 2.5ms
[2020-10-07T09:43:54.102+0000][38832][gc,phases    ] GC(251)   Post Evacuate Collection Set: 0.9ms
[2020-10-07T09:43:54.103+0000][38832][gc,phases    ] GC(251)   Other: 1.4ms
[2020-10-07T09:43:54.103+0000][38832][gc,heap      ] GC(251) Eden regions: 61->0(497)
[2020-10-07T09:43:54.103+0000][38832][gc,heap      ] GC(251) Survivor regions: 4->5(63)
[2020-10-07T09:43:54.103+0000][38832][gc,heap      ] GC(251) Old regions: 79->79
[2020-10-07T09:43:54.103+0000][38832][gc,heap      ] GC(251) Archive regions: 0->0
[2020-10-07T09:43:54.103+0000][38832][gc,heap      ] GC(251) Humongous regions: 324->174
[2020-10-07T09:43:54.103+0000][38832][gc,metaspace ] GC(251) Metaspace: 88088K(94080K)->88088K(94080K) NonClass: 76899K(80384K)->76899K(80384K) Class: 11188K(13696K)->11188K(13696K)
[2020-10-07T09:43:54.103+0000][38832][gc           ] GC(251) Pause Young (Concurrent Start) (G1 Humongous Allocation) 467M->256M(1024M) 6.037ms
[2020-10-07T09:43:54.103+0000][38832][gc,cpu       ] GC(251) User=0.11s Sys=0.00s Real=0.01s
[2020-10-07T09:43:54.103+0000][38832][gc           ] GC(252) Concurrent Cycle
[2020-10-07T09:43:54.103+0000][38832][safepoint    ] Safepoint "G1TryInitiateConcMark", Time since last: 4432900 ns, Reaching safepoint: 158500 ns, At safepoint: 6316300 ns, Total: 6474800 ns
[2020-10-07T09:43:54.103+0000][38832][gc,marking   ] GC(252) Concurrent Clear Claimed Marks
[2020-10-07T09:43:54.104+0000][38832][gc,marking   ] GC(252) Concurrent Clear Claimed Marks 0.587ms
[2020-10-07T09:43:54.104+0000][38832][gc,marking   ] GC(252) Concurrent Scan Root Regions
[2020-10-07T09:43:54.107+0000][38832][gc,marking   ] GC(252) Concurrent Scan Root Regions 3.281ms
[2020-10-07T09:43:54.107+0000][38832][gc,marking   ] GC(252) Concurrent Mark (109.313s)
[2020-10-07T09:43:54.107+0000][38832][gc,marking   ] GC(252) Concurrent Mark From Roots
[2020-10-07T09:43:54.107+0000][38832][gc,task      ] GC(252) Using 2 workers of 2 for marking
[2020-10-07T09:43:54.291+0000][38832][gc,marking   ] GC(252) Concurrent Mark From Roots 183.521ms
[2020-10-07T09:43:54.291+0000][38832][gc,marking   ] GC(252) Concurrent Preclean
[2020-10-07T09:43:54.292+0000][38832][gc,marking   ] GC(252) Concurrent Preclean 1.022ms
[2020-10-07T09:43:54.292+0000][38832][gc,marking   ] GC(252) Concurrent Mark (109.313s, 109.498s) 184.813ms
[2020-10-07T09:43:54.295+0000][38832][gc,start     ] GC(252) Pause Remark
[2020-10-07T09:43:54.302+0000][38832][gc           ] GC(252) Pause Remark 396M->396M(1024M) 6.821ms
[2020-10-07T09:43:54.302+0000][38832][gc,cpu       ] GC(252) User=0.00s Sys=0.00s Real=0.01s
[2020-10-07T09:43:54.304+0000][38832][safepoint    ] Safepoint "G1Concurrent", Time since last: 189056400 ns, Reaching safepoint: 2444300 ns, At safepoint: 9809300 ns, Total: 12253600 ns
[2020-10-07T09:43:54.305+0000][38832][gc,marking   ] GC(252) Concurrent Rebuild Remembered Sets
[2020-10-07T09:43:54.322+0000][38832][safepoint    ] Safepoint "BulkRevokeBias", Time since last: 14005000 ns, Reaching safepoint: 849500 ns, At safepoint: 2195100 ns, Total: 3044600 ns
[2020-10-07T09:43:54.405+0000][38832][gc,marking   ] GC(252) Concurrent Rebuild Remembered Sets 99.878ms
[2020-10-07T09:43:54.405+0000][38832][gc,start     ] GC(252) Pause Cleanup
[2020-10-07T09:43:54.405+0000][38832][gc           ] GC(252) Pause Cleanup 465M->465M(1024M) 0.336ms
[2020-10-07T09:43:54.405+0000][38832][gc,cpu       ] GC(252) User=0.00s Sys=0.00s Real=0.00s
[2020-10-07T09:43:54.405+0000][38832][safepoint    ] Safepoint "G1Concurrent", Time since last: 83126700 ns, Reaching safepoint: 149500 ns, At safepoint: 570500 ns, Total: 720000 ns
[2020-10-07T09:43:54.405+0000][38832][gc,marking   ] GC(252) Concurrent Cleanup for Next Mark
[2020-10-07T09:43:54.407+0000][38832][gc,marking   ] GC(252) Concurrent Cleanup for Next Mark 1.566ms
[2020-10-07T09:43:54.407+0000][38832][gc           ] GC(252) Concurrent Cycle 304.066ms
[2020-10-07T09:43:54.446+0000][38832][gc,start     ] GC(253) Pause Young (Concurrent Start) (G1 Humongous Allocation)
[2020-10-07T09:43:54.446+0000][38832][gc,task      ] GC(253) Using 8 workers of 8 for evacuation
[2020-10-07T09:43:54.446+0000][38832][gc,age       ] GC(253) Desired survivor size 33030144 bytes, new threshold 15 (max threshold 15)
[2020-10-07T09:43:54.450+0000][38832][gc,age       ] GC(253) Age table with threshold 15 (max threshold 15)
[2020-10-07T09:43:54.450+0000][38832][gc,age       ] GC(253) - age   1:    3017896 bytes,    3017896 total
[2020-10-07T09:43:54.450+0000][38832][gc,age       ] GC(253) - age   2:       3160 bytes,    3021056 total
[2020-10-07T09:43:54.451+0000][38832][gc,age       ] GC(253) - age   3:      65592 bytes,    3086648 total
[2020-10-07T09:43:54.451+0000][38832][gc,age       ] GC(253) - age   4:       3840 bytes,    3090488 total
[2020-10-07T09:43:54.451+0000][38832][gc,age       ] GC(253) - age   5:       1128 bytes,    3091616 total
[2020-10-07T09:43:54.451+0000][38832][gc,age       ] GC(253) - age   6:      62584 bytes,    3154200 total
[2020-10-07T09:43:54.451+0000][38832][gc,age       ] GC(253) - age   7:        776 bytes,    3154976 total
[2020-10-07T09:43:54.451+0000][38832][gc,age       ] GC(253) - age   8:       2168 bytes,    3157144 total
[2020-10-07T09:43:54.451+0000][38832][gc,age       ] GC(253) - age   9:        928 bytes,    3158072 total
[2020-10-07T09:43:54.451+0000][38832][gc,age       ] GC(253) - age  10:       6280 bytes,    3164352 total
[2020-10-07T09:43:54.451+0000][38832][gc,age       ] GC(253) - age  11:       5032 bytes,    3169384 total
[2020-10-07T09:43:54.451+0000][38832][gc,age       ] GC(253) - age  12:      52944 bytes,    3222328 total
[2020-10-07T09:43:54.451+0000][38832][gc,age       ] GC(253) - age  13:        560 bytes,    3222888 total
[2020-10-07T09:43:54.451+0000][38832][gc,age       ] GC(253) - age  14:        576 bytes,    3223464 total
[2020-10-07T09:43:54.451+0000][38832][gc,age       ] GC(253) - age  15:        752 bytes,    3224216 total
[2020-10-07T09:43:54.451+0000][38832][gc,phases    ] GC(253)   Pre Evacuate Collection Set: 0.5ms
[2020-10-07T09:43:54.451+0000][38832][gc,phases    ] GC(253)   Merge Heap Roots: 0.1ms
[2020-10-07T09:43:54.451+0000][38832][gc,phases    ] GC(253)   Evacuate Collection Set: 2.2ms
[2020-10-07T09:43:54.451+0000][38832][gc,phases    ] GC(253)   Post Evacuate Collection Set: 0.9ms
[2020-10-07T09:43:54.451+0000][38832][gc,phases    ] GC(253)   Other: 1.4ms
[2020-10-07T09:43:54.452+0000][38832][gc,heap      ] GC(253) Eden regions: 67->0(499)
[2020-10-07T09:43:54.452+0000][38832][gc,heap      ] GC(253) Survivor regions: 5->4(63)
[2020-10-07T09:43:54.452+0000][38832][gc,heap      ] GC(253) Old regions: 79->79
[2020-10-07T09:43:54.452+0000][38832][gc,heap      ] GC(253) Archive regions: 0->0
[2020-10-07T09:43:54.452+0000][38832][gc,heap      ] GC(253) Humongous regions: 322->174
[2020-10-07T09:43:54.452+0000][38832][gc,metaspace ] GC(253) Metaspace: 88112K(94080K)->88112K(94080K) NonClass: 76923K(80384K)->76923K(80384K) Class: 11188K(13696K)->11188K(13696K)
[2020-10-07T09:43:54.452+0000][38832][gc           ] GC(253) Pause Young (Concurrent Start) (G1 Humongous Allocation) 471M->255M(1024M) 5.610ms
[2020-10-07T09:43:54.452+0000][38832][gc,cpu       ] GC(253) User=0.00s Sys=0.00s Real=0.01s
[2020-10-07T09:43:54.452+0000][38832][safepoint    ] Safepoint "G1TryInitiateConcMark", Time since last: 40639800 ns, Reaching safepoint: 156900 ns, At safepoint: 5871700 ns, Total: 6028600 ns
[2020-10-07T09:43:54.452+0000][38832][gc           ] GC(254) Concurrent Cycle
[2020-10-07T09:43:54.452+0000][38832][gc,marking   ] GC(254) Concurrent Clear Claimed Marks
[2020-10-07T09:43:54.453+0000][38832][gc,marking   ] GC(254) Concurrent Clear Claimed Marks 0.617ms
[2020-10-07T09:43:54.453+0000][38832][gc,marking   ] GC(254) Concurrent Scan Root Regions
[2020-10-07T09:43:54.456+0000][38832][gc,marking   ] GC(254) Concurrent Scan Root Regions 2.656ms
[2020-10-07T09:43:54.456+0000][38832][gc,marking   ] GC(254) Concurrent Mark (109.662s)
[2020-10-07T09:43:54.456+0000][38832][gc,marking   ] GC(254) Concurrent Mark From Roots
[2020-10-07T09:43:54.456+0000][38832][gc,task      ] GC(254) Using 2 workers of 2 for marking
[2020-10-07T09:43:54.625+0000][38832][gc,marking   ] GC(254) Concurrent Mark From Roots 169.424ms
[2020-10-07T09:43:54.626+0000][38832][gc,marking   ] GC(254) Concurrent Preclean
[2020-10-07T09:43:54.626+0000][38832][gc,marking   ] GC(254) Concurrent Preclean 0.875ms
[2020-10-07T09:43:54.627+0000][38832][gc,marking   ] GC(254) Concurrent Mark (109.662s, 109.832s) 170.549ms
[2020-10-07T09:43:54.627+0000][38832][gc,start     ] GC(254) Pause Remark
[2020-10-07T09:43:54.633+0000][38832][gc           ] GC(254) Pause Remark 386M->386M(1024M) 6.498ms
[2020-10-07T09:43:54.634+0000][38832][gc,cpu       ] GC(254) User=0.11s Sys=0.00s Real=0.01s
[2020-10-07T09:43:54.634+0000][38832][safepoint    ] Safepoint "G1Concurrent", Time since last: 174426600 ns, Reaching safepoint: 249100 ns, At safepoint: 6773600 ns, Total: 7022700 ns
[2020-10-07T09:43:54.634+0000][38832][gc,marking   ] GC(254) Concurrent Rebuild Remembered Sets
[2020-10-07T09:43:54.732+0000][38832][gc,marking   ] GC(254) Concurrent Rebuild Remembered Sets 97.608ms
[2020-10-07T09:43:54.737+0000][38832][gc,start     ] GC(254) Pause Cleanup
[2020-10-07T09:43:54.737+0000][38832][gc           ] GC(254) Pause Cleanup 455M->455M(1024M) 0.412ms
[2020-10-07T09:43:54.737+0000][38832][gc,cpu       ] GC(254) User=0.00s Sys=0.00s Real=0.00s
[2020-10-07T09:43:54.737+0000][38832][safepoint    ] Safepoint "G1Concurrent", Time since last: 97837900 ns, Reaching safepoint: 4691500 ns, At safepoint: 667900 ns, Total: 5359400 ns
[2020-10-07T09:43:54.737+0000][38832][gc,marking   ] GC(254) Concurrent Cleanup for Next Mark
[2020-10-07T09:43:54.739+0000][38832][gc,marking   ] GC(254) Concurrent Cleanup for Next Mark 1.988ms
[2020-10-07T09:43:54.740+0000][38832][gc           ] GC(254) Concurrent Cycle 286.915ms
[2020-10-07T09:43:54.821+0000][38832][gc,start     ] GC(255) Pause Young (Concurrent Start) (G1 Humongous Allocation)
[2020-10-07T09:43:54.822+0000][38832][gc,task      ] GC(255) Using 8 workers of 8 for evacuation
[2020-10-07T09:43:54.822+0000][38832][gc,age       ] GC(255) Desired survivor size 33030144 bytes, new threshold 15 (max threshold 15)
[2020-10-07T09:43:54.825+0000][38832][gc,age       ] GC(255) Age table with threshold 15 (max threshold 15)
[2020-10-07T09:43:54.826+0000][38832][gc,age       ] GC(255) - age   1:    2599336 bytes,    2599336 total
[2020-10-07T09:43:54.826+0000][38832][gc,age       ] GC(255) - age   2:      23992 bytes,    2623328 total
[2020-10-07T09:43:54.826+0000][38832][gc,age       ] GC(255) - age   3:       2480 bytes,    2625808 total
[2020-10-07T09:43:54.826+0000][38832][gc,age       ] GC(255) - age   4:      63344 bytes,    2689152 total
[2020-10-07T09:43:54.826+0000][38832][gc,age       ] GC(255) - age   5:       3392 bytes,    2692544 total
[2020-10-07T09:43:54.826+0000][38832][gc,age       ] GC(255) - age   6:       1064 bytes,    2693608 total
[2020-10-07T09:43:54.826+0000][38832][gc,age       ] GC(255) - age   7:      62424 bytes,    2756032 total
[2020-10-07T09:43:54.826+0000][38832][gc,age       ] GC(255) - age   8:        680 bytes,    2756712 total
[2020-10-07T09:43:54.826+0000][38832][gc,age       ] GC(255) - age   9:       2104 bytes,    2758816 total
[2020-10-07T09:43:54.826+0000][38832][gc,age       ] GC(255) - age  10:        896 bytes,    2759712 total
[2020-10-07T09:43:54.826+0000][38832][gc,age       ] GC(255) - age  11:       6280 bytes,    2765992 total
[2020-10-07T09:43:54.826+0000][38832][gc,age       ] GC(255) - age  12:       5000 bytes,    2770992 total
[2020-10-07T09:43:54.826+0000][38832][gc,age       ] GC(255) - age  13:      52944 bytes,    2823936 total
[2020-10-07T09:43:54.826+0000][38832][gc,age       ] GC(255) - age  14:        560 bytes,    2824496 total
[2020-10-07T09:43:54.826+0000][38832][gc,age       ] GC(255) - age  15:        576 bytes,    2825072 total
[2020-10-07T09:43:54.826+0000][38832][gc,phases    ] GC(255)   Pre Evacuate Collection Set: 0.6ms
[2020-10-07T09:43:54.826+0000][38832][gc,phases    ] GC(255)   Merge Heap Roots: 0.1ms
[2020-10-07T09:43:54.826+0000][38832][gc,phases    ] GC(255)   Evacuate Collection Set: 2.1ms
[2020-10-07T09:43:54.827+0000][38832][gc,phases    ] GC(255)   Post Evacuate Collection Set: 0.8ms
[2020-10-07T09:43:54.827+0000][38832][gc,phases    ] GC(255)   Other: 1.3ms
[2020-10-07T09:43:54.827+0000][38832][gc,heap      ] GC(255) Eden regions: 63->0(501)
[2020-10-07T09:43:54.827+0000][38832][gc,heap      ] GC(255) Survivor regions: 4->3(63)
[2020-10-07T09:43:54.827+0000][38832][gc,heap      ] GC(255) Old regions: 79->79
[2020-10-07T09:43:54.827+0000][38832][gc,heap      ] GC(255) Archive regions: 0->0
[2020-10-07T09:43:54.827+0000][38832][gc,heap      ] GC(255) Humongous regions: 318->174
[2020-10-07T09:43:54.827+0000][38832][gc,metaspace ] GC(255) Metaspace: 88116K(94080K)->88116K(94080K) NonClass: 76927K(80384K)->76927K(80384K) Class: 11188K(13696K)->11188K(13696K)
[2020-10-07T09:43:54.827+0000][38832][gc           ] GC(255) Pause Young (Concurrent Start) (G1 Humongous Allocation) 462M->255M(1024M) 5.514ms
[2020-10-07T09:43:54.827+0000][38832][gc,cpu       ] GC(255) User=0.00s Sys=0.00s Real=0.01s
[2020-10-07T09:43:54.827+0000][38832][gc           ] GC(256) Concurrent Cycle
[2020-10-07T09:43:54.827+0000][38832][safepoint    ] Safepoint "G1TryInitiateConcMark", Time since last: 83892800 ns, Reaching safepoint: 182900 ns, At safepoint: 5757500 ns, Total: 5940400 ns
[2020-10-07T09:43:54.827+0000][38832][gc,marking   ] GC(256) Concurrent Clear Claimed Marks
[2020-10-07T09:43:54.828+0000][38832][gc,marking   ] GC(256) Concurrent Clear Claimed Marks 0.608ms
[2020-10-07T09:43:54.828+0000][38832][gc,marking   ] GC(256) Concurrent Scan Root Regions
[2020-10-07T09:43:54.830+0000][38832][gc,marking   ] GC(256) Concurrent Scan Root Regions 1.819ms
[2020-10-07T09:43:54.830+0000][38832][gc,marking   ] GC(256) Concurrent Mark (110.035s)
[2020-10-07T09:43:54.830+0000][38832][gc,marking   ] GC(256) Concurrent Mark From Roots
[2020-10-07T09:43:54.830+0000][38832][gc,task      ] GC(256) Using 2 workers of 2 for marking
[2020-10-07T09:43:55.016+0000][38832][gc,marking   ] GC(256) Concurrent Mark From Roots 185.821ms
[2020-10-07T09:43:55.016+0000][38832][gc,marking   ] GC(256) Concurrent Preclean
[2020-10-07T09:43:55.017+0000][38832][gc,marking   ] GC(256) Concurrent Preclean 0.927ms
[2020-10-07T09:43:55.017+0000][38832][gc,marking   ] GC(256) Concurrent Mark (110.035s, 110.222s) 187.001ms
[2020-10-07T09:43:55.017+0000][38832][gc,start     ] GC(256) Pause Remark
[2020-10-07T09:43:55.025+0000][38832][gc           ] GC(256) Pause Remark 389M->389M(1024M) 7.429ms
[2020-10-07T09:43:55.025+0000][38832][gc,cpu       ] GC(256) User=0.11s Sys=0.00s Real=0.01s
[2020-10-07T09:43:55.025+0000][38832][safepoint    ] Safepoint "G1Concurrent", Time since last: 189847900 ns, Reaching safepoint: 183400 ns, At safepoint: 7777800 ns, Total: 7961200 ns
[2020-10-07T09:43:55.025+0000][38832][gc,marking   ] GC(256) Concurrent Rebuild Remembered Sets
[2020-10-07T09:43:55.129+0000][38832][gc,marking   ] GC(256) Concurrent Rebuild Remembered Sets 104.487ms
[2020-10-07T09:43:55.129+0000][38832][gc,start     ] GC(256) Pause Cleanup
[2020-10-07T09:43:55.130+0000][38832][gc           ] GC(256) Pause Cleanup 531M->531M(1024M) 0.368ms
[2020-10-07T09:43:55.130+0000][38832][gc,cpu       ] GC(256) User=0.00s Sys=0.00s Real=0.00s
[2020-10-07T09:43:55.130+0000][38832][safepoint    ] Safepoint "G1Concurrent", Time since last: 104684900 ns, Reaching safepoint: 185400 ns, At safepoint: 593000 ns, Total: 778400 ns
[2020-10-07T09:43:55.130+0000][38832][gc,marking   ] GC(256) Concurrent Cleanup for Next Mark
[2020-10-07T09:43:55.132+0000][38832][gc,marking   ] GC(256) Concurrent Cleanup for Next Mark 1.898ms
[2020-10-07T09:43:55.132+0000][38832][gc           ] GC(256) Concurrent Cycle 305.420ms
[2020-10-07T09:43:55.136+0000][38832][gc,start     ] GC(257) Pause Young (Concurrent Start) (G1 Humongous Allocation)
[2020-10-07T09:43:55.136+0000][38832][gc,task      ] GC(257) Using 8 workers of 8 for evacuation
[2020-10-07T09:43:55.136+0000][38832][gc,age       ] GC(257) Desired survivor size 33030144 bytes, new threshold 15 (max threshold 15)
[2020-10-07T09:43:55.140+0000][38832][gc,age       ] GC(257) Age table with threshold 15 (max threshold 15)
[2020-10-07T09:43:55.140+0000][38832][gc,age       ] GC(257) - age   1:    5091024 bytes,    5091024 total
[2020-10-07T09:43:55.140+0000][38832][gc,age       ] GC(257) - age   2:      26896 bytes,    5117920 total
[2020-10-07T09:43:55.140+0000][38832][gc,age       ] GC(257) - age   3:      14520 bytes,    5132440 total
[2020-10-07T09:43:55.140+0000][38832][gc,age       ] GC(257) - age   4:       1360 bytes,    5133800 total
[2020-10-07T09:43:55.140+0000][38832][gc,age       ] GC(257) - age   5:      62920 bytes,    5196720 total
[2020-10-07T09:43:55.141+0000][38832][gc,age       ] GC(257) - age   6:       3296 bytes,    5200016 total
[2020-10-07T09:43:55.141+0000][38832][gc,age       ] GC(257) - age   7:       1064 bytes,    5201080 total
[2020-10-07T09:43:55.141+0000][38832][gc,age       ] GC(257) - age   8:      62392 bytes,    5263472 total
[2020-10-07T09:43:55.141+0000][38832][gc,age       ] GC(257) - age   9:        648 bytes,    5264120 total
[2020-10-07T09:43:55.141+0000][38832][gc,age       ] GC(257) - age  10:       2040 bytes,    5266160 total
[2020-10-07T09:43:55.141+0000][38832][gc,age       ] GC(257) - age  11:        896 bytes,    5267056 total
[2020-10-07T09:43:55.141+0000][38832][gc,age       ] GC(257) - age  12:       6280 bytes,    5273336 total
[2020-10-07T09:43:55.141+0000][38832][gc,age       ] GC(257) - age  13:       4840 bytes,    5278176 total
[2020-10-07T09:43:55.141+0000][38832][gc,age       ] GC(257) - age  14:      52944 bytes,    5331120 total
[2020-10-07T09:43:55.141+0000][38832][gc,age       ] GC(257) - age  15:        560 bytes,    5331680 total
[2020-10-07T09:43:55.141+0000][38832][gc,phases    ] GC(257)   Pre Evacuate Collection Set: 0.5ms
[2020-10-07T09:43:55.141+0000][38832][gc,phases    ] GC(257)   Merge Heap Roots: 0.1ms
[2020-10-07T09:43:55.141+0000][38832][gc,phases    ] GC(257)   Evacuate Collection Set: 2.5ms
[2020-10-07T09:43:55.141+0000][38832][gc,phases    ] GC(257)   Post Evacuate Collection Set: 1.0ms
[2020-10-07T09:43:55.141+0000][38832][gc,phases    ] GC(257)   Other: 1.2ms
[2020-10-07T09:43:55.141+0000][38832][gc,heap      ] GC(257) Eden regions: 84->0(497)
[2020-10-07T09:43:55.141+0000][38832][gc,heap      ] GC(257) Survivor regions: 3->6(63)
[2020-10-07T09:43:55.141+0000][38832][gc,heap      ] GC(257) Old regions: 79->79
[2020-10-07T09:43:55.141+0000][38832][gc,heap      ] GC(257) Archive regions: 0->0
[2020-10-07T09:43:55.142+0000][38832][gc,heap      ] GC(257) Humongous regions: 366->174
[2020-10-07T09:43:55.142+0000][38832][gc,metaspace ] GC(257) Metaspace: 88125K(94080K)->88125K(94080K) NonClass: 76936K(80384K)->76936K(80384K) Class: 11188K(13696K)->11188K(13696K)
[2020-10-07T09:43:55.142+0000][38832][gc           ] GC(257) Pause Young (Concurrent Start) (G1 Humongous Allocation) 531M->257M(1024M) 5.923ms
[2020-10-07T09:43:55.142+0000][38832][gc,cpu       ] GC(257) User=0.00s Sys=0.00s Real=0.01s
[2020-10-07T09:43:55.142+0000][38832][gc           ] GC(258) Concurrent Cycle
[2020-10-07T09:43:55.142+0000][38832][safepoint    ] Safepoint "G1TryInitiateConcMark", Time since last: 4717100 ns, Reaching safepoint: 1061300 ns, At safepoint: 6234700 ns, Total: 7296000 ns
[2020-10-07T09:43:55.142+0000][38832][gc,marking   ] GC(258) Concurrent Clear Claimed Marks
[2020-10-07T09:43:55.142+0000][38832][gc,marking   ] GC(258) Concurrent Clear Claimed Marks 0.434ms
[2020-10-07T09:43:55.142+0000][38832][gc,marking   ] GC(258) Concurrent Scan Root Regions
[2020-10-07T09:43:55.145+0000][38832][gc,marking   ] GC(258) Concurrent Scan Root Regions 2.346ms
[2020-10-07T09:43:55.145+0000][38832][gc,marking   ] GC(258) Concurrent Mark (110.351s)
[2020-10-07T09:43:55.145+0000][38832][gc,marking   ] GC(258) Concurrent Mark From Roots
[2020-10-07T09:43:55.145+0000][38832][gc,task      ] GC(258) Using 2 workers of 2 for marking
[2020-10-07T09:43:55.333+0000][38832][gc,marking   ] GC(258) Concurrent Mark From Roots 188.106ms
[2020-10-07T09:43:55.333+0000][38832][gc,marking   ] GC(258) Concurrent Preclean
[2020-10-07T09:43:55.334+0000][38832][gc,marking   ] GC(258) Concurrent Preclean 0.910ms
[2020-10-07T09:43:55.334+0000][38832][gc,marking   ] GC(258) Concurrent Mark (110.351s, 110.540s) 189.288ms
[2020-10-07T09:43:55.335+0000][38832][gc,start     ] GC(258) Pause Remark
[2020-10-07T09:43:55.341+0000][38832][gc           ] GC(258) Pause Remark 517M->517M(1024M) 6.579ms
[2020-10-07T09:43:55.341+0000][38832][gc,cpu       ] GC(258) User=0.00s Sys=0.00s Real=0.01s
[2020-10-07T09:43:55.341+0000][38832][safepoint    ] Safepoint "G1Concurrent", Time since last: 192405600 ns, Reaching safepoint: 178500 ns, At safepoint: 6895500 ns, Total: 7074000 ns
[2020-10-07T09:43:55.341+0000][38832][gc,marking   ] GC(258) Concurrent Rebuild Remembered Sets
[2020-10-07T09:43:55.445+0000][38832][gc,marking   ] GC(258) Concurrent Rebuild Remembered Sets 103.371ms
[2020-10-07T09:43:55.446+0000][38832][gc,start     ] GC(258) Pause Cleanup
[2020-10-07T09:43:55.446+0000][38832][gc           ] GC(258) Pause Cleanup 639M->639M(1024M) 0.387ms
[2020-10-07T09:43:55.446+0000][38832][gc,cpu       ] GC(258) User=0.00s Sys=0.00s Real=0.00s
[2020-10-07T09:43:55.446+0000][38832][safepoint    ] Safepoint "G1Concurrent", Time since last: 103595200 ns, Reaching safepoint: 259200 ns, At safepoint: 616800 ns, Total: 876000 ns
[2020-10-07T09:43:55.446+0000][38832][gc,marking   ] GC(258) Concurrent Cleanup for Next Mark
[2020-10-07T09:43:55.448+0000][38832][gc,marking   ] GC(258) Concurrent Cleanup for Next Mark 1.984ms
[2020-10-07T09:43:55.448+0000][38832][gc           ] GC(258) Concurrent Cycle 306.233ms
[2020-10-07T09:43:55.522+0000][38832][gc,start     ] GC(259) Pause Young (Concurrent Start) (G1 Humongous Allocation)
[2020-10-07T09:43:55.522+0000][38832][gc,task      ] GC(259) Using 8 workers of 8 for evacuation
[2020-10-07T09:43:55.522+0000][38832][gc,age       ] GC(259) Desired survivor size 33030144 bytes, new threshold 15 (max threshold 15)
[2020-10-07T09:43:55.527+0000][38832][gc,age       ] GC(259) Age table with threshold 15 (max threshold 15)
[2020-10-07T09:43:55.527+0000][38832][gc,age       ] GC(259) - age   1:    8255120 bytes,    8255120 total
[2020-10-07T09:43:55.527+0000][38832][gc,age       ] GC(259) - age   2:       4336 bytes,    8259456 total
[2020-10-07T09:43:55.527+0000][38832][gc,age       ] GC(259) - age   3:      26224 bytes,    8285680 total
[2020-10-07T09:43:55.527+0000][38832][gc,age       ] GC(259) - age   4:      13720 bytes,    8299400 total
[2020-10-07T09:43:55.527+0000][38832][gc,age       ] GC(259) - age   5:       1040 bytes,    8300440 total
[2020-10-07T09:43:55.527+0000][38832][gc,age       ] GC(259) - age   6:      62920 bytes,    8363360 total
[2020-10-07T09:43:55.527+0000][38832][gc,age       ] GC(259) - age   7:       3264 bytes,    8366624 total
[2020-10-07T09:43:55.527+0000][38832][gc,age       ] GC(259) - age   8:       1064 bytes,    8367688 total
[2020-10-07T09:43:55.528+0000][38832][gc,age       ] GC(259) - age   9:      62392 bytes,    8430080 total
[2020-10-07T09:43:55.528+0000][38832][gc,age       ] GC(259) - age  10:        552 bytes,    8430632 total
[2020-10-07T09:43:55.528+0000][38832][gc,age       ] GC(259) - age  11:       2040 bytes,    8432672 total
[2020-10-07T09:43:55.528+0000][38832][gc,age       ] GC(259) - age  12:        896 bytes,    8433568 total
[2020-10-07T09:43:55.528+0000][38832][gc,age       ] GC(259) - age  13:       6280 bytes,    8439848 total
[2020-10-07T09:43:55.528+0000][38832][gc,age       ] GC(259) - age  14:       4840 bytes,    8444688 total
[2020-10-07T09:43:55.528+0000][38832][gc,age       ] GC(259) - age  15:      52944 bytes,    8497632 total
[2020-10-07T09:43:55.528+0000][38832][gc,phases    ] GC(259)   Pre Evacuate Collection Set: 0.4ms
[2020-10-07T09:43:55.528+0000][38832][gc,phases    ] GC(259)   Merge Heap Roots: 0.1ms
[2020-10-07T09:43:55.528+0000][38832][gc,phases    ] GC(259)   Evacuate Collection Set: 2.8ms
[2020-10-07T09:43:55.528+0000][38832][gc,phases    ] GC(259)   Post Evacuate Collection Set: 1.1ms
[2020-10-07T09:43:55.528+0000][38832][gc,phases    ] GC(259)   Other: 1.4ms
[2020-10-07T09:43:55.528+0000][38832][gc,heap      ] GC(259) Eden regions: 122->0(489)
[2020-10-07T09:43:55.528+0000][38832][gc,heap      ] GC(259) Survivor regions: 6->9(63)
[2020-10-07T09:43:55.528+0000][38832][gc,heap      ] GC(259) Old regions: 79->79
[2020-10-07T09:43:55.528+0000][38832][gc,heap      ] GC(259) Archive regions: 0->0
[2020-10-07T09:43:55.528+0000][38832][gc,heap      ] GC(259) Humongous regions: 462->174
[2020-10-07T09:43:55.528+0000][38832][gc,metaspace ] GC(259) Metaspace: 88130K(94080K)->88130K(94080K) NonClass: 76942K(80384K)->76942K(80384K) Class: 11188K(13696K)->11188K(13696K)
[2020-10-07T09:43:55.529+0000][38832][gc           ] GC(259) Pause Young (Concurrent Start) (G1 Humongous Allocation) 666M->260M(1024M) 6.256ms
[2020-10-07T09:43:55.529+0000][38832][gc,cpu       ] GC(259) User=0.00s Sys=0.00s Real=0.01s
[2020-10-07T09:43:55.529+0000][38832][gc           ] GC(260) Concurrent Cycle
[2020-10-07T09:43:55.529+0000][38832][gc,marking   ] GC(260) Concurrent Clear Claimed Marks
[2020-10-07T09:43:55.529+0000][38832][safepoint    ] Safepoint "G1TryInitiateConcMark", Time since last: 76177200 ns, Reaching safepoint: 189600 ns, At safepoint: 6679500 ns, Total: 6869100 ns
[2020-10-07T09:43:55.529+0000][38832][gc,marking   ] GC(260) Concurrent Clear Claimed Marks 0.403ms
[2020-10-07T09:43:55.529+0000][38832][gc,marking   ] GC(260) Concurrent Scan Root Regions
[2020-10-07T09:43:55.534+0000][38832][gc,marking   ] GC(260) Concurrent Scan Root Regions 4.370ms
[2020-10-07T09:43:55.534+0000][38832][gc,marking   ] GC(260) Concurrent Mark (110.740s)
[2020-10-07T09:43:55.534+0000][38832][gc,marking   ] GC(260) Concurrent Mark From Roots
[2020-10-07T09:43:55.534+0000][38832][gc,task      ] GC(260) Using 2 workers of 2 for marking
[2020-10-07T09:43:55.723+0000][38832][gc,marking   ] GC(260) Concurrent Mark From Roots 189.520ms
[2020-10-07T09:43:55.723+0000][38832][gc,marking   ] GC(260) Concurrent Preclean
[2020-10-07T09:43:55.724+0000][38832][gc,marking   ] GC(260) Concurrent Preclean 0.896ms
[2020-10-07T09:43:55.724+0000][38832][gc,marking   ] GC(260) Concurrent Mark (110.740s, 110.930s) 190.643ms
[2020-10-07T09:43:55.725+0000][38832][gc,start     ] GC(260) Pause Remark
[2020-10-07T09:43:55.732+0000][38832][gc           ] GC(260) Pause Remark 669M->669M(1024M) 7.620ms
[2020-10-07T09:43:55.732+0000][38832][gc,cpu       ] GC(260) User=0.00s Sys=0.00s Real=0.01s
[2020-10-07T09:43:55.733+0000][38832][safepoint    ] Safepoint "G1Concurrent", Time since last: 195734800 ns, Reaching safepoint: 169600 ns, At safepoint: 8085300 ns, Total: 8254900 ns
[2020-10-07T09:43:55.733+0000][38832][gc,marking   ] GC(260) Concurrent Rebuild Remembered Sets
[2020-10-07T09:43:55.830+0000][38832][gc,marking   ] GC(260) Concurrent Rebuild Remembered Sets 96.249ms
[2020-10-07T09:43:55.830+0000][38832][gc,start     ] GC(260) Pause Cleanup
[2020-10-07T09:43:55.831+0000][38832][gc           ] GC(260) Pause Cleanup 804M->804M(1024M) 0.402ms
[2020-10-07T09:43:55.831+0000][38832][gc,cpu       ] GC(260) User=0.00s Sys=0.00s Real=0.00s
[2020-10-07T09:43:55.831+0000][38832][safepoint    ] Safepoint "G1Concurrent", Time since last: 96465300 ns, Reaching safepoint: 175700 ns, At safepoint: 657300 ns, Total: 833000 ns
[2020-10-07T09:43:55.831+0000][38832][gc,marking   ] GC(260) Concurrent Cleanup for Next Mark
[2020-10-07T09:43:55.833+0000][38832][gc,marking   ] GC(260) Concurrent Cleanup for Next Mark 1.755ms
[2020-10-07T09:43:55.833+0000][38832][gc           ] GC(260) Concurrent Cycle 303.387ms
[2020-10-07T09:43:55.858+0000][38832][gc,start     ] GC(261) Pause Young (Concurrent Start) (G1 Humongous Allocation)
[2020-10-07T09:43:55.858+0000][38832][gc,task      ] GC(261) Using 8 workers of 8 for evacuation
[2020-10-07T09:43:55.858+0000][38832][gc,age       ] GC(261) Desired survivor size 33030144 bytes, new threshold 15 (max threshold 15)
[2020-10-07T09:43:55.863+0000][38832][gc,age       ] GC(261) Age table with threshold 15 (max threshold 15)
[2020-10-07T09:43:55.863+0000][38832][gc,age       ] GC(261) - age   1:    3932440 bytes,    3932440 total
[2020-10-07T09:43:55.863+0000][38832][gc,age       ] GC(261) - age   2:       6992 bytes,    3939432 total
[2020-10-07T09:43:55.863+0000][38832][gc,age       ] GC(261) - age   3:       1720 bytes,    3941152 total
[2020-10-07T09:43:55.863+0000][38832][gc,age       ] GC(261) - age   4:      21928 bytes,    3963080 total
[2020-10-07T09:43:55.863+0000][38832][gc,age       ] GC(261) - age   5:      12848 bytes,    3975928 total
[2020-10-07T09:43:55.863+0000][38832][gc,age       ] GC(261) - age   6:        848 bytes,    3976776 total
[2020-10-07T09:43:55.863+0000][38832][gc,age       ] GC(261) - age   7:      62568 bytes,    4039344 total
[2020-10-07T09:43:55.863+0000][38832][gc,age       ] GC(261) - age   8:       3008 bytes,    4042352 total
[2020-10-07T09:43:55.863+0000][38832][gc,age       ] GC(261) - age   9:        968 bytes,    4043320 total
[2020-10-07T09:43:55.863+0000][38832][gc,age       ] GC(261) - age  10:      62328 bytes,    4105648 total
[2020-10-07T09:43:55.863+0000][38832][gc,age       ] GC(261) - age  11:        488 bytes,    4106136 total
[2020-10-07T09:43:55.863+0000][38832][gc,age       ] GC(261) - age  12:       2040 bytes,    4108176 total
[2020-10-07T09:43:55.863+0000][38832][gc,age       ] GC(261) - age  13:        896 bytes,    4109072 total
[2020-10-07T09:43:55.863+0000][38832][gc,age       ] GC(261) - age  14:       6280 bytes,    4115352 total
[2020-10-07T09:43:55.863+0000][38832][gc,age       ] GC(261) - age  15:       4776 bytes,    4120128 total
[2020-10-07T09:43:55.863+0000][38832][gc,phases    ] GC(261)   Pre Evacuate Collection Set: 0.4ms
[2020-10-07T09:43:55.864+0000][38832][gc,phases    ] GC(261)   Merge Heap Roots: 0.1ms
[2020-10-07T09:43:55.864+0000][38832][gc,phases    ] GC(261)   Evacuate Collection Set: 2.9ms
[2020-10-07T09:43:55.864+0000][38832][gc,phases    ] GC(261)   Post Evacuate Collection Set: 1.2ms
[2020-10-07T09:43:55.864+0000][38832][gc,phases    ] GC(261)   Other: 1.3ms
[2020-10-07T09:43:55.864+0000][38832][gc,heap      ] GC(261) Eden regions: 141->0(494)
[2020-10-07T09:43:55.864+0000][38832][gc,heap      ] GC(261) Survivor regions: 9->5(63)
[2020-10-07T09:43:55.864+0000][38832][gc,heap      ] GC(261) Old regions: 79->79
[2020-10-07T09:43:55.864+0000][38832][gc,heap      ] GC(261) Archive regions: 0->0
[2020-10-07T09:43:55.864+0000][38832][gc,heap      ] GC(261) Humongous regions: 586->174
[2020-10-07T09:43:55.864+0000][38832][gc,metaspace ] GC(261) Metaspace: 88131K(94080K)->88131K(94080K) NonClass: 76942K(80384K)->76942K(80384K) Class: 11188K(13696K)->11188K(13696K)
[2020-10-07T09:43:55.864+0000][38832][gc           ] GC(261) Pause Young (Concurrent Start) (G1 Humongous Allocation) 813M->256M(1024M) 6.447ms
[2020-10-07T09:43:55.864+0000][38832][gc,cpu       ] GC(261) User=0.00s Sys=0.00s Real=0.01s
[2020-10-07T09:43:55.864+0000][38832][gc           ] GC(262) Concurrent Cycle
[2020-10-07T09:43:55.864+0000][38832][safepoint    ] Safepoint "G1TryInitiateConcMark", Time since last: 26483900 ns, Reaching safepoint: 202200 ns, At safepoint: 6707100 ns, Total: 6909300 ns
[2020-10-07T09:43:55.864+0000][38832][gc,marking   ] GC(262) Concurrent Clear Claimed Marks
[2020-10-07T09:43:55.865+0000][38832][gc,marking   ] GC(262) Concurrent Clear Claimed Marks 0.637ms
[2020-10-07T09:43:55.865+0000][38832][gc,marking   ] GC(262) Concurrent Scan Root Regions
[2020-10-07T09:43:55.868+0000][38832][gc,marking   ] GC(262) Concurrent Scan Root Regions 3.250ms
[2020-10-07T09:43:55.868+0000][38832][gc,marking   ] GC(262) Concurrent Mark (111.074s)
[2020-10-07T09:43:55.869+0000][38832][gc,marking   ] GC(262) Concurrent Mark From Roots
[2020-10-07T09:43:55.869+0000][38832][gc,task      ] GC(262) Using 2 workers of 2 for marking
[2020-10-07T09:43:56.035+0000][38832][gc,marking   ] GC(262) Concurrent Mark From Roots 166.701ms
[2020-10-07T09:43:56.035+0000][38832][gc,marking   ] GC(262) Concurrent Preclean
[2020-10-07T09:43:56.036+0000][38832][gc,marking   ] GC(262) Concurrent Preclean 0.831ms
[2020-10-07T09:43:56.036+0000][38832][gc,marking   ] GC(262) Concurrent Mark (111.074s, 111.241s) 167.774ms
[2020-10-07T09:43:56.037+0000][38832][gc,start     ] GC(262) Pause Remark
[2020-10-07T09:43:56.043+0000][38832][gc           ] GC(262) Pause Remark 401M->401M(1024M) 6.377ms
[2020-10-07T09:43:56.043+0000][38832][gc,cpu       ] GC(262) User=0.03s Sys=0.00s Real=0.01s
[2020-10-07T09:43:56.043+0000][38832][safepoint    ] Safepoint "G1Concurrent", Time since last: 172126800 ns, Reaching safepoint: 169900 ns, At safepoint: 6666800 ns, Total: 6836700 ns
[2020-10-07T09:43:56.043+0000][38832][gc,marking   ] GC(262) Concurrent Rebuild Remembered Sets
[2020-10-07T09:43:56.139+0000][38832][gc,marking   ] GC(262) Concurrent Rebuild Remembered Sets 96.158ms
[2020-10-07T09:43:56.140+0000][38832][gc,start     ] GC(262) Pause Cleanup
[2020-10-07T09:43:56.140+0000][38832][gc           ] GC(262) Pause Cleanup 525M->525M(1024M) 0.328ms
[2020-10-07T09:43:56.140+0000][38832][gc,cpu       ] GC(262) User=0.00s Sys=0.00s Real=0.00s
[2020-10-07T09:43:56.140+0000][38832][safepoint    ] Safepoint "G1Concurrent", Time since last: 96366500 ns, Reaching safepoint: 153800 ns, At safepoint: 533500 ns, Total: 687300 ns
[2020-10-07T09:43:56.140+0000][38832][gc,marking   ] GC(262) Concurrent Cleanup for Next Mark
[2020-10-07T09:43:56.142+0000][38832][gc,marking   ] GC(262) Concurrent Cleanup for Next Mark 1.547ms
[2020-10-07T09:43:56.142+0000][38832][gc           ] GC(262) Concurrent Cycle 277.764ms
[2020-10-07T09:43:56.212+0000][38832][gc,start     ] GC(263) Pause Young (Concurrent Start) (G1 Humongous Allocation)
[2020-10-07T09:43:56.212+0000][38832][gc,task      ] GC(263) Using 8 workers of 8 for evacuation
[2020-10-07T09:43:56.212+0000][38832][gc,age       ] GC(263) Desired survivor size 33030144 bytes, new threshold 15 (max threshold 15)
[2020-10-07T09:43:56.217+0000][38832][gc,age       ] GC(263) Age table with threshold 15 (max threshold 15)
[2020-10-07T09:43:56.217+0000][38832][gc,age       ] GC(263) - age   1:   13842312 bytes,   13842312 total
[2020-10-07T09:43:56.218+0000][38832][gc,age       ] GC(263) - age   2:       4344 bytes,   13846656 total
[2020-10-07T09:43:56.218+0000][38832][gc,age       ] GC(263) - age   3:       5008 bytes,   13851664 total
[2020-10-07T09:43:56.218+0000][38832][gc,age       ] GC(263) - age   4:       1328 bytes,   13852992 total
[2020-10-07T09:43:56.218+0000][38832][gc,age       ] GC(263) - age   5:      21760 bytes,   13874752 total
[2020-10-07T09:43:56.218+0000][38832][gc,age       ] GC(263) - age   6:      12496 bytes,   13887248 total
[2020-10-07T09:43:56.218+0000][38832][gc,age       ] GC(263) - age   7:        784 bytes,   13888032 total
[2020-10-07T09:43:56.218+0000][38832][gc,age       ] GC(263) - age   8:      62544 bytes,   13950576 total
[2020-10-07T09:43:56.218+0000][38832][gc,age       ] GC(263) - age   9:       3008 bytes,   13953584 total
[2020-10-07T09:43:56.218+0000][38832][gc,age       ] GC(263) - age  10:        872 bytes,   13954456 total
[2020-10-07T09:43:56.218+0000][38832][gc,age       ] GC(263) - age  11:      62328 bytes,   14016784 total
[2020-10-07T09:43:56.218+0000][38832][gc,age       ] GC(263) - age  12:        488 bytes,   14017272 total
[2020-10-07T09:43:56.218+0000][38832][gc,age       ] GC(263) - age  13:       2040 bytes,   14019312 total
[2020-10-07T09:43:56.218+0000][38832][gc,age       ] GC(263) - age  14:        896 bytes,   14020208 total
[2020-10-07T09:43:56.218+0000][38832][gc,age       ] GC(263) - age  15:       6248 bytes,   14026456 total
[2020-10-07T09:43:56.218+0000][38832][gc,phases    ] GC(263)   Pre Evacuate Collection Set: 0.5ms
[2020-10-07T09:43:56.218+0000][38832][gc,phases    ] GC(263)   Merge Heap Roots: 0.1ms
[2020-10-07T09:43:56.218+0000][38832][gc,phases    ] GC(263)   Evacuate Collection Set: 3.5ms
[2020-10-07T09:43:56.218+0000][38832][gc,phases    ] GC(263)   Post Evacuate Collection Set: 1.2ms
[2020-10-07T09:43:56.218+0000][38832][gc,phases    ] GC(263)   Other: 1.0ms
[2020-10-07T09:43:56.218+0000][38832][gc,heap      ] GC(263) Eden regions: 100->0(478)
[2020-10-07T09:43:56.218+0000][38832][gc,heap      ] GC(263) Survivor regions: 5->14(63)
[2020-10-07T09:43:56.218+0000][38832][gc,heap      ] GC(263) Old regions: 79->79
[2020-10-07T09:43:56.218+0000][38832][gc,heap      ] GC(263) Archive regions: 0->0
[2020-10-07T09:43:56.218+0000][38832][gc,heap      ] GC(263) Humongous regions: 370->174
[2020-10-07T09:43:56.218+0000][38832][gc,metaspace ] GC(263) Metaspace: 88187K(94080K)->88187K(94080K) NonClass: 76999K(80384K)->76999K(80384K) Class: 11188K(13696K)->11188K(13696K)
[2020-10-07T09:43:56.218+0000][38832][gc           ] GC(263) Pause Young (Concurrent Start) (G1 Humongous Allocation) 552M->266M(1024M) 6.584ms
[2020-10-07T09:43:56.218+0000][38832][gc,cpu       ] GC(263) User=0.00s Sys=0.00s Real=0.01s
[2020-10-07T09:43:56.218+0000][38832][gc           ] GC(264) Concurrent Cycle
[2020-10-07T09:43:56.219+0000][38832][safepoint    ] Safepoint "G1TryInitiateConcMark", Time since last: 71255900 ns, Reaching safepoint: 158900 ns, At safepoint: 6835900 ns, Total: 6994800 ns
[2020-10-07T09:43:56.219+0000][38832][gc,marking   ] GC(264) Concurrent Clear Claimed Marks
[2020-10-07T09:43:56.219+0000][38832][gc,marking   ] GC(264) Concurrent Clear Claimed Marks 0.724ms
[2020-10-07T09:43:56.219+0000][38832][gc,marking   ] GC(264) Concurrent Scan Root Regions
[2020-10-07T09:43:56.223+0000][38832][gc,marking   ] GC(264) Concurrent Scan Root Regions 3.427ms
[2020-10-07T09:43:56.223+0000][38832][gc,marking   ] GC(264) Concurrent Mark (111.428s)
[2020-10-07T09:43:56.223+0000][38832][gc,marking   ] GC(264) Concurrent Mark From Roots
[2020-10-07T09:43:56.223+0000][38832][gc,task      ] GC(264) Using 2 workers of 2 for marking
[2020-10-07T09:43:56.402+0000][38832][gc,marking   ] GC(264) Concurrent Mark From Roots 179.347ms
[2020-10-07T09:43:56.403+0000][38832][gc,marking   ] GC(264) Concurrent Preclean
[2020-10-07T09:43:56.404+0000][38832][gc,marking   ] GC(264) Concurrent Preclean 1.045ms
[2020-10-07T09:43:56.404+0000][38832][gc,marking   ] GC(264) Concurrent Mark (111.428s, 111.609s) 180.722ms
[2020-10-07T09:43:56.404+0000][38832][gc,start     ] GC(264) Pause Remark
[2020-10-07T09:43:56.411+0000][38832][gc           ] GC(264) Pause Remark 665M->665M(1024M) 6.972ms
[2020-10-07T09:43:56.411+0000][38832][gc,cpu       ] GC(264) User=0.00s Sys=0.00s Real=0.01s
[2020-10-07T09:43:56.413+0000][38832][safepoint    ] Safepoint "G1Concurrent", Time since last: 185313800 ns, Reaching safepoint: 196100 ns, At safepoint: 8753300 ns, Total: 8949400 ns
[2020-10-07T09:43:56.413+0000][38832][gc,marking   ] GC(264) Concurrent Rebuild Remembered Sets
[2020-10-07T09:43:56.514+0000][38832][gc,marking   ] GC(264) Concurrent Rebuild Remembered Sets 100.874ms
[2020-10-07T09:43:56.514+0000][38832][gc,start     ] GC(264) Pause Cleanup
[2020-10-07T09:43:56.514+0000][38832][gc           ] GC(264) Pause Cleanup 741M->741M(1024M) 0.385ms
[2020-10-07T09:43:56.515+0000][38832][gc,cpu       ] GC(264) User=0.00s Sys=0.00s Real=0.00s
[2020-10-07T09:43:56.515+0000][38832][safepoint    ] Safepoint "G1Concurrent", Time since last: 101109200 ns, Reaching safepoint: 161600 ns, At safepoint: 663400 ns, Total: 825000 ns
[2020-10-07T09:43:56.515+0000][38832][gc,marking   ] GC(264) Concurrent Cleanup for Next Mark
[2020-10-07T09:43:56.517+0000][38832][gc,marking   ] GC(264) Concurrent Cleanup for Next Mark 1.940ms
[2020-10-07T09:43:56.517+0000][38832][gc           ] GC(264) Concurrent Cycle 298.404ms
[2020-10-07T09:43:56.517+0000][38832][gc,start     ] GC(265) Pause Young (Concurrent Start) (G1 Humongous Allocation)
[2020-10-07T09:43:56.517+0000][38832][gc,task      ] GC(265) Using 8 workers of 8 for evacuation
[2020-10-07T09:43:56.517+0000][38832][gc,age       ] GC(265) Desired survivor size 32505856 bytes, new threshold 15 (max threshold 15)
[2020-10-07T09:43:56.522+0000][38832][gc,age       ] GC(265) Age table with threshold 15 (max threshold 15)
[2020-10-07T09:43:56.522+0000][38832][gc,age       ] GC(265) - age   1:    3907336 bytes,    3907336 total
[2020-10-07T09:43:56.522+0000][38832][gc,age       ] GC(265) - age   2:      10016 bytes,    3917352 total
[2020-10-07T09:43:56.522+0000][38832][gc,age       ] GC(265) - age   3:       3176 bytes,    3920528 total
[2020-10-07T09:43:56.522+0000][38832][gc,age       ] GC(265) - age   4:       4720 bytes,    3925248 total
[2020-10-07T09:43:56.522+0000][38832][gc,age       ] GC(265) - age   5:       1328 bytes,    3926576 total
[2020-10-07T09:43:56.522+0000][38832][gc,age       ] GC(265) - age   6:      21664 bytes,    3948240 total
[2020-10-07T09:43:56.522+0000][38832][gc,age       ] GC(265) - age   7:      12208 bytes,    3960448 total
[2020-10-07T09:43:56.522+0000][38832][gc,age       ] GC(265) - age   8:        624 bytes,    3961072 total
[2020-10-07T09:43:56.523+0000][38832][gc,age       ] GC(265) - age   9:      62512 bytes,    4023584 total
[2020-10-07T09:43:56.523+0000][38832][gc,age       ] GC(265) - age  10:       3008 bytes,    4026592 total
[2020-10-07T09:43:56.523+0000][38832][gc,age       ] GC(265) - age  11:        840 bytes,    4027432 total
[2020-10-07T09:43:56.523+0000][38832][gc,age       ] GC(265) - age  12:      62328 bytes,    4089760 total
[2020-10-07T09:43:56.523+0000][38832][gc,age       ] GC(265) - age  13:        296 bytes,    4090056 total
[2020-10-07T09:43:56.523+0000][38832][gc,age       ] GC(265) - age  14:       1976 bytes,    4092032 total
[2020-10-07T09:43:56.523+0000][38832][gc,age       ] GC(265) - age  15:        800 bytes,    4092832 total
[2020-10-07T09:43:56.523+0000][38832][gc,phases    ] GC(265)   Pre Evacuate Collection Set: 0.4ms
[2020-10-07T09:43:56.523+0000][38832][gc,phases    ] GC(265)   Merge Heap Roots: 0.1ms
[2020-10-07T09:43:56.523+0000][38832][gc,phases    ] GC(265)   Evacuate Collection Set: 2.6ms
[2020-10-07T09:43:56.523+0000][38832][gc,phases    ] GC(265)   Post Evacuate Collection Set: 1.2ms
[2020-10-07T09:43:56.523+0000][38832][gc,phases    ] GC(265)   Other: 1.6ms
[2020-10-07T09:43:56.523+0000][38832][gc,heap      ] GC(265) Eden regions: 116->0(489)
[2020-10-07T09:43:56.524+0000][38832][gc,heap      ] GC(265) Survivor regions: 14->5(62)
[2020-10-07T09:43:56.524+0000][38832][gc,heap      ] GC(265) Old regions: 79->79
[2020-10-07T09:43:56.524+0000][38832][gc,heap      ] GC(265) Archive regions: 0->0
[2020-10-07T09:43:56.524+0000][38832][gc,heap      ] GC(265) Humongous regions: 534->174
[2020-10-07T09:43:56.524+0000][38832][gc,metaspace ] GC(265) Metaspace: 88192K(94080K)->88192K(94080K) NonClass: 77004K(80384K)->77004K(80384K) Class: 11188K(13696K)->11188K(13696K)
[2020-10-07T09:43:56.524+0000][38832][gc           ] GC(265) Pause Young (Concurrent Start) (G1 Humongous Allocation) 742M->257M(1024M) 6.688ms
[2020-10-07T09:43:56.524+0000][38832][gc,cpu       ] GC(265) User=0.00s Sys=0.02s Real=0.01s
[2020-10-07T09:43:56.524+0000][38832][gc           ] GC(266) Concurrent Cycle
[2020-10-07T09:43:56.524+0000][38832][safepoint    ] Safepoint "G1TryInitiateConcMark", Time since last: 2249900 ns, Reaching safepoint: 167300 ns, At safepoint: 6925100 ns, Total: 7092400 ns
[2020-10-07T09:43:56.524+0000][38832][gc,marking   ] GC(266) Concurrent Clear Claimed Marks
[2020-10-07T09:43:56.525+0000][38832][gc,marking   ] GC(266) Concurrent Clear Claimed Marks 0.488ms
[2020-10-07T09:43:56.525+0000][38832][gc,marking   ] GC(266) Concurrent Scan Root Regions
[2020-10-07T09:43:56.528+0000][38832][gc,marking   ] GC(266) Concurrent Scan Root Regions 3.587ms
[2020-10-07T09:43:56.528+0000][38832][gc,marking   ] GC(266) Concurrent Mark (111.734s)
[2020-10-07T09:43:56.529+0000][38832][gc,marking   ] GC(266) Concurrent Mark From Roots
[2020-10-07T09:43:56.529+0000][38832][gc,task      ] GC(266) Using 2 workers of 2 for marking
[2020-10-07T09:43:56.705+0000][38832][gc,marking   ] GC(266) Concurrent Mark From Roots 176.435ms
[2020-10-07T09:43:56.705+0000][38832][gc,marking   ] GC(266) Concurrent Preclean
[2020-10-07T09:43:56.706+0000][38832][gc,marking   ] GC(266) Concurrent Preclean 1.088ms
[2020-10-07T09:43:56.706+0000][38832][gc,marking   ] GC(266) Concurrent Mark (111.734s, 111.912s) 177.863ms
[2020-10-07T09:43:56.707+0000][38832][gc,start     ] GC(266) Pause Remark
[2020-10-07T09:43:56.714+0000][38832][gc           ] GC(266) Pause Remark 410M->410M(1024M) 7.221ms
[2020-10-07T09:43:56.714+0000][38832][gc,cpu       ] GC(266) User=0.09s Sys=0.00s Real=0.01s
[2020-10-07T09:43:56.718+0000][38832][safepoint    ] Safepoint "G1Concurrent", Time since last: 182418000 ns, Reaching safepoint: 251100 ns, At safepoint: 11029900 ns, Total: 11281000 ns
[2020-10-07T09:43:56.718+0000][38832][gc,marking   ] GC(266) Concurrent Rebuild Remembered Sets
[2020-10-07T09:43:56.818+0000][38832][gc,marking   ] GC(266) Concurrent Rebuild Remembered Sets 100.448ms
[2020-10-07T09:43:56.819+0000][38832][gc,start     ] GC(266) Pause Cleanup
[2020-10-07T09:43:56.819+0000][38832][gc           ] GC(266) Pause Cleanup 457M->457M(1024M) 0.423ms
[2020-10-07T09:43:56.819+0000][38832][gc,cpu       ] GC(266) User=0.00s Sys=0.00s Real=0.00s
[2020-10-07T09:43:56.819+0000][38832][safepoint    ] Safepoint "G1Concurrent", Time since last: 100727200 ns, Reaching safepoint: 183100 ns, At safepoint: 594900 ns, Total: 778000 ns
[2020-10-07T09:43:56.819+0000][38832][gc,marking   ] GC(266) Concurrent Cleanup for Next Mark
[2020-10-07T09:43:56.821+0000][38832][gc,marking   ] GC(266) Concurrent Cleanup for Next Mark 2.156ms
[2020-10-07T09:43:56.822+0000][38832][gc           ] GC(266) Concurrent Cycle 297.572ms
[2020-10-07T09:43:56.897+0000][38832][gc,start     ] GC(267) Pause Young (Concurrent Start) (G1 Humongous Allocation)
[2020-10-07T09:43:56.897+0000][38832][gc,task      ] GC(267) Using 8 workers of 8 for evacuation
[2020-10-07T09:43:56.897+0000][38832][gc,age       ] GC(267) Desired survivor size 32505856 bytes, new threshold 15 (max threshold 15)
[2020-10-07T09:43:56.901+0000][38832][gc,age       ] GC(267) Age table with threshold 15 (max threshold 15)
[2020-10-07T09:43:56.901+0000][38832][gc,age       ] GC(267) - age   1:    6766408 bytes,    6766408 total
[2020-10-07T09:43:56.901+0000][38832][gc,age       ] GC(267) - age   2:       3144 bytes,    6769552 total
[2020-10-07T09:43:56.902+0000][38832][gc,age       ] GC(267) - age   3:       5352 bytes,    6774904 total
[2020-10-07T09:43:56.902+0000][38832][gc,age       ] GC(267) - age   4:       1752 bytes,    6776656 total
[2020-10-07T09:43:56.902+0000][38832][gc,age       ] GC(267) - age   5:       4592 bytes,    6781248 total
[2020-10-07T09:43:56.902+0000][38832][gc,age       ] GC(267) - age   6:       1232 bytes,    6782480 total
[2020-10-07T09:43:56.902+0000][38832][gc,age       ] GC(267) - age   7:      21600 bytes,    6804080 total
[2020-10-07T09:43:56.902+0000][38832][gc,age       ] GC(267) - age   8:      12208 bytes,    6816288 total
[2020-10-07T09:43:56.902+0000][38832][gc,age       ] GC(267) - age   9:        624 bytes,    6816912 total
[2020-10-07T09:43:56.902+0000][38832][gc,age       ] GC(267) - age  10:      62448 bytes,    6879360 total
[2020-10-07T09:43:56.902+0000][38832][gc,age       ] GC(267) - age  11:       3008 bytes,    6882368 total
[2020-10-07T09:43:56.902+0000][38832][gc,age       ] GC(267) - age  12:        776 bytes,    6883144 total
[2020-10-07T09:43:56.902+0000][38832][gc,age       ] GC(267) - age  13:      62296 bytes,    6945440 total
[2020-10-07T09:43:56.902+0000][38832][gc,age       ] GC(267) - age  14:        296 bytes,    6945736 total
[2020-10-07T09:43:56.902+0000][38832][gc,age       ] GC(267) - age  15:       1976 bytes,    6947712 total
[2020-10-07T09:43:56.902+0000][38832][gc,phases    ] GC(267)   Pre Evacuate Collection Set: 0.5ms
[2020-10-07T09:43:56.902+0000][38832][gc,phases    ] GC(267)   Merge Heap Roots: 0.1ms
[2020-10-07T09:43:56.902+0000][38832][gc,phases    ] GC(267)   Evacuate Collection Set: 2.8ms
[2020-10-07T09:43:56.902+0000][38832][gc,phases    ] GC(267)   Post Evacuate Collection Set: 1.0ms
[2020-10-07T09:43:56.902+0000][38832][gc,phases    ] GC(267)   Other: 1.3ms
[2020-10-07T09:43:56.902+0000][38832][gc,heap      ] GC(267) Eden regions: 69->0(486)
[2020-10-07T09:43:56.902+0000][38832][gc,heap      ] GC(267) Survivor regions: 5->8(62)
[2020-10-07T09:43:56.903+0000][38832][gc,heap      ] GC(267) Old regions: 79->79
[2020-10-07T09:43:56.903+0000][38832][gc,heap      ] GC(267) Archive regions: 0->0
[2020-10-07T09:43:56.903+0000][38832][gc,heap      ] GC(267) Humongous regions: 326->174
[2020-10-07T09:43:56.903+0000][38832][gc,metaspace ] GC(267) Metaspace: 88199K(94336K)->88199K(94336K) NonClass: 77010K(80640K)->77010K(80640K) Class: 11188K(13696K)->11188K(13696K)
[2020-10-07T09:43:56.903+0000][38832][gc           ] GC(267) Pause Young (Concurrent Start) (G1 Humongous Allocation) 478M->259M(1024M) 6.244ms
[2020-10-07T09:43:56.903+0000][38832][gc,cpu       ] GC(267) User=0.02s Sys=0.02s Real=0.01s
[2020-10-07T09:43:56.903+0000][38832][gc           ] GC(268) Concurrent Cycle
[2020-10-07T09:43:56.903+0000][38832][gc,marking   ] GC(268) Concurrent Clear Claimed Marks
[2020-10-07T09:43:56.903+0000][38832][safepoint    ] Safepoint "G1TryInitiateConcMark", Time since last: 76995300 ns, Reaching safepoint: 200000 ns, At safepoint: 6588500 ns, Total: 6788500 ns
[2020-10-07T09:43:56.903+0000][38832][gc,marking   ] GC(268) Concurrent Clear Claimed Marks 0.446ms
[2020-10-07T09:43:56.904+0000][38832][gc,marking   ] GC(268) Concurrent Scan Root Regions
[2020-10-07T09:43:56.907+0000][38832][gc,marking   ] GC(268) Concurrent Scan Root Regions 2.985ms
[2020-10-07T09:43:56.907+0000][38832][gc,marking   ] GC(268) Concurrent Mark (112.112s)
[2020-10-07T09:43:56.907+0000][38832][gc,marking   ] GC(268) Concurrent Mark From Roots
[2020-10-07T09:43:56.907+0000][38832][gc,task      ] GC(268) Using 2 workers of 2 for marking
[2020-10-07T09:43:57.093+0000][38832][gc,marking   ] GC(268) Concurrent Mark From Roots 186.413ms
[2020-10-07T09:43:57.093+0000][38832][gc,marking   ] GC(268) Concurrent Preclean
[2020-10-07T09:43:57.094+0000][38832][gc,marking   ] GC(268) Concurrent Preclean 1.089ms
[2020-10-07T09:43:57.095+0000][38832][gc,marking   ] GC(268) Concurrent Mark (112.112s, 112.300s) 187.832ms
[2020-10-07T09:43:57.095+0000][38832][gc,start     ] GC(268) Pause Remark
[2020-10-07T09:43:57.102+0000][38832][gc           ] GC(268) Pause Remark 596M->596M(1024M) 6.827ms
[2020-10-07T09:43:57.102+0000][38832][gc,cpu       ] GC(268) User=0.09s Sys=0.02s Real=0.01s
[2020-10-07T09:43:57.104+0000][38832][safepoint    ] Safepoint "G1Concurrent", Time since last: 191649600 ns, Reaching safepoint: 220300 ns, At safepoint: 9304400 ns, Total: 9524700 ns
[2020-10-07T09:43:57.104+0000][38832][gc,marking   ] GC(268) Concurrent Rebuild Remembered Sets
[2020-10-07T09:43:57.122+0000][38832][safepoint    ] Safepoint "BulkRevokeBias", Time since last: 10633200 ns, Reaching safepoint: 3836700 ns, At safepoint: 3164200 ns, Total: 7000900 ns
[2020-10-07T09:43:57.210+0000][38832][gc,marking   ] GC(268) Concurrent Rebuild Remembered Sets 105.239ms
[2020-10-07T09:43:57.211+0000][38832][gc,start     ] GC(268) Pause Cleanup
[2020-10-07T09:43:57.211+0000][38832][gc           ] GC(268) Pause Cleanup 792M->792M(1024M) 0.440ms
[2020-10-07T09:43:57.211+0000][38832][gc,cpu       ] GC(268) User=0.00s Sys=0.00s Real=0.00s
[2020-10-07T09:43:57.212+0000][38832][safepoint    ] Safepoint "G1Concurrent", Time since last: 87913900 ns, Reaching safepoint: 1061400 ns, At safepoint: 1074700 ns, Total: 2136100 ns
[2020-10-07T09:43:57.212+0000][38832][gc,marking   ] GC(268) Concurrent Cleanup for Next Mark
[2020-10-07T09:43:57.214+0000][38832][gc,marking   ] GC(268) Concurrent Cleanup for Next Mark 1.603ms
[2020-10-07T09:43:57.214+0000][38832][gc           ] GC(268) Concurrent Cycle 310.759ms
[2020-10-07T09:43:57.214+0000][38832][gc,start     ] GC(269) Pause Young (Concurrent Start) (G1 Humongous Allocation)
[2020-10-07T09:43:57.215+0000][38832][gc,task      ] GC(269) Using 8 workers of 8 for evacuation
[2020-10-07T09:43:57.215+0000][38832][gc,age       ] GC(269) Desired survivor size 32505856 bytes, new threshold 15 (max threshold 15)
[2020-10-07T09:43:57.220+0000][38832][gc,age       ] GC(269) Age table with threshold 15 (max threshold 15)
[2020-10-07T09:43:57.220+0000][38832][gc,age       ] GC(269) - age   1:    7004136 bytes,    7004136 total
[2020-10-07T09:43:57.220+0000][38832][gc,age       ] GC(269) - age   2:      14016 bytes,    7018152 total
[2020-10-07T09:43:57.220+0000][38832][gc,age       ] GC(269) - age   3:       2272 bytes,    7020424 total
[2020-10-07T09:43:57.220+0000][38832][gc,age       ] GC(269) - age   4:       4736 bytes,    7025160 total
[2020-10-07T09:43:57.220+0000][38832][gc,age       ] GC(269) - age   5:       1528 bytes,    7026688 total
[2020-10-07T09:43:57.220+0000][38832][gc,age       ] GC(269) - age   6:       4528 bytes,    7031216 total
[2020-10-07T09:43:57.220+0000][38832][gc,age       ] GC(269) - age   7:       1232 bytes,    7032448 total
[2020-10-07T09:43:57.220+0000][38832][gc,age       ] GC(269) - age   8:      21600 bytes,    7054048 total
[2020-10-07T09:43:57.220+0000][38832][gc,age       ] GC(269) - age   9:      12208 bytes,    7066256 total
[2020-10-07T09:43:57.220+0000][38832][gc,age       ] GC(269) - age  10:        624 bytes,    7066880 total
[2020-10-07T09:43:57.220+0000][38832][gc,age       ] GC(269) - age  11:      62416 bytes,    7129296 total
[2020-10-07T09:43:57.220+0000][38832][gc,age       ] GC(269) - age  12:       3008 bytes,    7132304 total
[2020-10-07T09:43:57.221+0000][38832][gc,age       ] GC(269) - age  13:        776 bytes,    7133080 total
[2020-10-07T09:43:57.221+0000][38832][gc,age       ] GC(269) - age  14:      62264 bytes,    7195344 total
[2020-10-07T09:43:57.221+0000][38832][gc,age       ] GC(269) - age  15:        296 bytes,    7195640 total
[2020-10-07T09:43:57.221+0000][38832][gc,phases    ] GC(269)   Pre Evacuate Collection Set: 0.5ms
[2020-10-07T09:43:57.221+0000][38832][gc,phases    ] GC(269)   Merge Heap Roots: 0.1ms
[2020-10-07T09:43:57.221+0000][38832][gc,phases    ] GC(269)   Evacuate Collection Set: 2.8ms
[2020-10-07T09:43:57.221+0000][38832][gc,phases    ] GC(269)   Post Evacuate Collection Set: 1.4ms
[2020-10-07T09:43:57.221+0000][38832][gc,phases    ] GC(269)   Other: 1.6ms
[2020-10-07T09:43:57.221+0000][38832][gc,heap      ] GC(269) Eden regions: 123->0(485)
[2020-10-07T09:43:57.221+0000][38832][gc,heap      ] GC(269) Survivor regions: 8->8(62)
[2020-10-07T09:43:57.221+0000][38832][gc,heap      ] GC(269) Old regions: 79->79
[2020-10-07T09:43:57.221+0000][38832][gc,heap      ] GC(269) Archive regions: 0->0
[2020-10-07T09:43:57.221+0000][38832][gc,heap      ] GC(269) Humongous regions: 587->174
[2020-10-07T09:43:57.221+0000][38832][gc,metaspace ] GC(269) Metaspace: 88206K(94336K)->88206K(94336K) NonClass: 77018K(80640K)->77018K(80640K) Class: 11188K(13696K)->11188K(13696K)
[2020-10-07T09:43:57.221+0000][38832][gc           ] GC(269) Pause Young (Concurrent Start) (G1 Humongous Allocation) 794M->259M(1024M) 6.891ms
[2020-10-07T09:43:57.221+0000][38832][gc,cpu       ] GC(269) User=0.00s Sys=0.00s Real=0.01s
[2020-10-07T09:43:57.222+0000][38832][gc           ] GC(270) Concurrent Cycle
[2020-10-07T09:43:57.222+0000][38832][safepoint    ] Safepoint "G1TryInitiateConcMark", Time since last: 2249200 ns, Reaching safepoint: 228800 ns, At safepoint: 7223100 ns, Total: 7451900 ns
[2020-10-07T09:43:57.222+0000][38832][gc,marking   ] GC(270) Concurrent Clear Claimed Marks
[2020-10-07T09:43:57.222+0000][38832][gc,marking   ] GC(270) Concurrent Clear Claimed Marks 0.638ms
[2020-10-07T09:43:57.222+0000][38832][gc,marking   ] GC(270) Concurrent Scan Root Regions
[2020-10-07T09:43:57.225+0000][38832][gc,marking   ] GC(270) Concurrent Scan Root Regions 2.886ms
[2020-10-07T09:43:57.225+0000][38832][gc,marking   ] GC(270) Concurrent Mark (112.431s)
[2020-10-07T09:43:57.225+0000][38832][gc,marking   ] GC(270) Concurrent Mark From Roots
[2020-10-07T09:43:57.226+0000][38832][gc,task      ] GC(270) Using 2 workers of 2 for marking
[2020-10-07T09:43:57.407+0000][38832][gc,marking   ] GC(270) Concurrent Mark From Roots 181.264ms
[2020-10-07T09:43:57.407+0000][38832][gc,marking   ] GC(270) Concurrent Preclean
[2020-10-07T09:43:57.408+0000][38832][gc,marking   ] GC(270) Concurrent Preclean 0.832ms
[2020-10-07T09:43:57.408+0000][38832][gc,marking   ] GC(270) Concurrent Mark (112.431s, 112.613s) 182.370ms
[2020-10-07T09:43:57.408+0000][38832][gc,start     ] GC(270) Pause Remark
[2020-10-07T09:43:57.415+0000][38832][gc           ] GC(270) Pause Remark 481M->481M(1024M) 7.173ms
[2020-10-07T09:43:57.415+0000][38832][gc,cpu       ] GC(270) User=0.11s Sys=0.00s Real=0.01s
[2020-10-07T09:43:57.415+0000][38832][safepoint    ] Safepoint "G1Concurrent", Time since last: 186296400 ns, Reaching safepoint: 158400 ns, At safepoint: 7464300 ns, Total: 7622700 ns
[2020-10-07T09:43:57.416+0000][38832][gc,marking   ] GC(270) Concurrent Rebuild Remembered Sets
[2020-10-07T09:43:57.519+0000][38832][gc,marking   ] GC(270) Concurrent Rebuild Remembered Sets 103.916ms
[2020-10-07T09:43:57.520+0000][38832][gc,start     ] GC(270) Pause Cleanup
[2020-10-07T09:43:57.520+0000][38832][gc           ] GC(270) Pause Cleanup 615M->615M(1024M) 0.350ms
[2020-10-07T09:43:57.520+0000][38832][gc,cpu       ] GC(270) User=0.00s Sys=0.00s Real=0.00s
[2020-10-07T09:43:57.520+0000][38832][safepoint    ] Safepoint "G1Concurrent", Time since last: 104202600 ns, Reaching safepoint: 242100 ns, At safepoint: 555400 ns, Total: 797500 ns
[2020-10-07T09:43:57.520+0000][38832][gc,marking   ] GC(270) Concurrent Cleanup for Next Mark
[2020-10-07T09:43:57.522+0000][38832][gc,marking   ] GC(270) Concurrent Cleanup for Next Mark 1.786ms
[2020-10-07T09:43:57.522+0000][38832][gc           ] GC(270) Concurrent Cycle 300.993ms
[2020-10-07T09:43:57.574+0000][38832][gc,start     ] GC(271) Pause Young (Concurrent Start) (G1 Humongous Allocation)
[2020-10-07T09:43:57.575+0000][38832][gc,task      ] GC(271) Using 8 workers of 8 for evacuation
[2020-10-07T09:43:57.575+0000][38832][gc,age       ] GC(271) Desired survivor size 32505856 bytes, new threshold 15 (max threshold 15)
[2020-10-07T09:43:57.579+0000][38832][gc,age       ] GC(271) Age table with threshold 15 (max threshold 15)
[2020-10-07T09:43:57.579+0000][38832][gc,age       ] GC(271) - age   1:    3930992 bytes,    3930992 total
[2020-10-07T09:43:57.579+0000][38832][gc,age       ] GC(271) - age   2:       4048 bytes,    3935040 total
[2020-10-07T09:43:57.579+0000][38832][gc,age       ] GC(271) - age   3:      13480 bytes,    3948520 total
[2020-10-07T09:43:57.579+0000][38832][gc,age       ] GC(271) - age   4:       1280 bytes,    3949800 total
[2020-10-07T09:43:57.579+0000][38832][gc,age       ] GC(271) - age   5:       4416 bytes,    3954216 total
[2020-10-07T09:43:57.579+0000][38832][gc,age       ] GC(271) - age   6:       1016 bytes,    3955232 total
[2020-10-07T09:43:57.579+0000][38832][gc,age       ] GC(271) - age   7:       4528 bytes,    3959760 total
[2020-10-07T09:43:57.579+0000][38832][gc,age       ] GC(271) - age   8:       1232 bytes,    3960992 total
[2020-10-07T09:43:57.579+0000][38832][gc,age       ] GC(271) - age   9:      21536 bytes,    3982528 total
[2020-10-07T09:43:57.579+0000][38832][gc,age       ] GC(271) - age  10:      12016 bytes,    3994544 total
[2020-10-07T09:43:57.579+0000][38832][gc,age       ] GC(271) - age  11:        624 bytes,    3995168 total
[2020-10-07T09:43:57.579+0000][38832][gc,age       ] GC(271) - age  12:      62320 bytes,    4057488 total
[2020-10-07T09:43:57.579+0000][38832][gc,age       ] GC(271) - age  13:       3008 bytes,    4060496 total
[2020-10-07T09:43:57.579+0000][38832][gc,age       ] GC(271) - age  14:        712 bytes,    4061208 total
[2020-10-07T09:43:57.579+0000][38832][gc,age       ] GC(271) - age  15:      62200 bytes,    4123408 total
[2020-10-07T09:43:57.579+0000][38832][gc,phases    ] GC(271)   Pre Evacuate Collection Set: 0.4ms
[2020-10-07T09:43:57.579+0000][38832][gc,phases    ] GC(271)   Merge Heap Roots: 0.2ms
[2020-10-07T09:43:57.579+0000][38832][gc,phases    ] GC(271)   Evacuate Collection Set: 2.5ms
[2020-10-07T09:43:57.579+0000][38832][gc,phases    ] GC(271)   Post Evacuate Collection Set: 0.9ms
[2020-10-07T09:43:57.579+0000][38832][gc,phases    ] GC(271)   Other: 0.9ms
[2020-10-07T09:43:57.579+0000][38832][gc,heap      ] GC(271) Eden regions: 117->0(490)
[2020-10-07T09:43:57.579+0000][38832][gc,heap      ] GC(271) Survivor regions: 8->5(62)
[2020-10-07T09:43:57.580+0000][38832][gc,heap      ] GC(271) Old regions: 79->79
[2020-10-07T09:43:57.580+0000][38832][gc,heap      ] GC(271) Archive regions: 0->0
[2020-10-07T09:43:57.580+0000][38832][gc,heap      ] GC(271) Humongous regions: 429->174
[2020-10-07T09:43:57.580+0000][38832][gc,metaspace ] GC(271) Metaspace: 88207K(94336K)->88207K(94336K) NonClass: 77019K(80640K)->77019K(80640K) Class: 11188K(13696K)->11188K(13696K)
[2020-10-07T09:43:57.580+0000][38832][gc           ] GC(271) Pause Young (Concurrent Start) (G1 Humongous Allocation) 631M->256M(1024M) 5.255ms
[2020-10-07T09:43:57.580+0000][38832][gc,cpu       ] GC(271) User=0.00s Sys=0.00s Real=0.01s
[2020-10-07T09:43:57.580+0000][38832][safepoint    ] Safepoint "G1TryInitiateConcMark", Time since last: 53758400 ns, Reaching safepoint: 192700 ns, At safepoint: 5475600 ns, Total: 5668300 ns
[2020-10-07T09:43:57.580+0000][38832][gc           ] GC(272) Concurrent Cycle
[2020-10-07T09:43:57.580+0000][38832][gc,marking   ] GC(272) Concurrent Clear Claimed Marks
[2020-10-07T09:43:57.580+0000][38832][gc,marking   ] GC(272) Concurrent Clear Claimed Marks 0.400ms
[2020-10-07T09:43:57.580+0000][38832][gc,marking   ] GC(272) Concurrent Scan Root Regions
[2020-10-07T09:43:57.584+0000][38832][gc,marking   ] GC(272) Concurrent Scan Root Regions 3.088ms
[2020-10-07T09:43:57.584+0000][38832][gc,marking   ] GC(272) Concurrent Mark (112.789s)
[2020-10-07T09:43:57.584+0000][38832][gc,marking   ] GC(272) Concurrent Mark From Roots
[2020-10-07T09:43:57.584+0000][38832][gc,task      ] GC(272) Using 2 workers of 2 for marking
[2020-10-07T09:43:57.741+0000][38832][gc,marking   ] GC(272) Concurrent Mark From Roots 158.031ms
[2020-10-07T09:43:57.741+0000][38832][gc,marking   ] GC(272) Concurrent Preclean
[2020-10-07T09:43:57.742+0000][38832][gc,marking   ] GC(272) Concurrent Preclean 0.959ms
[2020-10-07T09:43:57.742+0000][38832][gc,marking   ] GC(272) Concurrent Mark (112.789s, 112.948s) 159.292ms
[2020-10-07T09:43:57.743+0000][38832][gc,start     ] GC(272) Pause Remark
[2020-10-07T09:43:57.750+0000][38832][gc           ] GC(272) Pause Remark 396M->396M(1024M) 6.887ms
[2020-10-07T09:43:57.750+0000][38832][gc,cpu       ] GC(272) User=0.00s Sys=0.00s Real=0.01s
[2020-10-07T09:43:57.752+0000][38832][safepoint    ] Safepoint "G1Concurrent", Time since last: 163182400 ns, Reaching safepoint: 580100 ns, At safepoint: 9030800 ns, Total: 9610900 ns
[2020-10-07T09:43:57.752+0000][38832][gc,marking   ] GC(272) Concurrent Rebuild Remembered Sets
[2020-10-07T09:43:57.852+0000][38832][gc,marking   ] GC(272) Concurrent Rebuild Remembered Sets 100.275ms
[2020-10-07T09:43:57.853+0000][38832][gc,start     ] GC(272) Pause Cleanup
[2020-10-07T09:43:57.853+0000][38832][gc           ] GC(272) Pause Cleanup 468M->468M(1024M) 0.292ms
[2020-10-07T09:43:57.853+0000][38832][gc,cpu       ] GC(272) User=0.00s Sys=0.00s Real=0.00s
[2020-10-07T09:43:57.853+0000][38832][safepoint    ] Safepoint "G1Concurrent", Time since last: 100532700 ns, Reaching safepoint: 153900 ns, At safepoint: 452100 ns, Total: 606000 ns
[2020-10-07T09:43:57.853+0000][38832][gc,marking   ] GC(272) Concurrent Cleanup for Next Mark
[2020-10-07T09:43:57.855+0000][38832][gc,marking   ] GC(272) Concurrent Cleanup for Next Mark 1.623ms
[2020-10-07T09:43:57.855+0000][38832][gc           ] GC(272) Concurrent Cycle 275.770ms
[2020-10-07T09:43:57.855+0000][38832][gc,start     ] GC(273) Pause Young (Concurrent Start) (G1 Humongous Allocation)
[2020-10-07T09:43:57.855+0000][38832][gc,task      ] GC(273) Using 8 workers of 8 for evacuation
[2020-10-07T09:43:57.855+0000][38832][gc,age       ] GC(273) Desired survivor size 32505856 bytes, new threshold 15 (max threshold 15)
[2020-10-07T09:43:57.859+0000][38832][gc,age       ] GC(273) Age table with threshold 15 (max threshold 15)
[2020-10-07T09:43:57.859+0000][38832][gc,age       ] GC(273) - age   1:    2968608 bytes,    2968608 total
[2020-10-07T09:43:57.860+0000][38832][gc,age       ] GC(273) - age   2:       5496 bytes,    2974104 total
[2020-10-07T09:43:57.860+0000][38832][gc,age       ] GC(273) - age   3:       1328 bytes,    2975432 total
[2020-10-07T09:43:57.860+0000][38832][gc,age       ] GC(273) - age   4:      11184 bytes,    2986616 total
[2020-10-07T09:43:57.860+0000][38832][gc,age       ] GC(273) - age   5:        960 bytes,    2987576 total
[2020-10-07T09:43:57.860+0000][38832][gc,age       ] GC(273) - age   6:       4224 bytes,    2991800 total
[2020-10-07T09:43:57.860+0000][38832][gc,age       ] GC(273) - age   7:        888 bytes,    2992688 total
[2020-10-07T09:43:57.860+0000][38832][gc,age       ] GC(273) - age   8:       4528 bytes,    2997216 total
[2020-10-07T09:43:57.860+0000][38832][gc,age       ] GC(273) - age   9:       1200 bytes,    2998416 total
[2020-10-07T09:43:57.860+0000][38832][gc,age       ] GC(273) - age  10:      21416 bytes,    3019832 total
[2020-10-07T09:43:57.860+0000][38832][gc,age       ] GC(273) - age  11:      11984 bytes,    3031816 total
[2020-10-07T09:43:57.860+0000][38832][gc,age       ] GC(273) - age  12:        560 bytes,    3032376 total
[2020-10-07T09:43:57.860+0000][38832][gc,age       ] GC(273) - age  13:      62320 bytes,    3094696 total
[2020-10-07T09:43:57.860+0000][38832][gc,age       ] GC(273) - age  14:       3008 bytes,    3097704 total
[2020-10-07T09:43:57.860+0000][38832][gc,age       ] GC(273) - age  15:        680 bytes,    3098384 total
[2020-10-07T09:43:57.860+0000][38832][gc,phases    ] GC(273)   Pre Evacuate Collection Set: 0.5ms
[2020-10-07T09:43:57.860+0000][38832][gc,phases    ] GC(273)   Merge Heap Roots: 0.1ms
[2020-10-07T09:43:57.860+0000][38832][gc,phases    ] GC(273)   Evacuate Collection Set: 2.3ms
[2020-10-07T09:43:57.860+0000][38832][gc,phases    ] GC(273)   Post Evacuate Collection Set: 1.0ms
[2020-10-07T09:43:57.860+0000][38832][gc,phases    ] GC(273)   Other: 1.1ms
[2020-10-07T09:43:57.860+0000][38832][gc,heap      ] GC(273) Eden regions: 65->0(494)
[2020-10-07T09:43:57.860+0000][38832][gc,heap      ] GC(273) Survivor regions: 5->4(62)
[2020-10-07T09:43:57.860+0000][38832][gc,heap      ] GC(273) Old regions: 79->79
[2020-10-07T09:43:57.860+0000][38832][gc,heap      ] GC(273) Archive regions: 0->0
[2020-10-07T09:43:57.861+0000][38832][gc,heap      ] GC(273) Humongous regions: 325->174
[2020-10-07T09:43:57.861+0000][38832][gc,metaspace ] GC(273) Metaspace: 88232K(94336K)->88232K(94336K) NonClass: 77043K(80640K)->77043K(80640K) Class: 11188K(13696K)->11188K(13696K)
[2020-10-07T09:43:57.861+0000][38832][gc           ] GC(273) Pause Young (Concurrent Start) (G1 Humongous Allocation) 472M->255M(1024M) 5.385ms
[2020-10-07T09:43:57.861+0000][38832][gc,cpu       ] GC(273) User=0.00s Sys=0.00s Real=0.01s
[2020-10-07T09:43:57.861+0000][38832][gc           ] GC(274) Concurrent Cycle
[2020-10-07T09:43:57.861+0000][38832][safepoint    ] Safepoint "G1TryInitiateConcMark", Time since last: 1889400 ns, Reaching safepoint: 170100 ns, At safepoint: 5648900 ns, Total: 5819000 ns
[2020-10-07T09:43:57.861+0000][38832][gc,marking   ] GC(274) Concurrent Clear Claimed Marks
[2020-10-07T09:43:57.862+0000][38832][gc,marking   ] GC(274) Concurrent Clear Claimed Marks 0.661ms
[2020-10-07T09:43:57.862+0000][38832][gc,marking   ] GC(274) Concurrent Scan Root Regions
[2020-10-07T09:43:57.864+0000][38832][gc,marking   ] GC(274) Concurrent Scan Root Regions 2.444ms
[2020-10-07T09:43:57.864+0000][38832][gc,marking   ] GC(274) Concurrent Mark (113.070s)
[2020-10-07T09:43:57.864+0000][38832][gc,marking   ] GC(274) Concurrent Mark From Roots
[2020-10-07T09:43:57.865+0000][38832][gc,task      ] GC(274) Using 2 workers of 2 for marking
[2020-10-07T09:43:58.032+0000][38832][gc,marking   ] GC(274) Concurrent Mark From Roots 167.444ms
[2020-10-07T09:43:58.032+0000][38832][gc,marking   ] GC(274) Concurrent Preclean
[2020-10-07T09:43:58.033+0000][38832][gc,marking   ] GC(274) Concurrent Preclean 1.042ms
[2020-10-07T09:43:58.034+0000][38832][gc,marking   ] GC(274) Concurrent Mark (113.070s, 113.239s) 168.739ms
[2020-10-07T09:43:58.034+0000][38832][gc,start     ] GC(274) Pause Remark
[2020-10-07T09:43:58.041+0000][38832][gc           ] GC(274) Pause Remark 641M->641M(1024M) 6.929ms
[2020-10-07T09:43:58.041+0000][38832][gc,cpu       ] GC(274) User=0.11s Sys=0.00s Real=0.01s
[2020-10-07T09:43:58.041+0000][38832][safepoint    ] Safepoint "G1Concurrent", Time since last: 172357100 ns, Reaching safepoint: 174100 ns, At safepoint: 7218000 ns, Total: 7392100 ns
[2020-10-07T09:43:58.041+0000][38832][gc,marking   ] GC(274) Concurrent Rebuild Remembered Sets
[2020-10-07T09:43:58.144+0000][38832][gc,marking   ] GC(274) Concurrent Rebuild Remembered Sets 102.629ms
[2020-10-07T09:43:58.144+0000][38832][gc,start     ] GC(274) Pause Cleanup
[2020-10-07T09:43:58.145+0000][38832][gc           ] GC(274) Pause Cleanup 728M->728M(1024M) 0.409ms
[2020-10-07T09:43:58.145+0000][38832][gc,cpu       ] GC(274) User=0.00s Sys=0.00s Real=0.00s
[2020-10-07T09:43:58.145+0000][38832][safepoint    ] Safepoint "G1Concurrent", Time since last: 102840200 ns, Reaching safepoint: 163000 ns, At safepoint: 689500 ns, Total: 852500 ns
[2020-10-07T09:43:58.145+0000][38832][gc,marking   ] GC(274) Concurrent Cleanup for Next Mark
[2020-10-07T09:43:58.147+0000][38832][gc,marking   ] GC(274) Concurrent Cleanup for Next Mark 1.872ms
[2020-10-07T09:43:58.147+0000][38832][gc           ] GC(274) Concurrent Cycle 285.554ms
[2020-10-07T09:43:58.192+0000][38832][gc,start     ] GC(275) Pause Young (Concurrent Start) (G1 Humongous Allocation)
[2020-10-07T09:43:58.192+0000][38832][gc,task      ] GC(275) Using 8 workers of 8 for evacuation
[2020-10-07T09:43:58.192+0000][38832][gc,age       ] GC(275) Desired survivor size 33030144 bytes, new threshold 15 (max threshold 15)
[2020-10-07T09:43:58.197+0000][38832][gc,age       ] GC(275) Age table with threshold 15 (max threshold 15)
[2020-10-07T09:43:58.197+0000][38832][gc,age       ] GC(275) - age   1:    3900208 bytes,    3900208 total
[2020-10-07T09:43:58.197+0000][38832][gc,age       ] GC(275) - age   2:      13480 bytes,    3913688 total
[2020-10-07T09:43:58.197+0000][38832][gc,age       ] GC(275) - age   3:       3768 bytes,    3917456 total
[2020-10-07T09:43:58.197+0000][38832][gc,age       ] GC(275) - age   4:        784 bytes,    3918240 total
[2020-10-07T09:43:58.197+0000][38832][gc,age       ] GC(275) - age   5:      11024 bytes,    3929264 total
[2020-10-07T09:43:58.197+0000][38832][gc,age       ] GC(275) - age   6:        960 bytes,    3930224 total
[2020-10-07T09:43:58.197+0000][38832][gc,age       ] GC(275) - age   7:       4128 bytes,    3934352 total
[2020-10-07T09:43:58.197+0000][38832][gc,age       ] GC(275) - age   8:        824 bytes,    3935176 total
[2020-10-07T09:43:58.197+0000][38832][gc,age       ] GC(275) - age   9:       4456 bytes,    3939632 total
[2020-10-07T09:43:58.197+0000][38832][gc,age       ] GC(275) - age  10:       1168 bytes,    3940800 total
[2020-10-07T09:43:58.197+0000][38832][gc,age       ] GC(275) - age  11:      21416 bytes,    3962216 total
[2020-10-07T09:43:58.197+0000][38832][gc,age       ] GC(275) - age  12:      11984 bytes,    3974200 total
[2020-10-07T09:43:58.197+0000][38832][gc,age       ] GC(275) - age  13:        560 bytes,    3974760 total
[2020-10-07T09:43:58.198+0000][38832][gc,age       ] GC(275) - age  14:      62320 bytes,    4037080 total
[2020-10-07T09:43:58.198+0000][38832][gc,age       ] GC(275) - age  15:       2944 bytes,    4040024 total
[2020-10-07T09:43:58.198+0000][38832][gc,phases    ] GC(275)   Pre Evacuate Collection Set: 0.4ms
[2020-10-07T09:43:58.198+0000][38832][gc,phases    ] GC(275)   Merge Heap Roots: 0.1ms
[2020-10-07T09:43:58.198+0000][38832][gc,phases    ] GC(275)   Evacuate Collection Set: 2.9ms
[2020-10-07T09:43:58.198+0000][38832][gc,phases    ] GC(275)   Post Evacuate Collection Set: 1.3ms
[2020-10-07T09:43:58.198+0000][38832][gc,phases    ] GC(275)   Other: 1.4ms
[2020-10-07T09:43:58.198+0000][38832][gc,heap      ] GC(275) Eden regions: 138->0(495)
[2020-10-07T09:43:58.198+0000][38832][gc,heap      ] GC(275) Survivor regions: 4->4(63)
[2020-10-07T09:43:58.198+0000][38832][gc,heap      ] GC(275) Old regions: 79->79
[2020-10-07T09:43:58.198+0000][38832][gc,heap      ] GC(275) Archive regions: 0->0
[2020-10-07T09:43:58.198+0000][38832][gc,heap      ] GC(275) Humongous regions: 519->174
[2020-10-07T09:43:58.198+0000][38832][gc,metaspace ] GC(275) Metaspace: 88240K(94336K)->88240K(94336K) NonClass: 77051K(80640K)->77051K(80640K) Class: 11188K(13696K)->11188K(13696K)
[2020-10-07T09:43:58.198+0000][38832][gc           ] GC(275) Pause Young (Concurrent Start) (G1 Humongous Allocation) 738M->256M(1024M) 6.658ms
[2020-10-07T09:43:58.198+0000][38832][gc,cpu       ] GC(275) User=0.11s Sys=0.00s Real=0.01s
[2020-10-07T09:43:58.199+0000][38832][gc           ] GC(276) Concurrent Cycle
[2020-10-07T09:43:58.199+0000][38832][safepoint    ] Safepoint "G1TryInitiateConcMark", Time since last: 46452500 ns, Reaching safepoint: 170900 ns, At safepoint: 6977500 ns, Total: 7148400 ns
[2020-10-07T09:43:58.199+0000][38832][gc,marking   ] GC(276) Concurrent Clear Claimed Marks
[2020-10-07T09:43:58.199+0000][38832][gc,marking   ] GC(276) Concurrent Clear Claimed Marks 0.509ms
[2020-10-07T09:43:58.199+0000][38832][gc,marking   ] GC(276) Concurrent Scan Root Regions
[2020-10-07T09:43:58.202+0000][38832][gc,marking   ] GC(276) Concurrent Scan Root Regions 2.443ms
[2020-10-07T09:43:58.202+0000][38832][gc,marking   ] GC(276) Concurrent Mark (113.407s)
[2020-10-07T09:43:58.202+0000][38832][gc,marking   ] GC(276) Concurrent Mark From Roots
[2020-10-07T09:43:58.202+0000][38832][gc,task      ] GC(276) Using 2 workers of 2 for marking
[2020-10-07T09:43:58.365+0000][38832][gc,marking   ] GC(276) Concurrent Mark From Roots 163.968ms
[2020-10-07T09:43:58.365+0000][38832][gc,marking   ] GC(276) Concurrent Preclean
[2020-10-07T09:43:58.366+0000][38832][gc,marking   ] GC(276) Concurrent Preclean 0.754ms
[2020-10-07T09:43:58.366+0000][38832][gc,marking   ] GC(276) Concurrent Mark (113.407s, 113.572s) 164.934ms
[2020-10-07T09:43:58.366+0000][38832][gc,start     ] GC(276) Pause Remark
[2020-10-07T09:43:58.373+0000][38832][gc           ] GC(276) Pause Remark 458M->458M(1024M) 6.587ms
[2020-10-07T09:43:58.373+0000][38832][gc,cpu       ] GC(276) User=0.00s Sys=0.00s Real=0.01s
[2020-10-07T09:43:58.373+0000][38832][safepoint    ] Safepoint "G1Concurrent", Time since last: 168384000 ns, Reaching safepoint: 316900 ns, At safepoint: 6862300 ns, Total: 7179200 ns
[2020-10-07T09:43:58.373+0000][38832][gc,marking   ] GC(276) Concurrent Rebuild Remembered Sets
[2020-10-07T09:43:58.475+0000][38832][gc,marking   ] GC(276) Concurrent Rebuild Remembered Sets 100.530ms
[2020-10-07T09:43:58.475+0000][38832][gc,start     ] GC(276) Pause Cleanup
[2020-10-07T09:43:58.475+0000][38832][gc           ] GC(276) Pause Cleanup 533M->533M(1024M) 0.372ms
[2020-10-07T09:43:58.475+0000][38832][gc,cpu       ] GC(276) User=0.09s Sys=0.00s Real=0.00s
[2020-10-07T09:43:58.475+0000][38832][safepoint    ] Safepoint "G1Concurrent", Time since last: 100742200 ns, Reaching safepoint: 168800 ns, At safepoint: 735200 ns, Total: 904000 ns
[2020-10-07T09:43:58.475+0000][38832][gc,marking   ] GC(276) Concurrent Cleanup for Next Mark
[2020-10-07T09:43:58.478+0000][38832][gc,marking   ] GC(276) Concurrent Cleanup for Next Mark 2.127ms
[2020-10-07T09:43:58.478+0000][38832][gc           ] GC(276) Concurrent Cycle 279.610ms
[2020-10-07T09:43:58.522+0000][38832][gc,start     ] GC(277) Pause Young (Concurrent Start) (G1 Humongous Allocation)
[2020-10-07T09:43:58.522+0000][38832][gc,task      ] GC(277) Using 8 workers of 8 for evacuation
[2020-10-07T09:43:58.522+0000][38832][gc,age       ] GC(277) Desired survivor size 33030144 bytes, new threshold 15 (max threshold 15)
[2020-10-07T09:43:58.526+0000][38832][gc,age       ] GC(277) Age table with threshold 15 (max threshold 15)
[2020-10-07T09:43:58.526+0000][38832][gc,age       ] GC(277) - age   1:    2598712 bytes,    2598712 total
[2020-10-07T09:43:58.526+0000][38832][gc,age       ] GC(277) - age   2:       3896 bytes,    2602608 total
[2020-10-07T09:43:58.526+0000][38832][gc,age       ] GC(277) - age   3:      12232 bytes,    2614840 total
[2020-10-07T09:43:58.526+0000][38832][gc,age       ] GC(277) - age   4:       3104 bytes,    2617944 total
[2020-10-07T09:43:58.526+0000][38832][gc,age       ] GC(277) - age   5:        784 bytes,    2618728 total
[2020-10-07T09:43:58.526+0000][38832][gc,age       ] GC(277) - age   6:      10992 bytes,    2629720 total
[2020-10-07T09:43:58.526+0000][38832][gc,age       ] GC(277) - age   7:        896 bytes,    2630616 total
[2020-10-07T09:43:58.526+0000][38832][gc,age       ] GC(277) - age   8:       4000 bytes,    2634616 total
[2020-10-07T09:43:58.526+0000][38832][gc,age       ] GC(277) - age   9:        760 bytes,    2635376 total
[2020-10-07T09:43:58.526+0000][38832][gc,age       ] GC(277) - age  10:       4000 bytes,    2639376 total
[2020-10-07T09:43:58.526+0000][38832][gc,age       ] GC(277) - age  11:       1168 bytes,    2640544 total
[2020-10-07T09:43:58.527+0000][38832][gc,age       ] GC(277) - age  12:      21416 bytes,    2661960 total
[2020-10-07T09:43:58.527+0000][38832][gc,age       ] GC(277) - age  13:      11920 bytes,    2673880 total
[2020-10-07T09:43:58.527+0000][38832][gc,age       ] GC(277) - age  14:        560 bytes,    2674440 total
[2020-10-07T09:43:58.527+0000][38832][gc,age       ] GC(277) - age  15:      62320 bytes,    2736760 total
[2020-10-07T09:43:58.527+0000][38832][gc,phases    ] GC(277)   Pre Evacuate Collection Set: 0.4ms
[2020-10-07T09:43:58.527+0000][38832][gc,phases    ] GC(277)   Merge Heap Roots: 0.1ms
[2020-10-07T09:43:58.527+0000][38832][gc,phases    ] GC(277)   Evacuate Collection Set: 2.2ms
[2020-10-07T09:43:58.527+0000][38832][gc,phases    ] GC(277)   Post Evacuate Collection Set: 1.1ms
[2020-10-07T09:43:58.527+0000][38832][gc,phases    ] GC(277)   Other: 1.4ms
[2020-10-07T09:43:58.527+0000][38832][gc,heap      ] GC(277) Eden regions: 88->0(498)
[2020-10-07T09:43:58.527+0000][38832][gc,heap      ] GC(277) Survivor regions: 4->3(63)
[2020-10-07T09:43:58.527+0000][38832][gc,heap      ] GC(277) Old regions: 79->79
[2020-10-07T09:43:58.527+0000][38832][gc,heap      ] GC(277) Archive regions: 0->0
[2020-10-07T09:43:58.527+0000][38832][gc,heap      ] GC(277) Humongous regions: 374->174
[2020-10-07T09:43:58.527+0000][38832][gc,metaspace ] GC(277) Metaspace: 88250K(94336K)->88250K(94336K) NonClass: 77061K(80640K)->77061K(80640K) Class: 11188K(13696K)->11188K(13696K)
[2020-10-07T09:43:58.527+0000][38832][gc           ] GC(277) Pause Young (Concurrent Start) (G1 Humongous Allocation) 543M->255M(1024M) 5.691ms
[2020-10-07T09:43:58.527+0000][38832][gc,cpu       ] GC(277) User=0.00s Sys=0.00s Real=0.00s
[2020-10-07T09:43:58.528+0000][38832][gc           ] GC(278) Concurrent Cycle
[2020-10-07T09:43:58.528+0000][38832][safepoint    ] Safepoint "G1TryInitiateConcMark", Time since last: 46451800 ns, Reaching safepoint: 175500 ns, At safepoint: 5965600 ns, Total: 6141100 ns
[2020-10-07T09:43:58.528+0000][38832][gc,marking   ] GC(278) Concurrent Clear Claimed Marks
[2020-10-07T09:43:58.528+0000][38832][gc,marking   ] GC(278) Concurrent Clear Claimed Marks 0.773ms
[2020-10-07T09:43:58.530+0000][38832][gc,marking   ] GC(278) Concurrent Scan Root Regions
[2020-10-07T09:43:58.531+0000][38832][gc,marking   ] GC(278) Concurrent Scan Root Regions 2.612ms
[2020-10-07T09:43:58.531+0000][38832][gc,marking   ] GC(278) Concurrent Mark (113.737s)
[2020-10-07T09:43:58.531+0000][38832][gc,marking   ] GC(278) Concurrent Mark From Roots
[2020-10-07T09:43:58.531+0000][38832][gc,task      ] GC(278) Using 2 workers of 2 for marking
[2020-10-07T09:43:58.724+0000][38832][gc,marking   ] GC(278) Concurrent Mark From Roots 191.871ms
[2020-10-07T09:43:58.724+0000][38832][gc,marking   ] GC(278) Concurrent Preclean
[2020-10-07T09:43:58.725+0000][38832][gc,marking   ] GC(278) Concurrent Preclean 0.908ms
[2020-10-07T09:43:58.725+0000][38832][gc,marking   ] GC(278) Concurrent Mark (113.737s, 113.930s) 193.058ms
[2020-10-07T09:43:58.728+0000][38832][gc,start     ] GC(278) Pause Remark
[2020-10-07T09:43:58.737+0000][38832][gc           ] GC(278) Pause Remark 383M->383M(1024M) 9.827ms
[2020-10-07T09:43:58.738+0000][38832][gc,cpu       ] GC(278) User=0.00s Sys=0.00s Real=0.01s
[2020-10-07T09:43:58.738+0000][38832][safepoint    ] Safepoint "G1Concurrent", Time since last: 196914600 ns, Reaching safepoint: 2197200 ns, At safepoint: 10635200 ns, Total: 12832400 ns
[2020-10-07T09:43:58.738+0000][38832][gc,marking   ] GC(278) Concurrent Rebuild Remembered Sets
[2020-10-07T09:43:58.847+0000][38832][gc,marking   ] GC(278) Concurrent Rebuild Remembered Sets 109.835ms
[2020-10-07T09:43:58.882+0000][38832][gc,start     ] GC(278) Pause Cleanup
[2020-10-07T09:43:58.883+0000][38832][gc           ] GC(278) Pause Cleanup 390M->390M(1024M) 0.474ms
[2020-10-07T09:43:58.883+0000][38832][gc,cpu       ] GC(278) User=0.00s Sys=0.00s Real=0.00s
[2020-10-07T09:43:58.890+0000][38832][safepoint    ] Safepoint "G1Concurrent", Time since last: 110098700 ns, Reaching safepoint: 34542100 ns, At safepoint: 7411800 ns, Total: 41953900 ns
[2020-10-07T09:43:58.890+0000][38832][gc,marking   ] GC(278) Concurrent Cleanup for Next Mark
[2020-10-07T09:43:58.891+0000][38832][gc,marking   ] GC(278) Concurrent Cleanup for Next Mark 1.712ms
[2020-10-07T09:43:58.892+0000][38832][gc           ] GC(278) Concurrent Cycle 363.805ms
[2020-10-07T09:43:58.981+0000][38832][gc,start     ] GC(279) Pause Young (Concurrent Start) (G1 Humongous Allocation)
[2020-10-07T09:43:58.981+0000][38832][gc,task      ] GC(279) Using 8 workers of 8 for evacuation
[2020-10-07T09:43:58.981+0000][38832][gc,age       ] GC(279) Desired survivor size 33030144 bytes, new threshold 15 (max threshold 15)
[2020-10-07T09:43:58.986+0000][38832][gc,age       ] GC(279) Age table with threshold 15 (max threshold 15)
[2020-10-07T09:43:58.986+0000][38832][gc,age       ] GC(279) - age   1:    2885680 bytes,    2885680 total
[2020-10-07T09:43:58.987+0000][38832][gc,age       ] GC(279) - age   2:      18632 bytes,    2904312 total
[2020-10-07T09:43:58.987+0000][38832][gc,age       ] GC(279) - age   3:       3152 bytes,    2907464 total
[2020-10-07T09:43:58.987+0000][38832][gc,age       ] GC(279) - age   4:      10680 bytes,    2918144 total
[2020-10-07T09:43:58.987+0000][38832][gc,age       ] GC(279) - age   5:       2976 bytes,    2921120 total
[2020-10-07T09:43:58.987+0000][38832][gc,age       ] GC(279) - age   6:        752 bytes,    2921872 total
[2020-10-07T09:43:58.987+0000][38832][gc,age       ] GC(279) - age   7:      10992 bytes,    2932864 total
[2020-10-07T09:43:58.987+0000][38832][gc,age       ] GC(279) - age   8:        896 bytes,    2933760 total
[2020-10-07T09:43:58.987+0000][38832][gc,age       ] GC(279) - age   9:       4000 bytes,    2937760 total
[2020-10-07T09:43:58.987+0000][38832][gc,age       ] GC(279) - age  10:        760 bytes,    2938520 total
[2020-10-07T09:43:58.987+0000][38832][gc,age       ] GC(279) - age  11:       1664 bytes,    2940184 total
[2020-10-07T09:43:58.987+0000][38832][gc,age       ] GC(279) - age  12:       1168 bytes,    2941352 total
[2020-10-07T09:43:58.987+0000][38832][gc,age       ] GC(279) - age  13:      21352 bytes,    2962704 total
[2020-10-07T09:43:58.987+0000][38832][gc,age       ] GC(279) - age  14:      11824 bytes,    2974528 total
[2020-10-07T09:43:58.987+0000][38832][gc,age       ] GC(279) - age  15:        560 bytes,    2975088 total
[2020-10-07T09:43:58.987+0000][38832][gc,phases    ] GC(279)   Pre Evacuate Collection Set: 0.5ms
[2020-10-07T09:43:58.987+0000][38832][gc,phases    ] GC(279)   Merge Heap Roots: 0.1ms
[2020-10-07T09:43:58.987+0000][38832][gc,phases    ] GC(279)   Evacuate Collection Set: 2.1ms
[2020-10-07T09:43:58.987+0000][38832][gc,phases    ] GC(279)   Post Evacuate Collection Set: 2.5ms
[2020-10-07T09:43:58.987+0000][38832][gc,phases    ] GC(279)   Other: 1.3ms
[2020-10-07T09:43:58.987+0000][38832][gc,heap      ] GC(279) Eden regions: 47->0(499)
[2020-10-07T09:43:58.987+0000][38832][gc,heap      ] GC(279) Survivor regions: 3->3(63)
[2020-10-07T09:43:58.988+0000][38832][gc,heap      ] GC(279) Old regions: 79->79
[2020-10-07T09:43:58.988+0000][38832][gc,heap      ] GC(279) Archive regions: 0->0
[2020-10-07T09:43:58.988+0000][38832][gc,heap      ] GC(279) Humongous regions: 270->174
[2020-10-07T09:43:58.988+0000][38832][gc,metaspace ] GC(279) Metaspace: 88412K(94336K)->88412K(94336K) NonClass: 77203K(80640K)->77203K(80640K) Class: 11208K(13696K)->11208K(13696K)
[2020-10-07T09:43:58.988+0000][38832][gc           ] GC(279) Pause Young (Concurrent Start) (G1 Humongous Allocation) 398M->255M(1024M) 7.027ms
[2020-10-07T09:43:58.988+0000][38832][gc,cpu       ] GC(279) User=0.00s Sys=0.00s Real=0.01s
[2020-10-07T09:43:58.988+0000][38832][gc           ] GC(280) Concurrent Cycle
[2020-10-07T09:43:58.988+0000][38832][gc,marking   ] GC(280) Concurrent Clear Claimed Marks
[2020-10-07T09:43:58.988+0000][38832][gc,marking   ] GC(280) Concurrent Clear Claimed Marks 0.428ms
[2020-10-07T09:43:58.988+0000][38832][gc,marking   ] GC(280) Concurrent Scan Root Regions
[2020-10-07T09:43:58.990+0000][38832][safepoint    ] Safepoint "G1TryInitiateConcMark", Time since last: 86071100 ns, Reaching safepoint: 5054100 ns, At safepoint: 8896900 ns, Total: 13951000 ns
[2020-10-07T09:43:58.990+0000][38832][gc,marking   ] GC(280) Concurrent Scan Root Regions 1.726ms
[2020-10-07T09:43:58.990+0000][38832][gc,marking   ] GC(280) Concurrent Mark (114.196s)
[2020-10-07T09:43:58.990+0000][38832][gc,marking   ] GC(280) Concurrent Mark From Roots
[2020-10-07T09:43:58.990+0000][38832][gc,task      ] GC(280) Using 2 workers of 2 for marking
[2020-10-07T09:43:59.179+0000][38832][gc,marking   ] GC(280) Concurrent Mark From Roots 188.341ms
[2020-10-07T09:43:59.179+0000][38832][gc,marking   ] GC(280) Concurrent Preclean
[2020-10-07T09:43:59.180+0000][38832][gc,marking   ] GC(280) Concurrent Preclean 0.904ms
[2020-10-07T09:43:59.180+0000][38832][gc,marking   ] GC(280) Concurrent Mark (114.196s, 114.386s) 189.489ms
[2020-10-07T09:43:59.265+0000][38832][gc,start     ] GC(280) Pause Remark
[2020-10-07T09:43:59.273+0000][38832][gc           ] GC(280) Pause Remark 379M->379M(1024M) 8.166ms
[2020-10-07T09:43:59.273+0000][38832][gc,cpu       ] GC(280) User=0.13s Sys=0.00s Real=0.01s
[2020-10-07T09:43:59.285+0000][38832][safepoint    ] Safepoint "G1Concurrent", Time since last: 190278900 ns, Reaching safepoint: 84821600 ns, At safepoint: 20748300 ns, Total: 105569900 ns
[2020-10-07T09:43:59.286+0000][38832][gc,marking   ] GC(280) Concurrent Rebuild Remembered Sets
[2020-10-07T09:43:59.390+0000][38832][gc,marking   ] GC(280) Concurrent Rebuild Remembered Sets 104.377ms
[2020-10-07T09:43:59.390+0000][38832][gc,start     ] GC(280) Pause Cleanup
[2020-10-07T09:43:59.391+0000][38832][gc           ] GC(280) Pause Cleanup 395M->395M(1024M) 0.415ms
[2020-10-07T09:43:59.391+0000][38832][gc,cpu       ] GC(280) User=0.00s Sys=0.00s Real=0.00s
[2020-10-07T09:43:59.394+0000][38832][safepoint    ] Safepoint "G1Concurrent", Time since last: 104657400 ns, Reaching safepoint: 380300 ns, At safepoint: 3894300 ns, Total: 4274600 ns
[2020-10-07T09:43:59.395+0000][38832][gc,marking   ] GC(280) Concurrent Cleanup for Next Mark
[2020-10-07T09:43:59.397+0000][38832][gc,marking   ] GC(280) Concurrent Cleanup for Next Mark 2.696ms
[2020-10-07T09:43:59.398+0000][38832][gc           ] GC(280) Concurrent Cycle 409.604ms
[2020-10-07T09:43:59.481+0000][38832][gc,start     ] GC(281) Pause Young (Concurrent Start) (G1 Humongous Allocation)
[2020-10-07T09:43:59.481+0000][38832][gc,task      ] GC(281) Using 8 workers of 8 for evacuation
[2020-10-07T09:43:59.481+0000][38832][gc,age       ] GC(281) Desired survivor size 33030144 bytes, new threshold 15 (max threshold 15)
[2020-10-07T09:43:59.485+0000][38832][gc,age       ] GC(281) Age table with threshold 15 (max threshold 15)
[2020-10-07T09:43:59.485+0000][38832][gc,age       ] GC(281) - age   1:    3145616 bytes,    3145616 total
[2020-10-07T09:43:59.485+0000][38832][gc,age       ] GC(281) - age   2:     171344 bytes,    3316960 total
[2020-10-07T09:43:59.485+0000][38832][gc,age       ] GC(281) - age   3:      10712 bytes,    3327672 total
[2020-10-07T09:43:59.485+0000][38832][gc,age       ] GC(281) - age   4:       2840 bytes,    3330512 total
[2020-10-07T09:43:59.486+0000][38832][gc,age       ] GC(281) - age   5:      10680 bytes,    3341192 total
[2020-10-07T09:43:59.486+0000][38832][gc,age       ] GC(281) - age   6:       2976 bytes,    3344168 total
[2020-10-07T09:43:59.486+0000][38832][gc,age       ] GC(281) - age   7:        752 bytes,    3344920 total
[2020-10-07T09:43:59.486+0000][38832][gc,age       ] GC(281) - age   8:      10992 bytes,    3355912 total
[2020-10-07T09:43:59.486+0000][38832][gc,age       ] GC(281) - age   9:        896 bytes,    3356808 total
[2020-10-07T09:43:59.486+0000][38832][gc,age       ] GC(281) - age  10:       4000 bytes,    3360808 total
[2020-10-07T09:43:59.486+0000][38832][gc,age       ] GC(281) - age  11:        760 bytes,    3361568 total
[2020-10-07T09:43:59.486+0000][38832][gc,age       ] GC(281) - age  12:       1664 bytes,    3363232 total
[2020-10-07T09:43:59.486+0000][38832][gc,age       ] GC(281) - age  13:       1168 bytes,    3364400 total
[2020-10-07T09:43:59.486+0000][38832][gc,age       ] GC(281) - age  14:      21320 bytes,    3385720 total
[2020-10-07T09:43:59.486+0000][38832][gc,age       ] GC(281) - age  15:      11696 bytes,    3397416 total
[2020-10-07T09:43:59.486+0000][38832][gc,phases    ] GC(281)   Pre Evacuate Collection Set: 0.6ms
[2020-10-07T09:43:59.486+0000][38832][gc,phases    ] GC(281)   Merge Heap Roots: 0.1ms
[2020-10-07T09:43:59.486+0000][38832][gc,phases    ] GC(281)   Evacuate Collection Set: 2.3ms
[2020-10-07T09:43:59.486+0000][38832][gc,phases    ] GC(281)   Post Evacuate Collection Set: 0.9ms
[2020-10-07T09:43:59.486+0000][38832][gc,phases    ] GC(281)   Other: 1.4ms
[2020-10-07T09:43:59.486+0000][38832][gc,heap      ] GC(281) Eden regions: 40->0(499)
[2020-10-07T09:43:59.486+0000][38832][gc,heap      ] GC(281) Survivor regions: 3->4(63)
[2020-10-07T09:43:59.486+0000][38832][gc,heap      ] GC(281) Old regions: 79->79
[2020-10-07T09:43:59.486+0000][38832][gc,heap      ] GC(281) Archive regions: 0->0
[2020-10-07T09:43:59.487+0000][38832][gc,heap      ] GC(281) Humongous regions: 278->174
[2020-10-07T09:43:59.487+0000][38832][gc,metaspace ] GC(281) Metaspace: 88412K(94336K)->88412K(94336K) NonClass: 77203K(80640K)->77203K(80640K) Class: 11208K(13696K)->11208K(13696K)
[2020-10-07T09:43:59.487+0000][38832][gc           ] GC(281) Pause Young (Concurrent Start) (G1 Humongous Allocation) 399M->255M(1024M) 5.781ms
[2020-10-07T09:43:59.487+0000][38832][gc,cpu       ] GC(281) User=0.00s Sys=0.00s Real=0.01s
[2020-10-07T09:43:59.487+0000][38832][gc           ] GC(282) Concurrent Cycle
[2020-10-07T09:43:59.487+0000][38832][gc,marking   ] GC(282) Concurrent Clear Claimed Marks
[2020-10-07T09:43:59.487+0000][38832][gc,marking   ] GC(282) Concurrent Clear Claimed Marks 0.383ms
[2020-10-07T09:43:59.487+0000][38832][gc,marking   ] GC(282) Concurrent Scan Root Regions
[2020-10-07T09:43:59.489+0000][38832][gc,marking   ] GC(282) Concurrent Scan Root Regions 2.088ms
[2020-10-07T09:43:59.490+0000][38832][gc,marking   ] GC(282) Concurrent Mark (114.695s)
[2020-10-07T09:43:59.490+0000][38832][gc,marking   ] GC(282) Concurrent Mark From Roots
[2020-10-07T09:43:59.490+0000][38832][gc,task      ] GC(282) Using 2 workers of 2 for marking
[2020-10-07T09:43:59.490+0000][38832][safepoint    ] Safepoint "G1TryInitiateConcMark", Time since last: 85422700 ns, Reaching safepoint: 1033300 ns, At safepoint: 8931800 ns, Total: 9965100 ns
[2020-10-07T09:43:59.680+0000][38832][gc,marking   ] GC(282) Concurrent Mark From Roots 190.148ms
[2020-10-07T09:43:59.680+0000][38832][gc,marking   ] GC(282) Concurrent Preclean
[2020-10-07T09:43:59.681+0000][38832][gc,marking   ] GC(282) Concurrent Preclean 0.837ms
[2020-10-07T09:43:59.681+0000][38832][gc,marking   ] GC(282) Concurrent Mark (114.695s, 114.887s) 191.198ms
[2020-10-07T09:43:59.700+0000][38832][gc,start     ] GC(282) Pause Remark
[2020-10-07T09:43:59.706+0000][38832][gc           ] GC(282) Pause Remark 443M->443M(1024M) 6.570ms
[2020-10-07T09:43:59.706+0000][38832][gc,cpu       ] GC(282) User=0.00s Sys=0.00s Real=0.01s
[2020-10-07T09:43:59.707+0000][38832][safepoint    ] Safepoint "G1Concurrent", Time since last: 191116800 ns, Reaching safepoint: 18805800 ns, At safepoint: 7574300 ns, Total: 26380100 ns
[2020-10-07T09:43:59.707+0000][38832][gc,marking   ] GC(282) Concurrent Rebuild Remembered Sets
[2020-10-07T09:43:59.813+0000][38832][gc,marking   ] GC(282) Concurrent Rebuild Remembered Sets 105.018ms
[2020-10-07T09:43:59.816+0000][38832][gc,start     ] GC(282) Pause Cleanup
[2020-10-07T09:43:59.816+0000][38832][gc           ] GC(282) Pause Cleanup 448M->448M(1024M) 0.364ms
[2020-10-07T09:43:59.816+0000][38832][gc,cpu       ] GC(282) User=0.00s Sys=0.00s Real=0.00s
[2020-10-07T09:43:59.816+0000][38832][safepoint    ] Safepoint "G1Concurrent", Time since last: 105290800 ns, Reaching safepoint: 2727900 ns, At safepoint: 608000 ns, Total: 3335900 ns
[2020-10-07T09:43:59.816+0000][38832][gc,marking   ] GC(282) Concurrent Cleanup for Next Mark
[2020-10-07T09:43:59.818+0000][38832][gc,marking   ] GC(282) Concurrent Cleanup for Next Mark 1.722ms
[2020-10-07T09:43:59.818+0000][38832][gc           ] GC(282) Concurrent Cycle 330.929ms
[2020-10-07T09:44:00.087+0000][38832][gc,start     ] GC(283) Pause Young (Concurrent Start) (G1 Humongous Allocation)
[2020-10-07T09:44:00.087+0000][38832][gc,task      ] GC(283) Using 8 workers of 8 for evacuation
[2020-10-07T09:44:00.087+0000][38832][gc,age       ] GC(283) Desired survivor size 33030144 bytes, new threshold 15 (max threshold 15)
[2020-10-07T09:44:00.091+0000][38832][gc,age       ] GC(283) Age table with threshold 15 (max threshold 15)
[2020-10-07T09:44:00.091+0000][38832][gc,age       ] GC(283) - age   1:    2594992 bytes,    2594992 total
[2020-10-07T09:44:00.091+0000][38832][gc,age       ] GC(283) - age   2:       1440 bytes,    2596432 total
[2020-10-07T09:44:00.091+0000][38832][gc,age       ] GC(283) - age   3:      70152 bytes,    2666584 total
[2020-10-07T09:44:00.091+0000][38832][gc,age       ] GC(283) - age   4:       4232 bytes,    2670816 total
[2020-10-07T09:44:00.091+0000][38832][gc,age       ] GC(283) - age   5:       2232 bytes,    2673048 total
[2020-10-07T09:44:00.091+0000][38832][gc,age       ] GC(283) - age   6:      10680 bytes,    2683728 total
[2020-10-07T09:44:00.091+0000][38832][gc,age       ] GC(283) - age   7:       2880 bytes,    2686608 total
[2020-10-07T09:44:00.091+0000][38832][gc,age       ] GC(283) - age   8:        720 bytes,    2687328 total
[2020-10-07T09:44:00.092+0000][38832][gc,age       ] GC(283) - age   9:      10992 bytes,    2698320 total
[2020-10-07T09:44:00.092+0000][38832][gc,age       ] GC(283) - age  10:        896 bytes,    2699216 total
[2020-10-07T09:44:00.092+0000][38832][gc,age       ] GC(283) - age  11:       4000 bytes,    2703216 total
[2020-10-07T09:44:00.092+0000][38832][gc,age       ] GC(283) - age  12:        736 bytes,    2703952 total
[2020-10-07T09:44:00.092+0000][38832][gc,age       ] GC(283) - age  13:       1608 bytes,    2705560 total
[2020-10-07T09:44:00.092+0000][38832][gc,age       ] GC(283) - age  14:       1168 bytes,    2706728 total
[2020-10-07T09:44:00.092+0000][38832][gc,age       ] GC(283) - age  15:      21320 bytes,    2728048 total
[2020-10-07T09:44:00.092+0000][38832][gc,phases    ] GC(283)   Pre Evacuate Collection Set: 0.5ms
[2020-10-07T09:44:00.092+0000][38832][gc,phases    ] GC(283)   Merge Heap Roots: 0.1ms
[2020-10-07T09:44:00.092+0000][38832][gc,phases    ] GC(283)   Evacuate Collection Set: 2.2ms
[2020-10-07T09:44:00.092+0000][38832][gc,phases    ] GC(283)   Post Evacuate Collection Set: 1.0ms
[2020-10-07T09:44:00.092+0000][38832][gc,phases    ] GC(283)   Other: 1.3ms
[2020-10-07T09:44:00.092+0000][38832][gc,heap      ] GC(283) Eden regions: 60->0(501)
[2020-10-07T09:44:00.092+0000][38832][gc,heap      ] GC(283) Survivor regions: 4->3(63)
[2020-10-07T09:44:00.092+0000][38832][gc,heap      ] GC(283) Old regions: 79->79
[2020-10-07T09:44:00.092+0000][38832][gc,heap      ] GC(283) Archive regions: 0->0
[2020-10-07T09:44:00.092+0000][38832][gc,heap      ] GC(283) Humongous regions: 326->174
[2020-10-07T09:44:00.092+0000][38832][gc,metaspace ] GC(283) Metaspace: 88412K(94336K)->88412K(94336K) NonClass: 77203K(80640K)->77203K(80640K) Class: 11208K(13696K)->11208K(13696K)
[2020-10-07T09:44:00.093+0000][38832][gc           ] GC(283) Pause Young (Concurrent Start) (G1 Humongous Allocation) 467M->255M(1024M) 5.685ms
[2020-10-07T09:44:00.093+0000][38832][gc,cpu       ] GC(283) User=0.00s Sys=0.00s Real=0.01s
[2020-10-07T09:44:00.093+0000][38832][safepoint    ] Safepoint "G1TryInitiateConcMark", Time since last: 270302100 ns, Reaching safepoint: 182700 ns, At safepoint: 5937500 ns, Total: 6120200 ns
[2020-10-07T09:44:00.093+0000][38832][gc           ] GC(284) Concurrent Cycle
[2020-10-07T09:44:00.093+0000][38832][gc,marking   ] GC(284) Concurrent Clear Claimed Marks
[2020-10-07T09:44:00.093+0000][38832][gc,marking   ] GC(284) Concurrent Clear Claimed Marks 0.467ms
[2020-10-07T09:44:00.093+0000][38832][gc,marking   ] GC(284) Concurrent Scan Root Regions
[2020-10-07T09:44:00.097+0000][38832][gc,marking   ] GC(284) Concurrent Scan Root Regions 3.063ms
[2020-10-07T09:44:00.097+0000][38832][gc,marking   ] GC(284) Concurrent Mark (115.302s)
[2020-10-07T09:44:00.097+0000][38832][gc,marking   ] GC(284) Concurrent Mark From Roots
[2020-10-07T09:44:00.097+0000][38832][gc,task      ] GC(284) Using 2 workers of 2 for marking
[2020-10-07T09:44:00.281+0000][38832][gc,marking   ] GC(284) Concurrent Mark From Roots 184.261ms
[2020-10-07T09:44:00.281+0000][38832][gc,marking   ] GC(284) Concurrent Preclean
[2020-10-07T09:44:00.282+0000][38832][gc,marking   ] GC(284) Concurrent Preclean 0.898ms
[2020-10-07T09:44:00.282+0000][38832][gc,marking   ] GC(284) Concurrent Mark (115.302s, 115.488s) 185.465ms
[2020-10-07T09:44:00.283+0000][38832][gc,start     ] GC(284) Pause Remark
[2020-10-07T09:44:00.289+0000][38832][gc           ] GC(284) Pause Remark 318M->318M(1024M) 6.872ms
[2020-10-07T09:44:00.290+0000][38832][gc,cpu       ] GC(284) User=0.11s Sys=0.00s Real=0.01s
[2020-10-07T09:44:00.290+0000][38832][safepoint    ] Safepoint "G1Concurrent", Time since last: 189481500 ns, Reaching safepoint: 336000 ns, At safepoint: 7660100 ns, Total: 7996100 ns
[2020-10-07T09:44:00.290+0000][38832][gc,marking   ] GC(284) Concurrent Rebuild Remembered Sets
[2020-10-07T09:44:00.391+0000][38832][gc,marking   ] GC(284) Concurrent Rebuild Remembered Sets 100.419ms
[2020-10-07T09:44:00.394+0000][38832][gc,start     ] GC(284) Pause Cleanup
[2020-10-07T09:44:00.394+0000][38832][gc           ] GC(284) Pause Cleanup 322M->322M(1024M) 0.377ms
[2020-10-07T09:44:00.394+0000][38832][gc,cpu       ] GC(284) User=0.00s Sys=0.00s Real=0.00s
[2020-10-07T09:44:00.395+0000][38832][safepoint    ] Safepoint "G1Concurrent", Time since last: 100658100 ns, Reaching safepoint: 2832900 ns, At safepoint: 1698800 ns, Total: 4531700 ns
[2020-10-07T09:44:00.395+0000][38832][gc,marking   ] GC(284) Concurrent Cleanup for Next Mark
[2020-10-07T09:44:00.397+0000][38832][gc,marking   ] GC(284) Concurrent Cleanup for Next Mark 1.870ms
[2020-10-07T09:44:00.397+0000][38832][gc           ] GC(284) Concurrent Cycle 304.826ms
[2020-10-07T09:44:01.396+0000][38832][safepoint    ] Safepoint "Cleanup", Time since last: 1000031100 ns, Reaching safepoint: 328200 ns, At safepoint: 31500 ns, Total: 359700 ns
[2020-10-07T09:44:03.088+0000][38832][gc,start     ] GC(285) Pause Young (Concurrent Start) (G1 Humongous Allocation)
[2020-10-07T09:44:03.088+0000][38832][gc,task      ] GC(285) Using 8 workers of 8 for evacuation
[2020-10-07T09:44:03.088+0000][38832][gc,age       ] GC(285) Desired survivor size 33030144 bytes, new threshold 15 (max threshold 15)
[2020-10-07T09:44:03.094+0000][38832][gc,age       ] GC(285) Age table with threshold 15 (max threshold 15)
[2020-10-07T09:44:03.095+0000][38832][gc,age       ] GC(285) - age   1:    2670160 bytes,    2670160 total
[2020-10-07T09:44:03.095+0000][38832][gc,age       ] GC(285) - age   2:      11080 bytes,    2681240 total
[2020-10-07T09:44:03.095+0000][38832][gc,age       ] GC(285) - age   3:        968 bytes,    2682208 total
[2020-10-07T09:44:03.095+0000][38832][gc,age       ] GC(285) - age   4:      69696 bytes,    2751904 total
[2020-10-07T09:44:03.095+0000][38832][gc,age       ] GC(285) - age   5:       3328 bytes,    2755232 total
[2020-10-07T09:44:03.095+0000][38832][gc,age       ] GC(285) - age   6:       2040 bytes,    2757272 total
[2020-10-07T09:44:03.095+0000][38832][gc,age       ] GC(285) - age   7:      10448 bytes,    2767720 total
[2020-10-07T09:44:03.095+0000][38832][gc,age       ] GC(285) - age   8:       2880 bytes,    2770600 total
[2020-10-07T09:44:03.095+0000][38832][gc,age       ] GC(285) - age   9:        656 bytes,    2771256 total
[2020-10-07T09:44:03.095+0000][38832][gc,age       ] GC(285) - age  10:      10992 bytes,    2782248 total
[2020-10-07T09:44:03.095+0000][38832][gc,age       ] GC(285) - age  11:        864 bytes,    2783112 total
[2020-10-07T09:44:03.095+0000][38832][gc,age       ] GC(285) - age  12:       3704 bytes,    2786816 total
[2020-10-07T09:44:03.095+0000][38832][gc,age       ] GC(285) - age  13:        704 bytes,    2787520 total
[2020-10-07T09:44:03.095+0000][38832][gc,age       ] GC(285) - age  14:       1176 bytes,    2788696 total
[2020-10-07T09:44:03.095+0000][38832][gc,age       ] GC(285) - age  15:       1040 bytes,    2789736 total
[2020-10-07T09:44:03.095+0000][38832][gc,phases    ] GC(285)   Pre Evacuate Collection Set: 0.5ms
[2020-10-07T09:44:03.095+0000][38832][gc,phases    ] GC(285)   Merge Heap Roots: 0.1ms
[2020-10-07T09:44:03.095+0000][38832][gc,phases    ] GC(285)   Evacuate Collection Set: 4.6ms
[2020-10-07T09:44:03.095+0000][38832][gc,phases    ] GC(285)   Post Evacuate Collection Set: 1.1ms
[2020-10-07T09:44:03.095+0000][38832][gc,phases    ] GC(285)   Other: 1.3ms
[2020-10-07T09:44:03.095+0000][38832][gc,heap      ] GC(285) Eden regions: 145->0(502)
[2020-10-07T09:44:03.095+0000][38832][gc,heap      ] GC(285) Survivor regions: 3->3(63)
[2020-10-07T09:44:03.096+0000][38832][gc,heap      ] GC(285) Old regions: 79->79
[2020-10-07T09:44:03.096+0000][38832][gc,heap      ] GC(285) Archive regions: 0->0
[2020-10-07T09:44:03.096+0000][38832][gc,heap      ] GC(285) Humongous regions: 228->174
[2020-10-07T09:44:03.096+0000][38832][gc,metaspace ] GC(285) Metaspace: 88576K(94592K)->88576K(94592K) NonClass: 77366K(80896K)->77366K(80896K) Class: 11210K(13696K)->11210K(13696K)
[2020-10-07T09:44:03.096+0000][38832][gc           ] GC(285) Pause Young (Concurrent Start) (G1 Humongous Allocation) 453M->255M(1024M) 8.009ms
[2020-10-07T09:44:03.096+0000][38832][gc,cpu       ] GC(285) User=0.00s Sys=0.00s Real=0.01s
[2020-10-07T09:44:03.096+0000][38832][safepoint    ] Safepoint "G1TryInitiateConcMark", Time since last: 1692086100 ns, Reaching safepoint: 374100 ns, At safepoint: 8231400 ns, Total: 8605500 ns
[2020-10-07T09:44:03.096+0000][38832][gc           ] GC(286) Concurrent Cycle
[2020-10-07T09:44:03.096+0000][38832][gc,marking   ] GC(286) Concurrent Clear Claimed Marks
[2020-10-07T09:44:03.097+0000][38832][gc,marking   ] GC(286) Concurrent Clear Claimed Marks 0.806ms
[2020-10-07T09:44:03.097+0000][38832][gc,marking   ] GC(286) Concurrent Scan Root Regions
[2020-10-07T09:44:03.100+0000][38832][gc,marking   ] GC(286) Concurrent Scan Root Regions 2.692ms
[2020-10-07T09:44:03.100+0000][38832][gc,marking   ] GC(286) Concurrent Mark (118.306s)
[2020-10-07T09:44:03.100+0000][38832][gc,marking   ] GC(286) Concurrent Mark From Roots
[2020-10-07T09:44:03.100+0000][38832][gc,task      ] GC(286) Using 2 workers of 2 for marking
[2020-10-07T09:44:03.288+0000][38832][gc,marking   ] GC(286) Concurrent Mark From Roots 187.218ms
[2020-10-07T09:44:03.288+0000][38832][gc,marking   ] GC(286) Concurrent Preclean
[2020-10-07T09:44:03.289+0000][38832][gc,marking   ] GC(286) Concurrent Preclean 0.908ms
[2020-10-07T09:44:03.289+0000][38832][gc,marking   ] GC(286) Concurrent Mark (118.306s, 118.494s) 188.387ms
[2020-10-07T09:44:03.289+0000][38832][gc,start     ] GC(286) Pause Remark
[2020-10-07T09:44:03.298+0000][38832][gc           ] GC(286) Pause Remark 308M->308M(1024M) 8.993ms
[2020-10-07T09:44:03.298+0000][38832][gc,cpu       ] GC(286) User=0.00s Sys=0.00s Real=0.01s
[2020-10-07T09:44:03.298+0000][38832][safepoint    ] Safepoint "G1Concurrent", Time since last: 192393800 ns, Reaching safepoint: 159100 ns, At safepoint: 9298700 ns, Total: 9457800 ns
[2020-10-07T09:44:03.298+0000][38832][gc,marking   ] GC(286) Concurrent Rebuild Remembered Sets
[2020-10-07T09:44:03.400+0000][38832][gc,marking   ] GC(286) Concurrent Rebuild Remembered Sets 101.392ms
[2020-10-07T09:44:03.403+0000][38832][gc,start     ] GC(286) Pause Cleanup
[2020-10-07T09:44:03.403+0000][38832][gc           ] GC(286) Pause Cleanup 310M->310M(1024M) 0.386ms
[2020-10-07T09:44:03.403+0000][38832][gc,cpu       ] GC(286) User=0.00s Sys=0.00s Real=0.00s
[2020-10-07T09:44:03.403+0000][38832][safepoint    ] Safepoint "G1Concurrent", Time since last: 101645400 ns, Reaching safepoint: 2874400 ns, At safepoint: 608500 ns, Total: 3482900 ns
[2020-10-07T09:44:03.403+0000][38832][gc,marking   ] GC(286) Concurrent Cleanup for Next Mark
[2020-10-07T09:44:03.405+0000][38832][gc,marking   ] GC(286) Concurrent Cleanup for Next Mark 1.816ms
[2020-10-07T09:44:03.405+0000][38832][gc           ] GC(286) Concurrent Cycle 309.061ms
[2020-10-07T09:44:03.457+0000][38832][gc,start     ] GC(287) Pause Young (Concurrent Start) (G1 Humongous Allocation)
[2020-10-07T09:44:03.457+0000][38832][gc,task      ] GC(287) Using 8 workers of 8 for evacuation
[2020-10-07T09:44:03.457+0000][38832][gc,age       ] GC(287) Desired survivor size 33554432 bytes, new threshold 15 (max threshold 15)
[2020-10-07T09:44:03.460+0000][38832][gc,age       ] GC(287) Age table with threshold 15 (max threshold 15)
[2020-10-07T09:44:03.461+0000][38832][gc,age       ] GC(287) - age   1:    2646936 bytes,    2646936 total
[2020-10-07T09:44:03.461+0000][38832][gc,age       ] GC(287) - age   2:     179800 bytes,    2826736 total
[2020-10-07T09:44:03.461+0000][38832][gc,age       ] GC(287) - age   3:       8120 bytes,    2834856 total
[2020-10-07T09:44:03.461+0000][38832][gc,age       ] GC(287) - age   4:        968 bytes,    2835824 total
[2020-10-07T09:44:03.461+0000][38832][gc,age       ] GC(287) - age   5:      69664 bytes,    2905488 total
[2020-10-07T09:44:03.461+0000][38832][gc,age       ] GC(287) - age   6:       3296 bytes,    2908784 total
[2020-10-07T09:44:03.461+0000][38832][gc,age       ] GC(287) - age   7:       2040 bytes,    2910824 total
[2020-10-07T09:44:03.461+0000][38832][gc,age       ] GC(287) - age   8:      10448 bytes,    2921272 total
[2020-10-07T09:44:03.461+0000][38832][gc,age       ] GC(287) - age   9:       2784 bytes,    2924056 total
[2020-10-07T09:44:03.461+0000][38832][gc,age       ] GC(287) - age  10:        656 bytes,    2924712 total
[2020-10-07T09:44:03.461+0000][38832][gc,age       ] GC(287) - age  11:      10992 bytes,    2935704 total
[2020-10-07T09:44:03.461+0000][38832][gc,age       ] GC(287) - age  12:        832 bytes,    2936536 total
[2020-10-07T09:44:03.461+0000][38832][gc,age       ] GC(287) - age  13:       3704 bytes,    2940240 total
[2020-10-07T09:44:03.461+0000][38832][gc,age       ] GC(287) - age  14:        704 bytes,    2940944 total
[2020-10-07T09:44:03.461+0000][38832][gc,age       ] GC(287) - age  15:       1176 bytes,    2942120 total
[2020-10-07T09:44:03.461+0000][38832][gc,phases    ] GC(287)   Pre Evacuate Collection Set: 0.5ms
[2020-10-07T09:44:03.461+0000][38832][gc,phases    ] GC(287)   Merge Heap Roots: 0.1ms
[2020-10-07T09:44:03.461+0000][38832][gc,phases    ] GC(287)   Evacuate Collection Set: 2.1ms
[2020-10-07T09:44:03.461+0000][38832][gc,phases    ] GC(287)   Post Evacuate Collection Set: 0.8ms
[2020-10-07T09:44:03.461+0000][38832][gc,phases    ] GC(287)   Other: 1.2ms
[2020-10-07T09:44:03.462+0000][38832][gc,heap      ] GC(287) Eden regions: 21->0(502)
[2020-10-07T09:44:03.462+0000][38832][gc,heap      ] GC(287) Survivor regions: 3->3(64)
[2020-10-07T09:44:03.462+0000][38832][gc,heap      ] GC(287) Old regions: 79->79
[2020-10-07T09:44:03.462+0000][38832][gc,heap      ] GC(287) Archive regions: 0->0
[2020-10-07T09:44:03.462+0000][38832][gc,heap      ] GC(287) Humongous regions: 228->174
[2020-10-07T09:44:03.462+0000][38832][gc,metaspace ] GC(287) Metaspace: 88579K(94592K)->88579K(94592K) NonClass: 77369K(80896K)->77369K(80896K) Class: 11210K(13696K)->11210K(13696K)
[2020-10-07T09:44:03.462+0000][38832][gc           ] GC(287) Pause Young (Concurrent Start) (G1 Humongous Allocation) 329M->255M(1024M) 5.115ms
[2020-10-07T09:44:03.462+0000][38832][gc,cpu       ] GC(287) User=0.06s Sys=0.00s Real=0.00s
[2020-10-07T09:44:03.462+0000][38832][safepoint    ] Safepoint "G1TryInitiateConcMark", Time since last: 53150900 ns, Reaching safepoint: 213900 ns, At safepoint: 5346200 ns, Total: 5560100 ns
[2020-10-07T09:44:03.462+0000][38832][gc           ] GC(288) Concurrent Cycle
[2020-10-07T09:44:03.462+0000][38832][gc,marking   ] GC(288) Concurrent Clear Claimed Marks
[2020-10-07T09:44:03.462+0000][38832][gc,marking   ] GC(288) Concurrent Clear Claimed Marks 0.359ms
[2020-10-07T09:44:03.463+0000][38832][gc,marking   ] GC(288) Concurrent Scan Root Regions
[2020-10-07T09:44:03.465+0000][38832][gc,marking   ] GC(288) Concurrent Scan Root Regions 2.229ms
[2020-10-07T09:44:03.465+0000][38832][gc,marking   ] GC(288) Concurrent Mark (118.670s)
[2020-10-07T09:44:03.465+0000][38832][gc,marking   ] GC(288) Concurrent Mark From Roots
[2020-10-07T09:44:03.465+0000][38832][gc,task      ] GC(288) Using 2 workers of 2 for marking
[2020-10-07T09:44:03.637+0000][38832][gc,marking   ] GC(288) Concurrent Mark From Roots 172.250ms
[2020-10-07T09:44:03.637+0000][38832][gc,marking   ] GC(288) Concurrent Preclean
[2020-10-07T09:44:03.638+0000][38832][gc,marking   ] GC(288) Concurrent Preclean 0.911ms
[2020-10-07T09:44:03.638+0000][38832][gc,marking   ] GC(288) Concurrent Mark (118.670s, 118.844s) 173.370ms
[2020-10-07T09:44:03.638+0000][38832][gc,start     ] GC(288) Pause Remark
[2020-10-07T09:44:03.646+0000][38832][gc           ] GC(288) Pause Remark 344M->344M(1024M) 7.086ms
[2020-10-07T09:44:03.646+0000][38832][gc,cpu       ] GC(288) User=0.00s Sys=0.00s Real=0.01s
[2020-10-07T09:44:03.646+0000][38832][safepoint    ] Safepoint "G1Concurrent", Time since last: 176320600 ns, Reaching safepoint: 201500 ns, At safepoint: 7890000 ns, Total: 8091500 ns
[2020-10-07T09:44:03.646+0000][38832][gc,marking   ] GC(288) Concurrent Rebuild Remembered Sets
[2020-10-07T09:44:03.747+0000][38832][gc,marking   ] GC(288) Concurrent Rebuild Remembered Sets 100.906ms
[2020-10-07T09:44:03.748+0000][38832][gc,start     ] GC(288) Pause Cleanup
[2020-10-07T09:44:03.748+0000][38832][gc           ] GC(288) Pause Cleanup 352M->352M(1024M) 0.352ms
[2020-10-07T09:44:03.748+0000][38832][gc,cpu       ] GC(288) User=0.00s Sys=0.00s Real=0.00s
[2020-10-07T09:44:03.748+0000][38832][safepoint    ] Safepoint "G1Concurrent", Time since last: 101182300 ns, Reaching safepoint: 152400 ns, At safepoint: 573200 ns, Total: 725600 ns
[2020-10-07T09:44:03.748+0000][38832][gc,marking   ] GC(288) Concurrent Cleanup for Next Mark
[2020-10-07T09:44:03.750+0000][38832][gc,marking   ] GC(288) Concurrent Cleanup for Next Mark 1.702ms
[2020-10-07T09:44:03.750+0000][38832][gc           ] GC(288) Concurrent Cycle 288.287ms
[2020-10-07T09:44:03.874+0000][38832][gc,start     ] GC(289) Pause Young (Concurrent Start) (G1 Humongous Allocation)
[2020-10-07T09:44:03.874+0000][38832][gc,task      ] GC(289) Using 8 workers of 8 for evacuation
[2020-10-07T09:44:03.874+0000][38832][gc,age       ] GC(289) Desired survivor size 33554432 bytes, new threshold 15 (max threshold 15)
[2020-10-07T09:44:03.879+0000][38832][gc,age       ] GC(289) Age table with threshold 15 (max threshold 15)
[2020-10-07T09:44:03.880+0000][38832][gc,age       ] GC(289) - age   1:    3100984 bytes,    3100984 total
[2020-10-07T09:44:03.880+0000][38832][gc,age       ] GC(289) - age   2:     202472 bytes,    3303456 total
[2020-10-07T09:44:03.880+0000][38832][gc,age       ] GC(289) - age   3:     175968 bytes,    3479424 total
[2020-10-07T09:44:03.880+0000][38832][gc,age       ] GC(289) - age   4:       7416 bytes,    3486840 total
[2020-10-07T09:44:03.880+0000][38832][gc,age       ] GC(289) - age   5:        936 bytes,    3487776 total
[2020-10-07T09:44:03.880+0000][38832][gc,age       ] GC(289) - age   6:      69504 bytes,    3557280 total
[2020-10-07T09:44:03.880+0000][38832][gc,age       ] GC(289) - age   7:       3008 bytes,    3560288 total
[2020-10-07T09:44:03.880+0000][38832][gc,age       ] GC(289) - age   8:       1688 bytes,    3561976 total
[2020-10-07T09:44:03.880+0000][38832][gc,age       ] GC(289) - age   9:      10352 bytes,    3572328 total
[2020-10-07T09:44:03.880+0000][38832][gc,age       ] GC(289) - age  10:       2528 bytes,    3574856 total
[2020-10-07T09:44:03.880+0000][38832][gc,age       ] GC(289) - age  11:        624 bytes,    3575480 total
[2020-10-07T09:44:03.880+0000][38832][gc,age       ] GC(289) - age  12:      10992 bytes,    3586472 total
[2020-10-07T09:44:03.880+0000][38832][gc,age       ] GC(289) - age  13:        800 bytes,    3587272 total
[2020-10-07T09:44:03.880+0000][38832][gc,age       ] GC(289) - age  14:       3640 bytes,    3590912 total
[2020-10-07T09:44:03.880+0000][38832][gc,age       ] GC(289) - age  15:        704 bytes,    3591616 total
[2020-10-07T09:44:03.880+0000][38832][gc,phases    ] GC(289)   Pre Evacuate Collection Set: 0.5ms
[2020-10-07T09:44:03.880+0000][38832][gc,phases    ] GC(289)   Merge Heap Roots: 0.1ms
[2020-10-07T09:44:03.880+0000][38832][gc,phases    ] GC(289)   Evacuate Collection Set: 3.4ms
[2020-10-07T09:44:03.880+0000][38832][gc,phases    ] GC(289)   Post Evacuate Collection Set: 1.1ms
[2020-10-07T09:44:03.881+0000][38832][gc,phases    ] GC(289)   Other: 1.4ms
[2020-10-07T09:44:03.881+0000][38832][gc,heap      ] GC(289) Eden regions: 38->0(501)
[2020-10-07T09:44:03.881+0000][38832][gc,heap      ] GC(289) Survivor regions: 3->4(64)
[2020-10-07T09:44:03.881+0000][38832][gc,heap      ] GC(289) Old regions: 79->79
[2020-10-07T09:44:03.881+0000][38832][gc,heap      ] GC(289) Archive regions: 0->0
[2020-10-07T09:44:03.881+0000][38832][gc,heap      ] GC(289) Humongous regions: 238->174
[2020-10-07T09:44:03.881+0000][38832][gc,metaspace ] GC(289) Metaspace: 88595K(94592K)->88595K(94592K) NonClass: 77383K(80896K)->77383K(80896K) Class: 11212K(13696K)->11212K(13696K)
[2020-10-07T09:44:03.881+0000][38832][gc           ] GC(289) Pause Young (Concurrent Start) (G1 Humongous Allocation) 357M->256M(1024M) 7.138ms
[2020-10-07T09:44:03.881+0000][38832][gc,cpu       ] GC(289) User=0.00s Sys=0.00s Real=0.01s
[2020-10-07T09:44:03.881+0000][38832][gc           ] GC(290) Concurrent Cycle
[2020-10-07T09:44:03.881+0000][38832][safepoint    ] Safepoint "G1TryInitiateConcMark", Time since last: 125287700 ns, Reaching safepoint: 213800 ns, At safepoint: 7412700 ns, Total: 7626500 ns
[2020-10-07T09:44:03.881+0000][38832][gc,marking   ] GC(290) Concurrent Clear Claimed Marks
[2020-10-07T09:44:03.882+0000][38832][gc,marking   ] GC(290) Concurrent Clear Claimed Marks 0.541ms
[2020-10-07T09:44:03.882+0000][38832][gc,marking   ] GC(290) Concurrent Scan Root Regions
[2020-10-07T09:44:03.885+0000][38832][gc,marking   ] GC(290) Concurrent Scan Root Regions 3.407ms
[2020-10-07T09:44:03.885+0000][38832][gc,marking   ] GC(290) Concurrent Mark (119.091s)
[2020-10-07T09:44:03.885+0000][38832][gc,marking   ] GC(290) Concurrent Mark From Roots
[2020-10-07T09:44:03.885+0000][38832][gc,task      ] GC(290) Using 2 workers of 2 for marking
[2020-10-07T09:44:04.076+0000][38832][gc,marking   ] GC(290) Concurrent Mark From Roots 190.396ms
[2020-10-07T09:44:04.076+0000][38832][gc,marking   ] GC(290) Concurrent Preclean
[2020-10-07T09:44:04.077+0000][38832][gc,marking   ] GC(290) Concurrent Preclean 1.035ms
[2020-10-07T09:44:04.077+0000][38832][gc,marking   ] GC(290) Concurrent Mark (119.091s, 119.283s) 191.719ms
[2020-10-07T09:44:04.077+0000][38832][gc,start     ] GC(290) Pause Remark
[2020-10-07T09:44:04.085+0000][38832][gc           ] GC(290) Pause Remark 399M->399M(1024M) 7.751ms
[2020-10-07T09:44:04.085+0000][38832][gc,cpu       ] GC(290) User=0.09s Sys=0.00s Real=0.01s
[2020-10-07T09:44:04.085+0000][38832][safepoint    ] Safepoint "G1Concurrent", Time since last: 196019000 ns, Reaching safepoint: 192100 ns, At safepoint: 8025500 ns, Total: 8217600 ns
[2020-10-07T09:44:04.085+0000][38832][gc,marking   ] GC(290) Concurrent Rebuild Remembered Sets
[2020-10-07T09:44:04.185+0000][38832][gc,marking   ] GC(290) Concurrent Rebuild Remembered Sets 99.772ms
[2020-10-07T09:44:04.186+0000][38832][gc,start     ] GC(290) Pause Cleanup
[2020-10-07T09:44:04.186+0000][38832][gc           ] GC(290) Pause Cleanup 399M->399M(1024M) 0.303ms
[2020-10-07T09:44:04.186+0000][38832][gc,cpu       ] GC(290) User=0.00s Sys=0.00s Real=0.00s
[2020-10-07T09:44:04.186+0000][38832][safepoint    ] Safepoint "G1Concurrent", Time since last: 100016700 ns, Reaching safepoint: 205600 ns, At safepoint: 493900 ns, Total: 699500 ns
[2020-10-07T09:44:04.186+0000][38832][gc,marking   ] GC(290) Concurrent Cleanup for Next Mark
[2020-10-07T09:44:04.188+0000][38832][gc,marking   ] GC(290) Concurrent Cleanup for Next Mark 1.524ms
[2020-10-07T09:44:04.188+0000][38832][gc           ] GC(290) Concurrent Cycle 306.765ms
[2020-10-07T09:44:04.320+0000][38832][safepoint    ] Safepoint "BulkRevokeBias", Time since last: 130760800 ns, Reaching safepoint: 234100 ns, At safepoint: 2549000 ns, Total: 2783100 ns
[2020-10-07T09:44:04.680+0000][38832][gc,start     ] GC(291) Pause Young (Concurrent Start) (G1 Humongous Allocation)
[2020-10-07T09:44:04.680+0000][38832][gc,task      ] GC(291) Using 8 workers of 8 for evacuation
[2020-10-07T09:44:04.680+0000][38832][gc,age       ] GC(291) Desired survivor size 33554432 bytes, new threshold 15 (max threshold 15)
[2020-10-07T09:44:04.684+0000][38832][gc,age       ] GC(291) Age table with threshold 15 (max threshold 15)
[2020-10-07T09:44:04.685+0000][38832][gc,age       ] GC(291) - age   1:    3232336 bytes,    3232336 total
[2020-10-07T09:44:04.685+0000][38832][gc,age       ] GC(291) - age   2:      16168 bytes,    3248504 total
[2020-10-07T09:44:04.685+0000][38832][gc,age       ] GC(291) - age   3:        640 bytes,    3249144 total
[2020-10-07T09:44:04.685+0000][38832][gc,age       ] GC(291) - age   4:     169864 bytes,    3419008 total
[2020-10-07T09:44:04.685+0000][38832][gc,age       ] GC(291) - age   5:       7040 bytes,    3426048 total
[2020-10-07T09:44:04.685+0000][38832][gc,age       ] GC(291) - age   6:        712 bytes,    3426760 total
[2020-10-07T09:44:04.685+0000][38832][gc,age       ] GC(291) - age   7:      65712 bytes,    3492472 total
[2020-10-07T09:44:04.685+0000][38832][gc,age       ] GC(291) - age   8:       2880 bytes,    3495352 total
[2020-10-07T09:44:04.685+0000][38832][gc,age       ] GC(291) - age   9:       1656 bytes,    3497008 total
[2020-10-07T09:44:04.685+0000][38832][gc,age       ] GC(291) - age  10:      10352 bytes,    3507360 total
[2020-10-07T09:44:04.685+0000][38832][gc,age       ] GC(291) - age  11:       2496 bytes,    3509856 total
[2020-10-07T09:44:04.685+0000][38832][gc,age       ] GC(291) - age  12:        624 bytes,    3510480 total
[2020-10-07T09:44:04.685+0000][38832][gc,age       ] GC(291) - age  13:      10928 bytes,    3521408 total
[2020-10-07T09:44:04.685+0000][38832][gc,age       ] GC(291) - age  14:        800 bytes,    3522208 total
[2020-10-07T09:44:04.685+0000][38832][gc,age       ] GC(291) - age  15:       3544 bytes,    3525752 total
[2020-10-07T09:44:04.685+0000][38832][gc,phases    ] GC(291)   Pre Evacuate Collection Set: 0.5ms
[2020-10-07T09:44:04.685+0000][38832][gc,phases    ] GC(291)   Merge Heap Roots: 0.1ms
[2020-10-07T09:44:04.686+0000][38832][gc,phases    ] GC(291)   Evacuate Collection Set: 2.6ms
[2020-10-07T09:44:04.686+0000][38832][gc,phases    ] GC(291)   Post Evacuate Collection Set: 0.8ms
[2020-10-07T09:44:04.686+0000][38832][gc,phases    ] GC(291)   Other: 1.3ms
[2020-10-07T09:44:04.686+0000][38832][gc,heap      ] GC(291) Eden regions: 48->0(501)
[2020-10-07T09:44:04.686+0000][38832][gc,heap      ] GC(291) Survivor regions: 4->4(64)
[2020-10-07T09:44:04.686+0000][38832][gc,heap      ] GC(291) Old regions: 79->79
[2020-10-07T09:44:04.686+0000][38832][gc,heap      ] GC(291) Archive regions: 0->0
[2020-10-07T09:44:04.686+0000][38832][gc,heap      ] GC(291) Humongous regions: 288->174
[2020-10-07T09:44:04.686+0000][38832][gc,metaspace ] GC(291) Metaspace: 88734K(94592K)->88734K(94592K) NonClass: 77495K(80896K)->77495K(80896K) Class: 11238K(13696K)->11238K(13696K)
[2020-10-07T09:44:04.686+0000][38832][gc           ] GC(291) Pause Young (Concurrent Start) (G1 Humongous Allocation) 418M->256M(1024M) 5.875ms
[2020-10-07T09:44:04.686+0000][38832][gc,cpu       ] GC(291) User=0.00s Sys=0.00s Real=0.01s
[2020-10-07T09:44:04.686+0000][38832][safepoint    ] Safepoint "G1TryInitiateConcMark", Time since last: 359913300 ns, Reaching safepoint: 169900 ns, At safepoint: 6060700 ns, Total: 6230600 ns
[2020-10-07T09:44:04.686+0000][38832][gc           ] GC(292) Concurrent Cycle
[2020-10-07T09:44:04.686+0000][38832][gc,marking   ] GC(292) Concurrent Clear Claimed Marks
[2020-10-07T09:44:04.687+0000][38832][gc,marking   ] GC(292) Concurrent Clear Claimed Marks 0.479ms
[2020-10-07T09:44:04.687+0000][38832][gc,marking   ] GC(292) Concurrent Scan Root Regions
[2020-10-07T09:44:04.691+0000][38832][gc,marking   ] GC(292) Concurrent Scan Root Regions 3.917ms
[2020-10-07T09:44:04.691+0000][38832][gc,marking   ] GC(292) Concurrent Mark (119.896s)
[2020-10-07T09:44:04.691+0000][38832][gc,marking   ] GC(292) Concurrent Mark From Roots
[2020-10-07T09:44:04.691+0000][38832][gc,task      ] GC(292) Using 2 workers of 2 for marking
[2020-10-07T09:44:04.843+0000][38832][gc,marking   ] GC(292) Concurrent Mark From Roots 151.624ms
[2020-10-07T09:44:04.843+0000][38832][gc,marking   ] GC(292) Concurrent Preclean
[2020-10-07T09:44:04.843+0000][38832][gc,marking   ] GC(292) Concurrent Preclean 0.654ms
[2020-10-07T09:44:04.843+0000][38832][gc,marking   ] GC(292) Concurrent Mark (119.896s, 120.049s) 152.471ms
[2020-10-07T09:44:04.844+0000][38832][gc,start     ] GC(292) Pause Remark
[2020-10-07T09:44:04.850+0000][38832][gc           ] GC(292) Pause Remark 425M->425M(1024M) 6.523ms
[2020-10-07T09:44:04.850+0000][38832][gc,cpu       ] GC(292) User=0.00s Sys=0.00s Real=0.01s
[2020-10-07T09:44:04.850+0000][38832][safepoint    ] Safepoint "G1Concurrent", Time since last: 157378600 ns, Reaching safepoint: 185500 ns, At safepoint: 6790800 ns, Total: 6976300 ns
[2020-10-07T09:44:04.851+0000][38832][gc,marking   ] GC(292) Concurrent Rebuild Remembered Sets
[2020-10-07T09:44:04.943+0000][38832][gc,marking   ] GC(292) Concurrent Rebuild Remembered Sets 93.216ms
[2020-10-07T09:44:04.944+0000][38832][gc,start     ] GC(292) Pause Cleanup
[2020-10-07T09:44:04.944+0000][38832][gc           ] GC(292) Pause Cleanup 495M->495M(1024M) 0.428ms
[2020-10-07T09:44:04.944+0000][38832][gc,cpu       ] GC(292) User=0.00s Sys=0.00s Real=0.00s
[2020-10-07T09:44:04.945+0000][38832][safepoint    ] Safepoint "G1Concurrent", Time since last: 93461200 ns, Reaching safepoint: 448500 ns, At safepoint: 721800 ns, Total: 1170300 ns
[2020-10-07T09:44:04.945+0000][38832][gc,marking   ] GC(292) Concurrent Cleanup for Next Mark
[2020-10-07T09:44:04.946+0000][38832][gc,marking   ] GC(292) Concurrent Cleanup for Next Mark 1.616ms
[2020-10-07T09:44:04.946+0000][38832][gc           ] GC(292) Concurrent Cycle 260.877ms
[2020-10-07T09:44:05.016+0000][38832][gc,start     ] GC(293) Pause Young (Concurrent Start) (G1 Humongous Allocation)
[2020-10-07T09:44:05.016+0000][38832][gc,task      ] GC(293) Using 8 workers of 8 for evacuation
[2020-10-07T09:44:05.016+0000][38832][gc,age       ] GC(293) Desired survivor size 33554432 bytes, new threshold 15 (max threshold 15)
[2020-10-07T09:44:05.021+0000][38832][gc,age       ] GC(293) Age table with threshold 15 (max threshold 15)
[2020-10-07T09:44:05.021+0000][38832][gc,age       ] GC(293) - age   1:    3429792 bytes,    3429792 total
[2020-10-07T09:44:05.021+0000][38832][gc,age       ] GC(293) - age   2:     531096 bytes,    3960888 total
[2020-10-07T09:44:05.021+0000][38832][gc,age       ] GC(293) - age   3:      15024 bytes,    3975912 total
[2020-10-07T09:44:05.021+0000][38832][gc,age       ] GC(293) - age   4:        216 bytes,    3976128 total
[2020-10-07T09:44:05.021+0000][38832][gc,age       ] GC(293) - age   5:     169640 bytes,    4145768 total
[2020-10-07T09:44:05.021+0000][38832][gc,age       ] GC(293) - age   6:       6976 bytes,    4152744 total
[2020-10-07T09:44:05.021+0000][38832][gc,age       ] GC(293) - age   7:        648 bytes,    4153392 total
[2020-10-07T09:44:05.021+0000][38832][gc,age       ] GC(293) - age   8:      65264 bytes,    4218656 total
[2020-10-07T09:44:05.021+0000][38832][gc,age       ] GC(293) - age   9:       2816 bytes,    4221472 total
[2020-10-07T09:44:05.021+0000][38832][gc,age       ] GC(293) - age  10:       1464 bytes,    4222936 total
[2020-10-07T09:44:05.021+0000][38832][gc,age       ] GC(293) - age  11:      10352 bytes,    4233288 total
[2020-10-07T09:44:05.021+0000][38832][gc,age       ] GC(293) - age  12:       2304 bytes,    4235592 total
[2020-10-07T09:44:05.021+0000][38832][gc,age       ] GC(293) - age  13:        624 bytes,    4236216 total
[2020-10-07T09:44:05.022+0000][38832][gc,age       ] GC(293) - age  14:      10928 bytes,    4247144 total
[2020-10-07T09:44:05.022+0000][38832][gc,age       ] GC(293) - age  15:        800 bytes,    4247944 total
[2020-10-07T09:44:05.022+0000][38832][gc,phases    ] GC(293)   Pre Evacuate Collection Set: 0.5ms
[2020-10-07T09:44:05.022+0000][38832][gc,phases    ] GC(293)   Merge Heap Roots: 0.1ms
[2020-10-07T09:44:05.022+0000][38832][gc,phases    ] GC(293)   Evacuate Collection Set: 3.1ms
[2020-10-07T09:44:05.022+0000][38832][gc,phases    ] GC(293)   Post Evacuate Collection Set: 1.0ms
[2020-10-07T09:44:05.022+0000][38832][gc,phases    ] GC(293)   Other: 1.3ms
[2020-10-07T09:44:05.022+0000][38832][gc,heap      ] GC(293) Eden regions: 73->0(500)
[2020-10-07T09:44:05.022+0000][38832][gc,heap      ] GC(293) Survivor regions: 4->5(64)
[2020-10-07T09:44:05.022+0000][38832][gc,heap      ] GC(293) Old regions: 79->79
[2020-10-07T09:44:05.022+0000][38832][gc,heap      ] GC(293) Archive regions: 0->0
[2020-10-07T09:44:05.022+0000][38832][gc,heap      ] GC(293) Humongous regions: 355->174
[2020-10-07T09:44:05.022+0000][38832][gc,metaspace ] GC(293) Metaspace: 88735K(94592K)->88735K(94592K) NonClass: 77496K(80896K)->77496K(80896K) Class: 11238K(13696K)->11238K(13696K)
[2020-10-07T09:44:05.022+0000][38832][gc           ] GC(293) Pause Young (Concurrent Start) (G1 Humongous Allocation) 509M->256M(1024M) 6.475ms
[2020-10-07T09:44:05.022+0000][38832][gc,cpu       ] GC(293) User=0.03s Sys=0.00s Real=0.01s
[2020-10-07T09:44:05.023+0000][38832][gc           ] GC(294) Concurrent Cycle
[2020-10-07T09:44:05.023+0000][38832][safepoint    ] Safepoint "G1TryInitiateConcMark", Time since last: 71020600 ns, Reaching safepoint: 211900 ns, At safepoint: 6776900 ns, Total: 6988800 ns
[2020-10-07T09:44:05.023+0000][38832][gc,marking   ] GC(294) Concurrent Clear Claimed Marks
[2020-10-07T09:44:05.023+0000][38832][gc,marking   ] GC(294) Concurrent Clear Claimed Marks 0.442ms
[2020-10-07T09:44:05.023+0000][38832][gc,marking   ] GC(294) Concurrent Scan Root Regions
[2020-10-07T09:44:05.026+0000][38832][gc,marking   ] GC(294) Concurrent Scan Root Regions 2.918ms
[2020-10-07T09:44:05.026+0000][38832][gc,marking   ] GC(294) Concurrent Mark (120.232s)
[2020-10-07T09:44:05.026+0000][38832][gc,marking   ] GC(294) Concurrent Mark From Roots
[2020-10-07T09:44:05.026+0000][38832][gc,task      ] GC(294) Using 2 workers of 2 for marking
[2020-10-07T09:44:05.186+0000][38832][gc,marking   ] GC(294) Concurrent Mark From Roots 159.657ms
[2020-10-07T09:44:05.187+0000][38832][gc,marking   ] GC(294) Concurrent Preclean
[2020-10-07T09:44:05.187+0000][38832][gc,marking   ] GC(294) Concurrent Preclean 0.861ms
[2020-10-07T09:44:05.188+0000][38832][gc,marking   ] GC(294) Concurrent Mark (120.232s, 120.393s) 160.829ms
[2020-10-07T09:44:05.188+0000][38832][gc,start     ] GC(294) Pause Remark
[2020-10-07T09:44:05.196+0000][38832][gc           ] GC(294) Pause Remark 404M->404M(1024M) 7.956ms
[2020-10-07T09:44:05.196+0000][38832][gc,cpu       ] GC(294) User=0.09s Sys=0.00s Real=0.01s
[2020-10-07T09:44:05.196+0000][38832][safepoint    ] Safepoint "G1Concurrent", Time since last: 164605400 ns, Reaching safepoint: 167400 ns, At safepoint: 8290600 ns, Total: 8458000 ns
[2020-10-07T09:44:05.196+0000][38832][gc,marking   ] GC(294) Concurrent Rebuild Remembered Sets
[2020-10-07T09:44:05.294+0000][38832][gc,marking   ] GC(294) Concurrent Rebuild Remembered Sets 98.683ms
[2020-10-07T09:44:05.295+0000][38832][gc,start     ] GC(294) Pause Cleanup
[2020-10-07T09:44:05.295+0000][38832][gc           ] GC(294) Pause Cleanup 482M->482M(1024M) 0.358ms
[2020-10-07T09:44:05.295+0000][38832][gc,cpu       ] GC(294) User=0.00s Sys=0.00s Real=0.00s
[2020-10-07T09:44:05.295+0000][38832][safepoint    ] Safepoint "G1Concurrent", Time since last: 98916900 ns, Reaching safepoint: 203200 ns, At safepoint: 721500 ns, Total: 924700 ns
[2020-10-07T09:44:05.295+0000][38832][gc,marking   ] GC(294) Concurrent Cleanup for Next Mark
[2020-10-07T09:44:05.297+0000][38832][gc,marking   ] GC(294) Concurrent Cleanup for Next Mark 1.826ms
[2020-10-07T09:44:05.297+0000][38832][gc           ] GC(294) Concurrent Cycle 275.014ms
[2020-10-07T09:44:05.308+0000][38832][gc,start     ] GC(295) Pause Young (Concurrent Start) (G1 Humongous Allocation)
[2020-10-07T09:44:05.308+0000][38832][gc,task      ] GC(295) Using 8 workers of 8 for evacuation
[2020-10-07T09:44:05.308+0000][38832][gc,age       ] GC(295) Desired survivor size 33554432 bytes, new threshold 15 (max threshold 15)
[2020-10-07T09:44:05.315+0000][38832][gc,age       ] GC(295) Age table with threshold 15 (max threshold 15)
[2020-10-07T09:44:05.315+0000][38832][gc,age       ] GC(295) - age   1:    3244392 bytes,    3244392 total
[2020-10-07T09:44:05.315+0000][38832][gc,age       ] GC(295) - age   2:     536056 bytes,    3780448 total
[2020-10-07T09:44:05.315+0000][38832][gc,age       ] GC(295) - age   3:     439256 bytes,    4219704 total
[2020-10-07T09:44:05.315+0000][38832][gc,age       ] GC(295) - age   4:      14672 bytes,    4234376 total
[2020-10-07T09:44:05.315+0000][38832][gc,age       ] GC(295) - age   5:        216 bytes,    4234592 total
[2020-10-07T09:44:05.315+0000][38832][gc,age       ] GC(295) - age   6:     169640 bytes,    4404232 total
[2020-10-07T09:44:05.315+0000][38832][gc,age       ] GC(295) - age   7:       6944 bytes,    4411176 total
[2020-10-07T09:44:05.315+0000][38832][gc,age       ] GC(295) - age   8:        648 bytes,    4411824 total
[2020-10-07T09:44:05.315+0000][38832][gc,age       ] GC(295) - age   9:      65152 bytes,    4476976 total
[2020-10-07T09:44:05.315+0000][38832][gc,age       ] GC(295) - age  10:       2624 bytes,    4479600 total
[2020-10-07T09:44:05.315+0000][38832][gc,age       ] GC(295) - age  11:       1464 bytes,    4481064 total
[2020-10-07T09:44:05.315+0000][38832][gc,age       ] GC(295) - age  12:      10288 bytes,    4491352 total
[2020-10-07T09:44:05.315+0000][38832][gc,age       ] GC(295) - age  13:       2304 bytes,    4493656 total
[2020-10-07T09:44:05.316+0000][38832][gc,age       ] GC(295) - age  14:        624 bytes,    4494280 total
[2020-10-07T09:44:05.316+0000][38832][gc,age       ] GC(295) - age  15:      10928 bytes,    4505208 total
[2020-10-07T09:44:05.316+0000][38832][gc,phases    ] GC(295)   Pre Evacuate Collection Set: 0.7ms
[2020-10-07T09:44:05.316+0000][38832][gc,phases    ] GC(295)   Merge Heap Roots: 0.5ms
[2020-10-07T09:44:05.316+0000][38832][gc,phases    ] GC(295)   Evacuate Collection Set: 4.2ms
[2020-10-07T09:44:05.316+0000][38832][gc,phases    ] GC(295)   Post Evacuate Collection Set: 1.0ms
[2020-10-07T09:44:05.316+0000][38832][gc,phases    ] GC(295)   Other: 1.4ms
[2020-10-07T09:44:05.316+0000][38832][gc,heap      ] GC(295) Eden regions: 53->0(500)
[2020-10-07T09:44:05.316+0000][38832][gc,heap      ] GC(295) Survivor regions: 5->5(64)
[2020-10-07T09:44:05.316+0000][38832][gc,heap      ] GC(295) Old regions: 79->79
[2020-10-07T09:44:05.316+0000][38832][gc,heap      ] GC(295) Archive regions: 0->0
[2020-10-07T09:44:05.316+0000][38832][gc,heap      ] GC(295) Humongous regions: 351->174
[2020-10-07T09:44:05.316+0000][38832][gc,metaspace ] GC(295) Metaspace: 88816K(94848K)->88816K(94848K) NonClass: 77568K(81152K)->77568K(81152K) Class: 11247K(13696K)->11247K(13696K)
[2020-10-07T09:44:05.316+0000][38832][gc           ] GC(295) Pause Young (Concurrent Start) (G1 Humongous Allocation) 486M->257M(1024M) 8.244ms
[2020-10-07T09:44:05.316+0000][38832][gc,cpu       ] GC(295) User=0.00s Sys=0.00s Real=0.01s
[2020-10-07T09:44:05.316+0000][38832][gc           ] GC(296) Concurrent Cycle
[2020-10-07T09:44:05.316+0000][38832][safepoint    ] Safepoint "G1TryInitiateConcMark", Time since last: 12209200 ns, Reaching safepoint: 294700 ns, At safepoint: 8529400 ns, Total: 8824100 ns
[2020-10-07T09:44:05.316+0000][38832][gc,marking   ] GC(296) Concurrent Clear Claimed Marks
[2020-10-07T09:44:05.317+0000][38832][gc,marking   ] GC(296) Concurrent Clear Claimed Marks 0.416ms
[2020-10-07T09:44:05.317+0000][38832][gc,marking   ] GC(296) Concurrent Scan Root Regions
[2020-10-07T09:44:05.323+0000][38832][gc,marking   ] GC(296) Concurrent Scan Root Regions 6.225ms
[2020-10-07T09:44:05.323+0000][38832][gc,marking   ] GC(296) Concurrent Mark (120.529s)
[2020-10-07T09:44:05.323+0000][38832][gc,marking   ] GC(296) Concurrent Mark From Roots
[2020-10-07T09:44:05.323+0000][38832][gc,task      ] GC(296) Using 2 workers of 2 for marking
[2020-10-07T09:44:05.498+0000][38832][gc,marking   ] GC(296) Concurrent Mark From Roots 174.953ms
[2020-10-07T09:44:05.498+0000][38832][gc,marking   ] GC(296) Concurrent Preclean
[2020-10-07T09:44:05.499+0000][38832][gc,marking   ] GC(296) Concurrent Preclean 0.942ms
[2020-10-07T09:44:05.499+0000][38832][gc,marking   ] GC(296) Concurrent Mark (120.529s, 120.705s) 176.129ms
[2020-10-07T09:44:05.500+0000][38832][gc,start     ] GC(296) Pause Remark
[2020-10-07T09:44:05.507+0000][38832][gc           ] GC(296) Pause Remark 334M->334M(1024M) 7.196ms
[2020-10-07T09:44:05.507+0000][38832][gc,cpu       ] GC(296) User=0.09s Sys=0.02s Real=0.01s
[2020-10-07T09:44:05.507+0000][38832][safepoint    ] Safepoint "G1Concurrent", Time since last: 183085300 ns, Reaching safepoint: 209200 ns, At safepoint: 7576400 ns, Total: 7785600 ns
[2020-10-07T09:44:05.507+0000][38832][gc,marking   ] GC(296) Concurrent Rebuild Remembered Sets
[2020-10-07T09:44:05.607+0000][38832][gc,marking   ] GC(296) Concurrent Rebuild Remembered Sets 99.478ms
[2020-10-07T09:44:05.607+0000][38832][gc,start     ] GC(296) Pause Cleanup
[2020-10-07T09:44:05.608+0000][38832][gc           ] GC(296) Pause Cleanup 335M->335M(1024M) 0.352ms
[2020-10-07T09:44:05.608+0000][38832][gc,cpu       ] GC(296) User=0.00s Sys=0.00s Real=0.00s
[2020-10-07T09:44:05.608+0000][38832][safepoint    ] Safepoint "G1Concurrent", Time since last: 99695700 ns, Reaching safepoint: 181700 ns, At safepoint: 570900 ns, Total: 752600 ns
[2020-10-07T09:44:05.608+0000][38832][gc,marking   ] GC(296) Concurrent Cleanup for Next Mark
[2020-10-07T09:44:05.610+0000][38832][gc,marking   ] GC(296) Concurrent Cleanup for Next Mark 1.844ms
[2020-10-07T09:44:05.610+0000][38832][gc           ] GC(296) Concurrent Cycle 293.440ms
[2020-10-07T09:44:05.767+0000][38832][gc,start     ] GC(297) Pause Young (Concurrent Start) (G1 Humongous Allocation)
[2020-10-07T09:44:05.767+0000][38832][gc,task      ] GC(297) Using 8 workers of 8 for evacuation
[2020-10-07T09:44:05.767+0000][38832][gc,age       ] GC(297) Desired survivor size 33554432 bytes, new threshold 15 (max threshold 15)
[2020-10-07T09:44:05.771+0000][38832][gc,age       ] GC(297) Age table with threshold 15 (max threshold 15)
[2020-10-07T09:44:05.771+0000][38832][gc,age       ] GC(297) - age   1:    2694840 bytes,    2694840 total
[2020-10-07T09:44:05.771+0000][38832][gc,age       ] GC(297) - age   2:     160832 bytes,    2855672 total
[2020-10-07T09:44:05.772+0000][38832][gc,age       ] GC(297) - age   3:      27552 bytes,    2883224 total
[2020-10-07T09:44:05.772+0000][38832][gc,age       ] GC(297) - age   4:     437208 bytes,    3320432 total
[2020-10-07T09:44:05.772+0000][38832][gc,age       ] GC(297) - age   5:      14384 bytes,    3334816 total
[2020-10-07T09:44:05.772+0000][38832][gc,age       ] GC(297) - age   6:        216 bytes,    3335032 total
[2020-10-07T09:44:05.772+0000][38832][gc,age       ] GC(297) - age   7:     169368 bytes,    3504400 total
[2020-10-07T09:44:05.772+0000][38832][gc,age       ] GC(297) - age   8:       6848 bytes,    3511248 total
[2020-10-07T09:44:05.772+0000][38832][gc,age       ] GC(297) - age   9:        616 bytes,    3511864 total
[2020-10-07T09:44:05.772+0000][38832][gc,age       ] GC(297) - age  10:      65136 bytes,    3577000 total
[2020-10-07T09:44:05.772+0000][38832][gc,age       ] GC(297) - age  11:       2560 bytes,    3579560 total
[2020-10-07T09:44:05.772+0000][38832][gc,age       ] GC(297) - age  12:       1432 bytes,    3580992 total
[2020-10-07T09:44:05.772+0000][38832][gc,age       ] GC(297) - age  13:      10288 bytes,    3591280 total
[2020-10-07T09:44:05.772+0000][38832][gc,age       ] GC(297) - age  14:       2304 bytes,    3593584 total
[2020-10-07T09:44:05.772+0000][38832][gc,age       ] GC(297) - age  15:        592 bytes,    3594176 total
[2020-10-07T09:44:05.772+0000][38832][gc,phases    ] GC(297)   Pre Evacuate Collection Set: 0.5ms
[2020-10-07T09:44:05.772+0000][38832][gc,phases    ] GC(297)   Merge Heap Roots: 0.1ms
[2020-10-07T09:44:05.772+0000][38832][gc,phases    ] GC(297)   Evacuate Collection Set: 2.6ms
[2020-10-07T09:44:05.772+0000][38832][gc,phases    ] GC(297)   Post Evacuate Collection Set: 0.8ms
[2020-10-07T09:44:05.772+0000][38832][gc,phases    ] GC(297)   Other: 1.1ms
[2020-10-07T09:44:05.772+0000][38832][gc,heap      ] GC(297) Eden regions: 24->0(502)
[2020-10-07T09:44:05.772+0000][38832][gc,heap      ] GC(297) Survivor regions: 5->4(64)
[2020-10-07T09:44:05.772+0000][38832][gc,heap      ] GC(297) Old regions: 79->79
[2020-10-07T09:44:05.772+0000][38832][gc,heap      ] GC(297) Archive regions: 0->0
[2020-10-07T09:44:05.773+0000][38832][gc,heap      ] GC(297) Humongous regions: 234->174
[2020-10-07T09:44:05.773+0000][38832][gc,metaspace ] GC(297) Metaspace: 88821K(94848K)->88821K(94848K) NonClass: 77574K(81152K)->77574K(81152K) Class: 11247K(13696K)->11247K(13696K)
[2020-10-07T09:44:05.773+0000][38832][gc           ] GC(297) Pause Young (Concurrent Start) (G1 Humongous Allocation) 340M->256M(1024M) 5.545ms
[2020-10-07T09:44:05.773+0000][38832][gc,cpu       ] GC(297) User=0.03s Sys=0.00s Real=0.01s
[2020-10-07T09:44:05.773+0000][38832][gc           ] GC(298) Concurrent Cycle
[2020-10-07T09:44:05.773+0000][38832][safepoint    ] Safepoint "G1TryInitiateConcMark", Time since last: 159170700 ns, Reaching safepoint: 185500 ns, At safepoint: 5812900 ns, Total: 5998400 ns
[2020-10-07T09:44:05.773+0000][38832][gc,marking   ] GC(298) Concurrent Clear Claimed Marks
[2020-10-07T09:44:05.774+0000][38832][gc,marking   ] GC(298) Concurrent Clear Claimed Marks 0.699ms
[2020-10-07T09:44:05.774+0000][38832][gc,marking   ] GC(298) Concurrent Scan Root Regions
[2020-10-07T09:44:05.779+0000][38832][gc,marking   ] GC(298) Concurrent Scan Root Regions 5.159ms
[2020-10-07T09:44:05.779+0000][38832][gc,marking   ] GC(298) Concurrent Mark (120.985s)
[2020-10-07T09:44:05.779+0000][38832][gc,marking   ] GC(298) Concurrent Mark From Roots
[2020-10-07T09:44:05.779+0000][38832][gc,task      ] GC(298) Using 2 workers of 2 for marking
[2020-10-07T09:44:05.952+0000][38832][gc,marking   ] GC(298) Concurrent Mark From Roots 172.348ms
[2020-10-07T09:44:05.952+0000][38832][gc,marking   ] GC(298) Concurrent Preclean
[2020-10-07T09:44:05.953+0000][38832][gc,marking   ] GC(298) Concurrent Preclean 0.942ms
[2020-10-07T09:44:05.953+0000][38832][gc,marking   ] GC(298) Concurrent Mark (120.985s, 121.159s) 173.529ms
[2020-10-07T09:44:05.953+0000][38832][gc,start     ] GC(298) Pause Remark
[2020-10-07T09:44:05.961+0000][38832][gc           ] GC(298) Pause Remark 393M->393M(1024M) 7.730ms
[2020-10-07T09:44:05.961+0000][38832][gc,cpu       ] GC(298) User=0.09s Sys=0.00s Real=0.01s
[2020-10-07T09:44:05.961+0000][38832][safepoint    ] Safepoint "G1Concurrent", Time since last: 179892100 ns, Reaching safepoint: 158200 ns, At safepoint: 8205600 ns, Total: 8363800 ns
[2020-10-07T09:44:05.961+0000][38832][gc,marking   ] GC(298) Concurrent Rebuild Remembered Sets
[2020-10-07T09:44:06.060+0000][38832][gc,marking   ] GC(298) Concurrent Rebuild Remembered Sets 97.917ms
[2020-10-07T09:44:06.061+0000][38832][gc,start     ] GC(298) Pause Cleanup
[2020-10-07T09:44:06.061+0000][38832][gc           ] GC(298) Pause Cleanup 394M->394M(1024M) 0.326ms
[2020-10-07T09:44:06.061+0000][38832][gc,cpu       ] GC(298) User=0.00s Sys=0.00s Real=0.00s
[2020-10-07T09:44:06.061+0000][38832][safepoint    ] Safepoint "G1Concurrent", Time since last: 98300700 ns, Reaching safepoint: 217200 ns, At safepoint: 538700 ns, Total: 755900 ns
[2020-10-07T09:44:06.061+0000][38832][gc,marking   ] GC(298) Concurrent Cleanup for Next Mark
[2020-10-07T09:44:06.063+0000][38832][gc,marking   ] GC(298) Concurrent Cleanup for Next Mark 1.664ms
[2020-10-07T09:44:06.063+0000][38832][gc           ] GC(298) Concurrent Cycle 289.240ms
[2020-10-07T09:44:06.135+0000][38832][gc,start     ] GC(299) Pause Young (Concurrent Start) (G1 Humongous Allocation)
[2020-10-07T09:44:06.136+0000][38832][gc,task      ] GC(299) Using 8 workers of 8 for evacuation
[2020-10-07T09:44:06.136+0000][38832][gc,age       ] GC(299) Desired survivor size 33554432 bytes, new threshold 15 (max threshold 15)
[2020-10-07T09:44:06.139+0000][38832][gc,age       ] GC(299) Age table with threshold 15 (max threshold 15)
[2020-10-07T09:44:06.140+0000][38832][gc,age       ] GC(299) - age   1:    2683624 bytes,    2683624 total
[2020-10-07T09:44:06.140+0000][38832][gc,age       ] GC(299) - age   2:      13544 bytes,    2697168 total
[2020-10-07T09:44:06.140+0000][38832][gc,age       ] GC(299) - age   3:     160768 bytes,    2857936 total
[2020-10-07T09:44:06.140+0000][38832][gc,age       ] GC(299) - age   4:      25936 bytes,    2883872 total
[2020-10-07T09:44:06.140+0000][38832][gc,age       ] GC(299) - age   5:     437048 bytes,    3320920 total
[2020-10-07T09:44:06.140+0000][38832][gc,age       ] GC(299) - age   6:      14352 bytes,    3335272 total
[2020-10-07T09:44:06.140+0000][38832][gc,age       ] GC(299) - age   7:        216 bytes,    3335488 total
[2020-10-07T09:44:06.140+0000][38832][gc,age       ] GC(299) - age   8:     169368 bytes,    3504856 total
[2020-10-07T09:44:06.140+0000][38832][gc,age       ] GC(299) - age   9:       6784 bytes,    3511640 total
[2020-10-07T09:44:06.140+0000][38832][gc,age       ] GC(299) - age  10:        616 bytes,    3512256 total
[2020-10-07T09:44:06.140+0000][38832][gc,age       ] GC(299) - age  11:      65136 bytes,    3577392 total
[2020-10-07T09:44:06.140+0000][38832][gc,age       ] GC(299) - age  12:       2560 bytes,    3579952 total
[2020-10-07T09:44:06.140+0000][38832][gc,age       ] GC(299) - age  13:       1432 bytes,    3581384 total
[2020-10-07T09:44:06.140+0000][38832][gc,age       ] GC(299) - age  14:      10288 bytes,    3591672 total
[2020-10-07T09:44:06.140+0000][38832][gc,age       ] GC(299) - age  15:       2304 bytes,    3593976 total
[2020-10-07T09:44:06.140+0000][38832][gc,phases    ] GC(299)   Pre Evacuate Collection Set: 0.4ms
[2020-10-07T09:44:06.140+0000][38832][gc,phases    ] GC(299)   Merge Heap Roots: 0.1ms
[2020-10-07T09:44:06.140+0000][38832][gc,phases    ] GC(299)   Evacuate Collection Set: 2.5ms
[2020-10-07T09:44:06.140+0000][38832][gc,phases    ] GC(299)   Post Evacuate Collection Set: 0.7ms
[2020-10-07T09:44:06.141+0000][38832][gc,phases    ] GC(299)   Other: 1.2ms
[2020-10-07T09:44:06.141+0000][38832][gc,heap      ] GC(299) Eden regions: 39->0(502)
[2020-10-07T09:44:06.141+0000][38832][gc,heap      ] GC(299) Survivor regions: 4->4(64)
[2020-10-07T09:44:06.141+0000][38832][gc,heap      ] GC(299) Old regions: 79->79
[2020-10-07T09:44:06.141+0000][38832][gc,heap      ] GC(299) Archive regions: 0->0
[2020-10-07T09:44:06.141+0000][38832][gc,heap      ] GC(299) Humongous regions: 278->174
[2020-10-07T09:44:06.141+0000][38832][gc,metaspace ] GC(299) Metaspace: 88836K(94848K)->88836K(94848K) NonClass: 77588K(81152K)->77588K(81152K) Class: 11247K(13696K)->11247K(13696K)
[2020-10-07T09:44:06.141+0000][38832][gc           ] GC(299) Pause Young (Concurrent Start) (G1 Humongous Allocation) 399M->256M(1024M) 5.459ms
[2020-10-07T09:44:06.141+0000][38832][gc,cpu       ] GC(299) User=0.00s Sys=0.00s Real=0.01s
[2020-10-07T09:44:06.141+0000][38832][gc           ] GC(300) Concurrent Cycle
[2020-10-07T09:44:06.141+0000][38832][safepoint    ] Safepoint "G1TryInitiateConcMark", Time since last: 74164800 ns, Reaching safepoint: 130100 ns, At safepoint: 5686200 ns, Total: 5816300 ns
[2020-10-07T09:44:06.141+0000][38832][gc,marking   ] GC(300) Concurrent Clear Claimed Marks
[2020-10-07T09:44:06.142+0000][38832][gc,marking   ] GC(300) Concurrent Clear Claimed Marks 0.489ms
[2020-10-07T09:44:06.142+0000][38832][gc,marking   ] GC(300) Concurrent Scan Root Regions
[2020-10-07T09:44:06.146+0000][38832][gc,marking   ] GC(300) Concurrent Scan Root Regions 3.831ms
[2020-10-07T09:44:06.146+0000][38832][gc,marking   ] GC(300) Concurrent Mark (121.351s)
[2020-10-07T09:44:06.146+0000][38832][gc,marking   ] GC(300) Concurrent Mark From Roots
[2020-10-07T09:44:06.146+0000][38832][gc,task      ] GC(300) Using 2 workers of 2 for marking
[2020-10-07T09:44:06.282+0000][38832][gc,marking   ] GC(300) Concurrent Mark From Roots 136.383ms
[2020-10-07T09:44:06.282+0000][38832][gc,marking   ] GC(300) Concurrent Preclean
[2020-10-07T09:44:06.282+0000][38832][gc,marking   ] GC(300) Concurrent Preclean 0.707ms
[2020-10-07T09:44:06.282+0000][38832][gc,marking   ] GC(300) Concurrent Mark (121.351s, 121.488s) 137.280ms
[2020-10-07T09:44:06.283+0000][38832][gc,start     ] GC(300) Pause Remark
[2020-10-07T09:44:06.289+0000][38832][gc           ] GC(300) Pause Remark 413M->413M(1024M) 6.653ms
[2020-10-07T09:44:06.290+0000][38832][gc,cpu       ] GC(300) User=0.11s Sys=0.00s Real=0.01s
[2020-10-07T09:44:06.290+0000][38832][safepoint    ] Safepoint "G1Concurrent", Time since last: 141996600 ns, Reaching safepoint: 142000 ns, At safepoint: 6949500 ns, Total: 7091500 ns
[2020-10-07T09:44:06.290+0000][38832][gc,marking   ] GC(300) Concurrent Rebuild Remembered Sets
[2020-10-07T09:44:06.375+0000][38832][gc,marking   ] GC(300) Concurrent Rebuild Remembered Sets 84.886ms
[2020-10-07T09:44:06.375+0000][38832][gc,start     ] GC(300) Pause Cleanup
[2020-10-07T09:44:06.375+0000][38832][gc           ] GC(300) Pause Cleanup 500M->500M(1024M) 0.374ms
[2020-10-07T09:44:06.376+0000][38832][gc,cpu       ] GC(300) User=0.00s Sys=0.00s Real=0.00s
[2020-10-07T09:44:06.376+0000][38832][safepoint    ] Safepoint "G1Concurrent", Time since last: 85125900 ns, Reaching safepoint: 205300 ns, At safepoint: 646800 ns, Total: 852100 ns
[2020-10-07T09:44:06.376+0000][38832][gc,marking   ] GC(300) Concurrent Cleanup for Next Mark
[2020-10-07T09:44:06.378+0000][38832][gc,marking   ] GC(300) Concurrent Cleanup for Next Mark 1.789ms
[2020-10-07T09:44:06.378+0000][38832][gc           ] GC(300) Concurrent Cycle 237.127ms
[2020-10-07T09:44:06.400+0000][38832][safepoint    ] Safepoint "BulkRevokeBias", Time since last: 22135100 ns, Reaching safepoint: 169300 ns, At safepoint: 1763600 ns, Total: 1932900 ns
[2020-10-07T09:44:06.403+0000][38832][gc,start     ] GC(301) Pause Young (Concurrent Start) (G1 Humongous Allocation)
[2020-10-07T09:44:06.403+0000][38832][gc,task      ] GC(301) Using 8 workers of 8 for evacuation
[2020-10-07T09:44:06.403+0000][38832][gc,age       ] GC(301) Desired survivor size 33554432 bytes, new threshold 15 (max threshold 15)
[2020-10-07T09:44:06.408+0000][38832][gc,age       ] GC(301) Age table with threshold 15 (max threshold 15)
[2020-10-07T09:44:06.408+0000][38832][gc,age       ] GC(301) - age   1:    3413896 bytes,    3413896 total
[2020-10-07T09:44:06.408+0000][38832][gc,age       ] GC(301) - age   2:       3848 bytes,    3417744 total
[2020-10-07T09:44:06.408+0000][38832][gc,age       ] GC(301) - age   3:      10320 bytes,    3428064 total
[2020-10-07T09:44:06.408+0000][38832][gc,age       ] GC(301) - age   4:     160216 bytes,    3588280 total
[2020-10-07T09:44:06.408+0000][38832][gc,age       ] GC(301) - age   5:      25328 bytes,    3613608 total
[2020-10-07T09:44:06.408+0000][38832][gc,age       ] GC(301) - age   6:     434136 bytes,    4047744 total
[2020-10-07T09:44:06.409+0000][38832][gc,age       ] GC(301) - age   7:      14160 bytes,    4061904 total
[2020-10-07T09:44:06.409+0000][38832][gc,age       ] GC(301) - age   8:        216 bytes,    4062120 total
[2020-10-07T09:44:06.409+0000][38832][gc,age       ] GC(301) - age   9:     169304 bytes,    4231424 total
[2020-10-07T09:44:06.409+0000][38832][gc,age       ] GC(301) - age  10:       6784 bytes,    4238208 total
[2020-10-07T09:44:06.409+0000][38832][gc,age       ] GC(301) - age  11:        616 bytes,    4238824 total
[2020-10-07T09:44:06.409+0000][38832][gc,age       ] GC(301) - age  12:      65072 bytes,    4303896 total
[2020-10-07T09:44:06.409+0000][38832][gc,age       ] GC(301) - age  13:       2560 bytes,    4306456 total
[2020-10-07T09:44:06.409+0000][38832][gc,age       ] GC(301) - age  14:       1400 bytes,    4307856 total
[2020-10-07T09:44:06.409+0000][38832][gc,age       ] GC(301) - age  15:      10160 bytes,    4318016 total
[2020-10-07T09:44:06.409+0000][38832][gc,phases    ] GC(301)   Pre Evacuate Collection Set: 0.4ms
[2020-10-07T09:44:06.409+0000][38832][gc,phases    ] GC(301)   Merge Heap Roots: 0.1ms
[2020-10-07T09:44:06.409+0000][38832][gc,phases    ] GC(301)   Evacuate Collection Set: 3.2ms
[2020-10-07T09:44:06.409+0000][38832][gc,phases    ] GC(301)   Post Evacuate Collection Set: 1.0ms
[2020-10-07T09:44:06.409+0000][38832][gc,phases    ] GC(301)   Other: 1.3ms
[2020-10-07T09:44:06.409+0000][38832][gc,heap      ] GC(301) Eden regions: 72->0(501)
[2020-10-07T09:44:06.409+0000][38832][gc,heap      ] GC(301) Survivor regions: 4->5(64)
[2020-10-07T09:44:06.409+0000][38832][gc,heap      ] GC(301) Old regions: 79->79
[2020-10-07T09:44:06.409+0000][38832][gc,heap      ] GC(301) Archive regions: 0->0
[2020-10-07T09:44:06.409+0000][38832][gc,heap      ] GC(301) Humongous regions: 355->174
[2020-10-07T09:44:06.409+0000][38832][gc,metaspace ] GC(301) Metaspace: 88836K(94848K)->88836K(94848K) NonClass: 77588K(81152K)->77588K(81152K) Class: 11247K(13696K)->11247K(13696K)
[2020-10-07T09:44:06.410+0000][38832][gc           ] GC(301) Pause Young (Concurrent Start) (G1 Humongous Allocation) 509M->256M(1024M) 6.485ms
[2020-10-07T09:44:06.410+0000][38832][gc,cpu       ] GC(301) User=0.00s Sys=0.00s Real=0.01s
[2020-10-07T09:44:06.410+0000][38832][gc           ] GC(302) Concurrent Cycle
[2020-10-07T09:44:06.410+0000][38832][safepoint    ] Safepoint "G1TryInitiateConcMark", Time since last: 3168200 ns, Reaching safepoint: 147000 ns, At safepoint: 6727000 ns, Total: 6874000 ns
[2020-10-07T09:44:06.410+0000][38832][gc,marking   ] GC(302) Concurrent Clear Claimed Marks
[2020-10-07T09:44:06.410+0000][38832][gc,marking   ] GC(302) Concurrent Clear Claimed Marks 0.488ms
[2020-10-07T09:44:06.410+0000][38832][gc,marking   ] GC(302) Concurrent Scan Root Regions
[2020-10-07T09:44:06.414+0000][38832][gc,marking   ] GC(302) Concurrent Scan Root Regions 3.535ms
[2020-10-07T09:44:06.414+0000][38832][gc,marking   ] GC(302) Concurrent Mark (121.620s)
[2020-10-07T09:44:06.414+0000][38832][gc,marking   ] GC(302) Concurrent Mark From Roots
[2020-10-07T09:44:06.414+0000][38832][gc,task      ] GC(302) Using 2 workers of 2 for marking
[2020-10-07T09:44:06.434+0000][38832][safepoint    ] Safepoint "BulkRevokeBias", Time since last: 21860600 ns, Reaching safepoint: 266700 ns, At safepoint: 1807100 ns, Total: 2073800 ns
[2020-10-07T09:44:06.570+0000][38832][gc,marking   ] GC(302) Concurrent Mark From Roots 155.926ms
[2020-10-07T09:44:06.570+0000][38832][gc,marking   ] GC(302) Concurrent Preclean
[2020-10-07T09:44:06.571+0000][38832][gc,marking   ] GC(302) Concurrent Preclean 0.746ms
[2020-10-07T09:44:06.571+0000][38832][gc,marking   ] GC(302) Concurrent Mark (121.620s, 121.777s) 156.882ms
[2020-10-07T09:44:06.571+0000][38832][gc,start     ] GC(302) Pause Remark
[2020-10-07T09:44:06.579+0000][38832][gc           ] GC(302) Pause Remark 405M->405M(1024M) 7.531ms
[2020-10-07T09:44:06.579+0000][38832][gc,cpu       ] GC(302) User=0.00s Sys=0.00s Real=0.01s
[2020-10-07T09:44:06.579+0000][38832][safepoint    ] Safepoint "G1Concurrent", Time since last: 137353500 ns, Reaching safepoint: 234500 ns, At safepoint: 7803500 ns, Total: 8038000 ns
[2020-10-07T09:44:06.579+0000][38832][gc,marking   ] GC(302) Concurrent Rebuild Remembered Sets
[2020-10-07T09:44:06.669+0000][38832][gc,marking   ] GC(302) Concurrent Rebuild Remembered Sets 89.809ms
[2020-10-07T09:44:06.669+0000][38832][gc,start     ] GC(302) Pause Cleanup
[2020-10-07T09:44:06.670+0000][38832][gc           ] GC(302) Pause Cleanup 405M->405M(1024M) 0.344ms
[2020-10-07T09:44:06.670+0000][38832][gc,cpu       ] GC(302) User=0.00s Sys=0.00s Real=0.00s
[2020-10-07T09:44:06.670+0000][38832][safepoint    ] Safepoint "G1Concurrent", Time since last: 90012900 ns, Reaching safepoint: 175700 ns, At safepoint: 536000 ns, Total: 711700 ns
[2020-10-07T09:44:06.670+0000][38832][gc,marking   ] GC(302) Concurrent Cleanup for Next Mark
[2020-10-07T09:44:06.672+0000][38832][gc,marking   ] GC(302) Concurrent Cleanup for Next Mark 1.714ms
[2020-10-07T09:44:06.672+0000][38832][gc           ] GC(302) Concurrent Cycle 261.979ms
[2020-10-07T09:44:06.683+0000][38832][gc,start     ] GC(303) Pause Young (Concurrent Start) (G1 Humongous Allocation)
[2020-10-07T09:44:06.683+0000][38832][gc,task      ] GC(303) Using 8 workers of 8 for evacuation
[2020-10-07T09:44:06.683+0000][38832][gc,age       ] GC(303) Desired survivor size 33554432 bytes, new threshold 15 (max threshold 15)
[2020-10-07T09:44:06.687+0000][38832][gc,age       ] GC(303) Age table with threshold 15 (max threshold 15)
[2020-10-07T09:44:06.687+0000][38832][gc,age       ] GC(303) - age   1:    2696000 bytes,    2696000 total
[2020-10-07T09:44:06.687+0000][38832][gc,age       ] GC(303) - age   2:      12984 bytes,    2708984 total
[2020-10-07T09:44:06.687+0000][38832][gc,age       ] GC(303) - age   3:       1784 bytes,    2710768 total
[2020-10-07T09:44:06.687+0000][38832][gc,age       ] GC(303) - age   4:       9472 bytes,    2720240 total
[2020-10-07T09:44:06.687+0000][38832][gc,age       ] GC(303) - age   5:     160120 bytes,    2880360 total
[2020-10-07T09:44:06.687+0000][38832][gc,age       ] GC(303) - age   6:      25264 bytes,    2905624 total
[2020-10-07T09:44:06.687+0000][38832][gc,age       ] GC(303) - age   7:     434136 bytes,    3339760 total
[2020-10-07T09:44:06.687+0000][38832][gc,age       ] GC(303) - age   8:      14096 bytes,    3353856 total
[2020-10-07T09:44:06.687+0000][38832][gc,age       ] GC(303) - age   9:        152 bytes,    3354008 total
[2020-10-07T09:44:06.687+0000][38832][gc,age       ] GC(303) - age  10:     169240 bytes,    3523248 total
[2020-10-07T09:44:06.687+0000][38832][gc,age       ] GC(303) - age  11:       6784 bytes,    3530032 total
[2020-10-07T09:44:06.687+0000][38832][gc,age       ] GC(303) - age  12:        616 bytes,    3530648 total
[2020-10-07T09:44:06.687+0000][38832][gc,age       ] GC(303) - age  13:      65072 bytes,    3595720 total
[2020-10-07T09:44:06.687+0000][38832][gc,age       ] GC(303) - age  14:       2496 bytes,    3598216 total
[2020-10-07T09:44:06.687+0000][38832][gc,age       ] GC(303) - age  15:       1336 bytes,    3599552 total
[2020-10-07T09:44:06.687+0000][38832][gc,phases    ] GC(303)   Pre Evacuate Collection Set: 0.4ms
[2020-10-07T09:44:06.687+0000][38832][gc,phases    ] GC(303)   Merge Heap Roots: 0.1ms
[2020-10-07T09:44:06.687+0000][38832][gc,phases    ] GC(303)   Evacuate Collection Set: 2.5ms
[2020-10-07T09:44:06.688+0000][38832][gc,phases    ] GC(303)   Post Evacuate Collection Set: 0.8ms
[2020-10-07T09:44:06.688+0000][38832][gc,phases    ] GC(303)   Other: 1.1ms
[2020-10-07T09:44:06.688+0000][38832][gc,heap      ] GC(303) Eden regions: 40->0(502)
[2020-10-07T09:44:06.688+0000][38832][gc,heap      ] GC(303) Survivor regions: 5->4(64)
[2020-10-07T09:44:06.688+0000][38832][gc,heap      ] GC(303) Old regions: 79->79
[2020-10-07T09:44:06.688+0000][38832][gc,heap      ] GC(303) Archive regions: 0->0
[2020-10-07T09:44:06.688+0000][38832][gc,heap      ] GC(303) Humongous regions: 288->174
[2020-10-07T09:44:06.688+0000][38832][gc,metaspace ] GC(303) Metaspace: 88857K(94848K)->88857K(94848K) NonClass: 77609K(81152K)->77609K(81152K) Class: 11247K(13696K)->11247K(13696K)
[2020-10-07T09:44:06.688+0000][38832][gc           ] GC(303) Pause Young (Concurrent Start) (G1 Humongous Allocation) 410M->256M(1024M) 5.443ms
[2020-10-07T09:44:06.688+0000][38832][gc,cpu       ] GC(303) User=0.00s Sys=0.00s Real=0.00s
[2020-10-07T09:44:06.688+0000][38832][gc           ] GC(304) Concurrent Cycle
[2020-10-07T09:44:06.688+0000][38832][safepoint    ] Safepoint "G1TryInitiateConcMark", Time since last: 12519400 ns, Reaching safepoint: 131700 ns, At safepoint: 5702200 ns, Total: 5833900 ns
[2020-10-07T09:44:06.688+0000][38832][gc,marking   ] GC(304) Concurrent Clear Claimed Marks
[2020-10-07T09:44:06.689+0000][38832][gc,marking   ] GC(304) Concurrent Clear Claimed Marks 0.519ms
[2020-10-07T09:44:06.689+0000][38832][gc,marking   ] GC(304) Concurrent Scan Root Regions
[2020-10-07T09:44:06.694+0000][38832][gc,marking   ] GC(304) Concurrent Scan Root Regions 5.641ms
[2020-10-07T09:44:06.695+0000][38832][gc,marking   ] GC(304) Concurrent Mark (121.900s)
[2020-10-07T09:44:06.695+0000][38832][gc,marking   ] GC(304) Concurrent Mark From Roots
[2020-10-07T09:44:06.695+0000][38832][gc,task      ] GC(304) Using 2 workers of 2 for marking
[2020-10-07T09:44:06.860+0000][38832][gc,marking   ] GC(304) Concurrent Mark From Roots 165.174ms
[2020-10-07T09:44:06.860+0000][38832][gc,marking   ] GC(304) Concurrent Preclean
[2020-10-07T09:44:06.861+0000][38832][gc,marking   ] GC(304) Concurrent Preclean 0.742ms
[2020-10-07T09:44:06.861+0000][38832][gc,marking   ] GC(304) Concurrent Mark (121.900s, 122.066s) 166.136ms
[2020-10-07T09:44:06.861+0000][38832][gc,start     ] GC(304) Pause Remark
[2020-10-07T09:44:06.868+0000][38832][gc           ] GC(304) Pause Remark 427M->427M(1024M) 6.740ms
[2020-10-07T09:44:06.868+0000][38832][gc,cpu       ] GC(304) User=0.13s Sys=0.00s Real=0.01s
[2020-10-07T09:44:06.868+0000][38832][safepoint    ] Safepoint "G1Concurrent", Time since last: 172671900 ns, Reaching safepoint: 162200 ns, At safepoint: 6991200 ns, Total: 7153400 ns
[2020-10-07T09:44:06.868+0000][38832][gc,marking   ] GC(304) Concurrent Rebuild Remembered Sets
[2020-10-07T09:44:06.956+0000][38832][gc,marking   ] GC(304) Concurrent Rebuild Remembered Sets 87.773ms
[2020-10-07T09:44:06.956+0000][38832][gc,start     ] GC(304) Pause Cleanup
[2020-10-07T09:44:06.957+0000][38832][gc           ] GC(304) Pause Cleanup 505M->505M(1024M) 0.336ms
[2020-10-07T09:44:06.957+0000][38832][gc,cpu       ] GC(304) User=0.00s Sys=0.00s Real=0.00s
[2020-10-07T09:44:06.957+0000][38832][safepoint    ] Safepoint "G1Concurrent", Time since last: 87992900 ns, Reaching safepoint: 183900 ns, At safepoint: 619900 ns, Total: 803800 ns
[2020-10-07T09:44:06.957+0000][38832][gc,marking   ] GC(304) Concurrent Cleanup for Next Mark
[2020-10-07T09:44:06.959+0000][38832][gc,marking   ] GC(304) Concurrent Cleanup for Next Mark 1.776ms
[2020-10-07T09:44:06.959+0000][38832][gc           ] GC(304) Concurrent Cycle 270.643ms
[2020-10-07T09:44:06.969+0000][38832][gc,start     ] GC(305) Pause Young (Concurrent Start) (G1 Humongous Allocation)
[2020-10-07T09:44:06.969+0000][38832][gc,task      ] GC(305) Using 8 workers of 8 for evacuation
[2020-10-07T09:44:06.969+0000][38832][gc,age       ] GC(305) Desired survivor size 33554432 bytes, new threshold 15 (max threshold 15)
[2020-10-07T09:44:06.974+0000][38832][gc,age       ] GC(305) Age table with threshold 15 (max threshold 15)
[2020-10-07T09:44:06.974+0000][38832][gc,age       ] GC(305) - age   1:    3419904 bytes,    3419904 total
[2020-10-07T09:44:06.974+0000][38832][gc,age       ] GC(305) - age   2:      13008 bytes,    3432912 total
[2020-10-07T09:44:06.974+0000][38832][gc,age       ] GC(305) - age   3:      11328 bytes,    3444240 total
[2020-10-07T09:44:06.974+0000][38832][gc,age       ] GC(305) - age   4:        600 bytes,    3444840 total
[2020-10-07T09:44:06.974+0000][38832][gc,age       ] GC(305) - age   5:       9016 bytes,    3453856 total
[2020-10-07T09:44:06.975+0000][38832][gc,age       ] GC(305) - age   6:     160120 bytes,    3613976 total
[2020-10-07T09:44:06.975+0000][38832][gc,age       ] GC(305) - age   7:      25200 bytes,    3639176 total
[2020-10-07T09:44:06.975+0000][38832][gc,age       ] GC(305) - age   8:     434136 bytes,    4073312 total
[2020-10-07T09:44:06.975+0000][38832][gc,age       ] GC(305) - age   9:      14096 bytes,    4087408 total
[2020-10-07T09:44:06.975+0000][38832][gc,age       ] GC(305) - age  10:        152 bytes,    4087560 total
[2020-10-07T09:44:06.975+0000][38832][gc,age       ] GC(305) - age  11:     169240 bytes,    4256800 total
[2020-10-07T09:44:06.976+0000][38832][gc,age       ] GC(305) - age  12:       6784 bytes,    4263584 total
[2020-10-07T09:44:06.976+0000][38832][gc,age       ] GC(305) - age  13:        520 bytes,    4264104 total
[2020-10-07T09:44:06.976+0000][38832][gc,age       ] GC(305) - age  14:      65072 bytes,    4329176 total
[2020-10-07T09:44:06.976+0000][38832][gc,age       ] GC(305) - age  15:       2496 bytes,    4331672 total
[2020-10-07T09:44:06.976+0000][38832][gc,phases    ] GC(305)   Pre Evacuate Collection Set: 0.4ms
[2020-10-07T09:44:06.976+0000][38832][gc,phases    ] GC(305)   Merge Heap Roots: 0.1ms
[2020-10-07T09:44:06.976+0000][38832][gc,phases    ] GC(305)   Evacuate Collection Set: 3.2ms
[2020-10-07T09:44:06.976+0000][38832][gc,phases    ] GC(305)   Post Evacuate Collection Set: 1.0ms
[2020-10-07T09:44:06.976+0000][38832][gc,phases    ] GC(305)   Other: 1.6ms
[2020-10-07T09:44:06.976+0000][38832][gc,heap      ] GC(305) Eden regions: 73->0(501)
[2020-10-07T09:44:06.976+0000][38832][gc,heap      ] GC(305) Survivor regions: 4->5(64)
[2020-10-07T09:44:06.976+0000][38832][gc,heap      ] GC(305) Old regions: 79->79
[2020-10-07T09:44:06.976+0000][38832][gc,heap      ] GC(305) Archive regions: 0->0
[2020-10-07T09:44:06.976+0000][38832][gc,heap      ] GC(305) Humongous regions: 355->174
[2020-10-07T09:44:06.976+0000][38832][gc,metaspace ] GC(305) Metaspace: 88857K(94848K)->88857K(94848K) NonClass: 77609K(81152K)->77609K(81152K) Class: 11247K(13696K)->11247K(13696K)
[2020-10-07T09:44:06.976+0000][38832][gc           ] GC(305) Pause Young (Concurrent Start) (G1 Humongous Allocation) 509M->256M(1024M) 6.889ms
[2020-10-07T09:44:06.977+0000][38832][gc,cpu       ] GC(305) User=0.00s Sys=0.02s Real=0.01s
[2020-10-07T09:44:06.977+0000][38832][gc           ] GC(306) Concurrent Cycle
[2020-10-07T09:44:06.977+0000][38832][safepoint    ] Safepoint "G1TryInitiateConcMark", Time since last: 12124900 ns, Reaching safepoint: 168300 ns, At safepoint: 7161300 ns, Total: 7329600 ns
[2020-10-07T09:44:06.977+0000][38832][gc,marking   ] GC(306) Concurrent Clear Claimed Marks
[2020-10-07T09:44:06.977+0000][38832][gc,marking   ] GC(306) Concurrent Clear Claimed Marks 0.413ms
[2020-10-07T09:44:06.977+0000][38832][gc,marking   ] GC(306) Concurrent Scan Root Regions
[2020-10-07T09:44:06.981+0000][38832][gc,marking   ] GC(306) Concurrent Scan Root Regions 3.806ms
[2020-10-07T09:44:06.981+0000][38832][gc,marking   ] GC(306) Concurrent Mark (122.186s)
[2020-10-07T09:44:06.981+0000][38832][gc,marking   ] GC(306) Concurrent Mark From Roots
[2020-10-07T09:44:06.981+0000][38832][gc,task      ] GC(306) Using 2 workers of 2 for marking
[2020-10-07T09:44:07.170+0000][38832][gc,marking   ] GC(306) Concurrent Mark From Roots 188.737ms
[2020-10-07T09:44:07.170+0000][38832][gc,marking   ] GC(306) Concurrent Preclean
[2020-10-07T09:44:07.171+0000][38832][gc,marking   ] GC(306) Concurrent Preclean 0.997ms
[2020-10-07T09:44:07.171+0000][38832][gc,marking   ] GC(306) Concurrent Mark (122.186s, 122.376s) 190.003ms
[2020-10-07T09:44:07.171+0000][38832][gc,start     ] GC(306) Pause Remark
[2020-10-07T09:44:07.179+0000][38832][gc           ] GC(306) Pause Remark 330M->330M(1024M) 8.527ms
[2020-10-07T09:44:07.179+0000][38832][gc,cpu       ] GC(306) User=0.11s Sys=0.00s Real=0.01s
[2020-10-07T09:44:07.180+0000][38832][safepoint    ] Safepoint "G1Concurrent", Time since last: 194518500 ns, Reaching safepoint: 149400 ns, At safepoint: 8822200 ns, Total: 8971600 ns
[2020-10-07T09:44:07.180+0000][38832][gc,marking   ] GC(306) Concurrent Rebuild Remembered Sets
[2020-10-07T09:44:07.273+0000][38832][gc,marking   ] GC(306) Concurrent Rebuild Remembered Sets 92.379ms
[2020-10-07T09:44:07.273+0000][38832][gc,start     ] GC(306) Pause Cleanup
[2020-10-07T09:44:07.273+0000][38832][gc           ] GC(306) Pause Cleanup 397M->397M(1024M) 0.369ms
[2020-10-07T09:44:07.273+0000][38832][gc,cpu       ] GC(306) User=0.00s Sys=0.00s Real=0.00s
[2020-10-07T09:44:07.273+0000][38832][safepoint    ] Safepoint "G1Concurrent", Time since last: 92649100 ns, Reaching safepoint: 161600 ns, At safepoint: 591500 ns, Total: 753100 ns
[2020-10-07T09:44:07.274+0000][38832][gc,marking   ] GC(306) Concurrent Cleanup for Next Mark
[2020-10-07T09:44:07.275+0000][38832][gc,marking   ] GC(306) Concurrent Cleanup for Next Mark 1.861ms
[2020-10-07T09:44:07.276+0000][38832][gc           ] GC(306) Concurrent Cycle 299.031ms
[2020-10-07T09:44:07.293+0000][38832][gc,start     ] GC(307) Pause Young (Concurrent Start) (G1 Humongous Allocation)
[2020-10-07T09:44:07.293+0000][38832][gc,task      ] GC(307) Using 8 workers of 8 for evacuation
[2020-10-07T09:44:07.293+0000][38832][gc,age       ] GC(307) Desired survivor size 33554432 bytes, new threshold 15 (max threshold 15)
[2020-10-07T09:44:07.297+0000][38832][gc,age       ] GC(307) Age table with threshold 15 (max threshold 15)
[2020-10-07T09:44:07.298+0000][38832][gc,age       ] GC(307) - age   1:    2897320 bytes,    2897320 total
[2020-10-07T09:44:07.298+0000][38832][gc,age       ] GC(307) - age   2:      18392 bytes,    2915712 total
[2020-10-07T09:44:07.298+0000][38832][gc,age       ] GC(307) - age   3:       8656 bytes,    2924368 total
[2020-10-07T09:44:07.298+0000][38832][gc,age       ] GC(307) - age   4:      11072 bytes,    2935440 total
[2020-10-07T09:44:07.298+0000][38832][gc,age       ] GC(307) - age   5:        600 bytes,    2936040 total
[2020-10-07T09:44:07.298+0000][38832][gc,age       ] GC(307) - age   6:       9016 bytes,    2945056 total
[2020-10-07T09:44:07.298+0000][38832][gc,age       ] GC(307) - age   7:     160120 bytes,    3105176 total
[2020-10-07T09:44:07.298+0000][38832][gc,age       ] GC(307) - age   8:      25200 bytes,    3130376 total
[2020-10-07T09:44:07.298+0000][38832][gc,age       ] GC(307) - age   9:     434136 bytes,    3564512 total
[2020-10-07T09:44:07.298+0000][38832][gc,age       ] GC(307) - age  10:      14096 bytes,    3578608 total
[2020-10-07T09:44:07.298+0000][38832][gc,age       ] GC(307) - age  11:        152 bytes,    3578760 total
[2020-10-07T09:44:07.298+0000][38832][gc,age       ] GC(307) - age  12:     169240 bytes,    3748000 total
[2020-10-07T09:44:07.298+0000][38832][gc,age       ] GC(307) - age  13:       6784 bytes,    3754784 total
[2020-10-07T09:44:07.298+0000][38832][gc,age       ] GC(307) - age  14:        520 bytes,    3755304 total
[2020-10-07T09:44:07.298+0000][38832][gc,age       ] GC(307) - age  15:      65072 bytes,    3820376 total
[2020-10-07T09:44:07.298+0000][38832][gc,phases    ] GC(307)   Pre Evacuate Collection Set: 0.4ms
[2020-10-07T09:44:07.298+0000][38832][gc,phases    ] GC(307)   Merge Heap Roots: 0.1ms
[2020-10-07T09:44:07.298+0000][38832][gc,phases    ] GC(307)   Evacuate Collection Set: 2.6ms
[2020-10-07T09:44:07.298+0000][38832][gc,phases    ] GC(307)   Post Evacuate Collection Set: 0.9ms
[2020-10-07T09:44:07.298+0000][38832][gc,phases    ] GC(307)   Other: 1.1ms
[2020-10-07T09:44:07.298+0000][38832][gc,heap      ] GC(307) Eden regions: 40->0(503)
[2020-10-07T09:44:07.298+0000][38832][gc,heap      ] GC(307) Survivor regions: 5->4(64)
[2020-10-07T09:44:07.299+0000][38832][gc,heap      ] GC(307) Old regions: 79->79
[2020-10-07T09:44:07.299+0000][38832][gc,heap      ] GC(307) Archive regions: 0->0
[2020-10-07T09:44:07.299+0000][38832][gc,heap      ] GC(307) Humongous regions: 283->174
[2020-10-07T09:44:07.299+0000][38832][gc,metaspace ] GC(307) Metaspace: 88857K(94848K)->88857K(94848K) NonClass: 77609K(81152K)->77609K(81152K) Class: 11247K(13696K)->11247K(13696K)
[2020-10-07T09:44:07.299+0000][38832][gc           ] GC(307) Pause Young (Concurrent Start) (G1 Humongous Allocation) 405M->256M(1024M) 5.410ms
[2020-10-07T09:44:07.299+0000][38832][gc,cpu       ] GC(307) User=0.00s Sys=0.00s Real=0.01s
[2020-10-07T09:44:07.299+0000][38832][safepoint    ] Safepoint "G1TryInitiateConcMark", Time since last: 19575200 ns, Reaching safepoint: 194000 ns, At safepoint: 5583500 ns, Total: 5777500 ns
[2020-10-07T09:44:07.299+0000][38832][gc           ] GC(308) Concurrent Cycle
[2020-10-07T09:44:07.299+0000][38832][gc,marking   ] GC(308) Concurrent Clear Claimed Marks
[2020-10-07T09:44:07.299+0000][38832][gc,marking   ] GC(308) Concurrent Clear Claimed Marks 0.303ms
[2020-10-07T09:44:07.299+0000][38832][gc,marking   ] GC(308) Concurrent Scan Root Regions
[2020-10-07T09:44:07.302+0000][38832][gc,marking   ] GC(308) Concurrent Scan Root Regions 3.031ms
[2020-10-07T09:44:07.302+0000][38832][gc,marking   ] GC(308) Concurrent Mark (122.508s)
[2020-10-07T09:44:07.302+0000][38832][gc,marking   ] GC(308) Concurrent Mark From Roots
[2020-10-07T09:44:07.302+0000][38832][gc,task      ] GC(308) Using 2 workers of 2 for marking
[2020-10-07T09:44:07.455+0000][38832][gc,marking   ] GC(308) Concurrent Mark From Roots 152.978ms
[2020-10-07T09:44:07.455+0000][38832][gc,marking   ] GC(308) Concurrent Preclean
[2020-10-07T09:44:07.457+0000][38832][gc,marking   ] GC(308) Concurrent Preclean 1.067ms
[2020-10-07T09:44:07.457+0000][38832][gc,marking   ] GC(308) Concurrent Mark (122.508s, 122.662s) 154.291ms
[2020-10-07T09:44:07.457+0000][38832][gc,start     ] GC(308) Pause Remark
[2020-10-07T09:44:07.465+0000][38832][gc           ] GC(308) Pause Remark 364M->364M(1024M) 7.649ms
[2020-10-07T09:44:07.465+0000][38832][gc,cpu       ] GC(308) User=0.11s Sys=0.00s Real=0.01s
[2020-10-07T09:44:07.467+0000][38832][safepoint    ] Safepoint "G1Concurrent", Time since last: 157914800 ns, Reaching safepoint: 190100 ns, At safepoint: 9974900 ns, Total: 10165000 ns
[2020-10-07T09:44:07.467+0000][38832][gc,marking   ] GC(308) Concurrent Rebuild Remembered Sets
[2020-10-07T09:44:07.567+0000][38832][gc,marking   ] GC(308) Concurrent Rebuild Remembered Sets 99.859ms
[2020-10-07T09:44:07.567+0000][38832][gc,start     ] GC(308) Pause Cleanup
[2020-10-07T09:44:07.567+0000][38832][gc           ] GC(308) Pause Cleanup 506M->506M(1024M) 0.267ms
[2020-10-07T09:44:07.568+0000][38832][gc,cpu       ] GC(308) User=0.00s Sys=0.00s Real=0.00s
[2020-10-07T09:44:07.568+0000][38832][safepoint    ] Safepoint "G1Concurrent", Time since last: 100097800 ns, Reaching safepoint: 150000 ns, At safepoint: 488200 ns, Total: 638200 ns
[2020-10-07T09:44:07.568+0000][38832][gc,marking   ] GC(308) Concurrent Cleanup for Next Mark
[2020-10-07T09:44:07.569+0000][38832][gc,marking   ] GC(308) Concurrent Cleanup for Next Mark 1.466ms
[2020-10-07T09:44:07.569+0000][38832][gc           ] GC(308) Concurrent Cycle 270.468ms
[2020-10-07T09:44:07.687+0000][38832][gc,start     ] GC(309) Pause Young (Concurrent Start) (G1 Humongous Allocation)
[2020-10-07T09:44:07.687+0000][38832][gc,task      ] GC(309) Using 8 workers of 8 for evacuation
[2020-10-07T09:44:07.687+0000][38832][gc,age       ] GC(309) Desired survivor size 33554432 bytes, new threshold 15 (max threshold 15)
[2020-10-07T09:44:07.693+0000][38832][gc,age       ] GC(309) Age table with threshold 15 (max threshold 15)
[2020-10-07T09:44:07.693+0000][38832][gc,age       ] GC(309) - age   1:    3501432 bytes,    3501432 total
[2020-10-07T09:44:07.693+0000][38832][gc,age       ] GC(309) - age   2:     211648 bytes,    3713080 total
[2020-10-07T09:44:07.693+0000][38832][gc,age       ] GC(309) - age   3:      17616 bytes,    3730696 total
[2020-10-07T09:44:07.693+0000][38832][gc,age       ] GC(309) - age   4:       2712 bytes,    3733408 total
[2020-10-07T09:44:07.693+0000][38832][gc,age       ] GC(309) - age   5:      10496 bytes,    3743904 total
[2020-10-07T09:44:07.693+0000][38832][gc,age       ] GC(309) - age   6:        600 bytes,    3744504 total
[2020-10-07T09:44:07.693+0000][38832][gc,age       ] GC(309) - age   7:       6384 bytes,    3750888 total
[2020-10-07T09:44:07.693+0000][38832][gc,age       ] GC(309) - age   8:      69368 bytes,    3820256 total
[2020-10-07T09:44:07.693+0000][38832][gc,age       ] GC(309) - age   9:      24688 bytes,    3844944 total
[2020-10-07T09:44:07.693+0000][38832][gc,age       ] GC(309) - age  10:     433648 bytes,    4278592 total
[2020-10-07T09:44:07.693+0000][38832][gc,age       ] GC(309) - age  11:      13880 bytes,    4292472 total
[2020-10-07T09:44:07.693+0000][38832][gc,age       ] GC(309) - age  12:         88 bytes,    4292560 total
[2020-10-07T09:44:07.693+0000][38832][gc,age       ] GC(309) - age  13:     168328 bytes,    4460888 total
[2020-10-07T09:44:07.693+0000][38832][gc,age       ] GC(309) - age  14:       6784 bytes,    4467672 total
[2020-10-07T09:44:07.693+0000][38832][gc,age       ] GC(309) - age  15:        520 bytes,    4468192 total
[2020-10-07T09:44:07.693+0000][38832][gc,phases    ] GC(309)   Pre Evacuate Collection Set: 0.4ms
[2020-10-07T09:44:07.693+0000][38832][gc,phases    ] GC(309)   Merge Heap Roots: 0.1ms
[2020-10-07T09:44:07.693+0000][38832][gc,phases    ] GC(309)   Evacuate Collection Set: 3.1ms
[2020-10-07T09:44:07.693+0000][38832][gc,phases    ] GC(309)   Post Evacuate Collection Set: 1.1ms
[2020-10-07T09:44:07.693+0000][38832][gc,phases    ] GC(309)   Other: 1.2ms
[2020-10-07T09:44:07.693+0000][38832][gc,heap      ] GC(309) Eden regions: 75->0(501)
[2020-10-07T09:44:07.693+0000][38832][gc,heap      ] GC(309) Survivor regions: 4->5(64)
[2020-10-07T09:44:07.693+0000][38832][gc,heap      ] GC(309) Old regions: 79->79
[2020-10-07T09:44:07.693+0000][38832][gc,heap      ] GC(309) Archive regions: 0->0
[2020-10-07T09:44:07.694+0000][38832][gc,heap      ] GC(309) Humongous regions: 360->174
[2020-10-07T09:44:07.694+0000][38832][gc,metaspace ] GC(309) Metaspace: 89180K(95104K)->89180K(95104K) NonClass: 77884K(81408K)->77884K(81408K) Class: 11296K(13696K)->11296K(13696K)
[2020-10-07T09:44:07.694+0000][38832][gc           ] GC(309) Pause Young (Concurrent Start) (G1 Humongous Allocation) 516M->257M(1024M) 6.476ms
[2020-10-07T09:44:07.694+0000][38832][gc,cpu       ] GC(309) User=0.03s Sys=0.00s Real=0.01s
[2020-10-07T09:44:07.694+0000][38832][gc           ] GC(310) Concurrent Cycle
[2020-10-07T09:44:07.694+0000][38832][gc,marking   ] GC(310) Concurrent Clear Claimed Marks
[2020-10-07T09:44:07.694+0000][38832][gc,marking   ] GC(310) Concurrent Clear Claimed Marks 0.434ms
[2020-10-07T09:44:07.694+0000][38832][gc,marking   ] GC(310) Concurrent Scan Root Regions
[2020-10-07T09:44:07.697+0000][38832][safepoint    ] Safepoint "G1TryInitiateConcMark", Time since last: 119724200 ns, Reaching safepoint: 243900 ns, At safepoint: 10396700 ns, Total: 10640600 ns
[2020-10-07T09:44:07.698+0000][38832][gc,marking   ] GC(310) Concurrent Scan Root Regions 3.272ms
[2020-10-07T09:44:07.698+0000][38832][gc,marking   ] GC(310) Concurrent Mark (122.904s)
[2020-10-07T09:44:07.698+0000][38832][gc,marking   ] GC(310) Concurrent Mark From Roots
[2020-10-07T09:44:07.698+0000][38832][gc,task      ] GC(310) Using 2 workers of 2 for marking
[2020-10-07T09:44:07.873+0000][38832][gc,marking   ] GC(310) Concurrent Mark From Roots 175.320ms
[2020-10-07T09:44:07.873+0000][38832][gc,marking   ] GC(310) Concurrent Preclean
[2020-10-07T09:44:07.874+0000][38832][gc,marking   ] GC(310) Concurrent Preclean 0.898ms
[2020-10-07T09:44:07.874+0000][38832][gc,marking   ] GC(310) Concurrent Mark (122.904s, 123.080s) 176.456ms
[2020-10-07T09:44:07.874+0000][38832][gc,start     ] GC(310) Pause Remark
[2020-10-07T09:44:07.882+0000][38832][gc           ] GC(310) Pause Remark 399M->399M(1024M) 7.088ms
[2020-10-07T09:44:07.882+0000][38832][gc,cpu       ] GC(310) User=0.11s Sys=0.00s Real=0.01s
[2020-10-07T09:44:07.886+0000][38832][safepoint    ] Safepoint "G1Concurrent", Time since last: 176814500 ns, Reaching safepoint: 184200 ns, At safepoint: 11401100 ns, Total: 11585300 ns
[2020-10-07T09:44:07.886+0000][38832][gc,marking   ] GC(310) Concurrent Rebuild Remembered Sets
[2020-10-07T09:44:07.985+0000][38832][gc,marking   ] GC(310) Concurrent Rebuild Remembered Sets 98.733ms
[2020-10-07T09:44:07.985+0000][38832][gc,start     ] GC(310) Pause Cleanup
[2020-10-07T09:44:07.985+0000][38832][gc           ] GC(310) Pause Cleanup 402M->402M(1024M) 0.368ms
[2020-10-07T09:44:07.986+0000][38832][gc,cpu       ] GC(310) User=0.00s Sys=0.00s Real=0.00s
[2020-10-07T09:44:07.986+0000][38832][safepoint    ] Safepoint "G1Concurrent", Time since last: 99044600 ns, Reaching safepoint: 179100 ns, At safepoint: 634400 ns, Total: 813500 ns
[2020-10-07T09:44:07.986+0000][38832][gc,marking   ] GC(310) Concurrent Cleanup for Next Mark
[2020-10-07T09:44:07.988+0000][38832][gc,marking   ] GC(310) Concurrent Cleanup for Next Mark 1.850ms
[2020-10-07T09:44:07.988+0000][38832][gc           ] GC(310) Concurrent Cycle 294.011ms
[2020-10-07T09:44:08.115+0000][38832][gc,start     ] GC(311) Pause Young (Concurrent Start) (G1 Humongous Allocation)
[2020-10-07T09:44:08.115+0000][38832][gc,task      ] GC(311) Using 8 workers of 8 for evacuation
[2020-10-07T09:44:08.115+0000][38832][gc,age       ] GC(311) Desired survivor size 33554432 bytes, new threshold 15 (max threshold 15)
[2020-10-07T09:44:08.119+0000][38832][gc,age       ] GC(311) Age table with threshold 15 (max threshold 15)
[2020-10-07T09:44:08.119+0000][38832][gc,age       ] GC(311) - age   1:    2784720 bytes,    2784720 total
[2020-10-07T09:44:08.119+0000][38832][gc,age       ] GC(311) - age   2:     160248 bytes,    2944968 total
[2020-10-07T09:44:08.119+0000][38832][gc,age       ] GC(311) - age   3:       8808 bytes,    2953776 total
[2020-10-07T09:44:08.119+0000][38832][gc,age       ] GC(311) - age   4:      16200 bytes,    2969976 total
[2020-10-07T09:44:08.119+0000][38832][gc,age       ] GC(311) - age   5:       2624 bytes,    2972600 total
[2020-10-07T09:44:08.119+0000][38832][gc,age       ] GC(311) - age   6:      10496 bytes,    2983096 total
[2020-10-07T09:44:08.119+0000][38832][gc,age       ] GC(311) - age   7:        600 bytes,    2983696 total
[2020-10-07T09:44:08.119+0000][38832][gc,age       ] GC(311) - age   8:       6352 bytes,    2990048 total
[2020-10-07T09:44:08.119+0000][38832][gc,age       ] GC(311) - age   9:      69368 bytes,    3059416 total
[2020-10-07T09:44:08.119+0000][38832][gc,age       ] GC(311) - age  10:      24624 bytes,    3084040 total
[2020-10-07T09:44:08.119+0000][38832][gc,age       ] GC(311) - age  11:     433520 bytes,    3517560 total
[2020-10-07T09:44:08.119+0000][38832][gc,age       ] GC(311) - age  12:      13880 bytes,    3531440 total
[2020-10-07T09:44:08.119+0000][38832][gc,age       ] GC(311) - age  13:         88 bytes,    3531528 total
[2020-10-07T09:44:08.119+0000][38832][gc,age       ] GC(311) - age  14:     167304 bytes,    3698832 total
[2020-10-07T09:44:08.119+0000][38832][gc,age       ] GC(311) - age  15:       6784 bytes,    3705616 total
[2020-10-07T09:44:08.119+0000][38832][gc,phases    ] GC(311)   Pre Evacuate Collection Set: 0.3ms
[2020-10-07T09:44:08.119+0000][38832][gc,phases    ] GC(311)   Merge Heap Roots: 0.1ms
[2020-10-07T09:44:08.120+0000][38832][gc,phases    ] GC(311)   Evacuate Collection Set: 2.5ms
[2020-10-07T09:44:08.120+0000][38832][gc,phases    ] GC(311)   Post Evacuate Collection Set: 0.7ms
[2020-10-07T09:44:08.120+0000][38832][gc,phases    ] GC(311)   Other: 1.1ms
[2020-10-07T09:44:08.120+0000][38832][gc,heap      ] GC(311) Eden regions: 37->0(502)
[2020-10-07T09:44:08.120+0000][38832][gc,heap      ] GC(311) Survivor regions: 5->4(64)
[2020-10-07T09:44:08.120+0000][38832][gc,heap      ] GC(311) Old regions: 79->79
[2020-10-07T09:44:08.120+0000][38832][gc,heap      ] GC(311) Archive regions: 0->0
[2020-10-07T09:44:08.120+0000][38832][gc,heap      ] GC(311) Humongous regions: 288->174
[2020-10-07T09:44:08.120+0000][38832][gc,metaspace ] GC(311) Metaspace: 89289K(95360K)->89289K(95360K) NonClass: 77968K(81664K)->77968K(81664K) Class: 11321K(13696K)->11321K(13696K)
[2020-10-07T09:44:08.120+0000][38832][gc           ] GC(311) Pause Young (Concurrent Start) (G1 Humongous Allocation) 407M->256M(1024M) 5.395ms
[2020-10-07T09:44:08.120+0000][38832][gc,cpu       ] GC(311) User=0.11s Sys=0.00s Real=0.00s
[2020-10-07T09:44:08.120+0000][38832][safepoint    ] Safepoint "G1TryInitiateConcMark", Time since last: 128763200 ns, Reaching safepoint: 153800 ns, At safepoint: 5649800 ns, Total: 5803600 ns
[2020-10-07T09:44:08.120+0000][38832][gc           ] GC(312) Concurrent Cycle
[2020-10-07T09:44:08.120+0000][38832][gc,marking   ] GC(312) Concurrent Clear Claimed Marks
[2020-10-07T09:44:08.121+0000][38832][gc,marking   ] GC(312) Concurrent Clear Claimed Marks 0.697ms
[2020-10-07T09:44:08.121+0000][38832][gc,marking   ] GC(312) Concurrent Scan Root Regions
[2020-10-07T09:44:08.126+0000][38832][gc,marking   ] GC(312) Concurrent Scan Root Regions 4.706ms
[2020-10-07T09:44:08.126+0000][38832][gc,marking   ] GC(312) Concurrent Mark (123.332s)
[2020-10-07T09:44:08.126+0000][38832][gc,marking   ] GC(312) Concurrent Mark From Roots
[2020-10-07T09:44:08.126+0000][38832][gc,task      ] GC(312) Using 2 workers of 2 for marking
[2020-10-07T09:44:08.299+0000][38832][gc,marking   ] GC(312) Concurrent Mark From Roots 172.482ms
[2020-10-07T09:44:08.299+0000][38832][gc,marking   ] GC(312) Concurrent Preclean
[2020-10-07T09:44:08.299+0000][38832][gc,marking   ] GC(312) Concurrent Preclean 0.774ms
[2020-10-07T09:44:08.299+0000][38832][gc,marking   ] GC(312) Concurrent Mark (123.332s, 123.505s) 173.480ms
[2020-10-07T09:44:08.300+0000][38832][gc,start     ] GC(312) Pause Remark
[2020-10-07T09:44:08.307+0000][38832][gc           ] GC(312) Pause Remark 408M->408M(1024M) 7.179ms
[2020-10-07T09:44:08.307+0000][38832][gc,cpu       ] GC(312) User=0.11s Sys=0.00s Real=0.01s
[2020-10-07T09:44:08.307+0000][38832][safepoint    ] Safepoint "G1Concurrent", Time since last: 179286100 ns, Reaching safepoint: 155600 ns, At safepoint: 7454500 ns, Total: 7610100 ns
[2020-10-07T09:44:08.307+0000][38832][gc,marking   ] GC(312) Concurrent Rebuild Remembered Sets
[2020-10-07T09:44:08.396+0000][38832][gc,marking   ] GC(312) Concurrent Rebuild Remembered Sets 88.304ms
[2020-10-07T09:44:08.397+0000][38832][gc,start     ] GC(312) Pause Cleanup
[2020-10-07T09:44:08.397+0000][38832][gc           ] GC(312) Pause Cleanup 496M->496M(1024M) 0.335ms
[2020-10-07T09:44:08.397+0000][38832][gc,cpu       ] GC(312) User=0.00s Sys=0.00s Real=0.00s
[2020-10-07T09:44:08.397+0000][38832][safepoint    ] Safepoint "G1Concurrent", Time since last: 88501600 ns, Reaching safepoint: 189400 ns, At safepoint: 586200 ns, Total: 775600 ns
[2020-10-07T09:44:08.397+0000][38832][gc,marking   ] GC(312) Concurrent Cleanup for Next Mark
[2020-10-07T09:44:08.399+0000][38832][gc,marking   ] GC(312) Concurrent Cleanup for Next Mark 1.995ms
[2020-10-07T09:44:08.399+0000][38832][gc           ] GC(312) Concurrent Cycle 278.380ms
[2020-10-07T09:44:08.445+0000][38832][gc,start     ] GC(313) Pause Young (Concurrent Start) (G1 Humongous Allocation)
[2020-10-07T09:44:08.445+0000][38832][gc,task      ] GC(313) Using 8 workers of 8 for evacuation
[2020-10-07T09:44:08.445+0000][38832][gc,age       ] GC(313) Desired survivor size 33554432 bytes, new threshold 15 (max threshold 15)
[2020-10-07T09:44:08.450+0000][38832][gc,age       ] GC(313) Age table with threshold 15 (max threshold 15)
[2020-10-07T09:44:08.450+0000][38832][gc,age       ] GC(313) - age   1:    3403760 bytes,    3403760 total
[2020-10-07T09:44:08.450+0000][38832][gc,age       ] GC(313) - age   2:      99368 bytes,    3503128 total
[2020-10-07T09:44:08.450+0000][38832][gc,age       ] GC(313) - age   3:     159008 bytes,    3662136 total
[2020-10-07T09:44:08.450+0000][38832][gc,age       ] GC(313) - age   4:       5760 bytes,    3667896 total
[2020-10-07T09:44:08.450+0000][38832][gc,age       ] GC(313) - age   5:      15784 bytes,    3683680 total
[2020-10-07T09:44:08.450+0000][38832][gc,age       ] GC(313) - age   6:       2624 bytes,    3686304 total
[2020-10-07T09:44:08.450+0000][38832][gc,age       ] GC(313) - age   7:      10368 bytes,    3696672 total
[2020-10-07T09:44:08.450+0000][38832][gc,age       ] GC(313) - age   8:        600 bytes,    3697272 total
[2020-10-07T09:44:08.451+0000][38832][gc,age       ] GC(313) - age   9:       4120 bytes,    3701392 total
[2020-10-07T09:44:08.451+0000][38832][gc,age       ] GC(313) - age  10:      68984 bytes,    3770376 total
[2020-10-07T09:44:08.451+0000][38832][gc,age       ] GC(313) - age  11:      24560 bytes,    3794936 total
[2020-10-07T09:44:08.451+0000][38832][gc,age       ] GC(313) - age  12:     433520 bytes,    4228456 total
[2020-10-07T09:44:08.451+0000][38832][gc,age       ] GC(313) - age  13:      13880 bytes,    4242336 total
[2020-10-07T09:44:08.451+0000][38832][gc,age       ] GC(313) - age  14:         88 bytes,    4242424 total
[2020-10-07T09:44:08.451+0000][38832][gc,age       ] GC(313) - age  15:     167240 bytes,    4409664 total
[2020-10-07T09:44:08.451+0000][38832][gc,phases    ] GC(313)   Pre Evacuate Collection Set: 0.5ms
[2020-10-07T09:44:08.451+0000][38832][gc,phases    ] GC(313)   Merge Heap Roots: 0.1ms
[2020-10-07T09:44:08.451+0000][38832][gc,phases    ] GC(313)   Evacuate Collection Set: 2.9ms
[2020-10-07T09:44:08.451+0000][38832][gc,phases    ] GC(313)   Post Evacuate Collection Set: 1.0ms
[2020-10-07T09:44:08.451+0000][38832][gc,phases    ] GC(313)   Other: 1.5ms
[2020-10-07T09:44:08.451+0000][38832][gc,heap      ] GC(313) Eden regions: 72->0(501)
[2020-10-07T09:44:08.451+0000][38832][gc,heap      ] GC(313) Survivor regions: 4->5(64)
[2020-10-07T09:44:08.451+0000][38832][gc,heap      ] GC(313) Old regions: 79->79
[2020-10-07T09:44:08.451+0000][38832][gc,heap      ] GC(313) Archive regions: 0->0
[2020-10-07T09:44:08.451+0000][38832][gc,heap      ] GC(313) Humongous regions: 355->174
[2020-10-07T09:44:08.451+0000][38832][gc,metaspace ] GC(313) Metaspace: 89289K(95360K)->89289K(95360K) NonClass: 77968K(81664K)->77968K(81664K) Class: 11321K(13696K)->11321K(13696K)
[2020-10-07T09:44:08.452+0000][38832][gc           ] GC(313) Pause Young (Concurrent Start) (G1 Humongous Allocation) 509M->257M(1024M) 6.503ms
[2020-10-07T09:44:08.452+0000][38832][gc,cpu       ] GC(313) User=0.00s Sys=0.00s Real=0.01s
[2020-10-07T09:44:08.452+0000][38832][safepoint    ] Safepoint "G1TryInitiateConcMark", Time since last: 47721200 ns, Reaching safepoint: 168200 ns, At safepoint: 6743300 ns, Total: 6911500 ns
[2020-10-07T09:44:08.452+0000][38832][gc           ] GC(314) Concurrent Cycle
[2020-10-07T09:44:08.452+0000][38832][gc,marking   ] GC(314) Concurrent Clear Claimed Marks
[2020-10-07T09:44:08.452+0000][38832][gc,marking   ] GC(314) Concurrent Clear Claimed Marks 0.558ms
[2020-10-07T09:44:08.453+0000][38832][gc,marking   ] GC(314) Concurrent Scan Root Regions
[2020-10-07T09:44:08.456+0000][38832][gc,marking   ] GC(314) Concurrent Scan Root Regions 3.438ms
[2020-10-07T09:44:08.456+0000][38832][gc,marking   ] GC(314) Concurrent Mark (123.661s)
[2020-10-07T09:44:08.456+0000][38832][gc,marking   ] GC(314) Concurrent Mark From Roots
[2020-10-07T09:44:08.456+0000][38832][gc,task      ] GC(314) Using 2 workers of 2 for marking
[2020-10-07T09:44:08.636+0000][38832][gc,marking   ] GC(314) Concurrent Mark From Roots 179.905ms
[2020-10-07T09:44:08.636+0000][38832][gc,marking   ] GC(314) Concurrent Preclean
[2020-10-07T09:44:08.637+0000][38832][gc,marking   ] GC(314) Concurrent Preclean 0.867ms
[2020-10-07T09:44:08.637+0000][38832][gc,marking   ] GC(314) Concurrent Mark (123.661s, 123.842s) 181.008ms
[2020-10-07T09:44:08.637+0000][38832][gc,start     ] GC(314) Pause Remark
[2020-10-07T09:44:08.645+0000][38832][gc           ] GC(314) Pause Remark 330M->330M(1024M) 7.761ms
[2020-10-07T09:44:08.645+0000][38832][gc,cpu       ] GC(314) User=0.00s Sys=0.00s Real=0.01s
[2020-10-07T09:44:08.645+0000][38832][safepoint    ] Safepoint "G1Concurrent", Time since last: 185533500 ns, Reaching safepoint: 186200 ns, At safepoint: 8103000 ns, Total: 8289200 ns
[2020-10-07T09:44:08.645+0000][38832][gc,marking   ] GC(314) Concurrent Rebuild Remembered Sets
[2020-10-07T09:44:08.741+0000][38832][gc,marking   ] GC(314) Concurrent Rebuild Remembered Sets 95.413ms
[2020-10-07T09:44:08.741+0000][38832][gc,start     ] GC(314) Pause Cleanup
[2020-10-07T09:44:08.741+0000][38832][gc           ] GC(314) Pause Cleanup 330M->330M(1024M) 0.408ms
[2020-10-07T09:44:08.741+0000][38832][gc,cpu       ] GC(314) User=0.00s Sys=0.00s Real=0.00s
[2020-10-07T09:44:08.742+0000][38832][safepoint    ] Safepoint "G1Concurrent", Time since last: 95655300 ns, Reaching safepoint: 152700 ns, At safepoint: 671000 ns, Total: 823700 ns
[2020-10-07T09:44:08.742+0000][38832][gc,marking   ] GC(314) Concurrent Cleanup for Next Mark
[2020-10-07T09:44:08.744+0000][38832][gc,marking   ] GC(314) Concurrent Cleanup for Next Mark 1.976ms
[2020-10-07T09:44:08.744+0000][38832][gc           ] GC(314) Concurrent Cycle 292.510ms
[2020-10-07T09:44:09.508+0000][38832][gc,start     ] GC(315) Pause Young (Concurrent Start) (G1 Humongous Allocation)
[2020-10-07T09:44:09.508+0000][38832][gc,task      ] GC(315) Using 8 workers of 8 for evacuation
[2020-10-07T09:44:09.508+0000][38832][gc,age       ] GC(315) Desired survivor size 33554432 bytes, new threshold 15 (max threshold 15)
[2020-10-07T09:44:09.512+0000][38832][gc,age       ] GC(315) Age table with threshold 15 (max threshold 15)
[2020-10-07T09:44:09.512+0000][38832][gc,age       ] GC(315) - age   1:    2828536 bytes,    2828536 total
[2020-10-07T09:44:09.512+0000][38832][gc,age       ] GC(315) - age   2:       3536 bytes,    2832072 total
[2020-10-07T09:44:09.512+0000][38832][gc,age       ] GC(315) - age   3:      92208 bytes,    2924280 total
[2020-10-07T09:44:09.512+0000][38832][gc,age       ] GC(315) - age   4:      67976 bytes,    2992256 total
[2020-10-07T09:44:09.512+0000][38832][gc,age       ] GC(315) - age   5:       5760 bytes,    2998016 total
[2020-10-07T09:44:09.512+0000][38832][gc,age       ] GC(315) - age   6:      15784 bytes,    3013800 total
[2020-10-07T09:44:09.512+0000][38832][gc,age       ] GC(315) - age   7:       2560 bytes,    3016360 total
[2020-10-07T09:44:09.512+0000][38832][gc,age       ] GC(315) - age   8:      10336 bytes,    3026696 total
[2020-10-07T09:44:09.512+0000][38832][gc,age       ] GC(315) - age   9:        600 bytes,    3027296 total
[2020-10-07T09:44:09.512+0000][38832][gc,age       ] GC(315) - age  10:       4056 bytes,    3031352 total
[2020-10-07T09:44:09.512+0000][38832][gc,age       ] GC(315) - age  11:      68984 bytes,    3100336 total
[2020-10-07T09:44:09.512+0000][38832][gc,age       ] GC(315) - age  12:      24560 bytes,    3124896 total
[2020-10-07T09:44:09.512+0000][38832][gc,age       ] GC(315) - age  13:     433120 bytes,    3558016 total
[2020-10-07T09:44:09.512+0000][38832][gc,age       ] GC(315) - age  14:      13880 bytes,    3571896 total
[2020-10-07T09:44:09.512+0000][38832][gc,age       ] GC(315) - age  15:         88 bytes,    3571984 total
[2020-10-07T09:44:09.513+0000][38832][gc,phases    ] GC(315)   Pre Evacuate Collection Set: 0.4ms
[2020-10-07T09:44:09.513+0000][38832][gc,phases    ] GC(315)   Merge Heap Roots: 0.1ms
[2020-10-07T09:44:09.513+0000][38832][gc,phases    ] GC(315)   Evacuate Collection Set: 2.6ms
[2020-10-07T09:44:09.513+0000][38832][gc,phases    ] GC(315)   Post Evacuate Collection Set: 0.8ms
[2020-10-07T09:44:09.513+0000][38832][gc,phases    ] GC(315)   Other: 1.2ms
[2020-10-07T09:44:09.513+0000][38832][gc,heap      ] GC(315) Eden regions: 39->0(502)
[2020-10-07T09:44:09.513+0000][38832][gc,heap      ] GC(315) Survivor regions: 5->4(64)
[2020-10-07T09:44:09.513+0000][38832][gc,heap      ] GC(315) Old regions: 79->79
[2020-10-07T09:44:09.513+0000][38832][gc,heap      ] GC(315) Archive regions: 0->0
[2020-10-07T09:44:09.513+0000][38832][gc,heap      ] GC(315) Humongous regions: 231->174
[2020-10-07T09:44:09.513+0000][38832][gc,metaspace ] GC(315) Metaspace: 89423K(95488K)->89423K(95488K) NonClass: 78090K(81664K)->78090K(81664K) Class: 11332K(13824K)->11332K(13824K)
[2020-10-07T09:44:09.513+0000][38832][gc           ] GC(315) Pause Young (Concurrent Start) (G1 Humongous Allocation) 353M->256M(1024M) 5.489ms
[2020-10-07T09:44:09.513+0000][38832][gc,cpu       ] GC(315) User=0.00s Sys=0.00s Real=0.01s
[2020-10-07T09:44:09.513+0000][38832][gc           ] GC(316) Concurrent Cycle
[2020-10-07T09:44:09.513+0000][38832][safepoint    ] Safepoint "G1TryInitiateConcMark", Time since last: 765932800 ns, Reaching safepoint: 175800 ns, At safepoint: 5731200 ns, Total: 5907000 ns
[2020-10-07T09:44:09.513+0000][38832][gc,marking   ] GC(316) Concurrent Clear Claimed Marks
[2020-10-07T09:44:09.514+0000][38832][gc,marking   ] GC(316) Concurrent Clear Claimed Marks 0.468ms
[2020-10-07T09:44:09.514+0000][38832][gc,marking   ] GC(316) Concurrent Scan Root Regions
[2020-10-07T09:44:09.517+0000][38832][gc,marking   ] GC(316) Concurrent Scan Root Regions 3.270ms
[2020-10-07T09:44:09.517+0000][38832][gc,marking   ] GC(316) Concurrent Mark (124.723s)
[2020-10-07T09:44:09.517+0000][38832][gc,marking   ] GC(316) Concurrent Mark From Roots
[2020-10-07T09:44:09.517+0000][38832][gc,task      ] GC(316) Using 2 workers of 2 for marking
[2020-10-07T09:44:09.689+0000][38832][gc,marking   ] GC(316) Concurrent Mark From Roots 171.496ms
[2020-10-07T09:44:09.689+0000][38832][gc,marking   ] GC(316) Concurrent Preclean
[2020-10-07T09:44:09.690+0000][38832][gc,marking   ] GC(316) Concurrent Preclean 1.038ms
[2020-10-07T09:44:09.691+0000][38832][gc,marking   ] GC(316) Concurrent Mark (124.723s, 124.896s) 172.787ms
[2020-10-07T09:44:09.691+0000][38832][gc,start     ] GC(316) Pause Remark
[2020-10-07T09:44:09.699+0000][38832][gc           ] GC(316) Pause Remark 392M->392M(1024M) 7.981ms
[2020-10-07T09:44:09.699+0000][38832][gc,cpu       ] GC(316) User=0.09s Sys=0.02s Real=0.01s
[2020-10-07T09:44:09.706+0000][38832][safepoint    ] Safepoint "G1Concurrent", Time since last: 176947800 ns, Reaching safepoint: 208500 ns, At safepoint: 14903500 ns, Total: 15112000 ns
[2020-10-07T09:44:09.706+0000][38832][gc,marking   ] GC(316) Concurrent Rebuild Remembered Sets
[2020-10-07T09:44:09.800+0000][38832][gc,marking   ] GC(316) Concurrent Rebuild Remembered Sets 94.643ms
[2020-10-07T09:44:09.800+0000][38832][gc,start     ] GC(316) Pause Cleanup
[2020-10-07T09:44:09.801+0000][38832][gc           ] GC(316) Pause Cleanup 430M->430M(1024M) 0.360ms
[2020-10-07T09:44:09.801+0000][38832][gc,cpu       ] GC(316) User=0.00s Sys=0.00s Real=0.00s
[2020-10-07T09:44:09.801+0000][38832][safepoint    ] Safepoint "G1Concurrent", Time since last: 94876500 ns, Reaching safepoint: 140700 ns, At safepoint: 605400 ns, Total: 746100 ns
[2020-10-07T09:44:09.801+0000][38832][gc,marking   ] GC(316) Concurrent Cleanup for Next Mark
[2020-10-07T09:44:09.803+0000][38832][gc,marking   ] GC(316) Concurrent Cleanup for Next Mark 1.689ms
[2020-10-07T09:44:09.803+0000][38832][gc           ] GC(316) Concurrent Cycle 289.767ms
[2020-10-07T09:44:09.918+0000][38832][gc,start     ] GC(317) Pause Young (Concurrent Start) (G1 Humongous Allocation)
[2020-10-07T09:44:09.918+0000][38832][gc,task      ] GC(317) Using 8 workers of 8 for evacuation
[2020-10-07T09:44:09.918+0000][38832][gc,age       ] GC(317) Desired survivor size 33554432 bytes, new threshold 15 (max threshold 15)
[2020-10-07T09:44:09.923+0000][38832][gc,age       ] GC(317) Age table with threshold 15 (max threshold 15)
[2020-10-07T09:44:09.923+0000][38832][gc,age       ] GC(317) - age   1:    2690384 bytes,    2690384 total
[2020-10-07T09:44:09.923+0000][38832][gc,age       ] GC(317) - age   2:     142008 bytes,    2832392 total
[2020-10-07T09:44:09.923+0000][38832][gc,age       ] GC(317) - age   3:       2560 bytes,    2834952 total
[2020-10-07T09:44:09.923+0000][38832][gc,age       ] GC(317) - age   4:      92144 bytes,    2927096 total
[2020-10-07T09:44:09.923+0000][38832][gc,age       ] GC(317) - age   5:      67624 bytes,    2994720 total
[2020-10-07T09:44:09.923+0000][38832][gc,age       ] GC(317) - age   6:       5760 bytes,    3000480 total
[2020-10-07T09:44:09.923+0000][38832][gc,age       ] GC(317) - age   7:      15784 bytes,    3016264 total
[2020-10-07T09:44:09.923+0000][38832][gc,age       ] GC(317) - age   8:       2560 bytes,    3018824 total
[2020-10-07T09:44:09.923+0000][38832][gc,age       ] GC(317) - age   9:      10336 bytes,    3029160 total
[2020-10-07T09:44:09.923+0000][38832][gc,age       ] GC(317) - age  10:        600 bytes,    3029760 total
[2020-10-07T09:44:09.923+0000][38832][gc,age       ] GC(317) - age  11:       1624 bytes,    3031384 total
[2020-10-07T09:44:09.923+0000][38832][gc,age       ] GC(317) - age  12:      68984 bytes,    3100368 total
[2020-10-07T09:44:09.923+0000][38832][gc,age       ] GC(317) - age  13:      24400 bytes,    3124768 total
[2020-10-07T09:44:09.924+0000][38832][gc,age       ] GC(317) - age  14:     433120 bytes,    3557888 total
[2020-10-07T09:44:09.924+0000][38832][gc,age       ] GC(317) - age  15:      13880 bytes,    3571768 total
[2020-10-07T09:44:09.924+0000][38832][gc,phases    ] GC(317)   Pre Evacuate Collection Set: 0.6ms
[2020-10-07T09:44:09.924+0000][38832][gc,phases    ] GC(317)   Merge Heap Roots: 0.1ms
[2020-10-07T09:44:09.924+0000][38832][gc,phases    ] GC(317)   Evacuate Collection Set: 2.9ms
[2020-10-07T09:44:09.924+0000][38832][gc,phases    ] GC(317)   Post Evacuate Collection Set: 0.9ms
[2020-10-07T09:44:09.924+0000][38832][gc,phases    ] GC(317)   Other: 1.1ms
[2020-10-07T09:44:09.924+0000][38832][gc,heap      ] GC(317) Eden regions: 58->0(503)
[2020-10-07T09:44:09.924+0000][38832][gc,heap      ] GC(317) Survivor regions: 4->4(64)
[2020-10-07T09:44:09.924+0000][38832][gc,heap      ] GC(317) Old regions: 79->79
[2020-10-07T09:44:09.924+0000][38832][gc,heap      ] GC(317) Archive regions: 0->0
[2020-10-07T09:44:09.924+0000][38832][gc,heap      ] GC(317) Humongous regions: 298->174
[2020-10-07T09:44:09.924+0000][38832][gc,metaspace ] GC(317) Metaspace: 89444K(95488K)->89444K(95488K) NonClass: 78112K(81664K)->78112K(81664K) Class: 11332K(13824K)->11332K(13824K)
[2020-10-07T09:44:09.924+0000][38832][gc           ] GC(317) Pause Young (Concurrent Start) (G1 Humongous Allocation) 437M->256M(1024M) 5.846ms
[2020-10-07T09:44:09.924+0000][38832][gc,cpu       ] GC(317) User=0.00s Sys=0.00s Real=0.01s
[2020-10-07T09:44:09.924+0000][38832][gc           ] GC(318) Concurrent Cycle
[2020-10-07T09:44:09.924+0000][38832][safepoint    ] Safepoint "G1TryInitiateConcMark", Time since last: 116856400 ns, Reaching safepoint: 201400 ns, At safepoint: 6056100 ns, Total: 6257500 ns
[2020-10-07T09:44:09.924+0000][38832][gc,marking   ] GC(318) Concurrent Clear Claimed Marks
[2020-10-07T09:44:09.925+0000][38832][gc,marking   ] GC(318) Concurrent Clear Claimed Marks 0.888ms
[2020-10-07T09:44:09.925+0000][38832][gc,marking   ] GC(318) Concurrent Scan Root Regions
[2020-10-07T09:44:09.929+0000][38832][gc,marking   ] GC(318) Concurrent Scan Root Regions 4.034ms
[2020-10-07T09:44:09.929+0000][38832][gc,marking   ] GC(318) Concurrent Mark (125.135s)
[2020-10-07T09:44:09.929+0000][38832][gc,marking   ] GC(318) Concurrent Mark From Roots
[2020-10-07T09:44:09.930+0000][38832][gc,task      ] GC(318) Using 2 workers of 2 for marking
[2020-10-07T09:44:10.067+0000][38832][gc,marking   ] GC(318) Concurrent Mark From Roots 138.072ms
[2020-10-07T09:44:10.068+0000][38832][gc,marking   ] GC(318) Concurrent Preclean
[2020-10-07T09:44:10.068+0000][38832][gc,marking   ] GC(318) Concurrent Preclean 0.625ms
[2020-10-07T09:44:10.068+0000][38832][gc,marking   ] GC(318) Concurrent Mark (125.135s, 125.274s) 138.860ms
[2020-10-07T09:44:10.068+0000][38832][gc,start     ] GC(318) Pause Remark
[2020-10-07T09:44:10.076+0000][38832][gc           ] GC(318) Pause Remark 426M->426M(1024M) 7.616ms
[2020-10-07T09:44:10.076+0000][38832][gc,cpu       ] GC(318) User=0.11s Sys=0.00s Real=0.01s
[2020-10-07T09:44:10.076+0000][38832][safepoint    ] Safepoint "G1Concurrent", Time since last: 144204100 ns, Reaching safepoint: 151000 ns, At safepoint: 7926300 ns, Total: 8077300 ns
[2020-10-07T09:44:10.076+0000][38832][gc,marking   ] GC(318) Concurrent Rebuild Remembered Sets
[2020-10-07T09:44:10.170+0000][38832][gc,marking   ] GC(318) Concurrent Rebuild Remembered Sets 93.099ms
[2020-10-07T09:44:10.170+0000][38832][gc,start     ] GC(318) Pause Cleanup
[2020-10-07T09:44:10.170+0000][38832][gc           ] GC(318) Pause Cleanup 502M->502M(1024M) 0.333ms
[2020-10-07T09:44:10.171+0000][38832][gc,cpu       ] GC(318) User=0.00s Sys=0.00s Real=0.00s
[2020-10-07T09:44:10.171+0000][38832][safepoint    ] Safepoint "G1Concurrent", Time since last: 93324700 ns, Reaching safepoint: 442900 ns, At safepoint: 547300 ns, Total: 990200 ns
[2020-10-07T09:44:10.171+0000][38832][gc,marking   ] GC(318) Concurrent Cleanup for Next Mark
[2020-10-07T09:44:10.172+0000][38832][gc,marking   ] GC(318) Concurrent Cleanup for Next Mark 1.565ms
[2020-10-07T09:44:10.172+0000][38832][gc           ] GC(318) Concurrent Cycle 248.399ms
[2020-10-07T09:44:10.191+0000][38832][gc,start     ] GC(319) Pause Young (Concurrent Start) (G1 Humongous Allocation)
[2020-10-07T09:44:10.192+0000][38832][gc,task      ] GC(319) Using 8 workers of 8 for evacuation
[2020-10-07T09:44:10.192+0000][38832][gc,age       ] GC(319) Desired survivor size 33554432 bytes, new threshold 15 (max threshold 15)
[2020-10-07T09:44:10.197+0000][38832][gc,age       ] GC(319) Age table with threshold 15 (max threshold 15)
[2020-10-07T09:44:10.197+0000][38832][gc,age       ] GC(319) - age   1:    3414352 bytes,    3414352 total
[2020-10-07T09:44:10.197+0000][38832][gc,age       ] GC(319) - age   2:       9712 bytes,    3424064 total
[2020-10-07T09:44:10.197+0000][38832][gc,age       ] GC(319) - age   3:     135984 bytes,    3560048 total
[2020-10-07T09:44:10.197+0000][38832][gc,age       ] GC(319) - age   4:       1432 bytes,    3561480 total
[2020-10-07T09:44:10.197+0000][38832][gc,age       ] GC(319) - age   5:      92016 bytes,    3653496 total
[2020-10-07T09:44:10.197+0000][38832][gc,age       ] GC(319) - age   6:      67464 bytes,    3720960 total
[2020-10-07T09:44:10.197+0000][38832][gc,age       ] GC(319) - age   7:       5760 bytes,    3726720 total
[2020-10-07T09:44:10.197+0000][38832][gc,age       ] GC(319) - age   8:      15592 bytes,    3742312 total
[2020-10-07T09:44:10.197+0000][38832][gc,age       ] GC(319) - age   9:       2560 bytes,    3744872 total
[2020-10-07T09:44:10.197+0000][38832][gc,age       ] GC(319) - age  10:      10272 bytes,    3755144 total
[2020-10-07T09:44:10.197+0000][38832][gc,age       ] GC(319) - age  11:        536 bytes,    3755680 total
[2020-10-07T09:44:10.197+0000][38832][gc,age       ] GC(319) - age  12:       1624 bytes,    3757304 total
[2020-10-07T09:44:10.197+0000][38832][gc,age       ] GC(319) - age  13:      68984 bytes,    3826288 total
[2020-10-07T09:44:10.197+0000][38832][gc,age       ] GC(319) - age  14:      24112 bytes,    3850400 total
[2020-10-07T09:44:10.197+0000][38832][gc,age       ] GC(319) - age  15:     430688 bytes,    4281088 total
[2020-10-07T09:44:10.197+0000][38832][gc,phases    ] GC(319)   Pre Evacuate Collection Set: 0.5ms
[2020-10-07T09:44:10.197+0000][38832][gc,phases    ] GC(319)   Merge Heap Roots: 0.1ms
[2020-10-07T09:44:10.197+0000][38832][gc,phases    ] GC(319)   Evacuate Collection Set: 2.9ms
[2020-10-07T09:44:10.197+0000][38832][gc,phases    ] GC(319)   Post Evacuate Collection Set: 1.0ms
[2020-10-07T09:44:10.198+0000][38832][gc,phases    ] GC(319)   Other: 1.4ms
[2020-10-07T09:44:10.198+0000][38832][gc,heap      ] GC(319) Eden regions: 72->0(500)
[2020-10-07T09:44:10.198+0000][38832][gc,heap      ] GC(319) Survivor regions: 4->5(64)
[2020-10-07T09:44:10.198+0000][38832][gc,heap      ] GC(319) Old regions: 79->80
[2020-10-07T09:44:10.198+0000][38832][gc,heap      ] GC(319) Archive regions: 0->0
[2020-10-07T09:44:10.198+0000][38832][gc,heap      ] GC(319) Humongous regions: 355->174
[2020-10-07T09:44:10.198+0000][38832][gc,metaspace ] GC(319) Metaspace: 89447K(95488K)->89447K(95488K) NonClass: 78114K(81664K)->78114K(81664K) Class: 11332K(13824K)->11332K(13824K)
[2020-10-07T09:44:10.198+0000][38832][gc           ] GC(319) Pause Young (Concurrent Start) (G1 Humongous Allocation) 509M->257M(1024M) 6.536ms
[2020-10-07T09:44:10.198+0000][38832][gc,cpu       ] GC(319) User=0.11s Sys=0.00s Real=0.01s
[2020-10-07T09:44:10.198+0000][38832][safepoint    ] Safepoint "G1TryInitiateConcMark", Time since last: 20542900 ns, Reaching safepoint: 198700 ns, At safepoint: 6757800 ns, Total: 6956500 ns
[2020-10-07T09:44:10.198+0000][38832][gc           ] GC(320) Concurrent Cycle
[2020-10-07T09:44:10.199+0000][38832][gc,marking   ] GC(320) Concurrent Clear Claimed Marks
[2020-10-07T09:44:10.199+0000][38832][gc,marking   ] GC(320) Concurrent Clear Claimed Marks 0.614ms
[2020-10-07T09:44:10.199+0000][38832][gc,marking   ] GC(320) Concurrent Scan Root Regions
[2020-10-07T09:44:10.205+0000][38832][gc,marking   ] GC(320) Concurrent Scan Root Regions 5.216ms
[2020-10-07T09:44:10.205+0000][38832][gc,marking   ] GC(320) Concurrent Mark (125.410s)
[2020-10-07T09:44:10.205+0000][38832][gc,marking   ] GC(320) Concurrent Mark From Roots
[2020-10-07T09:44:10.205+0000][38832][gc,task      ] GC(320) Using 2 workers of 2 for marking
[2020-10-07T09:44:10.344+0000][38832][gc,marking   ] GC(320) Concurrent Mark From Roots 138.747ms
[2020-10-07T09:44:10.344+0000][38832][gc,marking   ] GC(320) Concurrent Preclean
[2020-10-07T09:44:10.345+0000][38832][gc,marking   ] GC(320) Concurrent Preclean 0.851ms
[2020-10-07T09:44:10.345+0000][38832][gc,marking   ] GC(320) Concurrent Mark (125.410s, 125.550s) 139.849ms
[2020-10-07T09:44:10.345+0000][38832][gc,start     ] GC(320) Pause Remark
[2020-10-07T09:44:10.353+0000][38832][gc           ] GC(320) Pause Remark 329M->329M(1024M) 7.472ms
[2020-10-07T09:44:10.353+0000][38832][gc,cpu       ] GC(320) User=0.13s Sys=0.00s Real=0.01s
[2020-10-07T09:44:10.353+0000][38832][safepoint    ] Safepoint "G1Concurrent", Time since last: 146088500 ns, Reaching safepoint: 181500 ns, At safepoint: 7747400 ns, Total: 7928900 ns
[2020-10-07T09:44:10.353+0000][38832][gc,marking   ] GC(320) Concurrent Rebuild Remembered Sets
[2020-10-07T09:44:10.443+0000][38832][gc,marking   ] GC(320) Concurrent Rebuild Remembered Sets 90.969ms
[2020-10-07T09:44:10.444+0000][38832][gc,start     ] GC(320) Pause Cleanup
[2020-10-07T09:44:10.444+0000][38832][gc           ] GC(320) Pause Cleanup 333M->333M(1024M) 0.328ms
[2020-10-07T09:44:10.444+0000][38832][gc,cpu       ] GC(320) User=0.00s Sys=0.00s Real=0.00s
[2020-10-07T09:44:10.444+0000][38832][safepoint    ] Safepoint "G1Concurrent", Time since last: 91185100 ns, Reaching safepoint: 256100 ns, At safepoint: 552000 ns, Total: 808100 ns
[2020-10-07T09:44:10.444+0000][38832][gc,marking   ] GC(320) Concurrent Cleanup for Next Mark
[2020-10-07T09:44:10.447+0000][38832][gc,marking   ] GC(320) Concurrent Cleanup for Next Mark 2.041ms
[2020-10-07T09:44:10.447+0000][38832][gc           ] GC(320) Concurrent Cycle 248.308ms
[2020-10-07T09:44:10.817+0000][38832][gc,start     ] GC(321) Pause Young (Concurrent Start) (G1 Humongous Allocation)
[2020-10-07T09:44:10.817+0000][38832][gc,task      ] GC(321) Using 8 workers of 8 for evacuation
[2020-10-07T09:44:10.817+0000][38832][gc,age       ] GC(321) Desired survivor size 33554432 bytes, new threshold 15 (max threshold 15)
[2020-10-07T09:44:10.821+0000][38832][gc,age       ] GC(321) Age table with threshold 15 (max threshold 15)
[2020-10-07T09:44:10.822+0000][38832][gc,age       ] GC(321) - age   1:    2699544 bytes,    2699544 total
[2020-10-07T09:44:10.822+0000][38832][gc,age       ] GC(321) - age   2:       4936 bytes,    2704480 total
[2020-10-07T09:44:10.822+0000][38832][gc,age       ] GC(321) - age   3:       7392 bytes,    2711872 total
[2020-10-07T09:44:10.822+0000][38832][gc,age       ] GC(321) - age   4:     134136 bytes,    2846008 total
[2020-10-07T09:44:10.822+0000][38832][gc,age       ] GC(321) - age   5:       1304 bytes,    2847312 total
[2020-10-07T09:44:10.822+0000][38832][gc,age       ] GC(321) - age   6:      92016 bytes,    2939328 total
[2020-10-07T09:44:10.822+0000][38832][gc,age       ] GC(321) - age   7:      67400 bytes,    3006728 total
[2020-10-07T09:44:10.822+0000][38832][gc,age       ] GC(321) - age   8:       5760 bytes,    3012488 total
[2020-10-07T09:44:10.822+0000][38832][gc,age       ] GC(321) - age   9:      15592 bytes,    3028080 total
[2020-10-07T09:44:10.822+0000][38832][gc,age       ] GC(321) - age  10:       2560 bytes,    3030640 total
[2020-10-07T09:44:10.822+0000][38832][gc,age       ] GC(321) - age  11:      10272 bytes,    3040912 total
[2020-10-07T09:44:10.822+0000][38832][gc,age       ] GC(321) - age  12:        536 bytes,    3041448 total
[2020-10-07T09:44:10.822+0000][38832][gc,age       ] GC(321) - age  13:       1384 bytes,    3042832 total
[2020-10-07T09:44:10.822+0000][38832][gc,age       ] GC(321) - age  14:      68984 bytes,    3111816 total
[2020-10-07T09:44:10.822+0000][38832][gc,age       ] GC(321) - age  15:      24112 bytes,    3135928 total
[2020-10-07T09:44:10.822+0000][38832][gc,phases    ] GC(321)   Pre Evacuate Collection Set: 0.4ms
[2020-10-07T09:44:10.822+0000][38832][gc,phases    ] GC(321)   Merge Heap Roots: 0.1ms
[2020-10-07T09:44:10.822+0000][38832][gc,phases    ] GC(321)   Evacuate Collection Set: 2.7ms
[2020-10-07T09:44:10.822+0000][38832][gc,phases    ] GC(321)   Post Evacuate Collection Set: 0.7ms
[2020-10-07T09:44:10.822+0000][38832][gc,phases    ] GC(321)   Other: 1.0ms
[2020-10-07T09:44:10.822+0000][38832][gc,heap      ] GC(321) Eden regions: 37->0(502)
[2020-10-07T09:44:10.822+0000][38832][gc,heap      ] GC(321) Survivor regions: 5->4(64)
[2020-10-07T09:44:10.822+0000][38832][gc,heap      ] GC(321) Old regions: 80->80
[2020-10-07T09:44:10.822+0000][38832][gc,heap      ] GC(321) Archive regions: 0->0
[2020-10-07T09:44:10.822+0000][38832][gc,heap      ] GC(321) Humongous regions: 231->174
[2020-10-07T09:44:10.822+0000][38832][gc,metaspace ] GC(321) Metaspace: 89574K(95488K)->89574K(95488K) NonClass: 78241K(81664K)->78241K(81664K) Class: 11333K(13824K)->11333K(13824K)
[2020-10-07T09:44:10.823+0000][38832][gc           ] GC(321) Pause Young (Concurrent Start) (G1 Humongous Allocation) 350M->256M(1024M) 5.302ms
[2020-10-07T09:44:10.823+0000][38832][gc,cpu       ] GC(321) User=0.11s Sys=0.00s Real=0.01s
[2020-10-07T09:44:10.823+0000][38832][safepoint    ] Safepoint "G1TryInitiateConcMark", Time since last: 372639700 ns, Reaching safepoint: 158700 ns, At safepoint: 5468600 ns, Total: 5627300 ns
[2020-10-07T09:44:10.823+0000][38832][gc           ] GC(322) Concurrent Cycle
[2020-10-07T09:44:10.823+0000][38832][gc,marking   ] GC(322) Concurrent Clear Claimed Marks
[2020-10-07T09:44:10.823+0000][38832][gc,marking   ] GC(322) Concurrent Clear Claimed Marks 0.656ms
[2020-10-07T09:44:10.824+0000][38832][gc,marking   ] GC(322) Concurrent Scan Root Regions
[2020-10-07T09:44:10.828+0000][38832][gc,marking   ] GC(322) Concurrent Scan Root Regions 4.588ms
[2020-10-07T09:44:10.828+0000][38832][gc,marking   ] GC(322) Concurrent Mark (126.034s)
[2020-10-07T09:44:10.828+0000][38832][gc,marking   ] GC(322) Concurrent Mark From Roots
[2020-10-07T09:44:10.828+0000][38832][gc,task      ] GC(322) Using 2 workers of 2 for marking
[2020-10-07T09:44:10.989+0000][38832][gc,marking   ] GC(322) Concurrent Mark From Roots 160.810ms
[2020-10-07T09:44:10.989+0000][38832][gc,marking   ] GC(322) Concurrent Preclean
[2020-10-07T09:44:10.990+0000][38832][gc,marking   ] GC(322) Concurrent Preclean 0.985ms
[2020-10-07T09:44:10.990+0000][38832][gc,marking   ] GC(322) Concurrent Mark (126.034s, 126.196s) 162.052ms
[2020-10-07T09:44:10.991+0000][38832][gc,start     ] GC(322) Pause Remark
[2020-10-07T09:44:10.998+0000][38832][gc           ] GC(322) Pause Remark 409M->409M(1024M) 7.247ms
[2020-10-07T09:44:10.998+0000][38832][gc,cpu       ] GC(322) User=0.00s Sys=0.00s Real=0.01s
[2020-10-07T09:44:11.002+0000][38832][safepoint    ] Safepoint "G1Concurrent", Time since last: 167834100 ns, Reaching safepoint: 164000 ns, At safepoint: 11627000 ns, Total: 11791000 ns
[2020-10-07T09:44:11.002+0000][38832][gc,marking   ] GC(322) Concurrent Rebuild Remembered Sets
[2020-10-07T09:44:11.095+0000][38832][gc,marking   ] GC(322) Concurrent Rebuild Remembered Sets 92.535ms
[2020-10-07T09:44:11.095+0000][38832][gc,start     ] GC(322) Pause Cleanup
[2020-10-07T09:44:11.096+0000][38832][gc           ] GC(322) Pause Cleanup 435M->435M(1024M) 0.360ms
[2020-10-07T09:44:11.096+0000][38832][gc,cpu       ] GC(322) User=0.00s Sys=0.00s Real=0.00s
[2020-10-07T09:44:11.096+0000][38832][safepoint    ] Safepoint "G1Concurrent", Time since last: 92820600 ns, Reaching safepoint: 151500 ns, At safepoint: 560500 ns, Total: 712000 ns
[2020-10-07T09:44:11.096+0000][38832][gc,marking   ] GC(322) Concurrent Cleanup for Next Mark
[2020-10-07T09:44:11.098+0000][38832][gc,marking   ] GC(322) Concurrent Cleanup for Next Mark 1.900ms
[2020-10-07T09:44:11.098+0000][38832][gc           ] GC(322) Concurrent Cycle 275.269ms
[2020-10-07T09:44:11.099+0000][38832][gc,start     ] GC(323) Pause Young (Concurrent Start) (G1 Humongous Allocation)
[2020-10-07T09:44:11.099+0000][38832][gc,task      ] GC(323) Using 8 workers of 8 for evacuation
[2020-10-07T09:44:11.099+0000][38832][gc,age       ] GC(323) Desired survivor size 33554432 bytes, new threshold 15 (max threshold 15)
[2020-10-07T09:44:11.103+0000][38832][gc,age       ] GC(323) Age table with threshold 15 (max threshold 15)
[2020-10-07T09:44:11.104+0000][38832][gc,age       ] GC(323) - age   1:    3292136 bytes,    3292136 total
[2020-10-07T09:44:11.104+0000][38832][gc,age       ] GC(323) - age   2:      17384 bytes,    3309520 total
[2020-10-07T09:44:11.104+0000][38832][gc,age       ] GC(323) - age   3:       3096 bytes,    3312616 total
[2020-10-07T09:44:11.104+0000][38832][gc,age       ] GC(323) - age   4:       7072 bytes,    3319688 total
[2020-10-07T09:44:11.104+0000][38832][gc,age       ] GC(323) - age   5:     134032 bytes,    3453720 total
[2020-10-07T09:44:11.104+0000][38832][gc,age       ] GC(323) - age   6:        600 bytes,    3454320 total
[2020-10-07T09:44:11.104+0000][38832][gc,age       ] GC(323) - age   7:      92016 bytes,    3546336 total
[2020-10-07T09:44:11.104+0000][38832][gc,age       ] GC(323) - age   8:      67272 bytes,    3613608 total
[2020-10-07T09:44:11.104+0000][38832][gc,age       ] GC(323) - age   9:       5760 bytes,    3619368 total
[2020-10-07T09:44:11.104+0000][38832][gc,age       ] GC(323) - age  10:      15464 bytes,    3634832 total
[2020-10-07T09:44:11.104+0000][38832][gc,age       ] GC(323) - age  11:       2432 bytes,    3637264 total
[2020-10-07T09:44:11.104+0000][38832][gc,age       ] GC(323) - age  12:      10208 bytes,    3647472 total
[2020-10-07T09:44:11.104+0000][38832][gc,age       ] GC(323) - age  13:        536 bytes,    3648008 total
[2020-10-07T09:44:11.104+0000][38832][gc,age       ] GC(323) - age  14:       1384 bytes,    3649392 total
[2020-10-07T09:44:11.104+0000][38832][gc,age       ] GC(323) - age  15:      68984 bytes,    3718376 total
[2020-10-07T09:44:11.104+0000][38832][gc,phases    ] GC(323)   Pre Evacuate Collection Set: 0.5ms
[2020-10-07T09:44:11.104+0000][38832][gc,phases    ] GC(323)   Merge Heap Roots: 0.1ms
[2020-10-07T09:44:11.104+0000][38832][gc,phases    ] GC(323)   Evacuate Collection Set: 2.6ms
[2020-10-07T09:44:11.104+0000][38832][gc,phases    ] GC(323)   Post Evacuate Collection Set: 0.8ms
[2020-10-07T09:44:11.104+0000][38832][gc,phases    ] GC(323)   Other: 1.2ms
[2020-10-07T09:44:11.104+0000][38832][gc,heap      ] GC(323) Eden regions: 56->0(502)
[2020-10-07T09:44:11.104+0000][38832][gc,heap      ] GC(323) Survivor regions: 4->4(64)
[2020-10-07T09:44:11.104+0000][38832][gc,heap      ] GC(323) Old regions: 80->80
[2020-10-07T09:44:11.105+0000][38832][gc,heap      ] GC(323) Archive regions: 0->0
[2020-10-07T09:44:11.105+0000][38832][gc,heap      ] GC(323) Humongous regions: 298->174
[2020-10-07T09:44:11.105+0000][38832][gc,metaspace ] GC(323) Metaspace: 89574K(95488K)->89574K(95488K) NonClass: 78241K(81664K)->78241K(81664K) Class: 11333K(13824K)->11333K(13824K)
[2020-10-07T09:44:11.105+0000][38832][gc           ] GC(323) Pause Young (Concurrent Start) (G1 Humongous Allocation) 436M->257M(1024M) 5.546ms
[2020-10-07T09:44:11.105+0000][38832][gc,cpu       ] GC(323) User=0.02s Sys=0.00s Real=0.01s
[2020-10-07T09:44:11.105+0000][38832][safepoint    ] Safepoint "G1TryInitiateConcMark", Time since last: 3200700 ns, Reaching safepoint: 167800 ns, At safepoint: 5725300 ns, Total: 5893100 ns
[2020-10-07T09:44:11.105+0000][38832][gc           ] GC(324) Concurrent Cycle
[2020-10-07T09:44:11.105+0000][38832][gc,marking   ] GC(324) Concurrent Clear Claimed Marks
[2020-10-07T09:44:11.105+0000][38832][gc,marking   ] GC(324) Concurrent Clear Claimed Marks 0.410ms
[2020-10-07T09:44:11.105+0000][38832][gc,marking   ] GC(324) Concurrent Scan Root Regions
[2020-10-07T09:44:11.109+0000][38832][gc,marking   ] GC(324) Concurrent Scan Root Regions 3.537ms
[2020-10-07T09:44:11.110+0000][38832][gc,marking   ] GC(324) Concurrent Mark (126.315s)
[2020-10-07T09:44:11.110+0000][38832][gc,marking   ] GC(324) Concurrent Mark From Roots
[2020-10-07T09:44:11.110+0000][38832][gc,task      ] GC(324) Using 2 workers of 2 for marking
[2020-10-07T09:44:11.256+0000][38832][gc,marking   ] GC(324) Concurrent Mark From Roots 146.262ms
[2020-10-07T09:44:11.256+0000][38832][gc,marking   ] GC(324) Concurrent Preclean
[2020-10-07T09:44:11.257+0000][38832][gc,marking   ] GC(324) Concurrent Preclean 0.824ms
[2020-10-07T09:44:11.257+0000][38832][gc,marking   ] GC(324) Concurrent Mark (126.315s, 126.462s) 147.312ms
[2020-10-07T09:44:11.257+0000][38832][gc,start     ] GC(324) Pause Remark
[2020-10-07T09:44:11.265+0000][38832][gc           ] GC(324) Pause Remark 408M->408M(1024M) 7.976ms
[2020-10-07T09:44:11.265+0000][38832][gc,cpu       ] GC(324) User=0.00s Sys=0.00s Real=0.01s
[2020-10-07T09:44:11.265+0000][38832][safepoint    ] Safepoint "G1Concurrent", Time since last: 151628300 ns, Reaching safepoint: 164600 ns, At safepoint: 8337100 ns, Total: 8501700 ns
[2020-10-07T09:44:11.265+0000][38832][gc,marking   ] GC(324) Concurrent Rebuild Remembered Sets
[2020-10-07T09:44:11.346+0000][38832][gc,marking   ] GC(324) Concurrent Rebuild Remembered Sets 80.264ms
[2020-10-07T09:44:11.346+0000][38832][gc,start     ] GC(324) Pause Cleanup
[2020-10-07T09:44:11.346+0000][38832][gc           ] GC(324) Pause Cleanup 408M->408M(1024M) 0.320ms
[2020-10-07T09:44:11.346+0000][38832][gc,cpu       ] GC(324) User=0.00s Sys=0.00s Real=0.00s
[2020-10-07T09:44:11.347+0000][38832][safepoint    ] Safepoint "G1Concurrent", Time since last: 80500600 ns, Reaching safepoint: 140400 ns, At safepoint: 501500 ns, Total: 641900 ns
[2020-10-07T09:44:11.347+0000][38832][gc,marking   ] GC(324) Concurrent Cleanup for Next Mark
[2020-10-07T09:44:11.348+0000][38832][gc,marking   ] GC(324) Concurrent Cleanup for Next Mark 1.802ms
[2020-10-07T09:44:11.349+0000][38832][gc           ] GC(324) Concurrent Cycle 243.418ms
[2020-10-07T09:44:11.377+0000][38832][gc,start     ] GC(325) Pause Young (Concurrent Start) (G1 Humongous Allocation)
[2020-10-07T09:44:11.377+0000][38832][gc,task      ] GC(325) Using 8 workers of 8 for evacuation
[2020-10-07T09:44:11.377+0000][38832][gc,age       ] GC(325) Desired survivor size 33554432 bytes, new threshold 15 (max threshold 15)
[2020-10-07T09:44:11.381+0000][38832][gc,age       ] GC(325) Age table with threshold 15 (max threshold 15)
[2020-10-07T09:44:11.381+0000][38832][gc,age       ] GC(325) - age   1:    2692208 bytes,    2692208 total
[2020-10-07T09:44:11.381+0000][38832][gc,age       ] GC(325) - age   2:       4040 bytes,    2696248 total
[2020-10-07T09:44:11.381+0000][38832][gc,age       ] GC(325) - age   3:      14680 bytes,    2710928 total
[2020-10-07T09:44:11.381+0000][38832][gc,age       ] GC(325) - age   4:       2648 bytes,    2713576 total
[2020-10-07T09:44:11.381+0000][38832][gc,age       ] GC(325) - age   5:       6944 bytes,    2720520 total
[2020-10-07T09:44:11.381+0000][38832][gc,age       ] GC(325) - age   6:     131640 bytes,    2852160 total
[2020-10-07T09:44:11.381+0000][38832][gc,age       ] GC(325) - age   7:        544 bytes,    2852704 total
[2020-10-07T09:44:11.381+0000][38832][gc,age       ] GC(325) - age   8:      91752 bytes,    2944456 total
[2020-10-07T09:44:11.381+0000][38832][gc,age       ] GC(325) - age   9:      67032 bytes,    3011488 total
[2020-10-07T09:44:11.381+0000][38832][gc,age       ] GC(325) - age  10:       3504 bytes,    3014992 total
[2020-10-07T09:44:11.381+0000][38832][gc,age       ] GC(325) - age  11:      15016 bytes,    3030008 total
[2020-10-07T09:44:11.381+0000][38832][gc,age       ] GC(325) - age  12:       2432 bytes,    3032440 total
[2020-10-07T09:44:11.381+0000][38832][gc,age       ] GC(325) - age  13:      10208 bytes,    3042648 total
[2020-10-07T09:44:11.381+0000][38832][gc,age       ] GC(325) - age  14:        504 bytes,    3043152 total
[2020-10-07T09:44:11.381+0000][38832][gc,age       ] GC(325) - age  15:       1384 bytes,    3044536 total
[2020-10-07T09:44:11.381+0000][38832][gc,phases    ] GC(325)   Pre Evacuate Collection Set: 0.4ms
[2020-10-07T09:44:11.381+0000][38832][gc,phases    ] GC(325)   Merge Heap Roots: 0.1ms
[2020-10-07T09:44:11.381+0000][38832][gc,phases    ] GC(325)   Evacuate Collection Set: 2.4ms
[2020-10-07T09:44:11.381+0000][38832][gc,phases    ] GC(325)   Post Evacuate Collection Set: 0.8ms
[2020-10-07T09:44:11.381+0000][38832][gc,phases    ] GC(325)   Other: 0.9ms
[2020-10-07T09:44:11.381+0000][38832][gc,heap      ] GC(325) Eden regions: 42->0(502)
[2020-10-07T09:44:11.381+0000][38832][gc,heap      ] GC(325) Survivor regions: 4->4(64)
[2020-10-07T09:44:11.381+0000][38832][gc,heap      ] GC(325) Old regions: 80->80
[2020-10-07T09:44:11.381+0000][38832][gc,heap      ] GC(325) Archive regions: 0->0
[2020-10-07T09:44:11.381+0000][38832][gc,heap      ] GC(325) Humongous regions: 288->174
[2020-10-07T09:44:11.381+0000][38832][gc,metaspace ] GC(325) Metaspace: 89578K(95488K)->89578K(95488K) NonClass: 78244K(81664K)->78244K(81664K) Class: 11333K(13824K)->11333K(13824K)
[2020-10-07T09:44:11.382+0000][38832][gc           ] GC(325) Pause Young (Concurrent Start) (G1 Humongous Allocation) 413M->256M(1024M) 4.820ms
[2020-10-07T09:44:11.382+0000][38832][gc,cpu       ] GC(325) User=0.02s Sys=0.00s Real=0.00s
[2020-10-07T09:44:11.382+0000][38832][gc           ] GC(326) Concurrent Cycle
[2020-10-07T09:44:11.382+0000][38832][safepoint    ] Safepoint "G1TryInitiateConcMark", Time since last: 30411300 ns, Reaching safepoint: 193000 ns, At safepoint: 5072100 ns, Total: 5265100 ns
[2020-10-07T09:44:11.382+0000][38832][gc,marking   ] GC(326) Concurrent Clear Claimed Marks
[2020-10-07T09:44:11.382+0000][38832][gc,marking   ] GC(326) Concurrent Clear Claimed Marks 0.652ms
[2020-10-07T09:44:11.383+0000][38832][gc,marking   ] GC(326) Concurrent Scan Root Regions
[2020-10-07T09:44:11.386+0000][38832][gc,marking   ] GC(326) Concurrent Scan Root Regions 3.311ms
[2020-10-07T09:44:11.386+0000][38832][gc,marking   ] GC(326) Concurrent Mark (126.592s)
[2020-10-07T09:44:11.386+0000][38832][gc,marking   ] GC(326) Concurrent Mark From Roots
[2020-10-07T09:44:11.386+0000][38832][gc,task      ] GC(326) Using 2 workers of 2 for marking
[2020-10-07T09:44:11.554+0000][38832][gc,marking   ] GC(326) Concurrent Mark From Roots 167.415ms
[2020-10-07T09:44:11.554+0000][38832][gc,marking   ] GC(326) Concurrent Preclean
[2020-10-07T09:44:11.555+0000][38832][gc,marking   ] GC(326) Concurrent Preclean 1.276ms
[2020-10-07T09:44:11.556+0000][38832][gc,marking   ] GC(326) Concurrent Mark (126.592s, 126.761s) 168.971ms
[2020-10-07T09:44:11.556+0000][38832][gc,start     ] GC(326) Pause Remark
[2020-10-07T09:44:11.564+0000][38832][gc           ] GC(326) Pause Remark 427M->427M(1024M) 7.832ms
[2020-10-07T09:44:11.564+0000][38832][gc,cpu       ] GC(326) User=0.00s Sys=0.00s Real=0.01s
[2020-10-07T09:44:11.564+0000][38832][safepoint    ] Safepoint "G1Concurrent", Time since last: 173526000 ns, Reaching safepoint: 408000 ns, At safepoint: 8249200 ns, Total: 8657200 ns
[2020-10-07T09:44:11.565+0000][38832][gc,marking   ] GC(326) Concurrent Rebuild Remembered Sets
[2020-10-07T09:44:11.656+0000][38832][gc,marking   ] GC(326) Concurrent Rebuild Remembered Sets 92.410ms
[2020-10-07T09:44:11.657+0000][38832][gc,start     ] GC(326) Pause Cleanup
[2020-10-07T09:44:11.657+0000][38832][gc           ] GC(326) Pause Cleanup 504M->504M(1024M) 0.338ms
[2020-10-07T09:44:11.657+0000][38832][gc,cpu       ] GC(326) User=0.00s Sys=0.00s Real=0.00s
[2020-10-07T09:44:11.657+0000][38832][safepoint    ] Safepoint "G1Concurrent", Time since last: 92790800 ns, Reaching safepoint: 171100 ns, At safepoint: 571500 ns, Total: 742600 ns
[2020-10-07T09:44:11.657+0000][38832][gc,marking   ] GC(326) Concurrent Cleanup for Next Mark
[2020-10-07T09:44:11.659+0000][38832][gc,marking   ] GC(326) Concurrent Cleanup for Next Mark 2.012ms
[2020-10-07T09:44:11.660+0000][38832][gc           ] GC(326) Concurrent Cycle 277.981ms
[2020-10-07T09:44:11.673+0000][38832][gc,start     ] GC(327) Pause Young (Concurrent Start) (G1 Humongous Allocation)
[2020-10-07T09:44:11.673+0000][38832][gc,task      ] GC(327) Using 8 workers of 8 for evacuation
[2020-10-07T09:44:11.673+0000][38832][gc,age       ] GC(327) Desired survivor size 33554432 bytes, new threshold 15 (max threshold 15)
[2020-10-07T09:44:11.678+0000][38832][gc,age       ] GC(327) Age table with threshold 15 (max threshold 15)
[2020-10-07T09:44:11.678+0000][38832][gc,age       ] GC(327) - age   1:    3413488 bytes,    3413488 total
[2020-10-07T09:44:11.678+0000][38832][gc,age       ] GC(327) - age   2:       9688 bytes,    3423176 total
[2020-10-07T09:44:11.678+0000][38832][gc,age       ] GC(327) - age   3:       2928 bytes,    3426104 total
[2020-10-07T09:44:11.678+0000][38832][gc,age       ] GC(327) - age   4:       9008 bytes,    3435112 total
[2020-10-07T09:44:11.678+0000][38832][gc,age       ] GC(327) - age   5:       1720 bytes,    3436832 total
[2020-10-07T09:44:11.678+0000][38832][gc,age       ] GC(327) - age   6:       6880 bytes,    3443712 total
[2020-10-07T09:44:11.678+0000][38832][gc,age       ] GC(327) - age   7:     131640 bytes,    3575352 total
[2020-10-07T09:44:11.678+0000][38832][gc,age       ] GC(327) - age   8:        352 bytes,    3575704 total
[2020-10-07T09:44:11.678+0000][38832][gc,age       ] GC(327) - age   9:      91688 bytes,    3667392 total
[2020-10-07T09:44:11.678+0000][38832][gc,age       ] GC(327) - age  10:      66968 bytes,    3734360 total
[2020-10-07T09:44:11.678+0000][38832][gc,age       ] GC(327) - age  11:       3440 bytes,    3737800 total
[2020-10-07T09:44:11.678+0000][38832][gc,age       ] GC(327) - age  12:      14760 bytes,    3752560 total
[2020-10-07T09:44:11.678+0000][38832][gc,age       ] GC(327) - age  13:       2432 bytes,    3754992 total
[2020-10-07T09:44:11.678+0000][38832][gc,age       ] GC(327) - age  14:      10016 bytes,    3765008 total
[2020-10-07T09:44:11.678+0000][38832][gc,age       ] GC(327) - age  15:        504 bytes,    3765512 total
[2020-10-07T09:44:11.678+0000][38832][gc,phases    ] GC(327)   Pre Evacuate Collection Set: 0.4ms
[2020-10-07T09:44:11.678+0000][38832][gc,phases    ] GC(327)   Merge Heap Roots: 0.2ms
[2020-10-07T09:44:11.678+0000][38832][gc,phases    ] GC(327)   Evacuate Collection Set: 2.7ms
[2020-10-07T09:44:11.678+0000][38832][gc,phases    ] GC(327)   Post Evacuate Collection Set: 1.2ms
[2020-10-07T09:44:11.678+0000][38832][gc,phases    ] GC(327)   Other: 0.9ms
[2020-10-07T09:44:11.678+0000][38832][gc,heap      ] GC(327) Eden regions: 73->0(502)
[2020-10-07T09:44:11.678+0000][38832][gc,heap      ] GC(327) Survivor regions: 4->4(64)
[2020-10-07T09:44:11.678+0000][38832][gc,heap      ] GC(327) Old regions: 80->80
[2020-10-07T09:44:11.678+0000][38832][gc,heap      ] GC(327) Archive regions: 0->0
[2020-10-07T09:44:11.678+0000][38832][gc,heap      ] GC(327) Humongous regions: 355->174
[2020-10-07T09:44:11.678+0000][38832][gc,metaspace ] GC(327) Metaspace: 89578K(95488K)->89578K(95488K) NonClass: 78244K(81664K)->78244K(81664K) Class: 11333K(13824K)->11333K(13824K)
[2020-10-07T09:44:11.679+0000][38832][gc           ] GC(327) Pause Young (Concurrent Start) (G1 Humongous Allocation) 510M->257M(1024M) 5.748ms
[2020-10-07T09:44:11.679+0000][38832][gc,cpu       ] GC(327) User=0.02s Sys=0.00s Real=0.01s
[2020-10-07T09:44:11.679+0000][38832][safepoint    ] Safepoint "G1TryInitiateConcMark", Time since last: 15224100 ns, Reaching safepoint: 190400 ns, At safepoint: 6046700 ns, Total: 6237100 ns
[2020-10-07T09:44:11.679+0000][38832][gc           ] GC(328) Concurrent Cycle
[2020-10-07T09:44:11.679+0000][38832][gc,marking   ] GC(328) Concurrent Clear Claimed Marks
[2020-10-07T09:44:11.679+0000][38832][gc,marking   ] GC(328) Concurrent Clear Claimed Marks 0.516ms
[2020-10-07T09:44:11.680+0000][38832][gc,marking   ] GC(328) Concurrent Scan Root Regions
[2020-10-07T09:44:11.684+0000][38832][gc,marking   ] GC(328) Concurrent Scan Root Regions 4.182ms
[2020-10-07T09:44:11.684+0000][38832][gc,marking   ] GC(328) Concurrent Mark (126.890s)
[2020-10-07T09:44:11.684+0000][38832][gc,marking   ] GC(328) Concurrent Mark From Roots
[2020-10-07T09:44:11.684+0000][38832][gc,task      ] GC(328) Using 2 workers of 2 for marking
[2020-10-07T09:44:11.837+0000][38832][gc,marking   ] GC(328) Concurrent Mark From Roots 153.191ms
[2020-10-07T09:44:11.837+0000][38832][gc,marking   ] GC(328) Concurrent Preclean
[2020-10-07T09:44:11.838+0000][38832][gc,marking   ] GC(328) Concurrent Preclean 0.819ms
[2020-10-07T09:44:11.838+0000][38832][gc,marking   ] GC(328) Concurrent Mark (126.890s, 127.044s) 154.199ms
[2020-10-07T09:44:11.838+0000][38832][gc,start     ] GC(328) Pause Remark
[2020-10-07T09:44:11.845+0000][38832][gc           ] GC(328) Pause Remark 405M->405M(1024M) 7.114ms
[2020-10-07T09:44:11.846+0000][38832][gc,cpu       ] GC(328) User=0.00s Sys=0.00s Real=0.01s
[2020-10-07T09:44:11.846+0000][38832][safepoint    ] Safepoint "G1Concurrent", Time since last: 159381900 ns, Reaching safepoint: 160500 ns, At safepoint: 7382000 ns, Total: 7542500 ns
[2020-10-07T09:44:11.846+0000][38832][gc,marking   ] GC(328) Concurrent Rebuild Remembered Sets
[2020-10-07T09:44:11.931+0000][38832][gc,marking   ] GC(328) Concurrent Rebuild Remembered Sets 84.560ms
[2020-10-07T09:44:11.931+0000][38832][gc,start     ] GC(328) Pause Cleanup
[2020-10-07T09:44:11.931+0000][38832][gc           ] GC(328) Pause Cleanup 470M->470M(1024M) 0.308ms
[2020-10-07T09:44:11.931+0000][38832][gc,cpu       ] GC(328) User=0.00s Sys=0.00s Real=0.00s
[2020-10-07T09:44:11.931+0000][38832][safepoint    ] Safepoint "G1Concurrent", Time since last: 84734900 ns, Reaching safepoint: 168500 ns, At safepoint: 520200 ns, Total: 688700 ns
[2020-10-07T09:44:11.932+0000][38832][gc,marking   ] GC(328) Concurrent Cleanup for Next Mark
[2020-10-07T09:44:11.933+0000][38832][gc,marking   ] GC(328) Concurrent Cleanup for Next Mark 1.539ms
[2020-10-07T09:44:11.933+0000][38832][gc           ] GC(328) Concurrent Cycle 254.118ms
[2020-10-07T09:44:11.964+0000][38832][gc,start     ] GC(329) Pause Young (Concurrent Start) (G1 Humongous Allocation)
[2020-10-07T09:44:11.964+0000][38832][gc,task      ] GC(329) Using 8 workers of 8 for evacuation
[2020-10-07T09:44:11.964+0000][38832][gc,age       ] GC(329) Desired survivor size 33554432 bytes, new threshold 15 (max threshold 15)
[2020-10-07T09:44:11.968+0000][38832][gc,age       ] GC(329) Age table with threshold 15 (max threshold 15)
[2020-10-07T09:44:11.968+0000][38832][gc,age       ] GC(329) - age   1:    2896360 bytes,    2896360 total
[2020-10-07T09:44:11.968+0000][38832][gc,age       ] GC(329) - age   2:       3144 bytes,    2899504 total
[2020-10-07T09:44:11.969+0000][38832][gc,age       ] GC(329) - age   3:       7664 bytes,    2907168 total
[2020-10-07T09:44:11.969+0000][38832][gc,age       ] GC(329) - age   4:       2480 bytes,    2909648 total
[2020-10-07T09:44:11.969+0000][38832][gc,age       ] GC(329) - age   5:       8712 bytes,    2918360 total
[2020-10-07T09:44:11.969+0000][38832][gc,age       ] GC(329) - age   6:       1656 bytes,    2920016 total
[2020-10-07T09:44:11.969+0000][38832][gc,age       ] GC(329) - age   7:       6880 bytes,    2926896 total
[2020-10-07T09:44:11.969+0000][38832][gc,age       ] GC(329) - age   8:     131640 bytes,    3058536 total
[2020-10-07T09:44:11.969+0000][38832][gc,age       ] GC(329) - age   9:        320 bytes,    3058856 total
[2020-10-07T09:44:11.969+0000][38832][gc,age       ] GC(329) - age  10:      91688 bytes,    3150544 total
[2020-10-07T09:44:11.969+0000][38832][gc,age       ] GC(329) - age  11:      66968 bytes,    3217512 total
[2020-10-07T09:44:11.969+0000][38832][gc,age       ] GC(329) - age  12:       3440 bytes,    3220952 total
[2020-10-07T09:44:11.969+0000][38832][gc,age       ] GC(329) - age  13:      14664 bytes,    3235616 total
[2020-10-07T09:44:11.969+0000][38832][gc,age       ] GC(329) - age  14:       2432 bytes,    3238048 total
[2020-10-07T09:44:11.969+0000][38832][gc,age       ] GC(329) - age  15:       9920 bytes,    3247968 total
[2020-10-07T09:44:11.969+0000][38832][gc,phases    ] GC(329)   Pre Evacuate Collection Set: 0.5ms
[2020-10-07T09:44:11.969+0000][38832][gc,phases    ] GC(329)   Merge Heap Roots: 0.1ms
[2020-10-07T09:44:11.969+0000][38832][gc,phases    ] GC(329)   Evacuate Collection Set: 2.4ms
[2020-10-07T09:44:11.969+0000][38832][gc,phases    ] GC(329)   Post Evacuate Collection Set: 1.0ms
[2020-10-07T09:44:11.969+0000][38832][gc,phases    ] GC(329)   Other: 1.3ms
[2020-10-07T09:44:11.969+0000][38832][gc,heap      ] GC(329) Eden regions: 57->0(502)
[2020-10-07T09:44:11.969+0000][38832][gc,heap      ] GC(329) Survivor regions: 4->4(64)
[2020-10-07T09:44:11.970+0000][38832][gc,heap      ] GC(329) Old regions: 80->80
[2020-10-07T09:44:11.970+0000][38832][gc,heap      ] GC(329) Archive regions: 0->0
[2020-10-07T09:44:11.970+0000][38832][gc,heap      ] GC(329) Humongous regions: 340->174
[2020-10-07T09:44:11.970+0000][38832][gc,metaspace ] GC(329) Metaspace: 89578K(95488K)->89578K(95488K) NonClass: 78244K(81664K)->78244K(81664K) Class: 11333K(13824K)->11333K(13824K)
[2020-10-07T09:44:11.970+0000][38832][gc           ] GC(329) Pause Young (Concurrent Start) (G1 Humongous Allocation) 479M->256M(1024M) 5.817ms
[2020-10-07T09:44:11.970+0000][38832][gc,cpu       ] GC(329) User=0.00s Sys=0.00s Real=0.01s
[2020-10-07T09:44:11.970+0000][38832][gc           ] GC(330) Concurrent Cycle
[2020-10-07T09:44:11.970+0000][38832][safepoint    ] Safepoint "G1TryInitiateConcMark", Time since last: 32259500 ns, Reaching safepoint: 174000 ns, At safepoint: 6104000 ns, Total: 6278000 ns
[2020-10-07T09:44:11.970+0000][38832][gc,marking   ] GC(330) Concurrent Clear Claimed Marks
[2020-10-07T09:44:11.971+0000][38832][gc,marking   ] GC(330) Concurrent Clear Claimed Marks 0.484ms
[2020-10-07T09:44:11.971+0000][38832][gc,marking   ] GC(330) Concurrent Scan Root Regions
[2020-10-07T09:44:11.974+0000][38832][gc,marking   ] GC(330) Concurrent Scan Root Regions 2.944ms
[2020-10-07T09:44:11.974+0000][38832][gc,marking   ] GC(330) Concurrent Mark (127.179s)
[2020-10-07T09:44:11.974+0000][38832][gc,marking   ] GC(330) Concurrent Mark From Roots
[2020-10-07T09:44:11.974+0000][38832][gc,task      ] GC(330) Using 2 workers of 2 for marking
[2020-10-07T09:44:12.111+0000][38832][gc,marking   ] GC(330) Concurrent Mark From Roots 137.539ms
[2020-10-07T09:44:12.111+0000][38832][gc,marking   ] GC(330) Concurrent Preclean
[2020-10-07T09:44:12.112+0000][38832][gc,marking   ] GC(330) Concurrent Preclean 0.609ms
[2020-10-07T09:44:12.112+0000][38832][gc,marking   ] GC(330) Concurrent Mark (127.179s, 127.318s) 138.333ms
[2020-10-07T09:44:12.112+0000][38832][gc,start     ] GC(330) Pause Remark
[2020-10-07T09:44:12.118+0000][38832][gc           ] GC(330) Pause Remark 362M->362M(1024M) 6.330ms
[2020-10-07T09:44:12.118+0000][38832][gc,cpu       ] GC(330) User=0.11s Sys=0.00s Real=0.01s
[2020-10-07T09:44:12.119+0000][38832][safepoint    ] Safepoint "G1Concurrent", Time since last: 142115300 ns, Reaching safepoint: 137800 ns, At safepoint: 6541100 ns, Total: 6678900 ns
[2020-10-07T09:44:12.119+0000][38832][gc,marking   ] GC(330) Concurrent Rebuild Remembered Sets
[2020-10-07T09:44:12.195+0000][38832][gc,marking   ] GC(330) Concurrent Rebuild Remembered Sets 76.557ms
[2020-10-07T09:44:12.195+0000][38832][gc,start     ] GC(330) Pause Cleanup
[2020-10-07T09:44:12.196+0000][38832][gc           ] GC(330) Pause Cleanup 508M->508M(1024M) 0.342ms
[2020-10-07T09:44:12.196+0000][38832][gc,cpu       ] GC(330) User=0.00s Sys=0.00s Real=0.00s
[2020-10-07T09:44:12.196+0000][38832][safepoint    ] Safepoint "G1Concurrent", Time since last: 76767200 ns, Reaching safepoint: 134200 ns, At safepoint: 558600 ns, Total: 692800 ns
[2020-10-07T09:44:12.196+0000][38832][gc,marking   ] GC(330) Concurrent Cleanup for Next Mark
[2020-10-07T09:44:12.198+0000][38832][gc,marking   ] GC(330) Concurrent Cleanup for Next Mark 1.712ms
[2020-10-07T09:44:12.198+0000][38832][gc           ] GC(330) Concurrent Cycle 228.162ms
[2020-10-07T09:44:12.214+0000][38832][gc,start     ] GC(331) Pause Young (Concurrent Start) (G1 Humongous Allocation)
[2020-10-07T09:44:12.214+0000][38832][gc,task      ] GC(331) Using 8 workers of 8 for evacuation
[2020-10-07T09:44:12.214+0000][38832][gc,age       ] GC(331) Desired survivor size 33554432 bytes, new threshold 15 (max threshold 15)
[2020-10-07T09:44:12.218+0000][38832][gc,age       ] GC(331) Age table with threshold 15 (max threshold 15)
[2020-10-07T09:44:12.218+0000][38832][gc,age       ] GC(331) - age   1:    3291536 bytes,    3291536 total
[2020-10-07T09:44:12.218+0000][38832][gc,age       ] GC(331) - age   2:     208040 bytes,    3499576 total
[2020-10-07T09:44:12.218+0000][38832][gc,age       ] GC(331) - age   3:       2240 bytes,    3501816 total
[2020-10-07T09:44:12.218+0000][38832][gc,age       ] GC(331) - age   4:       4592 bytes,    3506408 total
[2020-10-07T09:44:12.218+0000][38832][gc,age       ] GC(331) - age   5:       1104 bytes,    3507512 total
[2020-10-07T09:44:12.218+0000][38832][gc,age       ] GC(331) - age   6:       8712 bytes,    3516224 total
[2020-10-07T09:44:12.218+0000][38832][gc,age       ] GC(331) - age   7:       1464 bytes,    3517688 total
[2020-10-07T09:44:12.218+0000][38832][gc,age       ] GC(331) - age   8:       6816 bytes,    3524504 total
[2020-10-07T09:44:12.218+0000][38832][gc,age       ] GC(331) - age   9:     131640 bytes,    3656144 total
[2020-10-07T09:44:12.218+0000][38832][gc,age       ] GC(331) - age  10:        320 bytes,    3656464 total
[2020-10-07T09:44:12.218+0000][38832][gc,age       ] GC(331) - age  11:      89280 bytes,    3745744 total
[2020-10-07T09:44:12.219+0000][38832][gc,age       ] GC(331) - age  12:      66736 bytes,    3812480 total
[2020-10-07T09:44:12.219+0000][38832][gc,age       ] GC(331) - age  13:       3440 bytes,    3815920 total
[2020-10-07T09:44:12.219+0000][38832][gc,age       ] GC(331) - age  14:      14632 bytes,    3830552 total
[2020-10-07T09:44:12.219+0000][38832][gc,age       ] GC(331) - age  15:       2432 bytes,    3832984 total
[2020-10-07T09:44:12.219+0000][38832][gc,phases    ] GC(331)   Pre Evacuate Collection Set: 0.4ms
[2020-10-07T09:44:12.219+0000][38832][gc,phases    ] GC(331)   Merge Heap Roots: 0.1ms
[2020-10-07T09:44:12.219+0000][38832][gc,phases    ] GC(331)   Evacuate Collection Set: 2.3ms
[2020-10-07T09:44:12.219+0000][38832][gc,phases    ] GC(331)   Post Evacuate Collection Set: 0.9ms
[2020-10-07T09:44:12.219+0000][38832][gc,phases    ] GC(331)   Other: 1.0ms
[2020-10-07T09:44:12.219+0000][38832][gc,heap      ] GC(331) Eden regions: 71->0(502)
[2020-10-07T09:44:12.219+0000][38832][gc,heap      ] GC(331) Survivor regions: 4->4(64)
[2020-10-07T09:44:12.219+0000][38832][gc,heap      ] GC(331) Old regions: 80->80
[2020-10-07T09:44:12.219+0000][38832][gc,heap      ] GC(331) Archive regions: 0->0
[2020-10-07T09:44:12.219+0000][38832][gc,heap      ] GC(331) Humongous regions: 360->174
[2020-10-07T09:44:12.219+0000][38832][gc,metaspace ] GC(331) Metaspace: 89578K(95488K)->89578K(95488K) NonClass: 78244K(81664K)->78244K(81664K) Class: 11333K(13824K)->11333K(13824K)
[2020-10-07T09:44:12.219+0000][38832][gc           ] GC(331) Pause Young (Concurrent Start) (G1 Humongous Allocation) 513M->257M(1024M) 4.994ms
[2020-10-07T09:44:12.219+0000][38832][gc,cpu       ] GC(331) User=0.00s Sys=0.00s Real=0.01s
[2020-10-07T09:44:12.219+0000][38832][safepoint    ] Safepoint "G1TryInitiateConcMark", Time since last: 17952800 ns, Reaching safepoint: 141200 ns, At safepoint: 5163300 ns, Total: 5304500 ns
[2020-10-07T09:44:12.219+0000][38832][gc           ] GC(332) Concurrent Cycle
[2020-10-07T09:44:12.219+0000][38832][gc,marking   ] GC(332) Concurrent Clear Claimed Marks
[2020-10-07T09:44:12.220+0000][38832][gc,marking   ] GC(332) Concurrent Clear Claimed Marks 0.347ms
[2020-10-07T09:44:12.220+0000][38832][gc,marking   ] GC(332) Concurrent Scan Root Regions
[2020-10-07T09:44:12.222+0000][38832][gc,marking   ] GC(332) Concurrent Scan Root Regions 2.173ms
[2020-10-07T09:44:12.222+0000][38832][gc,marking   ] GC(332) Concurrent Mark (127.428s)
[2020-10-07T09:44:12.222+0000][38832][gc,marking   ] GC(332) Concurrent Mark From Roots
[2020-10-07T09:44:12.222+0000][38832][gc,task      ] GC(332) Using 2 workers of 2 for marking
[2020-10-07T09:44:12.335+0000][38832][gc,marking   ] GC(332) Concurrent Mark From Roots 112.930ms
[2020-10-07T09:44:12.335+0000][38832][gc,marking   ] GC(332) Concurrent Preclean
[2020-10-07T09:44:12.336+0000][38832][gc,marking   ] GC(332) Concurrent Preclean 0.836ms
[2020-10-07T09:44:12.336+0000][38832][gc,marking   ] GC(332) Concurrent Mark (127.428s, 127.542s) 114.002ms
[2020-10-07T09:44:12.336+0000][38832][gc,start     ] GC(332) Pause Remark
[2020-10-07T09:44:12.343+0000][38832][gc           ] GC(332) Pause Remark 330M->330M(1024M) 6.845ms
[2020-10-07T09:44:12.343+0000][38832][gc,cpu       ] GC(332) User=0.00s Sys=0.00s Real=0.01s
[2020-10-07T09:44:12.343+0000][38832][safepoint    ] Safepoint "G1Concurrent", Time since last: 116855700 ns, Reaching safepoint: 176300 ns, At safepoint: 7076600 ns, Total: 7252900 ns
[2020-10-07T09:44:12.343+0000][38832][gc,marking   ] GC(332) Concurrent Rebuild Remembered Sets
[2020-10-07T09:44:12.431+0000][38832][gc,marking   ] GC(332) Concurrent Rebuild Remembered Sets 87.472ms
[2020-10-07T09:44:12.431+0000][38832][gc,start     ] GC(332) Pause Cleanup
[2020-10-07T09:44:12.432+0000][38832][gc           ] GC(332) Pause Cleanup 335M->335M(1024M) 0.397ms
[2020-10-07T09:44:12.432+0000][38832][gc,cpu       ] GC(332) User=0.00s Sys=0.00s Real=0.00s
[2020-10-07T09:44:12.432+0000][38832][safepoint    ] Safepoint "G1Concurrent", Time since last: 87674400 ns, Reaching safepoint: 167700 ns, At safepoint: 610700 ns, Total: 778400 ns
[2020-10-07T09:44:12.432+0000][38832][gc,marking   ] GC(332) Concurrent Cleanup for Next Mark
[2020-10-07T09:44:12.434+0000][38832][gc,marking   ] GC(332) Concurrent Cleanup for Next Mark 1.901ms
[2020-10-07T09:44:12.434+0000][38832][gc           ] GC(332) Concurrent Cycle 214.679ms
[2020-10-07T09:44:12.435+0000][38832][gc,start     ] GC(333) Pause Young (Concurrent Start) (G1 Humongous Allocation)
[2020-10-07T09:44:12.435+0000][38832][gc,task      ] GC(333) Using 8 workers of 8 for evacuation
[2020-10-07T09:44:12.435+0000][38832][gc,age       ] GC(333) Desired survivor size 33554432 bytes, new threshold 15 (max threshold 15)
[2020-10-07T09:44:12.439+0000][38832][gc,age       ] GC(333) Age table with threshold 15 (max threshold 15)
[2020-10-07T09:44:12.439+0000][38832][gc,age       ] GC(333) - age   1:    2592488 bytes,    2592488 total
[2020-10-07T09:44:12.439+0000][38832][gc,age       ] GC(333) - age   2:       4536 bytes,    2597024 total
[2020-10-07T09:44:12.439+0000][38832][gc,age       ] GC(333) - age   3:       5240 bytes,    2602264 total
[2020-10-07T09:44:12.439+0000][38832][gc,age       ] GC(333) - age   4:       2080 bytes,    2604344 total
[2020-10-07T09:44:12.439+0000][38832][gc,age       ] GC(333) - age   5:       4592 bytes,    2608936 total
[2020-10-07T09:44:12.439+0000][38832][gc,age       ] GC(333) - age   6:       1104 bytes,    2610040 total
[2020-10-07T09:44:12.439+0000][38832][gc,age       ] GC(333) - age   7:       8712 bytes,    2618752 total
[2020-10-07T09:44:12.439+0000][38832][gc,age       ] GC(333) - age   8:       1336 bytes,    2620088 total
[2020-10-07T09:44:12.439+0000][38832][gc,age       ] GC(333) - age   9:       6816 bytes,    2626904 total
[2020-10-07T09:44:12.439+0000][38832][gc,age       ] GC(333) - age  10:     131640 bytes,    2758544 total
[2020-10-07T09:44:12.439+0000][38832][gc,age       ] GC(333) - age  11:        256 bytes,    2758800 total
[2020-10-07T09:44:12.439+0000][38832][gc,age       ] GC(333) - age  12:      89256 bytes,    2848056 total
[2020-10-07T09:44:12.439+0000][38832][gc,age       ] GC(333) - age  13:      66576 bytes,    2914632 total
[2020-10-07T09:44:12.439+0000][38832][gc,age       ] GC(333) - age  14:       3440 bytes,    2918072 total
[2020-10-07T09:44:12.439+0000][38832][gc,age       ] GC(333) - age  15:      14632 bytes,    2932704 total
[2020-10-07T09:44:12.439+0000][38832][gc,phases    ] GC(333)   Pre Evacuate Collection Set: 0.4ms
[2020-10-07T09:44:12.439+0000][38832][gc,phases    ] GC(333)   Merge Heap Roots: 0.1ms
[2020-10-07T09:44:12.439+0000][38832][gc,phases    ] GC(333)   Evacuate Collection Set: 2.4ms
[2020-10-07T09:44:12.439+0000][38832][gc,phases    ] GC(333)   Post Evacuate Collection Set: 0.8ms
[2020-10-07T09:44:12.439+0000][38832][gc,phases    ] GC(333)   Other: 0.9ms
[2020-10-07T09:44:12.439+0000][38832][gc,heap      ] GC(333) Eden regions: 21->0(503)
[2020-10-07T09:44:12.439+0000][38832][gc,heap      ] GC(333) Survivor regions: 4->3(64)
[2020-10-07T09:44:12.439+0000][38832][gc,heap      ] GC(333) Old regions: 80->80
[2020-10-07T09:44:12.439+0000][38832][gc,heap      ] GC(333) Archive regions: 0->0
[2020-10-07T09:44:12.439+0000][38832][gc,heap      ] GC(333) Humongous regions: 235->174
[2020-10-07T09:44:12.439+0000][38832][gc,metaspace ] GC(333) Metaspace: 89578K(95488K)->89578K(95488K) NonClass: 78244K(81664K)->78244K(81664K) Class: 11333K(13824K)->11333K(13824K)
[2020-10-07T09:44:12.439+0000][38832][gc           ] GC(333) Pause Young (Concurrent Start) (G1 Humongous Allocation) 339M->256M(1024M) 4.914ms
[2020-10-07T09:44:12.440+0000][38832][gc,cpu       ] GC(333) User=0.00s Sys=0.00s Real=0.01s
[2020-10-07T09:44:12.440+0000][38832][gc           ] GC(334) Concurrent Cycle
[2020-10-07T09:44:12.440+0000][38832][safepoint    ] Safepoint "G1TryInitiateConcMark", Time since last: 2185000 ns, Reaching safepoint: 268500 ns, At safepoint: 5145200 ns, Total: 5413700 ns
[2020-10-07T09:44:12.440+0000][38832][gc,marking   ] GC(334) Concurrent Clear Claimed Marks
[2020-10-07T09:44:12.440+0000][38832][gc,marking   ] GC(334) Concurrent Clear Claimed Marks 0.493ms
[2020-10-07T09:44:12.440+0000][38832][gc,marking   ] GC(334) Concurrent Scan Root Regions
[2020-10-07T09:44:12.443+0000][38832][gc,marking   ] GC(334) Concurrent Scan Root Regions 3.066ms
[2020-10-07T09:44:12.443+0000][38832][gc,marking   ] GC(334) Concurrent Mark (127.649s)
[2020-10-07T09:44:12.443+0000][38832][gc,marking   ] GC(334) Concurrent Mark From Roots
[2020-10-07T09:44:12.444+0000][38832][gc,task      ] GC(334) Using 2 workers of 2 for marking
[2020-10-07T09:44:12.611+0000][38832][gc,marking   ] GC(334) Concurrent Mark From Roots 167.430ms
[2020-10-07T09:44:12.611+0000][38832][gc,marking   ] GC(334) Concurrent Preclean
[2020-10-07T09:44:12.612+0000][38832][gc,marking   ] GC(334) Concurrent Preclean 0.871ms
[2020-10-07T09:44:12.612+0000][38832][gc,marking   ] GC(334) Concurrent Mark (127.649s, 127.818s) 168.505ms
[2020-10-07T09:44:12.612+0000][38832][gc,start     ] GC(334) Pause Remark
[2020-10-07T09:44:12.620+0000][38832][gc           ] GC(334) Pause Remark 421M->421M(1024M) 7.470ms
[2020-10-07T09:44:12.620+0000][38832][gc,cpu       ] GC(334) User=0.11s Sys=0.00s Real=0.01s
[2020-10-07T09:44:12.620+0000][38832][safepoint    ] Safepoint "G1Concurrent", Time since last: 172419600 ns, Reaching safepoint: 179300 ns, At safepoint: 8216400 ns, Total: 8395700 ns
[2020-10-07T09:44:12.620+0000][38832][gc,marking   ] GC(334) Concurrent Rebuild Remembered Sets
[2020-10-07T09:44:12.701+0000][38832][gc,marking   ] GC(334) Concurrent Rebuild Remembered Sets 80.167ms
[2020-10-07T09:44:12.701+0000][38832][gc,start     ] GC(334) Pause Cleanup
[2020-10-07T09:44:12.701+0000][38832][gc           ] GC(334) Pause Cleanup 500M->500M(1024M) 0.262ms
[2020-10-07T09:44:12.701+0000][38832][gc,cpu       ] GC(334) User=0.00s Sys=0.00s Real=0.00s
[2020-10-07T09:44:12.701+0000][38832][safepoint    ] Safepoint "G1Concurrent", Time since last: 80380300 ns, Reaching safepoint: 136800 ns, At safepoint: 438700 ns, Total: 575500 ns
[2020-10-07T09:44:12.701+0000][38832][gc,marking   ] GC(334) Concurrent Cleanup for Next Mark
[2020-10-07T09:44:12.703+0000][38832][gc,marking   ] GC(334) Concurrent Cleanup for Next Mark 1.946ms
[2020-10-07T09:44:12.704+0000][38832][gc           ] GC(334) Concurrent Cycle 263.958ms
[2020-10-07T09:44:12.727+0000][38832][gc,start     ] GC(335) Pause Young (Concurrent Start) (G1 Humongous Allocation)
[2020-10-07T09:44:12.727+0000][38832][gc,task      ] GC(335) Using 8 workers of 8 for evacuation
[2020-10-07T09:44:12.727+0000][38832][gc,age       ] GC(335) Desired survivor size 33554432 bytes, new threshold 15 (max threshold 15)
[2020-10-07T09:44:12.732+0000][38832][gc,age       ] GC(335) Age table with threshold 15 (max threshold 15)
[2020-10-07T09:44:12.732+0000][38832][gc,age       ] GC(335) - age   1:    3446392 bytes,    3446392 total
[2020-10-07T09:44:12.732+0000][38832][gc,age       ] GC(335) - age   2:       7776 bytes,    3454168 total
[2020-10-07T09:44:12.732+0000][38832][gc,age       ] GC(335) - age   3:       2960 bytes,    3457128 total
[2020-10-07T09:44:12.732+0000][38832][gc,age       ] GC(335) - age   4:       2128 bytes,    3459256 total
[2020-10-07T09:44:12.732+0000][38832][gc,age       ] GC(335) - age   5:       1000 bytes,    3460256 total
[2020-10-07T09:44:12.732+0000][38832][gc,age       ] GC(335) - age   6:       4592 bytes,    3464848 total
[2020-10-07T09:44:12.732+0000][38832][gc,age       ] GC(335) - age   7:        976 bytes,    3465824 total
[2020-10-07T09:44:12.732+0000][38832][gc,age       ] GC(335) - age   8:       8712 bytes,    3474536 total
[2020-10-07T09:44:12.732+0000][38832][gc,age       ] GC(335) - age   9:       1272 bytes,    3475808 total
[2020-10-07T09:44:12.732+0000][38832][gc,age       ] GC(335) - age  10:       6688 bytes,    3482496 total
[2020-10-07T09:44:12.732+0000][38832][gc,age       ] GC(335) - age  11:     131128 bytes,    3613624 total
[2020-10-07T09:44:12.732+0000][38832][gc,age       ] GC(335) - age  12:        160 bytes,    3613784 total
[2020-10-07T09:44:12.732+0000][38832][gc,age       ] GC(335) - age  13:      89224 bytes,    3703008 total
[2020-10-07T09:44:12.732+0000][38832][gc,age       ] GC(335) - age  14:      66544 bytes,    3769552 total
[2020-10-07T09:44:12.733+0000][38832][gc,age       ] GC(335) - age  15:       3440 bytes,    3772992 total
[2020-10-07T09:44:12.733+0000][38832][gc,phases    ] GC(335)   Pre Evacuate Collection Set: 0.4ms
[2020-10-07T09:44:12.733+0000][38832][gc,phases    ] GC(335)   Merge Heap Roots: 0.1ms
[2020-10-07T09:44:12.733+0000][38832][gc,phases    ] GC(335)   Evacuate Collection Set: 2.7ms
[2020-10-07T09:44:12.733+0000][38832][gc,phases    ] GC(335)   Post Evacuate Collection Set: 0.8ms
[2020-10-07T09:44:12.733+0000][38832][gc,phases    ] GC(335)   Other: 0.9ms
[2020-10-07T09:44:12.733+0000][38832][gc,heap      ] GC(335) Eden regions: 74->0(502)
[2020-10-07T09:44:12.733+0000][38832][gc,heap      ] GC(335) Survivor regions: 3->4(64)
[2020-10-07T09:44:12.733+0000][38832][gc,heap      ] GC(335) Old regions: 80->80
[2020-10-07T09:44:12.733+0000][38832][gc,heap      ] GC(335) Archive regions: 0->0
[2020-10-07T09:44:12.733+0000][38832][gc,heap      ] GC(335) Humongous regions: 351->174
[2020-10-07T09:44:12.733+0000][38832][gc,metaspace ] GC(335) Metaspace: 89601K(95744K)->89601K(95744K) NonClass: 78266K(81920K)->78266K(81920K) Class: 11334K(13824K)->11334K(13824K)
[2020-10-07T09:44:12.733+0000][38832][gc           ] GC(335) Pause Young (Concurrent Start) (G1 Humongous Allocation) 507M->257M(1024M) 5.275ms
[2020-10-07T09:44:12.733+0000][38832][gc,cpu       ] GC(335) User=0.00s Sys=0.00s Real=0.01s
[2020-10-07T09:44:12.733+0000][38832][gc           ] GC(336) Concurrent Cycle
[2020-10-07T09:44:12.733+0000][38832][safepoint    ] Safepoint "G1TryInitiateConcMark", Time since last: 25739700 ns, Reaching safepoint: 145900 ns, At safepoint: 5464300 ns, Total: 5610200 ns
[2020-10-07T09:44:12.733+0000][38832][gc,marking   ] GC(336) Concurrent Clear Claimed Marks
[2020-10-07T09:44:12.734+0000][38832][gc,marking   ] GC(336) Concurrent Clear Claimed Marks 0.593ms
[2020-10-07T09:44:12.734+0000][38832][gc,marking   ] GC(336) Concurrent Scan Root Regions
[2020-10-07T09:44:12.738+0000][38832][gc,marking   ] GC(336) Concurrent Scan Root Regions 3.931ms
[2020-10-07T09:44:12.738+0000][38832][gc,marking   ] GC(336) Concurrent Mark (127.943s)
[2020-10-07T09:44:12.738+0000][38832][gc,marking   ] GC(336) Concurrent Mark From Roots
[2020-10-07T09:44:12.738+0000][38832][gc,task      ] GC(336) Using 2 workers of 2 for marking
[2020-10-07T09:44:12.875+0000][38832][gc,marking   ] GC(336) Concurrent Mark From Roots 137.099ms
[2020-10-07T09:44:12.875+0000][38832][gc,marking   ] GC(336) Concurrent Preclean
[2020-10-07T09:44:12.876+0000][38832][gc,marking   ] GC(336) Concurrent Preclean 1.181ms
[2020-10-07T09:44:12.876+0000][38832][gc,marking   ] GC(336) Concurrent Mark (127.943s, 128.082s) 138.524ms
[2020-10-07T09:44:12.876+0000][38832][gc,start     ] GC(336) Pause Remark
[2020-10-07T09:44:12.883+0000][38832][gc           ] GC(336) Pause Remark 331M->331M(1024M) 7.277ms
[2020-10-07T09:44:12.884+0000][38832][gc,cpu       ] GC(336) User=0.09s Sys=0.00s Real=0.01s
[2020-10-07T09:44:12.884+0000][38832][safepoint    ] Safepoint "G1Concurrent", Time since last: 143445100 ns, Reaching safepoint: 154300 ns, At safepoint: 7522500 ns, Total: 7676800 ns
[2020-10-07T09:44:12.884+0000][38832][gc,marking   ] GC(336) Concurrent Rebuild Remembered Sets
[2020-10-07T09:44:12.966+0000][38832][gc,marking   ] GC(336) Concurrent Rebuild Remembered Sets 82.583ms
[2020-10-07T09:44:12.967+0000][38832][gc,start     ] GC(336) Pause Cleanup
[2020-10-07T09:44:12.967+0000][38832][gc           ] GC(336) Pause Cleanup 468M->468M(1024M) 0.347ms
[2020-10-07T09:44:12.967+0000][38832][gc,cpu       ] GC(336) User=0.00s Sys=0.00s Real=0.00s
[2020-10-07T09:44:12.967+0000][38832][safepoint    ] Safepoint "G1Concurrent", Time since last: 82777700 ns, Reaching safepoint: 152300 ns, At safepoint: 561000 ns, Total: 713300 ns
[2020-10-07T09:44:12.967+0000][38832][gc,marking   ] GC(336) Concurrent Cleanup for Next Mark
[2020-10-07T09:44:12.969+0000][38832][gc,marking   ] GC(336) Concurrent Cleanup for Next Mark 1.808ms
[2020-10-07T09:44:12.969+0000][38832][gc           ] GC(336) Concurrent Cycle 236.597ms
[2020-10-07T09:44:12.984+0000][38832][gc,start     ] GC(337) Pause Young (Concurrent Start) (G1 Humongous Allocation)
[2020-10-07T09:44:12.984+0000][38832][gc,task      ] GC(337) Using 8 workers of 8 for evacuation
[2020-10-07T09:44:12.984+0000][38832][gc,age       ] GC(337) Desired survivor size 33554432 bytes, new threshold 15 (max threshold 15)
[2020-10-07T09:44:12.987+0000][38832][gc,age       ] GC(337) Age table with threshold 15 (max threshold 15)
[2020-10-07T09:44:12.987+0000][38832][gc,age       ] GC(337) - age   1:    1039736 bytes,    1039736 total
[2020-10-07T09:44:12.987+0000][38832][gc,age       ] GC(337) - age   2:      18936 bytes,    1058672 total
[2020-10-07T09:44:12.987+0000][38832][gc,age       ] GC(337) - age   3:       5752 bytes,    1064424 total
[2020-10-07T09:44:12.987+0000][38832][gc,age       ] GC(337) - age   4:       1576 bytes,    1066000 total
[2020-10-07T09:44:12.987+0000][38832][gc,age       ] GC(337) - age   5:       1768 bytes,    1067768 total
[2020-10-07T09:44:12.987+0000][38832][gc,age       ] GC(337) - age   6:       1000 bytes,    1068768 total
[2020-10-07T09:44:12.987+0000][38832][gc,age       ] GC(337) - age   7:       4592 bytes,    1073360 total
[2020-10-07T09:44:12.987+0000][38832][gc,age       ] GC(337) - age   8:        976 bytes,    1074336 total
[2020-10-07T09:44:12.987+0000][38832][gc,age       ] GC(337) - age   9:       8688 bytes,    1083024 total
[2020-10-07T09:44:12.988+0000][38832][gc,age       ] GC(337) - age  10:       1272 bytes,    1084296 total
[2020-10-07T09:44:12.988+0000][38832][gc,age       ] GC(337) - age  11:       6688 bytes,    1090984 total
[2020-10-07T09:44:12.988+0000][38832][gc,age       ] GC(337) - age  12:     131128 bytes,    1222112 total
[2020-10-07T09:44:12.988+0000][38832][gc,age       ] GC(337) - age  13:        160 bytes,    1222272 total
[2020-10-07T09:44:12.988+0000][38832][gc,age       ] GC(337) - age  14:      89224 bytes,    1311496 total
[2020-10-07T09:44:12.988+0000][38832][gc,age       ] GC(337) - age  15:      66544 bytes,    1378040 total
[2020-10-07T09:44:12.988+0000][38832][gc,phases    ] GC(337)   Pre Evacuate Collection Set: 0.4ms
[2020-10-07T09:44:12.988+0000][38832][gc,phases    ] GC(337)   Merge Heap Roots: 0.1ms
[2020-10-07T09:44:12.988+0000][38832][gc,phases    ] GC(337)   Evacuate Collection Set: 2.1ms
[2020-10-07T09:44:12.988+0000][38832][gc,phases    ] GC(337)   Post Evacuate Collection Set: 0.7ms
[2020-10-07T09:44:12.988+0000][38832][gc,phases    ] GC(337)   Other: 0.9ms
[2020-10-07T09:44:12.988+0000][38832][gc,heap      ] GC(337) Eden regions: 55->0(505)
[2020-10-07T09:44:12.988+0000][38832][gc,heap      ] GC(337) Survivor regions: 4->2(64)
[2020-10-07T09:44:12.988+0000][38832][gc,heap      ] GC(337) Old regions: 80->80
[2020-10-07T09:44:12.988+0000][38832][gc,heap      ] GC(337) Archive regions: 0->0
[2020-10-07T09:44:12.988+0000][38832][gc,heap      ] GC(337) Humongous regions: 335->174
[2020-10-07T09:44:12.988+0000][38832][gc,metaspace ] GC(337) Metaspace: 89601K(95744K)->89601K(95744K) NonClass: 78266K(81920K)->78266K(81920K) Class: 11334K(13824K)->11334K(13824K)
[2020-10-07T09:44:12.988+0000][38832][gc           ] GC(337) Pause Young (Concurrent Start) (G1 Humongous Allocation) 473M->255M(1024M) 4.443ms
[2020-10-07T09:44:12.988+0000][38832][gc,cpu       ] GC(337) User=0.00s Sys=0.00s Real=0.00s
[2020-10-07T09:44:12.988+0000][38832][safepoint    ] Safepoint "G1TryInitiateConcMark", Time since last: 16323900 ns, Reaching safepoint: 142100 ns, At safepoint: 4614800 ns, Total: 4756900 ns
[2020-10-07T09:44:12.988+0000][38832][gc           ] GC(338) Concurrent Cycle
[2020-10-07T09:44:12.988+0000][38832][gc,marking   ] GC(338) Concurrent Clear Claimed Marks
[2020-10-07T09:44:12.989+0000][38832][gc,marking   ] GC(338) Concurrent Clear Claimed Marks 0.368ms
[2020-10-07T09:44:12.989+0000][38832][gc,marking   ] GC(338) Concurrent Scan Root Regions
[2020-10-07T09:44:12.990+0000][38832][gc,marking   ] GC(338) Concurrent Scan Root Regions 1.691ms
[2020-10-07T09:44:12.990+0000][38832][gc,marking   ] GC(338) Concurrent Mark (128.196s)
[2020-10-07T09:44:12.990+0000][38832][gc,marking   ] GC(338) Concurrent Mark From Roots
[2020-10-07T09:44:12.991+0000][38832][gc,task      ] GC(338) Using 2 workers of 2 for marking
[2020-10-07T09:44:13.129+0000][38832][gc,marking   ] GC(338) Concurrent Mark From Roots 138.442ms
[2020-10-07T09:44:13.129+0000][38832][gc,marking   ] GC(338) Concurrent Preclean
[2020-10-07T09:44:13.130+0000][38832][gc,marking   ] GC(338) Concurrent Preclean 0.740ms
[2020-10-07T09:44:13.130+0000][38832][gc,marking   ] GC(338) Concurrent Mark (128.196s, 128.336s) 139.362ms
[2020-10-07T09:44:13.130+0000][38832][gc,start     ] GC(338) Pause Remark
[2020-10-07T09:44:13.137+0000][38832][gc           ] GC(338) Pause Remark 429M->429M(1024M) 6.753ms
[2020-10-07T09:44:13.137+0000][38832][gc,cpu       ] GC(338) User=0.09s Sys=0.00s Real=0.01s
[2020-10-07T09:44:13.137+0000][38832][safepoint    ] Safepoint "G1Concurrent", Time since last: 141727300 ns, Reaching safepoint: 142900 ns, At safepoint: 7083400 ns, Total: 7226300 ns
[2020-10-07T09:44:13.137+0000][38832][gc,marking   ] GC(338) Concurrent Rebuild Remembered Sets
[2020-10-07T09:44:13.228+0000][38832][gc,marking   ] GC(338) Concurrent Rebuild Remembered Sets 90.460ms
[2020-10-07T09:44:13.228+0000][38832][gc,start     ] GC(338) Pause Cleanup
[2020-10-07T09:44:13.228+0000][38832][gc           ] GC(338) Pause Cleanup 444M->444M(1024M) 0.314ms
[2020-10-07T09:44:13.228+0000][38832][gc,cpu       ] GC(338) User=0.00s Sys=0.00s Real=0.00s
[2020-10-07T09:44:13.229+0000][38832][safepoint    ] Safepoint "G1Concurrent", Time since last: 90692700 ns, Reaching safepoint: 156700 ns, At safepoint: 499800 ns, Total: 656500 ns
[2020-10-07T09:44:13.229+0000][38832][gc,marking   ] GC(338) Concurrent Cleanup for Next Mark
[2020-10-07T09:44:13.230+0000][38832][gc,marking   ] GC(338) Concurrent Cleanup for Next Mark 1.241ms
[2020-10-07T09:44:13.230+0000][38832][gc           ] GC(338) Concurrent Cycle 241.711ms
[2020-10-07T09:44:13.342+0000][38832][gc,start     ] GC(339) Pause Young (Concurrent Start) (G1 Humongous Allocation)
[2020-10-07T09:44:13.342+0000][38832][gc,task      ] GC(339) Using 8 workers of 8 for evacuation
[2020-10-07T09:44:13.342+0000][38832][gc,age       ] GC(339) Desired survivor size 33554432 bytes, new threshold 15 (max threshold 15)
[2020-10-07T09:44:13.347+0000][38832][gc,age       ] GC(339) Age table with threshold 15 (max threshold 15)
[2020-10-07T09:44:13.347+0000][38832][gc,age       ] GC(339) - age   1:    2708456 bytes,    2708456 total
[2020-10-07T09:44:13.347+0000][38832][gc,age       ] GC(339) - age   2:       5384 bytes,    2713840 total
[2020-10-07T09:44:13.347+0000][38832][gc,age       ] GC(339) - age   3:      17160 bytes,    2731000 total
[2020-10-07T09:44:13.347+0000][38832][gc,age       ] GC(339) - age   4:       3000 bytes,    2734000 total
[2020-10-07T09:44:13.347+0000][38832][gc,age       ] GC(339) - age   5:       1328 bytes,    2735328 total
[2020-10-07T09:44:13.347+0000][38832][gc,age       ] GC(339) - age   6:       1768 bytes,    2737096 total
[2020-10-07T09:44:13.347+0000][38832][gc,age       ] GC(339) - age   7:        968 bytes,    2738064 total
[2020-10-07T09:44:13.347+0000][38832][gc,age       ] GC(339) - age   8:       3888 bytes,    2741952 total
[2020-10-07T09:44:13.347+0000][38832][gc,age       ] GC(339) - age   9:        912 bytes,    2742864 total
[2020-10-07T09:44:13.347+0000][38832][gc,age       ] GC(339) - age  10:       8272 bytes,    2751136 total
[2020-10-07T09:44:13.347+0000][38832][gc,age       ] GC(339) - age  11:       1208 bytes,    2752344 total
[2020-10-07T09:44:13.347+0000][38832][gc,age       ] GC(339) - age  12:       6688 bytes,    2759032 total
[2020-10-07T09:44:13.347+0000][38832][gc,age       ] GC(339) - age  13:     131096 bytes,    2890128 total
[2020-10-07T09:44:13.347+0000][38832][gc,age       ] GC(339) - age  14:         96 bytes,    2890224 total
[2020-10-07T09:44:13.347+0000][38832][gc,age       ] GC(339) - age  15:      80496 bytes,    2970720 total
[2020-10-07T09:44:13.347+0000][38832][gc,phases    ] GC(339)   Pre Evacuate Collection Set: 0.4ms
[2020-10-07T09:44:13.347+0000][38832][gc,phases    ] GC(339)   Merge Heap Roots: 0.1ms
[2020-10-07T09:44:13.347+0000][38832][gc,phases    ] GC(339)   Evacuate Collection Set: 2.7ms
[2020-10-07T09:44:13.347+0000][38832][gc,phases    ] GC(339)   Post Evacuate Collection Set: 0.8ms
[2020-10-07T09:44:13.347+0000][38832][gc,phases    ] GC(339)   Other: 0.9ms
[2020-10-07T09:44:13.347+0000][38832][gc,heap      ] GC(339) Eden regions: 64->0(504)
[2020-10-07T09:44:13.347+0000][38832][gc,heap      ] GC(339) Survivor regions: 2->3(64)
[2020-10-07T09:44:13.347+0000][38832][gc,heap      ] GC(339) Old regions: 80->80
[2020-10-07T09:44:13.347+0000][38832][gc,heap      ] GC(339) Archive regions: 0->0
[2020-10-07T09:44:13.347+0000][38832][gc,heap      ] GC(339) Humongous regions: 308->174
[2020-10-07T09:44:13.347+0000][38832][gc,metaspace ] GC(339) Metaspace: 89620K(95744K)->89620K(95744K) NonClass: 78282K(81920K)->78282K(81920K) Class: 11338K(13824K)->11338K(13824K)
[2020-10-07T09:44:13.348+0000][38832][gc           ] GC(339) Pause Young (Concurrent Start) (G1 Humongous Allocation) 453M->256M(1024M) 5.194ms
[2020-10-07T09:44:13.348+0000][38832][gc,cpu       ] GC(339) User=0.00s Sys=0.00s Real=0.01s
[2020-10-07T09:44:13.348+0000][38832][safepoint    ] Safepoint "G1TryInitiateConcMark", Time since last: 113531500 ns, Reaching safepoint: 157200 ns, At safepoint: 5375800 ns, Total: 5533000 ns
[2020-10-07T09:44:13.348+0000][38832][gc           ] GC(340) Concurrent Cycle
[2020-10-07T09:44:13.348+0000][38832][gc,marking   ] GC(340) Concurrent Clear Claimed Marks
[2020-10-07T09:44:13.348+0000][38832][gc,marking   ] GC(340) Concurrent Clear Claimed Marks 0.406ms
[2020-10-07T09:44:13.348+0000][38832][gc,marking   ] GC(340) Concurrent Scan Root Regions
[2020-10-07T09:44:13.350+0000][38832][gc,marking   ] GC(340) Concurrent Scan Root Regions 1.661ms
[2020-10-07T09:44:13.350+0000][38832][gc,marking   ] GC(340) Concurrent Mark (128.556s)
[2020-10-07T09:44:13.350+0000][38832][gc,marking   ] GC(340) Concurrent Mark From Roots
[2020-10-07T09:44:13.350+0000][38832][gc,task      ] GC(340) Using 2 workers of 2 for marking
[2020-10-07T09:44:13.496+0000][38832][gc,marking   ] GC(340) Concurrent Mark From Roots 146.221ms
[2020-10-07T09:44:13.496+0000][38832][gc,marking   ] GC(340) Concurrent Preclean
[2020-10-07T09:44:13.497+0000][38832][gc,marking   ] GC(340) Concurrent Preclean 0.881ms
[2020-10-07T09:44:13.497+0000][38832][gc,marking   ] GC(340) Concurrent Mark (128.556s, 128.703s) 147.282ms
[2020-10-07T09:44:13.497+0000][38832][gc,start     ] GC(340) Pause Remark
[2020-10-07T09:44:13.504+0000][38832][gc           ] GC(340) Pause Remark 429M->429M(1024M) 6.404ms
[2020-10-07T09:44:13.504+0000][38832][gc,cpu       ] GC(340) User=0.00s Sys=0.00s Real=0.01s
[2020-10-07T09:44:13.504+0000][38832][safepoint    ] Safepoint "G1Concurrent", Time since last: 149673500 ns, Reaching safepoint: 179600 ns, At safepoint: 6643600 ns, Total: 6823200 ns
[2020-10-07T09:44:13.504+0000][38832][gc,marking   ] GC(340) Concurrent Rebuild Remembered Sets
[2020-10-07T09:44:13.588+0000][38832][gc,marking   ] GC(340) Concurrent Rebuild Remembered Sets 83.532ms
[2020-10-07T09:44:13.588+0000][38832][gc,start     ] GC(340) Pause Cleanup
[2020-10-07T09:44:13.588+0000][38832][gc           ] GC(340) Pause Cleanup 507M->507M(1024M) 0.332ms
[2020-10-07T09:44:13.588+0000][38832][gc,cpu       ] GC(340) User=0.00s Sys=0.00s Real=0.00s
[2020-10-07T09:44:13.589+0000][38832][safepoint    ] Safepoint "G1Concurrent", Time since last: 83773300 ns, Reaching safepoint: 158400 ns, At safepoint: 558700 ns, Total: 717100 ns
[2020-10-07T09:44:13.589+0000][38832][gc,marking   ] GC(340) Concurrent Cleanup for Next Mark
[2020-10-07T09:44:13.591+0000][38832][gc,marking   ] GC(340) Concurrent Cleanup for Next Mark 2.026ms
[2020-10-07T09:44:13.591+0000][38832][gc           ] GC(340) Concurrent Cycle 243.279ms
[2020-10-07T09:44:13.595+0000][38832][gc,start     ] GC(341) Pause Young (Concurrent Start) (G1 Humongous Allocation)
[2020-10-07T09:44:13.595+0000][38832][gc,task      ] GC(341) Using 8 workers of 8 for evacuation
[2020-10-07T09:44:13.595+0000][38832][gc,age       ] GC(341) Desired survivor size 33554432 bytes, new threshold 15 (max threshold 15)
[2020-10-07T09:44:13.599+0000][38832][gc,age       ] GC(341) Age table with threshold 15 (max threshold 15)
[2020-10-07T09:44:13.599+0000][38832][gc,age       ] GC(341) - age   1:    3405336 bytes,    3405336 total
[2020-10-07T09:44:13.599+0000][38832][gc,age       ] GC(341) - age   2:      22328 bytes,    3427664 total
[2020-10-07T09:44:13.599+0000][38832][gc,age       ] GC(341) - age   3:       1840 bytes,    3429504 total
[2020-10-07T09:44:13.599+0000][38832][gc,age       ] GC(341) - age   4:      16304 bytes,    3445808 total
[2020-10-07T09:44:13.599+0000][38832][gc,age       ] GC(341) - age   5:       2984 bytes,    3448792 total
[2020-10-07T09:44:13.599+0000][38832][gc,age       ] GC(341) - age   6:        752 bytes,    3449544 total
[2020-10-07T09:44:13.599+0000][38832][gc,age       ] GC(341) - age   7:       1768 bytes,    3451312 total
[2020-10-07T09:44:13.599+0000][38832][gc,age       ] GC(341) - age   8:        776 bytes,    3452088 total
[2020-10-07T09:44:13.599+0000][38832][gc,age       ] GC(341) - age   9:       3888 bytes,    3455976 total
[2020-10-07T09:44:13.599+0000][38832][gc,age       ] GC(341) - age  10:        880 bytes,    3456856 total
[2020-10-07T09:44:13.599+0000][38832][gc,age       ] GC(341) - age  11:       8272 bytes,    3465128 total
[2020-10-07T09:44:13.599+0000][38832][gc,age       ] GC(341) - age  12:       1144 bytes,    3466272 total
[2020-10-07T09:44:13.599+0000][38832][gc,age       ] GC(341) - age  13:       6688 bytes,    3472960 total
[2020-10-07T09:44:13.599+0000][38832][gc,age       ] GC(341) - age  14:     131032 bytes,    3603992 total
[2020-10-07T09:44:13.600+0000][38832][gc,age       ] GC(341) - age  15:         96 bytes,    3604088 total
[2020-10-07T09:44:13.600+0000][38832][gc,phases    ] GC(341)   Pre Evacuate Collection Set: 0.5ms
[2020-10-07T09:44:13.600+0000][38832][gc,phases    ] GC(341)   Merge Heap Roots: 0.1ms
[2020-10-07T09:44:13.600+0000][38832][gc,phases    ] GC(341)   Evacuate Collection Set: 2.4ms
[2020-10-07T09:44:13.600+0000][38832][gc,phases    ] GC(341)   Post Evacuate Collection Set: 1.0ms
[2020-10-07T09:44:13.600+0000][38832][gc,phases    ] GC(341)   Other: 1.1ms
[2020-10-07T09:44:13.600+0000][38832][gc,heap      ] GC(341) Eden regions: 73->0(502)
[2020-10-07T09:44:13.600+0000][38832][gc,heap      ] GC(341) Survivor regions: 3->4(64)
[2020-10-07T09:44:13.600+0000][38832][gc,heap      ] GC(341) Old regions: 80->80
[2020-10-07T09:44:13.600+0000][38832][gc,heap      ] GC(341) Archive regions: 0->0
[2020-10-07T09:44:13.600+0000][38832][gc,heap      ] GC(341) Humongous regions: 355->174
[2020-10-07T09:44:13.600+0000][38832][gc,metaspace ] GC(341) Metaspace: 89620K(95744K)->89620K(95744K) NonClass: 78282K(81920K)->78282K(81920K) Class: 11338K(13824K)->11338K(13824K)
[2020-10-07T09:44:13.600+0000][38832][gc           ] GC(341) Pause Young (Concurrent Start) (G1 Humongous Allocation) 510M->257M(1024M) 5.308ms
[2020-10-07T09:44:13.600+0000][38832][gc,cpu       ] GC(341) User=0.02s Sys=0.00s Real=0.00s
[2020-10-07T09:44:13.600+0000][38832][safepoint    ] Safepoint "G1TryInitiateConcMark", Time since last: 5814900 ns, Reaching safepoint: 175700 ns, At safepoint: 5499100 ns, Total: 5674800 ns
[2020-10-07T09:44:13.600+0000][38832][gc           ] GC(342) Concurrent Cycle
[2020-10-07T09:44:13.600+0000][38832][gc,marking   ] GC(342) Concurrent Clear Claimed Marks
[2020-10-07T09:44:13.600+0000][38832][gc,marking   ] GC(342) Concurrent Clear Claimed Marks 0.348ms
[2020-10-07T09:44:13.601+0000][38832][gc,marking   ] GC(342) Concurrent Scan Root Regions
[2020-10-07T09:44:13.604+0000][38832][gc,marking   ] GC(342) Concurrent Scan Root Regions 3.394ms
[2020-10-07T09:44:13.604+0000][38832][gc,marking   ] GC(342) Concurrent Mark (128.810s)
[2020-10-07T09:44:13.604+0000][38832][gc,marking   ] GC(342) Concurrent Mark From Roots
[2020-10-07T09:44:13.604+0000][38832][gc,task      ] GC(342) Using 2 workers of 2 for marking
[2020-10-07T09:44:13.749+0000][38832][gc,marking   ] GC(342) Concurrent Mark From Roots 145.101ms
[2020-10-07T09:44:13.750+0000][38832][gc,marking   ] GC(342) Concurrent Preclean
[2020-10-07T09:44:13.750+0000][38832][gc,marking   ] GC(342) Concurrent Preclean 0.785ms
[2020-10-07T09:44:13.750+0000][38832][gc,marking   ] GC(342) Concurrent Mark (128.810s, 128.956s) 146.076ms
[2020-10-07T09:44:13.751+0000][38832][gc,start     ] GC(342) Pause Remark
[2020-10-07T09:44:13.765+0000][38832][gc           ] GC(342) Pause Remark 334M->334M(1024M) 14.016ms
[2020-10-07T09:44:13.765+0000][38832][gc,cpu       ] GC(342) User=0.09s Sys=0.00s Real=0.01s
[2020-10-07T09:44:13.765+0000][38832][safepoint    ] Safepoint "G1Concurrent", Time since last: 150206400 ns, Reaching safepoint: 163100 ns, At safepoint: 14336000 ns, Total: 14499100 ns
[2020-10-07T09:44:13.765+0000][38832][gc,marking   ] GC(342) Concurrent Rebuild Remembered Sets
[2020-10-07T09:44:13.862+0000][38832][gc,marking   ] GC(342) Concurrent Rebuild Remembered Sets 96.834ms
[2020-10-07T09:44:13.862+0000][38832][gc,start     ] GC(342) Pause Cleanup
[2020-10-07T09:44:13.863+0000][38832][gc           ] GC(342) Pause Cleanup 401M->401M(1024M) 0.275ms
[2020-10-07T09:44:13.863+0000][38832][gc,cpu       ] GC(342) User=0.00s Sys=0.00s Real=0.00s
[2020-10-07T09:44:13.863+0000][38832][safepoint    ] Safepoint "G1Concurrent", Time since last: 97035800 ns, Reaching safepoint: 268500 ns, At safepoint: 430500 ns, Total: 699000 ns
[2020-10-07T09:44:13.863+0000][38832][gc,marking   ] GC(342) Concurrent Cleanup for Next Mark
[2020-10-07T09:44:13.864+0000][38832][gc,marking   ] GC(342) Concurrent Cleanup for Next Mark 1.717ms
[2020-10-07T09:44:13.865+0000][38832][gc           ] GC(342) Concurrent Cycle 264.372ms
[2020-10-07T09:44:13.886+0000][38832][gc,start     ] GC(343) Pause Young (Concurrent Start) (G1 Humongous Allocation)
[2020-10-07T09:44:13.886+0000][38832][gc,task      ] GC(343) Using 8 workers of 8 for evacuation
[2020-10-07T09:44:13.886+0000][38832][gc,age       ] GC(343) Desired survivor size 33554432 bytes, new threshold 15 (max threshold 15)
[2020-10-07T09:44:13.889+0000][38832][gc,age       ] GC(343) Age table with threshold 15 (max threshold 15)
[2020-10-07T09:44:13.889+0000][38832][gc,age       ] GC(343) - age   1:    2897848 bytes,    2897848 total
[2020-10-07T09:44:13.889+0000][38832][gc,age       ] GC(343) - age   2:       4416 bytes,    2902264 total
[2020-10-07T09:44:13.889+0000][38832][gc,age       ] GC(343) - age   3:      19432 bytes,    2921696 total
[2020-10-07T09:44:13.889+0000][38832][gc,age       ] GC(343) - age   4:       1552 bytes,    2923248 total
[2020-10-07T09:44:13.889+0000][38832][gc,age       ] GC(343) - age   5:      16240 bytes,    2939488 total
[2020-10-07T09:44:13.890+0000][38832][gc,age       ] GC(343) - age   6:        768 bytes,    2940256 total
[2020-10-07T09:44:13.890+0000][38832][gc,age       ] GC(343) - age   7:        752 bytes,    2941008 total
[2020-10-07T09:44:13.890+0000][38832][gc,age       ] GC(343) - age   8:       1768 bytes,    2942776 total
[2020-10-07T09:44:13.890+0000][38832][gc,age       ] GC(343) - age   9:        776 bytes,    2943552 total
[2020-10-07T09:44:13.890+0000][38832][gc,age       ] GC(343) - age  10:       3888 bytes,    2947440 total
[2020-10-07T09:44:13.890+0000][38832][gc,age       ] GC(343) - age  11:        880 bytes,    2948320 total
[2020-10-07T09:44:13.890+0000][38832][gc,age       ] GC(343) - age  12:       8208 bytes,    2956528 total
[2020-10-07T09:44:13.890+0000][38832][gc,age       ] GC(343) - age  13:       1144 bytes,    2957672 total
[2020-10-07T09:44:13.890+0000][38832][gc,age       ] GC(343) - age  14:       6688 bytes,    2964360 total
[2020-10-07T09:44:13.890+0000][38832][gc,age       ] GC(343) - age  15:     131032 bytes,    3095392 total
[2020-10-07T09:44:13.890+0000][38832][gc,phases    ] GC(343)   Pre Evacuate Collection Set: 0.4ms
[2020-10-07T09:44:13.890+0000][38832][gc,phases    ] GC(343)   Merge Heap Roots: 0.1ms
[2020-10-07T09:44:13.890+0000][38832][gc,phases    ] GC(343)   Evacuate Collection Set: 2.2ms
[2020-10-07T09:44:13.890+0000][38832][gc,phases    ] GC(343)   Post Evacuate Collection Set: 0.6ms
[2020-10-07T09:44:13.890+0000][38832][gc,phases    ] GC(343)   Other: 1.0ms
[2020-10-07T09:44:13.890+0000][38832][gc,heap      ] GC(343) Eden regions: 44->0(502)
[2020-10-07T09:44:13.890+0000][38832][gc,heap      ] GC(343) Survivor regions: 4->4(64)
[2020-10-07T09:44:13.890+0000][38832][gc,heap      ] GC(343) Old regions: 80->80
[2020-10-07T09:44:13.890+0000][38832][gc,heap      ] GC(343) Archive regions: 0->0
[2020-10-07T09:44:13.890+0000][38832][gc,heap      ] GC(343) Humongous regions: 283->174
[2020-10-07T09:44:13.890+0000][38832][gc,metaspace ] GC(343) Metaspace: 89617K(95744K)->89617K(95744K) NonClass: 78280K(81920K)->78280K(81920K) Class: 11337K(13824K)->11337K(13824K)
[2020-10-07T09:44:13.890+0000][38832][gc           ] GC(343) Pause Young (Concurrent Start) (G1 Humongous Allocation) 410M->256M(1024M) 4.555ms
[2020-10-07T09:44:13.890+0000][38832][gc,cpu       ] GC(343) User=0.00s Sys=0.00s Real=0.00s
[2020-10-07T09:44:13.890+0000][38832][gc           ] GC(344) Concurrent Cycle
[2020-10-07T09:44:13.890+0000][38832][safepoint    ] Safepoint "G1TryInitiateConcMark", Time since last: 22618800 ns, Reaching safepoint: 251300 ns, At safepoint: 4747000 ns, Total: 4998300 ns
[2020-10-07T09:44:13.890+0000][38832][gc,marking   ] GC(344) Concurrent Clear Claimed Marks
[2020-10-07T09:44:13.891+0000][38832][gc,marking   ] GC(344) Concurrent Clear Claimed Marks 0.657ms
[2020-10-07T09:44:13.891+0000][38832][gc,marking   ] GC(344) Concurrent Scan Root Regions
[2020-10-07T09:44:13.893+0000][38832][gc,marking   ] GC(344) Concurrent Scan Root Regions 2.172ms
[2020-10-07T09:44:13.893+0000][38832][gc,marking   ] GC(344) Concurrent Mark (129.099s)
[2020-10-07T09:44:13.893+0000][38832][gc,marking   ] GC(344) Concurrent Mark From Roots
[2020-10-07T09:44:13.894+0000][38832][gc,task      ] GC(344) Using 2 workers of 2 for marking
[2020-10-07T09:44:14.022+0000][38832][gc,marking   ] GC(344) Concurrent Mark From Roots 128.711ms
[2020-10-07T09:44:14.022+0000][38832][gc,marking   ] GC(344) Concurrent Preclean
[2020-10-07T09:44:14.023+0000][38832][gc,marking   ] GC(344) Concurrent Preclean 0.891ms
[2020-10-07T09:44:14.023+0000][38832][gc,marking   ] GC(344) Concurrent Mark (129.099s, 129.229s) 129.814ms
[2020-10-07T09:44:14.023+0000][38832][gc,start     ] GC(344) Pause Remark
[2020-10-07T09:44:14.030+0000][38832][gc           ] GC(344) Pause Remark 364M->364M(1024M) 6.419ms
[2020-10-07T09:44:14.030+0000][38832][gc,cpu       ] GC(344) User=0.00s Sys=0.00s Real=0.01s
[2020-10-07T09:44:14.030+0000][38832][safepoint    ] Safepoint "G1Concurrent", Time since last: 133008900 ns, Reaching safepoint: 237800 ns, At safepoint: 6711400 ns, Total: 6949200 ns
[2020-10-07T09:44:14.030+0000][38832][gc,marking   ] GC(344) Concurrent Rebuild Remembered Sets
[2020-10-07T09:44:14.121+0000][38832][gc,marking   ] GC(344) Concurrent Rebuild Remembered Sets 91.242ms
[2020-10-07T09:44:14.122+0000][38832][gc,start     ] GC(344) Pause Cleanup
[2020-10-07T09:44:14.122+0000][38832][gc           ] GC(344) Pause Cleanup 509M->509M(1024M) 0.354ms
[2020-10-07T09:44:14.122+0000][38832][gc,cpu       ] GC(344) User=0.00s Sys=0.00s Real=0.00s
[2020-10-07T09:44:14.122+0000][38832][safepoint    ] Safepoint "G1Concurrent", Time since last: 91442000 ns, Reaching safepoint: 156100 ns, At safepoint: 533900 ns, Total: 690000 ns
[2020-10-07T09:44:14.122+0000][38832][gc,marking   ] GC(344) Concurrent Cleanup for Next Mark
[2020-10-07T09:44:14.124+0000][38832][gc,marking   ] GC(344) Concurrent Cleanup for Next Mark 1.850ms
[2020-10-07T09:44:14.124+0000][38832][gc           ] GC(344) Concurrent Cycle 234.139ms
[2020-10-07T09:44:14.137+0000][38832][gc,start     ] GC(345) Pause Young (Concurrent Start) (G1 Humongous Allocation)
[2020-10-07T09:44:14.137+0000][38832][gc,task      ] GC(345) Using 8 workers of 8 for evacuation
[2020-10-07T09:44:14.138+0000][38832][gc,age       ] GC(345) Desired survivor size 33554432 bytes, new threshold 15 (max threshold 15)
[2020-10-07T09:44:14.142+0000][38832][gc,age       ] GC(345) Age table with threshold 15 (max threshold 15)
[2020-10-07T09:44:14.142+0000][38832][gc,age       ] GC(345) - age   1:    3492664 bytes,    3492664 total
[2020-10-07T09:44:14.142+0000][38832][gc,age       ] GC(345) - age   2:     210104 bytes,    3702768 total
[2020-10-07T09:44:14.142+0000][38832][gc,age       ] GC(345) - age   3:       3256 bytes,    3706024 total
[2020-10-07T09:44:14.142+0000][38832][gc,age       ] GC(345) - age   4:      18496 bytes,    3724520 total
[2020-10-07T09:44:14.142+0000][38832][gc,age       ] GC(345) - age   5:        624 bytes,    3725144 total
[2020-10-07T09:44:14.142+0000][38832][gc,age       ] GC(345) - age   6:      15920 bytes,    3741064 total
[2020-10-07T09:44:14.142+0000][38832][gc,age       ] GC(345) - age   7:        768 bytes,    3741832 total
[2020-10-07T09:44:14.143+0000][38832][gc,age       ] GC(345) - age   8:        624 bytes,    3742456 total
[2020-10-07T09:44:14.143+0000][38832][gc,age       ] GC(345) - age   9:       1704 bytes,    3744160 total
[2020-10-07T09:44:14.143+0000][38832][gc,age       ] GC(345) - age  10:        776 bytes,    3744936 total
[2020-10-07T09:44:14.143+0000][38832][gc,age       ] GC(345) - age  11:       3888 bytes,    3748824 total
[2020-10-07T09:44:14.143+0000][38832][gc,age       ] GC(345) - age  12:        880 bytes,    3749704 total
[2020-10-07T09:44:14.143+0000][38832][gc,age       ] GC(345) - age  13:       8208 bytes,    3757912 total
[2020-10-07T09:44:14.143+0000][38832][gc,age       ] GC(345) - age  14:       1144 bytes,    3759056 total
[2020-10-07T09:44:14.143+0000][38832][gc,age       ] GC(345) - age  15:       4184 bytes,    3763240 total
[2020-10-07T09:44:14.143+0000][38832][gc,phases    ] GC(345)   Pre Evacuate Collection Set: 0.4ms
[2020-10-07T09:44:14.143+0000][38832][gc,phases    ] GC(345)   Merge Heap Roots: 0.1ms
[2020-10-07T09:44:14.143+0000][38832][gc,phases    ] GC(345)   Evacuate Collection Set: 3.0ms
[2020-10-07T09:44:14.143+0000][38832][gc,phases    ] GC(345)   Post Evacuate Collection Set: 0.9ms
[2020-10-07T09:44:14.143+0000][38832][gc,phases    ] GC(345)   Other: 1.3ms
[2020-10-07T09:44:14.143+0000][38832][gc,heap      ] GC(345) Eden regions: 71->0(502)
[2020-10-07T09:44:14.143+0000][38832][gc,heap      ] GC(345) Survivor regions: 4->4(64)
[2020-10-07T09:44:14.143+0000][38832][gc,heap      ] GC(345) Old regions: 80->80
[2020-10-07T09:44:14.143+0000][38832][gc,heap      ] GC(345) Archive regions: 0->0
[2020-10-07T09:44:14.144+0000][38832][gc,heap      ] GC(345) Humongous regions: 360->174
[2020-10-07T09:44:14.144+0000][38832][gc,metaspace ] GC(345) Metaspace: 89633K(95744K)->89633K(95744K) NonClass: 78295K(81920K)->78295K(81920K) Class: 11338K(13824K)->11338K(13824K)
[2020-10-07T09:44:14.144+0000][38832][gc           ] GC(345) Pause Young (Concurrent Start) (G1 Humongous Allocation) 513M->257M(1024M) 6.299ms
[2020-10-07T09:44:14.144+0000][38832][gc,cpu       ] GC(345) User=0.00s Sys=0.00s Real=0.01s
[2020-10-07T09:44:14.144+0000][38832][gc           ] GC(346) Concurrent Cycle
[2020-10-07T09:44:14.144+0000][38832][safepoint    ] Safepoint "G1TryInitiateConcMark", Time since last: 14768600 ns, Reaching safepoint: 178600 ns, At safepoint: 6569600 ns, Total: 6748200 ns
[2020-10-07T09:44:14.144+0000][38832][gc,marking   ] GC(346) Concurrent Clear Claimed Marks
[2020-10-07T09:44:14.145+0000][38832][gc,marking   ] GC(346) Concurrent Clear Claimed Marks 0.814ms
[2020-10-07T09:44:14.145+0000][38832][gc,marking   ] GC(346) Concurrent Scan Root Regions
[2020-10-07T09:44:14.148+0000][38832][gc,marking   ] GC(346) Concurrent Scan Root Regions 3.211ms
[2020-10-07T09:44:14.148+0000][38832][gc,marking   ] GC(346) Concurrent Mark (129.354s)
[2020-10-07T09:44:14.148+0000][38832][gc,marking   ] GC(346) Concurrent Mark From Roots
[2020-10-07T09:44:14.148+0000][38832][gc,task      ] GC(346) Using 2 workers of 2 for marking
[2020-10-07T09:44:14.310+0000][38832][gc,marking   ] GC(346) Concurrent Mark From Roots 161.130ms
[2020-10-07T09:44:14.310+0000][38832][gc,marking   ] GC(346) Concurrent Preclean
[2020-10-07T09:44:14.311+0000][38832][gc,marking   ] GC(346) Concurrent Preclean 0.900ms
[2020-10-07T09:44:14.311+0000][38832][gc,marking   ] GC(346) Concurrent Mark (129.354s, 129.516s) 162.256ms
[2020-10-07T09:44:14.311+0000][38832][gc,start     ] GC(346) Pause Remark
[2020-10-07T09:44:14.319+0000][38832][gc           ] GC(346) Pause Remark 485M->485M(1024M) 7.638ms
[2020-10-07T09:44:14.319+0000][38832][gc,cpu       ] GC(346) User=0.00s Sys=0.00s Real=0.01s
[2020-10-07T09:44:14.319+0000][38832][safepoint    ] Safepoint "G1Concurrent", Time since last: 166733200 ns, Reaching safepoint: 218700 ns, At safepoint: 7857700 ns, Total: 8076400 ns
[2020-10-07T09:44:14.319+0000][38832][gc,marking   ] GC(346) Concurrent Rebuild Remembered Sets
[2020-10-07T09:44:14.417+0000][38832][gc,marking   ] GC(346) Concurrent Rebuild Remembered Sets 98.213ms
[2020-10-07T09:44:14.418+0000][38832][gc,start     ] GC(346) Pause Cleanup
[2020-10-07T09:44:14.418+0000][38832][gc           ] GC(346) Pause Cleanup 489M->489M(1024M) 0.340ms
[2020-10-07T09:44:14.418+0000][38832][gc,cpu       ] GC(346) User=0.00s Sys=0.00s Real=0.00s
[2020-10-07T09:44:14.418+0000][38832][safepoint    ] Safepoint "G1Concurrent", Time since last: 98422700 ns, Reaching safepoint: 131800 ns, At safepoint: 575700 ns, Total: 707500 ns
[2020-10-07T09:44:14.418+0000][38832][gc,marking   ] GC(346) Concurrent Cleanup for Next Mark
[2020-10-07T09:44:14.420+0000][38832][gc,marking   ] GC(346) Concurrent Cleanup for Next Mark 1.768ms
[2020-10-07T09:44:14.420+0000][38832][gc           ] GC(346) Concurrent Cycle 275.991ms
[2020-10-07T09:44:14.479+0000][38832][gc,start     ] GC(347) Pause Young (Concurrent Start) (G1 Humongous Allocation)
[2020-10-07T09:44:14.479+0000][38832][gc,task      ] GC(347) Using 8 workers of 8 for evacuation
[2020-10-07T09:44:14.479+0000][38832][gc,age       ] GC(347) Desired survivor size 33554432 bytes, new threshold 15 (max threshold 15)
[2020-10-07T09:44:14.483+0000][38832][gc,age       ] GC(347) Age table with threshold 15 (max threshold 15)
[2020-10-07T09:44:14.483+0000][38832][gc,age       ] GC(347) - age   1:    2700328 bytes,    2700328 total
[2020-10-07T09:44:14.483+0000][38832][gc,age       ] GC(347) - age   2:     103856 bytes,    2804184 total
[2020-10-07T09:44:14.483+0000][38832][gc,age       ] GC(347) - age   3:       7240 bytes,    2811424 total
[2020-10-07T09:44:14.483+0000][38832][gc,age       ] GC(347) - age   4:       2776 bytes,    2814200 total
[2020-10-07T09:44:14.483+0000][38832][gc,age       ] GC(347) - age   5:      18272 bytes,    2832472 total
[2020-10-07T09:44:14.483+0000][38832][gc,age       ] GC(347) - age   6:        624 bytes,    2833096 total
[2020-10-07T09:44:14.483+0000][38832][gc,age       ] GC(347) - age   7:      15856 bytes,    2848952 total
[2020-10-07T09:44:14.483+0000][38832][gc,age       ] GC(347) - age   8:        768 bytes,    2849720 total
[2020-10-07T09:44:14.483+0000][38832][gc,age       ] GC(347) - age   9:        560 bytes,    2850280 total
[2020-10-07T09:44:14.483+0000][38832][gc,age       ] GC(347) - age  10:       1704 bytes,    2851984 total
[2020-10-07T09:44:14.483+0000][38832][gc,age       ] GC(347) - age  11:        776 bytes,    2852760 total
[2020-10-07T09:44:14.483+0000][38832][gc,age       ] GC(347) - age  12:       3824 bytes,    2856584 total
[2020-10-07T09:44:14.483+0000][38832][gc,age       ] GC(347) - age  13:        880 bytes,    2857464 total
[2020-10-07T09:44:14.483+0000][38832][gc,age       ] GC(347) - age  14:       8208 bytes,    2865672 total
[2020-10-07T09:44:14.483+0000][38832][gc,age       ] GC(347) - age  15:       1016 bytes,    2866688 total
[2020-10-07T09:44:14.484+0000][38832][gc,phases    ] GC(347)   Pre Evacuate Collection Set: 0.5ms
[2020-10-07T09:44:14.484+0000][38832][gc,phases    ] GC(347)   Merge Heap Roots: 0.1ms
[2020-10-07T09:44:14.484+0000][38832][gc,phases    ] GC(347)   Evacuate Collection Set: 2.2ms
[2020-10-07T09:44:14.484+0000][38832][gc,phases    ] GC(347)   Post Evacuate Collection Set: 0.8ms
[2020-10-07T09:44:14.484+0000][38832][gc,phases    ] GC(347)   Other: 1.1ms
[2020-10-07T09:44:14.484+0000][38832][gc,heap      ] GC(347) Eden regions: 57->0(503)
[2020-10-07T09:44:14.484+0000][38832][gc,heap      ] GC(347) Survivor regions: 4->3(64)
[2020-10-07T09:44:14.484+0000][38832][gc,heap      ] GC(347) Old regions: 80->80
[2020-10-07T09:44:14.484+0000][38832][gc,heap      ] GC(347) Archive regions: 0->0
[2020-10-07T09:44:14.484+0000][38832][gc,heap      ] GC(347) Humongous regions: 354->174
[2020-10-07T09:44:14.484+0000][38832][gc,metaspace ] GC(347) Metaspace: 89653K(95744K)->89653K(95744K) NonClass: 78312K(81920K)->78312K(81920K) Class: 11341K(13824K)->11341K(13824K)
[2020-10-07T09:44:14.484+0000][38832][gc           ] GC(347) Pause Young (Concurrent Start) (G1 Humongous Allocation) 494M->256M(1024M) 5.116ms
[2020-10-07T09:44:14.484+0000][38832][gc,cpu       ] GC(347) User=0.00s Sys=0.00s Real=0.00s
[2020-10-07T09:44:14.484+0000][38832][safepoint    ] Safepoint "G1TryInitiateConcMark", Time since last: 60404500 ns, Reaching safepoint: 176200 ns, At safepoint: 5298000 ns, Total: 5474200 ns
[2020-10-07T09:44:14.484+0000][38832][gc           ] GC(348) Concurrent Cycle
[2020-10-07T09:44:14.484+0000][38832][gc,marking   ] GC(348) Concurrent Clear Claimed Marks
[2020-10-07T09:44:14.485+0000][38832][gc,marking   ] GC(348) Concurrent Clear Claimed Marks 0.657ms
[2020-10-07T09:44:14.485+0000][38832][gc,marking   ] GC(348) Concurrent Scan Root Regions
[2020-10-07T09:44:14.487+0000][38832][gc,marking   ] GC(348) Concurrent Scan Root Regions 2.464ms
[2020-10-07T09:44:14.488+0000][38832][gc,marking   ] GC(348) Concurrent Mark (129.693s)
[2020-10-07T09:44:14.488+0000][38832][gc,marking   ] GC(348) Concurrent Mark From Roots
[2020-10-07T09:44:14.488+0000][38832][gc,task      ] GC(348) Using 2 workers of 2 for marking
[2020-10-07T09:44:14.650+0000][38832][gc,marking   ] GC(348) Concurrent Mark From Roots 162.379ms
[2020-10-07T09:44:14.650+0000][38832][gc,marking   ] GC(348) Concurrent Preclean
[2020-10-07T09:44:14.651+0000][38832][gc,marking   ] GC(348) Concurrent Preclean 1.043ms
[2020-10-07T09:44:14.651+0000][38832][gc,marking   ] GC(348) Concurrent Mark (129.693s, 129.857s) 163.659ms
[2020-10-07T09:44:14.652+0000][38832][gc,start     ] GC(348) Pause Remark
[2020-10-07T09:44:14.666+0000][38832][gc           ] GC(348) Pause Remark 428M->428M(1024M) 14.431ms
[2020-10-07T09:44:14.666+0000][38832][gc,cpu       ] GC(348) User=0.11s Sys=0.00s Real=0.01s
[2020-10-07T09:44:14.668+0000][38832][safepoint    ] Safepoint "G1Concurrent", Time since last: 167327300 ns, Reaching safepoint: 172200 ns, At safepoint: 16523000 ns, Total: 16695200 ns
[2020-10-07T09:44:14.668+0000][38832][gc,marking   ] GC(348) Concurrent Rebuild Remembered Sets
[2020-10-07T09:44:14.729+0000][38832][safepoint    ] Safepoint "ICBufferFull", Time since last: 60082900 ns, Reaching safepoint: 980600 ns, At safepoint: 30700 ns, Total: 1011300 ns
[2020-10-07T09:44:14.765+0000][38832][gc,marking   ] GC(348) Concurrent Rebuild Remembered Sets 96.364ms
[2020-10-07T09:44:14.765+0000][38832][gc,start     ] GC(348) Pause Cleanup
[2020-10-07T09:44:14.765+0000][38832][gc           ] GC(348) Pause Cleanup 505M->505M(1024M) 0.311ms
[2020-10-07T09:44:14.765+0000][38832][gc,cpu       ] GC(348) User=0.00s Sys=0.00s Real=0.00s
[2020-10-07T09:44:14.765+0000][38832][safepoint    ] Safepoint "G1Concurrent", Time since last: 35511300 ns, Reaching safepoint: 181900 ns, At safepoint: 512100 ns, Total: 694000 ns
[2020-10-07T09:44:14.765+0000][38832][gc,marking   ] GC(348) Concurrent Cleanup for Next Mark
[2020-10-07T09:44:14.767+0000][38832][gc,marking   ] GC(348) Concurrent Cleanup for Next Mark 1.631ms
[2020-10-07T09:44:14.767+0000][38832][gc           ] GC(348) Concurrent Cycle 283.108ms
[2020-10-07T09:44:14.777+0000][38832][gc,start     ] GC(349) Pause Young (Concurrent Start) (G1 Humongous Allocation)
[2020-10-07T09:44:14.777+0000][38832][gc,task      ] GC(349) Using 8 workers of 8 for evacuation
[2020-10-07T09:44:14.777+0000][38832][gc,age       ] GC(349) Desired survivor size 33554432 bytes, new threshold 15 (max threshold 15)
[2020-10-07T09:44:14.781+0000][38832][gc,age       ] GC(349) Age table with threshold 15 (max threshold 15)
[2020-10-07T09:44:14.781+0000][38832][gc,age       ] GC(349) - age   1:    3406336 bytes,    3406336 total
[2020-10-07T09:44:14.781+0000][38832][gc,age       ] GC(349) - age   2:      14240 bytes,    3420576 total
[2020-10-07T09:44:14.781+0000][38832][gc,age       ] GC(349) - age   3:     102408 bytes,    3522984 total
[2020-10-07T09:44:14.781+0000][38832][gc,age       ] GC(349) - age   4:       6424 bytes,    3529408 total
[2020-10-07T09:44:14.781+0000][38832][gc,age       ] GC(349) - age   5:       1864 bytes,    3531272 total
[2020-10-07T09:44:14.781+0000][38832][gc,age       ] GC(349) - age   6:      15656 bytes,    3546928 total
[2020-10-07T09:44:14.781+0000][38832][gc,age       ] GC(349) - age   7:        552 bytes,    3547480 total
[2020-10-07T09:44:14.782+0000][38832][gc,age       ] GC(349) - age   8:      15856 bytes,    3563336 total
[2020-10-07T09:44:14.782+0000][38832][gc,age       ] GC(349) - age   9:        768 bytes,    3564104 total
[2020-10-07T09:44:14.782+0000][38832][gc,age       ] GC(349) - age  10:        560 bytes,    3564664 total
[2020-10-07T09:44:14.782+0000][38832][gc,age       ] GC(349) - age  11:       1704 bytes,    3566368 total
[2020-10-07T09:44:14.782+0000][38832][gc,age       ] GC(349) - age  12:        776 bytes,    3567144 total
[2020-10-07T09:44:14.782+0000][38832][gc,age       ] GC(349) - age  13:       3824 bytes,    3570968 total
[2020-10-07T09:44:14.782+0000][38832][gc,age       ] GC(349) - age  14:        880 bytes,    3571848 total
[2020-10-07T09:44:14.782+0000][38832][gc,age       ] GC(349) - age  15:       8112 bytes,    3579960 total
[2020-10-07T09:44:14.782+0000][38832][gc,phases    ] GC(349)   Pre Evacuate Collection Set: 0.5ms
[2020-10-07T09:44:14.782+0000][38832][gc,phases    ] GC(349)   Merge Heap Roots: 0.1ms
[2020-10-07T09:44:14.782+0000][38832][gc,phases    ] GC(349)   Evacuate Collection Set: 2.3ms
[2020-10-07T09:44:14.782+0000][38832][gc,phases    ] GC(349)   Post Evacuate Collection Set: 1.0ms
[2020-10-07T09:44:14.782+0000][38832][gc,phases    ] GC(349)   Other: 1.1ms
[2020-10-07T09:44:14.782+0000][38832][gc,heap      ] GC(349) Eden regions: 72->0(502)
[2020-10-07T09:44:14.782+0000][38832][gc,heap      ] GC(349) Survivor regions: 3->4(64)
[2020-10-07T09:44:14.782+0000][38832][gc,heap      ] GC(349) Old regions: 80->80
[2020-10-07T09:44:14.782+0000][38832][gc,heap      ] GC(349) Archive regions: 0->0
[2020-10-07T09:44:14.782+0000][38832][gc,heap      ] GC(349) Humongous regions: 355->174
[2020-10-07T09:44:14.782+0000][38832][gc,metaspace ] GC(349) Metaspace: 89651K(95744K)->89651K(95744K) NonClass: 78310K(81920K)->78310K(81920K) Class: 11340K(13824K)->11340K(13824K)
[2020-10-07T09:44:14.782+0000][38832][gc           ] GC(349) Pause Young (Concurrent Start) (G1 Humongous Allocation) 509M->257M(1024M) 5.317ms
[2020-10-07T09:44:14.782+0000][38832][gc,cpu       ] GC(349) User=0.00s Sys=0.00s Real=0.01s
[2020-10-07T09:44:14.782+0000][38832][safepoint    ] Safepoint "G1TryInitiateConcMark", Time since last: 11240300 ns, Reaching safepoint: 178700 ns, At safepoint: 5514700 ns, Total: 5693400 ns
[2020-10-07T09:44:14.782+0000][38832][gc           ] GC(350) Concurrent Cycle
[2020-10-07T09:44:14.782+0000][38832][gc,marking   ] GC(350) Concurrent Clear Claimed Marks
[2020-10-07T09:44:14.783+0000][38832][gc,marking   ] GC(350) Concurrent Clear Claimed Marks 0.379ms
[2020-10-07T09:44:14.783+0000][38832][gc,marking   ] GC(350) Concurrent Scan Root Regions
[2020-10-07T09:44:14.785+0000][38832][gc,marking   ] GC(350) Concurrent Scan Root Regions 2.068ms
[2020-10-07T09:44:14.785+0000][38832][gc,marking   ] GC(350) Concurrent Mark (129.990s)
[2020-10-07T09:44:14.785+0000][38832][gc,marking   ] GC(350) Concurrent Mark From Roots
[2020-10-07T09:44:14.785+0000][38832][gc,task      ] GC(350) Using 2 workers of 2 for marking
[2020-10-07T09:44:14.909+0000][38832][gc,marking   ] GC(350) Concurrent Mark From Roots 124.328ms
[2020-10-07T09:44:14.909+0000][38832][gc,marking   ] GC(350) Concurrent Preclean
[2020-10-07T09:44:14.909+0000][38832][gc,marking   ] GC(350) Concurrent Preclean 0.707ms
[2020-10-07T09:44:14.910+0000][38832][gc,marking   ] GC(350) Concurrent Mark (129.990s, 130.116s) 125.249ms
[2020-10-07T09:44:14.910+0000][38832][gc,start     ] GC(350) Pause Remark
[2020-10-07T09:44:14.917+0000][38832][gc           ] GC(350) Pause Remark 332M->332M(1024M) 6.674ms
[2020-10-07T09:44:14.917+0000][38832][gc,cpu       ] GC(350) User=0.11s Sys=0.00s Real=0.01s
[2020-10-07T09:44:14.917+0000][38832][safepoint    ] Safepoint "G1Concurrent", Time since last: 128015900 ns, Reaching safepoint: 244400 ns, At safepoint: 6921800 ns, Total: 7166200 ns
[2020-10-07T09:44:14.917+0000][38832][gc,marking   ] GC(350) Concurrent Rebuild Remembered Sets
[2020-10-07T09:44:14.994+0000][38832][gc,marking   ] GC(350) Concurrent Rebuild Remembered Sets 76.832ms
[2020-10-07T09:44:14.994+0000][38832][gc,start     ] GC(350) Pause Cleanup
[2020-10-07T09:44:14.994+0000][38832][gc           ] GC(350) Pause Cleanup 403M->403M(1024M) 0.325ms
[2020-10-07T09:44:14.994+0000][38832][gc,cpu       ] GC(350) User=0.00s Sys=0.00s Real=0.00s
[2020-10-07T09:44:14.995+0000][38832][safepoint    ] Safepoint "G1Concurrent", Time since last: 77042500 ns, Reaching safepoint: 220100 ns, At safepoint: 525800 ns, Total: 745900 ns
[2020-10-07T09:44:14.995+0000][38832][gc,marking   ] GC(350) Concurrent Cleanup for Next Mark
[2020-10-07T09:44:14.996+0000][38832][gc,marking   ] GC(350) Concurrent Cleanup for Next Mark 1.840ms
[2020-10-07T09:44:14.997+0000][38832][gc           ] GC(350) Concurrent Cycle 215.028ms
[2020-10-07T09:44:15.005+0000][38832][gc,start     ] GC(351) Pause Young (Concurrent Start) (G1 Humongous Allocation)
[2020-10-07T09:44:15.005+0000][38832][gc,task      ] GC(351) Using 8 workers of 8 for evacuation
[2020-10-07T09:44:15.005+0000][38832][gc,age       ] GC(351) Desired survivor size 33554432 bytes, new threshold 15 (max threshold 15)
[2020-10-07T09:44:15.010+0000][38832][gc,age       ] GC(351) Age table with threshold 15 (max threshold 15)
[2020-10-07T09:44:15.010+0000][38832][gc,age       ] GC(351) - age   1:    2925200 bytes,    2925200 total
[2020-10-07T09:44:15.010+0000][38832][gc,age       ] GC(351) - age   2:       4568 bytes,    2929768 total
[2020-10-07T09:44:15.010+0000][38832][gc,age       ] GC(351) - age   3:       9992 bytes,    2939760 total
[2020-10-07T09:44:15.010+0000][38832][gc,age       ] GC(351) - age   4:     101160 bytes,    3040920 total
[2020-10-07T09:44:15.010+0000][38832][gc,age       ] GC(351) - age   5:       5720 bytes,    3046640 total
[2020-10-07T09:44:15.010+0000][38832][gc,age       ] GC(351) - age   6:       1864 bytes,    3048504 total
[2020-10-07T09:44:15.010+0000][38832][gc,age       ] GC(351) - age   7:       6728 bytes,    3055232 total
[2020-10-07T09:44:15.010+0000][38832][gc,age       ] GC(351) - age   8:        552 bytes,    3055784 total
[2020-10-07T09:44:15.010+0000][38832][gc,age       ] GC(351) - age   9:      15792 bytes,    3071576 total
[2020-10-07T09:44:15.010+0000][38832][gc,age       ] GC(351) - age  10:        768 bytes,    3072344 total
[2020-10-07T09:44:15.010+0000][38832][gc,age       ] GC(351) - age  11:        560 bytes,    3072904 total
[2020-10-07T09:44:15.010+0000][38832][gc,age       ] GC(351) - age  12:       1704 bytes,    3074608 total
[2020-10-07T09:44:15.010+0000][38832][gc,age       ] GC(351) - age  13:        712 bytes,    3075320 total
[2020-10-07T09:44:15.011+0000][38832][gc,age       ] GC(351) - age  14:       3728 bytes,    3079048 total
[2020-10-07T09:44:15.011+0000][38832][gc,age       ] GC(351) - age  15:        816 bytes,    3079864 total
[2020-10-07T09:44:15.011+0000][38832][gc,phases    ] GC(351)   Pre Evacuate Collection Set: 0.4ms
[2020-10-07T09:44:15.011+0000][38832][gc,phases    ] GC(351)   Merge Heap Roots: 0.1ms
[2020-10-07T09:44:15.011+0000][38832][gc,phases    ] GC(351)   Evacuate Collection Set: 2.4ms
[2020-10-07T09:44:15.011+0000][38832][gc,phases    ] GC(351)   Post Evacuate Collection Set: 0.9ms
[2020-10-07T09:44:15.011+0000][38832][gc,phases    ] GC(351)   Other: 1.3ms
[2020-10-07T09:44:15.011+0000][38832][gc,heap      ] GC(351) Eden regions: 42->0(501)
[2020-10-07T09:44:15.011+0000][38832][gc,heap      ] GC(351) Survivor regions: 4->4(64)
[2020-10-07T09:44:15.011+0000][38832][gc,heap      ] GC(351) Old regions: 80->80
[2020-10-07T09:44:15.011+0000][38832][gc,heap      ] GC(351) Archive regions: 0->0
[2020-10-07T09:44:15.011+0000][38832][gc,heap      ] GC(351) Humongous regions: 283->174
[2020-10-07T09:44:15.011+0000][38832][gc,metaspace ] GC(351) Metaspace: 89654K(95744K)->89654K(95744K) NonClass: 78314K(81920K)->78314K(81920K) Class: 11340K(13824K)->11340K(13824K)
[2020-10-07T09:44:15.011+0000][38832][gc           ] GC(351) Pause Young (Concurrent Start) (G1 Humongous Allocation) 407M->256M(1024M) 5.578ms
[2020-10-07T09:44:15.011+0000][38832][gc,cpu       ] GC(351) User=0.02s Sys=0.00s Real=0.01s
[2020-10-07T09:44:15.011+0000][38832][gc           ] GC(352) Concurrent Cycle
[2020-10-07T09:44:15.011+0000][38832][safepoint    ] Safepoint "G1TryInitiateConcMark", Time since last: 10100900 ns, Reaching safepoint: 154200 ns, At safepoint: 5842400 ns, Total: 5996600 ns
[2020-10-07T09:44:15.011+0000][38832][gc,marking   ] GC(352) Concurrent Clear Claimed Marks
[2020-10-07T09:44:15.012+0000][38832][gc,marking   ] GC(352) Concurrent Clear Claimed Marks 0.642ms
[2020-10-07T09:44:15.012+0000][38832][gc,marking   ] GC(352) Concurrent Scan Root Regions
[2020-10-07T09:44:15.015+0000][38832][gc,marking   ] GC(352) Concurrent Scan Root Regions 2.448ms
[2020-10-07T09:44:15.015+0000][38832][gc,marking   ] GC(352) Concurrent Mark (130.220s)
[2020-10-07T09:44:15.015+0000][38832][gc,marking   ] GC(352) Concurrent Mark From Roots
[2020-10-07T09:44:15.015+0000][38832][gc,task      ] GC(352) Using 2 workers of 2 for marking
[2020-10-07T09:44:15.175+0000][38832][gc,marking   ] GC(352) Concurrent Mark From Roots 159.858ms
[2020-10-07T09:44:15.175+0000][38832][gc,marking   ] GC(352) Concurrent Preclean
[2020-10-07T09:44:15.176+0000][38832][gc,marking   ] GC(352) Concurrent Preclean 1.523ms
[2020-10-07T09:44:15.177+0000][38832][gc,marking   ] GC(352) Concurrent Mark (130.220s, 130.382s) 161.799ms
[2020-10-07T09:44:15.177+0000][38832][gc,start     ] GC(352) Pause Remark
[2020-10-07T09:44:15.184+0000][38832][gc           ] GC(352) Pause Remark 418M->418M(1024M) 7.142ms
[2020-10-07T09:44:15.184+0000][38832][gc,cpu       ] GC(352) User=0.11s Sys=0.00s Real=0.01s
[2020-10-07T09:44:15.184+0000][38832][safepoint    ] Safepoint "G1Concurrent", Time since last: 165269600 ns, Reaching safepoint: 253800 ns, At safepoint: 7420400 ns, Total: 7674200 ns
[2020-10-07T09:44:15.184+0000][38832][gc,marking   ] GC(352) Concurrent Rebuild Remembered Sets
[2020-10-07T09:44:15.279+0000][38832][gc,marking   ] GC(352) Concurrent Rebuild Remembered Sets 94.364ms
[2020-10-07T09:44:15.279+0000][38832][gc,start     ] GC(352) Pause Cleanup
[2020-10-07T09:44:15.280+0000][38832][gc           ] GC(352) Pause Cleanup 506M->506M(1024M) 0.397ms
[2020-10-07T09:44:15.280+0000][38832][gc,cpu       ] GC(352) User=0.00s Sys=0.00s Real=0.00s
[2020-10-07T09:44:15.280+0000][38832][safepoint    ] Safepoint "G1Concurrent", Time since last: 94568300 ns, Reaching safepoint: 186200 ns, At safepoint: 646500 ns, Total: 832700 ns
[2020-10-07T09:44:15.280+0000][38832][gc,marking   ] GC(352) Concurrent Cleanup for Next Mark
[2020-10-07T09:44:15.282+0000][38832][gc,marking   ] GC(352) Concurrent Cleanup for Next Mark 1.901ms
[2020-10-07T09:44:15.282+0000][38832][gc           ] GC(352) Concurrent Cycle 270.510ms
[2020-10-07T09:44:15.314+0000][38832][gc,start     ] GC(353) Pause Young (Concurrent Start) (G1 Humongous Allocation)
[2020-10-07T09:44:15.315+0000][38832][gc,task      ] GC(353) Using 8 workers of 8 for evacuation
[2020-10-07T09:44:15.315+0000][38832][gc,age       ] GC(353) Desired survivor size 33554432 bytes, new threshold 15 (max threshold 15)
[2020-10-07T09:44:15.319+0000][38832][gc,age       ] GC(353) Age table with threshold 15 (max threshold 15)
[2020-10-07T09:44:15.319+0000][38832][gc,age       ] GC(353) - age   1:    3355136 bytes,    3355136 total
[2020-10-07T09:44:15.319+0000][38832][gc,age       ] GC(353) - age   2:     229752 bytes,    3584888 total
[2020-10-07T09:44:15.319+0000][38832][gc,age       ] GC(353) - age   3:       3656 bytes,    3588544 total
[2020-10-07T09:44:15.319+0000][38832][gc,age       ] GC(353) - age   4:       9520 bytes,    3598064 total
[2020-10-07T09:44:15.319+0000][38832][gc,age       ] GC(353) - age   5:     101000 bytes,    3699064 total
[2020-10-07T09:44:15.319+0000][38832][gc,age       ] GC(353) - age   6:       3400 bytes,    3702464 total
[2020-10-07T09:44:15.319+0000][38832][gc,age       ] GC(353) - age   7:       1448 bytes,    3703912 total
[2020-10-07T09:44:15.319+0000][38832][gc,age       ] GC(353) - age   8:       6568 bytes,    3710480 total
[2020-10-07T09:44:15.319+0000][38832][gc,age       ] GC(353) - age   9:        552 bytes,    3711032 total
[2020-10-07T09:44:15.319+0000][38832][gc,age       ] GC(353) - age  10:      15728 bytes,    3726760 total
[2020-10-07T09:44:15.319+0000][38832][gc,age       ] GC(353) - age  11:        704 bytes,    3727464 total
[2020-10-07T09:44:15.319+0000][38832][gc,age       ] GC(353) - age  12:        560 bytes,    3728024 total
[2020-10-07T09:44:15.319+0000][38832][gc,age       ] GC(353) - age  13:       1704 bytes,    3729728 total
[2020-10-07T09:44:15.319+0000][38832][gc,age       ] GC(353) - age  14:        648 bytes,    3730376 total
[2020-10-07T09:44:15.319+0000][38832][gc,age       ] GC(353) - age  15:       3728 bytes,    3734104 total
[2020-10-07T09:44:15.319+0000][38832][gc,phases    ] GC(353)   Pre Evacuate Collection Set: 0.4ms
[2020-10-07T09:44:15.319+0000][38832][gc,phases    ] GC(353)   Merge Heap Roots: 0.1ms
[2020-10-07T09:44:15.319+0000][38832][gc,phases    ] GC(353)   Evacuate Collection Set: 2.4ms
[2020-10-07T09:44:15.319+0000][38832][gc,phases    ] GC(353)   Post Evacuate Collection Set: 0.9ms
[2020-10-07T09:44:15.319+0000][38832][gc,phases    ] GC(353)   Other: 1.0ms
[2020-10-07T09:44:15.320+0000][38832][gc,heap      ] GC(353) Eden regions: 74->0(500)
[2020-10-07T09:44:15.320+0000][38832][gc,heap      ] GC(353) Survivor regions: 4->4(64)
[2020-10-07T09:44:15.320+0000][38832][gc,heap      ] GC(353) Old regions: 80->80
[2020-10-07T09:44:15.320+0000][38832][gc,heap      ] GC(353) Archive regions: 0->0
[2020-10-07T09:44:15.320+0000][38832][gc,heap      ] GC(353) Humongous regions: 360->174
[2020-10-07T09:44:15.320+0000][38832][gc,metaspace ] GC(353) Metaspace: 89660K(95744K)->89660K(95744K) NonClass: 78319K(81920K)->78319K(81920K) Class: 11341K(13824K)->11341K(13824K)
[2020-10-07T09:44:15.320+0000][38832][gc           ] GC(353) Pause Young (Concurrent Start) (G1 Humongous Allocation) 516M->257M(1024M) 5.308ms
[2020-10-07T09:44:15.320+0000][38832][gc,cpu       ] GC(353) User=0.02s Sys=0.00s Real=0.01s
[2020-10-07T09:44:15.320+0000][38832][gc           ] GC(354) Concurrent Cycle
[2020-10-07T09:44:15.320+0000][38832][safepoint    ] Safepoint "G1TryInitiateConcMark", Time since last: 34471400 ns, Reaching safepoint: 149800 ns, At safepoint: 5527400 ns, Total: 5677200 ns
[2020-10-07T09:44:15.320+0000][38832][gc,marking   ] GC(354) Concurrent Clear Claimed Marks
[2020-10-07T09:44:15.321+0000][38832][gc,marking   ] GC(354) Concurrent Clear Claimed Marks 0.538ms
[2020-10-07T09:44:15.321+0000][38832][gc,marking   ] GC(354) Concurrent Scan Root Regions
[2020-10-07T09:44:15.324+0000][38832][gc,marking   ] GC(354) Concurrent Scan Root Regions 3.572ms
[2020-10-07T09:44:15.324+0000][38832][gc,marking   ] GC(354) Concurrent Mark (130.530s)
[2020-10-07T09:44:15.324+0000][38832][gc,marking   ] GC(354) Concurrent Mark From Roots
[2020-10-07T09:44:15.324+0000][38832][gc,task      ] GC(354) Using 2 workers of 2 for marking
[2020-10-07T09:44:15.498+0000][38832][gc,marking   ] GC(354) Concurrent Mark From Roots 173.992ms
[2020-10-07T09:44:15.499+0000][38832][gc,marking   ] GC(354) Concurrent Preclean
[2020-10-07T09:44:15.499+0000][38832][gc,marking   ] GC(354) Concurrent Preclean 0.898ms
[2020-10-07T09:44:15.500+0000][38832][gc,marking   ] GC(354) Concurrent Mark (130.530s, 130.705s) 175.189ms
[2020-10-07T09:44:15.500+0000][38832][gc,start     ] GC(354) Pause Remark
[2020-10-07T09:44:15.507+0000][38832][gc           ] GC(354) Pause Remark 331M->331M(1024M) 7.432ms
[2020-10-07T09:44:15.507+0000][38832][gc,cpu       ] GC(354) User=0.09s Sys=0.00s Real=0.01s
[2020-10-07T09:44:15.508+0000][38832][safepoint    ] Safepoint "G1Concurrent", Time since last: 179713000 ns, Reaching safepoint: 162400 ns, At safepoint: 7707600 ns, Total: 7870000 ns
[2020-10-07T09:44:15.508+0000][38832][gc,marking   ] GC(354) Concurrent Rebuild Remembered Sets
[2020-10-07T09:44:15.611+0000][38832][gc,marking   ] GC(354) Concurrent Rebuild Remembered Sets 102.931ms
[2020-10-07T09:44:15.611+0000][38832][gc,start     ] GC(354) Pause Cleanup
[2020-10-07T09:44:15.611+0000][38832][gc           ] GC(354) Pause Cleanup 405M->405M(1024M) 0.369ms
[2020-10-07T09:44:15.611+0000][38832][gc,cpu       ] GC(354) User=0.00s Sys=0.00s Real=0.00s
[2020-10-07T09:44:15.612+0000][38832][safepoint    ] Safepoint "G1Concurrent", Time since last: 103136800 ns, Reaching safepoint: 201000 ns, At safepoint: 726900 ns, Total: 927900 ns
[2020-10-07T09:44:15.612+0000][38832][gc,marking   ] GC(354) Concurrent Cleanup for Next Mark
[2020-10-07T09:44:15.614+0000][38832][gc,marking   ] GC(354) Concurrent Cleanup for Next Mark 1.810ms
[2020-10-07T09:44:15.614+0000][38832][gc           ] GC(354) Concurrent Cycle 293.776ms
[2020-10-07T09:44:15.615+0000][38832][gc,start     ] GC(355) Pause Young (Concurrent Start) (G1 Humongous Allocation)
[2020-10-07T09:44:15.615+0000][38832][gc,task      ] GC(355) Using 8 workers of 8 for evacuation
[2020-10-07T09:44:15.615+0000][38832][gc,age       ] GC(355) Desired survivor size 33030144 bytes, new threshold 15 (max threshold 15)
[2020-10-07T09:44:15.619+0000][38832][gc,age       ] GC(355) Age table with threshold 15 (max threshold 15)
[2020-10-07T09:44:15.619+0000][38832][gc,age       ] GC(355) - age   1:    2898304 bytes,    2898304 total
[2020-10-07T09:44:15.619+0000][38832][gc,age       ] GC(355) - age   2:      17504 bytes,    2915808 total
[2020-10-07T09:44:15.619+0000][38832][gc,age       ] GC(355) - age   3:      26648 bytes,    2942456 total
[2020-10-07T09:44:15.619+0000][38832][gc,age       ] GC(355) - age   4:       2840 bytes,    2945296 total
[2020-10-07T09:44:15.619+0000][38832][gc,age       ] GC(355) - age   5:       9520 bytes,    2954816 total
[2020-10-07T09:44:15.619+0000][38832][gc,age       ] GC(355) - age   6:     100968 bytes,    3055784 total
[2020-10-07T09:44:15.619+0000][38832][gc,age       ] GC(355) - age   7:       3400 bytes,    3059184 total
[2020-10-07T09:44:15.619+0000][38832][gc,age       ] GC(355) - age   8:       1416 bytes,    3060600 total
[2020-10-07T09:44:15.619+0000][38832][gc,age       ] GC(355) - age   9:       6504 bytes,    3067104 total
[2020-10-07T09:44:15.619+0000][38832][gc,age       ] GC(355) - age  10:        552 bytes,    3067656 total
[2020-10-07T09:44:15.619+0000][38832][gc,age       ] GC(355) - age  11:      15728 bytes,    3083384 total
[2020-10-07T09:44:15.619+0000][38832][gc,age       ] GC(355) - age  12:        704 bytes,    3084088 total
[2020-10-07T09:44:15.619+0000][38832][gc,age       ] GC(355) - age  13:        496 bytes,    3084584 total
[2020-10-07T09:44:15.619+0000][38832][gc,age       ] GC(355) - age  14:       1640 bytes,    3086224 total
[2020-10-07T09:44:15.619+0000][38832][gc,age       ] GC(355) - age  15:        648 bytes,    3086872 total
[2020-10-07T09:44:15.620+0000][38832][gc,phases    ] GC(355)   Pre Evacuate Collection Set: 0.5ms
[2020-10-07T09:44:15.620+0000][38832][gc,phases    ] GC(355)   Merge Heap Roots: 0.1ms
[2020-10-07T09:44:15.620+0000][38832][gc,phases    ] GC(355)   Evacuate Collection Set: 2.3ms
[2020-10-07T09:44:15.620+0000][38832][gc,phases    ] GC(355)   Post Evacuate Collection Set: 0.8ms
[2020-10-07T09:44:15.620+0000][38832][gc,phases    ] GC(355)   Other: 1.3ms
[2020-10-07T09:44:15.620+0000][38832][gc,heap      ] GC(355) Eden regions: 40->0(501)
[2020-10-07T09:44:15.620+0000][38832][gc,heap      ] GC(355) Survivor regions: 4->4(63)
[2020-10-07T09:44:15.620+0000][38832][gc,heap      ] GC(355) Old regions: 80->80
[2020-10-07T09:44:15.620+0000][38832][gc,heap      ] GC(355) Archive regions: 0->0
[2020-10-07T09:44:15.620+0000][38832][gc,heap      ] GC(355) Humongous regions: 283->174
[2020-10-07T09:44:15.620+0000][38832][gc,metaspace ] GC(355) Metaspace: 89660K(95744K)->89660K(95744K) NonClass: 78319K(81920K)->78319K(81920K) Class: 11341K(13824K)->11341K(13824K)
[2020-10-07T09:44:15.620+0000][38832][gc           ] GC(355) Pause Young (Concurrent Start) (G1 Humongous Allocation) 406M->256M(1024M) 5.681ms
[2020-10-07T09:44:15.620+0000][38832][gc,cpu       ] GC(355) User=0.02s Sys=0.02s Real=0.00s
[2020-10-07T09:44:15.620+0000][38832][gc           ] GC(356) Concurrent Cycle
[2020-10-07T09:44:15.620+0000][38832][safepoint    ] Safepoint "G1TryInitiateConcMark", Time since last: 2723600 ns, Reaching safepoint: 172000 ns, At safepoint: 5932500 ns, Total: 6104500 ns
[2020-10-07T09:44:15.620+0000][38832][gc,marking   ] GC(356) Concurrent Clear Claimed Marks
[2020-10-07T09:44:15.621+0000][38832][gc,marking   ] GC(356) Concurrent Clear Claimed Marks 0.545ms
[2020-10-07T09:44:15.621+0000][38832][gc,marking   ] GC(356) Concurrent Scan Root Regions
[2020-10-07T09:44:15.624+0000][38832][gc,marking   ] GC(356) Concurrent Scan Root Regions 2.967ms
[2020-10-07T09:44:15.624+0000][38832][gc,marking   ] GC(356) Concurrent Mark (130.829s)
[2020-10-07T09:44:15.624+0000][38832][gc,marking   ] GC(356) Concurrent Mark From Roots
[2020-10-07T09:44:15.624+0000][38832][gc,task      ] GC(356) Using 2 workers of 2 for marking
[2020-10-07T09:44:15.806+0000][38832][gc,marking   ] GC(356) Concurrent Mark From Roots 182.106ms
[2020-10-07T09:44:15.806+0000][38832][gc,marking   ] GC(356) Concurrent Preclean
[2020-10-07T09:44:15.807+0000][38832][gc,marking   ] GC(356) Concurrent Preclean 0.961ms
[2020-10-07T09:44:15.807+0000][38832][gc,marking   ] GC(356) Concurrent Mark (130.829s, 131.013s) 183.335ms
[2020-10-07T09:44:15.807+0000][38832][gc,start     ] GC(356) Pause Remark
[2020-10-07T09:44:15.815+0000][38832][gc           ] GC(356) Pause Remark 364M->364M(1024M) 7.389ms
[2020-10-07T09:44:15.815+0000][38832][gc,cpu       ] GC(356) User=0.00s Sys=0.00s Real=0.01s
[2020-10-07T09:44:15.815+0000][38832][safepoint    ] Safepoint "G1Concurrent", Time since last: 187290200 ns, Reaching safepoint: 182900 ns, At safepoint: 7649200 ns, Total: 7832100 ns
[2020-10-07T09:44:15.815+0000][38832][gc,marking   ] GC(356) Concurrent Rebuild Remembered Sets
[2020-10-07T09:44:15.921+0000][38832][gc,marking   ] GC(356) Concurrent Rebuild Remembered Sets 105.639ms
[2020-10-07T09:44:15.921+0000][38832][gc,start     ] GC(356) Pause Cleanup
[2020-10-07T09:44:15.921+0000][38832][gc           ] GC(356) Pause Cleanup 506M->506M(1024M) 0.372ms
[2020-10-07T09:44:15.922+0000][38832][gc,cpu       ] GC(356) User=0.00s Sys=0.00s Real=0.00s
[2020-10-07T09:44:15.922+0000][38832][safepoint    ] Safepoint "G1Concurrent", Time since last: 105835300 ns, Reaching safepoint: 163500 ns, At safepoint: 620900 ns, Total: 784400 ns
[2020-10-07T09:44:15.922+0000][38832][gc,marking   ] GC(356) Concurrent Cleanup for Next Mark
[2020-10-07T09:44:15.924+0000][38832][gc,marking   ] GC(356) Concurrent Cleanup for Next Mark 1.871ms
[2020-10-07T09:44:15.924+0000][38832][gc           ] GC(356) Concurrent Cycle 303.856ms
[2020-10-07T09:44:16.348+0000][38832][gc,start     ] GC(357) Pause Young (Concurrent Start) (G1 Humongous Allocation)
[2020-10-07T09:44:16.349+0000][38832][gc,task      ] GC(357) Using 8 workers of 8 for evacuation
[2020-10-07T09:44:16.349+0000][38832][gc,age       ] GC(357) Desired survivor size 33554432 bytes, new threshold 15 (max threshold 15)
[2020-10-07T09:44:16.352+0000][38832][gc,age       ] GC(357) Age table with threshold 15 (max threshold 15)
[2020-10-07T09:44:16.352+0000][38832][gc,age       ] GC(357) - age   1:    2705216 bytes,    2705216 total
[2020-10-07T09:44:16.352+0000][38832][gc,age       ] GC(357) - age   2:       7552 bytes,    2712768 total
[2020-10-07T09:44:16.352+0000][38832][gc,age       ] GC(357) - age   3:      15240 bytes,    2728008 total
[2020-10-07T09:44:16.352+0000][38832][gc,age       ] GC(357) - age   4:      20328 bytes,    2748336 total
[2020-10-07T09:44:16.352+0000][38832][gc,age       ] GC(357) - age   5:       1984 bytes,    2750320 total
[2020-10-07T09:44:16.352+0000][38832][gc,age       ] GC(357) - age   6:       9328 bytes,    2759648 total
[2020-10-07T09:44:16.352+0000][38832][gc,age       ] GC(357) - age   7:     100872 bytes,    2860520 total
[2020-10-07T09:44:16.352+0000][38832][gc,age       ] GC(357) - age   8:       3400 bytes,    2863920 total
[2020-10-07T09:44:16.352+0000][38832][gc,age       ] GC(357) - age   9:       1288 bytes,    2865208 total
[2020-10-07T09:44:16.352+0000][38832][gc,age       ] GC(357) - age  10:       6312 bytes,    2871520 total
[2020-10-07T09:44:16.352+0000][38832][gc,age       ] GC(357) - age  11:        552 bytes,    2872072 total
[2020-10-07T09:44:16.352+0000][38832][gc,age       ] GC(357) - age  12:      15728 bytes,    2887800 total
[2020-10-07T09:44:16.352+0000][38832][gc,age       ] GC(357) - age  13:        704 bytes,    2888504 total
[2020-10-07T09:44:16.352+0000][38832][gc,age       ] GC(357) - age  14:        432 bytes,    2888936 total
[2020-10-07T09:44:16.352+0000][38832][gc,age       ] GC(357) - age  15:       1640 bytes,    2890576 total
[2020-10-07T09:44:16.352+0000][38832][gc,phases    ] GC(357)   Pre Evacuate Collection Set: 0.4ms
[2020-10-07T09:44:16.352+0000][38832][gc,phases    ] GC(357)   Merge Heap Roots: 0.1ms
[2020-10-07T09:44:16.352+0000][38832][gc,phases    ] GC(357)   Evacuate Collection Set: 1.9ms
[2020-10-07T09:44:16.352+0000][38832][gc,phases    ] GC(357)   Post Evacuate Collection Set: 0.7ms
[2020-10-07T09:44:16.352+0000][38832][gc,phases    ] GC(357)   Other: 0.9ms
[2020-10-07T09:44:16.352+0000][38832][gc,heap      ] GC(357) Eden regions: 86->0(502)
[2020-10-07T09:44:16.353+0000][38832][gc,heap      ] GC(357) Survivor regions: 4->3(64)
[2020-10-07T09:44:16.353+0000][38832][gc,heap      ] GC(357) Old regions: 80->80
[2020-10-07T09:44:16.353+0000][38832][gc,heap      ] GC(357) Archive regions: 0->0
[2020-10-07T09:44:16.353+0000][38832][gc,heap      ] GC(357) Humongous regions: 360->174
[2020-10-07T09:44:16.353+0000][38832][gc,metaspace ] GC(357) Metaspace: 89709K(95744K)->89709K(95744K) NonClass: 78367K(81920K)->78367K(81920K) Class: 11341K(13824K)->11341K(13824K)
[2020-10-07T09:44:16.353+0000][38832][gc           ] GC(357) Pause Young (Concurrent Start) (G1 Humongous Allocation) 528M->256M(1024M) 4.304ms
[2020-10-07T09:44:16.353+0000][38832][gc,cpu       ] GC(357) User=0.11s Sys=0.00s Real=0.00s
[2020-10-07T09:44:16.353+0000][38832][gc           ] GC(358) Concurrent Cycle
[2020-10-07T09:44:16.353+0000][38832][safepoint    ] Safepoint "G1TryInitiateConcMark", Time since last: 426639200 ns, Reaching safepoint: 186200 ns, At safepoint: 4574500 ns, Total: 4760700 ns
[2020-10-07T09:44:16.353+0000][38832][gc,marking   ] GC(358) Concurrent Clear Claimed Marks
[2020-10-07T09:44:16.354+0000][38832][gc,marking   ] GC(358) Concurrent Clear Claimed Marks 1.305ms
[2020-10-07T09:44:16.355+0000][38832][gc,marking   ] GC(358) Concurrent Scan Root Regions
[2020-10-07T09:44:16.357+0000][38832][gc,marking   ] GC(358) Concurrent Scan Root Regions 2.705ms
[2020-10-07T09:44:16.357+0000][38832][gc,marking   ] GC(358) Concurrent Mark (131.563s)
[2020-10-07T09:44:16.357+0000][38832][gc,marking   ] GC(358) Concurrent Mark From Roots
[2020-10-07T09:44:16.357+0000][38832][gc,task      ] GC(358) Using 2 workers of 2 for marking
[2020-10-07T09:44:16.503+0000][38832][gc,marking   ] GC(358) Concurrent Mark From Roots 146.055ms
[2020-10-07T09:44:16.503+0000][38832][gc,marking   ] GC(358) Concurrent Preclean
[2020-10-07T09:44:16.504+0000][38832][gc,marking   ] GC(358) Concurrent Preclean 0.616ms
[2020-10-07T09:44:16.504+0000][38832][gc,marking   ] GC(358) Concurrent Mark (131.563s, 131.710s) 146.805ms
[2020-10-07T09:44:16.504+0000][38832][gc,start     ] GC(358) Pause Remark
[2020-10-07T09:44:16.511+0000][38832][gc           ] GC(358) Pause Remark 430M->430M(1024M) 6.844ms
[2020-10-07T09:44:16.511+0000][38832][gc,cpu       ] GC(358) User=0.11s Sys=0.00s Real=0.01s
[2020-10-07T09:44:16.511+0000][38832][safepoint    ] Safepoint "G1Concurrent", Time since last: 151310700 ns, Reaching safepoint: 141200 ns, At safepoint: 7188000 ns, Total: 7329200 ns
[2020-10-07T09:44:16.512+0000][38832][gc,marking   ] GC(358) Concurrent Rebuild Remembered Sets
[2020-10-07T09:44:16.598+0000][38832][gc,marking   ] GC(358) Concurrent Rebuild Remembered Sets 86.154ms
[2020-10-07T09:44:16.598+0000][38832][gc,start     ] GC(358) Pause Cleanup
[2020-10-07T09:44:16.599+0000][38832][gc           ] GC(358) Pause Cleanup 568M->568M(1024M) 0.376ms
[2020-10-07T09:44:16.599+0000][38832][gc,cpu       ] GC(358) User=0.00s Sys=0.00s Real=0.00s
[2020-10-07T09:44:16.599+0000][38832][safepoint    ] Safepoint "G1Concurrent", Time since last: 86350300 ns, Reaching safepoint: 192200 ns, At safepoint: 561800 ns, Total: 754000 ns
[2020-10-07T09:44:16.599+0000][38832][gc,marking   ] GC(358) Concurrent Cleanup for Next Mark
[2020-10-07T09:44:16.601+0000][38832][gc,marking   ] GC(358) Concurrent Cleanup for Next Mark 1.707ms
[2020-10-07T09:44:16.601+0000][38832][gc           ] GC(358) Concurrent Cycle 247.734ms
[2020-10-07T09:44:16.652+0000][38832][gc,start     ] GC(359) Pause Young (Concurrent Start) (G1 Humongous Allocation)
[2020-10-07T09:44:16.653+0000][38832][gc,task      ] GC(359) Using 8 workers of 8 for evacuation
[2020-10-07T09:44:16.653+0000][38832][gc,age       ] GC(359) Desired survivor size 33554432 bytes, new threshold 15 (max threshold 15)
[2020-10-07T09:44:16.657+0000][38832][gc,age       ] GC(359) Age table with threshold 15 (max threshold 15)
[2020-10-07T09:44:16.657+0000][38832][gc,age       ] GC(359) - age   1:    3543720 bytes,    3543720 total
[2020-10-07T09:44:16.657+0000][38832][gc,age       ] GC(359) - age   2:      20616 bytes,    3564336 total
[2020-10-07T09:44:16.657+0000][38832][gc,age       ] GC(359) - age   3:       1312 bytes,    3565648 total
[2020-10-07T09:44:16.657+0000][38832][gc,age       ] GC(359) - age   4:       5672 bytes,    3571320 total
[2020-10-07T09:44:16.657+0000][38832][gc,age       ] GC(359) - age   5:      20168 bytes,    3591488 total
[2020-10-07T09:44:16.657+0000][38832][gc,age       ] GC(359) - age   6:       1696 bytes,    3593184 total
[2020-10-07T09:44:16.657+0000][38832][gc,age       ] GC(359) - age   7:       6896 bytes,    3600080 total
[2020-10-07T09:44:16.657+0000][38832][gc,age       ] GC(359) - age   8:     100800 bytes,    3700880 total
[2020-10-07T09:44:16.657+0000][38832][gc,age       ] GC(359) - age   9:       3368 bytes,    3704248 total
[2020-10-07T09:44:16.657+0000][38832][gc,age       ] GC(359) - age  10:       1160 bytes,    3705408 total
[2020-10-07T09:44:16.657+0000][38832][gc,age       ] GC(359) - age  11:       6312 bytes,    3711720 total
[2020-10-07T09:44:16.657+0000][38832][gc,age       ] GC(359) - age  12:        520 bytes,    3712240 total
[2020-10-07T09:44:16.657+0000][38832][gc,age       ] GC(359) - age  13:      15728 bytes,    3727968 total
[2020-10-07T09:44:16.657+0000][38832][gc,age       ] GC(359) - age  14:        704 bytes,    3728672 total
[2020-10-07T09:44:16.657+0000][38832][gc,age       ] GC(359) - age  15:        432 bytes,    3729104 total
[2020-10-07T09:44:16.657+0000][38832][gc,phases    ] GC(359)   Pre Evacuate Collection Set: 0.4ms
[2020-10-07T09:44:16.658+0000][38832][gc,phases    ] GC(359)   Merge Heap Roots: 0.1ms
[2020-10-07T09:44:16.658+0000][38832][gc,phases    ] GC(359)   Evacuate Collection Set: 2.4ms
[2020-10-07T09:44:16.658+0000][38832][gc,phases    ] GC(359)   Post Evacuate Collection Set: 1.0ms
[2020-10-07T09:44:16.658+0000][38832][gc,phases    ] GC(359)   Other: 1.2ms
[2020-10-07T09:44:16.658+0000][38832][gc,heap      ] GC(359) Eden regions: 92->0(501)
[2020-10-07T09:44:16.658+0000][38832][gc,heap      ] GC(359) Survivor regions: 3->4(64)
[2020-10-07T09:44:16.658+0000][38832][gc,heap      ] GC(359) Old regions: 80->80
[2020-10-07T09:44:16.658+0000][38832][gc,heap      ] GC(359) Archive regions: 0->0
[2020-10-07T09:44:16.658+0000][38832][gc,heap      ] GC(359) Humongous regions: 412->174
[2020-10-07T09:44:16.658+0000][38832][gc,metaspace ] GC(359) Metaspace: 89709K(95744K)->89709K(95744K) NonClass: 78367K(81920K)->78367K(81920K) Class: 11341K(13824K)->11341K(13824K)
[2020-10-07T09:44:16.658+0000][38832][gc           ] GC(359) Pause Young (Concurrent Start) (G1 Humongous Allocation) 586M->257M(1024M) 5.545ms
[2020-10-07T09:44:16.658+0000][38832][gc,cpu       ] GC(359) User=0.00s Sys=0.00s Real=0.01s
[2020-10-07T09:44:16.658+0000][38832][gc           ] GC(360) Concurrent Cycle
[2020-10-07T09:44:16.658+0000][38832][safepoint    ] Safepoint "G1TryInitiateConcMark", Time since last: 53772600 ns, Reaching safepoint: 157100 ns, At safepoint: 5781800 ns, Total: 5938900 ns
[2020-10-07T09:44:16.658+0000][38832][gc,marking   ] GC(360) Concurrent Clear Claimed Marks
[2020-10-07T09:44:16.659+0000][38832][gc,marking   ] GC(360) Concurrent Clear Claimed Marks 0.610ms
[2020-10-07T09:44:16.659+0000][38832][gc,marking   ] GC(360) Concurrent Scan Root Regions
[2020-10-07T09:44:16.662+0000][38832][gc,marking   ] GC(360) Concurrent Scan Root Regions 3.029ms
[2020-10-07T09:44:16.662+0000][38832][gc,marking   ] GC(360) Concurrent Mark (131.868s)
[2020-10-07T09:44:16.662+0000][38832][gc,marking   ] GC(360) Concurrent Mark From Roots
[2020-10-07T09:44:16.662+0000][38832][gc,task      ] GC(360) Using 2 workers of 2 for marking
[2020-10-07T09:44:16.810+0000][38832][gc,marking   ] GC(360) Concurrent Mark From Roots 146.820ms
[2020-10-07T09:44:16.810+0000][38832][gc,marking   ] GC(360) Concurrent Preclean
[2020-10-07T09:44:16.811+0000][38832][gc,marking   ] GC(360) Concurrent Preclean 1.013ms
[2020-10-07T09:44:16.811+0000][38832][gc,marking   ] GC(360) Concurrent Mark (131.868s, 132.016s) 148.141ms
[2020-10-07T09:44:16.812+0000][38832][gc,start     ] GC(360) Pause Remark
[2020-10-07T09:44:16.819+0000][38832][gc           ] GC(360) Pause Remark 330M->330M(1024M) 6.956ms
[2020-10-07T09:44:16.819+0000][38832][gc,cpu       ] GC(360) User=0.00s Sys=0.00s Real=0.01s
[2020-10-07T09:44:16.819+0000][38832][safepoint    ] Safepoint "G1Concurrent", Time since last: 152175200 ns, Reaching safepoint: 346700 ns, At safepoint: 7246100 ns, Total: 7592800 ns
[2020-10-07T09:44:16.819+0000][38832][gc,marking   ] GC(360) Concurrent Rebuild Remembered Sets
[2020-10-07T09:44:16.904+0000][38832][gc,marking   ] GC(360) Concurrent Rebuild Remembered Sets 85.496ms
[2020-10-07T09:44:16.905+0000][38832][gc,start     ] GC(360) Pause Cleanup
[2020-10-07T09:44:16.905+0000][38832][gc           ] GC(360) Pause Cleanup 467M->467M(1024M) 0.327ms
[2020-10-07T09:44:16.905+0000][38832][gc,cpu       ] GC(360) User=0.00s Sys=0.00s Real=0.00s
[2020-10-07T09:44:16.905+0000][38832][safepoint    ] Safepoint "G1Concurrent", Time since last: 85688900 ns, Reaching safepoint: 184300 ns, At safepoint: 526100 ns, Total: 710400 ns
[2020-10-07T09:44:16.905+0000][38832][gc,marking   ] GC(360) Concurrent Cleanup for Next Mark
[2020-10-07T09:44:16.907+0000][38832][gc,marking   ] GC(360) Concurrent Cleanup for Next Mark 1.929ms
[2020-10-07T09:44:16.907+0000][38832][gc           ] GC(360) Concurrent Cycle 248.346ms
[2020-10-07T09:44:16.999+0000][38832][gc,start     ] GC(361) Pause Young (Concurrent Start) (G1 Humongous Allocation)
[2020-10-07T09:44:16.999+0000][38832][gc,task      ] GC(361) Using 8 workers of 8 for evacuation
[2020-10-07T09:44:17.000+0000][38832][gc,age       ] GC(361) Desired survivor size 33554432 bytes, new threshold 15 (max threshold 15)
[2020-10-07T09:44:17.003+0000][38832][gc,age       ] GC(361) Age table with threshold 15 (max threshold 15)
[2020-10-07T09:44:17.003+0000][38832][gc,age       ] GC(361) - age   1:     664136 bytes,     664136 total
[2020-10-07T09:44:17.003+0000][38832][gc,age       ] GC(361) - age   2:      14016 bytes,     678152 total
[2020-10-07T09:44:17.003+0000][38832][gc,age       ] GC(361) - age   3:      16976 bytes,     695128 total
[2020-10-07T09:44:17.003+0000][38832][gc,age       ] GC(361) - age   4:       1216 bytes,     696344 total
[2020-10-07T09:44:17.003+0000][38832][gc,age       ] GC(361) - age   5:       5608 bytes,     701952 total
[2020-10-07T09:44:17.003+0000][38832][gc,age       ] GC(361) - age   6:      20104 bytes,     722056 total
[2020-10-07T09:44:17.003+0000][38832][gc,age       ] GC(361) - age   7:       1696 bytes,     723752 total
[2020-10-07T09:44:17.003+0000][38832][gc,age       ] GC(361) - age   8:       6896 bytes,     730648 total
[2020-10-07T09:44:17.003+0000][38832][gc,age       ] GC(361) - age   9:     100736 bytes,     831384 total
[2020-10-07T09:44:17.003+0000][38832][gc,age       ] GC(361) - age  10:       3368 bytes,     834752 total
[2020-10-07T09:44:17.003+0000][38832][gc,age       ] GC(361) - age  11:       1072 bytes,     835824 total
[2020-10-07T09:44:17.003+0000][38832][gc,age       ] GC(361) - age  12:       6312 bytes,     842136 total
[2020-10-07T09:44:17.003+0000][38832][gc,age       ] GC(361) - age  13:        520 bytes,     842656 total
[2020-10-07T09:44:17.003+0000][38832][gc,age       ] GC(361) - age  14:      15728 bytes,     858384 total
[2020-10-07T09:44:17.003+0000][38832][gc,age       ] GC(361) - age  15:        704 bytes,     859088 total
[2020-10-07T09:44:17.003+0000][38832][gc,phases    ] GC(361)   Pre Evacuate Collection Set: 0.4ms
[2020-10-07T09:44:17.003+0000][38832][gc,phases    ] GC(361)   Merge Heap Roots: 0.1ms
[2020-10-07T09:44:17.003+0000][38832][gc,phases    ] GC(361)   Evacuate Collection Set: 1.9ms
[2020-10-07T09:44:17.003+0000][38832][gc,phases    ] GC(361)   Post Evacuate Collection Set: 0.6ms
[2020-10-07T09:44:17.003+0000][38832][gc,phases    ] GC(361)   Other: 0.8ms
[2020-10-07T09:44:17.003+0000][38832][gc,heap      ] GC(361) Eden regions: 54->0(505)
[2020-10-07T09:44:17.003+0000][38832][gc,heap      ] GC(361) Survivor regions: 4->1(64)
[2020-10-07T09:44:17.003+0000][38832][gc,heap      ] GC(361) Old regions: 80->80
[2020-10-07T09:44:17.003+0000][38832][gc,heap      ] GC(361) Archive regions: 0->0
[2020-10-07T09:44:17.003+0000][38832][gc,heap      ] GC(361) Humongous regions: 335->174
[2020-10-07T09:44:17.003+0000][38832][gc,metaspace ] GC(361) Metaspace: 89709K(95744K)->89709K(95744K) NonClass: 78367K(81920K)->78367K(81920K) Class: 11341K(13824K)->11341K(13824K)
[2020-10-07T09:44:17.003+0000][38832][gc           ] GC(361) Pause Young (Concurrent Start) (G1 Humongous Allocation) 472M->254M(1024M) 4.041ms
[2020-10-07T09:44:17.003+0000][38832][gc,cpu       ] GC(361) User=0.00s Sys=0.00s Real=0.00s
[2020-10-07T09:44:17.004+0000][38832][safepoint    ] Safepoint "G1TryInitiateConcMark", Time since last: 93949800 ns, Reaching safepoint: 134600 ns, At safepoint: 4205000 ns, Total: 4339600 ns
[2020-10-07T09:44:17.004+0000][38832][gc           ] GC(362) Concurrent Cycle
[2020-10-07T09:44:17.004+0000][38832][gc,marking   ] GC(362) Concurrent Clear Claimed Marks
[2020-10-07T09:44:17.004+0000][38832][gc,marking   ] GC(362) Concurrent Clear Claimed Marks 0.324ms
[2020-10-07T09:44:17.004+0000][38832][gc,marking   ] GC(362) Concurrent Scan Root Regions
[2020-10-07T09:44:17.006+0000][38832][gc,marking   ] GC(362) Concurrent Scan Root Regions 1.571ms
[2020-10-07T09:44:17.006+0000][38832][gc,marking   ] GC(362) Concurrent Mark (132.211s)
[2020-10-07T09:44:17.006+0000][38832][gc,marking   ] GC(362) Concurrent Mark From Roots
[2020-10-07T09:44:17.006+0000][38832][gc,task      ] GC(362) Using 2 workers of 2 for marking
[2020-10-07T09:44:17.143+0000][38832][gc,marking   ] GC(362) Concurrent Mark From Roots 137.721ms
[2020-10-07T09:44:17.144+0000][38832][gc,marking   ] GC(362) Concurrent Preclean
[2020-10-07T09:44:17.144+0000][38832][gc,marking   ] GC(362) Concurrent Preclean 0.915ms
[2020-10-07T09:44:17.145+0000][38832][gc,marking   ] GC(362) Concurrent Mark (132.211s, 132.350s) 138.880ms
[2020-10-07T09:44:17.145+0000][38832][gc,start     ] GC(362) Pause Remark
[2020-10-07T09:44:17.151+0000][38832][gc           ] GC(362) Pause Remark 292M->292M(1024M) 6.573ms
[2020-10-07T09:44:17.152+0000][38832][gc,cpu       ] GC(362) User=0.11s Sys=0.00s Real=0.01s
[2020-10-07T09:44:17.152+0000][38832][safepoint    ] Safepoint "G1Concurrent", Time since last: 141099700 ns, Reaching safepoint: 167200 ns, At safepoint: 6856900 ns, Total: 7024100 ns
[2020-10-07T09:44:17.152+0000][38832][gc,marking   ] GC(362) Concurrent Rebuild Remembered Sets
[2020-10-07T09:44:17.239+0000][38832][gc,marking   ] GC(362) Concurrent Rebuild Remembered Sets 87.374ms
[2020-10-07T09:44:17.239+0000][38832][gc,start     ] GC(362) Pause Cleanup
[2020-10-07T09:44:17.240+0000][38832][gc           ] GC(362) Pause Cleanup 313M->313M(1024M) 0.345ms
[2020-10-07T09:44:17.240+0000][38832][gc,cpu       ] GC(362) User=0.00s Sys=0.00s Real=0.00s
[2020-10-07T09:44:17.240+0000][38832][safepoint    ] Safepoint "G1Concurrent", Time since last: 87566700 ns, Reaching safepoint: 112500 ns, At safepoint: 545000 ns, Total: 657500 ns
[2020-10-07T09:44:17.240+0000][38832][gc,marking   ] GC(362) Concurrent Cleanup for Next Mark
[2020-10-07T09:44:17.242+0000][38832][gc,marking   ] GC(362) Concurrent Cleanup for Next Mark 1.586ms
[2020-10-07T09:44:17.242+0000][38832][gc           ] GC(362) Concurrent Cycle 238.226ms
[2020-10-07T09:44:17.527+0000][38832][gc,start     ] GC(363) Pause Young (Concurrent Start) (G1 Humongous Allocation)
[2020-10-07T09:44:17.527+0000][38832][gc,task      ] GC(363) Using 8 workers of 8 for evacuation
[2020-10-07T09:44:17.527+0000][38832][gc,age       ] GC(363) Desired survivor size 33554432 bytes, new threshold 15 (max threshold 15)
[2020-10-07T09:44:17.531+0000][38832][gc,age       ] GC(363) Age table with threshold 15 (max threshold 15)
[2020-10-07T09:44:17.532+0000][38832][gc,age       ] GC(363) - age   1:     673880 bytes,     673880 total
[2020-10-07T09:44:17.532+0000][38832][gc,age       ] GC(363) - age   2:      34784 bytes,     708664 total
[2020-10-07T09:44:17.532+0000][38832][gc,age       ] GC(363) - age   3:      12464 bytes,     721128 total
[2020-10-07T09:44:17.532+0000][38832][gc,age       ] GC(363) - age   4:      11864 bytes,     732992 total
[2020-10-07T09:44:17.532+0000][38832][gc,age       ] GC(363) - age   5:       1152 bytes,     734144 total
[2020-10-07T09:44:17.532+0000][38832][gc,age       ] GC(363) - age   6:       5384 bytes,     739528 total
[2020-10-07T09:44:17.532+0000][38832][gc,age       ] GC(363) - age   7:      19944 bytes,     759472 total
[2020-10-07T09:44:17.532+0000][38832][gc,age       ] GC(363) - age   8:       1664 bytes,     761136 total
[2020-10-07T09:44:17.532+0000][38832][gc,age       ] GC(363) - age   9:       6832 bytes,     767968 total
[2020-10-07T09:44:17.532+0000][38832][gc,age       ] GC(363) - age  10:     100608 bytes,     868576 total
[2020-10-07T09:44:17.532+0000][38832][gc,age       ] GC(363) - age  11:        808 bytes,     869384 total
[2020-10-07T09:44:17.532+0000][38832][gc,age       ] GC(363) - age  12:       1000 bytes,     870384 total
[2020-10-07T09:44:17.532+0000][38832][gc,age       ] GC(363) - age  13:       6248 bytes,     876632 total
[2020-10-07T09:44:17.532+0000][38832][gc,age       ] GC(363) - age  14:        520 bytes,     877152 total
[2020-10-07T09:44:17.532+0000][38832][gc,age       ] GC(363) - age  15:      15664 bytes,     892816 total
[2020-10-07T09:44:17.532+0000][38832][gc,phases    ] GC(363)   Pre Evacuate Collection Set: 0.4ms
[2020-10-07T09:44:17.532+0000][38832][gc,phases    ] GC(363)   Merge Heap Roots: 0.1ms
[2020-10-07T09:44:17.532+0000][38832][gc,phases    ] GC(363)   Evacuate Collection Set: 2.1ms
[2020-10-07T09:44:17.532+0000][38832][gc,phases    ] GC(363)   Post Evacuate Collection Set: 0.8ms
[2020-10-07T09:44:17.532+0000][38832][gc,phases    ] GC(363)   Other: 1.1ms
[2020-10-07T09:44:17.532+0000][38832][gc,heap      ] GC(363) Eden regions: 58->0(506)
[2020-10-07T09:44:17.532+0000][38832][gc,heap      ] GC(363) Survivor regions: 1->1(64)
[2020-10-07T09:44:17.532+0000][38832][gc,heap      ] GC(363) Old regions: 80->80
[2020-10-07T09:44:17.532+0000][38832][gc,heap      ] GC(363) Archive regions: 0->0
[2020-10-07T09:44:17.532+0000][38832][gc,heap      ] GC(363) Humongous regions: 227->174
[2020-10-07T09:44:17.532+0000][38832][gc,metaspace ] GC(363) Metaspace: 89752K(95744K)->89752K(95744K) NonClass: 78409K(81920K)->78409K(81920K) Class: 11343K(13824K)->11343K(13824K)
[2020-10-07T09:44:17.532+0000][38832][gc           ] GC(363) Pause Young (Concurrent Start) (G1 Humongous Allocation) 365M->254M(1024M) 4.712ms
[2020-10-07T09:44:17.532+0000][38832][gc,cpu       ] GC(363) User=0.00s Sys=0.00s Real=0.01s
[2020-10-07T09:44:17.532+0000][38832][gc           ] GC(364) Concurrent Cycle
[2020-10-07T09:44:17.532+0000][38832][safepoint    ] Safepoint "G1TryInitiateConcMark", Time since last: 287709200 ns, Reaching safepoint: 157100 ns, At safepoint: 4940800 ns, Total: 5097900 ns
[2020-10-07T09:44:17.532+0000][38832][gc,marking   ] GC(364) Concurrent Clear Claimed Marks
[2020-10-07T09:44:17.533+0000][38832][gc,marking   ] GC(364) Concurrent Clear Claimed Marks 0.467ms
[2020-10-07T09:44:17.533+0000][38832][gc,marking   ] GC(364) Concurrent Scan Root Regions
[2020-10-07T09:44:17.534+0000][38832][gc,marking   ] GC(364) Concurrent Scan Root Regions 1.295ms
[2020-10-07T09:44:17.534+0000][38832][gc,marking   ] GC(364) Concurrent Mark (132.740s)
[2020-10-07T09:44:17.534+0000][38832][gc,marking   ] GC(364) Concurrent Mark From Roots
[2020-10-07T09:44:17.534+0000][38832][gc,task      ] GC(364) Using 2 workers of 2 for marking
[2020-10-07T09:44:17.684+0000][38832][gc,marking   ] GC(364) Concurrent Mark From Roots 149.966ms
[2020-10-07T09:44:17.684+0000][38832][gc,marking   ] GC(364) Concurrent Preclean
[2020-10-07T09:44:17.685+0000][38832][gc,marking   ] GC(364) Concurrent Preclean 0.846ms
[2020-10-07T09:44:17.685+0000][38832][gc,marking   ] GC(364) Concurrent Mark (132.740s, 132.891s) 151.012ms
[2020-10-07T09:44:17.685+0000][38832][gc,start     ] GC(364) Pause Remark
[2020-10-07T09:44:17.693+0000][38832][gc           ] GC(364) Pause Remark 291M->291M(1024M) 7.294ms
[2020-10-07T09:44:17.693+0000][38832][gc,cpu       ] GC(364) User=0.00s Sys=0.00s Real=0.01s
[2020-10-07T09:44:17.693+0000][38832][safepoint    ] Safepoint "G1Concurrent", Time since last: 153059000 ns, Reaching safepoint: 191100 ns, At safepoint: 7560200 ns, Total: 7751300 ns
[2020-10-07T09:44:17.693+0000][38832][gc,marking   ] GC(364) Concurrent Rebuild Remembered Sets
[2020-10-07T09:44:17.788+0000][38832][gc,marking   ] GC(364) Concurrent Rebuild Remembered Sets 93.956ms
[2020-10-07T09:44:17.788+0000][38832][gc,start     ] GC(364) Pause Cleanup
[2020-10-07T09:44:17.788+0000][38832][gc           ] GC(364) Pause Cleanup 311M->311M(1024M) 0.296ms
[2020-10-07T09:44:17.788+0000][38832][gc,cpu       ] GC(364) User=0.00s Sys=0.00s Real=0.00s
[2020-10-07T09:44:17.788+0000][38832][safepoint    ] Safepoint "G1Concurrent", Time since last: 94169300 ns, Reaching safepoint: 164000 ns, At safepoint: 483000 ns, Total: 647000 ns
[2020-10-07T09:44:17.788+0000][38832][gc,marking   ] GC(364) Concurrent Cleanup for Next Mark
[2020-10-07T09:44:17.790+0000][38832][gc,marking   ] GC(364) Concurrent Cleanup for Next Mark 1.787ms
[2020-10-07T09:44:17.790+0000][38832][gc           ] GC(364) Concurrent Cycle 257.653ms
[2020-10-07T09:44:18.042+0000][38832][gc,start     ] GC(365) Pause Young (Concurrent Start) (G1 Humongous Allocation)
[2020-10-07T09:44:18.042+0000][38832][gc,task      ] GC(365) Using 8 workers of 8 for evacuation
[2020-10-07T09:44:18.042+0000][38832][gc,age       ] GC(365) Desired survivor size 33554432 bytes, new threshold 15 (max threshold 15)
[2020-10-07T09:44:18.046+0000][38832][gc,age       ] GC(365) Age table with threshold 15 (max threshold 15)
[2020-10-07T09:44:18.046+0000][38832][gc,age       ] GC(365) - age   1:     597960 bytes,     597960 total
[2020-10-07T09:44:18.046+0000][38832][gc,age       ] GC(365) - age   2:      41232 bytes,     639192 total
[2020-10-07T09:44:18.046+0000][38832][gc,age       ] GC(365) - age   3:      30288 bytes,     669480 total
[2020-10-07T09:44:18.046+0000][38832][gc,age       ] GC(365) - age   4:      11944 bytes,     681424 total
[2020-10-07T09:44:18.046+0000][38832][gc,age       ] GC(365) - age   5:      11672 bytes,     693096 total
[2020-10-07T09:44:18.046+0000][38832][gc,age       ] GC(365) - age   6:       1152 bytes,     694248 total
[2020-10-07T09:44:18.046+0000][38832][gc,age       ] GC(365) - age   7:       5320 bytes,     699568 total
[2020-10-07T09:44:18.046+0000][38832][gc,age       ] GC(365) - age   8:      19944 bytes,     719512 total
[2020-10-07T09:44:18.046+0000][38832][gc,age       ] GC(365) - age   9:       1536 bytes,     721048 total
[2020-10-07T09:44:18.047+0000][38832][gc,age       ] GC(365) - age  10:       6768 bytes,     727816 total
[2020-10-07T09:44:18.047+0000][38832][gc,age       ] GC(365) - age  11:     100544 bytes,     828360 total
[2020-10-07T09:44:18.047+0000][38832][gc,age       ] GC(365) - age  12:        808 bytes,     829168 total
[2020-10-07T09:44:18.047+0000][38832][gc,age       ] GC(365) - age  13:       1000 bytes,     830168 total
[2020-10-07T09:44:18.047+0000][38832][gc,age       ] GC(365) - age  14:       6248 bytes,     836416 total
[2020-10-07T09:44:18.047+0000][38832][gc,age       ] GC(365) - age  15:        520 bytes,     836936 total
[2020-10-07T09:44:18.047+0000][38832][gc,phases    ] GC(365)   Pre Evacuate Collection Set: 0.5ms
[2020-10-07T09:44:18.047+0000][38832][gc,phases    ] GC(365)   Merge Heap Roots: 0.1ms
[2020-10-07T09:44:18.047+0000][38832][gc,phases    ] GC(365)   Evacuate Collection Set: 2.2ms
[2020-10-07T09:44:18.047+0000][38832][gc,phases    ] GC(365)   Post Evacuate Collection Set: 0.7ms
[2020-10-07T09:44:18.047+0000][38832][gc,phases    ] GC(365)   Other: 1.3ms
[2020-10-07T09:44:18.047+0000][38832][gc,heap      ] GC(365) Eden regions: 50->0(507)
[2020-10-07T09:44:18.047+0000][38832][gc,heap      ] GC(365) Survivor regions: 1->1(64)
[2020-10-07T09:44:18.047+0000][38832][gc,heap      ] GC(365) Old regions: 80->80
[2020-10-07T09:44:18.047+0000][38832][gc,heap      ] GC(365) Archive regions: 0->0
[2020-10-07T09:44:18.047+0000][38832][gc,heap      ] GC(365) Humongous regions: 227->174
[2020-10-07T09:44:18.047+0000][38832][gc,metaspace ] GC(365) Metaspace: 89758K(95744K)->89758K(95744K) NonClass: 78413K(81920K)->78413K(81920K) Class: 11344K(13824K)->11344K(13824K)
[2020-10-07T09:44:18.047+0000][38832][gc           ] GC(365) Pause Young (Concurrent Start) (G1 Humongous Allocation) 357M->254M(1024M) 5.084ms
[2020-10-07T09:44:18.047+0000][38832][gc,cpu       ] GC(365) User=0.00s Sys=0.00s Real=0.00s
[2020-10-07T09:44:18.047+0000][38832][safepoint    ] Safepoint "G1TryInitiateConcMark", Time since last: 254282800 ns, Reaching safepoint: 219300 ns, At safepoint: 5334900 ns, Total: 5554200 ns
[2020-10-07T09:44:18.047+0000][38832][gc           ] GC(366) Concurrent Cycle
[2020-10-07T09:44:18.047+0000][38832][gc,marking   ] GC(366) Concurrent Clear Claimed Marks
[2020-10-07T09:44:18.048+0000][38832][gc,marking   ] GC(366) Concurrent Clear Claimed Marks 0.403ms
[2020-10-07T09:44:18.048+0000][38832][gc,marking   ] GC(366) Concurrent Scan Root Regions
[2020-10-07T09:44:18.050+0000][38832][gc,marking   ] GC(366) Concurrent Scan Root Regions 1.778ms
[2020-10-07T09:44:18.050+0000][38832][gc,marking   ] GC(366) Concurrent Mark (133.256s)
[2020-10-07T09:44:18.050+0000][38832][gc,marking   ] GC(366) Concurrent Mark From Roots
[2020-10-07T09:44:18.050+0000][38832][gc,task      ] GC(366) Using 2 workers of 2 for marking
[2020-10-07T09:44:18.186+0000][38832][gc,marking   ] GC(366) Concurrent Mark From Roots 135.594ms
[2020-10-07T09:44:18.186+0000][38832][gc,marking   ] GC(366) Concurrent Preclean
[2020-10-07T09:44:18.187+0000][38832][gc,marking   ] GC(366) Concurrent Preclean 0.843ms
[2020-10-07T09:44:18.187+0000][38832][gc,marking   ] GC(366) Concurrent Mark (133.256s, 133.392s) 136.639ms
[2020-10-07T09:44:18.187+0000][38832][gc,start     ] GC(366) Pause Remark
[2020-10-07T09:44:18.195+0000][38832][gc           ] GC(366) Pause Remark 288M->288M(1024M) 7.892ms
[2020-10-07T09:44:18.195+0000][38832][gc,cpu       ] GC(366) User=0.11s Sys=0.00s Real=0.01s
[2020-10-07T09:44:18.195+0000][38832][safepoint    ] Safepoint "G1Concurrent", Time since last: 139140000 ns, Reaching safepoint: 148200 ns, At safepoint: 8191200 ns, Total: 8339400 ns
[2020-10-07T09:44:18.196+0000][38832][gc,marking   ] GC(366) Concurrent Rebuild Remembered Sets
[2020-10-07T09:44:18.278+0000][38832][gc,marking   ] GC(366) Concurrent Rebuild Remembered Sets 82.092ms
[2020-10-07T09:44:18.278+0000][38832][gc,start     ] GC(366) Pause Cleanup
[2020-10-07T09:44:18.278+0000][38832][gc           ] GC(366) Pause Cleanup 308M->308M(1024M) 0.288ms
[2020-10-07T09:44:18.278+0000][38832][gc,cpu       ] GC(366) User=0.00s Sys=0.00s Real=0.00s
[2020-10-07T09:44:18.278+0000][38832][safepoint    ] Safepoint "G1Concurrent", Time since last: 82285600 ns, Reaching safepoint: 143700 ns, At safepoint: 442600 ns, Total: 586300 ns
[2020-10-07T09:44:18.278+0000][38832][gc,marking   ] GC(366) Concurrent Cleanup for Next Mark
[2020-10-07T09:44:18.280+0000][38832][gc,marking   ] GC(366) Concurrent Cleanup for Next Mark 1.569ms
[2020-10-07T09:44:18.280+0000][38832][gc           ] GC(366) Concurrent Cycle 232.075ms
[2020-10-07T09:44:18.585+0000][38832][gc,start     ] GC(367) Pause Young (Concurrent Start) (G1 Humongous Allocation)
[2020-10-07T09:44:18.585+0000][38832][gc,task      ] GC(367) Using 8 workers of 8 for evacuation
[2020-10-07T09:44:18.585+0000][38832][gc,age       ] GC(367) Desired survivor size 33554432 bytes, new threshold 15 (max threshold 15)
[2020-10-07T09:44:18.589+0000][38832][gc,age       ] GC(367) Age table with threshold 15 (max threshold 15)
[2020-10-07T09:44:18.589+0000][38832][gc,age       ] GC(367) - age   1:    2502992 bytes,    2502992 total
[2020-10-07T09:44:18.589+0000][38832][gc,age       ] GC(367) - age   2:      10328 bytes,    2513320 total
[2020-10-07T09:44:18.589+0000][38832][gc,age       ] GC(367) - age   3:      39800 bytes,    2553120 total
[2020-10-07T09:44:18.589+0000][38832][gc,age       ] GC(367) - age   4:      29560 bytes,    2582680 total
[2020-10-07T09:44:18.589+0000][38832][gc,age       ] GC(367) - age   5:      11720 bytes,    2594400 total
[2020-10-07T09:44:18.589+0000][38832][gc,age       ] GC(367) - age   6:      11416 bytes,    2605816 total
[2020-10-07T09:44:18.589+0000][38832][gc,age       ] GC(367) - age   7:       1152 bytes,    2606968 total
[2020-10-07T09:44:18.589+0000][38832][gc,age       ] GC(367) - age   8:       5128 bytes,    2612096 total
[2020-10-07T09:44:18.589+0000][38832][gc,age       ] GC(367) - age   9:      19944 bytes,    2632040 total
[2020-10-07T09:44:18.589+0000][38832][gc,age       ] GC(367) - age  10:       1504 bytes,    2633544 total
[2020-10-07T09:44:18.589+0000][38832][gc,age       ] GC(367) - age  11:       6640 bytes,    2640184 total
[2020-10-07T09:44:18.590+0000][38832][gc,age       ] GC(367) - age  12:     100544 bytes,    2740728 total
[2020-10-07T09:44:18.590+0000][38832][gc,age       ] GC(367) - age  13:        808 bytes,    2741536 total
[2020-10-07T09:44:18.590+0000][38832][gc,age       ] GC(367) - age  14:       1000 bytes,    2742536 total
[2020-10-07T09:44:18.590+0000][38832][gc,age       ] GC(367) - age  15:       6248 bytes,    2748784 total
[2020-10-07T09:44:18.590+0000][38832][gc,phases    ] GC(367)   Pre Evacuate Collection Set: 0.4ms
[2020-10-07T09:44:18.590+0000][38832][gc,phases    ] GC(367)   Merge Heap Roots: 0.1ms
[2020-10-07T09:44:18.590+0000][38832][gc,phases    ] GC(367)   Evacuate Collection Set: 2.1ms
[2020-10-07T09:44:18.590+0000][38832][gc,phases    ] GC(367)   Post Evacuate Collection Set: 0.8ms
[2020-10-07T09:44:18.590+0000][38832][gc,phases    ] GC(367)   Other: 1.1ms
[2020-10-07T09:44:18.590+0000][38832][gc,heap      ] GC(367) Eden regions: 55->0(504)
[2020-10-07T09:44:18.590+0000][38832][gc,heap      ] GC(367) Survivor regions: 1->3(64)
[2020-10-07T09:44:18.590+0000][38832][gc,heap      ] GC(367) Old regions: 80->80
[2020-10-07T09:44:18.590+0000][38832][gc,heap      ] GC(367) Archive regions: 0->0
[2020-10-07T09:44:18.590+0000][38832][gc,heap      ] GC(367) Humongous regions: 227->174
[2020-10-07T09:44:18.590+0000][38832][gc,metaspace ] GC(367) Metaspace: 89758K(95744K)->89758K(95744K) NonClass: 78413K(81920K)->78413K(81920K) Class: 11344K(13824K)->11344K(13824K)
[2020-10-07T09:44:18.590+0000][38832][gc           ] GC(367) Pause Young (Concurrent Start) (G1 Humongous Allocation) 362M->256M(1024M) 5.017ms
[2020-10-07T09:44:18.590+0000][38832][gc,cpu       ] GC(367) User=0.00s Sys=0.00s Real=0.00s
[2020-10-07T09:44:18.590+0000][38832][gc           ] GC(368) Concurrent Cycle
[2020-10-07T09:44:18.590+0000][38832][safepoint    ] Safepoint "G1TryInitiateConcMark", Time since last: 306697300 ns, Reaching safepoint: 162000 ns, At safepoint: 5250900 ns, Total: 5412900 ns
[2020-10-07T09:44:18.590+0000][38832][gc,marking   ] GC(368) Concurrent Clear Claimed Marks
[2020-10-07T09:44:18.591+0000][38832][gc,marking   ] GC(368) Concurrent Clear Claimed Marks 0.731ms
[2020-10-07T09:44:18.591+0000][38832][gc,marking   ] GC(368) Concurrent Scan Root Regions
[2020-10-07T09:44:18.594+0000][38832][gc,marking   ] GC(368) Concurrent Scan Root Regions 2.263ms
[2020-10-07T09:44:18.594+0000][38832][gc,marking   ] GC(368) Concurrent Mark (133.799s)
[2020-10-07T09:44:18.594+0000][38832][gc,marking   ] GC(368) Concurrent Mark From Roots
[2020-10-07T09:44:18.594+0000][38832][gc,task      ] GC(368) Using 2 workers of 2 for marking
[2020-10-07T09:44:18.720+0000][38832][gc,marking   ] GC(368) Concurrent Mark From Roots 126.271ms
[2020-10-07T09:44:18.720+0000][38832][gc,marking   ] GC(368) Concurrent Preclean
[2020-10-07T09:44:18.721+0000][38832][gc,marking   ] GC(368) Concurrent Preclean 0.637ms
[2020-10-07T09:44:18.721+0000][38832][gc,marking   ] GC(368) Concurrent Mark (133.799s, 133.926s) 127.120ms
[2020-10-07T09:44:18.721+0000][38832][gc,start     ] GC(368) Pause Remark
[2020-10-07T09:44:18.728+0000][38832][gc           ] GC(368) Pause Remark 329M->329M(1024M) 6.692ms
[2020-10-07T09:44:18.728+0000][38832][gc,cpu       ] GC(368) User=0.09s Sys=0.03s Real=0.01s
[2020-10-07T09:44:18.728+0000][38832][safepoint    ] Safepoint "G1Concurrent", Time since last: 130570900 ns, Reaching safepoint: 152500 ns, At safepoint: 7008600 ns, Total: 7161100 ns
[2020-10-07T09:44:18.728+0000][38832][gc,marking   ] GC(368) Concurrent Rebuild Remembered Sets
[2020-10-07T09:44:18.810+0000][38832][gc,marking   ] GC(368) Concurrent Rebuild Remembered Sets 81.951ms
[2020-10-07T09:44:18.811+0000][38832][gc,start     ] GC(368) Pause Cleanup
[2020-10-07T09:44:18.811+0000][38832][gc           ] GC(368) Pause Cleanup 330M->330M(1024M) 0.300ms
[2020-10-07T09:44:18.811+0000][38832][gc,cpu       ] GC(368) User=0.00s Sys=0.00s Real=0.00s
[2020-10-07T09:44:18.811+0000][38832][safepoint    ] Safepoint "G1Concurrent", Time since last: 82173000 ns, Reaching safepoint: 149500 ns, At safepoint: 492000 ns, Total: 641500 ns
[2020-10-07T09:44:18.811+0000][38832][gc,marking   ] GC(368) Concurrent Cleanup for Next Mark
[2020-10-07T09:44:18.813+0000][38832][gc,marking   ] GC(368) Concurrent Cleanup for Next Mark 1.607ms
[2020-10-07T09:44:18.813+0000][38832][gc           ] GC(368) Concurrent Cycle 222.422ms
[2020-10-07T09:44:18.841+0000][38832][gc,start     ] GC(369) Pause Young (Concurrent Start) (G1 Humongous Allocation)
[2020-10-07T09:44:18.841+0000][38832][gc,task      ] GC(369) Using 8 workers of 8 for evacuation
[2020-10-07T09:44:18.841+0000][38832][gc,age       ] GC(369) Desired survivor size 33554432 bytes, new threshold 15 (max threshold 15)
[2020-10-07T09:44:18.844+0000][38832][gc,age       ] GC(369) Age table with threshold 15 (max threshold 15)
[2020-10-07T09:44:18.844+0000][38832][gc,age       ] GC(369) - age   1:    2632696 bytes,    2632696 total
[2020-10-07T09:44:18.844+0000][38832][gc,age       ] GC(369) - age   2:      11584 bytes,    2644280 total
[2020-10-07T09:44:18.844+0000][38832][gc,age       ] GC(369) - age   3:       9816 bytes,    2654096 total
[2020-10-07T09:44:18.844+0000][38832][gc,age       ] GC(369) - age   4:      39736 bytes,    2693832 total
[2020-10-07T09:44:18.844+0000][38832][gc,age       ] GC(369) - age   5:      26928 bytes,    2720760 total
[2020-10-07T09:44:18.844+0000][38832][gc,age       ] GC(369) - age   6:      11432 bytes,    2732192 total
[2020-10-07T09:44:18.844+0000][38832][gc,age       ] GC(369) - age   7:      11320 bytes,    2743512 total
[2020-10-07T09:44:18.844+0000][38832][gc,age       ] GC(369) - age   8:       1152 bytes,    2744664 total
[2020-10-07T09:44:18.844+0000][38832][gc,age       ] GC(369) - age   9:       5064 bytes,    2749728 total
[2020-10-07T09:44:18.845+0000][38832][gc,age       ] GC(369) - age  10:      19912 bytes,    2769640 total
[2020-10-07T09:44:18.845+0000][38832][gc,age       ] GC(369) - age  11:       1504 bytes,    2771144 total
[2020-10-07T09:44:18.845+0000][38832][gc,age       ] GC(369) - age  12:       6640 bytes,    2777784 total
[2020-10-07T09:44:18.845+0000][38832][gc,age       ] GC(369) - age  13:     100544 bytes,    2878328 total
[2020-10-07T09:44:18.845+0000][38832][gc,age       ] GC(369) - age  14:        808 bytes,    2879136 total
[2020-10-07T09:44:18.845+0000][38832][gc,age       ] GC(369) - age  15:       1000 bytes,    2880136 total
[2020-10-07T09:44:18.845+0000][38832][gc,phases    ] GC(369)   Pre Evacuate Collection Set: 0.5ms
[2020-10-07T09:44:18.845+0000][38832][gc,phases    ] GC(369)   Merge Heap Roots: 0.1ms
[2020-10-07T09:44:18.845+0000][38832][gc,phases    ] GC(369)   Evacuate Collection Set: 2.0ms
[2020-10-07T09:44:18.845+0000][38832][gc,phases    ] GC(369)   Post Evacuate Collection Set: 0.7ms
[2020-10-07T09:44:18.845+0000][38832][gc,phases    ] GC(369)   Other: 1.0ms
[2020-10-07T09:44:18.845+0000][38832][gc,heap      ] GC(369) Eden regions: 28->0(504)
[2020-10-07T09:44:18.845+0000][38832][gc,heap      ] GC(369) Survivor regions: 3->3(64)
[2020-10-07T09:44:18.845+0000][38832][gc,heap      ] GC(369) Old regions: 80->80
[2020-10-07T09:44:18.845+0000][38832][gc,heap      ] GC(369) Archive regions: 0->0
[2020-10-07T09:44:18.845+0000][38832][gc,heap      ] GC(369) Humongous regions: 227->174
[2020-10-07T09:44:18.845+0000][38832][gc,metaspace ] GC(369) Metaspace: 89759K(95744K)->89759K(95744K) NonClass: 78414K(81920K)->78414K(81920K) Class: 11344K(13824K)->11344K(13824K)
[2020-10-07T09:44:18.845+0000][38832][gc           ] GC(369) Pause Young (Concurrent Start) (G1 Humongous Allocation) 337M->256M(1024M) 4.489ms
[2020-10-07T09:44:18.845+0000][38832][gc,cpu       ] GC(369) User=0.00s Sys=0.00s Real=0.00s
[2020-10-07T09:44:18.845+0000][38832][safepoint    ] Safepoint "G1TryInitiateConcMark", Time since last: 29239400 ns, Reaching safepoint: 203700 ns, At safepoint: 4711500 ns, Total: 4915200 ns
[2020-10-07T09:44:18.845+0000][38832][gc           ] GC(370) Concurrent Cycle
[2020-10-07T09:44:18.845+0000][38832][gc,marking   ] GC(370) Concurrent Clear Claimed Marks
[2020-10-07T09:44:18.846+0000][38832][gc,marking   ] GC(370) Concurrent Clear Claimed Marks 0.453ms
[2020-10-07T09:44:18.846+0000][38832][gc,marking   ] GC(370) Concurrent Scan Root Regions
[2020-10-07T09:44:18.847+0000][38832][gc,marking   ] GC(370) Concurrent Scan Root Regions 1.511ms
[2020-10-07T09:44:18.847+0000][38832][gc,marking   ] GC(370) Concurrent Mark (134.053s)
[2020-10-07T09:44:18.847+0000][38832][gc,marking   ] GC(370) Concurrent Mark From Roots
[2020-10-07T09:44:18.847+0000][38832][gc,task      ] GC(370) Using 2 workers of 2 for marking
[2020-10-07T09:44:18.964+0000][38832][gc,marking   ] GC(370) Concurrent Mark From Roots 116.358ms
[2020-10-07T09:44:18.964+0000][38832][gc,marking   ] GC(370) Concurrent Preclean
[2020-10-07T09:44:18.965+0000][38832][gc,marking   ] GC(370) Concurrent Preclean 0.652ms
[2020-10-07T09:44:18.965+0000][38832][gc,marking   ] GC(370) Concurrent Mark (134.053s, 134.170s) 117.199ms
[2020-10-07T09:44:18.965+0000][38832][gc,start     ] GC(370) Pause Remark
[2020-10-07T09:44:18.971+0000][38832][gc           ] GC(370) Pause Remark 335M->335M(1024M) 6.224ms
[2020-10-07T09:44:18.971+0000][38832][gc,cpu       ] GC(370) User=0.00s Sys=0.00s Real=0.01s
[2020-10-07T09:44:18.971+0000][38832][safepoint    ] Safepoint "G1Concurrent", Time since last: 119494200 ns, Reaching safepoint: 139000 ns, At safepoint: 6444600 ns, Total: 6583600 ns
[2020-10-07T09:44:18.971+0000][38832][gc,marking   ] GC(370) Concurrent Rebuild Remembered Sets
[2020-10-07T09:44:19.047+0000][38832][gc,marking   ] GC(370) Concurrent Rebuild Remembered Sets 76.171ms
[2020-10-07T09:44:19.047+0000][38832][gc,start     ] GC(370) Pause Cleanup
[2020-10-07T09:44:19.047+0000][38832][gc           ] GC(370) Pause Cleanup 469M->469M(1024M) 0.277ms
[2020-10-07T09:44:19.047+0000][38832][gc,cpu       ] GC(370) User=0.00s Sys=0.00s Real=0.00s
[2020-10-07T09:44:19.048+0000][38832][safepoint    ] Safepoint "G1Concurrent", Time since last: 76348100 ns, Reaching safepoint: 139400 ns, At safepoint: 425400 ns, Total: 564800 ns
[2020-10-07T09:44:19.048+0000][38832][gc,marking   ] GC(370) Concurrent Cleanup for Next Mark
[2020-10-07T09:44:19.049+0000][38832][gc,marking   ] GC(370) Concurrent Cleanup for Next Mark 1.322ms
[2020-10-07T09:44:19.049+0000][38832][gc           ] GC(370) Concurrent Cycle 204.478ms
[2020-10-07T09:44:19.078+0000][38832][gc,start     ] GC(371) Pause Young (Concurrent Start) (G1 Humongous Allocation)
[2020-10-07T09:44:19.078+0000][38832][gc,task      ] GC(371) Using 8 workers of 8 for evacuation
[2020-10-07T09:44:19.078+0000][38832][gc,age       ] GC(371) Desired survivor size 33554432 bytes, new threshold 15 (max threshold 15)
[2020-10-07T09:44:19.082+0000][38832][gc,age       ] GC(371) Age table with threshold 15 (max threshold 15)
[2020-10-07T09:44:19.082+0000][38832][gc,age       ] GC(371) - age   1:    1187400 bytes,    1187400 total
[2020-10-07T09:44:19.082+0000][38832][gc,age       ] GC(371) - age   2:       1952 bytes,    1189352 total
[2020-10-07T09:44:19.082+0000][38832][gc,age       ] GC(371) - age   3:      10472 bytes,    1199824 total
[2020-10-07T09:44:19.082+0000][38832][gc,age       ] GC(371) - age   4:       8336 bytes,    1208160 total
[2020-10-07T09:44:19.082+0000][38832][gc,age       ] GC(371) - age   5:      39736 bytes,    1247896 total
[2020-10-07T09:44:19.082+0000][38832][gc,age       ] GC(371) - age   6:      22816 bytes,    1270712 total
[2020-10-07T09:44:19.082+0000][38832][gc,age       ] GC(371) - age   7:      11352 bytes,    1282064 total
[2020-10-07T09:44:19.082+0000][38832][gc,age       ] GC(371) - age   8:      11320 bytes,    1293384 total
[2020-10-07T09:44:19.082+0000][38832][gc,age       ] GC(371) - age   9:       1152 bytes,    1294536 total
[2020-10-07T09:44:19.082+0000][38832][gc,age       ] GC(371) - age  10:       5064 bytes,    1299600 total
[2020-10-07T09:44:19.082+0000][38832][gc,age       ] GC(371) - age  11:      19912 bytes,    1319512 total
[2020-10-07T09:44:19.082+0000][38832][gc,age       ] GC(371) - age  12:       1504 bytes,    1321016 total
[2020-10-07T09:44:19.082+0000][38832][gc,age       ] GC(371) - age  13:       6544 bytes,    1327560 total
[2020-10-07T09:44:19.082+0000][38832][gc,age       ] GC(371) - age  14:     100480 bytes,    1428040 total
[2020-10-07T09:44:19.082+0000][38832][gc,age       ] GC(371) - age  15:        808 bytes,    1428848 total
[2020-10-07T09:44:19.082+0000][38832][gc,phases    ] GC(371)   Pre Evacuate Collection Set: 0.4ms
[2020-10-07T09:44:19.082+0000][38832][gc,phases    ] GC(371)   Merge Heap Roots: 0.1ms
[2020-10-07T09:44:19.082+0000][38832][gc,phases    ] GC(371)   Evacuate Collection Set: 1.8ms
[2020-10-07T09:44:19.082+0000][38832][gc,phases    ] GC(371)   Post Evacuate Collection Set: 0.6ms
[2020-10-07T09:44:19.082+0000][38832][gc,phases    ] GC(371)   Other: 0.8ms
[2020-10-07T09:44:19.082+0000][38832][gc,heap      ] GC(371) Eden regions: 62->0(506)
[2020-10-07T09:44:19.082+0000][38832][gc,heap      ] GC(371) Survivor regions: 3->2(64)
[2020-10-07T09:44:19.082+0000][38832][gc,heap      ] GC(371) Old regions: 80->80
[2020-10-07T09:44:19.082+0000][38832][gc,heap      ] GC(371) Archive regions: 0->0
[2020-10-07T09:44:19.082+0000][38832][gc,heap      ] GC(371) Humongous regions: 334->174
[2020-10-07T09:44:19.082+0000][38832][gc,metaspace ] GC(371) Metaspace: 89759K(95744K)->89759K(95744K) NonClass: 78414K(81920K)->78414K(81920K) Class: 11344K(13824K)->11344K(13824K)
[2020-10-07T09:44:19.082+0000][38832][gc           ] GC(371) Pause Young (Concurrent Start) (G1 Humongous Allocation) 478M->255M(1024M) 4.045ms
[2020-10-07T09:44:19.082+0000][38832][gc,cpu       ] GC(371) User=0.00s Sys=0.00s Real=0.00s
[2020-10-07T09:44:19.082+0000][38832][gc           ] GC(372) Concurrent Cycle
[2020-10-07T09:44:19.082+0000][38832][safepoint    ] Safepoint "G1TryInitiateConcMark", Time since last: 30500800 ns, Reaching safepoint: 203500 ns, At safepoint: 4224700 ns, Total: 4428200 ns
[2020-10-07T09:44:19.083+0000][38832][gc,marking   ] GC(372) Concurrent Clear Claimed Marks
[2020-10-07T09:44:19.083+0000][38832][gc,marking   ] GC(372) Concurrent Clear Claimed Marks 0.489ms
[2020-10-07T09:44:19.083+0000][38832][gc,marking   ] GC(372) Concurrent Scan Root Regions
[2020-10-07T09:44:19.084+0000][38832][gc,marking   ] GC(372) Concurrent Scan Root Regions 1.243ms
[2020-10-07T09:44:19.084+0000][38832][gc,marking   ] GC(372) Concurrent Mark (134.290s)
[2020-10-07T09:44:19.084+0000][38832][gc,marking   ] GC(372) Concurrent Mark From Roots
[2020-10-07T09:44:19.084+0000][38832][gc,task      ] GC(372) Using 2 workers of 2 for marking
[2020-10-07T09:44:19.233+0000][38832][gc,marking   ] GC(372) Concurrent Mark From Roots 148.239ms
[2020-10-07T09:44:19.233+0000][38832][gc,marking   ] GC(372) Concurrent Preclean
[2020-10-07T09:44:19.233+0000][38832][gc,marking   ] GC(372) Concurrent Preclean 0.631ms
[2020-10-07T09:44:19.233+0000][38832][gc,marking   ] GC(372) Concurrent Mark (134.290s, 134.439s) 149.028ms
[2020-10-07T09:44:19.234+0000][38832][gc,start     ] GC(372) Pause Remark
[2020-10-07T09:44:19.241+0000][38832][gc           ] GC(372) Pause Remark 284M->284M(1024M) 6.976ms
[2020-10-07T09:44:19.241+0000][38832][gc,cpu       ] GC(372) User=0.00s Sys=0.00s Real=0.01s
[2020-10-07T09:44:19.241+0000][38832][safepoint    ] Safepoint "G1Concurrent", Time since last: 150984400 ns, Reaching safepoint: 327100 ns, At safepoint: 7248800 ns, Total: 7575900 ns
[2020-10-07T09:44:19.241+0000][38832][gc,marking   ] GC(372) Concurrent Rebuild Remembered Sets
[2020-10-07T09:44:19.324+0000][38832][gc,marking   ] GC(372) Concurrent Rebuild Remembered Sets 82.747ms
[2020-10-07T09:44:19.324+0000][38832][gc,start     ] GC(372) Pause Cleanup
[2020-10-07T09:44:19.325+0000][38832][gc           ] GC(372) Pause Cleanup 350M->350M(1024M) 0.346ms
[2020-10-07T09:44:19.325+0000][38832][gc,cpu       ] GC(372) User=0.00s Sys=0.00s Real=0.00s
[2020-10-07T09:44:19.325+0000][38832][safepoint    ] Safepoint "G1Concurrent", Time since last: 82947400 ns, Reaching safepoint: 179400 ns, At safepoint: 552200 ns, Total: 731600 ns
[2020-10-07T09:44:19.325+0000][38832][gc,marking   ] GC(372) Concurrent Cleanup for Next Mark
[2020-10-07T09:44:19.327+0000][38832][gc,marking   ] GC(372) Concurrent Cleanup for Next Mark 1.873ms
[2020-10-07T09:44:19.327+0000][38832][gc           ] GC(372) Concurrent Cycle 244.368ms
[2020-10-07T09:44:19.397+0000][38832][gc,start     ] GC(373) Pause Young (Concurrent Start) (G1 Humongous Allocation)
[2020-10-07T09:44:19.397+0000][38832][gc,task      ] GC(373) Using 8 workers of 8 for evacuation
[2020-10-07T09:44:19.398+0000][38832][gc,age       ] GC(373) Desired survivor size 33554432 bytes, new threshold 15 (max threshold 15)
[2020-10-07T09:44:19.402+0000][38832][gc,age       ] GC(373) Age table with threshold 15 (max threshold 15)
[2020-10-07T09:44:19.402+0000][38832][gc,age       ] GC(373) - age   1:    2815016 bytes,    2815016 total
[2020-10-07T09:44:19.402+0000][38832][gc,age       ] GC(373) - age   2:       6552 bytes,    2821568 total
[2020-10-07T09:44:19.402+0000][38832][gc,age       ] GC(373) - age   3:       1392 bytes,    2822960 total
[2020-10-07T09:44:19.402+0000][38832][gc,age       ] GC(373) - age   4:       9992 bytes,    2832952 total
[2020-10-07T09:44:19.402+0000][38832][gc,age       ] GC(373) - age   5:       8112 bytes,    2841064 total
[2020-10-07T09:44:19.402+0000][38832][gc,age       ] GC(373) - age   6:      39672 bytes,    2880736 total
[2020-10-07T09:44:19.402+0000][38832][gc,age       ] GC(373) - age   7:      22640 bytes,    2903376 total
[2020-10-07T09:44:19.402+0000][38832][gc,age       ] GC(373) - age   8:      10840 bytes,    2914216 total
[2020-10-07T09:44:19.402+0000][38832][gc,age       ] GC(373) - age   9:      11064 bytes,    2925280 total
[2020-10-07T09:44:19.402+0000][38832][gc,age       ] GC(373) - age  10:       1152 bytes,    2926432 total
[2020-10-07T09:44:19.402+0000][38832][gc,age       ] GC(373) - age  11:       5064 bytes,    2931496 total
[2020-10-07T09:44:19.402+0000][38832][gc,age       ] GC(373) - age  12:      19912 bytes,    2951408 total
[2020-10-07T09:44:19.402+0000][38832][gc,age       ] GC(373) - age  13:       1504 bytes,    2952912 total
[2020-10-07T09:44:19.402+0000][38832][gc,age       ] GC(373) - age  14:       6512 bytes,    2959424 total
[2020-10-07T09:44:19.402+0000][38832][gc,age       ] GC(373) - age  15:     100480 bytes,    3059904 total
[2020-10-07T09:44:19.403+0000][38832][gc,phases    ] GC(373)   Pre Evacuate Collection Set: 0.5ms
[2020-10-07T09:44:19.403+0000][38832][gc,phases    ] GC(373)   Merge Heap Roots: 0.1ms
[2020-10-07T09:44:19.403+0000][38832][gc,phases    ] GC(373)   Evacuate Collection Set: 2.5ms
[2020-10-07T09:44:19.403+0000][38832][gc,phases    ] GC(373)   Post Evacuate Collection Set: 0.9ms
[2020-10-07T09:44:19.403+0000][38832][gc,phases    ] GC(373)   Other: 1.3ms
[2020-10-07T09:44:19.403+0000][38832][gc,heap      ] GC(373) Eden regions: 43->0(504)
[2020-10-07T09:44:19.403+0000][38832][gc,heap      ] GC(373) Survivor regions: 2->3(64)
[2020-10-07T09:44:19.403+0000][38832][gc,heap      ] GC(373) Old regions: 80->80
[2020-10-07T09:44:19.403+0000][38832][gc,heap      ] GC(373) Archive regions: 0->0
[2020-10-07T09:44:19.403+0000][38832][gc,heap      ] GC(373) Humongous regions: 234->174
[2020-10-07T09:44:19.403+0000][38832][gc,metaspace ] GC(373) Metaspace: 89780K(95744K)->89780K(95744K) NonClass: 78434K(81920K)->78434K(81920K) Class: 11345K(13824K)->11345K(13824K)
[2020-10-07T09:44:19.403+0000][38832][gc           ] GC(373) Pause Young (Concurrent Start) (G1 Humongous Allocation) 357M->256M(1024M) 5.744ms
[2020-10-07T09:44:19.403+0000][38832][gc,cpu       ] GC(373) User=0.02s Sys=0.02s Real=0.01s
[2020-10-07T09:44:19.403+0000][38832][safepoint    ] Safepoint "G1TryInitiateConcMark", Time since last: 71743900 ns, Reaching safepoint: 200000 ns, At safepoint: 5993600 ns, Total: 6193600 ns
[2020-10-07T09:44:19.403+0000][38832][gc           ] GC(374) Concurrent Cycle
[2020-10-07T09:44:19.403+0000][38832][gc,marking   ] GC(374) Concurrent Clear Claimed Marks
[2020-10-07T09:44:19.404+0000][38832][gc,marking   ] GC(374) Concurrent Clear Claimed Marks 0.970ms
[2020-10-07T09:44:19.405+0000][38832][gc,marking   ] GC(374) Concurrent Scan Root Regions
[2020-10-07T09:44:19.408+0000][38832][gc,marking   ] GC(374) Concurrent Scan Root Regions 3.232ms
[2020-10-07T09:44:19.408+0000][38832][gc,marking   ] GC(374) Concurrent Mark (134.613s)
[2020-10-07T09:44:19.408+0000][38832][gc,marking   ] GC(374) Concurrent Mark From Roots
[2020-10-07T09:44:19.408+0000][38832][gc,task      ] GC(374) Using 2 workers of 2 for marking
[2020-10-07T09:44:19.587+0000][38832][gc,marking   ] GC(374) Concurrent Mark From Roots 178.852ms
[2020-10-07T09:44:19.587+0000][38832][gc,marking   ] GC(374) Concurrent Preclean
[2020-10-07T09:44:19.588+0000][38832][gc,marking   ] GC(374) Concurrent Preclean 0.910ms
[2020-10-07T09:44:19.588+0000][38832][gc,marking   ] GC(374) Concurrent Mark (134.613s, 134.793s) 179.992ms
[2020-10-07T09:44:19.588+0000][38832][gc,start     ] GC(374) Pause Remark
[2020-10-07T09:44:19.596+0000][38832][gc           ] GC(374) Pause Remark 320M->320M(1024M) 7.367ms
[2020-10-07T09:44:19.596+0000][38832][gc,cpu       ] GC(374) User=0.00s Sys=0.00s Real=0.01s
[2020-10-07T09:44:19.596+0000][38832][safepoint    ] Safepoint "G1Concurrent", Time since last: 184824400 ns, Reaching safepoint: 155600 ns, At safepoint: 7652000 ns, Total: 7807600 ns
[2020-10-07T09:44:19.596+0000][38832][gc,marking   ] GC(374) Concurrent Rebuild Remembered Sets
[2020-10-07T09:44:19.703+0000][38832][gc,marking   ] GC(374) Concurrent Rebuild Remembered Sets 107.380ms
[2020-10-07T09:44:19.703+0000][38832][gc,start     ] GC(374) Pause Cleanup
[2020-10-07T09:44:19.704+0000][38832][gc           ] GC(374) Pause Cleanup 708M->708M(1024M) 0.367ms
[2020-10-07T09:44:19.704+0000][38832][gc,cpu       ] GC(374) User=0.00s Sys=0.00s Real=0.00s
[2020-10-07T09:44:19.704+0000][38832][safepoint    ] Safepoint "G1Concurrent", Time since last: 107641600 ns, Reaching safepoint: 176300 ns, At safepoint: 690700 ns, Total: 867000 ns
[2020-10-07T09:44:19.704+0000][38832][gc,marking   ] GC(374) Concurrent Cleanup for Next Mark
[2020-10-07T09:44:19.706+0000][38832][gc,marking   ] GC(374) Concurrent Cleanup for Next Mark 1.616ms
[2020-10-07T09:44:19.706+0000][38832][gc           ] GC(374) Concurrent Cycle 303.011ms
[2020-10-07T09:44:19.737+0000][38832][gc,start     ] GC(375) Pause Young (Concurrent Start) (G1 Humongous Allocation)
[2020-10-07T09:44:19.737+0000][38832][gc,task      ] GC(375) Using 8 workers of 8 for evacuation
[2020-10-07T09:44:19.737+0000][38832][gc,age       ] GC(375) Desired survivor size 33554432 bytes, new threshold 15 (max threshold 15)
[2020-10-07T09:44:19.742+0000][38832][gc,age       ] GC(375) Age table with threshold 15 (max threshold 15)
[2020-10-07T09:44:19.742+0000][38832][gc,age       ] GC(375) - age   1:    3644400 bytes,    3644400 total
[2020-10-07T09:44:19.742+0000][38832][gc,age       ] GC(375) - age   2:      35384 bytes,    3679784 total
[2020-10-07T09:44:19.742+0000][38832][gc,age       ] GC(375) - age   3:       5560 bytes,    3685344 total
[2020-10-07T09:44:19.742+0000][38832][gc,age       ] GC(375) - age   4:       1328 bytes,    3686672 total
[2020-10-07T09:44:19.742+0000][38832][gc,age       ] GC(375) - age   5:       8888 bytes,    3695560 total
[2020-10-07T09:44:19.742+0000][38832][gc,age       ] GC(375) - age   6:       8048 bytes,    3703608 total
[2020-10-07T09:44:19.742+0000][38832][gc,age       ] GC(375) - age   7:      39608 bytes,    3743216 total
[2020-10-07T09:44:19.742+0000][38832][gc,age       ] GC(375) - age   8:      22640 bytes,    3765856 total
[2020-10-07T09:44:19.742+0000][38832][gc,age       ] GC(375) - age   9:      10840 bytes,    3776696 total
[2020-10-07T09:44:19.742+0000][38832][gc,age       ] GC(375) - age  10:      11064 bytes,    3787760 total
[2020-10-07T09:44:19.742+0000][38832][gc,age       ] GC(375) - age  11:       1120 bytes,    3788880 total
[2020-10-07T09:44:19.742+0000][38832][gc,age       ] GC(375) - age  12:       4968 bytes,    3793848 total
[2020-10-07T09:44:19.742+0000][38832][gc,age       ] GC(375) - age  13:      19912 bytes,    3813760 total
[2020-10-07T09:44:19.742+0000][38832][gc,age       ] GC(375) - age  14:       1504 bytes,    3815264 total
[2020-10-07T09:44:19.742+0000][38832][gc,age       ] GC(375) - age  15:       6416 bytes,    3821680 total
[2020-10-07T09:44:19.743+0000][38832][gc,phases    ] GC(375)   Pre Evacuate Collection Set: 0.5ms
[2020-10-07T09:44:19.743+0000][38832][gc,phases    ] GC(375)   Merge Heap Roots: 0.2ms
[2020-10-07T09:44:19.743+0000][38832][gc,phases    ] GC(375)   Evacuate Collection Set: 2.7ms
[2020-10-07T09:44:19.743+0000][38832][gc,phases    ] GC(375)   Post Evacuate Collection Set: 1.4ms
[2020-10-07T09:44:19.743+0000][38832][gc,phases    ] GC(375)   Other: 1.2ms
[2020-10-07T09:44:19.743+0000][38832][gc,heap      ] GC(375) Eden regions: 120->0(500)
[2020-10-07T09:44:19.743+0000][38832][gc,heap      ] GC(375) Survivor regions: 3->4(64)
[2020-10-07T09:44:19.743+0000][38832][gc,heap      ] GC(375) Old regions: 80->81
[2020-10-07T09:44:19.743+0000][38832][gc,heap      ] GC(375) Archive regions: 0->0
[2020-10-07T09:44:19.743+0000][38832][gc,heap      ] GC(375) Humongous regions: 518->174
[2020-10-07T09:44:19.743+0000][38832][gc,metaspace ] GC(375) Metaspace: 89782K(95744K)->89782K(95744K) NonClass: 78437K(81920K)->78437K(81920K) Class: 11345K(13824K)->11345K(13824K)
[2020-10-07T09:44:19.743+0000][38832][gc           ] GC(375) Pause Young (Concurrent Start) (G1 Humongous Allocation) 720M->257M(1024M) 6.425ms
[2020-10-07T09:44:19.743+0000][38832][gc,cpu       ] GC(375) User=0.02s Sys=0.00s Real=0.01s
[2020-10-07T09:44:19.743+0000][38832][gc           ] GC(376) Concurrent Cycle
[2020-10-07T09:44:19.743+0000][38832][gc,marking   ] GC(376) Concurrent Clear Claimed Marks
[2020-10-07T09:44:19.744+0000][38832][gc,marking   ] GC(376) Concurrent Clear Claimed Marks 0.387ms
[2020-10-07T09:44:19.744+0000][38832][gc,marking   ] GC(376) Concurrent Scan Root Regions
[2020-10-07T09:44:19.745+0000][38832][safepoint    ] Safepoint "G1TryInitiateConcMark", Time since last: 32337800 ns, Reaching safepoint: 196200 ns, At safepoint: 8130300 ns, Total: 8326500 ns
[2020-10-07T09:44:19.746+0000][38832][gc,marking   ] GC(376) Concurrent Scan Root Regions 2.561ms
[2020-10-07T09:44:19.747+0000][38832][gc,marking   ] GC(376) Concurrent Mark (134.952s)
[2020-10-07T09:44:19.747+0000][38832][gc,marking   ] GC(376) Concurrent Mark From Roots
[2020-10-07T09:44:19.747+0000][38832][gc,task      ] GC(376) Using 2 workers of 2 for marking
[2020-10-07T09:44:19.934+0000][38832][gc,marking   ] GC(376) Concurrent Mark From Roots 187.262ms
[2020-10-07T09:44:19.934+0000][38832][gc,marking   ] GC(376) Concurrent Preclean
[2020-10-07T09:44:19.935+0000][38832][gc,marking   ] GC(376) Concurrent Preclean 0.938ms
[2020-10-07T09:44:19.935+0000][38832][gc,marking   ] GC(376) Concurrent Mark (134.952s, 135.141s) 188.430ms
[2020-10-07T09:44:19.935+0000][38832][gc,start     ] GC(376) Pause Remark
[2020-10-07T09:44:19.944+0000][38832][gc           ] GC(376) Pause Remark 404M->404M(1024M) 8.816ms
[2020-10-07T09:44:19.944+0000][38832][gc,cpu       ] GC(376) User=0.02s Sys=0.02s Real=0.01s
[2020-10-07T09:44:19.944+0000][38832][safepoint    ] Safepoint "G1Concurrent", Time since last: 190338400 ns, Reaching safepoint: 164700 ns, At safepoint: 9137800 ns, Total: 9302500 ns
[2020-10-07T09:44:19.945+0000][38832][gc,marking   ] GC(376) Concurrent Rebuild Remembered Sets
[2020-10-07T09:44:20.047+0000][38832][gc,marking   ] GC(376) Concurrent Rebuild Remembered Sets 102.232ms
[2020-10-07T09:44:20.047+0000][38832][gc,start     ] GC(376) Pause Cleanup
[2020-10-07T09:44:20.047+0000][38832][gc           ] GC(376) Pause Cleanup 409M->409M(1024M) 0.346ms
[2020-10-07T09:44:20.048+0000][38832][gc,cpu       ] GC(376) User=0.00s Sys=0.00s Real=0.00s
[2020-10-07T09:44:20.048+0000][38832][safepoint    ] Safepoint "G1Concurrent", Time since last: 102473200 ns, Reaching safepoint: 172700 ns, At safepoint: 600900 ns, Total: 773600 ns
[2020-10-07T09:44:20.048+0000][38832][gc,marking   ] GC(376) Concurrent Cleanup for Next Mark
[2020-10-07T09:44:20.050+0000][38832][gc,marking   ] GC(376) Concurrent Cleanup for Next Mark 1.786ms
[2020-10-07T09:44:20.050+0000][38832][gc           ] GC(376) Concurrent Cycle 306.361ms
[2020-10-07T09:44:20.072+0000][38832][gc,start     ] GC(377) Pause Young (Concurrent Start) (G1 Humongous Allocation)
[2020-10-07T09:44:20.072+0000][38832][gc,task      ] GC(377) Using 8 workers of 8 for evacuation
[2020-10-07T09:44:20.072+0000][38832][gc,age       ] GC(377) Desired survivor size 33030144 bytes, new threshold 15 (max threshold 15)
[2020-10-07T09:44:20.077+0000][38832][gc,age       ] GC(377) Age table with threshold 15 (max threshold 15)
[2020-10-07T09:44:20.077+0000][38832][gc,age       ] GC(377) - age   1:    4000520 bytes,    4000520 total
[2020-10-07T09:44:20.077+0000][38832][gc,age       ] GC(377) - age   2:     215336 bytes,    4215856 total
[2020-10-07T09:44:20.077+0000][38832][gc,age       ] GC(377) - age   3:      31680 bytes,    4247536 total
[2020-10-07T09:44:20.077+0000][38832][gc,age       ] GC(377) - age   4:       4192 bytes,    4251728 total
[2020-10-07T09:44:20.077+0000][38832][gc,age       ] GC(377) - age   5:        976 bytes,    4252704 total
[2020-10-07T09:44:20.077+0000][38832][gc,age       ] GC(377) - age   6:       8728 bytes,    4261432 total
[2020-10-07T09:44:20.077+0000][38832][gc,age       ] GC(377) - age   7:       7984 bytes,    4269416 total
[2020-10-07T09:44:20.077+0000][38832][gc,age       ] GC(377) - age   8:      39544 bytes,    4308960 total
[2020-10-07T09:44:20.077+0000][38832][gc,age       ] GC(377) - age   9:      22640 bytes,    4331600 total
[2020-10-07T09:44:20.077+0000][38832][gc,age       ] GC(377) - age  10:      10840 bytes,    4342440 total
[2020-10-07T09:44:20.077+0000][38832][gc,age       ] GC(377) - age  11:      11064 bytes,    4353504 total
[2020-10-07T09:44:20.077+0000][38832][gc,age       ] GC(377) - age  12:       1056 bytes,    4354560 total
[2020-10-07T09:44:20.077+0000][38832][gc,age       ] GC(377) - age  13:       4936 bytes,    4359496 total
[2020-10-07T09:44:20.077+0000][38832][gc,age       ] GC(377) - age  14:      19912 bytes,    4379408 total
[2020-10-07T09:44:20.078+0000][38832][gc,age       ] GC(377) - age  15:       1504 bytes,    4380912 total
[2020-10-07T09:44:20.078+0000][38832][gc,phases    ] GC(377)   Pre Evacuate Collection Set: 0.5ms
[2020-10-07T09:44:20.078+0000][38832][gc,phases    ] GC(377)   Merge Heap Roots: 0.1ms
[2020-10-07T09:44:20.078+0000][38832][gc,phases    ] GC(377)   Evacuate Collection Set: 2.7ms
[2020-10-07T09:44:20.078+0000][38832][gc,phases    ] GC(377)   Post Evacuate Collection Set: 0.8ms
[2020-10-07T09:44:20.078+0000][38832][gc,phases    ] GC(377)   Other: 1.3ms
[2020-10-07T09:44:20.078+0000][38832][gc,heap      ] GC(377) Eden regions: 59->0(498)
[2020-10-07T09:44:20.078+0000][38832][gc,heap      ] GC(377) Survivor regions: 4->5(63)
[2020-10-07T09:44:20.078+0000][38832][gc,heap      ] GC(377) Old regions: 81->81
[2020-10-07T09:44:20.078+0000][38832][gc,heap      ] GC(377) Archive regions: 0->0
[2020-10-07T09:44:20.078+0000][38832][gc,heap      ] GC(377) Humongous regions: 272->174
[2020-10-07T09:44:20.078+0000][38832][gc,metaspace ] GC(377) Metaspace: 89783K(95744K)->89783K(95744K) NonClass: 78438K(81920K)->78438K(81920K) Class: 11345K(13824K)->11345K(13824K)
[2020-10-07T09:44:20.078+0000][38832][gc           ] GC(377) Pause Young (Concurrent Start) (G1 Humongous Allocation) 414M->258M(1024M) 6.137ms
[2020-10-07T09:44:20.079+0000][38832][gc,cpu       ] GC(377) User=0.00s Sys=0.00s Real=0.01s
[2020-10-07T09:44:20.079+0000][38832][gc           ] GC(378) Concurrent Cycle
[2020-10-07T09:44:20.079+0000][38832][safepoint    ] Safepoint "G1TryInitiateConcMark", Time since last: 24237900 ns, Reaching safepoint: 247000 ns, At safepoint: 6423900 ns, Total: 6670900 ns
[2020-10-07T09:44:20.079+0000][38832][gc,marking   ] GC(378) Concurrent Clear Claimed Marks
[2020-10-07T09:44:20.079+0000][38832][gc,marking   ] GC(378) Concurrent Clear Claimed Marks 0.491ms
[2020-10-07T09:44:20.079+0000][38832][gc,marking   ] GC(378) Concurrent Scan Root Regions
[2020-10-07T09:44:20.083+0000][38832][gc,marking   ] GC(378) Concurrent Scan Root Regions 3.268ms
[2020-10-07T09:44:20.083+0000][38832][gc,marking   ] GC(378) Concurrent Mark (135.288s)
[2020-10-07T09:44:20.083+0000][38832][gc,marking   ] GC(378) Concurrent Mark From Roots
[2020-10-07T09:44:20.083+0000][38832][gc,task      ] GC(378) Using 2 workers of 2 for marking
[2020-10-07T09:44:20.271+0000][38832][gc,marking   ] GC(378) Concurrent Mark From Roots 188.162ms
[2020-10-07T09:44:20.271+0000][38832][gc,marking   ] GC(378) Concurrent Preclean
[2020-10-07T09:44:20.272+0000][38832][gc,marking   ] GC(378) Concurrent Preclean 1.135ms
[2020-10-07T09:44:20.272+0000][38832][gc,marking   ] GC(378) Concurrent Mark (135.288s, 135.478s) 189.540ms
[2020-10-07T09:44:20.273+0000][38832][gc,start     ] GC(378) Pause Remark
[2020-10-07T09:44:20.281+0000][38832][gc           ] GC(378) Pause Remark 457M->457M(1024M) 7.878ms
[2020-10-07T09:44:20.281+0000][38832][gc,cpu       ] GC(378) User=0.00s Sys=0.00s Real=0.01s
[2020-10-07T09:44:20.281+0000][38832][safepoint    ] Safepoint "G1Concurrent", Time since last: 193700000 ns, Reaching safepoint: 266400 ns, At safepoint: 8579200 ns, Total: 8845600 ns
[2020-10-07T09:44:20.282+0000][38832][gc,marking   ] GC(378) Concurrent Rebuild Remembered Sets
[2020-10-07T09:44:20.384+0000][38832][gc,marking   ] GC(378) Concurrent Rebuild Remembered Sets 102.951ms
[2020-10-07T09:44:20.385+0000][38832][gc,start     ] GC(378) Pause Cleanup
[2020-10-07T09:44:20.385+0000][38832][gc           ] GC(378) Pause Cleanup 532M->532M(1024M) 0.359ms
[2020-10-07T09:44:20.385+0000][38832][gc,cpu       ] GC(378) User=0.00s Sys=0.00s Real=0.00s
[2020-10-07T09:44:20.385+0000][38832][safepoint    ] Safepoint "G1Concurrent", Time since last: 103217500 ns, Reaching safepoint: 195600 ns, At safepoint: 558200 ns, Total: 753800 ns
[2020-10-07T09:44:20.385+0000][38832][gc,marking   ] GC(378) Concurrent Cleanup for Next Mark
[2020-10-07T09:44:20.387+0000][38832][gc,marking   ] GC(378) Concurrent Cleanup for Next Mark 1.727ms
[2020-10-07T09:44:20.387+0000][38832][gc           ] GC(378) Concurrent Cycle 308.488ms
[2020-10-07T09:44:20.396+0000][38832][gc,start     ] GC(379) Pause Young (Concurrent Start) (G1 Humongous Allocation)
[2020-10-07T09:44:20.396+0000][38832][gc,task      ] GC(379) Using 8 workers of 8 for evacuation
[2020-10-07T09:44:20.396+0000][38832][gc,age       ] GC(379) Desired survivor size 33030144 bytes, new threshold 15 (max threshold 15)
[2020-10-07T09:44:20.401+0000][38832][gc,age       ] GC(379) Age table with threshold 15 (max threshold 15)
[2020-10-07T09:44:20.401+0000][38832][gc,age       ] GC(379) - age   1:    3711608 bytes,    3711608 total
[2020-10-07T09:44:20.401+0000][38832][gc,age       ] GC(379) - age   2:     604200 bytes,    4315808 total
[2020-10-07T09:44:20.401+0000][38832][gc,age       ] GC(379) - age   3:       4840 bytes,    4320648 total
[2020-10-07T09:44:20.401+0000][38832][gc,age       ] GC(379) - age   4:      31616 bytes,    4352264 total
[2020-10-07T09:44:20.401+0000][38832][gc,age       ] GC(379) - age   5:       3872 bytes,    4356136 total
[2020-10-07T09:44:20.401+0000][38832][gc,age       ] GC(379) - age   6:        944 bytes,    4357080 total
[2020-10-07T09:44:20.401+0000][38832][gc,age       ] GC(379) - age   7:       8536 bytes,    4365616 total
[2020-10-07T09:44:20.401+0000][38832][gc,age       ] GC(379) - age   8:       7664 bytes,    4373280 total
[2020-10-07T09:44:20.401+0000][38832][gc,age       ] GC(379) - age   9:      39480 bytes,    4412760 total
[2020-10-07T09:44:20.402+0000][38832][gc,age       ] GC(379) - age  10:      22640 bytes,    4435400 total
[2020-10-07T09:44:20.402+0000][38832][gc,age       ] GC(379) - age  11:      10776 bytes,    4446176 total
[2020-10-07T09:44:20.402+0000][38832][gc,age       ] GC(379) - age  12:      11064 bytes,    4457240 total
[2020-10-07T09:44:20.402+0000][38832][gc,age       ] GC(379) - age  13:       1056 bytes,    4458296 total
[2020-10-07T09:44:20.402+0000][38832][gc,age       ] GC(379) - age  14:       4936 bytes,    4463232 total
[2020-10-07T09:44:20.402+0000][38832][gc,age       ] GC(379) - age  15:      19848 bytes,    4483080 total
[2020-10-07T09:44:20.402+0000][38832][gc,phases    ] GC(379)   Pre Evacuate Collection Set: 0.4ms
[2020-10-07T09:44:20.402+0000][38832][gc,phases    ] GC(379)   Merge Heap Roots: 0.1ms
[2020-10-07T09:44:20.402+0000][38832][gc,phases    ] GC(379)   Evacuate Collection Set: 2.9ms
[2020-10-07T09:44:20.402+0000][38832][gc,phases    ] GC(379)   Post Evacuate Collection Set: 1.1ms
[2020-10-07T09:44:20.402+0000][38832][gc,phases    ] GC(379)   Other: 1.4ms
[2020-10-07T09:44:20.402+0000][38832][gc,heap      ] GC(379) Eden regions: 81->0(497)
[2020-10-07T09:44:20.402+0000][38832][gc,heap      ] GC(379) Survivor regions: 5->5(63)
[2020-10-07T09:44:20.402+0000][38832][gc,heap      ] GC(379) Old regions: 81->81
[2020-10-07T09:44:20.402+0000][38832][gc,heap      ] GC(379) Archive regions: 0->0
[2020-10-07T09:44:20.403+0000][38832][gc,heap      ] GC(379) Humongous regions: 372->174
[2020-10-07T09:44:20.403+0000][38832][gc,metaspace ] GC(379) Metaspace: 89783K(95744K)->89783K(95744K) NonClass: 78438K(81920K)->78438K(81920K) Class: 11345K(13824K)->11345K(13824K)
[2020-10-07T09:44:20.403+0000][38832][gc           ] GC(379) Pause Young (Concurrent Start) (G1 Humongous Allocation) 536M->258M(1024M) 6.536ms
[2020-10-07T09:44:20.403+0000][38832][gc,cpu       ] GC(379) User=0.11s Sys=0.00s Real=0.01s
[2020-10-07T09:44:20.403+0000][38832][safepoint    ] Safepoint "G1TryInitiateConcMark", Time since last: 10542000 ns, Reaching safepoint: 186100 ns, At safepoint: 6773800 ns, Total: 6959900 ns
[2020-10-07T09:44:20.403+0000][38832][gc           ] GC(380) Concurrent Cycle
[2020-10-07T09:44:20.403+0000][38832][gc,marking   ] GC(380) Concurrent Clear Claimed Marks
[2020-10-07T09:44:20.403+0000][38832][gc,marking   ] GC(380) Concurrent Clear Claimed Marks 0.445ms
[2020-10-07T09:44:20.404+0000][38832][gc,marking   ] GC(380) Concurrent Scan Root Regions
[2020-10-07T09:44:20.407+0000][38832][gc,marking   ] GC(380) Concurrent Scan Root Regions 3.286ms
[2020-10-07T09:44:20.407+0000][38832][gc,marking   ] GC(380) Concurrent Mark (135.612s)
[2020-10-07T09:44:20.407+0000][38832][gc,marking   ] GC(380) Concurrent Mark From Roots
[2020-10-07T09:44:20.407+0000][38832][gc,task      ] GC(380) Using 2 workers of 2 for marking
[2020-10-07T09:44:20.549+0000][38832][safepoint    ] Safepoint "ICBufferFull", Time since last: 146069400 ns, Reaching safepoint: 358500 ns, At safepoint: 62700 ns, Total: 421200 ns
[2020-10-07T09:44:20.594+0000][38832][gc,marking   ] GC(380) Concurrent Mark From Roots 186.688ms
[2020-10-07T09:44:20.594+0000][38832][gc,marking   ] GC(380) Concurrent Preclean
[2020-10-07T09:44:20.595+0000][38832][gc,marking   ] GC(380) Concurrent Preclean 1.009ms
[2020-10-07T09:44:20.595+0000][38832][gc,marking   ] GC(380) Concurrent Mark (135.612s, 135.800s) 187.973ms
[2020-10-07T09:44:20.595+0000][38832][gc,start     ] GC(380) Pause Remark
[2020-10-07T09:44:20.602+0000][38832][gc           ] GC(380) Pause Remark 406M->406M(1024M) 7.182ms
[2020-10-07T09:44:20.603+0000][38832][gc,cpu       ] GC(380) User=0.11s Sys=0.00s Real=0.01s
[2020-10-07T09:44:20.604+0000][38832][safepoint    ] Safepoint "G1Concurrent", Time since last: 45689900 ns, Reaching safepoint: 214600 ns, At safepoint: 8286400 ns, Total: 8501000 ns
[2020-10-07T09:44:20.604+0000][38832][gc,marking   ] GC(380) Concurrent Rebuild Remembered Sets
[2020-10-07T09:44:20.706+0000][38832][gc,marking   ] GC(380) Concurrent Rebuild Remembered Sets 102.779ms
[2020-10-07T09:44:20.707+0000][38832][gc,start     ] GC(380) Pause Cleanup
[2020-10-07T09:44:20.707+0000][38832][gc           ] GC(380) Pause Cleanup 407M->407M(1024M) 0.399ms
[2020-10-07T09:44:20.707+0000][38832][gc,cpu       ] GC(380) User=0.00s Sys=0.00s Real=0.00s
[2020-10-07T09:44:20.707+0000][38832][safepoint    ] Safepoint "G1Concurrent", Time since last: 103080300 ns, Reaching safepoint: 174900 ns, At safepoint: 651500 ns, Total: 826400 ns
[2020-10-07T09:44:20.707+0000][38832][gc,marking   ] GC(380) Concurrent Cleanup for Next Mark
[2020-10-07T09:44:20.709+0000][38832][gc,marking   ] GC(380) Concurrent Cleanup for Next Mark 1.787ms
[2020-10-07T09:44:20.709+0000][38832][gc           ] GC(380) Concurrent Cycle 306.605ms
[2020-10-07T09:44:20.859+0000][38832][gc,start     ] GC(381) Pause Young (Concurrent Start) (G1 Humongous Allocation)
[2020-10-07T09:44:20.859+0000][38832][gc,task      ] GC(381) Using 8 workers of 8 for evacuation
[2020-10-07T09:44:20.859+0000][38832][gc,age       ] GC(381) Desired survivor size 33030144 bytes, new threshold 15 (max threshold 15)
[2020-10-07T09:44:20.863+0000][38832][gc,age       ] GC(381) Age table with threshold 15 (max threshold 15)
[2020-10-07T09:44:20.863+0000][38832][gc,age       ] GC(381) - age   1:    2383352 bytes,    2383352 total
[2020-10-07T09:44:20.863+0000][38832][gc,age       ] GC(381) - age   2:       3048 bytes,    2386400 total
[2020-10-07T09:44:20.863+0000][38832][gc,age       ] GC(381) - age   3:       4200 bytes,    2390600 total
[2020-10-07T09:44:20.863+0000][38832][gc,age       ] GC(381) - age   4:       1544 bytes,    2392144 total
[2020-10-07T09:44:20.863+0000][38832][gc,age       ] GC(381) - age   5:      30512 bytes,    2422656 total
[2020-10-07T09:44:20.863+0000][38832][gc,age       ] GC(381) - age   6:       3808 bytes,    2426464 total
[2020-10-07T09:44:20.863+0000][38832][gc,age       ] GC(381) - age   7:        944 bytes,    2427408 total
[2020-10-07T09:44:20.863+0000][38832][gc,age       ] GC(381) - age   8:       8536 bytes,    2435944 total
[2020-10-07T09:44:20.863+0000][38832][gc,age       ] GC(381) - age   9:       7600 bytes,    2443544 total
[2020-10-07T09:44:20.863+0000][38832][gc,age       ] GC(381) - age  10:      39416 bytes,    2482960 total
[2020-10-07T09:44:20.863+0000][38832][gc,age       ] GC(381) - age  11:      22640 bytes,    2505600 total
[2020-10-07T09:44:20.863+0000][38832][gc,age       ] GC(381) - age  12:      10680 bytes,    2516280 total
[2020-10-07T09:44:20.863+0000][38832][gc,age       ] GC(381) - age  13:      10872 bytes,    2527152 total
[2020-10-07T09:44:20.863+0000][38832][gc,age       ] GC(381) - age  14:        784 bytes,    2527936 total
[2020-10-07T09:44:20.864+0000][38832][gc,age       ] GC(381) - age  15:       4936 bytes,    2532872 total
[2020-10-07T09:44:20.864+0000][38832][gc,phases    ] GC(381)   Pre Evacuate Collection Set: 0.4ms
[2020-10-07T09:44:20.864+0000][38832][gc,phases    ] GC(381)   Merge Heap Roots: 0.1ms
[2020-10-07T09:44:20.864+0000][38832][gc,phases    ] GC(381)   Evacuate Collection Set: 2.2ms
[2020-10-07T09:44:20.864+0000][38832][gc,phases    ] GC(381)   Post Evacuate Collection Set: 0.8ms
[2020-10-07T09:44:20.864+0000][38832][gc,phases    ] GC(381)   Other: 1.1ms
[2020-10-07T09:44:20.864+0000][38832][gc,heap      ] GC(381) Eden regions: 54->0(500)
[2020-10-07T09:44:20.864+0000][38832][gc,heap      ] GC(381) Survivor regions: 5->3(63)
[2020-10-07T09:44:20.864+0000][38832][gc,heap      ] GC(381) Old regions: 81->81
[2020-10-07T09:44:20.864+0000][38832][gc,heap      ] GC(381) Archive regions: 0->0
[2020-10-07T09:44:20.864+0000][38832][gc,heap      ] GC(381) Humongous regions: 274->174
[2020-10-07T09:44:20.864+0000][38832][gc,metaspace ] GC(381) Metaspace: 89797K(95744K)->89797K(95744K) NonClass: 78451K(81920K)->78451K(81920K) Class: 11346K(13824K)->11346K(13824K)
[2020-10-07T09:44:20.864+0000][38832][gc           ] GC(381) Pause Young (Concurrent Start) (G1 Humongous Allocation) 412M->256M(1024M) 4.914ms
[2020-10-07T09:44:20.864+0000][38832][gc,cpu       ] GC(381) User=0.00s Sys=0.00s Real=0.01s
[2020-10-07T09:44:20.864+0000][38832][gc           ] GC(382) Concurrent Cycle
[2020-10-07T09:44:20.864+0000][38832][safepoint    ] Safepoint "G1TryInitiateConcMark", Time since last: 152057200 ns, Reaching safepoint: 154400 ns, At safepoint: 5126900 ns, Total: 5281300 ns
[2020-10-07T09:44:20.864+0000][38832][gc,marking   ] GC(382) Concurrent Clear Claimed Marks
[2020-10-07T09:44:20.865+0000][38832][gc,marking   ] GC(382) Concurrent Clear Claimed Marks 0.461ms
[2020-10-07T09:44:20.865+0000][38832][gc,marking   ] GC(382) Concurrent Scan Root Regions
[2020-10-07T09:44:20.867+0000][38832][gc,marking   ] GC(382) Concurrent Scan Root Regions 1.881ms
[2020-10-07T09:44:20.867+0000][38832][gc,marking   ] GC(382) Concurrent Mark (136.073s)
[2020-10-07T09:44:20.867+0000][38832][gc,marking   ] GC(382) Concurrent Mark From Roots
[2020-10-07T09:44:20.867+0000][38832][gc,task      ] GC(382) Using 2 workers of 2 for marking
[2020-10-07T09:44:21.013+0000][38832][gc,marking   ] GC(382) Concurrent Mark From Roots 146.528ms
[2020-10-07T09:44:21.013+0000][38832][gc,marking   ] GC(382) Concurrent Preclean
[2020-10-07T09:44:21.014+0000][38832][gc,marking   ] GC(382) Concurrent Preclean 0.798ms
[2020-10-07T09:44:21.014+0000][38832][gc,marking   ] GC(382) Concurrent Mark (136.073s, 136.220s) 147.529ms
[2020-10-07T09:44:21.014+0000][38832][gc,start     ] GC(382) Pause Remark
[2020-10-07T09:44:21.022+0000][38832][gc           ] GC(382) Pause Remark 376M->376M(1024M) 7.717ms
[2020-10-07T09:44:21.022+0000][38832][gc,cpu       ] GC(382) User=0.08s Sys=0.00s Real=0.01s
[2020-10-07T09:44:21.022+0000][38832][safepoint    ] Safepoint "G1Concurrent", Time since last: 150167400 ns, Reaching safepoint: 160900 ns, At safepoint: 7953800 ns, Total: 8114700 ns
[2020-10-07T09:44:21.022+0000][38832][gc,marking   ] GC(382) Concurrent Rebuild Remembered Sets
[2020-10-07T09:44:21.127+0000][38832][gc,marking   ] GC(382) Concurrent Rebuild Remembered Sets 104.813ms
[2020-10-07T09:44:21.128+0000][38832][gc,start     ] GC(382) Pause Cleanup
[2020-10-07T09:44:21.128+0000][38832][gc           ] GC(382) Pause Cleanup 440M->440M(1024M) 0.317ms
[2020-10-07T09:44:21.128+0000][38832][gc,cpu       ] GC(382) User=0.00s Sys=0.00s Real=0.00s
[2020-10-07T09:44:21.128+0000][38832][safepoint    ] Safepoint "G1Concurrent", Time since last: 105030600 ns, Reaching safepoint: 161000 ns, At safepoint: 527400 ns, Total: 688400 ns
[2020-10-07T09:44:21.128+0000][38832][gc,marking   ] GC(382) Concurrent Cleanup for Next Mark
[2020-10-07T09:44:21.130+0000][38832][gc,marking   ] GC(382) Concurrent Cleanup for Next Mark 1.767ms
[2020-10-07T09:44:21.130+0000][38832][gc           ] GC(382) Concurrent Cycle 266.028ms
[2020-10-07T09:44:21.534+0000][38832][gc,start     ] GC(383) Pause Young (Concurrent Start) (G1 Humongous Allocation)
[2020-10-07T09:44:21.534+0000][38832][gc,task      ] GC(383) Using 8 workers of 8 for evacuation
[2020-10-07T09:44:21.534+0000][38832][gc,age       ] GC(383) Desired survivor size 33030144 bytes, new threshold 15 (max threshold 15)
[2020-10-07T09:44:21.538+0000][38832][gc,age       ] GC(383) Age table with threshold 15 (max threshold 15)
[2020-10-07T09:44:21.538+0000][38832][gc,age       ] GC(383) - age   1:    2595848 bytes,    2595848 total
[2020-10-07T09:44:21.538+0000][38832][gc,age       ] GC(383) - age   2:      17784 bytes,    2613632 total
[2020-10-07T09:44:21.538+0000][38832][gc,age       ] GC(383) - age   3:       2664 bytes,    2616296 total
[2020-10-07T09:44:21.538+0000][38832][gc,age       ] GC(383) - age   4:       2344 bytes,    2618640 total
[2020-10-07T09:44:21.538+0000][38832][gc,age       ] GC(383) - age   5:       1416 bytes,    2620056 total
[2020-10-07T09:44:21.538+0000][38832][gc,age       ] GC(383) - age   6:      30448 bytes,    2650504 total
[2020-10-07T09:44:21.538+0000][38832][gc,age       ] GC(383) - age   7:       3616 bytes,    2654120 total
[2020-10-07T09:44:21.538+0000][38832][gc,age       ] GC(383) - age   8:        944 bytes,    2655064 total
[2020-10-07T09:44:21.538+0000][38832][gc,age       ] GC(383) - age   9:       8408 bytes,    2663472 total
[2020-10-07T09:44:21.538+0000][38832][gc,age       ] GC(383) - age  10:       7472 bytes,    2670944 total
[2020-10-07T09:44:21.538+0000][38832][gc,age       ] GC(383) - age  11:      39416 bytes,    2710360 total
[2020-10-07T09:44:21.538+0000][38832][gc,age       ] GC(383) - age  12:      22640 bytes,    2733000 total
[2020-10-07T09:44:21.538+0000][38832][gc,age       ] GC(383) - age  13:      10520 bytes,    2743520 total
[2020-10-07T09:44:21.538+0000][38832][gc,age       ] GC(383) - age  14:      10872 bytes,    2754392 total
[2020-10-07T09:44:21.539+0000][38832][gc,age       ] GC(383) - age  15:        784 bytes,    2755176 total
[2020-10-07T09:44:21.539+0000][38832][gc,phases    ] GC(383)   Pre Evacuate Collection Set: 0.4ms
[2020-10-07T09:44:21.539+0000][38832][gc,phases    ] GC(383)   Merge Heap Roots: 0.1ms
[2020-10-07T09:44:21.539+0000][38832][gc,phases    ] GC(383)   Evacuate Collection Set: 2.2ms
[2020-10-07T09:44:21.539+0000][38832][gc,phases    ] GC(383)   Post Evacuate Collection Set: 0.8ms
[2020-10-07T09:44:21.539+0000][38832][gc,phases    ] GC(383)   Other: 1.3ms
[2020-10-07T09:44:21.539+0000][38832][gc,heap      ] GC(383) Eden regions: 57->0(501)
[2020-10-07T09:44:21.539+0000][38832][gc,heap      ] GC(383) Survivor regions: 3->3(63)
[2020-10-07T09:44:21.539+0000][38832][gc,heap      ] GC(383) Old regions: 81->81
[2020-10-07T09:44:21.539+0000][38832][gc,heap      ] GC(383) Archive regions: 0->0
[2020-10-07T09:44:21.539+0000][38832][gc,heap      ] GC(383) Humongous regions: 308->174
[2020-10-07T09:44:21.539+0000][38832][gc,metaspace ] GC(383) Metaspace: 89797K(95744K)->89797K(95744K) NonClass: 78451K(81920K)->78451K(81920K) Class: 11346K(13824K)->11346K(13824K)
[2020-10-07T09:44:21.539+0000][38832][gc           ] GC(383) Pause Young (Concurrent Start) (G1 Humongous Allocation) 447M->256M(1024M) 5.334ms
[2020-10-07T09:44:21.539+0000][38832][gc,cpu       ] GC(383) User=0.00s Sys=0.02s Real=0.01s
[2020-10-07T09:44:21.539+0000][38832][gc           ] GC(384) Concurrent Cycle
[2020-10-07T09:44:21.539+0000][38832][safepoint    ] Safepoint "G1TryInitiateConcMark", Time since last: 404896200 ns, Reaching safepoint: 157200 ns, At safepoint: 5593700 ns, Total: 5750900 ns
[2020-10-07T09:44:21.539+0000][38832][gc,marking   ] GC(384) Concurrent Clear Claimed Marks
[2020-10-07T09:44:21.540+0000][38832][gc,marking   ] GC(384) Concurrent Clear Claimed Marks 0.459ms
[2020-10-07T09:44:21.540+0000][38832][gc,marking   ] GC(384) Concurrent Scan Root Regions
[2020-10-07T09:44:21.542+0000][38832][gc,marking   ] GC(384) Concurrent Scan Root Regions 2.047ms
[2020-10-07T09:44:21.542+0000][38832][gc,marking   ] GC(384) Concurrent Mark (136.748s)
[2020-10-07T09:44:21.542+0000][38832][gc,marking   ] GC(384) Concurrent Mark From Roots
[2020-10-07T09:44:21.542+0000][38832][gc,task      ] GC(384) Using 2 workers of 2 for marking
[2020-10-07T09:44:21.707+0000][38832][gc,marking   ] GC(384) Concurrent Mark From Roots 164.239ms
[2020-10-07T09:44:21.707+0000][38832][gc,marking   ] GC(384) Concurrent Preclean
[2020-10-07T09:44:21.708+0000][38832][gc,marking   ] GC(384) Concurrent Preclean 0.892ms
[2020-10-07T09:44:21.708+0000][38832][gc,marking   ] GC(384) Concurrent Mark (136.748s, 136.913s) 165.375ms
[2020-10-07T09:44:21.708+0000][38832][gc,start     ] GC(384) Pause Remark
[2020-10-07T09:44:21.715+0000][38832][gc           ] GC(384) Pause Remark 387M->387M(1024M) 7.271ms
[2020-10-07T09:44:21.715+0000][38832][gc,cpu       ] GC(384) User=0.11s Sys=0.00s Real=0.01s
[2020-10-07T09:44:21.715+0000][38832][safepoint    ] Safepoint "G1Concurrent", Time since last: 168287000 ns, Reaching safepoint: 173400 ns, At safepoint: 7521700 ns, Total: 7695100 ns
[2020-10-07T09:44:21.715+0000][38832][gc,marking   ] GC(384) Concurrent Rebuild Remembered Sets
[2020-10-07T09:44:21.805+0000][38832][gc,marking   ] GC(384) Concurrent Rebuild Remembered Sets 89.576ms
[2020-10-07T09:44:21.805+0000][38832][gc,start     ] GC(384) Pause Cleanup
[2020-10-07T09:44:21.806+0000][38832][gc           ] GC(384) Pause Cleanup 590M->590M(1024M) 0.348ms
[2020-10-07T09:44:21.806+0000][38832][gc,cpu       ] GC(384) User=0.00s Sys=0.00s Real=0.00s
[2020-10-07T09:44:21.806+0000][38832][safepoint    ] Safepoint "G1Concurrent", Time since last: 89754600 ns, Reaching safepoint: 306100 ns, At safepoint: 779000 ns, Total: 1085100 ns
[2020-10-07T09:44:21.806+0000][38832][gc,marking   ] GC(384) Concurrent Cleanup for Next Mark
[2020-10-07T09:44:21.808+0000][38832][gc,marking   ] GC(384) Concurrent Cleanup for Next Mark 2.067ms
[2020-10-07T09:44:21.809+0000][38832][gc           ] GC(384) Concurrent Cycle 269.142ms
[2020-10-07T09:44:21.813+0000][38832][gc,start     ] GC(385) Pause Young (Concurrent Start) (G1 Humongous Allocation)
[2020-10-07T09:44:21.813+0000][38832][gc,task      ] GC(385) Using 8 workers of 8 for evacuation
[2020-10-07T09:44:21.813+0000][38832][gc,age       ] GC(385) Desired survivor size 33030144 bytes, new threshold 15 (max threshold 15)
[2020-10-07T09:44:21.818+0000][38832][gc,age       ] GC(385) Age table with threshold 15 (max threshold 15)
[2020-10-07T09:44:21.819+0000][38832][gc,age       ] GC(385) - age   1:   12442416 bytes,   12442416 total
[2020-10-07T09:44:21.819+0000][38832][gc,age       ] GC(385) - age   2:       6480 bytes,   12448896 total
[2020-10-07T09:44:21.819+0000][38832][gc,age       ] GC(385) - age   3:      12720 bytes,   12461616 total
[2020-10-07T09:44:21.819+0000][38832][gc,age       ] GC(385) - age   4:       1536 bytes,   12463152 total
[2020-10-07T09:44:21.819+0000][38832][gc,age       ] GC(385) - age   5:       1528 bytes,   12464680 total
[2020-10-07T09:44:21.819+0000][38832][gc,age       ] GC(385) - age   6:       1288 bytes,   12465968 total
[2020-10-07T09:44:21.819+0000][38832][gc,age       ] GC(385) - age   7:      30424 bytes,   12496392 total
[2020-10-07T09:44:21.819+0000][38832][gc,age       ] GC(385) - age   8:       3488 bytes,   12499880 total
[2020-10-07T09:44:21.819+0000][38832][gc,age       ] GC(385) - age   9:        944 bytes,   12500824 total
[2020-10-07T09:44:21.819+0000][38832][gc,age       ] GC(385) - age  10:       8216 bytes,   12509040 total
[2020-10-07T09:44:21.819+0000][38832][gc,age       ] GC(385) - age  11:       7472 bytes,   12516512 total
[2020-10-07T09:44:21.819+0000][38832][gc,age       ] GC(385) - age  12:      39416 bytes,   12555928 total
[2020-10-07T09:44:21.819+0000][38832][gc,age       ] GC(385) - age  13:      22640 bytes,   12578568 total
[2020-10-07T09:44:21.819+0000][38832][gc,age       ] GC(385) - age  14:      10520 bytes,   12589088 total
[2020-10-07T09:44:21.819+0000][38832][gc,age       ] GC(385) - age  15:      10808 bytes,   12599896 total
[2020-10-07T09:44:21.819+0000][38832][gc,phases    ] GC(385)   Pre Evacuate Collection Set: 0.4ms
[2020-10-07T09:44:21.819+0000][38832][gc,phases    ] GC(385)   Merge Heap Roots: 0.1ms
[2020-10-07T09:44:21.819+0000][38832][gc,phases    ] GC(385)   Evacuate Collection Set: 3.6ms
[2020-10-07T09:44:21.819+0000][38832][gc,phases    ] GC(385)   Post Evacuate Collection Set: 1.0ms
[2020-10-07T09:44:21.819+0000][38832][gc,phases    ] GC(385)   Other: 0.9ms
[2020-10-07T09:44:21.819+0000][38832][gc,heap      ] GC(385) Eden regions: 95->0(480)
[2020-10-07T09:44:21.819+0000][38832][gc,heap      ] GC(385) Survivor regions: 3->13(63)
[2020-10-07T09:44:21.819+0000][38832][gc,heap      ] GC(385) Old regions: 81->81
[2020-10-07T09:44:21.819+0000][38832][gc,heap      ] GC(385) Archive regions: 0->0
[2020-10-07T09:44:21.819+0000][38832][gc,heap      ] GC(385) Humongous regions: 416->174
[2020-10-07T09:44:21.819+0000][38832][gc,metaspace ] GC(385) Metaspace: 89797K(95744K)->89797K(95744K) NonClass: 78451K(81920K)->78451K(81920K) Class: 11346K(13824K)->11346K(13824K)
[2020-10-07T09:44:21.819+0000][38832][gc           ] GC(385) Pause Young (Concurrent Start) (G1 Humongous Allocation) 593M->266M(1024M) 6.250ms
[2020-10-07T09:44:21.819+0000][38832][gc,cpu       ] GC(385) User=0.00s Sys=0.00s Real=0.01s
[2020-10-07T09:44:21.820+0000][38832][gc           ] GC(386) Concurrent Cycle
[2020-10-07T09:44:21.820+0000][38832][safepoint    ] Safepoint "G1TryInitiateConcMark", Time since last: 6655200 ns, Reaching safepoint: 182600 ns, At safepoint: 6452300 ns, Total: 6634900 ns
[2020-10-07T09:44:21.820+0000][38832][gc,marking   ] GC(386) Concurrent Clear Claimed Marks
[2020-10-07T09:44:21.820+0000][38832][gc,marking   ] GC(386) Concurrent Clear Claimed Marks 0.662ms
[2020-10-07T09:44:21.820+0000][38832][gc,marking   ] GC(386) Concurrent Scan Root Regions
[2020-10-07T09:44:21.824+0000][38832][gc,marking   ] GC(386) Concurrent Scan Root Regions 3.932ms
[2020-10-07T09:44:21.824+0000][38832][gc,marking   ] GC(386) Concurrent Mark (137.030s)
[2020-10-07T09:44:21.824+0000][38832][gc,marking   ] GC(386) Concurrent Mark From Roots
[2020-10-07T09:44:21.825+0000][38832][gc,task      ] GC(386) Using 2 workers of 2 for marking
[2020-10-07T09:44:21.997+0000][38832][gc,marking   ] GC(386) Concurrent Mark From Roots 172.452ms
[2020-10-07T09:44:21.997+0000][38832][gc,marking   ] GC(386) Concurrent Preclean
[2020-10-07T09:44:21.998+0000][38832][gc,marking   ] GC(386) Concurrent Preclean 0.619ms
[2020-10-07T09:44:21.998+0000][38832][gc,marking   ] GC(386) Concurrent Mark (137.030s, 137.203s) 173.229ms
[2020-10-07T09:44:21.998+0000][38832][gc,start     ] GC(386) Pause Remark
[2020-10-07T09:44:22.005+0000][38832][gc           ] GC(386) Pause Remark 530M->530M(1024M) 6.994ms
[2020-10-07T09:44:22.005+0000][38832][gc,cpu       ] GC(386) User=0.00s Sys=0.00s Real=0.01s
[2020-10-07T09:44:22.005+0000][38832][safepoint    ] Safepoint "G1Concurrent", Time since last: 178153200 ns, Reaching safepoint: 154400 ns, At safepoint: 7207500 ns, Total: 7361900 ns
[2020-10-07T09:44:22.005+0000][38832][gc,marking   ] GC(386) Concurrent Rebuild Remembered Sets
[2020-10-07T09:44:22.087+0000][38832][gc,marking   ] GC(386) Concurrent Rebuild Remembered Sets 81.641ms
[2020-10-07T09:44:22.087+0000][38832][gc,start     ] GC(386) Pause Cleanup
[2020-10-07T09:44:22.087+0000][38832][gc           ] GC(386) Pause Cleanup 534M->534M(1024M) 0.410ms
[2020-10-07T09:44:22.087+0000][38832][gc,cpu       ] GC(386) User=0.00s Sys=0.00s Real=0.00s
[2020-10-07T09:44:22.087+0000][38832][safepoint    ] Safepoint "G1Concurrent", Time since last: 81879400 ns, Reaching safepoint: 167000 ns, At safepoint: 642900 ns, Total: 809900 ns
[2020-10-07T09:44:22.087+0000][38832][gc,marking   ] GC(386) Concurrent Cleanup for Next Mark
[2020-10-07T09:44:22.090+0000][38832][gc,marking   ] GC(386) Concurrent Cleanup for Next Mark 1.939ms
[2020-10-07T09:44:22.090+0000][38832][gc           ] GC(386) Concurrent Cycle 270.400ms
[2020-10-07T09:44:22.187+0000][38832][gc,start     ] GC(387) Pause Young (Concurrent Start) (G1 Humongous Allocation)
[2020-10-07T09:44:22.187+0000][38832][gc,task      ] GC(387) Using 8 workers of 8 for evacuation
[2020-10-07T09:44:22.187+0000][38832][gc,age       ] GC(387) Desired survivor size 32505856 bytes, new threshold 15 (max threshold 15)
[2020-10-07T09:44:22.191+0000][38832][gc,age       ] GC(387) Age table with threshold 15 (max threshold 15)
[2020-10-07T09:44:22.191+0000][38832][gc,age       ] GC(387) - age   1:    2443768 bytes,    2443768 total
[2020-10-07T09:44:22.191+0000][38832][gc,age       ] GC(387) - age   2:       4848 bytes,    2448616 total
[2020-10-07T09:44:22.191+0000][38832][gc,age       ] GC(387) - age   3:       2776 bytes,    2451392 total
[2020-10-07T09:44:22.191+0000][38832][gc,age       ] GC(387) - age   4:       6712 bytes,    2458104 total
[2020-10-07T09:44:22.191+0000][38832][gc,age       ] GC(387) - age   5:       1448 bytes,    2459552 total
[2020-10-07T09:44:22.191+0000][38832][gc,age       ] GC(387) - age   6:       1176 bytes,    2460728 total
[2020-10-07T09:44:22.191+0000][38832][gc,age       ] GC(387) - age   7:       1192 bytes,    2461920 total
[2020-10-07T09:44:22.191+0000][38832][gc,age       ] GC(387) - age   8:      30328 bytes,    2492248 total
[2020-10-07T09:44:22.191+0000][38832][gc,age       ] GC(387) - age   9:       3424 bytes,    2495672 total
[2020-10-07T09:44:22.191+0000][38832][gc,age       ] GC(387) - age  10:        944 bytes,    2496616 total
[2020-10-07T09:44:22.191+0000][38832][gc,age       ] GC(387) - age  11:       8184 bytes,    2504800 total
[2020-10-07T09:44:22.191+0000][38832][gc,age       ] GC(387) - age  12:       7408 bytes,    2512208 total
[2020-10-07T09:44:22.191+0000][38832][gc,age       ] GC(387) - age  13:      39384 bytes,    2551592 total
[2020-10-07T09:44:22.191+0000][38832][gc,age       ] GC(387) - age  14:      22640 bytes,    2574232 total
[2020-10-07T09:44:22.191+0000][38832][gc,age       ] GC(387) - age  15:      10520 bytes,    2584752 total
[2020-10-07T09:44:22.191+0000][38832][gc,phases    ] GC(387)   Pre Evacuate Collection Set: 0.4ms
[2020-10-07T09:44:22.191+0000][38832][gc,phases    ] GC(387)   Merge Heap Roots: 0.1ms
[2020-10-07T09:44:22.191+0000][38832][gc,phases    ] GC(387)   Evacuate Collection Set: 2.1ms
[2020-10-07T09:44:22.191+0000][38832][gc,phases    ] GC(387)   Post Evacuate Collection Set: 0.9ms
[2020-10-07T09:44:22.191+0000][38832][gc,phases    ] GC(387)   Other: 1.3ms
[2020-10-07T09:44:22.191+0000][38832][gc,heap      ] GC(387) Eden regions: 80->0(493)
[2020-10-07T09:44:22.191+0000][38832][gc,heap      ] GC(387) Survivor regions: 13->3(62)
[2020-10-07T09:44:22.191+0000][38832][gc,heap      ] GC(387) Old regions: 81->81
[2020-10-07T09:44:22.191+0000][38832][gc,heap      ] GC(387) Archive regions: 0->0
[2020-10-07T09:44:22.191+0000][38832][gc,heap      ] GC(387) Humongous regions: 370->174
[2020-10-07T09:44:22.191+0000][38832][gc,metaspace ] GC(387) Metaspace: 89814K(95744K)->89814K(95744K) NonClass: 78468K(81920K)->78468K(81920K) Class: 11346K(13824K)->11346K(13824K)
[2020-10-07T09:44:22.191+0000][38832][gc           ] GC(387) Pause Young (Concurrent Start) (G1 Humongous Allocation) 542M->257M(1024M) 5.402ms
[2020-10-07T09:44:22.191+0000][38832][gc,cpu       ] GC(387) User=0.00s Sys=0.00s Real=0.00s
[2020-10-07T09:44:22.191+0000][38832][gc           ] GC(388) Concurrent Cycle
[2020-10-07T09:44:22.191+0000][38832][safepoint    ] Safepoint "G1TryInitiateConcMark", Time since last: 98443900 ns, Reaching safepoint: 219500 ns, At safepoint: 5672700 ns, Total: 5892200 ns
[2020-10-07T09:44:22.191+0000][38832][gc,marking   ] GC(388) Concurrent Clear Claimed Marks
[2020-10-07T09:44:22.193+0000][38832][gc,marking   ] GC(388) Concurrent Clear Claimed Marks 0.537ms
[2020-10-07T09:44:22.193+0000][38832][gc,marking   ] GC(388) Concurrent Scan Root Regions
[2020-10-07T09:44:22.195+0000][38832][gc,marking   ] GC(388) Concurrent Scan Root Regions 2.239ms
[2020-10-07T09:44:22.195+0000][38832][gc,marking   ] GC(388) Concurrent Mark (137.400s)
[2020-10-07T09:44:22.195+0000][38832][gc,marking   ] GC(388) Concurrent Mark From Roots
[2020-10-07T09:44:22.195+0000][38832][gc,task      ] GC(388) Using 2 workers of 2 for marking
[2020-10-07T09:44:22.376+0000][38832][gc,marking   ] GC(388) Concurrent Mark From Roots 180.036ms
[2020-10-07T09:44:22.376+0000][38832][gc,marking   ] GC(388) Concurrent Preclean
[2020-10-07T09:44:22.376+0000][38832][gc,marking   ] GC(388) Concurrent Preclean 0.867ms
[2020-10-07T09:44:22.377+0000][38832][gc,marking   ] GC(388) Concurrent Mark (137.400s, 137.582s) 181.176ms
[2020-10-07T09:44:22.377+0000][38832][gc,start     ] GC(388) Pause Remark
[2020-10-07T09:44:22.384+0000][38832][gc           ] GC(388) Pause Remark 377M->377M(1024M) 6.945ms
[2020-10-07T09:44:22.384+0000][38832][gc,cpu       ] GC(388) User=0.13s Sys=0.00s Real=0.01s
[2020-10-07T09:44:22.384+0000][38832][safepoint    ] Safepoint "G1Concurrent", Time since last: 184321600 ns, Reaching safepoint: 188900 ns, At safepoint: 7221700 ns, Total: 7410600 ns
[2020-10-07T09:44:22.384+0000][38832][gc,marking   ] GC(388) Concurrent Rebuild Remembered Sets
[2020-10-07T09:44:22.484+0000][38832][gc,marking   ] GC(388) Concurrent Rebuild Remembered Sets 101.041ms
[2020-10-07T09:44:22.486+0000][38832][gc,start     ] GC(388) Pause Cleanup
[2020-10-07T09:44:22.486+0000][38832][gc           ] GC(388) Pause Cleanup 432M->432M(1024M) 0.393ms
[2020-10-07T09:44:22.486+0000][38832][gc,cpu       ] GC(388) User=0.00s Sys=0.00s Real=0.00s
[2020-10-07T09:44:22.486+0000][38832][safepoint    ] Safepoint "G1Concurrent", Time since last: 101251300 ns, Reaching safepoint: 137900 ns, At safepoint: 561400 ns, Total: 699300 ns
[2020-10-07T09:44:22.486+0000][38832][gc,marking   ] GC(388) Concurrent Cleanup for Next Mark
[2020-10-07T09:44:22.488+0000][38832][gc,marking   ] GC(388) Concurrent Cleanup for Next Mark 1.708ms
[2020-10-07T09:44:22.488+0000][38832][gc           ] GC(388) Concurrent Cycle 295.619ms
[2020-10-07T09:44:22.615+0000][38832][gc,start     ] GC(389) Pause Young (Concurrent Start) (G1 Humongous Allocation)
[2020-10-07T09:44:22.615+0000][38832][gc,task      ] GC(389) Using 8 workers of 8 for evacuation
[2020-10-07T09:44:22.615+0000][38832][gc,age       ] GC(389) Desired survivor size 32505856 bytes, new threshold 15 (max threshold 15)
[2020-10-07T09:44:22.619+0000][38832][gc,age       ] GC(389) Age table with threshold 15 (max threshold 15)
[2020-10-07T09:44:22.619+0000][38832][gc,age       ] GC(389) - age   1:    2545392 bytes,    2545392 total
[2020-10-07T09:44:22.619+0000][38832][gc,age       ] GC(389) - age   2:      12360 bytes,    2557752 total
[2020-10-07T09:44:22.619+0000][38832][gc,age       ] GC(389) - age   3:       3800 bytes,    2561552 total
[2020-10-07T09:44:22.619+0000][38832][gc,age       ] GC(389) - age   4:       1744 bytes,    2563296 total
[2020-10-07T09:44:22.619+0000][38832][gc,age       ] GC(389) - age   5:       6616 bytes,    2569912 total
[2020-10-07T09:44:22.619+0000][38832][gc,age       ] GC(389) - age   6:       1448 bytes,    2571360 total
[2020-10-07T09:44:22.619+0000][38832][gc,age       ] GC(389) - age   7:       1176 bytes,    2572536 total
[2020-10-07T09:44:22.619+0000][38832][gc,age       ] GC(389) - age   8:       1128 bytes,    2573664 total
[2020-10-07T09:44:22.619+0000][38832][gc,age       ] GC(389) - age   9:      30296 bytes,    2603960 total
[2020-10-07T09:44:22.620+0000][38832][gc,age       ] GC(389) - age  10:       3424 bytes,    2607384 total
[2020-10-07T09:44:22.620+0000][38832][gc,age       ] GC(389) - age  11:        944 bytes,    2608328 total
[2020-10-07T09:44:22.620+0000][38832][gc,age       ] GC(389) - age  12:       8184 bytes,    2616512 total
[2020-10-07T09:44:22.620+0000][38832][gc,age       ] GC(389) - age  13:       7344 bytes,    2623856 total
[2020-10-07T09:44:22.620+0000][38832][gc,age       ] GC(389) - age  14:      39352 bytes,    2663208 total
[2020-10-07T09:44:22.620+0000][38832][gc,age       ] GC(389) - age  15:      22640 bytes,    2685848 total
[2020-10-07T09:44:22.620+0000][38832][gc,phases    ] GC(389)   Pre Evacuate Collection Set: 0.4ms
[2020-10-07T09:44:22.620+0000][38832][gc,phases    ] GC(389)   Merge Heap Roots: 0.1ms
[2020-10-07T09:44:22.620+0000][38832][gc,phases    ] GC(389)   Evacuate Collection Set: 2.5ms
[2020-10-07T09:44:22.620+0000][38832][gc,phases    ] GC(389)   Post Evacuate Collection Set: 0.9ms
[2020-10-07T09:44:22.620+0000][38832][gc,phases    ] GC(389)   Other: 1.2ms
[2020-10-07T09:44:22.620+0000][38832][gc,heap      ] GC(389) Eden regions: 57->0(495)
[2020-10-07T09:44:22.620+0000][38832][gc,heap      ] GC(389) Survivor regions: 3->3(62)
[2020-10-07T09:44:22.620+0000][38832][gc,heap      ] GC(389) Old regions: 81->81
[2020-10-07T09:44:22.620+0000][38832][gc,heap      ] GC(389) Archive regions: 0->0
[2020-10-07T09:44:22.620+0000][38832][gc,heap      ] GC(389) Humongous regions: 304->174
[2020-10-07T09:44:22.620+0000][38832][gc,metaspace ] GC(389) Metaspace: 89814K(95744K)->89814K(95744K) NonClass: 78468K(81920K)->78468K(81920K) Class: 11346K(13824K)->11346K(13824K)
[2020-10-07T09:44:22.620+0000][38832][gc           ] GC(389) Pause Young (Concurrent Start) (G1 Humongous Allocation) 443M->256M(1024M) 5.563ms
[2020-10-07T09:44:22.620+0000][38832][gc,cpu       ] GC(389) User=0.11s Sys=0.00s Real=0.00s
[2020-10-07T09:44:22.621+0000][38832][gc           ] GC(390) Concurrent Cycle
[2020-10-07T09:44:22.621+0000][38832][safepoint    ] Safepoint "G1TryInitiateConcMark", Time since last: 129506800 ns, Reaching safepoint: 137000 ns, At safepoint: 5816300 ns, Total: 5953300 ns
[2020-10-07T09:44:22.621+0000][38832][gc,marking   ] GC(390) Concurrent Clear Claimed Marks
[2020-10-07T09:44:22.621+0000][38832][gc,marking   ] GC(390) Concurrent Clear Claimed Marks 0.846ms
[2020-10-07T09:44:22.622+0000][38832][gc,marking   ] GC(390) Concurrent Scan Root Regions
[2020-10-07T09:44:22.624+0000][38832][gc,marking   ] GC(390) Concurrent Scan Root Regions 2.737ms
[2020-10-07T09:44:22.625+0000][38832][gc,marking   ] GC(390) Concurrent Mark (137.831s)
[2020-10-07T09:44:22.625+0000][38832][gc,marking   ] GC(390) Concurrent Mark From Roots
[2020-10-07T09:44:22.625+0000][38832][gc,task      ] GC(390) Using 2 workers of 2 for marking
[2020-10-07T09:44:22.816+0000][38832][gc,marking   ] GC(390) Concurrent Mark From Roots 191.094ms
[2020-10-07T09:44:22.816+0000][38832][gc,marking   ] GC(390) Concurrent Preclean
[2020-10-07T09:44:22.817+0000][38832][gc,marking   ] GC(390) Concurrent Preclean 0.955ms
[2020-10-07T09:44:22.817+0000][38832][gc,marking   ] GC(390) Concurrent Mark (137.831s, 138.023s) 192.267ms
[2020-10-07T09:44:22.817+0000][38832][gc,start     ] GC(390) Pause Remark
[2020-10-07T09:44:22.825+0000][38832][gc           ] GC(390) Pause Remark 719M->719M(1024M) 7.975ms
[2020-10-07T09:44:22.825+0000][38832][gc,cpu       ] GC(390) User=0.11s Sys=0.00s Real=0.01s
[2020-10-07T09:44:22.825+0000][38832][safepoint    ] Safepoint "G1Concurrent", Time since last: 196398800 ns, Reaching safepoint: 151700 ns, At safepoint: 8256400 ns, Total: 8408100 ns
[2020-10-07T09:44:22.825+0000][38832][gc,marking   ] GC(390) Concurrent Rebuild Remembered Sets
[2020-10-07T09:44:22.917+0000][38832][gc,marking   ] GC(390) Concurrent Rebuild Remembered Sets 91.662ms
[2020-10-07T09:44:22.917+0000][38832][gc,start     ] GC(390) Pause Cleanup
[2020-10-07T09:44:22.918+0000][38832][gc           ] GC(390) Pause Cleanup 722M->722M(1024M) 0.384ms
[2020-10-07T09:44:22.919+0000][38832][gc,cpu       ] GC(390) User=0.00s Sys=0.00s Real=0.00s
[2020-10-07T09:44:22.919+0000][38832][safepoint    ] Safepoint "G1Concurrent", Time since last: 91911500 ns, Reaching safepoint: 164000 ns, At safepoint: 609200 ns, Total: 773200 ns
[2020-10-07T09:44:22.919+0000][38832][gc,marking   ] GC(390) Concurrent Cleanup for Next Mark
[2020-10-07T09:44:22.920+0000][38832][gc,marking   ] GC(390) Concurrent Cleanup for Next Mark 1.955ms
[2020-10-07T09:44:22.920+0000][38832][gc           ] GC(390) Concurrent Cycle 299.703ms
[2020-10-07T09:44:23.030+0000][38832][gc,start     ] GC(391) Pause Young (Concurrent Start) (G1 Humongous Allocation)
[2020-10-07T09:44:23.030+0000][38832][gc,task      ] GC(391) Using 8 workers of 8 for evacuation
[2020-10-07T09:44:23.030+0000][38832][gc,age       ] GC(391) Desired survivor size 33030144 bytes, new threshold 15 (max threshold 15)
[2020-10-07T09:44:23.036+0000][38832][gc,age       ] GC(391) Age table with threshold 15 (max threshold 15)
[2020-10-07T09:44:23.036+0000][38832][gc,age       ] GC(391) - age   1:   10622504 bytes,   10622504 total
[2020-10-07T09:44:23.036+0000][38832][gc,age       ] GC(391) - age   2:       3512 bytes,   10626016 total
[2020-10-07T09:44:23.036+0000][38832][gc,age       ] GC(391) - age   3:       6552 bytes,   10632568 total
[2020-10-07T09:44:23.036+0000][38832][gc,age       ] GC(391) - age   4:       2336 bytes,   10634904 total
[2020-10-07T09:44:23.036+0000][38832][gc,age       ] GC(391) - age   5:       1680 bytes,   10636584 total
[2020-10-07T09:44:23.036+0000][38832][gc,age       ] GC(391) - age   6:       6304 bytes,   10642888 total
[2020-10-07T09:44:23.036+0000][38832][gc,age       ] GC(391) - age   7:        960 bytes,   10643848 total
[2020-10-07T09:44:23.036+0000][38832][gc,age       ] GC(391) - age   8:       1080 bytes,   10644928 total
[2020-10-07T09:44:23.036+0000][38832][gc,age       ] GC(391) - age   9:       1096 bytes,   10646024 total
[2020-10-07T09:44:23.036+0000][38832][gc,age       ] GC(391) - age  10:      30264 bytes,   10676288 total
[2020-10-07T09:44:23.036+0000][38832][gc,age       ] GC(391) - age  11:       3360 bytes,   10679648 total
[2020-10-07T09:44:23.037+0000][38832][gc,age       ] GC(391) - age  12:        944 bytes,   10680592 total
[2020-10-07T09:44:23.037+0000][38832][gc,age       ] GC(391) - age  13:       8120 bytes,   10688712 total
[2020-10-07T09:44:23.037+0000][38832][gc,age       ] GC(391) - age  14:       7248 bytes,   10695960 total
[2020-10-07T09:44:23.037+0000][38832][gc,age       ] GC(391) - age  15:      39352 bytes,   10735312 total
[2020-10-07T09:44:23.037+0000][38832][gc,phases    ] GC(391)   Pre Evacuate Collection Set: 0.4ms
[2020-10-07T09:44:23.037+0000][38832][gc,phases    ] GC(391)   Merge Heap Roots: 0.1ms
[2020-10-07T09:44:23.037+0000][38832][gc,phases    ] GC(391)   Evacuate Collection Set: 3.4ms
[2020-10-07T09:44:23.037+0000][38832][gc,phases    ] GC(391)   Post Evacuate Collection Set: 1.3ms
[2020-10-07T09:44:23.037+0000][38832][gc,phases    ] GC(391)   Other: 1.6ms
[2020-10-07T09:44:23.037+0000][38832][gc,heap      ] GC(391) Eden regions: 145->0(471)
[2020-10-07T09:44:23.037+0000][38832][gc,heap      ] GC(391) Survivor regions: 3->11(63)
[2020-10-07T09:44:23.037+0000][38832][gc,heap      ] GC(391) Old regions: 81->81
[2020-10-07T09:44:23.037+0000][38832][gc,heap      ] GC(391) Archive regions: 0->0
[2020-10-07T09:44:23.037+0000][38832][gc,heap      ] GC(391) Humongous regions: 516->174
[2020-10-07T09:44:23.037+0000][38832][gc,metaspace ] GC(391) Metaspace: 89826K(95744K)->89826K(95744K) NonClass: 78480K(81920K)->78480K(81920K) Class: 11346K(13824K)->11346K(13824K)
[2020-10-07T09:44:23.037+0000][38832][gc           ] GC(391) Pause Young (Concurrent Start) (G1 Humongous Allocation) 743M->264M(1024M) 7.220ms
[2020-10-07T09:44:23.037+0000][38832][gc,cpu       ] GC(391) User=0.00s Sys=0.00s Real=0.01s
[2020-10-07T09:44:23.037+0000][38832][gc           ] GC(392) Concurrent Cycle
[2020-10-07T09:44:23.037+0000][38832][gc,marking   ] GC(392) Concurrent Clear Claimed Marks
[2020-10-07T09:44:23.037+0000][38832][safepoint    ] Safepoint "G1TryInitiateConcMark", Time since last: 111259600 ns, Reaching safepoint: 183700 ns, At safepoint: 7546100 ns, Total: 7729800 ns
[2020-10-07T09:44:23.038+0000][38832][gc,marking   ] GC(392) Concurrent Clear Claimed Marks 0.566ms
[2020-10-07T09:44:23.038+0000][38832][gc,marking   ] GC(392) Concurrent Scan Root Regions
[2020-10-07T09:44:23.041+0000][38832][gc,marking   ] GC(392) Concurrent Scan Root Regions 2.524ms
[2020-10-07T09:44:23.041+0000][38832][gc,marking   ] GC(392) Concurrent Mark (138.246s)
[2020-10-07T09:44:23.041+0000][38832][gc,marking   ] GC(392) Concurrent Mark From Roots
[2020-10-07T09:44:23.041+0000][38832][gc,task      ] GC(392) Using 2 workers of 2 for marking
[2020-10-07T09:44:23.217+0000][38832][gc,marking   ] GC(392) Concurrent Mark From Roots 175.556ms
[2020-10-07T09:44:23.217+0000][38832][gc,marking   ] GC(392) Concurrent Preclean
[2020-10-07T09:44:23.218+0000][38832][gc,marking   ] GC(392) Concurrent Preclean 0.724ms
[2020-10-07T09:44:23.218+0000][38832][gc,marking   ] GC(392) Concurrent Mark (138.246s, 138.423s) 176.524ms
[2020-10-07T09:44:23.218+0000][38832][gc,start     ] GC(392) Pause Remark
[2020-10-07T09:44:23.225+0000][38832][gc           ] GC(392) Pause Remark 595M->595M(1024M) 7.448ms
[2020-10-07T09:44:23.226+0000][38832][gc,cpu       ] GC(392) User=0.02s Sys=0.00s Real=0.01s
[2020-10-07T09:44:23.226+0000][38832][safepoint    ] Safepoint "G1Concurrent", Time since last: 179846300 ns, Reaching safepoint: 201300 ns, At safepoint: 7722100 ns, Total: 7923400 ns
[2020-10-07T09:44:23.226+0000][38832][gc,marking   ] GC(392) Concurrent Rebuild Remembered Sets
[2020-10-07T09:44:23.306+0000][38832][gc,marking   ] GC(392) Concurrent Rebuild Remembered Sets 79.863ms
[2020-10-07T09:44:23.306+0000][38832][gc,start     ] GC(392) Pause Cleanup
[2020-10-07T09:44:23.306+0000][38832][gc           ] GC(392) Pause Cleanup 599M->599M(1024M) 0.406ms
[2020-10-07T09:44:23.307+0000][38832][gc,cpu       ] GC(392) User=0.00s Sys=0.00s Real=0.00s
[2020-10-07T09:44:23.307+0000][38832][safepoint    ] Safepoint "G1Concurrent", Time since last: 80082900 ns, Reaching safepoint: 227100 ns, At safepoint: 675700 ns, Total: 902800 ns
[2020-10-07T09:44:23.307+0000][38832][gc,marking   ] GC(392) Concurrent Cleanup for Next Mark
[2020-10-07T09:44:23.309+0000][38832][gc,marking   ] GC(392) Concurrent Cleanup for Next Mark 2.046ms
[2020-10-07T09:44:23.309+0000][38832][gc           ] GC(392) Concurrent Cycle 271.177ms
[2020-10-07T09:44:23.397+0000][38832][gc,start     ] GC(393) Pause Young (Concurrent Start) (G1 Humongous Allocation)
[2020-10-07T09:44:23.397+0000][38832][gc,task      ] GC(393) Using 8 workers of 8 for evacuation
[2020-10-07T09:44:23.397+0000][38832][gc,age       ] GC(393) Desired survivor size 31981568 bytes, new threshold 15 (max threshold 15)
[2020-10-07T09:44:23.401+0000][38832][gc,age       ] GC(393) Age table with threshold 15 (max threshold 15)
[2020-10-07T09:44:23.401+0000][38832][gc,age       ] GC(393) - age   1:    1934752 bytes,    1934752 total
[2020-10-07T09:44:23.401+0000][38832][gc,age       ] GC(393) - age   2:      13896 bytes,    1948648 total
[2020-10-07T09:44:23.401+0000][38832][gc,age       ] GC(393) - age   3:       3488 bytes,    1952136 total
[2020-10-07T09:44:23.401+0000][38832][gc,age       ] GC(393) - age   4:       3712 bytes,    1955848 total
[2020-10-07T09:44:23.401+0000][38832][gc,age       ] GC(393) - age   5:       1976 bytes,    1957824 total
[2020-10-07T09:44:23.401+0000][38832][gc,age       ] GC(393) - age   6:       1552 bytes,    1959376 total
[2020-10-07T09:44:23.401+0000][38832][gc,age       ] GC(393) - age   7:       3568 bytes,    1962944 total
[2020-10-07T09:44:23.401+0000][38832][gc,age       ] GC(393) - age   8:        960 bytes,    1963904 total
[2020-10-07T09:44:23.401+0000][38832][gc,age       ] GC(393) - age   9:       1080 bytes,    1964984 total
[2020-10-07T09:44:23.401+0000][38832][gc,age       ] GC(393) - age  10:       1096 bytes,    1966080 total
[2020-10-07T09:44:23.401+0000][38832][gc,age       ] GC(393) - age  11:      30264 bytes,    1996344 total
[2020-10-07T09:44:23.401+0000][38832][gc,age       ] GC(393) - age  12:       3328 bytes,    1999672 total
[2020-10-07T09:44:23.401+0000][38832][gc,age       ] GC(393) - age  13:        944 bytes,    2000616 total
[2020-10-07T09:44:23.401+0000][38832][gc,age       ] GC(393) - age  14:       8120 bytes,    2008736 total
[2020-10-07T09:44:23.401+0000][38832][gc,age       ] GC(393) - age  15:       7248 bytes,    2015984 total
[2020-10-07T09:44:23.401+0000][38832][gc,phases    ] GC(393)   Pre Evacuate Collection Set: 0.4ms
[2020-10-07T09:44:23.401+0000][38832][gc,phases    ] GC(393)   Merge Heap Roots: 0.1ms
[2020-10-07T09:44:23.401+0000][38832][gc,phases    ] GC(393)   Evacuate Collection Set: 2.2ms
[2020-10-07T09:44:23.401+0000][38832][gc,phases    ] GC(393)   Post Evacuate Collection Set: 1.0ms
[2020-10-07T09:44:23.401+0000][38832][gc,phases    ] GC(393)   Other: 0.9ms
[2020-10-07T09:44:23.402+0000][38832][gc,heap      ] GC(393) Eden regions: 91->0(485)
[2020-10-07T09:44:23.402+0000][38832][gc,heap      ] GC(393) Survivor regions: 11->3(61)
[2020-10-07T09:44:23.402+0000][38832][gc,heap      ] GC(393) Old regions: 81->81
[2020-10-07T09:44:23.402+0000][38832][gc,heap      ] GC(393) Archive regions: 0->0
[2020-10-07T09:44:23.402+0000][38832][gc,heap      ] GC(393) Humongous regions: 424->174
[2020-10-07T09:44:23.402+0000][38832][gc,metaspace ] GC(393) Metaspace: 89831K(96000K)->89831K(96000K) NonClass: 78485K(82176K)->78485K(82176K) Class: 11346K(13824K)->11346K(13824K)
[2020-10-07T09:44:23.402+0000][38832][gc           ] GC(393) Pause Young (Concurrent Start) (G1 Humongous Allocation) 604M->256M(1024M) 4.878ms
[2020-10-07T09:44:23.402+0000][38832][gc,cpu       ] GC(393) User=0.09s Sys=0.00s Real=0.00s
[2020-10-07T09:44:23.402+0000][38832][gc           ] GC(394) Concurrent Cycle
[2020-10-07T09:44:23.402+0000][38832][safepoint    ] Safepoint "G1TryInitiateConcMark", Time since last: 90023200 ns, Reaching safepoint: 171700 ns, At safepoint: 5092800 ns, Total: 5264500 ns
[2020-10-07T09:44:23.402+0000][38832][gc,marking   ] GC(394) Concurrent Clear Claimed Marks
[2020-10-07T09:44:23.402+0000][38832][gc,marking   ] GC(394) Concurrent Clear Claimed Marks 0.385ms
[2020-10-07T09:44:23.402+0000][38832][gc,marking   ] GC(394) Concurrent Scan Root Regions
[2020-10-07T09:44:23.404+0000][38832][gc,marking   ] GC(394) Concurrent Scan Root Regions 1.927ms
[2020-10-07T09:44:23.404+0000][38832][gc,marking   ] GC(394) Concurrent Mark (138.610s)
[2020-10-07T09:44:23.404+0000][38832][gc,marking   ] GC(394) Concurrent Mark From Roots
[2020-10-07T09:44:23.405+0000][38832][gc,task      ] GC(394) Using 2 workers of 2 for marking
[2020-10-07T09:44:23.563+0000][38832][gc,marking   ] GC(394) Concurrent Mark From Roots 158.374ms
[2020-10-07T09:44:23.563+0000][38832][gc,marking   ] GC(394) Concurrent Preclean
[2020-10-07T09:44:23.564+0000][38832][gc,marking   ] GC(394) Concurrent Preclean 0.924ms
[2020-10-07T09:44:23.564+0000][38832][gc,marking   ] GC(394) Concurrent Mark (138.610s, 138.769s) 159.560ms
[2020-10-07T09:44:23.564+0000][38832][gc,start     ] GC(394) Pause Remark
[2020-10-07T09:44:23.571+0000][38832][gc           ] GC(394) Pause Remark 347M->347M(1024M) 6.788ms
[2020-10-07T09:44:23.571+0000][38832][gc,cpu       ] GC(394) User=0.11s Sys=0.00s Real=0.01s
[2020-10-07T09:44:23.571+0000][38832][safepoint    ] Safepoint "G1Concurrent", Time since last: 162227800 ns, Reaching safepoint: 161800 ns, At safepoint: 7067200 ns, Total: 7229000 ns
[2020-10-07T09:44:23.571+0000][38832][gc,marking   ] GC(394) Concurrent Rebuild Remembered Sets
[2020-10-07T09:44:23.657+0000][38832][gc,marking   ] GC(394) Concurrent Rebuild Remembered Sets 85.986ms
[2020-10-07T09:44:23.658+0000][38832][gc,start     ] GC(394) Pause Cleanup
[2020-10-07T09:44:23.658+0000][38832][gc           ] GC(394) Pause Cleanup 411M->411M(1024M) 0.336ms
[2020-10-07T09:44:23.658+0000][38832][gc,cpu       ] GC(394) User=0.00s Sys=0.00s Real=0.00s
[2020-10-07T09:44:23.658+0000][38832][safepoint    ] Safepoint "G1Concurrent", Time since last: 86221700 ns, Reaching safepoint: 197400 ns, At safepoint: 575900 ns, Total: 773300 ns
[2020-10-07T09:44:23.658+0000][38832][gc,marking   ] GC(394) Concurrent Cleanup for Next Mark
[2020-10-07T09:44:23.660+0000][38832][gc,marking   ] GC(394) Concurrent Cleanup for Next Mark 1.756ms
[2020-10-07T09:44:23.660+0000][38832][gc           ] GC(394) Concurrent Cycle 258.492ms
[2020-10-07T09:44:23.832+0000][38832][gc,start     ] GC(395) Pause Young (Concurrent Start) (G1 Humongous Allocation)
[2020-10-07T09:44:23.832+0000][38832][gc,task      ] GC(395) Using 8 workers of 8 for evacuation
[2020-10-07T09:44:23.832+0000][38832][gc,age       ] GC(395) Desired survivor size 31981568 bytes, new threshold 15 (max threshold 15)
[2020-10-07T09:44:23.836+0000][38832][gc,age       ] GC(395) Age table with threshold 15 (max threshold 15)
[2020-10-07T09:44:23.836+0000][38832][gc,age       ] GC(395) - age   1:    2906640 bytes,    2906640 total
[2020-10-07T09:44:23.836+0000][38832][gc,age       ] GC(395) - age   2:      14504 bytes,    2921144 total
[2020-10-07T09:44:23.836+0000][38832][gc,age       ] GC(395) - age   3:      10624 bytes,    2931768 total
[2020-10-07T09:44:23.836+0000][38832][gc,age       ] GC(395) - age   4:       2576 bytes,    2934344 total
[2020-10-07T09:44:23.836+0000][38832][gc,age       ] GC(395) - age   5:       3648 bytes,    2937992 total
[2020-10-07T09:44:23.836+0000][38832][gc,age       ] GC(395) - age   6:       1720 bytes,    2939712 total
[2020-10-07T09:44:23.836+0000][38832][gc,age       ] GC(395) - age   7:       1552 bytes,    2941264 total
[2020-10-07T09:44:23.836+0000][38832][gc,age       ] GC(395) - age   8:       3440 bytes,    2944704 total
[2020-10-07T09:44:23.836+0000][38832][gc,age       ] GC(395) - age   9:        896 bytes,    2945600 total
[2020-10-07T09:44:23.836+0000][38832][gc,age       ] GC(395) - age  10:       1048 bytes,    2946648 total
[2020-10-07T09:44:23.836+0000][38832][gc,age       ] GC(395) - age  11:       1000 bytes,    2947648 total
[2020-10-07T09:44:23.836+0000][38832][gc,age       ] GC(395) - age  12:      30072 bytes,    2977720 total
[2020-10-07T09:44:23.836+0000][38832][gc,age       ] GC(395) - age  13:       3328 bytes,    2981048 total
[2020-10-07T09:44:23.836+0000][38832][gc,age       ] GC(395) - age  14:        880 bytes,    2981928 total
[2020-10-07T09:44:23.836+0000][38832][gc,age       ] GC(395) - age  15:       8088 bytes,    2990016 total
[2020-10-07T09:44:23.837+0000][38832][gc,phases    ] GC(395)   Pre Evacuate Collection Set: 0.4ms
[2020-10-07T09:44:23.837+0000][38832][gc,phases    ] GC(395)   Merge Heap Roots: 0.1ms
[2020-10-07T09:44:23.837+0000][38832][gc,phases    ] GC(395)   Evacuate Collection Set: 2.2ms
[2020-10-07T09:44:23.837+0000][38832][gc,phases    ] GC(395)   Post Evacuate Collection Set: 0.8ms
[2020-10-07T09:44:23.837+0000][38832][gc,phases    ] GC(395)   Other: 1.2ms
[2020-10-07T09:44:23.837+0000][38832][gc,heap      ] GC(395) Eden regions: 56->0(488)
[2020-10-07T09:44:23.837+0000][38832][gc,heap      ] GC(395) Survivor regions: 3->3(61)
[2020-10-07T09:44:23.837+0000][38832][gc,heap      ] GC(395) Old regions: 81->81
[2020-10-07T09:44:23.837+0000][38832][gc,heap      ] GC(395) Archive regions: 0->0
[2020-10-07T09:44:23.837+0000][38832][gc,heap      ] GC(395) Humongous regions: 286->174
[2020-10-07T09:44:23.837+0000][38832][gc,metaspace ] GC(395) Metaspace: 89833K(96000K)->89833K(96000K) NonClass: 78487K(82176K)->78487K(82176K) Class: 11346K(13824K)->11346K(13824K)
[2020-10-07T09:44:23.837+0000][38832][gc           ] GC(395) Pause Young (Concurrent Start) (G1 Humongous Allocation) 424M->257M(1024M) 5.290ms
[2020-10-07T09:44:23.837+0000][38832][gc,cpu       ] GC(395) User=0.05s Sys=0.00s Real=0.00s
[2020-10-07T09:44:23.837+0000][38832][safepoint    ] Safepoint "G1TryInitiateConcMark", Time since last: 174038500 ns, Reaching safepoint: 147800 ns, At safepoint: 5524000 ns, Total: 5671800 ns
[2020-10-07T09:44:23.837+0000][38832][gc           ] GC(396) Concurrent Cycle
[2020-10-07T09:44:23.837+0000][38832][gc,marking   ] GC(396) Concurrent Clear Claimed Marks
[2020-10-07T09:44:23.838+0000][38832][gc,marking   ] GC(396) Concurrent Clear Claimed Marks 0.455ms
[2020-10-07T09:44:23.838+0000][38832][gc,marking   ] GC(396) Concurrent Scan Root Regions
[2020-10-07T09:44:23.840+0000][38832][gc,marking   ] GC(396) Concurrent Scan Root Regions 2.366ms
[2020-10-07T09:44:23.840+0000][38832][gc,marking   ] GC(396) Concurrent Mark (139.046s)
[2020-10-07T09:44:23.840+0000][38832][gc,marking   ] GC(396) Concurrent Mark From Roots
[2020-10-07T09:44:23.841+0000][38832][gc,task      ] GC(396) Using 2 workers of 2 for marking
[2020-10-07T09:44:23.993+0000][38832][gc,marking   ] GC(396) Concurrent Mark From Roots 151.967ms
[2020-10-07T09:44:23.993+0000][38832][gc,marking   ] GC(396) Concurrent Preclean
[2020-10-07T09:44:23.994+0000][38832][gc,marking   ] GC(396) Concurrent Preclean 0.948ms
[2020-10-07T09:44:23.994+0000][38832][gc,marking   ] GC(396) Concurrent Mark (139.046s, 139.200s) 153.152ms
[2020-10-07T09:44:23.995+0000][38832][gc,start     ] GC(396) Pause Remark
[2020-10-07T09:44:24.002+0000][38832][gc           ] GC(396) Pause Remark 323M->323M(1024M) 7.531ms
[2020-10-07T09:44:24.002+0000][38832][gc,cpu       ] GC(396) User=0.00s Sys=0.00s Real=0.01s
[2020-10-07T09:44:24.002+0000][38832][safepoint    ] Safepoint "G1Concurrent", Time since last: 156367100 ns, Reaching safepoint: 159800 ns, At safepoint: 7788900 ns, Total: 7948700 ns
[2020-10-07T09:44:24.003+0000][38832][gc,marking   ] GC(396) Concurrent Rebuild Remembered Sets
[2020-10-07T09:44:24.094+0000][38832][gc,marking   ] GC(396) Concurrent Rebuild Remembered Sets 91.239ms
[2020-10-07T09:44:24.094+0000][38832][gc,start     ] GC(396) Pause Cleanup
[2020-10-07T09:44:24.095+0000][38832][gc           ] GC(396) Pause Cleanup 325M->325M(1024M) 0.360ms
[2020-10-07T09:44:24.095+0000][38832][gc,cpu       ] GC(396) User=0.00s Sys=0.00s Real=0.00s
[2020-10-07T09:44:24.095+0000][38832][safepoint    ] Safepoint "G1Concurrent", Time since last: 91460400 ns, Reaching safepoint: 192900 ns, At safepoint: 614100 ns, Total: 807000 ns
[2020-10-07T09:44:24.095+0000][38832][gc,marking   ] GC(396) Concurrent Cleanup for Next Mark
[2020-10-07T09:44:24.097+0000][38832][gc,marking   ] GC(396) Concurrent Cleanup for Next Mark 1.814ms
[2020-10-07T09:44:24.097+0000][38832][gc           ] GC(396) Concurrent Cycle 258.691ms
[2020-10-07T09:44:24.226+0000][38832][gc,start     ] GC(397) Pause Young (Concurrent Start) (G1 Humongous Allocation)
[2020-10-07T09:44:24.226+0000][38832][gc,task      ] GC(397) Using 8 workers of 8 for evacuation
[2020-10-07T09:44:24.226+0000][38832][gc,age       ] GC(397) Desired survivor size 32505856 bytes, new threshold 15 (max threshold 15)
[2020-10-07T09:44:24.231+0000][38832][gc,age       ] GC(397) Age table with threshold 15 (max threshold 15)
[2020-10-07T09:44:24.231+0000][38832][gc,age       ] GC(397) - age   1:    8019280 bytes,    8019280 total
[2020-10-07T09:44:24.231+0000][38832][gc,age       ] GC(397) - age   2:      21800 bytes,    8041080 total
[2020-10-07T09:44:24.231+0000][38832][gc,age       ] GC(397) - age   3:      12736 bytes,    8053816 total
[2020-10-07T09:44:24.231+0000][38832][gc,age       ] GC(397) - age   4:       8480 bytes,    8062296 total
[2020-10-07T09:44:24.231+0000][38832][gc,age       ] GC(397) - age   5:       2256 bytes,    8064552 total
[2020-10-07T09:44:24.231+0000][38832][gc,age       ] GC(397) - age   6:       3648 bytes,    8068200 total
[2020-10-07T09:44:24.231+0000][38832][gc,age       ] GC(397) - age   7:       1656 bytes,    8069856 total
[2020-10-07T09:44:24.231+0000][38832][gc,age       ] GC(397) - age   8:       1552 bytes,    8071408 total
[2020-10-07T09:44:24.231+0000][38832][gc,age       ] GC(397) - age   9:       3440 bytes,    8074848 total
[2020-10-07T09:44:24.231+0000][38832][gc,age       ] GC(397) - age  10:        896 bytes,    8075744 total
[2020-10-07T09:44:24.231+0000][38832][gc,age       ] GC(397) - age  11:       1048 bytes,    8076792 total
[2020-10-07T09:44:24.231+0000][38832][gc,age       ] GC(397) - age  12:        968 bytes,    8077760 total
[2020-10-07T09:44:24.231+0000][38832][gc,age       ] GC(397) - age  13:      29976 bytes,    8107736 total
[2020-10-07T09:44:24.231+0000][38832][gc,age       ] GC(397) - age  14:       3328 bytes,    8111064 total
[2020-10-07T09:44:24.231+0000][38832][gc,age       ] GC(397) - age  15:        848 bytes,    8111912 total
[2020-10-07T09:44:24.231+0000][38832][gc,phases    ] GC(397)   Pre Evacuate Collection Set: 0.5ms
[2020-10-07T09:44:24.232+0000][38832][gc,phases    ] GC(397)   Merge Heap Roots: 0.1ms
[2020-10-07T09:44:24.232+0000][38832][gc,phases    ] GC(397)   Evacuate Collection Set: 3.1ms
[2020-10-07T09:44:24.232+0000][38832][gc,phases    ] GC(397)   Post Evacuate Collection Set: 1.0ms
[2020-10-07T09:44:24.232+0000][38832][gc,phases    ] GC(397)   Other: 1.3ms
[2020-10-07T09:44:24.232+0000][38832][gc,heap      ] GC(397) Eden regions: 36->0(482)
[2020-10-07T09:44:24.232+0000][38832][gc,heap      ] GC(397) Survivor regions: 3->8(62)
[2020-10-07T09:44:24.232+0000][38832][gc,heap      ] GC(397) Old regions: 81->81
[2020-10-07T09:44:24.232+0000][38832][gc,heap      ] GC(397) Archive regions: 0->0
[2020-10-07T09:44:24.232+0000][38832][gc,heap      ] GC(397) Humongous regions: 226->174
[2020-10-07T09:44:24.232+0000][38832][gc,metaspace ] GC(397) Metaspace: 89839K(96000K)->89839K(96000K) NonClass: 78493K(82176K)->78493K(82176K) Class: 11346K(13824K)->11346K(13824K)
[2020-10-07T09:44:24.232+0000][38832][gc           ] GC(397) Pause Young (Concurrent Start) (G1 Humongous Allocation) 344M->262M(1024M) 6.513ms
[2020-10-07T09:44:24.232+0000][38832][gc,cpu       ] GC(397) User=0.00s Sys=0.00s Real=0.01s
[2020-10-07T09:44:24.232+0000][38832][gc           ] GC(398) Concurrent Cycle
[2020-10-07T09:44:24.232+0000][38832][gc,marking   ] GC(398) Concurrent Clear Claimed Marks
[2020-10-07T09:44:24.233+0000][38832][gc,marking   ] GC(398) Concurrent Clear Claimed Marks 0.423ms
[2020-10-07T09:44:24.233+0000][38832][gc,marking   ] GC(398) Concurrent Scan Root Regions
[2020-10-07T09:44:24.234+0000][38832][safepoint    ] Safepoint "G1TryInitiateConcMark", Time since last: 130692600 ns, Reaching safepoint: 225600 ns, At safepoint: 8040300 ns, Total: 8265900 ns
[2020-10-07T09:44:24.235+0000][38832][gc,marking   ] GC(398) Concurrent Scan Root Regions 2.448ms
[2020-10-07T09:44:24.235+0000][38832][gc,marking   ] GC(398) Concurrent Mark (139.441s)
[2020-10-07T09:44:24.235+0000][38832][gc,marking   ] GC(398) Concurrent Mark From Roots
[2020-10-07T09:44:24.236+0000][38832][gc,task      ] GC(398) Using 2 workers of 2 for marking
[2020-10-07T09:44:24.421+0000][38832][gc,marking   ] GC(398) Concurrent Mark From Roots 185.641ms
[2020-10-07T09:44:24.421+0000][38832][gc,marking   ] GC(398) Concurrent Preclean
[2020-10-07T09:44:24.422+0000][38832][gc,marking   ] GC(398) Concurrent Preclean 0.862ms
[2020-10-07T09:44:24.422+0000][38832][gc,marking   ] GC(398) Concurrent Mark (139.441s, 139.627s) 186.721ms
[2020-10-07T09:44:24.422+0000][38832][gc,start     ] GC(398) Pause Remark
[2020-10-07T09:44:24.431+0000][38832][gc           ] GC(398) Pause Remark 658M->658M(1024M) 8.684ms
[2020-10-07T09:44:24.431+0000][38832][gc,cpu       ] GC(398) User=0.09s Sys=0.00s Real=0.01s
[2020-10-07T09:44:24.431+0000][38832][safepoint    ] Safepoint "G1Concurrent", Time since last: 188720800 ns, Reaching safepoint: 200600 ns, At safepoint: 9065600 ns, Total: 9266200 ns
[2020-10-07T09:44:24.431+0000][38832][gc,marking   ] GC(398) Concurrent Rebuild Remembered Sets
[2020-10-07T09:44:24.533+0000][38832][gc,marking   ] GC(398) Concurrent Rebuild Remembered Sets 101.948ms
[2020-10-07T09:44:24.533+0000][38832][gc,start     ] GC(398) Pause Cleanup
[2020-10-07T09:44:24.534+0000][38832][gc           ] GC(398) Pause Cleanup 794M->794M(1024M) 0.376ms
[2020-10-07T09:44:24.534+0000][38832][gc,cpu       ] GC(398) User=0.00s Sys=0.00s Real=0.00s
[2020-10-07T09:44:24.534+0000][38832][safepoint    ] Safepoint "G1Concurrent", Time since last: 102186300 ns, Reaching safepoint: 170200 ns, At safepoint: 610900 ns, Total: 781100 ns
[2020-10-07T09:44:24.534+0000][38832][gc,marking   ] GC(398) Concurrent Cleanup for Next Mark
[2020-10-07T09:44:24.536+0000][38832][gc,marking   ] GC(398) Concurrent Cleanup for Next Mark 1.828ms
[2020-10-07T09:44:24.536+0000][38832][gc           ] GC(398) Concurrent Cycle 304.252ms
[2020-10-07T09:44:24.577+0000][38832][gc,start     ] GC(399) Pause Young (Concurrent Start) (G1 Humongous Allocation)
[2020-10-07T09:44:24.577+0000][38832][gc,task      ] GC(399) Using 8 workers of 8 for evacuation
[2020-10-07T09:44:24.577+0000][38832][gc,age       ] GC(399) Desired survivor size 32505856 bytes, new threshold 15 (max threshold 15)
[2020-10-07T09:44:24.582+0000][38832][gc,age       ] GC(399) Age table with threshold 15 (max threshold 15)
[2020-10-07T09:44:24.582+0000][38832][gc,age       ] GC(399) - age   1:    4061328 bytes,    4061328 total
[2020-10-07T09:44:24.582+0000][38832][gc,age       ] GC(399) - age   2:       9160 bytes,    4070488 total
[2020-10-07T09:44:24.582+0000][38832][gc,age       ] GC(399) - age   3:      20032 bytes,    4090520 total
[2020-10-07T09:44:24.582+0000][38832][gc,age       ] GC(399) - age   4:       7232 bytes,    4097752 total
[2020-10-07T09:44:24.582+0000][38832][gc,age       ] GC(399) - age   5:       4344 bytes,    4102096 total
[2020-10-07T09:44:24.582+0000][38832][gc,age       ] GC(399) - age   6:       1824 bytes,    4103920 total
[2020-10-07T09:44:24.583+0000][38832][gc,age       ] GC(399) - age   7:       3552 bytes,    4107472 total
[2020-10-07T09:44:24.583+0000][38832][gc,age       ] GC(399) - age   8:       1528 bytes,    4109000 total
[2020-10-07T09:44:24.583+0000][38832][gc,age       ] GC(399) - age   9:       1424 bytes,    4110424 total
[2020-10-07T09:44:24.583+0000][38832][gc,age       ] GC(399) - age  10:       3376 bytes,    4113800 total
[2020-10-07T09:44:24.583+0000][38832][gc,age       ] GC(399) - age  11:        736 bytes,    4114536 total
[2020-10-07T09:44:24.583+0000][38832][gc,age       ] GC(399) - age  12:        888 bytes,    4115424 total
[2020-10-07T09:44:24.583+0000][38832][gc,age       ] GC(399) - age  13:        840 bytes,    4116264 total
[2020-10-07T09:44:24.583+0000][38832][gc,age       ] GC(399) - age  14:      29976 bytes,    4146240 total
[2020-10-07T09:44:24.583+0000][38832][gc,age       ] GC(399) - age  15:       3328 bytes,    4149568 total
[2020-10-07T09:44:24.583+0000][38832][gc,phases    ] GC(399)   Pre Evacuate Collection Set: 0.5ms
[2020-10-07T09:44:24.583+0000][38832][gc,phases    ] GC(399)   Merge Heap Roots: 0.1ms
[2020-10-07T09:44:24.583+0000][38832][gc,phases    ] GC(399)   Evacuate Collection Set: 3.2ms
[2020-10-07T09:44:24.583+0000][38832][gc,phases    ] GC(399)   Post Evacuate Collection Set: 1.2ms
[2020-10-07T09:44:24.583+0000][38832][gc,phases    ] GC(399)   Other: 1.2ms
[2020-10-07T09:44:24.583+0000][38832][gc,heap      ] GC(399) Eden regions: 144->0(488)
[2020-10-07T09:44:24.583+0000][38832][gc,heap      ] GC(399) Survivor regions: 8->4(62)
[2020-10-07T09:44:24.583+0000][38832][gc,heap      ] GC(399) Old regions: 81->81
[2020-10-07T09:44:24.583+0000][38832][gc,heap      ] GC(399) Archive regions: 0->0
[2020-10-07T09:44:24.583+0000][38832][gc,heap      ] GC(399) Humongous regions: 572->174
[2020-10-07T09:44:24.583+0000][38832][gc,metaspace ] GC(399) Metaspace: 89843K(96000K)->89843K(96000K) NonClass: 78497K(82176K)->78497K(82176K) Class: 11346K(13824K)->11346K(13824K)
[2020-10-07T09:44:24.583+0000][38832][gc           ] GC(399) Pause Young (Concurrent Start) (G1 Humongous Allocation) 804M->258M(1024M) 6.764ms
[2020-10-07T09:44:24.584+0000][38832][gc,cpu       ] GC(399) User=0.00s Sys=0.00s Real=0.01s
[2020-10-07T09:44:24.584+0000][38832][safepoint    ] Safepoint "G1TryInitiateConcMark", Time since last: 42515100 ns, Reaching safepoint: 197000 ns, At safepoint: 7016600 ns, Total: 7213600 ns
[2020-10-07T09:44:24.584+0000][38832][gc           ] GC(400) Concurrent Cycle
[2020-10-07T09:44:24.584+0000][38832][gc,marking   ] GC(400) Concurrent Clear Claimed Marks
[2020-10-07T09:44:24.584+0000][38832][gc,marking   ] GC(400) Concurrent Clear Claimed Marks 0.646ms
[2020-10-07T09:44:24.584+0000][38832][gc,marking   ] GC(400) Concurrent Scan Root Regions
[2020-10-07T09:44:24.588+0000][38832][gc,marking   ] GC(400) Concurrent Scan Root Regions 3.141ms
[2020-10-07T09:44:24.588+0000][38832][gc,marking   ] GC(400) Concurrent Mark (139.794s)
[2020-10-07T09:44:24.588+0000][38832][gc,marking   ] GC(400) Concurrent Mark From Roots
[2020-10-07T09:44:24.588+0000][38832][gc,task      ] GC(400) Using 2 workers of 2 for marking
[2020-10-07T09:44:24.751+0000][38832][gc,marking   ] GC(400) Concurrent Mark From Roots 162.422ms
[2020-10-07T09:44:24.751+0000][38832][gc,marking   ] GC(400) Concurrent Preclean
[2020-10-07T09:44:24.752+0000][38832][gc,marking   ] GC(400) Concurrent Preclean 0.872ms
[2020-10-07T09:44:24.752+0000][38832][gc,marking   ] GC(400) Concurrent Mark (139.794s, 139.957s) 163.505ms
[2020-10-07T09:44:24.752+0000][38832][gc,start     ] GC(400) Pause Remark
[2020-10-07T09:44:24.761+0000][38832][gc           ] GC(400) Pause Remark 387M->387M(1024M) 8.331ms
[2020-10-07T09:44:24.761+0000][38832][gc,cpu       ] GC(400) User=0.08s Sys=0.02s Real=0.01s
[2020-10-07T09:44:24.762+0000][38832][safepoint    ] Safepoint "G1Concurrent", Time since last: 167764700 ns, Reaching safepoint: 278000 ns, At safepoint: 9719400 ns, Total: 9997400 ns
[2020-10-07T09:44:24.762+0000][38832][gc,marking   ] GC(400) Concurrent Rebuild Remembered Sets
[2020-10-07T09:44:24.862+0000][38832][gc,marking   ] GC(400) Concurrent Rebuild Remembered Sets 99.692ms
[2020-10-07T09:44:24.862+0000][38832][gc,start     ] GC(400) Pause Cleanup
[2020-10-07T09:44:24.862+0000][38832][gc           ] GC(400) Pause Cleanup 451M->451M(1024M) 0.355ms
[2020-10-07T09:44:24.862+0000][38832][gc,cpu       ] GC(400) User=0.00s Sys=0.00s Real=0.00s
[2020-10-07T09:44:24.863+0000][38832][safepoint    ] Safepoint "G1Concurrent", Time since last: 99943400 ns, Reaching safepoint: 182100 ns, At safepoint: 627900 ns, Total: 810000 ns
[2020-10-07T09:44:24.863+0000][38832][gc,marking   ] GC(400) Concurrent Cleanup for Next Mark
[2020-10-07T09:44:24.864+0000][38832][gc,marking   ] GC(400) Concurrent Cleanup for Next Mark 1.695ms
[2020-10-07T09:44:24.865+0000][38832][gc           ] GC(400) Concurrent Cycle 280.472ms
[2020-10-07T09:44:24.931+0000][38832][gc,start     ] GC(401) Pause Young (Concurrent Start) (G1 Humongous Allocation)
[2020-10-07T09:44:24.931+0000][38832][gc,task      ] GC(401) Using 8 workers of 8 for evacuation
[2020-10-07T09:44:24.931+0000][38832][gc,age       ] GC(401) Desired survivor size 32505856 bytes, new threshold 15 (max threshold 15)
[2020-10-07T09:44:24.936+0000][38832][gc,age       ] GC(401) Age table with threshold 15 (max threshold 15)
[2020-10-07T09:44:24.936+0000][38832][gc,age       ] GC(401) - age   1:    3463880 bytes,    3463880 total
[2020-10-07T09:44:24.936+0000][38832][gc,age       ] GC(401) - age   2:     812208 bytes,    4276088 total
[2020-10-07T09:44:24.936+0000][38832][gc,age       ] GC(401) - age   3:       7128 bytes,    4283216 total
[2020-10-07T09:44:24.936+0000][38832][gc,age       ] GC(401) - age   4:      19448 bytes,    4302664 total
[2020-10-07T09:44:24.936+0000][38832][gc,age       ] GC(401) - age   5:       7208 bytes,    4309872 total
[2020-10-07T09:44:24.936+0000][38832][gc,age       ] GC(401) - age   6:       4280 bytes,    4314152 total
[2020-10-07T09:44:24.936+0000][38832][gc,age       ] GC(401) - age   7:       1632 bytes,    4315784 total
[2020-10-07T09:44:24.936+0000][38832][gc,age       ] GC(401) - age   8:       3552 bytes,    4319336 total
[2020-10-07T09:44:24.936+0000][38832][gc,age       ] GC(401) - age   9:       1528 bytes,    4320864 total
[2020-10-07T09:44:24.936+0000][38832][gc,age       ] GC(401) - age  10:       1424 bytes,    4322288 total
[2020-10-07T09:44:24.936+0000][38832][gc,age       ] GC(401) - age  11:       3280 bytes,    4325568 total
[2020-10-07T09:44:24.936+0000][38832][gc,age       ] GC(401) - age  12:        736 bytes,    4326304 total
[2020-10-07T09:44:24.937+0000][38832][gc,age       ] GC(401) - age  13:        760 bytes,    4327064 total
[2020-10-07T09:44:24.937+0000][38832][gc,age       ] GC(401) - age  14:        840 bytes,    4327904 total
[2020-10-07T09:44:24.937+0000][38832][gc,age       ] GC(401) - age  15:      29976 bytes,    4357880 total
[2020-10-07T09:44:24.937+0000][38832][gc,phases    ] GC(401)   Pre Evacuate Collection Set: 0.5ms
[2020-10-07T09:44:24.937+0000][38832][gc,phases    ] GC(401)   Merge Heap Roots: 0.1ms
[2020-10-07T09:44:24.937+0000][38832][gc,phases    ] GC(401)   Evacuate Collection Set: 2.9ms
[2020-10-07T09:44:24.937+0000][38832][gc,phases    ] GC(401)   Post Evacuate Collection Set: 0.9ms
[2020-10-07T09:44:24.937+0000][38832][gc,phases    ] GC(401)   Other: 1.3ms
[2020-10-07T09:44:24.937+0000][38832][gc,heap      ] GC(401) Eden regions: 59->0(489)
[2020-10-07T09:44:24.937+0000][38832][gc,heap      ] GC(401) Survivor regions: 4->5(62)
[2020-10-07T09:44:24.937+0000][38832][gc,heap      ] GC(401) Old regions: 81->81
[2020-10-07T09:44:24.937+0000][38832][gc,heap      ] GC(401) Archive regions: 0->0
[2020-10-07T09:44:24.937+0000][38832][gc,heap      ] GC(401) Humongous regions: 324->174
[2020-10-07T09:44:24.937+0000][38832][gc,metaspace ] GC(401) Metaspace: 89843K(96000K)->89843K(96000K) NonClass: 78497K(82176K)->78497K(82176K) Class: 11346K(13824K)->11346K(13824K)
[2020-10-07T09:44:24.937+0000][38832][gc           ] GC(401) Pause Young (Concurrent Start) (G1 Humongous Allocation) 467M->258M(1024M) 6.242ms
[2020-10-07T09:44:24.937+0000][38832][gc,cpu       ] GC(401) User=0.00s Sys=0.00s Real=0.01s
[2020-10-07T09:44:24.938+0000][38832][gc           ] GC(402) Concurrent Cycle
[2020-10-07T09:44:24.938+0000][38832][safepoint    ] Safepoint "G1TryInitiateConcMark", Time since last: 68250800 ns, Reaching safepoint: 153400 ns, At safepoint: 6550100 ns, Total: 6703500 ns
[2020-10-07T09:44:24.938+0000][38832][gc,marking   ] GC(402) Concurrent Clear Claimed Marks
[2020-10-07T09:44:24.938+0000][38832][gc,marking   ] GC(402) Concurrent Clear Claimed Marks 0.635ms
[2020-10-07T09:44:24.938+0000][38832][gc,marking   ] GC(402) Concurrent Scan Root Regions
[2020-10-07T09:44:24.943+0000][38832][gc,marking   ] GC(402) Concurrent Scan Root Regions 4.045ms
[2020-10-07T09:44:24.943+0000][38832][gc,marking   ] GC(402) Concurrent Mark (140.148s)
[2020-10-07T09:44:24.943+0000][38832][gc,marking   ] GC(402) Concurrent Mark From Roots
[2020-10-07T09:44:24.943+0000][38832][gc,task      ] GC(402) Using 2 workers of 2 for marking
[2020-10-07T09:44:25.130+0000][38832][gc,marking   ] GC(402) Concurrent Mark From Roots 187.296ms
[2020-10-07T09:44:25.130+0000][38832][gc,marking   ] GC(402) Concurrent Preclean
[2020-10-07T09:44:25.131+0000][38832][gc,marking   ] GC(402) Concurrent Preclean 1.135ms
[2020-10-07T09:44:25.131+0000][38832][gc,marking   ] GC(402) Concurrent Mark (140.148s, 140.337s) 188.672ms
[2020-10-07T09:44:25.132+0000][38832][gc,start     ] GC(402) Pause Remark
[2020-10-07T09:44:25.140+0000][38832][gc           ] GC(402) Pause Remark 401M->401M(1024M) 8.395ms
[2020-10-07T09:44:25.140+0000][38832][gc,cpu       ] GC(402) User=0.00s Sys=0.00s Real=0.01s
[2020-10-07T09:44:25.141+0000][38832][safepoint    ] Safepoint "G1Concurrent", Time since last: 193882400 ns, Reaching safepoint: 207100 ns, At safepoint: 8949500 ns, Total: 9156600 ns
[2020-10-07T09:44:25.141+0000][38832][gc,marking   ] GC(402) Concurrent Rebuild Remembered Sets
[2020-10-07T09:44:25.245+0000][38832][gc,marking   ] GC(402) Concurrent Rebuild Remembered Sets 104.658ms
[2020-10-07T09:44:25.245+0000][38832][gc,start     ] GC(402) Pause Cleanup
[2020-10-07T09:44:25.246+0000][38832][gc           ] GC(402) Pause Cleanup 402M->402M(1024M) 0.343ms
[2020-10-07T09:44:25.246+0000][38832][gc,cpu       ] GC(402) User=0.00s Sys=0.00s Real=0.00s
[2020-10-07T09:44:25.246+0000][38832][safepoint    ] Safepoint "G1Concurrent", Time since last: 104892400 ns, Reaching safepoint: 168800 ns, At safepoint: 523700 ns, Total: 692500 ns
[2020-10-07T09:44:25.246+0000][38832][gc,marking   ] GC(402) Concurrent Cleanup for Next Mark
[2020-10-07T09:44:25.247+0000][38832][gc,marking   ] GC(402) Concurrent Cleanup for Next Mark 1.723ms
[2020-10-07T09:44:25.248+0000][38832][gc           ] GC(402) Concurrent Cycle 310.613ms
[2020-10-07T09:44:25.302+0000][38832][gc,start     ] GC(403) Pause Young (Concurrent Start) (G1 Humongous Allocation)
[2020-10-07T09:44:25.302+0000][38832][gc,task      ] GC(403) Using 8 workers of 8 for evacuation
[2020-10-07T09:44:25.302+0000][38832][gc,age       ] GC(403) Desired survivor size 32505856 bytes, new threshold 15 (max threshold 15)
[2020-10-07T09:44:25.306+0000][38832][gc,age       ] GC(403) Age table with threshold 15 (max threshold 15)
[2020-10-07T09:44:25.306+0000][38832][gc,age       ] GC(403) - age   1:     971792 bytes,     971792 total
[2020-10-07T09:44:25.307+0000][38832][gc,age       ] GC(403) - age   2:       3936 bytes,     975728 total
[2020-10-07T09:44:25.307+0000][38832][gc,age       ] GC(403) - age   3:       4440 bytes,     980168 total
[2020-10-07T09:44:25.307+0000][38832][gc,age       ] GC(403) - age   4:       5496 bytes,     985664 total
[2020-10-07T09:44:25.307+0000][38832][gc,age       ] GC(403) - age   5:      18976 bytes,    1004640 total
[2020-10-07T09:44:25.307+0000][38832][gc,age       ] GC(403) - age   6:       6952 bytes,    1011592 total
[2020-10-07T09:44:25.307+0000][38832][gc,age       ] GC(403) - age   7:       4008 bytes,    1015600 total
[2020-10-07T09:44:25.307+0000][38832][gc,age       ] GC(403) - age   8:       1568 bytes,    1017168 total
[2020-10-07T09:44:25.307+0000][38832][gc,age       ] GC(403) - age   9:       3552 bytes,    1020720 total
[2020-10-07T09:44:25.307+0000][38832][gc,age       ] GC(403) - age  10:       1528 bytes,    1022248 total
[2020-10-07T09:44:25.307+0000][38832][gc,age       ] GC(403) - age  11:       1424 bytes,    1023672 total
[2020-10-07T09:44:25.307+0000][38832][gc,age       ] GC(403) - age  12:       3216 bytes,    1026888 total
[2020-10-07T09:44:25.307+0000][38832][gc,age       ] GC(403) - age  13:        640 bytes,    1027528 total
[2020-10-07T09:44:25.307+0000][38832][gc,age       ] GC(403) - age  14:        696 bytes,    1028224 total
[2020-10-07T09:44:25.307+0000][38832][gc,age       ] GC(403) - age  15:        840 bytes,    1029064 total
[2020-10-07T09:44:25.307+0000][38832][gc,phases    ] GC(403)   Pre Evacuate Collection Set: 0.5ms
[2020-10-07T09:44:25.307+0000][38832][gc,phases    ] GC(403)   Merge Heap Roots: 0.1ms
[2020-10-07T09:44:25.307+0000][38832][gc,phases    ] GC(403)   Evacuate Collection Set: 2.3ms
[2020-10-07T09:44:25.307+0000][38832][gc,phases    ] GC(403)   Post Evacuate Collection Set: 0.9ms
[2020-10-07T09:44:25.307+0000][38832][gc,phases    ] GC(403)   Other: 1.3ms
[2020-10-07T09:44:25.307+0000][38832][gc,heap      ] GC(403) Eden regions: 46->0(496)
[2020-10-07T09:44:25.307+0000][38832][gc,heap      ] GC(403) Survivor regions: 5->2(62)
[2020-10-07T09:44:25.308+0000][38832][gc,heap      ] GC(403) Old regions: 81->81
[2020-10-07T09:44:25.308+0000][38832][gc,heap      ] GC(403) Archive regions: 0->0
[2020-10-07T09:44:25.308+0000][38832][gc,heap      ] GC(403) Humongous regions: 274->174
[2020-10-07T09:44:25.308+0000][38832][gc,metaspace ] GC(403) Metaspace: 89849K(96000K)->89849K(96000K) NonClass: 78503K(82176K)->78503K(82176K) Class: 11346K(13824K)->11346K(13824K)
[2020-10-07T09:44:25.308+0000][38832][gc           ] GC(403) Pause Young (Concurrent Start) (G1 Humongous Allocation) 404M->255M(1024M) 5.537ms
[2020-10-07T09:44:25.308+0000][38832][gc,cpu       ] GC(403) User=0.09s Sys=0.00s Real=0.01s
[2020-10-07T09:44:25.308+0000][38832][gc           ] GC(404) Concurrent Cycle
[2020-10-07T09:44:25.308+0000][38832][gc,marking   ] GC(404) Concurrent Clear Claimed Marks
[2020-10-07T09:44:25.308+0000][38832][safepoint    ] Safepoint "G1TryInitiateConcMark", Time since last: 56278900 ns, Reaching safepoint: 151700 ns, At safepoint: 5858500 ns, Total: 6010200 ns
[2020-10-07T09:44:25.308+0000][38832][gc,marking   ] GC(404) Concurrent Clear Claimed Marks 0.370ms
[2020-10-07T09:44:25.308+0000][38832][gc,marking   ] GC(404) Concurrent Scan Root Regions
[2020-10-07T09:44:25.310+0000][38832][gc,marking   ] GC(404) Concurrent Scan Root Regions 1.539ms
[2020-10-07T09:44:25.310+0000][38832][gc,marking   ] GC(404) Concurrent Mark (140.516s)
[2020-10-07T09:44:25.310+0000][38832][gc,marking   ] GC(404) Concurrent Mark From Roots
[2020-10-07T09:44:25.310+0000][38832][gc,task      ] GC(404) Using 2 workers of 2 for marking
[2020-10-07T09:44:25.485+0000][38832][gc,marking   ] GC(404) Concurrent Mark From Roots 174.276ms
[2020-10-07T09:44:25.485+0000][38832][gc,marking   ] GC(404) Concurrent Preclean
[2020-10-07T09:44:25.486+0000][38832][gc,marking   ] GC(404) Concurrent Preclean 0.996ms
[2020-10-07T09:44:25.486+0000][38832][gc,marking   ] GC(404) Concurrent Mark (140.516s, 140.691s) 175.540ms
[2020-10-07T09:44:25.486+0000][38832][gc,start     ] GC(404) Pause Remark
[2020-10-07T09:44:25.494+0000][38832][gc           ] GC(404) Pause Remark 269M->269M(1024M) 7.993ms
[2020-10-07T09:44:25.494+0000][38832][gc,cpu       ] GC(404) User=0.09s Sys=0.00s Real=0.01s
[2020-10-07T09:44:25.494+0000][38832][safepoint    ] Safepoint "G1Concurrent", Time since last: 177697300 ns, Reaching safepoint: 156200 ns, At safepoint: 8315400 ns, Total: 8471600 ns
[2020-10-07T09:44:25.494+0000][38832][gc,marking   ] GC(404) Concurrent Rebuild Remembered Sets
[2020-10-07T09:44:25.593+0000][38832][gc,marking   ] GC(404) Concurrent Rebuild Remembered Sets 98.785ms
[2020-10-07T09:44:25.594+0000][38832][gc,start     ] GC(404) Pause Cleanup
[2020-10-07T09:44:25.594+0000][38832][gc           ] GC(404) Pause Cleanup 403M->403M(1024M) 0.340ms
[2020-10-07T09:44:25.594+0000][38832][gc,cpu       ] GC(404) User=0.00s Sys=0.00s Real=0.00s
[2020-10-07T09:44:25.594+0000][38832][safepoint    ] Safepoint "G1Concurrent", Time since last: 98985600 ns, Reaching safepoint: 336600 ns, At safepoint: 611200 ns, Total: 947800 ns
[2020-10-07T09:44:25.594+0000][38832][gc,marking   ] GC(404) Concurrent Cleanup for Next Mark
[2020-10-07T09:44:25.596+0000][38832][gc,marking   ] GC(404) Concurrent Cleanup for Next Mark 1.808ms
[2020-10-07T09:44:25.596+0000][38832][gc           ] GC(404) Concurrent Cycle 288.175ms
[2020-10-07T09:44:25.611+0000][38832][gc,start     ] GC(405) Pause Young (Concurrent Start) (G1 Humongous Allocation)
[2020-10-07T09:44:25.611+0000][38832][gc,task      ] GC(405) Using 8 workers of 8 for evacuation
[2020-10-07T09:44:25.611+0000][38832][gc,age       ] GC(405) Desired survivor size 33030144 bytes, new threshold 15 (max threshold 15)
[2020-10-07T09:44:25.615+0000][38832][gc,age       ] GC(405) Age table with threshold 15 (max threshold 15)
[2020-10-07T09:44:25.615+0000][38832][gc,age       ] GC(405) - age   1:    3260136 bytes,    3260136 total
[2020-10-07T09:44:25.615+0000][38832][gc,age       ] GC(405) - age   2:      15536 bytes,    3275672 total
[2020-10-07T09:44:25.615+0000][38832][gc,age       ] GC(405) - age   3:       3544 bytes,    3279216 total
[2020-10-07T09:44:25.615+0000][38832][gc,age       ] GC(405) - age   4:       3440 bytes,    3282656 total
[2020-10-07T09:44:25.615+0000][38832][gc,age       ] GC(405) - age   5:       5272 bytes,    3287928 total
[2020-10-07T09:44:25.615+0000][38832][gc,age       ] GC(405) - age   6:      18360 bytes,    3306288 total
[2020-10-07T09:44:25.616+0000][38832][gc,age       ] GC(405) - age   7:       6792 bytes,    3313080 total
[2020-10-07T09:44:25.616+0000][38832][gc,age       ] GC(405) - age   8:       3920 bytes,    3317000 total
[2020-10-07T09:44:25.616+0000][38832][gc,age       ] GC(405) - age   9:       1440 bytes,    3318440 total
[2020-10-07T09:44:25.616+0000][38832][gc,age       ] GC(405) - age  10:       3520 bytes,    3321960 total
[2020-10-07T09:44:25.616+0000][38832][gc,age       ] GC(405) - age  11:       1528 bytes,    3323488 total
[2020-10-07T09:44:25.616+0000][38832][gc,age       ] GC(405) - age  12:       1424 bytes,    3324912 total
[2020-10-07T09:44:25.616+0000][38832][gc,age       ] GC(405) - age  13:       2944 bytes,    3327856 total
[2020-10-07T09:44:25.616+0000][38832][gc,age       ] GC(405) - age  14:        448 bytes,    3328304 total
[2020-10-07T09:44:25.616+0000][38832][gc,age       ] GC(405) - age  15:        696 bytes,    3329000 total
[2020-10-07T09:44:25.616+0000][38832][gc,phases    ] GC(405)   Pre Evacuate Collection Set: 0.4ms
[2020-10-07T09:44:25.616+0000][38832][gc,phases    ] GC(405)   Merge Heap Roots: 0.1ms
[2020-10-07T09:44:25.616+0000][38832][gc,phases    ] GC(405)   Evacuate Collection Set: 2.3ms
[2020-10-07T09:44:25.616+0000][38832][gc,phases    ] GC(405)   Post Evacuate Collection Set: 0.8ms
[2020-10-07T09:44:25.616+0000][38832][gc,phases    ] GC(405)   Other: 1.2ms
[2020-10-07T09:44:25.616+0000][38832][gc,heap      ] GC(405) Eden regions: 47->0(494)
[2020-10-07T09:44:25.616+0000][38832][gc,heap      ] GC(405) Survivor regions: 2->4(63)
[2020-10-07T09:44:25.616+0000][38832][gc,heap      ] GC(405) Old regions: 81->81
[2020-10-07T09:44:25.616+0000][38832][gc,heap      ] GC(405) Archive regions: 0->0
[2020-10-07T09:44:25.617+0000][38832][gc,heap      ] GC(405) Humongous regions: 278->174
[2020-10-07T09:44:25.617+0000][38832][gc,metaspace ] GC(405) Metaspace: 89850K(96000K)->89850K(96000K) NonClass: 78504K(82176K)->78504K(82176K) Class: 11346K(13824K)->11346K(13824K)
[2020-10-07T09:44:25.617+0000][38832][gc           ] GC(405) Pause Young (Concurrent Start) (G1 Humongous Allocation) 406M->257M(1024M) 5.477ms
[2020-10-07T09:44:25.617+0000][38832][gc,cpu       ] GC(405) User=0.02s Sys=0.00s Real=0.01s
[2020-10-07T09:44:25.617+0000][38832][safepoint    ] Safepoint "G1TryInitiateConcMark", Time since last: 16675800 ns, Reaching safepoint: 193200 ns, At safepoint: 5742800 ns, Total: 5936000 ns
[2020-10-07T09:44:25.617+0000][38832][gc           ] GC(406) Concurrent Cycle
[2020-10-07T09:44:25.617+0000][38832][gc,marking   ] GC(406) Concurrent Clear Claimed Marks
[2020-10-07T09:44:25.618+0000][38832][gc,marking   ] GC(406) Concurrent Clear Claimed Marks 0.725ms
[2020-10-07T09:44:25.618+0000][38832][gc,marking   ] GC(406) Concurrent Scan Root Regions
[2020-10-07T09:44:25.621+0000][38832][gc,marking   ] GC(406) Concurrent Scan Root Regions 2.803ms
[2020-10-07T09:44:25.621+0000][38832][gc,marking   ] GC(406) Concurrent Mark (140.826s)
[2020-10-07T09:44:25.621+0000][38832][gc,marking   ] GC(406) Concurrent Mark From Roots
[2020-10-07T09:44:25.621+0000][38832][gc,task      ] GC(406) Using 2 workers of 2 for marking
[2020-10-07T09:44:25.814+0000][38832][gc,marking   ] GC(406) Concurrent Mark From Roots 192.994ms
[2020-10-07T09:44:25.814+0000][38832][gc,marking   ] GC(406) Concurrent Preclean
[2020-10-07T09:44:25.815+0000][38832][gc,marking   ] GC(406) Concurrent Preclean 1.022ms
[2020-10-07T09:44:25.815+0000][38832][gc,marking   ] GC(406) Concurrent Mark (140.826s, 141.021s) 194.284ms
[2020-10-07T09:44:25.815+0000][38832][gc,start     ] GC(406) Pause Remark
[2020-10-07T09:44:25.824+0000][38832][gc           ] GC(406) Pause Remark 332M->332M(1024M) 7.920ms
[2020-10-07T09:44:25.824+0000][38832][gc,cpu       ] GC(406) User=0.11s Sys=0.00s Real=0.01s
[2020-10-07T09:44:25.824+0000][38832][safepoint    ] Safepoint "G1Concurrent", Time since last: 198321500 ns, Reaching safepoint: 165300 ns, At safepoint: 8265500 ns, Total: 8430800 ns
[2020-10-07T09:44:25.824+0000][38832][gc,marking   ] GC(406) Concurrent Rebuild Remembered Sets
[2020-10-07T09:44:25.930+0000][38832][gc,marking   ] GC(406) Concurrent Rebuild Remembered Sets 106.626ms
[2020-10-07T09:44:25.931+0000][38832][gc,start     ] GC(406) Pause Cleanup
[2020-10-07T09:44:25.931+0000][38832][gc           ] GC(406) Pause Cleanup 334M->334M(1024M) 0.379ms
[2020-10-07T09:44:25.931+0000][38832][gc,cpu       ] GC(406) User=0.00s Sys=0.00s Real=0.00s
[2020-10-07T09:44:25.931+0000][38832][safepoint    ] Safepoint "G1Concurrent", Time since last: 106887300 ns, Reaching safepoint: 161700 ns, At safepoint: 623300 ns, Total: 785000 ns
[2020-10-07T09:44:25.931+0000][38832][gc,marking   ] GC(406) Concurrent Cleanup for Next Mark
[2020-10-07T09:44:25.933+0000][38832][gc,marking   ] GC(406) Concurrent Cleanup for Next Mark 1.838ms
[2020-10-07T09:44:25.933+0000][38832][gc           ] GC(406) Concurrent Cycle 316.525ms
[2020-10-07T09:44:25.983+0000][38832][gc,start     ] GC(407) Pause Young (Concurrent Start) (G1 Humongous Allocation)
[2020-10-07T09:44:25.983+0000][38832][gc,task      ] GC(407) Using 8 workers of 8 for evacuation
[2020-10-07T09:44:25.983+0000][38832][gc,age       ] GC(407) Desired survivor size 33030144 bytes, new threshold 15 (max threshold 15)
[2020-10-07T09:44:25.989+0000][38832][gc,age       ] GC(407) Age table with threshold 15 (max threshold 15)
[2020-10-07T09:44:25.989+0000][38832][gc,age       ] GC(407) - age   1:   15736184 bytes,   15736184 total
[2020-10-07T09:44:25.989+0000][38832][gc,age       ] GC(407) - age   2:       4584 bytes,   15740768 total
[2020-10-07T09:44:25.989+0000][38832][gc,age       ] GC(407) - age   3:      11264 bytes,   15752032 total
[2020-10-07T09:44:25.989+0000][38832][gc,age       ] GC(407) - age   4:       2080 bytes,   15754112 total
[2020-10-07T09:44:25.989+0000][38832][gc,age       ] GC(407) - age   5:       2448 bytes,   15756560 total
[2020-10-07T09:44:25.989+0000][38832][gc,age       ] GC(407) - age   6:       4880 bytes,   15761440 total
[2020-10-07T09:44:25.989+0000][38832][gc,age       ] GC(407) - age   7:      15968 bytes,   15777408 total
[2020-10-07T09:44:25.989+0000][38832][gc,age       ] GC(407) - age   8:       6600 bytes,   15784008 total
[2020-10-07T09:44:25.989+0000][38832][gc,age       ] GC(407) - age   9:       3736 bytes,   15787744 total
[2020-10-07T09:44:25.989+0000][38832][gc,age       ] GC(407) - age  10:       1376 bytes,   15789120 total
[2020-10-07T09:44:25.989+0000][38832][gc,age       ] GC(407) - age  11:       3432 bytes,   15792552 total
[2020-10-07T09:44:25.989+0000][38832][gc,age       ] GC(407) - age  12:       1528 bytes,   15794080 total
[2020-10-07T09:44:25.989+0000][38832][gc,age       ] GC(407) - age  13:       1328 bytes,   15795408 total
[2020-10-07T09:44:25.989+0000][38832][gc,age       ] GC(407) - age  14:       2944 bytes,   15798352 total
[2020-10-07T09:44:25.989+0000][38832][gc,age       ] GC(407) - age  15:        384 bytes,   15798736 total
[2020-10-07T09:44:25.990+0000][38832][gc,phases    ] GC(407)   Pre Evacuate Collection Set: 0.4ms
[2020-10-07T09:44:25.990+0000][38832][gc,phases    ] GC(407)   Merge Heap Roots: 0.1ms
[2020-10-07T09:44:25.990+0000][38832][gc,phases    ] GC(407)   Evacuate Collection Set: 4.1ms
[2020-10-07T09:44:25.990+0000][38832][gc,phases    ] GC(407)   Post Evacuate Collection Set: 0.9ms
[2020-10-07T09:44:25.990+0000][38832][gc,phases    ] GC(407)   Other: 1.5ms
[2020-10-07T09:44:25.990+0000][38832][gc,heap      ] GC(407) Eden regions: 53->0(471)
[2020-10-07T09:44:25.990+0000][38832][gc,heap      ] GC(407) Survivor regions: 4->16(63)
[2020-10-07T09:44:25.990+0000][38832][gc,heap      ] GC(407) Old regions: 81->81
[2020-10-07T09:44:25.990+0000][38832][gc,heap      ] GC(407) Archive regions: 0->0
[2020-10-07T09:44:25.990+0000][38832][gc,heap      ] GC(407) Humongous regions: 226->174
[2020-10-07T09:44:25.990+0000][38832][gc,metaspace ] GC(407) Metaspace: 89854K(96000K)->89854K(96000K) NonClass: 78508K(82176K)->78508K(82176K) Class: 11346K(13824K)->11346K(13824K)
[2020-10-07T09:44:25.990+0000][38832][gc           ] GC(407) Pause Young (Concurrent Start) (G1 Humongous Allocation) 362M->269M(1024M) 7.614ms
[2020-10-07T09:44:25.990+0000][38832][gc,cpu       ] GC(407) User=0.00s Sys=0.00s Real=0.01s
[2020-10-07T09:44:25.990+0000][38832][gc           ] GC(408) Concurrent Cycle
[2020-10-07T09:44:25.991+0000][38832][gc,marking   ] GC(408) Concurrent Clear Claimed Marks
[2020-10-07T09:44:25.991+0000][38832][safepoint    ] Safepoint "G1TryInitiateConcMark", Time since last: 51071100 ns, Reaching safepoint: 247100 ns, At safepoint: 7982100 ns, Total: 8229200 ns
[2020-10-07T09:44:25.991+0000][38832][gc,marking   ] GC(408) Concurrent Clear Claimed Marks 0.353ms
[2020-10-07T09:44:25.991+0000][38832][gc,marking   ] GC(408) Concurrent Scan Root Regions
[2020-10-07T09:44:25.993+0000][38832][gc,marking   ] GC(408) Concurrent Scan Root Regions 1.901ms
[2020-10-07T09:44:25.993+0000][38832][gc,marking   ] GC(408) Concurrent Mark (141.199s)
[2020-10-07T09:44:25.993+0000][38832][gc,marking   ] GC(408) Concurrent Mark From Roots
[2020-10-07T09:44:25.993+0000][38832][gc,task      ] GC(408) Using 2 workers of 2 for marking
[2020-10-07T09:44:26.180+0000][38832][gc,marking   ] GC(408) Concurrent Mark From Roots 187.433ms
[2020-10-07T09:44:26.180+0000][38832][gc,marking   ] GC(408) Concurrent Preclean
[2020-10-07T09:44:26.181+0000][38832][gc,marking   ] GC(408) Concurrent Preclean 0.895ms
[2020-10-07T09:44:26.181+0000][38832][gc,marking   ] GC(408) Concurrent Mark (141.199s, 141.387s) 188.619ms
[2020-10-07T09:44:26.182+0000][38832][gc,start     ] GC(408) Pause Remark
[2020-10-07T09:44:26.189+0000][38832][gc           ] GC(408) Pause Remark 640M->640M(1024M) 7.327ms
[2020-10-07T09:44:26.189+0000][38832][gc,cpu       ] GC(408) User=0.00s Sys=0.00s Real=0.01s
[2020-10-07T09:44:26.190+0000][38832][safepoint    ] Safepoint "G1Concurrent", Time since last: 191096200 ns, Reaching safepoint: 284300 ns, At safepoint: 7889600 ns, Total: 8173900 ns
[2020-10-07T09:44:26.190+0000][38832][gc,marking   ] GC(408) Concurrent Rebuild Remembered Sets
[2020-10-07T09:44:26.298+0000][38832][gc,marking   ] GC(408) Concurrent Rebuild Remembered Sets 108.052ms
[2020-10-07T09:44:26.298+0000][38832][gc,start     ] GC(408) Pause Cleanup
[2020-10-07T09:44:26.299+0000][38832][gc           ] GC(408) Pause Cleanup 712M->712M(1024M) 0.378ms
[2020-10-07T09:44:26.299+0000][38832][gc,cpu       ] GC(408) User=0.00s Sys=0.00s Real=0.00s
[2020-10-07T09:44:26.299+0000][38832][safepoint    ] Safepoint "G1Concurrent", Time since last: 108292000 ns, Reaching safepoint: 140500 ns, At safepoint: 603100 ns, Total: 743600 ns
[2020-10-07T09:44:26.299+0000][38832][gc,marking   ] GC(408) Concurrent Cleanup for Next Mark
[2020-10-07T09:44:26.300+0000][38832][gc,marking   ] GC(408) Concurrent Cleanup for Next Mark 1.561ms
[2020-10-07T09:44:26.300+0000][38832][gc           ] GC(408) Concurrent Cycle 310.144ms
[2020-10-07T09:44:26.370+0000][38832][gc,start     ] GC(409) Pause Young (Concurrent Start) (G1 Humongous Allocation)
[2020-10-07T09:44:26.371+0000][38832][gc,task      ] GC(409) Using 8 workers of 8 for evacuation
[2020-10-07T09:44:26.371+0000][38832][gc,age       ] GC(409) Desired survivor size 31981568 bytes, new threshold 15 (max threshold 15)
[2020-10-07T09:44:26.376+0000][38832][gc,age       ] GC(409) Age table with threshold 15 (max threshold 15)
[2020-10-07T09:44:26.376+0000][38832][gc,age       ] GC(409) - age   1:    4029176 bytes,    4029176 total
[2020-10-07T09:44:26.376+0000][38832][gc,age       ] GC(409) - age   2:      25408 bytes,    4054584 total
[2020-10-07T09:44:26.376+0000][38832][gc,age       ] GC(409) - age   3:       1848 bytes,    4056432 total
[2020-10-07T09:44:26.376+0000][38832][gc,age       ] GC(409) - age   4:       4224 bytes,    4060656 total
[2020-10-07T09:44:26.377+0000][38832][gc,age       ] GC(409) - age   5:       1984 bytes,    4062640 total
[2020-10-07T09:44:26.377+0000][38832][gc,age       ] GC(409) - age   6:       2016 bytes,    4064656 total
[2020-10-07T09:44:26.377+0000][38832][gc,age       ] GC(409) - age   7:       4848 bytes,    4069504 total
[2020-10-07T09:44:26.377+0000][38832][gc,age       ] GC(409) - age   8:      15936 bytes,    4085440 total
[2020-10-07T09:44:26.377+0000][38832][gc,age       ] GC(409) - age   9:       6568 bytes,    4092008 total
[2020-10-07T09:44:26.377+0000][38832][gc,age       ] GC(409) - age  10:       3736 bytes,    4095744 total
[2020-10-07T09:44:26.377+0000][38832][gc,age       ] GC(409) - age  11:       1376 bytes,    4097120 total
[2020-10-07T09:44:26.377+0000][38832][gc,age       ] GC(409) - age  12:       3376 bytes,    4100496 total
[2020-10-07T09:44:26.377+0000][38832][gc,age       ] GC(409) - age  13:       1432 bytes,    4101928 total
[2020-10-07T09:44:26.377+0000][38832][gc,age       ] GC(409) - age  14:       1328 bytes,    4103256 total
[2020-10-07T09:44:26.377+0000][38832][gc,age       ] GC(409) - age  15:       2912 bytes,    4106168 total
[2020-10-07T09:44:26.377+0000][38832][gc,phases    ] GC(409)   Pre Evacuate Collection Set: 0.5ms
[2020-10-07T09:44:26.377+0000][38832][gc,phases    ] GC(409)   Merge Heap Roots: 0.1ms
[2020-10-07T09:44:26.377+0000][38832][gc,phases    ] GC(409)   Evacuate Collection Set: 3.4ms
[2020-10-07T09:44:26.377+0000][38832][gc,phases    ] GC(409)   Post Evacuate Collection Set: 1.3ms
[2020-10-07T09:44:26.377+0000][38832][gc,phases    ] GC(409)   Other: 1.4ms
[2020-10-07T09:44:26.378+0000][38832][gc,heap      ] GC(409) Eden regions: 111->0(486)
[2020-10-07T09:44:26.378+0000][38832][gc,heap      ] GC(409) Survivor regions: 16->4(61)
[2020-10-07T09:44:26.378+0000][38832][gc,heap      ] GC(409) Old regions: 81->81
[2020-10-07T09:44:26.378+0000][38832][gc,heap      ] GC(409) Archive regions: 0->0
[2020-10-07T09:44:26.378+0000][38832][gc,heap      ] GC(409) Humongous regions: 516->174
[2020-10-07T09:44:26.378+0000][38832][gc,metaspace ] GC(409) Metaspace: 89854K(96000K)->89854K(96000K) NonClass: 78508K(82176K)->78508K(82176K) Class: 11346K(13824K)->11346K(13824K)
[2020-10-07T09:44:26.378+0000][38832][gc           ] GC(409) Pause Young (Concurrent Start) (G1 Humongous Allocation) 722M->258M(1024M) 7.365ms
[2020-10-07T09:44:26.378+0000][38832][gc,cpu       ] GC(409) User=0.00s Sys=0.00s Real=0.01s
[2020-10-07T09:44:26.378+0000][38832][gc           ] GC(410) Concurrent Cycle
[2020-10-07T09:44:26.378+0000][38832][safepoint    ] Safepoint "G1TryInitiateConcMark", Time since last: 71477300 ns, Reaching safepoint: 172200 ns, At safepoint: 7609000 ns, Total: 7781200 ns
[2020-10-07T09:44:26.378+0000][38832][gc,marking   ] GC(410) Concurrent Clear Claimed Marks
[2020-10-07T09:44:26.379+0000][38832][gc,marking   ] GC(410) Concurrent Clear Claimed Marks 0.430ms
[2020-10-07T09:44:26.379+0000][38832][gc,marking   ] GC(410) Concurrent Scan Root Regions
[2020-10-07T09:44:26.382+0000][38832][gc,marking   ] GC(410) Concurrent Scan Root Regions 3.141ms
[2020-10-07T09:44:26.382+0000][38832][gc,marking   ] GC(410) Concurrent Mark (141.588s)
[2020-10-07T09:44:26.382+0000][38832][gc,marking   ] GC(410) Concurrent Mark From Roots
[2020-10-07T09:44:26.382+0000][38832][gc,task      ] GC(410) Using 2 workers of 2 for marking
[2020-10-07T09:44:26.573+0000][38832][gc,marking   ] GC(410) Concurrent Mark From Roots 190.623ms
[2020-10-07T09:44:26.573+0000][38832][gc,marking   ] GC(410) Concurrent Preclean
[2020-10-07T09:44:26.574+0000][38832][gc,marking   ] GC(410) Concurrent Preclean 1.010ms
[2020-10-07T09:44:26.574+0000][38832][gc,marking   ] GC(410) Concurrent Mark (141.588s, 141.780s) 191.897ms
[2020-10-07T09:44:26.574+0000][38832][gc,start     ] GC(410) Pause Remark
[2020-10-07T09:44:26.582+0000][38832][gc           ] GC(410) Pause Remark 456M->456M(1024M) 8.379ms
[2020-10-07T09:44:26.583+0000][38832][gc,cpu       ] GC(410) User=0.00s Sys=0.00s Real=0.01s
[2020-10-07T09:44:26.583+0000][38832][safepoint    ] Safepoint "G1Concurrent", Time since last: 195862800 ns, Reaching safepoint: 198300 ns, At safepoint: 8659800 ns, Total: 8858100 ns
[2020-10-07T09:44:26.583+0000][38832][gc,marking   ] GC(410) Concurrent Rebuild Remembered Sets
[2020-10-07T09:44:26.681+0000][38832][gc,marking   ] GC(410) Concurrent Rebuild Remembered Sets 98.171ms
[2020-10-07T09:44:26.681+0000][38832][gc,start     ] GC(410) Pause Cleanup
[2020-10-07T09:44:26.682+0000][38832][gc           ] GC(410) Pause Cleanup 526M->526M(1024M) 0.392ms
[2020-10-07T09:44:26.682+0000][38832][gc,cpu       ] GC(410) User=0.00s Sys=0.00s Real=0.00s
[2020-10-07T09:44:26.682+0000][38832][safepoint    ] Safepoint "G1Concurrent", Time since last: 98351800 ns, Reaching safepoint: 174300 ns, At safepoint: 616000 ns, Total: 790300 ns
[2020-10-07T09:44:26.682+0000][38832][gc,marking   ] GC(410) Concurrent Cleanup for Next Mark
[2020-10-07T09:44:26.684+0000][38832][gc,marking   ] GC(410) Concurrent Cleanup for Next Mark 1.872ms
[2020-10-07T09:44:26.684+0000][38832][gc           ] GC(410) Concurrent Cycle 305.916ms
[2020-10-07T09:44:26.714+0000][38832][gc,start     ] GC(411) Pause Young (Concurrent Start) (G1 Humongous Allocation)
[2020-10-07T09:44:26.714+0000][38832][gc,task      ] GC(411) Using 8 workers of 8 for evacuation
[2020-10-07T09:44:26.714+0000][38832][gc,age       ] GC(411) Desired survivor size 32505856 bytes, new threshold 15 (max threshold 15)
[2020-10-07T09:44:26.718+0000][38832][gc,age       ] GC(411) Age table with threshold 15 (max threshold 15)
[2020-10-07T09:44:26.718+0000][38832][gc,age       ] GC(411) - age   1:    3674584 bytes,    3674584 total
[2020-10-07T09:44:26.718+0000][38832][gc,age       ] GC(411) - age   2:     605384 bytes,    4279968 total
[2020-10-07T09:44:26.718+0000][38832][gc,age       ] GC(411) - age   3:      22336 bytes,    4302304 total
[2020-10-07T09:44:26.718+0000][38832][gc,age       ] GC(411) - age   4:       1360 bytes,    4303664 total
[2020-10-07T09:44:26.718+0000][38832][gc,age       ] GC(411) - age   5:       4016 bytes,    4307680 total
[2020-10-07T09:44:26.718+0000][38832][gc,age       ] GC(411) - age   6:       1536 bytes,    4309216 total
[2020-10-07T09:44:26.718+0000][38832][gc,age       ] GC(411) - age   7:       1792 bytes,    4311008 total
[2020-10-07T09:44:26.718+0000][38832][gc,age       ] GC(411) - age   8:       4816 bytes,    4315824 total
[2020-10-07T09:44:26.718+0000][38832][gc,age       ] GC(411) - age   9:      15872 bytes,    4331696 total
[2020-10-07T09:44:26.718+0000][38832][gc,age       ] GC(411) - age  10:       6504 bytes,    4338200 total
[2020-10-07T09:44:26.718+0000][38832][gc,age       ] GC(411) - age  11:       3736 bytes,    4341936 total
[2020-10-07T09:44:26.718+0000][38832][gc,age       ] GC(411) - age  12:       1312 bytes,    4343248 total
[2020-10-07T09:44:26.718+0000][38832][gc,age       ] GC(411) - age  13:       3376 bytes,    4346624 total
[2020-10-07T09:44:26.718+0000][38832][gc,age       ] GC(411) - age  14:       1432 bytes,    4348056 total
[2020-10-07T09:44:26.719+0000][38832][gc,age       ] GC(411) - age  15:       1264 bytes,    4349320 total
[2020-10-07T09:44:26.719+0000][38832][gc,phases    ] GC(411)   Pre Evacuate Collection Set: 0.5ms
[2020-10-07T09:44:26.719+0000][38832][gc,phases    ] GC(411)   Merge Heap Roots: 0.1ms
[2020-10-07T09:44:26.719+0000][38832][gc,phases    ] GC(411)   Evacuate Collection Set: 2.7ms
[2020-10-07T09:44:26.719+0000][38832][gc,phases    ] GC(411)   Post Evacuate Collection Set: 0.9ms
[2020-10-07T09:44:26.719+0000][38832][gc,phases    ] GC(411)   Other: 1.2ms
[2020-10-07T09:44:26.719+0000][38832][gc,heap      ] GC(411) Eden regions: 79->0(488)
[2020-10-07T09:44:26.719+0000][38832][gc,heap      ] GC(411) Survivor regions: 4->5(62)
[2020-10-07T09:44:26.719+0000][38832][gc,heap      ] GC(411) Old regions: 81->81
[2020-10-07T09:44:26.719+0000][38832][gc,heap      ] GC(411) Archive regions: 0->0
[2020-10-07T09:44:26.719+0000][38832][gc,heap      ] GC(411) Humongous regions: 372->174
[2020-10-07T09:44:26.719+0000][38832][gc,metaspace ] GC(411) Metaspace: 89854K(96000K)->89854K(96000K) NonClass: 78508K(82176K)->78508K(82176K) Class: 11346K(13824K)->11346K(13824K)
[2020-10-07T09:44:26.719+0000][38832][gc           ] GC(411) Pause Young (Concurrent Start) (G1 Humongous Allocation) 535M->258M(1024M) 5.870ms
[2020-10-07T09:44:26.719+0000][38832][gc,cpu       ] GC(411) User=0.00s Sys=0.00s Real=0.01s
[2020-10-07T09:44:26.719+0000][38832][gc           ] GC(412) Concurrent Cycle
[2020-10-07T09:44:26.719+0000][38832][safepoint    ] Safepoint "G1TryInitiateConcMark", Time since last: 31282100 ns, Reaching safepoint: 172500 ns, At safepoint: 6104700 ns, Total: 6277200 ns
[2020-10-07T09:44:26.719+0000][38832][gc,marking   ] GC(412) Concurrent Clear Claimed Marks
[2020-10-07T09:44:26.720+0000][38832][gc,marking   ] GC(412) Concurrent Clear Claimed Marks 0.503ms
[2020-10-07T09:44:26.720+0000][38832][gc,marking   ] GC(412) Concurrent Scan Root Regions
[2020-10-07T09:44:26.723+0000][38832][gc,marking   ] GC(412) Concurrent Scan Root Regions 3.229ms
[2020-10-07T09:44:26.723+0000][38832][gc,marking   ] GC(412) Concurrent Mark (141.929s)
[2020-10-07T09:44:26.723+0000][38832][gc,marking   ] GC(412) Concurrent Mark From Roots
[2020-10-07T09:44:26.723+0000][38832][gc,task      ] GC(412) Using 2 workers of 2 for marking
[2020-10-07T09:44:26.893+0000][38832][gc,marking   ] GC(412) Concurrent Mark From Roots 168.968ms
[2020-10-07T09:44:26.893+0000][38832][gc,marking   ] GC(412) Concurrent Preclean
[2020-10-07T09:44:26.894+0000][38832][gc,marking   ] GC(412) Concurrent Preclean 0.960ms
[2020-10-07T09:44:26.894+0000][38832][gc,marking   ] GC(412) Concurrent Mark (141.929s, 142.099s) 170.182ms
[2020-10-07T09:44:26.894+0000][38832][gc,start     ] GC(412) Pause Remark
[2020-10-07T09:44:26.902+0000][38832][gc           ] GC(412) Pause Remark 402M->402M(1024M) 8.019ms
[2020-10-07T09:44:26.903+0000][38832][gc,cpu       ] GC(412) User=0.09s Sys=0.02s Real=0.01s
[2020-10-07T09:44:26.903+0000][38832][safepoint    ] Safepoint "G1Concurrent", Time since last: 174321500 ns, Reaching safepoint: 286800 ns, At safepoint: 8308300 ns, Total: 8595100 ns
[2020-10-07T09:44:26.903+0000][38832][gc,marking   ] GC(412) Concurrent Rebuild Remembered Sets
[2020-10-07T09:44:27.012+0000][38832][gc,marking   ] GC(412) Concurrent Rebuild Remembered Sets 109.322ms
[2020-10-07T09:44:27.012+0000][38832][gc,start     ] GC(412) Pause Cleanup
[2020-10-07T09:44:27.013+0000][38832][gc           ] GC(412) Pause Cleanup 403M->403M(1024M) 0.341ms
[2020-10-07T09:44:27.013+0000][38832][gc,cpu       ] GC(412) User=0.00s Sys=0.00s Real=0.00s
[2020-10-07T09:44:27.013+0000][38832][safepoint    ] Safepoint "G1Concurrent", Time since last: 109523900 ns, Reaching safepoint: 155600 ns, At safepoint: 504600 ns, Total: 660200 ns
[2020-10-07T09:44:27.013+0000][38832][gc,marking   ] GC(412) Concurrent Cleanup for Next Mark
[2020-10-07T09:44:27.014+0000][38832][gc,marking   ] GC(412) Concurrent Cleanup for Next Mark 1.517ms
[2020-10-07T09:44:27.015+0000][38832][gc           ] GC(412) Concurrent Cycle 294.830ms
[2020-10-07T09:44:27.032+0000][38832][gc,start     ] GC(413) Pause Young (Concurrent Start) (G1 Humongous Allocation)
[2020-10-07T09:44:27.032+0000][38832][gc,task      ] GC(413) Using 8 workers of 8 for evacuation
[2020-10-07T09:44:27.032+0000][38832][gc,age       ] GC(413) Desired survivor size 32505856 bytes, new threshold 15 (max threshold 15)
[2020-10-07T09:44:27.036+0000][38832][gc,age       ] GC(413) Age table with threshold 15 (max threshold 15)
[2020-10-07T09:44:27.036+0000][38832][gc,age       ] GC(413) - age   1:    2661264 bytes,    2661264 total
[2020-10-07T09:44:27.036+0000][38832][gc,age       ] GC(413) - age   2:       4072 bytes,    2665336 total
[2020-10-07T09:44:27.036+0000][38832][gc,age       ] GC(413) - age   3:       3432 bytes,    2668768 total
[2020-10-07T09:44:27.036+0000][38832][gc,age       ] GC(413) - age   4:      20424 bytes,    2689192 total
[2020-10-07T09:44:27.036+0000][38832][gc,age       ] GC(413) - age   5:       1232 bytes,    2690424 total
[2020-10-07T09:44:27.036+0000][38832][gc,age       ] GC(413) - age   6:       3392 bytes,    2693816 total
[2020-10-07T09:44:27.036+0000][38832][gc,age       ] GC(413) - age   7:       1536 bytes,    2695352 total
[2020-10-07T09:44:27.036+0000][38832][gc,age       ] GC(413) - age   8:       1792 bytes,    2697144 total
[2020-10-07T09:44:27.036+0000][38832][gc,age       ] GC(413) - age   9:       4784 bytes,    2701928 total
[2020-10-07T09:44:27.036+0000][38832][gc,age       ] GC(413) - age  10:      15872 bytes,    2717800 total
[2020-10-07T09:44:27.036+0000][38832][gc,age       ] GC(413) - age  11:       6504 bytes,    2724304 total
[2020-10-07T09:44:27.036+0000][38832][gc,age       ] GC(413) - age  12:       3672 bytes,    2727976 total
[2020-10-07T09:44:27.036+0000][38832][gc,age       ] GC(413) - age  13:       1312 bytes,    2729288 total
[2020-10-07T09:44:27.036+0000][38832][gc,age       ] GC(413) - age  14:       3344 bytes,    2732632 total
[2020-10-07T09:44:27.036+0000][38832][gc,age       ] GC(413) - age  15:       1432 bytes,    2734064 total
[2020-10-07T09:44:27.037+0000][38832][gc,phases    ] GC(413)   Pre Evacuate Collection Set: 0.4ms
[2020-10-07T09:44:27.037+0000][38832][gc,phases    ] GC(413)   Merge Heap Roots: 0.1ms
[2020-10-07T09:44:27.037+0000][38832][gc,phases    ] GC(413)   Evacuate Collection Set: 2.2ms
[2020-10-07T09:44:27.037+0000][38832][gc,phases    ] GC(413)   Post Evacuate Collection Set: 0.7ms
[2020-10-07T09:44:27.037+0000][38832][gc,phases    ] GC(413)   Other: 1.0ms
[2020-10-07T09:44:27.037+0000][38832][gc,heap      ] GC(413) Eden regions: 50->0(493)
[2020-10-07T09:44:27.037+0000][38832][gc,heap      ] GC(413) Survivor regions: 5->3(62)
[2020-10-07T09:44:27.037+0000][38832][gc,heap      ] GC(413) Old regions: 81->81
[2020-10-07T09:44:27.037+0000][38832][gc,heap      ] GC(413) Archive regions: 0->0
[2020-10-07T09:44:27.037+0000][38832][gc,heap      ] GC(413) Humongous regions: 274->174
[2020-10-07T09:44:27.037+0000][38832][gc,metaspace ] GC(413) Metaspace: 89856K(96000K)->89856K(96000K) NonClass: 78510K(82176K)->78510K(82176K) Class: 11346K(13824K)->11346K(13824K)
[2020-10-07T09:44:27.037+0000][38832][gc           ] GC(413) Pause Young (Concurrent Start) (G1 Humongous Allocation) 408M->257M(1024M) 4.827ms
[2020-10-07T09:44:27.037+0000][38832][gc,cpu       ] GC(413) User=0.00s Sys=0.00s Real=0.00s
[2020-10-07T09:44:27.037+0000][38832][safepoint    ] Safepoint "G1TryInitiateConcMark", Time since last: 19104900 ns, Reaching safepoint: 148800 ns, At safepoint: 5002300 ns, Total: 5151100 ns
[2020-10-07T09:44:27.037+0000][38832][gc           ] GC(414) Concurrent Cycle
[2020-10-07T09:44:27.037+0000][38832][gc,marking   ] GC(414) Concurrent Clear Claimed Marks
[2020-10-07T09:44:27.038+0000][38832][gc,marking   ] GC(414) Concurrent Clear Claimed Marks 0.515ms
[2020-10-07T09:44:27.038+0000][38832][gc,marking   ] GC(414) Concurrent Scan Root Regions
[2020-10-07T09:44:27.040+0000][38832][gc,marking   ] GC(414) Concurrent Scan Root Regions 2.221ms
[2020-10-07T09:44:27.040+0000][38832][gc,marking   ] GC(414) Concurrent Mark (142.246s)
[2020-10-07T09:44:27.040+0000][38832][gc,marking   ] GC(414) Concurrent Mark From Roots
[2020-10-07T09:44:27.040+0000][38832][gc,task      ] GC(414) Using 2 workers of 2 for marking
[2020-10-07T09:44:27.203+0000][38832][gc,marking   ] GC(414) Concurrent Mark From Roots 162.733ms
[2020-10-07T09:44:27.203+0000][38832][gc,marking   ] GC(414) Concurrent Preclean
[2020-10-07T09:44:27.204+0000][38832][gc,marking   ] GC(414) Concurrent Preclean 0.859ms
[2020-10-07T09:44:27.204+0000][38832][gc,marking   ] GC(414) Concurrent Mark (142.246s, 142.410s) 163.805ms
[2020-10-07T09:44:27.204+0000][38832][gc,start     ] GC(414) Pause Remark
[2020-10-07T09:44:27.212+0000][38832][gc           ] GC(414) Pause Remark 394M->394M(1024M) 7.712ms
[2020-10-07T09:44:27.212+0000][38832][gc,cpu       ] GC(414) User=0.11s Sys=0.00s Real=0.01s
[2020-10-07T09:44:27.212+0000][38832][safepoint    ] Safepoint "G1Concurrent", Time since last: 167028000 ns, Reaching safepoint: 199100 ns, At safepoint: 7995400 ns, Total: 8194500 ns
[2020-10-07T09:44:27.213+0000][38832][gc,marking   ] GC(414) Concurrent Rebuild Remembered Sets
[2020-10-07T09:44:27.307+0000][38832][gc,marking   ] GC(414) Concurrent Rebuild Remembered Sets 94.330ms
[2020-10-07T09:44:27.307+0000][38832][gc,start     ] GC(414) Pause Cleanup
[2020-10-07T09:44:27.308+0000][38832][gc           ] GC(414) Pause Cleanup 449M->449M(1024M) 0.371ms
[2020-10-07T09:44:27.308+0000][38832][gc,cpu       ] GC(414) User=0.00s Sys=0.00s Real=0.00s
[2020-10-07T09:44:27.308+0000][38832][safepoint    ] Safepoint "G1Concurrent", Time since last: 94574900 ns, Reaching safepoint: 168400 ns, At safepoint: 584300 ns, Total: 752700 ns
[2020-10-07T09:44:27.308+0000][38832][gc,marking   ] GC(414) Concurrent Cleanup for Next Mark
[2020-10-07T09:44:27.310+0000][38832][gc,marking   ] GC(414) Concurrent Cleanup for Next Mark 1.965ms
[2020-10-07T09:44:27.310+0000][38832][gc           ] GC(414) Concurrent Cycle 272.705ms
[2020-10-07T09:44:27.335+0000][38832][gc,start     ] GC(415) Pause Young (Concurrent Start) (G1 Humongous Allocation)
[2020-10-07T09:44:27.335+0000][38832][gc,task      ] GC(415) Using 8 workers of 8 for evacuation
[2020-10-07T09:44:27.335+0000][38832][gc,age       ] GC(415) Desired survivor size 32505856 bytes, new threshold 15 (max threshold 15)
[2020-10-07T09:44:27.338+0000][38832][gc,age       ] GC(415) Age table with threshold 15 (max threshold 15)
[2020-10-07T09:44:27.339+0000][38832][gc,age       ] GC(415) - age   1:    2602432 bytes,    2602432 total
[2020-10-07T09:44:27.339+0000][38832][gc,age       ] GC(415) - age   2:      12872 bytes,    2615304 total
[2020-10-07T09:44:27.339+0000][38832][gc,age       ] GC(415) - age   3:       3784 bytes,    2619088 total
[2020-10-07T09:44:27.339+0000][38832][gc,age       ] GC(415) - age   4:       1768 bytes,    2620856 total
[2020-10-07T09:44:27.339+0000][38832][gc,age       ] GC(415) - age   5:      19976 bytes,    2640832 total
[2020-10-07T09:44:27.339+0000][38832][gc,age       ] GC(415) - age   6:       1136 bytes,    2641968 total
[2020-10-07T09:44:27.339+0000][38832][gc,age       ] GC(415) - age   7:       3392 bytes,    2645360 total
[2020-10-07T09:44:27.339+0000][38832][gc,age       ] GC(415) - age   8:       1536 bytes,    2646896 total
[2020-10-07T09:44:27.339+0000][38832][gc,age       ] GC(415) - age   9:       1664 bytes,    2648560 total
[2020-10-07T09:44:27.339+0000][38832][gc,age       ] GC(415) - age  10:       4784 bytes,    2653344 total
[2020-10-07T09:44:27.339+0000][38832][gc,age       ] GC(415) - age  11:      15808 bytes,    2669152 total
[2020-10-07T09:44:27.339+0000][38832][gc,age       ] GC(415) - age  12:       6504 bytes,    2675656 total
[2020-10-07T09:44:27.339+0000][38832][gc,age       ] GC(415) - age  13:       3608 bytes,    2679264 total
[2020-10-07T09:44:27.339+0000][38832][gc,age       ] GC(415) - age  14:       1312 bytes,    2680576 total
[2020-10-07T09:44:27.339+0000][38832][gc,age       ] GC(415) - age  15:       3344 bytes,    2683920 total
[2020-10-07T09:44:27.339+0000][38832][gc,phases    ] GC(415)   Pre Evacuate Collection Set: 0.4ms
[2020-10-07T09:44:27.339+0000][38832][gc,phases    ] GC(415)   Merge Heap Roots: 0.1ms
[2020-10-07T09:44:27.339+0000][38832][gc,phases    ] GC(415)   Evacuate Collection Set: 2.1ms
[2020-10-07T09:44:27.339+0000][38832][gc,phases    ] GC(415)   Post Evacuate Collection Set: 0.9ms
[2020-10-07T09:44:27.340+0000][38832][gc,phases    ] GC(415)   Other: 1.3ms
[2020-10-07T09:44:27.340+0000][38832][gc,heap      ] GC(415) Eden regions: 59->0(495)
[2020-10-07T09:44:27.340+0000][38832][gc,heap      ] GC(415) Survivor regions: 3->3(62)
[2020-10-07T09:44:27.340+0000][38832][gc,heap      ] GC(415) Old regions: 81->81
[2020-10-07T09:44:27.340+0000][38832][gc,heap      ] GC(415) Archive regions: 0->0
[2020-10-07T09:44:27.340+0000][38832][gc,heap      ] GC(415) Humongous regions: 316->174
[2020-10-07T09:44:27.340+0000][38832][gc,metaspace ] GC(415) Metaspace: 89856K(96000K)->89856K(96000K) NonClass: 78510K(82176K)->78510K(82176K) Class: 11346K(13824K)->11346K(13824K)
[2020-10-07T09:44:27.340+0000][38832][gc           ] GC(415) Pause Young (Concurrent Start) (G1 Humongous Allocation) 457M->257M(1024M) 5.184ms
[2020-10-07T09:44:27.340+0000][38832][gc,cpu       ] GC(415) User=0.00s Sys=0.00s Real=0.00s
[2020-10-07T09:44:27.340+0000][38832][safepoint    ] Safepoint "G1TryInitiateConcMark", Time since last: 26571600 ns, Reaching safepoint: 149000 ns, At safepoint: 5412500 ns, Total: 5561500 ns
[2020-10-07T09:44:27.340+0000][38832][gc           ] GC(416) Concurrent Cycle
[2020-10-07T09:44:27.340+0000][38832][gc,marking   ] GC(416) Concurrent Clear Claimed Marks
[2020-10-07T09:44:27.341+0000][38832][gc,marking   ] GC(416) Concurrent Clear Claimed Marks 0.589ms
[2020-10-07T09:44:27.341+0000][38832][gc,marking   ] GC(416) Concurrent Scan Root Regions
[2020-10-07T09:44:27.343+0000][38832][gc,marking   ] GC(416) Concurrent Scan Root Regions 1.866ms
[2020-10-07T09:44:27.343+0000][38832][gc,marking   ] GC(416) Concurrent Mark (142.548s)
[2020-10-07T09:44:27.343+0000][38832][gc,marking   ] GC(416) Concurrent Mark From Roots
[2020-10-07T09:44:27.343+0000][38832][gc,task      ] GC(416) Using 2 workers of 2 for marking
[2020-10-07T09:44:27.504+0000][38832][gc,marking   ] GC(416) Concurrent Mark From Roots 160.918ms
[2020-10-07T09:44:27.504+0000][38832][gc,marking   ] GC(416) Concurrent Preclean
[2020-10-07T09:44:27.505+0000][38832][gc,marking   ] GC(416) Concurrent Preclean 1.011ms
[2020-10-07T09:44:27.505+0000][38832][gc,marking   ] GC(416) Concurrent Mark (142.548s, 142.710s) 162.156ms
[2020-10-07T09:44:27.505+0000][38832][gc,start     ] GC(416) Pause Remark
[2020-10-07T09:44:27.513+0000][38832][gc           ] GC(416) Pause Remark 372M->372M(1024M) 7.816ms
[2020-10-07T09:44:27.513+0000][38832][gc,cpu       ] GC(416) User=0.11s Sys=0.00s Real=0.01s
[2020-10-07T09:44:27.513+0000][38832][safepoint    ] Safepoint "G1Concurrent", Time since last: 165083600 ns, Reaching safepoint: 191400 ns, At safepoint: 8071900 ns, Total: 8263300 ns
[2020-10-07T09:44:27.513+0000][38832][gc,marking   ] GC(416) Concurrent Rebuild Remembered Sets
[2020-10-07T09:44:27.621+0000][38832][gc,marking   ] GC(416) Concurrent Rebuild Remembered Sets 107.908ms
[2020-10-07T09:44:27.621+0000][38832][gc,start     ] GC(416) Pause Cleanup
[2020-10-07T09:44:27.621+0000][38832][gc           ] GC(416) Pause Cleanup 374M->374M(1024M) 0.351ms
[2020-10-07T09:44:27.621+0000][38832][gc,cpu       ] GC(416) User=0.00s Sys=0.00s Real=0.00s
[2020-10-07T09:44:27.622+0000][38832][safepoint    ] Safepoint "G1Concurrent", Time since last: 108138700 ns, Reaching safepoint: 166200 ns, At safepoint: 558500 ns, Total: 724700 ns
[2020-10-07T09:44:27.622+0000][38832][gc,marking   ] GC(416) Concurrent Cleanup for Next Mark
[2020-10-07T09:44:27.624+0000][38832][gc,marking   ] GC(416) Concurrent Cleanup for Next Mark 1.918ms
[2020-10-07T09:44:27.624+0000][38832][gc           ] GC(416) Concurrent Cycle 284.494ms
[2020-10-07T09:44:27.634+0000][38832][gc,start     ] GC(417) Pause Young (Concurrent Start) (G1 Humongous Allocation)
[2020-10-07T09:44:27.634+0000][38832][gc,task      ] GC(417) Using 8 workers of 8 for evacuation
[2020-10-07T09:44:27.634+0000][38832][gc,age       ] GC(417) Desired survivor size 33030144 bytes, new threshold 15 (max threshold 15)
[2020-10-07T09:44:27.638+0000][38832][gc,age       ] GC(417) Age table with threshold 15 (max threshold 15)
[2020-10-07T09:44:27.638+0000][38832][gc,age       ] GC(417) - age   1:    2430184 bytes,    2430184 total
[2020-10-07T09:44:27.638+0000][38832][gc,age       ] GC(417) - age   2:      12776 bytes,    2442960 total
[2020-10-07T09:44:27.638+0000][38832][gc,age       ] GC(417) - age   3:      12408 bytes,    2455368 total
[2020-10-07T09:44:27.638+0000][38832][gc,age       ] GC(417) - age   4:       1960 bytes,    2457328 total
[2020-10-07T09:44:27.639+0000][38832][gc,age       ] GC(417) - age   5:       1704 bytes,    2459032 total
[2020-10-07T09:44:27.639+0000][38832][gc,age       ] GC(417) - age   6:      19976 bytes,    2479008 total
[2020-10-07T09:44:27.639+0000][38832][gc,age       ] GC(417) - age   7:       1136 bytes,    2480144 total
[2020-10-07T09:44:27.639+0000][38832][gc,age       ] GC(417) - age   8:       3264 bytes,    2483408 total
[2020-10-07T09:44:27.639+0000][38832][gc,age       ] GC(417) - age   9:       1408 bytes,    2484816 total
[2020-10-07T09:44:27.639+0000][38832][gc,age       ] GC(417) - age  10:       1600 bytes,    2486416 total
[2020-10-07T09:44:27.639+0000][38832][gc,age       ] GC(417) - age  11:       4784 bytes,    2491200 total
[2020-10-07T09:44:27.639+0000][38832][gc,age       ] GC(417) - age  12:      15744 bytes,    2506944 total
[2020-10-07T09:44:27.639+0000][38832][gc,age       ] GC(417) - age  13:       6504 bytes,    2513448 total
[2020-10-07T09:44:27.639+0000][38832][gc,age       ] GC(417) - age  14:       3544 bytes,    2516992 total
[2020-10-07T09:44:27.639+0000][38832][gc,age       ] GC(417) - age  15:       1248 bytes,    2518240 total
[2020-10-07T09:44:27.639+0000][38832][gc,phases    ] GC(417)   Pre Evacuate Collection Set: 0.4ms
[2020-10-07T09:44:27.639+0000][38832][gc,phases    ] GC(417)   Merge Heap Roots: 0.2ms
[2020-10-07T09:44:27.639+0000][38832][gc,phases    ] GC(417)   Evacuate Collection Set: 2.2ms
[2020-10-07T09:44:27.639+0000][38832][gc,phases    ] GC(417)   Post Evacuate Collection Set: 0.9ms
[2020-10-07T09:44:27.639+0000][38832][gc,phases    ] GC(417)   Other: 1.3ms
[2020-10-07T09:44:27.639+0000][38832][gc,heap      ] GC(417) Eden regions: 38->0(497)
[2020-10-07T09:44:27.639+0000][38832][gc,heap      ] GC(417) Survivor regions: 3->3(63)
[2020-10-07T09:44:27.640+0000][38832][gc,heap      ] GC(417) Old regions: 81->81
[2020-10-07T09:44:27.640+0000][38832][gc,heap      ] GC(417) Archive regions: 0->0
[2020-10-07T09:44:27.640+0000][38832][gc,heap      ] GC(417) Humongous regions: 258->174
[2020-10-07T09:44:27.640+0000][38832][gc,metaspace ] GC(417) Metaspace: 89856K(96000K)->89856K(96000K) NonClass: 78510K(82176K)->78510K(82176K) Class: 11346K(13824K)->11346K(13824K)
[2020-10-07T09:44:27.640+0000][38832][gc           ] GC(417) Pause Young (Concurrent Start) (G1 Humongous Allocation) 378M->256M(1024M) 5.523ms
[2020-10-07T09:44:27.640+0000][38832][gc,cpu       ] GC(417) User=0.00s Sys=0.00s Real=0.01s
[2020-10-07T09:44:27.640+0000][38832][gc           ] GC(418) Concurrent Cycle
[2020-10-07T09:44:27.640+0000][38832][safepoint    ] Safepoint "G1TryInitiateConcMark", Time since last: 12436300 ns, Reaching safepoint: 146800 ns, At safepoint: 5789000 ns, Total: 5935800 ns
[2020-10-07T09:44:27.640+0000][38832][gc,marking   ] GC(418) Concurrent Clear Claimed Marks
[2020-10-07T09:44:27.641+0000][38832][gc,marking   ] GC(418) Concurrent Clear Claimed Marks 0.524ms
[2020-10-07T09:44:27.641+0000][38832][gc,marking   ] GC(418) Concurrent Scan Root Regions
[2020-10-07T09:44:27.642+0000][38832][gc,marking   ] GC(418) Concurrent Scan Root Regions 1.503ms
[2020-10-07T09:44:27.642+0000][38832][gc,marking   ] GC(418) Concurrent Mark (142.848s)
[2020-10-07T09:44:27.642+0000][38832][gc,marking   ] GC(418) Concurrent Mark From Roots
[2020-10-07T09:44:27.642+0000][38832][gc,task      ] GC(418) Using 2 workers of 2 for marking
[2020-10-07T09:44:27.814+0000][38832][gc,marking   ] GC(418) Concurrent Mark From Roots 171.379ms
[2020-10-07T09:44:27.814+0000][38832][gc,marking   ] GC(418) Concurrent Preclean
[2020-10-07T09:44:27.815+0000][38832][gc,marking   ] GC(418) Concurrent Preclean 0.931ms
[2020-10-07T09:44:27.815+0000][38832][gc,marking   ] GC(418) Concurrent Mark (142.848s, 143.021s) 172.534ms
[2020-10-07T09:44:27.815+0000][38832][gc,start     ] GC(418) Pause Remark
[2020-10-07T09:44:27.823+0000][38832][gc           ] GC(418) Pause Remark 374M->374M(1024M) 8.179ms
[2020-10-07T09:44:27.823+0000][38832][gc,cpu       ] GC(418) User=0.09s Sys=0.00s Real=0.01s
[2020-10-07T09:44:27.823+0000][38832][safepoint    ] Safepoint "G1Concurrent", Time since last: 174894200 ns, Reaching safepoint: 178700 ns, At safepoint: 8469100 ns, Total: 8647800 ns
[2020-10-07T09:44:27.824+0000][38832][gc,marking   ] GC(418) Concurrent Rebuild Remembered Sets
[2020-10-07T09:44:27.924+0000][38832][gc,marking   ] GC(418) Concurrent Rebuild Remembered Sets 100.640ms
[2020-10-07T09:44:27.925+0000][38832][gc,start     ] GC(418) Pause Cleanup
[2020-10-07T09:44:27.925+0000][38832][gc           ] GC(418) Pause Cleanup 377M->377M(1024M) 0.367ms
[2020-10-07T09:44:27.925+0000][38832][gc,cpu       ] GC(418) User=0.00s Sys=0.00s Real=0.00s
[2020-10-07T09:44:27.925+0000][38832][safepoint    ] Safepoint "G1Concurrent", Time since last: 100847500 ns, Reaching safepoint: 178800 ns, At safepoint: 588100 ns, Total: 766900 ns
[2020-10-07T09:44:27.925+0000][38832][gc,marking   ] GC(418) Concurrent Cleanup for Next Mark
[2020-10-07T09:44:27.927+0000][38832][gc,marking   ] GC(418) Concurrent Cleanup for Next Mark 1.942ms
[2020-10-07T09:44:27.927+0000][38832][gc           ] GC(418) Concurrent Cycle 287.327ms
[2020-10-07T09:44:27.974+0000][38832][gc,start     ] GC(419) Pause Young (Concurrent Start) (G1 Humongous Allocation)
[2020-10-07T09:44:27.974+0000][38832][gc,task      ] GC(419) Using 8 workers of 8 for evacuation
[2020-10-07T09:44:27.974+0000][38832][gc,age       ] GC(419) Desired survivor size 33030144 bytes, new threshold 15 (max threshold 15)
[2020-10-07T09:44:27.978+0000][38832][gc,age       ] GC(419) Age table with threshold 15 (max threshold 15)
[2020-10-07T09:44:27.979+0000][38832][gc,age       ] GC(419) - age   1:    2372968 bytes,    2372968 total
[2020-10-07T09:44:27.979+0000][38832][gc,age       ] GC(419) - age   2:       5664 bytes,    2378632 total
[2020-10-07T09:44:27.979+0000][38832][gc,age       ] GC(419) - age   3:      12064 bytes,    2390696 total
[2020-10-07T09:44:27.979+0000][38832][gc,age       ] GC(419) - age   4:       9376 bytes,    2400072 total
[2020-10-07T09:44:27.979+0000][38832][gc,age       ] GC(419) - age   5:       1408 bytes,    2401480 total
[2020-10-07T09:44:27.979+0000][38832][gc,age       ] GC(419) - age   6:       1704 bytes,    2403184 total
[2020-10-07T09:44:27.979+0000][38832][gc,age       ] GC(419) - age   7:      19872 bytes,    2423056 total
[2020-10-07T09:44:27.979+0000][38832][gc,age       ] GC(419) - age   8:        712 bytes,    2423768 total
[2020-10-07T09:44:27.979+0000][38832][gc,age       ] GC(419) - age   9:       3264 bytes,    2427032 total
[2020-10-07T09:44:27.979+0000][38832][gc,age       ] GC(419) - age  10:       1408 bytes,    2428440 total
[2020-10-07T09:44:27.979+0000][38832][gc,age       ] GC(419) - age  11:       1600 bytes,    2430040 total
[2020-10-07T09:44:27.979+0000][38832][gc,age       ] GC(419) - age  12:       4784 bytes,    2434824 total
[2020-10-07T09:44:27.979+0000][38832][gc,age       ] GC(419) - age  13:      15744 bytes,    2450568 total
[2020-10-07T09:44:27.979+0000][38832][gc,age       ] GC(419) - age  14:       6504 bytes,    2457072 total
[2020-10-07T09:44:27.979+0000][38832][gc,age       ] GC(419) - age  15:       3544 bytes,    2460616 total
[2020-10-07T09:44:27.979+0000][38832][gc,phases    ] GC(419)   Pre Evacuate Collection Set: 0.7ms
[2020-10-07T09:44:27.979+0000][38832][gc,phases    ] GC(419)   Merge Heap Roots: 0.1ms
[2020-10-07T09:44:27.979+0000][38832][gc,phases    ] GC(419)   Evacuate Collection Set: 2.4ms
[2020-10-07T09:44:27.979+0000][38832][gc,phases    ] GC(419)   Post Evacuate Collection Set: 0.9ms
[2020-10-07T09:44:27.980+0000][38832][gc,phases    ] GC(419)   Other: 1.3ms
[2020-10-07T09:44:27.980+0000][38832][gc,heap      ] GC(419) Eden regions: 38->0(498)
[2020-10-07T09:44:27.980+0000][38832][gc,heap      ] GC(419) Survivor regions: 3->3(63)
[2020-10-07T09:44:27.980+0000][38832][gc,heap      ] GC(419) Old regions: 81->81
[2020-10-07T09:44:27.980+0000][38832][gc,heap      ] GC(419) Archive regions: 0->0
[2020-10-07T09:44:27.980+0000][38832][gc,heap      ] GC(419) Humongous regions: 262->174
[2020-10-07T09:44:27.980+0000][38832][gc,metaspace ] GC(419) Metaspace: 89879K(96000K)->89879K(96000K) NonClass: 78532K(82176K)->78532K(82176K) Class: 11347K(13824K)->11347K(13824K)
[2020-10-07T09:44:27.980+0000][38832][gc           ] GC(419) Pause Young (Concurrent Start) (G1 Humongous Allocation) 382M->256M(1024M) 5.929ms
[2020-10-07T09:44:27.980+0000][38832][gc,cpu       ] GC(419) User=0.02s Sys=0.00s Real=0.01s
[2020-10-07T09:44:27.980+0000][38832][gc           ] GC(420) Concurrent Cycle
[2020-10-07T09:44:27.980+0000][38832][safepoint    ] Safepoint "G1TryInitiateConcMark", Time since last: 48661000 ns, Reaching safepoint: 167200 ns, At safepoint: 6173000 ns, Total: 6340200 ns
[2020-10-07T09:44:27.980+0000][38832][gc,marking   ] GC(420) Concurrent Clear Claimed Marks
[2020-10-07T09:44:27.981+0000][38832][gc,marking   ] GC(420) Concurrent Clear Claimed Marks 0.554ms
[2020-10-07T09:44:27.981+0000][38832][gc,marking   ] GC(420) Concurrent Scan Root Regions
[2020-10-07T09:44:27.984+0000][38832][gc,marking   ] GC(420) Concurrent Scan Root Regions 2.653ms
[2020-10-07T09:44:27.984+0000][38832][gc,marking   ] GC(420) Concurrent Mark (143.190s)
[2020-10-07T09:44:27.984+0000][38832][gc,marking   ] GC(420) Concurrent Mark From Roots
[2020-10-07T09:44:27.984+0000][38832][gc,task      ] GC(420) Using 2 workers of 2 for marking
[2020-10-07T09:44:28.159+0000][38832][gc,marking   ] GC(420) Concurrent Mark From Roots 174.606ms
[2020-10-07T09:44:28.159+0000][38832][gc,marking   ] GC(420) Concurrent Preclean
[2020-10-07T09:44:28.160+0000][38832][gc,marking   ] GC(420) Concurrent Preclean 0.906ms
[2020-10-07T09:44:28.160+0000][38832][gc,marking   ] GC(420) Concurrent Mark (143.190s, 143.365s) 175.784ms
[2020-10-07T09:44:28.161+0000][38832][gc,start     ] GC(420) Pause Remark
[2020-10-07T09:44:28.168+0000][38832][gc           ] GC(420) Pause Remark 313M->313M(1024M) 7.613ms
[2020-10-07T09:44:28.168+0000][38832][gc,cpu       ] GC(420) User=0.09s Sys=0.00s Real=0.01s
[2020-10-07T09:44:28.168+0000][38832][safepoint    ] Safepoint "G1Concurrent", Time since last: 179515400 ns, Reaching safepoint: 148000 ns, At safepoint: 7859000 ns, Total: 8007000 ns
[2020-10-07T09:44:28.169+0000][38832][gc,marking   ] GC(420) Concurrent Rebuild Remembered Sets
[2020-10-07T09:44:28.277+0000][38832][gc,marking   ] GC(420) Concurrent Rebuild Remembered Sets 108.239ms
[2020-10-07T09:44:28.277+0000][38832][gc,start     ] GC(420) Pause Cleanup
[2020-10-07T09:44:28.278+0000][38832][gc           ] GC(420) Pause Cleanup 314M->314M(1024M) 0.656ms
[2020-10-07T09:44:28.278+0000][38832][gc,cpu       ] GC(420) User=0.00s Sys=0.00s Real=0.00s
[2020-10-07T09:44:28.278+0000][38832][safepoint    ] Safepoint "G1Concurrent", Time since last: 108485900 ns, Reaching safepoint: 234700 ns, At safepoint: 880200 ns, Total: 1114900 ns
[2020-10-07T09:44:28.278+0000][38832][gc,marking   ] GC(420) Concurrent Cleanup for Next Mark
[2020-10-07T09:44:28.280+0000][38832][gc,marking   ] GC(420) Concurrent Cleanup for Next Mark 2.131ms
[2020-10-07T09:44:28.280+0000][38832][gc           ] GC(420) Concurrent Cycle 299.488ms
[2020-10-07T09:44:28.345+0000][38832][gc,start     ] GC(421) Pause Young (Concurrent Start) (G1 Humongous Allocation)
[2020-10-07T09:44:28.346+0000][38832][gc,task      ] GC(421) Using 8 workers of 8 for evacuation
[2020-10-07T09:44:28.346+0000][38832][gc,age       ] GC(421) Desired survivor size 33030144 bytes, new threshold 15 (max threshold 15)
[2020-10-07T09:44:28.351+0000][38832][gc,age       ] GC(421) Age table with threshold 15 (max threshold 15)
[2020-10-07T09:44:28.351+0000][38832][gc,age       ] GC(421) - age   1:    8942360 bytes,    8942360 total
[2020-10-07T09:44:28.351+0000][38832][gc,age       ] GC(421) - age   2:      10496 bytes,    8952856 total
[2020-10-07T09:44:28.351+0000][38832][gc,age       ] GC(421) - age   3:       4728 bytes,    8957584 total
[2020-10-07T09:44:28.351+0000][38832][gc,age       ] GC(421) - age   4:       9984 bytes,    8967568 total
[2020-10-07T09:44:28.351+0000][38832][gc,age       ] GC(421) - age   5:       8936 bytes,    8976504 total
[2020-10-07T09:44:28.351+0000][38832][gc,age       ] GC(421) - age   6:        856 bytes,    8977360 total
[2020-10-07T09:44:28.351+0000][38832][gc,age       ] GC(421) - age   7:       1704 bytes,    8979064 total
[2020-10-07T09:44:28.351+0000][38832][gc,age       ] GC(421) - age   8:      17392 bytes,    8996456 total
[2020-10-07T09:44:28.351+0000][38832][gc,age       ] GC(421) - age   9:        648 bytes,    8997104 total
[2020-10-07T09:44:28.351+0000][38832][gc,age       ] GC(421) - age  10:       3240 bytes,    9000344 total
[2020-10-07T09:44:28.351+0000][38832][gc,age       ] GC(421) - age  11:       1408 bytes,    9001752 total
[2020-10-07T09:44:28.351+0000][38832][gc,age       ] GC(421) - age  12:       1536 bytes,    9003288 total
[2020-10-07T09:44:28.351+0000][38832][gc,age       ] GC(421) - age  13:       4784 bytes,    9008072 total
[2020-10-07T09:44:28.351+0000][38832][gc,age       ] GC(421) - age  14:      15744 bytes,    9023816 total
[2020-10-07T09:44:28.351+0000][38832][gc,age       ] GC(421) - age  15:       6504 bytes,    9030320 total
[2020-10-07T09:44:28.351+0000][38832][gc,phases    ] GC(421)   Pre Evacuate Collection Set: 0.5ms
[2020-10-07T09:44:28.351+0000][38832][gc,phases    ] GC(421)   Merge Heap Roots: 0.1ms
[2020-10-07T09:44:28.352+0000][38832][gc,phases    ] GC(421)   Evacuate Collection Set: 3.3ms
[2020-10-07T09:44:28.352+0000][38832][gc,phases    ] GC(421)   Post Evacuate Collection Set: 0.8ms
[2020-10-07T09:44:28.352+0000][38832][gc,phases    ] GC(421)   Other: 1.3ms
[2020-10-07T09:44:28.352+0000][38832][gc,heap      ] GC(421) Eden regions: 34->0(488)
[2020-10-07T09:44:28.352+0000][38832][gc,heap      ] GC(421) Survivor regions: 3->9(63)
[2020-10-07T09:44:28.352+0000][38832][gc,heap      ] GC(421) Old regions: 81->81
[2020-10-07T09:44:28.352+0000][38832][gc,heap      ] GC(421) Archive regions: 0->0
[2020-10-07T09:44:28.352+0000][38832][gc,heap      ] GC(421) Humongous regions: 226->174
[2020-10-07T09:44:28.352+0000][38832][gc,metaspace ] GC(421) Metaspace: 89879K(96000K)->89879K(96000K) NonClass: 78532K(82176K)->78532K(82176K) Class: 11347K(13824K)->11347K(13824K)
[2020-10-07T09:44:28.352+0000][38832][gc           ] GC(421) Pause Young (Concurrent Start) (G1 Humongous Allocation) 342M->263M(1024M) 6.496ms
[2020-10-07T09:44:28.352+0000][38832][gc,cpu       ] GC(421) User=0.02s Sys=0.00s Real=0.01s
[2020-10-07T09:44:28.352+0000][38832][safepoint    ] Safepoint "G1TryInitiateConcMark", Time since last: 66526800 ns, Reaching safepoint: 815700 ns, At safepoint: 6833400 ns, Total: 7649100 ns
[2020-10-07T09:44:28.352+0000][38832][gc           ] GC(422) Concurrent Cycle
[2020-10-07T09:44:28.352+0000][38832][gc,marking   ] GC(422) Concurrent Clear Claimed Marks
[2020-10-07T09:44:28.353+0000][38832][gc,marking   ] GC(422) Concurrent Clear Claimed Marks 0.612ms
[2020-10-07T09:44:28.353+0000][38832][gc,marking   ] GC(422) Concurrent Scan Root Regions
[2020-10-07T09:44:28.356+0000][38832][gc,marking   ] GC(422) Concurrent Scan Root Regions 3.102ms
[2020-10-07T09:44:28.356+0000][38832][gc,marking   ] GC(422) Concurrent Mark (143.561s)
[2020-10-07T09:44:28.356+0000][38832][gc,marking   ] GC(422) Concurrent Mark From Roots
[2020-10-07T09:44:28.356+0000][38832][gc,task      ] GC(422) Using 2 workers of 2 for marking
[2020-10-07T09:44:28.543+0000][38832][gc,marking   ] GC(422) Concurrent Mark From Roots 186.329ms
[2020-10-07T09:44:28.543+0000][38832][gc,marking   ] GC(422) Concurrent Preclean
[2020-10-07T09:44:28.544+0000][38832][gc,marking   ] GC(422) Concurrent Preclean 0.926ms
[2020-10-07T09:44:28.544+0000][38832][gc,marking   ] GC(422) Concurrent Mark (143.561s, 143.749s) 187.492ms
[2020-10-07T09:44:28.547+0000][38832][gc,start     ] GC(422) Pause Remark
[2020-10-07T09:44:28.554+0000][38832][gc           ] GC(422) Pause Remark 689M->689M(1024M) 7.577ms
[2020-10-07T09:44:28.554+0000][38832][gc,cpu       ] GC(422) User=0.08s Sys=0.02s Real=0.01s
[2020-10-07T09:44:28.555+0000][38832][safepoint    ] Safepoint "G1Concurrent", Time since last: 191704000 ns, Reaching safepoint: 2797100 ns, At safepoint: 8149500 ns, Total: 10946600 ns
[2020-10-07T09:44:28.555+0000][38832][gc,marking   ] GC(422) Concurrent Rebuild Remembered Sets
[2020-10-07T09:44:28.667+0000][38832][gc,marking   ] GC(422) Concurrent Rebuild Remembered Sets 112.253ms
[2020-10-07T09:44:28.668+0000][38832][gc,start     ] GC(422) Pause Cleanup
[2020-10-07T09:44:28.668+0000][38832][gc           ] GC(422) Pause Cleanup 765M->765M(1024M) 0.367ms
[2020-10-07T09:44:28.668+0000][38832][gc,cpu       ] GC(422) User=0.00s Sys=0.00s Real=0.00s
[2020-10-07T09:44:28.669+0000][38832][safepoint    ] Safepoint "G1Concurrent", Time since last: 112465600 ns, Reaching safepoint: 306500 ns, At safepoint: 1624100 ns, Total: 1930600 ns
[2020-10-07T09:44:28.669+0000][38832][gc,marking   ] GC(422) Concurrent Cleanup for Next Mark
[2020-10-07T09:44:28.671+0000][38832][gc,marking   ] GC(422) Concurrent Cleanup for Next Mark 2.135ms
[2020-10-07T09:44:28.672+0000][38832][gc           ] GC(422) Concurrent Cycle 319.364ms
[2020-10-07T09:44:28.726+0000][38832][gc,start     ] GC(423) Pause Young (Concurrent Start) (G1 Humongous Allocation)
[2020-10-07T09:44:28.726+0000][38832][gc,task      ] GC(423) Using 8 workers of 8 for evacuation
[2020-10-07T09:44:28.726+0000][38832][gc,age       ] GC(423) Desired survivor size 33030144 bytes, new threshold 15 (max threshold 15)
[2020-10-07T09:44:28.731+0000][38832][gc,age       ] GC(423) Age table with threshold 15 (max threshold 15)
[2020-10-07T09:44:28.731+0000][38832][gc,age       ] GC(423) - age   1:    4162728 bytes,    4162728 total
[2020-10-07T09:44:28.731+0000][38832][gc,age       ] GC(423) - age   2:       6016 bytes,    4168744 total
[2020-10-07T09:44:28.731+0000][38832][gc,age       ] GC(423) - age   3:       7376 bytes,    4176120 total
[2020-10-07T09:44:28.731+0000][38832][gc,age       ] GC(423) - age   4:       3896 bytes,    4180016 total
[2020-10-07T09:44:28.731+0000][38832][gc,age       ] GC(423) - age   5:       9984 bytes,    4190000 total
[2020-10-07T09:44:28.731+0000][38832][gc,age       ] GC(423) - age   6:       3032 bytes,    4193032 total
[2020-10-07T09:44:28.731+0000][38832][gc,age       ] GC(423) - age   7:        472 bytes,    4193504 total
[2020-10-07T09:44:28.731+0000][38832][gc,age       ] GC(423) - age   8:        728 bytes,    4194232 total
[2020-10-07T09:44:28.732+0000][38832][gc,age       ] GC(423) - age   9:      17336 bytes,    4211568 total
[2020-10-07T09:44:28.732+0000][38832][gc,age       ] GC(423) - age  10:        584 bytes,    4212152 total
[2020-10-07T09:44:28.732+0000][38832][gc,age       ] GC(423) - age  11:       3152 bytes,    4215304 total
[2020-10-07T09:44:28.732+0000][38832][gc,age       ] GC(423) - age  12:       1344 bytes,    4216648 total
[2020-10-07T09:44:28.732+0000][38832][gc,age       ] GC(423) - age  13:       1344 bytes,    4217992 total
[2020-10-07T09:44:28.732+0000][38832][gc,age       ] GC(423) - age  14:       4784 bytes,    4222776 total
[2020-10-07T09:44:28.732+0000][38832][gc,age       ] GC(423) - age  15:      15712 bytes,    4238488 total
[2020-10-07T09:44:28.732+0000][38832][gc,phases    ] GC(423)   Pre Evacuate Collection Set: 0.5ms
[2020-10-07T09:44:28.732+0000][38832][gc,phases    ] GC(423)   Merge Heap Roots: 0.1ms
[2020-10-07T09:44:28.732+0000][38832][gc,phases    ] GC(423)   Evacuate Collection Set: 2.9ms
[2020-10-07T09:44:28.732+0000][38832][gc,phases    ] GC(423)   Post Evacuate Collection Set: 1.3ms
[2020-10-07T09:44:28.732+0000][38832][gc,phases    ] GC(423)   Other: 1.4ms
[2020-10-07T09:44:28.732+0000][38832][gc,heap      ] GC(423) Eden regions: 140->0(492)
[2020-10-07T09:44:28.732+0000][38832][gc,heap      ] GC(423) Survivor regions: 9->5(63)
[2020-10-07T09:44:28.732+0000][38832][gc,heap      ] GC(423) Old regions: 81->81
[2020-10-07T09:44:28.732+0000][38832][gc,heap      ] GC(423) Archive regions: 0->0
[2020-10-07T09:44:28.732+0000][38832][gc,heap      ] GC(423) Humongous regions: 554->174
[2020-10-07T09:44:28.732+0000][38832][gc,metaspace ] GC(423) Metaspace: 89895K(96000K)->89895K(96000K) NonClass: 78547K(82176K)->78547K(82176K) Class: 11347K(13824K)->11347K(13824K)
[2020-10-07T09:44:28.733+0000][38832][gc           ] GC(423) Pause Young (Concurrent Start) (G1 Humongous Allocation) 783M->258M(1024M) 6.685ms
[2020-10-07T09:44:28.733+0000][38832][gc,cpu       ] GC(423) User=0.00s Sys=0.00s Real=0.01s
[2020-10-07T09:44:28.733+0000][38832][safepoint    ] Safepoint "G1TryInitiateConcMark", Time since last: 56437800 ns, Reaching safepoint: 149800 ns, At safepoint: 6955200 ns, Total: 7105000 ns
[2020-10-07T09:44:28.733+0000][38832][gc           ] GC(424) Concurrent Cycle
[2020-10-07T09:44:28.733+0000][38832][gc,marking   ] GC(424) Concurrent Clear Claimed Marks
[2020-10-07T09:44:28.733+0000][38832][gc,marking   ] GC(424) Concurrent Clear Claimed Marks 0.366ms
[2020-10-07T09:44:28.733+0000][38832][gc,marking   ] GC(424) Concurrent Scan Root Regions
[2020-10-07T09:44:28.736+0000][38832][gc,marking   ] GC(424) Concurrent Scan Root Regions 2.760ms
[2020-10-07T09:44:28.736+0000][38832][gc,marking   ] GC(424) Concurrent Mark (143.941s)
[2020-10-07T09:44:28.736+0000][38832][gc,marking   ] GC(424) Concurrent Mark From Roots
[2020-10-07T09:44:28.736+0000][38832][gc,task      ] GC(424) Using 2 workers of 2 for marking
[2020-10-07T09:44:28.914+0000][38832][gc,marking   ] GC(424) Concurrent Mark From Roots 177.881ms
[2020-10-07T09:44:28.914+0000][38832][gc,marking   ] GC(424) Concurrent Preclean
[2020-10-07T09:44:28.915+0000][38832][gc,marking   ] GC(424) Concurrent Preclean 0.865ms
[2020-10-07T09:44:28.915+0000][38832][gc,marking   ] GC(424) Concurrent Mark (143.941s, 144.120s) 178.964ms
[2020-10-07T09:44:28.916+0000][38832][gc,start     ] GC(424) Pause Remark
[2020-10-07T09:44:28.924+0000][38832][gc           ] GC(424) Pause Remark 452M->452M(1024M) 8.746ms
[2020-10-07T09:44:28.924+0000][38832][gc,cpu       ] GC(424) User=0.00s Sys=0.00s Real=0.01s
[2020-10-07T09:44:28.925+0000][38832][safepoint    ] Safepoint "G1Concurrent", Time since last: 182527400 ns, Reaching safepoint: 193900 ns, At safepoint: 9047100 ns, Total: 9241000 ns
[2020-10-07T09:44:28.925+0000][38832][gc,marking   ] GC(424) Concurrent Rebuild Remembered Sets
[2020-10-07T09:44:29.026+0000][38832][gc,marking   ] GC(424) Concurrent Rebuild Remembered Sets 102.005ms
[2020-10-07T09:44:29.026+0000][38832][gc,start     ] GC(424) Pause Cleanup
[2020-10-07T09:44:29.027+0000][38832][gc           ] GC(424) Pause Cleanup 525M->525M(1024M) 0.344ms
[2020-10-07T09:44:29.027+0000][38832][gc,cpu       ] GC(424) User=0.00s Sys=0.00s Real=0.00s
[2020-10-07T09:44:29.027+0000][38832][safepoint    ] Safepoint "G1Concurrent", Time since last: 102231800 ns, Reaching safepoint: 165200 ns, At safepoint: 544600 ns, Total: 709800 ns
[2020-10-07T09:44:29.027+0000][38832][gc,marking   ] GC(424) Concurrent Cleanup for Next Mark
[2020-10-07T09:44:29.029+0000][38832][gc,marking   ] GC(424) Concurrent Cleanup for Next Mark 1.765ms
[2020-10-07T09:44:29.029+0000][38832][gc           ] GC(424) Concurrent Cycle 296.742ms
[2020-10-07T09:44:29.039+0000][38832][gc,start     ] GC(425) Pause Young (Concurrent Start) (G1 Humongous Allocation)
[2020-10-07T09:44:29.039+0000][38832][gc,task      ] GC(425) Using 8 workers of 8 for evacuation
[2020-10-07T09:44:29.039+0000][38832][gc,age       ] GC(425) Desired survivor size 33030144 bytes, new threshold 15 (max threshold 15)
[2020-10-07T09:44:29.044+0000][38832][gc,age       ] GC(425) Age table with threshold 15 (max threshold 15)
[2020-10-07T09:44:29.044+0000][38832][gc,age       ] GC(425) - age   1:    3684352 bytes,    3684352 total
[2020-10-07T09:44:29.044+0000][38832][gc,age       ] GC(425) - age   2:     610840 bytes,    4295192 total
[2020-10-07T09:44:29.044+0000][38832][gc,age       ] GC(425) - age   3:       3432 bytes,    4298624 total
[2020-10-07T09:44:29.044+0000][38832][gc,age       ] GC(425) - age   4:       6792 bytes,    4305416 total
[2020-10-07T09:44:29.044+0000][38832][gc,age       ] GC(425) - age   5:       3864 bytes,    4309280 total
[2020-10-07T09:44:29.045+0000][38832][gc,age       ] GC(425) - age   6:       9856 bytes,    4319136 total
[2020-10-07T09:44:29.045+0000][38832][gc,age       ] GC(425) - age   7:       2864 bytes,    4322000 total
[2020-10-07T09:44:29.045+0000][38832][gc,age       ] GC(425) - age   8:        344 bytes,    4322344 total
[2020-10-07T09:44:29.045+0000][38832][gc,age       ] GC(425) - age   9:        632 bytes,    4322976 total
[2020-10-07T09:44:29.045+0000][38832][gc,age       ] GC(425) - age  10:      17272 bytes,    4340248 total
[2020-10-07T09:44:29.045+0000][38832][gc,age       ] GC(425) - age  11:        584 bytes,    4340832 total
[2020-10-07T09:44:29.045+0000][38832][gc,age       ] GC(425) - age  12:       3120 bytes,    4343952 total
[2020-10-07T09:44:29.045+0000][38832][gc,age       ] GC(425) - age  13:       1184 bytes,    4345136 total
[2020-10-07T09:44:29.045+0000][38832][gc,age       ] GC(425) - age  14:       1312 bytes,    4346448 total
[2020-10-07T09:44:29.045+0000][38832][gc,age       ] GC(425) - age  15:       4784 bytes,    4351232 total
[2020-10-07T09:44:29.045+0000][38832][gc,phases    ] GC(425)   Pre Evacuate Collection Set: 0.4ms
[2020-10-07T09:44:29.045+0000][38832][gc,phases    ] GC(425)   Merge Heap Roots: 0.2ms
[2020-10-07T09:44:29.045+0000][38832][gc,phases    ] GC(425)   Evacuate Collection Set: 2.7ms
[2020-10-07T09:44:29.045+0000][38832][gc,phases    ] GC(425)   Post Evacuate Collection Set: 1.2ms
[2020-10-07T09:44:29.045+0000][38832][gc,phases    ] GC(425)   Other: 1.2ms
[2020-10-07T09:44:29.045+0000][38832][gc,heap      ] GC(425) Eden regions: 79->0(493)
[2020-10-07T09:44:29.045+0000][38832][gc,heap      ] GC(425) Survivor regions: 5->5(63)
[2020-10-07T09:44:29.045+0000][38832][gc,heap      ] GC(425) Old regions: 81->81
[2020-10-07T09:44:29.045+0000][38832][gc,heap      ] GC(425) Archive regions: 0->0
[2020-10-07T09:44:29.045+0000][38832][gc,heap      ] GC(425) Humongous regions: 368->174
[2020-10-07T09:44:29.045+0000][38832][gc,metaspace ] GC(425) Metaspace: 89895K(96000K)->89895K(96000K) NonClass: 78547K(82176K)->78547K(82176K) Class: 11347K(13824K)->11347K(13824K)
[2020-10-07T09:44:29.046+0000][38832][gc           ] GC(425) Pause Young (Concurrent Start) (G1 Humongous Allocation) 531M->258M(1024M) 6.261ms
[2020-10-07T09:44:29.046+0000][38832][gc,cpu       ] GC(425) User=0.00s Sys=0.00s Real=0.01s
[2020-10-07T09:44:29.046+0000][38832][safepoint    ] Safepoint "G1TryInitiateConcMark", Time since last: 12152600 ns, Reaching safepoint: 167300 ns, At safepoint: 6495600 ns, Total: 6662900 ns
[2020-10-07T09:44:29.046+0000][38832][gc           ] GC(426) Concurrent Cycle
[2020-10-07T09:44:29.046+0000][38832][gc,marking   ] GC(426) Concurrent Clear Claimed Marks
[2020-10-07T09:44:29.047+0000][38832][gc,marking   ] GC(426) Concurrent Clear Claimed Marks 0.825ms
[2020-10-07T09:44:29.047+0000][38832][gc,marking   ] GC(426) Concurrent Scan Root Regions
[2020-10-07T09:44:29.051+0000][38832][gc,marking   ] GC(426) Concurrent Scan Root Regions 4.540ms
[2020-10-07T09:44:29.051+0000][38832][gc,marking   ] GC(426) Concurrent Mark (144.257s)
[2020-10-07T09:44:29.051+0000][38832][gc,marking   ] GC(426) Concurrent Mark From Roots
[2020-10-07T09:44:29.052+0000][38832][gc,task      ] GC(426) Using 2 workers of 2 for marking
[2020-10-07T09:44:29.233+0000][38832][gc,marking   ] GC(426) Concurrent Mark From Roots 181.129ms
[2020-10-07T09:44:29.233+0000][38832][gc,marking   ] GC(426) Concurrent Preclean
[2020-10-07T09:44:29.234+0000][38832][gc,marking   ] GC(426) Concurrent Preclean 1.038ms
[2020-10-07T09:44:29.234+0000][38832][gc,marking   ] GC(426) Concurrent Mark (144.257s, 144.440s) 182.453ms
[2020-10-07T09:44:29.234+0000][38832][gc,start     ] GC(426) Pause Remark
[2020-10-07T09:44:29.243+0000][38832][gc           ] GC(426) Pause Remark 394M->394M(1024M) 8.415ms
[2020-10-07T09:44:29.243+0000][38832][gc,cpu       ] GC(426) User=0.09s Sys=0.00s Real=0.01s
[2020-10-07T09:44:29.243+0000][38832][safepoint    ] Safepoint "G1Concurrent", Time since last: 188295100 ns, Reaching safepoint: 203800 ns, At safepoint: 8725900 ns, Total: 8929700 ns
[2020-10-07T09:44:29.243+0000][38832][gc,marking   ] GC(426) Concurrent Rebuild Remembered Sets
[2020-10-07T09:44:29.365+0000][38832][gc,marking   ] GC(426) Concurrent Rebuild Remembered Sets 122.007ms
[2020-10-07T09:44:29.367+0000][38832][gc,start     ] GC(426) Pause Cleanup
[2020-10-07T09:44:29.368+0000][38832][gc           ] GC(426) Pause Cleanup 403M->403M(1024M) 0.476ms
[2020-10-07T09:44:29.368+0000][38832][gc,cpu       ] GC(426) User=0.00s Sys=0.00s Real=0.00s
[2020-10-07T09:44:29.368+0000][38832][safepoint    ] Safepoint "G1Concurrent", Time since last: 122200900 ns, Reaching safepoint: 1924300 ns, At safepoint: 708800 ns, Total: 2633100 ns
[2020-10-07T09:44:29.368+0000][38832][gc,marking   ] GC(426) Concurrent Cleanup for Next Mark
[2020-10-07T09:44:29.370+0000][38832][gc,marking   ] GC(426) Concurrent Cleanup for Next Mark 2.019ms
[2020-10-07T09:44:29.370+0000][38832][gc           ] GC(426) Concurrent Cycle 324.338ms
[2020-10-07T09:44:29.489+0000][38832][gc,start     ] GC(427) Pause Young (Concurrent Start) (G1 Humongous Allocation)
[2020-10-07T09:44:29.489+0000][38832][gc,task      ] GC(427) Using 8 workers of 8 for evacuation
[2020-10-07T09:44:29.489+0000][38832][gc,age       ] GC(427) Desired survivor size 33030144 bytes, new threshold 15 (max threshold 15)
[2020-10-07T09:44:29.494+0000][38832][gc,age       ] GC(427) Age table with threshold 15 (max threshold 15)
[2020-10-07T09:44:29.494+0000][38832][gc,age       ] GC(427) - age   1:    7842904 bytes,    7842904 total
[2020-10-07T09:44:29.494+0000][38832][gc,age       ] GC(427) - age   2:       3656 bytes,    7846560 total
[2020-10-07T09:44:29.494+0000][38832][gc,age       ] GC(427) - age   3:      10880 bytes,    7857440 total
[2020-10-07T09:44:29.494+0000][38832][gc,age       ] GC(427) - age   4:       1112 bytes,    7858552 total
[2020-10-07T09:44:29.494+0000][38832][gc,age       ] GC(427) - age   5:       6440 bytes,    7864992 total
[2020-10-07T09:44:29.494+0000][38832][gc,age       ] GC(427) - age   6:       3464 bytes,    7868456 total
[2020-10-07T09:44:29.494+0000][38832][gc,age       ] GC(427) - age   7:       8864 bytes,    7877320 total
[2020-10-07T09:44:29.494+0000][38832][gc,age       ] GC(427) - age   8:       2544 bytes,    7879864 total
[2020-10-07T09:44:29.494+0000][38832][gc,age       ] GC(427) - age   9:        344 bytes,    7880208 total
[2020-10-07T09:44:29.494+0000][38832][gc,age       ] GC(427) - age  10:        632 bytes,    7880840 total
[2020-10-07T09:44:29.494+0000][38832][gc,age       ] GC(427) - age  11:      17272 bytes,    7898112 total
[2020-10-07T09:44:29.494+0000][38832][gc,age       ] GC(427) - age  12:        584 bytes,    7898696 total
[2020-10-07T09:44:29.495+0000][38832][gc,age       ] GC(427) - age  13:       3120 bytes,    7901816 total
[2020-10-07T09:44:29.495+0000][38832][gc,age       ] GC(427) - age  14:       1160 bytes,    7902976 total
[2020-10-07T09:44:29.495+0000][38832][gc,age       ] GC(427) - age  15:       1152 bytes,    7904128 total
[2020-10-07T09:44:29.495+0000][38832][gc,phases    ] GC(427)   Pre Evacuate Collection Set: 0.5ms
[2020-10-07T09:44:29.495+0000][38832][gc,phases    ] GC(427)   Merge Heap Roots: 0.1ms
[2020-10-07T09:44:29.495+0000][38832][gc,phases    ] GC(427)   Evacuate Collection Set: 3.1ms
[2020-10-07T09:44:29.495+0000][38832][gc,phases    ] GC(427)   Post Evacuate Collection Set: 0.8ms
[2020-10-07T09:44:29.495+0000][38832][gc,phases    ] GC(427)   Other: 1.4ms
[2020-10-07T09:44:29.495+0000][38832][gc,heap      ] GC(427) Eden regions: 58->0(487)
[2020-10-07T09:44:29.495+0000][38832][gc,heap      ] GC(427) Survivor regions: 5->8(63)
[2020-10-07T09:44:29.495+0000][38832][gc,heap      ] GC(427) Old regions: 81->81
[2020-10-07T09:44:29.495+0000][38832][gc,heap      ] GC(427) Archive regions: 0->0
[2020-10-07T09:44:29.495+0000][38832][gc,heap      ] GC(427) Humongous regions: 274->174
[2020-10-07T09:44:29.495+0000][38832][gc,metaspace ] GC(427) Metaspace: 89906K(96000K)->89906K(96000K) NonClass: 78558K(82176K)->78558K(82176K) Class: 11348K(13824K)->11348K(13824K)
[2020-10-07T09:44:29.495+0000][38832][gc           ] GC(427) Pause Young (Concurrent Start) (G1 Humongous Allocation) 416M->262M(1024M) 6.443ms
[2020-10-07T09:44:29.495+0000][38832][gc,cpu       ] GC(427) User=0.08s Sys=0.00s Real=0.01s
[2020-10-07T09:44:29.496+0000][38832][gc           ] GC(428) Concurrent Cycle
[2020-10-07T09:44:29.496+0000][38832][gc,marking   ] GC(428) Concurrent Clear Claimed Marks
[2020-10-07T09:44:29.496+0000][38832][safepoint    ] Safepoint "G1TryInitiateConcMark", Time since last: 120866600 ns, Reaching safepoint: 288900 ns, At safepoint: 7034000 ns, Total: 7322900 ns
[2020-10-07T09:44:29.496+0000][38832][gc,marking   ] GC(428) Concurrent Clear Claimed Marks 0.424ms
[2020-10-07T09:44:29.496+0000][38832][gc,marking   ] GC(428) Concurrent Scan Root Regions
[2020-10-07T09:44:29.499+0000][38832][gc,marking   ] GC(428) Concurrent Scan Root Regions 3.361ms
[2020-10-07T09:44:29.500+0000][38832][gc,marking   ] GC(428) Concurrent Mark (144.706s)
[2020-10-07T09:44:29.500+0000][38832][gc,marking   ] GC(428) Concurrent Mark From Roots
[2020-10-07T09:44:29.500+0000][38832][gc,task      ] GC(428) Using 2 workers of 2 for marking
[2020-10-07T09:44:29.699+0000][38832][gc,marking   ] GC(428) Concurrent Mark From Roots 199.599ms
[2020-10-07T09:44:29.699+0000][38832][gc,marking   ] GC(428) Concurrent Preclean
[2020-10-07T09:44:29.700+0000][38832][gc,marking   ] GC(428) Concurrent Preclean 0.906ms
[2020-10-07T09:44:29.700+0000][38832][gc,marking   ] GC(428) Concurrent Mark (144.706s, 144.906s) 200.733ms
[2020-10-07T09:44:29.701+0000][38832][gc,start     ] GC(428) Pause Remark
[2020-10-07T09:44:29.711+0000][38832][gc           ] GC(428) Pause Remark 653M->653M(1024M) 9.893ms
[2020-10-07T09:44:29.712+0000][38832][gc,cpu       ] GC(428) User=0.09s Sys=0.02s Real=0.01s
[2020-10-07T09:44:29.712+0000][38832][safepoint    ] Safepoint "G1Concurrent", Time since last: 204648800 ns, Reaching safepoint: 920900 ns, At safepoint: 10282100 ns, Total: 11203000 ns
[2020-10-07T09:44:29.712+0000][38832][gc,marking   ] GC(428) Concurrent Rebuild Remembered Sets
[2020-10-07T09:44:29.823+0000][38832][gc,marking   ] GC(428) Concurrent Rebuild Remembered Sets 111.388ms
[2020-10-07T09:44:29.824+0000][38832][gc,start     ] GC(428) Pause Cleanup
[2020-10-07T09:44:29.824+0000][38832][gc           ] GC(428) Pause Cleanup 786M->786M(1024M) 0.467ms
[2020-10-07T09:44:29.824+0000][38832][gc,cpu       ] GC(428) User=0.00s Sys=0.00s Real=0.00s
[2020-10-07T09:44:29.824+0000][38832][safepoint    ] Safepoint "G1Concurrent", Time since last: 111631700 ns, Reaching safepoint: 195300 ns, At safepoint: 830200 ns, Total: 1025500 ns
[2020-10-07T09:44:29.824+0000][38832][gc,marking   ] GC(428) Concurrent Cleanup for Next Mark
[2020-10-07T09:44:29.826+0000][38832][gc,marking   ] GC(428) Concurrent Cleanup for Next Mark 1.730ms
[2020-10-07T09:44:29.826+0000][38832][gc           ] GC(428) Concurrent Cycle 330.857ms
[2020-10-07T09:44:29.968+0000][38832][gc,start     ] GC(429) Pause Young (Concurrent Start) (G1 Humongous Allocation)
[2020-10-07T09:44:29.968+0000][38832][gc,task      ] GC(429) Using 8 workers of 8 for evacuation
[2020-10-07T09:44:29.968+0000][38832][gc,age       ] GC(429) Desired survivor size 32505856 bytes, new threshold 15 (max threshold 15)
[2020-10-07T09:44:29.972+0000][38832][gc,age       ] GC(429) Age table with threshold 15 (max threshold 15)
[2020-10-07T09:44:29.972+0000][38832][gc,age       ] GC(429) - age   1:    2417360 bytes,    2417360 total
[2020-10-07T09:44:29.972+0000][38832][gc,age       ] GC(429) - age   2:      11888 bytes,    2429248 total
[2020-10-07T09:44:29.972+0000][38832][gc,age       ] GC(429) - age   3:       2704 bytes,    2431952 total
[2020-10-07T09:44:29.972+0000][38832][gc,age       ] GC(429) - age   4:       9680 bytes,    2441632 total
[2020-10-07T09:44:29.972+0000][38832][gc,age       ] GC(429) - age   5:        952 bytes,    2442584 total
[2020-10-07T09:44:29.972+0000][38832][gc,age       ] GC(429) - age   6:       6440 bytes,    2449024 total
[2020-10-07T09:44:29.973+0000][38832][gc,age       ] GC(429) - age   7:        984 bytes,    2450008 total
[2020-10-07T09:44:29.973+0000][38832][gc,age       ] GC(429) - age   8:       8704 bytes,    2458712 total
[2020-10-07T09:44:29.973+0000][38832][gc,age       ] GC(429) - age   9:       2544 bytes,    2461256 total
[2020-10-07T09:44:29.973+0000][38832][gc,age       ] GC(429) - age  10:        248 bytes,    2461504 total
[2020-10-07T09:44:29.973+0000][38832][gc,age       ] GC(429) - age  11:        632 bytes,    2462136 total
[2020-10-07T09:44:29.973+0000][38832][gc,age       ] GC(429) - age  12:      17240 bytes,    2479376 total
[2020-10-07T09:44:29.973+0000][38832][gc,age       ] GC(429) - age  13:        584 bytes,    2479960 total
[2020-10-07T09:44:29.973+0000][38832][gc,age       ] GC(429) - age  14:       3120 bytes,    2483080 total
[2020-10-07T09:44:29.973+0000][38832][gc,age       ] GC(429) - age  15:       1072 bytes,    2484152 total
[2020-10-07T09:44:29.973+0000][38832][gc,phases    ] GC(429)   Pre Evacuate Collection Set: 0.4ms
[2020-10-07T09:44:29.973+0000][38832][gc,phases    ] GC(429)   Merge Heap Roots: 0.2ms
[2020-10-07T09:44:29.973+0000][38832][gc,phases    ] GC(429)   Evacuate Collection Set: 2.2ms
[2020-10-07T09:44:29.973+0000][38832][gc,phases    ] GC(429)   Post Evacuate Collection Set: 1.3ms
[2020-10-07T09:44:29.973+0000][38832][gc,phases    ] GC(429)   Other: 1.4ms
[2020-10-07T09:44:29.973+0000][38832][gc,heap      ] GC(429) Eden regions: 145->0(494)
[2020-10-07T09:44:29.973+0000][38832][gc,heap      ] GC(429) Survivor regions: 8->3(62)
[2020-10-07T09:44:29.973+0000][38832][gc,heap      ] GC(429) Old regions: 81->81
[2020-10-07T09:44:29.973+0000][38832][gc,heap      ] GC(429) Archive regions: 0->0
[2020-10-07T09:44:29.973+0000][38832][gc,heap      ] GC(429) Humongous regions: 566->174
[2020-10-07T09:44:29.974+0000][38832][gc,metaspace ] GC(429) Metaspace: 89918K(96000K)->89918K(96000K) NonClass: 78570K(82176K)->78570K(82176K) Class: 11348K(13824K)->11348K(13824K)
[2020-10-07T09:44:29.974+0000][38832][gc           ] GC(429) Pause Young (Concurrent Start) (G1 Humongous Allocation) 799M->257M(1024M) 6.076ms
[2020-10-07T09:44:29.974+0000][38832][gc,cpu       ] GC(429) User=0.00s Sys=0.00s Real=0.01s
[2020-10-07T09:44:29.974+0000][38832][gc           ] GC(430) Concurrent Cycle
[2020-10-07T09:44:29.974+0000][38832][safepoint    ] Safepoint "G1TryInitiateConcMark", Time since last: 142950600 ns, Reaching safepoint: 173800 ns, At safepoint: 6363900 ns, Total: 6537700 ns
[2020-10-07T09:44:29.974+0000][38832][gc,marking   ] GC(430) Concurrent Clear Claimed Marks
[2020-10-07T09:44:29.975+0000][38832][gc,marking   ] GC(430) Concurrent Clear Claimed Marks 0.638ms
[2020-10-07T09:44:29.975+0000][38832][gc,marking   ] GC(430) Concurrent Scan Root Regions
[2020-10-07T09:44:29.977+0000][38832][gc,marking   ] GC(430) Concurrent Scan Root Regions 2.414ms
[2020-10-07T09:44:29.977+0000][38832][gc,marking   ] GC(430) Concurrent Mark (145.183s)
[2020-10-07T09:44:29.977+0000][38832][gc,marking   ] GC(430) Concurrent Mark From Roots
[2020-10-07T09:44:29.977+0000][38832][gc,task      ] GC(430) Using 2 workers of 2 for marking
[2020-10-07T09:44:30.154+0000][38832][gc,marking   ] GC(430) Concurrent Mark From Roots 177.239ms
[2020-10-07T09:44:30.155+0000][38832][gc,marking   ] GC(430) Concurrent Preclean
[2020-10-07T09:44:30.156+0000][38832][gc,marking   ] GC(430) Concurrent Preclean 0.986ms
[2020-10-07T09:44:30.156+0000][38832][gc,marking   ] GC(430) Concurrent Mark (145.183s, 145.362s) 178.469ms
[2020-10-07T09:44:30.156+0000][38832][gc,start     ] GC(430) Pause Remark
[2020-10-07T09:44:30.164+0000][38832][gc           ] GC(430) Pause Remark 372M->372M(1024M) 7.609ms
[2020-10-07T09:44:30.164+0000][38832][gc,cpu       ] GC(430) User=0.11s Sys=0.00s Real=0.01s
[2020-10-07T09:44:30.164+0000][38832][safepoint    ] Safepoint "G1Concurrent", Time since last: 181944200 ns, Reaching safepoint: 194500 ns, At safepoint: 7839300 ns, Total: 8033800 ns
[2020-10-07T09:44:30.164+0000][38832][gc,marking   ] GC(430) Concurrent Rebuild Remembered Sets
[2020-10-07T09:44:30.274+0000][38832][gc,marking   ] GC(430) Concurrent Rebuild Remembered Sets 110.539ms
[2020-10-07T09:44:30.276+0000][38832][gc,start     ] GC(430) Pause Cleanup
[2020-10-07T09:44:30.276+0000][38832][gc           ] GC(430) Pause Cleanup 680M->680M(1024M) 0.418ms
[2020-10-07T09:44:30.276+0000][38832][gc,cpu       ] GC(430) User=0.00s Sys=0.00s Real=0.00s
[2020-10-07T09:44:30.278+0000][38832][safepoint    ] Safepoint "G1Concurrent", Time since last: 110752500 ns, Reaching safepoint: 1150900 ns, At safepoint: 2233000 ns, Total: 3383900 ns
[2020-10-07T09:44:30.278+0000][38832][gc,marking   ] GC(430) Concurrent Cleanup for Next Mark
[2020-10-07T09:44:30.280+0000][38832][gc,marking   ] GC(430) Concurrent Cleanup for Next Mark 1.867ms
[2020-10-07T09:44:30.280+0000][38832][gc           ] GC(430) Concurrent Cycle 306.194ms
[2020-10-07T09:44:30.299+0000][38832][gc,start     ] GC(431) Pause Young (Concurrent Start) (G1 Humongous Allocation)
[2020-10-07T09:44:30.299+0000][38832][gc,task      ] GC(431) Using 8 workers of 8 for evacuation
[2020-10-07T09:44:30.299+0000][38832][gc,age       ] GC(431) Desired survivor size 33030144 bytes, new threshold 15 (max threshold 15)
[2020-10-07T09:44:30.305+0000][38832][gc,age       ] GC(431) Age table with threshold 15 (max threshold 15)
[2020-10-07T09:44:30.305+0000][38832][gc,age       ] GC(431) - age   1:    4609056 bytes,    4609056 total
[2020-10-07T09:44:30.305+0000][38832][gc,age       ] GC(431) - age   2:      40920 bytes,    4649976 total
[2020-10-07T09:44:30.305+0000][38832][gc,age       ] GC(431) - age   3:       7784 bytes,    4657760 total
[2020-10-07T09:44:30.305+0000][38832][gc,age       ] GC(431) - age   4:       1920 bytes,    4659680 total
[2020-10-07T09:44:30.305+0000][38832][gc,age       ] GC(431) - age   5:       9648 bytes,    4669328 total
[2020-10-07T09:44:30.305+0000][38832][gc,age       ] GC(431) - age   6:        728 bytes,    4670056 total
[2020-10-07T09:44:30.305+0000][38832][gc,age       ] GC(431) - age   7:       6440 bytes,    4676496 total
[2020-10-07T09:44:30.305+0000][38832][gc,age       ] GC(431) - age   8:        984 bytes,    4677480 total
[2020-10-07T09:44:30.305+0000][38832][gc,age       ] GC(431) - age   9:       8704 bytes,    4686184 total
[2020-10-07T09:44:30.305+0000][38832][gc,age       ] GC(431) - age  10:       2544 bytes,    4688728 total
[2020-10-07T09:44:30.305+0000][38832][gc,age       ] GC(431) - age  11:        248 bytes,    4688976 total
[2020-10-07T09:44:30.305+0000][38832][gc,age       ] GC(431) - age  12:        568 bytes,    4689544 total
[2020-10-07T09:44:30.305+0000][38832][gc,age       ] GC(431) - age  13:      17240 bytes,    4706784 total
[2020-10-07T09:44:30.305+0000][38832][gc,age       ] GC(431) - age  14:        584 bytes,    4707368 total
[2020-10-07T09:44:30.305+0000][38832][gc,age       ] GC(431) - age  15:       3120 bytes,    4710488 total
[2020-10-07T09:44:30.306+0000][38832][gc,phases    ] GC(431)   Pre Evacuate Collection Set: 0.6ms
[2020-10-07T09:44:30.306+0000][38832][gc,phases    ] GC(431)   Merge Heap Roots: 0.1ms
[2020-10-07T09:44:30.306+0000][38832][gc,phases    ] GC(431)   Evacuate Collection Set: 3.4ms
[2020-10-07T09:44:30.306+0000][38832][gc,phases    ] GC(431)   Post Evacuate Collection Set: 1.3ms
[2020-10-07T09:44:30.306+0000][38832][gc,phases    ] GC(431)   Other: 1.4ms
[2020-10-07T09:44:30.306+0000][38832][gc,heap      ] GC(431) Eden regions: 112->0(491)
[2020-10-07T09:44:30.306+0000][38832][gc,heap      ] GC(431) Survivor regions: 3->5(63)
[2020-10-07T09:44:30.306+0000][38832][gc,heap      ] GC(431) Old regions: 81->81
[2020-10-07T09:44:30.306+0000][38832][gc,heap      ] GC(431) Archive regions: 0->0
[2020-10-07T09:44:30.306+0000][38832][gc,heap      ] GC(431) Humongous regions: 504->174
[2020-10-07T09:44:30.306+0000][38832][gc,metaspace ] GC(431) Metaspace: 89921K(96000K)->89921K(96000K) NonClass: 78573K(82176K)->78573K(82176K) Class: 11348K(13824K)->11348K(13824K)
[2020-10-07T09:44:30.306+0000][38832][gc           ] GC(431) Pause Young (Concurrent Start) (G1 Humongous Allocation) 699M->259M(1024M) 7.417ms
[2020-10-07T09:44:30.306+0000][38832][gc,cpu       ] GC(431) User=0.03s Sys=0.00s Real=0.01s
[2020-10-07T09:44:30.306+0000][38832][gc           ] GC(432) Concurrent Cycle
[2020-10-07T09:44:30.307+0000][38832][gc,marking   ] GC(432) Concurrent Clear Claimed Marks
[2020-10-07T09:44:30.307+0000][38832][gc,marking   ] GC(432) Concurrent Clear Claimed Marks 0.393ms
[2020-10-07T09:44:30.307+0000][38832][gc,marking   ] GC(432) Concurrent Scan Root Regions
[2020-10-07T09:44:30.307+0000][38832][safepoint    ] Safepoint "G1TryInitiateConcMark", Time since last: 20696800 ns, Reaching safepoint: 192800 ns, At safepoint: 8282800 ns, Total: 8475600 ns
[2020-10-07T09:44:30.310+0000][38832][gc,marking   ] GC(432) Concurrent Scan Root Regions 3.249ms
[2020-10-07T09:44:30.310+0000][38832][gc,marking   ] GC(432) Concurrent Mark (145.516s)
[2020-10-07T09:44:30.310+0000][38832][gc,marking   ] GC(432) Concurrent Mark From Roots
[2020-10-07T09:44:30.310+0000][38832][gc,task      ] GC(432) Using 2 workers of 2 for marking
[2020-10-07T09:44:30.499+0000][38832][gc,marking   ] GC(432) Concurrent Mark From Roots 188.550ms
[2020-10-07T09:44:30.499+0000][38832][gc,marking   ] GC(432) Concurrent Preclean
[2020-10-07T09:44:30.500+0000][38832][gc,marking   ] GC(432) Concurrent Preclean 0.697ms
[2020-10-07T09:44:30.500+0000][38832][gc,marking   ] GC(432) Concurrent Mark (145.516s, 145.706s) 189.434ms
[2020-10-07T09:44:30.500+0000][38832][gc,start     ] GC(432) Pause Remark
[2020-10-07T09:44:30.509+0000][38832][gc           ] GC(432) Pause Remark 474M->474M(1024M) 8.414ms
[2020-10-07T09:44:30.509+0000][38832][gc,cpu       ] GC(432) User=0.09s Sys=0.00s Real=0.01s
[2020-10-07T09:44:30.509+0000][38832][safepoint    ] Safepoint "G1Concurrent", Time since last: 192831600 ns, Reaching safepoint: 182100 ns, At safepoint: 8687000 ns, Total: 8869100 ns
[2020-10-07T09:44:30.509+0000][38832][gc,marking   ] GC(432) Concurrent Rebuild Remembered Sets
[2020-10-07T09:44:30.606+0000][38832][gc,marking   ] GC(432) Concurrent Rebuild Remembered Sets 97.070ms
[2020-10-07T09:44:30.606+0000][38832][gc,start     ] GC(432) Pause Cleanup
[2020-10-07T09:44:30.607+0000][38832][gc           ] GC(432) Pause Cleanup 601M->601M(1024M) 0.443ms
[2020-10-07T09:44:30.607+0000][38832][gc,cpu       ] GC(432) User=0.00s Sys=0.00s Real=0.00s
[2020-10-07T09:44:30.607+0000][38832][safepoint    ] Safepoint "G1Concurrent", Time since last: 97336500 ns, Reaching safepoint: 186700 ns, At safepoint: 669500 ns, Total: 856200 ns
[2020-10-07T09:44:30.607+0000][38832][gc,marking   ] GC(432) Concurrent Cleanup for Next Mark
[2020-10-07T09:44:30.609+0000][38832][gc,marking   ] GC(432) Concurrent Cleanup for Next Mark 1.880ms
[2020-10-07T09:44:30.609+0000][38832][gc           ] GC(432) Concurrent Cycle 302.589ms
[2020-10-07T09:44:30.664+0000][38832][gc,start     ] GC(433) Pause Young (Concurrent Start) (G1 Humongous Allocation)
[2020-10-07T09:44:30.664+0000][38832][gc,task      ] GC(433) Using 8 workers of 8 for evacuation
[2020-10-07T09:44:30.664+0000][38832][gc,age       ] GC(433) Desired survivor size 32505856 bytes, new threshold 15 (max threshold 15)
[2020-10-07T09:44:30.669+0000][38832][gc,age       ] GC(433) Age table with threshold 15 (max threshold 15)
[2020-10-07T09:44:30.669+0000][38832][gc,age       ] GC(433) - age   1:    4070920 bytes,    4070920 total
[2020-10-07T09:44:30.669+0000][38832][gc,age       ] GC(433) - age   2:     207912 bytes,    4278832 total
[2020-10-07T09:44:30.669+0000][38832][gc,age       ] GC(433) - age   3:      36704 bytes,    4315536 total
[2020-10-07T09:44:30.669+0000][38832][gc,age       ] GC(433) - age   4:       5000 bytes,    4320536 total
[2020-10-07T09:44:30.669+0000][38832][gc,age       ] GC(433) - age   5:       1088 bytes,    4321624 total
[2020-10-07T09:44:30.669+0000][38832][gc,age       ] GC(433) - age   6:       9488 bytes,    4331112 total
[2020-10-07T09:44:30.669+0000][38832][gc,age       ] GC(433) - age   7:        664 bytes,    4331776 total
[2020-10-07T09:44:30.669+0000][38832][gc,age       ] GC(433) - age   8:       6440 bytes,    4338216 total
[2020-10-07T09:44:30.669+0000][38832][gc,age       ] GC(433) - age   9:        920 bytes,    4339136 total
[2020-10-07T09:44:30.669+0000][38832][gc,age       ] GC(433) - age  10:       8704 bytes,    4347840 total
[2020-10-07T09:44:30.669+0000][38832][gc,age       ] GC(433) - age  11:       2480 bytes,    4350320 total
[2020-10-07T09:44:30.669+0000][38832][gc,age       ] GC(433) - age  12:        248 bytes,    4350568 total
[2020-10-07T09:44:30.669+0000][38832][gc,age       ] GC(433) - age  13:        504 bytes,    4351072 total
[2020-10-07T09:44:30.669+0000][38832][gc,age       ] GC(433) - age  14:      17240 bytes,    4368312 total
[2020-10-07T09:44:30.670+0000][38832][gc,age       ] GC(433) - age  15:        280 bytes,    4368592 total
[2020-10-07T09:44:30.670+0000][38832][gc,phases    ] GC(433)   Pre Evacuate Collection Set: 0.5ms
[2020-10-07T09:44:30.670+0000][38832][gc,phases    ] GC(433)   Merge Heap Roots: 0.1ms
[2020-10-07T09:44:30.670+0000][38832][gc,phases    ] GC(433)   Evacuate Collection Set: 2.9ms
[2020-10-07T09:44:30.670+0000][38832][gc,phases    ] GC(433)   Post Evacuate Collection Set: 1.1ms
[2020-10-07T09:44:30.670+0000][38832][gc,phases    ] GC(433)   Other: 1.3ms
[2020-10-07T09:44:30.670+0000][38832][gc,heap      ] GC(433) Eden regions: 113->0(492)
[2020-10-07T09:44:30.670+0000][38832][gc,heap      ] GC(433) Survivor regions: 5->5(62)
[2020-10-07T09:44:30.670+0000][38832][gc,heap      ] GC(433) Old regions: 81->81
[2020-10-07T09:44:30.670+0000][38832][gc,heap      ] GC(433) Archive regions: 0->0
[2020-10-07T09:44:30.670+0000][38832][gc,heap      ] GC(433) Humongous regions: 420->174
[2020-10-07T09:44:30.670+0000][38832][gc,metaspace ] GC(433) Metaspace: 89924K(96000K)->89924K(96000K) NonClass: 78576K(82176K)->78576K(82176K) Class: 11348K(13824K)->11348K(13824K)
[2020-10-07T09:44:30.670+0000][38832][gc           ] GC(433) Pause Young (Concurrent Start) (G1 Humongous Allocation) 617M->258M(1024M) 6.496ms
[2020-10-07T09:44:30.670+0000][38832][gc,cpu       ] GC(433) User=0.00s Sys=0.00s Real=0.01s
[2020-10-07T09:44:30.670+0000][38832][gc           ] GC(434) Concurrent Cycle
[2020-10-07T09:44:30.670+0000][38832][safepoint    ] Safepoint "G1TryInitiateConcMark", Time since last: 56003200 ns, Reaching safepoint: 222700 ns, At safepoint: 6766500 ns, Total: 6989200 ns
[2020-10-07T09:44:30.670+0000][38832][gc,marking   ] GC(434) Concurrent Clear Claimed Marks
[2020-10-07T09:44:30.671+0000][38832][gc,marking   ] GC(434) Concurrent Clear Claimed Marks 0.598ms
[2020-10-07T09:44:30.671+0000][38832][gc,marking   ] GC(434) Concurrent Scan Root Regions
[2020-10-07T09:44:30.675+0000][38832][gc,marking   ] GC(434) Concurrent Scan Root Regions 3.875ms
[2020-10-07T09:44:30.675+0000][38832][gc,marking   ] GC(434) Concurrent Mark (145.881s)
[2020-10-07T09:44:30.675+0000][38832][gc,marking   ] GC(434) Concurrent Mark From Roots
[2020-10-07T09:44:30.675+0000][38832][gc,task      ] GC(434) Using 2 workers of 2 for marking
[2020-10-07T09:44:30.854+0000][38832][gc,marking   ] GC(434) Concurrent Mark From Roots 178.885ms
[2020-10-07T09:44:30.854+0000][38832][gc,marking   ] GC(434) Concurrent Preclean
[2020-10-07T09:44:30.855+0000][38832][gc,marking   ] GC(434) Concurrent Preclean 1.048ms
[2020-10-07T09:44:30.855+0000][38832][gc,marking   ] GC(434) Concurrent Mark (145.881s, 146.061s) 180.157ms
[2020-10-07T09:44:30.856+0000][38832][gc,start     ] GC(434) Pause Remark
[2020-10-07T09:44:30.864+0000][38832][gc           ] GC(434) Pause Remark 391M->391M(1024M) 7.868ms
[2020-10-07T09:44:30.864+0000][38832][gc,cpu       ] GC(434) User=0.00s Sys=0.00s Real=0.01s
[2020-10-07T09:44:30.864+0000][38832][safepoint    ] Safepoint "G1Concurrent", Time since last: 185041100 ns, Reaching safepoint: 178800 ns, At safepoint: 8171800 ns, Total: 8350600 ns
[2020-10-07T09:44:30.864+0000][38832][gc,marking   ] GC(434) Concurrent Rebuild Remembered Sets
[2020-10-07T09:44:30.975+0000][38832][gc,marking   ] GC(434) Concurrent Rebuild Remembered Sets 110.771ms
[2020-10-07T09:44:30.975+0000][38832][gc,start     ] GC(434) Pause Cleanup
[2020-10-07T09:44:30.975+0000][38832][gc           ] GC(434) Pause Cleanup 466M->466M(1024M) 0.411ms
[2020-10-07T09:44:30.976+0000][38832][gc,cpu       ] GC(434) User=0.00s Sys=0.00s Real=0.00s
[2020-10-07T09:44:30.976+0000][38832][safepoint    ] Safepoint "G1Concurrent", Time since last: 110967500 ns, Reaching safepoint: 215100 ns, At safepoint: 697100 ns, Total: 912200 ns
[2020-10-07T09:44:30.976+0000][38832][gc,marking   ] GC(434) Concurrent Cleanup for Next Mark
[2020-10-07T09:44:30.978+0000][38832][gc,marking   ] GC(434) Concurrent Cleanup for Next Mark 1.810ms
[2020-10-07T09:44:30.978+0000][38832][gc           ] GC(434) Concurrent Cycle 307.335ms
[2020-10-07T09:44:30.982+0000][38832][gc,start     ] GC(435) Pause Young (Concurrent Start) (G1 Humongous Allocation)
[2020-10-07T09:44:30.982+0000][38832][gc,task      ] GC(435) Using 8 workers of 8 for evacuation
[2020-10-07T09:44:30.982+0000][38832][gc,age       ] GC(435) Desired survivor size 33030144 bytes, new threshold 15 (max threshold 15)
[2020-10-07T09:44:30.986+0000][38832][gc,age       ] GC(435) Age table with threshold 15 (max threshold 15)
[2020-10-07T09:44:30.986+0000][38832][gc,age       ] GC(435) - age   1:    3477976 bytes,    3477976 total
[2020-10-07T09:44:30.987+0000][38832][gc,age       ] GC(435) - age   2:     804120 bytes,    4282096 total
[2020-10-07T09:44:30.987+0000][38832][gc,age       ] GC(435) - age   3:       6448 bytes,    4288544 total
[2020-10-07T09:44:30.987+0000][38832][gc,age       ] GC(435) - age   4:      36144 bytes,    4324688 total
[2020-10-07T09:44:30.987+0000][38832][gc,age       ] GC(435) - age   5:       4808 bytes,    4329496 total
[2020-10-07T09:44:30.987+0000][38832][gc,age       ] GC(435) - age   6:        928 bytes,    4330424 total
[2020-10-07T09:44:30.987+0000][38832][gc,age       ] GC(435) - age   7:       9488 bytes,    4339912 total
[2020-10-07T09:44:30.987+0000][38832][gc,age       ] GC(435) - age   8:        664 bytes,    4340576 total
[2020-10-07T09:44:30.987+0000][38832][gc,age       ] GC(435) - age   9:       6440 bytes,    4347016 total
[2020-10-07T09:44:30.987+0000][38832][gc,age       ] GC(435) - age  10:        856 bytes,    4347872 total
[2020-10-07T09:44:30.987+0000][38832][gc,age       ] GC(435) - age  11:       8672 bytes,    4356544 total
[2020-10-07T09:44:30.987+0000][38832][gc,age       ] GC(435) - age  12:       2328 bytes,    4358872 total
[2020-10-07T09:44:30.987+0000][38832][gc,age       ] GC(435) - age  13:        120 bytes,    4358992 total
[2020-10-07T09:44:30.987+0000][38832][gc,age       ] GC(435) - age  14:        416 bytes,    4359408 total
[2020-10-07T09:44:30.987+0000][38832][gc,age       ] GC(435) - age  15:      17240 bytes,    4376648 total
[2020-10-07T09:44:30.987+0000][38832][gc,phases    ] GC(435)   Pre Evacuate Collection Set: 0.5ms
[2020-10-07T09:44:30.987+0000][38832][gc,phases    ] GC(435)   Merge Heap Roots: 0.1ms
[2020-10-07T09:44:30.987+0000][38832][gc,phases    ] GC(435)   Evacuate Collection Set: 2.8ms
[2020-10-07T09:44:30.987+0000][38832][gc,phases    ] GC(435)   Post Evacuate Collection Set: 1.0ms
[2020-10-07T09:44:30.987+0000][38832][gc,phases    ] GC(435)   Other: 1.2ms
[2020-10-07T09:44:30.987+0000][38832][gc,heap      ] GC(435) Eden regions: 59->0(493)
[2020-10-07T09:44:30.988+0000][38832][gc,heap      ] GC(435) Survivor regions: 5->5(63)
[2020-10-07T09:44:30.988+0000][38832][gc,heap      ] GC(435) Old regions: 81->81
[2020-10-07T09:44:30.988+0000][38832][gc,heap      ] GC(435) Archive regions: 0->0
[2020-10-07T09:44:30.988+0000][38832][gc,heap      ] GC(435) Humongous regions: 324->174
[2020-10-07T09:44:30.988+0000][38832][gc,metaspace ] GC(435) Metaspace: 89924K(96000K)->89924K(96000K) NonClass: 78576K(82176K)->78576K(82176K) Class: 11348K(13824K)->11348K(13824K)
[2020-10-07T09:44:30.988+0000][38832][gc           ] GC(435) Pause Young (Concurrent Start) (G1 Humongous Allocation) 467M->258M(1024M) 6.088ms
[2020-10-07T09:44:30.988+0000][38832][gc,cpu       ] GC(435) User=0.00s Sys=0.00s Real=0.01s
[2020-10-07T09:44:30.988+0000][38832][gc           ] GC(436) Concurrent Cycle
[2020-10-07T09:44:30.988+0000][38832][safepoint    ] Safepoint "G1TryInitiateConcMark", Time since last: 5800100 ns, Reaching safepoint: 184300 ns, At safepoint: 6324500 ns, Total: 6508800 ns
[2020-10-07T09:44:30.988+0000][38832][gc,marking   ] GC(436) Concurrent Clear Claimed Marks
[2020-10-07T09:44:30.989+0000][38832][gc,marking   ] GC(436) Concurrent Clear Claimed Marks 0.626ms
[2020-10-07T09:44:30.989+0000][38832][gc,marking   ] GC(436) Concurrent Scan Root Regions
[2020-10-07T09:44:30.993+0000][38832][gc,marking   ] GC(436) Concurrent Scan Root Regions 4.626ms
[2020-10-07T09:44:30.994+0000][38832][gc,marking   ] GC(436) Concurrent Mark (146.199s)
[2020-10-07T09:44:30.994+0000][38832][gc,marking   ] GC(436) Concurrent Mark From Roots
[2020-10-07T09:44:30.994+0000][38832][gc,task      ] GC(436) Using 2 workers of 2 for marking
[2020-10-07T09:44:31.180+0000][38832][gc,marking   ] GC(436) Concurrent Mark From Roots 186.047ms
[2020-10-07T09:44:31.180+0000][38832][gc,marking   ] GC(436) Concurrent Preclean
[2020-10-07T09:44:31.181+0000][38832][gc,marking   ] GC(436) Concurrent Preclean 1.038ms
[2020-10-07T09:44:31.181+0000][38832][gc,marking   ] GC(436) Concurrent Mark (146.199s, 146.386s) 187.368ms
[2020-10-07T09:44:31.182+0000][38832][gc,start     ] GC(436) Pause Remark
[2020-10-07T09:44:31.189+0000][38832][gc           ] GC(436) Pause Remark 333M->333M(1024M) 7.639ms
[2020-10-07T09:44:31.189+0000][38832][gc,cpu       ] GC(436) User=0.00s Sys=0.00s Real=0.01s
[2020-10-07T09:44:31.190+0000][38832][safepoint    ] Safepoint "G1Concurrent", Time since last: 193090100 ns, Reaching safepoint: 176700 ns, At safepoint: 7937800 ns, Total: 8114500 ns
[2020-10-07T09:44:31.190+0000][38832][gc,marking   ] GC(436) Concurrent Rebuild Remembered Sets
[2020-10-07T09:44:31.293+0000][38832][gc,marking   ] GC(436) Concurrent Rebuild Remembered Sets 103.552ms
[2020-10-07T09:44:31.293+0000][38832][gc,start     ] GC(436) Pause Cleanup
[2020-10-07T09:44:31.294+0000][38832][gc           ] GC(436) Pause Cleanup 395M->395M(1024M) 0.530ms
[2020-10-07T09:44:31.294+0000][38832][gc,cpu       ] GC(436) User=0.00s Sys=0.00s Real=0.00s
[2020-10-07T09:44:31.295+0000][38832][safepoint    ] Safepoint "G1Concurrent", Time since last: 103856500 ns, Reaching safepoint: 362400 ns, At safepoint: 2101600 ns, Total: 2464000 ns
[2020-10-07T09:44:31.295+0000][38832][gc,marking   ] GC(436) Concurrent Cleanup for Next Mark
[2020-10-07T09:44:31.297+0000][38832][gc,marking   ] GC(436) Concurrent Cleanup for Next Mark 1.790ms
[2020-10-07T09:44:31.297+0000][38832][gc           ] GC(436) Concurrent Cycle 309.536ms
[2020-10-07T09:44:31.427+0000][38832][gc,start     ] GC(437) Pause Young (Concurrent Start) (G1 Humongous Allocation)
[2020-10-07T09:44:31.427+0000][38832][gc,task      ] GC(437) Using 8 workers of 8 for evacuation
[2020-10-07T09:44:31.427+0000][38832][gc,age       ] GC(437) Desired survivor size 33030144 bytes, new threshold 15 (max threshold 15)
[2020-10-07T09:44:31.431+0000][38832][gc,age       ] GC(437) Age table with threshold 15 (max threshold 15)
[2020-10-07T09:44:31.431+0000][38832][gc,age       ] GC(437) - age   1:    2596880 bytes,    2596880 total
[2020-10-07T09:44:31.431+0000][38832][gc,age       ] GC(437) - age   2:       3424 bytes,    2600304 total
[2020-10-07T09:44:31.431+0000][38832][gc,age       ] GC(437) - age   3:       4344 bytes,    2604648 total
[2020-10-07T09:44:31.431+0000][38832][gc,age       ] GC(437) - age   4:       4528 bytes,    2609176 total
[2020-10-07T09:44:31.431+0000][38832][gc,age       ] GC(437) - age   5:      35040 bytes,    2644216 total
[2020-10-07T09:44:31.431+0000][38832][gc,age       ] GC(437) - age   6:       4688 bytes,    2648904 total
[2020-10-07T09:44:31.431+0000][38832][gc,age       ] GC(437) - age   7:        928 bytes,    2649832 total
[2020-10-07T09:44:31.431+0000][38832][gc,age       ] GC(437) - age   8:       9488 bytes,    2659320 total
[2020-10-07T09:44:31.431+0000][38832][gc,age       ] GC(437) - age   9:        664 bytes,    2659984 total
[2020-10-07T09:44:31.431+0000][38832][gc,age       ] GC(437) - age  10:       6440 bytes,    2666424 total
[2020-10-07T09:44:31.431+0000][38832][gc,age       ] GC(437) - age  11:        856 bytes,    2667280 total
[2020-10-07T09:44:31.431+0000][38832][gc,age       ] GC(437) - age  12:       8672 bytes,    2675952 total
[2020-10-07T09:44:31.431+0000][38832][gc,age       ] GC(437) - age  13:       2328 bytes,    2678280 total
[2020-10-07T09:44:31.431+0000][38832][gc,age       ] GC(437) - age  14:        120 bytes,    2678400 total
[2020-10-07T09:44:31.431+0000][38832][gc,age       ] GC(437) - age  15:        416 bytes,    2678816 total
[2020-10-07T09:44:31.431+0000][38832][gc,phases    ] GC(437)   Pre Evacuate Collection Set: 0.5ms
[2020-10-07T09:44:31.431+0000][38832][gc,phases    ] GC(437)   Merge Heap Roots: 0.1ms
[2020-10-07T09:44:31.431+0000][38832][gc,phases    ] GC(437)   Evacuate Collection Set: 2.1ms
[2020-10-07T09:44:31.431+0000][38832][gc,phases    ] GC(437)   Post Evacuate Collection Set: 0.8ms
[2020-10-07T09:44:31.432+0000][38832][gc,phases    ] GC(437)   Other: 1.0ms
[2020-10-07T09:44:31.432+0000][38832][gc,heap      ] GC(437) Eden regions: 50->0(497)
[2020-10-07T09:44:31.432+0000][38832][gc,heap      ] GC(437) Survivor regions: 5->3(63)
[2020-10-07T09:44:31.432+0000][38832][gc,heap      ] GC(437) Old regions: 81->81
[2020-10-07T09:44:31.432+0000][38832][gc,heap      ] GC(437) Archive regions: 0->0
[2020-10-07T09:44:31.432+0000][38832][gc,heap      ] GC(437) Humongous regions: 274->174
[2020-10-07T09:44:31.432+0000][38832][gc,metaspace ] GC(437) Metaspace: 89929K(96000K)->89929K(96000K) NonClass: 78581K(82176K)->78581K(82176K) Class: 11348K(13824K)->11348K(13824K)
[2020-10-07T09:44:31.432+0000][38832][gc           ] GC(437) Pause Young (Concurrent Start) (G1 Humongous Allocation) 408M->257M(1024M) 5.025ms
[2020-10-07T09:44:31.432+0000][38832][gc,cpu       ] GC(437) User=0.02s Sys=0.00s Real=0.00s
[2020-10-07T09:44:31.432+0000][38832][gc           ] GC(438) Concurrent Cycle
[2020-10-07T09:44:31.432+0000][38832][safepoint    ] Safepoint "G1TryInitiateConcMark", Time since last: 131529400 ns, Reaching safepoint: 158800 ns, At safepoint: 5285100 ns, Total: 5443900 ns
[2020-10-07T09:44:31.432+0000][38832][gc,marking   ] GC(438) Concurrent Clear Claimed Marks
[2020-10-07T09:44:31.433+0000][38832][gc,marking   ] GC(438) Concurrent Clear Claimed Marks 0.587ms
[2020-10-07T09:44:31.433+0000][38832][gc,marking   ] GC(438) Concurrent Scan Root Regions
[2020-10-07T09:44:31.435+0000][38832][gc,marking   ] GC(438) Concurrent Scan Root Regions 2.242ms
[2020-10-07T09:44:31.435+0000][38832][gc,marking   ] GC(438) Concurrent Mark (146.641s)
[2020-10-07T09:44:31.435+0000][38832][gc,marking   ] GC(438) Concurrent Mark From Roots
[2020-10-07T09:44:31.435+0000][38832][gc,task      ] GC(438) Using 2 workers of 2 for marking
[2020-10-07T09:44:31.603+0000][38832][gc,marking   ] GC(438) Concurrent Mark From Roots 167.972ms
[2020-10-07T09:44:31.603+0000][38832][gc,marking   ] GC(438) Concurrent Preclean
[2020-10-07T09:44:31.604+0000][38832][gc,marking   ] GC(438) Concurrent Preclean 0.952ms
[2020-10-07T09:44:31.604+0000][38832][gc,marking   ] GC(438) Concurrent Mark (146.641s, 146.810s) 169.160ms
[2020-10-07T09:44:31.605+0000][38832][gc,start     ] GC(438) Pause Remark
[2020-10-07T09:44:31.613+0000][38832][gc           ] GC(438) Pause Remark 322M->322M(1024M) 7.862ms
[2020-10-07T09:44:31.613+0000][38832][gc,cpu       ] GC(438) User=0.00s Sys=0.00s Real=0.01s
[2020-10-07T09:44:31.613+0000][38832][safepoint    ] Safepoint "G1Concurrent", Time since last: 172413800 ns, Reaching safepoint: 177500 ns, At safepoint: 8128600 ns, Total: 8306100 ns
[2020-10-07T09:44:31.613+0000][38832][gc,marking   ] GC(438) Concurrent Rebuild Remembered Sets
[2020-10-07T09:44:31.716+0000][38832][gc,marking   ] GC(438) Concurrent Rebuild Remembered Sets 103.178ms
[2020-10-07T09:44:31.717+0000][38832][gc,start     ] GC(438) Pause Cleanup
[2020-10-07T09:44:31.717+0000][38832][gc           ] GC(438) Pause Cleanup 324M->324M(1024M) 0.362ms
[2020-10-07T09:44:31.717+0000][38832][gc,cpu       ] GC(438) User=0.00s Sys=0.00s Real=0.00s
[2020-10-07T09:44:31.717+0000][38832][safepoint    ] Safepoint "G1Concurrent", Time since last: 103391300 ns, Reaching safepoint: 212400 ns, At safepoint: 583400 ns, Total: 795800 ns
[2020-10-07T09:44:31.717+0000][38832][gc,marking   ] GC(438) Concurrent Cleanup for Next Mark
[2020-10-07T09:44:31.719+0000][38832][gc,marking   ] GC(438) Concurrent Cleanup for Next Mark 1.928ms
[2020-10-07T09:44:31.719+0000][38832][gc           ] GC(438) Concurrent Cycle 287.054ms
[2020-10-07T09:44:32.034+0000][38832][safepoint    ] Safepoint "BulkRevokeBias", Time since last: 313727000 ns, Reaching safepoint: 167300 ns, At safepoint: 2120300 ns, Total: 2287600 ns
[2020-10-07T09:44:32.036+0000][38832][safepoint    ] Safepoint "BulkRevokeBias", Time since last: 1132400 ns, Reaching safepoint: 149600 ns, At safepoint: 2109300 ns, Total: 2258900 ns
[2020-10-07T09:44:32.039+0000][38832][safepoint    ] Safepoint "BulkRevokeBias", Time since last: 528600 ns, Reaching safepoint: 178900 ns, At safepoint: 2047500 ns, Total: 2226400 ns
[2020-10-07T09:44:32.068+0000][38832][safepoint    ] Safepoint "BulkRevokeBias", Time since last: 26669200 ns, Reaching safepoint: 160300 ns, At safepoint: 1967300 ns, Total: 2127600 ns
[2020-10-07T09:44:32.071+0000][38832][safepoint    ] Safepoint "BulkRevokeBias", Time since last: 164100 ns, Reaching safepoint: 136800 ns, At safepoint: 2408300 ns, Total: 2545100 ns
[2020-10-07T09:44:32.073+0000][38832][safepoint    ] Safepoint "BulkRevokeBias", Time since last: 432900 ns, Reaching safepoint: 144000 ns, At safepoint: 2131800 ns, Total: 2275800 ns
[2020-10-07T09:44:33.074+0000][38832][safepoint    ] Safepoint "Cleanup", Time since last: 1000012900 ns, Reaching safepoint: 315200 ns, At safepoint: 30400 ns, Total: 345600 ns
[2020-10-07T09:44:35.074+0000][38832][safepoint    ] Safepoint "Cleanup", Time since last: 1999809900 ns, Reaching safepoint: 146400 ns, At safepoint: 9800 ns, Total: 156200 ns
[2020-10-07T09:44:47.080+0000][38832][safepoint    ] Safepoint "Cleanup", Time since last: 12004961600 ns, Reaching safepoint: 109900 ns, At safepoint: 7000 ns, Total: 116900 ns
[2020-10-07T09:45:04.088+0000][38832][safepoint    ] Safepoint "Cleanup", Time since last: 17008393300 ns, Reaching safepoint: 179600 ns, At safepoint: 9500 ns, Total: 189100 ns
[2020-10-07T09:45:43.109+0000][38832][safepoint    ] Safepoint "Cleanup", Time since last: 39020254600 ns, Reaching safepoint: 108200 ns, At safepoint: 6800 ns, Total: 115000 ns
[2020-10-07T09:47:41.173+0000][38832][safepoint    ] Safepoint "Cleanup", Time since last: 118063723000 ns, Reaching safepoint: 139100 ns, At safepoint: 6900 ns, Total: 146000 ns
[2020-10-07T09:48:25.195+0000][38832][safepoint    ] Safepoint "Cleanup", Time since last: 44021880200 ns, Reaching safepoint: 148300 ns, At safepoint: 7900 ns, Total: 156200 ns
[2020-10-07T09:48:26.195+0000][38832][safepoint    ] Safepoint "Cleanup", Time since last: 1000133300 ns, Reaching safepoint: 177600 ns, At safepoint: 6200 ns, Total: 183800 ns
[2020-10-07T09:49:38.231+0000][38832][safepoint    ] Safepoint "Cleanup", Time since last: 72035149700 ns, Reaching safepoint: 98400 ns, At safepoint: 4300 ns, Total: 102700 ns
[2020-10-07T09:50:12.249+0000][38832][safepoint    ] Safepoint "Cleanup", Time since last: 34017621800 ns, Reaching safepoint: 150700 ns, At safepoint: 12000 ns, Total: 162700 ns
[2020-10-07T09:51:40.293+0000][38832][safepoint    ] Safepoint "Cleanup", Time since last: 88043459100 ns, Reaching safepoint: 126000 ns, At safepoint: 8000 ns, Total: 134000 ns
[2020-10-07T09:52:29.318+0000][38832][safepoint    ] Safepoint "Cleanup", Time since last: 49024812800 ns, Reaching safepoint: 171100 ns, At safepoint: 8200 ns, Total: 179300 ns
[2020-10-07T09:52:48.327+0000][38832][safepoint    ] Safepoint "Cleanup", Time since last: 19008993300 ns, Reaching safepoint: 140700 ns, At safepoint: 5300 ns, Total: 146000 ns
[2020-10-07T09:53:06.336+0000][38832][safepoint    ] Safepoint "Cleanup", Time since last: 18008657500 ns, Reaching safepoint: 120800 ns, At safepoint: 6800 ns, Total: 127600 ns
[2020-10-07T09:54:34.382+0000][38832][safepoint    ] Safepoint "Cleanup", Time since last: 88045813400 ns, Reaching safepoint: 134600 ns, At safepoint: 8100 ns, Total: 142700 ns
[2020-10-07T09:54:41.386+0000][38832][safepoint    ] Safepoint "Cleanup", Time since last: 7004389800 ns, Reaching safepoint: 117800 ns, At safepoint: 6700 ns, Total: 124500 ns
[2020-10-07T10:02:59.625+0000][38832][safepoint    ] Safepoint "Cleanup", Time since last: 498237354900 ns, Reaching safepoint: 157700 ns, At safepoint: 17300 ns, Total: 175000 ns
[2020-10-07T10:03:45.647+0000][38832][safepoint    ] Safepoint "Cleanup", Time since last: 46021886100 ns, Reaching safepoint: 121500 ns, At safepoint: 5300 ns, Total: 126800 ns
[2020-10-07T10:03:52.649+0000][38832][safepoint    ] Safepoint "Cleanup", Time since last: 7002498200 ns, Reaching safepoint: 93800 ns, At safepoint: 7300 ns, Total: 101100 ns
[2020-10-07T10:04:15.661+0000][38832][safepoint    ] Safepoint "Cleanup", Time since last: 23011233000 ns, Reaching safepoint: 132900 ns, At safepoint: 6300 ns, Total: 139200 ns
[2020-10-07T10:04:17.662+0000][38832][safepoint    ] Safepoint "Cleanup", Time since last: 2000601500 ns, Reaching safepoint: 172200 ns, At safepoint: 5800 ns, Total: 178000 ns
[2020-10-07T10:04:47.675+0000][38832][safepoint    ] Safepoint "Cleanup", Time since last: 30013418200 ns, Reaching safepoint: 114800 ns, At safepoint: 2900 ns, Total: 117700 ns
[2020-10-07T10:04:51.677+0000][38832][safepoint    ] Safepoint "Cleanup", Time since last: 4001714200 ns, Reaching safepoint: 93500 ns, At safepoint: 5800 ns, Total: 99300 ns
[2020-10-07T10:08:20.778+0000][38832][safepoint    ] Safepoint "Cleanup", Time since last: 209100645600 ns, Reaching safepoint: 135300 ns, At safepoint: 2900 ns, Total: 138200 ns
[2020-10-07T10:09:06.804+0000][38832][safepoint    ] Safepoint "Cleanup", Time since last: 46025795300 ns, Reaching safepoint: 144200 ns, At safepoint: 5200 ns, Total: 149400 ns
[2020-10-07T10:13:02.925+0000][38832][safepoint    ] Safepoint "Cleanup", Time since last: 236120939700 ns, Reaching safepoint: 109400 ns, At safepoint: 5700 ns, Total: 115100 ns
[2020-10-07T10:17:43.087+0000][38832][gc,start     ] GC(439) Pause Young (Normal) (G1 Evacuation Pause)
[2020-10-07T10:17:43.087+0000][38832][gc,task      ] GC(439) Using 8 workers of 8 for evacuation
[2020-10-07T10:17:43.088+0000][38832][gc,age       ] GC(439) Desired survivor size 33030144 bytes, new threshold 15 (max threshold 15)
[2020-10-07T10:17:43.100+0000][38832][gc,age       ] GC(439) Age table with threshold 15 (max threshold 15)
[2020-10-07T10:17:43.100+0000][38832][gc,age       ] GC(439) - age   1:     105272 bytes,     105272 total
[2020-10-07T10:17:43.100+0000][38832][gc,age       ] GC(439) - age   2:       8344 bytes,     113616 total
[2020-10-07T10:17:43.101+0000][38832][gc,age       ] GC(439) - age   3:       2816 bytes,     116432 total
[2020-10-07T10:17:43.101+0000][38832][gc,age       ] GC(439) - age   4:       3008 bytes,     119440 total
[2020-10-07T10:17:43.101+0000][38832][gc,age       ] GC(439) - age   5:       4312 bytes,     123752 total
[2020-10-07T10:17:43.101+0000][38832][gc,age       ] GC(439) - age   6:      31672 bytes,     155424 total
[2020-10-07T10:17:43.101+0000][38832][gc,age       ] GC(439) - age   7:       3440 bytes,     158864 total
[2020-10-07T10:17:43.101+0000][38832][gc,age       ] GC(439) - age   8:        864 bytes,     159728 total
[2020-10-07T10:17:43.101+0000][38832][gc,age       ] GC(439) - age   9:       3256 bytes,     162984 total
[2020-10-07T10:17:43.101+0000][38832][gc,age       ] GC(439) - age  10:        512 bytes,     163496 total
[2020-10-07T10:17:43.101+0000][38832][gc,age       ] GC(439) - age  11:       6288 bytes,     169784 total
[2020-10-07T10:17:43.101+0000][38832][gc,age       ] GC(439) - age  12:        792 bytes,     170576 total
[2020-10-07T10:17:43.101+0000][38832][gc,age       ] GC(439) - age  13:       8520 bytes,     179096 total
[2020-10-07T10:17:43.101+0000][38832][gc,age       ] GC(439) - age  14:       1320 bytes,     180416 total
[2020-10-07T10:17:43.101+0000][38832][gc,age       ] GC(439) - age  15:         56 bytes,     180472 total
[2020-10-07T10:17:43.101+0000][38832][gc,phases    ] GC(439)   Pre Evacuate Collection Set: 0.5ms
[2020-10-07T10:17:43.101+0000][38832][gc,phases    ] GC(439)   Merge Heap Roots: 0.5ms
[2020-10-07T10:17:43.101+0000][38832][gc,phases    ] GC(439)   Evacuate Collection Set: 8.0ms
[2020-10-07T10:17:43.101+0000][38832][gc,phases    ] GC(439)   Post Evacuate Collection Set: 3.4ms
[2020-10-07T10:17:43.101+0000][38832][gc,phases    ] GC(439)   Other: 10.2ms
[2020-10-07T10:17:43.101+0000][38832][gc,heap      ] GC(439) Eden regions: 497->0(502)
[2020-10-07T10:17:43.101+0000][38832][gc,heap      ] GC(439) Survivor regions: 3->1(63)
[2020-10-07T10:17:43.101+0000][38832][gc,heap      ] GC(439) Old regions: 81->81
[2020-10-07T10:17:43.101+0000][38832][gc,heap      ] GC(439) Archive regions: 0->0
[2020-10-07T10:17:43.101+0000][38832][gc,heap      ] GC(439) Humongous regions: 222->174
[2020-10-07T10:17:43.101+0000][38832][gc,metaspace ] GC(439) Metaspace: 90057K(96000K)->90057K(96000K) NonClass: 78698K(82176K)->78698K(82176K) Class: 11358K(13824K)->11358K(13824K)
[2020-10-07T10:17:43.102+0000][38832][gc           ] GC(439) Pause Young (Normal) (G1 Evacuation Pause) 802M->254M(1024M) 15.001ms
[2020-10-07T10:17:43.102+0000][38832][gc,cpu       ] GC(439) User=0.00s Sys=0.02s Real=0.02s
[2020-10-07T10:17:43.102+0000][38832][safepoint    ] Safepoint "G1CollectForAllocation", Time since last: 280152826600 ns, Reaching safepoint: 293400 ns, At safepoint: 23485300 ns, Total: 23778700 ns
[2020-10-07T10:18:44.134+0000][38832][safepoint    ] Safepoint "Cleanup", Time since last: 61031845300 ns, Reaching safepoint: 112400 ns, At safepoint: 7100 ns, Total: 119500 ns
[2020-10-07T10:19:26.155+0000][38832][safepoint    ] Safepoint "Cleanup", Time since last: 42020790900 ns, Reaching safepoint: 145100 ns, At safepoint: 12300 ns, Total: 157400 ns
[2020-10-07T10:27:16.402+0000][38832][safepoint    ] Safepoint "Cleanup", Time since last: 470247145100 ns, Reaching safepoint: 193000 ns, At safepoint: 9600 ns, Total: 202600 ns
[2020-10-07T10:28:14.430+0000][38832][safepoint    ] Safepoint "Cleanup", Time since last: 58028012500 ns, Reaching safepoint: 131300 ns, At safepoint: 8700 ns, Total: 140000 ns
[2020-10-07T10:34:13.149+0000][38832][safepoint    ] Safepoint "Cleanup", Time since last: 358714421500 ns, Reaching safepoint: 2463700 ns, At safepoint: 481700 ns, Total: 2945400 ns
[2020-10-07T10:34:13.153+0000][38832][safepoint    ] Safepoint "BulkRevokeBias", Time since last: 145300 ns, Reaching safepoint: 680400 ns, At safepoint: 2533700 ns, Total: 3214100 ns
