[2020-09-16T10:43:16.583+0000][23660][gc,heap] Heap region size: 1M
[2020-09-16T10:43:16.583+0000][23660][gc,heap,coops] Heap address: 0x00000000c0000000, size: 1024 MB, Compressed Oops mode: 32-bit
[2020-09-16T10:43:17.040+0000][23660][gc           ] Using G1
[2020-09-16T10:43:17.066+0000][23660][gc           ] Periodic GC disabled
[2020-09-16T10:43:18.089+0000][23660][safepoint    ] Safepoint "Cleanup", Time since last: 1034235300 ns, Reaching safepoint: 171200 ns, At safepoint: 13200 ns, Total: 184400 ns
[2020-09-16T10:43:19.126+0000][23660][safepoint    ] Safepoint "Cleanup", Time since last: 1036712200 ns, Reaching safepoint: 161600 ns, At safepoint: 52200 ns, Total: 213800 ns
[2020-09-16T10:43:19.760+0000][23660][gc,start     ] GC(0) Pause Young (Normal) (G1 Evacuation Pause)
[2020-09-16T10:43:19.760+0000][23660][gc,task      ] GC(0) Using 8 workers of 8 for evacuation
[2020-09-16T10:43:19.760+0000][23660][gc,age       ] GC(0) Desired survivor size 3670016 bytes, new threshold 15 (max threshold 15)
[2020-09-16T10:43:19.787+0000][23660][gc,age       ] GC(0) Age table with threshold 15 (max threshold 15)
[2020-09-16T10:43:19.787+0000][23660][gc,age       ] GC(0) - age   1:    5132800 bytes,    5132800 total
[2020-09-16T10:43:19.787+0000][23660][gc,phases    ] GC(0)   Pre Evacuate Collection Set: 0.3ms
[2020-09-16T10:43:19.787+0000][23660][gc,phases    ] GC(0)   Merge Heap Roots: 0.1ms
[2020-09-16T10:43:19.787+0000][23660][gc,phases    ] GC(0)   Evacuate Collection Set: 24.9ms
[2020-09-16T10:43:19.787+0000][23660][gc,phases    ] GC(0)   Post Evacuate Collection Set: 1.0ms
[2020-09-16T10:43:19.787+0000][23660][gc,phases    ] GC(0)   Other: 1.3ms
[2020-09-16T10:43:19.787+0000][23660][gc,heap      ] GC(0) Eden regions: 51->0(56)
[2020-09-16T10:43:19.787+0000][23660][gc,heap      ] GC(0) Survivor regions: 0->5(7)
[2020-09-16T10:43:19.787+0000][23660][gc,heap      ] GC(0) Old regions: 0->0
[2020-09-16T10:43:19.787+0000][23660][gc,heap      ] GC(0) Archive regions: 0->0
[2020-09-16T10:43:19.787+0000][23660][gc,heap      ] GC(0) Humongous regions: 1->1
[2020-09-16T10:43:19.787+0000][23660][gc,metaspace ] GC(0) Metaspace: 12613K(13312K)->12613K(13312K) NonClass: 11076K(11520K)->11076K(11520K) Class: 1536K(1792K)->1536K(1792K)
[2020-09-16T10:43:19.787+0000][23660][gc           ] GC(0) Pause Young (Normal) (G1 Evacuation Pause) 52M->5M(1024M) 27.901ms
[2020-09-16T10:43:19.787+0000][23660][gc,cpu       ] GC(0) User=0.05s Sys=0.02s Real=0.03s
[2020-09-16T10:43:19.788+0000][23660][safepoint    ] Safepoint "G1CollectForAllocation", Time since last: 633396900 ns, Reaching safepoint: 156100 ns, At safepoint: 28107200 ns, Total: 28263300 ns
[2020-09-16T10:43:20.566+0000][23660][safepoint    ] Safepoint "BulkRevokeBias", Time since last: 778537200 ns, Reaching safepoint: 132400 ns, At safepoint: 108900 ns, Total: 241300 ns
[2020-09-16T10:43:21.005+0000][23660][gc,start     ] GC(1) Pause Young (Normal) (G1 Evacuation Pause)
[2020-09-16T10:43:21.005+0000][23660][gc,task      ] GC(1) Using 8 workers of 8 for evacuation
[2020-09-16T10:43:21.005+0000][23660][gc,age       ] GC(1) Desired survivor size 4194304 bytes, new threshold 1 (max threshold 15)
[2020-09-16T10:43:21.013+0000][23660][gc,age       ] GC(1) Age table with threshold 1 (max threshold 15)
[2020-09-16T10:43:21.013+0000][23660][gc,age       ] GC(1) - age   1:    1319912 bytes,    1319912 total
[2020-09-16T10:43:21.013+0000][23660][gc,phases    ] GC(1)   Pre Evacuate Collection Set: 0.2ms
[2020-09-16T10:43:21.013+0000][23660][gc,phases    ] GC(1)   Merge Heap Roots: 0.1ms
[2020-09-16T10:43:21.013+0000][23660][gc,phases    ] GC(1)   Evacuate Collection Set: 6.8ms
[2020-09-16T10:43:21.013+0000][23660][gc,phases    ] GC(1)   Post Evacuate Collection Set: 0.9ms
[2020-09-16T10:43:21.013+0000][23660][gc,phases    ] GC(1)   Other: 0.6ms
[2020-09-16T10:43:21.013+0000][23660][gc,heap      ] GC(1) Eden regions: 56->0(612)
[2020-09-16T10:43:21.013+0000][23660][gc,heap      ] GC(1) Survivor regions: 5->2(8)
[2020-09-16T10:43:21.013+0000][23660][gc,heap      ] GC(1) Old regions: 0->5
[2020-09-16T10:43:21.014+0000][23660][gc,heap      ] GC(1) Archive regions: 0->0
[2020-09-16T10:43:21.014+0000][23660][gc,heap      ] GC(1) Humongous regions: 1->1
[2020-09-16T10:43:21.014+0000][23660][gc,metaspace ] GC(1) Metaspace: 15259K(15872K)->15259K(15872K) NonClass: 13403K(13824K)->13403K(13824K) Class: 1855K(2048K)->1855K(2048K)
[2020-09-16T10:43:21.014+0000][23660][gc           ] GC(1) Pause Young (Normal) (G1 Evacuation Pause) 61M->7M(1024M) 9.156ms
[2020-09-16T10:43:21.014+0000][23660][gc,cpu       ] GC(1) User=0.02s Sys=0.00s Real=0.01s
[2020-09-16T10:43:21.014+0000][23660][safepoint    ] Safepoint "G1CollectForAllocation", Time since last: 438042400 ns, Reaching safepoint: 137200 ns, At safepoint: 9298800 ns, Total: 9436000 ns
[2020-09-16T10:43:21.014+0000][23660][safepoint    ] Safepoint "BulkRevokeBias", Time since last: 240300 ns, Reaching safepoint: 62100 ns, At safepoint: 111400 ns, Total: 173500 ns
[2020-09-16T10:43:21.019+0000][23660][safepoint    ] Safepoint "BulkRevokeBias", Time since last: 4739900 ns, Reaching safepoint: 47300 ns, At safepoint: 118900 ns, Total: 166200 ns
[2020-09-16T10:43:21.019+0000][23660][safepoint    ] Safepoint "BulkRevokeBias", Time since last: 142700 ns, Reaching safepoint: 47200 ns, At safepoint: 62900 ns, Total: 110100 ns
[2020-09-16T10:43:22.020+0000][23660][safepoint    ] Safepoint "Cleanup", Time since last: 1000157800 ns, Reaching safepoint: 124100 ns, At safepoint: 15900 ns, Total: 140000 ns
[2020-09-16T10:43:23.408+0000][23660][safepoint    ] Safepoint "Cleanup", Time since last: 1387828000 ns, Reaching safepoint: 160600 ns, At safepoint: 16800 ns, Total: 177400 ns
[2020-09-16T10:43:24.680+0000][23660][safepoint    ] Safepoint "Cleanup", Time since last: 1272588700 ns, Reaching safepoint: 95600 ns, At safepoint: 2800 ns, Total: 98400 ns
[2020-09-16T10:43:25.155+0000][23660][gc,start     ] GC(2) Pause Young (Concurrent Start) (Metadata GC Threshold)
[2020-09-16T10:43:25.155+0000][23660][gc,task      ] GC(2) Using 8 workers of 8 for evacuation
[2020-09-16T10:43:25.155+0000][23660][gc,age       ] GC(2) Desired survivor size 40370176 bytes, new threshold 15 (max threshold 15)
[2020-09-16T10:43:25.161+0000][23660][gc,age       ] GC(2) Age table with threshold 15 (max threshold 15)
[2020-09-16T10:43:25.161+0000][23660][gc,age       ] GC(2) - age   1:    6331432 bytes,    6331432 total
[2020-09-16T10:43:25.161+0000][23660][gc,age       ] GC(2) - age   2:    1285944 bytes,    7617376 total
[2020-09-16T10:43:25.161+0000][23660][gc,phases    ] GC(2)   Pre Evacuate Collection Set: 0.1ms
[2020-09-16T10:43:25.161+0000][23660][gc,phases    ] GC(2)   Merge Heap Roots: 0.1ms
[2020-09-16T10:43:25.161+0000][23660][gc,phases    ] GC(2)   Evacuate Collection Set: 4.2ms
[2020-09-16T10:43:25.161+0000][23660][gc,phases    ] GC(2)   Post Evacuate Collection Set: 0.9ms
[2020-09-16T10:43:25.161+0000][23660][gc,phases    ] GC(2)   Other: 0.6ms
[2020-09-16T10:43:25.161+0000][23660][gc,heap      ] GC(2) Eden regions: 345->0(529)
[2020-09-16T10:43:25.161+0000][23660][gc,heap      ] GC(2) Survivor regions: 2->8(77)
[2020-09-16T10:43:25.161+0000][23660][gc,heap      ] GC(2) Old regions: 5->5
[2020-09-16T10:43:25.161+0000][23660][gc,heap      ] GC(2) Archive regions: 0->0
[2020-09-16T10:43:25.161+0000][23660][gc,heap      ] GC(2) Humongous regions: 1->1
[2020-09-16T10:43:25.161+0000][23660][gc,metaspace ] GC(2) Metaspace: 20233K(21248K)->20233K(21248K) NonClass: 17832K(18432K)->17832K(18432K) Class: 2400K(2816K)->2400K(2816K)
[2020-09-16T10:43:25.162+0000][23660][gc           ] GC(2) Pause Young (Concurrent Start) (Metadata GC Threshold) 352M->13M(1024M) 6.546ms
[2020-09-16T10:43:25.162+0000][23660][gc,cpu       ] GC(2) User=0.00s Sys=0.00s Real=0.01s
[2020-09-16T10:43:25.162+0000][23660][gc           ] GC(3) Concurrent Cycle
[2020-09-16T10:43:25.162+0000][23660][gc,marking   ] GC(3) Concurrent Clear Claimed Marks
[2020-09-16T10:43:25.162+0000][23660][gc,marking   ] GC(3) Concurrent Clear Claimed Marks 0.067ms
[2020-09-16T10:43:25.162+0000][23660][gc,marking   ] GC(3) Concurrent Scan Root Regions
[2020-09-16T10:43:25.162+0000][23660][safepoint    ] Safepoint "CollectForMetadataAllocation", Time since last: 474434700 ns, Reaching safepoint: 102600 ns, At safepoint: 7014100 ns, Total: 7116700 ns
[2020-09-16T10:43:25.163+0000][23660][safepoint    ] Safepoint "BulkRevokeBias", Time since last: 1266400 ns, Reaching safepoint: 77500 ns, At safepoint: 199100 ns, Total: 276600 ns
[2020-09-16T10:43:25.166+0000][23660][gc,marking   ] GC(3) Concurrent Scan Root Regions 4.055ms
[2020-09-16T10:43:25.166+0000][23660][gc,marking   ] GC(3) Concurrent Mark (8.605s)
[2020-09-16T10:43:25.166+0000][23660][gc,marking   ] GC(3) Concurrent Mark From Roots
[2020-09-16T10:43:25.166+0000][23660][gc,task      ] GC(3) Using 2 workers of 2 for marking
[2020-09-16T10:43:25.168+0000][23660][safepoint    ] Safepoint "BulkRevokeBias", Time since last: 4224400 ns, Reaching safepoint: 203100 ns, At safepoint: 110400 ns, Total: 313500 ns
[2020-09-16T10:43:25.168+0000][23660][safepoint    ] Safepoint "BulkRevokeBias", Time since last: 106600 ns, Reaching safepoint: 200000 ns, At safepoint: 118900 ns, Total: 318900 ns
[2020-09-16T10:43:25.170+0000][23660][safepoint    ] Safepoint "BulkRevokeBias", Time since last: 1283700 ns, Reaching safepoint: 203900 ns, At safepoint: 109600 ns, Total: 313500 ns
[2020-09-16T10:43:25.175+0000][23660][gc,marking   ] GC(3) Concurrent Mark From Roots 8.715ms
[2020-09-16T10:43:25.175+0000][23660][gc,marking   ] GC(3) Concurrent Preclean
[2020-09-16T10:43:25.175+0000][23660][gc,marking   ] GC(3) Concurrent Preclean 0.213ms
[2020-09-16T10:43:25.175+0000][23660][gc,marking   ] GC(3) Concurrent Mark (8.605s, 8.614s) 9.045ms
[2020-09-16T10:43:25.175+0000][23660][gc,start     ] GC(3) Pause Remark
[2020-09-16T10:43:25.177+0000][23660][gc           ] GC(3) Pause Remark 15M->15M(1024M) 1.616ms
[2020-09-16T10:43:25.177+0000][23660][gc,cpu       ] GC(3) User=0.00s Sys=0.00s Real=0.00s
[2020-09-16T10:43:25.177+0000][23660][safepoint    ] Safepoint "G1Concurrent", Time since last: 5014900 ns, Reaching safepoint: 99200 ns, At safepoint: 1768700 ns, Total: 1867900 ns
[2020-09-16T10:43:25.177+0000][23660][gc,marking   ] GC(3) Concurrent Rebuild Remembered Sets
[2020-09-16T10:43:25.181+0000][23660][gc,marking   ] GC(3) Concurrent Rebuild Remembered Sets 3.814ms
[2020-09-16T10:43:25.181+0000][23660][gc,start     ] GC(3) Pause Cleanup
[2020-09-16T10:43:25.182+0000][23660][gc           ] GC(3) Pause Cleanup 15M->15M(1024M) 0.192ms
[2020-09-16T10:43:25.182+0000][23660][gc,cpu       ] GC(3) User=0.00s Sys=0.00s Real=0.00s
[2020-09-16T10:43:25.182+0000][23660][safepoint    ] Safepoint "G1Concurrent", Time since last: 3992400 ns, Reaching safepoint: 430300 ns, At safepoint: 308800 ns, Total: 739100 ns
[2020-09-16T10:43:25.182+0000][23660][gc,marking   ] GC(3) Concurrent Cleanup for Next Mark
[2020-09-16T10:43:25.183+0000][23660][gc,marking   ] GC(3) Concurrent Cleanup for Next Mark 1.508ms
[2020-09-16T10:43:25.183+0000][23660][gc           ] GC(3) Concurrent Cycle 21.664ms
[2020-09-16T10:43:27.183+0000][23660][safepoint    ] Safepoint "Cleanup", Time since last: 2000886400 ns, Reaching safepoint: 117600 ns, At safepoint: 3100 ns, Total: 120700 ns
[2020-09-16T10:43:28.901+0000][23660][safepoint    ] Safepoint "Cleanup", Time since last: 1717795000 ns, Reaching safepoint: 79800 ns, At safepoint: 3600 ns, Total: 83400 ns
[2020-09-16T10:43:29.921+0000][23660][safepoint    ] Safepoint "Cleanup", Time since last: 1019973500 ns, Reaching safepoint: 280600 ns, At safepoint: 20300 ns, Total: 300900 ns
[2020-09-16T10:43:30.768+0000][23660][gc,start     ] GC(4) Pause Young (Normal) (G1 Evacuation Pause)
[2020-09-16T10:43:30.768+0000][23660][gc,task      ] GC(4) Using 8 workers of 8 for evacuation
[2020-09-16T10:43:30.768+0000][23660][gc,age       ] GC(4) Desired survivor size 38273024 bytes, new threshold 15 (max threshold 15)
[2020-09-16T10:43:30.787+0000][23660][gc,age       ] GC(4) Age table with threshold 15 (max threshold 15)
[2020-09-16T10:43:30.787+0000][23660][gc,age       ] GC(4) - age   1:   18329352 bytes,   18329352 total
[2020-09-16T10:43:30.787+0000][23660][gc,age       ] GC(4) - age   2:    6121944 bytes,   24451296 total
[2020-09-16T10:43:30.787+0000][23660][gc,age       ] GC(4) - age   3:    1234616 bytes,   25685912 total
[2020-09-16T10:43:30.788+0000][23660][gc,phases    ] GC(4)   Pre Evacuate Collection Set: 0.1ms
[2020-09-16T10:43:30.788+0000][23660][gc,phases    ] GC(4)   Merge Heap Roots: 0.1ms
[2020-09-16T10:43:30.788+0000][23660][gc,phases    ] GC(4)   Evacuate Collection Set: 17.1ms
[2020-09-16T10:43:30.788+0000][23660][gc,phases    ] GC(4)   Post Evacuate Collection Set: 1.6ms
[2020-09-16T10:43:30.788+0000][23660][gc,phases    ] GC(4)   Other: 0.6ms
[2020-09-16T10:43:30.788+0000][23660][gc,heap      ] GC(4) Eden regions: 573->0(589)
[2020-09-16T10:43:30.788+0000][23660][gc,heap      ] GC(4) Survivor regions: 8->25(73)
[2020-09-16T10:43:30.788+0000][23660][gc,heap      ] GC(4) Old regions: 5->5
[2020-09-16T10:43:30.788+0000][23660][gc,heap      ] GC(4) Archive regions: 0->0
[2020-09-16T10:43:30.788+0000][23660][gc,heap      ] GC(4) Humongous regions: 2->1
[2020-09-16T10:43:30.788+0000][23660][gc,metaspace ] GC(4) Metaspace: 28461K(30464K)->28461K(30464K) NonClass: 24986K(26368K)->24986K(26368K) Class: 3474K(4096K)->3474K(4096K)
[2020-09-16T10:43:30.788+0000][23660][gc           ] GC(4) Pause Young (Normal) (G1 Evacuation Pause) 587M->30M(1024M) 19.986ms
[2020-09-16T10:43:30.788+0000][23660][gc,cpu       ] GC(4) User=0.13s Sys=0.00s Real=0.02s
[2020-09-16T10:43:30.788+0000][23660][safepoint    ] Safepoint "G1CollectForAllocation", Time since last: 846897400 ns, Reaching safepoint: 148500 ns, At safepoint: 20151200 ns, Total: 20299700 ns
[2020-09-16T10:43:31.789+0000][23660][safepoint    ] Safepoint "Cleanup", Time since last: 1000370100 ns, Reaching safepoint: 197800 ns, At safepoint: 21300 ns, Total: 219100 ns
[2020-09-16T10:43:33.600+0000][23660][gc,start     ] GC(5) Pause Young (Concurrent Start) (Metadata GC Threshold)
[2020-09-16T10:43:33.600+0000][23660][gc,task      ] GC(5) Using 8 workers of 8 for evacuation
[2020-09-16T10:43:33.600+0000][23660][gc,age       ] GC(5) Desired survivor size 40370176 bytes, new threshold 15 (max threshold 15)
[2020-09-16T10:43:33.633+0000][23660][gc,age       ] GC(5) Age table with threshold 15 (max threshold 15)
[2020-09-16T10:43:33.633+0000][23660][gc,age       ] GC(5) - age   1:   20912864 bytes,   20912864 total
[2020-09-16T10:43:33.633+0000][23660][gc,age       ] GC(5) - age   2:   18208512 bytes,   39121376 total
[2020-09-16T10:43:33.633+0000][23660][gc,age       ] GC(5) - age   3:    6113832 bytes,   45235208 total
[2020-09-16T10:43:33.633+0000][23660][gc,age       ] GC(5) - age   4:    1195288 bytes,   46430496 total
[2020-09-16T10:43:33.633+0000][23660][gc,phases    ] GC(5)   Pre Evacuate Collection Set: 0.2ms
[2020-09-16T10:43:33.633+0000][23660][gc,phases    ] GC(5)   Merge Heap Roots: 0.1ms
[2020-09-16T10:43:33.633+0000][23660][gc,phases    ] GC(5)   Evacuate Collection Set: 30.2ms
[2020-09-16T10:43:33.633+0000][23660][gc,phases    ] GC(5)   Post Evacuate Collection Set: 1.7ms
[2020-09-16T10:43:33.634+0000][23660][gc,phases    ] GC(5)   Other: 1.0ms
[2020-09-16T10:43:33.634+0000][23660][gc,heap      ] GC(5) Eden regions: 140->0(190)
[2020-09-16T10:43:33.634+0000][23660][gc,heap      ] GC(5) Survivor regions: 25->46(77)
[2020-09-16T10:43:33.634+0000][23660][gc,heap      ] GC(5) Old regions: 5->5
[2020-09-16T10:43:33.634+0000][23660][gc,heap      ] GC(5) Archive regions: 0->0
[2020-09-16T10:43:33.634+0000][23660][gc,heap      ] GC(5) Humongous regions: 1->1
[2020-09-16T10:43:33.634+0000][23660][gc,metaspace ] GC(5) Metaspace: 33550K(35840K)->33550K(35840K) NonClass: 29279K(30720K)->29279K(30720K) Class: 4270K(5120K)->4270K(5120K)
[2020-09-16T10:43:33.634+0000][23660][gc           ] GC(5) Pause Young (Concurrent Start) (Metadata GC Threshold) 170M->51M(1024M) 33.650ms
[2020-09-16T10:43:33.634+0000][23660][gc,cpu       ] GC(5) User=0.25s Sys=0.00s Real=0.03s
[2020-09-16T10:43:33.634+0000][23660][gc           ] GC(6) Concurrent Cycle
[2020-09-16T10:43:33.634+0000][23660][gc,marking   ] GC(6) Concurrent Clear Claimed Marks
[2020-09-16T10:43:33.634+0000][23660][gc,marking   ] GC(6) Concurrent Clear Claimed Marks 0.213ms
[2020-09-16T10:43:33.634+0000][23660][gc,marking   ] GC(6) Concurrent Scan Root Regions
[2020-09-16T10:43:33.635+0000][23660][safepoint    ] Safepoint "CollectForMetadataAllocation", Time since last: 1810405300 ns, Reaching safepoint: 179700 ns, At safepoint: 34672000 ns, Total: 34851700 ns
[2020-09-16T10:43:33.666+0000][23660][gc,marking   ] GC(6) Concurrent Scan Root Regions 31.832ms
[2020-09-16T10:43:33.666+0000][23660][gc,marking   ] GC(6) Concurrent Mark (17.105s)
[2020-09-16T10:43:33.666+0000][23660][gc,marking   ] GC(6) Concurrent Mark From Roots
[2020-09-16T10:43:33.666+0000][23660][gc,task      ] GC(6) Using 2 workers of 2 for marking
[2020-09-16T10:43:33.677+0000][23660][gc,marking   ] GC(6) Concurrent Mark From Roots 10.494ms
[2020-09-16T10:43:33.677+0000][23660][gc,marking   ] GC(6) Concurrent Preclean
[2020-09-16T10:43:33.677+0000][23660][gc,marking   ] GC(6) Concurrent Preclean 0.319ms
[2020-09-16T10:43:33.677+0000][23660][gc,marking   ] GC(6) Concurrent Mark (17.105s, 17.116s) 10.981ms
[2020-09-16T10:43:33.678+0000][23660][gc,start     ] GC(6) Pause Remark
[2020-09-16T10:43:33.681+0000][23660][gc           ] GC(6) Pause Remark 52M->52M(1024M) 3.115ms
[2020-09-16T10:43:33.681+0000][23660][gc,cpu       ] GC(6) User=0.00s Sys=0.00s Real=0.00s
[2020-09-16T10:43:33.681+0000][23660][safepoint    ] Safepoint "G1Concurrent", Time since last: 42547400 ns, Reaching safepoint: 225800 ns, At safepoint: 3535100 ns, Total: 3760900 ns
[2020-09-16T10:43:33.681+0000][23660][gc,marking   ] GC(6) Concurrent Rebuild Remembered Sets
[2020-09-16T10:43:33.686+0000][23660][gc,marking   ] GC(6) Concurrent Rebuild Remembered Sets 5.107ms
[2020-09-16T10:43:33.687+0000][23660][gc,start     ] GC(6) Pause Cleanup
[2020-09-16T10:43:33.687+0000][23660][gc           ] GC(6) Pause Cleanup 53M->53M(1024M) 0.226ms
[2020-09-16T10:43:33.687+0000][23660][gc,cpu       ] GC(6) User=0.00s Sys=0.00s Real=0.00s
[2020-09-16T10:43:33.687+0000][23660][safepoint    ] Safepoint "G1Concurrent", Time since last: 5348400 ns, Reaching safepoint: 448100 ns, At safepoint: 379200 ns, Total: 827300 ns
[2020-09-16T10:43:33.687+0000][23660][gc,marking   ] GC(6) Concurrent Cleanup for Next Mark
[2020-09-16T10:43:33.689+0000][23660][gc,marking   ] GC(6) Concurrent Cleanup for Next Mark 1.940ms
[2020-09-16T10:43:33.689+0000][23660][gc           ] GC(6) Concurrent Cycle 55.430ms
[2020-09-16T10:43:34.635+0000][23660][safepoint    ] Safepoint "ICBufferFull", Time since last: 947065500 ns, Reaching safepoint: 142300 ns, At safepoint: 25100 ns, Total: 167400 ns
[2020-09-16T10:43:35.635+0000][23660][safepoint    ] Safepoint "Cleanup", Time since last: 1000035100 ns, Reaching safepoint: 117500 ns, At safepoint: 55800 ns, Total: 173300 ns
[2020-09-16T10:43:36.049+0000][23660][safepoint    ] Safepoint "ICBufferFull", Time since last: 413782200 ns, Reaching safepoint: 197100 ns, At safepoint: 4600 ns, Total: 201700 ns
[2020-09-16T10:43:36.514+0000][23660][safepoint    ] Safepoint "BulkRevokeBias", Time since last: 464661400 ns, Reaching safepoint: 544400 ns, At safepoint: 246700 ns, Total: 791100 ns
[2020-09-16T10:43:36.686+0000][23660][safepoint    ] Safepoint "BulkRevokeBias", Time since last: 171334600 ns, Reaching safepoint: 77400 ns, At safepoint: 154900 ns, Total: 232300 ns
[2020-09-16T10:43:36.691+0000][23660][safepoint    ] Safepoint "BulkRevokeBias", Time since last: 4555300 ns, Reaching safepoint: 488000 ns, At safepoint: 153500 ns, Total: 641500 ns
[2020-09-16T10:43:37.174+0000][23660][gc,start     ] GC(7) Pause Young (Normal) (G1 Evacuation Pause)
[2020-09-16T10:43:37.175+0000][23660][gc,task      ] GC(7) Using 8 workers of 8 for evacuation
[2020-09-16T10:43:37.175+0000][23660][gc,age       ] GC(7) Desired survivor size 17825792 bytes, new threshold 1 (max threshold 15)
[2020-09-16T10:43:37.205+0000][23660][gc,age       ] GC(7) Age table with threshold 1 (max threshold 15)
[2020-09-16T10:43:37.205+0000][23660][gc,age       ] GC(7) - age   1:    7968328 bytes,    7968328 total
[2020-09-16T10:43:37.206+0000][23660][gc,phases    ] GC(7)   Pre Evacuate Collection Set: 0.1ms
[2020-09-16T10:43:37.206+0000][23660][gc,phases    ] GC(7)   Merge Heap Roots: 0.1ms
[2020-09-16T10:43:37.206+0000][23660][gc,phases    ] GC(7)   Evacuate Collection Set: 28.8ms
[2020-09-16T10:43:37.206+0000][23660][gc,phases    ] GC(7)   Post Evacuate Collection Set: 1.7ms
[2020-09-16T10:43:37.206+0000][23660][gc,phases    ] GC(7)   Other: 0.4ms
[2020-09-16T10:43:37.206+0000][23660][gc,heap      ] GC(7) Eden regions: 219->0(429)
[2020-09-16T10:43:37.206+0000][23660][gc,heap      ] GC(7) Survivor regions: 46->10(34)
[2020-09-16T10:43:37.206+0000][23660][gc,heap      ] GC(7) Old regions: 5->50
[2020-09-16T10:43:37.206+0000][23660][gc,heap      ] GC(7) Archive regions: 0->0
[2020-09-16T10:43:37.206+0000][23660][gc,heap      ] GC(7) Humongous regions: 1->1
[2020-09-16T10:43:37.206+0000][23660][gc,metaspace ] GC(7) Metaspace: 52911K(56704K)->52911K(56704K) NonClass: 45701K(47872K)->45701K(47872K) Class: 7210K(8832K)->7210K(8832K)
[2020-09-16T10:43:37.206+0000][23660][gc           ] GC(7) Pause Young (Normal) (G1 Evacuation Pause) 270M->60M(1024M) 31.475ms
[2020-09-16T10:43:37.206+0000][23660][gc,cpu       ] GC(7) User=0.25s Sys=0.00s Real=0.03s
[2020-09-16T10:43:37.206+0000][23660][safepoint    ] Safepoint "G1CollectForAllocation", Time since last: 483389800 ns, Reaching safepoint: 84900 ns, At safepoint: 31642100 ns, Total: 31727000 ns
[2020-09-16T10:43:37.598+0000][23660][gc,start     ] GC(8) Pause Young (Concurrent Start) (Metadata GC Threshold)
[2020-09-16T10:43:37.598+0000][23660][gc,task      ] GC(8) Using 8 workers of 8 for evacuation
[2020-09-16T10:43:37.598+0000][23660][gc,age       ] GC(8) Desired survivor size 28835840 bytes, new threshold 15 (max threshold 15)
[2020-09-16T10:43:37.606+0000][23660][gc,age       ] GC(8) Age table with threshold 15 (max threshold 15)
[2020-09-16T10:43:37.606+0000][23660][gc,age       ] GC(8) - age   1:     806840 bytes,     806840 total
[2020-09-16T10:43:37.606+0000][23660][gc,age       ] GC(8) - age   2:    7836664 bytes,    8643504 total
[2020-09-16T10:43:37.606+0000][23660][gc,phases    ] GC(8)   Pre Evacuate Collection Set: 0.3ms
[2020-09-16T10:43:37.606+0000][23660][gc,phases    ] GC(8)   Merge Heap Roots: 0.1ms
[2020-09-16T10:43:37.607+0000][23660][gc,phases    ] GC(8)   Evacuate Collection Set: 6.3ms
[2020-09-16T10:43:37.607+0000][23660][gc,phases    ] GC(8)   Post Evacuate Collection Set: 0.9ms
[2020-09-16T10:43:37.607+0000][23660][gc,phases    ] GC(8)   Other: 0.4ms
[2020-09-16T10:43:37.607+0000][23660][gc,heap      ] GC(8) Eden regions: 26->0(572)
[2020-09-16T10:43:37.607+0000][23660][gc,heap      ] GC(8) Survivor regions: 10->10(55)
[2020-09-16T10:43:37.607+0000][23660][gc,heap      ] GC(8) Old regions: 50->50
[2020-09-16T10:43:37.607+0000][23660][gc,heap      ] GC(8) Archive regions: 0->0
[2020-09-16T10:43:37.607+0000][23660][gc,heap      ] GC(8) Humongous regions: 1->1
[2020-09-16T10:43:37.607+0000][23660][gc,metaspace ] GC(8) Metaspace: 55982K(60160K)->55982K(60160K) NonClass: 48324K(50816K)->48324K(50816K) Class: 7658K(9344K)->7658K(9344K)
[2020-09-16T10:43:37.607+0000][23660][gc           ] GC(8) Pause Young (Concurrent Start) (Metadata GC Threshold) 86M->60M(1024M) 8.508ms
[2020-09-16T10:43:37.607+0000][23660][gc,cpu       ] GC(8) User=0.00s Sys=0.00s Real=0.01s
[2020-09-16T10:43:37.607+0000][23660][gc           ] GC(9) Concurrent Cycle
[2020-09-16T10:43:37.607+0000][23660][gc,marking   ] GC(9) Concurrent Clear Claimed Marks
[2020-09-16T10:43:37.607+0000][23660][safepoint    ] Safepoint "CollectForMetadataAllocation", Time since last: 391916900 ns, Reaching safepoint: 351600 ns, At safepoint: 8726500 ns, Total: 9078100 ns
[2020-09-16T10:43:37.607+0000][23660][gc,marking   ] GC(9) Concurrent Clear Claimed Marks 0.243ms
[2020-09-16T10:43:37.607+0000][23660][gc,marking   ] GC(9) Concurrent Scan Root Regions
[2020-09-16T10:43:37.615+0000][23660][gc,marking   ] GC(9) Concurrent Scan Root Regions 7.630ms
[2020-09-16T10:43:37.615+0000][23660][gc,marking   ] GC(9) Concurrent Mark (21.053s)
[2020-09-16T10:43:37.615+0000][23660][gc,marking   ] GC(9) Concurrent Mark From Roots
[2020-09-16T10:43:37.615+0000][23660][gc,task      ] GC(9) Using 2 workers of 2 for marking
[2020-09-16T10:43:37.647+0000][23660][safepoint    ] Safepoint "CollectForMetadataAllocation", Time since last: 39786800 ns, Reaching safepoint: 266300 ns, At safepoint: 179000 ns, Total: 445300 ns
[2020-09-16T10:43:37.700+0000][23660][safepoint    ] Safepoint "CollectForMetadataAllocation", Time since last: 52163700 ns, Reaching safepoint: 136000 ns, At safepoint: 203000 ns, Total: 339000 ns
[2020-09-16T10:43:37.719+0000][23660][gc,marking   ] GC(9) Concurrent Mark From Roots 103.827ms
[2020-09-16T10:43:37.719+0000][23660][gc,marking   ] GC(9) Concurrent Preclean
[2020-09-16T10:43:37.720+0000][23660][gc,marking   ] GC(9) Concurrent Preclean 0.577ms
[2020-09-16T10:43:37.720+0000][23660][gc,marking   ] GC(9) Concurrent Mark (21.053s, 21.158s) 104.573ms
[2020-09-16T10:43:37.720+0000][23660][gc,start     ] GC(9) Pause Remark
[2020-09-16T10:43:37.722+0000][23660][gc           ] GC(9) Pause Remark 65M->65M(1024M) 2.501ms
[2020-09-16T10:43:37.722+0000][23660][gc,cpu       ] GC(9) User=0.00s Sys=0.00s Real=0.00s
[2020-09-16T10:43:37.722+0000][23660][safepoint    ] Safepoint "G1Concurrent", Time since last: 19891100 ns, Reaching safepoint: 70900 ns, At safepoint: 2698100 ns, Total: 2769000 ns
[2020-09-16T10:43:37.723+0000][23660][gc,marking   ] GC(9) Concurrent Rebuild Remembered Sets
[2020-09-16T10:43:37.785+0000][23660][gc,marking   ] GC(9) Concurrent Rebuild Remembered Sets 62.387ms
[2020-09-16T10:43:37.787+0000][23660][gc,start     ] GC(9) Pause Cleanup
[2020-09-16T10:43:37.787+0000][23660][gc           ] GC(9) Pause Cleanup 68M->68M(1024M) 0.274ms
[2020-09-16T10:43:37.787+0000][23660][gc,cpu       ] GC(9) User=0.00s Sys=0.00s Real=0.00s
[2020-09-16T10:43:37.787+0000][23660][safepoint    ] Safepoint "G1Concurrent", Time since last: 62569100 ns, Reaching safepoint: 1665300 ns, At safepoint: 478700 ns, Total: 2144000 ns
[2020-09-16T10:43:37.787+0000][23660][gc,marking   ] GC(9) Concurrent Cleanup for Next Mark
[2020-09-16T10:43:37.789+0000][23660][gc,marking   ] GC(9) Concurrent Cleanup for Next Mark 2.049ms
[2020-09-16T10:43:37.790+0000][23660][gc           ] GC(9) Concurrent Cycle 182.603ms
[2020-09-16T10:43:39.028+0000][23660][safepoint    ] Safepoint "Cleanup", Time since last: 1240138100 ns, Reaching safepoint: 648900 ns, At safepoint: 2400 ns, Total: 651300 ns
[2020-09-16T10:43:39.119+0000][23660][safepoint    ] Safepoint "BulkRevokeBias", Time since last: 90367500 ns, Reaching safepoint: 370200 ns, At safepoint: 368100 ns, Total: 738300 ns
[2020-09-16T10:43:40.151+0000][23660][safepoint    ] Safepoint "Cleanup", Time since last: 1032371600 ns, Reaching safepoint: 92600 ns, At safepoint: 4700 ns, Total: 97300 ns
[2020-09-16T10:43:41.159+0000][23660][safepoint    ] Safepoint "Cleanup", Time since last: 1007636700 ns, Reaching safepoint: 115900 ns, At safepoint: 33900 ns, Total: 149800 ns
[2020-09-16T10:43:41.164+0000][23660][safepoint    ] Safepoint "BulkRevokeBias", Time since last: 1527300 ns, Reaching safepoint: 208000 ns, At safepoint: 2727300 ns, Total: 2935300 ns
[2020-09-16T10:43:41.168+0000][23660][safepoint    ] Safepoint "BulkRevokeBias", Time since last: 295200 ns, Reaching safepoint: 345100 ns, At safepoint: 3847600 ns, Total: 4192700 ns
[2020-09-16T10:43:41.170+0000][23660][safepoint    ] Safepoint "BulkRevokeBias", Time since last: 148100 ns, Reaching safepoint: 75300 ns, At safepoint: 1394600 ns, Total: 1469900 ns
[2020-09-16T10:43:42.173+0000][23660][safepoint    ] Safepoint "Cleanup", Time since last: 1002277800 ns, Reaching safepoint: 499900 ns, At safepoint: 122900 ns, Total: 622800 ns
[2020-09-16T10:43:42.174+0000][23660][safepoint    ] Safepoint "BulkRevokeBias", Time since last: 329500 ns, Reaching safepoint: 235200 ns, At safepoint: 893800 ns, Total: 1129000 ns
[2020-09-16T10:43:42.176+0000][23660][safepoint    ] Safepoint "BulkRevokeBias", Time since last: 514400 ns, Reaching safepoint: 125100 ns, At safepoint: 730500 ns, Total: 855600 ns
[2020-09-16T10:43:42.178+0000][23660][safepoint    ] Safepoint "BulkRevokeBias", Time since last: 394200 ns, Reaching safepoint: 567800 ns, At safepoint: 1860700 ns, Total: 2428500 ns
[2020-09-16T10:43:42.181+0000][23660][safepoint    ] Safepoint "BulkRevokeBias", Time since last: 214600 ns, Reaching safepoint: 118900 ns, At safepoint: 2076600 ns, Total: 2195500 ns
[2020-09-16T10:43:42.214+0000][23660][safepoint    ] Safepoint "BulkRevokeBias", Time since last: 32481000 ns, Reaching safepoint: 184800 ns, At safepoint: 532300 ns, Total: 717100 ns
[2020-09-16T10:43:42.225+0000][23660][safepoint    ] Safepoint "BulkRevokeBias", Time since last: 10468700 ns, Reaching safepoint: 134000 ns, At safepoint: 444000 ns, Total: 578000 ns
[2020-09-16T10:43:42.475+0000][23660][safepoint    ] Safepoint "BulkRevokeBias", Time since last: 249110700 ns, Reaching safepoint: 194200 ns, At safepoint: 500700 ns, Total: 694900 ns
[2020-09-16T10:43:43.583+0000][23660][safepoint    ] Safepoint "Cleanup", Time since last: 1108284200 ns, Reaching safepoint: 382300 ns, At safepoint: 13700 ns, Total: 396000 ns
[2020-09-16T10:43:45.584+0000][23660][safepoint    ] Safepoint "Cleanup", Time since last: 1999946200 ns, Reaching safepoint: 188100 ns, At safepoint: 16900 ns, Total: 205000 ns
[2020-09-16T10:43:46.584+0000][23660][safepoint    ] Safepoint "Cleanup", Time since last: 1000035400 ns, Reaching safepoint: 89500 ns, At safepoint: 3400 ns, Total: 92900 ns
[2020-09-16T10:43:47.584+0000][23660][safepoint    ] Safepoint "Cleanup", Time since last: 1000094300 ns, Reaching safepoint: 90000 ns, At safepoint: 3200 ns, Total: 93200 ns
[2020-09-16T10:43:48.585+0000][23660][safepoint    ] Safepoint "Cleanup", Time since last: 1000746200 ns, Reaching safepoint: 110600 ns, At safepoint: 4800 ns, Total: 115400 ns
[2020-09-16T10:43:49.586+0000][23660][safepoint    ] Safepoint "Cleanup", Time since last: 1000295100 ns, Reaching safepoint: 185700 ns, At safepoint: 10000 ns, Total: 195700 ns
[2020-09-16T10:43:50.586+0000][23660][safepoint    ] Safepoint "Cleanup", Time since last: 1000546700 ns, Reaching safepoint: 212000 ns, At safepoint: 5500 ns, Total: 217500 ns
[2020-09-16T10:43:51.587+0000][23660][safepoint    ] Safepoint "Cleanup", Time since last: 1000304600 ns, Reaching safepoint: 89700 ns, At safepoint: 6200 ns, Total: 95900 ns
[2020-09-16T10:43:52.588+0000][23660][safepoint    ] Safepoint "Cleanup", Time since last: 1000688300 ns, Reaching safepoint: 140500 ns, At safepoint: 4400 ns, Total: 144900 ns
[2020-09-16T10:43:53.588+0000][23660][safepoint    ] Safepoint "Cleanup", Time since last: 1000778000 ns, Reaching safepoint: 108300 ns, At safepoint: 7300 ns, Total: 115600 ns
[2020-09-16T10:43:54.589+0000][23660][safepoint    ] Safepoint "Cleanup", Time since last: 1000854500 ns, Reaching safepoint: 126600 ns, At safepoint: 3500 ns, Total: 130100 ns
[2020-09-16T10:43:55.590+0000][23660][safepoint    ] Safepoint "Cleanup", Time since last: 1000195200 ns, Reaching safepoint: 350800 ns, At safepoint: 15000 ns, Total: 365800 ns
[2020-09-16T10:43:57.591+0000][23660][safepoint    ] Safepoint "Cleanup", Time since last: 2000894600 ns, Reaching safepoint: 193100 ns, At safepoint: 24600 ns, Total: 217700 ns
[2020-09-16T10:43:58.592+0000][23660][safepoint    ] Safepoint "Cleanup", Time since last: 1000290800 ns, Reaching safepoint: 276000 ns, At safepoint: 23600 ns, Total: 299600 ns
[2020-09-16T10:44:00.592+0000][23660][safepoint    ] Safepoint "Cleanup", Time since last: 2000172500 ns, Reaching safepoint: 93000 ns, At safepoint: 3300 ns, Total: 96300 ns
[2020-09-16T10:44:01.593+0000][23660][safepoint    ] Safepoint "Cleanup", Time since last: 1000743500 ns, Reaching safepoint: 148900 ns, At safepoint: 4300 ns, Total: 153200 ns
[2020-09-16T10:44:02.594+0000][23660][safepoint    ] Safepoint "Cleanup", Time since last: 1000854400 ns, Reaching safepoint: 94500 ns, At safepoint: 3400 ns, Total: 97900 ns
[2020-09-16T10:44:03.595+0000][23660][safepoint    ] Safepoint "Cleanup", Time since last: 1000617300 ns, Reaching safepoint: 153800 ns, At safepoint: 4700 ns, Total: 158500 ns
[2020-09-16T10:44:05.596+0000][23660][safepoint    ] Safepoint "Cleanup", Time since last: 2000842100 ns, Reaching safepoint: 153300 ns, At safepoint: 4000 ns, Total: 157300 ns
[2020-09-16T10:44:06.596+0000][23660][safepoint    ] Safepoint "Cleanup", Time since last: 1000429000 ns, Reaching safepoint: 229800 ns, At safepoint: 12000 ns, Total: 241800 ns
[2020-09-16T10:44:07.597+0000][23660][safepoint    ] Safepoint "Cleanup", Time since last: 1000587300 ns, Reaching safepoint: 266700 ns, At safepoint: 15900 ns, Total: 282600 ns
[2020-09-16T10:44:08.598+0000][23660][safepoint    ] Safepoint "Cleanup", Time since last: 1000440400 ns, Reaching safepoint: 158900 ns, At safepoint: 3300 ns, Total: 162200 ns
[2020-09-16T10:44:09.598+0000][23660][safepoint    ] Safepoint "Cleanup", Time since last: 1000125800 ns, Reaching safepoint: 84000 ns, At safepoint: 4100 ns, Total: 88100 ns
[2020-09-16T10:44:11.599+0000][23660][safepoint    ] Safepoint "Cleanup", Time since last: 2000151200 ns, Reaching safepoint: 145500 ns, At safepoint: 3400 ns, Total: 148900 ns
[2020-09-16T10:44:12.599+0000][23660][safepoint    ] Safepoint "Cleanup", Time since last: 1000404900 ns, Reaching safepoint: 96100 ns, At safepoint: 4800 ns, Total: 100900 ns
[2020-09-16T10:44:13.600+0000][23660][safepoint    ] Safepoint "Cleanup", Time since last: 1000857800 ns, Reaching safepoint: 84600 ns, At safepoint: 7300 ns, Total: 91900 ns
[2020-09-16T10:44:14.601+0000][23660][safepoint    ] Safepoint "Cleanup", Time since last: 1000421300 ns, Reaching safepoint: 69600 ns, At safepoint: 4500 ns, Total: 74100 ns
[2020-09-16T10:44:15.602+0000][23660][safepoint    ] Safepoint "Cleanup", Time since last: 1000934000 ns, Reaching safepoint: 93700 ns, At safepoint: 2800 ns, Total: 96500 ns
[2020-09-16T10:44:17.602+0000][23660][safepoint    ] Safepoint "Cleanup", Time since last: 2000495200 ns, Reaching safepoint: 81700 ns, At safepoint: 4800 ns, Total: 86500 ns
[2020-09-16T10:44:18.603+0000][23660][safepoint    ] Safepoint "Cleanup", Time since last: 1000461000 ns, Reaching safepoint: 78400 ns, At safepoint: 1800 ns, Total: 80200 ns
[2020-09-16T10:44:19.604+0000][23660][safepoint    ] Safepoint "Cleanup", Time since last: 1000926000 ns, Reaching safepoint: 97600 ns, At safepoint: 8500 ns, Total: 106100 ns
[2020-09-16T10:44:21.604+0000][23660][safepoint    ] Safepoint "Cleanup", Time since last: 1999922300 ns, Reaching safepoint: 123800 ns, At safepoint: 6800 ns, Total: 130600 ns
[2020-09-16T10:44:22.605+0000][23660][safepoint    ] Safepoint "Cleanup", Time since last: 1000853200 ns, Reaching safepoint: 138200 ns, At safepoint: 9300 ns, Total: 147500 ns
[2020-09-16T10:44:24.606+0000][23660][safepoint    ] Safepoint "Cleanup", Time since last: 2000843700 ns, Reaching safepoint: 111900 ns, At safepoint: 7400 ns, Total: 119300 ns
[2020-09-16T10:44:26.607+0000][23660][safepoint    ] Safepoint "Cleanup", Time since last: 2000889700 ns, Reaching safepoint: 100000 ns, At safepoint: 3600 ns, Total: 103600 ns
[2020-09-16T10:44:28.607+0000][23660][safepoint    ] Safepoint "Cleanup", Time since last: 1999922700 ns, Reaching safepoint: 117100 ns, At safepoint: 3300 ns, Total: 120400 ns
[2020-09-16T10:44:30.607+0000][23660][safepoint    ] Safepoint "Cleanup", Time since last: 1999872500 ns, Reaching safepoint: 128600 ns, At safepoint: 7200 ns, Total: 135800 ns
[2020-09-16T10:44:32.608+0000][23660][safepoint    ] Safepoint "Cleanup", Time since last: 2000853600 ns, Reaching safepoint: 111100 ns, At safepoint: 8100 ns, Total: 119200 ns
[2020-09-16T10:44:34.609+0000][23660][safepoint    ] Safepoint "Cleanup", Time since last: 2000741800 ns, Reaching safepoint: 103700 ns, At safepoint: 3500 ns, Total: 107200 ns
[2020-09-16T10:44:36.609+0000][23660][safepoint    ] Safepoint "Cleanup", Time since last: 1999929000 ns, Reaching safepoint: 102800 ns, At safepoint: 6100 ns, Total: 108900 ns
[2020-09-16T10:44:38.610+0000][23660][safepoint    ] Safepoint "Cleanup", Time since last: 2000884400 ns, Reaching safepoint: 108300 ns, At safepoint: 8400 ns, Total: 116700 ns
[2020-09-16T10:44:39.611+0000][23660][safepoint    ] Safepoint "Cleanup", Time since last: 1000453300 ns, Reaching safepoint: 106700 ns, At safepoint: 6300 ns, Total: 113000 ns
[2020-09-16T10:44:41.612+0000][23660][safepoint    ] Safepoint "Cleanup", Time since last: 2000842000 ns, Reaching safepoint: 120900 ns, At safepoint: 5100 ns, Total: 126000 ns
[2020-09-16T10:44:42.613+0000][23660][safepoint    ] Safepoint "Cleanup", Time since last: 1000809300 ns, Reaching safepoint: 80400 ns, At safepoint: 4600 ns, Total: 85000 ns
[2020-09-16T10:44:44.614+0000][23660][safepoint    ] Safepoint "Cleanup", Time since last: 2000877600 ns, Reaching safepoint: 95900 ns, At safepoint: 20600 ns, Total: 116500 ns
[2020-09-16T10:44:45.615+0000][23660][safepoint    ] Safepoint "Cleanup", Time since last: 1000721300 ns, Reaching safepoint: 88800 ns, At safepoint: 4400 ns, Total: 93200 ns
[2020-09-16T10:44:53.617+0000][23660][safepoint    ] Safepoint "Cleanup", Time since last: 8002533200 ns, Reaching safepoint: 174200 ns, At safepoint: 8600 ns, Total: 182800 ns
[2020-09-16T10:44:54.618+0000][23660][safepoint    ] Safepoint "Cleanup", Time since last: 1000128900 ns, Reaching safepoint: 168500 ns, At safepoint: 13500 ns, Total: 182000 ns
[2020-09-16T10:44:56.619+0000][23660][safepoint    ] Safepoint "Cleanup", Time since last: 2001239700 ns, Reaching safepoint: 101800 ns, At safepoint: 4300 ns, Total: 106100 ns
[2020-09-16T10:44:59.621+0000][23660][safepoint    ] Safepoint "Cleanup", Time since last: 3001606100 ns, Reaching safepoint: 99400 ns, At safepoint: 4200 ns, Total: 103600 ns
[2020-09-16T10:45:16.628+0000][23660][safepoint    ] Safepoint "Cleanup", Time since last: 17007197500 ns, Reaching safepoint: 96100 ns, At safepoint: 3200 ns, Total: 99300 ns
[2020-09-16T10:45:35.639+0000][23660][safepoint    ] Safepoint "Cleanup", Time since last: 19009806800 ns, Reaching safepoint: 232200 ns, At safepoint: 17400 ns, Total: 249600 ns
[2020-09-16T10:45:42.641+0000][23660][safepoint    ] Safepoint "Cleanup", Time since last: 7002131900 ns, Reaching safepoint: 85300 ns, At safepoint: 3100 ns, Total: 88400 ns
[2020-09-16T10:45:46.643+0000][23660][safepoint    ] Safepoint "Cleanup", Time since last: 4001494600 ns, Reaching safepoint: 307900 ns, At safepoint: 17000 ns, Total: 324900 ns
[2020-09-16T10:45:49.644+0000][23660][safepoint    ] Safepoint "Cleanup", Time since last: 3000783100 ns, Reaching safepoint: 151300 ns, At safepoint: 5600 ns, Total: 156900 ns
[2020-09-16T10:45:52.645+0000][23660][safepoint    ] Safepoint "Cleanup", Time since last: 3000895800 ns, Reaching safepoint: 96300 ns, At safepoint: 4400 ns, Total: 100700 ns
[2020-09-16T10:45:54.646+0000][23660][safepoint    ] Safepoint "Cleanup", Time since last: 2001232400 ns, Reaching safepoint: 85200 ns, At safepoint: 3500 ns, Total: 88700 ns
[2020-09-16T10:45:57.648+0000][23660][safepoint    ] Safepoint "Cleanup", Time since last: 3001421600 ns, Reaching safepoint: 114000 ns, At safepoint: 3600 ns, Total: 117600 ns
[2020-09-16T10:45:59.649+0000][23660][safepoint    ] Safepoint "Cleanup", Time since last: 2001047000 ns, Reaching safepoint: 111700 ns, At safepoint: 5800 ns, Total: 117500 ns
[2020-09-16T10:46:07.655+0000][23660][safepoint    ] Safepoint "Cleanup", Time since last: 8005160300 ns, Reaching safepoint: 89400 ns, At safepoint: 3600 ns, Total: 93000 ns
[2020-09-16T10:46:09.656+0000][23660][safepoint    ] Safepoint "Cleanup", Time since last: 2001401500 ns, Reaching safepoint: 107200 ns, At safepoint: 4800 ns, Total: 112000 ns
[2020-09-16T10:46:12.658+0000][23660][safepoint    ] Safepoint "Cleanup", Time since last: 3001463900 ns, Reaching safepoint: 75200 ns, At safepoint: 3800 ns, Total: 79000 ns
[2020-09-16T10:46:16.659+0000][23660][safepoint    ] Safepoint "Cleanup", Time since last: 4001509200 ns, Reaching safepoint: 344000 ns, At safepoint: 18100 ns, Total: 362100 ns
[2020-09-16T10:46:18.660+0000][23660][safepoint    ] Safepoint "Cleanup", Time since last: 2000445000 ns, Reaching safepoint: 80600 ns, At safepoint: 4300 ns, Total: 84900 ns
[2020-09-16T10:46:23.663+0000][23660][safepoint    ] Safepoint "Cleanup", Time since last: 5002139900 ns, Reaching safepoint: 103800 ns, At safepoint: 11100 ns, Total: 114900 ns
[2020-09-16T10:46:59.681+0000][23660][safepoint    ] Safepoint "Cleanup", Time since last: 36017442400 ns, Reaching safepoint: 98500 ns, At safepoint: 12000 ns, Total: 110500 ns
[2020-09-16T10:47:05.690+0000][23660][safepoint    ] Safepoint "Cleanup", Time since last: 6008774300 ns, Reaching safepoint: 83800 ns, At safepoint: 3500 ns, Total: 87300 ns
[2020-09-16T10:47:12.693+0000][23660][safepoint    ] Safepoint "Cleanup", Time since last: 7003332000 ns, Reaching safepoint: 77700 ns, At safepoint: 3600 ns, Total: 81300 ns
[2020-09-16T10:47:13.694+0000][23660][safepoint    ] Safepoint "Cleanup", Time since last: 1000344700 ns, Reaching safepoint: 97700 ns, At safepoint: 5400 ns, Total: 103100 ns
[2020-09-16T10:47:27.700+0000][23660][safepoint    ] Safepoint "Cleanup", Time since last: 14005738800 ns, Reaching safepoint: 78100 ns, At safepoint: 3700 ns, Total: 81800 ns
[2020-09-16T10:47:56.719+0000][23660][safepoint    ] Safepoint "Cleanup", Time since last: 29018583900 ns, Reaching safepoint: 99200 ns, At safepoint: 8200 ns, Total: 107400 ns
[2020-09-16T10:48:12.728+0000][23660][safepoint    ] Safepoint "Cleanup", Time since last: 16008758600 ns, Reaching safepoint: 130200 ns, At safepoint: 5000 ns, Total: 135200 ns
[2020-09-16T10:48:49.745+0000][23660][safepoint    ] Safepoint "Cleanup", Time since last: 37016344100 ns, Reaching safepoint: 102900 ns, At safepoint: 5500 ns, Total: 108400 ns
[2020-09-16T10:49:05.753+0000][23660][safepoint    ] Safepoint "Cleanup", Time since last: 16007774200 ns, Reaching safepoint: 108700 ns, At safepoint: 6000 ns, Total: 114700 ns
[2020-09-16T10:49:09.755+0000][23660][safepoint    ] Safepoint "Cleanup", Time since last: 4001925400 ns, Reaching safepoint: 101700 ns, At safepoint: 3300 ns, Total: 105000 ns
[2020-09-16T10:49:39.774+0000][23660][safepoint    ] Safepoint "Cleanup", Time since last: 30018192300 ns, Reaching safepoint: 139200 ns, At safepoint: 3600 ns, Total: 142800 ns
[2020-09-16T10:49:49.780+0000][23660][safepoint    ] Safepoint "Cleanup", Time since last: 10006006400 ns, Reaching safepoint: 79200 ns, At safepoint: 3500 ns, Total: 82700 ns
[2020-09-16T10:50:04.789+0000][23660][safepoint    ] Safepoint "Cleanup", Time since last: 15008512200 ns, Reaching safepoint: 92800 ns, At safepoint: 4300 ns, Total: 97100 ns
[2020-09-16T10:50:09.790+0000][23660][safepoint    ] Safepoint "Cleanup", Time since last: 5001147400 ns, Reaching safepoint: 98100 ns, At safepoint: 3800 ns, Total: 101900 ns
[2020-09-16T10:50:12.792+0000][23660][safepoint    ] Safepoint "Cleanup", Time since last: 3001187200 ns, Reaching safepoint: 81100 ns, At safepoint: 4300 ns, Total: 85400 ns
[2020-09-16T10:50:20.794+0000][23660][safepoint    ] Safepoint "Cleanup", Time since last: 8002446200 ns, Reaching safepoint: 93500 ns, At safepoint: 3400 ns, Total: 96900 ns
[2020-09-16T10:50:25.878+0000][23660][safepoint    ] Safepoint "Cleanup", Time since last: 5084105700 ns, Reaching safepoint: 113900 ns, At safepoint: 65100 ns, Total: 179000 ns
[2020-09-16T10:50:26.119+0000][23660][safepoint    ] Safepoint "BulkRevokeBias", Time since last: 240340500 ns, Reaching safepoint: 107000 ns, At safepoint: 742100 ns, Total: 849100 ns
[2020-09-16T10:50:28.121+0000][23660][safepoint    ] Safepoint "Cleanup", Time since last: 2000834900 ns, Reaching safepoint: 102000 ns, At safepoint: 17900 ns, Total: 119900 ns
[2020-09-16T10:50:30.122+0000][23660][safepoint    ] Safepoint "Cleanup", Time since last: 2000768400 ns, Reaching safepoint: 84600 ns, At safepoint: 8200 ns, Total: 92800 ns
[2020-09-16T10:50:31.122+0000][23660][safepoint    ] Safepoint "Cleanup", Time since last: 1000461300 ns, Reaching safepoint: 99700 ns, At safepoint: 3900 ns, Total: 103600 ns
[2020-09-16T10:50:34.124+0000][23660][safepoint    ] Safepoint "Cleanup", Time since last: 3001378300 ns, Reaching safepoint: 312200 ns, At safepoint: 16500 ns, Total: 328700 ns
[2020-09-16T10:50:45.130+0000][23660][safepoint    ] Safepoint "Cleanup", Time since last: 11005760000 ns, Reaching safepoint: 181200 ns, At safepoint: 8900 ns, Total: 190100 ns
[2020-09-16T10:51:30.154+0000][23660][safepoint    ] Safepoint "Cleanup", Time since last: 45023306200 ns, Reaching safepoint: 134700 ns, At safepoint: 7200 ns, Total: 141900 ns
[2020-09-16T10:51:43.161+0000][23660][safepoint    ] Safepoint "Cleanup", Time since last: 13006313300 ns, Reaching safepoint: 181600 ns, At safepoint: 3700 ns, Total: 185300 ns
[2020-09-16T10:52:05.173+0000][23660][safepoint    ] Safepoint "Cleanup", Time since last: 22011479800 ns, Reaching safepoint: 133700 ns, At safepoint: 6700 ns, Total: 140400 ns
[2020-09-16T10:52:10.176+0000][23660][safepoint    ] Safepoint "Cleanup", Time since last: 5002509800 ns, Reaching safepoint: 112000 ns, At safepoint: 6100 ns, Total: 118100 ns
[2020-09-16T10:52:12.176+0000][23660][safepoint    ] Safepoint "Cleanup", Time since last: 2000611100 ns, Reaching safepoint: 110900 ns, At safepoint: 4500 ns, Total: 115400 ns
[2020-09-16T10:52:13.177+0000][23660][safepoint    ] Safepoint "Cleanup", Time since last: 1000586300 ns, Reaching safepoint: 116800 ns, At safepoint: 5000 ns, Total: 121800 ns
[2020-09-16T10:53:03.342+0000][23660][safepoint    ] Safepoint "Cleanup", Time since last: 50167436100 ns, Reaching safepoint: 131500 ns, At safepoint: 4600 ns, Total: 136100 ns
[2020-09-16T10:53:04.220+0000][23660][safepoint    ] Safepoint "BulkRevokeBias", Time since last: 875354100 ns, Reaching safepoint: 195700 ns, At safepoint: 2632200 ns, Total: 2827900 ns
[2020-09-16T10:53:04.594+0000][23660][safepoint    ] Safepoint "BulkRevokeBias", Time since last: 370750400 ns, Reaching safepoint: 1102900 ns, At safepoint: 2285200 ns, Total: 3388100 ns
[2020-09-16T10:53:05.295+0000][23660][safepoint    ] Safepoint "BulkRevokeBias", Time since last: 699195100 ns, Reaching safepoint: 333100 ns, At safepoint: 1546300 ns, Total: 1879400 ns
[2020-09-16T10:53:05.309+0000][23660][safepoint    ] Safepoint "BulkRevokeBias", Time since last: 7688700 ns, Reaching safepoint: 2660700 ns, At safepoint: 3895600 ns, Total: 6556300 ns
[2020-09-16T10:53:05.929+0000][23660][safepoint    ] Safepoint "BulkRevokeBias", Time since last: 618426600 ns, Reaching safepoint: 211300 ns, At safepoint: 966500 ns, Total: 1177800 ns
[2020-09-16T10:53:06.111+0000][23660][safepoint    ] Safepoint "BulkRevokeBias", Time since last: 180103300 ns, Reaching safepoint: 179400 ns, At safepoint: 1624500 ns, Total: 1803900 ns
[2020-09-16T10:53:06.508+0000][23660][safepoint    ] Safepoint "BulkRevokeBias", Time since last: 396013200 ns, Reaching safepoint: 377800 ns, At safepoint: 981000 ns, Total: 1358800 ns
[2020-09-16T10:53:06.512+0000][23660][safepoint    ] Safepoint "BulkRevokeBias", Time since last: 2924800 ns, Reaching safepoint: 146000 ns, At safepoint: 946900 ns, Total: 1092900 ns
[2020-09-16T10:53:06.594+0000][23660][safepoint    ] Safepoint "BulkRevokeBias", Time since last: 79581600 ns, Reaching safepoint: 174500 ns, At safepoint: 1658600 ns, Total: 1833100 ns
[2020-09-16T10:53:07.188+0000][23660][safepoint    ] Safepoint "BulkRevokeBias", Time since last: 592607300 ns, Reaching safepoint: 176700 ns, At safepoint: 1139600 ns, Total: 1316300 ns
[2020-09-16T10:53:07.315+0000][23660][safepoint    ] Safepoint "BulkRevokeBias", Time since last: 118227300 ns, Reaching safepoint: 6723100 ns, At safepoint: 2388800 ns, Total: 9111900 ns
[2020-09-16T10:53:08.026+0000][23660][safepoint    ] Safepoint "BulkRevokeBias", Time since last: 708890800 ns, Reaching safepoint: 380400 ns, At safepoint: 1473400 ns, Total: 1853800 ns
[2020-09-16T10:53:08.659+0000][23660][gc,start     ] GC(10) Pause Young (Concurrent Start) (G1 Evacuation Pause)
[2020-09-16T10:53:08.661+0000][23660][gc,task      ] GC(10) Using 8 workers of 8 for evacuation
[2020-09-16T10:53:08.661+0000][23660][gc,age       ] GC(10) Desired survivor size 38273024 bytes, new threshold 15 (max threshold 15)
[2020-09-16T10:53:08.690+0000][23660][gc,age       ] GC(10) Age table with threshold 15 (max threshold 15)
[2020-09-16T10:53:08.690+0000][23660][gc,age       ] GC(10) - age   1:   12913512 bytes,   12913512 total
[2020-09-16T10:53:08.690+0000][23660][gc,age       ] GC(10) - age   2:     684040 bytes,   13597552 total
[2020-09-16T10:53:08.690+0000][23660][gc,age       ] GC(10) - age   3:    7645776 bytes,   21243328 total
[2020-09-16T10:53:08.690+0000][23660][gc,phases    ] GC(10)   Pre Evacuate Collection Set: 2.2ms
[2020-09-16T10:53:08.690+0000][23660][gc,phases    ] GC(10)   Merge Heap Roots: 0.4ms
[2020-09-16T10:53:08.690+0000][23660][gc,phases    ] GC(10)   Evacuate Collection Set: 19.8ms
[2020-09-16T10:53:08.690+0000][23660][gc,phases    ] GC(10)   Post Evacuate Collection Set: 4.4ms
[2020-09-16T10:53:08.691+0000][23660][gc,phases    ] GC(10)   Other: 5.8ms
[2020-09-16T10:53:08.691+0000][23660][gc,heap      ] GC(10) Eden regions: 572->0(470)
[2020-09-16T10:53:08.691+0000][23660][gc,heap      ] GC(10) Survivor regions: 10->22(73)
[2020-09-16T10:53:08.691+0000][23660][gc,heap      ] GC(10) Old regions: 50->50
[2020-09-16T10:53:08.691+0000][23660][gc,heap      ] GC(10) Archive regions: 0->0
[2020-09-16T10:53:08.691+0000][23660][gc,heap      ] GC(10) Humongous regions: 157->137
[2020-09-16T10:53:08.692+0000][23660][gc,metaspace ] GC(10) Metaspace: 78543K(84196K)->78543K(84196K) NonClass: 67999K(71320K)->67999K(71320K) Class: 10543K(12876K)->10543K(12876K)
[2020-09-16T10:53:08.692+0000][23660][gc           ] GC(10) Pause Young (Concurrent Start) (G1 Evacuation Pause) 788M->208M(1024M) 32.493ms
[2020-09-16T10:53:08.692+0000][23660][gc,cpu       ] GC(10) User=0.13s Sys=0.00s Real=0.03s
[2020-09-16T10:53:08.692+0000][23660][safepoint    ] Safepoint "G1CollectForAllocation", Time since last: 631183000 ns, Reaching safepoint: 179300 ns, At safepoint: 34799700 ns, Total: 34979000 ns
[2020-09-16T10:53:08.692+0000][23660][gc           ] GC(11) Concurrent Cycle
[2020-09-16T10:53:08.692+0000][23660][gc,marking   ] GC(11) Concurrent Clear Claimed Marks
[2020-09-16T10:53:08.693+0000][23660][gc,marking   ] GC(11) Concurrent Clear Claimed Marks 1.106ms
[2020-09-16T10:53:08.694+0000][23660][gc,marking   ] GC(11) Concurrent Scan Root Regions
[2020-09-16T10:53:08.715+0000][23660][gc,marking   ] GC(11) Concurrent Scan Root Regions 21.315ms
[2020-09-16T10:53:08.715+0000][23660][gc,marking   ] GC(11) Concurrent Mark (592.148s)
[2020-09-16T10:53:08.715+0000][23660][gc,marking   ] GC(11) Concurrent Mark From Roots
[2020-09-16T10:53:08.715+0000][23660][gc,task      ] GC(11) Using 2 workers of 2 for marking
[2020-09-16T10:53:08.833+0000][23660][gc,marking   ] GC(11) Concurrent Mark From Roots 117.986ms
[2020-09-16T10:53:08.833+0000][23660][gc,marking   ] GC(11) Concurrent Preclean
[2020-09-16T10:53:08.834+0000][23660][gc,marking   ] GC(11) Concurrent Preclean 0.714ms
[2020-09-16T10:53:08.834+0000][23660][gc,marking   ] GC(11) Concurrent Mark (592.148s, 592.267s) 118.880ms
[2020-09-16T10:53:08.835+0000][23660][gc,start     ] GC(11) Pause Remark
[2020-09-16T10:53:08.839+0000][23660][gc           ] GC(11) Pause Remark 258M->258M(1024M) 4.650ms
[2020-09-16T10:53:08.839+0000][23660][gc,cpu       ] GC(11) User=0.00s Sys=0.00s Real=0.00s
[2020-09-16T10:53:08.840+0000][23660][safepoint    ] Safepoint "G1Concurrent", Time since last: 142073400 ns, Reaching safepoint: 588200 ns, At safepoint: 4882000 ns, Total: 5470200 ns
[2020-09-16T10:53:08.840+0000][23660][gc,marking   ] GC(11) Concurrent Rebuild Remembered Sets
[2020-09-16T10:53:08.909+0000][23660][gc,marking   ] GC(11) Concurrent Rebuild Remembered Sets 69.123ms
[2020-09-16T10:53:08.917+0000][23660][gc,start     ] GC(11) Pause Cleanup
[2020-09-16T10:53:08.917+0000][23660][gc           ] GC(11) Pause Cleanup 275M->275M(1024M) 0.360ms
[2020-09-16T10:53:08.917+0000][23660][gc,cpu       ] GC(11) User=0.00s Sys=0.00s Real=0.00s
[2020-09-16T10:53:08.917+0000][23660][safepoint    ] Safepoint "G1Concurrent", Time since last: 69337900 ns, Reaching safepoint: 7800200 ns, At safepoint: 591000 ns, Total: 8391200 ns
[2020-09-16T10:53:08.917+0000][23660][gc,marking   ] GC(11) Concurrent Cleanup for Next Mark
[2020-09-16T10:53:08.920+0000][23660][gc,marking   ] GC(11) Concurrent Cleanup for Next Mark 2.489ms
[2020-09-16T10:53:08.920+0000][23660][gc           ] GC(11) Concurrent Cycle 227.782ms
[2020-09-16T10:53:09.384+0000][23660][safepoint    ] Safepoint "BulkRevokeBias", Time since last: 466102800 ns, Reaching safepoint: 112200 ns, At safepoint: 855100 ns, Total: 967300 ns
[2020-09-16T10:53:09.766+0000][23660][gc,start     ] GC(12) Pause Young (Concurrent Start) (G1 Humongous Allocation)
[2020-09-16T10:53:09.766+0000][23660][gc,task      ] GC(12) Using 8 workers of 8 for evacuation
[2020-09-16T10:53:09.766+0000][23660][gc,age       ] GC(12) Desired survivor size 32505856 bytes, new threshold 15 (max threshold 15)
[2020-09-16T10:53:09.782+0000][23660][gc,age       ] GC(12) Age table with threshold 15 (max threshold 15)
[2020-09-16T10:53:09.782+0000][23660][gc,age       ] GC(12) - age   1:    2663072 bytes,    2663072 total
[2020-09-16T10:53:09.782+0000][23660][gc,age       ] GC(12) - age   2:   12395608 bytes,   15058680 total
[2020-09-16T10:53:09.782+0000][23660][gc,age       ] GC(12) - age   3:     677472 bytes,   15736152 total
[2020-09-16T10:53:09.782+0000][23660][gc,age       ] GC(12) - age   4:    7642776 bytes,   23378928 total
[2020-09-16T10:53:09.782+0000][23660][gc,phases    ] GC(12)   Pre Evacuate Collection Set: 0.4ms
[2020-09-16T10:53:09.782+0000][23660][gc,phases    ] GC(12)   Merge Heap Roots: 0.1ms
[2020-09-16T10:53:09.782+0000][23660][gc,phases    ] GC(12)   Evacuate Collection Set: 13.5ms
[2020-09-16T10:53:09.782+0000][23660][gc,phases    ] GC(12)   Post Evacuate Collection Set: 1.7ms
[2020-09-16T10:53:09.782+0000][23660][gc,phases    ] GC(12)   Other: 0.7ms
[2020-09-16T10:53:09.782+0000][23660][gc,heap      ] GC(12) Eden regions: 52->0(473)
[2020-09-16T10:53:09.782+0000][23660][gc,heap      ] GC(12) Survivor regions: 22->24(62)
[2020-09-16T10:53:09.782+0000][23660][gc,heap      ] GC(12) Old regions: 50->50
[2020-09-16T10:53:09.782+0000][23660][gc,heap      ] GC(12) Archive regions: 0->0
[2020-09-16T10:53:09.782+0000][23660][gc,heap      ] GC(12) Humongous regions: 257->141
[2020-09-16T10:53:09.782+0000][23660][gc,metaspace ] GC(12) Metaspace: 79096K(84708K)->79096K(84708K) NonClass: 68498K(71832K)->68498K(71832K) Class: 10597K(12876K)->10597K(12876K)
[2020-09-16T10:53:09.782+0000][23660][gc           ] GC(12) Pause Young (Concurrent Start) (G1 Humongous Allocation) 379M->213M(1024M) 16.688ms
[2020-09-16T10:53:09.782+0000][23660][gc,cpu       ] GC(12) User=0.13s Sys=0.00s Real=0.02s
[2020-09-16T10:53:09.783+0000][23660][gc           ] GC(13) Concurrent Cycle
[2020-09-16T10:53:09.783+0000][23660][safepoint    ] Safepoint "G1TryInitiateConcMark", Time since last: 381173100 ns, Reaching safepoint: 209100 ns, At safepoint: 16862300 ns, Total: 17071400 ns
[2020-09-16T10:53:09.783+0000][23660][gc,marking   ] GC(13) Concurrent Clear Claimed Marks
[2020-09-16T10:53:09.783+0000][23660][gc,marking   ] GC(13) Concurrent Clear Claimed Marks 0.431ms
[2020-09-16T10:53:09.783+0000][23660][gc,marking   ] GC(13) Concurrent Scan Root Regions
[2020-09-16T10:53:09.800+0000][23660][gc,marking   ] GC(13) Concurrent Scan Root Regions 16.979ms
[2020-09-16T10:53:09.800+0000][23660][gc,marking   ] GC(13) Concurrent Mark (593.233s)
[2020-09-16T10:53:09.800+0000][23660][gc,marking   ] GC(13) Concurrent Mark From Roots
[2020-09-16T10:53:09.800+0000][23660][gc,task      ] GC(13) Using 2 workers of 2 for marking
[2020-09-16T10:53:09.924+0000][23660][gc,marking   ] GC(13) Concurrent Mark From Roots 124.189ms
[2020-09-16T10:53:09.924+0000][23660][gc,marking   ] GC(13) Concurrent Preclean
[2020-09-16T10:53:09.925+0000][23660][gc,marking   ] GC(13) Concurrent Preclean 0.570ms
[2020-09-16T10:53:09.925+0000][23660][gc,marking   ] GC(13) Concurrent Mark (593.233s, 593.358s) 124.959ms
[2020-09-16T10:53:09.925+0000][23660][gc,start     ] GC(13) Pause Remark
[2020-09-16T10:53:09.929+0000][23660][gc           ] GC(13) Pause Remark 256M->256M(1024M) 3.300ms
[2020-09-16T10:53:09.929+0000][23660][gc,cpu       ] GC(13) User=0.13s Sys=0.00s Real=0.00s
[2020-09-16T10:53:09.929+0000][23660][safepoint    ] Safepoint "G1Concurrent", Time since last: 142610500 ns, Reaching safepoint: 133000 ns, At safepoint: 3590700 ns, Total: 3723700 ns
[2020-09-16T10:53:09.929+0000][23660][gc,marking   ] GC(13) Concurrent Rebuild Remembered Sets
[2020-09-16T10:53:09.996+0000][23660][gc,marking   ] GC(13) Concurrent Rebuild Remembered Sets 66.657ms
[2020-09-16T10:53:09.996+0000][23660][gc,start     ] GC(13) Pause Cleanup
[2020-09-16T10:53:09.996+0000][23660][gc           ] GC(13) Pause Cleanup 258M->258M(1024M) 0.299ms
[2020-09-16T10:53:09.996+0000][23660][gc,cpu       ] GC(13) User=0.00s Sys=0.00s Real=0.00s
[2020-09-16T10:53:09.996+0000][23660][safepoint    ] Safepoint "G1Concurrent", Time since last: 66876100 ns, Reaching safepoint: 135000 ns, At safepoint: 503200 ns, Total: 638200 ns
[2020-09-16T10:53:09.997+0000][23660][gc,marking   ] GC(13) Concurrent Cleanup for Next Mark
[2020-09-16T10:53:09.999+0000][23660][gc,marking   ] GC(13) Concurrent Cleanup for Next Mark 2.344ms
[2020-09-16T10:53:09.999+0000][23660][gc           ] GC(13) Concurrent Cycle 216.422ms
[2020-09-16T10:53:10.128+0000][23660][safepoint    ] Safepoint "BulkRevokeBias", Time since last: 129549600 ns, Reaching safepoint: 207500 ns, At safepoint: 1815600 ns, Total: 2023100 ns
[2020-09-16T10:53:10.373+0000][23660][safepoint    ] Safepoint "BulkRevokeBias", Time since last: 243608100 ns, Reaching safepoint: 157400 ns, At safepoint: 1316400 ns, Total: 1473800 ns
[2020-09-16T10:53:10.420+0000][23660][gc,start     ] GC(14) Pause Young (Concurrent Start) (G1 Humongous Allocation)
[2020-09-16T10:53:10.420+0000][23660][gc,task      ] GC(14) Using 8 workers of 8 for evacuation
[2020-09-16T10:53:10.420+0000][23660][gc,age       ] GC(14) Desired survivor size 33030144 bytes, new threshold 15 (max threshold 15)
[2020-09-16T10:53:10.436+0000][23660][gc,age       ] GC(14) Age table with threshold 15 (max threshold 15)
[2020-09-16T10:53:10.436+0000][23660][gc,age       ] GC(14) - age   1:    1965008 bytes,    1965008 total
[2020-09-16T10:53:10.436+0000][23660][gc,age       ] GC(14) - age   2:     427520 bytes,    2392528 total
[2020-09-16T10:53:10.436+0000][23660][gc,age       ] GC(14) - age   3:   12372672 bytes,   14765200 total
[2020-09-16T10:53:10.436+0000][23660][gc,age       ] GC(14) - age   4:     677472 bytes,   15442672 total
[2020-09-16T10:53:10.436+0000][23660][gc,age       ] GC(14) - age   5:    7642776 bytes,   23085448 total
[2020-09-16T10:53:10.436+0000][23660][gc,phases    ] GC(14)   Pre Evacuate Collection Set: 0.4ms
[2020-09-16T10:53:10.436+0000][23660][gc,phases    ] GC(14)   Merge Heap Roots: 0.1ms
[2020-09-16T10:53:10.436+0000][23660][gc,phases    ] GC(14)   Evacuate Collection Set: 13.6ms
[2020-09-16T10:53:10.436+0000][23660][gc,phases    ] GC(14)   Post Evacuate Collection Set: 1.7ms
[2020-09-16T10:53:10.436+0000][23660][gc,phases    ] GC(14)   Other: 0.7ms
[2020-09-16T10:53:10.436+0000][23660][gc,heap      ] GC(14) Eden regions: 46->0(487)
[2020-09-16T10:53:10.436+0000][23660][gc,heap      ] GC(14) Survivor regions: 24->24(63)
[2020-09-16T10:53:10.436+0000][23660][gc,heap      ] GC(14) Old regions: 50->50
[2020-09-16T10:53:10.436+0000][23660][gc,heap      ] GC(14) Archive regions: 0->0
[2020-09-16T10:53:10.436+0000][23660][gc,heap      ] GC(14) Humongous regions: 257->141
[2020-09-16T10:53:10.437+0000][23660][gc,metaspace ] GC(14) Metaspace: 79192K(84708K)->79192K(84708K) NonClass: 68593K(71832K)->68593K(71832K) Class: 10599K(12876K)->10599K(12876K)
[2020-09-16T10:53:10.437+0000][23660][gc           ] GC(14) Pause Young (Concurrent Start) (G1 Humongous Allocation) 375M->214M(1024M) 17.078ms
[2020-09-16T10:53:10.437+0000][23660][gc,cpu       ] GC(14) User=0.13s Sys=0.00s Real=0.02s
[2020-09-16T10:53:10.437+0000][23660][gc           ] GC(15) Concurrent Cycle
[2020-09-16T10:53:10.437+0000][23660][safepoint    ] Safepoint "G1TryInitiateConcMark", Time since last: 46335200 ns, Reaching safepoint: 170100 ns, At safepoint: 17327100 ns, Total: 17497200 ns
[2020-09-16T10:53:10.437+0000][23660][gc,marking   ] GC(15) Concurrent Clear Claimed Marks
[2020-09-16T10:53:10.437+0000][23660][gc,marking   ] GC(15) Concurrent Clear Claimed Marks 0.475ms
[2020-09-16T10:53:10.437+0000][23660][gc,marking   ] GC(15) Concurrent Scan Root Regions
[2020-09-16T10:53:10.456+0000][23660][gc,marking   ] GC(15) Concurrent Scan Root Regions 18.256ms
[2020-09-16T10:53:10.456+0000][23660][gc,marking   ] GC(15) Concurrent Mark (593.889s)
[2020-09-16T10:53:10.456+0000][23660][gc,marking   ] GC(15) Concurrent Mark From Roots
[2020-09-16T10:53:10.456+0000][23660][gc,task      ] GC(15) Using 2 workers of 2 for marking
[2020-09-16T10:53:10.571+0000][23660][gc,marking   ] GC(15) Concurrent Mark From Roots 114.723ms
[2020-09-16T10:53:10.571+0000][23660][gc,marking   ] GC(15) Concurrent Preclean
[2020-09-16T10:53:10.571+0000][23660][gc,marking   ] GC(15) Concurrent Preclean 0.729ms
[2020-09-16T10:53:10.572+0000][23660][gc,marking   ] GC(15) Concurrent Mark (593.889s, 594.005s) 115.663ms
[2020-09-16T10:53:10.572+0000][23660][gc,start     ] GC(15) Pause Remark
[2020-09-16T10:53:10.575+0000][23660][gc           ] GC(15) Pause Remark 242M->242M(1024M) 3.266ms
[2020-09-16T10:53:10.575+0000][23660][gc,cpu       ] GC(15) User=0.00s Sys=0.00s Real=0.00s
[2020-09-16T10:53:10.575+0000][23660][safepoint    ] Safepoint "G1Concurrent", Time since last: 134703800 ns, Reaching safepoint: 140500 ns, At safepoint: 3485100 ns, Total: 3625600 ns
[2020-09-16T10:53:10.575+0000][23660][gc,marking   ] GC(15) Concurrent Rebuild Remembered Sets
[2020-09-16T10:53:10.647+0000][23660][gc,marking   ] GC(15) Concurrent Rebuild Remembered Sets 71.592ms
[2020-09-16T10:53:10.647+0000][23660][gc,start     ] GC(15) Pause Cleanup
[2020-09-16T10:53:10.648+0000][23660][gc           ] GC(15) Pause Cleanup 243M->243M(1024M) 0.317ms
[2020-09-16T10:53:10.648+0000][23660][gc,cpu       ] GC(15) User=0.00s Sys=0.00s Real=0.00s
[2020-09-16T10:53:10.648+0000][23660][safepoint    ] Safepoint "G1Concurrent", Time since last: 71829400 ns, Reaching safepoint: 146800 ns, At safepoint: 492500 ns, Total: 639300 ns
[2020-09-16T10:53:10.648+0000][23660][gc,marking   ] GC(15) Concurrent Cleanup for Next Mark
[2020-09-16T10:53:10.650+0000][23660][gc,marking   ] GC(15) Concurrent Cleanup for Next Mark 1.809ms
[2020-09-16T10:53:10.650+0000][23660][gc           ] GC(15) Concurrent Cycle 212.868ms
[2020-09-16T10:53:11.270+0000][23660][gc,start     ] GC(16) Pause Young (Concurrent Start) (G1 Humongous Allocation)
[2020-09-16T10:53:11.270+0000][23660][gc,task      ] GC(16) Using 8 workers of 8 for evacuation
[2020-09-16T10:53:11.270+0000][23660][gc,age       ] GC(16) Desired survivor size 33554432 bytes, new threshold 15 (max threshold 15)
[2020-09-16T10:53:11.286+0000][23660][gc,age       ] GC(16) Age table with threshold 15 (max threshold 15)
[2020-09-16T10:53:11.286+0000][23660][gc,age       ] GC(16) - age   1:    1501608 bytes,    1501608 total
[2020-09-16T10:53:11.286+0000][23660][gc,age       ] GC(16) - age   2:     315008 bytes,    1816616 total
[2020-09-16T10:53:11.286+0000][23660][gc,age       ] GC(16) - age   3:     427392 bytes,    2244008 total
[2020-09-16T10:53:11.286+0000][23660][gc,age       ] GC(16) - age   4:   12349576 bytes,   14593584 total
[2020-09-16T10:53:11.286+0000][23660][gc,age       ] GC(16) - age   5:     677472 bytes,   15271056 total
[2020-09-16T10:53:11.286+0000][23660][gc,age       ] GC(16) - age   6:    7642776 bytes,   22913832 total
[2020-09-16T10:53:11.286+0000][23660][gc,phases    ] GC(16)   Pre Evacuate Collection Set: 0.4ms
[2020-09-16T10:53:11.286+0000][23660][gc,phases    ] GC(16)   Merge Heap Roots: 0.1ms
[2020-09-16T10:53:11.286+0000][23660][gc,phases    ] GC(16)   Evacuate Collection Set: 13.5ms
[2020-09-16T10:53:11.287+0000][23660][gc,phases    ] GC(16)   Post Evacuate Collection Set: 1.8ms
[2020-09-16T10:53:11.287+0000][23660][gc,phases    ] GC(16)   Other: 0.9ms
[2020-09-16T10:53:11.287+0000][23660][gc,heap      ] GC(16) Eden regions: 47->0(498)
[2020-09-16T10:53:11.287+0000][23660][gc,heap      ] GC(16) Survivor regions: 24->25(64)
[2020-09-16T10:53:11.287+0000][23660][gc,heap      ] GC(16) Old regions: 50->50
[2020-09-16T10:53:11.287+0000][23660][gc,heap      ] GC(16) Archive regions: 0->0
[2020-09-16T10:53:11.287+0000][23660][gc,heap      ] GC(16) Humongous regions: 257->141
[2020-09-16T10:53:11.287+0000][23660][gc,metaspace ] GC(16) Metaspace: 79297K(84964K)->79297K(84964K) NonClass: 68698K(72088K)->68698K(72088K) Class: 10599K(12876K)->10599K(12876K)
[2020-09-16T10:53:11.287+0000][23660][gc           ] GC(16) Pause Young (Concurrent Start) (G1 Humongous Allocation) 377M->214M(1024M) 17.247ms
[2020-09-16T10:53:11.287+0000][23660][gc,cpu       ] GC(16) User=0.05s Sys=0.02s Real=0.02s
[2020-09-16T10:53:11.287+0000][23660][gc           ] GC(17) Concurrent Cycle
[2020-09-16T10:53:11.287+0000][23660][safepoint    ] Safepoint "G1TryInitiateConcMark", Time since last: 621764700 ns, Reaching safepoint: 199000 ns, At safepoint: 17483900 ns, Total: 17682900 ns
[2020-09-16T10:53:11.287+0000][23660][gc,marking   ] GC(17) Concurrent Clear Claimed Marks
[2020-09-16T10:53:11.288+0000][23660][gc,marking   ] GC(17) Concurrent Clear Claimed Marks 0.417ms
[2020-09-16T10:53:11.288+0000][23660][gc,marking   ] GC(17) Concurrent Scan Root Regions
[2020-09-16T10:53:11.305+0000][23660][gc,marking   ] GC(17) Concurrent Scan Root Regions 17.785ms
[2020-09-16T10:53:11.306+0000][23660][gc,marking   ] GC(17) Concurrent Mark (594.739s)
[2020-09-16T10:53:11.306+0000][23660][gc,marking   ] GC(17) Concurrent Mark From Roots
[2020-09-16T10:53:11.306+0000][23660][gc,task      ] GC(17) Using 2 workers of 2 for marking
[2020-09-16T10:53:11.423+0000][23660][gc,marking   ] GC(17) Concurrent Mark From Roots 117.521ms
[2020-09-16T10:53:11.423+0000][23660][gc,marking   ] GC(17) Concurrent Preclean
[2020-09-16T10:53:11.424+0000][23660][gc,marking   ] GC(17) Concurrent Preclean 0.798ms
[2020-09-16T10:53:11.424+0000][23660][gc,marking   ] GC(17) Concurrent Mark (594.739s, 594.857s) 118.563ms
[2020-09-16T10:53:11.424+0000][23660][gc,start     ] GC(17) Pause Remark
[2020-09-16T10:53:11.428+0000][23660][gc           ] GC(17) Pause Remark 225M->225M(1024M) 3.428ms
[2020-09-16T10:53:11.428+0000][23660][gc,cpu       ] GC(17) User=0.11s Sys=0.02s Real=0.00s
[2020-09-16T10:53:11.428+0000][23660][safepoint    ] Safepoint "G1Concurrent", Time since last: 137056900 ns, Reaching safepoint: 138800 ns, At safepoint: 3645000 ns, Total: 3783800 ns
[2020-09-16T10:53:11.428+0000][23660][gc,marking   ] GC(17) Concurrent Rebuild Remembered Sets
[2020-09-16T10:53:11.489+0000][23660][gc,marking   ] GC(17) Concurrent Rebuild Remembered Sets 60.880ms
[2020-09-16T10:53:11.489+0000][23660][gc,start     ] GC(17) Pause Cleanup
[2020-09-16T10:53:11.490+0000][23660][gc           ] GC(17) Pause Cleanup 228M->228M(1024M) 0.304ms
[2020-09-16T10:53:11.490+0000][23660][gc,cpu       ] GC(17) User=0.00s Sys=0.00s Real=0.00s
[2020-09-16T10:53:11.490+0000][23660][safepoint    ] Safepoint "G1Concurrent", Time since last: 61091500 ns, Reaching safepoint: 113800 ns, At safepoint: 489600 ns, Total: 603400 ns
[2020-09-16T10:53:11.490+0000][23660][gc,marking   ] GC(17) Concurrent Cleanup for Next Mark
[2020-09-16T10:53:11.492+0000][23660][gc,marking   ] GC(17) Concurrent Cleanup for Next Mark 2.115ms
[2020-09-16T10:53:11.492+0000][23660][gc           ] GC(17) Concurrent Cycle 204.907ms
[2020-09-16T10:53:11.846+0000][23660][safepoint    ] Safepoint "BulkRevokeBias", Time since last: 354416800 ns, Reaching safepoint: 120600 ns, At safepoint: 2248100 ns, Total: 2368700 ns
[2020-09-16T10:53:12.079+0000][23660][safepoint    ] Safepoint "BulkRevokeBias", Time since last: 231074600 ns, Reaching safepoint: 167800 ns, At safepoint: 948900 ns, Total: 1116700 ns
[2020-09-16T10:53:12.099+0000][23660][gc,start     ] GC(18) Pause Young (Concurrent Start) (G1 Humongous Allocation)
[2020-09-16T10:53:12.099+0000][23660][gc,task      ] GC(18) Using 8 workers of 8 for evacuation
[2020-09-16T10:53:12.099+0000][23660][gc,age       ] GC(18) Desired survivor size 34603008 bytes, new threshold 15 (max threshold 15)
[2020-09-16T10:53:12.118+0000][23660][gc,age       ] GC(18) Age table with threshold 15 (max threshold 15)
[2020-09-16T10:53:12.118+0000][23660][gc,age       ] GC(18) - age   1:    2975568 bytes,    2975568 total
[2020-09-16T10:53:12.118+0000][23660][gc,age       ] GC(18) - age   2:     311496 bytes,    3287064 total
[2020-09-16T10:53:12.118+0000][23660][gc,age       ] GC(18) - age   3:     309968 bytes,    3597032 total
[2020-09-16T10:53:12.118+0000][23660][gc,age       ] GC(18) - age   4:     426912 bytes,    4023944 total
[2020-09-16T10:53:12.118+0000][23660][gc,age       ] GC(18) - age   5:   12339576 bytes,   16363520 total
[2020-09-16T10:53:12.118+0000][23660][gc,age       ] GC(18) - age   6:     677472 bytes,   17040992 total
[2020-09-16T10:53:12.118+0000][23660][gc,age       ] GC(18) - age   7:    7642776 bytes,   24683768 total
[2020-09-16T10:53:12.118+0000][23660][gc,phases    ] GC(18)   Pre Evacuate Collection Set: 0.4ms
[2020-09-16T10:53:12.118+0000][23660][gc,phases    ] GC(18)   Merge Heap Roots: 0.1ms
[2020-09-16T10:53:12.118+0000][23660][gc,phases    ] GC(18)   Evacuate Collection Set: 15.7ms
[2020-09-16T10:53:12.118+0000][23660][gc,phases    ] GC(18)   Post Evacuate Collection Set: 1.8ms
[2020-09-16T10:53:12.118+0000][23660][gc,phases    ] GC(18)   Other: 0.9ms
[2020-09-16T10:53:12.118+0000][23660][gc,heap      ] GC(18) Eden regions: 64->0(507)
[2020-09-16T10:53:12.119+0000][23660][gc,heap      ] GC(18) Survivor regions: 25->25(66)
[2020-09-16T10:53:12.119+0000][23660][gc,heap      ] GC(18) Old regions: 50->50
[2020-09-16T10:53:12.119+0000][23660][gc,heap      ] GC(18) Archive regions: 0->0
[2020-09-16T10:53:12.119+0000][23660][gc,heap      ] GC(18) Humongous regions: 257->141
[2020-09-16T10:53:12.119+0000][23660][gc,metaspace ] GC(18) Metaspace: 79398K(84964K)->79398K(84964K) NonClass: 68799K(72088K)->68799K(72088K) Class: 10599K(12876K)->10599K(12876K)
[2020-09-16T10:53:12.119+0000][23660][gc           ] GC(18) Pause Young (Concurrent Start) (G1 Humongous Allocation) 394M->215M(1024M) 19.397ms
[2020-09-16T10:53:12.119+0000][23660][gc,cpu       ] GC(18) User=0.13s Sys=0.00s Real=0.02s
[2020-09-16T10:53:12.119+0000][23660][gc           ] GC(19) Concurrent Cycle
[2020-09-16T10:53:12.119+0000][23660][safepoint    ] Safepoint "G1TryInitiateConcMark", Time since last: 20427400 ns, Reaching safepoint: 155400 ns, At safepoint: 19612200 ns, Total: 19767600 ns
[2020-09-16T10:53:12.119+0000][23660][gc,marking   ] GC(19) Concurrent Clear Claimed Marks
[2020-09-16T10:53:12.120+0000][23660][gc,marking   ] GC(19) Concurrent Clear Claimed Marks 0.600ms
[2020-09-16T10:53:12.120+0000][23660][gc,marking   ] GC(19) Concurrent Scan Root Regions
[2020-09-16T10:53:12.139+0000][23660][gc,marking   ] GC(19) Concurrent Scan Root Regions 19.396ms
[2020-09-16T10:53:12.139+0000][23660][gc,marking   ] GC(19) Concurrent Mark (595.572s)
[2020-09-16T10:53:12.139+0000][23660][gc,marking   ] GC(19) Concurrent Mark From Roots
[2020-09-16T10:53:12.139+0000][23660][gc,task      ] GC(19) Using 2 workers of 2 for marking
[2020-09-16T10:53:12.248+0000][23660][gc,marking   ] GC(19) Concurrent Mark From Roots 109.346ms
[2020-09-16T10:53:12.249+0000][23660][gc,marking   ] GC(19) Concurrent Preclean
[2020-09-16T10:53:12.249+0000][23660][gc,marking   ] GC(19) Concurrent Preclean 0.760ms
[2020-09-16T10:53:12.249+0000][23660][gc,marking   ] GC(19) Concurrent Mark (595.572s, 595.683s) 110.365ms
[2020-09-16T10:53:12.250+0000][23660][gc,start     ] GC(19) Pause Remark
[2020-09-16T10:53:12.253+0000][23660][gc           ] GC(19) Pause Remark 260M->260M(1024M) 3.083ms
[2020-09-16T10:53:12.253+0000][23660][gc,cpu       ] GC(19) User=0.00s Sys=0.00s Real=0.00s
[2020-09-16T10:53:12.253+0000][23660][safepoint    ] Safepoint "G1Concurrent", Time since last: 130681000 ns, Reaching safepoint: 135500 ns, At safepoint: 3321300 ns, Total: 3456800 ns
[2020-09-16T10:53:12.253+0000][23660][gc,marking   ] GC(19) Concurrent Rebuild Remembered Sets
[2020-09-16T10:53:12.314+0000][23660][gc,marking   ] GC(19) Concurrent Rebuild Remembered Sets 60.431ms
[2020-09-16T10:53:12.314+0000][23660][gc,start     ] GC(19) Pause Cleanup
[2020-09-16T10:53:12.314+0000][23660][gc           ] GC(19) Pause Cleanup 265M->265M(1024M) 0.236ms
[2020-09-16T10:53:12.314+0000][23660][gc,cpu       ] GC(19) User=0.00s Sys=0.00s Real=0.00s
[2020-09-16T10:53:12.314+0000][23660][safepoint    ] Safepoint "G1Concurrent", Time since last: 60674700 ns, Reaching safepoint: 152500 ns, At safepoint: 415300 ns, Total: 567800 ns
[2020-09-16T10:53:12.314+0000][23660][gc,marking   ] GC(19) Concurrent Cleanup for Next Mark
[2020-09-16T10:53:12.316+0000][23660][gc,marking   ] GC(19) Concurrent Cleanup for Next Mark 1.797ms
[2020-09-16T10:53:12.316+0000][23660][gc           ] GC(19) Concurrent Cycle 197.349ms
[2020-09-16T10:53:12.636+0000][23660][gc,start     ] GC(20) Pause Young (Concurrent Start) (G1 Humongous Allocation)
[2020-09-16T10:53:12.636+0000][23660][gc,task      ] GC(20) Using 8 workers of 8 for evacuation
[2020-09-16T10:53:12.636+0000][23660][gc,age       ] GC(20) Desired survivor size 35127296 bytes, new threshold 15 (max threshold 15)
[2020-09-16T10:53:12.654+0000][23660][gc,age       ] GC(20) Age table with threshold 15 (max threshold 15)
[2020-09-16T10:53:12.654+0000][23660][gc,age       ] GC(20) - age   1:    2366312 bytes,    2366312 total
[2020-09-16T10:53:12.654+0000][23660][gc,age       ] GC(20) - age   2:     304680 bytes,    2670992 total
[2020-09-16T10:53:12.654+0000][23660][gc,age       ] GC(20) - age   3:     310584 bytes,    2981576 total
[2020-09-16T10:53:12.654+0000][23660][gc,age       ] GC(20) - age   4:     309320 bytes,    3290896 total
[2020-09-16T10:53:12.654+0000][23660][gc,age       ] GC(20) - age   5:     426584 bytes,    3717480 total
[2020-09-16T10:53:12.654+0000][23660][gc,age       ] GC(20) - age   6:   12337832 bytes,   16055312 total
[2020-09-16T10:53:12.654+0000][23660][gc,age       ] GC(20) - age   7:     677472 bytes,   16732784 total
[2020-09-16T10:53:12.654+0000][23660][gc,age       ] GC(20) - age   8:    7642760 bytes,   24375544 total
[2020-09-16T10:53:12.655+0000][23660][gc,phases    ] GC(20)   Pre Evacuate Collection Set: 0.4ms
[2020-09-16T10:53:12.655+0000][23660][gc,phases    ] GC(20)   Merge Heap Roots: 0.1ms
[2020-09-16T10:53:12.655+0000][23660][gc,phases    ] GC(20)   Evacuate Collection Set: 15.5ms
[2020-09-16T10:53:12.655+0000][23660][gc,phases    ] GC(20)   Post Evacuate Collection Set: 2.0ms
[2020-09-16T10:53:12.655+0000][23660][gc,phases    ] GC(20)   Other: 0.8ms
[2020-09-16T10:53:12.655+0000][23660][gc,heap      ] GC(20) Eden regions: 48->0(514)
[2020-09-16T10:53:12.655+0000][23660][gc,heap      ] GC(20) Survivor regions: 25->26(67)
[2020-09-16T10:53:12.655+0000][23660][gc,heap      ] GC(20) Old regions: 50->50
[2020-09-16T10:53:12.655+0000][23660][gc,heap      ] GC(20) Archive regions: 0->0
[2020-09-16T10:53:12.655+0000][23660][gc,heap      ] GC(20) Humongous regions: 257->141
[2020-09-16T10:53:12.655+0000][23660][gc,metaspace ] GC(20) Metaspace: 79528K(84964K)->79528K(84964K) NonClass: 68925K(72088K)->68925K(72088K) Class: 10602K(12876K)->10602K(12876K)
[2020-09-16T10:53:12.655+0000][23660][gc           ] GC(20) Pause Young (Concurrent Start) (G1 Humongous Allocation) 379M->216M(1024M) 19.186ms
[2020-09-16T10:53:12.655+0000][23660][gc,cpu       ] GC(20) User=0.11s Sys=0.00s Real=0.02s
[2020-09-16T10:53:12.655+0000][23660][gc           ] GC(21) Concurrent Cycle
[2020-09-16T10:53:12.655+0000][23660][safepoint    ] Safepoint "G1TryInitiateConcMark", Time since last: 322177600 ns, Reaching safepoint: 163900 ns, At safepoint: 19387900 ns, Total: 19551800 ns
[2020-09-16T10:53:12.655+0000][23660][gc,marking   ] GC(21) Concurrent Clear Claimed Marks
[2020-09-16T10:53:12.656+0000][23660][gc,marking   ] GC(21) Concurrent Clear Claimed Marks 0.500ms
[2020-09-16T10:53:12.656+0000][23660][gc,marking   ] GC(21) Concurrent Scan Root Regions
[2020-09-16T10:53:12.675+0000][23660][gc,marking   ] GC(21) Concurrent Scan Root Regions 19.240ms
[2020-09-16T10:53:12.675+0000][23660][gc,marking   ] GC(21) Concurrent Mark (596.109s)
[2020-09-16T10:53:12.675+0000][23660][gc,marking   ] GC(21) Concurrent Mark From Roots
[2020-09-16T10:53:12.675+0000][23660][gc,task      ] GC(21) Using 2 workers of 2 for marking
[2020-09-16T10:53:12.779+0000][23660][gc,marking   ] GC(21) Concurrent Mark From Roots 103.634ms
[2020-09-16T10:53:12.779+0000][23660][gc,marking   ] GC(21) Concurrent Preclean
[2020-09-16T10:53:12.779+0000][23660][gc,marking   ] GC(21) Concurrent Preclean 0.437ms
[2020-09-16T10:53:12.779+0000][23660][gc,marking   ] GC(21) Concurrent Mark (596.109s, 596.213s) 104.237ms
[2020-09-16T10:53:12.780+0000][23660][gc,start     ] GC(21) Pause Remark
[2020-09-16T10:53:12.783+0000][23660][gc           ] GC(21) Pause Remark 244M->244M(1024M) 3.411ms
[2020-09-16T10:53:12.783+0000][23660][gc,cpu       ] GC(21) User=0.00s Sys=0.00s Real=0.00s
[2020-09-16T10:53:12.783+0000][23660][safepoint    ] Safepoint "G1Concurrent", Time since last: 124332900 ns, Reaching safepoint: 153400 ns, At safepoint: 3605800 ns, Total: 3759200 ns
[2020-09-16T10:53:12.783+0000][23660][gc,marking   ] GC(21) Concurrent Rebuild Remembered Sets
[2020-09-16T10:53:12.853+0000][23660][gc,marking   ] GC(21) Concurrent Rebuild Remembered Sets 69.557ms
[2020-09-16T10:53:12.854+0000][23660][gc,start     ] GC(21) Pause Cleanup
[2020-09-16T10:53:12.854+0000][23660][gc           ] GC(21) Pause Cleanup 244M->244M(1024M) 0.322ms
[2020-09-16T10:53:12.854+0000][23660][gc,cpu       ] GC(21) User=0.00s Sys=0.00s Real=0.00s
[2020-09-16T10:53:12.854+0000][23660][safepoint    ] Safepoint "G1Concurrent", Time since last: 69755500 ns, Reaching safepoint: 137200 ns, At safepoint: 508000 ns, Total: 645200 ns
[2020-09-16T10:53:12.854+0000][23660][gc,marking   ] GC(21) Concurrent Cleanup for Next Mark
[2020-09-16T10:53:12.856+0000][23660][gc,marking   ] GC(21) Concurrent Cleanup for Next Mark 1.848ms
[2020-09-16T10:53:12.856+0000][23660][gc           ] GC(21) Concurrent Cycle 200.582ms
[2020-09-16T10:53:13.268+0000][23660][gc,start     ] GC(22) Pause Young (Concurrent Start) (G1 Humongous Allocation)
[2020-09-16T10:53:13.269+0000][23660][gc,task      ] GC(22) Using 8 workers of 8 for evacuation
[2020-09-16T10:53:13.269+0000][23660][gc,age       ] GC(22) Desired survivor size 35651584 bytes, new threshold 15 (max threshold 15)
[2020-09-16T10:53:13.285+0000][23660][gc,age       ] GC(22) Age table with threshold 15 (max threshold 15)
[2020-09-16T10:53:13.285+0000][23660][gc,age       ] GC(22) - age   1:    1825256 bytes,    1825256 total
[2020-09-16T10:53:13.285+0000][23660][gc,age       ] GC(22) - age   2:     247032 bytes,    2072288 total
[2020-09-16T10:53:13.286+0000][23660][gc,age       ] GC(22) - age   3:     304288 bytes,    2376576 total
[2020-09-16T10:53:13.286+0000][23660][gc,age       ] GC(22) - age   4:     310184 bytes,    2686760 total
[2020-09-16T10:53:13.286+0000][23660][gc,age       ] GC(22) - age   5:     309160 bytes,    2995920 total
[2020-09-16T10:53:13.286+0000][23660][gc,age       ] GC(22) - age   6:     426584 bytes,    3422504 total
[2020-09-16T10:53:13.286+0000][23660][gc,age       ] GC(22) - age   7:   12335336 bytes,   15757840 total
[2020-09-16T10:53:13.286+0000][23660][gc,age       ] GC(22) - age   8:     677472 bytes,   16435312 total
[2020-09-16T10:53:13.286+0000][23660][gc,age       ] GC(22) - age   9:    7642760 bytes,   24078072 total
[2020-09-16T10:53:13.286+0000][23660][gc,phases    ] GC(22)   Pre Evacuate Collection Set: 0.4ms
[2020-09-16T10:53:13.286+0000][23660][gc,phases    ] GC(22)   Merge Heap Roots: 0.1ms
[2020-09-16T10:53:13.286+0000][23660][gc,phases    ] GC(22)   Evacuate Collection Set: 14.3ms
[2020-09-16T10:53:13.286+0000][23660][gc,phases    ] GC(22)   Post Evacuate Collection Set: 1.8ms
[2020-09-16T10:53:13.286+0000][23660][gc,phases    ] GC(22)   Other: 1.0ms
[2020-09-16T10:53:13.286+0000][23660][gc,heap      ] GC(22) Eden regions: 45->0(521)
[2020-09-16T10:53:13.286+0000][23660][gc,heap      ] GC(22) Survivor regions: 26->25(68)
[2020-09-16T10:53:13.286+0000][23660][gc,heap      ] GC(22) Old regions: 50->50
[2020-09-16T10:53:13.286+0000][23660][gc,heap      ] GC(22) Archive regions: 0->0
[2020-09-16T10:53:13.286+0000][23660][gc,heap      ] GC(22) Humongous regions: 257->141
[2020-09-16T10:53:13.286+0000][23660][gc,metaspace ] GC(22) Metaspace: 79579K(85220K)->79579K(85220K) NonClass: 68976K(72344K)->68976K(72344K) Class: 10602K(12876K)->10602K(12876K)
[2020-09-16T10:53:13.286+0000][23660][gc           ] GC(22) Pause Young (Concurrent Start) (G1 Humongous Allocation) 377M->215M(1024M) 17.909ms
[2020-09-16T10:53:13.286+0000][23660][gc,cpu       ] GC(22) User=0.14s Sys=0.02s Real=0.02s
[2020-09-16T10:53:13.286+0000][23660][gc           ] GC(23) Concurrent Cycle
[2020-09-16T10:53:13.286+0000][23660][safepoint    ] Safepoint "G1TryInitiateConcMark", Time since last: 414059800 ns, Reaching safepoint: 230800 ns, At safepoint: 18163800 ns, Total: 18394600 ns
[2020-09-16T10:53:13.286+0000][23660][gc,marking   ] GC(23) Concurrent Clear Claimed Marks
[2020-09-16T10:53:13.287+0000][23660][gc,marking   ] GC(23) Concurrent Clear Claimed Marks 0.364ms
[2020-09-16T10:53:13.287+0000][23660][gc,marking   ] GC(23) Concurrent Scan Root Regions
[2020-09-16T10:53:13.307+0000][23660][gc,marking   ] GC(23) Concurrent Scan Root Regions 19.775ms
[2020-09-16T10:53:13.307+0000][23660][gc,marking   ] GC(23) Concurrent Mark (596.740s)
[2020-09-16T10:53:13.307+0000][23660][gc,marking   ] GC(23) Concurrent Mark From Roots
[2020-09-16T10:53:13.307+0000][23660][gc,task      ] GC(23) Using 2 workers of 2 for marking
[2020-09-16T10:53:13.417+0000][23660][gc,marking   ] GC(23) Concurrent Mark From Roots 110.228ms
[2020-09-16T10:53:13.417+0000][23660][gc,marking   ] GC(23) Concurrent Preclean
[2020-09-16T10:53:13.418+0000][23660][gc,marking   ] GC(23) Concurrent Preclean 0.726ms
[2020-09-16T10:53:13.418+0000][23660][gc,marking   ] GC(23) Concurrent Mark (596.740s, 596.852s) 111.180ms
[2020-09-16T10:53:13.418+0000][23660][gc,start     ] GC(23) Pause Remark
[2020-09-16T10:53:13.421+0000][23660][gc           ] GC(23) Pause Remark 227M->227M(1024M) 3.198ms
[2020-09-16T10:53:13.422+0000][23660][gc,cpu       ] GC(23) User=0.00s Sys=0.00s Real=0.00s
[2020-09-16T10:53:13.422+0000][23660][safepoint    ] Safepoint "G1Concurrent", Time since last: 131553000 ns, Reaching safepoint: 162000 ns, At safepoint: 3489000 ns, Total: 3651000 ns
[2020-09-16T10:53:13.422+0000][23660][gc,marking   ] GC(23) Concurrent Rebuild Remembered Sets
[2020-09-16T10:53:13.480+0000][23660][gc,marking   ] GC(23) Concurrent Rebuild Remembered Sets 58.573ms
[2020-09-16T10:53:13.481+0000][23660][gc,start     ] GC(23) Pause Cleanup
[2020-09-16T10:53:13.481+0000][23660][gc           ] GC(23) Pause Cleanup 230M->230M(1024M) 0.331ms
[2020-09-16T10:53:13.481+0000][23660][gc,cpu       ] GC(23) User=0.00s Sys=0.00s Real=0.00s
[2020-09-16T10:53:13.481+0000][23660][safepoint    ] Safepoint "G1Concurrent", Time since last: 58795300 ns, Reaching safepoint: 157300 ns, At safepoint: 506200 ns, Total: 663500 ns
[2020-09-16T10:53:13.481+0000][23660][gc,marking   ] GC(23) Concurrent Cleanup for Next Mark
[2020-09-16T10:53:13.483+0000][23660][gc,marking   ] GC(23) Concurrent Cleanup for Next Mark 1.644ms
[2020-09-16T10:53:13.483+0000][23660][gc           ] GC(23) Concurrent Cycle 196.562ms
[2020-09-16T10:53:13.608+0000][23660][safepoint    ] Safepoint "BulkRevokeBias", Time since last: 125083100 ns, Reaching safepoint: 137500 ns, At safepoint: 1369200 ns, Total: 1506700 ns
[2020-09-16T10:53:13.838+0000][23660][safepoint    ] Safepoint "BulkRevokeBias", Time since last: 229013800 ns, Reaching safepoint: 128900 ns, At safepoint: 1248500 ns, Total: 1377400 ns
[2020-09-16T10:53:14.170+0000][23660][gc,start     ] GC(24) Pause Young (Concurrent Start) (G1 Humongous Allocation)
[2020-09-16T10:53:14.170+0000][23660][gc,task      ] GC(24) Using 8 workers of 8 for evacuation
[2020-09-16T10:53:14.170+0000][23660][gc,age       ] GC(24) Desired survivor size 36175872 bytes, new threshold 15 (max threshold 15)
[2020-09-16T10:53:14.186+0000][23660][gc,age       ] GC(24) Age table with threshold 15 (max threshold 15)
[2020-09-16T10:53:14.186+0000][23660][gc,age       ] GC(24) - age   1:    2736152 bytes,    2736152 total
[2020-09-16T10:53:14.186+0000][23660][gc,age       ] GC(24) - age   2:     241880 bytes,    2978032 total
[2020-09-16T10:53:14.186+0000][23660][gc,age       ] GC(24) - age   3:     245184 bytes,    3223216 total
[2020-09-16T10:53:14.186+0000][23660][gc,age       ] GC(24) - age   4:     303392 bytes,    3526608 total
[2020-09-16T10:53:14.186+0000][23660][gc,age       ] GC(24) - age   5:     309600 bytes,    3836208 total
[2020-09-16T10:53:14.186+0000][23660][gc,age       ] GC(24) - age   6:     309160 bytes,    4145368 total
[2020-09-16T10:53:14.186+0000][23660][gc,age       ] GC(24) - age   7:     426552 bytes,    4571920 total
[2020-09-16T10:53:14.186+0000][23660][gc,age       ] GC(24) - age   8:   12328280 bytes,   16900200 total
[2020-09-16T10:53:14.186+0000][23660][gc,age       ] GC(24) - age   9:     677472 bytes,   17577672 total
[2020-09-16T10:53:14.186+0000][23660][gc,age       ] GC(24) - age  10:    7642760 bytes,   25220432 total
[2020-09-16T10:53:14.187+0000][23660][gc,phases    ] GC(24)   Pre Evacuate Collection Set: 0.4ms
[2020-09-16T10:53:14.187+0000][23660][gc,phases    ] GC(24)   Merge Heap Roots: 0.1ms
[2020-09-16T10:53:14.187+0000][23660][gc,phases    ] GC(24)   Evacuate Collection Set: 14.0ms
[2020-09-16T10:53:14.187+0000][23660][gc,phases    ] GC(24)   Post Evacuate Collection Set: 1.7ms
[2020-09-16T10:53:14.187+0000][23660][gc,phases    ] GC(24)   Other: 0.9ms
[2020-09-16T10:53:14.187+0000][23660][gc,heap      ] GC(24) Eden regions: 59->0(525)
[2020-09-16T10:53:14.187+0000][23660][gc,heap      ] GC(24) Survivor regions: 25->26(69)
[2020-09-16T10:53:14.187+0000][23660][gc,heap      ] GC(24) Old regions: 50->50
[2020-09-16T10:53:14.187+0000][23660][gc,heap      ] GC(24) Archive regions: 0->0
[2020-09-16T10:53:14.187+0000][23660][gc,heap      ] GC(24) Humongous regions: 257->140
[2020-09-16T10:53:14.187+0000][23660][gc,metaspace ] GC(24) Metaspace: 79670K(85220K)->79670K(85220K) NonClass: 69068K(72344K)->69068K(72344K) Class: 10602K(12876K)->10602K(12876K)
[2020-09-16T10:53:14.187+0000][23660][gc           ] GC(24) Pause Young (Concurrent Start) (G1 Humongous Allocation) 390M->215M(1024M) 17.493ms
[2020-09-16T10:53:14.187+0000][23660][gc,cpu       ] GC(24) User=0.13s Sys=0.00s Real=0.02s
[2020-09-16T10:53:14.187+0000][23660][gc           ] GC(25) Concurrent Cycle
[2020-09-16T10:53:14.187+0000][23660][safepoint    ] Safepoint "G1TryInitiateConcMark", Time since last: 331242000 ns, Reaching safepoint: 222800 ns, At safepoint: 17724500 ns, Total: 17947300 ns
[2020-09-16T10:53:14.187+0000][23660][gc,marking   ] GC(25) Concurrent Clear Claimed Marks
[2020-09-16T10:53:14.188+0000][23660][gc,marking   ] GC(25) Concurrent Clear Claimed Marks 0.419ms
[2020-09-16T10:53:14.188+0000][23660][gc,marking   ] GC(25) Concurrent Scan Root Regions
[2020-09-16T10:53:14.206+0000][23660][gc,marking   ] GC(25) Concurrent Scan Root Regions 18.712ms
[2020-09-16T10:53:14.207+0000][23660][gc,marking   ] GC(25) Concurrent Mark (597.640s)
[2020-09-16T10:53:14.207+0000][23660][gc,marking   ] GC(25) Concurrent Mark From Roots
[2020-09-16T10:53:14.207+0000][23660][gc,task      ] GC(25) Using 2 workers of 2 for marking
[2020-09-16T10:53:14.302+0000][23660][gc,marking   ] GC(25) Concurrent Mark From Roots 94.864ms
[2020-09-16T10:53:14.302+0000][23660][gc,marking   ] GC(25) Concurrent Preclean
[2020-09-16T10:53:14.302+0000][23660][gc,marking   ] GC(25) Concurrent Preclean 0.434ms
[2020-09-16T10:53:14.302+0000][23660][gc,marking   ] GC(25) Concurrent Mark (597.640s, 597.736s) 95.475ms
[2020-09-16T10:53:14.302+0000][23660][gc,start     ] GC(25) Pause Remark
[2020-09-16T10:53:14.306+0000][23660][gc           ] GC(25) Pause Remark 263M->263M(1024M) 3.537ms
[2020-09-16T10:53:14.306+0000][23660][gc,cpu       ] GC(25) User=0.00s Sys=0.00s Real=0.00s
[2020-09-16T10:53:14.306+0000][23660][safepoint    ] Safepoint "G1Concurrent", Time since last: 114854800 ns, Reaching safepoint: 125800 ns, At safepoint: 3777400 ns, Total: 3903200 ns
[2020-09-16T10:53:14.306+0000][23660][gc,marking   ] GC(25) Concurrent Rebuild Remembered Sets
[2020-09-16T10:53:14.373+0000][23660][gc,marking   ] GC(25) Concurrent Rebuild Remembered Sets 66.900ms
[2020-09-16T10:53:14.373+0000][23660][gc,start     ] GC(25) Pause Cleanup
[2020-09-16T10:53:14.374+0000][23660][gc           ] GC(25) Pause Cleanup 263M->263M(1024M) 0.296ms
[2020-09-16T10:53:14.374+0000][23660][gc,cpu       ] GC(25) User=0.00s Sys=0.00s Real=0.00s
[2020-09-16T10:53:14.374+0000][23660][safepoint    ] Safepoint "G1Concurrent", Time since last: 67085400 ns, Reaching safepoint: 196400 ns, At safepoint: 756500 ns, Total: 952900 ns
[2020-09-16T10:53:14.374+0000][23660][gc,marking   ] GC(25) Concurrent Cleanup for Next Mark
[2020-09-16T10:53:14.376+0000][23660][gc,marking   ] GC(25) Concurrent Cleanup for Next Mark 2.156ms
[2020-09-16T10:53:14.377+0000][23660][gc           ] GC(25) Concurrent Cycle 189.253ms
[2020-09-16T10:53:14.499+0000][23660][safepoint    ] Safepoint "BulkRevokeBias", Time since last: 123427700 ns, Reaching safepoint: 132600 ns, At safepoint: 1748800 ns, Total: 1881400 ns
[2020-09-16T10:53:14.829+0000][23660][gc,start     ] GC(26) Pause Young (Concurrent Start) (G1 Humongous Allocation)
[2020-09-16T10:53:14.829+0000][23660][gc,task      ] GC(26) Using 8 workers of 8 for evacuation
[2020-09-16T10:53:14.829+0000][23660][gc,age       ] GC(26) Desired survivor size 36175872 bytes, new threshold 15 (max threshold 15)
[2020-09-16T10:53:14.847+0000][23660][gc,age       ] GC(26) Age table with threshold 15 (max threshold 15)
[2020-09-16T10:53:14.847+0000][23660][gc,age       ] GC(26) - age   1:    1933856 bytes,    1933856 total
[2020-09-16T10:53:14.847+0000][23660][gc,age       ] GC(26) - age   2:     441976 bytes,    2375832 total
[2020-09-16T10:53:14.847+0000][23660][gc,age       ] GC(26) - age   3:     241880 bytes,    2617712 total
[2020-09-16T10:53:14.847+0000][23660][gc,age       ] GC(26) - age   4:     244784 bytes,    2862496 total
[2020-09-16T10:53:14.847+0000][23660][gc,age       ] GC(26) - age   5:     303200 bytes,    3165696 total
[2020-09-16T10:53:14.847+0000][23660][gc,age       ] GC(26) - age   6:     306256 bytes,    3471952 total
[2020-09-16T10:53:14.847+0000][23660][gc,age       ] GC(26) - age   7:     309160 bytes,    3781112 total
[2020-09-16T10:53:14.847+0000][23660][gc,age       ] GC(26) - age   8:     426200 bytes,    4207312 total
[2020-09-16T10:53:14.847+0000][23660][gc,age       ] GC(26) - age   9:   12328280 bytes,   16535592 total
[2020-09-16T10:53:14.847+0000][23660][gc,age       ] GC(26) - age  10:     677472 bytes,   17213064 total
[2020-09-16T10:53:14.847+0000][23660][gc,age       ] GC(26) - age  11:    7642760 bytes,   24855824 total
[2020-09-16T10:53:14.847+0000][23660][gc,phases    ] GC(26)   Pre Evacuate Collection Set: 0.5ms
[2020-09-16T10:53:14.847+0000][23660][gc,phases    ] GC(26)   Merge Heap Roots: 0.1ms
[2020-09-16T10:53:14.847+0000][23660][gc,phases    ] GC(26)   Evacuate Collection Set: 15.5ms
[2020-09-16T10:53:14.848+0000][23660][gc,phases    ] GC(26)   Post Evacuate Collection Set: 1.8ms
[2020-09-16T10:53:14.848+0000][23660][gc,phases    ] GC(26)   Other: 1.0ms
[2020-09-16T10:53:14.848+0000][23660][gc,heap      ] GC(26) Eden regions: 48->0(528)
[2020-09-16T10:53:14.848+0000][23660][gc,heap      ] GC(26) Survivor regions: 26->25(69)
[2020-09-16T10:53:14.848+0000][23660][gc,heap      ] GC(26) Old regions: 50->50
[2020-09-16T10:53:14.848+0000][23660][gc,heap      ] GC(26) Archive regions: 0->0
[2020-09-16T10:53:14.848+0000][23660][gc,heap      ] GC(26) Humongous regions: 257->140
[2020-09-16T10:53:14.848+0000][23660][gc,metaspace ] GC(26) Metaspace: 79718K(85476K)->79718K(85476K) NonClass: 69115K(72600K)->69115K(72600K) Class: 10602K(12876K)->10602K(12876K)
[2020-09-16T10:53:14.848+0000][23660][gc           ] GC(26) Pause Young (Concurrent Start) (G1 Humongous Allocation) 379M->214M(1024M) 19.178ms
[2020-09-16T10:53:14.848+0000][23660][gc,cpu       ] GC(26) User=0.16s Sys=0.00s Real=0.02s
[2020-09-16T10:53:14.848+0000][23660][gc           ] GC(27) Concurrent Cycle
[2020-09-16T10:53:14.848+0000][23660][safepoint    ] Safepoint "G1TryInitiateConcMark", Time since last: 329000000 ns, Reaching safepoint: 163500 ns, At safepoint: 19444300 ns, Total: 19607800 ns
[2020-09-16T10:53:14.848+0000][23660][gc,marking   ] GC(27) Concurrent Clear Claimed Marks
[2020-09-16T10:53:14.848+0000][23660][gc,marking   ] GC(27) Concurrent Clear Claimed Marks 0.432ms
[2020-09-16T10:53:14.849+0000][23660][gc,marking   ] GC(27) Concurrent Scan Root Regions
[2020-09-16T10:53:14.869+0000][23660][gc,marking   ] GC(27) Concurrent Scan Root Regions 20.666ms
[2020-09-16T10:53:14.869+0000][23660][gc,marking   ] GC(27) Concurrent Mark (598.303s)
[2020-09-16T10:53:14.869+0000][23660][gc,marking   ] GC(27) Concurrent Mark From Roots
[2020-09-16T10:53:14.869+0000][23660][gc,task      ] GC(27) Using 2 workers of 2 for marking
[2020-09-16T10:53:14.991+0000][23660][gc,marking   ] GC(27) Concurrent Mark From Roots 121.181ms
[2020-09-16T10:53:14.991+0000][23660][gc,marking   ] GC(27) Concurrent Preclean
[2020-09-16T10:53:14.991+0000][23660][gc,marking   ] GC(27) Concurrent Preclean 0.630ms
[2020-09-16T10:53:14.991+0000][23660][gc,marking   ] GC(27) Concurrent Mark (598.303s, 598.425s) 122.058ms
[2020-09-16T10:53:14.992+0000][23660][gc,start     ] GC(27) Pause Remark
[2020-09-16T10:53:14.995+0000][23660][gc           ] GC(27) Pause Remark 243M->243M(1024M) 3.479ms
[2020-09-16T10:53:14.995+0000][23660][gc,cpu       ] GC(27) User=0.00s Sys=0.00s Real=0.00s
[2020-09-16T10:53:14.995+0000][23660][safepoint    ] Safepoint "G1Concurrent", Time since last: 143429600 ns, Reaching safepoint: 191600 ns, At safepoint: 3726400 ns, Total: 3918000 ns
[2020-09-16T10:53:14.995+0000][23660][gc,marking   ] GC(27) Concurrent Rebuild Remembered Sets
[2020-09-16T10:53:15.055+0000][23660][gc,marking   ] GC(27) Concurrent Rebuild Remembered Sets 59.659ms
[2020-09-16T10:53:15.055+0000][23660][gc,start     ] GC(27) Pause Cleanup
[2020-09-16T10:53:15.056+0000][23660][gc           ] GC(27) Pause Cleanup 244M->244M(1024M) 0.312ms
[2020-09-16T10:53:15.056+0000][23660][gc,cpu       ] GC(27) User=0.00s Sys=0.00s Real=0.00s
[2020-09-16T10:53:15.056+0000][23660][safepoint    ] Safepoint "G1Concurrent", Time since last: 59848000 ns, Reaching safepoint: 117400 ns, At safepoint: 502000 ns, Total: 619400 ns
[2020-09-16T10:53:15.056+0000][23660][gc,marking   ] GC(27) Concurrent Cleanup for Next Mark
[2020-09-16T10:53:15.058+0000][23660][gc,marking   ] GC(27) Concurrent Cleanup for Next Mark 1.859ms
[2020-09-16T10:53:15.058+0000][23660][gc           ] GC(27) Concurrent Cycle 210.097ms
[2020-09-16T10:53:15.865+0000][23660][safepoint    ] Safepoint "BulkRevokeBias", Time since last: 806588400 ns, Reaching safepoint: 995600 ns, At safepoint: 1628300 ns, Total: 2623900 ns
[2020-09-16T10:53:16.473+0000][23660][safepoint    ] Safepoint "BulkRevokeBias", Time since last: 606856400 ns, Reaching safepoint: 187500 ns, At safepoint: 1234500 ns, Total: 1422000 ns
[2020-09-16T10:53:16.571+0000][23660][safepoint    ] Safepoint "BulkRevokeBias", Time since last: 95937800 ns, Reaching safepoint: 141300 ns, At safepoint: 1792100 ns, Total: 1933400 ns
[2020-09-16T10:53:16.577+0000][23660][safepoint    ] Safepoint "BulkRevokeBias", Time since last: 2567300 ns, Reaching safepoint: 192000 ns, At safepoint: 2816100 ns, Total: 3008100 ns
[2020-09-16T10:53:16.655+0000][23660][safepoint    ] Safepoint "BulkRevokeBias", Time since last: 77236700 ns, Reaching safepoint: 154300 ns, At safepoint: 1132300 ns, Total: 1286600 ns
[2020-09-16T10:53:16.691+0000][23660][safepoint    ] Safepoint "BulkRevokeBias", Time since last: 32218400 ns, Reaching safepoint: 185700 ns, At safepoint: 3867800 ns, Total: 4053500 ns
[2020-09-16T10:53:17.693+0000][23660][safepoint    ] Safepoint "Cleanup", Time since last: 1001096400 ns, Reaching safepoint: 162600 ns, At safepoint: 10500 ns, Total: 173100 ns
[2020-09-16T10:53:19.356+0000][23660][safepoint    ] Safepoint "Cleanup", Time since last: 1661868400 ns, Reaching safepoint: 687000 ns, At safepoint: 81100 ns, Total: 768100 ns
[2020-09-16T10:53:19.382+0000][23660][safepoint    ] Safepoint "BulkRevokeBias", Time since last: 24545300 ns, Reaching safepoint: 166900 ns, At safepoint: 1969000 ns, Total: 2135900 ns
[2020-09-16T10:53:19.417+0000][23660][safepoint    ] Safepoint "BulkRevokeBias", Time since last: 3776000 ns, Reaching safepoint: 28638000 ns, At safepoint: 2737700 ns, Total: 31375700 ns
[2020-09-16T10:53:19.528+0000][23660][safepoint    ] Safepoint "BulkRevokeBias", Time since last: 109137800 ns, Reaching safepoint: 162000 ns, At safepoint: 1749700 ns, Total: 1911700 ns
[2020-09-16T10:53:19.704+0000][23660][safepoint    ] Safepoint "BulkRevokeBias", Time since last: 173383100 ns, Reaching safepoint: 122400 ns, At safepoint: 1844500 ns, Total: 1966900 ns
[2020-09-16T10:53:19.709+0000][23660][safepoint    ] Safepoint "BulkRevokeBias", Time since last: 676600 ns, Reaching safepoint: 187100 ns, At safepoint: 4264400 ns, Total: 4451500 ns
[2020-09-16T10:53:19.711+0000][23660][safepoint    ] Safepoint "BulkRevokeBias", Time since last: 237700 ns, Reaching safepoint: 167700 ns, At safepoint: 2108900 ns, Total: 2276600 ns
[2020-09-16T10:53:19.715+0000][23660][safepoint    ] Safepoint "BulkRevokeBias", Time since last: 340700 ns, Reaching safepoint: 134600 ns, At safepoint: 3510800 ns, Total: 3645400 ns
[2020-09-16T10:53:19.723+0000][23660][safepoint    ] Safepoint "BulkRevokeBias", Time since last: 5118500 ns, Reaching safepoint: 443500 ns, At safepoint: 1818900 ns, Total: 2262400 ns
[2020-09-16T10:53:19.726+0000][23660][safepoint    ] Safepoint "BulkRevokeBias", Time since last: 377000 ns, Reaching safepoint: 155900 ns, At safepoint: 3067600 ns, Total: 3223500 ns
[2020-09-16T10:53:19.823+0000][23660][safepoint    ] Safepoint "BulkRevokeBias", Time since last: 94394400 ns, Reaching safepoint: 150800 ns, At safepoint: 1613200 ns, Total: 1764000 ns
[2020-09-16T10:53:19.825+0000][23660][safepoint    ] Safepoint "BulkRevokeBias", Time since last: 978400 ns, Reaching safepoint: 128900 ns, At safepoint: 1758700 ns, Total: 1887600 ns
[2020-09-16T10:53:19.827+0000][23660][safepoint    ] Safepoint "BulkRevokeBias", Time since last: 457800 ns, Reaching safepoint: 136000 ns, At safepoint: 1243700 ns, Total: 1379700 ns
[2020-09-16T10:53:20.911+0000][23660][safepoint    ] Safepoint "Cleanup", Time since last: 1083262200 ns, Reaching safepoint: 253000 ns, At safepoint: 14100 ns, Total: 267100 ns
[2020-09-16T10:53:41.922+0000][23660][safepoint    ] Safepoint "Cleanup", Time since last: 21011782200 ns, Reaching safepoint: 128600 ns, At safepoint: 3500 ns, Total: 132100 ns
[2020-09-16T10:53:42.922+0000][23660][safepoint    ] Safepoint "Cleanup", Time since last: 1000611800 ns, Reaching safepoint: 104900 ns, At safepoint: 8200 ns, Total: 113100 ns
[2020-09-16T10:53:46.924+0000][23660][safepoint    ] Safepoint "Cleanup", Time since last: 4001725900 ns, Reaching safepoint: 253400 ns, At safepoint: 18100 ns, Total: 271500 ns
[2020-09-16T10:54:01.932+0000][23660][safepoint    ] Safepoint "Cleanup", Time since last: 15008084900 ns, Reaching safepoint: 137900 ns, At safepoint: 7600 ns, Total: 145500 ns
[2020-09-16T10:54:45.957+0000][23660][safepoint    ] Safepoint "Cleanup", Time since last: 44026971100 ns, Reaching safepoint: 229100 ns, At safepoint: 19400 ns, Total: 248500 ns
[2020-09-16T10:55:00.961+0000][23660][safepoint    ] Safepoint "Cleanup", Time since last: 15004799300 ns, Reaching safepoint: 271200 ns, At safepoint: 14700 ns, Total: 285900 ns
[2020-09-16T10:56:15.996+0000][23660][safepoint    ] Safepoint "Cleanup", Time since last: 75037855400 ns, Reaching safepoint: 138000 ns, At safepoint: 15200 ns, Total: 153200 ns
[2020-09-16T10:56:35.003+0000][23660][safepoint    ] Safepoint "Cleanup", Time since last: 19008062200 ns, Reaching safepoint: 103300 ns, At safepoint: 6000 ns, Total: 109300 ns
[2020-09-16T10:57:16.023+0000][23660][safepoint    ] Safepoint "Cleanup", Time since last: 41020887700 ns, Reaching safepoint: 92300 ns, At safepoint: 7100 ns, Total: 99400 ns
[2020-09-16T10:57:36.031+0000][23660][safepoint    ] Safepoint "Cleanup", Time since last: 20009670600 ns, Reaching safepoint: 114800 ns, At safepoint: 5800 ns, Total: 120600 ns
[2020-09-16T11:04:43.227+0000][23660][safepoint    ] Safepoint "Cleanup", Time since last: 427210358000 ns, Reaching safepoint: 165600 ns, At safepoint: 7000 ns, Total: 172600 ns
[2020-09-16T11:06:01.265+0000][23660][safepoint    ] Safepoint "Cleanup", Time since last: 78040721000 ns, Reaching safepoint: 144300 ns, At safepoint: 5800 ns, Total: 150100 ns
[2020-09-16T11:06:45.288+0000][23660][safepoint    ] Safepoint "Cleanup", Time since last: 44024740300 ns, Reaching safepoint: 329200 ns, At safepoint: 23600 ns, Total: 352800 ns
[2020-09-16T11:07:05.298+0000][23660][safepoint    ] Safepoint "Cleanup", Time since last: 20009662200 ns, Reaching safepoint: 162700 ns, At safepoint: 8500 ns, Total: 171200 ns
[2020-09-16T11:08:00.325+0000][23660][safepoint    ] Safepoint "Cleanup", Time since last: 55029077100 ns, Reaching safepoint: 289600 ns, At safepoint: 31100 ns, Total: 320700 ns
[2020-09-16T11:08:02.326+0000][23660][safepoint    ] Safepoint "Cleanup", Time since last: 2000242900 ns, Reaching safepoint: 108700 ns, At safepoint: 8100 ns, Total: 116800 ns
[2020-09-16T11:08:13.331+0000][23660][safepoint    ] Safepoint "Cleanup", Time since last: 11005608800 ns, Reaching safepoint: 114500 ns, At safepoint: 8800 ns, Total: 123300 ns
[2020-09-16T11:08:47.347+0000][23660][safepoint    ] Safepoint "Cleanup", Time since last: 34016644000 ns, Reaching safepoint: 92100 ns, At safepoint: 10500 ns, Total: 102600 ns
[2020-09-16T11:09:34.368+0000][23660][safepoint    ] Safepoint "Cleanup", Time since last: 47021723500 ns, Reaching safepoint: 89300 ns, At safepoint: 6600 ns, Total: 95900 ns
[2020-09-16T11:10:42.402+0000][23660][safepoint    ] Safepoint "Cleanup", Time since last: 68035662000 ns, Reaching safepoint: 413700 ns, At safepoint: 30100 ns, Total: 443800 ns
[2020-09-16T11:10:51.406+0000][23660][safepoint    ] Safepoint "Cleanup", Time since last: 9003664400 ns, Reaching safepoint: 110900 ns, At safepoint: 5700 ns, Total: 116600 ns
[2020-09-16T11:12:00.439+0000][23660][safepoint    ] Safepoint "Cleanup", Time since last: 69034800100 ns, Reaching safepoint: 152400 ns, At safepoint: 5800 ns, Total: 158200 ns
[2020-09-16T11:13:34.636+0000][23660][safepoint    ] Safepoint "Cleanup", Time since last: 94199745000 ns, Reaching safepoint: 156000 ns, At safepoint: 163600 ns, Total: 319600 ns
[2020-09-16T11:13:34.640+0000][23660][safepoint    ] Safepoint "BulkRevokeBias", Time since last: 82400 ns, Reaching safepoint: 113500 ns, At safepoint: 3140800 ns, Total: 3254300 ns
