[2020-09-10T07:42:49.554+0000][33444][gc,heap] Heap region size: 1M
[2020-09-10T07:42:49.554+0000][33444][gc,heap,coops] Heap address: 0x00000000c0000000, size: 1024 MB, Compressed Oops mode: 32-bit
[2020-09-10T07:42:49.979+0000][33444][gc           ] Using G1
[2020-09-10T07:42:49.997+0000][33444][gc           ] Periodic GC disabled
[2020-09-10T07:42:50.850+0000][33444][safepoint    ] Safepoint "ICBufferFull", Time since last: 861873200 ns, Reaching safepoint: 174600 ns, At safepoint: 23800 ns, Total: 198400 ns
[2020-09-10T07:42:51.646+0000][33444][safepoint    ] Safepoint "ICBufferFull", Time since last: 795566000 ns, Reaching safepoint: 223800 ns, At safepoint: 55500 ns, Total: 279300 ns
[2020-09-10T07:42:52.116+0000][33444][gc,start     ] GC(0) Pause Young (Normal) (G1 Evacuation Pause)
[2020-09-10T07:42:52.117+0000][33444][gc,task      ] GC(0) Using 8 workers of 8 for evacuation
[2020-09-10T07:42:52.117+0000][33444][gc,age       ] GC(0) Desired survivor size 3670016 bytes, new threshold 15 (max threshold 15)
[2020-09-10T07:42:52.123+0000][33444][gc,age       ] GC(0) Age table with threshold 15 (max threshold 15)
[2020-09-10T07:42:52.123+0000][33444][gc,age       ] GC(0) - age   1:    5056872 bytes,    5056872 total
[2020-09-10T07:42:52.123+0000][33444][gc,phases    ] GC(0)   Pre Evacuate Collection Set: 0.1ms
[2020-09-10T07:42:52.123+0000][33444][gc,phases    ] GC(0)   Merge Heap Roots: 0.1ms
[2020-09-10T07:42:52.123+0000][33444][gc,phases    ] GC(0)   Evacuate Collection Set: 4.1ms
[2020-09-10T07:42:52.123+0000][33444][gc,phases    ] GC(0)   Post Evacuate Collection Set: 1.0ms
[2020-09-10T07:42:52.123+0000][33444][gc,phases    ] GC(0)   Other: 1.2ms
[2020-09-10T07:42:52.123+0000][33444][gc,heap      ] GC(0) Eden regions: 51->0(56)
[2020-09-10T07:42:52.123+0000][33444][gc,heap      ] GC(0) Survivor regions: 0->5(7)
[2020-09-10T07:42:52.123+0000][33444][gc,heap      ] GC(0) Old regions: 0->0
[2020-09-10T07:42:52.123+0000][33444][gc,heap      ] GC(0) Archive regions: 0->0
[2020-09-10T07:42:52.123+0000][33444][gc,heap      ] GC(0) Humongous regions: 1->1
[2020-09-10T07:42:52.123+0000][33444][gc,metaspace ] GC(0) Metaspace: 12359K(12928K)->12359K(12928K) NonClass: 10853K(11264K)->10853K(11264K) Class: 1506K(1664K)->1506K(1664K)
[2020-09-10T07:42:52.123+0000][33444][gc           ] GC(0) Pause Young (Normal) (G1 Evacuation Pause) 52M->5M(1024M) 6.842ms
[2020-09-10T07:42:52.123+0000][33444][gc,cpu       ] GC(0) User=0.00s Sys=0.02s Real=0.01s
[2020-09-10T07:42:52.123+0000][33444][safepoint    ] Safepoint "G1CollectForAllocation", Time since last: 470128200 ns, Reaching safepoint: 108600 ns, At safepoint: 7000100 ns, Total: 7108700 ns
[2020-09-10T07:42:52.640+0000][33444][safepoint    ] Safepoint "BulkRevokeBias", Time since last: 516761900 ns, Reaching safepoint: 140500 ns, At safepoint: 104000 ns, Total: 244500 ns
[2020-09-10T07:42:52.823+0000][33444][gc,start     ] GC(1) Pause Young (Normal) (G1 Evacuation Pause)
[2020-09-10T07:42:52.823+0000][33444][gc,task      ] GC(1) Using 8 workers of 8 for evacuation
[2020-09-10T07:42:52.823+0000][33444][gc,age       ] GC(1) Desired survivor size 4194304 bytes, new threshold 1 (max threshold 15)
[2020-09-10T07:42:52.830+0000][33444][gc,age       ] GC(1) Age table with threshold 1 (max threshold 15)
[2020-09-10T07:42:52.830+0000][33444][gc,age       ] GC(1) - age   1:    1254336 bytes,    1254336 total
[2020-09-10T07:42:52.830+0000][33444][gc,phases    ] GC(1)   Pre Evacuate Collection Set: 0.4ms
[2020-09-10T07:42:52.830+0000][33444][gc,phases    ] GC(1)   Merge Heap Roots: 0.5ms
[2020-09-10T07:42:52.830+0000][33444][gc,phases    ] GC(1)   Evacuate Collection Set: 5.1ms
[2020-09-10T07:42:52.830+0000][33444][gc,phases    ] GC(1)   Post Evacuate Collection Set: 0.8ms
[2020-09-10T07:42:52.830+0000][33444][gc,phases    ] GC(1)   Other: 0.3ms
[2020-09-10T07:42:52.830+0000][33444][gc,heap      ] GC(1) Eden regions: 56->0(212)
[2020-09-10T07:42:52.830+0000][33444][gc,heap      ] GC(1) Survivor regions: 5->2(8)
[2020-09-10T07:42:52.830+0000][33444][gc,heap      ] GC(1) Old regions: 0->5
[2020-09-10T07:42:52.830+0000][33444][gc,heap      ] GC(1) Archive regions: 0->0
[2020-09-10T07:42:52.830+0000][33444][gc,heap      ] GC(1) Humongous regions: 1->1
[2020-09-10T07:42:52.830+0000][33444][gc,metaspace ] GC(1) Metaspace: 14936K(15616K)->14936K(15616K) NonClass: 13152K(13568K)->13152K(13568K) Class: 1784K(2048K)->1784K(2048K)
[2020-09-10T07:42:52.830+0000][33444][gc           ] GC(1) Pause Young (Normal) (G1 Evacuation Pause) 61M->7M(1024M) 7.209ms
[2020-09-10T07:42:52.830+0000][33444][gc,cpu       ] GC(1) User=0.00s Sys=0.00s Real=0.01s
[2020-09-10T07:42:52.830+0000][33444][safepoint    ] Safepoint "G1CollectForAllocation", Time since last: 182703700 ns, Reaching safepoint: 84400 ns, At safepoint: 7293900 ns, Total: 7378300 ns
[2020-09-10T07:42:52.831+0000][33444][safepoint    ] Safepoint "BulkRevokeBias", Time since last: 195200 ns, Reaching safepoint: 83000 ns, At safepoint: 112100 ns, Total: 195100 ns
[2020-09-10T07:42:52.832+0000][33444][safepoint    ] Safepoint "BulkRevokeBias", Time since last: 586400 ns, Reaching safepoint: 80600 ns, At safepoint: 71800 ns, Total: 152400 ns
[2020-09-10T07:42:52.832+0000][33444][safepoint    ] Safepoint "BulkRevokeBias", Time since last: 81500 ns, Reaching safepoint: 31500 ns, At safepoint: 65700 ns, Total: 97200 ns
[2020-09-10T07:42:53.802+0000][33444][safepoint    ] Safepoint "ICBufferFull", Time since last: 969969500 ns, Reaching safepoint: 142600 ns, At safepoint: 3100 ns, Total: 145700 ns
[2020-09-10T07:42:54.723+0000][33444][gc,start     ] GC(2) Pause Young (Normal) (G1 Evacuation Pause)
[2020-09-10T07:42:54.723+0000][33444][gc,task      ] GC(2) Using 8 workers of 8 for evacuation
[2020-09-10T07:42:54.723+0000][33444][gc,age       ] GC(2) Desired survivor size 14155776 bytes, new threshold 15 (max threshold 15)
[2020-09-10T07:42:54.728+0000][33444][gc,age       ] GC(2) Age table with threshold 15 (max threshold 15)
[2020-09-10T07:42:54.728+0000][33444][gc,age       ] GC(2) - age   1:    3955272 bytes,    3955272 total
[2020-09-10T07:42:54.728+0000][33444][gc,age       ] GC(2) - age   2:    1233832 bytes,    5189104 total
[2020-09-10T07:42:54.728+0000][33444][gc,phases    ] GC(2)   Pre Evacuate Collection Set: 0.1ms
[2020-09-10T07:42:54.728+0000][33444][gc,phases    ] GC(2)   Merge Heap Roots: 0.1ms
[2020-09-10T07:42:54.728+0000][33444][gc,phases    ] GC(2)   Evacuate Collection Set: 3.1ms
[2020-09-10T07:42:54.728+0000][33444][gc,phases    ] GC(2)   Post Evacuate Collection Set: 1.3ms
[2020-09-10T07:42:54.728+0000][33444][gc,phases    ] GC(2)   Other: 0.4ms
[2020-09-10T07:42:54.728+0000][33444][gc,heap      ] GC(2) Eden regions: 212->0(608)
[2020-09-10T07:42:54.728+0000][33444][gc,heap      ] GC(2) Survivor regions: 2->6(27)
[2020-09-10T07:42:54.728+0000][33444][gc,heap      ] GC(2) Old regions: 5->5
[2020-09-10T07:42:54.728+0000][33444][gc,heap      ] GC(2) Archive regions: 0->0
[2020-09-10T07:42:54.728+0000][33444][gc,heap      ] GC(2) Humongous regions: 1->1
[2020-09-10T07:42:54.729+0000][33444][gc,metaspace ] GC(2) Metaspace: 19795K(20608K)->19795K(20608K) NonClass: 17449K(17920K)->17449K(17920K) Class: 2346K(2688K)->2346K(2688K)
[2020-09-10T07:42:54.729+0000][33444][gc           ] GC(2) Pause Young (Normal) (G1 Evacuation Pause) 219M->11M(1024M) 5.451ms
[2020-09-10T07:42:54.729+0000][33444][gc,cpu       ] GC(2) User=0.13s Sys=0.00s Real=0.01s
[2020-09-10T07:42:54.729+0000][33444][safepoint    ] Safepoint "G1CollectForAllocation", Time since last: 921191700 ns, Reaching safepoint: 94400 ns, At safepoint: 5767700 ns, Total: 5862100 ns
[2020-09-10T07:42:54.736+0000][33444][safepoint    ] Safepoint "BulkRevokeBias", Time since last: 5814100 ns, Reaching safepoint: 785500 ns, At safepoint: 113300 ns, Total: 898800 ns
[2020-09-10T07:42:54.742+0000][33444][safepoint    ] Safepoint "BulkRevokeBias", Time since last: 6069500 ns, Reaching safepoint: 134200 ns, At safepoint: 113900 ns, Total: 248100 ns
[2020-09-10T07:42:54.998+0000][33444][gc,start     ] GC(3) Pause Young (Concurrent Start) (Metadata GC Threshold)
[2020-09-10T07:42:54.998+0000][33444][gc,task      ] GC(3) Using 8 workers of 8 for evacuation
[2020-09-10T07:42:54.998+0000][33444][gc,age       ] GC(3) Desired survivor size 40370176 bytes, new threshold 15 (max threshold 15)
[2020-09-10T07:42:55.004+0000][33444][gc,age       ] GC(3) Age table with threshold 15 (max threshold 15)
[2020-09-10T07:42:55.004+0000][33444][gc,age       ] GC(3) - age   1:    1883992 bytes,    1883992 total
[2020-09-10T07:42:55.004+0000][33444][gc,age       ] GC(3) - age   2:    3696896 bytes,    5580888 total
[2020-09-10T07:42:55.004+0000][33444][gc,age       ] GC(3) - age   3:    1232824 bytes,    6813712 total
[2020-09-10T07:42:55.004+0000][33444][gc,phases    ] GC(3)   Pre Evacuate Collection Set: 0.2ms
[2020-09-10T07:42:55.004+0000][33444][gc,phases    ] GC(3)   Merge Heap Roots: 0.1ms
[2020-09-10T07:42:55.004+0000][33444][gc,phases    ] GC(3)   Evacuate Collection Set: 4.8ms
[2020-09-10T07:42:55.004+0000][33444][gc,phases    ] GC(3)   Post Evacuate Collection Set: 0.6ms
[2020-09-10T07:42:55.004+0000][33444][gc,phases    ] GC(3)   Other: 0.9ms
[2020-09-10T07:42:55.004+0000][33444][gc,heap      ] GC(3) Eden regions: 87->0(607)
[2020-09-10T07:42:55.004+0000][33444][gc,heap      ] GC(3) Survivor regions: 6->7(77)
[2020-09-10T07:42:55.004+0000][33444][gc,heap      ] GC(3) Old regions: 5->5
[2020-09-10T07:42:55.005+0000][33444][gc,heap      ] GC(3) Archive regions: 0->0
[2020-09-10T07:42:55.005+0000][33444][gc,heap      ] GC(3) Humongous regions: 1->1
[2020-09-10T07:42:55.005+0000][33444][gc,metaspace ] GC(3) Metaspace: 20197K(21248K)->20197K(21248K) NonClass: 17799K(18432K)->17799K(18432K) Class: 2398K(2816K)->2398K(2816K)
[2020-09-10T07:42:55.005+0000][33444][gc           ] GC(3) Pause Young (Concurrent Start) (Metadata GC Threshold) 97M->12M(1024M) 6.797ms
[2020-09-10T07:42:55.005+0000][33444][gc,cpu       ] GC(3) User=0.00s Sys=0.00s Real=0.01s
[2020-09-10T07:42:55.005+0000][33444][gc           ] GC(4) Concurrent Cycle
[2020-09-10T07:42:55.005+0000][33444][gc,marking   ] GC(4) Concurrent Clear Claimed Marks
[2020-09-10T07:42:55.005+0000][33444][gc,marking   ] GC(4) Concurrent Clear Claimed Marks 0.060ms
[2020-09-10T07:42:55.005+0000][33444][gc,marking   ] GC(4) Concurrent Scan Root Regions
[2020-09-10T07:42:55.005+0000][33444][safepoint    ] Safepoint "CollectForMetadataAllocation", Time since last: 255626900 ns, Reaching safepoint: 126700 ns, At safepoint: 7094300 ns, Total: 7221000 ns
[2020-09-10T07:42:55.008+0000][33444][safepoint    ] Safepoint "BulkRevokeBias", Time since last: 3193300 ns, Reaching safepoint: 64300 ns, At safepoint: 103000 ns, Total: 167300 ns
[2020-09-10T07:42:55.008+0000][33444][gc,marking   ] GC(4) Concurrent Scan Root Regions 3.614ms
[2020-09-10T07:42:55.009+0000][33444][gc,marking   ] GC(4) Concurrent Mark (5.473s)
[2020-09-10T07:42:55.009+0000][33444][gc,marking   ] GC(4) Concurrent Mark From Roots
[2020-09-10T07:42:55.009+0000][33444][gc,task      ] GC(4) Using 2 workers of 2 for marking
[2020-09-10T07:42:55.015+0000][33444][gc,marking   ] GC(4) Concurrent Mark From Roots 6.825ms
[2020-09-10T07:42:55.015+0000][33444][gc,marking   ] GC(4) Concurrent Preclean
[2020-09-10T07:42:55.016+0000][33444][gc,marking   ] GC(4) Concurrent Preclean 0.256ms
[2020-09-10T07:42:55.016+0000][33444][gc,marking   ] GC(4) Concurrent Mark (5.473s, 5.481s) 7.209ms
[2020-09-10T07:42:55.016+0000][33444][gc,start     ] GC(4) Pause Remark
[2020-09-10T07:42:55.018+0000][33444][gc           ] GC(4) Pause Remark 13M->13M(1024M) 2.416ms
[2020-09-10T07:42:55.018+0000][33444][gc,cpu       ] GC(4) User=0.00s Sys=0.00s Real=0.00s
[2020-09-10T07:42:55.018+0000][33444][safepoint    ] Safepoint "G1Concurrent", Time since last: 7569800 ns, Reaching safepoint: 138000 ns, At safepoint: 2542100 ns, Total: 2680100 ns
[2020-09-10T07:42:55.019+0000][33444][gc,marking   ] GC(4) Concurrent Rebuild Remembered Sets
[2020-09-10T07:42:55.022+0000][33444][gc,marking   ] GC(4) Concurrent Rebuild Remembered Sets 3.307ms
[2020-09-10T07:42:55.022+0000][33444][gc,start     ] GC(4) Pause Cleanup
[2020-09-10T07:42:55.023+0000][33444][gc           ] GC(4) Pause Cleanup 14M->14M(1024M) 0.202ms
[2020-09-10T07:42:55.023+0000][33444][gc,cpu       ] GC(4) User=0.13s Sys=0.00s Real=0.00s
[2020-09-10T07:42:55.023+0000][33444][safepoint    ] Safepoint "G1Concurrent", Time since last: 3498900 ns, Reaching safepoint: 405200 ns, At safepoint: 317200 ns, Total: 722400 ns
[2020-09-10T07:42:55.023+0000][33444][gc,marking   ] GC(4) Concurrent Cleanup for Next Mark
[2020-09-10T07:42:55.025+0000][33444][gc,marking   ] GC(4) Concurrent Cleanup for Next Mark 2.034ms
[2020-09-10T07:42:55.025+0000][33444][gc           ] GC(4) Concurrent Cycle 20.221ms
[2020-09-10T07:42:57.023+0000][33444][safepoint    ] Safepoint "Cleanup", Time since last: 1999941200 ns, Reaching safepoint: 167600 ns, At safepoint: 1900 ns, Total: 169500 ns
[2020-09-10T07:42:58.051+0000][33444][safepoint    ] Safepoint "BulkRevokeBias", Time since last: 1028561500 ns, Reaching safepoint: 146500 ns, At safepoint: 77100 ns, Total: 223600 ns
[2020-09-10T07:42:58.856+0000][33444][gc,start     ] GC(5) Pause Young (Normal) (G1 Evacuation Pause)
[2020-09-10T07:42:58.856+0000][33444][gc,task      ] GC(5) Using 8 workers of 8 for evacuation
[2020-09-10T07:42:58.856+0000][33444][gc,age       ] GC(5) Desired survivor size 40370176 bytes, new threshold 15 (max threshold 15)
[2020-09-10T07:42:58.870+0000][33444][gc,age       ] GC(5) Age table with threshold 15 (max threshold 15)
[2020-09-10T07:42:58.870+0000][33444][gc,age       ] GC(5) - age   1:   16421064 bytes,   16421064 total
[2020-09-10T07:42:58.870+0000][33444][gc,age       ] GC(5) - age   2:    1857032 bytes,   18278096 total
[2020-09-10T07:42:58.870+0000][33444][gc,age       ] GC(5) - age   3:    3660440 bytes,   21938536 total
[2020-09-10T07:42:58.870+0000][33444][gc,age       ] GC(5) - age   4:    1185032 bytes,   23123568 total
[2020-09-10T07:42:58.870+0000][33444][gc,phases    ] GC(5)   Pre Evacuate Collection Set: 0.1ms
[2020-09-10T07:42:58.870+0000][33444][gc,phases    ] GC(5)   Merge Heap Roots: 0.1ms
[2020-09-10T07:42:58.870+0000][33444][gc,phases    ] GC(5)   Evacuate Collection Set: 11.4ms
[2020-09-10T07:42:58.870+0000][33444][gc,phases    ] GC(5)   Post Evacuate Collection Set: 1.2ms
[2020-09-10T07:42:58.870+0000][33444][gc,phases    ] GC(5)   Other: 0.4ms
[2020-09-10T07:42:58.870+0000][33444][gc,heap      ] GC(5) Eden regions: 607->0(591)
[2020-09-10T07:42:58.870+0000][33444][gc,heap      ] GC(5) Survivor regions: 7->23(77)
[2020-09-10T07:42:58.870+0000][33444][gc,heap      ] GC(5) Old regions: 5->5
[2020-09-10T07:42:58.870+0000][33444][gc,heap      ] GC(5) Archive regions: 0->0
[2020-09-10T07:42:58.870+0000][33444][gc,heap      ] GC(5) Humongous regions: 2->1
[2020-09-10T07:42:58.870+0000][33444][gc,metaspace ] GC(5) Metaspace: 28386K(30464K)->28386K(30464K) NonClass: 24918K(26368K)->24918K(26368K) Class: 3468K(4096K)->3468K(4096K)
[2020-09-10T07:42:58.870+0000][33444][gc           ] GC(5) Pause Young (Normal) (G1 Evacuation Pause) 620M->28M(1024M) 13.425ms
[2020-09-10T07:42:58.870+0000][33444][gc,cpu       ] GC(5) User=0.13s Sys=0.00s Real=0.01s
[2020-09-10T07:42:58.870+0000][33444][safepoint    ] Safepoint "G1CollectForAllocation", Time since last: 804880800 ns, Reaching safepoint: 178000 ns, At safepoint: 13546800 ns, Total: 13724800 ns
[2020-09-10T07:42:59.701+0000][33444][safepoint    ] Safepoint "ICBufferFull", Time since last: 830618000 ns, Reaching safepoint: 160700 ns, At safepoint: 60500 ns, Total: 221200 ns
[2020-09-10T07:43:00.027+0000][33444][gc,start     ] GC(6) Pause Young (Concurrent Start) (Metadata GC Threshold)
[2020-09-10T07:43:00.027+0000][33444][gc,task      ] GC(6) Using 8 workers of 8 for evacuation
[2020-09-10T07:43:00.027+0000][33444][gc,age       ] GC(6) Desired survivor size 40370176 bytes, new threshold 15 (max threshold 15)
[2020-09-10T07:43:00.056+0000][33444][gc,age       ] GC(6) Age table with threshold 15 (max threshold 15)
[2020-09-10T07:43:00.056+0000][33444][gc,age       ] GC(6) - age   1:   23549744 bytes,   23549744 total
[2020-09-10T07:43:00.056+0000][33444][gc,age       ] GC(6) - age   2:   16292168 bytes,   39841912 total
[2020-09-10T07:43:00.056+0000][33444][gc,age       ] GC(6) - age   3:    1856184 bytes,   41698096 total
[2020-09-10T07:43:00.056+0000][33444][gc,age       ] GC(6) - age   4:    3629408 bytes,   45327504 total
[2020-09-10T07:43:00.056+0000][33444][gc,age       ] GC(6) - age   5:    1170072 bytes,   46497576 total
[2020-09-10T07:43:00.057+0000][33444][gc,phases    ] GC(6)   Pre Evacuate Collection Set: 0.2ms
[2020-09-10T07:43:00.057+0000][33444][gc,phases    ] GC(6)   Merge Heap Roots: 0.1ms
[2020-09-10T07:43:00.057+0000][33444][gc,phases    ] GC(6)   Evacuate Collection Set: 27.2ms
[2020-09-10T07:43:00.057+0000][33444][gc,phases    ] GC(6)   Post Evacuate Collection Set: 1.4ms
[2020-09-10T07:43:00.057+0000][33444][gc,phases    ] GC(6)   Other: 0.6ms
[2020-09-10T07:43:00.057+0000][33444][gc,heap      ] GC(6) Eden regions: 157->0(422)
[2020-09-10T07:43:00.057+0000][33444][gc,heap      ] GC(6) Survivor regions: 23->46(77)
[2020-09-10T07:43:00.057+0000][33444][gc,heap      ] GC(6) Old regions: 5->5
[2020-09-10T07:43:00.057+0000][33444][gc,heap      ] GC(6) Archive regions: 0->0
[2020-09-10T07:43:00.057+0000][33444][gc,heap      ] GC(6) Humongous regions: 1->1
[2020-09-10T07:43:00.057+0000][33444][gc,metaspace ] GC(6) Metaspace: 33520K(35840K)->33520K(35840K) NonClass: 29253K(30720K)->29253K(30720K) Class: 4266K(5120K)->4266K(5120K)
[2020-09-10T07:43:00.057+0000][33444][gc           ] GC(6) Pause Young (Concurrent Start) (Metadata GC Threshold) 185M->51M(1024M) 29.721ms
[2020-09-10T07:43:00.057+0000][33444][gc,cpu       ] GC(6) User=0.23s Sys=0.00s Real=0.03s
[2020-09-10T07:43:00.057+0000][33444][gc           ] GC(7) Concurrent Cycle
[2020-09-10T07:43:00.057+0000][33444][gc,marking   ] GC(7) Concurrent Clear Claimed Marks
[2020-09-10T07:43:00.057+0000][33444][gc,marking   ] GC(7) Concurrent Clear Claimed Marks 0.084ms
[2020-09-10T07:43:00.057+0000][33444][gc,marking   ] GC(7) Concurrent Scan Root Regions
[2020-09-10T07:43:00.057+0000][33444][safepoint    ] Safepoint "CollectForMetadataAllocation", Time since last: 326343400 ns, Reaching safepoint: 104900 ns, At safepoint: 30032200 ns, Total: 30137100 ns
[2020-09-10T07:43:00.075+0000][33444][gc,marking   ] GC(7) Concurrent Scan Root Regions 17.841ms
[2020-09-10T07:43:00.075+0000][33444][gc,marking   ] GC(7) Concurrent Mark (10.540s)
[2020-09-10T07:43:00.075+0000][33444][gc,marking   ] GC(7) Concurrent Mark From Roots
[2020-09-10T07:43:00.075+0000][33444][gc,task      ] GC(7) Using 2 workers of 2 for marking
[2020-09-10T07:43:00.082+0000][33444][gc,marking   ] GC(7) Concurrent Mark From Roots 6.905ms
[2020-09-10T07:43:00.082+0000][33444][gc,marking   ] GC(7) Concurrent Preclean
[2020-09-10T07:43:00.082+0000][33444][gc,marking   ] GC(7) Concurrent Preclean 0.223ms
[2020-09-10T07:43:00.082+0000][33444][gc,marking   ] GC(7) Concurrent Mark (10.540s, 10.548s) 7.256ms
[2020-09-10T07:43:00.082+0000][33444][gc,start     ] GC(7) Pause Remark
[2020-09-10T07:43:00.084+0000][33444][gc           ] GC(7) Pause Remark 54M->54M(1024M) 1.832ms
[2020-09-10T07:43:00.084+0000][33444][gc,cpu       ] GC(7) User=0.00s Sys=0.00s Real=0.00s
[2020-09-10T07:43:00.084+0000][33444][safepoint    ] Safepoint "G1Concurrent", Time since last: 25156800 ns, Reaching safepoint: 102600 ns, At safepoint: 1990800 ns, Total: 2093400 ns
[2020-09-10T07:43:00.085+0000][33444][gc,marking   ] GC(7) Concurrent Rebuild Remembered Sets
[2020-09-10T07:43:00.088+0000][33444][gc,marking   ] GC(7) Concurrent Rebuild Remembered Sets 3.601ms
[2020-09-10T07:43:00.089+0000][33444][gc,start     ] GC(7) Pause Cleanup
[2020-09-10T07:43:00.089+0000][33444][gc           ] GC(7) Pause Cleanup 55M->55M(1024M) 0.247ms
[2020-09-10T07:43:00.089+0000][33444][gc,cpu       ] GC(7) User=0.00s Sys=0.00s Real=0.00s
[2020-09-10T07:43:00.089+0000][33444][safepoint    ] Safepoint "G1Concurrent", Time since last: 3742000 ns, Reaching safepoint: 497800 ns, At safepoint: 351700 ns, Total: 849500 ns
[2020-09-10T07:43:00.089+0000][33444][gc,marking   ] GC(7) Concurrent Cleanup for Next Mark
[2020-09-10T07:43:00.091+0000][33444][gc,marking   ] GC(7) Concurrent Cleanup for Next Mark 1.708ms
[2020-09-10T07:43:00.091+0000][33444][gc           ] GC(7) Concurrent Cycle 33.928ms
[2020-09-10T07:43:01.362+0000][33444][safepoint    ] Safepoint "ICBufferFull", Time since last: 1272725800 ns, Reaching safepoint: 152800 ns, At safepoint: 13100 ns, Total: 165900 ns
[2020-09-10T07:43:01.591+0000][33444][safepoint    ] Safepoint "ICBufferFull", Time since last: 229347300 ns, Reaching safepoint: 161900 ns, At safepoint: 18600 ns, Total: 180500 ns
[2020-09-10T07:43:01.965+0000][33444][safepoint    ] Safepoint "BulkRevokeBias", Time since last: 373942000 ns, Reaching safepoint: 223400 ns, At safepoint: 171400 ns, Total: 394800 ns
[2020-09-10T07:43:02.140+0000][33444][safepoint    ] Safepoint "BulkRevokeBias", Time since last: 173525900 ns, Reaching safepoint: 204500 ns, At safepoint: 341300 ns, Total: 545800 ns
[2020-09-10T07:43:02.149+0000][33444][safepoint    ] Safepoint "BulkRevokeBias", Time since last: 9206000 ns, Reaching safepoint: 169600 ns, At safepoint: 316900 ns, Total: 486500 ns
[2020-09-10T07:43:02.851+0000][33444][gc,start     ] GC(8) Pause Young (Concurrent Start) (Metadata GC Threshold)
[2020-09-10T07:43:02.851+0000][33444][gc,task      ] GC(8) Using 8 workers of 8 for evacuation
[2020-09-10T07:43:02.851+0000][33444][gc,age       ] GC(8) Desired survivor size 34603008 bytes, new threshold 2 (max threshold 15)
[2020-09-10T07:43:02.884+0000][33444][gc,age       ] GC(8) Age table with threshold 2 (max threshold 15)
[2020-09-10T07:43:02.885+0000][33444][gc,age       ] GC(8) - age   1:    8765272 bytes,    8765272 total
[2020-09-10T07:43:02.885+0000][33444][gc,age       ] GC(8) - age   2:   23405448 bytes,   32170720 total
[2020-09-10T07:43:02.885+0000][33444][gc,phases    ] GC(8)   Pre Evacuate Collection Set: 0.3ms
[2020-09-10T07:43:02.885+0000][33444][gc,phases    ] GC(8)   Merge Heap Roots: 0.1ms
[2020-09-10T07:43:02.885+0000][33444][gc,phases    ] GC(8)   Evacuate Collection Set: 30.7ms
[2020-09-10T07:43:02.885+0000][33444][gc,phases    ] GC(8)   Post Evacuate Collection Set: 2.1ms
[2020-09-10T07:43:02.885+0000][33444][gc,phases    ] GC(8)   Other: 0.6ms
[2020-09-10T07:43:02.885+0000][33444][gc,heap      ] GC(8) Eden regions: 244->0(456)
[2020-09-10T07:43:02.885+0000][33444][gc,heap      ] GC(8) Survivor regions: 46->33(66)
[2020-09-10T07:43:02.885+0000][33444][gc,heap      ] GC(8) Old regions: 5->28
[2020-09-10T07:43:02.885+0000][33444][gc,heap      ] GC(8) Archive regions: 0->0
[2020-09-10T07:43:02.885+0000][33444][gc,heap      ] GC(8) Humongous regions: 1->1
[2020-09-10T07:43:02.885+0000][33444][gc,metaspace ] GC(8) Metaspace: 55958K(60160K)->55958K(60160K) NonClass: 48300K(50816K)->48300K(50816K) Class: 7657K(9344K)->7657K(9344K)
[2020-09-10T07:43:02.885+0000][33444][gc           ] GC(8) Pause Young (Concurrent Start) (Metadata GC Threshold) 295M->60M(1024M) 33.859ms
[2020-09-10T07:43:02.885+0000][33444][gc,cpu       ] GC(8) User=0.25s Sys=0.00s Real=0.03s
[2020-09-10T07:43:02.885+0000][33444][gc           ] GC(9) Concurrent Cycle
[2020-09-10T07:43:02.885+0000][33444][gc,marking   ] GC(9) Concurrent Clear Claimed Marks
[2020-09-10T07:43:02.885+0000][33444][safepoint    ] Safepoint "CollectForMetadataAllocation", Time since last: 701565600 ns, Reaching safepoint: 286400 ns, At safepoint: 34102100 ns, Total: 34388500 ns
[2020-09-10T07:43:02.886+0000][33444][gc,marking   ] GC(9) Concurrent Clear Claimed Marks 0.471ms
[2020-09-10T07:43:02.886+0000][33444][gc,marking   ] GC(9) Concurrent Scan Root Regions
[2020-09-10T07:43:02.911+0000][33444][gc,marking   ] GC(9) Concurrent Scan Root Regions 25.524ms
[2020-09-10T07:43:02.911+0000][33444][gc,marking   ] GC(9) Concurrent Mark (13.377s)
[2020-09-10T07:43:02.911+0000][33444][gc,marking   ] GC(9) Concurrent Mark From Roots
[2020-09-10T07:43:02.911+0000][33444][gc,task      ] GC(9) Using 2 workers of 2 for marking
[2020-09-10T07:43:02.917+0000][33444][gc,marking   ] GC(9) Concurrent Mark From Roots 6.128ms
[2020-09-10T07:43:02.917+0000][33444][gc,marking   ] GC(9) Concurrent Preclean
[2020-09-10T07:43:02.918+0000][33444][gc,marking   ] GC(9) Concurrent Preclean 0.223ms
[2020-09-10T07:43:02.918+0000][33444][gc,marking   ] GC(9) Concurrent Mark (13.377s, 13.383s) 6.516ms
[2020-09-10T07:43:02.918+0000][33444][gc,start     ] GC(9) Pause Remark
[2020-09-10T07:43:02.920+0000][33444][gc           ] GC(9) Pause Remark 63M->63M(1024M) 2.180ms
[2020-09-10T07:43:02.920+0000][33444][gc,cpu       ] GC(9) User=0.00s Sys=0.00s Real=0.00s
[2020-09-10T07:43:02.920+0000][33444][safepoint    ] Safepoint "G1Concurrent", Time since last: 32647700 ns, Reaching safepoint: 57600 ns, At safepoint: 2338300 ns, Total: 2395900 ns
[2020-09-10T07:43:02.920+0000][33444][gc,marking   ] GC(9) Concurrent Rebuild Remembered Sets
[2020-09-10T07:43:02.940+0000][33444][gc,marking   ] GC(9) Concurrent Rebuild Remembered Sets 19.749ms
[2020-09-10T07:43:02.941+0000][33444][gc,start     ] GC(9) Pause Cleanup
[2020-09-10T07:43:02.941+0000][33444][gc           ] GC(9) Pause Cleanup 64M->64M(1024M) 0.187ms
[2020-09-10T07:43:02.941+0000][33444][gc,cpu       ] GC(9) User=0.00s Sys=0.00s Real=0.00s
[2020-09-10T07:43:02.941+0000][33444][safepoint    ] Safepoint "G1Concurrent", Time since last: 19936300 ns, Reaching safepoint: 672400 ns, At safepoint: 310600 ns, Total: 983000 ns
[2020-09-10T07:43:02.941+0000][33444][gc,marking   ] GC(9) Concurrent Cleanup for Next Mark
[2020-09-10T07:43:02.943+0000][33444][gc,marking   ] GC(9) Concurrent Cleanup for Next Mark 1.651ms
[2020-09-10T07:43:02.943+0000][33444][gc           ] GC(9) Concurrent Cycle 57.912ms
[2020-09-10T07:43:03.719+0000][33444][safepoint    ] Safepoint "ICBufferFull", Time since last: 777091500 ns, Reaching safepoint: 1138500 ns, At safepoint: 113700 ns, Total: 1252200 ns
[2020-09-10T07:43:04.119+0000][33444][safepoint    ] Safepoint "BulkRevokeBias", Time since last: 397659300 ns, Reaching safepoint: 228500 ns, At safepoint: 1750900 ns, Total: 1979400 ns
[2020-09-10T07:43:05.172+0000][33444][safepoint    ] Safepoint "Cleanup", Time since last: 1052689400 ns, Reaching safepoint: 342300 ns, At safepoint: 92500 ns, Total: 434800 ns
[2020-09-10T07:43:06.182+0000][33444][safepoint    ] Safepoint "Cleanup", Time since last: 1008826000 ns, Reaching safepoint: 179200 ns, At safepoint: 83500 ns, Total: 262700 ns
[2020-09-10T07:43:06.188+0000][33444][safepoint    ] Safepoint "BulkRevokeBias", Time since last: 3014200 ns, Reaching safepoint: 235300 ns, At safepoint: 3384600 ns, Total: 3619900 ns
[2020-09-10T07:43:06.191+0000][33444][safepoint    ] Safepoint "BulkRevokeBias", Time since last: 601900 ns, Reaching safepoint: 182000 ns, At safepoint: 1678500 ns, Total: 1860500 ns
[2020-09-10T07:43:06.195+0000][33444][safepoint    ] Safepoint "BulkRevokeBias", Time since last: 2071800 ns, Reaching safepoint: 350500 ns, At safepoint: 1442900 ns, Total: 1793400 ns
[2020-09-10T07:43:07.202+0000][33444][safepoint    ] Safepoint "Cleanup", Time since last: 1000359800 ns, Reaching safepoint: 376900 ns, At safepoint: 6162600 ns, Total: 6539500 ns
[2020-09-10T07:43:07.208+0000][33444][safepoint    ] Safepoint "BulkRevokeBias", Time since last: 138500 ns, Reaching safepoint: 149600 ns, At safepoint: 5767900 ns, Total: 5917500 ns
[2020-09-10T07:43:07.212+0000][33444][safepoint    ] Safepoint "BulkRevokeBias", Time since last: 981400 ns, Reaching safepoint: 186300 ns, At safepoint: 3330200 ns, Total: 3516500 ns
[2020-09-10T07:43:07.223+0000][33444][safepoint    ] Safepoint "BulkRevokeBias", Time since last: 115500 ns, Reaching safepoint: 79500 ns, At safepoint: 10624000 ns, Total: 10703500 ns
[2020-09-10T07:43:07.227+0000][33444][safepoint    ] Safepoint "BulkRevokeBias", Time since last: 530600 ns, Reaching safepoint: 1181800 ns, At safepoint: 2783900 ns, Total: 3965700 ns
[2020-09-10T07:43:07.240+0000][33444][safepoint    ] Safepoint "BulkRevokeBias", Time since last: 9305000 ns, Reaching safepoint: 230100 ns, At safepoint: 3439900 ns, Total: 3670000 ns
[2020-09-10T07:43:07.515+0000][33444][safepoint    ] Safepoint "BulkRevokeBias", Time since last: 273206000 ns, Reaching safepoint: 187200 ns, At safepoint: 967200 ns, Total: 1154400 ns
[2020-09-10T07:43:08.645+0000][33444][safepoint    ] Safepoint "Cleanup", Time since last: 1130399600 ns, Reaching safepoint: 225300 ns, At safepoint: 5100 ns, Total: 230400 ns
[2020-09-10T07:43:09.646+0000][33444][safepoint    ] Safepoint "Cleanup", Time since last: 1000795600 ns, Reaching safepoint: 163300 ns, At safepoint: 5100 ns, Total: 168400 ns
[2020-09-10T07:43:12.648+0000][33444][safepoint    ] Safepoint "Cleanup", Time since last: 3001687000 ns, Reaching safepoint: 99900 ns, At safepoint: 3400 ns, Total: 103300 ns
[2020-09-10T07:43:14.650+0000][33444][safepoint    ] Safepoint "Cleanup", Time since last: 2001149100 ns, Reaching safepoint: 167200 ns, At safepoint: 4000 ns, Total: 171200 ns
[2020-09-10T07:43:16.650+0000][33444][safepoint    ] Safepoint "Cleanup", Time since last: 2000431800 ns, Reaching safepoint: 84500 ns, At safepoint: 3400 ns, Total: 87900 ns
[2020-09-10T07:43:17.651+0000][33444][safepoint    ] Safepoint "Cleanup", Time since last: 1000551600 ns, Reaching safepoint: 89500 ns, At safepoint: 3700 ns, Total: 93200 ns
[2020-09-10T07:43:18.651+0000][33444][safepoint    ] Safepoint "Cleanup", Time since last: 1000136900 ns, Reaching safepoint: 154100 ns, At safepoint: 8600 ns, Total: 162700 ns
[2020-09-10T07:43:25.655+0000][33444][safepoint    ] Safepoint "Cleanup", Time since last: 7003397700 ns, Reaching safepoint: 119700 ns, At safepoint: 4200 ns, Total: 123900 ns
[2020-09-10T07:43:29.473+0000][33444][safepoint    ] Safepoint "Cleanup", Time since last: 3818388700 ns, Reaching safepoint: 121700 ns, At safepoint: 68100 ns, Total: 189800 ns
[2020-09-10T07:43:29.548+0000][33444][safepoint    ] Safepoint "BulkRevokeBias", Time since last: 73218700 ns, Reaching safepoint: 156800 ns, At safepoint: 1121600 ns, Total: 1278400 ns
[2020-09-10T07:43:29.722+0000][33444][safepoint    ] Safepoint "BulkRevokeBias", Time since last: 173229500 ns, Reaching safepoint: 156100 ns, At safepoint: 575400 ns, Total: 731500 ns
[2020-09-10T07:43:30.722+0000][33444][safepoint    ] Safepoint "Cleanup", Time since last: 1000539900 ns, Reaching safepoint: 116000 ns, At safepoint: 65600 ns, Total: 181600 ns
[2020-09-10T07:43:32.723+0000][33444][safepoint    ] Safepoint "Cleanup", Time since last: 2000116800 ns, Reaching safepoint: 158300 ns, At safepoint: 72700 ns, Total: 231000 ns
[2020-09-10T07:43:33.723+0000][33444][safepoint    ] Safepoint "Cleanup", Time since last: 1000693000 ns, Reaching safepoint: 122900 ns, At safepoint: 53300 ns, Total: 176200 ns
[2020-09-10T07:43:35.724+0000][33444][safepoint    ] Safepoint "Cleanup", Time since last: 2000586600 ns, Reaching safepoint: 97000 ns, At safepoint: 62200 ns, Total: 159200 ns
[2020-09-10T07:43:36.725+0000][33444][safepoint    ] Safepoint "Cleanup", Time since last: 1000695900 ns, Reaching safepoint: 285500 ns, At safepoint: 60400 ns, Total: 345900 ns
[2020-09-10T07:43:38.726+0000][33444][safepoint    ] Safepoint "Cleanup", Time since last: 2000036300 ns, Reaching safepoint: 102800 ns, At safepoint: 80000 ns, Total: 182800 ns
[2020-09-10T07:43:39.726+0000][33444][safepoint    ] Safepoint "Cleanup", Time since last: 1000384200 ns, Reaching safepoint: 201900 ns, At safepoint: 64700 ns, Total: 266600 ns
[2020-09-10T07:43:40.727+0000][33444][safepoint    ] Safepoint "Cleanup", Time since last: 1000452000 ns, Reaching safepoint: 192900 ns, At safepoint: 80600 ns, Total: 273500 ns
[2020-09-10T07:43:41.727+0000][33444][safepoint    ] Safepoint "Cleanup", Time since last: 1000039000 ns, Reaching safepoint: 87400 ns, At safepoint: 69000 ns, Total: 156400 ns
[2020-09-10T07:43:42.727+0000][33444][safepoint    ] Safepoint "Cleanup", Time since last: 1000051300 ns, Reaching safepoint: 191100 ns, At safepoint: 75400 ns, Total: 266500 ns
[2020-09-10T07:43:43.728+0000][33444][safepoint    ] Safepoint "Cleanup", Time since last: 1000117100 ns, Reaching safepoint: 139500 ns, At safepoint: 70000 ns, Total: 209500 ns
[2020-09-10T07:43:44.728+0000][33444][safepoint    ] Safepoint "Cleanup", Time since last: 1000415700 ns, Reaching safepoint: 248000 ns, At safepoint: 94400 ns, Total: 342400 ns
[2020-09-10T07:43:45.729+0000][33444][safepoint    ] Safepoint "Cleanup", Time since last: 1000038600 ns, Reaching safepoint: 125700 ns, At safepoint: 82200 ns, Total: 207900 ns
[2020-09-10T07:43:46.729+0000][33444][safepoint    ] Safepoint "Cleanup", Time since last: 1000575300 ns, Reaching safepoint: 169100 ns, At safepoint: 94800 ns, Total: 263900 ns
[2020-09-10T07:43:47.731+0000][33444][safepoint    ] Safepoint "Cleanup", Time since last: 1001081500 ns, Reaching safepoint: 141700 ns, At safepoint: 4900 ns, Total: 146600 ns
[2020-09-10T07:43:48.731+0000][33444][safepoint    ] Safepoint "Cleanup", Time since last: 1000352900 ns, Reaching safepoint: 375600 ns, At safepoint: 146800 ns, Total: 522400 ns
[2020-09-10T07:43:49.733+0000][33444][safepoint    ] Safepoint "Cleanup", Time since last: 1001222400 ns, Reaching safepoint: 95800 ns, At safepoint: 5500 ns, Total: 101300 ns
[2020-09-10T07:43:50.734+0000][33444][safepoint    ] Safepoint "Cleanup", Time since last: 1000511600 ns, Reaching safepoint: 78100 ns, At safepoint: 4000 ns, Total: 82100 ns
[2020-09-10T07:43:51.734+0000][33444][safepoint    ] Safepoint "Cleanup", Time since last: 1000158100 ns, Reaching safepoint: 93100 ns, At safepoint: 5000 ns, Total: 98100 ns
[2020-09-10T07:43:52.735+0000][33444][safepoint    ] Safepoint "Cleanup", Time since last: 1000820800 ns, Reaching safepoint: 105500 ns, At safepoint: 5200 ns, Total: 110700 ns
[2020-09-10T07:43:53.829+0000][33444][safepoint    ] Safepoint "Cleanup", Time since last: 1094041800 ns, Reaching safepoint: 108300 ns, At safepoint: 45200 ns, Total: 153500 ns
[2020-09-10T07:43:54.829+0000][33444][safepoint    ] Safepoint "Cleanup", Time since last: 1000024800 ns, Reaching safepoint: 73900 ns, At safepoint: 18400 ns, Total: 92300 ns
[2020-09-10T07:43:55.830+0000][33444][safepoint    ] Safepoint "Cleanup", Time since last: 1000682300 ns, Reaching safepoint: 120300 ns, At safepoint: 3000 ns, Total: 123300 ns
[2020-09-10T07:43:56.831+0000][33444][safepoint    ] Safepoint "Cleanup", Time since last: 1001120300 ns, Reaching safepoint: 96000 ns, At safepoint: 48100 ns, Total: 144100 ns
[2020-09-10T07:43:57.831+0000][33444][safepoint    ] Safepoint "Cleanup", Time since last: 1000190600 ns, Reaching safepoint: 357200 ns, At safepoint: 15100 ns, Total: 372300 ns
[2020-09-10T07:43:59.832+0000][33444][safepoint    ] Safepoint "Cleanup", Time since last: 1999982800 ns, Reaching safepoint: 169800 ns, At safepoint: 6700 ns, Total: 176500 ns
[2020-09-10T07:44:00.833+0000][33444][safepoint    ] Safepoint "Cleanup", Time since last: 1000703100 ns, Reaching safepoint: 123000 ns, At safepoint: 5500 ns, Total: 128500 ns
[2020-09-10T07:44:01.834+0000][33444][safepoint    ] Safepoint "Cleanup", Time since last: 1000851300 ns, Reaching safepoint: 138100 ns, At safepoint: 12200 ns, Total: 150300 ns
[2020-09-10T07:44:02.834+0000][33444][safepoint    ] Safepoint "Cleanup", Time since last: 1000219400 ns, Reaching safepoint: 142600 ns, At safepoint: 4800 ns, Total: 147400 ns
[2020-09-10T07:44:03.835+0000][33444][safepoint    ] Safepoint "Cleanup", Time since last: 1000764400 ns, Reaching safepoint: 115700 ns, At safepoint: 5400 ns, Total: 121100 ns
[2020-09-10T07:44:04.836+0000][33444][safepoint    ] Safepoint "Cleanup", Time since last: 1000533800 ns, Reaching safepoint: 148200 ns, At safepoint: 3500 ns, Total: 151700 ns
[2020-09-10T07:44:05.836+0000][33444][safepoint    ] Safepoint "Cleanup", Time since last: 1000225300 ns, Reaching safepoint: 157100 ns, At safepoint: 4300 ns, Total: 161400 ns
[2020-09-10T07:44:06.837+0000][33444][safepoint    ] Safepoint "Cleanup", Time since last: 1000683300 ns, Reaching safepoint: 108000 ns, At safepoint: 4700 ns, Total: 112700 ns
[2020-09-10T07:44:07.838+0000][33444][safepoint    ] Safepoint "Cleanup", Time since last: 1000764500 ns, Reaching safepoint: 81500 ns, At safepoint: 3600 ns, Total: 85100 ns
[2020-09-10T07:44:10.713+0000][33444][safepoint    ] Safepoint "Cleanup", Time since last: 2874886300 ns, Reaching safepoint: 153500 ns, At safepoint: 2800 ns, Total: 156300 ns
[2020-09-10T07:44:11.250+0000][33444][safepoint    ] Safepoint "BulkRevokeBias", Time since last: 536599100 ns, Reaching safepoint: 125600 ns, At safepoint: 822000 ns, Total: 947600 ns
[2020-09-10T07:44:11.326+0000][33444][safepoint    ] Safepoint "BulkRevokeBias", Time since last: 74489600 ns, Reaching safepoint: 135700 ns, At safepoint: 1318000 ns, Total: 1453700 ns
[2020-09-10T07:44:11.594+0000][33444][safepoint    ] Safepoint "BulkRevokeBias", Time since last: 263531700 ns, Reaching safepoint: 410900 ns, At safepoint: 4820400 ns, Total: 5231300 ns
[2020-09-10T07:44:11.703+0000][33444][safepoint    ] Safepoint "BulkRevokeBias", Time since last: 106941100 ns, Reaching safepoint: 183400 ns, At safepoint: 1737600 ns, Total: 1921000 ns
[2020-09-10T07:44:11.867+0000][33444][safepoint    ] Safepoint "BulkRevokeBias", Time since last: 162711400 ns, Reaching safepoint: 150400 ns, At safepoint: 795300 ns, Total: 945700 ns
[2020-09-10T07:44:12.041+0000][33444][safepoint    ] Safepoint "BulkRevokeBias", Time since last: 173356600 ns, Reaching safepoint: 252000 ns, At safepoint: 854700 ns, Total: 1106700 ns
[2020-09-10T07:44:12.247+0000][33444][safepoint    ] Safepoint "BulkRevokeBias", Time since last: 205199400 ns, Reaching safepoint: 257100 ns, At safepoint: 624400 ns, Total: 881500 ns
[2020-09-10T07:44:12.249+0000][33444][safepoint    ] Safepoint "BulkRevokeBias", Time since last: 596300 ns, Reaching safepoint: 79200 ns, At safepoint: 634500 ns, Total: 713700 ns
[2020-09-10T07:44:12.309+0000][33444][safepoint    ] Safepoint "BulkRevokeBias", Time since last: 60022500 ns, Reaching safepoint: 106100 ns, At safepoint: 440700 ns, Total: 546800 ns
[2020-09-10T07:44:12.381+0000][33444][safepoint    ] Safepoint "BulkRevokeBias", Time since last: 70307500 ns, Reaching safepoint: 194500 ns, At safepoint: 778800 ns, Total: 973300 ns
[2020-09-10T07:44:12.866+0000][33444][gc,start     ] GC(10) Pause Young (Concurrent Start) (G1 Humongous Allocation)
[2020-09-10T07:44:12.866+0000][33444][gc,task      ] GC(10) Using 8 workers of 8 for evacuation
[2020-09-10T07:44:12.866+0000][33444][gc,age       ] GC(10) Desired survivor size 36700160 bytes, new threshold 15 (max threshold 15)
[2020-09-10T07:44:12.893+0000][33444][gc,age       ] GC(10) Age table with threshold 15 (max threshold 15)
[2020-09-10T07:44:12.893+0000][33444][gc,age       ] GC(10) - age   1:   17908544 bytes,   17908544 total
[2020-09-10T07:44:12.893+0000][33444][gc,age       ] GC(10) - age   2:    8284776 bytes,   26193320 total
[2020-09-10T07:44:12.893+0000][33444][gc,age       ] GC(10) - age   3:   23353504 bytes,   49546824 total
[2020-09-10T07:44:12.893+0000][33444][gc,phases    ] GC(10)   Pre Evacuate Collection Set: 0.3ms
[2020-09-10T07:44:12.893+0000][33444][gc,phases    ] GC(10)   Merge Heap Roots: 0.1ms
[2020-09-10T07:44:12.893+0000][33444][gc,phases    ] GC(10)   Evacuate Collection Set: 23.8ms
[2020-09-10T07:44:12.893+0000][33444][gc,phases    ] GC(10)   Post Evacuate Collection Set: 2.3ms
[2020-09-10T07:44:12.893+0000][33444][gc,phases    ] GC(10)   Other: 0.5ms
[2020-09-10T07:44:12.893+0000][33444][gc,heap      ] GC(10) Eden regions: 417->0(493)
[2020-09-10T07:44:12.893+0000][33444][gc,heap      ] GC(10) Survivor regions: 33->50(70)
[2020-09-10T07:44:12.893+0000][33444][gc,heap      ] GC(10) Old regions: 28->28
[2020-09-10T07:44:12.893+0000][33444][gc,heap      ] GC(10) Archive regions: 0->0
[2020-09-10T07:44:12.893+0000][33444][gc,heap      ] GC(10) Humongous regions: 279->107
[2020-09-10T07:44:12.893+0000][33444][gc,metaspace ] GC(10) Metaspace: 77088K(82560K)->77088K(82560K) NonClass: 66690K(69888K)->66690K(69888K) Class: 10397K(12672K)->10397K(12672K)
[2020-09-10T07:44:12.893+0000][33444][gc           ] GC(10) Pause Young (Concurrent Start) (G1 Humongous Allocation) 755M->184M(1024M) 27.411ms
[2020-09-10T07:44:12.893+0000][33444][gc,cpu       ] GC(10) User=0.13s Sys=0.00s Real=0.03s
[2020-09-10T07:44:12.893+0000][33444][gc           ] GC(11) Concurrent Cycle
[2020-09-10T07:44:12.893+0000][33444][safepoint    ] Safepoint "G1TryInitiateConcMark", Time since last: 485072500 ns, Reaching safepoint: 198600 ns, At safepoint: 27547500 ns, Total: 27746100 ns
[2020-09-10T07:44:12.893+0000][33444][gc,marking   ] GC(11) Concurrent Clear Claimed Marks
[2020-09-10T07:44:12.894+0000][33444][gc,marking   ] GC(11) Concurrent Clear Claimed Marks 0.351ms
[2020-09-10T07:44:12.894+0000][33444][gc,marking   ] GC(11) Concurrent Scan Root Regions
[2020-09-10T07:44:12.902+0000][33444][safepoint    ] Safepoint "G1TryInitiateConcMark", Time since last: 3986800 ns, Reaching safepoint: 4165500 ns, At safepoint: 29200 ns, Total: 4194700 ns
[2020-09-10T07:44:12.918+0000][33444][gc,marking   ] GC(11) Concurrent Scan Root Regions 24.037ms
[2020-09-10T07:44:12.918+0000][33444][gc,marking   ] GC(11) Concurrent Mark (83.384s)
[2020-09-10T07:44:12.918+0000][33444][gc,marking   ] GC(11) Concurrent Mark From Roots
[2020-09-10T07:44:12.918+0000][33444][gc,task      ] GC(11) Using 2 workers of 2 for marking
[2020-09-10T07:44:12.958+0000][33444][gc,marking   ] GC(11) Concurrent Mark From Roots 40.304ms
[2020-09-10T07:44:12.958+0000][33444][gc,marking   ] GC(11) Concurrent Preclean
[2020-09-10T07:44:12.959+0000][33444][gc,marking   ] GC(11) Concurrent Preclean 0.537ms
[2020-09-10T07:44:12.959+0000][33444][gc,marking   ] GC(11) Concurrent Mark (83.384s, 83.425s) 40.967ms
[2020-09-10T07:44:12.959+0000][33444][gc,start     ] GC(11) Pause Remark
[2020-09-10T07:44:12.962+0000][33444][gc           ] GC(11) Pause Remark 253M->253M(1024M) 3.065ms
[2020-09-10T07:44:12.962+0000][33444][gc,cpu       ] GC(11) User=0.11s Sys=0.00s Real=0.00s
[2020-09-10T07:44:12.962+0000][33444][safepoint    ] Safepoint "G1Concurrent", Time since last: 57345700 ns, Reaching safepoint: 146400 ns, At safepoint: 3271300 ns, Total: 3417700 ns
[2020-09-10T07:44:12.962+0000][33444][gc,marking   ] GC(11) Concurrent Rebuild Remembered Sets
[2020-09-10T07:44:12.985+0000][33444][gc,marking   ] GC(11) Concurrent Rebuild Remembered Sets 22.760ms
[2020-09-10T07:44:12.986+0000][33444][gc,start     ] GC(11) Pause Cleanup
[2020-09-10T07:44:12.986+0000][33444][gc           ] GC(11) Pause Cleanup 256M->256M(1024M) 0.185ms
[2020-09-10T07:44:12.986+0000][33444][gc,cpu       ] GC(11) User=0.00s Sys=0.00s Real=0.00s
[2020-09-10T07:44:12.986+0000][33444][safepoint    ] Safepoint "G1Concurrent", Time since last: 22908400 ns, Reaching safepoint: 452000 ns, At safepoint: 306600 ns, Total: 758600 ns
[2020-09-10T07:44:12.986+0000][33444][gc,marking   ] GC(11) Concurrent Cleanup for Next Mark
[2020-09-10T07:44:12.988+0000][33444][gc,marking   ] GC(11) Concurrent Cleanup for Next Mark 1.616ms
[2020-09-10T07:44:12.988+0000][33444][gc           ] GC(11) Concurrent Cycle 94.376ms
[2020-09-10T07:44:13.177+0000][33444][safepoint    ] Safepoint "BulkRevokeBias", Time since last: 190718900 ns, Reaching safepoint: 132100 ns, At safepoint: 432200 ns, Total: 564300 ns
[2020-09-10T07:44:13.245+0000][33444][safepoint    ] Safepoint "BulkRevokeBias", Time since last: 66519700 ns, Reaching safepoint: 109200 ns, At safepoint: 895700 ns, Total: 1004900 ns
[2020-09-10T07:44:13.255+0000][33444][safepoint    ] Safepoint "BulkRevokeBias", Time since last: 9093900 ns, Reaching safepoint: 96300 ns, At safepoint: 876400 ns, Total: 972700 ns
[2020-09-10T07:44:13.556+0000][33444][safepoint    ] Safepoint "ICBufferFull", Time since last: 300571200 ns, Reaching safepoint: 194300 ns, At safepoint: 110400 ns, Total: 304700 ns
[2020-09-10T07:44:15.258+0000][33444][safepoint    ] Safepoint "Cleanup", Time since last: 1701752400 ns, Reaching safepoint: 142600 ns, At safepoint: 18000 ns, Total: 160600 ns
[2020-09-10T07:44:15.901+0000][33444][safepoint    ] Safepoint "BulkRevokeBias", Time since last: 641246800 ns, Reaching safepoint: 179800 ns, At safepoint: 775200 ns, Total: 955000 ns
[2020-09-10T07:44:18.901+0000][33444][safepoint    ] Safepoint "Cleanup", Time since last: 3000775300 ns, Reaching safepoint: 82800 ns, At safepoint: 4500 ns, Total: 87300 ns
[2020-09-10T07:44:20.902+0000][33444][safepoint    ] Safepoint "Cleanup", Time since last: 2000646400 ns, Reaching safepoint: 102000 ns, At safepoint: 17100 ns, Total: 119100 ns
[2020-09-10T07:44:23.903+0000][33444][safepoint    ] Safepoint "Cleanup", Time since last: 3001044400 ns, Reaching safepoint: 175700 ns, At safepoint: 5800 ns, Total: 181500 ns
[2020-09-10T07:44:24.904+0000][33444][safepoint    ] Safepoint "Cleanup", Time since last: 1000100700 ns, Reaching safepoint: 234000 ns, At safepoint: 13100 ns, Total: 247100 ns
[2020-09-10T07:44:25.904+0000][33444][safepoint    ] Safepoint "Cleanup", Time since last: 1000231700 ns, Reaching safepoint: 110000 ns, At safepoint: 4900 ns, Total: 114900 ns
[2020-09-10T07:44:27.905+0000][33444][safepoint    ] Safepoint "Cleanup", Time since last: 2000776200 ns, Reaching safepoint: 139900 ns, At safepoint: 5400 ns, Total: 145300 ns
[2020-09-10T07:44:28.906+0000][33444][safepoint    ] Safepoint "Cleanup", Time since last: 1000676100 ns, Reaching safepoint: 113900 ns, At safepoint: 8400 ns, Total: 122300 ns
[2020-09-10T07:44:29.906+0000][33444][safepoint    ] Safepoint "Cleanup", Time since last: 1000070400 ns, Reaching safepoint: 211600 ns, At safepoint: 19400 ns, Total: 231000 ns
[2020-09-10T07:44:31.908+0000][33444][safepoint    ] Safepoint "Cleanup", Time since last: 2001382000 ns, Reaching safepoint: 197000 ns, At safepoint: 5000 ns, Total: 202000 ns
[2020-09-10T07:44:32.908+0000][33444][safepoint    ] Safepoint "Cleanup", Time since last: 1000271600 ns, Reaching safepoint: 109700 ns, At safepoint: 4300 ns, Total: 114000 ns
[2020-09-10T07:44:33.909+0000][33444][safepoint    ] Safepoint "Cleanup", Time since last: 1000562500 ns, Reaching safepoint: 167800 ns, At safepoint: 17500 ns, Total: 185300 ns
[2020-09-10T07:44:34.910+0000][33444][safepoint    ] Safepoint "Cleanup", Time since last: 1000745400 ns, Reaching safepoint: 94000 ns, At safepoint: 4700 ns, Total: 98700 ns
[2020-09-10T07:44:35.911+0000][33444][safepoint    ] Safepoint "Cleanup", Time since last: 1001072500 ns, Reaching safepoint: 172000 ns, At safepoint: 6200 ns, Total: 178200 ns
[2020-09-10T07:44:36.911+0000][33444][safepoint    ] Safepoint "Cleanup", Time since last: 1000237500 ns, Reaching safepoint: 85100 ns, At safepoint: 4500 ns, Total: 89600 ns
[2020-09-10T07:44:38.204+0000][33444][safepoint    ] Safepoint "Cleanup", Time since last: 1292367000 ns, Reaching safepoint: 178900 ns, At safepoint: 7300 ns, Total: 186200 ns
[2020-09-10T07:44:39.205+0000][33444][safepoint    ] Safepoint "Cleanup", Time since last: 1000566600 ns, Reaching safepoint: 97900 ns, At safepoint: 4400 ns, Total: 102300 ns
[2020-09-10T07:44:40.205+0000][33444][safepoint    ] Safepoint "Cleanup", Time since last: 1000075000 ns, Reaching safepoint: 197400 ns, At safepoint: 4700 ns, Total: 202100 ns
[2020-09-10T07:44:41.205+0000][33444][safepoint    ] Safepoint "Cleanup", Time since last: 1000377900 ns, Reaching safepoint: 94300 ns, At safepoint: 3600 ns, Total: 97900 ns
[2020-09-10T07:44:41.833+0000][33444][safepoint    ] Safepoint "BulkRevokeBias", Time since last: 627327600 ns, Reaching safepoint: 173000 ns, At safepoint: 1376600 ns, Total: 1549600 ns
[2020-09-10T07:44:43.178+0000][33444][safepoint    ] Safepoint "Cleanup", Time since last: 1343501700 ns, Reaching safepoint: 243900 ns, At safepoint: 13300 ns, Total: 257200 ns
[2020-09-10T07:44:45.179+0000][33444][safepoint    ] Safepoint "Cleanup", Time since last: 2000617600 ns, Reaching safepoint: 164800 ns, At safepoint: 55400 ns, Total: 220200 ns
[2020-09-10T07:44:46.180+0000][33444][safepoint    ] Safepoint "Cleanup", Time since last: 1000887900 ns, Reaching safepoint: 163700 ns, At safepoint: 30700 ns, Total: 194400 ns
[2020-09-10T07:44:47.180+0000][33444][safepoint    ] Safepoint "Cleanup", Time since last: 1000384200 ns, Reaching safepoint: 74500 ns, At safepoint: 19500 ns, Total: 94000 ns
[2020-09-10T07:44:48.181+0000][33444][safepoint    ] Safepoint "Cleanup", Time since last: 1000566400 ns, Reaching safepoint: 158100 ns, At safepoint: 63200 ns, Total: 221300 ns
[2020-09-10T07:44:49.182+0000][33444][safepoint    ] Safepoint "Cleanup", Time since last: 1000628100 ns, Reaching safepoint: 150400 ns, At safepoint: 84800 ns, Total: 235200 ns
[2020-09-10T07:44:50.183+0000][33444][safepoint    ] Safepoint "Cleanup", Time since last: 1000783900 ns, Reaching safepoint: 181600 ns, At safepoint: 32100 ns, Total: 213700 ns
[2020-09-10T07:44:52.183+0000][33444][safepoint    ] Safepoint "Cleanup", Time since last: 2000044700 ns, Reaching safepoint: 122000 ns, At safepoint: 7300 ns, Total: 129300 ns
[2020-09-10T07:44:53.184+0000][33444][safepoint    ] Safepoint "Cleanup", Time since last: 1000379600 ns, Reaching safepoint: 225200 ns, At safepoint: 7300 ns, Total: 232500 ns
[2020-09-10T07:44:55.185+0000][33444][safepoint    ] Safepoint "Cleanup", Time since last: 2001026400 ns, Reaching safepoint: 195000 ns, At safepoint: 4200 ns, Total: 199200 ns
[2020-09-10T07:44:56.186+0000][33444][safepoint    ] Safepoint "Cleanup", Time since last: 1000692400 ns, Reaching safepoint: 182600 ns, At safepoint: 5700 ns, Total: 188300 ns
[2020-09-10T07:44:57.186+0000][33444][safepoint    ] Safepoint "Cleanup", Time since last: 1000427500 ns, Reaching safepoint: 82200 ns, At safepoint: 2600 ns, Total: 84800 ns
[2020-09-10T07:44:58.187+0000][33444][safepoint    ] Safepoint "Cleanup", Time since last: 1000755400 ns, Reaching safepoint: 192800 ns, At safepoint: 8100 ns, Total: 200900 ns
[2020-09-10T07:44:59.188+0000][33444][safepoint    ] Safepoint "Cleanup", Time since last: 1000499100 ns, Reaching safepoint: 137400 ns, At safepoint: 2800 ns, Total: 140200 ns
[2020-09-10T07:45:00.188+0000][33444][safepoint    ] Safepoint "Cleanup", Time since last: 1000308300 ns, Reaching safepoint: 265300 ns, At safepoint: 10900 ns, Total: 276200 ns
[2020-09-10T07:45:02.190+0000][33444][safepoint    ] Safepoint "Cleanup", Time since last: 2000881700 ns, Reaching safepoint: 165200 ns, At safepoint: 4700 ns, Total: 169900 ns
[2020-09-10T07:45:03.190+0000][33444][safepoint    ] Safepoint "Cleanup", Time since last: 1000546700 ns, Reaching safepoint: 136500 ns, At safepoint: 5600 ns, Total: 142100 ns
[2020-09-10T07:45:04.191+0000][33444][safepoint    ] Safepoint "Cleanup", Time since last: 1000746900 ns, Reaching safepoint: 98400 ns, At safepoint: 4500 ns, Total: 102900 ns
[2020-09-10T07:45:05.191+0000][33444][safepoint    ] Safepoint "Cleanup", Time since last: 1000147300 ns, Reaching safepoint: 91100 ns, At safepoint: 2500 ns, Total: 93600 ns
[2020-09-10T07:45:07.192+0000][33444][safepoint    ] Safepoint "Cleanup", Time since last: 2000152900 ns, Reaching safepoint: 139600 ns, At safepoint: 5900 ns, Total: 145500 ns
[2020-09-10T07:45:08.209+0000][33444][safepoint    ] Safepoint "Cleanup", Time since last: 1016864600 ns, Reaching safepoint: 125400 ns, At safepoint: 5500 ns, Total: 130900 ns
[2020-09-10T07:45:09.209+0000][33444][safepoint    ] Safepoint "Cleanup", Time since last: 1000111500 ns, Reaching safepoint: 78500 ns, At safepoint: 2800 ns, Total: 81300 ns
[2020-09-10T07:45:10.209+0000][33444][safepoint    ] Safepoint "Cleanup", Time since last: 1000370100 ns, Reaching safepoint: 85100 ns, At safepoint: 5000 ns, Total: 90100 ns
[2020-09-10T07:45:11.210+0000][33444][safepoint    ] Safepoint "Cleanup", Time since last: 1000618600 ns, Reaching safepoint: 121800 ns, At safepoint: 5300 ns, Total: 127100 ns
[2020-09-10T07:45:11.837+0000][33444][safepoint    ] Safepoint "BulkRevokeBias", Time since last: 625692900 ns, Reaching safepoint: 255100 ns, At safepoint: 1096500 ns, Total: 1351600 ns
[2020-09-10T07:45:12.838+0000][33444][safepoint    ] Safepoint "Cleanup", Time since last: 1000750500 ns, Reaching safepoint: 142000 ns, At safepoint: 1800 ns, Total: 143800 ns
[2020-09-10T07:45:13.838+0000][33444][safepoint    ] Safepoint "Cleanup", Time since last: 1000059800 ns, Reaching safepoint: 155600 ns, At safepoint: 15100 ns, Total: 170700 ns
[2020-09-10T07:45:14.839+0000][33444][safepoint    ] Safepoint "Cleanup", Time since last: 1000560400 ns, Reaching safepoint: 164500 ns, At safepoint: 9100 ns, Total: 173600 ns
[2020-09-10T07:45:15.840+0000][33444][safepoint    ] Safepoint "Cleanup", Time since last: 1000505800 ns, Reaching safepoint: 152000 ns, At safepoint: 4500 ns, Total: 156500 ns
[2020-09-10T07:45:16.840+0000][33444][safepoint    ] Safepoint "Cleanup", Time since last: 1000560900 ns, Reaching safepoint: 113500 ns, At safepoint: 4300 ns, Total: 117800 ns
[2020-09-10T07:45:17.841+0000][33444][safepoint    ] Safepoint "Cleanup", Time since last: 1000440500 ns, Reaching safepoint: 119000 ns, At safepoint: 6500 ns, Total: 125500 ns
[2020-09-10T07:45:18.841+0000][33444][safepoint    ] Safepoint "Cleanup", Time since last: 1000133800 ns, Reaching safepoint: 298100 ns, At safepoint: 18000 ns, Total: 316100 ns
[2020-09-10T07:45:20.841+0000][33444][safepoint    ] Safepoint "Cleanup", Time since last: 1999774500 ns, Reaching safepoint: 114900 ns, At safepoint: 6400 ns, Total: 121300 ns
[2020-09-10T07:45:21.842+0000][33444][safepoint    ] Safepoint "Cleanup", Time since last: 1000721800 ns, Reaching safepoint: 78300 ns, At safepoint: 2700 ns, Total: 81000 ns
[2020-09-10T07:45:22.843+0000][33444][safepoint    ] Safepoint "Cleanup", Time since last: 1000915200 ns, Reaching safepoint: 175200 ns, At safepoint: 3600 ns, Total: 178800 ns
[2020-09-10T07:45:23.844+0000][33444][safepoint    ] Safepoint "Cleanup", Time since last: 1000442600 ns, Reaching safepoint: 93100 ns, At safepoint: 2300 ns, Total: 95400 ns
[2020-09-10T07:45:24.844+0000][33444][safepoint    ] Safepoint "Cleanup", Time since last: 1000373300 ns, Reaching safepoint: 302300 ns, At safepoint: 16900 ns, Total: 319200 ns
[2020-09-10T07:45:26.075+0000][33444][safepoint    ] Safepoint "Cleanup", Time since last: 1230185800 ns, Reaching safepoint: 116400 ns, At safepoint: 54400 ns, Total: 170800 ns
[2020-09-10T07:45:27.172+0000][33444][safepoint    ] Safepoint "Cleanup", Time since last: 1097351000 ns, Reaching safepoint: 113700 ns, At safepoint: 15700 ns, Total: 129400 ns
[2020-09-10T07:45:28.173+0000][33444][safepoint    ] Safepoint "Cleanup", Time since last: 1000593000 ns, Reaching safepoint: 147300 ns, At safepoint: 26800 ns, Total: 174100 ns
[2020-09-10T07:45:30.174+0000][33444][safepoint    ] Safepoint "Cleanup", Time since last: 2000583000 ns, Reaching safepoint: 112400 ns, At safepoint: 63800 ns, Total: 176200 ns
[2020-09-10T07:45:31.174+0000][33444][safepoint    ] Safepoint "Cleanup", Time since last: 1000349600 ns, Reaching safepoint: 133800 ns, At safepoint: 3200 ns, Total: 137000 ns
[2020-09-10T07:45:32.174+0000][33444][safepoint    ] Safepoint "Cleanup", Time since last: 1000048900 ns, Reaching safepoint: 201200 ns, At safepoint: 51400 ns, Total: 252600 ns
[2020-09-10T07:45:34.175+0000][33444][safepoint    ] Safepoint "Cleanup", Time since last: 2000810700 ns, Reaching safepoint: 338700 ns, At safepoint: 117400 ns, Total: 456100 ns
[2020-09-10T07:45:35.177+0000][33444][safepoint    ] Safepoint "Cleanup", Time since last: 1000755100 ns, Reaching safepoint: 110800 ns, At safepoint: 5100 ns, Total: 115900 ns
[2020-09-10T07:45:36.178+0000][33444][safepoint    ] Safepoint "Cleanup", Time since last: 1000875000 ns, Reaching safepoint: 79300 ns, At safepoint: 2500 ns, Total: 81800 ns
[2020-09-10T07:45:37.178+0000][33444][safepoint    ] Safepoint "Cleanup", Time since last: 1000752000 ns, Reaching safepoint: 93800 ns, At safepoint: 5500 ns, Total: 99300 ns
[2020-09-10T07:45:38.179+0000][33444][safepoint    ] Safepoint "Cleanup", Time since last: 1000461300 ns, Reaching safepoint: 151400 ns, At safepoint: 6100 ns, Total: 157500 ns
[2020-09-10T07:45:39.180+0000][33444][safepoint    ] Safepoint "Cleanup", Time since last: 1000656600 ns, Reaching safepoint: 135300 ns, At safepoint: 4600 ns, Total: 139900 ns
[2020-09-10T07:45:40.180+0000][33444][safepoint    ] Safepoint "Cleanup", Time since last: 1000433200 ns, Reaching safepoint: 148500 ns, At safepoint: 7300 ns, Total: 155800 ns
[2020-09-10T07:45:42.181+0000][33444][safepoint    ] Safepoint "Cleanup", Time since last: 2000161200 ns, Reaching safepoint: 174300 ns, At safepoint: 27900 ns, Total: 202200 ns
[2020-09-10T07:45:43.182+0000][33444][safepoint    ] Safepoint "Cleanup", Time since last: 1001421900 ns, Reaching safepoint: 95300 ns, At safepoint: 4600 ns, Total: 99900 ns
[2020-09-10T07:45:44.183+0000][33444][safepoint    ] Safepoint "Cleanup", Time since last: 1000240300 ns, Reaching safepoint: 128200 ns, At safepoint: 3700 ns, Total: 131900 ns
[2020-09-10T07:45:45.183+0000][33444][safepoint    ] Safepoint "Cleanup", Time since last: 1000698700 ns, Reaching safepoint: 390600 ns, At safepoint: 38300 ns, Total: 428900 ns
[2020-09-10T07:45:46.184+0000][33444][safepoint    ] Safepoint "Cleanup", Time since last: 1000100600 ns, Reaching safepoint: 116400 ns, At safepoint: 5800 ns, Total: 122200 ns
[2020-09-10T07:45:47.185+0000][33444][safepoint    ] Safepoint "Cleanup", Time since last: 1000693200 ns, Reaching safepoint: 131900 ns, At safepoint: 4000 ns, Total: 135900 ns
[2020-09-10T07:45:48.185+0000][33444][safepoint    ] Safepoint "Cleanup", Time since last: 1000550700 ns, Reaching safepoint: 328500 ns, At safepoint: 20200 ns, Total: 348700 ns
[2020-09-10T07:45:49.186+0000][33444][safepoint    ] Safepoint "Cleanup", Time since last: 1000500500 ns, Reaching safepoint: 92300 ns, At safepoint: 6500 ns, Total: 98800 ns
[2020-09-10T07:45:50.187+0000][33444][safepoint    ] Safepoint "Cleanup", Time since last: 1000701100 ns, Reaching safepoint: 114400 ns, At safepoint: 3900 ns, Total: 118300 ns
[2020-09-10T07:45:51.188+0000][33444][safepoint    ] Safepoint "Cleanup", Time since last: 1000217300 ns, Reaching safepoint: 141800 ns, At safepoint: 6600 ns, Total: 148400 ns
[2020-09-10T07:45:53.188+0000][33444][safepoint    ] Safepoint "Cleanup", Time since last: 2000199400 ns, Reaching safepoint: 125900 ns, At safepoint: 3300 ns, Total: 129200 ns
[2020-09-10T07:45:54.189+0000][33444][safepoint    ] Safepoint "Cleanup", Time since last: 1000795100 ns, Reaching safepoint: 145800 ns, At safepoint: 7200 ns, Total: 153000 ns
[2020-09-10T07:45:55.189+0000][33444][safepoint    ] Safepoint "Cleanup", Time since last: 1000422300 ns, Reaching safepoint: 375000 ns, At safepoint: 20600 ns, Total: 395600 ns
[2020-09-10T07:45:57.190+0000][33444][safepoint    ] Safepoint "Cleanup", Time since last: 2000591800 ns, Reaching safepoint: 168200 ns, At safepoint: 8700 ns, Total: 176900 ns
[2020-09-10T07:45:58.190+0000][33444][safepoint    ] Safepoint "Cleanup", Time since last: 1000077700 ns, Reaching safepoint: 370000 ns, At safepoint: 24900 ns, Total: 394900 ns
[2020-09-10T07:45:59.192+0000][33444][safepoint    ] Safepoint "Cleanup", Time since last: 1000680000 ns, Reaching safepoint: 145900 ns, At safepoint: 8900 ns, Total: 154800 ns
[2020-09-10T07:46:01.192+0000][33444][safepoint    ] Safepoint "Cleanup", Time since last: 2000647300 ns, Reaching safepoint: 72400 ns, At safepoint: 1800 ns, Total: 74200 ns
[2020-09-10T07:46:03.193+0000][33444][safepoint    ] Safepoint "Cleanup", Time since last: 2000441700 ns, Reaching safepoint: 159000 ns, At safepoint: 9200 ns, Total: 168200 ns
[2020-09-10T07:46:04.193+0000][33444][safepoint    ] Safepoint "Cleanup", Time since last: 1000171700 ns, Reaching safepoint: 111900 ns, At safepoint: 4400 ns, Total: 116300 ns
[2020-09-10T07:46:05.194+0000][33444][safepoint    ] Safepoint "Cleanup", Time since last: 1000490100 ns, Reaching safepoint: 88800 ns, At safepoint: 4500 ns, Total: 93300 ns
[2020-09-10T07:46:06.194+0000][33444][safepoint    ] Safepoint "Cleanup", Time since last: 1000508300 ns, Reaching safepoint: 124600 ns, At safepoint: 4500 ns, Total: 129100 ns
[2020-09-10T07:46:07.195+0000][33444][safepoint    ] Safepoint "Cleanup", Time since last: 1000728300 ns, Reaching safepoint: 333600 ns, At safepoint: 26500 ns, Total: 360100 ns
[2020-09-10T07:46:08.196+0000][33444][safepoint    ] Safepoint "Cleanup", Time since last: 1000647900 ns, Reaching safepoint: 118000 ns, At safepoint: 8000 ns, Total: 126000 ns
[2020-09-10T07:46:09.197+0000][33444][safepoint    ] Safepoint "Cleanup", Time since last: 1000257800 ns, Reaching safepoint: 118900 ns, At safepoint: 5900 ns, Total: 124800 ns
[2020-09-10T07:46:10.197+0000][33444][safepoint    ] Safepoint "Cleanup", Time since last: 1000535400 ns, Reaching safepoint: 93300 ns, At safepoint: 4400 ns, Total: 97700 ns
[2020-09-10T07:46:11.198+0000][33444][safepoint    ] Safepoint "Cleanup", Time since last: 1000153200 ns, Reaching safepoint: 200400 ns, At safepoint: 13200 ns, Total: 213600 ns
[2020-09-10T07:46:12.199+0000][33444][safepoint    ] Safepoint "Cleanup", Time since last: 1000952900 ns, Reaching safepoint: 110900 ns, At safepoint: 6600 ns, Total: 117500 ns
[2020-09-10T07:46:13.200+0000][33444][safepoint    ] Safepoint "Cleanup", Time since last: 1000813800 ns, Reaching safepoint: 173100 ns, At safepoint: 3800 ns, Total: 176900 ns
[2020-09-10T07:46:15.201+0000][33444][safepoint    ] Safepoint "Cleanup", Time since last: 2000637000 ns, Reaching safepoint: 200700 ns, At safepoint: 14700 ns, Total: 215400 ns
[2020-09-10T07:46:17.201+0000][33444][safepoint    ] Safepoint "Cleanup", Time since last: 1999917400 ns, Reaching safepoint: 107500 ns, At safepoint: 5500 ns, Total: 113000 ns
[2020-09-10T07:46:18.201+0000][33444][safepoint    ] Safepoint "Cleanup", Time since last: 1000327500 ns, Reaching safepoint: 154100 ns, At safepoint: 4400 ns, Total: 158500 ns
[2020-09-10T07:46:19.201+0000][33444][safepoint    ] Safepoint "Cleanup", Time since last: 1000134700 ns, Reaching safepoint: 133800 ns, At safepoint: 4800 ns, Total: 138600 ns
[2020-09-10T07:46:20.202+0000][33444][safepoint    ] Safepoint "Cleanup", Time since last: 1000312100 ns, Reaching safepoint: 93300 ns, At safepoint: 1900 ns, Total: 95200 ns
[2020-09-10T07:46:21.203+0000][33444][safepoint    ] Safepoint "Cleanup", Time since last: 1000648100 ns, Reaching safepoint: 130200 ns, At safepoint: 5400 ns, Total: 135600 ns
[2020-09-10T07:46:21.529+0000][33444][safepoint    ] Safepoint "BulkRevokeBias", Time since last: 325679500 ns, Reaching safepoint: 137700 ns, At safepoint: 1220800 ns, Total: 1358500 ns
[2020-09-10T07:46:21.922+0000][33444][safepoint    ] Safepoint "BulkRevokeBias", Time since last: 391146900 ns, Reaching safepoint: 199500 ns, At safepoint: 857200 ns, Total: 1056700 ns
[2020-09-10T07:46:23.020+0000][33444][safepoint    ] Safepoint "Cleanup", Time since last: 1097983400 ns, Reaching safepoint: 137000 ns, At safepoint: 72500 ns, Total: 209500 ns
[2020-09-10T07:46:24.021+0000][33444][safepoint    ] Safepoint "Cleanup", Time since last: 1000442600 ns, Reaching safepoint: 106900 ns, At safepoint: 47300 ns, Total: 154200 ns
[2020-09-10T07:46:25.021+0000][33444][safepoint    ] Safepoint "Cleanup", Time since last: 1000048200 ns, Reaching safepoint: 146300 ns, At safepoint: 47200 ns, Total: 193500 ns
[2020-09-10T07:46:26.021+0000][33444][safepoint    ] Safepoint "Cleanup", Time since last: 1000386600 ns, Reaching safepoint: 163800 ns, At safepoint: 7900 ns, Total: 171700 ns
[2020-09-10T07:46:27.022+0000][33444][safepoint    ] Safepoint "Cleanup", Time since last: 1000512900 ns, Reaching safepoint: 168000 ns, At safepoint: 69300 ns, Total: 237300 ns
[2020-09-10T07:46:29.022+0000][33444][safepoint    ] Safepoint "Cleanup", Time since last: 2000039200 ns, Reaching safepoint: 206700 ns, At safepoint: 77100 ns, Total: 283800 ns
[2020-09-10T07:46:30.023+0000][33444][safepoint    ] Safepoint "Cleanup", Time since last: 1000540900 ns, Reaching safepoint: 156100 ns, At safepoint: 8000 ns, Total: 164100 ns
[2020-09-10T07:46:31.023+0000][33444][safepoint    ] Safepoint "Cleanup", Time since last: 1000087900 ns, Reaching safepoint: 112000 ns, At safepoint: 62500 ns, Total: 174500 ns
[2020-09-10T07:46:33.024+0000][33444][safepoint    ] Safepoint "Cleanup", Time since last: 2000791700 ns, Reaching safepoint: 165700 ns, At safepoint: 61500 ns, Total: 227200 ns
[2020-09-10T07:46:34.025+0000][33444][safepoint    ] Safepoint "Cleanup", Time since last: 1000915900 ns, Reaching safepoint: 391900 ns, At safepoint: 105100 ns, Total: 497000 ns
[2020-09-10T07:46:35.026+0000][33444][safepoint    ] Safepoint "Cleanup", Time since last: 1000309800 ns, Reaching safepoint: 144100 ns, At safepoint: 23000 ns, Total: 167100 ns
[2020-09-10T07:46:36.027+0000][33444][safepoint    ] Safepoint "Cleanup", Time since last: 1000224800 ns, Reaching safepoint: 235300 ns, At safepoint: 86300 ns, Total: 321600 ns
[2020-09-10T07:46:38.027+0000][33444][safepoint    ] Safepoint "Cleanup", Time since last: 2000335300 ns, Reaching safepoint: 188400 ns, At safepoint: 61800 ns, Total: 250200 ns
[2020-09-10T07:46:39.028+0000][33444][safepoint    ] Safepoint "Cleanup", Time since last: 1000423000 ns, Reaching safepoint: 195200 ns, At safepoint: 47500 ns, Total: 242700 ns
[2020-09-10T07:46:40.029+0000][33444][safepoint    ] Safepoint "Cleanup", Time since last: 1000578800 ns, Reaching safepoint: 86500 ns, At safepoint: 14700 ns, Total: 101200 ns
[2020-09-10T07:46:41.029+0000][33444][safepoint    ] Safepoint "Cleanup", Time since last: 1000237800 ns, Reaching safepoint: 104400 ns, At safepoint: 16000 ns, Total: 120400 ns
[2020-09-10T07:46:42.029+0000][33444][safepoint    ] Safepoint "Cleanup", Time since last: 1000111900 ns, Reaching safepoint: 164400 ns, At safepoint: 60900 ns, Total: 225300 ns
[2020-09-10T07:46:43.030+0000][33444][safepoint    ] Safepoint "Cleanup", Time since last: 1000418300 ns, Reaching safepoint: 150900 ns, At safepoint: 5300 ns, Total: 156200 ns
[2020-09-10T07:46:44.031+0000][33444][safepoint    ] Safepoint "Cleanup", Time since last: 1000304800 ns, Reaching safepoint: 108500 ns, At safepoint: 20600 ns, Total: 129100 ns
[2020-09-10T07:46:45.031+0000][33444][safepoint    ] Safepoint "Cleanup", Time since last: 1000222800 ns, Reaching safepoint: 171700 ns, At safepoint: 66100 ns, Total: 237800 ns
[2020-09-10T07:46:46.032+0000][33444][safepoint    ] Safepoint "Cleanup", Time since last: 1000630900 ns, Reaching safepoint: 162500 ns, At safepoint: 64600 ns, Total: 227100 ns
[2020-09-10T07:46:47.033+0000][33444][safepoint    ] Safepoint "Cleanup", Time since last: 1000509000 ns, Reaching safepoint: 212400 ns, At safepoint: 8700 ns, Total: 221100 ns
[2020-09-10T07:46:48.033+0000][33444][safepoint    ] Safepoint "Cleanup", Time since last: 1000681300 ns, Reaching safepoint: 187900 ns, At safepoint: 9200 ns, Total: 197100 ns
[2020-09-10T07:46:49.034+0000][33444][safepoint    ] Safepoint "Cleanup", Time since last: 1000029400 ns, Reaching safepoint: 101500 ns, At safepoint: 55400 ns, Total: 156900 ns
[2020-09-10T07:46:50.035+0000][33444][safepoint    ] Safepoint "Cleanup", Time since last: 1000744900 ns, Reaching safepoint: 818100 ns, At safepoint: 19400 ns, Total: 837500 ns
[2020-09-10T07:46:51.036+0000][33444][safepoint    ] Safepoint "Cleanup", Time since last: 1000274600 ns, Reaching safepoint: 90000 ns, At safepoint: 5700 ns, Total: 95700 ns
[2020-09-10T07:46:53.036+0000][33444][safepoint    ] Safepoint "Cleanup", Time since last: 2000559200 ns, Reaching safepoint: 113700 ns, At safepoint: 6400 ns, Total: 120100 ns
[2020-09-10T07:46:54.037+0000][33444][safepoint    ] Safepoint "Cleanup", Time since last: 1000552000 ns, Reaching safepoint: 111900 ns, At safepoint: 5000 ns, Total: 116900 ns
[2020-09-10T07:46:55.038+0000][33444][safepoint    ] Safepoint "Cleanup", Time since last: 1000832000 ns, Reaching safepoint: 169700 ns, At safepoint: 5500 ns, Total: 175200 ns
[2020-09-10T07:46:56.039+0000][33444][safepoint    ] Safepoint "Cleanup", Time since last: 1000685900 ns, Reaching safepoint: 221600 ns, At safepoint: 8700 ns, Total: 230300 ns
[2020-09-10T07:46:57.040+0000][33444][safepoint    ] Safepoint "Cleanup", Time since last: 1000565200 ns, Reaching safepoint: 109800 ns, At safepoint: 21600 ns, Total: 131400 ns
[2020-09-10T07:46:58.040+0000][33444][safepoint    ] Safepoint "Cleanup", Time since last: 1000443300 ns, Reaching safepoint: 177900 ns, At safepoint: 27800 ns, Total: 205700 ns
[2020-09-10T07:46:59.041+0000][33444][safepoint    ] Safepoint "Cleanup", Time since last: 1000225200 ns, Reaching safepoint: 310100 ns, At safepoint: 96200 ns, Total: 406300 ns
[2020-09-10T07:47:00.042+0000][33444][safepoint    ] Safepoint "Cleanup", Time since last: 1000474800 ns, Reaching safepoint: 112400 ns, At safepoint: 6900 ns, Total: 119300 ns
[2020-09-10T07:47:01.042+0000][33444][safepoint    ] Safepoint "Cleanup", Time since last: 1000321500 ns, Reaching safepoint: 178600 ns, At safepoint: 35400 ns, Total: 214000 ns
[2020-09-10T07:47:02.043+0000][33444][safepoint    ] Safepoint "Cleanup", Time since last: 1000320100 ns, Reaching safepoint: 100100 ns, At safepoint: 12800 ns, Total: 112900 ns
[2020-09-10T07:47:03.043+0000][33444][safepoint    ] Safepoint "Cleanup", Time since last: 1000438500 ns, Reaching safepoint: 128100 ns, At safepoint: 49200 ns, Total: 177300 ns
[2020-09-10T07:47:05.044+0000][33444][safepoint    ] Safepoint "Cleanup", Time since last: 2000703500 ns, Reaching safepoint: 138400 ns, At safepoint: 7100 ns, Total: 145500 ns
[2020-09-10T07:47:06.044+0000][33444][safepoint    ] Safepoint "Cleanup", Time since last: 1000280100 ns, Reaching safepoint: 173200 ns, At safepoint: 64000 ns, Total: 237200 ns
[2020-09-10T07:47:07.045+0000][33444][safepoint    ] Safepoint "Cleanup", Time since last: 1000678800 ns, Reaching safepoint: 114100 ns, At safepoint: 65000 ns, Total: 179100 ns
[2020-09-10T07:47:08.046+0000][33444][safepoint    ] Safepoint "Cleanup", Time since last: 1000626800 ns, Reaching safepoint: 117900 ns, At safepoint: 7000 ns, Total: 124900 ns
[2020-09-10T07:47:10.047+0000][33444][safepoint    ] Safepoint "Cleanup", Time since last: 2000785000 ns, Reaching safepoint: 149100 ns, At safepoint: 7500 ns, Total: 156600 ns
[2020-09-10T07:47:11.047+0000][33444][safepoint    ] Safepoint "Cleanup", Time since last: 1000264200 ns, Reaching safepoint: 122000 ns, At safepoint: 69700 ns, Total: 191700 ns
[2020-09-10T07:47:12.048+0000][33444][safepoint    ] Safepoint "Cleanup", Time since last: 1000447600 ns, Reaching safepoint: 134100 ns, At safepoint: 42300 ns, Total: 176400 ns
[2020-09-10T07:47:13.049+0000][33444][safepoint    ] Safepoint "Cleanup", Time since last: 1000634700 ns, Reaching safepoint: 135800 ns, At safepoint: 48400 ns, Total: 184200 ns
[2020-09-10T07:47:14.110+0000][33444][safepoint    ] Safepoint "Cleanup", Time since last: 1061341800 ns, Reaching safepoint: 100800 ns, At safepoint: 5800 ns, Total: 106600 ns
[2020-09-10T07:47:15.341+0000][33444][safepoint    ] Safepoint "Cleanup", Time since last: 1230110700 ns, Reaching safepoint: 211400 ns, At safepoint: 24800 ns, Total: 236200 ns
[2020-09-10T07:47:16.496+0000][33444][safepoint    ] Safepoint "Cleanup", Time since last: 1154988900 ns, Reaching safepoint: 295200 ns, At safepoint: 10800 ns, Total: 306000 ns
[2020-09-10T07:47:18.499+0000][33444][safepoint    ] Safepoint "Cleanup", Time since last: 2003271100 ns, Reaching safepoint: 229200 ns, At safepoint: 9800 ns, Total: 239000 ns
[2020-09-10T07:47:21.501+0000][33444][safepoint    ] Safepoint "Cleanup", Time since last: 3001376600 ns, Reaching safepoint: 126300 ns, At safepoint: 5300 ns, Total: 131600 ns
[2020-09-10T07:47:25.503+0000][33444][safepoint    ] Safepoint "Cleanup", Time since last: 4001574600 ns, Reaching safepoint: 142100 ns, At safepoint: 6700 ns, Total: 148800 ns
[2020-09-10T07:47:27.504+0000][33444][safepoint    ] Safepoint "Cleanup", Time since last: 2001630800 ns, Reaching safepoint: 430800 ns, At safepoint: 46600 ns, Total: 477400 ns
[2020-09-10T07:47:29.505+0000][33444][safepoint    ] Safepoint "Cleanup", Time since last: 1999824500 ns, Reaching safepoint: 117300 ns, At safepoint: 6700 ns, Total: 124000 ns
[2020-09-10T07:47:36.508+0000][33444][safepoint    ] Safepoint "Cleanup", Time since last: 7002679200 ns, Reaching safepoint: 149800 ns, At safepoint: 6000 ns, Total: 155800 ns
[2020-09-10T07:47:41.511+0000][33444][safepoint    ] Safepoint "Cleanup", Time since last: 5002863300 ns, Reaching safepoint: 113600 ns, At safepoint: 3100 ns, Total: 116700 ns
[2020-09-10T07:47:42.511+0000][33444][safepoint    ] Safepoint "Cleanup", Time since last: 1000622700 ns, Reaching safepoint: 146100 ns, At safepoint: 8000 ns, Total: 154100 ns
[2020-09-10T07:47:44.513+0000][33444][safepoint    ] Safepoint "Cleanup", Time since last: 2001299500 ns, Reaching safepoint: 124200 ns, At safepoint: 5200 ns, Total: 129400 ns
[2020-09-10T07:47:45.514+0000][33444][safepoint    ] Safepoint "Cleanup", Time since last: 1000809300 ns, Reaching safepoint: 111500 ns, At safepoint: 6800 ns, Total: 118300 ns
[2020-09-10T07:47:50.516+0000][33444][safepoint    ] Safepoint "Cleanup", Time since last: 5002157600 ns, Reaching safepoint: 473200 ns, At safepoint: 40400 ns, Total: 513600 ns
[2020-09-10T07:47:53.518+0000][33444][safepoint    ] Safepoint "Cleanup", Time since last: 3001122800 ns, Reaching safepoint: 227600 ns, At safepoint: 16200 ns, Total: 243800 ns
[2020-09-10T07:48:07.524+0000][33444][safepoint    ] Safepoint "Cleanup", Time since last: 14006455400 ns, Reaching safepoint: 159000 ns, At safepoint: 5600 ns, Total: 164600 ns
[2020-09-10T07:48:09.525+0000][33444][safepoint    ] Safepoint "Cleanup", Time since last: 2000373500 ns, Reaching safepoint: 170500 ns, At safepoint: 20800 ns, Total: 191300 ns
[2020-09-10T07:48:10.681+0000][33444][safepoint    ] Safepoint "Cleanup", Time since last: 1156927900 ns, Reaching safepoint: 117700 ns, At safepoint: 4500 ns, Total: 122200 ns
[2020-09-10T07:48:10.718+0000][33444][safepoint    ] Safepoint "BulkRevokeBias", Time since last: 35370900 ns, Reaching safepoint: 138800 ns, At safepoint: 1284100 ns, Total: 1422900 ns
[2020-09-10T07:48:11.555+0000][33444][gc,start     ] GC(12) Pause Young (Concurrent Start) (G1 Humongous Allocation)
[2020-09-10T07:48:11.555+0000][33444][gc,task      ] GC(12) Using 8 workers of 8 for evacuation
[2020-09-10T07:48:11.555+0000][33444][gc,age       ] GC(12) Desired survivor size 35651584 bytes, new threshold 3 (max threshold 15)
[2020-09-10T07:48:11.583+0000][33444][gc,age       ] GC(12) Age table with threshold 3 (max threshold 15)
[2020-09-10T07:48:11.583+0000][33444][gc,age       ] GC(12) - age   1:    6937936 bytes,    6937936 total
[2020-09-10T07:48:11.583+0000][33444][gc,age       ] GC(12) - age   2:   11552976 bytes,   18490912 total
[2020-09-10T07:48:11.583+0000][33444][gc,age       ] GC(12) - age   3:    8273416 bytes,   26764328 total
[2020-09-10T07:48:11.583+0000][33444][gc,phases    ] GC(12)   Pre Evacuate Collection Set: 0.4ms
[2020-09-10T07:48:11.583+0000][33444][gc,phases    ] GC(12)   Merge Heap Roots: 0.1ms
[2020-09-10T07:48:11.583+0000][33444][gc,phases    ] GC(12)   Evacuate Collection Set: 25.1ms
[2020-09-10T07:48:11.583+0000][33444][gc,phases    ] GC(12)   Post Evacuate Collection Set: 2.4ms
[2020-09-10T07:48:11.583+0000][33444][gc,phases    ] GC(12)   Other: 0.5ms
[2020-09-10T07:48:11.583+0000][33444][gc,heap      ] GC(12) Eden regions: 236->0(445)
[2020-09-10T07:48:11.583+0000][33444][gc,heap      ] GC(12) Survivor regions: 50->28(68)
[2020-09-10T07:48:11.583+0000][33444][gc,heap      ] GC(12) Old regions: 28->50
[2020-09-10T07:48:11.583+0000][33444][gc,heap      ] GC(12) Archive regions: 0->0
[2020-09-10T07:48:11.583+0000][33444][gc,heap      ] GC(12) Humongous regions: 279->175
[2020-09-10T07:48:11.583+0000][33444][gc,metaspace ] GC(12) Metaspace: 80821K(86784K)->80821K(86784K) NonClass: 69962K(73472K)->69962K(73472K) Class: 10858K(13312K)->10858K(13312K)
[2020-09-10T07:48:11.584+0000][33444][gc           ] GC(12) Pause Young (Concurrent Start) (G1 Humongous Allocation) 591M->252M(1024M) 28.954ms
[2020-09-10T07:48:11.584+0000][33444][gc,cpu       ] GC(12) User=0.13s Sys=0.00s Real=0.03s
[2020-09-10T07:48:11.584+0000][33444][gc           ] GC(13) Concurrent Cycle
[2020-09-10T07:48:11.584+0000][33444][gc,marking   ] GC(13) Concurrent Clear Claimed Marks
[2020-09-10T07:48:11.584+0000][33444][safepoint    ] Safepoint "G1TryInitiateConcMark", Time since last: 835680100 ns, Reaching safepoint: 188900 ns, At safepoint: 29287400 ns, Total: 29476300 ns
[2020-09-10T07:48:11.584+0000][33444][gc,marking   ] GC(13) Concurrent Clear Claimed Marks 0.387ms
[2020-09-10T07:48:11.584+0000][33444][gc,marking   ] GC(13) Concurrent Scan Root Regions
[2020-09-10T07:48:11.612+0000][33444][gc,marking   ] GC(13) Concurrent Scan Root Regions 28.215ms
[2020-09-10T07:48:11.612+0000][33444][gc,marking   ] GC(13) Concurrent Mark (322.078s)
[2020-09-10T07:48:11.612+0000][33444][gc,marking   ] GC(13) Concurrent Mark From Roots
[2020-09-10T07:48:11.612+0000][33444][gc,task      ] GC(13) Using 2 workers of 2 for marking
[2020-09-10T07:48:11.637+0000][33444][gc,marking   ] GC(13) Concurrent Mark From Roots 24.981ms
[2020-09-10T07:48:11.637+0000][33444][gc,marking   ] GC(13) Concurrent Preclean
[2020-09-10T07:48:11.638+0000][33444][gc,marking   ] GC(13) Concurrent Preclean 0.446ms
[2020-09-10T07:48:11.638+0000][33444][gc,marking   ] GC(13) Concurrent Mark (322.078s, 322.103s) 25.553ms
[2020-09-10T07:48:11.638+0000][33444][gc,start     ] GC(13) Pause Remark
[2020-09-10T07:48:11.642+0000][33444][gc           ] GC(13) Pause Remark 305M->305M(1024M) 3.767ms
[2020-09-10T07:48:11.642+0000][33444][gc,cpu       ] GC(13) User=0.00s Sys=0.00s Real=0.00s
[2020-09-10T07:48:11.642+0000][33444][safepoint    ] Safepoint "G1Concurrent", Time since last: 54192400 ns, Reaching safepoint: 118800 ns, At safepoint: 4023500 ns, Total: 4142300 ns
[2020-09-10T07:48:11.642+0000][33444][gc,marking   ] GC(13) Concurrent Rebuild Remembered Sets
[2020-09-10T07:48:11.696+0000][33444][gc,marking   ] GC(13) Concurrent Rebuild Remembered Sets 54.206ms
[2020-09-10T07:48:11.697+0000][33444][gc,start     ] GC(13) Pause Cleanup
[2020-09-10T07:48:11.697+0000][33444][gc           ] GC(13) Pause Cleanup 305M->305M(1024M) 0.482ms
[2020-09-10T07:48:11.697+0000][33444][gc,cpu       ] GC(13) User=0.00s Sys=0.00s Real=0.00s
[2020-09-10T07:48:11.697+0000][33444][safepoint    ] Safepoint "G1Concurrent", Time since last: 54391100 ns, Reaching safepoint: 526900 ns, At safepoint: 857500 ns, Total: 1384400 ns
[2020-09-10T07:48:11.697+0000][33444][gc,marking   ] GC(13) Concurrent Cleanup for Next Mark
[2020-09-10T07:48:11.701+0000][33444][gc,marking   ] GC(13) Concurrent Cleanup for Next Mark 3.105ms
[2020-09-10T07:48:11.701+0000][33444][gc           ] GC(13) Concurrent Cycle 117.597ms
[2020-09-10T07:48:12.778+0000][33444][safepoint    ] Safepoint "Cleanup", Time since last: 1079362100 ns, Reaching safepoint: 128000 ns, At safepoint: 7500 ns, Total: 135500 ns
[2020-09-10T07:48:13.780+0000][33444][safepoint    ] Safepoint "Cleanup", Time since last: 1002459900 ns, Reaching safepoint: 114700 ns, At safepoint: 58600 ns, Total: 173300 ns
[2020-09-10T07:48:14.781+0000][33444][safepoint    ] Safepoint "Cleanup", Time since last: 1000362800 ns, Reaching safepoint: 99000 ns, At safepoint: 54900 ns, Total: 153900 ns
[2020-09-10T07:48:15.782+0000][33444][safepoint    ] Safepoint "Cleanup", Time since last: 1000718900 ns, Reaching safepoint: 169800 ns, At safepoint: 73200 ns, Total: 243000 ns
[2020-09-10T07:48:16.782+0000][33444][safepoint    ] Safepoint "Cleanup", Time since last: 1000386300 ns, Reaching safepoint: 116500 ns, At safepoint: 17600 ns, Total: 134100 ns
[2020-09-10T07:48:17.783+0000][33444][safepoint    ] Safepoint "Cleanup", Time since last: 1000397800 ns, Reaching safepoint: 103600 ns, At safepoint: 5900 ns, Total: 109500 ns
[2020-09-10T07:48:18.783+0000][33444][safepoint    ] Safepoint "Cleanup", Time since last: 1000225900 ns, Reaching safepoint: 162900 ns, At safepoint: 7200 ns, Total: 170100 ns
[2020-09-10T07:48:19.783+0000][33444][safepoint    ] Safepoint "Cleanup", Time since last: 1000147700 ns, Reaching safepoint: 136100 ns, At safepoint: 59700 ns, Total: 195800 ns
[2020-09-10T07:48:20.784+0000][33444][safepoint    ] Safepoint "Cleanup", Time since last: 1000340100 ns, Reaching safepoint: 97500 ns, At safepoint: 3900 ns, Total: 101400 ns
[2020-09-10T07:48:21.784+0000][33444][safepoint    ] Safepoint "Cleanup", Time since last: 1000066800 ns, Reaching safepoint: 104800 ns, At safepoint: 3200 ns, Total: 108000 ns
[2020-09-10T07:48:22.784+0000][33444][safepoint    ] Safepoint "Cleanup", Time since last: 1000072400 ns, Reaching safepoint: 106600 ns, At safepoint: 5100 ns, Total: 111700 ns
[2020-09-10T07:48:24.785+0000][33444][safepoint    ] Safepoint "Cleanup", Time since last: 2000656700 ns, Reaching safepoint: 143100 ns, At safepoint: 8100 ns, Total: 151200 ns
[2020-09-10T07:48:25.786+0000][33444][safepoint    ] Safepoint "Cleanup", Time since last: 1000589100 ns, Reaching safepoint: 97800 ns, At safepoint: 3800 ns, Total: 101600 ns
[2020-09-10T07:48:26.787+0000][33444][safepoint    ] Safepoint "Cleanup", Time since last: 1000816100 ns, Reaching safepoint: 104900 ns, At safepoint: 4900 ns, Total: 109800 ns
[2020-09-10T07:48:27.787+0000][33444][safepoint    ] Safepoint "Cleanup", Time since last: 1000200000 ns, Reaching safepoint: 155000 ns, At safepoint: 6400 ns, Total: 161400 ns
[2020-09-10T07:48:28.788+0000][33444][safepoint    ] Safepoint "Cleanup", Time since last: 1000406700 ns, Reaching safepoint: 93800 ns, At safepoint: 3400 ns, Total: 97200 ns
[2020-09-10T07:48:29.788+0000][33444][safepoint    ] Safepoint "Cleanup", Time since last: 1000419500 ns, Reaching safepoint: 135600 ns, At safepoint: 4300 ns, Total: 139900 ns
[2020-09-10T07:48:31.789+0000][33444][safepoint    ] Safepoint "Cleanup", Time since last: 2000853700 ns, Reaching safepoint: 435200 ns, At safepoint: 27600 ns, Total: 462800 ns
[2020-09-10T07:48:32.790+0000][33444][safepoint    ] Safepoint "Cleanup", Time since last: 1000907200 ns, Reaching safepoint: 157500 ns, At safepoint: 9600 ns, Total: 167100 ns
[2020-09-10T07:48:33.791+0000][33444][safepoint    ] Safepoint "Cleanup", Time since last: 1000231200 ns, Reaching safepoint: 131200 ns, At safepoint: 7000 ns, Total: 138200 ns
[2020-09-10T07:48:34.792+0000][33444][safepoint    ] Safepoint "Cleanup", Time since last: 1000877500 ns, Reaching safepoint: 227400 ns, At safepoint: 8100 ns, Total: 235500 ns
[2020-09-10T07:48:35.792+0000][33444][safepoint    ] Safepoint "Cleanup", Time since last: 1000128700 ns, Reaching safepoint: 84700 ns, At safepoint: 2200 ns, Total: 86900 ns
[2020-09-10T07:48:37.792+0000][33444][safepoint    ] Safepoint "Cleanup", Time since last: 2000262700 ns, Reaching safepoint: 217200 ns, At safepoint: 26800 ns, Total: 244000 ns
[2020-09-10T07:48:38.793+0000][33444][safepoint    ] Safepoint "Cleanup", Time since last: 1000273300 ns, Reaching safepoint: 120900 ns, At safepoint: 5900 ns, Total: 126800 ns
[2020-09-10T07:48:39.794+0000][33444][safepoint    ] Safepoint "Cleanup", Time since last: 1000369200 ns, Reaching safepoint: 89700 ns, At safepoint: 6700 ns, Total: 96400 ns
[2020-09-10T07:48:40.794+0000][33444][safepoint    ] Safepoint "Cleanup", Time since last: 1000641900 ns, Reaching safepoint: 139200 ns, At safepoint: 7300 ns, Total: 146500 ns
[2020-09-10T07:48:41.795+0000][33444][safepoint    ] Safepoint "Cleanup", Time since last: 1000316800 ns, Reaching safepoint: 152100 ns, At safepoint: 6700 ns, Total: 158800 ns
[2020-09-10T07:48:42.795+0000][33444][safepoint    ] Safepoint "Cleanup", Time since last: 1000572900 ns, Reaching safepoint: 182800 ns, At safepoint: 15800 ns, Total: 198600 ns
[2020-09-10T07:48:43.796+0000][33444][safepoint    ] Safepoint "Cleanup", Time since last: 1000533600 ns, Reaching safepoint: 369800 ns, At safepoint: 20100 ns, Total: 389900 ns
[2020-09-10T07:48:44.797+0000][33444][safepoint    ] Safepoint "Cleanup", Time since last: 1000843200 ns, Reaching safepoint: 148200 ns, At safepoint: 5300 ns, Total: 153500 ns
[2020-09-10T07:48:45.798+0000][33444][safepoint    ] Safepoint "Cleanup", Time since last: 1000473100 ns, Reaching safepoint: 157900 ns, At safepoint: 5800 ns, Total: 163700 ns
[2020-09-10T07:48:46.799+0000][33444][safepoint    ] Safepoint "Cleanup", Time since last: 1000688000 ns, Reaching safepoint: 148600 ns, At safepoint: 2900 ns, Total: 151500 ns
[2020-09-10T07:48:48.800+0000][33444][safepoint    ] Safepoint "Cleanup", Time since last: 2001008400 ns, Reaching safepoint: 154400 ns, At safepoint: 21100 ns, Total: 175500 ns
[2020-09-10T07:48:49.801+0000][33444][safepoint    ] Safepoint "Cleanup", Time since last: 1000426200 ns, Reaching safepoint: 140800 ns, At safepoint: 3800 ns, Total: 144600 ns
[2020-09-10T07:48:50.801+0000][33444][safepoint    ] Safepoint "Cleanup", Time since last: 1000021200 ns, Reaching safepoint: 142900 ns, At safepoint: 5200 ns, Total: 148100 ns
[2020-09-10T07:48:51.801+0000][33444][safepoint    ] Safepoint "Cleanup", Time since last: 1000320700 ns, Reaching safepoint: 157000 ns, At safepoint: 4300 ns, Total: 161300 ns
[2020-09-10T07:48:53.801+0000][33444][safepoint    ] Safepoint "Cleanup", Time since last: 1999938500 ns, Reaching safepoint: 85200 ns, At safepoint: 13500 ns, Total: 98700 ns
[2020-09-10T07:48:54.802+0000][33444][safepoint    ] Safepoint "Cleanup", Time since last: 1000838100 ns, Reaching safepoint: 97700 ns, At safepoint: 5700 ns, Total: 103400 ns
[2020-09-10T07:48:56.803+0000][33444][safepoint    ] Safepoint "Cleanup", Time since last: 2000765500 ns, Reaching safepoint: 124200 ns, At safepoint: 6600 ns, Total: 130800 ns
[2020-09-10T07:48:57.804+0000][33444][safepoint    ] Safepoint "Cleanup", Time since last: 1000851500 ns, Reaching safepoint: 396500 ns, At safepoint: 37400 ns, Total: 433900 ns
[2020-09-10T07:48:59.805+0000][33444][safepoint    ] Safepoint "Cleanup", Time since last: 2000298900 ns, Reaching safepoint: 139000 ns, At safepoint: 5300 ns, Total: 144300 ns
[2020-09-10T07:49:00.806+0000][33444][safepoint    ] Safepoint "Cleanup", Time since last: 1000598700 ns, Reaching safepoint: 210100 ns, At safepoint: 8900 ns, Total: 219000 ns
[2020-09-10T07:49:01.806+0000][33444][safepoint    ] Safepoint "Cleanup", Time since last: 1000124800 ns, Reaching safepoint: 153900 ns, At safepoint: 9100 ns, Total: 163000 ns
[2020-09-10T07:49:02.807+0000][33444][safepoint    ] Safepoint "Cleanup", Time since last: 1000671600 ns, Reaching safepoint: 180700 ns, At safepoint: 4700 ns, Total: 185400 ns
[2020-09-10T07:49:03.807+0000][33444][safepoint    ] Safepoint "Cleanup", Time since last: 1000122000 ns, Reaching safepoint: 394900 ns, At safepoint: 22900 ns, Total: 417800 ns
[2020-09-10T07:49:04.808+0000][33444][safepoint    ] Safepoint "Cleanup", Time since last: 1000286200 ns, Reaching safepoint: 395200 ns, At safepoint: 21900 ns, Total: 417100 ns
[2020-09-10T07:49:05.810+0000][33444][safepoint    ] Safepoint "Cleanup", Time since last: 1001613600 ns, Reaching safepoint: 137200 ns, At safepoint: 6600 ns, Total: 143800 ns
[2020-09-10T07:49:06.954+0000][33444][safepoint    ] Safepoint "Cleanup", Time since last: 1143866100 ns, Reaching safepoint: 96900 ns, At safepoint: 8200 ns, Total: 105100 ns
[2020-09-10T07:49:07.832+0000][33444][gc,start     ] GC(14) Pause Young (Concurrent Start) (G1 Humongous Allocation)
[2020-09-10T07:49:07.832+0000][33444][gc,task      ] GC(14) Using 8 workers of 8 for evacuation
[2020-09-10T07:49:07.832+0000][33444][gc,age       ] GC(14) Desired survivor size 31457280 bytes, new threshold 15 (max threshold 15)
[2020-09-10T07:49:07.847+0000][33444][gc,age       ] GC(14) Age table with threshold 15 (max threshold 15)
[2020-09-10T07:49:07.847+0000][33444][gc,age       ] GC(14) - age   1:    1410736 bytes,    1410736 total
[2020-09-10T07:49:07.847+0000][33444][gc,age       ] GC(14) - age   2:    4151112 bytes,    5561848 total
[2020-09-10T07:49:07.847+0000][33444][gc,age       ] GC(14) - age   3:   11548696 bytes,   17110544 total
[2020-09-10T07:49:07.847+0000][33444][gc,age       ] GC(14) - age   4:    8273416 bytes,   25383960 total
[2020-09-10T07:49:07.847+0000][33444][gc,phases    ] GC(14)   Pre Evacuate Collection Set: 0.3ms
[2020-09-10T07:49:07.847+0000][33444][gc,phases    ] GC(14)   Merge Heap Roots: 0.1ms
[2020-09-10T07:49:07.847+0000][33444][gc,phases    ] GC(14)   Evacuate Collection Set: 12.6ms
[2020-09-10T07:49:07.847+0000][33444][gc,phases    ] GC(14)   Post Evacuate Collection Set: 1.6ms
[2020-09-10T07:49:07.847+0000][33444][gc,phases    ] GC(14)   Other: 0.4ms
[2020-09-10T07:49:07.847+0000][33444][gc,heap      ] GC(14) Eden regions: 36->0(460)
[2020-09-10T07:49:07.847+0000][33444][gc,heap      ] GC(14) Survivor regions: 28->27(60)
[2020-09-10T07:49:07.847+0000][33444][gc,heap      ] GC(14) Old regions: 50->50
[2020-09-10T07:49:07.847+0000][33444][gc,heap      ] GC(14) Archive regions: 0->0
[2020-09-10T07:49:07.847+0000][33444][gc,heap      ] GC(14) Humongous regions: 257->175
[2020-09-10T07:49:07.847+0000][33444][gc,metaspace ] GC(14) Metaspace: 80884K(86784K)->80884K(86784K) NonClass: 70025K(73472K)->70025K(73472K) Class: 10858K(13312K)->10858K(13312K)
[2020-09-10T07:49:07.848+0000][33444][gc           ] GC(14) Pause Young (Concurrent Start) (G1 Humongous Allocation) 369M->251M(1024M) 15.196ms
[2020-09-10T07:49:07.848+0000][33444][gc,cpu       ] GC(14) User=0.11s Sys=0.02s Real=0.02s
[2020-09-10T07:49:07.848+0000][33444][safepoint    ] Safepoint "G1TryInitiateConcMark", Time since last: 878991500 ns, Reaching safepoint: 183700 ns, At safepoint: 15309900 ns, Total: 15493600 ns
[2020-09-10T07:49:07.848+0000][33444][gc           ] GC(15) Concurrent Cycle
[2020-09-10T07:49:07.848+0000][33444][gc,marking   ] GC(15) Concurrent Clear Claimed Marks
[2020-09-10T07:49:07.848+0000][33444][gc,marking   ] GC(15) Concurrent Clear Claimed Marks 0.393ms
[2020-09-10T07:49:07.848+0000][33444][gc,marking   ] GC(15) Concurrent Scan Root Regions
[2020-09-10T07:49:07.861+0000][33444][gc,marking   ] GC(15) Concurrent Scan Root Regions 12.938ms
[2020-09-10T07:49:07.861+0000][33444][gc,marking   ] GC(15) Concurrent Mark (378.327s)
[2020-09-10T07:49:07.861+0000][33444][gc,marking   ] GC(15) Concurrent Mark From Roots
[2020-09-10T07:49:07.861+0000][33444][gc,task      ] GC(15) Using 2 workers of 2 for marking
[2020-09-10T07:49:07.934+0000][33444][gc,marking   ] GC(15) Concurrent Mark From Roots 71.478ms
[2020-09-10T07:49:07.934+0000][33444][gc,marking   ] GC(15) Concurrent Preclean
[2020-09-10T07:49:07.934+0000][33444][gc,marking   ] GC(15) Concurrent Preclean 0.379ms
[2020-09-10T07:49:07.934+0000][33444][gc,marking   ] GC(15) Concurrent Mark (378.327s, 378.399s) 71.985ms
[2020-09-10T07:49:07.934+0000][33444][gc,start     ] GC(15) Pause Remark
[2020-09-10T07:49:07.937+0000][33444][gc           ] GC(15) Pause Remark 259M->259M(1024M) 3.089ms
[2020-09-10T07:49:07.937+0000][33444][gc,cpu       ] GC(15) User=0.00s Sys=0.00s Real=0.00s
[2020-09-10T07:49:07.937+0000][33444][safepoint    ] Safepoint "G1Concurrent", Time since last: 85559400 ns, Reaching safepoint: 117300 ns, At safepoint: 3224000 ns, Total: 3341300 ns
[2020-09-10T07:49:07.937+0000][33444][gc,marking   ] GC(15) Concurrent Rebuild Remembered Sets
[2020-09-10T07:49:07.975+0000][33444][gc,marking   ] GC(15) Concurrent Rebuild Remembered Sets 38.051ms
[2020-09-10T07:49:07.976+0000][33444][gc,start     ] GC(15) Pause Cleanup
[2020-09-10T07:49:07.976+0000][33444][gc           ] GC(15) Pause Cleanup 259M->259M(1024M) 0.209ms
[2020-09-10T07:49:07.976+0000][33444][gc,cpu       ] GC(15) User=0.00s Sys=0.00s Real=0.00s
[2020-09-10T07:49:07.976+0000][33444][safepoint    ] Safepoint "G1Concurrent", Time since last: 38192400 ns, Reaching safepoint: 109400 ns, At safepoint: 304700 ns, Total: 414100 ns
[2020-09-10T07:49:07.976+0000][33444][gc,marking   ] GC(15) Concurrent Cleanup for Next Mark
[2020-09-10T07:49:07.978+0000][33444][gc,marking   ] GC(15) Concurrent Cleanup for Next Mark 1.871ms
[2020-09-10T07:49:07.978+0000][33444][gc           ] GC(15) Concurrent Cycle 129.485ms
[2020-09-10T07:49:08.997+0000][33444][safepoint    ] Safepoint "Cleanup", Time since last: 1020566300 ns, Reaching safepoint: 121100 ns, At safepoint: 6800 ns, Total: 127900 ns
[2020-09-10T07:49:09.999+0000][33444][safepoint    ] Safepoint "Cleanup", Time since last: 1002633400 ns, Reaching safepoint: 135300 ns, At safepoint: 6200 ns, Total: 141500 ns
[2020-09-10T07:49:11.000+0000][33444][safepoint    ] Safepoint "Cleanup", Time since last: 1000580900 ns, Reaching safepoint: 199800 ns, At safepoint: 10200 ns, Total: 210000 ns
[2020-09-10T07:49:12.000+0000][33444][safepoint    ] Safepoint "Cleanup", Time since last: 1000116900 ns, Reaching safepoint: 166400 ns, At safepoint: 10200 ns, Total: 176600 ns
[2020-09-10T07:49:13.001+0000][33444][safepoint    ] Safepoint "Cleanup", Time since last: 1000557900 ns, Reaching safepoint: 108200 ns, At safepoint: 6500 ns, Total: 114700 ns
[2020-09-10T07:49:14.002+0000][33444][safepoint    ] Safepoint "Cleanup", Time since last: 1000701900 ns, Reaching safepoint: 109300 ns, At safepoint: 7400 ns, Total: 116700 ns
[2020-09-10T07:49:15.003+0000][33444][safepoint    ] Safepoint "Cleanup", Time since last: 1000573600 ns, Reaching safepoint: 133400 ns, At safepoint: 8900 ns, Total: 142300 ns
[2020-09-10T07:49:15.973+0000][33444][safepoint    ] Safepoint "BulkRevokeBias", Time since last: 968676100 ns, Reaching safepoint: 223300 ns, At safepoint: 1956800 ns, Total: 2180100 ns
[2020-09-10T07:49:15.975+0000][33444][safepoint    ] Safepoint "BulkRevokeBias", Time since last: 161900 ns, Reaching safepoint: 92700 ns, At safepoint: 779300 ns, Total: 872000 ns
[2020-09-10T07:49:15.976+0000][33444][safepoint    ] Safepoint "BulkRevokeBias", Time since last: 107700 ns, Reaching safepoint: 135500 ns, At safepoint: 748600 ns, Total: 884100 ns
[2020-09-10T07:49:15.977+0000][33444][safepoint    ] Safepoint "BulkRevokeBias", Time since last: 253200 ns, Reaching safepoint: 138500 ns, At safepoint: 770100 ns, Total: 908600 ns
[2020-09-10T07:49:15.999+0000][33444][safepoint    ] Safepoint "BulkRevokeBias", Time since last: 22044600 ns, Reaching safepoint: 102000 ns, At safepoint: 757800 ns, Total: 859800 ns
[2020-09-10T07:49:16.000+0000][33444][safepoint    ] Safepoint "BulkRevokeBias", Time since last: 117800 ns, Reaching safepoint: 192000 ns, At safepoint: 790500 ns, Total: 982500 ns
[2020-09-10T07:49:16.001+0000][33444][safepoint    ] Safepoint "BulkRevokeBias", Time since last: 90200 ns, Reaching safepoint: 142600 ns, At safepoint: 702300 ns, Total: 844900 ns
[2020-09-10T07:49:16.002+0000][33444][safepoint    ] Safepoint "BulkRevokeBias", Time since last: 95300 ns, Reaching safepoint: 159900 ns, At safepoint: 660700 ns, Total: 820600 ns
[2020-09-10T07:49:17.937+0000][33444][safepoint    ] Safepoint "Cleanup", Time since last: 1934485200 ns, Reaching safepoint: 130400 ns, At safepoint: 58200 ns, Total: 188600 ns
[2020-09-10T07:49:18.938+0000][33444][safepoint    ] Safepoint "Cleanup", Time since last: 1000216700 ns, Reaching safepoint: 112900 ns, At safepoint: 45300 ns, Total: 158200 ns
[2020-09-10T07:49:19.938+0000][33444][safepoint    ] Safepoint "Cleanup", Time since last: 1000358900 ns, Reaching safepoint: 173500 ns, At safepoint: 55200 ns, Total: 228700 ns
[2020-09-10T07:49:20.939+0000][33444][safepoint    ] Safepoint "Cleanup", Time since last: 1000573000 ns, Reaching safepoint: 107500 ns, At safepoint: 58400 ns, Total: 165900 ns
[2020-09-10T07:49:21.939+0000][33444][safepoint    ] Safepoint "Cleanup", Time since last: 1000114400 ns, Reaching safepoint: 175200 ns, At safepoint: 8400 ns, Total: 183600 ns
[2020-09-10T07:49:23.940+0000][33444][safepoint    ] Safepoint "Cleanup", Time since last: 2000435400 ns, Reaching safepoint: 199000 ns, At safepoint: 9200 ns, Total: 208200 ns
[2020-09-10T07:49:24.941+0000][33444][safepoint    ] Safepoint "Cleanup", Time since last: 1000776700 ns, Reaching safepoint: 370500 ns, At safepoint: 25100 ns, Total: 395600 ns
[2020-09-10T07:49:26.942+0000][33444][safepoint    ] Safepoint "Cleanup", Time since last: 2000559100 ns, Reaching safepoint: 139300 ns, At safepoint: 6300 ns, Total: 145600 ns
[2020-09-10T07:49:27.942+0000][33444][safepoint    ] Safepoint "Cleanup", Time since last: 1000121000 ns, Reaching safepoint: 148400 ns, At safepoint: 3000 ns, Total: 151400 ns
[2020-09-10T07:49:28.942+0000][33444][safepoint    ] Safepoint "Cleanup", Time since last: 1000049000 ns, Reaching safepoint: 155000 ns, At safepoint: 6500 ns, Total: 161500 ns
[2020-09-10T07:49:29.943+0000][33444][safepoint    ] Safepoint "Cleanup", Time since last: 1000516700 ns, Reaching safepoint: 236300 ns, At safepoint: 14700 ns, Total: 251000 ns
[2020-09-10T07:49:31.944+0000][33444][safepoint    ] Safepoint "Cleanup", Time since last: 2000753600 ns, Reaching safepoint: 131600 ns, At safepoint: 8300 ns, Total: 139900 ns
[2020-09-10T07:49:32.945+0000][33444][safepoint    ] Safepoint "Cleanup", Time since last: 1000766500 ns, Reaching safepoint: 268600 ns, At safepoint: 17300 ns, Total: 285900 ns
[2020-09-10T07:49:33.945+0000][33444][safepoint    ] Safepoint "Cleanup", Time since last: 1000230100 ns, Reaching safepoint: 132300 ns, At safepoint: 6400 ns, Total: 138700 ns
[2020-09-10T07:49:34.946+0000][33444][safepoint    ] Safepoint "Cleanup", Time since last: 1000692700 ns, Reaching safepoint: 113300 ns, At safepoint: 3200 ns, Total: 116500 ns
[2020-09-10T07:49:35.946+0000][33444][safepoint    ] Safepoint "Cleanup", Time since last: 1000303100 ns, Reaching safepoint: 391300 ns, At safepoint: 21500 ns, Total: 412800 ns
[2020-09-10T07:49:36.948+0000][33444][safepoint    ] Safepoint "Cleanup", Time since last: 1000626700 ns, Reaching safepoint: 147500 ns, At safepoint: 21300 ns, Total: 168800 ns
[2020-09-10T07:49:37.948+0000][33444][safepoint    ] Safepoint "Cleanup", Time since last: 1000689400 ns, Reaching safepoint: 154300 ns, At safepoint: 5100 ns, Total: 159400 ns
[2020-09-10T07:49:38.949+0000][33444][safepoint    ] Safepoint "Cleanup", Time since last: 1000115200 ns, Reaching safepoint: 183500 ns, At safepoint: 6100 ns, Total: 189600 ns
[2020-09-10T07:49:39.950+0000][33444][safepoint    ] Safepoint "Cleanup", Time since last: 1000697100 ns, Reaching safepoint: 105000 ns, At safepoint: 6300 ns, Total: 111300 ns
[2020-09-10T07:49:40.950+0000][33444][safepoint    ] Safepoint "Cleanup", Time since last: 1000507100 ns, Reaching safepoint: 113500 ns, At safepoint: 4900 ns, Total: 118400 ns
[2020-09-10T07:49:41.950+0000][33444][safepoint    ] Safepoint "Cleanup", Time since last: 1000079800 ns, Reaching safepoint: 88500 ns, At safepoint: 2400 ns, Total: 90900 ns
[2020-09-10T07:49:42.951+0000][33444][safepoint    ] Safepoint "Cleanup", Time since last: 1000051200 ns, Reaching safepoint: 134500 ns, At safepoint: 7300 ns, Total: 141800 ns
[2020-09-10T07:49:43.951+0000][33444][safepoint    ] Safepoint "Cleanup", Time since last: 1000731900 ns, Reaching safepoint: 126600 ns, At safepoint: 12400 ns, Total: 139000 ns
[2020-09-10T07:49:44.952+0000][33444][safepoint    ] Safepoint "Cleanup", Time since last: 1000572600 ns, Reaching safepoint: 203400 ns, At safepoint: 5500 ns, Total: 208900 ns
[2020-09-10T07:49:46.952+0000][33444][safepoint    ] Safepoint "Cleanup", Time since last: 2000008900 ns, Reaching safepoint: 730000 ns, At safepoint: 28300 ns, Total: 758300 ns
[2020-09-10T07:49:47.954+0000][33444][safepoint    ] Safepoint "Cleanup", Time since last: 1000710600 ns, Reaching safepoint: 97600 ns, At safepoint: 10800 ns, Total: 108400 ns
[2020-09-10T07:49:48.954+0000][33444][safepoint    ] Safepoint "Cleanup", Time since last: 1000163000 ns, Reaching safepoint: 86700 ns, At safepoint: 3800 ns, Total: 90500 ns
[2020-09-10T07:49:49.954+0000][33444][safepoint    ] Safepoint "Cleanup", Time since last: 1000107200 ns, Reaching safepoint: 121300 ns, At safepoint: 6300 ns, Total: 127600 ns
[2020-09-10T07:49:51.955+0000][33444][safepoint    ] Safepoint "Cleanup", Time since last: 2000271700 ns, Reaching safepoint: 130900 ns, At safepoint: 4400 ns, Total: 135300 ns
[2020-09-10T07:49:52.955+0000][33444][safepoint    ] Safepoint "Cleanup", Time since last: 1000331600 ns, Reaching safepoint: 167000 ns, At safepoint: 13800 ns, Total: 180800 ns
[2020-09-10T07:49:53.955+0000][33444][safepoint    ] Safepoint "Cleanup", Time since last: 1000088700 ns, Reaching safepoint: 81200 ns, At safepoint: 3700 ns, Total: 84900 ns
[2020-09-10T07:49:54.956+0000][33444][safepoint    ] Safepoint "Cleanup", Time since last: 1000371700 ns, Reaching safepoint: 113100 ns, At safepoint: 9900 ns, Total: 123000 ns
[2020-09-10T07:49:55.957+0000][33444][safepoint    ] Safepoint "Cleanup", Time since last: 1000941500 ns, Reaching safepoint: 151800 ns, At safepoint: 6100 ns, Total: 157900 ns
[2020-09-10T07:49:56.961+0000][33444][safepoint    ] Safepoint "Cleanup", Time since last: 1002002900 ns, Reaching safepoint: 1784200 ns, At safepoint: 21900 ns, Total: 1806100 ns
[2020-09-10T07:49:57.962+0000][33444][safepoint    ] Safepoint "Cleanup", Time since last: 1000607600 ns, Reaching safepoint: 146900 ns, At safepoint: 5200 ns, Total: 152100 ns
[2020-09-10T07:49:58.962+0000][33444][safepoint    ] Safepoint "Cleanup", Time since last: 1000721100 ns, Reaching safepoint: 164200 ns, At safepoint: 6100 ns, Total: 170300 ns
[2020-09-10T07:49:59.963+0000][33444][safepoint    ] Safepoint "Cleanup", Time since last: 1000858900 ns, Reaching safepoint: 119100 ns, At safepoint: 3400 ns, Total: 122500 ns
[2020-09-10T07:50:00.964+0000][33444][safepoint    ] Safepoint "Cleanup", Time since last: 1000581700 ns, Reaching safepoint: 245100 ns, At safepoint: 13600 ns, Total: 258700 ns
[2020-09-10T07:50:02.965+0000][33444][safepoint    ] Safepoint "Cleanup", Time since last: 2000224700 ns, Reaching safepoint: 146300 ns, At safepoint: 11300 ns, Total: 157600 ns
[2020-09-10T07:50:04.965+0000][33444][safepoint    ] Safepoint "Cleanup", Time since last: 2000251600 ns, Reaching safepoint: 220800 ns, At safepoint: 13100 ns, Total: 233900 ns
[2020-09-10T07:50:05.966+0000][33444][safepoint    ] Safepoint "Cleanup", Time since last: 1000509700 ns, Reaching safepoint: 167500 ns, At safepoint: 10900 ns, Total: 178400 ns
[2020-09-10T07:50:07.966+0000][33444][safepoint    ] Safepoint "Cleanup", Time since last: 2000491700 ns, Reaching safepoint: 120000 ns, At safepoint: 4800 ns, Total: 124800 ns
[2020-09-10T07:50:08.967+0000][33444][safepoint    ] Safepoint "Cleanup", Time since last: 1000619300 ns, Reaching safepoint: 167200 ns, At safepoint: 5600 ns, Total: 172800 ns
[2020-09-10T07:50:10.968+0000][33444][safepoint    ] Safepoint "Cleanup", Time since last: 2000810600 ns, Reaching safepoint: 182700 ns, At safepoint: 5800 ns, Total: 188500 ns
[2020-09-10T07:50:12.968+0000][33444][safepoint    ] Safepoint "Cleanup", Time since last: 1999953500 ns, Reaching safepoint: 163600 ns, At safepoint: 6800 ns, Total: 170400 ns
[2020-09-10T07:50:13.969+0000][33444][safepoint    ] Safepoint "Cleanup", Time since last: 1000778700 ns, Reaching safepoint: 128100 ns, At safepoint: 2300 ns, Total: 130400 ns
[2020-09-10T07:50:14.970+0000][33444][safepoint    ] Safepoint "Cleanup", Time since last: 1000744700 ns, Reaching safepoint: 340600 ns, At safepoint: 29100 ns, Total: 369700 ns
[2020-09-10T07:50:15.971+0000][33444][safepoint    ] Safepoint "Cleanup", Time since last: 1000422700 ns, Reaching safepoint: 125600 ns, At safepoint: 5900 ns, Total: 131500 ns
[2020-09-10T07:50:16.971+0000][33444][safepoint    ] Safepoint "Cleanup", Time since last: 1000309700 ns, Reaching safepoint: 197800 ns, At safepoint: 11700 ns, Total: 209500 ns
[2020-09-10T07:50:17.972+0000][33444][safepoint    ] Safepoint "Cleanup", Time since last: 1000380900 ns, Reaching safepoint: 104900 ns, At safepoint: 5600 ns, Total: 110500 ns
[2020-09-10T07:50:18.972+0000][33444][safepoint    ] Safepoint "Cleanup", Time since last: 1000295900 ns, Reaching safepoint: 146500 ns, At safepoint: 4300 ns, Total: 150800 ns
[2020-09-10T07:50:19.973+0000][33444][safepoint    ] Safepoint "Cleanup", Time since last: 1000918500 ns, Reaching safepoint: 475600 ns, At safepoint: 22400 ns, Total: 498000 ns
[2020-09-10T07:50:20.974+0000][33444][safepoint    ] Safepoint "Cleanup", Time since last: 1000436100 ns, Reaching safepoint: 130200 ns, At safepoint: 4600 ns, Total: 134800 ns
[2020-09-10T07:50:22.974+0000][33444][safepoint    ] Safepoint "Cleanup", Time since last: 1999942900 ns, Reaching safepoint: 232800 ns, At safepoint: 10200 ns, Total: 243000 ns
[2020-09-10T07:50:24.975+0000][33444][safepoint    ] Safepoint "Cleanup", Time since last: 2000718500 ns, Reaching safepoint: 190100 ns, At safepoint: 20400 ns, Total: 210500 ns
[2020-09-10T07:50:25.976+0000][33444][safepoint    ] Safepoint "Cleanup", Time since last: 1000071200 ns, Reaching safepoint: 139900 ns, At safepoint: 6100 ns, Total: 146000 ns
[2020-09-10T07:50:26.976+0000][33444][safepoint    ] Safepoint "Cleanup", Time since last: 1000115600 ns, Reaching safepoint: 177500 ns, At safepoint: 11100 ns, Total: 188600 ns
[2020-09-10T07:50:27.976+0000][33444][safepoint    ] Safepoint "Cleanup", Time since last: 1000227100 ns, Reaching safepoint: 124400 ns, At safepoint: 6300 ns, Total: 130700 ns
[2020-09-10T07:50:28.977+0000][33444][safepoint    ] Safepoint "Cleanup", Time since last: 1000439500 ns, Reaching safepoint: 136600 ns, At safepoint: 4900 ns, Total: 141500 ns
[2020-09-10T07:50:29.102+0000][33444][safepoint    ] Safepoint "BulkRevokeBias", Time since last: 123718000 ns, Reaching safepoint: 203100 ns, At safepoint: 1255000 ns, Total: 1458100 ns
[2020-09-10T07:50:30.123+0000][33444][safepoint    ] Safepoint "Cleanup", Time since last: 1020446800 ns, Reaching safepoint: 190600 ns, At safepoint: 7200 ns, Total: 197800 ns
[2020-09-10T07:50:31.250+0000][33444][safepoint    ] Safepoint "Cleanup", Time since last: 1127122200 ns, Reaching safepoint: 222300 ns, At safepoint: 6000 ns, Total: 228300 ns
[2020-09-10T07:50:32.253+0000][33444][safepoint    ] Safepoint "Cleanup", Time since last: 1002386800 ns, Reaching safepoint: 270400 ns, At safepoint: 18300 ns, Total: 288700 ns
[2020-09-10T07:50:33.253+0000][33444][safepoint    ] Safepoint "Cleanup", Time since last: 1000604400 ns, Reaching safepoint: 186500 ns, At safepoint: 60100 ns, Total: 246600 ns
[2020-09-10T07:50:34.254+0000][33444][safepoint    ] Safepoint "Cleanup", Time since last: 1000627900 ns, Reaching safepoint: 227900 ns, At safepoint: 114500 ns, Total: 342400 ns
[2020-09-10T07:50:36.255+0000][33444][safepoint    ] Safepoint "Cleanup", Time since last: 2000494200 ns, Reaching safepoint: 170900 ns, At safepoint: 6400 ns, Total: 177300 ns
[2020-09-10T07:50:37.255+0000][33444][safepoint    ] Safepoint "Cleanup", Time since last: 1000044900 ns, Reaching safepoint: 165500 ns, At safepoint: 9400 ns, Total: 174900 ns
[2020-09-10T07:50:38.256+0000][33444][safepoint    ] Safepoint "Cleanup", Time since last: 1000132700 ns, Reaching safepoint: 159000 ns, At safepoint: 6600 ns, Total: 165600 ns
[2020-09-10T07:50:39.256+0000][33444][safepoint    ] Safepoint "Cleanup", Time since last: 1000163100 ns, Reaching safepoint: 178400 ns, At safepoint: 9300 ns, Total: 187700 ns
[2020-09-10T07:50:40.256+0000][33444][safepoint    ] Safepoint "Cleanup", Time since last: 1000145300 ns, Reaching safepoint: 176800 ns, At safepoint: 7700 ns, Total: 184500 ns
[2020-09-10T07:50:41.257+0000][33444][safepoint    ] Safepoint "Cleanup", Time since last: 1000720300 ns, Reaching safepoint: 157400 ns, At safepoint: 7100 ns, Total: 164500 ns
[2020-09-10T07:50:43.258+0000][33444][safepoint    ] Safepoint "Cleanup", Time since last: 2000123000 ns, Reaching safepoint: 461700 ns, At safepoint: 27300 ns, Total: 489000 ns
[2020-09-10T07:50:44.258+0000][33444][safepoint    ] Safepoint "Cleanup", Time since last: 1000385600 ns, Reaching safepoint: 153000 ns, At safepoint: 5600 ns, Total: 158600 ns
[2020-09-10T07:50:45.259+0000][33444][safepoint    ] Safepoint "Cleanup", Time since last: 1000853100 ns, Reaching safepoint: 208400 ns, At safepoint: 13400 ns, Total: 221800 ns
[2020-09-10T07:50:46.260+0000][33444][safepoint    ] Safepoint "Cleanup", Time since last: 1000456300 ns, Reaching safepoint: 125200 ns, At safepoint: 4500 ns, Total: 129700 ns
[2020-09-10T07:50:47.261+0000][33444][safepoint    ] Safepoint "Cleanup", Time since last: 1000602000 ns, Reaching safepoint: 425000 ns, At safepoint: 24400 ns, Total: 449400 ns
[2020-09-10T07:50:48.262+0000][33444][safepoint    ] Safepoint "Cleanup", Time since last: 1000458500 ns, Reaching safepoint: 104000 ns, At safepoint: 5300 ns, Total: 109300 ns
[2020-09-10T07:50:49.263+0000][33444][safepoint    ] Safepoint "Cleanup", Time since last: 1000773200 ns, Reaching safepoint: 129800 ns, At safepoint: 4200 ns, Total: 134000 ns
[2020-09-10T07:50:50.263+0000][33444][safepoint    ] Safepoint "Cleanup", Time since last: 1000033000 ns, Reaching safepoint: 151800 ns, At safepoint: 10400 ns, Total: 162200 ns
[2020-09-10T07:50:51.263+0000][33444][safepoint    ] Safepoint "Cleanup", Time since last: 1000080900 ns, Reaching safepoint: 499500 ns, At safepoint: 28800 ns, Total: 528300 ns
[2020-09-10T07:50:53.264+0000][33444][safepoint    ] Safepoint "Cleanup", Time since last: 2000341400 ns, Reaching safepoint: 120900 ns, At safepoint: 5800 ns, Total: 126700 ns
[2020-09-10T07:50:54.265+0000][33444][safepoint    ] Safepoint "Cleanup", Time since last: 1000818400 ns, Reaching safepoint: 544900 ns, At safepoint: 26600 ns, Total: 571500 ns
[2020-09-10T07:50:55.267+0000][33444][safepoint    ] Safepoint "Cleanup", Time since last: 1001079000 ns, Reaching safepoint: 187300 ns, At safepoint: 11700 ns, Total: 199000 ns
[2020-09-10T07:50:56.267+0000][33444][safepoint    ] Safepoint "Cleanup", Time since last: 1000075300 ns, Reaching safepoint: 418100 ns, At safepoint: 23800 ns, Total: 441900 ns
[2020-09-10T07:50:58.268+0000][33444][safepoint    ] Safepoint "Cleanup", Time since last: 2000819800 ns, Reaching safepoint: 122800 ns, At safepoint: 6100 ns, Total: 128900 ns
[2020-09-10T07:51:00.269+0000][33444][safepoint    ] Safepoint "Cleanup", Time since last: 2000607000 ns, Reaching safepoint: 302900 ns, At safepoint: 21100 ns, Total: 324000 ns
[2020-09-10T07:51:01.269+0000][33444][safepoint    ] Safepoint "Cleanup", Time since last: 1000117000 ns, Reaching safepoint: 199600 ns, At safepoint: 11500 ns, Total: 211100 ns
[2020-09-10T07:51:02.270+0000][33444][safepoint    ] Safepoint "Cleanup", Time since last: 1000476000 ns, Reaching safepoint: 195200 ns, At safepoint: 7400 ns, Total: 202600 ns
[2020-09-10T07:51:03.270+0000][33444][safepoint    ] Safepoint "Cleanup", Time since last: 1000081600 ns, Reaching safepoint: 141500 ns, At safepoint: 5400 ns, Total: 146900 ns
[2020-09-10T07:51:04.271+0000][33444][safepoint    ] Safepoint "Cleanup", Time since last: 1000438200 ns, Reaching safepoint: 134000 ns, At safepoint: 5700 ns, Total: 139700 ns
[2020-09-10T07:51:05.271+0000][33444][safepoint    ] Safepoint "Cleanup", Time since last: 1000254700 ns, Reaching safepoint: 171200 ns, At safepoint: 4700 ns, Total: 175900 ns
[2020-09-10T07:51:06.272+0000][33444][safepoint    ] Safepoint "Cleanup", Time since last: 1000453300 ns, Reaching safepoint: 173000 ns, At safepoint: 4900 ns, Total: 177900 ns
[2020-09-10T07:51:08.272+0000][33444][safepoint    ] Safepoint "Cleanup", Time since last: 2000353700 ns, Reaching safepoint: 151800 ns, At safepoint: 7600 ns, Total: 159400 ns
[2020-09-10T07:51:09.273+0000][33444][safepoint    ] Safepoint "Cleanup", Time since last: 1000618300 ns, Reaching safepoint: 164400 ns, At safepoint: 2400 ns, Total: 166800 ns
[2020-09-10T07:51:10.274+0000][33444][safepoint    ] Safepoint "Cleanup", Time since last: 1000811900 ns, Reaching safepoint: 117200 ns, At safepoint: 4800 ns, Total: 122000 ns
[2020-09-10T07:51:11.274+0000][33444][safepoint    ] Safepoint "Cleanup", Time since last: 1000049400 ns, Reaching safepoint: 228000 ns, At safepoint: 6500 ns, Total: 234500 ns
[2020-09-10T07:51:12.275+0000][33444][safepoint    ] Safepoint "Cleanup", Time since last: 1000148900 ns, Reaching safepoint: 153600 ns, At safepoint: 5600 ns, Total: 159200 ns
[2020-09-10T07:51:13.275+0000][33444][safepoint    ] Safepoint "Cleanup", Time since last: 1000216000 ns, Reaching safepoint: 158800 ns, At safepoint: 5900 ns, Total: 164700 ns
[2020-09-10T07:51:15.275+0000][33444][safepoint    ] Safepoint "Cleanup", Time since last: 2000072600 ns, Reaching safepoint: 315400 ns, At safepoint: 20400 ns, Total: 335800 ns
[2020-09-10T07:51:16.276+0000][33444][safepoint    ] Safepoint "Cleanup", Time since last: 1000498100 ns, Reaching safepoint: 255700 ns, At safepoint: 16700 ns, Total: 272400 ns
[2020-09-10T07:51:17.277+0000][33444][safepoint    ] Safepoint "Cleanup", Time since last: 1000227900 ns, Reaching safepoint: 131200 ns, At safepoint: 20900 ns, Total: 152100 ns
[2020-09-10T07:51:18.278+0000][33444][safepoint    ] Safepoint "Cleanup", Time since last: 1000817900 ns, Reaching safepoint: 276500 ns, At safepoint: 27300 ns, Total: 303800 ns
[2020-09-10T07:51:19.278+0000][33444][safepoint    ] Safepoint "Cleanup", Time since last: 1000153400 ns, Reaching safepoint: 175900 ns, At safepoint: 4500 ns, Total: 180400 ns
[2020-09-10T07:51:20.279+0000][33444][safepoint    ] Safepoint "Cleanup", Time since last: 1000541300 ns, Reaching safepoint: 147300 ns, At safepoint: 8300 ns, Total: 155600 ns
[2020-09-10T07:51:21.280+0000][33444][safepoint    ] Safepoint "Cleanup", Time since last: 1000788500 ns, Reaching safepoint: 146200 ns, At safepoint: 4100 ns, Total: 150300 ns
[2020-09-10T07:51:22.280+0000][33444][safepoint    ] Safepoint "Cleanup", Time since last: 1000073500 ns, Reaching safepoint: 165500 ns, At safepoint: 6600 ns, Total: 172100 ns
[2020-09-10T07:51:24.281+0000][33444][safepoint    ] Safepoint "Cleanup", Time since last: 2000690100 ns, Reaching safepoint: 123700 ns, At safepoint: 5600 ns, Total: 129300 ns
[2020-09-10T07:51:25.281+0000][33444][safepoint    ] Safepoint "Cleanup", Time since last: 1000346700 ns, Reaching safepoint: 194700 ns, At safepoint: 5600 ns, Total: 200300 ns
[2020-09-10T07:51:25.781+0000][33444][safepoint    ] Safepoint "BulkRevokeBias", Time since last: 498492300 ns, Reaching safepoint: 113700 ns, At safepoint: 1319000 ns, Total: 1432700 ns
[2020-09-10T07:51:26.034+0000][33444][safepoint    ] Safepoint "BulkRevokeBias", Time since last: 247900900 ns, Reaching safepoint: 136000 ns, At safepoint: 4753300 ns, Total: 4889300 ns
[2020-09-10T07:51:26.037+0000][33444][safepoint    ] Safepoint "BulkRevokeBias", Time since last: 1213400 ns, Reaching safepoint: 130100 ns, At safepoint: 1670900 ns, Total: 1801000 ns
[2020-09-10T07:51:26.039+0000][33444][safepoint    ] Safepoint "BulkRevokeBias", Time since last: 123700 ns, Reaching safepoint: 157400 ns, At safepoint: 1542800 ns, Total: 1700200 ns
[2020-09-10T07:51:26.308+0000][33444][gc,start     ] GC(16) Pause Young (Concurrent Start) (G1 Humongous Allocation)
[2020-09-10T07:51:26.308+0000][33444][gc,task      ] GC(16) Using 8 workers of 8 for evacuation
[2020-09-10T07:51:26.308+0000][33444][gc,age       ] GC(16) Desired survivor size 31981568 bytes, new threshold 15 (max threshold 15)
[2020-09-10T07:51:26.322+0000][33444][gc,age       ] GC(16) Age table with threshold 15 (max threshold 15)
[2020-09-10T07:51:26.322+0000][33444][gc,age       ] GC(16) - age   1:    2132648 bytes,    2132648 total
[2020-09-10T07:51:26.322+0000][33444][gc,age       ] GC(16) - age   2:      54712 bytes,    2187360 total
[2020-09-10T07:51:26.322+0000][33444][gc,age       ] GC(16) - age   3:    3840224 bytes,    6027584 total
[2020-09-10T07:51:26.322+0000][33444][gc,age       ] GC(16) - age   4:   11379672 bytes,   17407256 total
[2020-09-10T07:51:26.322+0000][33444][gc,age       ] GC(16) - age   5:    8273304 bytes,   25680560 total
[2020-09-10T07:51:26.323+0000][33444][gc,phases    ] GC(16)   Pre Evacuate Collection Set: 0.3ms
[2020-09-10T07:51:26.323+0000][33444][gc,phases    ] GC(16)   Merge Heap Roots: 0.1ms
[2020-09-10T07:51:26.323+0000][33444][gc,phases    ] GC(16)   Evacuate Collection Set: 11.8ms
[2020-09-10T07:51:26.323+0000][33444][gc,phases    ] GC(16)   Post Evacuate Collection Set: 2.0ms
[2020-09-10T07:51:26.323+0000][33444][gc,phases    ] GC(16)   Other: 0.7ms
[2020-09-10T07:51:26.323+0000][33444][gc,heap      ] GC(16) Eden regions: 92->0(470)
[2020-09-10T07:51:26.323+0000][33444][gc,heap      ] GC(16) Survivor regions: 27->27(61)
[2020-09-10T07:51:26.323+0000][33444][gc,heap      ] GC(16) Old regions: 50->50
[2020-09-10T07:51:26.323+0000][33444][gc,heap      ] GC(16) Archive regions: 0->0
[2020-09-10T07:51:26.323+0000][33444][gc,heap      ] GC(16) Humongous regions: 257->175
[2020-09-10T07:51:26.323+0000][33444][gc,metaspace ] GC(16) Metaspace: 81163K(87040K)->81163K(87040K) NonClass: 70290K(73728K)->70290K(73728K) Class: 10873K(13312K)->10873K(13312K)
[2020-09-10T07:51:26.323+0000][33444][gc           ] GC(16) Pause Young (Concurrent Start) (G1 Humongous Allocation) 424M->251M(1024M) 15.277ms
[2020-09-10T07:51:26.323+0000][33444][gc,cpu       ] GC(16) User=0.11s Sys=0.00s Real=0.01s
[2020-09-10T07:51:26.323+0000][33444][gc           ] GC(17) Concurrent Cycle
[2020-09-10T07:51:26.323+0000][33444][gc,marking   ] GC(17) Concurrent Clear Claimed Marks
[2020-09-10T07:51:26.323+0000][33444][safepoint    ] Safepoint "G1TryInitiateConcMark", Time since last: 268420700 ns, Reaching safepoint: 345700 ns, At safepoint: 15516000 ns, Total: 15861700 ns
[2020-09-10T07:51:26.323+0000][33444][gc,marking   ] GC(17) Concurrent Clear Claimed Marks 0.378ms
[2020-09-10T07:51:26.324+0000][33444][gc,marking   ] GC(17) Concurrent Scan Root Regions
[2020-09-10T07:51:26.337+0000][33444][gc,marking   ] GC(17) Concurrent Scan Root Regions 13.936ms
[2020-09-10T07:51:26.338+0000][33444][gc,marking   ] GC(17) Concurrent Mark (516.803s)
[2020-09-10T07:51:26.338+0000][33444][gc,marking   ] GC(17) Concurrent Mark From Roots
[2020-09-10T07:51:26.338+0000][33444][gc,task      ] GC(17) Using 2 workers of 2 for marking
[2020-09-10T07:51:26.404+0000][33444][gc,marking   ] GC(17) Concurrent Mark From Roots 66.785ms
[2020-09-10T07:51:26.404+0000][33444][gc,marking   ] GC(17) Concurrent Preclean
[2020-09-10T07:51:26.405+0000][33444][gc,marking   ] GC(17) Concurrent Preclean 0.500ms
[2020-09-10T07:51:26.405+0000][33444][gc,marking   ] GC(17) Concurrent Mark (516.803s, 516.870s) 67.433ms
[2020-09-10T07:51:26.405+0000][33444][gc,start     ] GC(17) Pause Remark
[2020-09-10T07:51:26.409+0000][33444][gc           ] GC(17) Pause Remark 263M->263M(1024M) 3.903ms
[2020-09-10T07:51:26.409+0000][33444][gc,cpu       ] GC(17) User=0.00s Sys=0.00s Real=0.00s
[2020-09-10T07:51:26.409+0000][33444][safepoint    ] Safepoint "G1Concurrent", Time since last: 81890400 ns, Reaching safepoint: 127200 ns, At safepoint: 4194000 ns, Total: 4321200 ns
[2020-09-10T07:51:26.409+0000][33444][gc,marking   ] GC(17) Concurrent Rebuild Remembered Sets
[2020-09-10T07:51:26.450+0000][33444][gc,marking   ] GC(17) Concurrent Rebuild Remembered Sets 40.630ms
[2020-09-10T07:51:26.450+0000][33444][gc,start     ] GC(17) Pause Cleanup
[2020-09-10T07:51:26.451+0000][33444][gc           ] GC(17) Pause Cleanup 264M->264M(1024M) 0.247ms
[2020-09-10T07:51:26.451+0000][33444][gc,cpu       ] GC(17) User=0.00s Sys=0.00s Real=0.00s
[2020-09-10T07:51:26.451+0000][33444][safepoint    ] Safepoint "G1Concurrent", Time since last: 40787600 ns, Reaching safepoint: 152900 ns, At safepoint: 407000 ns, Total: 559900 ns
[2020-09-10T07:51:26.451+0000][33444][gc,marking   ] GC(17) Concurrent Cleanup for Next Mark
[2020-09-10T07:51:26.453+0000][33444][gc,marking   ] GC(17) Concurrent Cleanup for Next Mark 1.939ms
[2020-09-10T07:51:26.453+0000][33444][gc           ] GC(17) Concurrent Cycle 129.724ms
[2020-09-10T07:51:27.478+0000][33444][safepoint    ] Safepoint "Cleanup", Time since last: 1026774100 ns, Reaching safepoint: 214600 ns, At safepoint: 17000 ns, Total: 231600 ns
[2020-09-10T07:51:28.479+0000][33444][safepoint    ] Safepoint "Cleanup", Time since last: 1001388900 ns, Reaching safepoint: 76800 ns, At safepoint: 13700 ns, Total: 90500 ns
[2020-09-10T07:51:29.480+0000][33444][safepoint    ] Safepoint "Cleanup", Time since last: 1000794400 ns, Reaching safepoint: 195400 ns, At safepoint: 76300 ns, Total: 271700 ns
[2020-09-10T07:51:30.481+0000][33444][safepoint    ] Safepoint "Cleanup", Time since last: 1000699700 ns, Reaching safepoint: 197100 ns, At safepoint: 78900 ns, Total: 276000 ns
[2020-09-10T07:51:31.482+0000][33444][safepoint    ] Safepoint "Cleanup", Time since last: 1000522700 ns, Reaching safepoint: 118900 ns, At safepoint: 63000 ns, Total: 181900 ns
[2020-09-10T07:51:32.482+0000][33444][safepoint    ] Safepoint "Cleanup", Time since last: 1000416800 ns, Reaching safepoint: 218600 ns, At safepoint: 88300 ns, Total: 306900 ns
[2020-09-10T07:51:34.483+0000][33444][safepoint    ] Safepoint "Cleanup", Time since last: 2000360700 ns, Reaching safepoint: 155600 ns, At safepoint: 24000 ns, Total: 179600 ns
[2020-09-10T07:51:35.483+0000][33444][safepoint    ] Safepoint "Cleanup", Time since last: 1000043200 ns, Reaching safepoint: 179600 ns, At safepoint: 10700 ns, Total: 190300 ns
[2020-09-10T07:51:36.484+0000][33444][safepoint    ] Safepoint "Cleanup", Time since last: 1000618600 ns, Reaching safepoint: 102100 ns, At safepoint: 6700 ns, Total: 108800 ns
[2020-09-10T07:51:37.485+0000][33444][safepoint    ] Safepoint "Cleanup", Time since last: 1000367500 ns, Reaching safepoint: 128600 ns, At safepoint: 4900 ns, Total: 133500 ns
[2020-09-10T07:51:38.485+0000][33444][safepoint    ] Safepoint "Cleanup", Time since last: 1000131600 ns, Reaching safepoint: 209000 ns, At safepoint: 10300 ns, Total: 219300 ns
[2020-09-10T07:51:39.485+0000][33444][safepoint    ] Safepoint "Cleanup", Time since last: 1000056600 ns, Reaching safepoint: 115300 ns, At safepoint: 5400 ns, Total: 120700 ns
[2020-09-10T07:51:40.486+0000][33444][safepoint    ] Safepoint "Cleanup", Time since last: 1000719000 ns, Reaching safepoint: 113400 ns, At safepoint: 6600 ns, Total: 120000 ns
[2020-09-10T07:51:41.487+0000][33444][safepoint    ] Safepoint "Cleanup", Time since last: 1000517500 ns, Reaching safepoint: 217300 ns, At safepoint: 7900 ns, Total: 225200 ns
[2020-09-10T07:51:42.488+0000][33444][safepoint    ] Safepoint "Cleanup", Time since last: 1000907800 ns, Reaching safepoint: 151300 ns, At safepoint: 11800 ns, Total: 163100 ns
[2020-09-10T07:51:43.488+0000][33444][safepoint    ] Safepoint "Cleanup", Time since last: 1000249200 ns, Reaching safepoint: 114700 ns, At safepoint: 5700 ns, Total: 120400 ns
[2020-09-10T07:51:44.488+0000][33444][safepoint    ] Safepoint "Cleanup", Time since last: 1000056000 ns, Reaching safepoint: 151300 ns, At safepoint: 63500 ns, Total: 214800 ns
[2020-09-10T07:51:45.489+0000][33444][safepoint    ] Safepoint "Cleanup", Time since last: 1000438400 ns, Reaching safepoint: 157800 ns, At safepoint: 65600 ns, Total: 223400 ns
[2020-09-10T07:51:47.489+0000][33444][safepoint    ] Safepoint "Cleanup", Time since last: 2000014900 ns, Reaching safepoint: 266900 ns, At safepoint: 114900 ns, Total: 381800 ns
[2020-09-10T07:51:48.490+0000][33444][safepoint    ] Safepoint "Cleanup", Time since last: 1000035900 ns, Reaching safepoint: 112400 ns, At safepoint: 6400 ns, Total: 118800 ns
[2020-09-10T07:51:49.490+0000][33444][safepoint    ] Safepoint "Cleanup", Time since last: 1000127200 ns, Reaching safepoint: 184300 ns, At safepoint: 8700 ns, Total: 193000 ns
[2020-09-10T07:51:50.491+0000][33444][safepoint    ] Safepoint "Cleanup", Time since last: 1000617700 ns, Reaching safepoint: 106800 ns, At safepoint: 5400 ns, Total: 112200 ns
[2020-09-10T07:51:51.491+0000][33444][safepoint    ] Safepoint "Cleanup", Time since last: 1000104700 ns, Reaching safepoint: 132200 ns, At safepoint: 4800 ns, Total: 137000 ns
[2020-09-10T07:51:52.491+0000][33444][safepoint    ] Safepoint "Cleanup", Time since last: 1000295300 ns, Reaching safepoint: 135000 ns, At safepoint: 5700 ns, Total: 140700 ns
[2020-09-10T07:51:53.492+0000][33444][safepoint    ] Safepoint "Cleanup", Time since last: 1000676900 ns, Reaching safepoint: 167600 ns, At safepoint: 16900 ns, Total: 184500 ns
[2020-09-10T07:51:54.493+0000][33444][safepoint    ] Safepoint "Cleanup", Time since last: 1001010800 ns, Reaching safepoint: 228000 ns, At safepoint: 8000 ns, Total: 236000 ns
[2020-09-10T07:51:55.494+0000][33444][safepoint    ] Safepoint "Cleanup", Time since last: 1000496900 ns, Reaching safepoint: 151200 ns, At safepoint: 4700 ns, Total: 155900 ns
[2020-09-10T07:51:56.494+0000][33444][safepoint    ] Safepoint "Cleanup", Time since last: 1000113600 ns, Reaching safepoint: 141100 ns, At safepoint: 7600 ns, Total: 148700 ns
[2020-09-10T07:51:57.495+0000][33444][safepoint    ] Safepoint "Cleanup", Time since last: 1000324300 ns, Reaching safepoint: 111100 ns, At safepoint: 7200 ns, Total: 118300 ns
[2020-09-10T07:51:58.496+0000][33444][safepoint    ] Safepoint "Cleanup", Time since last: 1000704600 ns, Reaching safepoint: 285000 ns, At safepoint: 6100 ns, Total: 291100 ns
[2020-09-10T07:51:59.496+0000][33444][safepoint    ] Safepoint "Cleanup", Time since last: 1000420200 ns, Reaching safepoint: 301800 ns, At safepoint: 19400 ns, Total: 321200 ns
[2020-09-10T07:52:00.497+0000][33444][safepoint    ] Safepoint "Cleanup", Time since last: 1000141100 ns, Reaching safepoint: 161100 ns, At safepoint: 6100 ns, Total: 167200 ns
[2020-09-10T07:52:01.497+0000][33444][safepoint    ] Safepoint "Cleanup", Time since last: 1000246400 ns, Reaching safepoint: 117600 ns, At safepoint: 4900 ns, Total: 122500 ns
[2020-09-10T07:52:02.498+0000][33444][safepoint    ] Safepoint "Cleanup", Time since last: 1000684800 ns, Reaching safepoint: 101100 ns, At safepoint: 8800 ns, Total: 109900 ns
[2020-09-10T07:52:03.499+0000][33444][safepoint    ] Safepoint "Cleanup", Time since last: 1000456600 ns, Reaching safepoint: 135500 ns, At safepoint: 7300 ns, Total: 142800 ns
[2020-09-10T07:52:04.499+0000][33444][safepoint    ] Safepoint "Cleanup", Time since last: 1000383100 ns, Reaching safepoint: 346900 ns, At safepoint: 35800 ns, Total: 382700 ns
[2020-09-10T07:52:06.499+0000][33444][safepoint    ] Safepoint "Cleanup", Time since last: 1999806000 ns, Reaching safepoint: 521300 ns, At safepoint: 60000 ns, Total: 581300 ns
[2020-09-10T07:52:08.285+0000][33444][safepoint    ] Safepoint "Cleanup", Time since last: 1785347000 ns, Reaching safepoint: 104300 ns, At safepoint: 8900 ns, Total: 113200 ns
[2020-09-10T07:52:09.286+0000][33444][safepoint    ] Safepoint "Cleanup", Time since last: 1000903300 ns, Reaching safepoint: 200200 ns, At safepoint: 13400 ns, Total: 213600 ns
[2020-09-10T07:52:11.287+0000][33444][safepoint    ] Safepoint "Cleanup", Time since last: 2000513600 ns, Reaching safepoint: 171700 ns, At safepoint: 9300 ns, Total: 181000 ns
[2020-09-10T07:52:12.288+0000][33444][safepoint    ] Safepoint "Cleanup", Time since last: 1000739000 ns, Reaching safepoint: 117100 ns, At safepoint: 3600 ns, Total: 120700 ns
[2020-09-10T07:52:13.289+0000][33444][safepoint    ] Safepoint "Cleanup", Time since last: 1000503700 ns, Reaching safepoint: 90700 ns, At safepoint: 2800 ns, Total: 93500 ns
[2020-09-10T07:52:14.289+0000][33444][safepoint    ] Safepoint "Cleanup", Time since last: 1000215700 ns, Reaching safepoint: 161500 ns, At safepoint: 6900 ns, Total: 168400 ns
[2020-09-10T07:52:15.289+0000][33444][safepoint    ] Safepoint "Cleanup", Time since last: 1000318100 ns, Reaching safepoint: 117000 ns, At safepoint: 6100 ns, Total: 123100 ns
[2020-09-10T07:52:16.290+0000][33444][safepoint    ] Safepoint "Cleanup", Time since last: 1000258600 ns, Reaching safepoint: 171000 ns, At safepoint: 8300 ns, Total: 179300 ns
[2020-09-10T07:52:17.290+0000][33444][safepoint    ] Safepoint "Cleanup", Time since last: 1000182700 ns, Reaching safepoint: 150800 ns, At safepoint: 6300 ns, Total: 157100 ns
[2020-09-10T07:52:19.066+0000][33444][safepoint    ] Safepoint "Cleanup", Time since last: 1775694000 ns, Reaching safepoint: 139500 ns, At safepoint: 42400 ns, Total: 181900 ns
[2020-09-10T07:52:20.067+0000][33444][safepoint    ] Safepoint "Cleanup", Time since last: 1000615900 ns, Reaching safepoint: 267100 ns, At safepoint: 92300 ns, Total: 359400 ns
[2020-09-10T07:52:21.068+0000][33444][safepoint    ] Safepoint "Cleanup", Time since last: 1000372000 ns, Reaching safepoint: 104400 ns, At safepoint: 15400 ns, Total: 119800 ns
[2020-09-10T07:52:22.068+0000][33444][safepoint    ] Safepoint "Cleanup", Time since last: 1000007000 ns, Reaching safepoint: 97700 ns, At safepoint: 12800 ns, Total: 110500 ns
[2020-09-10T07:52:23.532+0000][33444][safepoint    ] Safepoint "Cleanup", Time since last: 1464403700 ns, Reaching safepoint: 154500 ns, At safepoint: 6900 ns, Total: 161400 ns
[2020-09-10T07:52:24.668+0000][33444][safepoint    ] Safepoint "Cleanup", Time since last: 1135754700 ns, Reaching safepoint: 245100 ns, At safepoint: 15500 ns, Total: 260600 ns
[2020-09-10T07:52:25.669+0000][33444][safepoint    ] Safepoint "Cleanup", Time since last: 1000782000 ns, Reaching safepoint: 227100 ns, At safepoint: 14500 ns, Total: 241600 ns
[2020-09-10T07:52:27.670+0000][33444][safepoint    ] Safepoint "Cleanup", Time since last: 2000226000 ns, Reaching safepoint: 292900 ns, At safepoint: 21800 ns, Total: 314700 ns
[2020-09-10T07:52:29.670+0000][33444][safepoint    ] Safepoint "Cleanup", Time since last: 2000311200 ns, Reaching safepoint: 115800 ns, At safepoint: 7000 ns, Total: 122800 ns
[2020-09-10T07:52:30.671+0000][33444][safepoint    ] Safepoint "Cleanup", Time since last: 1000772400 ns, Reaching safepoint: 394400 ns, At safepoint: 25300 ns, Total: 419700 ns
[2020-09-10T07:52:31.672+0000][33444][safepoint    ] Safepoint "Cleanup", Time since last: 1000475500 ns, Reaching safepoint: 199500 ns, At safepoint: 10700 ns, Total: 210200 ns
[2020-09-10T07:52:32.673+0000][33444][safepoint    ] Safepoint "Cleanup", Time since last: 1000559900 ns, Reaching safepoint: 124400 ns, At safepoint: 3700 ns, Total: 128100 ns
[2020-09-10T07:52:33.674+0000][33444][safepoint    ] Safepoint "Cleanup", Time since last: 1000784100 ns, Reaching safepoint: 105000 ns, At safepoint: 2400 ns, Total: 107400 ns
[2020-09-10T07:52:34.675+0000][33444][safepoint    ] Safepoint "Cleanup", Time since last: 1000838400 ns, Reaching safepoint: 141400 ns, At safepoint: 4800 ns, Total: 146200 ns
[2020-09-10T07:52:35.676+0000][33444][safepoint    ] Safepoint "Cleanup", Time since last: 1000901600 ns, Reaching safepoint: 149000 ns, At safepoint: 5900 ns, Total: 154900 ns
[2020-09-10T07:52:36.676+0000][33444][safepoint    ] Safepoint "Cleanup", Time since last: 1000315100 ns, Reaching safepoint: 215100 ns, At safepoint: 14400 ns, Total: 229500 ns
[2020-09-10T07:52:37.677+0000][33444][safepoint    ] Safepoint "Cleanup", Time since last: 1000428500 ns, Reaching safepoint: 130900 ns, At safepoint: 9000 ns, Total: 139900 ns
[2020-09-10T07:52:38.677+0000][33444][safepoint    ] Safepoint "Cleanup", Time since last: 1000039700 ns, Reaching safepoint: 259800 ns, At safepoint: 10300 ns, Total: 270100 ns
[2020-09-10T07:52:39.678+0000][33444][safepoint    ] Safepoint "Cleanup", Time since last: 1000482700 ns, Reaching safepoint: 222200 ns, At safepoint: 6100 ns, Total: 228300 ns
[2020-09-10T07:52:40.679+0000][33444][safepoint    ] Safepoint "Cleanup", Time since last: 1000608100 ns, Reaching safepoint: 137300 ns, At safepoint: 10000 ns, Total: 147300 ns
[2020-09-10T07:52:41.679+0000][33444][safepoint    ] Safepoint "Cleanup", Time since last: 1000678500 ns, Reaching safepoint: 107900 ns, At safepoint: 18600 ns, Total: 126500 ns
[2020-09-10T07:52:42.680+0000][33444][safepoint    ] Safepoint "Cleanup", Time since last: 1000585300 ns, Reaching safepoint: 167900 ns, At safepoint: 10600 ns, Total: 178500 ns
[2020-09-10T07:52:43.680+0000][33444][safepoint    ] Safepoint "Cleanup", Time since last: 1000073100 ns, Reaching safepoint: 103400 ns, At safepoint: 8900 ns, Total: 112300 ns
[2020-09-10T07:52:44.681+0000][33444][safepoint    ] Safepoint "Cleanup", Time since last: 1000764400 ns, Reaching safepoint: 128500 ns, At safepoint: 15900 ns, Total: 144400 ns
[2020-09-10T07:52:45.682+0000][33444][safepoint    ] Safepoint "Cleanup", Time since last: 1000488600 ns, Reaching safepoint: 144700 ns, At safepoint: 6000 ns, Total: 150700 ns
[2020-09-10T07:52:46.683+0000][33444][safepoint    ] Safepoint "Cleanup", Time since last: 1000595800 ns, Reaching safepoint: 161100 ns, At safepoint: 5400 ns, Total: 166500 ns
[2020-09-10T07:52:48.683+0000][33444][safepoint    ] Safepoint "Cleanup", Time since last: 2000463800 ns, Reaching safepoint: 99900 ns, At safepoint: 5400 ns, Total: 105300 ns
[2020-09-10T07:52:49.684+0000][33444][safepoint    ] Safepoint "Cleanup", Time since last: 1000584900 ns, Reaching safepoint: 199000 ns, At safepoint: 5100 ns, Total: 204100 ns
[2020-09-10T07:52:50.685+0000][33444][safepoint    ] Safepoint "Cleanup", Time since last: 1000556300 ns, Reaching safepoint: 151800 ns, At safepoint: 5900 ns, Total: 157700 ns
[2020-09-10T07:52:51.685+0000][33444][safepoint    ] Safepoint "Cleanup", Time since last: 1000453400 ns, Reaching safepoint: 130000 ns, At safepoint: 4500 ns, Total: 134500 ns
[2020-09-10T07:52:52.685+0000][33444][safepoint    ] Safepoint "Cleanup", Time since last: 1000029800 ns, Reaching safepoint: 204000 ns, At safepoint: 12000 ns, Total: 216000 ns
[2020-09-10T07:52:53.686+0000][33444][safepoint    ] Safepoint "Cleanup", Time since last: 1000697400 ns, Reaching safepoint: 220400 ns, At safepoint: 102700 ns, Total: 323100 ns
[2020-09-10T07:52:54.687+0000][33444][safepoint    ] Safepoint "Cleanup", Time since last: 1000495400 ns, Reaching safepoint: 98000 ns, At safepoint: 22100 ns, Total: 120100 ns
[2020-09-10T07:52:55.688+0000][33444][safepoint    ] Safepoint "Cleanup", Time since last: 1000325900 ns, Reaching safepoint: 137000 ns, At safepoint: 2900 ns, Total: 139900 ns
[2020-09-10T07:52:56.688+0000][33444][safepoint    ] Safepoint "Cleanup", Time since last: 1000290700 ns, Reaching safepoint: 212400 ns, At safepoint: 13500 ns, Total: 225900 ns
[2020-09-10T07:52:57.689+0000][33444][safepoint    ] Safepoint "Cleanup", Time since last: 1000824000 ns, Reaching safepoint: 154800 ns, At safepoint: 7600 ns, Total: 162400 ns
[2020-09-10T07:52:58.690+0000][33444][safepoint    ] Safepoint "Cleanup", Time since last: 1000416700 ns, Reaching safepoint: 174000 ns, At safepoint: 9000 ns, Total: 183000 ns
[2020-09-10T07:52:59.690+0000][33444][safepoint    ] Safepoint "Cleanup", Time since last: 1000129700 ns, Reaching safepoint: 201800 ns, At safepoint: 12100 ns, Total: 213900 ns
[2020-09-10T07:53:00.691+0000][33444][safepoint    ] Safepoint "Cleanup", Time since last: 1000902700 ns, Reaching safepoint: 232500 ns, At safepoint: 13100 ns, Total: 245600 ns
[2020-09-10T07:53:01.692+0000][33444][safepoint    ] Safepoint "Cleanup", Time since last: 1000246300 ns, Reaching safepoint: 148000 ns, At safepoint: 7000 ns, Total: 155000 ns
[2020-09-10T07:53:02.693+0000][33444][safepoint    ] Safepoint "Cleanup", Time since last: 1000753900 ns, Reaching safepoint: 168600 ns, At safepoint: 9200 ns, Total: 177800 ns
[2020-09-10T07:53:03.693+0000][33444][safepoint    ] Safepoint "Cleanup", Time since last: 1000600300 ns, Reaching safepoint: 139200 ns, At safepoint: 6800 ns, Total: 146000 ns
[2020-09-10T07:53:04.694+0000][33444][safepoint    ] Safepoint "Cleanup", Time since last: 1000281700 ns, Reaching safepoint: 101800 ns, At safepoint: 5400 ns, Total: 107200 ns
[2020-09-10T07:53:05.695+0000][33444][safepoint    ] Safepoint "Cleanup", Time since last: 1000666600 ns, Reaching safepoint: 126900 ns, At safepoint: 5600 ns, Total: 132500 ns
[2020-09-10T07:53:06.695+0000][33444][safepoint    ] Safepoint "Cleanup", Time since last: 1000089200 ns, Reaching safepoint: 205700 ns, At safepoint: 13900 ns, Total: 219600 ns
[2020-09-10T07:53:07.695+0000][33444][safepoint    ] Safepoint "Cleanup", Time since last: 1000132700 ns, Reaching safepoint: 402400 ns, At safepoint: 32100 ns, Total: 434500 ns
[2020-09-10T07:53:09.696+0000][33444][safepoint    ] Safepoint "Cleanup", Time since last: 2000545600 ns, Reaching safepoint: 456800 ns, At safepoint: 31400 ns, Total: 488200 ns
[2020-09-10T07:53:10.697+0000][33444][safepoint    ] Safepoint "Cleanup", Time since last: 1000548700 ns, Reaching safepoint: 165200 ns, At safepoint: 19400 ns, Total: 184600 ns
[2020-09-10T07:53:11.698+0000][33444][safepoint    ] Safepoint "Cleanup", Time since last: 1000198700 ns, Reaching safepoint: 141600 ns, At safepoint: 6000 ns, Total: 147600 ns
[2020-09-10T07:53:12.698+0000][33444][safepoint    ] Safepoint "Cleanup", Time since last: 1000264900 ns, Reaching safepoint: 219400 ns, At safepoint: 8300 ns, Total: 227700 ns
[2020-09-10T07:53:13.699+0000][33444][safepoint    ] Safepoint "Cleanup", Time since last: 1000887400 ns, Reaching safepoint: 423200 ns, At safepoint: 33800 ns, Total: 457000 ns
[2020-09-10T07:53:14.701+0000][33444][safepoint    ] Safepoint "Cleanup", Time since last: 1000969500 ns, Reaching safepoint: 97500 ns, At safepoint: 7500 ns, Total: 105000 ns
[2020-09-10T07:53:15.701+0000][33444][safepoint    ] Safepoint "Cleanup", Time since last: 1000696800 ns, Reaching safepoint: 153700 ns, At safepoint: 20600 ns, Total: 174300 ns
[2020-09-10T07:53:16.702+0000][33444][safepoint    ] Safepoint "Cleanup", Time since last: 1000619800 ns, Reaching safepoint: 145800 ns, At safepoint: 5000 ns, Total: 150800 ns
[2020-09-10T07:53:17.703+0000][33444][safepoint    ] Safepoint "Cleanup", Time since last: 1000471100 ns, Reaching safepoint: 365200 ns, At safepoint: 13200 ns, Total: 378400 ns
[2020-09-10T07:53:18.704+0000][33444][safepoint    ] Safepoint "Cleanup", Time since last: 1000619800 ns, Reaching safepoint: 233200 ns, At safepoint: 8000 ns, Total: 241200 ns
[2020-09-10T07:53:19.705+0000][33444][safepoint    ] Safepoint "Cleanup", Time since last: 1000549900 ns, Reaching safepoint: 164100 ns, At safepoint: 3200 ns, Total: 167300 ns
[2020-09-10T07:53:20.705+0000][33444][safepoint    ] Safepoint "Cleanup", Time since last: 1000002500 ns, Reaching safepoint: 204000 ns, At safepoint: 10300 ns, Total: 214300 ns
[2020-09-10T07:53:21.705+0000][33444][safepoint    ] Safepoint "Cleanup", Time since last: 1000243700 ns, Reaching safepoint: 157400 ns, At safepoint: 11300 ns, Total: 168700 ns
[2020-09-10T07:53:22.706+0000][33444][safepoint    ] Safepoint "Cleanup", Time since last: 1000556700 ns, Reaching safepoint: 551800 ns, At safepoint: 51800 ns, Total: 603600 ns
[2020-09-10T07:53:23.707+0000][33444][safepoint    ] Safepoint "Cleanup", Time since last: 1000891500 ns, Reaching safepoint: 150000 ns, At safepoint: 8800 ns, Total: 158800 ns
[2020-09-10T07:53:24.708+0000][33444][safepoint    ] Safepoint "Cleanup", Time since last: 1000170900 ns, Reaching safepoint: 190000 ns, At safepoint: 13500 ns, Total: 203500 ns
[2020-09-10T07:53:25.709+0000][33444][safepoint    ] Safepoint "Cleanup", Time since last: 1000652200 ns, Reaching safepoint: 81200 ns, At safepoint: 3200 ns, Total: 84400 ns
[2020-09-10T07:53:27.709+0000][33444][safepoint    ] Safepoint "Cleanup", Time since last: 2000671600 ns, Reaching safepoint: 107500 ns, At safepoint: 3200 ns, Total: 110700 ns
[2020-09-10T07:53:28.710+0000][33444][safepoint    ] Safepoint "Cleanup", Time since last: 1000398500 ns, Reaching safepoint: 426200 ns, At safepoint: 18400 ns, Total: 444600 ns
[2020-09-10T07:53:29.712+0000][33444][safepoint    ] Safepoint "Cleanup", Time since last: 1001599800 ns, Reaching safepoint: 111600 ns, At safepoint: 6500 ns, Total: 118100 ns
[2020-09-10T07:53:30.713+0000][33444][safepoint    ] Safepoint "Cleanup", Time since last: 1000988600 ns, Reaching safepoint: 167600 ns, At safepoint: 7800 ns, Total: 175400 ns
[2020-09-10T07:53:31.714+0000][33444][safepoint    ] Safepoint "Cleanup", Time since last: 1000626200 ns, Reaching safepoint: 171500 ns, At safepoint: 6000 ns, Total: 177500 ns
[2020-09-10T07:53:32.714+0000][33444][safepoint    ] Safepoint "Cleanup", Time since last: 1000349800 ns, Reaching safepoint: 120300 ns, At safepoint: 3100 ns, Total: 123400 ns
[2020-09-10T07:53:33.715+0000][33444][safepoint    ] Safepoint "Cleanup", Time since last: 1000145000 ns, Reaching safepoint: 121900 ns, At safepoint: 5400 ns, Total: 127300 ns
[2020-09-10T07:53:34.715+0000][33444][safepoint    ] Safepoint "Cleanup", Time since last: 1000461400 ns, Reaching safepoint: 101600 ns, At safepoint: 6300 ns, Total: 107900 ns
[2020-09-10T07:53:35.715+0000][33444][safepoint    ] Safepoint "Cleanup", Time since last: 1000113100 ns, Reaching safepoint: 161600 ns, At safepoint: 8900 ns, Total: 170500 ns
[2020-09-10T07:53:37.716+0000][33444][safepoint    ] Safepoint "Cleanup", Time since last: 2000578900 ns, Reaching safepoint: 137400 ns, At safepoint: 9200 ns, Total: 146600 ns
[2020-09-10T07:53:38.716+0000][33444][safepoint    ] Safepoint "Cleanup", Time since last: 1000001800 ns, Reaching safepoint: 136800 ns, At safepoint: 10400 ns, Total: 147200 ns
[2020-09-10T07:53:39.717+0000][33444][safepoint    ] Safepoint "Cleanup", Time since last: 1000779700 ns, Reaching safepoint: 172900 ns, At safepoint: 5700 ns, Total: 178600 ns
[2020-09-10T07:53:40.718+0000][33444][safepoint    ] Safepoint "Cleanup", Time since last: 1000599300 ns, Reaching safepoint: 212600 ns, At safepoint: 9700 ns, Total: 222300 ns
[2020-09-10T07:53:41.718+0000][33444][safepoint    ] Safepoint "Cleanup", Time since last: 1000062800 ns, Reaching safepoint: 518200 ns, At safepoint: 20900 ns, Total: 539100 ns
[2020-09-10T07:53:42.719+0000][33444][safepoint    ] Safepoint "Cleanup", Time since last: 1000328500 ns, Reaching safepoint: 221900 ns, At safepoint: 20300 ns, Total: 242200 ns
[2020-09-10T07:53:44.720+0000][33444][safepoint    ] Safepoint "Cleanup", Time since last: 2000694300 ns, Reaching safepoint: 160300 ns, At safepoint: 8600 ns, Total: 168900 ns
[2020-09-10T07:53:45.721+0000][33444][safepoint    ] Safepoint "Cleanup", Time since last: 1000606400 ns, Reaching safepoint: 139400 ns, At safepoint: 6500 ns, Total: 145900 ns
[2020-09-10T07:53:46.722+0000][33444][safepoint    ] Safepoint "Cleanup", Time since last: 1000562900 ns, Reaching safepoint: 338500 ns, At safepoint: 12700 ns, Total: 351200 ns
[2020-09-10T07:53:47.722+0000][33444][safepoint    ] Safepoint "Cleanup", Time since last: 1000204600 ns, Reaching safepoint: 167400 ns, At safepoint: 9800 ns, Total: 177200 ns
[2020-09-10T07:53:48.723+0000][33444][safepoint    ] Safepoint "Cleanup", Time since last: 1000672100 ns, Reaching safepoint: 149600 ns, At safepoint: 6300 ns, Total: 155900 ns
[2020-09-10T07:53:49.724+0000][33444][safepoint    ] Safepoint "Cleanup", Time since last: 1000444400 ns, Reaching safepoint: 85200 ns, At safepoint: 3000 ns, Total: 88200 ns
[2020-09-10T07:53:50.724+0000][33444][safepoint    ] Safepoint "Cleanup", Time since last: 1000276000 ns, Reaching safepoint: 132600 ns, At safepoint: 6000 ns, Total: 138600 ns
[2020-09-10T07:53:51.725+0000][33444][safepoint    ] Safepoint "Cleanup", Time since last: 1000651600 ns, Reaching safepoint: 97500 ns, At safepoint: 3700 ns, Total: 101200 ns
[2020-09-10T07:53:52.725+0000][33444][safepoint    ] Safepoint "Cleanup", Time since last: 1000135600 ns, Reaching safepoint: 193000 ns, At safepoint: 9300 ns, Total: 202300 ns
[2020-09-10T07:53:54.725+0000][33444][safepoint    ] Safepoint "Cleanup", Time since last: 2000076300 ns, Reaching safepoint: 155500 ns, At safepoint: 8700 ns, Total: 164200 ns
[2020-09-10T07:53:55.726+0000][33444][safepoint    ] Safepoint "Cleanup", Time since last: 1000910900 ns, Reaching safepoint: 178800 ns, At safepoint: 11300 ns, Total: 190100 ns
[2020-09-10T07:53:56.727+0000][33444][safepoint    ] Safepoint "Cleanup", Time since last: 1000102000 ns, Reaching safepoint: 120100 ns, At safepoint: 6100 ns, Total: 126200 ns
[2020-09-10T07:53:57.727+0000][33444][safepoint    ] Safepoint "Cleanup", Time since last: 1000676600 ns, Reaching safepoint: 238900 ns, At safepoint: 12300 ns, Total: 251200 ns
[2020-09-10T07:53:58.728+0000][33444][safepoint    ] Safepoint "Cleanup", Time since last: 1000357900 ns, Reaching safepoint: 185800 ns, At safepoint: 11100 ns, Total: 196900 ns
[2020-09-10T07:53:59.728+0000][33444][safepoint    ] Safepoint "Cleanup", Time since last: 1000064500 ns, Reaching safepoint: 283200 ns, At safepoint: 13400 ns, Total: 296600 ns
[2020-09-10T07:54:00.729+0000][33444][safepoint    ] Safepoint "Cleanup", Time since last: 1000811700 ns, Reaching safepoint: 152600 ns, At safepoint: 8400 ns, Total: 161000 ns
[2020-09-10T07:54:01.730+0000][33444][safepoint    ] Safepoint "Cleanup", Time since last: 1000500600 ns, Reaching safepoint: 119400 ns, At safepoint: 5800 ns, Total: 125200 ns
[2020-09-10T07:54:02.731+0000][33444][safepoint    ] Safepoint "Cleanup", Time since last: 1000718900 ns, Reaching safepoint: 146400 ns, At safepoint: 8500 ns, Total: 154900 ns
[2020-09-10T07:54:03.731+0000][33444][safepoint    ] Safepoint "Cleanup", Time since last: 1000415100 ns, Reaching safepoint: 180100 ns, At safepoint: 8100 ns, Total: 188200 ns
[2020-09-10T07:54:04.732+0000][33444][safepoint    ] Safepoint "Cleanup", Time since last: 1000392800 ns, Reaching safepoint: 130400 ns, At safepoint: 7200 ns, Total: 137600 ns
[2020-09-10T07:54:05.733+0000][33444][safepoint    ] Safepoint "Cleanup", Time since last: 1000477100 ns, Reaching safepoint: 195500 ns, At safepoint: 69800 ns, Total: 265300 ns
[2020-09-10T07:54:06.733+0000][33444][safepoint    ] Safepoint "Cleanup", Time since last: 1000329600 ns, Reaching safepoint: 151000 ns, At safepoint: 81400 ns, Total: 232400 ns
[2020-09-10T07:54:08.305+0000][33444][safepoint    ] Safepoint "Cleanup", Time since last: 1571908800 ns, Reaching safepoint: 370100 ns, At safepoint: 19700 ns, Total: 389800 ns
[2020-09-10T07:54:09.307+0000][33444][safepoint    ] Safepoint "Cleanup", Time since last: 1001053700 ns, Reaching safepoint: 372500 ns, At safepoint: 37100 ns, Total: 409600 ns
[2020-09-10T07:54:10.308+0000][33444][safepoint    ] Safepoint "Cleanup", Time since last: 1000605200 ns, Reaching safepoint: 130100 ns, At safepoint: 7900 ns, Total: 138000 ns
[2020-09-10T07:54:11.624+0000][33444][safepoint    ] Safepoint "Cleanup", Time since last: 1316371200 ns, Reaching safepoint: 186000 ns, At safepoint: 14000 ns, Total: 200000 ns
[2020-09-10T07:54:13.177+0000][33444][safepoint    ] Safepoint "Cleanup", Time since last: 1552795100 ns, Reaching safepoint: 250300 ns, At safepoint: 15700 ns, Total: 266000 ns
[2020-09-10T07:54:14.178+0000][33444][safepoint    ] Safepoint "Cleanup", Time since last: 1000455900 ns, Reaching safepoint: 188700 ns, At safepoint: 9900 ns, Total: 198600 ns
[2020-09-10T07:54:15.178+0000][33444][safepoint    ] Safepoint "Cleanup", Time since last: 1000104000 ns, Reaching safepoint: 238900 ns, At safepoint: 13800 ns, Total: 252700 ns
[2020-09-10T07:54:16.179+0000][33444][safepoint    ] Safepoint "Cleanup", Time since last: 1000111000 ns, Reaching safepoint: 220900 ns, At safepoint: 16300 ns, Total: 237200 ns
[2020-09-10T07:54:18.179+0000][33444][safepoint    ] Safepoint "Cleanup", Time since last: 2000447200 ns, Reaching safepoint: 258600 ns, At safepoint: 25900 ns, Total: 284500 ns
[2020-09-10T07:54:19.180+0000][33444][safepoint    ] Safepoint "Cleanup", Time since last: 1000091400 ns, Reaching safepoint: 245000 ns, At safepoint: 15400 ns, Total: 260400 ns
[2020-09-10T07:54:20.180+0000][33444][safepoint    ] Safepoint "Cleanup", Time since last: 1000129100 ns, Reaching safepoint: 178900 ns, At safepoint: 10600 ns, Total: 189500 ns
[2020-09-10T07:54:21.181+0000][33444][safepoint    ] Safepoint "Cleanup", Time since last: 1000650900 ns, Reaching safepoint: 200700 ns, At safepoint: 17900 ns, Total: 218600 ns
[2020-09-10T07:54:22.182+0000][33444][safepoint    ] Safepoint "Cleanup", Time since last: 1000578500 ns, Reaching safepoint: 173800 ns, At safepoint: 14700 ns, Total: 188500 ns
[2020-09-10T07:54:23.182+0000][33444][safepoint    ] Safepoint "Cleanup", Time since last: 1000079500 ns, Reaching safepoint: 566400 ns, At safepoint: 52600 ns, Total: 619000 ns
[2020-09-10T07:54:24.183+0000][33444][safepoint    ] Safepoint "Cleanup", Time since last: 1000663300 ns, Reaching safepoint: 161200 ns, At safepoint: 7200 ns, Total: 168400 ns
[2020-09-10T07:54:25.184+0000][33444][safepoint    ] Safepoint "Cleanup", Time since last: 1000691000 ns, Reaching safepoint: 304300 ns, At safepoint: 13100 ns, Total: 317400 ns
[2020-09-10T07:54:26.185+0000][33444][safepoint    ] Safepoint "Cleanup", Time since last: 1000571600 ns, Reaching safepoint: 143000 ns, At safepoint: 8000 ns, Total: 151000 ns
[2020-09-10T07:54:28.186+0000][33444][safepoint    ] Safepoint "Cleanup", Time since last: 2000396600 ns, Reaching safepoint: 109500 ns, At safepoint: 7700 ns, Total: 117200 ns
[2020-09-10T07:54:29.186+0000][33444][safepoint    ] Safepoint "Cleanup", Time since last: 1000135600 ns, Reaching safepoint: 215700 ns, At safepoint: 5900 ns, Total: 221600 ns
[2020-09-10T07:54:30.187+0000][33444][safepoint    ] Safepoint "Cleanup", Time since last: 1000491800 ns, Reaching safepoint: 170400 ns, At safepoint: 4800 ns, Total: 175200 ns
[2020-09-10T07:54:31.187+0000][33444][safepoint    ] Safepoint "Cleanup", Time since last: 1000440300 ns, Reaching safepoint: 88700 ns, At safepoint: 5500 ns, Total: 94200 ns
[2020-09-10T07:54:32.187+0000][33444][safepoint    ] Safepoint "Cleanup", Time since last: 1000194900 ns, Reaching safepoint: 183000 ns, At safepoint: 6000 ns, Total: 189000 ns
[2020-09-10T07:54:33.188+0000][33444][safepoint    ] Safepoint "Cleanup", Time since last: 1000446900 ns, Reaching safepoint: 211700 ns, At safepoint: 9800 ns, Total: 221500 ns
[2020-09-10T07:54:34.189+0000][33444][safepoint    ] Safepoint "Cleanup", Time since last: 1000402300 ns, Reaching safepoint: 220800 ns, At safepoint: 16600 ns, Total: 237400 ns
[2020-09-10T07:54:35.189+0000][33444][safepoint    ] Safepoint "Cleanup", Time since last: 1000172300 ns, Reaching safepoint: 437700 ns, At safepoint: 28500 ns, Total: 466200 ns
[2020-09-10T07:54:36.190+0000][33444][safepoint    ] Safepoint "Cleanup", Time since last: 1000853800 ns, Reaching safepoint: 229400 ns, At safepoint: 10400 ns, Total: 239800 ns
[2020-09-10T07:54:37.191+0000][33444][safepoint    ] Safepoint "Cleanup", Time since last: 1000427400 ns, Reaching safepoint: 268400 ns, At safepoint: 14600 ns, Total: 283000 ns
[2020-09-10T07:54:39.192+0000][33444][safepoint    ] Safepoint "Cleanup", Time since last: 2000347100 ns, Reaching safepoint: 443500 ns, At safepoint: 24800 ns, Total: 468300 ns
[2020-09-10T07:54:40.194+0000][33444][safepoint    ] Safepoint "Cleanup", Time since last: 1001564000 ns, Reaching safepoint: 267000 ns, At safepoint: 10000 ns, Total: 277000 ns
[2020-09-10T07:54:41.194+0000][33444][safepoint    ] Safepoint "Cleanup", Time since last: 1000204000 ns, Reaching safepoint: 323700 ns, At safepoint: 18900 ns, Total: 342600 ns
[2020-09-10T07:54:43.195+0000][33444][safepoint    ] Safepoint "Cleanup", Time since last: 2000031700 ns, Reaching safepoint: 295200 ns, At safepoint: 19300 ns, Total: 314500 ns
[2020-09-10T07:54:44.195+0000][33444][safepoint    ] Safepoint "Cleanup", Time since last: 1000395800 ns, Reaching safepoint: 155500 ns, At safepoint: 8300 ns, Total: 163800 ns
[2020-09-10T07:54:45.196+0000][33444][safepoint    ] Safepoint "Cleanup", Time since last: 1000196000 ns, Reaching safepoint: 320000 ns, At safepoint: 15000 ns, Total: 335000 ns
[2020-09-10T07:54:46.196+0000][33444][safepoint    ] Safepoint "Cleanup", Time since last: 1000137100 ns, Reaching safepoint: 160100 ns, At safepoint: 8200 ns, Total: 168300 ns
[2020-09-10T07:54:47.197+0000][33444][safepoint    ] Safepoint "Cleanup", Time since last: 1000623800 ns, Reaching safepoint: 137500 ns, At safepoint: 5300 ns, Total: 142800 ns
[2020-09-10T07:54:48.198+0000][33444][safepoint    ] Safepoint "Cleanup", Time since last: 1000368600 ns, Reaching safepoint: 118400 ns, At safepoint: 9500 ns, Total: 127900 ns
[2020-09-10T07:54:49.198+0000][33444][safepoint    ] Safepoint "Cleanup", Time since last: 1000406100 ns, Reaching safepoint: 214600 ns, At safepoint: 12000 ns, Total: 226600 ns
[2020-09-10T07:54:51.199+0000][33444][safepoint    ] Safepoint "Cleanup", Time since last: 2000851900 ns, Reaching safepoint: 132100 ns, At safepoint: 8500 ns, Total: 140600 ns
[2020-09-10T07:54:53.200+0000][33444][safepoint    ] Safepoint "Cleanup", Time since last: 2000547300 ns, Reaching safepoint: 166600 ns, At safepoint: 8600 ns, Total: 175200 ns
[2020-09-10T07:54:55.201+0000][33444][safepoint    ] Safepoint "Cleanup", Time since last: 2000919200 ns, Reaching safepoint: 299200 ns, At safepoint: 13900 ns, Total: 313100 ns
[2020-09-10T07:54:56.201+0000][33444][safepoint    ] Safepoint "Cleanup", Time since last: 1000010800 ns, Reaching safepoint: 141800 ns, At safepoint: 14900 ns, Total: 156700 ns
[2020-09-10T07:54:57.202+0000][33444][safepoint    ] Safepoint "Cleanup", Time since last: 1000574900 ns, Reaching safepoint: 133900 ns, At safepoint: 6800 ns, Total: 140700 ns
[2020-09-10T07:54:58.202+0000][33444][safepoint    ] Safepoint "Cleanup", Time since last: 1000314200 ns, Reaching safepoint: 196500 ns, At safepoint: 6100 ns, Total: 202600 ns
[2020-09-10T07:54:59.203+0000][33444][safepoint    ] Safepoint "Cleanup", Time since last: 1000388900 ns, Reaching safepoint: 152500 ns, At safepoint: 7200 ns, Total: 159700 ns
[2020-09-10T07:55:00.203+0000][33444][safepoint    ] Safepoint "Cleanup", Time since last: 1000025200 ns, Reaching safepoint: 117500 ns, At safepoint: 7800 ns, Total: 125300 ns
[2020-09-10T07:55:01.203+0000][33444][safepoint    ] Safepoint "Cleanup", Time since last: 1000084600 ns, Reaching safepoint: 178700 ns, At safepoint: 9100 ns, Total: 187800 ns
[2020-09-10T07:55:02.204+0000][33444][safepoint    ] Safepoint "Cleanup", Time since last: 1000165100 ns, Reaching safepoint: 172800 ns, At safepoint: 8700 ns, Total: 181500 ns
[2020-09-10T07:55:04.205+0000][33444][safepoint    ] Safepoint "Cleanup", Time since last: 2000969700 ns, Reaching safepoint: 120600 ns, At safepoint: 6300 ns, Total: 126900 ns
[2020-09-10T07:55:05.206+0000][33444][safepoint    ] Safepoint "Cleanup", Time since last: 1000620900 ns, Reaching safepoint: 164000 ns, At safepoint: 7600 ns, Total: 171600 ns
[2020-09-10T07:55:06.206+0000][33444][safepoint    ] Safepoint "Cleanup", Time since last: 1000304800 ns, Reaching safepoint: 145300 ns, At safepoint: 3300 ns, Total: 148600 ns
[2020-09-10T07:55:07.206+0000][33444][safepoint    ] Safepoint "Cleanup", Time since last: 1000218000 ns, Reaching safepoint: 163700 ns, At safepoint: 10800 ns, Total: 174500 ns
[2020-09-10T07:55:08.207+0000][33444][safepoint    ] Safepoint "Cleanup", Time since last: 1000489600 ns, Reaching safepoint: 126500 ns, At safepoint: 6200 ns, Total: 132700 ns
[2020-09-10T07:55:09.208+0000][33444][safepoint    ] Safepoint "Cleanup", Time since last: 1000255600 ns, Reaching safepoint: 152600 ns, At safepoint: 9700 ns, Total: 162300 ns
[2020-09-10T07:55:10.208+0000][33444][safepoint    ] Safepoint "Cleanup", Time since last: 1000310600 ns, Reaching safepoint: 190900 ns, At safepoint: 14300 ns, Total: 205200 ns
[2020-09-10T07:55:11.208+0000][33444][safepoint    ] Safepoint "Cleanup", Time since last: 1000078100 ns, Reaching safepoint: 145000 ns, At safepoint: 7900 ns, Total: 152900 ns
[2020-09-10T07:55:12.209+0000][33444][safepoint    ] Safepoint "Cleanup", Time since last: 1000373300 ns, Reaching safepoint: 145700 ns, At safepoint: 10600 ns, Total: 156300 ns
[2020-09-10T07:55:13.209+0000][33444][safepoint    ] Safepoint "Cleanup", Time since last: 1000061200 ns, Reaching safepoint: 112900 ns, At safepoint: 6600 ns, Total: 119500 ns
[2020-09-10T07:55:14.209+0000][33444][safepoint    ] Safepoint "Cleanup", Time since last: 1000005600 ns, Reaching safepoint: 143300 ns, At safepoint: 6800 ns, Total: 150100 ns
[2020-09-10T07:55:15.209+0000][33444][safepoint    ] Safepoint "Cleanup", Time since last: 1000021700 ns, Reaching safepoint: 106400 ns, At safepoint: 6400 ns, Total: 112800 ns
[2020-09-10T07:55:16.210+0000][33444][safepoint    ] Safepoint "Cleanup", Time since last: 1000333200 ns, Reaching safepoint: 366500 ns, At safepoint: 28100 ns, Total: 394600 ns
[2020-09-10T07:55:18.210+0000][33444][safepoint    ] Safepoint "Cleanup", Time since last: 2000139000 ns, Reaching safepoint: 96700 ns, At safepoint: 3400 ns, Total: 100100 ns
[2020-09-10T07:55:19.211+0000][33444][safepoint    ] Safepoint "Cleanup", Time since last: 1000418400 ns, Reaching safepoint: 90900 ns, At safepoint: 3400 ns, Total: 94300 ns
[2020-09-10T07:55:20.212+0000][33444][safepoint    ] Safepoint "Cleanup", Time since last: 1000860000 ns, Reaching safepoint: 162000 ns, At safepoint: 8000 ns, Total: 170000 ns
[2020-09-10T07:55:21.213+0000][33444][safepoint    ] Safepoint "Cleanup", Time since last: 1000773100 ns, Reaching safepoint: 179600 ns, At safepoint: 7300 ns, Total: 186900 ns
[2020-09-10T07:55:22.214+0000][33444][safepoint    ] Safepoint "Cleanup", Time since last: 1000581200 ns, Reaching safepoint: 157100 ns, At safepoint: 6300 ns, Total: 163400 ns
[2020-09-10T07:55:23.214+0000][33444][safepoint    ] Safepoint "Cleanup", Time since last: 1000730200 ns, Reaching safepoint: 196300 ns, At safepoint: 5900 ns, Total: 202200 ns
[2020-09-10T07:55:24.215+0000][33444][safepoint    ] Safepoint "Cleanup", Time since last: 1000302700 ns, Reaching safepoint: 135000 ns, At safepoint: 5600 ns, Total: 140600 ns
[2020-09-10T07:55:25.648+0000][33444][safepoint    ] Safepoint "Cleanup", Time since last: 1433244700 ns, Reaching safepoint: 245300 ns, At safepoint: 9200 ns, Total: 254500 ns
[2020-09-10T07:55:27.649+0000][33444][safepoint    ] Safepoint "Cleanup", Time since last: 2000471300 ns, Reaching safepoint: 133700 ns, At safepoint: 76100 ns, Total: 209800 ns
[2020-09-10T07:55:28.649+0000][33444][safepoint    ] Safepoint "Cleanup", Time since last: 1000022700 ns, Reaching safepoint: 140000 ns, At safepoint: 22900 ns, Total: 162900 ns
[2020-09-10T07:55:29.650+0000][33444][safepoint    ] Safepoint "Cleanup", Time since last: 1000760400 ns, Reaching safepoint: 176400 ns, At safepoint: 53100 ns, Total: 229500 ns
[2020-09-10T07:55:31.651+0000][33444][safepoint    ] Safepoint "Cleanup", Time since last: 2000637800 ns, Reaching safepoint: 166100 ns, At safepoint: 8000 ns, Total: 174100 ns
[2020-09-10T07:55:32.652+0000][33444][safepoint    ] Safepoint "Cleanup", Time since last: 1000350500 ns, Reaching safepoint: 114300 ns, At safepoint: 2700 ns, Total: 117000 ns
[2020-09-10T07:55:33.653+0000][33444][safepoint    ] Safepoint "Cleanup", Time since last: 1000821500 ns, Reaching safepoint: 158900 ns, At safepoint: 2900 ns, Total: 161800 ns
[2020-09-10T07:55:34.653+0000][33444][safepoint    ] Safepoint "Cleanup", Time since last: 1000245300 ns, Reaching safepoint: 163100 ns, At safepoint: 4500 ns, Total: 167600 ns
[2020-09-10T07:55:35.654+0000][33444][safepoint    ] Safepoint "Cleanup", Time since last: 1000790900 ns, Reaching safepoint: 474900 ns, At safepoint: 27900 ns, Total: 502800 ns
[2020-09-10T07:55:36.655+0000][33444][safepoint    ] Safepoint "Cleanup", Time since last: 1000890100 ns, Reaching safepoint: 194600 ns, At safepoint: 11100 ns, Total: 205700 ns
[2020-09-10T07:55:38.299+0000][33444][safepoint    ] Safepoint "Cleanup", Time since last: 1643356900 ns, Reaching safepoint: 132700 ns, At safepoint: 8600 ns, Total: 141300 ns
[2020-09-10T07:55:39.299+0000][33444][safepoint    ] Safepoint "Cleanup", Time since last: 1000356400 ns, Reaching safepoint: 164500 ns, At safepoint: 7900 ns, Total: 172400 ns
[2020-09-10T07:55:40.300+0000][33444][safepoint    ] Safepoint "Cleanup", Time since last: 1000943800 ns, Reaching safepoint: 139900 ns, At safepoint: 7600 ns, Total: 147500 ns
[2020-09-10T07:55:41.301+0000][33444][safepoint    ] Safepoint "Cleanup", Time since last: 1000817700 ns, Reaching safepoint: 268100 ns, At safepoint: 15700 ns, Total: 283800 ns
[2020-09-10T07:55:42.302+0000][33444][safepoint    ] Safepoint "Cleanup", Time since last: 1000079200 ns, Reaching safepoint: 181200 ns, At safepoint: 8500 ns, Total: 189700 ns
[2020-09-10T07:55:43.303+0000][33444][safepoint    ] Safepoint "Cleanup", Time since last: 1000744200 ns, Reaching safepoint: 332500 ns, At safepoint: 13700 ns, Total: 346200 ns
[2020-09-10T07:55:44.303+0000][33444][safepoint    ] Safepoint "Cleanup", Time since last: 1000318500 ns, Reaching safepoint: 180000 ns, At safepoint: 7300 ns, Total: 187300 ns
[2020-09-10T07:55:46.304+0000][33444][safepoint    ] Safepoint "Cleanup", Time since last: 2000854100 ns, Reaching safepoint: 176800 ns, At safepoint: 90900 ns, Total: 267700 ns
[2020-09-10T07:55:47.305+0000][33444][safepoint    ] Safepoint "Cleanup", Time since last: 1000448200 ns, Reaching safepoint: 192900 ns, At safepoint: 37800 ns, Total: 230700 ns
[2020-09-10T07:55:48.306+0000][33444][safepoint    ] Safepoint "Cleanup", Time since last: 1000455900 ns, Reaching safepoint: 169000 ns, At safepoint: 11500 ns, Total: 180500 ns
[2020-09-10T07:55:49.306+0000][33444][safepoint    ] Safepoint "Cleanup", Time since last: 1000412800 ns, Reaching safepoint: 292700 ns, At safepoint: 16600 ns, Total: 309300 ns
[2020-09-10T07:55:50.308+0000][33444][safepoint    ] Safepoint "Cleanup", Time since last: 1001383400 ns, Reaching safepoint: 98000 ns, At safepoint: 6100 ns, Total: 104100 ns
[2020-09-10T07:55:51.309+0000][33444][safepoint    ] Safepoint "Cleanup", Time since last: 1000531300 ns, Reaching safepoint: 360700 ns, At safepoint: 25000 ns, Total: 385700 ns
[2020-09-10T07:55:53.310+0000][33444][safepoint    ] Safepoint "Cleanup", Time since last: 2000779800 ns, Reaching safepoint: 249500 ns, At safepoint: 13300 ns, Total: 262800 ns
[2020-09-10T07:55:55.311+0000][33444][safepoint    ] Safepoint "Cleanup", Time since last: 2001160900 ns, Reaching safepoint: 260300 ns, At safepoint: 13700 ns, Total: 274000 ns
[2020-09-10T07:55:56.312+0000][33444][safepoint    ] Safepoint "Cleanup", Time since last: 1000402000 ns, Reaching safepoint: 185900 ns, At safepoint: 9400 ns, Total: 195300 ns
[2020-09-10T07:55:57.313+0000][33444][safepoint    ] Safepoint "Cleanup", Time since last: 1000396300 ns, Reaching safepoint: 134200 ns, At safepoint: 5800 ns, Total: 140000 ns
[2020-09-10T07:55:59.314+0000][33444][safepoint    ] Safepoint "Cleanup", Time since last: 2000954400 ns, Reaching safepoint: 127800 ns, At safepoint: 5500 ns, Total: 133300 ns
[2020-09-10T07:56:01.314+0000][33444][safepoint    ] Safepoint "Cleanup", Time since last: 2000688300 ns, Reaching safepoint: 352400 ns, At safepoint: 18700 ns, Total: 371100 ns
[2020-09-10T07:56:03.315+0000][33444][safepoint    ] Safepoint "Cleanup", Time since last: 1999859100 ns, Reaching safepoint: 232800 ns, At safepoint: 16700 ns, Total: 249500 ns
[2020-09-10T07:56:05.316+0000][33444][safepoint    ] Safepoint "Cleanup", Time since last: 2000879700 ns, Reaching safepoint: 388800 ns, At safepoint: 21700 ns, Total: 410500 ns
[2020-09-10T07:56:06.316+0000][33444][safepoint    ] Safepoint "Cleanup", Time since last: 1000124800 ns, Reaching safepoint: 446600 ns, At safepoint: 25600 ns, Total: 472200 ns
[2020-09-10T07:56:08.314+0000][33444][safepoint    ] Safepoint "Cleanup", Time since last: 1996769100 ns, Reaching safepoint: 247400 ns, At safepoint: 14400 ns, Total: 261800 ns
[2020-09-10T07:56:09.314+0000][33444][safepoint    ] Safepoint "Cleanup", Time since last: 1000414800 ns, Reaching safepoint: 167100 ns, At safepoint: 6700 ns, Total: 173800 ns
[2020-09-10T07:56:10.315+0000][33444][safepoint    ] Safepoint "Cleanup", Time since last: 1000228900 ns, Reaching safepoint: 208100 ns, At safepoint: 8400 ns, Total: 216500 ns
[2020-09-10T07:56:11.315+0000][33444][safepoint    ] Safepoint "Cleanup", Time since last: 1000154000 ns, Reaching safepoint: 160600 ns, At safepoint: 22900 ns, Total: 183500 ns
[2020-09-10T07:56:12.316+0000][33444][safepoint    ] Safepoint "Cleanup", Time since last: 1000295300 ns, Reaching safepoint: 280700 ns, At safepoint: 9700 ns, Total: 290400 ns
[2020-09-10T07:56:14.316+0000][33444][safepoint    ] Safepoint "Cleanup", Time since last: 2000393700 ns, Reaching safepoint: 116600 ns, At safepoint: 5100 ns, Total: 121700 ns
[2020-09-10T07:56:15.317+0000][33444][safepoint    ] Safepoint "Cleanup", Time since last: 1000156300 ns, Reaching safepoint: 146100 ns, At safepoint: 8200 ns, Total: 154300 ns
[2020-09-10T07:56:16.317+0000][33444][safepoint    ] Safepoint "Cleanup", Time since last: 1000130900 ns, Reaching safepoint: 129400 ns, At safepoint: 11500 ns, Total: 140900 ns
[2020-09-10T07:56:17.317+0000][33444][safepoint    ] Safepoint "Cleanup", Time since last: 1000281600 ns, Reaching safepoint: 154500 ns, At safepoint: 81000 ns, Total: 235500 ns
[2020-09-10T07:56:18.318+0000][33444][safepoint    ] Safepoint "Cleanup", Time since last: 1000289900 ns, Reaching safepoint: 106700 ns, At safepoint: 3600 ns, Total: 110300 ns
[2020-09-10T07:56:20.318+0000][33444][safepoint    ] Safepoint "Cleanup", Time since last: 2000514500 ns, Reaching safepoint: 125400 ns, At safepoint: 7900 ns, Total: 133300 ns
[2020-09-10T07:56:21.319+0000][33444][safepoint    ] Safepoint "Cleanup", Time since last: 1000336300 ns, Reaching safepoint: 125000 ns, At safepoint: 6100 ns, Total: 131100 ns
[2020-09-10T07:56:23.319+0000][33444][safepoint    ] Safepoint "Cleanup", Time since last: 2000444800 ns, Reaching safepoint: 120500 ns, At safepoint: 8300 ns, Total: 128800 ns
[2020-09-10T07:56:24.320+0000][33444][safepoint    ] Safepoint "Cleanup", Time since last: 1000211100 ns, Reaching safepoint: 123300 ns, At safepoint: 7700 ns, Total: 131000 ns
[2020-09-10T07:56:25.320+0000][33444][safepoint    ] Safepoint "Cleanup", Time since last: 1000124300 ns, Reaching safepoint: 148300 ns, At safepoint: 11900 ns, Total: 160200 ns
[2020-09-10T07:56:27.099+0000][33444][safepoint    ] Safepoint "Cleanup", Time since last: 1778648600 ns, Reaching safepoint: 554400 ns, At safepoint: 55200 ns, Total: 609600 ns
[2020-09-10T07:56:28.100+0000][33444][safepoint    ] Safepoint "Cleanup", Time since last: 1000467200 ns, Reaching safepoint: 230200 ns, At safepoint: 9200 ns, Total: 239400 ns
[2020-09-10T07:56:29.100+0000][33444][safepoint    ] Safepoint "Cleanup", Time since last: 1000342900 ns, Reaching safepoint: 300300 ns, At safepoint: 16900 ns, Total: 317200 ns
[2020-09-10T07:56:31.101+0000][33444][safepoint    ] Safepoint "Cleanup", Time since last: 2000193100 ns, Reaching safepoint: 125100 ns, At safepoint: 5800 ns, Total: 130900 ns
[2020-09-10T07:56:32.102+0000][33444][safepoint    ] Safepoint "Cleanup", Time since last: 1001022400 ns, Reaching safepoint: 149000 ns, At safepoint: 3700 ns, Total: 152700 ns
[2020-09-10T07:56:33.103+0000][33444][safepoint    ] Safepoint "Cleanup", Time since last: 1000696700 ns, Reaching safepoint: 115000 ns, At safepoint: 7100 ns, Total: 122100 ns
[2020-09-10T07:56:34.103+0000][33444][safepoint    ] Safepoint "Cleanup", Time since last: 1000065400 ns, Reaching safepoint: 137700 ns, At safepoint: 6500 ns, Total: 144200 ns
[2020-09-10T07:56:35.104+0000][33444][safepoint    ] Safepoint "Cleanup", Time since last: 1000668600 ns, Reaching safepoint: 139100 ns, At safepoint: 4300 ns, Total: 143400 ns
[2020-09-10T07:56:36.105+0000][33444][safepoint    ] Safepoint "Cleanup", Time since last: 1000604900 ns, Reaching safepoint: 89600 ns, At safepoint: 6400 ns, Total: 96000 ns
[2020-09-10T07:56:37.105+0000][33444][safepoint    ] Safepoint "Cleanup", Time since last: 1000187200 ns, Reaching safepoint: 81100 ns, At safepoint: 2300 ns, Total: 83400 ns
[2020-09-10T07:56:38.105+0000][33444][safepoint    ] Safepoint "Cleanup", Time since last: 1000299500 ns, Reaching safepoint: 216400 ns, At safepoint: 9800 ns, Total: 226200 ns
[2020-09-10T07:56:40.106+0000][33444][safepoint    ] Safepoint "Cleanup", Time since last: 2000809300 ns, Reaching safepoint: 182100 ns, At safepoint: 11600 ns, Total: 193700 ns
[2020-09-10T07:56:41.107+0000][33444][safepoint    ] Safepoint "Cleanup", Time since last: 1000737000 ns, Reaching safepoint: 124100 ns, At safepoint: 8100 ns, Total: 132200 ns
[2020-09-10T07:56:42.108+0000][33444][safepoint    ] Safepoint "Cleanup", Time since last: 1000237500 ns, Reaching safepoint: 132300 ns, At safepoint: 4100 ns, Total: 136400 ns
[2020-09-10T07:56:43.108+0000][33444][safepoint    ] Safepoint "Cleanup", Time since last: 1000364500 ns, Reaching safepoint: 153300 ns, At safepoint: 6300 ns, Total: 159600 ns
[2020-09-10T07:56:44.109+0000][33444][safepoint    ] Safepoint "Cleanup", Time since last: 1000795200 ns, Reaching safepoint: 186300 ns, At safepoint: 9100 ns, Total: 195400 ns
[2020-09-10T07:56:45.110+0000][33444][safepoint    ] Safepoint "Cleanup", Time since last: 1000418100 ns, Reaching safepoint: 136600 ns, At safepoint: 7700 ns, Total: 144300 ns
[2020-09-10T07:56:47.110+0000][33444][safepoint    ] Safepoint "Cleanup", Time since last: 2000147800 ns, Reaching safepoint: 110000 ns, At safepoint: 7600 ns, Total: 117600 ns
[2020-09-10T07:56:48.111+0000][33444][safepoint    ] Safepoint "Cleanup", Time since last: 1001004100 ns, Reaching safepoint: 197500 ns, At safepoint: 11000 ns, Total: 208500 ns
[2020-09-10T07:56:49.112+0000][33444][safepoint    ] Safepoint "Cleanup", Time since last: 1000552000 ns, Reaching safepoint: 126000 ns, At safepoint: 6100 ns, Total: 132100 ns
[2020-09-10T07:56:50.112+0000][33444][safepoint    ] Safepoint "Cleanup", Time since last: 1000081900 ns, Reaching safepoint: 141600 ns, At safepoint: 8900 ns, Total: 150500 ns
[2020-09-10T07:56:51.113+0000][33444][safepoint    ] Safepoint "Cleanup", Time since last: 1000745500 ns, Reaching safepoint: 140500 ns, At safepoint: 8100 ns, Total: 148600 ns
[2020-09-10T07:56:52.114+0000][33444][safepoint    ] Safepoint "Cleanup", Time since last: 1000473000 ns, Reaching safepoint: 109500 ns, At safepoint: 4100 ns, Total: 113600 ns
[2020-09-10T07:56:53.114+0000][33444][safepoint    ] Safepoint "Cleanup", Time since last: 1000296200 ns, Reaching safepoint: 269400 ns, At safepoint: 8200 ns, Total: 277600 ns
[2020-09-10T07:56:54.115+0000][33444][safepoint    ] Safepoint "Cleanup", Time since last: 1000515600 ns, Reaching safepoint: 330300 ns, At safepoint: 27200 ns, Total: 357500 ns
[2020-09-10T07:56:56.115+0000][33444][safepoint    ] Safepoint "Cleanup", Time since last: 2000007100 ns, Reaching safepoint: 330700 ns, At safepoint: 20100 ns, Total: 350800 ns
[2020-09-10T07:56:57.116+0000][33444][safepoint    ] Safepoint "Cleanup", Time since last: 1000410000 ns, Reaching safepoint: 126300 ns, At safepoint: 7700 ns, Total: 134000 ns
[2020-09-10T07:56:58.117+0000][33444][safepoint    ] Safepoint "Cleanup", Time since last: 1000391300 ns, Reaching safepoint: 128400 ns, At safepoint: 4500 ns, Total: 132900 ns
[2020-09-10T07:56:59.117+0000][33444][safepoint    ] Safepoint "Cleanup", Time since last: 1000623400 ns, Reaching safepoint: 156900 ns, At safepoint: 3500 ns, Total: 160400 ns
[2020-09-10T07:57:00.118+0000][33444][safepoint    ] Safepoint "Cleanup", Time since last: 1000169300 ns, Reaching safepoint: 102500 ns, At safepoint: 4000 ns, Total: 106500 ns
[2020-09-10T07:57:01.118+0000][33444][safepoint    ] Safepoint "Cleanup", Time since last: 1000255000 ns, Reaching safepoint: 128000 ns, At safepoint: 7400 ns, Total: 135400 ns
[2020-09-10T07:57:02.118+0000][33444][safepoint    ] Safepoint "Cleanup", Time since last: 1000142600 ns, Reaching safepoint: 152800 ns, At safepoint: 6900 ns, Total: 159700 ns
[2020-09-10T07:57:03.119+0000][33444][safepoint    ] Safepoint "Cleanup", Time since last: 1000554000 ns, Reaching safepoint: 119800 ns, At safepoint: 5300 ns, Total: 125100 ns
[2020-09-10T07:57:04.119+0000][33444][safepoint    ] Safepoint "Cleanup", Time since last: 1000025700 ns, Reaching safepoint: 132800 ns, At safepoint: 5900 ns, Total: 138700 ns
[2020-09-10T07:57:05.120+0000][33444][safepoint    ] Safepoint "Cleanup", Time since last: 1000240600 ns, Reaching safepoint: 140600 ns, At safepoint: 6900 ns, Total: 147500 ns
[2020-09-10T07:57:06.120+0000][33444][safepoint    ] Safepoint "Cleanup", Time since last: 1000145600 ns, Reaching safepoint: 138400 ns, At safepoint: 7900 ns, Total: 146300 ns
[2020-09-10T07:57:07.120+0000][33444][safepoint    ] Safepoint "Cleanup", Time since last: 1000392300 ns, Reaching safepoint: 146300 ns, At safepoint: 7500 ns, Total: 153800 ns
[2020-09-10T07:57:09.121+0000][33444][safepoint    ] Safepoint "Cleanup", Time since last: 2000384200 ns, Reaching safepoint: 164100 ns, At safepoint: 8200 ns, Total: 172300 ns
[2020-09-10T07:57:10.122+0000][33444][safepoint    ] Safepoint "Cleanup", Time since last: 1000407000 ns, Reaching safepoint: 162000 ns, At safepoint: 5300 ns, Total: 167300 ns
[2020-09-10T07:57:11.122+0000][33444][safepoint    ] Safepoint "Cleanup", Time since last: 1000078600 ns, Reaching safepoint: 116600 ns, At safepoint: 5900 ns, Total: 122500 ns
[2020-09-10T07:57:12.122+0000][33444][safepoint    ] Safepoint "Cleanup", Time since last: 1000217000 ns, Reaching safepoint: 105300 ns, At safepoint: 2400 ns, Total: 107700 ns
[2020-09-10T07:57:13.122+0000][33444][safepoint    ] Safepoint "Cleanup", Time since last: 1000198600 ns, Reaching safepoint: 125200 ns, At safepoint: 8100 ns, Total: 133300 ns
[2020-09-10T07:57:15.123+0000][33444][safepoint    ] Safepoint "Cleanup", Time since last: 2000734200 ns, Reaching safepoint: 175900 ns, At safepoint: 6700 ns, Total: 182600 ns
[2020-09-10T07:57:16.124+0000][33444][safepoint    ] Safepoint "Cleanup", Time since last: 1000263400 ns, Reaching safepoint: 457500 ns, At safepoint: 25700 ns, Total: 483200 ns
[2020-09-10T07:57:17.125+0000][33444][safepoint    ] Safepoint "Cleanup", Time since last: 1001147400 ns, Reaching safepoint: 131000 ns, At safepoint: 6300 ns, Total: 137300 ns
[2020-09-10T07:57:18.126+0000][33444][safepoint    ] Safepoint "Cleanup", Time since last: 1000255800 ns, Reaching safepoint: 117600 ns, At safepoint: 5600 ns, Total: 123200 ns
[2020-09-10T07:57:19.127+0000][33444][safepoint    ] Safepoint "Cleanup", Time since last: 1000708800 ns, Reaching safepoint: 190900 ns, At safepoint: 8500 ns, Total: 199400 ns
[2020-09-10T07:57:20.127+0000][33444][safepoint    ] Safepoint "Cleanup", Time since last: 1000198100 ns, Reaching safepoint: 393400 ns, At safepoint: 22800 ns, Total: 416200 ns
[2020-09-10T07:57:21.128+0000][33444][safepoint    ] Safepoint "Cleanup", Time since last: 1000241100 ns, Reaching safepoint: 131100 ns, At safepoint: 3200 ns, Total: 134300 ns
[2020-09-10T07:57:22.128+0000][33444][safepoint    ] Safepoint "Cleanup", Time since last: 1000210500 ns, Reaching safepoint: 164600 ns, At safepoint: 3800 ns, Total: 168400 ns
[2020-09-10T07:57:23.129+0000][33444][safepoint    ] Safepoint "Cleanup", Time since last: 1000674600 ns, Reaching safepoint: 373200 ns, At safepoint: 30400 ns, Total: 403600 ns
[2020-09-10T07:57:25.130+0000][33444][safepoint    ] Safepoint "Cleanup", Time since last: 2000661700 ns, Reaching safepoint: 124200 ns, At safepoint: 9800 ns, Total: 134000 ns
[2020-09-10T07:57:27.117+0000][33444][safepoint    ] Safepoint "Cleanup", Time since last: 1986445100 ns, Reaching safepoint: 302400 ns, At safepoint: 19600 ns, Total: 322000 ns
[2020-09-10T07:57:28.118+0000][33444][safepoint    ] Safepoint "Cleanup", Time since last: 1001254800 ns, Reaching safepoint: 230300 ns, At safepoint: 13300 ns, Total: 243600 ns
[2020-09-10T07:57:30.119+0000][33444][safepoint    ] Safepoint "Cleanup", Time since last: 2000935600 ns, Reaching safepoint: 242800 ns, At safepoint: 13500 ns, Total: 256300 ns
[2020-09-10T07:57:31.120+0000][33444][safepoint    ] Safepoint "Cleanup", Time since last: 1000648900 ns, Reaching safepoint: 109500 ns, At safepoint: 5600 ns, Total: 115100 ns
[2020-09-10T07:57:32.120+0000][33444][safepoint    ] Safepoint "Cleanup", Time since last: 1000013700 ns, Reaching safepoint: 132200 ns, At safepoint: 18200 ns, Total: 150400 ns
[2020-09-10T07:57:33.121+0000][33444][safepoint    ] Safepoint "Cleanup", Time since last: 1000378500 ns, Reaching safepoint: 374800 ns, At safepoint: 30200 ns, Total: 405000 ns
[2020-09-10T07:57:34.121+0000][33444][safepoint    ] Safepoint "Cleanup", Time since last: 1000342400 ns, Reaching safepoint: 241900 ns, At safepoint: 8900 ns, Total: 250800 ns
[2020-09-10T07:57:35.122+0000][33444][safepoint    ] Safepoint "Cleanup", Time since last: 1000066300 ns, Reaching safepoint: 141300 ns, At safepoint: 6900 ns, Total: 148200 ns
[2020-09-10T07:57:36.122+0000][33444][safepoint    ] Safepoint "Cleanup", Time since last: 1000128600 ns, Reaching safepoint: 170700 ns, At safepoint: 14200 ns, Total: 184900 ns
[2020-09-10T07:57:37.123+0000][33444][safepoint    ] Safepoint "Cleanup", Time since last: 1000320500 ns, Reaching safepoint: 111200 ns, At safepoint: 4300 ns, Total: 115500 ns
[2020-09-10T07:57:38.123+0000][33444][safepoint    ] Safepoint "Cleanup", Time since last: 1000461300 ns, Reaching safepoint: 197400 ns, At safepoint: 10800 ns, Total: 208200 ns
[2020-09-10T07:57:40.124+0000][33444][safepoint    ] Safepoint "Cleanup", Time since last: 2000162800 ns, Reaching safepoint: 471200 ns, At safepoint: 27700 ns, Total: 498900 ns
[2020-09-10T07:57:42.125+0000][33444][safepoint    ] Safepoint "Cleanup", Time since last: 2000867300 ns, Reaching safepoint: 81300 ns, At safepoint: 3500 ns, Total: 84800 ns
[2020-09-10T07:57:43.126+0000][33444][safepoint    ] Safepoint "Cleanup", Time since last: 1000782300 ns, Reaching safepoint: 99800 ns, At safepoint: 6400 ns, Total: 106200 ns
[2020-09-10T07:57:44.126+0000][33444][safepoint    ] Safepoint "Cleanup", Time since last: 1000440300 ns, Reaching safepoint: 103900 ns, At safepoint: 6600 ns, Total: 110500 ns
[2020-09-10T07:57:45.127+0000][33444][safepoint    ] Safepoint "Cleanup", Time since last: 1000252000 ns, Reaching safepoint: 139400 ns, At safepoint: 6400 ns, Total: 145800 ns
[2020-09-10T07:57:46.127+0000][33444][safepoint    ] Safepoint "Cleanup", Time since last: 1000391800 ns, Reaching safepoint: 311600 ns, At safepoint: 22400 ns, Total: 334000 ns
[2020-09-10T07:57:47.129+0000][33444][safepoint    ] Safepoint "Cleanup", Time since last: 1001439300 ns, Reaching safepoint: 436800 ns, At safepoint: 32300 ns, Total: 469100 ns
[2020-09-10T07:57:48.131+0000][33444][safepoint    ] Safepoint "Cleanup", Time since last: 1001060400 ns, Reaching safepoint: 104500 ns, At safepoint: 3000 ns, Total: 107500 ns
[2020-09-10T07:57:49.131+0000][33444][safepoint    ] Safepoint "Cleanup", Time since last: 1000049700 ns, Reaching safepoint: 186300 ns, At safepoint: 9600 ns, Total: 195900 ns
[2020-09-10T07:57:50.131+0000][33444][safepoint    ] Safepoint "Cleanup", Time since last: 1000436500 ns, Reaching safepoint: 360500 ns, At safepoint: 24000 ns, Total: 384500 ns
[2020-09-10T07:57:51.132+0000][33444][safepoint    ] Safepoint "Cleanup", Time since last: 1000234000 ns, Reaching safepoint: 121400 ns, At safepoint: 5500 ns, Total: 126900 ns
[2020-09-10T07:57:52.132+0000][33444][safepoint    ] Safepoint "Cleanup", Time since last: 1000059200 ns, Reaching safepoint: 107900 ns, At safepoint: 6200 ns, Total: 114100 ns
[2020-09-10T07:57:53.133+0000][33444][safepoint    ] Safepoint "Cleanup", Time since last: 1000556300 ns, Reaching safepoint: 139000 ns, At safepoint: 8000 ns, Total: 147000 ns
[2020-09-10T07:57:55.133+0000][33444][safepoint    ] Safepoint "Cleanup", Time since last: 2000466900 ns, Reaching safepoint: 228300 ns, At safepoint: 10400 ns, Total: 238700 ns
[2020-09-10T07:57:56.134+0000][33444][safepoint    ] Safepoint "Cleanup", Time since last: 1000358400 ns, Reaching safepoint: 153900 ns, At safepoint: 9900 ns, Total: 163800 ns
[2020-09-10T07:57:58.135+0000][33444][safepoint    ] Safepoint "Cleanup", Time since last: 2000568000 ns, Reaching safepoint: 125400 ns, At safepoint: 4700 ns, Total: 130100 ns
[2020-09-10T07:57:59.135+0000][33444][safepoint    ] Safepoint "Cleanup", Time since last: 1000378900 ns, Reaching safepoint: 130200 ns, At safepoint: 5900 ns, Total: 136100 ns
[2020-09-10T07:58:00.136+0000][33444][safepoint    ] Safepoint "Cleanup", Time since last: 1000574600 ns, Reaching safepoint: 512900 ns, At safepoint: 55700 ns, Total: 568600 ns
[2020-09-10T07:58:01.140+0000][33444][safepoint    ] Safepoint "Cleanup", Time since last: 1003055100 ns, Reaching safepoint: 147600 ns, At safepoint: 6900 ns, Total: 154500 ns
[2020-09-10T07:58:02.140+0000][33444][safepoint    ] Safepoint "Cleanup", Time since last: 1000622100 ns, Reaching safepoint: 148700 ns, At safepoint: 10800 ns, Total: 159500 ns
[2020-09-10T07:58:04.141+0000][33444][safepoint    ] Safepoint "Cleanup", Time since last: 2000016800 ns, Reaching safepoint: 126600 ns, At safepoint: 6800 ns, Total: 133400 ns
[2020-09-10T07:58:05.141+0000][33444][safepoint    ] Safepoint "Cleanup", Time since last: 1000699100 ns, Reaching safepoint: 102400 ns, At safepoint: 5700 ns, Total: 108100 ns
[2020-09-10T07:58:06.142+0000][33444][safepoint    ] Safepoint "Cleanup", Time since last: 1000830200 ns, Reaching safepoint: 267400 ns, At safepoint: 17600 ns, Total: 285000 ns
[2020-09-10T07:58:07.143+0000][33444][safepoint    ] Safepoint "Cleanup", Time since last: 1000561400 ns, Reaching safepoint: 170300 ns, At safepoint: 8600 ns, Total: 178900 ns
[2020-09-10T07:58:08.144+0000][33444][safepoint    ] Safepoint "Cleanup", Time since last: 1000333800 ns, Reaching safepoint: 137900 ns, At safepoint: 10000 ns, Total: 147900 ns
[2020-09-10T07:58:10.144+0000][33444][safepoint    ] Safepoint "Cleanup", Time since last: 2000628100 ns, Reaching safepoint: 258100 ns, At safepoint: 8100 ns, Total: 266200 ns
[2020-09-10T07:58:12.145+0000][33444][safepoint    ] Safepoint "Cleanup", Time since last: 2000750800 ns, Reaching safepoint: 205600 ns, At safepoint: 9600 ns, Total: 215200 ns
[2020-09-10T07:58:13.146+0000][33444][safepoint    ] Safepoint "Cleanup", Time since last: 1000518600 ns, Reaching safepoint: 125900 ns, At safepoint: 2800 ns, Total: 128700 ns
[2020-09-10T07:58:14.147+0000][33444][safepoint    ] Safepoint "Cleanup", Time since last: 1000200100 ns, Reaching safepoint: 109100 ns, At safepoint: 7300 ns, Total: 116400 ns
[2020-09-10T07:58:16.147+0000][33444][safepoint    ] Safepoint "Cleanup", Time since last: 2000174700 ns, Reaching safepoint: 150100 ns, At safepoint: 17500 ns, Total: 167600 ns
[2020-09-10T07:58:17.147+0000][33444][safepoint    ] Safepoint "Cleanup", Time since last: 1000315600 ns, Reaching safepoint: 145900 ns, At safepoint: 23300 ns, Total: 169200 ns
[2020-09-10T07:58:18.148+0000][33444][safepoint    ] Safepoint "Cleanup", Time since last: 1000040500 ns, Reaching safepoint: 200300 ns, At safepoint: 8700 ns, Total: 209000 ns
[2020-09-10T07:58:20.148+0000][33444][safepoint    ] Safepoint "Cleanup", Time since last: 2000263900 ns, Reaching safepoint: 273300 ns, At safepoint: 15600 ns, Total: 288900 ns
[2020-09-10T07:58:21.148+0000][33444][safepoint    ] Safepoint "Cleanup", Time since last: 1000041200 ns, Reaching safepoint: 316300 ns, At safepoint: 21100 ns, Total: 337400 ns
[2020-09-10T07:58:23.149+0000][33444][safepoint    ] Safepoint "Cleanup", Time since last: 2000171400 ns, Reaching safepoint: 159900 ns, At safepoint: 9300 ns, Total: 169200 ns
[2020-09-10T07:58:24.149+0000][33444][safepoint    ] Safepoint "Cleanup", Time since last: 1000383000 ns, Reaching safepoint: 319200 ns, At safepoint: 27000 ns, Total: 346200 ns
[2020-09-10T07:58:26.150+0000][33444][safepoint    ] Safepoint "Cleanup", Time since last: 2000108200 ns, Reaching safepoint: 91200 ns, At safepoint: 3400 ns, Total: 94600 ns
[2020-09-10T07:58:28.151+0000][33444][safepoint    ] Safepoint "Cleanup", Time since last: 2001247600 ns, Reaching safepoint: 147900 ns, At safepoint: 6500 ns, Total: 154400 ns
[2020-09-10T07:58:30.151+0000][33444][safepoint    ] Safepoint "Cleanup", Time since last: 2000158600 ns, Reaching safepoint: 287800 ns, At safepoint: 28700 ns, Total: 316500 ns
[2020-09-10T07:58:31.152+0000][33444][safepoint    ] Safepoint "Cleanup", Time since last: 1000461200 ns, Reaching safepoint: 155900 ns, At safepoint: 3600 ns, Total: 159500 ns
[2020-09-10T07:58:32.153+0000][33444][safepoint    ] Safepoint "Cleanup", Time since last: 1000214500 ns, Reaching safepoint: 157300 ns, At safepoint: 9300 ns, Total: 166600 ns
[2020-09-10T07:58:33.154+0000][33444][safepoint    ] Safepoint "Cleanup", Time since last: 1000830400 ns, Reaching safepoint: 160400 ns, At safepoint: 8100 ns, Total: 168500 ns
[2020-09-10T07:58:34.154+0000][33444][safepoint    ] Safepoint "Cleanup", Time since last: 1000149400 ns, Reaching safepoint: 156000 ns, At safepoint: 3200 ns, Total: 159200 ns
[2020-09-10T07:58:35.154+0000][33444][safepoint    ] Safepoint "Cleanup", Time since last: 1000073700 ns, Reaching safepoint: 201400 ns, At safepoint: 13700 ns, Total: 215100 ns
[2020-09-10T07:58:36.155+0000][33444][safepoint    ] Safepoint "Cleanup", Time since last: 1000171800 ns, Reaching safepoint: 97900 ns, At safepoint: 8700 ns, Total: 106600 ns
[2020-09-10T07:58:37.155+0000][33444][safepoint    ] Safepoint "Cleanup", Time since last: 1000199500 ns, Reaching safepoint: 280100 ns, At safepoint: 16000 ns, Total: 296100 ns
[2020-09-10T07:58:38.156+0000][33444][safepoint    ] Safepoint "Cleanup", Time since last: 1000453400 ns, Reaching safepoint: 89500 ns, At safepoint: 2900 ns, Total: 92400 ns
[2020-09-10T07:58:39.156+0000][33444][safepoint    ] Safepoint "Cleanup", Time since last: 1000538400 ns, Reaching safepoint: 314400 ns, At safepoint: 19400 ns, Total: 333800 ns
[2020-09-10T07:58:41.079+0000][33444][safepoint    ] Safepoint "Cleanup", Time since last: 1922433500 ns, Reaching safepoint: 132700 ns, At safepoint: 6000 ns, Total: 138700 ns
[2020-09-10T07:58:42.081+0000][33444][safepoint    ] Safepoint "Cleanup", Time since last: 1001427200 ns, Reaching safepoint: 220600 ns, At safepoint: 8800 ns, Total: 229400 ns
[2020-09-10T07:58:44.082+0000][33444][safepoint    ] Safepoint "Cleanup", Time since last: 2000703200 ns, Reaching safepoint: 110200 ns, At safepoint: 7600 ns, Total: 117800 ns
[2020-09-10T07:58:46.082+0000][33444][safepoint    ] Safepoint "Cleanup", Time since last: 2000610200 ns, Reaching safepoint: 105000 ns, At safepoint: 7300 ns, Total: 112300 ns
[2020-09-10T07:58:48.083+0000][33444][safepoint    ] Safepoint "Cleanup", Time since last: 2000384600 ns, Reaching safepoint: 128700 ns, At safepoint: 4800 ns, Total: 133500 ns
[2020-09-10T07:58:49.084+0000][33444][safepoint    ] Safepoint "Cleanup", Time since last: 1000808300 ns, Reaching safepoint: 274200 ns, At safepoint: 16400 ns, Total: 290600 ns
[2020-09-10T07:58:50.084+0000][33444][safepoint    ] Safepoint "Cleanup", Time since last: 1000024800 ns, Reaching safepoint: 263800 ns, At safepoint: 8100 ns, Total: 271900 ns
[2020-09-10T07:58:52.084+0000][33444][safepoint    ] Safepoint "Cleanup", Time since last: 1999941100 ns, Reaching safepoint: 174600 ns, At safepoint: 7800 ns, Total: 182400 ns
[2020-09-10T07:58:53.085+0000][33444][safepoint    ] Safepoint "Cleanup", Time since last: 1001103800 ns, Reaching safepoint: 283200 ns, At safepoint: 22100 ns, Total: 305300 ns
[2020-09-10T07:58:54.086+0000][33444][safepoint    ] Safepoint "Cleanup", Time since last: 1000278000 ns, Reaching safepoint: 211800 ns, At safepoint: 8000 ns, Total: 219800 ns
[2020-09-10T07:58:55.087+0000][33444][safepoint    ] Safepoint "Cleanup", Time since last: 1000615400 ns, Reaching safepoint: 158500 ns, At safepoint: 11200 ns, Total: 169700 ns
[2020-09-10T07:58:56.088+0000][33444][safepoint    ] Safepoint "Cleanup", Time since last: 1000660100 ns, Reaching safepoint: 117400 ns, At safepoint: 7300 ns, Total: 124700 ns
[2020-09-10T07:58:57.089+0000][33444][safepoint    ] Safepoint "Cleanup", Time since last: 1000677000 ns, Reaching safepoint: 135000 ns, At safepoint: 3500 ns, Total: 138500 ns
[2020-09-10T07:58:58.089+0000][33444][safepoint    ] Safepoint "Cleanup", Time since last: 1000328300 ns, Reaching safepoint: 244500 ns, At safepoint: 13400 ns, Total: 257900 ns
[2020-09-10T07:58:59.090+0000][33444][safepoint    ] Safepoint "Cleanup", Time since last: 1000330900 ns, Reaching safepoint: 105700 ns, At safepoint: 6400 ns, Total: 112100 ns
[2020-09-10T07:59:00.090+0000][33444][safepoint    ] Safepoint "Cleanup", Time since last: 1000206400 ns, Reaching safepoint: 139700 ns, At safepoint: 5500 ns, Total: 145200 ns
[2020-09-10T07:59:01.091+0000][33444][safepoint    ] Safepoint "Cleanup", Time since last: 1001236800 ns, Reaching safepoint: 166300 ns, At safepoint: 9800 ns, Total: 176100 ns
[2020-09-10T07:59:02.092+0000][33444][safepoint    ] Safepoint "Cleanup", Time since last: 1000431900 ns, Reaching safepoint: 263800 ns, At safepoint: 17000 ns, Total: 280800 ns
[2020-09-10T07:59:03.092+0000][33444][safepoint    ] Safepoint "Cleanup", Time since last: 1000242700 ns, Reaching safepoint: 481600 ns, At safepoint: 21300 ns, Total: 502900 ns
[2020-09-10T07:59:04.093+0000][33444][safepoint    ] Safepoint "Cleanup", Time since last: 1000463400 ns, Reaching safepoint: 282000 ns, At safepoint: 105400 ns, Total: 387400 ns
[2020-09-10T07:59:05.094+0000][33444][safepoint    ] Safepoint "Cleanup", Time since last: 1000512000 ns, Reaching safepoint: 364000 ns, At safepoint: 166100 ns, Total: 530100 ns
[2020-09-10T07:59:06.096+0000][33444][safepoint    ] Safepoint "Cleanup", Time since last: 1001233000 ns, Reaching safepoint: 180200 ns, At safepoint: 10500 ns, Total: 190700 ns
[2020-09-10T07:59:07.097+0000][33444][safepoint    ] Safepoint "Cleanup", Time since last: 1000544900 ns, Reaching safepoint: 96500 ns, At safepoint: 3600 ns, Total: 100100 ns
[2020-09-10T07:59:08.340+0000][33444][safepoint    ] Safepoint "Cleanup", Time since last: 1243323900 ns, Reaching safepoint: 175600 ns, At safepoint: 13000 ns, Total: 188600 ns
[2020-09-10T07:59:09.341+0000][33444][safepoint    ] Safepoint "Cleanup", Time since last: 1000198000 ns, Reaching safepoint: 381300 ns, At safepoint: 38300 ns, Total: 419600 ns
[2020-09-10T07:59:10.342+0000][33444][safepoint    ] Safepoint "Cleanup", Time since last: 1000617100 ns, Reaching safepoint: 89200 ns, At safepoint: 5900 ns, Total: 95100 ns
[2020-09-10T07:59:11.342+0000][33444][safepoint    ] Safepoint "Cleanup", Time since last: 1000709300 ns, Reaching safepoint: 142400 ns, At safepoint: 8500 ns, Total: 150900 ns
[2020-09-10T07:59:13.343+0000][33444][safepoint    ] Safepoint "Cleanup", Time since last: 1999934900 ns, Reaching safepoint: 248700 ns, At safepoint: 13600 ns, Total: 262300 ns
[2020-09-10T07:59:14.344+0000][33444][safepoint    ] Safepoint "Cleanup", Time since last: 1000716300 ns, Reaching safepoint: 113700 ns, At safepoint: 3900 ns, Total: 117600 ns
[2020-09-10T07:59:15.344+0000][33444][safepoint    ] Safepoint "Cleanup", Time since last: 1000621200 ns, Reaching safepoint: 149200 ns, At safepoint: 4900 ns, Total: 154100 ns
[2020-09-10T07:59:16.345+0000][33444][safepoint    ] Safepoint "Cleanup", Time since last: 1000165600 ns, Reaching safepoint: 210900 ns, At safepoint: 12400 ns, Total: 223300 ns
[2020-09-10T07:59:18.345+0000][33444][safepoint    ] Safepoint "Cleanup", Time since last: 2000537700 ns, Reaching safepoint: 80300 ns, At safepoint: 2200 ns, Total: 82500 ns
[2020-09-10T07:59:19.346+0000][33444][safepoint    ] Safepoint "Cleanup", Time since last: 1000439300 ns, Reaching safepoint: 103900 ns, At safepoint: 3500 ns, Total: 107400 ns
[2020-09-10T07:59:20.346+0000][33444][safepoint    ] Safepoint "Cleanup", Time since last: 1000264200 ns, Reaching safepoint: 108800 ns, At safepoint: 3300 ns, Total: 112100 ns
[2020-09-10T07:59:21.347+0000][33444][safepoint    ] Safepoint "Cleanup", Time since last: 1000592400 ns, Reaching safepoint: 194300 ns, At safepoint: 25100 ns, Total: 219400 ns
[2020-09-10T07:59:22.347+0000][33444][safepoint    ] Safepoint "Cleanup", Time since last: 1000089400 ns, Reaching safepoint: 153500 ns, At safepoint: 7900 ns, Total: 161400 ns
[2020-09-10T07:59:23.348+0000][33444][safepoint    ] Safepoint "Cleanup", Time since last: 1000756500 ns, Reaching safepoint: 346400 ns, At safepoint: 24200 ns, Total: 370600 ns
[2020-09-10T07:59:24.349+0000][33444][safepoint    ] Safepoint "Cleanup", Time since last: 1000566000 ns, Reaching safepoint: 132500 ns, At safepoint: 7100 ns, Total: 139600 ns
[2020-09-10T07:59:25.349+0000][33444][safepoint    ] Safepoint "Cleanup", Time since last: 1000051600 ns, Reaching safepoint: 156000 ns, At safepoint: 7600 ns, Total: 163600 ns
[2020-09-10T07:59:26.350+0000][33444][safepoint    ] Safepoint "Cleanup", Time since last: 1000816700 ns, Reaching safepoint: 206700 ns, At safepoint: 14600 ns, Total: 221300 ns
[2020-09-10T07:59:27.351+0000][33444][safepoint    ] Safepoint "Cleanup", Time since last: 1000539200 ns, Reaching safepoint: 231700 ns, At safepoint: 8600 ns, Total: 240300 ns
[2020-09-10T07:59:29.352+0000][33444][safepoint    ] Safepoint "Cleanup", Time since last: 2000350200 ns, Reaching safepoint: 173500 ns, At safepoint: 6000 ns, Total: 179500 ns
[2020-09-10T07:59:30.352+0000][33444][safepoint    ] Safepoint "Cleanup", Time since last: 1000630600 ns, Reaching safepoint: 114500 ns, At safepoint: 8400 ns, Total: 122900 ns
[2020-09-10T07:59:31.353+0000][33444][safepoint    ] Safepoint "Cleanup", Time since last: 1000432800 ns, Reaching safepoint: 173600 ns, At safepoint: 8300 ns, Total: 181900 ns
[2020-09-10T07:59:32.354+0000][33444][safepoint    ] Safepoint "Cleanup", Time since last: 1000609600 ns, Reaching safepoint: 232500 ns, At safepoint: 13600 ns, Total: 246100 ns
[2020-09-10T07:59:33.354+0000][33444][safepoint    ] Safepoint "Cleanup", Time since last: 1000169400 ns, Reaching safepoint: 111100 ns, At safepoint: 6500 ns, Total: 117600 ns
[2020-09-10T07:59:34.355+0000][33444][safepoint    ] Safepoint "Cleanup", Time since last: 1000378700 ns, Reaching safepoint: 138400 ns, At safepoint: 9400 ns, Total: 147800 ns
[2020-09-10T07:59:35.355+0000][33444][safepoint    ] Safepoint "Cleanup", Time since last: 1000070600 ns, Reaching safepoint: 137900 ns, At safepoint: 3900 ns, Total: 141800 ns
[2020-09-10T07:59:36.355+0000][33444][safepoint    ] Safepoint "Cleanup", Time since last: 1000349400 ns, Reaching safepoint: 83600 ns, At safepoint: 2400 ns, Total: 86000 ns
[2020-09-10T07:59:38.346+0000][33444][safepoint    ] Safepoint "Cleanup", Time since last: 1990734400 ns, Reaching safepoint: 129300 ns, At safepoint: 8800 ns, Total: 138100 ns
[2020-09-10T07:59:39.347+0000][33444][safepoint    ] Safepoint "Cleanup", Time since last: 1000738200 ns, Reaching safepoint: 103600 ns, At safepoint: 7800 ns, Total: 111400 ns
[2020-09-10T07:59:40.348+0000][33444][safepoint    ] Safepoint "Cleanup", Time since last: 1000605900 ns, Reaching safepoint: 121200 ns, At safepoint: 8400 ns, Total: 129600 ns
[2020-09-10T07:59:41.348+0000][33444][safepoint    ] Safepoint "Cleanup", Time since last: 1000483800 ns, Reaching safepoint: 127900 ns, At safepoint: 6900 ns, Total: 134800 ns
[2020-09-10T07:59:42.349+0000][33444][safepoint    ] Safepoint "Cleanup", Time since last: 1000565800 ns, Reaching safepoint: 178800 ns, At safepoint: 27000 ns, Total: 205800 ns
[2020-09-10T07:59:44.350+0000][33444][safepoint    ] Safepoint "Cleanup", Time since last: 2000276600 ns, Reaching safepoint: 130100 ns, At safepoint: 7600 ns, Total: 137700 ns
[2020-09-10T07:59:45.351+0000][33444][safepoint    ] Safepoint "Cleanup", Time since last: 1000739200 ns, Reaching safepoint: 103400 ns, At safepoint: 7400 ns, Total: 110800 ns
[2020-09-10T07:59:46.351+0000][33444][safepoint    ] Safepoint "Cleanup", Time since last: 1000856200 ns, Reaching safepoint: 268800 ns, At safepoint: 19600 ns, Total: 288400 ns
[2020-09-10T07:59:48.352+0000][33444][safepoint    ] Safepoint "Cleanup", Time since last: 2000417600 ns, Reaching safepoint: 122700 ns, At safepoint: 9000 ns, Total: 131700 ns
[2020-09-10T07:59:49.353+0000][33444][safepoint    ] Safepoint "Cleanup", Time since last: 1000399800 ns, Reaching safepoint: 144500 ns, At safepoint: 22500 ns, Total: 167000 ns
[2020-09-10T07:59:50.353+0000][33444][safepoint    ] Safepoint "Cleanup", Time since last: 1000059300 ns, Reaching safepoint: 141500 ns, At safepoint: 6000 ns, Total: 147500 ns
[2020-09-10T07:59:52.353+0000][33444][safepoint    ] Safepoint "Cleanup", Time since last: 2000391800 ns, Reaching safepoint: 125900 ns, At safepoint: 7900 ns, Total: 133800 ns
[2020-09-10T07:59:54.354+0000][33444][safepoint    ] Safepoint "Cleanup", Time since last: 2000186500 ns, Reaching safepoint: 130200 ns, At safepoint: 6800 ns, Total: 137000 ns
[2020-09-10T07:59:56.354+0000][33444][safepoint    ] Safepoint "Cleanup", Time since last: 2000136000 ns, Reaching safepoint: 279200 ns, At safepoint: 15600 ns, Total: 294800 ns
[2020-09-10T07:59:57.355+0000][33444][safepoint    ] Safepoint "Cleanup", Time since last: 1000382500 ns, Reaching safepoint: 98000 ns, At safepoint: 4900 ns, Total: 102900 ns
[2020-09-10T07:59:58.355+0000][33444][safepoint    ] Safepoint "Cleanup", Time since last: 1000637100 ns, Reaching safepoint: 238200 ns, At safepoint: 7300 ns, Total: 245500 ns
[2020-09-10T07:59:59.356+0000][33444][safepoint    ] Safepoint "Cleanup", Time since last: 1000641800 ns, Reaching safepoint: 254000 ns, At safepoint: 15600 ns, Total: 269600 ns
[2020-09-10T08:00:00.357+0000][33444][safepoint    ] Safepoint "Cleanup", Time since last: 1000135000 ns, Reaching safepoint: 464700 ns, At safepoint: 49500 ns, Total: 514200 ns
[2020-09-10T08:00:01.358+0000][33444][safepoint    ] Safepoint "Cleanup", Time since last: 1000436200 ns, Reaching safepoint: 112800 ns, At safepoint: 9600 ns, Total: 122400 ns
[2020-09-10T08:00:02.358+0000][33444][safepoint    ] Safepoint "Cleanup", Time since last: 1000204000 ns, Reaching safepoint: 140800 ns, At safepoint: 6100 ns, Total: 146900 ns
[2020-09-10T08:00:03.359+0000][33444][safepoint    ] Safepoint "Cleanup", Time since last: 1000682800 ns, Reaching safepoint: 120700 ns, At safepoint: 8000 ns, Total: 128700 ns
[2020-09-10T08:00:05.360+0000][33444][safepoint    ] Safepoint "Cleanup", Time since last: 2000657200 ns, Reaching safepoint: 287000 ns, At safepoint: 19800 ns, Total: 306800 ns
[2020-09-10T08:00:06.360+0000][33444][safepoint    ] Safepoint "Cleanup", Time since last: 1000305100 ns, Reaching safepoint: 105500 ns, At safepoint: 6500 ns, Total: 112000 ns
[2020-09-10T08:00:07.361+0000][33444][safepoint    ] Safepoint "Cleanup", Time since last: 1000465000 ns, Reaching safepoint: 117200 ns, At safepoint: 6600 ns, Total: 123800 ns
[2020-09-10T08:00:08.361+0000][33444][safepoint    ] Safepoint "Cleanup", Time since last: 1000236000 ns, Reaching safepoint: 111700 ns, At safepoint: 3800 ns, Total: 115500 ns
[2020-09-10T08:00:09.361+0000][33444][safepoint    ] Safepoint "Cleanup", Time since last: 1000154000 ns, Reaching safepoint: 92300 ns, At safepoint: 5900 ns, Total: 98200 ns
[2020-09-10T08:00:10.362+0000][33444][safepoint    ] Safepoint "Cleanup", Time since last: 1000350500 ns, Reaching safepoint: 203000 ns, At safepoint: 7500 ns, Total: 210500 ns
[2020-09-10T08:00:12.363+0000][33444][safepoint    ] Safepoint "Cleanup", Time since last: 2000798700 ns, Reaching safepoint: 468600 ns, At safepoint: 32800 ns, Total: 501400 ns
[2020-09-10T08:00:13.364+0000][33444][safepoint    ] Safepoint "Cleanup", Time since last: 1000315300 ns, Reaching safepoint: 292800 ns, At safepoint: 16100 ns, Total: 308900 ns
[2020-09-10T08:00:14.365+0000][33444][safepoint    ] Safepoint "Cleanup", Time since last: 1000791100 ns, Reaching safepoint: 268700 ns, At safepoint: 8600 ns, Total: 277300 ns
[2020-09-10T08:00:15.365+0000][33444][safepoint    ] Safepoint "Cleanup", Time since last: 1000414800 ns, Reaching safepoint: 318700 ns, At safepoint: 21000 ns, Total: 339700 ns
[2020-09-10T08:00:16.366+0000][33444][safepoint    ] Safepoint "Cleanup", Time since last: 1000236400 ns, Reaching safepoint: 114000 ns, At safepoint: 6800 ns, Total: 120800 ns
[2020-09-10T08:00:17.366+0000][33444][safepoint    ] Safepoint "Cleanup", Time since last: 1000237400 ns, Reaching safepoint: 133900 ns, At safepoint: 4700 ns, Total: 138600 ns
[2020-09-10T08:00:19.367+0000][33444][safepoint    ] Safepoint "Cleanup", Time since last: 2000023800 ns, Reaching safepoint: 120400 ns, At safepoint: 6400 ns, Total: 126800 ns
[2020-09-10T08:00:20.367+0000][33444][safepoint    ] Safepoint "Cleanup", Time since last: 1000002700 ns, Reaching safepoint: 168100 ns, At safepoint: 24300 ns, Total: 192400 ns
[2020-09-10T08:00:21.368+0000][33444][safepoint    ] Safepoint "Cleanup", Time since last: 1000674200 ns, Reaching safepoint: 153100 ns, At safepoint: 7700 ns, Total: 160800 ns
[2020-09-10T08:00:22.368+0000][33444][safepoint    ] Safepoint "Cleanup", Time since last: 1000587300 ns, Reaching safepoint: 221200 ns, At safepoint: 12400 ns, Total: 233600 ns
[2020-09-10T08:00:23.369+0000][33444][safepoint    ] Safepoint "Cleanup", Time since last: 1000732300 ns, Reaching safepoint: 116400 ns, At safepoint: 6100 ns, Total: 122500 ns
[2020-09-10T08:00:24.370+0000][33444][safepoint    ] Safepoint "Cleanup", Time since last: 1000792300 ns, Reaching safepoint: 82500 ns, At safepoint: 2300 ns, Total: 84800 ns
[2020-09-10T08:00:25.371+0000][33444][safepoint    ] Safepoint "Cleanup", Time since last: 1000420000 ns, Reaching safepoint: 440600 ns, At safepoint: 39300 ns, Total: 479900 ns
[2020-09-10T08:00:26.371+0000][33444][safepoint    ] Safepoint "Cleanup", Time since last: 1000252200 ns, Reaching safepoint: 209000 ns, At safepoint: 8700 ns, Total: 217700 ns
[2020-09-10T08:00:27.372+0000][33444][safepoint    ] Safepoint "Cleanup", Time since last: 1000797000 ns, Reaching safepoint: 325900 ns, At safepoint: 23900 ns, Total: 349800 ns
[2020-09-10T08:00:28.373+0000][33444][safepoint    ] Safepoint "Cleanup", Time since last: 1000561300 ns, Reaching safepoint: 290400 ns, At safepoint: 19200 ns, Total: 309600 ns
[2020-09-10T08:00:29.374+0000][33444][safepoint    ] Safepoint "Cleanup", Time since last: 1000424400 ns, Reaching safepoint: 87400 ns, At safepoint: 3200 ns, Total: 90600 ns
[2020-09-10T08:00:30.375+0000][33444][safepoint    ] Safepoint "Cleanup", Time since last: 1000384600 ns, Reaching safepoint: 133000 ns, At safepoint: 7500 ns, Total: 140500 ns
[2020-09-10T08:00:32.376+0000][33444][safepoint    ] Safepoint "Cleanup", Time since last: 2000944500 ns, Reaching safepoint: 228000 ns, At safepoint: 12600 ns, Total: 240600 ns
[2020-09-10T08:00:33.376+0000][33444][safepoint    ] Safepoint "Cleanup", Time since last: 1000208400 ns, Reaching safepoint: 184400 ns, At safepoint: 13900 ns, Total: 198300 ns
[2020-09-10T08:00:35.376+0000][33444][safepoint    ] Safepoint "Cleanup", Time since last: 2000048500 ns, Reaching safepoint: 424900 ns, At safepoint: 27200 ns, Total: 452100 ns
[2020-09-10T08:00:37.024+0000][33444][safepoint    ] Safepoint "Cleanup", Time since last: 1647400800 ns, Reaching safepoint: 179900 ns, At safepoint: 7500 ns, Total: 187400 ns
[2020-09-10T08:00:39.024+0000][33444][safepoint    ] Safepoint "Cleanup", Time since last: 2000007600 ns, Reaching safepoint: 135400 ns, At safepoint: 6400 ns, Total: 141800 ns
[2020-09-10T08:00:40.025+0000][33444][safepoint    ] Safepoint "Cleanup", Time since last: 1000838500 ns, Reaching safepoint: 103200 ns, At safepoint: 2900 ns, Total: 106100 ns
[2020-09-10T08:00:41.026+0000][33444][safepoint    ] Safepoint "Cleanup", Time since last: 1000145100 ns, Reaching safepoint: 175500 ns, At safepoint: 9200 ns, Total: 184700 ns
[2020-09-10T08:00:43.026+0000][33444][safepoint    ] Safepoint "Cleanup", Time since last: 2000555200 ns, Reaching safepoint: 253400 ns, At safepoint: 10300 ns, Total: 263700 ns
[2020-09-10T08:00:44.027+0000][33444][safepoint    ] Safepoint "Cleanup", Time since last: 1000203800 ns, Reaching safepoint: 268700 ns, At safepoint: 15000 ns, Total: 283700 ns
[2020-09-10T08:00:45.027+0000][33444][safepoint    ] Safepoint "Cleanup", Time since last: 1000363800 ns, Reaching safepoint: 207900 ns, At safepoint: 10000 ns, Total: 217900 ns
[2020-09-10T08:00:47.028+0000][33444][safepoint    ] Safepoint "Cleanup", Time since last: 2000370200 ns, Reaching safepoint: 269400 ns, At safepoint: 17300 ns, Total: 286700 ns
[2020-09-10T08:00:48.029+0000][33444][safepoint    ] Safepoint "Cleanup", Time since last: 1000650500 ns, Reaching safepoint: 331800 ns, At safepoint: 22800 ns, Total: 354600 ns
[2020-09-10T08:00:50.030+0000][33444][safepoint    ] Safepoint "Cleanup", Time since last: 2000597700 ns, Reaching safepoint: 142100 ns, At safepoint: 5700 ns, Total: 147800 ns
[2020-09-10T08:00:51.030+0000][33444][safepoint    ] Safepoint "Cleanup", Time since last: 1000188200 ns, Reaching safepoint: 133100 ns, At safepoint: 4900 ns, Total: 138000 ns
[2020-09-10T08:00:52.031+0000][33444][safepoint    ] Safepoint "Cleanup", Time since last: 1000671700 ns, Reaching safepoint: 240900 ns, At safepoint: 12000 ns, Total: 252900 ns
[2020-09-10T08:00:53.032+0000][33444][safepoint    ] Safepoint "Cleanup", Time since last: 1000626500 ns, Reaching safepoint: 258900 ns, At safepoint: 52600 ns, Total: 311500 ns
[2020-09-10T08:00:55.032+0000][33444][safepoint    ] Safepoint "Cleanup", Time since last: 1999902700 ns, Reaching safepoint: 127900 ns, At safepoint: 9800 ns, Total: 137700 ns
[2020-09-10T08:00:57.033+0000][33444][safepoint    ] Safepoint "Cleanup", Time since last: 2000294200 ns, Reaching safepoint: 181700 ns, At safepoint: 7100 ns, Total: 188800 ns
[2020-09-10T08:00:58.033+0000][33444][safepoint    ] Safepoint "Cleanup", Time since last: 1000640800 ns, Reaching safepoint: 443500 ns, At safepoint: 23300 ns, Total: 466800 ns
[2020-09-10T08:00:59.034+0000][33444][safepoint    ] Safepoint "Cleanup", Time since last: 1000243600 ns, Reaching safepoint: 111500 ns, At safepoint: 6100 ns, Total: 117600 ns
[2020-09-10T08:01:00.035+0000][33444][safepoint    ] Safepoint "Cleanup", Time since last: 1000210700 ns, Reaching safepoint: 102800 ns, At safepoint: 7300 ns, Total: 110100 ns
[2020-09-10T08:01:01.035+0000][33444][safepoint    ] Safepoint "Cleanup", Time since last: 1000065300 ns, Reaching safepoint: 98500 ns, At safepoint: 5300 ns, Total: 103800 ns
[2020-09-10T08:01:02.035+0000][33444][safepoint    ] Safepoint "Cleanup", Time since last: 1000157300 ns, Reaching safepoint: 211000 ns, At safepoint: 13900 ns, Total: 224900 ns
[2020-09-10T08:01:03.036+0000][33444][safepoint    ] Safepoint "Cleanup", Time since last: 1000374300 ns, Reaching safepoint: 184500 ns, At safepoint: 5300 ns, Total: 189800 ns
[2020-09-10T08:01:04.036+0000][33444][safepoint    ] Safepoint "Cleanup", Time since last: 1000546700 ns, Reaching safepoint: 428600 ns, At safepoint: 25000 ns, Total: 453600 ns
[2020-09-10T08:01:05.037+0000][33444][safepoint    ] Safepoint "Cleanup", Time since last: 1000626500 ns, Reaching safepoint: 151300 ns, At safepoint: 5600 ns, Total: 156900 ns
[2020-09-10T08:01:06.038+0000][33444][safepoint    ] Safepoint "Cleanup", Time since last: 1000749500 ns, Reaching safepoint: 132000 ns, At safepoint: 6300 ns, Total: 138300 ns
[2020-09-10T08:01:07.039+0000][33444][safepoint    ] Safepoint "Cleanup", Time since last: 1000415400 ns, Reaching safepoint: 157400 ns, At safepoint: 22800 ns, Total: 180200 ns
[2020-09-10T08:01:08.039+0000][33444][safepoint    ] Safepoint "Cleanup", Time since last: 1000244400 ns, Reaching safepoint: 136900 ns, At safepoint: 6500 ns, Total: 143400 ns
[2020-09-10T08:01:10.040+0000][33444][safepoint    ] Safepoint "Cleanup", Time since last: 2000633100 ns, Reaching safepoint: 137200 ns, At safepoint: 26300 ns, Total: 163500 ns
[2020-09-10T08:01:12.041+0000][33444][safepoint    ] Safepoint "Cleanup", Time since last: 2000529100 ns, Reaching safepoint: 442700 ns, At safepoint: 26200 ns, Total: 468900 ns
[2020-09-10T08:01:13.042+0000][33444][safepoint    ] Safepoint "Cleanup", Time since last: 1001346200 ns, Reaching safepoint: 434200 ns, At safepoint: 28800 ns, Total: 463000 ns
[2020-09-10T08:01:14.044+0000][33444][safepoint    ] Safepoint "Cleanup", Time since last: 1000571700 ns, Reaching safepoint: 173000 ns, At safepoint: 10500 ns, Total: 183500 ns
[2020-09-10T08:01:15.044+0000][33444][safepoint    ] Safepoint "Cleanup", Time since last: 1000105700 ns, Reaching safepoint: 144700 ns, At safepoint: 12300 ns, Total: 157000 ns
[2020-09-10T08:01:16.044+0000][33444][safepoint    ] Safepoint "Cleanup", Time since last: 1000241400 ns, Reaching safepoint: 179700 ns, At safepoint: 10500 ns, Total: 190200 ns
[2020-09-10T08:01:17.045+0000][33444][safepoint    ] Safepoint "Cleanup", Time since last: 1000307100 ns, Reaching safepoint: 503800 ns, At safepoint: 17700 ns, Total: 521500 ns
[2020-09-10T08:01:18.046+0000][33444][safepoint    ] Safepoint "Cleanup", Time since last: 1000362300 ns, Reaching safepoint: 142400 ns, At safepoint: 5200 ns, Total: 147600 ns
[2020-09-10T08:01:19.046+0000][33444][safepoint    ] Safepoint "Cleanup", Time since last: 1000047000 ns, Reaching safepoint: 129100 ns, At safepoint: 10700 ns, Total: 139800 ns
[2020-09-10T08:01:20.046+0000][33444][safepoint    ] Safepoint "Cleanup", Time since last: 1000439400 ns, Reaching safepoint: 187800 ns, At safepoint: 18000 ns, Total: 205800 ns
[2020-09-10T08:01:21.047+0000][33444][safepoint    ] Safepoint "Cleanup", Time since last: 1000731100 ns, Reaching safepoint: 168400 ns, At safepoint: 6600 ns, Total: 175000 ns
[2020-09-10T08:01:22.048+0000][33444][safepoint    ] Safepoint "Cleanup", Time since last: 1000336500 ns, Reaching safepoint: 151300 ns, At safepoint: 5800 ns, Total: 157100 ns
[2020-09-10T08:01:23.048+0000][33444][safepoint    ] Safepoint "Cleanup", Time since last: 1000062500 ns, Reaching safepoint: 456000 ns, At safepoint: 38200 ns, Total: 494200 ns
[2020-09-10T08:01:24.049+0000][33444][safepoint    ] Safepoint "Cleanup", Time since last: 1000466000 ns, Reaching safepoint: 141600 ns, At safepoint: 8500 ns, Total: 150100 ns
[2020-09-10T08:01:25.050+0000][33444][safepoint    ] Safepoint "Cleanup", Time since last: 1000469600 ns, Reaching safepoint: 148100 ns, At safepoint: 5500 ns, Total: 153600 ns
[2020-09-10T08:01:26.050+0000][33444][safepoint    ] Safepoint "Cleanup", Time since last: 1000248800 ns, Reaching safepoint: 248900 ns, At safepoint: 13700 ns, Total: 262600 ns
[2020-09-10T08:01:28.051+0000][33444][safepoint    ] Safepoint "Cleanup", Time since last: 2001116200 ns, Reaching safepoint: 173400 ns, At safepoint: 31700 ns, Total: 205100 ns
[2020-09-10T08:01:29.052+0000][33444][safepoint    ] Safepoint "Cleanup", Time since last: 1000520700 ns, Reaching safepoint: 93900 ns, At safepoint: 3800 ns, Total: 97700 ns
[2020-09-10T08:01:30.053+0000][33444][safepoint    ] Safepoint "Cleanup", Time since last: 1000800000 ns, Reaching safepoint: 121800 ns, At safepoint: 5000 ns, Total: 126800 ns
[2020-09-10T08:01:31.054+0000][33444][safepoint    ] Safepoint "Cleanup", Time since last: 1001183400 ns, Reaching safepoint: 273800 ns, At safepoint: 16600 ns, Total: 290400 ns
[2020-09-10T08:01:32.055+0000][33444][safepoint    ] Safepoint "Cleanup", Time since last: 1000564400 ns, Reaching safepoint: 107900 ns, At safepoint: 7600 ns, Total: 115500 ns
[2020-09-10T08:01:33.056+0000][33444][safepoint    ] Safepoint "Cleanup", Time since last: 1000218300 ns, Reaching safepoint: 132200 ns, At safepoint: 3600 ns, Total: 135800 ns
[2020-09-10T08:01:34.056+0000][33444][safepoint    ] Safepoint "Cleanup", Time since last: 1000020100 ns, Reaching safepoint: 140600 ns, At safepoint: 3100 ns, Total: 143700 ns
[2020-09-10T08:01:35.057+0000][33444][safepoint    ] Safepoint "Cleanup", Time since last: 1001058300 ns, Reaching safepoint: 142000 ns, At safepoint: 10800 ns, Total: 152800 ns
[2020-09-10T08:01:36.057+0000][33444][safepoint    ] Safepoint "Cleanup", Time since last: 1000157600 ns, Reaching safepoint: 226200 ns, At safepoint: 14100 ns, Total: 240300 ns
[2020-09-10T08:01:37.058+0000][33444][safepoint    ] Safepoint "Cleanup", Time since last: 1000713200 ns, Reaching safepoint: 188200 ns, At safepoint: 9900 ns, Total: 198100 ns
[2020-09-10T08:01:38.059+0000][33444][safepoint    ] Safepoint "Cleanup", Time since last: 1000575700 ns, Reaching safepoint: 213800 ns, At safepoint: 16900 ns, Total: 230700 ns
[2020-09-10T08:01:39.060+0000][33444][safepoint    ] Safepoint "Cleanup", Time since last: 1000648800 ns, Reaching safepoint: 599000 ns, At safepoint: 72200 ns, Total: 671200 ns
[2020-09-10T08:01:40.062+0000][33444][safepoint    ] Safepoint "Cleanup", Time since last: 1001112200 ns, Reaching safepoint: 98300 ns, At safepoint: 5700 ns, Total: 104000 ns
[2020-09-10T08:01:41.063+0000][33444][safepoint    ] Safepoint "Cleanup", Time since last: 1001024900 ns, Reaching safepoint: 164400 ns, At safepoint: 11600 ns, Total: 176000 ns
[2020-09-10T08:01:42.063+0000][33444][safepoint    ] Safepoint "Cleanup", Time since last: 1000120800 ns, Reaching safepoint: 154800 ns, At safepoint: 5300 ns, Total: 160100 ns
[2020-09-10T08:01:43.063+0000][33444][safepoint    ] Safepoint "Cleanup", Time since last: 1000277200 ns, Reaching safepoint: 228400 ns, At safepoint: 7100 ns, Total: 235500 ns
[2020-09-10T08:01:44.064+0000][33444][safepoint    ] Safepoint "Cleanup", Time since last: 1000511200 ns, Reaching safepoint: 143700 ns, At safepoint: 3000 ns, Total: 146700 ns
[2020-09-10T08:01:46.065+0000][33444][safepoint    ] Safepoint "Cleanup", Time since last: 2000932700 ns, Reaching safepoint: 184000 ns, At safepoint: 6900 ns, Total: 190900 ns
[2020-09-10T08:01:47.066+0000][33444][safepoint    ] Safepoint "Cleanup", Time since last: 1000534700 ns, Reaching safepoint: 110500 ns, At safepoint: 6500 ns, Total: 117000 ns
[2020-09-10T08:01:48.067+0000][33444][safepoint    ] Safepoint "Cleanup", Time since last: 1000783900 ns, Reaching safepoint: 150900 ns, At safepoint: 10000 ns, Total: 160900 ns
[2020-09-10T08:01:49.068+0000][33444][safepoint    ] Safepoint "Cleanup", Time since last: 1000941900 ns, Reaching safepoint: 313300 ns, At safepoint: 22800 ns, Total: 336100 ns
[2020-09-10T08:01:50.069+0000][33444][safepoint    ] Safepoint "Cleanup", Time since last: 1000628400 ns, Reaching safepoint: 184900 ns, At safepoint: 60900 ns, Total: 245800 ns
[2020-09-10T08:01:51.070+0000][33444][safepoint    ] Safepoint "Cleanup", Time since last: 1000596200 ns, Reaching safepoint: 162600 ns, At safepoint: 7000 ns, Total: 169600 ns
[2020-09-10T08:01:52.070+0000][33444][safepoint    ] Safepoint "Cleanup", Time since last: 1000214000 ns, Reaching safepoint: 140500 ns, At safepoint: 9900 ns, Total: 150400 ns
[2020-09-10T08:01:53.071+0000][33444][safepoint    ] Safepoint "Cleanup", Time since last: 1000554800 ns, Reaching safepoint: 446700 ns, At safepoint: 33400 ns, Total: 480100 ns
[2020-09-10T08:01:54.885+0000][33444][safepoint    ] Safepoint "Cleanup", Time since last: 1813499300 ns, Reaching safepoint: 232100 ns, At safepoint: 12900 ns, Total: 245000 ns
[2020-09-10T08:01:55.885+0000][33444][safepoint    ] Safepoint "Cleanup", Time since last: 1000133700 ns, Reaching safepoint: 149800 ns, At safepoint: 3400 ns, Total: 153200 ns
[2020-09-10T08:01:56.885+0000][33444][safepoint    ] Safepoint "Cleanup", Time since last: 1000074500 ns, Reaching safepoint: 266800 ns, At safepoint: 17900 ns, Total: 284700 ns
[2020-09-10T08:01:57.887+0000][33444][safepoint    ] Safepoint "Cleanup", Time since last: 1000805800 ns, Reaching safepoint: 179000 ns, At safepoint: 6500 ns, Total: 185500 ns
[2020-09-10T08:01:58.887+0000][33444][safepoint    ] Safepoint "Cleanup", Time since last: 1000240200 ns, Reaching safepoint: 387100 ns, At safepoint: 25400 ns, Total: 412500 ns
[2020-09-10T08:01:59.888+0000][33444][safepoint    ] Safepoint "Cleanup", Time since last: 1000344800 ns, Reaching safepoint: 112400 ns, At safepoint: 5800 ns, Total: 118200 ns
[2020-09-10T08:02:00.888+0000][33444][safepoint    ] Safepoint "Cleanup", Time since last: 1000326700 ns, Reaching safepoint: 252300 ns, At safepoint: 13300 ns, Total: 265600 ns
[2020-09-10T08:02:01.889+0000][33444][safepoint    ] Safepoint "Cleanup", Time since last: 1000373700 ns, Reaching safepoint: 157800 ns, At safepoint: 8400 ns, Total: 166200 ns
[2020-09-10T08:02:03.890+0000][33444][safepoint    ] Safepoint "Cleanup", Time since last: 2000562000 ns, Reaching safepoint: 156000 ns, At safepoint: 9400 ns, Total: 165400 ns
[2020-09-10T08:02:04.890+0000][33444][safepoint    ] Safepoint "Cleanup", Time since last: 1000490900 ns, Reaching safepoint: 191600 ns, At safepoint: 7300 ns, Total: 198900 ns
[2020-09-10T08:02:05.891+0000][33444][safepoint    ] Safepoint "Cleanup", Time since last: 1000706400 ns, Reaching safepoint: 208900 ns, At safepoint: 15000 ns, Total: 223900 ns
[2020-09-10T08:02:06.891+0000][33444][safepoint    ] Safepoint "Cleanup", Time since last: 1000134100 ns, Reaching safepoint: 134700 ns, At safepoint: 5000 ns, Total: 139700 ns
[2020-09-10T08:02:07.892+0000][33444][safepoint    ] Safepoint "Cleanup", Time since last: 1000275100 ns, Reaching safepoint: 159900 ns, At safepoint: 12800 ns, Total: 172700 ns
[2020-09-10T08:02:08.892+0000][33444][safepoint    ] Safepoint "Cleanup", Time since last: 1000153000 ns, Reaching safepoint: 215700 ns, At safepoint: 9500 ns, Total: 225200 ns
[2020-09-10T08:02:09.893+0000][33444][safepoint    ] Safepoint "Cleanup", Time since last: 1000719400 ns, Reaching safepoint: 445300 ns, At safepoint: 25900 ns, Total: 471200 ns
[2020-09-10T08:02:10.895+0000][33444][safepoint    ] Safepoint "Cleanup", Time since last: 1000924000 ns, Reaching safepoint: 150000 ns, At safepoint: 7100 ns, Total: 157100 ns
[2020-09-10T08:02:12.895+0000][33444][safepoint    ] Safepoint "Cleanup", Time since last: 2000641500 ns, Reaching safepoint: 141000 ns, At safepoint: 6600 ns, Total: 147600 ns
[2020-09-10T08:02:13.896+0000][33444][safepoint    ] Safepoint "Cleanup", Time since last: 1000541700 ns, Reaching safepoint: 225600 ns, At safepoint: 6500 ns, Total: 232100 ns
[2020-09-10T08:02:15.896+0000][33444][safepoint    ] Safepoint "Cleanup", Time since last: 1999947100 ns, Reaching safepoint: 197800 ns, At safepoint: 8500 ns, Total: 206300 ns
[2020-09-10T08:02:16.897+0000][33444][safepoint    ] Safepoint "Cleanup", Time since last: 1000719600 ns, Reaching safepoint: 130000 ns, At safepoint: 3700 ns, Total: 133700 ns
[2020-09-10T08:02:17.898+0000][33444][safepoint    ] Safepoint "Cleanup", Time since last: 1000450500 ns, Reaching safepoint: 169600 ns, At safepoint: 19800 ns, Total: 189400 ns
[2020-09-10T08:02:18.898+0000][33444][safepoint    ] Safepoint "Cleanup", Time since last: 1000490100 ns, Reaching safepoint: 234000 ns, At safepoint: 14600 ns, Total: 248600 ns
[2020-09-10T08:02:20.899+0000][33444][safepoint    ] Safepoint "Cleanup", Time since last: 2000400800 ns, Reaching safepoint: 202300 ns, At safepoint: 17700 ns, Total: 220000 ns
[2020-09-10T08:02:21.899+0000][33444][safepoint    ] Safepoint "Cleanup", Time since last: 1000133100 ns, Reaching safepoint: 161200 ns, At safepoint: 9700 ns, Total: 170900 ns
[2020-09-10T08:02:22.900+0000][33444][safepoint    ] Safepoint "Cleanup", Time since last: 1000536100 ns, Reaching safepoint: 271800 ns, At safepoint: 15300 ns, Total: 287100 ns
[2020-09-10T08:02:23.901+0000][33444][safepoint    ] Safepoint "Cleanup", Time since last: 1000046200 ns, Reaching safepoint: 114500 ns, At safepoint: 5800 ns, Total: 120300 ns
[2020-09-10T08:02:25.901+0000][33444][safepoint    ] Safepoint "Cleanup", Time since last: 2000630700 ns, Reaching safepoint: 386400 ns, At safepoint: 30500 ns, Total: 416900 ns
[2020-09-10T08:02:26.903+0000][33444][safepoint    ] Safepoint "Cleanup", Time since last: 1001030100 ns, Reaching safepoint: 419000 ns, At safepoint: 27100 ns, Total: 446100 ns
[2020-09-10T08:02:41.910+0000][33444][safepoint    ] Safepoint "Cleanup", Time since last: 15007294600 ns, Reaching safepoint: 174700 ns, At safepoint: 7300 ns, Total: 182000 ns
[2020-09-10T08:03:37.936+0000][33444][safepoint    ] Safepoint "Cleanup", Time since last: 56025280600 ns, Reaching safepoint: 234300 ns, At safepoint: 17200 ns, Total: 251500 ns
[2020-09-10T08:04:07.952+0000][33444][safepoint    ] Safepoint "Cleanup", Time since last: 30016004300 ns, Reaching safepoint: 101000 ns, At safepoint: 20600 ns, Total: 121600 ns
[2020-09-10T08:04:26.962+0000][33444][safepoint    ] Safepoint "Cleanup", Time since last: 19009797900 ns, Reaching safepoint: 196900 ns, At safepoint: 20800 ns, Total: 217700 ns
[2020-09-10T08:04:37.967+0000][33444][safepoint    ] Safepoint "Cleanup", Time since last: 11004363400 ns, Reaching safepoint: 216600 ns, At safepoint: 8700 ns, Total: 225300 ns
[2020-09-10T08:05:07.976+0000][33444][safepoint    ] Safepoint "Cleanup", Time since last: 30009194200 ns, Reaching safepoint: 215200 ns, At safepoint: 8900 ns, Total: 224100 ns
[2020-09-10T08:05:25.985+0000][33444][safepoint    ] Safepoint "Cleanup", Time since last: 18008719300 ns, Reaching safepoint: 167200 ns, At safepoint: 6100 ns, Total: 173300 ns
[2020-09-10T08:05:26.986+0000][33444][safepoint    ] Safepoint "Cleanup", Time since last: 1000902000 ns, Reaching safepoint: 249800 ns, At safepoint: 19500 ns, Total: 269300 ns
[2020-09-10T08:05:41.993+0000][33444][safepoint    ] Safepoint "Cleanup", Time since last: 15006793200 ns, Reaching safepoint: 373900 ns, At safepoint: 27600 ns, Total: 401500 ns
[2020-09-10T08:06:10.008+0000][33444][safepoint    ] Safepoint "Cleanup", Time since last: 28014996400 ns, Reaching safepoint: 160900 ns, At safepoint: 10300 ns, Total: 171200 ns
[2020-09-10T08:08:58.100+0000][33444][safepoint    ] Safepoint "Cleanup", Time since last: 168091394300 ns, Reaching safepoint: 144800 ns, At safepoint: 4400 ns, Total: 149200 ns
[2020-09-10T08:09:10.106+0000][33444][safepoint    ] Safepoint "Cleanup", Time since last: 12006232500 ns, Reaching safepoint: 250300 ns, At safepoint: 14100 ns, Total: 264400 ns
[2020-09-10T08:09:12.108+0000][33444][safepoint    ] Safepoint "Cleanup", Time since last: 2001413600 ns, Reaching safepoint: 270800 ns, At safepoint: 12800 ns, Total: 283600 ns
[2020-09-10T08:11:12.172+0000][33444][safepoint    ] Safepoint "Cleanup", Time since last: 120063639200 ns, Reaching safepoint: 467500 ns, At safepoint: 23800 ns, Total: 491300 ns
[2020-09-10T08:13:12.840+0000][33444][safepoint    ] Safepoint "Cleanup", Time since last: 120667945700 ns, Reaching safepoint: 112100 ns, At safepoint: 3600 ns, Total: 115700 ns
[2020-09-10T08:13:40.854+0000][33444][safepoint    ] Safepoint "Cleanup", Time since last: 28013137100 ns, Reaching safepoint: 190100 ns, At safepoint: 14000 ns, Total: 204100 ns
[2020-09-10T08:13:42.855+0000][33444][safepoint    ] Safepoint "Cleanup", Time since last: 2000961900 ns, Reaching safepoint: 312900 ns, At safepoint: 23700 ns, Total: 336600 ns
[2020-09-10T08:13:43.856+0000][33444][safepoint    ] Safepoint "Cleanup", Time since last: 1000493500 ns, Reaching safepoint: 254500 ns, At safepoint: 10100 ns, Total: 264600 ns
[2020-09-10T08:13:44.856+0000][33444][safepoint    ] Safepoint "Cleanup", Time since last: 1000274900 ns, Reaching safepoint: 330400 ns, At safepoint: 29700 ns, Total: 360100 ns
[2020-09-10T08:13:46.856+0000][33444][safepoint    ] Safepoint "Cleanup", Time since last: 1999786400 ns, Reaching safepoint: 116200 ns, At safepoint: 4900 ns, Total: 121100 ns
[2020-09-10T08:13:47.857+0000][33444][safepoint    ] Safepoint "Cleanup", Time since last: 1000088700 ns, Reaching safepoint: 168300 ns, At safepoint: 6200 ns, Total: 174500 ns
[2020-09-10T08:13:48.857+0000][33444][safepoint    ] Safepoint "Cleanup", Time since last: 1000715700 ns, Reaching safepoint: 422800 ns, At safepoint: 24400 ns, Total: 447200 ns
[2020-09-10T08:13:49.858+0000][33444][safepoint    ] Safepoint "Cleanup", Time since last: 1000265500 ns, Reaching safepoint: 363700 ns, At safepoint: 23500 ns, Total: 387200 ns
[2020-09-10T08:13:50.859+0000][33444][safepoint    ] Safepoint "Cleanup", Time since last: 1000274300 ns, Reaching safepoint: 274100 ns, At safepoint: 20200 ns, Total: 294300 ns
[2020-09-10T08:13:51.860+0000][33444][safepoint    ] Safepoint "Cleanup", Time since last: 1000688600 ns, Reaching safepoint: 208200 ns, At safepoint: 8700 ns, Total: 216900 ns
[2020-09-10T08:13:52.860+0000][33444][safepoint    ] Safepoint "Cleanup", Time since last: 1000009900 ns, Reaching safepoint: 404000 ns, At safepoint: 32600 ns, Total: 436600 ns
[2020-09-10T08:13:53.861+0000][33444][safepoint    ] Safepoint "Cleanup", Time since last: 1000274700 ns, Reaching safepoint: 140700 ns, At safepoint: 4500 ns, Total: 145200 ns
[2020-09-10T08:13:54.861+0000][33444][safepoint    ] Safepoint "Cleanup", Time since last: 1000305700 ns, Reaching safepoint: 267500 ns, At safepoint: 12700 ns, Total: 280200 ns
[2020-09-10T08:13:55.862+0000][33444][safepoint    ] Safepoint "Cleanup", Time since last: 1000531000 ns, Reaching safepoint: 147300 ns, At safepoint: 3500 ns, Total: 150800 ns
[2020-09-10T08:13:56.863+0000][33444][safepoint    ] Safepoint "Cleanup", Time since last: 1000849600 ns, Reaching safepoint: 112100 ns, At safepoint: 6500 ns, Total: 118600 ns
[2020-09-10T08:13:57.863+0000][33444][safepoint    ] Safepoint "Cleanup", Time since last: 1000237800 ns, Reaching safepoint: 159600 ns, At safepoint: 8900 ns, Total: 168500 ns
[2020-09-10T08:13:58.864+0000][33444][safepoint    ] Safepoint "Cleanup", Time since last: 1000539600 ns, Reaching safepoint: 168900 ns, At safepoint: 17800 ns, Total: 186700 ns
[2020-09-10T08:13:59.864+0000][33444][safepoint    ] Safepoint "Cleanup", Time since last: 1000071700 ns, Reaching safepoint: 166100 ns, At safepoint: 10400 ns, Total: 176500 ns
[2020-09-10T08:14:00.865+0000][33444][safepoint    ] Safepoint "Cleanup", Time since last: 1000173200 ns, Reaching safepoint: 136500 ns, At safepoint: 5800 ns, Total: 142300 ns
[2020-09-10T08:14:01.865+0000][33444][safepoint    ] Safepoint "Cleanup", Time since last: 1000353600 ns, Reaching safepoint: 149000 ns, At safepoint: 8000 ns, Total: 157000 ns
[2020-09-10T08:14:02.866+0000][33444][safepoint    ] Safepoint "Cleanup", Time since last: 1000309300 ns, Reaching safepoint: 332200 ns, At safepoint: 18000 ns, Total: 350200 ns
[2020-09-10T08:14:03.867+0000][33444][safepoint    ] Safepoint "Cleanup", Time since last: 1000517800 ns, Reaching safepoint: 121000 ns, At safepoint: 6100 ns, Total: 127100 ns
[2020-09-10T08:14:04.867+0000][33444][safepoint    ] Safepoint "Cleanup", Time since last: 1000711800 ns, Reaching safepoint: 323600 ns, At safepoint: 23200 ns, Total: 346800 ns
[2020-09-10T08:14:05.868+0000][33444][safepoint    ] Safepoint "Cleanup", Time since last: 1000548300 ns, Reaching safepoint: 151700 ns, At safepoint: 9000 ns, Total: 160700 ns
[2020-09-10T08:14:06.934+0000][33444][safepoint    ] Safepoint "Cleanup", Time since last: 1066054200 ns, Reaching safepoint: 169400 ns, At safepoint: 21200 ns, Total: 190600 ns
[2020-09-10T08:14:07.935+0000][33444][safepoint    ] Safepoint "Cleanup", Time since last: 1000088600 ns, Reaching safepoint: 154600 ns, At safepoint: 6900 ns, Total: 161500 ns
[2020-09-10T08:14:08.935+0000][33444][safepoint    ] Safepoint "Cleanup", Time since last: 1000194400 ns, Reaching safepoint: 240500 ns, At safepoint: 10300 ns, Total: 250800 ns
[2020-09-10T08:14:09.936+0000][33444][safepoint    ] Safepoint "Cleanup", Time since last: 1000474300 ns, Reaching safepoint: 209000 ns, At safepoint: 9700 ns, Total: 218700 ns
[2020-09-10T08:14:10.936+0000][33444][safepoint    ] Safepoint "Cleanup", Time since last: 1000277000 ns, Reaching safepoint: 129900 ns, At safepoint: 7800 ns, Total: 137700 ns
[2020-09-10T08:14:11.937+0000][33444][safepoint    ] Safepoint "Cleanup", Time since last: 1000368700 ns, Reaching safepoint: 129300 ns, At safepoint: 7200 ns, Total: 136500 ns
[2020-09-10T08:14:12.937+0000][33444][safepoint    ] Safepoint "Cleanup", Time since last: 1000466000 ns, Reaching safepoint: 101200 ns, At safepoint: 9500 ns, Total: 110700 ns
[2020-09-10T08:14:13.938+0000][33444][safepoint    ] Safepoint "Cleanup", Time since last: 1000382800 ns, Reaching safepoint: 105000 ns, At safepoint: 7600 ns, Total: 112600 ns
[2020-09-10T08:14:14.938+0000][33444][safepoint    ] Safepoint "Cleanup", Time since last: 1000090900 ns, Reaching safepoint: 193600 ns, At safepoint: 9900 ns, Total: 203500 ns
[2020-09-10T08:14:16.939+0000][33444][safepoint    ] Safepoint "Cleanup", Time since last: 2000431700 ns, Reaching safepoint: 117300 ns, At safepoint: 3900 ns, Total: 121200 ns
[2020-09-10T08:14:17.939+0000][33444][safepoint    ] Safepoint "Cleanup", Time since last: 1000378200 ns, Reaching safepoint: 144000 ns, At safepoint: 7100 ns, Total: 151100 ns
[2020-09-10T08:14:18.940+0000][33444][safepoint    ] Safepoint "Cleanup", Time since last: 1000290600 ns, Reaching safepoint: 143100 ns, At safepoint: 12300 ns, Total: 155400 ns
[2020-09-10T08:14:19.940+0000][33444][safepoint    ] Safepoint "Cleanup", Time since last: 1000592700 ns, Reaching safepoint: 192700 ns, At safepoint: 10300 ns, Total: 203000 ns
[2020-09-10T08:14:21.941+0000][33444][safepoint    ] Safepoint "Cleanup", Time since last: 2000589600 ns, Reaching safepoint: 116100 ns, At safepoint: 18800 ns, Total: 134900 ns
[2020-09-10T08:14:22.942+0000][33444][safepoint    ] Safepoint "Cleanup", Time since last: 1000398600 ns, Reaching safepoint: 76100 ns, At safepoint: 16100 ns, Total: 92200 ns
[2020-09-10T08:14:23.943+0000][33444][safepoint    ] Safepoint "Cleanup", Time since last: 1001079000 ns, Reaching safepoint: 168000 ns, At safepoint: 29400 ns, Total: 197400 ns
[2020-09-10T08:14:24.944+0000][33444][safepoint    ] Safepoint "Cleanup", Time since last: 1000539900 ns, Reaching safepoint: 83600 ns, At safepoint: 13400 ns, Total: 97000 ns
[2020-09-10T08:14:25.944+0000][33444][safepoint    ] Safepoint "Cleanup", Time since last: 1000592700 ns, Reaching safepoint: 442800 ns, At safepoint: 85000 ns, Total: 527800 ns
[2020-09-10T08:14:26.945+0000][33444][safepoint    ] Safepoint "Cleanup", Time since last: 1000442500 ns, Reaching safepoint: 101500 ns, At safepoint: 5100 ns, Total: 106600 ns
[2020-09-10T08:14:27.946+0000][33444][safepoint    ] Safepoint "Cleanup", Time since last: 1000804900 ns, Reaching safepoint: 150500 ns, At safepoint: 6500 ns, Total: 157000 ns
[2020-09-10T08:14:28.947+0000][33444][safepoint    ] Safepoint "Cleanup", Time since last: 1000172500 ns, Reaching safepoint: 115200 ns, At safepoint: 6200 ns, Total: 121400 ns
[2020-09-10T08:14:29.948+0000][33444][safepoint    ] Safepoint "Cleanup", Time since last: 1001036900 ns, Reaching safepoint: 138200 ns, At safepoint: 4700 ns, Total: 142900 ns
[2020-09-10T08:14:30.948+0000][33444][safepoint    ] Safepoint "Cleanup", Time since last: 1000301600 ns, Reaching safepoint: 110700 ns, At safepoint: 5400 ns, Total: 116100 ns
[2020-09-10T08:14:32.949+0000][33444][safepoint    ] Safepoint "Cleanup", Time since last: 2001082200 ns, Reaching safepoint: 136700 ns, At safepoint: 5400 ns, Total: 142100 ns
[2020-09-10T08:14:33.950+0000][33444][safepoint    ] Safepoint "Cleanup", Time since last: 1000503800 ns, Reaching safepoint: 169700 ns, At safepoint: 8300 ns, Total: 178000 ns
[2020-09-10T08:14:34.950+0000][33444][safepoint    ] Safepoint "Cleanup", Time since last: 1000267100 ns, Reaching safepoint: 265300 ns, At safepoint: 14600 ns, Total: 279900 ns
[2020-09-10T08:14:35.951+0000][33444][safepoint    ] Safepoint "Cleanup", Time since last: 1000306000 ns, Reaching safepoint: 196400 ns, At safepoint: 5800 ns, Total: 202200 ns
[2020-09-10T08:14:36.951+0000][33444][safepoint    ] Safepoint "Cleanup", Time since last: 1000183500 ns, Reaching safepoint: 146800 ns, At safepoint: 5600 ns, Total: 152400 ns
[2020-09-10T08:14:38.952+0000][33444][safepoint    ] Safepoint "Cleanup", Time since last: 2000387000 ns, Reaching safepoint: 122500 ns, At safepoint: 6000 ns, Total: 128500 ns
[2020-09-10T08:14:39.953+0000][33444][safepoint    ] Safepoint "Cleanup", Time since last: 1000548300 ns, Reaching safepoint: 100000 ns, At safepoint: 3300 ns, Total: 103300 ns
[2020-09-10T08:14:40.953+0000][33444][safepoint    ] Safepoint "Cleanup", Time since last: 1000245600 ns, Reaching safepoint: 123100 ns, At safepoint: 11300 ns, Total: 134400 ns
[2020-09-10T08:14:42.953+0000][33444][safepoint    ] Safepoint "Cleanup", Time since last: 2000196600 ns, Reaching safepoint: 137900 ns, At safepoint: 8700 ns, Total: 146600 ns
[2020-09-10T08:14:43.954+0000][33444][safepoint    ] Safepoint "Cleanup", Time since last: 1000621300 ns, Reaching safepoint: 184600 ns, At safepoint: 21900 ns, Total: 206500 ns
[2020-09-10T08:14:45.956+0000][33444][safepoint    ] Safepoint "Cleanup", Time since last: 2001255500 ns, Reaching safepoint: 183100 ns, At safepoint: 3300 ns, Total: 186400 ns
[2020-09-10T08:14:47.956+0000][33444][safepoint    ] Safepoint "Cleanup", Time since last: 2000098600 ns, Reaching safepoint: 184600 ns, At safepoint: 11200 ns, Total: 195800 ns
[2020-09-10T08:14:48.957+0000][33444][safepoint    ] Safepoint "Cleanup", Time since last: 1000558800 ns, Reaching safepoint: 199800 ns, At safepoint: 9100 ns, Total: 208900 ns
[2020-09-10T08:14:49.958+0000][33444][safepoint    ] Safepoint "Cleanup", Time since last: 1001013900 ns, Reaching safepoint: 230000 ns, At safepoint: 15700 ns, Total: 245700 ns
[2020-09-10T08:14:50.958+0000][33444][safepoint    ] Safepoint "Cleanup", Time since last: 1000127200 ns, Reaching safepoint: 153600 ns, At safepoint: 5200 ns, Total: 158800 ns
[2020-09-10T08:15:02.990+0000][33444][safepoint    ] Safepoint "Cleanup", Time since last: 12031911800 ns, Reaching safepoint: 184200 ns, At safepoint: 54900 ns, Total: 239100 ns
[2020-09-10T08:17:22.068+0000][33444][safepoint    ] Safepoint "Cleanup", Time since last: 139077129000 ns, Reaching safepoint: 333900 ns, At safepoint: 18200 ns, Total: 352100 ns
[2020-09-10T08:18:38.105+0000][33444][safepoint    ] Safepoint "Cleanup", Time since last: 76036706600 ns, Reaching safepoint: 133500 ns, At safepoint: 6500 ns, Total: 140000 ns
[2020-09-10T08:19:22.125+0000][33444][safepoint    ] Safepoint "Cleanup", Time since last: 44020528100 ns, Reaching safepoint: 150200 ns, At safepoint: 7700 ns, Total: 157900 ns
[2020-09-10T08:21:38.194+0000][33444][safepoint    ] Safepoint "Cleanup", Time since last: 136068675800 ns, Reaching safepoint: 139200 ns, At safepoint: 6700 ns, Total: 145900 ns
[2020-09-10T08:22:06.494+0000][33444][gc,start     ] GC(18) Pause Young (Normal) (G1 Evacuation Pause)
[2020-09-10T08:22:06.494+0000][33444][gc,task      ] GC(18) Using 8 workers of 8 for evacuation
[2020-09-10T08:22:06.494+0000][33444][gc,age       ] GC(18) Desired survivor size 33030144 bytes, new threshold 15 (max threshold 15)
[2020-09-10T08:22:06.511+0000][33444][gc,age       ] GC(18) Age table with threshold 15 (max threshold 15)
[2020-09-10T08:22:06.511+0000][33444][gc,age       ] GC(18) - age   1:     528312 bytes,     528312 total
[2020-09-10T08:22:06.511+0000][33444][gc,age       ] GC(18) - age   2:     382328 bytes,     910640 total
[2020-09-10T08:22:06.511+0000][33444][gc,age       ] GC(18) - age   3:      53744 bytes,     964384 total
[2020-09-10T08:22:06.511+0000][33444][gc,age       ] GC(18) - age   4:    3817904 bytes,    4782288 total
[2020-09-10T08:22:06.511+0000][33444][gc,age       ] GC(18) - age   5:   11355696 bytes,   16137984 total
[2020-09-10T08:22:06.511+0000][33444][gc,age       ] GC(18) - age   6:    8273304 bytes,   24411288 total
[2020-09-10T08:22:06.511+0000][33444][gc,phases    ] GC(18)   Pre Evacuate Collection Set: 0.1ms
[2020-09-10T08:22:06.511+0000][33444][gc,phases    ] GC(18)   Merge Heap Roots: 0.1ms
[2020-09-10T08:22:06.511+0000][33444][gc,phases    ] GC(18)   Evacuate Collection Set: 14.7ms
[2020-09-10T08:22:06.511+0000][33444][gc,phases    ] GC(18)   Post Evacuate Collection Set: 2.2ms
[2020-09-10T08:22:06.511+0000][33444][gc,phases    ] GC(18)   Other: 0.6ms
[2020-09-10T08:22:06.512+0000][33444][gc,heap      ] GC(18) Eden regions: 470->0(482)
[2020-09-10T08:22:06.512+0000][33444][gc,heap      ] GC(18) Survivor regions: 27->25(63)
[2020-09-10T08:22:06.512+0000][33444][gc,heap      ] GC(18) Old regions: 50->50
[2020-09-10T08:22:06.512+0000][33444][gc,heap      ] GC(18) Archive regions: 0->0
[2020-09-10T08:22:06.512+0000][33444][gc,heap      ] GC(18) Humongous regions: 228->174
[2020-09-10T08:22:06.512+0000][33444][gc,metaspace ] GC(18) Metaspace: 81454K(87296K)->81454K(87296K) NonClass: 70579K(73984K)->70579K(73984K) Class: 10874K(13312K)->10874K(13312K)
[2020-09-10T08:22:06.512+0000][33444][gc           ] GC(18) Pause Young (Normal) (G1 Evacuation Pause) 774M->248M(1024M) 17.976ms
[2020-09-10T08:22:06.512+0000][33444][gc,cpu       ] GC(18) User=0.13s Sys=0.00s Real=0.02s
[2020-09-10T08:22:06.512+0000][33444][safepoint    ] Safepoint "G1CollectForAllocation", Time since last: 28299459800 ns, Reaching safepoint: 124800 ns, At safepoint: 18139100 ns, Total: 18263900 ns
[2020-09-10T08:23:07.537+0000][33444][safepoint    ] Safepoint "Cleanup", Time since last: 61024716100 ns, Reaching safepoint: 281300 ns, At safepoint: 13900 ns, Total: 295200 ns
[2020-09-10T08:24:07.564+0000][33444][safepoint    ] Safepoint "Cleanup", Time since last: 60027352200 ns, Reaching safepoint: 114000 ns, At safepoint: 7400 ns, Total: 121400 ns
[2020-09-10T08:26:27.638+0000][33444][safepoint    ] Safepoint "Cleanup", Time since last: 140073236900 ns, Reaching safepoint: 241200 ns, At safepoint: 6700 ns, Total: 247900 ns
[2020-09-10T08:27:07.656+0000][33444][safepoint    ] Safepoint "Cleanup", Time since last: 40018549400 ns, Reaching safepoint: 739800 ns, At safepoint: 10700 ns, Total: 750500 ns
[2020-09-10T08:27:19.663+0000][33444][safepoint    ] Safepoint "Cleanup", Time since last: 12005644100 ns, Reaching safepoint: 146100 ns, At safepoint: 8800 ns, Total: 154900 ns
[2020-09-10T08:27:53.678+0000][33444][safepoint    ] Safepoint "Cleanup", Time since last: 34015364300 ns, Reaching safepoint: 177400 ns, At safepoint: 5800 ns, Total: 183200 ns
[2020-09-10T08:28:30.694+0000][33444][safepoint    ] Safepoint "Cleanup", Time since last: 37015408500 ns, Reaching safepoint: 112300 ns, At safepoint: 6000 ns, Total: 118300 ns
[2020-09-10T08:28:37.697+0000][33444][safepoint    ] Safepoint "Cleanup", Time since last: 7002436800 ns, Reaching safepoint: 117900 ns, At safepoint: 6500 ns, Total: 124400 ns
[2020-09-10T08:30:07.739+0000][33444][safepoint    ] Safepoint "Cleanup", Time since last: 90042360500 ns, Reaching safepoint: 121000 ns, At safepoint: 5000 ns, Total: 126000 ns
[2020-09-10T08:30:08.739+0000][33444][safepoint    ] Safepoint "Cleanup", Time since last: 1000245200 ns, Reaching safepoint: 112100 ns, At safepoint: 5200 ns, Total: 117300 ns
[2020-09-10T08:30:09.740+0000][33444][safepoint    ] Safepoint "Cleanup", Time since last: 1000043400 ns, Reaching safepoint: 158700 ns, At safepoint: 9500 ns, Total: 168200 ns
[2020-09-10T08:30:10.740+0000][33444][safepoint    ] Safepoint "Cleanup", Time since last: 1000512900 ns, Reaching safepoint: 196300 ns, At safepoint: 6400 ns, Total: 202700 ns
[2020-09-10T08:30:11.741+0000][33444][safepoint    ] Safepoint "Cleanup", Time since last: 1000015700 ns, Reaching safepoint: 131100 ns, At safepoint: 6500 ns, Total: 137600 ns
[2020-09-10T08:30:12.741+0000][33444][safepoint    ] Safepoint "Cleanup", Time since last: 1000142400 ns, Reaching safepoint: 198600 ns, At safepoint: 5100 ns, Total: 203700 ns
[2020-09-10T08:30:13.741+0000][33444][safepoint    ] Safepoint "Cleanup", Time since last: 1000457300 ns, Reaching safepoint: 98200 ns, At safepoint: 4800 ns, Total: 103000 ns
[2020-09-10T08:30:14.743+0000][33444][safepoint    ] Safepoint "Cleanup", Time since last: 1001049900 ns, Reaching safepoint: 204500 ns, At safepoint: 11100 ns, Total: 215600 ns
[2020-09-10T08:30:16.743+0000][33444][safepoint    ] Safepoint "Cleanup", Time since last: 2000136300 ns, Reaching safepoint: 231800 ns, At safepoint: 12400 ns, Total: 244200 ns
[2020-09-10T08:30:18.743+0000][33444][safepoint    ] Safepoint "Cleanup", Time since last: 2000197900 ns, Reaching safepoint: 137100 ns, At safepoint: 7400 ns, Total: 144500 ns
[2020-09-10T08:30:19.744+0000][33444][safepoint    ] Safepoint "Cleanup", Time since last: 1000799700 ns, Reaching safepoint: 118200 ns, At safepoint: 5700 ns, Total: 123900 ns
[2020-09-10T08:30:20.745+0000][33444][safepoint    ] Safepoint "Cleanup", Time since last: 1000555000 ns, Reaching safepoint: 330400 ns, At safepoint: 22400 ns, Total: 352800 ns
[2020-09-10T08:30:21.746+0000][33444][safepoint    ] Safepoint "Cleanup", Time since last: 1000243300 ns, Reaching safepoint: 169100 ns, At safepoint: 7300 ns, Total: 176400 ns
[2020-09-10T08:30:22.747+0000][33444][safepoint    ] Safepoint "Cleanup", Time since last: 1000784900 ns, Reaching safepoint: 273700 ns, At safepoint: 17500 ns, Total: 291200 ns
[2020-09-10T08:30:23.747+0000][33444][safepoint    ] Safepoint "Cleanup", Time since last: 1000308000 ns, Reaching safepoint: 163700 ns, At safepoint: 8400 ns, Total: 172100 ns
[2020-09-10T08:30:24.748+0000][33444][safepoint    ] Safepoint "Cleanup", Time since last: 1000363600 ns, Reaching safepoint: 355100 ns, At safepoint: 21600 ns, Total: 376700 ns
[2020-09-10T08:30:25.748+0000][33444][safepoint    ] Safepoint "Cleanup", Time since last: 1000090800 ns, Reaching safepoint: 181900 ns, At safepoint: 10500 ns, Total: 192400 ns
[2020-09-10T08:30:27.749+0000][33444][safepoint    ] Safepoint "Cleanup", Time since last: 2000747900 ns, Reaching safepoint: 310800 ns, At safepoint: 22700 ns, Total: 333500 ns
[2020-09-10T08:30:28.751+0000][33444][safepoint    ] Safepoint "Cleanup", Time since last: 1001360100 ns, Reaching safepoint: 353100 ns, At safepoint: 15900 ns, Total: 369000 ns
[2020-09-10T08:30:29.752+0000][33444][safepoint    ] Safepoint "Cleanup", Time since last: 1000797900 ns, Reaching safepoint: 291200 ns, At safepoint: 18100 ns, Total: 309300 ns
[2020-09-10T08:30:30.754+0000][33444][safepoint    ] Safepoint "Cleanup", Time since last: 1000770800 ns, Reaching safepoint: 475800 ns, At safepoint: 29600 ns, Total: 505400 ns
[2020-09-10T08:30:31.754+0000][33444][safepoint    ] Safepoint "Cleanup", Time since last: 1000238200 ns, Reaching safepoint: 316400 ns, At safepoint: 23900 ns, Total: 340300 ns
[2020-09-10T08:30:32.755+0000][33444][safepoint    ] Safepoint "Cleanup", Time since last: 1000467400 ns, Reaching safepoint: 155700 ns, At safepoint: 6900 ns, Total: 162600 ns
[2020-09-10T08:30:33.755+0000][33444][safepoint    ] Safepoint "Cleanup", Time since last: 1000014400 ns, Reaching safepoint: 149300 ns, At safepoint: 5100 ns, Total: 154400 ns
[2020-09-10T08:30:35.756+0000][33444][safepoint    ] Safepoint "Cleanup", Time since last: 2000846000 ns, Reaching safepoint: 273600 ns, At safepoint: 18800 ns, Total: 292400 ns
[2020-09-10T08:30:36.756+0000][33444][safepoint    ] Safepoint "Cleanup", Time since last: 1000015200 ns, Reaching safepoint: 153900 ns, At safepoint: 6200 ns, Total: 160100 ns
[2020-09-10T08:30:37.757+0000][33444][safepoint    ] Safepoint "Cleanup", Time since last: 1000616800 ns, Reaching safepoint: 166500 ns, At safepoint: 7300 ns, Total: 173800 ns
[2020-09-10T08:30:38.758+0000][33444][safepoint    ] Safepoint "Cleanup", Time since last: 1000781000 ns, Reaching safepoint: 314900 ns, At safepoint: 19200 ns, Total: 334100 ns
[2020-09-10T08:30:40.759+0000][33444][safepoint    ] Safepoint "Cleanup", Time since last: 2000532000 ns, Reaching safepoint: 103100 ns, At safepoint: 6100 ns, Total: 109200 ns
[2020-09-10T08:30:41.759+0000][33444][safepoint    ] Safepoint "Cleanup", Time since last: 1000451700 ns, Reaching safepoint: 95000 ns, At safepoint: 2300 ns, Total: 97300 ns
[2020-09-10T08:30:42.760+0000][33444][safepoint    ] Safepoint "Cleanup", Time since last: 1000802700 ns, Reaching safepoint: 380300 ns, At safepoint: 28000 ns, Total: 408300 ns
[2020-09-10T08:30:43.761+0000][33444][safepoint    ] Safepoint "Cleanup", Time since last: 1000900800 ns, Reaching safepoint: 136900 ns, At safepoint: 8400 ns, Total: 145300 ns
[2020-09-10T08:30:44.762+0000][33444][safepoint    ] Safepoint "Cleanup", Time since last: 1000087100 ns, Reaching safepoint: 96400 ns, At safepoint: 6400 ns, Total: 102800 ns
[2020-09-10T08:30:46.762+0000][33444][safepoint    ] Safepoint "Cleanup", Time since last: 2000588900 ns, Reaching safepoint: 351900 ns, At safepoint: 22800 ns, Total: 374700 ns
[2020-09-10T08:30:47.763+0000][33444][safepoint    ] Safepoint "Cleanup", Time since last: 1000071200 ns, Reaching safepoint: 136900 ns, At safepoint: 6100 ns, Total: 143000 ns
[2020-09-10T08:30:48.763+0000][33444][safepoint    ] Safepoint "Cleanup", Time since last: 1000169200 ns, Reaching safepoint: 324500 ns, At safepoint: 20700 ns, Total: 345200 ns
[2020-09-10T08:30:50.764+0000][33444][safepoint    ] Safepoint "Cleanup", Time since last: 2000374400 ns, Reaching safepoint: 93400 ns, At safepoint: 4800 ns, Total: 98200 ns
[2020-09-10T08:30:51.764+0000][33444][safepoint    ] Safepoint "Cleanup", Time since last: 1000548000 ns, Reaching safepoint: 171700 ns, At safepoint: 6700 ns, Total: 178400 ns
[2020-09-10T08:30:52.765+0000][33444][safepoint    ] Safepoint "Cleanup", Time since last: 1000161900 ns, Reaching safepoint: 158400 ns, At safepoint: 6300 ns, Total: 164700 ns
[2020-09-10T08:30:53.765+0000][33444][safepoint    ] Safepoint "Cleanup", Time since last: 1000246900 ns, Reaching safepoint: 118800 ns, At safepoint: 4300 ns, Total: 123100 ns
[2020-09-10T08:30:54.766+0000][33444][safepoint    ] Safepoint "Cleanup", Time since last: 1000790100 ns, Reaching safepoint: 121800 ns, At safepoint: 5000 ns, Total: 126800 ns
[2020-09-10T08:30:55.767+0000][33444][safepoint    ] Safepoint "Cleanup", Time since last: 1000557400 ns, Reaching safepoint: 107300 ns, At safepoint: 7400 ns, Total: 114700 ns
[2020-09-10T08:30:56.767+0000][33444][safepoint    ] Safepoint "Cleanup", Time since last: 1000229400 ns, Reaching safepoint: 236500 ns, At safepoint: 15000 ns, Total: 251500 ns
[2020-09-10T08:30:57.768+0000][33444][safepoint    ] Safepoint "Cleanup", Time since last: 1000545800 ns, Reaching safepoint: 194100 ns, At safepoint: 12300 ns, Total: 206400 ns
[2020-09-10T08:30:58.768+0000][33444][safepoint    ] Safepoint "Cleanup", Time since last: 1000280100 ns, Reaching safepoint: 185500 ns, At safepoint: 5500 ns, Total: 191000 ns
[2020-09-10T08:30:59.769+0000][33444][safepoint    ] Safepoint "Cleanup", Time since last: 1000244400 ns, Reaching safepoint: 334600 ns, At safepoint: 21000 ns, Total: 355600 ns
[2020-09-10T08:31:00.770+0000][33444][safepoint    ] Safepoint "Cleanup", Time since last: 1001287200 ns, Reaching safepoint: 375700 ns, At safepoint: 23100 ns, Total: 398800 ns
[2020-09-10T08:31:01.771+0000][33444][safepoint    ] Safepoint "Cleanup", Time since last: 1000437100 ns, Reaching safepoint: 359000 ns, At safepoint: 26800 ns, Total: 385800 ns
[2020-09-10T08:31:02.773+0000][33444][safepoint    ] Safepoint "Cleanup", Time since last: 1001166200 ns, Reaching safepoint: 273000 ns, At safepoint: 19700 ns, Total: 292700 ns
[2020-09-10T08:31:03.774+0000][33444][safepoint    ] Safepoint "Cleanup", Time since last: 1000753100 ns, Reaching safepoint: 252700 ns, At safepoint: 9100 ns, Total: 261800 ns
[2020-09-10T08:31:04.775+0000][33444][safepoint    ] Safepoint "Cleanup", Time since last: 1000277100 ns, Reaching safepoint: 123900 ns, At safepoint: 5400 ns, Total: 129300 ns
[2020-09-10T08:31:05.775+0000][33444][safepoint    ] Safepoint "Cleanup", Time since last: 1000731900 ns, Reaching safepoint: 221700 ns, At safepoint: 13100 ns, Total: 234800 ns
[2020-09-10T08:31:06.776+0000][33444][safepoint    ] Safepoint "Cleanup", Time since last: 1000187500 ns, Reaching safepoint: 204200 ns, At safepoint: 10100 ns, Total: 214300 ns
[2020-09-10T08:31:08.519+0000][33444][safepoint    ] Safepoint "Cleanup", Time since last: 1742574400 ns, Reaching safepoint: 124200 ns, At safepoint: 6400 ns, Total: 130600 ns
[2020-09-10T08:31:09.519+0000][33444][safepoint    ] Safepoint "Cleanup", Time since last: 1000309000 ns, Reaching safepoint: 119800 ns, At safepoint: 5900 ns, Total: 125700 ns
[2020-09-10T08:32:02.548+0000][33444][safepoint    ] Safepoint "Cleanup", Time since last: 53029301100 ns, Reaching safepoint: 180900 ns, At safepoint: 5500 ns, Total: 186400 ns
[2020-09-10T08:34:37.625+0000][33444][safepoint    ] Safepoint "Cleanup", Time since last: 155076590800 ns, Reaching safepoint: 154200 ns, At safepoint: 20700 ns, Total: 174900 ns
[2020-09-10T08:35:57.662+0000][33444][safepoint    ] Safepoint "Cleanup", Time since last: 80036507000 ns, Reaching safepoint: 119400 ns, At safepoint: 6100 ns, Total: 125500 ns
[2020-09-10T08:36:07.668+0000][33444][safepoint    ] Safepoint "Cleanup", Time since last: 10005474300 ns, Reaching safepoint: 165300 ns, At safepoint: 9300 ns, Total: 174600 ns
[2020-09-10T08:36:37.682+0000][33444][safepoint    ] Safepoint "Cleanup", Time since last: 30014260000 ns, Reaching safepoint: 129800 ns, At safepoint: 7900 ns, Total: 137700 ns
[2020-09-10T08:36:42.685+0000][33444][safepoint    ] Safepoint "Cleanup", Time since last: 5002444400 ns, Reaching safepoint: 163000 ns, At safepoint: 5100 ns, Total: 168100 ns
[2020-09-10T08:37:07.696+0000][33444][safepoint    ] Safepoint "Cleanup", Time since last: 25010895900 ns, Reaching safepoint: 147800 ns, At safepoint: 6400 ns, Total: 154200 ns
[2020-09-10T08:39:12.758+0000][33444][safepoint    ] Safepoint "Cleanup", Time since last: 125061962800 ns, Reaching safepoint: 322100 ns, At safepoint: 17800 ns, Total: 339900 ns
[2020-09-10T08:39:37.768+0000][33444][safepoint    ] Safepoint "Cleanup", Time since last: 25010488100 ns, Reaching safepoint: 231900 ns, At safepoint: 10700 ns, Total: 242600 ns
[2020-09-10T08:40:07.785+0000][33444][safepoint    ] Safepoint "Cleanup", Time since last: 30015932200 ns, Reaching safepoint: 243500 ns, At safepoint: 11700 ns, Total: 255200 ns
[2020-09-10T08:40:22.792+0000][33444][safepoint    ] Safepoint "Cleanup", Time since last: 15006888500 ns, Reaching safepoint: 117100 ns, At safepoint: 5900 ns, Total: 123000 ns
[2020-09-10T08:40:24.793+0000][33444][safepoint    ] Safepoint "Cleanup", Time since last: 2000987100 ns, Reaching safepoint: 122700 ns, At safepoint: 7800 ns, Total: 130500 ns
[2020-09-10T08:40:25.794+0000][33444][safepoint    ] Safepoint "Cleanup", Time since last: 1000751500 ns, Reaching safepoint: 134900 ns, At safepoint: 7900 ns, Total: 142800 ns
[2020-09-10T08:40:27.795+0000][33444][safepoint    ] Safepoint "Cleanup", Time since last: 2000695500 ns, Reaching safepoint: 111600 ns, At safepoint: 5100 ns, Total: 116700 ns
[2020-09-10T08:40:28.796+0000][33444][safepoint    ] Safepoint "Cleanup", Time since last: 1000933100 ns, Reaching safepoint: 99500 ns, At safepoint: 6300 ns, Total: 105800 ns
[2020-09-10T08:40:30.796+0000][33444][safepoint    ] Safepoint "Cleanup", Time since last: 2000546800 ns, Reaching safepoint: 141600 ns, At safepoint: 5600 ns, Total: 147200 ns
[2020-09-10T08:40:31.797+0000][33444][safepoint    ] Safepoint "Cleanup", Time since last: 1000177400 ns, Reaching safepoint: 127500 ns, At safepoint: 7900 ns, Total: 135400 ns
[2020-09-10T08:40:32.797+0000][33444][safepoint    ] Safepoint "Cleanup", Time since last: 1000284400 ns, Reaching safepoint: 126700 ns, At safepoint: 5800 ns, Total: 132500 ns
[2020-09-10T08:40:33.797+0000][33444][safepoint    ] Safepoint "Cleanup", Time since last: 1000101500 ns, Reaching safepoint: 117100 ns, At safepoint: 7500 ns, Total: 124600 ns
[2020-09-10T08:40:34.798+0000][33444][safepoint    ] Safepoint "Cleanup", Time since last: 1000067200 ns, Reaching safepoint: 126500 ns, At safepoint: 4900 ns, Total: 131400 ns
[2020-09-10T08:40:35.798+0000][33444][safepoint    ] Safepoint "Cleanup", Time since last: 1000129600 ns, Reaching safepoint: 151600 ns, At safepoint: 5200 ns, Total: 156800 ns
[2020-09-10T08:40:37.798+0000][33444][safepoint    ] Safepoint "Cleanup", Time since last: 1999959300 ns, Reaching safepoint: 146900 ns, At safepoint: 10500 ns, Total: 157400 ns
[2020-09-10T08:40:38.799+0000][33444][safepoint    ] Safepoint "Cleanup", Time since last: 1000840300 ns, Reaching safepoint: 111100 ns, At safepoint: 3600 ns, Total: 114700 ns
[2020-09-10T08:40:39.799+0000][33444][safepoint    ] Safepoint "Cleanup", Time since last: 1000476300 ns, Reaching safepoint: 104900 ns, At safepoint: 7000 ns, Total: 111900 ns
[2020-09-10T08:40:40.800+0000][33444][safepoint    ] Safepoint "Cleanup", Time since last: 1000457200 ns, Reaching safepoint: 128100 ns, At safepoint: 2800 ns, Total: 130900 ns
[2020-09-10T08:40:41.800+0000][33444][safepoint    ] Safepoint "Cleanup", Time since last: 1000001600 ns, Reaching safepoint: 125900 ns, At safepoint: 2900 ns, Total: 128800 ns
[2020-09-10T08:40:42.801+0000][33444][safepoint    ] Safepoint "Cleanup", Time since last: 1000196900 ns, Reaching safepoint: 112300 ns, At safepoint: 3500 ns, Total: 115800 ns
[2020-09-10T08:40:43.801+0000][33444][safepoint    ] Safepoint "Cleanup", Time since last: 1000612100 ns, Reaching safepoint: 122900 ns, At safepoint: 6500 ns, Total: 129400 ns
[2020-09-10T08:40:45.802+0000][33444][safepoint    ] Safepoint "Cleanup", Time since last: 2000294900 ns, Reaching safepoint: 102800 ns, At safepoint: 6200 ns, Total: 109000 ns
[2020-09-10T08:40:47.802+0000][33444][safepoint    ] Safepoint "Cleanup", Time since last: 2000512800 ns, Reaching safepoint: 122200 ns, At safepoint: 2900 ns, Total: 125100 ns
[2020-09-10T08:40:48.803+0000][33444][safepoint    ] Safepoint "Cleanup", Time since last: 1000784000 ns, Reaching safepoint: 109800 ns, At safepoint: 3200 ns, Total: 113000 ns
[2020-09-10T08:40:50.804+0000][33444][safepoint    ] Safepoint "Cleanup", Time since last: 2000474400 ns, Reaching safepoint: 110500 ns, At safepoint: 5200 ns, Total: 115700 ns
[2020-09-10T08:40:51.804+0000][33444][safepoint    ] Safepoint "Cleanup", Time since last: 1000325800 ns, Reaching safepoint: 154000 ns, At safepoint: 4800 ns, Total: 158800 ns
[2020-09-10T08:40:52.804+0000][33444][safepoint    ] Safepoint "Cleanup", Time since last: 1000054400 ns, Reaching safepoint: 119800 ns, At safepoint: 4600 ns, Total: 124400 ns
[2020-09-10T08:40:54.805+0000][33444][safepoint    ] Safepoint "Cleanup", Time since last: 2000904200 ns, Reaching safepoint: 140500 ns, At safepoint: 3800 ns, Total: 144300 ns
[2020-09-10T08:40:55.806+0000][33444][safepoint    ] Safepoint "Cleanup", Time since last: 1000780000 ns, Reaching safepoint: 152800 ns, At safepoint: 5000 ns, Total: 157800 ns
[2020-09-10T08:40:56.807+0000][33444][safepoint    ] Safepoint "Cleanup", Time since last: 1000132100 ns, Reaching safepoint: 105100 ns, At safepoint: 5700 ns, Total: 110800 ns
[2020-09-10T08:40:57.807+0000][33444][safepoint    ] Safepoint "Cleanup", Time since last: 1000458400 ns, Reaching safepoint: 118200 ns, At safepoint: 6100 ns, Total: 124300 ns
[2020-09-10T08:40:58.808+0000][33444][safepoint    ] Safepoint "Cleanup", Time since last: 1000113600 ns, Reaching safepoint: 139300 ns, At safepoint: 20300 ns, Total: 159600 ns
[2020-09-10T08:40:59.808+0000][33444][safepoint    ] Safepoint "Cleanup", Time since last: 1000686800 ns, Reaching safepoint: 107500 ns, At safepoint: 4000 ns, Total: 111500 ns
[2020-09-10T08:41:00.809+0000][33444][safepoint    ] Safepoint "Cleanup", Time since last: 1000327200 ns, Reaching safepoint: 90300 ns, At safepoint: 3400 ns, Total: 93700 ns
[2020-09-10T08:41:01.810+0000][33444][safepoint    ] Safepoint "Cleanup", Time since last: 1000832800 ns, Reaching safepoint: 140300 ns, At safepoint: 4700 ns, Total: 145000 ns
[2020-09-10T08:41:02.811+0000][33444][safepoint    ] Safepoint "Cleanup", Time since last: 1000819500 ns, Reaching safepoint: 116600 ns, At safepoint: 5100 ns, Total: 121700 ns
[2020-09-10T08:41:03.811+0000][33444][safepoint    ] Safepoint "Cleanup", Time since last: 1000367100 ns, Reaching safepoint: 105100 ns, At safepoint: 5900 ns, Total: 111000 ns
[2020-09-10T08:41:04.812+0000][33444][safepoint    ] Safepoint "Cleanup", Time since last: 1000413600 ns, Reaching safepoint: 119900 ns, At safepoint: 5300 ns, Total: 125200 ns
[2020-09-10T08:41:05.813+0000][33444][safepoint    ] Safepoint "Cleanup", Time since last: 1000783000 ns, Reaching safepoint: 140400 ns, At safepoint: 5200 ns, Total: 145600 ns
[2020-09-10T08:41:06.813+0000][33444][safepoint    ] Safepoint "Cleanup", Time since last: 1000304800 ns, Reaching safepoint: 98600 ns, At safepoint: 6100 ns, Total: 104700 ns
[2020-09-10T08:41:08.566+0000][33444][safepoint    ] Safepoint "Cleanup", Time since last: 1753216800 ns, Reaching safepoint: 128800 ns, At safepoint: 5600 ns, Total: 134400 ns
[2020-09-10T08:41:09.567+0000][33444][safepoint    ] Safepoint "Cleanup", Time since last: 1000817600 ns, Reaching safepoint: 121200 ns, At safepoint: 2600 ns, Total: 123800 ns
[2020-09-10T08:41:10.568+0000][33444][safepoint    ] Safepoint "Cleanup", Time since last: 1000764800 ns, Reaching safepoint: 129100 ns, At safepoint: 3000 ns, Total: 132100 ns
[2020-09-10T08:41:11.569+0000][33444][safepoint    ] Safepoint "Cleanup", Time since last: 1000670000 ns, Reaching safepoint: 124500 ns, At safepoint: 7600 ns, Total: 132100 ns
[2020-09-10T08:41:12.570+0000][33444][safepoint    ] Safepoint "Cleanup", Time since last: 1000640900 ns, Reaching safepoint: 127200 ns, At safepoint: 8500 ns, Total: 135700 ns
[2020-09-10T08:41:13.570+0000][33444][safepoint    ] Safepoint "Cleanup", Time since last: 1000459700 ns, Reaching safepoint: 117500 ns, At safepoint: 7700 ns, Total: 125200 ns
[2020-09-10T08:41:14.571+0000][33444][safepoint    ] Safepoint "Cleanup", Time since last: 1000309200 ns, Reaching safepoint: 121100 ns, At safepoint: 7700 ns, Total: 128800 ns
[2020-09-10T08:41:16.571+0000][33444][safepoint    ] Safepoint "Cleanup", Time since last: 2000465100 ns, Reaching safepoint: 102200 ns, At safepoint: 4200 ns, Total: 106400 ns
[2020-09-10T08:41:17.572+0000][33444][safepoint    ] Safepoint "Cleanup", Time since last: 1000170400 ns, Reaching safepoint: 154500 ns, At safepoint: 9200 ns, Total: 163700 ns
[2020-09-10T08:41:18.572+0000][33444][safepoint    ] Safepoint "Cleanup", Time since last: 1000110500 ns, Reaching safepoint: 148100 ns, At safepoint: 8000 ns, Total: 156100 ns
[2020-09-10T08:41:19.573+0000][33444][safepoint    ] Safepoint "Cleanup", Time since last: 1000767500 ns, Reaching safepoint: 96800 ns, At safepoint: 4400 ns, Total: 101200 ns
[2020-09-10T08:41:21.574+0000][33444][safepoint    ] Safepoint "Cleanup", Time since last: 2000601600 ns, Reaching safepoint: 124300 ns, At safepoint: 12700 ns, Total: 137000 ns
[2020-09-10T08:41:22.574+0000][33444][safepoint    ] Safepoint "Cleanup", Time since last: 1000337300 ns, Reaching safepoint: 120600 ns, At safepoint: 5000 ns, Total: 125600 ns
[2020-09-10T08:41:23.575+0000][33444][safepoint    ] Safepoint "Cleanup", Time since last: 1000724400 ns, Reaching safepoint: 101800 ns, At safepoint: 6200 ns, Total: 108000 ns
[2020-09-10T08:41:24.575+0000][33444][safepoint    ] Safepoint "Cleanup", Time since last: 1000347800 ns, Reaching safepoint: 119200 ns, At safepoint: 5400 ns, Total: 124600 ns
[2020-09-10T08:41:25.576+0000][33444][safepoint    ] Safepoint "Cleanup", Time since last: 1000527200 ns, Reaching safepoint: 108300 ns, At safepoint: 4800 ns, Total: 113100 ns
[2020-09-10T08:41:26.576+0000][33444][safepoint    ] Safepoint "Cleanup", Time since last: 1000115000 ns, Reaching safepoint: 126500 ns, At safepoint: 4400 ns, Total: 130900 ns
[2020-09-10T08:41:28.577+0000][33444][safepoint    ] Safepoint "Cleanup", Time since last: 2000225100 ns, Reaching safepoint: 200000 ns, At safepoint: 8100 ns, Total: 208100 ns
[2020-09-10T08:41:29.577+0000][33444][safepoint    ] Safepoint "Cleanup", Time since last: 1000272800 ns, Reaching safepoint: 121400 ns, At safepoint: 5000 ns, Total: 126400 ns
[2020-09-10T08:41:30.577+0000][33444][safepoint    ] Safepoint "Cleanup", Time since last: 1000209600 ns, Reaching safepoint: 107900 ns, At safepoint: 5300 ns, Total: 113200 ns
[2020-09-10T08:41:31.578+0000][33444][safepoint    ] Safepoint "Cleanup", Time since last: 1000137900 ns, Reaching safepoint: 133100 ns, At safepoint: 3200 ns, Total: 136300 ns
[2020-09-10T08:41:32.578+0000][33444][safepoint    ] Safepoint "Cleanup", Time since last: 1000545700 ns, Reaching safepoint: 126900 ns, At safepoint: 2500 ns, Total: 129400 ns
[2020-09-10T08:41:33.579+0000][33444][safepoint    ] Safepoint "Cleanup", Time since last: 1000822400 ns, Reaching safepoint: 92300 ns, At safepoint: 2700 ns, Total: 95000 ns
[2020-09-10T08:41:34.580+0000][33444][safepoint    ] Safepoint "Cleanup", Time since last: 1000381700 ns, Reaching safepoint: 140700 ns, At safepoint: 6500 ns, Total: 147200 ns
[2020-09-10T08:41:35.580+0000][33444][safepoint    ] Safepoint "Cleanup", Time since last: 1000461800 ns, Reaching safepoint: 148900 ns, At safepoint: 20100 ns, Total: 169000 ns
[2020-09-10T08:41:36.581+0000][33444][safepoint    ] Safepoint "Cleanup", Time since last: 1000549900 ns, Reaching safepoint: 122400 ns, At safepoint: 2800 ns, Total: 125200 ns
[2020-09-10T08:41:37.582+0000][33444][safepoint    ] Safepoint "Cleanup", Time since last: 1000598900 ns, Reaching safepoint: 145600 ns, At safepoint: 21100 ns, Total: 166700 ns
[2020-09-10T08:41:38.583+0000][33444][safepoint    ] Safepoint "Cleanup", Time since last: 1000503300 ns, Reaching safepoint: 97000 ns, At safepoint: 3300 ns, Total: 100300 ns
[2020-09-10T08:41:39.583+0000][33444][safepoint    ] Safepoint "Cleanup", Time since last: 1000528800 ns, Reaching safepoint: 148000 ns, At safepoint: 6500 ns, Total: 154500 ns
[2020-09-10T08:41:40.584+0000][33444][safepoint    ] Safepoint "Cleanup", Time since last: 1000305200 ns, Reaching safepoint: 120300 ns, At safepoint: 15900 ns, Total: 136200 ns
[2020-09-10T08:41:42.584+0000][33444][safepoint    ] Safepoint "Cleanup", Time since last: 2000686900 ns, Reaching safepoint: 143800 ns, At safepoint: 4800 ns, Total: 148600 ns
[2020-09-10T08:41:44.585+0000][33444][safepoint    ] Safepoint "Cleanup", Time since last: 2000442100 ns, Reaching safepoint: 130800 ns, At safepoint: 8900 ns, Total: 139700 ns
[2020-09-10T08:41:45.586+0000][33444][safepoint    ] Safepoint "Cleanup", Time since last: 1000379800 ns, Reaching safepoint: 125900 ns, At safepoint: 6000 ns, Total: 131900 ns
[2020-09-10T08:46:07.688+0000][33444][safepoint    ] Safepoint "Cleanup", Time since last: 262102311300 ns, Reaching safepoint: 141600 ns, At safepoint: 9100 ns, Total: 150700 ns
[2020-09-10T08:47:13.724+0000][33444][safepoint    ] Safepoint "Cleanup", Time since last: 66036126600 ns, Reaching safepoint: 327300 ns, At safepoint: 15400 ns, Total: 342700 ns
[2020-09-10T08:47:37.740+0000][33444][safepoint    ] Safepoint "Cleanup", Time since last: 24015343800 ns, Reaching safepoint: 269800 ns, At safepoint: 14300 ns, Total: 284100 ns
[2020-09-10T08:50:07.821+0000][33444][safepoint    ] Safepoint "Cleanup", Time since last: 150080699000 ns, Reaching safepoint: 298200 ns, At safepoint: 12500 ns, Total: 310700 ns
[2020-09-10T08:50:14.825+0000][33444][safepoint    ] Safepoint "Cleanup", Time since last: 7003518000 ns, Reaching safepoint: 236100 ns, At safepoint: 12300 ns, Total: 248400 ns
[2020-09-10T08:50:27.834+0000][33444][safepoint    ] Safepoint "Cleanup", Time since last: 13009000600 ns, Reaching safepoint: 228200 ns, At safepoint: 10000 ns, Total: 238200 ns
[2020-09-10T08:51:16.860+0000][33444][safepoint    ] Safepoint "Cleanup", Time since last: 49026175300 ns, Reaching safepoint: 136100 ns, At safepoint: 6100 ns, Total: 142200 ns
[2020-09-10T08:52:37.895+0000][33444][safepoint    ] Safepoint "Cleanup", Time since last: 81034570500 ns, Reaching safepoint: 276200 ns, At safepoint: 13000 ns, Total: 289200 ns
[2020-09-10T08:53:37.928+0000][33444][safepoint    ] Safepoint "Cleanup", Time since last: 60032439800 ns, Reaching safepoint: 283900 ns, At safepoint: 13400 ns, Total: 297300 ns
[2020-09-10T08:53:38.928+0000][33444][safepoint    ] Safepoint "Cleanup", Time since last: 1000106000 ns, Reaching safepoint: 241400 ns, At safepoint: 14400 ns, Total: 255800 ns
[2020-09-10T08:53:39.929+0000][33444][safepoint    ] Safepoint "Cleanup", Time since last: 1000652100 ns, Reaching safepoint: 107700 ns, At safepoint: 6400 ns, Total: 114100 ns
[2020-09-10T08:53:41.930+0000][33444][safepoint    ] Safepoint "Cleanup", Time since last: 2000631300 ns, Reaching safepoint: 127300 ns, At safepoint: 6100 ns, Total: 133400 ns
[2020-09-10T08:53:42.931+0000][33444][safepoint    ] Safepoint "Cleanup", Time since last: 1000851800 ns, Reaching safepoint: 262600 ns, At safepoint: 9500 ns, Total: 272100 ns
[2020-09-10T08:53:44.931+0000][33444][safepoint    ] Safepoint "Cleanup", Time since last: 1999824500 ns, Reaching safepoint: 222300 ns, At safepoint: 21200 ns, Total: 243500 ns
[2020-09-10T08:53:46.932+0000][33444][safepoint    ] Safepoint "Cleanup", Time since last: 2000600300 ns, Reaching safepoint: 179500 ns, At safepoint: 3600 ns, Total: 183100 ns
[2020-09-10T08:53:47.932+0000][33444][safepoint    ] Safepoint "Cleanup", Time since last: 1000055400 ns, Reaching safepoint: 155600 ns, At safepoint: 10500 ns, Total: 166100 ns
[2020-09-10T08:53:48.933+0000][33444][safepoint    ] Safepoint "Cleanup", Time since last: 1000650600 ns, Reaching safepoint: 124900 ns, At safepoint: 2900 ns, Total: 127800 ns
[2020-09-10T08:53:49.933+0000][33444][safepoint    ] Safepoint "Cleanup", Time since last: 1000159400 ns, Reaching safepoint: 177200 ns, At safepoint: 5600 ns, Total: 182800 ns
[2020-09-10T08:53:50.934+0000][33444][safepoint    ] Safepoint "Cleanup", Time since last: 1000844500 ns, Reaching safepoint: 91900 ns, At safepoint: 2300 ns, Total: 94200 ns
[2020-09-10T08:53:51.935+0000][33444][safepoint    ] Safepoint "Cleanup", Time since last: 1000464300 ns, Reaching safepoint: 157000 ns, At safepoint: 8500 ns, Total: 165500 ns
[2020-09-10T08:53:52.936+0000][33444][safepoint    ] Safepoint "Cleanup", Time since last: 1000711500 ns, Reaching safepoint: 181300 ns, At safepoint: 10200 ns, Total: 191500 ns
[2020-09-10T08:53:53.936+0000][33444][safepoint    ] Safepoint "Cleanup", Time since last: 1000445800 ns, Reaching safepoint: 105700 ns, At safepoint: 3800 ns, Total: 109500 ns
[2020-09-10T08:53:55.937+0000][33444][safepoint    ] Safepoint "Cleanup", Time since last: 2000473800 ns, Reaching safepoint: 269500 ns, At safepoint: 15800 ns, Total: 285300 ns
[2020-09-10T08:53:57.938+0000][33444][safepoint    ] Safepoint "Cleanup", Time since last: 2000589700 ns, Reaching safepoint: 163400 ns, At safepoint: 2300 ns, Total: 165700 ns
[2020-09-10T08:53:58.938+0000][33444][safepoint    ] Safepoint "Cleanup", Time since last: 1000162300 ns, Reaching safepoint: 200900 ns, At safepoint: 6100 ns, Total: 207000 ns
[2020-09-10T08:53:59.939+0000][33444][safepoint    ] Safepoint "Cleanup", Time since last: 1000722600 ns, Reaching safepoint: 113200 ns, At safepoint: 5500 ns, Total: 118700 ns
[2020-09-10T08:54:00.940+0000][33444][safepoint    ] Safepoint "Cleanup", Time since last: 1000635200 ns, Reaching safepoint: 169800 ns, At safepoint: 8100 ns, Total: 177900 ns
[2020-09-10T08:54:01.941+0000][33444][safepoint    ] Safepoint "Cleanup", Time since last: 1000908200 ns, Reaching safepoint: 200500 ns, At safepoint: 16100 ns, Total: 216600 ns
[2020-09-10T08:54:02.941+0000][33444][safepoint    ] Safepoint "Cleanup", Time since last: 1000022900 ns, Reaching safepoint: 240700 ns, At safepoint: 12300 ns, Total: 253000 ns
[2020-09-10T08:54:03.942+0000][33444][safepoint    ] Safepoint "Cleanup", Time since last: 1000361000 ns, Reaching safepoint: 273800 ns, At safepoint: 10900 ns, Total: 284700 ns
[2020-09-10T08:54:05.942+0000][33444][safepoint    ] Safepoint "Cleanup", Time since last: 2000291900 ns, Reaching safepoint: 266300 ns, At safepoint: 17700 ns, Total: 284000 ns
[2020-09-10T08:54:07.631+0000][33444][safepoint    ] Safepoint "Cleanup", Time since last: 1688779300 ns, Reaching safepoint: 278500 ns, At safepoint: 104300 ns, Total: 382800 ns
[2020-09-10T08:54:08.633+0000][33444][safepoint    ] Safepoint "Cleanup", Time since last: 1001320400 ns, Reaching safepoint: 147100 ns, At safepoint: 6300 ns, Total: 153400 ns
[2020-09-10T08:54:09.634+0000][33444][safepoint    ] Safepoint "Cleanup", Time since last: 1000826000 ns, Reaching safepoint: 169200 ns, At safepoint: 6600 ns, Total: 175800 ns
[2020-09-10T08:54:10.634+0000][33444][safepoint    ] Safepoint "Cleanup", Time since last: 1000162700 ns, Reaching safepoint: 137000 ns, At safepoint: 5800 ns, Total: 142800 ns
[2020-09-10T08:54:11.635+0000][33444][safepoint    ] Safepoint "Cleanup", Time since last: 1000486000 ns, Reaching safepoint: 134000 ns, At safepoint: 25800 ns, Total: 159800 ns
[2020-09-10T08:54:12.636+0000][33444][safepoint    ] Safepoint "Cleanup", Time since last: 1000506900 ns, Reaching safepoint: 195900 ns, At safepoint: 8700 ns, Total: 204600 ns
[2020-09-10T08:54:13.636+0000][33444][safepoint    ] Safepoint "Cleanup", Time since last: 1000256200 ns, Reaching safepoint: 169000 ns, At safepoint: 85400 ns, Total: 254400 ns
[2020-09-10T08:54:14.637+0000][33444][safepoint    ] Safepoint "Cleanup", Time since last: 1000293600 ns, Reaching safepoint: 164300 ns, At safepoint: 12800 ns, Total: 177100 ns
[2020-09-10T08:54:15.637+0000][33444][safepoint    ] Safepoint "Cleanup", Time since last: 1000688900 ns, Reaching safepoint: 143100 ns, At safepoint: 3400 ns, Total: 146500 ns
[2020-09-10T08:54:17.638+0000][33444][safepoint    ] Safepoint "Cleanup", Time since last: 2000349900 ns, Reaching safepoint: 138800 ns, At safepoint: 2600 ns, Total: 141400 ns
[2020-09-10T08:54:18.638+0000][33444][safepoint    ] Safepoint "Cleanup", Time since last: 1000033400 ns, Reaching safepoint: 137600 ns, At safepoint: 7300 ns, Total: 144900 ns
[2020-09-10T08:54:19.639+0000][33444][safepoint    ] Safepoint "Cleanup", Time since last: 1000504900 ns, Reaching safepoint: 129300 ns, At safepoint: 2800 ns, Total: 132100 ns
[2020-09-10T08:54:21.640+0000][33444][safepoint    ] Safepoint "Cleanup", Time since last: 2000626400 ns, Reaching safepoint: 138600 ns, At safepoint: 5400 ns, Total: 144000 ns
[2020-09-10T08:54:22.640+0000][33444][safepoint    ] Safepoint "Cleanup", Time since last: 1000002300 ns, Reaching safepoint: 134600 ns, At safepoint: 8700 ns, Total: 143300 ns
[2020-09-10T08:54:23.641+0000][33444][safepoint    ] Safepoint "Cleanup", Time since last: 1000875600 ns, Reaching safepoint: 148800 ns, At safepoint: 11100 ns, Total: 159900 ns
[2020-09-10T08:54:24.641+0000][33444][safepoint    ] Safepoint "Cleanup", Time since last: 1000003900 ns, Reaching safepoint: 151300 ns, At safepoint: 12500 ns, Total: 163800 ns
[2020-09-10T08:54:25.642+0000][33444][safepoint    ] Safepoint "Cleanup", Time since last: 1000502700 ns, Reaching safepoint: 98400 ns, At safepoint: 7100 ns, Total: 105500 ns
[2020-09-10T08:54:26.642+0000][33444][safepoint    ] Safepoint "Cleanup", Time since last: 1000604100 ns, Reaching safepoint: 133700 ns, At safepoint: 6200 ns, Total: 139900 ns
[2020-09-10T08:54:27.643+0000][33444][safepoint    ] Safepoint "Cleanup", Time since last: 1000647200 ns, Reaching safepoint: 165300 ns, At safepoint: 7700 ns, Total: 173000 ns
[2020-09-10T08:54:28.643+0000][33444][safepoint    ] Safepoint "Cleanup", Time since last: 1000039200 ns, Reaching safepoint: 177000 ns, At safepoint: 9900 ns, Total: 186900 ns
[2020-09-10T08:54:29.644+0000][33444][safepoint    ] Safepoint "Cleanup", Time since last: 1000577900 ns, Reaching safepoint: 122500 ns, At safepoint: 5400 ns, Total: 127900 ns
[2020-09-10T08:54:30.645+0000][33444][safepoint    ] Safepoint "Cleanup", Time since last: 1000827600 ns, Reaching safepoint: 127200 ns, At safepoint: 7000 ns, Total: 134200 ns
[2020-09-10T08:54:31.645+0000][33444][safepoint    ] Safepoint "Cleanup", Time since last: 1000326400 ns, Reaching safepoint: 160800 ns, At safepoint: 10100 ns, Total: 170900 ns
[2020-09-10T08:54:32.646+0000][33444][safepoint    ] Safepoint "Cleanup", Time since last: 1000502500 ns, Reaching safepoint: 129600 ns, At safepoint: 6400 ns, Total: 136000 ns
[2020-09-10T08:54:33.646+0000][33444][safepoint    ] Safepoint "Cleanup", Time since last: 1000010800 ns, Reaching safepoint: 182200 ns, At safepoint: 8300 ns, Total: 190500 ns
[2020-09-10T08:54:34.647+0000][33444][safepoint    ] Safepoint "Cleanup", Time since last: 1000350700 ns, Reaching safepoint: 206700 ns, At safepoint: 12600 ns, Total: 219300 ns
[2020-09-10T08:54:35.647+0000][33444][safepoint    ] Safepoint "Cleanup", Time since last: 1000478800 ns, Reaching safepoint: 129900 ns, At safepoint: 4600 ns, Total: 134500 ns
[2020-09-10T08:54:36.648+0000][33444][safepoint    ] Safepoint "Cleanup", Time since last: 1000543200 ns, Reaching safepoint: 162100 ns, At safepoint: 9800 ns, Total: 171900 ns
[2020-09-10T08:54:37.649+0000][33444][safepoint    ] Safepoint "Cleanup", Time since last: 1000271700 ns, Reaching safepoint: 157400 ns, At safepoint: 6400 ns, Total: 163800 ns
[2020-09-10T08:54:38.649+0000][33444][safepoint    ] Safepoint "Cleanup", Time since last: 1000654800 ns, Reaching safepoint: 169800 ns, At safepoint: 6200 ns, Total: 176000 ns
[2020-09-10T08:54:39.650+0000][33444][safepoint    ] Safepoint "Cleanup", Time since last: 1000152100 ns, Reaching safepoint: 185500 ns, At safepoint: 10300 ns, Total: 195800 ns
[2020-09-10T08:54:40.651+0000][33444][safepoint    ] Safepoint "Cleanup", Time since last: 1000824700 ns, Reaching safepoint: 127300 ns, At safepoint: 3700 ns, Total: 131000 ns
[2020-09-10T08:54:41.651+0000][33444][safepoint    ] Safepoint "Cleanup", Time since last: 1000231100 ns, Reaching safepoint: 157900 ns, At safepoint: 4100 ns, Total: 162000 ns
[2020-09-10T08:54:42.651+0000][33444][safepoint    ] Safepoint "Cleanup", Time since last: 1000166900 ns, Reaching safepoint: 152700 ns, At safepoint: 4500 ns, Total: 157200 ns
[2020-09-10T08:54:43.652+0000][33444][safepoint    ] Safepoint "Cleanup", Time since last: 1000812300 ns, Reaching safepoint: 179300 ns, At safepoint: 9500 ns, Total: 188800 ns
[2020-09-10T08:54:44.653+0000][33444][safepoint    ] Safepoint "Cleanup", Time since last: 1000192200 ns, Reaching safepoint: 218700 ns, At safepoint: 14300 ns, Total: 233000 ns
[2020-09-10T08:54:45.654+0000][33444][safepoint    ] Safepoint "Cleanup", Time since last: 1000675900 ns, Reaching safepoint: 163000 ns, At safepoint: 22500 ns, Total: 185500 ns
[2020-09-10T08:54:47.654+0000][33444][safepoint    ] Safepoint "Cleanup", Time since last: 2000610500 ns, Reaching safepoint: 145800 ns, At safepoint: 8200 ns, Total: 154000 ns
[2020-09-10T08:54:48.655+0000][33444][safepoint    ] Safepoint "Cleanup", Time since last: 1000304100 ns, Reaching safepoint: 92800 ns, At safepoint: 2900 ns, Total: 95700 ns
[2020-09-10T08:54:49.655+0000][33444][safepoint    ] Safepoint "Cleanup", Time since last: 1000237600 ns, Reaching safepoint: 161000 ns, At safepoint: 7600 ns, Total: 168600 ns
[2020-09-10T08:54:50.656+0000][33444][safepoint    ] Safepoint "Cleanup", Time since last: 1000589200 ns, Reaching safepoint: 156100 ns, At safepoint: 5500 ns, Total: 161600 ns
[2020-09-10T08:54:51.657+0000][33444][safepoint    ] Safepoint "Cleanup", Time since last: 1000549500 ns, Reaching safepoint: 134500 ns, At safepoint: 3800 ns, Total: 138300 ns
[2020-09-10T08:54:52.658+0000][33444][safepoint    ] Safepoint "Cleanup", Time since last: 1000783400 ns, Reaching safepoint: 234900 ns, At safepoint: 12700 ns, Total: 247600 ns
[2020-09-10T08:54:53.658+0000][33444][safepoint    ] Safepoint "Cleanup", Time since last: 1000218400 ns, Reaching safepoint: 153000 ns, At safepoint: 8000 ns, Total: 161000 ns
[2020-09-10T08:54:55.659+0000][33444][safepoint    ] Safepoint "Cleanup", Time since last: 2000404100 ns, Reaching safepoint: 112300 ns, At safepoint: 6600 ns, Total: 118900 ns
[2020-09-10T08:54:56.659+0000][33444][safepoint    ] Safepoint "Cleanup", Time since last: 1000396200 ns, Reaching safepoint: 146000 ns, At safepoint: 5800 ns, Total: 151800 ns
[2020-09-10T08:54:57.660+0000][33444][safepoint    ] Safepoint "Cleanup", Time since last: 1000519200 ns, Reaching safepoint: 146000 ns, At safepoint: 15200 ns, Total: 161200 ns
[2020-09-10T08:54:58.661+0000][33444][safepoint    ] Safepoint "Cleanup", Time since last: 1000598300 ns, Reaching safepoint: 111500 ns, At safepoint: 15400 ns, Total: 126900 ns
[2020-09-10T08:55:00.661+0000][33444][safepoint    ] Safepoint "Cleanup", Time since last: 1999878100 ns, Reaching safepoint: 121400 ns, At safepoint: 7900 ns, Total: 129300 ns
[2020-09-10T08:55:02.662+0000][33444][safepoint    ] Safepoint "Cleanup", Time since last: 2000956400 ns, Reaching safepoint: 111400 ns, At safepoint: 5800 ns, Total: 117200 ns
[2020-09-10T08:55:04.662+0000][33444][safepoint    ] Safepoint "Cleanup", Time since last: 2000139600 ns, Reaching safepoint: 153000 ns, At safepoint: 5000 ns, Total: 158000 ns
[2020-09-10T08:55:05.662+0000][33444][safepoint    ] Safepoint "Cleanup", Time since last: 1000052900 ns, Reaching safepoint: 141300 ns, At safepoint: 4100 ns, Total: 145400 ns
[2020-09-10T08:55:06.663+0000][33444][safepoint    ] Safepoint "Cleanup", Time since last: 1000207300 ns, Reaching safepoint: 201300 ns, At safepoint: 12600 ns, Total: 213900 ns
[2020-09-10T08:55:07.664+0000][33444][safepoint    ] Safepoint "Cleanup", Time since last: 1000674800 ns, Reaching safepoint: 239700 ns, At safepoint: 12300 ns, Total: 252000 ns
[2020-09-10T08:55:08.664+0000][33444][safepoint    ] Safepoint "Cleanup", Time since last: 1000200800 ns, Reaching safepoint: 127100 ns, At safepoint: 7200 ns, Total: 134300 ns
[2020-09-10T08:55:09.665+0000][33444][safepoint    ] Safepoint "Cleanup", Time since last: 1000200400 ns, Reaching safepoint: 174800 ns, At safepoint: 17900 ns, Total: 192700 ns
[2020-09-10T08:55:10.665+0000][33444][safepoint    ] Safepoint "Cleanup", Time since last: 1000418400 ns, Reaching safepoint: 220000 ns, At safepoint: 4900 ns, Total: 224900 ns
[2020-09-10T08:55:11.666+0000][33444][safepoint    ] Safepoint "Cleanup", Time since last: 1000495900 ns, Reaching safepoint: 386000 ns, At safepoint: 29300 ns, Total: 415300 ns
[2020-09-10T08:55:12.667+0000][33444][safepoint    ] Safepoint "Cleanup", Time since last: 1000290800 ns, Reaching safepoint: 140600 ns, At safepoint: 11200 ns, Total: 151800 ns
[2020-09-10T08:55:13.668+0000][33444][safepoint    ] Safepoint "Cleanup", Time since last: 1000865900 ns, Reaching safepoint: 250300 ns, At safepoint: 10500 ns, Total: 260800 ns
[2020-09-10T08:55:14.669+0000][33444][safepoint    ] Safepoint "Cleanup", Time since last: 1000528100 ns, Reaching safepoint: 141900 ns, At safepoint: 5900 ns, Total: 147800 ns
[2020-09-10T08:55:15.669+0000][33444][safepoint    ] Safepoint "Cleanup", Time since last: 1000377400 ns, Reaching safepoint: 141800 ns, At safepoint: 6000 ns, Total: 147800 ns
[2020-09-10T08:55:16.669+0000][33444][safepoint    ] Safepoint "Cleanup", Time since last: 1000012200 ns, Reaching safepoint: 285300 ns, At safepoint: 15900 ns, Total: 301200 ns
[2020-09-10T08:55:17.670+0000][33444][safepoint    ] Safepoint "Cleanup", Time since last: 1000530600 ns, Reaching safepoint: 354500 ns, At safepoint: 21600 ns, Total: 376100 ns
[2020-09-10T08:55:18.671+0000][33444][safepoint    ] Safepoint "Cleanup", Time since last: 1000740600 ns, Reaching safepoint: 157400 ns, At safepoint: 7600 ns, Total: 165000 ns
[2020-09-10T08:55:19.672+0000][33444][safepoint    ] Safepoint "Cleanup", Time since last: 1000821400 ns, Reaching safepoint: 136200 ns, At safepoint: 6300 ns, Total: 142500 ns
[2020-09-10T08:55:20.673+0000][33444][safepoint    ] Safepoint "Cleanup", Time since last: 1000827800 ns, Reaching safepoint: 123000 ns, At safepoint: 4700 ns, Total: 127700 ns
[2020-09-10T08:55:21.674+0000][33444][safepoint    ] Safepoint "Cleanup", Time since last: 1000861300 ns, Reaching safepoint: 339100 ns, At safepoint: 18700 ns, Total: 357800 ns
[2020-09-10T08:55:22.676+0000][33444][safepoint    ] Safepoint "Cleanup", Time since last: 1000854100 ns, Reaching safepoint: 138700 ns, At safepoint: 3700 ns, Total: 142400 ns
[2020-09-10T08:55:23.676+0000][33444][safepoint    ] Safepoint "Cleanup", Time since last: 1000621000 ns, Reaching safepoint: 172800 ns, At safepoint: 5000 ns, Total: 177800 ns
[2020-09-10T08:55:24.677+0000][33444][safepoint    ] Safepoint "Cleanup", Time since last: 1000248300 ns, Reaching safepoint: 134900 ns, At safepoint: 5400 ns, Total: 140300 ns
[2020-09-10T08:55:25.677+0000][33444][safepoint    ] Safepoint "Cleanup", Time since last: 1000014400 ns, Reaching safepoint: 156500 ns, At safepoint: 5100 ns, Total: 161600 ns
[2020-09-10T08:55:26.678+0000][33444][safepoint    ] Safepoint "Cleanup", Time since last: 1000464600 ns, Reaching safepoint: 136600 ns, At safepoint: 3800 ns, Total: 140400 ns
[2020-09-10T08:55:27.678+0000][33444][safepoint    ] Safepoint "Cleanup", Time since last: 1000021600 ns, Reaching safepoint: 194900 ns, At safepoint: 16700 ns, Total: 211600 ns
[2020-09-10T08:55:28.679+0000][33444][safepoint    ] Safepoint "Cleanup", Time since last: 1000765700 ns, Reaching safepoint: 111900 ns, At safepoint: 6900 ns, Total: 118800 ns
[2020-09-10T08:55:29.680+0000][33444][safepoint    ] Safepoint "Cleanup", Time since last: 1000716000 ns, Reaching safepoint: 172800 ns, At safepoint: 9800 ns, Total: 182600 ns
[2020-09-10T08:55:31.681+0000][33444][safepoint    ] Safepoint "Cleanup", Time since last: 2000964300 ns, Reaching safepoint: 107100 ns, At safepoint: 3000 ns, Total: 110100 ns
[2020-09-10T08:55:32.681+0000][33444][safepoint    ] Safepoint "Cleanup", Time since last: 1000026200 ns, Reaching safepoint: 322300 ns, At safepoint: 21400 ns, Total: 343700 ns
[2020-09-10T08:55:34.682+0000][33444][safepoint    ] Safepoint "Cleanup", Time since last: 2000504800 ns, Reaching safepoint: 408600 ns, At safepoint: 23700 ns, Total: 432300 ns
[2020-09-10T08:55:36.683+0000][33444][safepoint    ] Safepoint "Cleanup", Time since last: 2000294800 ns, Reaching safepoint: 397100 ns, At safepoint: 29000 ns, Total: 426100 ns
[2020-09-10T08:55:37.684+0000][33444][safepoint    ] Safepoint "Cleanup", Time since last: 1001112500 ns, Reaching safepoint: 145700 ns, At safepoint: 6900 ns, Total: 152600 ns
[2020-09-10T08:55:38.685+0000][33444][safepoint    ] Safepoint "Cleanup", Time since last: 1000233500 ns, Reaching safepoint: 230000 ns, At safepoint: 7200 ns, Total: 237200 ns
[2020-09-10T08:55:39.685+0000][33444][safepoint    ] Safepoint "Cleanup", Time since last: 1000199300 ns, Reaching safepoint: 463200 ns, At safepoint: 23700 ns, Total: 486900 ns
[2020-09-10T08:55:41.686+0000][33444][safepoint    ] Safepoint "Cleanup", Time since last: 1999963300 ns, Reaching safepoint: 387600 ns, At safepoint: 24700 ns, Total: 412300 ns
[2020-09-10T08:55:42.687+0000][33444][safepoint    ] Safepoint "Cleanup", Time since last: 1001178200 ns, Reaching safepoint: 249100 ns, At safepoint: 18900 ns, Total: 268000 ns
[2020-09-10T08:55:43.689+0000][33444][safepoint    ] Safepoint "Cleanup", Time since last: 1000567100 ns, Reaching safepoint: 562600 ns, At safepoint: 29300 ns, Total: 591900 ns
[2020-09-10T08:55:44.689+0000][33444][safepoint    ] Safepoint "Cleanup", Time since last: 1000288900 ns, Reaching safepoint: 418800 ns, At safepoint: 28500 ns, Total: 447300 ns
[2020-09-10T08:55:45.690+0000][33444][safepoint    ] Safepoint "Cleanup", Time since last: 1000779500 ns, Reaching safepoint: 127800 ns, At safepoint: 2600 ns, Total: 130400 ns
[2020-09-10T08:55:46.691+0000][33444][safepoint    ] Safepoint "Cleanup", Time since last: 1000735600 ns, Reaching safepoint: 149300 ns, At safepoint: 5200 ns, Total: 154500 ns
[2020-09-10T08:55:47.692+0000][33444][safepoint    ] Safepoint "Cleanup", Time since last: 1000669400 ns, Reaching safepoint: 152400 ns, At safepoint: 5400 ns, Total: 157800 ns
[2020-09-10T08:55:47.977+0000][33444][gc,start     ] GC(19) Pause Young (Normal) (G1 Evacuation Pause)
[2020-09-10T08:55:47.977+0000][33444][gc,task      ] GC(19) Using 8 workers of 8 for evacuation
[2020-09-10T08:55:47.978+0000][33444][gc,age       ] GC(19) Desired survivor size 33554432 bytes, new threshold 15 (max threshold 15)
[2020-09-10T08:55:48.005+0000][33444][gc,age       ] GC(19) Age table with threshold 15 (max threshold 15)
[2020-09-10T08:55:48.006+0000][33444][gc,age       ] GC(19) - age   1:      20296 bytes,      20296 total
[2020-09-10T08:55:48.006+0000][33444][gc,age       ] GC(19) - age   2:     449480 bytes,     469776 total
[2020-09-10T08:55:48.006+0000][33444][gc,age       ] GC(19) - age   3:     268088 bytes,     737864 total
[2020-09-10T08:55:48.006+0000][33444][gc,age       ] GC(19) - age   4:       4640 bytes,     742504 total
[2020-09-10T08:55:48.006+0000][33444][gc,age       ] GC(19) - age   5:    3335520 bytes,    4078024 total
[2020-09-10T08:55:48.006+0000][33444][gc,age       ] GC(19) - age   6:   10330000 bytes,   14408024 total
[2020-09-10T08:55:48.006+0000][33444][gc,age       ] GC(19) - age   7:    7848848 bytes,   22256872 total
[2020-09-10T08:55:48.006+0000][33444][gc,phases    ] GC(19)   Pre Evacuate Collection Set: 0.4ms
[2020-09-10T08:55:48.006+0000][33444][gc,phases    ] GC(19)   Merge Heap Roots: 0.4ms
[2020-09-10T08:55:48.006+0000][33444][gc,phases    ] GC(19)   Evacuate Collection Set: 24.2ms
[2020-09-10T08:55:48.006+0000][33444][gc,phases    ] GC(19)   Post Evacuate Collection Set: 2.6ms
[2020-09-10T08:55:48.006+0000][33444][gc,phases    ] GC(19)   Other: 1.1ms
[2020-09-10T08:55:48.006+0000][33444][gc,heap      ] GC(19) Eden regions: 482->0(491)
[2020-09-10T08:55:48.006+0000][33444][gc,heap      ] GC(19) Survivor regions: 25->23(64)
[2020-09-10T08:55:48.006+0000][33444][gc,heap      ] GC(19) Old regions: 50->50
[2020-09-10T08:55:48.006+0000][33444][gc,heap      ] GC(19) Archive regions: 0->0
[2020-09-10T08:55:48.006+0000][33444][gc,heap      ] GC(19) Humongous regions: 174->174
[2020-09-10T08:55:48.006+0000][33444][gc,metaspace ] GC(19) Metaspace: 81555K(87552K)->81555K(87552K) NonClass: 70680K(74240K)->70680K(74240K) Class: 10874K(13312K)->10874K(13312K)
[2020-09-10T08:55:48.006+0000][33444][gc           ] GC(19) Pause Young (Normal) (G1 Evacuation Pause) 730M->246M(1024M) 28.685ms
[2020-09-10T08:55:48.006+0000][33444][gc,cpu       ] GC(19) User=0.11s Sys=0.02s Real=0.03s
[2020-09-10T08:55:48.006+0000][33444][safepoint    ] Safepoint "G1CollectForAllocation", Time since last: 284229000 ns, Reaching safepoint: 591100 ns, At safepoint: 29032600 ns, Total: 29623700 ns
[2020-09-10T08:55:50.007+0000][33444][safepoint    ] Safepoint "Cleanup", Time since last: 2000253600 ns, Reaching safepoint: 365600 ns, At safepoint: 31100 ns, Total: 396700 ns
[2020-09-10T08:55:51.008+0000][33444][safepoint    ] Safepoint "Cleanup", Time since last: 1001345200 ns, Reaching safepoint: 410300 ns, At safepoint: 27800 ns, Total: 438100 ns
[2020-09-10T08:55:52.009+0000][33444][safepoint    ] Safepoint "Cleanup", Time since last: 1000570200 ns, Reaching safepoint: 365900 ns, At safepoint: 14600 ns, Total: 380500 ns
[2020-09-10T08:55:54.010+0000][33444][safepoint    ] Safepoint "Cleanup", Time since last: 1999935000 ns, Reaching safepoint: 390800 ns, At safepoint: 12000 ns, Total: 402800 ns
[2020-09-10T08:55:56.010+0000][33444][safepoint    ] Safepoint "Cleanup", Time since last: 1999886500 ns, Reaching safepoint: 387700 ns, At safepoint: 13100 ns, Total: 400800 ns
[2020-09-10T08:55:57.011+0000][33444][safepoint    ] Safepoint "Cleanup", Time since last: 1000942700 ns, Reaching safepoint: 142200 ns, At safepoint: 5700 ns, Total: 147900 ns
[2020-09-10T08:55:58.012+0000][33444][safepoint    ] Safepoint "Cleanup", Time since last: 1000225000 ns, Reaching safepoint: 401100 ns, At safepoint: 28900 ns, Total: 430000 ns
[2020-09-10T08:55:59.013+0000][33444][safepoint    ] Safepoint "Cleanup", Time since last: 1000294300 ns, Reaching safepoint: 170500 ns, At safepoint: 5100 ns, Total: 175600 ns
[2020-09-10T08:56:00.014+0000][33444][safepoint    ] Safepoint "Cleanup", Time since last: 1000626200 ns, Reaching safepoint: 158900 ns, At safepoint: 4800 ns, Total: 163700 ns
[2020-09-10T08:56:01.014+0000][33444][safepoint    ] Safepoint "Cleanup", Time since last: 1000437300 ns, Reaching safepoint: 89200 ns, At safepoint: 2200 ns, Total: 91400 ns
[2020-09-10T08:56:02.015+0000][33444][safepoint    ] Safepoint "Cleanup", Time since last: 1000732400 ns, Reaching safepoint: 89900 ns, At safepoint: 2200 ns, Total: 92100 ns
[2020-09-10T08:56:03.016+0000][33444][safepoint    ] Safepoint "Cleanup", Time since last: 1000933200 ns, Reaching safepoint: 413400 ns, At safepoint: 80300 ns, Total: 493700 ns
[2020-09-10T08:58:04.708+0000][33444][safepoint    ] Safepoint "Cleanup", Time since last: 121687521600 ns, Reaching safepoint: 201100 ns, At safepoint: 11800 ns, Total: 212900 ns
[2020-09-10T08:58:37.722+0000][33444][safepoint    ] Safepoint "Cleanup", Time since last: 33012600300 ns, Reaching safepoint: 364500 ns, At safepoint: 21400 ns, Total: 385900 ns
[2020-09-10T08:59:07.738+0000][33444][safepoint    ] Safepoint "Cleanup", Time since last: 30014804700 ns, Reaching safepoint: 114600 ns, At safepoint: 5300 ns, Total: 119900 ns
[2020-09-10T08:59:43.758+0000][33444][safepoint    ] Safepoint "Cleanup", Time since last: 36018538600 ns, Reaching safepoint: 424000 ns, At safepoint: 27000 ns, Total: 451000 ns
[2020-09-10T09:02:07.838+0000][33444][safepoint    ] Safepoint "Cleanup", Time since last: 144076091100 ns, Reaching safepoint: 459100 ns, At safepoint: 29200 ns, Total: 488300 ns
[2020-09-10T09:03:41.882+0000][33444][safepoint    ] Safepoint "Cleanup", Time since last: 94041846900 ns, Reaching safepoint: 404400 ns, At safepoint: 26500 ns, Total: 430900 ns
[2020-09-10T09:04:03.897+0000][33444][safepoint    ] Safepoint "Cleanup", Time since last: 22013925700 ns, Reaching safepoint: 145200 ns, At safepoint: 5500 ns, Total: 150700 ns
[2020-09-10T09:04:07.898+0000][33444][safepoint    ] Safepoint "Cleanup", Time since last: 4000770000 ns, Reaching safepoint: 165600 ns, At safepoint: 12200 ns, Total: 177800 ns
[2020-09-10T09:13:24.230+0000][33444][safepoint    ] Safepoint "Cleanup", Time since last: 556317380300 ns, Reaching safepoint: 223700 ns, At safepoint: 6200 ns, Total: 229900 ns
[2020-09-10T09:19:38.431+0000][33444][safepoint    ] Safepoint "Cleanup", Time since last: 374189838000 ns, Reaching safepoint: 200200 ns, At safepoint: 6500 ns, Total: 206700 ns
[2020-09-10T09:25:38.617+0000][33444][safepoint    ] Safepoint "Cleanup", Time since last: 360179384600 ns, Reaching safepoint: 518600 ns, At safepoint: 34000 ns, Total: 552600 ns
[2020-09-10T09:26:08.632+0000][33444][safepoint    ] Safepoint "Cleanup", Time since last: 30014744600 ns, Reaching safepoint: 111200 ns, At safepoint: 7800 ns, Total: 119000 ns
[2020-09-10T09:28:12.708+0000][33444][safepoint    ] Safepoint "Cleanup", Time since last: 124074278900 ns, Reaching safepoint: 331400 ns, At safepoint: 14100 ns, Total: 345500 ns
[2020-09-10T09:30:13.195+0000][33444][gc,start     ] GC(20) Pause Young (Normal) (G1 Evacuation Pause)
[2020-09-10T09:30:13.195+0000][33444][gc,task      ] GC(20) Using 8 workers of 8 for evacuation
[2020-09-10T09:30:13.195+0000][33444][gc,age       ] GC(20) Desired survivor size 34078720 bytes, new threshold 15 (max threshold 15)
[2020-09-10T09:30:13.226+0000][33444][gc,age       ] GC(20) Age table with threshold 15 (max threshold 15)
[2020-09-10T09:30:13.226+0000][33444][gc,age       ] GC(20) - age   1:      17576 bytes,      17576 total
[2020-09-10T09:30:13.226+0000][33444][gc,age       ] GC(20) - age   2:       8800 bytes,      26376 total
[2020-09-10T09:30:13.226+0000][33444][gc,age       ] GC(20) - age   3:     449480 bytes,     475856 total
[2020-09-10T09:30:13.226+0000][33444][gc,age       ] GC(20) - age   4:     268088 bytes,     743944 total
[2020-09-10T09:30:13.226+0000][33444][gc,age       ] GC(20) - age   5:       4640 bytes,     748584 total
[2020-09-10T09:30:13.226+0000][33444][gc,age       ] GC(20) - age   6:    3335520 bytes,    4084104 total
[2020-09-10T09:30:13.226+0000][33444][gc,age       ] GC(20) - age   7:   10330000 bytes,   14414104 total
[2020-09-10T09:30:13.226+0000][33444][gc,age       ] GC(20) - age   8:    7848848 bytes,   22262952 total
[2020-09-10T09:30:13.226+0000][33444][gc,phases    ] GC(20)   Pre Evacuate Collection Set: 7.7ms
[2020-09-10T09:30:13.226+0000][33444][gc,phases    ] GC(20)   Merge Heap Roots: 0.4ms
[2020-09-10T09:30:13.226+0000][33444][gc,phases    ] GC(20)   Evacuate Collection Set: 20.5ms
[2020-09-10T09:30:13.226+0000][33444][gc,phases    ] GC(20)   Post Evacuate Collection Set: 1.8ms
[2020-09-10T09:30:13.226+0000][33444][gc,phases    ] GC(20)   Other: 0.8ms
[2020-09-10T09:30:13.226+0000][33444][gc,heap      ] GC(20) Eden regions: 491->0(497)
[2020-09-10T09:30:13.226+0000][33444][gc,heap      ] GC(20) Survivor regions: 23->23(65)
[2020-09-10T09:30:13.226+0000][33444][gc,heap      ] GC(20) Old regions: 50->50
[2020-09-10T09:30:13.226+0000][33444][gc,heap      ] GC(20) Archive regions: 0->0
[2020-09-10T09:30:13.226+0000][33444][gc,heap      ] GC(20) Humongous regions: 174->174
[2020-09-10T09:30:13.226+0000][33444][gc,metaspace ] GC(20) Metaspace: 81608K(87552K)->81608K(87552K) NonClass: 70733K(74240K)->70733K(74240K) Class: 10874K(13312K)->10874K(13312K)
[2020-09-10T09:30:13.226+0000][33444][gc           ] GC(20) Pause Young (Normal) (G1 Evacuation Pause) 737M->246M(1024M) 31.361ms
[2020-09-10T09:30:13.226+0000][33444][gc,cpu       ] GC(20) User=0.11s Sys=0.00s Real=0.03s
[2020-09-10T09:30:13.227+0000][33444][safepoint    ] Safepoint "G1CollectForAllocation", Time since last: 120485223600 ns, Reaching safepoint: 108700 ns, At safepoint: 31672100 ns, Total: 31780800 ns
[2020-09-10T09:36:42.419+0000][33444][safepoint    ] Safepoint "Cleanup", Time since last: 389188686500 ns, Reaching safepoint: 212900 ns, At safepoint: 12500 ns, Total: 225400 ns
[2020-09-10T09:36:54.426+0000][33444][safepoint    ] Safepoint "Cleanup", Time since last: 12006118600 ns, Reaching safepoint: 111400 ns, At safepoint: 7000 ns, Total: 118400 ns
[2020-09-10T09:37:12.433+0000][33444][safepoint    ] Safepoint "Cleanup", Time since last: 18007571500 ns, Reaching safepoint: 101300 ns, At safepoint: 6100 ns, Total: 107400 ns
[2020-09-10T09:37:54.457+0000][33444][safepoint    ] Safepoint "Cleanup", Time since last: 42023511700 ns, Reaching safepoint: 137500 ns, At safepoint: 5100 ns, Total: 142600 ns
[2020-09-10T09:46:08.710+0000][33444][safepoint    ] Safepoint "Cleanup", Time since last: 494250179700 ns, Reaching safepoint: 128100 ns, At safepoint: 8000 ns, Total: 136100 ns
[2020-09-10T09:50:38.852+0000][33444][safepoint    ] Safepoint "Cleanup", Time since last: 270140546300 ns, Reaching safepoint: 187400 ns, At safepoint: 8800 ns, Total: 196200 ns
[2020-09-10T09:52:38.913+0000][33444][safepoint    ] Safepoint "Cleanup", Time since last: 120061253000 ns, Reaching safepoint: 199600 ns, At safepoint: 5400 ns, Total: 205000 ns
[2020-09-10T09:57:12.058+0000][33444][safepoint    ] Safepoint "Cleanup", Time since last: 273144360700 ns, Reaching safepoint: 189100 ns, At safepoint: 6300 ns, Total: 195400 ns
[2020-09-10T09:59:09.116+0000][33444][safepoint    ] Safepoint "Cleanup", Time since last: 117057738800 ns, Reaching safepoint: 160200 ns, At safepoint: 5300 ns, Total: 165500 ns
[2020-09-10T09:59:12.118+0000][33444][safepoint    ] Safepoint "Cleanup", Time since last: 3001795500 ns, Reaching safepoint: 137300 ns, At safepoint: 9600 ns, Total: 146900 ns
[2020-09-10T10:05:10.893+0000][33444][gc,start     ] GC(21) Pause Young (Normal) (G1 Evacuation Pause)
[2020-09-10T10:05:10.894+0000][33444][gc,task      ] GC(21) Using 8 workers of 8 for evacuation
[2020-09-10T10:05:10.894+0000][33444][gc,age       ] GC(21) Desired survivor size 34078720 bytes, new threshold 15 (max threshold 15)
[2020-09-10T10:05:10.944+0000][33444][gc,age       ] GC(21) Age table with threshold 15 (max threshold 15)
[2020-09-10T10:05:10.944+0000][33444][gc,age       ] GC(21) - age   1:      17008 bytes,      17008 total
[2020-09-10T10:05:10.944+0000][33444][gc,age       ] GC(21) - age   2:       6104 bytes,      23112 total
[2020-09-10T10:05:10.944+0000][33444][gc,age       ] GC(21) - age   3:       8800 bytes,      31912 total
[2020-09-10T10:05:10.944+0000][33444][gc,age       ] GC(21) - age   4:     449480 bytes,     481392 total
[2020-09-10T10:05:10.944+0000][33444][gc,age       ] GC(21) - age   5:     268088 bytes,     749480 total
[2020-09-10T10:05:10.944+0000][33444][gc,age       ] GC(21) - age   6:       4640 bytes,     754120 total
[2020-09-10T10:05:10.945+0000][33444][gc,age       ] GC(21) - age   7:    3335432 bytes,    4089552 total
[2020-09-10T10:05:10.945+0000][33444][gc,age       ] GC(21) - age   8:   10330000 bytes,   14419552 total
[2020-09-10T10:05:10.945+0000][33444][gc,age       ] GC(21) - age   9:    7848848 bytes,   22268400 total
[2020-09-10T10:05:10.945+0000][33444][gc,phases    ] GC(21)   Pre Evacuate Collection Set: 1.1ms
[2020-09-10T10:05:10.945+0000][33444][gc,phases    ] GC(21)   Merge Heap Roots: 0.5ms
[2020-09-10T10:05:10.945+0000][33444][gc,phases    ] GC(21)   Evacuate Collection Set: 43.0ms
[2020-09-10T10:05:10.945+0000][33444][gc,phases    ] GC(21)   Post Evacuate Collection Set: 4.8ms
[2020-09-10T10:05:10.945+0000][33444][gc,phases    ] GC(21)   Other: 3.4ms
[2020-09-10T10:05:10.945+0000][33444][gc,heap      ] GC(21) Eden regions: 497->0(496)
[2020-09-10T10:05:10.945+0000][33444][gc,heap      ] GC(21) Survivor regions: 23->24(65)
[2020-09-10T10:05:10.945+0000][33444][gc,heap      ] GC(21) Old regions: 50->50
[2020-09-10T10:05:10.945+0000][33444][gc,heap      ] GC(21) Archive regions: 0->0
[2020-09-10T10:05:10.945+0000][33444][gc,heap      ] GC(21) Humongous regions: 174->174
[2020-09-10T10:05:10.945+0000][33444][gc,metaspace ] GC(21) Metaspace: 81642K(87552K)->81642K(87552K) NonClass: 70767K(74240K)->70767K(74240K) Class: 10875K(13312K)->10875K(13312K)
[2020-09-10T10:05:10.945+0000][33444][gc           ] GC(21) Pause Young (Normal) (G1 Evacuation Pause) 743M->247M(1024M) 51.997ms
[2020-09-10T10:05:10.945+0000][33444][gc,cpu       ] GC(21) User=0.11s Sys=0.13s Real=0.05s
[2020-09-10T10:05:10.945+0000][33444][safepoint    ] Safepoint "G1CollectForAllocation", Time since last: 358761088800 ns, Reaching safepoint: 12318700 ns, At safepoint: 53301900 ns, Total: 65620600 ns
[2020-09-10T10:12:42.142+0000][33444][safepoint    ] Safepoint "Cleanup", Time since last: 451192995500 ns, Reaching safepoint: 3135100 ns, At safepoint: 62500 ns, Total: 3197600 ns
[2020-09-10T10:40:10.964+0000][33444][gc,start     ] GC(22) Pause Young (Normal) (G1 Evacuation Pause)
[2020-09-10T10:40:10.964+0000][33444][gc,task      ] GC(22) Using 8 workers of 8 for evacuation
[2020-09-10T10:40:10.964+0000][33444][gc,age       ] GC(22) Desired survivor size 34078720 bytes, new threshold 15 (max threshold 15)
[2020-09-10T10:40:10.990+0000][33444][gc,age       ] GC(22) Age table with threshold 15 (max threshold 15)
[2020-09-10T10:40:10.990+0000][33444][gc,age       ] GC(22) - age   1:      14112 bytes,      14112 total
[2020-09-10T10:40:10.990+0000][33444][gc,age       ] GC(22) - age   2:       3328 bytes,      17440 total
[2020-09-10T10:40:10.991+0000][33444][gc,age       ] GC(22) - age   3:       6104 bytes,      23544 total
[2020-09-10T10:40:10.991+0000][33444][gc,age       ] GC(22) - age   4:       8800 bytes,      32344 total
[2020-09-10T10:40:10.991+0000][33444][gc,age       ] GC(22) - age   5:     449480 bytes,     481824 total
[2020-09-10T10:40:10.991+0000][33444][gc,age       ] GC(22) - age   6:     268088 bytes,     749912 total
[2020-09-10T10:40:10.991+0000][33444][gc,age       ] GC(22) - age   7:       4640 bytes,     754552 total
[2020-09-10T10:40:10.991+0000][33444][gc,age       ] GC(22) - age   8:    3335432 bytes,    4089984 total
[2020-09-10T10:40:10.991+0000][33444][gc,age       ] GC(22) - age   9:   10330000 bytes,   14419984 total
[2020-09-10T10:40:10.991+0000][33444][gc,age       ] GC(22) - age  10:    7848848 bytes,   22268832 total
[2020-09-10T10:40:10.991+0000][33444][gc,phases    ] GC(22)   Pre Evacuate Collection Set: 0.2ms
[2020-09-10T10:40:10.991+0000][33444][gc,phases    ] GC(22)   Merge Heap Roots: 0.1ms
[2020-09-10T10:40:10.991+0000][33444][gc,phases    ] GC(22)   Evacuate Collection Set: 22.3ms
[2020-09-10T10:40:10.991+0000][33444][gc,phases    ] GC(22)   Post Evacuate Collection Set: 2.6ms
[2020-09-10T10:40:10.991+0000][33444][gc,phases    ] GC(22)   Other: 1.5ms
[2020-09-10T10:40:10.991+0000][33444][gc,heap      ] GC(22) Eden regions: 496->0(496)
[2020-09-10T10:40:10.991+0000][33444][gc,heap      ] GC(22) Survivor regions: 24->24(65)
[2020-09-10T10:40:10.991+0000][33444][gc,heap      ] GC(22) Old regions: 50->50
[2020-09-10T10:40:10.991+0000][33444][gc,heap      ] GC(22) Archive regions: 0->0
[2020-09-10T10:40:10.991+0000][33444][gc,heap      ] GC(22) Humongous regions: 174->174
[2020-09-10T10:40:10.991+0000][33444][gc,metaspace ] GC(22) Metaspace: 81643K(87552K)->81643K(87552K) NonClass: 70767K(74240K)->70767K(74240K) Class: 10875K(13312K)->10875K(13312K)
[2020-09-10T10:40:10.991+0000][33444][gc           ] GC(22) Pause Young (Normal) (G1 Evacuation Pause) 743M->247M(1024M) 27.042ms
[2020-09-10T10:40:10.991+0000][33444][gc,cpu       ] GC(22) User=0.08s Sys=0.06s Real=0.03s
[2020-09-10T10:40:10.991+0000][33444][safepoint    ] Safepoint "G1CollectForAllocation", Time since last: 1648819909300 ns, Reaching safepoint: 1136700 ns, At safepoint: 27246600 ns, Total: 28383300 ns
[2020-09-10T10:45:39.148+0000][33444][safepoint    ] Safepoint "Cleanup", Time since last: 328156838900 ns, Reaching safepoint: 173500 ns, At safepoint: 6500 ns, Total: 180000 ns
[2020-09-10T10:54:39.422+0000][33444][safepoint    ] Safepoint "Cleanup", Time since last: 540273653800 ns, Reaching safepoint: 341400 ns, At safepoint: 19000 ns, Total: 360400 ns
[2020-09-10T10:55:39.453+0000][33444][safepoint    ] Safepoint "Cleanup", Time since last: 60030157900 ns, Reaching safepoint: 114500 ns, At safepoint: 5700 ns, Total: 120200 ns
[2020-09-10T11:08:23.362+0000][33444][safepoint    ] Safepoint "Cleanup", Time since last: 763908425800 ns, Reaching safepoint: 300000 ns, At safepoint: 7600 ns, Total: 307600 ns
[2020-09-10T11:08:23.424+0000][33444][safepoint    ] Safepoint "BulkRevokeBias", Time since last: 53973000 ns, Reaching safepoint: 3157700 ns, At safepoint: 5755900 ns, Total: 8913600 ns
[2020-09-10T11:08:23.762+0000][33444][safepoint    ] Safepoint "BulkRevokeBias", Time since last: 336938600 ns, Reaching safepoint: 112000 ns, At safepoint: 653400 ns, Total: 765400 ns
[2020-09-10T11:08:23.775+0000][33444][safepoint    ] Safepoint "BulkRevokeBias", Time since last: 12303500 ns, Reaching safepoint: 119600 ns, At safepoint: 660800 ns, Total: 780400 ns
[2020-09-10T11:08:23.776+0000][33444][safepoint    ] Safepoint "BulkRevokeBias", Time since last: 144000 ns, Reaching safepoint: 63300 ns, At safepoint: 697100 ns, Total: 760400 ns
[2020-09-10T11:08:23.778+0000][33444][safepoint    ] Safepoint "BulkRevokeBias", Time since last: 736700 ns, Reaching safepoint: 541700 ns, At safepoint: 868300 ns, Total: 1410000 ns
[2020-09-10T11:08:23.780+0000][33444][safepoint    ] Safepoint "BulkRevokeBias", Time since last: 1162800 ns, Reaching safepoint: 100000 ns, At safepoint: 701600 ns, Total: 801600 ns
[2020-09-10T11:08:23.782+0000][33444][safepoint    ] Safepoint "BulkRevokeBias", Time since last: 630200 ns, Reaching safepoint: 509200 ns, At safepoint: 664300 ns, Total: 1173500 ns
[2020-09-10T11:08:23.784+0000][33444][safepoint    ] Safepoint "BulkRevokeBias", Time since last: 1137200 ns, Reaching safepoint: 152400 ns, At safepoint: 680300 ns, Total: 832700 ns
[2020-09-10T11:08:23.789+0000][33444][safepoint    ] Safepoint "BulkRevokeBias", Time since last: 4328200 ns, Reaching safepoint: 123800 ns, At safepoint: 867200 ns, Total: 991000 ns
